Command line invocation:
    /Applications/Xcode.app/Contents/Developer/usr/bin/xcodebuild -project FinancialCalculatorKit.xcodeproj -scheme FinancialCalculatorKit -configuration Debug clean build

Resolve Package Graph


Resolved source packages:
  SwiftDraw: https://github.com/swhitty/SwiftDraw @ 0.22.0
  HTMLEntities: https://github.com/Kitura/swift-html-entities @ 4.0.1
  LaTeXSwiftUI: https://github.com/colinc86/LaTeXSwiftUI @ main (c45e0fd)
  UInt128: https://github.com/mgriebling/UInt128.git @ 3.2.0
  swift-case-paths: https://github.com/pointfreeco/swift-case-paths @ 1.7.0
  swift-numerics: https://github.com/apple/swift-numerics @ 1.0.3
  swift-math-parser: https://github.com/bradhowes/swift-math-parser @ 3.7.3
  BigDecimal: https://github.com/mgriebling/BigDecimal.git @ 3.0.2
  swift-parsing: https://github.com/pointfreeco/swift-parsing @ 0.14.1
  xctest-dynamic-overlay: https://github.com/pointfreeco/xctest-dynamic-overlay @ 1.5.2
  ExpressionParser: https://github.com/mgriebling/ExpressionParser @ 0.1.1
  MathJaxSwift: https://github.com/colinc86/MathJaxSwift.git @ main (e23d6ea)
  BigInt: https://github.com/mgriebling/BigInt.git @ 2.3.0
  swift-syntax: https://github.com/swiftlang/swift-syntax @ 601.0.1

--- xcodebuild: WARNING: Using the first of multiple matching destinations:
{ platform:macOS, arch:arm64, id:00006041-001C105C34B8801C, name:My Mac }
{ platform:macOS, arch:x86_64, id:00006041-001C105C34B8801C, name:My Mac }
{ platform:macOS, name:Any Mac }
CreateBuildRequest

SendProjectDescription

CreateBuildOperation

note: Writing build operation event stream to file: /Users/rogerlin/Library/Developer/Xcode/DerivedData/FinancialCalculatorKit-ackorybalcxbfocbkqsfdzcfkgmn/Build/Intermediates.noindex/XCBuildData/events/45C68A6E-B70E-47A5-BDB9-9DE5E530F92A.txt
note: Using build service at: /Applications/Xcode.app/Contents/SharedFrameworks/SwiftBuild.framework/Versions/A/PlugIns/SWBBuildService.bundle/Contents/MacOS/SWBBuildService (PID 13692)
note: Deleted build folder: /Users/rogerlin/Library/Developer/Xcode/DerivedData/FinancialCalculatorKit-ackorybalcxbfocbkqsfdzcfkgmn/Build/Products
note: Deleted build folder: /Users/rogerlin/Library/Developer/Xcode/DerivedData/FinancialCalculatorKit-ackorybalcxbfocbkqsfdzcfkgmn/Build/Intermediates.noindex/SwiftExplicitPrecompiledModules
note: Deleted build folder: /Users/rogerlin/Library/Developer/Xcode/DerivedData/FinancialCalculatorKit-ackorybalcxbfocbkqsfdzcfkgmn/Build/Intermediates.noindex
** CLEAN SUCCEEDED **

--- xcodebuild: WARNING: Using the first of multiple matching destinations:
{ platform:macOS, arch:arm64, id:00006041-001C105C34B8801C, name:My Mac }
{ platform:macOS, arch:x86_64, id:00006041-001C105C34B8801C, name:My Mac }
{ platform:macOS, name:Any Mac }
ComputePackagePrebuildTargetDependencyGraph

Prepare packages

CreateBuildRequest

SendProjectDescription

CreateBuildOperation

note: Writing build operation event stream to file: /Users/rogerlin/Library/Developer/Xcode/DerivedData/FinancialCalculatorKit-ackorybalcxbfocbkqsfdzcfkgmn/Build/Intermediates.noindex/XCBuildData/events/072811AB-20EA-4033-B428-DB69DD28147C.txt
ComputeTargetDependencyGraph
note: Building targets in dependency order
note: Target dependency graph (38 targets)
    Target 'FinancialCalculatorKit' in project 'FinancialCalculatorKit'
        ➜ Explicit dependency on target 'ExpressionParser' in project 'ExpressionParser'
        ➜ Explicit dependency on target 'ComplexModule' in project 'swift-numerics'
        ➜ Explicit dependency on target 'Numerics' in project 'swift-numerics'
        ➜ Explicit dependency on target 'MathJaxSwift' in project 'MathJaxSwift'
        ➜ Explicit dependency on target 'RealModule' in project 'swift-numerics'
        ➜ Explicit dependency on target 'MathParser' in project 'swift-math-parser'
        ➜ Explicit dependency on target 'LaTeXSwiftUI' in project 'LaTeXSwiftUI'
    Target 'LaTeXSwiftUI' in project 'LaTeXSwiftUI'
        ➜ Explicit dependency on target 'LaTeXSwiftUI' in project 'LaTeXSwiftUI'
        ➜ Explicit dependency on target 'MathJaxSwift' in project 'MathJaxSwift'
        ➜ Explicit dependency on target 'SwiftDraw' in project 'SwiftDraw'
        ➜ Explicit dependency on target 'HTMLEntities' in project 'HTMLEntities'
    Target 'LaTeXSwiftUI' in project 'LaTeXSwiftUI'
        ➜ Explicit dependency on target 'MathJaxSwift' in project 'MathJaxSwift'
        ➜ Explicit dependency on target 'SwiftDraw' in project 'SwiftDraw'
        ➜ Explicit dependency on target 'HTMLEntities' in project 'HTMLEntities'
    Target 'HTMLEntities' in project 'HTMLEntities'
        ➜ Explicit dependency on target 'HTMLEntities' in project 'HTMLEntities'
    Target 'HTMLEntities' in project 'HTMLEntities' (no dependencies)
    Target 'SwiftDraw' in project 'SwiftDraw'
        ➜ Explicit dependency on target 'SwiftDraw' in project 'SwiftDraw'
        ➜ Explicit dependency on target 'SwiftDrawDOM' in project 'SwiftDraw'
    Target 'SwiftDraw' in project 'SwiftDraw'
        ➜ Explicit dependency on target 'SwiftDrawDOM' in project 'SwiftDraw'
    Target 'SwiftDrawDOM' in project 'SwiftDraw' (no dependencies)
    Target 'MathParser' in project 'swift-math-parser'
        ➜ Explicit dependency on target 'MathParser' in project 'swift-math-parser'
        ➜ Explicit dependency on target 'Parsing' in project 'swift-parsing'
    Target 'MathParser' in project 'swift-math-parser'
        ➜ Explicit dependency on target 'Parsing' in project 'swift-parsing'
    Target 'Parsing' in project 'swift-parsing'
        ➜ Explicit dependency on target 'Parsing' in project 'swift-parsing'
        ➜ Explicit dependency on target 'CasePaths' in project 'swift-case-paths'
    Target 'Parsing' in project 'swift-parsing'
        ➜ Explicit dependency on target 'CasePaths' in project 'swift-case-paths'
    Target 'CasePaths' in project 'swift-case-paths'
        ➜ Explicit dependency on target 'CasePaths' in project 'swift-case-paths'
        ➜ Explicit dependency on target 'CasePathsCore' in project 'swift-case-paths'
        ➜ Explicit dependency on target 'CasePathsMacros' in project 'swift-case-paths'
        ➜ Explicit dependency on target 'IssueReporting' in project 'xctest-dynamic-overlay'
        ➜ Explicit dependency on target 'XCTestDynamicOverlay' in project 'xctest-dynamic-overlay'
    Target 'CasePaths' in project 'swift-case-paths'
        ➜ Explicit dependency on target 'CasePathsCore' in project 'swift-case-paths'
        ➜ Explicit dependency on target 'CasePathsMacros' in project 'swift-case-paths'
        ➜ Explicit dependency on target 'IssueReporting' in project 'xctest-dynamic-overlay'
        ➜ Explicit dependency on target 'XCTestDynamicOverlay' in project 'xctest-dynamic-overlay'
    Target 'CasePathsMacros' in project 'swift-case-paths' (no dependencies)
    Target 'CasePathsCore' in project 'swift-case-paths'
        ➜ Explicit dependency on target 'IssueReporting' in project 'xctest-dynamic-overlay'
        ➜ Explicit dependency on target 'XCTestDynamicOverlay' in project 'xctest-dynamic-overlay'
    Target 'XCTestDynamicOverlay' in project 'xctest-dynamic-overlay'
        ➜ Explicit dependency on target 'XCTestDynamicOverlay' in project 'xctest-dynamic-overlay'
        ➜ Explicit dependency on target 'IssueReporting' in project 'xctest-dynamic-overlay'
    Target 'XCTestDynamicOverlay' in project 'xctest-dynamic-overlay'
        ➜ Explicit dependency on target 'IssueReporting' in project 'xctest-dynamic-overlay'
    Target 'IssueReporting' in project 'xctest-dynamic-overlay'
        ➜ Explicit dependency on target 'IssueReporting' in project 'xctest-dynamic-overlay'
    Target 'IssueReporting' in project 'xctest-dynamic-overlay' (no dependencies)
    Target 'RealModule' in project 'swift-numerics'
        ➜ Explicit dependency on target 'RealModule' in project 'swift-numerics'
        ➜ Explicit dependency on target '_NumericsShims' in project 'swift-numerics'
    Target 'MathJaxSwift' in project 'MathJaxSwift'
        ➜ Explicit dependency on target 'MathJaxSwift' in project 'MathJaxSwift'
        ➜ Explicit dependency on target 'MathJaxSwift_MathJaxSwift' in project 'MathJaxSwift'
    Target 'MathJaxSwift' in project 'MathJaxSwift'
        ➜ Explicit dependency on target 'MathJaxSwift_MathJaxSwift' in project 'MathJaxSwift'
    Target 'MathJaxSwift_MathJaxSwift' in project 'MathJaxSwift' (no dependencies)
    Target 'ComplexModule' in project 'swift-numerics'
        ➜ Explicit dependency on target 'ComplexModule' in project 'swift-numerics'
        ➜ Explicit dependency on target '_NumericsShims' in project 'swift-numerics'
        ➜ Explicit dependency on target 'RealModule' in project 'swift-numerics'
    Target 'ExpressionParser' in project 'ExpressionParser'
        ➜ Explicit dependency on target 'ExpressionParser' in project 'ExpressionParser'
        ➜ Explicit dependency on target 'BigDecimal' in project 'BigDecimal'
    Target 'ExpressionParser' in project 'ExpressionParser'
        ➜ Explicit dependency on target 'BigDecimal' in project 'BigDecimal'
    Target 'BigDecimal' in project 'BigDecimal'
        ➜ Explicit dependency on target 'BigDecimal' in project 'BigDecimal'
        ➜ Explicit dependency on target 'BigInt' in project 'BigInt'
        ➜ Explicit dependency on target 'UInt128' in project 'UInt128'
        ➜ Explicit dependency on target 'Numerics' in project 'swift-numerics'
    Target 'BigDecimal' in project 'BigDecimal'
        ➜ Explicit dependency on target 'BigInt' in project 'BigInt'
        ➜ Explicit dependency on target 'UInt128' in project 'UInt128'
        ➜ Explicit dependency on target 'Numerics' in project 'swift-numerics'
    Target 'Numerics' in project 'swift-numerics'
        ➜ Explicit dependency on target 'Numerics' in project 'swift-numerics'
        ➜ Explicit dependency on target '_NumericsShims' in project 'swift-numerics'
        ➜ Explicit dependency on target 'RealModule' in project 'swift-numerics'
        ➜ Explicit dependency on target 'ComplexModule' in project 'swift-numerics'
    Target 'Numerics' in project 'swift-numerics'
        ➜ Explicit dependency on target '_NumericsShims' in project 'swift-numerics'
        ➜ Explicit dependency on target 'RealModule' in project 'swift-numerics'
        ➜ Explicit dependency on target 'ComplexModule' in project 'swift-numerics'
    Target 'ComplexModule' in project 'swift-numerics'
        ➜ Explicit dependency on target '_NumericsShims' in project 'swift-numerics'
        ➜ Explicit dependency on target 'RealModule' in project 'swift-numerics'
    Target 'RealModule' in project 'swift-numerics'
        ➜ Explicit dependency on target '_NumericsShims' in project 'swift-numerics'
    Target '_NumericsShims' in project 'swift-numerics' (no dependencies)
    Target 'UInt128' in project 'UInt128'
        ➜ Explicit dependency on target 'UInt128' in project 'UInt128'
    Target 'UInt128' in project 'UInt128' (no dependencies)
    Target 'BigInt' in project 'BigInt'
        ➜ Explicit dependency on target 'BigInt' in project 'BigInt'
    Target 'BigInt' in project 'BigInt' (no dependencies)

GatherProvisioningInputs
Received inputs for target <ConfiguredTarget target: ComplexModule:PACKAGE-PRODUCT:ComplexModule parameters: SDKROOT:macosx-SDK_VARIANT:macos>: ProvisioningTaskInputs(identityHash: nil, identitySerialNumber: nil, identityName: nil, profileName: nil, profileUUID: nil, profilePath: nil, designatedRequirements: nil, signedEntitlements: PLDict<[:]>, simulatedEntitlements: PLDict<[:]>, appIdentifierPrefix: nil, teamIdentifierPrefix: nil, isEnterpriseTeam: Optional(false), useSigningTool: Optional(false), signingToolKeyPath: nil, signingToolKeyID: nil, signingToolKeyIssuerID: nil, keychainPath: nil, errors: [], warnings: [])
Received inputs for target <ConfiguredTarget target: BigDecimal:PACKAGE-TARGET:BigDecimal parameters: SDKROOT:macosx-SDK_VARIANT:macos>: ProvisioningTaskInputs(identityHash: nil, identitySerialNumber: nil, identityName: nil, profileName: nil, profileUUID: nil, profilePath: nil, designatedRequirements: nil, signedEntitlements: PLDict<[:]>, simulatedEntitlements: PLDict<[:]>, appIdentifierPrefix: nil, teamIdentifierPrefix: nil, isEnterpriseTeam: Optional(false), useSigningTool: Optional(false), signingToolKeyPath: nil, signingToolKeyID: nil, signingToolKeyIssuerID: nil, keychainPath: nil, errors: [], warnings: [])
Received inputs for target <ConfiguredTarget target: ExpressionParser:PACKAGE-TARGET:ExpressionParser parameters: SDKROOT:macosx-SDK_VARIANT:macos>: ProvisioningTaskInputs(identityHash: nil, identitySerialNumber: nil, identityName: nil, profileName: nil, profileUUID: nil, profilePath: nil, designatedRequirements: nil, signedEntitlements: PLDict<[:]>, simulatedEntitlements: PLDict<[:]>, appIdentifierPrefix: nil, teamIdentifierPrefix: nil, isEnterpriseTeam: Optional(false), useSigningTool: Optional(false), signingToolKeyPath: nil, signingToolKeyID: nil, signingToolKeyIssuerID: nil, keychainPath: nil, errors: [], warnings: [])
Received inputs for target <ConfiguredTarget target: RealModule:PACKAGE-PRODUCT:RealModule parameters: SDKROOT:macosx-SDK_VARIANT:macos>: ProvisioningTaskInputs(identityHash: nil, identitySerialNumber: nil, identityName: nil, profileName: nil, profileUUID: nil, profilePath: nil, designatedRequirements: nil, signedEntitlements: PLDict<[:]>, simulatedEntitlements: PLDict<[:]>, appIdentifierPrefix: nil, teamIdentifierPrefix: nil, isEnterpriseTeam: Optional(false), useSigningTool: Optional(false), signingToolKeyPath: nil, signingToolKeyID: nil, signingToolKeyIssuerID: nil, keychainPath: nil, errors: [], warnings: [])
Received inputs for target <ConfiguredTarget target: BigDecimal:PACKAGE-PRODUCT:BigDecimal parameters: SDKROOT:macosx-SDK_VARIANT:macos>: ProvisioningTaskInputs(identityHash: nil, identitySerialNumber: nil, identityName: nil, profileName: nil, profileUUID: nil, profilePath: nil, designatedRequirements: nil, signedEntitlements: PLDict<[:]>, simulatedEntitlements: PLDict<[:]>, appIdentifierPrefix: nil, teamIdentifierPrefix: nil, isEnterpriseTeam: Optional(false), useSigningTool: Optional(false), signingToolKeyPath: nil, signingToolKeyID: nil, signingToolKeyIssuerID: nil, keychainPath: nil, errors: [], warnings: [])
Received inputs for target <ConfiguredTarget target: XCTestDynamicOverlay:PACKAGE-TARGET:XCTestDynamicOverlay parameters: SDKROOT:macosx-SDK_VARIANT:macos>: ProvisioningTaskInputs(identityHash: nil, identitySerialNumber: nil, identityName: nil, profileName: nil, profileUUID: nil, profilePath: nil, designatedRequirements: nil, signedEntitlements: PLDict<[:]>, simulatedEntitlements: PLDict<[:]>, appIdentifierPrefix: nil, teamIdentifierPrefix: nil, isEnterpriseTeam: Optional(false), useSigningTool: Optional(false), signingToolKeyPath: nil, signingToolKeyID: nil, signingToolKeyIssuerID: nil, keychainPath: nil, errors: [], warnings: [])
Received inputs for target <ConfiguredTarget target: Numerics:PACKAGE-PRODUCT:Numerics parameters: SDKROOT:macosx-SDK_VARIANT:macos>: ProvisioningTaskInputs(identityHash: nil, identitySerialNumber: nil, identityName: nil, profileName: nil, profileUUID: nil, profilePath: nil, designatedRequirements: nil, signedEntitlements: PLDict<[:]>, simulatedEntitlements: PLDict<[:]>, appIdentifierPrefix: nil, teamIdentifierPrefix: nil, isEnterpriseTeam: Optional(false), useSigningTool: Optional(false), signingToolKeyPath: nil, signingToolKeyID: nil, signingToolKeyIssuerID: nil, keychainPath: nil, errors: [], warnings: [])
Received inputs for target <ConfiguredTarget target: ComplexModule:PACKAGE-TARGET:ComplexModule parameters: SDKROOT:macosx-SDK_VARIANT:macos>: ProvisioningTaskInputs(identityHash: nil, identitySerialNumber: nil, identityName: nil, profileName: nil, profileUUID: nil, profilePath: nil, designatedRequirements: nil, signedEntitlements: PLDict<[:]>, simulatedEntitlements: PLDict<[:]>, appIdentifierPrefix: nil, teamIdentifierPrefix: nil, isEnterpriseTeam: Optional(false), useSigningTool: Optional(false), signingToolKeyPath: nil, signingToolKeyID: nil, signingToolKeyIssuerID: nil, keychainPath: nil, errors: [], warnings: [])
Received inputs for target <ConfiguredTarget target: ExpressionParser:PACKAGE-PRODUCT:ExpressionParser parameters: SDKROOT:macosx-SDK_VARIANT:macos>: ProvisioningTaskInputs(identityHash: nil, identitySerialNumber: nil, identityName: nil, profileName: nil, profileUUID: nil, profilePath: nil, designatedRequirements: nil, signedEntitlements: PLDict<[:]>, simulatedEntitlements: PLDict<[:]>, appIdentifierPrefix: nil, teamIdentifierPrefix: nil, isEnterpriseTeam: Optional(false), useSigningTool: Optional(false), signingToolKeyPath: nil, signingToolKeyID: nil, signingToolKeyIssuerID: nil, keychainPath: nil, errors: [], warnings: [])
Received inputs for target <ConfiguredTarget target: UInt128:PACKAGE-TARGET:UInt128 parameters: SDKROOT:macosx-SDK_VARIANT:macos>: ProvisioningTaskInputs(identityHash: nil, identitySerialNumber: nil, identityName: nil, profileName: nil, profileUUID: nil, profilePath: nil, designatedRequirements: nil, signedEntitlements: PLDict<[:]>, simulatedEntitlements: PLDict<[:]>, appIdentifierPrefix: nil, teamIdentifierPrefix: nil, isEnterpriseTeam: Optional(false), useSigningTool: Optional(false), signingToolKeyPath: nil, signingToolKeyID: nil, signingToolKeyIssuerID: nil, keychainPath: nil, errors: [], warnings: [])
Received inputs for target <ConfiguredTarget target: _NumericsShims:PACKAGE-TARGET:_NumericsShims parameters: SDKROOT:macosx-SDK_VARIANT:macos>: ProvisioningTaskInputs(identityHash: nil, identitySerialNumber: nil, identityName: nil, profileName: nil, profileUUID: nil, profilePath: nil, designatedRequirements: nil, signedEntitlements: PLDict<[:]>, simulatedEntitlements: PLDict<[:]>, appIdentifierPrefix: nil, teamIdentifierPrefix: nil, isEnterpriseTeam: Optional(false), useSigningTool: Optional(false), signingToolKeyPath: nil, signingToolKeyID: nil, signingToolKeyIssuerID: nil, keychainPath: nil, errors: [], warnings: [])
Received inputs for target <ConfiguredTarget target: MathJaxSwift:PACKAGE-TARGET:MathJaxSwift parameters: SDKROOT:macosx-SDK_VARIANT:macos>: ProvisioningTaskInputs(identityHash: nil, identitySerialNumber: nil, identityName: nil, profileName: nil, profileUUID: nil, profilePath: nil, designatedRequirements: nil, signedEntitlements: PLDict<[:]>, simulatedEntitlements: PLDict<[:]>, appIdentifierPrefix: nil, teamIdentifierPrefix: nil, isEnterpriseTeam: Optional(false), useSigningTool: Optional(false), signingToolKeyPath: nil, signingToolKeyID: nil, signingToolKeyIssuerID: nil, keychainPath: nil, errors: [], warnings: [])
Received inputs for target <ConfiguredTarget target: CasePathsCore:PACKAGE-TARGET:CasePathsCore parameters: SDKROOT:macosx-SDK_VARIANT:macos>: ProvisioningTaskInputs(identityHash: nil, identitySerialNumber: nil, identityName: nil, profileName: nil, profileUUID: nil, profilePath: nil, designatedRequirements: nil, signedEntitlements: PLDict<[:]>, simulatedEntitlements: PLDict<[:]>, appIdentifierPrefix: nil, teamIdentifierPrefix: nil, isEnterpriseTeam: Optional(false), useSigningTool: Optional(false), signingToolKeyPath: nil, signingToolKeyID: nil, signingToolKeyIssuerID: nil, keychainPath: nil, errors: [], warnings: [])
Received inputs for target <ConfiguredTarget target: XCTestDynamicOverlay:PACKAGE-PRODUCT:XCTestDynamicOverlay parameters: SDKROOT:macosx-SDK_VARIANT:macos>: ProvisioningTaskInputs(identityHash: nil, identitySerialNumber: nil, identityName: nil, profileName: nil, profileUUID: nil, profilePath: nil, designatedRequirements: nil, signedEntitlements: PLDict<[:]>, simulatedEntitlements: PLDict<[:]>, appIdentifierPrefix: nil, teamIdentifierPrefix: nil, isEnterpriseTeam: Optional(false), useSigningTool: Optional(false), signingToolKeyPath: nil, signingToolKeyID: nil, signingToolKeyIssuerID: nil, keychainPath: nil, errors: [], warnings: [])
Received inputs for target <ConfiguredTarget target: MathParser:PACKAGE-PRODUCT:MathParser parameters: SDKROOT:macosx-SDK_VARIANT:macos>: ProvisioningTaskInputs(identityHash: nil, identitySerialNumber: nil, identityName: nil, profileName: nil, profileUUID: nil, profilePath: nil, designatedRequirements: nil, signedEntitlements: PLDict<[:]>, simulatedEntitlements: PLDict<[:]>, appIdentifierPrefix: nil, teamIdentifierPrefix: nil, isEnterpriseTeam: Optional(false), useSigningTool: Optional(false), signingToolKeyPath: nil, signingToolKeyID: nil, signingToolKeyIssuerID: nil, keychainPath: nil, errors: [], warnings: [])
Received inputs for target <ConfiguredTarget target: BigInt:PACKAGE-TARGET:BigInt parameters: SDKROOT:macosx-SDK_VARIANT:macos>: ProvisioningTaskInputs(identityHash: nil, identitySerialNumber: nil, identityName: nil, profileName: nil, profileUUID: nil, profilePath: nil, designatedRequirements: nil, signedEntitlements: PLDict<[:]>, simulatedEntitlements: PLDict<[:]>, appIdentifierPrefix: nil, teamIdentifierPrefix: nil, isEnterpriseTeam: Optional(false), useSigningTool: Optional(false), signingToolKeyPath: nil, signingToolKeyID: nil, signingToolKeyIssuerID: nil, keychainPath: nil, errors: [], warnings: [])
Received inputs for target <ConfiguredTarget target: MathJaxSwift:PACKAGE-PRODUCT:MathJaxSwift parameters: SDKROOT:macosx-SDK_VARIANT:macos>: ProvisioningTaskInputs(identityHash: nil, identitySerialNumber: nil, identityName: nil, profileName: nil, profileUUID: nil, profilePath: nil, designatedRequirements: nil, signedEntitlements: PLDict<[:]>, simulatedEntitlements: PLDict<[:]>, appIdentifierPrefix: nil, teamIdentifierPrefix: nil, isEnterpriseTeam: Optional(false), useSigningTool: Optional(false), signingToolKeyPath: nil, signingToolKeyID: nil, signingToolKeyIssuerID: nil, keychainPath: nil, errors: [], warnings: [])
Received inputs for target <ConfiguredTarget target: SwiftDraw:PACKAGE-PRODUCT:SwiftDraw parameters: SDKROOT:macosx-SDK_VARIANT:macos>: ProvisioningTaskInputs(identityHash: nil, identitySerialNumber: nil, identityName: nil, profileName: nil, profileUUID: nil, profilePath: nil, designatedRequirements: nil, signedEntitlements: PLDict<[:]>, simulatedEntitlements: PLDict<[:]>, appIdentifierPrefix: nil, teamIdentifierPrefix: nil, isEnterpriseTeam: Optional(false), useSigningTool: Optional(false), signingToolKeyPath: nil, signingToolKeyID: nil, signingToolKeyIssuerID: nil, keychainPath: nil, errors: [], warnings: [])
Received inputs for target <ConfiguredTarget target: SwiftDrawDOM:PACKAGE-TARGET:SwiftDrawDOM parameters: SDKROOT:macosx-SDK_VARIANT:macos>: ProvisioningTaskInputs(identityHash: nil, identitySerialNumber: nil, identityName: nil, profileName: nil, profileUUID: nil, profilePath: nil, designatedRequirements: nil, signedEntitlements: PLDict<[:]>, simulatedEntitlements: PLDict<[:]>, appIdentifierPrefix: nil, teamIdentifierPrefix: nil, isEnterpriseTeam: Optional(false), useSigningTool: Optional(false), signingToolKeyPath: nil, signingToolKeyID: nil, signingToolKeyIssuerID: nil, keychainPath: nil, errors: [], warnings: [])
Received inputs for target <ConfiguredTarget target: HTMLEntities:PACKAGE-PRODUCT:HTMLEntities parameters: SDKROOT:macosx-SDK_VARIANT:macos>: ProvisioningTaskInputs(identityHash: nil, identitySerialNumber: nil, identityName: nil, profileName: nil, profileUUID: nil, profilePath: nil, designatedRequirements: nil, signedEntitlements: PLDict<[:]>, simulatedEntitlements: PLDict<[:]>, appIdentifierPrefix: nil, teamIdentifierPrefix: nil, isEnterpriseTeam: Optional(false), useSigningTool: Optional(false), signingToolKeyPath: nil, signingToolKeyID: nil, signingToolKeyIssuerID: nil, keychainPath: nil, errors: [], warnings: [])
Received inputs for target <ConfiguredTarget target: RealModule:PACKAGE-TARGET:RealModule parameters: SDKROOT:macosx-SDK_VARIANT:macos>: ProvisioningTaskInputs(identityHash: nil, identitySerialNumber: nil, identityName: nil, profileName: nil, profileUUID: nil, profilePath: nil, designatedRequirements: nil, signedEntitlements: PLDict<[:]>, simulatedEntitlements: PLDict<[:]>, appIdentifierPrefix: nil, teamIdentifierPrefix: nil, isEnterpriseTeam: Optional(false), useSigningTool: Optional(false), signingToolKeyPath: nil, signingToolKeyID: nil, signingToolKeyIssuerID: nil, keychainPath: nil, errors: [], warnings: [])
Received inputs for target <ConfiguredTarget target: LaTeXSwiftUI:PACKAGE-TARGET:LaTeXSwiftUI parameters: SDKROOT:macosx-SDK_VARIANT:macos>: ProvisioningTaskInputs(identityHash: nil, identitySerialNumber: nil, identityName: nil, profileName: nil, profileUUID: nil, profilePath: nil, designatedRequirements: nil, signedEntitlements: PLDict<[:]>, simulatedEntitlements: PLDict<[:]>, appIdentifierPrefix: nil, teamIdentifierPrefix: nil, isEnterpriseTeam: Optional(false), useSigningTool: Optional(false), signingToolKeyPath: nil, signingToolKeyID: nil, signingToolKeyIssuerID: nil, keychainPath: nil, errors: [], warnings: [])
Received inputs for target <ConfiguredTarget target: LaTeXSwiftUI:PACKAGE-PRODUCT:LaTeXSwiftUI parameters: SDKROOT:macosx-SDK_VARIANT:macos>: ProvisioningTaskInputs(identityHash: nil, identitySerialNumber: nil, identityName: nil, profileName: nil, profileUUID: nil, profilePath: nil, designatedRequirements: nil, signedEntitlements: PLDict<[:]>, simulatedEntitlements: PLDict<[:]>, appIdentifierPrefix: nil, teamIdentifierPrefix: nil, isEnterpriseTeam: Optional(false), useSigningTool: Optional(false), signingToolKeyPath: nil, signingToolKeyID: nil, signingToolKeyIssuerID: nil, keychainPath: nil, errors: [], warnings: [])
Received inputs for target <ConfiguredTarget target: BigInt:PACKAGE-PRODUCT:BigInt parameters: SDKROOT:macosx-SDK_VARIANT:macos>: ProvisioningTaskInputs(identityHash: nil, identitySerialNumber: nil, identityName: nil, profileName: nil, profileUUID: nil, profilePath: nil, designatedRequirements: nil, signedEntitlements: PLDict<[:]>, simulatedEntitlements: PLDict<[:]>, appIdentifierPrefix: nil, teamIdentifierPrefix: nil, isEnterpriseTeam: Optional(false), useSigningTool: Optional(false), signingToolKeyPath: nil, signingToolKeyID: nil, signingToolKeyIssuerID: nil, keychainPath: nil, errors: [], warnings: [])
Received inputs for target <ConfiguredTarget target: SwiftDraw:PACKAGE-TARGET:SwiftDraw parameters: SDKROOT:macosx-SDK_VARIANT:macos>: ProvisioningTaskInputs(identityHash: nil, identitySerialNumber: nil, identityName: nil, profileName: nil, profileUUID: nil, profilePath: nil, designatedRequirements: nil, signedEntitlements: PLDict<[:]>, simulatedEntitlements: PLDict<[:]>, appIdentifierPrefix: nil, teamIdentifierPrefix: nil, isEnterpriseTeam: Optional(false), useSigningTool: Optional(false), signingToolKeyPath: nil, signingToolKeyID: nil, signingToolKeyIssuerID: nil, keychainPath: nil, errors: [], warnings: [])
Received inputs for target <ConfiguredTarget target: HTMLEntities:PACKAGE-TARGET:HTMLEntities parameters: SDKROOT:macosx-SDK_VARIANT:macos>: ProvisioningTaskInputs(identityHash: nil, identitySerialNumber: nil, identityName: nil, profileName: nil, profileUUID: nil, profilePath: nil, designatedRequirements: nil, signedEntitlements: PLDict<[:]>, simulatedEntitlements: PLDict<[:]>, appIdentifierPrefix: nil, teamIdentifierPrefix: nil, isEnterpriseTeam: Optional(false), useSigningTool: Optional(false), signingToolKeyPath: nil, signingToolKeyID: nil, signingToolKeyIssuerID: nil, keychainPath: nil, errors: [], warnings: [])
Received inputs for target <ConfiguredTarget target: Numerics:PACKAGE-TARGET:Numerics parameters: SDKROOT:macosx-SDK_VARIANT:macos>: ProvisioningTaskInputs(identityHash: nil, identitySerialNumber: nil, identityName: nil, profileName: nil, profileUUID: nil, profilePath: nil, designatedRequirements: nil, signedEntitlements: PLDict<[:]>, simulatedEntitlements: PLDict<[:]>, appIdentifierPrefix: nil, teamIdentifierPrefix: nil, isEnterpriseTeam: Optional(false), useSigningTool: Optional(false), signingToolKeyPath: nil, signingToolKeyID: nil, signingToolKeyIssuerID: nil, keychainPath: nil, errors: [], warnings: [])
Received inputs for target <ConfiguredTarget target: MathParser:PACKAGE-TARGET:MathParser parameters: SDKROOT:macosx-SDK_VARIANT:macos>: ProvisioningTaskInputs(identityHash: nil, identitySerialNumber: nil, identityName: nil, profileName: nil, profileUUID: nil, profilePath: nil, designatedRequirements: nil, signedEntitlements: PLDict<[:]>, simulatedEntitlements: PLDict<[:]>, appIdentifierPrefix: nil, teamIdentifierPrefix: nil, isEnterpriseTeam: Optional(false), useSigningTool: Optional(false), signingToolKeyPath: nil, signingToolKeyID: nil, signingToolKeyIssuerID: nil, keychainPath: nil, errors: [], warnings: [])
Received inputs for target <ConfiguredTarget target: UInt128:PACKAGE-PRODUCT:UInt128 parameters: SDKROOT:macosx-SDK_VARIANT:macos>: ProvisioningTaskInputs(identityHash: nil, identitySerialNumber: nil, identityName: nil, profileName: nil, profileUUID: nil, profilePath: nil, designatedRequirements: nil, signedEntitlements: PLDict<[:]>, simulatedEntitlements: PLDict<[:]>, appIdentifierPrefix: nil, teamIdentifierPrefix: nil, isEnterpriseTeam: Optional(false), useSigningTool: Optional(false), signingToolKeyPath: nil, signingToolKeyID: nil, signingToolKeyIssuerID: nil, keychainPath: nil, errors: [], warnings: [])
Received inputs for target <ConfiguredTarget target: Parsing:PACKAGE-PRODUCT:Parsing parameters: SDKROOT:macosx-SDK_VARIANT:macos>: ProvisioningTaskInputs(identityHash: nil, identitySerialNumber: nil, identityName: nil, profileName: nil, profileUUID: nil, profilePath: nil, designatedRequirements: nil, signedEntitlements: PLDict<[:]>, simulatedEntitlements: PLDict<[:]>, appIdentifierPrefix: nil, teamIdentifierPrefix: nil, isEnterpriseTeam: Optional(false), useSigningTool: Optional(false), signingToolKeyPath: nil, signingToolKeyID: nil, signingToolKeyIssuerID: nil, keychainPath: nil, errors: [], warnings: [])
Received inputs for target <ConfiguredTarget target: Parsing:PACKAGE-TARGET:Parsing parameters: SDKROOT:macosx-SDK_VARIANT:macos>: ProvisioningTaskInputs(identityHash: nil, identitySerialNumber: nil, identityName: nil, profileName: nil, profileUUID: nil, profilePath: nil, designatedRequirements: nil, signedEntitlements: PLDict<[:]>, simulatedEntitlements: PLDict<[:]>, appIdentifierPrefix: nil, teamIdentifierPrefix: nil, isEnterpriseTeam: Optional(false), useSigningTool: Optional(false), signingToolKeyPath: nil, signingToolKeyID: nil, signingToolKeyIssuerID: nil, keychainPath: nil, errors: [], warnings: [])
Received inputs for target <ConfiguredTarget target: IssueReporting:PACKAGE-PRODUCT:IssueReporting parameters: SDKROOT:macosx-SDK_VARIANT:macos>: ProvisioningTaskInputs(identityHash: nil, identitySerialNumber: nil, identityName: nil, profileName: nil, profileUUID: nil, profilePath: nil, designatedRequirements: nil, signedEntitlements: PLDict<[:]>, simulatedEntitlements: PLDict<[:]>, appIdentifierPrefix: nil, teamIdentifierPrefix: nil, isEnterpriseTeam: Optional(false), useSigningTool: Optional(false), signingToolKeyPath: nil, signingToolKeyID: nil, signingToolKeyIssuerID: nil, keychainPath: nil, errors: [], warnings: [])
Received inputs for target <ConfiguredTarget target: CasePaths:PACKAGE-PRODUCT:CasePaths parameters: SDKROOT:macosx-SDK_VARIANT:macos>: ProvisioningTaskInputs(identityHash: nil, identitySerialNumber: nil, identityName: nil, profileName: nil, profileUUID: nil, profilePath: nil, designatedRequirements: nil, signedEntitlements: PLDict<[:]>, simulatedEntitlements: PLDict<[:]>, appIdentifierPrefix: nil, teamIdentifierPrefix: nil, isEnterpriseTeam: Optional(false), useSigningTool: Optional(false), signingToolKeyPath: nil, signingToolKeyID: nil, signingToolKeyIssuerID: nil, keychainPath: nil, errors: [], warnings: [])
Received inputs for target <ConfiguredTarget target: IssueReporting:PACKAGE-TARGET:IssueReporting parameters: SDKROOT:macosx-SDK_VARIANT:macos>: ProvisioningTaskInputs(identityHash: nil, identitySerialNumber: nil, identityName: nil, profileName: nil, profileUUID: nil, profilePath: nil, designatedRequirements: nil, signedEntitlements: PLDict<[:]>, simulatedEntitlements: PLDict<[:]>, appIdentifierPrefix: nil, teamIdentifierPrefix: nil, isEnterpriseTeam: Optional(false), useSigningTool: Optional(false), signingToolKeyPath: nil, signingToolKeyID: nil, signingToolKeyIssuerID: nil, keychainPath: nil, errors: [], warnings: [])
Received inputs for target <ConfiguredTarget target: CasePaths:PACKAGE-TARGET:CasePaths parameters: SDKROOT:macosx-SDK_VARIANT:macos>: ProvisioningTaskInputs(identityHash: nil, identitySerialNumber: nil, identityName: nil, profileName: nil, profileUUID: nil, profilePath: nil, designatedRequirements: nil, signedEntitlements: PLDict<[:]>, simulatedEntitlements: PLDict<[:]>, appIdentifierPrefix: nil, teamIdentifierPrefix: nil, isEnterpriseTeam: Optional(false), useSigningTool: Optional(false), signingToolKeyPath: nil, signingToolKeyID: nil, signingToolKeyIssuerID: nil, keychainPath: nil, errors: [], warnings: [])
Received inputs for target <ConfiguredTarget target: MathJaxSwift_MathJaxSwift:PACKAGE-RESOURCE:MathJaxSwift parameters: SDKROOT:macosx-SDK_VARIANT:macos>: ProvisioningTaskInputs(identityHash: nil, identitySerialNumber: nil, identityName: nil, profileName: nil, profileUUID: nil, profilePath: nil, designatedRequirements: nil, signedEntitlements: PLDict<[:]>, simulatedEntitlements: PLDict<[:]>, appIdentifierPrefix: nil, teamIdentifierPrefix: nil, isEnterpriseTeam: Optional(false), useSigningTool: nil, signingToolKeyPath: nil, signingToolKeyID: nil, signingToolKeyIssuerID: nil, keychainPath: nil, errors: [], warnings: [])
Received inputs for target <ConfiguredTarget target: CasePathsMacros:PACKAGE-TARGET:CasePathsMacros parameters: SDKROOT:macosx-SDK_VARIANT:macos>: ProvisioningTaskInputs(identityHash: nil, identitySerialNumber: nil, identityName: nil, profileName: nil, profileUUID: nil, profilePath: nil, designatedRequirements: nil, signedEntitlements: PLDict<[:]>, simulatedEntitlements: PLDict<[:]>, appIdentifierPrefix: nil, teamIdentifierPrefix: nil, isEnterpriseTeam: Optional(false), useSigningTool: nil, signingToolKeyPath: nil, signingToolKeyID: nil, signingToolKeyIssuerID: nil, keychainPath: nil, errors: [], warnings: [])
Received inputs for target <ConfiguredTarget target: FinancialCalculatorKit:b796aaad08c4b307251b75ea7c01aae28fa6f77c5495b2f50ba02ee6460b334b>: ProvisioningTaskInputs(identityHash: Optional("-"), identitySerialNumber: nil, identityName: Optional("Sign to Run Locally"), profileName: nil, profileUUID: nil, profilePath: nil, designatedRequirements: nil, signedEntitlements: PLDict<["com.apple.security.get-task-allow": true]>, simulatedEntitlements: PLDict<[:]>, appIdentifierPrefix: Optional("X8AD8YC886."), teamIdentifierPrefix: Optional("X8AD8YC886."), isEnterpriseTeam: Optional(false), useSigningTool: Optional(false), signingToolKeyPath: nil, signingToolKeyID: nil, signingToolKeyIssuerID: nil, keychainPath: nil, errors: [], warnings: [])

note: Build description signature is 122efaf2df1ef525e8dafcbcac8fe8b8
CreateBuildDescription

ExecuteExternalTool /Applications/Xcode.app/Contents/Developer/Toolchains/XcodeDefault.xctoolchain/usr/bin/clang -v -E -dM -arch arm64 -isysroot /Applications/Xcode.app/Contents/Developer/Platforms/MacOSX.platform/Developer/SDKs/MacOSX26.1.sdk -x c -c /dev/null

ExecuteExternalTool /Applications/Xcode.app/Contents/Developer/Toolchains/XcodeDefault.xctoolchain/usr/bin/swiftc --version

ExecuteExternalTool /Applications/Xcode.app/Contents/Developer/Toolchains/XcodeDefault.xctoolchain/usr/bin/clang -v -E -dM -isysroot /Applications/Xcode.app/Contents/Developer/Platforms/MacOSX.platform/Developer/SDKs/MacOSX26.1.sdk -x c -c /dev/null

ExecuteExternalTool /Applications/Xcode.app/Contents/Developer/usr/bin/actool --version --output-format xml1

ExecuteExternalTool /Applications/Xcode.app/Contents/Developer/Toolchains/XcodeDefault.xctoolchain/usr/bin/ld -version_details

ReadFileContents /Applications/Xcode.app/Contents/Developer/Toolchains/XcodeDefault.xctoolchain/usr/share/docc/features.json

Build description signature: 122efaf2df1ef525e8dafcbcac8fe8b8
Build description path: /Users/rogerlin/Library/Developer/Xcode/DerivedData/FinancialCalculatorKit-ackorybalcxbfocbkqsfdzcfkgmn/Build/Intermediates.noindex/XCBuildData/122efaf2df1ef525e8dafcbcac8fe8b8.xcbuilddata
note: Using build service at: /Applications/Xcode.app/Contents/SharedFrameworks/SwiftBuild.framework/Versions/A/PlugIns/SWBBuildService.bundle/Contents/MacOS/SWBBuildService (PID 13692)
note: SWBBuildService loaded plugin at /Applications/Xcode.app/Contents/SharedFrameworks/SwiftBuild.framework/Versions/A/PlugIns/SWBBuildService.bundle/Contents/PlugIns/SWBWindowsPlatformPlugin.bundle
note: SWBBuildService loaded plugin at /Applications/Xcode.app/Contents/SharedFrameworks/SwiftBuild.framework/Versions/A/PlugIns/SWBBuildService.bundle/Contents/PlugIns/SWBQNXPlatformPlugin.bundle
note: SWBBuildService loaded plugin at /Applications/Xcode.app/Contents/SharedFrameworks/SwiftBuild.framework/Versions/A/PlugIns/SWBBuildService.bundle/Contents/PlugIns/SWBUniversalPlatformPlugin.bundle
note: SWBBuildService loaded plugin at /Applications/Xcode.app/Contents/SharedFrameworks/SwiftBuild.framework/Versions/A/PlugIns/SWBBuildService.bundle/Contents/PlugIns/SWBGenericUnixPlatformPlugin.bundle
note: SWBBuildService loaded plugin at /Applications/Xcode.app/Contents/SharedFrameworks/SwiftBuild.framework/Versions/A/PlugIns/SWBBuildService.bundle/Contents/PlugIns/SWBAndroidPlatformPlugin.bundle
note: SWBBuildService loaded plugin at /Applications/Xcode.app/Contents/SharedFrameworks/SwiftBuild.framework/Versions/A/PlugIns/SWBBuildService.bundle/Contents/PlugIns/SWBApplePlatformPlugin.bundle
note: SWBBuildService loaded plugin at /Applications/Xcode.app/Contents/SharedFrameworks/SwiftBuild.framework/Versions/A/PlugIns/SWBBuildService.bundle/Contents/PlugIns/SWBWebAssemblyPlatformPlugin.bundle
note: File system mode: device-agnostic
note: Applying overriding build settings
    ACTION=build
    CLANG_COVERAGE_MAPPING=YES
    CLANG_PROFILE_DATA_DIRECTORY=/Users/rogerlin/Library/Developer/Xcode/DerivedData/FinancialCalculatorKit-ackorybalcxbfocbkqsfdzcfkgmn/Build/ProfileData
    ENABLE_PREVIEWS=NO
    ENABLE_XOJIT_PREVIEWS=YES
    ONLY_ACTIVE_ARCH=YES
note: build debugging is enabled, swiftbuilddata: '/Users/rogerlin/Library/Developer/Xcode/DerivedData/FinancialCalculatorKit-ackorybalcxbfocbkqsfdzcfkgmn/Build/Intermediates.noindex/XCBuildData/buildDebugging-1762404353.825752/current-manifest.swiftbuilddata'
ClangStatCache /Applications/Xcode.app/Contents/Developer/Toolchains/XcodeDefault.xctoolchain/usr/bin/clang-stat-cache /Applications/Xcode.app/Contents/Developer/Platforms/MacOSX.platform/Developer/SDKs/MacOSX26.1.sdk /Users/rogerlin/Library/Developer/Xcode/DerivedData/SDKStatCaches.noindex/macosx26.1-25B74-3ae1261907bdadc328169391a47051a6.sdkstatcache
    cd /Users/rogerlin/XCode-Projects/FinancialCalculatorKit-5.0-updated-accent-colors/FinancialCalculatorKit.xcodeproj
    /Applications/Xcode.app/Contents/Developer/Toolchains/XcodeDefault.xctoolchain/usr/bin/clang-stat-cache /Applications/Xcode.app/Contents/Developer/Platforms/MacOSX.platform/Developer/SDKs/MacOSX26.1.sdk -o /Users/rogerlin/Library/Developer/Xcode/DerivedData/SDKStatCaches.noindex/macosx26.1-25B74-3ae1261907bdadc328169391a47051a6.sdkstatcache

    Task input dependencies:

    Task output dependencies:
        /Users/rogerlin/Library/Developer/Xcode/DerivedData/SDKStatCaches.noindex/macosx26.1-25B74-3ae1261907bdadc328169391a47051a6.sdkstatcache

CreateBuildDirectory /Users/rogerlin/Library/Developer/Xcode/DerivedData/FinancialCalculatorKit-ackorybalcxbfocbkqsfdzcfkgmn/Build/Products
    cd /Users/rogerlin/XCode-Projects/FinancialCalculatorKit-5.0-updated-accent-colors/FinancialCalculatorKit.xcodeproj
    builtin-create-build-directory /Users/rogerlin/Library/Developer/Xcode/DerivedData/FinancialCalculatorKit-ackorybalcxbfocbkqsfdzcfkgmn/Build/Products

    Task input dependencies:

    Task output dependencies:
        /Users/rogerlin/Library/Developer/Xcode/DerivedData/FinancialCalculatorKit-ackorybalcxbfocbkqsfdzcfkgmn/Build/Products

CreateBuildDirectory /Users/rogerlin/Library/Developer/Xcode/DerivedData/FinancialCalculatorKit-ackorybalcxbfocbkqsfdzcfkgmn/Build/Intermediates.noindex
    cd /Users/rogerlin/XCode-Projects/FinancialCalculatorKit-5.0-updated-accent-colors/FinancialCalculatorKit.xcodeproj
    builtin-create-build-directory /Users/rogerlin/Library/Developer/Xcode/DerivedData/FinancialCalculatorKit-ackorybalcxbfocbkqsfdzcfkgmn/Build/Intermediates.noindex

    Task input dependencies:

    Task output dependencies:
        /Users/rogerlin/Library/Developer/Xcode/DerivedData/FinancialCalculatorKit-ackorybalcxbfocbkqsfdzcfkgmn/Build/Intermediates.noindex

CreateBuildDirectory /Users/rogerlin/Library/Developer/Xcode/DerivedData/FinancialCalculatorKit-ackorybalcxbfocbkqsfdzcfkgmn/Build/Products/Debug
    cd /Users/rogerlin/XCode-Projects/FinancialCalculatorKit-5.0-updated-accent-colors/FinancialCalculatorKit.xcodeproj
    builtin-create-build-directory /Users/rogerlin/Library/Developer/Xcode/DerivedData/FinancialCalculatorKit-ackorybalcxbfocbkqsfdzcfkgmn/Build/Products/Debug

    Task input dependencies:
        /Users/rogerlin/Library/Developer/Xcode/DerivedData/FinancialCalculatorKit-ackorybalcxbfocbkqsfdzcfkgmn/Build/Products

    Task output dependencies:
        /Users/rogerlin/Library/Developer/Xcode/DerivedData/FinancialCalculatorKit-ackorybalcxbfocbkqsfdzcfkgmn/Build/Products/Debug

CreateBuildDirectory /Users/rogerlin/Library/Developer/Xcode/DerivedData/FinancialCalculatorKit-ackorybalcxbfocbkqsfdzcfkgmn/Build/Intermediates.noindex/ExplicitPrecompiledModules
    cd /Users/rogerlin/XCode-Projects/FinancialCalculatorKit-5.0-updated-accent-colors/FinancialCalculatorKit.xcodeproj
    builtin-create-build-directory /Users/rogerlin/Library/Developer/Xcode/DerivedData/FinancialCalculatorKit-ackorybalcxbfocbkqsfdzcfkgmn/Build/Intermediates.noindex/ExplicitPrecompiledModules

    Task input dependencies:
        /Users/rogerlin/Library/Developer/Xcode/DerivedData/FinancialCalculatorKit-ackorybalcxbfocbkqsfdzcfkgmn/Build/Intermediates.noindex

    Task output dependencies:
        /Users/rogerlin/Library/Developer/Xcode/DerivedData/FinancialCalculatorKit-ackorybalcxbfocbkqsfdzcfkgmn/Build/Intermediates.noindex/ExplicitPrecompiledModules

CreateBuildDirectory /Users/rogerlin/Library/Developer/Xcode/DerivedData/FinancialCalculatorKit-ackorybalcxbfocbkqsfdzcfkgmn/Build/Intermediates.noindex/SwiftExplicitPrecompiledModules
    cd /Users/rogerlin/XCode-Projects/FinancialCalculatorKit-5.0-updated-accent-colors/FinancialCalculatorKit.xcodeproj
    builtin-create-build-directory /Users/rogerlin/Library/Developer/Xcode/DerivedData/FinancialCalculatorKit-ackorybalcxbfocbkqsfdzcfkgmn/Build/Intermediates.noindex/SwiftExplicitPrecompiledModules

    Task input dependencies:
        /Users/rogerlin/Library/Developer/Xcode/DerivedData/FinancialCalculatorKit-ackorybalcxbfocbkqsfdzcfkgmn/Build/Intermediates.noindex

    Task output dependencies:
        /Users/rogerlin/Library/Developer/Xcode/DerivedData/FinancialCalculatorKit-ackorybalcxbfocbkqsfdzcfkgmn/Build/Intermediates.noindex/SwiftExplicitPrecompiledModules

CreateBuildDirectory /Users/rogerlin/Library/Developer/Xcode/DerivedData/FinancialCalculatorKit-ackorybalcxbfocbkqsfdzcfkgmn/Build/Intermediates.noindex/EagerLinkingTBDs/Debug
    cd /Users/rogerlin/XCode-Projects/FinancialCalculatorKit-5.0-updated-accent-colors/FinancialCalculatorKit.xcodeproj
    builtin-create-build-directory /Users/rogerlin/Library/Developer/Xcode/DerivedData/FinancialCalculatorKit-ackorybalcxbfocbkqsfdzcfkgmn/Build/Intermediates.noindex/EagerLinkingTBDs/Debug

    Task input dependencies:
        /Users/rogerlin/Library/Developer/Xcode/DerivedData/FinancialCalculatorKit-ackorybalcxbfocbkqsfdzcfkgmn/Build/Intermediates.noindex

    Task output dependencies:
        /Users/rogerlin/Library/Developer/Xcode/DerivedData/FinancialCalculatorKit-ackorybalcxbfocbkqsfdzcfkgmn/Build/Intermediates.noindex/EagerLinkingTBDs/Debug

WriteAuxiliaryFile /Users/rogerlin/Library/Developer/Xcode/DerivedData/FinancialCalculatorKit-ackorybalcxbfocbkqsfdzcfkgmn/Build/Intermediates.noindex/FinancialCalculatorKit.build/Debug/FinancialCalculatorKit-b796aaad08c4b307251b75ea7c01aae2-VFS/all-product-headers.yaml
    cd /Users/rogerlin/XCode-Projects/FinancialCalculatorKit-5.0-updated-accent-colors/FinancialCalculatorKit.xcodeproj
    write-file /Users/rogerlin/Library/Developer/Xcode/DerivedData/FinancialCalculatorKit-ackorybalcxbfocbkqsfdzcfkgmn/Build/Intermediates.noindex/FinancialCalculatorKit.build/Debug/FinancialCalculatorKit-b796aaad08c4b307251b75ea7c01aae2-VFS/all-product-headers.yaml

    Task input dependencies:
        /Users/rogerlin/Library/Developer/Xcode/DerivedData/FinancialCalculatorKit-ackorybalcxbfocbkqsfdzcfkgmn/Build/Intermediates.noindex

    Task output dependencies:
        /Users/rogerlin/Library/Developer/Xcode/DerivedData/FinancialCalculatorKit-ackorybalcxbfocbkqsfdzcfkgmn/Build/Intermediates.noindex/FinancialCalculatorKit.build/Debug/FinancialCalculatorKit-b796aaad08c4b307251b75ea7c01aae2-VFS/all-product-headers.yaml

CreateBuildDirectory /Users/rogerlin/Library/Developer/Xcode/DerivedData/FinancialCalculatorKit-ackorybalcxbfocbkqsfdzcfkgmn/Build/Products/Debug/PackageFrameworks
    cd /Users/rogerlin/XCode-Projects/FinancialCalculatorKit-5.0-updated-accent-colors/FinancialCalculatorKit.xcodeproj
    builtin-create-build-directory /Users/rogerlin/Library/Developer/Xcode/DerivedData/FinancialCalculatorKit-ackorybalcxbfocbkqsfdzcfkgmn/Build/Products/Debug/PackageFrameworks

    Task input dependencies:
        /Users/rogerlin/Library/Developer/Xcode/DerivedData/FinancialCalculatorKit-ackorybalcxbfocbkqsfdzcfkgmn/Build/Products/Debug

    Task output dependencies:
        /Users/rogerlin/Library/Developer/Xcode/DerivedData/FinancialCalculatorKit-ackorybalcxbfocbkqsfdzcfkgmn/Build/Products/Debug/PackageFrameworks

WriteAuxiliaryFile /Users/rogerlin/Library/Developer/Xcode/DerivedData/FinancialCalculatorKit-ackorybalcxbfocbkqsfdzcfkgmn/Build/Intermediates.noindex/swift-numerics.build/Debug/ComplexModule.build/ComplexModule.modulemap (in target 'ComplexModule' from project 'swift-numerics')
    cd /Users/rogerlin/Library/Developer/Xcode/DerivedData/FinancialCalculatorKit-ackorybalcxbfocbkqsfdzcfkgmn/SourcePackages/checkouts/swift-numerics
    write-file /Users/rogerlin/Library/Developer/Xcode/DerivedData/FinancialCalculatorKit-ackorybalcxbfocbkqsfdzcfkgmn/Build/Intermediates.noindex/swift-numerics.build/Debug/ComplexModule.build/ComplexModule.modulemap

    Task input dependencies:

    Task output dependencies:
        /Users/rogerlin/Library/Developer/Xcode/DerivedData/FinancialCalculatorKit-ackorybalcxbfocbkqsfdzcfkgmn/Build/Intermediates.noindex/swift-numerics.build/Debug/ComplexModule.build/ComplexModule.modulemap

WriteAuxiliaryFile /Users/rogerlin/Library/Developer/Xcode/DerivedData/FinancialCalculatorKit-ackorybalcxbfocbkqsfdzcfkgmn/Build/Intermediates.noindex/swift-math-parser.build/Debug/MathParser.build/Objects-normal/arm64/MathParser.SwiftFileList (in target 'MathParser' from project 'swift-math-parser')
    cd /Users/rogerlin/Library/Developer/Xcode/DerivedData/FinancialCalculatorKit-ackorybalcxbfocbkqsfdzcfkgmn/SourcePackages/checkouts/swift-math-parser
    write-file /Users/rogerlin/Library/Developer/Xcode/DerivedData/FinancialCalculatorKit-ackorybalcxbfocbkqsfdzcfkgmn/Build/Intermediates.noindex/swift-math-parser.build/Debug/MathParser.build/Objects-normal/arm64/MathParser.SwiftFileList

    Task input dependencies:

    Task output dependencies:
        /Users/rogerlin/Library/Developer/Xcode/DerivedData/FinancialCalculatorKit-ackorybalcxbfocbkqsfdzcfkgmn/Build/Intermediates.noindex/swift-math-parser.build/Debug/MathParser.build/Objects-normal/arm64/MathParser.SwiftFileList

WriteAuxiliaryFile /Users/rogerlin/Library/Developer/Xcode/DerivedData/FinancialCalculatorKit-ackorybalcxbfocbkqsfdzcfkgmn/Build/Intermediates.noindex/swift-numerics.build/Debug/_NumericsShims.build/_NumericsShims.DependencyStaticMetadataFileList (in target '_NumericsShims' from project 'swift-numerics')
    cd /Users/rogerlin/Library/Developer/Xcode/DerivedData/FinancialCalculatorKit-ackorybalcxbfocbkqsfdzcfkgmn/SourcePackages/checkouts/swift-numerics
    write-file /Users/rogerlin/Library/Developer/Xcode/DerivedData/FinancialCalculatorKit-ackorybalcxbfocbkqsfdzcfkgmn/Build/Intermediates.noindex/swift-numerics.build/Debug/_NumericsShims.build/_NumericsShims.DependencyStaticMetadataFileList

    Task input dependencies:

    Task output dependencies:
        /Users/rogerlin/Library/Developer/Xcode/DerivedData/FinancialCalculatorKit-ackorybalcxbfocbkqsfdzcfkgmn/Build/Intermediates.noindex/swift-numerics.build/Debug/_NumericsShims.build/_NumericsShims.DependencyStaticMetadataFileList

WriteAuxiliaryFile /Users/rogerlin/Library/Developer/Xcode/DerivedData/FinancialCalculatorKit-ackorybalcxbfocbkqsfdzcfkgmn/Build/Intermediates.noindex/swift-math-parser.build/Debug/MathParser.build/Objects-normal/arm64/MathParser-OutputFileMap.json (in target 'MathParser' from project 'swift-math-parser')
    cd /Users/rogerlin/Library/Developer/Xcode/DerivedData/FinancialCalculatorKit-ackorybalcxbfocbkqsfdzcfkgmn/SourcePackages/checkouts/swift-math-parser
    write-file /Users/rogerlin/Library/Developer/Xcode/DerivedData/FinancialCalculatorKit-ackorybalcxbfocbkqsfdzcfkgmn/Build/Intermediates.noindex/swift-math-parser.build/Debug/MathParser.build/Objects-normal/arm64/MathParser-OutputFileMap.json

    Task input dependencies:

    Task output dependencies:
        /Users/rogerlin/Library/Developer/Xcode/DerivedData/FinancialCalculatorKit-ackorybalcxbfocbkqsfdzcfkgmn/Build/Intermediates.noindex/swift-math-parser.build/Debug/MathParser.build/Objects-normal/arm64/MathParser-OutputFileMap.json

WriteAuxiliaryFile /Users/rogerlin/Library/Developer/Xcode/DerivedData/FinancialCalculatorKit-ackorybalcxbfocbkqsfdzcfkgmn/Build/Intermediates.noindex/swift-math-parser.build/Debug/MathParser.build/Objects-normal/arm64/MathParser.SwiftConstValuesFileList (in target 'MathParser' from project 'swift-math-parser')
    cd /Users/rogerlin/Library/Developer/Xcode/DerivedData/FinancialCalculatorKit-ackorybalcxbfocbkqsfdzcfkgmn/SourcePackages/checkouts/swift-math-parser
    write-file /Users/rogerlin/Library/Developer/Xcode/DerivedData/FinancialCalculatorKit-ackorybalcxbfocbkqsfdzcfkgmn/Build/Intermediates.noindex/swift-math-parser.build/Debug/MathParser.build/Objects-normal/arm64/MathParser.SwiftConstValuesFileList

    Task input dependencies:

    Task output dependencies:
        /Users/rogerlin/Library/Developer/Xcode/DerivedData/FinancialCalculatorKit-ackorybalcxbfocbkqsfdzcfkgmn/Build/Intermediates.noindex/swift-math-parser.build/Debug/MathParser.build/Objects-normal/arm64/MathParser.SwiftConstValuesFileList

WriteAuxiliaryFile /Users/rogerlin/Library/Developer/Xcode/DerivedData/FinancialCalculatorKit-ackorybalcxbfocbkqsfdzcfkgmn/Build/Intermediates.noindex/swift-math-parser.build/Debug/MathParser.build/Objects-normal/arm64/MathParser_const_extract_protocols.json (in target 'MathParser' from project 'swift-math-parser')
    cd /Users/rogerlin/Library/Developer/Xcode/DerivedData/FinancialCalculatorKit-ackorybalcxbfocbkqsfdzcfkgmn/SourcePackages/checkouts/swift-math-parser
    write-file /Users/rogerlin/Library/Developer/Xcode/DerivedData/FinancialCalculatorKit-ackorybalcxbfocbkqsfdzcfkgmn/Build/Intermediates.noindex/swift-math-parser.build/Debug/MathParser.build/Objects-normal/arm64/MathParser_const_extract_protocols.json

    Task input dependencies:

    Task output dependencies:
        /Users/rogerlin/Library/Developer/Xcode/DerivedData/FinancialCalculatorKit-ackorybalcxbfocbkqsfdzcfkgmn/Build/Intermediates.noindex/swift-math-parser.build/Debug/MathParser.build/Objects-normal/arm64/MathParser_const_extract_protocols.json

WriteAuxiliaryFile /Users/rogerlin/Library/Developer/Xcode/DerivedData/FinancialCalculatorKit-ackorybalcxbfocbkqsfdzcfkgmn/Build/Intermediates.noindex/swift-numerics.build/Debug/_NumericsShims.build/_NumericsShims.DependencyMetadataFileList (in target '_NumericsShims' from project 'swift-numerics')
    cd /Users/rogerlin/Library/Developer/Xcode/DerivedData/FinancialCalculatorKit-ackorybalcxbfocbkqsfdzcfkgmn/SourcePackages/checkouts/swift-numerics
    write-file /Users/rogerlin/Library/Developer/Xcode/DerivedData/FinancialCalculatorKit-ackorybalcxbfocbkqsfdzcfkgmn/Build/Intermediates.noindex/swift-numerics.build/Debug/_NumericsShims.build/_NumericsShims.DependencyMetadataFileList

    Task input dependencies:

    Task output dependencies:
        /Users/rogerlin/Library/Developer/Xcode/DerivedData/FinancialCalculatorKit-ackorybalcxbfocbkqsfdzcfkgmn/Build/Intermediates.noindex/swift-numerics.build/Debug/_NumericsShims.build/_NumericsShims.DependencyMetadataFileList

WriteAuxiliaryFile /Users/rogerlin/Library/Developer/Xcode/DerivedData/FinancialCalculatorKit-ackorybalcxbfocbkqsfdzcfkgmn/Build/Intermediates.noindex/swift-numerics.build/Debug/ComplexModule.build/Objects-normal/arm64/ComplexModule.LinkFileList (in target 'ComplexModule' from project 'swift-numerics')
    cd /Users/rogerlin/Library/Developer/Xcode/DerivedData/FinancialCalculatorKit-ackorybalcxbfocbkqsfdzcfkgmn/SourcePackages/checkouts/swift-numerics
    write-file /Users/rogerlin/Library/Developer/Xcode/DerivedData/FinancialCalculatorKit-ackorybalcxbfocbkqsfdzcfkgmn/Build/Intermediates.noindex/swift-numerics.build/Debug/ComplexModule.build/Objects-normal/arm64/ComplexModule.LinkFileList

    Task input dependencies:

    Task output dependencies:
        /Users/rogerlin/Library/Developer/Xcode/DerivedData/FinancialCalculatorKit-ackorybalcxbfocbkqsfdzcfkgmn/Build/Intermediates.noindex/swift-numerics.build/Debug/ComplexModule.build/Objects-normal/arm64/ComplexModule.LinkFileList

WriteAuxiliaryFile /Users/rogerlin/Library/Developer/Xcode/DerivedData/FinancialCalculatorKit-ackorybalcxbfocbkqsfdzcfkgmn/Build/Intermediates.noindex/swift-numerics.build/Debug/ComplexModule.build/Objects-normal/arm64/ComplexModule_const_extract_protocols.json (in target 'ComplexModule' from project 'swift-numerics')
    cd /Users/rogerlin/Library/Developer/Xcode/DerivedData/FinancialCalculatorKit-ackorybalcxbfocbkqsfdzcfkgmn/SourcePackages/checkouts/swift-numerics
    write-file /Users/rogerlin/Library/Developer/Xcode/DerivedData/FinancialCalculatorKit-ackorybalcxbfocbkqsfdzcfkgmn/Build/Intermediates.noindex/swift-numerics.build/Debug/ComplexModule.build/Objects-normal/arm64/ComplexModule_const_extract_protocols.json

    Task input dependencies:

    Task output dependencies:
        /Users/rogerlin/Library/Developer/Xcode/DerivedData/FinancialCalculatorKit-ackorybalcxbfocbkqsfdzcfkgmn/Build/Intermediates.noindex/swift-numerics.build/Debug/ComplexModule.build/Objects-normal/arm64/ComplexModule_const_extract_protocols.json

WriteAuxiliaryFile /Users/rogerlin/Library/Developer/Xcode/DerivedData/FinancialCalculatorKit-ackorybalcxbfocbkqsfdzcfkgmn/Build/Intermediates.noindex/swift-numerics.build/Debug/ComplexModule.build/Objects-normal/arm64/ComplexModule.SwiftConstValuesFileList (in target 'ComplexModule' from project 'swift-numerics')
    cd /Users/rogerlin/Library/Developer/Xcode/DerivedData/FinancialCalculatorKit-ackorybalcxbfocbkqsfdzcfkgmn/SourcePackages/checkouts/swift-numerics
    write-file /Users/rogerlin/Library/Developer/Xcode/DerivedData/FinancialCalculatorKit-ackorybalcxbfocbkqsfdzcfkgmn/Build/Intermediates.noindex/swift-numerics.build/Debug/ComplexModule.build/Objects-normal/arm64/ComplexModule.SwiftConstValuesFileList

    Task input dependencies:

    Task output dependencies:
        /Users/rogerlin/Library/Developer/Xcode/DerivedData/FinancialCalculatorKit-ackorybalcxbfocbkqsfdzcfkgmn/Build/Intermediates.noindex/swift-numerics.build/Debug/ComplexModule.build/Objects-normal/arm64/ComplexModule.SwiftConstValuesFileList

WriteAuxiliaryFile /Users/rogerlin/Library/Developer/Xcode/DerivedData/FinancialCalculatorKit-ackorybalcxbfocbkqsfdzcfkgmn/Build/Intermediates.noindex/swift-numerics.build/Debug/ComplexModule.build/Objects-normal/arm64/ComplexModule.SwiftFileList (in target 'ComplexModule' from project 'swift-numerics')
    cd /Users/rogerlin/Library/Developer/Xcode/DerivedData/FinancialCalculatorKit-ackorybalcxbfocbkqsfdzcfkgmn/SourcePackages/checkouts/swift-numerics
    write-file /Users/rogerlin/Library/Developer/Xcode/DerivedData/FinancialCalculatorKit-ackorybalcxbfocbkqsfdzcfkgmn/Build/Intermediates.noindex/swift-numerics.build/Debug/ComplexModule.build/Objects-normal/arm64/ComplexModule.SwiftFileList

    Task input dependencies:

    Task output dependencies:
        /Users/rogerlin/Library/Developer/Xcode/DerivedData/FinancialCalculatorKit-ackorybalcxbfocbkqsfdzcfkgmn/Build/Intermediates.noindex/swift-numerics.build/Debug/ComplexModule.build/Objects-normal/arm64/ComplexModule.SwiftFileList

WriteAuxiliaryFile /Users/rogerlin/Library/Developer/Xcode/DerivedData/FinancialCalculatorKit-ackorybalcxbfocbkqsfdzcfkgmn/Build/Intermediates.noindex/swift-numerics.build/Debug/ComplexModule.build/Objects-normal/arm64/ComplexModule-OutputFileMap.json (in target 'ComplexModule' from project 'swift-numerics')
    cd /Users/rogerlin/Library/Developer/Xcode/DerivedData/FinancialCalculatorKit-ackorybalcxbfocbkqsfdzcfkgmn/SourcePackages/checkouts/swift-numerics
    write-file /Users/rogerlin/Library/Developer/Xcode/DerivedData/FinancialCalculatorKit-ackorybalcxbfocbkqsfdzcfkgmn/Build/Intermediates.noindex/swift-numerics.build/Debug/ComplexModule.build/Objects-normal/arm64/ComplexModule-OutputFileMap.json

    Task input dependencies:

    Task output dependencies:
        /Users/rogerlin/Library/Developer/Xcode/DerivedData/FinancialCalculatorKit-ackorybalcxbfocbkqsfdzcfkgmn/Build/Intermediates.noindex/swift-numerics.build/Debug/ComplexModule.build/Objects-normal/arm64/ComplexModule-OutputFileMap.json

WriteAuxiliaryFile /Users/rogerlin/Library/Developer/Xcode/DerivedData/FinancialCalculatorKit-ackorybalcxbfocbkqsfdzcfkgmn/Build/Intermediates.noindex/swift-numerics.build/Debug/_NumericsShims.build/Objects-normal/arm64/7187679823f38a2a940e0043cdf9d637-common-args.resp (in target '_NumericsShims' from project 'swift-numerics')
    cd /Users/rogerlin/Library/Developer/Xcode/DerivedData/FinancialCalculatorKit-ackorybalcxbfocbkqsfdzcfkgmn/SourcePackages/checkouts/swift-numerics
    write-file /Users/rogerlin/Library/Developer/Xcode/DerivedData/FinancialCalculatorKit-ackorybalcxbfocbkqsfdzcfkgmn/Build/Intermediates.noindex/swift-numerics.build/Debug/_NumericsShims.build/Objects-normal/arm64/7187679823f38a2a940e0043cdf9d637-common-args.resp

    Task input dependencies:

    Task output dependencies:
        /Users/rogerlin/Library/Developer/Xcode/DerivedData/FinancialCalculatorKit-ackorybalcxbfocbkqsfdzcfkgmn/Build/Intermediates.noindex/swift-numerics.build/Debug/_NumericsShims.build/Objects-normal/arm64/7187679823f38a2a940e0043cdf9d637-common-args.resp
-target arm64-apple-macos10.13 -fmodules -gmodules '-fmodules-cache-path=/Users/rogerlin/Library/Developer/Xcode/DerivedData/ModuleCache.noindex' '-fmodule-name=_NumericsShims' -fpascal-strings -O0 -DSWIFT_PACKAGE '-DDEBUG=1' -isysroot /Applications/Xcode.app/Contents/Developer/Platforms/MacOSX.platform/Developer/SDKs/MacOSX26.1.sdk -g -fprofile-instr-generate -fcoverage-mapping -I/Users/rogerlin/Library/Developer/Xcode/DerivedData/FinancialCalculatorKit-ackorybalcxbfocbkqsfdzcfkgmn/Build/Products/Debug/include -I/Users/rogerlin/Library/Developer/Xcode/DerivedData/FinancialCalculatorKit-ackorybalcxbfocbkqsfdzcfkgmn/SourcePackages/checkouts/swift-numerics/Sources/_NumericsShims/include -I/Users/rogerlin/Library/Developer/Xcode/DerivedData/FinancialCalculatorKit-ackorybalcxbfocbkqsfdzcfkgmn/Build/Intermediates.noindex/swift-numerics.build/Debug/_NumericsShims.build/DerivedSources-normal/arm64 -I/Users/rogerlin/Library/Developer/Xcode/DerivedData/FinancialCalculatorKit-ackorybalcxbfocbkqsfdzcfkgmn/Build/Intermediates.noindex/swift-numerics.build/Debug/_NumericsShims.build/DerivedSources/arm64 -I/Users/rogerlin/Library/Developer/Xcode/DerivedData/FinancialCalculatorKit-ackorybalcxbfocbkqsfdzcfkgmn/Build/Intermediates.noindex/swift-numerics.build/Debug/_NumericsShims.build/DerivedSources -F/Users/rogerlin/Library/Developer/Xcode/DerivedData/FinancialCalculatorKit-ackorybalcxbfocbkqsfdzcfkgmn/Build/Products/Debug -iframework /Applications/Xcode.app/Contents/Developer/Platforms/MacOSX.platform/Developer/Library/Frameworks -DXcode

WriteAuxiliaryFile /Users/rogerlin/Library/Developer/Xcode/DerivedData/FinancialCalculatorKit-ackorybalcxbfocbkqsfdzcfkgmn/Build/Intermediates.noindex/swift-numerics.build/Debug/_NumericsShims.build/Objects-normal/arm64/_NumericsShims.LinkFileList (in target '_NumericsShims' from project 'swift-numerics')
    cd /Users/rogerlin/Library/Developer/Xcode/DerivedData/FinancialCalculatorKit-ackorybalcxbfocbkqsfdzcfkgmn/SourcePackages/checkouts/swift-numerics
    write-file /Users/rogerlin/Library/Developer/Xcode/DerivedData/FinancialCalculatorKit-ackorybalcxbfocbkqsfdzcfkgmn/Build/Intermediates.noindex/swift-numerics.build/Debug/_NumericsShims.build/Objects-normal/arm64/_NumericsShims.LinkFileList

    Task input dependencies:

    Task output dependencies:
        /Users/rogerlin/Library/Developer/Xcode/DerivedData/FinancialCalculatorKit-ackorybalcxbfocbkqsfdzcfkgmn/Build/Intermediates.noindex/swift-numerics.build/Debug/_NumericsShims.build/Objects-normal/arm64/_NumericsShims.LinkFileList

WriteAuxiliaryFile /Users/rogerlin/Library/Developer/Xcode/DerivedData/FinancialCalculatorKit-ackorybalcxbfocbkqsfdzcfkgmn/Build/Intermediates.noindex/xctest-dynamic-overlay.build/Debug/XCTestDynamicOverlay.build/XCTestDynamicOverlay.modulemap (in target 'XCTestDynamicOverlay' from project 'xctest-dynamic-overlay')
    cd /Users/rogerlin/Library/Developer/Xcode/DerivedData/FinancialCalculatorKit-ackorybalcxbfocbkqsfdzcfkgmn/SourcePackages/checkouts/xctest-dynamic-overlay
    write-file /Users/rogerlin/Library/Developer/Xcode/DerivedData/FinancialCalculatorKit-ackorybalcxbfocbkqsfdzcfkgmn/Build/Intermediates.noindex/xctest-dynamic-overlay.build/Debug/XCTestDynamicOverlay.build/XCTestDynamicOverlay.modulemap

    Task input dependencies:

    Task output dependencies:
        /Users/rogerlin/Library/Developer/Xcode/DerivedData/FinancialCalculatorKit-ackorybalcxbfocbkqsfdzcfkgmn/Build/Intermediates.noindex/xctest-dynamic-overlay.build/Debug/XCTestDynamicOverlay.build/XCTestDynamicOverlay.modulemap

WriteAuxiliaryFile /Users/rogerlin/Library/Developer/Xcode/DerivedData/FinancialCalculatorKit-ackorybalcxbfocbkqsfdzcfkgmn/Build/Intermediates.noindex/xctest-dynamic-overlay.build/Debug/XCTestDynamicOverlay.build/XCTestDynamicOverlay.DependencyStaticMetadataFileList (in target 'XCTestDynamicOverlay' from project 'xctest-dynamic-overlay')
    cd /Users/rogerlin/Library/Developer/Xcode/DerivedData/FinancialCalculatorKit-ackorybalcxbfocbkqsfdzcfkgmn/SourcePackages/checkouts/xctest-dynamic-overlay
    write-file /Users/rogerlin/Library/Developer/Xcode/DerivedData/FinancialCalculatorKit-ackorybalcxbfocbkqsfdzcfkgmn/Build/Intermediates.noindex/xctest-dynamic-overlay.build/Debug/XCTestDynamicOverlay.build/XCTestDynamicOverlay.DependencyStaticMetadataFileList

    Task input dependencies:

    Task output dependencies:
        /Users/rogerlin/Library/Developer/Xcode/DerivedData/FinancialCalculatorKit-ackorybalcxbfocbkqsfdzcfkgmn/Build/Intermediates.noindex/xctest-dynamic-overlay.build/Debug/XCTestDynamicOverlay.build/XCTestDynamicOverlay.DependencyStaticMetadataFileList

WriteAuxiliaryFile /Users/rogerlin/Library/Developer/Xcode/DerivedData/FinancialCalculatorKit-ackorybalcxbfocbkqsfdzcfkgmn/Build/Intermediates.noindex/xctest-dynamic-overlay.build/Debug/XCTestDynamicOverlay.build/XCTestDynamicOverlay.DependencyMetadataFileList (in target 'XCTestDynamicOverlay' from project 'xctest-dynamic-overlay')
    cd /Users/rogerlin/Library/Developer/Xcode/DerivedData/FinancialCalculatorKit-ackorybalcxbfocbkqsfdzcfkgmn/SourcePackages/checkouts/xctest-dynamic-overlay
    write-file /Users/rogerlin/Library/Developer/Xcode/DerivedData/FinancialCalculatorKit-ackorybalcxbfocbkqsfdzcfkgmn/Build/Intermediates.noindex/xctest-dynamic-overlay.build/Debug/XCTestDynamicOverlay.build/XCTestDynamicOverlay.DependencyMetadataFileList

    Task input dependencies:

    Task output dependencies:
        /Users/rogerlin/Library/Developer/Xcode/DerivedData/FinancialCalculatorKit-ackorybalcxbfocbkqsfdzcfkgmn/Build/Intermediates.noindex/xctest-dynamic-overlay.build/Debug/XCTestDynamicOverlay.build/XCTestDynamicOverlay.DependencyMetadataFileList

WriteAuxiliaryFile /Users/rogerlin/Library/Developer/Xcode/DerivedData/FinancialCalculatorKit-ackorybalcxbfocbkqsfdzcfkgmn/Build/Intermediates.noindex/xctest-dynamic-overlay.build/Debug/XCTestDynamicOverlay.build/Objects-normal/arm64/XCTestDynamicOverlay.LinkFileList (in target 'XCTestDynamicOverlay' from project 'xctest-dynamic-overlay')
    cd /Users/rogerlin/Library/Developer/Xcode/DerivedData/FinancialCalculatorKit-ackorybalcxbfocbkqsfdzcfkgmn/SourcePackages/checkouts/xctest-dynamic-overlay
    write-file /Users/rogerlin/Library/Developer/Xcode/DerivedData/FinancialCalculatorKit-ackorybalcxbfocbkqsfdzcfkgmn/Build/Intermediates.noindex/xctest-dynamic-overlay.build/Debug/XCTestDynamicOverlay.build/Objects-normal/arm64/XCTestDynamicOverlay.LinkFileList

    Task input dependencies:

    Task output dependencies:
        /Users/rogerlin/Library/Developer/Xcode/DerivedData/FinancialCalculatorKit-ackorybalcxbfocbkqsfdzcfkgmn/Build/Intermediates.noindex/xctest-dynamic-overlay.build/Debug/XCTestDynamicOverlay.build/Objects-normal/arm64/XCTestDynamicOverlay.LinkFileList

WriteAuxiliaryFile /Users/rogerlin/Library/Developer/Xcode/DerivedData/FinancialCalculatorKit-ackorybalcxbfocbkqsfdzcfkgmn/Build/Intermediates.noindex/xctest-dynamic-overlay.build/Debug/XCTestDynamicOverlay.build/Objects-normal/arm64/XCTestDynamicOverlay.SwiftFileList (in target 'XCTestDynamicOverlay' from project 'xctest-dynamic-overlay')
    cd /Users/rogerlin/Library/Developer/Xcode/DerivedData/FinancialCalculatorKit-ackorybalcxbfocbkqsfdzcfkgmn/SourcePackages/checkouts/xctest-dynamic-overlay
    write-file /Users/rogerlin/Library/Developer/Xcode/DerivedData/FinancialCalculatorKit-ackorybalcxbfocbkqsfdzcfkgmn/Build/Intermediates.noindex/xctest-dynamic-overlay.build/Debug/XCTestDynamicOverlay.build/Objects-normal/arm64/XCTestDynamicOverlay.SwiftFileList

    Task input dependencies:

    Task output dependencies:
        /Users/rogerlin/Library/Developer/Xcode/DerivedData/FinancialCalculatorKit-ackorybalcxbfocbkqsfdzcfkgmn/Build/Intermediates.noindex/xctest-dynamic-overlay.build/Debug/XCTestDynamicOverlay.build/Objects-normal/arm64/XCTestDynamicOverlay.SwiftFileList

WriteAuxiliaryFile /Users/rogerlin/Library/Developer/Xcode/DerivedData/FinancialCalculatorKit-ackorybalcxbfocbkqsfdzcfkgmn/Build/Intermediates.noindex/xctest-dynamic-overlay.build/Debug/XCTestDynamicOverlay.build/Objects-normal/arm64/XCTestDynamicOverlay.SwiftConstValuesFileList (in target 'XCTestDynamicOverlay' from project 'xctest-dynamic-overlay')
    cd /Users/rogerlin/Library/Developer/Xcode/DerivedData/FinancialCalculatorKit-ackorybalcxbfocbkqsfdzcfkgmn/SourcePackages/checkouts/xctest-dynamic-overlay
    write-file /Users/rogerlin/Library/Developer/Xcode/DerivedData/FinancialCalculatorKit-ackorybalcxbfocbkqsfdzcfkgmn/Build/Intermediates.noindex/xctest-dynamic-overlay.build/Debug/XCTestDynamicOverlay.build/Objects-normal/arm64/XCTestDynamicOverlay.SwiftConstValuesFileList

    Task input dependencies:

    Task output dependencies:
        /Users/rogerlin/Library/Developer/Xcode/DerivedData/FinancialCalculatorKit-ackorybalcxbfocbkqsfdzcfkgmn/Build/Intermediates.noindex/xctest-dynamic-overlay.build/Debug/XCTestDynamicOverlay.build/Objects-normal/arm64/XCTestDynamicOverlay.SwiftConstValuesFileList

WriteAuxiliaryFile /Users/rogerlin/Library/Developer/Xcode/DerivedData/FinancialCalculatorKit-ackorybalcxbfocbkqsfdzcfkgmn/Build/Intermediates.noindex/xctest-dynamic-overlay.build/Debug/XCTestDynamicOverlay.build/Objects-normal/arm64/XCTestDynamicOverlay_const_extract_protocols.json (in target 'XCTestDynamicOverlay' from project 'xctest-dynamic-overlay')
    cd /Users/rogerlin/Library/Developer/Xcode/DerivedData/FinancialCalculatorKit-ackorybalcxbfocbkqsfdzcfkgmn/SourcePackages/checkouts/xctest-dynamic-overlay
    write-file /Users/rogerlin/Library/Developer/Xcode/DerivedData/FinancialCalculatorKit-ackorybalcxbfocbkqsfdzcfkgmn/Build/Intermediates.noindex/xctest-dynamic-overlay.build/Debug/XCTestDynamicOverlay.build/Objects-normal/arm64/XCTestDynamicOverlay_const_extract_protocols.json

    Task input dependencies:

    Task output dependencies:
        /Users/rogerlin/Library/Developer/Xcode/DerivedData/FinancialCalculatorKit-ackorybalcxbfocbkqsfdzcfkgmn/Build/Intermediates.noindex/xctest-dynamic-overlay.build/Debug/XCTestDynamicOverlay.build/Objects-normal/arm64/XCTestDynamicOverlay_const_extract_protocols.json

WriteAuxiliaryFile /Users/rogerlin/Library/Developer/Xcode/DerivedData/FinancialCalculatorKit-ackorybalcxbfocbkqsfdzcfkgmn/Build/Intermediates.noindex/xctest-dynamic-overlay.build/Debug/XCTestDynamicOverlay.build/Objects-normal/arm64/XCTestDynamicOverlay-OutputFileMap.json (in target 'XCTestDynamicOverlay' from project 'xctest-dynamic-overlay')
    cd /Users/rogerlin/Library/Developer/Xcode/DerivedData/FinancialCalculatorKit-ackorybalcxbfocbkqsfdzcfkgmn/SourcePackages/checkouts/xctest-dynamic-overlay
    write-file /Users/rogerlin/Library/Developer/Xcode/DerivedData/FinancialCalculatorKit-ackorybalcxbfocbkqsfdzcfkgmn/Build/Intermediates.noindex/xctest-dynamic-overlay.build/Debug/XCTestDynamicOverlay.build/Objects-normal/arm64/XCTestDynamicOverlay-OutputFileMap.json

    Task input dependencies:

    Task output dependencies:
        /Users/rogerlin/Library/Developer/Xcode/DerivedData/FinancialCalculatorKit-ackorybalcxbfocbkqsfdzcfkgmn/Build/Intermediates.noindex/xctest-dynamic-overlay.build/Debug/XCTestDynamicOverlay.build/Objects-normal/arm64/XCTestDynamicOverlay-OutputFileMap.json

WriteAuxiliaryFile /Users/rogerlin/Library/Developer/Xcode/DerivedData/FinancialCalculatorKit-ackorybalcxbfocbkqsfdzcfkgmn/Build/Intermediates.noindex/UInt128.build/Debug/UInt128.build/UInt128.modulemap (in target 'UInt128' from project 'UInt128')
    cd /Users/rogerlin/Library/Developer/Xcode/DerivedData/FinancialCalculatorKit-ackorybalcxbfocbkqsfdzcfkgmn/SourcePackages/checkouts/UInt128
    write-file /Users/rogerlin/Library/Developer/Xcode/DerivedData/FinancialCalculatorKit-ackorybalcxbfocbkqsfdzcfkgmn/Build/Intermediates.noindex/UInt128.build/Debug/UInt128.build/UInt128.modulemap

    Task input dependencies:

    Task output dependencies:
        /Users/rogerlin/Library/Developer/Xcode/DerivedData/FinancialCalculatorKit-ackorybalcxbfocbkqsfdzcfkgmn/Build/Intermediates.noindex/UInt128.build/Debug/UInt128.build/UInt128.modulemap

WriteAuxiliaryFile /Users/rogerlin/Library/Developer/Xcode/DerivedData/FinancialCalculatorKit-ackorybalcxbfocbkqsfdzcfkgmn/Build/Intermediates.noindex/UInt128.build/Debug/UInt128.build/UInt128.DependencyStaticMetadataFileList (in target 'UInt128' from project 'UInt128')
    cd /Users/rogerlin/Library/Developer/Xcode/DerivedData/FinancialCalculatorKit-ackorybalcxbfocbkqsfdzcfkgmn/SourcePackages/checkouts/UInt128
    write-file /Users/rogerlin/Library/Developer/Xcode/DerivedData/FinancialCalculatorKit-ackorybalcxbfocbkqsfdzcfkgmn/Build/Intermediates.noindex/UInt128.build/Debug/UInt128.build/UInt128.DependencyStaticMetadataFileList

    Task input dependencies:

    Task output dependencies:
        /Users/rogerlin/Library/Developer/Xcode/DerivedData/FinancialCalculatorKit-ackorybalcxbfocbkqsfdzcfkgmn/Build/Intermediates.noindex/UInt128.build/Debug/UInt128.build/UInt128.DependencyStaticMetadataFileList

WriteAuxiliaryFile /Users/rogerlin/Library/Developer/Xcode/DerivedData/FinancialCalculatorKit-ackorybalcxbfocbkqsfdzcfkgmn/Build/Intermediates.noindex/UInt128.build/Debug/UInt128.build/UInt128.DependencyMetadataFileList (in target 'UInt128' from project 'UInt128')
    cd /Users/rogerlin/Library/Developer/Xcode/DerivedData/FinancialCalculatorKit-ackorybalcxbfocbkqsfdzcfkgmn/SourcePackages/checkouts/UInt128
    write-file /Users/rogerlin/Library/Developer/Xcode/DerivedData/FinancialCalculatorKit-ackorybalcxbfocbkqsfdzcfkgmn/Build/Intermediates.noindex/UInt128.build/Debug/UInt128.build/UInt128.DependencyMetadataFileList

    Task input dependencies:

    Task output dependencies:
        /Users/rogerlin/Library/Developer/Xcode/DerivedData/FinancialCalculatorKit-ackorybalcxbfocbkqsfdzcfkgmn/Build/Intermediates.noindex/UInt128.build/Debug/UInt128.build/UInt128.DependencyMetadataFileList

WriteAuxiliaryFile /Users/rogerlin/Library/Developer/Xcode/DerivedData/FinancialCalculatorKit-ackorybalcxbfocbkqsfdzcfkgmn/Build/Intermediates.noindex/UInt128.build/Debug/UInt128.build/Objects-normal/arm64/UInt128.SwiftFileList (in target 'UInt128' from project 'UInt128')
    cd /Users/rogerlin/Library/Developer/Xcode/DerivedData/FinancialCalculatorKit-ackorybalcxbfocbkqsfdzcfkgmn/SourcePackages/checkouts/UInt128
    write-file /Users/rogerlin/Library/Developer/Xcode/DerivedData/FinancialCalculatorKit-ackorybalcxbfocbkqsfdzcfkgmn/Build/Intermediates.noindex/UInt128.build/Debug/UInt128.build/Objects-normal/arm64/UInt128.SwiftFileList

    Task input dependencies:

    Task output dependencies:
        /Users/rogerlin/Library/Developer/Xcode/DerivedData/FinancialCalculatorKit-ackorybalcxbfocbkqsfdzcfkgmn/Build/Intermediates.noindex/UInt128.build/Debug/UInt128.build/Objects-normal/arm64/UInt128.SwiftFileList

WriteAuxiliaryFile /Users/rogerlin/Library/Developer/Xcode/DerivedData/FinancialCalculatorKit-ackorybalcxbfocbkqsfdzcfkgmn/Build/Intermediates.noindex/UInt128.build/Debug/UInt128.build/Objects-normal/arm64/UInt128_const_extract_protocols.json (in target 'UInt128' from project 'UInt128')
    cd /Users/rogerlin/Library/Developer/Xcode/DerivedData/FinancialCalculatorKit-ackorybalcxbfocbkqsfdzcfkgmn/SourcePackages/checkouts/UInt128
    write-file /Users/rogerlin/Library/Developer/Xcode/DerivedData/FinancialCalculatorKit-ackorybalcxbfocbkqsfdzcfkgmn/Build/Intermediates.noindex/UInt128.build/Debug/UInt128.build/Objects-normal/arm64/UInt128_const_extract_protocols.json

    Task input dependencies:

    Task output dependencies:
        /Users/rogerlin/Library/Developer/Xcode/DerivedData/FinancialCalculatorKit-ackorybalcxbfocbkqsfdzcfkgmn/Build/Intermediates.noindex/UInt128.build/Debug/UInt128.build/Objects-normal/arm64/UInt128_const_extract_protocols.json

WriteAuxiliaryFile /Users/rogerlin/Library/Developer/Xcode/DerivedData/FinancialCalculatorKit-ackorybalcxbfocbkqsfdzcfkgmn/Build/Intermediates.noindex/UInt128.build/Debug/UInt128.build/Objects-normal/arm64/UInt128.SwiftConstValuesFileList (in target 'UInt128' from project 'UInt128')
    cd /Users/rogerlin/Library/Developer/Xcode/DerivedData/FinancialCalculatorKit-ackorybalcxbfocbkqsfdzcfkgmn/SourcePackages/checkouts/UInt128
    write-file /Users/rogerlin/Library/Developer/Xcode/DerivedData/FinancialCalculatorKit-ackorybalcxbfocbkqsfdzcfkgmn/Build/Intermediates.noindex/UInt128.build/Debug/UInt128.build/Objects-normal/arm64/UInt128.SwiftConstValuesFileList

    Task input dependencies:

    Task output dependencies:
        /Users/rogerlin/Library/Developer/Xcode/DerivedData/FinancialCalculatorKit-ackorybalcxbfocbkqsfdzcfkgmn/Build/Intermediates.noindex/UInt128.build/Debug/UInt128.build/Objects-normal/arm64/UInt128.SwiftConstValuesFileList

WriteAuxiliaryFile /Users/rogerlin/Library/Developer/Xcode/DerivedData/FinancialCalculatorKit-ackorybalcxbfocbkqsfdzcfkgmn/Build/Intermediates.noindex/UInt128.build/Debug/UInt128.build/Objects-normal/arm64/UInt128.LinkFileList (in target 'UInt128' from project 'UInt128')
    cd /Users/rogerlin/Library/Developer/Xcode/DerivedData/FinancialCalculatorKit-ackorybalcxbfocbkqsfdzcfkgmn/SourcePackages/checkouts/UInt128
    write-file /Users/rogerlin/Library/Developer/Xcode/DerivedData/FinancialCalculatorKit-ackorybalcxbfocbkqsfdzcfkgmn/Build/Intermediates.noindex/UInt128.build/Debug/UInt128.build/Objects-normal/arm64/UInt128.LinkFileList

    Task input dependencies:

    Task output dependencies:
        /Users/rogerlin/Library/Developer/Xcode/DerivedData/FinancialCalculatorKit-ackorybalcxbfocbkqsfdzcfkgmn/Build/Intermediates.noindex/UInt128.build/Debug/UInt128.build/Objects-normal/arm64/UInt128.LinkFileList

WriteAuxiliaryFile /Users/rogerlin/Library/Developer/Xcode/DerivedData/FinancialCalculatorKit-ackorybalcxbfocbkqsfdzcfkgmn/Build/Intermediates.noindex/UInt128.build/Debug/UInt128.build/Objects-normal/arm64/UInt128-OutputFileMap.json (in target 'UInt128' from project 'UInt128')
    cd /Users/rogerlin/Library/Developer/Xcode/DerivedData/FinancialCalculatorKit-ackorybalcxbfocbkqsfdzcfkgmn/SourcePackages/checkouts/UInt128
    write-file /Users/rogerlin/Library/Developer/Xcode/DerivedData/FinancialCalculatorKit-ackorybalcxbfocbkqsfdzcfkgmn/Build/Intermediates.noindex/UInt128.build/Debug/UInt128.build/Objects-normal/arm64/UInt128-OutputFileMap.json

    Task input dependencies:

    Task output dependencies:
        /Users/rogerlin/Library/Developer/Xcode/DerivedData/FinancialCalculatorKit-ackorybalcxbfocbkqsfdzcfkgmn/Build/Intermediates.noindex/UInt128.build/Debug/UInt128.build/Objects-normal/arm64/UInt128-OutputFileMap.json

Copy /Users/rogerlin/Library/Developer/Xcode/DerivedData/FinancialCalculatorKit-ackorybalcxbfocbkqsfdzcfkgmn/Build/Intermediates.noindex/GeneratedModuleMaps/XCTestDynamicOverlay.modulemap /Users/rogerlin/Library/Developer/Xcode/DerivedData/FinancialCalculatorKit-ackorybalcxbfocbkqsfdzcfkgmn/Build/Intermediates.noindex/xctest-dynamic-overlay.build/Debug/XCTestDynamicOverlay.build/XCTestDynamicOverlay.modulemap (in target 'XCTestDynamicOverlay' from project 'xctest-dynamic-overlay')
    cd /Users/rogerlin/Library/Developer/Xcode/DerivedData/FinancialCalculatorKit-ackorybalcxbfocbkqsfdzcfkgmn/SourcePackages/checkouts/xctest-dynamic-overlay
    builtin-copy -exclude .DS_Store -exclude CVS -exclude .svn -exclude .git -exclude .hg -resolve-src-symlinks /Users/rogerlin/Library/Developer/Xcode/DerivedData/FinancialCalculatorKit-ackorybalcxbfocbkqsfdzcfkgmn/Build/Intermediates.noindex/xctest-dynamic-overlay.build/Debug/XCTestDynamicOverlay.build/XCTestDynamicOverlay.modulemap /Users/rogerlin/Library/Developer/Xcode/DerivedData/FinancialCalculatorKit-ackorybalcxbfocbkqsfdzcfkgmn/Build/Intermediates.noindex/GeneratedModuleMaps

    Task input dependencies:
        /Users/rogerlin/Library/Developer/Xcode/DerivedData/FinancialCalculatorKit-ackorybalcxbfocbkqsfdzcfkgmn/Build/Intermediates.noindex/xctest-dynamic-overlay.build/Debug/XCTestDynamicOverlay.build/XCTestDynamicOverlay.modulemap/

    Task output dependencies:
        /Users/rogerlin/Library/Developer/Xcode/DerivedData/FinancialCalculatorKit-ackorybalcxbfocbkqsfdzcfkgmn/Build/Intermediates.noindex/GeneratedModuleMaps/XCTestDynamicOverlay.modulemap

WriteAuxiliaryFile /Users/rogerlin/Library/Developer/Xcode/DerivedData/FinancialCalculatorKit-ackorybalcxbfocbkqsfdzcfkgmn/Build/Intermediates.noindex/SwiftDraw.build/Debug/SwiftDrawDOM.build/SwiftDrawDOM.modulemap (in target 'SwiftDrawDOM' from project 'SwiftDraw')
    cd /Users/rogerlin/Library/Developer/Xcode/DerivedData/FinancialCalculatorKit-ackorybalcxbfocbkqsfdzcfkgmn/SourcePackages/checkouts/SwiftDraw
    write-file /Users/rogerlin/Library/Developer/Xcode/DerivedData/FinancialCalculatorKit-ackorybalcxbfocbkqsfdzcfkgmn/Build/Intermediates.noindex/SwiftDraw.build/Debug/SwiftDrawDOM.build/SwiftDrawDOM.modulemap

    Task input dependencies:

    Task output dependencies:
        /Users/rogerlin/Library/Developer/Xcode/DerivedData/FinancialCalculatorKit-ackorybalcxbfocbkqsfdzcfkgmn/Build/Intermediates.noindex/SwiftDraw.build/Debug/SwiftDrawDOM.build/SwiftDrawDOM.modulemap

WriteAuxiliaryFile /Users/rogerlin/Library/Developer/Xcode/DerivedData/FinancialCalculatorKit-ackorybalcxbfocbkqsfdzcfkgmn/Build/Intermediates.noindex/SwiftDraw.build/Debug/SwiftDrawDOM.build/SwiftDrawDOM.DependencyStaticMetadataFileList (in target 'SwiftDrawDOM' from project 'SwiftDraw')
    cd /Users/rogerlin/Library/Developer/Xcode/DerivedData/FinancialCalculatorKit-ackorybalcxbfocbkqsfdzcfkgmn/SourcePackages/checkouts/SwiftDraw
    write-file /Users/rogerlin/Library/Developer/Xcode/DerivedData/FinancialCalculatorKit-ackorybalcxbfocbkqsfdzcfkgmn/Build/Intermediates.noindex/SwiftDraw.build/Debug/SwiftDrawDOM.build/SwiftDrawDOM.DependencyStaticMetadataFileList

    Task input dependencies:

    Task output dependencies:
        /Users/rogerlin/Library/Developer/Xcode/DerivedData/FinancialCalculatorKit-ackorybalcxbfocbkqsfdzcfkgmn/Build/Intermediates.noindex/SwiftDraw.build/Debug/SwiftDrawDOM.build/SwiftDrawDOM.DependencyStaticMetadataFileList

WriteAuxiliaryFile /Users/rogerlin/Library/Developer/Xcode/DerivedData/FinancialCalculatorKit-ackorybalcxbfocbkqsfdzcfkgmn/Build/Intermediates.noindex/SwiftDraw.build/Debug/SwiftDrawDOM.build/SwiftDrawDOM.DependencyMetadataFileList (in target 'SwiftDrawDOM' from project 'SwiftDraw')
    cd /Users/rogerlin/Library/Developer/Xcode/DerivedData/FinancialCalculatorKit-ackorybalcxbfocbkqsfdzcfkgmn/SourcePackages/checkouts/SwiftDraw
    write-file /Users/rogerlin/Library/Developer/Xcode/DerivedData/FinancialCalculatorKit-ackorybalcxbfocbkqsfdzcfkgmn/Build/Intermediates.noindex/SwiftDraw.build/Debug/SwiftDrawDOM.build/SwiftDrawDOM.DependencyMetadataFileList

    Task input dependencies:

    Task output dependencies:
        /Users/rogerlin/Library/Developer/Xcode/DerivedData/FinancialCalculatorKit-ackorybalcxbfocbkqsfdzcfkgmn/Build/Intermediates.noindex/SwiftDraw.build/Debug/SwiftDrawDOM.build/SwiftDrawDOM.DependencyMetadataFileList

Copy /Users/rogerlin/Library/Developer/Xcode/DerivedData/FinancialCalculatorKit-ackorybalcxbfocbkqsfdzcfkgmn/Build/Intermediates.noindex/GeneratedModuleMaps/UInt128.modulemap /Users/rogerlin/Library/Developer/Xcode/DerivedData/FinancialCalculatorKit-ackorybalcxbfocbkqsfdzcfkgmn/Build/Intermediates.noindex/UInt128.build/Debug/UInt128.build/UInt128.modulemap (in target 'UInt128' from project 'UInt128')
    cd /Users/rogerlin/Library/Developer/Xcode/DerivedData/FinancialCalculatorKit-ackorybalcxbfocbkqsfdzcfkgmn/SourcePackages/checkouts/UInt128
    builtin-copy -exclude .DS_Store -exclude CVS -exclude .svn -exclude .git -exclude .hg -resolve-src-symlinks /Users/rogerlin/Library/Developer/Xcode/DerivedData/FinancialCalculatorKit-ackorybalcxbfocbkqsfdzcfkgmn/Build/Intermediates.noindex/UInt128.build/Debug/UInt128.build/UInt128.modulemap /Users/rogerlin/Library/Developer/Xcode/DerivedData/FinancialCalculatorKit-ackorybalcxbfocbkqsfdzcfkgmn/Build/Intermediates.noindex/GeneratedModuleMaps

    Task input dependencies:
        /Users/rogerlin/Library/Developer/Xcode/DerivedData/FinancialCalculatorKit-ackorybalcxbfocbkqsfdzcfkgmn/Build/Intermediates.noindex/UInt128.build/Debug/UInt128.build/UInt128.modulemap/

    Task output dependencies:
        /Users/rogerlin/Library/Developer/Xcode/DerivedData/FinancialCalculatorKit-ackorybalcxbfocbkqsfdzcfkgmn/Build/Intermediates.noindex/GeneratedModuleMaps/UInt128.modulemap

WriteAuxiliaryFile /Users/rogerlin/Library/Developer/Xcode/DerivedData/FinancialCalculatorKit-ackorybalcxbfocbkqsfdzcfkgmn/Build/Intermediates.noindex/SwiftDraw.build/Debug/SwiftDrawDOM.build/Objects-normal/arm64/SwiftDrawDOM.SwiftFileList (in target 'SwiftDrawDOM' from project 'SwiftDraw')
    cd /Users/rogerlin/Library/Developer/Xcode/DerivedData/FinancialCalculatorKit-ackorybalcxbfocbkqsfdzcfkgmn/SourcePackages/checkouts/SwiftDraw
    write-file /Users/rogerlin/Library/Developer/Xcode/DerivedData/FinancialCalculatorKit-ackorybalcxbfocbkqsfdzcfkgmn/Build/Intermediates.noindex/SwiftDraw.build/Debug/SwiftDrawDOM.build/Objects-normal/arm64/SwiftDrawDOM.SwiftFileList

    Task input dependencies:

    Task output dependencies:
        /Users/rogerlin/Library/Developer/Xcode/DerivedData/FinancialCalculatorKit-ackorybalcxbfocbkqsfdzcfkgmn/Build/Intermediates.noindex/SwiftDraw.build/Debug/SwiftDrawDOM.build/Objects-normal/arm64/SwiftDrawDOM.SwiftFileList

WriteAuxiliaryFile /Users/rogerlin/Library/Developer/Xcode/DerivedData/FinancialCalculatorKit-ackorybalcxbfocbkqsfdzcfkgmn/Build/Intermediates.noindex/SwiftDraw.build/Debug/SwiftDrawDOM.build/Objects-normal/arm64/SwiftDrawDOM_const_extract_protocols.json (in target 'SwiftDrawDOM' from project 'SwiftDraw')
    cd /Users/rogerlin/Library/Developer/Xcode/DerivedData/FinancialCalculatorKit-ackorybalcxbfocbkqsfdzcfkgmn/SourcePackages/checkouts/SwiftDraw
    write-file /Users/rogerlin/Library/Developer/Xcode/DerivedData/FinancialCalculatorKit-ackorybalcxbfocbkqsfdzcfkgmn/Build/Intermediates.noindex/SwiftDraw.build/Debug/SwiftDrawDOM.build/Objects-normal/arm64/SwiftDrawDOM_const_extract_protocols.json

    Task input dependencies:

    Task output dependencies:
        /Users/rogerlin/Library/Developer/Xcode/DerivedData/FinancialCalculatorKit-ackorybalcxbfocbkqsfdzcfkgmn/Build/Intermediates.noindex/SwiftDraw.build/Debug/SwiftDrawDOM.build/Objects-normal/arm64/SwiftDrawDOM_const_extract_protocols.json

WriteAuxiliaryFile /Users/rogerlin/Library/Developer/Xcode/DerivedData/FinancialCalculatorKit-ackorybalcxbfocbkqsfdzcfkgmn/Build/Intermediates.noindex/SwiftDraw.build/Debug/SwiftDrawDOM.build/Objects-normal/arm64/SwiftDrawDOM.SwiftConstValuesFileList (in target 'SwiftDrawDOM' from project 'SwiftDraw')
    cd /Users/rogerlin/Library/Developer/Xcode/DerivedData/FinancialCalculatorKit-ackorybalcxbfocbkqsfdzcfkgmn/SourcePackages/checkouts/SwiftDraw
    write-file /Users/rogerlin/Library/Developer/Xcode/DerivedData/FinancialCalculatorKit-ackorybalcxbfocbkqsfdzcfkgmn/Build/Intermediates.noindex/SwiftDraw.build/Debug/SwiftDrawDOM.build/Objects-normal/arm64/SwiftDrawDOM.SwiftConstValuesFileList

    Task input dependencies:

    Task output dependencies:
        /Users/rogerlin/Library/Developer/Xcode/DerivedData/FinancialCalculatorKit-ackorybalcxbfocbkqsfdzcfkgmn/Build/Intermediates.noindex/SwiftDraw.build/Debug/SwiftDrawDOM.build/Objects-normal/arm64/SwiftDrawDOM.SwiftConstValuesFileList

WriteAuxiliaryFile /Users/rogerlin/Library/Developer/Xcode/DerivedData/FinancialCalculatorKit-ackorybalcxbfocbkqsfdzcfkgmn/Build/Intermediates.noindex/SwiftDraw.build/Debug/SwiftDrawDOM.build/Objects-normal/arm64/SwiftDrawDOM.LinkFileList (in target 'SwiftDrawDOM' from project 'SwiftDraw')
    cd /Users/rogerlin/Library/Developer/Xcode/DerivedData/FinancialCalculatorKit-ackorybalcxbfocbkqsfdzcfkgmn/SourcePackages/checkouts/SwiftDraw
    write-file /Users/rogerlin/Library/Developer/Xcode/DerivedData/FinancialCalculatorKit-ackorybalcxbfocbkqsfdzcfkgmn/Build/Intermediates.noindex/SwiftDraw.build/Debug/SwiftDrawDOM.build/Objects-normal/arm64/SwiftDrawDOM.LinkFileList

    Task input dependencies:

    Task output dependencies:
        /Users/rogerlin/Library/Developer/Xcode/DerivedData/FinancialCalculatorKit-ackorybalcxbfocbkqsfdzcfkgmn/Build/Intermediates.noindex/SwiftDraw.build/Debug/SwiftDrawDOM.build/Objects-normal/arm64/SwiftDrawDOM.LinkFileList

WriteAuxiliaryFile /Users/rogerlin/Library/Developer/Xcode/DerivedData/FinancialCalculatorKit-ackorybalcxbfocbkqsfdzcfkgmn/Build/Intermediates.noindex/SwiftDraw.build/Debug/SwiftDrawDOM.build/Objects-normal/arm64/SwiftDrawDOM-OutputFileMap.json (in target 'SwiftDrawDOM' from project 'SwiftDraw')
    cd /Users/rogerlin/Library/Developer/Xcode/DerivedData/FinancialCalculatorKit-ackorybalcxbfocbkqsfdzcfkgmn/SourcePackages/checkouts/SwiftDraw
    write-file /Users/rogerlin/Library/Developer/Xcode/DerivedData/FinancialCalculatorKit-ackorybalcxbfocbkqsfdzcfkgmn/Build/Intermediates.noindex/SwiftDraw.build/Debug/SwiftDrawDOM.build/Objects-normal/arm64/SwiftDrawDOM-OutputFileMap.json

    Task input dependencies:

    Task output dependencies:
        /Users/rogerlin/Library/Developer/Xcode/DerivedData/FinancialCalculatorKit-ackorybalcxbfocbkqsfdzcfkgmn/Build/Intermediates.noindex/SwiftDraw.build/Debug/SwiftDrawDOM.build/Objects-normal/arm64/SwiftDrawDOM-OutputFileMap.json

WriteAuxiliaryFile /Users/rogerlin/Library/Developer/Xcode/DerivedData/FinancialCalculatorKit-ackorybalcxbfocbkqsfdzcfkgmn/Build/Intermediates.noindex/SwiftDraw.build/Debug/SwiftDraw.build/SwiftDraw.DependencyStaticMetadataFileList (in target 'SwiftDraw' from project 'SwiftDraw')
    cd /Users/rogerlin/Library/Developer/Xcode/DerivedData/FinancialCalculatorKit-ackorybalcxbfocbkqsfdzcfkgmn/SourcePackages/checkouts/SwiftDraw
    write-file /Users/rogerlin/Library/Developer/Xcode/DerivedData/FinancialCalculatorKit-ackorybalcxbfocbkqsfdzcfkgmn/Build/Intermediates.noindex/SwiftDraw.build/Debug/SwiftDraw.build/SwiftDraw.DependencyStaticMetadataFileList

    Task input dependencies:

    Task output dependencies:
        /Users/rogerlin/Library/Developer/Xcode/DerivedData/FinancialCalculatorKit-ackorybalcxbfocbkqsfdzcfkgmn/Build/Intermediates.noindex/SwiftDraw.build/Debug/SwiftDraw.build/SwiftDraw.DependencyStaticMetadataFileList

WriteAuxiliaryFile /Users/rogerlin/Library/Developer/Xcode/DerivedData/FinancialCalculatorKit-ackorybalcxbfocbkqsfdzcfkgmn/Build/Intermediates.noindex/SwiftDraw.build/Debug/SwiftDraw.build/SwiftDraw.modulemap (in target 'SwiftDraw' from project 'SwiftDraw')
    cd /Users/rogerlin/Library/Developer/Xcode/DerivedData/FinancialCalculatorKit-ackorybalcxbfocbkqsfdzcfkgmn/SourcePackages/checkouts/SwiftDraw
    write-file /Users/rogerlin/Library/Developer/Xcode/DerivedData/FinancialCalculatorKit-ackorybalcxbfocbkqsfdzcfkgmn/Build/Intermediates.noindex/SwiftDraw.build/Debug/SwiftDraw.build/SwiftDraw.modulemap

    Task input dependencies:

    Task output dependencies:
        /Users/rogerlin/Library/Developer/Xcode/DerivedData/FinancialCalculatorKit-ackorybalcxbfocbkqsfdzcfkgmn/Build/Intermediates.noindex/SwiftDraw.build/Debug/SwiftDraw.build/SwiftDraw.modulemap

WriteAuxiliaryFile /Users/rogerlin/Library/Developer/Xcode/DerivedData/FinancialCalculatorKit-ackorybalcxbfocbkqsfdzcfkgmn/Build/Intermediates.noindex/SwiftDraw.build/Debug/SwiftDraw.build/SwiftDraw.DependencyMetadataFileList (in target 'SwiftDraw' from project 'SwiftDraw')
    cd /Users/rogerlin/Library/Developer/Xcode/DerivedData/FinancialCalculatorKit-ackorybalcxbfocbkqsfdzcfkgmn/SourcePackages/checkouts/SwiftDraw
    write-file /Users/rogerlin/Library/Developer/Xcode/DerivedData/FinancialCalculatorKit-ackorybalcxbfocbkqsfdzcfkgmn/Build/Intermediates.noindex/SwiftDraw.build/Debug/SwiftDraw.build/SwiftDraw.DependencyMetadataFileList

    Task input dependencies:

    Task output dependencies:
        /Users/rogerlin/Library/Developer/Xcode/DerivedData/FinancialCalculatorKit-ackorybalcxbfocbkqsfdzcfkgmn/Build/Intermediates.noindex/SwiftDraw.build/Debug/SwiftDraw.build/SwiftDraw.DependencyMetadataFileList

WriteAuxiliaryFile /Users/rogerlin/Library/Developer/Xcode/DerivedData/FinancialCalculatorKit-ackorybalcxbfocbkqsfdzcfkgmn/Build/Intermediates.noindex/SwiftDraw.build/Debug/SwiftDraw.build/Objects-normal/arm64/SwiftDraw_const_extract_protocols.json (in target 'SwiftDraw' from project 'SwiftDraw')
    cd /Users/rogerlin/Library/Developer/Xcode/DerivedData/FinancialCalculatorKit-ackorybalcxbfocbkqsfdzcfkgmn/SourcePackages/checkouts/SwiftDraw
    write-file /Users/rogerlin/Library/Developer/Xcode/DerivedData/FinancialCalculatorKit-ackorybalcxbfocbkqsfdzcfkgmn/Build/Intermediates.noindex/SwiftDraw.build/Debug/SwiftDraw.build/Objects-normal/arm64/SwiftDraw_const_extract_protocols.json

    Task input dependencies:

    Task output dependencies:
        /Users/rogerlin/Library/Developer/Xcode/DerivedData/FinancialCalculatorKit-ackorybalcxbfocbkqsfdzcfkgmn/Build/Intermediates.noindex/SwiftDraw.build/Debug/SwiftDraw.build/Objects-normal/arm64/SwiftDraw_const_extract_protocols.json

WriteAuxiliaryFile /Users/rogerlin/Library/Developer/Xcode/DerivedData/FinancialCalculatorKit-ackorybalcxbfocbkqsfdzcfkgmn/Build/Intermediates.noindex/SwiftDraw.build/Debug/SwiftDraw.build/Objects-normal/arm64/SwiftDraw.SwiftFileList (in target 'SwiftDraw' from project 'SwiftDraw')
    cd /Users/rogerlin/Library/Developer/Xcode/DerivedData/FinancialCalculatorKit-ackorybalcxbfocbkqsfdzcfkgmn/SourcePackages/checkouts/SwiftDraw
    write-file /Users/rogerlin/Library/Developer/Xcode/DerivedData/FinancialCalculatorKit-ackorybalcxbfocbkqsfdzcfkgmn/Build/Intermediates.noindex/SwiftDraw.build/Debug/SwiftDraw.build/Objects-normal/arm64/SwiftDraw.SwiftFileList

    Task input dependencies:

    Task output dependencies:
        /Users/rogerlin/Library/Developer/Xcode/DerivedData/FinancialCalculatorKit-ackorybalcxbfocbkqsfdzcfkgmn/Build/Intermediates.noindex/SwiftDraw.build/Debug/SwiftDraw.build/Objects-normal/arm64/SwiftDraw.SwiftFileList

WriteAuxiliaryFile /Users/rogerlin/Library/Developer/Xcode/DerivedData/FinancialCalculatorKit-ackorybalcxbfocbkqsfdzcfkgmn/Build/Intermediates.noindex/SwiftDraw.build/Debug/SwiftDraw.build/Objects-normal/arm64/SwiftDraw.SwiftConstValuesFileList (in target 'SwiftDraw' from project 'SwiftDraw')
    cd /Users/rogerlin/Library/Developer/Xcode/DerivedData/FinancialCalculatorKit-ackorybalcxbfocbkqsfdzcfkgmn/SourcePackages/checkouts/SwiftDraw
    write-file /Users/rogerlin/Library/Developer/Xcode/DerivedData/FinancialCalculatorKit-ackorybalcxbfocbkqsfdzcfkgmn/Build/Intermediates.noindex/SwiftDraw.build/Debug/SwiftDraw.build/Objects-normal/arm64/SwiftDraw.SwiftConstValuesFileList

    Task input dependencies:

    Task output dependencies:
        /Users/rogerlin/Library/Developer/Xcode/DerivedData/FinancialCalculatorKit-ackorybalcxbfocbkqsfdzcfkgmn/Build/Intermediates.noindex/SwiftDraw.build/Debug/SwiftDraw.build/Objects-normal/arm64/SwiftDraw.SwiftConstValuesFileList

Copy /Users/rogerlin/Library/Developer/Xcode/DerivedData/FinancialCalculatorKit-ackorybalcxbfocbkqsfdzcfkgmn/Build/Intermediates.noindex/GeneratedModuleMaps/SwiftDrawDOM.modulemap /Users/rogerlin/Library/Developer/Xcode/DerivedData/FinancialCalculatorKit-ackorybalcxbfocbkqsfdzcfkgmn/Build/Intermediates.noindex/SwiftDraw.build/Debug/SwiftDrawDOM.build/SwiftDrawDOM.modulemap (in target 'SwiftDrawDOM' from project 'SwiftDraw')
    cd /Users/rogerlin/Library/Developer/Xcode/DerivedData/FinancialCalculatorKit-ackorybalcxbfocbkqsfdzcfkgmn/SourcePackages/checkouts/SwiftDraw
    builtin-copy -exclude .DS_Store -exclude CVS -exclude .svn -exclude .git -exclude .hg -resolve-src-symlinks /Users/rogerlin/Library/Developer/Xcode/DerivedData/FinancialCalculatorKit-ackorybalcxbfocbkqsfdzcfkgmn/Build/Intermediates.noindex/SwiftDraw.build/Debug/SwiftDrawDOM.build/SwiftDrawDOM.modulemap /Users/rogerlin/Library/Developer/Xcode/DerivedData/FinancialCalculatorKit-ackorybalcxbfocbkqsfdzcfkgmn/Build/Intermediates.noindex/GeneratedModuleMaps

    Task input dependencies:
        /Users/rogerlin/Library/Developer/Xcode/DerivedData/FinancialCalculatorKit-ackorybalcxbfocbkqsfdzcfkgmn/Build/Intermediates.noindex/SwiftDraw.build/Debug/SwiftDrawDOM.build/SwiftDrawDOM.modulemap/

    Task output dependencies:
        /Users/rogerlin/Library/Developer/Xcode/DerivedData/FinancialCalculatorKit-ackorybalcxbfocbkqsfdzcfkgmn/Build/Intermediates.noindex/GeneratedModuleMaps/SwiftDrawDOM.modulemap

WriteAuxiliaryFile /Users/rogerlin/Library/Developer/Xcode/DerivedData/FinancialCalculatorKit-ackorybalcxbfocbkqsfdzcfkgmn/Build/Intermediates.noindex/SwiftDraw.build/Debug/SwiftDraw.build/Objects-normal/arm64/SwiftDraw.LinkFileList (in target 'SwiftDraw' from project 'SwiftDraw')
    cd /Users/rogerlin/Library/Developer/Xcode/DerivedData/FinancialCalculatorKit-ackorybalcxbfocbkqsfdzcfkgmn/SourcePackages/checkouts/SwiftDraw
    write-file /Users/rogerlin/Library/Developer/Xcode/DerivedData/FinancialCalculatorKit-ackorybalcxbfocbkqsfdzcfkgmn/Build/Intermediates.noindex/SwiftDraw.build/Debug/SwiftDraw.build/Objects-normal/arm64/SwiftDraw.LinkFileList

    Task input dependencies:

    Task output dependencies:
        /Users/rogerlin/Library/Developer/Xcode/DerivedData/FinancialCalculatorKit-ackorybalcxbfocbkqsfdzcfkgmn/Build/Intermediates.noindex/SwiftDraw.build/Debug/SwiftDraw.build/Objects-normal/arm64/SwiftDraw.LinkFileList

WriteAuxiliaryFile /Users/rogerlin/Library/Developer/Xcode/DerivedData/FinancialCalculatorKit-ackorybalcxbfocbkqsfdzcfkgmn/Build/Intermediates.noindex/SwiftDraw.build/Debug/SwiftDraw.build/Objects-normal/arm64/SwiftDraw-OutputFileMap.json (in target 'SwiftDraw' from project 'SwiftDraw')
    cd /Users/rogerlin/Library/Developer/Xcode/DerivedData/FinancialCalculatorKit-ackorybalcxbfocbkqsfdzcfkgmn/SourcePackages/checkouts/SwiftDraw
    write-file /Users/rogerlin/Library/Developer/Xcode/DerivedData/FinancialCalculatorKit-ackorybalcxbfocbkqsfdzcfkgmn/Build/Intermediates.noindex/SwiftDraw.build/Debug/SwiftDraw.build/Objects-normal/arm64/SwiftDraw-OutputFileMap.json

    Task input dependencies:

    Task output dependencies:
        /Users/rogerlin/Library/Developer/Xcode/DerivedData/FinancialCalculatorKit-ackorybalcxbfocbkqsfdzcfkgmn/Build/Intermediates.noindex/SwiftDraw.build/Debug/SwiftDraw.build/Objects-normal/arm64/SwiftDraw-OutputFileMap.json

WriteAuxiliaryFile /Users/rogerlin/Library/Developer/Xcode/DerivedData/FinancialCalculatorKit-ackorybalcxbfocbkqsfdzcfkgmn/Build/Intermediates.noindex/swift-numerics.build/Debug/RealModule.build/RealModule.DependencyStaticMetadataFileList (in target 'RealModule' from project 'swift-numerics')
    cd /Users/rogerlin/Library/Developer/Xcode/DerivedData/FinancialCalculatorKit-ackorybalcxbfocbkqsfdzcfkgmn/SourcePackages/checkouts/swift-numerics
    write-file /Users/rogerlin/Library/Developer/Xcode/DerivedData/FinancialCalculatorKit-ackorybalcxbfocbkqsfdzcfkgmn/Build/Intermediates.noindex/swift-numerics.build/Debug/RealModule.build/RealModule.DependencyStaticMetadataFileList

    Task input dependencies:

    Task output dependencies:
        /Users/rogerlin/Library/Developer/Xcode/DerivedData/FinancialCalculatorKit-ackorybalcxbfocbkqsfdzcfkgmn/Build/Intermediates.noindex/swift-numerics.build/Debug/RealModule.build/RealModule.DependencyStaticMetadataFileList

WriteAuxiliaryFile /Users/rogerlin/Library/Developer/Xcode/DerivedData/FinancialCalculatorKit-ackorybalcxbfocbkqsfdzcfkgmn/Build/Intermediates.noindex/swift-numerics.build/Debug/RealModule.build/RealModule.DependencyMetadataFileList (in target 'RealModule' from project 'swift-numerics')
    cd /Users/rogerlin/Library/Developer/Xcode/DerivedData/FinancialCalculatorKit-ackorybalcxbfocbkqsfdzcfkgmn/SourcePackages/checkouts/swift-numerics
    write-file /Users/rogerlin/Library/Developer/Xcode/DerivedData/FinancialCalculatorKit-ackorybalcxbfocbkqsfdzcfkgmn/Build/Intermediates.noindex/swift-numerics.build/Debug/RealModule.build/RealModule.DependencyMetadataFileList

    Task input dependencies:

    Task output dependencies:
        /Users/rogerlin/Library/Developer/Xcode/DerivedData/FinancialCalculatorKit-ackorybalcxbfocbkqsfdzcfkgmn/Build/Intermediates.noindex/swift-numerics.build/Debug/RealModule.build/RealModule.DependencyMetadataFileList

WriteAuxiliaryFile /Users/rogerlin/Library/Developer/Xcode/DerivedData/FinancialCalculatorKit-ackorybalcxbfocbkqsfdzcfkgmn/Build/Intermediates.noindex/swift-numerics.build/Debug/RealModule.build/RealModule.modulemap (in target 'RealModule' from project 'swift-numerics')
    cd /Users/rogerlin/Library/Developer/Xcode/DerivedData/FinancialCalculatorKit-ackorybalcxbfocbkqsfdzcfkgmn/SourcePackages/checkouts/swift-numerics
    write-file /Users/rogerlin/Library/Developer/Xcode/DerivedData/FinancialCalculatorKit-ackorybalcxbfocbkqsfdzcfkgmn/Build/Intermediates.noindex/swift-numerics.build/Debug/RealModule.build/RealModule.modulemap

    Task input dependencies:

    Task output dependencies:
        /Users/rogerlin/Library/Developer/Xcode/DerivedData/FinancialCalculatorKit-ackorybalcxbfocbkqsfdzcfkgmn/Build/Intermediates.noindex/swift-numerics.build/Debug/RealModule.build/RealModule.modulemap

WriteAuxiliaryFile /Users/rogerlin/Library/Developer/Xcode/DerivedData/FinancialCalculatorKit-ackorybalcxbfocbkqsfdzcfkgmn/Build/Intermediates.noindex/swift-numerics.build/Debug/RealModule.build/Objects-normal/arm64/RealModule.SwiftFileList (in target 'RealModule' from project 'swift-numerics')
    cd /Users/rogerlin/Library/Developer/Xcode/DerivedData/FinancialCalculatorKit-ackorybalcxbfocbkqsfdzcfkgmn/SourcePackages/checkouts/swift-numerics
    write-file /Users/rogerlin/Library/Developer/Xcode/DerivedData/FinancialCalculatorKit-ackorybalcxbfocbkqsfdzcfkgmn/Build/Intermediates.noindex/swift-numerics.build/Debug/RealModule.build/Objects-normal/arm64/RealModule.SwiftFileList

    Task input dependencies:

    Task output dependencies:
        /Users/rogerlin/Library/Developer/Xcode/DerivedData/FinancialCalculatorKit-ackorybalcxbfocbkqsfdzcfkgmn/Build/Intermediates.noindex/swift-numerics.build/Debug/RealModule.build/Objects-normal/arm64/RealModule.SwiftFileList

WriteAuxiliaryFile /Users/rogerlin/Library/Developer/Xcode/DerivedData/FinancialCalculatorKit-ackorybalcxbfocbkqsfdzcfkgmn/Build/Intermediates.noindex/swift-numerics.build/Debug/RealModule.build/Objects-normal/arm64/RealModule_const_extract_protocols.json (in target 'RealModule' from project 'swift-numerics')
    cd /Users/rogerlin/Library/Developer/Xcode/DerivedData/FinancialCalculatorKit-ackorybalcxbfocbkqsfdzcfkgmn/SourcePackages/checkouts/swift-numerics
    write-file /Users/rogerlin/Library/Developer/Xcode/DerivedData/FinancialCalculatorKit-ackorybalcxbfocbkqsfdzcfkgmn/Build/Intermediates.noindex/swift-numerics.build/Debug/RealModule.build/Objects-normal/arm64/RealModule_const_extract_protocols.json

    Task input dependencies:

    Task output dependencies:
        /Users/rogerlin/Library/Developer/Xcode/DerivedData/FinancialCalculatorKit-ackorybalcxbfocbkqsfdzcfkgmn/Build/Intermediates.noindex/swift-numerics.build/Debug/RealModule.build/Objects-normal/arm64/RealModule_const_extract_protocols.json

WriteAuxiliaryFile /Users/rogerlin/Library/Developer/Xcode/DerivedData/FinancialCalculatorKit-ackorybalcxbfocbkqsfdzcfkgmn/Build/Intermediates.noindex/swift-numerics.build/Debug/RealModule.build/Objects-normal/arm64/RealModule.LinkFileList (in target 'RealModule' from project 'swift-numerics')
    cd /Users/rogerlin/Library/Developer/Xcode/DerivedData/FinancialCalculatorKit-ackorybalcxbfocbkqsfdzcfkgmn/SourcePackages/checkouts/swift-numerics
    write-file /Users/rogerlin/Library/Developer/Xcode/DerivedData/FinancialCalculatorKit-ackorybalcxbfocbkqsfdzcfkgmn/Build/Intermediates.noindex/swift-numerics.build/Debug/RealModule.build/Objects-normal/arm64/RealModule.LinkFileList

    Task input dependencies:

    Task output dependencies:
        /Users/rogerlin/Library/Developer/Xcode/DerivedData/FinancialCalculatorKit-ackorybalcxbfocbkqsfdzcfkgmn/Build/Intermediates.noindex/swift-numerics.build/Debug/RealModule.build/Objects-normal/arm64/RealModule.LinkFileList

WriteAuxiliaryFile /Users/rogerlin/Library/Developer/Xcode/DerivedData/FinancialCalculatorKit-ackorybalcxbfocbkqsfdzcfkgmn/Build/Intermediates.noindex/swift-numerics.build/Debug/RealModule.build/Objects-normal/arm64/RealModule.SwiftConstValuesFileList (in target 'RealModule' from project 'swift-numerics')
    cd /Users/rogerlin/Library/Developer/Xcode/DerivedData/FinancialCalculatorKit-ackorybalcxbfocbkqsfdzcfkgmn/SourcePackages/checkouts/swift-numerics
    write-file /Users/rogerlin/Library/Developer/Xcode/DerivedData/FinancialCalculatorKit-ackorybalcxbfocbkqsfdzcfkgmn/Build/Intermediates.noindex/swift-numerics.build/Debug/RealModule.build/Objects-normal/arm64/RealModule.SwiftConstValuesFileList

    Task input dependencies:

    Task output dependencies:
        /Users/rogerlin/Library/Developer/Xcode/DerivedData/FinancialCalculatorKit-ackorybalcxbfocbkqsfdzcfkgmn/Build/Intermediates.noindex/swift-numerics.build/Debug/RealModule.build/Objects-normal/arm64/RealModule.SwiftConstValuesFileList

WriteAuxiliaryFile /Users/rogerlin/Library/Developer/Xcode/DerivedData/FinancialCalculatorKit-ackorybalcxbfocbkqsfdzcfkgmn/Build/Intermediates.noindex/swift-numerics.build/Debug/RealModule.build/Objects-normal/arm64/RealModule-OutputFileMap.json (in target 'RealModule' from project 'swift-numerics')
    cd /Users/rogerlin/Library/Developer/Xcode/DerivedData/FinancialCalculatorKit-ackorybalcxbfocbkqsfdzcfkgmn/SourcePackages/checkouts/swift-numerics
    write-file /Users/rogerlin/Library/Developer/Xcode/DerivedData/FinancialCalculatorKit-ackorybalcxbfocbkqsfdzcfkgmn/Build/Intermediates.noindex/swift-numerics.build/Debug/RealModule.build/Objects-normal/arm64/RealModule-OutputFileMap.json

    Task input dependencies:

    Task output dependencies:
        /Users/rogerlin/Library/Developer/Xcode/DerivedData/FinancialCalculatorKit-ackorybalcxbfocbkqsfdzcfkgmn/Build/Intermediates.noindex/swift-numerics.build/Debug/RealModule.build/Objects-normal/arm64/RealModule-OutputFileMap.json

Copy /Users/rogerlin/Library/Developer/Xcode/DerivedData/FinancialCalculatorKit-ackorybalcxbfocbkqsfdzcfkgmn/Build/Intermediates.noindex/GeneratedModuleMaps/SwiftDraw.modulemap /Users/rogerlin/Library/Developer/Xcode/DerivedData/FinancialCalculatorKit-ackorybalcxbfocbkqsfdzcfkgmn/Build/Intermediates.noindex/SwiftDraw.build/Debug/SwiftDraw.build/SwiftDraw.modulemap (in target 'SwiftDraw' from project 'SwiftDraw')
    cd /Users/rogerlin/Library/Developer/Xcode/DerivedData/FinancialCalculatorKit-ackorybalcxbfocbkqsfdzcfkgmn/SourcePackages/checkouts/SwiftDraw
    builtin-copy -exclude .DS_Store -exclude CVS -exclude .svn -exclude .git -exclude .hg -resolve-src-symlinks /Users/rogerlin/Library/Developer/Xcode/DerivedData/FinancialCalculatorKit-ackorybalcxbfocbkqsfdzcfkgmn/Build/Intermediates.noindex/SwiftDraw.build/Debug/SwiftDraw.build/SwiftDraw.modulemap /Users/rogerlin/Library/Developer/Xcode/DerivedData/FinancialCalculatorKit-ackorybalcxbfocbkqsfdzcfkgmn/Build/Intermediates.noindex/GeneratedModuleMaps

    Task input dependencies:
        /Users/rogerlin/Library/Developer/Xcode/DerivedData/FinancialCalculatorKit-ackorybalcxbfocbkqsfdzcfkgmn/Build/Intermediates.noindex/SwiftDraw.build/Debug/SwiftDraw.build/SwiftDraw.modulemap/

    Task output dependencies:
        /Users/rogerlin/Library/Developer/Xcode/DerivedData/FinancialCalculatorKit-ackorybalcxbfocbkqsfdzcfkgmn/Build/Intermediates.noindex/GeneratedModuleMaps/SwiftDraw.modulemap

WriteAuxiliaryFile /Users/rogerlin/Library/Developer/Xcode/DerivedData/FinancialCalculatorKit-ackorybalcxbfocbkqsfdzcfkgmn/Build/Intermediates.noindex/swift-parsing.build/Debug/Parsing.build/Parsing.modulemap (in target 'Parsing' from project 'swift-parsing')
    cd /Users/rogerlin/Library/Developer/Xcode/DerivedData/FinancialCalculatorKit-ackorybalcxbfocbkqsfdzcfkgmn/SourcePackages/checkouts/swift-parsing
    write-file /Users/rogerlin/Library/Developer/Xcode/DerivedData/FinancialCalculatorKit-ackorybalcxbfocbkqsfdzcfkgmn/Build/Intermediates.noindex/swift-parsing.build/Debug/Parsing.build/Parsing.modulemap

    Task input dependencies:

    Task output dependencies:
        /Users/rogerlin/Library/Developer/Xcode/DerivedData/FinancialCalculatorKit-ackorybalcxbfocbkqsfdzcfkgmn/Build/Intermediates.noindex/swift-parsing.build/Debug/Parsing.build/Parsing.modulemap

WriteAuxiliaryFile /Users/rogerlin/Library/Developer/Xcode/DerivedData/FinancialCalculatorKit-ackorybalcxbfocbkqsfdzcfkgmn/Build/Intermediates.noindex/swift-parsing.build/Debug/Parsing.build/Parsing.DependencyStaticMetadataFileList (in target 'Parsing' from project 'swift-parsing')
    cd /Users/rogerlin/Library/Developer/Xcode/DerivedData/FinancialCalculatorKit-ackorybalcxbfocbkqsfdzcfkgmn/SourcePackages/checkouts/swift-parsing
    write-file /Users/rogerlin/Library/Developer/Xcode/DerivedData/FinancialCalculatorKit-ackorybalcxbfocbkqsfdzcfkgmn/Build/Intermediates.noindex/swift-parsing.build/Debug/Parsing.build/Parsing.DependencyStaticMetadataFileList

    Task input dependencies:

    Task output dependencies:
        /Users/rogerlin/Library/Developer/Xcode/DerivedData/FinancialCalculatorKit-ackorybalcxbfocbkqsfdzcfkgmn/Build/Intermediates.noindex/swift-parsing.build/Debug/Parsing.build/Parsing.DependencyStaticMetadataFileList

WriteAuxiliaryFile /Users/rogerlin/Library/Developer/Xcode/DerivedData/FinancialCalculatorKit-ackorybalcxbfocbkqsfdzcfkgmn/Build/Intermediates.noindex/swift-parsing.build/Debug/Parsing.build/Parsing.DependencyMetadataFileList (in target 'Parsing' from project 'swift-parsing')
    cd /Users/rogerlin/Library/Developer/Xcode/DerivedData/FinancialCalculatorKit-ackorybalcxbfocbkqsfdzcfkgmn/SourcePackages/checkouts/swift-parsing
    write-file /Users/rogerlin/Library/Developer/Xcode/DerivedData/FinancialCalculatorKit-ackorybalcxbfocbkqsfdzcfkgmn/Build/Intermediates.noindex/swift-parsing.build/Debug/Parsing.build/Parsing.DependencyMetadataFileList

    Task input dependencies:

    Task output dependencies:
        /Users/rogerlin/Library/Developer/Xcode/DerivedData/FinancialCalculatorKit-ackorybalcxbfocbkqsfdzcfkgmn/Build/Intermediates.noindex/swift-parsing.build/Debug/Parsing.build/Parsing.DependencyMetadataFileList

WriteAuxiliaryFile /Users/rogerlin/Library/Developer/Xcode/DerivedData/FinancialCalculatorKit-ackorybalcxbfocbkqsfdzcfkgmn/Build/Intermediates.noindex/swift-parsing.build/Debug/Parsing.build/Objects-normal/arm64/Parsing_const_extract_protocols.json (in target 'Parsing' from project 'swift-parsing')
    cd /Users/rogerlin/Library/Developer/Xcode/DerivedData/FinancialCalculatorKit-ackorybalcxbfocbkqsfdzcfkgmn/SourcePackages/checkouts/swift-parsing
    write-file /Users/rogerlin/Library/Developer/Xcode/DerivedData/FinancialCalculatorKit-ackorybalcxbfocbkqsfdzcfkgmn/Build/Intermediates.noindex/swift-parsing.build/Debug/Parsing.build/Objects-normal/arm64/Parsing_const_extract_protocols.json

    Task input dependencies:

    Task output dependencies:
        /Users/rogerlin/Library/Developer/Xcode/DerivedData/FinancialCalculatorKit-ackorybalcxbfocbkqsfdzcfkgmn/Build/Intermediates.noindex/swift-parsing.build/Debug/Parsing.build/Objects-normal/arm64/Parsing_const_extract_protocols.json

WriteAuxiliaryFile /Users/rogerlin/Library/Developer/Xcode/DerivedData/FinancialCalculatorKit-ackorybalcxbfocbkqsfdzcfkgmn/Build/Intermediates.noindex/swift-parsing.build/Debug/Parsing.build/Objects-normal/arm64/Parsing.SwiftFileList (in target 'Parsing' from project 'swift-parsing')
    cd /Users/rogerlin/Library/Developer/Xcode/DerivedData/FinancialCalculatorKit-ackorybalcxbfocbkqsfdzcfkgmn/SourcePackages/checkouts/swift-parsing
    write-file /Users/rogerlin/Library/Developer/Xcode/DerivedData/FinancialCalculatorKit-ackorybalcxbfocbkqsfdzcfkgmn/Build/Intermediates.noindex/swift-parsing.build/Debug/Parsing.build/Objects-normal/arm64/Parsing.SwiftFileList

    Task input dependencies:

    Task output dependencies:
        /Users/rogerlin/Library/Developer/Xcode/DerivedData/FinancialCalculatorKit-ackorybalcxbfocbkqsfdzcfkgmn/Build/Intermediates.noindex/swift-parsing.build/Debug/Parsing.build/Objects-normal/arm64/Parsing.SwiftFileList

WriteAuxiliaryFile /Users/rogerlin/Library/Developer/Xcode/DerivedData/FinancialCalculatorKit-ackorybalcxbfocbkqsfdzcfkgmn/Build/Intermediates.noindex/swift-parsing.build/Debug/Parsing.build/Objects-normal/arm64/Parsing.SwiftConstValuesFileList (in target 'Parsing' from project 'swift-parsing')
    cd /Users/rogerlin/Library/Developer/Xcode/DerivedData/FinancialCalculatorKit-ackorybalcxbfocbkqsfdzcfkgmn/SourcePackages/checkouts/swift-parsing
    write-file /Users/rogerlin/Library/Developer/Xcode/DerivedData/FinancialCalculatorKit-ackorybalcxbfocbkqsfdzcfkgmn/Build/Intermediates.noindex/swift-parsing.build/Debug/Parsing.build/Objects-normal/arm64/Parsing.SwiftConstValuesFileList

    Task input dependencies:

    Task output dependencies:
        /Users/rogerlin/Library/Developer/Xcode/DerivedData/FinancialCalculatorKit-ackorybalcxbfocbkqsfdzcfkgmn/Build/Intermediates.noindex/swift-parsing.build/Debug/Parsing.build/Objects-normal/arm64/Parsing.SwiftConstValuesFileList

WriteAuxiliaryFile /Users/rogerlin/Library/Developer/Xcode/DerivedData/FinancialCalculatorKit-ackorybalcxbfocbkqsfdzcfkgmn/Build/Intermediates.noindex/swift-parsing.build/Debug/Parsing.build/Objects-normal/arm64/Parsing.LinkFileList (in target 'Parsing' from project 'swift-parsing')
    cd /Users/rogerlin/Library/Developer/Xcode/DerivedData/FinancialCalculatorKit-ackorybalcxbfocbkqsfdzcfkgmn/SourcePackages/checkouts/swift-parsing
    write-file /Users/rogerlin/Library/Developer/Xcode/DerivedData/FinancialCalculatorKit-ackorybalcxbfocbkqsfdzcfkgmn/Build/Intermediates.noindex/swift-parsing.build/Debug/Parsing.build/Objects-normal/arm64/Parsing.LinkFileList

    Task input dependencies:

    Task output dependencies:
        /Users/rogerlin/Library/Developer/Xcode/DerivedData/FinancialCalculatorKit-ackorybalcxbfocbkqsfdzcfkgmn/Build/Intermediates.noindex/swift-parsing.build/Debug/Parsing.build/Objects-normal/arm64/Parsing.LinkFileList

WriteAuxiliaryFile /Users/rogerlin/Library/Developer/Xcode/DerivedData/FinancialCalculatorKit-ackorybalcxbfocbkqsfdzcfkgmn/Build/Intermediates.noindex/swift-parsing.build/Debug/Parsing.build/Objects-normal/arm64/Parsing-OutputFileMap.json (in target 'Parsing' from project 'swift-parsing')
    cd /Users/rogerlin/Library/Developer/Xcode/DerivedData/FinancialCalculatorKit-ackorybalcxbfocbkqsfdzcfkgmn/SourcePackages/checkouts/swift-parsing
    write-file /Users/rogerlin/Library/Developer/Xcode/DerivedData/FinancialCalculatorKit-ackorybalcxbfocbkqsfdzcfkgmn/Build/Intermediates.noindex/swift-parsing.build/Debug/Parsing.build/Objects-normal/arm64/Parsing-OutputFileMap.json

    Task input dependencies:

    Task output dependencies:
        /Users/rogerlin/Library/Developer/Xcode/DerivedData/FinancialCalculatorKit-ackorybalcxbfocbkqsfdzcfkgmn/Build/Intermediates.noindex/swift-parsing.build/Debug/Parsing.build/Objects-normal/arm64/Parsing-OutputFileMap.json

Copy /Users/rogerlin/Library/Developer/Xcode/DerivedData/FinancialCalculatorKit-ackorybalcxbfocbkqsfdzcfkgmn/Build/Intermediates.noindex/GeneratedModuleMaps/RealModule.modulemap /Users/rogerlin/Library/Developer/Xcode/DerivedData/FinancialCalculatorKit-ackorybalcxbfocbkqsfdzcfkgmn/Build/Intermediates.noindex/swift-numerics.build/Debug/RealModule.build/RealModule.modulemap (in target 'RealModule' from project 'swift-numerics')
    cd /Users/rogerlin/Library/Developer/Xcode/DerivedData/FinancialCalculatorKit-ackorybalcxbfocbkqsfdzcfkgmn/SourcePackages/checkouts/swift-numerics
    builtin-copy -exclude .DS_Store -exclude CVS -exclude .svn -exclude .git -exclude .hg -resolve-src-symlinks /Users/rogerlin/Library/Developer/Xcode/DerivedData/FinancialCalculatorKit-ackorybalcxbfocbkqsfdzcfkgmn/Build/Intermediates.noindex/swift-numerics.build/Debug/RealModule.build/RealModule.modulemap /Users/rogerlin/Library/Developer/Xcode/DerivedData/FinancialCalculatorKit-ackorybalcxbfocbkqsfdzcfkgmn/Build/Intermediates.noindex/GeneratedModuleMaps

    Task input dependencies:
        /Users/rogerlin/Library/Developer/Xcode/DerivedData/FinancialCalculatorKit-ackorybalcxbfocbkqsfdzcfkgmn/Build/Intermediates.noindex/swift-numerics.build/Debug/RealModule.build/RealModule.modulemap/

    Task output dependencies:
        /Users/rogerlin/Library/Developer/Xcode/DerivedData/FinancialCalculatorKit-ackorybalcxbfocbkqsfdzcfkgmn/Build/Intermediates.noindex/GeneratedModuleMaps/RealModule.modulemap

WriteAuxiliaryFile /Users/rogerlin/Library/Developer/Xcode/DerivedData/FinancialCalculatorKit-ackorybalcxbfocbkqsfdzcfkgmn/Build/Intermediates.noindex/swift-numerics.build/Debug/Numerics.build/Objects-normal/arm64/Numerics_const_extract_protocols.json (in target 'Numerics' from project 'swift-numerics')
    cd /Users/rogerlin/Library/Developer/Xcode/DerivedData/FinancialCalculatorKit-ackorybalcxbfocbkqsfdzcfkgmn/SourcePackages/checkouts/swift-numerics
    write-file /Users/rogerlin/Library/Developer/Xcode/DerivedData/FinancialCalculatorKit-ackorybalcxbfocbkqsfdzcfkgmn/Build/Intermediates.noindex/swift-numerics.build/Debug/Numerics.build/Objects-normal/arm64/Numerics_const_extract_protocols.json

    Task input dependencies:

    Task output dependencies:
        /Users/rogerlin/Library/Developer/Xcode/DerivedData/FinancialCalculatorKit-ackorybalcxbfocbkqsfdzcfkgmn/Build/Intermediates.noindex/swift-numerics.build/Debug/Numerics.build/Objects-normal/arm64/Numerics_const_extract_protocols.json

WriteAuxiliaryFile /Users/rogerlin/Library/Developer/Xcode/DerivedData/FinancialCalculatorKit-ackorybalcxbfocbkqsfdzcfkgmn/Build/Intermediates.noindex/swift-numerics.build/Debug/Numerics.build/Objects-normal/arm64/Numerics.SwiftFileList (in target 'Numerics' from project 'swift-numerics')
    cd /Users/rogerlin/Library/Developer/Xcode/DerivedData/FinancialCalculatorKit-ackorybalcxbfocbkqsfdzcfkgmn/SourcePackages/checkouts/swift-numerics
    write-file /Users/rogerlin/Library/Developer/Xcode/DerivedData/FinancialCalculatorKit-ackorybalcxbfocbkqsfdzcfkgmn/Build/Intermediates.noindex/swift-numerics.build/Debug/Numerics.build/Objects-normal/arm64/Numerics.SwiftFileList

    Task input dependencies:

    Task output dependencies:
        /Users/rogerlin/Library/Developer/Xcode/DerivedData/FinancialCalculatorKit-ackorybalcxbfocbkqsfdzcfkgmn/Build/Intermediates.noindex/swift-numerics.build/Debug/Numerics.build/Objects-normal/arm64/Numerics.SwiftFileList

WriteAuxiliaryFile /Users/rogerlin/Library/Developer/Xcode/DerivedData/FinancialCalculatorKit-ackorybalcxbfocbkqsfdzcfkgmn/Build/Intermediates.noindex/swift-numerics.build/Debug/Numerics.build/Objects-normal/arm64/Numerics.SwiftConstValuesFileList (in target 'Numerics' from project 'swift-numerics')
    cd /Users/rogerlin/Library/Developer/Xcode/DerivedData/FinancialCalculatorKit-ackorybalcxbfocbkqsfdzcfkgmn/SourcePackages/checkouts/swift-numerics
    write-file /Users/rogerlin/Library/Developer/Xcode/DerivedData/FinancialCalculatorKit-ackorybalcxbfocbkqsfdzcfkgmn/Build/Intermediates.noindex/swift-numerics.build/Debug/Numerics.build/Objects-normal/arm64/Numerics.SwiftConstValuesFileList

    Task input dependencies:

    Task output dependencies:
        /Users/rogerlin/Library/Developer/Xcode/DerivedData/FinancialCalculatorKit-ackorybalcxbfocbkqsfdzcfkgmn/Build/Intermediates.noindex/swift-numerics.build/Debug/Numerics.build/Objects-normal/arm64/Numerics.SwiftConstValuesFileList

WriteAuxiliaryFile /Users/rogerlin/Library/Developer/Xcode/DerivedData/FinancialCalculatorKit-ackorybalcxbfocbkqsfdzcfkgmn/Build/Intermediates.noindex/swift-numerics.build/Debug/Numerics.build/Objects-normal/arm64/Numerics.LinkFileList (in target 'Numerics' from project 'swift-numerics')
    cd /Users/rogerlin/Library/Developer/Xcode/DerivedData/FinancialCalculatorKit-ackorybalcxbfocbkqsfdzcfkgmn/SourcePackages/checkouts/swift-numerics
    write-file /Users/rogerlin/Library/Developer/Xcode/DerivedData/FinancialCalculatorKit-ackorybalcxbfocbkqsfdzcfkgmn/Build/Intermediates.noindex/swift-numerics.build/Debug/Numerics.build/Objects-normal/arm64/Numerics.LinkFileList

    Task input dependencies:

    Task output dependencies:
        /Users/rogerlin/Library/Developer/Xcode/DerivedData/FinancialCalculatorKit-ackorybalcxbfocbkqsfdzcfkgmn/Build/Intermediates.noindex/swift-numerics.build/Debug/Numerics.build/Objects-normal/arm64/Numerics.LinkFileList

WriteAuxiliaryFile /Users/rogerlin/Library/Developer/Xcode/DerivedData/FinancialCalculatorKit-ackorybalcxbfocbkqsfdzcfkgmn/Build/Intermediates.noindex/swift-numerics.build/Debug/Numerics.build/Objects-normal/arm64/Numerics-OutputFileMap.json (in target 'Numerics' from project 'swift-numerics')
    cd /Users/rogerlin/Library/Developer/Xcode/DerivedData/FinancialCalculatorKit-ackorybalcxbfocbkqsfdzcfkgmn/SourcePackages/checkouts/swift-numerics
    write-file /Users/rogerlin/Library/Developer/Xcode/DerivedData/FinancialCalculatorKit-ackorybalcxbfocbkqsfdzcfkgmn/Build/Intermediates.noindex/swift-numerics.build/Debug/Numerics.build/Objects-normal/arm64/Numerics-OutputFileMap.json

    Task input dependencies:

    Task output dependencies:
        /Users/rogerlin/Library/Developer/Xcode/DerivedData/FinancialCalculatorKit-ackorybalcxbfocbkqsfdzcfkgmn/Build/Intermediates.noindex/swift-numerics.build/Debug/Numerics.build/Objects-normal/arm64/Numerics-OutputFileMap.json

WriteAuxiliaryFile /Users/rogerlin/Library/Developer/Xcode/DerivedData/FinancialCalculatorKit-ackorybalcxbfocbkqsfdzcfkgmn/Build/Intermediates.noindex/swift-numerics.build/Debug/Numerics.build/Numerics.modulemap (in target 'Numerics' from project 'swift-numerics')
    cd /Users/rogerlin/Library/Developer/Xcode/DerivedData/FinancialCalculatorKit-ackorybalcxbfocbkqsfdzcfkgmn/SourcePackages/checkouts/swift-numerics
    write-file /Users/rogerlin/Library/Developer/Xcode/DerivedData/FinancialCalculatorKit-ackorybalcxbfocbkqsfdzcfkgmn/Build/Intermediates.noindex/swift-numerics.build/Debug/Numerics.build/Numerics.modulemap

    Task input dependencies:

    Task output dependencies:
        /Users/rogerlin/Library/Developer/Xcode/DerivedData/FinancialCalculatorKit-ackorybalcxbfocbkqsfdzcfkgmn/Build/Intermediates.noindex/swift-numerics.build/Debug/Numerics.build/Numerics.modulemap

Copy /Users/rogerlin/Library/Developer/Xcode/DerivedData/FinancialCalculatorKit-ackorybalcxbfocbkqsfdzcfkgmn/Build/Intermediates.noindex/GeneratedModuleMaps/Parsing.modulemap /Users/rogerlin/Library/Developer/Xcode/DerivedData/FinancialCalculatorKit-ackorybalcxbfocbkqsfdzcfkgmn/Build/Intermediates.noindex/swift-parsing.build/Debug/Parsing.build/Parsing.modulemap (in target 'Parsing' from project 'swift-parsing')
    cd /Users/rogerlin/Library/Developer/Xcode/DerivedData/FinancialCalculatorKit-ackorybalcxbfocbkqsfdzcfkgmn/SourcePackages/checkouts/swift-parsing
    builtin-copy -exclude .DS_Store -exclude CVS -exclude .svn -exclude .git -exclude .hg -resolve-src-symlinks /Users/rogerlin/Library/Developer/Xcode/DerivedData/FinancialCalculatorKit-ackorybalcxbfocbkqsfdzcfkgmn/Build/Intermediates.noindex/swift-parsing.build/Debug/Parsing.build/Parsing.modulemap /Users/rogerlin/Library/Developer/Xcode/DerivedData/FinancialCalculatorKit-ackorybalcxbfocbkqsfdzcfkgmn/Build/Intermediates.noindex/GeneratedModuleMaps

    Task input dependencies:
        /Users/rogerlin/Library/Developer/Xcode/DerivedData/FinancialCalculatorKit-ackorybalcxbfocbkqsfdzcfkgmn/Build/Intermediates.noindex/swift-parsing.build/Debug/Parsing.build/Parsing.modulemap/

    Task output dependencies:
        /Users/rogerlin/Library/Developer/Xcode/DerivedData/FinancialCalculatorKit-ackorybalcxbfocbkqsfdzcfkgmn/Build/Intermediates.noindex/GeneratedModuleMaps/Parsing.modulemap

WriteAuxiliaryFile /Users/rogerlin/Library/Developer/Xcode/DerivedData/FinancialCalculatorKit-ackorybalcxbfocbkqsfdzcfkgmn/Build/Intermediates.noindex/swift-numerics.build/Debug/Numerics.build/Numerics.DependencyStaticMetadataFileList (in target 'Numerics' from project 'swift-numerics')
    cd /Users/rogerlin/Library/Developer/Xcode/DerivedData/FinancialCalculatorKit-ackorybalcxbfocbkqsfdzcfkgmn/SourcePackages/checkouts/swift-numerics
    write-file /Users/rogerlin/Library/Developer/Xcode/DerivedData/FinancialCalculatorKit-ackorybalcxbfocbkqsfdzcfkgmn/Build/Intermediates.noindex/swift-numerics.build/Debug/Numerics.build/Numerics.DependencyStaticMetadataFileList

    Task input dependencies:

    Task output dependencies:
        /Users/rogerlin/Library/Developer/Xcode/DerivedData/FinancialCalculatorKit-ackorybalcxbfocbkqsfdzcfkgmn/Build/Intermediates.noindex/swift-numerics.build/Debug/Numerics.build/Numerics.DependencyStaticMetadataFileList

WriteAuxiliaryFile /Users/rogerlin/Library/Developer/Xcode/DerivedData/FinancialCalculatorKit-ackorybalcxbfocbkqsfdzcfkgmn/Build/Intermediates.noindex/swift-numerics.build/Debug/Numerics.build/Numerics.DependencyMetadataFileList (in target 'Numerics' from project 'swift-numerics')
    cd /Users/rogerlin/Library/Developer/Xcode/DerivedData/FinancialCalculatorKit-ackorybalcxbfocbkqsfdzcfkgmn/SourcePackages/checkouts/swift-numerics
    write-file /Users/rogerlin/Library/Developer/Xcode/DerivedData/FinancialCalculatorKit-ackorybalcxbfocbkqsfdzcfkgmn/Build/Intermediates.noindex/swift-numerics.build/Debug/Numerics.build/Numerics.DependencyMetadataFileList

    Task input dependencies:

    Task output dependencies:
        /Users/rogerlin/Library/Developer/Xcode/DerivedData/FinancialCalculatorKit-ackorybalcxbfocbkqsfdzcfkgmn/Build/Intermediates.noindex/swift-numerics.build/Debug/Numerics.build/Numerics.DependencyMetadataFileList

WriteAuxiliaryFile /Users/rogerlin/Library/Developer/Xcode/DerivedData/FinancialCalculatorKit-ackorybalcxbfocbkqsfdzcfkgmn/Build/Intermediates.noindex/swift-math-parser.build/Debug/MathParser.build/Objects-normal/arm64/MathParser.LinkFileList (in target 'MathParser' from project 'swift-math-parser')
    cd /Users/rogerlin/Library/Developer/Xcode/DerivedData/FinancialCalculatorKit-ackorybalcxbfocbkqsfdzcfkgmn/SourcePackages/checkouts/swift-math-parser
    write-file /Users/rogerlin/Library/Developer/Xcode/DerivedData/FinancialCalculatorKit-ackorybalcxbfocbkqsfdzcfkgmn/Build/Intermediates.noindex/swift-math-parser.build/Debug/MathParser.build/Objects-normal/arm64/MathParser.LinkFileList

    Task input dependencies:

    Task output dependencies:
        /Users/rogerlin/Library/Developer/Xcode/DerivedData/FinancialCalculatorKit-ackorybalcxbfocbkqsfdzcfkgmn/Build/Intermediates.noindex/swift-math-parser.build/Debug/MathParser.build/Objects-normal/arm64/MathParser.LinkFileList

WriteAuxiliaryFile /Users/rogerlin/Library/Developer/Xcode/DerivedData/FinancialCalculatorKit-ackorybalcxbfocbkqsfdzcfkgmn/Build/Intermediates.noindex/swift-math-parser.build/Debug/MathParser.build/MathParser.modulemap (in target 'MathParser' from project 'swift-math-parser')
    cd /Users/rogerlin/Library/Developer/Xcode/DerivedData/FinancialCalculatorKit-ackorybalcxbfocbkqsfdzcfkgmn/SourcePackages/checkouts/swift-math-parser
    write-file /Users/rogerlin/Library/Developer/Xcode/DerivedData/FinancialCalculatorKit-ackorybalcxbfocbkqsfdzcfkgmn/Build/Intermediates.noindex/swift-math-parser.build/Debug/MathParser.build/MathParser.modulemap

    Task input dependencies:

    Task output dependencies:
        /Users/rogerlin/Library/Developer/Xcode/DerivedData/FinancialCalculatorKit-ackorybalcxbfocbkqsfdzcfkgmn/Build/Intermediates.noindex/swift-math-parser.build/Debug/MathParser.build/MathParser.modulemap

WriteAuxiliaryFile /Users/rogerlin/Library/Developer/Xcode/DerivedData/FinancialCalculatorKit-ackorybalcxbfocbkqsfdzcfkgmn/Build/Intermediates.noindex/swift-math-parser.build/Debug/MathParser.build/MathParser.DependencyStaticMetadataFileList (in target 'MathParser' from project 'swift-math-parser')
    cd /Users/rogerlin/Library/Developer/Xcode/DerivedData/FinancialCalculatorKit-ackorybalcxbfocbkqsfdzcfkgmn/SourcePackages/checkouts/swift-math-parser
    write-file /Users/rogerlin/Library/Developer/Xcode/DerivedData/FinancialCalculatorKit-ackorybalcxbfocbkqsfdzcfkgmn/Build/Intermediates.noindex/swift-math-parser.build/Debug/MathParser.build/MathParser.DependencyStaticMetadataFileList

    Task input dependencies:

    Task output dependencies:
        /Users/rogerlin/Library/Developer/Xcode/DerivedData/FinancialCalculatorKit-ackorybalcxbfocbkqsfdzcfkgmn/Build/Intermediates.noindex/swift-math-parser.build/Debug/MathParser.build/MathParser.DependencyStaticMetadataFileList

WriteAuxiliaryFile /Users/rogerlin/Library/Developer/Xcode/DerivedData/FinancialCalculatorKit-ackorybalcxbfocbkqsfdzcfkgmn/Build/Intermediates.noindex/swift-math-parser.build/Debug/MathParser.build/MathParser.DependencyMetadataFileList (in target 'MathParser' from project 'swift-math-parser')
    cd /Users/rogerlin/Library/Developer/Xcode/DerivedData/FinancialCalculatorKit-ackorybalcxbfocbkqsfdzcfkgmn/SourcePackages/checkouts/swift-math-parser
    write-file /Users/rogerlin/Library/Developer/Xcode/DerivedData/FinancialCalculatorKit-ackorybalcxbfocbkqsfdzcfkgmn/Build/Intermediates.noindex/swift-math-parser.build/Debug/MathParser.build/MathParser.DependencyMetadataFileList

    Task input dependencies:

    Task output dependencies:
        /Users/rogerlin/Library/Developer/Xcode/DerivedData/FinancialCalculatorKit-ackorybalcxbfocbkqsfdzcfkgmn/Build/Intermediates.noindex/swift-math-parser.build/Debug/MathParser.build/MathParser.DependencyMetadataFileList

WriteAuxiliaryFile /Users/rogerlin/Library/Developer/Xcode/DerivedData/FinancialCalculatorKit-ackorybalcxbfocbkqsfdzcfkgmn/Build/Intermediates.noindex/MathJaxSwift.build/Debug/MathJaxSwift_MathJaxSwift.build/empty-MathJaxSwift_MathJaxSwift.plist (in target 'MathJaxSwift_MathJaxSwift' from project 'MathJaxSwift')
    cd /Users/rogerlin/Library/Developer/Xcode/DerivedData/FinancialCalculatorKit-ackorybalcxbfocbkqsfdzcfkgmn/SourcePackages/checkouts/MathJaxSwift
    write-file /Users/rogerlin/Library/Developer/Xcode/DerivedData/FinancialCalculatorKit-ackorybalcxbfocbkqsfdzcfkgmn/Build/Intermediates.noindex/MathJaxSwift.build/Debug/MathJaxSwift_MathJaxSwift.build/empty-MathJaxSwift_MathJaxSwift.plist

    Task input dependencies:

    Task output dependencies:
        /Users/rogerlin/Library/Developer/Xcode/DerivedData/FinancialCalculatorKit-ackorybalcxbfocbkqsfdzcfkgmn/Build/Intermediates.noindex/MathJaxSwift.build/Debug/MathJaxSwift_MathJaxSwift.build/empty-MathJaxSwift_MathJaxSwift.plist

WriteAuxiliaryFile /Users/rogerlin/Library/Developer/Xcode/DerivedData/FinancialCalculatorKit-ackorybalcxbfocbkqsfdzcfkgmn/Build/Intermediates.noindex/MathJaxSwift.build/Debug/MathJaxSwift_MathJaxSwift.build/MathJaxSwift_MathJaxSwift.DependencyStaticMetadataFileList (in target 'MathJaxSwift_MathJaxSwift' from project 'MathJaxSwift')
    cd /Users/rogerlin/Library/Developer/Xcode/DerivedData/FinancialCalculatorKit-ackorybalcxbfocbkqsfdzcfkgmn/SourcePackages/checkouts/MathJaxSwift
    write-file /Users/rogerlin/Library/Developer/Xcode/DerivedData/FinancialCalculatorKit-ackorybalcxbfocbkqsfdzcfkgmn/Build/Intermediates.noindex/MathJaxSwift.build/Debug/MathJaxSwift_MathJaxSwift.build/MathJaxSwift_MathJaxSwift.DependencyStaticMetadataFileList

    Task input dependencies:

    Task output dependencies:
        /Users/rogerlin/Library/Developer/Xcode/DerivedData/FinancialCalculatorKit-ackorybalcxbfocbkqsfdzcfkgmn/Build/Intermediates.noindex/MathJaxSwift.build/Debug/MathJaxSwift_MathJaxSwift.build/MathJaxSwift_MathJaxSwift.DependencyStaticMetadataFileList

WriteAuxiliaryFile /Users/rogerlin/Library/Developer/Xcode/DerivedData/FinancialCalculatorKit-ackorybalcxbfocbkqsfdzcfkgmn/Build/Intermediates.noindex/MathJaxSwift.build/Debug/MathJaxSwift_MathJaxSwift.build/MathJaxSwift_MathJaxSwift.DependencyMetadataFileList (in target 'MathJaxSwift_MathJaxSwift' from project 'MathJaxSwift')
    cd /Users/rogerlin/Library/Developer/Xcode/DerivedData/FinancialCalculatorKit-ackorybalcxbfocbkqsfdzcfkgmn/SourcePackages/checkouts/MathJaxSwift
    write-file /Users/rogerlin/Library/Developer/Xcode/DerivedData/FinancialCalculatorKit-ackorybalcxbfocbkqsfdzcfkgmn/Build/Intermediates.noindex/MathJaxSwift.build/Debug/MathJaxSwift_MathJaxSwift.build/MathJaxSwift_MathJaxSwift.DependencyMetadataFileList

    Task input dependencies:

    Task output dependencies:
        /Users/rogerlin/Library/Developer/Xcode/DerivedData/FinancialCalculatorKit-ackorybalcxbfocbkqsfdzcfkgmn/Build/Intermediates.noindex/MathJaxSwift.build/Debug/MathJaxSwift_MathJaxSwift.build/MathJaxSwift_MathJaxSwift.DependencyMetadataFileList

WriteAuxiliaryFile /Users/rogerlin/Library/Developer/Xcode/DerivedData/FinancialCalculatorKit-ackorybalcxbfocbkqsfdzcfkgmn/Build/Intermediates.noindex/MathJaxSwift.build/Debug/MathJaxSwift.build/Objects-normal/arm64/MathJaxSwift_const_extract_protocols.json (in target 'MathJaxSwift' from project 'MathJaxSwift')
    cd /Users/rogerlin/Library/Developer/Xcode/DerivedData/FinancialCalculatorKit-ackorybalcxbfocbkqsfdzcfkgmn/SourcePackages/checkouts/MathJaxSwift
    write-file /Users/rogerlin/Library/Developer/Xcode/DerivedData/FinancialCalculatorKit-ackorybalcxbfocbkqsfdzcfkgmn/Build/Intermediates.noindex/MathJaxSwift.build/Debug/MathJaxSwift.build/Objects-normal/arm64/MathJaxSwift_const_extract_protocols.json

    Task input dependencies:

    Task output dependencies:
        /Users/rogerlin/Library/Developer/Xcode/DerivedData/FinancialCalculatorKit-ackorybalcxbfocbkqsfdzcfkgmn/Build/Intermediates.noindex/MathJaxSwift.build/Debug/MathJaxSwift.build/Objects-normal/arm64/MathJaxSwift_const_extract_protocols.json

WriteAuxiliaryFile /Users/rogerlin/Library/Developer/Xcode/DerivedData/FinancialCalculatorKit-ackorybalcxbfocbkqsfdzcfkgmn/Build/Intermediates.noindex/MathJaxSwift.build/Debug/MathJaxSwift.build/Objects-normal/arm64/MathJaxSwift.SwiftFileList (in target 'MathJaxSwift' from project 'MathJaxSwift')
    cd /Users/rogerlin/Library/Developer/Xcode/DerivedData/FinancialCalculatorKit-ackorybalcxbfocbkqsfdzcfkgmn/SourcePackages/checkouts/MathJaxSwift
    write-file /Users/rogerlin/Library/Developer/Xcode/DerivedData/FinancialCalculatorKit-ackorybalcxbfocbkqsfdzcfkgmn/Build/Intermediates.noindex/MathJaxSwift.build/Debug/MathJaxSwift.build/Objects-normal/arm64/MathJaxSwift.SwiftFileList

    Task input dependencies:

    Task output dependencies:
        /Users/rogerlin/Library/Developer/Xcode/DerivedData/FinancialCalculatorKit-ackorybalcxbfocbkqsfdzcfkgmn/Build/Intermediates.noindex/MathJaxSwift.build/Debug/MathJaxSwift.build/Objects-normal/arm64/MathJaxSwift.SwiftFileList

WriteAuxiliaryFile /Users/rogerlin/Library/Developer/Xcode/DerivedData/FinancialCalculatorKit-ackorybalcxbfocbkqsfdzcfkgmn/Build/Intermediates.noindex/MathJaxSwift.build/Debug/MathJaxSwift.build/Objects-normal/arm64/MathJaxSwift.SwiftConstValuesFileList (in target 'MathJaxSwift' from project 'MathJaxSwift')
    cd /Users/rogerlin/Library/Developer/Xcode/DerivedData/FinancialCalculatorKit-ackorybalcxbfocbkqsfdzcfkgmn/SourcePackages/checkouts/MathJaxSwift
    write-file /Users/rogerlin/Library/Developer/Xcode/DerivedData/FinancialCalculatorKit-ackorybalcxbfocbkqsfdzcfkgmn/Build/Intermediates.noindex/MathJaxSwift.build/Debug/MathJaxSwift.build/Objects-normal/arm64/MathJaxSwift.SwiftConstValuesFileList

    Task input dependencies:

    Task output dependencies:
        /Users/rogerlin/Library/Developer/Xcode/DerivedData/FinancialCalculatorKit-ackorybalcxbfocbkqsfdzcfkgmn/Build/Intermediates.noindex/MathJaxSwift.build/Debug/MathJaxSwift.build/Objects-normal/arm64/MathJaxSwift.SwiftConstValuesFileList

WriteAuxiliaryFile /Users/rogerlin/Library/Developer/Xcode/DerivedData/FinancialCalculatorKit-ackorybalcxbfocbkqsfdzcfkgmn/Build/Intermediates.noindex/MathJaxSwift.build/Debug/MathJaxSwift.build/Objects-normal/arm64/MathJaxSwift.LinkFileList (in target 'MathJaxSwift' from project 'MathJaxSwift')
    cd /Users/rogerlin/Library/Developer/Xcode/DerivedData/FinancialCalculatorKit-ackorybalcxbfocbkqsfdzcfkgmn/SourcePackages/checkouts/MathJaxSwift
    write-file /Users/rogerlin/Library/Developer/Xcode/DerivedData/FinancialCalculatorKit-ackorybalcxbfocbkqsfdzcfkgmn/Build/Intermediates.noindex/MathJaxSwift.build/Debug/MathJaxSwift.build/Objects-normal/arm64/MathJaxSwift.LinkFileList

    Task input dependencies:

    Task output dependencies:
        /Users/rogerlin/Library/Developer/Xcode/DerivedData/FinancialCalculatorKit-ackorybalcxbfocbkqsfdzcfkgmn/Build/Intermediates.noindex/MathJaxSwift.build/Debug/MathJaxSwift.build/Objects-normal/arm64/MathJaxSwift.LinkFileList

WriteAuxiliaryFile /Users/rogerlin/Library/Developer/Xcode/DerivedData/FinancialCalculatorKit-ackorybalcxbfocbkqsfdzcfkgmn/Build/Intermediates.noindex/MathJaxSwift.build/Debug/MathJaxSwift.build/Objects-normal/arm64/MathJaxSwift-OutputFileMap.json (in target 'MathJaxSwift' from project 'MathJaxSwift')
    cd /Users/rogerlin/Library/Developer/Xcode/DerivedData/FinancialCalculatorKit-ackorybalcxbfocbkqsfdzcfkgmn/SourcePackages/checkouts/MathJaxSwift
    write-file /Users/rogerlin/Library/Developer/Xcode/DerivedData/FinancialCalculatorKit-ackorybalcxbfocbkqsfdzcfkgmn/Build/Intermediates.noindex/MathJaxSwift.build/Debug/MathJaxSwift.build/Objects-normal/arm64/MathJaxSwift-OutputFileMap.json

    Task input dependencies:

    Task output dependencies:
        /Users/rogerlin/Library/Developer/Xcode/DerivedData/FinancialCalculatorKit-ackorybalcxbfocbkqsfdzcfkgmn/Build/Intermediates.noindex/MathJaxSwift.build/Debug/MathJaxSwift.build/Objects-normal/arm64/MathJaxSwift-OutputFileMap.json

Copy /Users/rogerlin/Library/Developer/Xcode/DerivedData/FinancialCalculatorKit-ackorybalcxbfocbkqsfdzcfkgmn/Build/Intermediates.noindex/GeneratedModuleMaps/Numerics.modulemap /Users/rogerlin/Library/Developer/Xcode/DerivedData/FinancialCalculatorKit-ackorybalcxbfocbkqsfdzcfkgmn/Build/Intermediates.noindex/swift-numerics.build/Debug/Numerics.build/Numerics.modulemap (in target 'Numerics' from project 'swift-numerics')
    cd /Users/rogerlin/Library/Developer/Xcode/DerivedData/FinancialCalculatorKit-ackorybalcxbfocbkqsfdzcfkgmn/SourcePackages/checkouts/swift-numerics
    builtin-copy -exclude .DS_Store -exclude CVS -exclude .svn -exclude .git -exclude .hg -resolve-src-symlinks /Users/rogerlin/Library/Developer/Xcode/DerivedData/FinancialCalculatorKit-ackorybalcxbfocbkqsfdzcfkgmn/Build/Intermediates.noindex/swift-numerics.build/Debug/Numerics.build/Numerics.modulemap /Users/rogerlin/Library/Developer/Xcode/DerivedData/FinancialCalculatorKit-ackorybalcxbfocbkqsfdzcfkgmn/Build/Intermediates.noindex/GeneratedModuleMaps

    Task input dependencies:
        /Users/rogerlin/Library/Developer/Xcode/DerivedData/FinancialCalculatorKit-ackorybalcxbfocbkqsfdzcfkgmn/Build/Intermediates.noindex/swift-numerics.build/Debug/Numerics.build/Numerics.modulemap/

    Task output dependencies:
        /Users/rogerlin/Library/Developer/Xcode/DerivedData/FinancialCalculatorKit-ackorybalcxbfocbkqsfdzcfkgmn/Build/Intermediates.noindex/GeneratedModuleMaps/Numerics.modulemap

WriteAuxiliaryFile /Users/rogerlin/Library/Developer/Xcode/DerivedData/FinancialCalculatorKit-ackorybalcxbfocbkqsfdzcfkgmn/Build/Intermediates.noindex/MathJaxSwift.build/Debug/MathJaxSwift.build/MathJaxSwift.modulemap (in target 'MathJaxSwift' from project 'MathJaxSwift')
    cd /Users/rogerlin/Library/Developer/Xcode/DerivedData/FinancialCalculatorKit-ackorybalcxbfocbkqsfdzcfkgmn/SourcePackages/checkouts/MathJaxSwift
    write-file /Users/rogerlin/Library/Developer/Xcode/DerivedData/FinancialCalculatorKit-ackorybalcxbfocbkqsfdzcfkgmn/Build/Intermediates.noindex/MathJaxSwift.build/Debug/MathJaxSwift.build/MathJaxSwift.modulemap

    Task input dependencies:

    Task output dependencies:
        /Users/rogerlin/Library/Developer/Xcode/DerivedData/FinancialCalculatorKit-ackorybalcxbfocbkqsfdzcfkgmn/Build/Intermediates.noindex/MathJaxSwift.build/Debug/MathJaxSwift.build/MathJaxSwift.modulemap

WriteAuxiliaryFile /Users/rogerlin/Library/Developer/Xcode/DerivedData/FinancialCalculatorKit-ackorybalcxbfocbkqsfdzcfkgmn/Build/Intermediates.noindex/MathJaxSwift.build/Debug/MathJaxSwift.build/MathJaxSwift.DependencyStaticMetadataFileList (in target 'MathJaxSwift' from project 'MathJaxSwift')
    cd /Users/rogerlin/Library/Developer/Xcode/DerivedData/FinancialCalculatorKit-ackorybalcxbfocbkqsfdzcfkgmn/SourcePackages/checkouts/MathJaxSwift
    write-file /Users/rogerlin/Library/Developer/Xcode/DerivedData/FinancialCalculatorKit-ackorybalcxbfocbkqsfdzcfkgmn/Build/Intermediates.noindex/MathJaxSwift.build/Debug/MathJaxSwift.build/MathJaxSwift.DependencyStaticMetadataFileList

    Task input dependencies:

    Task output dependencies:
        /Users/rogerlin/Library/Developer/Xcode/DerivedData/FinancialCalculatorKit-ackorybalcxbfocbkqsfdzcfkgmn/Build/Intermediates.noindex/MathJaxSwift.build/Debug/MathJaxSwift.build/MathJaxSwift.DependencyStaticMetadataFileList

WriteAuxiliaryFile /Users/rogerlin/Library/Developer/Xcode/DerivedData/FinancialCalculatorKit-ackorybalcxbfocbkqsfdzcfkgmn/Build/Intermediates.noindex/MathJaxSwift.build/Debug/MathJaxSwift.build/MathJaxSwift.DependencyMetadataFileList (in target 'MathJaxSwift' from project 'MathJaxSwift')
    cd /Users/rogerlin/Library/Developer/Xcode/DerivedData/FinancialCalculatorKit-ackorybalcxbfocbkqsfdzcfkgmn/SourcePackages/checkouts/MathJaxSwift
    write-file /Users/rogerlin/Library/Developer/Xcode/DerivedData/FinancialCalculatorKit-ackorybalcxbfocbkqsfdzcfkgmn/Build/Intermediates.noindex/MathJaxSwift.build/Debug/MathJaxSwift.build/MathJaxSwift.DependencyMetadataFileList

    Task input dependencies:

    Task output dependencies:
        /Users/rogerlin/Library/Developer/Xcode/DerivedData/FinancialCalculatorKit-ackorybalcxbfocbkqsfdzcfkgmn/Build/Intermediates.noindex/MathJaxSwift.build/Debug/MathJaxSwift.build/MathJaxSwift.DependencyMetadataFileList

WriteAuxiliaryFile /Users/rogerlin/Library/Developer/Xcode/DerivedData/FinancialCalculatorKit-ackorybalcxbfocbkqsfdzcfkgmn/Build/Intermediates.noindex/MathJaxSwift.build/Debug/MathJaxSwift.build/DerivedSources/resource_bundle_accessor.swift (in target 'MathJaxSwift' from project 'MathJaxSwift')
    cd /Users/rogerlin/Library/Developer/Xcode/DerivedData/FinancialCalculatorKit-ackorybalcxbfocbkqsfdzcfkgmn/SourcePackages/checkouts/MathJaxSwift
    write-file /Users/rogerlin/Library/Developer/Xcode/DerivedData/FinancialCalculatorKit-ackorybalcxbfocbkqsfdzcfkgmn/Build/Intermediates.noindex/MathJaxSwift.build/Debug/MathJaxSwift.build/DerivedSources/resource_bundle_accessor.swift

    Task input dependencies:

    Task output dependencies:
        /Users/rogerlin/Library/Developer/Xcode/DerivedData/FinancialCalculatorKit-ackorybalcxbfocbkqsfdzcfkgmn/Build/Intermediates.noindex/MathJaxSwift.build/Debug/MathJaxSwift.build/DerivedSources/resource_bundle_accessor.swift

Copy /Users/rogerlin/Library/Developer/Xcode/DerivedData/FinancialCalculatorKit-ackorybalcxbfocbkqsfdzcfkgmn/Build/Intermediates.noindex/GeneratedModuleMaps/MathParser.modulemap /Users/rogerlin/Library/Developer/Xcode/DerivedData/FinancialCalculatorKit-ackorybalcxbfocbkqsfdzcfkgmn/Build/Intermediates.noindex/swift-math-parser.build/Debug/MathParser.build/MathParser.modulemap (in target 'MathParser' from project 'swift-math-parser')
    cd /Users/rogerlin/Library/Developer/Xcode/DerivedData/FinancialCalculatorKit-ackorybalcxbfocbkqsfdzcfkgmn/SourcePackages/checkouts/swift-math-parser
    builtin-copy -exclude .DS_Store -exclude CVS -exclude .svn -exclude .git -exclude .hg -resolve-src-symlinks /Users/rogerlin/Library/Developer/Xcode/DerivedData/FinancialCalculatorKit-ackorybalcxbfocbkqsfdzcfkgmn/Build/Intermediates.noindex/swift-math-parser.build/Debug/MathParser.build/MathParser.modulemap /Users/rogerlin/Library/Developer/Xcode/DerivedData/FinancialCalculatorKit-ackorybalcxbfocbkqsfdzcfkgmn/Build/Intermediates.noindex/GeneratedModuleMaps

    Task input dependencies:
        /Users/rogerlin/Library/Developer/Xcode/DerivedData/FinancialCalculatorKit-ackorybalcxbfocbkqsfdzcfkgmn/Build/Intermediates.noindex/swift-math-parser.build/Debug/MathParser.build/MathParser.modulemap/

    Task output dependencies:
        /Users/rogerlin/Library/Developer/Xcode/DerivedData/FinancialCalculatorKit-ackorybalcxbfocbkqsfdzcfkgmn/Build/Intermediates.noindex/GeneratedModuleMaps/MathParser.modulemap

WriteAuxiliaryFile /Users/rogerlin/Library/Developer/Xcode/DerivedData/FinancialCalculatorKit-ackorybalcxbfocbkqsfdzcfkgmn/Build/Intermediates.noindex/LaTeXSwiftUI.build/Debug/LaTeXSwiftUI.build/Objects-normal/arm64/LaTeXSwiftUI_const_extract_protocols.json (in target 'LaTeXSwiftUI' from project 'LaTeXSwiftUI')
    cd /Users/rogerlin/Library/Developer/Xcode/DerivedData/FinancialCalculatorKit-ackorybalcxbfocbkqsfdzcfkgmn/SourcePackages/checkouts/LaTeXSwiftUI
    write-file /Users/rogerlin/Library/Developer/Xcode/DerivedData/FinancialCalculatorKit-ackorybalcxbfocbkqsfdzcfkgmn/Build/Intermediates.noindex/LaTeXSwiftUI.build/Debug/LaTeXSwiftUI.build/Objects-normal/arm64/LaTeXSwiftUI_const_extract_protocols.json

    Task input dependencies:

    Task output dependencies:
        /Users/rogerlin/Library/Developer/Xcode/DerivedData/FinancialCalculatorKit-ackorybalcxbfocbkqsfdzcfkgmn/Build/Intermediates.noindex/LaTeXSwiftUI.build/Debug/LaTeXSwiftUI.build/Objects-normal/arm64/LaTeXSwiftUI_const_extract_protocols.json

WriteAuxiliaryFile /Users/rogerlin/Library/Developer/Xcode/DerivedData/FinancialCalculatorKit-ackorybalcxbfocbkqsfdzcfkgmn/Build/Intermediates.noindex/LaTeXSwiftUI.build/Debug/LaTeXSwiftUI.build/Objects-normal/arm64/LaTeXSwiftUI.LinkFileList (in target 'LaTeXSwiftUI' from project 'LaTeXSwiftUI')
    cd /Users/rogerlin/Library/Developer/Xcode/DerivedData/FinancialCalculatorKit-ackorybalcxbfocbkqsfdzcfkgmn/SourcePackages/checkouts/LaTeXSwiftUI
    write-file /Users/rogerlin/Library/Developer/Xcode/DerivedData/FinancialCalculatorKit-ackorybalcxbfocbkqsfdzcfkgmn/Build/Intermediates.noindex/LaTeXSwiftUI.build/Debug/LaTeXSwiftUI.build/Objects-normal/arm64/LaTeXSwiftUI.LinkFileList

    Task input dependencies:

    Task output dependencies:
        /Users/rogerlin/Library/Developer/Xcode/DerivedData/FinancialCalculatorKit-ackorybalcxbfocbkqsfdzcfkgmn/Build/Intermediates.noindex/LaTeXSwiftUI.build/Debug/LaTeXSwiftUI.build/Objects-normal/arm64/LaTeXSwiftUI.LinkFileList

WriteAuxiliaryFile /Users/rogerlin/Library/Developer/Xcode/DerivedData/FinancialCalculatorKit-ackorybalcxbfocbkqsfdzcfkgmn/Build/Intermediates.noindex/LaTeXSwiftUI.build/Debug/LaTeXSwiftUI.build/Objects-normal/arm64/LaTeXSwiftUI.SwiftConstValuesFileList (in target 'LaTeXSwiftUI' from project 'LaTeXSwiftUI')
    cd /Users/rogerlin/Library/Developer/Xcode/DerivedData/FinancialCalculatorKit-ackorybalcxbfocbkqsfdzcfkgmn/SourcePackages/checkouts/LaTeXSwiftUI
    write-file /Users/rogerlin/Library/Developer/Xcode/DerivedData/FinancialCalculatorKit-ackorybalcxbfocbkqsfdzcfkgmn/Build/Intermediates.noindex/LaTeXSwiftUI.build/Debug/LaTeXSwiftUI.build/Objects-normal/arm64/LaTeXSwiftUI.SwiftConstValuesFileList

    Task input dependencies:

    Task output dependencies:
        /Users/rogerlin/Library/Developer/Xcode/DerivedData/FinancialCalculatorKit-ackorybalcxbfocbkqsfdzcfkgmn/Build/Intermediates.noindex/LaTeXSwiftUI.build/Debug/LaTeXSwiftUI.build/Objects-normal/arm64/LaTeXSwiftUI.SwiftConstValuesFileList

WriteAuxiliaryFile /Users/rogerlin/Library/Developer/Xcode/DerivedData/FinancialCalculatorKit-ackorybalcxbfocbkqsfdzcfkgmn/Build/Intermediates.noindex/LaTeXSwiftUI.build/Debug/LaTeXSwiftUI.build/Objects-normal/arm64/LaTeXSwiftUI.SwiftFileList (in target 'LaTeXSwiftUI' from project 'LaTeXSwiftUI')
    cd /Users/rogerlin/Library/Developer/Xcode/DerivedData/FinancialCalculatorKit-ackorybalcxbfocbkqsfdzcfkgmn/SourcePackages/checkouts/LaTeXSwiftUI
    write-file /Users/rogerlin/Library/Developer/Xcode/DerivedData/FinancialCalculatorKit-ackorybalcxbfocbkqsfdzcfkgmn/Build/Intermediates.noindex/LaTeXSwiftUI.build/Debug/LaTeXSwiftUI.build/Objects-normal/arm64/LaTeXSwiftUI.SwiftFileList

    Task input dependencies:

    Task output dependencies:
        /Users/rogerlin/Library/Developer/Xcode/DerivedData/FinancialCalculatorKit-ackorybalcxbfocbkqsfdzcfkgmn/Build/Intermediates.noindex/LaTeXSwiftUI.build/Debug/LaTeXSwiftUI.build/Objects-normal/arm64/LaTeXSwiftUI.SwiftFileList

WriteAuxiliaryFile /Users/rogerlin/Library/Developer/Xcode/DerivedData/FinancialCalculatorKit-ackorybalcxbfocbkqsfdzcfkgmn/Build/Intermediates.noindex/LaTeXSwiftUI.build/Debug/LaTeXSwiftUI.build/Objects-normal/arm64/LaTeXSwiftUI-OutputFileMap.json (in target 'LaTeXSwiftUI' from project 'LaTeXSwiftUI')
    cd /Users/rogerlin/Library/Developer/Xcode/DerivedData/FinancialCalculatorKit-ackorybalcxbfocbkqsfdzcfkgmn/SourcePackages/checkouts/LaTeXSwiftUI
    write-file /Users/rogerlin/Library/Developer/Xcode/DerivedData/FinancialCalculatorKit-ackorybalcxbfocbkqsfdzcfkgmn/Build/Intermediates.noindex/LaTeXSwiftUI.build/Debug/LaTeXSwiftUI.build/Objects-normal/arm64/LaTeXSwiftUI-OutputFileMap.json

    Task input dependencies:

    Task output dependencies:
        /Users/rogerlin/Library/Developer/Xcode/DerivedData/FinancialCalculatorKit-ackorybalcxbfocbkqsfdzcfkgmn/Build/Intermediates.noindex/LaTeXSwiftUI.build/Debug/LaTeXSwiftUI.build/Objects-normal/arm64/LaTeXSwiftUI-OutputFileMap.json

WriteAuxiliaryFile /Users/rogerlin/Library/Developer/Xcode/DerivedData/FinancialCalculatorKit-ackorybalcxbfocbkqsfdzcfkgmn/Build/Intermediates.noindex/LaTeXSwiftUI.build/Debug/LaTeXSwiftUI.build/LaTeXSwiftUI.modulemap (in target 'LaTeXSwiftUI' from project 'LaTeXSwiftUI')
    cd /Users/rogerlin/Library/Developer/Xcode/DerivedData/FinancialCalculatorKit-ackorybalcxbfocbkqsfdzcfkgmn/SourcePackages/checkouts/LaTeXSwiftUI
    write-file /Users/rogerlin/Library/Developer/Xcode/DerivedData/FinancialCalculatorKit-ackorybalcxbfocbkqsfdzcfkgmn/Build/Intermediates.noindex/LaTeXSwiftUI.build/Debug/LaTeXSwiftUI.build/LaTeXSwiftUI.modulemap

    Task input dependencies:

    Task output dependencies:
        /Users/rogerlin/Library/Developer/Xcode/DerivedData/FinancialCalculatorKit-ackorybalcxbfocbkqsfdzcfkgmn/Build/Intermediates.noindex/LaTeXSwiftUI.build/Debug/LaTeXSwiftUI.build/LaTeXSwiftUI.modulemap

WriteAuxiliaryFile /Users/rogerlin/Library/Developer/Xcode/DerivedData/FinancialCalculatorKit-ackorybalcxbfocbkqsfdzcfkgmn/Build/Intermediates.noindex/LaTeXSwiftUI.build/Debug/LaTeXSwiftUI.build/LaTeXSwiftUI.DependencyStaticMetadataFileList (in target 'LaTeXSwiftUI' from project 'LaTeXSwiftUI')
    cd /Users/rogerlin/Library/Developer/Xcode/DerivedData/FinancialCalculatorKit-ackorybalcxbfocbkqsfdzcfkgmn/SourcePackages/checkouts/LaTeXSwiftUI
    write-file /Users/rogerlin/Library/Developer/Xcode/DerivedData/FinancialCalculatorKit-ackorybalcxbfocbkqsfdzcfkgmn/Build/Intermediates.noindex/LaTeXSwiftUI.build/Debug/LaTeXSwiftUI.build/LaTeXSwiftUI.DependencyStaticMetadataFileList

    Task input dependencies:

    Task output dependencies:
        /Users/rogerlin/Library/Developer/Xcode/DerivedData/FinancialCalculatorKit-ackorybalcxbfocbkqsfdzcfkgmn/Build/Intermediates.noindex/LaTeXSwiftUI.build/Debug/LaTeXSwiftUI.build/LaTeXSwiftUI.DependencyStaticMetadataFileList

WriteAuxiliaryFile /Users/rogerlin/Library/Developer/Xcode/DerivedData/FinancialCalculatorKit-ackorybalcxbfocbkqsfdzcfkgmn/Build/Intermediates.noindex/LaTeXSwiftUI.build/Debug/LaTeXSwiftUI.build/LaTeXSwiftUI.DependencyMetadataFileList (in target 'LaTeXSwiftUI' from project 'LaTeXSwiftUI')
    cd /Users/rogerlin/Library/Developer/Xcode/DerivedData/FinancialCalculatorKit-ackorybalcxbfocbkqsfdzcfkgmn/SourcePackages/checkouts/LaTeXSwiftUI
    write-file /Users/rogerlin/Library/Developer/Xcode/DerivedData/FinancialCalculatorKit-ackorybalcxbfocbkqsfdzcfkgmn/Build/Intermediates.noindex/LaTeXSwiftUI.build/Debug/LaTeXSwiftUI.build/LaTeXSwiftUI.DependencyMetadataFileList

    Task input dependencies:

    Task output dependencies:
        /Users/rogerlin/Library/Developer/Xcode/DerivedData/FinancialCalculatorKit-ackorybalcxbfocbkqsfdzcfkgmn/Build/Intermediates.noindex/LaTeXSwiftUI.build/Debug/LaTeXSwiftUI.build/LaTeXSwiftUI.DependencyMetadataFileList

WriteAuxiliaryFile /Users/rogerlin/Library/Developer/Xcode/DerivedData/FinancialCalculatorKit-ackorybalcxbfocbkqsfdzcfkgmn/Build/Intermediates.noindex/xctest-dynamic-overlay.build/Debug/IssueReporting.build/Objects-normal/arm64/IssueReporting_const_extract_protocols.json (in target 'IssueReporting' from project 'xctest-dynamic-overlay')
    cd /Users/rogerlin/Library/Developer/Xcode/DerivedData/FinancialCalculatorKit-ackorybalcxbfocbkqsfdzcfkgmn/SourcePackages/checkouts/xctest-dynamic-overlay
    write-file /Users/rogerlin/Library/Developer/Xcode/DerivedData/FinancialCalculatorKit-ackorybalcxbfocbkqsfdzcfkgmn/Build/Intermediates.noindex/xctest-dynamic-overlay.build/Debug/IssueReporting.build/Objects-normal/arm64/IssueReporting_const_extract_protocols.json

    Task input dependencies:

    Task output dependencies:
        /Users/rogerlin/Library/Developer/Xcode/DerivedData/FinancialCalculatorKit-ackorybalcxbfocbkqsfdzcfkgmn/Build/Intermediates.noindex/xctest-dynamic-overlay.build/Debug/IssueReporting.build/Objects-normal/arm64/IssueReporting_const_extract_protocols.json

WriteAuxiliaryFile /Users/rogerlin/Library/Developer/Xcode/DerivedData/FinancialCalculatorKit-ackorybalcxbfocbkqsfdzcfkgmn/Build/Intermediates.noindex/xctest-dynamic-overlay.build/Debug/IssueReporting.build/Objects-normal/arm64/IssueReporting.SwiftFileList (in target 'IssueReporting' from project 'xctest-dynamic-overlay')
    cd /Users/rogerlin/Library/Developer/Xcode/DerivedData/FinancialCalculatorKit-ackorybalcxbfocbkqsfdzcfkgmn/SourcePackages/checkouts/xctest-dynamic-overlay
    write-file /Users/rogerlin/Library/Developer/Xcode/DerivedData/FinancialCalculatorKit-ackorybalcxbfocbkqsfdzcfkgmn/Build/Intermediates.noindex/xctest-dynamic-overlay.build/Debug/IssueReporting.build/Objects-normal/arm64/IssueReporting.SwiftFileList

    Task input dependencies:

    Task output dependencies:
        /Users/rogerlin/Library/Developer/Xcode/DerivedData/FinancialCalculatorKit-ackorybalcxbfocbkqsfdzcfkgmn/Build/Intermediates.noindex/xctest-dynamic-overlay.build/Debug/IssueReporting.build/Objects-normal/arm64/IssueReporting.SwiftFileList

WriteAuxiliaryFile /Users/rogerlin/Library/Developer/Xcode/DerivedData/FinancialCalculatorKit-ackorybalcxbfocbkqsfdzcfkgmn/Build/Intermediates.noindex/xctest-dynamic-overlay.build/Debug/IssueReporting.build/Objects-normal/arm64/IssueReporting.SwiftConstValuesFileList (in target 'IssueReporting' from project 'xctest-dynamic-overlay')
    cd /Users/rogerlin/Library/Developer/Xcode/DerivedData/FinancialCalculatorKit-ackorybalcxbfocbkqsfdzcfkgmn/SourcePackages/checkouts/xctest-dynamic-overlay
    write-file /Users/rogerlin/Library/Developer/Xcode/DerivedData/FinancialCalculatorKit-ackorybalcxbfocbkqsfdzcfkgmn/Build/Intermediates.noindex/xctest-dynamic-overlay.build/Debug/IssueReporting.build/Objects-normal/arm64/IssueReporting.SwiftConstValuesFileList

    Task input dependencies:

    Task output dependencies:
        /Users/rogerlin/Library/Developer/Xcode/DerivedData/FinancialCalculatorKit-ackorybalcxbfocbkqsfdzcfkgmn/Build/Intermediates.noindex/xctest-dynamic-overlay.build/Debug/IssueReporting.build/Objects-normal/arm64/IssueReporting.SwiftConstValuesFileList

Copy /Users/rogerlin/Library/Developer/Xcode/DerivedData/FinancialCalculatorKit-ackorybalcxbfocbkqsfdzcfkgmn/Build/Intermediates.noindex/GeneratedModuleMaps/MathJaxSwift.modulemap /Users/rogerlin/Library/Developer/Xcode/DerivedData/FinancialCalculatorKit-ackorybalcxbfocbkqsfdzcfkgmn/Build/Intermediates.noindex/MathJaxSwift.build/Debug/MathJaxSwift.build/MathJaxSwift.modulemap (in target 'MathJaxSwift' from project 'MathJaxSwift')
    cd /Users/rogerlin/Library/Developer/Xcode/DerivedData/FinancialCalculatorKit-ackorybalcxbfocbkqsfdzcfkgmn/SourcePackages/checkouts/MathJaxSwift
    builtin-copy -exclude .DS_Store -exclude CVS -exclude .svn -exclude .git -exclude .hg -resolve-src-symlinks /Users/rogerlin/Library/Developer/Xcode/DerivedData/FinancialCalculatorKit-ackorybalcxbfocbkqsfdzcfkgmn/Build/Intermediates.noindex/MathJaxSwift.build/Debug/MathJaxSwift.build/MathJaxSwift.modulemap /Users/rogerlin/Library/Developer/Xcode/DerivedData/FinancialCalculatorKit-ackorybalcxbfocbkqsfdzcfkgmn/Build/Intermediates.noindex/GeneratedModuleMaps

    Task input dependencies:
        /Users/rogerlin/Library/Developer/Xcode/DerivedData/FinancialCalculatorKit-ackorybalcxbfocbkqsfdzcfkgmn/Build/Intermediates.noindex/MathJaxSwift.build/Debug/MathJaxSwift.build/MathJaxSwift.modulemap/

    Task output dependencies:
        /Users/rogerlin/Library/Developer/Xcode/DerivedData/FinancialCalculatorKit-ackorybalcxbfocbkqsfdzcfkgmn/Build/Intermediates.noindex/GeneratedModuleMaps/MathJaxSwift.modulemap

WriteAuxiliaryFile /Users/rogerlin/Library/Developer/Xcode/DerivedData/FinancialCalculatorKit-ackorybalcxbfocbkqsfdzcfkgmn/Build/Intermediates.noindex/xctest-dynamic-overlay.build/Debug/IssueReporting.build/Objects-normal/arm64/IssueReporting.LinkFileList (in target 'IssueReporting' from project 'xctest-dynamic-overlay')
    cd /Users/rogerlin/Library/Developer/Xcode/DerivedData/FinancialCalculatorKit-ackorybalcxbfocbkqsfdzcfkgmn/SourcePackages/checkouts/xctest-dynamic-overlay
    write-file /Users/rogerlin/Library/Developer/Xcode/DerivedData/FinancialCalculatorKit-ackorybalcxbfocbkqsfdzcfkgmn/Build/Intermediates.noindex/xctest-dynamic-overlay.build/Debug/IssueReporting.build/Objects-normal/arm64/IssueReporting.LinkFileList

    Task input dependencies:

    Task output dependencies:
        /Users/rogerlin/Library/Developer/Xcode/DerivedData/FinancialCalculatorKit-ackorybalcxbfocbkqsfdzcfkgmn/Build/Intermediates.noindex/xctest-dynamic-overlay.build/Debug/IssueReporting.build/Objects-normal/arm64/IssueReporting.LinkFileList

WriteAuxiliaryFile /Users/rogerlin/Library/Developer/Xcode/DerivedData/FinancialCalculatorKit-ackorybalcxbfocbkqsfdzcfkgmn/Build/Intermediates.noindex/xctest-dynamic-overlay.build/Debug/IssueReporting.build/Objects-normal/arm64/IssueReporting-OutputFileMap.json (in target 'IssueReporting' from project 'xctest-dynamic-overlay')
    cd /Users/rogerlin/Library/Developer/Xcode/DerivedData/FinancialCalculatorKit-ackorybalcxbfocbkqsfdzcfkgmn/SourcePackages/checkouts/xctest-dynamic-overlay
    write-file /Users/rogerlin/Library/Developer/Xcode/DerivedData/FinancialCalculatorKit-ackorybalcxbfocbkqsfdzcfkgmn/Build/Intermediates.noindex/xctest-dynamic-overlay.build/Debug/IssueReporting.build/Objects-normal/arm64/IssueReporting-OutputFileMap.json

    Task input dependencies:

    Task output dependencies:
        /Users/rogerlin/Library/Developer/Xcode/DerivedData/FinancialCalculatorKit-ackorybalcxbfocbkqsfdzcfkgmn/Build/Intermediates.noindex/xctest-dynamic-overlay.build/Debug/IssueReporting.build/Objects-normal/arm64/IssueReporting-OutputFileMap.json

WriteAuxiliaryFile /Users/rogerlin/Library/Developer/Xcode/DerivedData/FinancialCalculatorKit-ackorybalcxbfocbkqsfdzcfkgmn/Build/Intermediates.noindex/xctest-dynamic-overlay.build/Debug/IssueReporting.build/IssueReporting.modulemap (in target 'IssueReporting' from project 'xctest-dynamic-overlay')
    cd /Users/rogerlin/Library/Developer/Xcode/DerivedData/FinancialCalculatorKit-ackorybalcxbfocbkqsfdzcfkgmn/SourcePackages/checkouts/xctest-dynamic-overlay
    write-file /Users/rogerlin/Library/Developer/Xcode/DerivedData/FinancialCalculatorKit-ackorybalcxbfocbkqsfdzcfkgmn/Build/Intermediates.noindex/xctest-dynamic-overlay.build/Debug/IssueReporting.build/IssueReporting.modulemap

    Task input dependencies:

    Task output dependencies:
        /Users/rogerlin/Library/Developer/Xcode/DerivedData/FinancialCalculatorKit-ackorybalcxbfocbkqsfdzcfkgmn/Build/Intermediates.noindex/xctest-dynamic-overlay.build/Debug/IssueReporting.build/IssueReporting.modulemap

WriteAuxiliaryFile /Users/rogerlin/Library/Developer/Xcode/DerivedData/FinancialCalculatorKit-ackorybalcxbfocbkqsfdzcfkgmn/Build/Intermediates.noindex/xctest-dynamic-overlay.build/Debug/IssueReporting.build/IssueReporting.DependencyStaticMetadataFileList (in target 'IssueReporting' from project 'xctest-dynamic-overlay')
    cd /Users/rogerlin/Library/Developer/Xcode/DerivedData/FinancialCalculatorKit-ackorybalcxbfocbkqsfdzcfkgmn/SourcePackages/checkouts/xctest-dynamic-overlay
    write-file /Users/rogerlin/Library/Developer/Xcode/DerivedData/FinancialCalculatorKit-ackorybalcxbfocbkqsfdzcfkgmn/Build/Intermediates.noindex/xctest-dynamic-overlay.build/Debug/IssueReporting.build/IssueReporting.DependencyStaticMetadataFileList

    Task input dependencies:

    Task output dependencies:
        /Users/rogerlin/Library/Developer/Xcode/DerivedData/FinancialCalculatorKit-ackorybalcxbfocbkqsfdzcfkgmn/Build/Intermediates.noindex/xctest-dynamic-overlay.build/Debug/IssueReporting.build/IssueReporting.DependencyStaticMetadataFileList

WriteAuxiliaryFile /Users/rogerlin/Library/Developer/Xcode/DerivedData/FinancialCalculatorKit-ackorybalcxbfocbkqsfdzcfkgmn/Build/Intermediates.noindex/xctest-dynamic-overlay.build/Debug/IssueReporting.build/IssueReporting.DependencyMetadataFileList (in target 'IssueReporting' from project 'xctest-dynamic-overlay')
    cd /Users/rogerlin/Library/Developer/Xcode/DerivedData/FinancialCalculatorKit-ackorybalcxbfocbkqsfdzcfkgmn/SourcePackages/checkouts/xctest-dynamic-overlay
    write-file /Users/rogerlin/Library/Developer/Xcode/DerivedData/FinancialCalculatorKit-ackorybalcxbfocbkqsfdzcfkgmn/Build/Intermediates.noindex/xctest-dynamic-overlay.build/Debug/IssueReporting.build/IssueReporting.DependencyMetadataFileList

    Task input dependencies:

    Task output dependencies:
        /Users/rogerlin/Library/Developer/Xcode/DerivedData/FinancialCalculatorKit-ackorybalcxbfocbkqsfdzcfkgmn/Build/Intermediates.noindex/xctest-dynamic-overlay.build/Debug/IssueReporting.build/IssueReporting.DependencyMetadataFileList

Copy /Users/rogerlin/Library/Developer/Xcode/DerivedData/FinancialCalculatorKit-ackorybalcxbfocbkqsfdzcfkgmn/Build/Intermediates.noindex/GeneratedModuleMaps/LaTeXSwiftUI.modulemap /Users/rogerlin/Library/Developer/Xcode/DerivedData/FinancialCalculatorKit-ackorybalcxbfocbkqsfdzcfkgmn/Build/Intermediates.noindex/LaTeXSwiftUI.build/Debug/LaTeXSwiftUI.build/LaTeXSwiftUI.modulemap (in target 'LaTeXSwiftUI' from project 'LaTeXSwiftUI')
    cd /Users/rogerlin/Library/Developer/Xcode/DerivedData/FinancialCalculatorKit-ackorybalcxbfocbkqsfdzcfkgmn/SourcePackages/checkouts/LaTeXSwiftUI
    builtin-copy -exclude .DS_Store -exclude CVS -exclude .svn -exclude .git -exclude .hg -resolve-src-symlinks /Users/rogerlin/Library/Developer/Xcode/DerivedData/FinancialCalculatorKit-ackorybalcxbfocbkqsfdzcfkgmn/Build/Intermediates.noindex/LaTeXSwiftUI.build/Debug/LaTeXSwiftUI.build/LaTeXSwiftUI.modulemap /Users/rogerlin/Library/Developer/Xcode/DerivedData/FinancialCalculatorKit-ackorybalcxbfocbkqsfdzcfkgmn/Build/Intermediates.noindex/GeneratedModuleMaps

    Task input dependencies:
        /Users/rogerlin/Library/Developer/Xcode/DerivedData/FinancialCalculatorKit-ackorybalcxbfocbkqsfdzcfkgmn/Build/Intermediates.noindex/LaTeXSwiftUI.build/Debug/LaTeXSwiftUI.build/LaTeXSwiftUI.modulemap/

    Task output dependencies:
        /Users/rogerlin/Library/Developer/Xcode/DerivedData/FinancialCalculatorKit-ackorybalcxbfocbkqsfdzcfkgmn/Build/Intermediates.noindex/GeneratedModuleMaps/LaTeXSwiftUI.modulemap

WriteAuxiliaryFile /Users/rogerlin/Library/Developer/Xcode/DerivedData/FinancialCalculatorKit-ackorybalcxbfocbkqsfdzcfkgmn/Build/Intermediates.noindex/HTMLEntities.build/Debug/HTMLEntities.build/Objects-normal/arm64/HTMLEntities.LinkFileList (in target 'HTMLEntities' from project 'HTMLEntities')
    cd /Users/rogerlin/Library/Developer/Xcode/DerivedData/FinancialCalculatorKit-ackorybalcxbfocbkqsfdzcfkgmn/SourcePackages/checkouts/swift-html-entities
    write-file /Users/rogerlin/Library/Developer/Xcode/DerivedData/FinancialCalculatorKit-ackorybalcxbfocbkqsfdzcfkgmn/Build/Intermediates.noindex/HTMLEntities.build/Debug/HTMLEntities.build/Objects-normal/arm64/HTMLEntities.LinkFileList

    Task input dependencies:

    Task output dependencies:
        /Users/rogerlin/Library/Developer/Xcode/DerivedData/FinancialCalculatorKit-ackorybalcxbfocbkqsfdzcfkgmn/Build/Intermediates.noindex/HTMLEntities.build/Debug/HTMLEntities.build/Objects-normal/arm64/HTMLEntities.LinkFileList

WriteAuxiliaryFile /Users/rogerlin/Library/Developer/Xcode/DerivedData/FinancialCalculatorKit-ackorybalcxbfocbkqsfdzcfkgmn/Build/Intermediates.noindex/HTMLEntities.build/Debug/HTMLEntities.build/Objects-normal/arm64/HTMLEntities.SwiftFileList (in target 'HTMLEntities' from project 'HTMLEntities')
    cd /Users/rogerlin/Library/Developer/Xcode/DerivedData/FinancialCalculatorKit-ackorybalcxbfocbkqsfdzcfkgmn/SourcePackages/checkouts/swift-html-entities
    write-file /Users/rogerlin/Library/Developer/Xcode/DerivedData/FinancialCalculatorKit-ackorybalcxbfocbkqsfdzcfkgmn/Build/Intermediates.noindex/HTMLEntities.build/Debug/HTMLEntities.build/Objects-normal/arm64/HTMLEntities.SwiftFileList

    Task input dependencies:

    Task output dependencies:
        /Users/rogerlin/Library/Developer/Xcode/DerivedData/FinancialCalculatorKit-ackorybalcxbfocbkqsfdzcfkgmn/Build/Intermediates.noindex/HTMLEntities.build/Debug/HTMLEntities.build/Objects-normal/arm64/HTMLEntities.SwiftFileList

WriteAuxiliaryFile /Users/rogerlin/Library/Developer/Xcode/DerivedData/FinancialCalculatorKit-ackorybalcxbfocbkqsfdzcfkgmn/Build/Intermediates.noindex/HTMLEntities.build/Debug/HTMLEntities.build/Objects-normal/arm64/HTMLEntities.SwiftConstValuesFileList (in target 'HTMLEntities' from project 'HTMLEntities')
    cd /Users/rogerlin/Library/Developer/Xcode/DerivedData/FinancialCalculatorKit-ackorybalcxbfocbkqsfdzcfkgmn/SourcePackages/checkouts/swift-html-entities
    write-file /Users/rogerlin/Library/Developer/Xcode/DerivedData/FinancialCalculatorKit-ackorybalcxbfocbkqsfdzcfkgmn/Build/Intermediates.noindex/HTMLEntities.build/Debug/HTMLEntities.build/Objects-normal/arm64/HTMLEntities.SwiftConstValuesFileList

    Task input dependencies:

    Task output dependencies:
        /Users/rogerlin/Library/Developer/Xcode/DerivedData/FinancialCalculatorKit-ackorybalcxbfocbkqsfdzcfkgmn/Build/Intermediates.noindex/HTMLEntities.build/Debug/HTMLEntities.build/Objects-normal/arm64/HTMLEntities.SwiftConstValuesFileList

WriteAuxiliaryFile /Users/rogerlin/Library/Developer/Xcode/DerivedData/FinancialCalculatorKit-ackorybalcxbfocbkqsfdzcfkgmn/Build/Intermediates.noindex/HTMLEntities.build/Debug/HTMLEntities.build/Objects-normal/arm64/HTMLEntities_const_extract_protocols.json (in target 'HTMLEntities' from project 'HTMLEntities')
    cd /Users/rogerlin/Library/Developer/Xcode/DerivedData/FinancialCalculatorKit-ackorybalcxbfocbkqsfdzcfkgmn/SourcePackages/checkouts/swift-html-entities
    write-file /Users/rogerlin/Library/Developer/Xcode/DerivedData/FinancialCalculatorKit-ackorybalcxbfocbkqsfdzcfkgmn/Build/Intermediates.noindex/HTMLEntities.build/Debug/HTMLEntities.build/Objects-normal/arm64/HTMLEntities_const_extract_protocols.json

    Task input dependencies:

    Task output dependencies:
        /Users/rogerlin/Library/Developer/Xcode/DerivedData/FinancialCalculatorKit-ackorybalcxbfocbkqsfdzcfkgmn/Build/Intermediates.noindex/HTMLEntities.build/Debug/HTMLEntities.build/Objects-normal/arm64/HTMLEntities_const_extract_protocols.json

WriteAuxiliaryFile /Users/rogerlin/Library/Developer/Xcode/DerivedData/FinancialCalculatorKit-ackorybalcxbfocbkqsfdzcfkgmn/Build/Intermediates.noindex/HTMLEntities.build/Debug/HTMLEntities.build/Objects-normal/arm64/HTMLEntities-OutputFileMap.json (in target 'HTMLEntities' from project 'HTMLEntities')
    cd /Users/rogerlin/Library/Developer/Xcode/DerivedData/FinancialCalculatorKit-ackorybalcxbfocbkqsfdzcfkgmn/SourcePackages/checkouts/swift-html-entities
    write-file /Users/rogerlin/Library/Developer/Xcode/DerivedData/FinancialCalculatorKit-ackorybalcxbfocbkqsfdzcfkgmn/Build/Intermediates.noindex/HTMLEntities.build/Debug/HTMLEntities.build/Objects-normal/arm64/HTMLEntities-OutputFileMap.json

    Task input dependencies:

    Task output dependencies:
        /Users/rogerlin/Library/Developer/Xcode/DerivedData/FinancialCalculatorKit-ackorybalcxbfocbkqsfdzcfkgmn/Build/Intermediates.noindex/HTMLEntities.build/Debug/HTMLEntities.build/Objects-normal/arm64/HTMLEntities-OutputFileMap.json

WriteAuxiliaryFile /Users/rogerlin/Library/Developer/Xcode/DerivedData/FinancialCalculatorKit-ackorybalcxbfocbkqsfdzcfkgmn/Build/Intermediates.noindex/HTMLEntities.build/Debug/HTMLEntities.build/HTMLEntities.modulemap (in target 'HTMLEntities' from project 'HTMLEntities')
    cd /Users/rogerlin/Library/Developer/Xcode/DerivedData/FinancialCalculatorKit-ackorybalcxbfocbkqsfdzcfkgmn/SourcePackages/checkouts/swift-html-entities
    write-file /Users/rogerlin/Library/Developer/Xcode/DerivedData/FinancialCalculatorKit-ackorybalcxbfocbkqsfdzcfkgmn/Build/Intermediates.noindex/HTMLEntities.build/Debug/HTMLEntities.build/HTMLEntities.modulemap

    Task input dependencies:

    Task output dependencies:
        /Users/rogerlin/Library/Developer/Xcode/DerivedData/FinancialCalculatorKit-ackorybalcxbfocbkqsfdzcfkgmn/Build/Intermediates.noindex/HTMLEntities.build/Debug/HTMLEntities.build/HTMLEntities.modulemap

WriteAuxiliaryFile /Users/rogerlin/Library/Developer/Xcode/DerivedData/FinancialCalculatorKit-ackorybalcxbfocbkqsfdzcfkgmn/Build/Intermediates.noindex/HTMLEntities.build/Debug/HTMLEntities.build/HTMLEntities.DependencyStaticMetadataFileList (in target 'HTMLEntities' from project 'HTMLEntities')
    cd /Users/rogerlin/Library/Developer/Xcode/DerivedData/FinancialCalculatorKit-ackorybalcxbfocbkqsfdzcfkgmn/SourcePackages/checkouts/swift-html-entities
    write-file /Users/rogerlin/Library/Developer/Xcode/DerivedData/FinancialCalculatorKit-ackorybalcxbfocbkqsfdzcfkgmn/Build/Intermediates.noindex/HTMLEntities.build/Debug/HTMLEntities.build/HTMLEntities.DependencyStaticMetadataFileList

    Task input dependencies:

    Task output dependencies:
        /Users/rogerlin/Library/Developer/Xcode/DerivedData/FinancialCalculatorKit-ackorybalcxbfocbkqsfdzcfkgmn/Build/Intermediates.noindex/HTMLEntities.build/Debug/HTMLEntities.build/HTMLEntities.DependencyStaticMetadataFileList

WriteAuxiliaryFile /Users/rogerlin/Library/Developer/Xcode/DerivedData/FinancialCalculatorKit-ackorybalcxbfocbkqsfdzcfkgmn/Build/Intermediates.noindex/HTMLEntities.build/Debug/HTMLEntities.build/HTMLEntities.DependencyMetadataFileList (in target 'HTMLEntities' from project 'HTMLEntities')
    cd /Users/rogerlin/Library/Developer/Xcode/DerivedData/FinancialCalculatorKit-ackorybalcxbfocbkqsfdzcfkgmn/SourcePackages/checkouts/swift-html-entities
    write-file /Users/rogerlin/Library/Developer/Xcode/DerivedData/FinancialCalculatorKit-ackorybalcxbfocbkqsfdzcfkgmn/Build/Intermediates.noindex/HTMLEntities.build/Debug/HTMLEntities.build/HTMLEntities.DependencyMetadataFileList

    Task input dependencies:

    Task output dependencies:
        /Users/rogerlin/Library/Developer/Xcode/DerivedData/FinancialCalculatorKit-ackorybalcxbfocbkqsfdzcfkgmn/Build/Intermediates.noindex/HTMLEntities.build/Debug/HTMLEntities.build/HTMLEntities.DependencyMetadataFileList

WriteAuxiliaryFile /Users/rogerlin/Library/Developer/Xcode/DerivedData/FinancialCalculatorKit-ackorybalcxbfocbkqsfdzcfkgmn/Build/Intermediates.noindex/FinancialCalculatorKit.build/Debug/FinancialCalculatorKit.build/empty-FinancialCalculatorKit.plist (in target 'FinancialCalculatorKit' from project 'FinancialCalculatorKit')
    cd /Users/rogerlin/XCode-Projects/FinancialCalculatorKit-5.0-updated-accent-colors
    write-file /Users/rogerlin/Library/Developer/Xcode/DerivedData/FinancialCalculatorKit-ackorybalcxbfocbkqsfdzcfkgmn/Build/Intermediates.noindex/FinancialCalculatorKit.build/Debug/FinancialCalculatorKit.build/empty-FinancialCalculatorKit.plist

    Task input dependencies:

    Task output dependencies:
        /Users/rogerlin/Library/Developer/Xcode/DerivedData/FinancialCalculatorKit-ackorybalcxbfocbkqsfdzcfkgmn/Build/Intermediates.noindex/FinancialCalculatorKit.build/Debug/FinancialCalculatorKit.build/empty-FinancialCalculatorKit.plist

Copy /Users/rogerlin/Library/Developer/Xcode/DerivedData/FinancialCalculatorKit-ackorybalcxbfocbkqsfdzcfkgmn/Build/Intermediates.noindex/GeneratedModuleMaps/IssueReporting.modulemap /Users/rogerlin/Library/Developer/Xcode/DerivedData/FinancialCalculatorKit-ackorybalcxbfocbkqsfdzcfkgmn/Build/Intermediates.noindex/xctest-dynamic-overlay.build/Debug/IssueReporting.build/IssueReporting.modulemap (in target 'IssueReporting' from project 'xctest-dynamic-overlay')
    cd /Users/rogerlin/Library/Developer/Xcode/DerivedData/FinancialCalculatorKit-ackorybalcxbfocbkqsfdzcfkgmn/SourcePackages/checkouts/xctest-dynamic-overlay
    builtin-copy -exclude .DS_Store -exclude CVS -exclude .svn -exclude .git -exclude .hg -resolve-src-symlinks /Users/rogerlin/Library/Developer/Xcode/DerivedData/FinancialCalculatorKit-ackorybalcxbfocbkqsfdzcfkgmn/Build/Intermediates.noindex/xctest-dynamic-overlay.build/Debug/IssueReporting.build/IssueReporting.modulemap /Users/rogerlin/Library/Developer/Xcode/DerivedData/FinancialCalculatorKit-ackorybalcxbfocbkqsfdzcfkgmn/Build/Intermediates.noindex/GeneratedModuleMaps

    Task input dependencies:
        /Users/rogerlin/Library/Developer/Xcode/DerivedData/FinancialCalculatorKit-ackorybalcxbfocbkqsfdzcfkgmn/Build/Intermediates.noindex/xctest-dynamic-overlay.build/Debug/IssueReporting.build/IssueReporting.modulemap/

    Task output dependencies:
        /Users/rogerlin/Library/Developer/Xcode/DerivedData/FinancialCalculatorKit-ackorybalcxbfocbkqsfdzcfkgmn/Build/Intermediates.noindex/GeneratedModuleMaps/IssueReporting.modulemap

WriteAuxiliaryFile /Users/rogerlin/Library/Developer/Xcode/DerivedData/FinancialCalculatorKit-ackorybalcxbfocbkqsfdzcfkgmn/Build/Intermediates.noindex/FinancialCalculatorKit.build/Debug/FinancialCalculatorKit.build/Objects-normal/arm64/FinancialCalculatorKit.SwiftConstValuesFileList (in target 'FinancialCalculatorKit' from project 'FinancialCalculatorKit')
    cd /Users/rogerlin/XCode-Projects/FinancialCalculatorKit-5.0-updated-accent-colors
    write-file /Users/rogerlin/Library/Developer/Xcode/DerivedData/FinancialCalculatorKit-ackorybalcxbfocbkqsfdzcfkgmn/Build/Intermediates.noindex/FinancialCalculatorKit.build/Debug/FinancialCalculatorKit.build/Objects-normal/arm64/FinancialCalculatorKit.SwiftConstValuesFileList

    Task input dependencies:

    Task output dependencies:
        /Users/rogerlin/Library/Developer/Xcode/DerivedData/FinancialCalculatorKit-ackorybalcxbfocbkqsfdzcfkgmn/Build/Intermediates.noindex/FinancialCalculatorKit.build/Debug/FinancialCalculatorKit.build/Objects-normal/arm64/FinancialCalculatorKit.SwiftConstValuesFileList

WriteAuxiliaryFile /Users/rogerlin/Library/Developer/Xcode/DerivedData/FinancialCalculatorKit-ackorybalcxbfocbkqsfdzcfkgmn/Build/Intermediates.noindex/FinancialCalculatorKit.build/Debug/FinancialCalculatorKit.build/Objects-normal/arm64/FinancialCalculatorKit.SwiftFileList (in target 'FinancialCalculatorKit' from project 'FinancialCalculatorKit')
    cd /Users/rogerlin/XCode-Projects/FinancialCalculatorKit-5.0-updated-accent-colors
    write-file /Users/rogerlin/Library/Developer/Xcode/DerivedData/FinancialCalculatorKit-ackorybalcxbfocbkqsfdzcfkgmn/Build/Intermediates.noindex/FinancialCalculatorKit.build/Debug/FinancialCalculatorKit.build/Objects-normal/arm64/FinancialCalculatorKit.SwiftFileList

    Task input dependencies:

    Task output dependencies:
        /Users/rogerlin/Library/Developer/Xcode/DerivedData/FinancialCalculatorKit-ackorybalcxbfocbkqsfdzcfkgmn/Build/Intermediates.noindex/FinancialCalculatorKit.build/Debug/FinancialCalculatorKit.build/Objects-normal/arm64/FinancialCalculatorKit.SwiftFileList

WriteAuxiliaryFile /Users/rogerlin/Library/Developer/Xcode/DerivedData/FinancialCalculatorKit-ackorybalcxbfocbkqsfdzcfkgmn/Build/Intermediates.noindex/FinancialCalculatorKit.build/Debug/FinancialCalculatorKit.build/Objects-normal/arm64/FinancialCalculatorKit_const_extract_protocols.json (in target 'FinancialCalculatorKit' from project 'FinancialCalculatorKit')
    cd /Users/rogerlin/XCode-Projects/FinancialCalculatorKit-5.0-updated-accent-colors
    write-file /Users/rogerlin/Library/Developer/Xcode/DerivedData/FinancialCalculatorKit-ackorybalcxbfocbkqsfdzcfkgmn/Build/Intermediates.noindex/FinancialCalculatorKit.build/Debug/FinancialCalculatorKit.build/Objects-normal/arm64/FinancialCalculatorKit_const_extract_protocols.json

    Task input dependencies:

    Task output dependencies:
        /Users/rogerlin/Library/Developer/Xcode/DerivedData/FinancialCalculatorKit-ackorybalcxbfocbkqsfdzcfkgmn/Build/Intermediates.noindex/FinancialCalculatorKit.build/Debug/FinancialCalculatorKit.build/Objects-normal/arm64/FinancialCalculatorKit_const_extract_protocols.json

WriteAuxiliaryFile /Users/rogerlin/Library/Developer/Xcode/DerivedData/FinancialCalculatorKit-ackorybalcxbfocbkqsfdzcfkgmn/Build/Intermediates.noindex/FinancialCalculatorKit.build/Debug/FinancialCalculatorKit.build/Objects-normal/arm64/FinancialCalculatorKit.LinkFileList (in target 'FinancialCalculatorKit' from project 'FinancialCalculatorKit')
    cd /Users/rogerlin/XCode-Projects/FinancialCalculatorKit-5.0-updated-accent-colors
    write-file /Users/rogerlin/Library/Developer/Xcode/DerivedData/FinancialCalculatorKit-ackorybalcxbfocbkqsfdzcfkgmn/Build/Intermediates.noindex/FinancialCalculatorKit.build/Debug/FinancialCalculatorKit.build/Objects-normal/arm64/FinancialCalculatorKit.LinkFileList

    Task input dependencies:

    Task output dependencies:
        /Users/rogerlin/Library/Developer/Xcode/DerivedData/FinancialCalculatorKit-ackorybalcxbfocbkqsfdzcfkgmn/Build/Intermediates.noindex/FinancialCalculatorKit.build/Debug/FinancialCalculatorKit.build/Objects-normal/arm64/FinancialCalculatorKit.LinkFileList

WriteAuxiliaryFile /Users/rogerlin/Library/Developer/Xcode/DerivedData/FinancialCalculatorKit-ackorybalcxbfocbkqsfdzcfkgmn/Build/Intermediates.noindex/FinancialCalculatorKit.build/Debug/FinancialCalculatorKit.build/Objects-normal/arm64/FinancialCalculatorKit-OutputFileMap.json (in target 'FinancialCalculatorKit' from project 'FinancialCalculatorKit')
    cd /Users/rogerlin/XCode-Projects/FinancialCalculatorKit-5.0-updated-accent-colors
    write-file /Users/rogerlin/Library/Developer/Xcode/DerivedData/FinancialCalculatorKit-ackorybalcxbfocbkqsfdzcfkgmn/Build/Intermediates.noindex/FinancialCalculatorKit.build/Debug/FinancialCalculatorKit.build/Objects-normal/arm64/FinancialCalculatorKit-OutputFileMap.json

    Task input dependencies:

    Task output dependencies:
        /Users/rogerlin/Library/Developer/Xcode/DerivedData/FinancialCalculatorKit-ackorybalcxbfocbkqsfdzcfkgmn/Build/Intermediates.noindex/FinancialCalculatorKit.build/Debug/FinancialCalculatorKit.build/Objects-normal/arm64/FinancialCalculatorKit-OutputFileMap.json

WriteAuxiliaryFile /Users/rogerlin/Library/Developer/Xcode/DerivedData/FinancialCalculatorKit-ackorybalcxbfocbkqsfdzcfkgmn/Build/Intermediates.noindex/FinancialCalculatorKit.build/Debug/FinancialCalculatorKit.build/FinancialCalculatorKit.hmap (in target 'FinancialCalculatorKit' from project 'FinancialCalculatorKit')
    cd /Users/rogerlin/XCode-Projects/FinancialCalculatorKit-5.0-updated-accent-colors
    write-file /Users/rogerlin/Library/Developer/Xcode/DerivedData/FinancialCalculatorKit-ackorybalcxbfocbkqsfdzcfkgmn/Build/Intermediates.noindex/FinancialCalculatorKit.build/Debug/FinancialCalculatorKit.build/FinancialCalculatorKit.hmap

    Task input dependencies:

    Task output dependencies:
        /Users/rogerlin/Library/Developer/Xcode/DerivedData/FinancialCalculatorKit-ackorybalcxbfocbkqsfdzcfkgmn/Build/Intermediates.noindex/FinancialCalculatorKit.build/Debug/FinancialCalculatorKit.build/FinancialCalculatorKit.hmap

WriteAuxiliaryFile /Users/rogerlin/Library/Developer/Xcode/DerivedData/FinancialCalculatorKit-ackorybalcxbfocbkqsfdzcfkgmn/Build/Intermediates.noindex/FinancialCalculatorKit.build/Debug/FinancialCalculatorKit.build/FinancialCalculatorKit.DependencyStaticMetadataFileList (in target 'FinancialCalculatorKit' from project 'FinancialCalculatorKit')
    cd /Users/rogerlin/XCode-Projects/FinancialCalculatorKit-5.0-updated-accent-colors
    write-file /Users/rogerlin/Library/Developer/Xcode/DerivedData/FinancialCalculatorKit-ackorybalcxbfocbkqsfdzcfkgmn/Build/Intermediates.noindex/FinancialCalculatorKit.build/Debug/FinancialCalculatorKit.build/FinancialCalculatorKit.DependencyStaticMetadataFileList

    Task input dependencies:

    Task output dependencies:
        /Users/rogerlin/Library/Developer/Xcode/DerivedData/FinancialCalculatorKit-ackorybalcxbfocbkqsfdzcfkgmn/Build/Intermediates.noindex/FinancialCalculatorKit.build/Debug/FinancialCalculatorKit.build/FinancialCalculatorKit.DependencyStaticMetadataFileList

WriteAuxiliaryFile /Users/rogerlin/Library/Developer/Xcode/DerivedData/FinancialCalculatorKit-ackorybalcxbfocbkqsfdzcfkgmn/Build/Intermediates.noindex/FinancialCalculatorKit.build/Debug/FinancialCalculatorKit.build/FinancialCalculatorKit-project-headers.hmap (in target 'FinancialCalculatorKit' from project 'FinancialCalculatorKit')
    cd /Users/rogerlin/XCode-Projects/FinancialCalculatorKit-5.0-updated-accent-colors
    write-file /Users/rogerlin/Library/Developer/Xcode/DerivedData/FinancialCalculatorKit-ackorybalcxbfocbkqsfdzcfkgmn/Build/Intermediates.noindex/FinancialCalculatorKit.build/Debug/FinancialCalculatorKit.build/FinancialCalculatorKit-project-headers.hmap

    Task input dependencies:

    Task output dependencies:
        /Users/rogerlin/Library/Developer/Xcode/DerivedData/FinancialCalculatorKit-ackorybalcxbfocbkqsfdzcfkgmn/Build/Intermediates.noindex/FinancialCalculatorKit.build/Debug/FinancialCalculatorKit.build/FinancialCalculatorKit-project-headers.hmap

WriteAuxiliaryFile /Users/rogerlin/Library/Developer/Xcode/DerivedData/FinancialCalculatorKit-ackorybalcxbfocbkqsfdzcfkgmn/Build/Intermediates.noindex/FinancialCalculatorKit.build/Debug/FinancialCalculatorKit.build/FinancialCalculatorKit.DependencyMetadataFileList (in target 'FinancialCalculatorKit' from project 'FinancialCalculatorKit')
    cd /Users/rogerlin/XCode-Projects/FinancialCalculatorKit-5.0-updated-accent-colors
    write-file /Users/rogerlin/Library/Developer/Xcode/DerivedData/FinancialCalculatorKit-ackorybalcxbfocbkqsfdzcfkgmn/Build/Intermediates.noindex/FinancialCalculatorKit.build/Debug/FinancialCalculatorKit.build/FinancialCalculatorKit.DependencyMetadataFileList

    Task input dependencies:

    Task output dependencies:
        /Users/rogerlin/Library/Developer/Xcode/DerivedData/FinancialCalculatorKit-ackorybalcxbfocbkqsfdzcfkgmn/Build/Intermediates.noindex/FinancialCalculatorKit.build/Debug/FinancialCalculatorKit.build/FinancialCalculatorKit.DependencyMetadataFileList

WriteAuxiliaryFile /Users/rogerlin/Library/Developer/Xcode/DerivedData/FinancialCalculatorKit-ackorybalcxbfocbkqsfdzcfkgmn/Build/Intermediates.noindex/FinancialCalculatorKit.build/Debug/FinancialCalculatorKit.build/FinancialCalculatorKit-own-target-headers.hmap (in target 'FinancialCalculatorKit' from project 'FinancialCalculatorKit')
    cd /Users/rogerlin/XCode-Projects/FinancialCalculatorKit-5.0-updated-accent-colors
    write-file /Users/rogerlin/Library/Developer/Xcode/DerivedData/FinancialCalculatorKit-ackorybalcxbfocbkqsfdzcfkgmn/Build/Intermediates.noindex/FinancialCalculatorKit.build/Debug/FinancialCalculatorKit.build/FinancialCalculatorKit-own-target-headers.hmap

    Task input dependencies:

    Task output dependencies:
        /Users/rogerlin/Library/Developer/Xcode/DerivedData/FinancialCalculatorKit-ackorybalcxbfocbkqsfdzcfkgmn/Build/Intermediates.noindex/FinancialCalculatorKit.build/Debug/FinancialCalculatorKit.build/FinancialCalculatorKit-own-target-headers.hmap

WriteAuxiliaryFile /Users/rogerlin/Library/Developer/Xcode/DerivedData/FinancialCalculatorKit-ackorybalcxbfocbkqsfdzcfkgmn/Build/Intermediates.noindex/FinancialCalculatorKit.build/Debug/FinancialCalculatorKit.build/FinancialCalculatorKit-generated-files.hmap (in target 'FinancialCalculatorKit' from project 'FinancialCalculatorKit')
    cd /Users/rogerlin/XCode-Projects/FinancialCalculatorKit-5.0-updated-accent-colors
    write-file /Users/rogerlin/Library/Developer/Xcode/DerivedData/FinancialCalculatorKit-ackorybalcxbfocbkqsfdzcfkgmn/Build/Intermediates.noindex/FinancialCalculatorKit.build/Debug/FinancialCalculatorKit.build/FinancialCalculatorKit-generated-files.hmap

    Task input dependencies:

    Task output dependencies:
        /Users/rogerlin/Library/Developer/Xcode/DerivedData/FinancialCalculatorKit-ackorybalcxbfocbkqsfdzcfkgmn/Build/Intermediates.noindex/FinancialCalculatorKit.build/Debug/FinancialCalculatorKit.build/FinancialCalculatorKit-generated-files.hmap

Copy /Users/rogerlin/Library/Developer/Xcode/DerivedData/FinancialCalculatorKit-ackorybalcxbfocbkqsfdzcfkgmn/Build/Intermediates.noindex/GeneratedModuleMaps/HTMLEntities.modulemap /Users/rogerlin/Library/Developer/Xcode/DerivedData/FinancialCalculatorKit-ackorybalcxbfocbkqsfdzcfkgmn/Build/Intermediates.noindex/HTMLEntities.build/Debug/HTMLEntities.build/HTMLEntities.modulemap (in target 'HTMLEntities' from project 'HTMLEntities')
    cd /Users/rogerlin/Library/Developer/Xcode/DerivedData/FinancialCalculatorKit-ackorybalcxbfocbkqsfdzcfkgmn/SourcePackages/checkouts/swift-html-entities
    builtin-copy -exclude .DS_Store -exclude CVS -exclude .svn -exclude .git -exclude .hg -resolve-src-symlinks /Users/rogerlin/Library/Developer/Xcode/DerivedData/FinancialCalculatorKit-ackorybalcxbfocbkqsfdzcfkgmn/Build/Intermediates.noindex/HTMLEntities.build/Debug/HTMLEntities.build/HTMLEntities.modulemap /Users/rogerlin/Library/Developer/Xcode/DerivedData/FinancialCalculatorKit-ackorybalcxbfocbkqsfdzcfkgmn/Build/Intermediates.noindex/GeneratedModuleMaps

    Task input dependencies:
        /Users/rogerlin/Library/Developer/Xcode/DerivedData/FinancialCalculatorKit-ackorybalcxbfocbkqsfdzcfkgmn/Build/Intermediates.noindex/HTMLEntities.build/Debug/HTMLEntities.build/HTMLEntities.modulemap/

    Task output dependencies:
        /Users/rogerlin/Library/Developer/Xcode/DerivedData/FinancialCalculatorKit-ackorybalcxbfocbkqsfdzcfkgmn/Build/Intermediates.noindex/GeneratedModuleMaps/HTMLEntities.modulemap

WriteAuxiliaryFile /Users/rogerlin/Library/Developer/Xcode/DerivedData/FinancialCalculatorKit-ackorybalcxbfocbkqsfdzcfkgmn/Build/Intermediates.noindex/FinancialCalculatorKit.build/Debug/FinancialCalculatorKit.build/FinancialCalculatorKit-all-target-headers.hmap (in target 'FinancialCalculatorKit' from project 'FinancialCalculatorKit')
    cd /Users/rogerlin/XCode-Projects/FinancialCalculatorKit-5.0-updated-accent-colors
    write-file /Users/rogerlin/Library/Developer/Xcode/DerivedData/FinancialCalculatorKit-ackorybalcxbfocbkqsfdzcfkgmn/Build/Intermediates.noindex/FinancialCalculatorKit.build/Debug/FinancialCalculatorKit.build/FinancialCalculatorKit-all-target-headers.hmap

    Task input dependencies:

    Task output dependencies:
        /Users/rogerlin/Library/Developer/Xcode/DerivedData/FinancialCalculatorKit-ackorybalcxbfocbkqsfdzcfkgmn/Build/Intermediates.noindex/FinancialCalculatorKit.build/Debug/FinancialCalculatorKit.build/FinancialCalculatorKit-all-target-headers.hmap

WriteAuxiliaryFile /Users/rogerlin/Library/Developer/Xcode/DerivedData/FinancialCalculatorKit-ackorybalcxbfocbkqsfdzcfkgmn/Build/Intermediates.noindex/FinancialCalculatorKit.build/Debug/FinancialCalculatorKit.build/FinancialCalculatorKit-all-non-framework-target-headers.hmap (in target 'FinancialCalculatorKit' from project 'FinancialCalculatorKit')
    cd /Users/rogerlin/XCode-Projects/FinancialCalculatorKit-5.0-updated-accent-colors
    write-file /Users/rogerlin/Library/Developer/Xcode/DerivedData/FinancialCalculatorKit-ackorybalcxbfocbkqsfdzcfkgmn/Build/Intermediates.noindex/FinancialCalculatorKit.build/Debug/FinancialCalculatorKit.build/FinancialCalculatorKit-all-non-framework-target-headers.hmap

    Task input dependencies:

    Task output dependencies:
        /Users/rogerlin/Library/Developer/Xcode/DerivedData/FinancialCalculatorKit-ackorybalcxbfocbkqsfdzcfkgmn/Build/Intermediates.noindex/FinancialCalculatorKit.build/Debug/FinancialCalculatorKit.build/FinancialCalculatorKit-all-non-framework-target-headers.hmap

WriteAuxiliaryFile /Users/rogerlin/Library/Developer/Xcode/DerivedData/FinancialCalculatorKit-ackorybalcxbfocbkqsfdzcfkgmn/Build/Intermediates.noindex/FinancialCalculatorKit.build/Debug/FinancialCalculatorKit.build/FinancialCalculatorKit-DebugDylibPath-normal-arm64.txt (in target 'FinancialCalculatorKit' from project 'FinancialCalculatorKit')
    cd /Users/rogerlin/XCode-Projects/FinancialCalculatorKit-5.0-updated-accent-colors
    write-file /Users/rogerlin/Library/Developer/Xcode/DerivedData/FinancialCalculatorKit-ackorybalcxbfocbkqsfdzcfkgmn/Build/Intermediates.noindex/FinancialCalculatorKit.build/Debug/FinancialCalculatorKit.build/FinancialCalculatorKit-DebugDylibPath-normal-arm64.txt

    Task input dependencies:

    Task output dependencies:
        /Users/rogerlin/Library/Developer/Xcode/DerivedData/FinancialCalculatorKit-ackorybalcxbfocbkqsfdzcfkgmn/Build/Intermediates.noindex/FinancialCalculatorKit.build/Debug/FinancialCalculatorKit.build/FinancialCalculatorKit-DebugDylibPath-normal-arm64.txt

WriteAuxiliaryFile /Users/rogerlin/Library/Developer/Xcode/DerivedData/FinancialCalculatorKit-ackorybalcxbfocbkqsfdzcfkgmn/Build/Intermediates.noindex/FinancialCalculatorKit.build/Debug/FinancialCalculatorKit.build/FinancialCalculatorKit-DebugDylibInstallName-normal-arm64.txt (in target 'FinancialCalculatorKit' from project 'FinancialCalculatorKit')
    cd /Users/rogerlin/XCode-Projects/FinancialCalculatorKit-5.0-updated-accent-colors
    write-file /Users/rogerlin/Library/Developer/Xcode/DerivedData/FinancialCalculatorKit-ackorybalcxbfocbkqsfdzcfkgmn/Build/Intermediates.noindex/FinancialCalculatorKit.build/Debug/FinancialCalculatorKit.build/FinancialCalculatorKit-DebugDylibInstallName-normal-arm64.txt

    Task input dependencies:

    Task output dependencies:
        /Users/rogerlin/Library/Developer/Xcode/DerivedData/FinancialCalculatorKit-ackorybalcxbfocbkqsfdzcfkgmn/Build/Intermediates.noindex/FinancialCalculatorKit.build/Debug/FinancialCalculatorKit.build/FinancialCalculatorKit-DebugDylibInstallName-normal-arm64.txt

WriteAuxiliaryFile /Users/rogerlin/Library/Developer/Xcode/DerivedData/FinancialCalculatorKit-ackorybalcxbfocbkqsfdzcfkgmn/Build/Intermediates.noindex/FinancialCalculatorKit.build/Debug/FinancialCalculatorKit.build/DerivedSources/Entitlements.plist (in target 'FinancialCalculatorKit' from project 'FinancialCalculatorKit')
    cd /Users/rogerlin/XCode-Projects/FinancialCalculatorKit-5.0-updated-accent-colors
    write-file /Users/rogerlin/Library/Developer/Xcode/DerivedData/FinancialCalculatorKit-ackorybalcxbfocbkqsfdzcfkgmn/Build/Intermediates.noindex/FinancialCalculatorKit.build/Debug/FinancialCalculatorKit.build/DerivedSources/Entitlements.plist

    Task input dependencies:

    Task output dependencies:
        /Users/rogerlin/Library/Developer/Xcode/DerivedData/FinancialCalculatorKit-ackorybalcxbfocbkqsfdzcfkgmn/Build/Intermediates.noindex/FinancialCalculatorKit.build/Debug/FinancialCalculatorKit.build/DerivedSources/Entitlements.plist

WriteAuxiliaryFile /Users/rogerlin/Library/Developer/Xcode/DerivedData/FinancialCalculatorKit-ackorybalcxbfocbkqsfdzcfkgmn/Build/Intermediates.noindex/ExpressionParser.build/Debug/ExpressionParser.build/ExpressionParser.DependencyMetadataFileList (in target 'ExpressionParser' from project 'ExpressionParser')
    cd /Users/rogerlin/Library/Developer/Xcode/DerivedData/FinancialCalculatorKit-ackorybalcxbfocbkqsfdzcfkgmn/SourcePackages/checkouts/ExpressionParser
    write-file /Users/rogerlin/Library/Developer/Xcode/DerivedData/FinancialCalculatorKit-ackorybalcxbfocbkqsfdzcfkgmn/Build/Intermediates.noindex/ExpressionParser.build/Debug/ExpressionParser.build/ExpressionParser.DependencyMetadataFileList

    Task input dependencies:

    Task output dependencies:
        /Users/rogerlin/Library/Developer/Xcode/DerivedData/FinancialCalculatorKit-ackorybalcxbfocbkqsfdzcfkgmn/Build/Intermediates.noindex/ExpressionParser.build/Debug/ExpressionParser.build/ExpressionParser.DependencyMetadataFileList

WriteAuxiliaryFile /Users/rogerlin/Library/Developer/Xcode/DerivedData/FinancialCalculatorKit-ackorybalcxbfocbkqsfdzcfkgmn/Build/Intermediates.noindex/swift-numerics.build/Debug/ComplexModule.build/ComplexModule.DependencyStaticMetadataFileList (in target 'ComplexModule' from project 'swift-numerics')
    cd /Users/rogerlin/Library/Developer/Xcode/DerivedData/FinancialCalculatorKit-ackorybalcxbfocbkqsfdzcfkgmn/SourcePackages/checkouts/swift-numerics
    write-file /Users/rogerlin/Library/Developer/Xcode/DerivedData/FinancialCalculatorKit-ackorybalcxbfocbkqsfdzcfkgmn/Build/Intermediates.noindex/swift-numerics.build/Debug/ComplexModule.build/ComplexModule.DependencyStaticMetadataFileList

    Task input dependencies:

    Task output dependencies:
        /Users/rogerlin/Library/Developer/Xcode/DerivedData/FinancialCalculatorKit-ackorybalcxbfocbkqsfdzcfkgmn/Build/Intermediates.noindex/swift-numerics.build/Debug/ComplexModule.build/ComplexModule.DependencyStaticMetadataFileList

WriteAuxiliaryFile /Users/rogerlin/Library/Developer/Xcode/DerivedData/FinancialCalculatorKit-ackorybalcxbfocbkqsfdzcfkgmn/Build/Intermediates.noindex/ExpressionParser.build/Debug/ExpressionParser.build/ExpressionParser.DependencyStaticMetadataFileList (in target 'ExpressionParser' from project 'ExpressionParser')
    cd /Users/rogerlin/Library/Developer/Xcode/DerivedData/FinancialCalculatorKit-ackorybalcxbfocbkqsfdzcfkgmn/SourcePackages/checkouts/ExpressionParser
    write-file /Users/rogerlin/Library/Developer/Xcode/DerivedData/FinancialCalculatorKit-ackorybalcxbfocbkqsfdzcfkgmn/Build/Intermediates.noindex/ExpressionParser.build/Debug/ExpressionParser.build/ExpressionParser.DependencyStaticMetadataFileList

    Task input dependencies:

    Task output dependencies:
        /Users/rogerlin/Library/Developer/Xcode/DerivedData/FinancialCalculatorKit-ackorybalcxbfocbkqsfdzcfkgmn/Build/Intermediates.noindex/ExpressionParser.build/Debug/ExpressionParser.build/ExpressionParser.DependencyStaticMetadataFileList

WriteAuxiliaryFile /Users/rogerlin/Library/Developer/Xcode/DerivedData/FinancialCalculatorKit-ackorybalcxbfocbkqsfdzcfkgmn/Build/Intermediates.noindex/ExpressionParser.build/Debug/ExpressionParser.build/ExpressionParser.modulemap (in target 'ExpressionParser' from project 'ExpressionParser')
    cd /Users/rogerlin/Library/Developer/Xcode/DerivedData/FinancialCalculatorKit-ackorybalcxbfocbkqsfdzcfkgmn/SourcePackages/checkouts/ExpressionParser
    write-file /Users/rogerlin/Library/Developer/Xcode/DerivedData/FinancialCalculatorKit-ackorybalcxbfocbkqsfdzcfkgmn/Build/Intermediates.noindex/ExpressionParser.build/Debug/ExpressionParser.build/ExpressionParser.modulemap

    Task input dependencies:

    Task output dependencies:
        /Users/rogerlin/Library/Developer/Xcode/DerivedData/FinancialCalculatorKit-ackorybalcxbfocbkqsfdzcfkgmn/Build/Intermediates.noindex/ExpressionParser.build/Debug/ExpressionParser.build/ExpressionParser.modulemap

WriteAuxiliaryFile /Users/rogerlin/Library/Developer/Xcode/DerivedData/FinancialCalculatorKit-ackorybalcxbfocbkqsfdzcfkgmn/Build/Intermediates.noindex/ExpressionParser.build/Debug/ExpressionParser.build/Objects-normal/arm64/ExpressionParser_const_extract_protocols.json (in target 'ExpressionParser' from project 'ExpressionParser')
    cd /Users/rogerlin/Library/Developer/Xcode/DerivedData/FinancialCalculatorKit-ackorybalcxbfocbkqsfdzcfkgmn/SourcePackages/checkouts/ExpressionParser
    write-file /Users/rogerlin/Library/Developer/Xcode/DerivedData/FinancialCalculatorKit-ackorybalcxbfocbkqsfdzcfkgmn/Build/Intermediates.noindex/ExpressionParser.build/Debug/ExpressionParser.build/Objects-normal/arm64/ExpressionParser_const_extract_protocols.json

    Task input dependencies:

    Task output dependencies:
        /Users/rogerlin/Library/Developer/Xcode/DerivedData/FinancialCalculatorKit-ackorybalcxbfocbkqsfdzcfkgmn/Build/Intermediates.noindex/ExpressionParser.build/Debug/ExpressionParser.build/Objects-normal/arm64/ExpressionParser_const_extract_protocols.json

WriteAuxiliaryFile /Users/rogerlin/Library/Developer/Xcode/DerivedData/FinancialCalculatorKit-ackorybalcxbfocbkqsfdzcfkgmn/Build/Intermediates.noindex/ExpressionParser.build/Debug/ExpressionParser.build/Objects-normal/arm64/ExpressionParser.LinkFileList (in target 'ExpressionParser' from project 'ExpressionParser')
    cd /Users/rogerlin/Library/Developer/Xcode/DerivedData/FinancialCalculatorKit-ackorybalcxbfocbkqsfdzcfkgmn/SourcePackages/checkouts/ExpressionParser
    write-file /Users/rogerlin/Library/Developer/Xcode/DerivedData/FinancialCalculatorKit-ackorybalcxbfocbkqsfdzcfkgmn/Build/Intermediates.noindex/ExpressionParser.build/Debug/ExpressionParser.build/Objects-normal/arm64/ExpressionParser.LinkFileList

    Task input dependencies:

    Task output dependencies:
        /Users/rogerlin/Library/Developer/Xcode/DerivedData/FinancialCalculatorKit-ackorybalcxbfocbkqsfdzcfkgmn/Build/Intermediates.noindex/ExpressionParser.build/Debug/ExpressionParser.build/Objects-normal/arm64/ExpressionParser.LinkFileList

WriteAuxiliaryFile /Users/rogerlin/Library/Developer/Xcode/DerivedData/FinancialCalculatorKit-ackorybalcxbfocbkqsfdzcfkgmn/Build/Intermediates.noindex/ExpressionParser.build/Debug/ExpressionParser.build/Objects-normal/arm64/ExpressionParser-OutputFileMap.json (in target 'ExpressionParser' from project 'ExpressionParser')
    cd /Users/rogerlin/Library/Developer/Xcode/DerivedData/FinancialCalculatorKit-ackorybalcxbfocbkqsfdzcfkgmn/SourcePackages/checkouts/ExpressionParser
    write-file /Users/rogerlin/Library/Developer/Xcode/DerivedData/FinancialCalculatorKit-ackorybalcxbfocbkqsfdzcfkgmn/Build/Intermediates.noindex/ExpressionParser.build/Debug/ExpressionParser.build/Objects-normal/arm64/ExpressionParser-OutputFileMap.json

    Task input dependencies:

    Task output dependencies:
        /Users/rogerlin/Library/Developer/Xcode/DerivedData/FinancialCalculatorKit-ackorybalcxbfocbkqsfdzcfkgmn/Build/Intermediates.noindex/ExpressionParser.build/Debug/ExpressionParser.build/Objects-normal/arm64/ExpressionParser-OutputFileMap.json

WriteAuxiliaryFile /Users/rogerlin/Library/Developer/Xcode/DerivedData/FinancialCalculatorKit-ackorybalcxbfocbkqsfdzcfkgmn/Build/Intermediates.noindex/ExpressionParser.build/Debug/ExpressionParser.build/Objects-normal/arm64/ExpressionParser.SwiftConstValuesFileList (in target 'ExpressionParser' from project 'ExpressionParser')
    cd /Users/rogerlin/Library/Developer/Xcode/DerivedData/FinancialCalculatorKit-ackorybalcxbfocbkqsfdzcfkgmn/SourcePackages/checkouts/ExpressionParser
    write-file /Users/rogerlin/Library/Developer/Xcode/DerivedData/FinancialCalculatorKit-ackorybalcxbfocbkqsfdzcfkgmn/Build/Intermediates.noindex/ExpressionParser.build/Debug/ExpressionParser.build/Objects-normal/arm64/ExpressionParser.SwiftConstValuesFileList

    Task input dependencies:

    Task output dependencies:
        /Users/rogerlin/Library/Developer/Xcode/DerivedData/FinancialCalculatorKit-ackorybalcxbfocbkqsfdzcfkgmn/Build/Intermediates.noindex/ExpressionParser.build/Debug/ExpressionParser.build/Objects-normal/arm64/ExpressionParser.SwiftConstValuesFileList

WriteAuxiliaryFile /Users/rogerlin/Library/Developer/Xcode/DerivedData/FinancialCalculatorKit-ackorybalcxbfocbkqsfdzcfkgmn/Build/Intermediates.noindex/ExpressionParser.build/Debug/ExpressionParser.build/Objects-normal/arm64/ExpressionParser.SwiftFileList (in target 'ExpressionParser' from project 'ExpressionParser')
    cd /Users/rogerlin/Library/Developer/Xcode/DerivedData/FinancialCalculatorKit-ackorybalcxbfocbkqsfdzcfkgmn/SourcePackages/checkouts/ExpressionParser
    write-file /Users/rogerlin/Library/Developer/Xcode/DerivedData/FinancialCalculatorKit-ackorybalcxbfocbkqsfdzcfkgmn/Build/Intermediates.noindex/ExpressionParser.build/Debug/ExpressionParser.build/Objects-normal/arm64/ExpressionParser.SwiftFileList

    Task input dependencies:

    Task output dependencies:
        /Users/rogerlin/Library/Developer/Xcode/DerivedData/FinancialCalculatorKit-ackorybalcxbfocbkqsfdzcfkgmn/Build/Intermediates.noindex/ExpressionParser.build/Debug/ExpressionParser.build/Objects-normal/arm64/ExpressionParser.SwiftFileList

WriteAuxiliaryFile /Users/rogerlin/Library/Developer/Xcode/DerivedData/FinancialCalculatorKit-ackorybalcxbfocbkqsfdzcfkgmn/Build/Intermediates.noindex/swift-numerics.build/Debug/ComplexModule.build/ComplexModule.DependencyMetadataFileList (in target 'ComplexModule' from project 'swift-numerics')
    cd /Users/rogerlin/Library/Developer/Xcode/DerivedData/FinancialCalculatorKit-ackorybalcxbfocbkqsfdzcfkgmn/SourcePackages/checkouts/swift-numerics
    write-file /Users/rogerlin/Library/Developer/Xcode/DerivedData/FinancialCalculatorKit-ackorybalcxbfocbkqsfdzcfkgmn/Build/Intermediates.noindex/swift-numerics.build/Debug/ComplexModule.build/ComplexModule.DependencyMetadataFileList

    Task input dependencies:

    Task output dependencies:
        /Users/rogerlin/Library/Developer/Xcode/DerivedData/FinancialCalculatorKit-ackorybalcxbfocbkqsfdzcfkgmn/Build/Intermediates.noindex/swift-numerics.build/Debug/ComplexModule.build/ComplexModule.DependencyMetadataFileList

Copy /Users/rogerlin/Library/Developer/Xcode/DerivedData/FinancialCalculatorKit-ackorybalcxbfocbkqsfdzcfkgmn/Build/Intermediates.noindex/GeneratedModuleMaps/ComplexModule.modulemap /Users/rogerlin/Library/Developer/Xcode/DerivedData/FinancialCalculatorKit-ackorybalcxbfocbkqsfdzcfkgmn/Build/Intermediates.noindex/swift-numerics.build/Debug/ComplexModule.build/ComplexModule.modulemap (in target 'ComplexModule' from project 'swift-numerics')
    cd /Users/rogerlin/Library/Developer/Xcode/DerivedData/FinancialCalculatorKit-ackorybalcxbfocbkqsfdzcfkgmn/SourcePackages/checkouts/swift-numerics
    builtin-copy -exclude .DS_Store -exclude CVS -exclude .svn -exclude .git -exclude .hg -resolve-src-symlinks /Users/rogerlin/Library/Developer/Xcode/DerivedData/FinancialCalculatorKit-ackorybalcxbfocbkqsfdzcfkgmn/Build/Intermediates.noindex/swift-numerics.build/Debug/ComplexModule.build/ComplexModule.modulemap /Users/rogerlin/Library/Developer/Xcode/DerivedData/FinancialCalculatorKit-ackorybalcxbfocbkqsfdzcfkgmn/Build/Intermediates.noindex/GeneratedModuleMaps

    Task input dependencies:
        /Users/rogerlin/Library/Developer/Xcode/DerivedData/FinancialCalculatorKit-ackorybalcxbfocbkqsfdzcfkgmn/Build/Intermediates.noindex/swift-numerics.build/Debug/ComplexModule.build/ComplexModule.modulemap/

    Task output dependencies:
        /Users/rogerlin/Library/Developer/Xcode/DerivedData/FinancialCalculatorKit-ackorybalcxbfocbkqsfdzcfkgmn/Build/Intermediates.noindex/GeneratedModuleMaps/ComplexModule.modulemap

WriteAuxiliaryFile /Users/rogerlin/Library/Developer/Xcode/DerivedData/FinancialCalculatorKit-ackorybalcxbfocbkqsfdzcfkgmn/Build/Intermediates.noindex/swift-case-paths.build/Debug/CasePathsMacros.build/Objects-normal/arm64/CasePathsMacros_const_extract_protocols.json (in target 'CasePathsMacros' from project 'swift-case-paths')
    cd /Users/rogerlin/Library/Developer/Xcode/DerivedData/FinancialCalculatorKit-ackorybalcxbfocbkqsfdzcfkgmn/SourcePackages/checkouts/swift-case-paths
    write-file /Users/rogerlin/Library/Developer/Xcode/DerivedData/FinancialCalculatorKit-ackorybalcxbfocbkqsfdzcfkgmn/Build/Intermediates.noindex/swift-case-paths.build/Debug/CasePathsMacros.build/Objects-normal/arm64/CasePathsMacros_const_extract_protocols.json

    Task input dependencies:

    Task output dependencies:
        /Users/rogerlin/Library/Developer/Xcode/DerivedData/FinancialCalculatorKit-ackorybalcxbfocbkqsfdzcfkgmn/Build/Intermediates.noindex/swift-case-paths.build/Debug/CasePathsMacros.build/Objects-normal/arm64/CasePathsMacros_const_extract_protocols.json

WriteAuxiliaryFile /Users/rogerlin/Library/Developer/Xcode/DerivedData/FinancialCalculatorKit-ackorybalcxbfocbkqsfdzcfkgmn/Build/Intermediates.noindex/swift-case-paths.build/Debug/CasePathsMacros.build/Objects-normal/arm64/CasePathsMacros.SwiftFileList (in target 'CasePathsMacros' from project 'swift-case-paths')
    cd /Users/rogerlin/Library/Developer/Xcode/DerivedData/FinancialCalculatorKit-ackorybalcxbfocbkqsfdzcfkgmn/SourcePackages/checkouts/swift-case-paths
    write-file /Users/rogerlin/Library/Developer/Xcode/DerivedData/FinancialCalculatorKit-ackorybalcxbfocbkqsfdzcfkgmn/Build/Intermediates.noindex/swift-case-paths.build/Debug/CasePathsMacros.build/Objects-normal/arm64/CasePathsMacros.SwiftFileList

    Task input dependencies:

    Task output dependencies:
        /Users/rogerlin/Library/Developer/Xcode/DerivedData/FinancialCalculatorKit-ackorybalcxbfocbkqsfdzcfkgmn/Build/Intermediates.noindex/swift-case-paths.build/Debug/CasePathsMacros.build/Objects-normal/arm64/CasePathsMacros.SwiftFileList

WriteAuxiliaryFile /Users/rogerlin/Library/Developer/Xcode/DerivedData/FinancialCalculatorKit-ackorybalcxbfocbkqsfdzcfkgmn/Build/Intermediates.noindex/swift-case-paths.build/Debug/CasePathsMacros.build/Objects-normal/arm64/CasePathsMacros.LinkFileList (in target 'CasePathsMacros' from project 'swift-case-paths')
    cd /Users/rogerlin/Library/Developer/Xcode/DerivedData/FinancialCalculatorKit-ackorybalcxbfocbkqsfdzcfkgmn/SourcePackages/checkouts/swift-case-paths
    write-file /Users/rogerlin/Library/Developer/Xcode/DerivedData/FinancialCalculatorKit-ackorybalcxbfocbkqsfdzcfkgmn/Build/Intermediates.noindex/swift-case-paths.build/Debug/CasePathsMacros.build/Objects-normal/arm64/CasePathsMacros.LinkFileList

    Task input dependencies:

    Task output dependencies:
        /Users/rogerlin/Library/Developer/Xcode/DerivedData/FinancialCalculatorKit-ackorybalcxbfocbkqsfdzcfkgmn/Build/Intermediates.noindex/swift-case-paths.build/Debug/CasePathsMacros.build/Objects-normal/arm64/CasePathsMacros.LinkFileList

WriteAuxiliaryFile /Users/rogerlin/Library/Developer/Xcode/DerivedData/FinancialCalculatorKit-ackorybalcxbfocbkqsfdzcfkgmn/Build/Intermediates.noindex/swift-case-paths.build/Debug/CasePathsMacros.build/Objects-normal/arm64/CasePathsMacros-OutputFileMap.json (in target 'CasePathsMacros' from project 'swift-case-paths')
    cd /Users/rogerlin/Library/Developer/Xcode/DerivedData/FinancialCalculatorKit-ackorybalcxbfocbkqsfdzcfkgmn/SourcePackages/checkouts/swift-case-paths
    write-file /Users/rogerlin/Library/Developer/Xcode/DerivedData/FinancialCalculatorKit-ackorybalcxbfocbkqsfdzcfkgmn/Build/Intermediates.noindex/swift-case-paths.build/Debug/CasePathsMacros.build/Objects-normal/arm64/CasePathsMacros-OutputFileMap.json

    Task input dependencies:

    Task output dependencies:
        /Users/rogerlin/Library/Developer/Xcode/DerivedData/FinancialCalculatorKit-ackorybalcxbfocbkqsfdzcfkgmn/Build/Intermediates.noindex/swift-case-paths.build/Debug/CasePathsMacros.build/Objects-normal/arm64/CasePathsMacros-OutputFileMap.json

WriteAuxiliaryFile /Users/rogerlin/Library/Developer/Xcode/DerivedData/FinancialCalculatorKit-ackorybalcxbfocbkqsfdzcfkgmn/Build/Intermediates.noindex/swift-case-paths.build/Debug/CasePathsMacros.build/CasePathsMacros.DependencyStaticMetadataFileList (in target 'CasePathsMacros' from project 'swift-case-paths')
    cd /Users/rogerlin/Library/Developer/Xcode/DerivedData/FinancialCalculatorKit-ackorybalcxbfocbkqsfdzcfkgmn/SourcePackages/checkouts/swift-case-paths
    write-file /Users/rogerlin/Library/Developer/Xcode/DerivedData/FinancialCalculatorKit-ackorybalcxbfocbkqsfdzcfkgmn/Build/Intermediates.noindex/swift-case-paths.build/Debug/CasePathsMacros.build/CasePathsMacros.DependencyStaticMetadataFileList

    Task input dependencies:

    Task output dependencies:
        /Users/rogerlin/Library/Developer/Xcode/DerivedData/FinancialCalculatorKit-ackorybalcxbfocbkqsfdzcfkgmn/Build/Intermediates.noindex/swift-case-paths.build/Debug/CasePathsMacros.build/CasePathsMacros.DependencyStaticMetadataFileList

WriteAuxiliaryFile /Users/rogerlin/Library/Developer/Xcode/DerivedData/FinancialCalculatorKit-ackorybalcxbfocbkqsfdzcfkgmn/Build/Intermediates.noindex/swift-case-paths.build/Debug/CasePathsMacros.build/CasePathsMacros.DependencyMetadataFileList (in target 'CasePathsMacros' from project 'swift-case-paths')
    cd /Users/rogerlin/Library/Developer/Xcode/DerivedData/FinancialCalculatorKit-ackorybalcxbfocbkqsfdzcfkgmn/SourcePackages/checkouts/swift-case-paths
    write-file /Users/rogerlin/Library/Developer/Xcode/DerivedData/FinancialCalculatorKit-ackorybalcxbfocbkqsfdzcfkgmn/Build/Intermediates.noindex/swift-case-paths.build/Debug/CasePathsMacros.build/CasePathsMacros.DependencyMetadataFileList

    Task input dependencies:

    Task output dependencies:
        /Users/rogerlin/Library/Developer/Xcode/DerivedData/FinancialCalculatorKit-ackorybalcxbfocbkqsfdzcfkgmn/Build/Intermediates.noindex/swift-case-paths.build/Debug/CasePathsMacros.build/CasePathsMacros.DependencyMetadataFileList

WriteAuxiliaryFile /Users/rogerlin/Library/Developer/Xcode/DerivedData/FinancialCalculatorKit-ackorybalcxbfocbkqsfdzcfkgmn/Build/Intermediates.noindex/swift-case-paths.build/Debug/CasePathsCore.build/Objects-normal/arm64/CasePathsCore.SwiftFileList (in target 'CasePathsCore' from project 'swift-case-paths')
    cd /Users/rogerlin/Library/Developer/Xcode/DerivedData/FinancialCalculatorKit-ackorybalcxbfocbkqsfdzcfkgmn/SourcePackages/checkouts/swift-case-paths
    write-file /Users/rogerlin/Library/Developer/Xcode/DerivedData/FinancialCalculatorKit-ackorybalcxbfocbkqsfdzcfkgmn/Build/Intermediates.noindex/swift-case-paths.build/Debug/CasePathsCore.build/Objects-normal/arm64/CasePathsCore.SwiftFileList

    Task input dependencies:

    Task output dependencies:
        /Users/rogerlin/Library/Developer/Xcode/DerivedData/FinancialCalculatorKit-ackorybalcxbfocbkqsfdzcfkgmn/Build/Intermediates.noindex/swift-case-paths.build/Debug/CasePathsCore.build/Objects-normal/arm64/CasePathsCore.SwiftFileList

WriteAuxiliaryFile /Users/rogerlin/Library/Developer/Xcode/DerivedData/FinancialCalculatorKit-ackorybalcxbfocbkqsfdzcfkgmn/Build/Intermediates.noindex/swift-case-paths.build/Debug/CasePathsCore.build/Objects-normal/arm64/CasePathsCore_const_extract_protocols.json (in target 'CasePathsCore' from project 'swift-case-paths')
    cd /Users/rogerlin/Library/Developer/Xcode/DerivedData/FinancialCalculatorKit-ackorybalcxbfocbkqsfdzcfkgmn/SourcePackages/checkouts/swift-case-paths
    write-file /Users/rogerlin/Library/Developer/Xcode/DerivedData/FinancialCalculatorKit-ackorybalcxbfocbkqsfdzcfkgmn/Build/Intermediates.noindex/swift-case-paths.build/Debug/CasePathsCore.build/Objects-normal/arm64/CasePathsCore_const_extract_protocols.json

    Task input dependencies:

    Task output dependencies:
        /Users/rogerlin/Library/Developer/Xcode/DerivedData/FinancialCalculatorKit-ackorybalcxbfocbkqsfdzcfkgmn/Build/Intermediates.noindex/swift-case-paths.build/Debug/CasePathsCore.build/Objects-normal/arm64/CasePathsCore_const_extract_protocols.json

WriteAuxiliaryFile /Users/rogerlin/Library/Developer/Xcode/DerivedData/FinancialCalculatorKit-ackorybalcxbfocbkqsfdzcfkgmn/Build/Intermediates.noindex/swift-case-paths.build/Debug/CasePathsCore.build/Objects-normal/arm64/CasePathsCore.LinkFileList (in target 'CasePathsCore' from project 'swift-case-paths')
    cd /Users/rogerlin/Library/Developer/Xcode/DerivedData/FinancialCalculatorKit-ackorybalcxbfocbkqsfdzcfkgmn/SourcePackages/checkouts/swift-case-paths
    write-file /Users/rogerlin/Library/Developer/Xcode/DerivedData/FinancialCalculatorKit-ackorybalcxbfocbkqsfdzcfkgmn/Build/Intermediates.noindex/swift-case-paths.build/Debug/CasePathsCore.build/Objects-normal/arm64/CasePathsCore.LinkFileList

    Task input dependencies:

    Task output dependencies:
        /Users/rogerlin/Library/Developer/Xcode/DerivedData/FinancialCalculatorKit-ackorybalcxbfocbkqsfdzcfkgmn/Build/Intermediates.noindex/swift-case-paths.build/Debug/CasePathsCore.build/Objects-normal/arm64/CasePathsCore.LinkFileList

WriteAuxiliaryFile /Users/rogerlin/Library/Developer/Xcode/DerivedData/FinancialCalculatorKit-ackorybalcxbfocbkqsfdzcfkgmn/Build/Intermediates.noindex/swift-case-paths.build/Debug/CasePathsCore.build/Objects-normal/arm64/CasePathsCore-OutputFileMap.json (in target 'CasePathsCore' from project 'swift-case-paths')
    cd /Users/rogerlin/Library/Developer/Xcode/DerivedData/FinancialCalculatorKit-ackorybalcxbfocbkqsfdzcfkgmn/SourcePackages/checkouts/swift-case-paths
    write-file /Users/rogerlin/Library/Developer/Xcode/DerivedData/FinancialCalculatorKit-ackorybalcxbfocbkqsfdzcfkgmn/Build/Intermediates.noindex/swift-case-paths.build/Debug/CasePathsCore.build/Objects-normal/arm64/CasePathsCore-OutputFileMap.json

    Task input dependencies:

    Task output dependencies:
        /Users/rogerlin/Library/Developer/Xcode/DerivedData/FinancialCalculatorKit-ackorybalcxbfocbkqsfdzcfkgmn/Build/Intermediates.noindex/swift-case-paths.build/Debug/CasePathsCore.build/Objects-normal/arm64/CasePathsCore-OutputFileMap.json

Copy /Users/rogerlin/Library/Developer/Xcode/DerivedData/FinancialCalculatorKit-ackorybalcxbfocbkqsfdzcfkgmn/Build/Intermediates.noindex/GeneratedModuleMaps/ExpressionParser.modulemap /Users/rogerlin/Library/Developer/Xcode/DerivedData/FinancialCalculatorKit-ackorybalcxbfocbkqsfdzcfkgmn/Build/Intermediates.noindex/ExpressionParser.build/Debug/ExpressionParser.build/ExpressionParser.modulemap (in target 'ExpressionParser' from project 'ExpressionParser')
    cd /Users/rogerlin/Library/Developer/Xcode/DerivedData/FinancialCalculatorKit-ackorybalcxbfocbkqsfdzcfkgmn/SourcePackages/checkouts/ExpressionParser
    builtin-copy -exclude .DS_Store -exclude CVS -exclude .svn -exclude .git -exclude .hg -resolve-src-symlinks /Users/rogerlin/Library/Developer/Xcode/DerivedData/FinancialCalculatorKit-ackorybalcxbfocbkqsfdzcfkgmn/Build/Intermediates.noindex/ExpressionParser.build/Debug/ExpressionParser.build/ExpressionParser.modulemap /Users/rogerlin/Library/Developer/Xcode/DerivedData/FinancialCalculatorKit-ackorybalcxbfocbkqsfdzcfkgmn/Build/Intermediates.noindex/GeneratedModuleMaps

    Task input dependencies:
        /Users/rogerlin/Library/Developer/Xcode/DerivedData/FinancialCalculatorKit-ackorybalcxbfocbkqsfdzcfkgmn/Build/Intermediates.noindex/ExpressionParser.build/Debug/ExpressionParser.build/ExpressionParser.modulemap/

    Task output dependencies:
        /Users/rogerlin/Library/Developer/Xcode/DerivedData/FinancialCalculatorKit-ackorybalcxbfocbkqsfdzcfkgmn/Build/Intermediates.noindex/GeneratedModuleMaps/ExpressionParser.modulemap

WriteAuxiliaryFile /Users/rogerlin/Library/Developer/Xcode/DerivedData/FinancialCalculatorKit-ackorybalcxbfocbkqsfdzcfkgmn/Build/Intermediates.noindex/swift-case-paths.build/Debug/CasePathsCore.build/Objects-normal/arm64/CasePathsCore.SwiftConstValuesFileList (in target 'CasePathsCore' from project 'swift-case-paths')
    cd /Users/rogerlin/Library/Developer/Xcode/DerivedData/FinancialCalculatorKit-ackorybalcxbfocbkqsfdzcfkgmn/SourcePackages/checkouts/swift-case-paths
    write-file /Users/rogerlin/Library/Developer/Xcode/DerivedData/FinancialCalculatorKit-ackorybalcxbfocbkqsfdzcfkgmn/Build/Intermediates.noindex/swift-case-paths.build/Debug/CasePathsCore.build/Objects-normal/arm64/CasePathsCore.SwiftConstValuesFileList

    Task input dependencies:

    Task output dependencies:
        /Users/rogerlin/Library/Developer/Xcode/DerivedData/FinancialCalculatorKit-ackorybalcxbfocbkqsfdzcfkgmn/Build/Intermediates.noindex/swift-case-paths.build/Debug/CasePathsCore.build/Objects-normal/arm64/CasePathsCore.SwiftConstValuesFileList

WriteAuxiliaryFile /Users/rogerlin/Library/Developer/Xcode/DerivedData/FinancialCalculatorKit-ackorybalcxbfocbkqsfdzcfkgmn/Build/Intermediates.noindex/swift-case-paths.build/Debug/CasePathsCore.build/CasePathsCore.modulemap (in target 'CasePathsCore' from project 'swift-case-paths')
    cd /Users/rogerlin/Library/Developer/Xcode/DerivedData/FinancialCalculatorKit-ackorybalcxbfocbkqsfdzcfkgmn/SourcePackages/checkouts/swift-case-paths
    write-file /Users/rogerlin/Library/Developer/Xcode/DerivedData/FinancialCalculatorKit-ackorybalcxbfocbkqsfdzcfkgmn/Build/Intermediates.noindex/swift-case-paths.build/Debug/CasePathsCore.build/CasePathsCore.modulemap

    Task input dependencies:

    Task output dependencies:
        /Users/rogerlin/Library/Developer/Xcode/DerivedData/FinancialCalculatorKit-ackorybalcxbfocbkqsfdzcfkgmn/Build/Intermediates.noindex/swift-case-paths.build/Debug/CasePathsCore.build/CasePathsCore.modulemap

WriteAuxiliaryFile /Users/rogerlin/Library/Developer/Xcode/DerivedData/FinancialCalculatorKit-ackorybalcxbfocbkqsfdzcfkgmn/Build/Intermediates.noindex/swift-case-paths.build/Debug/CasePathsCore.build/CasePathsCore.DependencyStaticMetadataFileList (in target 'CasePathsCore' from project 'swift-case-paths')
    cd /Users/rogerlin/Library/Developer/Xcode/DerivedData/FinancialCalculatorKit-ackorybalcxbfocbkqsfdzcfkgmn/SourcePackages/checkouts/swift-case-paths
    write-file /Users/rogerlin/Library/Developer/Xcode/DerivedData/FinancialCalculatorKit-ackorybalcxbfocbkqsfdzcfkgmn/Build/Intermediates.noindex/swift-case-paths.build/Debug/CasePathsCore.build/CasePathsCore.DependencyStaticMetadataFileList

    Task input dependencies:

    Task output dependencies:
        /Users/rogerlin/Library/Developer/Xcode/DerivedData/FinancialCalculatorKit-ackorybalcxbfocbkqsfdzcfkgmn/Build/Intermediates.noindex/swift-case-paths.build/Debug/CasePathsCore.build/CasePathsCore.DependencyStaticMetadataFileList

WriteAuxiliaryFile /Users/rogerlin/Library/Developer/Xcode/DerivedData/FinancialCalculatorKit-ackorybalcxbfocbkqsfdzcfkgmn/Build/Intermediates.noindex/swift-case-paths.build/Debug/CasePathsCore.build/CasePathsCore.DependencyMetadataFileList (in target 'CasePathsCore' from project 'swift-case-paths')
    cd /Users/rogerlin/Library/Developer/Xcode/DerivedData/FinancialCalculatorKit-ackorybalcxbfocbkqsfdzcfkgmn/SourcePackages/checkouts/swift-case-paths
    write-file /Users/rogerlin/Library/Developer/Xcode/DerivedData/FinancialCalculatorKit-ackorybalcxbfocbkqsfdzcfkgmn/Build/Intermediates.noindex/swift-case-paths.build/Debug/CasePathsCore.build/CasePathsCore.DependencyMetadataFileList

    Task input dependencies:

    Task output dependencies:
        /Users/rogerlin/Library/Developer/Xcode/DerivedData/FinancialCalculatorKit-ackorybalcxbfocbkqsfdzcfkgmn/Build/Intermediates.noindex/swift-case-paths.build/Debug/CasePathsCore.build/CasePathsCore.DependencyMetadataFileList

WriteAuxiliaryFile /Users/rogerlin/Library/Developer/Xcode/DerivedData/FinancialCalculatorKit-ackorybalcxbfocbkqsfdzcfkgmn/Build/Intermediates.noindex/swift-case-paths.build/Debug/CasePaths.build/CasePaths.DependencyStaticMetadataFileList (in target 'CasePaths' from project 'swift-case-paths')
    cd /Users/rogerlin/Library/Developer/Xcode/DerivedData/FinancialCalculatorKit-ackorybalcxbfocbkqsfdzcfkgmn/SourcePackages/checkouts/swift-case-paths
    write-file /Users/rogerlin/Library/Developer/Xcode/DerivedData/FinancialCalculatorKit-ackorybalcxbfocbkqsfdzcfkgmn/Build/Intermediates.noindex/swift-case-paths.build/Debug/CasePaths.build/CasePaths.DependencyStaticMetadataFileList

    Task input dependencies:

    Task output dependencies:
        /Users/rogerlin/Library/Developer/Xcode/DerivedData/FinancialCalculatorKit-ackorybalcxbfocbkqsfdzcfkgmn/Build/Intermediates.noindex/swift-case-paths.build/Debug/CasePaths.build/CasePaths.DependencyStaticMetadataFileList

WriteAuxiliaryFile /Users/rogerlin/Library/Developer/Xcode/DerivedData/FinancialCalculatorKit-ackorybalcxbfocbkqsfdzcfkgmn/Build/Intermediates.noindex/swift-case-paths.build/Debug/CasePaths.build/CasePaths.modulemap (in target 'CasePaths' from project 'swift-case-paths')
    cd /Users/rogerlin/Library/Developer/Xcode/DerivedData/FinancialCalculatorKit-ackorybalcxbfocbkqsfdzcfkgmn/SourcePackages/checkouts/swift-case-paths
    write-file /Users/rogerlin/Library/Developer/Xcode/DerivedData/FinancialCalculatorKit-ackorybalcxbfocbkqsfdzcfkgmn/Build/Intermediates.noindex/swift-case-paths.build/Debug/CasePaths.build/CasePaths.modulemap

    Task input dependencies:

    Task output dependencies:
        /Users/rogerlin/Library/Developer/Xcode/DerivedData/FinancialCalculatorKit-ackorybalcxbfocbkqsfdzcfkgmn/Build/Intermediates.noindex/swift-case-paths.build/Debug/CasePaths.build/CasePaths.modulemap

WriteAuxiliaryFile /Users/rogerlin/Library/Developer/Xcode/DerivedData/FinancialCalculatorKit-ackorybalcxbfocbkqsfdzcfkgmn/Build/Intermediates.noindex/swift-case-paths.build/Debug/CasePaths.build/CasePaths.DependencyMetadataFileList (in target 'CasePaths' from project 'swift-case-paths')
    cd /Users/rogerlin/Library/Developer/Xcode/DerivedData/FinancialCalculatorKit-ackorybalcxbfocbkqsfdzcfkgmn/SourcePackages/checkouts/swift-case-paths
    write-file /Users/rogerlin/Library/Developer/Xcode/DerivedData/FinancialCalculatorKit-ackorybalcxbfocbkqsfdzcfkgmn/Build/Intermediates.noindex/swift-case-paths.build/Debug/CasePaths.build/CasePaths.DependencyMetadataFileList

    Task input dependencies:

    Task output dependencies:
        /Users/rogerlin/Library/Developer/Xcode/DerivedData/FinancialCalculatorKit-ackorybalcxbfocbkqsfdzcfkgmn/Build/Intermediates.noindex/swift-case-paths.build/Debug/CasePaths.build/CasePaths.DependencyMetadataFileList

WriteAuxiliaryFile /Users/rogerlin/Library/Developer/Xcode/DerivedData/FinancialCalculatorKit-ackorybalcxbfocbkqsfdzcfkgmn/Build/Intermediates.noindex/swift-case-paths.build/Debug/CasePaths.build/Objects-normal/arm64/CasePaths_const_extract_protocols.json (in target 'CasePaths' from project 'swift-case-paths')
    cd /Users/rogerlin/Library/Developer/Xcode/DerivedData/FinancialCalculatorKit-ackorybalcxbfocbkqsfdzcfkgmn/SourcePackages/checkouts/swift-case-paths
    write-file /Users/rogerlin/Library/Developer/Xcode/DerivedData/FinancialCalculatorKit-ackorybalcxbfocbkqsfdzcfkgmn/Build/Intermediates.noindex/swift-case-paths.build/Debug/CasePaths.build/Objects-normal/arm64/CasePaths_const_extract_protocols.json

    Task input dependencies:

    Task output dependencies:
        /Users/rogerlin/Library/Developer/Xcode/DerivedData/FinancialCalculatorKit-ackorybalcxbfocbkqsfdzcfkgmn/Build/Intermediates.noindex/swift-case-paths.build/Debug/CasePaths.build/Objects-normal/arm64/CasePaths_const_extract_protocols.json

WriteAuxiliaryFile /Users/rogerlin/Library/Developer/Xcode/DerivedData/FinancialCalculatorKit-ackorybalcxbfocbkqsfdzcfkgmn/Build/Intermediates.noindex/swift-case-paths.build/Debug/CasePaths.build/Objects-normal/arm64/CasePaths-OutputFileMap.json (in target 'CasePaths' from project 'swift-case-paths')
    cd /Users/rogerlin/Library/Developer/Xcode/DerivedData/FinancialCalculatorKit-ackorybalcxbfocbkqsfdzcfkgmn/SourcePackages/checkouts/swift-case-paths
    write-file /Users/rogerlin/Library/Developer/Xcode/DerivedData/FinancialCalculatorKit-ackorybalcxbfocbkqsfdzcfkgmn/Build/Intermediates.noindex/swift-case-paths.build/Debug/CasePaths.build/Objects-normal/arm64/CasePaths-OutputFileMap.json

    Task input dependencies:

    Task output dependencies:
        /Users/rogerlin/Library/Developer/Xcode/DerivedData/FinancialCalculatorKit-ackorybalcxbfocbkqsfdzcfkgmn/Build/Intermediates.noindex/swift-case-paths.build/Debug/CasePaths.build/Objects-normal/arm64/CasePaths-OutputFileMap.json

WriteAuxiliaryFile /Users/rogerlin/Library/Developer/Xcode/DerivedData/FinancialCalculatorKit-ackorybalcxbfocbkqsfdzcfkgmn/Build/Intermediates.noindex/swift-case-paths.build/Debug/CasePaths.build/Objects-normal/arm64/CasePaths.SwiftFileList (in target 'CasePaths' from project 'swift-case-paths')
    cd /Users/rogerlin/Library/Developer/Xcode/DerivedData/FinancialCalculatorKit-ackorybalcxbfocbkqsfdzcfkgmn/SourcePackages/checkouts/swift-case-paths
    write-file /Users/rogerlin/Library/Developer/Xcode/DerivedData/FinancialCalculatorKit-ackorybalcxbfocbkqsfdzcfkgmn/Build/Intermediates.noindex/swift-case-paths.build/Debug/CasePaths.build/Objects-normal/arm64/CasePaths.SwiftFileList

    Task input dependencies:

    Task output dependencies:
        /Users/rogerlin/Library/Developer/Xcode/DerivedData/FinancialCalculatorKit-ackorybalcxbfocbkqsfdzcfkgmn/Build/Intermediates.noindex/swift-case-paths.build/Debug/CasePaths.build/Objects-normal/arm64/CasePaths.SwiftFileList

WriteAuxiliaryFile /Users/rogerlin/Library/Developer/Xcode/DerivedData/FinancialCalculatorKit-ackorybalcxbfocbkqsfdzcfkgmn/Build/Intermediates.noindex/swift-case-paths.build/Debug/CasePaths.build/Objects-normal/arm64/CasePaths.SwiftConstValuesFileList (in target 'CasePaths' from project 'swift-case-paths')
    cd /Users/rogerlin/Library/Developer/Xcode/DerivedData/FinancialCalculatorKit-ackorybalcxbfocbkqsfdzcfkgmn/SourcePackages/checkouts/swift-case-paths
    write-file /Users/rogerlin/Library/Developer/Xcode/DerivedData/FinancialCalculatorKit-ackorybalcxbfocbkqsfdzcfkgmn/Build/Intermediates.noindex/swift-case-paths.build/Debug/CasePaths.build/Objects-normal/arm64/CasePaths.SwiftConstValuesFileList

    Task input dependencies:

    Task output dependencies:
        /Users/rogerlin/Library/Developer/Xcode/DerivedData/FinancialCalculatorKit-ackorybalcxbfocbkqsfdzcfkgmn/Build/Intermediates.noindex/swift-case-paths.build/Debug/CasePaths.build/Objects-normal/arm64/CasePaths.SwiftConstValuesFileList

WriteAuxiliaryFile /Users/rogerlin/Library/Developer/Xcode/DerivedData/FinancialCalculatorKit-ackorybalcxbfocbkqsfdzcfkgmn/Build/Intermediates.noindex/swift-case-paths.build/Debug/CasePaths.build/Objects-normal/arm64/CasePaths.LinkFileList (in target 'CasePaths' from project 'swift-case-paths')
    cd /Users/rogerlin/Library/Developer/Xcode/DerivedData/FinancialCalculatorKit-ackorybalcxbfocbkqsfdzcfkgmn/SourcePackages/checkouts/swift-case-paths
    write-file /Users/rogerlin/Library/Developer/Xcode/DerivedData/FinancialCalculatorKit-ackorybalcxbfocbkqsfdzcfkgmn/Build/Intermediates.noindex/swift-case-paths.build/Debug/CasePaths.build/Objects-normal/arm64/CasePaths.LinkFileList

    Task input dependencies:

    Task output dependencies:
        /Users/rogerlin/Library/Developer/Xcode/DerivedData/FinancialCalculatorKit-ackorybalcxbfocbkqsfdzcfkgmn/Build/Intermediates.noindex/swift-case-paths.build/Debug/CasePaths.build/Objects-normal/arm64/CasePaths.LinkFileList

Copy /Users/rogerlin/Library/Developer/Xcode/DerivedData/FinancialCalculatorKit-ackorybalcxbfocbkqsfdzcfkgmn/Build/Intermediates.noindex/GeneratedModuleMaps/CasePathsCore.modulemap /Users/rogerlin/Library/Developer/Xcode/DerivedData/FinancialCalculatorKit-ackorybalcxbfocbkqsfdzcfkgmn/Build/Intermediates.noindex/swift-case-paths.build/Debug/CasePathsCore.build/CasePathsCore.modulemap (in target 'CasePathsCore' from project 'swift-case-paths')
    cd /Users/rogerlin/Library/Developer/Xcode/DerivedData/FinancialCalculatorKit-ackorybalcxbfocbkqsfdzcfkgmn/SourcePackages/checkouts/swift-case-paths
    builtin-copy -exclude .DS_Store -exclude CVS -exclude .svn -exclude .git -exclude .hg -resolve-src-symlinks /Users/rogerlin/Library/Developer/Xcode/DerivedData/FinancialCalculatorKit-ackorybalcxbfocbkqsfdzcfkgmn/Build/Intermediates.noindex/swift-case-paths.build/Debug/CasePathsCore.build/CasePathsCore.modulemap /Users/rogerlin/Library/Developer/Xcode/DerivedData/FinancialCalculatorKit-ackorybalcxbfocbkqsfdzcfkgmn/Build/Intermediates.noindex/GeneratedModuleMaps

    Task input dependencies:
        /Users/rogerlin/Library/Developer/Xcode/DerivedData/FinancialCalculatorKit-ackorybalcxbfocbkqsfdzcfkgmn/Build/Intermediates.noindex/swift-case-paths.build/Debug/CasePathsCore.build/CasePathsCore.modulemap/

    Task output dependencies:
        /Users/rogerlin/Library/Developer/Xcode/DerivedData/FinancialCalculatorKit-ackorybalcxbfocbkqsfdzcfkgmn/Build/Intermediates.noindex/GeneratedModuleMaps/CasePathsCore.modulemap

WriteAuxiliaryFile /Users/rogerlin/Library/Developer/Xcode/DerivedData/FinancialCalculatorKit-ackorybalcxbfocbkqsfdzcfkgmn/Build/Intermediates.noindex/BigInt.build/Debug/BigInt.build/Objects-normal/arm64/BigInt.SwiftFileList (in target 'BigInt' from project 'BigInt')
    cd /Users/rogerlin/Library/Developer/Xcode/DerivedData/FinancialCalculatorKit-ackorybalcxbfocbkqsfdzcfkgmn/SourcePackages/checkouts/BigInt
    write-file /Users/rogerlin/Library/Developer/Xcode/DerivedData/FinancialCalculatorKit-ackorybalcxbfocbkqsfdzcfkgmn/Build/Intermediates.noindex/BigInt.build/Debug/BigInt.build/Objects-normal/arm64/BigInt.SwiftFileList

    Task input dependencies:

    Task output dependencies:
        /Users/rogerlin/Library/Developer/Xcode/DerivedData/FinancialCalculatorKit-ackorybalcxbfocbkqsfdzcfkgmn/Build/Intermediates.noindex/BigInt.build/Debug/BigInt.build/Objects-normal/arm64/BigInt.SwiftFileList

WriteAuxiliaryFile /Users/rogerlin/Library/Developer/Xcode/DerivedData/FinancialCalculatorKit-ackorybalcxbfocbkqsfdzcfkgmn/Build/Intermediates.noindex/BigInt.build/Debug/BigInt.build/Objects-normal/arm64/BigInt.LinkFileList (in target 'BigInt' from project 'BigInt')
    cd /Users/rogerlin/Library/Developer/Xcode/DerivedData/FinancialCalculatorKit-ackorybalcxbfocbkqsfdzcfkgmn/SourcePackages/checkouts/BigInt
    write-file /Users/rogerlin/Library/Developer/Xcode/DerivedData/FinancialCalculatorKit-ackorybalcxbfocbkqsfdzcfkgmn/Build/Intermediates.noindex/BigInt.build/Debug/BigInt.build/Objects-normal/arm64/BigInt.LinkFileList

    Task input dependencies:

    Task output dependencies:
        /Users/rogerlin/Library/Developer/Xcode/DerivedData/FinancialCalculatorKit-ackorybalcxbfocbkqsfdzcfkgmn/Build/Intermediates.noindex/BigInt.build/Debug/BigInt.build/Objects-normal/arm64/BigInt.LinkFileList

WriteAuxiliaryFile /Users/rogerlin/Library/Developer/Xcode/DerivedData/FinancialCalculatorKit-ackorybalcxbfocbkqsfdzcfkgmn/Build/Intermediates.noindex/BigInt.build/Debug/BigInt.build/Objects-normal/arm64/BigInt.SwiftConstValuesFileList (in target 'BigInt' from project 'BigInt')
    cd /Users/rogerlin/Library/Developer/Xcode/DerivedData/FinancialCalculatorKit-ackorybalcxbfocbkqsfdzcfkgmn/SourcePackages/checkouts/BigInt
    write-file /Users/rogerlin/Library/Developer/Xcode/DerivedData/FinancialCalculatorKit-ackorybalcxbfocbkqsfdzcfkgmn/Build/Intermediates.noindex/BigInt.build/Debug/BigInt.build/Objects-normal/arm64/BigInt.SwiftConstValuesFileList

    Task input dependencies:

    Task output dependencies:
        /Users/rogerlin/Library/Developer/Xcode/DerivedData/FinancialCalculatorKit-ackorybalcxbfocbkqsfdzcfkgmn/Build/Intermediates.noindex/BigInt.build/Debug/BigInt.build/Objects-normal/arm64/BigInt.SwiftConstValuesFileList

WriteAuxiliaryFile /Users/rogerlin/Library/Developer/Xcode/DerivedData/FinancialCalculatorKit-ackorybalcxbfocbkqsfdzcfkgmn/Build/Intermediates.noindex/BigInt.build/Debug/BigInt.build/Objects-normal/arm64/BigInt_const_extract_protocols.json (in target 'BigInt' from project 'BigInt')
    cd /Users/rogerlin/Library/Developer/Xcode/DerivedData/FinancialCalculatorKit-ackorybalcxbfocbkqsfdzcfkgmn/SourcePackages/checkouts/BigInt
    write-file /Users/rogerlin/Library/Developer/Xcode/DerivedData/FinancialCalculatorKit-ackorybalcxbfocbkqsfdzcfkgmn/Build/Intermediates.noindex/BigInt.build/Debug/BigInt.build/Objects-normal/arm64/BigInt_const_extract_protocols.json

    Task input dependencies:

    Task output dependencies:
        /Users/rogerlin/Library/Developer/Xcode/DerivedData/FinancialCalculatorKit-ackorybalcxbfocbkqsfdzcfkgmn/Build/Intermediates.noindex/BigInt.build/Debug/BigInt.build/Objects-normal/arm64/BigInt_const_extract_protocols.json

WriteAuxiliaryFile /Users/rogerlin/Library/Developer/Xcode/DerivedData/FinancialCalculatorKit-ackorybalcxbfocbkqsfdzcfkgmn/Build/Intermediates.noindex/BigInt.build/Debug/BigInt.build/Objects-normal/arm64/BigInt-OutputFileMap.json (in target 'BigInt' from project 'BigInt')
    cd /Users/rogerlin/Library/Developer/Xcode/DerivedData/FinancialCalculatorKit-ackorybalcxbfocbkqsfdzcfkgmn/SourcePackages/checkouts/BigInt
    write-file /Users/rogerlin/Library/Developer/Xcode/DerivedData/FinancialCalculatorKit-ackorybalcxbfocbkqsfdzcfkgmn/Build/Intermediates.noindex/BigInt.build/Debug/BigInt.build/Objects-normal/arm64/BigInt-OutputFileMap.json

    Task input dependencies:

    Task output dependencies:
        /Users/rogerlin/Library/Developer/Xcode/DerivedData/FinancialCalculatorKit-ackorybalcxbfocbkqsfdzcfkgmn/Build/Intermediates.noindex/BigInt.build/Debug/BigInt.build/Objects-normal/arm64/BigInt-OutputFileMap.json

WriteAuxiliaryFile /Users/rogerlin/Library/Developer/Xcode/DerivedData/FinancialCalculatorKit-ackorybalcxbfocbkqsfdzcfkgmn/Build/Intermediates.noindex/BigInt.build/Debug/BigInt.build/BigInt.modulemap (in target 'BigInt' from project 'BigInt')
    cd /Users/rogerlin/Library/Developer/Xcode/DerivedData/FinancialCalculatorKit-ackorybalcxbfocbkqsfdzcfkgmn/SourcePackages/checkouts/BigInt
    write-file /Users/rogerlin/Library/Developer/Xcode/DerivedData/FinancialCalculatorKit-ackorybalcxbfocbkqsfdzcfkgmn/Build/Intermediates.noindex/BigInt.build/Debug/BigInt.build/BigInt.modulemap

    Task input dependencies:

    Task output dependencies:
        /Users/rogerlin/Library/Developer/Xcode/DerivedData/FinancialCalculatorKit-ackorybalcxbfocbkqsfdzcfkgmn/Build/Intermediates.noindex/BigInt.build/Debug/BigInt.build/BigInt.modulemap

WriteAuxiliaryFile /Users/rogerlin/Library/Developer/Xcode/DerivedData/FinancialCalculatorKit-ackorybalcxbfocbkqsfdzcfkgmn/Build/Intermediates.noindex/BigInt.build/Debug/BigInt.build/BigInt.DependencyMetadataFileList (in target 'BigInt' from project 'BigInt')
    cd /Users/rogerlin/Library/Developer/Xcode/DerivedData/FinancialCalculatorKit-ackorybalcxbfocbkqsfdzcfkgmn/SourcePackages/checkouts/BigInt
    write-file /Users/rogerlin/Library/Developer/Xcode/DerivedData/FinancialCalculatorKit-ackorybalcxbfocbkqsfdzcfkgmn/Build/Intermediates.noindex/BigInt.build/Debug/BigInt.build/BigInt.DependencyMetadataFileList

    Task input dependencies:

    Task output dependencies:
        /Users/rogerlin/Library/Developer/Xcode/DerivedData/FinancialCalculatorKit-ackorybalcxbfocbkqsfdzcfkgmn/Build/Intermediates.noindex/BigInt.build/Debug/BigInt.build/BigInt.DependencyMetadataFileList

WriteAuxiliaryFile /Users/rogerlin/Library/Developer/Xcode/DerivedData/FinancialCalculatorKit-ackorybalcxbfocbkqsfdzcfkgmn/Build/Intermediates.noindex/BigInt.build/Debug/BigInt.build/BigInt.DependencyStaticMetadataFileList (in target 'BigInt' from project 'BigInt')
    cd /Users/rogerlin/Library/Developer/Xcode/DerivedData/FinancialCalculatorKit-ackorybalcxbfocbkqsfdzcfkgmn/SourcePackages/checkouts/BigInt
    write-file /Users/rogerlin/Library/Developer/Xcode/DerivedData/FinancialCalculatorKit-ackorybalcxbfocbkqsfdzcfkgmn/Build/Intermediates.noindex/BigInt.build/Debug/BigInt.build/BigInt.DependencyStaticMetadataFileList

    Task input dependencies:

    Task output dependencies:
        /Users/rogerlin/Library/Developer/Xcode/DerivedData/FinancialCalculatorKit-ackorybalcxbfocbkqsfdzcfkgmn/Build/Intermediates.noindex/BigInt.build/Debug/BigInt.build/BigInt.DependencyStaticMetadataFileList

Copy /Users/rogerlin/Library/Developer/Xcode/DerivedData/FinancialCalculatorKit-ackorybalcxbfocbkqsfdzcfkgmn/Build/Intermediates.noindex/GeneratedModuleMaps/CasePaths.modulemap /Users/rogerlin/Library/Developer/Xcode/DerivedData/FinancialCalculatorKit-ackorybalcxbfocbkqsfdzcfkgmn/Build/Intermediates.noindex/swift-case-paths.build/Debug/CasePaths.build/CasePaths.modulemap (in target 'CasePaths' from project 'swift-case-paths')
    cd /Users/rogerlin/Library/Developer/Xcode/DerivedData/FinancialCalculatorKit-ackorybalcxbfocbkqsfdzcfkgmn/SourcePackages/checkouts/swift-case-paths
    builtin-copy -exclude .DS_Store -exclude CVS -exclude .svn -exclude .git -exclude .hg -resolve-src-symlinks /Users/rogerlin/Library/Developer/Xcode/DerivedData/FinancialCalculatorKit-ackorybalcxbfocbkqsfdzcfkgmn/Build/Intermediates.noindex/swift-case-paths.build/Debug/CasePaths.build/CasePaths.modulemap /Users/rogerlin/Library/Developer/Xcode/DerivedData/FinancialCalculatorKit-ackorybalcxbfocbkqsfdzcfkgmn/Build/Intermediates.noindex/GeneratedModuleMaps

    Task input dependencies:
        /Users/rogerlin/Library/Developer/Xcode/DerivedData/FinancialCalculatorKit-ackorybalcxbfocbkqsfdzcfkgmn/Build/Intermediates.noindex/swift-case-paths.build/Debug/CasePaths.build/CasePaths.modulemap/

    Task output dependencies:
        /Users/rogerlin/Library/Developer/Xcode/DerivedData/FinancialCalculatorKit-ackorybalcxbfocbkqsfdzcfkgmn/Build/Intermediates.noindex/GeneratedModuleMaps/CasePaths.modulemap

WriteAuxiliaryFile /Users/rogerlin/Library/Developer/Xcode/DerivedData/FinancialCalculatorKit-ackorybalcxbfocbkqsfdzcfkgmn/Build/Intermediates.noindex/BigDecimal.build/Debug/BigDecimal.build/Objects-normal/arm64/BigDecimal-OutputFileMap.json (in target 'BigDecimal' from project 'BigDecimal')
    cd /Users/rogerlin/Library/Developer/Xcode/DerivedData/FinancialCalculatorKit-ackorybalcxbfocbkqsfdzcfkgmn/SourcePackages/checkouts/BigDecimal
    write-file /Users/rogerlin/Library/Developer/Xcode/DerivedData/FinancialCalculatorKit-ackorybalcxbfocbkqsfdzcfkgmn/Build/Intermediates.noindex/BigDecimal.build/Debug/BigDecimal.build/Objects-normal/arm64/BigDecimal-OutputFileMap.json

    Task input dependencies:

    Task output dependencies:
        /Users/rogerlin/Library/Developer/Xcode/DerivedData/FinancialCalculatorKit-ackorybalcxbfocbkqsfdzcfkgmn/Build/Intermediates.noindex/BigDecimal.build/Debug/BigDecimal.build/Objects-normal/arm64/BigDecimal-OutputFileMap.json

WriteAuxiliaryFile /Users/rogerlin/Library/Developer/Xcode/DerivedData/FinancialCalculatorKit-ackorybalcxbfocbkqsfdzcfkgmn/Build/Intermediates.noindex/BigDecimal.build/Debug/BigDecimal.build/BigDecimal.modulemap (in target 'BigDecimal' from project 'BigDecimal')
    cd /Users/rogerlin/Library/Developer/Xcode/DerivedData/FinancialCalculatorKit-ackorybalcxbfocbkqsfdzcfkgmn/SourcePackages/checkouts/BigDecimal
    write-file /Users/rogerlin/Library/Developer/Xcode/DerivedData/FinancialCalculatorKit-ackorybalcxbfocbkqsfdzcfkgmn/Build/Intermediates.noindex/BigDecimal.build/Debug/BigDecimal.build/BigDecimal.modulemap

    Task input dependencies:

    Task output dependencies:
        /Users/rogerlin/Library/Developer/Xcode/DerivedData/FinancialCalculatorKit-ackorybalcxbfocbkqsfdzcfkgmn/Build/Intermediates.noindex/BigDecimal.build/Debug/BigDecimal.build/BigDecimal.modulemap

WriteAuxiliaryFile /Users/rogerlin/Library/Developer/Xcode/DerivedData/FinancialCalculatorKit-ackorybalcxbfocbkqsfdzcfkgmn/Build/Intermediates.noindex/BigDecimal.build/Debug/BigDecimal.build/BigDecimal.DependencyStaticMetadataFileList (in target 'BigDecimal' from project 'BigDecimal')
    cd /Users/rogerlin/Library/Developer/Xcode/DerivedData/FinancialCalculatorKit-ackorybalcxbfocbkqsfdzcfkgmn/SourcePackages/checkouts/BigDecimal
    write-file /Users/rogerlin/Library/Developer/Xcode/DerivedData/FinancialCalculatorKit-ackorybalcxbfocbkqsfdzcfkgmn/Build/Intermediates.noindex/BigDecimal.build/Debug/BigDecimal.build/BigDecimal.DependencyStaticMetadataFileList

    Task input dependencies:

    Task output dependencies:
        /Users/rogerlin/Library/Developer/Xcode/DerivedData/FinancialCalculatorKit-ackorybalcxbfocbkqsfdzcfkgmn/Build/Intermediates.noindex/BigDecimal.build/Debug/BigDecimal.build/BigDecimal.DependencyStaticMetadataFileList

WriteAuxiliaryFile /Users/rogerlin/Library/Developer/Xcode/DerivedData/FinancialCalculatorKit-ackorybalcxbfocbkqsfdzcfkgmn/Build/Intermediates.noindex/BigDecimal.build/Debug/BigDecimal.build/Objects-normal/arm64/BigDecimal_const_extract_protocols.json (in target 'BigDecimal' from project 'BigDecimal')
    cd /Users/rogerlin/Library/Developer/Xcode/DerivedData/FinancialCalculatorKit-ackorybalcxbfocbkqsfdzcfkgmn/SourcePackages/checkouts/BigDecimal
    write-file /Users/rogerlin/Library/Developer/Xcode/DerivedData/FinancialCalculatorKit-ackorybalcxbfocbkqsfdzcfkgmn/Build/Intermediates.noindex/BigDecimal.build/Debug/BigDecimal.build/Objects-normal/arm64/BigDecimal_const_extract_protocols.json

    Task input dependencies:

    Task output dependencies:
        /Users/rogerlin/Library/Developer/Xcode/DerivedData/FinancialCalculatorKit-ackorybalcxbfocbkqsfdzcfkgmn/Build/Intermediates.noindex/BigDecimal.build/Debug/BigDecimal.build/Objects-normal/arm64/BigDecimal_const_extract_protocols.json

WriteAuxiliaryFile /Users/rogerlin/Library/Developer/Xcode/DerivedData/FinancialCalculatorKit-ackorybalcxbfocbkqsfdzcfkgmn/Build/Intermediates.noindex/BigDecimal.build/Debug/BigDecimal.build/Objects-normal/arm64/BigDecimal.SwiftConstValuesFileList (in target 'BigDecimal' from project 'BigDecimal')
    cd /Users/rogerlin/Library/Developer/Xcode/DerivedData/FinancialCalculatorKit-ackorybalcxbfocbkqsfdzcfkgmn/SourcePackages/checkouts/BigDecimal
    write-file /Users/rogerlin/Library/Developer/Xcode/DerivedData/FinancialCalculatorKit-ackorybalcxbfocbkqsfdzcfkgmn/Build/Intermediates.noindex/BigDecimal.build/Debug/BigDecimal.build/Objects-normal/arm64/BigDecimal.SwiftConstValuesFileList

    Task input dependencies:

    Task output dependencies:
        /Users/rogerlin/Library/Developer/Xcode/DerivedData/FinancialCalculatorKit-ackorybalcxbfocbkqsfdzcfkgmn/Build/Intermediates.noindex/BigDecimal.build/Debug/BigDecimal.build/Objects-normal/arm64/BigDecimal.SwiftConstValuesFileList

WriteAuxiliaryFile /Users/rogerlin/Library/Developer/Xcode/DerivedData/FinancialCalculatorKit-ackorybalcxbfocbkqsfdzcfkgmn/Build/Intermediates.noindex/BigDecimal.build/Debug/BigDecimal.build/BigDecimal.DependencyMetadataFileList (in target 'BigDecimal' from project 'BigDecimal')
    cd /Users/rogerlin/Library/Developer/Xcode/DerivedData/FinancialCalculatorKit-ackorybalcxbfocbkqsfdzcfkgmn/SourcePackages/checkouts/BigDecimal
    write-file /Users/rogerlin/Library/Developer/Xcode/DerivedData/FinancialCalculatorKit-ackorybalcxbfocbkqsfdzcfkgmn/Build/Intermediates.noindex/BigDecimal.build/Debug/BigDecimal.build/BigDecimal.DependencyMetadataFileList

    Task input dependencies:

    Task output dependencies:
        /Users/rogerlin/Library/Developer/Xcode/DerivedData/FinancialCalculatorKit-ackorybalcxbfocbkqsfdzcfkgmn/Build/Intermediates.noindex/BigDecimal.build/Debug/BigDecimal.build/BigDecimal.DependencyMetadataFileList

WriteAuxiliaryFile /Users/rogerlin/Library/Developer/Xcode/DerivedData/FinancialCalculatorKit-ackorybalcxbfocbkqsfdzcfkgmn/Build/Intermediates.noindex/BigDecimal.build/Debug/BigDecimal.build/Objects-normal/arm64/BigDecimal.SwiftFileList (in target 'BigDecimal' from project 'BigDecimal')
    cd /Users/rogerlin/Library/Developer/Xcode/DerivedData/FinancialCalculatorKit-ackorybalcxbfocbkqsfdzcfkgmn/SourcePackages/checkouts/BigDecimal
    write-file /Users/rogerlin/Library/Developer/Xcode/DerivedData/FinancialCalculatorKit-ackorybalcxbfocbkqsfdzcfkgmn/Build/Intermediates.noindex/BigDecimal.build/Debug/BigDecimal.build/Objects-normal/arm64/BigDecimal.SwiftFileList

    Task input dependencies:

    Task output dependencies:
        /Users/rogerlin/Library/Developer/Xcode/DerivedData/FinancialCalculatorKit-ackorybalcxbfocbkqsfdzcfkgmn/Build/Intermediates.noindex/BigDecimal.build/Debug/BigDecimal.build/Objects-normal/arm64/BigDecimal.SwiftFileList

WriteAuxiliaryFile /Users/rogerlin/Library/Developer/Xcode/DerivedData/FinancialCalculatorKit-ackorybalcxbfocbkqsfdzcfkgmn/Build/Intermediates.noindex/BigDecimal.build/Debug/BigDecimal.build/Objects-normal/arm64/BigDecimal.LinkFileList (in target 'BigDecimal' from project 'BigDecimal')
    cd /Users/rogerlin/Library/Developer/Xcode/DerivedData/FinancialCalculatorKit-ackorybalcxbfocbkqsfdzcfkgmn/SourcePackages/checkouts/BigDecimal
    write-file /Users/rogerlin/Library/Developer/Xcode/DerivedData/FinancialCalculatorKit-ackorybalcxbfocbkqsfdzcfkgmn/Build/Intermediates.noindex/BigDecimal.build/Debug/BigDecimal.build/Objects-normal/arm64/BigDecimal.LinkFileList

    Task input dependencies:

    Task output dependencies:
        /Users/rogerlin/Library/Developer/Xcode/DerivedData/FinancialCalculatorKit-ackorybalcxbfocbkqsfdzcfkgmn/Build/Intermediates.noindex/BigDecimal.build/Debug/BigDecimal.build/Objects-normal/arm64/BigDecimal.LinkFileList

Copy /Users/rogerlin/Library/Developer/Xcode/DerivedData/FinancialCalculatorKit-ackorybalcxbfocbkqsfdzcfkgmn/Build/Intermediates.noindex/GeneratedModuleMaps/BigInt.modulemap /Users/rogerlin/Library/Developer/Xcode/DerivedData/FinancialCalculatorKit-ackorybalcxbfocbkqsfdzcfkgmn/Build/Intermediates.noindex/BigInt.build/Debug/BigInt.build/BigInt.modulemap (in target 'BigInt' from project 'BigInt')
    cd /Users/rogerlin/Library/Developer/Xcode/DerivedData/FinancialCalculatorKit-ackorybalcxbfocbkqsfdzcfkgmn/SourcePackages/checkouts/BigInt
    builtin-copy -exclude .DS_Store -exclude CVS -exclude .svn -exclude .git -exclude .hg -resolve-src-symlinks /Users/rogerlin/Library/Developer/Xcode/DerivedData/FinancialCalculatorKit-ackorybalcxbfocbkqsfdzcfkgmn/Build/Intermediates.noindex/BigInt.build/Debug/BigInt.build/BigInt.modulemap /Users/rogerlin/Library/Developer/Xcode/DerivedData/FinancialCalculatorKit-ackorybalcxbfocbkqsfdzcfkgmn/Build/Intermediates.noindex/GeneratedModuleMaps

    Task input dependencies:
        /Users/rogerlin/Library/Developer/Xcode/DerivedData/FinancialCalculatorKit-ackorybalcxbfocbkqsfdzcfkgmn/Build/Intermediates.noindex/BigInt.build/Debug/BigInt.build/BigInt.modulemap/

    Task output dependencies:
        /Users/rogerlin/Library/Developer/Xcode/DerivedData/FinancialCalculatorKit-ackorybalcxbfocbkqsfdzcfkgmn/Build/Intermediates.noindex/GeneratedModuleMaps/BigInt.modulemap

Copy /Users/rogerlin/Library/Developer/Xcode/DerivedData/FinancialCalculatorKit-ackorybalcxbfocbkqsfdzcfkgmn/Build/Intermediates.noindex/GeneratedModuleMaps/BigDecimal.modulemap /Users/rogerlin/Library/Developer/Xcode/DerivedData/FinancialCalculatorKit-ackorybalcxbfocbkqsfdzcfkgmn/Build/Intermediates.noindex/BigDecimal.build/Debug/BigDecimal.build/BigDecimal.modulemap (in target 'BigDecimal' from project 'BigDecimal')
    cd /Users/rogerlin/Library/Developer/Xcode/DerivedData/FinancialCalculatorKit-ackorybalcxbfocbkqsfdzcfkgmn/SourcePackages/checkouts/BigDecimal
    builtin-copy -exclude .DS_Store -exclude CVS -exclude .svn -exclude .git -exclude .hg -resolve-src-symlinks /Users/rogerlin/Library/Developer/Xcode/DerivedData/FinancialCalculatorKit-ackorybalcxbfocbkqsfdzcfkgmn/Build/Intermediates.noindex/BigDecimal.build/Debug/BigDecimal.build/BigDecimal.modulemap /Users/rogerlin/Library/Developer/Xcode/DerivedData/FinancialCalculatorKit-ackorybalcxbfocbkqsfdzcfkgmn/Build/Intermediates.noindex/GeneratedModuleMaps

    Task input dependencies:
        /Users/rogerlin/Library/Developer/Xcode/DerivedData/FinancialCalculatorKit-ackorybalcxbfocbkqsfdzcfkgmn/Build/Intermediates.noindex/BigDecimal.build/Debug/BigDecimal.build/BigDecimal.modulemap/

    Task output dependencies:
        /Users/rogerlin/Library/Developer/Xcode/DerivedData/FinancialCalculatorKit-ackorybalcxbfocbkqsfdzcfkgmn/Build/Intermediates.noindex/GeneratedModuleMaps/BigDecimal.modulemap

MkDir /Users/rogerlin/Library/Developer/Xcode/DerivedData/FinancialCalculatorKit-ackorybalcxbfocbkqsfdzcfkgmn/Build/Products/Debug/MathJaxSwift_MathJaxSwift.bundle (in target 'MathJaxSwift_MathJaxSwift' from project 'MathJaxSwift')
    cd /Users/rogerlin/Library/Developer/Xcode/DerivedData/FinancialCalculatorKit-ackorybalcxbfocbkqsfdzcfkgmn/SourcePackages/checkouts/MathJaxSwift
    /bin/mkdir -p /Users/rogerlin/Library/Developer/Xcode/DerivedData/FinancialCalculatorKit-ackorybalcxbfocbkqsfdzcfkgmn/Build/Products/Debug/MathJaxSwift_MathJaxSwift.bundle

    Task input dependencies:

    Task output dependencies:
        /Users/rogerlin/Library/Developer/Xcode/DerivedData/FinancialCalculatorKit-ackorybalcxbfocbkqsfdzcfkgmn/Build/Products/Debug/MathJaxSwift_MathJaxSwift.bundle

MkDir /Users/rogerlin/Library/Developer/Xcode/DerivedData/FinancialCalculatorKit-ackorybalcxbfocbkqsfdzcfkgmn/Build/Products/Debug/MathJaxSwift_MathJaxSwift.bundle/Contents (in target 'MathJaxSwift_MathJaxSwift' from project 'MathJaxSwift')
    cd /Users/rogerlin/Library/Developer/Xcode/DerivedData/FinancialCalculatorKit-ackorybalcxbfocbkqsfdzcfkgmn/SourcePackages/checkouts/MathJaxSwift
    /bin/mkdir -p /Users/rogerlin/Library/Developer/Xcode/DerivedData/FinancialCalculatorKit-ackorybalcxbfocbkqsfdzcfkgmn/Build/Products/Debug/MathJaxSwift_MathJaxSwift.bundle/Contents

    Task input dependencies:

    Task output dependencies:
        /Users/rogerlin/Library/Developer/Xcode/DerivedData/FinancialCalculatorKit-ackorybalcxbfocbkqsfdzcfkgmn/Build/Products/Debug/MathJaxSwift_MathJaxSwift.bundle/Contents

MkDir /Users/rogerlin/Library/Developer/Xcode/DerivedData/FinancialCalculatorKit-ackorybalcxbfocbkqsfdzcfkgmn/Build/Products/Debug/MathJaxSwift_MathJaxSwift.bundle/Contents/Resources (in target 'MathJaxSwift_MathJaxSwift' from project 'MathJaxSwift')
    cd /Users/rogerlin/Library/Developer/Xcode/DerivedData/FinancialCalculatorKit-ackorybalcxbfocbkqsfdzcfkgmn/SourcePackages/checkouts/MathJaxSwift
    /bin/mkdir -p /Users/rogerlin/Library/Developer/Xcode/DerivedData/FinancialCalculatorKit-ackorybalcxbfocbkqsfdzcfkgmn/Build/Products/Debug/MathJaxSwift_MathJaxSwift.bundle/Contents/Resources

    Task input dependencies:

    Task output dependencies:
        /Users/rogerlin/Library/Developer/Xcode/DerivedData/FinancialCalculatorKit-ackorybalcxbfocbkqsfdzcfkgmn/Build/Products/Debug/MathJaxSwift_MathJaxSwift.bundle/Contents/Resources

MkDir /Users/rogerlin/Library/Developer/Xcode/DerivedData/FinancialCalculatorKit-ackorybalcxbfocbkqsfdzcfkgmn/Build/Products/Debug/FinancialCalculatorKit.app (in target 'FinancialCalculatorKit' from project 'FinancialCalculatorKit')
    cd /Users/rogerlin/XCode-Projects/FinancialCalculatorKit-5.0-updated-accent-colors
    /bin/mkdir -p /Users/rogerlin/Library/Developer/Xcode/DerivedData/FinancialCalculatorKit-ackorybalcxbfocbkqsfdzcfkgmn/Build/Products/Debug/FinancialCalculatorKit.app

    Task input dependencies:

    Task output dependencies:
        /Users/rogerlin/Library/Developer/Xcode/DerivedData/FinancialCalculatorKit-ackorybalcxbfocbkqsfdzcfkgmn/Build/Products/Debug/FinancialCalculatorKit.app

MkDir /Users/rogerlin/Library/Developer/Xcode/DerivedData/FinancialCalculatorKit-ackorybalcxbfocbkqsfdzcfkgmn/Build/Products/Debug/FinancialCalculatorKit.app/Contents (in target 'FinancialCalculatorKit' from project 'FinancialCalculatorKit')
    cd /Users/rogerlin/XCode-Projects/FinancialCalculatorKit-5.0-updated-accent-colors
    /bin/mkdir -p /Users/rogerlin/Library/Developer/Xcode/DerivedData/FinancialCalculatorKit-ackorybalcxbfocbkqsfdzcfkgmn/Build/Products/Debug/FinancialCalculatorKit.app/Contents

    Task input dependencies:

    Task output dependencies:
        /Users/rogerlin/Library/Developer/Xcode/DerivedData/FinancialCalculatorKit-ackorybalcxbfocbkqsfdzcfkgmn/Build/Products/Debug/FinancialCalculatorKit.app/Contents

MkDir /Users/rogerlin/Library/Developer/Xcode/DerivedData/FinancialCalculatorKit-ackorybalcxbfocbkqsfdzcfkgmn/Build/Products/Debug/FinancialCalculatorKit.app/Contents/MacOS (in target 'FinancialCalculatorKit' from project 'FinancialCalculatorKit')
    cd /Users/rogerlin/XCode-Projects/FinancialCalculatorKit-5.0-updated-accent-colors
    /bin/mkdir -p /Users/rogerlin/Library/Developer/Xcode/DerivedData/FinancialCalculatorKit-ackorybalcxbfocbkqsfdzcfkgmn/Build/Products/Debug/FinancialCalculatorKit.app/Contents/MacOS

    Task input dependencies:

    Task output dependencies:
        /Users/rogerlin/Library/Developer/Xcode/DerivedData/FinancialCalculatorKit-ackorybalcxbfocbkqsfdzcfkgmn/Build/Products/Debug/FinancialCalculatorKit.app/Contents/MacOS

MkDir /Users/rogerlin/Library/Developer/Xcode/DerivedData/FinancialCalculatorKit-ackorybalcxbfocbkqsfdzcfkgmn/Build/Products/Debug/FinancialCalculatorKit.app/Contents/Resources (in target 'FinancialCalculatorKit' from project 'FinancialCalculatorKit')
    cd /Users/rogerlin/XCode-Projects/FinancialCalculatorKit-5.0-updated-accent-colors
    /bin/mkdir -p /Users/rogerlin/Library/Developer/Xcode/DerivedData/FinancialCalculatorKit-ackorybalcxbfocbkqsfdzcfkgmn/Build/Products/Debug/FinancialCalculatorKit.app/Contents/Resources

    Task input dependencies:

    Task output dependencies:
        /Users/rogerlin/Library/Developer/Xcode/DerivedData/FinancialCalculatorKit-ackorybalcxbfocbkqsfdzcfkgmn/Build/Products/Debug/FinancialCalculatorKit.app/Contents/Resources

ProcessInfoPlistFile /Users/rogerlin/Library/Developer/Xcode/DerivedData/FinancialCalculatorKit-ackorybalcxbfocbkqsfdzcfkgmn/Build/Products/Debug/MathJaxSwift_MathJaxSwift.bundle/Contents/Info.plist /Users/rogerlin/Library/Developer/Xcode/DerivedData/FinancialCalculatorKit-ackorybalcxbfocbkqsfdzcfkgmn/Build/Intermediates.noindex/MathJaxSwift.build/Debug/MathJaxSwift_MathJaxSwift.build/empty-MathJaxSwift_MathJaxSwift.plist (in target 'MathJaxSwift_MathJaxSwift' from project 'MathJaxSwift')
    cd /Users/rogerlin/Library/Developer/Xcode/DerivedData/FinancialCalculatorKit-ackorybalcxbfocbkqsfdzcfkgmn/SourcePackages/checkouts/MathJaxSwift
    builtin-infoPlistUtility /Users/rogerlin/Library/Developer/Xcode/DerivedData/FinancialCalculatorKit-ackorybalcxbfocbkqsfdzcfkgmn/Build/Intermediates.noindex/MathJaxSwift.build/Debug/MathJaxSwift_MathJaxSwift.build/empty-MathJaxSwift_MathJaxSwift.plist -producttype com.apple.product-type.bundle -expandbuildsettings -platform macosx -o /Users/rogerlin/Library/Developer/Xcode/DerivedData/FinancialCalculatorKit-ackorybalcxbfocbkqsfdzcfkgmn/Build/Products/Debug/MathJaxSwift_MathJaxSwift.bundle/Contents/Info.plist

    Task input dependencies:
        /Users/rogerlin/Library/Developer/Xcode/DerivedData/FinancialCalculatorKit-ackorybalcxbfocbkqsfdzcfkgmn/Build/Intermediates.noindex/MathJaxSwift.build/Debug/MathJaxSwift_MathJaxSwift.build/empty-MathJaxSwift_MathJaxSwift.plist

    Task output dependencies:
        /Users/rogerlin/Library/Developer/Xcode/DerivedData/FinancialCalculatorKit-ackorybalcxbfocbkqsfdzcfkgmn/Build/Products/Debug/MathJaxSwift_MathJaxSwift.bundle/Contents/Info.plist

CpResource /Users/rogerlin/Library/Developer/Xcode/DerivedData/FinancialCalculatorKit-ackorybalcxbfocbkqsfdzcfkgmn/Build/Products/Debug/MathJaxSwift_MathJaxSwift.bundle/Contents/Resources/mjn /Users/rogerlin/Library/Developer/Xcode/DerivedData/FinancialCalculatorKit-ackorybalcxbfocbkqsfdzcfkgmn/SourcePackages/checkouts/MathJaxSwift/Sources/MathJaxSwift/Resources/mjn (in target 'MathJaxSwift_MathJaxSwift' from project 'MathJaxSwift')
    cd /Users/rogerlin/Library/Developer/Xcode/DerivedData/FinancialCalculatorKit-ackorybalcxbfocbkqsfdzcfkgmn/SourcePackages/checkouts/MathJaxSwift
    builtin-copy -exclude .DS_Store -exclude CVS -exclude .svn -exclude .git -exclude .hg -resolve-src-symlinks /Users/rogerlin/Library/Developer/Xcode/DerivedData/FinancialCalculatorKit-ackorybalcxbfocbkqsfdzcfkgmn/SourcePackages/checkouts/MathJaxSwift/Sources/MathJaxSwift/Resources/mjn /Users/rogerlin/Library/Developer/Xcode/DerivedData/FinancialCalculatorKit-ackorybalcxbfocbkqsfdzcfkgmn/Build/Products/Debug/MathJaxSwift_MathJaxSwift.bundle/Contents/Resources

    Task input dependencies:
        /Users/rogerlin/Library/Developer/Xcode/DerivedData/FinancialCalculatorKit-ackorybalcxbfocbkqsfdzcfkgmn/SourcePackages/checkouts/MathJaxSwift/Sources/MathJaxSwift/Resources/mjn/

    Task output dependencies:
        /Users/rogerlin/Library/Developer/Xcode/DerivedData/FinancialCalculatorKit-ackorybalcxbfocbkqsfdzcfkgmn/Build/Products/Debug/MathJaxSwift_MathJaxSwift.bundle/Contents/Resources/mjn

RegisterExecutionPolicyException /Users/rogerlin/Library/Developer/Xcode/DerivedData/FinancialCalculatorKit-ackorybalcxbfocbkqsfdzcfkgmn/Build/Products/Debug/MathJaxSwift_MathJaxSwift.bundle (in target 'MathJaxSwift_MathJaxSwift' from project 'MathJaxSwift')
    cd /Users/rogerlin/Library/Developer/Xcode/DerivedData/FinancialCalculatorKit-ackorybalcxbfocbkqsfdzcfkgmn/SourcePackages/checkouts/MathJaxSwift
    builtin-RegisterExecutionPolicyException /Users/rogerlin/Library/Developer/Xcode/DerivedData/FinancialCalculatorKit-ackorybalcxbfocbkqsfdzcfkgmn/Build/Products/Debug/MathJaxSwift_MathJaxSwift.bundle

    Task input dependencies:
        /Users/rogerlin/Library/Developer/Xcode/DerivedData/FinancialCalculatorKit-ackorybalcxbfocbkqsfdzcfkgmn/Build/Products/Debug/MathJaxSwift_MathJaxSwift.bundle

    Task output dependencies:

Touch /Users/rogerlin/Library/Developer/Xcode/DerivedData/FinancialCalculatorKit-ackorybalcxbfocbkqsfdzcfkgmn/Build/Products/Debug/MathJaxSwift_MathJaxSwift.bundle (in target 'MathJaxSwift_MathJaxSwift' from project 'MathJaxSwift')
    cd /Users/rogerlin/Library/Developer/Xcode/DerivedData/FinancialCalculatorKit-ackorybalcxbfocbkqsfdzcfkgmn/SourcePackages/checkouts/MathJaxSwift
    /usr/bin/touch -c /Users/rogerlin/Library/Developer/Xcode/DerivedData/FinancialCalculatorKit-ackorybalcxbfocbkqsfdzcfkgmn/Build/Products/Debug/MathJaxSwift_MathJaxSwift.bundle

    Task input dependencies:
        /Users/rogerlin/Library/Developer/Xcode/DerivedData/FinancialCalculatorKit-ackorybalcxbfocbkqsfdzcfkgmn/Build/Products/Debug/MathJaxSwift_MathJaxSwift.bundle

    Task output dependencies:

ScanDependencies /Users/rogerlin/Library/Developer/Xcode/DerivedData/FinancialCalculatorKit-ackorybalcxbfocbkqsfdzcfkgmn/Build/Intermediates.noindex/swift-numerics.build/Debug/_NumericsShims.build/Objects-normal/arm64/_NumericsShims.o /Users/rogerlin/Library/Developer/Xcode/DerivedData/FinancialCalculatorKit-ackorybalcxbfocbkqsfdzcfkgmn/SourcePackages/checkouts/swift-numerics/Sources/_NumericsShims/_NumericsShims.c normal arm64 c com.apple.compilers.llvm.clang.1_0.compiler (in target '_NumericsShims' from project 'swift-numerics')
    cd /Users/rogerlin/XCode-Projects/FinancialCalculatorKit-5.0-updated-accent-colors/FinancialCalculatorKit.xcodeproj
    
    Using response file: /Users/rogerlin/Library/Developer/Xcode/DerivedData/FinancialCalculatorKit-ackorybalcxbfocbkqsfdzcfkgmn/Build/Intermediates.noindex/swift-numerics.build/Debug/_NumericsShims.build/Objects-normal/arm64/7187679823f38a2a940e0043cdf9d637-common-args.resp
    
    builtin-ScanDependencies -o /Users/rogerlin/Library/Developer/Xcode/DerivedData/FinancialCalculatorKit-ackorybalcxbfocbkqsfdzcfkgmn/Build/Intermediates.noindex/swift-numerics.build/Debug/_NumericsShims.build/Objects-normal/arm64/_NumericsShims.o.scan -- /Applications/Xcode.app/Contents/Developer/Toolchains/XcodeDefault.xctoolchain/usr/bin/clang -x c -ivfsstatcache /Users/rogerlin/Library/Developer/Xcode/DerivedData/SDKStatCaches.noindex/macosx26.1-25B74-3ae1261907bdadc328169391a47051a6.sdkstatcache -fmessage-length\=0 -fdiagnostics-show-note-include-stack -fmacro-backtrace-limit\=0 -fno-color-diagnostics -fmodules-prune-interval\=86400 -fmodules-prune-after\=345600 -fbuild-session-file\=/Users/rogerlin/Library/Developer/Xcode/DerivedData/ModuleCache.noindex/Session.modulevalidation -fmodules-validate-once-per-build-session -Wnon-modular-include-in-framework-module -Werror\=non-modular-include-in-framework-module -Wno-trigraphs -Wno-missing-field-initializers -Wno-missing-prototypes -Wno-return-type -Wno-missing-braces -Wparentheses -Wswitch -Wno-unused-function -Wno-unused-label -Wno-unused-parameter -Wno-unused-variable -Wunused-value -Wno-empty-body -Wno-uninitialized -Wno-unknown-pragmas -w -Wno-shadow -Wno-four-char-constants -Wno-conversion -Wno-constant-conversion -Wno-int-conversion -Wno-bool-conversion -Wno-enum-conversion -Wno-float-conversion -Wno-non-literal-null-conversion -Wno-objc-literal-conversion -Wshorten-64-to-32 -Wpointer-sign -Wno-newline-eof -Wno-implicit-fallthrough -fstrict-aliasing -Wdeprecated-declarations -Wno-sign-conversion -Wno-infinite-recursion -Wno-comma -Wno-block-capture-autoreleasing -Wno-strict-prototypes -Wno-semicolon-before-method-body -index-store-path /Users/rogerlin/Library/Developer/Xcode/DerivedData/FinancialCalculatorKit-ackorybalcxbfocbkqsfdzcfkgmn/Index.noindex/DataStore @/Users/rogerlin/Library/Developer/Xcode/DerivedData/FinancialCalculatorKit-ackorybalcxbfocbkqsfdzcfkgmn/Build/Intermediates.noindex/swift-numerics.build/Debug/_NumericsShims.build/Objects-normal/arm64/7187679823f38a2a940e0043cdf9d637-common-args.resp -MMD -MT dependencies -MF /Users/rogerlin/Library/Developer/Xcode/DerivedData/FinancialCalculatorKit-ackorybalcxbfocbkqsfdzcfkgmn/Build/Intermediates.noindex/swift-numerics.build/Debug/_NumericsShims.build/Objects-normal/arm64/_NumericsShims.d --serialize-diagnostics /Users/rogerlin/Library/Developer/Xcode/DerivedData/FinancialCalculatorKit-ackorybalcxbfocbkqsfdzcfkgmn/Build/Intermediates.noindex/swift-numerics.build/Debug/_NumericsShims.build/Objects-normal/arm64/_NumericsShims.dia -c /Users/rogerlin/Library/Developer/Xcode/DerivedData/FinancialCalculatorKit-ackorybalcxbfocbkqsfdzcfkgmn/SourcePackages/checkouts/swift-numerics/Sources/_NumericsShims/_NumericsShims.c -o /Users/rogerlin/Library/Developer/Xcode/DerivedData/FinancialCalculatorKit-ackorybalcxbfocbkqsfdzcfkgmn/Build/Intermediates.noindex/swift-numerics.build/Debug/_NumericsShims.build/Objects-normal/arm64/_NumericsShims.o -index-unit-output-path /swift-numerics.build/Debug/_NumericsShims.build/Objects-normal/arm64/_NumericsShims.o

    Task input dependencies:
        /Users/rogerlin/Library/Developer/Xcode/DerivedData/FinancialCalculatorKit-ackorybalcxbfocbkqsfdzcfkgmn/Build/Intermediates.noindex/swift-numerics.build/Debug/_NumericsShims.build/Objects-normal/arm64/7187679823f38a2a940e0043cdf9d637-common-args.resp
        /Users/rogerlin/Library/Developer/Xcode/DerivedData/FinancialCalculatorKit-ackorybalcxbfocbkqsfdzcfkgmn/SourcePackages/checkouts/swift-numerics/Sources/_NumericsShims/_NumericsShims.c
        /Users/rogerlin/Library/Developer/Xcode/DerivedData/FinancialCalculatorKit-ackorybalcxbfocbkqsfdzcfkgmn/Build/Intermediates.noindex/swift-numerics.build/Debug/_NumericsShims.build/Objects-normal/arm64/7187679823f38a2a940e0043cdf9d637-common-args.resp
        /Users/rogerlin/Library/Developer/Xcode/DerivedData/FinancialCalculatorKit-ackorybalcxbfocbkqsfdzcfkgmn/SourcePackages/checkouts/swift-numerics/Sources/_NumericsShims/_NumericsShims.c
        <ClangStatCache /Users/rogerlin/Library/Developer/Xcode/DerivedData/SDKStatCaches.noindex/macosx26.1-25B74-3ae1261907bdadc328169391a47051a6.sdkstatcache>
        <target-_NumericsShims-PACKAGE-TARGET:_NumericsShims-SDKROOT:macosx:SDK_VARIANT:macos-generated-headers>
        <target-_NumericsShims-PACKAGE-TARGET:_NumericsShims-SDKROOT:macosx:SDK_VARIANT:macos-swift-generated-headers>
        <target-_NumericsShims-PACKAGE-TARGET:_NumericsShims-SDKROOT:macosx:SDK_VARIANT:macos-ModuleVerifierTaskProducer>
        <target-_NumericsShims-PACKAGE-TARGET:_NumericsShims-SDKROOT:macosx:SDK_VARIANT:macos-begin-compiling>
        <WorkspaceHeaderMapVFSFilesWritten>

    Task output dependencies:
        /Users/rogerlin/Library/Developer/Xcode/DerivedData/FinancialCalculatorKit-ackorybalcxbfocbkqsfdzcfkgmn/Build/Intermediates.noindex/swift-numerics.build/Debug/_NumericsShims.build/Objects-normal/arm64/_NumericsShims.o.scan
Discovered dependency nodes:
/Users/rogerlin/Library/Developer/Xcode/DerivedData/FinancialCalculatorKit-ackorybalcxbfocbkqsfdzcfkgmn/SourcePackages/checkouts/swift-numerics/Sources/_NumericsShims/_NumericsShims.c
/Users/rogerlin/Library/Developer/Xcode/DerivedData/FinancialCalculatorKit-ackorybalcxbfocbkqsfdzcfkgmn/SourcePackages/checkouts/swift-numerics/Sources/_NumericsShims/include/_NumericsShims.h

SwiftDriver SwiftDrawDOM normal arm64 com.apple.xcode.tools.swift.compiler (in target 'SwiftDrawDOM' from project 'SwiftDraw')
    cd /Users/rogerlin/XCode-Projects/FinancialCalculatorKit-5.0-updated-accent-colors/FinancialCalculatorKit.xcodeproj
    builtin-SwiftDriver -- /Applications/Xcode.app/Contents/Developer/Toolchains/XcodeDefault.xctoolchain/usr/bin/swiftc -module-name SwiftDrawDOM -Onone -enforce-exclusivity\=checked @/Users/rogerlin/Library/Developer/Xcode/DerivedData/FinancialCalculatorKit-ackorybalcxbfocbkqsfdzcfkgmn/Build/Intermediates.noindex/SwiftDraw.build/Debug/SwiftDrawDOM.build/Objects-normal/arm64/SwiftDrawDOM.SwiftFileList -DSWIFT_PACKAGE -DDEBUG -DSWIFT_MODULE_RESOURCE_BUNDLE_UNAVAILABLE -DXcode -plugin-path /Applications/Xcode.app/Contents/Developer/Toolchains/XcodeDefault.xctoolchain/usr/lib/swift/host/plugins/testing -enable-experimental-feature DebugDescriptionMacro -sdk /Applications/Xcode.app/Contents/Developer/Platforms/MacOSX.platform/Developer/SDKs/MacOSX26.1.sdk -target arm64-apple-macos10.15 -g -module-cache-path /Users/rogerlin/Library/Developer/Xcode/DerivedData/ModuleCache.noindex -Xfrontend -serialize-debugging-options -profile-coverage-mapping -profile-generate -enable-testing -suppress-warnings -index-store-path /Users/rogerlin/Library/Developer/Xcode/DerivedData/FinancialCalculatorKit-ackorybalcxbfocbkqsfdzcfkgmn/Index.noindex/DataStore -Xcc -D_LIBCPP_HARDENING_MODE\=_LIBCPP_HARDENING_MODE_DEBUG -swift-version 6 -I /Users/rogerlin/Library/Developer/Xcode/DerivedData/FinancialCalculatorKit-ackorybalcxbfocbkqsfdzcfkgmn/Build/Products/Debug -Isystem /Applications/Xcode.app/Contents/Developer/Platforms/MacOSX.platform/Developer/usr/lib -F /Users/rogerlin/Library/Developer/Xcode/DerivedData/FinancialCalculatorKit-ackorybalcxbfocbkqsfdzcfkgmn/Build/Products/Debug -F /Applications/Xcode.app/Contents/Developer/Platforms/MacOSX.platform/Developer/Library/Frameworks -c -j16 -enable-batch-mode -incremental -Xcc -ivfsstatcache -Xcc /Users/rogerlin/Library/Developer/Xcode/DerivedData/SDKStatCaches.noindex/macosx26.1-25B74-3ae1261907bdadc328169391a47051a6.sdkstatcache -output-file-map /Users/rogerlin/Library/Developer/Xcode/DerivedData/FinancialCalculatorKit-ackorybalcxbfocbkqsfdzcfkgmn/Build/Intermediates.noindex/SwiftDraw.build/Debug/SwiftDrawDOM.build/Objects-normal/arm64/SwiftDrawDOM-OutputFileMap.json -use-frontend-parseable-output -save-temps -no-color-diagnostics -explicit-module-build -module-cache-path /Users/rogerlin/Library/Developer/Xcode/DerivedData/FinancialCalculatorKit-ackorybalcxbfocbkqsfdzcfkgmn/Build/Intermediates.noindex/SwiftExplicitPrecompiledModules -clang-scanner-module-cache-path /Users/rogerlin/Library/Developer/Xcode/DerivedData/ModuleCache.noindex -sdk-module-cache-path /Users/rogerlin/Library/Developer/Xcode/DerivedData/ModuleCache.noindex -serialize-diagnostics -emit-dependencies -emit-module -emit-module-path /Users/rogerlin/Library/Developer/Xcode/DerivedData/FinancialCalculatorKit-ackorybalcxbfocbkqsfdzcfkgmn/Build/Intermediates.noindex/SwiftDraw.build/Debug/SwiftDrawDOM.build/Objects-normal/arm64/SwiftDrawDOM.swiftmodule -user-module-version 0.22.0 -validate-clang-modules-once -clang-build-session-file /Users/rogerlin/Library/Developer/Xcode/DerivedData/ModuleCache.noindex/Session.modulevalidation -package-name swiftdraw -Xcc -I/Users/rogerlin/Library/Developer/Xcode/DerivedData/FinancialCalculatorKit-ackorybalcxbfocbkqsfdzcfkgmn/Build/Intermediates.noindex/SwiftDraw.build/Debug/SwiftDrawDOM.build/swift-overrides.hmap -emit-const-values -Xfrontend -const-gather-protocols-file -Xfrontend /Users/rogerlin/Library/Developer/Xcode/DerivedData/FinancialCalculatorKit-ackorybalcxbfocbkqsfdzcfkgmn/Build/Intermediates.noindex/SwiftDraw.build/Debug/SwiftDrawDOM.build/Objects-normal/arm64/SwiftDrawDOM_const_extract_protocols.json -Xcc -I/Users/rogerlin/Library/Developer/Xcode/DerivedData/FinancialCalculatorKit-ackorybalcxbfocbkqsfdzcfkgmn/Build/Products/Debug/include -Xcc -I/Users/rogerlin/Library/Developer/Xcode/DerivedData/FinancialCalculatorKit-ackorybalcxbfocbkqsfdzcfkgmn/Build/Intermediates.noindex/SwiftDraw.build/Debug/SwiftDrawDOM.build/DerivedSources-normal/arm64 -Xcc -I/Users/rogerlin/Library/Developer/Xcode/DerivedData/FinancialCalculatorKit-ackorybalcxbfocbkqsfdzcfkgmn/Build/Intermediates.noindex/SwiftDraw.build/Debug/SwiftDrawDOM.build/DerivedSources/arm64 -Xcc -I/Users/rogerlin/Library/Developer/Xcode/DerivedData/FinancialCalculatorKit-ackorybalcxbfocbkqsfdzcfkgmn/Build/Intermediates.noindex/SwiftDraw.build/Debug/SwiftDrawDOM.build/DerivedSources -Xcc -DSWIFT_PACKAGE -Xcc -DDEBUG\=1 -emit-objc-header -emit-objc-header-path /Users/rogerlin/Library/Developer/Xcode/DerivedData/FinancialCalculatorKit-ackorybalcxbfocbkqsfdzcfkgmn/Build/Intermediates.noindex/SwiftDraw.build/Debug/SwiftDrawDOM.build/Objects-normal/arm64/SwiftDrawDOM-Swift.h -working-directory /Users/rogerlin/XCode-Projects/FinancialCalculatorKit-5.0-updated-accent-colors/FinancialCalculatorKit.xcodeproj -experimental-emit-module-separately -disable-cmo

    Task input dependencies:

    Task output dependencies:
note: Swift Driver planned jobs for target SwiftDrawDOM (arm64-normal):
	Explicit Modules:

	Compilation Requirements:
		<PlannedSwiftDriverJob [target(0)]:EmitModule SwiftDrawDOM dependencies=[]>
	Compilation:
		<PlannedSwiftDriverJob [target(1)]:Compile SwiftDrawDOM DOM+Extensions.swift DOM.Color.swift DOM.Element.swift dependencies=[]>
		<PlannedSwiftDriverJob [target(2)]:Compile SwiftDrawDOM DOM.Filter.swift DOM.Image.swift DOM.LinearGradient.swift dependencies=[]>
		<PlannedSwiftDriverJob [target(3)]:Compile SwiftDrawDOM DOM.Path.swift DOM.Pattern.swift DOM.PresentationAttributes.swift dependencies=[]>
		<PlannedSwiftDriverJob [target(4)]:Compile SwiftDrawDOM DOM.RadialGradient.swift DOM.SVG+Parse.swift DOM.SVG.swift dependencies=[]>
		<PlannedSwiftDriverJob [target(5)]:Compile SwiftDrawDOM DOM.Switch.swift DOM.Text.swift DOM.Use.swift dependencies=[]>
		<PlannedSwiftDriverJob [target(6)]:Compile SwiftDrawDOM DOM.swift Parser.XML.Attributes.swift dependencies=[]>
		<PlannedSwiftDriverJob [target(7)]:Compile SwiftDrawDOM Parser.XML.Color.swift Parser.XML.Element.swift dependencies=[]>
		<PlannedSwiftDriverJob [target(8)]:Compile SwiftDrawDOM Parser.XML.Filter.swift Parser.XML.Image.swift dependencies=[]>
		<PlannedSwiftDriverJob [target(9)]:Compile SwiftDrawDOM Parser.XML.LinearGradient.swift Parser.XML.Path.swift dependencies=[]>
		<PlannedSwiftDriverJob [target(10)]:Compile SwiftDrawDOM Parser.XML.Pattern.swift Parser.XML.RadialGradient.swift dependencies=[]>
		<PlannedSwiftDriverJob [target(11)]:Compile SwiftDrawDOM Parser.XML.SVG.swift Parser.XML.Scanner.swift dependencies=[]>
		<PlannedSwiftDriverJob [target(12)]:Compile SwiftDrawDOM Parser.XML.StyleSheet.swift Parser.XML.Text.swift dependencies=[]>
		<PlannedSwiftDriverJob [target(13)]:Compile SwiftDrawDOM Parser.XML.Transform.swift Parser.XML.Use.swift dependencies=[]>
		<PlannedSwiftDriverJob [target(14)]:Compile SwiftDrawDOM Parser.XML.swift TextOutputStream+StandardError.swift dependencies=[]>
		<PlannedSwiftDriverJob [target(15)]:Compile SwiftDrawDOM URL+Data.swift URL+Fragment.swift dependencies=[]>
		<PlannedSwiftDriverJob [target(16)]:Compile SwiftDrawDOM XML.Element.swift XML.SAXParser.swift dependencies=[]>
	After Compilation:

	Verification:
 (in target 'SwiftDrawDOM' from project 'SwiftDraw')

SwiftDriver RealModule normal arm64 com.apple.xcode.tools.swift.compiler (in target 'RealModule' from project 'swift-numerics')
    cd /Users/rogerlin/XCode-Projects/FinancialCalculatorKit-5.0-updated-accent-colors/FinancialCalculatorKit.xcodeproj
    builtin-SwiftDriver -- /Applications/Xcode.app/Contents/Developer/Toolchains/XcodeDefault.xctoolchain/usr/bin/swiftc -module-name RealModule -Onone -enforce-exclusivity\=checked @/Users/rogerlin/Library/Developer/Xcode/DerivedData/FinancialCalculatorKit-ackorybalcxbfocbkqsfdzcfkgmn/Build/Intermediates.noindex/swift-numerics.build/Debug/RealModule.build/Objects-normal/arm64/RealModule.SwiftFileList -DSWIFT_PACKAGE -DDEBUG -DSWIFT_MODULE_RESOURCE_BUNDLE_UNAVAILABLE -DXcode -plugin-path /Applications/Xcode.app/Contents/Developer/Toolchains/XcodeDefault.xctoolchain/usr/lib/swift/host/plugins/testing -enable-experimental-feature DebugDescriptionMacro -sdk /Applications/Xcode.app/Contents/Developer/Platforms/MacOSX.platform/Developer/SDKs/MacOSX26.1.sdk -target arm64-apple-macos10.13 -g -module-cache-path /Users/rogerlin/Library/Developer/Xcode/DerivedData/ModuleCache.noindex -Xfrontend -serialize-debugging-options -profile-coverage-mapping -profile-generate -enable-testing -suppress-warnings -index-store-path /Users/rogerlin/Library/Developer/Xcode/DerivedData/FinancialCalculatorKit-ackorybalcxbfocbkqsfdzcfkgmn/Index.noindex/DataStore -Xcc -D_LIBCPP_HARDENING_MODE\=_LIBCPP_HARDENING_MODE_DEBUG -swift-version 5 -I /Users/rogerlin/Library/Developer/Xcode/DerivedData/FinancialCalculatorKit-ackorybalcxbfocbkqsfdzcfkgmn/Build/Products/Debug -Isystem /Applications/Xcode.app/Contents/Developer/Platforms/MacOSX.platform/Developer/usr/lib -F /Users/rogerlin/Library/Developer/Xcode/DerivedData/FinancialCalculatorKit-ackorybalcxbfocbkqsfdzcfkgmn/Build/Products/Debug/PackageFrameworks -F /Users/rogerlin/Library/Developer/Xcode/DerivedData/FinancialCalculatorKit-ackorybalcxbfocbkqsfdzcfkgmn/Build/Products/Debug -F /Applications/Xcode.app/Contents/Developer/Platforms/MacOSX.platform/Developer/Library/Frameworks -c -j16 -enable-batch-mode -incremental -Xcc -ivfsstatcache -Xcc /Users/rogerlin/Library/Developer/Xcode/DerivedData/SDKStatCaches.noindex/macosx26.1-25B74-3ae1261907bdadc328169391a47051a6.sdkstatcache -output-file-map /Users/rogerlin/Library/Developer/Xcode/DerivedData/FinancialCalculatorKit-ackorybalcxbfocbkqsfdzcfkgmn/Build/Intermediates.noindex/swift-numerics.build/Debug/RealModule.build/Objects-normal/arm64/RealModule-OutputFileMap.json -use-frontend-parseable-output -save-temps -no-color-diagnostics -explicit-module-build -module-cache-path /Users/rogerlin/Library/Developer/Xcode/DerivedData/FinancialCalculatorKit-ackorybalcxbfocbkqsfdzcfkgmn/Build/Intermediates.noindex/SwiftExplicitPrecompiledModules -clang-scanner-module-cache-path /Users/rogerlin/Library/Developer/Xcode/DerivedData/ModuleCache.noindex -sdk-module-cache-path /Users/rogerlin/Library/Developer/Xcode/DerivedData/ModuleCache.noindex -serialize-diagnostics -emit-dependencies -emit-module -emit-module-path /Users/rogerlin/Library/Developer/Xcode/DerivedData/FinancialCalculatorKit-ackorybalcxbfocbkqsfdzcfkgmn/Build/Intermediates.noindex/swift-numerics.build/Debug/RealModule.build/Objects-normal/arm64/RealModule.swiftmodule -validate-clang-modules-once -clang-build-session-file /Users/rogerlin/Library/Developer/Xcode/DerivedData/ModuleCache.noindex/Session.modulevalidation -Xcc -I/Users/rogerlin/Library/Developer/Xcode/DerivedData/FinancialCalculatorKit-ackorybalcxbfocbkqsfdzcfkgmn/Build/Intermediates.noindex/swift-numerics.build/Debug/RealModule.build/swift-overrides.hmap -emit-const-values -Xfrontend -const-gather-protocols-file -Xfrontend /Users/rogerlin/Library/Developer/Xcode/DerivedData/FinancialCalculatorKit-ackorybalcxbfocbkqsfdzcfkgmn/Build/Intermediates.noindex/swift-numerics.build/Debug/RealModule.build/Objects-normal/arm64/RealModule_const_extract_protocols.json -Xcc -I/Users/rogerlin/Library/Developer/Xcode/DerivedData/FinancialCalculatorKit-ackorybalcxbfocbkqsfdzcfkgmn/SourcePackages/checkouts/swift-numerics/Sources/_NumericsShims/include -Xcc -I/Users/rogerlin/Library/Developer/Xcode/DerivedData/FinancialCalculatorKit-ackorybalcxbfocbkqsfdzcfkgmn/Build/Products/Debug/include -Xcc -I/Users/rogerlin/Library/Developer/Xcode/DerivedData/FinancialCalculatorKit-ackorybalcxbfocbkqsfdzcfkgmn/Build/Intermediates.noindex/swift-numerics.build/Debug/RealModule.build/DerivedSources-normal/arm64 -Xcc -I/Users/rogerlin/Library/Developer/Xcode/DerivedData/FinancialCalculatorKit-ackorybalcxbfocbkqsfdzcfkgmn/Build/Intermediates.noindex/swift-numerics.build/Debug/RealModule.build/DerivedSources/arm64 -Xcc -I/Users/rogerlin/Library/Developer/Xcode/DerivedData/FinancialCalculatorKit-ackorybalcxbfocbkqsfdzcfkgmn/Build/Intermediates.noindex/swift-numerics.build/Debug/RealModule.build/DerivedSources -Xcc -DSWIFT_PACKAGE -Xcc -DDEBUG\=1 -emit-objc-header -emit-objc-header-path /Users/rogerlin/Library/Developer/Xcode/DerivedData/FinancialCalculatorKit-ackorybalcxbfocbkqsfdzcfkgmn/Build/Intermediates.noindex/swift-numerics.build/Debug/RealModule.build/Objects-normal/arm64/RealModule-Swift.h -working-directory /Users/rogerlin/XCode-Projects/FinancialCalculatorKit-5.0-updated-accent-colors/FinancialCalculatorKit.xcodeproj -experimental-emit-module-separately -disable-cmo

    Task input dependencies:

    Task output dependencies:
note: Swift Driver planned jobs for target RealModule (arm64-normal):
	Explicit Modules:
		<PlannedSwiftDriverJob [explicit(0)]:GeneratePcm _NumericsShims dependencies=[]>
	Compilation Requirements:
		<PlannedSwiftDriverJob [target(0)]:EmitModule RealModule dependencies=["explicit(0)"]>
	Compilation:
		<PlannedSwiftDriverJob [target(1)]:Compile RealModule AlgebraicField.swift dependencies=["explicit(0)"]>
		<PlannedSwiftDriverJob [target(2)]:Compile RealModule ApproximateEquality.swift dependencies=["explicit(0)"]>
		<PlannedSwiftDriverJob [target(3)]:Compile RealModule AugmentedArithmetic.swift dependencies=["explicit(0)"]>
		<PlannedSwiftDriverJob [target(4)]:Compile RealModule Double+Real.swift dependencies=["explicit(0)"]>
		<PlannedSwiftDriverJob [target(5)]:Compile RealModule ElementaryFunctions.swift dependencies=["explicit(0)"]>
		<PlannedSwiftDriverJob [target(6)]:Compile RealModule Float+Real.swift dependencies=["explicit(0)"]>
		<PlannedSwiftDriverJob [target(7)]:Compile RealModule Float16+Real.swift dependencies=["explicit(0)"]>
		<PlannedSwiftDriverJob [target(8)]:Compile RealModule Float80+Real.swift dependencies=["explicit(0)"]>
		<PlannedSwiftDriverJob [target(9)]:Compile RealModule Real.swift dependencies=["explicit(0)"]>
		<PlannedSwiftDriverJob [target(10)]:Compile RealModule RealFunctions.swift dependencies=["explicit(0)"]>
	After Compilation:

	Verification:
 (in target 'RealModule' from project 'swift-numerics')

SwiftDriver UInt128 normal arm64 com.apple.xcode.tools.swift.compiler (in target 'UInt128' from project 'UInt128')
    cd /Users/rogerlin/XCode-Projects/FinancialCalculatorKit-5.0-updated-accent-colors/FinancialCalculatorKit.xcodeproj
    builtin-SwiftDriver -- /Applications/Xcode.app/Contents/Developer/Toolchains/XcodeDefault.xctoolchain/usr/bin/swiftc -module-name UInt128 -Onone -enforce-exclusivity\=checked @/Users/rogerlin/Library/Developer/Xcode/DerivedData/FinancialCalculatorKit-ackorybalcxbfocbkqsfdzcfkgmn/Build/Intermediates.noindex/UInt128.build/Debug/UInt128.build/Objects-normal/arm64/UInt128.SwiftFileList -DSWIFT_PACKAGE -DDEBUG -DSWIFT_MODULE_RESOURCE_BUNDLE_UNAVAILABLE -DXcode -plugin-path /Applications/Xcode.app/Contents/Developer/Toolchains/XcodeDefault.xctoolchain/usr/lib/swift/host/plugins/testing -enable-experimental-feature DebugDescriptionMacro -sdk /Applications/Xcode.app/Contents/Developer/Platforms/MacOSX.platform/Developer/SDKs/MacOSX26.1.sdk -target arm64-apple-macos13.3 -g -module-cache-path /Users/rogerlin/Library/Developer/Xcode/DerivedData/ModuleCache.noindex -Xfrontend -serialize-debugging-options -profile-coverage-mapping -profile-generate -enable-testing -suppress-warnings -index-store-path /Users/rogerlin/Library/Developer/Xcode/DerivedData/FinancialCalculatorKit-ackorybalcxbfocbkqsfdzcfkgmn/Index.noindex/DataStore -Xcc -D_LIBCPP_HARDENING_MODE\=_LIBCPP_HARDENING_MODE_DEBUG -swift-version 5 -I /Users/rogerlin/Library/Developer/Xcode/DerivedData/FinancialCalculatorKit-ackorybalcxbfocbkqsfdzcfkgmn/Build/Products/Debug -Isystem /Applications/Xcode.app/Contents/Developer/Platforms/MacOSX.platform/Developer/usr/lib -F /Users/rogerlin/Library/Developer/Xcode/DerivedData/FinancialCalculatorKit-ackorybalcxbfocbkqsfdzcfkgmn/Build/Products/Debug -F /Applications/Xcode.app/Contents/Developer/Platforms/MacOSX.platform/Developer/Library/Frameworks -c -j16 -enable-batch-mode -incremental -Xcc -ivfsstatcache -Xcc /Users/rogerlin/Library/Developer/Xcode/DerivedData/SDKStatCaches.noindex/macosx26.1-25B74-3ae1261907bdadc328169391a47051a6.sdkstatcache -output-file-map /Users/rogerlin/Library/Developer/Xcode/DerivedData/FinancialCalculatorKit-ackorybalcxbfocbkqsfdzcfkgmn/Build/Intermediates.noindex/UInt128.build/Debug/UInt128.build/Objects-normal/arm64/UInt128-OutputFileMap.json -use-frontend-parseable-output -save-temps -no-color-diagnostics -explicit-module-build -module-cache-path /Users/rogerlin/Library/Developer/Xcode/DerivedData/FinancialCalculatorKit-ackorybalcxbfocbkqsfdzcfkgmn/Build/Intermediates.noindex/SwiftExplicitPrecompiledModules -clang-scanner-module-cache-path /Users/rogerlin/Library/Developer/Xcode/DerivedData/ModuleCache.noindex -sdk-module-cache-path /Users/rogerlin/Library/Developer/Xcode/DerivedData/ModuleCache.noindex -serialize-diagnostics -emit-dependencies -emit-module -emit-module-path /Users/rogerlin/Library/Developer/Xcode/DerivedData/FinancialCalculatorKit-ackorybalcxbfocbkqsfdzcfkgmn/Build/Intermediates.noindex/UInt128.build/Debug/UInt128.build/Objects-normal/arm64/UInt128.swiftmodule -validate-clang-modules-once -clang-build-session-file /Users/rogerlin/Library/Developer/Xcode/DerivedData/ModuleCache.noindex/Session.modulevalidation -Xcc -I/Users/rogerlin/Library/Developer/Xcode/DerivedData/FinancialCalculatorKit-ackorybalcxbfocbkqsfdzcfkgmn/Build/Intermediates.noindex/UInt128.build/Debug/UInt128.build/swift-overrides.hmap -emit-const-values -Xfrontend -const-gather-protocols-file -Xfrontend /Users/rogerlin/Library/Developer/Xcode/DerivedData/FinancialCalculatorKit-ackorybalcxbfocbkqsfdzcfkgmn/Build/Intermediates.noindex/UInt128.build/Debug/UInt128.build/Objects-normal/arm64/UInt128_const_extract_protocols.json -Xcc -I/Users/rogerlin/Library/Developer/Xcode/DerivedData/FinancialCalculatorKit-ackorybalcxbfocbkqsfdzcfkgmn/Build/Products/Debug/include -Xcc -I/Users/rogerlin/Library/Developer/Xcode/DerivedData/FinancialCalculatorKit-ackorybalcxbfocbkqsfdzcfkgmn/Build/Intermediates.noindex/UInt128.build/Debug/UInt128.build/DerivedSources-normal/arm64 -Xcc -I/Users/rogerlin/Library/Developer/Xcode/DerivedData/FinancialCalculatorKit-ackorybalcxbfocbkqsfdzcfkgmn/Build/Intermediates.noindex/UInt128.build/Debug/UInt128.build/DerivedSources/arm64 -Xcc -I/Users/rogerlin/Library/Developer/Xcode/DerivedData/FinancialCalculatorKit-ackorybalcxbfocbkqsfdzcfkgmn/Build/Intermediates.noindex/UInt128.build/Debug/UInt128.build/DerivedSources -Xcc -DSWIFT_PACKAGE -Xcc -DDEBUG\=1 -emit-objc-header -emit-objc-header-path /Users/rogerlin/Library/Developer/Xcode/DerivedData/FinancialCalculatorKit-ackorybalcxbfocbkqsfdzcfkgmn/Build/Intermediates.noindex/UInt128.build/Debug/UInt128.build/Objects-normal/arm64/UInt128-Swift.h -working-directory /Users/rogerlin/XCode-Projects/FinancialCalculatorKit-5.0-updated-accent-colors/FinancialCalculatorKit.xcodeproj -experimental-emit-module-separately -disable-cmo

    Task input dependencies:

    Task output dependencies:
note: Swift Driver planned jobs for target UInt128 (arm64-normal):
	Explicit Modules:

	Compilation Requirements:
		<PlannedSwiftDriverJob [target(0)]:EmitModule UInt128 dependencies=[]>
	Compilation:
		<PlannedSwiftDriverJob [target(1)]:Compile UInt128 Common.swift dependencies=[]>
		<PlannedSwiftDriverJob [target(2)]:Compile UInt128 Int128.swift dependencies=[]>
		<PlannedSwiftDriverJob [target(3)]:Compile UInt128 UInt128.swift dependencies=[]>
	After Compilation:

	Verification:
 (in target 'UInt128' from project 'UInt128')

SwiftDriver IssueReporting normal arm64 com.apple.xcode.tools.swift.compiler (in target 'IssueReporting' from project 'xctest-dynamic-overlay')
    cd /Users/rogerlin/XCode-Projects/FinancialCalculatorKit-5.0-updated-accent-colors/FinancialCalculatorKit.xcodeproj
    builtin-SwiftDriver -- /Applications/Xcode.app/Contents/Developer/Toolchains/XcodeDefault.xctoolchain/usr/bin/swiftc -module-name IssueReporting -Onone -enforce-exclusivity\=checked @/Users/rogerlin/Library/Developer/Xcode/DerivedData/FinancialCalculatorKit-ackorybalcxbfocbkqsfdzcfkgmn/Build/Intermediates.noindex/xctest-dynamic-overlay.build/Debug/IssueReporting.build/Objects-normal/arm64/IssueReporting.SwiftFileList -DSWIFT_PACKAGE -DDEBUG -DSWIFT_MODULE_RESOURCE_BUNDLE_UNAVAILABLE -DXcode -plugin-path /Applications/Xcode.app/Contents/Developer/Toolchains/XcodeDefault.xctoolchain/usr/lib/swift/host/plugins/testing -enable-experimental-feature DebugDescriptionMacro -sdk /Applications/Xcode.app/Contents/Developer/Platforms/MacOSX.platform/Developer/SDKs/MacOSX26.1.sdk -target arm64-apple-macos10.15 -g -module-cache-path /Users/rogerlin/Library/Developer/Xcode/DerivedData/ModuleCache.noindex -Xfrontend -serialize-debugging-options -profile-coverage-mapping -profile-generate -enable-testing -suppress-warnings -index-store-path /Users/rogerlin/Library/Developer/Xcode/DerivedData/FinancialCalculatorKit-ackorybalcxbfocbkqsfdzcfkgmn/Index.noindex/DataStore -Xcc -D_LIBCPP_HARDENING_MODE\=_LIBCPP_HARDENING_MODE_DEBUG -swift-version 6 -I /Users/rogerlin/Library/Developer/Xcode/DerivedData/FinancialCalculatorKit-ackorybalcxbfocbkqsfdzcfkgmn/Build/Products/Debug -Isystem /Applications/Xcode.app/Contents/Developer/Platforms/MacOSX.platform/Developer/usr/lib -F /Users/rogerlin/Library/Developer/Xcode/DerivedData/FinancialCalculatorKit-ackorybalcxbfocbkqsfdzcfkgmn/Build/Products/Debug -F /Applications/Xcode.app/Contents/Developer/Platforms/MacOSX.platform/Developer/Library/Frameworks -c -j16 -enable-batch-mode -incremental -Xcc -ivfsstatcache -Xcc /Users/rogerlin/Library/Developer/Xcode/DerivedData/SDKStatCaches.noindex/macosx26.1-25B74-3ae1261907bdadc328169391a47051a6.sdkstatcache -output-file-map /Users/rogerlin/Library/Developer/Xcode/DerivedData/FinancialCalculatorKit-ackorybalcxbfocbkqsfdzcfkgmn/Build/Intermediates.noindex/xctest-dynamic-overlay.build/Debug/IssueReporting.build/Objects-normal/arm64/IssueReporting-OutputFileMap.json -use-frontend-parseable-output -save-temps -no-color-diagnostics -explicit-module-build -module-cache-path /Users/rogerlin/Library/Developer/Xcode/DerivedData/FinancialCalculatorKit-ackorybalcxbfocbkqsfdzcfkgmn/Build/Intermediates.noindex/SwiftExplicitPrecompiledModules -clang-scanner-module-cache-path /Users/rogerlin/Library/Developer/Xcode/DerivedData/ModuleCache.noindex -sdk-module-cache-path /Users/rogerlin/Library/Developer/Xcode/DerivedData/ModuleCache.noindex -serialize-diagnostics -emit-dependencies -emit-module -emit-module-path /Users/rogerlin/Library/Developer/Xcode/DerivedData/FinancialCalculatorKit-ackorybalcxbfocbkqsfdzcfkgmn/Build/Intermediates.noindex/xctest-dynamic-overlay.build/Debug/IssueReporting.build/Objects-normal/arm64/IssueReporting.swiftmodule -user-module-version 1.5.2 -validate-clang-modules-once -clang-build-session-file /Users/rogerlin/Library/Developer/Xcode/DerivedData/ModuleCache.noindex/Session.modulevalidation -package-name xctest_dynamic_overlay -Xcc -I/Users/rogerlin/Library/Developer/Xcode/DerivedData/FinancialCalculatorKit-ackorybalcxbfocbkqsfdzcfkgmn/Build/Intermediates.noindex/xctest-dynamic-overlay.build/Debug/IssueReporting.build/swift-overrides.hmap -emit-const-values -Xfrontend -const-gather-protocols-file -Xfrontend /Users/rogerlin/Library/Developer/Xcode/DerivedData/FinancialCalculatorKit-ackorybalcxbfocbkqsfdzcfkgmn/Build/Intermediates.noindex/xctest-dynamic-overlay.build/Debug/IssueReporting.build/Objects-normal/arm64/IssueReporting_const_extract_protocols.json -Xcc -I/Users/rogerlin/Library/Developer/Xcode/DerivedData/FinancialCalculatorKit-ackorybalcxbfocbkqsfdzcfkgmn/Build/Products/Debug/include -Xcc -I/Users/rogerlin/Library/Developer/Xcode/DerivedData/FinancialCalculatorKit-ackorybalcxbfocbkqsfdzcfkgmn/Build/Intermediates.noindex/xctest-dynamic-overlay.build/Debug/IssueReporting.build/DerivedSources-normal/arm64 -Xcc -I/Users/rogerlin/Library/Developer/Xcode/DerivedData/FinancialCalculatorKit-ackorybalcxbfocbkqsfdzcfkgmn/Build/Intermediates.noindex/xctest-dynamic-overlay.build/Debug/IssueReporting.build/DerivedSources/arm64 -Xcc -I/Users/rogerlin/Library/Developer/Xcode/DerivedData/FinancialCalculatorKit-ackorybalcxbfocbkqsfdzcfkgmn/Build/Intermediates.noindex/xctest-dynamic-overlay.build/Debug/IssueReporting.build/DerivedSources -Xcc -DSWIFT_PACKAGE -Xcc -DDEBUG\=1 -emit-objc-header -emit-objc-header-path /Users/rogerlin/Library/Developer/Xcode/DerivedData/FinancialCalculatorKit-ackorybalcxbfocbkqsfdzcfkgmn/Build/Intermediates.noindex/xctest-dynamic-overlay.build/Debug/IssueReporting.build/Objects-normal/arm64/IssueReporting-Swift.h -working-directory /Users/rogerlin/XCode-Projects/FinancialCalculatorKit-5.0-updated-accent-colors/FinancialCalculatorKit.xcodeproj -experimental-emit-module-separately -disable-cmo

    Task input dependencies:

    Task output dependencies:
note: Swift Driver planned jobs for target IssueReporting (arm64-normal):
	Explicit Modules:

	Compilation Requirements:
		<PlannedSwiftDriverJob [target(0)]:EmitModule IssueReporting dependencies=[]>
	Compilation:
		<PlannedSwiftDriverJob [target(1)]:Compile IssueReporting ErrorReporting.swift AppHostWarning.swift dependencies=[]>
		<PlannedSwiftDriverJob [target(2)]:Compile IssueReporting Deprecations.swift FailureObserver.swift dependencies=[]>
		<PlannedSwiftDriverJob [target(3)]:Compile IssueReporting LockIsolated.swift Rethrows.swift dependencies=[]>
		<PlannedSwiftDriverJob [target(4)]:Compile IssueReporting SwiftTesting.swift UncheckedSendable.swift dependencies=[]>
		<PlannedSwiftDriverJob [target(5)]:Compile IssueReporting Warn.swift dependencies=[]>
		<PlannedSwiftDriverJob [target(6)]:Compile IssueReporting XCTest.swift dependencies=[]>
		<PlannedSwiftDriverJob [target(7)]:Compile IssueReporting IsTesting.swift dependencies=[]>
		<PlannedSwiftDriverJob [target(8)]:Compile IssueReporting IssueReporter.swift dependencies=[]>
		<PlannedSwiftDriverJob [target(9)]:Compile IssueReporting BreakpointReporter.swift dependencies=[]>
		<PlannedSwiftDriverJob [target(10)]:Compile IssueReporting FatalErrorReporter.swift dependencies=[]>
		<PlannedSwiftDriverJob [target(11)]:Compile IssueReporting RuntimeWarningReporter.swift dependencies=[]>
		<PlannedSwiftDriverJob [target(12)]:Compile IssueReporting ReportIssue.swift dependencies=[]>
		<PlannedSwiftDriverJob [target(13)]:Compile IssueReporting TestContext.swift dependencies=[]>
		<PlannedSwiftDriverJob [target(14)]:Compile IssueReporting Unimplemented.swift dependencies=[]>
		<PlannedSwiftDriverJob [target(15)]:Compile IssueReporting WithExpectedIssue.swift dependencies=[]>
		<PlannedSwiftDriverJob [target(16)]:Compile IssueReporting WithIssueContext.swift dependencies=[]>
	After Compilation:

	Verification:
 (in target 'IssueReporting' from project 'xctest-dynamic-overlay')

SwiftDriver MathJaxSwift normal arm64 com.apple.xcode.tools.swift.compiler (in target 'MathJaxSwift' from project 'MathJaxSwift')
    cd /Users/rogerlin/XCode-Projects/FinancialCalculatorKit-5.0-updated-accent-colors/FinancialCalculatorKit.xcodeproj
    builtin-SwiftDriver -- /Applications/Xcode.app/Contents/Developer/Toolchains/XcodeDefault.xctoolchain/usr/bin/swiftc -module-name MathJaxSwift -Onone -enforce-exclusivity\=checked @/Users/rogerlin/Library/Developer/Xcode/DerivedData/FinancialCalculatorKit-ackorybalcxbfocbkqsfdzcfkgmn/Build/Intermediates.noindex/MathJaxSwift.build/Debug/MathJaxSwift.build/Objects-normal/arm64/MathJaxSwift.SwiftFileList -DSWIFT_PACKAGE -DDEBUG -DSWIFT_MODULE_RESOURCE_BUNDLE_AVAILABLE -DXcode -plugin-path /Applications/Xcode.app/Contents/Developer/Toolchains/XcodeDefault.xctoolchain/usr/lib/swift/host/plugins/testing -enable-experimental-feature DebugDescriptionMacro -sdk /Applications/Xcode.app/Contents/Developer/Platforms/MacOSX.platform/Developer/SDKs/MacOSX26.1.sdk -target arm64-apple-macos10.15 -g -module-cache-path /Users/rogerlin/Library/Developer/Xcode/DerivedData/ModuleCache.noindex -Xfrontend -serialize-debugging-options -profile-coverage-mapping -profile-generate -enable-testing -suppress-warnings -index-store-path /Users/rogerlin/Library/Developer/Xcode/DerivedData/FinancialCalculatorKit-ackorybalcxbfocbkqsfdzcfkgmn/Index.noindex/DataStore -Xcc -D_LIBCPP_HARDENING_MODE\=_LIBCPP_HARDENING_MODE_DEBUG -swift-version 5 -I /Users/rogerlin/Library/Developer/Xcode/DerivedData/FinancialCalculatorKit-ackorybalcxbfocbkqsfdzcfkgmn/Build/Products/Debug -Isystem /Applications/Xcode.app/Contents/Developer/Platforms/MacOSX.platform/Developer/usr/lib -F /Users/rogerlin/Library/Developer/Xcode/DerivedData/FinancialCalculatorKit-ackorybalcxbfocbkqsfdzcfkgmn/Build/Products/Debug -F /Applications/Xcode.app/Contents/Developer/Platforms/MacOSX.platform/Developer/Library/Frameworks -c -j16 -enable-batch-mode -incremental -Xcc -ivfsstatcache -Xcc /Users/rogerlin/Library/Developer/Xcode/DerivedData/SDKStatCaches.noindex/macosx26.1-25B74-3ae1261907bdadc328169391a47051a6.sdkstatcache -output-file-map /Users/rogerlin/Library/Developer/Xcode/DerivedData/FinancialCalculatorKit-ackorybalcxbfocbkqsfdzcfkgmn/Build/Intermediates.noindex/MathJaxSwift.build/Debug/MathJaxSwift.build/Objects-normal/arm64/MathJaxSwift-OutputFileMap.json -use-frontend-parseable-output -save-temps -no-color-diagnostics -explicit-module-build -module-cache-path /Users/rogerlin/Library/Developer/Xcode/DerivedData/FinancialCalculatorKit-ackorybalcxbfocbkqsfdzcfkgmn/Build/Intermediates.noindex/SwiftExplicitPrecompiledModules -clang-scanner-module-cache-path /Users/rogerlin/Library/Developer/Xcode/DerivedData/ModuleCache.noindex -sdk-module-cache-path /Users/rogerlin/Library/Developer/Xcode/DerivedData/ModuleCache.noindex -serialize-diagnostics -emit-dependencies -emit-module -emit-module-path /Users/rogerlin/Library/Developer/Xcode/DerivedData/FinancialCalculatorKit-ackorybalcxbfocbkqsfdzcfkgmn/Build/Intermediates.noindex/MathJaxSwift.build/Debug/MathJaxSwift.build/Objects-normal/arm64/MathJaxSwift.swiftmodule -validate-clang-modules-once -clang-build-session-file /Users/rogerlin/Library/Developer/Xcode/DerivedData/ModuleCache.noindex/Session.modulevalidation -Xcc -I/Users/rogerlin/Library/Developer/Xcode/DerivedData/FinancialCalculatorKit-ackorybalcxbfocbkqsfdzcfkgmn/Build/Intermediates.noindex/MathJaxSwift.build/Debug/MathJaxSwift.build/swift-overrides.hmap -emit-const-values -Xfrontend -const-gather-protocols-file -Xfrontend /Users/rogerlin/Library/Developer/Xcode/DerivedData/FinancialCalculatorKit-ackorybalcxbfocbkqsfdzcfkgmn/Build/Intermediates.noindex/MathJaxSwift.build/Debug/MathJaxSwift.build/Objects-normal/arm64/MathJaxSwift_const_extract_protocols.json -Xcc -I/Users/rogerlin/Library/Developer/Xcode/DerivedData/FinancialCalculatorKit-ackorybalcxbfocbkqsfdzcfkgmn/Build/Products/Debug/include -Xcc -I/Users/rogerlin/Library/Developer/Xcode/DerivedData/FinancialCalculatorKit-ackorybalcxbfocbkqsfdzcfkgmn/Build/Intermediates.noindex/MathJaxSwift.build/Debug/MathJaxSwift.build/DerivedSources-normal/arm64 -Xcc -I/Users/rogerlin/Library/Developer/Xcode/DerivedData/FinancialCalculatorKit-ackorybalcxbfocbkqsfdzcfkgmn/Build/Intermediates.noindex/MathJaxSwift.build/Debug/MathJaxSwift.build/DerivedSources/arm64 -Xcc -I/Users/rogerlin/Library/Developer/Xcode/DerivedData/FinancialCalculatorKit-ackorybalcxbfocbkqsfdzcfkgmn/Build/Intermediates.noindex/MathJaxSwift.build/Debug/MathJaxSwift.build/DerivedSources -Xcc -DSWIFT_PACKAGE -Xcc -DDEBUG\=1 -emit-objc-header -emit-objc-header-path /Users/rogerlin/Library/Developer/Xcode/DerivedData/FinancialCalculatorKit-ackorybalcxbfocbkqsfdzcfkgmn/Build/Intermediates.noindex/MathJaxSwift.build/Debug/MathJaxSwift.build/Objects-normal/arm64/MathJaxSwift-Swift.h -working-directory /Users/rogerlin/XCode-Projects/FinancialCalculatorKit-5.0-updated-accent-colors/FinancialCalculatorKit.xcodeproj -experimental-emit-module-separately -disable-cmo

    Task input dependencies:

    Task output dependencies:
note: Swift Driver planned jobs for target MathJaxSwift (arm64-normal):
	Explicit Modules:

	Compilation Requirements:
		<PlannedSwiftDriverJob [target(0)]:EmitModule MathJaxSwift dependencies=[]>
	Compilation:
		<PlannedSwiftDriverJob [target(1)]:Compile MathJaxSwift resource_bundle_accessor.swift AM2CHTML.swift AM2MML.swift dependencies=[]>
		<PlannedSwiftDriverJob [target(2)]:Compile MathJaxSwift MML2CHTML.swift MML2SVG.swift TeX2CHTML.swift dependencies=[]>
		<PlannedSwiftDriverJob [target(3)]:Compile MathJaxSwift TeX2MML.swift TeX2SVG.swift Constants.swift dependencies=[]>
		<PlannedSwiftDriverJob [target(4)]:Compile MathJaxSwift Function.swift MathJaxError.swift PackageLock.swift dependencies=[]>
		<PlannedSwiftDriverJob [target(5)]:Compile MathJaxSwift HTMLParser.swift MMLParser.swift Parser.swift dependencies=[]>
		<PlannedSwiftDriverJob [target(6)]:Compile MathJaxSwift SVGParser.swift MathJax.swift ConversionOptions.swift dependencies=[]>
		<PlannedSwiftDriverJob [target(7)]:Compile MathJaxSwift A11YOptions.swift DocumentOptions.swift MenuOptions.swift dependencies=[]>
		<PlannedSwiftDriverJob [target(8)]:Compile MathJaxSwift MenuOptionsSettings.swift SREOptions.swift AllowOptions.swift dependencies=[]>
		<PlannedSwiftDriverJob [target(9)]:Compile MathJaxSwift SafeOptions.swift SafeProtocols.swift SafeStyles.swift dependencies=[]>
		<PlannedSwiftDriverJob [target(10)]:Compile MathJaxSwift AMInputProcessorOptions.swift InputProcessorOptions.swift MMLInputProcessorOptions.swift dependencies=[]>
		<PlannedSwiftDriverJob [target(11)]:Compile MathJaxSwift AMSCDOptions.swift AMSOptions.swift AutoloadOptions.swift dependencies=[]>
		<PlannedSwiftDriverJob [target(12)]:Compile MathJaxSwift ColorOptions.swift MathtoolsOptions.swift NoundefinedOptions.swift dependencies=[]>
		<PlannedSwiftDriverJob [target(13)]:Compile MathJaxSwift PhysicsOptions.swift RequireOptions.swift dependencies=[]>
		<PlannedSwiftDriverJob [target(14)]:Compile MathJaxSwift SetOptions.swift TagFormatOptions.swift dependencies=[]>
		<PlannedSwiftDriverJob [target(15)]:Compile MathJaxSwift TeXInputProcessorOptions.swift CHTMLOutputProcessorOptions.swift dependencies=[]>
		<PlannedSwiftDriverJob [target(16)]:Compile MathJaxSwift OutputProcessorOptions.swift SVGOutputProcessorOptions.swift dependencies=[]>
	After Compilation:

	Verification:
 (in target 'MathJaxSwift' from project 'MathJaxSwift')

SwiftDriver HTMLEntities normal arm64 com.apple.xcode.tools.swift.compiler (in target 'HTMLEntities' from project 'HTMLEntities')
    cd /Users/rogerlin/XCode-Projects/FinancialCalculatorKit-5.0-updated-accent-colors/FinancialCalculatorKit.xcodeproj
    builtin-SwiftDriver -- /Applications/Xcode.app/Contents/Developer/Toolchains/XcodeDefault.xctoolchain/usr/bin/swiftc -module-name HTMLEntities -Onone -enforce-exclusivity\=checked @/Users/rogerlin/Library/Developer/Xcode/DerivedData/FinancialCalculatorKit-ackorybalcxbfocbkqsfdzcfkgmn/Build/Intermediates.noindex/HTMLEntities.build/Debug/HTMLEntities.build/Objects-normal/arm64/HTMLEntities.SwiftFileList -DSWIFT_PACKAGE -DDEBUG -DSWIFT_MODULE_RESOURCE_BUNDLE_UNAVAILABLE -DXcode -plugin-path /Applications/Xcode.app/Contents/Developer/Toolchains/XcodeDefault.xctoolchain/usr/lib/swift/host/plugins/testing -enable-experimental-feature DebugDescriptionMacro -sdk /Applications/Xcode.app/Contents/Developer/Platforms/MacOSX.platform/Developer/SDKs/MacOSX26.1.sdk -target arm64-apple-macos10.13 -g -module-cache-path /Users/rogerlin/Library/Developer/Xcode/DerivedData/ModuleCache.noindex -Xfrontend -serialize-debugging-options -profile-coverage-mapping -profile-generate -enable-testing -suppress-warnings -index-store-path /Users/rogerlin/Library/Developer/Xcode/DerivedData/FinancialCalculatorKit-ackorybalcxbfocbkqsfdzcfkgmn/Index.noindex/DataStore -Xcc -D_LIBCPP_HARDENING_MODE\=_LIBCPP_HARDENING_MODE_DEBUG -swift-version 5 -I /Users/rogerlin/Library/Developer/Xcode/DerivedData/FinancialCalculatorKit-ackorybalcxbfocbkqsfdzcfkgmn/Build/Products/Debug -Isystem /Applications/Xcode.app/Contents/Developer/Platforms/MacOSX.platform/Developer/usr/lib -F /Users/rogerlin/Library/Developer/Xcode/DerivedData/FinancialCalculatorKit-ackorybalcxbfocbkqsfdzcfkgmn/Build/Products/Debug -F /Applications/Xcode.app/Contents/Developer/Platforms/MacOSX.platform/Developer/Library/Frameworks -c -j16 -enable-batch-mode -incremental -Xcc -ivfsstatcache -Xcc /Users/rogerlin/Library/Developer/Xcode/DerivedData/SDKStatCaches.noindex/macosx26.1-25B74-3ae1261907bdadc328169391a47051a6.sdkstatcache -output-file-map /Users/rogerlin/Library/Developer/Xcode/DerivedData/FinancialCalculatorKit-ackorybalcxbfocbkqsfdzcfkgmn/Build/Intermediates.noindex/HTMLEntities.build/Debug/HTMLEntities.build/Objects-normal/arm64/HTMLEntities-OutputFileMap.json -use-frontend-parseable-output -save-temps -no-color-diagnostics -explicit-module-build -module-cache-path /Users/rogerlin/Library/Developer/Xcode/DerivedData/FinancialCalculatorKit-ackorybalcxbfocbkqsfdzcfkgmn/Build/Intermediates.noindex/SwiftExplicitPrecompiledModules -clang-scanner-module-cache-path /Users/rogerlin/Library/Developer/Xcode/DerivedData/ModuleCache.noindex -sdk-module-cache-path /Users/rogerlin/Library/Developer/Xcode/DerivedData/ModuleCache.noindex -serialize-diagnostics -emit-dependencies -emit-module -emit-module-path /Users/rogerlin/Library/Developer/Xcode/DerivedData/FinancialCalculatorKit-ackorybalcxbfocbkqsfdzcfkgmn/Build/Intermediates.noindex/HTMLEntities.build/Debug/HTMLEntities.build/Objects-normal/arm64/HTMLEntities.swiftmodule -validate-clang-modules-once -clang-build-session-file /Users/rogerlin/Library/Developer/Xcode/DerivedData/ModuleCache.noindex/Session.modulevalidation -Xcc -I/Users/rogerlin/Library/Developer/Xcode/DerivedData/FinancialCalculatorKit-ackorybalcxbfocbkqsfdzcfkgmn/Build/Intermediates.noindex/HTMLEntities.build/Debug/HTMLEntities.build/swift-overrides.hmap -emit-const-values -Xfrontend -const-gather-protocols-file -Xfrontend /Users/rogerlin/Library/Developer/Xcode/DerivedData/FinancialCalculatorKit-ackorybalcxbfocbkqsfdzcfkgmn/Build/Intermediates.noindex/HTMLEntities.build/Debug/HTMLEntities.build/Objects-normal/arm64/HTMLEntities_const_extract_protocols.json -Xcc -I/Users/rogerlin/Library/Developer/Xcode/DerivedData/FinancialCalculatorKit-ackorybalcxbfocbkqsfdzcfkgmn/Build/Products/Debug/include -Xcc -I/Users/rogerlin/Library/Developer/Xcode/DerivedData/FinancialCalculatorKit-ackorybalcxbfocbkqsfdzcfkgmn/Build/Intermediates.noindex/HTMLEntities.build/Debug/HTMLEntities.build/DerivedSources-normal/arm64 -Xcc -I/Users/rogerlin/Library/Developer/Xcode/DerivedData/FinancialCalculatorKit-ackorybalcxbfocbkqsfdzcfkgmn/Build/Intermediates.noindex/HTMLEntities.build/Debug/HTMLEntities.build/DerivedSources/arm64 -Xcc -I/Users/rogerlin/Library/Developer/Xcode/DerivedData/FinancialCalculatorKit-ackorybalcxbfocbkqsfdzcfkgmn/Build/Intermediates.noindex/HTMLEntities.build/Debug/HTMLEntities.build/DerivedSources -Xcc -DSWIFT_PACKAGE -Xcc -DDEBUG\=1 -emit-objc-header -emit-objc-header-path /Users/rogerlin/Library/Developer/Xcode/DerivedData/FinancialCalculatorKit-ackorybalcxbfocbkqsfdzcfkgmn/Build/Intermediates.noindex/HTMLEntities.build/Debug/HTMLEntities.build/Objects-normal/arm64/HTMLEntities-Swift.h -working-directory /Users/rogerlin/XCode-Projects/FinancialCalculatorKit-5.0-updated-accent-colors/FinancialCalculatorKit.xcodeproj -experimental-emit-module-separately -disable-cmo

    Task input dependencies:

    Task output dependencies:
note: Swift Driver planned jobs for target HTMLEntities (arm64-normal):
	Explicit Modules:

	Compilation Requirements:
		<PlannedSwiftDriverJob [target(0)]:EmitModule HTMLEntities dependencies=[]>
	Compilation:
		<PlannedSwiftDriverJob [target(1)]:Compile HTMLEntities Constants.swift dependencies=[]>
		<PlannedSwiftDriverJob [target(2)]:Compile HTMLEntities ParseError.swift dependencies=[]>
		<PlannedSwiftDriverJob [target(3)]:Compile HTMLEntities String+HTMLEntities.swift dependencies=[]>
		<PlannedSwiftDriverJob [target(4)]:Compile HTMLEntities Utilities.swift dependencies=[]>
	After Compilation:

	Verification:
 (in target 'HTMLEntities' from project 'HTMLEntities')

SwiftDriver BigInt normal arm64 com.apple.xcode.tools.swift.compiler (in target 'BigInt' from project 'BigInt')
    cd /Users/rogerlin/XCode-Projects/FinancialCalculatorKit-5.0-updated-accent-colors/FinancialCalculatorKit.xcodeproj
    builtin-SwiftDriver -- /Applications/Xcode.app/Contents/Developer/Toolchains/XcodeDefault.xctoolchain/usr/bin/swiftc -module-name BigInt -Onone -enforce-exclusivity\=checked @/Users/rogerlin/Library/Developer/Xcode/DerivedData/FinancialCalculatorKit-ackorybalcxbfocbkqsfdzcfkgmn/Build/Intermediates.noindex/BigInt.build/Debug/BigInt.build/Objects-normal/arm64/BigInt.SwiftFileList -DSWIFT_PACKAGE -DDEBUG -DSWIFT_MODULE_RESOURCE_BUNDLE_UNAVAILABLE -DXcode -plugin-path /Applications/Xcode.app/Contents/Developer/Toolchains/XcodeDefault.xctoolchain/usr/lib/swift/host/plugins/testing -enable-experimental-feature DebugDescriptionMacro -sdk /Applications/Xcode.app/Contents/Developer/Platforms/MacOSX.platform/Developer/SDKs/MacOSX26.1.sdk -target arm64-apple-macos13.3 -g -module-cache-path /Users/rogerlin/Library/Developer/Xcode/DerivedData/ModuleCache.noindex -Xfrontend -serialize-debugging-options -profile-coverage-mapping -profile-generate -enable-testing -suppress-warnings -index-store-path /Users/rogerlin/Library/Developer/Xcode/DerivedData/FinancialCalculatorKit-ackorybalcxbfocbkqsfdzcfkgmn/Index.noindex/DataStore -Xcc -D_LIBCPP_HARDENING_MODE\=_LIBCPP_HARDENING_MODE_DEBUG -swift-version 5 -I /Users/rogerlin/Library/Developer/Xcode/DerivedData/FinancialCalculatorKit-ackorybalcxbfocbkqsfdzcfkgmn/Build/Products/Debug -Isystem /Applications/Xcode.app/Contents/Developer/Platforms/MacOSX.platform/Developer/usr/lib -F /Users/rogerlin/Library/Developer/Xcode/DerivedData/FinancialCalculatorKit-ackorybalcxbfocbkqsfdzcfkgmn/Build/Products/Debug -F /Applications/Xcode.app/Contents/Developer/Platforms/MacOSX.platform/Developer/Library/Frameworks -c -j16 -enable-batch-mode -incremental -Xcc -ivfsstatcache -Xcc /Users/rogerlin/Library/Developer/Xcode/DerivedData/SDKStatCaches.noindex/macosx26.1-25B74-3ae1261907bdadc328169391a47051a6.sdkstatcache -output-file-map /Users/rogerlin/Library/Developer/Xcode/DerivedData/FinancialCalculatorKit-ackorybalcxbfocbkqsfdzcfkgmn/Build/Intermediates.noindex/BigInt.build/Debug/BigInt.build/Objects-normal/arm64/BigInt-OutputFileMap.json -use-frontend-parseable-output -save-temps -no-color-diagnostics -explicit-module-build -module-cache-path /Users/rogerlin/Library/Developer/Xcode/DerivedData/FinancialCalculatorKit-ackorybalcxbfocbkqsfdzcfkgmn/Build/Intermediates.noindex/SwiftExplicitPrecompiledModules -clang-scanner-module-cache-path /Users/rogerlin/Library/Developer/Xcode/DerivedData/ModuleCache.noindex -sdk-module-cache-path /Users/rogerlin/Library/Developer/Xcode/DerivedData/ModuleCache.noindex -serialize-diagnostics -emit-dependencies -emit-module -emit-module-path /Users/rogerlin/Library/Developer/Xcode/DerivedData/FinancialCalculatorKit-ackorybalcxbfocbkqsfdzcfkgmn/Build/Intermediates.noindex/BigInt.build/Debug/BigInt.build/Objects-normal/arm64/BigInt.swiftmodule -validate-clang-modules-once -clang-build-session-file /Users/rogerlin/Library/Developer/Xcode/DerivedData/ModuleCache.noindex/Session.modulevalidation -package-name bigint -Xcc -I/Users/rogerlin/Library/Developer/Xcode/DerivedData/FinancialCalculatorKit-ackorybalcxbfocbkqsfdzcfkgmn/Build/Intermediates.noindex/BigInt.build/Debug/BigInt.build/swift-overrides.hmap -emit-const-values -Xfrontend -const-gather-protocols-file -Xfrontend /Users/rogerlin/Library/Developer/Xcode/DerivedData/FinancialCalculatorKit-ackorybalcxbfocbkqsfdzcfkgmn/Build/Intermediates.noindex/BigInt.build/Debug/BigInt.build/Objects-normal/arm64/BigInt_const_extract_protocols.json -Xcc -I/Users/rogerlin/Library/Developer/Xcode/DerivedData/FinancialCalculatorKit-ackorybalcxbfocbkqsfdzcfkgmn/Build/Products/Debug/include -Xcc -I/Users/rogerlin/Library/Developer/Xcode/DerivedData/FinancialCalculatorKit-ackorybalcxbfocbkqsfdzcfkgmn/Build/Intermediates.noindex/BigInt.build/Debug/BigInt.build/DerivedSources-normal/arm64 -Xcc -I/Users/rogerlin/Library/Developer/Xcode/DerivedData/FinancialCalculatorKit-ackorybalcxbfocbkqsfdzcfkgmn/Build/Intermediates.noindex/BigInt.build/Debug/BigInt.build/DerivedSources/arm64 -Xcc -I/Users/rogerlin/Library/Developer/Xcode/DerivedData/FinancialCalculatorKit-ackorybalcxbfocbkqsfdzcfkgmn/Build/Intermediates.noindex/BigInt.build/Debug/BigInt.build/DerivedSources -Xcc -DSWIFT_PACKAGE -Xcc -DDEBUG\=1 -emit-objc-header -emit-objc-header-path /Users/rogerlin/Library/Developer/Xcode/DerivedData/FinancialCalculatorKit-ackorybalcxbfocbkqsfdzcfkgmn/Build/Intermediates.noindex/BigInt.build/Debug/BigInt.build/Objects-normal/arm64/BigInt-Swift.h -working-directory /Users/rogerlin/XCode-Projects/FinancialCalculatorKit-5.0-updated-accent-colors/FinancialCalculatorKit.xcodeproj -experimental-emit-module-separately -disable-cmo

    Task input dependencies:

    Task output dependencies:
note: Swift Driver planned jobs for target BigInt (arm64-normal):
	Explicit Modules:

	Compilation Requirements:
		<PlannedSwiftDriverJob [target(0)]:EmitModule BigInt dependencies=[]>
	Compilation:
		<PlannedSwiftDriverJob [target(1)]:Compile BigInt BigFrac.swift dependencies=[]>
		<PlannedSwiftDriverJob [target(2)]:Compile BigInt BigInt-Extensions.swift dependencies=[]>
		<PlannedSwiftDriverJob [target(3)]:Compile BigInt BigInt.swift dependencies=[]>
		<PlannedSwiftDriverJob [target(4)]:Compile BigInt BitSieve.swift dependencies=[]>
		<PlannedSwiftDriverJob [target(5)]:Compile BigInt BurnikelZiegler.swift dependencies=[]>
		<PlannedSwiftDriverJob [target(6)]:Compile BigInt CRT.swift dependencies=[]>
		<PlannedSwiftDriverJob [target(7)]:Compile BigInt ExpMod.swift dependencies=[]>
		<PlannedSwiftDriverJob [target(8)]:Compile BigInt FFT.swift dependencies=[]>
		<PlannedSwiftDriverJob [target(9)]:Compile BigInt Factorial.swift dependencies=[]>
		<PlannedSwiftDriverJob [target(10)]:Compile BigInt GCD.swift dependencies=[]>
		<PlannedSwiftDriverJob [target(11)]:Compile BigInt Karatsuba.swift dependencies=[]>
		<PlannedSwiftDriverJob [target(12)]:Compile BigInt Limbs.swift dependencies=[]>
		<PlannedSwiftDriverJob [target(13)]:Compile BigInt ToomCook.swift dependencies=[]>
	After Compilation:

	Verification:
 (in target 'BigInt' from project 'BigInt')

SwiftDriver CasePathsMacros normal arm64 com.apple.xcode.tools.swift.compiler (in target 'CasePathsMacros' from project 'swift-case-paths')
    cd /Users/rogerlin/XCode-Projects/FinancialCalculatorKit-5.0-updated-accent-colors/FinancialCalculatorKit.xcodeproj
    builtin-SwiftDriver -- /Applications/Xcode.app/Contents/Developer/Toolchains/XcodeDefault.xctoolchain/usr/bin/swiftc -module-name CasePathsMacros -Onone -enforce-exclusivity\=checked @/Users/rogerlin/Library/Developer/Xcode/DerivedData/FinancialCalculatorKit-ackorybalcxbfocbkqsfdzcfkgmn/Build/Intermediates.noindex/swift-case-paths.build/Debug/CasePathsMacros.build/Objects-normal/arm64/CasePathsMacros.SwiftFileList -DSWIFT_PACKAGE -DDEBUG -DXcode -I/Users/rogerlin/Library/Developer/Xcode/DerivedData/FinancialCalculatorKit-ackorybalcxbfocbkqsfdzcfkgmn/SourcePackages/prebuilts/swift-syntax/601.0.1/swiftlang-6.2.1.4.8-MacroSupport-macos_aarch64/Modules -I/Users/rogerlin/Library/Developer/Xcode/DerivedData/FinancialCalculatorKit-ackorybalcxbfocbkqsfdzcfkgmn/SourcePackages/checkouts/swift-syntax/Sources/_SwiftLibraryPluginProviderCShims/include -I/Users/rogerlin/Library/Developer/Xcode/DerivedData/FinancialCalculatorKit-ackorybalcxbfocbkqsfdzcfkgmn/SourcePackages/checkouts/swift-syntax/Sources/_SwiftSyntaxCShims/include -plugin-path /Applications/Xcode.app/Contents/Developer/Toolchains/XcodeDefault.xctoolchain/usr/lib/swift/host/plugins/testing -enable-experimental-feature DebugDescriptionMacro -sdk /Applications/Xcode.app/Contents/Developer/Platforms/MacOSX.platform/Developer/SDKs/MacOSX26.1.sdk -target arm64-apple-macos10.15 -g -module-cache-path /Users/rogerlin/Library/Developer/Xcode/DerivedData/ModuleCache.noindex -Xfrontend -serialize-debugging-options -profile-coverage-mapping -profile-generate -enable-testing -suppress-warnings -index-store-path /Users/rogerlin/Library/Developer/Xcode/DerivedData/FinancialCalculatorKit-ackorybalcxbfocbkqsfdzcfkgmn/Index.noindex/DataStore -Xcc -D_LIBCPP_HARDENING_MODE\=_LIBCPP_HARDENING_MODE_DEBUG -swift-version 6 -I /Users/rogerlin/Library/Developer/Xcode/DerivedData/FinancialCalculatorKit-ackorybalcxbfocbkqsfdzcfkgmn/Build/Products/Debug -Isystem /Applications/Xcode.app/Contents/Developer/Platforms/MacOSX.platform/Developer/usr/lib -F /Users/rogerlin/Library/Developer/Xcode/DerivedData/FinancialCalculatorKit-ackorybalcxbfocbkqsfdzcfkgmn/Build/Products/Debug -F /Applications/Xcode.app/Contents/Developer/Platforms/MacOSX.platform/Developer/Library/Frameworks -c -j16 -enable-batch-mode -incremental -Xcc -ivfsstatcache -Xcc /Users/rogerlin/Library/Developer/Xcode/DerivedData/SDKStatCaches.noindex/macosx26.1-25B74-3ae1261907bdadc328169391a47051a6.sdkstatcache -output-file-map /Users/rogerlin/Library/Developer/Xcode/DerivedData/FinancialCalculatorKit-ackorybalcxbfocbkqsfdzcfkgmn/Build/Intermediates.noindex/swift-case-paths.build/Debug/CasePathsMacros.build/Objects-normal/arm64/CasePathsMacros-OutputFileMap.json -use-frontend-parseable-output -save-temps -no-color-diagnostics -explicit-module-build -module-cache-path /Users/rogerlin/Library/Developer/Xcode/DerivedData/FinancialCalculatorKit-ackorybalcxbfocbkqsfdzcfkgmn/Build/Intermediates.noindex/SwiftExplicitPrecompiledModules -clang-scanner-module-cache-path /Users/rogerlin/Library/Developer/Xcode/DerivedData/ModuleCache.noindex -sdk-module-cache-path /Users/rogerlin/Library/Developer/Xcode/DerivedData/ModuleCache.noindex -serialize-diagnostics -emit-dependencies -emit-module -emit-module-path /Users/rogerlin/Library/Developer/Xcode/DerivedData/FinancialCalculatorKit-ackorybalcxbfocbkqsfdzcfkgmn/Build/Intermediates.noindex/swift-case-paths.build/Debug/CasePathsMacros.build/Objects-normal/arm64/CasePathsMacros.swiftmodule -user-module-version 1.7.0 -validate-clang-modules-once -clang-build-session-file /Users/rogerlin/Library/Developer/Xcode/DerivedData/ModuleCache.noindex/Session.modulevalidation -package-name swift_case_paths -emit-const-values -Xfrontend -const-gather-protocols-file -Xfrontend /Users/rogerlin/Library/Developer/Xcode/DerivedData/FinancialCalculatorKit-ackorybalcxbfocbkqsfdzcfkgmn/Build/Intermediates.noindex/swift-case-paths.build/Debug/CasePathsMacros.build/Objects-normal/arm64/CasePathsMacros_const_extract_protocols.json -Xcc -I/Users/rogerlin/Library/Developer/Xcode/DerivedData/FinancialCalculatorKit-ackorybalcxbfocbkqsfdzcfkgmn/Build/Products/Debug/include -Xcc -I/Users/rogerlin/Library/Developer/Xcode/DerivedData/FinancialCalculatorKit-ackorybalcxbfocbkqsfdzcfkgmn/Build/Intermediates.noindex/swift-case-paths.build/Debug/CasePathsMacros.build/DerivedSources-normal/arm64 -Xcc -I/Users/rogerlin/Library/Developer/Xcode/DerivedData/FinancialCalculatorKit-ackorybalcxbfocbkqsfdzcfkgmn/Build/Intermediates.noindex/swift-case-paths.build/Debug/CasePathsMacros.build/DerivedSources/arm64 -Xcc -I/Users/rogerlin/Library/Developer/Xcode/DerivedData/FinancialCalculatorKit-ackorybalcxbfocbkqsfdzcfkgmn/Build/Intermediates.noindex/swift-case-paths.build/Debug/CasePathsMacros.build/DerivedSources -Xcc -DSWIFT_PACKAGE -Xcc -DDEBUG\=1 -working-directory /Users/rogerlin/XCode-Projects/FinancialCalculatorKit-5.0-updated-accent-colors/FinancialCalculatorKit.xcodeproj -experimental-emit-module-separately -disable-cmo

    Task input dependencies:

    Task output dependencies:
note: Swift Driver planned jobs for target CasePathsMacros (arm64-normal):
	Explicit Modules:
		<PlannedSwiftDriverJob [explicit(1)]:GeneratePcm _SwiftSyntaxCShims dependencies=[]>
	Compilation Requirements:
		<PlannedSwiftDriverJob [target(0)]:EmitModule CasePathsMacros dependencies=["explicit(1)"]>
	Compilation:
		<PlannedSwiftDriverJob [target(1)]:Compile CasePathsMacros CasePathableMacro.swift dependencies=["explicit(1)"]>
		<PlannedSwiftDriverJob [target(2)]:Compile CasePathsMacros Plugin.swift dependencies=["explicit(1)"]>
	After Compilation:

	Verification:
 (in target 'CasePathsMacros' from project 'swift-case-paths')

CompileC /Users/rogerlin/Library/Developer/Xcode/DerivedData/FinancialCalculatorKit-ackorybalcxbfocbkqsfdzcfkgmn/Build/Intermediates.noindex/swift-numerics.build/Debug/_NumericsShims.build/Objects-normal/arm64/_NumericsShims.o /Users/rogerlin/Library/Developer/Xcode/DerivedData/FinancialCalculatorKit-ackorybalcxbfocbkqsfdzcfkgmn/SourcePackages/checkouts/swift-numerics/Sources/_NumericsShims/_NumericsShims.c normal arm64 c com.apple.compilers.llvm.clang.1_0.compiler (in target '_NumericsShims' from project 'swift-numerics')
    cd /Users/rogerlin/XCode-Projects/FinancialCalculatorKit-5.0-updated-accent-colors/FinancialCalculatorKit.xcodeproj
    
    Using response file: /Users/rogerlin/Library/Developer/Xcode/DerivedData/FinancialCalculatorKit-ackorybalcxbfocbkqsfdzcfkgmn/Build/Intermediates.noindex/swift-numerics.build/Debug/_NumericsShims.build/Objects-normal/arm64/7187679823f38a2a940e0043cdf9d637-common-args.resp
    
    /Applications/Xcode.app/Contents/Developer/Toolchains/XcodeDefault.xctoolchain/usr/bin/clang -x c -ivfsstatcache /Users/rogerlin/Library/Developer/Xcode/DerivedData/SDKStatCaches.noindex/macosx26.1-25B74-3ae1261907bdadc328169391a47051a6.sdkstatcache -fmessage-length\=0 -fdiagnostics-show-note-include-stack -fmacro-backtrace-limit\=0 -fno-color-diagnostics -fmodules-prune-interval\=86400 -fmodules-prune-after\=345600 -fbuild-session-file\=/Users/rogerlin/Library/Developer/Xcode/DerivedData/ModuleCache.noindex/Session.modulevalidation -fmodules-validate-once-per-build-session -Wnon-modular-include-in-framework-module -Werror\=non-modular-include-in-framework-module -Wno-trigraphs -Wno-missing-field-initializers -Wno-missing-prototypes -Wno-return-type -Wno-missing-braces -Wparentheses -Wswitch -Wno-unused-function -Wno-unused-label -Wno-unused-parameter -Wno-unused-variable -Wunused-value -Wno-empty-body -Wno-uninitialized -Wno-unknown-pragmas -w -Wno-shadow -Wno-four-char-constants -Wno-conversion -Wno-constant-conversion -Wno-int-conversion -Wno-bool-conversion -Wno-enum-conversion -Wno-float-conversion -Wno-non-literal-null-conversion -Wno-objc-literal-conversion -Wshorten-64-to-32 -Wpointer-sign -Wno-newline-eof -Wno-implicit-fallthrough -fstrict-aliasing -Wdeprecated-declarations -Wno-sign-conversion -Wno-infinite-recursion -Wno-comma -Wno-block-capture-autoreleasing -Wno-strict-prototypes -Wno-semicolon-before-method-body -index-store-path /Users/rogerlin/Library/Developer/Xcode/DerivedData/FinancialCalculatorKit-ackorybalcxbfocbkqsfdzcfkgmn/Index.noindex/DataStore @/Users/rogerlin/Library/Developer/Xcode/DerivedData/FinancialCalculatorKit-ackorybalcxbfocbkqsfdzcfkgmn/Build/Intermediates.noindex/swift-numerics.build/Debug/_NumericsShims.build/Objects-normal/arm64/7187679823f38a2a940e0043cdf9d637-common-args.resp -MMD -MT dependencies -MF /Users/rogerlin/Library/Developer/Xcode/DerivedData/FinancialCalculatorKit-ackorybalcxbfocbkqsfdzcfkgmn/Build/Intermediates.noindex/swift-numerics.build/Debug/_NumericsShims.build/Objects-normal/arm64/_NumericsShims.d --serialize-diagnostics /Users/rogerlin/Library/Developer/Xcode/DerivedData/FinancialCalculatorKit-ackorybalcxbfocbkqsfdzcfkgmn/Build/Intermediates.noindex/swift-numerics.build/Debug/_NumericsShims.build/Objects-normal/arm64/_NumericsShims.dia -c /Users/rogerlin/Library/Developer/Xcode/DerivedData/FinancialCalculatorKit-ackorybalcxbfocbkqsfdzcfkgmn/SourcePackages/checkouts/swift-numerics/Sources/_NumericsShims/_NumericsShims.c -o /Users/rogerlin/Library/Developer/Xcode/DerivedData/FinancialCalculatorKit-ackorybalcxbfocbkqsfdzcfkgmn/Build/Intermediates.noindex/swift-numerics.build/Debug/_NumericsShims.build/Objects-normal/arm64/_NumericsShims.o -index-unit-output-path /swift-numerics.build/Debug/_NumericsShims.build/Objects-normal/arm64/_NumericsShims.o

    Task input dependencies:
        /Users/rogerlin/Library/Developer/Xcode/DerivedData/FinancialCalculatorKit-ackorybalcxbfocbkqsfdzcfkgmn/Build/Intermediates.noindex/swift-numerics.build/Debug/_NumericsShims.build/Objects-normal/arm64/7187679823f38a2a940e0043cdf9d637-common-args.resp
        /Users/rogerlin/Library/Developer/Xcode/DerivedData/FinancialCalculatorKit-ackorybalcxbfocbkqsfdzcfkgmn/SourcePackages/checkouts/swift-numerics/Sources/_NumericsShims/_NumericsShims.c
        /Users/rogerlin/Library/Developer/Xcode/DerivedData/FinancialCalculatorKit-ackorybalcxbfocbkqsfdzcfkgmn/Build/Intermediates.noindex/swift-numerics.build/Debug/_NumericsShims.build/Objects-normal/arm64/_NumericsShims.o.scan
        /Users/rogerlin/Library/Developer/Xcode/DerivedData/FinancialCalculatorKit-ackorybalcxbfocbkqsfdzcfkgmn/Build/Intermediates.noindex/swift-numerics.build/Debug/_NumericsShims.build/Objects-normal/arm64/7187679823f38a2a940e0043cdf9d637-common-args.resp
        /Users/rogerlin/Library/Developer/Xcode/DerivedData/FinancialCalculatorKit-ackorybalcxbfocbkqsfdzcfkgmn/SourcePackages/checkouts/swift-numerics/Sources/_NumericsShims/_NumericsShims.c
        <ClangStatCache /Users/rogerlin/Library/Developer/Xcode/DerivedData/SDKStatCaches.noindex/macosx26.1-25B74-3ae1261907bdadc328169391a47051a6.sdkstatcache>
        /Users/rogerlin/Library/Developer/Xcode/DerivedData/FinancialCalculatorKit-ackorybalcxbfocbkqsfdzcfkgmn/Build/Intermediates.noindex/swift-numerics.build/Debug/_NumericsShims.build/Objects-normal/arm64/_NumericsShims.o.scan
        <target-_NumericsShims-PACKAGE-TARGET:_NumericsShims-SDKROOT:macosx:SDK_VARIANT:macos-generated-headers>
        <target-_NumericsShims-PACKAGE-TARGET:_NumericsShims-SDKROOT:macosx:SDK_VARIANT:macos-swift-generated-headers>
        <target-_NumericsShims-PACKAGE-TARGET:_NumericsShims-SDKROOT:macosx:SDK_VARIANT:macos-ModuleVerifierTaskProducer>
        <target-_NumericsShims-PACKAGE-TARGET:_NumericsShims-SDKROOT:macosx:SDK_VARIANT:macos-begin-compiling>
        <WorkspaceHeaderMapVFSFilesWritten>

    Task output dependencies:
        /Users/rogerlin/Library/Developer/Xcode/DerivedData/FinancialCalculatorKit-ackorybalcxbfocbkqsfdzcfkgmn/Build/Intermediates.noindex/swift-numerics.build/Debug/_NumericsShims.build/Objects-normal/arm64/_NumericsShims.o
note: Using in-process compilation task. (in target '_NumericsShims' from project 'swift-numerics')
/Applications/Xcode.app/Contents/Developer/Toolchains/XcodeDefault.xctoolchain/usr/bin/clang -cc1 -Wundef-prefix\=TARGET_OS_ -fdiagnostics-show-note-include-stack -fmacro-backtrace-limit\=0 -w -ferror-limit 19 -serialize-diagnostic-file /Users/rogerlin/Library/Developer/Xcode/DerivedData/FinancialCalculatorKit-ackorybalcxbfocbkqsfdzcfkgmn/Build/Intermediates.noindex/swift-numerics.build/Debug/_NumericsShims.build/Objects-normal/arm64/_NumericsShims.dia -Wdeprecated-objc-isa-usage -Werror\=deprecated-objc-isa-usage -Werror\=implicit-function-declaration -Wnon-modular-include-in-framework-module -Werror\=non-modular-include-in-framework-module -Wno-trigraphs -Wno-missing-field-initializers -Wno-missing-prototypes -Wno-return-type -Wno-missing-braces -Wparentheses -Wswitch -Wno-unused-function -Wno-unused-label -Wno-unused-parameter -Wno-unused-variable -Wunused-value -Wno-empty-body -Wno-uninitialized -Wno-unknown-pragmas -Wno-shadow -Wno-four-char-constants -Wno-conversion -Wno-constant-conversion -Wno-int-conversion -Wno-bool-conversion -Wno-enum-conversion -Wno-float-conversion -Wno-non-literal-null-conversion -Wno-objc-literal-conversion -Wshorten-64-to-32 -Wpointer-sign -Wno-newline-eof -Wno-implicit-fallthrough -Wdeprecated-declarations -Wno-sign-conversion -Wno-infinite-recursion -Wno-comma -Wno-block-capture-autoreleasing -Wno-strict-prototypes -Wno-semicolon-before-method-body -Wno-reorder-init-list -Wno-implicit-int-float-conversion -Wno-c99-designator -Wno-final-dtor-non-final-class -Wno-extra-semi-stmt -Wno-misleading-indentation -Wno-quoted-include-in-framework-header -Wno-implicit-fallthrough -Wno-enum-enum-conversion -Wno-enum-float-conversion -Wno-elaborated-enum-base -index-store-path /Users/rogerlin/Library/Developer/Xcode/DerivedData/FinancialCalculatorKit-ackorybalcxbfocbkqsfdzcfkgmn/Index.noindex/DataStore -index-unit-output-path /swift-numerics.build/Debug/_NumericsShims.build/Objects-normal/arm64/_NumericsShims.o -fmodule-map-file\=/Users/rogerlin/Library/Developer/Xcode/DerivedData/FinancialCalculatorKit-ackorybalcxbfocbkqsfdzcfkgmn/SourcePackages/checkouts/swift-numerics/Sources/_NumericsShims/include/module.modulemap -o /Users/rogerlin/Library/Developer/Xcode/DerivedData/FinancialCalculatorKit-ackorybalcxbfocbkqsfdzcfkgmn/Build/Intermediates.noindex/swift-numerics.build/Debug/_NumericsShims.build/Objects-normal/arm64/_NumericsShims.o -disable-free -emit-obj -x c /Users/rogerlin/Library/Developer/Xcode/DerivedData/FinancialCalculatorKit-ackorybalcxbfocbkqsfdzcfkgmn/SourcePackages/checkouts/swift-numerics/Sources/_NumericsShims/_NumericsShims.c -target-abi darwinpcs -target-cpu apple-m1 -target-feature +zcm -target-feature +zcz -target-feature +v8.5a -target-feature +aes -target-feature +altnzcv -target-feature +ccdp -target-feature +complxnum -target-feature +crc -target-feature +dotprod -target-feature +fp-armv8 -target-feature +fp16fml -target-feature +fptoint -target-feature +fullfp16 -target-feature +jsconv -target-feature +lse -target-feature +neon -target-feature +pauth -target-feature +perfmon -target-feature +predres -target-feature +ras -target-feature +rcpc -target-feature +rdm -target-feature +sb -target-feature +sha2 -target-feature +sha3 -target-feature +specrestrict -target-feature +ssbs -triple arm64-apple-macosx10.13.0 -target-linker-version 1230.1 -target-sdk-version\=26.1 -fmodules-validate-system-headers -fno-modulemap-allow-subdirectory-search -isysroot /Applications/Xcode.app/Contents/Developer/Platforms/MacOSX.platform/Developer/SDKs/MacOSX26.1.sdk -resource-dir /Applications/Xcode.app/Contents/Developer/Toolchains/XcodeDefault.xctoolchain/usr/lib/clang/17 -fmodule-format\=obj -I /Users/rogerlin/Library/Developer/Xcode/DerivedData/FinancialCalculatorKit-ackorybalcxbfocbkqsfdzcfkgmn/Build/Products/Debug/include -I /Users/rogerlin/Library/Developer/Xcode/DerivedData/FinancialCalculatorKit-ackorybalcxbfocbkqsfdzcfkgmn/SourcePackages/checkouts/swift-numerics/Sources/_NumericsShims/include -I /Users/rogerlin/Library/Developer/Xcode/DerivedData/FinancialCalculatorKit-ackorybalcxbfocbkqsfdzcfkgmn/Build/Intermediates.noindex/swift-numerics.build/Debug/_NumericsShims.build/DerivedSources-normal/arm64 -I /Users/rogerlin/Library/Developer/Xcode/DerivedData/FinancialCalculatorKit-ackorybalcxbfocbkqsfdzcfkgmn/Build/Intermediates.noindex/swift-numerics.build/Debug/_NumericsShims.build/DerivedSources/arm64 -I /Users/rogerlin/Library/Developer/Xcode/DerivedData/FinancialCalculatorKit-ackorybalcxbfocbkqsfdzcfkgmn/Build/Intermediates.noindex/swift-numerics.build/Debug/_NumericsShims.build/DerivedSources -F /Users/rogerlin/Library/Developer/Xcode/DerivedData/FinancialCalculatorKit-ackorybalcxbfocbkqsfdzcfkgmn/Build/Products/Debug -iframework /Applications/Xcode.app/Contents/Developer/Platforms/MacOSX.platform/Developer/Library/Frameworks -internal-isystem /Applications/Xcode.app/Contents/Developer/Platforms/MacOSX.platform/Developer/SDKs/MacOSX26.1.sdk/usr/local/include -internal-isystem /Applications/Xcode.app/Contents/Developer/Toolchains/XcodeDefault.xctoolchain/usr/lib/clang/17/include -internal-externc-isystem /Applications/Xcode.app/Contents/Developer/Platforms/MacOSX.platform/Developer/SDKs/MacOSX26.1.sdk/usr/include -internal-externc-isystem /Applications/Xcode.app/Contents/Developer/Toolchains/XcodeDefault.xctoolchain/usr/include -internal-iframework /Applications/Xcode.app/Contents/Developer/Platforms/MacOSX.platform/Developer/SDKs/MacOSX26.1.sdk/System/Library/Frameworks -internal-iframework /Applications/Xcode.app/Contents/Developer/Platforms/MacOSX.platform/Developer/SDKs/MacOSX26.1.sdk/System/Library/SubFrameworks -internal-iframework /Applications/Xcode.app/Contents/Developer/Platforms/MacOSX.platform/Developer/SDKs/MacOSX26.1.sdk/Library/Frameworks -ivfsstatcache /Users/rogerlin/Library/Developer/Xcode/DerivedData/SDKStatCaches.noindex/macosx26.1-25B74-3ae1261907bdadc328169391a47051a6.sdkstatcache -std\=gnu17 -fskip-odr-check-in-gmf -fmodules -fmodule-name\=_NumericsShims -fno-implicit-modules -fmax-type-align\=16 -fpascal-strings -fstack-check -fvisibility-inlines-hidden-static-local-var -mdarwin-stkchk-strong-link -fno-odr-hash-protocols -pic-level 2 -fencode-extended-block-signature -stack-protector 1 -fgnuc-version\=4.2.1 -fblocks -ffp-contract\=on -fclang-abi-compat\=4.0 -fno-experimental-relative-c++-abi-vtables -fno-file-reproducible -clang-vendor-feature\=+disableNonDependentMemberExprInCurrentInstantiation -clang-vendor-feature\=+enableAggressiveVLAFolding -clang-vendor-feature\=+revert09abecef7bbf -clang-vendor-feature\=+thisNoAlignAttr -clang-vendor-feature\=+thisNoNullAttr -clang-vendor-feature\=+disableAtImportPrivateFrameworkInImplementationError -O0 -fno-assume-unique-vtables -fdebug-compilation-dir\=/Users/rogerlin/XCode-Projects/FinancialCalculatorKit-5.0-updated-accent-colors/FinancialCalculatorKit.xcodeproj -fcoverage-compilation-dir\=/Users/rogerlin/XCode-Projects/FinancialCalculatorKit-5.0-updated-accent-colors/FinancialCalculatorKit.xcodeproj -fcoverage-mapping -fcommon -fobjc-msgsend-selector-stubs -fregister-global-dtors-with-atexit -fno-strict-return -dwarf-version\=4 -debugger-tuning\=lldb -disable-llvm-verifier -dwarf-ext-refs -funwind-tables\=1 -fprofile-instrument\=clang -clear-ast-before-backend -discard-value-names -main-file-name _NumericsShims.c -mframe-pointer\=non-leaf -debug-info-kind\=standalone -fdiagnostics-hotness-threshold\=0 -fdiagnostics-misexpect-tolerance\=0 -D DEBUG\=1 -D SWIFT_PACKAGE -D Xcode -D __GCC_HAVE_DWARF2_CFI_ASM\=1 -fdefine-target-os-macros -MT dependencies -dependency-file /Users/rogerlin/Library/Developer/Xcode/DerivedData/FinancialCalculatorKit-ackorybalcxbfocbkqsfdzcfkgmn/Build/Intermediates.noindex/swift-numerics.build/Debug/_NumericsShims.build/Objects-normal/arm64/_NumericsShims.d -skip-unused-modulemap-deps

Ld /Users/rogerlin/Library/Developer/Xcode/DerivedData/FinancialCalculatorKit-ackorybalcxbfocbkqsfdzcfkgmn/Build/Products/Debug/_NumericsShims.o normal (in target '_NumericsShims' from project 'swift-numerics')
    cd /Users/rogerlin/Library/Developer/Xcode/DerivedData/FinancialCalculatorKit-ackorybalcxbfocbkqsfdzcfkgmn/SourcePackages/checkouts/swift-numerics
    /Applications/Xcode.app/Contents/Developer/Toolchains/XcodeDefault.xctoolchain/usr/bin/clang -Xlinker -reproducible -target arm64-apple-macos10.13 -r -isysroot /Applications/Xcode.app/Contents/Developer/Platforms/MacOSX.platform/Developer/SDKs/MacOSX26.1.sdk -O0 -w -L/Users/rogerlin/Library/Developer/Xcode/DerivedData/FinancialCalculatorKit-ackorybalcxbfocbkqsfdzcfkgmn/Build/Intermediates.noindex/EagerLinkingTBDs/Debug -L/Users/rogerlin/Library/Developer/Xcode/DerivedData/FinancialCalculatorKit-ackorybalcxbfocbkqsfdzcfkgmn/Build/Products/Debug -L/Applications/Xcode.app/Contents/Developer/Platforms/MacOSX.platform/Developer/usr/lib -F/Users/rogerlin/Library/Developer/Xcode/DerivedData/FinancialCalculatorKit-ackorybalcxbfocbkqsfdzcfkgmn/Build/Intermediates.noindex/EagerLinkingTBDs/Debug -F/Users/rogerlin/Library/Developer/Xcode/DerivedData/FinancialCalculatorKit-ackorybalcxbfocbkqsfdzcfkgmn/Build/Products/Debug -iframework /Applications/Xcode.app/Contents/Developer/Platforms/MacOSX.platform/Developer/Library/Frameworks -filelist /Users/rogerlin/Library/Developer/Xcode/DerivedData/FinancialCalculatorKit-ackorybalcxbfocbkqsfdzcfkgmn/Build/Intermediates.noindex/swift-numerics.build/Debug/_NumericsShims.build/Objects-normal/arm64/_NumericsShims.LinkFileList -nostdlib -Xlinker -object_path_lto -Xlinker /Users/rogerlin/Library/Developer/Xcode/DerivedData/FinancialCalculatorKit-ackorybalcxbfocbkqsfdzcfkgmn/Build/Intermediates.noindex/swift-numerics.build/Debug/_NumericsShims.build/Objects-normal/arm64/_NumericsShims_lto.o -rdynamic -Xlinker -no_deduplicate -Xlinker -debug_variant -Xlinker -dependency_info -Xlinker /Users/rogerlin/Library/Developer/Xcode/DerivedData/FinancialCalculatorKit-ackorybalcxbfocbkqsfdzcfkgmn/Build/Intermediates.noindex/swift-numerics.build/Debug/_NumericsShims.build/Objects-normal/arm64/_NumericsShims_dependency_info.dat -o /Users/rogerlin/Library/Developer/Xcode/DerivedData/FinancialCalculatorKit-ackorybalcxbfocbkqsfdzcfkgmn/Build/Products/Debug/_NumericsShims.o

    Task input dependencies:
        /Users/rogerlin/Library/Developer/Xcode/DerivedData/FinancialCalculatorKit-ackorybalcxbfocbkqsfdzcfkgmn/Build/Intermediates.noindex/swift-numerics.build/Debug/_NumericsShims.build/Objects-normal/arm64/_NumericsShims.o
        /Users/rogerlin/Library/Developer/Xcode/DerivedData/FinancialCalculatorKit-ackorybalcxbfocbkqsfdzcfkgmn/Build/Intermediates.noindex/swift-numerics.build/Debug/_NumericsShims.build/Objects-normal/arm64/_NumericsShims.LinkFileList
        /Users/rogerlin/Library/Developer/Xcode/DerivedData/FinancialCalculatorKit-ackorybalcxbfocbkqsfdzcfkgmn/Build/Products/Debug

    Task output dependencies:
        /Users/rogerlin/Library/Developer/Xcode/DerivedData/FinancialCalculatorKit-ackorybalcxbfocbkqsfdzcfkgmn/Build/Products/Debug/_NumericsShims.o
        /Users/rogerlin/Library/Developer/Xcode/DerivedData/FinancialCalculatorKit-ackorybalcxbfocbkqsfdzcfkgmn/Build/Intermediates.noindex/swift-numerics.build/Debug/_NumericsShims.build/Objects-normal/arm64/_NumericsShims_lto.o
        /Users/rogerlin/Library/Developer/Xcode/DerivedData/FinancialCalculatorKit-ackorybalcxbfocbkqsfdzcfkgmn/Build/Intermediates.noindex/swift-numerics.build/Debug/_NumericsShims.build/Objects-normal/arm64/_NumericsShims_dependency_info.dat

RegisterExecutionPolicyException /Users/rogerlin/Library/Developer/Xcode/DerivedData/FinancialCalculatorKit-ackorybalcxbfocbkqsfdzcfkgmn/Build/Products/Debug/_NumericsShims.o (in target '_NumericsShims' from project 'swift-numerics')
    cd /Users/rogerlin/Library/Developer/Xcode/DerivedData/FinancialCalculatorKit-ackorybalcxbfocbkqsfdzcfkgmn/SourcePackages/checkouts/swift-numerics
    builtin-RegisterExecutionPolicyException /Users/rogerlin/Library/Developer/Xcode/DerivedData/FinancialCalculatorKit-ackorybalcxbfocbkqsfdzcfkgmn/Build/Products/Debug/_NumericsShims.o

    Task input dependencies:
        /Users/rogerlin/Library/Developer/Xcode/DerivedData/FinancialCalculatorKit-ackorybalcxbfocbkqsfdzcfkgmn/Build/Products/Debug/_NumericsShims.o

    Task output dependencies:

SwiftCompile normal arm64 Compiling\ Int128.swift /Users/rogerlin/Library/Developer/Xcode/DerivedData/FinancialCalculatorKit-ackorybalcxbfocbkqsfdzcfkgmn/SourcePackages/checkouts/UInt128/Sources/UInt128/Int128.swift (in target 'UInt128' from project 'UInt128')
/Applications/Xcode.app/Contents/Developer/Toolchains/XcodeDefault.xctoolchain/usr/bin/swift-frontend -frontend -c /Users/rogerlin/Library/Developer/Xcode/DerivedData/FinancialCalculatorKit-ackorybalcxbfocbkqsfdzcfkgmn/SourcePackages/checkouts/UInt128/Sources/UInt128/Common.swift -primary-file /Users/rogerlin/Library/Developer/Xcode/DerivedData/FinancialCalculatorKit-ackorybalcxbfocbkqsfdzcfkgmn/SourcePackages/checkouts/UInt128/Sources/UInt128/Int128.swift /Users/rogerlin/Library/Developer/Xcode/DerivedData/FinancialCalculatorKit-ackorybalcxbfocbkqsfdzcfkgmn/SourcePackages/checkouts/UInt128/Sources/UInt128/UInt128.swift -emit-dependencies-path /Users/rogerlin/Library/Developer/Xcode/DerivedData/FinancialCalculatorKit-ackorybalcxbfocbkqsfdzcfkgmn/Build/Intermediates.noindex/UInt128.build/Debug/UInt128.build/Objects-normal/arm64/Int128.d -emit-const-values-path /Users/rogerlin/Library/Developer/Xcode/DerivedData/FinancialCalculatorKit-ackorybalcxbfocbkqsfdzcfkgmn/Build/Intermediates.noindex/UInt128.build/Debug/UInt128.build/Objects-normal/arm64/Int128.swiftconstvalues -emit-reference-dependencies-path /Users/rogerlin/Library/Developer/Xcode/DerivedData/FinancialCalculatorKit-ackorybalcxbfocbkqsfdzcfkgmn/Build/Intermediates.noindex/UInt128.build/Debug/UInt128.build/Objects-normal/arm64/Int128.swiftdeps -serialize-diagnostics-path /Users/rogerlin/Library/Developer/Xcode/DerivedData/FinancialCalculatorKit-ackorybalcxbfocbkqsfdzcfkgmn/Build/Intermediates.noindex/UInt128.build/Debug/UInt128.build/Objects-normal/arm64/Int128.dia -target arm64-apple-macos13.3 -load-resolved-plugin /Applications/Xcode.app/Contents/Developer/Platforms/MacOSX.platform/Developer/usr/lib/swift/host/plugins/libSwiftMacros.dylib\#/Applications/Xcode.app/Contents/Developer/Platforms/MacOSX.platform/Developer/usr/bin/swift-plugin-server\#SwiftMacros -disable-implicit-swift-modules -Xcc -fno-implicit-modules -Xcc -fno-implicit-module-maps -explicit-swift-module-map-file /Users/rogerlin/Library/Developer/Xcode/DerivedData/FinancialCalculatorKit-ackorybalcxbfocbkqsfdzcfkgmn/Build/Intermediates.noindex/UInt128.build/Debug/UInt128.build/Objects-normal/arm64/UInt128-dependencies-1.json -Xllvm -aarch64-use-tbi -enable-objc-interop -stack-check -sdk /Applications/Xcode.app/Contents/Developer/Platforms/MacOSX.platform/Developer/SDKs/MacOSX26.1.sdk -I /Users/rogerlin/Library/Developer/Xcode/DerivedData/FinancialCalculatorKit-ackorybalcxbfocbkqsfdzcfkgmn/Build/Products/Debug -Isystem /Applications/Xcode.app/Contents/Developer/Platforms/MacOSX.platform/Developer/usr/lib -F /Users/rogerlin/Library/Developer/Xcode/DerivedData/FinancialCalculatorKit-ackorybalcxbfocbkqsfdzcfkgmn/Build/Products/Debug -F /Applications/Xcode.app/Contents/Developer/Platforms/MacOSX.platform/Developer/Library/Frameworks -no-color-diagnostics -Xcc -fno-color-diagnostics -enable-testing -g -debug-info-format\=dwarf -dwarf-version\=4 -module-cache-path /Users/rogerlin/Library/Developer/Xcode/DerivedData/FinancialCalculatorKit-ackorybalcxbfocbkqsfdzcfkgmn/Build/Intermediates.noindex/SwiftExplicitPrecompiledModules -suppress-warnings -profile-generate -profile-coverage-mapping -swift-version 5 -enforce-exclusivity\=checked -Onone -D SWIFT_PACKAGE -D DEBUG -D SWIFT_MODULE_RESOURCE_BUNDLE_UNAVAILABLE -D Xcode -serialize-debugging-options -const-gather-protocols-file /Users/rogerlin/Library/Developer/Xcode/DerivedData/FinancialCalculatorKit-ackorybalcxbfocbkqsfdzcfkgmn/Build/Intermediates.noindex/UInt128.build/Debug/UInt128.build/Objects-normal/arm64/UInt128_const_extract_protocols.json -enable-experimental-feature DebugDescriptionMacro -empty-abi-descriptor -validate-clang-modules-once -clang-build-session-file /Users/rogerlin/Library/Developer/Xcode/DerivedData/ModuleCache.noindex/Session.modulevalidation -Xcc -working-directory -Xcc /Users/rogerlin/XCode-Projects/FinancialCalculatorKit-5.0-updated-accent-colors/FinancialCalculatorKit.xcodeproj -enable-anonymous-context-mangled-names -file-compilation-dir /Users/rogerlin/XCode-Projects/FinancialCalculatorKit-5.0-updated-accent-colors/FinancialCalculatorKit.xcodeproj -Xcc -D_LIBCPP_HARDENING_MODE\=_LIBCPP_HARDENING_MODE_DEBUG -Xcc -ivfsstatcache -Xcc /Users/rogerlin/Library/Developer/Xcode/DerivedData/SDKStatCaches.noindex/macosx26.1-25B74-3ae1261907bdadc328169391a47051a6.sdkstatcache -Xcc -I/Users/rogerlin/Library/Developer/Xcode/DerivedData/FinancialCalculatorKit-ackorybalcxbfocbkqsfdzcfkgmn/Build/Intermediates.noindex/UInt128.build/Debug/UInt128.build/swift-overrides.hmap -Xcc -I/Users/rogerlin/Library/Developer/Xcode/DerivedData/FinancialCalculatorKit-ackorybalcxbfocbkqsfdzcfkgmn/Build/Products/Debug/include -Xcc -I/Users/rogerlin/Library/Developer/Xcode/DerivedData/FinancialCalculatorKit-ackorybalcxbfocbkqsfdzcfkgmn/Build/Intermediates.noindex/UInt128.build/Debug/UInt128.build/DerivedSources-normal/arm64 -Xcc -I/Users/rogerlin/Library/Developer/Xcode/DerivedData/FinancialCalculatorKit-ackorybalcxbfocbkqsfdzcfkgmn/Build/Intermediates.noindex/UInt128.build/Debug/UInt128.build/DerivedSources/arm64 -Xcc -I/Users/rogerlin/Library/Developer/Xcode/DerivedData/FinancialCalculatorKit-ackorybalcxbfocbkqsfdzcfkgmn/Build/Intermediates.noindex/UInt128.build/Debug/UInt128.build/DerivedSources -Xcc -DSWIFT_PACKAGE -Xcc -DDEBUG\=1 -no-auto-bridging-header-chaining -module-name UInt128 -frontend-parseable-output -disable-clang-spi -target-sdk-version 26.1 -target-sdk-name macosx26.1 -clang-target arm64-apple-macos26.1 -in-process-plugin-server-path /Applications/Xcode.app/Contents/Developer/Toolchains/XcodeDefault.xctoolchain/usr/lib/swift/host/libSwiftInProcPluginServer.dylib -o /Users/rogerlin/Library/Developer/Xcode/DerivedData/FinancialCalculatorKit-ackorybalcxbfocbkqsfdzcfkgmn/Build/Intermediates.noindex/UInt128.build/Debug/UInt128.build/Objects-normal/arm64/Int128.o -index-unit-output-path /UInt128.build/Debug/UInt128.build/Objects-normal/arm64/Int128.o -index-store-path /Users/rogerlin/Library/Developer/Xcode/DerivedData/FinancialCalculatorKit-ackorybalcxbfocbkqsfdzcfkgmn/Index.noindex/DataStore -index-system-modules

SwiftCompile normal arm64 /Users/rogerlin/Library/Developer/Xcode/DerivedData/FinancialCalculatorKit-ackorybalcxbfocbkqsfdzcfkgmn/SourcePackages/checkouts/UInt128/Sources/UInt128/Int128.swift (in target 'UInt128' from project 'UInt128')
    cd /Users/rogerlin/XCode-Projects/FinancialCalculatorKit-5.0-updated-accent-colors/FinancialCalculatorKit.xcodeproj
    

SwiftCompile normal arm64 Compiling\ Common.swift /Users/rogerlin/Library/Developer/Xcode/DerivedData/FinancialCalculatorKit-ackorybalcxbfocbkqsfdzcfkgmn/SourcePackages/checkouts/UInt128/Sources/UInt128/Common.swift (in target 'UInt128' from project 'UInt128')
/Applications/Xcode.app/Contents/Developer/Toolchains/XcodeDefault.xctoolchain/usr/bin/swift-frontend -frontend -c -primary-file /Users/rogerlin/Library/Developer/Xcode/DerivedData/FinancialCalculatorKit-ackorybalcxbfocbkqsfdzcfkgmn/SourcePackages/checkouts/UInt128/Sources/UInt128/Common.swift /Users/rogerlin/Library/Developer/Xcode/DerivedData/FinancialCalculatorKit-ackorybalcxbfocbkqsfdzcfkgmn/SourcePackages/checkouts/UInt128/Sources/UInt128/Int128.swift /Users/rogerlin/Library/Developer/Xcode/DerivedData/FinancialCalculatorKit-ackorybalcxbfocbkqsfdzcfkgmn/SourcePackages/checkouts/UInt128/Sources/UInt128/UInt128.swift -emit-dependencies-path /Users/rogerlin/Library/Developer/Xcode/DerivedData/FinancialCalculatorKit-ackorybalcxbfocbkqsfdzcfkgmn/Build/Intermediates.noindex/UInt128.build/Debug/UInt128.build/Objects-normal/arm64/Common.d -emit-const-values-path /Users/rogerlin/Library/Developer/Xcode/DerivedData/FinancialCalculatorKit-ackorybalcxbfocbkqsfdzcfkgmn/Build/Intermediates.noindex/UInt128.build/Debug/UInt128.build/Objects-normal/arm64/Common.swiftconstvalues -emit-reference-dependencies-path /Users/rogerlin/Library/Developer/Xcode/DerivedData/FinancialCalculatorKit-ackorybalcxbfocbkqsfdzcfkgmn/Build/Intermediates.noindex/UInt128.build/Debug/UInt128.build/Objects-normal/arm64/Common.swiftdeps -serialize-diagnostics-path /Users/rogerlin/Library/Developer/Xcode/DerivedData/FinancialCalculatorKit-ackorybalcxbfocbkqsfdzcfkgmn/Build/Intermediates.noindex/UInt128.build/Debug/UInt128.build/Objects-normal/arm64/Common.dia -target arm64-apple-macos13.3 -load-resolved-plugin /Applications/Xcode.app/Contents/Developer/Platforms/MacOSX.platform/Developer/usr/lib/swift/host/plugins/libSwiftMacros.dylib\#/Applications/Xcode.app/Contents/Developer/Platforms/MacOSX.platform/Developer/usr/bin/swift-plugin-server\#SwiftMacros -disable-implicit-swift-modules -Xcc -fno-implicit-modules -Xcc -fno-implicit-module-maps -explicit-swift-module-map-file /Users/rogerlin/Library/Developer/Xcode/DerivedData/FinancialCalculatorKit-ackorybalcxbfocbkqsfdzcfkgmn/Build/Intermediates.noindex/UInt128.build/Debug/UInt128.build/Objects-normal/arm64/UInt128-dependencies-1.json -Xllvm -aarch64-use-tbi -enable-objc-interop -stack-check -sdk /Applications/Xcode.app/Contents/Developer/Platforms/MacOSX.platform/Developer/SDKs/MacOSX26.1.sdk -I /Users/rogerlin/Library/Developer/Xcode/DerivedData/FinancialCalculatorKit-ackorybalcxbfocbkqsfdzcfkgmn/Build/Products/Debug -Isystem /Applications/Xcode.app/Contents/Developer/Platforms/MacOSX.platform/Developer/usr/lib -F /Users/rogerlin/Library/Developer/Xcode/DerivedData/FinancialCalculatorKit-ackorybalcxbfocbkqsfdzcfkgmn/Build/Products/Debug -F /Applications/Xcode.app/Contents/Developer/Platforms/MacOSX.platform/Developer/Library/Frameworks -no-color-diagnostics -Xcc -fno-color-diagnostics -enable-testing -g -debug-info-format\=dwarf -dwarf-version\=4 -module-cache-path /Users/rogerlin/Library/Developer/Xcode/DerivedData/FinancialCalculatorKit-ackorybalcxbfocbkqsfdzcfkgmn/Build/Intermediates.noindex/SwiftExplicitPrecompiledModules -suppress-warnings -profile-generate -profile-coverage-mapping -swift-version 5 -enforce-exclusivity\=checked -Onone -D SWIFT_PACKAGE -D DEBUG -D SWIFT_MODULE_RESOURCE_BUNDLE_UNAVAILABLE -D Xcode -serialize-debugging-options -const-gather-protocols-file /Users/rogerlin/Library/Developer/Xcode/DerivedData/FinancialCalculatorKit-ackorybalcxbfocbkqsfdzcfkgmn/Build/Intermediates.noindex/UInt128.build/Debug/UInt128.build/Objects-normal/arm64/UInt128_const_extract_protocols.json -enable-experimental-feature DebugDescriptionMacro -empty-abi-descriptor -validate-clang-modules-once -clang-build-session-file /Users/rogerlin/Library/Developer/Xcode/DerivedData/ModuleCache.noindex/Session.modulevalidation -Xcc -working-directory -Xcc /Users/rogerlin/XCode-Projects/FinancialCalculatorKit-5.0-updated-accent-colors/FinancialCalculatorKit.xcodeproj -enable-anonymous-context-mangled-names -file-compilation-dir /Users/rogerlin/XCode-Projects/FinancialCalculatorKit-5.0-updated-accent-colors/FinancialCalculatorKit.xcodeproj -Xcc -D_LIBCPP_HARDENING_MODE\=_LIBCPP_HARDENING_MODE_DEBUG -Xcc -ivfsstatcache -Xcc /Users/rogerlin/Library/Developer/Xcode/DerivedData/SDKStatCaches.noindex/macosx26.1-25B74-3ae1261907bdadc328169391a47051a6.sdkstatcache -Xcc -I/Users/rogerlin/Library/Developer/Xcode/DerivedData/FinancialCalculatorKit-ackorybalcxbfocbkqsfdzcfkgmn/Build/Intermediates.noindex/UInt128.build/Debug/UInt128.build/swift-overrides.hmap -Xcc -I/Users/rogerlin/Library/Developer/Xcode/DerivedData/FinancialCalculatorKit-ackorybalcxbfocbkqsfdzcfkgmn/Build/Products/Debug/include -Xcc -I/Users/rogerlin/Library/Developer/Xcode/DerivedData/FinancialCalculatorKit-ackorybalcxbfocbkqsfdzcfkgmn/Build/Intermediates.noindex/UInt128.build/Debug/UInt128.build/DerivedSources-normal/arm64 -Xcc -I/Users/rogerlin/Library/Developer/Xcode/DerivedData/FinancialCalculatorKit-ackorybalcxbfocbkqsfdzcfkgmn/Build/Intermediates.noindex/UInt128.build/Debug/UInt128.build/DerivedSources/arm64 -Xcc -I/Users/rogerlin/Library/Developer/Xcode/DerivedData/FinancialCalculatorKit-ackorybalcxbfocbkqsfdzcfkgmn/Build/Intermediates.noindex/UInt128.build/Debug/UInt128.build/DerivedSources -Xcc -DSWIFT_PACKAGE -Xcc -DDEBUG\=1 -no-auto-bridging-header-chaining -module-name UInt128 -frontend-parseable-output -disable-clang-spi -target-sdk-version 26.1 -target-sdk-name macosx26.1 -clang-target arm64-apple-macos26.1 -in-process-plugin-server-path /Applications/Xcode.app/Contents/Developer/Toolchains/XcodeDefault.xctoolchain/usr/lib/swift/host/libSwiftInProcPluginServer.dylib -o /Users/rogerlin/Library/Developer/Xcode/DerivedData/FinancialCalculatorKit-ackorybalcxbfocbkqsfdzcfkgmn/Build/Intermediates.noindex/UInt128.build/Debug/UInt128.build/Objects-normal/arm64/Common.o -index-unit-output-path /UInt128.build/Debug/UInt128.build/Objects-normal/arm64/Common.o -index-store-path /Users/rogerlin/Library/Developer/Xcode/DerivedData/FinancialCalculatorKit-ackorybalcxbfocbkqsfdzcfkgmn/Index.noindex/DataStore -index-system-modules

SwiftCompile normal arm64 /Users/rogerlin/Library/Developer/Xcode/DerivedData/FinancialCalculatorKit-ackorybalcxbfocbkqsfdzcfkgmn/SourcePackages/checkouts/UInt128/Sources/UInt128/Common.swift (in target 'UInt128' from project 'UInt128')
    cd /Users/rogerlin/XCode-Projects/FinancialCalculatorKit-5.0-updated-accent-colors/FinancialCalculatorKit.xcodeproj
    

SwiftCompile normal arm64 Compiling\ UInt128.swift /Users/rogerlin/Library/Developer/Xcode/DerivedData/FinancialCalculatorKit-ackorybalcxbfocbkqsfdzcfkgmn/SourcePackages/checkouts/UInt128/Sources/UInt128/UInt128.swift (in target 'UInt128' from project 'UInt128')
/Applications/Xcode.app/Contents/Developer/Toolchains/XcodeDefault.xctoolchain/usr/bin/swift-frontend -frontend -c /Users/rogerlin/Library/Developer/Xcode/DerivedData/FinancialCalculatorKit-ackorybalcxbfocbkqsfdzcfkgmn/SourcePackages/checkouts/UInt128/Sources/UInt128/Common.swift /Users/rogerlin/Library/Developer/Xcode/DerivedData/FinancialCalculatorKit-ackorybalcxbfocbkqsfdzcfkgmn/SourcePackages/checkouts/UInt128/Sources/UInt128/Int128.swift -primary-file /Users/rogerlin/Library/Developer/Xcode/DerivedData/FinancialCalculatorKit-ackorybalcxbfocbkqsfdzcfkgmn/SourcePackages/checkouts/UInt128/Sources/UInt128/UInt128.swift -emit-dependencies-path /Users/rogerlin/Library/Developer/Xcode/DerivedData/FinancialCalculatorKit-ackorybalcxbfocbkqsfdzcfkgmn/Build/Intermediates.noindex/UInt128.build/Debug/UInt128.build/Objects-normal/arm64/UInt128-b2e2aa60cd5beffe3d533073c94efc7d.d -emit-const-values-path /Users/rogerlin/Library/Developer/Xcode/DerivedData/FinancialCalculatorKit-ackorybalcxbfocbkqsfdzcfkgmn/Build/Intermediates.noindex/UInt128.build/Debug/UInt128.build/Objects-normal/arm64/UInt128-b2e2aa60cd5beffe3d533073c94efc7d.swiftconstvalues -emit-reference-dependencies-path /Users/rogerlin/Library/Developer/Xcode/DerivedData/FinancialCalculatorKit-ackorybalcxbfocbkqsfdzcfkgmn/Build/Intermediates.noindex/UInt128.build/Debug/UInt128.build/Objects-normal/arm64/UInt128-b2e2aa60cd5beffe3d533073c94efc7d.swiftdeps -serialize-diagnostics-path /Users/rogerlin/Library/Developer/Xcode/DerivedData/FinancialCalculatorKit-ackorybalcxbfocbkqsfdzcfkgmn/Build/Intermediates.noindex/UInt128.build/Debug/UInt128.build/Objects-normal/arm64/UInt128-b2e2aa60cd5beffe3d533073c94efc7d.dia -target arm64-apple-macos13.3 -load-resolved-plugin /Applications/Xcode.app/Contents/Developer/Platforms/MacOSX.platform/Developer/usr/lib/swift/host/plugins/libSwiftMacros.dylib\#/Applications/Xcode.app/Contents/Developer/Platforms/MacOSX.platform/Developer/usr/bin/swift-plugin-server\#SwiftMacros -disable-implicit-swift-modules -Xcc -fno-implicit-modules -Xcc -fno-implicit-module-maps -explicit-swift-module-map-file /Users/rogerlin/Library/Developer/Xcode/DerivedData/FinancialCalculatorKit-ackorybalcxbfocbkqsfdzcfkgmn/Build/Intermediates.noindex/UInt128.build/Debug/UInt128.build/Objects-normal/arm64/UInt128-dependencies-1.json -Xllvm -aarch64-use-tbi -enable-objc-interop -stack-check -sdk /Applications/Xcode.app/Contents/Developer/Platforms/MacOSX.platform/Developer/SDKs/MacOSX26.1.sdk -I /Users/rogerlin/Library/Developer/Xcode/DerivedData/FinancialCalculatorKit-ackorybalcxbfocbkqsfdzcfkgmn/Build/Products/Debug -Isystem /Applications/Xcode.app/Contents/Developer/Platforms/MacOSX.platform/Developer/usr/lib -F /Users/rogerlin/Library/Developer/Xcode/DerivedData/FinancialCalculatorKit-ackorybalcxbfocbkqsfdzcfkgmn/Build/Products/Debug -F /Applications/Xcode.app/Contents/Developer/Platforms/MacOSX.platform/Developer/Library/Frameworks -no-color-diagnostics -Xcc -fno-color-diagnostics -enable-testing -g -debug-info-format\=dwarf -dwarf-version\=4 -module-cache-path /Users/rogerlin/Library/Developer/Xcode/DerivedData/FinancialCalculatorKit-ackorybalcxbfocbkqsfdzcfkgmn/Build/Intermediates.noindex/SwiftExplicitPrecompiledModules -suppress-warnings -profile-generate -profile-coverage-mapping -swift-version 5 -enforce-exclusivity\=checked -Onone -D SWIFT_PACKAGE -D DEBUG -D SWIFT_MODULE_RESOURCE_BUNDLE_UNAVAILABLE -D Xcode -serialize-debugging-options -const-gather-protocols-file /Users/rogerlin/Library/Developer/Xcode/DerivedData/FinancialCalculatorKit-ackorybalcxbfocbkqsfdzcfkgmn/Build/Intermediates.noindex/UInt128.build/Debug/UInt128.build/Objects-normal/arm64/UInt128_const_extract_protocols.json -enable-experimental-feature DebugDescriptionMacro -empty-abi-descriptor -validate-clang-modules-once -clang-build-session-file /Users/rogerlin/Library/Developer/Xcode/DerivedData/ModuleCache.noindex/Session.modulevalidation -Xcc -working-directory -Xcc /Users/rogerlin/XCode-Projects/FinancialCalculatorKit-5.0-updated-accent-colors/FinancialCalculatorKit.xcodeproj -enable-anonymous-context-mangled-names -file-compilation-dir /Users/rogerlin/XCode-Projects/FinancialCalculatorKit-5.0-updated-accent-colors/FinancialCalculatorKit.xcodeproj -Xcc -D_LIBCPP_HARDENING_MODE\=_LIBCPP_HARDENING_MODE_DEBUG -Xcc -ivfsstatcache -Xcc /Users/rogerlin/Library/Developer/Xcode/DerivedData/SDKStatCaches.noindex/macosx26.1-25B74-3ae1261907bdadc328169391a47051a6.sdkstatcache -Xcc -I/Users/rogerlin/Library/Developer/Xcode/DerivedData/FinancialCalculatorKit-ackorybalcxbfocbkqsfdzcfkgmn/Build/Intermediates.noindex/UInt128.build/Debug/UInt128.build/swift-overrides.hmap -Xcc -I/Users/rogerlin/Library/Developer/Xcode/DerivedData/FinancialCalculatorKit-ackorybalcxbfocbkqsfdzcfkgmn/Build/Products/Debug/include -Xcc -I/Users/rogerlin/Library/Developer/Xcode/DerivedData/FinancialCalculatorKit-ackorybalcxbfocbkqsfdzcfkgmn/Build/Intermediates.noindex/UInt128.build/Debug/UInt128.build/DerivedSources-normal/arm64 -Xcc -I/Users/rogerlin/Library/Developer/Xcode/DerivedData/FinancialCalculatorKit-ackorybalcxbfocbkqsfdzcfkgmn/Build/Intermediates.noindex/UInt128.build/Debug/UInt128.build/DerivedSources/arm64 -Xcc -I/Users/rogerlin/Library/Developer/Xcode/DerivedData/FinancialCalculatorKit-ackorybalcxbfocbkqsfdzcfkgmn/Build/Intermediates.noindex/UInt128.build/Debug/UInt128.build/DerivedSources -Xcc -DSWIFT_PACKAGE -Xcc -DDEBUG\=1 -no-auto-bridging-header-chaining -module-name UInt128 -frontend-parseable-output -disable-clang-spi -target-sdk-version 26.1 -target-sdk-name macosx26.1 -clang-target arm64-apple-macos26.1 -in-process-plugin-server-path /Applications/Xcode.app/Contents/Developer/Toolchains/XcodeDefault.xctoolchain/usr/lib/swift/host/libSwiftInProcPluginServer.dylib -o /Users/rogerlin/Library/Developer/Xcode/DerivedData/FinancialCalculatorKit-ackorybalcxbfocbkqsfdzcfkgmn/Build/Intermediates.noindex/UInt128.build/Debug/UInt128.build/Objects-normal/arm64/UInt128-b2e2aa60cd5beffe3d533073c94efc7d.o -index-unit-output-path /UInt128.build/Debug/UInt128.build/Objects-normal/arm64/UInt128-b2e2aa60cd5beffe3d533073c94efc7d.o -index-store-path /Users/rogerlin/Library/Developer/Xcode/DerivedData/FinancialCalculatorKit-ackorybalcxbfocbkqsfdzcfkgmn/Index.noindex/DataStore -index-system-modules

SwiftCompile normal arm64 /Users/rogerlin/Library/Developer/Xcode/DerivedData/FinancialCalculatorKit-ackorybalcxbfocbkqsfdzcfkgmn/SourcePackages/checkouts/UInt128/Sources/UInt128/UInt128.swift (in target 'UInt128' from project 'UInt128')
    cd /Users/rogerlin/XCode-Projects/FinancialCalculatorKit-5.0-updated-accent-colors/FinancialCalculatorKit.xcodeproj
    

SwiftEmitModule normal arm64 Emitting\ module\ for\ UInt128 (in target 'UInt128' from project 'UInt128')
/Applications/Xcode.app/Contents/Developer/Toolchains/XcodeDefault.xctoolchain/usr/bin/swift-frontend -frontend -emit-module -experimental-skip-non-inlinable-function-bodies-without-types /Users/rogerlin/Library/Developer/Xcode/DerivedData/FinancialCalculatorKit-ackorybalcxbfocbkqsfdzcfkgmn/SourcePackages/checkouts/UInt128/Sources/UInt128/Common.swift /Users/rogerlin/Library/Developer/Xcode/DerivedData/FinancialCalculatorKit-ackorybalcxbfocbkqsfdzcfkgmn/SourcePackages/checkouts/UInt128/Sources/UInt128/Int128.swift /Users/rogerlin/Library/Developer/Xcode/DerivedData/FinancialCalculatorKit-ackorybalcxbfocbkqsfdzcfkgmn/SourcePackages/checkouts/UInt128/Sources/UInt128/UInt128.swift -target arm64-apple-macos13.3 -load-resolved-plugin /Applications/Xcode.app/Contents/Developer/Platforms/MacOSX.platform/Developer/usr/lib/swift/host/plugins/libSwiftMacros.dylib\#/Applications/Xcode.app/Contents/Developer/Platforms/MacOSX.platform/Developer/usr/bin/swift-plugin-server\#SwiftMacros -disable-implicit-swift-modules -Xcc -fno-implicit-modules -Xcc -fno-implicit-module-maps -explicit-swift-module-map-file /Users/rogerlin/Library/Developer/Xcode/DerivedData/FinancialCalculatorKit-ackorybalcxbfocbkqsfdzcfkgmn/Build/Intermediates.noindex/UInt128.build/Debug/UInt128.build/Objects-normal/arm64/UInt128-dependencies-1.json -Xllvm -aarch64-use-tbi -enable-objc-interop -stack-check -sdk /Applications/Xcode.app/Contents/Developer/Platforms/MacOSX.platform/Developer/SDKs/MacOSX26.1.sdk -I /Users/rogerlin/Library/Developer/Xcode/DerivedData/FinancialCalculatorKit-ackorybalcxbfocbkqsfdzcfkgmn/Build/Products/Debug -Isystem /Applications/Xcode.app/Contents/Developer/Platforms/MacOSX.platform/Developer/usr/lib -F /Users/rogerlin/Library/Developer/Xcode/DerivedData/FinancialCalculatorKit-ackorybalcxbfocbkqsfdzcfkgmn/Build/Products/Debug -F /Applications/Xcode.app/Contents/Developer/Platforms/MacOSX.platform/Developer/Library/Frameworks -no-color-diagnostics -Xcc -fno-color-diagnostics -enable-testing -g -debug-info-format\=dwarf -dwarf-version\=4 -module-cache-path /Users/rogerlin/Library/Developer/Xcode/DerivedData/FinancialCalculatorKit-ackorybalcxbfocbkqsfdzcfkgmn/Build/Intermediates.noindex/SwiftExplicitPrecompiledModules -suppress-warnings -profile-generate -profile-coverage-mapping -swift-version 5 -enforce-exclusivity\=checked -Onone -D SWIFT_PACKAGE -D DEBUG -D SWIFT_MODULE_RESOURCE_BUNDLE_UNAVAILABLE -D Xcode -serialize-debugging-options -const-gather-protocols-file /Users/rogerlin/Library/Developer/Xcode/DerivedData/FinancialCalculatorKit-ackorybalcxbfocbkqsfdzcfkgmn/Build/Intermediates.noindex/UInt128.build/Debug/UInt128.build/Objects-normal/arm64/UInt128_const_extract_protocols.json -enable-experimental-feature DebugDescriptionMacro -empty-abi-descriptor -validate-clang-modules-once -clang-build-session-file /Users/rogerlin/Library/Developer/Xcode/DerivedData/ModuleCache.noindex/Session.modulevalidation -Xcc -working-directory -Xcc /Users/rogerlin/XCode-Projects/FinancialCalculatorKit-5.0-updated-accent-colors/FinancialCalculatorKit.xcodeproj -enable-anonymous-context-mangled-names -file-compilation-dir /Users/rogerlin/XCode-Projects/FinancialCalculatorKit-5.0-updated-accent-colors/FinancialCalculatorKit.xcodeproj -Xcc -D_LIBCPP_HARDENING_MODE\=_LIBCPP_HARDENING_MODE_DEBUG -Xcc -ivfsstatcache -Xcc /Users/rogerlin/Library/Developer/Xcode/DerivedData/SDKStatCaches.noindex/macosx26.1-25B74-3ae1261907bdadc328169391a47051a6.sdkstatcache -Xcc -I/Users/rogerlin/Library/Developer/Xcode/DerivedData/FinancialCalculatorKit-ackorybalcxbfocbkqsfdzcfkgmn/Build/Intermediates.noindex/UInt128.build/Debug/UInt128.build/swift-overrides.hmap -Xcc -I/Users/rogerlin/Library/Developer/Xcode/DerivedData/FinancialCalculatorKit-ackorybalcxbfocbkqsfdzcfkgmn/Build/Products/Debug/include -Xcc -I/Users/rogerlin/Library/Developer/Xcode/DerivedData/FinancialCalculatorKit-ackorybalcxbfocbkqsfdzcfkgmn/Build/Intermediates.noindex/UInt128.build/Debug/UInt128.build/DerivedSources-normal/arm64 -Xcc -I/Users/rogerlin/Library/Developer/Xcode/DerivedData/FinancialCalculatorKit-ackorybalcxbfocbkqsfdzcfkgmn/Build/Intermediates.noindex/UInt128.build/Debug/UInt128.build/DerivedSources/arm64 -Xcc -I/Users/rogerlin/Library/Developer/Xcode/DerivedData/FinancialCalculatorKit-ackorybalcxbfocbkqsfdzcfkgmn/Build/Intermediates.noindex/UInt128.build/Debug/UInt128.build/DerivedSources -Xcc -DSWIFT_PACKAGE -Xcc -DDEBUG\=1 -no-auto-bridging-header-chaining -module-name UInt128 -frontend-parseable-output -disable-clang-spi -target-sdk-version 26.1 -target-sdk-name macosx26.1 -clang-target arm64-apple-macos26.1 -in-process-plugin-server-path /Applications/Xcode.app/Contents/Developer/Toolchains/XcodeDefault.xctoolchain/usr/lib/swift/host/libSwiftInProcPluginServer.dylib -emit-module-doc-path /Users/rogerlin/Library/Developer/Xcode/DerivedData/FinancialCalculatorKit-ackorybalcxbfocbkqsfdzcfkgmn/Build/Intermediates.noindex/UInt128.build/Debug/UInt128.build/Objects-normal/arm64/UInt128.swiftdoc -emit-module-source-info-path /Users/rogerlin/Library/Developer/Xcode/DerivedData/FinancialCalculatorKit-ackorybalcxbfocbkqsfdzcfkgmn/Build/Intermediates.noindex/UInt128.build/Debug/UInt128.build/Objects-normal/arm64/UInt128.swiftsourceinfo -emit-objc-header-path /Users/rogerlin/Library/Developer/Xcode/DerivedData/FinancialCalculatorKit-ackorybalcxbfocbkqsfdzcfkgmn/Build/Intermediates.noindex/UInt128.build/Debug/UInt128.build/Objects-normal/arm64/UInt128-Swift.h -serialize-diagnostics-path /Users/rogerlin/Library/Developer/Xcode/DerivedData/FinancialCalculatorKit-ackorybalcxbfocbkqsfdzcfkgmn/Build/Intermediates.noindex/UInt128.build/Debug/UInt128.build/Objects-normal/arm64/UInt128-primary-emit-module.dia -emit-dependencies-path /Users/rogerlin/Library/Developer/Xcode/DerivedData/FinancialCalculatorKit-ackorybalcxbfocbkqsfdzcfkgmn/Build/Intermediates.noindex/UInt128.build/Debug/UInt128.build/Objects-normal/arm64/UInt128-primary-emit-module.d -o /Users/rogerlin/Library/Developer/Xcode/DerivedData/FinancialCalculatorKit-ackorybalcxbfocbkqsfdzcfkgmn/Build/Intermediates.noindex/UInt128.build/Debug/UInt128.build/Objects-normal/arm64/UInt128.swiftmodule -emit-abi-descriptor-path /Users/rogerlin/Library/Developer/Xcode/DerivedData/FinancialCalculatorKit-ackorybalcxbfocbkqsfdzcfkgmn/Build/Intermediates.noindex/UInt128.build/Debug/UInt128.build/Objects-normal/arm64/UInt128.abi.json

EmitSwiftModule normal arm64 (in target 'UInt128' from project 'UInt128')
    cd /Users/rogerlin/XCode-Projects/FinancialCalculatorKit-5.0-updated-accent-colors/FinancialCalculatorKit.xcodeproj
    

SwiftEmitModule normal arm64 Emitting\ module\ for\ HTMLEntities (in target 'HTMLEntities' from project 'HTMLEntities')
EmitSwiftModule normal arm64 (in target 'HTMLEntities' from project 'HTMLEntities')
    cd /Users/rogerlin/XCode-Projects/FinancialCalculatorKit-5.0-updated-accent-colors/FinancialCalculatorKit.xcodeproj
    

/Applications/Xcode.app/Contents/Developer/Toolchains/XcodeDefault.xctoolchain/usr/bin/swift-frontend -frontend -emit-module -experimental-skip-non-inlinable-function-bodies-without-types /Users/rogerlin/Library/Developer/Xcode/DerivedData/FinancialCalculatorKit-ackorybalcxbfocbkqsfdzcfkgmn/SourcePackages/checkouts/swift-html-entities/Sources/HTMLEntities/Constants.swift /Users/rogerlin/Library/Developer/Xcode/DerivedData/FinancialCalculatorKit-ackorybalcxbfocbkqsfdzcfkgmn/SourcePackages/checkouts/swift-html-entities/Sources/HTMLEntities/ParseError.swift /Users/rogerlin/Library/Developer/Xcode/DerivedData/FinancialCalculatorKit-ackorybalcxbfocbkqsfdzcfkgmn/SourcePackages/checkouts/swift-html-entities/Sources/HTMLEntities/String+HTMLEntities.swift /Users/rogerlin/Library/Developer/Xcode/DerivedData/FinancialCalculatorKit-ackorybalcxbfocbkqsfdzcfkgmn/SourcePackages/checkouts/swift-html-entities/Sources/HTMLEntities/Utilities.swift -target arm64-apple-macos10.13 -load-resolved-plugin /Applications/Xcode.app/Contents/Developer/Platforms/MacOSX.platform/Developer/usr/lib/swift/host/plugins/libSwiftMacros.dylib\#/Applications/Xcode.app/Contents/Developer/Platforms/MacOSX.platform/Developer/usr/bin/swift-plugin-server\#SwiftMacros -disable-implicit-swift-modules -Xcc -fno-implicit-modules -Xcc -fno-implicit-module-maps -explicit-swift-module-map-file /Users/rogerlin/Library/Developer/Xcode/DerivedData/FinancialCalculatorKit-ackorybalcxbfocbkqsfdzcfkgmn/Build/Intermediates.noindex/HTMLEntities.build/Debug/HTMLEntities.build/Objects-normal/arm64/HTMLEntities-dependencies-1.json -Xllvm -aarch64-use-tbi -enable-objc-interop -sdk /Applications/Xcode.app/Contents/Developer/Platforms/MacOSX.platform/Developer/SDKs/MacOSX26.1.sdk -I /Users/rogerlin/Library/Developer/Xcode/DerivedData/FinancialCalculatorKit-ackorybalcxbfocbkqsfdzcfkgmn/Build/Products/Debug -Isystem /Applications/Xcode.app/Contents/Developer/Platforms/MacOSX.platform/Developer/usr/lib -F /Users/rogerlin/Library/Developer/Xcode/DerivedData/FinancialCalculatorKit-ackorybalcxbfocbkqsfdzcfkgmn/Build/Products/Debug -F /Applications/Xcode.app/Contents/Developer/Platforms/MacOSX.platform/Developer/Library/Frameworks -no-color-diagnostics -Xcc -fno-color-diagnostics -enable-testing -g -debug-info-format\=dwarf -dwarf-version\=4 -module-cache-path /Users/rogerlin/Library/Developer/Xcode/DerivedData/FinancialCalculatorKit-ackorybalcxbfocbkqsfdzcfkgmn/Build/Intermediates.noindex/SwiftExplicitPrecompiledModules -suppress-warnings -profile-generate -profile-coverage-mapping -swift-version 5 -enforce-exclusivity\=checked -Onone -D SWIFT_PACKAGE -D DEBUG -D SWIFT_MODULE_RESOURCE_BUNDLE_UNAVAILABLE -D Xcode -serialize-debugging-options -const-gather-protocols-file /Users/rogerlin/Library/Developer/Xcode/DerivedData/FinancialCalculatorKit-ackorybalcxbfocbkqsfdzcfkgmn/Build/Intermediates.noindex/HTMLEntities.build/Debug/HTMLEntities.build/Objects-normal/arm64/HTMLEntities_const_extract_protocols.json -enable-experimental-feature DebugDescriptionMacro -empty-abi-descriptor -validate-clang-modules-once -clang-build-session-file /Users/rogerlin/Library/Developer/Xcode/DerivedData/ModuleCache.noindex/Session.modulevalidation -Xcc -working-directory -Xcc /Users/rogerlin/XCode-Projects/FinancialCalculatorKit-5.0-updated-accent-colors/FinancialCalculatorKit.xcodeproj -enable-anonymous-context-mangled-names -file-compilation-dir /Users/rogerlin/XCode-Projects/FinancialCalculatorKit-5.0-updated-accent-colors/FinancialCalculatorKit.xcodeproj -Xcc -D_LIBCPP_HARDENING_MODE\=_LIBCPP_HARDENING_MODE_DEBUG -Xcc -ivfsstatcache -Xcc /Users/rogerlin/Library/Developer/Xcode/DerivedData/SDKStatCaches.noindex/macosx26.1-25B74-3ae1261907bdadc328169391a47051a6.sdkstatcache -Xcc -I/Users/rogerlin/Library/Developer/Xcode/DerivedData/FinancialCalculatorKit-ackorybalcxbfocbkqsfdzcfkgmn/Build/Intermediates.noindex/HTMLEntities.build/Debug/HTMLEntities.build/swift-overrides.hmap -Xcc -I/Users/rogerlin/Library/Developer/Xcode/DerivedData/FinancialCalculatorKit-ackorybalcxbfocbkqsfdzcfkgmn/Build/Products/Debug/include -Xcc -I/Users/rogerlin/Library/Developer/Xcode/DerivedData/FinancialCalculatorKit-ackorybalcxbfocbkqsfdzcfkgmn/Build/Intermediates.noindex/HTMLEntities.build/Debug/HTMLEntities.build/DerivedSources-normal/arm64 -Xcc -I/Users/rogerlin/Library/Developer/Xcode/DerivedData/FinancialCalculatorKit-ackorybalcxbfocbkqsfdzcfkgmn/Build/Intermediates.noindex/HTMLEntities.build/Debug/HTMLEntities.build/DerivedSources/arm64 -Xcc -I/Users/rogerlin/Library/Developer/Xcode/DerivedData/FinancialCalculatorKit-ackorybalcxbfocbkqsfdzcfkgmn/Build/Intermediates.noindex/HTMLEntities.build/Debug/HTMLEntities.build/DerivedSources -Xcc -DSWIFT_PACKAGE -Xcc -DDEBUG\=1 -no-auto-bridging-header-chaining -module-name HTMLEntities -frontend-parseable-output -disable-clang-spi -target-sdk-version 26.1 -target-sdk-name macosx26.1 -clang-target arm64-apple-macos26.1 -in-process-plugin-server-path /Applications/Xcode.app/Contents/Developer/Toolchains/XcodeDefault.xctoolchain/usr/lib/swift/host/libSwiftInProcPluginServer.dylib -emit-module-doc-path /Users/rogerlin/Library/Developer/Xcode/DerivedData/FinancialCalculatorKit-ackorybalcxbfocbkqsfdzcfkgmn/Build/Intermediates.noindex/HTMLEntities.build/Debug/HTMLEntities.build/Objects-normal/arm64/HTMLEntities.swiftdoc -emit-module-source-info-path /Users/rogerlin/Library/Developer/Xcode/DerivedData/FinancialCalculatorKit-ackorybalcxbfocbkqsfdzcfkgmn/Build/Intermediates.noindex/HTMLEntities.build/Debug/HTMLEntities.build/Objects-normal/arm64/HTMLEntities.swiftsourceinfo -emit-objc-header-path /Users/rogerlin/Library/Developer/Xcode/DerivedData/FinancialCalculatorKit-ackorybalcxbfocbkqsfdzcfkgmn/Build/Intermediates.noindex/HTMLEntities.build/Debug/HTMLEntities.build/Objects-normal/arm64/HTMLEntities-Swift.h -serialize-diagnostics-path /Users/rogerlin/Library/Developer/Xcode/DerivedData/FinancialCalculatorKit-ackorybalcxbfocbkqsfdzcfkgmn/Build/Intermediates.noindex/HTMLEntities.build/Debug/HTMLEntities.build/Objects-normal/arm64/HTMLEntities-primary-emit-module.dia -emit-dependencies-path /Users/rogerlin/Library/Developer/Xcode/DerivedData/FinancialCalculatorKit-ackorybalcxbfocbkqsfdzcfkgmn/Build/Intermediates.noindex/HTMLEntities.build/Debug/HTMLEntities.build/Objects-normal/arm64/HTMLEntities-primary-emit-module.d -o /Users/rogerlin/Library/Developer/Xcode/DerivedData/FinancialCalculatorKit-ackorybalcxbfocbkqsfdzcfkgmn/Build/Intermediates.noindex/HTMLEntities.build/Debug/HTMLEntities.build/Objects-normal/arm64/HTMLEntities.swiftmodule -emit-abi-descriptor-path /Users/rogerlin/Library/Developer/Xcode/DerivedData/FinancialCalculatorKit-ackorybalcxbfocbkqsfdzcfkgmn/Build/Intermediates.noindex/HTMLEntities.build/Debug/HTMLEntities.build/Objects-normal/arm64/HTMLEntities.abi.json
SwiftExplicitDependencyGeneratePcm arm64 /Users/rogerlin/Library/Developer/Xcode/DerivedData/FinancialCalculatorKit-ackorybalcxbfocbkqsfdzcfkgmn/Build/Intermediates.noindex/SwiftExplicitPrecompiledModules/_NumericsShims-5YAZOXC7R6BZ1RMYLLAAY5VO0.pcm
/Applications/Xcode.app/Contents/Developer/Toolchains/XcodeDefault.xctoolchain/usr/bin/swift-frontend -frontend -emit-pcm -module-name _NumericsShims -o /Users/rogerlin/Library/Developer/Xcode/DerivedData/FinancialCalculatorKit-ackorybalcxbfocbkqsfdzcfkgmn/Build/Intermediates.noindex/SwiftExplicitPrecompiledModules/_NumericsShims-5YAZOXC7R6BZ1RMYLLAAY5VO0.pcm -direct-clang-cc1-module-build /Users/rogerlin/Library/Developer/Xcode/DerivedData/FinancialCalculatorKit-ackorybalcxbfocbkqsfdzcfkgmn/SourcePackages/checkouts/swift-numerics/Sources/_NumericsShims/include/module.modulemap -Xcc -cc1 -Xcc -fansi-escape-codes -Xcc -ferror-limit -Xcc 19 -Xcc -Wdeprecated-objc-isa-usage -Xcc -Werror\=deprecated-objc-isa-usage -Xcc -Werror\=implicit-function-declaration -Xcc -Wno-reorder-init-list -Xcc -Wno-implicit-int-float-conversion -Xcc -Wno-c99-designator -Xcc -Wno-final-dtor-non-final-class -Xcc -Wno-extra-semi-stmt -Xcc -Wno-misleading-indentation -Xcc -Wno-quoted-include-in-framework-header -Xcc -Wno-implicit-fallthrough -Xcc -Wno-enum-enum-conversion -Xcc -Wno-enum-float-conversion -Xcc -Wno-elaborated-enum-base -Xcc -disable-free -Xcc -finclude-tree-preserve-pch-path -Xcc -emit-module -Xcc -x -Xcc objective-c -Xcc /Users/rogerlin/Library/Developer/Xcode/DerivedData/FinancialCalculatorKit-ackorybalcxbfocbkqsfdzcfkgmn/SourcePackages/checkouts/swift-numerics/Sources/_NumericsShims/include/module.modulemap -Xcc -target-abi -Xcc darwinpcs -Xcc -target-cpu -Xcc apple-a12 -Xcc -target-feature -Xcc +zcm -Xcc -target-feature -Xcc +zcz -Xcc -target-feature -Xcc +v8.3a -Xcc -target-feature -Xcc +aes -Xcc -target-feature -Xcc +complxnum -Xcc -target-feature -Xcc +crc -Xcc -target-feature -Xcc +fp-armv8 -Xcc -target-feature -Xcc +fullfp16 -Xcc -target-feature -Xcc +jsconv -Xcc -target-feature -Xcc +lse -Xcc -target-feature -Xcc +neon -Xcc -target-feature -Xcc +pauth -Xcc -target-feature -Xcc +perfmon -Xcc -target-feature -Xcc +ras -Xcc -target-feature -Xcc +rcpc -Xcc -target-feature -Xcc +rdm -Xcc -target-feature -Xcc +sha2 -Xcc -triple -Xcc arm64-apple-macosx26.1.0 -Xcc -target-linker-version -Xcc 1230.1 -Xcc -target-sdk-version\=26.1 -Xcc -fmodules-validate-system-headers -Xcc -fno-modules-prune-non-affecting-module-map-files -Xcc -isysroot -Xcc /Applications/Xcode.app/Contents/Developer/Platforms/MacOSX.platform/Developer/SDKs/MacOSX26.1.sdk -Xcc -resource-dir -Xcc /Applications/Xcode.app/Contents/Developer/Toolchains/XcodeDefault.xctoolchain/usr/lib/swift/clang -Xcc -fmodule-format\=obj -Xcc -ivfsstatcache -Xcc /Users/rogerlin/Library/Developer/Xcode/DerivedData/SDKStatCaches.noindex/macosx26.1-25B74-3ae1261907bdadc328169391a47051a6.sdkstatcache -Xcc -fapinotes-swift-version\=5 -Xcc -iapinotes-modules -Xcc /Applications/Xcode.app/Contents/Developer/Platforms/MacOSX.platform/Developer/SDKs/MacOSX26.1.sdk/usr/lib/swift/apinotes -Xcc -iapinotes-modules -Xcc /Applications/Xcode.app/Contents/Developer/Toolchains/XcodeDefault.xctoolchain/usr/lib/swift/apinotes -Xcc -std\=gnu11 -Xcc -fapinotes-modules -Xcc -fexceptions -Xcc -fskip-odr-check-in-gmf -Xcc -fmodules -Xcc -fmodule-name\=_NumericsShims -Xcc -fmodules-search-all -Xcc -fno-implicit-modules -Xcc -fretain-comments-from-system-headers -Xcc -fobjc-exceptions -Xcc -fmax-type-align\=16 -Xcc -fstack-check -Xcc -fmodule-feature -Xcc swift -Xcc -fno-odr-hash-protocols -Xcc -pic-level -Xcc 2 -Xcc -disable-objc-default-synthesize-properties -Xcc -stack-protector -Xcc 1 -Xcc -fobjc-runtime\=macosx-26.1.0 -Xcc -fobjc-arc -Xcc -fobjc-runtime-has-weak -Xcc -fobjc-weak -Xcc -fgnuc-version\=4.2.1 -Xcc -fblocks -Xcc -ffp-contract\=off -Xcc -fclang-abi-compat\=4.0 -Xcc -fno-experimental-relative-c++-abi-vtables -Xcc -fno-file-reproducible -Xcc -clang-vendor-feature\=+disableNonDependentMemberExprInCurrentInstantiation -Xcc -clang-vendor-feature\=+enableAggressiveVLAFolding -Xcc -clang-vendor-feature\=+revert09abecef7bbf -Xcc -clang-vendor-feature\=+thisNoAlignAttr -Xcc -clang-vendor-feature\=+thisNoNullAttr -Xcc -clang-vendor-feature\=+disableAtImportPrivateFrameworkInImplementationError -Xcc -O0 -Xcc -fdebug-compilation-dir\=/ -Xcc -fcommon -Xcc -fno-sanitize-address-use-odr-indicator -Xcc -fno-sanitize-memory-param-retval -Xcc -fmerge-all-constants -Xcc -fno-verbose-asm -Xcc -fregister-global-dtors-with-atexit -Xcc -fno-use-init-array -Xcc -funique-basic-block-section-names -Xcc -dwarf-version\=5 -Xcc -debugger-tuning\=lldb -Xcc -llvm-verify-each -Xcc -dwarf-ext-refs -Xcc -no-struct-path-tbaa -Xcc -fexperimental-assignment-tracking\=disabled -Xcc -no-enable-noundef-analysis -Xcc -stack-protector-buffer-size -Xcc 0 -Xcc -debug-info-kind\=standalone -Xcc -save-temps\=obj -Xcc -fdiagnostics-hotness-threshold\=0 -Xcc -fdiagnostics-misexpect-tolerance\=0 -Xcc -D -Xcc DEBUG\=1 -Xcc -D -Xcc SWIFT_CLASS_EXTRA\= -Xcc -D -Xcc SWIFT_PACKAGE -Xcc -D -Xcc SWIFT_SDK_OVERLAY2_SCENEKIT_EPOCH\=3 -Xcc -D -Xcc SWIFT_SDK_OVERLAY_APPKIT_EPOCH\=2 -Xcc -D -Xcc SWIFT_SDK_OVERLAY_COREGRAPHICS_EPOCH\=0 -Xcc -D -Xcc SWIFT_SDK_OVERLAY_COREIMAGE_EPOCH\=2 -Xcc -D -Xcc SWIFT_SDK_OVERLAY_DISPATCH_EPOCH\=2 -Xcc -D -Xcc SWIFT_SDK_OVERLAY_FOUNDATION_EPOCH\=8 -Xcc -D -Xcc SWIFT_SDK_OVERLAY_GAMEPLAYKIT_EPOCH\=1 -Xcc -D -Xcc SWIFT_SDK_OVERLAY_PTHREAD_EPOCH\=1 -Xcc -D -Xcc SWIFT_SDK_OVERLAY_SPRITEKIT_EPOCH\=1 -Xcc -D -Xcc SWIFT_SDK_OVERLAY_UIKIT_EPOCH\=2 -Xcc -D -Xcc _ISO646_H_ -Xcc -D -Xcc _LIBCPP_HARDENING_MODE\=_LIBCPP_HARDENING_MODE_DEBUG -Xcc -D -Xcc __GCC_HAVE_DWARF2_CFI_ASM\=1 -Xcc -D -Xcc __ISO646_H -Xcc -D -Xcc __SWIFT_ATTR_SUPPORTS_SENDABLE_DECLS\=1 -Xcc -D -Xcc __SWIFT_ATTR_SUPPORTS_SENDING\=1 -Xcc -D -Xcc __SWIFT_COMPILER_VERSION\=6002001004008 -Xcc -D -Xcc __swift__\=51000 -Xcc -fdefine-target-os-macros

SwiftCompile normal arm64 Compiling\ Utilities.swift /Users/rogerlin/Library/Developer/Xcode/DerivedData/FinancialCalculatorKit-ackorybalcxbfocbkqsfdzcfkgmn/SourcePackages/checkouts/swift-html-entities/Sources/HTMLEntities/Utilities.swift (in target 'HTMLEntities' from project 'HTMLEntities')
/Applications/Xcode.app/Contents/Developer/Toolchains/XcodeDefault.xctoolchain/usr/bin/swift-frontend -frontend -c /Users/rogerlin/Library/Developer/Xcode/DerivedData/FinancialCalculatorKit-ackorybalcxbfocbkqsfdzcfkgmn/SourcePackages/checkouts/swift-html-entities/Sources/HTMLEntities/Constants.swift /Users/rogerlin/Library/Developer/Xcode/DerivedData/FinancialCalculatorKit-ackorybalcxbfocbkqsfdzcfkgmn/SourcePackages/checkouts/swift-html-entities/Sources/HTMLEntities/ParseError.swift /Users/rogerlin/Library/Developer/Xcode/DerivedData/FinancialCalculatorKit-ackorybalcxbfocbkqsfdzcfkgmn/SourcePackages/checkouts/swift-html-entities/Sources/HTMLEntities/String+HTMLEntities.swift -primary-file /Users/rogerlin/Library/Developer/Xcode/DerivedData/FinancialCalculatorKit-ackorybalcxbfocbkqsfdzcfkgmn/SourcePackages/checkouts/swift-html-entities/Sources/HTMLEntities/Utilities.swift -emit-dependencies-path /Users/rogerlin/Library/Developer/Xcode/DerivedData/FinancialCalculatorKit-ackorybalcxbfocbkqsfdzcfkgmn/Build/Intermediates.noindex/HTMLEntities.build/Debug/HTMLEntities.build/Objects-normal/arm64/Utilities.d -emit-const-values-path /Users/rogerlin/Library/Developer/Xcode/DerivedData/FinancialCalculatorKit-ackorybalcxbfocbkqsfdzcfkgmn/Build/Intermediates.noindex/HTMLEntities.build/Debug/HTMLEntities.build/Objects-normal/arm64/Utilities.swiftconstvalues -emit-reference-dependencies-path /Users/rogerlin/Library/Developer/Xcode/DerivedData/FinancialCalculatorKit-ackorybalcxbfocbkqsfdzcfkgmn/Build/Intermediates.noindex/HTMLEntities.build/Debug/HTMLEntities.build/Objects-normal/arm64/Utilities.swiftdeps -serialize-diagnostics-path /Users/rogerlin/Library/Developer/Xcode/DerivedData/FinancialCalculatorKit-ackorybalcxbfocbkqsfdzcfkgmn/Build/Intermediates.noindex/HTMLEntities.build/Debug/HTMLEntities.build/Objects-normal/arm64/Utilities.dia -target arm64-apple-macos10.13 -load-resolved-plugin /Applications/Xcode.app/Contents/Developer/Platforms/MacOSX.platform/Developer/usr/lib/swift/host/plugins/libSwiftMacros.dylib\#/Applications/Xcode.app/Contents/Developer/Platforms/MacOSX.platform/Developer/usr/bin/swift-plugin-server\#SwiftMacros -disable-implicit-swift-modules -Xcc -fno-implicit-modules -Xcc -fno-implicit-module-maps -explicit-swift-module-map-file /Users/rogerlin/Library/Developer/Xcode/DerivedData/FinancialCalculatorKit-ackorybalcxbfocbkqsfdzcfkgmn/Build/Intermediates.noindex/HTMLEntities.build/Debug/HTMLEntities.build/Objects-normal/arm64/HTMLEntities-dependencies-1.json -Xllvm -aarch64-use-tbi -enable-objc-interop -sdk /Applications/Xcode.app/Contents/Developer/Platforms/MacOSX.platform/Developer/SDKs/MacOSX26.1.sdk -I /Users/rogerlin/Library/Developer/Xcode/DerivedData/FinancialCalculatorKit-ackorybalcxbfocbkqsfdzcfkgmn/Build/Products/Debug -Isystem /Applications/Xcode.app/Contents/Developer/Platforms/MacOSX.platform/Developer/usr/lib -F /Users/rogerlin/Library/Developer/Xcode/DerivedData/FinancialCalculatorKit-ackorybalcxbfocbkqsfdzcfkgmn/Build/Products/Debug -F /Applications/Xcode.app/Contents/Developer/Platforms/MacOSX.platform/Developer/Library/Frameworks -no-color-diagnostics -Xcc -fno-color-diagnostics -enable-testing -g -debug-info-format\=dwarf -dwarf-version\=4 -module-cache-path /Users/rogerlin/Library/Developer/Xcode/DerivedData/FinancialCalculatorKit-ackorybalcxbfocbkqsfdzcfkgmn/Build/Intermediates.noindex/SwiftExplicitPrecompiledModules -suppress-warnings -profile-generate -profile-coverage-mapping -swift-version 5 -enforce-exclusivity\=checked -Onone -D SWIFT_PACKAGE -D DEBUG -D SWIFT_MODULE_RESOURCE_BUNDLE_UNAVAILABLE -D Xcode -serialize-debugging-options -const-gather-protocols-file /Users/rogerlin/Library/Developer/Xcode/DerivedData/FinancialCalculatorKit-ackorybalcxbfocbkqsfdzcfkgmn/Build/Intermediates.noindex/HTMLEntities.build/Debug/HTMLEntities.build/Objects-normal/arm64/HTMLEntities_const_extract_protocols.json -enable-experimental-feature DebugDescriptionMacro -empty-abi-descriptor -validate-clang-modules-once -clang-build-session-file /Users/rogerlin/Library/Developer/Xcode/DerivedData/ModuleCache.noindex/Session.modulevalidation -Xcc -working-directory -Xcc /Users/rogerlin/XCode-Projects/FinancialCalculatorKit-5.0-updated-accent-colors/FinancialCalculatorKit.xcodeproj -enable-anonymous-context-mangled-names -file-compilation-dir /Users/rogerlin/XCode-Projects/FinancialCalculatorKit-5.0-updated-accent-colors/FinancialCalculatorKit.xcodeproj -Xcc -D_LIBCPP_HARDENING_MODE\=_LIBCPP_HARDENING_MODE_DEBUG -Xcc -ivfsstatcache -Xcc /Users/rogerlin/Library/Developer/Xcode/DerivedData/SDKStatCaches.noindex/macosx26.1-25B74-3ae1261907bdadc328169391a47051a6.sdkstatcache -Xcc -I/Users/rogerlin/Library/Developer/Xcode/DerivedData/FinancialCalculatorKit-ackorybalcxbfocbkqsfdzcfkgmn/Build/Intermediates.noindex/HTMLEntities.build/Debug/HTMLEntities.build/swift-overrides.hmap -Xcc -I/Users/rogerlin/Library/Developer/Xcode/DerivedData/FinancialCalculatorKit-ackorybalcxbfocbkqsfdzcfkgmn/Build/Products/Debug/include -Xcc -I/Users/rogerlin/Library/Developer/Xcode/DerivedData/FinancialCalculatorKit-ackorybalcxbfocbkqsfdzcfkgmn/Build/Intermediates.noindex/HTMLEntities.build/Debug/HTMLEntities.build/DerivedSources-normal/arm64 -Xcc -I/Users/rogerlin/Library/Developer/Xcode/DerivedData/FinancialCalculatorKit-ackorybalcxbfocbkqsfdzcfkgmn/Build/Intermediates.noindex/HTMLEntities.build/Debug/HTMLEntities.build/DerivedSources/arm64 -Xcc -I/Users/rogerlin/Library/Developer/Xcode/DerivedData/FinancialCalculatorKit-ackorybalcxbfocbkqsfdzcfkgmn/Build/Intermediates.noindex/HTMLEntities.build/Debug/HTMLEntities.build/DerivedSources -Xcc -DSWIFT_PACKAGE -Xcc -DDEBUG\=1 -no-auto-bridging-header-chaining -module-name HTMLEntities -frontend-parseable-output -disable-clang-spi -target-sdk-version 26.1 -target-sdk-name macosx26.1 -clang-target arm64-apple-macos26.1 -in-process-plugin-server-path /Applications/Xcode.app/Contents/Developer/Toolchains/XcodeDefault.xctoolchain/usr/lib/swift/host/libSwiftInProcPluginServer.dylib -o /Users/rogerlin/Library/Developer/Xcode/DerivedData/FinancialCalculatorKit-ackorybalcxbfocbkqsfdzcfkgmn/Build/Intermediates.noindex/HTMLEntities.build/Debug/HTMLEntities.build/Objects-normal/arm64/Utilities.o -index-unit-output-path /HTMLEntities.build/Debug/HTMLEntities.build/Objects-normal/arm64/Utilities.o -index-store-path /Users/rogerlin/Library/Developer/Xcode/DerivedData/FinancialCalculatorKit-ackorybalcxbfocbkqsfdzcfkgmn/Index.noindex/DataStore -index-system-modules

SwiftCompile normal arm64 /Users/rogerlin/Library/Developer/Xcode/DerivedData/FinancialCalculatorKit-ackorybalcxbfocbkqsfdzcfkgmn/SourcePackages/checkouts/swift-html-entities/Sources/HTMLEntities/Utilities.swift (in target 'HTMLEntities' from project 'HTMLEntities')
    cd /Users/rogerlin/XCode-Projects/FinancialCalculatorKit-5.0-updated-accent-colors/FinancialCalculatorKit.xcodeproj
    

SwiftCompile normal arm64 Compiling\ Constants.swift /Users/rogerlin/Library/Developer/Xcode/DerivedData/FinancialCalculatorKit-ackorybalcxbfocbkqsfdzcfkgmn/SourcePackages/checkouts/swift-html-entities/Sources/HTMLEntities/Constants.swift (in target 'HTMLEntities' from project 'HTMLEntities')
SwiftCompile normal arm64 /Users/rogerlin/Library/Developer/Xcode/DerivedData/FinancialCalculatorKit-ackorybalcxbfocbkqsfdzcfkgmn/SourcePackages/checkouts/swift-html-entities/Sources/HTMLEntities/Constants.swift (in target 'HTMLEntities' from project 'HTMLEntities')
    cd /Users/rogerlin/XCode-Projects/FinancialCalculatorKit-5.0-updated-accent-colors/FinancialCalculatorKit.xcodeproj
    

/Applications/Xcode.app/Contents/Developer/Toolchains/XcodeDefault.xctoolchain/usr/bin/swift-frontend -frontend -c -primary-file /Users/rogerlin/Library/Developer/Xcode/DerivedData/FinancialCalculatorKit-ackorybalcxbfocbkqsfdzcfkgmn/SourcePackages/checkouts/swift-html-entities/Sources/HTMLEntities/Constants.swift /Users/rogerlin/Library/Developer/Xcode/DerivedData/FinancialCalculatorKit-ackorybalcxbfocbkqsfdzcfkgmn/SourcePackages/checkouts/swift-html-entities/Sources/HTMLEntities/ParseError.swift /Users/rogerlin/Library/Developer/Xcode/DerivedData/FinancialCalculatorKit-ackorybalcxbfocbkqsfdzcfkgmn/SourcePackages/checkouts/swift-html-entities/Sources/HTMLEntities/String+HTMLEntities.swift /Users/rogerlin/Library/Developer/Xcode/DerivedData/FinancialCalculatorKit-ackorybalcxbfocbkqsfdzcfkgmn/SourcePackages/checkouts/swift-html-entities/Sources/HTMLEntities/Utilities.swift -emit-dependencies-path /Users/rogerlin/Library/Developer/Xcode/DerivedData/FinancialCalculatorKit-ackorybalcxbfocbkqsfdzcfkgmn/Build/Intermediates.noindex/HTMLEntities.build/Debug/HTMLEntities.build/Objects-normal/arm64/Constants.d -emit-const-values-path /Users/rogerlin/Library/Developer/Xcode/DerivedData/FinancialCalculatorKit-ackorybalcxbfocbkqsfdzcfkgmn/Build/Intermediates.noindex/HTMLEntities.build/Debug/HTMLEntities.build/Objects-normal/arm64/Constants.swiftconstvalues -emit-reference-dependencies-path /Users/rogerlin/Library/Developer/Xcode/DerivedData/FinancialCalculatorKit-ackorybalcxbfocbkqsfdzcfkgmn/Build/Intermediates.noindex/HTMLEntities.build/Debug/HTMLEntities.build/Objects-normal/arm64/Constants.swiftdeps -serialize-diagnostics-path /Users/rogerlin/Library/Developer/Xcode/DerivedData/FinancialCalculatorKit-ackorybalcxbfocbkqsfdzcfkgmn/Build/Intermediates.noindex/HTMLEntities.build/Debug/HTMLEntities.build/Objects-normal/arm64/Constants.dia -target arm64-apple-macos10.13 -load-resolved-plugin /Applications/Xcode.app/Contents/Developer/Platforms/MacOSX.platform/Developer/usr/lib/swift/host/plugins/libSwiftMacros.dylib\#/Applications/Xcode.app/Contents/Developer/Platforms/MacOSX.platform/Developer/usr/bin/swift-plugin-server\#SwiftMacros -disable-implicit-swift-modules -Xcc -fno-implicit-modules -Xcc -fno-implicit-module-maps -explicit-swift-module-map-file /Users/rogerlin/Library/Developer/Xcode/DerivedData/FinancialCalculatorKit-ackorybalcxbfocbkqsfdzcfkgmn/Build/Intermediates.noindex/HTMLEntities.build/Debug/HTMLEntities.build/Objects-normal/arm64/HTMLEntities-dependencies-1.json -Xllvm -aarch64-use-tbi -enable-objc-interop -sdk /Applications/Xcode.app/Contents/Developer/Platforms/MacOSX.platform/Developer/SDKs/MacOSX26.1.sdk -I /Users/rogerlin/Library/Developer/Xcode/DerivedData/FinancialCalculatorKit-ackorybalcxbfocbkqsfdzcfkgmn/Build/Products/Debug -Isystem /Applications/Xcode.app/Contents/Developer/Platforms/MacOSX.platform/Developer/usr/lib -F /Users/rogerlin/Library/Developer/Xcode/DerivedData/FinancialCalculatorKit-ackorybalcxbfocbkqsfdzcfkgmn/Build/Products/Debug -F /Applications/Xcode.app/Contents/Developer/Platforms/MacOSX.platform/Developer/Library/Frameworks -no-color-diagnostics -Xcc -fno-color-diagnostics -enable-testing -g -debug-info-format\=dwarf -dwarf-version\=4 -module-cache-path /Users/rogerlin/Library/Developer/Xcode/DerivedData/FinancialCalculatorKit-ackorybalcxbfocbkqsfdzcfkgmn/Build/Intermediates.noindex/SwiftExplicitPrecompiledModules -suppress-warnings -profile-generate -profile-coverage-mapping -swift-version 5 -enforce-exclusivity\=checked -Onone -D SWIFT_PACKAGE -D DEBUG -D SWIFT_MODULE_RESOURCE_BUNDLE_UNAVAILABLE -D Xcode -serialize-debugging-options -const-gather-protocols-file /Users/rogerlin/Library/Developer/Xcode/DerivedData/FinancialCalculatorKit-ackorybalcxbfocbkqsfdzcfkgmn/Build/Intermediates.noindex/HTMLEntities.build/Debug/HTMLEntities.build/Objects-normal/arm64/HTMLEntities_const_extract_protocols.json -enable-experimental-feature DebugDescriptionMacro -empty-abi-descriptor -validate-clang-modules-once -clang-build-session-file /Users/rogerlin/Library/Developer/Xcode/DerivedData/ModuleCache.noindex/Session.modulevalidation -Xcc -working-directory -Xcc /Users/rogerlin/XCode-Projects/FinancialCalculatorKit-5.0-updated-accent-colors/FinancialCalculatorKit.xcodeproj -enable-anonymous-context-mangled-names -file-compilation-dir /Users/rogerlin/XCode-Projects/FinancialCalculatorKit-5.0-updated-accent-colors/FinancialCalculatorKit.xcodeproj -Xcc -D_LIBCPP_HARDENING_MODE\=_LIBCPP_HARDENING_MODE_DEBUG -Xcc -ivfsstatcache -Xcc /Users/rogerlin/Library/Developer/Xcode/DerivedData/SDKStatCaches.noindex/macosx26.1-25B74-3ae1261907bdadc328169391a47051a6.sdkstatcache -Xcc -I/Users/rogerlin/Library/Developer/Xcode/DerivedData/FinancialCalculatorKit-ackorybalcxbfocbkqsfdzcfkgmn/Build/Intermediates.noindex/HTMLEntities.build/Debug/HTMLEntities.build/swift-overrides.hmap -Xcc -I/Users/rogerlin/Library/Developer/Xcode/DerivedData/FinancialCalculatorKit-ackorybalcxbfocbkqsfdzcfkgmn/Build/Products/Debug/include -Xcc -I/Users/rogerlin/Library/Developer/Xcode/DerivedData/FinancialCalculatorKit-ackorybalcxbfocbkqsfdzcfkgmn/Build/Intermediates.noindex/HTMLEntities.build/Debug/HTMLEntities.build/DerivedSources-normal/arm64 -Xcc -I/Users/rogerlin/Library/Developer/Xcode/DerivedData/FinancialCalculatorKit-ackorybalcxbfocbkqsfdzcfkgmn/Build/Intermediates.noindex/HTMLEntities.build/Debug/HTMLEntities.build/DerivedSources/arm64 -Xcc -I/Users/rogerlin/Library/Developer/Xcode/DerivedData/FinancialCalculatorKit-ackorybalcxbfocbkqsfdzcfkgmn/Build/Intermediates.noindex/HTMLEntities.build/Debug/HTMLEntities.build/DerivedSources -Xcc -DSWIFT_PACKAGE -Xcc -DDEBUG\=1 -no-auto-bridging-header-chaining -module-name HTMLEntities -frontend-parseable-output -disable-clang-spi -target-sdk-version 26.1 -target-sdk-name macosx26.1 -clang-target arm64-apple-macos26.1 -in-process-plugin-server-path /Applications/Xcode.app/Contents/Developer/Toolchains/XcodeDefault.xctoolchain/usr/lib/swift/host/libSwiftInProcPluginServer.dylib -o /Users/rogerlin/Library/Developer/Xcode/DerivedData/FinancialCalculatorKit-ackorybalcxbfocbkqsfdzcfkgmn/Build/Intermediates.noindex/HTMLEntities.build/Debug/HTMLEntities.build/Objects-normal/arm64/Constants.o -index-unit-output-path /HTMLEntities.build/Debug/HTMLEntities.build/Objects-normal/arm64/Constants.o -index-store-path /Users/rogerlin/Library/Developer/Xcode/DerivedData/FinancialCalculatorKit-ackorybalcxbfocbkqsfdzcfkgmn/Index.noindex/DataStore -index-system-modules
SwiftCompile normal arm64 Compiling\ String+HTMLEntities.swift /Users/rogerlin/Library/Developer/Xcode/DerivedData/FinancialCalculatorKit-ackorybalcxbfocbkqsfdzcfkgmn/SourcePackages/checkouts/swift-html-entities/Sources/HTMLEntities/String+HTMLEntities.swift (in target 'HTMLEntities' from project 'HTMLEntities')
/Applications/Xcode.app/Contents/Developer/Toolchains/XcodeDefault.xctoolchain/usr/bin/swift-frontend -frontend -c /Users/rogerlin/Library/Developer/Xcode/DerivedData/FinancialCalculatorKit-ackorybalcxbfocbkqsfdzcfkgmn/SourcePackages/checkouts/swift-html-entities/Sources/HTMLEntities/Constants.swift /Users/rogerlin/Library/Developer/Xcode/DerivedData/FinancialCalculatorKit-ackorybalcxbfocbkqsfdzcfkgmn/SourcePackages/checkouts/swift-html-entities/Sources/HTMLEntities/ParseError.swift -primary-file /Users/rogerlin/Library/Developer/Xcode/DerivedData/FinancialCalculatorKit-ackorybalcxbfocbkqsfdzcfkgmn/SourcePackages/checkouts/swift-html-entities/Sources/HTMLEntities/String+HTMLEntities.swift /Users/rogerlin/Library/Developer/Xcode/DerivedData/FinancialCalculatorKit-ackorybalcxbfocbkqsfdzcfkgmn/SourcePackages/checkouts/swift-html-entities/Sources/HTMLEntities/Utilities.swift -emit-dependencies-path /Users/rogerlin/Library/Developer/Xcode/DerivedData/FinancialCalculatorKit-ackorybalcxbfocbkqsfdzcfkgmn/Build/Intermediates.noindex/HTMLEntities.build/Debug/HTMLEntities.build/Objects-normal/arm64/String+HTMLEntities.d -emit-const-values-path /Users/rogerlin/Library/Developer/Xcode/DerivedData/FinancialCalculatorKit-ackorybalcxbfocbkqsfdzcfkgmn/Build/Intermediates.noindex/HTMLEntities.build/Debug/HTMLEntities.build/Objects-normal/arm64/String+HTMLEntities.swiftconstvalues -emit-reference-dependencies-path /Users/rogerlin/Library/Developer/Xcode/DerivedData/FinancialCalculatorKit-ackorybalcxbfocbkqsfdzcfkgmn/Build/Intermediates.noindex/HTMLEntities.build/Debug/HTMLEntities.build/Objects-normal/arm64/String+HTMLEntities.swiftdeps -serialize-diagnostics-path /Users/rogerlin/Library/Developer/Xcode/DerivedData/FinancialCalculatorKit-ackorybalcxbfocbkqsfdzcfkgmn/Build/Intermediates.noindex/HTMLEntities.build/Debug/HTMLEntities.build/Objects-normal/arm64/String+HTMLEntities.dia -target arm64-apple-macos10.13 -load-resolved-plugin /Applications/Xcode.app/Contents/Developer/Platforms/MacOSX.platform/Developer/usr/lib/swift/host/plugins/libSwiftMacros.dylib\#/Applications/Xcode.app/Contents/Developer/Platforms/MacOSX.platform/Developer/usr/bin/swift-plugin-server\#SwiftMacros -disable-implicit-swift-modules -Xcc -fno-implicit-modules -Xcc -fno-implicit-module-maps -explicit-swift-module-map-file /Users/rogerlin/Library/Developer/Xcode/DerivedData/FinancialCalculatorKit-ackorybalcxbfocbkqsfdzcfkgmn/Build/Intermediates.noindex/HTMLEntities.build/Debug/HTMLEntities.build/Objects-normal/arm64/HTMLEntities-dependencies-1.json -Xllvm -aarch64-use-tbi -enable-objc-interop -sdk /Applications/Xcode.app/Contents/Developer/Platforms/MacOSX.platform/Developer/SDKs/MacOSX26.1.sdk -I /Users/rogerlin/Library/Developer/Xcode/DerivedData/FinancialCalculatorKit-ackorybalcxbfocbkqsfdzcfkgmn/Build/Products/Debug -Isystem /Applications/Xcode.app/Contents/Developer/Platforms/MacOSX.platform/Developer/usr/lib -F /Users/rogerlin/Library/Developer/Xcode/DerivedData/FinancialCalculatorKit-ackorybalcxbfocbkqsfdzcfkgmn/Build/Products/Debug -F /Applications/Xcode.app/Contents/Developer/Platforms/MacOSX.platform/Developer/Library/Frameworks -no-color-diagnostics -Xcc -fno-color-diagnostics -enable-testing -g -debug-info-format\=dwarf -dwarf-version\=4 -module-cache-path /Users/rogerlin/Library/Developer/Xcode/DerivedData/FinancialCalculatorKit-ackorybalcxbfocbkqsfdzcfkgmn/Build/Intermediates.noindex/SwiftExplicitPrecompiledModules -suppress-warnings -profile-generate -profile-coverage-mapping -swift-version 5 -enforce-exclusivity\=checked -Onone -D SWIFT_PACKAGE -D DEBUG -D SWIFT_MODULE_RESOURCE_BUNDLE_UNAVAILABLE -D Xcode -serialize-debugging-options -const-gather-protocols-file /Users/rogerlin/Library/Developer/Xcode/DerivedData/FinancialCalculatorKit-ackorybalcxbfocbkqsfdzcfkgmn/Build/Intermediates.noindex/HTMLEntities.build/Debug/HTMLEntities.build/Objects-normal/arm64/HTMLEntities_const_extract_protocols.json -enable-experimental-feature DebugDescriptionMacro -empty-abi-descriptor -validate-clang-modules-once -clang-build-session-file /Users/rogerlin/Library/Developer/Xcode/DerivedData/ModuleCache.noindex/Session.modulevalidation -Xcc -working-directory -Xcc /Users/rogerlin/XCode-Projects/FinancialCalculatorKit-5.0-updated-accent-colors/FinancialCalculatorKit.xcodeproj -enable-anonymous-context-mangled-names -file-compilation-dir /Users/rogerlin/XCode-Projects/FinancialCalculatorKit-5.0-updated-accent-colors/FinancialCalculatorKit.xcodeproj -Xcc -D_LIBCPP_HARDENING_MODE\=_LIBCPP_HARDENING_MODE_DEBUG -Xcc -ivfsstatcache -Xcc /Users/rogerlin/Library/Developer/Xcode/DerivedData/SDKStatCaches.noindex/macosx26.1-25B74-3ae1261907bdadc328169391a47051a6.sdkstatcache -Xcc -I/Users/rogerlin/Library/Developer/Xcode/DerivedData/FinancialCalculatorKit-ackorybalcxbfocbkqsfdzcfkgmn/Build/Intermediates.noindex/HTMLEntities.build/Debug/HTMLEntities.build/swift-overrides.hmap -Xcc -I/Users/rogerlin/Library/Developer/Xcode/DerivedData/FinancialCalculatorKit-ackorybalcxbfocbkqsfdzcfkgmn/Build/Products/Debug/include -Xcc -I/Users/rogerlin/Library/Developer/Xcode/DerivedData/FinancialCalculatorKit-ackorybalcxbfocbkqsfdzcfkgmn/Build/Intermediates.noindex/HTMLEntities.build/Debug/HTMLEntities.build/DerivedSources-normal/arm64 -Xcc -I/Users/rogerlin/Library/Developer/Xcode/DerivedData/FinancialCalculatorKit-ackorybalcxbfocbkqsfdzcfkgmn/Build/Intermediates.noindex/HTMLEntities.build/Debug/HTMLEntities.build/DerivedSources/arm64 -Xcc -I/Users/rogerlin/Library/Developer/Xcode/DerivedData/FinancialCalculatorKit-ackorybalcxbfocbkqsfdzcfkgmn/Build/Intermediates.noindex/HTMLEntities.build/Debug/HTMLEntities.build/DerivedSources -Xcc -DSWIFT_PACKAGE -Xcc -DDEBUG\=1 -no-auto-bridging-header-chaining -module-name HTMLEntities -frontend-parseable-output -disable-clang-spi -target-sdk-version 26.1 -target-sdk-name macosx26.1 -clang-target arm64-apple-macos26.1 -in-process-plugin-server-path /Applications/Xcode.app/Contents/Developer/Toolchains/XcodeDefault.xctoolchain/usr/lib/swift/host/libSwiftInProcPluginServer.dylib -o /Users/rogerlin/Library/Developer/Xcode/DerivedData/FinancialCalculatorKit-ackorybalcxbfocbkqsfdzcfkgmn/Build/Intermediates.noindex/HTMLEntities.build/Debug/HTMLEntities.build/Objects-normal/arm64/String+HTMLEntities.o -index-unit-output-path /HTMLEntities.build/Debug/HTMLEntities.build/Objects-normal/arm64/String+HTMLEntities.o -index-store-path /Users/rogerlin/Library/Developer/Xcode/DerivedData/FinancialCalculatorKit-ackorybalcxbfocbkqsfdzcfkgmn/Index.noindex/DataStore -index-system-modules

SwiftCompile normal arm64 /Users/rogerlin/Library/Developer/Xcode/DerivedData/FinancialCalculatorKit-ackorybalcxbfocbkqsfdzcfkgmn/SourcePackages/checkouts/swift-html-entities/Sources/HTMLEntities/String+HTMLEntities.swift (in target 'HTMLEntities' from project 'HTMLEntities')
    cd /Users/rogerlin/XCode-Projects/FinancialCalculatorKit-5.0-updated-accent-colors/FinancialCalculatorKit.xcodeproj
    

SwiftCompile normal arm64 Compiling\ ParseError.swift /Users/rogerlin/Library/Developer/Xcode/DerivedData/FinancialCalculatorKit-ackorybalcxbfocbkqsfdzcfkgmn/SourcePackages/checkouts/swift-html-entities/Sources/HTMLEntities/ParseError.swift (in target 'HTMLEntities' from project 'HTMLEntities')
/Applications/Xcode.app/Contents/Developer/Toolchains/XcodeDefault.xctoolchain/usr/bin/swift-frontend -frontend -c /Users/rogerlin/Library/Developer/Xcode/DerivedData/FinancialCalculatorKit-ackorybalcxbfocbkqsfdzcfkgmn/SourcePackages/checkouts/swift-html-entities/Sources/HTMLEntities/Constants.swift -primary-file /Users/rogerlin/Library/Developer/Xcode/DerivedData/FinancialCalculatorKit-ackorybalcxbfocbkqsfdzcfkgmn/SourcePackages/checkouts/swift-html-entities/Sources/HTMLEntities/ParseError.swift /Users/rogerlin/Library/Developer/Xcode/DerivedData/FinancialCalculatorKit-ackorybalcxbfocbkqsfdzcfkgmn/SourcePackages/checkouts/swift-html-entities/Sources/HTMLEntities/String+HTMLEntities.swift /Users/rogerlin/Library/Developer/Xcode/DerivedData/FinancialCalculatorKit-ackorybalcxbfocbkqsfdzcfkgmn/SourcePackages/checkouts/swift-html-entities/Sources/HTMLEntities/Utilities.swift -emit-dependencies-path /Users/rogerlin/Library/Developer/Xcode/DerivedData/FinancialCalculatorKit-ackorybalcxbfocbkqsfdzcfkgmn/Build/Intermediates.noindex/HTMLEntities.build/Debug/HTMLEntities.build/Objects-normal/arm64/ParseError.d -emit-const-values-path /Users/rogerlin/Library/Developer/Xcode/DerivedData/FinancialCalculatorKit-ackorybalcxbfocbkqsfdzcfkgmn/Build/Intermediates.noindex/HTMLEntities.build/Debug/HTMLEntities.build/Objects-normal/arm64/ParseError.swiftconstvalues -emit-reference-dependencies-path /Users/rogerlin/Library/Developer/Xcode/DerivedData/FinancialCalculatorKit-ackorybalcxbfocbkqsfdzcfkgmn/Build/Intermediates.noindex/HTMLEntities.build/Debug/HTMLEntities.build/Objects-normal/arm64/ParseError.swiftdeps -serialize-diagnostics-path /Users/rogerlin/Library/Developer/Xcode/DerivedData/FinancialCalculatorKit-ackorybalcxbfocbkqsfdzcfkgmn/Build/Intermediates.noindex/HTMLEntities.build/Debug/HTMLEntities.build/Objects-normal/arm64/ParseError.dia -target arm64-apple-macos10.13 -load-resolved-plugin /Applications/Xcode.app/Contents/Developer/Platforms/MacOSX.platform/Developer/usr/lib/swift/host/plugins/libSwiftMacros.dylib\#/Applications/Xcode.app/Contents/Developer/Platforms/MacOSX.platform/Developer/usr/bin/swift-plugin-server\#SwiftMacros -disable-implicit-swift-modules -Xcc -fno-implicit-modules -Xcc -fno-implicit-module-maps -explicit-swift-module-map-file /Users/rogerlin/Library/Developer/Xcode/DerivedData/FinancialCalculatorKit-ackorybalcxbfocbkqsfdzcfkgmn/Build/Intermediates.noindex/HTMLEntities.build/Debug/HTMLEntities.build/Objects-normal/arm64/HTMLEntities-dependencies-1.json -Xllvm -aarch64-use-tbi -enable-objc-interop -sdk /Applications/Xcode.app/Contents/Developer/Platforms/MacOSX.platform/Developer/SDKs/MacOSX26.1.sdk -I /Users/rogerlin/Library/Developer/Xcode/DerivedData/FinancialCalculatorKit-ackorybalcxbfocbkqsfdzcfkgmn/Build/Products/Debug -Isystem /Applications/Xcode.app/Contents/Developer/Platforms/MacOSX.platform/Developer/usr/lib -F /Users/rogerlin/Library/Developer/Xcode/DerivedData/FinancialCalculatorKit-ackorybalcxbfocbkqsfdzcfkgmn/Build/Products/Debug -F /Applications/Xcode.app/Contents/Developer/Platforms/MacOSX.platform/Developer/Library/Frameworks -no-color-diagnostics -Xcc -fno-color-diagnostics -enable-testing -g -debug-info-format\=dwarf -dwarf-version\=4 -module-cache-path /Users/rogerlin/Library/Developer/Xcode/DerivedData/FinancialCalculatorKit-ackorybalcxbfocbkqsfdzcfkgmn/Build/Intermediates.noindex/SwiftExplicitPrecompiledModules -suppress-warnings -profile-generate -profile-coverage-mapping -swift-version 5 -enforce-exclusivity\=checked -Onone -D SWIFT_PACKAGE -D DEBUG -D SWIFT_MODULE_RESOURCE_BUNDLE_UNAVAILABLE -D Xcode -serialize-debugging-options -const-gather-protocols-file /Users/rogerlin/Library/Developer/Xcode/DerivedData/FinancialCalculatorKit-ackorybalcxbfocbkqsfdzcfkgmn/Build/Intermediates.noindex/HTMLEntities.build/Debug/HTMLEntities.build/Objects-normal/arm64/HTMLEntities_const_extract_protocols.json -enable-experimental-feature DebugDescriptionMacro -empty-abi-descriptor -validate-clang-modules-once -clang-build-session-file /Users/rogerlin/Library/Developer/Xcode/DerivedData/ModuleCache.noindex/Session.modulevalidation -Xcc -working-directory -Xcc /Users/rogerlin/XCode-Projects/FinancialCalculatorKit-5.0-updated-accent-colors/FinancialCalculatorKit.xcodeproj -enable-anonymous-context-mangled-names -file-compilation-dir /Users/rogerlin/XCode-Projects/FinancialCalculatorKit-5.0-updated-accent-colors/FinancialCalculatorKit.xcodeproj -Xcc -D_LIBCPP_HARDENING_MODE\=_LIBCPP_HARDENING_MODE_DEBUG -Xcc -ivfsstatcache -Xcc /Users/rogerlin/Library/Developer/Xcode/DerivedData/SDKStatCaches.noindex/macosx26.1-25B74-3ae1261907bdadc328169391a47051a6.sdkstatcache -Xcc -I/Users/rogerlin/Library/Developer/Xcode/DerivedData/FinancialCalculatorKit-ackorybalcxbfocbkqsfdzcfkgmn/Build/Intermediates.noindex/HTMLEntities.build/Debug/HTMLEntities.build/swift-overrides.hmap -Xcc -I/Users/rogerlin/Library/Developer/Xcode/DerivedData/FinancialCalculatorKit-ackorybalcxbfocbkqsfdzcfkgmn/Build/Products/Debug/include -Xcc -I/Users/rogerlin/Library/Developer/Xcode/DerivedData/FinancialCalculatorKit-ackorybalcxbfocbkqsfdzcfkgmn/Build/Intermediates.noindex/HTMLEntities.build/Debug/HTMLEntities.build/DerivedSources-normal/arm64 -Xcc -I/Users/rogerlin/Library/Developer/Xcode/DerivedData/FinancialCalculatorKit-ackorybalcxbfocbkqsfdzcfkgmn/Build/Intermediates.noindex/HTMLEntities.build/Debug/HTMLEntities.build/DerivedSources/arm64 -Xcc -I/Users/rogerlin/Library/Developer/Xcode/DerivedData/FinancialCalculatorKit-ackorybalcxbfocbkqsfdzcfkgmn/Build/Intermediates.noindex/HTMLEntities.build/Debug/HTMLEntities.build/DerivedSources -Xcc -DSWIFT_PACKAGE -Xcc -DDEBUG\=1 -no-auto-bridging-header-chaining -module-name HTMLEntities -frontend-parseable-output -disable-clang-spi -target-sdk-version 26.1 -target-sdk-name macosx26.1 -clang-target arm64-apple-macos26.1 -in-process-plugin-server-path /Applications/Xcode.app/Contents/Developer/Toolchains/XcodeDefault.xctoolchain/usr/lib/swift/host/libSwiftInProcPluginServer.dylib -o /Users/rogerlin/Library/Developer/Xcode/DerivedData/FinancialCalculatorKit-ackorybalcxbfocbkqsfdzcfkgmn/Build/Intermediates.noindex/HTMLEntities.build/Debug/HTMLEntities.build/Objects-normal/arm64/ParseError.o -index-unit-output-path /HTMLEntities.build/Debug/HTMLEntities.build/Objects-normal/arm64/ParseError.o -index-store-path /Users/rogerlin/Library/Developer/Xcode/DerivedData/FinancialCalculatorKit-ackorybalcxbfocbkqsfdzcfkgmn/Index.noindex/DataStore -index-system-modules

SwiftCompile normal arm64 /Users/rogerlin/Library/Developer/Xcode/DerivedData/FinancialCalculatorKit-ackorybalcxbfocbkqsfdzcfkgmn/SourcePackages/checkouts/swift-html-entities/Sources/HTMLEntities/ParseError.swift (in target 'HTMLEntities' from project 'HTMLEntities')
    cd /Users/rogerlin/XCode-Projects/FinancialCalculatorKit-5.0-updated-accent-colors/FinancialCalculatorKit.xcodeproj
    

SwiftEmitModule normal arm64 Emitting\ module\ for\ RealModule (in target 'RealModule' from project 'swift-numerics')
/Applications/Xcode.app/Contents/Developer/Toolchains/XcodeDefault.xctoolchain/usr/bin/swift-frontend -frontend -emit-module -experimental-skip-non-inlinable-function-bodies-without-types /Users/rogerlin/Library/Developer/Xcode/DerivedData/FinancialCalculatorKit-ackorybalcxbfocbkqsfdzcfkgmn/SourcePackages/checkouts/swift-numerics/Sources/RealModule/AlgebraicField.swift /Users/rogerlin/Library/Developer/Xcode/DerivedData/FinancialCalculatorKit-ackorybalcxbfocbkqsfdzcfkgmn/SourcePackages/checkouts/swift-numerics/Sources/RealModule/ApproximateEquality.swift /Users/rogerlin/Library/Developer/Xcode/DerivedData/FinancialCalculatorKit-ackorybalcxbfocbkqsfdzcfkgmn/SourcePackages/checkouts/swift-numerics/Sources/RealModule/AugmentedArithmetic.swift /Users/rogerlin/Library/Developer/Xcode/DerivedData/FinancialCalculatorKit-ackorybalcxbfocbkqsfdzcfkgmn/SourcePackages/checkouts/swift-numerics/Sources/RealModule/Double+Real.swift /Users/rogerlin/Library/Developer/Xcode/DerivedData/FinancialCalculatorKit-ackorybalcxbfocbkqsfdzcfkgmn/SourcePackages/checkouts/swift-numerics/Sources/RealModule/ElementaryFunctions.swift /Users/rogerlin/Library/Developer/Xcode/DerivedData/FinancialCalculatorKit-ackorybalcxbfocbkqsfdzcfkgmn/SourcePackages/checkouts/swift-numerics/Sources/RealModule/Float+Real.swift /Users/rogerlin/Library/Developer/Xcode/DerivedData/FinancialCalculatorKit-ackorybalcxbfocbkqsfdzcfkgmn/SourcePackages/checkouts/swift-numerics/Sources/RealModule/Float16+Real.swift /Users/rogerlin/Library/Developer/Xcode/DerivedData/FinancialCalculatorKit-ackorybalcxbfocbkqsfdzcfkgmn/SourcePackages/checkouts/swift-numerics/Sources/RealModule/Float80+Real.swift /Users/rogerlin/Library/Developer/Xcode/DerivedData/FinancialCalculatorKit-ackorybalcxbfocbkqsfdzcfkgmn/SourcePackages/checkouts/swift-numerics/Sources/RealModule/Real.swift /Users/rogerlin/Library/Developer/Xcode/DerivedData/FinancialCalculatorKit-ackorybalcxbfocbkqsfdzcfkgmn/SourcePackages/checkouts/swift-numerics/Sources/RealModule/RealFunctions.swift -target arm64-apple-macos10.13 -load-resolved-plugin /Applications/Xcode.app/Contents/Developer/Platforms/MacOSX.platform/Developer/usr/lib/swift/host/plugins/libSwiftMacros.dylib\#/Applications/Xcode.app/Contents/Developer/Platforms/MacOSX.platform/Developer/usr/bin/swift-plugin-server\#SwiftMacros -disable-implicit-swift-modules -Xcc -fno-implicit-modules -Xcc -fno-implicit-module-maps -explicit-swift-module-map-file /Users/rogerlin/Library/Developer/Xcode/DerivedData/FinancialCalculatorKit-ackorybalcxbfocbkqsfdzcfkgmn/Build/Intermediates.noindex/swift-numerics.build/Debug/RealModule.build/Objects-normal/arm64/RealModule-dependencies-1.json -Xllvm -aarch64-use-tbi -enable-objc-interop -sdk /Applications/Xcode.app/Contents/Developer/Platforms/MacOSX.platform/Developer/SDKs/MacOSX26.1.sdk -I /Users/rogerlin/Library/Developer/Xcode/DerivedData/FinancialCalculatorKit-ackorybalcxbfocbkqsfdzcfkgmn/Build/Products/Debug -Isystem /Applications/Xcode.app/Contents/Developer/Platforms/MacOSX.platform/Developer/usr/lib -F /Users/rogerlin/Library/Developer/Xcode/DerivedData/FinancialCalculatorKit-ackorybalcxbfocbkqsfdzcfkgmn/Build/Products/Debug/PackageFrameworks -F /Users/rogerlin/Library/Developer/Xcode/DerivedData/FinancialCalculatorKit-ackorybalcxbfocbkqsfdzcfkgmn/Build/Products/Debug -F /Applications/Xcode.app/Contents/Developer/Platforms/MacOSX.platform/Developer/Library/Frameworks -no-color-diagnostics -Xcc -fno-color-diagnostics -enable-testing -g -debug-info-format\=dwarf -dwarf-version\=4 -module-cache-path /Users/rogerlin/Library/Developer/Xcode/DerivedData/FinancialCalculatorKit-ackorybalcxbfocbkqsfdzcfkgmn/Build/Intermediates.noindex/SwiftExplicitPrecompiledModules -suppress-warnings -profile-generate -profile-coverage-mapping -swift-version 5 -enforce-exclusivity\=checked -Onone -D SWIFT_PACKAGE -D DEBUG -D SWIFT_MODULE_RESOURCE_BUNDLE_UNAVAILABLE -D Xcode -serialize-debugging-options -const-gather-protocols-file /Users/rogerlin/Library/Developer/Xcode/DerivedData/FinancialCalculatorKit-ackorybalcxbfocbkqsfdzcfkgmn/Build/Intermediates.noindex/swift-numerics.build/Debug/RealModule.build/Objects-normal/arm64/RealModule_const_extract_protocols.json -enable-experimental-feature DebugDescriptionMacro -empty-abi-descriptor -validate-clang-modules-once -clang-build-session-file /Users/rogerlin/Library/Developer/Xcode/DerivedData/ModuleCache.noindex/Session.modulevalidation -Xcc -working-directory -Xcc /Users/rogerlin/XCode-Projects/FinancialCalculatorKit-5.0-updated-accent-colors/FinancialCalculatorKit.xcodeproj -enable-anonymous-context-mangled-names -file-compilation-dir /Users/rogerlin/XCode-Projects/FinancialCalculatorKit-5.0-updated-accent-colors/FinancialCalculatorKit.xcodeproj -Xcc -D_LIBCPP_HARDENING_MODE\=_LIBCPP_HARDENING_MODE_DEBUG -Xcc -ivfsstatcache -Xcc /Users/rogerlin/Library/Developer/Xcode/DerivedData/SDKStatCaches.noindex/macosx26.1-25B74-3ae1261907bdadc328169391a47051a6.sdkstatcache -Xcc -I/Users/rogerlin/Library/Developer/Xcode/DerivedData/FinancialCalculatorKit-ackorybalcxbfocbkqsfdzcfkgmn/Build/Intermediates.noindex/swift-numerics.build/Debug/RealModule.build/swift-overrides.hmap -Xcc -I/Users/rogerlin/Library/Developer/Xcode/DerivedData/FinancialCalculatorKit-ackorybalcxbfocbkqsfdzcfkgmn/SourcePackages/checkouts/swift-numerics/Sources/_NumericsShims/include -Xcc -I/Users/rogerlin/Library/Developer/Xcode/DerivedData/FinancialCalculatorKit-ackorybalcxbfocbkqsfdzcfkgmn/Build/Products/Debug/include -Xcc -I/Users/rogerlin/Library/Developer/Xcode/DerivedData/FinancialCalculatorKit-ackorybalcxbfocbkqsfdzcfkgmn/Build/Intermediates.noindex/swift-numerics.build/Debug/RealModule.build/DerivedSources-normal/arm64 -Xcc -I/Users/rogerlin/Library/Developer/Xcode/DerivedData/FinancialCalculatorKit-ackorybalcxbfocbkqsfdzcfkgmn/Build/Intermediates.noindex/swift-numerics.build/Debug/RealModule.build/DerivedSources/arm64 -Xcc -I/Users/rogerlin/Library/Developer/Xcode/DerivedData/FinancialCalculatorKit-ackorybalcxbfocbkqsfdzcfkgmn/Build/Intermediates.noindex/swift-numerics.build/Debug/RealModule.build/DerivedSources -Xcc -DSWIFT_PACKAGE -Xcc -DDEBUG\=1 -no-auto-bridging-header-chaining -module-name RealModule -frontend-parseable-output -disable-clang-spi -target-sdk-version 26.1 -target-sdk-name macosx26.1 -clang-target arm64-apple-macos26.1 -in-process-plugin-server-path /Applications/Xcode.app/Contents/Developer/Toolchains/XcodeDefault.xctoolchain/usr/lib/swift/host/libSwiftInProcPluginServer.dylib -emit-module-doc-path /Users/rogerlin/Library/Developer/Xcode/DerivedData/FinancialCalculatorKit-ackorybalcxbfocbkqsfdzcfkgmn/Build/Intermediates.noindex/swift-numerics.build/Debug/RealModule.build/Objects-normal/arm64/RealModule.swiftdoc -emit-module-source-info-path /Users/rogerlin/Library/Developer/Xcode/DerivedData/FinancialCalculatorKit-ackorybalcxbfocbkqsfdzcfkgmn/Build/Intermediates.noindex/swift-numerics.build/Debug/RealModule.build/Objects-normal/arm64/RealModule.swiftsourceinfo -emit-objc-header-path /Users/rogerlin/Library/Developer/Xcode/DerivedData/FinancialCalculatorKit-ackorybalcxbfocbkqsfdzcfkgmn/Build/Intermediates.noindex/swift-numerics.build/Debug/RealModule.build/Objects-normal/arm64/RealModule-Swift.h -serialize-diagnostics-path /Users/rogerlin/Library/Developer/Xcode/DerivedData/FinancialCalculatorKit-ackorybalcxbfocbkqsfdzcfkgmn/Build/Intermediates.noindex/swift-numerics.build/Debug/RealModule.build/Objects-normal/arm64/RealModule-primary-emit-module.dia -emit-dependencies-path /Users/rogerlin/Library/Developer/Xcode/DerivedData/FinancialCalculatorKit-ackorybalcxbfocbkqsfdzcfkgmn/Build/Intermediates.noindex/swift-numerics.build/Debug/RealModule.build/Objects-normal/arm64/RealModule-primary-emit-module.d -o /Users/rogerlin/Library/Developer/Xcode/DerivedData/FinancialCalculatorKit-ackorybalcxbfocbkqsfdzcfkgmn/Build/Intermediates.noindex/swift-numerics.build/Debug/RealModule.build/Objects-normal/arm64/RealModule.swiftmodule -emit-abi-descriptor-path /Users/rogerlin/Library/Developer/Xcode/DerivedData/FinancialCalculatorKit-ackorybalcxbfocbkqsfdzcfkgmn/Build/Intermediates.noindex/swift-numerics.build/Debug/RealModule.build/Objects-normal/arm64/RealModule.abi.json

EmitSwiftModule normal arm64 (in target 'RealModule' from project 'swift-numerics')
    cd /Users/rogerlin/XCode-Projects/FinancialCalculatorKit-5.0-updated-accent-colors/FinancialCalculatorKit.xcodeproj
    

SwiftCompile normal arm64 Compiling\ AugmentedArithmetic.swift /Users/rogerlin/Library/Developer/Xcode/DerivedData/FinancialCalculatorKit-ackorybalcxbfocbkqsfdzcfkgmn/SourcePackages/checkouts/swift-numerics/Sources/RealModule/AugmentedArithmetic.swift (in target 'RealModule' from project 'swift-numerics')
/Applications/Xcode.app/Contents/Developer/Toolchains/XcodeDefault.xctoolchain/usr/bin/swift-frontend -frontend -c /Users/rogerlin/Library/Developer/Xcode/DerivedData/FinancialCalculatorKit-ackorybalcxbfocbkqsfdzcfkgmn/SourcePackages/checkouts/swift-numerics/Sources/RealModule/AlgebraicField.swift /Users/rogerlin/Library/Developer/Xcode/DerivedData/FinancialCalculatorKit-ackorybalcxbfocbkqsfdzcfkgmn/SourcePackages/checkouts/swift-numerics/Sources/RealModule/ApproximateEquality.swift -primary-file /Users/rogerlin/Library/Developer/Xcode/DerivedData/FinancialCalculatorKit-ackorybalcxbfocbkqsfdzcfkgmn/SourcePackages/checkouts/swift-numerics/Sources/RealModule/AugmentedArithmetic.swift /Users/rogerlin/Library/Developer/Xcode/DerivedData/FinancialCalculatorKit-ackorybalcxbfocbkqsfdzcfkgmn/SourcePackages/checkouts/swift-numerics/Sources/RealModule/Double+Real.swift /Users/rogerlin/Library/Developer/Xcode/DerivedData/FinancialCalculatorKit-ackorybalcxbfocbkqsfdzcfkgmn/SourcePackages/checkouts/swift-numerics/Sources/RealModule/ElementaryFunctions.swift /Users/rogerlin/Library/Developer/Xcode/DerivedData/FinancialCalculatorKit-ackorybalcxbfocbkqsfdzcfkgmn/SourcePackages/checkouts/swift-numerics/Sources/RealModule/Float+Real.swift /Users/rogerlin/Library/Developer/Xcode/DerivedData/FinancialCalculatorKit-ackorybalcxbfocbkqsfdzcfkgmn/SourcePackages/checkouts/swift-numerics/Sources/RealModule/Float16+Real.swift /Users/rogerlin/Library/Developer/Xcode/DerivedData/FinancialCalculatorKit-ackorybalcxbfocbkqsfdzcfkgmn/SourcePackages/checkouts/swift-numerics/Sources/RealModule/Float80+Real.swift /Users/rogerlin/Library/Developer/Xcode/DerivedData/FinancialCalculatorKit-ackorybalcxbfocbkqsfdzcfkgmn/SourcePackages/checkouts/swift-numerics/Sources/RealModule/Real.swift /Users/rogerlin/Library/Developer/Xcode/DerivedData/FinancialCalculatorKit-ackorybalcxbfocbkqsfdzcfkgmn/SourcePackages/checkouts/swift-numerics/Sources/RealModule/RealFunctions.swift -emit-dependencies-path /Users/rogerlin/Library/Developer/Xcode/DerivedData/FinancialCalculatorKit-ackorybalcxbfocbkqsfdzcfkgmn/Build/Intermediates.noindex/swift-numerics.build/Debug/RealModule.build/Objects-normal/arm64/AugmentedArithmetic.d -emit-const-values-path /Users/rogerlin/Library/Developer/Xcode/DerivedData/FinancialCalculatorKit-ackorybalcxbfocbkqsfdzcfkgmn/Build/Intermediates.noindex/swift-numerics.build/Debug/RealModule.build/Objects-normal/arm64/AugmentedArithmetic.swiftconstvalues -emit-reference-dependencies-path /Users/rogerlin/Library/Developer/Xcode/DerivedData/FinancialCalculatorKit-ackorybalcxbfocbkqsfdzcfkgmn/Build/Intermediates.noindex/swift-numerics.build/Debug/RealModule.build/Objects-normal/arm64/AugmentedArithmetic.swiftdeps -serialize-diagnostics-path /Users/rogerlin/Library/Developer/Xcode/DerivedData/FinancialCalculatorKit-ackorybalcxbfocbkqsfdzcfkgmn/Build/Intermediates.noindex/swift-numerics.build/Debug/RealModule.build/Objects-normal/arm64/AugmentedArithmetic.dia -target arm64-apple-macos10.13 -load-resolved-plugin /Applications/Xcode.app/Contents/Developer/Platforms/MacOSX.platform/Developer/usr/lib/swift/host/plugins/libSwiftMacros.dylib\#/Applications/Xcode.app/Contents/Developer/Platforms/MacOSX.platform/Developer/usr/bin/swift-plugin-server\#SwiftMacros -disable-implicit-swift-modules -Xcc -fno-implicit-modules -Xcc -fno-implicit-module-maps -explicit-swift-module-map-file /Users/rogerlin/Library/Developer/Xcode/DerivedData/FinancialCalculatorKit-ackorybalcxbfocbkqsfdzcfkgmn/Build/Intermediates.noindex/swift-numerics.build/Debug/RealModule.build/Objects-normal/arm64/RealModule-dependencies-1.json -Xllvm -aarch64-use-tbi -enable-objc-interop -sdk /Applications/Xcode.app/Contents/Developer/Platforms/MacOSX.platform/Developer/SDKs/MacOSX26.1.sdk -I /Users/rogerlin/Library/Developer/Xcode/DerivedData/FinancialCalculatorKit-ackorybalcxbfocbkqsfdzcfkgmn/Build/Products/Debug -Isystem /Applications/Xcode.app/Contents/Developer/Platforms/MacOSX.platform/Developer/usr/lib -F /Users/rogerlin/Library/Developer/Xcode/DerivedData/FinancialCalculatorKit-ackorybalcxbfocbkqsfdzcfkgmn/Build/Products/Debug/PackageFrameworks -F /Users/rogerlin/Library/Developer/Xcode/DerivedData/FinancialCalculatorKit-ackorybalcxbfocbkqsfdzcfkgmn/Build/Products/Debug -F /Applications/Xcode.app/Contents/Developer/Platforms/MacOSX.platform/Developer/Library/Frameworks -no-color-diagnostics -Xcc -fno-color-diagnostics -enable-testing -g -debug-info-format\=dwarf -dwarf-version\=4 -module-cache-path /Users/rogerlin/Library/Developer/Xcode/DerivedData/FinancialCalculatorKit-ackorybalcxbfocbkqsfdzcfkgmn/Build/Intermediates.noindex/SwiftExplicitPrecompiledModules -suppress-warnings -profile-generate -profile-coverage-mapping -swift-version 5 -enforce-exclusivity\=checked -Onone -D SWIFT_PACKAGE -D DEBUG -D SWIFT_MODULE_RESOURCE_BUNDLE_UNAVAILABLE -D Xcode -serialize-debugging-options -const-gather-protocols-file /Users/rogerlin/Library/Developer/Xcode/DerivedData/FinancialCalculatorKit-ackorybalcxbfocbkqsfdzcfkgmn/Build/Intermediates.noindex/swift-numerics.build/Debug/RealModule.build/Objects-normal/arm64/RealModule_const_extract_protocols.json -enable-experimental-feature DebugDescriptionMacro -empty-abi-descriptor -validate-clang-modules-once -clang-build-session-file /Users/rogerlin/Library/Developer/Xcode/DerivedData/ModuleCache.noindex/Session.modulevalidation -Xcc -working-directory -Xcc /Users/rogerlin/XCode-Projects/FinancialCalculatorKit-5.0-updated-accent-colors/FinancialCalculatorKit.xcodeproj -enable-anonymous-context-mangled-names -file-compilation-dir /Users/rogerlin/XCode-Projects/FinancialCalculatorKit-5.0-updated-accent-colors/FinancialCalculatorKit.xcodeproj -Xcc -D_LIBCPP_HARDENING_MODE\=_LIBCPP_HARDENING_MODE_DEBUG -Xcc -ivfsstatcache -Xcc /Users/rogerlin/Library/Developer/Xcode/DerivedData/SDKStatCaches.noindex/macosx26.1-25B74-3ae1261907bdadc328169391a47051a6.sdkstatcache -Xcc -I/Users/rogerlin/Library/Developer/Xcode/DerivedData/FinancialCalculatorKit-ackorybalcxbfocbkqsfdzcfkgmn/Build/Intermediates.noindex/swift-numerics.build/Debug/RealModule.build/swift-overrides.hmap -Xcc -I/Users/rogerlin/Library/Developer/Xcode/DerivedData/FinancialCalculatorKit-ackorybalcxbfocbkqsfdzcfkgmn/SourcePackages/checkouts/swift-numerics/Sources/_NumericsShims/include -Xcc -I/Users/rogerlin/Library/Developer/Xcode/DerivedData/FinancialCalculatorKit-ackorybalcxbfocbkqsfdzcfkgmn/Build/Products/Debug/include -Xcc -I/Users/rogerlin/Library/Developer/Xcode/DerivedData/FinancialCalculatorKit-ackorybalcxbfocbkqsfdzcfkgmn/Build/Intermediates.noindex/swift-numerics.build/Debug/RealModule.build/DerivedSources-normal/arm64 -Xcc -I/Users/rogerlin/Library/Developer/Xcode/DerivedData/FinancialCalculatorKit-ackorybalcxbfocbkqsfdzcfkgmn/Build/Intermediates.noindex/swift-numerics.build/Debug/RealModule.build/DerivedSources/arm64 -Xcc -I/Users/rogerlin/Library/Developer/Xcode/DerivedData/FinancialCalculatorKit-ackorybalcxbfocbkqsfdzcfkgmn/Build/Intermediates.noindex/swift-numerics.build/Debug/RealModule.build/DerivedSources -Xcc -DSWIFT_PACKAGE -Xcc -DDEBUG\=1 -no-auto-bridging-header-chaining -module-name RealModule -frontend-parseable-output -disable-clang-spi -target-sdk-version 26.1 -target-sdk-name macosx26.1 -clang-target arm64-apple-macos26.1 -in-process-plugin-server-path /Applications/Xcode.app/Contents/Developer/Toolchains/XcodeDefault.xctoolchain/usr/lib/swift/host/libSwiftInProcPluginServer.dylib -o /Users/rogerlin/Library/Developer/Xcode/DerivedData/FinancialCalculatorKit-ackorybalcxbfocbkqsfdzcfkgmn/Build/Intermediates.noindex/swift-numerics.build/Debug/RealModule.build/Objects-normal/arm64/AugmentedArithmetic.o -index-unit-output-path /swift-numerics.build/Debug/RealModule.build/Objects-normal/arm64/AugmentedArithmetic.o -index-store-path /Users/rogerlin/Library/Developer/Xcode/DerivedData/FinancialCalculatorKit-ackorybalcxbfocbkqsfdzcfkgmn/Index.noindex/DataStore -index-system-modules

SwiftCompile normal arm64 /Users/rogerlin/Library/Developer/Xcode/DerivedData/FinancialCalculatorKit-ackorybalcxbfocbkqsfdzcfkgmn/SourcePackages/checkouts/swift-numerics/Sources/RealModule/AugmentedArithmetic.swift (in target 'RealModule' from project 'swift-numerics')
    cd /Users/rogerlin/XCode-Projects/FinancialCalculatorKit-5.0-updated-accent-colors/FinancialCalculatorKit.xcodeproj
    

SwiftCompile normal arm64 Compiling\ AlgebraicField.swift /Users/rogerlin/Library/Developer/Xcode/DerivedData/FinancialCalculatorKit-ackorybalcxbfocbkqsfdzcfkgmn/SourcePackages/checkouts/swift-numerics/Sources/RealModule/AlgebraicField.swift (in target 'RealModule' from project 'swift-numerics')
/Applications/Xcode.app/Contents/Developer/Toolchains/XcodeDefault.xctoolchain/usr/bin/swift-frontend -frontend -c -primary-file /Users/rogerlin/Library/Developer/Xcode/DerivedData/FinancialCalculatorKit-ackorybalcxbfocbkqsfdzcfkgmn/SourcePackages/checkouts/swift-numerics/Sources/RealModule/AlgebraicField.swift /Users/rogerlin/Library/Developer/Xcode/DerivedData/FinancialCalculatorKit-ackorybalcxbfocbkqsfdzcfkgmn/SourcePackages/checkouts/swift-numerics/Sources/RealModule/ApproximateEquality.swift /Users/rogerlin/Library/Developer/Xcode/DerivedData/FinancialCalculatorKit-ackorybalcxbfocbkqsfdzcfkgmn/SourcePackages/checkouts/swift-numerics/Sources/RealModule/AugmentedArithmetic.swift /Users/rogerlin/Library/Developer/Xcode/DerivedData/FinancialCalculatorKit-ackorybalcxbfocbkqsfdzcfkgmn/SourcePackages/checkouts/swift-numerics/Sources/RealModule/Double+Real.swift /Users/rogerlin/Library/Developer/Xcode/DerivedData/FinancialCalculatorKit-ackorybalcxbfocbkqsfdzcfkgmn/SourcePackages/checkouts/swift-numerics/Sources/RealModule/ElementaryFunctions.swift /Users/rogerlin/Library/Developer/Xcode/DerivedData/FinancialCalculatorKit-ackorybalcxbfocbkqsfdzcfkgmn/SourcePackages/checkouts/swift-numerics/Sources/RealModule/Float+Real.swift /Users/rogerlin/Library/Developer/Xcode/DerivedData/FinancialCalculatorKit-ackorybalcxbfocbkqsfdzcfkgmn/SourcePackages/checkouts/swift-numerics/Sources/RealModule/Float16+Real.swift /Users/rogerlin/Library/Developer/Xcode/DerivedData/FinancialCalculatorKit-ackorybalcxbfocbkqsfdzcfkgmn/SourcePackages/checkouts/swift-numerics/Sources/RealModule/Float80+Real.swift /Users/rogerlin/Library/Developer/Xcode/DerivedData/FinancialCalculatorKit-ackorybalcxbfocbkqsfdzcfkgmn/SourcePackages/checkouts/swift-numerics/Sources/RealModule/Real.swift /Users/rogerlin/Library/Developer/Xcode/DerivedData/FinancialCalculatorKit-ackorybalcxbfocbkqsfdzcfkgmn/SourcePackages/checkouts/swift-numerics/Sources/RealModule/RealFunctions.swift -emit-dependencies-path /Users/rogerlin/Library/Developer/Xcode/DerivedData/FinancialCalculatorKit-ackorybalcxbfocbkqsfdzcfkgmn/Build/Intermediates.noindex/swift-numerics.build/Debug/RealModule.build/Objects-normal/arm64/AlgebraicField.d -emit-const-values-path /Users/rogerlin/Library/Developer/Xcode/DerivedData/FinancialCalculatorKit-ackorybalcxbfocbkqsfdzcfkgmn/Build/Intermediates.noindex/swift-numerics.build/Debug/RealModule.build/Objects-normal/arm64/AlgebraicField.swiftconstvalues -emit-reference-dependencies-path /Users/rogerlin/Library/Developer/Xcode/DerivedData/FinancialCalculatorKit-ackorybalcxbfocbkqsfdzcfkgmn/Build/Intermediates.noindex/swift-numerics.build/Debug/RealModule.build/Objects-normal/arm64/AlgebraicField.swiftdeps -serialize-diagnostics-path /Users/rogerlin/Library/Developer/Xcode/DerivedData/FinancialCalculatorKit-ackorybalcxbfocbkqsfdzcfkgmn/Build/Intermediates.noindex/swift-numerics.build/Debug/RealModule.build/Objects-normal/arm64/AlgebraicField.dia -target arm64-apple-macos10.13 -load-resolved-plugin /Applications/Xcode.app/Contents/Developer/Platforms/MacOSX.platform/Developer/usr/lib/swift/host/plugins/libSwiftMacros.dylib\#/Applications/Xcode.app/Contents/Developer/Platforms/MacOSX.platform/Developer/usr/bin/swift-plugin-server\#SwiftMacros -disable-implicit-swift-modules -Xcc -fno-implicit-modules -Xcc -fno-implicit-module-maps -explicit-swift-module-map-file /Users/rogerlin/Library/Developer/Xcode/DerivedData/FinancialCalculatorKit-ackorybalcxbfocbkqsfdzcfkgmn/Build/Intermediates.noindex/swift-numerics.build/Debug/RealModule.build/Objects-normal/arm64/RealModule-dependencies-1.json -Xllvm -aarch64-use-tbi -enable-objc-interop -sdk /Applications/Xcode.app/Contents/Developer/Platforms/MacOSX.platform/Developer/SDKs/MacOSX26.1.sdk -I /Users/rogerlin/Library/Developer/Xcode/DerivedData/FinancialCalculatorKit-ackorybalcxbfocbkqsfdzcfkgmn/Build/Products/Debug -Isystem /Applications/Xcode.app/Contents/Developer/Platforms/MacOSX.platform/Developer/usr/lib -F /Users/rogerlin/Library/Developer/Xcode/DerivedData/FinancialCalculatorKit-ackorybalcxbfocbkqsfdzcfkgmn/Build/Products/Debug/PackageFrameworks -F /Users/rogerlin/Library/Developer/Xcode/DerivedData/FinancialCalculatorKit-ackorybalcxbfocbkqsfdzcfkgmn/Build/Products/Debug -F /Applications/Xcode.app/Contents/Developer/Platforms/MacOSX.platform/Developer/Library/Frameworks -no-color-diagnostics -Xcc -fno-color-diagnostics -enable-testing -g -debug-info-format\=dwarf -dwarf-version\=4 -module-cache-path /Users/rogerlin/Library/Developer/Xcode/DerivedData/FinancialCalculatorKit-ackorybalcxbfocbkqsfdzcfkgmn/Build/Intermediates.noindex/SwiftExplicitPrecompiledModules -suppress-warnings -profile-generate -profile-coverage-mapping -swift-version 5 -enforce-exclusivity\=checked -Onone -D SWIFT_PACKAGE -D DEBUG -D SWIFT_MODULE_RESOURCE_BUNDLE_UNAVAILABLE -D Xcode -serialize-debugging-options -const-gather-protocols-file /Users/rogerlin/Library/Developer/Xcode/DerivedData/FinancialCalculatorKit-ackorybalcxbfocbkqsfdzcfkgmn/Build/Intermediates.noindex/swift-numerics.build/Debug/RealModule.build/Objects-normal/arm64/RealModule_const_extract_protocols.json -enable-experimental-feature DebugDescriptionMacro -empty-abi-descriptor -validate-clang-modules-once -clang-build-session-file /Users/rogerlin/Library/Developer/Xcode/DerivedData/ModuleCache.noindex/Session.modulevalidation -Xcc -working-directory -Xcc /Users/rogerlin/XCode-Projects/FinancialCalculatorKit-5.0-updated-accent-colors/FinancialCalculatorKit.xcodeproj -enable-anonymous-context-mangled-names -file-compilation-dir /Users/rogerlin/XCode-Projects/FinancialCalculatorKit-5.0-updated-accent-colors/FinancialCalculatorKit.xcodeproj -Xcc -D_LIBCPP_HARDENING_MODE\=_LIBCPP_HARDENING_MODE_DEBUG -Xcc -ivfsstatcache -Xcc /Users/rogerlin/Library/Developer/Xcode/DerivedData/SDKStatCaches.noindex/macosx26.1-25B74-3ae1261907bdadc328169391a47051a6.sdkstatcache -Xcc -I/Users/rogerlin/Library/Developer/Xcode/DerivedData/FinancialCalculatorKit-ackorybalcxbfocbkqsfdzcfkgmn/Build/Intermediates.noindex/swift-numerics.build/Debug/RealModule.build/swift-overrides.hmap -Xcc -I/Users/rogerlin/Library/Developer/Xcode/DerivedData/FinancialCalculatorKit-ackorybalcxbfocbkqsfdzcfkgmn/SourcePackages/checkouts/swift-numerics/Sources/_NumericsShims/include -Xcc -I/Users/rogerlin/Library/Developer/Xcode/DerivedData/FinancialCalculatorKit-ackorybalcxbfocbkqsfdzcfkgmn/Build/Products/Debug/include -Xcc -I/Users/rogerlin/Library/Developer/Xcode/DerivedData/FinancialCalculatorKit-ackorybalcxbfocbkqsfdzcfkgmn/Build/Intermediates.noindex/swift-numerics.build/Debug/RealModule.build/DerivedSources-normal/arm64 -Xcc -I/Users/rogerlin/Library/Developer/Xcode/DerivedData/FinancialCalculatorKit-ackorybalcxbfocbkqsfdzcfkgmn/Build/Intermediates.noindex/swift-numerics.build/Debug/RealModule.build/DerivedSources/arm64 -Xcc -I/Users/rogerlin/Library/Developer/Xcode/DerivedData/FinancialCalculatorKit-ackorybalcxbfocbkqsfdzcfkgmn/Build/Intermediates.noindex/swift-numerics.build/Debug/RealModule.build/DerivedSources -Xcc -DSWIFT_PACKAGE -Xcc -DDEBUG\=1 -no-auto-bridging-header-chaining -module-name RealModule -frontend-parseable-output -disable-clang-spi -target-sdk-version 26.1 -target-sdk-name macosx26.1 -clang-target arm64-apple-macos26.1 -in-process-plugin-server-path /Applications/Xcode.app/Contents/Developer/Toolchains/XcodeDefault.xctoolchain/usr/lib/swift/host/libSwiftInProcPluginServer.dylib -o /Users/rogerlin/Library/Developer/Xcode/DerivedData/FinancialCalculatorKit-ackorybalcxbfocbkqsfdzcfkgmn/Build/Intermediates.noindex/swift-numerics.build/Debug/RealModule.build/Objects-normal/arm64/AlgebraicField.o -index-unit-output-path /swift-numerics.build/Debug/RealModule.build/Objects-normal/arm64/AlgebraicField.o -index-store-path /Users/rogerlin/Library/Developer/Xcode/DerivedData/FinancialCalculatorKit-ackorybalcxbfocbkqsfdzcfkgmn/Index.noindex/DataStore -index-system-modules

SwiftCompile normal arm64 /Users/rogerlin/Library/Developer/Xcode/DerivedData/FinancialCalculatorKit-ackorybalcxbfocbkqsfdzcfkgmn/SourcePackages/checkouts/swift-numerics/Sources/RealModule/AlgebraicField.swift (in target 'RealModule' from project 'swift-numerics')
    cd /Users/rogerlin/XCode-Projects/FinancialCalculatorKit-5.0-updated-accent-colors/FinancialCalculatorKit.xcodeproj
    

SwiftDriverJobDiscovery normal arm64 Compiling ParseError.swift (in target 'HTMLEntities' from project 'HTMLEntities')

SwiftCompile normal arm64 Compiling\ ElementaryFunctions.swift /Users/rogerlin/Library/Developer/Xcode/DerivedData/FinancialCalculatorKit-ackorybalcxbfocbkqsfdzcfkgmn/SourcePackages/checkouts/swift-numerics/Sources/RealModule/ElementaryFunctions.swift (in target 'RealModule' from project 'swift-numerics')
/Applications/Xcode.app/Contents/Developer/Toolchains/XcodeDefault.xctoolchain/usr/bin/swift-frontend -frontend -c /Users/rogerlin/Library/Developer/Xcode/DerivedData/FinancialCalculatorKit-ackorybalcxbfocbkqsfdzcfkgmn/SourcePackages/checkouts/swift-numerics/Sources/RealModule/AlgebraicField.swift /Users/rogerlin/Library/Developer/Xcode/DerivedData/FinancialCalculatorKit-ackorybalcxbfocbkqsfdzcfkgmn/SourcePackages/checkouts/swift-numerics/Sources/RealModule/ApproximateEquality.swift /Users/rogerlin/Library/Developer/Xcode/DerivedData/FinancialCalculatorKit-ackorybalcxbfocbkqsfdzcfkgmn/SourcePackages/checkouts/swift-numerics/Sources/RealModule/AugmentedArithmetic.swift /Users/rogerlin/Library/Developer/Xcode/DerivedData/FinancialCalculatorKit-ackorybalcxbfocbkqsfdzcfkgmn/SourcePackages/checkouts/swift-numerics/Sources/RealModule/Double+Real.swift -primary-file /Users/rogerlin/Library/Developer/Xcode/DerivedData/FinancialCalculatorKit-ackorybalcxbfocbkqsfdzcfkgmn/SourcePackages/checkouts/swift-numerics/Sources/RealModule/ElementaryFunctions.swift /Users/rogerlin/Library/Developer/Xcode/DerivedData/FinancialCalculatorKit-ackorybalcxbfocbkqsfdzcfkgmn/SourcePackages/checkouts/swift-numerics/Sources/RealModule/Float+Real.swift /Users/rogerlin/Library/Developer/Xcode/DerivedData/FinancialCalculatorKit-ackorybalcxbfocbkqsfdzcfkgmn/SourcePackages/checkouts/swift-numerics/Sources/RealModule/Float16+Real.swift /Users/rogerlin/Library/Developer/Xcode/DerivedData/FinancialCalculatorKit-ackorybalcxbfocbkqsfdzcfkgmn/SourcePackages/checkouts/swift-numerics/Sources/RealModule/Float80+Real.swift /Users/rogerlin/Library/Developer/Xcode/DerivedData/FinancialCalculatorKit-ackorybalcxbfocbkqsfdzcfkgmn/SourcePackages/checkouts/swift-numerics/Sources/RealModule/Real.swift /Users/rogerlin/Library/Developer/Xcode/DerivedData/FinancialCalculatorKit-ackorybalcxbfocbkqsfdzcfkgmn/SourcePackages/checkouts/swift-numerics/Sources/RealModule/RealFunctions.swift -emit-dependencies-path /Users/rogerlin/Library/Developer/Xcode/DerivedData/FinancialCalculatorKit-ackorybalcxbfocbkqsfdzcfkgmn/Build/Intermediates.noindex/swift-numerics.build/Debug/RealModule.build/Objects-normal/arm64/ElementaryFunctions.d -emit-const-values-path /Users/rogerlin/Library/Developer/Xcode/DerivedData/FinancialCalculatorKit-ackorybalcxbfocbkqsfdzcfkgmn/Build/Intermediates.noindex/swift-numerics.build/Debug/RealModule.build/Objects-normal/arm64/ElementaryFunctions.swiftconstvalues -emit-reference-dependencies-path /Users/rogerlin/Library/Developer/Xcode/DerivedData/FinancialCalculatorKit-ackorybalcxbfocbkqsfdzcfkgmn/Build/Intermediates.noindex/swift-numerics.build/Debug/RealModule.build/Objects-normal/arm64/ElementaryFunctions.swiftdeps -serialize-diagnostics-path /Users/rogerlin/Library/Developer/Xcode/DerivedData/FinancialCalculatorKit-ackorybalcxbfocbkqsfdzcfkgmn/Build/Intermediates.noindex/swift-numerics.build/Debug/RealModule.build/Objects-normal/arm64/ElementaryFunctions.dia -target arm64-apple-macos10.13 -load-resolved-plugin /Applications/Xcode.app/Contents/Developer/Platforms/MacOSX.platform/Developer/usr/lib/swift/host/plugins/libSwiftMacros.dylib\#/Applications/Xcode.app/Contents/Developer/Platforms/MacOSX.platform/Developer/usr/bin/swift-plugin-server\#SwiftMacros -disable-implicit-swift-modules -Xcc -fno-implicit-modules -Xcc -fno-implicit-module-maps -explicit-swift-module-map-file /Users/rogerlin/Library/Developer/Xcode/DerivedData/FinancialCalculatorKit-ackorybalcxbfocbkqsfdzcfkgmn/Build/Intermediates.noindex/swift-numerics.build/Debug/RealModule.build/Objects-normal/arm64/RealModule-dependencies-1.json -Xllvm -aarch64-use-tbi -enable-objc-interop -sdk /Applications/Xcode.app/Contents/Developer/Platforms/MacOSX.platform/Developer/SDKs/MacOSX26.1.sdk -I /Users/rogerlin/Library/Developer/Xcode/DerivedData/FinancialCalculatorKit-ackorybalcxbfocbkqsfdzcfkgmn/Build/Products/Debug -Isystem /Applications/Xcode.app/Contents/Developer/Platforms/MacOSX.platform/Developer/usr/lib -F /Users/rogerlin/Library/Developer/Xcode/DerivedData/FinancialCalculatorKit-ackorybalcxbfocbkqsfdzcfkgmn/Build/Products/Debug/PackageFrameworks -F /Users/rogerlin/Library/Developer/Xcode/DerivedData/FinancialCalculatorKit-ackorybalcxbfocbkqsfdzcfkgmn/Build/Products/Debug -F /Applications/Xcode.app/Contents/Developer/Platforms/MacOSX.platform/Developer/Library/Frameworks -no-color-diagnostics -Xcc -fno-color-diagnostics -enable-testing -g -debug-info-format\=dwarf -dwarf-version\=4 -module-cache-path /Users/rogerlin/Library/Developer/Xcode/DerivedData/FinancialCalculatorKit-ackorybalcxbfocbkqsfdzcfkgmn/Build/Intermediates.noindex/SwiftExplicitPrecompiledModules -suppress-warnings -profile-generate -profile-coverage-mapping -swift-version 5 -enforce-exclusivity\=checked -Onone -D SWIFT_PACKAGE -D DEBUG -D SWIFT_MODULE_RESOURCE_BUNDLE_UNAVAILABLE -D Xcode -serialize-debugging-options -const-gather-protocols-file /Users/rogerlin/Library/Developer/Xcode/DerivedData/FinancialCalculatorKit-ackorybalcxbfocbkqsfdzcfkgmn/Build/Intermediates.noindex/swift-numerics.build/Debug/RealModule.build/Objects-normal/arm64/RealModule_const_extract_protocols.json -enable-experimental-feature DebugDescriptionMacro -empty-abi-descriptor -validate-clang-modules-once -clang-build-session-file /Users/rogerlin/Library/Developer/Xcode/DerivedData/ModuleCache.noindex/Session.modulevalidation -Xcc -working-directory -Xcc /Users/rogerlin/XCode-Projects/FinancialCalculatorKit-5.0-updated-accent-colors/FinancialCalculatorKit.xcodeproj -enable-anonymous-context-mangled-names -file-compilation-dir /Users/rogerlin/XCode-Projects/FinancialCalculatorKit-5.0-updated-accent-colors/FinancialCalculatorKit.xcodeproj -Xcc -D_LIBCPP_HARDENING_MODE\=_LIBCPP_HARDENING_MODE_DEBUG -Xcc -ivfsstatcache -Xcc /Users/rogerlin/Library/Developer/Xcode/DerivedData/SDKStatCaches.noindex/macosx26.1-25B74-3ae1261907bdadc328169391a47051a6.sdkstatcache -Xcc -I/Users/rogerlin/Library/Developer/Xcode/DerivedData/FinancialCalculatorKit-ackorybalcxbfocbkqsfdzcfkgmn/Build/Intermediates.noindex/swift-numerics.build/Debug/RealModule.build/swift-overrides.hmap -Xcc -I/Users/rogerlin/Library/Developer/Xcode/DerivedData/FinancialCalculatorKit-ackorybalcxbfocbkqsfdzcfkgmn/SourcePackages/checkouts/swift-numerics/Sources/_NumericsShims/include -Xcc -I/Users/rogerlin/Library/Developer/Xcode/DerivedData/FinancialCalculatorKit-ackorybalcxbfocbkqsfdzcfkgmn/Build/Products/Debug/include -Xcc -I/Users/rogerlin/Library/Developer/Xcode/DerivedData/FinancialCalculatorKit-ackorybalcxbfocbkqsfdzcfkgmn/Build/Intermediates.noindex/swift-numerics.build/Debug/RealModule.build/DerivedSources-normal/arm64 -Xcc -I/Users/rogerlin/Library/Developer/Xcode/DerivedData/FinancialCalculatorKit-ackorybalcxbfocbkqsfdzcfkgmn/Build/Intermediates.noindex/swift-numerics.build/Debug/RealModule.build/DerivedSources/arm64 -Xcc -I/Users/rogerlin/Library/Developer/Xcode/DerivedData/FinancialCalculatorKit-ackorybalcxbfocbkqsfdzcfkgmn/Build/Intermediates.noindex/swift-numerics.build/Debug/RealModule.build/DerivedSources -Xcc -DSWIFT_PACKAGE -Xcc -DDEBUG\=1 -no-auto-bridging-header-chaining -module-name RealModule -frontend-parseable-output -disable-clang-spi -target-sdk-version 26.1 -target-sdk-name macosx26.1 -clang-target arm64-apple-macos26.1 -in-process-plugin-server-path /Applications/Xcode.app/Contents/Developer/Toolchains/XcodeDefault.xctoolchain/usr/lib/swift/host/libSwiftInProcPluginServer.dylib -o /Users/rogerlin/Library/Developer/Xcode/DerivedData/FinancialCalculatorKit-ackorybalcxbfocbkqsfdzcfkgmn/Build/Intermediates.noindex/swift-numerics.build/Debug/RealModule.build/Objects-normal/arm64/ElementaryFunctions.o -index-unit-output-path /swift-numerics.build/Debug/RealModule.build/Objects-normal/arm64/ElementaryFunctions.o -index-store-path /Users/rogerlin/Library/Developer/Xcode/DerivedData/FinancialCalculatorKit-ackorybalcxbfocbkqsfdzcfkgmn/Index.noindex/DataStore -index-system-modules

SwiftCompile normal arm64 /Users/rogerlin/Library/Developer/Xcode/DerivedData/FinancialCalculatorKit-ackorybalcxbfocbkqsfdzcfkgmn/SourcePackages/checkouts/swift-numerics/Sources/RealModule/ElementaryFunctions.swift (in target 'RealModule' from project 'swift-numerics')
    cd /Users/rogerlin/XCode-Projects/FinancialCalculatorKit-5.0-updated-accent-colors/FinancialCalculatorKit.xcodeproj
    

SwiftDriverJobDiscovery normal arm64 Compiling Utilities.swift (in target 'HTMLEntities' from project 'HTMLEntities')

SwiftCompile normal arm64 Compiling\ Float16+Real.swift /Users/rogerlin/Library/Developer/Xcode/DerivedData/FinancialCalculatorKit-ackorybalcxbfocbkqsfdzcfkgmn/SourcePackages/checkouts/swift-numerics/Sources/RealModule/Float16+Real.swift (in target 'RealModule' from project 'swift-numerics')
/Applications/Xcode.app/Contents/Developer/Toolchains/XcodeDefault.xctoolchain/usr/bin/swift-frontend -frontend -c /Users/rogerlin/Library/Developer/Xcode/DerivedData/FinancialCalculatorKit-ackorybalcxbfocbkqsfdzcfkgmn/SourcePackages/checkouts/swift-numerics/Sources/RealModule/AlgebraicField.swift /Users/rogerlin/Library/Developer/Xcode/DerivedData/FinancialCalculatorKit-ackorybalcxbfocbkqsfdzcfkgmn/SourcePackages/checkouts/swift-numerics/Sources/RealModule/ApproximateEquality.swift /Users/rogerlin/Library/Developer/Xcode/DerivedData/FinancialCalculatorKit-ackorybalcxbfocbkqsfdzcfkgmn/SourcePackages/checkouts/swift-numerics/Sources/RealModule/AugmentedArithmetic.swift /Users/rogerlin/Library/Developer/Xcode/DerivedData/FinancialCalculatorKit-ackorybalcxbfocbkqsfdzcfkgmn/SourcePackages/checkouts/swift-numerics/Sources/RealModule/Double+Real.swift /Users/rogerlin/Library/Developer/Xcode/DerivedData/FinancialCalculatorKit-ackorybalcxbfocbkqsfdzcfkgmn/SourcePackages/checkouts/swift-numerics/Sources/RealModule/ElementaryFunctions.swift /Users/rogerlin/Library/Developer/Xcode/DerivedData/FinancialCalculatorKit-ackorybalcxbfocbkqsfdzcfkgmn/SourcePackages/checkouts/swift-numerics/Sources/RealModule/Float+Real.swift -primary-file /Users/rogerlin/Library/Developer/Xcode/DerivedData/FinancialCalculatorKit-ackorybalcxbfocbkqsfdzcfkgmn/SourcePackages/checkouts/swift-numerics/Sources/RealModule/Float16+Real.swift /Users/rogerlin/Library/Developer/Xcode/DerivedData/FinancialCalculatorKit-ackorybalcxbfocbkqsfdzcfkgmn/SourcePackages/checkouts/swift-numerics/Sources/RealModule/Float80+Real.swift /Users/rogerlin/Library/Developer/Xcode/DerivedData/FinancialCalculatorKit-ackorybalcxbfocbkqsfdzcfkgmn/SourcePackages/checkouts/swift-numerics/Sources/RealModule/Real.swift /Users/rogerlin/Library/Developer/Xcode/DerivedData/FinancialCalculatorKit-ackorybalcxbfocbkqsfdzcfkgmn/SourcePackages/checkouts/swift-numerics/Sources/RealModule/RealFunctions.swift -emit-dependencies-path /Users/rogerlin/Library/Developer/Xcode/DerivedData/FinancialCalculatorKit-ackorybalcxbfocbkqsfdzcfkgmn/Build/Intermediates.noindex/swift-numerics.build/Debug/RealModule.build/Objects-normal/arm64/Float16+Real.d -emit-const-values-path /Users/rogerlin/Library/Developer/Xcode/DerivedData/FinancialCalculatorKit-ackorybalcxbfocbkqsfdzcfkgmn/Build/Intermediates.noindex/swift-numerics.build/Debug/RealModule.build/Objects-normal/arm64/Float16+Real.swiftconstvalues -emit-reference-dependencies-path /Users/rogerlin/Library/Developer/Xcode/DerivedData/FinancialCalculatorKit-ackorybalcxbfocbkqsfdzcfkgmn/Build/Intermediates.noindex/swift-numerics.build/Debug/RealModule.build/Objects-normal/arm64/Float16+Real.swiftdeps -serialize-diagnostics-path /Users/rogerlin/Library/Developer/Xcode/DerivedData/FinancialCalculatorKit-ackorybalcxbfocbkqsfdzcfkgmn/Build/Intermediates.noindex/swift-numerics.build/Debug/RealModule.build/Objects-normal/arm64/Float16+Real.dia -target arm64-apple-macos10.13 -load-resolved-plugin /Applications/Xcode.app/Contents/Developer/Platforms/MacOSX.platform/Developer/usr/lib/swift/host/plugins/libSwiftMacros.dylib\#/Applications/Xcode.app/Contents/Developer/Platforms/MacOSX.platform/Developer/usr/bin/swift-plugin-server\#SwiftMacros -disable-implicit-swift-modules -Xcc -fno-implicit-modules -Xcc -fno-implicit-module-maps -explicit-swift-module-map-file /Users/rogerlin/Library/Developer/Xcode/DerivedData/FinancialCalculatorKit-ackorybalcxbfocbkqsfdzcfkgmn/Build/Intermediates.noindex/swift-numerics.build/Debug/RealModule.build/Objects-normal/arm64/RealModule-dependencies-1.json -Xllvm -aarch64-use-tbi -enable-objc-interop -sdk /Applications/Xcode.app/Contents/Developer/Platforms/MacOSX.platform/Developer/SDKs/MacOSX26.1.sdk -I /Users/rogerlin/Library/Developer/Xcode/DerivedData/FinancialCalculatorKit-ackorybalcxbfocbkqsfdzcfkgmn/Build/Products/Debug -Isystem /Applications/Xcode.app/Contents/Developer/Platforms/MacOSX.platform/Developer/usr/lib -F /Users/rogerlin/Library/Developer/Xcode/DerivedData/FinancialCalculatorKit-ackorybalcxbfocbkqsfdzcfkgmn/Build/Products/Debug/PackageFrameworks -F /Users/rogerlin/Library/Developer/Xcode/DerivedData/FinancialCalculatorKit-ackorybalcxbfocbkqsfdzcfkgmn/Build/Products/Debug -F /Applications/Xcode.app/Contents/Developer/Platforms/MacOSX.platform/Developer/Library/Frameworks -no-color-diagnostics -Xcc -fno-color-diagnostics -enable-testing -g -debug-info-format\=dwarf -dwarf-version\=4 -module-cache-path /Users/rogerlin/Library/Developer/Xcode/DerivedData/FinancialCalculatorKit-ackorybalcxbfocbkqsfdzcfkgmn/Build/Intermediates.noindex/SwiftExplicitPrecompiledModules -suppress-warnings -profile-generate -profile-coverage-mapping -swift-version 5 -enforce-exclusivity\=checked -Onone -D SWIFT_PACKAGE -D DEBUG -D SWIFT_MODULE_RESOURCE_BUNDLE_UNAVAILABLE -D Xcode -serialize-debugging-options -const-gather-protocols-file /Users/rogerlin/Library/Developer/Xcode/DerivedData/FinancialCalculatorKit-ackorybalcxbfocbkqsfdzcfkgmn/Build/Intermediates.noindex/swift-numerics.build/Debug/RealModule.build/Objects-normal/arm64/RealModule_const_extract_protocols.json -enable-experimental-feature DebugDescriptionMacro -empty-abi-descriptor -validate-clang-modules-once -clang-build-session-file /Users/rogerlin/Library/Developer/Xcode/DerivedData/ModuleCache.noindex/Session.modulevalidation -Xcc -working-directory -Xcc /Users/rogerlin/XCode-Projects/FinancialCalculatorKit-5.0-updated-accent-colors/FinancialCalculatorKit.xcodeproj -enable-anonymous-context-mangled-names -file-compilation-dir /Users/rogerlin/XCode-Projects/FinancialCalculatorKit-5.0-updated-accent-colors/FinancialCalculatorKit.xcodeproj -Xcc -D_LIBCPP_HARDENING_MODE\=_LIBCPP_HARDENING_MODE_DEBUG -Xcc -ivfsstatcache -Xcc /Users/rogerlin/Library/Developer/Xcode/DerivedData/SDKStatCaches.noindex/macosx26.1-25B74-3ae1261907bdadc328169391a47051a6.sdkstatcache -Xcc -I/Users/rogerlin/Library/Developer/Xcode/DerivedData/FinancialCalculatorKit-ackorybalcxbfocbkqsfdzcfkgmn/Build/Intermediates.noindex/swift-numerics.build/Debug/RealModule.build/swift-overrides.hmap -Xcc -I/Users/rogerlin/Library/Developer/Xcode/DerivedData/FinancialCalculatorKit-ackorybalcxbfocbkqsfdzcfkgmn/SourcePackages/checkouts/swift-numerics/Sources/_NumericsShims/include -Xcc -I/Users/rogerlin/Library/Developer/Xcode/DerivedData/FinancialCalculatorKit-ackorybalcxbfocbkqsfdzcfkgmn/Build/Products/Debug/include -Xcc -I/Users/rogerlin/Library/Developer/Xcode/DerivedData/FinancialCalculatorKit-ackorybalcxbfocbkqsfdzcfkgmn/Build/Intermediates.noindex/swift-numerics.build/Debug/RealModule.build/DerivedSources-normal/arm64 -Xcc -I/Users/rogerlin/Library/Developer/Xcode/DerivedData/FinancialCalculatorKit-ackorybalcxbfocbkqsfdzcfkgmn/Build/Intermediates.noindex/swift-numerics.build/Debug/RealModule.build/DerivedSources/arm64 -Xcc -I/Users/rogerlin/Library/Developer/Xcode/DerivedData/FinancialCalculatorKit-ackorybalcxbfocbkqsfdzcfkgmn/Build/Intermediates.noindex/swift-numerics.build/Debug/RealModule.build/DerivedSources -Xcc -DSWIFT_PACKAGE -Xcc -DDEBUG\=1 -no-auto-bridging-header-chaining -module-name RealModule -frontend-parseable-output -disable-clang-spi -target-sdk-version 26.1 -target-sdk-name macosx26.1 -clang-target arm64-apple-macos26.1 -in-process-plugin-server-path /Applications/Xcode.app/Contents/Developer/Toolchains/XcodeDefault.xctoolchain/usr/lib/swift/host/libSwiftInProcPluginServer.dylib -o /Users/rogerlin/Library/Developer/Xcode/DerivedData/FinancialCalculatorKit-ackorybalcxbfocbkqsfdzcfkgmn/Build/Intermediates.noindex/swift-numerics.build/Debug/RealModule.build/Objects-normal/arm64/Float16+Real.o -index-unit-output-path /swift-numerics.build/Debug/RealModule.build/Objects-normal/arm64/Float16+Real.o -index-store-path /Users/rogerlin/Library/Developer/Xcode/DerivedData/FinancialCalculatorKit-ackorybalcxbfocbkqsfdzcfkgmn/Index.noindex/DataStore -index-system-modules

SwiftCompile normal arm64 /Users/rogerlin/Library/Developer/Xcode/DerivedData/FinancialCalculatorKit-ackorybalcxbfocbkqsfdzcfkgmn/SourcePackages/checkouts/swift-numerics/Sources/RealModule/Float16+Real.swift (in target 'RealModule' from project 'swift-numerics')
    cd /Users/rogerlin/XCode-Projects/FinancialCalculatorKit-5.0-updated-accent-colors/FinancialCalculatorKit.xcodeproj
    

SwiftDriverJobDiscovery normal arm64 Compiling AlgebraicField.swift (in target 'RealModule' from project 'swift-numerics')

SwiftCompile normal arm64 Compiling\ Double+Real.swift /Users/rogerlin/Library/Developer/Xcode/DerivedData/FinancialCalculatorKit-ackorybalcxbfocbkqsfdzcfkgmn/SourcePackages/checkouts/swift-numerics/Sources/RealModule/Double+Real.swift (in target 'RealModule' from project 'swift-numerics')
/Applications/Xcode.app/Contents/Developer/Toolchains/XcodeDefault.xctoolchain/usr/bin/swift-frontend -frontend -c /Users/rogerlin/Library/Developer/Xcode/DerivedData/FinancialCalculatorKit-ackorybalcxbfocbkqsfdzcfkgmn/SourcePackages/checkouts/swift-numerics/Sources/RealModule/AlgebraicField.swift /Users/rogerlin/Library/Developer/Xcode/DerivedData/FinancialCalculatorKit-ackorybalcxbfocbkqsfdzcfkgmn/SourcePackages/checkouts/swift-numerics/Sources/RealModule/ApproximateEquality.swift /Users/rogerlin/Library/Developer/Xcode/DerivedData/FinancialCalculatorKit-ackorybalcxbfocbkqsfdzcfkgmn/SourcePackages/checkouts/swift-numerics/Sources/RealModule/AugmentedArithmetic.swift -primary-file /Users/rogerlin/Library/Developer/Xcode/DerivedData/FinancialCalculatorKit-ackorybalcxbfocbkqsfdzcfkgmn/SourcePackages/checkouts/swift-numerics/Sources/RealModule/Double+Real.swift /Users/rogerlin/Library/Developer/Xcode/DerivedData/FinancialCalculatorKit-ackorybalcxbfocbkqsfdzcfkgmn/SourcePackages/checkouts/swift-numerics/Sources/RealModule/ElementaryFunctions.swift /Users/rogerlin/Library/Developer/Xcode/DerivedData/FinancialCalculatorKit-ackorybalcxbfocbkqsfdzcfkgmn/SourcePackages/checkouts/swift-numerics/Sources/RealModule/Float+Real.swift /Users/rogerlin/Library/Developer/Xcode/DerivedData/FinancialCalculatorKit-ackorybalcxbfocbkqsfdzcfkgmn/SourcePackages/checkouts/swift-numerics/Sources/RealModule/Float16+Real.swift /Users/rogerlin/Library/Developer/Xcode/DerivedData/FinancialCalculatorKit-ackorybalcxbfocbkqsfdzcfkgmn/SourcePackages/checkouts/swift-numerics/Sources/RealModule/Float80+Real.swift /Users/rogerlin/Library/Developer/Xcode/DerivedData/FinancialCalculatorKit-ackorybalcxbfocbkqsfdzcfkgmn/SourcePackages/checkouts/swift-numerics/Sources/RealModule/Real.swift /Users/rogerlin/Library/Developer/Xcode/DerivedData/FinancialCalculatorKit-ackorybalcxbfocbkqsfdzcfkgmn/SourcePackages/checkouts/swift-numerics/Sources/RealModule/RealFunctions.swift -emit-dependencies-path /Users/rogerlin/Library/Developer/Xcode/DerivedData/FinancialCalculatorKit-ackorybalcxbfocbkqsfdzcfkgmn/Build/Intermediates.noindex/swift-numerics.build/Debug/RealModule.build/Objects-normal/arm64/Double+Real.d -emit-const-values-path /Users/rogerlin/Library/Developer/Xcode/DerivedData/FinancialCalculatorKit-ackorybalcxbfocbkqsfdzcfkgmn/Build/Intermediates.noindex/swift-numerics.build/Debug/RealModule.build/Objects-normal/arm64/Double+Real.swiftconstvalues -emit-reference-dependencies-path /Users/rogerlin/Library/Developer/Xcode/DerivedData/FinancialCalculatorKit-ackorybalcxbfocbkqsfdzcfkgmn/Build/Intermediates.noindex/swift-numerics.build/Debug/RealModule.build/Objects-normal/arm64/Double+Real.swiftdeps -serialize-diagnostics-path /Users/rogerlin/Library/Developer/Xcode/DerivedData/FinancialCalculatorKit-ackorybalcxbfocbkqsfdzcfkgmn/Build/Intermediates.noindex/swift-numerics.build/Debug/RealModule.build/Objects-normal/arm64/Double+Real.dia -target arm64-apple-macos10.13 -load-resolved-plugin /Applications/Xcode.app/Contents/Developer/Platforms/MacOSX.platform/Developer/usr/lib/swift/host/plugins/libSwiftMacros.dylib\#/Applications/Xcode.app/Contents/Developer/Platforms/MacOSX.platform/Developer/usr/bin/swift-plugin-server\#SwiftMacros -disable-implicit-swift-modules -Xcc -fno-implicit-modules -Xcc -fno-implicit-module-maps -explicit-swift-module-map-file /Users/rogerlin/Library/Developer/Xcode/DerivedData/FinancialCalculatorKit-ackorybalcxbfocbkqsfdzcfkgmn/Build/Intermediates.noindex/swift-numerics.build/Debug/RealModule.build/Objects-normal/arm64/RealModule-dependencies-1.json -Xllvm -aarch64-use-tbi -enable-objc-interop -sdk /Applications/Xcode.app/Contents/Developer/Platforms/MacOSX.platform/Developer/SDKs/MacOSX26.1.sdk -I /Users/rogerlin/Library/Developer/Xcode/DerivedData/FinancialCalculatorKit-ackorybalcxbfocbkqsfdzcfkgmn/Build/Products/Debug -Isystem /Applications/Xcode.app/Contents/Developer/Platforms/MacOSX.platform/Developer/usr/lib -F /Users/rogerlin/Library/Developer/Xcode/DerivedData/FinancialCalculatorKit-ackorybalcxbfocbkqsfdzcfkgmn/Build/Products/Debug/PackageFrameworks -F /Users/rogerlin/Library/Developer/Xcode/DerivedData/FinancialCalculatorKit-ackorybalcxbfocbkqsfdzcfkgmn/Build/Products/Debug -F /Applications/Xcode.app/Contents/Developer/Platforms/MacOSX.platform/Developer/Library/Frameworks -no-color-diagnostics -Xcc -fno-color-diagnostics -enable-testing -g -debug-info-format\=dwarf -dwarf-version\=4 -module-cache-path /Users/rogerlin/Library/Developer/Xcode/DerivedData/FinancialCalculatorKit-ackorybalcxbfocbkqsfdzcfkgmn/Build/Intermediates.noindex/SwiftExplicitPrecompiledModules -suppress-warnings -profile-generate -profile-coverage-mapping -swift-version 5 -enforce-exclusivity\=checked -Onone -D SWIFT_PACKAGE -D DEBUG -D SWIFT_MODULE_RESOURCE_BUNDLE_UNAVAILABLE -D Xcode -serialize-debugging-options -const-gather-protocols-file /Users/rogerlin/Library/Developer/Xcode/DerivedData/FinancialCalculatorKit-ackorybalcxbfocbkqsfdzcfkgmn/Build/Intermediates.noindex/swift-numerics.build/Debug/RealModule.build/Objects-normal/arm64/RealModule_const_extract_protocols.json -enable-experimental-feature DebugDescriptionMacro -empty-abi-descriptor -validate-clang-modules-once -clang-build-session-file /Users/rogerlin/Library/Developer/Xcode/DerivedData/ModuleCache.noindex/Session.modulevalidation -Xcc -working-directory -Xcc /Users/rogerlin/XCode-Projects/FinancialCalculatorKit-5.0-updated-accent-colors/FinancialCalculatorKit.xcodeproj -enable-anonymous-context-mangled-names -file-compilation-dir /Users/rogerlin/XCode-Projects/FinancialCalculatorKit-5.0-updated-accent-colors/FinancialCalculatorKit.xcodeproj -Xcc -D_LIBCPP_HARDENING_MODE\=_LIBCPP_HARDENING_MODE_DEBUG -Xcc -ivfsstatcache -Xcc /Users/rogerlin/Library/Developer/Xcode/DerivedData/SDKStatCaches.noindex/macosx26.1-25B74-3ae1261907bdadc328169391a47051a6.sdkstatcache -Xcc -I/Users/rogerlin/Library/Developer/Xcode/DerivedData/FinancialCalculatorKit-ackorybalcxbfocbkqsfdzcfkgmn/Build/Intermediates.noindex/swift-numerics.build/Debug/RealModule.build/swift-overrides.hmap -Xcc -I/Users/rogerlin/Library/Developer/Xcode/DerivedData/FinancialCalculatorKit-ackorybalcxbfocbkqsfdzcfkgmn/SourcePackages/checkouts/swift-numerics/Sources/_NumericsShims/include -Xcc -I/Users/rogerlin/Library/Developer/Xcode/DerivedData/FinancialCalculatorKit-ackorybalcxbfocbkqsfdzcfkgmn/Build/Products/Debug/include -Xcc -I/Users/rogerlin/Library/Developer/Xcode/DerivedData/FinancialCalculatorKit-ackorybalcxbfocbkqsfdzcfkgmn/Build/Intermediates.noindex/swift-numerics.build/Debug/RealModule.build/DerivedSources-normal/arm64 -Xcc -I/Users/rogerlin/Library/Developer/Xcode/DerivedData/FinancialCalculatorKit-ackorybalcxbfocbkqsfdzcfkgmn/Build/Intermediates.noindex/swift-numerics.build/Debug/RealModule.build/DerivedSources/arm64 -Xcc -I/Users/rogerlin/Library/Developer/Xcode/DerivedData/FinancialCalculatorKit-ackorybalcxbfocbkqsfdzcfkgmn/Build/Intermediates.noindex/swift-numerics.build/Debug/RealModule.build/DerivedSources -Xcc -DSWIFT_PACKAGE -Xcc -DDEBUG\=1 -no-auto-bridging-header-chaining -module-name RealModule -frontend-parseable-output -disable-clang-spi -target-sdk-version 26.1 -target-sdk-name macosx26.1 -clang-target arm64-apple-macos26.1 -in-process-plugin-server-path /Applications/Xcode.app/Contents/Developer/Toolchains/XcodeDefault.xctoolchain/usr/lib/swift/host/libSwiftInProcPluginServer.dylib -o /Users/rogerlin/Library/Developer/Xcode/DerivedData/FinancialCalculatorKit-ackorybalcxbfocbkqsfdzcfkgmn/Build/Intermediates.noindex/swift-numerics.build/Debug/RealModule.build/Objects-normal/arm64/Double+Real.o -index-unit-output-path /swift-numerics.build/Debug/RealModule.build/Objects-normal/arm64/Double+Real.o -index-store-path /Users/rogerlin/Library/Developer/Xcode/DerivedData/FinancialCalculatorKit-ackorybalcxbfocbkqsfdzcfkgmn/Index.noindex/DataStore -index-system-modules

SwiftCompile normal arm64 /Users/rogerlin/Library/Developer/Xcode/DerivedData/FinancialCalculatorKit-ackorybalcxbfocbkqsfdzcfkgmn/SourcePackages/checkouts/swift-numerics/Sources/RealModule/Double+Real.swift (in target 'RealModule' from project 'swift-numerics')
    cd /Users/rogerlin/XCode-Projects/FinancialCalculatorKit-5.0-updated-accent-colors/FinancialCalculatorKit.xcodeproj
    

SwiftDriverJobDiscovery normal arm64 Compiling AugmentedArithmetic.swift (in target 'RealModule' from project 'swift-numerics')

SwiftCompile normal arm64 Compiling\ Real.swift /Users/rogerlin/Library/Developer/Xcode/DerivedData/FinancialCalculatorKit-ackorybalcxbfocbkqsfdzcfkgmn/SourcePackages/checkouts/swift-numerics/Sources/RealModule/Real.swift (in target 'RealModule' from project 'swift-numerics')
/Applications/Xcode.app/Contents/Developer/Toolchains/XcodeDefault.xctoolchain/usr/bin/swift-frontend -frontend -c /Users/rogerlin/Library/Developer/Xcode/DerivedData/FinancialCalculatorKit-ackorybalcxbfocbkqsfdzcfkgmn/SourcePackages/checkouts/swift-numerics/Sources/RealModule/AlgebraicField.swift /Users/rogerlin/Library/Developer/Xcode/DerivedData/FinancialCalculatorKit-ackorybalcxbfocbkqsfdzcfkgmn/SourcePackages/checkouts/swift-numerics/Sources/RealModule/ApproximateEquality.swift /Users/rogerlin/Library/Developer/Xcode/DerivedData/FinancialCalculatorKit-ackorybalcxbfocbkqsfdzcfkgmn/SourcePackages/checkouts/swift-numerics/Sources/RealModule/AugmentedArithmetic.swift /Users/rogerlin/Library/Developer/Xcode/DerivedData/FinancialCalculatorKit-ackorybalcxbfocbkqsfdzcfkgmn/SourcePackages/checkouts/swift-numerics/Sources/RealModule/Double+Real.swift /Users/rogerlin/Library/Developer/Xcode/DerivedData/FinancialCalculatorKit-ackorybalcxbfocbkqsfdzcfkgmn/SourcePackages/checkouts/swift-numerics/Sources/RealModule/ElementaryFunctions.swift /Users/rogerlin/Library/Developer/Xcode/DerivedData/FinancialCalculatorKit-ackorybalcxbfocbkqsfdzcfkgmn/SourcePackages/checkouts/swift-numerics/Sources/RealModule/Float+Real.swift /Users/rogerlin/Library/Developer/Xcode/DerivedData/FinancialCalculatorKit-ackorybalcxbfocbkqsfdzcfkgmn/SourcePackages/checkouts/swift-numerics/Sources/RealModule/Float16+Real.swift /Users/rogerlin/Library/Developer/Xcode/DerivedData/FinancialCalculatorKit-ackorybalcxbfocbkqsfdzcfkgmn/SourcePackages/checkouts/swift-numerics/Sources/RealModule/Float80+Real.swift -primary-file /Users/rogerlin/Library/Developer/Xcode/DerivedData/FinancialCalculatorKit-ackorybalcxbfocbkqsfdzcfkgmn/SourcePackages/checkouts/swift-numerics/Sources/RealModule/Real.swift /Users/rogerlin/Library/Developer/Xcode/DerivedData/FinancialCalculatorKit-ackorybalcxbfocbkqsfdzcfkgmn/SourcePackages/checkouts/swift-numerics/Sources/RealModule/RealFunctions.swift -emit-dependencies-path /Users/rogerlin/Library/Developer/Xcode/DerivedData/FinancialCalculatorKit-ackorybalcxbfocbkqsfdzcfkgmn/Build/Intermediates.noindex/swift-numerics.build/Debug/RealModule.build/Objects-normal/arm64/Real.d -emit-const-values-path /Users/rogerlin/Library/Developer/Xcode/DerivedData/FinancialCalculatorKit-ackorybalcxbfocbkqsfdzcfkgmn/Build/Intermediates.noindex/swift-numerics.build/Debug/RealModule.build/Objects-normal/arm64/Real.swiftconstvalues -emit-reference-dependencies-path /Users/rogerlin/Library/Developer/Xcode/DerivedData/FinancialCalculatorKit-ackorybalcxbfocbkqsfdzcfkgmn/Build/Intermediates.noindex/swift-numerics.build/Debug/RealModule.build/Objects-normal/arm64/Real.swiftdeps -serialize-diagnostics-path /Users/rogerlin/Library/Developer/Xcode/DerivedData/FinancialCalculatorKit-ackorybalcxbfocbkqsfdzcfkgmn/Build/Intermediates.noindex/swift-numerics.build/Debug/RealModule.build/Objects-normal/arm64/Real.dia -target arm64-apple-macos10.13 -load-resolved-plugin /Applications/Xcode.app/Contents/Developer/Platforms/MacOSX.platform/Developer/usr/lib/swift/host/plugins/libSwiftMacros.dylib\#/Applications/Xcode.app/Contents/Developer/Platforms/MacOSX.platform/Developer/usr/bin/swift-plugin-server\#SwiftMacros -disable-implicit-swift-modules -Xcc -fno-implicit-modules -Xcc -fno-implicit-module-maps -explicit-swift-module-map-file /Users/rogerlin/Library/Developer/Xcode/DerivedData/FinancialCalculatorKit-ackorybalcxbfocbkqsfdzcfkgmn/Build/Intermediates.noindex/swift-numerics.build/Debug/RealModule.build/Objects-normal/arm64/RealModule-dependencies-1.json -Xllvm -aarch64-use-tbi -enable-objc-interop -sdk /Applications/Xcode.app/Contents/Developer/Platforms/MacOSX.platform/Developer/SDKs/MacOSX26.1.sdk -I /Users/rogerlin/Library/Developer/Xcode/DerivedData/FinancialCalculatorKit-ackorybalcxbfocbkqsfdzcfkgmn/Build/Products/Debug -Isystem /Applications/Xcode.app/Contents/Developer/Platforms/MacOSX.platform/Developer/usr/lib -F /Users/rogerlin/Library/Developer/Xcode/DerivedData/FinancialCalculatorKit-ackorybalcxbfocbkqsfdzcfkgmn/Build/Products/Debug/PackageFrameworks -F /Users/rogerlin/Library/Developer/Xcode/DerivedData/FinancialCalculatorKit-ackorybalcxbfocbkqsfdzcfkgmn/Build/Products/Debug -F /Applications/Xcode.app/Contents/Developer/Platforms/MacOSX.platform/Developer/Library/Frameworks -no-color-diagnostics -Xcc -fno-color-diagnostics -enable-testing -g -debug-info-format\=dwarf -dwarf-version\=4 -module-cache-path /Users/rogerlin/Library/Developer/Xcode/DerivedData/FinancialCalculatorKit-ackorybalcxbfocbkqsfdzcfkgmn/Build/Intermediates.noindex/SwiftExplicitPrecompiledModules -suppress-warnings -profile-generate -profile-coverage-mapping -swift-version 5 -enforce-exclusivity\=checked -Onone -D SWIFT_PACKAGE -D DEBUG -D SWIFT_MODULE_RESOURCE_BUNDLE_UNAVAILABLE -D Xcode -serialize-debugging-options -const-gather-protocols-file /Users/rogerlin/Library/Developer/Xcode/DerivedData/FinancialCalculatorKit-ackorybalcxbfocbkqsfdzcfkgmn/Build/Intermediates.noindex/swift-numerics.build/Debug/RealModule.build/Objects-normal/arm64/RealModule_const_extract_protocols.json -enable-experimental-feature DebugDescriptionMacro -empty-abi-descriptor -validate-clang-modules-once -clang-build-session-file /Users/rogerlin/Library/Developer/Xcode/DerivedData/ModuleCache.noindex/Session.modulevalidation -Xcc -working-directory -Xcc /Users/rogerlin/XCode-Projects/FinancialCalculatorKit-5.0-updated-accent-colors/FinancialCalculatorKit.xcodeproj -enable-anonymous-context-mangled-names -file-compilation-dir /Users/rogerlin/XCode-Projects/FinancialCalculatorKit-5.0-updated-accent-colors/FinancialCalculatorKit.xcodeproj -Xcc -D_LIBCPP_HARDENING_MODE\=_LIBCPP_HARDENING_MODE_DEBUG -Xcc -ivfsstatcache -Xcc /Users/rogerlin/Library/Developer/Xcode/DerivedData/SDKStatCaches.noindex/macosx26.1-25B74-3ae1261907bdadc328169391a47051a6.sdkstatcache -Xcc -I/Users/rogerlin/Library/Developer/Xcode/DerivedData/FinancialCalculatorKit-ackorybalcxbfocbkqsfdzcfkgmn/Build/Intermediates.noindex/swift-numerics.build/Debug/RealModule.build/swift-overrides.hmap -Xcc -I/Users/rogerlin/Library/Developer/Xcode/DerivedData/FinancialCalculatorKit-ackorybalcxbfocbkqsfdzcfkgmn/SourcePackages/checkouts/swift-numerics/Sources/_NumericsShims/include -Xcc -I/Users/rogerlin/Library/Developer/Xcode/DerivedData/FinancialCalculatorKit-ackorybalcxbfocbkqsfdzcfkgmn/Build/Products/Debug/include -Xcc -I/Users/rogerlin/Library/Developer/Xcode/DerivedData/FinancialCalculatorKit-ackorybalcxbfocbkqsfdzcfkgmn/Build/Intermediates.noindex/swift-numerics.build/Debug/RealModule.build/DerivedSources-normal/arm64 -Xcc -I/Users/rogerlin/Library/Developer/Xcode/DerivedData/FinancialCalculatorKit-ackorybalcxbfocbkqsfdzcfkgmn/Build/Intermediates.noindex/swift-numerics.build/Debug/RealModule.build/DerivedSources/arm64 -Xcc -I/Users/rogerlin/Library/Developer/Xcode/DerivedData/FinancialCalculatorKit-ackorybalcxbfocbkqsfdzcfkgmn/Build/Intermediates.noindex/swift-numerics.build/Debug/RealModule.build/DerivedSources -Xcc -DSWIFT_PACKAGE -Xcc -DDEBUG\=1 -no-auto-bridging-header-chaining -module-name RealModule -frontend-parseable-output -disable-clang-spi -target-sdk-version 26.1 -target-sdk-name macosx26.1 -clang-target arm64-apple-macos26.1 -in-process-plugin-server-path /Applications/Xcode.app/Contents/Developer/Toolchains/XcodeDefault.xctoolchain/usr/lib/swift/host/libSwiftInProcPluginServer.dylib -o /Users/rogerlin/Library/Developer/Xcode/DerivedData/FinancialCalculatorKit-ackorybalcxbfocbkqsfdzcfkgmn/Build/Intermediates.noindex/swift-numerics.build/Debug/RealModule.build/Objects-normal/arm64/Real.o -index-unit-output-path /swift-numerics.build/Debug/RealModule.build/Objects-normal/arm64/Real.o -index-store-path /Users/rogerlin/Library/Developer/Xcode/DerivedData/FinancialCalculatorKit-ackorybalcxbfocbkqsfdzcfkgmn/Index.noindex/DataStore -index-system-modules

SwiftCompile normal arm64 /Users/rogerlin/Library/Developer/Xcode/DerivedData/FinancialCalculatorKit-ackorybalcxbfocbkqsfdzcfkgmn/SourcePackages/checkouts/swift-numerics/Sources/RealModule/Real.swift (in target 'RealModule' from project 'swift-numerics')
    cd /Users/rogerlin/XCode-Projects/FinancialCalculatorKit-5.0-updated-accent-colors/FinancialCalculatorKit.xcodeproj
    

SwiftDriverJobDiscovery normal arm64 Compiling ElementaryFunctions.swift (in target 'RealModule' from project 'swift-numerics')

SwiftCompile normal arm64 Compiling\ ApproximateEquality.swift /Users/rogerlin/Library/Developer/Xcode/DerivedData/FinancialCalculatorKit-ackorybalcxbfocbkqsfdzcfkgmn/SourcePackages/checkouts/swift-numerics/Sources/RealModule/ApproximateEquality.swift (in target 'RealModule' from project 'swift-numerics')
/Applications/Xcode.app/Contents/Developer/Toolchains/XcodeDefault.xctoolchain/usr/bin/swift-frontend -frontend -c /Users/rogerlin/Library/Developer/Xcode/DerivedData/FinancialCalculatorKit-ackorybalcxbfocbkqsfdzcfkgmn/SourcePackages/checkouts/swift-numerics/Sources/RealModule/AlgebraicField.swift -primary-file /Users/rogerlin/Library/Developer/Xcode/DerivedData/FinancialCalculatorKit-ackorybalcxbfocbkqsfdzcfkgmn/SourcePackages/checkouts/swift-numerics/Sources/RealModule/ApproximateEquality.swift /Users/rogerlin/Library/Developer/Xcode/DerivedData/FinancialCalculatorKit-ackorybalcxbfocbkqsfdzcfkgmn/SourcePackages/checkouts/swift-numerics/Sources/RealModule/AugmentedArithmetic.swift /Users/rogerlin/Library/Developer/Xcode/DerivedData/FinancialCalculatorKit-ackorybalcxbfocbkqsfdzcfkgmn/SourcePackages/checkouts/swift-numerics/Sources/RealModule/Double+Real.swift /Users/rogerlin/Library/Developer/Xcode/DerivedData/FinancialCalculatorKit-ackorybalcxbfocbkqsfdzcfkgmn/SourcePackages/checkouts/swift-numerics/Sources/RealModule/ElementaryFunctions.swift /Users/rogerlin/Library/Developer/Xcode/DerivedData/FinancialCalculatorKit-ackorybalcxbfocbkqsfdzcfkgmn/SourcePackages/checkouts/swift-numerics/Sources/RealModule/Float+Real.swift /Users/rogerlin/Library/Developer/Xcode/DerivedData/FinancialCalculatorKit-ackorybalcxbfocbkqsfdzcfkgmn/SourcePackages/checkouts/swift-numerics/Sources/RealModule/Float16+Real.swift /Users/rogerlin/Library/Developer/Xcode/DerivedData/FinancialCalculatorKit-ackorybalcxbfocbkqsfdzcfkgmn/SourcePackages/checkouts/swift-numerics/Sources/RealModule/Float80+Real.swift /Users/rogerlin/Library/Developer/Xcode/DerivedData/FinancialCalculatorKit-ackorybalcxbfocbkqsfdzcfkgmn/SourcePackages/checkouts/swift-numerics/Sources/RealModule/Real.swift /Users/rogerlin/Library/Developer/Xcode/DerivedData/FinancialCalculatorKit-ackorybalcxbfocbkqsfdzcfkgmn/SourcePackages/checkouts/swift-numerics/Sources/RealModule/RealFunctions.swift -emit-dependencies-path /Users/rogerlin/Library/Developer/Xcode/DerivedData/FinancialCalculatorKit-ackorybalcxbfocbkqsfdzcfkgmn/Build/Intermediates.noindex/swift-numerics.build/Debug/RealModule.build/Objects-normal/arm64/ApproximateEquality.d -emit-const-values-path /Users/rogerlin/Library/Developer/Xcode/DerivedData/FinancialCalculatorKit-ackorybalcxbfocbkqsfdzcfkgmn/Build/Intermediates.noindex/swift-numerics.build/Debug/RealModule.build/Objects-normal/arm64/ApproximateEquality.swiftconstvalues -emit-reference-dependencies-path /Users/rogerlin/Library/Developer/Xcode/DerivedData/FinancialCalculatorKit-ackorybalcxbfocbkqsfdzcfkgmn/Build/Intermediates.noindex/swift-numerics.build/Debug/RealModule.build/Objects-normal/arm64/ApproximateEquality.swiftdeps -serialize-diagnostics-path /Users/rogerlin/Library/Developer/Xcode/DerivedData/FinancialCalculatorKit-ackorybalcxbfocbkqsfdzcfkgmn/Build/Intermediates.noindex/swift-numerics.build/Debug/RealModule.build/Objects-normal/arm64/ApproximateEquality.dia -target arm64-apple-macos10.13 -load-resolved-plugin /Applications/Xcode.app/Contents/Developer/Platforms/MacOSX.platform/Developer/usr/lib/swift/host/plugins/libSwiftMacros.dylib\#/Applications/Xcode.app/Contents/Developer/Platforms/MacOSX.platform/Developer/usr/bin/swift-plugin-server\#SwiftMacros -disable-implicit-swift-modules -Xcc -fno-implicit-modules -Xcc -fno-implicit-module-maps -explicit-swift-module-map-file /Users/rogerlin/Library/Developer/Xcode/DerivedData/FinancialCalculatorKit-ackorybalcxbfocbkqsfdzcfkgmn/Build/Intermediates.noindex/swift-numerics.build/Debug/RealModule.build/Objects-normal/arm64/RealModule-dependencies-1.json -Xllvm -aarch64-use-tbi -enable-objc-interop -sdk /Applications/Xcode.app/Contents/Developer/Platforms/MacOSX.platform/Developer/SDKs/MacOSX26.1.sdk -I /Users/rogerlin/Library/Developer/Xcode/DerivedData/FinancialCalculatorKit-ackorybalcxbfocbkqsfdzcfkgmn/Build/Products/Debug -Isystem /Applications/Xcode.app/Contents/Developer/Platforms/MacOSX.platform/Developer/usr/lib -F /Users/rogerlin/Library/Developer/Xcode/DerivedData/FinancialCalculatorKit-ackorybalcxbfocbkqsfdzcfkgmn/Build/Products/Debug/PackageFrameworks -F /Users/rogerlin/Library/Developer/Xcode/DerivedData/FinancialCalculatorKit-ackorybalcxbfocbkqsfdzcfkgmn/Build/Products/Debug -F /Applications/Xcode.app/Contents/Developer/Platforms/MacOSX.platform/Developer/Library/Frameworks -no-color-diagnostics -Xcc -fno-color-diagnostics -enable-testing -g -debug-info-format\=dwarf -dwarf-version\=4 -module-cache-path /Users/rogerlin/Library/Developer/Xcode/DerivedData/FinancialCalculatorKit-ackorybalcxbfocbkqsfdzcfkgmn/Build/Intermediates.noindex/SwiftExplicitPrecompiledModules -suppress-warnings -profile-generate -profile-coverage-mapping -swift-version 5 -enforce-exclusivity\=checked -Onone -D SWIFT_PACKAGE -D DEBUG -D SWIFT_MODULE_RESOURCE_BUNDLE_UNAVAILABLE -D Xcode -serialize-debugging-options -const-gather-protocols-file /Users/rogerlin/Library/Developer/Xcode/DerivedData/FinancialCalculatorKit-ackorybalcxbfocbkqsfdzcfkgmn/Build/Intermediates.noindex/swift-numerics.build/Debug/RealModule.build/Objects-normal/arm64/RealModule_const_extract_protocols.json -enable-experimental-feature DebugDescriptionMacro -empty-abi-descriptor -validate-clang-modules-once -clang-build-session-file /Users/rogerlin/Library/Developer/Xcode/DerivedData/ModuleCache.noindex/Session.modulevalidation -Xcc -working-directory -Xcc /Users/rogerlin/XCode-Projects/FinancialCalculatorKit-5.0-updated-accent-colors/FinancialCalculatorKit.xcodeproj -enable-anonymous-context-mangled-names -file-compilation-dir /Users/rogerlin/XCode-Projects/FinancialCalculatorKit-5.0-updated-accent-colors/FinancialCalculatorKit.xcodeproj -Xcc -D_LIBCPP_HARDENING_MODE\=_LIBCPP_HARDENING_MODE_DEBUG -Xcc -ivfsstatcache -Xcc /Users/rogerlin/Library/Developer/Xcode/DerivedData/SDKStatCaches.noindex/macosx26.1-25B74-3ae1261907bdadc328169391a47051a6.sdkstatcache -Xcc -I/Users/rogerlin/Library/Developer/Xcode/DerivedData/FinancialCalculatorKit-ackorybalcxbfocbkqsfdzcfkgmn/Build/Intermediates.noindex/swift-numerics.build/Debug/RealModule.build/swift-overrides.hmap -Xcc -I/Users/rogerlin/Library/Developer/Xcode/DerivedData/FinancialCalculatorKit-ackorybalcxbfocbkqsfdzcfkgmn/SourcePackages/checkouts/swift-numerics/Sources/_NumericsShims/include -Xcc -I/Users/rogerlin/Library/Developer/Xcode/DerivedData/FinancialCalculatorKit-ackorybalcxbfocbkqsfdzcfkgmn/Build/Products/Debug/include -Xcc -I/Users/rogerlin/Library/Developer/Xcode/DerivedData/FinancialCalculatorKit-ackorybalcxbfocbkqsfdzcfkgmn/Build/Intermediates.noindex/swift-numerics.build/Debug/RealModule.build/DerivedSources-normal/arm64 -Xcc -I/Users/rogerlin/Library/Developer/Xcode/DerivedData/FinancialCalculatorKit-ackorybalcxbfocbkqsfdzcfkgmn/Build/Intermediates.noindex/swift-numerics.build/Debug/RealModule.build/DerivedSources/arm64 -Xcc -I/Users/rogerlin/Library/Developer/Xcode/DerivedData/FinancialCalculatorKit-ackorybalcxbfocbkqsfdzcfkgmn/Build/Intermediates.noindex/swift-numerics.build/Debug/RealModule.build/DerivedSources -Xcc -DSWIFT_PACKAGE -Xcc -DDEBUG\=1 -no-auto-bridging-header-chaining -module-name RealModule -frontend-parseable-output -disable-clang-spi -target-sdk-version 26.1 -target-sdk-name macosx26.1 -clang-target arm64-apple-macos26.1 -in-process-plugin-server-path /Applications/Xcode.app/Contents/Developer/Toolchains/XcodeDefault.xctoolchain/usr/lib/swift/host/libSwiftInProcPluginServer.dylib -o /Users/rogerlin/Library/Developer/Xcode/DerivedData/FinancialCalculatorKit-ackorybalcxbfocbkqsfdzcfkgmn/Build/Intermediates.noindex/swift-numerics.build/Debug/RealModule.build/Objects-normal/arm64/ApproximateEquality.o -index-unit-output-path /swift-numerics.build/Debug/RealModule.build/Objects-normal/arm64/ApproximateEquality.o -index-store-path /Users/rogerlin/Library/Developer/Xcode/DerivedData/FinancialCalculatorKit-ackorybalcxbfocbkqsfdzcfkgmn/Index.noindex/DataStore -index-system-modules

SwiftCompile normal arm64 /Users/rogerlin/Library/Developer/Xcode/DerivedData/FinancialCalculatorKit-ackorybalcxbfocbkqsfdzcfkgmn/SourcePackages/checkouts/swift-numerics/Sources/RealModule/ApproximateEquality.swift (in target 'RealModule' from project 'swift-numerics')
    cd /Users/rogerlin/XCode-Projects/FinancialCalculatorKit-5.0-updated-accent-colors/FinancialCalculatorKit.xcodeproj
    

SwiftDriverJobDiscovery normal arm64 Compiling String+HTMLEntities.swift (in target 'HTMLEntities' from project 'HTMLEntities')

SwiftCompile normal arm64 Compiling\ Float80+Real.swift /Users/rogerlin/Library/Developer/Xcode/DerivedData/FinancialCalculatorKit-ackorybalcxbfocbkqsfdzcfkgmn/SourcePackages/checkouts/swift-numerics/Sources/RealModule/Float80+Real.swift (in target 'RealModule' from project 'swift-numerics')
/Applications/Xcode.app/Contents/Developer/Toolchains/XcodeDefault.xctoolchain/usr/bin/swift-frontend -frontend -c /Users/rogerlin/Library/Developer/Xcode/DerivedData/FinancialCalculatorKit-ackorybalcxbfocbkqsfdzcfkgmn/SourcePackages/checkouts/swift-numerics/Sources/RealModule/AlgebraicField.swift /Users/rogerlin/Library/Developer/Xcode/DerivedData/FinancialCalculatorKit-ackorybalcxbfocbkqsfdzcfkgmn/SourcePackages/checkouts/swift-numerics/Sources/RealModule/ApproximateEquality.swift /Users/rogerlin/Library/Developer/Xcode/DerivedData/FinancialCalculatorKit-ackorybalcxbfocbkqsfdzcfkgmn/SourcePackages/checkouts/swift-numerics/Sources/RealModule/AugmentedArithmetic.swift /Users/rogerlin/Library/Developer/Xcode/DerivedData/FinancialCalculatorKit-ackorybalcxbfocbkqsfdzcfkgmn/SourcePackages/checkouts/swift-numerics/Sources/RealModule/Double+Real.swift /Users/rogerlin/Library/Developer/Xcode/DerivedData/FinancialCalculatorKit-ackorybalcxbfocbkqsfdzcfkgmn/SourcePackages/checkouts/swift-numerics/Sources/RealModule/ElementaryFunctions.swift /Users/rogerlin/Library/Developer/Xcode/DerivedData/FinancialCalculatorKit-ackorybalcxbfocbkqsfdzcfkgmn/SourcePackages/checkouts/swift-numerics/Sources/RealModule/Float+Real.swift /Users/rogerlin/Library/Developer/Xcode/DerivedData/FinancialCalculatorKit-ackorybalcxbfocbkqsfdzcfkgmn/SourcePackages/checkouts/swift-numerics/Sources/RealModule/Float16+Real.swift -primary-file /Users/rogerlin/Library/Developer/Xcode/DerivedData/FinancialCalculatorKit-ackorybalcxbfocbkqsfdzcfkgmn/SourcePackages/checkouts/swift-numerics/Sources/RealModule/Float80+Real.swift /Users/rogerlin/Library/Developer/Xcode/DerivedData/FinancialCalculatorKit-ackorybalcxbfocbkqsfdzcfkgmn/SourcePackages/checkouts/swift-numerics/Sources/RealModule/Real.swift /Users/rogerlin/Library/Developer/Xcode/DerivedData/FinancialCalculatorKit-ackorybalcxbfocbkqsfdzcfkgmn/SourcePackages/checkouts/swift-numerics/Sources/RealModule/RealFunctions.swift -emit-dependencies-path /Users/rogerlin/Library/Developer/Xcode/DerivedData/FinancialCalculatorKit-ackorybalcxbfocbkqsfdzcfkgmn/Build/Intermediates.noindex/swift-numerics.build/Debug/RealModule.build/Objects-normal/arm64/Float80+Real.d -emit-const-values-path /Users/rogerlin/Library/Developer/Xcode/DerivedData/FinancialCalculatorKit-ackorybalcxbfocbkqsfdzcfkgmn/Build/Intermediates.noindex/swift-numerics.build/Debug/RealModule.build/Objects-normal/arm64/Float80+Real.swiftconstvalues -emit-reference-dependencies-path /Users/rogerlin/Library/Developer/Xcode/DerivedData/FinancialCalculatorKit-ackorybalcxbfocbkqsfdzcfkgmn/Build/Intermediates.noindex/swift-numerics.build/Debug/RealModule.build/Objects-normal/arm64/Float80+Real.swiftdeps -serialize-diagnostics-path /Users/rogerlin/Library/Developer/Xcode/DerivedData/FinancialCalculatorKit-ackorybalcxbfocbkqsfdzcfkgmn/Build/Intermediates.noindex/swift-numerics.build/Debug/RealModule.build/Objects-normal/arm64/Float80+Real.dia -target arm64-apple-macos10.13 -load-resolved-plugin /Applications/Xcode.app/Contents/Developer/Platforms/MacOSX.platform/Developer/usr/lib/swift/host/plugins/libSwiftMacros.dylib\#/Applications/Xcode.app/Contents/Developer/Platforms/MacOSX.platform/Developer/usr/bin/swift-plugin-server\#SwiftMacros -disable-implicit-swift-modules -Xcc -fno-implicit-modules -Xcc -fno-implicit-module-maps -explicit-swift-module-map-file /Users/rogerlin/Library/Developer/Xcode/DerivedData/FinancialCalculatorKit-ackorybalcxbfocbkqsfdzcfkgmn/Build/Intermediates.noindex/swift-numerics.build/Debug/RealModule.build/Objects-normal/arm64/RealModule-dependencies-1.json -Xllvm -aarch64-use-tbi -enable-objc-interop -sdk /Applications/Xcode.app/Contents/Developer/Platforms/MacOSX.platform/Developer/SDKs/MacOSX26.1.sdk -I /Users/rogerlin/Library/Developer/Xcode/DerivedData/FinancialCalculatorKit-ackorybalcxbfocbkqsfdzcfkgmn/Build/Products/Debug -Isystem /Applications/Xcode.app/Contents/Developer/Platforms/MacOSX.platform/Developer/usr/lib -F /Users/rogerlin/Library/Developer/Xcode/DerivedData/FinancialCalculatorKit-ackorybalcxbfocbkqsfdzcfkgmn/Build/Products/Debug/PackageFrameworks -F /Users/rogerlin/Library/Developer/Xcode/DerivedData/FinancialCalculatorKit-ackorybalcxbfocbkqsfdzcfkgmn/Build/Products/Debug -F /Applications/Xcode.app/Contents/Developer/Platforms/MacOSX.platform/Developer/Library/Frameworks -no-color-diagnostics -Xcc -fno-color-diagnostics -enable-testing -g -debug-info-format\=dwarf -dwarf-version\=4 -module-cache-path /Users/rogerlin/Library/Developer/Xcode/DerivedData/FinancialCalculatorKit-ackorybalcxbfocbkqsfdzcfkgmn/Build/Intermediates.noindex/SwiftExplicitPrecompiledModules -suppress-warnings -profile-generate -profile-coverage-mapping -swift-version 5 -enforce-exclusivity\=checked -Onone -D SWIFT_PACKAGE -D DEBUG -D SWIFT_MODULE_RESOURCE_BUNDLE_UNAVAILABLE -D Xcode -serialize-debugging-options -const-gather-protocols-file /Users/rogerlin/Library/Developer/Xcode/DerivedData/FinancialCalculatorKit-ackorybalcxbfocbkqsfdzcfkgmn/Build/Intermediates.noindex/swift-numerics.build/Debug/RealModule.build/Objects-normal/arm64/RealModule_const_extract_protocols.json -enable-experimental-feature DebugDescriptionMacro -empty-abi-descriptor -validate-clang-modules-once -clang-build-session-file /Users/rogerlin/Library/Developer/Xcode/DerivedData/ModuleCache.noindex/Session.modulevalidation -Xcc -working-directory -Xcc /Users/rogerlin/XCode-Projects/FinancialCalculatorKit-5.0-updated-accent-colors/FinancialCalculatorKit.xcodeproj -enable-anonymous-context-mangled-names -file-compilation-dir /Users/rogerlin/XCode-Projects/FinancialCalculatorKit-5.0-updated-accent-colors/FinancialCalculatorKit.xcodeproj -Xcc -D_LIBCPP_HARDENING_MODE\=_LIBCPP_HARDENING_MODE_DEBUG -Xcc -ivfsstatcache -Xcc /Users/rogerlin/Library/Developer/Xcode/DerivedData/SDKStatCaches.noindex/macosx26.1-25B74-3ae1261907bdadc328169391a47051a6.sdkstatcache -Xcc -I/Users/rogerlin/Library/Developer/Xcode/DerivedData/FinancialCalculatorKit-ackorybalcxbfocbkqsfdzcfkgmn/Build/Intermediates.noindex/swift-numerics.build/Debug/RealModule.build/swift-overrides.hmap -Xcc -I/Users/rogerlin/Library/Developer/Xcode/DerivedData/FinancialCalculatorKit-ackorybalcxbfocbkqsfdzcfkgmn/SourcePackages/checkouts/swift-numerics/Sources/_NumericsShims/include -Xcc -I/Users/rogerlin/Library/Developer/Xcode/DerivedData/FinancialCalculatorKit-ackorybalcxbfocbkqsfdzcfkgmn/Build/Products/Debug/include -Xcc -I/Users/rogerlin/Library/Developer/Xcode/DerivedData/FinancialCalculatorKit-ackorybalcxbfocbkqsfdzcfkgmn/Build/Intermediates.noindex/swift-numerics.build/Debug/RealModule.build/DerivedSources-normal/arm64 -Xcc -I/Users/rogerlin/Library/Developer/Xcode/DerivedData/FinancialCalculatorKit-ackorybalcxbfocbkqsfdzcfkgmn/Build/Intermediates.noindex/swift-numerics.build/Debug/RealModule.build/DerivedSources/arm64 -Xcc -I/Users/rogerlin/Library/Developer/Xcode/DerivedData/FinancialCalculatorKit-ackorybalcxbfocbkqsfdzcfkgmn/Build/Intermediates.noindex/swift-numerics.build/Debug/RealModule.build/DerivedSources -Xcc -DSWIFT_PACKAGE -Xcc -DDEBUG\=1 -no-auto-bridging-header-chaining -module-name RealModule -frontend-parseable-output -disable-clang-spi -target-sdk-version 26.1 -target-sdk-name macosx26.1 -clang-target arm64-apple-macos26.1 -in-process-plugin-server-path /Applications/Xcode.app/Contents/Developer/Toolchains/XcodeDefault.xctoolchain/usr/lib/swift/host/libSwiftInProcPluginServer.dylib -o /Users/rogerlin/Library/Developer/Xcode/DerivedData/FinancialCalculatorKit-ackorybalcxbfocbkqsfdzcfkgmn/Build/Intermediates.noindex/swift-numerics.build/Debug/RealModule.build/Objects-normal/arm64/Float80+Real.o -index-unit-output-path /swift-numerics.build/Debug/RealModule.build/Objects-normal/arm64/Float80+Real.o -index-store-path /Users/rogerlin/Library/Developer/Xcode/DerivedData/FinancialCalculatorKit-ackorybalcxbfocbkqsfdzcfkgmn/Index.noindex/DataStore -index-system-modules

SwiftCompile normal arm64 /Users/rogerlin/Library/Developer/Xcode/DerivedData/FinancialCalculatorKit-ackorybalcxbfocbkqsfdzcfkgmn/SourcePackages/checkouts/swift-numerics/Sources/RealModule/Float80+Real.swift (in target 'RealModule' from project 'swift-numerics')
    cd /Users/rogerlin/XCode-Projects/FinancialCalculatorKit-5.0-updated-accent-colors/FinancialCalculatorKit.xcodeproj
    

SwiftExplicitDependencyGeneratePcm arm64 /Users/rogerlin/Library/Developer/Xcode/DerivedData/FinancialCalculatorKit-ackorybalcxbfocbkqsfdzcfkgmn/Build/Intermediates.noindex/SwiftExplicitPrecompiledModules/_SwiftSyntaxCShims-8I1QDOFEPJ1DGY222GSMI1BD4.pcm
/Applications/Xcode.app/Contents/Developer/Toolchains/XcodeDefault.xctoolchain/usr/bin/swift-frontend -frontend -emit-pcm -module-name _SwiftSyntaxCShims -o /Users/rogerlin/Library/Developer/Xcode/DerivedData/FinancialCalculatorKit-ackorybalcxbfocbkqsfdzcfkgmn/Build/Intermediates.noindex/SwiftExplicitPrecompiledModules/_SwiftSyntaxCShims-8I1QDOFEPJ1DGY222GSMI1BD4.pcm -direct-clang-cc1-module-build /Users/rogerlin/Library/Developer/Xcode/DerivedData/FinancialCalculatorKit-ackorybalcxbfocbkqsfdzcfkgmn/SourcePackages/checkouts/swift-syntax/Sources/_SwiftSyntaxCShims/include/module.modulemap -Xcc -cc1 -Xcc -fansi-escape-codes -Xcc -ferror-limit -Xcc 19 -Xcc -Wdeprecated-objc-isa-usage -Xcc -Werror\=deprecated-objc-isa-usage -Xcc -Werror\=implicit-function-declaration -Xcc -Wno-reorder-init-list -Xcc -Wno-implicit-int-float-conversion -Xcc -Wno-c99-designator -Xcc -Wno-final-dtor-non-final-class -Xcc -Wno-extra-semi-stmt -Xcc -Wno-misleading-indentation -Xcc -Wno-quoted-include-in-framework-header -Xcc -Wno-implicit-fallthrough -Xcc -Wno-enum-enum-conversion -Xcc -Wno-enum-float-conversion -Xcc -Wno-elaborated-enum-base -Xcc -fmodule-map-file\=/Applications/Xcode.app/Contents/Developer/Platforms/MacOSX.platform/Developer/SDKs/MacOSX26.1.sdk/usr/include/DarwinFoundation2.modulemap -Xcc -fmodule-map-file\=/Applications/Xcode.app/Contents/Developer/Platforms/MacOSX.platform/Developer/SDKs/MacOSX26.1.sdk/usr/include/DarwinFoundation3.modulemap -Xcc -fmodule-map-file\=/Applications/Xcode.app/Contents/Developer/Platforms/MacOSX.platform/Developer/SDKs/MacOSX26.1.sdk/usr/include/DarwinFoundation1.modulemap -Xcc -fmodule-map-file\=/Applications/Xcode.app/Contents/Developer/Toolchains/XcodeDefault.xctoolchain/usr/lib/swift/clang/include/module.modulemap -Xcc -disable-free -Xcc -finclude-tree-preserve-pch-path -Xcc -emit-module -Xcc -x -Xcc objective-c -Xcc /Users/rogerlin/Library/Developer/Xcode/DerivedData/FinancialCalculatorKit-ackorybalcxbfocbkqsfdzcfkgmn/SourcePackages/checkouts/swift-syntax/Sources/_SwiftSyntaxCShims/include/module.modulemap -Xcc -target-abi -Xcc darwinpcs -Xcc -target-cpu -Xcc apple-a12 -Xcc -target-feature -Xcc +zcm -Xcc -target-feature -Xcc +zcz -Xcc -target-feature -Xcc +v8.3a -Xcc -target-feature -Xcc +aes -Xcc -target-feature -Xcc +complxnum -Xcc -target-feature -Xcc +crc -Xcc -target-feature -Xcc +fp-armv8 -Xcc -target-feature -Xcc +fullfp16 -Xcc -target-feature -Xcc +jsconv -Xcc -target-feature -Xcc +lse -Xcc -target-feature -Xcc +neon -Xcc -target-feature -Xcc +pauth -Xcc -target-feature -Xcc +perfmon -Xcc -target-feature -Xcc +ras -Xcc -target-feature -Xcc +rcpc -Xcc -target-feature -Xcc +rdm -Xcc -target-feature -Xcc +sha2 -Xcc -triple -Xcc arm64-apple-macosx26.1.0 -Xcc -target-linker-version -Xcc 1230.1 -Xcc -target-sdk-version\=26.1 -Xcc -fmodules-validate-system-headers -Xcc -fno-modules-prune-non-affecting-module-map-files -Xcc -isysroot -Xcc /Applications/Xcode.app/Contents/Developer/Platforms/MacOSX.platform/Developer/SDKs/MacOSX26.1.sdk -Xcc -resource-dir -Xcc /Applications/Xcode.app/Contents/Developer/Toolchains/XcodeDefault.xctoolchain/usr/lib/swift/clang -Xcc -fmodule-format\=obj -Xcc -fmodule-file\=_Builtin_stdbool\=/Users/rogerlin/Library/Developer/Xcode/DerivedData/ModuleCache.noindex/_Builtin_stdbool-9A38S36MAMKTZZ4XXIHLU97LC.pcm -Xcc -fmodule-file\=_DarwinFoundation1\=/Users/rogerlin/Library/Developer/Xcode/DerivedData/ModuleCache.noindex/_DarwinFoundation1-5JT1R99VEDTTBQOTQEHT7BWJM.pcm -Xcc -fmodule-file\=_DarwinFoundation2\=/Users/rogerlin/Library/Developer/Xcode/DerivedData/ModuleCache.noindex/_DarwinFoundation2-M0YXPXPJZXX5ECP26OWY3CE3.pcm -Xcc -fmodule-file\=_DarwinFoundation3\=/Users/rogerlin/Library/Developer/Xcode/DerivedData/ModuleCache.noindex/_DarwinFoundation3-1NXKKE1FFHBUEVTUBZAM0HUTN.pcm -Xcc -isystem -Xcc /Applications/Xcode.app/Contents/Developer/Toolchains/XcodeDefault.xctoolchain/usr/lib/swift/clang/include -Xcc -internal-externc-isystem -Xcc /Applications/Xcode.app/Contents/Developer/Platforms/MacOSX.platform/Developer/SDKs/MacOSX26.1.sdk/usr/include -Xcc -ivfsstatcache -Xcc /Users/rogerlin/Library/Developer/Xcode/DerivedData/SDKStatCaches.noindex/macosx26.1-25B74-3ae1261907bdadc328169391a47051a6.sdkstatcache -Xcc -fapinotes-swift-version\=6 -Xcc -iapinotes-modules -Xcc /Applications/Xcode.app/Contents/Developer/Platforms/MacOSX.platform/Developer/SDKs/MacOSX26.1.sdk/usr/lib/swift/apinotes -Xcc -iapinotes-modules -Xcc /Applications/Xcode.app/Contents/Developer/Toolchains/XcodeDefault.xctoolchain/usr/lib/swift/apinotes -Xcc -std\=gnu11 -Xcc -fapinotes-modules -Xcc -fexceptions -Xcc -fskip-odr-check-in-gmf -Xcc -fmodules -Xcc -fmodule-name\=_SwiftSyntaxCShims -Xcc -fmodules-search-all -Xcc -fno-implicit-modules -Xcc -fretain-comments-from-system-headers -Xcc -fobjc-exceptions -Xcc -fmax-type-align\=16 -Xcc -fstack-check -Xcc -fmodule-feature -Xcc swift -Xcc -fno-odr-hash-protocols -Xcc -pic-level -Xcc 2 -Xcc -disable-objc-default-synthesize-properties -Xcc -stack-protector -Xcc 1 -Xcc -fobjc-runtime\=macosx-26.1.0 -Xcc -fobjc-arc -Xcc -fobjc-runtime-has-weak -Xcc -fobjc-weak -Xcc -fgnuc-version\=4.2.1 -Xcc -fblocks -Xcc -ffp-contract\=off -Xcc -fclang-abi-compat\=4.0 -Xcc -fno-experimental-relative-c++-abi-vtables -Xcc -fno-file-reproducible -Xcc -clang-vendor-feature\=+disableNonDependentMemberExprInCurrentInstantiation -Xcc -clang-vendor-feature\=+enableAggressiveVLAFolding -Xcc -clang-vendor-feature\=+revert09abecef7bbf -Xcc -clang-vendor-feature\=+thisNoAlignAttr -Xcc -clang-vendor-feature\=+thisNoNullAttr -Xcc -clang-vendor-feature\=+disableAtImportPrivateFrameworkInImplementationError -Xcc -O0 -Xcc -fdebug-compilation-dir\=/ -Xcc -fcommon -Xcc -fno-sanitize-address-use-odr-indicator -Xcc -fno-sanitize-memory-param-retval -Xcc -fmerge-all-constants -Xcc -fno-verbose-asm -Xcc -fregister-global-dtors-with-atexit -Xcc -fno-use-init-array -Xcc -funique-basic-block-section-names -Xcc -dwarf-version\=5 -Xcc -debugger-tuning\=lldb -Xcc -llvm-verify-each -Xcc -dwarf-ext-refs -Xcc -no-struct-path-tbaa -Xcc -fexperimental-assignment-tracking\=disabled -Xcc -no-enable-noundef-analysis -Xcc -stack-protector-buffer-size -Xcc 0 -Xcc -debug-info-kind\=standalone -Xcc -save-temps\=obj -Xcc -fdiagnostics-hotness-threshold\=0 -Xcc -fdiagnostics-misexpect-tolerance\=0 -Xcc -D -Xcc DEBUG\=1 -Xcc -D -Xcc SWIFT_CLASS_EXTRA\= -Xcc -D -Xcc SWIFT_PACKAGE -Xcc -D -Xcc SWIFT_SDK_OVERLAY2_SCENEKIT_EPOCH\=3 -Xcc -D -Xcc SWIFT_SDK_OVERLAY_APPKIT_EPOCH\=2 -Xcc -D -Xcc SWIFT_SDK_OVERLAY_COREGRAPHICS_EPOCH\=0 -Xcc -D -Xcc SWIFT_SDK_OVERLAY_COREIMAGE_EPOCH\=2 -Xcc -D -Xcc SWIFT_SDK_OVERLAY_DISPATCH_EPOCH\=2 -Xcc -D -Xcc SWIFT_SDK_OVERLAY_FOUNDATION_EPOCH\=8 -Xcc -D -Xcc SWIFT_SDK_OVERLAY_GAMEPLAYKIT_EPOCH\=1 -Xcc -D -Xcc SWIFT_SDK_OVERLAY_PTHREAD_EPOCH\=1 -Xcc -D -Xcc SWIFT_SDK_OVERLAY_SPRITEKIT_EPOCH\=1 -Xcc -D -Xcc SWIFT_SDK_OVERLAY_UIKIT_EPOCH\=2 -Xcc -D -Xcc _ISO646_H_ -Xcc -D -Xcc _LIBCPP_HARDENING_MODE\=_LIBCPP_HARDENING_MODE_DEBUG -Xcc -D -Xcc __GCC_HAVE_DWARF2_CFI_ASM\=1 -Xcc -D -Xcc __ISO646_H -Xcc -D -Xcc __SWIFT_ATTR_SUPPORTS_SENDABLE_DECLS\=1 -Xcc -D -Xcc __SWIFT_ATTR_SUPPORTS_SENDING\=1 -Xcc -D -Xcc __SWIFT_COMPILER_VERSION\=6002001004008 -Xcc -D -Xcc __swift__\=60201 -Xcc -fdefine-target-os-macros

SwiftDriverJobDiscovery normal arm64 Emitting module for RealModule (in target 'RealModule' from project 'swift-numerics')

SwiftDriver\ Compilation\ Requirements RealModule normal arm64 com.apple.xcode.tools.swift.compiler (in target 'RealModule' from project 'swift-numerics')
    cd /Users/rogerlin/XCode-Projects/FinancialCalculatorKit-5.0-updated-accent-colors/FinancialCalculatorKit.xcodeproj
    builtin-Swift-Compilation-Requirements -- /Applications/Xcode.app/Contents/Developer/Toolchains/XcodeDefault.xctoolchain/usr/bin/swiftc -module-name RealModule -Onone -enforce-exclusivity\=checked @/Users/rogerlin/Library/Developer/Xcode/DerivedData/FinancialCalculatorKit-ackorybalcxbfocbkqsfdzcfkgmn/Build/Intermediates.noindex/swift-numerics.build/Debug/RealModule.build/Objects-normal/arm64/RealModule.SwiftFileList -DSWIFT_PACKAGE -DDEBUG -DSWIFT_MODULE_RESOURCE_BUNDLE_UNAVAILABLE -DXcode -plugin-path /Applications/Xcode.app/Contents/Developer/Toolchains/XcodeDefault.xctoolchain/usr/lib/swift/host/plugins/testing -enable-experimental-feature DebugDescriptionMacro -sdk /Applications/Xcode.app/Contents/Developer/Platforms/MacOSX.platform/Developer/SDKs/MacOSX26.1.sdk -target arm64-apple-macos10.13 -g -module-cache-path /Users/rogerlin/Library/Developer/Xcode/DerivedData/ModuleCache.noindex -Xfrontend -serialize-debugging-options -profile-coverage-mapping -profile-generate -enable-testing -suppress-warnings -index-store-path /Users/rogerlin/Library/Developer/Xcode/DerivedData/FinancialCalculatorKit-ackorybalcxbfocbkqsfdzcfkgmn/Index.noindex/DataStore -Xcc -D_LIBCPP_HARDENING_MODE\=_LIBCPP_HARDENING_MODE_DEBUG -swift-version 5 -I /Users/rogerlin/Library/Developer/Xcode/DerivedData/FinancialCalculatorKit-ackorybalcxbfocbkqsfdzcfkgmn/Build/Products/Debug -Isystem /Applications/Xcode.app/Contents/Developer/Platforms/MacOSX.platform/Developer/usr/lib -F /Users/rogerlin/Library/Developer/Xcode/DerivedData/FinancialCalculatorKit-ackorybalcxbfocbkqsfdzcfkgmn/Build/Products/Debug/PackageFrameworks -F /Users/rogerlin/Library/Developer/Xcode/DerivedData/FinancialCalculatorKit-ackorybalcxbfocbkqsfdzcfkgmn/Build/Products/Debug -F /Applications/Xcode.app/Contents/Developer/Platforms/MacOSX.platform/Developer/Library/Frameworks -c -j16 -enable-batch-mode -incremental -Xcc -ivfsstatcache -Xcc /Users/rogerlin/Library/Developer/Xcode/DerivedData/SDKStatCaches.noindex/macosx26.1-25B74-3ae1261907bdadc328169391a47051a6.sdkstatcache -output-file-map /Users/rogerlin/Library/Developer/Xcode/DerivedData/FinancialCalculatorKit-ackorybalcxbfocbkqsfdzcfkgmn/Build/Intermediates.noindex/swift-numerics.build/Debug/RealModule.build/Objects-normal/arm64/RealModule-OutputFileMap.json -use-frontend-parseable-output -save-temps -no-color-diagnostics -explicit-module-build -module-cache-path /Users/rogerlin/Library/Developer/Xcode/DerivedData/FinancialCalculatorKit-ackorybalcxbfocbkqsfdzcfkgmn/Build/Intermediates.noindex/SwiftExplicitPrecompiledModules -clang-scanner-module-cache-path /Users/rogerlin/Library/Developer/Xcode/DerivedData/ModuleCache.noindex -sdk-module-cache-path /Users/rogerlin/Library/Developer/Xcode/DerivedData/ModuleCache.noindex -serialize-diagnostics -emit-dependencies -emit-module -emit-module-path /Users/rogerlin/Library/Developer/Xcode/DerivedData/FinancialCalculatorKit-ackorybalcxbfocbkqsfdzcfkgmn/Build/Intermediates.noindex/swift-numerics.build/Debug/RealModule.build/Objects-normal/arm64/RealModule.swiftmodule -validate-clang-modules-once -clang-build-session-file /Users/rogerlin/Library/Developer/Xcode/DerivedData/ModuleCache.noindex/Session.modulevalidation -Xcc -I/Users/rogerlin/Library/Developer/Xcode/DerivedData/FinancialCalculatorKit-ackorybalcxbfocbkqsfdzcfkgmn/Build/Intermediates.noindex/swift-numerics.build/Debug/RealModule.build/swift-overrides.hmap -emit-const-values -Xfrontend -const-gather-protocols-file -Xfrontend /Users/rogerlin/Library/Developer/Xcode/DerivedData/FinancialCalculatorKit-ackorybalcxbfocbkqsfdzcfkgmn/Build/Intermediates.noindex/swift-numerics.build/Debug/RealModule.build/Objects-normal/arm64/RealModule_const_extract_protocols.json -Xcc -I/Users/rogerlin/Library/Developer/Xcode/DerivedData/FinancialCalculatorKit-ackorybalcxbfocbkqsfdzcfkgmn/SourcePackages/checkouts/swift-numerics/Sources/_NumericsShims/include -Xcc -I/Users/rogerlin/Library/Developer/Xcode/DerivedData/FinancialCalculatorKit-ackorybalcxbfocbkqsfdzcfkgmn/Build/Products/Debug/include -Xcc -I/Users/rogerlin/Library/Developer/Xcode/DerivedData/FinancialCalculatorKit-ackorybalcxbfocbkqsfdzcfkgmn/Build/Intermediates.noindex/swift-numerics.build/Debug/RealModule.build/DerivedSources-normal/arm64 -Xcc -I/Users/rogerlin/Library/Developer/Xcode/DerivedData/FinancialCalculatorKit-ackorybalcxbfocbkqsfdzcfkgmn/Build/Intermediates.noindex/swift-numerics.build/Debug/RealModule.build/DerivedSources/arm64 -Xcc -I/Users/rogerlin/Library/Developer/Xcode/DerivedData/FinancialCalculatorKit-ackorybalcxbfocbkqsfdzcfkgmn/Build/Intermediates.noindex/swift-numerics.build/Debug/RealModule.build/DerivedSources -Xcc -DSWIFT_PACKAGE -Xcc -DDEBUG\=1 -emit-objc-header -emit-objc-header-path /Users/rogerlin/Library/Developer/Xcode/DerivedData/FinancialCalculatorKit-ackorybalcxbfocbkqsfdzcfkgmn/Build/Intermediates.noindex/swift-numerics.build/Debug/RealModule.build/Objects-normal/arm64/RealModule-Swift.h -working-directory /Users/rogerlin/XCode-Projects/FinancialCalculatorKit-5.0-updated-accent-colors/FinancialCalculatorKit.xcodeproj -experimental-emit-module-separately -disable-cmo

    Task input dependencies:
        /Users/rogerlin/Library/Developer/Xcode/DerivedData/FinancialCalculatorKit-ackorybalcxbfocbkqsfdzcfkgmn/SourcePackages/checkouts/swift-numerics/Sources/RealModule/AlgebraicField.swift
        /Users/rogerlin/Library/Developer/Xcode/DerivedData/FinancialCalculatorKit-ackorybalcxbfocbkqsfdzcfkgmn/SourcePackages/checkouts/swift-numerics/Sources/RealModule/ApproximateEquality.swift
        /Users/rogerlin/Library/Developer/Xcode/DerivedData/FinancialCalculatorKit-ackorybalcxbfocbkqsfdzcfkgmn/SourcePackages/checkouts/swift-numerics/Sources/RealModule/AugmentedArithmetic.swift
        /Users/rogerlin/Library/Developer/Xcode/DerivedData/FinancialCalculatorKit-ackorybalcxbfocbkqsfdzcfkgmn/SourcePackages/checkouts/swift-numerics/Sources/RealModule/Double+Real.swift
        /Users/rogerlin/Library/Developer/Xcode/DerivedData/FinancialCalculatorKit-ackorybalcxbfocbkqsfdzcfkgmn/SourcePackages/checkouts/swift-numerics/Sources/RealModule/ElementaryFunctions.swift
        /Users/rogerlin/Library/Developer/Xcode/DerivedData/FinancialCalculatorKit-ackorybalcxbfocbkqsfdzcfkgmn/SourcePackages/checkouts/swift-numerics/Sources/RealModule/Float+Real.swift
        /Users/rogerlin/Library/Developer/Xcode/DerivedData/FinancialCalculatorKit-ackorybalcxbfocbkqsfdzcfkgmn/SourcePackages/checkouts/swift-numerics/Sources/RealModule/Float16+Real.swift
        /Users/rogerlin/Library/Developer/Xcode/DerivedData/FinancialCalculatorKit-ackorybalcxbfocbkqsfdzcfkgmn/SourcePackages/checkouts/swift-numerics/Sources/RealModule/Float80+Real.swift
        /Users/rogerlin/Library/Developer/Xcode/DerivedData/FinancialCalculatorKit-ackorybalcxbfocbkqsfdzcfkgmn/SourcePackages/checkouts/swift-numerics/Sources/RealModule/Real.swift
        /Users/rogerlin/Library/Developer/Xcode/DerivedData/FinancialCalculatorKit-ackorybalcxbfocbkqsfdzcfkgmn/SourcePackages/checkouts/swift-numerics/Sources/RealModule/RealFunctions.swift
        /Users/rogerlin/Library/Developer/Xcode/DerivedData/FinancialCalculatorKit-ackorybalcxbfocbkqsfdzcfkgmn/Build/Intermediates.noindex/swift-numerics.build/Debug/RealModule.build/Objects-normal/arm64/RealModule.SwiftFileList
        /Users/rogerlin/Library/Developer/Xcode/DerivedData/FinancialCalculatorKit-ackorybalcxbfocbkqsfdzcfkgmn/Build/Intermediates.noindex/swift-numerics.build/Debug/RealModule.build/Objects-normal/arm64/RealModule-OutputFileMap.json
        /Users/rogerlin/Library/Developer/Xcode/DerivedData/FinancialCalculatorKit-ackorybalcxbfocbkqsfdzcfkgmn/Build/Intermediates.noindex/swift-numerics.build/Debug/RealModule.build/Objects-normal/arm64/RealModule_const_extract_protocols.json
        /Users/rogerlin/Library/Developer/Xcode/DerivedData/FinancialCalculatorKit-ackorybalcxbfocbkqsfdzcfkgmn/Build/Intermediates.noindex/GeneratedModuleMaps/RealModule.modulemap
        /Users/rogerlin/Library/Developer/Xcode/DerivedData/FinancialCalculatorKit-ackorybalcxbfocbkqsfdzcfkgmn/SourcePackages/checkouts/swift-numerics/Sources/RealModule/AlgebraicField.swift
        /Users/rogerlin/Library/Developer/Xcode/DerivedData/FinancialCalculatorKit-ackorybalcxbfocbkqsfdzcfkgmn/SourcePackages/checkouts/swift-numerics/Sources/RealModule/ApproximateEquality.swift
        /Users/rogerlin/Library/Developer/Xcode/DerivedData/FinancialCalculatorKit-ackorybalcxbfocbkqsfdzcfkgmn/SourcePackages/checkouts/swift-numerics/Sources/RealModule/AugmentedArithmetic.swift
        /Users/rogerlin/Library/Developer/Xcode/DerivedData/FinancialCalculatorKit-ackorybalcxbfocbkqsfdzcfkgmn/SourcePackages/checkouts/swift-numerics/Sources/RealModule/Double+Real.swift
        /Users/rogerlin/Library/Developer/Xcode/DerivedData/FinancialCalculatorKit-ackorybalcxbfocbkqsfdzcfkgmn/SourcePackages/checkouts/swift-numerics/Sources/RealModule/ElementaryFunctions.swift
        /Users/rogerlin/Library/Developer/Xcode/DerivedData/FinancialCalculatorKit-ackorybalcxbfocbkqsfdzcfkgmn/SourcePackages/checkouts/swift-numerics/Sources/RealModule/Float+Real.swift
        /Users/rogerlin/Library/Developer/Xcode/DerivedData/FinancialCalculatorKit-ackorybalcxbfocbkqsfdzcfkgmn/SourcePackages/checkouts/swift-numerics/Sources/RealModule/Float16+Real.swift
        /Users/rogerlin/Library/Developer/Xcode/DerivedData/FinancialCalculatorKit-ackorybalcxbfocbkqsfdzcfkgmn/SourcePackages/checkouts/swift-numerics/Sources/RealModule/Float80+Real.swift
        /Users/rogerlin/Library/Developer/Xcode/DerivedData/FinancialCalculatorKit-ackorybalcxbfocbkqsfdzcfkgmn/SourcePackages/checkouts/swift-numerics/Sources/RealModule/Real.swift
        /Users/rogerlin/Library/Developer/Xcode/DerivedData/FinancialCalculatorKit-ackorybalcxbfocbkqsfdzcfkgmn/SourcePackages/checkouts/swift-numerics/Sources/RealModule/RealFunctions.swift
        /Users/rogerlin/Library/Developer/Xcode/DerivedData/FinancialCalculatorKit-ackorybalcxbfocbkqsfdzcfkgmn/Build/Intermediates.noindex/swift-numerics.build/Debug/RealModule.build/Objects-normal/arm64/RealModule.SwiftFileList
        /Users/rogerlin/Library/Developer/Xcode/DerivedData/FinancialCalculatorKit-ackorybalcxbfocbkqsfdzcfkgmn/Build/Intermediates.noindex/swift-numerics.build/Debug/RealModule.build/Objects-normal/arm64/RealModule-OutputFileMap.json
        /Users/rogerlin/Library/Developer/Xcode/DerivedData/FinancialCalculatorKit-ackorybalcxbfocbkqsfdzcfkgmn/Build/Intermediates.noindex/swift-numerics.build/Debug/RealModule.build/Objects-normal/arm64/RealModule_const_extract_protocols.json
        /Users/rogerlin/Library/Developer/Xcode/DerivedData/FinancialCalculatorKit-ackorybalcxbfocbkqsfdzcfkgmn/Build/Intermediates.noindex/GeneratedModuleMaps/RealModule.modulemap
        <ClangStatCache /Users/rogerlin/Library/Developer/Xcode/DerivedData/SDKStatCaches.noindex/macosx26.1-25B74-3ae1261907bdadc328169391a47051a6.sdkstatcache>
        <target-RealModule-PACKAGE-TARGET:RealModule-SDKROOT:macosx:SDK_VARIANT:macos-copy-headers-completion>
        <target-RealModule-PACKAGE-TARGET:RealModule-SDKROOT:macosx:SDK_VARIANT:macos-ModuleVerifierTaskProducer>
        <target-RealModule-PACKAGE-TARGET:RealModule-SDKROOT:macosx:SDK_VARIANT:macos-begin-compiling>
        <WorkspaceHeaderMapVFSFilesWritten>

    Task output dependencies:
        /Users/rogerlin/Library/Developer/Xcode/DerivedData/FinancialCalculatorKit-ackorybalcxbfocbkqsfdzcfkgmn/Build/Intermediates.noindex/swift-numerics.build/Debug/RealModule.build/Objects-normal/arm64/RealModule Swift Compilation Requirements Finished
        /Users/rogerlin/Library/Developer/Xcode/DerivedData/FinancialCalculatorKit-ackorybalcxbfocbkqsfdzcfkgmn/Build/Intermediates.noindex/swift-numerics.build/Debug/RealModule.build/Objects-normal/arm64/RealModule.swiftmodule
        /Users/rogerlin/Library/Developer/Xcode/DerivedData/FinancialCalculatorKit-ackorybalcxbfocbkqsfdzcfkgmn/Build/Intermediates.noindex/swift-numerics.build/Debug/RealModule.build/Objects-normal/arm64/RealModule-linker-args.resp
        /Users/rogerlin/Library/Developer/Xcode/DerivedData/FinancialCalculatorKit-ackorybalcxbfocbkqsfdzcfkgmn/Build/Intermediates.noindex/swift-numerics.build/Debug/RealModule.build/Objects-normal/arm64/RealModule.swiftsourceinfo
        /Users/rogerlin/Library/Developer/Xcode/DerivedData/FinancialCalculatorKit-ackorybalcxbfocbkqsfdzcfkgmn/Build/Intermediates.noindex/swift-numerics.build/Debug/RealModule.build/Objects-normal/arm64/RealModule.abi.json
        /Users/rogerlin/Library/Developer/Xcode/DerivedData/FinancialCalculatorKit-ackorybalcxbfocbkqsfdzcfkgmn/Build/Intermediates.noindex/swift-numerics.build/Debug/RealModule.build/Objects-normal/arm64/RealModule-Swift.h
        /Users/rogerlin/Library/Developer/Xcode/DerivedData/FinancialCalculatorKit-ackorybalcxbfocbkqsfdzcfkgmn/Build/Intermediates.noindex/swift-numerics.build/Debug/RealModule.build/Objects-normal/arm64/RealModule.swiftdoc
Discovered dependency nodes:
/Applications/Xcode.app/Contents/Developer/Toolchains/XcodeDefault.xctoolchain/usr/lib/swift/macosx/prebuilt-modules/26.1/Swift.swiftmodule/arm64e-apple-macos.swiftmodule
/Applications/Xcode.app/Contents/Developer/Toolchains/XcodeDefault.xctoolchain/usr/lib/swift/macosx/prebuilt-modules/26.1/SwiftOnoneSupport.swiftmodule/arm64e-apple-macos.swiftmodule
/Applications/Xcode.app/Contents/Developer/Platforms/MacOSX.platform/Developer/SDKs/MacOSX26.1.sdk/usr/lib/swift/shims/module.modulemap
/Applications/Xcode.app/Contents/Developer/Platforms/MacOSX.platform/Developer/SDKs/MacOSX26.1.sdk/usr/lib/swift/shims/AssertionReporting.h
/Applications/Xcode.app/Contents/Developer/Platforms/MacOSX.platform/Developer/SDKs/MacOSX26.1.sdk/usr/lib/swift/shims/SwiftStdint.h
/Applications/Xcode.app/Contents/Developer/Platforms/MacOSX.platform/Developer/SDKs/MacOSX26.1.sdk/usr/lib/swift/shims/Visibility.h
/Applications/Xcode.app/Contents/Developer/Platforms/MacOSX.platform/Developer/SDKs/MacOSX26.1.sdk/usr/lib/swift/shims/CoreFoundationShims.h
/Applications/Xcode.app/Contents/Developer/Platforms/MacOSX.platform/Developer/SDKs/MacOSX26.1.sdk/usr/lib/swift/shims/ObjCShims.h
/Applications/Xcode.app/Contents/Developer/Platforms/MacOSX.platform/Developer/SDKs/MacOSX26.1.sdk/usr/lib/swift/shims/EmbeddedShims.h
/Applications/Xcode.app/Contents/Developer/Platforms/MacOSX.platform/Developer/SDKs/MacOSX26.1.sdk/usr/lib/swift/shims/SwiftStddef.h
/Applications/Xcode.app/Contents/Developer/Platforms/MacOSX.platform/Developer/SDKs/MacOSX26.1.sdk/usr/lib/swift/shims/FoundationShims.h
/Applications/Xcode.app/Contents/Developer/Platforms/MacOSX.platform/Developer/SDKs/MacOSX26.1.sdk/usr/lib/swift/shims/GlobalObjects.h
/Applications/Xcode.app/Contents/Developer/Platforms/MacOSX.platform/Developer/SDKs/MacOSX26.1.sdk/usr/lib/swift/shims/SwiftStdbool.h
/Applications/Xcode.app/Contents/Developer/Platforms/MacOSX.platform/Developer/SDKs/MacOSX26.1.sdk/usr/lib/swift/shims/HeapObject.h
/Applications/Xcode.app/Contents/Developer/Platforms/MacOSX.platform/Developer/SDKs/MacOSX26.1.sdk/usr/lib/swift/shims/RefCount.h
/Applications/Xcode.app/Contents/Developer/Platforms/MacOSX.platform/Developer/SDKs/MacOSX26.1.sdk/usr/lib/swift/shims/System.h
/Applications/Xcode.app/Contents/Developer/Platforms/MacOSX.platform/Developer/SDKs/MacOSX26.1.sdk/usr/lib/swift/shims/Target.h
/Applications/Xcode.app/Contents/Developer/Platforms/MacOSX.platform/Developer/SDKs/MacOSX26.1.sdk/usr/lib/swift/shims/KeyPath.h
/Applications/Xcode.app/Contents/Developer/Platforms/MacOSX.platform/Developer/SDKs/MacOSX26.1.sdk/usr/lib/swift/shims/LibcShims.h
/Applications/Xcode.app/Contents/Developer/Platforms/MacOSX.platform/Developer/SDKs/MacOSX26.1.sdk/usr/lib/swift/shims/MetadataSections.h
/Applications/Xcode.app/Contents/Developer/Platforms/MacOSX.platform/Developer/SDKs/MacOSX26.1.sdk/usr/lib/swift/shims/Random.h
/Applications/Xcode.app/Contents/Developer/Platforms/MacOSX.platform/Developer/SDKs/MacOSX26.1.sdk/usr/lib/swift/shims/Reflection.h
/Applications/Xcode.app/Contents/Developer/Platforms/MacOSX.platform/Developer/SDKs/MacOSX26.1.sdk/usr/lib/swift/shims/RuntimeShims.h
/Applications/Xcode.app/Contents/Developer/Platforms/MacOSX.platform/Developer/SDKs/MacOSX26.1.sdk/usr/lib/swift/shims/RuntimeStubs.h
/Applications/Xcode.app/Contents/Developer/Platforms/MacOSX.platform/Developer/SDKs/MacOSX26.1.sdk/usr/lib/swift/shims/ThreadLocalStorage.h
/Applications/Xcode.app/Contents/Developer/Platforms/MacOSX.platform/Developer/SDKs/MacOSX26.1.sdk/usr/lib/swift/shims/UnicodeData.h
/Applications/Xcode.app/Contents/Developer/Platforms/MacOSX.platform/Developer/SDKs/MacOSX26.1.sdk/SDKSettings.json
/Applications/Xcode.app/Contents/Developer/Toolchains/XcodeDefault.xctoolchain/usr/lib/swift/macosx/prebuilt-modules/26.1/_Concurrency.swiftmodule/arm64e-apple-macos.swiftmodule
/Users/rogerlin/Library/Developer/Xcode/DerivedData/FinancialCalculatorKit-ackorybalcxbfocbkqsfdzcfkgmn/SourcePackages/checkouts/swift-numerics/Sources/_NumericsShims/include/module.modulemap
/Users/rogerlin/Library/Developer/Xcode/DerivedData/FinancialCalculatorKit-ackorybalcxbfocbkqsfdzcfkgmn/SourcePackages/checkouts/swift-numerics/Sources/_NumericsShims/include/_NumericsShims.h
/Applications/Xcode.app/Contents/Developer/Platforms/MacOSX.platform/Developer/SDKs/MacOSX26.1.sdk/SDKSettings.json
/Applications/Xcode.app/Contents/Developer/Toolchains/XcodeDefault.xctoolchain/usr/lib/swift/macosx/prebuilt-modules/26.1/_StringProcessing.swiftmodule/arm64e-apple-macos.swiftmodule
/Applications/Xcode.app/Contents/Developer/Platforms/MacOSX.platform/Developer/SDKs/MacOSX26.1.sdk/usr/lib/swift/shims/module.modulemap
/Applications/Xcode.app/Contents/Developer/Platforms/MacOSX.platform/Developer/SDKs/MacOSX26.1.sdk/usr/lib/swift/shims/_SwiftConcurrency.h
/Applications/Xcode.app/Contents/Developer/Platforms/MacOSX.platform/Developer/SDKs/MacOSX26.1.sdk/SDKSettings.json

SwiftDriverJobDiscovery normal arm64 Compiling Real.swift (in target 'RealModule' from project 'swift-numerics')

SwiftCompile normal arm64 Compiling\ Float+Real.swift /Users/rogerlin/Library/Developer/Xcode/DerivedData/FinancialCalculatorKit-ackorybalcxbfocbkqsfdzcfkgmn/SourcePackages/checkouts/swift-numerics/Sources/RealModule/Float+Real.swift (in target 'RealModule' from project 'swift-numerics')
/Applications/Xcode.app/Contents/Developer/Toolchains/XcodeDefault.xctoolchain/usr/bin/swift-frontend -frontend -c /Users/rogerlin/Library/Developer/Xcode/DerivedData/FinancialCalculatorKit-ackorybalcxbfocbkqsfdzcfkgmn/SourcePackages/checkouts/swift-numerics/Sources/RealModule/AlgebraicField.swift /Users/rogerlin/Library/Developer/Xcode/DerivedData/FinancialCalculatorKit-ackorybalcxbfocbkqsfdzcfkgmn/SourcePackages/checkouts/swift-numerics/Sources/RealModule/ApproximateEquality.swift /Users/rogerlin/Library/Developer/Xcode/DerivedData/FinancialCalculatorKit-ackorybalcxbfocbkqsfdzcfkgmn/SourcePackages/checkouts/swift-numerics/Sources/RealModule/AugmentedArithmetic.swift /Users/rogerlin/Library/Developer/Xcode/DerivedData/FinancialCalculatorKit-ackorybalcxbfocbkqsfdzcfkgmn/SourcePackages/checkouts/swift-numerics/Sources/RealModule/Double+Real.swift /Users/rogerlin/Library/Developer/Xcode/DerivedData/FinancialCalculatorKit-ackorybalcxbfocbkqsfdzcfkgmn/SourcePackages/checkouts/swift-numerics/Sources/RealModule/ElementaryFunctions.swift -primary-file /Users/rogerlin/Library/Developer/Xcode/DerivedData/FinancialCalculatorKit-ackorybalcxbfocbkqsfdzcfkgmn/SourcePackages/checkouts/swift-numerics/Sources/RealModule/Float+Real.swift /Users/rogerlin/Library/Developer/Xcode/DerivedData/FinancialCalculatorKit-ackorybalcxbfocbkqsfdzcfkgmn/SourcePackages/checkouts/swift-numerics/Sources/RealModule/Float16+Real.swift /Users/rogerlin/Library/Developer/Xcode/DerivedData/FinancialCalculatorKit-ackorybalcxbfocbkqsfdzcfkgmn/SourcePackages/checkouts/swift-numerics/Sources/RealModule/Float80+Real.swift /Users/rogerlin/Library/Developer/Xcode/DerivedData/FinancialCalculatorKit-ackorybalcxbfocbkqsfdzcfkgmn/SourcePackages/checkouts/swift-numerics/Sources/RealModule/Real.swift /Users/rogerlin/Library/Developer/Xcode/DerivedData/FinancialCalculatorKit-ackorybalcxbfocbkqsfdzcfkgmn/SourcePackages/checkouts/swift-numerics/Sources/RealModule/RealFunctions.swift -emit-dependencies-path /Users/rogerlin/Library/Developer/Xcode/DerivedData/FinancialCalculatorKit-ackorybalcxbfocbkqsfdzcfkgmn/Build/Intermediates.noindex/swift-numerics.build/Debug/RealModule.build/Objects-normal/arm64/Float+Real.d -emit-const-values-path /Users/rogerlin/Library/Developer/Xcode/DerivedData/FinancialCalculatorKit-ackorybalcxbfocbkqsfdzcfkgmn/Build/Intermediates.noindex/swift-numerics.build/Debug/RealModule.build/Objects-normal/arm64/Float+Real.swiftconstvalues -emit-reference-dependencies-path /Users/rogerlin/Library/Developer/Xcode/DerivedData/FinancialCalculatorKit-ackorybalcxbfocbkqsfdzcfkgmn/Build/Intermediates.noindex/swift-numerics.build/Debug/RealModule.build/Objects-normal/arm64/Float+Real.swiftdeps -serialize-diagnostics-path /Users/rogerlin/Library/Developer/Xcode/DerivedData/FinancialCalculatorKit-ackorybalcxbfocbkqsfdzcfkgmn/Build/Intermediates.noindex/swift-numerics.build/Debug/RealModule.build/Objects-normal/arm64/Float+Real.dia -target arm64-apple-macos10.13 -load-resolved-plugin /Applications/Xcode.app/Contents/Developer/Platforms/MacOSX.platform/Developer/usr/lib/swift/host/plugins/libSwiftMacros.dylib\#/Applications/Xcode.app/Contents/Developer/Platforms/MacOSX.platform/Developer/usr/bin/swift-plugin-server\#SwiftMacros -disable-implicit-swift-modules -Xcc -fno-implicit-modules -Xcc -fno-implicit-module-maps -explicit-swift-module-map-file /Users/rogerlin/Library/Developer/Xcode/DerivedData/FinancialCalculatorKit-ackorybalcxbfocbkqsfdzcfkgmn/Build/Intermediates.noindex/swift-numerics.build/Debug/RealModule.build/Objects-normal/arm64/RealModule-dependencies-1.json -Xllvm -aarch64-use-tbi -enable-objc-interop -sdk /Applications/Xcode.app/Contents/Developer/Platforms/MacOSX.platform/Developer/SDKs/MacOSX26.1.sdk -I /Users/rogerlin/Library/Developer/Xcode/DerivedData/FinancialCalculatorKit-ackorybalcxbfocbkqsfdzcfkgmn/Build/Products/Debug -Isystem /Applications/Xcode.app/Contents/Developer/Platforms/MacOSX.platform/Developer/usr/lib -F /Users/rogerlin/Library/Developer/Xcode/DerivedData/FinancialCalculatorKit-ackorybalcxbfocbkqsfdzcfkgmn/Build/Products/Debug/PackageFrameworks -F /Users/rogerlin/Library/Developer/Xcode/DerivedData/FinancialCalculatorKit-ackorybalcxbfocbkqsfdzcfkgmn/Build/Products/Debug -F /Applications/Xcode.app/Contents/Developer/Platforms/MacOSX.platform/Developer/Library/Frameworks -no-color-diagnostics -Xcc -fno-color-diagnostics -enable-testing -g -debug-info-format\=dwarf -dwarf-version\=4 -module-cache-path /Users/rogerlin/Library/Developer/Xcode/DerivedData/FinancialCalculatorKit-ackorybalcxbfocbkqsfdzcfkgmn/Build/Intermediates.noindex/SwiftExplicitPrecompiledModules -suppress-warnings -profile-generate -profile-coverage-mapping -swift-version 5 -enforce-exclusivity\=checked -Onone -D SWIFT_PACKAGE -D DEBUG -D SWIFT_MODULE_RESOURCE_BUNDLE_UNAVAILABLE -D Xcode -serialize-debugging-options -const-gather-protocols-file /Users/rogerlin/Library/Developer/Xcode/DerivedData/FinancialCalculatorKit-ackorybalcxbfocbkqsfdzcfkgmn/Build/Intermediates.noindex/swift-numerics.build/Debug/RealModule.build/Objects-normal/arm64/RealModule_const_extract_protocols.json -enable-experimental-feature DebugDescriptionMacro -empty-abi-descriptor -validate-clang-modules-once -clang-build-session-file /Users/rogerlin/Library/Developer/Xcode/DerivedData/ModuleCache.noindex/Session.modulevalidation -Xcc -working-directory -Xcc /Users/rogerlin/XCode-Projects/FinancialCalculatorKit-5.0-updated-accent-colors/FinancialCalculatorKit.xcodeproj -enable-anonymous-context-mangled-names -file-compilation-dir /Users/rogerlin/XCode-Projects/FinancialCalculatorKit-5.0-updated-accent-colors/FinancialCalculatorKit.xcodeproj -Xcc -D_LIBCPP_HARDENING_MODE\=_LIBCPP_HARDENING_MODE_DEBUG -Xcc -ivfsstatcache -Xcc /Users/rogerlin/Library/Developer/Xcode/DerivedData/SDKStatCaches.noindex/macosx26.1-25B74-3ae1261907bdadc328169391a47051a6.sdkstatcache -Xcc -I/Users/rogerlin/Library/Developer/Xcode/DerivedData/FinancialCalculatorKit-ackorybalcxbfocbkqsfdzcfkgmn/Build/Intermediates.noindex/swift-numerics.build/Debug/RealModule.build/swift-overrides.hmap -Xcc -I/Users/rogerlin/Library/Developer/Xcode/DerivedData/FinancialCalculatorKit-ackorybalcxbfocbkqsfdzcfkgmn/SourcePackages/checkouts/swift-numerics/Sources/_NumericsShims/include -Xcc -I/Users/rogerlin/Library/Developer/Xcode/DerivedData/FinancialCalculatorKit-ackorybalcxbfocbkqsfdzcfkgmn/Build/Products/Debug/include -Xcc -I/Users/rogerlin/Library/Developer/Xcode/DerivedData/FinancialCalculatorKit-ackorybalcxbfocbkqsfdzcfkgmn/Build/Intermediates.noindex/swift-numerics.build/Debug/RealModule.build/DerivedSources-normal/arm64 -Xcc -I/Users/rogerlin/Library/Developer/Xcode/DerivedData/FinancialCalculatorKit-ackorybalcxbfocbkqsfdzcfkgmn/Build/Intermediates.noindex/swift-numerics.build/Debug/RealModule.build/DerivedSources/arm64 -Xcc -I/Users/rogerlin/Library/Developer/Xcode/DerivedData/FinancialCalculatorKit-ackorybalcxbfocbkqsfdzcfkgmn/Build/Intermediates.noindex/swift-numerics.build/Debug/RealModule.build/DerivedSources -Xcc -DSWIFT_PACKAGE -Xcc -DDEBUG\=1 -no-auto-bridging-header-chaining -module-name RealModule -frontend-parseable-output -disable-clang-spi -target-sdk-version 26.1 -target-sdk-name macosx26.1 -clang-target arm64-apple-macos26.1 -in-process-plugin-server-path /Applications/Xcode.app/Contents/Developer/Toolchains/XcodeDefault.xctoolchain/usr/lib/swift/host/libSwiftInProcPluginServer.dylib -o /Users/rogerlin/Library/Developer/Xcode/DerivedData/FinancialCalculatorKit-ackorybalcxbfocbkqsfdzcfkgmn/Build/Intermediates.noindex/swift-numerics.build/Debug/RealModule.build/Objects-normal/arm64/Float+Real.o -index-unit-output-path /swift-numerics.build/Debug/RealModule.build/Objects-normal/arm64/Float+Real.o -index-store-path /Users/rogerlin/Library/Developer/Xcode/DerivedData/FinancialCalculatorKit-ackorybalcxbfocbkqsfdzcfkgmn/Index.noindex/DataStore -index-system-modules

SwiftCompile normal arm64 /Users/rogerlin/Library/Developer/Xcode/DerivedData/FinancialCalculatorKit-ackorybalcxbfocbkqsfdzcfkgmn/SourcePackages/checkouts/swift-numerics/Sources/RealModule/Float+Real.swift (in target 'RealModule' from project 'swift-numerics')
    cd /Users/rogerlin/XCode-Projects/FinancialCalculatorKit-5.0-updated-accent-colors/FinancialCalculatorKit.xcodeproj
    

SwiftMergeGeneratedHeaders /Users/rogerlin/Library/Developer/Xcode/DerivedData/FinancialCalculatorKit-ackorybalcxbfocbkqsfdzcfkgmn/Build/Intermediates.noindex/GeneratedModuleMaps/RealModule-Swift.h /Users/rogerlin/Library/Developer/Xcode/DerivedData/FinancialCalculatorKit-ackorybalcxbfocbkqsfdzcfkgmn/Build/Intermediates.noindex/swift-numerics.build/Debug/RealModule.build/Objects-normal/arm64/RealModule-Swift.h (in target 'RealModule' from project 'swift-numerics')
    cd /Users/rogerlin/Library/Developer/Xcode/DerivedData/FinancialCalculatorKit-ackorybalcxbfocbkqsfdzcfkgmn/SourcePackages/checkouts/swift-numerics
    builtin-swiftHeaderTool -arch arm64 /Users/rogerlin/Library/Developer/Xcode/DerivedData/FinancialCalculatorKit-ackorybalcxbfocbkqsfdzcfkgmn/Build/Intermediates.noindex/swift-numerics.build/Debug/RealModule.build/Objects-normal/arm64/RealModule-Swift.h -o /Users/rogerlin/Library/Developer/Xcode/DerivedData/FinancialCalculatorKit-ackorybalcxbfocbkqsfdzcfkgmn/Build/Intermediates.noindex/GeneratedModuleMaps/RealModule-Swift.h

    Task input dependencies:
        /Users/rogerlin/Library/Developer/Xcode/DerivedData/FinancialCalculatorKit-ackorybalcxbfocbkqsfdzcfkgmn/Build/Intermediates.noindex/swift-numerics.build/Debug/RealModule.build/Objects-normal/arm64/RealModule-Swift.h

    Task output dependencies:
        /Users/rogerlin/Library/Developer/Xcode/DerivedData/FinancialCalculatorKit-ackorybalcxbfocbkqsfdzcfkgmn/Build/Intermediates.noindex/GeneratedModuleMaps/RealModule-Swift.h

SwiftDriverJobDiscovery normal arm64 Compiling Float80+Real.swift (in target 'RealModule' from project 'swift-numerics')

Copy /Users/rogerlin/Library/Developer/Xcode/DerivedData/FinancialCalculatorKit-ackorybalcxbfocbkqsfdzcfkgmn/Build/Products/Debug/RealModule.swiftmodule/arm64-apple-macos.swiftmodule /Users/rogerlin/Library/Developer/Xcode/DerivedData/FinancialCalculatorKit-ackorybalcxbfocbkqsfdzcfkgmn/Build/Intermediates.noindex/swift-numerics.build/Debug/RealModule.build/Objects-normal/arm64/RealModule.swiftmodule (in target 'RealModule' from project 'swift-numerics')
    cd /Users/rogerlin/Library/Developer/Xcode/DerivedData/FinancialCalculatorKit-ackorybalcxbfocbkqsfdzcfkgmn/SourcePackages/checkouts/swift-numerics
    builtin-copy -exclude .DS_Store -exclude CVS -exclude .svn -exclude .git -exclude .hg -resolve-src-symlinks -rename /Users/rogerlin/Library/Developer/Xcode/DerivedData/FinancialCalculatorKit-ackorybalcxbfocbkqsfdzcfkgmn/Build/Intermediates.noindex/swift-numerics.build/Debug/RealModule.build/Objects-normal/arm64/RealModule.swiftmodule /Users/rogerlin/Library/Developer/Xcode/DerivedData/FinancialCalculatorKit-ackorybalcxbfocbkqsfdzcfkgmn/Build/Products/Debug/RealModule.swiftmodule/arm64-apple-macos.swiftmodule

    Task input dependencies:
        /Users/rogerlin/Library/Developer/Xcode/DerivedData/FinancialCalculatorKit-ackorybalcxbfocbkqsfdzcfkgmn/Build/Intermediates.noindex/swift-numerics.build/Debug/RealModule.build/Objects-normal/arm64/RealModule.swiftmodule/

    Task output dependencies:
        /Users/rogerlin/Library/Developer/Xcode/DerivedData/FinancialCalculatorKit-ackorybalcxbfocbkqsfdzcfkgmn/Build/Products/Debug/RealModule.swiftmodule/arm64-apple-macos.swiftmodule

Copy /Users/rogerlin/Library/Developer/Xcode/DerivedData/FinancialCalculatorKit-ackorybalcxbfocbkqsfdzcfkgmn/Build/Products/Debug/RealModule.swiftmodule/arm64-apple-macos.swiftdoc /Users/rogerlin/Library/Developer/Xcode/DerivedData/FinancialCalculatorKit-ackorybalcxbfocbkqsfdzcfkgmn/Build/Intermediates.noindex/swift-numerics.build/Debug/RealModule.build/Objects-normal/arm64/RealModule.swiftdoc (in target 'RealModule' from project 'swift-numerics')
    cd /Users/rogerlin/Library/Developer/Xcode/DerivedData/FinancialCalculatorKit-ackorybalcxbfocbkqsfdzcfkgmn/SourcePackages/checkouts/swift-numerics
    builtin-copy -exclude .DS_Store -exclude CVS -exclude .svn -exclude .git -exclude .hg -resolve-src-symlinks -rename /Users/rogerlin/Library/Developer/Xcode/DerivedData/FinancialCalculatorKit-ackorybalcxbfocbkqsfdzcfkgmn/Build/Intermediates.noindex/swift-numerics.build/Debug/RealModule.build/Objects-normal/arm64/RealModule.swiftdoc /Users/rogerlin/Library/Developer/Xcode/DerivedData/FinancialCalculatorKit-ackorybalcxbfocbkqsfdzcfkgmn/Build/Products/Debug/RealModule.swiftmodule/arm64-apple-macos.swiftdoc

    Task input dependencies:
        /Users/rogerlin/Library/Developer/Xcode/DerivedData/FinancialCalculatorKit-ackorybalcxbfocbkqsfdzcfkgmn/Build/Intermediates.noindex/swift-numerics.build/Debug/RealModule.build/Objects-normal/arm64/RealModule.swiftdoc/

    Task output dependencies:
        /Users/rogerlin/Library/Developer/Xcode/DerivedData/FinancialCalculatorKit-ackorybalcxbfocbkqsfdzcfkgmn/Build/Products/Debug/RealModule.swiftmodule/arm64-apple-macos.swiftdoc

Copy /Users/rogerlin/Library/Developer/Xcode/DerivedData/FinancialCalculatorKit-ackorybalcxbfocbkqsfdzcfkgmn/Build/Products/Debug/RealModule.swiftmodule/arm64-apple-macos.abi.json /Users/rogerlin/Library/Developer/Xcode/DerivedData/FinancialCalculatorKit-ackorybalcxbfocbkqsfdzcfkgmn/Build/Intermediates.noindex/swift-numerics.build/Debug/RealModule.build/Objects-normal/arm64/RealModule.abi.json (in target 'RealModule' from project 'swift-numerics')
    cd /Users/rogerlin/Library/Developer/Xcode/DerivedData/FinancialCalculatorKit-ackorybalcxbfocbkqsfdzcfkgmn/SourcePackages/checkouts/swift-numerics
    builtin-copy -exclude .DS_Store -exclude CVS -exclude .svn -exclude .git -exclude .hg -resolve-src-symlinks -rename /Users/rogerlin/Library/Developer/Xcode/DerivedData/FinancialCalculatorKit-ackorybalcxbfocbkqsfdzcfkgmn/Build/Intermediates.noindex/swift-numerics.build/Debug/RealModule.build/Objects-normal/arm64/RealModule.abi.json /Users/rogerlin/Library/Developer/Xcode/DerivedData/FinancialCalculatorKit-ackorybalcxbfocbkqsfdzcfkgmn/Build/Products/Debug/RealModule.swiftmodule/arm64-apple-macos.abi.json

    Task input dependencies:
        /Users/rogerlin/Library/Developer/Xcode/DerivedData/FinancialCalculatorKit-ackorybalcxbfocbkqsfdzcfkgmn/Build/Intermediates.noindex/swift-numerics.build/Debug/RealModule.build/Objects-normal/arm64/RealModule.abi.json/

    Task output dependencies:
        /Users/rogerlin/Library/Developer/Xcode/DerivedData/FinancialCalculatorKit-ackorybalcxbfocbkqsfdzcfkgmn/Build/Products/Debug/RealModule.swiftmodule/arm64-apple-macos.abi.json

Copy /Users/rogerlin/Library/Developer/Xcode/DerivedData/FinancialCalculatorKit-ackorybalcxbfocbkqsfdzcfkgmn/Build/Products/Debug/RealModule.swiftmodule/Project/arm64-apple-macos.swiftsourceinfo /Users/rogerlin/Library/Developer/Xcode/DerivedData/FinancialCalculatorKit-ackorybalcxbfocbkqsfdzcfkgmn/Build/Intermediates.noindex/swift-numerics.build/Debug/RealModule.build/Objects-normal/arm64/RealModule.swiftsourceinfo (in target 'RealModule' from project 'swift-numerics')
    cd /Users/rogerlin/Library/Developer/Xcode/DerivedData/FinancialCalculatorKit-ackorybalcxbfocbkqsfdzcfkgmn/SourcePackages/checkouts/swift-numerics
    builtin-copy -exclude .DS_Store -exclude CVS -exclude .svn -exclude .git -exclude .hg -resolve-src-symlinks -rename /Users/rogerlin/Library/Developer/Xcode/DerivedData/FinancialCalculatorKit-ackorybalcxbfocbkqsfdzcfkgmn/Build/Intermediates.noindex/swift-numerics.build/Debug/RealModule.build/Objects-normal/arm64/RealModule.swiftsourceinfo /Users/rogerlin/Library/Developer/Xcode/DerivedData/FinancialCalculatorKit-ackorybalcxbfocbkqsfdzcfkgmn/Build/Products/Debug/RealModule.swiftmodule/Project/arm64-apple-macos.swiftsourceinfo

    Task input dependencies:
        /Users/rogerlin/Library/Developer/Xcode/DerivedData/FinancialCalculatorKit-ackorybalcxbfocbkqsfdzcfkgmn/Build/Intermediates.noindex/swift-numerics.build/Debug/RealModule.build/Objects-normal/arm64/RealModule.swiftsourceinfo/

    Task output dependencies:
        /Users/rogerlin/Library/Developer/Xcode/DerivedData/FinancialCalculatorKit-ackorybalcxbfocbkqsfdzcfkgmn/Build/Products/Debug/RealModule.swiftmodule/Project/arm64-apple-macos.swiftsourceinfo

SwiftCompile normal arm64 Compiling\ RealFunctions.swift /Users/rogerlin/Library/Developer/Xcode/DerivedData/FinancialCalculatorKit-ackorybalcxbfocbkqsfdzcfkgmn/SourcePackages/checkouts/swift-numerics/Sources/RealModule/RealFunctions.swift (in target 'RealModule' from project 'swift-numerics')
/Applications/Xcode.app/Contents/Developer/Toolchains/XcodeDefault.xctoolchain/usr/bin/swift-frontend -frontend -c /Users/rogerlin/Library/Developer/Xcode/DerivedData/FinancialCalculatorKit-ackorybalcxbfocbkqsfdzcfkgmn/SourcePackages/checkouts/swift-numerics/Sources/RealModule/AlgebraicField.swift /Users/rogerlin/Library/Developer/Xcode/DerivedData/FinancialCalculatorKit-ackorybalcxbfocbkqsfdzcfkgmn/SourcePackages/checkouts/swift-numerics/Sources/RealModule/ApproximateEquality.swift /Users/rogerlin/Library/Developer/Xcode/DerivedData/FinancialCalculatorKit-ackorybalcxbfocbkqsfdzcfkgmn/SourcePackages/checkouts/swift-numerics/Sources/RealModule/AugmentedArithmetic.swift /Users/rogerlin/Library/Developer/Xcode/DerivedData/FinancialCalculatorKit-ackorybalcxbfocbkqsfdzcfkgmn/SourcePackages/checkouts/swift-numerics/Sources/RealModule/Double+Real.swift /Users/rogerlin/Library/Developer/Xcode/DerivedData/FinancialCalculatorKit-ackorybalcxbfocbkqsfdzcfkgmn/SourcePackages/checkouts/swift-numerics/Sources/RealModule/ElementaryFunctions.swift /Users/rogerlin/Library/Developer/Xcode/DerivedData/FinancialCalculatorKit-ackorybalcxbfocbkqsfdzcfkgmn/SourcePackages/checkouts/swift-numerics/Sources/RealModule/Float+Real.swift /Users/rogerlin/Library/Developer/Xcode/DerivedData/FinancialCalculatorKit-ackorybalcxbfocbkqsfdzcfkgmn/SourcePackages/checkouts/swift-numerics/Sources/RealModule/Float16+Real.swift /Users/rogerlin/Library/Developer/Xcode/DerivedData/FinancialCalculatorKit-ackorybalcxbfocbkqsfdzcfkgmn/SourcePackages/checkouts/swift-numerics/Sources/RealModule/Float80+Real.swift /Users/rogerlin/Library/Developer/Xcode/DerivedData/FinancialCalculatorKit-ackorybalcxbfocbkqsfdzcfkgmn/SourcePackages/checkouts/swift-numerics/Sources/RealModule/Real.swift -primary-file /Users/rogerlin/Library/Developer/Xcode/DerivedData/FinancialCalculatorKit-ackorybalcxbfocbkqsfdzcfkgmn/SourcePackages/checkouts/swift-numerics/Sources/RealModule/RealFunctions.swift -emit-dependencies-path /Users/rogerlin/Library/Developer/Xcode/DerivedData/FinancialCalculatorKit-ackorybalcxbfocbkqsfdzcfkgmn/Build/Intermediates.noindex/swift-numerics.build/Debug/RealModule.build/Objects-normal/arm64/RealFunctions.d -emit-const-values-path /Users/rogerlin/Library/Developer/Xcode/DerivedData/FinancialCalculatorKit-ackorybalcxbfocbkqsfdzcfkgmn/Build/Intermediates.noindex/swift-numerics.build/Debug/RealModule.build/Objects-normal/arm64/RealFunctions.swiftconstvalues -emit-reference-dependencies-path /Users/rogerlin/Library/Developer/Xcode/DerivedData/FinancialCalculatorKit-ackorybalcxbfocbkqsfdzcfkgmn/Build/Intermediates.noindex/swift-numerics.build/Debug/RealModule.build/Objects-normal/arm64/RealFunctions.swiftdeps -serialize-diagnostics-path /Users/rogerlin/Library/Developer/Xcode/DerivedData/FinancialCalculatorKit-ackorybalcxbfocbkqsfdzcfkgmn/Build/Intermediates.noindex/swift-numerics.build/Debug/RealModule.build/Objects-normal/arm64/RealFunctions.dia -target arm64-apple-macos10.13 -load-resolved-plugin /Applications/Xcode.app/Contents/Developer/Platforms/MacOSX.platform/Developer/usr/lib/swift/host/plugins/libSwiftMacros.dylib\#/Applications/Xcode.app/Contents/Developer/Platforms/MacOSX.platform/Developer/usr/bin/swift-plugin-server\#SwiftMacros -disable-implicit-swift-modules -Xcc -fno-implicit-modules -Xcc -fno-implicit-module-maps -explicit-swift-module-map-file /Users/rogerlin/Library/Developer/Xcode/DerivedData/FinancialCalculatorKit-ackorybalcxbfocbkqsfdzcfkgmn/Build/Intermediates.noindex/swift-numerics.build/Debug/RealModule.build/Objects-normal/arm64/RealModule-dependencies-1.json -Xllvm -aarch64-use-tbi -enable-objc-interop -sdk /Applications/Xcode.app/Contents/Developer/Platforms/MacOSX.platform/Developer/SDKs/MacOSX26.1.sdk -I /Users/rogerlin/Library/Developer/Xcode/DerivedData/FinancialCalculatorKit-ackorybalcxbfocbkqsfdzcfkgmn/Build/Products/Debug -Isystem /Applications/Xcode.app/Contents/Developer/Platforms/MacOSX.platform/Developer/usr/lib -F /Users/rogerlin/Library/Developer/Xcode/DerivedData/FinancialCalculatorKit-ackorybalcxbfocbkqsfdzcfkgmn/Build/Products/Debug/PackageFrameworks -F /Users/rogerlin/Library/Developer/Xcode/DerivedData/FinancialCalculatorKit-ackorybalcxbfocbkqsfdzcfkgmn/Build/Products/Debug -F /Applications/Xcode.app/Contents/Developer/Platforms/MacOSX.platform/Developer/Library/Frameworks -no-color-diagnostics -Xcc -fno-color-diagnostics -enable-testing -g -debug-info-format\=dwarf -dwarf-version\=4 -module-cache-path /Users/rogerlin/Library/Developer/Xcode/DerivedData/FinancialCalculatorKit-ackorybalcxbfocbkqsfdzcfkgmn/Build/Intermediates.noindex/SwiftExplicitPrecompiledModules -suppress-warnings -profile-generate -profile-coverage-mapping -swift-version 5 -enforce-exclusivity\=checked -Onone -D SWIFT_PACKAGE -D DEBUG -D SWIFT_MODULE_RESOURCE_BUNDLE_UNAVAILABLE -D Xcode -serialize-debugging-options -const-gather-protocols-file /Users/rogerlin/Library/Developer/Xcode/DerivedData/FinancialCalculatorKit-ackorybalcxbfocbkqsfdzcfkgmn/Build/Intermediates.noindex/swift-numerics.build/Debug/RealModule.build/Objects-normal/arm64/RealModule_const_extract_protocols.json -enable-experimental-feature DebugDescriptionMacro -empty-abi-descriptor -validate-clang-modules-once -clang-build-session-file /Users/rogerlin/Library/Developer/Xcode/DerivedData/ModuleCache.noindex/Session.modulevalidation -Xcc -working-directory -Xcc /Users/rogerlin/XCode-Projects/FinancialCalculatorKit-5.0-updated-accent-colors/FinancialCalculatorKit.xcodeproj -enable-anonymous-context-mangled-names -file-compilation-dir /Users/rogerlin/XCode-Projects/FinancialCalculatorKit-5.0-updated-accent-colors/FinancialCalculatorKit.xcodeproj -Xcc -D_LIBCPP_HARDENING_MODE\=_LIBCPP_HARDENING_MODE_DEBUG -Xcc -ivfsstatcache -Xcc /Users/rogerlin/Library/Developer/Xcode/DerivedData/SDKStatCaches.noindex/macosx26.1-25B74-3ae1261907bdadc328169391a47051a6.sdkstatcache -Xcc -I/Users/rogerlin/Library/Developer/Xcode/DerivedData/FinancialCalculatorKit-ackorybalcxbfocbkqsfdzcfkgmn/Build/Intermediates.noindex/swift-numerics.build/Debug/RealModule.build/swift-overrides.hmap -Xcc -I/Users/rogerlin/Library/Developer/Xcode/DerivedData/FinancialCalculatorKit-ackorybalcxbfocbkqsfdzcfkgmn/SourcePackages/checkouts/swift-numerics/Sources/_NumericsShims/include -Xcc -I/Users/rogerlin/Library/Developer/Xcode/DerivedData/FinancialCalculatorKit-ackorybalcxbfocbkqsfdzcfkgmn/Build/Products/Debug/include -Xcc -I/Users/rogerlin/Library/Developer/Xcode/DerivedData/FinancialCalculatorKit-ackorybalcxbfocbkqsfdzcfkgmn/Build/Intermediates.noindex/swift-numerics.build/Debug/RealModule.build/DerivedSources-normal/arm64 -Xcc -I/Users/rogerlin/Library/Developer/Xcode/DerivedData/FinancialCalculatorKit-ackorybalcxbfocbkqsfdzcfkgmn/Build/Intermediates.noindex/swift-numerics.build/Debug/RealModule.build/DerivedSources/arm64 -Xcc -I/Users/rogerlin/Library/Developer/Xcode/DerivedData/FinancialCalculatorKit-ackorybalcxbfocbkqsfdzcfkgmn/Build/Intermediates.noindex/swift-numerics.build/Debug/RealModule.build/DerivedSources -Xcc -DSWIFT_PACKAGE -Xcc -DDEBUG\=1 -no-auto-bridging-header-chaining -module-name RealModule -frontend-parseable-output -disable-clang-spi -target-sdk-version 26.1 -target-sdk-name macosx26.1 -clang-target arm64-apple-macos26.1 -in-process-plugin-server-path /Applications/Xcode.app/Contents/Developer/Toolchains/XcodeDefault.xctoolchain/usr/lib/swift/host/libSwiftInProcPluginServer.dylib -o /Users/rogerlin/Library/Developer/Xcode/DerivedData/FinancialCalculatorKit-ackorybalcxbfocbkqsfdzcfkgmn/Build/Intermediates.noindex/swift-numerics.build/Debug/RealModule.build/Objects-normal/arm64/RealFunctions.o -index-unit-output-path /swift-numerics.build/Debug/RealModule.build/Objects-normal/arm64/RealFunctions.o -index-store-path /Users/rogerlin/Library/Developer/Xcode/DerivedData/FinancialCalculatorKit-ackorybalcxbfocbkqsfdzcfkgmn/Index.noindex/DataStore -index-system-modules

SwiftCompile normal arm64 /Users/rogerlin/Library/Developer/Xcode/DerivedData/FinancialCalculatorKit-ackorybalcxbfocbkqsfdzcfkgmn/SourcePackages/checkouts/swift-numerics/Sources/RealModule/RealFunctions.swift (in target 'RealModule' from project 'swift-numerics')
    cd /Users/rogerlin/XCode-Projects/FinancialCalculatorKit-5.0-updated-accent-colors/FinancialCalculatorKit.xcodeproj
    

SwiftDriverJobDiscovery normal arm64 Compiling Float16+Real.swift (in target 'RealModule' from project 'swift-numerics')

SwiftDriver ComplexModule normal arm64 com.apple.xcode.tools.swift.compiler (in target 'ComplexModule' from project 'swift-numerics')
    cd /Users/rogerlin/XCode-Projects/FinancialCalculatorKit-5.0-updated-accent-colors/FinancialCalculatorKit.xcodeproj
    builtin-SwiftDriver -- /Applications/Xcode.app/Contents/Developer/Toolchains/XcodeDefault.xctoolchain/usr/bin/swiftc -module-name ComplexModule -Onone -enforce-exclusivity\=checked @/Users/rogerlin/Library/Developer/Xcode/DerivedData/FinancialCalculatorKit-ackorybalcxbfocbkqsfdzcfkgmn/Build/Intermediates.noindex/swift-numerics.build/Debug/ComplexModule.build/Objects-normal/arm64/ComplexModule.SwiftFileList -DSWIFT_PACKAGE -DDEBUG -DSWIFT_MODULE_RESOURCE_BUNDLE_UNAVAILABLE -DXcode -plugin-path /Applications/Xcode.app/Contents/Developer/Toolchains/XcodeDefault.xctoolchain/usr/lib/swift/host/plugins/testing -enable-experimental-feature DebugDescriptionMacro -sdk /Applications/Xcode.app/Contents/Developer/Platforms/MacOSX.platform/Developer/SDKs/MacOSX26.1.sdk -target arm64-apple-macos10.13 -g -module-cache-path /Users/rogerlin/Library/Developer/Xcode/DerivedData/ModuleCache.noindex -Xfrontend -serialize-debugging-options -profile-coverage-mapping -profile-generate -enable-testing -suppress-warnings -index-store-path /Users/rogerlin/Library/Developer/Xcode/DerivedData/FinancialCalculatorKit-ackorybalcxbfocbkqsfdzcfkgmn/Index.noindex/DataStore -Xcc -D_LIBCPP_HARDENING_MODE\=_LIBCPP_HARDENING_MODE_DEBUG -swift-version 5 -I /Users/rogerlin/Library/Developer/Xcode/DerivedData/FinancialCalculatorKit-ackorybalcxbfocbkqsfdzcfkgmn/Build/Products/Debug -Isystem /Applications/Xcode.app/Contents/Developer/Platforms/MacOSX.platform/Developer/usr/lib -F /Users/rogerlin/Library/Developer/Xcode/DerivedData/FinancialCalculatorKit-ackorybalcxbfocbkqsfdzcfkgmn/Build/Products/Debug/PackageFrameworks -F /Users/rogerlin/Library/Developer/Xcode/DerivedData/FinancialCalculatorKit-ackorybalcxbfocbkqsfdzcfkgmn/Build/Products/Debug/PackageFrameworks -F /Users/rogerlin/Library/Developer/Xcode/DerivedData/FinancialCalculatorKit-ackorybalcxbfocbkqsfdzcfkgmn/Build/Products/Debug -F /Applications/Xcode.app/Contents/Developer/Platforms/MacOSX.platform/Developer/Library/Frameworks -c -j16 -enable-batch-mode -incremental -Xcc -ivfsstatcache -Xcc /Users/rogerlin/Library/Developer/Xcode/DerivedData/SDKStatCaches.noindex/macosx26.1-25B74-3ae1261907bdadc328169391a47051a6.sdkstatcache -output-file-map /Users/rogerlin/Library/Developer/Xcode/DerivedData/FinancialCalculatorKit-ackorybalcxbfocbkqsfdzcfkgmn/Build/Intermediates.noindex/swift-numerics.build/Debug/ComplexModule.build/Objects-normal/arm64/ComplexModule-OutputFileMap.json -use-frontend-parseable-output -save-temps -no-color-diagnostics -explicit-module-build -module-cache-path /Users/rogerlin/Library/Developer/Xcode/DerivedData/FinancialCalculatorKit-ackorybalcxbfocbkqsfdzcfkgmn/Build/Intermediates.noindex/SwiftExplicitPrecompiledModules -clang-scanner-module-cache-path /Users/rogerlin/Library/Developer/Xcode/DerivedData/ModuleCache.noindex -sdk-module-cache-path /Users/rogerlin/Library/Developer/Xcode/DerivedData/ModuleCache.noindex -serialize-diagnostics -emit-dependencies -emit-module -emit-module-path /Users/rogerlin/Library/Developer/Xcode/DerivedData/FinancialCalculatorKit-ackorybalcxbfocbkqsfdzcfkgmn/Build/Intermediates.noindex/swift-numerics.build/Debug/ComplexModule.build/Objects-normal/arm64/ComplexModule.swiftmodule -validate-clang-modules-once -clang-build-session-file /Users/rogerlin/Library/Developer/Xcode/DerivedData/ModuleCache.noindex/Session.modulevalidation -Xcc -I/Users/rogerlin/Library/Developer/Xcode/DerivedData/FinancialCalculatorKit-ackorybalcxbfocbkqsfdzcfkgmn/Build/Intermediates.noindex/swift-numerics.build/Debug/ComplexModule.build/swift-overrides.hmap -emit-const-values -Xfrontend -const-gather-protocols-file -Xfrontend /Users/rogerlin/Library/Developer/Xcode/DerivedData/FinancialCalculatorKit-ackorybalcxbfocbkqsfdzcfkgmn/Build/Intermediates.noindex/swift-numerics.build/Debug/ComplexModule.build/Objects-normal/arm64/ComplexModule_const_extract_protocols.json -Xcc -I/Users/rogerlin/Library/Developer/Xcode/DerivedData/FinancialCalculatorKit-ackorybalcxbfocbkqsfdzcfkgmn/SourcePackages/checkouts/swift-numerics/Sources/_NumericsShims/include -Xcc -I/Users/rogerlin/Library/Developer/Xcode/DerivedData/FinancialCalculatorKit-ackorybalcxbfocbkqsfdzcfkgmn/Build/Products/Debug/include -Xcc -I/Users/rogerlin/Library/Developer/Xcode/DerivedData/FinancialCalculatorKit-ackorybalcxbfocbkqsfdzcfkgmn/Build/Intermediates.noindex/swift-numerics.build/Debug/ComplexModule.build/DerivedSources-normal/arm64 -Xcc -I/Users/rogerlin/Library/Developer/Xcode/DerivedData/FinancialCalculatorKit-ackorybalcxbfocbkqsfdzcfkgmn/Build/Intermediates.noindex/swift-numerics.build/Debug/ComplexModule.build/DerivedSources/arm64 -Xcc -I/Users/rogerlin/Library/Developer/Xcode/DerivedData/FinancialCalculatorKit-ackorybalcxbfocbkqsfdzcfkgmn/Build/Intermediates.noindex/swift-numerics.build/Debug/ComplexModule.build/DerivedSources -Xcc -DSWIFT_PACKAGE -Xcc -DDEBUG\=1 -emit-objc-header -emit-objc-header-path /Users/rogerlin/Library/Developer/Xcode/DerivedData/FinancialCalculatorKit-ackorybalcxbfocbkqsfdzcfkgmn/Build/Intermediates.noindex/swift-numerics.build/Debug/ComplexModule.build/Objects-normal/arm64/ComplexModule-Swift.h -working-directory /Users/rogerlin/XCode-Projects/FinancialCalculatorKit-5.0-updated-accent-colors/FinancialCalculatorKit.xcodeproj -experimental-emit-module-separately -disable-cmo

    Task input dependencies:

    Task output dependencies:
note: Swift Driver planned jobs for target ComplexModule (arm64-normal):
	Explicit Modules:

	Compilation Requirements:
		<PlannedSwiftDriverJob [target(0)]:EmitModule ComplexModule dependencies=[]>
	Compilation:
		<PlannedSwiftDriverJob [target(1)]:Compile ComplexModule Arithmetic.swift dependencies=[]>
		<PlannedSwiftDriverJob [target(2)]:Compile ComplexModule Complex.swift dependencies=[]>
		<PlannedSwiftDriverJob [target(3)]:Compile ComplexModule Differentiable.swift dependencies=[]>
		<PlannedSwiftDriverJob [target(4)]:Compile ComplexModule ElementaryFunctions.swift dependencies=[]>
	After Compilation:

	Verification:
 (in target 'ComplexModule' from project 'swift-numerics')

SwiftDriverJobDiscovery normal arm64 Compiling ApproximateEquality.swift (in target 'RealModule' from project 'swift-numerics')

SwiftDriverJobDiscovery normal arm64 Emitting module for UInt128 (in target 'UInt128' from project 'UInt128')

SwiftDriver\ Compilation\ Requirements UInt128 normal arm64 com.apple.xcode.tools.swift.compiler (in target 'UInt128' from project 'UInt128')
    cd /Users/rogerlin/XCode-Projects/FinancialCalculatorKit-5.0-updated-accent-colors/FinancialCalculatorKit.xcodeproj
    builtin-Swift-Compilation-Requirements -- /Applications/Xcode.app/Contents/Developer/Toolchains/XcodeDefault.xctoolchain/usr/bin/swiftc -module-name UInt128 -Onone -enforce-exclusivity\=checked @/Users/rogerlin/Library/Developer/Xcode/DerivedData/FinancialCalculatorKit-ackorybalcxbfocbkqsfdzcfkgmn/Build/Intermediates.noindex/UInt128.build/Debug/UInt128.build/Objects-normal/arm64/UInt128.SwiftFileList -DSWIFT_PACKAGE -DDEBUG -DSWIFT_MODULE_RESOURCE_BUNDLE_UNAVAILABLE -DXcode -plugin-path /Applications/Xcode.app/Contents/Developer/Toolchains/XcodeDefault.xctoolchain/usr/lib/swift/host/plugins/testing -enable-experimental-feature DebugDescriptionMacro -sdk /Applications/Xcode.app/Contents/Developer/Platforms/MacOSX.platform/Developer/SDKs/MacOSX26.1.sdk -target arm64-apple-macos13.3 -g -module-cache-path /Users/rogerlin/Library/Developer/Xcode/DerivedData/ModuleCache.noindex -Xfrontend -serialize-debugging-options -profile-coverage-mapping -profile-generate -enable-testing -suppress-warnings -index-store-path /Users/rogerlin/Library/Developer/Xcode/DerivedData/FinancialCalculatorKit-ackorybalcxbfocbkqsfdzcfkgmn/Index.noindex/DataStore -Xcc -D_LIBCPP_HARDENING_MODE\=_LIBCPP_HARDENING_MODE_DEBUG -swift-version 5 -I /Users/rogerlin/Library/Developer/Xcode/DerivedData/FinancialCalculatorKit-ackorybalcxbfocbkqsfdzcfkgmn/Build/Products/Debug -Isystem /Applications/Xcode.app/Contents/Developer/Platforms/MacOSX.platform/Developer/usr/lib -F /Users/rogerlin/Library/Developer/Xcode/DerivedData/FinancialCalculatorKit-ackorybalcxbfocbkqsfdzcfkgmn/Build/Products/Debug -F /Applications/Xcode.app/Contents/Developer/Platforms/MacOSX.platform/Developer/Library/Frameworks -c -j16 -enable-batch-mode -incremental -Xcc -ivfsstatcache -Xcc /Users/rogerlin/Library/Developer/Xcode/DerivedData/SDKStatCaches.noindex/macosx26.1-25B74-3ae1261907bdadc328169391a47051a6.sdkstatcache -output-file-map /Users/rogerlin/Library/Developer/Xcode/DerivedData/FinancialCalculatorKit-ackorybalcxbfocbkqsfdzcfkgmn/Build/Intermediates.noindex/UInt128.build/Debug/UInt128.build/Objects-normal/arm64/UInt128-OutputFileMap.json -use-frontend-parseable-output -save-temps -no-color-diagnostics -explicit-module-build -module-cache-path /Users/rogerlin/Library/Developer/Xcode/DerivedData/FinancialCalculatorKit-ackorybalcxbfocbkqsfdzcfkgmn/Build/Intermediates.noindex/SwiftExplicitPrecompiledModules -clang-scanner-module-cache-path /Users/rogerlin/Library/Developer/Xcode/DerivedData/ModuleCache.noindex -sdk-module-cache-path /Users/rogerlin/Library/Developer/Xcode/DerivedData/ModuleCache.noindex -serialize-diagnostics -emit-dependencies -emit-module -emit-module-path /Users/rogerlin/Library/Developer/Xcode/DerivedData/FinancialCalculatorKit-ackorybalcxbfocbkqsfdzcfkgmn/Build/Intermediates.noindex/UInt128.build/Debug/UInt128.build/Objects-normal/arm64/UInt128.swiftmodule -validate-clang-modules-once -clang-build-session-file /Users/rogerlin/Library/Developer/Xcode/DerivedData/ModuleCache.noindex/Session.modulevalidation -Xcc -I/Users/rogerlin/Library/Developer/Xcode/DerivedData/FinancialCalculatorKit-ackorybalcxbfocbkqsfdzcfkgmn/Build/Intermediates.noindex/UInt128.build/Debug/UInt128.build/swift-overrides.hmap -emit-const-values -Xfrontend -const-gather-protocols-file -Xfrontend /Users/rogerlin/Library/Developer/Xcode/DerivedData/FinancialCalculatorKit-ackorybalcxbfocbkqsfdzcfkgmn/Build/Intermediates.noindex/UInt128.build/Debug/UInt128.build/Objects-normal/arm64/UInt128_const_extract_protocols.json -Xcc -I/Users/rogerlin/Library/Developer/Xcode/DerivedData/FinancialCalculatorKit-ackorybalcxbfocbkqsfdzcfkgmn/Build/Products/Debug/include -Xcc -I/Users/rogerlin/Library/Developer/Xcode/DerivedData/FinancialCalculatorKit-ackorybalcxbfocbkqsfdzcfkgmn/Build/Intermediates.noindex/UInt128.build/Debug/UInt128.build/DerivedSources-normal/arm64 -Xcc -I/Users/rogerlin/Library/Developer/Xcode/DerivedData/FinancialCalculatorKit-ackorybalcxbfocbkqsfdzcfkgmn/Build/Intermediates.noindex/UInt128.build/Debug/UInt128.build/DerivedSources/arm64 -Xcc -I/Users/rogerlin/Library/Developer/Xcode/DerivedData/FinancialCalculatorKit-ackorybalcxbfocbkqsfdzcfkgmn/Build/Intermediates.noindex/UInt128.build/Debug/UInt128.build/DerivedSources -Xcc -DSWIFT_PACKAGE -Xcc -DDEBUG\=1 -emit-objc-header -emit-objc-header-path /Users/rogerlin/Library/Developer/Xcode/DerivedData/FinancialCalculatorKit-ackorybalcxbfocbkqsfdzcfkgmn/Build/Intermediates.noindex/UInt128.build/Debug/UInt128.build/Objects-normal/arm64/UInt128-Swift.h -working-directory /Users/rogerlin/XCode-Projects/FinancialCalculatorKit-5.0-updated-accent-colors/FinancialCalculatorKit.xcodeproj -experimental-emit-module-separately -disable-cmo

    Task input dependencies:
        /Users/rogerlin/Library/Developer/Xcode/DerivedData/FinancialCalculatorKit-ackorybalcxbfocbkqsfdzcfkgmn/SourcePackages/checkouts/UInt128/Sources/UInt128/Common.swift
        /Users/rogerlin/Library/Developer/Xcode/DerivedData/FinancialCalculatorKit-ackorybalcxbfocbkqsfdzcfkgmn/SourcePackages/checkouts/UInt128/Sources/UInt128/Int128.swift
        /Users/rogerlin/Library/Developer/Xcode/DerivedData/FinancialCalculatorKit-ackorybalcxbfocbkqsfdzcfkgmn/SourcePackages/checkouts/UInt128/Sources/UInt128/UInt128.swift
        /Users/rogerlin/Library/Developer/Xcode/DerivedData/FinancialCalculatorKit-ackorybalcxbfocbkqsfdzcfkgmn/Build/Intermediates.noindex/UInt128.build/Debug/UInt128.build/Objects-normal/arm64/UInt128.SwiftFileList
        /Users/rogerlin/Library/Developer/Xcode/DerivedData/FinancialCalculatorKit-ackorybalcxbfocbkqsfdzcfkgmn/Build/Intermediates.noindex/UInt128.build/Debug/UInt128.build/Objects-normal/arm64/UInt128-OutputFileMap.json
        /Users/rogerlin/Library/Developer/Xcode/DerivedData/FinancialCalculatorKit-ackorybalcxbfocbkqsfdzcfkgmn/Build/Intermediates.noindex/UInt128.build/Debug/UInt128.build/Objects-normal/arm64/UInt128_const_extract_protocols.json
        /Users/rogerlin/Library/Developer/Xcode/DerivedData/FinancialCalculatorKit-ackorybalcxbfocbkqsfdzcfkgmn/Build/Intermediates.noindex/GeneratedModuleMaps/UInt128.modulemap
        /Users/rogerlin/Library/Developer/Xcode/DerivedData/FinancialCalculatorKit-ackorybalcxbfocbkqsfdzcfkgmn/SourcePackages/checkouts/UInt128/Sources/UInt128/Common.swift
        /Users/rogerlin/Library/Developer/Xcode/DerivedData/FinancialCalculatorKit-ackorybalcxbfocbkqsfdzcfkgmn/SourcePackages/checkouts/UInt128/Sources/UInt128/Int128.swift
        /Users/rogerlin/Library/Developer/Xcode/DerivedData/FinancialCalculatorKit-ackorybalcxbfocbkqsfdzcfkgmn/SourcePackages/checkouts/UInt128/Sources/UInt128/UInt128.swift
        /Users/rogerlin/Library/Developer/Xcode/DerivedData/FinancialCalculatorKit-ackorybalcxbfocbkqsfdzcfkgmn/Build/Intermediates.noindex/UInt128.build/Debug/UInt128.build/Objects-normal/arm64/UInt128.SwiftFileList
        /Users/rogerlin/Library/Developer/Xcode/DerivedData/FinancialCalculatorKit-ackorybalcxbfocbkqsfdzcfkgmn/Build/Intermediates.noindex/UInt128.build/Debug/UInt128.build/Objects-normal/arm64/UInt128-OutputFileMap.json
        /Users/rogerlin/Library/Developer/Xcode/DerivedData/FinancialCalculatorKit-ackorybalcxbfocbkqsfdzcfkgmn/Build/Intermediates.noindex/UInt128.build/Debug/UInt128.build/Objects-normal/arm64/UInt128_const_extract_protocols.json
        /Users/rogerlin/Library/Developer/Xcode/DerivedData/FinancialCalculatorKit-ackorybalcxbfocbkqsfdzcfkgmn/Build/Intermediates.noindex/GeneratedModuleMaps/UInt128.modulemap
        <ClangStatCache /Users/rogerlin/Library/Developer/Xcode/DerivedData/SDKStatCaches.noindex/macosx26.1-25B74-3ae1261907bdadc328169391a47051a6.sdkstatcache>
        <target-UInt128-PACKAGE-TARGET:UInt128-SDKROOT:macosx:SDK_VARIANT:macos-copy-headers-completion>
        <target-UInt128-PACKAGE-TARGET:UInt128-SDKROOT:macosx:SDK_VARIANT:macos-ModuleVerifierTaskProducer>
        <target-UInt128-PACKAGE-TARGET:UInt128-SDKROOT:macosx:SDK_VARIANT:macos-begin-compiling>
        <WorkspaceHeaderMapVFSFilesWritten>

    Task output dependencies:
        /Users/rogerlin/Library/Developer/Xcode/DerivedData/FinancialCalculatorKit-ackorybalcxbfocbkqsfdzcfkgmn/Build/Intermediates.noindex/UInt128.build/Debug/UInt128.build/Objects-normal/arm64/UInt128 Swift Compilation Requirements Finished
        /Users/rogerlin/Library/Developer/Xcode/DerivedData/FinancialCalculatorKit-ackorybalcxbfocbkqsfdzcfkgmn/Build/Intermediates.noindex/UInt128.build/Debug/UInt128.build/Objects-normal/arm64/UInt128.swiftmodule
        /Users/rogerlin/Library/Developer/Xcode/DerivedData/FinancialCalculatorKit-ackorybalcxbfocbkqsfdzcfkgmn/Build/Intermediates.noindex/UInt128.build/Debug/UInt128.build/Objects-normal/arm64/UInt128-linker-args.resp
        /Users/rogerlin/Library/Developer/Xcode/DerivedData/FinancialCalculatorKit-ackorybalcxbfocbkqsfdzcfkgmn/Build/Intermediates.noindex/UInt128.build/Debug/UInt128.build/Objects-normal/arm64/UInt128.swiftsourceinfo
        /Users/rogerlin/Library/Developer/Xcode/DerivedData/FinancialCalculatorKit-ackorybalcxbfocbkqsfdzcfkgmn/Build/Intermediates.noindex/UInt128.build/Debug/UInt128.build/Objects-normal/arm64/UInt128.abi.json
        /Users/rogerlin/Library/Developer/Xcode/DerivedData/FinancialCalculatorKit-ackorybalcxbfocbkqsfdzcfkgmn/Build/Intermediates.noindex/UInt128.build/Debug/UInt128.build/Objects-normal/arm64/UInt128-Swift.h
        /Users/rogerlin/Library/Developer/Xcode/DerivedData/FinancialCalculatorKit-ackorybalcxbfocbkqsfdzcfkgmn/Build/Intermediates.noindex/UInt128.build/Debug/UInt128.build/Objects-normal/arm64/UInt128.swiftdoc
Discovered dependency nodes:
/Applications/Xcode.app/Contents/Developer/Toolchains/XcodeDefault.xctoolchain/usr/lib/swift/macosx/prebuilt-modules/26.1/Swift.swiftmodule/arm64e-apple-macos.swiftmodule
/Applications/Xcode.app/Contents/Developer/Toolchains/XcodeDefault.xctoolchain/usr/lib/swift/macosx/prebuilt-modules/26.1/SwiftOnoneSupport.swiftmodule/arm64e-apple-macos.swiftmodule
/Applications/Xcode.app/Contents/Developer/Platforms/MacOSX.platform/Developer/SDKs/MacOSX26.1.sdk/usr/lib/swift/shims/module.modulemap
/Applications/Xcode.app/Contents/Developer/Platforms/MacOSX.platform/Developer/SDKs/MacOSX26.1.sdk/usr/lib/swift/shims/AssertionReporting.h
/Applications/Xcode.app/Contents/Developer/Platforms/MacOSX.platform/Developer/SDKs/MacOSX26.1.sdk/usr/lib/swift/shims/SwiftStdint.h
/Applications/Xcode.app/Contents/Developer/Platforms/MacOSX.platform/Developer/SDKs/MacOSX26.1.sdk/usr/lib/swift/shims/Visibility.h
/Applications/Xcode.app/Contents/Developer/Platforms/MacOSX.platform/Developer/SDKs/MacOSX26.1.sdk/usr/lib/swift/shims/CoreFoundationShims.h
/Applications/Xcode.app/Contents/Developer/Platforms/MacOSX.platform/Developer/SDKs/MacOSX26.1.sdk/usr/lib/swift/shims/ObjCShims.h
/Applications/Xcode.app/Contents/Developer/Platforms/MacOSX.platform/Developer/SDKs/MacOSX26.1.sdk/usr/lib/swift/shims/EmbeddedShims.h
/Applications/Xcode.app/Contents/Developer/Platforms/MacOSX.platform/Developer/SDKs/MacOSX26.1.sdk/usr/lib/swift/shims/SwiftStddef.h
/Applications/Xcode.app/Contents/Developer/Platforms/MacOSX.platform/Developer/SDKs/MacOSX26.1.sdk/usr/lib/swift/shims/FoundationShims.h
/Applications/Xcode.app/Contents/Developer/Platforms/MacOSX.platform/Developer/SDKs/MacOSX26.1.sdk/usr/lib/swift/shims/GlobalObjects.h
/Applications/Xcode.app/Contents/Developer/Platforms/MacOSX.platform/Developer/SDKs/MacOSX26.1.sdk/usr/lib/swift/shims/SwiftStdbool.h
/Applications/Xcode.app/Contents/Developer/Platforms/MacOSX.platform/Developer/SDKs/MacOSX26.1.sdk/usr/lib/swift/shims/HeapObject.h
/Applications/Xcode.app/Contents/Developer/Platforms/MacOSX.platform/Developer/SDKs/MacOSX26.1.sdk/usr/lib/swift/shims/RefCount.h
/Applications/Xcode.app/Contents/Developer/Platforms/MacOSX.platform/Developer/SDKs/MacOSX26.1.sdk/usr/lib/swift/shims/System.h
/Applications/Xcode.app/Contents/Developer/Platforms/MacOSX.platform/Developer/SDKs/MacOSX26.1.sdk/usr/lib/swift/shims/Target.h
/Applications/Xcode.app/Contents/Developer/Platforms/MacOSX.platform/Developer/SDKs/MacOSX26.1.sdk/usr/lib/swift/shims/KeyPath.h
/Applications/Xcode.app/Contents/Developer/Platforms/MacOSX.platform/Developer/SDKs/MacOSX26.1.sdk/usr/lib/swift/shims/LibcShims.h
/Applications/Xcode.app/Contents/Developer/Platforms/MacOSX.platform/Developer/SDKs/MacOSX26.1.sdk/usr/lib/swift/shims/MetadataSections.h
/Applications/Xcode.app/Contents/Developer/Platforms/MacOSX.platform/Developer/SDKs/MacOSX26.1.sdk/usr/lib/swift/shims/Random.h
/Applications/Xcode.app/Contents/Developer/Platforms/MacOSX.platform/Developer/SDKs/MacOSX26.1.sdk/usr/lib/swift/shims/Reflection.h
/Applications/Xcode.app/Contents/Developer/Platforms/MacOSX.platform/Developer/SDKs/MacOSX26.1.sdk/usr/lib/swift/shims/RuntimeShims.h
/Applications/Xcode.app/Contents/Developer/Platforms/MacOSX.platform/Developer/SDKs/MacOSX26.1.sdk/usr/lib/swift/shims/RuntimeStubs.h
/Applications/Xcode.app/Contents/Developer/Platforms/MacOSX.platform/Developer/SDKs/MacOSX26.1.sdk/usr/lib/swift/shims/ThreadLocalStorage.h
/Applications/Xcode.app/Contents/Developer/Platforms/MacOSX.platform/Developer/SDKs/MacOSX26.1.sdk/usr/lib/swift/shims/UnicodeData.h
/Applications/Xcode.app/Contents/Developer/Platforms/MacOSX.platform/Developer/SDKs/MacOSX26.1.sdk/SDKSettings.json
/Applications/Xcode.app/Contents/Developer/Toolchains/XcodeDefault.xctoolchain/usr/lib/swift/macosx/prebuilt-modules/26.1/_Concurrency.swiftmodule/arm64e-apple-macos.swiftmodule
/Applications/Xcode.app/Contents/Developer/Toolchains/XcodeDefault.xctoolchain/usr/lib/swift/macosx/prebuilt-modules/26.1/_StringProcessing.swiftmodule/arm64e-apple-macos.swiftmodule
/Applications/Xcode.app/Contents/Developer/Platforms/MacOSX.platform/Developer/SDKs/MacOSX26.1.sdk/usr/lib/swift/shims/module.modulemap
/Applications/Xcode.app/Contents/Developer/Platforms/MacOSX.platform/Developer/SDKs/MacOSX26.1.sdk/usr/lib/swift/shims/_SwiftConcurrency.h
/Applications/Xcode.app/Contents/Developer/Platforms/MacOSX.platform/Developer/SDKs/MacOSX26.1.sdk/SDKSettings.json

SwiftMergeGeneratedHeaders /Users/rogerlin/Library/Developer/Xcode/DerivedData/FinancialCalculatorKit-ackorybalcxbfocbkqsfdzcfkgmn/Build/Intermediates.noindex/GeneratedModuleMaps/UInt128-Swift.h /Users/rogerlin/Library/Developer/Xcode/DerivedData/FinancialCalculatorKit-ackorybalcxbfocbkqsfdzcfkgmn/Build/Intermediates.noindex/UInt128.build/Debug/UInt128.build/Objects-normal/arm64/UInt128-Swift.h (in target 'UInt128' from project 'UInt128')
    cd /Users/rogerlin/Library/Developer/Xcode/DerivedData/FinancialCalculatorKit-ackorybalcxbfocbkqsfdzcfkgmn/SourcePackages/checkouts/UInt128
    builtin-swiftHeaderTool -arch arm64 /Users/rogerlin/Library/Developer/Xcode/DerivedData/FinancialCalculatorKit-ackorybalcxbfocbkqsfdzcfkgmn/Build/Intermediates.noindex/UInt128.build/Debug/UInt128.build/Objects-normal/arm64/UInt128-Swift.h -o /Users/rogerlin/Library/Developer/Xcode/DerivedData/FinancialCalculatorKit-ackorybalcxbfocbkqsfdzcfkgmn/Build/Intermediates.noindex/GeneratedModuleMaps/UInt128-Swift.h

    Task input dependencies:
        /Users/rogerlin/Library/Developer/Xcode/DerivedData/FinancialCalculatorKit-ackorybalcxbfocbkqsfdzcfkgmn/Build/Intermediates.noindex/UInt128.build/Debug/UInt128.build/Objects-normal/arm64/UInt128-Swift.h

    Task output dependencies:
        /Users/rogerlin/Library/Developer/Xcode/DerivedData/FinancialCalculatorKit-ackorybalcxbfocbkqsfdzcfkgmn/Build/Intermediates.noindex/GeneratedModuleMaps/UInt128-Swift.h

Copy /Users/rogerlin/Library/Developer/Xcode/DerivedData/FinancialCalculatorKit-ackorybalcxbfocbkqsfdzcfkgmn/Build/Products/Debug/UInt128.swiftmodule/arm64-apple-macos.swiftmodule /Users/rogerlin/Library/Developer/Xcode/DerivedData/FinancialCalculatorKit-ackorybalcxbfocbkqsfdzcfkgmn/Build/Intermediates.noindex/UInt128.build/Debug/UInt128.build/Objects-normal/arm64/UInt128.swiftmodule (in target 'UInt128' from project 'UInt128')
    cd /Users/rogerlin/Library/Developer/Xcode/DerivedData/FinancialCalculatorKit-ackorybalcxbfocbkqsfdzcfkgmn/SourcePackages/checkouts/UInt128
    builtin-copy -exclude .DS_Store -exclude CVS -exclude .svn -exclude .git -exclude .hg -resolve-src-symlinks -rename /Users/rogerlin/Library/Developer/Xcode/DerivedData/FinancialCalculatorKit-ackorybalcxbfocbkqsfdzcfkgmn/Build/Intermediates.noindex/UInt128.build/Debug/UInt128.build/Objects-normal/arm64/UInt128.swiftmodule /Users/rogerlin/Library/Developer/Xcode/DerivedData/FinancialCalculatorKit-ackorybalcxbfocbkqsfdzcfkgmn/Build/Products/Debug/UInt128.swiftmodule/arm64-apple-macos.swiftmodule

    Task input dependencies:
        /Users/rogerlin/Library/Developer/Xcode/DerivedData/FinancialCalculatorKit-ackorybalcxbfocbkqsfdzcfkgmn/Build/Intermediates.noindex/UInt128.build/Debug/UInt128.build/Objects-normal/arm64/UInt128.swiftmodule/

    Task output dependencies:
        /Users/rogerlin/Library/Developer/Xcode/DerivedData/FinancialCalculatorKit-ackorybalcxbfocbkqsfdzcfkgmn/Build/Products/Debug/UInt128.swiftmodule/arm64-apple-macos.swiftmodule

Copy /Users/rogerlin/Library/Developer/Xcode/DerivedData/FinancialCalculatorKit-ackorybalcxbfocbkqsfdzcfkgmn/Build/Products/Debug/UInt128.swiftmodule/arm64-apple-macos.swiftdoc /Users/rogerlin/Library/Developer/Xcode/DerivedData/FinancialCalculatorKit-ackorybalcxbfocbkqsfdzcfkgmn/Build/Intermediates.noindex/UInt128.build/Debug/UInt128.build/Objects-normal/arm64/UInt128.swiftdoc (in target 'UInt128' from project 'UInt128')
    cd /Users/rogerlin/Library/Developer/Xcode/DerivedData/FinancialCalculatorKit-ackorybalcxbfocbkqsfdzcfkgmn/SourcePackages/checkouts/UInt128
    builtin-copy -exclude .DS_Store -exclude CVS -exclude .svn -exclude .git -exclude .hg -resolve-src-symlinks -rename /Users/rogerlin/Library/Developer/Xcode/DerivedData/FinancialCalculatorKit-ackorybalcxbfocbkqsfdzcfkgmn/Build/Intermediates.noindex/UInt128.build/Debug/UInt128.build/Objects-normal/arm64/UInt128.swiftdoc /Users/rogerlin/Library/Developer/Xcode/DerivedData/FinancialCalculatorKit-ackorybalcxbfocbkqsfdzcfkgmn/Build/Products/Debug/UInt128.swiftmodule/arm64-apple-macos.swiftdoc

    Task input dependencies:
        /Users/rogerlin/Library/Developer/Xcode/DerivedData/FinancialCalculatorKit-ackorybalcxbfocbkqsfdzcfkgmn/Build/Intermediates.noindex/UInt128.build/Debug/UInt128.build/Objects-normal/arm64/UInt128.swiftdoc/

    Task output dependencies:
        /Users/rogerlin/Library/Developer/Xcode/DerivedData/FinancialCalculatorKit-ackorybalcxbfocbkqsfdzcfkgmn/Build/Products/Debug/UInt128.swiftmodule/arm64-apple-macos.swiftdoc

Copy /Users/rogerlin/Library/Developer/Xcode/DerivedData/FinancialCalculatorKit-ackorybalcxbfocbkqsfdzcfkgmn/Build/Products/Debug/UInt128.swiftmodule/arm64-apple-macos.abi.json /Users/rogerlin/Library/Developer/Xcode/DerivedData/FinancialCalculatorKit-ackorybalcxbfocbkqsfdzcfkgmn/Build/Intermediates.noindex/UInt128.build/Debug/UInt128.build/Objects-normal/arm64/UInt128.abi.json (in target 'UInt128' from project 'UInt128')
    cd /Users/rogerlin/Library/Developer/Xcode/DerivedData/FinancialCalculatorKit-ackorybalcxbfocbkqsfdzcfkgmn/SourcePackages/checkouts/UInt128
    builtin-copy -exclude .DS_Store -exclude CVS -exclude .svn -exclude .git -exclude .hg -resolve-src-symlinks -rename /Users/rogerlin/Library/Developer/Xcode/DerivedData/FinancialCalculatorKit-ackorybalcxbfocbkqsfdzcfkgmn/Build/Intermediates.noindex/UInt128.build/Debug/UInt128.build/Objects-normal/arm64/UInt128.abi.json /Users/rogerlin/Library/Developer/Xcode/DerivedData/FinancialCalculatorKit-ackorybalcxbfocbkqsfdzcfkgmn/Build/Products/Debug/UInt128.swiftmodule/arm64-apple-macos.abi.json

    Task input dependencies:
        /Users/rogerlin/Library/Developer/Xcode/DerivedData/FinancialCalculatorKit-ackorybalcxbfocbkqsfdzcfkgmn/Build/Intermediates.noindex/UInt128.build/Debug/UInt128.build/Objects-normal/arm64/UInt128.abi.json/

    Task output dependencies:
        /Users/rogerlin/Library/Developer/Xcode/DerivedData/FinancialCalculatorKit-ackorybalcxbfocbkqsfdzcfkgmn/Build/Products/Debug/UInt128.swiftmodule/arm64-apple-macos.abi.json

Copy /Users/rogerlin/Library/Developer/Xcode/DerivedData/FinancialCalculatorKit-ackorybalcxbfocbkqsfdzcfkgmn/Build/Products/Debug/UInt128.swiftmodule/Project/arm64-apple-macos.swiftsourceinfo /Users/rogerlin/Library/Developer/Xcode/DerivedData/FinancialCalculatorKit-ackorybalcxbfocbkqsfdzcfkgmn/Build/Intermediates.noindex/UInt128.build/Debug/UInt128.build/Objects-normal/arm64/UInt128.swiftsourceinfo (in target 'UInt128' from project 'UInt128')
    cd /Users/rogerlin/Library/Developer/Xcode/DerivedData/FinancialCalculatorKit-ackorybalcxbfocbkqsfdzcfkgmn/SourcePackages/checkouts/UInt128
    builtin-copy -exclude .DS_Store -exclude CVS -exclude .svn -exclude .git -exclude .hg -resolve-src-symlinks -rename /Users/rogerlin/Library/Developer/Xcode/DerivedData/FinancialCalculatorKit-ackorybalcxbfocbkqsfdzcfkgmn/Build/Intermediates.noindex/UInt128.build/Debug/UInt128.build/Objects-normal/arm64/UInt128.swiftsourceinfo /Users/rogerlin/Library/Developer/Xcode/DerivedData/FinancialCalculatorKit-ackorybalcxbfocbkqsfdzcfkgmn/Build/Products/Debug/UInt128.swiftmodule/Project/arm64-apple-macos.swiftsourceinfo

    Task input dependencies:
        /Users/rogerlin/Library/Developer/Xcode/DerivedData/FinancialCalculatorKit-ackorybalcxbfocbkqsfdzcfkgmn/Build/Intermediates.noindex/UInt128.build/Debug/UInt128.build/Objects-normal/arm64/UInt128.swiftsourceinfo/

    Task output dependencies:
        /Users/rogerlin/Library/Developer/Xcode/DerivedData/FinancialCalculatorKit-ackorybalcxbfocbkqsfdzcfkgmn/Build/Products/Debug/UInt128.swiftmodule/Project/arm64-apple-macos.swiftsourceinfo

SwiftDriverJobDiscovery normal arm64 Compiling Common.swift (in target 'UInt128' from project 'UInt128')

SwiftEmitModule normal arm64 Emitting\ module\ for\ CasePathsMacros (in target 'CasePathsMacros' from project 'swift-case-paths')
/Applications/Xcode.app/Contents/Developer/Toolchains/XcodeDefault.xctoolchain/usr/bin/swift-frontend -frontend -emit-module -experimental-skip-non-inlinable-function-bodies-without-types /Users/rogerlin/Library/Developer/Xcode/DerivedData/FinancialCalculatorKit-ackorybalcxbfocbkqsfdzcfkgmn/SourcePackages/checkouts/swift-case-paths/Sources/CasePathsMacros/CasePathableMacro.swift /Users/rogerlin/Library/Developer/Xcode/DerivedData/FinancialCalculatorKit-ackorybalcxbfocbkqsfdzcfkgmn/SourcePackages/checkouts/swift-case-paths/Sources/CasePathsMacros/Plugin.swift -target arm64-apple-macos10.15 -load-resolved-plugin /Applications/Xcode.app/Contents/Developer/Platforms/MacOSX.platform/Developer/usr/lib/swift/host/plugins/libSwiftMacros.dylib\#/Applications/Xcode.app/Contents/Developer/Platforms/MacOSX.platform/Developer/usr/bin/swift-plugin-server\#SwiftMacros -disable-implicit-swift-modules -Xcc -fno-implicit-modules -Xcc -fno-implicit-module-maps -explicit-swift-module-map-file /Users/rogerlin/Library/Developer/Xcode/DerivedData/FinancialCalculatorKit-ackorybalcxbfocbkqsfdzcfkgmn/Build/Intermediates.noindex/swift-case-paths.build/Debug/CasePathsMacros.build/Objects-normal/arm64/CasePathsMacros-dependencies-1.json -Xllvm -aarch64-use-tbi -enable-objc-interop -stack-check -sdk /Applications/Xcode.app/Contents/Developer/Platforms/MacOSX.platform/Developer/SDKs/MacOSX26.1.sdk -I /Users/rogerlin/Library/Developer/Xcode/DerivedData/FinancialCalculatorKit-ackorybalcxbfocbkqsfdzcfkgmn/SourcePackages/prebuilts/swift-syntax/601.0.1/swiftlang-6.2.1.4.8-MacroSupport-macos_aarch64/Modules -I /Users/rogerlin/Library/Developer/Xcode/DerivedData/FinancialCalculatorKit-ackorybalcxbfocbkqsfdzcfkgmn/SourcePackages/checkouts/swift-syntax/Sources/_SwiftLibraryPluginProviderCShims/include -I /Users/rogerlin/Library/Developer/Xcode/DerivedData/FinancialCalculatorKit-ackorybalcxbfocbkqsfdzcfkgmn/SourcePackages/checkouts/swift-syntax/Sources/_SwiftSyntaxCShims/include -I /Users/rogerlin/Library/Developer/Xcode/DerivedData/FinancialCalculatorKit-ackorybalcxbfocbkqsfdzcfkgmn/Build/Products/Debug -Isystem /Applications/Xcode.app/Contents/Developer/Platforms/MacOSX.platform/Developer/usr/lib -F /Users/rogerlin/Library/Developer/Xcode/DerivedData/FinancialCalculatorKit-ackorybalcxbfocbkqsfdzcfkgmn/Build/Products/Debug -F /Applications/Xcode.app/Contents/Developer/Platforms/MacOSX.platform/Developer/Library/Frameworks -no-color-diagnostics -Xcc -fno-color-diagnostics -enable-testing -g -debug-info-format\=dwarf -dwarf-version\=4 -module-cache-path /Users/rogerlin/Library/Developer/Xcode/DerivedData/FinancialCalculatorKit-ackorybalcxbfocbkqsfdzcfkgmn/Build/Intermediates.noindex/SwiftExplicitPrecompiledModules -suppress-warnings -profile-generate -profile-coverage-mapping -swift-version 6 -enforce-exclusivity\=checked -Onone -D SWIFT_PACKAGE -D DEBUG -D Xcode -serialize-debugging-options -const-gather-protocols-file /Users/rogerlin/Library/Developer/Xcode/DerivedData/FinancialCalculatorKit-ackorybalcxbfocbkqsfdzcfkgmn/Build/Intermediates.noindex/swift-case-paths.build/Debug/CasePathsMacros.build/Objects-normal/arm64/CasePathsMacros_const_extract_protocols.json -enable-experimental-feature DebugDescriptionMacro -empty-abi-descriptor -user-module-version 1.7.0 -validate-clang-modules-once -clang-build-session-file /Users/rogerlin/Library/Developer/Xcode/DerivedData/ModuleCache.noindex/Session.modulevalidation -Xcc -working-directory -Xcc /Users/rogerlin/XCode-Projects/FinancialCalculatorKit-5.0-updated-accent-colors/FinancialCalculatorKit.xcodeproj -enable-anonymous-context-mangled-names -file-compilation-dir /Users/rogerlin/XCode-Projects/FinancialCalculatorKit-5.0-updated-accent-colors/FinancialCalculatorKit.xcodeproj -Xcc -D_LIBCPP_HARDENING_MODE\=_LIBCPP_HARDENING_MODE_DEBUG -Xcc -ivfsstatcache -Xcc /Users/rogerlin/Library/Developer/Xcode/DerivedData/SDKStatCaches.noindex/macosx26.1-25B74-3ae1261907bdadc328169391a47051a6.sdkstatcache -Xcc -I/Users/rogerlin/Library/Developer/Xcode/DerivedData/FinancialCalculatorKit-ackorybalcxbfocbkqsfdzcfkgmn/Build/Products/Debug/include -Xcc -I/Users/rogerlin/Library/Developer/Xcode/DerivedData/FinancialCalculatorKit-ackorybalcxbfocbkqsfdzcfkgmn/Build/Intermediates.noindex/swift-case-paths.build/Debug/CasePathsMacros.build/DerivedSources-normal/arm64 -Xcc -I/Users/rogerlin/Library/Developer/Xcode/DerivedData/FinancialCalculatorKit-ackorybalcxbfocbkqsfdzcfkgmn/Build/Intermediates.noindex/swift-case-paths.build/Debug/CasePathsMacros.build/DerivedSources/arm64 -Xcc -I/Users/rogerlin/Library/Developer/Xcode/DerivedData/FinancialCalculatorKit-ackorybalcxbfocbkqsfdzcfkgmn/Build/Intermediates.noindex/swift-case-paths.build/Debug/CasePathsMacros.build/DerivedSources -Xcc -DSWIFT_PACKAGE -Xcc -DDEBUG\=1 -no-auto-bridging-header-chaining -module-name CasePathsMacros -package-name swift_case_paths -frontend-parseable-output -disable-clang-spi -target-sdk-version 26.1 -target-sdk-name macosx26.1 -clang-target arm64-apple-macos26.1 -in-process-plugin-server-path /Applications/Xcode.app/Contents/Developer/Toolchains/XcodeDefault.xctoolchain/usr/lib/swift/host/libSwiftInProcPluginServer.dylib -emit-module-doc-path /Users/rogerlin/Library/Developer/Xcode/DerivedData/FinancialCalculatorKit-ackorybalcxbfocbkqsfdzcfkgmn/Build/Intermediates.noindex/swift-case-paths.build/Debug/CasePathsMacros.build/Objects-normal/arm64/CasePathsMacros.swiftdoc -emit-module-source-info-path /Users/rogerlin/Library/Developer/Xcode/DerivedData/FinancialCalculatorKit-ackorybalcxbfocbkqsfdzcfkgmn/Build/Intermediates.noindex/swift-case-paths.build/Debug/CasePathsMacros.build/Objects-normal/arm64/CasePathsMacros.swiftsourceinfo -serialize-diagnostics-path /Users/rogerlin/Library/Developer/Xcode/DerivedData/FinancialCalculatorKit-ackorybalcxbfocbkqsfdzcfkgmn/Build/Intermediates.noindex/swift-case-paths.build/Debug/CasePathsMacros.build/Objects-normal/arm64/CasePathsMacros-primary-emit-module.dia -emit-dependencies-path /Users/rogerlin/Library/Developer/Xcode/DerivedData/FinancialCalculatorKit-ackorybalcxbfocbkqsfdzcfkgmn/Build/Intermediates.noindex/swift-case-paths.build/Debug/CasePathsMacros.build/Objects-normal/arm64/CasePathsMacros-primary-emit-module.d -o /Users/rogerlin/Library/Developer/Xcode/DerivedData/FinancialCalculatorKit-ackorybalcxbfocbkqsfdzcfkgmn/Build/Intermediates.noindex/swift-case-paths.build/Debug/CasePathsMacros.build/Objects-normal/arm64/CasePathsMacros.swiftmodule -emit-abi-descriptor-path /Users/rogerlin/Library/Developer/Xcode/DerivedData/FinancialCalculatorKit-ackorybalcxbfocbkqsfdzcfkgmn/Build/Intermediates.noindex/swift-case-paths.build/Debug/CasePathsMacros.build/Objects-normal/arm64/CasePathsMacros.abi.json

EmitSwiftModule normal arm64 (in target 'CasePathsMacros' from project 'swift-case-paths')
    cd /Users/rogerlin/XCode-Projects/FinancialCalculatorKit-5.0-updated-accent-colors/FinancialCalculatorKit.xcodeproj
    

SwiftCompile normal arm64 Compiling\ CasePathableMacro.swift /Users/rogerlin/Library/Developer/Xcode/DerivedData/FinancialCalculatorKit-ackorybalcxbfocbkqsfdzcfkgmn/SourcePackages/checkouts/swift-case-paths/Sources/CasePathsMacros/CasePathableMacro.swift (in target 'CasePathsMacros' from project 'swift-case-paths')
/Applications/Xcode.app/Contents/Developer/Toolchains/XcodeDefault.xctoolchain/usr/bin/swift-frontend -frontend -c -primary-file /Users/rogerlin/Library/Developer/Xcode/DerivedData/FinancialCalculatorKit-ackorybalcxbfocbkqsfdzcfkgmn/SourcePackages/checkouts/swift-case-paths/Sources/CasePathsMacros/CasePathableMacro.swift /Users/rogerlin/Library/Developer/Xcode/DerivedData/FinancialCalculatorKit-ackorybalcxbfocbkqsfdzcfkgmn/SourcePackages/checkouts/swift-case-paths/Sources/CasePathsMacros/Plugin.swift -emit-dependencies-path /Users/rogerlin/Library/Developer/Xcode/DerivedData/FinancialCalculatorKit-ackorybalcxbfocbkqsfdzcfkgmn/Build/Intermediates.noindex/swift-case-paths.build/Debug/CasePathsMacros.build/Objects-normal/arm64/CasePathableMacro.d -emit-const-values-path /Users/rogerlin/Library/Developer/Xcode/DerivedData/FinancialCalculatorKit-ackorybalcxbfocbkqsfdzcfkgmn/Build/Intermediates.noindex/swift-case-paths.build/Debug/CasePathsMacros.build/Objects-normal/arm64/CasePathableMacro.swiftconstvalues -emit-reference-dependencies-path /Users/rogerlin/Library/Developer/Xcode/DerivedData/FinancialCalculatorKit-ackorybalcxbfocbkqsfdzcfkgmn/Build/Intermediates.noindex/swift-case-paths.build/Debug/CasePathsMacros.build/Objects-normal/arm64/CasePathableMacro.swiftdeps -serialize-diagnostics-path /Users/rogerlin/Library/Developer/Xcode/DerivedData/FinancialCalculatorKit-ackorybalcxbfocbkqsfdzcfkgmn/Build/Intermediates.noindex/swift-case-paths.build/Debug/CasePathsMacros.build/Objects-normal/arm64/CasePathableMacro.dia -target arm64-apple-macos10.15 -load-resolved-plugin /Applications/Xcode.app/Contents/Developer/Platforms/MacOSX.platform/Developer/usr/lib/swift/host/plugins/libSwiftMacros.dylib\#/Applications/Xcode.app/Contents/Developer/Platforms/MacOSX.platform/Developer/usr/bin/swift-plugin-server\#SwiftMacros -disable-implicit-swift-modules -Xcc -fno-implicit-modules -Xcc -fno-implicit-module-maps -explicit-swift-module-map-file /Users/rogerlin/Library/Developer/Xcode/DerivedData/FinancialCalculatorKit-ackorybalcxbfocbkqsfdzcfkgmn/Build/Intermediates.noindex/swift-case-paths.build/Debug/CasePathsMacros.build/Objects-normal/arm64/CasePathsMacros-dependencies-1.json -Xllvm -aarch64-use-tbi -enable-objc-interop -stack-check -sdk /Applications/Xcode.app/Contents/Developer/Platforms/MacOSX.platform/Developer/SDKs/MacOSX26.1.sdk -I /Users/rogerlin/Library/Developer/Xcode/DerivedData/FinancialCalculatorKit-ackorybalcxbfocbkqsfdzcfkgmn/SourcePackages/prebuilts/swift-syntax/601.0.1/swiftlang-6.2.1.4.8-MacroSupport-macos_aarch64/Modules -I /Users/rogerlin/Library/Developer/Xcode/DerivedData/FinancialCalculatorKit-ackorybalcxbfocbkqsfdzcfkgmn/SourcePackages/checkouts/swift-syntax/Sources/_SwiftLibraryPluginProviderCShims/include -I /Users/rogerlin/Library/Developer/Xcode/DerivedData/FinancialCalculatorKit-ackorybalcxbfocbkqsfdzcfkgmn/SourcePackages/checkouts/swift-syntax/Sources/_SwiftSyntaxCShims/include -I /Users/rogerlin/Library/Developer/Xcode/DerivedData/FinancialCalculatorKit-ackorybalcxbfocbkqsfdzcfkgmn/Build/Products/Debug -Isystem /Applications/Xcode.app/Contents/Developer/Platforms/MacOSX.platform/Developer/usr/lib -F /Users/rogerlin/Library/Developer/Xcode/DerivedData/FinancialCalculatorKit-ackorybalcxbfocbkqsfdzcfkgmn/Build/Products/Debug -F /Applications/Xcode.app/Contents/Developer/Platforms/MacOSX.platform/Developer/Library/Frameworks -no-color-diagnostics -Xcc -fno-color-diagnostics -enable-testing -g -debug-info-format\=dwarf -dwarf-version\=4 -module-cache-path /Users/rogerlin/Library/Developer/Xcode/DerivedData/FinancialCalculatorKit-ackorybalcxbfocbkqsfdzcfkgmn/Build/Intermediates.noindex/SwiftExplicitPrecompiledModules -suppress-warnings -profile-generate -profile-coverage-mapping -swift-version 6 -enforce-exclusivity\=checked -Onone -D SWIFT_PACKAGE -D DEBUG -D Xcode -serialize-debugging-options -const-gather-protocols-file /Users/rogerlin/Library/Developer/Xcode/DerivedData/FinancialCalculatorKit-ackorybalcxbfocbkqsfdzcfkgmn/Build/Intermediates.noindex/swift-case-paths.build/Debug/CasePathsMacros.build/Objects-normal/arm64/CasePathsMacros_const_extract_protocols.json -enable-experimental-feature DebugDescriptionMacro -empty-abi-descriptor -user-module-version 1.7.0 -validate-clang-modules-once -clang-build-session-file /Users/rogerlin/Library/Developer/Xcode/DerivedData/ModuleCache.noindex/Session.modulevalidation -Xcc -working-directory -Xcc /Users/rogerlin/XCode-Projects/FinancialCalculatorKit-5.0-updated-accent-colors/FinancialCalculatorKit.xcodeproj -enable-anonymous-context-mangled-names -file-compilation-dir /Users/rogerlin/XCode-Projects/FinancialCalculatorKit-5.0-updated-accent-colors/FinancialCalculatorKit.xcodeproj -Xcc -D_LIBCPP_HARDENING_MODE\=_LIBCPP_HARDENING_MODE_DEBUG -Xcc -ivfsstatcache -Xcc /Users/rogerlin/Library/Developer/Xcode/DerivedData/SDKStatCaches.noindex/macosx26.1-25B74-3ae1261907bdadc328169391a47051a6.sdkstatcache -Xcc -I/Users/rogerlin/Library/Developer/Xcode/DerivedData/FinancialCalculatorKit-ackorybalcxbfocbkqsfdzcfkgmn/Build/Products/Debug/include -Xcc -I/Users/rogerlin/Library/Developer/Xcode/DerivedData/FinancialCalculatorKit-ackorybalcxbfocbkqsfdzcfkgmn/Build/Intermediates.noindex/swift-case-paths.build/Debug/CasePathsMacros.build/DerivedSources-normal/arm64 -Xcc -I/Users/rogerlin/Library/Developer/Xcode/DerivedData/FinancialCalculatorKit-ackorybalcxbfocbkqsfdzcfkgmn/Build/Intermediates.noindex/swift-case-paths.build/Debug/CasePathsMacros.build/DerivedSources/arm64 -Xcc -I/Users/rogerlin/Library/Developer/Xcode/DerivedData/FinancialCalculatorKit-ackorybalcxbfocbkqsfdzcfkgmn/Build/Intermediates.noindex/swift-case-paths.build/Debug/CasePathsMacros.build/DerivedSources -Xcc -DSWIFT_PACKAGE -Xcc -DDEBUG\=1 -no-auto-bridging-header-chaining -module-name CasePathsMacros -package-name swift_case_paths -frontend-parseable-output -disable-clang-spi -target-sdk-version 26.1 -target-sdk-name macosx26.1 -clang-target arm64-apple-macos26.1 -in-process-plugin-server-path /Applications/Xcode.app/Contents/Developer/Toolchains/XcodeDefault.xctoolchain/usr/lib/swift/host/libSwiftInProcPluginServer.dylib -o /Users/rogerlin/Library/Developer/Xcode/DerivedData/FinancialCalculatorKit-ackorybalcxbfocbkqsfdzcfkgmn/Build/Intermediates.noindex/swift-case-paths.build/Debug/CasePathsMacros.build/Objects-normal/arm64/CasePathableMacro.o -index-unit-output-path /swift-case-paths.build/Debug/CasePathsMacros.build/Objects-normal/arm64/CasePathableMacro.o -index-store-path /Users/rogerlin/Library/Developer/Xcode/DerivedData/FinancialCalculatorKit-ackorybalcxbfocbkqsfdzcfkgmn/Index.noindex/DataStore -index-system-modules

SwiftCompile normal arm64 /Users/rogerlin/Library/Developer/Xcode/DerivedData/FinancialCalculatorKit-ackorybalcxbfocbkqsfdzcfkgmn/SourcePackages/checkouts/swift-case-paths/Sources/CasePathsMacros/CasePathableMacro.swift (in target 'CasePathsMacros' from project 'swift-case-paths')
    cd /Users/rogerlin/XCode-Projects/FinancialCalculatorKit-5.0-updated-accent-colors/FinancialCalculatorKit.xcodeproj
    

SwiftCompile normal arm64 Compiling\ Plugin.swift /Users/rogerlin/Library/Developer/Xcode/DerivedData/FinancialCalculatorKit-ackorybalcxbfocbkqsfdzcfkgmn/SourcePackages/checkouts/swift-case-paths/Sources/CasePathsMacros/Plugin.swift (in target 'CasePathsMacros' from project 'swift-case-paths')
/Applications/Xcode.app/Contents/Developer/Toolchains/XcodeDefault.xctoolchain/usr/bin/swift-frontend -frontend -c /Users/rogerlin/Library/Developer/Xcode/DerivedData/FinancialCalculatorKit-ackorybalcxbfocbkqsfdzcfkgmn/SourcePackages/checkouts/swift-case-paths/Sources/CasePathsMacros/CasePathableMacro.swift -primary-file /Users/rogerlin/Library/Developer/Xcode/DerivedData/FinancialCalculatorKit-ackorybalcxbfocbkqsfdzcfkgmn/SourcePackages/checkouts/swift-case-paths/Sources/CasePathsMacros/Plugin.swift -emit-dependencies-path /Users/rogerlin/Library/Developer/Xcode/DerivedData/FinancialCalculatorKit-ackorybalcxbfocbkqsfdzcfkgmn/Build/Intermediates.noindex/swift-case-paths.build/Debug/CasePathsMacros.build/Objects-normal/arm64/Plugin.d -emit-const-values-path /Users/rogerlin/Library/Developer/Xcode/DerivedData/FinancialCalculatorKit-ackorybalcxbfocbkqsfdzcfkgmn/Build/Intermediates.noindex/swift-case-paths.build/Debug/CasePathsMacros.build/Objects-normal/arm64/Plugin.swiftconstvalues -emit-reference-dependencies-path /Users/rogerlin/Library/Developer/Xcode/DerivedData/FinancialCalculatorKit-ackorybalcxbfocbkqsfdzcfkgmn/Build/Intermediates.noindex/swift-case-paths.build/Debug/CasePathsMacros.build/Objects-normal/arm64/Plugin.swiftdeps -serialize-diagnostics-path /Users/rogerlin/Library/Developer/Xcode/DerivedData/FinancialCalculatorKit-ackorybalcxbfocbkqsfdzcfkgmn/Build/Intermediates.noindex/swift-case-paths.build/Debug/CasePathsMacros.build/Objects-normal/arm64/Plugin.dia -target arm64-apple-macos10.15 -load-resolved-plugin /Applications/Xcode.app/Contents/Developer/Platforms/MacOSX.platform/Developer/usr/lib/swift/host/plugins/libSwiftMacros.dylib\#/Applications/Xcode.app/Contents/Developer/Platforms/MacOSX.platform/Developer/usr/bin/swift-plugin-server\#SwiftMacros -disable-implicit-swift-modules -Xcc -fno-implicit-modules -Xcc -fno-implicit-module-maps -explicit-swift-module-map-file /Users/rogerlin/Library/Developer/Xcode/DerivedData/FinancialCalculatorKit-ackorybalcxbfocbkqsfdzcfkgmn/Build/Intermediates.noindex/swift-case-paths.build/Debug/CasePathsMacros.build/Objects-normal/arm64/CasePathsMacros-dependencies-1.json -Xllvm -aarch64-use-tbi -enable-objc-interop -stack-check -sdk /Applications/Xcode.app/Contents/Developer/Platforms/MacOSX.platform/Developer/SDKs/MacOSX26.1.sdk -I /Users/rogerlin/Library/Developer/Xcode/DerivedData/FinancialCalculatorKit-ackorybalcxbfocbkqsfdzcfkgmn/SourcePackages/prebuilts/swift-syntax/601.0.1/swiftlang-6.2.1.4.8-MacroSupport-macos_aarch64/Modules -I /Users/rogerlin/Library/Developer/Xcode/DerivedData/FinancialCalculatorKit-ackorybalcxbfocbkqsfdzcfkgmn/SourcePackages/checkouts/swift-syntax/Sources/_SwiftLibraryPluginProviderCShims/include -I /Users/rogerlin/Library/Developer/Xcode/DerivedData/FinancialCalculatorKit-ackorybalcxbfocbkqsfdzcfkgmn/SourcePackages/checkouts/swift-syntax/Sources/_SwiftSyntaxCShims/include -I /Users/rogerlin/Library/Developer/Xcode/DerivedData/FinancialCalculatorKit-ackorybalcxbfocbkqsfdzcfkgmn/Build/Products/Debug -Isystem /Applications/Xcode.app/Contents/Developer/Platforms/MacOSX.platform/Developer/usr/lib -F /Users/rogerlin/Library/Developer/Xcode/DerivedData/FinancialCalculatorKit-ackorybalcxbfocbkqsfdzcfkgmn/Build/Products/Debug -F /Applications/Xcode.app/Contents/Developer/Platforms/MacOSX.platform/Developer/Library/Frameworks -no-color-diagnostics -Xcc -fno-color-diagnostics -enable-testing -g -debug-info-format\=dwarf -dwarf-version\=4 -module-cache-path /Users/rogerlin/Library/Developer/Xcode/DerivedData/FinancialCalculatorKit-ackorybalcxbfocbkqsfdzcfkgmn/Build/Intermediates.noindex/SwiftExplicitPrecompiledModules -suppress-warnings -profile-generate -profile-coverage-mapping -swift-version 6 -enforce-exclusivity\=checked -Onone -D SWIFT_PACKAGE -D DEBUG -D Xcode -serialize-debugging-options -const-gather-protocols-file /Users/rogerlin/Library/Developer/Xcode/DerivedData/FinancialCalculatorKit-ackorybalcxbfocbkqsfdzcfkgmn/Build/Intermediates.noindex/swift-case-paths.build/Debug/CasePathsMacros.build/Objects-normal/arm64/CasePathsMacros_const_extract_protocols.json -enable-experimental-feature DebugDescriptionMacro -empty-abi-descriptor -user-module-version 1.7.0 -validate-clang-modules-once -clang-build-session-file /Users/rogerlin/Library/Developer/Xcode/DerivedData/ModuleCache.noindex/Session.modulevalidation -Xcc -working-directory -Xcc /Users/rogerlin/XCode-Projects/FinancialCalculatorKit-5.0-updated-accent-colors/FinancialCalculatorKit.xcodeproj -enable-anonymous-context-mangled-names -file-compilation-dir /Users/rogerlin/XCode-Projects/FinancialCalculatorKit-5.0-updated-accent-colors/FinancialCalculatorKit.xcodeproj -Xcc -D_LIBCPP_HARDENING_MODE\=_LIBCPP_HARDENING_MODE_DEBUG -Xcc -ivfsstatcache -Xcc /Users/rogerlin/Library/Developer/Xcode/DerivedData/SDKStatCaches.noindex/macosx26.1-25B74-3ae1261907bdadc328169391a47051a6.sdkstatcache -Xcc -I/Users/rogerlin/Library/Developer/Xcode/DerivedData/FinancialCalculatorKit-ackorybalcxbfocbkqsfdzcfkgmn/Build/Products/Debug/include -Xcc -I/Users/rogerlin/Library/Developer/Xcode/DerivedData/FinancialCalculatorKit-ackorybalcxbfocbkqsfdzcfkgmn/Build/Intermediates.noindex/swift-case-paths.build/Debug/CasePathsMacros.build/DerivedSources-normal/arm64 -Xcc -I/Users/rogerlin/Library/Developer/Xcode/DerivedData/FinancialCalculatorKit-ackorybalcxbfocbkqsfdzcfkgmn/Build/Intermediates.noindex/swift-case-paths.build/Debug/CasePathsMacros.build/DerivedSources/arm64 -Xcc -I/Users/rogerlin/Library/Developer/Xcode/DerivedData/FinancialCalculatorKit-ackorybalcxbfocbkqsfdzcfkgmn/Build/Intermediates.noindex/swift-case-paths.build/Debug/CasePathsMacros.build/DerivedSources -Xcc -DSWIFT_PACKAGE -Xcc -DDEBUG\=1 -no-auto-bridging-header-chaining -module-name CasePathsMacros -package-name swift_case_paths -frontend-parseable-output -disable-clang-spi -target-sdk-version 26.1 -target-sdk-name macosx26.1 -clang-target arm64-apple-macos26.1 -in-process-plugin-server-path /Applications/Xcode.app/Contents/Developer/Toolchains/XcodeDefault.xctoolchain/usr/lib/swift/host/libSwiftInProcPluginServer.dylib -o /Users/rogerlin/Library/Developer/Xcode/DerivedData/FinancialCalculatorKit-ackorybalcxbfocbkqsfdzcfkgmn/Build/Intermediates.noindex/swift-case-paths.build/Debug/CasePathsMacros.build/Objects-normal/arm64/Plugin.o -index-unit-output-path /swift-case-paths.build/Debug/CasePathsMacros.build/Objects-normal/arm64/Plugin.o -index-store-path /Users/rogerlin/Library/Developer/Xcode/DerivedData/FinancialCalculatorKit-ackorybalcxbfocbkqsfdzcfkgmn/Index.noindex/DataStore -index-system-modules

SwiftCompile normal arm64 /Users/rogerlin/Library/Developer/Xcode/DerivedData/FinancialCalculatorKit-ackorybalcxbfocbkqsfdzcfkgmn/SourcePackages/checkouts/swift-case-paths/Sources/CasePathsMacros/Plugin.swift (in target 'CasePathsMacros' from project 'swift-case-paths')
    cd /Users/rogerlin/XCode-Projects/FinancialCalculatorKit-5.0-updated-accent-colors/FinancialCalculatorKit.xcodeproj
    

SwiftDriverJobDiscovery normal arm64 Compiling Double+Real.swift (in target 'RealModule' from project 'swift-numerics')

SwiftDriverJobDiscovery normal arm64 Compiling RealFunctions.swift (in target 'RealModule' from project 'swift-numerics')

SwiftDriverJobDiscovery normal arm64 Compiling Int128.swift (in target 'UInt128' from project 'UInt128')

SwiftEmitModule normal arm64 Emitting\ module\ for\ ComplexModule (in target 'ComplexModule' from project 'swift-numerics')
/Applications/Xcode.app/Contents/Developer/Toolchains/XcodeDefault.xctoolchain/usr/bin/swift-frontend -frontend -emit-module -experimental-skip-non-inlinable-function-bodies-without-types /Users/rogerlin/Library/Developer/Xcode/DerivedData/FinancialCalculatorKit-ackorybalcxbfocbkqsfdzcfkgmn/SourcePackages/checkouts/swift-numerics/Sources/ComplexModule/Arithmetic.swift /Users/rogerlin/Library/Developer/Xcode/DerivedData/FinancialCalculatorKit-ackorybalcxbfocbkqsfdzcfkgmn/SourcePackages/checkouts/swift-numerics/Sources/ComplexModule/Complex.swift /Users/rogerlin/Library/Developer/Xcode/DerivedData/FinancialCalculatorKit-ackorybalcxbfocbkqsfdzcfkgmn/SourcePackages/checkouts/swift-numerics/Sources/ComplexModule/Differentiable.swift /Users/rogerlin/Library/Developer/Xcode/DerivedData/FinancialCalculatorKit-ackorybalcxbfocbkqsfdzcfkgmn/SourcePackages/checkouts/swift-numerics/Sources/ComplexModule/ElementaryFunctions.swift -target arm64-apple-macos10.13 -load-resolved-plugin /Applications/Xcode.app/Contents/Developer/Platforms/MacOSX.platform/Developer/usr/lib/swift/host/plugins/libSwiftMacros.dylib\#/Applications/Xcode.app/Contents/Developer/Platforms/MacOSX.platform/Developer/usr/bin/swift-plugin-server\#SwiftMacros -disable-implicit-swift-modules -Xcc -fno-implicit-modules -Xcc -fno-implicit-module-maps -explicit-swift-module-map-file /Users/rogerlin/Library/Developer/Xcode/DerivedData/FinancialCalculatorKit-ackorybalcxbfocbkqsfdzcfkgmn/Build/Intermediates.noindex/swift-numerics.build/Debug/ComplexModule.build/Objects-normal/arm64/ComplexModule-dependencies-1.json -Xllvm -aarch64-use-tbi -enable-objc-interop -sdk /Applications/Xcode.app/Contents/Developer/Platforms/MacOSX.platform/Developer/SDKs/MacOSX26.1.sdk -I /Users/rogerlin/Library/Developer/Xcode/DerivedData/FinancialCalculatorKit-ackorybalcxbfocbkqsfdzcfkgmn/Build/Products/Debug -Isystem /Applications/Xcode.app/Contents/Developer/Platforms/MacOSX.platform/Developer/usr/lib -F /Users/rogerlin/Library/Developer/Xcode/DerivedData/FinancialCalculatorKit-ackorybalcxbfocbkqsfdzcfkgmn/Build/Products/Debug/PackageFrameworks -F /Users/rogerlin/Library/Developer/Xcode/DerivedData/FinancialCalculatorKit-ackorybalcxbfocbkqsfdzcfkgmn/Build/Products/Debug/PackageFrameworks -F /Users/rogerlin/Library/Developer/Xcode/DerivedData/FinancialCalculatorKit-ackorybalcxbfocbkqsfdzcfkgmn/Build/Products/Debug -F /Applications/Xcode.app/Contents/Developer/Platforms/MacOSX.platform/Developer/Library/Frameworks -no-color-diagnostics -Xcc -fno-color-diagnostics -enable-testing -g -debug-info-format\=dwarf -dwarf-version\=4 -module-cache-path /Users/rogerlin/Library/Developer/Xcode/DerivedData/FinancialCalculatorKit-ackorybalcxbfocbkqsfdzcfkgmn/Build/Intermediates.noindex/SwiftExplicitPrecompiledModules -suppress-warnings -profile-generate -profile-coverage-mapping -swift-version 5 -enforce-exclusivity\=checked -Onone -D SWIFT_PACKAGE -D DEBUG -D SWIFT_MODULE_RESOURCE_BUNDLE_UNAVAILABLE -D Xcode -serialize-debugging-options -const-gather-protocols-file /Users/rogerlin/Library/Developer/Xcode/DerivedData/FinancialCalculatorKit-ackorybalcxbfocbkqsfdzcfkgmn/Build/Intermediates.noindex/swift-numerics.build/Debug/ComplexModule.build/Objects-normal/arm64/ComplexModule_const_extract_protocols.json -enable-experimental-feature DebugDescriptionMacro -empty-abi-descriptor -validate-clang-modules-once -clang-build-session-file /Users/rogerlin/Library/Developer/Xcode/DerivedData/ModuleCache.noindex/Session.modulevalidation -Xcc -working-directory -Xcc /Users/rogerlin/XCode-Projects/FinancialCalculatorKit-5.0-updated-accent-colors/FinancialCalculatorKit.xcodeproj -enable-anonymous-context-mangled-names -file-compilation-dir /Users/rogerlin/XCode-Projects/FinancialCalculatorKit-5.0-updated-accent-colors/FinancialCalculatorKit.xcodeproj -Xcc -D_LIBCPP_HARDENING_MODE\=_LIBCPP_HARDENING_MODE_DEBUG -Xcc -ivfsstatcache -Xcc /Users/rogerlin/Library/Developer/Xcode/DerivedData/SDKStatCaches.noindex/macosx26.1-25B74-3ae1261907bdadc328169391a47051a6.sdkstatcache -Xcc -I/Users/rogerlin/Library/Developer/Xcode/DerivedData/FinancialCalculatorKit-ackorybalcxbfocbkqsfdzcfkgmn/Build/Intermediates.noindex/swift-numerics.build/Debug/ComplexModule.build/swift-overrides.hmap -Xcc -I/Users/rogerlin/Library/Developer/Xcode/DerivedData/FinancialCalculatorKit-ackorybalcxbfocbkqsfdzcfkgmn/SourcePackages/checkouts/swift-numerics/Sources/_NumericsShims/include -Xcc -I/Users/rogerlin/Library/Developer/Xcode/DerivedData/FinancialCalculatorKit-ackorybalcxbfocbkqsfdzcfkgmn/Build/Products/Debug/include -Xcc -I/Users/rogerlin/Library/Developer/Xcode/DerivedData/FinancialCalculatorKit-ackorybalcxbfocbkqsfdzcfkgmn/Build/Intermediates.noindex/swift-numerics.build/Debug/ComplexModule.build/DerivedSources-normal/arm64 -Xcc -I/Users/rogerlin/Library/Developer/Xcode/DerivedData/FinancialCalculatorKit-ackorybalcxbfocbkqsfdzcfkgmn/Build/Intermediates.noindex/swift-numerics.build/Debug/ComplexModule.build/DerivedSources/arm64 -Xcc -I/Users/rogerlin/Library/Developer/Xcode/DerivedData/FinancialCalculatorKit-ackorybalcxbfocbkqsfdzcfkgmn/Build/Intermediates.noindex/swift-numerics.build/Debug/ComplexModule.build/DerivedSources -Xcc -DSWIFT_PACKAGE -Xcc -DDEBUG\=1 -no-auto-bridging-header-chaining -module-name ComplexModule -frontend-parseable-output -disable-clang-spi -target-sdk-version 26.1 -target-sdk-name macosx26.1 -clang-target arm64-apple-macos26.1 -in-process-plugin-server-path /Applications/Xcode.app/Contents/Developer/Toolchains/XcodeDefault.xctoolchain/usr/lib/swift/host/libSwiftInProcPluginServer.dylib -emit-module-doc-path /Users/rogerlin/Library/Developer/Xcode/DerivedData/FinancialCalculatorKit-ackorybalcxbfocbkqsfdzcfkgmn/Build/Intermediates.noindex/swift-numerics.build/Debug/ComplexModule.build/Objects-normal/arm64/ComplexModule.swiftdoc -emit-module-source-info-path /Users/rogerlin/Library/Developer/Xcode/DerivedData/FinancialCalculatorKit-ackorybalcxbfocbkqsfdzcfkgmn/Build/Intermediates.noindex/swift-numerics.build/Debug/ComplexModule.build/Objects-normal/arm64/ComplexModule.swiftsourceinfo -emit-objc-header-path /Users/rogerlin/Library/Developer/Xcode/DerivedData/FinancialCalculatorKit-ackorybalcxbfocbkqsfdzcfkgmn/Build/Intermediates.noindex/swift-numerics.build/Debug/ComplexModule.build/Objects-normal/arm64/ComplexModule-Swift.h -serialize-diagnostics-path /Users/rogerlin/Library/Developer/Xcode/DerivedData/FinancialCalculatorKit-ackorybalcxbfocbkqsfdzcfkgmn/Build/Intermediates.noindex/swift-numerics.build/Debug/ComplexModule.build/Objects-normal/arm64/ComplexModule-primary-emit-module.dia -emit-dependencies-path /Users/rogerlin/Library/Developer/Xcode/DerivedData/FinancialCalculatorKit-ackorybalcxbfocbkqsfdzcfkgmn/Build/Intermediates.noindex/swift-numerics.build/Debug/ComplexModule.build/Objects-normal/arm64/ComplexModule-primary-emit-module.d -o /Users/rogerlin/Library/Developer/Xcode/DerivedData/FinancialCalculatorKit-ackorybalcxbfocbkqsfdzcfkgmn/Build/Intermediates.noindex/swift-numerics.build/Debug/ComplexModule.build/Objects-normal/arm64/ComplexModule.swiftmodule -emit-abi-descriptor-path /Users/rogerlin/Library/Developer/Xcode/DerivedData/FinancialCalculatorKit-ackorybalcxbfocbkqsfdzcfkgmn/Build/Intermediates.noindex/swift-numerics.build/Debug/ComplexModule.build/Objects-normal/arm64/ComplexModule.abi.json

EmitSwiftModule normal arm64 (in target 'ComplexModule' from project 'swift-numerics')
    cd /Users/rogerlin/XCode-Projects/FinancialCalculatorKit-5.0-updated-accent-colors/FinancialCalculatorKit.xcodeproj
    

SwiftCompile normal arm64 Compiling\ ElementaryFunctions.swift /Users/rogerlin/Library/Developer/Xcode/DerivedData/FinancialCalculatorKit-ackorybalcxbfocbkqsfdzcfkgmn/SourcePackages/checkouts/swift-numerics/Sources/ComplexModule/ElementaryFunctions.swift (in target 'ComplexModule' from project 'swift-numerics')
/Applications/Xcode.app/Contents/Developer/Toolchains/XcodeDefault.xctoolchain/usr/bin/swift-frontend -frontend -c /Users/rogerlin/Library/Developer/Xcode/DerivedData/FinancialCalculatorKit-ackorybalcxbfocbkqsfdzcfkgmn/SourcePackages/checkouts/swift-numerics/Sources/ComplexModule/Arithmetic.swift /Users/rogerlin/Library/Developer/Xcode/DerivedData/FinancialCalculatorKit-ackorybalcxbfocbkqsfdzcfkgmn/SourcePackages/checkouts/swift-numerics/Sources/ComplexModule/Complex.swift /Users/rogerlin/Library/Developer/Xcode/DerivedData/FinancialCalculatorKit-ackorybalcxbfocbkqsfdzcfkgmn/SourcePackages/checkouts/swift-numerics/Sources/ComplexModule/Differentiable.swift -primary-file /Users/rogerlin/Library/Developer/Xcode/DerivedData/FinancialCalculatorKit-ackorybalcxbfocbkqsfdzcfkgmn/SourcePackages/checkouts/swift-numerics/Sources/ComplexModule/ElementaryFunctions.swift -emit-dependencies-path /Users/rogerlin/Library/Developer/Xcode/DerivedData/FinancialCalculatorKit-ackorybalcxbfocbkqsfdzcfkgmn/Build/Intermediates.noindex/swift-numerics.build/Debug/ComplexModule.build/Objects-normal/arm64/ElementaryFunctions.d -emit-const-values-path /Users/rogerlin/Library/Developer/Xcode/DerivedData/FinancialCalculatorKit-ackorybalcxbfocbkqsfdzcfkgmn/Build/Intermediates.noindex/swift-numerics.build/Debug/ComplexModule.build/Objects-normal/arm64/ElementaryFunctions.swiftconstvalues -emit-reference-dependencies-path /Users/rogerlin/Library/Developer/Xcode/DerivedData/FinancialCalculatorKit-ackorybalcxbfocbkqsfdzcfkgmn/Build/Intermediates.noindex/swift-numerics.build/Debug/ComplexModule.build/Objects-normal/arm64/ElementaryFunctions.swiftdeps -serialize-diagnostics-path /Users/rogerlin/Library/Developer/Xcode/DerivedData/FinancialCalculatorKit-ackorybalcxbfocbkqsfdzcfkgmn/Build/Intermediates.noindex/swift-numerics.build/Debug/ComplexModule.build/Objects-normal/arm64/ElementaryFunctions.dia -target arm64-apple-macos10.13 -load-resolved-plugin /Applications/Xcode.app/Contents/Developer/Platforms/MacOSX.platform/Developer/usr/lib/swift/host/plugins/libSwiftMacros.dylib\#/Applications/Xcode.app/Contents/Developer/Platforms/MacOSX.platform/Developer/usr/bin/swift-plugin-server\#SwiftMacros -disable-implicit-swift-modules -Xcc -fno-implicit-modules -Xcc -fno-implicit-module-maps -explicit-swift-module-map-file /Users/rogerlin/Library/Developer/Xcode/DerivedData/FinancialCalculatorKit-ackorybalcxbfocbkqsfdzcfkgmn/Build/Intermediates.noindex/swift-numerics.build/Debug/ComplexModule.build/Objects-normal/arm64/ComplexModule-dependencies-1.json -Xllvm -aarch64-use-tbi -enable-objc-interop -sdk /Applications/Xcode.app/Contents/Developer/Platforms/MacOSX.platform/Developer/SDKs/MacOSX26.1.sdk -I /Users/rogerlin/Library/Developer/Xcode/DerivedData/FinancialCalculatorKit-ackorybalcxbfocbkqsfdzcfkgmn/Build/Products/Debug -Isystem /Applications/Xcode.app/Contents/Developer/Platforms/MacOSX.platform/Developer/usr/lib -F /Users/rogerlin/Library/Developer/Xcode/DerivedData/FinancialCalculatorKit-ackorybalcxbfocbkqsfdzcfkgmn/Build/Products/Debug/PackageFrameworks -F /Users/rogerlin/Library/Developer/Xcode/DerivedData/FinancialCalculatorKit-ackorybalcxbfocbkqsfdzcfkgmn/Build/Products/Debug/PackageFrameworks -F /Users/rogerlin/Library/Developer/Xcode/DerivedData/FinancialCalculatorKit-ackorybalcxbfocbkqsfdzcfkgmn/Build/Products/Debug -F /Applications/Xcode.app/Contents/Developer/Platforms/MacOSX.platform/Developer/Library/Frameworks -no-color-diagnostics -Xcc -fno-color-diagnostics -enable-testing -g -debug-info-format\=dwarf -dwarf-version\=4 -module-cache-path /Users/rogerlin/Library/Developer/Xcode/DerivedData/FinancialCalculatorKit-ackorybalcxbfocbkqsfdzcfkgmn/Build/Intermediates.noindex/SwiftExplicitPrecompiledModules -suppress-warnings -profile-generate -profile-coverage-mapping -swift-version 5 -enforce-exclusivity\=checked -Onone -D SWIFT_PACKAGE -D DEBUG -D SWIFT_MODULE_RESOURCE_BUNDLE_UNAVAILABLE -D Xcode -serialize-debugging-options -const-gather-protocols-file /Users/rogerlin/Library/Developer/Xcode/DerivedData/FinancialCalculatorKit-ackorybalcxbfocbkqsfdzcfkgmn/Build/Intermediates.noindex/swift-numerics.build/Debug/ComplexModule.build/Objects-normal/arm64/ComplexModule_const_extract_protocols.json -enable-experimental-feature DebugDescriptionMacro -empty-abi-descriptor -validate-clang-modules-once -clang-build-session-file /Users/rogerlin/Library/Developer/Xcode/DerivedData/ModuleCache.noindex/Session.modulevalidation -Xcc -working-directory -Xcc /Users/rogerlin/XCode-Projects/FinancialCalculatorKit-5.0-updated-accent-colors/FinancialCalculatorKit.xcodeproj -enable-anonymous-context-mangled-names -file-compilation-dir /Users/rogerlin/XCode-Projects/FinancialCalculatorKit-5.0-updated-accent-colors/FinancialCalculatorKit.xcodeproj -Xcc -D_LIBCPP_HARDENING_MODE\=_LIBCPP_HARDENING_MODE_DEBUG -Xcc -ivfsstatcache -Xcc /Users/rogerlin/Library/Developer/Xcode/DerivedData/SDKStatCaches.noindex/macosx26.1-25B74-3ae1261907bdadc328169391a47051a6.sdkstatcache -Xcc -I/Users/rogerlin/Library/Developer/Xcode/DerivedData/FinancialCalculatorKit-ackorybalcxbfocbkqsfdzcfkgmn/Build/Intermediates.noindex/swift-numerics.build/Debug/ComplexModule.build/swift-overrides.hmap -Xcc -I/Users/rogerlin/Library/Developer/Xcode/DerivedData/FinancialCalculatorKit-ackorybalcxbfocbkqsfdzcfkgmn/SourcePackages/checkouts/swift-numerics/Sources/_NumericsShims/include -Xcc -I/Users/rogerlin/Library/Developer/Xcode/DerivedData/FinancialCalculatorKit-ackorybalcxbfocbkqsfdzcfkgmn/Build/Products/Debug/include -Xcc -I/Users/rogerlin/Library/Developer/Xcode/DerivedData/FinancialCalculatorKit-ackorybalcxbfocbkqsfdzcfkgmn/Build/Intermediates.noindex/swift-numerics.build/Debug/ComplexModule.build/DerivedSources-normal/arm64 -Xcc -I/Users/rogerlin/Library/Developer/Xcode/DerivedData/FinancialCalculatorKit-ackorybalcxbfocbkqsfdzcfkgmn/Build/Intermediates.noindex/swift-numerics.build/Debug/ComplexModule.build/DerivedSources/arm64 -Xcc -I/Users/rogerlin/Library/Developer/Xcode/DerivedData/FinancialCalculatorKit-ackorybalcxbfocbkqsfdzcfkgmn/Build/Intermediates.noindex/swift-numerics.build/Debug/ComplexModule.build/DerivedSources -Xcc -DSWIFT_PACKAGE -Xcc -DDEBUG\=1 -no-auto-bridging-header-chaining -module-name ComplexModule -frontend-parseable-output -disable-clang-spi -target-sdk-version 26.1 -target-sdk-name macosx26.1 -clang-target arm64-apple-macos26.1 -in-process-plugin-server-path /Applications/Xcode.app/Contents/Developer/Toolchains/XcodeDefault.xctoolchain/usr/lib/swift/host/libSwiftInProcPluginServer.dylib -o /Users/rogerlin/Library/Developer/Xcode/DerivedData/FinancialCalculatorKit-ackorybalcxbfocbkqsfdzcfkgmn/Build/Intermediates.noindex/swift-numerics.build/Debug/ComplexModule.build/Objects-normal/arm64/ElementaryFunctions.o -index-unit-output-path /swift-numerics.build/Debug/ComplexModule.build/Objects-normal/arm64/ElementaryFunctions.o -index-store-path /Users/rogerlin/Library/Developer/Xcode/DerivedData/FinancialCalculatorKit-ackorybalcxbfocbkqsfdzcfkgmn/Index.noindex/DataStore -index-system-modules

SwiftCompile normal arm64 /Users/rogerlin/Library/Developer/Xcode/DerivedData/FinancialCalculatorKit-ackorybalcxbfocbkqsfdzcfkgmn/SourcePackages/checkouts/swift-numerics/Sources/ComplexModule/ElementaryFunctions.swift (in target 'ComplexModule' from project 'swift-numerics')
    cd /Users/rogerlin/XCode-Projects/FinancialCalculatorKit-5.0-updated-accent-colors/FinancialCalculatorKit.xcodeproj
    

SwiftCompile normal arm64 Compiling\ Differentiable.swift /Users/rogerlin/Library/Developer/Xcode/DerivedData/FinancialCalculatorKit-ackorybalcxbfocbkqsfdzcfkgmn/SourcePackages/checkouts/swift-numerics/Sources/ComplexModule/Differentiable.swift (in target 'ComplexModule' from project 'swift-numerics')
/Applications/Xcode.app/Contents/Developer/Toolchains/XcodeDefault.xctoolchain/usr/bin/swift-frontend -frontend -c /Users/rogerlin/Library/Developer/Xcode/DerivedData/FinancialCalculatorKit-ackorybalcxbfocbkqsfdzcfkgmn/SourcePackages/checkouts/swift-numerics/Sources/ComplexModule/Arithmetic.swift /Users/rogerlin/Library/Developer/Xcode/DerivedData/FinancialCalculatorKit-ackorybalcxbfocbkqsfdzcfkgmn/SourcePackages/checkouts/swift-numerics/Sources/ComplexModule/Complex.swift -primary-file /Users/rogerlin/Library/Developer/Xcode/DerivedData/FinancialCalculatorKit-ackorybalcxbfocbkqsfdzcfkgmn/SourcePackages/checkouts/swift-numerics/Sources/ComplexModule/Differentiable.swift /Users/rogerlin/Library/Developer/Xcode/DerivedData/FinancialCalculatorKit-ackorybalcxbfocbkqsfdzcfkgmn/SourcePackages/checkouts/swift-numerics/Sources/ComplexModule/ElementaryFunctions.swift -emit-dependencies-path /Users/rogerlin/Library/Developer/Xcode/DerivedData/FinancialCalculatorKit-ackorybalcxbfocbkqsfdzcfkgmn/Build/Intermediates.noindex/swift-numerics.build/Debug/ComplexModule.build/Objects-normal/arm64/Differentiable.d -emit-const-values-path /Users/rogerlin/Library/Developer/Xcode/DerivedData/FinancialCalculatorKit-ackorybalcxbfocbkqsfdzcfkgmn/Build/Intermediates.noindex/swift-numerics.build/Debug/ComplexModule.build/Objects-normal/arm64/Differentiable.swiftconstvalues -emit-reference-dependencies-path /Users/rogerlin/Library/Developer/Xcode/DerivedData/FinancialCalculatorKit-ackorybalcxbfocbkqsfdzcfkgmn/Build/Intermediates.noindex/swift-numerics.build/Debug/ComplexModule.build/Objects-normal/arm64/Differentiable.swiftdeps -serialize-diagnostics-path /Users/rogerlin/Library/Developer/Xcode/DerivedData/FinancialCalculatorKit-ackorybalcxbfocbkqsfdzcfkgmn/Build/Intermediates.noindex/swift-numerics.build/Debug/ComplexModule.build/Objects-normal/arm64/Differentiable.dia -target arm64-apple-macos10.13 -load-resolved-plugin /Applications/Xcode.app/Contents/Developer/Platforms/MacOSX.platform/Developer/usr/lib/swift/host/plugins/libSwiftMacros.dylib\#/Applications/Xcode.app/Contents/Developer/Platforms/MacOSX.platform/Developer/usr/bin/swift-plugin-server\#SwiftMacros -disable-implicit-swift-modules -Xcc -fno-implicit-modules -Xcc -fno-implicit-module-maps -explicit-swift-module-map-file /Users/rogerlin/Library/Developer/Xcode/DerivedData/FinancialCalculatorKit-ackorybalcxbfocbkqsfdzcfkgmn/Build/Intermediates.noindex/swift-numerics.build/Debug/ComplexModule.build/Objects-normal/arm64/ComplexModule-dependencies-1.json -Xllvm -aarch64-use-tbi -enable-objc-interop -sdk /Applications/Xcode.app/Contents/Developer/Platforms/MacOSX.platform/Developer/SDKs/MacOSX26.1.sdk -I /Users/rogerlin/Library/Developer/Xcode/DerivedData/FinancialCalculatorKit-ackorybalcxbfocbkqsfdzcfkgmn/Build/Products/Debug -Isystem /Applications/Xcode.app/Contents/Developer/Platforms/MacOSX.platform/Developer/usr/lib -F /Users/rogerlin/Library/Developer/Xcode/DerivedData/FinancialCalculatorKit-ackorybalcxbfocbkqsfdzcfkgmn/Build/Products/Debug/PackageFrameworks -F /Users/rogerlin/Library/Developer/Xcode/DerivedData/FinancialCalculatorKit-ackorybalcxbfocbkqsfdzcfkgmn/Build/Products/Debug/PackageFrameworks -F /Users/rogerlin/Library/Developer/Xcode/DerivedData/FinancialCalculatorKit-ackorybalcxbfocbkqsfdzcfkgmn/Build/Products/Debug -F /Applications/Xcode.app/Contents/Developer/Platforms/MacOSX.platform/Developer/Library/Frameworks -no-color-diagnostics -Xcc -fno-color-diagnostics -enable-testing -g -debug-info-format\=dwarf -dwarf-version\=4 -module-cache-path /Users/rogerlin/Library/Developer/Xcode/DerivedData/FinancialCalculatorKit-ackorybalcxbfocbkqsfdzcfkgmn/Build/Intermediates.noindex/SwiftExplicitPrecompiledModules -suppress-warnings -profile-generate -profile-coverage-mapping -swift-version 5 -enforce-exclusivity\=checked -Onone -D SWIFT_PACKAGE -D DEBUG -D SWIFT_MODULE_RESOURCE_BUNDLE_UNAVAILABLE -D Xcode -serialize-debugging-options -const-gather-protocols-file /Users/rogerlin/Library/Developer/Xcode/DerivedData/FinancialCalculatorKit-ackorybalcxbfocbkqsfdzcfkgmn/Build/Intermediates.noindex/swift-numerics.build/Debug/ComplexModule.build/Objects-normal/arm64/ComplexModule_const_extract_protocols.json -enable-experimental-feature DebugDescriptionMacro -empty-abi-descriptor -validate-clang-modules-once -clang-build-session-file /Users/rogerlin/Library/Developer/Xcode/DerivedData/ModuleCache.noindex/Session.modulevalidation -Xcc -working-directory -Xcc /Users/rogerlin/XCode-Projects/FinancialCalculatorKit-5.0-updated-accent-colors/FinancialCalculatorKit.xcodeproj -enable-anonymous-context-mangled-names -file-compilation-dir /Users/rogerlin/XCode-Projects/FinancialCalculatorKit-5.0-updated-accent-colors/FinancialCalculatorKit.xcodeproj -Xcc -D_LIBCPP_HARDENING_MODE\=_LIBCPP_HARDENING_MODE_DEBUG -Xcc -ivfsstatcache -Xcc /Users/rogerlin/Library/Developer/Xcode/DerivedData/SDKStatCaches.noindex/macosx26.1-25B74-3ae1261907bdadc328169391a47051a6.sdkstatcache -Xcc -I/Users/rogerlin/Library/Developer/Xcode/DerivedData/FinancialCalculatorKit-ackorybalcxbfocbkqsfdzcfkgmn/Build/Intermediates.noindex/swift-numerics.build/Debug/ComplexModule.build/swift-overrides.hmap -Xcc -I/Users/rogerlin/Library/Developer/Xcode/DerivedData/FinancialCalculatorKit-ackorybalcxbfocbkqsfdzcfkgmn/SourcePackages/checkouts/swift-numerics/Sources/_NumericsShims/include -Xcc -I/Users/rogerlin/Library/Developer/Xcode/DerivedData/FinancialCalculatorKit-ackorybalcxbfocbkqsfdzcfkgmn/Build/Products/Debug/include -Xcc -I/Users/rogerlin/Library/Developer/Xcode/DerivedData/FinancialCalculatorKit-ackorybalcxbfocbkqsfdzcfkgmn/Build/Intermediates.noindex/swift-numerics.build/Debug/ComplexModule.build/DerivedSources-normal/arm64 -Xcc -I/Users/rogerlin/Library/Developer/Xcode/DerivedData/FinancialCalculatorKit-ackorybalcxbfocbkqsfdzcfkgmn/Build/Intermediates.noindex/swift-numerics.build/Debug/ComplexModule.build/DerivedSources/arm64 -Xcc -I/Users/rogerlin/Library/Developer/Xcode/DerivedData/FinancialCalculatorKit-ackorybalcxbfocbkqsfdzcfkgmn/Build/Intermediates.noindex/swift-numerics.build/Debug/ComplexModule.build/DerivedSources -Xcc -DSWIFT_PACKAGE -Xcc -DDEBUG\=1 -no-auto-bridging-header-chaining -module-name ComplexModule -frontend-parseable-output -disable-clang-spi -target-sdk-version 26.1 -target-sdk-name macosx26.1 -clang-target arm64-apple-macos26.1 -in-process-plugin-server-path /Applications/Xcode.app/Contents/Developer/Toolchains/XcodeDefault.xctoolchain/usr/lib/swift/host/libSwiftInProcPluginServer.dylib -o /Users/rogerlin/Library/Developer/Xcode/DerivedData/FinancialCalculatorKit-ackorybalcxbfocbkqsfdzcfkgmn/Build/Intermediates.noindex/swift-numerics.build/Debug/ComplexModule.build/Objects-normal/arm64/Differentiable.o -index-unit-output-path /swift-numerics.build/Debug/ComplexModule.build/Objects-normal/arm64/Differentiable.o -index-store-path /Users/rogerlin/Library/Developer/Xcode/DerivedData/FinancialCalculatorKit-ackorybalcxbfocbkqsfdzcfkgmn/Index.noindex/DataStore -index-system-modules

SwiftCompile normal arm64 /Users/rogerlin/Library/Developer/Xcode/DerivedData/FinancialCalculatorKit-ackorybalcxbfocbkqsfdzcfkgmn/SourcePackages/checkouts/swift-numerics/Sources/ComplexModule/Differentiable.swift (in target 'ComplexModule' from project 'swift-numerics')
    cd /Users/rogerlin/XCode-Projects/FinancialCalculatorKit-5.0-updated-accent-colors/FinancialCalculatorKit.xcodeproj
    

SwiftCompile normal arm64 Compiling\ Complex.swift /Users/rogerlin/Library/Developer/Xcode/DerivedData/FinancialCalculatorKit-ackorybalcxbfocbkqsfdzcfkgmn/SourcePackages/checkouts/swift-numerics/Sources/ComplexModule/Complex.swift (in target 'ComplexModule' from project 'swift-numerics')
/Applications/Xcode.app/Contents/Developer/Toolchains/XcodeDefault.xctoolchain/usr/bin/swift-frontend -frontend -c /Users/rogerlin/Library/Developer/Xcode/DerivedData/FinancialCalculatorKit-ackorybalcxbfocbkqsfdzcfkgmn/SourcePackages/checkouts/swift-numerics/Sources/ComplexModule/Arithmetic.swift -primary-file /Users/rogerlin/Library/Developer/Xcode/DerivedData/FinancialCalculatorKit-ackorybalcxbfocbkqsfdzcfkgmn/SourcePackages/checkouts/swift-numerics/Sources/ComplexModule/Complex.swift /Users/rogerlin/Library/Developer/Xcode/DerivedData/FinancialCalculatorKit-ackorybalcxbfocbkqsfdzcfkgmn/SourcePackages/checkouts/swift-numerics/Sources/ComplexModule/Differentiable.swift /Users/rogerlin/Library/Developer/Xcode/DerivedData/FinancialCalculatorKit-ackorybalcxbfocbkqsfdzcfkgmn/SourcePackages/checkouts/swift-numerics/Sources/ComplexModule/ElementaryFunctions.swift -emit-dependencies-path /Users/rogerlin/Library/Developer/Xcode/DerivedData/FinancialCalculatorKit-ackorybalcxbfocbkqsfdzcfkgmn/Build/Intermediates.noindex/swift-numerics.build/Debug/ComplexModule.build/Objects-normal/arm64/Complex.d -emit-const-values-path /Users/rogerlin/Library/Developer/Xcode/DerivedData/FinancialCalculatorKit-ackorybalcxbfocbkqsfdzcfkgmn/Build/Intermediates.noindex/swift-numerics.build/Debug/ComplexModule.build/Objects-normal/arm64/Complex.swiftconstvalues -emit-reference-dependencies-path /Users/rogerlin/Library/Developer/Xcode/DerivedData/FinancialCalculatorKit-ackorybalcxbfocbkqsfdzcfkgmn/Build/Intermediates.noindex/swift-numerics.build/Debug/ComplexModule.build/Objects-normal/arm64/Complex.swiftdeps -serialize-diagnostics-path /Users/rogerlin/Library/Developer/Xcode/DerivedData/FinancialCalculatorKit-ackorybalcxbfocbkqsfdzcfkgmn/Build/Intermediates.noindex/swift-numerics.build/Debug/ComplexModule.build/Objects-normal/arm64/Complex.dia -target arm64-apple-macos10.13 -load-resolved-plugin /Applications/Xcode.app/Contents/Developer/Platforms/MacOSX.platform/Developer/usr/lib/swift/host/plugins/libSwiftMacros.dylib\#/Applications/Xcode.app/Contents/Developer/Platforms/MacOSX.platform/Developer/usr/bin/swift-plugin-server\#SwiftMacros -disable-implicit-swift-modules -Xcc -fno-implicit-modules -Xcc -fno-implicit-module-maps -explicit-swift-module-map-file /Users/rogerlin/Library/Developer/Xcode/DerivedData/FinancialCalculatorKit-ackorybalcxbfocbkqsfdzcfkgmn/Build/Intermediates.noindex/swift-numerics.build/Debug/ComplexModule.build/Objects-normal/arm64/ComplexModule-dependencies-1.json -Xllvm -aarch64-use-tbi -enable-objc-interop -sdk /Applications/Xcode.app/Contents/Developer/Platforms/MacOSX.platform/Developer/SDKs/MacOSX26.1.sdk -I /Users/rogerlin/Library/Developer/Xcode/DerivedData/FinancialCalculatorKit-ackorybalcxbfocbkqsfdzcfkgmn/Build/Products/Debug -Isystem /Applications/Xcode.app/Contents/Developer/Platforms/MacOSX.platform/Developer/usr/lib -F /Users/rogerlin/Library/Developer/Xcode/DerivedData/FinancialCalculatorKit-ackorybalcxbfocbkqsfdzcfkgmn/Build/Products/Debug/PackageFrameworks -F /Users/rogerlin/Library/Developer/Xcode/DerivedData/FinancialCalculatorKit-ackorybalcxbfocbkqsfdzcfkgmn/Build/Products/Debug/PackageFrameworks -F /Users/rogerlin/Library/Developer/Xcode/DerivedData/FinancialCalculatorKit-ackorybalcxbfocbkqsfdzcfkgmn/Build/Products/Debug -F /Applications/Xcode.app/Contents/Developer/Platforms/MacOSX.platform/Developer/Library/Frameworks -no-color-diagnostics -Xcc -fno-color-diagnostics -enable-testing -g -debug-info-format\=dwarf -dwarf-version\=4 -module-cache-path /Users/rogerlin/Library/Developer/Xcode/DerivedData/FinancialCalculatorKit-ackorybalcxbfocbkqsfdzcfkgmn/Build/Intermediates.noindex/SwiftExplicitPrecompiledModules -suppress-warnings -profile-generate -profile-coverage-mapping -swift-version 5 -enforce-exclusivity\=checked -Onone -D SWIFT_PACKAGE -D DEBUG -D SWIFT_MODULE_RESOURCE_BUNDLE_UNAVAILABLE -D Xcode -serialize-debugging-options -const-gather-protocols-file /Users/rogerlin/Library/Developer/Xcode/DerivedData/FinancialCalculatorKit-ackorybalcxbfocbkqsfdzcfkgmn/Build/Intermediates.noindex/swift-numerics.build/Debug/ComplexModule.build/Objects-normal/arm64/ComplexModule_const_extract_protocols.json -enable-experimental-feature DebugDescriptionMacro -empty-abi-descriptor -validate-clang-modules-once -clang-build-session-file /Users/rogerlin/Library/Developer/Xcode/DerivedData/ModuleCache.noindex/Session.modulevalidation -Xcc -working-directory -Xcc /Users/rogerlin/XCode-Projects/FinancialCalculatorKit-5.0-updated-accent-colors/FinancialCalculatorKit.xcodeproj -enable-anonymous-context-mangled-names -file-compilation-dir /Users/rogerlin/XCode-Projects/FinancialCalculatorKit-5.0-updated-accent-colors/FinancialCalculatorKit.xcodeproj -Xcc -D_LIBCPP_HARDENING_MODE\=_LIBCPP_HARDENING_MODE_DEBUG -Xcc -ivfsstatcache -Xcc /Users/rogerlin/Library/Developer/Xcode/DerivedData/SDKStatCaches.noindex/macosx26.1-25B74-3ae1261907bdadc328169391a47051a6.sdkstatcache -Xcc -I/Users/rogerlin/Library/Developer/Xcode/DerivedData/FinancialCalculatorKit-ackorybalcxbfocbkqsfdzcfkgmn/Build/Intermediates.noindex/swift-numerics.build/Debug/ComplexModule.build/swift-overrides.hmap -Xcc -I/Users/rogerlin/Library/Developer/Xcode/DerivedData/FinancialCalculatorKit-ackorybalcxbfocbkqsfdzcfkgmn/SourcePackages/checkouts/swift-numerics/Sources/_NumericsShims/include -Xcc -I/Users/rogerlin/Library/Developer/Xcode/DerivedData/FinancialCalculatorKit-ackorybalcxbfocbkqsfdzcfkgmn/Build/Products/Debug/include -Xcc -I/Users/rogerlin/Library/Developer/Xcode/DerivedData/FinancialCalculatorKit-ackorybalcxbfocbkqsfdzcfkgmn/Build/Intermediates.noindex/swift-numerics.build/Debug/ComplexModule.build/DerivedSources-normal/arm64 -Xcc -I/Users/rogerlin/Library/Developer/Xcode/DerivedData/FinancialCalculatorKit-ackorybalcxbfocbkqsfdzcfkgmn/Build/Intermediates.noindex/swift-numerics.build/Debug/ComplexModule.build/DerivedSources/arm64 -Xcc -I/Users/rogerlin/Library/Developer/Xcode/DerivedData/FinancialCalculatorKit-ackorybalcxbfocbkqsfdzcfkgmn/Build/Intermediates.noindex/swift-numerics.build/Debug/ComplexModule.build/DerivedSources -Xcc -DSWIFT_PACKAGE -Xcc -DDEBUG\=1 -no-auto-bridging-header-chaining -module-name ComplexModule -frontend-parseable-output -disable-clang-spi -target-sdk-version 26.1 -target-sdk-name macosx26.1 -clang-target arm64-apple-macos26.1 -in-process-plugin-server-path /Applications/Xcode.app/Contents/Developer/Toolchains/XcodeDefault.xctoolchain/usr/lib/swift/host/libSwiftInProcPluginServer.dylib -o /Users/rogerlin/Library/Developer/Xcode/DerivedData/FinancialCalculatorKit-ackorybalcxbfocbkqsfdzcfkgmn/Build/Intermediates.noindex/swift-numerics.build/Debug/ComplexModule.build/Objects-normal/arm64/Complex.o -index-unit-output-path /swift-numerics.build/Debug/ComplexModule.build/Objects-normal/arm64/Complex.o -index-store-path /Users/rogerlin/Library/Developer/Xcode/DerivedData/FinancialCalculatorKit-ackorybalcxbfocbkqsfdzcfkgmn/Index.noindex/DataStore -index-system-modules

SwiftCompile normal arm64 /Users/rogerlin/Library/Developer/Xcode/DerivedData/FinancialCalculatorKit-ackorybalcxbfocbkqsfdzcfkgmn/SourcePackages/checkouts/swift-numerics/Sources/ComplexModule/Complex.swift (in target 'ComplexModule' from project 'swift-numerics')
    cd /Users/rogerlin/XCode-Projects/FinancialCalculatorKit-5.0-updated-accent-colors/FinancialCalculatorKit.xcodeproj
    

SwiftCompile normal arm64 Compiling\ Arithmetic.swift /Users/rogerlin/Library/Developer/Xcode/DerivedData/FinancialCalculatorKit-ackorybalcxbfocbkqsfdzcfkgmn/SourcePackages/checkouts/swift-numerics/Sources/ComplexModule/Arithmetic.swift (in target 'ComplexModule' from project 'swift-numerics')
/Applications/Xcode.app/Contents/Developer/Toolchains/XcodeDefault.xctoolchain/usr/bin/swift-frontend -frontend -c -primary-file /Users/rogerlin/Library/Developer/Xcode/DerivedData/FinancialCalculatorKit-ackorybalcxbfocbkqsfdzcfkgmn/SourcePackages/checkouts/swift-numerics/Sources/ComplexModule/Arithmetic.swift /Users/rogerlin/Library/Developer/Xcode/DerivedData/FinancialCalculatorKit-ackorybalcxbfocbkqsfdzcfkgmn/SourcePackages/checkouts/swift-numerics/Sources/ComplexModule/Complex.swift /Users/rogerlin/Library/Developer/Xcode/DerivedData/FinancialCalculatorKit-ackorybalcxbfocbkqsfdzcfkgmn/SourcePackages/checkouts/swift-numerics/Sources/ComplexModule/Differentiable.swift /Users/rogerlin/Library/Developer/Xcode/DerivedData/FinancialCalculatorKit-ackorybalcxbfocbkqsfdzcfkgmn/SourcePackages/checkouts/swift-numerics/Sources/ComplexModule/ElementaryFunctions.swift -emit-dependencies-path /Users/rogerlin/Library/Developer/Xcode/DerivedData/FinancialCalculatorKit-ackorybalcxbfocbkqsfdzcfkgmn/Build/Intermediates.noindex/swift-numerics.build/Debug/ComplexModule.build/Objects-normal/arm64/Arithmetic.d -emit-const-values-path /Users/rogerlin/Library/Developer/Xcode/DerivedData/FinancialCalculatorKit-ackorybalcxbfocbkqsfdzcfkgmn/Build/Intermediates.noindex/swift-numerics.build/Debug/ComplexModule.build/Objects-normal/arm64/Arithmetic.swiftconstvalues -emit-reference-dependencies-path /Users/rogerlin/Library/Developer/Xcode/DerivedData/FinancialCalculatorKit-ackorybalcxbfocbkqsfdzcfkgmn/Build/Intermediates.noindex/swift-numerics.build/Debug/ComplexModule.build/Objects-normal/arm64/Arithmetic.swiftdeps -serialize-diagnostics-path /Users/rogerlin/Library/Developer/Xcode/DerivedData/FinancialCalculatorKit-ackorybalcxbfocbkqsfdzcfkgmn/Build/Intermediates.noindex/swift-numerics.build/Debug/ComplexModule.build/Objects-normal/arm64/Arithmetic.dia -target arm64-apple-macos10.13 -load-resolved-plugin /Applications/Xcode.app/Contents/Developer/Platforms/MacOSX.platform/Developer/usr/lib/swift/host/plugins/libSwiftMacros.dylib\#/Applications/Xcode.app/Contents/Developer/Platforms/MacOSX.platform/Developer/usr/bin/swift-plugin-server\#SwiftMacros -disable-implicit-swift-modules -Xcc -fno-implicit-modules -Xcc -fno-implicit-module-maps -explicit-swift-module-map-file /Users/rogerlin/Library/Developer/Xcode/DerivedData/FinancialCalculatorKit-ackorybalcxbfocbkqsfdzcfkgmn/Build/Intermediates.noindex/swift-numerics.build/Debug/ComplexModule.build/Objects-normal/arm64/ComplexModule-dependencies-1.json -Xllvm -aarch64-use-tbi -enable-objc-interop -sdk /Applications/Xcode.app/Contents/Developer/Platforms/MacOSX.platform/Developer/SDKs/MacOSX26.1.sdk -I /Users/rogerlin/Library/Developer/Xcode/DerivedData/FinancialCalculatorKit-ackorybalcxbfocbkqsfdzcfkgmn/Build/Products/Debug -Isystem /Applications/Xcode.app/Contents/Developer/Platforms/MacOSX.platform/Developer/usr/lib -F /Users/rogerlin/Library/Developer/Xcode/DerivedData/FinancialCalculatorKit-ackorybalcxbfocbkqsfdzcfkgmn/Build/Products/Debug/PackageFrameworks -F /Users/rogerlin/Library/Developer/Xcode/DerivedData/FinancialCalculatorKit-ackorybalcxbfocbkqsfdzcfkgmn/Build/Products/Debug/PackageFrameworks -F /Users/rogerlin/Library/Developer/Xcode/DerivedData/FinancialCalculatorKit-ackorybalcxbfocbkqsfdzcfkgmn/Build/Products/Debug -F /Applications/Xcode.app/Contents/Developer/Platforms/MacOSX.platform/Developer/Library/Frameworks -no-color-diagnostics -Xcc -fno-color-diagnostics -enable-testing -g -debug-info-format\=dwarf -dwarf-version\=4 -module-cache-path /Users/rogerlin/Library/Developer/Xcode/DerivedData/FinancialCalculatorKit-ackorybalcxbfocbkqsfdzcfkgmn/Build/Intermediates.noindex/SwiftExplicitPrecompiledModules -suppress-warnings -profile-generate -profile-coverage-mapping -swift-version 5 -enforce-exclusivity\=checked -Onone -D SWIFT_PACKAGE -D DEBUG -D SWIFT_MODULE_RESOURCE_BUNDLE_UNAVAILABLE -D Xcode -serialize-debugging-options -const-gather-protocols-file /Users/rogerlin/Library/Developer/Xcode/DerivedData/FinancialCalculatorKit-ackorybalcxbfocbkqsfdzcfkgmn/Build/Intermediates.noindex/swift-numerics.build/Debug/ComplexModule.build/Objects-normal/arm64/ComplexModule_const_extract_protocols.json -enable-experimental-feature DebugDescriptionMacro -empty-abi-descriptor -validate-clang-modules-once -clang-build-session-file /Users/rogerlin/Library/Developer/Xcode/DerivedData/ModuleCache.noindex/Session.modulevalidation -Xcc -working-directory -Xcc /Users/rogerlin/XCode-Projects/FinancialCalculatorKit-5.0-updated-accent-colors/FinancialCalculatorKit.xcodeproj -enable-anonymous-context-mangled-names -file-compilation-dir /Users/rogerlin/XCode-Projects/FinancialCalculatorKit-5.0-updated-accent-colors/FinancialCalculatorKit.xcodeproj -Xcc -D_LIBCPP_HARDENING_MODE\=_LIBCPP_HARDENING_MODE_DEBUG -Xcc -ivfsstatcache -Xcc /Users/rogerlin/Library/Developer/Xcode/DerivedData/SDKStatCaches.noindex/macosx26.1-25B74-3ae1261907bdadc328169391a47051a6.sdkstatcache -Xcc -I/Users/rogerlin/Library/Developer/Xcode/DerivedData/FinancialCalculatorKit-ackorybalcxbfocbkqsfdzcfkgmn/Build/Intermediates.noindex/swift-numerics.build/Debug/ComplexModule.build/swift-overrides.hmap -Xcc -I/Users/rogerlin/Library/Developer/Xcode/DerivedData/FinancialCalculatorKit-ackorybalcxbfocbkqsfdzcfkgmn/SourcePackages/checkouts/swift-numerics/Sources/_NumericsShims/include -Xcc -I/Users/rogerlin/Library/Developer/Xcode/DerivedData/FinancialCalculatorKit-ackorybalcxbfocbkqsfdzcfkgmn/Build/Products/Debug/include -Xcc -I/Users/rogerlin/Library/Developer/Xcode/DerivedData/FinancialCalculatorKit-ackorybalcxbfocbkqsfdzcfkgmn/Build/Intermediates.noindex/swift-numerics.build/Debug/ComplexModule.build/DerivedSources-normal/arm64 -Xcc -I/Users/rogerlin/Library/Developer/Xcode/DerivedData/FinancialCalculatorKit-ackorybalcxbfocbkqsfdzcfkgmn/Build/Intermediates.noindex/swift-numerics.build/Debug/ComplexModule.build/DerivedSources/arm64 -Xcc -I/Users/rogerlin/Library/Developer/Xcode/DerivedData/FinancialCalculatorKit-ackorybalcxbfocbkqsfdzcfkgmn/Build/Intermediates.noindex/swift-numerics.build/Debug/ComplexModule.build/DerivedSources -Xcc -DSWIFT_PACKAGE -Xcc -DDEBUG\=1 -no-auto-bridging-header-chaining -module-name ComplexModule -frontend-parseable-output -disable-clang-spi -target-sdk-version 26.1 -target-sdk-name macosx26.1 -clang-target arm64-apple-macos26.1 -in-process-plugin-server-path /Applications/Xcode.app/Contents/Developer/Toolchains/XcodeDefault.xctoolchain/usr/lib/swift/host/libSwiftInProcPluginServer.dylib -o /Users/rogerlin/Library/Developer/Xcode/DerivedData/FinancialCalculatorKit-ackorybalcxbfocbkqsfdzcfkgmn/Build/Intermediates.noindex/swift-numerics.build/Debug/ComplexModule.build/Objects-normal/arm64/Arithmetic.o -index-unit-output-path /swift-numerics.build/Debug/ComplexModule.build/Objects-normal/arm64/Arithmetic.o -index-store-path /Users/rogerlin/Library/Developer/Xcode/DerivedData/FinancialCalculatorKit-ackorybalcxbfocbkqsfdzcfkgmn/Index.noindex/DataStore -index-system-modules

SwiftCompile normal arm64 /Users/rogerlin/Library/Developer/Xcode/DerivedData/FinancialCalculatorKit-ackorybalcxbfocbkqsfdzcfkgmn/SourcePackages/checkouts/swift-numerics/Sources/ComplexModule/Arithmetic.swift (in target 'ComplexModule' from project 'swift-numerics')
    cd /Users/rogerlin/XCode-Projects/FinancialCalculatorKit-5.0-updated-accent-colors/FinancialCalculatorKit.xcodeproj
    

SwiftDriverJobDiscovery normal arm64 Compiling Plugin.swift (in target 'CasePathsMacros' from project 'swift-case-paths')

SwiftEmitModule normal arm64 Emitting\ module\ for\ BigInt (in target 'BigInt' from project 'BigInt')
/Applications/Xcode.app/Contents/Developer/Toolchains/XcodeDefault.xctoolchain/usr/bin/swift-frontend -frontend -emit-module -experimental-skip-non-inlinable-function-bodies-without-types /Users/rogerlin/Library/Developer/Xcode/DerivedData/FinancialCalculatorKit-ackorybalcxbfocbkqsfdzcfkgmn/SourcePackages/checkouts/BigInt/Sources/BigInt/BigFrac.swift /Users/rogerlin/Library/Developer/Xcode/DerivedData/FinancialCalculatorKit-ackorybalcxbfocbkqsfdzcfkgmn/SourcePackages/checkouts/BigInt/Sources/BigInt/BigInt-Extensions.swift /Users/rogerlin/Library/Developer/Xcode/DerivedData/FinancialCalculatorKit-ackorybalcxbfocbkqsfdzcfkgmn/SourcePackages/checkouts/BigInt/Sources/BigInt/BigInt.swift /Users/rogerlin/Library/Developer/Xcode/DerivedData/FinancialCalculatorKit-ackorybalcxbfocbkqsfdzcfkgmn/SourcePackages/checkouts/BigInt/Sources/BigInt/BitSieve.swift /Users/rogerlin/Library/Developer/Xcode/DerivedData/FinancialCalculatorKit-ackorybalcxbfocbkqsfdzcfkgmn/SourcePackages/checkouts/BigInt/Sources/BigInt/BurnikelZiegler.swift /Users/rogerlin/Library/Developer/Xcode/DerivedData/FinancialCalculatorKit-ackorybalcxbfocbkqsfdzcfkgmn/SourcePackages/checkouts/BigInt/Sources/BigInt/CRT.swift /Users/rogerlin/Library/Developer/Xcode/DerivedData/FinancialCalculatorKit-ackorybalcxbfocbkqsfdzcfkgmn/SourcePackages/checkouts/BigInt/Sources/BigInt/ExpMod.swift /Users/rogerlin/Library/Developer/Xcode/DerivedData/FinancialCalculatorKit-ackorybalcxbfocbkqsfdzcfkgmn/SourcePackages/checkouts/BigInt/Sources/BigInt/FFT.swift /Users/rogerlin/Library/Developer/Xcode/DerivedData/FinancialCalculatorKit-ackorybalcxbfocbkqsfdzcfkgmn/SourcePackages/checkouts/BigInt/Sources/BigInt/Factorial.swift /Users/rogerlin/Library/Developer/Xcode/DerivedData/FinancialCalculatorKit-ackorybalcxbfocbkqsfdzcfkgmn/SourcePackages/checkouts/BigInt/Sources/BigInt/GCD.swift /Users/rogerlin/Library/Developer/Xcode/DerivedData/FinancialCalculatorKit-ackorybalcxbfocbkqsfdzcfkgmn/SourcePackages/checkouts/BigInt/Sources/BigInt/Karatsuba.swift /Users/rogerlin/Library/Developer/Xcode/DerivedData/FinancialCalculatorKit-ackorybalcxbfocbkqsfdzcfkgmn/SourcePackages/checkouts/BigInt/Sources/BigInt/Limbs.swift /Users/rogerlin/Library/Developer/Xcode/DerivedData/FinancialCalculatorKit-ackorybalcxbfocbkqsfdzcfkgmn/SourcePackages/checkouts/BigInt/Sources/BigInt/ToomCook.swift -target arm64-apple-macos13.3 -load-resolved-plugin /Applications/Xcode.app/Contents/Developer/Platforms/MacOSX.platform/Developer/usr/lib/swift/host/plugins/libFoundationMacros.dylib\#/Applications/Xcode.app/Contents/Developer/Platforms/MacOSX.platform/Developer/usr/bin/swift-plugin-server\#FoundationMacros -load-resolved-plugin /Applications/Xcode.app/Contents/Developer/Platforms/MacOSX.platform/Developer/usr/lib/swift/host/plugins/libObservationMacros.dylib\#/Applications/Xcode.app/Contents/Developer/Platforms/MacOSX.platform/Developer/usr/bin/swift-plugin-server\#ObservationMacros -load-resolved-plugin /Applications/Xcode.app/Contents/Developer/Platforms/MacOSX.platform/Developer/usr/lib/swift/host/plugins/libSwiftMacros.dylib\#/Applications/Xcode.app/Contents/Developer/Platforms/MacOSX.platform/Developer/usr/bin/swift-plugin-server\#SwiftMacros -disable-implicit-swift-modules -Xcc -fno-implicit-modules -Xcc -fno-implicit-module-maps -explicit-swift-module-map-file /Users/rogerlin/Library/Developer/Xcode/DerivedData/FinancialCalculatorKit-ackorybalcxbfocbkqsfdzcfkgmn/Build/Intermediates.noindex/BigInt.build/Debug/BigInt.build/Objects-normal/arm64/BigInt-dependencies-1.json -Xllvm -aarch64-use-tbi -enable-objc-interop -stack-check -sdk /Applications/Xcode.app/Contents/Developer/Platforms/MacOSX.platform/Developer/SDKs/MacOSX26.1.sdk -I /Users/rogerlin/Library/Developer/Xcode/DerivedData/FinancialCalculatorKit-ackorybalcxbfocbkqsfdzcfkgmn/Build/Products/Debug -Isystem /Applications/Xcode.app/Contents/Developer/Platforms/MacOSX.platform/Developer/usr/lib -F /Users/rogerlin/Library/Developer/Xcode/DerivedData/FinancialCalculatorKit-ackorybalcxbfocbkqsfdzcfkgmn/Build/Products/Debug -F /Applications/Xcode.app/Contents/Developer/Platforms/MacOSX.platform/Developer/Library/Frameworks -no-color-diagnostics -Xcc -fno-color-diagnostics -enable-testing -g -debug-info-format\=dwarf -dwarf-version\=4 -module-cache-path /Users/rogerlin/Library/Developer/Xcode/DerivedData/FinancialCalculatorKit-ackorybalcxbfocbkqsfdzcfkgmn/Build/Intermediates.noindex/SwiftExplicitPrecompiledModules -suppress-warnings -profile-generate -profile-coverage-mapping -swift-version 5 -enforce-exclusivity\=checked -Onone -D SWIFT_PACKAGE -D DEBUG -D SWIFT_MODULE_RESOURCE_BUNDLE_UNAVAILABLE -D Xcode -serialize-debugging-options -const-gather-protocols-file /Users/rogerlin/Library/Developer/Xcode/DerivedData/FinancialCalculatorKit-ackorybalcxbfocbkqsfdzcfkgmn/Build/Intermediates.noindex/BigInt.build/Debug/BigInt.build/Objects-normal/arm64/BigInt_const_extract_protocols.json -enable-experimental-feature DebugDescriptionMacro -empty-abi-descriptor -validate-clang-modules-once -clang-build-session-file /Users/rogerlin/Library/Developer/Xcode/DerivedData/ModuleCache.noindex/Session.modulevalidation -Xcc -working-directory -Xcc /Users/rogerlin/XCode-Projects/FinancialCalculatorKit-5.0-updated-accent-colors/FinancialCalculatorKit.xcodeproj -enable-anonymous-context-mangled-names -file-compilation-dir /Users/rogerlin/XCode-Projects/FinancialCalculatorKit-5.0-updated-accent-colors/FinancialCalculatorKit.xcodeproj -Xcc -D_LIBCPP_HARDENING_MODE\=_LIBCPP_HARDENING_MODE_DEBUG -Xcc -ivfsstatcache -Xcc /Users/rogerlin/Library/Developer/Xcode/DerivedData/SDKStatCaches.noindex/macosx26.1-25B74-3ae1261907bdadc328169391a47051a6.sdkstatcache -Xcc -I/Users/rogerlin/Library/Developer/Xcode/DerivedData/FinancialCalculatorKit-ackorybalcxbfocbkqsfdzcfkgmn/Build/Intermediates.noindex/BigInt.build/Debug/BigInt.build/swift-overrides.hmap -Xcc -I/Users/rogerlin/Library/Developer/Xcode/DerivedData/FinancialCalculatorKit-ackorybalcxbfocbkqsfdzcfkgmn/Build/Products/Debug/include -Xcc -I/Users/rogerlin/Library/Developer/Xcode/DerivedData/FinancialCalculatorKit-ackorybalcxbfocbkqsfdzcfkgmn/Build/Intermediates.noindex/BigInt.build/Debug/BigInt.build/DerivedSources-normal/arm64 -Xcc -I/Users/rogerlin/Library/Developer/Xcode/DerivedData/FinancialCalculatorKit-ackorybalcxbfocbkqsfdzcfkgmn/Build/Intermediates.noindex/BigInt.build/Debug/BigInt.build/DerivedSources/arm64 -Xcc -I/Users/rogerlin/Library/Developer/Xcode/DerivedData/FinancialCalculatorKit-ackorybalcxbfocbkqsfdzcfkgmn/Build/Intermediates.noindex/BigInt.build/Debug/BigInt.build/DerivedSources -Xcc -DSWIFT_PACKAGE -Xcc -DDEBUG\=1 -no-auto-bridging-header-chaining -module-name BigInt -package-name bigint -frontend-parseable-output -disable-clang-spi -target-sdk-version 26.1 -target-sdk-name macosx26.1 -clang-target arm64-apple-macos26.1 -in-process-plugin-server-path /Applications/Xcode.app/Contents/Developer/Toolchains/XcodeDefault.xctoolchain/usr/lib/swift/host/libSwiftInProcPluginServer.dylib -emit-module-doc-path /Users/rogerlin/Library/Developer/Xcode/DerivedData/FinancialCalculatorKit-ackorybalcxbfocbkqsfdzcfkgmn/Build/Intermediates.noindex/BigInt.build/Debug/BigInt.build/Objects-normal/arm64/BigInt.swiftdoc -emit-module-source-info-path /Users/rogerlin/Library/Developer/Xcode/DerivedData/FinancialCalculatorKit-ackorybalcxbfocbkqsfdzcfkgmn/Build/Intermediates.noindex/BigInt.build/Debug/BigInt.build/Objects-normal/arm64/BigInt.swiftsourceinfo -emit-objc-header-path /Users/rogerlin/Library/Developer/Xcode/DerivedData/FinancialCalculatorKit-ackorybalcxbfocbkqsfdzcfkgmn/Build/Intermediates.noindex/BigInt.build/Debug/BigInt.build/Objects-normal/arm64/BigInt-Swift.h -serialize-diagnostics-path /Users/rogerlin/Library/Developer/Xcode/DerivedData/FinancialCalculatorKit-ackorybalcxbfocbkqsfdzcfkgmn/Build/Intermediates.noindex/BigInt.build/Debug/BigInt.build/Objects-normal/arm64/BigInt-primary-emit-module.dia -emit-dependencies-path /Users/rogerlin/Library/Developer/Xcode/DerivedData/FinancialCalculatorKit-ackorybalcxbfocbkqsfdzcfkgmn/Build/Intermediates.noindex/BigInt.build/Debug/BigInt.build/Objects-normal/arm64/BigInt-primary-emit-module.d -o /Users/rogerlin/Library/Developer/Xcode/DerivedData/FinancialCalculatorKit-ackorybalcxbfocbkqsfdzcfkgmn/Build/Intermediates.noindex/BigInt.build/Debug/BigInt.build/Objects-normal/arm64/BigInt.swiftmodule -emit-abi-descriptor-path /Users/rogerlin/Library/Developer/Xcode/DerivedData/FinancialCalculatorKit-ackorybalcxbfocbkqsfdzcfkgmn/Build/Intermediates.noindex/BigInt.build/Debug/BigInt.build/Objects-normal/arm64/BigInt.abi.json

EmitSwiftModule normal arm64 (in target 'BigInt' from project 'BigInt')
    cd /Users/rogerlin/XCode-Projects/FinancialCalculatorKit-5.0-updated-accent-colors/FinancialCalculatorKit.xcodeproj
    

SwiftCompile normal arm64 Compiling\ Limbs.swift /Users/rogerlin/Library/Developer/Xcode/DerivedData/FinancialCalculatorKit-ackorybalcxbfocbkqsfdzcfkgmn/SourcePackages/checkouts/BigInt/Sources/BigInt/Limbs.swift (in target 'BigInt' from project 'BigInt')
/Applications/Xcode.app/Contents/Developer/Toolchains/XcodeDefault.xctoolchain/usr/bin/swift-frontend -frontend -c /Users/rogerlin/Library/Developer/Xcode/DerivedData/FinancialCalculatorKit-ackorybalcxbfocbkqsfdzcfkgmn/SourcePackages/checkouts/BigInt/Sources/BigInt/BigFrac.swift /Users/rogerlin/Library/Developer/Xcode/DerivedData/FinancialCalculatorKit-ackorybalcxbfocbkqsfdzcfkgmn/SourcePackages/checkouts/BigInt/Sources/BigInt/BigInt-Extensions.swift /Users/rogerlin/Library/Developer/Xcode/DerivedData/FinancialCalculatorKit-ackorybalcxbfocbkqsfdzcfkgmn/SourcePackages/checkouts/BigInt/Sources/BigInt/BigInt.swift /Users/rogerlin/Library/Developer/Xcode/DerivedData/FinancialCalculatorKit-ackorybalcxbfocbkqsfdzcfkgmn/SourcePackages/checkouts/BigInt/Sources/BigInt/BitSieve.swift /Users/rogerlin/Library/Developer/Xcode/DerivedData/FinancialCalculatorKit-ackorybalcxbfocbkqsfdzcfkgmn/SourcePackages/checkouts/BigInt/Sources/BigInt/BurnikelZiegler.swift /Users/rogerlin/Library/Developer/Xcode/DerivedData/FinancialCalculatorKit-ackorybalcxbfocbkqsfdzcfkgmn/SourcePackages/checkouts/BigInt/Sources/BigInt/CRT.swift /Users/rogerlin/Library/Developer/Xcode/DerivedData/FinancialCalculatorKit-ackorybalcxbfocbkqsfdzcfkgmn/SourcePackages/checkouts/BigInt/Sources/BigInt/ExpMod.swift /Users/rogerlin/Library/Developer/Xcode/DerivedData/FinancialCalculatorKit-ackorybalcxbfocbkqsfdzcfkgmn/SourcePackages/checkouts/BigInt/Sources/BigInt/FFT.swift /Users/rogerlin/Library/Developer/Xcode/DerivedData/FinancialCalculatorKit-ackorybalcxbfocbkqsfdzcfkgmn/SourcePackages/checkouts/BigInt/Sources/BigInt/Factorial.swift /Users/rogerlin/Library/Developer/Xcode/DerivedData/FinancialCalculatorKit-ackorybalcxbfocbkqsfdzcfkgmn/SourcePackages/checkouts/BigInt/Sources/BigInt/GCD.swift /Users/rogerlin/Library/Developer/Xcode/DerivedData/FinancialCalculatorKit-ackorybalcxbfocbkqsfdzcfkgmn/SourcePackages/checkouts/BigInt/Sources/BigInt/Karatsuba.swift -primary-file /Users/rogerlin/Library/Developer/Xcode/DerivedData/FinancialCalculatorKit-ackorybalcxbfocbkqsfdzcfkgmn/SourcePackages/checkouts/BigInt/Sources/BigInt/Limbs.swift /Users/rogerlin/Library/Developer/Xcode/DerivedData/FinancialCalculatorKit-ackorybalcxbfocbkqsfdzcfkgmn/SourcePackages/checkouts/BigInt/Sources/BigInt/ToomCook.swift -emit-dependencies-path /Users/rogerlin/Library/Developer/Xcode/DerivedData/FinancialCalculatorKit-ackorybalcxbfocbkqsfdzcfkgmn/Build/Intermediates.noindex/BigInt.build/Debug/BigInt.build/Objects-normal/arm64/Limbs.d -emit-const-values-path /Users/rogerlin/Library/Developer/Xcode/DerivedData/FinancialCalculatorKit-ackorybalcxbfocbkqsfdzcfkgmn/Build/Intermediates.noindex/BigInt.build/Debug/BigInt.build/Objects-normal/arm64/Limbs.swiftconstvalues -emit-reference-dependencies-path /Users/rogerlin/Library/Developer/Xcode/DerivedData/FinancialCalculatorKit-ackorybalcxbfocbkqsfdzcfkgmn/Build/Intermediates.noindex/BigInt.build/Debug/BigInt.build/Objects-normal/arm64/Limbs.swiftdeps -serialize-diagnostics-path /Users/rogerlin/Library/Developer/Xcode/DerivedData/FinancialCalculatorKit-ackorybalcxbfocbkqsfdzcfkgmn/Build/Intermediates.noindex/BigInt.build/Debug/BigInt.build/Objects-normal/arm64/Limbs.dia -target arm64-apple-macos13.3 -load-resolved-plugin /Applications/Xcode.app/Contents/Developer/Platforms/MacOSX.platform/Developer/usr/lib/swift/host/plugins/libFoundationMacros.dylib\#/Applications/Xcode.app/Contents/Developer/Platforms/MacOSX.platform/Developer/usr/bin/swift-plugin-server\#FoundationMacros -load-resolved-plugin /Applications/Xcode.app/Contents/Developer/Platforms/MacOSX.platform/Developer/usr/lib/swift/host/plugins/libObservationMacros.dylib\#/Applications/Xcode.app/Contents/Developer/Platforms/MacOSX.platform/Developer/usr/bin/swift-plugin-server\#ObservationMacros -load-resolved-plugin /Applications/Xcode.app/Contents/Developer/Platforms/MacOSX.platform/Developer/usr/lib/swift/host/plugins/libSwiftMacros.dylib\#/Applications/Xcode.app/Contents/Developer/Platforms/MacOSX.platform/Developer/usr/bin/swift-plugin-server\#SwiftMacros -disable-implicit-swift-modules -Xcc -fno-implicit-modules -Xcc -fno-implicit-module-maps -explicit-swift-module-map-file /Users/rogerlin/Library/Developer/Xcode/DerivedData/FinancialCalculatorKit-ackorybalcxbfocbkqsfdzcfkgmn/Build/Intermediates.noindex/BigInt.build/Debug/BigInt.build/Objects-normal/arm64/BigInt-dependencies-1.json -Xllvm -aarch64-use-tbi -enable-objc-interop -stack-check -sdk /Applications/Xcode.app/Contents/Developer/Platforms/MacOSX.platform/Developer/SDKs/MacOSX26.1.sdk -I /Users/rogerlin/Library/Developer/Xcode/DerivedData/FinancialCalculatorKit-ackorybalcxbfocbkqsfdzcfkgmn/Build/Products/Debug -Isystem /Applications/Xcode.app/Contents/Developer/Platforms/MacOSX.platform/Developer/usr/lib -F /Users/rogerlin/Library/Developer/Xcode/DerivedData/FinancialCalculatorKit-ackorybalcxbfocbkqsfdzcfkgmn/Build/Products/Debug -F /Applications/Xcode.app/Contents/Developer/Platforms/MacOSX.platform/Developer/Library/Frameworks -no-color-diagnostics -Xcc -fno-color-diagnostics -enable-testing -g -debug-info-format\=dwarf -dwarf-version\=4 -module-cache-path /Users/rogerlin/Library/Developer/Xcode/DerivedData/FinancialCalculatorKit-ackorybalcxbfocbkqsfdzcfkgmn/Build/Intermediates.noindex/SwiftExplicitPrecompiledModules -suppress-warnings -profile-generate -profile-coverage-mapping -swift-version 5 -enforce-exclusivity\=checked -Onone -D SWIFT_PACKAGE -D DEBUG -D SWIFT_MODULE_RESOURCE_BUNDLE_UNAVAILABLE -D Xcode -serialize-debugging-options -const-gather-protocols-file /Users/rogerlin/Library/Developer/Xcode/DerivedData/FinancialCalculatorKit-ackorybalcxbfocbkqsfdzcfkgmn/Build/Intermediates.noindex/BigInt.build/Debug/BigInt.build/Objects-normal/arm64/BigInt_const_extract_protocols.json -enable-experimental-feature DebugDescriptionMacro -empty-abi-descriptor -validate-clang-modules-once -clang-build-session-file /Users/rogerlin/Library/Developer/Xcode/DerivedData/ModuleCache.noindex/Session.modulevalidation -Xcc -working-directory -Xcc /Users/rogerlin/XCode-Projects/FinancialCalculatorKit-5.0-updated-accent-colors/FinancialCalculatorKit.xcodeproj -enable-anonymous-context-mangled-names -file-compilation-dir /Users/rogerlin/XCode-Projects/FinancialCalculatorKit-5.0-updated-accent-colors/FinancialCalculatorKit.xcodeproj -Xcc -D_LIBCPP_HARDENING_MODE\=_LIBCPP_HARDENING_MODE_DEBUG -Xcc -ivfsstatcache -Xcc /Users/rogerlin/Library/Developer/Xcode/DerivedData/SDKStatCaches.noindex/macosx26.1-25B74-3ae1261907bdadc328169391a47051a6.sdkstatcache -Xcc -I/Users/rogerlin/Library/Developer/Xcode/DerivedData/FinancialCalculatorKit-ackorybalcxbfocbkqsfdzcfkgmn/Build/Intermediates.noindex/BigInt.build/Debug/BigInt.build/swift-overrides.hmap -Xcc -I/Users/rogerlin/Library/Developer/Xcode/DerivedData/FinancialCalculatorKit-ackorybalcxbfocbkqsfdzcfkgmn/Build/Products/Debug/include -Xcc -I/Users/rogerlin/Library/Developer/Xcode/DerivedData/FinancialCalculatorKit-ackorybalcxbfocbkqsfdzcfkgmn/Build/Intermediates.noindex/BigInt.build/Debug/BigInt.build/DerivedSources-normal/arm64 -Xcc -I/Users/rogerlin/Library/Developer/Xcode/DerivedData/FinancialCalculatorKit-ackorybalcxbfocbkqsfdzcfkgmn/Build/Intermediates.noindex/BigInt.build/Debug/BigInt.build/DerivedSources/arm64 -Xcc -I/Users/rogerlin/Library/Developer/Xcode/DerivedData/FinancialCalculatorKit-ackorybalcxbfocbkqsfdzcfkgmn/Build/Intermediates.noindex/BigInt.build/Debug/BigInt.build/DerivedSources -Xcc -DSWIFT_PACKAGE -Xcc -DDEBUG\=1 -no-auto-bridging-header-chaining -module-name BigInt -package-name bigint -frontend-parseable-output -disable-clang-spi -target-sdk-version 26.1 -target-sdk-name macosx26.1 -clang-target arm64-apple-macos26.1 -in-process-plugin-server-path /Applications/Xcode.app/Contents/Developer/Toolchains/XcodeDefault.xctoolchain/usr/lib/swift/host/libSwiftInProcPluginServer.dylib -o /Users/rogerlin/Library/Developer/Xcode/DerivedData/FinancialCalculatorKit-ackorybalcxbfocbkqsfdzcfkgmn/Build/Intermediates.noindex/BigInt.build/Debug/BigInt.build/Objects-normal/arm64/Limbs.o -index-unit-output-path /BigInt.build/Debug/BigInt.build/Objects-normal/arm64/Limbs.o -index-store-path /Users/rogerlin/Library/Developer/Xcode/DerivedData/FinancialCalculatorKit-ackorybalcxbfocbkqsfdzcfkgmn/Index.noindex/DataStore -index-system-modules

SwiftCompile normal arm64 /Users/rogerlin/Library/Developer/Xcode/DerivedData/FinancialCalculatorKit-ackorybalcxbfocbkqsfdzcfkgmn/SourcePackages/checkouts/BigInt/Sources/BigInt/Limbs.swift (in target 'BigInt' from project 'BigInt')
    cd /Users/rogerlin/XCode-Projects/FinancialCalculatorKit-5.0-updated-accent-colors/FinancialCalculatorKit.xcodeproj
    

SwiftCompile normal arm64 Compiling\ BurnikelZiegler.swift /Users/rogerlin/Library/Developer/Xcode/DerivedData/FinancialCalculatorKit-ackorybalcxbfocbkqsfdzcfkgmn/SourcePackages/checkouts/BigInt/Sources/BigInt/BurnikelZiegler.swift (in target 'BigInt' from project 'BigInt')
/Applications/Xcode.app/Contents/Developer/Toolchains/XcodeDefault.xctoolchain/usr/bin/swift-frontend -frontend -c /Users/rogerlin/Library/Developer/Xcode/DerivedData/FinancialCalculatorKit-ackorybalcxbfocbkqsfdzcfkgmn/SourcePackages/checkouts/BigInt/Sources/BigInt/BigFrac.swift /Users/rogerlin/Library/Developer/Xcode/DerivedData/FinancialCalculatorKit-ackorybalcxbfocbkqsfdzcfkgmn/SourcePackages/checkouts/BigInt/Sources/BigInt/BigInt-Extensions.swift /Users/rogerlin/Library/Developer/Xcode/DerivedData/FinancialCalculatorKit-ackorybalcxbfocbkqsfdzcfkgmn/SourcePackages/checkouts/BigInt/Sources/BigInt/BigInt.swift /Users/rogerlin/Library/Developer/Xcode/DerivedData/FinancialCalculatorKit-ackorybalcxbfocbkqsfdzcfkgmn/SourcePackages/checkouts/BigInt/Sources/BigInt/BitSieve.swift -primary-file /Users/rogerlin/Library/Developer/Xcode/DerivedData/FinancialCalculatorKit-ackorybalcxbfocbkqsfdzcfkgmn/SourcePackages/checkouts/BigInt/Sources/BigInt/BurnikelZiegler.swift /Users/rogerlin/Library/Developer/Xcode/DerivedData/FinancialCalculatorKit-ackorybalcxbfocbkqsfdzcfkgmn/SourcePackages/checkouts/BigInt/Sources/BigInt/CRT.swift /Users/rogerlin/Library/Developer/Xcode/DerivedData/FinancialCalculatorKit-ackorybalcxbfocbkqsfdzcfkgmn/SourcePackages/checkouts/BigInt/Sources/BigInt/ExpMod.swift /Users/rogerlin/Library/Developer/Xcode/DerivedData/FinancialCalculatorKit-ackorybalcxbfocbkqsfdzcfkgmn/SourcePackages/checkouts/BigInt/Sources/BigInt/FFT.swift /Users/rogerlin/Library/Developer/Xcode/DerivedData/FinancialCalculatorKit-ackorybalcxbfocbkqsfdzcfkgmn/SourcePackages/checkouts/BigInt/Sources/BigInt/Factorial.swift /Users/rogerlin/Library/Developer/Xcode/DerivedData/FinancialCalculatorKit-ackorybalcxbfocbkqsfdzcfkgmn/SourcePackages/checkouts/BigInt/Sources/BigInt/GCD.swift /Users/rogerlin/Library/Developer/Xcode/DerivedData/FinancialCalculatorKit-ackorybalcxbfocbkqsfdzcfkgmn/SourcePackages/checkouts/BigInt/Sources/BigInt/Karatsuba.swift /Users/rogerlin/Library/Developer/Xcode/DerivedData/FinancialCalculatorKit-ackorybalcxbfocbkqsfdzcfkgmn/SourcePackages/checkouts/BigInt/Sources/BigInt/Limbs.swift /Users/rogerlin/Library/Developer/Xcode/DerivedData/FinancialCalculatorKit-ackorybalcxbfocbkqsfdzcfkgmn/SourcePackages/checkouts/BigInt/Sources/BigInt/ToomCook.swift -emit-dependencies-path /Users/rogerlin/Library/Developer/Xcode/DerivedData/FinancialCalculatorKit-ackorybalcxbfocbkqsfdzcfkgmn/Build/Intermediates.noindex/BigInt.build/Debug/BigInt.build/Objects-normal/arm64/BurnikelZiegler.d -emit-const-values-path /Users/rogerlin/Library/Developer/Xcode/DerivedData/FinancialCalculatorKit-ackorybalcxbfocbkqsfdzcfkgmn/Build/Intermediates.noindex/BigInt.build/Debug/BigInt.build/Objects-normal/arm64/BurnikelZiegler.swiftconstvalues -emit-reference-dependencies-path /Users/rogerlin/Library/Developer/Xcode/DerivedData/FinancialCalculatorKit-ackorybalcxbfocbkqsfdzcfkgmn/Build/Intermediates.noindex/BigInt.build/Debug/BigInt.build/Objects-normal/arm64/BurnikelZiegler.swiftdeps -serialize-diagnostics-path /Users/rogerlin/Library/Developer/Xcode/DerivedData/FinancialCalculatorKit-ackorybalcxbfocbkqsfdzcfkgmn/Build/Intermediates.noindex/BigInt.build/Debug/BigInt.build/Objects-normal/arm64/BurnikelZiegler.dia -target arm64-apple-macos13.3 -load-resolved-plugin /Applications/Xcode.app/Contents/Developer/Platforms/MacOSX.platform/Developer/usr/lib/swift/host/plugins/libFoundationMacros.dylib\#/Applications/Xcode.app/Contents/Developer/Platforms/MacOSX.platform/Developer/usr/bin/swift-plugin-server\#FoundationMacros -load-resolved-plugin /Applications/Xcode.app/Contents/Developer/Platforms/MacOSX.platform/Developer/usr/lib/swift/host/plugins/libObservationMacros.dylib\#/Applications/Xcode.app/Contents/Developer/Platforms/MacOSX.platform/Developer/usr/bin/swift-plugin-server\#ObservationMacros -load-resolved-plugin /Applications/Xcode.app/Contents/Developer/Platforms/MacOSX.platform/Developer/usr/lib/swift/host/plugins/libSwiftMacros.dylib\#/Applications/Xcode.app/Contents/Developer/Platforms/MacOSX.platform/Developer/usr/bin/swift-plugin-server\#SwiftMacros -disable-implicit-swift-modules -Xcc -fno-implicit-modules -Xcc -fno-implicit-module-maps -explicit-swift-module-map-file /Users/rogerlin/Library/Developer/Xcode/DerivedData/FinancialCalculatorKit-ackorybalcxbfocbkqsfdzcfkgmn/Build/Intermediates.noindex/BigInt.build/Debug/BigInt.build/Objects-normal/arm64/BigInt-dependencies-1.json -Xllvm -aarch64-use-tbi -enable-objc-interop -stack-check -sdk /Applications/Xcode.app/Contents/Developer/Platforms/MacOSX.platform/Developer/SDKs/MacOSX26.1.sdk -I /Users/rogerlin/Library/Developer/Xcode/DerivedData/FinancialCalculatorKit-ackorybalcxbfocbkqsfdzcfkgmn/Build/Products/Debug -Isystem /Applications/Xcode.app/Contents/Developer/Platforms/MacOSX.platform/Developer/usr/lib -F /Users/rogerlin/Library/Developer/Xcode/DerivedData/FinancialCalculatorKit-ackorybalcxbfocbkqsfdzcfkgmn/Build/Products/Debug -F /Applications/Xcode.app/Contents/Developer/Platforms/MacOSX.platform/Developer/Library/Frameworks -no-color-diagnostics -Xcc -fno-color-diagnostics -enable-testing -g -debug-info-format\=dwarf -dwarf-version\=4 -module-cache-path /Users/rogerlin/Library/Developer/Xcode/DerivedData/FinancialCalculatorKit-ackorybalcxbfocbkqsfdzcfkgmn/Build/Intermediates.noindex/SwiftExplicitPrecompiledModules -suppress-warnings -profile-generate -profile-coverage-mapping -swift-version 5 -enforce-exclusivity\=checked -Onone -D SWIFT_PACKAGE -D DEBUG -D SWIFT_MODULE_RESOURCE_BUNDLE_UNAVAILABLE -D Xcode -serialize-debugging-options -const-gather-protocols-file /Users/rogerlin/Library/Developer/Xcode/DerivedData/FinancialCalculatorKit-ackorybalcxbfocbkqsfdzcfkgmn/Build/Intermediates.noindex/BigInt.build/Debug/BigInt.build/Objects-normal/arm64/BigInt_const_extract_protocols.json -enable-experimental-feature DebugDescriptionMacro -empty-abi-descriptor -validate-clang-modules-once -clang-build-session-file /Users/rogerlin/Library/Developer/Xcode/DerivedData/ModuleCache.noindex/Session.modulevalidation -Xcc -working-directory -Xcc /Users/rogerlin/XCode-Projects/FinancialCalculatorKit-5.0-updated-accent-colors/FinancialCalculatorKit.xcodeproj -enable-anonymous-context-mangled-names -file-compilation-dir /Users/rogerlin/XCode-Projects/FinancialCalculatorKit-5.0-updated-accent-colors/FinancialCalculatorKit.xcodeproj -Xcc -D_LIBCPP_HARDENING_MODE\=_LIBCPP_HARDENING_MODE_DEBUG -Xcc -ivfsstatcache -Xcc /Users/rogerlin/Library/Developer/Xcode/DerivedData/SDKStatCaches.noindex/macosx26.1-25B74-3ae1261907bdadc328169391a47051a6.sdkstatcache -Xcc -I/Users/rogerlin/Library/Developer/Xcode/DerivedData/FinancialCalculatorKit-ackorybalcxbfocbkqsfdzcfkgmn/Build/Intermediates.noindex/BigInt.build/Debug/BigInt.build/swift-overrides.hmap -Xcc -I/Users/rogerlin/Library/Developer/Xcode/DerivedData/FinancialCalculatorKit-ackorybalcxbfocbkqsfdzcfkgmn/Build/Products/Debug/include -Xcc -I/Users/rogerlin/Library/Developer/Xcode/DerivedData/FinancialCalculatorKit-ackorybalcxbfocbkqsfdzcfkgmn/Build/Intermediates.noindex/BigInt.build/Debug/BigInt.build/DerivedSources-normal/arm64 -Xcc -I/Users/rogerlin/Library/Developer/Xcode/DerivedData/FinancialCalculatorKit-ackorybalcxbfocbkqsfdzcfkgmn/Build/Intermediates.noindex/BigInt.build/Debug/BigInt.build/DerivedSources/arm64 -Xcc -I/Users/rogerlin/Library/Developer/Xcode/DerivedData/FinancialCalculatorKit-ackorybalcxbfocbkqsfdzcfkgmn/Build/Intermediates.noindex/BigInt.build/Debug/BigInt.build/DerivedSources -Xcc -DSWIFT_PACKAGE -Xcc -DDEBUG\=1 -no-auto-bridging-header-chaining -module-name BigInt -package-name bigint -frontend-parseable-output -disable-clang-spi -target-sdk-version 26.1 -target-sdk-name macosx26.1 -clang-target arm64-apple-macos26.1 -in-process-plugin-server-path /Applications/Xcode.app/Contents/Developer/Toolchains/XcodeDefault.xctoolchain/usr/lib/swift/host/libSwiftInProcPluginServer.dylib -o /Users/rogerlin/Library/Developer/Xcode/DerivedData/FinancialCalculatorKit-ackorybalcxbfocbkqsfdzcfkgmn/Build/Intermediates.noindex/BigInt.build/Debug/BigInt.build/Objects-normal/arm64/BurnikelZiegler.o -index-unit-output-path /BigInt.build/Debug/BigInt.build/Objects-normal/arm64/BurnikelZiegler.o -index-store-path /Users/rogerlin/Library/Developer/Xcode/DerivedData/FinancialCalculatorKit-ackorybalcxbfocbkqsfdzcfkgmn/Index.noindex/DataStore -index-system-modules

SwiftCompile normal arm64 /Users/rogerlin/Library/Developer/Xcode/DerivedData/FinancialCalculatorKit-ackorybalcxbfocbkqsfdzcfkgmn/SourcePackages/checkouts/BigInt/Sources/BigInt/BurnikelZiegler.swift (in target 'BigInt' from project 'BigInt')
    cd /Users/rogerlin/XCode-Projects/FinancialCalculatorKit-5.0-updated-accent-colors/FinancialCalculatorKit.xcodeproj
    

SwiftCompile normal arm64 Compiling\ BigInt.swift /Users/rogerlin/Library/Developer/Xcode/DerivedData/FinancialCalculatorKit-ackorybalcxbfocbkqsfdzcfkgmn/SourcePackages/checkouts/BigInt/Sources/BigInt/BigInt.swift (in target 'BigInt' from project 'BigInt')
/Applications/Xcode.app/Contents/Developer/Toolchains/XcodeDefault.xctoolchain/usr/bin/swift-frontend -frontend -c /Users/rogerlin/Library/Developer/Xcode/DerivedData/FinancialCalculatorKit-ackorybalcxbfocbkqsfdzcfkgmn/SourcePackages/checkouts/BigInt/Sources/BigInt/BigFrac.swift /Users/rogerlin/Library/Developer/Xcode/DerivedData/FinancialCalculatorKit-ackorybalcxbfocbkqsfdzcfkgmn/SourcePackages/checkouts/BigInt/Sources/BigInt/BigInt-Extensions.swift -primary-file /Users/rogerlin/Library/Developer/Xcode/DerivedData/FinancialCalculatorKit-ackorybalcxbfocbkqsfdzcfkgmn/SourcePackages/checkouts/BigInt/Sources/BigInt/BigInt.swift /Users/rogerlin/Library/Developer/Xcode/DerivedData/FinancialCalculatorKit-ackorybalcxbfocbkqsfdzcfkgmn/SourcePackages/checkouts/BigInt/Sources/BigInt/BitSieve.swift /Users/rogerlin/Library/Developer/Xcode/DerivedData/FinancialCalculatorKit-ackorybalcxbfocbkqsfdzcfkgmn/SourcePackages/checkouts/BigInt/Sources/BigInt/BurnikelZiegler.swift /Users/rogerlin/Library/Developer/Xcode/DerivedData/FinancialCalculatorKit-ackorybalcxbfocbkqsfdzcfkgmn/SourcePackages/checkouts/BigInt/Sources/BigInt/CRT.swift /Users/rogerlin/Library/Developer/Xcode/DerivedData/FinancialCalculatorKit-ackorybalcxbfocbkqsfdzcfkgmn/SourcePackages/checkouts/BigInt/Sources/BigInt/ExpMod.swift /Users/rogerlin/Library/Developer/Xcode/DerivedData/FinancialCalculatorKit-ackorybalcxbfocbkqsfdzcfkgmn/SourcePackages/checkouts/BigInt/Sources/BigInt/FFT.swift /Users/rogerlin/Library/Developer/Xcode/DerivedData/FinancialCalculatorKit-ackorybalcxbfocbkqsfdzcfkgmn/SourcePackages/checkouts/BigInt/Sources/BigInt/Factorial.swift /Users/rogerlin/Library/Developer/Xcode/DerivedData/FinancialCalculatorKit-ackorybalcxbfocbkqsfdzcfkgmn/SourcePackages/checkouts/BigInt/Sources/BigInt/GCD.swift /Users/rogerlin/Library/Developer/Xcode/DerivedData/FinancialCalculatorKit-ackorybalcxbfocbkqsfdzcfkgmn/SourcePackages/checkouts/BigInt/Sources/BigInt/Karatsuba.swift /Users/rogerlin/Library/Developer/Xcode/DerivedData/FinancialCalculatorKit-ackorybalcxbfocbkqsfdzcfkgmn/SourcePackages/checkouts/BigInt/Sources/BigInt/Limbs.swift /Users/rogerlin/Library/Developer/Xcode/DerivedData/FinancialCalculatorKit-ackorybalcxbfocbkqsfdzcfkgmn/SourcePackages/checkouts/BigInt/Sources/BigInt/ToomCook.swift -emit-dependencies-path /Users/rogerlin/Library/Developer/Xcode/DerivedData/FinancialCalculatorKit-ackorybalcxbfocbkqsfdzcfkgmn/Build/Intermediates.noindex/BigInt.build/Debug/BigInt.build/Objects-normal/arm64/BigInt-aa2bbfd0f27768d6f473f619a21b4052.d -emit-const-values-path /Users/rogerlin/Library/Developer/Xcode/DerivedData/FinancialCalculatorKit-ackorybalcxbfocbkqsfdzcfkgmn/Build/Intermediates.noindex/BigInt.build/Debug/BigInt.build/Objects-normal/arm64/BigInt-aa2bbfd0f27768d6f473f619a21b4052.swiftconstvalues -emit-reference-dependencies-path /Users/rogerlin/Library/Developer/Xcode/DerivedData/FinancialCalculatorKit-ackorybalcxbfocbkqsfdzcfkgmn/Build/Intermediates.noindex/BigInt.build/Debug/BigInt.build/Objects-normal/arm64/BigInt-aa2bbfd0f27768d6f473f619a21b4052.swiftdeps -serialize-diagnostics-path /Users/rogerlin/Library/Developer/Xcode/DerivedData/FinancialCalculatorKit-ackorybalcxbfocbkqsfdzcfkgmn/Build/Intermediates.noindex/BigInt.build/Debug/BigInt.build/Objects-normal/arm64/BigInt-aa2bbfd0f27768d6f473f619a21b4052.dia -target arm64-apple-macos13.3 -load-resolved-plugin /Applications/Xcode.app/Contents/Developer/Platforms/MacOSX.platform/Developer/usr/lib/swift/host/plugins/libFoundationMacros.dylib\#/Applications/Xcode.app/Contents/Developer/Platforms/MacOSX.platform/Developer/usr/bin/swift-plugin-server\#FoundationMacros -load-resolved-plugin /Applications/Xcode.app/Contents/Developer/Platforms/MacOSX.platform/Developer/usr/lib/swift/host/plugins/libObservationMacros.dylib\#/Applications/Xcode.app/Contents/Developer/Platforms/MacOSX.platform/Developer/usr/bin/swift-plugin-server\#ObservationMacros -load-resolved-plugin /Applications/Xcode.app/Contents/Developer/Platforms/MacOSX.platform/Developer/usr/lib/swift/host/plugins/libSwiftMacros.dylib\#/Applications/Xcode.app/Contents/Developer/Platforms/MacOSX.platform/Developer/usr/bin/swift-plugin-server\#SwiftMacros -disable-implicit-swift-modules -Xcc -fno-implicit-modules -Xcc -fno-implicit-module-maps -explicit-swift-module-map-file /Users/rogerlin/Library/Developer/Xcode/DerivedData/FinancialCalculatorKit-ackorybalcxbfocbkqsfdzcfkgmn/Build/Intermediates.noindex/BigInt.build/Debug/BigInt.build/Objects-normal/arm64/BigInt-dependencies-1.json -Xllvm -aarch64-use-tbi -enable-objc-interop -stack-check -sdk /Applications/Xcode.app/Contents/Developer/Platforms/MacOSX.platform/Developer/SDKs/MacOSX26.1.sdk -I /Users/rogerlin/Library/Developer/Xcode/DerivedData/FinancialCalculatorKit-ackorybalcxbfocbkqsfdzcfkgmn/Build/Products/Debug -Isystem /Applications/Xcode.app/Contents/Developer/Platforms/MacOSX.platform/Developer/usr/lib -F /Users/rogerlin/Library/Developer/Xcode/DerivedData/FinancialCalculatorKit-ackorybalcxbfocbkqsfdzcfkgmn/Build/Products/Debug -F /Applications/Xcode.app/Contents/Developer/Platforms/MacOSX.platform/Developer/Library/Frameworks -no-color-diagnostics -Xcc -fno-color-diagnostics -enable-testing -g -debug-info-format\=dwarf -dwarf-version\=4 -module-cache-path /Users/rogerlin/Library/Developer/Xcode/DerivedData/FinancialCalculatorKit-ackorybalcxbfocbkqsfdzcfkgmn/Build/Intermediates.noindex/SwiftExplicitPrecompiledModules -suppress-warnings -profile-generate -profile-coverage-mapping -swift-version 5 -enforce-exclusivity\=checked -Onone -D SWIFT_PACKAGE -D DEBUG -D SWIFT_MODULE_RESOURCE_BUNDLE_UNAVAILABLE -D Xcode -serialize-debugging-options -const-gather-protocols-file /Users/rogerlin/Library/Developer/Xcode/DerivedData/FinancialCalculatorKit-ackorybalcxbfocbkqsfdzcfkgmn/Build/Intermediates.noindex/BigInt.build/Debug/BigInt.build/Objects-normal/arm64/BigInt_const_extract_protocols.json -enable-experimental-feature DebugDescriptionMacro -empty-abi-descriptor -validate-clang-modules-once -clang-build-session-file /Users/rogerlin/Library/Developer/Xcode/DerivedData/ModuleCache.noindex/Session.modulevalidation -Xcc -working-directory -Xcc /Users/rogerlin/XCode-Projects/FinancialCalculatorKit-5.0-updated-accent-colors/FinancialCalculatorKit.xcodeproj -enable-anonymous-context-mangled-names -file-compilation-dir /Users/rogerlin/XCode-Projects/FinancialCalculatorKit-5.0-updated-accent-colors/FinancialCalculatorKit.xcodeproj -Xcc -D_LIBCPP_HARDENING_MODE\=_LIBCPP_HARDENING_MODE_DEBUG -Xcc -ivfsstatcache -Xcc /Users/rogerlin/Library/Developer/Xcode/DerivedData/SDKStatCaches.noindex/macosx26.1-25B74-3ae1261907bdadc328169391a47051a6.sdkstatcache -Xcc -I/Users/rogerlin/Library/Developer/Xcode/DerivedData/FinancialCalculatorKit-ackorybalcxbfocbkqsfdzcfkgmn/Build/Intermediates.noindex/BigInt.build/Debug/BigInt.build/swift-overrides.hmap -Xcc -I/Users/rogerlin/Library/Developer/Xcode/DerivedData/FinancialCalculatorKit-ackorybalcxbfocbkqsfdzcfkgmn/Build/Products/Debug/include -Xcc -I/Users/rogerlin/Library/Developer/Xcode/DerivedData/FinancialCalculatorKit-ackorybalcxbfocbkqsfdzcfkgmn/Build/Intermediates.noindex/BigInt.build/Debug/BigInt.build/DerivedSources-normal/arm64 -Xcc -I/Users/rogerlin/Library/Developer/Xcode/DerivedData/FinancialCalculatorKit-ackorybalcxbfocbkqsfdzcfkgmn/Build/Intermediates.noindex/BigInt.build/Debug/BigInt.build/DerivedSources/arm64 -Xcc -I/Users/rogerlin/Library/Developer/Xcode/DerivedData/FinancialCalculatorKit-ackorybalcxbfocbkqsfdzcfkgmn/Build/Intermediates.noindex/BigInt.build/Debug/BigInt.build/DerivedSources -Xcc -DSWIFT_PACKAGE -Xcc -DDEBUG\=1 -no-auto-bridging-header-chaining -module-name BigInt -package-name bigint -frontend-parseable-output -disable-clang-spi -target-sdk-version 26.1 -target-sdk-name macosx26.1 -clang-target arm64-apple-macos26.1 -in-process-plugin-server-path /Applications/Xcode.app/Contents/Developer/Toolchains/XcodeDefault.xctoolchain/usr/lib/swift/host/libSwiftInProcPluginServer.dylib -o /Users/rogerlin/Library/Developer/Xcode/DerivedData/FinancialCalculatorKit-ackorybalcxbfocbkqsfdzcfkgmn/Build/Intermediates.noindex/BigInt.build/Debug/BigInt.build/Objects-normal/arm64/BigInt-aa2bbfd0f27768d6f473f619a21b4052.o -index-unit-output-path /BigInt.build/Debug/BigInt.build/Objects-normal/arm64/BigInt-aa2bbfd0f27768d6f473f619a21b4052.o -index-store-path /Users/rogerlin/Library/Developer/Xcode/DerivedData/FinancialCalculatorKit-ackorybalcxbfocbkqsfdzcfkgmn/Index.noindex/DataStore -index-system-modules

SwiftCompile normal arm64 /Users/rogerlin/Library/Developer/Xcode/DerivedData/FinancialCalculatorKit-ackorybalcxbfocbkqsfdzcfkgmn/SourcePackages/checkouts/BigInt/Sources/BigInt/BigInt.swift (in target 'BigInt' from project 'BigInt')
    cd /Users/rogerlin/XCode-Projects/FinancialCalculatorKit-5.0-updated-accent-colors/FinancialCalculatorKit.xcodeproj
    

SwiftDriverJobDiscovery normal arm64 Compiling UInt128.swift (in target 'UInt128' from project 'UInt128')

SwiftEmitModule normal arm64 Emitting\ module\ for\ IssueReporting (in target 'IssueReporting' from project 'xctest-dynamic-overlay')
/Applications/Xcode.app/Contents/Developer/Toolchains/XcodeDefault.xctoolchain/usr/bin/swift-frontend -frontend -emit-module -experimental-skip-non-inlinable-function-bodies-without-types /Users/rogerlin/Library/Developer/Xcode/DerivedData/FinancialCalculatorKit-ackorybalcxbfocbkqsfdzcfkgmn/SourcePackages/checkouts/xctest-dynamic-overlay/Sources/IssueReporting/ErrorReporting.swift /Users/rogerlin/Library/Developer/Xcode/DerivedData/FinancialCalculatorKit-ackorybalcxbfocbkqsfdzcfkgmn/SourcePackages/checkouts/xctest-dynamic-overlay/Sources/IssueReporting/Internal/AppHostWarning.swift /Users/rogerlin/Library/Developer/Xcode/DerivedData/FinancialCalculatorKit-ackorybalcxbfocbkqsfdzcfkgmn/SourcePackages/checkouts/xctest-dynamic-overlay/Sources/IssueReporting/Internal/Deprecations.swift /Users/rogerlin/Library/Developer/Xcode/DerivedData/FinancialCalculatorKit-ackorybalcxbfocbkqsfdzcfkgmn/SourcePackages/checkouts/xctest-dynamic-overlay/Sources/IssueReporting/Internal/FailureObserver.swift /Users/rogerlin/Library/Developer/Xcode/DerivedData/FinancialCalculatorKit-ackorybalcxbfocbkqsfdzcfkgmn/SourcePackages/checkouts/xctest-dynamic-overlay/Sources/IssueReporting/Internal/LockIsolated.swift /Users/rogerlin/Library/Developer/Xcode/DerivedData/FinancialCalculatorKit-ackorybalcxbfocbkqsfdzcfkgmn/SourcePackages/checkouts/xctest-dynamic-overlay/Sources/IssueReporting/Internal/Rethrows.swift /Users/rogerlin/Library/Developer/Xcode/DerivedData/FinancialCalculatorKit-ackorybalcxbfocbkqsfdzcfkgmn/SourcePackages/checkouts/xctest-dynamic-overlay/Sources/IssueReporting/Internal/SwiftTesting.swift /Users/rogerlin/Library/Developer/Xcode/DerivedData/FinancialCalculatorKit-ackorybalcxbfocbkqsfdzcfkgmn/SourcePackages/checkouts/xctest-dynamic-overlay/Sources/IssueReporting/Internal/UncheckedSendable.swift /Users/rogerlin/Library/Developer/Xcode/DerivedData/FinancialCalculatorKit-ackorybalcxbfocbkqsfdzcfkgmn/SourcePackages/checkouts/xctest-dynamic-overlay/Sources/IssueReporting/Internal/Warn.swift /Users/rogerlin/Library/Developer/Xcode/DerivedData/FinancialCalculatorKit-ackorybalcxbfocbkqsfdzcfkgmn/SourcePackages/checkouts/xctest-dynamic-overlay/Sources/IssueReporting/Internal/XCTest.swift /Users/rogerlin/Library/Developer/Xcode/DerivedData/FinancialCalculatorKit-ackorybalcxbfocbkqsfdzcfkgmn/SourcePackages/checkouts/xctest-dynamic-overlay/Sources/IssueReporting/IsTesting.swift /Users/rogerlin/Library/Developer/Xcode/DerivedData/FinancialCalculatorKit-ackorybalcxbfocbkqsfdzcfkgmn/SourcePackages/checkouts/xctest-dynamic-overlay/Sources/IssueReporting/IssueReporter.swift /Users/rogerlin/Library/Developer/Xcode/DerivedData/FinancialCalculatorKit-ackorybalcxbfocbkqsfdzcfkgmn/SourcePackages/checkouts/xctest-dynamic-overlay/Sources/IssueReporting/IssueReporters/BreakpointReporter.swift /Users/rogerlin/Library/Developer/Xcode/DerivedData/FinancialCalculatorKit-ackorybalcxbfocbkqsfdzcfkgmn/SourcePackages/checkouts/xctest-dynamic-overlay/Sources/IssueReporting/IssueReporters/FatalErrorReporter.swift /Users/rogerlin/Library/Developer/Xcode/DerivedData/FinancialCalculatorKit-ackorybalcxbfocbkqsfdzcfkgmn/SourcePackages/checkouts/xctest-dynamic-overlay/Sources/IssueReporting/IssueReporters/RuntimeWarningReporter.swift /Users/rogerlin/Library/Developer/Xcode/DerivedData/FinancialCalculatorKit-ackorybalcxbfocbkqsfdzcfkgmn/SourcePackages/checkouts/xctest-dynamic-overlay/Sources/IssueReporting/ReportIssue.swift /Users/rogerlin/Library/Developer/Xcode/DerivedData/FinancialCalculatorKit-ackorybalcxbfocbkqsfdzcfkgmn/SourcePackages/checkouts/xctest-dynamic-overlay/Sources/IssueReporting/TestContext.swift /Users/rogerlin/Library/Developer/Xcode/DerivedData/FinancialCalculatorKit-ackorybalcxbfocbkqsfdzcfkgmn/SourcePackages/checkouts/xctest-dynamic-overlay/Sources/IssueReporting/Unimplemented.swift /Users/rogerlin/Library/Developer/Xcode/DerivedData/FinancialCalculatorKit-ackorybalcxbfocbkqsfdzcfkgmn/SourcePackages/checkouts/xctest-dynamic-overlay/Sources/IssueReporting/WithExpectedIssue.swift /Users/rogerlin/Library/Developer/Xcode/DerivedData/FinancialCalculatorKit-ackorybalcxbfocbkqsfdzcfkgmn/SourcePackages/checkouts/xctest-dynamic-overlay/Sources/IssueReporting/WithIssueContext.swift -target arm64-apple-macos10.15 -module-can-import-version Darwin 347.40.2 0 -module-can-import-version os 1076.40.2 0 -load-resolved-plugin /Applications/Xcode.app/Contents/Developer/Platforms/MacOSX.platform/Developer/usr/lib/swift/host/plugins/libFoundationMacros.dylib\#/Applications/Xcode.app/Contents/Developer/Platforms/MacOSX.platform/Developer/usr/bin/swift-plugin-server\#FoundationMacros -load-resolved-plugin /Applications/Xcode.app/Contents/Developer/Platforms/MacOSX.platform/Developer/usr/lib/swift/host/plugins/libObservationMacros.dylib\#/Applications/Xcode.app/Contents/Developer/Platforms/MacOSX.platform/Developer/usr/bin/swift-plugin-server\#ObservationMacros -load-resolved-plugin /Applications/Xcode.app/Contents/Developer/Platforms/MacOSX.platform/Developer/usr/lib/swift/host/plugins/libSwiftMacros.dylib\#/Applications/Xcode.app/Contents/Developer/Platforms/MacOSX.platform/Developer/usr/bin/swift-plugin-server\#SwiftMacros -disable-implicit-swift-modules -Xcc -fno-implicit-modules -Xcc -fno-implicit-module-maps -explicit-swift-module-map-file /Users/rogerlin/Library/Developer/Xcode/DerivedData/FinancialCalculatorKit-ackorybalcxbfocbkqsfdzcfkgmn/Build/Intermediates.noindex/xctest-dynamic-overlay.build/Debug/IssueReporting.build/Objects-normal/arm64/IssueReporting-dependencies-1.json -Xllvm -aarch64-use-tbi -enable-objc-interop -stack-check -sdk /Applications/Xcode.app/Contents/Developer/Platforms/MacOSX.platform/Developer/SDKs/MacOSX26.1.sdk -I /Users/rogerlin/Library/Developer/Xcode/DerivedData/FinancialCalculatorKit-ackorybalcxbfocbkqsfdzcfkgmn/Build/Products/Debug -Isystem /Applications/Xcode.app/Contents/Developer/Platforms/MacOSX.platform/Developer/usr/lib -F /Users/rogerlin/Library/Developer/Xcode/DerivedData/FinancialCalculatorKit-ackorybalcxbfocbkqsfdzcfkgmn/Build/Products/Debug -F /Applications/Xcode.app/Contents/Developer/Platforms/MacOSX.platform/Developer/Library/Frameworks -no-color-diagnostics -Xcc -fno-color-diagnostics -enable-testing -g -debug-info-format\=dwarf -dwarf-version\=4 -module-cache-path /Users/rogerlin/Library/Developer/Xcode/DerivedData/FinancialCalculatorKit-ackorybalcxbfocbkqsfdzcfkgmn/Build/Intermediates.noindex/SwiftExplicitPrecompiledModules -suppress-warnings -profile-generate -profile-coverage-mapping -swift-version 6 -enforce-exclusivity\=checked -Onone -D SWIFT_PACKAGE -D DEBUG -D SWIFT_MODULE_RESOURCE_BUNDLE_UNAVAILABLE -D Xcode -serialize-debugging-options -const-gather-protocols-file /Users/rogerlin/Library/Developer/Xcode/DerivedData/FinancialCalculatorKit-ackorybalcxbfocbkqsfdzcfkgmn/Build/Intermediates.noindex/xctest-dynamic-overlay.build/Debug/IssueReporting.build/Objects-normal/arm64/IssueReporting_const_extract_protocols.json -enable-experimental-feature DebugDescriptionMacro -empty-abi-descriptor -user-module-version 1.5.2 -validate-clang-modules-once -clang-build-session-file /Users/rogerlin/Library/Developer/Xcode/DerivedData/ModuleCache.noindex/Session.modulevalidation -Xcc -working-directory -Xcc /Users/rogerlin/XCode-Projects/FinancialCalculatorKit-5.0-updated-accent-colors/FinancialCalculatorKit.xcodeproj -enable-anonymous-context-mangled-names -file-compilation-dir /Users/rogerlin/XCode-Projects/FinancialCalculatorKit-5.0-updated-accent-colors/FinancialCalculatorKit.xcodeproj -Xcc -D_LIBCPP_HARDENING_MODE\=_LIBCPP_HARDENING_MODE_DEBUG -Xcc -ivfsstatcache -Xcc /Users/rogerlin/Library/Developer/Xcode/DerivedData/SDKStatCaches.noindex/macosx26.1-25B74-3ae1261907bdadc328169391a47051a6.sdkstatcache -Xcc -I/Users/rogerlin/Library/Developer/Xcode/DerivedData/FinancialCalculatorKit-ackorybalcxbfocbkqsfdzcfkgmn/Build/Intermediates.noindex/xctest-dynamic-overlay.build/Debug/IssueReporting.build/swift-overrides.hmap -Xcc -I/Users/rogerlin/Library/Developer/Xcode/DerivedData/FinancialCalculatorKit-ackorybalcxbfocbkqsfdzcfkgmn/Build/Products/Debug/include -Xcc -I/Users/rogerlin/Library/Developer/Xcode/DerivedData/FinancialCalculatorKit-ackorybalcxbfocbkqsfdzcfkgmn/Build/Intermediates.noindex/xctest-dynamic-overlay.build/Debug/IssueReporting.build/DerivedSources-normal/arm64 -Xcc -I/Users/rogerlin/Library/Developer/Xcode/DerivedData/FinancialCalculatorKit-ackorybalcxbfocbkqsfdzcfkgmn/Build/Intermediates.noindex/xctest-dynamic-overlay.build/Debug/IssueReporting.build/DerivedSources/arm64 -Xcc -I/Users/rogerlin/Library/Developer/Xcode/DerivedData/FinancialCalculatorKit-ackorybalcxbfocbkqsfdzcfkgmn/Build/Intermediates.noindex/xctest-dynamic-overlay.build/Debug/IssueReporting.build/DerivedSources -Xcc -DSWIFT_PACKAGE -Xcc -DDEBUG\=1 -no-auto-bridging-header-chaining -module-name IssueReporting -package-name xctest_dynamic_overlay -frontend-parseable-output -disable-clang-spi -target-sdk-version 26.1 -target-sdk-name macosx26.1 -clang-target arm64-apple-macos26.1 -in-process-plugin-server-path /Applications/Xcode.app/Contents/Developer/Toolchains/XcodeDefault.xctoolchain/usr/lib/swift/host/libSwiftInProcPluginServer.dylib -emit-module-doc-path /Users/rogerlin/Library/Developer/Xcode/DerivedData/FinancialCalculatorKit-ackorybalcxbfocbkqsfdzcfkgmn/Build/Intermediates.noindex/xctest-dynamic-overlay.build/Debug/IssueReporting.build/Objects-normal/arm64/IssueReporting.swiftdoc -emit-module-source-info-path /Users/rogerlin/Library/Developer/Xcode/DerivedData/FinancialCalculatorKit-ackorybalcxbfocbkqsfdzcfkgmn/Build/Intermediates.noindex/xctest-dynamic-overlay.build/Debug/IssueReporting.build/Objects-normal/arm64/IssueReporting.swiftsourceinfo -emit-objc-header-path /Users/rogerlin/Library/Developer/Xcode/DerivedData/FinancialCalculatorKit-ackorybalcxbfocbkqsfdzcfkgmn/Build/Intermediates.noindex/xctest-dynamic-overlay.build/Debug/IssueReporting.build/Objects-normal/arm64/IssueReporting-Swift.h -serialize-diagnostics-path /Users/rogerlin/Library/Developer/Xcode/DerivedData/FinancialCalculatorKit-ackorybalcxbfocbkqsfdzcfkgmn/Build/Intermediates.noindex/xctest-dynamic-overlay.build/Debug/IssueReporting.build/Objects-normal/arm64/IssueReporting-primary-emit-module.dia -emit-dependencies-path /Users/rogerlin/Library/Developer/Xcode/DerivedData/FinancialCalculatorKit-ackorybalcxbfocbkqsfdzcfkgmn/Build/Intermediates.noindex/xctest-dynamic-overlay.build/Debug/IssueReporting.build/Objects-normal/arm64/IssueReporting-primary-emit-module.d -o /Users/rogerlin/Library/Developer/Xcode/DerivedData/FinancialCalculatorKit-ackorybalcxbfocbkqsfdzcfkgmn/Build/Intermediates.noindex/xctest-dynamic-overlay.build/Debug/IssueReporting.build/Objects-normal/arm64/IssueReporting.swiftmodule -emit-abi-descriptor-path /Users/rogerlin/Library/Developer/Xcode/DerivedData/FinancialCalculatorKit-ackorybalcxbfocbkqsfdzcfkgmn/Build/Intermediates.noindex/xctest-dynamic-overlay.build/Debug/IssueReporting.build/Objects-normal/arm64/IssueReporting.abi.json

EmitSwiftModule normal arm64 (in target 'IssueReporting' from project 'xctest-dynamic-overlay')
    cd /Users/rogerlin/XCode-Projects/FinancialCalculatorKit-5.0-updated-accent-colors/FinancialCalculatorKit.xcodeproj
    

SwiftEmitModule normal arm64 Emitting\ module\ for\ SwiftDrawDOM (in target 'SwiftDrawDOM' from project 'SwiftDraw')
/Applications/Xcode.app/Contents/Developer/Toolchains/XcodeDefault.xctoolchain/usr/bin/swift-frontend -frontend -emit-module -experimental-skip-non-inlinable-function-bodies-without-types /Users/rogerlin/Library/Developer/Xcode/DerivedData/FinancialCalculatorKit-ackorybalcxbfocbkqsfdzcfkgmn/SourcePackages/checkouts/SwiftDraw/DOM/Sources/DOM+Extensions.swift /Users/rogerlin/Library/Developer/Xcode/DerivedData/FinancialCalculatorKit-ackorybalcxbfocbkqsfdzcfkgmn/SourcePackages/checkouts/SwiftDraw/DOM/Sources/DOM.Color.swift /Users/rogerlin/Library/Developer/Xcode/DerivedData/FinancialCalculatorKit-ackorybalcxbfocbkqsfdzcfkgmn/SourcePackages/checkouts/SwiftDraw/DOM/Sources/DOM.Element.swift /Users/rogerlin/Library/Developer/Xcode/DerivedData/FinancialCalculatorKit-ackorybalcxbfocbkqsfdzcfkgmn/SourcePackages/checkouts/SwiftDraw/DOM/Sources/DOM.Filter.swift /Users/rogerlin/Library/Developer/Xcode/DerivedData/FinancialCalculatorKit-ackorybalcxbfocbkqsfdzcfkgmn/SourcePackages/checkouts/SwiftDraw/DOM/Sources/DOM.Image.swift /Users/rogerlin/Library/Developer/Xcode/DerivedData/FinancialCalculatorKit-ackorybalcxbfocbkqsfdzcfkgmn/SourcePackages/checkouts/SwiftDraw/DOM/Sources/DOM.LinearGradient.swift /Users/rogerlin/Library/Developer/Xcode/DerivedData/FinancialCalculatorKit-ackorybalcxbfocbkqsfdzcfkgmn/SourcePackages/checkouts/SwiftDraw/DOM/Sources/DOM.Path.swift /Users/rogerlin/Library/Developer/Xcode/DerivedData/FinancialCalculatorKit-ackorybalcxbfocbkqsfdzcfkgmn/SourcePackages/checkouts/SwiftDraw/DOM/Sources/DOM.Pattern.swift /Users/rogerlin/Library/Developer/Xcode/DerivedData/FinancialCalculatorKit-ackorybalcxbfocbkqsfdzcfkgmn/SourcePackages/checkouts/SwiftDraw/DOM/Sources/DOM.PresentationAttributes.swift /Users/rogerlin/Library/Developer/Xcode/DerivedData/FinancialCalculatorKit-ackorybalcxbfocbkqsfdzcfkgmn/SourcePackages/checkouts/SwiftDraw/DOM/Sources/DOM.RadialGradient.swift /Users/rogerlin/Library/Developer/Xcode/DerivedData/FinancialCalculatorKit-ackorybalcxbfocbkqsfdzcfkgmn/SourcePackages/checkouts/SwiftDraw/DOM/Sources/DOM.SVG+Parse.swift /Users/rogerlin/Library/Developer/Xcode/DerivedData/FinancialCalculatorKit-ackorybalcxbfocbkqsfdzcfkgmn/SourcePackages/checkouts/SwiftDraw/DOM/Sources/DOM.SVG.swift /Users/rogerlin/Library/Developer/Xcode/DerivedData/FinancialCalculatorKit-ackorybalcxbfocbkqsfdzcfkgmn/SourcePackages/checkouts/SwiftDraw/DOM/Sources/DOM.Switch.swift /Users/rogerlin/Library/Developer/Xcode/DerivedData/FinancialCalculatorKit-ackorybalcxbfocbkqsfdzcfkgmn/SourcePackages/checkouts/SwiftDraw/DOM/Sources/DOM.Text.swift /Users/rogerlin/Library/Developer/Xcode/DerivedData/FinancialCalculatorKit-ackorybalcxbfocbkqsfdzcfkgmn/SourcePackages/checkouts/SwiftDraw/DOM/Sources/DOM.Use.swift /Users/rogerlin/Library/Developer/Xcode/DerivedData/FinancialCalculatorKit-ackorybalcxbfocbkqsfdzcfkgmn/SourcePackages/checkouts/SwiftDraw/DOM/Sources/DOM.swift /Users/rogerlin/Library/Developer/Xcode/DerivedData/FinancialCalculatorKit-ackorybalcxbfocbkqsfdzcfkgmn/SourcePackages/checkouts/SwiftDraw/DOM/Sources/Parser.XML.Attributes.swift /Users/rogerlin/Library/Developer/Xcode/DerivedData/FinancialCalculatorKit-ackorybalcxbfocbkqsfdzcfkgmn/SourcePackages/checkouts/SwiftDraw/DOM/Sources/Parser.XML.Color.swift /Users/rogerlin/Library/Developer/Xcode/DerivedData/FinancialCalculatorKit-ackorybalcxbfocbkqsfdzcfkgmn/SourcePackages/checkouts/SwiftDraw/DOM/Sources/Parser.XML.Element.swift /Users/rogerlin/Library/Developer/Xcode/DerivedData/FinancialCalculatorKit-ackorybalcxbfocbkqsfdzcfkgmn/SourcePackages/checkouts/SwiftDraw/DOM/Sources/Parser.XML.Filter.swift /Users/rogerlin/Library/Developer/Xcode/DerivedData/FinancialCalculatorKit-ackorybalcxbfocbkqsfdzcfkgmn/SourcePackages/checkouts/SwiftDraw/DOM/Sources/Parser.XML.Image.swift /Users/rogerlin/Library/Developer/Xcode/DerivedData/FinancialCalculatorKit-ackorybalcxbfocbkqsfdzcfkgmn/SourcePackages/checkouts/SwiftDraw/DOM/Sources/Parser.XML.LinearGradient.swift /Users/rogerlin/Library/Developer/Xcode/DerivedData/FinancialCalculatorKit-ackorybalcxbfocbkqsfdzcfkgmn/SourcePackages/checkouts/SwiftDraw/DOM/Sources/Parser.XML.Path.swift /Users/rogerlin/Library/Developer/Xcode/DerivedData/FinancialCalculatorKit-ackorybalcxbfocbkqsfdzcfkgmn/SourcePackages/checkouts/SwiftDraw/DOM/Sources/Parser.XML.Pattern.swift /Users/rogerlin/Library/Developer/Xcode/DerivedData/FinancialCalculatorKit-ackorybalcxbfocbkqsfdzcfkgmn/SourcePackages/checkouts/SwiftDraw/DOM/Sources/Parser.XML.RadialGradient.swift /Users/rogerlin/Library/Developer/Xcode/DerivedData/FinancialCalculatorKit-ackorybalcxbfocbkqsfdzcfkgmn/SourcePackages/checkouts/SwiftDraw/DOM/Sources/Parser.XML.SVG.swift /Users/rogerlin/Library/Developer/Xcode/DerivedData/FinancialCalculatorKit-ackorybalcxbfocbkqsfdzcfkgmn/SourcePackages/checkouts/SwiftDraw/DOM/Sources/Parser.XML.Scanner.swift /Users/rogerlin/Library/Developer/Xcode/DerivedData/FinancialCalculatorKit-ackorybalcxbfocbkqsfdzcfkgmn/SourcePackages/checkouts/SwiftDraw/DOM/Sources/Parser.XML.StyleSheet.swift /Users/rogerlin/Library/Developer/Xcode/DerivedData/FinancialCalculatorKit-ackorybalcxbfocbkqsfdzcfkgmn/SourcePackages/checkouts/SwiftDraw/DOM/Sources/Parser.XML.Text.swift /Users/rogerlin/Library/Developer/Xcode/DerivedData/FinancialCalculatorKit-ackorybalcxbfocbkqsfdzcfkgmn/SourcePackages/checkouts/SwiftDraw/DOM/Sources/Parser.XML.Transform.swift /Users/rogerlin/Library/Developer/Xcode/DerivedData/FinancialCalculatorKit-ackorybalcxbfocbkqsfdzcfkgmn/SourcePackages/checkouts/SwiftDraw/DOM/Sources/Parser.XML.Use.swift /Users/rogerlin/Library/Developer/Xcode/DerivedData/FinancialCalculatorKit-ackorybalcxbfocbkqsfdzcfkgmn/SourcePackages/checkouts/SwiftDraw/DOM/Sources/Parser.XML.swift /Users/rogerlin/Library/Developer/Xcode/DerivedData/FinancialCalculatorKit-ackorybalcxbfocbkqsfdzcfkgmn/SourcePackages/checkouts/SwiftDraw/DOM/Sources/TextOutputStream+StandardError.swift /Users/rogerlin/Library/Developer/Xcode/DerivedData/FinancialCalculatorKit-ackorybalcxbfocbkqsfdzcfkgmn/SourcePackages/checkouts/SwiftDraw/DOM/Sources/URL+Data.swift /Users/rogerlin/Library/Developer/Xcode/DerivedData/FinancialCalculatorKit-ackorybalcxbfocbkqsfdzcfkgmn/SourcePackages/checkouts/SwiftDraw/DOM/Sources/URL+Fragment.swift /Users/rogerlin/Library/Developer/Xcode/DerivedData/FinancialCalculatorKit-ackorybalcxbfocbkqsfdzcfkgmn/SourcePackages/checkouts/SwiftDraw/DOM/Sources/XML.Element.swift /Users/rogerlin/Library/Developer/Xcode/DerivedData/FinancialCalculatorKit-ackorybalcxbfocbkqsfdzcfkgmn/SourcePackages/checkouts/SwiftDraw/DOM/Sources/XML.SAXParser.swift -target arm64-apple-macos10.15 -module-can-import-version Darwin 347.40.2 0 -load-resolved-plugin /Applications/Xcode.app/Contents/Developer/Platforms/MacOSX.platform/Developer/usr/lib/swift/host/plugins/libFoundationMacros.dylib\#/Applications/Xcode.app/Contents/Developer/Platforms/MacOSX.platform/Developer/usr/bin/swift-plugin-server\#FoundationMacros -load-resolved-plugin /Applications/Xcode.app/Contents/Developer/Platforms/MacOSX.platform/Developer/usr/lib/swift/host/plugins/libObservationMacros.dylib\#/Applications/Xcode.app/Contents/Developer/Platforms/MacOSX.platform/Developer/usr/bin/swift-plugin-server\#ObservationMacros -load-resolved-plugin /Applications/Xcode.app/Contents/Developer/Platforms/MacOSX.platform/Developer/usr/lib/swift/host/plugins/libSwiftMacros.dylib\#/Applications/Xcode.app/Contents/Developer/Platforms/MacOSX.platform/Developer/usr/bin/swift-plugin-server\#SwiftMacros -disable-implicit-swift-modules -Xcc -fno-implicit-modules -Xcc -fno-implicit-module-maps -explicit-swift-module-map-file /Users/rogerlin/Library/Developer/Xcode/DerivedData/FinancialCalculatorKit-ackorybalcxbfocbkqsfdzcfkgmn/Build/Intermediates.noindex/SwiftDraw.build/Debug/SwiftDrawDOM.build/Objects-normal/arm64/SwiftDrawDOM-dependencies-1.json -Xllvm -aarch64-use-tbi -enable-objc-interop -stack-check -sdk /Applications/Xcode.app/Contents/Developer/Platforms/MacOSX.platform/Developer/SDKs/MacOSX26.1.sdk -I /Users/rogerlin/Library/Developer/Xcode/DerivedData/FinancialCalculatorKit-ackorybalcxbfocbkqsfdzcfkgmn/Build/Products/Debug -Isystem /Applications/Xcode.app/Contents/Developer/Platforms/MacOSX.platform/Developer/usr/lib -F /Users/rogerlin/Library/Developer/Xcode/DerivedData/FinancialCalculatorKit-ackorybalcxbfocbkqsfdzcfkgmn/Build/Products/Debug -F /Applications/Xcode.app/Contents/Developer/Platforms/MacOSX.platform/Developer/Library/Frameworks -no-color-diagnostics -Xcc -fno-color-diagnostics -enable-testing -g -debug-info-format\=dwarf -dwarf-version\=4 -module-cache-path /Users/rogerlin/Library/Developer/Xcode/DerivedData/FinancialCalculatorKit-ackorybalcxbfocbkqsfdzcfkgmn/Build/Intermediates.noindex/SwiftExplicitPrecompiledModules -suppress-warnings -profile-generate -profile-coverage-mapping -swift-version 6 -enforce-exclusivity\=checked -Onone -D SWIFT_PACKAGE -D DEBUG -D SWIFT_MODULE_RESOURCE_BUNDLE_UNAVAILABLE -D Xcode -serialize-debugging-options -const-gather-protocols-file /Users/rogerlin/Library/Developer/Xcode/DerivedData/FinancialCalculatorKit-ackorybalcxbfocbkqsfdzcfkgmn/Build/Intermediates.noindex/SwiftDraw.build/Debug/SwiftDrawDOM.build/Objects-normal/arm64/SwiftDrawDOM_const_extract_protocols.json -enable-experimental-feature DebugDescriptionMacro -empty-abi-descriptor -user-module-version 0.22.0 -validate-clang-modules-once -clang-build-session-file /Users/rogerlin/Library/Developer/Xcode/DerivedData/ModuleCache.noindex/Session.modulevalidation -Xcc -working-directory -Xcc /Users/rogerlin/XCode-Projects/FinancialCalculatorKit-5.0-updated-accent-colors/FinancialCalculatorKit.xcodeproj -enable-anonymous-context-mangled-names -file-compilation-dir /Users/rogerlin/XCode-Projects/FinancialCalculatorKit-5.0-updated-accent-colors/FinancialCalculatorKit.xcodeproj -Xcc -D_LIBCPP_HARDENING_MODE\=_LIBCPP_HARDENING_MODE_DEBUG -Xcc -ivfsstatcache -Xcc /Users/rogerlin/Library/Developer/Xcode/DerivedData/SDKStatCaches.noindex/macosx26.1-25B74-3ae1261907bdadc328169391a47051a6.sdkstatcache -Xcc -I/Users/rogerlin/Library/Developer/Xcode/DerivedData/FinancialCalculatorKit-ackorybalcxbfocbkqsfdzcfkgmn/Build/Intermediates.noindex/SwiftDraw.build/Debug/SwiftDrawDOM.build/swift-overrides.hmap -Xcc -I/Users/rogerlin/Library/Developer/Xcode/DerivedData/FinancialCalculatorKit-ackorybalcxbfocbkqsfdzcfkgmn/Build/Products/Debug/include -Xcc -I/Users/rogerlin/Library/Developer/Xcode/DerivedData/FinancialCalculatorKit-ackorybalcxbfocbkqsfdzcfkgmn/Build/Intermediates.noindex/SwiftDraw.build/Debug/SwiftDrawDOM.build/DerivedSources-normal/arm64 -Xcc -I/Users/rogerlin/Library/Developer/Xcode/DerivedData/FinancialCalculatorKit-ackorybalcxbfocbkqsfdzcfkgmn/Build/Intermediates.noindex/SwiftDraw.build/Debug/SwiftDrawDOM.build/DerivedSources/arm64 -Xcc -I/Users/rogerlin/Library/Developer/Xcode/DerivedData/FinancialCalculatorKit-ackorybalcxbfocbkqsfdzcfkgmn/Build/Intermediates.noindex/SwiftDraw.build/Debug/SwiftDrawDOM.build/DerivedSources -Xcc -DSWIFT_PACKAGE -Xcc -DDEBUG\=1 -no-auto-bridging-header-chaining -module-name SwiftDrawDOM -package-name swiftdraw -frontend-parseable-output -disable-clang-spi -target-sdk-version 26.1 -target-sdk-name macosx26.1 -clang-target arm64-apple-macos26.1 -in-process-plugin-server-path /Applications/Xcode.app/Contents/Developer/Toolchains/XcodeDefault.xctoolchain/usr/lib/swift/host/libSwiftInProcPluginServer.dylib -emit-module-doc-path /Users/rogerlin/Library/Developer/Xcode/DerivedData/FinancialCalculatorKit-ackorybalcxbfocbkqsfdzcfkgmn/Build/Intermediates.noindex/SwiftDraw.build/Debug/SwiftDrawDOM.build/Objects-normal/arm64/SwiftDrawDOM.swiftdoc -emit-module-source-info-path /Users/rogerlin/Library/Developer/Xcode/DerivedData/FinancialCalculatorKit-ackorybalcxbfocbkqsfdzcfkgmn/Build/Intermediates.noindex/SwiftDraw.build/Debug/SwiftDrawDOM.build/Objects-normal/arm64/SwiftDrawDOM.swiftsourceinfo -emit-objc-header-path /Users/rogerlin/Library/Developer/Xcode/DerivedData/FinancialCalculatorKit-ackorybalcxbfocbkqsfdzcfkgmn/Build/Intermediates.noindex/SwiftDraw.build/Debug/SwiftDrawDOM.build/Objects-normal/arm64/SwiftDrawDOM-Swift.h -serialize-diagnostics-path /Users/rogerlin/Library/Developer/Xcode/DerivedData/FinancialCalculatorKit-ackorybalcxbfocbkqsfdzcfkgmn/Build/Intermediates.noindex/SwiftDraw.build/Debug/SwiftDrawDOM.build/Objects-normal/arm64/SwiftDrawDOM-primary-emit-module.dia -emit-dependencies-path /Users/rogerlin/Library/Developer/Xcode/DerivedData/FinancialCalculatorKit-ackorybalcxbfocbkqsfdzcfkgmn/Build/Intermediates.noindex/SwiftDraw.build/Debug/SwiftDrawDOM.build/Objects-normal/arm64/SwiftDrawDOM-primary-emit-module.d -o /Users/rogerlin/Library/Developer/Xcode/DerivedData/FinancialCalculatorKit-ackorybalcxbfocbkqsfdzcfkgmn/Build/Intermediates.noindex/SwiftDraw.build/Debug/SwiftDrawDOM.build/Objects-normal/arm64/SwiftDrawDOM.swiftmodule -emit-abi-descriptor-path /Users/rogerlin/Library/Developer/Xcode/DerivedData/FinancialCalculatorKit-ackorybalcxbfocbkqsfdzcfkgmn/Build/Intermediates.noindex/SwiftDraw.build/Debug/SwiftDrawDOM.build/Objects-normal/arm64/SwiftDrawDOM.abi.json

EmitSwiftModule normal arm64 (in target 'SwiftDrawDOM' from project 'SwiftDraw')
    cd /Users/rogerlin/XCode-Projects/FinancialCalculatorKit-5.0-updated-accent-colors/FinancialCalculatorKit.xcodeproj
    

SwiftEmitModule normal arm64 Emitting\ module\ for\ MathJaxSwift (in target 'MathJaxSwift' from project 'MathJaxSwift')
/Applications/Xcode.app/Contents/Developer/Toolchains/XcodeDefault.xctoolchain/usr/bin/swift-frontend -frontend -emit-module -experimental-skip-non-inlinable-function-bodies-without-types /Users/rogerlin/Library/Developer/Xcode/DerivedData/FinancialCalculatorKit-ackorybalcxbfocbkqsfdzcfkgmn/Build/Intermediates.noindex/MathJaxSwift.build/Debug/MathJaxSwift.build/DerivedSources/resource_bundle_accessor.swift /Users/rogerlin/Library/Developer/Xcode/DerivedData/FinancialCalculatorKit-ackorybalcxbfocbkqsfdzcfkgmn/SourcePackages/checkouts/MathJaxSwift/Sources/MathJaxSwift/Conversions/AM/AM2CHTML.swift /Users/rogerlin/Library/Developer/Xcode/DerivedData/FinancialCalculatorKit-ackorybalcxbfocbkqsfdzcfkgmn/SourcePackages/checkouts/MathJaxSwift/Sources/MathJaxSwift/Conversions/AM/AM2MML.swift /Users/rogerlin/Library/Developer/Xcode/DerivedData/FinancialCalculatorKit-ackorybalcxbfocbkqsfdzcfkgmn/SourcePackages/checkouts/MathJaxSwift/Sources/MathJaxSwift/Conversions/MML/MML2CHTML.swift /Users/rogerlin/Library/Developer/Xcode/DerivedData/FinancialCalculatorKit-ackorybalcxbfocbkqsfdzcfkgmn/SourcePackages/checkouts/MathJaxSwift/Sources/MathJaxSwift/Conversions/MML/MML2SVG.swift /Users/rogerlin/Library/Developer/Xcode/DerivedData/FinancialCalculatorKit-ackorybalcxbfocbkqsfdzcfkgmn/SourcePackages/checkouts/MathJaxSwift/Sources/MathJaxSwift/Conversions/TeX/TeX2CHTML.swift /Users/rogerlin/Library/Developer/Xcode/DerivedData/FinancialCalculatorKit-ackorybalcxbfocbkqsfdzcfkgmn/SourcePackages/checkouts/MathJaxSwift/Sources/MathJaxSwift/Conversions/TeX/TeX2MML.swift /Users/rogerlin/Library/Developer/Xcode/DerivedData/FinancialCalculatorKit-ackorybalcxbfocbkqsfdzcfkgmn/SourcePackages/checkouts/MathJaxSwift/Sources/MathJaxSwift/Conversions/TeX/TeX2SVG.swift /Users/rogerlin/Library/Developer/Xcode/DerivedData/FinancialCalculatorKit-ackorybalcxbfocbkqsfdzcfkgmn/SourcePackages/checkouts/MathJaxSwift/Sources/MathJaxSwift/Internal/Constants.swift /Users/rogerlin/Library/Developer/Xcode/DerivedData/FinancialCalculatorKit-ackorybalcxbfocbkqsfdzcfkgmn/SourcePackages/checkouts/MathJaxSwift/Sources/MathJaxSwift/Internal/Function.swift /Users/rogerlin/Library/Developer/Xcode/DerivedData/FinancialCalculatorKit-ackorybalcxbfocbkqsfdzcfkgmn/SourcePackages/checkouts/MathJaxSwift/Sources/MathJaxSwift/Internal/MathJaxError.swift /Users/rogerlin/Library/Developer/Xcode/DerivedData/FinancialCalculatorKit-ackorybalcxbfocbkqsfdzcfkgmn/SourcePackages/checkouts/MathJaxSwift/Sources/MathJaxSwift/Internal/PackageLock.swift /Users/rogerlin/Library/Developer/Xcode/DerivedData/FinancialCalculatorKit-ackorybalcxbfocbkqsfdzcfkgmn/SourcePackages/checkouts/MathJaxSwift/Sources/MathJaxSwift/Internal/Parsing/HTMLParser.swift /Users/rogerlin/Library/Developer/Xcode/DerivedData/FinancialCalculatorKit-ackorybalcxbfocbkqsfdzcfkgmn/SourcePackages/checkouts/MathJaxSwift/Sources/MathJaxSwift/Internal/Parsing/MMLParser.swift /Users/rogerlin/Library/Developer/Xcode/DerivedData/FinancialCalculatorKit-ackorybalcxbfocbkqsfdzcfkgmn/SourcePackages/checkouts/MathJaxSwift/Sources/MathJaxSwift/Internal/Parsing/Parser.swift /Users/rogerlin/Library/Developer/Xcode/DerivedData/FinancialCalculatorKit-ackorybalcxbfocbkqsfdzcfkgmn/SourcePackages/checkouts/MathJaxSwift/Sources/MathJaxSwift/Internal/Parsing/SVGParser.swift /Users/rogerlin/Library/Developer/Xcode/DerivedData/FinancialCalculatorKit-ackorybalcxbfocbkqsfdzcfkgmn/SourcePackages/checkouts/MathJaxSwift/Sources/MathJaxSwift/MathJax.swift /Users/rogerlin/Library/Developer/Xcode/DerivedData/FinancialCalculatorKit-ackorybalcxbfocbkqsfdzcfkgmn/SourcePackages/checkouts/MathJaxSwift/Sources/MathJaxSwift/Options/ConversionOptions.swift /Users/rogerlin/Library/Developer/Xcode/DerivedData/FinancialCalculatorKit-ackorybalcxbfocbkqsfdzcfkgmn/SourcePackages/checkouts/MathJaxSwift/Sources/MathJaxSwift/Options/Document/A11YOptions.swift /Users/rogerlin/Library/Developer/Xcode/DerivedData/FinancialCalculatorKit-ackorybalcxbfocbkqsfdzcfkgmn/SourcePackages/checkouts/MathJaxSwift/Sources/MathJaxSwift/Options/Document/DocumentOptions.swift /Users/rogerlin/Library/Developer/Xcode/DerivedData/FinancialCalculatorKit-ackorybalcxbfocbkqsfdzcfkgmn/SourcePackages/checkouts/MathJaxSwift/Sources/MathJaxSwift/Options/Document/Menu/MenuOptions.swift /Users/rogerlin/Library/Developer/Xcode/DerivedData/FinancialCalculatorKit-ackorybalcxbfocbkqsfdzcfkgmn/SourcePackages/checkouts/MathJaxSwift/Sources/MathJaxSwift/Options/Document/Menu/MenuOptionsSettings.swift /Users/rogerlin/Library/Developer/Xcode/DerivedData/FinancialCalculatorKit-ackorybalcxbfocbkqsfdzcfkgmn/SourcePackages/checkouts/MathJaxSwift/Sources/MathJaxSwift/Options/Document/SREOptions.swift /Users/rogerlin/Library/Developer/Xcode/DerivedData/FinancialCalculatorKit-ackorybalcxbfocbkqsfdzcfkgmn/SourcePackages/checkouts/MathJaxSwift/Sources/MathJaxSwift/Options/Document/Safe/AllowOptions.swift /Users/rogerlin/Library/Developer/Xcode/DerivedData/FinancialCalculatorKit-ackorybalcxbfocbkqsfdzcfkgmn/SourcePackages/checkouts/MathJaxSwift/Sources/MathJaxSwift/Options/Document/Safe/SafeOptions.swift /Users/rogerlin/Library/Developer/Xcode/DerivedData/FinancialCalculatorKit-ackorybalcxbfocbkqsfdzcfkgmn/SourcePackages/checkouts/MathJaxSwift/Sources/MathJaxSwift/Options/Document/Safe/SafeProtocols.swift /Users/rogerlin/Library/Developer/Xcode/DerivedData/FinancialCalculatorKit-ackorybalcxbfocbkqsfdzcfkgmn/SourcePackages/checkouts/MathJaxSwift/Sources/MathJaxSwift/Options/Document/Safe/SafeStyles.swift /Users/rogerlin/Library/Developer/Xcode/DerivedData/FinancialCalculatorKit-ackorybalcxbfocbkqsfdzcfkgmn/SourcePackages/checkouts/MathJaxSwift/Sources/MathJaxSwift/Options/Input/AMInputProcessorOptions.swift /Users/rogerlin/Library/Developer/Xcode/DerivedData/FinancialCalculatorKit-ackorybalcxbfocbkqsfdzcfkgmn/SourcePackages/checkouts/MathJaxSwift/Sources/MathJaxSwift/Options/Input/InputProcessorOptions.swift /Users/rogerlin/Library/Developer/Xcode/DerivedData/FinancialCalculatorKit-ackorybalcxbfocbkqsfdzcfkgmn/SourcePackages/checkouts/MathJaxSwift/Sources/MathJaxSwift/Options/Input/MMLInputProcessorOptions.swift /Users/rogerlin/Library/Developer/Xcode/DerivedData/FinancialCalculatorKit-ackorybalcxbfocbkqsfdzcfkgmn/SourcePackages/checkouts/MathJaxSwift/Sources/MathJaxSwift/Options/Input/TeX\ Packages/AMSCDOptions.swift /Users/rogerlin/Library/Developer/Xcode/DerivedData/FinancialCalculatorKit-ackorybalcxbfocbkqsfdzcfkgmn/SourcePackages/checkouts/MathJaxSwift/Sources/MathJaxSwift/Options/Input/TeX\ Packages/AMSOptions.swift /Users/rogerlin/Library/Developer/Xcode/DerivedData/FinancialCalculatorKit-ackorybalcxbfocbkqsfdzcfkgmn/SourcePackages/checkouts/MathJaxSwift/Sources/MathJaxSwift/Options/Input/TeX\ Packages/AutoloadOptions.swift /Users/rogerlin/Library/Developer/Xcode/DerivedData/FinancialCalculatorKit-ackorybalcxbfocbkqsfdzcfkgmn/SourcePackages/checkouts/MathJaxSwift/Sources/MathJaxSwift/Options/Input/TeX\ Packages/ColorOptions.swift /Users/rogerlin/Library/Developer/Xcode/DerivedData/FinancialCalculatorKit-ackorybalcxbfocbkqsfdzcfkgmn/SourcePackages/checkouts/MathJaxSwift/Sources/MathJaxSwift/Options/Input/TeX\ Packages/MathtoolsOptions.swift /Users/rogerlin/Library/Developer/Xcode/DerivedData/FinancialCalculatorKit-ackorybalcxbfocbkqsfdzcfkgmn/SourcePackages/checkouts/MathJaxSwift/Sources/MathJaxSwift/Options/Input/TeX\ Packages/NoundefinedOptions.swift /Users/rogerlin/Library/Developer/Xcode/DerivedData/FinancialCalculatorKit-ackorybalcxbfocbkqsfdzcfkgmn/SourcePackages/checkouts/MathJaxSwift/Sources/MathJaxSwift/Options/Input/TeX\ Packages/PhysicsOptions.swift /Users/rogerlin/Library/Developer/Xcode/DerivedData/FinancialCalculatorKit-ackorybalcxbfocbkqsfdzcfkgmn/SourcePackages/checkouts/MathJaxSwift/Sources/MathJaxSwift/Options/Input/TeX\ Packages/RequireOptions.swift /Users/rogerlin/Library/Developer/Xcode/DerivedData/FinancialCalculatorKit-ackorybalcxbfocbkqsfdzcfkgmn/SourcePackages/checkouts/MathJaxSwift/Sources/MathJaxSwift/Options/Input/TeX\ Packages/SetOptions.swift /Users/rogerlin/Library/Developer/Xcode/DerivedData/FinancialCalculatorKit-ackorybalcxbfocbkqsfdzcfkgmn/SourcePackages/checkouts/MathJaxSwift/Sources/MathJaxSwift/Options/Input/TeX\ Packages/TagFormatOptions.swift /Users/rogerlin/Library/Developer/Xcode/DerivedData/FinancialCalculatorKit-ackorybalcxbfocbkqsfdzcfkgmn/SourcePackages/checkouts/MathJaxSwift/Sources/MathJaxSwift/Options/Input/TeXInputProcessorOptions.swift /Users/rogerlin/Library/Developer/Xcode/DerivedData/FinancialCalculatorKit-ackorybalcxbfocbkqsfdzcfkgmn/SourcePackages/checkouts/MathJaxSwift/Sources/MathJaxSwift/Options/Output/CHTMLOutputProcessorOptions.swift /Users/rogerlin/Library/Developer/Xcode/DerivedData/FinancialCalculatorKit-ackorybalcxbfocbkqsfdzcfkgmn/SourcePackages/checkouts/MathJaxSwift/Sources/MathJaxSwift/Options/Output/OutputProcessorOptions.swift /Users/rogerlin/Library/Developer/Xcode/DerivedData/FinancialCalculatorKit-ackorybalcxbfocbkqsfdzcfkgmn/SourcePackages/checkouts/MathJaxSwift/Sources/MathJaxSwift/Options/Output/SVGOutputProcessorOptions.swift -target arm64-apple-macos10.15 -load-resolved-plugin /Applications/Xcode.app/Contents/Developer/Platforms/MacOSX.platform/Developer/usr/lib/swift/host/plugins/libFoundationMacros.dylib\#/Applications/Xcode.app/Contents/Developer/Platforms/MacOSX.platform/Developer/usr/bin/swift-plugin-server\#FoundationMacros -load-resolved-plugin /Applications/Xcode.app/Contents/Developer/Platforms/MacOSX.platform/Developer/usr/lib/swift/host/plugins/libObservationMacros.dylib\#/Applications/Xcode.app/Contents/Developer/Platforms/MacOSX.platform/Developer/usr/bin/swift-plugin-server\#ObservationMacros -load-resolved-plugin /Applications/Xcode.app/Contents/Developer/Platforms/MacOSX.platform/Developer/usr/lib/swift/host/plugins/libSwiftMacros.dylib\#/Applications/Xcode.app/Contents/Developer/Platforms/MacOSX.platform/Developer/usr/bin/swift-plugin-server\#SwiftMacros -disable-implicit-swift-modules -Xcc -fno-implicit-modules -Xcc -fno-implicit-module-maps -explicit-swift-module-map-file /Users/rogerlin/Library/Developer/Xcode/DerivedData/FinancialCalculatorKit-ackorybalcxbfocbkqsfdzcfkgmn/Build/Intermediates.noindex/MathJaxSwift.build/Debug/MathJaxSwift.build/Objects-normal/arm64/MathJaxSwift-dependencies-1.json -Xllvm -aarch64-use-tbi -enable-objc-interop -stack-check -sdk /Applications/Xcode.app/Contents/Developer/Platforms/MacOSX.platform/Developer/SDKs/MacOSX26.1.sdk -I /Users/rogerlin/Library/Developer/Xcode/DerivedData/FinancialCalculatorKit-ackorybalcxbfocbkqsfdzcfkgmn/Build/Products/Debug -Isystem /Applications/Xcode.app/Contents/Developer/Platforms/MacOSX.platform/Developer/usr/lib -F /Users/rogerlin/Library/Developer/Xcode/DerivedData/FinancialCalculatorKit-ackorybalcxbfocbkqsfdzcfkgmn/Build/Products/Debug -F /Applications/Xcode.app/Contents/Developer/Platforms/MacOSX.platform/Developer/Library/Frameworks -no-color-diagnostics -Xcc -fno-color-diagnostics -enable-testing -g -debug-info-format\=dwarf -dwarf-version\=4 -module-cache-path /Users/rogerlin/Library/Developer/Xcode/DerivedData/FinancialCalculatorKit-ackorybalcxbfocbkqsfdzcfkgmn/Build/Intermediates.noindex/SwiftExplicitPrecompiledModules -suppress-warnings -profile-generate -profile-coverage-mapping -swift-version 5 -enforce-exclusivity\=checked -Onone -D SWIFT_PACKAGE -D DEBUG -D SWIFT_MODULE_RESOURCE_BUNDLE_AVAILABLE -D Xcode -serialize-debugging-options -const-gather-protocols-file /Users/rogerlin/Library/Developer/Xcode/DerivedData/FinancialCalculatorKit-ackorybalcxbfocbkqsfdzcfkgmn/Build/Intermediates.noindex/MathJaxSwift.build/Debug/MathJaxSwift.build/Objects-normal/arm64/MathJaxSwift_const_extract_protocols.json -enable-experimental-feature DebugDescriptionMacro -empty-abi-descriptor -validate-clang-modules-once -clang-build-session-file /Users/rogerlin/Library/Developer/Xcode/DerivedData/ModuleCache.noindex/Session.modulevalidation -Xcc -working-directory -Xcc /Users/rogerlin/XCode-Projects/FinancialCalculatorKit-5.0-updated-accent-colors/FinancialCalculatorKit.xcodeproj -enable-anonymous-context-mangled-names -file-compilation-dir /Users/rogerlin/XCode-Projects/FinancialCalculatorKit-5.0-updated-accent-colors/FinancialCalculatorKit.xcodeproj -Xcc -D_LIBCPP_HARDENING_MODE\=_LIBCPP_HARDENING_MODE_DEBUG -Xcc -ivfsstatcache -Xcc /Users/rogerlin/Library/Developer/Xcode/DerivedData/SDKStatCaches.noindex/macosx26.1-25B74-3ae1261907bdadc328169391a47051a6.sdkstatcache -Xcc -I/Users/rogerlin/Library/Developer/Xcode/DerivedData/FinancialCalculatorKit-ackorybalcxbfocbkqsfdzcfkgmn/Build/Intermediates.noindex/MathJaxSwift.build/Debug/MathJaxSwift.build/swift-overrides.hmap -Xcc -I/Users/rogerlin/Library/Developer/Xcode/DerivedData/FinancialCalculatorKit-ackorybalcxbfocbkqsfdzcfkgmn/Build/Products/Debug/include -Xcc -I/Users/rogerlin/Library/Developer/Xcode/DerivedData/FinancialCalculatorKit-ackorybalcxbfocbkqsfdzcfkgmn/Build/Intermediates.noindex/MathJaxSwift.build/Debug/MathJaxSwift.build/DerivedSources-normal/arm64 -Xcc -I/Users/rogerlin/Library/Developer/Xcode/DerivedData/FinancialCalculatorKit-ackorybalcxbfocbkqsfdzcfkgmn/Build/Intermediates.noindex/MathJaxSwift.build/Debug/MathJaxSwift.build/DerivedSources/arm64 -Xcc -I/Users/rogerlin/Library/Developer/Xcode/DerivedData/FinancialCalculatorKit-ackorybalcxbfocbkqsfdzcfkgmn/Build/Intermediates.noindex/MathJaxSwift.build/Debug/MathJaxSwift.build/DerivedSources -Xcc -DSWIFT_PACKAGE -Xcc -DDEBUG\=1 -no-auto-bridging-header-chaining -module-name MathJaxSwift -frontend-parseable-output -disable-clang-spi -target-sdk-version 26.1 -target-sdk-name macosx26.1 -clang-target arm64-apple-macos26.1 -in-process-plugin-server-path /Applications/Xcode.app/Contents/Developer/Toolchains/XcodeDefault.xctoolchain/usr/lib/swift/host/libSwiftInProcPluginServer.dylib -emit-module-doc-path /Users/rogerlin/Library/Developer/Xcode/DerivedData/FinancialCalculatorKit-ackorybalcxbfocbkqsfdzcfkgmn/Build/Intermediates.noindex/MathJaxSwift.build/Debug/MathJaxSwift.build/Objects-normal/arm64/MathJaxSwift.swiftdoc -emit-module-source-info-path /Users/rogerlin/Library/Developer/Xcode/DerivedData/FinancialCalculatorKit-ackorybalcxbfocbkqsfdzcfkgmn/Build/Intermediates.noindex/MathJaxSwift.build/Debug/MathJaxSwift.build/Objects-normal/arm64/MathJaxSwift.swiftsourceinfo -emit-objc-header-path /Users/rogerlin/Library/Developer/Xcode/DerivedData/FinancialCalculatorKit-ackorybalcxbfocbkqsfdzcfkgmn/Build/Intermediates.noindex/MathJaxSwift.build/Debug/MathJaxSwift.build/Objects-normal/arm64/MathJaxSwift-Swift.h -serialize-diagnostics-path /Users/rogerlin/Library/Developer/Xcode/DerivedData/FinancialCalculatorKit-ackorybalcxbfocbkqsfdzcfkgmn/Build/Intermediates.noindex/MathJaxSwift.build/Debug/MathJaxSwift.build/Objects-normal/arm64/MathJaxSwift-primary-emit-module.dia -emit-dependencies-path /Users/rogerlin/Library/Developer/Xcode/DerivedData/FinancialCalculatorKit-ackorybalcxbfocbkqsfdzcfkgmn/Build/Intermediates.noindex/MathJaxSwift.build/Debug/MathJaxSwift.build/Objects-normal/arm64/MathJaxSwift-primary-emit-module.d -o /Users/rogerlin/Library/Developer/Xcode/DerivedData/FinancialCalculatorKit-ackorybalcxbfocbkqsfdzcfkgmn/Build/Intermediates.noindex/MathJaxSwift.build/Debug/MathJaxSwift.build/Objects-normal/arm64/MathJaxSwift.swiftmodule -emit-abi-descriptor-path /Users/rogerlin/Library/Developer/Xcode/DerivedData/FinancialCalculatorKit-ackorybalcxbfocbkqsfdzcfkgmn/Build/Intermediates.noindex/MathJaxSwift.build/Debug/MathJaxSwift.build/Objects-normal/arm64/MathJaxSwift.abi.json

EmitSwiftModule normal arm64 (in target 'MathJaxSwift' from project 'MathJaxSwift')
    cd /Users/rogerlin/XCode-Projects/FinancialCalculatorKit-5.0-updated-accent-colors/FinancialCalculatorKit.xcodeproj
    

SwiftDriverJobDiscovery normal arm64 Compiling Differentiable.swift (in target 'ComplexModule' from project 'swift-numerics')

SwiftDriver\ Compilation UInt128 normal arm64 com.apple.xcode.tools.swift.compiler (in target 'UInt128' from project 'UInt128')
    cd /Users/rogerlin/XCode-Projects/FinancialCalculatorKit-5.0-updated-accent-colors/FinancialCalculatorKit.xcodeproj
    builtin-Swift-Compilation -- /Applications/Xcode.app/Contents/Developer/Toolchains/XcodeDefault.xctoolchain/usr/bin/swiftc -module-name UInt128 -Onone -enforce-exclusivity\=checked @/Users/rogerlin/Library/Developer/Xcode/DerivedData/FinancialCalculatorKit-ackorybalcxbfocbkqsfdzcfkgmn/Build/Intermediates.noindex/UInt128.build/Debug/UInt128.build/Objects-normal/arm64/UInt128.SwiftFileList -DSWIFT_PACKAGE -DDEBUG -DSWIFT_MODULE_RESOURCE_BUNDLE_UNAVAILABLE -DXcode -plugin-path /Applications/Xcode.app/Contents/Developer/Toolchains/XcodeDefault.xctoolchain/usr/lib/swift/host/plugins/testing -enable-experimental-feature DebugDescriptionMacro -sdk /Applications/Xcode.app/Contents/Developer/Platforms/MacOSX.platform/Developer/SDKs/MacOSX26.1.sdk -target arm64-apple-macos13.3 -g -module-cache-path /Users/rogerlin/Library/Developer/Xcode/DerivedData/ModuleCache.noindex -Xfrontend -serialize-debugging-options -profile-coverage-mapping -profile-generate -enable-testing -suppress-warnings -index-store-path /Users/rogerlin/Library/Developer/Xcode/DerivedData/FinancialCalculatorKit-ackorybalcxbfocbkqsfdzcfkgmn/Index.noindex/DataStore -Xcc -D_LIBCPP_HARDENING_MODE\=_LIBCPP_HARDENING_MODE_DEBUG -swift-version 5 -I /Users/rogerlin/Library/Developer/Xcode/DerivedData/FinancialCalculatorKit-ackorybalcxbfocbkqsfdzcfkgmn/Build/Products/Debug -Isystem /Applications/Xcode.app/Contents/Developer/Platforms/MacOSX.platform/Developer/usr/lib -F /Users/rogerlin/Library/Developer/Xcode/DerivedData/FinancialCalculatorKit-ackorybalcxbfocbkqsfdzcfkgmn/Build/Products/Debug -F /Applications/Xcode.app/Contents/Developer/Platforms/MacOSX.platform/Developer/Library/Frameworks -c -j16 -enable-batch-mode -incremental -Xcc -ivfsstatcache -Xcc /Users/rogerlin/Library/Developer/Xcode/DerivedData/SDKStatCaches.noindex/macosx26.1-25B74-3ae1261907bdadc328169391a47051a6.sdkstatcache -output-file-map /Users/rogerlin/Library/Developer/Xcode/DerivedData/FinancialCalculatorKit-ackorybalcxbfocbkqsfdzcfkgmn/Build/Intermediates.noindex/UInt128.build/Debug/UInt128.build/Objects-normal/arm64/UInt128-OutputFileMap.json -use-frontend-parseable-output -save-temps -no-color-diagnostics -explicit-module-build -module-cache-path /Users/rogerlin/Library/Developer/Xcode/DerivedData/FinancialCalculatorKit-ackorybalcxbfocbkqsfdzcfkgmn/Build/Intermediates.noindex/SwiftExplicitPrecompiledModules -clang-scanner-module-cache-path /Users/rogerlin/Library/Developer/Xcode/DerivedData/ModuleCache.noindex -sdk-module-cache-path /Users/rogerlin/Library/Developer/Xcode/DerivedData/ModuleCache.noindex -serialize-diagnostics -emit-dependencies -emit-module -emit-module-path /Users/rogerlin/Library/Developer/Xcode/DerivedData/FinancialCalculatorKit-ackorybalcxbfocbkqsfdzcfkgmn/Build/Intermediates.noindex/UInt128.build/Debug/UInt128.build/Objects-normal/arm64/UInt128.swiftmodule -validate-clang-modules-once -clang-build-session-file /Users/rogerlin/Library/Developer/Xcode/DerivedData/ModuleCache.noindex/Session.modulevalidation -Xcc -I/Users/rogerlin/Library/Developer/Xcode/DerivedData/FinancialCalculatorKit-ackorybalcxbfocbkqsfdzcfkgmn/Build/Intermediates.noindex/UInt128.build/Debug/UInt128.build/swift-overrides.hmap -emit-const-values -Xfrontend -const-gather-protocols-file -Xfrontend /Users/rogerlin/Library/Developer/Xcode/DerivedData/FinancialCalculatorKit-ackorybalcxbfocbkqsfdzcfkgmn/Build/Intermediates.noindex/UInt128.build/Debug/UInt128.build/Objects-normal/arm64/UInt128_const_extract_protocols.json -Xcc -I/Users/rogerlin/Library/Developer/Xcode/DerivedData/FinancialCalculatorKit-ackorybalcxbfocbkqsfdzcfkgmn/Build/Products/Debug/include -Xcc -I/Users/rogerlin/Library/Developer/Xcode/DerivedData/FinancialCalculatorKit-ackorybalcxbfocbkqsfdzcfkgmn/Build/Intermediates.noindex/UInt128.build/Debug/UInt128.build/DerivedSources-normal/arm64 -Xcc -I/Users/rogerlin/Library/Developer/Xcode/DerivedData/FinancialCalculatorKit-ackorybalcxbfocbkqsfdzcfkgmn/Build/Intermediates.noindex/UInt128.build/Debug/UInt128.build/DerivedSources/arm64 -Xcc -I/Users/rogerlin/Library/Developer/Xcode/DerivedData/FinancialCalculatorKit-ackorybalcxbfocbkqsfdzcfkgmn/Build/Intermediates.noindex/UInt128.build/Debug/UInt128.build/DerivedSources -Xcc -DSWIFT_PACKAGE -Xcc -DDEBUG\=1 -emit-objc-header -emit-objc-header-path /Users/rogerlin/Library/Developer/Xcode/DerivedData/FinancialCalculatorKit-ackorybalcxbfocbkqsfdzcfkgmn/Build/Intermediates.noindex/UInt128.build/Debug/UInt128.build/Objects-normal/arm64/UInt128-Swift.h -working-directory /Users/rogerlin/XCode-Projects/FinancialCalculatorKit-5.0-updated-accent-colors/FinancialCalculatorKit.xcodeproj -experimental-emit-module-separately -disable-cmo

    Task input dependencies:
        /Users/rogerlin/Library/Developer/Xcode/DerivedData/FinancialCalculatorKit-ackorybalcxbfocbkqsfdzcfkgmn/SourcePackages/checkouts/UInt128/Sources/UInt128/Common.swift
        /Users/rogerlin/Library/Developer/Xcode/DerivedData/FinancialCalculatorKit-ackorybalcxbfocbkqsfdzcfkgmn/SourcePackages/checkouts/UInt128/Sources/UInt128/Int128.swift
        /Users/rogerlin/Library/Developer/Xcode/DerivedData/FinancialCalculatorKit-ackorybalcxbfocbkqsfdzcfkgmn/SourcePackages/checkouts/UInt128/Sources/UInt128/UInt128.swift
        /Users/rogerlin/Library/Developer/Xcode/DerivedData/FinancialCalculatorKit-ackorybalcxbfocbkqsfdzcfkgmn/Build/Intermediates.noindex/UInt128.build/Debug/UInt128.build/Objects-normal/arm64/UInt128.SwiftFileList
        /Users/rogerlin/Library/Developer/Xcode/DerivedData/FinancialCalculatorKit-ackorybalcxbfocbkqsfdzcfkgmn/Build/Intermediates.noindex/UInt128.build/Debug/UInt128.build/Objects-normal/arm64/UInt128-OutputFileMap.json
        /Users/rogerlin/Library/Developer/Xcode/DerivedData/FinancialCalculatorKit-ackorybalcxbfocbkqsfdzcfkgmn/Build/Intermediates.noindex/UInt128.build/Debug/UInt128.build/Objects-normal/arm64/UInt128_const_extract_protocols.json
        /Users/rogerlin/Library/Developer/Xcode/DerivedData/FinancialCalculatorKit-ackorybalcxbfocbkqsfdzcfkgmn/Build/Intermediates.noindex/GeneratedModuleMaps/UInt128.modulemap
        /Users/rogerlin/Library/Developer/Xcode/DerivedData/FinancialCalculatorKit-ackorybalcxbfocbkqsfdzcfkgmn/SourcePackages/checkouts/UInt128/Sources/UInt128/Common.swift
        /Users/rogerlin/Library/Developer/Xcode/DerivedData/FinancialCalculatorKit-ackorybalcxbfocbkqsfdzcfkgmn/SourcePackages/checkouts/UInt128/Sources/UInt128/Int128.swift
        /Users/rogerlin/Library/Developer/Xcode/DerivedData/FinancialCalculatorKit-ackorybalcxbfocbkqsfdzcfkgmn/SourcePackages/checkouts/UInt128/Sources/UInt128/UInt128.swift
        /Users/rogerlin/Library/Developer/Xcode/DerivedData/FinancialCalculatorKit-ackorybalcxbfocbkqsfdzcfkgmn/Build/Intermediates.noindex/UInt128.build/Debug/UInt128.build/Objects-normal/arm64/UInt128.SwiftFileList
        /Users/rogerlin/Library/Developer/Xcode/DerivedData/FinancialCalculatorKit-ackorybalcxbfocbkqsfdzcfkgmn/Build/Intermediates.noindex/UInt128.build/Debug/UInt128.build/Objects-normal/arm64/UInt128-OutputFileMap.json
        /Users/rogerlin/Library/Developer/Xcode/DerivedData/FinancialCalculatorKit-ackorybalcxbfocbkqsfdzcfkgmn/Build/Intermediates.noindex/UInt128.build/Debug/UInt128.build/Objects-normal/arm64/UInt128_const_extract_protocols.json
        /Users/rogerlin/Library/Developer/Xcode/DerivedData/FinancialCalculatorKit-ackorybalcxbfocbkqsfdzcfkgmn/Build/Intermediates.noindex/GeneratedModuleMaps/UInt128.modulemap
        <ClangStatCache /Users/rogerlin/Library/Developer/Xcode/DerivedData/SDKStatCaches.noindex/macosx26.1-25B74-3ae1261907bdadc328169391a47051a6.sdkstatcache>
        <target-UInt128-PACKAGE-TARGET:UInt128-SDKROOT:macosx:SDK_VARIANT:macos-generated-headers>
        <target-UInt128-PACKAGE-TARGET:UInt128-SDKROOT:macosx:SDK_VARIANT:macos-copy-headers-completion>
        <target-UInt128-PACKAGE-TARGET:UInt128-SDKROOT:macosx:SDK_VARIANT:macos-ModuleVerifierTaskProducer>
        <target-UInt128-PACKAGE-TARGET:UInt128-SDKROOT:macosx:SDK_VARIANT:macos-begin-compiling>
        <WorkspaceHeaderMapVFSFilesWritten>

    Task output dependencies:
        /Users/rogerlin/Library/Developer/Xcode/DerivedData/FinancialCalculatorKit-ackorybalcxbfocbkqsfdzcfkgmn/Build/Intermediates.noindex/UInt128.build/Debug/UInt128.build/Objects-normal/arm64/UInt128 Swift Compilation Finished
        /Users/rogerlin/Library/Developer/Xcode/DerivedData/FinancialCalculatorKit-ackorybalcxbfocbkqsfdzcfkgmn/Build/Intermediates.noindex/UInt128.build/Debug/UInt128.build/Objects-normal/arm64/Common.o
        /Users/rogerlin/Library/Developer/Xcode/DerivedData/FinancialCalculatorKit-ackorybalcxbfocbkqsfdzcfkgmn/Build/Intermediates.noindex/UInt128.build/Debug/UInt128.build/Objects-normal/arm64/Int128.o
        /Users/rogerlin/Library/Developer/Xcode/DerivedData/FinancialCalculatorKit-ackorybalcxbfocbkqsfdzcfkgmn/Build/Intermediates.noindex/UInt128.build/Debug/UInt128.build/Objects-normal/arm64/UInt128-b2e2aa60cd5beffe3d533073c94efc7d.o
        /Users/rogerlin/Library/Developer/Xcode/DerivedData/FinancialCalculatorKit-ackorybalcxbfocbkqsfdzcfkgmn/Build/Intermediates.noindex/UInt128.build/Debug/UInt128.build/Objects-normal/arm64/Common.swiftconstvalues
        /Users/rogerlin/Library/Developer/Xcode/DerivedData/FinancialCalculatorKit-ackorybalcxbfocbkqsfdzcfkgmn/Build/Intermediates.noindex/UInt128.build/Debug/UInt128.build/Objects-normal/arm64/Int128.swiftconstvalues
        /Users/rogerlin/Library/Developer/Xcode/DerivedData/FinancialCalculatorKit-ackorybalcxbfocbkqsfdzcfkgmn/Build/Intermediates.noindex/UInt128.build/Debug/UInt128.build/Objects-normal/arm64/UInt128-b2e2aa60cd5beffe3d533073c94efc7d.swiftconstvalues
Discovered dependency nodes:
/Applications/Xcode.app/Contents/Developer/Toolchains/XcodeDefault.xctoolchain/usr/lib/swift/macosx/prebuilt-modules/26.1/Swift.swiftmodule/arm64e-apple-macos.swiftmodule
/Applications/Xcode.app/Contents/Developer/Toolchains/XcodeDefault.xctoolchain/usr/lib/swift/macosx/prebuilt-modules/26.1/SwiftOnoneSupport.swiftmodule/arm64e-apple-macos.swiftmodule
/Applications/Xcode.app/Contents/Developer/Platforms/MacOSX.platform/Developer/SDKs/MacOSX26.1.sdk/usr/lib/swift/shims/module.modulemap
/Applications/Xcode.app/Contents/Developer/Platforms/MacOSX.platform/Developer/SDKs/MacOSX26.1.sdk/usr/lib/swift/shims/AssertionReporting.h
/Applications/Xcode.app/Contents/Developer/Platforms/MacOSX.platform/Developer/SDKs/MacOSX26.1.sdk/usr/lib/swift/shims/SwiftStdint.h
/Applications/Xcode.app/Contents/Developer/Platforms/MacOSX.platform/Developer/SDKs/MacOSX26.1.sdk/usr/lib/swift/shims/Visibility.h
/Applications/Xcode.app/Contents/Developer/Platforms/MacOSX.platform/Developer/SDKs/MacOSX26.1.sdk/usr/lib/swift/shims/CoreFoundationShims.h
/Applications/Xcode.app/Contents/Developer/Platforms/MacOSX.platform/Developer/SDKs/MacOSX26.1.sdk/usr/lib/swift/shims/ObjCShims.h
/Applications/Xcode.app/Contents/Developer/Platforms/MacOSX.platform/Developer/SDKs/MacOSX26.1.sdk/usr/lib/swift/shims/EmbeddedShims.h
/Applications/Xcode.app/Contents/Developer/Platforms/MacOSX.platform/Developer/SDKs/MacOSX26.1.sdk/usr/lib/swift/shims/SwiftStddef.h
/Applications/Xcode.app/Contents/Developer/Platforms/MacOSX.platform/Developer/SDKs/MacOSX26.1.sdk/usr/lib/swift/shims/FoundationShims.h
/Applications/Xcode.app/Contents/Developer/Platforms/MacOSX.platform/Developer/SDKs/MacOSX26.1.sdk/usr/lib/swift/shims/GlobalObjects.h
/Applications/Xcode.app/Contents/Developer/Platforms/MacOSX.platform/Developer/SDKs/MacOSX26.1.sdk/usr/lib/swift/shims/SwiftStdbool.h
/Applications/Xcode.app/Contents/Developer/Platforms/MacOSX.platform/Developer/SDKs/MacOSX26.1.sdk/usr/lib/swift/shims/HeapObject.h
/Applications/Xcode.app/Contents/Developer/Platforms/MacOSX.platform/Developer/SDKs/MacOSX26.1.sdk/usr/lib/swift/shims/RefCount.h
/Applications/Xcode.app/Contents/Developer/Platforms/MacOSX.platform/Developer/SDKs/MacOSX26.1.sdk/usr/lib/swift/shims/System.h
/Applications/Xcode.app/Contents/Developer/Platforms/MacOSX.platform/Developer/SDKs/MacOSX26.1.sdk/usr/lib/swift/shims/Target.h
/Applications/Xcode.app/Contents/Developer/Platforms/MacOSX.platform/Developer/SDKs/MacOSX26.1.sdk/usr/lib/swift/shims/KeyPath.h
/Applications/Xcode.app/Contents/Developer/Platforms/MacOSX.platform/Developer/SDKs/MacOSX26.1.sdk/usr/lib/swift/shims/LibcShims.h
/Applications/Xcode.app/Contents/Developer/Platforms/MacOSX.platform/Developer/SDKs/MacOSX26.1.sdk/usr/lib/swift/shims/MetadataSections.h
/Applications/Xcode.app/Contents/Developer/Platforms/MacOSX.platform/Developer/SDKs/MacOSX26.1.sdk/usr/lib/swift/shims/Random.h
/Applications/Xcode.app/Contents/Developer/Platforms/MacOSX.platform/Developer/SDKs/MacOSX26.1.sdk/usr/lib/swift/shims/Reflection.h
/Applications/Xcode.app/Contents/Developer/Platforms/MacOSX.platform/Developer/SDKs/MacOSX26.1.sdk/usr/lib/swift/shims/RuntimeShims.h
/Applications/Xcode.app/Contents/Developer/Platforms/MacOSX.platform/Developer/SDKs/MacOSX26.1.sdk/usr/lib/swift/shims/RuntimeStubs.h
/Applications/Xcode.app/Contents/Developer/Platforms/MacOSX.platform/Developer/SDKs/MacOSX26.1.sdk/usr/lib/swift/shims/ThreadLocalStorage.h
/Applications/Xcode.app/Contents/Developer/Platforms/MacOSX.platform/Developer/SDKs/MacOSX26.1.sdk/usr/lib/swift/shims/UnicodeData.h
/Applications/Xcode.app/Contents/Developer/Platforms/MacOSX.platform/Developer/SDKs/MacOSX26.1.sdk/SDKSettings.json
/Applications/Xcode.app/Contents/Developer/Toolchains/XcodeDefault.xctoolchain/usr/lib/swift/macosx/prebuilt-modules/26.1/_Concurrency.swiftmodule/arm64e-apple-macos.swiftmodule
/Applications/Xcode.app/Contents/Developer/Toolchains/XcodeDefault.xctoolchain/usr/lib/swift/macosx/prebuilt-modules/26.1/_StringProcessing.swiftmodule/arm64e-apple-macos.swiftmodule
/Applications/Xcode.app/Contents/Developer/Platforms/MacOSX.platform/Developer/SDKs/MacOSX26.1.sdk/usr/lib/swift/shims/module.modulemap
/Applications/Xcode.app/Contents/Developer/Platforms/MacOSX.platform/Developer/SDKs/MacOSX26.1.sdk/usr/lib/swift/shims/_SwiftConcurrency.h
/Applications/Xcode.app/Contents/Developer/Platforms/MacOSX.platform/Developer/SDKs/MacOSX26.1.sdk/SDKSettings.json

SwiftDriverJobDiscovery normal arm64 Compiling Float+Real.swift (in target 'RealModule' from project 'swift-numerics')

SwiftCompile normal arm64 Compiling\ Parser.XML.Transform.swift,\ Parser.XML.Use.swift /Users/rogerlin/Library/Developer/Xcode/DerivedData/FinancialCalculatorKit-ackorybalcxbfocbkqsfdzcfkgmn/SourcePackages/checkouts/SwiftDraw/DOM/Sources/Parser.XML.Transform.swift /Users/rogerlin/Library/Developer/Xcode/DerivedData/FinancialCalculatorKit-ackorybalcxbfocbkqsfdzcfkgmn/SourcePackages/checkouts/SwiftDraw/DOM/Sources/Parser.XML.Use.swift (in target 'SwiftDrawDOM' from project 'SwiftDraw')
/Applications/Xcode.app/Contents/Developer/Toolchains/XcodeDefault.xctoolchain/usr/bin/swift-frontend -frontend -c /Users/rogerlin/Library/Developer/Xcode/DerivedData/FinancialCalculatorKit-ackorybalcxbfocbkqsfdzcfkgmn/SourcePackages/checkouts/SwiftDraw/DOM/Sources/DOM+Extensions.swift /Users/rogerlin/Library/Developer/Xcode/DerivedData/FinancialCalculatorKit-ackorybalcxbfocbkqsfdzcfkgmn/SourcePackages/checkouts/SwiftDraw/DOM/Sources/DOM.Color.swift /Users/rogerlin/Library/Developer/Xcode/DerivedData/FinancialCalculatorKit-ackorybalcxbfocbkqsfdzcfkgmn/SourcePackages/checkouts/SwiftDraw/DOM/Sources/DOM.Element.swift /Users/rogerlin/Library/Developer/Xcode/DerivedData/FinancialCalculatorKit-ackorybalcxbfocbkqsfdzcfkgmn/SourcePackages/checkouts/SwiftDraw/DOM/Sources/DOM.Filter.swift /Users/rogerlin/Library/Developer/Xcode/DerivedData/FinancialCalculatorKit-ackorybalcxbfocbkqsfdzcfkgmn/SourcePackages/checkouts/SwiftDraw/DOM/Sources/DOM.Image.swift /Users/rogerlin/Library/Developer/Xcode/DerivedData/FinancialCalculatorKit-ackorybalcxbfocbkqsfdzcfkgmn/SourcePackages/checkouts/SwiftDraw/DOM/Sources/DOM.LinearGradient.swift /Users/rogerlin/Library/Developer/Xcode/DerivedData/FinancialCalculatorKit-ackorybalcxbfocbkqsfdzcfkgmn/SourcePackages/checkouts/SwiftDraw/DOM/Sources/DOM.Path.swift /Users/rogerlin/Library/Developer/Xcode/DerivedData/FinancialCalculatorKit-ackorybalcxbfocbkqsfdzcfkgmn/SourcePackages/checkouts/SwiftDraw/DOM/Sources/DOM.Pattern.swift /Users/rogerlin/Library/Developer/Xcode/DerivedData/FinancialCalculatorKit-ackorybalcxbfocbkqsfdzcfkgmn/SourcePackages/checkouts/SwiftDraw/DOM/Sources/DOM.PresentationAttributes.swift /Users/rogerlin/Library/Developer/Xcode/DerivedData/FinancialCalculatorKit-ackorybalcxbfocbkqsfdzcfkgmn/SourcePackages/checkouts/SwiftDraw/DOM/Sources/DOM.RadialGradient.swift /Users/rogerlin/Library/Developer/Xcode/DerivedData/FinancialCalculatorKit-ackorybalcxbfocbkqsfdzcfkgmn/SourcePackages/checkouts/SwiftDraw/DOM/Sources/DOM.SVG+Parse.swift /Users/rogerlin/Library/Developer/Xcode/DerivedData/FinancialCalculatorKit-ackorybalcxbfocbkqsfdzcfkgmn/SourcePackages/checkouts/SwiftDraw/DOM/Sources/DOM.SVG.swift /Users/rogerlin/Library/Developer/Xcode/DerivedData/FinancialCalculatorKit-ackorybalcxbfocbkqsfdzcfkgmn/SourcePackages/checkouts/SwiftDraw/DOM/Sources/DOM.Switch.swift /Users/rogerlin/Library/Developer/Xcode/DerivedData/FinancialCalculatorKit-ackorybalcxbfocbkqsfdzcfkgmn/SourcePackages/checkouts/SwiftDraw/DOM/Sources/DOM.Text.swift /Users/rogerlin/Library/Developer/Xcode/DerivedData/FinancialCalculatorKit-ackorybalcxbfocbkqsfdzcfkgmn/SourcePackages/checkouts/SwiftDraw/DOM/Sources/DOM.Use.swift /Users/rogerlin/Library/Developer/Xcode/DerivedData/FinancialCalculatorKit-ackorybalcxbfocbkqsfdzcfkgmn/SourcePackages/checkouts/SwiftDraw/DOM/Sources/DOM.swift /Users/rogerlin/Library/Developer/Xcode/DerivedData/FinancialCalculatorKit-ackorybalcxbfocbkqsfdzcfkgmn/SourcePackages/checkouts/SwiftDraw/DOM/Sources/Parser.XML.Attributes.swift /Users/rogerlin/Library/Developer/Xcode/DerivedData/FinancialCalculatorKit-ackorybalcxbfocbkqsfdzcfkgmn/SourcePackages/checkouts/SwiftDraw/DOM/Sources/Parser.XML.Color.swift /Users/rogerlin/Library/Developer/Xcode/DerivedData/FinancialCalculatorKit-ackorybalcxbfocbkqsfdzcfkgmn/SourcePackages/checkouts/SwiftDraw/DOM/Sources/Parser.XML.Element.swift /Users/rogerlin/Library/Developer/Xcode/DerivedData/FinancialCalculatorKit-ackorybalcxbfocbkqsfdzcfkgmn/SourcePackages/checkouts/SwiftDraw/DOM/Sources/Parser.XML.Filter.swift /Users/rogerlin/Library/Developer/Xcode/DerivedData/FinancialCalculatorKit-ackorybalcxbfocbkqsfdzcfkgmn/SourcePackages/checkouts/SwiftDraw/DOM/Sources/Parser.XML.Image.swift /Users/rogerlin/Library/Developer/Xcode/DerivedData/FinancialCalculatorKit-ackorybalcxbfocbkqsfdzcfkgmn/SourcePackages/checkouts/SwiftDraw/DOM/Sources/Parser.XML.LinearGradient.swift /Users/rogerlin/Library/Developer/Xcode/DerivedData/FinancialCalculatorKit-ackorybalcxbfocbkqsfdzcfkgmn/SourcePackages/checkouts/SwiftDraw/DOM/Sources/Parser.XML.Path.swift /Users/rogerlin/Library/Developer/Xcode/DerivedData/FinancialCalculatorKit-ackorybalcxbfocbkqsfdzcfkgmn/SourcePackages/checkouts/SwiftDraw/DOM/Sources/Parser.XML.Pattern.swift /Users/rogerlin/Library/Developer/Xcode/DerivedData/FinancialCalculatorKit-ackorybalcxbfocbkqsfdzcfkgmn/SourcePackages/checkouts/SwiftDraw/DOM/Sources/Parser.XML.RadialGradient.swift /Users/rogerlin/Library/Developer/Xcode/DerivedData/FinancialCalculatorKit-ackorybalcxbfocbkqsfdzcfkgmn/SourcePackages/checkouts/SwiftDraw/DOM/Sources/Parser.XML.SVG.swift /Users/rogerlin/Library/Developer/Xcode/DerivedData/FinancialCalculatorKit-ackorybalcxbfocbkqsfdzcfkgmn/SourcePackages/checkouts/SwiftDraw/DOM/Sources/Parser.XML.Scanner.swift /Users/rogerlin/Library/Developer/Xcode/DerivedData/FinancialCalculatorKit-ackorybalcxbfocbkqsfdzcfkgmn/SourcePackages/checkouts/SwiftDraw/DOM/Sources/Parser.XML.StyleSheet.swift /Users/rogerlin/Library/Developer/Xcode/DerivedData/FinancialCalculatorKit-ackorybalcxbfocbkqsfdzcfkgmn/SourcePackages/checkouts/SwiftDraw/DOM/Sources/Parser.XML.Text.swift -primary-file /Users/rogerlin/Library/Developer/Xcode/DerivedData/FinancialCalculatorKit-ackorybalcxbfocbkqsfdzcfkgmn/SourcePackages/checkouts/SwiftDraw/DOM/Sources/Parser.XML.Transform.swift -primary-file /Users/rogerlin/Library/Developer/Xcode/DerivedData/FinancialCalculatorKit-ackorybalcxbfocbkqsfdzcfkgmn/SourcePackages/checkouts/SwiftDraw/DOM/Sources/Parser.XML.Use.swift /Users/rogerlin/Library/Developer/Xcode/DerivedData/FinancialCalculatorKit-ackorybalcxbfocbkqsfdzcfkgmn/SourcePackages/checkouts/SwiftDraw/DOM/Sources/Parser.XML.swift /Users/rogerlin/Library/Developer/Xcode/DerivedData/FinancialCalculatorKit-ackorybalcxbfocbkqsfdzcfkgmn/SourcePackages/checkouts/SwiftDraw/DOM/Sources/TextOutputStream+StandardError.swift /Users/rogerlin/Library/Developer/Xcode/DerivedData/FinancialCalculatorKit-ackorybalcxbfocbkqsfdzcfkgmn/SourcePackages/checkouts/SwiftDraw/DOM/Sources/URL+Data.swift /Users/rogerlin/Library/Developer/Xcode/DerivedData/FinancialCalculatorKit-ackorybalcxbfocbkqsfdzcfkgmn/SourcePackages/checkouts/SwiftDraw/DOM/Sources/URL+Fragment.swift /Users/rogerlin/Library/Developer/Xcode/DerivedData/FinancialCalculatorKit-ackorybalcxbfocbkqsfdzcfkgmn/SourcePackages/checkouts/SwiftDraw/DOM/Sources/XML.Element.swift /Users/rogerlin/Library/Developer/Xcode/DerivedData/FinancialCalculatorKit-ackorybalcxbfocbkqsfdzcfkgmn/SourcePackages/checkouts/SwiftDraw/DOM/Sources/XML.SAXParser.swift -emit-dependencies-path /Users/rogerlin/Library/Developer/Xcode/DerivedData/FinancialCalculatorKit-ackorybalcxbfocbkqsfdzcfkgmn/Build/Intermediates.noindex/SwiftDraw.build/Debug/SwiftDrawDOM.build/Objects-normal/arm64/Parser.XML.Transform.d -emit-const-values-path /Users/rogerlin/Library/Developer/Xcode/DerivedData/FinancialCalculatorKit-ackorybalcxbfocbkqsfdzcfkgmn/Build/Intermediates.noindex/SwiftDraw.build/Debug/SwiftDrawDOM.build/Objects-normal/arm64/Parser.XML.Transform.swiftconstvalues -emit-reference-dependencies-path /Users/rogerlin/Library/Developer/Xcode/DerivedData/FinancialCalculatorKit-ackorybalcxbfocbkqsfdzcfkgmn/Build/Intermediates.noindex/SwiftDraw.build/Debug/SwiftDrawDOM.build/Objects-normal/arm64/Parser.XML.Transform.swiftdeps -serialize-diagnostics-path /Users/rogerlin/Library/Developer/Xcode/DerivedData/FinancialCalculatorKit-ackorybalcxbfocbkqsfdzcfkgmn/Build/Intermediates.noindex/SwiftDraw.build/Debug/SwiftDrawDOM.build/Objects-normal/arm64/Parser.XML.Transform.dia -emit-dependencies-path /Users/rogerlin/Library/Developer/Xcode/DerivedData/FinancialCalculatorKit-ackorybalcxbfocbkqsfdzcfkgmn/Build/Intermediates.noindex/SwiftDraw.build/Debug/SwiftDrawDOM.build/Objects-normal/arm64/Parser.XML.Use.d -emit-const-values-path /Users/rogerlin/Library/Developer/Xcode/DerivedData/FinancialCalculatorKit-ackorybalcxbfocbkqsfdzcfkgmn/Build/Intermediates.noindex/SwiftDraw.build/Debug/SwiftDrawDOM.build/Objects-normal/arm64/Parser.XML.Use.swiftconstvalues -emit-reference-dependencies-path /Users/rogerlin/Library/Developer/Xcode/DerivedData/FinancialCalculatorKit-ackorybalcxbfocbkqsfdzcfkgmn/Build/Intermediates.noindex/SwiftDraw.build/Debug/SwiftDrawDOM.build/Objects-normal/arm64/Parser.XML.Use.swiftdeps -serialize-diagnostics-path /Users/rogerlin/Library/Developer/Xcode/DerivedData/FinancialCalculatorKit-ackorybalcxbfocbkqsfdzcfkgmn/Build/Intermediates.noindex/SwiftDraw.build/Debug/SwiftDrawDOM.build/Objects-normal/arm64/Parser.XML.Use.dia -target arm64-apple-macos10.15 -module-can-import-version Darwin 347.40.2 0 -load-resolved-plugin /Applications/Xcode.app/Contents/Developer/Platforms/MacOSX.platform/Developer/usr/lib/swift/host/plugins/libFoundationMacros.dylib\#/Applications/Xcode.app/Contents/Developer/Platforms/MacOSX.platform/Developer/usr/bin/swift-plugin-server\#FoundationMacros -load-resolved-plugin /Applications/Xcode.app/Contents/Developer/Platforms/MacOSX.platform/Developer/usr/lib/swift/host/plugins/libObservationMacros.dylib\#/Applications/Xcode.app/Contents/Developer/Platforms/MacOSX.platform/Developer/usr/bin/swift-plugin-server\#ObservationMacros -load-resolved-plugin /Applications/Xcode.app/Contents/Developer/Platforms/MacOSX.platform/Developer/usr/lib/swift/host/plugins/libSwiftMacros.dylib\#/Applications/Xcode.app/Contents/Developer/Platforms/MacOSX.platform/Developer/usr/bin/swift-plugin-server\#SwiftMacros -disable-implicit-swift-modules -Xcc -fno-implicit-modules -Xcc -fno-implicit-module-maps -explicit-swift-module-map-file /Users/rogerlin/Library/Developer/Xcode/DerivedData/FinancialCalculatorKit-ackorybalcxbfocbkqsfdzcfkgmn/Build/Intermediates.noindex/SwiftDraw.build/Debug/SwiftDrawDOM.build/Objects-normal/arm64/SwiftDrawDOM-dependencies-1.json -Xllvm -aarch64-use-tbi -enable-objc-interop -stack-check -sdk /Applications/Xcode.app/Contents/Developer/Platforms/MacOSX.platform/Developer/SDKs/MacOSX26.1.sdk -I /Users/rogerlin/Library/Developer/Xcode/DerivedData/FinancialCalculatorKit-ackorybalcxbfocbkqsfdzcfkgmn/Build/Products/Debug -Isystem /Applications/Xcode.app/Contents/Developer/Platforms/MacOSX.platform/Developer/usr/lib -F /Users/rogerlin/Library/Developer/Xcode/DerivedData/FinancialCalculatorKit-ackorybalcxbfocbkqsfdzcfkgmn/Build/Products/Debug -F /Applications/Xcode.app/Contents/Developer/Platforms/MacOSX.platform/Developer/Library/Frameworks -no-color-diagnostics -Xcc -fno-color-diagnostics -enable-testing -g -debug-info-format\=dwarf -dwarf-version\=4 -module-cache-path /Users/rogerlin/Library/Developer/Xcode/DerivedData/FinancialCalculatorKit-ackorybalcxbfocbkqsfdzcfkgmn/Build/Intermediates.noindex/SwiftExplicitPrecompiledModules -suppress-warnings -profile-generate -profile-coverage-mapping -swift-version 6 -enforce-exclusivity\=checked -Onone -D SWIFT_PACKAGE -D DEBUG -D SWIFT_MODULE_RESOURCE_BUNDLE_UNAVAILABLE -D Xcode -serialize-debugging-options -const-gather-protocols-file /Users/rogerlin/Library/Developer/Xcode/DerivedData/FinancialCalculatorKit-ackorybalcxbfocbkqsfdzcfkgmn/Build/Intermediates.noindex/SwiftDraw.build/Debug/SwiftDrawDOM.build/Objects-normal/arm64/SwiftDrawDOM_const_extract_protocols.json -enable-experimental-feature DebugDescriptionMacro -empty-abi-descriptor -user-module-version 0.22.0 -validate-clang-modules-once -clang-build-session-file /Users/rogerlin/Library/Developer/Xcode/DerivedData/ModuleCache.noindex/Session.modulevalidation -Xcc -working-directory -Xcc /Users/rogerlin/XCode-Projects/FinancialCalculatorKit-5.0-updated-accent-colors/FinancialCalculatorKit.xcodeproj -enable-anonymous-context-mangled-names -file-compilation-dir /Users/rogerlin/XCode-Projects/FinancialCalculatorKit-5.0-updated-accent-colors/FinancialCalculatorKit.xcodeproj -Xcc -D_LIBCPP_HARDENING_MODE\=_LIBCPP_HARDENING_MODE_DEBUG -Xcc -ivfsstatcache -Xcc /Users/rogerlin/Library/Developer/Xcode/DerivedData/SDKStatCaches.noindex/macosx26.1-25B74-3ae1261907bdadc328169391a47051a6.sdkstatcache -Xcc -I/Users/rogerlin/Library/Developer/Xcode/DerivedData/FinancialCalculatorKit-ackorybalcxbfocbkqsfdzcfkgmn/Build/Intermediates.noindex/SwiftDraw.build/Debug/SwiftDrawDOM.build/swift-overrides.hmap -Xcc -I/Users/rogerlin/Library/Developer/Xcode/DerivedData/FinancialCalculatorKit-ackorybalcxbfocbkqsfdzcfkgmn/Build/Products/Debug/include -Xcc -I/Users/rogerlin/Library/Developer/Xcode/DerivedData/FinancialCalculatorKit-ackorybalcxbfocbkqsfdzcfkgmn/Build/Intermediates.noindex/SwiftDraw.build/Debug/SwiftDrawDOM.build/DerivedSources-normal/arm64 -Xcc -I/Users/rogerlin/Library/Developer/Xcode/DerivedData/FinancialCalculatorKit-ackorybalcxbfocbkqsfdzcfkgmn/Build/Intermediates.noindex/SwiftDraw.build/Debug/SwiftDrawDOM.build/DerivedSources/arm64 -Xcc -I/Users/rogerlin/Library/Developer/Xcode/DerivedData/FinancialCalculatorKit-ackorybalcxbfocbkqsfdzcfkgmn/Build/Intermediates.noindex/SwiftDraw.build/Debug/SwiftDrawDOM.build/DerivedSources -Xcc -DSWIFT_PACKAGE -Xcc -DDEBUG\=1 -no-auto-bridging-header-chaining -module-name SwiftDrawDOM -package-name swiftdraw -frontend-parseable-output -disable-clang-spi -target-sdk-version 26.1 -target-sdk-name macosx26.1 -clang-target arm64-apple-macos26.1 -in-process-plugin-server-path /Applications/Xcode.app/Contents/Developer/Toolchains/XcodeDefault.xctoolchain/usr/lib/swift/host/libSwiftInProcPluginServer.dylib -o /Users/rogerlin/Library/Developer/Xcode/DerivedData/FinancialCalculatorKit-ackorybalcxbfocbkqsfdzcfkgmn/Build/Intermediates.noindex/SwiftDraw.build/Debug/SwiftDrawDOM.build/Objects-normal/arm64/Parser.XML.Transform.o -o /Users/rogerlin/Library/Developer/Xcode/DerivedData/FinancialCalculatorKit-ackorybalcxbfocbkqsfdzcfkgmn/Build/Intermediates.noindex/SwiftDraw.build/Debug/SwiftDrawDOM.build/Objects-normal/arm64/Parser.XML.Use.o -index-unit-output-path /SwiftDraw.build/Debug/SwiftDrawDOM.build/Objects-normal/arm64/Parser.XML.Transform.o -index-unit-output-path /SwiftDraw.build/Debug/SwiftDrawDOM.build/Objects-normal/arm64/Parser.XML.Use.o -index-store-path /Users/rogerlin/Library/Developer/Xcode/DerivedData/FinancialCalculatorKit-ackorybalcxbfocbkqsfdzcfkgmn/Index.noindex/DataStore -index-system-modules

SwiftCompile normal arm64 /Users/rogerlin/Library/Developer/Xcode/DerivedData/FinancialCalculatorKit-ackorybalcxbfocbkqsfdzcfkgmn/SourcePackages/checkouts/SwiftDraw/DOM/Sources/Parser.XML.Transform.swift (in target 'SwiftDrawDOM' from project 'SwiftDraw')
    cd /Users/rogerlin/XCode-Projects/FinancialCalculatorKit-5.0-updated-accent-colors/FinancialCalculatorKit.xcodeproj
    

SwiftCompile normal arm64 /Users/rogerlin/Library/Developer/Xcode/DerivedData/FinancialCalculatorKit-ackorybalcxbfocbkqsfdzcfkgmn/SourcePackages/checkouts/SwiftDraw/DOM/Sources/Parser.XML.Use.swift (in target 'SwiftDrawDOM' from project 'SwiftDraw')
    cd /Users/rogerlin/XCode-Projects/FinancialCalculatorKit-5.0-updated-accent-colors/FinancialCalculatorKit.xcodeproj
    

SwiftCompile normal arm64 Compiling\ Parser.XML.swift,\ TextOutputStream+StandardError.swift /Users/rogerlin/Library/Developer/Xcode/DerivedData/FinancialCalculatorKit-ackorybalcxbfocbkqsfdzcfkgmn/SourcePackages/checkouts/SwiftDraw/DOM/Sources/Parser.XML.swift /Users/rogerlin/Library/Developer/Xcode/DerivedData/FinancialCalculatorKit-ackorybalcxbfocbkqsfdzcfkgmn/SourcePackages/checkouts/SwiftDraw/DOM/Sources/TextOutputStream+StandardError.swift (in target 'SwiftDrawDOM' from project 'SwiftDraw')
/Applications/Xcode.app/Contents/Developer/Toolchains/XcodeDefault.xctoolchain/usr/bin/swift-frontend -frontend -c /Users/rogerlin/Library/Developer/Xcode/DerivedData/FinancialCalculatorKit-ackorybalcxbfocbkqsfdzcfkgmn/SourcePackages/checkouts/SwiftDraw/DOM/Sources/DOM+Extensions.swift /Users/rogerlin/Library/Developer/Xcode/DerivedData/FinancialCalculatorKit-ackorybalcxbfocbkqsfdzcfkgmn/SourcePackages/checkouts/SwiftDraw/DOM/Sources/DOM.Color.swift /Users/rogerlin/Library/Developer/Xcode/DerivedData/FinancialCalculatorKit-ackorybalcxbfocbkqsfdzcfkgmn/SourcePackages/checkouts/SwiftDraw/DOM/Sources/DOM.Element.swift /Users/rogerlin/Library/Developer/Xcode/DerivedData/FinancialCalculatorKit-ackorybalcxbfocbkqsfdzcfkgmn/SourcePackages/checkouts/SwiftDraw/DOM/Sources/DOM.Filter.swift /Users/rogerlin/Library/Developer/Xcode/DerivedData/FinancialCalculatorKit-ackorybalcxbfocbkqsfdzcfkgmn/SourcePackages/checkouts/SwiftDraw/DOM/Sources/DOM.Image.swift /Users/rogerlin/Library/Developer/Xcode/DerivedData/FinancialCalculatorKit-ackorybalcxbfocbkqsfdzcfkgmn/SourcePackages/checkouts/SwiftDraw/DOM/Sources/DOM.LinearGradient.swift /Users/rogerlin/Library/Developer/Xcode/DerivedData/FinancialCalculatorKit-ackorybalcxbfocbkqsfdzcfkgmn/SourcePackages/checkouts/SwiftDraw/DOM/Sources/DOM.Path.swift /Users/rogerlin/Library/Developer/Xcode/DerivedData/FinancialCalculatorKit-ackorybalcxbfocbkqsfdzcfkgmn/SourcePackages/checkouts/SwiftDraw/DOM/Sources/DOM.Pattern.swift /Users/rogerlin/Library/Developer/Xcode/DerivedData/FinancialCalculatorKit-ackorybalcxbfocbkqsfdzcfkgmn/SourcePackages/checkouts/SwiftDraw/DOM/Sources/DOM.PresentationAttributes.swift /Users/rogerlin/Library/Developer/Xcode/DerivedData/FinancialCalculatorKit-ackorybalcxbfocbkqsfdzcfkgmn/SourcePackages/checkouts/SwiftDraw/DOM/Sources/DOM.RadialGradient.swift /Users/rogerlin/Library/Developer/Xcode/DerivedData/FinancialCalculatorKit-ackorybalcxbfocbkqsfdzcfkgmn/SourcePackages/checkouts/SwiftDraw/DOM/Sources/DOM.SVG+Parse.swift /Users/rogerlin/Library/Developer/Xcode/DerivedData/FinancialCalculatorKit-ackorybalcxbfocbkqsfdzcfkgmn/SourcePackages/checkouts/SwiftDraw/DOM/Sources/DOM.SVG.swift /Users/rogerlin/Library/Developer/Xcode/DerivedData/FinancialCalculatorKit-ackorybalcxbfocbkqsfdzcfkgmn/SourcePackages/checkouts/SwiftDraw/DOM/Sources/DOM.Switch.swift /Users/rogerlin/Library/Developer/Xcode/DerivedData/FinancialCalculatorKit-ackorybalcxbfocbkqsfdzcfkgmn/SourcePackages/checkouts/SwiftDraw/DOM/Sources/DOM.Text.swift /Users/rogerlin/Library/Developer/Xcode/DerivedData/FinancialCalculatorKit-ackorybalcxbfocbkqsfdzcfkgmn/SourcePackages/checkouts/SwiftDraw/DOM/Sources/DOM.Use.swift /Users/rogerlin/Library/Developer/Xcode/DerivedData/FinancialCalculatorKit-ackorybalcxbfocbkqsfdzcfkgmn/SourcePackages/checkouts/SwiftDraw/DOM/Sources/DOM.swift /Users/rogerlin/Library/Developer/Xcode/DerivedData/FinancialCalculatorKit-ackorybalcxbfocbkqsfdzcfkgmn/SourcePackages/checkouts/SwiftDraw/DOM/Sources/Parser.XML.Attributes.swift /Users/rogerlin/Library/Developer/Xcode/DerivedData/FinancialCalculatorKit-ackorybalcxbfocbkqsfdzcfkgmn/SourcePackages/checkouts/SwiftDraw/DOM/Sources/Parser.XML.Color.swift /Users/rogerlin/Library/Developer/Xcode/DerivedData/FinancialCalculatorKit-ackorybalcxbfocbkqsfdzcfkgmn/SourcePackages/checkouts/SwiftDraw/DOM/Sources/Parser.XML.Element.swift /Users/rogerlin/Library/Developer/Xcode/DerivedData/FinancialCalculatorKit-ackorybalcxbfocbkqsfdzcfkgmn/SourcePackages/checkouts/SwiftDraw/DOM/Sources/Parser.XML.Filter.swift /Users/rogerlin/Library/Developer/Xcode/DerivedData/FinancialCalculatorKit-ackorybalcxbfocbkqsfdzcfkgmn/SourcePackages/checkouts/SwiftDraw/DOM/Sources/Parser.XML.Image.swift /Users/rogerlin/Library/Developer/Xcode/DerivedData/FinancialCalculatorKit-ackorybalcxbfocbkqsfdzcfkgmn/SourcePackages/checkouts/SwiftDraw/DOM/Sources/Parser.XML.LinearGradient.swift /Users/rogerlin/Library/Developer/Xcode/DerivedData/FinancialCalculatorKit-ackorybalcxbfocbkqsfdzcfkgmn/SourcePackages/checkouts/SwiftDraw/DOM/Sources/Parser.XML.Path.swift /Users/rogerlin/Library/Developer/Xcode/DerivedData/FinancialCalculatorKit-ackorybalcxbfocbkqsfdzcfkgmn/SourcePackages/checkouts/SwiftDraw/DOM/Sources/Parser.XML.Pattern.swift /Users/rogerlin/Library/Developer/Xcode/DerivedData/FinancialCalculatorKit-ackorybalcxbfocbkqsfdzcfkgmn/SourcePackages/checkouts/SwiftDraw/DOM/Sources/Parser.XML.RadialGradient.swift /Users/rogerlin/Library/Developer/Xcode/DerivedData/FinancialCalculatorKit-ackorybalcxbfocbkqsfdzcfkgmn/SourcePackages/checkouts/SwiftDraw/DOM/Sources/Parser.XML.SVG.swift /Users/rogerlin/Library/Developer/Xcode/DerivedData/FinancialCalculatorKit-ackorybalcxbfocbkqsfdzcfkgmn/SourcePackages/checkouts/SwiftDraw/DOM/Sources/Parser.XML.Scanner.swift /Users/rogerlin/Library/Developer/Xcode/DerivedData/FinancialCalculatorKit-ackorybalcxbfocbkqsfdzcfkgmn/SourcePackages/checkouts/SwiftDraw/DOM/Sources/Parser.XML.StyleSheet.swift /Users/rogerlin/Library/Developer/Xcode/DerivedData/FinancialCalculatorKit-ackorybalcxbfocbkqsfdzcfkgmn/SourcePackages/checkouts/SwiftDraw/DOM/Sources/Parser.XML.Text.swift /Users/rogerlin/Library/Developer/Xcode/DerivedData/FinancialCalculatorKit-ackorybalcxbfocbkqsfdzcfkgmn/SourcePackages/checkouts/SwiftDraw/DOM/Sources/Parser.XML.Transform.swift /Users/rogerlin/Library/Developer/Xcode/DerivedData/FinancialCalculatorKit-ackorybalcxbfocbkqsfdzcfkgmn/SourcePackages/checkouts/SwiftDraw/DOM/Sources/Parser.XML.Use.swift -primary-file /Users/rogerlin/Library/Developer/Xcode/DerivedData/FinancialCalculatorKit-ackorybalcxbfocbkqsfdzcfkgmn/SourcePackages/checkouts/SwiftDraw/DOM/Sources/Parser.XML.swift -primary-file /Users/rogerlin/Library/Developer/Xcode/DerivedData/FinancialCalculatorKit-ackorybalcxbfocbkqsfdzcfkgmn/SourcePackages/checkouts/SwiftDraw/DOM/Sources/TextOutputStream+StandardError.swift /Users/rogerlin/Library/Developer/Xcode/DerivedData/FinancialCalculatorKit-ackorybalcxbfocbkqsfdzcfkgmn/SourcePackages/checkouts/SwiftDraw/DOM/Sources/URL+Data.swift /Users/rogerlin/Library/Developer/Xcode/DerivedData/FinancialCalculatorKit-ackorybalcxbfocbkqsfdzcfkgmn/SourcePackages/checkouts/SwiftDraw/DOM/Sources/URL+Fragment.swift /Users/rogerlin/Library/Developer/Xcode/DerivedData/FinancialCalculatorKit-ackorybalcxbfocbkqsfdzcfkgmn/SourcePackages/checkouts/SwiftDraw/DOM/Sources/XML.Element.swift /Users/rogerlin/Library/Developer/Xcode/DerivedData/FinancialCalculatorKit-ackorybalcxbfocbkqsfdzcfkgmn/SourcePackages/checkouts/SwiftDraw/DOM/Sources/XML.SAXParser.swift -emit-dependencies-path /Users/rogerlin/Library/Developer/Xcode/DerivedData/FinancialCalculatorKit-ackorybalcxbfocbkqsfdzcfkgmn/Build/Intermediates.noindex/SwiftDraw.build/Debug/SwiftDrawDOM.build/Objects-normal/arm64/Parser.XML.d -emit-const-values-path /Users/rogerlin/Library/Developer/Xcode/DerivedData/FinancialCalculatorKit-ackorybalcxbfocbkqsfdzcfkgmn/Build/Intermediates.noindex/SwiftDraw.build/Debug/SwiftDrawDOM.build/Objects-normal/arm64/Parser.XML.swiftconstvalues -emit-reference-dependencies-path /Users/rogerlin/Library/Developer/Xcode/DerivedData/FinancialCalculatorKit-ackorybalcxbfocbkqsfdzcfkgmn/Build/Intermediates.noindex/SwiftDraw.build/Debug/SwiftDrawDOM.build/Objects-normal/arm64/Parser.XML.swiftdeps -serialize-diagnostics-path /Users/rogerlin/Library/Developer/Xcode/DerivedData/FinancialCalculatorKit-ackorybalcxbfocbkqsfdzcfkgmn/Build/Intermediates.noindex/SwiftDraw.build/Debug/SwiftDrawDOM.build/Objects-normal/arm64/Parser.XML.dia -emit-dependencies-path /Users/rogerlin/Library/Developer/Xcode/DerivedData/FinancialCalculatorKit-ackorybalcxbfocbkqsfdzcfkgmn/Build/Intermediates.noindex/SwiftDraw.build/Debug/SwiftDrawDOM.build/Objects-normal/arm64/TextOutputStream+StandardError.d -emit-const-values-path /Users/rogerlin/Library/Developer/Xcode/DerivedData/FinancialCalculatorKit-ackorybalcxbfocbkqsfdzcfkgmn/Build/Intermediates.noindex/SwiftDraw.build/Debug/SwiftDrawDOM.build/Objects-normal/arm64/TextOutputStream+StandardError.swiftconstvalues -emit-reference-dependencies-path /Users/rogerlin/Library/Developer/Xcode/DerivedData/FinancialCalculatorKit-ackorybalcxbfocbkqsfdzcfkgmn/Build/Intermediates.noindex/SwiftDraw.build/Debug/SwiftDrawDOM.build/Objects-normal/arm64/TextOutputStream+StandardError.swiftdeps -serialize-diagnostics-path /Users/rogerlin/Library/Developer/Xcode/DerivedData/FinancialCalculatorKit-ackorybalcxbfocbkqsfdzcfkgmn/Build/Intermediates.noindex/SwiftDraw.build/Debug/SwiftDrawDOM.build/Objects-normal/arm64/TextOutputStream+StandardError.dia -target arm64-apple-macos10.15 -module-can-import-version Darwin 347.40.2 0 -load-resolved-plugin /Applications/Xcode.app/Contents/Developer/Platforms/MacOSX.platform/Developer/usr/lib/swift/host/plugins/libFoundationMacros.dylib\#/Applications/Xcode.app/Contents/Developer/Platforms/MacOSX.platform/Developer/usr/bin/swift-plugin-server\#FoundationMacros -load-resolved-plugin /Applications/Xcode.app/Contents/Developer/Platforms/MacOSX.platform/Developer/usr/lib/swift/host/plugins/libObservationMacros.dylib\#/Applications/Xcode.app/Contents/Developer/Platforms/MacOSX.platform/Developer/usr/bin/swift-plugin-server\#ObservationMacros -load-resolved-plugin /Applications/Xcode.app/Contents/Developer/Platforms/MacOSX.platform/Developer/usr/lib/swift/host/plugins/libSwiftMacros.dylib\#/Applications/Xcode.app/Contents/Developer/Platforms/MacOSX.platform/Developer/usr/bin/swift-plugin-server\#SwiftMacros -disable-implicit-swift-modules -Xcc -fno-implicit-modules -Xcc -fno-implicit-module-maps -explicit-swift-module-map-file /Users/rogerlin/Library/Developer/Xcode/DerivedData/FinancialCalculatorKit-ackorybalcxbfocbkqsfdzcfkgmn/Build/Intermediates.noindex/SwiftDraw.build/Debug/SwiftDrawDOM.build/Objects-normal/arm64/SwiftDrawDOM-dependencies-1.json -Xllvm -aarch64-use-tbi -enable-objc-interop -stack-check -sdk /Applications/Xcode.app/Contents/Developer/Platforms/MacOSX.platform/Developer/SDKs/MacOSX26.1.sdk -I /Users/rogerlin/Library/Developer/Xcode/DerivedData/FinancialCalculatorKit-ackorybalcxbfocbkqsfdzcfkgmn/Build/Products/Debug -Isystem /Applications/Xcode.app/Contents/Developer/Platforms/MacOSX.platform/Developer/usr/lib -F /Users/rogerlin/Library/Developer/Xcode/DerivedData/FinancialCalculatorKit-ackorybalcxbfocbkqsfdzcfkgmn/Build/Products/Debug -F /Applications/Xcode.app/Contents/Developer/Platforms/MacOSX.platform/Developer/Library/Frameworks -no-color-diagnostics -Xcc -fno-color-diagnostics -enable-testing -g -debug-info-format\=dwarf -dwarf-version\=4 -module-cache-path /Users/rogerlin/Library/Developer/Xcode/DerivedData/FinancialCalculatorKit-ackorybalcxbfocbkqsfdzcfkgmn/Build/Intermediates.noindex/SwiftExplicitPrecompiledModules -suppress-warnings -profile-generate -profile-coverage-mapping -swift-version 6 -enforce-exclusivity\=checked -Onone -D SWIFT_PACKAGE -D DEBUG -D SWIFT_MODULE_RESOURCE_BUNDLE_UNAVAILABLE -D Xcode -serialize-debugging-options -const-gather-protocols-file /Users/rogerlin/Library/Developer/Xcode/DerivedData/FinancialCalculatorKit-ackorybalcxbfocbkqsfdzcfkgmn/Build/Intermediates.noindex/SwiftDraw.build/Debug/SwiftDrawDOM.build/Objects-normal/arm64/SwiftDrawDOM_const_extract_protocols.json -enable-experimental-feature DebugDescriptionMacro -empty-abi-descriptor -user-module-version 0.22.0 -validate-clang-modules-once -clang-build-session-file /Users/rogerlin/Library/Developer/Xcode/DerivedData/ModuleCache.noindex/Session.modulevalidation -Xcc -working-directory -Xcc /Users/rogerlin/XCode-Projects/FinancialCalculatorKit-5.0-updated-accent-colors/FinancialCalculatorKit.xcodeproj -enable-anonymous-context-mangled-names -file-compilation-dir /Users/rogerlin/XCode-Projects/FinancialCalculatorKit-5.0-updated-accent-colors/FinancialCalculatorKit.xcodeproj -Xcc -D_LIBCPP_HARDENING_MODE\=_LIBCPP_HARDENING_MODE_DEBUG -Xcc -ivfsstatcache -Xcc /Users/rogerlin/Library/Developer/Xcode/DerivedData/SDKStatCaches.noindex/macosx26.1-25B74-3ae1261907bdadc328169391a47051a6.sdkstatcache -Xcc -I/Users/rogerlin/Library/Developer/Xcode/DerivedData/FinancialCalculatorKit-ackorybalcxbfocbkqsfdzcfkgmn/Build/Intermediates.noindex/SwiftDraw.build/Debug/SwiftDrawDOM.build/swift-overrides.hmap -Xcc -I/Users/rogerlin/Library/Developer/Xcode/DerivedData/FinancialCalculatorKit-ackorybalcxbfocbkqsfdzcfkgmn/Build/Products/Debug/include -Xcc -I/Users/rogerlin/Library/Developer/Xcode/DerivedData/FinancialCalculatorKit-ackorybalcxbfocbkqsfdzcfkgmn/Build/Intermediates.noindex/SwiftDraw.build/Debug/SwiftDrawDOM.build/DerivedSources-normal/arm64 -Xcc -I/Users/rogerlin/Library/Developer/Xcode/DerivedData/FinancialCalculatorKit-ackorybalcxbfocbkqsfdzcfkgmn/Build/Intermediates.noindex/SwiftDraw.build/Debug/SwiftDrawDOM.build/DerivedSources/arm64 -Xcc -I/Users/rogerlin/Library/Developer/Xcode/DerivedData/FinancialCalculatorKit-ackorybalcxbfocbkqsfdzcfkgmn/Build/Intermediates.noindex/SwiftDraw.build/Debug/SwiftDrawDOM.build/DerivedSources -Xcc -DSWIFT_PACKAGE -Xcc -DDEBUG\=1 -no-auto-bridging-header-chaining -module-name SwiftDrawDOM -package-name swiftdraw -frontend-parseable-output -disable-clang-spi -target-sdk-version 26.1 -target-sdk-name macosx26.1 -clang-target arm64-apple-macos26.1 -in-process-plugin-server-path /Applications/Xcode.app/Contents/Developer/Toolchains/XcodeDefault.xctoolchain/usr/lib/swift/host/libSwiftInProcPluginServer.dylib -o /Users/rogerlin/Library/Developer/Xcode/DerivedData/FinancialCalculatorKit-ackorybalcxbfocbkqsfdzcfkgmn/Build/Intermediates.noindex/SwiftDraw.build/Debug/SwiftDrawDOM.build/Objects-normal/arm64/Parser.XML.o -o /Users/rogerlin/Library/Developer/Xcode/DerivedData/FinancialCalculatorKit-ackorybalcxbfocbkqsfdzcfkgmn/Build/Intermediates.noindex/SwiftDraw.build/Debug/SwiftDrawDOM.build/Objects-normal/arm64/TextOutputStream+StandardError.o -index-unit-output-path /SwiftDraw.build/Debug/SwiftDrawDOM.build/Objects-normal/arm64/Parser.XML.o -index-unit-output-path /SwiftDraw.build/Debug/SwiftDrawDOM.build/Objects-normal/arm64/TextOutputStream+StandardError.o -index-store-path /Users/rogerlin/Library/Developer/Xcode/DerivedData/FinancialCalculatorKit-ackorybalcxbfocbkqsfdzcfkgmn/Index.noindex/DataStore -index-system-modules

SwiftCompile normal arm64 /Users/rogerlin/Library/Developer/Xcode/DerivedData/FinancialCalculatorKit-ackorybalcxbfocbkqsfdzcfkgmn/SourcePackages/checkouts/SwiftDraw/DOM/Sources/Parser.XML.swift (in target 'SwiftDrawDOM' from project 'SwiftDraw')
    cd /Users/rogerlin/XCode-Projects/FinancialCalculatorKit-5.0-updated-accent-colors/FinancialCalculatorKit.xcodeproj
    

SwiftCompile normal arm64 /Users/rogerlin/Library/Developer/Xcode/DerivedData/FinancialCalculatorKit-ackorybalcxbfocbkqsfdzcfkgmn/SourcePackages/checkouts/SwiftDraw/DOM/Sources/TextOutputStream+StandardError.swift (in target 'SwiftDrawDOM' from project 'SwiftDraw')
    cd /Users/rogerlin/XCode-Projects/FinancialCalculatorKit-5.0-updated-accent-colors/FinancialCalculatorKit.xcodeproj
    

SwiftDriverJobDiscovery normal arm64 Emitting module for CasePathsMacros (in target 'CasePathsMacros' from project 'swift-case-paths')

Ld /Users/rogerlin/Library/Developer/Xcode/DerivedData/FinancialCalculatorKit-ackorybalcxbfocbkqsfdzcfkgmn/Build/Products/Debug/UInt128.o normal (in target 'UInt128' from project 'UInt128')
    cd /Users/rogerlin/Library/Developer/Xcode/DerivedData/FinancialCalculatorKit-ackorybalcxbfocbkqsfdzcfkgmn/SourcePackages/checkouts/UInt128
    /Applications/Xcode.app/Contents/Developer/Toolchains/XcodeDefault.xctoolchain/usr/bin/clang -Xlinker -reproducible -target arm64-apple-macos13.3 -r -isysroot /Applications/Xcode.app/Contents/Developer/Platforms/MacOSX.platform/Developer/SDKs/MacOSX26.1.sdk -O0 -w -L/Users/rogerlin/Library/Developer/Xcode/DerivedData/FinancialCalculatorKit-ackorybalcxbfocbkqsfdzcfkgmn/Build/Intermediates.noindex/EagerLinkingTBDs/Debug -L/Users/rogerlin/Library/Developer/Xcode/DerivedData/FinancialCalculatorKit-ackorybalcxbfocbkqsfdzcfkgmn/Build/Products/Debug -L/Applications/Xcode.app/Contents/Developer/Platforms/MacOSX.platform/Developer/usr/lib -F/Users/rogerlin/Library/Developer/Xcode/DerivedData/FinancialCalculatorKit-ackorybalcxbfocbkqsfdzcfkgmn/Build/Intermediates.noindex/EagerLinkingTBDs/Debug -F/Users/rogerlin/Library/Developer/Xcode/DerivedData/FinancialCalculatorKit-ackorybalcxbfocbkqsfdzcfkgmn/Build/Products/Debug -iframework /Applications/Xcode.app/Contents/Developer/Platforms/MacOSX.platform/Developer/Library/Frameworks -filelist /Users/rogerlin/Library/Developer/Xcode/DerivedData/FinancialCalculatorKit-ackorybalcxbfocbkqsfdzcfkgmn/Build/Intermediates.noindex/UInt128.build/Debug/UInt128.build/Objects-normal/arm64/UInt128.LinkFileList -nostdlib -Xlinker -object_path_lto -Xlinker /Users/rogerlin/Library/Developer/Xcode/DerivedData/FinancialCalculatorKit-ackorybalcxbfocbkqsfdzcfkgmn/Build/Intermediates.noindex/UInt128.build/Debug/UInt128.build/Objects-normal/arm64/UInt128_lto.o -rdynamic -Xlinker -no_deduplicate -Xlinker -debug_variant -Xlinker -dependency_info -Xlinker /Users/rogerlin/Library/Developer/Xcode/DerivedData/FinancialCalculatorKit-ackorybalcxbfocbkqsfdzcfkgmn/Build/Intermediates.noindex/UInt128.build/Debug/UInt128.build/Objects-normal/arm64/UInt128_dependency_info.dat -fobjc-link-runtime -L/Applications/Xcode.app/Contents/Developer/Toolchains/XcodeDefault.xctoolchain/usr/lib/swift/macosx -L/usr/lib/swift -Xlinker -add_ast_path -Xlinker /Users/rogerlin/Library/Developer/Xcode/DerivedData/FinancialCalculatorKit-ackorybalcxbfocbkqsfdzcfkgmn/Build/Intermediates.noindex/UInt128.build/Debug/UInt128.build/Objects-normal/arm64/UInt128.swiftmodule @/Users/rogerlin/Library/Developer/Xcode/DerivedData/FinancialCalculatorKit-ackorybalcxbfocbkqsfdzcfkgmn/Build/Intermediates.noindex/UInt128.build/Debug/UInt128.build/Objects-normal/arm64/UInt128-linker-args.resp -o /Users/rogerlin/Library/Developer/Xcode/DerivedData/FinancialCalculatorKit-ackorybalcxbfocbkqsfdzcfkgmn/Build/Products/Debug/UInt128.o

    Task input dependencies:
        /Users/rogerlin/Library/Developer/Xcode/DerivedData/FinancialCalculatorKit-ackorybalcxbfocbkqsfdzcfkgmn/Build/Intermediates.noindex/UInt128.build/Debug/UInt128.build/Objects-normal/arm64/Common.o
        /Users/rogerlin/Library/Developer/Xcode/DerivedData/FinancialCalculatorKit-ackorybalcxbfocbkqsfdzcfkgmn/Build/Intermediates.noindex/UInt128.build/Debug/UInt128.build/Objects-normal/arm64/Int128.o
        /Users/rogerlin/Library/Developer/Xcode/DerivedData/FinancialCalculatorKit-ackorybalcxbfocbkqsfdzcfkgmn/Build/Intermediates.noindex/UInt128.build/Debug/UInt128.build/Objects-normal/arm64/UInt128-b2e2aa60cd5beffe3d533073c94efc7d.o
        /Users/rogerlin/Library/Developer/Xcode/DerivedData/FinancialCalculatorKit-ackorybalcxbfocbkqsfdzcfkgmn/Build/Intermediates.noindex/UInt128.build/Debug/UInt128.build/Objects-normal/arm64/UInt128.LinkFileList
        /Users/rogerlin/Library/Developer/Xcode/DerivedData/FinancialCalculatorKit-ackorybalcxbfocbkqsfdzcfkgmn/Build/Products/Debug

    Task output dependencies:
        /Users/rogerlin/Library/Developer/Xcode/DerivedData/FinancialCalculatorKit-ackorybalcxbfocbkqsfdzcfkgmn/Build/Products/Debug/UInt128.o
        /Users/rogerlin/Library/Developer/Xcode/DerivedData/FinancialCalculatorKit-ackorybalcxbfocbkqsfdzcfkgmn/Build/Intermediates.noindex/UInt128.build/Debug/UInt128.build/Objects-normal/arm64/UInt128_lto.o
        /Users/rogerlin/Library/Developer/Xcode/DerivedData/FinancialCalculatorKit-ackorybalcxbfocbkqsfdzcfkgmn/Build/Intermediates.noindex/UInt128.build/Debug/UInt128.build/Objects-normal/arm64/UInt128_dependency_info.dat

SwiftDriverJobDiscovery normal arm64 Compiling Arithmetic.swift (in target 'ComplexModule' from project 'swift-numerics')

SwiftDriver\ Compilation\ Requirements CasePathsMacros normal arm64 com.apple.xcode.tools.swift.compiler (in target 'CasePathsMacros' from project 'swift-case-paths')
    cd /Users/rogerlin/XCode-Projects/FinancialCalculatorKit-5.0-updated-accent-colors/FinancialCalculatorKit.xcodeproj
    builtin-Swift-Compilation-Requirements -- /Applications/Xcode.app/Contents/Developer/Toolchains/XcodeDefault.xctoolchain/usr/bin/swiftc -module-name CasePathsMacros -Onone -enforce-exclusivity\=checked @/Users/rogerlin/Library/Developer/Xcode/DerivedData/FinancialCalculatorKit-ackorybalcxbfocbkqsfdzcfkgmn/Build/Intermediates.noindex/swift-case-paths.build/Debug/CasePathsMacros.build/Objects-normal/arm64/CasePathsMacros.SwiftFileList -DSWIFT_PACKAGE -DDEBUG -DXcode -I/Users/rogerlin/Library/Developer/Xcode/DerivedData/FinancialCalculatorKit-ackorybalcxbfocbkqsfdzcfkgmn/SourcePackages/prebuilts/swift-syntax/601.0.1/swiftlang-6.2.1.4.8-MacroSupport-macos_aarch64/Modules -I/Users/rogerlin/Library/Developer/Xcode/DerivedData/FinancialCalculatorKit-ackorybalcxbfocbkqsfdzcfkgmn/SourcePackages/checkouts/swift-syntax/Sources/_SwiftLibraryPluginProviderCShims/include -I/Users/rogerlin/Library/Developer/Xcode/DerivedData/FinancialCalculatorKit-ackorybalcxbfocbkqsfdzcfkgmn/SourcePackages/checkouts/swift-syntax/Sources/_SwiftSyntaxCShims/include -plugin-path /Applications/Xcode.app/Contents/Developer/Toolchains/XcodeDefault.xctoolchain/usr/lib/swift/host/plugins/testing -enable-experimental-feature DebugDescriptionMacro -sdk /Applications/Xcode.app/Contents/Developer/Platforms/MacOSX.platform/Developer/SDKs/MacOSX26.1.sdk -target arm64-apple-macos10.15 -g -module-cache-path /Users/rogerlin/Library/Developer/Xcode/DerivedData/ModuleCache.noindex -Xfrontend -serialize-debugging-options -profile-coverage-mapping -profile-generate -enable-testing -suppress-warnings -index-store-path /Users/rogerlin/Library/Developer/Xcode/DerivedData/FinancialCalculatorKit-ackorybalcxbfocbkqsfdzcfkgmn/Index.noindex/DataStore -Xcc -D_LIBCPP_HARDENING_MODE\=_LIBCPP_HARDENING_MODE_DEBUG -swift-version 6 -I /Users/rogerlin/Library/Developer/Xcode/DerivedData/FinancialCalculatorKit-ackorybalcxbfocbkqsfdzcfkgmn/Build/Products/Debug -Isystem /Applications/Xcode.app/Contents/Developer/Platforms/MacOSX.platform/Developer/usr/lib -F /Users/rogerlin/Library/Developer/Xcode/DerivedData/FinancialCalculatorKit-ackorybalcxbfocbkqsfdzcfkgmn/Build/Products/Debug -F /Applications/Xcode.app/Contents/Developer/Platforms/MacOSX.platform/Developer/Library/Frameworks -c -j16 -enable-batch-mode -incremental -Xcc -ivfsstatcache -Xcc /Users/rogerlin/Library/Developer/Xcode/DerivedData/SDKStatCaches.noindex/macosx26.1-25B74-3ae1261907bdadc328169391a47051a6.sdkstatcache -output-file-map /Users/rogerlin/Library/Developer/Xcode/DerivedData/FinancialCalculatorKit-ackorybalcxbfocbkqsfdzcfkgmn/Build/Intermediates.noindex/swift-case-paths.build/Debug/CasePathsMacros.build/Objects-normal/arm64/CasePathsMacros-OutputFileMap.json -use-frontend-parseable-output -save-temps -no-color-diagnostics -explicit-module-build -module-cache-path /Users/rogerlin/Library/Developer/Xcode/DerivedData/FinancialCalculatorKit-ackorybalcxbfocbkqsfdzcfkgmn/Build/Intermediates.noindex/SwiftExplicitPrecompiledModules -clang-scanner-module-cache-path /Users/rogerlin/Library/Developer/Xcode/DerivedData/ModuleCache.noindex -sdk-module-cache-path /Users/rogerlin/Library/Developer/Xcode/DerivedData/ModuleCache.noindex -serialize-diagnostics -emit-dependencies -emit-module -emit-module-path /Users/rogerlin/Library/Developer/Xcode/DerivedData/FinancialCalculatorKit-ackorybalcxbfocbkqsfdzcfkgmn/Build/Intermediates.noindex/swift-case-paths.build/Debug/CasePathsMacros.build/Objects-normal/arm64/CasePathsMacros.swiftmodule -user-module-version 1.7.0 -validate-clang-modules-once -clang-build-session-file /Users/rogerlin/Library/Developer/Xcode/DerivedData/ModuleCache.noindex/Session.modulevalidation -package-name swift_case_paths -emit-const-values -Xfrontend -const-gather-protocols-file -Xfrontend /Users/rogerlin/Library/Developer/Xcode/DerivedData/FinancialCalculatorKit-ackorybalcxbfocbkqsfdzcfkgmn/Build/Intermediates.noindex/swift-case-paths.build/Debug/CasePathsMacros.build/Objects-normal/arm64/CasePathsMacros_const_extract_protocols.json -Xcc -I/Users/rogerlin/Library/Developer/Xcode/DerivedData/FinancialCalculatorKit-ackorybalcxbfocbkqsfdzcfkgmn/Build/Products/Debug/include -Xcc -I/Users/rogerlin/Library/Developer/Xcode/DerivedData/FinancialCalculatorKit-ackorybalcxbfocbkqsfdzcfkgmn/Build/Intermediates.noindex/swift-case-paths.build/Debug/CasePathsMacros.build/DerivedSources-normal/arm64 -Xcc -I/Users/rogerlin/Library/Developer/Xcode/DerivedData/FinancialCalculatorKit-ackorybalcxbfocbkqsfdzcfkgmn/Build/Intermediates.noindex/swift-case-paths.build/Debug/CasePathsMacros.build/DerivedSources/arm64 -Xcc -I/Users/rogerlin/Library/Developer/Xcode/DerivedData/FinancialCalculatorKit-ackorybalcxbfocbkqsfdzcfkgmn/Build/Intermediates.noindex/swift-case-paths.build/Debug/CasePathsMacros.build/DerivedSources -Xcc -DSWIFT_PACKAGE -Xcc -DDEBUG\=1 -working-directory /Users/rogerlin/XCode-Projects/FinancialCalculatorKit-5.0-updated-accent-colors/FinancialCalculatorKit.xcodeproj -experimental-emit-module-separately -disable-cmo

    Task input dependencies:
        /Users/rogerlin/Library/Developer/Xcode/DerivedData/FinancialCalculatorKit-ackorybalcxbfocbkqsfdzcfkgmn/SourcePackages/checkouts/swift-case-paths/Sources/CasePathsMacros/CasePathableMacro.swift
        /Users/rogerlin/Library/Developer/Xcode/DerivedData/FinancialCalculatorKit-ackorybalcxbfocbkqsfdzcfkgmn/SourcePackages/checkouts/swift-case-paths/Sources/CasePathsMacros/Plugin.swift
        /Users/rogerlin/Library/Developer/Xcode/DerivedData/FinancialCalculatorKit-ackorybalcxbfocbkqsfdzcfkgmn/Build/Intermediates.noindex/swift-case-paths.build/Debug/CasePathsMacros.build/Objects-normal/arm64/CasePathsMacros.SwiftFileList
        /Users/rogerlin/Library/Developer/Xcode/DerivedData/FinancialCalculatorKit-ackorybalcxbfocbkqsfdzcfkgmn/Build/Intermediates.noindex/swift-case-paths.build/Debug/CasePathsMacros.build/Objects-normal/arm64/CasePathsMacros-OutputFileMap.json
        /Users/rogerlin/Library/Developer/Xcode/DerivedData/FinancialCalculatorKit-ackorybalcxbfocbkqsfdzcfkgmn/Build/Intermediates.noindex/swift-case-paths.build/Debug/CasePathsMacros.build/Objects-normal/arm64/CasePathsMacros_const_extract_protocols.json
        /Users/rogerlin/Library/Developer/Xcode/DerivedData/FinancialCalculatorKit-ackorybalcxbfocbkqsfdzcfkgmn/SourcePackages/checkouts/swift-case-paths/Sources/CasePathsMacros/CasePathableMacro.swift
        /Users/rogerlin/Library/Developer/Xcode/DerivedData/FinancialCalculatorKit-ackorybalcxbfocbkqsfdzcfkgmn/SourcePackages/checkouts/swift-case-paths/Sources/CasePathsMacros/Plugin.swift
        /Users/rogerlin/Library/Developer/Xcode/DerivedData/FinancialCalculatorKit-ackorybalcxbfocbkqsfdzcfkgmn/Build/Intermediates.noindex/swift-case-paths.build/Debug/CasePathsMacros.build/Objects-normal/arm64/CasePathsMacros.SwiftFileList
        /Users/rogerlin/Library/Developer/Xcode/DerivedData/FinancialCalculatorKit-ackorybalcxbfocbkqsfdzcfkgmn/Build/Intermediates.noindex/swift-case-paths.build/Debug/CasePathsMacros.build/Objects-normal/arm64/CasePathsMacros-OutputFileMap.json
        /Users/rogerlin/Library/Developer/Xcode/DerivedData/FinancialCalculatorKit-ackorybalcxbfocbkqsfdzcfkgmn/Build/Intermediates.noindex/swift-case-paths.build/Debug/CasePathsMacros.build/Objects-normal/arm64/CasePathsMacros_const_extract_protocols.json
        <ClangStatCache /Users/rogerlin/Library/Developer/Xcode/DerivedData/SDKStatCaches.noindex/macosx26.1-25B74-3ae1261907bdadc328169391a47051a6.sdkstatcache>
        <target-CasePathsMacros-PACKAGE-TARGET:CasePathsMacros-SDKROOT:macosx:SDK_VARIANT:macos-copy-headers-completion>
        <target-CasePathsMacros-PACKAGE-TARGET:CasePathsMacros-SDKROOT:macosx:SDK_VARIANT:macos-ModuleVerifierTaskProducer>
        <target-CasePathsMacros-PACKAGE-TARGET:CasePathsMacros-SDKROOT:macosx:SDK_VARIANT:macos-begin-compiling>
        <WorkspaceHeaderMapVFSFilesWritten>

    Task output dependencies:
        /Users/rogerlin/Library/Developer/Xcode/DerivedData/FinancialCalculatorKit-ackorybalcxbfocbkqsfdzcfkgmn/Build/Intermediates.noindex/swift-case-paths.build/Debug/CasePathsMacros.build/Objects-normal/arm64/CasePathsMacros Swift Compilation Requirements Finished
        /Users/rogerlin/Library/Developer/Xcode/DerivedData/FinancialCalculatorKit-ackorybalcxbfocbkqsfdzcfkgmn/Build/Intermediates.noindex/swift-case-paths.build/Debug/CasePathsMacros.build/Objects-normal/arm64/CasePathsMacros.swiftmodule
        /Users/rogerlin/Library/Developer/Xcode/DerivedData/FinancialCalculatorKit-ackorybalcxbfocbkqsfdzcfkgmn/Build/Intermediates.noindex/swift-case-paths.build/Debug/CasePathsMacros.build/Objects-normal/arm64/CasePathsMacros-linker-args.resp
        /Users/rogerlin/Library/Developer/Xcode/DerivedData/FinancialCalculatorKit-ackorybalcxbfocbkqsfdzcfkgmn/Build/Intermediates.noindex/swift-case-paths.build/Debug/CasePathsMacros.build/Objects-normal/arm64/CasePathsMacros.swiftsourceinfo
        /Users/rogerlin/Library/Developer/Xcode/DerivedData/FinancialCalculatorKit-ackorybalcxbfocbkqsfdzcfkgmn/Build/Intermediates.noindex/swift-case-paths.build/Debug/CasePathsMacros.build/Objects-normal/arm64/CasePathsMacros.abi.json
        /Users/rogerlin/Library/Developer/Xcode/DerivedData/FinancialCalculatorKit-ackorybalcxbfocbkqsfdzcfkgmn/Build/Intermediates.noindex/swift-case-paths.build/Debug/CasePathsMacros.build/Objects-normal/arm64/CasePathsMacros.swiftdoc
Discovered dependency nodes:
/Applications/Xcode.app/Contents/Developer/Toolchains/XcodeDefault.xctoolchain/usr/lib/swift/macosx/prebuilt-modules/26.1/Combine.swiftmodule/arm64e-apple-macos.swiftmodule
/Applications/Xcode.app/Contents/Developer/Platforms/MacOSX.platform/Developer/SDKs/MacOSX26.1.sdk/usr/include/Darwin.modulemap
/Applications/Xcode.app/Contents/Developer/Platforms/MacOSX.platform/Developer/SDKs/MacOSX26.1.sdk/usr/include/Darwin_C.modulemap
/Applications/Xcode.app/Contents/Developer/Platforms/MacOSX.platform/Developer/SDKs/MacOSX26.1.sdk/usr/include/Darwin_POSIX.modulemap
/Applications/Xcode.app/Contents/Developer/Platforms/MacOSX.platform/Developer/SDKs/MacOSX26.1.sdk/usr/include/net.modulemap
/Applications/Xcode.app/Contents/Developer/Platforms/MacOSX.platform/Developer/SDKs/MacOSX26.1.sdk/usr/include/netinet.modulemap
/Applications/Xcode.app/Contents/Developer/Platforms/MacOSX.platform/Developer/SDKs/MacOSX26.1.sdk/usr/include/bank.modulemap
/Applications/Xcode.app/Contents/Developer/Platforms/MacOSX.platform/Developer/SDKs/MacOSX26.1.sdk/usr/include/Darwin_Mach.modulemap
/Applications/Xcode.app/Contents/Developer/Platforms/MacOSX.platform/Developer/SDKs/MacOSX26.1.sdk/usr/include/Darwin_Mach_machine.modulemap
/Applications/Xcode.app/Contents/Developer/Platforms/MacOSX.platform/Developer/SDKs/MacOSX26.1.sdk/usr/include/mach_debug.modulemap
/Applications/Xcode.app/Contents/Developer/Platforms/MacOSX.platform/Developer/SDKs/MacOSX26.1.sdk/usr/include/device.modulemap
/Applications/Xcode.app/Contents/Developer/Platforms/MacOSX.platform/Developer/SDKs/MacOSX26.1.sdk/usr/include/Darwin_machine.modulemap
/Applications/Xcode.app/Contents/Developer/Platforms/MacOSX.platform/Developer/SDKs/MacOSX26.1.sdk/usr/include/ncurses.modulemap
/Applications/Xcode.app/Contents/Developer/Platforms/MacOSX.platform/Developer/SDKs/MacOSX26.1.sdk/usr/include/netinet6.modulemap
/Applications/Xcode.app/Contents/Developer/Platforms/MacOSX.platform/Developer/SDKs/MacOSX26.1.sdk/usr/include/Darwin_sys.modulemap
/Applications/Xcode.app/Contents/Developer/Platforms/MacOSX.platform/Developer/SDKs/MacOSX26.1.sdk/usr/include/uuid.modulemap
/Applications/Xcode.app/Contents/Developer/Platforms/MacOSX.platform/Developer/SDKs/MacOSX26.1.sdk/usr/include/DarwinFoundation2.modulemap
/Applications/Xcode.app/Contents/Developer/Platforms/MacOSX.platform/Developer/SDKs/MacOSX26.1.sdk/usr/include/DarwinFoundation3.modulemap
/Applications/Xcode.app/Contents/Developer/Platforms/MacOSX.platform/Developer/SDKs/MacOSX26.1.sdk/usr/include/DarwinFoundation1.modulemap
/Applications/Xcode.app/Contents/Developer/Platforms/MacOSX.platform/Developer/SDKs/MacOSX26.1.sdk/usr/include/copyfile.h
/Applications/Xcode.app/Contents/Developer/Toolchains/XcodeDefault.xctoolchain/usr/lib/swift/clang/include/module.modulemap
/Applications/Xcode.app/Contents/Developer/Platforms/MacOSX.platform/Developer/SDKs/MacOSX26.1.sdk/usr/include/err.h
/Applications/Xcode.app/Contents/Developer/Platforms/MacOSX.platform/Developer/SDKs/MacOSX26.1.sdk/usr/include/readpassphrase.h
/Applications/Xcode.app/Contents/Developer/Platforms/MacOSX.platform/Developer/SDKs/MacOSX26.1.sdk/usr/include/util.h
/Applications/Xcode.app/Contents/Developer/Platforms/MacOSX.platform/Developer/SDKs/MacOSX26.1.sdk/usr/include/sys/ttycom.h
/Applications/Xcode.app/Contents/Developer/Platforms/MacOSX.platform/Developer/SDKs/MacOSX26.1.sdk/usr/include/sys/ioccom.h
/Applications/Xcode.app/Contents/Developer/Platforms/MacOSX.platform/Developer/SDKs/MacOSX26.1.sdk/usr/include/stdio.h
/Applications/Xcode.app/Contents/Developer/Platforms/MacOSX.platform/Developer/SDKs/MacOSX26.1.sdk/usr/include/pwd.h
/Applications/Xcode.app/Contents/Developer/Platforms/MacOSX.platform/Developer/SDKs/MacOSX26.1.sdk/usr/include/uuid/uuid.h
/Applications/Xcode.app/Contents/Developer/Platforms/MacOSX.platform/Developer/SDKs/MacOSX26.1.sdk/usr/include/termios.h
/Applications/Xcode.app/Contents/Developer/Platforms/MacOSX.platform/Developer/SDKs/MacOSX26.1.sdk/usr/include/sys/termios.h
/Applications/Xcode.app/Contents/Developer/Platforms/MacOSX.platform/Developer/SDKs/MacOSX26.1.sdk/usr/include/sys/ttydefaults.h
/Applications/Xcode.app/Contents/Developer/Platforms/MacOSX.platform/Developer/SDKs/MacOSX26.1.sdk/usr/include/utmp.h
/Applications/Xcode.app/Contents/Developer/Platforms/MacOSX.platform/Developer/SDKs/MacOSX26.1.sdk/usr/include/xattr_flags.h
/Applications/Xcode.app/Contents/Developer/Platforms/MacOSX.platform/Developer/SDKs/MacOSX26.1.sdk/usr/include/_modules/_darwin_c_ctype.h
/Applications/Xcode.app/Contents/Developer/Platforms/MacOSX.platform/Developer/SDKs/MacOSX26.1.sdk/usr/include/ctype.h
/Applications/Xcode.app/Contents/Developer/Platforms/MacOSX.platform/Developer/SDKs/MacOSX26.1.sdk/usr/include/_modules/_darwin_c_errno.h
/Applications/Xcode.app/Contents/Developer/Platforms/MacOSX.platform/Developer/SDKs/MacOSX26.1.sdk/usr/include/_modules/_darwin_c_inttypes.h
/Applications/Xcode.app/Contents/Developer/Platforms/MacOSX.platform/Developer/SDKs/MacOSX26.1.sdk/usr/include/_modules/_darwin_c_limits.h
/Applications/Xcode.app/Contents/Developer/Platforms/MacOSX.platform/Developer/SDKs/MacOSX26.1.sdk/usr/include/_modules/_darwin_c_signal.h
/Applications/Xcode.app/Contents/Developer/Platforms/MacOSX.platform/Developer/SDKs/MacOSX26.1.sdk/usr/include/_modules/_darwin_c_stdarg.h
/Applications/Xcode.app/Contents/Developer/Toolchains/XcodeDefault.xctoolchain/usr/lib/swift/clang/include/stdarg.h
/Applications/Xcode.app/Contents/Developer/Platforms/MacOSX.platform/Developer/SDKs/MacOSX26.1.sdk/usr/include/_modules/_darwin_c_stdbool.h
/Applications/Xcode.app/Contents/Developer/Platforms/MacOSX.platform/Developer/SDKs/MacOSX26.1.sdk/usr/include/_modules/_darwin_c_stddef.h
/Applications/Xcode.app/Contents/Developer/Toolchains/XcodeDefault.xctoolchain/usr/lib/swift/clang/include/stddef.h
/Applications/Xcode.app/Contents/Developer/Platforms/MacOSX.platform/Developer/SDKs/MacOSX26.1.sdk/usr/include/_modules/_darwin_c_stdint.h
/Applications/Xcode.app/Contents/Developer/Platforms/MacOSX.platform/Developer/SDKs/MacOSX26.1.sdk/usr/include/_modules/_darwin_c_stdio.h
/Applications/Xcode.app/Contents/Developer/Platforms/MacOSX.platform/Developer/SDKs/MacOSX26.1.sdk/usr/include/_modules/_darwin_c_stdlib.h
/Applications/Xcode.app/Contents/Developer/Platforms/MacOSX.platform/Developer/SDKs/MacOSX26.1.sdk/usr/include/stdlib.h
/Applications/Xcode.app/Contents/Developer/Platforms/MacOSX.platform/Developer/SDKs/MacOSX26.1.sdk/usr/include/_modules/_darwin_c_string.h
/Applications/Xcode.app/Contents/Developer/Platforms/MacOSX.platform/Developer/SDKs/MacOSX26.1.sdk/usr/include/string.h
/Applications/Xcode.app/Contents/Developer/Platforms/MacOSX.platform/Developer/SDKs/MacOSX26.1.sdk/usr/include/_modules/_darwin_c_time.h
/Applications/Xcode.app/Contents/Developer/Platforms/MacOSX.platform/Developer/SDKs/MacOSX26.1.sdk/usr/include/time.h
/Applications/Xcode.app/Contents/Developer/Platforms/MacOSX.platform/Developer/SDKs/MacOSX26.1.sdk/usr/include/_modules/_darwin_c_wchar.h
/Applications/Xcode.app/Contents/Developer/Platforms/MacOSX.platform/Developer/SDKs/MacOSX26.1.sdk/usr/include/wchar.h
/Applications/Xcode.app/Contents/Developer/Platforms/MacOSX.platform/Developer/SDKs/MacOSX26.1.sdk/usr/include/aio.h
/Applications/Xcode.app/Contents/Developer/Platforms/MacOSX.platform/Developer/SDKs/MacOSX26.1.sdk/usr/include/sys/aio.h
/Applications/Xcode.app/Contents/Developer/Platforms/MacOSX.platform/Developer/SDKs/MacOSX26.1.sdk/usr/include/sys/_types/_o_sync.h
/Applications/Xcode.app/Contents/Developer/Platforms/MacOSX.platform/Developer/SDKs/MacOSX26.1.sdk/usr/include/sys/_types/_o_dsync.h
/Applications/Xcode.app/Contents/Developer/Platforms/MacOSX.platform/Developer/SDKs/MacOSX26.1.sdk/usr/include/arpa/inet.h
/Applications/Xcode.app/Contents/Developer/Platforms/MacOSX.platform/Developer/SDKs/MacOSX26.1.sdk/usr/include/netinet/in.h
/Applications/Xcode.app/Contents/Developer/Platforms/MacOSX.platform/Developer/SDKs/MacOSX26.1.sdk/usr/include/sys/socket.h
/Applications/Xcode.app/Contents/Developer/Platforms/MacOSX.platform/Developer/SDKs/MacOSX26.1.sdk/usr/include/sys/constrained_ctypes.h
/Applications/Xcode.app/Contents/Developer/Platforms/MacOSX.platform/Developer/SDKs/MacOSX26.1.sdk/usr/include/machine/_param.h
/Applications/Xcode.app/Contents/Developer/Platforms/MacOSX.platform/Developer/SDKs/MacOSX26.1.sdk/usr/include/arm/_param.h
/Applications/Xcode.app/Contents/Developer/Platforms/MacOSX.platform/Developer/SDKs/MacOSX26.1.sdk/usr/include/net/net_kev.h
/Applications/Xcode.app/Contents/Developer/Platforms/MacOSX.platform/Developer/SDKs/MacOSX26.1.sdk/usr/include/sys/_types/_sa_family_t.h
/Applications/Xcode.app/Contents/Developer/Platforms/MacOSX.platform/Developer/SDKs/MacOSX26.1.sdk/usr/include/sys/_types/_socklen_t.h
/Applications/Xcode.app/Contents/Developer/Platforms/MacOSX.platform/Developer/SDKs/MacOSX26.1.sdk/usr/include/sys/_types/_iovec_t.h
/Applications/Xcode.app/Contents/Developer/Platforms/MacOSX.platform/Developer/SDKs/MacOSX26.1.sdk/usr/include/netinet6/in6.h
/Applications/Xcode.app/Contents/Developer/Platforms/MacOSX.platform/Developer/SDKs/MacOSX26.1.sdk/usr/include/cpio.h
/Applications/Xcode.app/Contents/Developer/Platforms/MacOSX.platform/Developer/SDKs/MacOSX26.1.sdk/usr/include/dirent.h
/Applications/Xcode.app/Contents/Developer/Platforms/MacOSX.platform/Developer/SDKs/MacOSX26.1.sdk/usr/include/sys/dirent.h
/Applications/Xcode.app/Contents/Developer/Platforms/MacOSX.platform/Developer/SDKs/MacOSX26.1.sdk/usr/include/sys/dir.h
/Applications/Xcode.app/Contents/Developer/Platforms/MacOSX.platform/Developer/SDKs/MacOSX26.1.sdk/usr/include/dlfcn.h
/Applications/Xcode.app/Contents/Developer/Platforms/MacOSX.platform/Developer/SDKs/MacOSX26.1.sdk/usr/include/fcntl.h
/Applications/Xcode.app/Contents/Developer/Platforms/MacOSX.platform/Developer/SDKs/MacOSX26.1.sdk/usr/include/sys/fcntl.h
/Applications/Xcode.app/Contents/Developer/Platforms/MacOSX.platform/Developer/SDKs/MacOSX26.1.sdk/usr/include/sys/_types/_s_ifmt.h
/Applications/Xcode.app/Contents/Developer/Platforms/MacOSX.platform/Developer/SDKs/MacOSX26.1.sdk/usr/include/sys/_types/_filesec_t.h
/Applications/Xcode.app/Contents/Developer/Platforms/MacOSX.platform/Developer/SDKs/MacOSX26.1.sdk/usr/include/fmtmsg.h
/Applications/Xcode.app/Contents/Developer/Platforms/MacOSX.platform/Developer/SDKs/MacOSX26.1.sdk/usr/include/fnmatch.h
/Applications/Xcode.app/Contents/Developer/Platforms/MacOSX.platform/Developer/SDKs/MacOSX26.1.sdk/usr/include/ftw.h
/Applications/Xcode.app/Contents/Developer/Platforms/MacOSX.platform/Developer/SDKs/MacOSX26.1.sdk/usr/include/sys/stat.h
/Applications/Xcode.app/Contents/Developer/Platforms/MacOSX.platform/Developer/SDKs/MacOSX26.1.sdk/usr/include/glob.h
/Applications/Xcode.app/Contents/Developer/Platforms/MacOSX.platform/Developer/SDKs/MacOSX26.1.sdk/usr/include/grp.h
/Applications/Xcode.app/Contents/Developer/Platforms/MacOSX.platform/Developer/SDKs/MacOSX26.1.sdk/usr/include/iconv.h
/Applications/Xcode.app/Contents/Developer/Platforms/MacOSX.platform/Developer/SDKs/MacOSX26.1.sdk/usr/include/ifaddrs.h
/Applications/Xcode.app/Contents/Developer/Platforms/MacOSX.platform/Developer/SDKs/MacOSX26.1.sdk/usr/include/sys/ioctl.h
/Applications/Xcode.app/Contents/Developer/Platforms/MacOSX.platform/Developer/SDKs/MacOSX26.1.sdk/usr/include/sys/filio.h
/Applications/Xcode.app/Contents/Developer/Platforms/MacOSX.platform/Developer/SDKs/MacOSX26.1.sdk/usr/include/sys/sockio.h
/Applications/Xcode.app/Contents/Developer/Platforms/MacOSX.platform/Developer/SDKs/MacOSX26.1.sdk/usr/include/net/if.h
/Applications/Xcode.app/Contents/Developer/Platforms/MacOSX.platform/Developer/SDKs/MacOSX26.1.sdk/usr/include/net/if_var.h
/Applications/Xcode.app/Contents/Developer/Platforms/MacOSX.platform/Developer/SDKs/MacOSX26.1.sdk/usr/include/sys/time.h
/Applications/Xcode.app/Contents/Developer/Platforms/MacOSX.platform/Developer/SDKs/MacOSX26.1.sdk/usr/include/sys/_types/_timeval64.h
/Applications/Xcode.app/Contents/Developer/Platforms/MacOSX.platform/Developer/SDKs/MacOSX26.1.sdk/usr/include/sys/_types/_timeval32.h
/Applications/Xcode.app/Contents/Developer/Platforms/MacOSX.platform/Developer/SDKs/MacOSX26.1.sdk/usr/include/_langinfo.h
/Applications/Xcode.app/Contents/Developer/Platforms/MacOSX.platform/Developer/SDKs/MacOSX26.1.sdk/usr/include/xlocale/_langinfo.h
/Applications/Xcode.app/Contents/Developer/Platforms/MacOSX.platform/Developer/SDKs/MacOSX26.1.sdk/usr/include/libgen.h
/Applications/Xcode.app/Contents/Developer/Platforms/MacOSX.platform/Developer/SDKs/MacOSX26.1.sdk/usr/include/_monetary.h
/Applications/Xcode.app/Contents/Developer/Platforms/MacOSX.platform/Developer/SDKs/MacOSX26.1.sdk/usr/include/xlocale/_monetary.h
/Applications/Xcode.app/Contents/Developer/Platforms/MacOSX.platform/Developer/SDKs/MacOSX26.1.sdk/usr/include/ndbm.h
/Applications/Xcode.app/Contents/Developer/Platforms/MacOSX.platform/Developer/SDKs/MacOSX26.1.sdk/usr/include/netdb.h
/Applications/Xcode.app/Contents/Developer/Platforms/MacOSX.platform/Developer/SDKs/MacOSX26.1.sdk/usr/include/net/if_dl.h
/Applications/Xcode.app/Contents/Developer/Platforms/MacOSX.platform/Developer/SDKs/MacOSX26.1.sdk/usr/include/net/if_types.h
/Applications/Xcode.app/Contents/Developer/Platforms/MacOSX.platform/Developer/SDKs/MacOSX26.1.sdk/usr/include/netinet/tcp.h
/Applications/Xcode.app/Contents/Developer/Platforms/MacOSX.platform/Developer/SDKs/MacOSX26.1.sdk/usr/include/poll.h
/Applications/Xcode.app/Contents/Developer/Platforms/MacOSX.platform/Developer/SDKs/MacOSX26.1.sdk/usr/include/sys/poll.h
/Applications/Xcode.app/Contents/Developer/Platforms/MacOSX.platform/Developer/SDKs/MacOSX26.1.sdk/usr/include/pthread/spawn.h
/Applications/Xcode.app/Contents/Developer/Platforms/MacOSX.platform/Developer/SDKs/MacOSX26.1.sdk/usr/include/spawn.h
/Applications/Xcode.app/Contents/Developer/Platforms/MacOSX.platform/Developer/SDKs/MacOSX26.1.sdk/usr/include/sys/spawn.h
/Applications/Xcode.app/Contents/Developer/Platforms/MacOSX.platform/Developer/SDKs/MacOSX26.1.sdk/usr/include/mach/exception_types.h
/Applications/Xcode.app/Contents/Developer/Platforms/MacOSX.platform/Developer/SDKs/MacOSX26.1.sdk/usr/include/mach/machine/exception.h
/Applications/Xcode.app/Contents/Developer/Platforms/MacOSX.platform/Developer/SDKs/MacOSX26.1.sdk/usr/include/mach/arm/exception.h
/Applications/Xcode.app/Contents/Developer/Platforms/MacOSX.platform/Developer/SDKs/MacOSX26.1.sdk/usr/include/mach/port.h
/Applications/Xcode.app/Contents/Developer/Platforms/MacOSX.platform/Developer/SDKs/MacOSX26.1.sdk/usr/include/mach/boolean.h
/Applications/Xcode.app/Contents/Developer/Platforms/MacOSX.platform/Developer/SDKs/MacOSX26.1.sdk/usr/include/mach/machine/boolean.h
/Applications/Xcode.app/Contents/Developer/Platforms/MacOSX.platform/Developer/SDKs/MacOSX26.1.sdk/usr/include/mach/arm/boolean.h
/Applications/Xcode.app/Contents/Developer/Platforms/MacOSX.platform/Developer/SDKs/MacOSX26.1.sdk/usr/include/mach/machine/vm_types.h
/Applications/Xcode.app/Contents/Developer/Platforms/MacOSX.platform/Developer/SDKs/MacOSX26.1.sdk/usr/include/mach/arm/vm_types.h
/Applications/Xcode.app/Contents/Developer/Platforms/MacOSX.platform/Developer/SDKs/MacOSX26.1.sdk/usr/include/mach/thread_status.h
/Applications/Xcode.app/Contents/Developer/Platforms/MacOSX.platform/Developer/SDKs/MacOSX26.1.sdk/usr/include/mach/machine/thread_status.h
/Applications/Xcode.app/Contents/Developer/Platforms/MacOSX.platform/Developer/SDKs/MacOSX26.1.sdk/usr/include/mach/arm/thread_status.h
/Applications/Xcode.app/Contents/Developer/Platforms/MacOSX.platform/Developer/SDKs/MacOSX26.1.sdk/usr/include/mach/machine/thread_state.h
/Applications/Xcode.app/Contents/Developer/Platforms/MacOSX.platform/Developer/SDKs/MacOSX26.1.sdk/usr/include/mach/arm/thread_state.h
/Applications/Xcode.app/Contents/Developer/Platforms/MacOSX.platform/Developer/SDKs/MacOSX26.1.sdk/usr/include/mach/message.h
/Applications/Xcode.app/Contents/Developer/Platforms/MacOSX.platform/Developer/SDKs/MacOSX26.1.sdk/usr/include/mach/kern_return.h
/Applications/Xcode.app/Contents/Developer/Platforms/MacOSX.platform/Developer/SDKs/MacOSX26.1.sdk/usr/include/mach/machine/kern_return.h
/Applications/Xcode.app/Contents/Developer/Platforms/MacOSX.platform/Developer/SDKs/MacOSX26.1.sdk/usr/include/mach/arm/kern_return.h
/Applications/Xcode.app/Contents/Developer/Platforms/MacOSX.platform/Developer/SDKs/MacOSX26.1.sdk/usr/include/mach/vm_types.h
/Applications/Xcode.app/Contents/Developer/Platforms/MacOSX.platform/Developer/SDKs/MacOSX26.1.sdk/usr/include/mach_debug/ipc_info.h
/Applications/Xcode.app/Contents/Developer/Platforms/MacOSX.platform/Developer/SDKs/MacOSX26.1.sdk/usr/include/mach/machine.h
/Applications/Xcode.app/Contents/Developer/Platforms/MacOSX.platform/Developer/SDKs/MacOSX26.1.sdk/usr/include/pthread/pthread_spis.h
/Applications/Xcode.app/Contents/Developer/Platforms/MacOSX.platform/Developer/SDKs/MacOSX26.1.sdk/usr/include/_modules/_darwin_posix_pthread_pthread.h
/Applications/Xcode.app/Contents/Developer/Platforms/MacOSX.platform/Developer/SDKs/MacOSX26.1.sdk/usr/include/_regex.h
/Applications/Xcode.app/Contents/Developer/Platforms/MacOSX.platform/Developer/SDKs/MacOSX26.1.sdk/usr/include/xlocale/_regex.h
/Applications/Xcode.app/Contents/Developer/Platforms/MacOSX.platform/Developer/SDKs/MacOSX26.1.sdk/usr/include/search.h
/Applications/Xcode.app/Contents/Developer/Platforms/MacOSX.platform/Developer/SDKs/MacOSX26.1.sdk/usr/include/semaphore.h
/Applications/Xcode.app/Contents/Developer/Platforms/MacOSX.platform/Developer/SDKs/MacOSX26.1.sdk/usr/include/sys/semaphore.h
/Applications/Xcode.app/Contents/Developer/Platforms/MacOSX.platform/Developer/SDKs/MacOSX26.1.sdk/usr/include/sys/posix_sem.h
/Applications/Xcode.app/Contents/Developer/Platforms/MacOSX.platform/Developer/SDKs/MacOSX26.1.sdk/usr/include/sys/proc.h
/Applications/Xcode.app/Contents/Developer/Platforms/MacOSX.platform/Developer/SDKs/MacOSX26.1.sdk/usr/include/sys/queue.h
/Applications/Xcode.app/Contents/Developer/Platforms/MacOSX.platform/Developer/SDKs/MacOSX26.1.sdk/usr/include/sys/lock.h
/Applications/Xcode.app/Contents/Developer/Platforms/MacOSX.platform/Developer/SDKs/MacOSX26.1.sdk/usr/include/sys/param.h
/Applications/Xcode.app/Contents/Developer/Platforms/MacOSX.platform/Developer/SDKs/MacOSX26.1.sdk/usr/include/machine/param.h
/Applications/Xcode.app/Contents/Developer/Platforms/MacOSX.platform/Developer/SDKs/MacOSX26.1.sdk/usr/include/arm/param.h
/Applications/Xcode.app/Contents/Developer/Platforms/MacOSX.platform/Developer/SDKs/MacOSX26.1.sdk/usr/include/sys/event.h
/Applications/Xcode.app/Contents/Developer/Platforms/MacOSX.platform/Developer/SDKs/MacOSX26.1.sdk/usr/include/strings.h
/Applications/Xcode.app/Contents/Developer/Platforms/MacOSX.platform/Developer/SDKs/MacOSX26.1.sdk/usr/include/sys/ipc.h
/Applications/Xcode.app/Contents/Developer/Platforms/MacOSX.platform/Developer/SDKs/MacOSX26.1.sdk/usr/include/sys/mman.h
/Applications/Xcode.app/Contents/Developer/Platforms/MacOSX.platform/Developer/SDKs/MacOSX26.1.sdk/usr/include/sys/msg.h
/Applications/Xcode.app/Contents/Developer/Platforms/MacOSX.platform/Developer/SDKs/MacOSX26.1.sdk/usr/include/sys/sem.h
/Applications/Xcode.app/Contents/Developer/Platforms/MacOSX.platform/Developer/SDKs/MacOSX26.1.sdk/usr/include/sys/shm.h
/Applications/Xcode.app/Contents/Developer/Platforms/MacOSX.platform/Developer/SDKs/MacOSX26.1.sdk/usr/include/sys/posix_shm.h
/Applications/Xcode.app/Contents/Developer/Platforms/MacOSX.platform/Developer/SDKs/MacOSX26.1.sdk/usr/include/sys/statvfs.h
/Applications/Xcode.app/Contents/Developer/Platforms/MacOSX.platform/Developer/SDKs/MacOSX26.1.sdk/usr/include/sys/times.h
/Applications/Xcode.app/Contents/Developer/Platforms/MacOSX.platform/Developer/SDKs/MacOSX26.1.sdk/usr/include/sys/_types/_fsid_t.h
/Applications/Xcode.app/Contents/Developer/Platforms/MacOSX.platform/Developer/SDKs/MacOSX26.1.sdk/usr/include/sys/_types/_fsobj_id_t.h
/Applications/Xcode.app/Contents/Developer/Platforms/MacOSX.platform/Developer/SDKs/MacOSX26.1.sdk/usr/include/sys/_types/_graftdmg_un.h
/Applications/Xcode.app/Contents/Developer/Platforms/MacOSX.platform/Developer/SDKs/MacOSX26.1.sdk/usr/include/sys/_types/_guid_t.h
/Applications/Xcode.app/Contents/Developer/Platforms/MacOSX.platform/Developer/SDKs/MacOSX26.1.sdk/usr/include/sys/_types/_mount_t.h
/Applications/Xcode.app/Contents/Developer/Platforms/MacOSX.platform/Developer/SDKs/MacOSX26.1.sdk/usr/include/sys/_types/_os_inline.h
/Applications/Xcode.app/Contents/Developer/Platforms/MacOSX.platform/Developer/SDKs/MacOSX26.1.sdk/usr/include/sys/_types/_ucontext64.h
/Applications/Xcode.app/Contents/Developer/Platforms/MacOSX.platform/Developer/SDKs/MacOSX26.1.sdk/usr/include/sys/_types/_vnode_t.h
/Applications/Xcode.app/Contents/Developer/Platforms/MacOSX.platform/Developer/SDKs/MacOSX26.1.sdk/usr/include/sys/uio.h
/Applications/Xcode.app/Contents/Developer/Platforms/MacOSX.platform/Developer/SDKs/MacOSX26.1.sdk/usr/include/sys/un.h
/Applications/Xcode.app/Contents/Developer/Platforms/MacOSX.platform/Developer/SDKs/MacOSX26.1.sdk/usr/include/sys/utsname.h
/Applications/Xcode.app/Contents/Developer/Platforms/MacOSX.platform/Developer/SDKs/MacOSX26.1.sdk/usr/include/sys/vsock.h
/Applications/Xcode.app/Contents/Developer/Platforms/MacOSX.platform/Developer/SDKs/MacOSX26.1.sdk/usr/include/sys/ucred.h
/Applications/Xcode.app/Contents/Developer/Platforms/MacOSX.platform/Developer/SDKs/MacOSX26.1.sdk/usr/include/bsm/audit.h
/Applications/Xcode.app/Contents/Developer/Platforms/MacOSX.platform/Developer/SDKs/MacOSX26.1.sdk/usr/include/sys/socketvar.h
/Applications/Xcode.app/Contents/Developer/Platforms/MacOSX.platform/Developer/SDKs/MacOSX26.1.sdk/usr/include/sys/xattr.h
/Applications/Xcode.app/Contents/Developer/Platforms/MacOSX.platform/Developer/SDKs/MacOSX26.1.sdk/usr/include/_modules/_darwin_posix_sys_resource.h
/Applications/Xcode.app/Contents/Developer/Platforms/MacOSX.platform/Developer/SDKs/MacOSX26.1.sdk/usr/include/_modules/_darwin_posix_sys_select.h
/Applications/Xcode.app/Contents/Developer/Platforms/MacOSX.platform/Developer/SDKs/MacOSX26.1.sdk/usr/include/_modules/_darwin_posix_sys_wait.h
/Applications/Xcode.app/Contents/Developer/Platforms/MacOSX.platform/Developer/SDKs/MacOSX26.1.sdk/usr/include/syslog.h
/Applications/Xcode.app/Contents/Developer/Platforms/MacOSX.platform/Developer/SDKs/MacOSX26.1.sdk/usr/include/sys/syslog.h
/Applications/Xcode.app/Contents/Developer/Platforms/MacOSX.platform/Developer/SDKs/MacOSX26.1.sdk/usr/include/tar.h
/Applications/Xcode.app/Contents/Developer/Platforms/MacOSX.platform/Developer/SDKs/MacOSX26.1.sdk/usr/include/ulimit.h
/Applications/Xcode.app/Contents/Developer/Platforms/MacOSX.platform/Developer/SDKs/MacOSX26.1.sdk/usr/include/utime.h
/Applications/Xcode.app/Contents/Developer/Platforms/MacOSX.platform/Developer/SDKs/MacOSX26.1.sdk/usr/include/utmpx.h
/Applications/Xcode.app/Contents/Developer/Platforms/MacOSX.platform/Developer/SDKs/MacOSX26.1.sdk/usr/include/wordexp.h
/Applications/Xcode.app/Contents/Developer/Platforms/MacOSX.platform/Developer/SDKs/MacOSX26.1.sdk/usr/include/_modules/_darwin_posix_nl_types.h
/Applications/Xcode.app/Contents/Developer/Platforms/MacOSX.platform/Developer/SDKs/MacOSX26.1.sdk/usr/include/_modules/_darwin_posix_sched.h
/Applications/Xcode.app/Contents/Developer/Platforms/MacOSX.platform/Developer/SDKs/MacOSX26.1.sdk/usr/include/_modules/_darwin_posix_unistd.h
/Applications/Xcode.app/Contents/Developer/Platforms/MacOSX.platform/Developer/SDKs/MacOSX26.1.sdk/usr/include/net/bpf.h
/Applications/Xcode.app/Contents/Developer/Platforms/MacOSX.platform/Developer/SDKs/MacOSX26.1.sdk/usr/include/net/dlil.h
/Applications/Xcode.app/Contents/Developer/Platforms/MacOSX.platform/Developer/SDKs/MacOSX26.1.sdk/usr/include/net/ethernet.h
/Applications/Xcode.app/Contents/Developer/Platforms/MacOSX.platform/Developer/SDKs/MacOSX26.1.sdk/usr/include/net/if_arp.h
/Applications/Xcode.app/Contents/Developer/Platforms/MacOSX.platform/Developer/SDKs/MacOSX26.1.sdk/usr/include/net/if_llc.h
/Applications/Xcode.app/Contents/Developer/Platforms/MacOSX.platform/Developer/SDKs/MacOSX26.1.sdk/usr/include/net/if_media.h
/Applications/Xcode.app/Contents/Developer/Platforms/MacOSX.platform/Developer/SDKs/MacOSX26.1.sdk/usr/include/net/if_mib.h
/Applications/Xcode.app/Contents/Developer/Platforms/MacOSX.platform/Developer/SDKs/MacOSX26.1.sdk/usr/include/net/if_utun.h
/Applications/Xcode.app/Contents/Developer/Platforms/MacOSX.platform/Developer/SDKs/MacOSX26.1.sdk/usr/include/net/if_var_status.h
/Applications/Xcode.app/Contents/Developer/Platforms/MacOSX.platform/Developer/SDKs/MacOSX26.1.sdk/usr/include/net/kext_net.h
/Applications/Xcode.app/Contents/Developer/Platforms/MacOSX.platform/Developer/SDKs/MacOSX26.1.sdk/usr/include/net/ndrv.h
/Applications/Xcode.app/Contents/Developer/Platforms/MacOSX.platform/Developer/SDKs/MacOSX26.1.sdk/usr/include/net/pfkeyv2.h
/Applications/Xcode.app/Contents/Developer/Platforms/MacOSX.platform/Developer/SDKs/MacOSX26.1.sdk/usr/include/net/route.h
/Applications/Xcode.app/Contents/Developer/Platforms/MacOSX.platform/Developer/SDKs/MacOSX26.1.sdk/usr/include/netinet/bootp.h
/Applications/Xcode.app/Contents/Developer/Platforms/MacOSX.platform/Developer/SDKs/MacOSX26.1.sdk/usr/include/netinet/ip.h
/Applications/Xcode.app/Contents/Developer/Platforms/MacOSX.platform/Developer/SDKs/MacOSX26.1.sdk/usr/include/netinet/in_systm.h
/Applications/Xcode.app/Contents/Developer/Platforms/MacOSX.platform/Developer/SDKs/MacOSX26.1.sdk/usr/include/netinet/udp.h
/Applications/Xcode.app/Contents/Developer/Platforms/MacOSX.platform/Developer/SDKs/MacOSX26.1.sdk/usr/include/netinet/icmp6.h
/Applications/Xcode.app/Contents/Developer/Platforms/MacOSX.platform/Developer/SDKs/MacOSX26.1.sdk/usr/include/netinet/icmp_var.h
/Applications/Xcode.app/Contents/Developer/Platforms/MacOSX.platform/Developer/SDKs/MacOSX26.1.sdk/usr/include/netinet/ip_icmp.h
/Applications/Xcode.app/Contents/Developer/Platforms/MacOSX.platform/Developer/SDKs/MacOSX26.1.sdk/usr/include/netinet/if_ether.h
/Applications/Xcode.app/Contents/Developer/Platforms/MacOSX.platform/Developer/SDKs/MacOSX26.1.sdk/usr/include/netinet/igmp.h
/Applications/Xcode.app/Contents/Developer/Platforms/MacOSX.platform/Developer/SDKs/MacOSX26.1.sdk/usr/include/netinet/igmp_var.h
/Applications/Xcode.app/Contents/Developer/Platforms/MacOSX.platform/Developer/SDKs/MacOSX26.1.sdk/usr/include/netinet/in_pcb.h
/Applications/Xcode.app/Contents/Developer/Platforms/MacOSX.platform/Developer/SDKs/MacOSX26.1.sdk/usr/include/netinet/in_var.h
/Applications/Xcode.app/Contents/Developer/Platforms/MacOSX.platform/Developer/SDKs/MacOSX26.1.sdk/usr/include/sys/protosw.h
/Applications/Xcode.app/Contents/Developer/Platforms/MacOSX.platform/Developer/SDKs/MacOSX26.1.sdk/usr/include/sys/kern_event.h
/Applications/Xcode.app/Contents/Developer/Platforms/MacOSX.platform/Developer/SDKs/MacOSX26.1.sdk/usr/include/sys/sys_domain.h
/Applications/Xcode.app/Contents/Developer/Platforms/MacOSX.platform/Developer/SDKs/MacOSX26.1.sdk/usr/include/netinet6/in6_var.h
/Applications/Xcode.app/Contents/Developer/Platforms/MacOSX.platform/Developer/SDKs/MacOSX26.1.sdk/usr/include/netinet6/scope6_var.h
/Applications/Xcode.app/Contents/Developer/Platforms/MacOSX.platform/Developer/SDKs/MacOSX26.1.sdk/usr/include/netinet/ip6.h
/Applications/Xcode.app/Contents/Developer/Platforms/MacOSX.platform/Developer/SDKs/MacOSX26.1.sdk/usr/include/netinet/ip_var.h
/Applications/Xcode.app/Contents/Developer/Platforms/MacOSX.platform/Developer/SDKs/MacOSX26.1.sdk/usr/include/netinet/tcp_fsm.h
/Applications/Xcode.app/Contents/Developer/Platforms/MacOSX.platform/Developer/SDKs/MacOSX26.1.sdk/usr/include/netinet/tcp_seq.h
/Applications/Xcode.app/Contents/Developer/Platforms/MacOSX.platform/Developer/SDKs/MacOSX26.1.sdk/usr/include/netinet/tcp_timer.h
/Applications/Xcode.app/Contents/Developer/Platforms/MacOSX.platform/Developer/SDKs/MacOSX26.1.sdk/usr/include/netinet/tcp_var.h
/Applications/Xcode.app/Contents/Developer/Platforms/MacOSX.platform/Developer/SDKs/MacOSX26.1.sdk/usr/include/netinet/tcpip.h
/Applications/Xcode.app/Contents/Developer/Platforms/MacOSX.platform/Developer/SDKs/MacOSX26.1.sdk/usr/include/netinet/udp_var.h
/Applications/Xcode.app/Contents/Developer/Platforms/MacOSX.platform/Developer/SDKs/MacOSX26.1.sdk/usr/include/sys/sysctl.h
/Applications/Xcode.app/Contents/Developer/Platforms/MacOSX.platform/Developer/SDKs/MacOSX26.1.sdk/usr/include/sys/vm.h
/Applications/Xcode.app/Contents/Developer/Platforms/MacOSX.platform/Developer/SDKs/MacOSX26.1.sdk/usr/include/ar.h
/Applications/Xcode.app/Contents/Developer/Platforms/MacOSX.platform/Developer/SDKs/MacOSX26.1.sdk/usr/include/bank/bank_types.h
/Applications/Xcode.app/Contents/Developer/Platforms/MacOSX.platform/Developer/SDKs/MacOSX26.1.sdk/usr/include/os/base.h
/Applications/Xcode.app/Contents/Developer/Platforms/MacOSX.platform/Developer/SDKs/MacOSX26.1.sdk/usr/include/mach/mach_types.h
/Applications/Xcode.app/Contents/Developer/Platforms/MacOSX.platform/Developer/SDKs/MacOSX26.1.sdk/usr/include/mach/host_info.h
/Applications/Xcode.app/Contents/Developer/Platforms/MacOSX.platform/Developer/SDKs/MacOSX26.1.sdk/usr/include/mach/vm_statistics.h
/Applications/Xcode.app/Contents/Developer/Platforms/MacOSX.platform/Developer/SDKs/MacOSX26.1.sdk/usr/include/mach/time_value.h
/Applications/Xcode.app/Contents/Developer/Platforms/MacOSX.platform/Developer/SDKs/MacOSX26.1.sdk/usr/include/mach/host_notify.h
/Applications/Xcode.app/Contents/Developer/Platforms/MacOSX.platform/Developer/SDKs/MacOSX26.1.sdk/usr/include/mach/host_special_ports.h
/Applications/Xcode.app/Contents/Developer/Platforms/MacOSX.platform/Developer/SDKs/MacOSX26.1.sdk/usr/include/mach/memory_object_types.h
/Applications/Xcode.app/Contents/Developer/Platforms/MacOSX.platform/Developer/SDKs/MacOSX26.1.sdk/usr/include/mach/vm_prot.h
/Applications/Xcode.app/Contents/Developer/Platforms/MacOSX.platform/Developer/SDKs/MacOSX26.1.sdk/usr/include/mach/vm_sync.h
/Applications/Xcode.app/Contents/Developer/Platforms/MacOSX.platform/Developer/SDKs/MacOSX26.1.sdk/usr/include/mach/mach_voucher_types.h
/Applications/Xcode.app/Contents/Developer/Platforms/MacOSX.platform/Developer/SDKs/MacOSX26.1.sdk/usr/include/mach/std_types.h
/Applications/Xcode.app/Contents/Developer/Platforms/MacOSX.platform/Developer/SDKs/MacOSX26.1.sdk/usr/include/mach/processor_info.h
/Applications/Xcode.app/Contents/Developer/Platforms/MacOSX.platform/Developer/SDKs/MacOSX26.1.sdk/usr/include/mach/machine/processor_info.h
/Applications/Xcode.app/Contents/Developer/Platforms/MacOSX.platform/Developer/SDKs/MacOSX26.1.sdk/usr/include/mach/arm/processor_info.h
/Applications/Xcode.app/Contents/Developer/Platforms/MacOSX.platform/Developer/SDKs/MacOSX26.1.sdk/usr/include/mach/task_info.h
/Applications/Xcode.app/Contents/Developer/Platforms/MacOSX.platform/Developer/SDKs/MacOSX26.1.sdk/usr/include/mach/policy.h
/Applications/Xcode.app/Contents/Developer/Platforms/MacOSX.platform/Developer/SDKs/MacOSX26.1.sdk/usr/include/mach/task_inspect.h
/Applications/Xcode.app/Contents/Developer/Platforms/MacOSX.platform/Developer/SDKs/MacOSX26.1.sdk/usr/include/mach/task_policy.h
/Applications/Xcode.app/Contents/Developer/Platforms/MacOSX.platform/Developer/SDKs/MacOSX26.1.sdk/usr/include/mach/task_special_ports.h
/Applications/Xcode.app/Contents/Developer/Platforms/MacOSX.platform/Developer/SDKs/MacOSX26.1.sdk/usr/include/mach/thread_info.h
/Applications/Xcode.app/Contents/Developer/Platforms/MacOSX.platform/Developer/SDKs/MacOSX26.1.sdk/usr/include/mach/thread_policy.h
/Applications/Xcode.app/Contents/Developer/Platforms/MacOSX.platform/Developer/SDKs/MacOSX26.1.sdk/usr/include/mach/thread_special_ports.h
/Applications/Xcode.app/Contents/Developer/Platforms/MacOSX.platform/Developer/SDKs/MacOSX26.1.sdk/usr/include/mach/clock_types.h
/Applications/Xcode.app/Contents/Developer/Platforms/MacOSX.platform/Developer/SDKs/MacOSX26.1.sdk/usr/include/mach/vm_attributes.h
/Applications/Xcode.app/Contents/Developer/Platforms/MacOSX.platform/Developer/SDKs/MacOSX26.1.sdk/usr/include/mach/vm_inherit.h
/Applications/Xcode.app/Contents/Developer/Platforms/MacOSX.platform/Developer/SDKs/MacOSX26.1.sdk/usr/include/mach/vm_purgable.h
/Applications/Xcode.app/Contents/Developer/Platforms/MacOSX.platform/Developer/SDKs/MacOSX26.1.sdk/usr/include/mach/vm_behavior.h
/Applications/Xcode.app/Contents/Developer/Platforms/MacOSX.platform/Developer/SDKs/MacOSX26.1.sdk/usr/include/mach/vm_region.h
/Applications/Xcode.app/Contents/Developer/Platforms/MacOSX.platform/Developer/SDKs/MacOSX26.1.sdk/usr/include/mach/machine/vm_param.h
/Applications/Xcode.app/Contents/Developer/Platforms/MacOSX.platform/Developer/SDKs/MacOSX26.1.sdk/usr/include/mach/arm/vm_param.h
/Applications/Xcode.app/Contents/Developer/Platforms/MacOSX.platform/Developer/SDKs/MacOSX26.1.sdk/usr/include/mach/vm_page_size.h
/Applications/Xcode.app/Contents/Developer/Platforms/MacOSX.platform/Developer/SDKs/MacOSX26.1.sdk/usr/include/mach/kmod.h
/Applications/Xcode.app/Contents/Developer/Platforms/MacOSX.platform/Developer/SDKs/MacOSX26.1.sdk/usr/include/mach/dyld_kernel.h
/Applications/Xcode.app/Contents/Developer/Platforms/MacOSX.platform/Developer/SDKs/MacOSX26.1.sdk/usr/include/ConditionalMacros.h
/Applications/Xcode.app/Contents/Developer/Platforms/MacOSX.platform/Developer/SDKs/MacOSX26.1.sdk/usr/include/crt_externs.h
/Applications/Xcode.app/Contents/Developer/Platforms/MacOSX.platform/Developer/SDKs/MacOSX26.1.sdk/usr/include/fts.h
/Applications/Xcode.app/Contents/Developer/Platforms/MacOSX.platform/Developer/SDKs/MacOSX26.1.sdk/usr/include/getopt.h
/Applications/Xcode.app/Contents/Developer/Platforms/MacOSX.platform/Developer/SDKs/MacOSX26.1.sdk/usr/include/AssertMacros.h
/Applications/Xcode.app/Contents/Developer/Platforms/MacOSX.platform/Developer/SDKs/MacOSX26.1.sdk/usr/include/MacTypes.h
/Applications/Xcode.app/Contents/Developer/Platforms/MacOSX.platform/Developer/SDKs/MacOSX26.1.sdk/usr/include/mach/mach.h
/Applications/Xcode.app/Contents/Developer/Platforms/MacOSX.platform/Developer/SDKs/MacOSX26.1.sdk/usr/include/mach/mach_interface.h
/Applications/Xcode.app/Contents/Developer/Platforms/MacOSX.platform/Developer/SDKs/MacOSX26.1.sdk/usr/include/mach/clock_priv.h
/Applications/Xcode.app/Contents/Developer/Platforms/MacOSX.platform/Developer/SDKs/MacOSX26.1.sdk/usr/include/mach/ndr.h
/Applications/Xcode.app/Contents/Developer/Platforms/MacOSX.platform/Developer/SDKs/MacOSX26.1.sdk/usr/include/libkern/OSByteOrder.h
/Applications/Xcode.app/Contents/Developer/Platforms/MacOSX.platform/Developer/SDKs/MacOSX26.1.sdk/usr/include/libkern/arm/OSByteOrder.h
/Applications/Xcode.app/Contents/Developer/Platforms/MacOSX.platform/Developer/SDKs/MacOSX26.1.sdk/usr/include/arm/arch.h
/Applications/Xcode.app/Contents/Developer/Platforms/MacOSX.platform/Developer/SDKs/MacOSX26.1.sdk/usr/include/mach/notify.h
/Applications/Xcode.app/Contents/Developer/Platforms/MacOSX.platform/Developer/SDKs/MacOSX26.1.sdk/usr/include/mach/mig_errors.h
/Applications/Xcode.app/Contents/Developer/Platforms/MacOSX.platform/Developer/SDKs/MacOSX26.1.sdk/usr/include/mach/mig.h
/Applications/Xcode.app/Contents/Developer/Platforms/MacOSX.platform/Developer/SDKs/MacOSX26.1.sdk/usr/include/mach/host_priv.h
/Applications/Xcode.app/Contents/Developer/Platforms/MacOSX.platform/Developer/SDKs/MacOSX26.1.sdk/usr/include/mach_debug/mach_debug_types.h
/Applications/Xcode.app/Contents/Developer/Platforms/MacOSX.platform/Developer/SDKs/MacOSX26.1.sdk/usr/include/mach_debug/vm_info.h
/Applications/Xcode.app/Contents/Developer/Platforms/MacOSX.platform/Developer/SDKs/MacOSX26.1.sdk/usr/include/mach_debug/zone_info.h
/Applications/Xcode.app/Contents/Developer/Platforms/MacOSX.platform/Developer/SDKs/MacOSX26.1.sdk/usr/include/mach_debug/page_info.h
/Applications/Xcode.app/Contents/Developer/Platforms/MacOSX.platform/Developer/SDKs/MacOSX26.1.sdk/usr/include/mach_debug/hash_info.h
/Applications/Xcode.app/Contents/Developer/Platforms/MacOSX.platform/Developer/SDKs/MacOSX26.1.sdk/usr/include/mach_debug/lockgroup_info.h
/Applications/Xcode.app/Contents/Developer/Platforms/MacOSX.platform/Developer/SDKs/MacOSX26.1.sdk/usr/include/mach/host_security.h
/Applications/Xcode.app/Contents/Developer/Platforms/MacOSX.platform/Developer/SDKs/MacOSX26.1.sdk/usr/include/mach/processor.h
/Applications/Xcode.app/Contents/Developer/Platforms/MacOSX.platform/Developer/SDKs/MacOSX26.1.sdk/usr/include/mach/processor_set.h
/Applications/Xcode.app/Contents/Developer/Platforms/MacOSX.platform/Developer/SDKs/MacOSX26.1.sdk/usr/include/mach/semaphore.h
/Applications/Xcode.app/Contents/Developer/Platforms/MacOSX.platform/Developer/SDKs/MacOSX26.1.sdk/usr/include/mach/sync_policy.h
/Applications/Xcode.app/Contents/Developer/Platforms/MacOSX.platform/Developer/SDKs/MacOSX26.1.sdk/usr/include/mach/task.h
/Applications/Xcode.app/Contents/Developer/Platforms/MacOSX.platform/Developer/SDKs/MacOSX26.1.sdk/usr/include/mach/thread_act.h
/Applications/Xcode.app/Contents/Developer/Platforms/MacOSX.platform/Developer/SDKs/MacOSX26.1.sdk/usr/include/mach/vm_map.h
/Applications/Xcode.app/Contents/Developer/Platforms/MacOSX.platform/Developer/SDKs/MacOSX26.1.sdk/usr/include/mach/mach_port.h
/Applications/Xcode.app/Contents/Developer/Platforms/MacOSX.platform/Developer/SDKs/MacOSX26.1.sdk/usr/include/mach/mach_init.h
/Applications/Xcode.app/Contents/Developer/Platforms/MacOSX.platform/Developer/SDKs/MacOSX26.1.sdk/usr/include/mach/mach_traps.h
/Applications/Xcode.app/Contents/Developer/Platforms/MacOSX.platform/Developer/SDKs/MacOSX26.1.sdk/usr/include/mach/error.h
/Applications/Xcode.app/Contents/Developer/Platforms/MacOSX.platform/Developer/SDKs/MacOSX26.1.sdk/usr/include/mach/mach_host.h
/Applications/Xcode.app/Contents/Developer/Platforms/MacOSX.platform/Developer/SDKs/MacOSX26.1.sdk/usr/include/mach/thread_switch.h
/Applications/Xcode.app/Contents/Developer/Platforms/MacOSX.platform/Developer/SDKs/MacOSX26.1.sdk/usr/include/mach/rpc.h
/Applications/Xcode.app/Contents/Developer/Platforms/MacOSX.platform/Developer/SDKs/MacOSX26.1.sdk/usr/include/mach/machine/rpc.h
/Applications/Xcode.app/Contents/Developer/Platforms/MacOSX.platform/Developer/SDKs/MacOSX26.1.sdk/usr/include/mach/arm/rpc.h
/Applications/Xcode.app/Contents/Developer/Platforms/MacOSX.platform/Developer/SDKs/MacOSX26.1.sdk/usr/include/mach/mach_error.h
/Applications/Xcode.app/Contents/Developer/Platforms/MacOSX.platform/Developer/SDKs/MacOSX26.1.sdk/usr/include/mach/audit_triggers_types.h
/Applications/Xcode.app/Contents/Developer/Platforms/MacOSX.platform/Developer/SDKs/MacOSX26.1.sdk/usr/include/mach/bootstrap.h
/Applications/Xcode.app/Contents/Developer/Platforms/MacOSX.platform/Developer/SDKs/MacOSX26.1.sdk/usr/include/mach/clock.h
/Applications/Xcode.app/Contents/Developer/Platforms/MacOSX.platform/Developer/SDKs/MacOSX26.1.sdk/usr/include/mach/clock_reply.h
/Applications/Xcode.app/Contents/Developer/Platforms/MacOSX.platform/Developer/SDKs/MacOSX26.1.sdk/usr/include/mach/exc.h
/Applications/Xcode.app/Contents/Developer/Platforms/MacOSX.platform/Developer/SDKs/MacOSX26.1.sdk/usr/include/mach/exception.h
/Applications/Xcode.app/Contents/Developer/Platforms/MacOSX.platform/Developer/SDKs/MacOSX26.1.sdk/usr/include/mach/host_reboot.h
/Applications/Xcode.app/Contents/Developer/Platforms/MacOSX.platform/Developer/SDKs/MacOSX26.1.sdk/usr/include/arm64/hv/hv_kern_types.h
/Applications/Xcode.app/Contents/Developer/Platforms/MacOSX.platform/Developer/SDKs/MacOSX26.1.sdk/usr/include/mach/mach_param.h
/Applications/Xcode.app/Contents/Developer/Platforms/MacOSX.platform/Developer/SDKs/MacOSX26.1.sdk/usr/include/mach/mach_right.h
/Applications/Xcode.app/Contents/Developer/Platforms/MacOSX.platform/Developer/SDKs/MacOSX26.1.sdk/usr/include/mach/mach_syscalls.h
/Applications/Xcode.app/Contents/Developer/Platforms/MacOSX.platform/Developer/SDKs/MacOSX26.1.sdk/usr/include/mach/mach_time.h
/Applications/Xcode.app/Contents/Developer/Platforms/MacOSX.platform/Developer/SDKs/MacOSX26.1.sdk/usr/include/mach/mach_vm.h
/Applications/Xcode.app/Contents/Developer/Platforms/MacOSX.platform/Developer/SDKs/MacOSX26.1.sdk/usr/include/mach/mach_voucher.h
/Applications/Xcode.app/Contents/Developer/Platforms/MacOSX.platform/Developer/SDKs/MacOSX26.1.sdk/usr/include/mach/memory_entry.h
/Applications/Xcode.app/Contents/Developer/Platforms/MacOSX.platform/Developer/SDKs/MacOSX26.1.sdk/usr/include/mach/mig_strncpy_zerofill_support.h
/Applications/Xcode.app/Contents/Developer/Platforms/MacOSX.platform/Developer/SDKs/MacOSX26.1.sdk/usr/include/mach/mig_voucher_support.h
/Applications/Xcode.app/Contents/Developer/Platforms/MacOSX.platform/Developer/SDKs/MacOSX26.1.sdk/usr/include/mach/port_obj.h
/Applications/Xcode.app/Contents/Developer/Platforms/MacOSX.platform/Developer/SDKs/MacOSX26.1.sdk/usr/include/mach/sdt.h
/Applications/Xcode.app/Contents/Developer/Platforms/MacOSX.platform/Developer/SDKs/MacOSX26.1.sdk/usr/include/mach/machine/sdt.h
/Applications/Xcode.app/Contents/Developer/Platforms/MacOSX.platform/Developer/SDKs/MacOSX26.1.sdk/usr/include/sys/sdt.h
/Applications/Xcode.app/Contents/Developer/Platforms/MacOSX.platform/Developer/SDKs/MacOSX26.1.sdk/usr/include/mach/shared_region.h
/Applications/Xcode.app/Contents/Developer/Platforms/MacOSX.platform/Developer/SDKs/MacOSX26.1.sdk/usr/include/mach/sync.h
/Applications/Xcode.app/Contents/Developer/Platforms/MacOSX.platform/Developer/SDKs/MacOSX26.1.sdk/usr/include/mach/thread_state.h
/Applications/Xcode.app/Contents/Developer/Platforms/MacOSX.platform/Developer/SDKs/MacOSX26.1.sdk/usr/include/mach/vm_param.h
/Applications/Xcode.app/Contents/Developer/Platforms/MacOSX.platform/Developer/SDKs/MacOSX26.1.sdk/usr/include/mach/vm_task.h
/Applications/Xcode.app/Contents/Developer/Platforms/MacOSX.platform/Developer/SDKs/MacOSX26.1.sdk/usr/include/mach/machine/asm.h
/Applications/Xcode.app/Contents/Developer/Platforms/MacOSX.platform/Developer/SDKs/MacOSX26.1.sdk/usr/include/mach/arm64/asm.h
/Applications/Xcode.app/Contents/Developer/Platforms/MacOSX.platform/Developer/SDKs/MacOSX26.1.sdk/usr/include/mach/i386/asm.h
/Applications/Xcode.app/Contents/Developer/Platforms/MacOSX.platform/Developer/SDKs/MacOSX26.1.sdk/usr/include/mach/arm/asm.h
/Applications/Xcode.app/Contents/Developer/Platforms/MacOSX.platform/Developer/SDKs/MacOSX26.1.sdk/usr/include/mach/i386/boolean.h
/Applications/Xcode.app/Contents/Developer/Platforms/MacOSX.platform/Developer/SDKs/MacOSX26.1.sdk/usr/include/mach/i386/exception.h
/Applications/Xcode.app/Contents/Developer/Platforms/MacOSX.platform/Developer/SDKs/MacOSX26.1.sdk/usr/include/mach/i386/fp_reg.h
/Applications/Xcode.app/Contents/Developer/Platforms/MacOSX.platform/Developer/SDKs/MacOSX26.1.sdk/usr/include/mach/i386/kern_return.h
/Applications/Xcode.app/Contents/Developer/Platforms/MacOSX.platform/Developer/SDKs/MacOSX26.1.sdk/usr/include/mach/machine/ndr_def.h
/Applications/Xcode.app/Contents/Developer/Platforms/MacOSX.platform/Developer/SDKs/MacOSX26.1.sdk/usr/include/mach/arm/ndr_def.h
/Applications/Xcode.app/Contents/Developer/Platforms/MacOSX.platform/Developer/SDKs/MacOSX26.1.sdk/usr/include/mach/i386/processor_info.h
/Applications/Xcode.app/Contents/Developer/Platforms/MacOSX.platform/Developer/SDKs/MacOSX26.1.sdk/usr/include/mach/i386/rpc.h
/Applications/Xcode.app/Contents/Developer/Platforms/MacOSX.platform/Developer/SDKs/MacOSX26.1.sdk/usr/include/mach/machine/sdt_isa.h
/Applications/Xcode.app/Contents/Developer/Platforms/MacOSX.platform/Developer/SDKs/MacOSX26.1.sdk/usr/include/mach/arm/sdt_isa.h
/Applications/Xcode.app/Contents/Developer/Platforms/MacOSX.platform/Developer/SDKs/MacOSX26.1.sdk/usr/include/mach/i386/sdt_isa.h
/Applications/Xcode.app/Contents/Developer/Platforms/MacOSX.platform/Developer/SDKs/MacOSX26.1.sdk/usr/include/mach/i386/thread_state.h
/Applications/Xcode.app/Contents/Developer/Platforms/MacOSX.platform/Developer/SDKs/MacOSX26.1.sdk/usr/include/mach/i386/thread_status.h
/Applications/Xcode.app/Contents/Developer/Platforms/MacOSX.platform/Developer/SDKs/MacOSX26.1.sdk/usr/include/mach/arm/traps.h
/Applications/Xcode.app/Contents/Developer/Platforms/MacOSX.platform/Developer/SDKs/MacOSX26.1.sdk/usr/include/mach/i386/vm_param.h
/Applications/Xcode.app/Contents/Developer/Platforms/MacOSX.platform/Developer/SDKs/MacOSX26.1.sdk/usr/include/mach/i386/vm_types.h
/Applications/Xcode.app/Contents/Developer/Platforms/MacOSX.platform/Developer/SDKs/MacOSX26.1.sdk/usr/include/mach_debug/mach_debug.h
/Applications/Xcode.app/Contents/Developer/Platforms/MacOSX.platform/Developer/SDKs/MacOSX26.1.sdk/usr/include/device/device_types.h
/Applications/Xcode.app/Contents/Developer/Platforms/MacOSX.platform/Developer/SDKs/MacOSX26.1.sdk/usr/include/device/device_port.h
/Applications/Xcode.app/Contents/Developer/Platforms/MacOSX.platform/Developer/SDKs/MacOSX26.1.sdk/usr/include/libkern/OSAtomic.h
/Applications/Xcode.app/Contents/Developer/Platforms/MacOSX.platform/Developer/SDKs/MacOSX26.1.sdk/usr/include/libkern/OSAtomicDeprecated.h
/Applications/Xcode.app/Contents/Developer/Platforms/MacOSX.platform/Developer/SDKs/MacOSX26.1.sdk/usr/include/libkern/OSSpinLockDeprecated.h
/Applications/Xcode.app/Contents/Developer/Platforms/MacOSX.platform/Developer/SDKs/MacOSX26.1.sdk/usr/include/libkern/OSAtomicQueue.h
/Applications/Xcode.app/Contents/Developer/Platforms/MacOSX.platform/Developer/SDKs/MacOSX26.1.sdk/usr/include/libkern/machine/OSByteOrder.h
/Applications/Xcode.app/Contents/Developer/Platforms/MacOSX.platform/Developer/SDKs/MacOSX26.1.sdk/usr/include/libkern/i386/OSByteOrder.h
/Applications/Xcode.app/Contents/Developer/Platforms/MacOSX.platform/Developer/SDKs/MacOSX26.1.sdk/usr/include/libproc.h
/Applications/Xcode.app/Contents/Developer/Platforms/MacOSX.platform/Developer/SDKs/MacOSX26.1.sdk/usr/include/sys/mount.h
/Applications/Xcode.app/Contents/Developer/Platforms/MacOSX.platform/Developer/SDKs/MacOSX26.1.sdk/usr/include/sys/attr.h
/Applications/Xcode.app/Contents/Developer/Platforms/MacOSX.platform/Developer/SDKs/MacOSX26.1.sdk/usr/include/sys/proc_info.h
/Applications/Xcode.app/Contents/Developer/Platforms/MacOSX.platform/Developer/SDKs/MacOSX26.1.sdk/usr/include/sys/kern_control.h
/Applications/Xcode.app/Contents/Developer/Platforms/MacOSX.platform/Developer/SDKs/MacOSX26.1.sdk/usr/include/os/clock.h
/Applications/Xcode.app/Contents/Developer/Platforms/MacOSX.platform/Developer/SDKs/MacOSX26.1.sdk/usr/include/os/lock.h
/Applications/Xcode.app/Contents/Developer/Platforms/MacOSX.platform/Developer/SDKs/MacOSX26.1.sdk/usr/include/os/proc.h
/Applications/Xcode.app/Contents/Developer/Platforms/MacOSX.platform/Developer/SDKs/MacOSX26.1.sdk/usr/include/malloc/malloc.h
/Applications/Xcode.app/Contents/Developer/Platforms/MacOSX.platform/Developer/SDKs/MacOSX26.1.sdk/usr/include/malloc/_platform.h
/Applications/Xcode.app/Contents/Developer/Platforms/MacOSX.platform/Developer/SDKs/MacOSX26.1.sdk/usr/include/sys/malloc.h
/Applications/Xcode.app/Contents/Developer/Platforms/MacOSX.platform/Developer/SDKs/MacOSX26.1.sdk/usr/include/i386/_param.h
/Applications/Xcode.app/Contents/Developer/Platforms/MacOSX.platform/Developer/SDKs/MacOSX26.1.sdk/usr/include/machine/byte_order.h
/Applications/Xcode.app/Contents/Developer/Platforms/MacOSX.platform/Developer/SDKs/MacOSX26.1.sdk/usr/include/architecture/byte_order.h
/Applications/Xcode.app/Contents/Developer/Platforms/MacOSX.platform/Developer/SDKs/MacOSX26.1.sdk/usr/include/i386/eflags.h
/Applications/Xcode.app/Contents/Developer/Platforms/MacOSX.platform/Developer/SDKs/MacOSX26.1.sdk/usr/include/machine/fasttrap_isa.h
/Applications/Xcode.app/Contents/Developer/Platforms/MacOSX.platform/Developer/SDKs/MacOSX26.1.sdk/usr/include/arm/fasttrap_isa.h
/Applications/Xcode.app/Contents/Developer/Platforms/MacOSX.platform/Developer/SDKs/MacOSX26.1.sdk/usr/include/i386/fasttrap_isa.h
/Applications/Xcode.app/Contents/Developer/Platforms/MacOSX.platform/Developer/SDKs/MacOSX26.1.sdk/usr/include/i386/param.h
/Applications/Xcode.app/Contents/Developer/Platforms/MacOSX.platform/Developer/SDKs/MacOSX26.1.sdk/usr/include/machine/profile.h
/Applications/Xcode.app/Contents/Developer/Platforms/MacOSX.platform/Developer/SDKs/MacOSX26.1.sdk/usr/include/arm/profile.h
/Applications/Xcode.app/Contents/Developer/Platforms/MacOSX.platform/Developer/SDKs/MacOSX26.1.sdk/usr/include/i386/profile.h
/Applications/Xcode.app/Contents/Developer/Platforms/MacOSX.platform/Developer/SDKs/MacOSX26.1.sdk/usr/include/i386/user_ldt.h
/Applications/Xcode.app/Contents/Developer/Platforms/MacOSX.platform/Developer/SDKs/MacOSX26.1.sdk/usr/include/machine/vmparam.h
/Applications/Xcode.app/Contents/Developer/Platforms/MacOSX.platform/Developer/SDKs/MacOSX26.1.sdk/usr/include/arm/vmparam.h
/Applications/Xcode.app/Contents/Developer/Platforms/MacOSX.platform/Developer/SDKs/MacOSX26.1.sdk/usr/include/i386/vmparam.h
/Applications/Xcode.app/Contents/Developer/Platforms/MacOSX.platform/Developer/SDKs/MacOSX26.1.sdk/usr/include/aliasdb.h
/Applications/Xcode.app/Contents/Developer/Platforms/MacOSX.platform/Developer/SDKs/MacOSX26.1.sdk/usr/include/bootparams.h
/Applications/Xcode.app/Contents/Developer/Platforms/MacOSX.platform/Developer/SDKs/MacOSX26.1.sdk/usr/include/Block.h
/Applications/Xcode.app/Contents/Developer/Platforms/MacOSX.platform/Developer/SDKs/MacOSX26.1.sdk/usr/include/bsm/audit_domain.h
/Applications/Xcode.app/Contents/Developer/Platforms/MacOSX.platform/Developer/SDKs/MacOSX26.1.sdk/usr/include/bsm/audit_errno.h
/Applications/Xcode.app/Contents/Developer/Platforms/MacOSX.platform/Developer/SDKs/MacOSX26.1.sdk/usr/include/bsm/audit_fcntl.h
/Applications/Xcode.app/Contents/Developer/Platforms/MacOSX.platform/Developer/SDKs/MacOSX26.1.sdk/usr/include/bsm/audit_filter.h
/Applications/Xcode.app/Contents/Developer/Platforms/MacOSX.platform/Developer/SDKs/MacOSX26.1.sdk/usr/include/bsm/libbsm.h
/Applications/Xcode.app/Contents/Developer/Platforms/MacOSX.platform/Developer/SDKs/MacOSX26.1.sdk/usr/include/bsm/audit_record.h
/Applications/Xcode.app/Contents/Developer/Platforms/MacOSX.platform/Developer/SDKs/MacOSX26.1.sdk/usr/include/bsm/audit_internal.h
/Applications/Xcode.app/Contents/Developer/Platforms/MacOSX.platform/Developer/SDKs/MacOSX26.1.sdk/usr/include/bsm/audit_kevents.h
/Applications/Xcode.app/Contents/Developer/Platforms/MacOSX.platform/Developer/SDKs/MacOSX26.1.sdk/usr/include/bsm/audit_session.h
/Applications/Xcode.app/Contents/Developer/Platforms/MacOSX.platform/Developer/SDKs/MacOSX26.1.sdk/usr/include/bsm/audit_socket_type.h
/Applications/Xcode.app/Contents/Developer/Platforms/MacOSX.platform/Developer/SDKs/MacOSX26.1.sdk/usr/include/bsm/audit_uevents.h
/Applications/Xcode.app/Contents/Developer/Platforms/MacOSX.platform/Developer/SDKs/MacOSX26.1.sdk/usr/include/execinfo.h
/Applications/Xcode.app/Contents/Developer/Platforms/MacOSX.platform/Developer/SDKs/MacOSX26.1.sdk/usr/include/fstab.h
/Applications/Xcode.app/Contents/Developer/Platforms/MacOSX.platform/Developer/SDKs/MacOSX26.1.sdk/usr/include/hfs/hfs_format.h
/Applications/Xcode.app/Contents/Developer/Platforms/MacOSX.platform/Developer/SDKs/MacOSX26.1.sdk/usr/include/hfs/hfs_unistr.h
/Applications/Xcode.app/Contents/Developer/Platforms/MacOSX.platform/Developer/SDKs/MacOSX26.1.sdk/usr/include/hfs/hfs_mount.h
/Applications/Xcode.app/Contents/Developer/Platforms/MacOSX.platform/Developer/SDKs/MacOSX26.1.sdk/usr/include/membership.h
/Applications/Xcode.app/Contents/Developer/Platforms/MacOSX.platform/Developer/SDKs/MacOSX26.1.sdk/usr/include/ntsid.h
/Applications/Xcode.app/Contents/Developer/Platforms/MacOSX.platform/Developer/SDKs/MacOSX26.1.sdk/usr/include/curses.h
/Applications/Xcode.app/Contents/Developer/Platforms/MacOSX.platform/Developer/SDKs/MacOSX26.1.sdk/usr/include/ncurses_dll.h
/Applications/Xcode.app/Contents/Developer/Platforms/MacOSX.platform/Developer/SDKs/MacOSX26.1.sdk/usr/include/unctrl.h
/Applications/Xcode.app/Contents/Developer/Platforms/MacOSX.platform/Developer/SDKs/MacOSX26.1.sdk/usr/include/eti.h
/Applications/Xcode.app/Contents/Developer/Platforms/MacOSX.platform/Developer/SDKs/MacOSX26.1.sdk/usr/include/nc_tparm.h
/Applications/Xcode.app/Contents/Developer/Platforms/MacOSX.platform/Developer/SDKs/MacOSX26.1.sdk/usr/include/form.h
/Applications/Xcode.app/Contents/Developer/Platforms/MacOSX.platform/Developer/SDKs/MacOSX26.1.sdk/usr/include/menu.h
/Applications/Xcode.app/Contents/Developer/Platforms/MacOSX.platform/Developer/SDKs/MacOSX26.1.sdk/usr/include/panel.h
/Applications/Xcode.app/Contents/Developer/Platforms/MacOSX.platform/Developer/SDKs/MacOSX26.1.sdk/usr/include/netinet6/ah.h
/Applications/Xcode.app/Contents/Developer/Platforms/MacOSX.platform/Developer/SDKs/MacOSX26.1.sdk/usr/include/netinet6/esp.h
/Applications/Xcode.app/Contents/Developer/Platforms/MacOSX.platform/Developer/SDKs/MacOSX26.1.sdk/usr/include/netinet6/ipcomp.h
/Applications/Xcode.app/Contents/Developer/Platforms/MacOSX.platform/Developer/SDKs/MacOSX26.1.sdk/usr/include/netinet6/ipsec.h
/Applications/Xcode.app/Contents/Developer/Platforms/MacOSX.platform/Developer/SDKs/MacOSX26.1.sdk/usr/include/netinet6/raw_ip6.h
/Applications/Xcode.app/Contents/Developer/Platforms/MacOSX.platform/Developer/SDKs/MacOSX26.1.sdk/usr/include/printerdb.h
/Applications/Xcode.app/Contents/Developer/Platforms/MacOSX.platform/Developer/SDKs/MacOSX26.1.sdk/usr/include/sys/_structs.h
/Applications/Xcode.app/Contents/Developer/Platforms/MacOSX.platform/Developer/SDKs/MacOSX26.1.sdk/usr/include/sys/acct.h
/Applications/Xcode.app/Contents/Developer/Platforms/MacOSX.platform/Developer/SDKs/MacOSX26.1.sdk/usr/include/sys/acl.h
/Applications/Xcode.app/Contents/Developer/Platforms/MacOSX.platform/Developer/SDKs/MacOSX26.1.sdk/usr/include/sys/kauth.h
/Applications/Xcode.app/Contents/Developer/Platforms/MacOSX.platform/Developer/SDKs/MacOSX26.1.sdk/usr/include/sys/buf.h
/Applications/Xcode.app/Contents/Developer/Platforms/MacOSX.platform/Developer/SDKs/MacOSX26.1.sdk/usr/include/sys/kernel_types.h
/Applications/Xcode.app/Contents/Developer/Platforms/MacOSX.platform/Developer/SDKs/MacOSX26.1.sdk/usr/include/sys/clonefile.h
/Applications/Xcode.app/Contents/Developer/Platforms/MacOSX.platform/Developer/SDKs/MacOSX26.1.sdk/usr/include/sys/commpage.h
/Applications/Xcode.app/Contents/Developer/Platforms/MacOSX.platform/Developer/SDKs/MacOSX26.1.sdk/usr/include/sys/conf.h
/Applications/Xcode.app/Contents/Developer/Platforms/MacOSX.platform/Developer/SDKs/MacOSX26.1.sdk/usr/include/sys/disk.h
/Applications/Xcode.app/Contents/Developer/Platforms/MacOSX.platform/Developer/SDKs/MacOSX26.1.sdk/usr/include/sys/dkstat.h
/Applications/Xcode.app/Contents/Developer/Platforms/MacOSX.platform/Developer/SDKs/MacOSX26.1.sdk/usr/include/sys/domain.h
/Applications/Xcode.app/Contents/Developer/Platforms/MacOSX.platform/Developer/SDKs/MacOSX26.1.sdk/usr/include/sys/ev.h
/Applications/Xcode.app/Contents/Developer/Platforms/MacOSX.platform/Developer/SDKs/MacOSX26.1.sdk/usr/include/sys/file.h
/Applications/Xcode.app/Contents/Developer/Platforms/MacOSX.platform/Developer/SDKs/MacOSX26.1.sdk/usr/include/sys/filedesc.h
/Applications/Xcode.app/Contents/Developer/Platforms/MacOSX.platform/Developer/SDKs/MacOSX26.1.sdk/usr/include/sys/fileport.h
/Applications/Xcode.app/Contents/Developer/Platforms/MacOSX.platform/Developer/SDKs/MacOSX26.1.sdk/usr/include/sys/fsgetpath.h
/Applications/Xcode.app/Contents/Developer/Platforms/MacOSX.platform/Developer/SDKs/MacOSX26.1.sdk/usr/include/sys/gmon.h
/Applications/Xcode.app/Contents/Developer/Platforms/MacOSX.platform/Developer/SDKs/MacOSX26.1.sdk/usr/include/sys/ioctl_compat.h
/Applications/Xcode.app/Contents/Developer/Platforms/MacOSX.platform/Developer/SDKs/MacOSX26.1.sdk/usr/include/sys/ttychars.h
/Applications/Xcode.app/Contents/Developer/Platforms/MacOSX.platform/Developer/SDKs/MacOSX26.1.sdk/usr/include/sys/ttydev.h
/Applications/Xcode.app/Contents/Developer/Platforms/MacOSX.platform/Developer/SDKs/MacOSX26.1.sdk/usr/include/sys/kdebug.h
/Applications/Xcode.app/Contents/Developer/Platforms/MacOSX.platform/Developer/SDKs/MacOSX26.1.sdk/usr/include/sys/kdebug_signpost.h
/Applications/Xcode.app/Contents/Developer/Platforms/MacOSX.platform/Developer/SDKs/MacOSX26.1.sdk/usr/include/sys/lctx.h
/Applications/Xcode.app/Contents/Developer/Platforms/MacOSX.platform/Developer/SDKs/MacOSX26.1.sdk/usr/include/sys/mbuf.h
/Applications/Xcode.app/Contents/Developer/Platforms/MacOSX.platform/Developer/SDKs/MacOSX26.1.sdk/usr/include/sys/msgbuf.h
/Applications/Xcode.app/Contents/Developer/Platforms/MacOSX.platform/Developer/SDKs/MacOSX26.1.sdk/usr/include/sys/netport.h
/Applications/Xcode.app/Contents/Developer/Platforms/MacOSX.platform/Developer/SDKs/MacOSX26.1.sdk/usr/include/sys/paths.h
/Applications/Xcode.app/Contents/Developer/Platforms/MacOSX.platform/Developer/SDKs/MacOSX26.1.sdk/usr/include/sys/pipe.h
/Applications/Xcode.app/Contents/Developer/Platforms/MacOSX.platform/Developer/SDKs/MacOSX26.1.sdk/usr/include/sys/quota.h
/Applications/Xcode.app/Contents/Developer/Platforms/MacOSX.platform/Developer/SDKs/MacOSX26.1.sdk/usr/include/sys/rbtree.h
/Applications/Xcode.app/Contents/Developer/Platforms/MacOSX.platform/Developer/SDKs/MacOSX26.1.sdk/usr/include/sys/reboot.h
/Applications/Xcode.app/Contents/Developer/Platforms/MacOSX.platform/Developer/SDKs/MacOSX26.1.sdk/usr/include/sys/resourcevar.h
/Applications/Xcode.app/Contents/Developer/Platforms/MacOSX.platform/Developer/SDKs/MacOSX26.1.sdk/usr/include/sys/sbuf.h
/Applications/Xcode.app/Contents/Developer/Platforms/MacOSX.platform/Developer/SDKs/MacOSX26.1.sdk/usr/include/sys/signalvar.h
/Applications/Xcode.app/Contents/Developer/Platforms/MacOSX.platform/Developer/SDKs/MacOSX26.1.sdk/usr/include/sys/syscall.h
/Applications/Xcode.app/Contents/Developer/Platforms/MacOSX.platform/Developer/SDKs/MacOSX26.1.sdk/usr/include/sys/timeb.h
/Applications/Xcode.app/Contents/Developer/Platforms/MacOSX.platform/Developer/SDKs/MacOSX26.1.sdk/usr/include/sys/trace.h
/Applications/Xcode.app/Contents/Developer/Platforms/MacOSX.platform/Developer/SDKs/MacOSX26.1.sdk/usr/include/sys/tty.h
/Applications/Xcode.app/Contents/Developer/Platforms/MacOSX.platform/Developer/SDKs/MacOSX26.1.sdk/usr/include/sys/ucontext.h
/Applications/Xcode.app/Contents/Developer/Platforms/MacOSX.platform/Developer/SDKs/MacOSX26.1.sdk/usr/include/sys/unpcb.h
/Applications/Xcode.app/Contents/Developer/Platforms/MacOSX.platform/Developer/SDKs/MacOSX26.1.sdk/usr/include/sys/user.h
/Applications/Xcode.app/Contents/Developer/Platforms/MacOSX.platform/Developer/SDKs/MacOSX26.1.sdk/usr/include/sys/utfconv.h
/Applications/Xcode.app/Contents/Developer/Platforms/MacOSX.platform/Developer/SDKs/MacOSX26.1.sdk/usr/include/sys/vcmd.h
/Applications/Xcode.app/Contents/Developer/Platforms/MacOSX.platform/Developer/SDKs/MacOSX26.1.sdk/usr/include/sys/vnode.h
/Applications/Xcode.app/Contents/Developer/Platforms/MacOSX.platform/Developer/SDKs/MacOSX26.1.sdk/usr/include/_modules/_darwin_sys_signal.h
/Applications/Xcode.app/Contents/Developer/Platforms/MacOSX.platform/Developer/SDKs/MacOSX26.1.sdk/usr/include/sysdir.h
/Applications/Xcode.app/Contents/Developer/Platforms/MacOSX.platform/Developer/SDKs/MacOSX26.1.sdk/usr/include/libc.h
/Applications/Xcode.app/Contents/Developer/Platforms/MacOSX.platform/Developer/SDKs/MacOSX26.1.sdk/usr/include/paths.h
/Applications/Xcode.app/Contents/Developer/Platforms/MacOSX.platform/Developer/SDKs/MacOSX26.1.sdk/usr/include/sysexits.h
/Applications/Xcode.app/Contents/Developer/Platforms/MacOSX.platform/Developer/SDKs/MacOSX26.1.sdk/SDKSettings.json
/Applications/Xcode.app/Contents/Developer/Toolchains/XcodeDefault.xctoolchain/usr/lib/swift/macosx/prebuilt-modules/26.1/Darwin.swiftmodule/arm64e-apple-macos.swiftmodule
/Applications/Xcode.app/Contents/Developer/Platforms/MacOSX.platform/Developer/SDKs/MacOSX26.1.sdk/usr/include/Dispatch.apinotes
/Applications/Xcode.app/Contents/Developer/Platforms/MacOSX.platform/Developer/SDKs/MacOSX26.1.sdk/usr/include/dispatch.modulemap
/Applications/Xcode.app/Contents/Developer/Platforms/MacOSX.platform/Developer/SDKs/MacOSX26.1.sdk/usr/include/os.modulemap
/Applications/Xcode.app/Contents/Developer/Platforms/MacOSX.platform/Developer/SDKs/MacOSX26.1.sdk/usr/include/Darwin.modulemap
/Applications/Xcode.app/Contents/Developer/Platforms/MacOSX.platform/Developer/SDKs/MacOSX26.1.sdk/usr/include/Darwin_C.modulemap
/Applications/Xcode.app/Contents/Developer/Platforms/MacOSX.platform/Developer/SDKs/MacOSX26.1.sdk/usr/include/Darwin_POSIX.modulemap
/Applications/Xcode.app/Contents/Developer/Platforms/MacOSX.platform/Developer/SDKs/MacOSX26.1.sdk/usr/include/net.modulemap
/Applications/Xcode.app/Contents/Developer/Platforms/MacOSX.platform/Developer/SDKs/MacOSX26.1.sdk/usr/include/netinet.modulemap
/Applications/Xcode.app/Contents/Developer/Platforms/MacOSX.platform/Developer/SDKs/MacOSX26.1.sdk/usr/include/bank.modulemap
/Applications/Xcode.app/Contents/Developer/Platforms/MacOSX.platform/Developer/SDKs/MacOSX26.1.sdk/usr/include/Darwin_Mach.modulemap
/Applications/Xcode.app/Contents/Developer/Platforms/MacOSX.platform/Developer/SDKs/MacOSX26.1.sdk/usr/include/Darwin_Mach_machine.modulemap
/Applications/Xcode.app/Contents/Developer/Platforms/MacOSX.platform/Developer/SDKs/MacOSX26.1.sdk/usr/include/mach_debug.modulemap
/Applications/Xcode.app/Contents/Developer/Platforms/MacOSX.platform/Developer/SDKs/MacOSX26.1.sdk/usr/include/device.modulemap
/Applications/Xcode.app/Contents/Developer/Platforms/MacOSX.platform/Developer/SDKs/MacOSX26.1.sdk/usr/include/Darwin_machine.modulemap
/Applications/Xcode.app/Contents/Developer/Platforms/MacOSX.platform/Developer/SDKs/MacOSX26.1.sdk/usr/include/ncurses.modulemap
/Applications/Xcode.app/Contents/Developer/Platforms/MacOSX.platform/Developer/SDKs/MacOSX26.1.sdk/usr/include/netinet6.modulemap
/Applications/Xcode.app/Contents/Developer/Platforms/MacOSX.platform/Developer/SDKs/MacOSX26.1.sdk/usr/include/Darwin_sys.modulemap
/Applications/Xcode.app/Contents/Developer/Platforms/MacOSX.platform/Developer/SDKs/MacOSX26.1.sdk/usr/include/uuid.modulemap
/Applications/Xcode.app/Contents/Developer/Platforms/MacOSX.platform/Developer/SDKs/MacOSX26.1.sdk/usr/include/DarwinFoundation2.modulemap
/Applications/Xcode.app/Contents/Developer/Platforms/MacOSX.platform/Developer/SDKs/MacOSX26.1.sdk/usr/include/DarwinFoundation3.modulemap
/Applications/Xcode.app/Contents/Developer/Platforms/MacOSX.platform/Developer/SDKs/MacOSX26.1.sdk/usr/include/DarwinFoundation1.modulemap
/Applications/Xcode.app/Contents/Developer/Platforms/MacOSX.platform/Developer/SDKs/MacOSX26.1.sdk/usr/include/dispatch/dispatch.h
/Applications/Xcode.app/Contents/Developer/Toolchains/XcodeDefault.xctoolchain/usr/lib/swift/clang/include/module.modulemap
/Applications/Xcode.app/Contents/Developer/Toolchains/XcodeDefault.xctoolchain/usr/lib/swift/clang/include/stddef.h
/Applications/Xcode.app/Contents/Developer/Toolchains/XcodeDefault.xctoolchain/usr/lib/swift/clang/include/stdarg.h
/Applications/Xcode.app/Contents/Developer/Platforms/MacOSX.platform/Developer/SDKs/MacOSX26.1.sdk/usr/include/string.h
/Applications/Xcode.app/Contents/Developer/Platforms/MacOSX.platform/Developer/SDKs/MacOSX26.1.sdk/usr/include/dispatch/base.h
/Applications/Xcode.app/Contents/Developer/Platforms/MacOSX.platform/Developer/SDKs/MacOSX26.1.sdk/usr/include/dispatch/time.h
/Applications/Xcode.app/Contents/Developer/Platforms/MacOSX.platform/Developer/SDKs/MacOSX26.1.sdk/usr/include/dispatch/object.h
/Applications/Xcode.app/Contents/Developer/Platforms/MacOSX.platform/Developer/SDKs/MacOSX26.1.sdk/usr/include/dispatch/queue.h
/Applications/Xcode.app/Contents/Developer/Platforms/MacOSX.platform/Developer/SDKs/MacOSX26.1.sdk/usr/include/dispatch/block.h
/Applications/Xcode.app/Contents/Developer/Platforms/MacOSX.platform/Developer/SDKs/MacOSX26.1.sdk/usr/include/dispatch/source.h
/Applications/Xcode.app/Contents/Developer/Platforms/MacOSX.platform/Developer/SDKs/MacOSX26.1.sdk/usr/include/dispatch/group.h
/Applications/Xcode.app/Contents/Developer/Platforms/MacOSX.platform/Developer/SDKs/MacOSX26.1.sdk/usr/include/dispatch/semaphore.h
/Applications/Xcode.app/Contents/Developer/Platforms/MacOSX.platform/Developer/SDKs/MacOSX26.1.sdk/usr/include/dispatch/once.h
/Applications/Xcode.app/Contents/Developer/Platforms/MacOSX.platform/Developer/SDKs/MacOSX26.1.sdk/usr/include/dispatch/data.h
/Applications/Xcode.app/Contents/Developer/Platforms/MacOSX.platform/Developer/SDKs/MacOSX26.1.sdk/usr/include/dispatch/io.h
/Applications/Xcode.app/Contents/Developer/Platforms/MacOSX.platform/Developer/SDKs/MacOSX26.1.sdk/usr/include/dispatch/workloop.h
/Applications/Xcode.app/Contents/Developer/Platforms/MacOSX.platform/Developer/SDKs/MacOSX26.1.sdk/usr/include/dispatch/dispatch_swift_shims.h
/Applications/Xcode.app/Contents/Developer/Platforms/MacOSX.platform/Developer/SDKs/MacOSX26.1.sdk/SDKSettings.json
/Applications/Xcode.app/Contents/Developer/Toolchains/XcodeDefault.xctoolchain/usr/lib/swift/macosx/prebuilt-modules/26.1/Dispatch.swiftmodule/arm64e-apple-macos.swiftmodule
/Applications/Xcode.app/Contents/Developer/Platforms/MacOSX.platform/Developer/SDKs/MacOSX26.1.sdk/usr/include/DarwinBasic.modulemap
/Applications/Xcode.app/Contents/Developer/Platforms/MacOSX.platform/Developer/SDKs/MacOSX26.1.sdk/usr/include/Darwin.modulemap
/Applications/Xcode.app/Contents/Developer/Platforms/MacOSX.platform/Developer/SDKs/MacOSX26.1.sdk/usr/include/Darwin_C.modulemap
/Applications/Xcode.app/Contents/Developer/Platforms/MacOSX.platform/Developer/SDKs/MacOSX26.1.sdk/usr/include/Darwin_POSIX.modulemap
/Applications/Xcode.app/Contents/Developer/Platforms/MacOSX.platform/Developer/SDKs/MacOSX26.1.sdk/usr/include/net.modulemap
/Applications/Xcode.app/Contents/Developer/Platforms/MacOSX.platform/Developer/SDKs/MacOSX26.1.sdk/usr/include/netinet.modulemap
/Applications/Xcode.app/Contents/Developer/Platforms/MacOSX.platform/Developer/SDKs/MacOSX26.1.sdk/usr/include/bank.modulemap
/Applications/Xcode.app/Contents/Developer/Platforms/MacOSX.platform/Developer/SDKs/MacOSX26.1.sdk/usr/include/Darwin_Mach.modulemap
/Applications/Xcode.app/Contents/Developer/Platforms/MacOSX.platform/Developer/SDKs/MacOSX26.1.sdk/usr/include/Darwin_Mach_machine.modulemap
/Applications/Xcode.app/Contents/Developer/Platforms/MacOSX.platform/Developer/SDKs/MacOSX26.1.sdk/usr/include/mach_debug.modulemap
/Applications/Xcode.app/Contents/Developer/Platforms/MacOSX.platform/Developer/SDKs/MacOSX26.1.sdk/usr/include/device.modulemap
/Applications/Xcode.app/Contents/Developer/Platforms/MacOSX.platform/Developer/SDKs/MacOSX26.1.sdk/usr/include/Darwin_machine.modulemap
/Applications/Xcode.app/Contents/Developer/Platforms/MacOSX.platform/Developer/SDKs/MacOSX26.1.sdk/usr/include/ncurses.modulemap
/Applications/Xcode.app/Contents/Developer/Platforms/MacOSX.platform/Developer/SDKs/MacOSX26.1.sdk/usr/include/netinet6.modulemap
/Applications/Xcode.app/Contents/Developer/Platforms/MacOSX.platform/Developer/SDKs/MacOSX26.1.sdk/usr/include/Darwin_sys.modulemap
/Applications/Xcode.app/Contents/Developer/Platforms/MacOSX.platform/Developer/SDKs/MacOSX26.1.sdk/usr/include/uuid.modulemap
/Applications/Xcode.app/Contents/Developer/Platforms/MacOSX.platform/Developer/SDKs/MacOSX26.1.sdk/usr/include/DarwinFoundation2.modulemap
/Applications/Xcode.app/Contents/Developer/Platforms/MacOSX.platform/Developer/SDKs/MacOSX26.1.sdk/usr/include/DarwinFoundation3.modulemap
/Applications/Xcode.app/Contents/Developer/Platforms/MacOSX.platform/Developer/SDKs/MacOSX26.1.sdk/usr/include/DarwinFoundation1.modulemap
/Applications/Xcode.app/Contents/Developer/Platforms/MacOSX.platform/Developer/SDKs/MacOSX26.1.sdk/usr/include/mach-o/arch.h
/Applications/Xcode.app/Contents/Developer/Toolchains/XcodeDefault.xctoolchain/usr/lib/swift/clang/include/module.modulemap
/Applications/Xcode.app/Contents/Developer/Platforms/MacOSX.platform/Developer/SDKs/MacOSX26.1.sdk/usr/include/mach-o/arm/reloc.h
/Applications/Xcode.app/Contents/Developer/Platforms/MacOSX.platform/Developer/SDKs/MacOSX26.1.sdk/usr/include/mach-o/arm64/reloc.h
/Applications/Xcode.app/Contents/Developer/Platforms/MacOSX.platform/Developer/SDKs/MacOSX26.1.sdk/usr/include/mach-o/compact_unwind_encoding.h
/Applications/Xcode.app/Contents/Developer/Platforms/MacOSX.platform/Developer/SDKs/MacOSX26.1.sdk/usr/include/mach-o/dyld.h
/Applications/Xcode.app/Contents/Developer/Toolchains/XcodeDefault.xctoolchain/usr/lib/swift/clang/include/stddef.h
/Applications/Xcode.app/Contents/Developer/Platforms/MacOSX.platform/Developer/SDKs/MacOSX26.1.sdk/usr/include/mach-o/loader.h
/Applications/Xcode.app/Contents/Developer/Platforms/MacOSX.platform/Developer/SDKs/MacOSX26.1.sdk/usr/include/mach-o/dyld_images.h
/Applications/Xcode.app/Contents/Developer/Platforms/MacOSX.platform/Developer/SDKs/MacOSX26.1.sdk/usr/include/mach-o/fat.h
/Applications/Xcode.app/Contents/Developer/Platforms/MacOSX.platform/Developer/SDKs/MacOSX26.1.sdk/usr/include/mach-o/fixup-chains.h
/Applications/Xcode.app/Contents/Developer/Platforms/MacOSX.platform/Developer/SDKs/MacOSX26.1.sdk/usr/include/mach-o/getsect.h
/Applications/Xcode.app/Contents/Developer/Platforms/MacOSX.platform/Developer/SDKs/MacOSX26.1.sdk/usr/include/mach-o/ldsyms.h
/Applications/Xcode.app/Contents/Developer/Platforms/MacOSX.platform/Developer/SDKs/MacOSX26.1.sdk/usr/include/mach-o/nlist.h
/Applications/Xcode.app/Contents/Developer/Platforms/MacOSX.platform/Developer/SDKs/MacOSX26.1.sdk/usr/include/mach-o/ranlib.h
/Applications/Xcode.app/Contents/Developer/Platforms/MacOSX.platform/Developer/SDKs/MacOSX26.1.sdk/usr/include/mach-o/reloc.h
/Applications/Xcode.app/Contents/Developer/Platforms/MacOSX.platform/Developer/SDKs/MacOSX26.1.sdk/usr/include/mach-o/stab.h
/Applications/Xcode.app/Contents/Developer/Platforms/MacOSX.platform/Developer/SDKs/MacOSX26.1.sdk/usr/include/mach-o/swap.h
/Applications/Xcode.app/Contents/Developer/Platforms/MacOSX.platform/Developer/SDKs/MacOSX26.1.sdk/usr/include/mach-o/utils.h
/Applications/Xcode.app/Contents/Developer/Platforms/MacOSX.platform/Developer/SDKs/MacOSX26.1.sdk/usr/include/mach-o/x86_64/reloc.h
/Applications/Xcode.app/Contents/Developer/Platforms/MacOSX.platform/Developer/SDKs/MacOSX26.1.sdk/SDKSettings.json
/Applications/Xcode.app/Contents/Developer/Toolchains/XcodeDefault.xctoolchain/usr/lib/swift/macosx/prebuilt-modules/26.1/ObjectiveC.swiftmodule/arm64e-apple-macos.swiftmodule
/Applications/Xcode.app/Contents/Developer/Platforms/MacOSX.platform/Developer/SDKs/MacOSX26.1.sdk/usr/include/ObjectiveC.apinotes
/Applications/Xcode.app/Contents/Developer/Platforms/MacOSX.platform/Developer/SDKs/MacOSX26.1.sdk/usr/include/DarwinBasic.modulemap
/Applications/Xcode.app/Contents/Developer/Platforms/MacOSX.platform/Developer/SDKs/MacOSX26.1.sdk/usr/include/ObjectiveC.modulemap
/Applications/Xcode.app/Contents/Developer/Platforms/MacOSX.platform/Developer/SDKs/MacOSX26.1.sdk/usr/include/Darwin.modulemap
/Applications/Xcode.app/Contents/Developer/Platforms/MacOSX.platform/Developer/SDKs/MacOSX26.1.sdk/usr/include/Darwin_C.modulemap
/Applications/Xcode.app/Contents/Developer/Platforms/MacOSX.platform/Developer/SDKs/MacOSX26.1.sdk/usr/include/Darwin_POSIX.modulemap
/Applications/Xcode.app/Contents/Developer/Platforms/MacOSX.platform/Developer/SDKs/MacOSX26.1.sdk/usr/include/net.modulemap
/Applications/Xcode.app/Contents/Developer/Platforms/MacOSX.platform/Developer/SDKs/MacOSX26.1.sdk/usr/include/netinet.modulemap
/Applications/Xcode.app/Contents/Developer/Platforms/MacOSX.platform/Developer/SDKs/MacOSX26.1.sdk/usr/include/bank.modulemap
/Applications/Xcode.app/Contents/Developer/Platforms/MacOSX.platform/Developer/SDKs/MacOSX26.1.sdk/usr/include/Darwin_Mach.modulemap
/Applications/Xcode.app/Contents/Developer/Platforms/MacOSX.platform/Developer/SDKs/MacOSX26.1.sdk/usr/include/Darwin_Mach_machine.modulemap
/Applications/Xcode.app/Contents/Developer/Platforms/MacOSX.platform/Developer/SDKs/MacOSX26.1.sdk/usr/include/mach_debug.modulemap
/Applications/Xcode.app/Contents/Developer/Platforms/MacOSX.platform/Developer/SDKs/MacOSX26.1.sdk/usr/include/device.modulemap
/Applications/Xcode.app/Contents/Developer/Platforms/MacOSX.platform/Developer/SDKs/MacOSX26.1.sdk/usr/include/Darwin_machine.modulemap
/Applications/Xcode.app/Contents/Developer/Platforms/MacOSX.platform/Developer/SDKs/MacOSX26.1.sdk/usr/include/ncurses.modulemap
/Applications/Xcode.app/Contents/Developer/Platforms/MacOSX.platform/Developer/SDKs/MacOSX26.1.sdk/usr/include/netinet6.modulemap
/Applications/Xcode.app/Contents/Developer/Platforms/MacOSX.platform/Developer/SDKs/MacOSX26.1.sdk/usr/include/Darwin_sys.modulemap
/Applications/Xcode.app/Contents/Developer/Platforms/MacOSX.platform/Developer/SDKs/MacOSX26.1.sdk/usr/include/uuid.modulemap
/Applications/Xcode.app/Contents/Developer/Platforms/MacOSX.platform/Developer/SDKs/MacOSX26.1.sdk/usr/include/DarwinFoundation2.modulemap
/Applications/Xcode.app/Contents/Developer/Platforms/MacOSX.platform/Developer/SDKs/MacOSX26.1.sdk/usr/include/DarwinFoundation3.modulemap
/Applications/Xcode.app/Contents/Developer/Platforms/MacOSX.platform/Developer/SDKs/MacOSX26.1.sdk/usr/include/DarwinFoundation1.modulemap
/Applications/Xcode.app/Contents/Developer/Platforms/MacOSX.platform/Developer/SDKs/MacOSX26.1.sdk/usr/include/objc/List.h
/Applications/Xcode.app/Contents/Developer/Platforms/MacOSX.platform/Developer/SDKs/MacOSX26.1.sdk/usr/include/objc/NSObjCRuntime.h
/Applications/Xcode.app/Contents/Developer/Toolchains/XcodeDefault.xctoolchain/usr/lib/swift/clang/include/module.modulemap
/Applications/Xcode.app/Contents/Developer/Platforms/MacOSX.platform/Developer/SDKs/MacOSX26.1.sdk/usr/include/objc/objc.h
/Applications/Xcode.app/Contents/Developer/Platforms/MacOSX.platform/Developer/SDKs/MacOSX26.1.sdk/usr/include/stdlib.h
/Applications/Xcode.app/Contents/Developer/Platforms/MacOSX.platform/Developer/SDKs/MacOSX26.1.sdk/usr/include/objc/objc-api.h
/Applications/Xcode.app/Contents/Developer/Toolchains/XcodeDefault.xctoolchain/usr/lib/swift/clang/include/stddef.h
/Applications/Xcode.app/Contents/Developer/Platforms/MacOSX.platform/Developer/SDKs/MacOSX26.1.sdk/usr/include/objc/NSObject.h
/Applications/Xcode.app/Contents/Developer/Platforms/MacOSX.platform/Developer/SDKs/MacOSX26.1.sdk/usr/include/objc/Object.h
/Applications/Xcode.app/Contents/Developer/Toolchains/XcodeDefault.xctoolchain/usr/lib/swift/clang/include/stdarg.h
/Applications/Xcode.app/Contents/Developer/Platforms/MacOSX.platform/Developer/SDKs/MacOSX26.1.sdk/usr/include/objc/objc-runtime.h
/Applications/Xcode.app/Contents/Developer/Platforms/MacOSX.platform/Developer/SDKs/MacOSX26.1.sdk/usr/include/objc/runtime.h
/Applications/Xcode.app/Contents/Developer/Platforms/MacOSX.platform/Developer/SDKs/MacOSX26.1.sdk/usr/include/objc/message.h
/Applications/Xcode.app/Contents/Developer/Platforms/MacOSX.platform/Developer/SDKs/MacOSX26.1.sdk/usr/include/objc/Protocol.h
/Applications/Xcode.app/Contents/Developer/Platforms/MacOSX.platform/Developer/SDKs/MacOSX26.1.sdk/usr/include/objc/hashtable.h
/Applications/Xcode.app/Contents/Developer/Platforms/MacOSX.platform/Developer/SDKs/MacOSX26.1.sdk/usr/include/objc/hashtable2.h
/Applications/Xcode.app/Contents/Developer/Platforms/MacOSX.platform/Developer/SDKs/MacOSX26.1.sdk/usr/include/objc/objc-auto.h
/Applications/Xcode.app/Contents/Developer/Platforms/MacOSX.platform/Developer/SDKs/MacOSX26.1.sdk/usr/include/string.h
/Applications/Xcode.app/Contents/Developer/Platforms/MacOSX.platform/Developer/SDKs/MacOSX26.1.sdk/usr/include/objc/objc-class.h
/Applications/Xcode.app/Contents/Developer/Platforms/MacOSX.platform/Developer/SDKs/MacOSX26.1.sdk/usr/include/objc/objc-exception.h
/Applications/Xcode.app/Contents/Developer/Platforms/MacOSX.platform/Developer/SDKs/MacOSX26.1.sdk/usr/include/objc/objc-load.h
/Applications/Xcode.app/Contents/Developer/Platforms/MacOSX.platform/Developer/SDKs/MacOSX26.1.sdk/usr/include/objc/objc-sync.h
/Applications/Xcode.app/Contents/Developer/Platforms/MacOSX.platform/Developer/SDKs/MacOSX26.1.sdk/SDKSettings.json
/Applications/Xcode.app/Contents/Developer/Toolchains/XcodeDefault.xctoolchain/usr/lib/swift/macosx/prebuilt-modules/26.1/Swift.swiftmodule/arm64e-apple-macos.swiftmodule
/Users/rogerlin/Library/Developer/Xcode/DerivedData/FinancialCalculatorKit-ackorybalcxbfocbkqsfdzcfkgmn/SourcePackages/prebuilts/swift-syntax/601.0.1/swiftlang-6.2.1.4.8-MacroSupport-macos_aarch64/Modules/SwiftBasicFormat.swiftmodule
/Users/rogerlin/Library/Developer/Xcode/DerivedData/FinancialCalculatorKit-ackorybalcxbfocbkqsfdzcfkgmn/SourcePackages/prebuilts/swift-syntax/601.0.1/swiftlang-6.2.1.4.8-MacroSupport-macos_aarch64/Modules/SwiftCompilerPlugin.swiftmodule
/Users/rogerlin/Library/Developer/Xcode/DerivedData/FinancialCalculatorKit-ackorybalcxbfocbkqsfdzcfkgmn/SourcePackages/prebuilts/swift-syntax/601.0.1/swiftlang-6.2.1.4.8-MacroSupport-macos_aarch64/Modules/SwiftCompilerPluginMessageHandling.swiftmodule
/Users/rogerlin/Library/Developer/Xcode/DerivedData/FinancialCalculatorKit-ackorybalcxbfocbkqsfdzcfkgmn/SourcePackages/prebuilts/swift-syntax/601.0.1/swiftlang-6.2.1.4.8-MacroSupport-macos_aarch64/Modules/SwiftDiagnostics.swiftmodule
/Applications/Xcode.app/Contents/Developer/Toolchains/XcodeDefault.xctoolchain/usr/lib/swift/macosx/prebuilt-modules/26.1/SwiftOnoneSupport.swiftmodule/arm64e-apple-macos.swiftmodule
/Users/rogerlin/Library/Developer/Xcode/DerivedData/FinancialCalculatorKit-ackorybalcxbfocbkqsfdzcfkgmn/SourcePackages/prebuilts/swift-syntax/601.0.1/swiftlang-6.2.1.4.8-MacroSupport-macos_aarch64/Modules/SwiftOperators.swiftmodule
/Users/rogerlin/Library/Developer/Xcode/DerivedData/FinancialCalculatorKit-ackorybalcxbfocbkqsfdzcfkgmn/SourcePackages/prebuilts/swift-syntax/601.0.1/swiftlang-6.2.1.4.8-MacroSupport-macos_aarch64/Modules/SwiftParser.swiftmodule
/Users/rogerlin/Library/Developer/Xcode/DerivedData/FinancialCalculatorKit-ackorybalcxbfocbkqsfdzcfkgmn/SourcePackages/prebuilts/swift-syntax/601.0.1/swiftlang-6.2.1.4.8-MacroSupport-macos_aarch64/Modules/SwiftParserDiagnostics.swiftmodule
/Applications/Xcode.app/Contents/Developer/Platforms/MacOSX.platform/Developer/SDKs/MacOSX26.1.sdk/usr/lib/swift/shims/module.modulemap
/Applications/Xcode.app/Contents/Developer/Platforms/MacOSX.platform/Developer/SDKs/MacOSX26.1.sdk/usr/lib/swift/shims/AssertionReporting.h
/Applications/Xcode.app/Contents/Developer/Platforms/MacOSX.platform/Developer/SDKs/MacOSX26.1.sdk/usr/lib/swift/shims/SwiftStdint.h
/Applications/Xcode.app/Contents/Developer/Platforms/MacOSX.platform/Developer/SDKs/MacOSX26.1.sdk/usr/lib/swift/shims/Visibility.h
/Applications/Xcode.app/Contents/Developer/Platforms/MacOSX.platform/Developer/SDKs/MacOSX26.1.sdk/usr/lib/swift/shims/CoreFoundationShims.h
/Applications/Xcode.app/Contents/Developer/Platforms/MacOSX.platform/Developer/SDKs/MacOSX26.1.sdk/usr/lib/swift/shims/ObjCShims.h
/Applications/Xcode.app/Contents/Developer/Platforms/MacOSX.platform/Developer/SDKs/MacOSX26.1.sdk/usr/lib/swift/shims/EmbeddedShims.h
/Applications/Xcode.app/Contents/Developer/Platforms/MacOSX.platform/Developer/SDKs/MacOSX26.1.sdk/usr/lib/swift/shims/SwiftStddef.h
/Applications/Xcode.app/Contents/Developer/Platforms/MacOSX.platform/Developer/SDKs/MacOSX26.1.sdk/usr/lib/swift/shims/FoundationShims.h
/Applications/Xcode.app/Contents/Developer/Platforms/MacOSX.platform/Developer/SDKs/MacOSX26.1.sdk/usr/lib/swift/shims/GlobalObjects.h
/Applications/Xcode.app/Contents/Developer/Platforms/MacOSX.platform/Developer/SDKs/MacOSX26.1.sdk/usr/lib/swift/shims/SwiftStdbool.h
/Applications/Xcode.app/Contents/Developer/Platforms/MacOSX.platform/Developer/SDKs/MacOSX26.1.sdk/usr/lib/swift/shims/HeapObject.h
/Applications/Xcode.app/Contents/Developer/Platforms/MacOSX.platform/Developer/SDKs/MacOSX26.1.sdk/usr/lib/swift/shims/RefCount.h
/Applications/Xcode.app/Contents/Developer/Platforms/MacOSX.platform/Developer/SDKs/MacOSX26.1.sdk/usr/lib/swift/shims/System.h
/Applications/Xcode.app/Contents/Developer/Platforms/MacOSX.platform/Developer/SDKs/MacOSX26.1.sdk/usr/lib/swift/shims/Target.h
/Applications/Xcode.app/Contents/Developer/Platforms/MacOSX.platform/Developer/SDKs/MacOSX26.1.sdk/usr/lib/swift/shims/KeyPath.h
/Applications/Xcode.app/Contents/Developer/Platforms/MacOSX.platform/Developer/SDKs/MacOSX26.1.sdk/usr/lib/swift/shims/LibcShims.h
/Applications/Xcode.app/Contents/Developer/Platforms/MacOSX.platform/Developer/SDKs/MacOSX26.1.sdk/usr/lib/swift/shims/MetadataSections.h
/Applications/Xcode.app/Contents/Developer/Platforms/MacOSX.platform/Developer/SDKs/MacOSX26.1.sdk/usr/lib/swift/shims/Random.h
/Applications/Xcode.app/Contents/Developer/Platforms/MacOSX.platform/Developer/SDKs/MacOSX26.1.sdk/usr/lib/swift/shims/Reflection.h
/Applications/Xcode.app/Contents/Developer/Platforms/MacOSX.platform/Developer/SDKs/MacOSX26.1.sdk/usr/lib/swift/shims/RuntimeShims.h
/Applications/Xcode.app/Contents/Developer/Platforms/MacOSX.platform/Developer/SDKs/MacOSX26.1.sdk/usr/lib/swift/shims/RuntimeStubs.h
/Applications/Xcode.app/Contents/Developer/Platforms/MacOSX.platform/Developer/SDKs/MacOSX26.1.sdk/usr/lib/swift/shims/ThreadLocalStorage.h
/Applications/Xcode.app/Contents/Developer/Platforms/MacOSX.platform/Developer/SDKs/MacOSX26.1.sdk/usr/lib/swift/shims/UnicodeData.h
/Applications/Xcode.app/Contents/Developer/Platforms/MacOSX.platform/Developer/SDKs/MacOSX26.1.sdk/SDKSettings.json
/Users/rogerlin/Library/Developer/Xcode/DerivedData/FinancialCalculatorKit-ackorybalcxbfocbkqsfdzcfkgmn/SourcePackages/prebuilts/swift-syntax/601.0.1/swiftlang-6.2.1.4.8-MacroSupport-macos_aarch64/Modules/SwiftSyntax.swiftmodule
/Users/rogerlin/Library/Developer/Xcode/DerivedData/FinancialCalculatorKit-ackorybalcxbfocbkqsfdzcfkgmn/SourcePackages/prebuilts/swift-syntax/601.0.1/swiftlang-6.2.1.4.8-MacroSupport-macos_aarch64/Modules/SwiftSyntaxBuilder.swiftmodule
/Users/rogerlin/Library/Developer/Xcode/DerivedData/FinancialCalculatorKit-ackorybalcxbfocbkqsfdzcfkgmn/SourcePackages/prebuilts/swift-syntax/601.0.1/swiftlang-6.2.1.4.8-MacroSupport-macos_aarch64/Modules/SwiftSyntaxMacroExpansion.swiftmodule
/Users/rogerlin/Library/Developer/Xcode/DerivedData/FinancialCalculatorKit-ackorybalcxbfocbkqsfdzcfkgmn/SourcePackages/prebuilts/swift-syntax/601.0.1/swiftlang-6.2.1.4.8-MacroSupport-macos_aarch64/Modules/SwiftSyntaxMacros.swiftmodule
/Applications/Xcode.app/Contents/Developer/Toolchains/XcodeDefault.xctoolchain/usr/lib/swift/macosx/prebuilt-modules/26.1/XPC.swiftmodule/arm64e-apple-macos.swiftmodule
/Applications/Xcode.app/Contents/Developer/Platforms/MacOSX.platform/Developer/SDKs/MacOSX26.1.sdk/usr/include/XPC.apinotes
/Applications/Xcode.app/Contents/Developer/Platforms/MacOSX.platform/Developer/SDKs/MacOSX26.1.sdk/usr/include/launch.modulemap
/Applications/Xcode.app/Contents/Developer/Platforms/MacOSX.platform/Developer/SDKs/MacOSX26.1.sdk/usr/include/xpc.modulemap
/Applications/Xcode.app/Contents/Developer/Platforms/MacOSX.platform/Developer/SDKs/MacOSX26.1.sdk/usr/include/dispatch.modulemap
/Applications/Xcode.app/Contents/Developer/Platforms/MacOSX.platform/Developer/SDKs/MacOSX26.1.sdk/usr/include/os.modulemap
/Applications/Xcode.app/Contents/Developer/Platforms/MacOSX.platform/Developer/SDKs/MacOSX26.1.sdk/usr/include/Darwin.modulemap
/Applications/Xcode.app/Contents/Developer/Platforms/MacOSX.platform/Developer/SDKs/MacOSX26.1.sdk/usr/include/Darwin_C.modulemap
/Applications/Xcode.app/Contents/Developer/Platforms/MacOSX.platform/Developer/SDKs/MacOSX26.1.sdk/usr/include/Darwin_POSIX.modulemap
/Applications/Xcode.app/Contents/Developer/Platforms/MacOSX.platform/Developer/SDKs/MacOSX26.1.sdk/usr/include/net.modulemap
/Applications/Xcode.app/Contents/Developer/Platforms/MacOSX.platform/Developer/SDKs/MacOSX26.1.sdk/usr/include/netinet.modulemap
/Applications/Xcode.app/Contents/Developer/Platforms/MacOSX.platform/Developer/SDKs/MacOSX26.1.sdk/usr/include/bank.modulemap
/Applications/Xcode.app/Contents/Developer/Platforms/MacOSX.platform/Developer/SDKs/MacOSX26.1.sdk/usr/include/Darwin_Mach.modulemap
/Applications/Xcode.app/Contents/Developer/Platforms/MacOSX.platform/Developer/SDKs/MacOSX26.1.sdk/usr/include/Darwin_Mach_machine.modulemap
/Applications/Xcode.app/Contents/Developer/Platforms/MacOSX.platform/Developer/SDKs/MacOSX26.1.sdk/usr/include/mach_debug.modulemap
/Applications/Xcode.app/Contents/Developer/Platforms/MacOSX.platform/Developer/SDKs/MacOSX26.1.sdk/usr/include/device.modulemap
/Applications/Xcode.app/Contents/Developer/Platforms/MacOSX.platform/Developer/SDKs/MacOSX26.1.sdk/usr/include/Darwin_machine.modulemap
/Applications/Xcode.app/Contents/Developer/Platforms/MacOSX.platform/Developer/SDKs/MacOSX26.1.sdk/usr/include/ncurses.modulemap
/Applications/Xcode.app/Contents/Developer/Platforms/MacOSX.platform/Developer/SDKs/MacOSX26.1.sdk/usr/include/netinet6.modulemap
/Applications/Xcode.app/Contents/Developer/Platforms/MacOSX.platform/Developer/SDKs/MacOSX26.1.sdk/usr/include/Darwin_sys.modulemap
/Applications/Xcode.app/Contents/Developer/Platforms/MacOSX.platform/Developer/SDKs/MacOSX26.1.sdk/usr/include/uuid.modulemap
/Applications/Xcode.app/Contents/Developer/Platforms/MacOSX.platform/Developer/SDKs/MacOSX26.1.sdk/usr/include/DarwinFoundation2.modulemap
/Applications/Xcode.app/Contents/Developer/Platforms/MacOSX.platform/Developer/SDKs/MacOSX26.1.sdk/usr/include/DarwinFoundation3.modulemap
/Applications/Xcode.app/Contents/Developer/Platforms/MacOSX.platform/Developer/SDKs/MacOSX26.1.sdk/usr/include/DarwinFoundation1.modulemap
/Applications/Xcode.app/Contents/Developer/Platforms/MacOSX.platform/Developer/SDKs/MacOSX26.1.sdk/usr/include/xpc/xpc.h
/Applications/Xcode.app/Contents/Developer/Toolchains/XcodeDefault.xctoolchain/usr/lib/swift/clang/include/module.modulemap
/Applications/Xcode.app/Contents/Developer/Toolchains/XcodeDefault.xctoolchain/usr/lib/swift/clang/include/stdarg.h
/Applications/Xcode.app/Contents/Developer/Platforms/MacOSX.platform/Developer/SDKs/MacOSX26.1.sdk/usr/include/stdlib.h
/Applications/Xcode.app/Contents/Developer/Platforms/MacOSX.platform/Developer/SDKs/MacOSX26.1.sdk/usr/include/stdio.h
/Applications/Xcode.app/Contents/Developer/Platforms/MacOSX.platform/Developer/SDKs/MacOSX26.1.sdk/usr/include/string.h
/Applications/Xcode.app/Contents/Developer/Platforms/MacOSX.platform/Developer/SDKs/MacOSX26.1.sdk/usr/include/xpc/base.h
/Applications/Xcode.app/Contents/Developer/Platforms/MacOSX.platform/Developer/SDKs/MacOSX26.1.sdk/usr/include/xpc/availability.h
/Applications/Xcode.app/Contents/Developer/Platforms/MacOSX.platform/Developer/SDKs/MacOSX26.1.sdk/usr/include/xpc/endpoint.h
/Applications/Xcode.app/Contents/Developer/Platforms/MacOSX.platform/Developer/SDKs/MacOSX26.1.sdk/usr/include/xpc/debug.h
/Applications/Xcode.app/Contents/Developer/Platforms/MacOSX.platform/Developer/SDKs/MacOSX26.1.sdk/usr/include/xpc/activity.h
/Applications/Xcode.app/Contents/Developer/Platforms/MacOSX.platform/Developer/SDKs/MacOSX26.1.sdk/usr/include/xpc/peer_requirement.h
/Applications/Xcode.app/Contents/Developer/Platforms/MacOSX.platform/Developer/SDKs/MacOSX26.1.sdk/usr/include/xpc/connection.h
/Applications/Xcode.app/Contents/Developer/Platforms/MacOSX.platform/Developer/SDKs/MacOSX26.1.sdk/usr/include/xpc/rich_error.h
/Applications/Xcode.app/Contents/Developer/Platforms/MacOSX.platform/Developer/SDKs/MacOSX26.1.sdk/usr/include/xpc/session.h
/Applications/Xcode.app/Contents/Developer/Platforms/MacOSX.platform/Developer/SDKs/MacOSX26.1.sdk/usr/include/xpc/listener.h
/Applications/Xcode.app/Contents/Developer/Platforms/MacOSX.platform/Developer/SDKs/MacOSX26.1.sdk/SDKSettings.json
/Applications/Xcode.app/Contents/Developer/Platforms/MacOSX.platform/Developer/SDKs/MacOSX26.1.sdk/usr/include/DarwinFoundation1.modulemap
/Applications/Xcode.app/Contents/Developer/Platforms/MacOSX.platform/Developer/SDKs/MacOSX26.1.sdk/usr/include/AvailabilityInternal.h
/Applications/Xcode.app/Contents/Developer/Platforms/MacOSX.platform/Developer/SDKs/MacOSX26.1.sdk/usr/include/AvailabilityVersions.h
/Applications/Xcode.app/Contents/Developer/Platforms/MacOSX.platform/Developer/SDKs/MacOSX26.1.sdk/usr/include/AvailabilityInternalLegacy.h
/Applications/Xcode.app/Contents/Developer/Platforms/MacOSX.platform/Developer/SDKs/MacOSX26.1.sdk/SDKSettings.json
/Applications/Xcode.app/Contents/Developer/Toolchains/XcodeDefault.xctoolchain/usr/lib/swift/macosx/prebuilt-modules/26.1/_Builtin_float.swiftmodule/arm64e-apple-macos.swiftmodule
/Applications/Xcode.app/Contents/Developer/Toolchains/XcodeDefault.xctoolchain/usr/lib/swift/clang/include/module.modulemap
/Applications/Xcode.app/Contents/Developer/Toolchains/XcodeDefault.xctoolchain/usr/lib/swift/clang/include/float.h
/Applications/Xcode.app/Contents/Developer/Platforms/MacOSX.platform/Developer/SDKs/MacOSX26.1.sdk/SDKSettings.json
/Applications/Xcode.app/Contents/Developer/Toolchains/XcodeDefault.xctoolchain/usr/lib/swift/clang/include/module.modulemap
/Applications/Xcode.app/Contents/Developer/Toolchains/XcodeDefault.xctoolchain/usr/lib/swift/clang/include/inttypes.h
/Applications/Xcode.app/Contents/Developer/Platforms/MacOSX.platform/Developer/SDKs/MacOSX26.1.sdk/usr/include/DarwinFoundation3.modulemap
/Applications/Xcode.app/Contents/Developer/Platforms/MacOSX.platform/Developer/SDKs/MacOSX26.1.sdk/usr/include/inttypes.h
/Applications/Xcode.app/Contents/Developer/Platforms/MacOSX.platform/Developer/SDKs/MacOSX26.1.sdk/SDKSettings.json
/Applications/Xcode.app/Contents/Developer/Toolchains/XcodeDefault.xctoolchain/usr/lib/swift/clang/include/module.modulemap
/Applications/Xcode.app/Contents/Developer/Toolchains/XcodeDefault.xctoolchain/usr/lib/swift/clang/include/limits.h
/Applications/Xcode.app/Contents/Developer/Platforms/MacOSX.platform/Developer/SDKs/MacOSX26.1.sdk/usr/include/DarwinFoundation1.modulemap
/Applications/Xcode.app/Contents/Developer/Platforms/MacOSX.platform/Developer/SDKs/MacOSX26.1.sdk/SDKSettings.json
/Applications/Xcode.app/Contents/Developer/Toolchains/XcodeDefault.xctoolchain/usr/lib/swift/clang/include/module.modulemap
/Applications/Xcode.app/Contents/Developer/Toolchains/XcodeDefault.xctoolchain/usr/lib/swift/clang/include/__stdarg___gnuc_va_list.h
/Applications/Xcode.app/Contents/Developer/Toolchains/XcodeDefault.xctoolchain/usr/lib/swift/clang/include/__stdarg___va_copy.h
/Applications/Xcode.app/Contents/Developer/Toolchains/XcodeDefault.xctoolchain/usr/lib/swift/clang/include/__stdarg_header_macro.h
/Applications/Xcode.app/Contents/Developer/Toolchains/XcodeDefault.xctoolchain/usr/lib/swift/clang/include/__stdarg_va_arg.h
/Applications/Xcode.app/Contents/Developer/Toolchains/XcodeDefault.xctoolchain/usr/lib/swift/clang/include/__stdarg_va_copy.h
/Applications/Xcode.app/Contents/Developer/Toolchains/XcodeDefault.xctoolchain/usr/lib/swift/clang/include/__stdarg_va_list.h
/Applications/Xcode.app/Contents/Developer/Platforms/MacOSX.platform/Developer/SDKs/MacOSX26.1.sdk/SDKSettings.json
/Applications/Xcode.app/Contents/Developer/Toolchains/XcodeDefault.xctoolchain/usr/lib/swift/clang/include/module.modulemap
/Applications/Xcode.app/Contents/Developer/Toolchains/XcodeDefault.xctoolchain/usr/lib/swift/clang/include/stdatomic.h
/Applications/Xcode.app/Contents/Developer/Toolchains/XcodeDefault.xctoolchain/usr/lib/swift/clang/include/stddef.h
/Applications/Xcode.app/Contents/Developer/Platforms/MacOSX.platform/Developer/SDKs/MacOSX26.1.sdk/SDKSettings.json
/Applications/Xcode.app/Contents/Developer/Toolchains/XcodeDefault.xctoolchain/usr/lib/swift/clang/include/module.modulemap
/Applications/Xcode.app/Contents/Developer/Toolchains/XcodeDefault.xctoolchain/usr/lib/swift/clang/include/stdbool.h
/Applications/Xcode.app/Contents/Developer/Platforms/MacOSX.platform/Developer/SDKs/MacOSX26.1.sdk/SDKSettings.json
/Applications/Xcode.app/Contents/Developer/Toolchains/XcodeDefault.xctoolchain/usr/lib/swift/clang/include/module.modulemap
/Applications/Xcode.app/Contents/Developer/Toolchains/XcodeDefault.xctoolchain/usr/lib/swift/clang/include/__stddef_header_macro.h
/Applications/Xcode.app/Contents/Developer/Toolchains/XcodeDefault.xctoolchain/usr/lib/swift/clang/include/__stddef_max_align_t.h
/Applications/Xcode.app/Contents/Developer/Toolchains/XcodeDefault.xctoolchain/usr/lib/swift/clang/include/__stddef_null.h
/Applications/Xcode.app/Contents/Developer/Toolchains/XcodeDefault.xctoolchain/usr/lib/swift/clang/include/__stddef_nullptr_t.h
/Applications/Xcode.app/Contents/Developer/Toolchains/XcodeDefault.xctoolchain/usr/lib/swift/clang/include/__stddef_offsetof.h
/Applications/Xcode.app/Contents/Developer/Toolchains/XcodeDefault.xctoolchain/usr/lib/swift/clang/include/__stddef_ptrdiff_t.h
/Applications/Xcode.app/Contents/Developer/Toolchains/XcodeDefault.xctoolchain/usr/lib/swift/clang/include/__stddef_rsize_t.h
/Applications/Xcode.app/Contents/Developer/Toolchains/XcodeDefault.xctoolchain/usr/lib/swift/clang/include/__stddef_size_t.h
/Applications/Xcode.app/Contents/Developer/Toolchains/XcodeDefault.xctoolchain/usr/lib/swift/clang/include/__stddef_unreachable.h
/Applications/Xcode.app/Contents/Developer/Toolchains/XcodeDefault.xctoolchain/usr/lib/swift/clang/include/__stddef_wchar_t.h
/Applications/Xcode.app/Contents/Developer/Platforms/MacOSX.platform/Developer/SDKs/MacOSX26.1.sdk/SDKSettings.json
/Applications/Xcode.app/Contents/Developer/Toolchains/XcodeDefault.xctoolchain/usr/lib/swift/clang/include/module.modulemap
/Applications/Xcode.app/Contents/Developer/Toolchains/XcodeDefault.xctoolchain/usr/lib/swift/clang/include/stdint.h
/Applications/Xcode.app/Contents/Developer/Platforms/MacOSX.platform/Developer/SDKs/MacOSX26.1.sdk/usr/include/DarwinFoundation2.modulemap
/Applications/Xcode.app/Contents/Developer/Platforms/MacOSX.platform/Developer/SDKs/MacOSX26.1.sdk/SDKSettings.json
/Applications/Xcode.app/Contents/Developer/Toolchains/XcodeDefault.xctoolchain/usr/lib/swift/macosx/prebuilt-modules/26.1/_Concurrency.swiftmodule/arm64e-apple-macos.swiftmodule
/Applications/Xcode.app/Contents/Developer/Platforms/MacOSX.platform/Developer/SDKs/MacOSX26.1.sdk/usr/include/DarwinFoundation1.modulemap
/Applications/Xcode.app/Contents/Developer/Platforms/MacOSX.platform/Developer/SDKs/MacOSX26.1.sdk/usr/include/sys/appleapiopts.h
/Applications/Xcode.app/Contents/Developer/Platforms/MacOSX.platform/Developer/SDKs/MacOSX26.1.sdk/usr/include/os/availability.h
/Applications/Xcode.app/Contents/Developer/Platforms/MacOSX.platform/Developer/SDKs/MacOSX26.1.sdk/usr/include/Availability.h
/Applications/Xcode.app/Contents/Developer/Platforms/MacOSX.platform/Developer/SDKs/MacOSX26.1.sdk/usr/include/AvailabilityMacros.h
/Applications/Xcode.app/Contents/Developer/Platforms/MacOSX.platform/Developer/SDKs/MacOSX26.1.sdk/usr/include/TargetConditionals.h
/Applications/Xcode.app/Contents/Developer/Platforms/MacOSX.platform/Developer/SDKs/MacOSX26.1.sdk/usr/include/_bounds.h
/Applications/Xcode.app/Contents/Developer/Platforms/MacOSX.platform/Developer/SDKs/MacOSX26.1.sdk/usr/include/sys/cdefs.h
/Applications/Xcode.app/Contents/Developer/Platforms/MacOSX.platform/Developer/SDKs/MacOSX26.1.sdk/usr/include/sys/_symbol_aliasing.h
/Applications/Xcode.app/Contents/Developer/Platforms/MacOSX.platform/Developer/SDKs/MacOSX26.1.sdk/usr/include/sys/_posix_availability.h
/Applications/Xcode.app/Contents/Developer/Toolchains/XcodeDefault.xctoolchain/usr/lib/swift/clang/include/module.modulemap
/Applications/Xcode.app/Contents/Developer/Platforms/MacOSX.platform/Developer/SDKs/MacOSX26.1.sdk/usr/include/sys/qos.h
/Applications/Xcode.app/Contents/Developer/Platforms/MacOSX.platform/Developer/SDKs/MacOSX26.1.sdk/usr/include/machine/_endian.h
/Applications/Xcode.app/Contents/Developer/Platforms/MacOSX.platform/Developer/SDKs/MacOSX26.1.sdk/usr/include/arm/_endian.h
/Applications/Xcode.app/Contents/Developer/Platforms/MacOSX.platform/Developer/SDKs/MacOSX26.1.sdk/usr/include/sys/__endian.h
/Applications/Xcode.app/Contents/Developer/Platforms/MacOSX.platform/Developer/SDKs/MacOSX26.1.sdk/usr/include/i386/_endian.h
/Applications/Xcode.app/Contents/Developer/Platforms/MacOSX.platform/Developer/SDKs/MacOSX26.1.sdk/usr/include/__xlocale.h
/Applications/Xcode.app/Contents/Developer/Platforms/MacOSX.platform/Developer/SDKs/MacOSX26.1.sdk/usr/include/_mb_cur_max.h
/Applications/Xcode.app/Contents/Developer/Platforms/MacOSX.platform/Developer/SDKs/MacOSX26.1.sdk/usr/include/_types/_locale_t.h
/Applications/Xcode.app/Contents/Developer/Platforms/MacOSX.platform/Developer/SDKs/MacOSX26.1.sdk/usr/include/sys/_types/_u_char.h
/Applications/Xcode.app/Contents/Developer/Platforms/MacOSX.platform/Developer/SDKs/MacOSX26.1.sdk/usr/include/sys/_types/_u_short.h
/Applications/Xcode.app/Contents/Developer/Platforms/MacOSX.platform/Developer/SDKs/MacOSX26.1.sdk/usr/include/sys/_types/_u_int.h
/Applications/Xcode.app/Contents/Developer/Platforms/MacOSX.platform/Developer/SDKs/MacOSX26.1.sdk/usr/include/sys/_types/_u_int8_t.h
/Applications/Xcode.app/Contents/Developer/Platforms/MacOSX.platform/Developer/SDKs/MacOSX26.1.sdk/usr/include/sys/_types/_u_int16_t.h
/Applications/Xcode.app/Contents/Developer/Platforms/MacOSX.platform/Developer/SDKs/MacOSX26.1.sdk/usr/include/sys/_types/_u_int32_t.h
/Applications/Xcode.app/Contents/Developer/Platforms/MacOSX.platform/Developer/SDKs/MacOSX26.1.sdk/usr/include/sys/_types/_u_int64_t.h
/Applications/Xcode.app/Contents/Developer/Platforms/MacOSX.platform/Developer/SDKs/MacOSX26.1.sdk/usr/include/_assert.h
/Applications/Xcode.app/Contents/Developer/Platforms/MacOSX.platform/Developer/SDKs/MacOSX26.1.sdk/usr/include/_static_assert.h
/Applications/Xcode.app/Contents/Developer/Platforms/MacOSX.platform/Developer/SDKs/MacOSX26.1.sdk/usr/include/complex.h
/Applications/Xcode.app/Contents/Developer/Platforms/MacOSX.platform/Developer/SDKs/MacOSX26.1.sdk/usr/include/errno.h
/Applications/Xcode.app/Contents/Developer/Platforms/MacOSX.platform/Developer/SDKs/MacOSX26.1.sdk/usr/include/sys/errno.h
/Applications/Xcode.app/Contents/Developer/Platforms/MacOSX.platform/Developer/SDKs/MacOSX26.1.sdk/usr/include/sys/_types/_errno_t.h
/Applications/Xcode.app/Contents/Developer/Platforms/MacOSX.platform/Developer/SDKs/MacOSX26.1.sdk/usr/include/fenv.h
/Applications/Xcode.app/Contents/Developer/Platforms/MacOSX.platform/Developer/SDKs/MacOSX26.1.sdk/usr/include/limits.h
/Applications/Xcode.app/Contents/Developer/Platforms/MacOSX.platform/Developer/SDKs/MacOSX26.1.sdk/usr/include/machine/limits.h
/Applications/Xcode.app/Contents/Developer/Platforms/MacOSX.platform/Developer/SDKs/MacOSX26.1.sdk/usr/include/arm/limits.h
/Applications/Xcode.app/Contents/Developer/Platforms/MacOSX.platform/Developer/SDKs/MacOSX26.1.sdk/usr/include/arm/_limits.h
/Applications/Xcode.app/Contents/Developer/Platforms/MacOSX.platform/Developer/SDKs/MacOSX26.1.sdk/usr/include/sys/syslimits.h
/Applications/Xcode.app/Contents/Developer/Platforms/MacOSX.platform/Developer/SDKs/MacOSX26.1.sdk/usr/include/i386/limits.h
/Applications/Xcode.app/Contents/Developer/Platforms/MacOSX.platform/Developer/SDKs/MacOSX26.1.sdk/usr/include/machine/_limits.h
/Applications/Xcode.app/Contents/Developer/Platforms/MacOSX.platform/Developer/SDKs/MacOSX26.1.sdk/usr/include/i386/_limits.h
/Applications/Xcode.app/Contents/Developer/Platforms/MacOSX.platform/Developer/SDKs/MacOSX26.1.sdk/usr/include/math.h
/Applications/Xcode.app/Contents/Developer/Platforms/MacOSX.platform/Developer/SDKs/MacOSX26.1.sdk/usr/include/setjmp.h
/Applications/Xcode.app/Contents/Developer/Platforms/MacOSX.platform/Developer/SDKs/MacOSX26.1.sdk/SDKSettings.json
/Applications/Xcode.app/Contents/Developer/Toolchains/XcodeDefault.xctoolchain/usr/lib/swift/macosx/prebuilt-modules/26.1/_DarwinFoundation1.swiftmodule/arm64e-apple-macos.swiftmodule
/Applications/Xcode.app/Contents/Developer/Toolchains/XcodeDefault.xctoolchain/usr/lib/swift/macosx/prebuilt-modules/26.1/_DarwinFoundation2.swiftmodule/arm64e-apple-macos.swiftmodule
/Applications/Xcode.app/Contents/Developer/Platforms/MacOSX.platform/Developer/SDKs/MacOSX26.1.sdk/usr/include/_DarwinFoundation2.apinotes
/Applications/Xcode.app/Contents/Developer/Platforms/MacOSX.platform/Developer/SDKs/MacOSX26.1.sdk/usr/include/DarwinFoundation2.modulemap
/Applications/Xcode.app/Contents/Developer/Platforms/MacOSX.platform/Developer/SDKs/MacOSX26.1.sdk/usr/include/DarwinFoundation1.modulemap
/Applications/Xcode.app/Contents/Developer/Platforms/MacOSX.platform/Developer/SDKs/MacOSX26.1.sdk/usr/include/nl_types.h
/Applications/Xcode.app/Contents/Developer/Platforms/MacOSX.platform/Developer/SDKs/MacOSX26.1.sdk/usr/include/sys/types.h
/Applications/Xcode.app/Contents/Developer/Platforms/MacOSX.platform/Developer/SDKs/MacOSX26.1.sdk/usr/include/machine/types.h
/Applications/Xcode.app/Contents/Developer/Platforms/MacOSX.platform/Developer/SDKs/MacOSX26.1.sdk/usr/include/arm/types.h
/Applications/Xcode.app/Contents/Developer/Platforms/MacOSX.platform/Developer/SDKs/MacOSX26.1.sdk/usr/include/arm/_types.h
/Applications/Xcode.app/Contents/Developer/Platforms/MacOSX.platform/Developer/SDKs/MacOSX26.1.sdk/usr/include/sys/_types/_ptrdiff_t.h
/Applications/Xcode.app/Contents/Developer/Toolchains/XcodeDefault.xctoolchain/usr/lib/swift/clang/include/module.modulemap
/Applications/Xcode.app/Contents/Developer/Toolchains/XcodeDefault.xctoolchain/usr/lib/swift/clang/include/stddef.h
/Applications/Xcode.app/Contents/Developer/Platforms/MacOSX.platform/Developer/SDKs/MacOSX26.1.sdk/usr/include/sys/_types/_size_t.h
/Applications/Xcode.app/Contents/Developer/Platforms/MacOSX.platform/Developer/SDKs/MacOSX26.1.sdk/usr/include/sys/_types/_va_list.h
/Applications/Xcode.app/Contents/Developer/Toolchains/XcodeDefault.xctoolchain/usr/lib/swift/clang/include/stdarg.h
/Applications/Xcode.app/Contents/Developer/Platforms/MacOSX.platform/Developer/SDKs/MacOSX26.1.sdk/usr/include/sys/_types/_wchar_t.h
/Applications/Xcode.app/Contents/Developer/Platforms/MacOSX.platform/Developer/SDKs/MacOSX26.1.sdk/usr/include/sys/_types/_int8_t.h
/Applications/Xcode.app/Contents/Developer/Platforms/MacOSX.platform/Developer/SDKs/MacOSX26.1.sdk/usr/include/sys/_types/_int16_t.h
/Applications/Xcode.app/Contents/Developer/Platforms/MacOSX.platform/Developer/SDKs/MacOSX26.1.sdk/usr/include/sys/_types/_int32_t.h
/Applications/Xcode.app/Contents/Developer/Platforms/MacOSX.platform/Developer/SDKs/MacOSX26.1.sdk/usr/include/sys/_types/_int64_t.h
/Applications/Xcode.app/Contents/Developer/Platforms/MacOSX.platform/Developer/SDKs/MacOSX26.1.sdk/usr/include/sys/_types/_intptr_t.h
/Applications/Xcode.app/Contents/Developer/Platforms/MacOSX.platform/Developer/SDKs/MacOSX26.1.sdk/usr/include/machine/_types.h
/Applications/Xcode.app/Contents/Developer/Platforms/MacOSX.platform/Developer/SDKs/MacOSX26.1.sdk/usr/include/sys/_types/_uintptr_t.h
/Applications/Xcode.app/Contents/Developer/Platforms/MacOSX.platform/Developer/SDKs/MacOSX26.1.sdk/usr/include/sys/_types.h
/Applications/Xcode.app/Contents/Developer/Platforms/MacOSX.platform/Developer/SDKs/MacOSX26.1.sdk/usr/include/sys/_types/_null.h
/Applications/Xcode.app/Contents/Developer/Platforms/MacOSX.platform/Developer/SDKs/MacOSX26.1.sdk/usr/include/sys/_pthread/_pthread_types.h
/Applications/Xcode.app/Contents/Developer/Platforms/MacOSX.platform/Developer/SDKs/MacOSX26.1.sdk/usr/include/machine/endian.h
/Applications/Xcode.app/Contents/Developer/Platforms/MacOSX.platform/Developer/SDKs/MacOSX26.1.sdk/usr/include/arm/endian.h
/Applications/Xcode.app/Contents/Developer/Platforms/MacOSX.platform/Developer/SDKs/MacOSX26.1.sdk/usr/include/sys/_endian.h
/Applications/Xcode.app/Contents/Developer/Platforms/MacOSX.platform/Developer/SDKs/MacOSX26.1.sdk/usr/include/libkern/_OSByteOrder.h
/Applications/Xcode.app/Contents/Developer/Platforms/MacOSX.platform/Developer/SDKs/MacOSX26.1.sdk/usr/include/libkern/arm/_OSByteOrder.h
/Applications/Xcode.app/Contents/Developer/Platforms/MacOSX.platform/Developer/SDKs/MacOSX26.1.sdk/usr/include/sys/_types/_caddr_t.h
/Applications/Xcode.app/Contents/Developer/Platforms/MacOSX.platform/Developer/SDKs/MacOSX26.1.sdk/usr/include/sys/_types/_dev_t.h
/Applications/Xcode.app/Contents/Developer/Platforms/MacOSX.platform/Developer/SDKs/MacOSX26.1.sdk/usr/include/sys/_types/_blkcnt_t.h
/Applications/Xcode.app/Contents/Developer/Platforms/MacOSX.platform/Developer/SDKs/MacOSX26.1.sdk/usr/include/sys/_types/_blksize_t.h
/Applications/Xcode.app/Contents/Developer/Platforms/MacOSX.platform/Developer/SDKs/MacOSX26.1.sdk/usr/include/sys/_types/_gid_t.h
/Applications/Xcode.app/Contents/Developer/Platforms/MacOSX.platform/Developer/SDKs/MacOSX26.1.sdk/usr/include/sys/_types/_in_addr_t.h
/Applications/Xcode.app/Contents/Developer/Platforms/MacOSX.platform/Developer/SDKs/MacOSX26.1.sdk/usr/include/sys/_types/_in_port_t.h
/Applications/Xcode.app/Contents/Developer/Platforms/MacOSX.platform/Developer/SDKs/MacOSX26.1.sdk/usr/include/sys/_types/_ino_t.h
/Applications/Xcode.app/Contents/Developer/Platforms/MacOSX.platform/Developer/SDKs/MacOSX26.1.sdk/usr/include/sys/_types/_ino64_t.h
/Applications/Xcode.app/Contents/Developer/Platforms/MacOSX.platform/Developer/SDKs/MacOSX26.1.sdk/usr/include/sys/_types/_key_t.h
/Applications/Xcode.app/Contents/Developer/Platforms/MacOSX.platform/Developer/SDKs/MacOSX26.1.sdk/usr/include/sys/_types/_mode_t.h
/Applications/Xcode.app/Contents/Developer/Platforms/MacOSX.platform/Developer/SDKs/MacOSX26.1.sdk/usr/include/sys/_types/_nlink_t.h
/Applications/Xcode.app/Contents/Developer/Platforms/MacOSX.platform/Developer/SDKs/MacOSX26.1.sdk/usr/include/sys/_types/_id_t.h
/Applications/Xcode.app/Contents/Developer/Platforms/MacOSX.platform/Developer/SDKs/MacOSX26.1.sdk/usr/include/sys/_types/_pid_t.h
/Applications/Xcode.app/Contents/Developer/Platforms/MacOSX.platform/Developer/SDKs/MacOSX26.1.sdk/usr/include/sys/_types/_off_t.h
/Applications/Xcode.app/Contents/Developer/Platforms/MacOSX.platform/Developer/SDKs/MacOSX26.1.sdk/usr/include/sys/_types/_uid_t.h
/Applications/Xcode.app/Contents/Developer/Platforms/MacOSX.platform/Developer/SDKs/MacOSX26.1.sdk/usr/include/sys/_types/_clock_t.h
/Applications/Xcode.app/Contents/Developer/Platforms/MacOSX.platform/Developer/SDKs/MacOSX26.1.sdk/usr/include/sys/_types/_ssize_t.h
/Applications/Xcode.app/Contents/Developer/Platforms/MacOSX.platform/Developer/SDKs/MacOSX26.1.sdk/usr/include/sys/_types/_time_t.h
/Applications/Xcode.app/Contents/Developer/Platforms/MacOSX.platform/Developer/SDKs/MacOSX26.1.sdk/usr/include/sys/_types/_useconds_t.h
/Applications/Xcode.app/Contents/Developer/Platforms/MacOSX.platform/Developer/SDKs/MacOSX26.1.sdk/usr/include/sys/_types/_suseconds_t.h
/Applications/Xcode.app/Contents/Developer/Platforms/MacOSX.platform/Developer/SDKs/MacOSX26.1.sdk/usr/include/sys/_types/_rsize_t.h
/Applications/Xcode.app/Contents/Developer/Platforms/MacOSX.platform/Developer/SDKs/MacOSX26.1.sdk/usr/include/sys/_types/_fd_def.h
/Applications/Xcode.app/Contents/Developer/Platforms/MacOSX.platform/Developer/SDKs/MacOSX26.1.sdk/usr/include/sys/_types/_fd_setsize.h
/Applications/Xcode.app/Contents/Developer/Platforms/MacOSX.platform/Developer/SDKs/MacOSX26.1.sdk/usr/include/sys/_types/_fd_set.h
/Applications/Xcode.app/Contents/Developer/Platforms/MacOSX.platform/Developer/SDKs/MacOSX26.1.sdk/usr/include/sys/_types/_fd_clr.h
/Applications/Xcode.app/Contents/Developer/Platforms/MacOSX.platform/Developer/SDKs/MacOSX26.1.sdk/usr/include/sys/_types/_fd_zero.h
/Applications/Xcode.app/Contents/Developer/Platforms/MacOSX.platform/Developer/SDKs/MacOSX26.1.sdk/usr/include/sys/_types/_fd_isset.h
/Applications/Xcode.app/Contents/Developer/Platforms/MacOSX.platform/Developer/SDKs/MacOSX26.1.sdk/usr/include/sys/_types/_fd_copy.h
/Applications/Xcode.app/Contents/Developer/Platforms/MacOSX.platform/Developer/SDKs/MacOSX26.1.sdk/usr/include/sys/_pthread/_pthread_attr_t.h
/Applications/Xcode.app/Contents/Developer/Platforms/MacOSX.platform/Developer/SDKs/MacOSX26.1.sdk/usr/include/sys/_pthread/_pthread_cond_t.h
/Applications/Xcode.app/Contents/Developer/Platforms/MacOSX.platform/Developer/SDKs/MacOSX26.1.sdk/usr/include/sys/_pthread/_pthread_condattr_t.h
/Applications/Xcode.app/Contents/Developer/Platforms/MacOSX.platform/Developer/SDKs/MacOSX26.1.sdk/usr/include/sys/_pthread/_pthread_mutex_t.h
/Applications/Xcode.app/Contents/Developer/Platforms/MacOSX.platform/Developer/SDKs/MacOSX26.1.sdk/usr/include/sys/_pthread/_pthread_mutexattr_t.h
/Applications/Xcode.app/Contents/Developer/Platforms/MacOSX.platform/Developer/SDKs/MacOSX26.1.sdk/usr/include/sys/_pthread/_pthread_once_t.h
/Applications/Xcode.app/Contents/Developer/Platforms/MacOSX.platform/Developer/SDKs/MacOSX26.1.sdk/usr/include/sys/_pthread/_pthread_rwlock_t.h
/Applications/Xcode.app/Contents/Developer/Platforms/MacOSX.platform/Developer/SDKs/MacOSX26.1.sdk/usr/include/sys/_pthread/_pthread_rwlockattr_t.h
/Applications/Xcode.app/Contents/Developer/Platforms/MacOSX.platform/Developer/SDKs/MacOSX26.1.sdk/usr/include/sys/_pthread/_pthread_t.h
/Applications/Xcode.app/Contents/Developer/Platforms/MacOSX.platform/Developer/SDKs/MacOSX26.1.sdk/usr/include/sys/_pthread/_pthread_key_t.h
/Applications/Xcode.app/Contents/Developer/Platforms/MacOSX.platform/Developer/SDKs/MacOSX26.1.sdk/usr/include/sys/_types/_fsblkcnt_t.h
/Applications/Xcode.app/Contents/Developer/Platforms/MacOSX.platform/Developer/SDKs/MacOSX26.1.sdk/usr/include/sys/_types/_fsfilcnt_t.h
/Applications/Xcode.app/Contents/Developer/Platforms/MacOSX.platform/Developer/SDKs/MacOSX26.1.sdk/usr/include/_types.h
/Applications/Xcode.app/Contents/Developer/Platforms/MacOSX.platform/Developer/SDKs/MacOSX26.1.sdk/usr/include/_types/_nl_item.h
/Applications/Xcode.app/Contents/Developer/Platforms/MacOSX.platform/Developer/SDKs/MacOSX26.1.sdk/usr/include/runetype.h
/Applications/Xcode.app/Contents/Developer/Platforms/MacOSX.platform/Developer/SDKs/MacOSX26.1.sdk/usr/include/sys/_types/_ct_rune_t.h
/Applications/Xcode.app/Contents/Developer/Platforms/MacOSX.platform/Developer/SDKs/MacOSX26.1.sdk/usr/include/sys/_types/_rune_t.h
/Applications/Xcode.app/Contents/Developer/Platforms/MacOSX.platform/Developer/SDKs/MacOSX26.1.sdk/usr/include/sys/_types/_wint_t.h
/Applications/Xcode.app/Contents/Developer/Platforms/MacOSX.platform/Developer/SDKs/MacOSX26.1.sdk/usr/include/alloca.h
/Applications/Xcode.app/Contents/Developer/Platforms/MacOSX.platform/Developer/SDKs/MacOSX26.1.sdk/usr/include/i386/endian.h
/Applications/Xcode.app/Contents/Developer/Platforms/MacOSX.platform/Developer/SDKs/MacOSX26.1.sdk/usr/include/libkern/i386/_OSByteOrder.h
/Applications/Xcode.app/Contents/Developer/Platforms/MacOSX.platform/Developer/SDKs/MacOSX26.1.sdk/usr/include/secure/_common.h
/Applications/Xcode.app/Contents/Developer/Platforms/MacOSX.platform/Developer/SDKs/MacOSX26.1.sdk/usr/include/sys/_types/_mach_port_t.h
/Applications/Xcode.app/Contents/Developer/Platforms/MacOSX.platform/Developer/SDKs/MacOSX26.1.sdk/usr/include/sys/_types/_offsetof.h
/Applications/Xcode.app/Contents/Developer/Platforms/MacOSX.platform/Developer/SDKs/MacOSX26.1.sdk/usr/include/_strings.h
/Applications/Xcode.app/Contents/Developer/Platforms/MacOSX.platform/Developer/SDKs/MacOSX26.1.sdk/usr/include/secure/_strings.h
/Applications/Xcode.app/Contents/Developer/Platforms/MacOSX.platform/Developer/SDKs/MacOSX26.1.sdk/usr/include/sys/_types/_timeval.h
/Applications/Xcode.app/Contents/Developer/Platforms/MacOSX.platform/Developer/SDKs/MacOSX26.1.sdk/usr/include/sys/_types/_uuid_t.h
/Applications/Xcode.app/Contents/Developer/Platforms/MacOSX.platform/Developer/SDKs/MacOSX26.1.sdk/usr/include/i386/types.h
/Applications/Xcode.app/Contents/Developer/Platforms/MacOSX.platform/Developer/SDKs/MacOSX26.1.sdk/usr/include/i386/_types.h
/Applications/Xcode.app/Contents/Developer/Platforms/MacOSX.platform/Developer/SDKs/MacOSX26.1.sdk/usr/include/_ctype.h
/Applications/Xcode.app/Contents/Developer/Platforms/MacOSX.platform/Developer/SDKs/MacOSX26.1.sdk/usr/include/xlocale/_ctype.h
/Applications/Xcode.app/Contents/Developer/Platforms/MacOSX.platform/Developer/SDKs/MacOSX26.1.sdk/usr/include/locale.h
/Applications/Xcode.app/Contents/Developer/Platforms/MacOSX.platform/Developer/SDKs/MacOSX26.1.sdk/usr/include/_locale.h
/Applications/Xcode.app/Contents/Developer/Platforms/MacOSX.platform/Developer/SDKs/MacOSX26.1.sdk/usr/include/_locale_posix2008.h
/Applications/Xcode.app/Contents/Developer/Platforms/MacOSX.platform/Developer/SDKs/MacOSX26.1.sdk/usr/include/stdint.h
/Applications/Xcode.app/Contents/Developer/Platforms/MacOSX.platform/Developer/SDKs/MacOSX26.1.sdk/usr/include/_types/_uint8_t.h
/Applications/Xcode.app/Contents/Developer/Platforms/MacOSX.platform/Developer/SDKs/MacOSX26.1.sdk/usr/include/_types/_uint16_t.h
/Applications/Xcode.app/Contents/Developer/Platforms/MacOSX.platform/Developer/SDKs/MacOSX26.1.sdk/usr/include/_types/_uint32_t.h
/Applications/Xcode.app/Contents/Developer/Platforms/MacOSX.platform/Developer/SDKs/MacOSX26.1.sdk/usr/include/_types/_uint64_t.h
/Applications/Xcode.app/Contents/Developer/Platforms/MacOSX.platform/Developer/SDKs/MacOSX26.1.sdk/usr/include/_types/_intmax_t.h
/Applications/Xcode.app/Contents/Developer/Platforms/MacOSX.platform/Developer/SDKs/MacOSX26.1.sdk/usr/include/_types/_uintmax_t.h
/Applications/Xcode.app/Contents/Developer/Platforms/MacOSX.platform/Developer/SDKs/MacOSX26.1.sdk/usr/include/_stdio.h
/Applications/Xcode.app/Contents/Developer/Platforms/MacOSX.platform/Developer/SDKs/MacOSX26.1.sdk/usr/include/sys/stdio.h
/Applications/Xcode.app/Contents/Developer/Platforms/MacOSX.platform/Developer/SDKs/MacOSX26.1.sdk/usr/include/_printf.h
/Applications/Xcode.app/Contents/Developer/Platforms/MacOSX.platform/Developer/SDKs/MacOSX26.1.sdk/usr/include/sys/_types/_seek_set.h
/Applications/Xcode.app/Contents/Developer/Platforms/MacOSX.platform/Developer/SDKs/MacOSX26.1.sdk/usr/include/_ctermid.h
/Applications/Xcode.app/Contents/Developer/Platforms/MacOSX.platform/Developer/SDKs/MacOSX26.1.sdk/usr/include/secure/_stdio.h
/Applications/Xcode.app/Contents/Developer/Platforms/MacOSX.platform/Developer/SDKs/MacOSX26.1.sdk/usr/include/xlocale/_stdio.h
/Applications/Xcode.app/Contents/Developer/Platforms/MacOSX.platform/Developer/SDKs/MacOSX26.1.sdk/usr/include/_string.h
/Applications/Xcode.app/Contents/Developer/Platforms/MacOSX.platform/Developer/SDKs/MacOSX26.1.sdk/usr/include/secure/_string.h
/Applications/Xcode.app/Contents/Developer/Platforms/MacOSX.platform/Developer/SDKs/MacOSX26.1.sdk/usr/include/xlocale/_string.h
/Applications/Xcode.app/Contents/Developer/Platforms/MacOSX.platform/Developer/SDKs/MacOSX26.1.sdk/usr/include/tgmath.h
/Applications/Xcode.app/Contents/Developer/Platforms/MacOSX.platform/Developer/SDKs/MacOSX26.1.sdk/usr/include/_time.h
/Applications/Xcode.app/Contents/Developer/Platforms/MacOSX.platform/Developer/SDKs/MacOSX26.1.sdk/usr/include/sys/_types/_timespec.h
/Applications/Xcode.app/Contents/Developer/Platforms/MacOSX.platform/Developer/SDKs/MacOSX26.1.sdk/usr/include/xlocale/_time.h
/Applications/Xcode.app/Contents/Developer/Platforms/MacOSX.platform/Developer/SDKs/MacOSX26.1.sdk/SDKSettings.json
/Applications/Xcode.app/Contents/Developer/Platforms/MacOSX.platform/Developer/SDKs/MacOSX26.1.sdk/usr/include/DarwinFoundation2.modulemap
/Applications/Xcode.app/Contents/Developer/Platforms/MacOSX.platform/Developer/SDKs/MacOSX26.1.sdk/usr/include/DarwinFoundation3.modulemap
/Applications/Xcode.app/Contents/Developer/Platforms/MacOSX.platform/Developer/SDKs/MacOSX26.1.sdk/usr/include/DarwinFoundation1.modulemap
/Applications/Xcode.app/Contents/Developer/Platforms/MacOSX.platform/Developer/SDKs/MacOSX26.1.sdk/usr/include/pthread/pthread.h
/Applications/Xcode.app/Contents/Developer/Platforms/MacOSX.platform/Developer/SDKs/MacOSX26.1.sdk/usr/include/pthread/sched.h
/Applications/Xcode.app/Contents/Developer/Platforms/MacOSX.platform/Developer/SDKs/MacOSX26.1.sdk/usr/include/pthread/pthread_impl.h
/Applications/Xcode.app/Contents/Developer/Platforms/MacOSX.platform/Developer/SDKs/MacOSX26.1.sdk/usr/include/time.h
/Applications/Xcode.app/Contents/Developer/Platforms/MacOSX.platform/Developer/SDKs/MacOSX26.1.sdk/usr/include/pthread/qos.h
/Applications/Xcode.app/Contents/Developer/Platforms/MacOSX.platform/Developer/SDKs/MacOSX26.1.sdk/usr/include/sys/_types/_sigset_t.h
/Applications/Xcode.app/Contents/Developer/Platforms/MacOSX.platform/Developer/SDKs/MacOSX26.1.sdk/usr/include/sys/resource.h
/Applications/Xcode.app/Contents/Developer/Toolchains/XcodeDefault.xctoolchain/usr/lib/swift/clang/include/module.modulemap
/Applications/Xcode.app/Contents/Developer/Platforms/MacOSX.platform/Developer/SDKs/MacOSX26.1.sdk/usr/include/sys/select.h
/Applications/Xcode.app/Contents/Developer/Platforms/MacOSX.platform/Developer/SDKs/MacOSX26.1.sdk/usr/include/sys/_select.h
/Applications/Xcode.app/Contents/Developer/Platforms/MacOSX.platform/Developer/SDKs/MacOSX26.1.sdk/usr/include/sys/wait.h
/Applications/Xcode.app/Contents/Developer/Platforms/MacOSX.platform/Developer/SDKs/MacOSX26.1.sdk/usr/include/sys/signal.h
/Applications/Xcode.app/Contents/Developer/Platforms/MacOSX.platform/Developer/SDKs/MacOSX26.1.sdk/usr/include/machine/signal.h
/Applications/Xcode.app/Contents/Developer/Platforms/MacOSX.platform/Developer/SDKs/MacOSX26.1.sdk/usr/include/arm/signal.h
/Applications/Xcode.app/Contents/Developer/Platforms/MacOSX.platform/Developer/SDKs/MacOSX26.1.sdk/usr/include/machine/_mcontext.h
/Applications/Xcode.app/Contents/Developer/Platforms/MacOSX.platform/Developer/SDKs/MacOSX26.1.sdk/usr/include/arm/_mcontext.h
/Applications/Xcode.app/Contents/Developer/Platforms/MacOSX.platform/Developer/SDKs/MacOSX26.1.sdk/usr/include/mach/machine/_structs.h
/Applications/Xcode.app/Contents/Developer/Platforms/MacOSX.platform/Developer/SDKs/MacOSX26.1.sdk/usr/include/mach/arm/_structs.h
/Applications/Xcode.app/Contents/Developer/Platforms/MacOSX.platform/Developer/SDKs/MacOSX26.1.sdk/usr/include/sys/_types/_sigaltstack.h
/Applications/Xcode.app/Contents/Developer/Platforms/MacOSX.platform/Developer/SDKs/MacOSX26.1.sdk/usr/include/sys/_types/_ucontext.h
/Applications/Xcode.app/Contents/Developer/Platforms/MacOSX.platform/Developer/SDKs/MacOSX26.1.sdk/usr/include/unistd.h
/Applications/Xcode.app/Contents/Developer/Platforms/MacOSX.platform/Developer/SDKs/MacOSX26.1.sdk/usr/include/sys/unistd.h
/Applications/Xcode.app/Contents/Developer/Platforms/MacOSX.platform/Developer/SDKs/MacOSX26.1.sdk/usr/include/sys/_types/_posix_vdisable.h
/Applications/Xcode.app/Contents/Developer/Platforms/MacOSX.platform/Developer/SDKs/MacOSX26.1.sdk/usr/include/gethostuuid.h
/Applications/Xcode.app/Contents/Developer/Platforms/MacOSX.platform/Developer/SDKs/MacOSX26.1.sdk/usr/include/mach/i386/_structs.h
/Applications/Xcode.app/Contents/Developer/Platforms/MacOSX.platform/Developer/SDKs/MacOSX26.1.sdk/usr/include/_inttypes.h
/Applications/Xcode.app/Contents/Developer/Platforms/MacOSX.platform/Developer/SDKs/MacOSX26.1.sdk/usr/include/xlocale/_inttypes.h
/Applications/Xcode.app/Contents/Developer/Toolchains/XcodeDefault.xctoolchain/usr/lib/swift/clang/include/stddef.h
/Applications/Xcode.app/Contents/Developer/Platforms/MacOSX.platform/Developer/SDKs/MacOSX26.1.sdk/usr/include/signal.h
/Applications/Xcode.app/Contents/Developer/Platforms/MacOSX.platform/Developer/SDKs/MacOSX26.1.sdk/usr/include/i386/signal.h
/Applications/Xcode.app/Contents/Developer/Platforms/MacOSX.platform/Developer/SDKs/MacOSX26.1.sdk/usr/include/i386/_mcontext.h
/Applications/Xcode.app/Contents/Developer/Platforms/MacOSX.platform/Developer/SDKs/MacOSX26.1.sdk/usr/include/_stdlib.h
/Applications/Xcode.app/Contents/Developer/Platforms/MacOSX.platform/Developer/SDKs/MacOSX26.1.sdk/usr/include/malloc/_malloc.h
/Applications/Xcode.app/Contents/Developer/Platforms/MacOSX.platform/Developer/SDKs/MacOSX26.1.sdk/usr/include/malloc/_malloc_type.h
/Applications/Xcode.app/Contents/Developer/Platforms/MacOSX.platform/Developer/SDKs/MacOSX26.1.sdk/usr/include/malloc/_ptrcheck.h
/Applications/Xcode.app/Contents/Developer/Platforms/MacOSX.platform/Developer/SDKs/MacOSX26.1.sdk/usr/include/_abort.h
/Applications/Xcode.app/Contents/Developer/Platforms/MacOSX.platform/Developer/SDKs/MacOSX26.1.sdk/usr/include/xlocale/_stdlib.h
/Applications/Xcode.app/Contents/Developer/Platforms/MacOSX.platform/Developer/SDKs/MacOSX26.1.sdk/usr/include/_wchar.h
/Applications/Xcode.app/Contents/Developer/Platforms/MacOSX.platform/Developer/SDKs/MacOSX26.1.sdk/usr/include/sys/_types/_mbstate_t.h
/Applications/Xcode.app/Contents/Developer/Toolchains/XcodeDefault.xctoolchain/usr/lib/swift/clang/include/stdarg.h
/Applications/Xcode.app/Contents/Developer/Platforms/MacOSX.platform/Developer/SDKs/MacOSX26.1.sdk/usr/include/stdio.h
/Applications/Xcode.app/Contents/Developer/Platforms/MacOSX.platform/Developer/SDKs/MacOSX26.1.sdk/usr/include/__wctype.h
/Applications/Xcode.app/Contents/Developer/Platforms/MacOSX.platform/Developer/SDKs/MacOSX26.1.sdk/usr/include/___wctype.h
/Applications/Xcode.app/Contents/Developer/Platforms/MacOSX.platform/Developer/SDKs/MacOSX26.1.sdk/usr/include/_types/_wctype_t.h
/Applications/Xcode.app/Contents/Developer/Platforms/MacOSX.platform/Developer/SDKs/MacOSX26.1.sdk/usr/include/ctype.h
/Applications/Xcode.app/Contents/Developer/Platforms/MacOSX.platform/Developer/SDKs/MacOSX26.1.sdk/usr/include/xlocale/_wchar.h
/Applications/Xcode.app/Contents/Developer/Platforms/MacOSX.platform/Developer/SDKs/MacOSX26.1.sdk/usr/include/_wctype.h
/Applications/Xcode.app/Contents/Developer/Platforms/MacOSX.platform/Developer/SDKs/MacOSX26.1.sdk/usr/include/_types/_wctrans_t.h
/Applications/Xcode.app/Contents/Developer/Platforms/MacOSX.platform/Developer/SDKs/MacOSX26.1.sdk/usr/include/xlocale/_wctype.h
/Applications/Xcode.app/Contents/Developer/Platforms/MacOSX.platform/Developer/SDKs/MacOSX26.1.sdk/usr/include/xlocale/___wctype.h
/Applications/Xcode.app/Contents/Developer/Platforms/MacOSX.platform/Developer/SDKs/MacOSX26.1.sdk/SDKSettings.json
/Applications/Xcode.app/Contents/Developer/Toolchains/XcodeDefault.xctoolchain/usr/lib/swift/macosx/prebuilt-modules/26.1/_DarwinFoundation3.swiftmodule/arm64e-apple-macos.swiftmodule
/Applications/Xcode.app/Contents/Developer/Toolchains/XcodeDefault.xctoolchain/usr/lib/swift/macosx/prebuilt-modules/26.1/_StringProcessing.swiftmodule/arm64e-apple-macos.swiftmodule
/Applications/Xcode.app/Contents/Developer/Platforms/MacOSX.platform/Developer/SDKs/MacOSX26.1.sdk/usr/lib/swift/shims/module.modulemap
/Applications/Xcode.app/Contents/Developer/Platforms/MacOSX.platform/Developer/SDKs/MacOSX26.1.sdk/usr/lib/swift/shims/_SwiftConcurrency.h
/Applications/Xcode.app/Contents/Developer/Platforms/MacOSX.platform/Developer/SDKs/MacOSX26.1.sdk/SDKSettings.json
/Users/rogerlin/Library/Developer/Xcode/DerivedData/FinancialCalculatorKit-ackorybalcxbfocbkqsfdzcfkgmn/SourcePackages/checkouts/swift-syntax/Sources/_SwiftSyntaxCShims/include/module.modulemap
/Users/rogerlin/Library/Developer/Xcode/DerivedData/FinancialCalculatorKit-ackorybalcxbfocbkqsfdzcfkgmn/SourcePackages/checkouts/swift-syntax/Sources/_SwiftSyntaxCShims/include/_includes.h
/Users/rogerlin/Library/Developer/Xcode/DerivedData/FinancialCalculatorKit-ackorybalcxbfocbkqsfdzcfkgmn/SourcePackages/checkouts/swift-syntax/Sources/_SwiftSyntaxCShims/include/AtomicBool.h
/Users/rogerlin/Library/Developer/Xcode/DerivedData/FinancialCalculatorKit-ackorybalcxbfocbkqsfdzcfkgmn/SourcePackages/checkouts/swift-syntax/Sources/_SwiftSyntaxCShims/include/swiftsyntax_errno.h
/Users/rogerlin/Library/Developer/Xcode/DerivedData/FinancialCalculatorKit-ackorybalcxbfocbkqsfdzcfkgmn/SourcePackages/checkouts/swift-syntax/Sources/_SwiftSyntaxCShims/include/swiftsyntax_stdio.h
/Applications/Xcode.app/Contents/Developer/Platforms/MacOSX.platform/Developer/SDKs/MacOSX26.1.sdk/usr/include/DarwinFoundation2.modulemap
/Applications/Xcode.app/Contents/Developer/Platforms/MacOSX.platform/Developer/SDKs/MacOSX26.1.sdk/usr/include/DarwinFoundation3.modulemap
/Applications/Xcode.app/Contents/Developer/Platforms/MacOSX.platform/Developer/SDKs/MacOSX26.1.sdk/usr/include/DarwinFoundation1.modulemap
/Applications/Xcode.app/Contents/Developer/Platforms/MacOSX.platform/Developer/SDKs/MacOSX26.1.sdk/usr/include/stdio.h
/Applications/Xcode.app/Contents/Developer/Platforms/MacOSX.platform/Developer/SDKs/MacOSX26.1.sdk/usr/include/stdlib.h
/Applications/Xcode.app/Contents/Developer/Platforms/MacOSX.platform/Developer/SDKs/MacOSX26.1.sdk/usr/include/string.h
/Applications/Xcode.app/Contents/Developer/Toolchains/XcodeDefault.xctoolchain/usr/lib/swift/clang/include/module.modulemap
/Applications/Xcode.app/Contents/Developer/Platforms/MacOSX.platform/Developer/SDKs/MacOSX26.1.sdk/SDKSettings.json
/Applications/Xcode.app/Contents/Developer/Platforms/MacOSX.platform/Developer/SDKs/MacOSX26.1.sdk/usr/include/launch.modulemap
/Applications/Xcode.app/Contents/Developer/Platforms/MacOSX.platform/Developer/SDKs/MacOSX26.1.sdk/usr/include/Darwin.modulemap
/Applications/Xcode.app/Contents/Developer/Platforms/MacOSX.platform/Developer/SDKs/MacOSX26.1.sdk/usr/include/Darwin_C.modulemap
/Applications/Xcode.app/Contents/Developer/Platforms/MacOSX.platform/Developer/SDKs/MacOSX26.1.sdk/usr/include/Darwin_POSIX.modulemap
/Applications/Xcode.app/Contents/Developer/Platforms/MacOSX.platform/Developer/SDKs/MacOSX26.1.sdk/usr/include/net.modulemap
/Applications/Xcode.app/Contents/Developer/Platforms/MacOSX.platform/Developer/SDKs/MacOSX26.1.sdk/usr/include/netinet.modulemap
/Applications/Xcode.app/Contents/Developer/Platforms/MacOSX.platform/Developer/SDKs/MacOSX26.1.sdk/usr/include/bank.modulemap
/Applications/Xcode.app/Contents/Developer/Platforms/MacOSX.platform/Developer/SDKs/MacOSX26.1.sdk/usr/include/Darwin_Mach.modulemap
/Applications/Xcode.app/Contents/Developer/Platforms/MacOSX.platform/Developer/SDKs/MacOSX26.1.sdk/usr/include/Darwin_Mach_machine.modulemap
/Applications/Xcode.app/Contents/Developer/Platforms/MacOSX.platform/Developer/SDKs/MacOSX26.1.sdk/usr/include/mach_debug.modulemap
/Applications/Xcode.app/Contents/Developer/Platforms/MacOSX.platform/Developer/SDKs/MacOSX26.1.sdk/usr/include/device.modulemap
/Applications/Xcode.app/Contents/Developer/Platforms/MacOSX.platform/Developer/SDKs/MacOSX26.1.sdk/usr/include/Darwin_machine.modulemap
/Applications/Xcode.app/Contents/Developer/Platforms/MacOSX.platform/Developer/SDKs/MacOSX26.1.sdk/usr/include/ncurses.modulemap
/Applications/Xcode.app/Contents/Developer/Platforms/MacOSX.platform/Developer/SDKs/MacOSX26.1.sdk/usr/include/netinet6.modulemap
/Applications/Xcode.app/Contents/Developer/Platforms/MacOSX.platform/Developer/SDKs/MacOSX26.1.sdk/usr/include/Darwin_sys.modulemap
/Applications/Xcode.app/Contents/Developer/Platforms/MacOSX.platform/Developer/SDKs/MacOSX26.1.sdk/usr/include/uuid.modulemap
/Applications/Xcode.app/Contents/Developer/Platforms/MacOSX.platform/Developer/SDKs/MacOSX26.1.sdk/usr/include/DarwinFoundation1.modulemap
/Applications/Xcode.app/Contents/Developer/Platforms/MacOSX.platform/Developer/SDKs/MacOSX26.1.sdk/usr/include/launch.h
/Applications/Xcode.app/Contents/Developer/Toolchains/XcodeDefault.xctoolchain/usr/lib/swift/clang/include/module.modulemap
/Applications/Xcode.app/Contents/Developer/Toolchains/XcodeDefault.xctoolchain/usr/lib/swift/clang/include/stddef.h
/Applications/Xcode.app/Contents/Developer/Platforms/MacOSX.platform/Developer/SDKs/MacOSX26.1.sdk/SDKSettings.json
/Applications/Xcode.app/Contents/Developer/Platforms/MacOSX.platform/Developer/SDKs/MacOSX26.1.sdk/usr/include/os.apinotes
/Applications/Xcode.app/Contents/Developer/Platforms/MacOSX.platform/Developer/SDKs/MacOSX26.1.sdk/usr/include/xpc.modulemap
/Applications/Xcode.app/Contents/Developer/Platforms/MacOSX.platform/Developer/SDKs/MacOSX26.1.sdk/usr/include/DarwinBasic.modulemap
/Applications/Xcode.app/Contents/Developer/Platforms/MacOSX.platform/Developer/SDKs/MacOSX26.1.sdk/usr/include/os.modulemap
/Applications/Xcode.app/Contents/Developer/Platforms/MacOSX.platform/Developer/SDKs/MacOSX26.1.sdk/usr/include/Darwin.modulemap
/Applications/Xcode.app/Contents/Developer/Platforms/MacOSX.platform/Developer/SDKs/MacOSX26.1.sdk/usr/include/Darwin_C.modulemap
/Applications/Xcode.app/Contents/Developer/Platforms/MacOSX.platform/Developer/SDKs/MacOSX26.1.sdk/usr/include/Darwin_POSIX.modulemap
/Applications/Xcode.app/Contents/Developer/Platforms/MacOSX.platform/Developer/SDKs/MacOSX26.1.sdk/usr/include/net.modulemap
/Applications/Xcode.app/Contents/Developer/Platforms/MacOSX.platform/Developer/SDKs/MacOSX26.1.sdk/usr/include/netinet.modulemap
/Applications/Xcode.app/Contents/Developer/Platforms/MacOSX.platform/Developer/SDKs/MacOSX26.1.sdk/usr/include/bank.modulemap
/Applications/Xcode.app/Contents/Developer/Platforms/MacOSX.platform/Developer/SDKs/MacOSX26.1.sdk/usr/include/Darwin_Mach.modulemap
/Applications/Xcode.app/Contents/Developer/Platforms/MacOSX.platform/Developer/SDKs/MacOSX26.1.sdk/usr/include/Darwin_Mach_machine.modulemap
/Applications/Xcode.app/Contents/Developer/Platforms/MacOSX.platform/Developer/SDKs/MacOSX26.1.sdk/usr/include/mach_debug.modulemap
/Applications/Xcode.app/Contents/Developer/Platforms/MacOSX.platform/Developer/SDKs/MacOSX26.1.sdk/usr/include/device.modulemap
/Applications/Xcode.app/Contents/Developer/Platforms/MacOSX.platform/Developer/SDKs/MacOSX26.1.sdk/usr/include/Darwin_machine.modulemap
/Applications/Xcode.app/Contents/Developer/Platforms/MacOSX.platform/Developer/SDKs/MacOSX26.1.sdk/usr/include/ncurses.modulemap
/Applications/Xcode.app/Contents/Developer/Platforms/MacOSX.platform/Developer/SDKs/MacOSX26.1.sdk/usr/include/netinet6.modulemap
/Applications/Xcode.app/Contents/Developer/Platforms/MacOSX.platform/Developer/SDKs/MacOSX26.1.sdk/usr/include/Darwin_sys.modulemap
/Applications/Xcode.app/Contents/Developer/Platforms/MacOSX.platform/Developer/SDKs/MacOSX26.1.sdk/usr/include/uuid.modulemap
/Applications/Xcode.app/Contents/Developer/Platforms/MacOSX.platform/Developer/SDKs/MacOSX26.1.sdk/usr/include/DarwinFoundation2.modulemap
/Applications/Xcode.app/Contents/Developer/Platforms/MacOSX.platform/Developer/SDKs/MacOSX26.1.sdk/usr/include/DarwinFoundation3.modulemap
/Applications/Xcode.app/Contents/Developer/Platforms/MacOSX.platform/Developer/SDKs/MacOSX26.1.sdk/usr/include/DarwinFoundation1.modulemap
/Applications/Xcode.app/Contents/Developer/Platforms/MacOSX.platform/Developer/SDKs/MacOSX26.1.sdk/usr/include/os/atomic.h
/Applications/Xcode.app/Contents/Developer/Toolchains/XcodeDefault.xctoolchain/usr/lib/swift/clang/include/module.modulemap
/Applications/Xcode.app/Contents/Developer/Platforms/MacOSX.platform/Developer/SDKs/MacOSX26.1.sdk/usr/include/os/overflow.h
/Applications/Xcode.app/Contents/Developer/Platforms/MacOSX.platform/Developer/SDKs/MacOSX26.1.sdk/usr/include/os/trace_base.h
/Applications/Xcode.app/Contents/Developer/Toolchains/XcodeDefault.xctoolchain/usr/lib/swift/clang/include/stdarg.h
/Applications/Xcode.app/Contents/Developer/Platforms/MacOSX.platform/Developer/SDKs/MacOSX26.1.sdk/usr/include/os/activity.h
/Applications/Xcode.app/Contents/Developer/Platforms/MacOSX.platform/Developer/SDKs/MacOSX26.1.sdk/usr/include/os/log.h
/Applications/Xcode.app/Contents/Developer/Platforms/MacOSX.platform/Developer/SDKs/MacOSX26.1.sdk/usr/include/os/trace.h
/Applications/Xcode.app/Contents/Developer/Platforms/MacOSX.platform/Developer/SDKs/MacOSX26.1.sdk/usr/include/os/signpost.h
/Applications/Xcode.app/Contents/Developer/Platforms/MacOSX.platform/Developer/SDKs/MacOSX26.1.sdk/usr/include/_modules/_os_lock.h
/Applications/Xcode.app/Contents/Developer/Platforms/MacOSX.platform/Developer/SDKs/MacOSX26.1.sdk/usr/include/_modules/_os_object.h
/Applications/Xcode.app/Contents/Developer/Platforms/MacOSX.platform/Developer/SDKs/MacOSX26.1.sdk/usr/include/_modules/_os_workgroup.h
/Applications/Xcode.app/Contents/Developer/Platforms/MacOSX.platform/Developer/SDKs/MacOSX26.1.sdk/SDKSettings.json
/Applications/Xcode.app/Contents/Developer/Toolchains/XcodeDefault.xctoolchain/usr/lib/swift/macosx/prebuilt-modules/26.1/os.swiftmodule/arm64e-apple-macos.swiftmodule
/Applications/Xcode.app/Contents/Developer/Platforms/MacOSX.platform/Developer/SDKs/MacOSX26.1.sdk/usr/include/os.modulemap
/Applications/Xcode.app/Contents/Developer/Platforms/MacOSX.platform/Developer/SDKs/MacOSX26.1.sdk/usr/include/ObjectiveC.modulemap
/Applications/Xcode.app/Contents/Developer/Platforms/MacOSX.platform/Developer/SDKs/MacOSX26.1.sdk/usr/include/Darwin.modulemap
/Applications/Xcode.app/Contents/Developer/Platforms/MacOSX.platform/Developer/SDKs/MacOSX26.1.sdk/usr/include/Darwin_C.modulemap
/Applications/Xcode.app/Contents/Developer/Platforms/MacOSX.platform/Developer/SDKs/MacOSX26.1.sdk/usr/include/Darwin_POSIX.modulemap
/Applications/Xcode.app/Contents/Developer/Platforms/MacOSX.platform/Developer/SDKs/MacOSX26.1.sdk/usr/include/net.modulemap
/Applications/Xcode.app/Contents/Developer/Platforms/MacOSX.platform/Developer/SDKs/MacOSX26.1.sdk/usr/include/netinet.modulemap
/Applications/Xcode.app/Contents/Developer/Platforms/MacOSX.platform/Developer/SDKs/MacOSX26.1.sdk/usr/include/bank.modulemap
/Applications/Xcode.app/Contents/Developer/Platforms/MacOSX.platform/Developer/SDKs/MacOSX26.1.sdk/usr/include/Darwin_Mach.modulemap
/Applications/Xcode.app/Contents/Developer/Platforms/MacOSX.platform/Developer/SDKs/MacOSX26.1.sdk/usr/include/Darwin_Mach_machine.modulemap
/Applications/Xcode.app/Contents/Developer/Platforms/MacOSX.platform/Developer/SDKs/MacOSX26.1.sdk/usr/include/mach_debug.modulemap
/Applications/Xcode.app/Contents/Developer/Platforms/MacOSX.platform/Developer/SDKs/MacOSX26.1.sdk/usr/include/device.modulemap
/Applications/Xcode.app/Contents/Developer/Platforms/MacOSX.platform/Developer/SDKs/MacOSX26.1.sdk/usr/include/Darwin_machine.modulemap
/Applications/Xcode.app/Contents/Developer/Platforms/MacOSX.platform/Developer/SDKs/MacOSX26.1.sdk/usr/include/ncurses.modulemap
/Applications/Xcode.app/Contents/Developer/Platforms/MacOSX.platform/Developer/SDKs/MacOSX26.1.sdk/usr/include/netinet6.modulemap
/Applications/Xcode.app/Contents/Developer/Platforms/MacOSX.platform/Developer/SDKs/MacOSX26.1.sdk/usr/include/Darwin_sys.modulemap
/Applications/Xcode.app/Contents/Developer/Platforms/MacOSX.platform/Developer/SDKs/MacOSX26.1.sdk/usr/include/uuid.modulemap
/Applications/Xcode.app/Contents/Developer/Platforms/MacOSX.platform/Developer/SDKs/MacOSX26.1.sdk/usr/include/DarwinFoundation1.modulemap
/Applications/Xcode.app/Contents/Developer/Platforms/MacOSX.platform/Developer/SDKs/MacOSX26.1.sdk/usr/include/os/object.h
/Applications/Xcode.app/Contents/Developer/Platforms/MacOSX.platform/Developer/SDKs/MacOSX26.1.sdk/SDKSettings.json
/Applications/Xcode.app/Contents/Developer/Platforms/MacOSX.platform/Developer/SDKs/MacOSX26.1.sdk/usr/include/os.modulemap
/Applications/Xcode.app/Contents/Developer/Platforms/MacOSX.platform/Developer/SDKs/MacOSX26.1.sdk/usr/include/Darwin.modulemap
/Applications/Xcode.app/Contents/Developer/Platforms/MacOSX.platform/Developer/SDKs/MacOSX26.1.sdk/usr/include/Darwin_C.modulemap
/Applications/Xcode.app/Contents/Developer/Platforms/MacOSX.platform/Developer/SDKs/MacOSX26.1.sdk/usr/include/Darwin_POSIX.modulemap
/Applications/Xcode.app/Contents/Developer/Platforms/MacOSX.platform/Developer/SDKs/MacOSX26.1.sdk/usr/include/net.modulemap
/Applications/Xcode.app/Contents/Developer/Platforms/MacOSX.platform/Developer/SDKs/MacOSX26.1.sdk/usr/include/netinet.modulemap
/Applications/Xcode.app/Contents/Developer/Platforms/MacOSX.platform/Developer/SDKs/MacOSX26.1.sdk/usr/include/bank.modulemap
/Applications/Xcode.app/Contents/Developer/Platforms/MacOSX.platform/Developer/SDKs/MacOSX26.1.sdk/usr/include/Darwin_Mach.modulemap
/Applications/Xcode.app/Contents/Developer/Platforms/MacOSX.platform/Developer/SDKs/MacOSX26.1.sdk/usr/include/Darwin_Mach_machine.modulemap
/Applications/Xcode.app/Contents/Developer/Platforms/MacOSX.platform/Developer/SDKs/MacOSX26.1.sdk/usr/include/mach_debug.modulemap
/Applications/Xcode.app/Contents/Developer/Platforms/MacOSX.platform/Developer/SDKs/MacOSX26.1.sdk/usr/include/device.modulemap
/Applications/Xcode.app/Contents/Developer/Platforms/MacOSX.platform/Developer/SDKs/MacOSX26.1.sdk/usr/include/Darwin_machine.modulemap
/Applications/Xcode.app/Contents/Developer/Platforms/MacOSX.platform/Developer/SDKs/MacOSX26.1.sdk/usr/include/ncurses.modulemap
/Applications/Xcode.app/Contents/Developer/Platforms/MacOSX.platform/Developer/SDKs/MacOSX26.1.sdk/usr/include/netinet6.modulemap
/Applications/Xcode.app/Contents/Developer/Platforms/MacOSX.platform/Developer/SDKs/MacOSX26.1.sdk/usr/include/Darwin_sys.modulemap
/Applications/Xcode.app/Contents/Developer/Platforms/MacOSX.platform/Developer/SDKs/MacOSX26.1.sdk/usr/include/uuid.modulemap
/Applications/Xcode.app/Contents/Developer/Platforms/MacOSX.platform/Developer/SDKs/MacOSX26.1.sdk/usr/include/DarwinFoundation2.modulemap
/Applications/Xcode.app/Contents/Developer/Platforms/MacOSX.platform/Developer/SDKs/MacOSX26.1.sdk/usr/include/DarwinFoundation3.modulemap
/Applications/Xcode.app/Contents/Developer/Platforms/MacOSX.platform/Developer/SDKs/MacOSX26.1.sdk/usr/include/DarwinFoundation1.modulemap
/Applications/Xcode.app/Contents/Developer/Platforms/MacOSX.platform/Developer/SDKs/MacOSX26.1.sdk/usr/include/os/workgroup.h
/Applications/Xcode.app/Contents/Developer/Platforms/MacOSX.platform/Developer/SDKs/MacOSX26.1.sdk/usr/include/os/workgroup_base.h
/Applications/Xcode.app/Contents/Developer/Toolchains/XcodeDefault.xctoolchain/usr/lib/swift/clang/include/module.modulemap
/Applications/Xcode.app/Contents/Developer/Toolchains/XcodeDefault.xctoolchain/usr/lib/swift/clang/include/stddef.h
/Applications/Xcode.app/Contents/Developer/Platforms/MacOSX.platform/Developer/SDKs/MacOSX26.1.sdk/usr/include/string.h
/Applications/Xcode.app/Contents/Developer/Platforms/MacOSX.platform/Developer/SDKs/MacOSX26.1.sdk/usr/include/stdlib.h
/Applications/Xcode.app/Contents/Developer/Platforms/MacOSX.platform/Developer/SDKs/MacOSX26.1.sdk/usr/include/os/workgroup_object.h
/Applications/Xcode.app/Contents/Developer/Platforms/MacOSX.platform/Developer/SDKs/MacOSX26.1.sdk/usr/include/os/workgroup_interval.h
/Applications/Xcode.app/Contents/Developer/Platforms/MacOSX.platform/Developer/SDKs/MacOSX26.1.sdk/usr/include/os/workgroup_parallel.h
/Applications/Xcode.app/Contents/Developer/Platforms/MacOSX.platform/Developer/SDKs/MacOSX26.1.sdk/SDKSettings.json
/Applications/Xcode.app/Contents/Developer/Toolchains/XcodeDefault.xctoolchain/usr/lib/swift/clang/include/module.modulemap
/Applications/Xcode.app/Contents/Developer/Toolchains/XcodeDefault.xctoolchain/usr/lib/swift/clang/include/ptrcheck.h
/Applications/Xcode.app/Contents/Developer/Platforms/MacOSX.platform/Developer/SDKs/MacOSX26.1.sdk/SDKSettings.json
/Applications/Xcode.app/Contents/Developer/Platforms/MacOSX.platform/Developer/SDKs/MacOSX26.1.sdk/usr/include/DarwinFoundation2.modulemap
/Applications/Xcode.app/Contents/Developer/Platforms/MacOSX.platform/Developer/SDKs/MacOSX26.1.sdk/usr/include/_modules/_sys_types.h
/Applications/Xcode.app/Contents/Developer/Platforms/MacOSX.platform/Developer/SDKs/MacOSX26.1.sdk/SDKSettings.json

SwiftDriverJobDiscovery normal arm64 Emitting module for HTMLEntities (in target 'HTMLEntities' from project 'HTMLEntities')

SwiftDriver\ Compilation\ Requirements HTMLEntities normal arm64 com.apple.xcode.tools.swift.compiler (in target 'HTMLEntities' from project 'HTMLEntities')
    cd /Users/rogerlin/XCode-Projects/FinancialCalculatorKit-5.0-updated-accent-colors/FinancialCalculatorKit.xcodeproj
    builtin-Swift-Compilation-Requirements -- /Applications/Xcode.app/Contents/Developer/Toolchains/XcodeDefault.xctoolchain/usr/bin/swiftc -module-name HTMLEntities -Onone -enforce-exclusivity\=checked @/Users/rogerlin/Library/Developer/Xcode/DerivedData/FinancialCalculatorKit-ackorybalcxbfocbkqsfdzcfkgmn/Build/Intermediates.noindex/HTMLEntities.build/Debug/HTMLEntities.build/Objects-normal/arm64/HTMLEntities.SwiftFileList -DSWIFT_PACKAGE -DDEBUG -DSWIFT_MODULE_RESOURCE_BUNDLE_UNAVAILABLE -DXcode -plugin-path /Applications/Xcode.app/Contents/Developer/Toolchains/XcodeDefault.xctoolchain/usr/lib/swift/host/plugins/testing -enable-experimental-feature DebugDescriptionMacro -sdk /Applications/Xcode.app/Contents/Developer/Platforms/MacOSX.platform/Developer/SDKs/MacOSX26.1.sdk -target arm64-apple-macos10.13 -g -module-cache-path /Users/rogerlin/Library/Developer/Xcode/DerivedData/ModuleCache.noindex -Xfrontend -serialize-debugging-options -profile-coverage-mapping -profile-generate -enable-testing -suppress-warnings -index-store-path /Users/rogerlin/Library/Developer/Xcode/DerivedData/FinancialCalculatorKit-ackorybalcxbfocbkqsfdzcfkgmn/Index.noindex/DataStore -Xcc -D_LIBCPP_HARDENING_MODE\=_LIBCPP_HARDENING_MODE_DEBUG -swift-version 5 -I /Users/rogerlin/Library/Developer/Xcode/DerivedData/FinancialCalculatorKit-ackorybalcxbfocbkqsfdzcfkgmn/Build/Products/Debug -Isystem /Applications/Xcode.app/Contents/Developer/Platforms/MacOSX.platform/Developer/usr/lib -F /Users/rogerlin/Library/Developer/Xcode/DerivedData/FinancialCalculatorKit-ackorybalcxbfocbkqsfdzcfkgmn/Build/Products/Debug -F /Applications/Xcode.app/Contents/Developer/Platforms/MacOSX.platform/Developer/Library/Frameworks -c -j16 -enable-batch-mode -incremental -Xcc -ivfsstatcache -Xcc /Users/rogerlin/Library/Developer/Xcode/DerivedData/SDKStatCaches.noindex/macosx26.1-25B74-3ae1261907bdadc328169391a47051a6.sdkstatcache -output-file-map /Users/rogerlin/Library/Developer/Xcode/DerivedData/FinancialCalculatorKit-ackorybalcxbfocbkqsfdzcfkgmn/Build/Intermediates.noindex/HTMLEntities.build/Debug/HTMLEntities.build/Objects-normal/arm64/HTMLEntities-OutputFileMap.json -use-frontend-parseable-output -save-temps -no-color-diagnostics -explicit-module-build -module-cache-path /Users/rogerlin/Library/Developer/Xcode/DerivedData/FinancialCalculatorKit-ackorybalcxbfocbkqsfdzcfkgmn/Build/Intermediates.noindex/SwiftExplicitPrecompiledModules -clang-scanner-module-cache-path /Users/rogerlin/Library/Developer/Xcode/DerivedData/ModuleCache.noindex -sdk-module-cache-path /Users/rogerlin/Library/Developer/Xcode/DerivedData/ModuleCache.noindex -serialize-diagnostics -emit-dependencies -emit-module -emit-module-path /Users/rogerlin/Library/Developer/Xcode/DerivedData/FinancialCalculatorKit-ackorybalcxbfocbkqsfdzcfkgmn/Build/Intermediates.noindex/HTMLEntities.build/Debug/HTMLEntities.build/Objects-normal/arm64/HTMLEntities.swiftmodule -validate-clang-modules-once -clang-build-session-file /Users/rogerlin/Library/Developer/Xcode/DerivedData/ModuleCache.noindex/Session.modulevalidation -Xcc -I/Users/rogerlin/Library/Developer/Xcode/DerivedData/FinancialCalculatorKit-ackorybalcxbfocbkqsfdzcfkgmn/Build/Intermediates.noindex/HTMLEntities.build/Debug/HTMLEntities.build/swift-overrides.hmap -emit-const-values -Xfrontend -const-gather-protocols-file -Xfrontend /Users/rogerlin/Library/Developer/Xcode/DerivedData/FinancialCalculatorKit-ackorybalcxbfocbkqsfdzcfkgmn/Build/Intermediates.noindex/HTMLEntities.build/Debug/HTMLEntities.build/Objects-normal/arm64/HTMLEntities_const_extract_protocols.json -Xcc -I/Users/rogerlin/Library/Developer/Xcode/DerivedData/FinancialCalculatorKit-ackorybalcxbfocbkqsfdzcfkgmn/Build/Products/Debug/include -Xcc -I/Users/rogerlin/Library/Developer/Xcode/DerivedData/FinancialCalculatorKit-ackorybalcxbfocbkqsfdzcfkgmn/Build/Intermediates.noindex/HTMLEntities.build/Debug/HTMLEntities.build/DerivedSources-normal/arm64 -Xcc -I/Users/rogerlin/Library/Developer/Xcode/DerivedData/FinancialCalculatorKit-ackorybalcxbfocbkqsfdzcfkgmn/Build/Intermediates.noindex/HTMLEntities.build/Debug/HTMLEntities.build/DerivedSources/arm64 -Xcc -I/Users/rogerlin/Library/Developer/Xcode/DerivedData/FinancialCalculatorKit-ackorybalcxbfocbkqsfdzcfkgmn/Build/Intermediates.noindex/HTMLEntities.build/Debug/HTMLEntities.build/DerivedSources -Xcc -DSWIFT_PACKAGE -Xcc -DDEBUG\=1 -emit-objc-header -emit-objc-header-path /Users/rogerlin/Library/Developer/Xcode/DerivedData/FinancialCalculatorKit-ackorybalcxbfocbkqsfdzcfkgmn/Build/Intermediates.noindex/HTMLEntities.build/Debug/HTMLEntities.build/Objects-normal/arm64/HTMLEntities-Swift.h -working-directory /Users/rogerlin/XCode-Projects/FinancialCalculatorKit-5.0-updated-accent-colors/FinancialCalculatorKit.xcodeproj -experimental-emit-module-separately -disable-cmo

    Task input dependencies:
        /Users/rogerlin/Library/Developer/Xcode/DerivedData/FinancialCalculatorKit-ackorybalcxbfocbkqsfdzcfkgmn/SourcePackages/checkouts/swift-html-entities/Sources/HTMLEntities/Constants.swift
        /Users/rogerlin/Library/Developer/Xcode/DerivedData/FinancialCalculatorKit-ackorybalcxbfocbkqsfdzcfkgmn/SourcePackages/checkouts/swift-html-entities/Sources/HTMLEntities/ParseError.swift
        /Users/rogerlin/Library/Developer/Xcode/DerivedData/FinancialCalculatorKit-ackorybalcxbfocbkqsfdzcfkgmn/SourcePackages/checkouts/swift-html-entities/Sources/HTMLEntities/String+HTMLEntities.swift
        /Users/rogerlin/Library/Developer/Xcode/DerivedData/FinancialCalculatorKit-ackorybalcxbfocbkqsfdzcfkgmn/SourcePackages/checkouts/swift-html-entities/Sources/HTMLEntities/Utilities.swift
        /Users/rogerlin/Library/Developer/Xcode/DerivedData/FinancialCalculatorKit-ackorybalcxbfocbkqsfdzcfkgmn/Build/Intermediates.noindex/HTMLEntities.build/Debug/HTMLEntities.build/Objects-normal/arm64/HTMLEntities.SwiftFileList
        /Users/rogerlin/Library/Developer/Xcode/DerivedData/FinancialCalculatorKit-ackorybalcxbfocbkqsfdzcfkgmn/Build/Intermediates.noindex/HTMLEntities.build/Debug/HTMLEntities.build/Objects-normal/arm64/HTMLEntities-OutputFileMap.json
        /Users/rogerlin/Library/Developer/Xcode/DerivedData/FinancialCalculatorKit-ackorybalcxbfocbkqsfdzcfkgmn/Build/Intermediates.noindex/HTMLEntities.build/Debug/HTMLEntities.build/Objects-normal/arm64/HTMLEntities_const_extract_protocols.json
        /Users/rogerlin/Library/Developer/Xcode/DerivedData/FinancialCalculatorKit-ackorybalcxbfocbkqsfdzcfkgmn/Build/Intermediates.noindex/GeneratedModuleMaps/HTMLEntities.modulemap
        /Users/rogerlin/Library/Developer/Xcode/DerivedData/FinancialCalculatorKit-ackorybalcxbfocbkqsfdzcfkgmn/SourcePackages/checkouts/swift-html-entities/Sources/HTMLEntities/Constants.swift
        /Users/rogerlin/Library/Developer/Xcode/DerivedData/FinancialCalculatorKit-ackorybalcxbfocbkqsfdzcfkgmn/SourcePackages/checkouts/swift-html-entities/Sources/HTMLEntities/ParseError.swift
        /Users/rogerlin/Library/Developer/Xcode/DerivedData/FinancialCalculatorKit-ackorybalcxbfocbkqsfdzcfkgmn/SourcePackages/checkouts/swift-html-entities/Sources/HTMLEntities/String+HTMLEntities.swift
        /Users/rogerlin/Library/Developer/Xcode/DerivedData/FinancialCalculatorKit-ackorybalcxbfocbkqsfdzcfkgmn/SourcePackages/checkouts/swift-html-entities/Sources/HTMLEntities/Utilities.swift
        /Users/rogerlin/Library/Developer/Xcode/DerivedData/FinancialCalculatorKit-ackorybalcxbfocbkqsfdzcfkgmn/Build/Intermediates.noindex/HTMLEntities.build/Debug/HTMLEntities.build/Objects-normal/arm64/HTMLEntities.SwiftFileList
        /Users/rogerlin/Library/Developer/Xcode/DerivedData/FinancialCalculatorKit-ackorybalcxbfocbkqsfdzcfkgmn/Build/Intermediates.noindex/HTMLEntities.build/Debug/HTMLEntities.build/Objects-normal/arm64/HTMLEntities-OutputFileMap.json
        /Users/rogerlin/Library/Developer/Xcode/DerivedData/FinancialCalculatorKit-ackorybalcxbfocbkqsfdzcfkgmn/Build/Intermediates.noindex/HTMLEntities.build/Debug/HTMLEntities.build/Objects-normal/arm64/HTMLEntities_const_extract_protocols.json
        /Users/rogerlin/Library/Developer/Xcode/DerivedData/FinancialCalculatorKit-ackorybalcxbfocbkqsfdzcfkgmn/Build/Intermediates.noindex/GeneratedModuleMaps/HTMLEntities.modulemap
        <ClangStatCache /Users/rogerlin/Library/Developer/Xcode/DerivedData/SDKStatCaches.noindex/macosx26.1-25B74-3ae1261907bdadc328169391a47051a6.sdkstatcache>
        <target-HTMLEntities-PACKAGE-TARGET:HTMLEntities-SDKROOT:macosx:SDK_VARIANT:macos-copy-headers-completion>
        <target-HTMLEntities-PACKAGE-TARGET:HTMLEntities-SDKROOT:macosx:SDK_VARIANT:macos-ModuleVerifierTaskProducer>
        <target-HTMLEntities-PACKAGE-TARGET:HTMLEntities-SDKROOT:macosx:SDK_VARIANT:macos-begin-compiling>
        <WorkspaceHeaderMapVFSFilesWritten>

    Task output dependencies:
        /Users/rogerlin/Library/Developer/Xcode/DerivedData/FinancialCalculatorKit-ackorybalcxbfocbkqsfdzcfkgmn/Build/Intermediates.noindex/HTMLEntities.build/Debug/HTMLEntities.build/Objects-normal/arm64/HTMLEntities Swift Compilation Requirements Finished
        /Users/rogerlin/Library/Developer/Xcode/DerivedData/FinancialCalculatorKit-ackorybalcxbfocbkqsfdzcfkgmn/Build/Intermediates.noindex/HTMLEntities.build/Debug/HTMLEntities.build/Objects-normal/arm64/HTMLEntities.swiftmodule
        /Users/rogerlin/Library/Developer/Xcode/DerivedData/FinancialCalculatorKit-ackorybalcxbfocbkqsfdzcfkgmn/Build/Intermediates.noindex/HTMLEntities.build/Debug/HTMLEntities.build/Objects-normal/arm64/HTMLEntities-linker-args.resp
        /Users/rogerlin/Library/Developer/Xcode/DerivedData/FinancialCalculatorKit-ackorybalcxbfocbkqsfdzcfkgmn/Build/Intermediates.noindex/HTMLEntities.build/Debug/HTMLEntities.build/Objects-normal/arm64/HTMLEntities.swiftsourceinfo
        /Users/rogerlin/Library/Developer/Xcode/DerivedData/FinancialCalculatorKit-ackorybalcxbfocbkqsfdzcfkgmn/Build/Intermediates.noindex/HTMLEntities.build/Debug/HTMLEntities.build/Objects-normal/arm64/HTMLEntities.abi.json
        /Users/rogerlin/Library/Developer/Xcode/DerivedData/FinancialCalculatorKit-ackorybalcxbfocbkqsfdzcfkgmn/Build/Intermediates.noindex/HTMLEntities.build/Debug/HTMLEntities.build/Objects-normal/arm64/HTMLEntities-Swift.h
        /Users/rogerlin/Library/Developer/Xcode/DerivedData/FinancialCalculatorKit-ackorybalcxbfocbkqsfdzcfkgmn/Build/Intermediates.noindex/HTMLEntities.build/Debug/HTMLEntities.build/Objects-normal/arm64/HTMLEntities.swiftdoc
Discovered dependency nodes:
/Applications/Xcode.app/Contents/Developer/Toolchains/XcodeDefault.xctoolchain/usr/lib/swift/macosx/prebuilt-modules/26.1/Swift.swiftmodule/arm64e-apple-macos.swiftmodule
/Applications/Xcode.app/Contents/Developer/Toolchains/XcodeDefault.xctoolchain/usr/lib/swift/macosx/prebuilt-modules/26.1/SwiftOnoneSupport.swiftmodule/arm64e-apple-macos.swiftmodule
/Applications/Xcode.app/Contents/Developer/Platforms/MacOSX.platform/Developer/SDKs/MacOSX26.1.sdk/usr/lib/swift/shims/module.modulemap
/Applications/Xcode.app/Contents/Developer/Platforms/MacOSX.platform/Developer/SDKs/MacOSX26.1.sdk/usr/lib/swift/shims/AssertionReporting.h
/Applications/Xcode.app/Contents/Developer/Platforms/MacOSX.platform/Developer/SDKs/MacOSX26.1.sdk/usr/lib/swift/shims/SwiftStdint.h
/Applications/Xcode.app/Contents/Developer/Platforms/MacOSX.platform/Developer/SDKs/MacOSX26.1.sdk/usr/lib/swift/shims/Visibility.h
/Applications/Xcode.app/Contents/Developer/Platforms/MacOSX.platform/Developer/SDKs/MacOSX26.1.sdk/usr/lib/swift/shims/CoreFoundationShims.h
/Applications/Xcode.app/Contents/Developer/Platforms/MacOSX.platform/Developer/SDKs/MacOSX26.1.sdk/usr/lib/swift/shims/ObjCShims.h
/Applications/Xcode.app/Contents/Developer/Platforms/MacOSX.platform/Developer/SDKs/MacOSX26.1.sdk/usr/lib/swift/shims/EmbeddedShims.h
/Applications/Xcode.app/Contents/Developer/Platforms/MacOSX.platform/Developer/SDKs/MacOSX26.1.sdk/usr/lib/swift/shims/SwiftStddef.h
/Applications/Xcode.app/Contents/Developer/Platforms/MacOSX.platform/Developer/SDKs/MacOSX26.1.sdk/usr/lib/swift/shims/FoundationShims.h
/Applications/Xcode.app/Contents/Developer/Platforms/MacOSX.platform/Developer/SDKs/MacOSX26.1.sdk/usr/lib/swift/shims/GlobalObjects.h
/Applications/Xcode.app/Contents/Developer/Platforms/MacOSX.platform/Developer/SDKs/MacOSX26.1.sdk/usr/lib/swift/shims/SwiftStdbool.h
/Applications/Xcode.app/Contents/Developer/Platforms/MacOSX.platform/Developer/SDKs/MacOSX26.1.sdk/usr/lib/swift/shims/HeapObject.h
/Applications/Xcode.app/Contents/Developer/Platforms/MacOSX.platform/Developer/SDKs/MacOSX26.1.sdk/usr/lib/swift/shims/RefCount.h
/Applications/Xcode.app/Contents/Developer/Platforms/MacOSX.platform/Developer/SDKs/MacOSX26.1.sdk/usr/lib/swift/shims/System.h
/Applications/Xcode.app/Contents/Developer/Platforms/MacOSX.platform/Developer/SDKs/MacOSX26.1.sdk/usr/lib/swift/shims/Target.h
/Applications/Xcode.app/Contents/Developer/Platforms/MacOSX.platform/Developer/SDKs/MacOSX26.1.sdk/usr/lib/swift/shims/KeyPath.h
/Applications/Xcode.app/Contents/Developer/Platforms/MacOSX.platform/Developer/SDKs/MacOSX26.1.sdk/usr/lib/swift/shims/LibcShims.h
/Applications/Xcode.app/Contents/Developer/Platforms/MacOSX.platform/Developer/SDKs/MacOSX26.1.sdk/usr/lib/swift/shims/MetadataSections.h
/Applications/Xcode.app/Contents/Developer/Platforms/MacOSX.platform/Developer/SDKs/MacOSX26.1.sdk/usr/lib/swift/shims/Random.h
/Applications/Xcode.app/Contents/Developer/Platforms/MacOSX.platform/Developer/SDKs/MacOSX26.1.sdk/usr/lib/swift/shims/Reflection.h
/Applications/Xcode.app/Contents/Developer/Platforms/MacOSX.platform/Developer/SDKs/MacOSX26.1.sdk/usr/lib/swift/shims/RuntimeShims.h
/Applications/Xcode.app/Contents/Developer/Platforms/MacOSX.platform/Developer/SDKs/MacOSX26.1.sdk/usr/lib/swift/shims/RuntimeStubs.h
/Applications/Xcode.app/Contents/Developer/Platforms/MacOSX.platform/Developer/SDKs/MacOSX26.1.sdk/usr/lib/swift/shims/ThreadLocalStorage.h
/Applications/Xcode.app/Contents/Developer/Platforms/MacOSX.platform/Developer/SDKs/MacOSX26.1.sdk/usr/lib/swift/shims/UnicodeData.h
/Applications/Xcode.app/Contents/Developer/Platforms/MacOSX.platform/Developer/SDKs/MacOSX26.1.sdk/SDKSettings.json
/Applications/Xcode.app/Contents/Developer/Toolchains/XcodeDefault.xctoolchain/usr/lib/swift/macosx/prebuilt-modules/26.1/_Concurrency.swiftmodule/arm64e-apple-macos.swiftmodule
/Applications/Xcode.app/Contents/Developer/Toolchains/XcodeDefault.xctoolchain/usr/lib/swift/macosx/prebuilt-modules/26.1/_StringProcessing.swiftmodule/arm64e-apple-macos.swiftmodule
/Applications/Xcode.app/Contents/Developer/Platforms/MacOSX.platform/Developer/SDKs/MacOSX26.1.sdk/usr/lib/swift/shims/module.modulemap
/Applications/Xcode.app/Contents/Developer/Platforms/MacOSX.platform/Developer/SDKs/MacOSX26.1.sdk/usr/lib/swift/shims/_SwiftConcurrency.h
/Applications/Xcode.app/Contents/Developer/Platforms/MacOSX.platform/Developer/SDKs/MacOSX26.1.sdk/SDKSettings.json

Copy /Users/rogerlin/Library/Developer/Xcode/DerivedData/FinancialCalculatorKit-ackorybalcxbfocbkqsfdzcfkgmn/Build/Products/Debug/CasePathsMacros.swiftmodule/arm64-apple-macos.swiftmodule /Users/rogerlin/Library/Developer/Xcode/DerivedData/FinancialCalculatorKit-ackorybalcxbfocbkqsfdzcfkgmn/Build/Intermediates.noindex/swift-case-paths.build/Debug/CasePathsMacros.build/Objects-normal/arm64/CasePathsMacros.swiftmodule (in target 'CasePathsMacros' from project 'swift-case-paths')
    cd /Users/rogerlin/Library/Developer/Xcode/DerivedData/FinancialCalculatorKit-ackorybalcxbfocbkqsfdzcfkgmn/SourcePackages/checkouts/swift-case-paths
    builtin-copy -exclude .DS_Store -exclude CVS -exclude .svn -exclude .git -exclude .hg -resolve-src-symlinks -rename /Users/rogerlin/Library/Developer/Xcode/DerivedData/FinancialCalculatorKit-ackorybalcxbfocbkqsfdzcfkgmn/Build/Intermediates.noindex/swift-case-paths.build/Debug/CasePathsMacros.build/Objects-normal/arm64/CasePathsMacros.swiftmodule /Users/rogerlin/Library/Developer/Xcode/DerivedData/FinancialCalculatorKit-ackorybalcxbfocbkqsfdzcfkgmn/Build/Products/Debug/CasePathsMacros.swiftmodule/arm64-apple-macos.swiftmodule

    Task input dependencies:
        /Users/rogerlin/Library/Developer/Xcode/DerivedData/FinancialCalculatorKit-ackorybalcxbfocbkqsfdzcfkgmn/Build/Intermediates.noindex/swift-case-paths.build/Debug/CasePathsMacros.build/Objects-normal/arm64/CasePathsMacros.swiftmodule/

    Task output dependencies:
        /Users/rogerlin/Library/Developer/Xcode/DerivedData/FinancialCalculatorKit-ackorybalcxbfocbkqsfdzcfkgmn/Build/Products/Debug/CasePathsMacros.swiftmodule/arm64-apple-macos.swiftmodule

SwiftMergeGeneratedHeaders /Users/rogerlin/Library/Developer/Xcode/DerivedData/FinancialCalculatorKit-ackorybalcxbfocbkqsfdzcfkgmn/Build/Intermediates.noindex/GeneratedModuleMaps/HTMLEntities-Swift.h /Users/rogerlin/Library/Developer/Xcode/DerivedData/FinancialCalculatorKit-ackorybalcxbfocbkqsfdzcfkgmn/Build/Intermediates.noindex/HTMLEntities.build/Debug/HTMLEntities.build/Objects-normal/arm64/HTMLEntities-Swift.h (in target 'HTMLEntities' from project 'HTMLEntities')
    cd /Users/rogerlin/Library/Developer/Xcode/DerivedData/FinancialCalculatorKit-ackorybalcxbfocbkqsfdzcfkgmn/SourcePackages/checkouts/swift-html-entities
    builtin-swiftHeaderTool -arch arm64 /Users/rogerlin/Library/Developer/Xcode/DerivedData/FinancialCalculatorKit-ackorybalcxbfocbkqsfdzcfkgmn/Build/Intermediates.noindex/HTMLEntities.build/Debug/HTMLEntities.build/Objects-normal/arm64/HTMLEntities-Swift.h -o /Users/rogerlin/Library/Developer/Xcode/DerivedData/FinancialCalculatorKit-ackorybalcxbfocbkqsfdzcfkgmn/Build/Intermediates.noindex/GeneratedModuleMaps/HTMLEntities-Swift.h

    Task input dependencies:
        /Users/rogerlin/Library/Developer/Xcode/DerivedData/FinancialCalculatorKit-ackorybalcxbfocbkqsfdzcfkgmn/Build/Intermediates.noindex/HTMLEntities.build/Debug/HTMLEntities.build/Objects-normal/arm64/HTMLEntities-Swift.h

    Task output dependencies:
        /Users/rogerlin/Library/Developer/Xcode/DerivedData/FinancialCalculatorKit-ackorybalcxbfocbkqsfdzcfkgmn/Build/Intermediates.noindex/GeneratedModuleMaps/HTMLEntities-Swift.h

Copy /Users/rogerlin/Library/Developer/Xcode/DerivedData/FinancialCalculatorKit-ackorybalcxbfocbkqsfdzcfkgmn/Build/Products/Debug/HTMLEntities.swiftmodule/arm64-apple-macos.swiftmodule /Users/rogerlin/Library/Developer/Xcode/DerivedData/FinancialCalculatorKit-ackorybalcxbfocbkqsfdzcfkgmn/Build/Intermediates.noindex/HTMLEntities.build/Debug/HTMLEntities.build/Objects-normal/arm64/HTMLEntities.swiftmodule (in target 'HTMLEntities' from project 'HTMLEntities')
    cd /Users/rogerlin/Library/Developer/Xcode/DerivedData/FinancialCalculatorKit-ackorybalcxbfocbkqsfdzcfkgmn/SourcePackages/checkouts/swift-html-entities
    builtin-copy -exclude .DS_Store -exclude CVS -exclude .svn -exclude .git -exclude .hg -resolve-src-symlinks -rename /Users/rogerlin/Library/Developer/Xcode/DerivedData/FinancialCalculatorKit-ackorybalcxbfocbkqsfdzcfkgmn/Build/Intermediates.noindex/HTMLEntities.build/Debug/HTMLEntities.build/Objects-normal/arm64/HTMLEntities.swiftmodule /Users/rogerlin/Library/Developer/Xcode/DerivedData/FinancialCalculatorKit-ackorybalcxbfocbkqsfdzcfkgmn/Build/Products/Debug/HTMLEntities.swiftmodule/arm64-apple-macos.swiftmodule

    Task input dependencies:
        /Users/rogerlin/Library/Developer/Xcode/DerivedData/FinancialCalculatorKit-ackorybalcxbfocbkqsfdzcfkgmn/Build/Intermediates.noindex/HTMLEntities.build/Debug/HTMLEntities.build/Objects-normal/arm64/HTMLEntities.swiftmodule/

    Task output dependencies:
        /Users/rogerlin/Library/Developer/Xcode/DerivedData/FinancialCalculatorKit-ackorybalcxbfocbkqsfdzcfkgmn/Build/Products/Debug/HTMLEntities.swiftmodule/arm64-apple-macos.swiftmodule

Copy /Users/rogerlin/Library/Developer/Xcode/DerivedData/FinancialCalculatorKit-ackorybalcxbfocbkqsfdzcfkgmn/Build/Products/Debug/HTMLEntities.swiftmodule/arm64-apple-macos.swiftdoc /Users/rogerlin/Library/Developer/Xcode/DerivedData/FinancialCalculatorKit-ackorybalcxbfocbkqsfdzcfkgmn/Build/Intermediates.noindex/HTMLEntities.build/Debug/HTMLEntities.build/Objects-normal/arm64/HTMLEntities.swiftdoc (in target 'HTMLEntities' from project 'HTMLEntities')
    cd /Users/rogerlin/Library/Developer/Xcode/DerivedData/FinancialCalculatorKit-ackorybalcxbfocbkqsfdzcfkgmn/SourcePackages/checkouts/swift-html-entities
    builtin-copy -exclude .DS_Store -exclude CVS -exclude .svn -exclude .git -exclude .hg -resolve-src-symlinks -rename /Users/rogerlin/Library/Developer/Xcode/DerivedData/FinancialCalculatorKit-ackorybalcxbfocbkqsfdzcfkgmn/Build/Intermediates.noindex/HTMLEntities.build/Debug/HTMLEntities.build/Objects-normal/arm64/HTMLEntities.swiftdoc /Users/rogerlin/Library/Developer/Xcode/DerivedData/FinancialCalculatorKit-ackorybalcxbfocbkqsfdzcfkgmn/Build/Products/Debug/HTMLEntities.swiftmodule/arm64-apple-macos.swiftdoc

    Task input dependencies:
        /Users/rogerlin/Library/Developer/Xcode/DerivedData/FinancialCalculatorKit-ackorybalcxbfocbkqsfdzcfkgmn/Build/Intermediates.noindex/HTMLEntities.build/Debug/HTMLEntities.build/Objects-normal/arm64/HTMLEntities.swiftdoc/

    Task output dependencies:
        /Users/rogerlin/Library/Developer/Xcode/DerivedData/FinancialCalculatorKit-ackorybalcxbfocbkqsfdzcfkgmn/Build/Products/Debug/HTMLEntities.swiftmodule/arm64-apple-macos.swiftdoc

SwiftDriverJobDiscovery normal arm64 Compiling Complex.swift (in target 'ComplexModule' from project 'swift-numerics')

Copy /Users/rogerlin/Library/Developer/Xcode/DerivedData/FinancialCalculatorKit-ackorybalcxbfocbkqsfdzcfkgmn/Build/Products/Debug/HTMLEntities.swiftmodule/arm64-apple-macos.abi.json /Users/rogerlin/Library/Developer/Xcode/DerivedData/FinancialCalculatorKit-ackorybalcxbfocbkqsfdzcfkgmn/Build/Intermediates.noindex/HTMLEntities.build/Debug/HTMLEntities.build/Objects-normal/arm64/HTMLEntities.abi.json (in target 'HTMLEntities' from project 'HTMLEntities')
    cd /Users/rogerlin/Library/Developer/Xcode/DerivedData/FinancialCalculatorKit-ackorybalcxbfocbkqsfdzcfkgmn/SourcePackages/checkouts/swift-html-entities
    builtin-copy -exclude .DS_Store -exclude CVS -exclude .svn -exclude .git -exclude .hg -resolve-src-symlinks -rename /Users/rogerlin/Library/Developer/Xcode/DerivedData/FinancialCalculatorKit-ackorybalcxbfocbkqsfdzcfkgmn/Build/Intermediates.noindex/HTMLEntities.build/Debug/HTMLEntities.build/Objects-normal/arm64/HTMLEntities.abi.json /Users/rogerlin/Library/Developer/Xcode/DerivedData/FinancialCalculatorKit-ackorybalcxbfocbkqsfdzcfkgmn/Build/Products/Debug/HTMLEntities.swiftmodule/arm64-apple-macos.abi.json

    Task input dependencies:
        /Users/rogerlin/Library/Developer/Xcode/DerivedData/FinancialCalculatorKit-ackorybalcxbfocbkqsfdzcfkgmn/Build/Intermediates.noindex/HTMLEntities.build/Debug/HTMLEntities.build/Objects-normal/arm64/HTMLEntities.abi.json/

    Task output dependencies:
        /Users/rogerlin/Library/Developer/Xcode/DerivedData/FinancialCalculatorKit-ackorybalcxbfocbkqsfdzcfkgmn/Build/Products/Debug/HTMLEntities.swiftmodule/arm64-apple-macos.abi.json

Copy /Users/rogerlin/Library/Developer/Xcode/DerivedData/FinancialCalculatorKit-ackorybalcxbfocbkqsfdzcfkgmn/Build/Products/Debug/HTMLEntities.swiftmodule/Project/arm64-apple-macos.swiftsourceinfo /Users/rogerlin/Library/Developer/Xcode/DerivedData/FinancialCalculatorKit-ackorybalcxbfocbkqsfdzcfkgmn/Build/Intermediates.noindex/HTMLEntities.build/Debug/HTMLEntities.build/Objects-normal/arm64/HTMLEntities.swiftsourceinfo (in target 'HTMLEntities' from project 'HTMLEntities')
    cd /Users/rogerlin/Library/Developer/Xcode/DerivedData/FinancialCalculatorKit-ackorybalcxbfocbkqsfdzcfkgmn/SourcePackages/checkouts/swift-html-entities
    builtin-copy -exclude .DS_Store -exclude CVS -exclude .svn -exclude .git -exclude .hg -resolve-src-symlinks -rename /Users/rogerlin/Library/Developer/Xcode/DerivedData/FinancialCalculatorKit-ackorybalcxbfocbkqsfdzcfkgmn/Build/Intermediates.noindex/HTMLEntities.build/Debug/HTMLEntities.build/Objects-normal/arm64/HTMLEntities.swiftsourceinfo /Users/rogerlin/Library/Developer/Xcode/DerivedData/FinancialCalculatorKit-ackorybalcxbfocbkqsfdzcfkgmn/Build/Products/Debug/HTMLEntities.swiftmodule/Project/arm64-apple-macos.swiftsourceinfo

    Task input dependencies:
        /Users/rogerlin/Library/Developer/Xcode/DerivedData/FinancialCalculatorKit-ackorybalcxbfocbkqsfdzcfkgmn/Build/Intermediates.noindex/HTMLEntities.build/Debug/HTMLEntities.build/Objects-normal/arm64/HTMLEntities.swiftsourceinfo/

    Task output dependencies:
        /Users/rogerlin/Library/Developer/Xcode/DerivedData/FinancialCalculatorKit-ackorybalcxbfocbkqsfdzcfkgmn/Build/Products/Debug/HTMLEntities.swiftmodule/Project/arm64-apple-macos.swiftsourceinfo

Copy /Users/rogerlin/Library/Developer/Xcode/DerivedData/FinancialCalculatorKit-ackorybalcxbfocbkqsfdzcfkgmn/Build/Products/Debug/CasePathsMacros.swiftmodule/arm64-apple-macos.swiftdoc /Users/rogerlin/Library/Developer/Xcode/DerivedData/FinancialCalculatorKit-ackorybalcxbfocbkqsfdzcfkgmn/Build/Intermediates.noindex/swift-case-paths.build/Debug/CasePathsMacros.build/Objects-normal/arm64/CasePathsMacros.swiftdoc (in target 'CasePathsMacros' from project 'swift-case-paths')
    cd /Users/rogerlin/Library/Developer/Xcode/DerivedData/FinancialCalculatorKit-ackorybalcxbfocbkqsfdzcfkgmn/SourcePackages/checkouts/swift-case-paths
    builtin-copy -exclude .DS_Store -exclude CVS -exclude .svn -exclude .git -exclude .hg -resolve-src-symlinks -rename /Users/rogerlin/Library/Developer/Xcode/DerivedData/FinancialCalculatorKit-ackorybalcxbfocbkqsfdzcfkgmn/Build/Intermediates.noindex/swift-case-paths.build/Debug/CasePathsMacros.build/Objects-normal/arm64/CasePathsMacros.swiftdoc /Users/rogerlin/Library/Developer/Xcode/DerivedData/FinancialCalculatorKit-ackorybalcxbfocbkqsfdzcfkgmn/Build/Products/Debug/CasePathsMacros.swiftmodule/arm64-apple-macos.swiftdoc

    Task input dependencies:
        /Users/rogerlin/Library/Developer/Xcode/DerivedData/FinancialCalculatorKit-ackorybalcxbfocbkqsfdzcfkgmn/Build/Intermediates.noindex/swift-case-paths.build/Debug/CasePathsMacros.build/Objects-normal/arm64/CasePathsMacros.swiftdoc/

    Task output dependencies:
        /Users/rogerlin/Library/Developer/Xcode/DerivedData/FinancialCalculatorKit-ackorybalcxbfocbkqsfdzcfkgmn/Build/Products/Debug/CasePathsMacros.swiftmodule/arm64-apple-macos.swiftdoc

Copy /Users/rogerlin/Library/Developer/Xcode/DerivedData/FinancialCalculatorKit-ackorybalcxbfocbkqsfdzcfkgmn/Build/Products/Debug/CasePathsMacros.swiftmodule/arm64-apple-macos.abi.json /Users/rogerlin/Library/Developer/Xcode/DerivedData/FinancialCalculatorKit-ackorybalcxbfocbkqsfdzcfkgmn/Build/Intermediates.noindex/swift-case-paths.build/Debug/CasePathsMacros.build/Objects-normal/arm64/CasePathsMacros.abi.json (in target 'CasePathsMacros' from project 'swift-case-paths')
    cd /Users/rogerlin/Library/Developer/Xcode/DerivedData/FinancialCalculatorKit-ackorybalcxbfocbkqsfdzcfkgmn/SourcePackages/checkouts/swift-case-paths
    builtin-copy -exclude .DS_Store -exclude CVS -exclude .svn -exclude .git -exclude .hg -resolve-src-symlinks -rename /Users/rogerlin/Library/Developer/Xcode/DerivedData/FinancialCalculatorKit-ackorybalcxbfocbkqsfdzcfkgmn/Build/Intermediates.noindex/swift-case-paths.build/Debug/CasePathsMacros.build/Objects-normal/arm64/CasePathsMacros.abi.json /Users/rogerlin/Library/Developer/Xcode/DerivedData/FinancialCalculatorKit-ackorybalcxbfocbkqsfdzcfkgmn/Build/Products/Debug/CasePathsMacros.swiftmodule/arm64-apple-macos.abi.json

    Task input dependencies:
        /Users/rogerlin/Library/Developer/Xcode/DerivedData/FinancialCalculatorKit-ackorybalcxbfocbkqsfdzcfkgmn/Build/Intermediates.noindex/swift-case-paths.build/Debug/CasePathsMacros.build/Objects-normal/arm64/CasePathsMacros.abi.json/

    Task output dependencies:
        /Users/rogerlin/Library/Developer/Xcode/DerivedData/FinancialCalculatorKit-ackorybalcxbfocbkqsfdzcfkgmn/Build/Products/Debug/CasePathsMacros.swiftmodule/arm64-apple-macos.abi.json

Copy /Users/rogerlin/Library/Developer/Xcode/DerivedData/FinancialCalculatorKit-ackorybalcxbfocbkqsfdzcfkgmn/Build/Products/Debug/CasePathsMacros.swiftmodule/Project/arm64-apple-macos.swiftsourceinfo /Users/rogerlin/Library/Developer/Xcode/DerivedData/FinancialCalculatorKit-ackorybalcxbfocbkqsfdzcfkgmn/Build/Intermediates.noindex/swift-case-paths.build/Debug/CasePathsMacros.build/Objects-normal/arm64/CasePathsMacros.swiftsourceinfo (in target 'CasePathsMacros' from project 'swift-case-paths')
    cd /Users/rogerlin/Library/Developer/Xcode/DerivedData/FinancialCalculatorKit-ackorybalcxbfocbkqsfdzcfkgmn/SourcePackages/checkouts/swift-case-paths
    builtin-copy -exclude .DS_Store -exclude CVS -exclude .svn -exclude .git -exclude .hg -resolve-src-symlinks -rename /Users/rogerlin/Library/Developer/Xcode/DerivedData/FinancialCalculatorKit-ackorybalcxbfocbkqsfdzcfkgmn/Build/Intermediates.noindex/swift-case-paths.build/Debug/CasePathsMacros.build/Objects-normal/arm64/CasePathsMacros.swiftsourceinfo /Users/rogerlin/Library/Developer/Xcode/DerivedData/FinancialCalculatorKit-ackorybalcxbfocbkqsfdzcfkgmn/Build/Products/Debug/CasePathsMacros.swiftmodule/Project/arm64-apple-macos.swiftsourceinfo

    Task input dependencies:
        /Users/rogerlin/Library/Developer/Xcode/DerivedData/FinancialCalculatorKit-ackorybalcxbfocbkqsfdzcfkgmn/Build/Intermediates.noindex/swift-case-paths.build/Debug/CasePathsMacros.build/Objects-normal/arm64/CasePathsMacros.swiftsourceinfo/

    Task output dependencies:
        /Users/rogerlin/Library/Developer/Xcode/DerivedData/FinancialCalculatorKit-ackorybalcxbfocbkqsfdzcfkgmn/Build/Products/Debug/CasePathsMacros.swiftmodule/Project/arm64-apple-macos.swiftsourceinfo

SwiftCompile normal arm64 Compiling\ DOM.Filter.swift,\ DOM.Image.swift,\ DOM.LinearGradient.swift /Users/rogerlin/Library/Developer/Xcode/DerivedData/FinancialCalculatorKit-ackorybalcxbfocbkqsfdzcfkgmn/SourcePackages/checkouts/SwiftDraw/DOM/Sources/DOM.Filter.swift /Users/rogerlin/Library/Developer/Xcode/DerivedData/FinancialCalculatorKit-ackorybalcxbfocbkqsfdzcfkgmn/SourcePackages/checkouts/SwiftDraw/DOM/Sources/DOM.Image.swift /Users/rogerlin/Library/Developer/Xcode/DerivedData/FinancialCalculatorKit-ackorybalcxbfocbkqsfdzcfkgmn/SourcePackages/checkouts/SwiftDraw/DOM/Sources/DOM.LinearGradient.swift (in target 'SwiftDrawDOM' from project 'SwiftDraw')
/Applications/Xcode.app/Contents/Developer/Toolchains/XcodeDefault.xctoolchain/usr/bin/swift-frontend -frontend -c /Users/rogerlin/Library/Developer/Xcode/DerivedData/FinancialCalculatorKit-ackorybalcxbfocbkqsfdzcfkgmn/SourcePackages/checkouts/SwiftDraw/DOM/Sources/DOM+Extensions.swift /Users/rogerlin/Library/Developer/Xcode/DerivedData/FinancialCalculatorKit-ackorybalcxbfocbkqsfdzcfkgmn/SourcePackages/checkouts/SwiftDraw/DOM/Sources/DOM.Color.swift /Users/rogerlin/Library/Developer/Xcode/DerivedData/FinancialCalculatorKit-ackorybalcxbfocbkqsfdzcfkgmn/SourcePackages/checkouts/SwiftDraw/DOM/Sources/DOM.Element.swift -primary-file /Users/rogerlin/Library/Developer/Xcode/DerivedData/FinancialCalculatorKit-ackorybalcxbfocbkqsfdzcfkgmn/SourcePackages/checkouts/SwiftDraw/DOM/Sources/DOM.Filter.swift -primary-file /Users/rogerlin/Library/Developer/Xcode/DerivedData/FinancialCalculatorKit-ackorybalcxbfocbkqsfdzcfkgmn/SourcePackages/checkouts/SwiftDraw/DOM/Sources/DOM.Image.swift -primary-file /Users/rogerlin/Library/Developer/Xcode/DerivedData/FinancialCalculatorKit-ackorybalcxbfocbkqsfdzcfkgmn/SourcePackages/checkouts/SwiftDraw/DOM/Sources/DOM.LinearGradient.swift /Users/rogerlin/Library/Developer/Xcode/DerivedData/FinancialCalculatorKit-ackorybalcxbfocbkqsfdzcfkgmn/SourcePackages/checkouts/SwiftDraw/DOM/Sources/DOM.Path.swift /Users/rogerlin/Library/Developer/Xcode/DerivedData/FinancialCalculatorKit-ackorybalcxbfocbkqsfdzcfkgmn/SourcePackages/checkouts/SwiftDraw/DOM/Sources/DOM.Pattern.swift /Users/rogerlin/Library/Developer/Xcode/DerivedData/FinancialCalculatorKit-ackorybalcxbfocbkqsfdzcfkgmn/SourcePackages/checkouts/SwiftDraw/DOM/Sources/DOM.PresentationAttributes.swift /Users/rogerlin/Library/Developer/Xcode/DerivedData/FinancialCalculatorKit-ackorybalcxbfocbkqsfdzcfkgmn/SourcePackages/checkouts/SwiftDraw/DOM/Sources/DOM.RadialGradient.swift /Users/rogerlin/Library/Developer/Xcode/DerivedData/FinancialCalculatorKit-ackorybalcxbfocbkqsfdzcfkgmn/SourcePackages/checkouts/SwiftDraw/DOM/Sources/DOM.SVG+Parse.swift /Users/rogerlin/Library/Developer/Xcode/DerivedData/FinancialCalculatorKit-ackorybalcxbfocbkqsfdzcfkgmn/SourcePackages/checkouts/SwiftDraw/DOM/Sources/DOM.SVG.swift /Users/rogerlin/Library/Developer/Xcode/DerivedData/FinancialCalculatorKit-ackorybalcxbfocbkqsfdzcfkgmn/SourcePackages/checkouts/SwiftDraw/DOM/Sources/DOM.Switch.swift /Users/rogerlin/Library/Developer/Xcode/DerivedData/FinancialCalculatorKit-ackorybalcxbfocbkqsfdzcfkgmn/SourcePackages/checkouts/SwiftDraw/DOM/Sources/DOM.Text.swift /Users/rogerlin/Library/Developer/Xcode/DerivedData/FinancialCalculatorKit-ackorybalcxbfocbkqsfdzcfkgmn/SourcePackages/checkouts/SwiftDraw/DOM/Sources/DOM.Use.swift /Users/rogerlin/Library/Developer/Xcode/DerivedData/FinancialCalculatorKit-ackorybalcxbfocbkqsfdzcfkgmn/SourcePackages/checkouts/SwiftDraw/DOM/Sources/DOM.swift /Users/rogerlin/Library/Developer/Xcode/DerivedData/FinancialCalculatorKit-ackorybalcxbfocbkqsfdzcfkgmn/SourcePackages/checkouts/SwiftDraw/DOM/Sources/Parser.XML.Attributes.swift /Users/rogerlin/Library/Developer/Xcode/DerivedData/FinancialCalculatorKit-ackorybalcxbfocbkqsfdzcfkgmn/SourcePackages/checkouts/SwiftDraw/DOM/Sources/Parser.XML.Color.swift /Users/rogerlin/Library/Developer/Xcode/DerivedData/FinancialCalculatorKit-ackorybalcxbfocbkqsfdzcfkgmn/SourcePackages/checkouts/SwiftDraw/DOM/Sources/Parser.XML.Element.swift /Users/rogerlin/Library/Developer/Xcode/DerivedData/FinancialCalculatorKit-ackorybalcxbfocbkqsfdzcfkgmn/SourcePackages/checkouts/SwiftDraw/DOM/Sources/Parser.XML.Filter.swift /Users/rogerlin/Library/Developer/Xcode/DerivedData/FinancialCalculatorKit-ackorybalcxbfocbkqsfdzcfkgmn/SourcePackages/checkouts/SwiftDraw/DOM/Sources/Parser.XML.Image.swift /Users/rogerlin/Library/Developer/Xcode/DerivedData/FinancialCalculatorKit-ackorybalcxbfocbkqsfdzcfkgmn/SourcePackages/checkouts/SwiftDraw/DOM/Sources/Parser.XML.LinearGradient.swift /Users/rogerlin/Library/Developer/Xcode/DerivedData/FinancialCalculatorKit-ackorybalcxbfocbkqsfdzcfkgmn/SourcePackages/checkouts/SwiftDraw/DOM/Sources/Parser.XML.Path.swift /Users/rogerlin/Library/Developer/Xcode/DerivedData/FinancialCalculatorKit-ackorybalcxbfocbkqsfdzcfkgmn/SourcePackages/checkouts/SwiftDraw/DOM/Sources/Parser.XML.Pattern.swift /Users/rogerlin/Library/Developer/Xcode/DerivedData/FinancialCalculatorKit-ackorybalcxbfocbkqsfdzcfkgmn/SourcePackages/checkouts/SwiftDraw/DOM/Sources/Parser.XML.RadialGradient.swift /Users/rogerlin/Library/Developer/Xcode/DerivedData/FinancialCalculatorKit-ackorybalcxbfocbkqsfdzcfkgmn/SourcePackages/checkouts/SwiftDraw/DOM/Sources/Parser.XML.SVG.swift /Users/rogerlin/Library/Developer/Xcode/DerivedData/FinancialCalculatorKit-ackorybalcxbfocbkqsfdzcfkgmn/SourcePackages/checkouts/SwiftDraw/DOM/Sources/Parser.XML.Scanner.swift /Users/rogerlin/Library/Developer/Xcode/DerivedData/FinancialCalculatorKit-ackorybalcxbfocbkqsfdzcfkgmn/SourcePackages/checkouts/SwiftDraw/DOM/Sources/Parser.XML.StyleSheet.swift /Users/rogerlin/Library/Developer/Xcode/DerivedData/FinancialCalculatorKit-ackorybalcxbfocbkqsfdzcfkgmn/SourcePackages/checkouts/SwiftDraw/DOM/Sources/Parser.XML.Text.swift /Users/rogerlin/Library/Developer/Xcode/DerivedData/FinancialCalculatorKit-ackorybalcxbfocbkqsfdzcfkgmn/SourcePackages/checkouts/SwiftDraw/DOM/Sources/Parser.XML.Transform.swift /Users/rogerlin/Library/Developer/Xcode/DerivedData/FinancialCalculatorKit-ackorybalcxbfocbkqsfdzcfkgmn/SourcePackages/checkouts/SwiftDraw/DOM/Sources/Parser.XML.Use.swift /Users/rogerlin/Library/Developer/Xcode/DerivedData/FinancialCalculatorKit-ackorybalcxbfocbkqsfdzcfkgmn/SourcePackages/checkouts/SwiftDraw/DOM/Sources/Parser.XML.swift /Users/rogerlin/Library/Developer/Xcode/DerivedData/FinancialCalculatorKit-ackorybalcxbfocbkqsfdzcfkgmn/SourcePackages/checkouts/SwiftDraw/DOM/Sources/TextOutputStream+StandardError.swift /Users/rogerlin/Library/Developer/Xcode/DerivedData/FinancialCalculatorKit-ackorybalcxbfocbkqsfdzcfkgmn/SourcePackages/checkouts/SwiftDraw/DOM/Sources/URL+Data.swift /Users/rogerlin/Library/Developer/Xcode/DerivedData/FinancialCalculatorKit-ackorybalcxbfocbkqsfdzcfkgmn/SourcePackages/checkouts/SwiftDraw/DOM/Sources/URL+Fragment.swift /Users/rogerlin/Library/Developer/Xcode/DerivedData/FinancialCalculatorKit-ackorybalcxbfocbkqsfdzcfkgmn/SourcePackages/checkouts/SwiftDraw/DOM/Sources/XML.Element.swift /Users/rogerlin/Library/Developer/Xcode/DerivedData/FinancialCalculatorKit-ackorybalcxbfocbkqsfdzcfkgmn/SourcePackages/checkouts/SwiftDraw/DOM/Sources/XML.SAXParser.swift -supplementary-output-file-map /Users/rogerlin/Library/Developer/Xcode/DerivedData/FinancialCalculatorKit-ackorybalcxbfocbkqsfdzcfkgmn/Build/Intermediates.noindex/SwiftDraw.build/Debug/SwiftDrawDOM.build/Objects-normal/arm64/supplementaryOutputs-2 -target arm64-apple-macos10.15 -module-can-import-version Darwin 347.40.2 0 -load-resolved-plugin /Applications/Xcode.app/Contents/Developer/Platforms/MacOSX.platform/Developer/usr/lib/swift/host/plugins/libFoundationMacros.dylib\#/Applications/Xcode.app/Contents/Developer/Platforms/MacOSX.platform/Developer/usr/bin/swift-plugin-server\#FoundationMacros -load-resolved-plugin /Applications/Xcode.app/Contents/Developer/Platforms/MacOSX.platform/Developer/usr/lib/swift/host/plugins/libObservationMacros.dylib\#/Applications/Xcode.app/Contents/Developer/Platforms/MacOSX.platform/Developer/usr/bin/swift-plugin-server\#ObservationMacros -load-resolved-plugin /Applications/Xcode.app/Contents/Developer/Platforms/MacOSX.platform/Developer/usr/lib/swift/host/plugins/libSwiftMacros.dylib\#/Applications/Xcode.app/Contents/Developer/Platforms/MacOSX.platform/Developer/usr/bin/swift-plugin-server\#SwiftMacros -disable-implicit-swift-modules -Xcc -fno-implicit-modules -Xcc -fno-implicit-module-maps -explicit-swift-module-map-file /Users/rogerlin/Library/Developer/Xcode/DerivedData/FinancialCalculatorKit-ackorybalcxbfocbkqsfdzcfkgmn/Build/Intermediates.noindex/SwiftDraw.build/Debug/SwiftDrawDOM.build/Objects-normal/arm64/SwiftDrawDOM-dependencies-1.json -Xllvm -aarch64-use-tbi -enable-objc-interop -stack-check -sdk /Applications/Xcode.app/Contents/Developer/Platforms/MacOSX.platform/Developer/SDKs/MacOSX26.1.sdk -I /Users/rogerlin/Library/Developer/Xcode/DerivedData/FinancialCalculatorKit-ackorybalcxbfocbkqsfdzcfkgmn/Build/Products/Debug -Isystem /Applications/Xcode.app/Contents/Developer/Platforms/MacOSX.platform/Developer/usr/lib -F /Users/rogerlin/Library/Developer/Xcode/DerivedData/FinancialCalculatorKit-ackorybalcxbfocbkqsfdzcfkgmn/Build/Products/Debug -F /Applications/Xcode.app/Contents/Developer/Platforms/MacOSX.platform/Developer/Library/Frameworks -no-color-diagnostics -Xcc -fno-color-diagnostics -enable-testing -g -debug-info-format\=dwarf -dwarf-version\=4 -module-cache-path /Users/rogerlin/Library/Developer/Xcode/DerivedData/FinancialCalculatorKit-ackorybalcxbfocbkqsfdzcfkgmn/Build/Intermediates.noindex/SwiftExplicitPrecompiledModules -suppress-warnings -profile-generate -profile-coverage-mapping -swift-version 6 -enforce-exclusivity\=checked -Onone -D SWIFT_PACKAGE -D DEBUG -D SWIFT_MODULE_RESOURCE_BUNDLE_UNAVAILABLE -D Xcode -serialize-debugging-options -const-gather-protocols-file /Users/rogerlin/Library/Developer/Xcode/DerivedData/FinancialCalculatorKit-ackorybalcxbfocbkqsfdzcfkgmn/Build/Intermediates.noindex/SwiftDraw.build/Debug/SwiftDrawDOM.build/Objects-normal/arm64/SwiftDrawDOM_const_extract_protocols.json -enable-experimental-feature DebugDescriptionMacro -empty-abi-descriptor -user-module-version 0.22.0 -validate-clang-modules-once -clang-build-session-file /Users/rogerlin/Library/Developer/Xcode/DerivedData/ModuleCache.noindex/Session.modulevalidation -Xcc -working-directory -Xcc /Users/rogerlin/XCode-Projects/FinancialCalculatorKit-5.0-updated-accent-colors/FinancialCalculatorKit.xcodeproj -enable-anonymous-context-mangled-names -file-compilation-dir /Users/rogerlin/XCode-Projects/FinancialCalculatorKit-5.0-updated-accent-colors/FinancialCalculatorKit.xcodeproj -Xcc -D_LIBCPP_HARDENING_MODE\=_LIBCPP_HARDENING_MODE_DEBUG -Xcc -ivfsstatcache -Xcc /Users/rogerlin/Library/Developer/Xcode/DerivedData/SDKStatCaches.noindex/macosx26.1-25B74-3ae1261907bdadc328169391a47051a6.sdkstatcache -Xcc -I/Users/rogerlin/Library/Developer/Xcode/DerivedData/FinancialCalculatorKit-ackorybalcxbfocbkqsfdzcfkgmn/Build/Intermediates.noindex/SwiftDraw.build/Debug/SwiftDrawDOM.build/swift-overrides.hmap -Xcc -I/Users/rogerlin/Library/Developer/Xcode/DerivedData/FinancialCalculatorKit-ackorybalcxbfocbkqsfdzcfkgmn/Build/Products/Debug/include -Xcc -I/Users/rogerlin/Library/Developer/Xcode/DerivedData/FinancialCalculatorKit-ackorybalcxbfocbkqsfdzcfkgmn/Build/Intermediates.noindex/SwiftDraw.build/Debug/SwiftDrawDOM.build/DerivedSources-normal/arm64 -Xcc -I/Users/rogerlin/Library/Developer/Xcode/DerivedData/FinancialCalculatorKit-ackorybalcxbfocbkqsfdzcfkgmn/Build/Intermediates.noindex/SwiftDraw.build/Debug/SwiftDrawDOM.build/DerivedSources/arm64 -Xcc -I/Users/rogerlin/Library/Developer/Xcode/DerivedData/FinancialCalculatorKit-ackorybalcxbfocbkqsfdzcfkgmn/Build/Intermediates.noindex/SwiftDraw.build/Debug/SwiftDrawDOM.build/DerivedSources -Xcc -DSWIFT_PACKAGE -Xcc -DDEBUG\=1 -no-auto-bridging-header-chaining -module-name SwiftDrawDOM -package-name swiftdraw -frontend-parseable-output -disable-clang-spi -target-sdk-version 26.1 -target-sdk-name macosx26.1 -clang-target arm64-apple-macos26.1 -in-process-plugin-server-path /Applications/Xcode.app/Contents/Developer/Toolchains/XcodeDefault.xctoolchain/usr/lib/swift/host/libSwiftInProcPluginServer.dylib -o /Users/rogerlin/Library/Developer/Xcode/DerivedData/FinancialCalculatorKit-ackorybalcxbfocbkqsfdzcfkgmn/Build/Intermediates.noindex/SwiftDraw.build/Debug/SwiftDrawDOM.build/Objects-normal/arm64/DOM.Filter.o -o /Users/rogerlin/Library/Developer/Xcode/DerivedData/FinancialCalculatorKit-ackorybalcxbfocbkqsfdzcfkgmn/Build/Intermediates.noindex/SwiftDraw.build/Debug/SwiftDrawDOM.build/Objects-normal/arm64/DOM.Image.o -o /Users/rogerlin/Library/Developer/Xcode/DerivedData/FinancialCalculatorKit-ackorybalcxbfocbkqsfdzcfkgmn/Build/Intermediates.noindex/SwiftDraw.build/Debug/SwiftDrawDOM.build/Objects-normal/arm64/DOM.LinearGradient.o -index-unit-output-path /SwiftDraw.build/Debug/SwiftDrawDOM.build/Objects-normal/arm64/DOM.Filter.o -index-unit-output-path /SwiftDraw.build/Debug/SwiftDrawDOM.build/Objects-normal/arm64/DOM.Image.o -index-unit-output-path /SwiftDraw.build/Debug/SwiftDrawDOM.build/Objects-normal/arm64/DOM.LinearGradient.o -index-store-path /Users/rogerlin/Library/Developer/Xcode/DerivedData/FinancialCalculatorKit-ackorybalcxbfocbkqsfdzcfkgmn/Index.noindex/DataStore -index-system-modules

SwiftCompile normal arm64 /Users/rogerlin/Library/Developer/Xcode/DerivedData/FinancialCalculatorKit-ackorybalcxbfocbkqsfdzcfkgmn/SourcePackages/checkouts/SwiftDraw/DOM/Sources/DOM.Filter.swift (in target 'SwiftDrawDOM' from project 'SwiftDraw')
    cd /Users/rogerlin/XCode-Projects/FinancialCalculatorKit-5.0-updated-accent-colors/FinancialCalculatorKit.xcodeproj
    

SwiftCompile normal arm64 /Users/rogerlin/Library/Developer/Xcode/DerivedData/FinancialCalculatorKit-ackorybalcxbfocbkqsfdzcfkgmn/SourcePackages/checkouts/SwiftDraw/DOM/Sources/DOM.Image.swift (in target 'SwiftDrawDOM' from project 'SwiftDraw')
    cd /Users/rogerlin/XCode-Projects/FinancialCalculatorKit-5.0-updated-accent-colors/FinancialCalculatorKit.xcodeproj
    

SwiftCompile normal arm64 /Users/rogerlin/Library/Developer/Xcode/DerivedData/FinancialCalculatorKit-ackorybalcxbfocbkqsfdzcfkgmn/SourcePackages/checkouts/SwiftDraw/DOM/Sources/DOM.LinearGradient.swift (in target 'SwiftDrawDOM' from project 'SwiftDraw')
    cd /Users/rogerlin/XCode-Projects/FinancialCalculatorKit-5.0-updated-accent-colors/FinancialCalculatorKit.xcodeproj
    

SwiftCompile normal arm64 Compiling\ DOM.Path.swift,\ DOM.Pattern.swift,\ DOM.PresentationAttributes.swift /Users/rogerlin/Library/Developer/Xcode/DerivedData/FinancialCalculatorKit-ackorybalcxbfocbkqsfdzcfkgmn/SourcePackages/checkouts/SwiftDraw/DOM/Sources/DOM.Path.swift /Users/rogerlin/Library/Developer/Xcode/DerivedData/FinancialCalculatorKit-ackorybalcxbfocbkqsfdzcfkgmn/SourcePackages/checkouts/SwiftDraw/DOM/Sources/DOM.Pattern.swift /Users/rogerlin/Library/Developer/Xcode/DerivedData/FinancialCalculatorKit-ackorybalcxbfocbkqsfdzcfkgmn/SourcePackages/checkouts/SwiftDraw/DOM/Sources/DOM.PresentationAttributes.swift (in target 'SwiftDrawDOM' from project 'SwiftDraw')
/Applications/Xcode.app/Contents/Developer/Toolchains/XcodeDefault.xctoolchain/usr/bin/swift-frontend -frontend -c /Users/rogerlin/Library/Developer/Xcode/DerivedData/FinancialCalculatorKit-ackorybalcxbfocbkqsfdzcfkgmn/SourcePackages/checkouts/SwiftDraw/DOM/Sources/DOM+Extensions.swift /Users/rogerlin/Library/Developer/Xcode/DerivedData/FinancialCalculatorKit-ackorybalcxbfocbkqsfdzcfkgmn/SourcePackages/checkouts/SwiftDraw/DOM/Sources/DOM.Color.swift /Users/rogerlin/Library/Developer/Xcode/DerivedData/FinancialCalculatorKit-ackorybalcxbfocbkqsfdzcfkgmn/SourcePackages/checkouts/SwiftDraw/DOM/Sources/DOM.Element.swift /Users/rogerlin/Library/Developer/Xcode/DerivedData/FinancialCalculatorKit-ackorybalcxbfocbkqsfdzcfkgmn/SourcePackages/checkouts/SwiftDraw/DOM/Sources/DOM.Filter.swift /Users/rogerlin/Library/Developer/Xcode/DerivedData/FinancialCalculatorKit-ackorybalcxbfocbkqsfdzcfkgmn/SourcePackages/checkouts/SwiftDraw/DOM/Sources/DOM.Image.swift /Users/rogerlin/Library/Developer/Xcode/DerivedData/FinancialCalculatorKit-ackorybalcxbfocbkqsfdzcfkgmn/SourcePackages/checkouts/SwiftDraw/DOM/Sources/DOM.LinearGradient.swift -primary-file /Users/rogerlin/Library/Developer/Xcode/DerivedData/FinancialCalculatorKit-ackorybalcxbfocbkqsfdzcfkgmn/SourcePackages/checkouts/SwiftDraw/DOM/Sources/DOM.Path.swift -primary-file /Users/rogerlin/Library/Developer/Xcode/DerivedData/FinancialCalculatorKit-ackorybalcxbfocbkqsfdzcfkgmn/SourcePackages/checkouts/SwiftDraw/DOM/Sources/DOM.Pattern.swift -primary-file /Users/rogerlin/Library/Developer/Xcode/DerivedData/FinancialCalculatorKit-ackorybalcxbfocbkqsfdzcfkgmn/SourcePackages/checkouts/SwiftDraw/DOM/Sources/DOM.PresentationAttributes.swift /Users/rogerlin/Library/Developer/Xcode/DerivedData/FinancialCalculatorKit-ackorybalcxbfocbkqsfdzcfkgmn/SourcePackages/checkouts/SwiftDraw/DOM/Sources/DOM.RadialGradient.swift /Users/rogerlin/Library/Developer/Xcode/DerivedData/FinancialCalculatorKit-ackorybalcxbfocbkqsfdzcfkgmn/SourcePackages/checkouts/SwiftDraw/DOM/Sources/DOM.SVG+Parse.swift /Users/rogerlin/Library/Developer/Xcode/DerivedData/FinancialCalculatorKit-ackorybalcxbfocbkqsfdzcfkgmn/SourcePackages/checkouts/SwiftDraw/DOM/Sources/DOM.SVG.swift /Users/rogerlin/Library/Developer/Xcode/DerivedData/FinancialCalculatorKit-ackorybalcxbfocbkqsfdzcfkgmn/SourcePackages/checkouts/SwiftDraw/DOM/Sources/DOM.Switch.swift /Users/rogerlin/Library/Developer/Xcode/DerivedData/FinancialCalculatorKit-ackorybalcxbfocbkqsfdzcfkgmn/SourcePackages/checkouts/SwiftDraw/DOM/Sources/DOM.Text.swift /Users/rogerlin/Library/Developer/Xcode/DerivedData/FinancialCalculatorKit-ackorybalcxbfocbkqsfdzcfkgmn/SourcePackages/checkouts/SwiftDraw/DOM/Sources/DOM.Use.swift /Users/rogerlin/Library/Developer/Xcode/DerivedData/FinancialCalculatorKit-ackorybalcxbfocbkqsfdzcfkgmn/SourcePackages/checkouts/SwiftDraw/DOM/Sources/DOM.swift /Users/rogerlin/Library/Developer/Xcode/DerivedData/FinancialCalculatorKit-ackorybalcxbfocbkqsfdzcfkgmn/SourcePackages/checkouts/SwiftDraw/DOM/Sources/Parser.XML.Attributes.swift /Users/rogerlin/Library/Developer/Xcode/DerivedData/FinancialCalculatorKit-ackorybalcxbfocbkqsfdzcfkgmn/SourcePackages/checkouts/SwiftDraw/DOM/Sources/Parser.XML.Color.swift /Users/rogerlin/Library/Developer/Xcode/DerivedData/FinancialCalculatorKit-ackorybalcxbfocbkqsfdzcfkgmn/SourcePackages/checkouts/SwiftDraw/DOM/Sources/Parser.XML.Element.swift /Users/rogerlin/Library/Developer/Xcode/DerivedData/FinancialCalculatorKit-ackorybalcxbfocbkqsfdzcfkgmn/SourcePackages/checkouts/SwiftDraw/DOM/Sources/Parser.XML.Filter.swift /Users/rogerlin/Library/Developer/Xcode/DerivedData/FinancialCalculatorKit-ackorybalcxbfocbkqsfdzcfkgmn/SourcePackages/checkouts/SwiftDraw/DOM/Sources/Parser.XML.Image.swift /Users/rogerlin/Library/Developer/Xcode/DerivedData/FinancialCalculatorKit-ackorybalcxbfocbkqsfdzcfkgmn/SourcePackages/checkouts/SwiftDraw/DOM/Sources/Parser.XML.LinearGradient.swift /Users/rogerlin/Library/Developer/Xcode/DerivedData/FinancialCalculatorKit-ackorybalcxbfocbkqsfdzcfkgmn/SourcePackages/checkouts/SwiftDraw/DOM/Sources/Parser.XML.Path.swift /Users/rogerlin/Library/Developer/Xcode/DerivedData/FinancialCalculatorKit-ackorybalcxbfocbkqsfdzcfkgmn/SourcePackages/checkouts/SwiftDraw/DOM/Sources/Parser.XML.Pattern.swift /Users/rogerlin/Library/Developer/Xcode/DerivedData/FinancialCalculatorKit-ackorybalcxbfocbkqsfdzcfkgmn/SourcePackages/checkouts/SwiftDraw/DOM/Sources/Parser.XML.RadialGradient.swift /Users/rogerlin/Library/Developer/Xcode/DerivedData/FinancialCalculatorKit-ackorybalcxbfocbkqsfdzcfkgmn/SourcePackages/checkouts/SwiftDraw/DOM/Sources/Parser.XML.SVG.swift /Users/rogerlin/Library/Developer/Xcode/DerivedData/FinancialCalculatorKit-ackorybalcxbfocbkqsfdzcfkgmn/SourcePackages/checkouts/SwiftDraw/DOM/Sources/Parser.XML.Scanner.swift /Users/rogerlin/Library/Developer/Xcode/DerivedData/FinancialCalculatorKit-ackorybalcxbfocbkqsfdzcfkgmn/SourcePackages/checkouts/SwiftDraw/DOM/Sources/Parser.XML.StyleSheet.swift /Users/rogerlin/Library/Developer/Xcode/DerivedData/FinancialCalculatorKit-ackorybalcxbfocbkqsfdzcfkgmn/SourcePackages/checkouts/SwiftDraw/DOM/Sources/Parser.XML.Text.swift /Users/rogerlin/Library/Developer/Xcode/DerivedData/FinancialCalculatorKit-ackorybalcxbfocbkqsfdzcfkgmn/SourcePackages/checkouts/SwiftDraw/DOM/Sources/Parser.XML.Transform.swift /Users/rogerlin/Library/Developer/Xcode/DerivedData/FinancialCalculatorKit-ackorybalcxbfocbkqsfdzcfkgmn/SourcePackages/checkouts/SwiftDraw/DOM/Sources/Parser.XML.Use.swift /Users/rogerlin/Library/Developer/Xcode/DerivedData/FinancialCalculatorKit-ackorybalcxbfocbkqsfdzcfkgmn/SourcePackages/checkouts/SwiftDraw/DOM/Sources/Parser.XML.swift /Users/rogerlin/Library/Developer/Xcode/DerivedData/FinancialCalculatorKit-ackorybalcxbfocbkqsfdzcfkgmn/SourcePackages/checkouts/SwiftDraw/DOM/Sources/TextOutputStream+StandardError.swift /Users/rogerlin/Library/Developer/Xcode/DerivedData/FinancialCalculatorKit-ackorybalcxbfocbkqsfdzcfkgmn/SourcePackages/checkouts/SwiftDraw/DOM/Sources/URL+Data.swift /Users/rogerlin/Library/Developer/Xcode/DerivedData/FinancialCalculatorKit-ackorybalcxbfocbkqsfdzcfkgmn/SourcePackages/checkouts/SwiftDraw/DOM/Sources/URL+Fragment.swift /Users/rogerlin/Library/Developer/Xcode/DerivedData/FinancialCalculatorKit-ackorybalcxbfocbkqsfdzcfkgmn/SourcePackages/checkouts/SwiftDraw/DOM/Sources/XML.Element.swift /Users/rogerlin/Library/Developer/Xcode/DerivedData/FinancialCalculatorKit-ackorybalcxbfocbkqsfdzcfkgmn/SourcePackages/checkouts/SwiftDraw/DOM/Sources/XML.SAXParser.swift -supplementary-output-file-map /Users/rogerlin/Library/Developer/Xcode/DerivedData/FinancialCalculatorKit-ackorybalcxbfocbkqsfdzcfkgmn/Build/Intermediates.noindex/SwiftDraw.build/Debug/SwiftDrawDOM.build/Objects-normal/arm64/supplementaryOutputs-3 -target arm64-apple-macos10.15 -module-can-import-version Darwin 347.40.2 0 -load-resolved-plugin /Applications/Xcode.app/Contents/Developer/Platforms/MacOSX.platform/Developer/usr/lib/swift/host/plugins/libFoundationMacros.dylib\#/Applications/Xcode.app/Contents/Developer/Platforms/MacOSX.platform/Developer/usr/bin/swift-plugin-server\#FoundationMacros -load-resolved-plugin /Applications/Xcode.app/Contents/Developer/Platforms/MacOSX.platform/Developer/usr/lib/swift/host/plugins/libObservationMacros.dylib\#/Applications/Xcode.app/Contents/Developer/Platforms/MacOSX.platform/Developer/usr/bin/swift-plugin-server\#ObservationMacros -load-resolved-plugin /Applications/Xcode.app/Contents/Developer/Platforms/MacOSX.platform/Developer/usr/lib/swift/host/plugins/libSwiftMacros.dylib\#/Applications/Xcode.app/Contents/Developer/Platforms/MacOSX.platform/Developer/usr/bin/swift-plugin-server\#SwiftMacros -disable-implicit-swift-modules -Xcc -fno-implicit-modules -Xcc -fno-implicit-module-maps -explicit-swift-module-map-file /Users/rogerlin/Library/Developer/Xcode/DerivedData/FinancialCalculatorKit-ackorybalcxbfocbkqsfdzcfkgmn/Build/Intermediates.noindex/SwiftDraw.build/Debug/SwiftDrawDOM.build/Objects-normal/arm64/SwiftDrawDOM-dependencies-1.json -Xllvm -aarch64-use-tbi -enable-objc-interop -stack-check -sdk /Applications/Xcode.app/Contents/Developer/Platforms/MacOSX.platform/Developer/SDKs/MacOSX26.1.sdk -I /Users/rogerlin/Library/Developer/Xcode/DerivedData/FinancialCalculatorKit-ackorybalcxbfocbkqsfdzcfkgmn/Build/Products/Debug -Isystem /Applications/Xcode.app/Contents/Developer/Platforms/MacOSX.platform/Developer/usr/lib -F /Users/rogerlin/Library/Developer/Xcode/DerivedData/FinancialCalculatorKit-ackorybalcxbfocbkqsfdzcfkgmn/Build/Products/Debug -F /Applications/Xcode.app/Contents/Developer/Platforms/MacOSX.platform/Developer/Library/Frameworks -no-color-diagnostics -Xcc -fno-color-diagnostics -enable-testing -g -debug-info-format\=dwarf -dwarf-version\=4 -module-cache-path /Users/rogerlin/Library/Developer/Xcode/DerivedData/FinancialCalculatorKit-ackorybalcxbfocbkqsfdzcfkgmn/Build/Intermediates.noindex/SwiftExplicitPrecompiledModules -suppress-warnings -profile-generate -profile-coverage-mapping -swift-version 6 -enforce-exclusivity\=checked -Onone -D SWIFT_PACKAGE -D DEBUG -D SWIFT_MODULE_RESOURCE_BUNDLE_UNAVAILABLE -D Xcode -serialize-debugging-options -const-gather-protocols-file /Users/rogerlin/Library/Developer/Xcode/DerivedData/FinancialCalculatorKit-ackorybalcxbfocbkqsfdzcfkgmn/Build/Intermediates.noindex/SwiftDraw.build/Debug/SwiftDrawDOM.build/Objects-normal/arm64/SwiftDrawDOM_const_extract_protocols.json -enable-experimental-feature DebugDescriptionMacro -empty-abi-descriptor -user-module-version 0.22.0 -validate-clang-modules-once -clang-build-session-file /Users/rogerlin/Library/Developer/Xcode/DerivedData/ModuleCache.noindex/Session.modulevalidation -Xcc -working-directory -Xcc /Users/rogerlin/XCode-Projects/FinancialCalculatorKit-5.0-updated-accent-colors/FinancialCalculatorKit.xcodeproj -enable-anonymous-context-mangled-names -file-compilation-dir /Users/rogerlin/XCode-Projects/FinancialCalculatorKit-5.0-updated-accent-colors/FinancialCalculatorKit.xcodeproj -Xcc -D_LIBCPP_HARDENING_MODE\=_LIBCPP_HARDENING_MODE_DEBUG -Xcc -ivfsstatcache -Xcc /Users/rogerlin/Library/Developer/Xcode/DerivedData/SDKStatCaches.noindex/macosx26.1-25B74-3ae1261907bdadc328169391a47051a6.sdkstatcache -Xcc -I/Users/rogerlin/Library/Developer/Xcode/DerivedData/FinancialCalculatorKit-ackorybalcxbfocbkqsfdzcfkgmn/Build/Intermediates.noindex/SwiftDraw.build/Debug/SwiftDrawDOM.build/swift-overrides.hmap -Xcc -I/Users/rogerlin/Library/Developer/Xcode/DerivedData/FinancialCalculatorKit-ackorybalcxbfocbkqsfdzcfkgmn/Build/Products/Debug/include -Xcc -I/Users/rogerlin/Library/Developer/Xcode/DerivedData/FinancialCalculatorKit-ackorybalcxbfocbkqsfdzcfkgmn/Build/Intermediates.noindex/SwiftDraw.build/Debug/SwiftDrawDOM.build/DerivedSources-normal/arm64 -Xcc -I/Users/rogerlin/Library/Developer/Xcode/DerivedData/FinancialCalculatorKit-ackorybalcxbfocbkqsfdzcfkgmn/Build/Intermediates.noindex/SwiftDraw.build/Debug/SwiftDrawDOM.build/DerivedSources/arm64 -Xcc -I/Users/rogerlin/Library/Developer/Xcode/DerivedData/FinancialCalculatorKit-ackorybalcxbfocbkqsfdzcfkgmn/Build/Intermediates.noindex/SwiftDraw.build/Debug/SwiftDrawDOM.build/DerivedSources -Xcc -DSWIFT_PACKAGE -Xcc -DDEBUG\=1 -no-auto-bridging-header-chaining -module-name SwiftDrawDOM -package-name swiftdraw -frontend-parseable-output -disable-clang-spi -target-sdk-version 26.1 -target-sdk-name macosx26.1 -clang-target arm64-apple-macos26.1 -in-process-plugin-server-path /Applications/Xcode.app/Contents/Developer/Toolchains/XcodeDefault.xctoolchain/usr/lib/swift/host/libSwiftInProcPluginServer.dylib -o /Users/rogerlin/Library/Developer/Xcode/DerivedData/FinancialCalculatorKit-ackorybalcxbfocbkqsfdzcfkgmn/Build/Intermediates.noindex/SwiftDraw.build/Debug/SwiftDrawDOM.build/Objects-normal/arm64/DOM.Path.o -o /Users/rogerlin/Library/Developer/Xcode/DerivedData/FinancialCalculatorKit-ackorybalcxbfocbkqsfdzcfkgmn/Build/Intermediates.noindex/SwiftDraw.build/Debug/SwiftDrawDOM.build/Objects-normal/arm64/DOM.Pattern.o -o /Users/rogerlin/Library/Developer/Xcode/DerivedData/FinancialCalculatorKit-ackorybalcxbfocbkqsfdzcfkgmn/Build/Intermediates.noindex/SwiftDraw.build/Debug/SwiftDrawDOM.build/Objects-normal/arm64/DOM.PresentationAttributes.o -index-unit-output-path /SwiftDraw.build/Debug/SwiftDrawDOM.build/Objects-normal/arm64/DOM.Path.o -index-unit-output-path /SwiftDraw.build/Debug/SwiftDrawDOM.build/Objects-normal/arm64/DOM.Pattern.o -index-unit-output-path /SwiftDraw.build/Debug/SwiftDrawDOM.build/Objects-normal/arm64/DOM.PresentationAttributes.o -index-store-path /Users/rogerlin/Library/Developer/Xcode/DerivedData/FinancialCalculatorKit-ackorybalcxbfocbkqsfdzcfkgmn/Index.noindex/DataStore -index-system-modules

SwiftCompile normal arm64 /Users/rogerlin/Library/Developer/Xcode/DerivedData/FinancialCalculatorKit-ackorybalcxbfocbkqsfdzcfkgmn/SourcePackages/checkouts/SwiftDraw/DOM/Sources/DOM.Path.swift (in target 'SwiftDrawDOM' from project 'SwiftDraw')
    cd /Users/rogerlin/XCode-Projects/FinancialCalculatorKit-5.0-updated-accent-colors/FinancialCalculatorKit.xcodeproj
    

SwiftCompile normal arm64 /Users/rogerlin/Library/Developer/Xcode/DerivedData/FinancialCalculatorKit-ackorybalcxbfocbkqsfdzcfkgmn/SourcePackages/checkouts/SwiftDraw/DOM/Sources/DOM.Pattern.swift (in target 'SwiftDrawDOM' from project 'SwiftDraw')
    cd /Users/rogerlin/XCode-Projects/FinancialCalculatorKit-5.0-updated-accent-colors/FinancialCalculatorKit.xcodeproj
    

SwiftCompile normal arm64 /Users/rogerlin/Library/Developer/Xcode/DerivedData/FinancialCalculatorKit-ackorybalcxbfocbkqsfdzcfkgmn/SourcePackages/checkouts/SwiftDraw/DOM/Sources/DOM.PresentationAttributes.swift (in target 'SwiftDrawDOM' from project 'SwiftDraw')
    cd /Users/rogerlin/XCode-Projects/FinancialCalculatorKit-5.0-updated-accent-colors/FinancialCalculatorKit.xcodeproj
    

SwiftCompile normal arm64 Compiling\ DOM.swift,\ Parser.XML.Attributes.swift /Users/rogerlin/Library/Developer/Xcode/DerivedData/FinancialCalculatorKit-ackorybalcxbfocbkqsfdzcfkgmn/SourcePackages/checkouts/SwiftDraw/DOM/Sources/DOM.swift /Users/rogerlin/Library/Developer/Xcode/DerivedData/FinancialCalculatorKit-ackorybalcxbfocbkqsfdzcfkgmn/SourcePackages/checkouts/SwiftDraw/DOM/Sources/Parser.XML.Attributes.swift (in target 'SwiftDrawDOM' from project 'SwiftDraw')
/Applications/Xcode.app/Contents/Developer/Toolchains/XcodeDefault.xctoolchain/usr/bin/swift-frontend -frontend -c /Users/rogerlin/Library/Developer/Xcode/DerivedData/FinancialCalculatorKit-ackorybalcxbfocbkqsfdzcfkgmn/SourcePackages/checkouts/SwiftDraw/DOM/Sources/DOM+Extensions.swift /Users/rogerlin/Library/Developer/Xcode/DerivedData/FinancialCalculatorKit-ackorybalcxbfocbkqsfdzcfkgmn/SourcePackages/checkouts/SwiftDraw/DOM/Sources/DOM.Color.swift /Users/rogerlin/Library/Developer/Xcode/DerivedData/FinancialCalculatorKit-ackorybalcxbfocbkqsfdzcfkgmn/SourcePackages/checkouts/SwiftDraw/DOM/Sources/DOM.Element.swift /Users/rogerlin/Library/Developer/Xcode/DerivedData/FinancialCalculatorKit-ackorybalcxbfocbkqsfdzcfkgmn/SourcePackages/checkouts/SwiftDraw/DOM/Sources/DOM.Filter.swift /Users/rogerlin/Library/Developer/Xcode/DerivedData/FinancialCalculatorKit-ackorybalcxbfocbkqsfdzcfkgmn/SourcePackages/checkouts/SwiftDraw/DOM/Sources/DOM.Image.swift /Users/rogerlin/Library/Developer/Xcode/DerivedData/FinancialCalculatorKit-ackorybalcxbfocbkqsfdzcfkgmn/SourcePackages/checkouts/SwiftDraw/DOM/Sources/DOM.LinearGradient.swift /Users/rogerlin/Library/Developer/Xcode/DerivedData/FinancialCalculatorKit-ackorybalcxbfocbkqsfdzcfkgmn/SourcePackages/checkouts/SwiftDraw/DOM/Sources/DOM.Path.swift /Users/rogerlin/Library/Developer/Xcode/DerivedData/FinancialCalculatorKit-ackorybalcxbfocbkqsfdzcfkgmn/SourcePackages/checkouts/SwiftDraw/DOM/Sources/DOM.Pattern.swift /Users/rogerlin/Library/Developer/Xcode/DerivedData/FinancialCalculatorKit-ackorybalcxbfocbkqsfdzcfkgmn/SourcePackages/checkouts/SwiftDraw/DOM/Sources/DOM.PresentationAttributes.swift /Users/rogerlin/Library/Developer/Xcode/DerivedData/FinancialCalculatorKit-ackorybalcxbfocbkqsfdzcfkgmn/SourcePackages/checkouts/SwiftDraw/DOM/Sources/DOM.RadialGradient.swift /Users/rogerlin/Library/Developer/Xcode/DerivedData/FinancialCalculatorKit-ackorybalcxbfocbkqsfdzcfkgmn/SourcePackages/checkouts/SwiftDraw/DOM/Sources/DOM.SVG+Parse.swift /Users/rogerlin/Library/Developer/Xcode/DerivedData/FinancialCalculatorKit-ackorybalcxbfocbkqsfdzcfkgmn/SourcePackages/checkouts/SwiftDraw/DOM/Sources/DOM.SVG.swift /Users/rogerlin/Library/Developer/Xcode/DerivedData/FinancialCalculatorKit-ackorybalcxbfocbkqsfdzcfkgmn/SourcePackages/checkouts/SwiftDraw/DOM/Sources/DOM.Switch.swift /Users/rogerlin/Library/Developer/Xcode/DerivedData/FinancialCalculatorKit-ackorybalcxbfocbkqsfdzcfkgmn/SourcePackages/checkouts/SwiftDraw/DOM/Sources/DOM.Text.swift /Users/rogerlin/Library/Developer/Xcode/DerivedData/FinancialCalculatorKit-ackorybalcxbfocbkqsfdzcfkgmn/SourcePackages/checkouts/SwiftDraw/DOM/Sources/DOM.Use.swift -primary-file /Users/rogerlin/Library/Developer/Xcode/DerivedData/FinancialCalculatorKit-ackorybalcxbfocbkqsfdzcfkgmn/SourcePackages/checkouts/SwiftDraw/DOM/Sources/DOM.swift -primary-file /Users/rogerlin/Library/Developer/Xcode/DerivedData/FinancialCalculatorKit-ackorybalcxbfocbkqsfdzcfkgmn/SourcePackages/checkouts/SwiftDraw/DOM/Sources/Parser.XML.Attributes.swift /Users/rogerlin/Library/Developer/Xcode/DerivedData/FinancialCalculatorKit-ackorybalcxbfocbkqsfdzcfkgmn/SourcePackages/checkouts/SwiftDraw/DOM/Sources/Parser.XML.Color.swift /Users/rogerlin/Library/Developer/Xcode/DerivedData/FinancialCalculatorKit-ackorybalcxbfocbkqsfdzcfkgmn/SourcePackages/checkouts/SwiftDraw/DOM/Sources/Parser.XML.Element.swift /Users/rogerlin/Library/Developer/Xcode/DerivedData/FinancialCalculatorKit-ackorybalcxbfocbkqsfdzcfkgmn/SourcePackages/checkouts/SwiftDraw/DOM/Sources/Parser.XML.Filter.swift /Users/rogerlin/Library/Developer/Xcode/DerivedData/FinancialCalculatorKit-ackorybalcxbfocbkqsfdzcfkgmn/SourcePackages/checkouts/SwiftDraw/DOM/Sources/Parser.XML.Image.swift /Users/rogerlin/Library/Developer/Xcode/DerivedData/FinancialCalculatorKit-ackorybalcxbfocbkqsfdzcfkgmn/SourcePackages/checkouts/SwiftDraw/DOM/Sources/Parser.XML.LinearGradient.swift /Users/rogerlin/Library/Developer/Xcode/DerivedData/FinancialCalculatorKit-ackorybalcxbfocbkqsfdzcfkgmn/SourcePackages/checkouts/SwiftDraw/DOM/Sources/Parser.XML.Path.swift /Users/rogerlin/Library/Developer/Xcode/DerivedData/FinancialCalculatorKit-ackorybalcxbfocbkqsfdzcfkgmn/SourcePackages/checkouts/SwiftDraw/DOM/Sources/Parser.XML.Pattern.swift /Users/rogerlin/Library/Developer/Xcode/DerivedData/FinancialCalculatorKit-ackorybalcxbfocbkqsfdzcfkgmn/SourcePackages/checkouts/SwiftDraw/DOM/Sources/Parser.XML.RadialGradient.swift /Users/rogerlin/Library/Developer/Xcode/DerivedData/FinancialCalculatorKit-ackorybalcxbfocbkqsfdzcfkgmn/SourcePackages/checkouts/SwiftDraw/DOM/Sources/Parser.XML.SVG.swift /Users/rogerlin/Library/Developer/Xcode/DerivedData/FinancialCalculatorKit-ackorybalcxbfocbkqsfdzcfkgmn/SourcePackages/checkouts/SwiftDraw/DOM/Sources/Parser.XML.Scanner.swift /Users/rogerlin/Library/Developer/Xcode/DerivedData/FinancialCalculatorKit-ackorybalcxbfocbkqsfdzcfkgmn/SourcePackages/checkouts/SwiftDraw/DOM/Sources/Parser.XML.StyleSheet.swift /Users/rogerlin/Library/Developer/Xcode/DerivedData/FinancialCalculatorKit-ackorybalcxbfocbkqsfdzcfkgmn/SourcePackages/checkouts/SwiftDraw/DOM/Sources/Parser.XML.Text.swift /Users/rogerlin/Library/Developer/Xcode/DerivedData/FinancialCalculatorKit-ackorybalcxbfocbkqsfdzcfkgmn/SourcePackages/checkouts/SwiftDraw/DOM/Sources/Parser.XML.Transform.swift /Users/rogerlin/Library/Developer/Xcode/DerivedData/FinancialCalculatorKit-ackorybalcxbfocbkqsfdzcfkgmn/SourcePackages/checkouts/SwiftDraw/DOM/Sources/Parser.XML.Use.swift /Users/rogerlin/Library/Developer/Xcode/DerivedData/FinancialCalculatorKit-ackorybalcxbfocbkqsfdzcfkgmn/SourcePackages/checkouts/SwiftDraw/DOM/Sources/Parser.XML.swift /Users/rogerlin/Library/Developer/Xcode/DerivedData/FinancialCalculatorKit-ackorybalcxbfocbkqsfdzcfkgmn/SourcePackages/checkouts/SwiftDraw/DOM/Sources/TextOutputStream+StandardError.swift /Users/rogerlin/Library/Developer/Xcode/DerivedData/FinancialCalculatorKit-ackorybalcxbfocbkqsfdzcfkgmn/SourcePackages/checkouts/SwiftDraw/DOM/Sources/URL+Data.swift /Users/rogerlin/Library/Developer/Xcode/DerivedData/FinancialCalculatorKit-ackorybalcxbfocbkqsfdzcfkgmn/SourcePackages/checkouts/SwiftDraw/DOM/Sources/URL+Fragment.swift /Users/rogerlin/Library/Developer/Xcode/DerivedData/FinancialCalculatorKit-ackorybalcxbfocbkqsfdzcfkgmn/SourcePackages/checkouts/SwiftDraw/DOM/Sources/XML.Element.swift /Users/rogerlin/Library/Developer/Xcode/DerivedData/FinancialCalculatorKit-ackorybalcxbfocbkqsfdzcfkgmn/SourcePackages/checkouts/SwiftDraw/DOM/Sources/XML.SAXParser.swift -emit-dependencies-path /Users/rogerlin/Library/Developer/Xcode/DerivedData/FinancialCalculatorKit-ackorybalcxbfocbkqsfdzcfkgmn/Build/Intermediates.noindex/SwiftDraw.build/Debug/SwiftDrawDOM.build/Objects-normal/arm64/DOM.d -emit-const-values-path /Users/rogerlin/Library/Developer/Xcode/DerivedData/FinancialCalculatorKit-ackorybalcxbfocbkqsfdzcfkgmn/Build/Intermediates.noindex/SwiftDraw.build/Debug/SwiftDrawDOM.build/Objects-normal/arm64/DOM.swiftconstvalues -emit-reference-dependencies-path /Users/rogerlin/Library/Developer/Xcode/DerivedData/FinancialCalculatorKit-ackorybalcxbfocbkqsfdzcfkgmn/Build/Intermediates.noindex/SwiftDraw.build/Debug/SwiftDrawDOM.build/Objects-normal/arm64/DOM.swiftdeps -serialize-diagnostics-path /Users/rogerlin/Library/Developer/Xcode/DerivedData/FinancialCalculatorKit-ackorybalcxbfocbkqsfdzcfkgmn/Build/Intermediates.noindex/SwiftDraw.build/Debug/SwiftDrawDOM.build/Objects-normal/arm64/DOM.dia -emit-dependencies-path /Users/rogerlin/Library/Developer/Xcode/DerivedData/FinancialCalculatorKit-ackorybalcxbfocbkqsfdzcfkgmn/Build/Intermediates.noindex/SwiftDraw.build/Debug/SwiftDrawDOM.build/Objects-normal/arm64/Parser.XML.Attributes.d -emit-const-values-path /Users/rogerlin/Library/Developer/Xcode/DerivedData/FinancialCalculatorKit-ackorybalcxbfocbkqsfdzcfkgmn/Build/Intermediates.noindex/SwiftDraw.build/Debug/SwiftDrawDOM.build/Objects-normal/arm64/Parser.XML.Attributes.swiftconstvalues -emit-reference-dependencies-path /Users/rogerlin/Library/Developer/Xcode/DerivedData/FinancialCalculatorKit-ackorybalcxbfocbkqsfdzcfkgmn/Build/Intermediates.noindex/SwiftDraw.build/Debug/SwiftDrawDOM.build/Objects-normal/arm64/Parser.XML.Attributes.swiftdeps -serialize-diagnostics-path /Users/rogerlin/Library/Developer/Xcode/DerivedData/FinancialCalculatorKit-ackorybalcxbfocbkqsfdzcfkgmn/Build/Intermediates.noindex/SwiftDraw.build/Debug/SwiftDrawDOM.build/Objects-normal/arm64/Parser.XML.Attributes.dia -target arm64-apple-macos10.15 -module-can-import-version Darwin 347.40.2 0 -load-resolved-plugin /Applications/Xcode.app/Contents/Developer/Platforms/MacOSX.platform/Developer/usr/lib/swift/host/plugins/libFoundationMacros.dylib\#/Applications/Xcode.app/Contents/Developer/Platforms/MacOSX.platform/Developer/usr/bin/swift-plugin-server\#FoundationMacros -load-resolved-plugin /Applications/Xcode.app/Contents/Developer/Platforms/MacOSX.platform/Developer/usr/lib/swift/host/plugins/libObservationMacros.dylib\#/Applications/Xcode.app/Contents/Developer/Platforms/MacOSX.platform/Developer/usr/bin/swift-plugin-server\#ObservationMacros -load-resolved-plugin /Applications/Xcode.app/Contents/Developer/Platforms/MacOSX.platform/Developer/usr/lib/swift/host/plugins/libSwiftMacros.dylib\#/Applications/Xcode.app/Contents/Developer/Platforms/MacOSX.platform/Developer/usr/bin/swift-plugin-server\#SwiftMacros -disable-implicit-swift-modules -Xcc -fno-implicit-modules -Xcc -fno-implicit-module-maps -explicit-swift-module-map-file /Users/rogerlin/Library/Developer/Xcode/DerivedData/FinancialCalculatorKit-ackorybalcxbfocbkqsfdzcfkgmn/Build/Intermediates.noindex/SwiftDraw.build/Debug/SwiftDrawDOM.build/Objects-normal/arm64/SwiftDrawDOM-dependencies-1.json -Xllvm -aarch64-use-tbi -enable-objc-interop -stack-check -sdk /Applications/Xcode.app/Contents/Developer/Platforms/MacOSX.platform/Developer/SDKs/MacOSX26.1.sdk -I /Users/rogerlin/Library/Developer/Xcode/DerivedData/FinancialCalculatorKit-ackorybalcxbfocbkqsfdzcfkgmn/Build/Products/Debug -Isystem /Applications/Xcode.app/Contents/Developer/Platforms/MacOSX.platform/Developer/usr/lib -F /Users/rogerlin/Library/Developer/Xcode/DerivedData/FinancialCalculatorKit-ackorybalcxbfocbkqsfdzcfkgmn/Build/Products/Debug -F /Applications/Xcode.app/Contents/Developer/Platforms/MacOSX.platform/Developer/Library/Frameworks -no-color-diagnostics -Xcc -fno-color-diagnostics -enable-testing -g -debug-info-format\=dwarf -dwarf-version\=4 -module-cache-path /Users/rogerlin/Library/Developer/Xcode/DerivedData/FinancialCalculatorKit-ackorybalcxbfocbkqsfdzcfkgmn/Build/Intermediates.noindex/SwiftExplicitPrecompiledModules -suppress-warnings -profile-generate -profile-coverage-mapping -swift-version 6 -enforce-exclusivity\=checked -Onone -D SWIFT_PACKAGE -D DEBUG -D SWIFT_MODULE_RESOURCE_BUNDLE_UNAVAILABLE -D Xcode -serialize-debugging-options -const-gather-protocols-file /Users/rogerlin/Library/Developer/Xcode/DerivedData/FinancialCalculatorKit-ackorybalcxbfocbkqsfdzcfkgmn/Build/Intermediates.noindex/SwiftDraw.build/Debug/SwiftDrawDOM.build/Objects-normal/arm64/SwiftDrawDOM_const_extract_protocols.json -enable-experimental-feature DebugDescriptionMacro -empty-abi-descriptor -user-module-version 0.22.0 -validate-clang-modules-once -clang-build-session-file /Users/rogerlin/Library/Developer/Xcode/DerivedData/ModuleCache.noindex/Session.modulevalidation -Xcc -working-directory -Xcc /Users/rogerlin/XCode-Projects/FinancialCalculatorKit-5.0-updated-accent-colors/FinancialCalculatorKit.xcodeproj -enable-anonymous-context-mangled-names -file-compilation-dir /Users/rogerlin/XCode-Projects/FinancialCalculatorKit-5.0-updated-accent-colors/FinancialCalculatorKit.xcodeproj -Xcc -D_LIBCPP_HARDENING_MODE\=_LIBCPP_HARDENING_MODE_DEBUG -Xcc -ivfsstatcache -Xcc /Users/rogerlin/Library/Developer/Xcode/DerivedData/SDKStatCaches.noindex/macosx26.1-25B74-3ae1261907bdadc328169391a47051a6.sdkstatcache -Xcc -I/Users/rogerlin/Library/Developer/Xcode/DerivedData/FinancialCalculatorKit-ackorybalcxbfocbkqsfdzcfkgmn/Build/Intermediates.noindex/SwiftDraw.build/Debug/SwiftDrawDOM.build/swift-overrides.hmap -Xcc -I/Users/rogerlin/Library/Developer/Xcode/DerivedData/FinancialCalculatorKit-ackorybalcxbfocbkqsfdzcfkgmn/Build/Products/Debug/include -Xcc -I/Users/rogerlin/Library/Developer/Xcode/DerivedData/FinancialCalculatorKit-ackorybalcxbfocbkqsfdzcfkgmn/Build/Intermediates.noindex/SwiftDraw.build/Debug/SwiftDrawDOM.build/DerivedSources-normal/arm64 -Xcc -I/Users/rogerlin/Library/Developer/Xcode/DerivedData/FinancialCalculatorKit-ackorybalcxbfocbkqsfdzcfkgmn/Build/Intermediates.noindex/SwiftDraw.build/Debug/SwiftDrawDOM.build/DerivedSources/arm64 -Xcc -I/Users/rogerlin/Library/Developer/Xcode/DerivedData/FinancialCalculatorKit-ackorybalcxbfocbkqsfdzcfkgmn/Build/Intermediates.noindex/SwiftDraw.build/Debug/SwiftDrawDOM.build/DerivedSources -Xcc -DSWIFT_PACKAGE -Xcc -DDEBUG\=1 -no-auto-bridging-header-chaining -module-name SwiftDrawDOM -package-name swiftdraw -frontend-parseable-output -disable-clang-spi -target-sdk-version 26.1 -target-sdk-name macosx26.1 -clang-target arm64-apple-macos26.1 -in-process-plugin-server-path /Applications/Xcode.app/Contents/Developer/Toolchains/XcodeDefault.xctoolchain/usr/lib/swift/host/libSwiftInProcPluginServer.dylib -o /Users/rogerlin/Library/Developer/Xcode/DerivedData/FinancialCalculatorKit-ackorybalcxbfocbkqsfdzcfkgmn/Build/Intermediates.noindex/SwiftDraw.build/Debug/SwiftDrawDOM.build/Objects-normal/arm64/DOM.o -o /Users/rogerlin/Library/Developer/Xcode/DerivedData/FinancialCalculatorKit-ackorybalcxbfocbkqsfdzcfkgmn/Build/Intermediates.noindex/SwiftDraw.build/Debug/SwiftDrawDOM.build/Objects-normal/arm64/Parser.XML.Attributes.o -index-unit-output-path /SwiftDraw.build/Debug/SwiftDrawDOM.build/Objects-normal/arm64/DOM.o -index-unit-output-path /SwiftDraw.build/Debug/SwiftDrawDOM.build/Objects-normal/arm64/Parser.XML.Attributes.o -index-store-path /Users/rogerlin/Library/Developer/Xcode/DerivedData/FinancialCalculatorKit-ackorybalcxbfocbkqsfdzcfkgmn/Index.noindex/DataStore -index-system-modules

SwiftCompile normal arm64 /Users/rogerlin/Library/Developer/Xcode/DerivedData/FinancialCalculatorKit-ackorybalcxbfocbkqsfdzcfkgmn/SourcePackages/checkouts/SwiftDraw/DOM/Sources/DOM.swift (in target 'SwiftDrawDOM' from project 'SwiftDraw')
    cd /Users/rogerlin/XCode-Projects/FinancialCalculatorKit-5.0-updated-accent-colors/FinancialCalculatorKit.xcodeproj
    

SwiftCompile normal arm64 /Users/rogerlin/Library/Developer/Xcode/DerivedData/FinancialCalculatorKit-ackorybalcxbfocbkqsfdzcfkgmn/SourcePackages/checkouts/SwiftDraw/DOM/Sources/Parser.XML.Attributes.swift (in target 'SwiftDrawDOM' from project 'SwiftDraw')
    cd /Users/rogerlin/XCode-Projects/FinancialCalculatorKit-5.0-updated-accent-colors/FinancialCalculatorKit.xcodeproj
    

SwiftCompile normal arm64 Compiling\ XML.Element.swift,\ XML.SAXParser.swift /Users/rogerlin/Library/Developer/Xcode/DerivedData/FinancialCalculatorKit-ackorybalcxbfocbkqsfdzcfkgmn/SourcePackages/checkouts/SwiftDraw/DOM/Sources/XML.Element.swift /Users/rogerlin/Library/Developer/Xcode/DerivedData/FinancialCalculatorKit-ackorybalcxbfocbkqsfdzcfkgmn/SourcePackages/checkouts/SwiftDraw/DOM/Sources/XML.SAXParser.swift (in target 'SwiftDrawDOM' from project 'SwiftDraw')
/Applications/Xcode.app/Contents/Developer/Toolchains/XcodeDefault.xctoolchain/usr/bin/swift-frontend -frontend -c /Users/rogerlin/Library/Developer/Xcode/DerivedData/FinancialCalculatorKit-ackorybalcxbfocbkqsfdzcfkgmn/SourcePackages/checkouts/SwiftDraw/DOM/Sources/DOM+Extensions.swift /Users/rogerlin/Library/Developer/Xcode/DerivedData/FinancialCalculatorKit-ackorybalcxbfocbkqsfdzcfkgmn/SourcePackages/checkouts/SwiftDraw/DOM/Sources/DOM.Color.swift /Users/rogerlin/Library/Developer/Xcode/DerivedData/FinancialCalculatorKit-ackorybalcxbfocbkqsfdzcfkgmn/SourcePackages/checkouts/SwiftDraw/DOM/Sources/DOM.Element.swift /Users/rogerlin/Library/Developer/Xcode/DerivedData/FinancialCalculatorKit-ackorybalcxbfocbkqsfdzcfkgmn/SourcePackages/checkouts/SwiftDraw/DOM/Sources/DOM.Filter.swift /Users/rogerlin/Library/Developer/Xcode/DerivedData/FinancialCalculatorKit-ackorybalcxbfocbkqsfdzcfkgmn/SourcePackages/checkouts/SwiftDraw/DOM/Sources/DOM.Image.swift /Users/rogerlin/Library/Developer/Xcode/DerivedData/FinancialCalculatorKit-ackorybalcxbfocbkqsfdzcfkgmn/SourcePackages/checkouts/SwiftDraw/DOM/Sources/DOM.LinearGradient.swift /Users/rogerlin/Library/Developer/Xcode/DerivedData/FinancialCalculatorKit-ackorybalcxbfocbkqsfdzcfkgmn/SourcePackages/checkouts/SwiftDraw/DOM/Sources/DOM.Path.swift /Users/rogerlin/Library/Developer/Xcode/DerivedData/FinancialCalculatorKit-ackorybalcxbfocbkqsfdzcfkgmn/SourcePackages/checkouts/SwiftDraw/DOM/Sources/DOM.Pattern.swift /Users/rogerlin/Library/Developer/Xcode/DerivedData/FinancialCalculatorKit-ackorybalcxbfocbkqsfdzcfkgmn/SourcePackages/checkouts/SwiftDraw/DOM/Sources/DOM.PresentationAttributes.swift /Users/rogerlin/Library/Developer/Xcode/DerivedData/FinancialCalculatorKit-ackorybalcxbfocbkqsfdzcfkgmn/SourcePackages/checkouts/SwiftDraw/DOM/Sources/DOM.RadialGradient.swift /Users/rogerlin/Library/Developer/Xcode/DerivedData/FinancialCalculatorKit-ackorybalcxbfocbkqsfdzcfkgmn/SourcePackages/checkouts/SwiftDraw/DOM/Sources/DOM.SVG+Parse.swift /Users/rogerlin/Library/Developer/Xcode/DerivedData/FinancialCalculatorKit-ackorybalcxbfocbkqsfdzcfkgmn/SourcePackages/checkouts/SwiftDraw/DOM/Sources/DOM.SVG.swift /Users/rogerlin/Library/Developer/Xcode/DerivedData/FinancialCalculatorKit-ackorybalcxbfocbkqsfdzcfkgmn/SourcePackages/checkouts/SwiftDraw/DOM/Sources/DOM.Switch.swift /Users/rogerlin/Library/Developer/Xcode/DerivedData/FinancialCalculatorKit-ackorybalcxbfocbkqsfdzcfkgmn/SourcePackages/checkouts/SwiftDraw/DOM/Sources/DOM.Text.swift /Users/rogerlin/Library/Developer/Xcode/DerivedData/FinancialCalculatorKit-ackorybalcxbfocbkqsfdzcfkgmn/SourcePackages/checkouts/SwiftDraw/DOM/Sources/DOM.Use.swift /Users/rogerlin/Library/Developer/Xcode/DerivedData/FinancialCalculatorKit-ackorybalcxbfocbkqsfdzcfkgmn/SourcePackages/checkouts/SwiftDraw/DOM/Sources/DOM.swift /Users/rogerlin/Library/Developer/Xcode/DerivedData/FinancialCalculatorKit-ackorybalcxbfocbkqsfdzcfkgmn/SourcePackages/checkouts/SwiftDraw/DOM/Sources/Parser.XML.Attributes.swift /Users/rogerlin/Library/Developer/Xcode/DerivedData/FinancialCalculatorKit-ackorybalcxbfocbkqsfdzcfkgmn/SourcePackages/checkouts/SwiftDraw/DOM/Sources/Parser.XML.Color.swift /Users/rogerlin/Library/Developer/Xcode/DerivedData/FinancialCalculatorKit-ackorybalcxbfocbkqsfdzcfkgmn/SourcePackages/checkouts/SwiftDraw/DOM/Sources/Parser.XML.Element.swift /Users/rogerlin/Library/Developer/Xcode/DerivedData/FinancialCalculatorKit-ackorybalcxbfocbkqsfdzcfkgmn/SourcePackages/checkouts/SwiftDraw/DOM/Sources/Parser.XML.Filter.swift /Users/rogerlin/Library/Developer/Xcode/DerivedData/FinancialCalculatorKit-ackorybalcxbfocbkqsfdzcfkgmn/SourcePackages/checkouts/SwiftDraw/DOM/Sources/Parser.XML.Image.swift /Users/rogerlin/Library/Developer/Xcode/DerivedData/FinancialCalculatorKit-ackorybalcxbfocbkqsfdzcfkgmn/SourcePackages/checkouts/SwiftDraw/DOM/Sources/Parser.XML.LinearGradient.swift /Users/rogerlin/Library/Developer/Xcode/DerivedData/FinancialCalculatorKit-ackorybalcxbfocbkqsfdzcfkgmn/SourcePackages/checkouts/SwiftDraw/DOM/Sources/Parser.XML.Path.swift /Users/rogerlin/Library/Developer/Xcode/DerivedData/FinancialCalculatorKit-ackorybalcxbfocbkqsfdzcfkgmn/SourcePackages/checkouts/SwiftDraw/DOM/Sources/Parser.XML.Pattern.swift /Users/rogerlin/Library/Developer/Xcode/DerivedData/FinancialCalculatorKit-ackorybalcxbfocbkqsfdzcfkgmn/SourcePackages/checkouts/SwiftDraw/DOM/Sources/Parser.XML.RadialGradient.swift /Users/rogerlin/Library/Developer/Xcode/DerivedData/FinancialCalculatorKit-ackorybalcxbfocbkqsfdzcfkgmn/SourcePackages/checkouts/SwiftDraw/DOM/Sources/Parser.XML.SVG.swift /Users/rogerlin/Library/Developer/Xcode/DerivedData/FinancialCalculatorKit-ackorybalcxbfocbkqsfdzcfkgmn/SourcePackages/checkouts/SwiftDraw/DOM/Sources/Parser.XML.Scanner.swift /Users/rogerlin/Library/Developer/Xcode/DerivedData/FinancialCalculatorKit-ackorybalcxbfocbkqsfdzcfkgmn/SourcePackages/checkouts/SwiftDraw/DOM/Sources/Parser.XML.StyleSheet.swift /Users/rogerlin/Library/Developer/Xcode/DerivedData/FinancialCalculatorKit-ackorybalcxbfocbkqsfdzcfkgmn/SourcePackages/checkouts/SwiftDraw/DOM/Sources/Parser.XML.Text.swift /Users/rogerlin/Library/Developer/Xcode/DerivedData/FinancialCalculatorKit-ackorybalcxbfocbkqsfdzcfkgmn/SourcePackages/checkouts/SwiftDraw/DOM/Sources/Parser.XML.Transform.swift /Users/rogerlin/Library/Developer/Xcode/DerivedData/FinancialCalculatorKit-ackorybalcxbfocbkqsfdzcfkgmn/SourcePackages/checkouts/SwiftDraw/DOM/Sources/Parser.XML.Use.swift /Users/rogerlin/Library/Developer/Xcode/DerivedData/FinancialCalculatorKit-ackorybalcxbfocbkqsfdzcfkgmn/SourcePackages/checkouts/SwiftDraw/DOM/Sources/Parser.XML.swift /Users/rogerlin/Library/Developer/Xcode/DerivedData/FinancialCalculatorKit-ackorybalcxbfocbkqsfdzcfkgmn/SourcePackages/checkouts/SwiftDraw/DOM/Sources/TextOutputStream+StandardError.swift /Users/rogerlin/Library/Developer/Xcode/DerivedData/FinancialCalculatorKit-ackorybalcxbfocbkqsfdzcfkgmn/SourcePackages/checkouts/SwiftDraw/DOM/Sources/URL+Data.swift /Users/rogerlin/Library/Developer/Xcode/DerivedData/FinancialCalculatorKit-ackorybalcxbfocbkqsfdzcfkgmn/SourcePackages/checkouts/SwiftDraw/DOM/Sources/URL+Fragment.swift -primary-file /Users/rogerlin/Library/Developer/Xcode/DerivedData/FinancialCalculatorKit-ackorybalcxbfocbkqsfdzcfkgmn/SourcePackages/checkouts/SwiftDraw/DOM/Sources/XML.Element.swift -primary-file /Users/rogerlin/Library/Developer/Xcode/DerivedData/FinancialCalculatorKit-ackorybalcxbfocbkqsfdzcfkgmn/SourcePackages/checkouts/SwiftDraw/DOM/Sources/XML.SAXParser.swift -emit-dependencies-path /Users/rogerlin/Library/Developer/Xcode/DerivedData/FinancialCalculatorKit-ackorybalcxbfocbkqsfdzcfkgmn/Build/Intermediates.noindex/SwiftDraw.build/Debug/SwiftDrawDOM.build/Objects-normal/arm64/XML.Element.d -emit-const-values-path /Users/rogerlin/Library/Developer/Xcode/DerivedData/FinancialCalculatorKit-ackorybalcxbfocbkqsfdzcfkgmn/Build/Intermediates.noindex/SwiftDraw.build/Debug/SwiftDrawDOM.build/Objects-normal/arm64/XML.Element.swiftconstvalues -emit-reference-dependencies-path /Users/rogerlin/Library/Developer/Xcode/DerivedData/FinancialCalculatorKit-ackorybalcxbfocbkqsfdzcfkgmn/Build/Intermediates.noindex/SwiftDraw.build/Debug/SwiftDrawDOM.build/Objects-normal/arm64/XML.Element.swiftdeps -serialize-diagnostics-path /Users/rogerlin/Library/Developer/Xcode/DerivedData/FinancialCalculatorKit-ackorybalcxbfocbkqsfdzcfkgmn/Build/Intermediates.noindex/SwiftDraw.build/Debug/SwiftDrawDOM.build/Objects-normal/arm64/XML.Element.dia -emit-dependencies-path /Users/rogerlin/Library/Developer/Xcode/DerivedData/FinancialCalculatorKit-ackorybalcxbfocbkqsfdzcfkgmn/Build/Intermediates.noindex/SwiftDraw.build/Debug/SwiftDrawDOM.build/Objects-normal/arm64/XML.SAXParser.d -emit-const-values-path /Users/rogerlin/Library/Developer/Xcode/DerivedData/FinancialCalculatorKit-ackorybalcxbfocbkqsfdzcfkgmn/Build/Intermediates.noindex/SwiftDraw.build/Debug/SwiftDrawDOM.build/Objects-normal/arm64/XML.SAXParser.swiftconstvalues -emit-reference-dependencies-path /Users/rogerlin/Library/Developer/Xcode/DerivedData/FinancialCalculatorKit-ackorybalcxbfocbkqsfdzcfkgmn/Build/Intermediates.noindex/SwiftDraw.build/Debug/SwiftDrawDOM.build/Objects-normal/arm64/XML.SAXParser.swiftdeps -serialize-diagnostics-path /Users/rogerlin/Library/Developer/Xcode/DerivedData/FinancialCalculatorKit-ackorybalcxbfocbkqsfdzcfkgmn/Build/Intermediates.noindex/SwiftDraw.build/Debug/SwiftDrawDOM.build/Objects-normal/arm64/XML.SAXParser.dia -target arm64-apple-macos10.15 -module-can-import-version Darwin 347.40.2 0 -load-resolved-plugin /Applications/Xcode.app/Contents/Developer/Platforms/MacOSX.platform/Developer/usr/lib/swift/host/plugins/libFoundationMacros.dylib\#/Applications/Xcode.app/Contents/Developer/Platforms/MacOSX.platform/Developer/usr/bin/swift-plugin-server\#FoundationMacros -load-resolved-plugin /Applications/Xcode.app/Contents/Developer/Platforms/MacOSX.platform/Developer/usr/lib/swift/host/plugins/libObservationMacros.dylib\#/Applications/Xcode.app/Contents/Developer/Platforms/MacOSX.platform/Developer/usr/bin/swift-plugin-server\#ObservationMacros -load-resolved-plugin /Applications/Xcode.app/Contents/Developer/Platforms/MacOSX.platform/Developer/usr/lib/swift/host/plugins/libSwiftMacros.dylib\#/Applications/Xcode.app/Contents/Developer/Platforms/MacOSX.platform/Developer/usr/bin/swift-plugin-server\#SwiftMacros -disable-implicit-swift-modules -Xcc -fno-implicit-modules -Xcc -fno-implicit-module-maps -explicit-swift-module-map-file /Users/rogerlin/Library/Developer/Xcode/DerivedData/FinancialCalculatorKit-ackorybalcxbfocbkqsfdzcfkgmn/Build/Intermediates.noindex/SwiftDraw.build/Debug/SwiftDrawDOM.build/Objects-normal/arm64/SwiftDrawDOM-dependencies-1.json -Xllvm -aarch64-use-tbi -enable-objc-interop -stack-check -sdk /Applications/Xcode.app/Contents/Developer/Platforms/MacOSX.platform/Developer/SDKs/MacOSX26.1.sdk -I /Users/rogerlin/Library/Developer/Xcode/DerivedData/FinancialCalculatorKit-ackorybalcxbfocbkqsfdzcfkgmn/Build/Products/Debug -Isystem /Applications/Xcode.app/Contents/Developer/Platforms/MacOSX.platform/Developer/usr/lib -F /Users/rogerlin/Library/Developer/Xcode/DerivedData/FinancialCalculatorKit-ackorybalcxbfocbkqsfdzcfkgmn/Build/Products/Debug -F /Applications/Xcode.app/Contents/Developer/Platforms/MacOSX.platform/Developer/Library/Frameworks -no-color-diagnostics -Xcc -fno-color-diagnostics -enable-testing -g -debug-info-format\=dwarf -dwarf-version\=4 -module-cache-path /Users/rogerlin/Library/Developer/Xcode/DerivedData/FinancialCalculatorKit-ackorybalcxbfocbkqsfdzcfkgmn/Build/Intermediates.noindex/SwiftExplicitPrecompiledModules -suppress-warnings -profile-generate -profile-coverage-mapping -swift-version 6 -enforce-exclusivity\=checked -Onone -D SWIFT_PACKAGE -D DEBUG -D SWIFT_MODULE_RESOURCE_BUNDLE_UNAVAILABLE -D Xcode -serialize-debugging-options -const-gather-protocols-file /Users/rogerlin/Library/Developer/Xcode/DerivedData/FinancialCalculatorKit-ackorybalcxbfocbkqsfdzcfkgmn/Build/Intermediates.noindex/SwiftDraw.build/Debug/SwiftDrawDOM.build/Objects-normal/arm64/SwiftDrawDOM_const_extract_protocols.json -enable-experimental-feature DebugDescriptionMacro -empty-abi-descriptor -user-module-version 0.22.0 -validate-clang-modules-once -clang-build-session-file /Users/rogerlin/Library/Developer/Xcode/DerivedData/ModuleCache.noindex/Session.modulevalidation -Xcc -working-directory -Xcc /Users/rogerlin/XCode-Projects/FinancialCalculatorKit-5.0-updated-accent-colors/FinancialCalculatorKit.xcodeproj -enable-anonymous-context-mangled-names -file-compilation-dir /Users/rogerlin/XCode-Projects/FinancialCalculatorKit-5.0-updated-accent-colors/FinancialCalculatorKit.xcodeproj -Xcc -D_LIBCPP_HARDENING_MODE\=_LIBCPP_HARDENING_MODE_DEBUG -Xcc -ivfsstatcache -Xcc /Users/rogerlin/Library/Developer/Xcode/DerivedData/SDKStatCaches.noindex/macosx26.1-25B74-3ae1261907bdadc328169391a47051a6.sdkstatcache -Xcc -I/Users/rogerlin/Library/Developer/Xcode/DerivedData/FinancialCalculatorKit-ackorybalcxbfocbkqsfdzcfkgmn/Build/Intermediates.noindex/SwiftDraw.build/Debug/SwiftDrawDOM.build/swift-overrides.hmap -Xcc -I/Users/rogerlin/Library/Developer/Xcode/DerivedData/FinancialCalculatorKit-ackorybalcxbfocbkqsfdzcfkgmn/Build/Products/Debug/include -Xcc -I/Users/rogerlin/Library/Developer/Xcode/DerivedData/FinancialCalculatorKit-ackorybalcxbfocbkqsfdzcfkgmn/Build/Intermediates.noindex/SwiftDraw.build/Debug/SwiftDrawDOM.build/DerivedSources-normal/arm64 -Xcc -I/Users/rogerlin/Library/Developer/Xcode/DerivedData/FinancialCalculatorKit-ackorybalcxbfocbkqsfdzcfkgmn/Build/Intermediates.noindex/SwiftDraw.build/Debug/SwiftDrawDOM.build/DerivedSources/arm64 -Xcc -I/Users/rogerlin/Library/Developer/Xcode/DerivedData/FinancialCalculatorKit-ackorybalcxbfocbkqsfdzcfkgmn/Build/Intermediates.noindex/SwiftDraw.build/Debug/SwiftDrawDOM.build/DerivedSources -Xcc -DSWIFT_PACKAGE -Xcc -DDEBUG\=1 -no-auto-bridging-header-chaining -module-name SwiftDrawDOM -package-name swiftdraw -frontend-parseable-output -disable-clang-spi -target-sdk-version 26.1 -target-sdk-name macosx26.1 -clang-target arm64-apple-macos26.1 -in-process-plugin-server-path /Applications/Xcode.app/Contents/Developer/Toolchains/XcodeDefault.xctoolchain/usr/lib/swift/host/libSwiftInProcPluginServer.dylib -o /Users/rogerlin/Library/Developer/Xcode/DerivedData/FinancialCalculatorKit-ackorybalcxbfocbkqsfdzcfkgmn/Build/Intermediates.noindex/SwiftDraw.build/Debug/SwiftDrawDOM.build/Objects-normal/arm64/XML.Element.o -o /Users/rogerlin/Library/Developer/Xcode/DerivedData/FinancialCalculatorKit-ackorybalcxbfocbkqsfdzcfkgmn/Build/Intermediates.noindex/SwiftDraw.build/Debug/SwiftDrawDOM.build/Objects-normal/arm64/XML.SAXParser.o -index-unit-output-path /SwiftDraw.build/Debug/SwiftDrawDOM.build/Objects-normal/arm64/XML.Element.o -index-unit-output-path /SwiftDraw.build/Debug/SwiftDrawDOM.build/Objects-normal/arm64/XML.SAXParser.o -index-store-path /Users/rogerlin/Library/Developer/Xcode/DerivedData/FinancialCalculatorKit-ackorybalcxbfocbkqsfdzcfkgmn/Index.noindex/DataStore -index-system-modules

SwiftCompile normal arm64 /Users/rogerlin/Library/Developer/Xcode/DerivedData/FinancialCalculatorKit-ackorybalcxbfocbkqsfdzcfkgmn/SourcePackages/checkouts/SwiftDraw/DOM/Sources/XML.Element.swift (in target 'SwiftDrawDOM' from project 'SwiftDraw')
    cd /Users/rogerlin/XCode-Projects/FinancialCalculatorKit-5.0-updated-accent-colors/FinancialCalculatorKit.xcodeproj
    

SwiftCompile normal arm64 /Users/rogerlin/Library/Developer/Xcode/DerivedData/FinancialCalculatorKit-ackorybalcxbfocbkqsfdzcfkgmn/SourcePackages/checkouts/SwiftDraw/DOM/Sources/XML.SAXParser.swift (in target 'SwiftDrawDOM' from project 'SwiftDraw')
    cd /Users/rogerlin/XCode-Projects/FinancialCalculatorKit-5.0-updated-accent-colors/FinancialCalculatorKit.xcodeproj
    

SwiftDriverJobDiscovery normal arm64 Emitting module for ComplexModule (in target 'ComplexModule' from project 'swift-numerics')

SwiftDriverJobDiscovery normal arm64 Compiling BurnikelZiegler.swift (in target 'BigInt' from project 'BigInt')

SwiftDriver\ Compilation\ Requirements ComplexModule normal arm64 com.apple.xcode.tools.swift.compiler (in target 'ComplexModule' from project 'swift-numerics')
    cd /Users/rogerlin/XCode-Projects/FinancialCalculatorKit-5.0-updated-accent-colors/FinancialCalculatorKit.xcodeproj
    builtin-Swift-Compilation-Requirements -- /Applications/Xcode.app/Contents/Developer/Toolchains/XcodeDefault.xctoolchain/usr/bin/swiftc -module-name ComplexModule -Onone -enforce-exclusivity\=checked @/Users/rogerlin/Library/Developer/Xcode/DerivedData/FinancialCalculatorKit-ackorybalcxbfocbkqsfdzcfkgmn/Build/Intermediates.noindex/swift-numerics.build/Debug/ComplexModule.build/Objects-normal/arm64/ComplexModule.SwiftFileList -DSWIFT_PACKAGE -DDEBUG -DSWIFT_MODULE_RESOURCE_BUNDLE_UNAVAILABLE -DXcode -plugin-path /Applications/Xcode.app/Contents/Developer/Toolchains/XcodeDefault.xctoolchain/usr/lib/swift/host/plugins/testing -enable-experimental-feature DebugDescriptionMacro -sdk /Applications/Xcode.app/Contents/Developer/Platforms/MacOSX.platform/Developer/SDKs/MacOSX26.1.sdk -target arm64-apple-macos10.13 -g -module-cache-path /Users/rogerlin/Library/Developer/Xcode/DerivedData/ModuleCache.noindex -Xfrontend -serialize-debugging-options -profile-coverage-mapping -profile-generate -enable-testing -suppress-warnings -index-store-path /Users/rogerlin/Library/Developer/Xcode/DerivedData/FinancialCalculatorKit-ackorybalcxbfocbkqsfdzcfkgmn/Index.noindex/DataStore -Xcc -D_LIBCPP_HARDENING_MODE\=_LIBCPP_HARDENING_MODE_DEBUG -swift-version 5 -I /Users/rogerlin/Library/Developer/Xcode/DerivedData/FinancialCalculatorKit-ackorybalcxbfocbkqsfdzcfkgmn/Build/Products/Debug -Isystem /Applications/Xcode.app/Contents/Developer/Platforms/MacOSX.platform/Developer/usr/lib -F /Users/rogerlin/Library/Developer/Xcode/DerivedData/FinancialCalculatorKit-ackorybalcxbfocbkqsfdzcfkgmn/Build/Products/Debug/PackageFrameworks -F /Users/rogerlin/Library/Developer/Xcode/DerivedData/FinancialCalculatorKit-ackorybalcxbfocbkqsfdzcfkgmn/Build/Products/Debug/PackageFrameworks -F /Users/rogerlin/Library/Developer/Xcode/DerivedData/FinancialCalculatorKit-ackorybalcxbfocbkqsfdzcfkgmn/Build/Products/Debug -F /Applications/Xcode.app/Contents/Developer/Platforms/MacOSX.platform/Developer/Library/Frameworks -c -j16 -enable-batch-mode -incremental -Xcc -ivfsstatcache -Xcc /Users/rogerlin/Library/Developer/Xcode/DerivedData/SDKStatCaches.noindex/macosx26.1-25B74-3ae1261907bdadc328169391a47051a6.sdkstatcache -output-file-map /Users/rogerlin/Library/Developer/Xcode/DerivedData/FinancialCalculatorKit-ackorybalcxbfocbkqsfdzcfkgmn/Build/Intermediates.noindex/swift-numerics.build/Debug/ComplexModule.build/Objects-normal/arm64/ComplexModule-OutputFileMap.json -use-frontend-parseable-output -save-temps -no-color-diagnostics -explicit-module-build -module-cache-path /Users/rogerlin/Library/Developer/Xcode/DerivedData/FinancialCalculatorKit-ackorybalcxbfocbkqsfdzcfkgmn/Build/Intermediates.noindex/SwiftExplicitPrecompiledModules -clang-scanner-module-cache-path /Users/rogerlin/Library/Developer/Xcode/DerivedData/ModuleCache.noindex -sdk-module-cache-path /Users/rogerlin/Library/Developer/Xcode/DerivedData/ModuleCache.noindex -serialize-diagnostics -emit-dependencies -emit-module -emit-module-path /Users/rogerlin/Library/Developer/Xcode/DerivedData/FinancialCalculatorKit-ackorybalcxbfocbkqsfdzcfkgmn/Build/Intermediates.noindex/swift-numerics.build/Debug/ComplexModule.build/Objects-normal/arm64/ComplexModule.swiftmodule -validate-clang-modules-once -clang-build-session-file /Users/rogerlin/Library/Developer/Xcode/DerivedData/ModuleCache.noindex/Session.modulevalidation -Xcc -I/Users/rogerlin/Library/Developer/Xcode/DerivedData/FinancialCalculatorKit-ackorybalcxbfocbkqsfdzcfkgmn/Build/Intermediates.noindex/swift-numerics.build/Debug/ComplexModule.build/swift-overrides.hmap -emit-const-values -Xfrontend -const-gather-protocols-file -Xfrontend /Users/rogerlin/Library/Developer/Xcode/DerivedData/FinancialCalculatorKit-ackorybalcxbfocbkqsfdzcfkgmn/Build/Intermediates.noindex/swift-numerics.build/Debug/ComplexModule.build/Objects-normal/arm64/ComplexModule_const_extract_protocols.json -Xcc -I/Users/rogerlin/Library/Developer/Xcode/DerivedData/FinancialCalculatorKit-ackorybalcxbfocbkqsfdzcfkgmn/SourcePackages/checkouts/swift-numerics/Sources/_NumericsShims/include -Xcc -I/Users/rogerlin/Library/Developer/Xcode/DerivedData/FinancialCalculatorKit-ackorybalcxbfocbkqsfdzcfkgmn/Build/Products/Debug/include -Xcc -I/Users/rogerlin/Library/Developer/Xcode/DerivedData/FinancialCalculatorKit-ackorybalcxbfocbkqsfdzcfkgmn/Build/Intermediates.noindex/swift-numerics.build/Debug/ComplexModule.build/DerivedSources-normal/arm64 -Xcc -I/Users/rogerlin/Library/Developer/Xcode/DerivedData/FinancialCalculatorKit-ackorybalcxbfocbkqsfdzcfkgmn/Build/Intermediates.noindex/swift-numerics.build/Debug/ComplexModule.build/DerivedSources/arm64 -Xcc -I/Users/rogerlin/Library/Developer/Xcode/DerivedData/FinancialCalculatorKit-ackorybalcxbfocbkqsfdzcfkgmn/Build/Intermediates.noindex/swift-numerics.build/Debug/ComplexModule.build/DerivedSources -Xcc -DSWIFT_PACKAGE -Xcc -DDEBUG\=1 -emit-objc-header -emit-objc-header-path /Users/rogerlin/Library/Developer/Xcode/DerivedData/FinancialCalculatorKit-ackorybalcxbfocbkqsfdzcfkgmn/Build/Intermediates.noindex/swift-numerics.build/Debug/ComplexModule.build/Objects-normal/arm64/ComplexModule-Swift.h -working-directory /Users/rogerlin/XCode-Projects/FinancialCalculatorKit-5.0-updated-accent-colors/FinancialCalculatorKit.xcodeproj -experimental-emit-module-separately -disable-cmo

    Task input dependencies:
        /Users/rogerlin/Library/Developer/Xcode/DerivedData/FinancialCalculatorKit-ackorybalcxbfocbkqsfdzcfkgmn/SourcePackages/checkouts/swift-numerics/Sources/ComplexModule/Arithmetic.swift
        /Users/rogerlin/Library/Developer/Xcode/DerivedData/FinancialCalculatorKit-ackorybalcxbfocbkqsfdzcfkgmn/SourcePackages/checkouts/swift-numerics/Sources/ComplexModule/Complex.swift
        /Users/rogerlin/Library/Developer/Xcode/DerivedData/FinancialCalculatorKit-ackorybalcxbfocbkqsfdzcfkgmn/SourcePackages/checkouts/swift-numerics/Sources/ComplexModule/Differentiable.swift
        /Users/rogerlin/Library/Developer/Xcode/DerivedData/FinancialCalculatorKit-ackorybalcxbfocbkqsfdzcfkgmn/SourcePackages/checkouts/swift-numerics/Sources/ComplexModule/ElementaryFunctions.swift
        /Users/rogerlin/Library/Developer/Xcode/DerivedData/FinancialCalculatorKit-ackorybalcxbfocbkqsfdzcfkgmn/Build/Intermediates.noindex/swift-numerics.build/Debug/ComplexModule.build/Objects-normal/arm64/ComplexModule.SwiftFileList
        /Users/rogerlin/Library/Developer/Xcode/DerivedData/FinancialCalculatorKit-ackorybalcxbfocbkqsfdzcfkgmn/Build/Intermediates.noindex/swift-numerics.build/Debug/ComplexModule.build/Objects-normal/arm64/ComplexModule-OutputFileMap.json
        /Users/rogerlin/Library/Developer/Xcode/DerivedData/FinancialCalculatorKit-ackorybalcxbfocbkqsfdzcfkgmn/Build/Intermediates.noindex/swift-numerics.build/Debug/ComplexModule.build/Objects-normal/arm64/ComplexModule_const_extract_protocols.json
        /Users/rogerlin/Library/Developer/Xcode/DerivedData/FinancialCalculatorKit-ackorybalcxbfocbkqsfdzcfkgmn/Build/Intermediates.noindex/GeneratedModuleMaps/ComplexModule.modulemap
        /Users/rogerlin/Library/Developer/Xcode/DerivedData/FinancialCalculatorKit-ackorybalcxbfocbkqsfdzcfkgmn/SourcePackages/checkouts/swift-numerics/Sources/ComplexModule/Arithmetic.swift
        /Users/rogerlin/Library/Developer/Xcode/DerivedData/FinancialCalculatorKit-ackorybalcxbfocbkqsfdzcfkgmn/SourcePackages/checkouts/swift-numerics/Sources/ComplexModule/Complex.swift
        /Users/rogerlin/Library/Developer/Xcode/DerivedData/FinancialCalculatorKit-ackorybalcxbfocbkqsfdzcfkgmn/SourcePackages/checkouts/swift-numerics/Sources/ComplexModule/Differentiable.swift
        /Users/rogerlin/Library/Developer/Xcode/DerivedData/FinancialCalculatorKit-ackorybalcxbfocbkqsfdzcfkgmn/SourcePackages/checkouts/swift-numerics/Sources/ComplexModule/ElementaryFunctions.swift
        /Users/rogerlin/Library/Developer/Xcode/DerivedData/FinancialCalculatorKit-ackorybalcxbfocbkqsfdzcfkgmn/Build/Intermediates.noindex/swift-numerics.build/Debug/ComplexModule.build/Objects-normal/arm64/ComplexModule.SwiftFileList
        /Users/rogerlin/Library/Developer/Xcode/DerivedData/FinancialCalculatorKit-ackorybalcxbfocbkqsfdzcfkgmn/Build/Intermediates.noindex/swift-numerics.build/Debug/ComplexModule.build/Objects-normal/arm64/ComplexModule-OutputFileMap.json
        /Users/rogerlin/Library/Developer/Xcode/DerivedData/FinancialCalculatorKit-ackorybalcxbfocbkqsfdzcfkgmn/Build/Intermediates.noindex/swift-numerics.build/Debug/ComplexModule.build/Objects-normal/arm64/ComplexModule_const_extract_protocols.json
        /Users/rogerlin/Library/Developer/Xcode/DerivedData/FinancialCalculatorKit-ackorybalcxbfocbkqsfdzcfkgmn/Build/Intermediates.noindex/GeneratedModuleMaps/ComplexModule.modulemap
        <ClangStatCache /Users/rogerlin/Library/Developer/Xcode/DerivedData/SDKStatCaches.noindex/macosx26.1-25B74-3ae1261907bdadc328169391a47051a6.sdkstatcache>
        <target-ComplexModule-PACKAGE-TARGET:ComplexModule-SDKROOT:macosx:SDK_VARIANT:macos-copy-headers-completion>
        <target-ComplexModule-PACKAGE-TARGET:ComplexModule-SDKROOT:macosx:SDK_VARIANT:macos-ModuleVerifierTaskProducer>
        <target-ComplexModule-PACKAGE-TARGET:ComplexModule-SDKROOT:macosx:SDK_VARIANT:macos-begin-compiling>
        <WorkspaceHeaderMapVFSFilesWritten>

    Task output dependencies:
        /Users/rogerlin/Library/Developer/Xcode/DerivedData/FinancialCalculatorKit-ackorybalcxbfocbkqsfdzcfkgmn/Build/Intermediates.noindex/swift-numerics.build/Debug/ComplexModule.build/Objects-normal/arm64/ComplexModule Swift Compilation Requirements Finished
        /Users/rogerlin/Library/Developer/Xcode/DerivedData/FinancialCalculatorKit-ackorybalcxbfocbkqsfdzcfkgmn/Build/Intermediates.noindex/swift-numerics.build/Debug/ComplexModule.build/Objects-normal/arm64/ComplexModule.swiftmodule
        /Users/rogerlin/Library/Developer/Xcode/DerivedData/FinancialCalculatorKit-ackorybalcxbfocbkqsfdzcfkgmn/Build/Intermediates.noindex/swift-numerics.build/Debug/ComplexModule.build/Objects-normal/arm64/ComplexModule-linker-args.resp
        /Users/rogerlin/Library/Developer/Xcode/DerivedData/FinancialCalculatorKit-ackorybalcxbfocbkqsfdzcfkgmn/Build/Intermediates.noindex/swift-numerics.build/Debug/ComplexModule.build/Objects-normal/arm64/ComplexModule.swiftsourceinfo
        /Users/rogerlin/Library/Developer/Xcode/DerivedData/FinancialCalculatorKit-ackorybalcxbfocbkqsfdzcfkgmn/Build/Intermediates.noindex/swift-numerics.build/Debug/ComplexModule.build/Objects-normal/arm64/ComplexModule.abi.json
        /Users/rogerlin/Library/Developer/Xcode/DerivedData/FinancialCalculatorKit-ackorybalcxbfocbkqsfdzcfkgmn/Build/Intermediates.noindex/swift-numerics.build/Debug/ComplexModule.build/Objects-normal/arm64/ComplexModule-Swift.h
        /Users/rogerlin/Library/Developer/Xcode/DerivedData/FinancialCalculatorKit-ackorybalcxbfocbkqsfdzcfkgmn/Build/Intermediates.noindex/swift-numerics.build/Debug/ComplexModule.build/Objects-normal/arm64/ComplexModule.swiftdoc
Discovered dependency nodes:
/Users/rogerlin/Library/Developer/Xcode/DerivedData/FinancialCalculatorKit-ackorybalcxbfocbkqsfdzcfkgmn/Build/Products/Debug/RealModule.swiftmodule/arm64-apple-macos.swiftmodule
/Applications/Xcode.app/Contents/Developer/Toolchains/XcodeDefault.xctoolchain/usr/lib/swift/macosx/prebuilt-modules/26.1/Swift.swiftmodule/arm64e-apple-macos.swiftmodule
/Applications/Xcode.app/Contents/Developer/Toolchains/XcodeDefault.xctoolchain/usr/lib/swift/macosx/prebuilt-modules/26.1/SwiftOnoneSupport.swiftmodule/arm64e-apple-macos.swiftmodule
/Applications/Xcode.app/Contents/Developer/Platforms/MacOSX.platform/Developer/SDKs/MacOSX26.1.sdk/usr/lib/swift/shims/module.modulemap
/Applications/Xcode.app/Contents/Developer/Platforms/MacOSX.platform/Developer/SDKs/MacOSX26.1.sdk/usr/lib/swift/shims/AssertionReporting.h
/Applications/Xcode.app/Contents/Developer/Platforms/MacOSX.platform/Developer/SDKs/MacOSX26.1.sdk/usr/lib/swift/shims/SwiftStdint.h
/Applications/Xcode.app/Contents/Developer/Platforms/MacOSX.platform/Developer/SDKs/MacOSX26.1.sdk/usr/lib/swift/shims/Visibility.h
/Applications/Xcode.app/Contents/Developer/Platforms/MacOSX.platform/Developer/SDKs/MacOSX26.1.sdk/usr/lib/swift/shims/CoreFoundationShims.h
/Applications/Xcode.app/Contents/Developer/Platforms/MacOSX.platform/Developer/SDKs/MacOSX26.1.sdk/usr/lib/swift/shims/ObjCShims.h
/Applications/Xcode.app/Contents/Developer/Platforms/MacOSX.platform/Developer/SDKs/MacOSX26.1.sdk/usr/lib/swift/shims/EmbeddedShims.h
/Applications/Xcode.app/Contents/Developer/Platforms/MacOSX.platform/Developer/SDKs/MacOSX26.1.sdk/usr/lib/swift/shims/SwiftStddef.h
/Applications/Xcode.app/Contents/Developer/Platforms/MacOSX.platform/Developer/SDKs/MacOSX26.1.sdk/usr/lib/swift/shims/FoundationShims.h
/Applications/Xcode.app/Contents/Developer/Platforms/MacOSX.platform/Developer/SDKs/MacOSX26.1.sdk/usr/lib/swift/shims/GlobalObjects.h
/Applications/Xcode.app/Contents/Developer/Platforms/MacOSX.platform/Developer/SDKs/MacOSX26.1.sdk/usr/lib/swift/shims/SwiftStdbool.h
/Applications/Xcode.app/Contents/Developer/Platforms/MacOSX.platform/Developer/SDKs/MacOSX26.1.sdk/usr/lib/swift/shims/HeapObject.h
/Applications/Xcode.app/Contents/Developer/Platforms/MacOSX.platform/Developer/SDKs/MacOSX26.1.sdk/usr/lib/swift/shims/RefCount.h
/Applications/Xcode.app/Contents/Developer/Platforms/MacOSX.platform/Developer/SDKs/MacOSX26.1.sdk/usr/lib/swift/shims/System.h
/Applications/Xcode.app/Contents/Developer/Platforms/MacOSX.platform/Developer/SDKs/MacOSX26.1.sdk/usr/lib/swift/shims/Target.h
/Applications/Xcode.app/Contents/Developer/Platforms/MacOSX.platform/Developer/SDKs/MacOSX26.1.sdk/usr/lib/swift/shims/KeyPath.h
/Applications/Xcode.app/Contents/Developer/Platforms/MacOSX.platform/Developer/SDKs/MacOSX26.1.sdk/usr/lib/swift/shims/LibcShims.h
/Applications/Xcode.app/Contents/Developer/Platforms/MacOSX.platform/Developer/SDKs/MacOSX26.1.sdk/usr/lib/swift/shims/MetadataSections.h
/Applications/Xcode.app/Contents/Developer/Platforms/MacOSX.platform/Developer/SDKs/MacOSX26.1.sdk/usr/lib/swift/shims/Random.h
/Applications/Xcode.app/Contents/Developer/Platforms/MacOSX.platform/Developer/SDKs/MacOSX26.1.sdk/usr/lib/swift/shims/Reflection.h
/Applications/Xcode.app/Contents/Developer/Platforms/MacOSX.platform/Developer/SDKs/MacOSX26.1.sdk/usr/lib/swift/shims/RuntimeShims.h
/Applications/Xcode.app/Contents/Developer/Platforms/MacOSX.platform/Developer/SDKs/MacOSX26.1.sdk/usr/lib/swift/shims/RuntimeStubs.h
/Applications/Xcode.app/Contents/Developer/Platforms/MacOSX.platform/Developer/SDKs/MacOSX26.1.sdk/usr/lib/swift/shims/ThreadLocalStorage.h
/Applications/Xcode.app/Contents/Developer/Platforms/MacOSX.platform/Developer/SDKs/MacOSX26.1.sdk/usr/lib/swift/shims/UnicodeData.h
/Applications/Xcode.app/Contents/Developer/Platforms/MacOSX.platform/Developer/SDKs/MacOSX26.1.sdk/SDKSettings.json
/Applications/Xcode.app/Contents/Developer/Toolchains/XcodeDefault.xctoolchain/usr/lib/swift/macosx/prebuilt-modules/26.1/_Concurrency.swiftmodule/arm64e-apple-macos.swiftmodule
/Users/rogerlin/Library/Developer/Xcode/DerivedData/FinancialCalculatorKit-ackorybalcxbfocbkqsfdzcfkgmn/SourcePackages/checkouts/swift-numerics/Sources/_NumericsShims/include/module.modulemap
/Users/rogerlin/Library/Developer/Xcode/DerivedData/FinancialCalculatorKit-ackorybalcxbfocbkqsfdzcfkgmn/SourcePackages/checkouts/swift-numerics/Sources/_NumericsShims/include/_NumericsShims.h
/Applications/Xcode.app/Contents/Developer/Platforms/MacOSX.platform/Developer/SDKs/MacOSX26.1.sdk/SDKSettings.json
/Applications/Xcode.app/Contents/Developer/Toolchains/XcodeDefault.xctoolchain/usr/lib/swift/macosx/prebuilt-modules/26.1/_StringProcessing.swiftmodule/arm64e-apple-macos.swiftmodule
/Applications/Xcode.app/Contents/Developer/Platforms/MacOSX.platform/Developer/SDKs/MacOSX26.1.sdk/usr/lib/swift/shims/module.modulemap
/Applications/Xcode.app/Contents/Developer/Platforms/MacOSX.platform/Developer/SDKs/MacOSX26.1.sdk/usr/lib/swift/shims/_SwiftConcurrency.h
/Applications/Xcode.app/Contents/Developer/Platforms/MacOSX.platform/Developer/SDKs/MacOSX26.1.sdk/SDKSettings.json

SwiftCompile normal arm64 Compiling\ Parser.XML.LinearGradient.swift,\ Parser.XML.Path.swift /Users/rogerlin/Library/Developer/Xcode/DerivedData/FinancialCalculatorKit-ackorybalcxbfocbkqsfdzcfkgmn/SourcePackages/checkouts/SwiftDraw/DOM/Sources/Parser.XML.LinearGradient.swift /Users/rogerlin/Library/Developer/Xcode/DerivedData/FinancialCalculatorKit-ackorybalcxbfocbkqsfdzcfkgmn/SourcePackages/checkouts/SwiftDraw/DOM/Sources/Parser.XML.Path.swift (in target 'SwiftDrawDOM' from project 'SwiftDraw')
/Applications/Xcode.app/Contents/Developer/Toolchains/XcodeDefault.xctoolchain/usr/bin/swift-frontend -frontend -c /Users/rogerlin/Library/Developer/Xcode/DerivedData/FinancialCalculatorKit-ackorybalcxbfocbkqsfdzcfkgmn/SourcePackages/checkouts/SwiftDraw/DOM/Sources/DOM+Extensions.swift /Users/rogerlin/Library/Developer/Xcode/DerivedData/FinancialCalculatorKit-ackorybalcxbfocbkqsfdzcfkgmn/SourcePackages/checkouts/SwiftDraw/DOM/Sources/DOM.Color.swift /Users/rogerlin/Library/Developer/Xcode/DerivedData/FinancialCalculatorKit-ackorybalcxbfocbkqsfdzcfkgmn/SourcePackages/checkouts/SwiftDraw/DOM/Sources/DOM.Element.swift /Users/rogerlin/Library/Developer/Xcode/DerivedData/FinancialCalculatorKit-ackorybalcxbfocbkqsfdzcfkgmn/SourcePackages/checkouts/SwiftDraw/DOM/Sources/DOM.Filter.swift /Users/rogerlin/Library/Developer/Xcode/DerivedData/FinancialCalculatorKit-ackorybalcxbfocbkqsfdzcfkgmn/SourcePackages/checkouts/SwiftDraw/DOM/Sources/DOM.Image.swift /Users/rogerlin/Library/Developer/Xcode/DerivedData/FinancialCalculatorKit-ackorybalcxbfocbkqsfdzcfkgmn/SourcePackages/checkouts/SwiftDraw/DOM/Sources/DOM.LinearGradient.swift /Users/rogerlin/Library/Developer/Xcode/DerivedData/FinancialCalculatorKit-ackorybalcxbfocbkqsfdzcfkgmn/SourcePackages/checkouts/SwiftDraw/DOM/Sources/DOM.Path.swift /Users/rogerlin/Library/Developer/Xcode/DerivedData/FinancialCalculatorKit-ackorybalcxbfocbkqsfdzcfkgmn/SourcePackages/checkouts/SwiftDraw/DOM/Sources/DOM.Pattern.swift /Users/rogerlin/Library/Developer/Xcode/DerivedData/FinancialCalculatorKit-ackorybalcxbfocbkqsfdzcfkgmn/SourcePackages/checkouts/SwiftDraw/DOM/Sources/DOM.PresentationAttributes.swift /Users/rogerlin/Library/Developer/Xcode/DerivedData/FinancialCalculatorKit-ackorybalcxbfocbkqsfdzcfkgmn/SourcePackages/checkouts/SwiftDraw/DOM/Sources/DOM.RadialGradient.swift /Users/rogerlin/Library/Developer/Xcode/DerivedData/FinancialCalculatorKit-ackorybalcxbfocbkqsfdzcfkgmn/SourcePackages/checkouts/SwiftDraw/DOM/Sources/DOM.SVG+Parse.swift /Users/rogerlin/Library/Developer/Xcode/DerivedData/FinancialCalculatorKit-ackorybalcxbfocbkqsfdzcfkgmn/SourcePackages/checkouts/SwiftDraw/DOM/Sources/DOM.SVG.swift /Users/rogerlin/Library/Developer/Xcode/DerivedData/FinancialCalculatorKit-ackorybalcxbfocbkqsfdzcfkgmn/SourcePackages/checkouts/SwiftDraw/DOM/Sources/DOM.Switch.swift /Users/rogerlin/Library/Developer/Xcode/DerivedData/FinancialCalculatorKit-ackorybalcxbfocbkqsfdzcfkgmn/SourcePackages/checkouts/SwiftDraw/DOM/Sources/DOM.Text.swift /Users/rogerlin/Library/Developer/Xcode/DerivedData/FinancialCalculatorKit-ackorybalcxbfocbkqsfdzcfkgmn/SourcePackages/checkouts/SwiftDraw/DOM/Sources/DOM.Use.swift /Users/rogerlin/Library/Developer/Xcode/DerivedData/FinancialCalculatorKit-ackorybalcxbfocbkqsfdzcfkgmn/SourcePackages/checkouts/SwiftDraw/DOM/Sources/DOM.swift /Users/rogerlin/Library/Developer/Xcode/DerivedData/FinancialCalculatorKit-ackorybalcxbfocbkqsfdzcfkgmn/SourcePackages/checkouts/SwiftDraw/DOM/Sources/Parser.XML.Attributes.swift /Users/rogerlin/Library/Developer/Xcode/DerivedData/FinancialCalculatorKit-ackorybalcxbfocbkqsfdzcfkgmn/SourcePackages/checkouts/SwiftDraw/DOM/Sources/Parser.XML.Color.swift /Users/rogerlin/Library/Developer/Xcode/DerivedData/FinancialCalculatorKit-ackorybalcxbfocbkqsfdzcfkgmn/SourcePackages/checkouts/SwiftDraw/DOM/Sources/Parser.XML.Element.swift /Users/rogerlin/Library/Developer/Xcode/DerivedData/FinancialCalculatorKit-ackorybalcxbfocbkqsfdzcfkgmn/SourcePackages/checkouts/SwiftDraw/DOM/Sources/Parser.XML.Filter.swift /Users/rogerlin/Library/Developer/Xcode/DerivedData/FinancialCalculatorKit-ackorybalcxbfocbkqsfdzcfkgmn/SourcePackages/checkouts/SwiftDraw/DOM/Sources/Parser.XML.Image.swift -primary-file /Users/rogerlin/Library/Developer/Xcode/DerivedData/FinancialCalculatorKit-ackorybalcxbfocbkqsfdzcfkgmn/SourcePackages/checkouts/SwiftDraw/DOM/Sources/Parser.XML.LinearGradient.swift -primary-file /Users/rogerlin/Library/Developer/Xcode/DerivedData/FinancialCalculatorKit-ackorybalcxbfocbkqsfdzcfkgmn/SourcePackages/checkouts/SwiftDraw/DOM/Sources/Parser.XML.Path.swift /Users/rogerlin/Library/Developer/Xcode/DerivedData/FinancialCalculatorKit-ackorybalcxbfocbkqsfdzcfkgmn/SourcePackages/checkouts/SwiftDraw/DOM/Sources/Parser.XML.Pattern.swift /Users/rogerlin/Library/Developer/Xcode/DerivedData/FinancialCalculatorKit-ackorybalcxbfocbkqsfdzcfkgmn/SourcePackages/checkouts/SwiftDraw/DOM/Sources/Parser.XML.RadialGradient.swift /Users/rogerlin/Library/Developer/Xcode/DerivedData/FinancialCalculatorKit-ackorybalcxbfocbkqsfdzcfkgmn/SourcePackages/checkouts/SwiftDraw/DOM/Sources/Parser.XML.SVG.swift /Users/rogerlin/Library/Developer/Xcode/DerivedData/FinancialCalculatorKit-ackorybalcxbfocbkqsfdzcfkgmn/SourcePackages/checkouts/SwiftDraw/DOM/Sources/Parser.XML.Scanner.swift /Users/rogerlin/Library/Developer/Xcode/DerivedData/FinancialCalculatorKit-ackorybalcxbfocbkqsfdzcfkgmn/SourcePackages/checkouts/SwiftDraw/DOM/Sources/Parser.XML.StyleSheet.swift /Users/rogerlin/Library/Developer/Xcode/DerivedData/FinancialCalculatorKit-ackorybalcxbfocbkqsfdzcfkgmn/SourcePackages/checkouts/SwiftDraw/DOM/Sources/Parser.XML.Text.swift /Users/rogerlin/Library/Developer/Xcode/DerivedData/FinancialCalculatorKit-ackorybalcxbfocbkqsfdzcfkgmn/SourcePackages/checkouts/SwiftDraw/DOM/Sources/Parser.XML.Transform.swift /Users/rogerlin/Library/Developer/Xcode/DerivedData/FinancialCalculatorKit-ackorybalcxbfocbkqsfdzcfkgmn/SourcePackages/checkouts/SwiftDraw/DOM/Sources/Parser.XML.Use.swift /Users/rogerlin/Library/Developer/Xcode/DerivedData/FinancialCalculatorKit-ackorybalcxbfocbkqsfdzcfkgmn/SourcePackages/checkouts/SwiftDraw/DOM/Sources/Parser.XML.swift /Users/rogerlin/Library/Developer/Xcode/DerivedData/FinancialCalculatorKit-ackorybalcxbfocbkqsfdzcfkgmn/SourcePackages/checkouts/SwiftDraw/DOM/Sources/TextOutputStream+StandardError.swift /Users/rogerlin/Library/Developer/Xcode/DerivedData/FinancialCalculatorKit-ackorybalcxbfocbkqsfdzcfkgmn/SourcePackages/checkouts/SwiftDraw/DOM/Sources/URL+Data.swift /Users/rogerlin/Library/Developer/Xcode/DerivedData/FinancialCalculatorKit-ackorybalcxbfocbkqsfdzcfkgmn/SourcePackages/checkouts/SwiftDraw/DOM/Sources/URL+Fragment.swift /Users/rogerlin/Library/Developer/Xcode/DerivedData/FinancialCalculatorKit-ackorybalcxbfocbkqsfdzcfkgmn/SourcePackages/checkouts/SwiftDraw/DOM/Sources/XML.Element.swift /Users/rogerlin/Library/Developer/Xcode/DerivedData/FinancialCalculatorKit-ackorybalcxbfocbkqsfdzcfkgmn/SourcePackages/checkouts/SwiftDraw/DOM/Sources/XML.SAXParser.swift -emit-dependencies-path /Users/rogerlin/Library/Developer/Xcode/DerivedData/FinancialCalculatorKit-ackorybalcxbfocbkqsfdzcfkgmn/Build/Intermediates.noindex/SwiftDraw.build/Debug/SwiftDrawDOM.build/Objects-normal/arm64/Parser.XML.LinearGradient.d -emit-const-values-path /Users/rogerlin/Library/Developer/Xcode/DerivedData/FinancialCalculatorKit-ackorybalcxbfocbkqsfdzcfkgmn/Build/Intermediates.noindex/SwiftDraw.build/Debug/SwiftDrawDOM.build/Objects-normal/arm64/Parser.XML.LinearGradient.swiftconstvalues -emit-reference-dependencies-path /Users/rogerlin/Library/Developer/Xcode/DerivedData/FinancialCalculatorKit-ackorybalcxbfocbkqsfdzcfkgmn/Build/Intermediates.noindex/SwiftDraw.build/Debug/SwiftDrawDOM.build/Objects-normal/arm64/Parser.XML.LinearGradient.swiftdeps -serialize-diagnostics-path /Users/rogerlin/Library/Developer/Xcode/DerivedData/FinancialCalculatorKit-ackorybalcxbfocbkqsfdzcfkgmn/Build/Intermediates.noindex/SwiftDraw.build/Debug/SwiftDrawDOM.build/Objects-normal/arm64/Parser.XML.LinearGradient.dia -emit-dependencies-path /Users/rogerlin/Library/Developer/Xcode/DerivedData/FinancialCalculatorKit-ackorybalcxbfocbkqsfdzcfkgmn/Build/Intermediates.noindex/SwiftDraw.build/Debug/SwiftDrawDOM.build/Objects-normal/arm64/Parser.XML.Path.d -emit-const-values-path /Users/rogerlin/Library/Developer/Xcode/DerivedData/FinancialCalculatorKit-ackorybalcxbfocbkqsfdzcfkgmn/Build/Intermediates.noindex/SwiftDraw.build/Debug/SwiftDrawDOM.build/Objects-normal/arm64/Parser.XML.Path.swiftconstvalues -emit-reference-dependencies-path /Users/rogerlin/Library/Developer/Xcode/DerivedData/FinancialCalculatorKit-ackorybalcxbfocbkqsfdzcfkgmn/Build/Intermediates.noindex/SwiftDraw.build/Debug/SwiftDrawDOM.build/Objects-normal/arm64/Parser.XML.Path.swiftdeps -serialize-diagnostics-path /Users/rogerlin/Library/Developer/Xcode/DerivedData/FinancialCalculatorKit-ackorybalcxbfocbkqsfdzcfkgmn/Build/Intermediates.noindex/SwiftDraw.build/Debug/SwiftDrawDOM.build/Objects-normal/arm64/Parser.XML.Path.dia -target arm64-apple-macos10.15 -module-can-import-version Darwin 347.40.2 0 -load-resolved-plugin /Applications/Xcode.app/Contents/Developer/Platforms/MacOSX.platform/Developer/usr/lib/swift/host/plugins/libFoundationMacros.dylib\#/Applications/Xcode.app/Contents/Developer/Platforms/MacOSX.platform/Developer/usr/bin/swift-plugin-server\#FoundationMacros -load-resolved-plugin /Applications/Xcode.app/Contents/Developer/Platforms/MacOSX.platform/Developer/usr/lib/swift/host/plugins/libObservationMacros.dylib\#/Applications/Xcode.app/Contents/Developer/Platforms/MacOSX.platform/Developer/usr/bin/swift-plugin-server\#ObservationMacros -load-resolved-plugin /Applications/Xcode.app/Contents/Developer/Platforms/MacOSX.platform/Developer/usr/lib/swift/host/plugins/libSwiftMacros.dylib\#/Applications/Xcode.app/Contents/Developer/Platforms/MacOSX.platform/Developer/usr/bin/swift-plugin-server\#SwiftMacros -disable-implicit-swift-modules -Xcc -fno-implicit-modules -Xcc -fno-implicit-module-maps -explicit-swift-module-map-file /Users/rogerlin/Library/Developer/Xcode/DerivedData/FinancialCalculatorKit-ackorybalcxbfocbkqsfdzcfkgmn/Build/Intermediates.noindex/SwiftDraw.build/Debug/SwiftDrawDOM.build/Objects-normal/arm64/SwiftDrawDOM-dependencies-1.json -Xllvm -aarch64-use-tbi -enable-objc-interop -stack-check -sdk /Applications/Xcode.app/Contents/Developer/Platforms/MacOSX.platform/Developer/SDKs/MacOSX26.1.sdk -I /Users/rogerlin/Library/Developer/Xcode/DerivedData/FinancialCalculatorKit-ackorybalcxbfocbkqsfdzcfkgmn/Build/Products/Debug -Isystem /Applications/Xcode.app/Contents/Developer/Platforms/MacOSX.platform/Developer/usr/lib -F /Users/rogerlin/Library/Developer/Xcode/DerivedData/FinancialCalculatorKit-ackorybalcxbfocbkqsfdzcfkgmn/Build/Products/Debug -F /Applications/Xcode.app/Contents/Developer/Platforms/MacOSX.platform/Developer/Library/Frameworks -no-color-diagnostics -Xcc -fno-color-diagnostics -enable-testing -g -debug-info-format\=dwarf -dwarf-version\=4 -module-cache-path /Users/rogerlin/Library/Developer/Xcode/DerivedData/FinancialCalculatorKit-ackorybalcxbfocbkqsfdzcfkgmn/Build/Intermediates.noindex/SwiftExplicitPrecompiledModules -suppress-warnings -profile-generate -profile-coverage-mapping -swift-version 6 -enforce-exclusivity\=checked -Onone -D SWIFT_PACKAGE -D DEBUG -D SWIFT_MODULE_RESOURCE_BUNDLE_UNAVAILABLE -D Xcode -serialize-debugging-options -const-gather-protocols-file /Users/rogerlin/Library/Developer/Xcode/DerivedData/FinancialCalculatorKit-ackorybalcxbfocbkqsfdzcfkgmn/Build/Intermediates.noindex/SwiftDraw.build/Debug/SwiftDrawDOM.build/Objects-normal/arm64/SwiftDrawDOM_const_extract_protocols.json -enable-experimental-feature DebugDescriptionMacro -empty-abi-descriptor -user-module-version 0.22.0 -validate-clang-modules-once -clang-build-session-file /Users/rogerlin/Library/Developer/Xcode/DerivedData/ModuleCache.noindex/Session.modulevalidation -Xcc -working-directory -Xcc /Users/rogerlin/XCode-Projects/FinancialCalculatorKit-5.0-updated-accent-colors/FinancialCalculatorKit.xcodeproj -enable-anonymous-context-mangled-names -file-compilation-dir /Users/rogerlin/XCode-Projects/FinancialCalculatorKit-5.0-updated-accent-colors/FinancialCalculatorKit.xcodeproj -Xcc -D_LIBCPP_HARDENING_MODE\=_LIBCPP_HARDENING_MODE_DEBUG -Xcc -ivfsstatcache -Xcc /Users/rogerlin/Library/Developer/Xcode/DerivedData/SDKStatCaches.noindex/macosx26.1-25B74-3ae1261907bdadc328169391a47051a6.sdkstatcache -Xcc -I/Users/rogerlin/Library/Developer/Xcode/DerivedData/FinancialCalculatorKit-ackorybalcxbfocbkqsfdzcfkgmn/Build/Intermediates.noindex/SwiftDraw.build/Debug/SwiftDrawDOM.build/swift-overrides.hmap -Xcc -I/Users/rogerlin/Library/Developer/Xcode/DerivedData/FinancialCalculatorKit-ackorybalcxbfocbkqsfdzcfkgmn/Build/Products/Debug/include -Xcc -I/Users/rogerlin/Library/Developer/Xcode/DerivedData/FinancialCalculatorKit-ackorybalcxbfocbkqsfdzcfkgmn/Build/Intermediates.noindex/SwiftDraw.build/Debug/SwiftDrawDOM.build/DerivedSources-normal/arm64 -Xcc -I/Users/rogerlin/Library/Developer/Xcode/DerivedData/FinancialCalculatorKit-ackorybalcxbfocbkqsfdzcfkgmn/Build/Intermediates.noindex/SwiftDraw.build/Debug/SwiftDrawDOM.build/DerivedSources/arm64 -Xcc -I/Users/rogerlin/Library/Developer/Xcode/DerivedData/FinancialCalculatorKit-ackorybalcxbfocbkqsfdzcfkgmn/Build/Intermediates.noindex/SwiftDraw.build/Debug/SwiftDrawDOM.build/DerivedSources -Xcc -DSWIFT_PACKAGE -Xcc -DDEBUG\=1 -no-auto-bridging-header-chaining -module-name SwiftDrawDOM -package-name swiftdraw -frontend-parseable-output -disable-clang-spi -target-sdk-version 26.1 -target-sdk-name macosx26.1 -clang-target arm64-apple-macos26.1 -in-process-plugin-server-path /Applications/Xcode.app/Contents/Developer/Toolchains/XcodeDefault.xctoolchain/usr/lib/swift/host/libSwiftInProcPluginServer.dylib -o /Users/rogerlin/Library/Developer/Xcode/DerivedData/FinancialCalculatorKit-ackorybalcxbfocbkqsfdzcfkgmn/Build/Intermediates.noindex/SwiftDraw.build/Debug/SwiftDrawDOM.build/Objects-normal/arm64/Parser.XML.LinearGradient.o -o /Users/rogerlin/Library/Developer/Xcode/DerivedData/FinancialCalculatorKit-ackorybalcxbfocbkqsfdzcfkgmn/Build/Intermediates.noindex/SwiftDraw.build/Debug/SwiftDrawDOM.build/Objects-normal/arm64/Parser.XML.Path.o -index-unit-output-path /SwiftDraw.build/Debug/SwiftDrawDOM.build/Objects-normal/arm64/Parser.XML.LinearGradient.o -index-unit-output-path /SwiftDraw.build/Debug/SwiftDrawDOM.build/Objects-normal/arm64/Parser.XML.Path.o -index-store-path /Users/rogerlin/Library/Developer/Xcode/DerivedData/FinancialCalculatorKit-ackorybalcxbfocbkqsfdzcfkgmn/Index.noindex/DataStore -index-system-modules

SwiftCompile normal arm64 /Users/rogerlin/Library/Developer/Xcode/DerivedData/FinancialCalculatorKit-ackorybalcxbfocbkqsfdzcfkgmn/SourcePackages/checkouts/SwiftDraw/DOM/Sources/Parser.XML.LinearGradient.swift (in target 'SwiftDrawDOM' from project 'SwiftDraw')
    cd /Users/rogerlin/XCode-Projects/FinancialCalculatorKit-5.0-updated-accent-colors/FinancialCalculatorKit.xcodeproj
    

SwiftCompile normal arm64 /Users/rogerlin/Library/Developer/Xcode/DerivedData/FinancialCalculatorKit-ackorybalcxbfocbkqsfdzcfkgmn/SourcePackages/checkouts/SwiftDraw/DOM/Sources/Parser.XML.Path.swift (in target 'SwiftDrawDOM' from project 'SwiftDraw')
    cd /Users/rogerlin/XCode-Projects/FinancialCalculatorKit-5.0-updated-accent-colors/FinancialCalculatorKit.xcodeproj
    

SwiftMergeGeneratedHeaders /Users/rogerlin/Library/Developer/Xcode/DerivedData/FinancialCalculatorKit-ackorybalcxbfocbkqsfdzcfkgmn/Build/Intermediates.noindex/GeneratedModuleMaps/ComplexModule-Swift.h /Users/rogerlin/Library/Developer/Xcode/DerivedData/FinancialCalculatorKit-ackorybalcxbfocbkqsfdzcfkgmn/Build/Intermediates.noindex/swift-numerics.build/Debug/ComplexModule.build/Objects-normal/arm64/ComplexModule-Swift.h (in target 'ComplexModule' from project 'swift-numerics')
    cd /Users/rogerlin/Library/Developer/Xcode/DerivedData/FinancialCalculatorKit-ackorybalcxbfocbkqsfdzcfkgmn/SourcePackages/checkouts/swift-numerics
    builtin-swiftHeaderTool -arch arm64 /Users/rogerlin/Library/Developer/Xcode/DerivedData/FinancialCalculatorKit-ackorybalcxbfocbkqsfdzcfkgmn/Build/Intermediates.noindex/swift-numerics.build/Debug/ComplexModule.build/Objects-normal/arm64/ComplexModule-Swift.h -o /Users/rogerlin/Library/Developer/Xcode/DerivedData/FinancialCalculatorKit-ackorybalcxbfocbkqsfdzcfkgmn/Build/Intermediates.noindex/GeneratedModuleMaps/ComplexModule-Swift.h

    Task input dependencies:
        /Users/rogerlin/Library/Developer/Xcode/DerivedData/FinancialCalculatorKit-ackorybalcxbfocbkqsfdzcfkgmn/Build/Intermediates.noindex/swift-numerics.build/Debug/ComplexModule.build/Objects-normal/arm64/ComplexModule-Swift.h

    Task output dependencies:
        /Users/rogerlin/Library/Developer/Xcode/DerivedData/FinancialCalculatorKit-ackorybalcxbfocbkqsfdzcfkgmn/Build/Intermediates.noindex/GeneratedModuleMaps/ComplexModule-Swift.h

SwiftDriverJobDiscovery normal arm64 Emitting module for BigInt (in target 'BigInt' from project 'BigInt')

Copy /Users/rogerlin/Library/Developer/Xcode/DerivedData/FinancialCalculatorKit-ackorybalcxbfocbkqsfdzcfkgmn/Build/Products/Debug/ComplexModule.swiftmodule/arm64-apple-macos.swiftmodule /Users/rogerlin/Library/Developer/Xcode/DerivedData/FinancialCalculatorKit-ackorybalcxbfocbkqsfdzcfkgmn/Build/Intermediates.noindex/swift-numerics.build/Debug/ComplexModule.build/Objects-normal/arm64/ComplexModule.swiftmodule (in target 'ComplexModule' from project 'swift-numerics')
    cd /Users/rogerlin/Library/Developer/Xcode/DerivedData/FinancialCalculatorKit-ackorybalcxbfocbkqsfdzcfkgmn/SourcePackages/checkouts/swift-numerics
    builtin-copy -exclude .DS_Store -exclude CVS -exclude .svn -exclude .git -exclude .hg -resolve-src-symlinks -rename /Users/rogerlin/Library/Developer/Xcode/DerivedData/FinancialCalculatorKit-ackorybalcxbfocbkqsfdzcfkgmn/Build/Intermediates.noindex/swift-numerics.build/Debug/ComplexModule.build/Objects-normal/arm64/ComplexModule.swiftmodule /Users/rogerlin/Library/Developer/Xcode/DerivedData/FinancialCalculatorKit-ackorybalcxbfocbkqsfdzcfkgmn/Build/Products/Debug/ComplexModule.swiftmodule/arm64-apple-macos.swiftmodule

    Task input dependencies:
        /Users/rogerlin/Library/Developer/Xcode/DerivedData/FinancialCalculatorKit-ackorybalcxbfocbkqsfdzcfkgmn/Build/Intermediates.noindex/swift-numerics.build/Debug/ComplexModule.build/Objects-normal/arm64/ComplexModule.swiftmodule/

    Task output dependencies:
        /Users/rogerlin/Library/Developer/Xcode/DerivedData/FinancialCalculatorKit-ackorybalcxbfocbkqsfdzcfkgmn/Build/Products/Debug/ComplexModule.swiftmodule/arm64-apple-macos.swiftmodule

Copy /Users/rogerlin/Library/Developer/Xcode/DerivedData/FinancialCalculatorKit-ackorybalcxbfocbkqsfdzcfkgmn/Build/Products/Debug/ComplexModule.swiftmodule/arm64-apple-macos.swiftdoc /Users/rogerlin/Library/Developer/Xcode/DerivedData/FinancialCalculatorKit-ackorybalcxbfocbkqsfdzcfkgmn/Build/Intermediates.noindex/swift-numerics.build/Debug/ComplexModule.build/Objects-normal/arm64/ComplexModule.swiftdoc (in target 'ComplexModule' from project 'swift-numerics')
    cd /Users/rogerlin/Library/Developer/Xcode/DerivedData/FinancialCalculatorKit-ackorybalcxbfocbkqsfdzcfkgmn/SourcePackages/checkouts/swift-numerics
    builtin-copy -exclude .DS_Store -exclude CVS -exclude .svn -exclude .git -exclude .hg -resolve-src-symlinks -rename /Users/rogerlin/Library/Developer/Xcode/DerivedData/FinancialCalculatorKit-ackorybalcxbfocbkqsfdzcfkgmn/Build/Intermediates.noindex/swift-numerics.build/Debug/ComplexModule.build/Objects-normal/arm64/ComplexModule.swiftdoc /Users/rogerlin/Library/Developer/Xcode/DerivedData/FinancialCalculatorKit-ackorybalcxbfocbkqsfdzcfkgmn/Build/Products/Debug/ComplexModule.swiftmodule/arm64-apple-macos.swiftdoc

    Task input dependencies:
        /Users/rogerlin/Library/Developer/Xcode/DerivedData/FinancialCalculatorKit-ackorybalcxbfocbkqsfdzcfkgmn/Build/Intermediates.noindex/swift-numerics.build/Debug/ComplexModule.build/Objects-normal/arm64/ComplexModule.swiftdoc/

    Task output dependencies:
        /Users/rogerlin/Library/Developer/Xcode/DerivedData/FinancialCalculatorKit-ackorybalcxbfocbkqsfdzcfkgmn/Build/Products/Debug/ComplexModule.swiftmodule/arm64-apple-macos.swiftdoc

Copy /Users/rogerlin/Library/Developer/Xcode/DerivedData/FinancialCalculatorKit-ackorybalcxbfocbkqsfdzcfkgmn/Build/Products/Debug/ComplexModule.swiftmodule/arm64-apple-macos.abi.json /Users/rogerlin/Library/Developer/Xcode/DerivedData/FinancialCalculatorKit-ackorybalcxbfocbkqsfdzcfkgmn/Build/Intermediates.noindex/swift-numerics.build/Debug/ComplexModule.build/Objects-normal/arm64/ComplexModule.abi.json (in target 'ComplexModule' from project 'swift-numerics')
    cd /Users/rogerlin/Library/Developer/Xcode/DerivedData/FinancialCalculatorKit-ackorybalcxbfocbkqsfdzcfkgmn/SourcePackages/checkouts/swift-numerics
    builtin-copy -exclude .DS_Store -exclude CVS -exclude .svn -exclude .git -exclude .hg -resolve-src-symlinks -rename /Users/rogerlin/Library/Developer/Xcode/DerivedData/FinancialCalculatorKit-ackorybalcxbfocbkqsfdzcfkgmn/Build/Intermediates.noindex/swift-numerics.build/Debug/ComplexModule.build/Objects-normal/arm64/ComplexModule.abi.json /Users/rogerlin/Library/Developer/Xcode/DerivedData/FinancialCalculatorKit-ackorybalcxbfocbkqsfdzcfkgmn/Build/Products/Debug/ComplexModule.swiftmodule/arm64-apple-macos.abi.json

    Task input dependencies:
        /Users/rogerlin/Library/Developer/Xcode/DerivedData/FinancialCalculatorKit-ackorybalcxbfocbkqsfdzcfkgmn/Build/Intermediates.noindex/swift-numerics.build/Debug/ComplexModule.build/Objects-normal/arm64/ComplexModule.abi.json/

    Task output dependencies:
        /Users/rogerlin/Library/Developer/Xcode/DerivedData/FinancialCalculatorKit-ackorybalcxbfocbkqsfdzcfkgmn/Build/Products/Debug/ComplexModule.swiftmodule/arm64-apple-macos.abi.json

Copy /Users/rogerlin/Library/Developer/Xcode/DerivedData/FinancialCalculatorKit-ackorybalcxbfocbkqsfdzcfkgmn/Build/Products/Debug/ComplexModule.swiftmodule/Project/arm64-apple-macos.swiftsourceinfo /Users/rogerlin/Library/Developer/Xcode/DerivedData/FinancialCalculatorKit-ackorybalcxbfocbkqsfdzcfkgmn/Build/Intermediates.noindex/swift-numerics.build/Debug/ComplexModule.build/Objects-normal/arm64/ComplexModule.swiftsourceinfo (in target 'ComplexModule' from project 'swift-numerics')
    cd /Users/rogerlin/Library/Developer/Xcode/DerivedData/FinancialCalculatorKit-ackorybalcxbfocbkqsfdzcfkgmn/SourcePackages/checkouts/swift-numerics
    builtin-copy -exclude .DS_Store -exclude CVS -exclude .svn -exclude .git -exclude .hg -resolve-src-symlinks -rename /Users/rogerlin/Library/Developer/Xcode/DerivedData/FinancialCalculatorKit-ackorybalcxbfocbkqsfdzcfkgmn/Build/Intermediates.noindex/swift-numerics.build/Debug/ComplexModule.build/Objects-normal/arm64/ComplexModule.swiftsourceinfo /Users/rogerlin/Library/Developer/Xcode/DerivedData/FinancialCalculatorKit-ackorybalcxbfocbkqsfdzcfkgmn/Build/Products/Debug/ComplexModule.swiftmodule/Project/arm64-apple-macos.swiftsourceinfo

    Task input dependencies:
        /Users/rogerlin/Library/Developer/Xcode/DerivedData/FinancialCalculatorKit-ackorybalcxbfocbkqsfdzcfkgmn/Build/Intermediates.noindex/swift-numerics.build/Debug/ComplexModule.build/Objects-normal/arm64/ComplexModule.swiftsourceinfo/

    Task output dependencies:
        /Users/rogerlin/Library/Developer/Xcode/DerivedData/FinancialCalculatorKit-ackorybalcxbfocbkqsfdzcfkgmn/Build/Products/Debug/ComplexModule.swiftmodule/Project/arm64-apple-macos.swiftsourceinfo

SwiftDriver\ Compilation\ Requirements BigInt normal arm64 com.apple.xcode.tools.swift.compiler (in target 'BigInt' from project 'BigInt')
    cd /Users/rogerlin/XCode-Projects/FinancialCalculatorKit-5.0-updated-accent-colors/FinancialCalculatorKit.xcodeproj
    builtin-Swift-Compilation-Requirements -- /Applications/Xcode.app/Contents/Developer/Toolchains/XcodeDefault.xctoolchain/usr/bin/swiftc -module-name BigInt -Onone -enforce-exclusivity\=checked @/Users/rogerlin/Library/Developer/Xcode/DerivedData/FinancialCalculatorKit-ackorybalcxbfocbkqsfdzcfkgmn/Build/Intermediates.noindex/BigInt.build/Debug/BigInt.build/Objects-normal/arm64/BigInt.SwiftFileList -DSWIFT_PACKAGE -DDEBUG -DSWIFT_MODULE_RESOURCE_BUNDLE_UNAVAILABLE -DXcode -plugin-path /Applications/Xcode.app/Contents/Developer/Toolchains/XcodeDefault.xctoolchain/usr/lib/swift/host/plugins/testing -enable-experimental-feature DebugDescriptionMacro -sdk /Applications/Xcode.app/Contents/Developer/Platforms/MacOSX.platform/Developer/SDKs/MacOSX26.1.sdk -target arm64-apple-macos13.3 -g -module-cache-path /Users/rogerlin/Library/Developer/Xcode/DerivedData/ModuleCache.noindex -Xfrontend -serialize-debugging-options -profile-coverage-mapping -profile-generate -enable-testing -suppress-warnings -index-store-path /Users/rogerlin/Library/Developer/Xcode/DerivedData/FinancialCalculatorKit-ackorybalcxbfocbkqsfdzcfkgmn/Index.noindex/DataStore -Xcc -D_LIBCPP_HARDENING_MODE\=_LIBCPP_HARDENING_MODE_DEBUG -swift-version 5 -I /Users/rogerlin/Library/Developer/Xcode/DerivedData/FinancialCalculatorKit-ackorybalcxbfocbkqsfdzcfkgmn/Build/Products/Debug -Isystem /Applications/Xcode.app/Contents/Developer/Platforms/MacOSX.platform/Developer/usr/lib -F /Users/rogerlin/Library/Developer/Xcode/DerivedData/FinancialCalculatorKit-ackorybalcxbfocbkqsfdzcfkgmn/Build/Products/Debug -F /Applications/Xcode.app/Contents/Developer/Platforms/MacOSX.platform/Developer/Library/Frameworks -c -j16 -enable-batch-mode -incremental -Xcc -ivfsstatcache -Xcc /Users/rogerlin/Library/Developer/Xcode/DerivedData/SDKStatCaches.noindex/macosx26.1-25B74-3ae1261907bdadc328169391a47051a6.sdkstatcache -output-file-map /Users/rogerlin/Library/Developer/Xcode/DerivedData/FinancialCalculatorKit-ackorybalcxbfocbkqsfdzcfkgmn/Build/Intermediates.noindex/BigInt.build/Debug/BigInt.build/Objects-normal/arm64/BigInt-OutputFileMap.json -use-frontend-parseable-output -save-temps -no-color-diagnostics -explicit-module-build -module-cache-path /Users/rogerlin/Library/Developer/Xcode/DerivedData/FinancialCalculatorKit-ackorybalcxbfocbkqsfdzcfkgmn/Build/Intermediates.noindex/SwiftExplicitPrecompiledModules -clang-scanner-module-cache-path /Users/rogerlin/Library/Developer/Xcode/DerivedData/ModuleCache.noindex -sdk-module-cache-path /Users/rogerlin/Library/Developer/Xcode/DerivedData/ModuleCache.noindex -serialize-diagnostics -emit-dependencies -emit-module -emit-module-path /Users/rogerlin/Library/Developer/Xcode/DerivedData/FinancialCalculatorKit-ackorybalcxbfocbkqsfdzcfkgmn/Build/Intermediates.noindex/BigInt.build/Debug/BigInt.build/Objects-normal/arm64/BigInt.swiftmodule -validate-clang-modules-once -clang-build-session-file /Users/rogerlin/Library/Developer/Xcode/DerivedData/ModuleCache.noindex/Session.modulevalidation -package-name bigint -Xcc -I/Users/rogerlin/Library/Developer/Xcode/DerivedData/FinancialCalculatorKit-ackorybalcxbfocbkqsfdzcfkgmn/Build/Intermediates.noindex/BigInt.build/Debug/BigInt.build/swift-overrides.hmap -emit-const-values -Xfrontend -const-gather-protocols-file -Xfrontend /Users/rogerlin/Library/Developer/Xcode/DerivedData/FinancialCalculatorKit-ackorybalcxbfocbkqsfdzcfkgmn/Build/Intermediates.noindex/BigInt.build/Debug/BigInt.build/Objects-normal/arm64/BigInt_const_extract_protocols.json -Xcc -I/Users/rogerlin/Library/Developer/Xcode/DerivedData/FinancialCalculatorKit-ackorybalcxbfocbkqsfdzcfkgmn/Build/Products/Debug/include -Xcc -I/Users/rogerlin/Library/Developer/Xcode/DerivedData/FinancialCalculatorKit-ackorybalcxbfocbkqsfdzcfkgmn/Build/Intermediates.noindex/BigInt.build/Debug/BigInt.build/DerivedSources-normal/arm64 -Xcc -I/Users/rogerlin/Library/Developer/Xcode/DerivedData/FinancialCalculatorKit-ackorybalcxbfocbkqsfdzcfkgmn/Build/Intermediates.noindex/BigInt.build/Debug/BigInt.build/DerivedSources/arm64 -Xcc -I/Users/rogerlin/Library/Developer/Xcode/DerivedData/FinancialCalculatorKit-ackorybalcxbfocbkqsfdzcfkgmn/Build/Intermediates.noindex/BigInt.build/Debug/BigInt.build/DerivedSources -Xcc -DSWIFT_PACKAGE -Xcc -DDEBUG\=1 -emit-objc-header -emit-objc-header-path /Users/rogerlin/Library/Developer/Xcode/DerivedData/FinancialCalculatorKit-ackorybalcxbfocbkqsfdzcfkgmn/Build/Intermediates.noindex/BigInt.build/Debug/BigInt.build/Objects-normal/arm64/BigInt-Swift.h -working-directory /Users/rogerlin/XCode-Projects/FinancialCalculatorKit-5.0-updated-accent-colors/FinancialCalculatorKit.xcodeproj -experimental-emit-module-separately -disable-cmo

    Task input dependencies:
        /Users/rogerlin/Library/Developer/Xcode/DerivedData/FinancialCalculatorKit-ackorybalcxbfocbkqsfdzcfkgmn/SourcePackages/checkouts/BigInt/Sources/BigInt/BigFrac.swift
        /Users/rogerlin/Library/Developer/Xcode/DerivedData/FinancialCalculatorKit-ackorybalcxbfocbkqsfdzcfkgmn/SourcePackages/checkouts/BigInt/Sources/BigInt/BigInt-Extensions.swift
        /Users/rogerlin/Library/Developer/Xcode/DerivedData/FinancialCalculatorKit-ackorybalcxbfocbkqsfdzcfkgmn/SourcePackages/checkouts/BigInt/Sources/BigInt/BigInt.swift
        /Users/rogerlin/Library/Developer/Xcode/DerivedData/FinancialCalculatorKit-ackorybalcxbfocbkqsfdzcfkgmn/SourcePackages/checkouts/BigInt/Sources/BigInt/BitSieve.swift
        /Users/rogerlin/Library/Developer/Xcode/DerivedData/FinancialCalculatorKit-ackorybalcxbfocbkqsfdzcfkgmn/SourcePackages/checkouts/BigInt/Sources/BigInt/BurnikelZiegler.swift
        /Users/rogerlin/Library/Developer/Xcode/DerivedData/FinancialCalculatorKit-ackorybalcxbfocbkqsfdzcfkgmn/SourcePackages/checkouts/BigInt/Sources/BigInt/CRT.swift
        /Users/rogerlin/Library/Developer/Xcode/DerivedData/FinancialCalculatorKit-ackorybalcxbfocbkqsfdzcfkgmn/SourcePackages/checkouts/BigInt/Sources/BigInt/ExpMod.swift
        /Users/rogerlin/Library/Developer/Xcode/DerivedData/FinancialCalculatorKit-ackorybalcxbfocbkqsfdzcfkgmn/SourcePackages/checkouts/BigInt/Sources/BigInt/FFT.swift
        /Users/rogerlin/Library/Developer/Xcode/DerivedData/FinancialCalculatorKit-ackorybalcxbfocbkqsfdzcfkgmn/SourcePackages/checkouts/BigInt/Sources/BigInt/Factorial.swift
        /Users/rogerlin/Library/Developer/Xcode/DerivedData/FinancialCalculatorKit-ackorybalcxbfocbkqsfdzcfkgmn/SourcePackages/checkouts/BigInt/Sources/BigInt/GCD.swift
        /Users/rogerlin/Library/Developer/Xcode/DerivedData/FinancialCalculatorKit-ackorybalcxbfocbkqsfdzcfkgmn/SourcePackages/checkouts/BigInt/Sources/BigInt/Karatsuba.swift
        /Users/rogerlin/Library/Developer/Xcode/DerivedData/FinancialCalculatorKit-ackorybalcxbfocbkqsfdzcfkgmn/SourcePackages/checkouts/BigInt/Sources/BigInt/Limbs.swift
        /Users/rogerlin/Library/Developer/Xcode/DerivedData/FinancialCalculatorKit-ackorybalcxbfocbkqsfdzcfkgmn/SourcePackages/checkouts/BigInt/Sources/BigInt/ToomCook.swift
        /Users/rogerlin/Library/Developer/Xcode/DerivedData/FinancialCalculatorKit-ackorybalcxbfocbkqsfdzcfkgmn/Build/Intermediates.noindex/BigInt.build/Debug/BigInt.build/Objects-normal/arm64/BigInt.SwiftFileList
        /Users/rogerlin/Library/Developer/Xcode/DerivedData/FinancialCalculatorKit-ackorybalcxbfocbkqsfdzcfkgmn/Build/Intermediates.noindex/BigInt.build/Debug/BigInt.build/Objects-normal/arm64/BigInt-OutputFileMap.json
        /Users/rogerlin/Library/Developer/Xcode/DerivedData/FinancialCalculatorKit-ackorybalcxbfocbkqsfdzcfkgmn/Build/Intermediates.noindex/BigInt.build/Debug/BigInt.build/Objects-normal/arm64/BigInt_const_extract_protocols.json
        /Users/rogerlin/Library/Developer/Xcode/DerivedData/FinancialCalculatorKit-ackorybalcxbfocbkqsfdzcfkgmn/Build/Intermediates.noindex/GeneratedModuleMaps/BigInt.modulemap
        /Users/rogerlin/Library/Developer/Xcode/DerivedData/FinancialCalculatorKit-ackorybalcxbfocbkqsfdzcfkgmn/SourcePackages/checkouts/BigInt/Sources/BigInt/BigFrac.swift
        /Users/rogerlin/Library/Developer/Xcode/DerivedData/FinancialCalculatorKit-ackorybalcxbfocbkqsfdzcfkgmn/SourcePackages/checkouts/BigInt/Sources/BigInt/BigInt-Extensions.swift
        /Users/rogerlin/Library/Developer/Xcode/DerivedData/FinancialCalculatorKit-ackorybalcxbfocbkqsfdzcfkgmn/SourcePackages/checkouts/BigInt/Sources/BigInt/BigInt.swift
        /Users/rogerlin/Library/Developer/Xcode/DerivedData/FinancialCalculatorKit-ackorybalcxbfocbkqsfdzcfkgmn/SourcePackages/checkouts/BigInt/Sources/BigInt/BitSieve.swift
        /Users/rogerlin/Library/Developer/Xcode/DerivedData/FinancialCalculatorKit-ackorybalcxbfocbkqsfdzcfkgmn/SourcePackages/checkouts/BigInt/Sources/BigInt/BurnikelZiegler.swift
        /Users/rogerlin/Library/Developer/Xcode/DerivedData/FinancialCalculatorKit-ackorybalcxbfocbkqsfdzcfkgmn/SourcePackages/checkouts/BigInt/Sources/BigInt/CRT.swift
        /Users/rogerlin/Library/Developer/Xcode/DerivedData/FinancialCalculatorKit-ackorybalcxbfocbkqsfdzcfkgmn/SourcePackages/checkouts/BigInt/Sources/BigInt/ExpMod.swift
        /Users/rogerlin/Library/Developer/Xcode/DerivedData/FinancialCalculatorKit-ackorybalcxbfocbkqsfdzcfkgmn/SourcePackages/checkouts/BigInt/Sources/BigInt/FFT.swift
        /Users/rogerlin/Library/Developer/Xcode/DerivedData/FinancialCalculatorKit-ackorybalcxbfocbkqsfdzcfkgmn/SourcePackages/checkouts/BigInt/Sources/BigInt/Factorial.swift
        /Users/rogerlin/Library/Developer/Xcode/DerivedData/FinancialCalculatorKit-ackorybalcxbfocbkqsfdzcfkgmn/SourcePackages/checkouts/BigInt/Sources/BigInt/GCD.swift
        /Users/rogerlin/Library/Developer/Xcode/DerivedData/FinancialCalculatorKit-ackorybalcxbfocbkqsfdzcfkgmn/SourcePackages/checkouts/BigInt/Sources/BigInt/Karatsuba.swift
        /Users/rogerlin/Library/Developer/Xcode/DerivedData/FinancialCalculatorKit-ackorybalcxbfocbkqsfdzcfkgmn/SourcePackages/checkouts/BigInt/Sources/BigInt/Limbs.swift
        /Users/rogerlin/Library/Developer/Xcode/DerivedData/FinancialCalculatorKit-ackorybalcxbfocbkqsfdzcfkgmn/SourcePackages/checkouts/BigInt/Sources/BigInt/ToomCook.swift
        /Users/rogerlin/Library/Developer/Xcode/DerivedData/FinancialCalculatorKit-ackorybalcxbfocbkqsfdzcfkgmn/Build/Intermediates.noindex/BigInt.build/Debug/BigInt.build/Objects-normal/arm64/BigInt.SwiftFileList
        /Users/rogerlin/Library/Developer/Xcode/DerivedData/FinancialCalculatorKit-ackorybalcxbfocbkqsfdzcfkgmn/Build/Intermediates.noindex/BigInt.build/Debug/BigInt.build/Objects-normal/arm64/BigInt-OutputFileMap.json
        /Users/rogerlin/Library/Developer/Xcode/DerivedData/FinancialCalculatorKit-ackorybalcxbfocbkqsfdzcfkgmn/Build/Intermediates.noindex/BigInt.build/Debug/BigInt.build/Objects-normal/arm64/BigInt_const_extract_protocols.json
        /Users/rogerlin/Library/Developer/Xcode/DerivedData/FinancialCalculatorKit-ackorybalcxbfocbkqsfdzcfkgmn/Build/Intermediates.noindex/GeneratedModuleMaps/BigInt.modulemap
        <ClangStatCache /Users/rogerlin/Library/Developer/Xcode/DerivedData/SDKStatCaches.noindex/macosx26.1-25B74-3ae1261907bdadc328169391a47051a6.sdkstatcache>
        <target-BigInt-PACKAGE-TARGET:BigInt-SDKROOT:macosx:SDK_VARIANT:macos-copy-headers-completion>
        <target-BigInt-PACKAGE-TARGET:BigInt-SDKROOT:macosx:SDK_VARIANT:macos-ModuleVerifierTaskProducer>
        <target-BigInt-PACKAGE-TARGET:BigInt-SDKROOT:macosx:SDK_VARIANT:macos-begin-compiling>
        <WorkspaceHeaderMapVFSFilesWritten>

    Task output dependencies:
        /Users/rogerlin/Library/Developer/Xcode/DerivedData/FinancialCalculatorKit-ackorybalcxbfocbkqsfdzcfkgmn/Build/Intermediates.noindex/BigInt.build/Debug/BigInt.build/Objects-normal/arm64/BigInt Swift Compilation Requirements Finished
        /Users/rogerlin/Library/Developer/Xcode/DerivedData/FinancialCalculatorKit-ackorybalcxbfocbkqsfdzcfkgmn/Build/Intermediates.noindex/BigInt.build/Debug/BigInt.build/Objects-normal/arm64/BigInt.swiftmodule
        /Users/rogerlin/Library/Developer/Xcode/DerivedData/FinancialCalculatorKit-ackorybalcxbfocbkqsfdzcfkgmn/Build/Intermediates.noindex/BigInt.build/Debug/BigInt.build/Objects-normal/arm64/BigInt-linker-args.resp
        /Users/rogerlin/Library/Developer/Xcode/DerivedData/FinancialCalculatorKit-ackorybalcxbfocbkqsfdzcfkgmn/Build/Intermediates.noindex/BigInt.build/Debug/BigInt.build/Objects-normal/arm64/BigInt.swiftsourceinfo
        /Users/rogerlin/Library/Developer/Xcode/DerivedData/FinancialCalculatorKit-ackorybalcxbfocbkqsfdzcfkgmn/Build/Intermediates.noindex/BigInt.build/Debug/BigInt.build/Objects-normal/arm64/BigInt.abi.json
        /Users/rogerlin/Library/Developer/Xcode/DerivedData/FinancialCalculatorKit-ackorybalcxbfocbkqsfdzcfkgmn/Build/Intermediates.noindex/BigInt.build/Debug/BigInt.build/Objects-normal/arm64/BigInt-Swift.h
        /Users/rogerlin/Library/Developer/Xcode/DerivedData/FinancialCalculatorKit-ackorybalcxbfocbkqsfdzcfkgmn/Build/Intermediates.noindex/BigInt.build/Debug/BigInt.build/Objects-normal/arm64/BigInt.swiftdoc
Discovered dependency nodes:
/Applications/Xcode.app/Contents/Developer/Platforms/MacOSX.platform/Developer/SDKs/MacOSX26.1.sdk/System/Library/Frameworks/CFNetwork.framework/Modules/module.modulemap
/Applications/Xcode.app/Contents/Developer/Platforms/MacOSX.platform/Developer/SDKs/MacOSX26.1.sdk/System/Library/Frameworks/CFNetwork.framework/Headers/CFNetwork.h
/Applications/Xcode.app/Contents/Developer/Platforms/MacOSX.platform/Developer/SDKs/MacOSX26.1.sdk/System/Library/Frameworks/CoreFoundation.framework/Modules/module.modulemap
/Applications/Xcode.app/Contents/Developer/Platforms/MacOSX.platform/Developer/SDKs/MacOSX26.1.sdk/System/Library/Frameworks/CFNetwork.framework/Headers/CFNetworkDefs.h
/Applications/Xcode.app/Contents/Developer/Platforms/MacOSX.platform/Developer/SDKs/MacOSX26.1.sdk/usr/include/Darwin.modulemap
/Applications/Xcode.app/Contents/Developer/Platforms/MacOSX.platform/Developer/SDKs/MacOSX26.1.sdk/System/Library/Frameworks/CFNetwork.framework/Headers/CFNetworkErrors.h
/Applications/Xcode.app/Contents/Developer/Platforms/MacOSX.platform/Developer/SDKs/MacOSX26.1.sdk/System/Library/Frameworks/CFNetwork.framework/Headers/CFSocketStream.h
/Applications/Xcode.app/Contents/Developer/Platforms/MacOSX.platform/Developer/SDKs/MacOSX26.1.sdk/System/Library/Frameworks/CFNetwork.framework/Headers/CFHost.h
/Applications/Xcode.app/Contents/Developer/Platforms/MacOSX.platform/Developer/SDKs/MacOSX26.1.sdk/System/Library/Frameworks/CFNetwork.framework/Headers/CFNetServices.h
/Applications/Xcode.app/Contents/Developer/Platforms/MacOSX.platform/Developer/SDKs/MacOSX26.1.sdk/System/Library/Frameworks/CFNetwork.framework/Headers/CFFTPStream.h
/Applications/Xcode.app/Contents/Developer/Platforms/MacOSX.platform/Developer/SDKs/MacOSX26.1.sdk/System/Library/Frameworks/CFNetwork.framework/Headers/CFHTTPMessage.h
/Applications/Xcode.app/Contents/Developer/Platforms/MacOSX.platform/Developer/SDKs/MacOSX26.1.sdk/System/Library/Frameworks/CFNetwork.framework/Headers/CFHTTPStream.h
/Applications/Xcode.app/Contents/Developer/Platforms/MacOSX.platform/Developer/SDKs/MacOSX26.1.sdk/System/Library/Frameworks/CFNetwork.framework/Headers/CFHTTPAuthentication.h
/Applications/Xcode.app/Contents/Developer/Platforms/MacOSX.platform/Developer/SDKs/MacOSX26.1.sdk/System/Library/Frameworks/CFNetwork.framework/Headers/CFNetDiagnostics.h
/Applications/Xcode.app/Contents/Developer/Toolchains/XcodeDefault.xctoolchain/usr/lib/swift/clang/include/module.modulemap
/Applications/Xcode.app/Contents/Developer/Platforms/MacOSX.platform/Developer/SDKs/MacOSX26.1.sdk/System/Library/Frameworks/CFNetwork.framework/Headers/CFProxySupport.h
/Applications/Xcode.app/Contents/Developer/Platforms/MacOSX.platform/Developer/SDKs/MacOSX26.1.sdk/SDKSettings.json
/Applications/Xcode.app/Contents/Developer/Toolchains/XcodeDefault.xctoolchain/usr/lib/swift/macosx/prebuilt-modules/26.1/Combine.swiftmodule/arm64e-apple-macos.swiftmodule
/Applications/Xcode.app/Contents/Developer/Platforms/MacOSX.platform/Developer/SDKs/MacOSX26.1.sdk/System/Library/Frameworks/CoreFoundation.framework/Modules/module.modulemap
/Applications/Xcode.app/Contents/Developer/Platforms/MacOSX.platform/Developer/SDKs/MacOSX26.1.sdk/System/Library/Frameworks/CoreFoundation.framework/Headers/CoreFoundation.h
/Applications/Xcode.app/Contents/Developer/Platforms/MacOSX.platform/Developer/SDKs/MacOSX26.1.sdk/usr/include/dispatch.modulemap
/Applications/Xcode.app/Contents/Developer/Platforms/MacOSX.platform/Developer/SDKs/MacOSX26.1.sdk/usr/include/Darwin.modulemap
/Applications/Xcode.app/Contents/Developer/Platforms/MacOSX.platform/Developer/SDKs/MacOSX26.1.sdk/usr/include/Darwin_C.modulemap
/Applications/Xcode.app/Contents/Developer/Platforms/MacOSX.platform/Developer/SDKs/MacOSX26.1.sdk/usr/include/Darwin_POSIX.modulemap
/Applications/Xcode.app/Contents/Developer/Platforms/MacOSX.platform/Developer/SDKs/MacOSX26.1.sdk/usr/include/net.modulemap
/Applications/Xcode.app/Contents/Developer/Platforms/MacOSX.platform/Developer/SDKs/MacOSX26.1.sdk/usr/include/netinet.modulemap
/Applications/Xcode.app/Contents/Developer/Platforms/MacOSX.platform/Developer/SDKs/MacOSX26.1.sdk/usr/include/bank.modulemap
/Applications/Xcode.app/Contents/Developer/Platforms/MacOSX.platform/Developer/SDKs/MacOSX26.1.sdk/usr/include/Darwin_Mach.modulemap
/Applications/Xcode.app/Contents/Developer/Platforms/MacOSX.platform/Developer/SDKs/MacOSX26.1.sdk/usr/include/Darwin_Mach_machine.modulemap
/Applications/Xcode.app/Contents/Developer/Platforms/MacOSX.platform/Developer/SDKs/MacOSX26.1.sdk/usr/include/mach_debug.modulemap
/Applications/Xcode.app/Contents/Developer/Platforms/MacOSX.platform/Developer/SDKs/MacOSX26.1.sdk/usr/include/device.modulemap
/Applications/Xcode.app/Contents/Developer/Platforms/MacOSX.platform/Developer/SDKs/MacOSX26.1.sdk/usr/include/Darwin_machine.modulemap
/Applications/Xcode.app/Contents/Developer/Platforms/MacOSX.platform/Developer/SDKs/MacOSX26.1.sdk/usr/include/ncurses.modulemap
/Applications/Xcode.app/Contents/Developer/Platforms/MacOSX.platform/Developer/SDKs/MacOSX26.1.sdk/usr/include/netinet6.modulemap
/Applications/Xcode.app/Contents/Developer/Platforms/MacOSX.platform/Developer/SDKs/MacOSX26.1.sdk/usr/include/Darwin_sys.modulemap
/Applications/Xcode.app/Contents/Developer/Platforms/MacOSX.platform/Developer/SDKs/MacOSX26.1.sdk/usr/include/uuid.modulemap
/Applications/Xcode.app/Contents/Developer/Platforms/MacOSX.platform/Developer/SDKs/MacOSX26.1.sdk/usr/include/DarwinFoundation2.modulemap
/Applications/Xcode.app/Contents/Developer/Platforms/MacOSX.platform/Developer/SDKs/MacOSX26.1.sdk/usr/include/DarwinFoundation3.modulemap
/Applications/Xcode.app/Contents/Developer/Platforms/MacOSX.platform/Developer/SDKs/MacOSX26.1.sdk/usr/include/DarwinFoundation1.modulemap
/Applications/Xcode.app/Contents/Developer/Toolchains/XcodeDefault.xctoolchain/usr/lib/swift/clang/include/module.modulemap
/Applications/Xcode.app/Contents/Developer/Toolchains/XcodeDefault.xctoolchain/usr/lib/swift/clang/include/stdarg.h
/Applications/Xcode.app/Contents/Developer/Platforms/MacOSX.platform/Developer/SDKs/MacOSX26.1.sdk/usr/include/assert.h
/Applications/Xcode.app/Contents/Developer/Platforms/MacOSX.platform/Developer/SDKs/MacOSX26.1.sdk/usr/include/ctype.h
/Applications/Xcode.app/Contents/Developer/Toolchains/XcodeDefault.xctoolchain/usr/lib/swift/clang/include/stddef.h
/Applications/Xcode.app/Contents/Developer/Platforms/MacOSX.platform/Developer/SDKs/MacOSX26.1.sdk/usr/include/stdio.h
/Applications/Xcode.app/Contents/Developer/Platforms/MacOSX.platform/Developer/SDKs/MacOSX26.1.sdk/usr/include/stdlib.h
/Applications/Xcode.app/Contents/Developer/Platforms/MacOSX.platform/Developer/SDKs/MacOSX26.1.sdk/usr/include/string.h
/Applications/Xcode.app/Contents/Developer/Platforms/MacOSX.platform/Developer/SDKs/MacOSX26.1.sdk/usr/include/time.h
/Applications/Xcode.app/Contents/Developer/Platforms/MacOSX.platform/Developer/SDKs/MacOSX26.1.sdk/System/Library/Frameworks/CoreFoundation.framework/Headers/CFBase.h
/Applications/Xcode.app/Contents/Developer/Platforms/MacOSX.platform/Developer/SDKs/MacOSX26.1.sdk/System/Library/Frameworks/CoreFoundation.framework/Headers/CFAvailability.h
/Applications/Xcode.app/Contents/Developer/Platforms/MacOSX.platform/Developer/SDKs/MacOSX26.1.sdk/System/Library/Frameworks/CoreFoundation.framework/Headers/CFArray.h
/Applications/Xcode.app/Contents/Developer/Platforms/MacOSX.platform/Developer/SDKs/MacOSX26.1.sdk/System/Library/Frameworks/CoreFoundation.framework/Headers/CFBag.h
/Applications/Xcode.app/Contents/Developer/Platforms/MacOSX.platform/Developer/SDKs/MacOSX26.1.sdk/System/Library/Frameworks/CoreFoundation.framework/Headers/CFBinaryHeap.h
/Applications/Xcode.app/Contents/Developer/Platforms/MacOSX.platform/Developer/SDKs/MacOSX26.1.sdk/System/Library/Frameworks/CoreFoundation.framework/Headers/CFBitVector.h
/Applications/Xcode.app/Contents/Developer/Platforms/MacOSX.platform/Developer/SDKs/MacOSX26.1.sdk/System/Library/Frameworks/CoreFoundation.framework/Headers/CFByteOrder.h
/Applications/Xcode.app/Contents/Developer/Platforms/MacOSX.platform/Developer/SDKs/MacOSX26.1.sdk/System/Library/Frameworks/CoreFoundation.framework/Headers/CFCalendar.h
/Applications/Xcode.app/Contents/Developer/Platforms/MacOSX.platform/Developer/SDKs/MacOSX26.1.sdk/System/Library/Frameworks/CoreFoundation.framework/Headers/CFLocale.h
/Applications/Xcode.app/Contents/Developer/Platforms/MacOSX.platform/Developer/SDKs/MacOSX26.1.sdk/System/Library/Frameworks/CoreFoundation.framework/Headers/CFDictionary.h
/Applications/Xcode.app/Contents/Developer/Platforms/MacOSX.platform/Developer/SDKs/MacOSX26.1.sdk/System/Library/Frameworks/CoreFoundation.framework/Headers/CFNotificationCenter.h
/Applications/Xcode.app/Contents/Developer/Platforms/MacOSX.platform/Developer/SDKs/MacOSX26.1.sdk/System/Library/Frameworks/CoreFoundation.framework/Headers/CFDate.h
/Applications/Xcode.app/Contents/Developer/Platforms/MacOSX.platform/Developer/SDKs/MacOSX26.1.sdk/System/Library/Frameworks/CoreFoundation.framework/Headers/CFTimeZone.h
/Applications/Xcode.app/Contents/Developer/Platforms/MacOSX.platform/Developer/SDKs/MacOSX26.1.sdk/System/Library/Frameworks/CoreFoundation.framework/Headers/CFData.h
/Applications/Xcode.app/Contents/Developer/Platforms/MacOSX.platform/Developer/SDKs/MacOSX26.1.sdk/System/Library/Frameworks/CoreFoundation.framework/Headers/CFString.h
/Applications/Xcode.app/Contents/Developer/Platforms/MacOSX.platform/Developer/SDKs/MacOSX26.1.sdk/System/Library/Frameworks/CoreFoundation.framework/Headers/CFCharacterSet.h
/Applications/Xcode.app/Contents/Developer/Platforms/MacOSX.platform/Developer/SDKs/MacOSX26.1.sdk/System/Library/Frameworks/CoreFoundation.framework/Headers/CFError.h
/Applications/Xcode.app/Contents/Developer/Platforms/MacOSX.platform/Developer/SDKs/MacOSX26.1.sdk/System/Library/Frameworks/CoreFoundation.framework/Headers/CFCGTypes.h
/Applications/Xcode.app/Contents/Developer/Platforms/MacOSX.platform/Developer/SDKs/MacOSX26.1.sdk/System/Library/Frameworks/CoreFoundation.framework/Headers/CFDateFormatter.h
/Applications/Xcode.app/Contents/Developer/Platforms/MacOSX.platform/Developer/SDKs/MacOSX26.1.sdk/System/Library/Frameworks/CoreFoundation.framework/Headers/CFNumber.h
/Applications/Xcode.app/Contents/Developer/Platforms/MacOSX.platform/Developer/SDKs/MacOSX26.1.sdk/System/Library/Frameworks/CoreFoundation.framework/Headers/CFNumberFormatter.h
/Applications/Xcode.app/Contents/Developer/Platforms/MacOSX.platform/Developer/SDKs/MacOSX26.1.sdk/System/Library/Frameworks/CoreFoundation.framework/Headers/CFPreferences.h
/Applications/Xcode.app/Contents/Developer/Platforms/MacOSX.platform/Developer/SDKs/MacOSX26.1.sdk/System/Library/Frameworks/CoreFoundation.framework/Headers/CFPropertyList.h
/Applications/Xcode.app/Contents/Developer/Platforms/MacOSX.platform/Developer/SDKs/MacOSX26.1.sdk/System/Library/Frameworks/CoreFoundation.framework/Headers/CFStream.h
/Applications/Xcode.app/Contents/Developer/Platforms/MacOSX.platform/Developer/SDKs/MacOSX26.1.sdk/System/Library/Frameworks/CoreFoundation.framework/Headers/CFURL.h
/Applications/Xcode.app/Contents/Developer/Platforms/MacOSX.platform/Developer/SDKs/MacOSX26.1.sdk/System/Library/Frameworks/CoreFoundation.framework/Headers/CFRunLoop.h
/Applications/Xcode.app/Contents/Developer/Platforms/MacOSX.platform/Developer/SDKs/MacOSX26.1.sdk/System/Library/Frameworks/CoreFoundation.framework/Headers/CFSocket.h
/Applications/Xcode.app/Contents/Developer/Platforms/MacOSX.platform/Developer/SDKs/MacOSX26.1.sdk/System/Library/Frameworks/CoreFoundation.framework/Headers/CFSet.h
/Applications/Xcode.app/Contents/Developer/Platforms/MacOSX.platform/Developer/SDKs/MacOSX26.1.sdk/System/Library/Frameworks/CoreFoundation.framework/Headers/CFStringEncodingExt.h
/Applications/Xcode.app/Contents/Developer/Platforms/MacOSX.platform/Developer/SDKs/MacOSX26.1.sdk/System/Library/Frameworks/CoreFoundation.framework/Headers/CFTree.h
/Applications/Xcode.app/Contents/Developer/Platforms/MacOSX.platform/Developer/SDKs/MacOSX26.1.sdk/System/Library/Frameworks/CoreFoundation.framework/Headers/CFURLAccess.h
/Applications/Xcode.app/Contents/Developer/Platforms/MacOSX.platform/Developer/SDKs/MacOSX26.1.sdk/System/Library/Frameworks/CoreFoundation.framework/Headers/CFUUID.h
/Applications/Xcode.app/Contents/Developer/Platforms/MacOSX.platform/Developer/SDKs/MacOSX26.1.sdk/System/Library/Frameworks/CoreFoundation.framework/Headers/CFUtilities.h
/Applications/Xcode.app/Contents/Developer/Platforms/MacOSX.platform/Developer/SDKs/MacOSX26.1.sdk/System/Library/Frameworks/CoreFoundation.framework/Headers/CFBundle.h
/Applications/Xcode.app/Contents/Developer/Platforms/MacOSX.platform/Developer/SDKs/MacOSX26.1.sdk/System/Library/Frameworks/CoreFoundation.framework/Headers/CFMessagePort.h
/Applications/Xcode.app/Contents/Developer/Platforms/MacOSX.platform/Developer/SDKs/MacOSX26.1.sdk/System/Library/Frameworks/CoreFoundation.framework/Headers/CFPlugIn.h
/Applications/Xcode.app/Contents/Developer/Platforms/MacOSX.platform/Developer/SDKs/MacOSX26.1.sdk/System/Library/Frameworks/CoreFoundation.framework/Headers/CFMachPort.h
/Applications/Xcode.app/Contents/Developer/Platforms/MacOSX.platform/Developer/SDKs/MacOSX26.1.sdk/System/Library/Frameworks/CoreFoundation.framework/Headers/CFAttributedString.h
/Applications/Xcode.app/Contents/Developer/Platforms/MacOSX.platform/Developer/SDKs/MacOSX26.1.sdk/System/Library/Frameworks/CoreFoundation.framework/Headers/CFURLEnumerator.h
/Applications/Xcode.app/Contents/Developer/Platforms/MacOSX.platform/Developer/SDKs/MacOSX26.1.sdk/System/Library/Frameworks/CoreFoundation.framework/Headers/CFFileSecurity.h
/Applications/Xcode.app/Contents/Developer/Platforms/MacOSX.platform/Developer/SDKs/MacOSX26.1.sdk/System/Library/Frameworks/CoreFoundation.framework/Headers/CFStringTokenizer.h
/Applications/Xcode.app/Contents/Developer/Platforms/MacOSX.platform/Developer/SDKs/MacOSX26.1.sdk/System/Library/Frameworks/CoreFoundation.framework/Headers/CFFileDescriptor.h
/Applications/Xcode.app/Contents/Developer/Platforms/MacOSX.platform/Developer/SDKs/MacOSX26.1.sdk/System/Library/Frameworks/CoreFoundation.framework/Headers/CFUserNotification.h
/Applications/Xcode.app/Contents/Developer/Platforms/MacOSX.platform/Developer/SDKs/MacOSX26.1.sdk/System/Library/Frameworks/CoreFoundation.framework/Headers/CFXMLNode.h
/Applications/Xcode.app/Contents/Developer/Platforms/MacOSX.platform/Developer/SDKs/MacOSX26.1.sdk/System/Library/Frameworks/CoreFoundation.framework/Headers/CFXMLParser.h
/Applications/Xcode.app/Contents/Developer/Platforms/MacOSX.platform/Developer/SDKs/MacOSX26.1.sdk/System/Library/Frameworks/CoreFoundation.framework/Headers/CFPlugInCOM.h
/Applications/Xcode.app/Contents/Developer/Platforms/MacOSX.platform/Developer/SDKs/MacOSX26.1.sdk/SDKSettings.json
/Applications/Xcode.app/Contents/Developer/Toolchains/XcodeDefault.xctoolchain/usr/lib/swift/macosx/prebuilt-modules/26.1/CoreFoundation.swiftmodule/arm64e-apple-macos.swiftmodule
/Applications/Xcode.app/Contents/Developer/Platforms/MacOSX.platform/Developer/SDKs/MacOSX26.1.sdk/System/Library/Frameworks/CoreServices.framework/Modules/module.modulemap
/Applications/Xcode.app/Contents/Developer/Platforms/MacOSX.platform/Developer/SDKs/MacOSX26.1.sdk/System/Library/Frameworks/CoreServices.framework/Headers/CoreServices.h
/Applications/Xcode.app/Contents/Developer/Platforms/MacOSX.platform/Developer/SDKs/MacOSX26.1.sdk/System/Library/Frameworks/CoreFoundation.framework/Modules/module.modulemap
/Applications/Xcode.app/Contents/Developer/Platforms/MacOSX.platform/Developer/SDKs/MacOSX26.1.sdk/System/Library/Frameworks/CoreServices.framework/Frameworks/AE.framework/Headers/AE.h
/Applications/Xcode.app/Contents/Developer/Platforms/MacOSX.platform/Developer/SDKs/MacOSX26.1.sdk/System/Library/Frameworks/CoreServices.framework/Frameworks/CarbonCore.framework/Headers/CarbonCore.h
/Applications/Xcode.app/Contents/Developer/Platforms/MacOSX.platform/Developer/SDKs/MacOSX26.1.sdk/System/Library/Frameworks/CoreServices.framework/Frameworks/CarbonCore.framework/Headers/Finder.h
/Applications/Xcode.app/Contents/Developer/Platforms/MacOSX.platform/Developer/SDKs/MacOSX26.1.sdk/usr/include/dispatch.modulemap
/Applications/Xcode.app/Contents/Developer/Platforms/MacOSX.platform/Developer/SDKs/MacOSX26.1.sdk/usr/include/Darwin.modulemap
/Applications/Xcode.app/Contents/Developer/Platforms/MacOSX.platform/Developer/SDKs/MacOSX26.1.sdk/usr/include/DarwinFoundation2.modulemap
/Applications/Xcode.app/Contents/Developer/Platforms/MacOSX.platform/Developer/SDKs/MacOSX26.1.sdk/usr/include/DarwinFoundation1.modulemap
/Applications/Xcode.app/Contents/Developer/Platforms/MacOSX.platform/Developer/SDKs/MacOSX26.1.sdk/System/Library/Frameworks/CoreServices.framework/Frameworks/CarbonCore.framework/Headers/FixMath.h
/Applications/Xcode.app/Contents/Developer/Platforms/MacOSX.platform/Developer/SDKs/MacOSX26.1.sdk/System/Library/Frameworks/CoreServices.framework/Frameworks/CarbonCore.framework/Headers/Script.h
/Applications/Xcode.app/Contents/Developer/Platforms/MacOSX.platform/Developer/SDKs/MacOSX26.1.sdk/System/Library/Frameworks/CoreServices.framework/Frameworks/CarbonCore.framework/Headers/IntlResources.h
/Applications/Xcode.app/Contents/Developer/Platforms/MacOSX.platform/Developer/SDKs/MacOSX26.1.sdk/System/Library/Frameworks/CoreServices.framework/Frameworks/CarbonCore.framework/Headers/UTCUtils.h
/Applications/Xcode.app/Contents/Developer/Platforms/MacOSX.platform/Developer/SDKs/MacOSX26.1.sdk/System/Library/Frameworks/CoreServices.framework/Frameworks/CarbonCore.framework/Headers/MacErrors.h
/Applications/Xcode.app/Contents/Developer/Platforms/MacOSX.platform/Developer/SDKs/MacOSX26.1.sdk/System/Library/Frameworks/CoreServices.framework/Frameworks/CarbonCore.framework/Headers/TextCommon.h
/Applications/Xcode.app/Contents/Developer/Platforms/MacOSX.platform/Developer/SDKs/MacOSX26.1.sdk/System/Library/Frameworks/CoreServices.framework/Frameworks/CarbonCore.framework/Headers/Collections.h
/Applications/Xcode.app/Contents/Developer/Platforms/MacOSX.platform/Developer/SDKs/MacOSX26.1.sdk/System/Library/Frameworks/CoreServices.framework/Frameworks/CarbonCore.framework/Headers/MixedMode.h
/Applications/Xcode.app/Contents/Developer/Platforms/MacOSX.platform/Developer/SDKs/MacOSX26.1.sdk/System/Library/Frameworks/CoreServices.framework/Frameworks/CarbonCore.framework/Headers/Endian.h
/Applications/Xcode.app/Contents/Developer/Platforms/MacOSX.platform/Developer/SDKs/MacOSX26.1.sdk/System/Library/Frameworks/CoreServices.framework/Frameworks/CarbonCore.framework/Headers/Gestalt.h
/Applications/Xcode.app/Contents/Developer/Platforms/MacOSX.platform/Developer/SDKs/MacOSX26.1.sdk/System/Library/Frameworks/CoreServices.framework/Frameworks/CarbonCore.framework/Headers/MacMemory.h
/Applications/Xcode.app/Contents/Developer/Platforms/MacOSX.platform/Developer/SDKs/MacOSX26.1.sdk/System/Library/Frameworks/CoreServices.framework/Frameworks/CarbonCore.framework/Headers/Math64.h
/Applications/Xcode.app/Contents/Developer/Platforms/MacOSX.platform/Developer/SDKs/MacOSX26.1.sdk/System/Library/Frameworks/CoreServices.framework/Frameworks/CarbonCore.framework/Headers/BackupCore.h
/Applications/Xcode.app/Contents/Developer/Platforms/MacOSX.platform/Developer/SDKs/MacOSX26.1.sdk/System/Library/Frameworks/CoreServices.framework/Frameworks/CarbonCore.framework/Headers/DiskSpaceRecovery.h
/Applications/Xcode.app/Contents/Developer/Platforms/MacOSX.platform/Developer/SDKs/MacOSX26.1.sdk/System/Library/Frameworks/CoreServices.framework/Frameworks/CarbonCore.framework/Headers/Components.h
/Applications/Xcode.app/Contents/Developer/Platforms/MacOSX.platform/Developer/SDKs/MacOSX26.1.sdk/System/Library/Frameworks/CoreServices.framework/Frameworks/CarbonCore.framework/Headers/Files.h
/Applications/Xcode.app/Contents/Developer/Platforms/MacOSX.platform/Developer/SDKs/MacOSX26.1.sdk/System/Library/Frameworks/CoreServices.framework/Frameworks/CarbonCore.framework/Headers/OSUtils.h
/Applications/Xcode.app/Contents/Developer/Platforms/MacOSX.platform/Developer/SDKs/MacOSX26.1.sdk/System/Library/Frameworks/CoreServices.framework/Frameworks/CarbonCore.framework/Headers/DateTimeUtils.h
/Applications/Xcode.app/Contents/Developer/Platforms/MacOSX.platform/Developer/SDKs/MacOSX26.1.sdk/System/Library/Frameworks/DiskArbitration.framework/Modules/module.modulemap
/Applications/Xcode.app/Contents/Developer/Platforms/MacOSX.platform/Developer/SDKs/MacOSX26.1.sdk/System/Library/Frameworks/CoreServices.framework/Frameworks/CarbonCore.framework/Headers/Resources.h
/Applications/Xcode.app/Contents/Developer/Platforms/MacOSX.platform/Developer/SDKs/MacOSX26.1.sdk/System/Library/Frameworks/CoreServices.framework/Frameworks/CarbonCore.framework/Headers/CodeFragments.h
/Applications/Xcode.app/Contents/Developer/Platforms/MacOSX.platform/Developer/SDKs/MacOSX26.1.sdk/System/Library/Frameworks/CoreServices.framework/Frameworks/CarbonCore.framework/Headers/Multiprocessing.h
/Applications/Xcode.app/Contents/Developer/Platforms/MacOSX.platform/Developer/SDKs/MacOSX26.1.sdk/System/Library/Frameworks/CoreServices.framework/Frameworks/CarbonCore.framework/Headers/Aliases.h
/Applications/Xcode.app/Contents/Developer/Platforms/MacOSX.platform/Developer/SDKs/MacOSX26.1.sdk/System/Library/Frameworks/CoreServices.framework/Frameworks/CarbonCore.framework/Headers/MacLocales.h
/Applications/Xcode.app/Contents/Developer/Platforms/MacOSX.platform/Developer/SDKs/MacOSX26.1.sdk/System/Library/Frameworks/CoreServices.framework/Frameworks/CarbonCore.framework/Headers/Debugging.h
/Applications/Xcode.app/Contents/Developer/Platforms/MacOSX.platform/Developer/SDKs/MacOSX26.1.sdk/System/Library/Frameworks/CoreServices.framework/Frameworks/CarbonCore.framework/Headers/PLStringFuncs.h
/Applications/Xcode.app/Contents/Developer/Platforms/MacOSX.platform/Developer/SDKs/MacOSX26.1.sdk/System/Library/Frameworks/CoreServices.framework/Frameworks/CarbonCore.framework/Headers/DriverSynchronization.h
/Applications/Xcode.app/Contents/Developer/Platforms/MacOSX.platform/Developer/SDKs/MacOSX26.1.sdk/System/Library/Frameworks/CoreServices.framework/Frameworks/CarbonCore.framework/Headers/DriverServices.h
/Applications/Xcode.app/Contents/Developer/Platforms/MacOSX.platform/Developer/SDKs/MacOSX26.1.sdk/System/Library/Frameworks/CoreServices.framework/Frameworks/CarbonCore.framework/Headers/MachineExceptions.h
/Applications/Xcode.app/Contents/Developer/Platforms/MacOSX.platform/Developer/SDKs/MacOSX26.1.sdk/System/Library/Frameworks/CoreServices.framework/Frameworks/CarbonCore.framework/Headers/NumberFormatting.h
/Applications/Xcode.app/Contents/Developer/Platforms/MacOSX.platform/Developer/SDKs/MacOSX26.1.sdk/System/Library/Frameworks/CoreServices.framework/Frameworks/CarbonCore.framework/Headers/StringCompare.h
/Applications/Xcode.app/Contents/Developer/Platforms/MacOSX.platform/Developer/SDKs/MacOSX26.1.sdk/System/Library/Frameworks/CoreServices.framework/Frameworks/CarbonCore.framework/Headers/TextUtils.h
/Applications/Xcode.app/Contents/Developer/Platforms/MacOSX.platform/Developer/SDKs/MacOSX26.1.sdk/System/Library/Frameworks/CoreServices.framework/Frameworks/CarbonCore.framework/Headers/ToolUtils.h
/Applications/Xcode.app/Contents/Developer/Platforms/MacOSX.platform/Developer/SDKs/MacOSX26.1.sdk/System/Library/Frameworks/CoreServices.framework/Frameworks/CarbonCore.framework/Headers/UnicodeUtilities.h
/Applications/Xcode.app/Contents/Developer/Platforms/MacOSX.platform/Developer/SDKs/MacOSX26.1.sdk/System/Library/Frameworks/CoreServices.framework/Frameworks/CarbonCore.framework/Headers/fp.h
/Applications/Xcode.app/Contents/Developer/Platforms/MacOSX.platform/Developer/SDKs/MacOSX26.1.sdk/System/Library/Frameworks/CoreServices.framework/Frameworks/CarbonCore.framework/Headers/TextEncodingConverter.h
/Applications/Xcode.app/Contents/Developer/Platforms/MacOSX.platform/Developer/SDKs/MacOSX26.1.sdk/System/Library/Frameworks/CoreServices.framework/Frameworks/CarbonCore.framework/Headers/UnicodeConverter.h
/Applications/Xcode.app/Contents/Developer/Platforms/MacOSX.platform/Developer/SDKs/MacOSX26.1.sdk/System/Library/Frameworks/CoreServices.framework/Frameworks/CarbonCore.framework/Headers/Threads.h
/Applications/Xcode.app/Contents/Developer/Platforms/MacOSX.platform/Developer/SDKs/MacOSX26.1.sdk/System/Library/Frameworks/CoreServices.framework/Frameworks/CarbonCore.framework/Headers/Folders.h
/Applications/Xcode.app/Contents/Developer/Platforms/MacOSX.platform/Developer/SDKs/MacOSX26.1.sdk/System/Library/Frameworks/CoreServices.framework/Frameworks/CarbonCore.framework/Headers/Timer.h
/Applications/Xcode.app/Contents/Developer/Platforms/MacOSX.platform/Developer/SDKs/MacOSX26.1.sdk/System/Library/Frameworks/CoreServices.framework/Frameworks/CarbonCore.framework/Headers/MultiprocessingInfo.h
/Applications/Xcode.app/Contents/Developer/Platforms/MacOSX.platform/Developer/SDKs/MacOSX26.1.sdk/System/Library/Frameworks/CoreServices.framework/Frameworks/CarbonCore.framework/Headers/LowMem.h
/Applications/Xcode.app/Contents/Developer/Platforms/MacOSX.platform/Developer/SDKs/MacOSX26.1.sdk/System/Library/Frameworks/CoreServices.framework/Frameworks/CarbonCore.framework/Headers/AVLTree.h
/Applications/Xcode.app/Contents/Developer/Platforms/MacOSX.platform/Developer/SDKs/MacOSX26.1.sdk/System/Library/Frameworks/CoreServices.framework/Frameworks/CarbonCore.framework/Headers/PEFBinaryFormat.h
/Applications/Xcode.app/Contents/Developer/Platforms/MacOSX.platform/Developer/SDKs/MacOSX26.1.sdk/System/Library/Frameworks/CoreServices.framework/Frameworks/CarbonCore.framework/Headers/HFSVolumes.h
/Applications/Xcode.app/Contents/Developer/Platforms/MacOSX.platform/Developer/SDKs/MacOSX26.1.sdk/System/Library/Frameworks/CoreServices.framework/Frameworks/CarbonCore.framework/Headers/AIFF.h
/Applications/Xcode.app/Contents/Developer/Toolchains/XcodeDefault.xctoolchain/usr/lib/swift/clang/include/module.modulemap
/Applications/Xcode.app/Contents/Developer/Platforms/MacOSX.platform/Developer/SDKs/MacOSX26.1.sdk/System/Library/Frameworks/CoreServices.framework/Frameworks/CarbonCore.framework/Headers/TextEncodingPlugin.h
/Applications/Xcode.app/Contents/Developer/Platforms/MacOSX.platform/Developer/SDKs/MacOSX26.1.sdk/System/Library/Frameworks/CoreServices.framework/Frameworks/AE.framework/Headers/AEDataModel.h
/Applications/Xcode.app/Contents/Developer/Platforms/MacOSX.platform/Developer/SDKs/MacOSX26.1.sdk/System/Library/Frameworks/CoreServices.framework/Frameworks/AE.framework/Headers/AppleEvents.h
/Applications/Xcode.app/Contents/Developer/Platforms/MacOSX.platform/Developer/SDKs/MacOSX26.1.sdk/System/Library/Frameworks/CoreServices.framework/Frameworks/AE.framework/Headers/AEPackObject.h
/Applications/Xcode.app/Contents/Developer/Platforms/MacOSX.platform/Developer/SDKs/MacOSX26.1.sdk/System/Library/Frameworks/CoreServices.framework/Frameworks/AE.framework/Headers/AEObjects.h
/Applications/Xcode.app/Contents/Developer/Platforms/MacOSX.platform/Developer/SDKs/MacOSX26.1.sdk/System/Library/Frameworks/CoreServices.framework/Frameworks/AE.framework/Headers/AERegistry.h
/Applications/Xcode.app/Contents/Developer/Platforms/MacOSX.platform/Developer/SDKs/MacOSX26.1.sdk/System/Library/Frameworks/CoreServices.framework/Frameworks/AE.framework/Headers/AEUserTermTypes.h
/Applications/Xcode.app/Contents/Developer/Platforms/MacOSX.platform/Developer/SDKs/MacOSX26.1.sdk/System/Library/Frameworks/CoreServices.framework/Frameworks/AE.framework/Headers/AEHelpers.h
/Applications/Xcode.app/Contents/Developer/Toolchains/XcodeDefault.xctoolchain/usr/lib/swift/clang/include/stdarg.h
/Applications/Xcode.app/Contents/Developer/Platforms/MacOSX.platform/Developer/SDKs/MacOSX26.1.sdk/System/Library/Frameworks/CoreServices.framework/Frameworks/AE.framework/Headers/AEMach.h
/Applications/Xcode.app/Contents/Developer/Platforms/MacOSX.platform/Developer/SDKs/MacOSX26.1.sdk/System/Library/Frameworks/CFNetwork.framework/Modules/module.modulemap
/Applications/Xcode.app/Contents/Developer/Platforms/MacOSX.platform/Developer/SDKs/MacOSX26.1.sdk/System/Library/Frameworks/CoreServices.framework/Frameworks/DictionaryServices.framework/Headers/DictionaryServices.h
/Applications/Xcode.app/Contents/Developer/Platforms/MacOSX.platform/Developer/SDKs/MacOSX26.1.sdk/System/Library/Frameworks/CoreServices.framework/Frameworks/LaunchServices.framework/Headers/LaunchServices.h
/Applications/Xcode.app/Contents/Developer/Platforms/MacOSX.platform/Developer/SDKs/MacOSX26.1.sdk/System/Library/Frameworks/CoreServices.framework/Frameworks/LaunchServices.framework/Headers/IconsCore.h
/Applications/Xcode.app/Contents/Developer/Platforms/MacOSX.platform/Developer/SDKs/MacOSX26.1.sdk/System/Library/Frameworks/CoreServices.framework/Frameworks/OSServices.framework/Headers/OSServices.h
/Applications/Xcode.app/Contents/Developer/Platforms/MacOSX.platform/Developer/SDKs/MacOSX26.1.sdk/System/Library/Frameworks/CoreServices.framework/Frameworks/OSServices.framework/Headers/CSIdentity.h
/Applications/Xcode.app/Contents/Developer/Platforms/MacOSX.platform/Developer/SDKs/MacOSX26.1.sdk/System/Library/Frameworks/CoreServices.framework/Frameworks/OSServices.framework/Headers/CSIdentityBase.h
/Applications/Xcode.app/Contents/Developer/Platforms/MacOSX.platform/Developer/SDKs/MacOSX26.1.sdk/System/Library/Frameworks/Security.framework/Modules/module.modulemap
/Applications/Xcode.app/Contents/Developer/Platforms/MacOSX.platform/Developer/SDKs/MacOSX26.1.sdk/System/Library/Frameworks/CoreServices.framework/Frameworks/OSServices.framework/Headers/CSIdentityAuthority.h
/Applications/Xcode.app/Contents/Developer/Platforms/MacOSX.platform/Developer/SDKs/MacOSX26.1.sdk/System/Library/Frameworks/CoreServices.framework/Frameworks/OSServices.framework/Headers/CSIdentityQuery.h
/Applications/Xcode.app/Contents/Developer/Platforms/MacOSX.platform/Developer/SDKs/MacOSX26.1.sdk/System/Library/Frameworks/CoreServices.framework/Frameworks/OSServices.framework/Headers/IconStorage.h
/Applications/Xcode.app/Contents/Developer/Platforms/MacOSX.platform/Developer/SDKs/MacOSX26.1.sdk/System/Library/Frameworks/CoreServices.framework/Frameworks/OSServices.framework/Headers/Power.h
/Applications/Xcode.app/Contents/Developer/Platforms/MacOSX.platform/Developer/SDKs/MacOSX26.1.sdk/System/Library/Frameworks/CoreServices.framework/Frameworks/OSServices.framework/Headers/SecurityCore.h
/Applications/Xcode.app/Contents/Developer/Platforms/MacOSX.platform/Developer/SDKs/MacOSX26.1.sdk/System/Library/Frameworks/CoreServices.framework/Frameworks/OSServices.framework/Headers/KeychainCore.h
/Applications/Xcode.app/Contents/Developer/Platforms/MacOSX.platform/Developer/SDKs/MacOSX26.1.sdk/System/Library/Frameworks/CoreServices.framework/Frameworks/OSServices.framework/Headers/WSMethodInvocation.h
/Applications/Xcode.app/Contents/Developer/Platforms/MacOSX.platform/Developer/SDKs/MacOSX26.1.sdk/System/Library/Frameworks/CoreServices.framework/Frameworks/OSServices.framework/Headers/WSTypes.h
/Applications/Xcode.app/Contents/Developer/Platforms/MacOSX.platform/Developer/SDKs/MacOSX26.1.sdk/System/Library/Frameworks/CoreServices.framework/Frameworks/OSServices.framework/Headers/WSProtocolHandler.h
/Applications/Xcode.app/Contents/Developer/Platforms/MacOSX.platform/Developer/SDKs/MacOSX26.1.sdk/System/Library/Frameworks/CoreServices.framework/Frameworks/LaunchServices.framework/Headers/LSConstants.h
/Applications/Xcode.app/Contents/Developer/Platforms/MacOSX.platform/Developer/SDKs/MacOSX26.1.sdk/System/Library/Frameworks/CoreServices.framework/Frameworks/LaunchServices.framework/Headers/LSInfo.h
/Applications/Xcode.app/Contents/Developer/Platforms/MacOSX.platform/Developer/SDKs/MacOSX26.1.sdk/System/Library/Frameworks/CoreServices.framework/Frameworks/LaunchServices.framework/Headers/LSInfoDeprecated.h
/Applications/Xcode.app/Contents/Developer/Platforms/MacOSX.platform/Developer/SDKs/MacOSX26.1.sdk/System/Library/Frameworks/CoreServices.framework/Frameworks/LaunchServices.framework/Headers/LSOpen.h
/Applications/Xcode.app/Contents/Developer/Platforms/MacOSX.platform/Developer/SDKs/MacOSX26.1.sdk/System/Library/Frameworks/CoreServices.framework/Frameworks/LaunchServices.framework/Headers/LSOpenDeprecated.h
/Applications/Xcode.app/Contents/Developer/Platforms/MacOSX.platform/Developer/SDKs/MacOSX26.1.sdk/System/Library/Frameworks/CoreServices.framework/Frameworks/LaunchServices.framework/Headers/LSQuarantine.h
/Applications/Xcode.app/Contents/Developer/Platforms/MacOSX.platform/Developer/SDKs/MacOSX26.1.sdk/System/Library/Frameworks/CoreServices.framework/Frameworks/LaunchServices.framework/Headers/UTCoreTypes.h
/Applications/Xcode.app/Contents/Developer/Platforms/MacOSX.platform/Developer/SDKs/MacOSX26.1.sdk/System/Library/Frameworks/CoreServices.framework/Frameworks/LaunchServices.framework/Headers/UTType.h
/Applications/Xcode.app/Contents/Developer/Platforms/MacOSX.platform/Developer/SDKs/MacOSX26.1.sdk/System/Library/Frameworks/CoreServices.framework/Frameworks/Metadata.framework/Headers/Metadata.h
/Applications/Xcode.app/Contents/Developer/Platforms/MacOSX.platform/Developer/SDKs/MacOSX26.1.sdk/System/Library/Frameworks/CoreServices.framework/Frameworks/Metadata.framework/Headers/MDItem.h
/Applications/Xcode.app/Contents/Developer/Platforms/MacOSX.platform/Developer/SDKs/MacOSX26.1.sdk/System/Library/Frameworks/CoreServices.framework/Frameworks/Metadata.framework/Headers/MDLabel.h
/Applications/Xcode.app/Contents/Developer/Platforms/MacOSX.platform/Developer/SDKs/MacOSX26.1.sdk/System/Library/Frameworks/CoreServices.framework/Frameworks/Metadata.framework/Headers/MDQuery.h
/Applications/Xcode.app/Contents/Developer/Platforms/MacOSX.platform/Developer/SDKs/MacOSX26.1.sdk/System/Library/Frameworks/CoreServices.framework/Frameworks/Metadata.framework/Headers/MDSchema.h
/Applications/Xcode.app/Contents/Developer/Platforms/MacOSX.platform/Developer/SDKs/MacOSX26.1.sdk/System/Library/Frameworks/CoreServices.framework/Frameworks/Metadata.framework/Headers/MDImporter.h
/Applications/Xcode.app/Contents/Developer/Platforms/MacOSX.platform/Developer/SDKs/MacOSX26.1.sdk/System/Library/Frameworks/CoreServices.framework/Frameworks/SearchKit.framework/Headers/SearchKit.h
/Applications/Xcode.app/Contents/Developer/Platforms/MacOSX.platform/Developer/SDKs/MacOSX26.1.sdk/System/Library/Frameworks/CoreServices.framework/Frameworks/SearchKit.framework/Headers/SKDocument.h
/Applications/Xcode.app/Contents/Developer/Platforms/MacOSX.platform/Developer/SDKs/MacOSX26.1.sdk/System/Library/Frameworks/CoreServices.framework/Frameworks/SearchKit.framework/Headers/SKAnalysis.h
/Applications/Xcode.app/Contents/Developer/Platforms/MacOSX.platform/Developer/SDKs/MacOSX26.1.sdk/System/Library/Frameworks/CoreServices.framework/Frameworks/SearchKit.framework/Headers/SKIndex.h
/Applications/Xcode.app/Contents/Developer/Platforms/MacOSX.platform/Developer/SDKs/MacOSX26.1.sdk/System/Library/Frameworks/CoreServices.framework/Frameworks/SearchKit.framework/Headers/SKSearch.h
/Applications/Xcode.app/Contents/Developer/Platforms/MacOSX.platform/Developer/SDKs/MacOSX26.1.sdk/System/Library/Frameworks/CoreServices.framework/Frameworks/SearchKit.framework/Headers/SKSummary.h
/Applications/Xcode.app/Contents/Developer/Platforms/MacOSX.platform/Developer/SDKs/MacOSX26.1.sdk/System/Library/Frameworks/CoreServices.framework/Frameworks/FSEvents.framework/Headers/FSEvents.h
/Applications/Xcode.app/Contents/Developer/Platforms/MacOSX.platform/Developer/SDKs/MacOSX26.1.sdk/System/Library/Frameworks/CoreServices.framework/Frameworks/SharedFileList.framework/Headers/SharedFileList.h
/Applications/Xcode.app/Contents/Developer/Platforms/MacOSX.platform/Developer/SDKs/MacOSX26.1.sdk/System/Library/Frameworks/CoreServices.framework/Frameworks/SharedFileList.framework/Headers/LSSharedFileList.h
/Applications/Xcode.app/Contents/Developer/Platforms/MacOSX.platform/Developer/SDKs/MacOSX26.1.sdk/SDKSettings.json
/Applications/Xcode.app/Contents/Developer/Toolchains/XcodeDefault.xctoolchain/usr/lib/swift/macosx/prebuilt-modules/26.1/Darwin.swiftmodule/arm64e-apple-macos.swiftmodule
/Applications/Xcode.app/Contents/Developer/Platforms/MacOSX.platform/Developer/SDKs/MacOSX26.1.sdk/usr/include/Darwin.modulemap
/Applications/Xcode.app/Contents/Developer/Platforms/MacOSX.platform/Developer/SDKs/MacOSX26.1.sdk/usr/include/Darwin_C.modulemap
/Applications/Xcode.app/Contents/Developer/Platforms/MacOSX.platform/Developer/SDKs/MacOSX26.1.sdk/usr/include/Darwin_POSIX.modulemap
/Applications/Xcode.app/Contents/Developer/Platforms/MacOSX.platform/Developer/SDKs/MacOSX26.1.sdk/usr/include/net.modulemap
/Applications/Xcode.app/Contents/Developer/Platforms/MacOSX.platform/Developer/SDKs/MacOSX26.1.sdk/usr/include/netinet.modulemap
/Applications/Xcode.app/Contents/Developer/Platforms/MacOSX.platform/Developer/SDKs/MacOSX26.1.sdk/usr/include/bank.modulemap
/Applications/Xcode.app/Contents/Developer/Platforms/MacOSX.platform/Developer/SDKs/MacOSX26.1.sdk/usr/include/Darwin_Mach.modulemap
/Applications/Xcode.app/Contents/Developer/Platforms/MacOSX.platform/Developer/SDKs/MacOSX26.1.sdk/usr/include/Darwin_Mach_machine.modulemap
/Applications/Xcode.app/Contents/Developer/Platforms/MacOSX.platform/Developer/SDKs/MacOSX26.1.sdk/usr/include/mach_debug.modulemap
/Applications/Xcode.app/Contents/Developer/Platforms/MacOSX.platform/Developer/SDKs/MacOSX26.1.sdk/usr/include/device.modulemap
/Applications/Xcode.app/Contents/Developer/Platforms/MacOSX.platform/Developer/SDKs/MacOSX26.1.sdk/usr/include/Darwin_machine.modulemap
/Applications/Xcode.app/Contents/Developer/Platforms/MacOSX.platform/Developer/SDKs/MacOSX26.1.sdk/usr/include/ncurses.modulemap
/Applications/Xcode.app/Contents/Developer/Platforms/MacOSX.platform/Developer/SDKs/MacOSX26.1.sdk/usr/include/netinet6.modulemap
/Applications/Xcode.app/Contents/Developer/Platforms/MacOSX.platform/Developer/SDKs/MacOSX26.1.sdk/usr/include/Darwin_sys.modulemap
/Applications/Xcode.app/Contents/Developer/Platforms/MacOSX.platform/Developer/SDKs/MacOSX26.1.sdk/usr/include/uuid.modulemap
/Applications/Xcode.app/Contents/Developer/Platforms/MacOSX.platform/Developer/SDKs/MacOSX26.1.sdk/usr/include/DarwinFoundation2.modulemap
/Applications/Xcode.app/Contents/Developer/Platforms/MacOSX.platform/Developer/SDKs/MacOSX26.1.sdk/usr/include/DarwinFoundation3.modulemap
/Applications/Xcode.app/Contents/Developer/Platforms/MacOSX.platform/Developer/SDKs/MacOSX26.1.sdk/usr/include/DarwinFoundation1.modulemap
/Applications/Xcode.app/Contents/Developer/Platforms/MacOSX.platform/Developer/SDKs/MacOSX26.1.sdk/usr/include/copyfile.h
/Applications/Xcode.app/Contents/Developer/Toolchains/XcodeDefault.xctoolchain/usr/lib/swift/clang/include/module.modulemap
/Applications/Xcode.app/Contents/Developer/Platforms/MacOSX.platform/Developer/SDKs/MacOSX26.1.sdk/usr/include/err.h
/Applications/Xcode.app/Contents/Developer/Platforms/MacOSX.platform/Developer/SDKs/MacOSX26.1.sdk/usr/include/readpassphrase.h
/Applications/Xcode.app/Contents/Developer/Platforms/MacOSX.platform/Developer/SDKs/MacOSX26.1.sdk/usr/include/util.h
/Applications/Xcode.app/Contents/Developer/Platforms/MacOSX.platform/Developer/SDKs/MacOSX26.1.sdk/usr/include/sys/ttycom.h
/Applications/Xcode.app/Contents/Developer/Platforms/MacOSX.platform/Developer/SDKs/MacOSX26.1.sdk/usr/include/sys/ioccom.h
/Applications/Xcode.app/Contents/Developer/Platforms/MacOSX.platform/Developer/SDKs/MacOSX26.1.sdk/usr/include/stdio.h
/Applications/Xcode.app/Contents/Developer/Platforms/MacOSX.platform/Developer/SDKs/MacOSX26.1.sdk/usr/include/pwd.h
/Applications/Xcode.app/Contents/Developer/Platforms/MacOSX.platform/Developer/SDKs/MacOSX26.1.sdk/usr/include/uuid/uuid.h
/Applications/Xcode.app/Contents/Developer/Platforms/MacOSX.platform/Developer/SDKs/MacOSX26.1.sdk/usr/include/termios.h
/Applications/Xcode.app/Contents/Developer/Platforms/MacOSX.platform/Developer/SDKs/MacOSX26.1.sdk/usr/include/sys/termios.h
/Applications/Xcode.app/Contents/Developer/Platforms/MacOSX.platform/Developer/SDKs/MacOSX26.1.sdk/usr/include/sys/ttydefaults.h
/Applications/Xcode.app/Contents/Developer/Platforms/MacOSX.platform/Developer/SDKs/MacOSX26.1.sdk/usr/include/utmp.h
/Applications/Xcode.app/Contents/Developer/Platforms/MacOSX.platform/Developer/SDKs/MacOSX26.1.sdk/usr/include/xattr_flags.h
/Applications/Xcode.app/Contents/Developer/Platforms/MacOSX.platform/Developer/SDKs/MacOSX26.1.sdk/usr/include/_modules/_darwin_c_ctype.h
/Applications/Xcode.app/Contents/Developer/Platforms/MacOSX.platform/Developer/SDKs/MacOSX26.1.sdk/usr/include/ctype.h
/Applications/Xcode.app/Contents/Developer/Platforms/MacOSX.platform/Developer/SDKs/MacOSX26.1.sdk/usr/include/_modules/_darwin_c_errno.h
/Applications/Xcode.app/Contents/Developer/Platforms/MacOSX.platform/Developer/SDKs/MacOSX26.1.sdk/usr/include/_modules/_darwin_c_inttypes.h
/Applications/Xcode.app/Contents/Developer/Platforms/MacOSX.platform/Developer/SDKs/MacOSX26.1.sdk/usr/include/_modules/_darwin_c_limits.h
/Applications/Xcode.app/Contents/Developer/Platforms/MacOSX.platform/Developer/SDKs/MacOSX26.1.sdk/usr/include/_modules/_darwin_c_signal.h
/Applications/Xcode.app/Contents/Developer/Platforms/MacOSX.platform/Developer/SDKs/MacOSX26.1.sdk/usr/include/_modules/_darwin_c_stdarg.h
/Applications/Xcode.app/Contents/Developer/Toolchains/XcodeDefault.xctoolchain/usr/lib/swift/clang/include/stdarg.h
/Applications/Xcode.app/Contents/Developer/Platforms/MacOSX.platform/Developer/SDKs/MacOSX26.1.sdk/usr/include/_modules/_darwin_c_stdbool.h
/Applications/Xcode.app/Contents/Developer/Platforms/MacOSX.platform/Developer/SDKs/MacOSX26.1.sdk/usr/include/_modules/_darwin_c_stddef.h
/Applications/Xcode.app/Contents/Developer/Toolchains/XcodeDefault.xctoolchain/usr/lib/swift/clang/include/stddef.h
/Applications/Xcode.app/Contents/Developer/Platforms/MacOSX.platform/Developer/SDKs/MacOSX26.1.sdk/usr/include/_modules/_darwin_c_stdint.h
/Applications/Xcode.app/Contents/Developer/Platforms/MacOSX.platform/Developer/SDKs/MacOSX26.1.sdk/usr/include/_modules/_darwin_c_stdio.h
/Applications/Xcode.app/Contents/Developer/Platforms/MacOSX.platform/Developer/SDKs/MacOSX26.1.sdk/usr/include/_modules/_darwin_c_stdlib.h
/Applications/Xcode.app/Contents/Developer/Platforms/MacOSX.platform/Developer/SDKs/MacOSX26.1.sdk/usr/include/stdlib.h
/Applications/Xcode.app/Contents/Developer/Platforms/MacOSX.platform/Developer/SDKs/MacOSX26.1.sdk/usr/include/_modules/_darwin_c_string.h
/Applications/Xcode.app/Contents/Developer/Platforms/MacOSX.platform/Developer/SDKs/MacOSX26.1.sdk/usr/include/string.h
/Applications/Xcode.app/Contents/Developer/Platforms/MacOSX.platform/Developer/SDKs/MacOSX26.1.sdk/usr/include/_modules/_darwin_c_time.h
/Applications/Xcode.app/Contents/Developer/Platforms/MacOSX.platform/Developer/SDKs/MacOSX26.1.sdk/usr/include/time.h
/Applications/Xcode.app/Contents/Developer/Platforms/MacOSX.platform/Developer/SDKs/MacOSX26.1.sdk/usr/include/_modules/_darwin_c_wchar.h
/Applications/Xcode.app/Contents/Developer/Platforms/MacOSX.platform/Developer/SDKs/MacOSX26.1.sdk/usr/include/wchar.h
/Applications/Xcode.app/Contents/Developer/Platforms/MacOSX.platform/Developer/SDKs/MacOSX26.1.sdk/usr/include/aio.h
/Applications/Xcode.app/Contents/Developer/Platforms/MacOSX.platform/Developer/SDKs/MacOSX26.1.sdk/usr/include/sys/aio.h
/Applications/Xcode.app/Contents/Developer/Platforms/MacOSX.platform/Developer/SDKs/MacOSX26.1.sdk/usr/include/sys/_types/_o_sync.h
/Applications/Xcode.app/Contents/Developer/Platforms/MacOSX.platform/Developer/SDKs/MacOSX26.1.sdk/usr/include/sys/_types/_o_dsync.h
/Applications/Xcode.app/Contents/Developer/Platforms/MacOSX.platform/Developer/SDKs/MacOSX26.1.sdk/usr/include/arpa/inet.h
/Applications/Xcode.app/Contents/Developer/Platforms/MacOSX.platform/Developer/SDKs/MacOSX26.1.sdk/usr/include/netinet/in.h
/Applications/Xcode.app/Contents/Developer/Platforms/MacOSX.platform/Developer/SDKs/MacOSX26.1.sdk/usr/include/sys/socket.h
/Applications/Xcode.app/Contents/Developer/Platforms/MacOSX.platform/Developer/SDKs/MacOSX26.1.sdk/usr/include/sys/constrained_ctypes.h
/Applications/Xcode.app/Contents/Developer/Platforms/MacOSX.platform/Developer/SDKs/MacOSX26.1.sdk/usr/include/machine/_param.h
/Applications/Xcode.app/Contents/Developer/Platforms/MacOSX.platform/Developer/SDKs/MacOSX26.1.sdk/usr/include/arm/_param.h
/Applications/Xcode.app/Contents/Developer/Platforms/MacOSX.platform/Developer/SDKs/MacOSX26.1.sdk/usr/include/net/net_kev.h
/Applications/Xcode.app/Contents/Developer/Platforms/MacOSX.platform/Developer/SDKs/MacOSX26.1.sdk/usr/include/sys/_types/_sa_family_t.h
/Applications/Xcode.app/Contents/Developer/Platforms/MacOSX.platform/Developer/SDKs/MacOSX26.1.sdk/usr/include/sys/_types/_socklen_t.h
/Applications/Xcode.app/Contents/Developer/Platforms/MacOSX.platform/Developer/SDKs/MacOSX26.1.sdk/usr/include/sys/_types/_iovec_t.h
/Applications/Xcode.app/Contents/Developer/Platforms/MacOSX.platform/Developer/SDKs/MacOSX26.1.sdk/usr/include/netinet6/in6.h
/Applications/Xcode.app/Contents/Developer/Platforms/MacOSX.platform/Developer/SDKs/MacOSX26.1.sdk/usr/include/cpio.h
/Applications/Xcode.app/Contents/Developer/Platforms/MacOSX.platform/Developer/SDKs/MacOSX26.1.sdk/usr/include/dirent.h
/Applications/Xcode.app/Contents/Developer/Platforms/MacOSX.platform/Developer/SDKs/MacOSX26.1.sdk/usr/include/sys/dirent.h
/Applications/Xcode.app/Contents/Developer/Platforms/MacOSX.platform/Developer/SDKs/MacOSX26.1.sdk/usr/include/sys/dir.h
/Applications/Xcode.app/Contents/Developer/Platforms/MacOSX.platform/Developer/SDKs/MacOSX26.1.sdk/usr/include/dlfcn.h
/Applications/Xcode.app/Contents/Developer/Platforms/MacOSX.platform/Developer/SDKs/MacOSX26.1.sdk/usr/include/fcntl.h
/Applications/Xcode.app/Contents/Developer/Platforms/MacOSX.platform/Developer/SDKs/MacOSX26.1.sdk/usr/include/sys/fcntl.h
/Applications/Xcode.app/Contents/Developer/Platforms/MacOSX.platform/Developer/SDKs/MacOSX26.1.sdk/usr/include/sys/_types/_s_ifmt.h
/Applications/Xcode.app/Contents/Developer/Platforms/MacOSX.platform/Developer/SDKs/MacOSX26.1.sdk/usr/include/sys/_types/_filesec_t.h
/Applications/Xcode.app/Contents/Developer/Platforms/MacOSX.platform/Developer/SDKs/MacOSX26.1.sdk/usr/include/fmtmsg.h
/Applications/Xcode.app/Contents/Developer/Platforms/MacOSX.platform/Developer/SDKs/MacOSX26.1.sdk/usr/include/fnmatch.h
/Applications/Xcode.app/Contents/Developer/Platforms/MacOSX.platform/Developer/SDKs/MacOSX26.1.sdk/usr/include/ftw.h
/Applications/Xcode.app/Contents/Developer/Platforms/MacOSX.platform/Developer/SDKs/MacOSX26.1.sdk/usr/include/sys/stat.h
/Applications/Xcode.app/Contents/Developer/Platforms/MacOSX.platform/Developer/SDKs/MacOSX26.1.sdk/usr/include/glob.h
/Applications/Xcode.app/Contents/Developer/Platforms/MacOSX.platform/Developer/SDKs/MacOSX26.1.sdk/usr/include/grp.h
/Applications/Xcode.app/Contents/Developer/Platforms/MacOSX.platform/Developer/SDKs/MacOSX26.1.sdk/usr/include/iconv.h
/Applications/Xcode.app/Contents/Developer/Platforms/MacOSX.platform/Developer/SDKs/MacOSX26.1.sdk/usr/include/ifaddrs.h
/Applications/Xcode.app/Contents/Developer/Platforms/MacOSX.platform/Developer/SDKs/MacOSX26.1.sdk/usr/include/sys/ioctl.h
/Applications/Xcode.app/Contents/Developer/Platforms/MacOSX.platform/Developer/SDKs/MacOSX26.1.sdk/usr/include/sys/filio.h
/Applications/Xcode.app/Contents/Developer/Platforms/MacOSX.platform/Developer/SDKs/MacOSX26.1.sdk/usr/include/sys/sockio.h
/Applications/Xcode.app/Contents/Developer/Platforms/MacOSX.platform/Developer/SDKs/MacOSX26.1.sdk/usr/include/net/if.h
/Applications/Xcode.app/Contents/Developer/Platforms/MacOSX.platform/Developer/SDKs/MacOSX26.1.sdk/usr/include/net/if_var.h
/Applications/Xcode.app/Contents/Developer/Platforms/MacOSX.platform/Developer/SDKs/MacOSX26.1.sdk/usr/include/sys/time.h
/Applications/Xcode.app/Contents/Developer/Platforms/MacOSX.platform/Developer/SDKs/MacOSX26.1.sdk/usr/include/sys/_types/_timeval64.h
/Applications/Xcode.app/Contents/Developer/Platforms/MacOSX.platform/Developer/SDKs/MacOSX26.1.sdk/usr/include/sys/_types/_timeval32.h
/Applications/Xcode.app/Contents/Developer/Platforms/MacOSX.platform/Developer/SDKs/MacOSX26.1.sdk/usr/include/_langinfo.h
/Applications/Xcode.app/Contents/Developer/Platforms/MacOSX.platform/Developer/SDKs/MacOSX26.1.sdk/usr/include/xlocale/_langinfo.h
/Applications/Xcode.app/Contents/Developer/Platforms/MacOSX.platform/Developer/SDKs/MacOSX26.1.sdk/usr/include/libgen.h
/Applications/Xcode.app/Contents/Developer/Platforms/MacOSX.platform/Developer/SDKs/MacOSX26.1.sdk/usr/include/_monetary.h
/Applications/Xcode.app/Contents/Developer/Platforms/MacOSX.platform/Developer/SDKs/MacOSX26.1.sdk/usr/include/xlocale/_monetary.h
/Applications/Xcode.app/Contents/Developer/Platforms/MacOSX.platform/Developer/SDKs/MacOSX26.1.sdk/usr/include/ndbm.h
/Applications/Xcode.app/Contents/Developer/Platforms/MacOSX.platform/Developer/SDKs/MacOSX26.1.sdk/usr/include/netdb.h
/Applications/Xcode.app/Contents/Developer/Platforms/MacOSX.platform/Developer/SDKs/MacOSX26.1.sdk/usr/include/net/if_dl.h
/Applications/Xcode.app/Contents/Developer/Platforms/MacOSX.platform/Developer/SDKs/MacOSX26.1.sdk/usr/include/net/if_types.h
/Applications/Xcode.app/Contents/Developer/Platforms/MacOSX.platform/Developer/SDKs/MacOSX26.1.sdk/usr/include/netinet/tcp.h
/Applications/Xcode.app/Contents/Developer/Platforms/MacOSX.platform/Developer/SDKs/MacOSX26.1.sdk/usr/include/poll.h
/Applications/Xcode.app/Contents/Developer/Platforms/MacOSX.platform/Developer/SDKs/MacOSX26.1.sdk/usr/include/sys/poll.h
/Applications/Xcode.app/Contents/Developer/Platforms/MacOSX.platform/Developer/SDKs/MacOSX26.1.sdk/usr/include/pthread/spawn.h
/Applications/Xcode.app/Contents/Developer/Platforms/MacOSX.platform/Developer/SDKs/MacOSX26.1.sdk/usr/include/spawn.h
/Applications/Xcode.app/Contents/Developer/Platforms/MacOSX.platform/Developer/SDKs/MacOSX26.1.sdk/usr/include/sys/spawn.h
/Applications/Xcode.app/Contents/Developer/Platforms/MacOSX.platform/Developer/SDKs/MacOSX26.1.sdk/usr/include/mach/exception_types.h
/Applications/Xcode.app/Contents/Developer/Platforms/MacOSX.platform/Developer/SDKs/MacOSX26.1.sdk/usr/include/mach/machine/exception.h
/Applications/Xcode.app/Contents/Developer/Platforms/MacOSX.platform/Developer/SDKs/MacOSX26.1.sdk/usr/include/mach/arm/exception.h
/Applications/Xcode.app/Contents/Developer/Platforms/MacOSX.platform/Developer/SDKs/MacOSX26.1.sdk/usr/include/mach/port.h
/Applications/Xcode.app/Contents/Developer/Platforms/MacOSX.platform/Developer/SDKs/MacOSX26.1.sdk/usr/include/mach/boolean.h
/Applications/Xcode.app/Contents/Developer/Platforms/MacOSX.platform/Developer/SDKs/MacOSX26.1.sdk/usr/include/mach/machine/boolean.h
/Applications/Xcode.app/Contents/Developer/Platforms/MacOSX.platform/Developer/SDKs/MacOSX26.1.sdk/usr/include/mach/arm/boolean.h
/Applications/Xcode.app/Contents/Developer/Platforms/MacOSX.platform/Developer/SDKs/MacOSX26.1.sdk/usr/include/mach/machine/vm_types.h
/Applications/Xcode.app/Contents/Developer/Platforms/MacOSX.platform/Developer/SDKs/MacOSX26.1.sdk/usr/include/mach/arm/vm_types.h
/Applications/Xcode.app/Contents/Developer/Platforms/MacOSX.platform/Developer/SDKs/MacOSX26.1.sdk/usr/include/mach/thread_status.h
/Applications/Xcode.app/Contents/Developer/Platforms/MacOSX.platform/Developer/SDKs/MacOSX26.1.sdk/usr/include/mach/machine/thread_status.h
/Applications/Xcode.app/Contents/Developer/Platforms/MacOSX.platform/Developer/SDKs/MacOSX26.1.sdk/usr/include/mach/arm/thread_status.h
/Applications/Xcode.app/Contents/Developer/Platforms/MacOSX.platform/Developer/SDKs/MacOSX26.1.sdk/usr/include/mach/machine/thread_state.h
/Applications/Xcode.app/Contents/Developer/Platforms/MacOSX.platform/Developer/SDKs/MacOSX26.1.sdk/usr/include/mach/arm/thread_state.h
/Applications/Xcode.app/Contents/Developer/Platforms/MacOSX.platform/Developer/SDKs/MacOSX26.1.sdk/usr/include/mach/message.h
/Applications/Xcode.app/Contents/Developer/Platforms/MacOSX.platform/Developer/SDKs/MacOSX26.1.sdk/usr/include/mach/kern_return.h
/Applications/Xcode.app/Contents/Developer/Platforms/MacOSX.platform/Developer/SDKs/MacOSX26.1.sdk/usr/include/mach/machine/kern_return.h
/Applications/Xcode.app/Contents/Developer/Platforms/MacOSX.platform/Developer/SDKs/MacOSX26.1.sdk/usr/include/mach/arm/kern_return.h
/Applications/Xcode.app/Contents/Developer/Platforms/MacOSX.platform/Developer/SDKs/MacOSX26.1.sdk/usr/include/mach/vm_types.h
/Applications/Xcode.app/Contents/Developer/Platforms/MacOSX.platform/Developer/SDKs/MacOSX26.1.sdk/usr/include/mach_debug/ipc_info.h
/Applications/Xcode.app/Contents/Developer/Platforms/MacOSX.platform/Developer/SDKs/MacOSX26.1.sdk/usr/include/mach/machine.h
/Applications/Xcode.app/Contents/Developer/Platforms/MacOSX.platform/Developer/SDKs/MacOSX26.1.sdk/usr/include/pthread/pthread_spis.h
/Applications/Xcode.app/Contents/Developer/Platforms/MacOSX.platform/Developer/SDKs/MacOSX26.1.sdk/usr/include/_modules/_darwin_posix_pthread_pthread.h
/Applications/Xcode.app/Contents/Developer/Platforms/MacOSX.platform/Developer/SDKs/MacOSX26.1.sdk/usr/include/_regex.h
/Applications/Xcode.app/Contents/Developer/Platforms/MacOSX.platform/Developer/SDKs/MacOSX26.1.sdk/usr/include/xlocale/_regex.h
/Applications/Xcode.app/Contents/Developer/Platforms/MacOSX.platform/Developer/SDKs/MacOSX26.1.sdk/usr/include/search.h
/Applications/Xcode.app/Contents/Developer/Platforms/MacOSX.platform/Developer/SDKs/MacOSX26.1.sdk/usr/include/semaphore.h
/Applications/Xcode.app/Contents/Developer/Platforms/MacOSX.platform/Developer/SDKs/MacOSX26.1.sdk/usr/include/sys/semaphore.h
/Applications/Xcode.app/Contents/Developer/Platforms/MacOSX.platform/Developer/SDKs/MacOSX26.1.sdk/usr/include/sys/posix_sem.h
/Applications/Xcode.app/Contents/Developer/Platforms/MacOSX.platform/Developer/SDKs/MacOSX26.1.sdk/usr/include/sys/proc.h
/Applications/Xcode.app/Contents/Developer/Platforms/MacOSX.platform/Developer/SDKs/MacOSX26.1.sdk/usr/include/sys/queue.h
/Applications/Xcode.app/Contents/Developer/Platforms/MacOSX.platform/Developer/SDKs/MacOSX26.1.sdk/usr/include/sys/lock.h
/Applications/Xcode.app/Contents/Developer/Platforms/MacOSX.platform/Developer/SDKs/MacOSX26.1.sdk/usr/include/sys/param.h
/Applications/Xcode.app/Contents/Developer/Platforms/MacOSX.platform/Developer/SDKs/MacOSX26.1.sdk/usr/include/machine/param.h
/Applications/Xcode.app/Contents/Developer/Platforms/MacOSX.platform/Developer/SDKs/MacOSX26.1.sdk/usr/include/arm/param.h
/Applications/Xcode.app/Contents/Developer/Platforms/MacOSX.platform/Developer/SDKs/MacOSX26.1.sdk/usr/include/sys/event.h
/Applications/Xcode.app/Contents/Developer/Platforms/MacOSX.platform/Developer/SDKs/MacOSX26.1.sdk/usr/include/strings.h
/Applications/Xcode.app/Contents/Developer/Platforms/MacOSX.platform/Developer/SDKs/MacOSX26.1.sdk/usr/include/sys/ipc.h
/Applications/Xcode.app/Contents/Developer/Platforms/MacOSX.platform/Developer/SDKs/MacOSX26.1.sdk/usr/include/sys/mman.h
/Applications/Xcode.app/Contents/Developer/Platforms/MacOSX.platform/Developer/SDKs/MacOSX26.1.sdk/usr/include/sys/msg.h
/Applications/Xcode.app/Contents/Developer/Platforms/MacOSX.platform/Developer/SDKs/MacOSX26.1.sdk/usr/include/sys/sem.h
/Applications/Xcode.app/Contents/Developer/Platforms/MacOSX.platform/Developer/SDKs/MacOSX26.1.sdk/usr/include/sys/shm.h
/Applications/Xcode.app/Contents/Developer/Platforms/MacOSX.platform/Developer/SDKs/MacOSX26.1.sdk/usr/include/sys/posix_shm.h
/Applications/Xcode.app/Contents/Developer/Platforms/MacOSX.platform/Developer/SDKs/MacOSX26.1.sdk/usr/include/sys/statvfs.h
/Applications/Xcode.app/Contents/Developer/Platforms/MacOSX.platform/Developer/SDKs/MacOSX26.1.sdk/usr/include/sys/times.h
/Applications/Xcode.app/Contents/Developer/Platforms/MacOSX.platform/Developer/SDKs/MacOSX26.1.sdk/usr/include/sys/_types/_fsid_t.h
/Applications/Xcode.app/Contents/Developer/Platforms/MacOSX.platform/Developer/SDKs/MacOSX26.1.sdk/usr/include/sys/_types/_fsobj_id_t.h
/Applications/Xcode.app/Contents/Developer/Platforms/MacOSX.platform/Developer/SDKs/MacOSX26.1.sdk/usr/include/sys/_types/_graftdmg_un.h
/Applications/Xcode.app/Contents/Developer/Platforms/MacOSX.platform/Developer/SDKs/MacOSX26.1.sdk/usr/include/sys/_types/_guid_t.h
/Applications/Xcode.app/Contents/Developer/Platforms/MacOSX.platform/Developer/SDKs/MacOSX26.1.sdk/usr/include/sys/_types/_mount_t.h
/Applications/Xcode.app/Contents/Developer/Platforms/MacOSX.platform/Developer/SDKs/MacOSX26.1.sdk/usr/include/sys/_types/_os_inline.h
/Applications/Xcode.app/Contents/Developer/Platforms/MacOSX.platform/Developer/SDKs/MacOSX26.1.sdk/usr/include/sys/_types/_ucontext64.h
/Applications/Xcode.app/Contents/Developer/Platforms/MacOSX.platform/Developer/SDKs/MacOSX26.1.sdk/usr/include/sys/_types/_vnode_t.h
/Applications/Xcode.app/Contents/Developer/Platforms/MacOSX.platform/Developer/SDKs/MacOSX26.1.sdk/usr/include/sys/uio.h
/Applications/Xcode.app/Contents/Developer/Platforms/MacOSX.platform/Developer/SDKs/MacOSX26.1.sdk/usr/include/sys/un.h
/Applications/Xcode.app/Contents/Developer/Platforms/MacOSX.platform/Developer/SDKs/MacOSX26.1.sdk/usr/include/sys/utsname.h
/Applications/Xcode.app/Contents/Developer/Platforms/MacOSX.platform/Developer/SDKs/MacOSX26.1.sdk/usr/include/sys/vsock.h
/Applications/Xcode.app/Contents/Developer/Platforms/MacOSX.platform/Developer/SDKs/MacOSX26.1.sdk/usr/include/sys/ucred.h
/Applications/Xcode.app/Contents/Developer/Platforms/MacOSX.platform/Developer/SDKs/MacOSX26.1.sdk/usr/include/bsm/audit.h
/Applications/Xcode.app/Contents/Developer/Platforms/MacOSX.platform/Developer/SDKs/MacOSX26.1.sdk/usr/include/sys/socketvar.h
/Applications/Xcode.app/Contents/Developer/Platforms/MacOSX.platform/Developer/SDKs/MacOSX26.1.sdk/usr/include/sys/xattr.h
/Applications/Xcode.app/Contents/Developer/Platforms/MacOSX.platform/Developer/SDKs/MacOSX26.1.sdk/usr/include/_modules/_darwin_posix_sys_resource.h
/Applications/Xcode.app/Contents/Developer/Platforms/MacOSX.platform/Developer/SDKs/MacOSX26.1.sdk/usr/include/_modules/_darwin_posix_sys_select.h
/Applications/Xcode.app/Contents/Developer/Platforms/MacOSX.platform/Developer/SDKs/MacOSX26.1.sdk/usr/include/_modules/_darwin_posix_sys_wait.h
/Applications/Xcode.app/Contents/Developer/Platforms/MacOSX.platform/Developer/SDKs/MacOSX26.1.sdk/usr/include/syslog.h
/Applications/Xcode.app/Contents/Developer/Platforms/MacOSX.platform/Developer/SDKs/MacOSX26.1.sdk/usr/include/sys/syslog.h
/Applications/Xcode.app/Contents/Developer/Platforms/MacOSX.platform/Developer/SDKs/MacOSX26.1.sdk/usr/include/tar.h
/Applications/Xcode.app/Contents/Developer/Platforms/MacOSX.platform/Developer/SDKs/MacOSX26.1.sdk/usr/include/ulimit.h
/Applications/Xcode.app/Contents/Developer/Platforms/MacOSX.platform/Developer/SDKs/MacOSX26.1.sdk/usr/include/utime.h
/Applications/Xcode.app/Contents/Developer/Platforms/MacOSX.platform/Developer/SDKs/MacOSX26.1.sdk/usr/include/utmpx.h
/Applications/Xcode.app/Contents/Developer/Platforms/MacOSX.platform/Developer/SDKs/MacOSX26.1.sdk/usr/include/wordexp.h
/Applications/Xcode.app/Contents/Developer/Platforms/MacOSX.platform/Developer/SDKs/MacOSX26.1.sdk/usr/include/_modules/_darwin_posix_nl_types.h
/Applications/Xcode.app/Contents/Developer/Platforms/MacOSX.platform/Developer/SDKs/MacOSX26.1.sdk/usr/include/_modules/_darwin_posix_sched.h
/Applications/Xcode.app/Contents/Developer/Platforms/MacOSX.platform/Developer/SDKs/MacOSX26.1.sdk/usr/include/_modules/_darwin_posix_unistd.h
/Applications/Xcode.app/Contents/Developer/Platforms/MacOSX.platform/Developer/SDKs/MacOSX26.1.sdk/usr/include/net/bpf.h
/Applications/Xcode.app/Contents/Developer/Platforms/MacOSX.platform/Developer/SDKs/MacOSX26.1.sdk/usr/include/net/dlil.h
/Applications/Xcode.app/Contents/Developer/Platforms/MacOSX.platform/Developer/SDKs/MacOSX26.1.sdk/usr/include/net/ethernet.h
/Applications/Xcode.app/Contents/Developer/Platforms/MacOSX.platform/Developer/SDKs/MacOSX26.1.sdk/usr/include/net/if_arp.h
/Applications/Xcode.app/Contents/Developer/Platforms/MacOSX.platform/Developer/SDKs/MacOSX26.1.sdk/usr/include/net/if_llc.h
/Applications/Xcode.app/Contents/Developer/Platforms/MacOSX.platform/Developer/SDKs/MacOSX26.1.sdk/usr/include/net/if_media.h
/Applications/Xcode.app/Contents/Developer/Platforms/MacOSX.platform/Developer/SDKs/MacOSX26.1.sdk/usr/include/net/if_mib.h
/Applications/Xcode.app/Contents/Developer/Platforms/MacOSX.platform/Developer/SDKs/MacOSX26.1.sdk/usr/include/net/if_utun.h
/Applications/Xcode.app/Contents/Developer/Platforms/MacOSX.platform/Developer/SDKs/MacOSX26.1.sdk/usr/include/net/if_var_status.h
/Applications/Xcode.app/Contents/Developer/Platforms/MacOSX.platform/Developer/SDKs/MacOSX26.1.sdk/usr/include/net/kext_net.h
/Applications/Xcode.app/Contents/Developer/Platforms/MacOSX.platform/Developer/SDKs/MacOSX26.1.sdk/usr/include/net/ndrv.h
/Applications/Xcode.app/Contents/Developer/Platforms/MacOSX.platform/Developer/SDKs/MacOSX26.1.sdk/usr/include/net/pfkeyv2.h
/Applications/Xcode.app/Contents/Developer/Platforms/MacOSX.platform/Developer/SDKs/MacOSX26.1.sdk/usr/include/net/route.h
/Applications/Xcode.app/Contents/Developer/Platforms/MacOSX.platform/Developer/SDKs/MacOSX26.1.sdk/usr/include/netinet/bootp.h
/Applications/Xcode.app/Contents/Developer/Platforms/MacOSX.platform/Developer/SDKs/MacOSX26.1.sdk/usr/include/netinet/ip.h
/Applications/Xcode.app/Contents/Developer/Platforms/MacOSX.platform/Developer/SDKs/MacOSX26.1.sdk/usr/include/netinet/in_systm.h
/Applications/Xcode.app/Contents/Developer/Platforms/MacOSX.platform/Developer/SDKs/MacOSX26.1.sdk/usr/include/netinet/udp.h
/Applications/Xcode.app/Contents/Developer/Platforms/MacOSX.platform/Developer/SDKs/MacOSX26.1.sdk/usr/include/netinet/icmp6.h
/Applications/Xcode.app/Contents/Developer/Platforms/MacOSX.platform/Developer/SDKs/MacOSX26.1.sdk/usr/include/netinet/icmp_var.h
/Applications/Xcode.app/Contents/Developer/Platforms/MacOSX.platform/Developer/SDKs/MacOSX26.1.sdk/usr/include/netinet/ip_icmp.h
/Applications/Xcode.app/Contents/Developer/Platforms/MacOSX.platform/Developer/SDKs/MacOSX26.1.sdk/usr/include/netinet/if_ether.h
/Applications/Xcode.app/Contents/Developer/Platforms/MacOSX.platform/Developer/SDKs/MacOSX26.1.sdk/usr/include/netinet/igmp.h
/Applications/Xcode.app/Contents/Developer/Platforms/MacOSX.platform/Developer/SDKs/MacOSX26.1.sdk/usr/include/netinet/igmp_var.h
/Applications/Xcode.app/Contents/Developer/Platforms/MacOSX.platform/Developer/SDKs/MacOSX26.1.sdk/usr/include/netinet/in_pcb.h
/Applications/Xcode.app/Contents/Developer/Platforms/MacOSX.platform/Developer/SDKs/MacOSX26.1.sdk/usr/include/netinet/in_var.h
/Applications/Xcode.app/Contents/Developer/Platforms/MacOSX.platform/Developer/SDKs/MacOSX26.1.sdk/usr/include/sys/protosw.h
/Applications/Xcode.app/Contents/Developer/Platforms/MacOSX.platform/Developer/SDKs/MacOSX26.1.sdk/usr/include/sys/kern_event.h
/Applications/Xcode.app/Contents/Developer/Platforms/MacOSX.platform/Developer/SDKs/MacOSX26.1.sdk/usr/include/sys/sys_domain.h
/Applications/Xcode.app/Contents/Developer/Platforms/MacOSX.platform/Developer/SDKs/MacOSX26.1.sdk/usr/include/netinet6/in6_var.h
/Applications/Xcode.app/Contents/Developer/Platforms/MacOSX.platform/Developer/SDKs/MacOSX26.1.sdk/usr/include/netinet6/scope6_var.h
/Applications/Xcode.app/Contents/Developer/Platforms/MacOSX.platform/Developer/SDKs/MacOSX26.1.sdk/usr/include/netinet/ip6.h
/Applications/Xcode.app/Contents/Developer/Platforms/MacOSX.platform/Developer/SDKs/MacOSX26.1.sdk/usr/include/netinet/ip_var.h
/Applications/Xcode.app/Contents/Developer/Platforms/MacOSX.platform/Developer/SDKs/MacOSX26.1.sdk/usr/include/netinet/tcp_fsm.h
/Applications/Xcode.app/Contents/Developer/Platforms/MacOSX.platform/Developer/SDKs/MacOSX26.1.sdk/usr/include/netinet/tcp_seq.h
/Applications/Xcode.app/Contents/Developer/Platforms/MacOSX.platform/Developer/SDKs/MacOSX26.1.sdk/usr/include/netinet/tcp_timer.h
/Applications/Xcode.app/Contents/Developer/Platforms/MacOSX.platform/Developer/SDKs/MacOSX26.1.sdk/usr/include/netinet/tcp_var.h
/Applications/Xcode.app/Contents/Developer/Platforms/MacOSX.platform/Developer/SDKs/MacOSX26.1.sdk/usr/include/netinet/tcpip.h
/Applications/Xcode.app/Contents/Developer/Platforms/MacOSX.platform/Developer/SDKs/MacOSX26.1.sdk/usr/include/netinet/udp_var.h
/Applications/Xcode.app/Contents/Developer/Platforms/MacOSX.platform/Developer/SDKs/MacOSX26.1.sdk/usr/include/sys/sysctl.h
/Applications/Xcode.app/Contents/Developer/Platforms/MacOSX.platform/Developer/SDKs/MacOSX26.1.sdk/usr/include/sys/vm.h
/Applications/Xcode.app/Contents/Developer/Platforms/MacOSX.platform/Developer/SDKs/MacOSX26.1.sdk/usr/include/ar.h
/Applications/Xcode.app/Contents/Developer/Platforms/MacOSX.platform/Developer/SDKs/MacOSX26.1.sdk/usr/include/bank/bank_types.h
/Applications/Xcode.app/Contents/Developer/Platforms/MacOSX.platform/Developer/SDKs/MacOSX26.1.sdk/usr/include/os/base.h
/Applications/Xcode.app/Contents/Developer/Platforms/MacOSX.platform/Developer/SDKs/MacOSX26.1.sdk/usr/include/mach/mach_types.h
/Applications/Xcode.app/Contents/Developer/Platforms/MacOSX.platform/Developer/SDKs/MacOSX26.1.sdk/usr/include/mach/host_info.h
/Applications/Xcode.app/Contents/Developer/Platforms/MacOSX.platform/Developer/SDKs/MacOSX26.1.sdk/usr/include/mach/vm_statistics.h
/Applications/Xcode.app/Contents/Developer/Platforms/MacOSX.platform/Developer/SDKs/MacOSX26.1.sdk/usr/include/mach/time_value.h
/Applications/Xcode.app/Contents/Developer/Platforms/MacOSX.platform/Developer/SDKs/MacOSX26.1.sdk/usr/include/mach/host_notify.h
/Applications/Xcode.app/Contents/Developer/Platforms/MacOSX.platform/Developer/SDKs/MacOSX26.1.sdk/usr/include/mach/host_special_ports.h
/Applications/Xcode.app/Contents/Developer/Platforms/MacOSX.platform/Developer/SDKs/MacOSX26.1.sdk/usr/include/mach/memory_object_types.h
/Applications/Xcode.app/Contents/Developer/Platforms/MacOSX.platform/Developer/SDKs/MacOSX26.1.sdk/usr/include/mach/vm_prot.h
/Applications/Xcode.app/Contents/Developer/Platforms/MacOSX.platform/Developer/SDKs/MacOSX26.1.sdk/usr/include/mach/vm_sync.h
/Applications/Xcode.app/Contents/Developer/Platforms/MacOSX.platform/Developer/SDKs/MacOSX26.1.sdk/usr/include/mach/mach_voucher_types.h
/Applications/Xcode.app/Contents/Developer/Platforms/MacOSX.platform/Developer/SDKs/MacOSX26.1.sdk/usr/include/mach/std_types.h
/Applications/Xcode.app/Contents/Developer/Platforms/MacOSX.platform/Developer/SDKs/MacOSX26.1.sdk/usr/include/mach/processor_info.h
/Applications/Xcode.app/Contents/Developer/Platforms/MacOSX.platform/Developer/SDKs/MacOSX26.1.sdk/usr/include/mach/machine/processor_info.h
/Applications/Xcode.app/Contents/Developer/Platforms/MacOSX.platform/Developer/SDKs/MacOSX26.1.sdk/usr/include/mach/arm/processor_info.h
/Applications/Xcode.app/Contents/Developer/Platforms/MacOSX.platform/Developer/SDKs/MacOSX26.1.sdk/usr/include/mach/task_info.h
/Applications/Xcode.app/Contents/Developer/Platforms/MacOSX.platform/Developer/SDKs/MacOSX26.1.sdk/usr/include/mach/policy.h
/Applications/Xcode.app/Contents/Developer/Platforms/MacOSX.platform/Developer/SDKs/MacOSX26.1.sdk/usr/include/mach/task_inspect.h
/Applications/Xcode.app/Contents/Developer/Platforms/MacOSX.platform/Developer/SDKs/MacOSX26.1.sdk/usr/include/mach/task_policy.h
/Applications/Xcode.app/Contents/Developer/Platforms/MacOSX.platform/Developer/SDKs/MacOSX26.1.sdk/usr/include/mach/task_special_ports.h
/Applications/Xcode.app/Contents/Developer/Platforms/MacOSX.platform/Developer/SDKs/MacOSX26.1.sdk/usr/include/mach/thread_info.h
/Applications/Xcode.app/Contents/Developer/Platforms/MacOSX.platform/Developer/SDKs/MacOSX26.1.sdk/usr/include/mach/thread_policy.h
/Applications/Xcode.app/Contents/Developer/Platforms/MacOSX.platform/Developer/SDKs/MacOSX26.1.sdk/usr/include/mach/thread_special_ports.h
/Applications/Xcode.app/Contents/Developer/Platforms/MacOSX.platform/Developer/SDKs/MacOSX26.1.sdk/usr/include/mach/clock_types.h
/Applications/Xcode.app/Contents/Developer/Platforms/MacOSX.platform/Developer/SDKs/MacOSX26.1.sdk/usr/include/mach/vm_attributes.h
/Applications/Xcode.app/Contents/Developer/Platforms/MacOSX.platform/Developer/SDKs/MacOSX26.1.sdk/usr/include/mach/vm_inherit.h
/Applications/Xcode.app/Contents/Developer/Platforms/MacOSX.platform/Developer/SDKs/MacOSX26.1.sdk/usr/include/mach/vm_purgable.h
/Applications/Xcode.app/Contents/Developer/Platforms/MacOSX.platform/Developer/SDKs/MacOSX26.1.sdk/usr/include/mach/vm_behavior.h
/Applications/Xcode.app/Contents/Developer/Platforms/MacOSX.platform/Developer/SDKs/MacOSX26.1.sdk/usr/include/mach/vm_region.h
/Applications/Xcode.app/Contents/Developer/Platforms/MacOSX.platform/Developer/SDKs/MacOSX26.1.sdk/usr/include/mach/machine/vm_param.h
/Applications/Xcode.app/Contents/Developer/Platforms/MacOSX.platform/Developer/SDKs/MacOSX26.1.sdk/usr/include/mach/arm/vm_param.h
/Applications/Xcode.app/Contents/Developer/Platforms/MacOSX.platform/Developer/SDKs/MacOSX26.1.sdk/usr/include/mach/vm_page_size.h
/Applications/Xcode.app/Contents/Developer/Platforms/MacOSX.platform/Developer/SDKs/MacOSX26.1.sdk/usr/include/mach/kmod.h
/Applications/Xcode.app/Contents/Developer/Platforms/MacOSX.platform/Developer/SDKs/MacOSX26.1.sdk/usr/include/mach/dyld_kernel.h
/Applications/Xcode.app/Contents/Developer/Platforms/MacOSX.platform/Developer/SDKs/MacOSX26.1.sdk/usr/include/ConditionalMacros.h
/Applications/Xcode.app/Contents/Developer/Platforms/MacOSX.platform/Developer/SDKs/MacOSX26.1.sdk/usr/include/crt_externs.h
/Applications/Xcode.app/Contents/Developer/Platforms/MacOSX.platform/Developer/SDKs/MacOSX26.1.sdk/usr/include/fts.h
/Applications/Xcode.app/Contents/Developer/Platforms/MacOSX.platform/Developer/SDKs/MacOSX26.1.sdk/usr/include/getopt.h
/Applications/Xcode.app/Contents/Developer/Platforms/MacOSX.platform/Developer/SDKs/MacOSX26.1.sdk/usr/include/AssertMacros.h
/Applications/Xcode.app/Contents/Developer/Platforms/MacOSX.platform/Developer/SDKs/MacOSX26.1.sdk/usr/include/MacTypes.h
/Applications/Xcode.app/Contents/Developer/Platforms/MacOSX.platform/Developer/SDKs/MacOSX26.1.sdk/usr/include/mach/mach.h
/Applications/Xcode.app/Contents/Developer/Platforms/MacOSX.platform/Developer/SDKs/MacOSX26.1.sdk/usr/include/mach/mach_interface.h
/Applications/Xcode.app/Contents/Developer/Platforms/MacOSX.platform/Developer/SDKs/MacOSX26.1.sdk/usr/include/mach/clock_priv.h
/Applications/Xcode.app/Contents/Developer/Platforms/MacOSX.platform/Developer/SDKs/MacOSX26.1.sdk/usr/include/mach/ndr.h
/Applications/Xcode.app/Contents/Developer/Platforms/MacOSX.platform/Developer/SDKs/MacOSX26.1.sdk/usr/include/libkern/OSByteOrder.h
/Applications/Xcode.app/Contents/Developer/Platforms/MacOSX.platform/Developer/SDKs/MacOSX26.1.sdk/usr/include/libkern/arm/OSByteOrder.h
/Applications/Xcode.app/Contents/Developer/Platforms/MacOSX.platform/Developer/SDKs/MacOSX26.1.sdk/usr/include/arm/arch.h
/Applications/Xcode.app/Contents/Developer/Platforms/MacOSX.platform/Developer/SDKs/MacOSX26.1.sdk/usr/include/mach/notify.h
/Applications/Xcode.app/Contents/Developer/Platforms/MacOSX.platform/Developer/SDKs/MacOSX26.1.sdk/usr/include/mach/mig_errors.h
/Applications/Xcode.app/Contents/Developer/Platforms/MacOSX.platform/Developer/SDKs/MacOSX26.1.sdk/usr/include/mach/mig.h
/Applications/Xcode.app/Contents/Developer/Platforms/MacOSX.platform/Developer/SDKs/MacOSX26.1.sdk/usr/include/mach/host_priv.h
/Applications/Xcode.app/Contents/Developer/Platforms/MacOSX.platform/Developer/SDKs/MacOSX26.1.sdk/usr/include/mach_debug/mach_debug_types.h
/Applications/Xcode.app/Contents/Developer/Platforms/MacOSX.platform/Developer/SDKs/MacOSX26.1.sdk/usr/include/mach_debug/vm_info.h
/Applications/Xcode.app/Contents/Developer/Platforms/MacOSX.platform/Developer/SDKs/MacOSX26.1.sdk/usr/include/mach_debug/zone_info.h
/Applications/Xcode.app/Contents/Developer/Platforms/MacOSX.platform/Developer/SDKs/MacOSX26.1.sdk/usr/include/mach_debug/page_info.h
/Applications/Xcode.app/Contents/Developer/Platforms/MacOSX.platform/Developer/SDKs/MacOSX26.1.sdk/usr/include/mach_debug/hash_info.h
/Applications/Xcode.app/Contents/Developer/Platforms/MacOSX.platform/Developer/SDKs/MacOSX26.1.sdk/usr/include/mach_debug/lockgroup_info.h
/Applications/Xcode.app/Contents/Developer/Platforms/MacOSX.platform/Developer/SDKs/MacOSX26.1.sdk/usr/include/mach/host_security.h
/Applications/Xcode.app/Contents/Developer/Platforms/MacOSX.platform/Developer/SDKs/MacOSX26.1.sdk/usr/include/mach/processor.h
/Applications/Xcode.app/Contents/Developer/Platforms/MacOSX.platform/Developer/SDKs/MacOSX26.1.sdk/usr/include/mach/processor_set.h
/Applications/Xcode.app/Contents/Developer/Platforms/MacOSX.platform/Developer/SDKs/MacOSX26.1.sdk/usr/include/mach/semaphore.h
/Applications/Xcode.app/Contents/Developer/Platforms/MacOSX.platform/Developer/SDKs/MacOSX26.1.sdk/usr/include/mach/sync_policy.h
/Applications/Xcode.app/Contents/Developer/Platforms/MacOSX.platform/Developer/SDKs/MacOSX26.1.sdk/usr/include/mach/task.h
/Applications/Xcode.app/Contents/Developer/Platforms/MacOSX.platform/Developer/SDKs/MacOSX26.1.sdk/usr/include/mach/thread_act.h
/Applications/Xcode.app/Contents/Developer/Platforms/MacOSX.platform/Developer/SDKs/MacOSX26.1.sdk/usr/include/mach/vm_map.h
/Applications/Xcode.app/Contents/Developer/Platforms/MacOSX.platform/Developer/SDKs/MacOSX26.1.sdk/usr/include/mach/mach_port.h
/Applications/Xcode.app/Contents/Developer/Platforms/MacOSX.platform/Developer/SDKs/MacOSX26.1.sdk/usr/include/mach/mach_init.h
/Applications/Xcode.app/Contents/Developer/Platforms/MacOSX.platform/Developer/SDKs/MacOSX26.1.sdk/usr/include/mach/mach_traps.h
/Applications/Xcode.app/Contents/Developer/Platforms/MacOSX.platform/Developer/SDKs/MacOSX26.1.sdk/usr/include/mach/error.h
/Applications/Xcode.app/Contents/Developer/Platforms/MacOSX.platform/Developer/SDKs/MacOSX26.1.sdk/usr/include/mach/mach_host.h
/Applications/Xcode.app/Contents/Developer/Platforms/MacOSX.platform/Developer/SDKs/MacOSX26.1.sdk/usr/include/mach/thread_switch.h
/Applications/Xcode.app/Contents/Developer/Platforms/MacOSX.platform/Developer/SDKs/MacOSX26.1.sdk/usr/include/mach/rpc.h
/Applications/Xcode.app/Contents/Developer/Platforms/MacOSX.platform/Developer/SDKs/MacOSX26.1.sdk/usr/include/mach/machine/rpc.h
/Applications/Xcode.app/Contents/Developer/Platforms/MacOSX.platform/Developer/SDKs/MacOSX26.1.sdk/usr/include/mach/arm/rpc.h
/Applications/Xcode.app/Contents/Developer/Platforms/MacOSX.platform/Developer/SDKs/MacOSX26.1.sdk/usr/include/mach/mach_error.h
/Applications/Xcode.app/Contents/Developer/Platforms/MacOSX.platform/Developer/SDKs/MacOSX26.1.sdk/usr/include/mach/audit_triggers_types.h
/Applications/Xcode.app/Contents/Developer/Platforms/MacOSX.platform/Developer/SDKs/MacOSX26.1.sdk/usr/include/mach/bootstrap.h
/Applications/Xcode.app/Contents/Developer/Platforms/MacOSX.platform/Developer/SDKs/MacOSX26.1.sdk/usr/include/mach/clock.h
/Applications/Xcode.app/Contents/Developer/Platforms/MacOSX.platform/Developer/SDKs/MacOSX26.1.sdk/usr/include/mach/clock_reply.h
/Applications/Xcode.app/Contents/Developer/Platforms/MacOSX.platform/Developer/SDKs/MacOSX26.1.sdk/usr/include/mach/exc.h
/Applications/Xcode.app/Contents/Developer/Platforms/MacOSX.platform/Developer/SDKs/MacOSX26.1.sdk/usr/include/mach/exception.h
/Applications/Xcode.app/Contents/Developer/Platforms/MacOSX.platform/Developer/SDKs/MacOSX26.1.sdk/usr/include/mach/host_reboot.h
/Applications/Xcode.app/Contents/Developer/Platforms/MacOSX.platform/Developer/SDKs/MacOSX26.1.sdk/usr/include/arm64/hv/hv_kern_types.h
/Applications/Xcode.app/Contents/Developer/Platforms/MacOSX.platform/Developer/SDKs/MacOSX26.1.sdk/usr/include/mach/mach_param.h
/Applications/Xcode.app/Contents/Developer/Platforms/MacOSX.platform/Developer/SDKs/MacOSX26.1.sdk/usr/include/mach/mach_right.h
/Applications/Xcode.app/Contents/Developer/Platforms/MacOSX.platform/Developer/SDKs/MacOSX26.1.sdk/usr/include/mach/mach_syscalls.h
/Applications/Xcode.app/Contents/Developer/Platforms/MacOSX.platform/Developer/SDKs/MacOSX26.1.sdk/usr/include/mach/mach_time.h
/Applications/Xcode.app/Contents/Developer/Platforms/MacOSX.platform/Developer/SDKs/MacOSX26.1.sdk/usr/include/mach/mach_vm.h
/Applications/Xcode.app/Contents/Developer/Platforms/MacOSX.platform/Developer/SDKs/MacOSX26.1.sdk/usr/include/mach/mach_voucher.h
/Applications/Xcode.app/Contents/Developer/Platforms/MacOSX.platform/Developer/SDKs/MacOSX26.1.sdk/usr/include/mach/memory_entry.h
/Applications/Xcode.app/Contents/Developer/Platforms/MacOSX.platform/Developer/SDKs/MacOSX26.1.sdk/usr/include/mach/mig_strncpy_zerofill_support.h
/Applications/Xcode.app/Contents/Developer/Platforms/MacOSX.platform/Developer/SDKs/MacOSX26.1.sdk/usr/include/mach/mig_voucher_support.h
/Applications/Xcode.app/Contents/Developer/Platforms/MacOSX.platform/Developer/SDKs/MacOSX26.1.sdk/usr/include/mach/port_obj.h
/Applications/Xcode.app/Contents/Developer/Platforms/MacOSX.platform/Developer/SDKs/MacOSX26.1.sdk/usr/include/mach/sdt.h
/Applications/Xcode.app/Contents/Developer/Platforms/MacOSX.platform/Developer/SDKs/MacOSX26.1.sdk/usr/include/mach/machine/sdt.h
/Applications/Xcode.app/Contents/Developer/Platforms/MacOSX.platform/Developer/SDKs/MacOSX26.1.sdk/usr/include/sys/sdt.h
/Applications/Xcode.app/Contents/Developer/Platforms/MacOSX.platform/Developer/SDKs/MacOSX26.1.sdk/usr/include/mach/shared_region.h
/Applications/Xcode.app/Contents/Developer/Platforms/MacOSX.platform/Developer/SDKs/MacOSX26.1.sdk/usr/include/mach/sync.h
/Applications/Xcode.app/Contents/Developer/Platforms/MacOSX.platform/Developer/SDKs/MacOSX26.1.sdk/usr/include/mach/thread_state.h
/Applications/Xcode.app/Contents/Developer/Platforms/MacOSX.platform/Developer/SDKs/MacOSX26.1.sdk/usr/include/mach/vm_param.h
/Applications/Xcode.app/Contents/Developer/Platforms/MacOSX.platform/Developer/SDKs/MacOSX26.1.sdk/usr/include/mach/vm_task.h
/Applications/Xcode.app/Contents/Developer/Platforms/MacOSX.platform/Developer/SDKs/MacOSX26.1.sdk/usr/include/mach/machine/asm.h
/Applications/Xcode.app/Contents/Developer/Platforms/MacOSX.platform/Developer/SDKs/MacOSX26.1.sdk/usr/include/mach/arm64/asm.h
/Applications/Xcode.app/Contents/Developer/Platforms/MacOSX.platform/Developer/SDKs/MacOSX26.1.sdk/usr/include/mach/i386/asm.h
/Applications/Xcode.app/Contents/Developer/Platforms/MacOSX.platform/Developer/SDKs/MacOSX26.1.sdk/usr/include/mach/arm/asm.h
/Applications/Xcode.app/Contents/Developer/Platforms/MacOSX.platform/Developer/SDKs/MacOSX26.1.sdk/usr/include/mach/i386/boolean.h
/Applications/Xcode.app/Contents/Developer/Platforms/MacOSX.platform/Developer/SDKs/MacOSX26.1.sdk/usr/include/mach/i386/exception.h
/Applications/Xcode.app/Contents/Developer/Platforms/MacOSX.platform/Developer/SDKs/MacOSX26.1.sdk/usr/include/mach/i386/fp_reg.h
/Applications/Xcode.app/Contents/Developer/Platforms/MacOSX.platform/Developer/SDKs/MacOSX26.1.sdk/usr/include/mach/i386/kern_return.h
/Applications/Xcode.app/Contents/Developer/Platforms/MacOSX.platform/Developer/SDKs/MacOSX26.1.sdk/usr/include/mach/machine/ndr_def.h
/Applications/Xcode.app/Contents/Developer/Platforms/MacOSX.platform/Developer/SDKs/MacOSX26.1.sdk/usr/include/mach/arm/ndr_def.h
/Applications/Xcode.app/Contents/Developer/Platforms/MacOSX.platform/Developer/SDKs/MacOSX26.1.sdk/usr/include/mach/i386/processor_info.h
/Applications/Xcode.app/Contents/Developer/Platforms/MacOSX.platform/Developer/SDKs/MacOSX26.1.sdk/usr/include/mach/i386/rpc.h
/Applications/Xcode.app/Contents/Developer/Platforms/MacOSX.platform/Developer/SDKs/MacOSX26.1.sdk/usr/include/mach/machine/sdt_isa.h
/Applications/Xcode.app/Contents/Developer/Platforms/MacOSX.platform/Developer/SDKs/MacOSX26.1.sdk/usr/include/mach/arm/sdt_isa.h
/Applications/Xcode.app/Contents/Developer/Platforms/MacOSX.platform/Developer/SDKs/MacOSX26.1.sdk/usr/include/mach/i386/sdt_isa.h
/Applications/Xcode.app/Contents/Developer/Platforms/MacOSX.platform/Developer/SDKs/MacOSX26.1.sdk/usr/include/mach/i386/thread_state.h
/Applications/Xcode.app/Contents/Developer/Platforms/MacOSX.platform/Developer/SDKs/MacOSX26.1.sdk/usr/include/mach/i386/thread_status.h
/Applications/Xcode.app/Contents/Developer/Platforms/MacOSX.platform/Developer/SDKs/MacOSX26.1.sdk/usr/include/mach/arm/traps.h
/Applications/Xcode.app/Contents/Developer/Platforms/MacOSX.platform/Developer/SDKs/MacOSX26.1.sdk/usr/include/mach/i386/vm_param.h
/Applications/Xcode.app/Contents/Developer/Platforms/MacOSX.platform/Developer/SDKs/MacOSX26.1.sdk/usr/include/mach/i386/vm_types.h
/Applications/Xcode.app/Contents/Developer/Platforms/MacOSX.platform/Developer/SDKs/MacOSX26.1.sdk/usr/include/mach_debug/mach_debug.h
/Applications/Xcode.app/Contents/Developer/Platforms/MacOSX.platform/Developer/SDKs/MacOSX26.1.sdk/usr/include/device/device_types.h
/Applications/Xcode.app/Contents/Developer/Platforms/MacOSX.platform/Developer/SDKs/MacOSX26.1.sdk/usr/include/device/device_port.h
/Applications/Xcode.app/Contents/Developer/Platforms/MacOSX.platform/Developer/SDKs/MacOSX26.1.sdk/usr/include/libkern/OSAtomic.h
/Applications/Xcode.app/Contents/Developer/Platforms/MacOSX.platform/Developer/SDKs/MacOSX26.1.sdk/usr/include/libkern/OSAtomicDeprecated.h
/Applications/Xcode.app/Contents/Developer/Platforms/MacOSX.platform/Developer/SDKs/MacOSX26.1.sdk/usr/include/libkern/OSSpinLockDeprecated.h
/Applications/Xcode.app/Contents/Developer/Platforms/MacOSX.platform/Developer/SDKs/MacOSX26.1.sdk/usr/include/libkern/OSAtomicQueue.h
/Applications/Xcode.app/Contents/Developer/Platforms/MacOSX.platform/Developer/SDKs/MacOSX26.1.sdk/usr/include/libkern/machine/OSByteOrder.h
/Applications/Xcode.app/Contents/Developer/Platforms/MacOSX.platform/Developer/SDKs/MacOSX26.1.sdk/usr/include/libkern/i386/OSByteOrder.h
/Applications/Xcode.app/Contents/Developer/Platforms/MacOSX.platform/Developer/SDKs/MacOSX26.1.sdk/usr/include/libproc.h
/Applications/Xcode.app/Contents/Developer/Platforms/MacOSX.platform/Developer/SDKs/MacOSX26.1.sdk/usr/include/sys/mount.h
/Applications/Xcode.app/Contents/Developer/Platforms/MacOSX.platform/Developer/SDKs/MacOSX26.1.sdk/usr/include/sys/attr.h
/Applications/Xcode.app/Contents/Developer/Platforms/MacOSX.platform/Developer/SDKs/MacOSX26.1.sdk/usr/include/sys/proc_info.h
/Applications/Xcode.app/Contents/Developer/Platforms/MacOSX.platform/Developer/SDKs/MacOSX26.1.sdk/usr/include/sys/kern_control.h
/Applications/Xcode.app/Contents/Developer/Platforms/MacOSX.platform/Developer/SDKs/MacOSX26.1.sdk/usr/include/os/clock.h
/Applications/Xcode.app/Contents/Developer/Platforms/MacOSX.platform/Developer/SDKs/MacOSX26.1.sdk/usr/include/os/lock.h
/Applications/Xcode.app/Contents/Developer/Platforms/MacOSX.platform/Developer/SDKs/MacOSX26.1.sdk/usr/include/os/proc.h
/Applications/Xcode.app/Contents/Developer/Platforms/MacOSX.platform/Developer/SDKs/MacOSX26.1.sdk/usr/include/malloc/malloc.h
/Applications/Xcode.app/Contents/Developer/Platforms/MacOSX.platform/Developer/SDKs/MacOSX26.1.sdk/usr/include/malloc/_platform.h
/Applications/Xcode.app/Contents/Developer/Platforms/MacOSX.platform/Developer/SDKs/MacOSX26.1.sdk/usr/include/sys/malloc.h
/Applications/Xcode.app/Contents/Developer/Platforms/MacOSX.platform/Developer/SDKs/MacOSX26.1.sdk/usr/include/i386/_param.h
/Applications/Xcode.app/Contents/Developer/Platforms/MacOSX.platform/Developer/SDKs/MacOSX26.1.sdk/usr/include/machine/byte_order.h
/Applications/Xcode.app/Contents/Developer/Platforms/MacOSX.platform/Developer/SDKs/MacOSX26.1.sdk/usr/include/architecture/byte_order.h
/Applications/Xcode.app/Contents/Developer/Platforms/MacOSX.platform/Developer/SDKs/MacOSX26.1.sdk/usr/include/i386/eflags.h
/Applications/Xcode.app/Contents/Developer/Platforms/MacOSX.platform/Developer/SDKs/MacOSX26.1.sdk/usr/include/machine/fasttrap_isa.h
/Applications/Xcode.app/Contents/Developer/Platforms/MacOSX.platform/Developer/SDKs/MacOSX26.1.sdk/usr/include/arm/fasttrap_isa.h
/Applications/Xcode.app/Contents/Developer/Platforms/MacOSX.platform/Developer/SDKs/MacOSX26.1.sdk/usr/include/i386/fasttrap_isa.h
/Applications/Xcode.app/Contents/Developer/Platforms/MacOSX.platform/Developer/SDKs/MacOSX26.1.sdk/usr/include/i386/param.h
/Applications/Xcode.app/Contents/Developer/Platforms/MacOSX.platform/Developer/SDKs/MacOSX26.1.sdk/usr/include/machine/profile.h
/Applications/Xcode.app/Contents/Developer/Platforms/MacOSX.platform/Developer/SDKs/MacOSX26.1.sdk/usr/include/arm/profile.h
/Applications/Xcode.app/Contents/Developer/Platforms/MacOSX.platform/Developer/SDKs/MacOSX26.1.sdk/usr/include/i386/profile.h
/Applications/Xcode.app/Contents/Developer/Platforms/MacOSX.platform/Developer/SDKs/MacOSX26.1.sdk/usr/include/i386/user_ldt.h
/Applications/Xcode.app/Contents/Developer/Platforms/MacOSX.platform/Developer/SDKs/MacOSX26.1.sdk/usr/include/machine/vmparam.h
/Applications/Xcode.app/Contents/Developer/Platforms/MacOSX.platform/Developer/SDKs/MacOSX26.1.sdk/usr/include/arm/vmparam.h
/Applications/Xcode.app/Contents/Developer/Platforms/MacOSX.platform/Developer/SDKs/MacOSX26.1.sdk/usr/include/i386/vmparam.h
/Applications/Xcode.app/Contents/Developer/Platforms/MacOSX.platform/Developer/SDKs/MacOSX26.1.sdk/usr/include/aliasdb.h
/Applications/Xcode.app/Contents/Developer/Platforms/MacOSX.platform/Developer/SDKs/MacOSX26.1.sdk/usr/include/bootparams.h
/Applications/Xcode.app/Contents/Developer/Platforms/MacOSX.platform/Developer/SDKs/MacOSX26.1.sdk/usr/include/Block.h
/Applications/Xcode.app/Contents/Developer/Platforms/MacOSX.platform/Developer/SDKs/MacOSX26.1.sdk/usr/include/bsm/audit_domain.h
/Applications/Xcode.app/Contents/Developer/Platforms/MacOSX.platform/Developer/SDKs/MacOSX26.1.sdk/usr/include/bsm/audit_errno.h
/Applications/Xcode.app/Contents/Developer/Platforms/MacOSX.platform/Developer/SDKs/MacOSX26.1.sdk/usr/include/bsm/audit_fcntl.h
/Applications/Xcode.app/Contents/Developer/Platforms/MacOSX.platform/Developer/SDKs/MacOSX26.1.sdk/usr/include/bsm/audit_filter.h
/Applications/Xcode.app/Contents/Developer/Platforms/MacOSX.platform/Developer/SDKs/MacOSX26.1.sdk/usr/include/bsm/libbsm.h
/Applications/Xcode.app/Contents/Developer/Platforms/MacOSX.platform/Developer/SDKs/MacOSX26.1.sdk/usr/include/bsm/audit_record.h
/Applications/Xcode.app/Contents/Developer/Platforms/MacOSX.platform/Developer/SDKs/MacOSX26.1.sdk/usr/include/bsm/audit_internal.h
/Applications/Xcode.app/Contents/Developer/Platforms/MacOSX.platform/Developer/SDKs/MacOSX26.1.sdk/usr/include/bsm/audit_kevents.h
/Applications/Xcode.app/Contents/Developer/Platforms/MacOSX.platform/Developer/SDKs/MacOSX26.1.sdk/usr/include/bsm/audit_session.h
/Applications/Xcode.app/Contents/Developer/Platforms/MacOSX.platform/Developer/SDKs/MacOSX26.1.sdk/usr/include/bsm/audit_socket_type.h
/Applications/Xcode.app/Contents/Developer/Platforms/MacOSX.platform/Developer/SDKs/MacOSX26.1.sdk/usr/include/bsm/audit_uevents.h
/Applications/Xcode.app/Contents/Developer/Platforms/MacOSX.platform/Developer/SDKs/MacOSX26.1.sdk/usr/include/execinfo.h
/Applications/Xcode.app/Contents/Developer/Platforms/MacOSX.platform/Developer/SDKs/MacOSX26.1.sdk/usr/include/fstab.h
/Applications/Xcode.app/Contents/Developer/Platforms/MacOSX.platform/Developer/SDKs/MacOSX26.1.sdk/usr/include/hfs/hfs_format.h
/Applications/Xcode.app/Contents/Developer/Platforms/MacOSX.platform/Developer/SDKs/MacOSX26.1.sdk/usr/include/hfs/hfs_unistr.h
/Applications/Xcode.app/Contents/Developer/Platforms/MacOSX.platform/Developer/SDKs/MacOSX26.1.sdk/usr/include/hfs/hfs_mount.h
/Applications/Xcode.app/Contents/Developer/Platforms/MacOSX.platform/Developer/SDKs/MacOSX26.1.sdk/usr/include/membership.h
/Applications/Xcode.app/Contents/Developer/Platforms/MacOSX.platform/Developer/SDKs/MacOSX26.1.sdk/usr/include/ntsid.h
/Applications/Xcode.app/Contents/Developer/Platforms/MacOSX.platform/Developer/SDKs/MacOSX26.1.sdk/usr/include/curses.h
/Applications/Xcode.app/Contents/Developer/Platforms/MacOSX.platform/Developer/SDKs/MacOSX26.1.sdk/usr/include/ncurses_dll.h
/Applications/Xcode.app/Contents/Developer/Platforms/MacOSX.platform/Developer/SDKs/MacOSX26.1.sdk/usr/include/unctrl.h
/Applications/Xcode.app/Contents/Developer/Platforms/MacOSX.platform/Developer/SDKs/MacOSX26.1.sdk/usr/include/eti.h
/Applications/Xcode.app/Contents/Developer/Platforms/MacOSX.platform/Developer/SDKs/MacOSX26.1.sdk/usr/include/nc_tparm.h
/Applications/Xcode.app/Contents/Developer/Platforms/MacOSX.platform/Developer/SDKs/MacOSX26.1.sdk/usr/include/form.h
/Applications/Xcode.app/Contents/Developer/Platforms/MacOSX.platform/Developer/SDKs/MacOSX26.1.sdk/usr/include/menu.h
/Applications/Xcode.app/Contents/Developer/Platforms/MacOSX.platform/Developer/SDKs/MacOSX26.1.sdk/usr/include/panel.h
/Applications/Xcode.app/Contents/Developer/Platforms/MacOSX.platform/Developer/SDKs/MacOSX26.1.sdk/usr/include/netinet6/ah.h
/Applications/Xcode.app/Contents/Developer/Platforms/MacOSX.platform/Developer/SDKs/MacOSX26.1.sdk/usr/include/netinet6/esp.h
/Applications/Xcode.app/Contents/Developer/Platforms/MacOSX.platform/Developer/SDKs/MacOSX26.1.sdk/usr/include/netinet6/ipcomp.h
/Applications/Xcode.app/Contents/Developer/Platforms/MacOSX.platform/Developer/SDKs/MacOSX26.1.sdk/usr/include/netinet6/ipsec.h
/Applications/Xcode.app/Contents/Developer/Platforms/MacOSX.platform/Developer/SDKs/MacOSX26.1.sdk/usr/include/netinet6/raw_ip6.h
/Applications/Xcode.app/Contents/Developer/Platforms/MacOSX.platform/Developer/SDKs/MacOSX26.1.sdk/usr/include/printerdb.h
/Applications/Xcode.app/Contents/Developer/Platforms/MacOSX.platform/Developer/SDKs/MacOSX26.1.sdk/usr/include/sys/_structs.h
/Applications/Xcode.app/Contents/Developer/Platforms/MacOSX.platform/Developer/SDKs/MacOSX26.1.sdk/usr/include/sys/acct.h
/Applications/Xcode.app/Contents/Developer/Platforms/MacOSX.platform/Developer/SDKs/MacOSX26.1.sdk/usr/include/sys/acl.h
/Applications/Xcode.app/Contents/Developer/Platforms/MacOSX.platform/Developer/SDKs/MacOSX26.1.sdk/usr/include/sys/kauth.h
/Applications/Xcode.app/Contents/Developer/Platforms/MacOSX.platform/Developer/SDKs/MacOSX26.1.sdk/usr/include/sys/buf.h
/Applications/Xcode.app/Contents/Developer/Platforms/MacOSX.platform/Developer/SDKs/MacOSX26.1.sdk/usr/include/sys/kernel_types.h
/Applications/Xcode.app/Contents/Developer/Platforms/MacOSX.platform/Developer/SDKs/MacOSX26.1.sdk/usr/include/sys/clonefile.h
/Applications/Xcode.app/Contents/Developer/Platforms/MacOSX.platform/Developer/SDKs/MacOSX26.1.sdk/usr/include/sys/commpage.h
/Applications/Xcode.app/Contents/Developer/Platforms/MacOSX.platform/Developer/SDKs/MacOSX26.1.sdk/usr/include/sys/conf.h
/Applications/Xcode.app/Contents/Developer/Platforms/MacOSX.platform/Developer/SDKs/MacOSX26.1.sdk/usr/include/sys/disk.h
/Applications/Xcode.app/Contents/Developer/Platforms/MacOSX.platform/Developer/SDKs/MacOSX26.1.sdk/usr/include/sys/dkstat.h
/Applications/Xcode.app/Contents/Developer/Platforms/MacOSX.platform/Developer/SDKs/MacOSX26.1.sdk/usr/include/sys/domain.h
/Applications/Xcode.app/Contents/Developer/Platforms/MacOSX.platform/Developer/SDKs/MacOSX26.1.sdk/usr/include/sys/ev.h
/Applications/Xcode.app/Contents/Developer/Platforms/MacOSX.platform/Developer/SDKs/MacOSX26.1.sdk/usr/include/sys/file.h
/Applications/Xcode.app/Contents/Developer/Platforms/MacOSX.platform/Developer/SDKs/MacOSX26.1.sdk/usr/include/sys/filedesc.h
/Applications/Xcode.app/Contents/Developer/Platforms/MacOSX.platform/Developer/SDKs/MacOSX26.1.sdk/usr/include/sys/fileport.h
/Applications/Xcode.app/Contents/Developer/Platforms/MacOSX.platform/Developer/SDKs/MacOSX26.1.sdk/usr/include/sys/fsgetpath.h
/Applications/Xcode.app/Contents/Developer/Platforms/MacOSX.platform/Developer/SDKs/MacOSX26.1.sdk/usr/include/sys/gmon.h
/Applications/Xcode.app/Contents/Developer/Platforms/MacOSX.platform/Developer/SDKs/MacOSX26.1.sdk/usr/include/sys/ioctl_compat.h
/Applications/Xcode.app/Contents/Developer/Platforms/MacOSX.platform/Developer/SDKs/MacOSX26.1.sdk/usr/include/sys/ttychars.h
/Applications/Xcode.app/Contents/Developer/Platforms/MacOSX.platform/Developer/SDKs/MacOSX26.1.sdk/usr/include/sys/ttydev.h
/Applications/Xcode.app/Contents/Developer/Platforms/MacOSX.platform/Developer/SDKs/MacOSX26.1.sdk/usr/include/sys/kdebug.h
/Applications/Xcode.app/Contents/Developer/Platforms/MacOSX.platform/Developer/SDKs/MacOSX26.1.sdk/usr/include/sys/kdebug_signpost.h
/Applications/Xcode.app/Contents/Developer/Platforms/MacOSX.platform/Developer/SDKs/MacOSX26.1.sdk/usr/include/sys/lctx.h
/Applications/Xcode.app/Contents/Developer/Platforms/MacOSX.platform/Developer/SDKs/MacOSX26.1.sdk/usr/include/sys/mbuf.h
/Applications/Xcode.app/Contents/Developer/Platforms/MacOSX.platform/Developer/SDKs/MacOSX26.1.sdk/usr/include/sys/msgbuf.h
/Applications/Xcode.app/Contents/Developer/Platforms/MacOSX.platform/Developer/SDKs/MacOSX26.1.sdk/usr/include/sys/netport.h
/Applications/Xcode.app/Contents/Developer/Platforms/MacOSX.platform/Developer/SDKs/MacOSX26.1.sdk/usr/include/sys/paths.h
/Applications/Xcode.app/Contents/Developer/Platforms/MacOSX.platform/Developer/SDKs/MacOSX26.1.sdk/usr/include/sys/pipe.h
/Applications/Xcode.app/Contents/Developer/Platforms/MacOSX.platform/Developer/SDKs/MacOSX26.1.sdk/usr/include/sys/quota.h
/Applications/Xcode.app/Contents/Developer/Platforms/MacOSX.platform/Developer/SDKs/MacOSX26.1.sdk/usr/include/sys/rbtree.h
/Applications/Xcode.app/Contents/Developer/Platforms/MacOSX.platform/Developer/SDKs/MacOSX26.1.sdk/usr/include/sys/reboot.h
/Applications/Xcode.app/Contents/Developer/Platforms/MacOSX.platform/Developer/SDKs/MacOSX26.1.sdk/usr/include/sys/resourcevar.h
/Applications/Xcode.app/Contents/Developer/Platforms/MacOSX.platform/Developer/SDKs/MacOSX26.1.sdk/usr/include/sys/sbuf.h
/Applications/Xcode.app/Contents/Developer/Platforms/MacOSX.platform/Developer/SDKs/MacOSX26.1.sdk/usr/include/sys/signalvar.h
/Applications/Xcode.app/Contents/Developer/Platforms/MacOSX.platform/Developer/SDKs/MacOSX26.1.sdk/usr/include/sys/syscall.h
/Applications/Xcode.app/Contents/Developer/Platforms/MacOSX.platform/Developer/SDKs/MacOSX26.1.sdk/usr/include/sys/timeb.h
/Applications/Xcode.app/Contents/Developer/Platforms/MacOSX.platform/Developer/SDKs/MacOSX26.1.sdk/usr/include/sys/trace.h
/Applications/Xcode.app/Contents/Developer/Platforms/MacOSX.platform/Developer/SDKs/MacOSX26.1.sdk/usr/include/sys/tty.h
/Applications/Xcode.app/Contents/Developer/Platforms/MacOSX.platform/Developer/SDKs/MacOSX26.1.sdk/usr/include/sys/ucontext.h
/Applications/Xcode.app/Contents/Developer/Platforms/MacOSX.platform/Developer/SDKs/MacOSX26.1.sdk/usr/include/sys/unpcb.h
/Applications/Xcode.app/Contents/Developer/Platforms/MacOSX.platform/Developer/SDKs/MacOSX26.1.sdk/usr/include/sys/user.h
/Applications/Xcode.app/Contents/Developer/Platforms/MacOSX.platform/Developer/SDKs/MacOSX26.1.sdk/usr/include/sys/utfconv.h
/Applications/Xcode.app/Contents/Developer/Platforms/MacOSX.platform/Developer/SDKs/MacOSX26.1.sdk/usr/include/sys/vcmd.h
/Applications/Xcode.app/Contents/Developer/Platforms/MacOSX.platform/Developer/SDKs/MacOSX26.1.sdk/usr/include/sys/vnode.h
/Applications/Xcode.app/Contents/Developer/Platforms/MacOSX.platform/Developer/SDKs/MacOSX26.1.sdk/usr/include/_modules/_darwin_sys_signal.h
/Applications/Xcode.app/Contents/Developer/Platforms/MacOSX.platform/Developer/SDKs/MacOSX26.1.sdk/usr/include/sysdir.h
/Applications/Xcode.app/Contents/Developer/Platforms/MacOSX.platform/Developer/SDKs/MacOSX26.1.sdk/usr/include/libc.h
/Applications/Xcode.app/Contents/Developer/Platforms/MacOSX.platform/Developer/SDKs/MacOSX26.1.sdk/usr/include/paths.h
/Applications/Xcode.app/Contents/Developer/Platforms/MacOSX.platform/Developer/SDKs/MacOSX26.1.sdk/usr/include/sysexits.h
/Applications/Xcode.app/Contents/Developer/Platforms/MacOSX.platform/Developer/SDKs/MacOSX26.1.sdk/SDKSettings.json
/Applications/Xcode.app/Contents/Developer/Platforms/MacOSX.platform/Developer/SDKs/MacOSX26.1.sdk/System/Library/Frameworks/DiskArbitration.framework/Modules/module.modulemap
/Applications/Xcode.app/Contents/Developer/Platforms/MacOSX.platform/Developer/SDKs/MacOSX26.1.sdk/System/Library/Frameworks/DiskArbitration.framework/Headers/DiskArbitration.h
/Applications/Xcode.app/Contents/Developer/Platforms/MacOSX.platform/Developer/SDKs/MacOSX26.1.sdk/System/Library/Frameworks/CoreFoundation.framework/Modules/module.modulemap
/Applications/Xcode.app/Contents/Developer/Platforms/MacOSX.platform/Developer/SDKs/MacOSX26.1.sdk/usr/include/Darwin.modulemap
/Applications/Xcode.app/Contents/Developer/Platforms/MacOSX.platform/Developer/SDKs/MacOSX26.1.sdk/usr/include/DarwinFoundation1.modulemap
/Applications/Xcode.app/Contents/Developer/Platforms/MacOSX.platform/Developer/SDKs/MacOSX26.1.sdk/System/Library/Frameworks/DiskArbitration.framework/Headers/DADisk.h
/Applications/Xcode.app/Contents/Developer/Platforms/MacOSX.platform/Developer/SDKs/MacOSX26.1.sdk/System/Library/Frameworks/IOKit.framework/Modules/module.modulemap
/Applications/Xcode.app/Contents/Developer/Platforms/MacOSX.platform/Developer/SDKs/MacOSX26.1.sdk/System/Library/Frameworks/DiskArbitration.framework/Headers/DASession.h
/Applications/Xcode.app/Contents/Developer/Platforms/MacOSX.platform/Developer/SDKs/MacOSX26.1.sdk/System/Library/Frameworks/DiskArbitration.framework/Headers/DADissenter.h
/Applications/Xcode.app/Contents/Developer/Platforms/MacOSX.platform/Developer/SDKs/MacOSX26.1.sdk/SDKSettings.json
/Applications/Xcode.app/Contents/Developer/Toolchains/XcodeDefault.xctoolchain/usr/lib/swift/macosx/prebuilt-modules/26.1/Dispatch.swiftmodule/arm64e-apple-macos.swiftmodule
/Applications/Xcode.app/Contents/Developer/Platforms/MacOSX.platform/Developer/SDKs/MacOSX26.1.sdk/usr/include/Dispatch.apinotes
/Applications/Xcode.app/Contents/Developer/Platforms/MacOSX.platform/Developer/SDKs/MacOSX26.1.sdk/usr/include/dispatch.modulemap
/Applications/Xcode.app/Contents/Developer/Platforms/MacOSX.platform/Developer/SDKs/MacOSX26.1.sdk/usr/include/os.modulemap
/Applications/Xcode.app/Contents/Developer/Platforms/MacOSX.platform/Developer/SDKs/MacOSX26.1.sdk/usr/include/Darwin.modulemap
/Applications/Xcode.app/Contents/Developer/Platforms/MacOSX.platform/Developer/SDKs/MacOSX26.1.sdk/usr/include/Darwin_C.modulemap
/Applications/Xcode.app/Contents/Developer/Platforms/MacOSX.platform/Developer/SDKs/MacOSX26.1.sdk/usr/include/Darwin_POSIX.modulemap
/Applications/Xcode.app/Contents/Developer/Platforms/MacOSX.platform/Developer/SDKs/MacOSX26.1.sdk/usr/include/net.modulemap
/Applications/Xcode.app/Contents/Developer/Platforms/MacOSX.platform/Developer/SDKs/MacOSX26.1.sdk/usr/include/netinet.modulemap
/Applications/Xcode.app/Contents/Developer/Platforms/MacOSX.platform/Developer/SDKs/MacOSX26.1.sdk/usr/include/bank.modulemap
/Applications/Xcode.app/Contents/Developer/Platforms/MacOSX.platform/Developer/SDKs/MacOSX26.1.sdk/usr/include/Darwin_Mach.modulemap
/Applications/Xcode.app/Contents/Developer/Platforms/MacOSX.platform/Developer/SDKs/MacOSX26.1.sdk/usr/include/Darwin_Mach_machine.modulemap
/Applications/Xcode.app/Contents/Developer/Platforms/MacOSX.platform/Developer/SDKs/MacOSX26.1.sdk/usr/include/mach_debug.modulemap
/Applications/Xcode.app/Contents/Developer/Platforms/MacOSX.platform/Developer/SDKs/MacOSX26.1.sdk/usr/include/device.modulemap
/Applications/Xcode.app/Contents/Developer/Platforms/MacOSX.platform/Developer/SDKs/MacOSX26.1.sdk/usr/include/Darwin_machine.modulemap
/Applications/Xcode.app/Contents/Developer/Platforms/MacOSX.platform/Developer/SDKs/MacOSX26.1.sdk/usr/include/ncurses.modulemap
/Applications/Xcode.app/Contents/Developer/Platforms/MacOSX.platform/Developer/SDKs/MacOSX26.1.sdk/usr/include/netinet6.modulemap
/Applications/Xcode.app/Contents/Developer/Platforms/MacOSX.platform/Developer/SDKs/MacOSX26.1.sdk/usr/include/Darwin_sys.modulemap
/Applications/Xcode.app/Contents/Developer/Platforms/MacOSX.platform/Developer/SDKs/MacOSX26.1.sdk/usr/include/uuid.modulemap
/Applications/Xcode.app/Contents/Developer/Platforms/MacOSX.platform/Developer/SDKs/MacOSX26.1.sdk/usr/include/DarwinFoundation2.modulemap
/Applications/Xcode.app/Contents/Developer/Platforms/MacOSX.platform/Developer/SDKs/MacOSX26.1.sdk/usr/include/DarwinFoundation3.modulemap
/Applications/Xcode.app/Contents/Developer/Platforms/MacOSX.platform/Developer/SDKs/MacOSX26.1.sdk/usr/include/DarwinFoundation1.modulemap
/Applications/Xcode.app/Contents/Developer/Platforms/MacOSX.platform/Developer/SDKs/MacOSX26.1.sdk/usr/include/dispatch/dispatch.h
/Applications/Xcode.app/Contents/Developer/Toolchains/XcodeDefault.xctoolchain/usr/lib/swift/clang/include/module.modulemap
/Applications/Xcode.app/Contents/Developer/Toolchains/XcodeDefault.xctoolchain/usr/lib/swift/clang/include/stddef.h
/Applications/Xcode.app/Contents/Developer/Toolchains/XcodeDefault.xctoolchain/usr/lib/swift/clang/include/stdarg.h
/Applications/Xcode.app/Contents/Developer/Platforms/MacOSX.platform/Developer/SDKs/MacOSX26.1.sdk/usr/include/string.h
/Applications/Xcode.app/Contents/Developer/Platforms/MacOSX.platform/Developer/SDKs/MacOSX26.1.sdk/usr/include/dispatch/base.h
/Applications/Xcode.app/Contents/Developer/Platforms/MacOSX.platform/Developer/SDKs/MacOSX26.1.sdk/usr/include/dispatch/time.h
/Applications/Xcode.app/Contents/Developer/Platforms/MacOSX.platform/Developer/SDKs/MacOSX26.1.sdk/usr/include/dispatch/object.h
/Applications/Xcode.app/Contents/Developer/Platforms/MacOSX.platform/Developer/SDKs/MacOSX26.1.sdk/usr/include/dispatch/queue.h
/Applications/Xcode.app/Contents/Developer/Platforms/MacOSX.platform/Developer/SDKs/MacOSX26.1.sdk/usr/include/dispatch/block.h
/Applications/Xcode.app/Contents/Developer/Platforms/MacOSX.platform/Developer/SDKs/MacOSX26.1.sdk/usr/include/dispatch/source.h
/Applications/Xcode.app/Contents/Developer/Platforms/MacOSX.platform/Developer/SDKs/MacOSX26.1.sdk/usr/include/dispatch/group.h
/Applications/Xcode.app/Contents/Developer/Platforms/MacOSX.platform/Developer/SDKs/MacOSX26.1.sdk/usr/include/dispatch/semaphore.h
/Applications/Xcode.app/Contents/Developer/Platforms/MacOSX.platform/Developer/SDKs/MacOSX26.1.sdk/usr/include/dispatch/once.h
/Applications/Xcode.app/Contents/Developer/Platforms/MacOSX.platform/Developer/SDKs/MacOSX26.1.sdk/usr/include/dispatch/data.h
/Applications/Xcode.app/Contents/Developer/Platforms/MacOSX.platform/Developer/SDKs/MacOSX26.1.sdk/usr/include/dispatch/io.h
/Applications/Xcode.app/Contents/Developer/Platforms/MacOSX.platform/Developer/SDKs/MacOSX26.1.sdk/usr/include/dispatch/workloop.h
/Applications/Xcode.app/Contents/Developer/Platforms/MacOSX.platform/Developer/SDKs/MacOSX26.1.sdk/usr/include/dispatch/dispatch_swift_shims.h
/Applications/Xcode.app/Contents/Developer/Platforms/MacOSX.platform/Developer/SDKs/MacOSX26.1.sdk/SDKSettings.json
/Applications/Xcode.app/Contents/Developer/Platforms/MacOSX.platform/Developer/SDKs/MacOSX26.1.sdk/System/Library/Frameworks/Foundation.framework/Headers/Foundation.apinotes
/Applications/Xcode.app/Contents/Developer/Platforms/MacOSX.platform/Developer/SDKs/MacOSX26.1.sdk/System/Library/Frameworks/Foundation.framework/Modules/module.modulemap
/Applications/Xcode.app/Contents/Developer/Platforms/MacOSX.platform/Developer/SDKs/MacOSX26.1.sdk/System/Library/Frameworks/Foundation.framework/Headers/Foundation.h
/Applications/Xcode.app/Contents/Developer/Platforms/MacOSX.platform/Developer/SDKs/MacOSX26.1.sdk/System/Library/Frameworks/CoreFoundation.framework/Modules/module.modulemap
/Applications/Xcode.app/Contents/Developer/Platforms/MacOSX.platform/Developer/SDKs/MacOSX26.1.sdk/System/Library/Frameworks/Foundation.framework/Headers/NSObjCRuntime.h
/Applications/Xcode.app/Contents/Developer/Platforms/MacOSX.platform/Developer/SDKs/MacOSX26.1.sdk/usr/include/xpc.modulemap
/Applications/Xcode.app/Contents/Developer/Platforms/MacOSX.platform/Developer/SDKs/MacOSX26.1.sdk/usr/include/dispatch.modulemap
/Applications/Xcode.app/Contents/Developer/Platforms/MacOSX.platform/Developer/SDKs/MacOSX26.1.sdk/usr/include/ObjectiveC.modulemap
/Applications/Xcode.app/Contents/Developer/Platforms/MacOSX.platform/Developer/SDKs/MacOSX26.1.sdk/usr/include/Darwin.modulemap
/Applications/Xcode.app/Contents/Developer/Platforms/MacOSX.platform/Developer/SDKs/MacOSX26.1.sdk/usr/include/DarwinFoundation1.modulemap
/Applications/Xcode.app/Contents/Developer/Toolchains/XcodeDefault.xctoolchain/usr/lib/swift/clang/include/module.modulemap
/Applications/Xcode.app/Contents/Developer/Toolchains/XcodeDefault.xctoolchain/usr/lib/swift/clang/include/stdarg.h
/Applications/Xcode.app/Contents/Developer/Platforms/MacOSX.platform/Developer/SDKs/MacOSX26.1.sdk/System/Library/Frameworks/Foundation.framework/Headers/NSArray.h
/Applications/Xcode.app/Contents/Developer/Platforms/MacOSX.platform/Developer/SDKs/MacOSX26.1.sdk/System/Library/Frameworks/Foundation.framework/Headers/NSObject.h
/Applications/Xcode.app/Contents/Developer/Platforms/MacOSX.platform/Developer/SDKs/MacOSX26.1.sdk/System/Library/Frameworks/Foundation.framework/Headers/NSZone.h
/Applications/Xcode.app/Contents/Developer/Toolchains/XcodeDefault.xctoolchain/usr/lib/swift/clang/include/stddef.h
/Applications/Xcode.app/Contents/Developer/Platforms/MacOSX.platform/Developer/SDKs/MacOSX26.1.sdk/System/Library/Frameworks/Foundation.framework/Headers/NSEnumerator.h
/Applications/Xcode.app/Contents/Developer/Platforms/MacOSX.platform/Developer/SDKs/MacOSX26.1.sdk/System/Library/Frameworks/Foundation.framework/Headers/NSRange.h
/Applications/Xcode.app/Contents/Developer/Platforms/MacOSX.platform/Developer/SDKs/MacOSX26.1.sdk/System/Library/Frameworks/Foundation.framework/Headers/NSValue.h
/Applications/Xcode.app/Contents/Developer/Platforms/MacOSX.platform/Developer/SDKs/MacOSX26.1.sdk/System/Library/Frameworks/Foundation.framework/Headers/NSOrderedCollectionDifference.h
/Applications/Xcode.app/Contents/Developer/Platforms/MacOSX.platform/Developer/SDKs/MacOSX26.1.sdk/System/Library/Frameworks/Foundation.framework/Headers/NSOrderedCollectionChange.h
/Applications/Xcode.app/Contents/Developer/Platforms/MacOSX.platform/Developer/SDKs/MacOSX26.1.sdk/System/Library/Frameworks/Foundation.framework/Headers/NSIndexSet.h
/Applications/Xcode.app/Contents/Developer/Platforms/MacOSX.platform/Developer/SDKs/MacOSX26.1.sdk/System/Library/Frameworks/Foundation.framework/Headers/NSAutoreleasePool.h
/Applications/Xcode.app/Contents/Developer/Platforms/MacOSX.platform/Developer/SDKs/MacOSX26.1.sdk/System/Library/Frameworks/Foundation.framework/Headers/NSBundle.h
/Applications/Xcode.app/Contents/Developer/Platforms/MacOSX.platform/Developer/SDKs/MacOSX26.1.sdk/System/Library/Frameworks/Foundation.framework/Headers/NSString.h
/Applications/Xcode.app/Contents/Developer/Platforms/MacOSX.platform/Developer/SDKs/MacOSX26.1.sdk/System/Library/Frameworks/Foundation.framework/Headers/NSItemProvider.h
/Applications/Xcode.app/Contents/Developer/Platforms/MacOSX.platform/Developer/SDKs/MacOSX26.1.sdk/System/Library/Frameworks/Foundation.framework/Headers/NSDictionary.h
/Applications/Xcode.app/Contents/Developer/Platforms/MacOSX.platform/Developer/SDKs/MacOSX26.1.sdk/System/Library/Frameworks/Foundation.framework/Headers/NSSet.h
/Applications/Xcode.app/Contents/Developer/Platforms/MacOSX.platform/Developer/SDKs/MacOSX26.1.sdk/System/Library/Frameworks/Foundation.framework/Headers/NSProgress.h
/Applications/Xcode.app/Contents/Developer/Platforms/MacOSX.platform/Developer/SDKs/MacOSX26.1.sdk/System/Library/Frameworks/Foundation.framework/Headers/NSNotification.h
/Applications/Xcode.app/Contents/Developer/Platforms/MacOSX.platform/Developer/SDKs/MacOSX26.1.sdk/System/Library/Frameworks/Foundation.framework/Headers/NSByteOrder.h
/Applications/Xcode.app/Contents/Developer/Platforms/MacOSX.platform/Developer/SDKs/MacOSX26.1.sdk/System/Library/Frameworks/Foundation.framework/Headers/NSCalendar.h
/Applications/Xcode.app/Contents/Developer/Platforms/MacOSX.platform/Developer/SDKs/MacOSX26.1.sdk/System/Library/Frameworks/Foundation.framework/Headers/NSDate.h
/Applications/Xcode.app/Contents/Developer/Platforms/MacOSX.platform/Developer/SDKs/MacOSX26.1.sdk/System/Library/Frameworks/Foundation.framework/Headers/NSCharacterSet.h
/Applications/Xcode.app/Contents/Developer/Platforms/MacOSX.platform/Developer/SDKs/MacOSX26.1.sdk/System/Library/Frameworks/Foundation.framework/Headers/NSCoder.h
/Applications/Xcode.app/Contents/Developer/Platforms/MacOSX.platform/Developer/SDKs/MacOSX26.1.sdk/System/Library/Frameworks/Foundation.framework/Headers/NSData.h
/Applications/Xcode.app/Contents/Developer/Platforms/MacOSX.platform/Developer/SDKs/MacOSX26.1.sdk/System/Library/Frameworks/Foundation.framework/Headers/NSDateInterval.h
/Applications/Xcode.app/Contents/Developer/Platforms/MacOSX.platform/Developer/SDKs/MacOSX26.1.sdk/System/Library/Frameworks/Foundation.framework/Headers/NSDateFormatter.h
/Applications/Xcode.app/Contents/Developer/Platforms/MacOSX.platform/Developer/SDKs/MacOSX26.1.sdk/System/Library/Frameworks/Foundation.framework/Headers/NSFormatter.h
/Applications/Xcode.app/Contents/Developer/Platforms/MacOSX.platform/Developer/SDKs/MacOSX26.1.sdk/System/Library/Frameworks/Foundation.framework/Headers/NSAttributedString.h
/Applications/Xcode.app/Contents/Developer/Platforms/MacOSX.platform/Developer/SDKs/MacOSX26.1.sdk/System/Library/Frameworks/Foundation.framework/Headers/NSDateIntervalFormatter.h
/Applications/Xcode.app/Contents/Developer/Platforms/MacOSX.platform/Developer/SDKs/MacOSX26.1.sdk/System/Library/Frameworks/Foundation.framework/Headers/NSISO8601DateFormatter.h
/Applications/Xcode.app/Contents/Developer/Platforms/MacOSX.platform/Developer/SDKs/MacOSX26.1.sdk/System/Library/Frameworks/Foundation.framework/Headers/NSMassFormatter.h
/Applications/Xcode.app/Contents/Developer/Platforms/MacOSX.platform/Developer/SDKs/MacOSX26.1.sdk/System/Library/Frameworks/Foundation.framework/Headers/NSLengthFormatter.h
/Applications/Xcode.app/Contents/Developer/Platforms/MacOSX.platform/Developer/SDKs/MacOSX26.1.sdk/System/Library/Frameworks/Foundation.framework/Headers/NSEnergyFormatter.h
/Applications/Xcode.app/Contents/Developer/Platforms/MacOSX.platform/Developer/SDKs/MacOSX26.1.sdk/System/Library/Frameworks/Foundation.framework/Headers/NSMeasurementFormatter.h
/Applications/Xcode.app/Contents/Developer/Platforms/MacOSX.platform/Developer/SDKs/MacOSX26.1.sdk/System/Library/Frameworks/Foundation.framework/Headers/NSNumberFormatter.h
/Applications/Xcode.app/Contents/Developer/Platforms/MacOSX.platform/Developer/SDKs/MacOSX26.1.sdk/System/Library/Frameworks/Foundation.framework/Headers/NSMeasurement.h
/Applications/Xcode.app/Contents/Developer/Platforms/MacOSX.platform/Developer/SDKs/MacOSX26.1.sdk/System/Library/Frameworks/Foundation.framework/Headers/NSUnit.h
/Applications/Xcode.app/Contents/Developer/Platforms/MacOSX.platform/Developer/SDKs/MacOSX26.1.sdk/System/Library/Frameworks/Foundation.framework/Headers/NSLocale.h
/Applications/Xcode.app/Contents/Developer/Platforms/MacOSX.platform/Developer/SDKs/MacOSX26.1.sdk/System/Library/Frameworks/Foundation.framework/Headers/NSPersonNameComponents.h
/Applications/Xcode.app/Contents/Developer/Platforms/MacOSX.platform/Developer/SDKs/MacOSX26.1.sdk/System/Library/Frameworks/Foundation.framework/Headers/NSPersonNameComponentsFormatter.h
/Applications/Xcode.app/Contents/Developer/Platforms/MacOSX.platform/Developer/SDKs/MacOSX26.1.sdk/System/Library/Frameworks/Foundation.framework/Headers/NSRelativeDateTimeFormatter.h
/Applications/Xcode.app/Contents/Developer/Platforms/MacOSX.platform/Developer/SDKs/MacOSX26.1.sdk/System/Library/Frameworks/Foundation.framework/Headers/NSListFormatter.h
/Applications/Xcode.app/Contents/Developer/Platforms/MacOSX.platform/Developer/SDKs/MacOSX26.1.sdk/System/Library/Frameworks/Foundation.framework/Headers/NSDecimal.h
/Applications/Xcode.app/Contents/Developer/Platforms/MacOSX.platform/Developer/SDKs/MacOSX26.1.sdk/System/Library/Frameworks/Foundation.framework/Headers/NSDecimalNumber.h
/Applications/Xcode.app/Contents/Developer/Platforms/MacOSX.platform/Developer/SDKs/MacOSX26.1.sdk/System/Library/Frameworks/Foundation.framework/Headers/NSScanner.h
/Applications/Xcode.app/Contents/Developer/Platforms/MacOSX.platform/Developer/SDKs/MacOSX26.1.sdk/System/Library/Frameworks/Foundation.framework/Headers/NSException.h
/Applications/Xcode.app/Contents/Developer/Platforms/MacOSX.platform/Developer/SDKs/MacOSX26.1.sdk/System/Library/Frameworks/Foundation.framework/Headers/NSError.h
/Applications/Xcode.app/Contents/Developer/Platforms/MacOSX.platform/Developer/SDKs/MacOSX26.1.sdk/System/Library/Frameworks/Foundation.framework/Headers/NSFileHandle.h
/Applications/Xcode.app/Contents/Developer/Platforms/MacOSX.platform/Developer/SDKs/MacOSX26.1.sdk/System/Library/Frameworks/Foundation.framework/Headers/NSRunLoop.h
/Applications/Xcode.app/Contents/Developer/Platforms/MacOSX.platform/Developer/SDKs/MacOSX26.1.sdk/System/Library/Frameworks/Foundation.framework/Headers/NSFileManager.h
/Applications/Xcode.app/Contents/Developer/Platforms/MacOSX.platform/Developer/SDKs/MacOSX26.1.sdk/System/Library/Frameworks/Foundation.framework/Headers/NSPathUtilities.h
/Applications/Xcode.app/Contents/Developer/Platforms/MacOSX.platform/Developer/SDKs/MacOSX26.1.sdk/System/Library/Frameworks/Foundation.framework/Headers/NSURL.h
/Applications/Xcode.app/Contents/Developer/Platforms/MacOSX.platform/Developer/SDKs/MacOSX26.1.sdk/System/Library/Frameworks/Foundation.framework/Headers/NSURLHandle.h
/Applications/Xcode.app/Contents/Developer/Platforms/MacOSX.platform/Developer/SDKs/MacOSX26.1.sdk/System/Library/Frameworks/Foundation.framework/Headers/NSHashTable.h
/Applications/Xcode.app/Contents/Developer/Platforms/MacOSX.platform/Developer/SDKs/MacOSX26.1.sdk/System/Library/Frameworks/Foundation.framework/Headers/NSPointerFunctions.h
/Applications/Xcode.app/Contents/Developer/Platforms/MacOSX.platform/Developer/SDKs/MacOSX26.1.sdk/System/Library/Frameworks/Foundation.framework/Headers/NSHTTPCookie.h
/Applications/Xcode.app/Contents/Developer/Platforms/MacOSX.platform/Developer/SDKs/MacOSX26.1.sdk/System/Library/Frameworks/Foundation.framework/Headers/NSHTTPCookieStorage.h
/Applications/Xcode.app/Contents/Developer/Platforms/MacOSX.platform/Developer/SDKs/MacOSX26.1.sdk/System/Library/Frameworks/Foundation.framework/Headers/NSIndexPath.h
/Applications/Xcode.app/Contents/Developer/Platforms/MacOSX.platform/Developer/SDKs/MacOSX26.1.sdk/System/Library/Frameworks/Foundation.framework/Headers/NSInflectionRule.h
/Applications/Xcode.app/Contents/Developer/Platforms/MacOSX.platform/Developer/SDKs/MacOSX26.1.sdk/System/Library/Frameworks/Foundation.framework/Headers/NSInvocation.h
/Applications/Xcode.app/Contents/Developer/Platforms/MacOSX.platform/Developer/SDKs/MacOSX26.1.sdk/System/Library/Frameworks/Foundation.framework/Headers/NSJSONSerialization.h
/Applications/Xcode.app/Contents/Developer/Platforms/MacOSX.platform/Developer/SDKs/MacOSX26.1.sdk/System/Library/Frameworks/Foundation.framework/Headers/NSKeyValueCoding.h
/Applications/Xcode.app/Contents/Developer/Platforms/MacOSX.platform/Developer/SDKs/MacOSX26.1.sdk/System/Library/Frameworks/Foundation.framework/Headers/NSOrderedSet.h
/Applications/Xcode.app/Contents/Developer/Platforms/MacOSX.platform/Developer/SDKs/MacOSX26.1.sdk/System/Library/Frameworks/Foundation.framework/Headers/NSKeyValueObserving.h
/Applications/Xcode.app/Contents/Developer/Platforms/MacOSX.platform/Developer/SDKs/MacOSX26.1.sdk/System/Library/Frameworks/Foundation.framework/Headers/NSKeyValueSharedObservers.h
/Applications/Xcode.app/Contents/Developer/Platforms/MacOSX.platform/Developer/SDKs/MacOSX26.1.sdk/System/Library/Frameworks/Foundation.framework/Headers/NSKeyedArchiver.h
/Applications/Xcode.app/Contents/Developer/Platforms/MacOSX.platform/Developer/SDKs/MacOSX26.1.sdk/System/Library/Frameworks/Foundation.framework/Headers/NSPropertyList.h
/Applications/Xcode.app/Contents/Developer/Platforms/MacOSX.platform/Developer/SDKs/MacOSX26.1.sdk/System/Library/Frameworks/Foundation.framework/Headers/NSGeometry.h
/Applications/Xcode.app/Contents/Developer/Platforms/MacOSX.platform/Developer/SDKs/MacOSX26.1.sdk/System/Library/Frameworks/Foundation.framework/Headers/NSLock.h
/Applications/Xcode.app/Contents/Developer/Platforms/MacOSX.platform/Developer/SDKs/MacOSX26.1.sdk/System/Library/Frameworks/Foundation.framework/Headers/NSMapTable.h
/Applications/Xcode.app/Contents/Developer/Platforms/MacOSX.platform/Developer/SDKs/MacOSX26.1.sdk/System/Library/Frameworks/Foundation.framework/Headers/NSMethodSignature.h
/Applications/Xcode.app/Contents/Developer/Platforms/MacOSX.platform/Developer/SDKs/MacOSX26.1.sdk/System/Library/Frameworks/Foundation.framework/Headers/NSMorphology.h
/Applications/Xcode.app/Contents/Developer/Platforms/MacOSX.platform/Developer/SDKs/MacOSX26.1.sdk/System/Library/Frameworks/Foundation.framework/Headers/NSTermOfAddress.h
/Applications/Xcode.app/Contents/Developer/Platforms/MacOSX.platform/Developer/SDKs/MacOSX26.1.sdk/System/Library/Frameworks/Foundation.framework/Headers/NSNotificationQueue.h
/Applications/Xcode.app/Contents/Developer/Platforms/MacOSX.platform/Developer/SDKs/MacOSX26.1.sdk/System/Library/Frameworks/Foundation.framework/Headers/NSNull.h
/Applications/Xcode.app/Contents/Developer/Platforms/MacOSX.platform/Developer/SDKs/MacOSX26.1.sdk/System/Library/Frameworks/Foundation.framework/Headers/NSLocalizedNumberFormatRule.h
/Applications/Xcode.app/Contents/Developer/Platforms/MacOSX.platform/Developer/SDKs/MacOSX26.1.sdk/System/Library/Frameworks/Foundation.framework/Headers/NSOperation.h
/Applications/Xcode.app/Contents/Developer/Platforms/MacOSX.platform/Developer/SDKs/MacOSX26.1.sdk/System/Library/Frameworks/Foundation.framework/Headers/NSOrthography.h
/Applications/Xcode.app/Contents/Developer/Platforms/MacOSX.platform/Developer/SDKs/MacOSX26.1.sdk/System/Library/Frameworks/Foundation.framework/Headers/NSPointerArray.h
/Applications/Xcode.app/Contents/Developer/Platforms/MacOSX.platform/Developer/SDKs/MacOSX26.1.sdk/System/Library/Frameworks/Foundation.framework/Headers/NSPort.h
/Applications/Xcode.app/Contents/Developer/Platforms/MacOSX.platform/Developer/SDKs/MacOSX26.1.sdk/System/Library/Frameworks/Foundation.framework/Headers/NSProcessInfo.h
/Applications/Xcode.app/Contents/Developer/Platforms/MacOSX.platform/Developer/SDKs/MacOSX26.1.sdk/System/Library/Frameworks/Foundation.framework/Headers/NSProxy.h
/Applications/Xcode.app/Contents/Developer/Platforms/MacOSX.platform/Developer/SDKs/MacOSX26.1.sdk/System/Library/Frameworks/Foundation.framework/Headers/NSRegularExpression.h
/Applications/Xcode.app/Contents/Developer/Platforms/MacOSX.platform/Developer/SDKs/MacOSX26.1.sdk/System/Library/Frameworks/Foundation.framework/Headers/NSTextCheckingResult.h
/Applications/Xcode.app/Contents/Developer/Platforms/MacOSX.platform/Developer/SDKs/MacOSX26.1.sdk/System/Library/Frameworks/Foundation.framework/Headers/NSSortDescriptor.h
/Applications/Xcode.app/Contents/Developer/Platforms/MacOSX.platform/Developer/SDKs/MacOSX26.1.sdk/System/Library/Frameworks/Foundation.framework/Headers/NSStream.h
/Applications/Xcode.app/Contents/Developer/Platforms/MacOSX.platform/Developer/SDKs/MacOSX26.1.sdk/System/Library/Frameworks/Foundation.framework/Headers/NSThread.h
/Applications/Xcode.app/Contents/Developer/Platforms/MacOSX.platform/Developer/SDKs/MacOSX26.1.sdk/System/Library/Frameworks/Foundation.framework/Headers/NSTimeZone.h
/Applications/Xcode.app/Contents/Developer/Platforms/MacOSX.platform/Developer/SDKs/MacOSX26.1.sdk/System/Library/Frameworks/Foundation.framework/Headers/NSTimer.h
/Applications/Xcode.app/Contents/Developer/Platforms/MacOSX.platform/Developer/SDKs/MacOSX26.1.sdk/System/Library/Frameworks/Foundation.framework/Headers/NSURLAuthenticationChallenge.h
/Applications/Xcode.app/Contents/Developer/Platforms/MacOSX.platform/Developer/SDKs/MacOSX26.1.sdk/System/Library/Frameworks/Foundation.framework/Headers/NSURLCache.h
/Applications/Xcode.app/Contents/Developer/Platforms/MacOSX.platform/Developer/SDKs/MacOSX26.1.sdk/System/Library/Frameworks/Foundation.framework/Headers/NSURLConnection.h
/Applications/Xcode.app/Contents/Developer/Platforms/MacOSX.platform/Developer/SDKs/MacOSX26.1.sdk/System/Library/Frameworks/Foundation.framework/Headers/NSURLCredential.h
/Applications/Xcode.app/Contents/Developer/Platforms/MacOSX.platform/Developer/SDKs/MacOSX26.1.sdk/System/Library/Frameworks/Security.framework/Modules/module.modulemap
/Applications/Xcode.app/Contents/Developer/Platforms/MacOSX.platform/Developer/SDKs/MacOSX26.1.sdk/System/Library/Frameworks/Foundation.framework/Headers/NSURLCredentialStorage.h
/Applications/Xcode.app/Contents/Developer/Platforms/MacOSX.platform/Developer/SDKs/MacOSX26.1.sdk/System/Library/Frameworks/Foundation.framework/Headers/NSURLProtectionSpace.h
/Applications/Xcode.app/Contents/Developer/Platforms/MacOSX.platform/Developer/SDKs/MacOSX26.1.sdk/System/Library/Frameworks/Foundation.framework/Headers/NSURLError.h
/Applications/Xcode.app/Contents/Developer/Platforms/MacOSX.platform/Developer/SDKs/MacOSX26.1.sdk/System/Library/Frameworks/CoreServices.framework/Modules/module.modulemap
/Applications/Xcode.app/Contents/Developer/Platforms/MacOSX.platform/Developer/SDKs/MacOSX26.1.sdk/System/Library/Frameworks/Foundation.framework/Headers/NSURLProtocol.h
/Applications/Xcode.app/Contents/Developer/Platforms/MacOSX.platform/Developer/SDKs/MacOSX26.1.sdk/System/Library/Frameworks/Foundation.framework/Headers/NSURLRequest.h
/Applications/Xcode.app/Contents/Developer/Platforms/MacOSX.platform/Developer/SDKs/MacOSX26.1.sdk/System/Library/Frameworks/Foundation.framework/Headers/NSURLResponse.h
/Applications/Xcode.app/Contents/Developer/Platforms/MacOSX.platform/Developer/SDKs/MacOSX26.1.sdk/System/Library/Frameworks/Foundation.framework/Headers/NSUserDefaults.h
/Applications/Xcode.app/Contents/Developer/Platforms/MacOSX.platform/Developer/SDKs/MacOSX26.1.sdk/System/Library/Frameworks/Foundation.framework/Headers/NSValueTransformer.h
/Applications/Xcode.app/Contents/Developer/Platforms/MacOSX.platform/Developer/SDKs/MacOSX26.1.sdk/System/Library/Frameworks/Foundation.framework/Headers/NSXMLParser.h
/Applications/Xcode.app/Contents/Developer/Platforms/MacOSX.platform/Developer/SDKs/MacOSX26.1.sdk/System/Library/Frameworks/Foundation.framework/Headers/NSXPCConnection.h
/Applications/Xcode.app/Contents/Developer/Platforms/MacOSX.platform/Developer/SDKs/MacOSX26.1.sdk/System/Library/Frameworks/Foundation.framework/Headers/FoundationErrors.h
/Applications/Xcode.app/Contents/Developer/Platforms/MacOSX.platform/Developer/SDKs/MacOSX26.1.sdk/System/Library/Frameworks/Foundation.framework/Headers/NSByteCountFormatter.h
/Applications/Xcode.app/Contents/Developer/Platforms/MacOSX.platform/Developer/SDKs/MacOSX26.1.sdk/System/Library/Frameworks/Foundation.framework/Headers/NSCache.h
/Applications/Xcode.app/Contents/Developer/Platforms/MacOSX.platform/Developer/SDKs/MacOSX26.1.sdk/System/Library/Frameworks/Foundation.framework/Headers/NSComparisonPredicate.h
/Applications/Xcode.app/Contents/Developer/Platforms/MacOSX.platform/Developer/SDKs/MacOSX26.1.sdk/System/Library/Frameworks/Foundation.framework/Headers/NSPredicate.h
/Applications/Xcode.app/Contents/Developer/Platforms/MacOSX.platform/Developer/SDKs/MacOSX26.1.sdk/System/Library/Frameworks/Foundation.framework/Headers/NSCompoundPredicate.h
/Applications/Xcode.app/Contents/Developer/Platforms/MacOSX.platform/Developer/SDKs/MacOSX26.1.sdk/System/Library/Frameworks/Foundation.framework/Headers/NSDateComponentsFormatter.h
/Applications/Xcode.app/Contents/Developer/Platforms/MacOSX.platform/Developer/SDKs/MacOSX26.1.sdk/System/Library/Frameworks/Foundation.framework/Headers/NSExpression.h
/Applications/Xcode.app/Contents/Developer/Platforms/MacOSX.platform/Developer/SDKs/MacOSX26.1.sdk/System/Library/Frameworks/Foundation.framework/Headers/NSExtensionContext.h
/Applications/Xcode.app/Contents/Developer/Platforms/MacOSX.platform/Developer/SDKs/MacOSX26.1.sdk/System/Library/Frameworks/Foundation.framework/Headers/NSExtensionItem.h
/Applications/Xcode.app/Contents/Developer/Platforms/MacOSX.platform/Developer/SDKs/MacOSX26.1.sdk/System/Library/Frameworks/Foundation.framework/Headers/NSExtensionRequestHandling.h
/Applications/Xcode.app/Contents/Developer/Platforms/MacOSX.platform/Developer/SDKs/MacOSX26.1.sdk/System/Library/Frameworks/Foundation.framework/Headers/NSFileCoordinator.h
/Applications/Xcode.app/Contents/Developer/Platforms/MacOSX.platform/Developer/SDKs/MacOSX26.1.sdk/System/Library/Frameworks/Foundation.framework/Headers/NSFilePresenter.h
/Applications/Xcode.app/Contents/Developer/Platforms/MacOSX.platform/Developer/SDKs/MacOSX26.1.sdk/System/Library/Frameworks/Foundation.framework/Headers/NSFileVersion.h
/Applications/Xcode.app/Contents/Developer/Platforms/MacOSX.platform/Developer/SDKs/MacOSX26.1.sdk/System/Library/Frameworks/Foundation.framework/Headers/NSFileWrapper.h
/Applications/Xcode.app/Contents/Developer/Platforms/MacOSX.platform/Developer/SDKs/MacOSX26.1.sdk/System/Library/Frameworks/Foundation.framework/Headers/NSLinguisticTagger.h
/Applications/Xcode.app/Contents/Developer/Platforms/MacOSX.platform/Developer/SDKs/MacOSX26.1.sdk/System/Library/Frameworks/Foundation.framework/Headers/NSMetadata.h
/Applications/Xcode.app/Contents/Developer/Platforms/MacOSX.platform/Developer/SDKs/MacOSX26.1.sdk/System/Library/Frameworks/Foundation.framework/Headers/NSMetadataAttributes.h
/Applications/Xcode.app/Contents/Developer/Platforms/MacOSX.platform/Developer/SDKs/MacOSX26.1.sdk/System/Library/Frameworks/Foundation.framework/Headers/NSNetServices.h
/Applications/Xcode.app/Contents/Developer/Platforms/MacOSX.platform/Developer/SDKs/MacOSX26.1.sdk/System/Library/Frameworks/Foundation.framework/Headers/NSUbiquitousKeyValueStore.h
/Applications/Xcode.app/Contents/Developer/Platforms/MacOSX.platform/Developer/SDKs/MacOSX26.1.sdk/System/Library/Frameworks/Foundation.framework/Headers/NSUndoManager.h
/Applications/Xcode.app/Contents/Developer/Platforms/MacOSX.platform/Developer/SDKs/MacOSX26.1.sdk/System/Library/Frameworks/Foundation.framework/Headers/NSURLSession.h
/Applications/Xcode.app/Contents/Developer/Platforms/MacOSX.platform/Developer/SDKs/MacOSX26.1.sdk/System/Library/Frameworks/Foundation.framework/Headers/NSUserActivity.h
/Applications/Xcode.app/Contents/Developer/Platforms/MacOSX.platform/Developer/SDKs/MacOSX26.1.sdk/System/Library/Frameworks/Foundation.framework/Headers/NSUUID.h
/Applications/Xcode.app/Contents/Developer/Platforms/MacOSX.platform/Developer/SDKs/MacOSX26.1.sdk/System/Library/Frameworks/Foundation.framework/Headers/NSAffineTransform.h
/Applications/Xcode.app/Contents/Developer/Platforms/MacOSX.platform/Developer/SDKs/MacOSX26.1.sdk/System/Library/Frameworks/Foundation.framework/Headers/NSAppleScript.h
/Applications/Xcode.app/Contents/Developer/Platforms/MacOSX.platform/Developer/SDKs/MacOSX26.1.sdk/System/Library/Frameworks/Foundation.framework/Headers/NSArchiver.h
/Applications/Xcode.app/Contents/Developer/Platforms/MacOSX.platform/Developer/SDKs/MacOSX26.1.sdk/System/Library/Frameworks/Foundation.framework/Headers/NSBackgroundActivityScheduler.h
/Applications/Xcode.app/Contents/Developer/Platforms/MacOSX.platform/Developer/SDKs/MacOSX26.1.sdk/System/Library/Frameworks/Foundation.framework/Headers/NSCalendarDate.h
/Applications/Xcode.app/Contents/Developer/Platforms/MacOSX.platform/Developer/SDKs/MacOSX26.1.sdk/System/Library/Frameworks/Foundation.framework/Headers/NSConnection.h
/Applications/Xcode.app/Contents/Developer/Platforms/MacOSX.platform/Developer/SDKs/MacOSX26.1.sdk/System/Library/Frameworks/Foundation.framework/Headers/NSDistantObject.h
/Applications/Xcode.app/Contents/Developer/Platforms/MacOSX.platform/Developer/SDKs/MacOSX26.1.sdk/System/Library/Frameworks/Foundation.framework/Headers/NSDistributedNotificationCenter.h
/Applications/Xcode.app/Contents/Developer/Platforms/MacOSX.platform/Developer/SDKs/MacOSX26.1.sdk/System/Library/Frameworks/Foundation.framework/Headers/NSPortCoder.h
/Applications/Xcode.app/Contents/Developer/Platforms/MacOSX.platform/Developer/SDKs/MacOSX26.1.sdk/System/Library/Frameworks/Foundation.framework/Headers/NSPortMessage.h
/Applications/Xcode.app/Contents/Developer/Platforms/MacOSX.platform/Developer/SDKs/MacOSX26.1.sdk/System/Library/Frameworks/Foundation.framework/Headers/NSPortNameServer.h
/Applications/Xcode.app/Contents/Developer/Platforms/MacOSX.platform/Developer/SDKs/MacOSX26.1.sdk/System/Library/Frameworks/Foundation.framework/Headers/NSProtocolChecker.h
/Applications/Xcode.app/Contents/Developer/Platforms/MacOSX.platform/Developer/SDKs/MacOSX26.1.sdk/System/Library/Frameworks/Foundation.framework/Headers/NSTask.h
/Applications/Xcode.app/Contents/Developer/Platforms/MacOSX.platform/Developer/SDKs/MacOSX26.1.sdk/System/Library/Frameworks/Foundation.framework/Headers/NSXMLDTD.h
/Applications/Xcode.app/Contents/Developer/Platforms/MacOSX.platform/Developer/SDKs/MacOSX26.1.sdk/System/Library/Frameworks/Foundation.framework/Headers/NSXMLNode.h
/Applications/Xcode.app/Contents/Developer/Platforms/MacOSX.platform/Developer/SDKs/MacOSX26.1.sdk/System/Library/Frameworks/Foundation.framework/Headers/NSXMLNodeOptions.h
/Applications/Xcode.app/Contents/Developer/Platforms/MacOSX.platform/Developer/SDKs/MacOSX26.1.sdk/System/Library/Frameworks/Foundation.framework/Headers/NSXMLDTDNode.h
/Applications/Xcode.app/Contents/Developer/Platforms/MacOSX.platform/Developer/SDKs/MacOSX26.1.sdk/System/Library/Frameworks/Foundation.framework/Headers/NSXMLDocument.h
/Applications/Xcode.app/Contents/Developer/Platforms/MacOSX.platform/Developer/SDKs/MacOSX26.1.sdk/System/Library/Frameworks/Foundation.framework/Headers/NSXMLElement.h
/Applications/Xcode.app/Contents/Developer/Platforms/MacOSX.platform/Developer/SDKs/MacOSX26.1.sdk/System/Library/Frameworks/Foundation.framework/Headers/NSURLDownload.h
/Applications/Xcode.app/Contents/Developer/Platforms/MacOSX.platform/Developer/SDKs/MacOSX26.1.sdk/System/Library/Frameworks/Foundation.framework/Headers/NSAppleEventDescriptor.h
/Applications/Xcode.app/Contents/Developer/Platforms/MacOSX.platform/Developer/SDKs/MacOSX26.1.sdk/System/Library/Frameworks/Foundation.framework/Headers/NSAppleEventManager.h
/Applications/Xcode.app/Contents/Developer/Platforms/MacOSX.platform/Developer/SDKs/MacOSX26.1.sdk/System/Library/Frameworks/Foundation.framework/Headers/NSClassDescription.h
/Applications/Xcode.app/Contents/Developer/Platforms/MacOSX.platform/Developer/SDKs/MacOSX26.1.sdk/System/Library/Frameworks/Foundation.framework/Headers/NSDistributedLock.h
/Applications/Xcode.app/Contents/Developer/Platforms/MacOSX.platform/Developer/SDKs/MacOSX26.1.sdk/System/Library/Frameworks/Foundation.framework/Headers/NSGarbageCollector.h
/Applications/Xcode.app/Contents/Developer/Platforms/MacOSX.platform/Developer/SDKs/MacOSX26.1.sdk/System/Library/Frameworks/Foundation.framework/Headers/NSHFSFileTypes.h
/Applications/Xcode.app/Contents/Developer/Platforms/MacOSX.platform/Developer/SDKs/MacOSX26.1.sdk/System/Library/Frameworks/Foundation.framework/Headers/NSHost.h
/Applications/Xcode.app/Contents/Developer/Platforms/MacOSX.platform/Developer/SDKs/MacOSX26.1.sdk/System/Library/Frameworks/Foundation.framework/Headers/NSObjectScripting.h
/Applications/Xcode.app/Contents/Developer/Platforms/MacOSX.platform/Developer/SDKs/MacOSX26.1.sdk/System/Library/Frameworks/Foundation.framework/Headers/NSScriptClassDescription.h
/Applications/Xcode.app/Contents/Developer/Platforms/MacOSX.platform/Developer/SDKs/MacOSX26.1.sdk/System/Library/Frameworks/Foundation.framework/Headers/NSScriptCoercionHandler.h
/Applications/Xcode.app/Contents/Developer/Platforms/MacOSX.platform/Developer/SDKs/MacOSX26.1.sdk/System/Library/Frameworks/Foundation.framework/Headers/NSScriptCommand.h
/Applications/Xcode.app/Contents/Developer/Platforms/MacOSX.platform/Developer/SDKs/MacOSX26.1.sdk/System/Library/Frameworks/Foundation.framework/Headers/NSScriptCommandDescription.h
/Applications/Xcode.app/Contents/Developer/Platforms/MacOSX.platform/Developer/SDKs/MacOSX26.1.sdk/System/Library/Frameworks/Foundation.framework/Headers/NSScriptExecutionContext.h
/Applications/Xcode.app/Contents/Developer/Platforms/MacOSX.platform/Developer/SDKs/MacOSX26.1.sdk/System/Library/Frameworks/Foundation.framework/Headers/NSScriptKeyValueCoding.h
/Applications/Xcode.app/Contents/Developer/Platforms/MacOSX.platform/Developer/SDKs/MacOSX26.1.sdk/System/Library/Frameworks/Foundation.framework/Headers/NSScriptObjectSpecifiers.h
/Applications/Xcode.app/Contents/Developer/Platforms/MacOSX.platform/Developer/SDKs/MacOSX26.1.sdk/System/Library/Frameworks/Foundation.framework/Headers/NSScriptStandardSuiteCommands.h
/Applications/Xcode.app/Contents/Developer/Platforms/MacOSX.platform/Developer/SDKs/MacOSX26.1.sdk/System/Library/Frameworks/Foundation.framework/Headers/NSScriptSuiteRegistry.h
/Applications/Xcode.app/Contents/Developer/Platforms/MacOSX.platform/Developer/SDKs/MacOSX26.1.sdk/System/Library/Frameworks/Foundation.framework/Headers/NSScriptWhoseTests.h
/Applications/Xcode.app/Contents/Developer/Platforms/MacOSX.platform/Developer/SDKs/MacOSX26.1.sdk/System/Library/Frameworks/Foundation.framework/Headers/NSSpellServer.h
/Applications/Xcode.app/Contents/Developer/Platforms/MacOSX.platform/Developer/SDKs/MacOSX26.1.sdk/System/Library/Frameworks/Foundation.framework/Headers/NSUserNotification.h
/Applications/Xcode.app/Contents/Developer/Platforms/MacOSX.platform/Developer/SDKs/MacOSX26.1.sdk/System/Library/Frameworks/Foundation.framework/Headers/NSUserScriptTask.h
/Applications/Xcode.app/Contents/Developer/Platforms/MacOSX.platform/Developer/SDKs/MacOSX26.1.sdk/System/Library/Frameworks/Foundation.framework/Headers/FoundationLegacySwiftCompatibility.h
/Applications/Xcode.app/Contents/Developer/Platforms/MacOSX.platform/Developer/SDKs/MacOSX26.1.sdk/System/Library/Frameworks/Foundation.framework/Headers/NSDebug.h
/Applications/Xcode.app/Contents/Developer/Platforms/MacOSX.platform/Developer/SDKs/MacOSX26.1.sdk/SDKSettings.json
/Applications/Xcode.app/Contents/Developer/Toolchains/XcodeDefault.xctoolchain/usr/lib/swift/macosx/prebuilt-modules/26.1/Foundation.swiftmodule/arm64e-apple-macos.swiftmodule
/Applications/Xcode.app/Contents/Developer/Toolchains/XcodeDefault.xctoolchain/usr/lib/swift/macosx/prebuilt-modules/26.1/IOKit.swiftmodule/arm64e-apple-macos.swiftmodule
/Applications/Xcode.app/Contents/Developer/Platforms/MacOSX.platform/Developer/SDKs/MacOSX26.1.sdk/System/Library/Frameworks/IOKit.framework/Modules/module.modulemap
/Applications/Xcode.app/Contents/Developer/Platforms/MacOSX.platform/Developer/SDKs/MacOSX26.1.sdk/System/Library/Frameworks/IOKit.framework/Headers/IOReturn.h
/Applications/Xcode.app/Contents/Developer/Platforms/MacOSX.platform/Developer/SDKs/MacOSX26.1.sdk/usr/include/dispatch.modulemap
/Applications/Xcode.app/Contents/Developer/Platforms/MacOSX.platform/Developer/SDKs/MacOSX26.1.sdk/usr/include/libkern.modulemap
/Applications/Xcode.app/Contents/Developer/Platforms/MacOSX.platform/Developer/SDKs/MacOSX26.1.sdk/usr/include/Darwin.modulemap
/Applications/Xcode.app/Contents/Developer/Platforms/MacOSX.platform/Developer/SDKs/MacOSX26.1.sdk/usr/include/Darwin_C.modulemap
/Applications/Xcode.app/Contents/Developer/Platforms/MacOSX.platform/Developer/SDKs/MacOSX26.1.sdk/usr/include/Darwin_POSIX.modulemap
/Applications/Xcode.app/Contents/Developer/Platforms/MacOSX.platform/Developer/SDKs/MacOSX26.1.sdk/usr/include/net.modulemap
/Applications/Xcode.app/Contents/Developer/Platforms/MacOSX.platform/Developer/SDKs/MacOSX26.1.sdk/usr/include/netinet.modulemap
/Applications/Xcode.app/Contents/Developer/Platforms/MacOSX.platform/Developer/SDKs/MacOSX26.1.sdk/usr/include/bank.modulemap
/Applications/Xcode.app/Contents/Developer/Platforms/MacOSX.platform/Developer/SDKs/MacOSX26.1.sdk/usr/include/Darwin_Mach.modulemap
/Applications/Xcode.app/Contents/Developer/Platforms/MacOSX.platform/Developer/SDKs/MacOSX26.1.sdk/usr/include/Darwin_Mach_machine.modulemap
/Applications/Xcode.app/Contents/Developer/Platforms/MacOSX.platform/Developer/SDKs/MacOSX26.1.sdk/usr/include/mach_debug.modulemap
/Applications/Xcode.app/Contents/Developer/Platforms/MacOSX.platform/Developer/SDKs/MacOSX26.1.sdk/usr/include/device.modulemap
/Applications/Xcode.app/Contents/Developer/Platforms/MacOSX.platform/Developer/SDKs/MacOSX26.1.sdk/usr/include/Darwin_machine.modulemap
/Applications/Xcode.app/Contents/Developer/Platforms/MacOSX.platform/Developer/SDKs/MacOSX26.1.sdk/usr/include/ncurses.modulemap
/Applications/Xcode.app/Contents/Developer/Platforms/MacOSX.platform/Developer/SDKs/MacOSX26.1.sdk/usr/include/netinet6.modulemap
/Applications/Xcode.app/Contents/Developer/Platforms/MacOSX.platform/Developer/SDKs/MacOSX26.1.sdk/usr/include/Darwin_sys.modulemap
/Applications/Xcode.app/Contents/Developer/Platforms/MacOSX.platform/Developer/SDKs/MacOSX26.1.sdk/usr/include/uuid.modulemap
/Applications/Xcode.app/Contents/Developer/Platforms/MacOSX.platform/Developer/SDKs/MacOSX26.1.sdk/usr/include/DarwinFoundation2.modulemap
/Applications/Xcode.app/Contents/Developer/Platforms/MacOSX.platform/Developer/SDKs/MacOSX26.1.sdk/usr/include/DarwinFoundation1.modulemap
/Applications/Xcode.app/Contents/Developer/Platforms/MacOSX.platform/Developer/SDKs/MacOSX26.1.sdk/System/Library/Frameworks/IOKit.framework/Headers/IOMapTypes.h
/Applications/Xcode.app/Contents/Developer/Platforms/MacOSX.platform/Developer/SDKs/MacOSX26.1.sdk/System/Library/Frameworks/IOKit.framework/Headers/IOTypes.h
/Applications/Xcode.app/Contents/Developer/Toolchains/XcodeDefault.xctoolchain/usr/lib/swift/clang/include/module.modulemap
/Applications/Xcode.app/Contents/Developer/Platforms/MacOSX.platform/Developer/SDKs/MacOSX26.1.sdk/System/Library/Frameworks/IOKit.framework/Headers/IOKitKeys.h
/Applications/Xcode.app/Contents/Developer/Platforms/MacOSX.platform/Developer/SDKs/MacOSX26.1.sdk/System/Library/Frameworks/IOKit.framework/Headers/OSMessageNotification.h
/Applications/Xcode.app/Contents/Developer/Platforms/MacOSX.platform/Developer/SDKs/MacOSX26.1.sdk/System/Library/Frameworks/IOKit.framework/Headers/IOKitLib.h
/Applications/Xcode.app/Contents/Developer/Platforms/MacOSX.platform/Developer/SDKs/MacOSX26.1.sdk/System/Library/Frameworks/CoreFoundation.framework/Modules/module.modulemap
/Applications/Xcode.app/Contents/Developer/Platforms/MacOSX.platform/Developer/SDKs/MacOSX26.1.sdk/System/Library/Frameworks/IOKit.framework/Headers/IOBSD.h
/Applications/Xcode.app/Contents/Developer/Platforms/MacOSX.platform/Developer/SDKs/MacOSX26.1.sdk/System/Library/Frameworks/IOKit.framework/Headers/IODataQueueClient.h
/Applications/Xcode.app/Contents/Developer/Platforms/MacOSX.platform/Developer/SDKs/MacOSX26.1.sdk/System/Library/Frameworks/IOKit.framework/Headers/IODataQueueShared.h
/Applications/Xcode.app/Contents/Developer/Platforms/MacOSX.platform/Developer/SDKs/MacOSX26.1.sdk/System/Library/Frameworks/IOKit.framework/Headers/IOCFBundle.h
/Applications/Xcode.app/Contents/Developer/Platforms/MacOSX.platform/Developer/SDKs/MacOSX26.1.sdk/System/Library/Frameworks/IOKit.framework/Headers/IOSharedLock.h
/Applications/Xcode.app/Contents/Developer/Platforms/MacOSX.platform/Developer/SDKs/MacOSX26.1.sdk/System/Library/Frameworks/IOKit.framework/Headers/IOCFPlugIn.h
/Applications/Xcode.app/Contents/Developer/Platforms/MacOSX.platform/Developer/SDKs/MacOSX26.1.sdk/System/Library/Frameworks/IOKit.framework/Headers/IOCFSerialize.h
/Applications/Xcode.app/Contents/Developer/Platforms/MacOSX.platform/Developer/SDKs/MacOSX26.1.sdk/System/Library/Frameworks/IOKit.framework/Headers/IOCFURLAccess.h
/Applications/Xcode.app/Contents/Developer/Platforms/MacOSX.platform/Developer/SDKs/MacOSX26.1.sdk/System/Library/Frameworks/IOKit.framework/Headers/IOKitServer.h
/Applications/Xcode.app/Contents/Developer/Platforms/MacOSX.platform/Developer/SDKs/MacOSX26.1.sdk/System/Library/Frameworks/IOKit.framework/Headers/IOCFUnserialize.h
/Applications/Xcode.app/Contents/Developer/Platforms/MacOSX.platform/Developer/SDKs/MacOSX26.1.sdk/System/Library/Frameworks/IOKit.framework/Headers/IOMessage.h
/Applications/Xcode.app/Contents/Developer/Platforms/MacOSX.platform/Developer/SDKs/MacOSX26.1.sdk/System/Library/Frameworks/IOKit.framework/Headers/IORPC.h
/Applications/Xcode.app/Contents/Developer/Platforms/MacOSX.platform/Developer/SDKs/MacOSX26.1.sdk/System/Library/Frameworks/IOKit.framework/Headers/IOUserServer.h
/Applications/Xcode.app/Contents/Developer/Platforms/MacOSX.platform/Developer/SDKs/MacOSX26.1.sdk/System/Library/Frameworks/IOKit.framework/Headers/audio/IOAudioDefines.h
/Applications/Xcode.app/Contents/Developer/Platforms/MacOSX.platform/Developer/SDKs/MacOSX26.1.sdk/System/Library/Frameworks/IOKit.framework/Headers/audio/IOAudioLib.h
/Applications/Xcode.app/Contents/Developer/Platforms/MacOSX.platform/Developer/SDKs/MacOSX26.1.sdk/System/Library/Frameworks/IOKit.framework/Headers/audio/IOAudioTypes.h
/Applications/Xcode.app/Contents/Developer/Platforms/MacOSX.platform/Developer/SDKs/MacOSX26.1.sdk/System/Library/Frameworks/IOKit.framework/Headers/avc/IOFireWireAVCConsts.h
/Applications/Xcode.app/Contents/Developer/Platforms/MacOSX.platform/Developer/SDKs/MacOSX26.1.sdk/System/Library/Frameworks/IOKit.framework/Headers/avc/IOFireWireAVCLib.h
/Applications/Xcode.app/Contents/Developer/Platforms/MacOSX.platform/Developer/SDKs/MacOSX26.1.sdk/System/Library/Frameworks/IOKit.framework/Headers/firewire/IOFireWireFamilyCommon.h
/Applications/Xcode.app/Contents/Developer/Platforms/MacOSX.platform/Developer/SDKs/MacOSX26.1.sdk/System/Library/Frameworks/IOKit.framework/Headers/firewire/IOFireWireLib.h
/Applications/Xcode.app/Contents/Developer/Platforms/MacOSX.platform/Developer/SDKs/MacOSX26.1.sdk/System/Library/Frameworks/IOKit.framework/Headers/firewire/IOFireWireLibIsoch.h
/Applications/Xcode.app/Contents/Developer/Platforms/MacOSX.platform/Developer/SDKs/MacOSX26.1.sdk/System/Library/Frameworks/IOKit.framework/Headers/graphics/IOAccelClientConnect.h
/Applications/Xcode.app/Contents/Developer/Platforms/MacOSX.platform/Developer/SDKs/MacOSX26.1.sdk/System/Library/Frameworks/IOKit.framework/Headers/graphics/IOGraphicsInterface.h
/Applications/Xcode.app/Contents/Developer/Platforms/MacOSX.platform/Developer/SDKs/MacOSX26.1.sdk/System/Library/Frameworks/IOKit.framework/Headers/graphics/IOGraphicsInterfaceTypes.h
/Applications/Xcode.app/Contents/Developer/Platforms/MacOSX.platform/Developer/SDKs/MacOSX26.1.sdk/System/Library/Frameworks/IOKit.framework/Headers/graphics/IOAccelSurfaceConnect.h
/Applications/Xcode.app/Contents/Developer/Platforms/MacOSX.platform/Developer/SDKs/MacOSX26.1.sdk/System/Library/Frameworks/IOKit.framework/Headers/graphics/IOAccelTypes.h
/Applications/Xcode.app/Contents/Developer/Platforms/MacOSX.platform/Developer/SDKs/MacOSX26.1.sdk/System/Library/Frameworks/IOKit.framework/Headers/graphics/IOGraphicsLib.h
/Applications/Xcode.app/Contents/Developer/Platforms/MacOSX.platform/Developer/SDKs/MacOSX26.1.sdk/System/Library/Frameworks/IOKit.framework/Headers/graphics/IOFramebufferShared.h
/Applications/Xcode.app/Contents/Developer/Platforms/MacOSX.platform/Developer/SDKs/MacOSX26.1.sdk/System/Library/Frameworks/IOKit.framework/Headers/hidsystem/IOHIDTypes.h
/Applications/Xcode.app/Contents/Developer/Platforms/MacOSX.platform/Developer/SDKs/MacOSX26.1.sdk/System/Library/Frameworks/IOKit.framework/Headers/graphics/IOGraphicsTypes.h
/Applications/Xcode.app/Contents/Developer/Platforms/MacOSX.platform/Developer/SDKs/MacOSX26.1.sdk/System/Library/Frameworks/IOKit.framework/Headers/graphics/IOGraphicsEngine.h
/Applications/Xcode.app/Contents/Developer/Platforms/MacOSX.platform/Developer/SDKs/MacOSX26.1.sdk/System/Library/Frameworks/IOKit.framework/Headers/hid/IOHIDBase.h
/Applications/Xcode.app/Contents/Developer/Platforms/MacOSX.platform/Developer/SDKs/MacOSX26.1.sdk/System/Library/Frameworks/IOKit.framework/Headers/hid/IOHIDKeys.h
/Applications/Xcode.app/Contents/Developer/Platforms/MacOSX.platform/Developer/SDKs/MacOSX26.1.sdk/System/Library/Frameworks/IOKit.framework/Headers/hidsystem/IOHIDParameter.h
/Applications/Xcode.app/Contents/Developer/Platforms/MacOSX.platform/Developer/SDKs/MacOSX26.1.sdk/System/Library/Frameworks/IOKit.framework/Headers/hidsystem/IOLLEvent.h
/Applications/Xcode.app/Contents/Developer/Platforms/MacOSX.platform/Developer/SDKs/MacOSX26.1.sdk/System/Library/Frameworks/IOKit.framework/Headers/hid/IOHIDProperties.h
/Applications/Xcode.app/Contents/Developer/Platforms/MacOSX.platform/Developer/SDKs/MacOSX26.1.sdk/System/Library/Frameworks/IOKit.framework/Headers/hid/IOHIDEventServiceKeys.h
/Applications/Xcode.app/Contents/Developer/Platforms/MacOSX.platform/Developer/SDKs/MacOSX26.1.sdk/System/Library/Frameworks/IOKit.framework/Headers/hid/IOHIDDeviceTypes.h
/Applications/Xcode.app/Contents/Developer/Platforms/MacOSX.platform/Developer/SDKs/MacOSX26.1.sdk/System/Library/Frameworks/IOKit.framework/Headers/hid/IOHIDDeviceKeys.h
/Applications/Xcode.app/Contents/Developer/Platforms/MacOSX.platform/Developer/SDKs/MacOSX26.1.sdk/System/Library/Frameworks/IOKit.framework/Headers/hid/IOHIDQueue.h
/Applications/Xcode.app/Contents/Developer/Platforms/MacOSX.platform/Developer/SDKs/MacOSX26.1.sdk/System/Library/Frameworks/IOKit.framework/Headers/hid/IOHIDDevice.h
/Applications/Xcode.app/Contents/Developer/Platforms/MacOSX.platform/Developer/SDKs/MacOSX26.1.sdk/System/Library/Frameworks/IOKit.framework/Headers/hid/IOHIDLib.h
/Applications/Xcode.app/Contents/Developer/Platforms/MacOSX.platform/Developer/SDKs/MacOSX26.1.sdk/System/Library/Frameworks/IOKit.framework/Headers/hid/IOHIDElement.h
/Applications/Xcode.app/Contents/Developer/Platforms/MacOSX.platform/Developer/SDKs/MacOSX26.1.sdk/System/Library/Frameworks/IOKit.framework/Headers/hid/IOHIDLibObsolete.h
/Applications/Xcode.app/Contents/Developer/Platforms/MacOSX.platform/Developer/SDKs/MacOSX26.1.sdk/System/Library/Frameworks/IOKit.framework/Headers/hid/IOHIDManager.h
/Applications/Xcode.app/Contents/Developer/Platforms/MacOSX.platform/Developer/SDKs/MacOSX26.1.sdk/System/Library/Frameworks/IOKit.framework/Headers/hid/IOHIDUsageTables.h
/Applications/Xcode.app/Contents/Developer/Platforms/MacOSX.platform/Developer/SDKs/MacOSX26.1.sdk/System/Library/Frameworks/IOKit.framework/Headers/hid/IOHIDValue.h
/Applications/Xcode.app/Contents/Developer/Platforms/MacOSX.platform/Developer/SDKs/MacOSX26.1.sdk/System/Library/Frameworks/IOKit.framework/Headers/hid/IOHIDTransaction.h
/Applications/Xcode.app/Contents/Developer/Platforms/MacOSX.platform/Developer/SDKs/MacOSX26.1.sdk/System/Library/Frameworks/IOKit.framework/Headers/hid/IOHIDDevicePlugIn.h
/Applications/Xcode.app/Contents/Developer/Platforms/MacOSX.platform/Developer/SDKs/MacOSX26.1.sdk/System/Library/Frameworks/IOKit.framework/Headers/hid/IOHIDEventServiceTypes.h
/Applications/Xcode.app/Contents/Developer/Platforms/MacOSX.platform/Developer/SDKs/MacOSX26.1.sdk/System/Library/Frameworks/IOKit.framework/Headers/hidsystem/IOHIDLib.h
/Applications/Xcode.app/Contents/Developer/Platforms/MacOSX.platform/Developer/SDKs/MacOSX26.1.sdk/System/Library/Frameworks/IOKit.framework/Headers/hidsystem/IOHIDShared.h
/Applications/Xcode.app/Contents/Developer/Platforms/MacOSX.platform/Developer/SDKs/MacOSX26.1.sdk/System/Library/Frameworks/IOKit.framework/Headers/hidsystem/event_status_driver.h
/Applications/Xcode.app/Contents/Developer/Platforms/MacOSX.platform/Developer/SDKs/MacOSX26.1.sdk/System/Library/Frameworks/IOKit.framework/Headers/hidsystem/ev_keymap.h
/Applications/Xcode.app/Contents/Developer/Platforms/MacOSX.platform/Developer/SDKs/MacOSX26.1.sdk/System/Library/Frameworks/IOKit.framework/Headers/hidsystem/IOHIDEventSystemClient.h
/Applications/Xcode.app/Contents/Developer/Platforms/MacOSX.platform/Developer/SDKs/MacOSX26.1.sdk/System/Library/Frameworks/IOKit.framework/Headers/hidsystem/IOHIDServiceClient.h
/Applications/Xcode.app/Contents/Developer/Platforms/MacOSX.platform/Developer/SDKs/MacOSX26.1.sdk/System/Library/Frameworks/IOKit.framework/Headers/hidsystem/IOHIDUserDevice.h
/Applications/Xcode.app/Contents/Developer/Platforms/MacOSX.platform/Developer/SDKs/MacOSX26.1.sdk/System/Library/Frameworks/IOKit.framework/Headers/i2c/IOI2CInterface.h
/Applications/Xcode.app/Contents/Developer/Platforms/MacOSX.platform/Developer/SDKs/MacOSX26.1.sdk/System/Library/Frameworks/IOKit.framework/Headers/kext/KextManager.h
/Applications/Xcode.app/Contents/Developer/Platforms/MacOSX.platform/Developer/SDKs/MacOSX26.1.sdk/System/Library/Frameworks/IOKit.framework/Headers/network/IOEthernetController.h
/Applications/Xcode.app/Contents/Developer/Platforms/MacOSX.platform/Developer/SDKs/MacOSX26.1.sdk/System/Library/Frameworks/IOKit.framework/Headers/network/IONetworkController.h
/Applications/Xcode.app/Contents/Developer/Platforms/MacOSX.platform/Developer/SDKs/MacOSX26.1.sdk/System/Library/Frameworks/IOKit.framework/Headers/network/IONetworkData.h
/Applications/Xcode.app/Contents/Developer/Platforms/MacOSX.platform/Developer/SDKs/MacOSX26.1.sdk/System/Library/Frameworks/IOKit.framework/Headers/network/IONetworkStack.h
/Applications/Xcode.app/Contents/Developer/Platforms/MacOSX.platform/Developer/SDKs/MacOSX26.1.sdk/System/Library/Frameworks/IOKit.framework/Headers/network/IOEthernetInterface.h
/Applications/Xcode.app/Contents/Developer/Platforms/MacOSX.platform/Developer/SDKs/MacOSX26.1.sdk/System/Library/Frameworks/IOKit.framework/Headers/network/IONetworkInterface.h
/Applications/Xcode.app/Contents/Developer/Platforms/MacOSX.platform/Developer/SDKs/MacOSX26.1.sdk/System/Library/Frameworks/IOKit.framework/Headers/network/IONetworkStats.h
/Applications/Xcode.app/Contents/Developer/Platforms/MacOSX.platform/Developer/SDKs/MacOSX26.1.sdk/System/Library/Frameworks/IOKit.framework/Headers/network/IOEthernetStats.h
/Applications/Xcode.app/Contents/Developer/Platforms/MacOSX.platform/Developer/SDKs/MacOSX26.1.sdk/System/Library/Frameworks/IOKit.framework/Headers/network/IONetworkLib.h
/Applications/Xcode.app/Contents/Developer/Platforms/MacOSX.platform/Developer/SDKs/MacOSX26.1.sdk/System/Library/Frameworks/IOKit.framework/Headers/network/IONetworkMedium.h
/Applications/Xcode.app/Contents/Developer/Platforms/MacOSX.platform/Developer/SDKs/MacOSX26.1.sdk/System/Library/Frameworks/IOKit.framework/Headers/network/IONetworkUserClient.h
/Applications/Xcode.app/Contents/Developer/Platforms/MacOSX.platform/Developer/SDKs/MacOSX26.1.sdk/System/Library/Frameworks/IOKit.framework/Headers/ps/IOPSKeys.h
/Applications/Xcode.app/Contents/Developer/Platforms/MacOSX.platform/Developer/SDKs/MacOSX26.1.sdk/System/Library/Frameworks/IOKit.framework/Headers/ps/IOPowerSources.h
/Applications/Xcode.app/Contents/Developer/Platforms/MacOSX.platform/Developer/SDKs/MacOSX26.1.sdk/System/Library/Frameworks/IOKit.framework/Headers/ps/IOUPSPlugIn.h
/Applications/Xcode.app/Contents/Developer/Platforms/MacOSX.platform/Developer/SDKs/MacOSX26.1.sdk/System/Library/Frameworks/IOKit.framework/Headers/pwr_mgt/IOPM.h
/Applications/Xcode.app/Contents/Developer/Platforms/MacOSX.platform/Developer/SDKs/MacOSX26.1.sdk/System/Library/Frameworks/IOKit.framework/Headers/pwr_mgt/IOPMKeys.h
/Applications/Xcode.app/Contents/Developer/Platforms/MacOSX.platform/Developer/SDKs/MacOSX26.1.sdk/System/Library/Frameworks/IOKit.framework/Headers/pwr_mgt/IOPMLib.h
/Applications/Xcode.app/Contents/Developer/Platforms/MacOSX.platform/Developer/SDKs/MacOSX26.1.sdk/System/Library/Frameworks/IOKit.framework/Headers/pwr_mgt/IOPMLibDefs.h
/Applications/Xcode.app/Contents/Developer/Platforms/MacOSX.platform/Developer/SDKs/MacOSX26.1.sdk/System/Library/Frameworks/IOKit.framework/Headers/sbp2/IOFireWireSBP2Lib.h
/Applications/Xcode.app/Contents/Developer/Platforms/MacOSX.platform/Developer/SDKs/MacOSX26.1.sdk/System/Library/Frameworks/IOKit.framework/Headers/scsi/IOSCSIMultimediaCommandsDevice.h
/Applications/Xcode.app/Contents/Developer/Platforms/MacOSX.platform/Developer/SDKs/MacOSX26.1.sdk/System/Library/Frameworks/IOKit.framework/Headers/storage/IOStorageDeviceCharacteristics.h
/Applications/Xcode.app/Contents/Developer/Platforms/MacOSX.platform/Developer/SDKs/MacOSX26.1.sdk/System/Library/Frameworks/IOKit.framework/Headers/storage/IOStorageProtocolCharacteristics.h
/Applications/Xcode.app/Contents/Developer/Platforms/MacOSX.platform/Developer/SDKs/MacOSX26.1.sdk/System/Library/Frameworks/IOKit.framework/Headers/storage/IOStorageControllerCharacteristics.h
/Applications/Xcode.app/Contents/Developer/Platforms/MacOSX.platform/Developer/SDKs/MacOSX26.1.sdk/System/Library/Frameworks/IOKit.framework/Headers/scsi/SCSICmds_REQUEST_SENSE_Defs.h
/Applications/Xcode.app/Contents/Developer/Platforms/MacOSX.platform/Developer/SDKs/MacOSX26.1.sdk/System/Library/Frameworks/IOKit.framework/Headers/scsi/SCSICmds_INQUIRY_Definitions.h
/Applications/Xcode.app/Contents/Developer/Platforms/MacOSX.platform/Developer/SDKs/MacOSX26.1.sdk/System/Library/Frameworks/IOKit.framework/Headers/scsi/SCSICommandDefinitions.h
/Applications/Xcode.app/Contents/Developer/Platforms/MacOSX.platform/Developer/SDKs/MacOSX26.1.sdk/System/Library/Frameworks/IOKit.framework/Headers/scsi/SCSICmds_MODE_Definitions.h
/Applications/Xcode.app/Contents/Developer/Platforms/MacOSX.platform/Developer/SDKs/MacOSX26.1.sdk/System/Library/Frameworks/IOKit.framework/Headers/scsi/SCSICommandOperationCodes.h
/Applications/Xcode.app/Contents/Developer/Platforms/MacOSX.platform/Developer/SDKs/MacOSX26.1.sdk/System/Library/Frameworks/IOKit.framework/Headers/scsi/SCSICmds_READ_CAPACITY_Definitions.h
/Applications/Xcode.app/Contents/Developer/Platforms/MacOSX.platform/Developer/SDKs/MacOSX26.1.sdk/System/Library/Frameworks/IOKit.framework/Headers/scsi/SCSITask.h
/Applications/Xcode.app/Contents/Developer/Platforms/MacOSX.platform/Developer/SDKs/MacOSX26.1.sdk/System/Library/Frameworks/IOKit.framework/Headers/scsi/SCSICmds_REPORT_LUNS_Definitions.h
/Applications/Xcode.app/Contents/Developer/Platforms/MacOSX.platform/Developer/SDKs/MacOSX26.1.sdk/System/Library/Frameworks/IOKit.framework/Headers/scsi/SCSITaskLib.h
/Applications/Xcode.app/Contents/Developer/Platforms/MacOSX.platform/Developer/SDKs/MacOSX26.1.sdk/System/Library/Frameworks/IOKit.framework/Headers/serial/IOSerialKeys.h
/Applications/Xcode.app/Contents/Developer/Platforms/MacOSX.platform/Developer/SDKs/MacOSX26.1.sdk/System/Library/Frameworks/IOKit.framework/Headers/serial/ioss.h
/Applications/Xcode.app/Contents/Developer/Platforms/MacOSX.platform/Developer/SDKs/MacOSX26.1.sdk/System/Library/Frameworks/IOKit.framework/Headers/storage/IOAppleLabelScheme.h
/Applications/Xcode.app/Contents/Developer/Platforms/MacOSX.platform/Developer/SDKs/MacOSX26.1.sdk/System/Library/Frameworks/IOKit.framework/Headers/storage/IODVDMediaBSDClient.h
/Applications/Xcode.app/Contents/Developer/Platforms/MacOSX.platform/Developer/SDKs/MacOSX26.1.sdk/System/Library/Frameworks/IOKit.framework/Headers/storage/IODVDTypes.h
/Applications/Xcode.app/Contents/Developer/Platforms/MacOSX.platform/Developer/SDKs/MacOSX26.1.sdk/System/Library/Frameworks/IOKit.framework/Headers/storage/IOApplePartitionScheme.h
/Applications/Xcode.app/Contents/Developer/Platforms/MacOSX.platform/Developer/SDKs/MacOSX26.1.sdk/System/Library/Frameworks/IOKit.framework/Headers/storage/IOBDBlockStorageDevice.h
/Applications/Xcode.app/Contents/Developer/Platforms/MacOSX.platform/Developer/SDKs/MacOSX26.1.sdk/System/Library/Frameworks/IOKit.framework/Headers/storage/IOBDTypes.h
/Applications/Xcode.app/Contents/Developer/Platforms/MacOSX.platform/Developer/SDKs/MacOSX26.1.sdk/System/Library/Frameworks/IOKit.framework/Headers/storage/IOFDiskPartitionScheme.h
/Applications/Xcode.app/Contents/Developer/Platforms/MacOSX.platform/Developer/SDKs/MacOSX26.1.sdk/System/Library/Frameworks/IOKit.framework/Headers/storage/IOBDMedia.h
/Applications/Xcode.app/Contents/Developer/Platforms/MacOSX.platform/Developer/SDKs/MacOSX26.1.sdk/System/Library/Frameworks/IOKit.framework/Headers/storage/IOFilterScheme.h
/Applications/Xcode.app/Contents/Developer/Platforms/MacOSX.platform/Developer/SDKs/MacOSX26.1.sdk/System/Library/Frameworks/IOKit.framework/Headers/storage/IOBDMediaBSDClient.h
/Applications/Xcode.app/Contents/Developer/Platforms/MacOSX.platform/Developer/SDKs/MacOSX26.1.sdk/System/Library/Frameworks/IOKit.framework/Headers/storage/IOFireWireStorageCharacteristics.h
/Applications/Xcode.app/Contents/Developer/Platforms/MacOSX.platform/Developer/SDKs/MacOSX26.1.sdk/System/Library/Frameworks/IOKit.framework/Headers/storage/IOGUIDPartitionScheme.h
/Applications/Xcode.app/Contents/Developer/Platforms/MacOSX.platform/Developer/SDKs/MacOSX26.1.sdk/System/Library/Frameworks/IOKit.framework/Headers/storage/IOBlockStorageDevice.h
/Applications/Xcode.app/Contents/Developer/Platforms/MacOSX.platform/Developer/SDKs/MacOSX26.1.sdk/System/Library/Frameworks/IOKit.framework/Headers/storage/IOMedia.h
/Applications/Xcode.app/Contents/Developer/Platforms/MacOSX.platform/Developer/SDKs/MacOSX26.1.sdk/System/Library/Frameworks/IOKit.framework/Headers/storage/IOBlockStorageDriver.h
/Applications/Xcode.app/Contents/Developer/Platforms/MacOSX.platform/Developer/SDKs/MacOSX26.1.sdk/System/Library/Frameworks/IOKit.framework/Headers/storage/IOMediaBSDClient.h
/Applications/Xcode.app/Contents/Developer/Platforms/MacOSX.platform/Developer/SDKs/MacOSX26.1.sdk/System/Library/Frameworks/IOKit.framework/Headers/storage/IOCDBlockStorageDevice.h
/Applications/Xcode.app/Contents/Developer/Platforms/MacOSX.platform/Developer/SDKs/MacOSX26.1.sdk/System/Library/Frameworks/IOKit.framework/Headers/storage/IOCDTypes.h
/Applications/Xcode.app/Contents/Developer/Platforms/MacOSX.platform/Developer/SDKs/MacOSX26.1.sdk/System/Library/Frameworks/IOKit.framework/Headers/storage/IOPartitionScheme.h
/Applications/Xcode.app/Contents/Developer/Platforms/MacOSX.platform/Developer/SDKs/MacOSX26.1.sdk/System/Library/Frameworks/IOKit.framework/Headers/storage/IOCDMedia.h
/Applications/Xcode.app/Contents/Developer/Platforms/MacOSX.platform/Developer/SDKs/MacOSX26.1.sdk/System/Library/Frameworks/IOKit.framework/Headers/storage/IOStorage.h
/Applications/Xcode.app/Contents/Developer/Platforms/MacOSX.platform/Developer/SDKs/MacOSX26.1.sdk/System/Library/Frameworks/IOKit.framework/Headers/storage/IOCDMediaBSDClient.h
/Applications/Xcode.app/Contents/Developer/Platforms/MacOSX.platform/Developer/SDKs/MacOSX26.1.sdk/System/Library/Frameworks/IOKit.framework/Headers/storage/IOStorageCardCharacteristics.h
/Applications/Xcode.app/Contents/Developer/Platforms/MacOSX.platform/Developer/SDKs/MacOSX26.1.sdk/System/Library/Frameworks/IOKit.framework/Headers/storage/IOCDPartitionScheme.h
/Applications/Xcode.app/Contents/Developer/Platforms/MacOSX.platform/Developer/SDKs/MacOSX26.1.sdk/System/Library/Frameworks/IOKit.framework/Headers/storage/IODVDBlockStorageDevice.h
/Applications/Xcode.app/Contents/Developer/Platforms/MacOSX.platform/Developer/SDKs/MacOSX26.1.sdk/System/Library/Frameworks/IOKit.framework/Headers/storage/IODVDMedia.h
/Applications/Xcode.app/Contents/Developer/Platforms/MacOSX.platform/Developer/SDKs/MacOSX26.1.sdk/System/Library/Frameworks/IOKit.framework/Headers/storage/ata/ATASMARTLib.h
/Applications/Xcode.app/Contents/Developer/Platforms/MacOSX.platform/Developer/SDKs/MacOSX26.1.sdk/System/Library/Frameworks/IOKit.framework/Headers/storage/ata/IOATAStorageDefines.h
/Applications/Xcode.app/Contents/Developer/Platforms/MacOSX.platform/Developer/SDKs/MacOSX26.1.sdk/System/Library/Frameworks/IOKit.framework/Headers/stream/IOStreamLib.h
/Applications/Xcode.app/Contents/Developer/Platforms/MacOSX.platform/Developer/SDKs/MacOSX26.1.sdk/System/Library/Frameworks/IOKit.framework/Headers/stream/IOStreamShared.h
/Applications/Xcode.app/Contents/Developer/Platforms/MacOSX.platform/Developer/SDKs/MacOSX26.1.sdk/System/Library/Frameworks/IOKit.framework/Headers/usb/AppleUSBDefinitions.h
/Applications/Xcode.app/Contents/Developer/Platforms/MacOSX.platform/Developer/SDKs/MacOSX26.1.sdk/System/Library/Frameworks/IOKit.framework/Headers/usb/IOUSBHostFamilyDefinitions.h
/Applications/Xcode.app/Contents/Developer/Platforms/MacOSX.platform/Developer/SDKs/MacOSX26.1.sdk/System/Library/Frameworks/IOKit.framework/Headers/usb/IOUSBLib.h
/Applications/Xcode.app/Contents/Developer/Platforms/MacOSX.platform/Developer/SDKs/MacOSX26.1.sdk/System/Library/Frameworks/IOKit.framework/Headers/usb/USB.h
/Applications/Xcode.app/Contents/Developer/Platforms/MacOSX.platform/Developer/SDKs/MacOSX26.1.sdk/System/Library/Frameworks/IOKit.framework/Headers/usb/USBSpec.h
/Applications/Xcode.app/Contents/Developer/Platforms/MacOSX.platform/Developer/SDKs/MacOSX26.1.sdk/SDKSettings.json
/Applications/Xcode.app/Contents/Developer/Platforms/MacOSX.platform/Developer/SDKs/MacOSX26.1.sdk/usr/include/DarwinBasic.modulemap
/Applications/Xcode.app/Contents/Developer/Platforms/MacOSX.platform/Developer/SDKs/MacOSX26.1.sdk/usr/include/Darwin.modulemap
/Applications/Xcode.app/Contents/Developer/Platforms/MacOSX.platform/Developer/SDKs/MacOSX26.1.sdk/usr/include/Darwin_C.modulemap
/Applications/Xcode.app/Contents/Developer/Platforms/MacOSX.platform/Developer/SDKs/MacOSX26.1.sdk/usr/include/Darwin_POSIX.modulemap
/Applications/Xcode.app/Contents/Developer/Platforms/MacOSX.platform/Developer/SDKs/MacOSX26.1.sdk/usr/include/net.modulemap
/Applications/Xcode.app/Contents/Developer/Platforms/MacOSX.platform/Developer/SDKs/MacOSX26.1.sdk/usr/include/netinet.modulemap
/Applications/Xcode.app/Contents/Developer/Platforms/MacOSX.platform/Developer/SDKs/MacOSX26.1.sdk/usr/include/bank.modulemap
/Applications/Xcode.app/Contents/Developer/Platforms/MacOSX.platform/Developer/SDKs/MacOSX26.1.sdk/usr/include/Darwin_Mach.modulemap
/Applications/Xcode.app/Contents/Developer/Platforms/MacOSX.platform/Developer/SDKs/MacOSX26.1.sdk/usr/include/Darwin_Mach_machine.modulemap
/Applications/Xcode.app/Contents/Developer/Platforms/MacOSX.platform/Developer/SDKs/MacOSX26.1.sdk/usr/include/mach_debug.modulemap
/Applications/Xcode.app/Contents/Developer/Platforms/MacOSX.platform/Developer/SDKs/MacOSX26.1.sdk/usr/include/device.modulemap
/Applications/Xcode.app/Contents/Developer/Platforms/MacOSX.platform/Developer/SDKs/MacOSX26.1.sdk/usr/include/Darwin_machine.modulemap
/Applications/Xcode.app/Contents/Developer/Platforms/MacOSX.platform/Developer/SDKs/MacOSX26.1.sdk/usr/include/ncurses.modulemap
/Applications/Xcode.app/Contents/Developer/Platforms/MacOSX.platform/Developer/SDKs/MacOSX26.1.sdk/usr/include/netinet6.modulemap
/Applications/Xcode.app/Contents/Developer/Platforms/MacOSX.platform/Developer/SDKs/MacOSX26.1.sdk/usr/include/Darwin_sys.modulemap
/Applications/Xcode.app/Contents/Developer/Platforms/MacOSX.platform/Developer/SDKs/MacOSX26.1.sdk/usr/include/uuid.modulemap
/Applications/Xcode.app/Contents/Developer/Platforms/MacOSX.platform/Developer/SDKs/MacOSX26.1.sdk/usr/include/DarwinFoundation2.modulemap
/Applications/Xcode.app/Contents/Developer/Platforms/MacOSX.platform/Developer/SDKs/MacOSX26.1.sdk/usr/include/DarwinFoundation3.modulemap
/Applications/Xcode.app/Contents/Developer/Platforms/MacOSX.platform/Developer/SDKs/MacOSX26.1.sdk/usr/include/DarwinFoundation1.modulemap
/Applications/Xcode.app/Contents/Developer/Platforms/MacOSX.platform/Developer/SDKs/MacOSX26.1.sdk/usr/include/mach-o/arch.h
/Applications/Xcode.app/Contents/Developer/Toolchains/XcodeDefault.xctoolchain/usr/lib/swift/clang/include/module.modulemap
/Applications/Xcode.app/Contents/Developer/Platforms/MacOSX.platform/Developer/SDKs/MacOSX26.1.sdk/usr/include/mach-o/arm/reloc.h
/Applications/Xcode.app/Contents/Developer/Platforms/MacOSX.platform/Developer/SDKs/MacOSX26.1.sdk/usr/include/mach-o/arm64/reloc.h
/Applications/Xcode.app/Contents/Developer/Platforms/MacOSX.platform/Developer/SDKs/MacOSX26.1.sdk/usr/include/mach-o/compact_unwind_encoding.h
/Applications/Xcode.app/Contents/Developer/Platforms/MacOSX.platform/Developer/SDKs/MacOSX26.1.sdk/usr/include/mach-o/dyld.h
/Applications/Xcode.app/Contents/Developer/Toolchains/XcodeDefault.xctoolchain/usr/lib/swift/clang/include/stddef.h
/Applications/Xcode.app/Contents/Developer/Platforms/MacOSX.platform/Developer/SDKs/MacOSX26.1.sdk/usr/include/mach-o/loader.h
/Applications/Xcode.app/Contents/Developer/Platforms/MacOSX.platform/Developer/SDKs/MacOSX26.1.sdk/usr/include/mach-o/dyld_images.h
/Applications/Xcode.app/Contents/Developer/Platforms/MacOSX.platform/Developer/SDKs/MacOSX26.1.sdk/usr/include/mach-o/fat.h
/Applications/Xcode.app/Contents/Developer/Platforms/MacOSX.platform/Developer/SDKs/MacOSX26.1.sdk/usr/include/mach-o/fixup-chains.h
/Applications/Xcode.app/Contents/Developer/Platforms/MacOSX.platform/Developer/SDKs/MacOSX26.1.sdk/usr/include/mach-o/getsect.h
/Applications/Xcode.app/Contents/Developer/Platforms/MacOSX.platform/Developer/SDKs/MacOSX26.1.sdk/usr/include/mach-o/ldsyms.h
/Applications/Xcode.app/Contents/Developer/Platforms/MacOSX.platform/Developer/SDKs/MacOSX26.1.sdk/usr/include/mach-o/nlist.h
/Applications/Xcode.app/Contents/Developer/Platforms/MacOSX.platform/Developer/SDKs/MacOSX26.1.sdk/usr/include/mach-o/ranlib.h
/Applications/Xcode.app/Contents/Developer/Platforms/MacOSX.platform/Developer/SDKs/MacOSX26.1.sdk/usr/include/mach-o/reloc.h
/Applications/Xcode.app/Contents/Developer/Platforms/MacOSX.platform/Developer/SDKs/MacOSX26.1.sdk/usr/include/mach-o/stab.h
/Applications/Xcode.app/Contents/Developer/Platforms/MacOSX.platform/Developer/SDKs/MacOSX26.1.sdk/usr/include/mach-o/swap.h
/Applications/Xcode.app/Contents/Developer/Platforms/MacOSX.platform/Developer/SDKs/MacOSX26.1.sdk/usr/include/mach-o/utils.h
/Applications/Xcode.app/Contents/Developer/Platforms/MacOSX.platform/Developer/SDKs/MacOSX26.1.sdk/usr/include/mach-o/x86_64/reloc.h
/Applications/Xcode.app/Contents/Developer/Platforms/MacOSX.platform/Developer/SDKs/MacOSX26.1.sdk/SDKSettings.json
/Applications/Xcode.app/Contents/Developer/Platforms/MacOSX.platform/Developer/SDKs/MacOSX26.1.sdk/usr/include/ObjectiveC.apinotes
/Applications/Xcode.app/Contents/Developer/Platforms/MacOSX.platform/Developer/SDKs/MacOSX26.1.sdk/usr/include/DarwinBasic.modulemap
/Applications/Xcode.app/Contents/Developer/Platforms/MacOSX.platform/Developer/SDKs/MacOSX26.1.sdk/usr/include/ObjectiveC.modulemap
/Applications/Xcode.app/Contents/Developer/Platforms/MacOSX.platform/Developer/SDKs/MacOSX26.1.sdk/usr/include/Darwin.modulemap
/Applications/Xcode.app/Contents/Developer/Platforms/MacOSX.platform/Developer/SDKs/MacOSX26.1.sdk/usr/include/Darwin_C.modulemap
/Applications/Xcode.app/Contents/Developer/Platforms/MacOSX.platform/Developer/SDKs/MacOSX26.1.sdk/usr/include/Darwin_POSIX.modulemap
/Applications/Xcode.app/Contents/Developer/Platforms/MacOSX.platform/Developer/SDKs/MacOSX26.1.sdk/usr/include/net.modulemap
/Applications/Xcode.app/Contents/Developer/Platforms/MacOSX.platform/Developer/SDKs/MacOSX26.1.sdk/usr/include/netinet.modulemap
/Applications/Xcode.app/Contents/Developer/Platforms/MacOSX.platform/Developer/SDKs/MacOSX26.1.sdk/usr/include/bank.modulemap
/Applications/Xcode.app/Contents/Developer/Platforms/MacOSX.platform/Developer/SDKs/MacOSX26.1.sdk/usr/include/Darwin_Mach.modulemap
/Applications/Xcode.app/Contents/Developer/Platforms/MacOSX.platform/Developer/SDKs/MacOSX26.1.sdk/usr/include/Darwin_Mach_machine.modulemap
/Applications/Xcode.app/Contents/Developer/Platforms/MacOSX.platform/Developer/SDKs/MacOSX26.1.sdk/usr/include/mach_debug.modulemap
/Applications/Xcode.app/Contents/Developer/Platforms/MacOSX.platform/Developer/SDKs/MacOSX26.1.sdk/usr/include/device.modulemap
/Applications/Xcode.app/Contents/Developer/Platforms/MacOSX.platform/Developer/SDKs/MacOSX26.1.sdk/usr/include/Darwin_machine.modulemap
/Applications/Xcode.app/Contents/Developer/Platforms/MacOSX.platform/Developer/SDKs/MacOSX26.1.sdk/usr/include/ncurses.modulemap
/Applications/Xcode.app/Contents/Developer/Platforms/MacOSX.platform/Developer/SDKs/MacOSX26.1.sdk/usr/include/netinet6.modulemap
/Applications/Xcode.app/Contents/Developer/Platforms/MacOSX.platform/Developer/SDKs/MacOSX26.1.sdk/usr/include/Darwin_sys.modulemap
/Applications/Xcode.app/Contents/Developer/Platforms/MacOSX.platform/Developer/SDKs/MacOSX26.1.sdk/usr/include/uuid.modulemap
/Applications/Xcode.app/Contents/Developer/Platforms/MacOSX.platform/Developer/SDKs/MacOSX26.1.sdk/usr/include/DarwinFoundation2.modulemap
/Applications/Xcode.app/Contents/Developer/Platforms/MacOSX.platform/Developer/SDKs/MacOSX26.1.sdk/usr/include/DarwinFoundation3.modulemap
/Applications/Xcode.app/Contents/Developer/Platforms/MacOSX.platform/Developer/SDKs/MacOSX26.1.sdk/usr/include/DarwinFoundation1.modulemap
/Applications/Xcode.app/Contents/Developer/Platforms/MacOSX.platform/Developer/SDKs/MacOSX26.1.sdk/usr/include/objc/List.h
/Applications/Xcode.app/Contents/Developer/Platforms/MacOSX.platform/Developer/SDKs/MacOSX26.1.sdk/usr/include/objc/NSObjCRuntime.h
/Applications/Xcode.app/Contents/Developer/Toolchains/XcodeDefault.xctoolchain/usr/lib/swift/clang/include/module.modulemap
/Applications/Xcode.app/Contents/Developer/Platforms/MacOSX.platform/Developer/SDKs/MacOSX26.1.sdk/usr/include/objc/objc.h
/Applications/Xcode.app/Contents/Developer/Platforms/MacOSX.platform/Developer/SDKs/MacOSX26.1.sdk/usr/include/stdlib.h
/Applications/Xcode.app/Contents/Developer/Platforms/MacOSX.platform/Developer/SDKs/MacOSX26.1.sdk/usr/include/objc/objc-api.h
/Applications/Xcode.app/Contents/Developer/Toolchains/XcodeDefault.xctoolchain/usr/lib/swift/clang/include/stddef.h
/Applications/Xcode.app/Contents/Developer/Platforms/MacOSX.platform/Developer/SDKs/MacOSX26.1.sdk/usr/include/objc/NSObject.h
/Applications/Xcode.app/Contents/Developer/Platforms/MacOSX.platform/Developer/SDKs/MacOSX26.1.sdk/usr/include/objc/Object.h
/Applications/Xcode.app/Contents/Developer/Toolchains/XcodeDefault.xctoolchain/usr/lib/swift/clang/include/stdarg.h
/Applications/Xcode.app/Contents/Developer/Platforms/MacOSX.platform/Developer/SDKs/MacOSX26.1.sdk/usr/include/objc/objc-runtime.h
/Applications/Xcode.app/Contents/Developer/Platforms/MacOSX.platform/Developer/SDKs/MacOSX26.1.sdk/usr/include/objc/runtime.h
/Applications/Xcode.app/Contents/Developer/Platforms/MacOSX.platform/Developer/SDKs/MacOSX26.1.sdk/usr/include/objc/message.h
/Applications/Xcode.app/Contents/Developer/Platforms/MacOSX.platform/Developer/SDKs/MacOSX26.1.sdk/usr/include/objc/Protocol.h
/Applications/Xcode.app/Contents/Developer/Platforms/MacOSX.platform/Developer/SDKs/MacOSX26.1.sdk/usr/include/objc/hashtable.h
/Applications/Xcode.app/Contents/Developer/Platforms/MacOSX.platform/Developer/SDKs/MacOSX26.1.sdk/usr/include/objc/hashtable2.h
/Applications/Xcode.app/Contents/Developer/Platforms/MacOSX.platform/Developer/SDKs/MacOSX26.1.sdk/usr/include/objc/objc-auto.h
/Applications/Xcode.app/Contents/Developer/Platforms/MacOSX.platform/Developer/SDKs/MacOSX26.1.sdk/usr/include/string.h
/Applications/Xcode.app/Contents/Developer/Platforms/MacOSX.platform/Developer/SDKs/MacOSX26.1.sdk/usr/include/objc/objc-class.h
/Applications/Xcode.app/Contents/Developer/Platforms/MacOSX.platform/Developer/SDKs/MacOSX26.1.sdk/usr/include/objc/objc-exception.h
/Applications/Xcode.app/Contents/Developer/Platforms/MacOSX.platform/Developer/SDKs/MacOSX26.1.sdk/usr/include/objc/objc-load.h
/Applications/Xcode.app/Contents/Developer/Platforms/MacOSX.platform/Developer/SDKs/MacOSX26.1.sdk/usr/include/objc/objc-sync.h
/Applications/Xcode.app/Contents/Developer/Platforms/MacOSX.platform/Developer/SDKs/MacOSX26.1.sdk/SDKSettings.json
/Applications/Xcode.app/Contents/Developer/Toolchains/XcodeDefault.xctoolchain/usr/lib/swift/macosx/prebuilt-modules/26.1/ObjectiveC.swiftmodule/arm64e-apple-macos.swiftmodule
/Applications/Xcode.app/Contents/Developer/Toolchains/XcodeDefault.xctoolchain/usr/lib/swift/macosx/prebuilt-modules/26.1/Observation.swiftmodule/arm64e-apple-macos.swiftmodule
/Applications/Xcode.app/Contents/Developer/Platforms/MacOSX.platform/Developer/SDKs/MacOSX26.1.sdk/System/Library/Frameworks/Security.framework/Headers/Security.apinotes
/Applications/Xcode.app/Contents/Developer/Platforms/MacOSX.platform/Developer/SDKs/MacOSX26.1.sdk/System/Library/Frameworks/Security.framework/Modules/module.modulemap
/Applications/Xcode.app/Contents/Developer/Platforms/MacOSX.platform/Developer/SDKs/MacOSX26.1.sdk/System/Library/Frameworks/Security.framework/Headers/Security.h
/Applications/Xcode.app/Contents/Developer/Platforms/MacOSX.platform/Developer/SDKs/MacOSX26.1.sdk/System/Library/Frameworks/Security.framework/Headers/SecBase.h
/Applications/Xcode.app/Contents/Developer/Platforms/MacOSX.platform/Developer/SDKs/MacOSX26.1.sdk/usr/include/xpc.modulemap
/Applications/Xcode.app/Contents/Developer/Platforms/MacOSX.platform/Developer/SDKs/MacOSX26.1.sdk/usr/include/dispatch.modulemap
/Applications/Xcode.app/Contents/Developer/Platforms/MacOSX.platform/Developer/SDKs/MacOSX26.1.sdk/usr/include/os.modulemap
/Applications/Xcode.app/Contents/Developer/Platforms/MacOSX.platform/Developer/SDKs/MacOSX26.1.sdk/usr/include/Darwin.modulemap
/Applications/Xcode.app/Contents/Developer/Platforms/MacOSX.platform/Developer/SDKs/MacOSX26.1.sdk/usr/include/Darwin_C.modulemap
/Applications/Xcode.app/Contents/Developer/Platforms/MacOSX.platform/Developer/SDKs/MacOSX26.1.sdk/usr/include/Darwin_POSIX.modulemap
/Applications/Xcode.app/Contents/Developer/Platforms/MacOSX.platform/Developer/SDKs/MacOSX26.1.sdk/usr/include/net.modulemap
/Applications/Xcode.app/Contents/Developer/Platforms/MacOSX.platform/Developer/SDKs/MacOSX26.1.sdk/usr/include/netinet.modulemap
/Applications/Xcode.app/Contents/Developer/Platforms/MacOSX.platform/Developer/SDKs/MacOSX26.1.sdk/usr/include/bank.modulemap
/Applications/Xcode.app/Contents/Developer/Platforms/MacOSX.platform/Developer/SDKs/MacOSX26.1.sdk/usr/include/Darwin_Mach.modulemap
/Applications/Xcode.app/Contents/Developer/Platforms/MacOSX.platform/Developer/SDKs/MacOSX26.1.sdk/usr/include/Darwin_Mach_machine.modulemap
/Applications/Xcode.app/Contents/Developer/Platforms/MacOSX.platform/Developer/SDKs/MacOSX26.1.sdk/usr/include/mach_debug.modulemap
/Applications/Xcode.app/Contents/Developer/Platforms/MacOSX.platform/Developer/SDKs/MacOSX26.1.sdk/usr/include/device.modulemap
/Applications/Xcode.app/Contents/Developer/Platforms/MacOSX.platform/Developer/SDKs/MacOSX26.1.sdk/usr/include/Darwin_machine.modulemap
/Applications/Xcode.app/Contents/Developer/Platforms/MacOSX.platform/Developer/SDKs/MacOSX26.1.sdk/usr/include/ncurses.modulemap
/Applications/Xcode.app/Contents/Developer/Platforms/MacOSX.platform/Developer/SDKs/MacOSX26.1.sdk/usr/include/netinet6.modulemap
/Applications/Xcode.app/Contents/Developer/Platforms/MacOSX.platform/Developer/SDKs/MacOSX26.1.sdk/usr/include/Darwin_sys.modulemap
/Applications/Xcode.app/Contents/Developer/Platforms/MacOSX.platform/Developer/SDKs/MacOSX26.1.sdk/usr/include/uuid.modulemap
/Applications/Xcode.app/Contents/Developer/Platforms/MacOSX.platform/Developer/SDKs/MacOSX26.1.sdk/usr/include/DarwinFoundation2.modulemap
/Applications/Xcode.app/Contents/Developer/Platforms/MacOSX.platform/Developer/SDKs/MacOSX26.1.sdk/usr/include/DarwinFoundation3.modulemap
/Applications/Xcode.app/Contents/Developer/Platforms/MacOSX.platform/Developer/SDKs/MacOSX26.1.sdk/usr/include/DarwinFoundation1.modulemap
/Applications/Xcode.app/Contents/Developer/Platforms/MacOSX.platform/Developer/SDKs/MacOSX26.1.sdk/System/Library/Frameworks/CoreFoundation.framework/Modules/module.modulemap
/Applications/Xcode.app/Contents/Developer/Platforms/MacOSX.platform/Developer/SDKs/MacOSX26.1.sdk/System/Library/Frameworks/Security.framework/Headers/SecCertificate.h
/Applications/Xcode.app/Contents/Developer/Platforms/MacOSX.platform/Developer/SDKs/MacOSX26.1.sdk/System/Library/Frameworks/Security.framework/Headers/cssmtype.h
/Applications/Xcode.app/Contents/Developer/Platforms/MacOSX.platform/Developer/SDKs/MacOSX26.1.sdk/System/Library/Frameworks/Security.framework/Headers/cssmconfig.h
/Applications/Xcode.app/Contents/Developer/Toolchains/XcodeDefault.xctoolchain/usr/lib/swift/clang/include/module.modulemap
/Applications/Xcode.app/Contents/Developer/Platforms/MacOSX.platform/Developer/SDKs/MacOSX26.1.sdk/System/Library/Frameworks/Security.framework/Headers/SecAsn1Types.h
/Applications/Xcode.app/Contents/Developer/Platforms/MacOSX.platform/Developer/SDKs/MacOSX26.1.sdk/System/Library/Frameworks/Security.framework/Headers/x509defs.h
/Applications/Xcode.app/Contents/Developer/Platforms/MacOSX.platform/Developer/SDKs/MacOSX26.1.sdk/System/Library/Frameworks/Security.framework/Headers/SecIdentity.h
/Applications/Xcode.app/Contents/Developer/Platforms/MacOSX.platform/Developer/SDKs/MacOSX26.1.sdk/System/Library/Frameworks/Security.framework/Headers/SecAccessControl.h
/Applications/Xcode.app/Contents/Developer/Platforms/MacOSX.platform/Developer/SDKs/MacOSX26.1.sdk/System/Library/Frameworks/Security.framework/Headers/SecItem.h
/Applications/Xcode.app/Contents/Developer/Platforms/MacOSX.platform/Developer/SDKs/MacOSX26.1.sdk/System/Library/Frameworks/Security.framework/Headers/SecKey.h
/Applications/Xcode.app/Contents/Developer/Platforms/MacOSX.platform/Developer/SDKs/MacOSX26.1.sdk/System/Library/Frameworks/Security.framework/Headers/SecAccess.h
/Applications/Xcode.app/Contents/Developer/Platforms/MacOSX.platform/Developer/SDKs/MacOSX26.1.sdk/System/Library/Frameworks/Security.framework/Headers/SecPolicy.h
/Applications/Xcode.app/Contents/Developer/Platforms/MacOSX.platform/Developer/SDKs/MacOSX26.1.sdk/System/Library/Frameworks/Security.framework/Headers/SecRandom.h
/Applications/Xcode.app/Contents/Developer/Platforms/MacOSX.platform/Developer/SDKs/MacOSX26.1.sdk/System/Library/Frameworks/Security.framework/Headers/SecImportExport.h
/Applications/Xcode.app/Contents/Developer/Platforms/MacOSX.platform/Developer/SDKs/MacOSX26.1.sdk/System/Library/Frameworks/Security.framework/Headers/SecKeychain.h
/Applications/Xcode.app/Contents/Developer/Platforms/MacOSX.platform/Developer/SDKs/MacOSX26.1.sdk/System/Library/Frameworks/Security.framework/Headers/cssmapple.h
/Applications/Xcode.app/Contents/Developer/Platforms/MacOSX.platform/Developer/SDKs/MacOSX26.1.sdk/System/Library/Frameworks/Security.framework/Headers/cssmerr.h
/Applications/Xcode.app/Contents/Developer/Platforms/MacOSX.platform/Developer/SDKs/MacOSX26.1.sdk/System/Library/Frameworks/Security.framework/Headers/certextensions.h
/Applications/Xcode.app/Contents/Developer/Platforms/MacOSX.platform/Developer/SDKs/MacOSX26.1.sdk/System/Library/Frameworks/Security.framework/Headers/SecTrust.h
/Applications/Xcode.app/Contents/Developer/Platforms/MacOSX.platform/Developer/SDKs/MacOSX26.1.sdk/System/Library/Frameworks/Security.framework/Headers/SecSharedCredential.h
/Applications/Xcode.app/Contents/Developer/Platforms/MacOSX.platform/Developer/SDKs/MacOSX26.1.sdk/System/Library/Frameworks/Security.framework/Headers/SecProtocolOptions.h
/Applications/Xcode.app/Contents/Developer/Platforms/MacOSX.platform/Developer/SDKs/MacOSX26.1.sdk/System/Library/Frameworks/Security.framework/Headers/SecProtocolObject.h
/Applications/Xcode.app/Contents/Developer/Platforms/MacOSX.platform/Developer/SDKs/MacOSX26.1.sdk/System/Library/Frameworks/Security.framework/Headers/SecProtocolTypes.h
/Applications/Xcode.app/Contents/Developer/Platforms/MacOSX.platform/Developer/SDKs/MacOSX26.1.sdk/System/Library/Frameworks/Security.framework/Headers/CipherSuite.h
/Applications/Xcode.app/Contents/Developer/Platforms/MacOSX.platform/Developer/SDKs/MacOSX26.1.sdk/System/Library/Frameworks/Security.framework/Headers/SecProtocolMetadata.h
/Applications/Xcode.app/Contents/Developer/Platforms/MacOSX.platform/Developer/SDKs/MacOSX26.1.sdk/System/Library/Frameworks/Security.framework/Headers/AuthSession.h
/Applications/Xcode.app/Contents/Developer/Platforms/MacOSX.platform/Developer/SDKs/MacOSX26.1.sdk/System/Library/Frameworks/Security.framework/Headers/Authorization.h
/Applications/Xcode.app/Contents/Developer/Platforms/MacOSX.platform/Developer/SDKs/MacOSX26.1.sdk/usr/include/stdio.h
/Applications/Xcode.app/Contents/Developer/Platforms/MacOSX.platform/Developer/SDKs/MacOSX26.1.sdk/System/Library/Frameworks/Security.framework/Headers/cssm.h
/Applications/Xcode.app/Contents/Developer/Platforms/MacOSX.platform/Developer/SDKs/MacOSX26.1.sdk/System/Library/Frameworks/Security.framework/Headers/emmtype.h
/Applications/Xcode.app/Contents/Developer/Platforms/MacOSX.platform/Developer/SDKs/MacOSX26.1.sdk/System/Library/Frameworks/Security.framework/Headers/cssmapi.h
/Applications/Xcode.app/Contents/Developer/Platforms/MacOSX.platform/Developer/SDKs/MacOSX26.1.sdk/System/Library/Frameworks/Security.framework/Headers/cssmaci.h
/Applications/Xcode.app/Contents/Developer/Platforms/MacOSX.platform/Developer/SDKs/MacOSX26.1.sdk/System/Library/Frameworks/Security.framework/Headers/cssmcli.h
/Applications/Xcode.app/Contents/Developer/Platforms/MacOSX.platform/Developer/SDKs/MacOSX26.1.sdk/System/Library/Frameworks/Security.framework/Headers/cssmcspi.h
/Applications/Xcode.app/Contents/Developer/Platforms/MacOSX.platform/Developer/SDKs/MacOSX26.1.sdk/System/Library/Frameworks/Security.framework/Headers/cssmspi.h
/Applications/Xcode.app/Contents/Developer/Platforms/MacOSX.platform/Developer/SDKs/MacOSX26.1.sdk/System/Library/Frameworks/Security.framework/Headers/cssmdli.h
/Applications/Xcode.app/Contents/Developer/Platforms/MacOSX.platform/Developer/SDKs/MacOSX26.1.sdk/System/Library/Frameworks/Security.framework/Headers/cssmkrapi.h
/Applications/Xcode.app/Contents/Developer/Platforms/MacOSX.platform/Developer/SDKs/MacOSX26.1.sdk/System/Library/Frameworks/Security.framework/Headers/cssmkrspi.h
/Applications/Xcode.app/Contents/Developer/Platforms/MacOSX.platform/Developer/SDKs/MacOSX26.1.sdk/System/Library/Frameworks/Security.framework/Headers/cssmtpi.h
/Applications/Xcode.app/Contents/Developer/Platforms/MacOSX.platform/Developer/SDKs/MacOSX26.1.sdk/System/Library/Frameworks/Security.framework/Headers/emmspi.h
/Applications/Xcode.app/Contents/Developer/Platforms/MacOSX.platform/Developer/SDKs/MacOSX26.1.sdk/System/Library/Frameworks/Security.framework/Headers/mds.h
/Applications/Xcode.app/Contents/Developer/Platforms/MacOSX.platform/Developer/SDKs/MacOSX26.1.sdk/System/Library/Frameworks/Security.framework/Headers/mds_schema.h
/Applications/Xcode.app/Contents/Developer/Platforms/MacOSX.platform/Developer/SDKs/MacOSX26.1.sdk/System/Library/Frameworks/Security.framework/Headers/oidsalg.h
/Applications/Xcode.app/Contents/Developer/Platforms/MacOSX.platform/Developer/SDKs/MacOSX26.1.sdk/System/Library/Frameworks/Security.framework/Headers/oidsattr.h
/Applications/Xcode.app/Contents/Developer/Platforms/MacOSX.platform/Developer/SDKs/MacOSX26.1.sdk/System/Library/Frameworks/Security.framework/Headers/oidsbase.h
/Applications/Xcode.app/Contents/Developer/Platforms/MacOSX.platform/Developer/SDKs/MacOSX26.1.sdk/System/Library/Frameworks/Security.framework/Headers/oidscert.h
/Applications/Xcode.app/Contents/Developer/Platforms/MacOSX.platform/Developer/SDKs/MacOSX26.1.sdk/System/Library/Frameworks/Security.framework/Headers/oidscrl.h
/Applications/Xcode.app/Contents/Developer/Platforms/MacOSX.platform/Developer/SDKs/MacOSX26.1.sdk/System/Library/Frameworks/Security.framework/Headers/SecACL.h
/Applications/Xcode.app/Contents/Developer/Platforms/MacOSX.platform/Developer/SDKs/MacOSX26.1.sdk/System/Library/Frameworks/Security.framework/Headers/SecCertificateOIDs.h
/Applications/Xcode.app/Contents/Developer/Platforms/MacOSX.platform/Developer/SDKs/MacOSX26.1.sdk/System/Library/Frameworks/Security.framework/Headers/SecIdentitySearch.h
/Applications/Xcode.app/Contents/Developer/Platforms/MacOSX.platform/Developer/SDKs/MacOSX26.1.sdk/System/Library/Frameworks/Security.framework/Headers/SecKeychainItem.h
/Applications/Xcode.app/Contents/Developer/Platforms/MacOSX.platform/Developer/SDKs/MacOSX26.1.sdk/System/Library/Frameworks/Security.framework/Headers/SecKeychainSearch.h
/Applications/Xcode.app/Contents/Developer/Platforms/MacOSX.platform/Developer/SDKs/MacOSX26.1.sdk/System/Library/Frameworks/Security.framework/Headers/SecPolicySearch.h
/Applications/Xcode.app/Contents/Developer/Platforms/MacOSX.platform/Developer/SDKs/MacOSX26.1.sdk/System/Library/Frameworks/Security.framework/Headers/SecTrustedApplication.h
/Applications/Xcode.app/Contents/Developer/Platforms/MacOSX.platform/Developer/SDKs/MacOSX26.1.sdk/System/Library/Frameworks/Security.framework/Headers/SecTrustSettings.h
/Applications/Xcode.app/Contents/Developer/Platforms/MacOSX.platform/Developer/SDKs/MacOSX26.1.sdk/System/Library/Frameworks/Security.framework/Headers/SecStaticCode.h
/Applications/Xcode.app/Contents/Developer/Platforms/MacOSX.platform/Developer/SDKs/MacOSX26.1.sdk/System/Library/Frameworks/Security.framework/Headers/CSCommon.h
/Applications/Xcode.app/Contents/Developer/Platforms/MacOSX.platform/Developer/SDKs/MacOSX26.1.sdk/System/Library/Frameworks/Security.framework/Headers/SecCode.h
/Applications/Xcode.app/Contents/Developer/Platforms/MacOSX.platform/Developer/SDKs/MacOSX26.1.sdk/System/Library/Frameworks/Security.framework/Headers/SecCodeHost.h
/Applications/Xcode.app/Contents/Developer/Platforms/MacOSX.platform/Developer/SDKs/MacOSX26.1.sdk/System/Library/Frameworks/Security.framework/Headers/SecRequirement.h
/Applications/Xcode.app/Contents/Developer/Platforms/MacOSX.platform/Developer/SDKs/MacOSX26.1.sdk/System/Library/Frameworks/Security.framework/Headers/SecTask.h
/Applications/Xcode.app/Contents/Developer/Platforms/MacOSX.platform/Developer/SDKs/MacOSX26.1.sdk/System/Library/Frameworks/Security.framework/Headers/AuthorizationTags.h
/Applications/Xcode.app/Contents/Developer/Platforms/MacOSX.platform/Developer/SDKs/MacOSX26.1.sdk/System/Library/Frameworks/Security.framework/Headers/AuthorizationDB.h
/Applications/Xcode.app/Contents/Developer/Platforms/MacOSX.platform/Developer/SDKs/MacOSX26.1.sdk/System/Library/Frameworks/Security.framework/Headers/CMSDecoder.h
/Applications/Xcode.app/Contents/Developer/Platforms/MacOSX.platform/Developer/SDKs/MacOSX26.1.sdk/System/Library/Frameworks/Security.framework/Headers/CMSEncoder.h
/Applications/Xcode.app/Contents/Developer/Platforms/MacOSX.platform/Developer/SDKs/MacOSX26.1.sdk/System/Library/Frameworks/Security.framework/Headers/SecureTransport.h
/Applications/Xcode.app/Contents/Developer/Platforms/MacOSX.platform/Developer/SDKs/MacOSX26.1.sdk/System/Library/Frameworks/Security.framework/Headers/SecTransform.h
/Applications/Xcode.app/Contents/Developer/Platforms/MacOSX.platform/Developer/SDKs/MacOSX26.1.sdk/System/Library/Frameworks/Security.framework/Headers/SecCustomTransform.h
/Applications/Xcode.app/Contents/Developer/Platforms/MacOSX.platform/Developer/SDKs/MacOSX26.1.sdk/System/Library/Frameworks/Security.framework/Headers/SecDecodeTransform.h
/Applications/Xcode.app/Contents/Developer/Platforms/MacOSX.platform/Developer/SDKs/MacOSX26.1.sdk/System/Library/Frameworks/Security.framework/Headers/SecEncodeTransform.h
/Applications/Xcode.app/Contents/Developer/Platforms/MacOSX.platform/Developer/SDKs/MacOSX26.1.sdk/System/Library/Frameworks/Security.framework/Headers/SecDigestTransform.h
/Applications/Xcode.app/Contents/Developer/Platforms/MacOSX.platform/Developer/SDKs/MacOSX26.1.sdk/System/Library/Frameworks/Security.framework/Headers/SecEncryptTransform.h
/Applications/Xcode.app/Contents/Developer/Platforms/MacOSX.platform/Developer/SDKs/MacOSX26.1.sdk/System/Library/Frameworks/Security.framework/Headers/SecSignVerifyTransform.h
/Applications/Xcode.app/Contents/Developer/Platforms/MacOSX.platform/Developer/SDKs/MacOSX26.1.sdk/System/Library/Frameworks/Security.framework/Headers/SecReadTransform.h
/Applications/Xcode.app/Contents/Developer/Platforms/MacOSX.platform/Developer/SDKs/MacOSX26.1.sdk/System/Library/Frameworks/Security.framework/Headers/SecTransformReadTransform.h
/Applications/Xcode.app/Contents/Developer/Platforms/MacOSX.platform/Developer/SDKs/MacOSX26.1.sdk/System/Library/Frameworks/Security.framework/Headers/oids.h
/Applications/Xcode.app/Contents/Developer/Platforms/MacOSX.platform/Developer/SDKs/MacOSX26.1.sdk/usr/include/libDER/module.modulemap
/Applications/Xcode.app/Contents/Developer/Platforms/MacOSX.platform/Developer/SDKs/MacOSX26.1.sdk/usr/include/string.h
/Applications/Xcode.app/Contents/Developer/Platforms/MacOSX.platform/Developer/SDKs/MacOSX26.1.sdk/System/Library/Frameworks/Security.framework/Headers/AuthorizationPlugin.h
/Applications/Xcode.app/Contents/Developer/Platforms/MacOSX.platform/Developer/SDKs/MacOSX26.1.sdk/System/Library/Frameworks/Security.framework/Headers/CodeSigning.h
/Applications/Xcode.app/Contents/Developer/Platforms/MacOSX.platform/Developer/SDKs/MacOSX26.1.sdk/System/Library/Frameworks/Security.framework/Headers/eisl.h
/Applications/Xcode.app/Contents/Developer/Platforms/MacOSX.platform/Developer/SDKs/MacOSX26.1.sdk/System/Library/Frameworks/Security.framework/Headers/SecAsn1Coder.h
/Applications/Xcode.app/Contents/Developer/Platforms/MacOSX.platform/Developer/SDKs/MacOSX26.1.sdk/System/Library/Frameworks/Security.framework/Headers/SecAsn1Templates.h
/Applications/Xcode.app/Contents/Developer/Platforms/MacOSX.platform/Developer/SDKs/MacOSX26.1.sdk/System/Library/Frameworks/Security.framework/Headers/SecureDownload.h
/Applications/Xcode.app/Contents/Developer/Platforms/MacOSX.platform/Developer/SDKs/MacOSX26.1.sdk/SDKSettings.json
/Applications/Xcode.app/Contents/Developer/Toolchains/XcodeDefault.xctoolchain/usr/lib/swift/macosx/prebuilt-modules/26.1/Swift.swiftmodule/arm64e-apple-macos.swiftmodule
/Applications/Xcode.app/Contents/Developer/Toolchains/XcodeDefault.xctoolchain/usr/lib/swift/macosx/prebuilt-modules/26.1/SwiftOnoneSupport.swiftmodule/arm64e-apple-macos.swiftmodule
/Applications/Xcode.app/Contents/Developer/Platforms/MacOSX.platform/Developer/SDKs/MacOSX26.1.sdk/usr/lib/swift/shims/module.modulemap
/Applications/Xcode.app/Contents/Developer/Platforms/MacOSX.platform/Developer/SDKs/MacOSX26.1.sdk/usr/lib/swift/shims/AssertionReporting.h
/Applications/Xcode.app/Contents/Developer/Platforms/MacOSX.platform/Developer/SDKs/MacOSX26.1.sdk/usr/lib/swift/shims/SwiftStdint.h
/Applications/Xcode.app/Contents/Developer/Platforms/MacOSX.platform/Developer/SDKs/MacOSX26.1.sdk/usr/lib/swift/shims/Visibility.h
/Applications/Xcode.app/Contents/Developer/Platforms/MacOSX.platform/Developer/SDKs/MacOSX26.1.sdk/usr/lib/swift/shims/CoreFoundationShims.h
/Applications/Xcode.app/Contents/Developer/Platforms/MacOSX.platform/Developer/SDKs/MacOSX26.1.sdk/usr/lib/swift/shims/ObjCShims.h
/Applications/Xcode.app/Contents/Developer/Platforms/MacOSX.platform/Developer/SDKs/MacOSX26.1.sdk/usr/lib/swift/shims/EmbeddedShims.h
/Applications/Xcode.app/Contents/Developer/Platforms/MacOSX.platform/Developer/SDKs/MacOSX26.1.sdk/usr/lib/swift/shims/SwiftStddef.h
/Applications/Xcode.app/Contents/Developer/Platforms/MacOSX.platform/Developer/SDKs/MacOSX26.1.sdk/usr/lib/swift/shims/FoundationShims.h
/Applications/Xcode.app/Contents/Developer/Platforms/MacOSX.platform/Developer/SDKs/MacOSX26.1.sdk/usr/lib/swift/shims/GlobalObjects.h
/Applications/Xcode.app/Contents/Developer/Platforms/MacOSX.platform/Developer/SDKs/MacOSX26.1.sdk/usr/lib/swift/shims/SwiftStdbool.h
/Applications/Xcode.app/Contents/Developer/Platforms/MacOSX.platform/Developer/SDKs/MacOSX26.1.sdk/usr/lib/swift/shims/HeapObject.h
/Applications/Xcode.app/Contents/Developer/Platforms/MacOSX.platform/Developer/SDKs/MacOSX26.1.sdk/usr/lib/swift/shims/RefCount.h
/Applications/Xcode.app/Contents/Developer/Platforms/MacOSX.platform/Developer/SDKs/MacOSX26.1.sdk/usr/lib/swift/shims/System.h
/Applications/Xcode.app/Contents/Developer/Platforms/MacOSX.platform/Developer/SDKs/MacOSX26.1.sdk/usr/lib/swift/shims/Target.h
/Applications/Xcode.app/Contents/Developer/Platforms/MacOSX.platform/Developer/SDKs/MacOSX26.1.sdk/usr/lib/swift/shims/KeyPath.h
/Applications/Xcode.app/Contents/Developer/Platforms/MacOSX.platform/Developer/SDKs/MacOSX26.1.sdk/usr/lib/swift/shims/LibcShims.h
/Applications/Xcode.app/Contents/Developer/Platforms/MacOSX.platform/Developer/SDKs/MacOSX26.1.sdk/usr/lib/swift/shims/MetadataSections.h
/Applications/Xcode.app/Contents/Developer/Platforms/MacOSX.platform/Developer/SDKs/MacOSX26.1.sdk/usr/lib/swift/shims/Random.h
/Applications/Xcode.app/Contents/Developer/Platforms/MacOSX.platform/Developer/SDKs/MacOSX26.1.sdk/usr/lib/swift/shims/Reflection.h
/Applications/Xcode.app/Contents/Developer/Platforms/MacOSX.platform/Developer/SDKs/MacOSX26.1.sdk/usr/lib/swift/shims/RuntimeShims.h
/Applications/Xcode.app/Contents/Developer/Platforms/MacOSX.platform/Developer/SDKs/MacOSX26.1.sdk/usr/lib/swift/shims/RuntimeStubs.h
/Applications/Xcode.app/Contents/Developer/Platforms/MacOSX.platform/Developer/SDKs/MacOSX26.1.sdk/usr/lib/swift/shims/ThreadLocalStorage.h
/Applications/Xcode.app/Contents/Developer/Platforms/MacOSX.platform/Developer/SDKs/MacOSX26.1.sdk/usr/lib/swift/shims/UnicodeData.h
/Applications/Xcode.app/Contents/Developer/Platforms/MacOSX.platform/Developer/SDKs/MacOSX26.1.sdk/SDKSettings.json
/Applications/Xcode.app/Contents/Developer/Toolchains/XcodeDefault.xctoolchain/usr/lib/swift/macosx/prebuilt-modules/26.1/System.swiftmodule/arm64e-apple-macos.swiftmodule
/Applications/Xcode.app/Contents/Developer/Platforms/MacOSX.platform/Developer/SDKs/MacOSX26.1.sdk/usr/include/XPC.apinotes
/Applications/Xcode.app/Contents/Developer/Platforms/MacOSX.platform/Developer/SDKs/MacOSX26.1.sdk/usr/include/launch.modulemap
/Applications/Xcode.app/Contents/Developer/Platforms/MacOSX.platform/Developer/SDKs/MacOSX26.1.sdk/usr/include/xpc.modulemap
/Applications/Xcode.app/Contents/Developer/Platforms/MacOSX.platform/Developer/SDKs/MacOSX26.1.sdk/usr/include/dispatch.modulemap
/Applications/Xcode.app/Contents/Developer/Platforms/MacOSX.platform/Developer/SDKs/MacOSX26.1.sdk/usr/include/os.modulemap
/Applications/Xcode.app/Contents/Developer/Platforms/MacOSX.platform/Developer/SDKs/MacOSX26.1.sdk/usr/include/Darwin.modulemap
/Applications/Xcode.app/Contents/Developer/Platforms/MacOSX.platform/Developer/SDKs/MacOSX26.1.sdk/usr/include/Darwin_C.modulemap
/Applications/Xcode.app/Contents/Developer/Platforms/MacOSX.platform/Developer/SDKs/MacOSX26.1.sdk/usr/include/Darwin_POSIX.modulemap
/Applications/Xcode.app/Contents/Developer/Platforms/MacOSX.platform/Developer/SDKs/MacOSX26.1.sdk/usr/include/net.modulemap
/Applications/Xcode.app/Contents/Developer/Platforms/MacOSX.platform/Developer/SDKs/MacOSX26.1.sdk/usr/include/netinet.modulemap
/Applications/Xcode.app/Contents/Developer/Platforms/MacOSX.platform/Developer/SDKs/MacOSX26.1.sdk/usr/include/bank.modulemap
/Applications/Xcode.app/Contents/Developer/Platforms/MacOSX.platform/Developer/SDKs/MacOSX26.1.sdk/usr/include/Darwin_Mach.modulemap
/Applications/Xcode.app/Contents/Developer/Platforms/MacOSX.platform/Developer/SDKs/MacOSX26.1.sdk/usr/include/Darwin_Mach_machine.modulemap
/Applications/Xcode.app/Contents/Developer/Platforms/MacOSX.platform/Developer/SDKs/MacOSX26.1.sdk/usr/include/mach_debug.modulemap
/Applications/Xcode.app/Contents/Developer/Platforms/MacOSX.platform/Developer/SDKs/MacOSX26.1.sdk/usr/include/device.modulemap
/Applications/Xcode.app/Contents/Developer/Platforms/MacOSX.platform/Developer/SDKs/MacOSX26.1.sdk/usr/include/Darwin_machine.modulemap
/Applications/Xcode.app/Contents/Developer/Platforms/MacOSX.platform/Developer/SDKs/MacOSX26.1.sdk/usr/include/ncurses.modulemap
/Applications/Xcode.app/Contents/Developer/Platforms/MacOSX.platform/Developer/SDKs/MacOSX26.1.sdk/usr/include/netinet6.modulemap
/Applications/Xcode.app/Contents/Developer/Platforms/MacOSX.platform/Developer/SDKs/MacOSX26.1.sdk/usr/include/Darwin_sys.modulemap
/Applications/Xcode.app/Contents/Developer/Platforms/MacOSX.platform/Developer/SDKs/MacOSX26.1.sdk/usr/include/uuid.modulemap
/Applications/Xcode.app/Contents/Developer/Platforms/MacOSX.platform/Developer/SDKs/MacOSX26.1.sdk/usr/include/DarwinFoundation2.modulemap
/Applications/Xcode.app/Contents/Developer/Platforms/MacOSX.platform/Developer/SDKs/MacOSX26.1.sdk/usr/include/DarwinFoundation3.modulemap
/Applications/Xcode.app/Contents/Developer/Platforms/MacOSX.platform/Developer/SDKs/MacOSX26.1.sdk/usr/include/DarwinFoundation1.modulemap
/Applications/Xcode.app/Contents/Developer/Platforms/MacOSX.platform/Developer/SDKs/MacOSX26.1.sdk/usr/include/xpc/xpc.h
/Applications/Xcode.app/Contents/Developer/Toolchains/XcodeDefault.xctoolchain/usr/lib/swift/clang/include/module.modulemap
/Applications/Xcode.app/Contents/Developer/Toolchains/XcodeDefault.xctoolchain/usr/lib/swift/clang/include/stdarg.h
/Applications/Xcode.app/Contents/Developer/Platforms/MacOSX.platform/Developer/SDKs/MacOSX26.1.sdk/usr/include/stdlib.h
/Applications/Xcode.app/Contents/Developer/Platforms/MacOSX.platform/Developer/SDKs/MacOSX26.1.sdk/usr/include/stdio.h
/Applications/Xcode.app/Contents/Developer/Platforms/MacOSX.platform/Developer/SDKs/MacOSX26.1.sdk/usr/include/string.h
/Applications/Xcode.app/Contents/Developer/Platforms/MacOSX.platform/Developer/SDKs/MacOSX26.1.sdk/usr/include/xpc/base.h
/Applications/Xcode.app/Contents/Developer/Platforms/MacOSX.platform/Developer/SDKs/MacOSX26.1.sdk/usr/include/xpc/availability.h
/Applications/Xcode.app/Contents/Developer/Platforms/MacOSX.platform/Developer/SDKs/MacOSX26.1.sdk/usr/include/xpc/endpoint.h
/Applications/Xcode.app/Contents/Developer/Platforms/MacOSX.platform/Developer/SDKs/MacOSX26.1.sdk/usr/include/xpc/debug.h
/Applications/Xcode.app/Contents/Developer/Platforms/MacOSX.platform/Developer/SDKs/MacOSX26.1.sdk/usr/include/xpc/activity.h
/Applications/Xcode.app/Contents/Developer/Platforms/MacOSX.platform/Developer/SDKs/MacOSX26.1.sdk/usr/include/xpc/peer_requirement.h
/Applications/Xcode.app/Contents/Developer/Platforms/MacOSX.platform/Developer/SDKs/MacOSX26.1.sdk/usr/include/xpc/connection.h
/Applications/Xcode.app/Contents/Developer/Platforms/MacOSX.platform/Developer/SDKs/MacOSX26.1.sdk/usr/include/xpc/rich_error.h
/Applications/Xcode.app/Contents/Developer/Platforms/MacOSX.platform/Developer/SDKs/MacOSX26.1.sdk/usr/include/xpc/session.h
/Applications/Xcode.app/Contents/Developer/Platforms/MacOSX.platform/Developer/SDKs/MacOSX26.1.sdk/usr/include/xpc/listener.h
/Applications/Xcode.app/Contents/Developer/Platforms/MacOSX.platform/Developer/SDKs/MacOSX26.1.sdk/SDKSettings.json
/Applications/Xcode.app/Contents/Developer/Toolchains/XcodeDefault.xctoolchain/usr/lib/swift/macosx/prebuilt-modules/26.1/XPC.swiftmodule/arm64e-apple-macos.swiftmodule
/Applications/Xcode.app/Contents/Developer/Platforms/MacOSX.platform/Developer/SDKs/MacOSX26.1.sdk/usr/include/DarwinFoundation1.modulemap
/Applications/Xcode.app/Contents/Developer/Platforms/MacOSX.platform/Developer/SDKs/MacOSX26.1.sdk/usr/include/AvailabilityInternal.h
/Applications/Xcode.app/Contents/Developer/Platforms/MacOSX.platform/Developer/SDKs/MacOSX26.1.sdk/usr/include/AvailabilityVersions.h
/Applications/Xcode.app/Contents/Developer/Platforms/MacOSX.platform/Developer/SDKs/MacOSX26.1.sdk/usr/include/AvailabilityInternalLegacy.h
/Applications/Xcode.app/Contents/Developer/Platforms/MacOSX.platform/Developer/SDKs/MacOSX26.1.sdk/SDKSettings.json
/Applications/Xcode.app/Contents/Developer/Toolchains/XcodeDefault.xctoolchain/usr/lib/swift/clang/include/module.modulemap
/Applications/Xcode.app/Contents/Developer/Toolchains/XcodeDefault.xctoolchain/usr/lib/swift/clang/include/float.h
/Applications/Xcode.app/Contents/Developer/Platforms/MacOSX.platform/Developer/SDKs/MacOSX26.1.sdk/SDKSettings.json
/Applications/Xcode.app/Contents/Developer/Toolchains/XcodeDefault.xctoolchain/usr/lib/swift/macosx/prebuilt-modules/26.1/_Builtin_float.swiftmodule/arm64e-apple-macos.swiftmodule
/Applications/Xcode.app/Contents/Developer/Toolchains/XcodeDefault.xctoolchain/usr/lib/swift/clang/include/module.modulemap
/Applications/Xcode.app/Contents/Developer/Toolchains/XcodeDefault.xctoolchain/usr/lib/swift/clang/include/inttypes.h
/Applications/Xcode.app/Contents/Developer/Platforms/MacOSX.platform/Developer/SDKs/MacOSX26.1.sdk/usr/include/DarwinFoundation3.modulemap
/Applications/Xcode.app/Contents/Developer/Platforms/MacOSX.platform/Developer/SDKs/MacOSX26.1.sdk/usr/include/inttypes.h
/Applications/Xcode.app/Contents/Developer/Platforms/MacOSX.platform/Developer/SDKs/MacOSX26.1.sdk/SDKSettings.json
/Applications/Xcode.app/Contents/Developer/Toolchains/XcodeDefault.xctoolchain/usr/lib/swift/clang/include/module.modulemap
/Applications/Xcode.app/Contents/Developer/Toolchains/XcodeDefault.xctoolchain/usr/lib/swift/clang/include/limits.h
/Applications/Xcode.app/Contents/Developer/Platforms/MacOSX.platform/Developer/SDKs/MacOSX26.1.sdk/usr/include/DarwinFoundation1.modulemap
/Applications/Xcode.app/Contents/Developer/Platforms/MacOSX.platform/Developer/SDKs/MacOSX26.1.sdk/SDKSettings.json
/Applications/Xcode.app/Contents/Developer/Toolchains/XcodeDefault.xctoolchain/usr/lib/swift/clang/include/module.modulemap
/Applications/Xcode.app/Contents/Developer/Toolchains/XcodeDefault.xctoolchain/usr/lib/swift/clang/include/__stdarg___gnuc_va_list.h
/Applications/Xcode.app/Contents/Developer/Toolchains/XcodeDefault.xctoolchain/usr/lib/swift/clang/include/__stdarg___va_copy.h
/Applications/Xcode.app/Contents/Developer/Toolchains/XcodeDefault.xctoolchain/usr/lib/swift/clang/include/__stdarg_header_macro.h
/Applications/Xcode.app/Contents/Developer/Toolchains/XcodeDefault.xctoolchain/usr/lib/swift/clang/include/__stdarg_va_arg.h
/Applications/Xcode.app/Contents/Developer/Toolchains/XcodeDefault.xctoolchain/usr/lib/swift/clang/include/__stdarg_va_copy.h
/Applications/Xcode.app/Contents/Developer/Toolchains/XcodeDefault.xctoolchain/usr/lib/swift/clang/include/__stdarg_va_list.h
/Applications/Xcode.app/Contents/Developer/Platforms/MacOSX.platform/Developer/SDKs/MacOSX26.1.sdk/SDKSettings.json
/Applications/Xcode.app/Contents/Developer/Toolchains/XcodeDefault.xctoolchain/usr/lib/swift/clang/include/module.modulemap
/Applications/Xcode.app/Contents/Developer/Toolchains/XcodeDefault.xctoolchain/usr/lib/swift/clang/include/stdbool.h
/Applications/Xcode.app/Contents/Developer/Platforms/MacOSX.platform/Developer/SDKs/MacOSX26.1.sdk/SDKSettings.json
/Applications/Xcode.app/Contents/Developer/Toolchains/XcodeDefault.xctoolchain/usr/lib/swift/clang/include/module.modulemap
/Applications/Xcode.app/Contents/Developer/Toolchains/XcodeDefault.xctoolchain/usr/lib/swift/clang/include/__stddef_header_macro.h
/Applications/Xcode.app/Contents/Developer/Toolchains/XcodeDefault.xctoolchain/usr/lib/swift/clang/include/__stddef_max_align_t.h
/Applications/Xcode.app/Contents/Developer/Toolchains/XcodeDefault.xctoolchain/usr/lib/swift/clang/include/__stddef_null.h
/Applications/Xcode.app/Contents/Developer/Toolchains/XcodeDefault.xctoolchain/usr/lib/swift/clang/include/__stddef_nullptr_t.h
/Applications/Xcode.app/Contents/Developer/Toolchains/XcodeDefault.xctoolchain/usr/lib/swift/clang/include/__stddef_offsetof.h
/Applications/Xcode.app/Contents/Developer/Toolchains/XcodeDefault.xctoolchain/usr/lib/swift/clang/include/__stddef_ptrdiff_t.h
/Applications/Xcode.app/Contents/Developer/Toolchains/XcodeDefault.xctoolchain/usr/lib/swift/clang/include/__stddef_rsize_t.h
/Applications/Xcode.app/Contents/Developer/Toolchains/XcodeDefault.xctoolchain/usr/lib/swift/clang/include/__stddef_size_t.h
/Applications/Xcode.app/Contents/Developer/Toolchains/XcodeDefault.xctoolchain/usr/lib/swift/clang/include/__stddef_unreachable.h
/Applications/Xcode.app/Contents/Developer/Toolchains/XcodeDefault.xctoolchain/usr/lib/swift/clang/include/__stddef_wchar_t.h
/Applications/Xcode.app/Contents/Developer/Platforms/MacOSX.platform/Developer/SDKs/MacOSX26.1.sdk/SDKSettings.json
/Applications/Xcode.app/Contents/Developer/Toolchains/XcodeDefault.xctoolchain/usr/lib/swift/clang/include/module.modulemap
/Applications/Xcode.app/Contents/Developer/Toolchains/XcodeDefault.xctoolchain/usr/lib/swift/clang/include/stdint.h
/Applications/Xcode.app/Contents/Developer/Platforms/MacOSX.platform/Developer/SDKs/MacOSX26.1.sdk/usr/include/DarwinFoundation2.modulemap
/Applications/Xcode.app/Contents/Developer/Platforms/MacOSX.platform/Developer/SDKs/MacOSX26.1.sdk/SDKSettings.json
/Applications/Xcode.app/Contents/Developer/Toolchains/XcodeDefault.xctoolchain/usr/lib/swift/macosx/prebuilt-modules/26.1/_Concurrency.swiftmodule/arm64e-apple-macos.swiftmodule
/Applications/Xcode.app/Contents/Developer/Platforms/MacOSX.platform/Developer/SDKs/MacOSX26.1.sdk/usr/include/DarwinFoundation1.modulemap
/Applications/Xcode.app/Contents/Developer/Platforms/MacOSX.platform/Developer/SDKs/MacOSX26.1.sdk/usr/include/sys/appleapiopts.h
/Applications/Xcode.app/Contents/Developer/Platforms/MacOSX.platform/Developer/SDKs/MacOSX26.1.sdk/usr/include/os/availability.h
/Applications/Xcode.app/Contents/Developer/Platforms/MacOSX.platform/Developer/SDKs/MacOSX26.1.sdk/usr/include/Availability.h
/Applications/Xcode.app/Contents/Developer/Platforms/MacOSX.platform/Developer/SDKs/MacOSX26.1.sdk/usr/include/AvailabilityMacros.h
/Applications/Xcode.app/Contents/Developer/Platforms/MacOSX.platform/Developer/SDKs/MacOSX26.1.sdk/usr/include/TargetConditionals.h
/Applications/Xcode.app/Contents/Developer/Platforms/MacOSX.platform/Developer/SDKs/MacOSX26.1.sdk/usr/include/_bounds.h
/Applications/Xcode.app/Contents/Developer/Platforms/MacOSX.platform/Developer/SDKs/MacOSX26.1.sdk/usr/include/sys/cdefs.h
/Applications/Xcode.app/Contents/Developer/Platforms/MacOSX.platform/Developer/SDKs/MacOSX26.1.sdk/usr/include/sys/_symbol_aliasing.h
/Applications/Xcode.app/Contents/Developer/Platforms/MacOSX.platform/Developer/SDKs/MacOSX26.1.sdk/usr/include/sys/_posix_availability.h
/Applications/Xcode.app/Contents/Developer/Toolchains/XcodeDefault.xctoolchain/usr/lib/swift/clang/include/module.modulemap
/Applications/Xcode.app/Contents/Developer/Platforms/MacOSX.platform/Developer/SDKs/MacOSX26.1.sdk/usr/include/sys/qos.h
/Applications/Xcode.app/Contents/Developer/Platforms/MacOSX.platform/Developer/SDKs/MacOSX26.1.sdk/usr/include/machine/_endian.h
/Applications/Xcode.app/Contents/Developer/Platforms/MacOSX.platform/Developer/SDKs/MacOSX26.1.sdk/usr/include/arm/_endian.h
/Applications/Xcode.app/Contents/Developer/Platforms/MacOSX.platform/Developer/SDKs/MacOSX26.1.sdk/usr/include/sys/__endian.h
/Applications/Xcode.app/Contents/Developer/Platforms/MacOSX.platform/Developer/SDKs/MacOSX26.1.sdk/usr/include/i386/_endian.h
/Applications/Xcode.app/Contents/Developer/Platforms/MacOSX.platform/Developer/SDKs/MacOSX26.1.sdk/usr/include/__xlocale.h
/Applications/Xcode.app/Contents/Developer/Platforms/MacOSX.platform/Developer/SDKs/MacOSX26.1.sdk/usr/include/_mb_cur_max.h
/Applications/Xcode.app/Contents/Developer/Platforms/MacOSX.platform/Developer/SDKs/MacOSX26.1.sdk/usr/include/_types/_locale_t.h
/Applications/Xcode.app/Contents/Developer/Platforms/MacOSX.platform/Developer/SDKs/MacOSX26.1.sdk/usr/include/sys/_types/_u_char.h
/Applications/Xcode.app/Contents/Developer/Platforms/MacOSX.platform/Developer/SDKs/MacOSX26.1.sdk/usr/include/sys/_types/_u_short.h
/Applications/Xcode.app/Contents/Developer/Platforms/MacOSX.platform/Developer/SDKs/MacOSX26.1.sdk/usr/include/sys/_types/_u_int.h
/Applications/Xcode.app/Contents/Developer/Platforms/MacOSX.platform/Developer/SDKs/MacOSX26.1.sdk/usr/include/sys/_types/_u_int8_t.h
/Applications/Xcode.app/Contents/Developer/Platforms/MacOSX.platform/Developer/SDKs/MacOSX26.1.sdk/usr/include/sys/_types/_u_int16_t.h
/Applications/Xcode.app/Contents/Developer/Platforms/MacOSX.platform/Developer/SDKs/MacOSX26.1.sdk/usr/include/sys/_types/_u_int32_t.h
/Applications/Xcode.app/Contents/Developer/Platforms/MacOSX.platform/Developer/SDKs/MacOSX26.1.sdk/usr/include/sys/_types/_u_int64_t.h
/Applications/Xcode.app/Contents/Developer/Platforms/MacOSX.platform/Developer/SDKs/MacOSX26.1.sdk/usr/include/_assert.h
/Applications/Xcode.app/Contents/Developer/Platforms/MacOSX.platform/Developer/SDKs/MacOSX26.1.sdk/usr/include/_static_assert.h
/Applications/Xcode.app/Contents/Developer/Platforms/MacOSX.platform/Developer/SDKs/MacOSX26.1.sdk/usr/include/complex.h
/Applications/Xcode.app/Contents/Developer/Platforms/MacOSX.platform/Developer/SDKs/MacOSX26.1.sdk/usr/include/errno.h
/Applications/Xcode.app/Contents/Developer/Platforms/MacOSX.platform/Developer/SDKs/MacOSX26.1.sdk/usr/include/sys/errno.h
/Applications/Xcode.app/Contents/Developer/Platforms/MacOSX.platform/Developer/SDKs/MacOSX26.1.sdk/usr/include/sys/_types/_errno_t.h
/Applications/Xcode.app/Contents/Developer/Platforms/MacOSX.platform/Developer/SDKs/MacOSX26.1.sdk/usr/include/fenv.h
/Applications/Xcode.app/Contents/Developer/Platforms/MacOSX.platform/Developer/SDKs/MacOSX26.1.sdk/usr/include/limits.h
/Applications/Xcode.app/Contents/Developer/Platforms/MacOSX.platform/Developer/SDKs/MacOSX26.1.sdk/usr/include/machine/limits.h
/Applications/Xcode.app/Contents/Developer/Platforms/MacOSX.platform/Developer/SDKs/MacOSX26.1.sdk/usr/include/arm/limits.h
/Applications/Xcode.app/Contents/Developer/Platforms/MacOSX.platform/Developer/SDKs/MacOSX26.1.sdk/usr/include/arm/_limits.h
/Applications/Xcode.app/Contents/Developer/Platforms/MacOSX.platform/Developer/SDKs/MacOSX26.1.sdk/usr/include/sys/syslimits.h
/Applications/Xcode.app/Contents/Developer/Platforms/MacOSX.platform/Developer/SDKs/MacOSX26.1.sdk/usr/include/i386/limits.h
/Applications/Xcode.app/Contents/Developer/Platforms/MacOSX.platform/Developer/SDKs/MacOSX26.1.sdk/usr/include/machine/_limits.h
/Applications/Xcode.app/Contents/Developer/Platforms/MacOSX.platform/Developer/SDKs/MacOSX26.1.sdk/usr/include/i386/_limits.h
/Applications/Xcode.app/Contents/Developer/Platforms/MacOSX.platform/Developer/SDKs/MacOSX26.1.sdk/usr/include/math.h
/Applications/Xcode.app/Contents/Developer/Platforms/MacOSX.platform/Developer/SDKs/MacOSX26.1.sdk/usr/include/setjmp.h
/Applications/Xcode.app/Contents/Developer/Platforms/MacOSX.platform/Developer/SDKs/MacOSX26.1.sdk/SDKSettings.json
/Applications/Xcode.app/Contents/Developer/Toolchains/XcodeDefault.xctoolchain/usr/lib/swift/macosx/prebuilt-modules/26.1/_DarwinFoundation1.swiftmodule/arm64e-apple-macos.swiftmodule
/Applications/Xcode.app/Contents/Developer/Toolchains/XcodeDefault.xctoolchain/usr/lib/swift/macosx/prebuilt-modules/26.1/_DarwinFoundation2.swiftmodule/arm64e-apple-macos.swiftmodule
/Applications/Xcode.app/Contents/Developer/Platforms/MacOSX.platform/Developer/SDKs/MacOSX26.1.sdk/usr/include/_DarwinFoundation2.apinotes
/Applications/Xcode.app/Contents/Developer/Platforms/MacOSX.platform/Developer/SDKs/MacOSX26.1.sdk/usr/include/DarwinFoundation2.modulemap
/Applications/Xcode.app/Contents/Developer/Platforms/MacOSX.platform/Developer/SDKs/MacOSX26.1.sdk/usr/include/DarwinFoundation1.modulemap
/Applications/Xcode.app/Contents/Developer/Platforms/MacOSX.platform/Developer/SDKs/MacOSX26.1.sdk/usr/include/nl_types.h
/Applications/Xcode.app/Contents/Developer/Platforms/MacOSX.platform/Developer/SDKs/MacOSX26.1.sdk/usr/include/sys/types.h
/Applications/Xcode.app/Contents/Developer/Platforms/MacOSX.platform/Developer/SDKs/MacOSX26.1.sdk/usr/include/machine/types.h
/Applications/Xcode.app/Contents/Developer/Platforms/MacOSX.platform/Developer/SDKs/MacOSX26.1.sdk/usr/include/arm/types.h
/Applications/Xcode.app/Contents/Developer/Platforms/MacOSX.platform/Developer/SDKs/MacOSX26.1.sdk/usr/include/arm/_types.h
/Applications/Xcode.app/Contents/Developer/Platforms/MacOSX.platform/Developer/SDKs/MacOSX26.1.sdk/usr/include/sys/_types/_ptrdiff_t.h
/Applications/Xcode.app/Contents/Developer/Toolchains/XcodeDefault.xctoolchain/usr/lib/swift/clang/include/module.modulemap
/Applications/Xcode.app/Contents/Developer/Toolchains/XcodeDefault.xctoolchain/usr/lib/swift/clang/include/stddef.h
/Applications/Xcode.app/Contents/Developer/Platforms/MacOSX.platform/Developer/SDKs/MacOSX26.1.sdk/usr/include/sys/_types/_size_t.h
/Applications/Xcode.app/Contents/Developer/Platforms/MacOSX.platform/Developer/SDKs/MacOSX26.1.sdk/usr/include/sys/_types/_va_list.h
/Applications/Xcode.app/Contents/Developer/Toolchains/XcodeDefault.xctoolchain/usr/lib/swift/clang/include/stdarg.h
/Applications/Xcode.app/Contents/Developer/Platforms/MacOSX.platform/Developer/SDKs/MacOSX26.1.sdk/usr/include/sys/_types/_wchar_t.h
/Applications/Xcode.app/Contents/Developer/Platforms/MacOSX.platform/Developer/SDKs/MacOSX26.1.sdk/usr/include/sys/_types/_int8_t.h
/Applications/Xcode.app/Contents/Developer/Platforms/MacOSX.platform/Developer/SDKs/MacOSX26.1.sdk/usr/include/sys/_types/_int16_t.h
/Applications/Xcode.app/Contents/Developer/Platforms/MacOSX.platform/Developer/SDKs/MacOSX26.1.sdk/usr/include/sys/_types/_int32_t.h
/Applications/Xcode.app/Contents/Developer/Platforms/MacOSX.platform/Developer/SDKs/MacOSX26.1.sdk/usr/include/sys/_types/_int64_t.h
/Applications/Xcode.app/Contents/Developer/Platforms/MacOSX.platform/Developer/SDKs/MacOSX26.1.sdk/usr/include/sys/_types/_intptr_t.h
/Applications/Xcode.app/Contents/Developer/Platforms/MacOSX.platform/Developer/SDKs/MacOSX26.1.sdk/usr/include/machine/_types.h
/Applications/Xcode.app/Contents/Developer/Platforms/MacOSX.platform/Developer/SDKs/MacOSX26.1.sdk/usr/include/sys/_types/_uintptr_t.h
/Applications/Xcode.app/Contents/Developer/Platforms/MacOSX.platform/Developer/SDKs/MacOSX26.1.sdk/usr/include/sys/_types.h
/Applications/Xcode.app/Contents/Developer/Platforms/MacOSX.platform/Developer/SDKs/MacOSX26.1.sdk/usr/include/sys/_types/_null.h
/Applications/Xcode.app/Contents/Developer/Platforms/MacOSX.platform/Developer/SDKs/MacOSX26.1.sdk/usr/include/sys/_pthread/_pthread_types.h
/Applications/Xcode.app/Contents/Developer/Platforms/MacOSX.platform/Developer/SDKs/MacOSX26.1.sdk/usr/include/machine/endian.h
/Applications/Xcode.app/Contents/Developer/Platforms/MacOSX.platform/Developer/SDKs/MacOSX26.1.sdk/usr/include/arm/endian.h
/Applications/Xcode.app/Contents/Developer/Platforms/MacOSX.platform/Developer/SDKs/MacOSX26.1.sdk/usr/include/sys/_endian.h
/Applications/Xcode.app/Contents/Developer/Platforms/MacOSX.platform/Developer/SDKs/MacOSX26.1.sdk/usr/include/libkern/_OSByteOrder.h
/Applications/Xcode.app/Contents/Developer/Platforms/MacOSX.platform/Developer/SDKs/MacOSX26.1.sdk/usr/include/libkern/arm/_OSByteOrder.h
/Applications/Xcode.app/Contents/Developer/Platforms/MacOSX.platform/Developer/SDKs/MacOSX26.1.sdk/usr/include/sys/_types/_caddr_t.h
/Applications/Xcode.app/Contents/Developer/Platforms/MacOSX.platform/Developer/SDKs/MacOSX26.1.sdk/usr/include/sys/_types/_dev_t.h
/Applications/Xcode.app/Contents/Developer/Platforms/MacOSX.platform/Developer/SDKs/MacOSX26.1.sdk/usr/include/sys/_types/_blkcnt_t.h
/Applications/Xcode.app/Contents/Developer/Platforms/MacOSX.platform/Developer/SDKs/MacOSX26.1.sdk/usr/include/sys/_types/_blksize_t.h
/Applications/Xcode.app/Contents/Developer/Platforms/MacOSX.platform/Developer/SDKs/MacOSX26.1.sdk/usr/include/sys/_types/_gid_t.h
/Applications/Xcode.app/Contents/Developer/Platforms/MacOSX.platform/Developer/SDKs/MacOSX26.1.sdk/usr/include/sys/_types/_in_addr_t.h
/Applications/Xcode.app/Contents/Developer/Platforms/MacOSX.platform/Developer/SDKs/MacOSX26.1.sdk/usr/include/sys/_types/_in_port_t.h
/Applications/Xcode.app/Contents/Developer/Platforms/MacOSX.platform/Developer/SDKs/MacOSX26.1.sdk/usr/include/sys/_types/_ino_t.h
/Applications/Xcode.app/Contents/Developer/Platforms/MacOSX.platform/Developer/SDKs/MacOSX26.1.sdk/usr/include/sys/_types/_ino64_t.h
/Applications/Xcode.app/Contents/Developer/Platforms/MacOSX.platform/Developer/SDKs/MacOSX26.1.sdk/usr/include/sys/_types/_key_t.h
/Applications/Xcode.app/Contents/Developer/Platforms/MacOSX.platform/Developer/SDKs/MacOSX26.1.sdk/usr/include/sys/_types/_mode_t.h
/Applications/Xcode.app/Contents/Developer/Platforms/MacOSX.platform/Developer/SDKs/MacOSX26.1.sdk/usr/include/sys/_types/_nlink_t.h
/Applications/Xcode.app/Contents/Developer/Platforms/MacOSX.platform/Developer/SDKs/MacOSX26.1.sdk/usr/include/sys/_types/_id_t.h
/Applications/Xcode.app/Contents/Developer/Platforms/MacOSX.platform/Developer/SDKs/MacOSX26.1.sdk/usr/include/sys/_types/_pid_t.h
/Applications/Xcode.app/Contents/Developer/Platforms/MacOSX.platform/Developer/SDKs/MacOSX26.1.sdk/usr/include/sys/_types/_off_t.h
/Applications/Xcode.app/Contents/Developer/Platforms/MacOSX.platform/Developer/SDKs/MacOSX26.1.sdk/usr/include/sys/_types/_uid_t.h
/Applications/Xcode.app/Contents/Developer/Platforms/MacOSX.platform/Developer/SDKs/MacOSX26.1.sdk/usr/include/sys/_types/_clock_t.h
/Applications/Xcode.app/Contents/Developer/Platforms/MacOSX.platform/Developer/SDKs/MacOSX26.1.sdk/usr/include/sys/_types/_ssize_t.h
/Applications/Xcode.app/Contents/Developer/Platforms/MacOSX.platform/Developer/SDKs/MacOSX26.1.sdk/usr/include/sys/_types/_time_t.h
/Applications/Xcode.app/Contents/Developer/Platforms/MacOSX.platform/Developer/SDKs/MacOSX26.1.sdk/usr/include/sys/_types/_useconds_t.h
/Applications/Xcode.app/Contents/Developer/Platforms/MacOSX.platform/Developer/SDKs/MacOSX26.1.sdk/usr/include/sys/_types/_suseconds_t.h
/Applications/Xcode.app/Contents/Developer/Platforms/MacOSX.platform/Developer/SDKs/MacOSX26.1.sdk/usr/include/sys/_types/_rsize_t.h
/Applications/Xcode.app/Contents/Developer/Platforms/MacOSX.platform/Developer/SDKs/MacOSX26.1.sdk/usr/include/sys/_types/_fd_def.h
/Applications/Xcode.app/Contents/Developer/Platforms/MacOSX.platform/Developer/SDKs/MacOSX26.1.sdk/usr/include/sys/_types/_fd_setsize.h
/Applications/Xcode.app/Contents/Developer/Platforms/MacOSX.platform/Developer/SDKs/MacOSX26.1.sdk/usr/include/sys/_types/_fd_set.h
/Applications/Xcode.app/Contents/Developer/Platforms/MacOSX.platform/Developer/SDKs/MacOSX26.1.sdk/usr/include/sys/_types/_fd_clr.h
/Applications/Xcode.app/Contents/Developer/Platforms/MacOSX.platform/Developer/SDKs/MacOSX26.1.sdk/usr/include/sys/_types/_fd_zero.h
/Applications/Xcode.app/Contents/Developer/Platforms/MacOSX.platform/Developer/SDKs/MacOSX26.1.sdk/usr/include/sys/_types/_fd_isset.h
/Applications/Xcode.app/Contents/Developer/Platforms/MacOSX.platform/Developer/SDKs/MacOSX26.1.sdk/usr/include/sys/_types/_fd_copy.h
/Applications/Xcode.app/Contents/Developer/Platforms/MacOSX.platform/Developer/SDKs/MacOSX26.1.sdk/usr/include/sys/_pthread/_pthread_attr_t.h
/Applications/Xcode.app/Contents/Developer/Platforms/MacOSX.platform/Developer/SDKs/MacOSX26.1.sdk/usr/include/sys/_pthread/_pthread_cond_t.h
/Applications/Xcode.app/Contents/Developer/Platforms/MacOSX.platform/Developer/SDKs/MacOSX26.1.sdk/usr/include/sys/_pthread/_pthread_condattr_t.h
/Applications/Xcode.app/Contents/Developer/Platforms/MacOSX.platform/Developer/SDKs/MacOSX26.1.sdk/usr/include/sys/_pthread/_pthread_mutex_t.h
/Applications/Xcode.app/Contents/Developer/Platforms/MacOSX.platform/Developer/SDKs/MacOSX26.1.sdk/usr/include/sys/_pthread/_pthread_mutexattr_t.h
/Applications/Xcode.app/Contents/Developer/Platforms/MacOSX.platform/Developer/SDKs/MacOSX26.1.sdk/usr/include/sys/_pthread/_pthread_once_t.h
/Applications/Xcode.app/Contents/Developer/Platforms/MacOSX.platform/Developer/SDKs/MacOSX26.1.sdk/usr/include/sys/_pthread/_pthread_rwlock_t.h
/Applications/Xcode.app/Contents/Developer/Platforms/MacOSX.platform/Developer/SDKs/MacOSX26.1.sdk/usr/include/sys/_pthread/_pthread_rwlockattr_t.h
/Applications/Xcode.app/Contents/Developer/Platforms/MacOSX.platform/Developer/SDKs/MacOSX26.1.sdk/usr/include/sys/_pthread/_pthread_t.h
/Applications/Xcode.app/Contents/Developer/Platforms/MacOSX.platform/Developer/SDKs/MacOSX26.1.sdk/usr/include/sys/_pthread/_pthread_key_t.h
/Applications/Xcode.app/Contents/Developer/Platforms/MacOSX.platform/Developer/SDKs/MacOSX26.1.sdk/usr/include/sys/_types/_fsblkcnt_t.h
/Applications/Xcode.app/Contents/Developer/Platforms/MacOSX.platform/Developer/SDKs/MacOSX26.1.sdk/usr/include/sys/_types/_fsfilcnt_t.h
/Applications/Xcode.app/Contents/Developer/Platforms/MacOSX.platform/Developer/SDKs/MacOSX26.1.sdk/usr/include/_types.h
/Applications/Xcode.app/Contents/Developer/Platforms/MacOSX.platform/Developer/SDKs/MacOSX26.1.sdk/usr/include/_types/_nl_item.h
/Applications/Xcode.app/Contents/Developer/Platforms/MacOSX.platform/Developer/SDKs/MacOSX26.1.sdk/usr/include/runetype.h
/Applications/Xcode.app/Contents/Developer/Platforms/MacOSX.platform/Developer/SDKs/MacOSX26.1.sdk/usr/include/sys/_types/_ct_rune_t.h
/Applications/Xcode.app/Contents/Developer/Platforms/MacOSX.platform/Developer/SDKs/MacOSX26.1.sdk/usr/include/sys/_types/_rune_t.h
/Applications/Xcode.app/Contents/Developer/Platforms/MacOSX.platform/Developer/SDKs/MacOSX26.1.sdk/usr/include/sys/_types/_wint_t.h
/Applications/Xcode.app/Contents/Developer/Platforms/MacOSX.platform/Developer/SDKs/MacOSX26.1.sdk/usr/include/alloca.h
/Applications/Xcode.app/Contents/Developer/Platforms/MacOSX.platform/Developer/SDKs/MacOSX26.1.sdk/usr/include/i386/endian.h
/Applications/Xcode.app/Contents/Developer/Platforms/MacOSX.platform/Developer/SDKs/MacOSX26.1.sdk/usr/include/libkern/i386/_OSByteOrder.h
/Applications/Xcode.app/Contents/Developer/Platforms/MacOSX.platform/Developer/SDKs/MacOSX26.1.sdk/usr/include/secure/_common.h
/Applications/Xcode.app/Contents/Developer/Platforms/MacOSX.platform/Developer/SDKs/MacOSX26.1.sdk/usr/include/sys/_types/_mach_port_t.h
/Applications/Xcode.app/Contents/Developer/Platforms/MacOSX.platform/Developer/SDKs/MacOSX26.1.sdk/usr/include/sys/_types/_offsetof.h
/Applications/Xcode.app/Contents/Developer/Platforms/MacOSX.platform/Developer/SDKs/MacOSX26.1.sdk/usr/include/_strings.h
/Applications/Xcode.app/Contents/Developer/Platforms/MacOSX.platform/Developer/SDKs/MacOSX26.1.sdk/usr/include/secure/_strings.h
/Applications/Xcode.app/Contents/Developer/Platforms/MacOSX.platform/Developer/SDKs/MacOSX26.1.sdk/usr/include/sys/_types/_timeval.h
/Applications/Xcode.app/Contents/Developer/Platforms/MacOSX.platform/Developer/SDKs/MacOSX26.1.sdk/usr/include/sys/_types/_uuid_t.h
/Applications/Xcode.app/Contents/Developer/Platforms/MacOSX.platform/Developer/SDKs/MacOSX26.1.sdk/usr/include/i386/types.h
/Applications/Xcode.app/Contents/Developer/Platforms/MacOSX.platform/Developer/SDKs/MacOSX26.1.sdk/usr/include/i386/_types.h
/Applications/Xcode.app/Contents/Developer/Platforms/MacOSX.platform/Developer/SDKs/MacOSX26.1.sdk/usr/include/_ctype.h
/Applications/Xcode.app/Contents/Developer/Platforms/MacOSX.platform/Developer/SDKs/MacOSX26.1.sdk/usr/include/xlocale/_ctype.h
/Applications/Xcode.app/Contents/Developer/Platforms/MacOSX.platform/Developer/SDKs/MacOSX26.1.sdk/usr/include/locale.h
/Applications/Xcode.app/Contents/Developer/Platforms/MacOSX.platform/Developer/SDKs/MacOSX26.1.sdk/usr/include/_locale.h
/Applications/Xcode.app/Contents/Developer/Platforms/MacOSX.platform/Developer/SDKs/MacOSX26.1.sdk/usr/include/_locale_posix2008.h
/Applications/Xcode.app/Contents/Developer/Platforms/MacOSX.platform/Developer/SDKs/MacOSX26.1.sdk/usr/include/stdint.h
/Applications/Xcode.app/Contents/Developer/Platforms/MacOSX.platform/Developer/SDKs/MacOSX26.1.sdk/usr/include/_types/_uint8_t.h
/Applications/Xcode.app/Contents/Developer/Platforms/MacOSX.platform/Developer/SDKs/MacOSX26.1.sdk/usr/include/_types/_uint16_t.h
/Applications/Xcode.app/Contents/Developer/Platforms/MacOSX.platform/Developer/SDKs/MacOSX26.1.sdk/usr/include/_types/_uint32_t.h
/Applications/Xcode.app/Contents/Developer/Platforms/MacOSX.platform/Developer/SDKs/MacOSX26.1.sdk/usr/include/_types/_uint64_t.h
/Applications/Xcode.app/Contents/Developer/Platforms/MacOSX.platform/Developer/SDKs/MacOSX26.1.sdk/usr/include/_types/_intmax_t.h
/Applications/Xcode.app/Contents/Developer/Platforms/MacOSX.platform/Developer/SDKs/MacOSX26.1.sdk/usr/include/_types/_uintmax_t.h
/Applications/Xcode.app/Contents/Developer/Platforms/MacOSX.platform/Developer/SDKs/MacOSX26.1.sdk/usr/include/_stdio.h
/Applications/Xcode.app/Contents/Developer/Platforms/MacOSX.platform/Developer/SDKs/MacOSX26.1.sdk/usr/include/sys/stdio.h
/Applications/Xcode.app/Contents/Developer/Platforms/MacOSX.platform/Developer/SDKs/MacOSX26.1.sdk/usr/include/_printf.h
/Applications/Xcode.app/Contents/Developer/Platforms/MacOSX.platform/Developer/SDKs/MacOSX26.1.sdk/usr/include/sys/_types/_seek_set.h
/Applications/Xcode.app/Contents/Developer/Platforms/MacOSX.platform/Developer/SDKs/MacOSX26.1.sdk/usr/include/_ctermid.h
/Applications/Xcode.app/Contents/Developer/Platforms/MacOSX.platform/Developer/SDKs/MacOSX26.1.sdk/usr/include/secure/_stdio.h
/Applications/Xcode.app/Contents/Developer/Platforms/MacOSX.platform/Developer/SDKs/MacOSX26.1.sdk/usr/include/xlocale/_stdio.h
/Applications/Xcode.app/Contents/Developer/Platforms/MacOSX.platform/Developer/SDKs/MacOSX26.1.sdk/usr/include/_string.h
/Applications/Xcode.app/Contents/Developer/Platforms/MacOSX.platform/Developer/SDKs/MacOSX26.1.sdk/usr/include/secure/_string.h
/Applications/Xcode.app/Contents/Developer/Platforms/MacOSX.platform/Developer/SDKs/MacOSX26.1.sdk/usr/include/xlocale/_string.h
/Applications/Xcode.app/Contents/Developer/Platforms/MacOSX.platform/Developer/SDKs/MacOSX26.1.sdk/usr/include/tgmath.h
/Applications/Xcode.app/Contents/Developer/Platforms/MacOSX.platform/Developer/SDKs/MacOSX26.1.sdk/usr/include/_time.h
/Applications/Xcode.app/Contents/Developer/Platforms/MacOSX.platform/Developer/SDKs/MacOSX26.1.sdk/usr/include/sys/_types/_timespec.h
/Applications/Xcode.app/Contents/Developer/Platforms/MacOSX.platform/Developer/SDKs/MacOSX26.1.sdk/usr/include/xlocale/_time.h
/Applications/Xcode.app/Contents/Developer/Platforms/MacOSX.platform/Developer/SDKs/MacOSX26.1.sdk/SDKSettings.json
/Applications/Xcode.app/Contents/Developer/Platforms/MacOSX.platform/Developer/SDKs/MacOSX26.1.sdk/usr/include/DarwinFoundation2.modulemap
/Applications/Xcode.app/Contents/Developer/Platforms/MacOSX.platform/Developer/SDKs/MacOSX26.1.sdk/usr/include/DarwinFoundation3.modulemap
/Applications/Xcode.app/Contents/Developer/Platforms/MacOSX.platform/Developer/SDKs/MacOSX26.1.sdk/usr/include/DarwinFoundation1.modulemap
/Applications/Xcode.app/Contents/Developer/Platforms/MacOSX.platform/Developer/SDKs/MacOSX26.1.sdk/usr/include/pthread/pthread.h
/Applications/Xcode.app/Contents/Developer/Platforms/MacOSX.platform/Developer/SDKs/MacOSX26.1.sdk/usr/include/pthread/sched.h
/Applications/Xcode.app/Contents/Developer/Platforms/MacOSX.platform/Developer/SDKs/MacOSX26.1.sdk/usr/include/pthread/pthread_impl.h
/Applications/Xcode.app/Contents/Developer/Platforms/MacOSX.platform/Developer/SDKs/MacOSX26.1.sdk/usr/include/time.h
/Applications/Xcode.app/Contents/Developer/Platforms/MacOSX.platform/Developer/SDKs/MacOSX26.1.sdk/usr/include/pthread/qos.h
/Applications/Xcode.app/Contents/Developer/Platforms/MacOSX.platform/Developer/SDKs/MacOSX26.1.sdk/usr/include/sys/_types/_sigset_t.h
/Applications/Xcode.app/Contents/Developer/Platforms/MacOSX.platform/Developer/SDKs/MacOSX26.1.sdk/usr/include/sys/resource.h
/Applications/Xcode.app/Contents/Developer/Toolchains/XcodeDefault.xctoolchain/usr/lib/swift/clang/include/module.modulemap
/Applications/Xcode.app/Contents/Developer/Platforms/MacOSX.platform/Developer/SDKs/MacOSX26.1.sdk/usr/include/sys/select.h
/Applications/Xcode.app/Contents/Developer/Platforms/MacOSX.platform/Developer/SDKs/MacOSX26.1.sdk/usr/include/sys/_select.h
/Applications/Xcode.app/Contents/Developer/Platforms/MacOSX.platform/Developer/SDKs/MacOSX26.1.sdk/usr/include/sys/wait.h
/Applications/Xcode.app/Contents/Developer/Platforms/MacOSX.platform/Developer/SDKs/MacOSX26.1.sdk/usr/include/sys/signal.h
/Applications/Xcode.app/Contents/Developer/Platforms/MacOSX.platform/Developer/SDKs/MacOSX26.1.sdk/usr/include/machine/signal.h
/Applications/Xcode.app/Contents/Developer/Platforms/MacOSX.platform/Developer/SDKs/MacOSX26.1.sdk/usr/include/arm/signal.h
/Applications/Xcode.app/Contents/Developer/Platforms/MacOSX.platform/Developer/SDKs/MacOSX26.1.sdk/usr/include/machine/_mcontext.h
/Applications/Xcode.app/Contents/Developer/Platforms/MacOSX.platform/Developer/SDKs/MacOSX26.1.sdk/usr/include/arm/_mcontext.h
/Applications/Xcode.app/Contents/Developer/Platforms/MacOSX.platform/Developer/SDKs/MacOSX26.1.sdk/usr/include/mach/machine/_structs.h
/Applications/Xcode.app/Contents/Developer/Platforms/MacOSX.platform/Developer/SDKs/MacOSX26.1.sdk/usr/include/mach/arm/_structs.h
/Applications/Xcode.app/Contents/Developer/Platforms/MacOSX.platform/Developer/SDKs/MacOSX26.1.sdk/usr/include/sys/_types/_sigaltstack.h
/Applications/Xcode.app/Contents/Developer/Platforms/MacOSX.platform/Developer/SDKs/MacOSX26.1.sdk/usr/include/sys/_types/_ucontext.h
/Applications/Xcode.app/Contents/Developer/Platforms/MacOSX.platform/Developer/SDKs/MacOSX26.1.sdk/usr/include/unistd.h
/Applications/Xcode.app/Contents/Developer/Platforms/MacOSX.platform/Developer/SDKs/MacOSX26.1.sdk/usr/include/sys/unistd.h
/Applications/Xcode.app/Contents/Developer/Platforms/MacOSX.platform/Developer/SDKs/MacOSX26.1.sdk/usr/include/sys/_types/_posix_vdisable.h
/Applications/Xcode.app/Contents/Developer/Platforms/MacOSX.platform/Developer/SDKs/MacOSX26.1.sdk/usr/include/gethostuuid.h
/Applications/Xcode.app/Contents/Developer/Platforms/MacOSX.platform/Developer/SDKs/MacOSX26.1.sdk/usr/include/mach/i386/_structs.h
/Applications/Xcode.app/Contents/Developer/Platforms/MacOSX.platform/Developer/SDKs/MacOSX26.1.sdk/usr/include/_inttypes.h
/Applications/Xcode.app/Contents/Developer/Platforms/MacOSX.platform/Developer/SDKs/MacOSX26.1.sdk/usr/include/xlocale/_inttypes.h
/Applications/Xcode.app/Contents/Developer/Toolchains/XcodeDefault.xctoolchain/usr/lib/swift/clang/include/stddef.h
/Applications/Xcode.app/Contents/Developer/Platforms/MacOSX.platform/Developer/SDKs/MacOSX26.1.sdk/usr/include/signal.h
/Applications/Xcode.app/Contents/Developer/Platforms/MacOSX.platform/Developer/SDKs/MacOSX26.1.sdk/usr/include/i386/signal.h
/Applications/Xcode.app/Contents/Developer/Platforms/MacOSX.platform/Developer/SDKs/MacOSX26.1.sdk/usr/include/i386/_mcontext.h
/Applications/Xcode.app/Contents/Developer/Platforms/MacOSX.platform/Developer/SDKs/MacOSX26.1.sdk/usr/include/_stdlib.h
/Applications/Xcode.app/Contents/Developer/Platforms/MacOSX.platform/Developer/SDKs/MacOSX26.1.sdk/usr/include/malloc/_malloc.h
/Applications/Xcode.app/Contents/Developer/Platforms/MacOSX.platform/Developer/SDKs/MacOSX26.1.sdk/usr/include/malloc/_malloc_type.h
/Applications/Xcode.app/Contents/Developer/Platforms/MacOSX.platform/Developer/SDKs/MacOSX26.1.sdk/usr/include/malloc/_ptrcheck.h
/Applications/Xcode.app/Contents/Developer/Platforms/MacOSX.platform/Developer/SDKs/MacOSX26.1.sdk/usr/include/_abort.h
/Applications/Xcode.app/Contents/Developer/Platforms/MacOSX.platform/Developer/SDKs/MacOSX26.1.sdk/usr/include/xlocale/_stdlib.h
/Applications/Xcode.app/Contents/Developer/Platforms/MacOSX.platform/Developer/SDKs/MacOSX26.1.sdk/usr/include/_wchar.h
/Applications/Xcode.app/Contents/Developer/Platforms/MacOSX.platform/Developer/SDKs/MacOSX26.1.sdk/usr/include/sys/_types/_mbstate_t.h
/Applications/Xcode.app/Contents/Developer/Toolchains/XcodeDefault.xctoolchain/usr/lib/swift/clang/include/stdarg.h
/Applications/Xcode.app/Contents/Developer/Platforms/MacOSX.platform/Developer/SDKs/MacOSX26.1.sdk/usr/include/stdio.h
/Applications/Xcode.app/Contents/Developer/Platforms/MacOSX.platform/Developer/SDKs/MacOSX26.1.sdk/usr/include/__wctype.h
/Applications/Xcode.app/Contents/Developer/Platforms/MacOSX.platform/Developer/SDKs/MacOSX26.1.sdk/usr/include/___wctype.h
/Applications/Xcode.app/Contents/Developer/Platforms/MacOSX.platform/Developer/SDKs/MacOSX26.1.sdk/usr/include/_types/_wctype_t.h
/Applications/Xcode.app/Contents/Developer/Platforms/MacOSX.platform/Developer/SDKs/MacOSX26.1.sdk/usr/include/ctype.h
/Applications/Xcode.app/Contents/Developer/Platforms/MacOSX.platform/Developer/SDKs/MacOSX26.1.sdk/usr/include/xlocale/_wchar.h
/Applications/Xcode.app/Contents/Developer/Platforms/MacOSX.platform/Developer/SDKs/MacOSX26.1.sdk/usr/include/_wctype.h
/Applications/Xcode.app/Contents/Developer/Platforms/MacOSX.platform/Developer/SDKs/MacOSX26.1.sdk/usr/include/_types/_wctrans_t.h
/Applications/Xcode.app/Contents/Developer/Platforms/MacOSX.platform/Developer/SDKs/MacOSX26.1.sdk/usr/include/xlocale/_wctype.h
/Applications/Xcode.app/Contents/Developer/Platforms/MacOSX.platform/Developer/SDKs/MacOSX26.1.sdk/usr/include/xlocale/___wctype.h
/Applications/Xcode.app/Contents/Developer/Platforms/MacOSX.platform/Developer/SDKs/MacOSX26.1.sdk/SDKSettings.json
/Applications/Xcode.app/Contents/Developer/Toolchains/XcodeDefault.xctoolchain/usr/lib/swift/macosx/prebuilt-modules/26.1/_DarwinFoundation3.swiftmodule/arm64e-apple-macos.swiftmodule
/Applications/Xcode.app/Contents/Developer/Toolchains/XcodeDefault.xctoolchain/usr/lib/swift/macosx/prebuilt-modules/26.1/_StringProcessing.swiftmodule/arm64e-apple-macos.swiftmodule
/Applications/Xcode.app/Contents/Developer/Platforms/MacOSX.platform/Developer/SDKs/MacOSX26.1.sdk/usr/lib/swift/shims/module.modulemap
/Applications/Xcode.app/Contents/Developer/Platforms/MacOSX.platform/Developer/SDKs/MacOSX26.1.sdk/usr/lib/swift/shims/_SwiftConcurrency.h
/Applications/Xcode.app/Contents/Developer/Platforms/MacOSX.platform/Developer/SDKs/MacOSX26.1.sdk/SDKSettings.json
/Applications/Xcode.app/Contents/Developer/Platforms/MacOSX.platform/Developer/SDKs/MacOSX26.1.sdk/usr/include/launch.modulemap
/Applications/Xcode.app/Contents/Developer/Platforms/MacOSX.platform/Developer/SDKs/MacOSX26.1.sdk/usr/include/Darwin.modulemap
/Applications/Xcode.app/Contents/Developer/Platforms/MacOSX.platform/Developer/SDKs/MacOSX26.1.sdk/usr/include/Darwin_C.modulemap
/Applications/Xcode.app/Contents/Developer/Platforms/MacOSX.platform/Developer/SDKs/MacOSX26.1.sdk/usr/include/Darwin_POSIX.modulemap
/Applications/Xcode.app/Contents/Developer/Platforms/MacOSX.platform/Developer/SDKs/MacOSX26.1.sdk/usr/include/net.modulemap
/Applications/Xcode.app/Contents/Developer/Platforms/MacOSX.platform/Developer/SDKs/MacOSX26.1.sdk/usr/include/netinet.modulemap
/Applications/Xcode.app/Contents/Developer/Platforms/MacOSX.platform/Developer/SDKs/MacOSX26.1.sdk/usr/include/bank.modulemap
/Applications/Xcode.app/Contents/Developer/Platforms/MacOSX.platform/Developer/SDKs/MacOSX26.1.sdk/usr/include/Darwin_Mach.modulemap
/Applications/Xcode.app/Contents/Developer/Platforms/MacOSX.platform/Developer/SDKs/MacOSX26.1.sdk/usr/include/Darwin_Mach_machine.modulemap
/Applications/Xcode.app/Contents/Developer/Platforms/MacOSX.platform/Developer/SDKs/MacOSX26.1.sdk/usr/include/mach_debug.modulemap
/Applications/Xcode.app/Contents/Developer/Platforms/MacOSX.platform/Developer/SDKs/MacOSX26.1.sdk/usr/include/device.modulemap
/Applications/Xcode.app/Contents/Developer/Platforms/MacOSX.platform/Developer/SDKs/MacOSX26.1.sdk/usr/include/Darwin_machine.modulemap
/Applications/Xcode.app/Contents/Developer/Platforms/MacOSX.platform/Developer/SDKs/MacOSX26.1.sdk/usr/include/ncurses.modulemap
/Applications/Xcode.app/Contents/Developer/Platforms/MacOSX.platform/Developer/SDKs/MacOSX26.1.sdk/usr/include/netinet6.modulemap
/Applications/Xcode.app/Contents/Developer/Platforms/MacOSX.platform/Developer/SDKs/MacOSX26.1.sdk/usr/include/Darwin_sys.modulemap
/Applications/Xcode.app/Contents/Developer/Platforms/MacOSX.platform/Developer/SDKs/MacOSX26.1.sdk/usr/include/uuid.modulemap
/Applications/Xcode.app/Contents/Developer/Platforms/MacOSX.platform/Developer/SDKs/MacOSX26.1.sdk/usr/include/DarwinFoundation1.modulemap
/Applications/Xcode.app/Contents/Developer/Platforms/MacOSX.platform/Developer/SDKs/MacOSX26.1.sdk/usr/include/launch.h
/Applications/Xcode.app/Contents/Developer/Toolchains/XcodeDefault.xctoolchain/usr/lib/swift/clang/include/module.modulemap
/Applications/Xcode.app/Contents/Developer/Toolchains/XcodeDefault.xctoolchain/usr/lib/swift/clang/include/stddef.h
/Applications/Xcode.app/Contents/Developer/Platforms/MacOSX.platform/Developer/SDKs/MacOSX26.1.sdk/SDKSettings.json
/Applications/Xcode.app/Contents/Developer/Platforms/MacOSX.platform/Developer/SDKs/MacOSX26.1.sdk/usr/include/libDER/module.modulemap
/Applications/Xcode.app/Contents/Developer/Platforms/MacOSX.platform/Developer/SDKs/MacOSX26.1.sdk/usr/include/libDER/DERItem.h
/Applications/Xcode.app/Contents/Developer/Platforms/MacOSX.platform/Developer/SDKs/MacOSX26.1.sdk/usr/include/libDER/libDER_config.h
/Applications/Xcode.app/Contents/Developer/Toolchains/XcodeDefault.xctoolchain/usr/lib/swift/clang/include/module.modulemap
/Applications/Xcode.app/Contents/Developer/Toolchains/XcodeDefault.xctoolchain/usr/lib/swift/clang/include/stddef.h
/Applications/Xcode.app/Contents/Developer/Platforms/MacOSX.platform/Developer/SDKs/MacOSX26.1.sdk/usr/include/DarwinFoundation2.modulemap
/Applications/Xcode.app/Contents/Developer/Platforms/MacOSX.platform/Developer/SDKs/MacOSX26.1.sdk/usr/include/DarwinFoundation1.modulemap
/Applications/Xcode.app/Contents/Developer/Platforms/MacOSX.platform/Developer/SDKs/MacOSX26.1.sdk/usr/include/string.h
/Applications/Xcode.app/Contents/Developer/Platforms/MacOSX.platform/Developer/SDKs/MacOSX26.1.sdk/SDKSettings.json
/Applications/Xcode.app/Contents/Developer/Platforms/MacOSX.platform/Developer/SDKs/MacOSX26.1.sdk/usr/include/libkern.modulemap
/Applications/Xcode.app/Contents/Developer/Platforms/MacOSX.platform/Developer/SDKs/MacOSX26.1.sdk/usr/include/Darwin.modulemap
/Applications/Xcode.app/Contents/Developer/Platforms/MacOSX.platform/Developer/SDKs/MacOSX26.1.sdk/usr/include/Darwin_C.modulemap
/Applications/Xcode.app/Contents/Developer/Platforms/MacOSX.platform/Developer/SDKs/MacOSX26.1.sdk/usr/include/Darwin_POSIX.modulemap
/Applications/Xcode.app/Contents/Developer/Platforms/MacOSX.platform/Developer/SDKs/MacOSX26.1.sdk/usr/include/net.modulemap
/Applications/Xcode.app/Contents/Developer/Platforms/MacOSX.platform/Developer/SDKs/MacOSX26.1.sdk/usr/include/netinet.modulemap
/Applications/Xcode.app/Contents/Developer/Platforms/MacOSX.platform/Developer/SDKs/MacOSX26.1.sdk/usr/include/bank.modulemap
/Applications/Xcode.app/Contents/Developer/Platforms/MacOSX.platform/Developer/SDKs/MacOSX26.1.sdk/usr/include/Darwin_Mach.modulemap
/Applications/Xcode.app/Contents/Developer/Platforms/MacOSX.platform/Developer/SDKs/MacOSX26.1.sdk/usr/include/Darwin_Mach_machine.modulemap
/Applications/Xcode.app/Contents/Developer/Platforms/MacOSX.platform/Developer/SDKs/MacOSX26.1.sdk/usr/include/mach_debug.modulemap
/Applications/Xcode.app/Contents/Developer/Platforms/MacOSX.platform/Developer/SDKs/MacOSX26.1.sdk/usr/include/device.modulemap
/Applications/Xcode.app/Contents/Developer/Platforms/MacOSX.platform/Developer/SDKs/MacOSX26.1.sdk/usr/include/Darwin_machine.modulemap
/Applications/Xcode.app/Contents/Developer/Platforms/MacOSX.platform/Developer/SDKs/MacOSX26.1.sdk/usr/include/ncurses.modulemap
/Applications/Xcode.app/Contents/Developer/Platforms/MacOSX.platform/Developer/SDKs/MacOSX26.1.sdk/usr/include/netinet6.modulemap
/Applications/Xcode.app/Contents/Developer/Platforms/MacOSX.platform/Developer/SDKs/MacOSX26.1.sdk/usr/include/Darwin_sys.modulemap
/Applications/Xcode.app/Contents/Developer/Platforms/MacOSX.platform/Developer/SDKs/MacOSX26.1.sdk/usr/include/uuid.modulemap
/Applications/Xcode.app/Contents/Developer/Platforms/MacOSX.platform/Developer/SDKs/MacOSX26.1.sdk/usr/include/DarwinFoundation1.modulemap
/Applications/Xcode.app/Contents/Developer/Platforms/MacOSX.platform/Developer/SDKs/MacOSX26.1.sdk/usr/include/libkern/OSCacheControl.h
/Applications/Xcode.app/Contents/Developer/Toolchains/XcodeDefault.xctoolchain/usr/lib/swift/clang/include/module.modulemap
/Applications/Xcode.app/Contents/Developer/Toolchains/XcodeDefault.xctoolchain/usr/lib/swift/clang/include/stddef.h
/Applications/Xcode.app/Contents/Developer/Platforms/MacOSX.platform/Developer/SDKs/MacOSX26.1.sdk/usr/include/libkern/OSDebug.h
/Applications/Xcode.app/Contents/Developer/Platforms/MacOSX.platform/Developer/SDKs/MacOSX26.1.sdk/usr/include/libkern/OSReturn.h
/Applications/Xcode.app/Contents/Developer/Platforms/MacOSX.platform/Developer/SDKs/MacOSX26.1.sdk/usr/include/libkern/OSThermalNotification.h
/Applications/Xcode.app/Contents/Developer/Platforms/MacOSX.platform/Developer/SDKs/MacOSX26.1.sdk/usr/include/libkern/OSTypes.h
/Applications/Xcode.app/Contents/Developer/Platforms/MacOSX.platform/Developer/SDKs/MacOSX26.1.sdk/usr/include/libkern/OSKextLib.h
/Applications/Xcode.app/Contents/Developer/Platforms/MacOSX.platform/Developer/SDKs/MacOSX26.1.sdk/SDKSettings.json
/Applications/Xcode.app/Contents/Developer/Platforms/MacOSX.platform/Developer/SDKs/MacOSX26.1.sdk/usr/include/os.modulemap
/Applications/Xcode.app/Contents/Developer/Platforms/MacOSX.platform/Developer/SDKs/MacOSX26.1.sdk/usr/include/ObjectiveC.modulemap
/Applications/Xcode.app/Contents/Developer/Platforms/MacOSX.platform/Developer/SDKs/MacOSX26.1.sdk/usr/include/Darwin.modulemap
/Applications/Xcode.app/Contents/Developer/Platforms/MacOSX.platform/Developer/SDKs/MacOSX26.1.sdk/usr/include/Darwin_C.modulemap
/Applications/Xcode.app/Contents/Developer/Platforms/MacOSX.platform/Developer/SDKs/MacOSX26.1.sdk/usr/include/Darwin_POSIX.modulemap
/Applications/Xcode.app/Contents/Developer/Platforms/MacOSX.platform/Developer/SDKs/MacOSX26.1.sdk/usr/include/net.modulemap
/Applications/Xcode.app/Contents/Developer/Platforms/MacOSX.platform/Developer/SDKs/MacOSX26.1.sdk/usr/include/netinet.modulemap
/Applications/Xcode.app/Contents/Developer/Platforms/MacOSX.platform/Developer/SDKs/MacOSX26.1.sdk/usr/include/bank.modulemap
/Applications/Xcode.app/Contents/Developer/Platforms/MacOSX.platform/Developer/SDKs/MacOSX26.1.sdk/usr/include/Darwin_Mach.modulemap
/Applications/Xcode.app/Contents/Developer/Platforms/MacOSX.platform/Developer/SDKs/MacOSX26.1.sdk/usr/include/Darwin_Mach_machine.modulemap
/Applications/Xcode.app/Contents/Developer/Platforms/MacOSX.platform/Developer/SDKs/MacOSX26.1.sdk/usr/include/mach_debug.modulemap
/Applications/Xcode.app/Contents/Developer/Platforms/MacOSX.platform/Developer/SDKs/MacOSX26.1.sdk/usr/include/device.modulemap
/Applications/Xcode.app/Contents/Developer/Platforms/MacOSX.platform/Developer/SDKs/MacOSX26.1.sdk/usr/include/Darwin_machine.modulemap
/Applications/Xcode.app/Contents/Developer/Platforms/MacOSX.platform/Developer/SDKs/MacOSX26.1.sdk/usr/include/ncurses.modulemap
/Applications/Xcode.app/Contents/Developer/Platforms/MacOSX.platform/Developer/SDKs/MacOSX26.1.sdk/usr/include/netinet6.modulemap
/Applications/Xcode.app/Contents/Developer/Platforms/MacOSX.platform/Developer/SDKs/MacOSX26.1.sdk/usr/include/Darwin_sys.modulemap
/Applications/Xcode.app/Contents/Developer/Platforms/MacOSX.platform/Developer/SDKs/MacOSX26.1.sdk/usr/include/uuid.modulemap
/Applications/Xcode.app/Contents/Developer/Platforms/MacOSX.platform/Developer/SDKs/MacOSX26.1.sdk/usr/include/DarwinFoundation1.modulemap
/Applications/Xcode.app/Contents/Developer/Platforms/MacOSX.platform/Developer/SDKs/MacOSX26.1.sdk/usr/include/os/object.h
/Applications/Xcode.app/Contents/Developer/Platforms/MacOSX.platform/Developer/SDKs/MacOSX26.1.sdk/SDKSettings.json
/Applications/Xcode.app/Contents/Developer/Platforms/MacOSX.platform/Developer/SDKs/MacOSX26.1.sdk/usr/include/os.modulemap
/Applications/Xcode.app/Contents/Developer/Platforms/MacOSX.platform/Developer/SDKs/MacOSX26.1.sdk/usr/include/Darwin.modulemap
/Applications/Xcode.app/Contents/Developer/Platforms/MacOSX.platform/Developer/SDKs/MacOSX26.1.sdk/usr/include/Darwin_C.modulemap
/Applications/Xcode.app/Contents/Developer/Platforms/MacOSX.platform/Developer/SDKs/MacOSX26.1.sdk/usr/include/Darwin_POSIX.modulemap
/Applications/Xcode.app/Contents/Developer/Platforms/MacOSX.platform/Developer/SDKs/MacOSX26.1.sdk/usr/include/net.modulemap
/Applications/Xcode.app/Contents/Developer/Platforms/MacOSX.platform/Developer/SDKs/MacOSX26.1.sdk/usr/include/netinet.modulemap
/Applications/Xcode.app/Contents/Developer/Platforms/MacOSX.platform/Developer/SDKs/MacOSX26.1.sdk/usr/include/bank.modulemap
/Applications/Xcode.app/Contents/Developer/Platforms/MacOSX.platform/Developer/SDKs/MacOSX26.1.sdk/usr/include/Darwin_Mach.modulemap
/Applications/Xcode.app/Contents/Developer/Platforms/MacOSX.platform/Developer/SDKs/MacOSX26.1.sdk/usr/include/Darwin_Mach_machine.modulemap
/Applications/Xcode.app/Contents/Developer/Platforms/MacOSX.platform/Developer/SDKs/MacOSX26.1.sdk/usr/include/mach_debug.modulemap
/Applications/Xcode.app/Contents/Developer/Platforms/MacOSX.platform/Developer/SDKs/MacOSX26.1.sdk/usr/include/device.modulemap
/Applications/Xcode.app/Contents/Developer/Platforms/MacOSX.platform/Developer/SDKs/MacOSX26.1.sdk/usr/include/Darwin_machine.modulemap
/Applications/Xcode.app/Contents/Developer/Platforms/MacOSX.platform/Developer/SDKs/MacOSX26.1.sdk/usr/include/ncurses.modulemap
/Applications/Xcode.app/Contents/Developer/Platforms/MacOSX.platform/Developer/SDKs/MacOSX26.1.sdk/usr/include/netinet6.modulemap
/Applications/Xcode.app/Contents/Developer/Platforms/MacOSX.platform/Developer/SDKs/MacOSX26.1.sdk/usr/include/Darwin_sys.modulemap
/Applications/Xcode.app/Contents/Developer/Platforms/MacOSX.platform/Developer/SDKs/MacOSX26.1.sdk/usr/include/uuid.modulemap
/Applications/Xcode.app/Contents/Developer/Platforms/MacOSX.platform/Developer/SDKs/MacOSX26.1.sdk/usr/include/DarwinFoundation2.modulemap
/Applications/Xcode.app/Contents/Developer/Platforms/MacOSX.platform/Developer/SDKs/MacOSX26.1.sdk/usr/include/DarwinFoundation3.modulemap
/Applications/Xcode.app/Contents/Developer/Platforms/MacOSX.platform/Developer/SDKs/MacOSX26.1.sdk/usr/include/DarwinFoundation1.modulemap
/Applications/Xcode.app/Contents/Developer/Platforms/MacOSX.platform/Developer/SDKs/MacOSX26.1.sdk/usr/include/os/workgroup.h
/Applications/Xcode.app/Contents/Developer/Platforms/MacOSX.platform/Developer/SDKs/MacOSX26.1.sdk/usr/include/os/workgroup_base.h
/Applications/Xcode.app/Contents/Developer/Toolchains/XcodeDefault.xctoolchain/usr/lib/swift/clang/include/module.modulemap
/Applications/Xcode.app/Contents/Developer/Toolchains/XcodeDefault.xctoolchain/usr/lib/swift/clang/include/stddef.h
/Applications/Xcode.app/Contents/Developer/Platforms/MacOSX.platform/Developer/SDKs/MacOSX26.1.sdk/usr/include/string.h
/Applications/Xcode.app/Contents/Developer/Platforms/MacOSX.platform/Developer/SDKs/MacOSX26.1.sdk/usr/include/stdlib.h
/Applications/Xcode.app/Contents/Developer/Platforms/MacOSX.platform/Developer/SDKs/MacOSX26.1.sdk/usr/include/os/workgroup_object.h
/Applications/Xcode.app/Contents/Developer/Platforms/MacOSX.platform/Developer/SDKs/MacOSX26.1.sdk/usr/include/os/workgroup_interval.h
/Applications/Xcode.app/Contents/Developer/Platforms/MacOSX.platform/Developer/SDKs/MacOSX26.1.sdk/usr/include/os/workgroup_parallel.h
/Applications/Xcode.app/Contents/Developer/Platforms/MacOSX.platform/Developer/SDKs/MacOSX26.1.sdk/SDKSettings.json
/Applications/Xcode.app/Contents/Developer/Toolchains/XcodeDefault.xctoolchain/usr/lib/swift/clang/include/module.modulemap
/Applications/Xcode.app/Contents/Developer/Toolchains/XcodeDefault.xctoolchain/usr/lib/swift/clang/include/ptrauth.h
/Applications/Xcode.app/Contents/Developer/Platforms/MacOSX.platform/Developer/SDKs/MacOSX26.1.sdk/SDKSettings.json
/Applications/Xcode.app/Contents/Developer/Toolchains/XcodeDefault.xctoolchain/usr/lib/swift/clang/include/module.modulemap
/Applications/Xcode.app/Contents/Developer/Toolchains/XcodeDefault.xctoolchain/usr/lib/swift/clang/include/ptrcheck.h
/Applications/Xcode.app/Contents/Developer/Platforms/MacOSX.platform/Developer/SDKs/MacOSX26.1.sdk/SDKSettings.json
/Applications/Xcode.app/Contents/Developer/Platforms/MacOSX.platform/Developer/SDKs/MacOSX26.1.sdk/usr/include/DarwinFoundation2.modulemap
/Applications/Xcode.app/Contents/Developer/Platforms/MacOSX.platform/Developer/SDKs/MacOSX26.1.sdk/usr/include/_modules/_sys_types.h
/Applications/Xcode.app/Contents/Developer/Platforms/MacOSX.platform/Developer/SDKs/MacOSX26.1.sdk/SDKSettings.json

SwiftCompile normal arm64 Compiling\ DOM.Switch.swift,\ DOM.Text.swift,\ DOM.Use.swift /Users/rogerlin/Library/Developer/Xcode/DerivedData/FinancialCalculatorKit-ackorybalcxbfocbkqsfdzcfkgmn/SourcePackages/checkouts/SwiftDraw/DOM/Sources/DOM.Switch.swift /Users/rogerlin/Library/Developer/Xcode/DerivedData/FinancialCalculatorKit-ackorybalcxbfocbkqsfdzcfkgmn/SourcePackages/checkouts/SwiftDraw/DOM/Sources/DOM.Text.swift /Users/rogerlin/Library/Developer/Xcode/DerivedData/FinancialCalculatorKit-ackorybalcxbfocbkqsfdzcfkgmn/SourcePackages/checkouts/SwiftDraw/DOM/Sources/DOM.Use.swift (in target 'SwiftDrawDOM' from project 'SwiftDraw')
/Applications/Xcode.app/Contents/Developer/Toolchains/XcodeDefault.xctoolchain/usr/bin/swift-frontend -frontend -c /Users/rogerlin/Library/Developer/Xcode/DerivedData/FinancialCalculatorKit-ackorybalcxbfocbkqsfdzcfkgmn/SourcePackages/checkouts/SwiftDraw/DOM/Sources/DOM+Extensions.swift /Users/rogerlin/Library/Developer/Xcode/DerivedData/FinancialCalculatorKit-ackorybalcxbfocbkqsfdzcfkgmn/SourcePackages/checkouts/SwiftDraw/DOM/Sources/DOM.Color.swift /Users/rogerlin/Library/Developer/Xcode/DerivedData/FinancialCalculatorKit-ackorybalcxbfocbkqsfdzcfkgmn/SourcePackages/checkouts/SwiftDraw/DOM/Sources/DOM.Element.swift /Users/rogerlin/Library/Developer/Xcode/DerivedData/FinancialCalculatorKit-ackorybalcxbfocbkqsfdzcfkgmn/SourcePackages/checkouts/SwiftDraw/DOM/Sources/DOM.Filter.swift /Users/rogerlin/Library/Developer/Xcode/DerivedData/FinancialCalculatorKit-ackorybalcxbfocbkqsfdzcfkgmn/SourcePackages/checkouts/SwiftDraw/DOM/Sources/DOM.Image.swift /Users/rogerlin/Library/Developer/Xcode/DerivedData/FinancialCalculatorKit-ackorybalcxbfocbkqsfdzcfkgmn/SourcePackages/checkouts/SwiftDraw/DOM/Sources/DOM.LinearGradient.swift /Users/rogerlin/Library/Developer/Xcode/DerivedData/FinancialCalculatorKit-ackorybalcxbfocbkqsfdzcfkgmn/SourcePackages/checkouts/SwiftDraw/DOM/Sources/DOM.Path.swift /Users/rogerlin/Library/Developer/Xcode/DerivedData/FinancialCalculatorKit-ackorybalcxbfocbkqsfdzcfkgmn/SourcePackages/checkouts/SwiftDraw/DOM/Sources/DOM.Pattern.swift /Users/rogerlin/Library/Developer/Xcode/DerivedData/FinancialCalculatorKit-ackorybalcxbfocbkqsfdzcfkgmn/SourcePackages/checkouts/SwiftDraw/DOM/Sources/DOM.PresentationAttributes.swift /Users/rogerlin/Library/Developer/Xcode/DerivedData/FinancialCalculatorKit-ackorybalcxbfocbkqsfdzcfkgmn/SourcePackages/checkouts/SwiftDraw/DOM/Sources/DOM.RadialGradient.swift /Users/rogerlin/Library/Developer/Xcode/DerivedData/FinancialCalculatorKit-ackorybalcxbfocbkqsfdzcfkgmn/SourcePackages/checkouts/SwiftDraw/DOM/Sources/DOM.SVG+Parse.swift /Users/rogerlin/Library/Developer/Xcode/DerivedData/FinancialCalculatorKit-ackorybalcxbfocbkqsfdzcfkgmn/SourcePackages/checkouts/SwiftDraw/DOM/Sources/DOM.SVG.swift -primary-file /Users/rogerlin/Library/Developer/Xcode/DerivedData/FinancialCalculatorKit-ackorybalcxbfocbkqsfdzcfkgmn/SourcePackages/checkouts/SwiftDraw/DOM/Sources/DOM.Switch.swift -primary-file /Users/rogerlin/Library/Developer/Xcode/DerivedData/FinancialCalculatorKit-ackorybalcxbfocbkqsfdzcfkgmn/SourcePackages/checkouts/SwiftDraw/DOM/Sources/DOM.Text.swift -primary-file /Users/rogerlin/Library/Developer/Xcode/DerivedData/FinancialCalculatorKit-ackorybalcxbfocbkqsfdzcfkgmn/SourcePackages/checkouts/SwiftDraw/DOM/Sources/DOM.Use.swift /Users/rogerlin/Library/Developer/Xcode/DerivedData/FinancialCalculatorKit-ackorybalcxbfocbkqsfdzcfkgmn/SourcePackages/checkouts/SwiftDraw/DOM/Sources/DOM.swift /Users/rogerlin/Library/Developer/Xcode/DerivedData/FinancialCalculatorKit-ackorybalcxbfocbkqsfdzcfkgmn/SourcePackages/checkouts/SwiftDraw/DOM/Sources/Parser.XML.Attributes.swift /Users/rogerlin/Library/Developer/Xcode/DerivedData/FinancialCalculatorKit-ackorybalcxbfocbkqsfdzcfkgmn/SourcePackages/checkouts/SwiftDraw/DOM/Sources/Parser.XML.Color.swift /Users/rogerlin/Library/Developer/Xcode/DerivedData/FinancialCalculatorKit-ackorybalcxbfocbkqsfdzcfkgmn/SourcePackages/checkouts/SwiftDraw/DOM/Sources/Parser.XML.Element.swift /Users/rogerlin/Library/Developer/Xcode/DerivedData/FinancialCalculatorKit-ackorybalcxbfocbkqsfdzcfkgmn/SourcePackages/checkouts/SwiftDraw/DOM/Sources/Parser.XML.Filter.swift /Users/rogerlin/Library/Developer/Xcode/DerivedData/FinancialCalculatorKit-ackorybalcxbfocbkqsfdzcfkgmn/SourcePackages/checkouts/SwiftDraw/DOM/Sources/Parser.XML.Image.swift /Users/rogerlin/Library/Developer/Xcode/DerivedData/FinancialCalculatorKit-ackorybalcxbfocbkqsfdzcfkgmn/SourcePackages/checkouts/SwiftDraw/DOM/Sources/Parser.XML.LinearGradient.swift /Users/rogerlin/Library/Developer/Xcode/DerivedData/FinancialCalculatorKit-ackorybalcxbfocbkqsfdzcfkgmn/SourcePackages/checkouts/SwiftDraw/DOM/Sources/Parser.XML.Path.swift /Users/rogerlin/Library/Developer/Xcode/DerivedData/FinancialCalculatorKit-ackorybalcxbfocbkqsfdzcfkgmn/SourcePackages/checkouts/SwiftDraw/DOM/Sources/Parser.XML.Pattern.swift /Users/rogerlin/Library/Developer/Xcode/DerivedData/FinancialCalculatorKit-ackorybalcxbfocbkqsfdzcfkgmn/SourcePackages/checkouts/SwiftDraw/DOM/Sources/Parser.XML.RadialGradient.swift /Users/rogerlin/Library/Developer/Xcode/DerivedData/FinancialCalculatorKit-ackorybalcxbfocbkqsfdzcfkgmn/SourcePackages/checkouts/SwiftDraw/DOM/Sources/Parser.XML.SVG.swift /Users/rogerlin/Library/Developer/Xcode/DerivedData/FinancialCalculatorKit-ackorybalcxbfocbkqsfdzcfkgmn/SourcePackages/checkouts/SwiftDraw/DOM/Sources/Parser.XML.Scanner.swift /Users/rogerlin/Library/Developer/Xcode/DerivedData/FinancialCalculatorKit-ackorybalcxbfocbkqsfdzcfkgmn/SourcePackages/checkouts/SwiftDraw/DOM/Sources/Parser.XML.StyleSheet.swift /Users/rogerlin/Library/Developer/Xcode/DerivedData/FinancialCalculatorKit-ackorybalcxbfocbkqsfdzcfkgmn/SourcePackages/checkouts/SwiftDraw/DOM/Sources/Parser.XML.Text.swift /Users/rogerlin/Library/Developer/Xcode/DerivedData/FinancialCalculatorKit-ackorybalcxbfocbkqsfdzcfkgmn/SourcePackages/checkouts/SwiftDraw/DOM/Sources/Parser.XML.Transform.swift /Users/rogerlin/Library/Developer/Xcode/DerivedData/FinancialCalculatorKit-ackorybalcxbfocbkqsfdzcfkgmn/SourcePackages/checkouts/SwiftDraw/DOM/Sources/Parser.XML.Use.swift /Users/rogerlin/Library/Developer/Xcode/DerivedData/FinancialCalculatorKit-ackorybalcxbfocbkqsfdzcfkgmn/SourcePackages/checkouts/SwiftDraw/DOM/Sources/Parser.XML.swift /Users/rogerlin/Library/Developer/Xcode/DerivedData/FinancialCalculatorKit-ackorybalcxbfocbkqsfdzcfkgmn/SourcePackages/checkouts/SwiftDraw/DOM/Sources/TextOutputStream+StandardError.swift /Users/rogerlin/Library/Developer/Xcode/DerivedData/FinancialCalculatorKit-ackorybalcxbfocbkqsfdzcfkgmn/SourcePackages/checkouts/SwiftDraw/DOM/Sources/URL+Data.swift /Users/rogerlin/Library/Developer/Xcode/DerivedData/FinancialCalculatorKit-ackorybalcxbfocbkqsfdzcfkgmn/SourcePackages/checkouts/SwiftDraw/DOM/Sources/URL+Fragment.swift /Users/rogerlin/Library/Developer/Xcode/DerivedData/FinancialCalculatorKit-ackorybalcxbfocbkqsfdzcfkgmn/SourcePackages/checkouts/SwiftDraw/DOM/Sources/XML.Element.swift /Users/rogerlin/Library/Developer/Xcode/DerivedData/FinancialCalculatorKit-ackorybalcxbfocbkqsfdzcfkgmn/SourcePackages/checkouts/SwiftDraw/DOM/Sources/XML.SAXParser.swift -supplementary-output-file-map /Users/rogerlin/Library/Developer/Xcode/DerivedData/FinancialCalculatorKit-ackorybalcxbfocbkqsfdzcfkgmn/Build/Intermediates.noindex/SwiftDraw.build/Debug/SwiftDrawDOM.build/Objects-normal/arm64/supplementaryOutputs-5 -target arm64-apple-macos10.15 -module-can-import-version Darwin 347.40.2 0 -load-resolved-plugin /Applications/Xcode.app/Contents/Developer/Platforms/MacOSX.platform/Developer/usr/lib/swift/host/plugins/libFoundationMacros.dylib\#/Applications/Xcode.app/Contents/Developer/Platforms/MacOSX.platform/Developer/usr/bin/swift-plugin-server\#FoundationMacros -load-resolved-plugin /Applications/Xcode.app/Contents/Developer/Platforms/MacOSX.platform/Developer/usr/lib/swift/host/plugins/libObservationMacros.dylib\#/Applications/Xcode.app/Contents/Developer/Platforms/MacOSX.platform/Developer/usr/bin/swift-plugin-server\#ObservationMacros -load-resolved-plugin /Applications/Xcode.app/Contents/Developer/Platforms/MacOSX.platform/Developer/usr/lib/swift/host/plugins/libSwiftMacros.dylib\#/Applications/Xcode.app/Contents/Developer/Platforms/MacOSX.platform/Developer/usr/bin/swift-plugin-server\#SwiftMacros -disable-implicit-swift-modules -Xcc -fno-implicit-modules -Xcc -fno-implicit-module-maps -explicit-swift-module-map-file /Users/rogerlin/Library/Developer/Xcode/DerivedData/FinancialCalculatorKit-ackorybalcxbfocbkqsfdzcfkgmn/Build/Intermediates.noindex/SwiftDraw.build/Debug/SwiftDrawDOM.build/Objects-normal/arm64/SwiftDrawDOM-dependencies-1.json -Xllvm -aarch64-use-tbi -enable-objc-interop -stack-check -sdk /Applications/Xcode.app/Contents/Developer/Platforms/MacOSX.platform/Developer/SDKs/MacOSX26.1.sdk -I /Users/rogerlin/Library/Developer/Xcode/DerivedData/FinancialCalculatorKit-ackorybalcxbfocbkqsfdzcfkgmn/Build/Products/Debug -Isystem /Applications/Xcode.app/Contents/Developer/Platforms/MacOSX.platform/Developer/usr/lib -F /Users/rogerlin/Library/Developer/Xcode/DerivedData/FinancialCalculatorKit-ackorybalcxbfocbkqsfdzcfkgmn/Build/Products/Debug -F /Applications/Xcode.app/Contents/Developer/Platforms/MacOSX.platform/Developer/Library/Frameworks -no-color-diagnostics -Xcc -fno-color-diagnostics -enable-testing -g -debug-info-format\=dwarf -dwarf-version\=4 -module-cache-path /Users/rogerlin/Library/Developer/Xcode/DerivedData/FinancialCalculatorKit-ackorybalcxbfocbkqsfdzcfkgmn/Build/Intermediates.noindex/SwiftExplicitPrecompiledModules -suppress-warnings -profile-generate -profile-coverage-mapping -swift-version 6 -enforce-exclusivity\=checked -Onone -D SWIFT_PACKAGE -D DEBUG -D SWIFT_MODULE_RESOURCE_BUNDLE_UNAVAILABLE -D Xcode -serialize-debugging-options -const-gather-protocols-file /Users/rogerlin/Library/Developer/Xcode/DerivedData/FinancialCalculatorKit-ackorybalcxbfocbkqsfdzcfkgmn/Build/Intermediates.noindex/SwiftDraw.build/Debug/SwiftDrawDOM.build/Objects-normal/arm64/SwiftDrawDOM_const_extract_protocols.json -enable-experimental-feature DebugDescriptionMacro -empty-abi-descriptor -user-module-version 0.22.0 -validate-clang-modules-once -clang-build-session-file /Users/rogerlin/Library/Developer/Xcode/DerivedData/ModuleCache.noindex/Session.modulevalidation -Xcc -working-directory -Xcc /Users/rogerlin/XCode-Projects/FinancialCalculatorKit-5.0-updated-accent-colors/FinancialCalculatorKit.xcodeproj -enable-anonymous-context-mangled-names -file-compilation-dir /Users/rogerlin/XCode-Projects/FinancialCalculatorKit-5.0-updated-accent-colors/FinancialCalculatorKit.xcodeproj -Xcc -D_LIBCPP_HARDENING_MODE\=_LIBCPP_HARDENING_MODE_DEBUG -Xcc -ivfsstatcache -Xcc /Users/rogerlin/Library/Developer/Xcode/DerivedData/SDKStatCaches.noindex/macosx26.1-25B74-3ae1261907bdadc328169391a47051a6.sdkstatcache -Xcc -I/Users/rogerlin/Library/Developer/Xcode/DerivedData/FinancialCalculatorKit-ackorybalcxbfocbkqsfdzcfkgmn/Build/Intermediates.noindex/SwiftDraw.build/Debug/SwiftDrawDOM.build/swift-overrides.hmap -Xcc -I/Users/rogerlin/Library/Developer/Xcode/DerivedData/FinancialCalculatorKit-ackorybalcxbfocbkqsfdzcfkgmn/Build/Products/Debug/include -Xcc -I/Users/rogerlin/Library/Developer/Xcode/DerivedData/FinancialCalculatorKit-ackorybalcxbfocbkqsfdzcfkgmn/Build/Intermediates.noindex/SwiftDraw.build/Debug/SwiftDrawDOM.build/DerivedSources-normal/arm64 -Xcc -I/Users/rogerlin/Library/Developer/Xcode/DerivedData/FinancialCalculatorKit-ackorybalcxbfocbkqsfdzcfkgmn/Build/Intermediates.noindex/SwiftDraw.build/Debug/SwiftDrawDOM.build/DerivedSources/arm64 -Xcc -I/Users/rogerlin/Library/Developer/Xcode/DerivedData/FinancialCalculatorKit-ackorybalcxbfocbkqsfdzcfkgmn/Build/Intermediates.noindex/SwiftDraw.build/Debug/SwiftDrawDOM.build/DerivedSources -Xcc -DSWIFT_PACKAGE -Xcc -DDEBUG\=1 -no-auto-bridging-header-chaining -module-name SwiftDrawDOM -package-name swiftdraw -frontend-parseable-output -disable-clang-spi -target-sdk-version 26.1 -target-sdk-name macosx26.1 -clang-target arm64-apple-macos26.1 -in-process-plugin-server-path /Applications/Xcode.app/Contents/Developer/Toolchains/XcodeDefault.xctoolchain/usr/lib/swift/host/libSwiftInProcPluginServer.dylib -o /Users/rogerlin/Library/Developer/Xcode/DerivedData/FinancialCalculatorKit-ackorybalcxbfocbkqsfdzcfkgmn/Build/Intermediates.noindex/SwiftDraw.build/Debug/SwiftDrawDOM.build/Objects-normal/arm64/DOM.Switch.o -o /Users/rogerlin/Library/Developer/Xcode/DerivedData/FinancialCalculatorKit-ackorybalcxbfocbkqsfdzcfkgmn/Build/Intermediates.noindex/SwiftDraw.build/Debug/SwiftDrawDOM.build/Objects-normal/arm64/DOM.Text.o -o /Users/rogerlin/Library/Developer/Xcode/DerivedData/FinancialCalculatorKit-ackorybalcxbfocbkqsfdzcfkgmn/Build/Intermediates.noindex/SwiftDraw.build/Debug/SwiftDrawDOM.build/Objects-normal/arm64/DOM.Use.o -index-unit-output-path /SwiftDraw.build/Debug/SwiftDrawDOM.build/Objects-normal/arm64/DOM.Switch.o -index-unit-output-path /SwiftDraw.build/Debug/SwiftDrawDOM.build/Objects-normal/arm64/DOM.Text.o -index-unit-output-path /SwiftDraw.build/Debug/SwiftDrawDOM.build/Objects-normal/arm64/DOM.Use.o -index-store-path /Users/rogerlin/Library/Developer/Xcode/DerivedData/FinancialCalculatorKit-ackorybalcxbfocbkqsfdzcfkgmn/Index.noindex/DataStore -index-system-modules

SwiftCompile normal arm64 /Users/rogerlin/Library/Developer/Xcode/DerivedData/FinancialCalculatorKit-ackorybalcxbfocbkqsfdzcfkgmn/SourcePackages/checkouts/SwiftDraw/DOM/Sources/DOM.Switch.swift (in target 'SwiftDrawDOM' from project 'SwiftDraw')
    cd /Users/rogerlin/XCode-Projects/FinancialCalculatorKit-5.0-updated-accent-colors/FinancialCalculatorKit.xcodeproj
    

SwiftCompile normal arm64 /Users/rogerlin/Library/Developer/Xcode/DerivedData/FinancialCalculatorKit-ackorybalcxbfocbkqsfdzcfkgmn/SourcePackages/checkouts/SwiftDraw/DOM/Sources/DOM.Text.swift (in target 'SwiftDrawDOM' from project 'SwiftDraw')
    cd /Users/rogerlin/XCode-Projects/FinancialCalculatorKit-5.0-updated-accent-colors/FinancialCalculatorKit.xcodeproj
    

SwiftCompile normal arm64 /Users/rogerlin/Library/Developer/Xcode/DerivedData/FinancialCalculatorKit-ackorybalcxbfocbkqsfdzcfkgmn/SourcePackages/checkouts/SwiftDraw/DOM/Sources/DOM.Use.swift (in target 'SwiftDrawDOM' from project 'SwiftDraw')
    cd /Users/rogerlin/XCode-Projects/FinancialCalculatorKit-5.0-updated-accent-colors/FinancialCalculatorKit.xcodeproj
    

SwiftMergeGeneratedHeaders /Users/rogerlin/Library/Developer/Xcode/DerivedData/FinancialCalculatorKit-ackorybalcxbfocbkqsfdzcfkgmn/Build/Intermediates.noindex/GeneratedModuleMaps/BigInt-Swift.h /Users/rogerlin/Library/Developer/Xcode/DerivedData/FinancialCalculatorKit-ackorybalcxbfocbkqsfdzcfkgmn/Build/Intermediates.noindex/BigInt.build/Debug/BigInt.build/Objects-normal/arm64/BigInt-Swift.h (in target 'BigInt' from project 'BigInt')
    cd /Users/rogerlin/Library/Developer/Xcode/DerivedData/FinancialCalculatorKit-ackorybalcxbfocbkqsfdzcfkgmn/SourcePackages/checkouts/BigInt
    builtin-swiftHeaderTool -arch arm64 /Users/rogerlin/Library/Developer/Xcode/DerivedData/FinancialCalculatorKit-ackorybalcxbfocbkqsfdzcfkgmn/Build/Intermediates.noindex/BigInt.build/Debug/BigInt.build/Objects-normal/arm64/BigInt-Swift.h -o /Users/rogerlin/Library/Developer/Xcode/DerivedData/FinancialCalculatorKit-ackorybalcxbfocbkqsfdzcfkgmn/Build/Intermediates.noindex/GeneratedModuleMaps/BigInt-Swift.h

    Task input dependencies:
        /Users/rogerlin/Library/Developer/Xcode/DerivedData/FinancialCalculatorKit-ackorybalcxbfocbkqsfdzcfkgmn/Build/Intermediates.noindex/BigInt.build/Debug/BigInt.build/Objects-normal/arm64/BigInt-Swift.h

    Task output dependencies:
        /Users/rogerlin/Library/Developer/Xcode/DerivedData/FinancialCalculatorKit-ackorybalcxbfocbkqsfdzcfkgmn/Build/Intermediates.noindex/GeneratedModuleMaps/BigInt-Swift.h

SwiftDriverJobDiscovery normal arm64 Compiling ElementaryFunctions.swift (in target 'ComplexModule' from project 'swift-numerics')

Copy /Users/rogerlin/Library/Developer/Xcode/DerivedData/FinancialCalculatorKit-ackorybalcxbfocbkqsfdzcfkgmn/Build/Products/Debug/BigInt.swiftmodule/arm64-apple-macos.swiftmodule /Users/rogerlin/Library/Developer/Xcode/DerivedData/FinancialCalculatorKit-ackorybalcxbfocbkqsfdzcfkgmn/Build/Intermediates.noindex/BigInt.build/Debug/BigInt.build/Objects-normal/arm64/BigInt.swiftmodule (in target 'BigInt' from project 'BigInt')
    cd /Users/rogerlin/Library/Developer/Xcode/DerivedData/FinancialCalculatorKit-ackorybalcxbfocbkqsfdzcfkgmn/SourcePackages/checkouts/BigInt
    builtin-copy -exclude .DS_Store -exclude CVS -exclude .svn -exclude .git -exclude .hg -resolve-src-symlinks -rename /Users/rogerlin/Library/Developer/Xcode/DerivedData/FinancialCalculatorKit-ackorybalcxbfocbkqsfdzcfkgmn/Build/Intermediates.noindex/BigInt.build/Debug/BigInt.build/Objects-normal/arm64/BigInt.swiftmodule /Users/rogerlin/Library/Developer/Xcode/DerivedData/FinancialCalculatorKit-ackorybalcxbfocbkqsfdzcfkgmn/Build/Products/Debug/BigInt.swiftmodule/arm64-apple-macos.swiftmodule

    Task input dependencies:
        /Users/rogerlin/Library/Developer/Xcode/DerivedData/FinancialCalculatorKit-ackorybalcxbfocbkqsfdzcfkgmn/Build/Intermediates.noindex/BigInt.build/Debug/BigInt.build/Objects-normal/arm64/BigInt.swiftmodule/

    Task output dependencies:
        /Users/rogerlin/Library/Developer/Xcode/DerivedData/FinancialCalculatorKit-ackorybalcxbfocbkqsfdzcfkgmn/Build/Products/Debug/BigInt.swiftmodule/arm64-apple-macos.swiftmodule

Copy /Users/rogerlin/Library/Developer/Xcode/DerivedData/FinancialCalculatorKit-ackorybalcxbfocbkqsfdzcfkgmn/Build/Products/Debug/BigInt.swiftmodule/arm64-apple-macos.swiftdoc /Users/rogerlin/Library/Developer/Xcode/DerivedData/FinancialCalculatorKit-ackorybalcxbfocbkqsfdzcfkgmn/Build/Intermediates.noindex/BigInt.build/Debug/BigInt.build/Objects-normal/arm64/BigInt.swiftdoc (in target 'BigInt' from project 'BigInt')
    cd /Users/rogerlin/Library/Developer/Xcode/DerivedData/FinancialCalculatorKit-ackorybalcxbfocbkqsfdzcfkgmn/SourcePackages/checkouts/BigInt
    builtin-copy -exclude .DS_Store -exclude CVS -exclude .svn -exclude .git -exclude .hg -resolve-src-symlinks -rename /Users/rogerlin/Library/Developer/Xcode/DerivedData/FinancialCalculatorKit-ackorybalcxbfocbkqsfdzcfkgmn/Build/Intermediates.noindex/BigInt.build/Debug/BigInt.build/Objects-normal/arm64/BigInt.swiftdoc /Users/rogerlin/Library/Developer/Xcode/DerivedData/FinancialCalculatorKit-ackorybalcxbfocbkqsfdzcfkgmn/Build/Products/Debug/BigInt.swiftmodule/arm64-apple-macos.swiftdoc

    Task input dependencies:
        /Users/rogerlin/Library/Developer/Xcode/DerivedData/FinancialCalculatorKit-ackorybalcxbfocbkqsfdzcfkgmn/Build/Intermediates.noindex/BigInt.build/Debug/BigInt.build/Objects-normal/arm64/BigInt.swiftdoc/

    Task output dependencies:
        /Users/rogerlin/Library/Developer/Xcode/DerivedData/FinancialCalculatorKit-ackorybalcxbfocbkqsfdzcfkgmn/Build/Products/Debug/BigInt.swiftmodule/arm64-apple-macos.swiftdoc

SwiftDriverJobDiscovery normal arm64 Compiling Parser.XML.Transform.swift, Parser.XML.Use.swift (in target 'SwiftDrawDOM' from project 'SwiftDraw')

Copy /Users/rogerlin/Library/Developer/Xcode/DerivedData/FinancialCalculatorKit-ackorybalcxbfocbkqsfdzcfkgmn/Build/Products/Debug/BigInt.swiftmodule/arm64-apple-macos.abi.json /Users/rogerlin/Library/Developer/Xcode/DerivedData/FinancialCalculatorKit-ackorybalcxbfocbkqsfdzcfkgmn/Build/Intermediates.noindex/BigInt.build/Debug/BigInt.build/Objects-normal/arm64/BigInt.abi.json (in target 'BigInt' from project 'BigInt')
    cd /Users/rogerlin/Library/Developer/Xcode/DerivedData/FinancialCalculatorKit-ackorybalcxbfocbkqsfdzcfkgmn/SourcePackages/checkouts/BigInt
    builtin-copy -exclude .DS_Store -exclude CVS -exclude .svn -exclude .git -exclude .hg -resolve-src-symlinks -rename /Users/rogerlin/Library/Developer/Xcode/DerivedData/FinancialCalculatorKit-ackorybalcxbfocbkqsfdzcfkgmn/Build/Intermediates.noindex/BigInt.build/Debug/BigInt.build/Objects-normal/arm64/BigInt.abi.json /Users/rogerlin/Library/Developer/Xcode/DerivedData/FinancialCalculatorKit-ackorybalcxbfocbkqsfdzcfkgmn/Build/Products/Debug/BigInt.swiftmodule/arm64-apple-macos.abi.json

    Task input dependencies:
        /Users/rogerlin/Library/Developer/Xcode/DerivedData/FinancialCalculatorKit-ackorybalcxbfocbkqsfdzcfkgmn/Build/Intermediates.noindex/BigInt.build/Debug/BigInt.build/Objects-normal/arm64/BigInt.abi.json/

    Task output dependencies:
        /Users/rogerlin/Library/Developer/Xcode/DerivedData/FinancialCalculatorKit-ackorybalcxbfocbkqsfdzcfkgmn/Build/Products/Debug/BigInt.swiftmodule/arm64-apple-macos.abi.json

Copy /Users/rogerlin/Library/Developer/Xcode/DerivedData/FinancialCalculatorKit-ackorybalcxbfocbkqsfdzcfkgmn/Build/Products/Debug/BigInt.swiftmodule/Project/arm64-apple-macos.swiftsourceinfo /Users/rogerlin/Library/Developer/Xcode/DerivedData/FinancialCalculatorKit-ackorybalcxbfocbkqsfdzcfkgmn/Build/Intermediates.noindex/BigInt.build/Debug/BigInt.build/Objects-normal/arm64/BigInt.swiftsourceinfo (in target 'BigInt' from project 'BigInt')
    cd /Users/rogerlin/Library/Developer/Xcode/DerivedData/FinancialCalculatorKit-ackorybalcxbfocbkqsfdzcfkgmn/SourcePackages/checkouts/BigInt
    builtin-copy -exclude .DS_Store -exclude CVS -exclude .svn -exclude .git -exclude .hg -resolve-src-symlinks -rename /Users/rogerlin/Library/Developer/Xcode/DerivedData/FinancialCalculatorKit-ackorybalcxbfocbkqsfdzcfkgmn/Build/Intermediates.noindex/BigInt.build/Debug/BigInt.build/Objects-normal/arm64/BigInt.swiftsourceinfo /Users/rogerlin/Library/Developer/Xcode/DerivedData/FinancialCalculatorKit-ackorybalcxbfocbkqsfdzcfkgmn/Build/Products/Debug/BigInt.swiftmodule/Project/arm64-apple-macos.swiftsourceinfo

    Task input dependencies:
        /Users/rogerlin/Library/Developer/Xcode/DerivedData/FinancialCalculatorKit-ackorybalcxbfocbkqsfdzcfkgmn/Build/Intermediates.noindex/BigInt.build/Debug/BigInt.build/Objects-normal/arm64/BigInt.swiftsourceinfo/

    Task output dependencies:
        /Users/rogerlin/Library/Developer/Xcode/DerivedData/FinancialCalculatorKit-ackorybalcxbfocbkqsfdzcfkgmn/Build/Products/Debug/BigInt.swiftmodule/Project/arm64-apple-macos.swiftsourceinfo

SwiftCompile normal arm64 Compiling\ DOM+Extensions.swift,\ DOM.Color.swift,\ DOM.Element.swift /Users/rogerlin/Library/Developer/Xcode/DerivedData/FinancialCalculatorKit-ackorybalcxbfocbkqsfdzcfkgmn/SourcePackages/checkouts/SwiftDraw/DOM/Sources/DOM+Extensions.swift /Users/rogerlin/Library/Developer/Xcode/DerivedData/FinancialCalculatorKit-ackorybalcxbfocbkqsfdzcfkgmn/SourcePackages/checkouts/SwiftDraw/DOM/Sources/DOM.Color.swift /Users/rogerlin/Library/Developer/Xcode/DerivedData/FinancialCalculatorKit-ackorybalcxbfocbkqsfdzcfkgmn/SourcePackages/checkouts/SwiftDraw/DOM/Sources/DOM.Element.swift (in target 'SwiftDrawDOM' from project 'SwiftDraw')
/Applications/Xcode.app/Contents/Developer/Toolchains/XcodeDefault.xctoolchain/usr/bin/swift-frontend -frontend -c -primary-file /Users/rogerlin/Library/Developer/Xcode/DerivedData/FinancialCalculatorKit-ackorybalcxbfocbkqsfdzcfkgmn/SourcePackages/checkouts/SwiftDraw/DOM/Sources/DOM+Extensions.swift -primary-file /Users/rogerlin/Library/Developer/Xcode/DerivedData/FinancialCalculatorKit-ackorybalcxbfocbkqsfdzcfkgmn/SourcePackages/checkouts/SwiftDraw/DOM/Sources/DOM.Color.swift -primary-file /Users/rogerlin/Library/Developer/Xcode/DerivedData/FinancialCalculatorKit-ackorybalcxbfocbkqsfdzcfkgmn/SourcePackages/checkouts/SwiftDraw/DOM/Sources/DOM.Element.swift /Users/rogerlin/Library/Developer/Xcode/DerivedData/FinancialCalculatorKit-ackorybalcxbfocbkqsfdzcfkgmn/SourcePackages/checkouts/SwiftDraw/DOM/Sources/DOM.Filter.swift /Users/rogerlin/Library/Developer/Xcode/DerivedData/FinancialCalculatorKit-ackorybalcxbfocbkqsfdzcfkgmn/SourcePackages/checkouts/SwiftDraw/DOM/Sources/DOM.Image.swift /Users/rogerlin/Library/Developer/Xcode/DerivedData/FinancialCalculatorKit-ackorybalcxbfocbkqsfdzcfkgmn/SourcePackages/checkouts/SwiftDraw/DOM/Sources/DOM.LinearGradient.swift /Users/rogerlin/Library/Developer/Xcode/DerivedData/FinancialCalculatorKit-ackorybalcxbfocbkqsfdzcfkgmn/SourcePackages/checkouts/SwiftDraw/DOM/Sources/DOM.Path.swift /Users/rogerlin/Library/Developer/Xcode/DerivedData/FinancialCalculatorKit-ackorybalcxbfocbkqsfdzcfkgmn/SourcePackages/checkouts/SwiftDraw/DOM/Sources/DOM.Pattern.swift /Users/rogerlin/Library/Developer/Xcode/DerivedData/FinancialCalculatorKit-ackorybalcxbfocbkqsfdzcfkgmn/SourcePackages/checkouts/SwiftDraw/DOM/Sources/DOM.PresentationAttributes.swift /Users/rogerlin/Library/Developer/Xcode/DerivedData/FinancialCalculatorKit-ackorybalcxbfocbkqsfdzcfkgmn/SourcePackages/checkouts/SwiftDraw/DOM/Sources/DOM.RadialGradient.swift /Users/rogerlin/Library/Developer/Xcode/DerivedData/FinancialCalculatorKit-ackorybalcxbfocbkqsfdzcfkgmn/SourcePackages/checkouts/SwiftDraw/DOM/Sources/DOM.SVG+Parse.swift /Users/rogerlin/Library/Developer/Xcode/DerivedData/FinancialCalculatorKit-ackorybalcxbfocbkqsfdzcfkgmn/SourcePackages/checkouts/SwiftDraw/DOM/Sources/DOM.SVG.swift /Users/rogerlin/Library/Developer/Xcode/DerivedData/FinancialCalculatorKit-ackorybalcxbfocbkqsfdzcfkgmn/SourcePackages/checkouts/SwiftDraw/DOM/Sources/DOM.Switch.swift /Users/rogerlin/Library/Developer/Xcode/DerivedData/FinancialCalculatorKit-ackorybalcxbfocbkqsfdzcfkgmn/SourcePackages/checkouts/SwiftDraw/DOM/Sources/DOM.Text.swift /Users/rogerlin/Library/Developer/Xcode/DerivedData/FinancialCalculatorKit-ackorybalcxbfocbkqsfdzcfkgmn/SourcePackages/checkouts/SwiftDraw/DOM/Sources/DOM.Use.swift /Users/rogerlin/Library/Developer/Xcode/DerivedData/FinancialCalculatorKit-ackorybalcxbfocbkqsfdzcfkgmn/SourcePackages/checkouts/SwiftDraw/DOM/Sources/DOM.swift /Users/rogerlin/Library/Developer/Xcode/DerivedData/FinancialCalculatorKit-ackorybalcxbfocbkqsfdzcfkgmn/SourcePackages/checkouts/SwiftDraw/DOM/Sources/Parser.XML.Attributes.swift /Users/rogerlin/Library/Developer/Xcode/DerivedData/FinancialCalculatorKit-ackorybalcxbfocbkqsfdzcfkgmn/SourcePackages/checkouts/SwiftDraw/DOM/Sources/Parser.XML.Color.swift /Users/rogerlin/Library/Developer/Xcode/DerivedData/FinancialCalculatorKit-ackorybalcxbfocbkqsfdzcfkgmn/SourcePackages/checkouts/SwiftDraw/DOM/Sources/Parser.XML.Element.swift /Users/rogerlin/Library/Developer/Xcode/DerivedData/FinancialCalculatorKit-ackorybalcxbfocbkqsfdzcfkgmn/SourcePackages/checkouts/SwiftDraw/DOM/Sources/Parser.XML.Filter.swift /Users/rogerlin/Library/Developer/Xcode/DerivedData/FinancialCalculatorKit-ackorybalcxbfocbkqsfdzcfkgmn/SourcePackages/checkouts/SwiftDraw/DOM/Sources/Parser.XML.Image.swift /Users/rogerlin/Library/Developer/Xcode/DerivedData/FinancialCalculatorKit-ackorybalcxbfocbkqsfdzcfkgmn/SourcePackages/checkouts/SwiftDraw/DOM/Sources/Parser.XML.LinearGradient.swift /Users/rogerlin/Library/Developer/Xcode/DerivedData/FinancialCalculatorKit-ackorybalcxbfocbkqsfdzcfkgmn/SourcePackages/checkouts/SwiftDraw/DOM/Sources/Parser.XML.Path.swift /Users/rogerlin/Library/Developer/Xcode/DerivedData/FinancialCalculatorKit-ackorybalcxbfocbkqsfdzcfkgmn/SourcePackages/checkouts/SwiftDraw/DOM/Sources/Parser.XML.Pattern.swift /Users/rogerlin/Library/Developer/Xcode/DerivedData/FinancialCalculatorKit-ackorybalcxbfocbkqsfdzcfkgmn/SourcePackages/checkouts/SwiftDraw/DOM/Sources/Parser.XML.RadialGradient.swift /Users/rogerlin/Library/Developer/Xcode/DerivedData/FinancialCalculatorKit-ackorybalcxbfocbkqsfdzcfkgmn/SourcePackages/checkouts/SwiftDraw/DOM/Sources/Parser.XML.SVG.swift /Users/rogerlin/Library/Developer/Xcode/DerivedData/FinancialCalculatorKit-ackorybalcxbfocbkqsfdzcfkgmn/SourcePackages/checkouts/SwiftDraw/DOM/Sources/Parser.XML.Scanner.swift /Users/rogerlin/Library/Developer/Xcode/DerivedData/FinancialCalculatorKit-ackorybalcxbfocbkqsfdzcfkgmn/SourcePackages/checkouts/SwiftDraw/DOM/Sources/Parser.XML.StyleSheet.swift /Users/rogerlin/Library/Developer/Xcode/DerivedData/FinancialCalculatorKit-ackorybalcxbfocbkqsfdzcfkgmn/SourcePackages/checkouts/SwiftDraw/DOM/Sources/Parser.XML.Text.swift /Users/rogerlin/Library/Developer/Xcode/DerivedData/FinancialCalculatorKit-ackorybalcxbfocbkqsfdzcfkgmn/SourcePackages/checkouts/SwiftDraw/DOM/Sources/Parser.XML.Transform.swift /Users/rogerlin/Library/Developer/Xcode/DerivedData/FinancialCalculatorKit-ackorybalcxbfocbkqsfdzcfkgmn/SourcePackages/checkouts/SwiftDraw/DOM/Sources/Parser.XML.Use.swift /Users/rogerlin/Library/Developer/Xcode/DerivedData/FinancialCalculatorKit-ackorybalcxbfocbkqsfdzcfkgmn/SourcePackages/checkouts/SwiftDraw/DOM/Sources/Parser.XML.swift /Users/rogerlin/Library/Developer/Xcode/DerivedData/FinancialCalculatorKit-ackorybalcxbfocbkqsfdzcfkgmn/SourcePackages/checkouts/SwiftDraw/DOM/Sources/TextOutputStream+StandardError.swift /Users/rogerlin/Library/Developer/Xcode/DerivedData/FinancialCalculatorKit-ackorybalcxbfocbkqsfdzcfkgmn/SourcePackages/checkouts/SwiftDraw/DOM/Sources/URL+Data.swift /Users/rogerlin/Library/Developer/Xcode/DerivedData/FinancialCalculatorKit-ackorybalcxbfocbkqsfdzcfkgmn/SourcePackages/checkouts/SwiftDraw/DOM/Sources/URL+Fragment.swift /Users/rogerlin/Library/Developer/Xcode/DerivedData/FinancialCalculatorKit-ackorybalcxbfocbkqsfdzcfkgmn/SourcePackages/checkouts/SwiftDraw/DOM/Sources/XML.Element.swift /Users/rogerlin/Library/Developer/Xcode/DerivedData/FinancialCalculatorKit-ackorybalcxbfocbkqsfdzcfkgmn/SourcePackages/checkouts/SwiftDraw/DOM/Sources/XML.SAXParser.swift -supplementary-output-file-map /Users/rogerlin/Library/Developer/Xcode/DerivedData/FinancialCalculatorKit-ackorybalcxbfocbkqsfdzcfkgmn/Build/Intermediates.noindex/SwiftDraw.build/Debug/SwiftDrawDOM.build/Objects-normal/arm64/supplementaryOutputs-1 -target arm64-apple-macos10.15 -module-can-import-version Darwin 347.40.2 0 -load-resolved-plugin /Applications/Xcode.app/Contents/Developer/Platforms/MacOSX.platform/Developer/usr/lib/swift/host/plugins/libFoundationMacros.dylib\#/Applications/Xcode.app/Contents/Developer/Platforms/MacOSX.platform/Developer/usr/bin/swift-plugin-server\#FoundationMacros -load-resolved-plugin /Applications/Xcode.app/Contents/Developer/Platforms/MacOSX.platform/Developer/usr/lib/swift/host/plugins/libObservationMacros.dylib\#/Applications/Xcode.app/Contents/Developer/Platforms/MacOSX.platform/Developer/usr/bin/swift-plugin-server\#ObservationMacros -load-resolved-plugin /Applications/Xcode.app/Contents/Developer/Platforms/MacOSX.platform/Developer/usr/lib/swift/host/plugins/libSwiftMacros.dylib\#/Applications/Xcode.app/Contents/Developer/Platforms/MacOSX.platform/Developer/usr/bin/swift-plugin-server\#SwiftMacros -disable-implicit-swift-modules -Xcc -fno-implicit-modules -Xcc -fno-implicit-module-maps -explicit-swift-module-map-file /Users/rogerlin/Library/Developer/Xcode/DerivedData/FinancialCalculatorKit-ackorybalcxbfocbkqsfdzcfkgmn/Build/Intermediates.noindex/SwiftDraw.build/Debug/SwiftDrawDOM.build/Objects-normal/arm64/SwiftDrawDOM-dependencies-1.json -Xllvm -aarch64-use-tbi -enable-objc-interop -stack-check -sdk /Applications/Xcode.app/Contents/Developer/Platforms/MacOSX.platform/Developer/SDKs/MacOSX26.1.sdk -I /Users/rogerlin/Library/Developer/Xcode/DerivedData/FinancialCalculatorKit-ackorybalcxbfocbkqsfdzcfkgmn/Build/Products/Debug -Isystem /Applications/Xcode.app/Contents/Developer/Platforms/MacOSX.platform/Developer/usr/lib -F /Users/rogerlin/Library/Developer/Xcode/DerivedData/FinancialCalculatorKit-ackorybalcxbfocbkqsfdzcfkgmn/Build/Products/Debug -F /Applications/Xcode.app/Contents/Developer/Platforms/MacOSX.platform/Developer/Library/Frameworks -no-color-diagnostics -Xcc -fno-color-diagnostics -enable-testing -g -debug-info-format\=dwarf -dwarf-version\=4 -module-cache-path /Users/rogerlin/Library/Developer/Xcode/DerivedData/FinancialCalculatorKit-ackorybalcxbfocbkqsfdzcfkgmn/Build/Intermediates.noindex/SwiftExplicitPrecompiledModules -suppress-warnings -profile-generate -profile-coverage-mapping -swift-version 6 -enforce-exclusivity\=checked -Onone -D SWIFT_PACKAGE -D DEBUG -D SWIFT_MODULE_RESOURCE_BUNDLE_UNAVAILABLE -D Xcode -serialize-debugging-options -const-gather-protocols-file /Users/rogerlin/Library/Developer/Xcode/DerivedData/FinancialCalculatorKit-ackorybalcxbfocbkqsfdzcfkgmn/Build/Intermediates.noindex/SwiftDraw.build/Debug/SwiftDrawDOM.build/Objects-normal/arm64/SwiftDrawDOM_const_extract_protocols.json -enable-experimental-feature DebugDescriptionMacro -empty-abi-descriptor -user-module-version 0.22.0 -validate-clang-modules-once -clang-build-session-file /Users/rogerlin/Library/Developer/Xcode/DerivedData/ModuleCache.noindex/Session.modulevalidation -Xcc -working-directory -Xcc /Users/rogerlin/XCode-Projects/FinancialCalculatorKit-5.0-updated-accent-colors/FinancialCalculatorKit.xcodeproj -enable-anonymous-context-mangled-names -file-compilation-dir /Users/rogerlin/XCode-Projects/FinancialCalculatorKit-5.0-updated-accent-colors/FinancialCalculatorKit.xcodeproj -Xcc -D_LIBCPP_HARDENING_MODE\=_LIBCPP_HARDENING_MODE_DEBUG -Xcc -ivfsstatcache -Xcc /Users/rogerlin/Library/Developer/Xcode/DerivedData/SDKStatCaches.noindex/macosx26.1-25B74-3ae1261907bdadc328169391a47051a6.sdkstatcache -Xcc -I/Users/rogerlin/Library/Developer/Xcode/DerivedData/FinancialCalculatorKit-ackorybalcxbfocbkqsfdzcfkgmn/Build/Intermediates.noindex/SwiftDraw.build/Debug/SwiftDrawDOM.build/swift-overrides.hmap -Xcc -I/Users/rogerlin/Library/Developer/Xcode/DerivedData/FinancialCalculatorKit-ackorybalcxbfocbkqsfdzcfkgmn/Build/Products/Debug/include -Xcc -I/Users/rogerlin/Library/Developer/Xcode/DerivedData/FinancialCalculatorKit-ackorybalcxbfocbkqsfdzcfkgmn/Build/Intermediates.noindex/SwiftDraw.build/Debug/SwiftDrawDOM.build/DerivedSources-normal/arm64 -Xcc -I/Users/rogerlin/Library/Developer/Xcode/DerivedData/FinancialCalculatorKit-ackorybalcxbfocbkqsfdzcfkgmn/Build/Intermediates.noindex/SwiftDraw.build/Debug/SwiftDrawDOM.build/DerivedSources/arm64 -Xcc -I/Users/rogerlin/Library/Developer/Xcode/DerivedData/FinancialCalculatorKit-ackorybalcxbfocbkqsfdzcfkgmn/Build/Intermediates.noindex/SwiftDraw.build/Debug/SwiftDrawDOM.build/DerivedSources -Xcc -DSWIFT_PACKAGE -Xcc -DDEBUG\=1 -no-auto-bridging-header-chaining -module-name SwiftDrawDOM -package-name swiftdraw -frontend-parseable-output -disable-clang-spi -target-sdk-version 26.1 -target-sdk-name macosx26.1 -clang-target arm64-apple-macos26.1 -in-process-plugin-server-path /Applications/Xcode.app/Contents/Developer/Toolchains/XcodeDefault.xctoolchain/usr/lib/swift/host/libSwiftInProcPluginServer.dylib -o /Users/rogerlin/Library/Developer/Xcode/DerivedData/FinancialCalculatorKit-ackorybalcxbfocbkqsfdzcfkgmn/Build/Intermediates.noindex/SwiftDraw.build/Debug/SwiftDrawDOM.build/Objects-normal/arm64/DOM+Extensions.o -o /Users/rogerlin/Library/Developer/Xcode/DerivedData/FinancialCalculatorKit-ackorybalcxbfocbkqsfdzcfkgmn/Build/Intermediates.noindex/SwiftDraw.build/Debug/SwiftDrawDOM.build/Objects-normal/arm64/DOM.Color.o -o /Users/rogerlin/Library/Developer/Xcode/DerivedData/FinancialCalculatorKit-ackorybalcxbfocbkqsfdzcfkgmn/Build/Intermediates.noindex/SwiftDraw.build/Debug/SwiftDrawDOM.build/Objects-normal/arm64/DOM.Element.o -index-unit-output-path /SwiftDraw.build/Debug/SwiftDrawDOM.build/Objects-normal/arm64/DOM+Extensions.o -index-unit-output-path /SwiftDraw.build/Debug/SwiftDrawDOM.build/Objects-normal/arm64/DOM.Color.o -index-unit-output-path /SwiftDraw.build/Debug/SwiftDrawDOM.build/Objects-normal/arm64/DOM.Element.o -index-store-path /Users/rogerlin/Library/Developer/Xcode/DerivedData/FinancialCalculatorKit-ackorybalcxbfocbkqsfdzcfkgmn/Index.noindex/DataStore -index-system-modules

SwiftCompile normal arm64 /Users/rogerlin/Library/Developer/Xcode/DerivedData/FinancialCalculatorKit-ackorybalcxbfocbkqsfdzcfkgmn/SourcePackages/checkouts/SwiftDraw/DOM/Sources/DOM+Extensions.swift (in target 'SwiftDrawDOM' from project 'SwiftDraw')
    cd /Users/rogerlin/XCode-Projects/FinancialCalculatorKit-5.0-updated-accent-colors/FinancialCalculatorKit.xcodeproj
    

SwiftCompile normal arm64 /Users/rogerlin/Library/Developer/Xcode/DerivedData/FinancialCalculatorKit-ackorybalcxbfocbkqsfdzcfkgmn/SourcePackages/checkouts/SwiftDraw/DOM/Sources/DOM.Color.swift (in target 'SwiftDrawDOM' from project 'SwiftDraw')
    cd /Users/rogerlin/XCode-Projects/FinancialCalculatorKit-5.0-updated-accent-colors/FinancialCalculatorKit.xcodeproj
    

SwiftCompile normal arm64 /Users/rogerlin/Library/Developer/Xcode/DerivedData/FinancialCalculatorKit-ackorybalcxbfocbkqsfdzcfkgmn/SourcePackages/checkouts/SwiftDraw/DOM/Sources/DOM.Element.swift (in target 'SwiftDrawDOM' from project 'SwiftDraw')
    cd /Users/rogerlin/XCode-Projects/FinancialCalculatorKit-5.0-updated-accent-colors/FinancialCalculatorKit.xcodeproj
    

SwiftCompile normal arm64 Compiling\ Parser.XML.Filter.swift,\ Parser.XML.Image.swift /Users/rogerlin/Library/Developer/Xcode/DerivedData/FinancialCalculatorKit-ackorybalcxbfocbkqsfdzcfkgmn/SourcePackages/checkouts/SwiftDraw/DOM/Sources/Parser.XML.Filter.swift /Users/rogerlin/Library/Developer/Xcode/DerivedData/FinancialCalculatorKit-ackorybalcxbfocbkqsfdzcfkgmn/SourcePackages/checkouts/SwiftDraw/DOM/Sources/Parser.XML.Image.swift (in target 'SwiftDrawDOM' from project 'SwiftDraw')
/Applications/Xcode.app/Contents/Developer/Toolchains/XcodeDefault.xctoolchain/usr/bin/swift-frontend -frontend -c /Users/rogerlin/Library/Developer/Xcode/DerivedData/FinancialCalculatorKit-ackorybalcxbfocbkqsfdzcfkgmn/SourcePackages/checkouts/SwiftDraw/DOM/Sources/DOM+Extensions.swift /Users/rogerlin/Library/Developer/Xcode/DerivedData/FinancialCalculatorKit-ackorybalcxbfocbkqsfdzcfkgmn/SourcePackages/checkouts/SwiftDraw/DOM/Sources/DOM.Color.swift /Users/rogerlin/Library/Developer/Xcode/DerivedData/FinancialCalculatorKit-ackorybalcxbfocbkqsfdzcfkgmn/SourcePackages/checkouts/SwiftDraw/DOM/Sources/DOM.Element.swift /Users/rogerlin/Library/Developer/Xcode/DerivedData/FinancialCalculatorKit-ackorybalcxbfocbkqsfdzcfkgmn/SourcePackages/checkouts/SwiftDraw/DOM/Sources/DOM.Filter.swift /Users/rogerlin/Library/Developer/Xcode/DerivedData/FinancialCalculatorKit-ackorybalcxbfocbkqsfdzcfkgmn/SourcePackages/checkouts/SwiftDraw/DOM/Sources/DOM.Image.swift /Users/rogerlin/Library/Developer/Xcode/DerivedData/FinancialCalculatorKit-ackorybalcxbfocbkqsfdzcfkgmn/SourcePackages/checkouts/SwiftDraw/DOM/Sources/DOM.LinearGradient.swift /Users/rogerlin/Library/Developer/Xcode/DerivedData/FinancialCalculatorKit-ackorybalcxbfocbkqsfdzcfkgmn/SourcePackages/checkouts/SwiftDraw/DOM/Sources/DOM.Path.swift /Users/rogerlin/Library/Developer/Xcode/DerivedData/FinancialCalculatorKit-ackorybalcxbfocbkqsfdzcfkgmn/SourcePackages/checkouts/SwiftDraw/DOM/Sources/DOM.Pattern.swift /Users/rogerlin/Library/Developer/Xcode/DerivedData/FinancialCalculatorKit-ackorybalcxbfocbkqsfdzcfkgmn/SourcePackages/checkouts/SwiftDraw/DOM/Sources/DOM.PresentationAttributes.swift /Users/rogerlin/Library/Developer/Xcode/DerivedData/FinancialCalculatorKit-ackorybalcxbfocbkqsfdzcfkgmn/SourcePackages/checkouts/SwiftDraw/DOM/Sources/DOM.RadialGradient.swift /Users/rogerlin/Library/Developer/Xcode/DerivedData/FinancialCalculatorKit-ackorybalcxbfocbkqsfdzcfkgmn/SourcePackages/checkouts/SwiftDraw/DOM/Sources/DOM.SVG+Parse.swift /Users/rogerlin/Library/Developer/Xcode/DerivedData/FinancialCalculatorKit-ackorybalcxbfocbkqsfdzcfkgmn/SourcePackages/checkouts/SwiftDraw/DOM/Sources/DOM.SVG.swift /Users/rogerlin/Library/Developer/Xcode/DerivedData/FinancialCalculatorKit-ackorybalcxbfocbkqsfdzcfkgmn/SourcePackages/checkouts/SwiftDraw/DOM/Sources/DOM.Switch.swift /Users/rogerlin/Library/Developer/Xcode/DerivedData/FinancialCalculatorKit-ackorybalcxbfocbkqsfdzcfkgmn/SourcePackages/checkouts/SwiftDraw/DOM/Sources/DOM.Text.swift /Users/rogerlin/Library/Developer/Xcode/DerivedData/FinancialCalculatorKit-ackorybalcxbfocbkqsfdzcfkgmn/SourcePackages/checkouts/SwiftDraw/DOM/Sources/DOM.Use.swift /Users/rogerlin/Library/Developer/Xcode/DerivedData/FinancialCalculatorKit-ackorybalcxbfocbkqsfdzcfkgmn/SourcePackages/checkouts/SwiftDraw/DOM/Sources/DOM.swift /Users/rogerlin/Library/Developer/Xcode/DerivedData/FinancialCalculatorKit-ackorybalcxbfocbkqsfdzcfkgmn/SourcePackages/checkouts/SwiftDraw/DOM/Sources/Parser.XML.Attributes.swift /Users/rogerlin/Library/Developer/Xcode/DerivedData/FinancialCalculatorKit-ackorybalcxbfocbkqsfdzcfkgmn/SourcePackages/checkouts/SwiftDraw/DOM/Sources/Parser.XML.Color.swift /Users/rogerlin/Library/Developer/Xcode/DerivedData/FinancialCalculatorKit-ackorybalcxbfocbkqsfdzcfkgmn/SourcePackages/checkouts/SwiftDraw/DOM/Sources/Parser.XML.Element.swift -primary-file /Users/rogerlin/Library/Developer/Xcode/DerivedData/FinancialCalculatorKit-ackorybalcxbfocbkqsfdzcfkgmn/SourcePackages/checkouts/SwiftDraw/DOM/Sources/Parser.XML.Filter.swift -primary-file /Users/rogerlin/Library/Developer/Xcode/DerivedData/FinancialCalculatorKit-ackorybalcxbfocbkqsfdzcfkgmn/SourcePackages/checkouts/SwiftDraw/DOM/Sources/Parser.XML.Image.swift /Users/rogerlin/Library/Developer/Xcode/DerivedData/FinancialCalculatorKit-ackorybalcxbfocbkqsfdzcfkgmn/SourcePackages/checkouts/SwiftDraw/DOM/Sources/Parser.XML.LinearGradient.swift /Users/rogerlin/Library/Developer/Xcode/DerivedData/FinancialCalculatorKit-ackorybalcxbfocbkqsfdzcfkgmn/SourcePackages/checkouts/SwiftDraw/DOM/Sources/Parser.XML.Path.swift /Users/rogerlin/Library/Developer/Xcode/DerivedData/FinancialCalculatorKit-ackorybalcxbfocbkqsfdzcfkgmn/SourcePackages/checkouts/SwiftDraw/DOM/Sources/Parser.XML.Pattern.swift /Users/rogerlin/Library/Developer/Xcode/DerivedData/FinancialCalculatorKit-ackorybalcxbfocbkqsfdzcfkgmn/SourcePackages/checkouts/SwiftDraw/DOM/Sources/Parser.XML.RadialGradient.swift /Users/rogerlin/Library/Developer/Xcode/DerivedData/FinancialCalculatorKit-ackorybalcxbfocbkqsfdzcfkgmn/SourcePackages/checkouts/SwiftDraw/DOM/Sources/Parser.XML.SVG.swift /Users/rogerlin/Library/Developer/Xcode/DerivedData/FinancialCalculatorKit-ackorybalcxbfocbkqsfdzcfkgmn/SourcePackages/checkouts/SwiftDraw/DOM/Sources/Parser.XML.Scanner.swift /Users/rogerlin/Library/Developer/Xcode/DerivedData/FinancialCalculatorKit-ackorybalcxbfocbkqsfdzcfkgmn/SourcePackages/checkouts/SwiftDraw/DOM/Sources/Parser.XML.StyleSheet.swift /Users/rogerlin/Library/Developer/Xcode/DerivedData/FinancialCalculatorKit-ackorybalcxbfocbkqsfdzcfkgmn/SourcePackages/checkouts/SwiftDraw/DOM/Sources/Parser.XML.Text.swift /Users/rogerlin/Library/Developer/Xcode/DerivedData/FinancialCalculatorKit-ackorybalcxbfocbkqsfdzcfkgmn/SourcePackages/checkouts/SwiftDraw/DOM/Sources/Parser.XML.Transform.swift /Users/rogerlin/Library/Developer/Xcode/DerivedData/FinancialCalculatorKit-ackorybalcxbfocbkqsfdzcfkgmn/SourcePackages/checkouts/SwiftDraw/DOM/Sources/Parser.XML.Use.swift /Users/rogerlin/Library/Developer/Xcode/DerivedData/FinancialCalculatorKit-ackorybalcxbfocbkqsfdzcfkgmn/SourcePackages/checkouts/SwiftDraw/DOM/Sources/Parser.XML.swift /Users/rogerlin/Library/Developer/Xcode/DerivedData/FinancialCalculatorKit-ackorybalcxbfocbkqsfdzcfkgmn/SourcePackages/checkouts/SwiftDraw/DOM/Sources/TextOutputStream+StandardError.swift /Users/rogerlin/Library/Developer/Xcode/DerivedData/FinancialCalculatorKit-ackorybalcxbfocbkqsfdzcfkgmn/SourcePackages/checkouts/SwiftDraw/DOM/Sources/URL+Data.swift /Users/rogerlin/Library/Developer/Xcode/DerivedData/FinancialCalculatorKit-ackorybalcxbfocbkqsfdzcfkgmn/SourcePackages/checkouts/SwiftDraw/DOM/Sources/URL+Fragment.swift /Users/rogerlin/Library/Developer/Xcode/DerivedData/FinancialCalculatorKit-ackorybalcxbfocbkqsfdzcfkgmn/SourcePackages/checkouts/SwiftDraw/DOM/Sources/XML.Element.swift /Users/rogerlin/Library/Developer/Xcode/DerivedData/FinancialCalculatorKit-ackorybalcxbfocbkqsfdzcfkgmn/SourcePackages/checkouts/SwiftDraw/DOM/Sources/XML.SAXParser.swift -emit-dependencies-path /Users/rogerlin/Library/Developer/Xcode/DerivedData/FinancialCalculatorKit-ackorybalcxbfocbkqsfdzcfkgmn/Build/Intermediates.noindex/SwiftDraw.build/Debug/SwiftDrawDOM.build/Objects-normal/arm64/Parser.XML.Filter.d -emit-const-values-path /Users/rogerlin/Library/Developer/Xcode/DerivedData/FinancialCalculatorKit-ackorybalcxbfocbkqsfdzcfkgmn/Build/Intermediates.noindex/SwiftDraw.build/Debug/SwiftDrawDOM.build/Objects-normal/arm64/Parser.XML.Filter.swiftconstvalues -emit-reference-dependencies-path /Users/rogerlin/Library/Developer/Xcode/DerivedData/FinancialCalculatorKit-ackorybalcxbfocbkqsfdzcfkgmn/Build/Intermediates.noindex/SwiftDraw.build/Debug/SwiftDrawDOM.build/Objects-normal/arm64/Parser.XML.Filter.swiftdeps -serialize-diagnostics-path /Users/rogerlin/Library/Developer/Xcode/DerivedData/FinancialCalculatorKit-ackorybalcxbfocbkqsfdzcfkgmn/Build/Intermediates.noindex/SwiftDraw.build/Debug/SwiftDrawDOM.build/Objects-normal/arm64/Parser.XML.Filter.dia -emit-dependencies-path /Users/rogerlin/Library/Developer/Xcode/DerivedData/FinancialCalculatorKit-ackorybalcxbfocbkqsfdzcfkgmn/Build/Intermediates.noindex/SwiftDraw.build/Debug/SwiftDrawDOM.build/Objects-normal/arm64/Parser.XML.Image.d -emit-const-values-path /Users/rogerlin/Library/Developer/Xcode/DerivedData/FinancialCalculatorKit-ackorybalcxbfocbkqsfdzcfkgmn/Build/Intermediates.noindex/SwiftDraw.build/Debug/SwiftDrawDOM.build/Objects-normal/arm64/Parser.XML.Image.swiftconstvalues -emit-reference-dependencies-path /Users/rogerlin/Library/Developer/Xcode/DerivedData/FinancialCalculatorKit-ackorybalcxbfocbkqsfdzcfkgmn/Build/Intermediates.noindex/SwiftDraw.build/Debug/SwiftDrawDOM.build/Objects-normal/arm64/Parser.XML.Image.swiftdeps -serialize-diagnostics-path /Users/rogerlin/Library/Developer/Xcode/DerivedData/FinancialCalculatorKit-ackorybalcxbfocbkqsfdzcfkgmn/Build/Intermediates.noindex/SwiftDraw.build/Debug/SwiftDrawDOM.build/Objects-normal/arm64/Parser.XML.Image.dia -target arm64-apple-macos10.15 -module-can-import-version Darwin 347.40.2 0 -load-resolved-plugin /Applications/Xcode.app/Contents/Developer/Platforms/MacOSX.platform/Developer/usr/lib/swift/host/plugins/libFoundationMacros.dylib\#/Applications/Xcode.app/Contents/Developer/Platforms/MacOSX.platform/Developer/usr/bin/swift-plugin-server\#FoundationMacros -load-resolved-plugin /Applications/Xcode.app/Contents/Developer/Platforms/MacOSX.platform/Developer/usr/lib/swift/host/plugins/libObservationMacros.dylib\#/Applications/Xcode.app/Contents/Developer/Platforms/MacOSX.platform/Developer/usr/bin/swift-plugin-server\#ObservationMacros -load-resolved-plugin /Applications/Xcode.app/Contents/Developer/Platforms/MacOSX.platform/Developer/usr/lib/swift/host/plugins/libSwiftMacros.dylib\#/Applications/Xcode.app/Contents/Developer/Platforms/MacOSX.platform/Developer/usr/bin/swift-plugin-server\#SwiftMacros -disable-implicit-swift-modules -Xcc -fno-implicit-modules -Xcc -fno-implicit-module-maps -explicit-swift-module-map-file /Users/rogerlin/Library/Developer/Xcode/DerivedData/FinancialCalculatorKit-ackorybalcxbfocbkqsfdzcfkgmn/Build/Intermediates.noindex/SwiftDraw.build/Debug/SwiftDrawDOM.build/Objects-normal/arm64/SwiftDrawDOM-dependencies-1.json -Xllvm -aarch64-use-tbi -enable-objc-interop -stack-check -sdk /Applications/Xcode.app/Contents/Developer/Platforms/MacOSX.platform/Developer/SDKs/MacOSX26.1.sdk -I /Users/rogerlin/Library/Developer/Xcode/DerivedData/FinancialCalculatorKit-ackorybalcxbfocbkqsfdzcfkgmn/Build/Products/Debug -Isystem /Applications/Xcode.app/Contents/Developer/Platforms/MacOSX.platform/Developer/usr/lib -F /Users/rogerlin/Library/Developer/Xcode/DerivedData/FinancialCalculatorKit-ackorybalcxbfocbkqsfdzcfkgmn/Build/Products/Debug -F /Applications/Xcode.app/Contents/Developer/Platforms/MacOSX.platform/Developer/Library/Frameworks -no-color-diagnostics -Xcc -fno-color-diagnostics -enable-testing -g -debug-info-format\=dwarf -dwarf-version\=4 -module-cache-path /Users/rogerlin/Library/Developer/Xcode/DerivedData/FinancialCalculatorKit-ackorybalcxbfocbkqsfdzcfkgmn/Build/Intermediates.noindex/SwiftExplicitPrecompiledModules -suppress-warnings -profile-generate -profile-coverage-mapping -swift-version 6 -enforce-exclusivity\=checked -Onone -D SWIFT_PACKAGE -D DEBUG -D SWIFT_MODULE_RESOURCE_BUNDLE_UNAVAILABLE -D Xcode -serialize-debugging-options -const-gather-protocols-file /Users/rogerlin/Library/Developer/Xcode/DerivedData/FinancialCalculatorKit-ackorybalcxbfocbkqsfdzcfkgmn/Build/Intermediates.noindex/SwiftDraw.build/Debug/SwiftDrawDOM.build/Objects-normal/arm64/SwiftDrawDOM_const_extract_protocols.json -enable-experimental-feature DebugDescriptionMacro -empty-abi-descriptor -user-module-version 0.22.0 -validate-clang-modules-once -clang-build-session-file /Users/rogerlin/Library/Developer/Xcode/DerivedData/ModuleCache.noindex/Session.modulevalidation -Xcc -working-directory -Xcc /Users/rogerlin/XCode-Projects/FinancialCalculatorKit-5.0-updated-accent-colors/FinancialCalculatorKit.xcodeproj -enable-anonymous-context-mangled-names -file-compilation-dir /Users/rogerlin/XCode-Projects/FinancialCalculatorKit-5.0-updated-accent-colors/FinancialCalculatorKit.xcodeproj -Xcc -D_LIBCPP_HARDENING_MODE\=_LIBCPP_HARDENING_MODE_DEBUG -Xcc -ivfsstatcache -Xcc /Users/rogerlin/Library/Developer/Xcode/DerivedData/SDKStatCaches.noindex/macosx26.1-25B74-3ae1261907bdadc328169391a47051a6.sdkstatcache -Xcc -I/Users/rogerlin/Library/Developer/Xcode/DerivedData/FinancialCalculatorKit-ackorybalcxbfocbkqsfdzcfkgmn/Build/Intermediates.noindex/SwiftDraw.build/Debug/SwiftDrawDOM.build/swift-overrides.hmap -Xcc -I/Users/rogerlin/Library/Developer/Xcode/DerivedData/FinancialCalculatorKit-ackorybalcxbfocbkqsfdzcfkgmn/Build/Products/Debug/include -Xcc -I/Users/rogerlin/Library/Developer/Xcode/DerivedData/FinancialCalculatorKit-ackorybalcxbfocbkqsfdzcfkgmn/Build/Intermediates.noindex/SwiftDraw.build/Debug/SwiftDrawDOM.build/DerivedSources-normal/arm64 -Xcc -I/Users/rogerlin/Library/Developer/Xcode/DerivedData/FinancialCalculatorKit-ackorybalcxbfocbkqsfdzcfkgmn/Build/Intermediates.noindex/SwiftDraw.build/Debug/SwiftDrawDOM.build/DerivedSources/arm64 -Xcc -I/Users/rogerlin/Library/Developer/Xcode/DerivedData/FinancialCalculatorKit-ackorybalcxbfocbkqsfdzcfkgmn/Build/Intermediates.noindex/SwiftDraw.build/Debug/SwiftDrawDOM.build/DerivedSources -Xcc -DSWIFT_PACKAGE -Xcc -DDEBUG\=1 -no-auto-bridging-header-chaining -module-name SwiftDrawDOM -package-name swiftdraw -frontend-parseable-output -disable-clang-spi -target-sdk-version 26.1 -target-sdk-name macosx26.1 -clang-target arm64-apple-macos26.1 -in-process-plugin-server-path /Applications/Xcode.app/Contents/Developer/Toolchains/XcodeDefault.xctoolchain/usr/lib/swift/host/libSwiftInProcPluginServer.dylib -o /Users/rogerlin/Library/Developer/Xcode/DerivedData/FinancialCalculatorKit-ackorybalcxbfocbkqsfdzcfkgmn/Build/Intermediates.noindex/SwiftDraw.build/Debug/SwiftDrawDOM.build/Objects-normal/arm64/Parser.XML.Filter.o -o /Users/rogerlin/Library/Developer/Xcode/DerivedData/FinancialCalculatorKit-ackorybalcxbfocbkqsfdzcfkgmn/Build/Intermediates.noindex/SwiftDraw.build/Debug/SwiftDrawDOM.build/Objects-normal/arm64/Parser.XML.Image.o -index-unit-output-path /SwiftDraw.build/Debug/SwiftDrawDOM.build/Objects-normal/arm64/Parser.XML.Filter.o -index-unit-output-path /SwiftDraw.build/Debug/SwiftDrawDOM.build/Objects-normal/arm64/Parser.XML.Image.o -index-store-path /Users/rogerlin/Library/Developer/Xcode/DerivedData/FinancialCalculatorKit-ackorybalcxbfocbkqsfdzcfkgmn/Index.noindex/DataStore -index-system-modules

SwiftCompile normal arm64 /Users/rogerlin/Library/Developer/Xcode/DerivedData/FinancialCalculatorKit-ackorybalcxbfocbkqsfdzcfkgmn/SourcePackages/checkouts/SwiftDraw/DOM/Sources/Parser.XML.Filter.swift (in target 'SwiftDrawDOM' from project 'SwiftDraw')
    cd /Users/rogerlin/XCode-Projects/FinancialCalculatorKit-5.0-updated-accent-colors/FinancialCalculatorKit.xcodeproj
    

SwiftCompile normal arm64 /Users/rogerlin/Library/Developer/Xcode/DerivedData/FinancialCalculatorKit-ackorybalcxbfocbkqsfdzcfkgmn/SourcePackages/checkouts/SwiftDraw/DOM/Sources/Parser.XML.Image.swift (in target 'SwiftDrawDOM' from project 'SwiftDraw')
    cd /Users/rogerlin/XCode-Projects/FinancialCalculatorKit-5.0-updated-accent-colors/FinancialCalculatorKit.xcodeproj
    

SwiftCompile normal arm64 Compiling\ Parser.XML.StyleSheet.swift,\ Parser.XML.Text.swift /Users/rogerlin/Library/Developer/Xcode/DerivedData/FinancialCalculatorKit-ackorybalcxbfocbkqsfdzcfkgmn/SourcePackages/checkouts/SwiftDraw/DOM/Sources/Parser.XML.StyleSheet.swift /Users/rogerlin/Library/Developer/Xcode/DerivedData/FinancialCalculatorKit-ackorybalcxbfocbkqsfdzcfkgmn/SourcePackages/checkouts/SwiftDraw/DOM/Sources/Parser.XML.Text.swift (in target 'SwiftDrawDOM' from project 'SwiftDraw')
/Applications/Xcode.app/Contents/Developer/Toolchains/XcodeDefault.xctoolchain/usr/bin/swift-frontend -frontend -c /Users/rogerlin/Library/Developer/Xcode/DerivedData/FinancialCalculatorKit-ackorybalcxbfocbkqsfdzcfkgmn/SourcePackages/checkouts/SwiftDraw/DOM/Sources/DOM+Extensions.swift /Users/rogerlin/Library/Developer/Xcode/DerivedData/FinancialCalculatorKit-ackorybalcxbfocbkqsfdzcfkgmn/SourcePackages/checkouts/SwiftDraw/DOM/Sources/DOM.Color.swift /Users/rogerlin/Library/Developer/Xcode/DerivedData/FinancialCalculatorKit-ackorybalcxbfocbkqsfdzcfkgmn/SourcePackages/checkouts/SwiftDraw/DOM/Sources/DOM.Element.swift /Users/rogerlin/Library/Developer/Xcode/DerivedData/FinancialCalculatorKit-ackorybalcxbfocbkqsfdzcfkgmn/SourcePackages/checkouts/SwiftDraw/DOM/Sources/DOM.Filter.swift /Users/rogerlin/Library/Developer/Xcode/DerivedData/FinancialCalculatorKit-ackorybalcxbfocbkqsfdzcfkgmn/SourcePackages/checkouts/SwiftDraw/DOM/Sources/DOM.Image.swift /Users/rogerlin/Library/Developer/Xcode/DerivedData/FinancialCalculatorKit-ackorybalcxbfocbkqsfdzcfkgmn/SourcePackages/checkouts/SwiftDraw/DOM/Sources/DOM.LinearGradient.swift /Users/rogerlin/Library/Developer/Xcode/DerivedData/FinancialCalculatorKit-ackorybalcxbfocbkqsfdzcfkgmn/SourcePackages/checkouts/SwiftDraw/DOM/Sources/DOM.Path.swift /Users/rogerlin/Library/Developer/Xcode/DerivedData/FinancialCalculatorKit-ackorybalcxbfocbkqsfdzcfkgmn/SourcePackages/checkouts/SwiftDraw/DOM/Sources/DOM.Pattern.swift /Users/rogerlin/Library/Developer/Xcode/DerivedData/FinancialCalculatorKit-ackorybalcxbfocbkqsfdzcfkgmn/SourcePackages/checkouts/SwiftDraw/DOM/Sources/DOM.PresentationAttributes.swift /Users/rogerlin/Library/Developer/Xcode/DerivedData/FinancialCalculatorKit-ackorybalcxbfocbkqsfdzcfkgmn/SourcePackages/checkouts/SwiftDraw/DOM/Sources/DOM.RadialGradient.swift /Users/rogerlin/Library/Developer/Xcode/DerivedData/FinancialCalculatorKit-ackorybalcxbfocbkqsfdzcfkgmn/SourcePackages/checkouts/SwiftDraw/DOM/Sources/DOM.SVG+Parse.swift /Users/rogerlin/Library/Developer/Xcode/DerivedData/FinancialCalculatorKit-ackorybalcxbfocbkqsfdzcfkgmn/SourcePackages/checkouts/SwiftDraw/DOM/Sources/DOM.SVG.swift /Users/rogerlin/Library/Developer/Xcode/DerivedData/FinancialCalculatorKit-ackorybalcxbfocbkqsfdzcfkgmn/SourcePackages/checkouts/SwiftDraw/DOM/Sources/DOM.Switch.swift /Users/rogerlin/Library/Developer/Xcode/DerivedData/FinancialCalculatorKit-ackorybalcxbfocbkqsfdzcfkgmn/SourcePackages/checkouts/SwiftDraw/DOM/Sources/DOM.Text.swift /Users/rogerlin/Library/Developer/Xcode/DerivedData/FinancialCalculatorKit-ackorybalcxbfocbkqsfdzcfkgmn/SourcePackages/checkouts/SwiftDraw/DOM/Sources/DOM.Use.swift /Users/rogerlin/Library/Developer/Xcode/DerivedData/FinancialCalculatorKit-ackorybalcxbfocbkqsfdzcfkgmn/SourcePackages/checkouts/SwiftDraw/DOM/Sources/DOM.swift /Users/rogerlin/Library/Developer/Xcode/DerivedData/FinancialCalculatorKit-ackorybalcxbfocbkqsfdzcfkgmn/SourcePackages/checkouts/SwiftDraw/DOM/Sources/Parser.XML.Attributes.swift /Users/rogerlin/Library/Developer/Xcode/DerivedData/FinancialCalculatorKit-ackorybalcxbfocbkqsfdzcfkgmn/SourcePackages/checkouts/SwiftDraw/DOM/Sources/Parser.XML.Color.swift /Users/rogerlin/Library/Developer/Xcode/DerivedData/FinancialCalculatorKit-ackorybalcxbfocbkqsfdzcfkgmn/SourcePackages/checkouts/SwiftDraw/DOM/Sources/Parser.XML.Element.swift /Users/rogerlin/Library/Developer/Xcode/DerivedData/FinancialCalculatorKit-ackorybalcxbfocbkqsfdzcfkgmn/SourcePackages/checkouts/SwiftDraw/DOM/Sources/Parser.XML.Filter.swift /Users/rogerlin/Library/Developer/Xcode/DerivedData/FinancialCalculatorKit-ackorybalcxbfocbkqsfdzcfkgmn/SourcePackages/checkouts/SwiftDraw/DOM/Sources/Parser.XML.Image.swift /Users/rogerlin/Library/Developer/Xcode/DerivedData/FinancialCalculatorKit-ackorybalcxbfocbkqsfdzcfkgmn/SourcePackages/checkouts/SwiftDraw/DOM/Sources/Parser.XML.LinearGradient.swift /Users/rogerlin/Library/Developer/Xcode/DerivedData/FinancialCalculatorKit-ackorybalcxbfocbkqsfdzcfkgmn/SourcePackages/checkouts/SwiftDraw/DOM/Sources/Parser.XML.Path.swift /Users/rogerlin/Library/Developer/Xcode/DerivedData/FinancialCalculatorKit-ackorybalcxbfocbkqsfdzcfkgmn/SourcePackages/checkouts/SwiftDraw/DOM/Sources/Parser.XML.Pattern.swift /Users/rogerlin/Library/Developer/Xcode/DerivedData/FinancialCalculatorKit-ackorybalcxbfocbkqsfdzcfkgmn/SourcePackages/checkouts/SwiftDraw/DOM/Sources/Parser.XML.RadialGradient.swift /Users/rogerlin/Library/Developer/Xcode/DerivedData/FinancialCalculatorKit-ackorybalcxbfocbkqsfdzcfkgmn/SourcePackages/checkouts/SwiftDraw/DOM/Sources/Parser.XML.SVG.swift /Users/rogerlin/Library/Developer/Xcode/DerivedData/FinancialCalculatorKit-ackorybalcxbfocbkqsfdzcfkgmn/SourcePackages/checkouts/SwiftDraw/DOM/Sources/Parser.XML.Scanner.swift -primary-file /Users/rogerlin/Library/Developer/Xcode/DerivedData/FinancialCalculatorKit-ackorybalcxbfocbkqsfdzcfkgmn/SourcePackages/checkouts/SwiftDraw/DOM/Sources/Parser.XML.StyleSheet.swift -primary-file /Users/rogerlin/Library/Developer/Xcode/DerivedData/FinancialCalculatorKit-ackorybalcxbfocbkqsfdzcfkgmn/SourcePackages/checkouts/SwiftDraw/DOM/Sources/Parser.XML.Text.swift /Users/rogerlin/Library/Developer/Xcode/DerivedData/FinancialCalculatorKit-ackorybalcxbfocbkqsfdzcfkgmn/SourcePackages/checkouts/SwiftDraw/DOM/Sources/Parser.XML.Transform.swift /Users/rogerlin/Library/Developer/Xcode/DerivedData/FinancialCalculatorKit-ackorybalcxbfocbkqsfdzcfkgmn/SourcePackages/checkouts/SwiftDraw/DOM/Sources/Parser.XML.Use.swift /Users/rogerlin/Library/Developer/Xcode/DerivedData/FinancialCalculatorKit-ackorybalcxbfocbkqsfdzcfkgmn/SourcePackages/checkouts/SwiftDraw/DOM/Sources/Parser.XML.swift /Users/rogerlin/Library/Developer/Xcode/DerivedData/FinancialCalculatorKit-ackorybalcxbfocbkqsfdzcfkgmn/SourcePackages/checkouts/SwiftDraw/DOM/Sources/TextOutputStream+StandardError.swift /Users/rogerlin/Library/Developer/Xcode/DerivedData/FinancialCalculatorKit-ackorybalcxbfocbkqsfdzcfkgmn/SourcePackages/checkouts/SwiftDraw/DOM/Sources/URL+Data.swift /Users/rogerlin/Library/Developer/Xcode/DerivedData/FinancialCalculatorKit-ackorybalcxbfocbkqsfdzcfkgmn/SourcePackages/checkouts/SwiftDraw/DOM/Sources/URL+Fragment.swift /Users/rogerlin/Library/Developer/Xcode/DerivedData/FinancialCalculatorKit-ackorybalcxbfocbkqsfdzcfkgmn/SourcePackages/checkouts/SwiftDraw/DOM/Sources/XML.Element.swift /Users/rogerlin/Library/Developer/Xcode/DerivedData/FinancialCalculatorKit-ackorybalcxbfocbkqsfdzcfkgmn/SourcePackages/checkouts/SwiftDraw/DOM/Sources/XML.SAXParser.swift -emit-dependencies-path /Users/rogerlin/Library/Developer/Xcode/DerivedData/FinancialCalculatorKit-ackorybalcxbfocbkqsfdzcfkgmn/Build/Intermediates.noindex/SwiftDraw.build/Debug/SwiftDrawDOM.build/Objects-normal/arm64/Parser.XML.StyleSheet.d -emit-const-values-path /Users/rogerlin/Library/Developer/Xcode/DerivedData/FinancialCalculatorKit-ackorybalcxbfocbkqsfdzcfkgmn/Build/Intermediates.noindex/SwiftDraw.build/Debug/SwiftDrawDOM.build/Objects-normal/arm64/Parser.XML.StyleSheet.swiftconstvalues -emit-reference-dependencies-path /Users/rogerlin/Library/Developer/Xcode/DerivedData/FinancialCalculatorKit-ackorybalcxbfocbkqsfdzcfkgmn/Build/Intermediates.noindex/SwiftDraw.build/Debug/SwiftDrawDOM.build/Objects-normal/arm64/Parser.XML.StyleSheet.swiftdeps -serialize-diagnostics-path /Users/rogerlin/Library/Developer/Xcode/DerivedData/FinancialCalculatorKit-ackorybalcxbfocbkqsfdzcfkgmn/Build/Intermediates.noindex/SwiftDraw.build/Debug/SwiftDrawDOM.build/Objects-normal/arm64/Parser.XML.StyleSheet.dia -emit-dependencies-path /Users/rogerlin/Library/Developer/Xcode/DerivedData/FinancialCalculatorKit-ackorybalcxbfocbkqsfdzcfkgmn/Build/Intermediates.noindex/SwiftDraw.build/Debug/SwiftDrawDOM.build/Objects-normal/arm64/Parser.XML.Text.d -emit-const-values-path /Users/rogerlin/Library/Developer/Xcode/DerivedData/FinancialCalculatorKit-ackorybalcxbfocbkqsfdzcfkgmn/Build/Intermediates.noindex/SwiftDraw.build/Debug/SwiftDrawDOM.build/Objects-normal/arm64/Parser.XML.Text.swiftconstvalues -emit-reference-dependencies-path /Users/rogerlin/Library/Developer/Xcode/DerivedData/FinancialCalculatorKit-ackorybalcxbfocbkqsfdzcfkgmn/Build/Intermediates.noindex/SwiftDraw.build/Debug/SwiftDrawDOM.build/Objects-normal/arm64/Parser.XML.Text.swiftdeps -serialize-diagnostics-path /Users/rogerlin/Library/Developer/Xcode/DerivedData/FinancialCalculatorKit-ackorybalcxbfocbkqsfdzcfkgmn/Build/Intermediates.noindex/SwiftDraw.build/Debug/SwiftDrawDOM.build/Objects-normal/arm64/Parser.XML.Text.dia -target arm64-apple-macos10.15 -module-can-import-version Darwin 347.40.2 0 -load-resolved-plugin /Applications/Xcode.app/Contents/Developer/Platforms/MacOSX.platform/Developer/usr/lib/swift/host/plugins/libFoundationMacros.dylib\#/Applications/Xcode.app/Contents/Developer/Platforms/MacOSX.platform/Developer/usr/bin/swift-plugin-server\#FoundationMacros -load-resolved-plugin /Applications/Xcode.app/Contents/Developer/Platforms/MacOSX.platform/Developer/usr/lib/swift/host/plugins/libObservationMacros.dylib\#/Applications/Xcode.app/Contents/Developer/Platforms/MacOSX.platform/Developer/usr/bin/swift-plugin-server\#ObservationMacros -load-resolved-plugin /Applications/Xcode.app/Contents/Developer/Platforms/MacOSX.platform/Developer/usr/lib/swift/host/plugins/libSwiftMacros.dylib\#/Applications/Xcode.app/Contents/Developer/Platforms/MacOSX.platform/Developer/usr/bin/swift-plugin-server\#SwiftMacros -disable-implicit-swift-modules -Xcc -fno-implicit-modules -Xcc -fno-implicit-module-maps -explicit-swift-module-map-file /Users/rogerlin/Library/Developer/Xcode/DerivedData/FinancialCalculatorKit-ackorybalcxbfocbkqsfdzcfkgmn/Build/Intermediates.noindex/SwiftDraw.build/Debug/SwiftDrawDOM.build/Objects-normal/arm64/SwiftDrawDOM-dependencies-1.json -Xllvm -aarch64-use-tbi -enable-objc-interop -stack-check -sdk /Applications/Xcode.app/Contents/Developer/Platforms/MacOSX.platform/Developer/SDKs/MacOSX26.1.sdk -I /Users/rogerlin/Library/Developer/Xcode/DerivedData/FinancialCalculatorKit-ackorybalcxbfocbkqsfdzcfkgmn/Build/Products/Debug -Isystem /Applications/Xcode.app/Contents/Developer/Platforms/MacOSX.platform/Developer/usr/lib -F /Users/rogerlin/Library/Developer/Xcode/DerivedData/FinancialCalculatorKit-ackorybalcxbfocbkqsfdzcfkgmn/Build/Products/Debug -F /Applications/Xcode.app/Contents/Developer/Platforms/MacOSX.platform/Developer/Library/Frameworks -no-color-diagnostics -Xcc -fno-color-diagnostics -enable-testing -g -debug-info-format\=dwarf -dwarf-version\=4 -module-cache-path /Users/rogerlin/Library/Developer/Xcode/DerivedData/FinancialCalculatorKit-ackorybalcxbfocbkqsfdzcfkgmn/Build/Intermediates.noindex/SwiftExplicitPrecompiledModules -suppress-warnings -profile-generate -profile-coverage-mapping -swift-version 6 -enforce-exclusivity\=checked -Onone -D SWIFT_PACKAGE -D DEBUG -D SWIFT_MODULE_RESOURCE_BUNDLE_UNAVAILABLE -D Xcode -serialize-debugging-options -const-gather-protocols-file /Users/rogerlin/Library/Developer/Xcode/DerivedData/FinancialCalculatorKit-ackorybalcxbfocbkqsfdzcfkgmn/Build/Intermediates.noindex/SwiftDraw.build/Debug/SwiftDrawDOM.build/Objects-normal/arm64/SwiftDrawDOM_const_extract_protocols.json -enable-experimental-feature DebugDescriptionMacro -empty-abi-descriptor -user-module-version 0.22.0 -validate-clang-modules-once -clang-build-session-file /Users/rogerlin/Library/Developer/Xcode/DerivedData/ModuleCache.noindex/Session.modulevalidation -Xcc -working-directory -Xcc /Users/rogerlin/XCode-Projects/FinancialCalculatorKit-5.0-updated-accent-colors/FinancialCalculatorKit.xcodeproj -enable-anonymous-context-mangled-names -file-compilation-dir /Users/rogerlin/XCode-Projects/FinancialCalculatorKit-5.0-updated-accent-colors/FinancialCalculatorKit.xcodeproj -Xcc -D_LIBCPP_HARDENING_MODE\=_LIBCPP_HARDENING_MODE_DEBUG -Xcc -ivfsstatcache -Xcc /Users/rogerlin/Library/Developer/Xcode/DerivedData/SDKStatCaches.noindex/macosx26.1-25B74-3ae1261907bdadc328169391a47051a6.sdkstatcache -Xcc -I/Users/rogerlin/Library/Developer/Xcode/DerivedData/FinancialCalculatorKit-ackorybalcxbfocbkqsfdzcfkgmn/Build/Intermediates.noindex/SwiftDraw.build/Debug/SwiftDrawDOM.build/swift-overrides.hmap -Xcc -I/Users/rogerlin/Library/Developer/Xcode/DerivedData/FinancialCalculatorKit-ackorybalcxbfocbkqsfdzcfkgmn/Build/Products/Debug/include -Xcc -I/Users/rogerlin/Library/Developer/Xcode/DerivedData/FinancialCalculatorKit-ackorybalcxbfocbkqsfdzcfkgmn/Build/Intermediates.noindex/SwiftDraw.build/Debug/SwiftDrawDOM.build/DerivedSources-normal/arm64 -Xcc -I/Users/rogerlin/Library/Developer/Xcode/DerivedData/FinancialCalculatorKit-ackorybalcxbfocbkqsfdzcfkgmn/Build/Intermediates.noindex/SwiftDraw.build/Debug/SwiftDrawDOM.build/DerivedSources/arm64 -Xcc -I/Users/rogerlin/Library/Developer/Xcode/DerivedData/FinancialCalculatorKit-ackorybalcxbfocbkqsfdzcfkgmn/Build/Intermediates.noindex/SwiftDraw.build/Debug/SwiftDrawDOM.build/DerivedSources -Xcc -DSWIFT_PACKAGE -Xcc -DDEBUG\=1 -no-auto-bridging-header-chaining -module-name SwiftDrawDOM -package-name swiftdraw -frontend-parseable-output -disable-clang-spi -target-sdk-version 26.1 -target-sdk-name macosx26.1 -clang-target arm64-apple-macos26.1 -in-process-plugin-server-path /Applications/Xcode.app/Contents/Developer/Toolchains/XcodeDefault.xctoolchain/usr/lib/swift/host/libSwiftInProcPluginServer.dylib -o /Users/rogerlin/Library/Developer/Xcode/DerivedData/FinancialCalculatorKit-ackorybalcxbfocbkqsfdzcfkgmn/Build/Intermediates.noindex/SwiftDraw.build/Debug/SwiftDrawDOM.build/Objects-normal/arm64/Parser.XML.StyleSheet.o -o /Users/rogerlin/Library/Developer/Xcode/DerivedData/FinancialCalculatorKit-ackorybalcxbfocbkqsfdzcfkgmn/Build/Intermediates.noindex/SwiftDraw.build/Debug/SwiftDrawDOM.build/Objects-normal/arm64/Parser.XML.Text.o -index-unit-output-path /SwiftDraw.build/Debug/SwiftDrawDOM.build/Objects-normal/arm64/Parser.XML.StyleSheet.o -index-unit-output-path /SwiftDraw.build/Debug/SwiftDrawDOM.build/Objects-normal/arm64/Parser.XML.Text.o -index-store-path /Users/rogerlin/Library/Developer/Xcode/DerivedData/FinancialCalculatorKit-ackorybalcxbfocbkqsfdzcfkgmn/Index.noindex/DataStore -index-system-modules

SwiftCompile normal arm64 /Users/rogerlin/Library/Developer/Xcode/DerivedData/FinancialCalculatorKit-ackorybalcxbfocbkqsfdzcfkgmn/SourcePackages/checkouts/SwiftDraw/DOM/Sources/Parser.XML.StyleSheet.swift (in target 'SwiftDrawDOM' from project 'SwiftDraw')
    cd /Users/rogerlin/XCode-Projects/FinancialCalculatorKit-5.0-updated-accent-colors/FinancialCalculatorKit.xcodeproj
    

SwiftCompile normal arm64 /Users/rogerlin/Library/Developer/Xcode/DerivedData/FinancialCalculatorKit-ackorybalcxbfocbkqsfdzcfkgmn/SourcePackages/checkouts/SwiftDraw/DOM/Sources/Parser.XML.Text.swift (in target 'SwiftDrawDOM' from project 'SwiftDraw')
    cd /Users/rogerlin/XCode-Projects/FinancialCalculatorKit-5.0-updated-accent-colors/FinancialCalculatorKit.xcodeproj
    

SwiftDriverJobDiscovery normal arm64 Emitting module for SwiftDrawDOM (in target 'SwiftDrawDOM' from project 'SwiftDraw')

SwiftDriver\ Compilation\ Requirements SwiftDrawDOM normal arm64 com.apple.xcode.tools.swift.compiler (in target 'SwiftDrawDOM' from project 'SwiftDraw')
    cd /Users/rogerlin/XCode-Projects/FinancialCalculatorKit-5.0-updated-accent-colors/FinancialCalculatorKit.xcodeproj
    builtin-Swift-Compilation-Requirements -- /Applications/Xcode.app/Contents/Developer/Toolchains/XcodeDefault.xctoolchain/usr/bin/swiftc -module-name SwiftDrawDOM -Onone -enforce-exclusivity\=checked @/Users/rogerlin/Library/Developer/Xcode/DerivedData/FinancialCalculatorKit-ackorybalcxbfocbkqsfdzcfkgmn/Build/Intermediates.noindex/SwiftDraw.build/Debug/SwiftDrawDOM.build/Objects-normal/arm64/SwiftDrawDOM.SwiftFileList -DSWIFT_PACKAGE -DDEBUG -DSWIFT_MODULE_RESOURCE_BUNDLE_UNAVAILABLE -DXcode -plugin-path /Applications/Xcode.app/Contents/Developer/Toolchains/XcodeDefault.xctoolchain/usr/lib/swift/host/plugins/testing -enable-experimental-feature DebugDescriptionMacro -sdk /Applications/Xcode.app/Contents/Developer/Platforms/MacOSX.platform/Developer/SDKs/MacOSX26.1.sdk -target arm64-apple-macos10.15 -g -module-cache-path /Users/rogerlin/Library/Developer/Xcode/DerivedData/ModuleCache.noindex -Xfrontend -serialize-debugging-options -profile-coverage-mapping -profile-generate -enable-testing -suppress-warnings -index-store-path /Users/rogerlin/Library/Developer/Xcode/DerivedData/FinancialCalculatorKit-ackorybalcxbfocbkqsfdzcfkgmn/Index.noindex/DataStore -Xcc -D_LIBCPP_HARDENING_MODE\=_LIBCPP_HARDENING_MODE_DEBUG -swift-version 6 -I /Users/rogerlin/Library/Developer/Xcode/DerivedData/FinancialCalculatorKit-ackorybalcxbfocbkqsfdzcfkgmn/Build/Products/Debug -Isystem /Applications/Xcode.app/Contents/Developer/Platforms/MacOSX.platform/Developer/usr/lib -F /Users/rogerlin/Library/Developer/Xcode/DerivedData/FinancialCalculatorKit-ackorybalcxbfocbkqsfdzcfkgmn/Build/Products/Debug -F /Applications/Xcode.app/Contents/Developer/Platforms/MacOSX.platform/Developer/Library/Frameworks -c -j16 -enable-batch-mode -incremental -Xcc -ivfsstatcache -Xcc /Users/rogerlin/Library/Developer/Xcode/DerivedData/SDKStatCaches.noindex/macosx26.1-25B74-3ae1261907bdadc328169391a47051a6.sdkstatcache -output-file-map /Users/rogerlin/Library/Developer/Xcode/DerivedData/FinancialCalculatorKit-ackorybalcxbfocbkqsfdzcfkgmn/Build/Intermediates.noindex/SwiftDraw.build/Debug/SwiftDrawDOM.build/Objects-normal/arm64/SwiftDrawDOM-OutputFileMap.json -use-frontend-parseable-output -save-temps -no-color-diagnostics -explicit-module-build -module-cache-path /Users/rogerlin/Library/Developer/Xcode/DerivedData/FinancialCalculatorKit-ackorybalcxbfocbkqsfdzcfkgmn/Build/Intermediates.noindex/SwiftExplicitPrecompiledModules -clang-scanner-module-cache-path /Users/rogerlin/Library/Developer/Xcode/DerivedData/ModuleCache.noindex -sdk-module-cache-path /Users/rogerlin/Library/Developer/Xcode/DerivedData/ModuleCache.noindex -serialize-diagnostics -emit-dependencies -emit-module -emit-module-path /Users/rogerlin/Library/Developer/Xcode/DerivedData/FinancialCalculatorKit-ackorybalcxbfocbkqsfdzcfkgmn/Build/Intermediates.noindex/SwiftDraw.build/Debug/SwiftDrawDOM.build/Objects-normal/arm64/SwiftDrawDOM.swiftmodule -user-module-version 0.22.0 -validate-clang-modules-once -clang-build-session-file /Users/rogerlin/Library/Developer/Xcode/DerivedData/ModuleCache.noindex/Session.modulevalidation -package-name swiftdraw -Xcc -I/Users/rogerlin/Library/Developer/Xcode/DerivedData/FinancialCalculatorKit-ackorybalcxbfocbkqsfdzcfkgmn/Build/Intermediates.noindex/SwiftDraw.build/Debug/SwiftDrawDOM.build/swift-overrides.hmap -emit-const-values -Xfrontend -const-gather-protocols-file -Xfrontend /Users/rogerlin/Library/Developer/Xcode/DerivedData/FinancialCalculatorKit-ackorybalcxbfocbkqsfdzcfkgmn/Build/Intermediates.noindex/SwiftDraw.build/Debug/SwiftDrawDOM.build/Objects-normal/arm64/SwiftDrawDOM_const_extract_protocols.json -Xcc -I/Users/rogerlin/Library/Developer/Xcode/DerivedData/FinancialCalculatorKit-ackorybalcxbfocbkqsfdzcfkgmn/Build/Products/Debug/include -Xcc -I/Users/rogerlin/Library/Developer/Xcode/DerivedData/FinancialCalculatorKit-ackorybalcxbfocbkqsfdzcfkgmn/Build/Intermediates.noindex/SwiftDraw.build/Debug/SwiftDrawDOM.build/DerivedSources-normal/arm64 -Xcc -I/Users/rogerlin/Library/Developer/Xcode/DerivedData/FinancialCalculatorKit-ackorybalcxbfocbkqsfdzcfkgmn/Build/Intermediates.noindex/SwiftDraw.build/Debug/SwiftDrawDOM.build/DerivedSources/arm64 -Xcc -I/Users/rogerlin/Library/Developer/Xcode/DerivedData/FinancialCalculatorKit-ackorybalcxbfocbkqsfdzcfkgmn/Build/Intermediates.noindex/SwiftDraw.build/Debug/SwiftDrawDOM.build/DerivedSources -Xcc -DSWIFT_PACKAGE -Xcc -DDEBUG\=1 -emit-objc-header -emit-objc-header-path /Users/rogerlin/Library/Developer/Xcode/DerivedData/FinancialCalculatorKit-ackorybalcxbfocbkqsfdzcfkgmn/Build/Intermediates.noindex/SwiftDraw.build/Debug/SwiftDrawDOM.build/Objects-normal/arm64/SwiftDrawDOM-Swift.h -working-directory /Users/rogerlin/XCode-Projects/FinancialCalculatorKit-5.0-updated-accent-colors/FinancialCalculatorKit.xcodeproj -experimental-emit-module-separately -disable-cmo

    Task input dependencies:
        /Users/rogerlin/Library/Developer/Xcode/DerivedData/FinancialCalculatorKit-ackorybalcxbfocbkqsfdzcfkgmn/SourcePackages/checkouts/SwiftDraw/DOM/Sources/DOM+Extensions.swift
        /Users/rogerlin/Library/Developer/Xcode/DerivedData/FinancialCalculatorKit-ackorybalcxbfocbkqsfdzcfkgmn/SourcePackages/checkouts/SwiftDraw/DOM/Sources/DOM.Color.swift
        /Users/rogerlin/Library/Developer/Xcode/DerivedData/FinancialCalculatorKit-ackorybalcxbfocbkqsfdzcfkgmn/SourcePackages/checkouts/SwiftDraw/DOM/Sources/DOM.Element.swift
        /Users/rogerlin/Library/Developer/Xcode/DerivedData/FinancialCalculatorKit-ackorybalcxbfocbkqsfdzcfkgmn/SourcePackages/checkouts/SwiftDraw/DOM/Sources/DOM.Filter.swift
        /Users/rogerlin/Library/Developer/Xcode/DerivedData/FinancialCalculatorKit-ackorybalcxbfocbkqsfdzcfkgmn/SourcePackages/checkouts/SwiftDraw/DOM/Sources/DOM.Image.swift
        /Users/rogerlin/Library/Developer/Xcode/DerivedData/FinancialCalculatorKit-ackorybalcxbfocbkqsfdzcfkgmn/SourcePackages/checkouts/SwiftDraw/DOM/Sources/DOM.LinearGradient.swift
        /Users/rogerlin/Library/Developer/Xcode/DerivedData/FinancialCalculatorKit-ackorybalcxbfocbkqsfdzcfkgmn/SourcePackages/checkouts/SwiftDraw/DOM/Sources/DOM.Path.swift
        /Users/rogerlin/Library/Developer/Xcode/DerivedData/FinancialCalculatorKit-ackorybalcxbfocbkqsfdzcfkgmn/SourcePackages/checkouts/SwiftDraw/DOM/Sources/DOM.Pattern.swift
        /Users/rogerlin/Library/Developer/Xcode/DerivedData/FinancialCalculatorKit-ackorybalcxbfocbkqsfdzcfkgmn/SourcePackages/checkouts/SwiftDraw/DOM/Sources/DOM.PresentationAttributes.swift
        /Users/rogerlin/Library/Developer/Xcode/DerivedData/FinancialCalculatorKit-ackorybalcxbfocbkqsfdzcfkgmn/SourcePackages/checkouts/SwiftDraw/DOM/Sources/DOM.RadialGradient.swift
        /Users/rogerlin/Library/Developer/Xcode/DerivedData/FinancialCalculatorKit-ackorybalcxbfocbkqsfdzcfkgmn/SourcePackages/checkouts/SwiftDraw/DOM/Sources/DOM.SVG+Parse.swift
        /Users/rogerlin/Library/Developer/Xcode/DerivedData/FinancialCalculatorKit-ackorybalcxbfocbkqsfdzcfkgmn/SourcePackages/checkouts/SwiftDraw/DOM/Sources/DOM.SVG.swift
        /Users/rogerlin/Library/Developer/Xcode/DerivedData/FinancialCalculatorKit-ackorybalcxbfocbkqsfdzcfkgmn/SourcePackages/checkouts/SwiftDraw/DOM/Sources/DOM.Switch.swift
        /Users/rogerlin/Library/Developer/Xcode/DerivedData/FinancialCalculatorKit-ackorybalcxbfocbkqsfdzcfkgmn/SourcePackages/checkouts/SwiftDraw/DOM/Sources/DOM.Text.swift
        /Users/rogerlin/Library/Developer/Xcode/DerivedData/FinancialCalculatorKit-ackorybalcxbfocbkqsfdzcfkgmn/SourcePackages/checkouts/SwiftDraw/DOM/Sources/DOM.Use.swift
        /Users/rogerlin/Library/Developer/Xcode/DerivedData/FinancialCalculatorKit-ackorybalcxbfocbkqsfdzcfkgmn/SourcePackages/checkouts/SwiftDraw/DOM/Sources/DOM.swift
        /Users/rogerlin/Library/Developer/Xcode/DerivedData/FinancialCalculatorKit-ackorybalcxbfocbkqsfdzcfkgmn/SourcePackages/checkouts/SwiftDraw/DOM/Sources/Parser.XML.Attributes.swift
        /Users/rogerlin/Library/Developer/Xcode/DerivedData/FinancialCalculatorKit-ackorybalcxbfocbkqsfdzcfkgmn/SourcePackages/checkouts/SwiftDraw/DOM/Sources/Parser.XML.Color.swift
        /Users/rogerlin/Library/Developer/Xcode/DerivedData/FinancialCalculatorKit-ackorybalcxbfocbkqsfdzcfkgmn/SourcePackages/checkouts/SwiftDraw/DOM/Sources/Parser.XML.Element.swift
        /Users/rogerlin/Library/Developer/Xcode/DerivedData/FinancialCalculatorKit-ackorybalcxbfocbkqsfdzcfkgmn/SourcePackages/checkouts/SwiftDraw/DOM/Sources/Parser.XML.Filter.swift
        /Users/rogerlin/Library/Developer/Xcode/DerivedData/FinancialCalculatorKit-ackorybalcxbfocbkqsfdzcfkgmn/SourcePackages/checkouts/SwiftDraw/DOM/Sources/Parser.XML.Image.swift
        /Users/rogerlin/Library/Developer/Xcode/DerivedData/FinancialCalculatorKit-ackorybalcxbfocbkqsfdzcfkgmn/SourcePackages/checkouts/SwiftDraw/DOM/Sources/Parser.XML.LinearGradient.swift
        /Users/rogerlin/Library/Developer/Xcode/DerivedData/FinancialCalculatorKit-ackorybalcxbfocbkqsfdzcfkgmn/SourcePackages/checkouts/SwiftDraw/DOM/Sources/Parser.XML.Path.swift
        /Users/rogerlin/Library/Developer/Xcode/DerivedData/FinancialCalculatorKit-ackorybalcxbfocbkqsfdzcfkgmn/SourcePackages/checkouts/SwiftDraw/DOM/Sources/Parser.XML.Pattern.swift
        /Users/rogerlin/Library/Developer/Xcode/DerivedData/FinancialCalculatorKit-ackorybalcxbfocbkqsfdzcfkgmn/SourcePackages/checkouts/SwiftDraw/DOM/Sources/Parser.XML.RadialGradient.swift
        /Users/rogerlin/Library/Developer/Xcode/DerivedData/FinancialCalculatorKit-ackorybalcxbfocbkqsfdzcfkgmn/SourcePackages/checkouts/SwiftDraw/DOM/Sources/Parser.XML.SVG.swift
        /Users/rogerlin/Library/Developer/Xcode/DerivedData/FinancialCalculatorKit-ackorybalcxbfocbkqsfdzcfkgmn/SourcePackages/checkouts/SwiftDraw/DOM/Sources/Parser.XML.Scanner.swift
        /Users/rogerlin/Library/Developer/Xcode/DerivedData/FinancialCalculatorKit-ackorybalcxbfocbkqsfdzcfkgmn/SourcePackages/checkouts/SwiftDraw/DOM/Sources/Parser.XML.StyleSheet.swift
        /Users/rogerlin/Library/Developer/Xcode/DerivedData/FinancialCalculatorKit-ackorybalcxbfocbkqsfdzcfkgmn/SourcePackages/checkouts/SwiftDraw/DOM/Sources/Parser.XML.Text.swift
        /Users/rogerlin/Library/Developer/Xcode/DerivedData/FinancialCalculatorKit-ackorybalcxbfocbkqsfdzcfkgmn/SourcePackages/checkouts/SwiftDraw/DOM/Sources/Parser.XML.Transform.swift
        /Users/rogerlin/Library/Developer/Xcode/DerivedData/FinancialCalculatorKit-ackorybalcxbfocbkqsfdzcfkgmn/SourcePackages/checkouts/SwiftDraw/DOM/Sources/Parser.XML.Use.swift
        /Users/rogerlin/Library/Developer/Xcode/DerivedData/FinancialCalculatorKit-ackorybalcxbfocbkqsfdzcfkgmn/SourcePackages/checkouts/SwiftDraw/DOM/Sources/Parser.XML.swift
        /Users/rogerlin/Library/Developer/Xcode/DerivedData/FinancialCalculatorKit-ackorybalcxbfocbkqsfdzcfkgmn/SourcePackages/checkouts/SwiftDraw/DOM/Sources/TextOutputStream+StandardError.swift
        /Users/rogerlin/Library/Developer/Xcode/DerivedData/FinancialCalculatorKit-ackorybalcxbfocbkqsfdzcfkgmn/SourcePackages/checkouts/SwiftDraw/DOM/Sources/URL+Data.swift
        /Users/rogerlin/Library/Developer/Xcode/DerivedData/FinancialCalculatorKit-ackorybalcxbfocbkqsfdzcfkgmn/SourcePackages/checkouts/SwiftDraw/DOM/Sources/URL+Fragment.swift
        /Users/rogerlin/Library/Developer/Xcode/DerivedData/FinancialCalculatorKit-ackorybalcxbfocbkqsfdzcfkgmn/SourcePackages/checkouts/SwiftDraw/DOM/Sources/XML.Element.swift
        /Users/rogerlin/Library/Developer/Xcode/DerivedData/FinancialCalculatorKit-ackorybalcxbfocbkqsfdzcfkgmn/SourcePackages/checkouts/SwiftDraw/DOM/Sources/XML.SAXParser.swift
        /Users/rogerlin/Library/Developer/Xcode/DerivedData/FinancialCalculatorKit-ackorybalcxbfocbkqsfdzcfkgmn/Build/Intermediates.noindex/SwiftDraw.build/Debug/SwiftDrawDOM.build/Objects-normal/arm64/SwiftDrawDOM.SwiftFileList
        /Users/rogerlin/Library/Developer/Xcode/DerivedData/FinancialCalculatorKit-ackorybalcxbfocbkqsfdzcfkgmn/Build/Intermediates.noindex/SwiftDraw.build/Debug/SwiftDrawDOM.build/Objects-normal/arm64/SwiftDrawDOM-OutputFileMap.json
        /Users/rogerlin/Library/Developer/Xcode/DerivedData/FinancialCalculatorKit-ackorybalcxbfocbkqsfdzcfkgmn/Build/Intermediates.noindex/SwiftDraw.build/Debug/SwiftDrawDOM.build/Objects-normal/arm64/SwiftDrawDOM_const_extract_protocols.json
        /Users/rogerlin/Library/Developer/Xcode/DerivedData/FinancialCalculatorKit-ackorybalcxbfocbkqsfdzcfkgmn/Build/Intermediates.noindex/GeneratedModuleMaps/SwiftDrawDOM.modulemap
        /Users/rogerlin/Library/Developer/Xcode/DerivedData/FinancialCalculatorKit-ackorybalcxbfocbkqsfdzcfkgmn/SourcePackages/checkouts/SwiftDraw/DOM/Sources/DOM+Extensions.swift
        /Users/rogerlin/Library/Developer/Xcode/DerivedData/FinancialCalculatorKit-ackorybalcxbfocbkqsfdzcfkgmn/SourcePackages/checkouts/SwiftDraw/DOM/Sources/DOM.Color.swift
        /Users/rogerlin/Library/Developer/Xcode/DerivedData/FinancialCalculatorKit-ackorybalcxbfocbkqsfdzcfkgmn/SourcePackages/checkouts/SwiftDraw/DOM/Sources/DOM.Element.swift
        /Users/rogerlin/Library/Developer/Xcode/DerivedData/FinancialCalculatorKit-ackorybalcxbfocbkqsfdzcfkgmn/SourcePackages/checkouts/SwiftDraw/DOM/Sources/DOM.Filter.swift
        /Users/rogerlin/Library/Developer/Xcode/DerivedData/FinancialCalculatorKit-ackorybalcxbfocbkqsfdzcfkgmn/SourcePackages/checkouts/SwiftDraw/DOM/Sources/DOM.Image.swift
        /Users/rogerlin/Library/Developer/Xcode/DerivedData/FinancialCalculatorKit-ackorybalcxbfocbkqsfdzcfkgmn/SourcePackages/checkouts/SwiftDraw/DOM/Sources/DOM.LinearGradient.swift
        /Users/rogerlin/Library/Developer/Xcode/DerivedData/FinancialCalculatorKit-ackorybalcxbfocbkqsfdzcfkgmn/SourcePackages/checkouts/SwiftDraw/DOM/Sources/DOM.Path.swift
        /Users/rogerlin/Library/Developer/Xcode/DerivedData/FinancialCalculatorKit-ackorybalcxbfocbkqsfdzcfkgmn/SourcePackages/checkouts/SwiftDraw/DOM/Sources/DOM.Pattern.swift
        /Users/rogerlin/Library/Developer/Xcode/DerivedData/FinancialCalculatorKit-ackorybalcxbfocbkqsfdzcfkgmn/SourcePackages/checkouts/SwiftDraw/DOM/Sources/DOM.PresentationAttributes.swift
        /Users/rogerlin/Library/Developer/Xcode/DerivedData/FinancialCalculatorKit-ackorybalcxbfocbkqsfdzcfkgmn/SourcePackages/checkouts/SwiftDraw/DOM/Sources/DOM.RadialGradient.swift
        /Users/rogerlin/Library/Developer/Xcode/DerivedData/FinancialCalculatorKit-ackorybalcxbfocbkqsfdzcfkgmn/SourcePackages/checkouts/SwiftDraw/DOM/Sources/DOM.SVG+Parse.swift
        /Users/rogerlin/Library/Developer/Xcode/DerivedData/FinancialCalculatorKit-ackorybalcxbfocbkqsfdzcfkgmn/SourcePackages/checkouts/SwiftDraw/DOM/Sources/DOM.SVG.swift
        /Users/rogerlin/Library/Developer/Xcode/DerivedData/FinancialCalculatorKit-ackorybalcxbfocbkqsfdzcfkgmn/SourcePackages/checkouts/SwiftDraw/DOM/Sources/DOM.Switch.swift
        /Users/rogerlin/Library/Developer/Xcode/DerivedData/FinancialCalculatorKit-ackorybalcxbfocbkqsfdzcfkgmn/SourcePackages/checkouts/SwiftDraw/DOM/Sources/DOM.Text.swift
        /Users/rogerlin/Library/Developer/Xcode/DerivedData/FinancialCalculatorKit-ackorybalcxbfocbkqsfdzcfkgmn/SourcePackages/checkouts/SwiftDraw/DOM/Sources/DOM.Use.swift
        /Users/rogerlin/Library/Developer/Xcode/DerivedData/FinancialCalculatorKit-ackorybalcxbfocbkqsfdzcfkgmn/SourcePackages/checkouts/SwiftDraw/DOM/Sources/DOM.swift
        /Users/rogerlin/Library/Developer/Xcode/DerivedData/FinancialCalculatorKit-ackorybalcxbfocbkqsfdzcfkgmn/SourcePackages/checkouts/SwiftDraw/DOM/Sources/Parser.XML.Attributes.swift
        /Users/rogerlin/Library/Developer/Xcode/DerivedData/FinancialCalculatorKit-ackorybalcxbfocbkqsfdzcfkgmn/SourcePackages/checkouts/SwiftDraw/DOM/Sources/Parser.XML.Color.swift
        /Users/rogerlin/Library/Developer/Xcode/DerivedData/FinancialCalculatorKit-ackorybalcxbfocbkqsfdzcfkgmn/SourcePackages/checkouts/SwiftDraw/DOM/Sources/Parser.XML.Element.swift
        /Users/rogerlin/Library/Developer/Xcode/DerivedData/FinancialCalculatorKit-ackorybalcxbfocbkqsfdzcfkgmn/SourcePackages/checkouts/SwiftDraw/DOM/Sources/Parser.XML.Filter.swift
        /Users/rogerlin/Library/Developer/Xcode/DerivedData/FinancialCalculatorKit-ackorybalcxbfocbkqsfdzcfkgmn/SourcePackages/checkouts/SwiftDraw/DOM/Sources/Parser.XML.Image.swift
        /Users/rogerlin/Library/Developer/Xcode/DerivedData/FinancialCalculatorKit-ackorybalcxbfocbkqsfdzcfkgmn/SourcePackages/checkouts/SwiftDraw/DOM/Sources/Parser.XML.LinearGradient.swift
        /Users/rogerlin/Library/Developer/Xcode/DerivedData/FinancialCalculatorKit-ackorybalcxbfocbkqsfdzcfkgmn/SourcePackages/checkouts/SwiftDraw/DOM/Sources/Parser.XML.Path.swift
        /Users/rogerlin/Library/Developer/Xcode/DerivedData/FinancialCalculatorKit-ackorybalcxbfocbkqsfdzcfkgmn/SourcePackages/checkouts/SwiftDraw/DOM/Sources/Parser.XML.Pattern.swift
        /Users/rogerlin/Library/Developer/Xcode/DerivedData/FinancialCalculatorKit-ackorybalcxbfocbkqsfdzcfkgmn/SourcePackages/checkouts/SwiftDraw/DOM/Sources/Parser.XML.RadialGradient.swift
        /Users/rogerlin/Library/Developer/Xcode/DerivedData/FinancialCalculatorKit-ackorybalcxbfocbkqsfdzcfkgmn/SourcePackages/checkouts/SwiftDraw/DOM/Sources/Parser.XML.SVG.swift
        /Users/rogerlin/Library/Developer/Xcode/DerivedData/FinancialCalculatorKit-ackorybalcxbfocbkqsfdzcfkgmn/SourcePackages/checkouts/SwiftDraw/DOM/Sources/Parser.XML.Scanner.swift
        /Users/rogerlin/Library/Developer/Xcode/DerivedData/FinancialCalculatorKit-ackorybalcxbfocbkqsfdzcfkgmn/SourcePackages/checkouts/SwiftDraw/DOM/Sources/Parser.XML.StyleSheet.swift
        /Users/rogerlin/Library/Developer/Xcode/DerivedData/FinancialCalculatorKit-ackorybalcxbfocbkqsfdzcfkgmn/SourcePackages/checkouts/SwiftDraw/DOM/Sources/Parser.XML.Text.swift
        /Users/rogerlin/Library/Developer/Xcode/DerivedData/FinancialCalculatorKit-ackorybalcxbfocbkqsfdzcfkgmn/SourcePackages/checkouts/SwiftDraw/DOM/Sources/Parser.XML.Transform.swift
        /Users/rogerlin/Library/Developer/Xcode/DerivedData/FinancialCalculatorKit-ackorybalcxbfocbkqsfdzcfkgmn/SourcePackages/checkouts/SwiftDraw/DOM/Sources/Parser.XML.Use.swift
        /Users/rogerlin/Library/Developer/Xcode/DerivedData/FinancialCalculatorKit-ackorybalcxbfocbkqsfdzcfkgmn/SourcePackages/checkouts/SwiftDraw/DOM/Sources/Parser.XML.swift
        /Users/rogerlin/Library/Developer/Xcode/DerivedData/FinancialCalculatorKit-ackorybalcxbfocbkqsfdzcfkgmn/SourcePackages/checkouts/SwiftDraw/DOM/Sources/TextOutputStream+StandardError.swift
        /Users/rogerlin/Library/Developer/Xcode/DerivedData/FinancialCalculatorKit-ackorybalcxbfocbkqsfdzcfkgmn/SourcePackages/checkouts/SwiftDraw/DOM/Sources/URL+Data.swift
        /Users/rogerlin/Library/Developer/Xcode/DerivedData/FinancialCalculatorKit-ackorybalcxbfocbkqsfdzcfkgmn/SourcePackages/checkouts/SwiftDraw/DOM/Sources/URL+Fragment.swift
        /Users/rogerlin/Library/Developer/Xcode/DerivedData/FinancialCalculatorKit-ackorybalcxbfocbkqsfdzcfkgmn/SourcePackages/checkouts/SwiftDraw/DOM/Sources/XML.Element.swift
        /Users/rogerlin/Library/Developer/Xcode/DerivedData/FinancialCalculatorKit-ackorybalcxbfocbkqsfdzcfkgmn/SourcePackages/checkouts/SwiftDraw/DOM/Sources/XML.SAXParser.swift
        /Users/rogerlin/Library/Developer/Xcode/DerivedData/FinancialCalculatorKit-ackorybalcxbfocbkqsfdzcfkgmn/Build/Intermediates.noindex/SwiftDraw.build/Debug/SwiftDrawDOM.build/Objects-normal/arm64/SwiftDrawDOM.SwiftFileList
        /Users/rogerlin/Library/Developer/Xcode/DerivedData/FinancialCalculatorKit-ackorybalcxbfocbkqsfdzcfkgmn/Build/Intermediates.noindex/SwiftDraw.build/Debug/SwiftDrawDOM.build/Objects-normal/arm64/SwiftDrawDOM-OutputFileMap.json
        /Users/rogerlin/Library/Developer/Xcode/DerivedData/FinancialCalculatorKit-ackorybalcxbfocbkqsfdzcfkgmn/Build/Intermediates.noindex/SwiftDraw.build/Debug/SwiftDrawDOM.build/Objects-normal/arm64/SwiftDrawDOM_const_extract_protocols.json
        /Users/rogerlin/Library/Developer/Xcode/DerivedData/FinancialCalculatorKit-ackorybalcxbfocbkqsfdzcfkgmn/Build/Intermediates.noindex/GeneratedModuleMaps/SwiftDrawDOM.modulemap
        <ClangStatCache /Users/rogerlin/Library/Developer/Xcode/DerivedData/SDKStatCaches.noindex/macosx26.1-25B74-3ae1261907bdadc328169391a47051a6.sdkstatcache>
        <target-SwiftDrawDOM-PACKAGE-TARGET:SwiftDrawDOM-SDKROOT:macosx:SDK_VARIANT:macos-copy-headers-completion>
        <target-SwiftDrawDOM-PACKAGE-TARGET:SwiftDrawDOM-SDKROOT:macosx:SDK_VARIANT:macos-ModuleVerifierTaskProducer>
        <target-SwiftDrawDOM-PACKAGE-TARGET:SwiftDrawDOM-SDKROOT:macosx:SDK_VARIANT:macos-begin-compiling>
        <WorkspaceHeaderMapVFSFilesWritten>

    Task output dependencies:
        /Users/rogerlin/Library/Developer/Xcode/DerivedData/FinancialCalculatorKit-ackorybalcxbfocbkqsfdzcfkgmn/Build/Intermediates.noindex/SwiftDraw.build/Debug/SwiftDrawDOM.build/Objects-normal/arm64/SwiftDrawDOM Swift Compilation Requirements Finished
        /Users/rogerlin/Library/Developer/Xcode/DerivedData/FinancialCalculatorKit-ackorybalcxbfocbkqsfdzcfkgmn/Build/Intermediates.noindex/SwiftDraw.build/Debug/SwiftDrawDOM.build/Objects-normal/arm64/SwiftDrawDOM.swiftmodule
        /Users/rogerlin/Library/Developer/Xcode/DerivedData/FinancialCalculatorKit-ackorybalcxbfocbkqsfdzcfkgmn/Build/Intermediates.noindex/SwiftDraw.build/Debug/SwiftDrawDOM.build/Objects-normal/arm64/SwiftDrawDOM-linker-args.resp
        /Users/rogerlin/Library/Developer/Xcode/DerivedData/FinancialCalculatorKit-ackorybalcxbfocbkqsfdzcfkgmn/Build/Intermediates.noindex/SwiftDraw.build/Debug/SwiftDrawDOM.build/Objects-normal/arm64/SwiftDrawDOM.swiftsourceinfo
        /Users/rogerlin/Library/Developer/Xcode/DerivedData/FinancialCalculatorKit-ackorybalcxbfocbkqsfdzcfkgmn/Build/Intermediates.noindex/SwiftDraw.build/Debug/SwiftDrawDOM.build/Objects-normal/arm64/SwiftDrawDOM.abi.json
        /Users/rogerlin/Library/Developer/Xcode/DerivedData/FinancialCalculatorKit-ackorybalcxbfocbkqsfdzcfkgmn/Build/Intermediates.noindex/SwiftDraw.build/Debug/SwiftDrawDOM.build/Objects-normal/arm64/SwiftDrawDOM-Swift.h
        /Users/rogerlin/Library/Developer/Xcode/DerivedData/FinancialCalculatorKit-ackorybalcxbfocbkqsfdzcfkgmn/Build/Intermediates.noindex/SwiftDraw.build/Debug/SwiftDrawDOM.build/Objects-normal/arm64/SwiftDrawDOM.swiftdoc
Discovered dependency nodes:
/Applications/Xcode.app/Contents/Developer/Platforms/MacOSX.platform/Developer/SDKs/MacOSX26.1.sdk/System/Library/Frameworks/CFNetwork.framework/Modules/module.modulemap
/Applications/Xcode.app/Contents/Developer/Platforms/MacOSX.platform/Developer/SDKs/MacOSX26.1.sdk/System/Library/Frameworks/CFNetwork.framework/Headers/CFNetwork.h
/Applications/Xcode.app/Contents/Developer/Platforms/MacOSX.platform/Developer/SDKs/MacOSX26.1.sdk/System/Library/Frameworks/CoreFoundation.framework/Modules/module.modulemap
/Applications/Xcode.app/Contents/Developer/Platforms/MacOSX.platform/Developer/SDKs/MacOSX26.1.sdk/System/Library/Frameworks/CFNetwork.framework/Headers/CFNetworkDefs.h
/Applications/Xcode.app/Contents/Developer/Platforms/MacOSX.platform/Developer/SDKs/MacOSX26.1.sdk/usr/include/Darwin.modulemap
/Applications/Xcode.app/Contents/Developer/Platforms/MacOSX.platform/Developer/SDKs/MacOSX26.1.sdk/System/Library/Frameworks/CFNetwork.framework/Headers/CFNetworkErrors.h
/Applications/Xcode.app/Contents/Developer/Platforms/MacOSX.platform/Developer/SDKs/MacOSX26.1.sdk/System/Library/Frameworks/CFNetwork.framework/Headers/CFSocketStream.h
/Applications/Xcode.app/Contents/Developer/Platforms/MacOSX.platform/Developer/SDKs/MacOSX26.1.sdk/System/Library/Frameworks/CFNetwork.framework/Headers/CFHost.h
/Applications/Xcode.app/Contents/Developer/Platforms/MacOSX.platform/Developer/SDKs/MacOSX26.1.sdk/System/Library/Frameworks/CFNetwork.framework/Headers/CFNetServices.h
/Applications/Xcode.app/Contents/Developer/Platforms/MacOSX.platform/Developer/SDKs/MacOSX26.1.sdk/System/Library/Frameworks/CFNetwork.framework/Headers/CFFTPStream.h
/Applications/Xcode.app/Contents/Developer/Platforms/MacOSX.platform/Developer/SDKs/MacOSX26.1.sdk/System/Library/Frameworks/CFNetwork.framework/Headers/CFHTTPMessage.h
/Applications/Xcode.app/Contents/Developer/Platforms/MacOSX.platform/Developer/SDKs/MacOSX26.1.sdk/System/Library/Frameworks/CFNetwork.framework/Headers/CFHTTPStream.h
/Applications/Xcode.app/Contents/Developer/Platforms/MacOSX.platform/Developer/SDKs/MacOSX26.1.sdk/System/Library/Frameworks/CFNetwork.framework/Headers/CFHTTPAuthentication.h
/Applications/Xcode.app/Contents/Developer/Platforms/MacOSX.platform/Developer/SDKs/MacOSX26.1.sdk/System/Library/Frameworks/CFNetwork.framework/Headers/CFNetDiagnostics.h
/Applications/Xcode.app/Contents/Developer/Toolchains/XcodeDefault.xctoolchain/usr/lib/swift/clang/include/module.modulemap
/Applications/Xcode.app/Contents/Developer/Platforms/MacOSX.platform/Developer/SDKs/MacOSX26.1.sdk/System/Library/Frameworks/CFNetwork.framework/Headers/CFProxySupport.h
/Applications/Xcode.app/Contents/Developer/Platforms/MacOSX.platform/Developer/SDKs/MacOSX26.1.sdk/SDKSettings.json
/Applications/Xcode.app/Contents/Developer/Toolchains/XcodeDefault.xctoolchain/usr/lib/swift/macosx/prebuilt-modules/26.1/Combine.swiftmodule/arm64e-apple-macos.swiftmodule
/Applications/Xcode.app/Contents/Developer/Platforms/MacOSX.platform/Developer/SDKs/MacOSX26.1.sdk/System/Library/Frameworks/CoreFoundation.framework/Modules/module.modulemap
/Applications/Xcode.app/Contents/Developer/Platforms/MacOSX.platform/Developer/SDKs/MacOSX26.1.sdk/System/Library/Frameworks/CoreFoundation.framework/Headers/CoreFoundation.h
/Applications/Xcode.app/Contents/Developer/Platforms/MacOSX.platform/Developer/SDKs/MacOSX26.1.sdk/usr/include/dispatch.modulemap
/Applications/Xcode.app/Contents/Developer/Platforms/MacOSX.platform/Developer/SDKs/MacOSX26.1.sdk/usr/include/Darwin.modulemap
/Applications/Xcode.app/Contents/Developer/Platforms/MacOSX.platform/Developer/SDKs/MacOSX26.1.sdk/usr/include/Darwin_C.modulemap
/Applications/Xcode.app/Contents/Developer/Platforms/MacOSX.platform/Developer/SDKs/MacOSX26.1.sdk/usr/include/Darwin_POSIX.modulemap
/Applications/Xcode.app/Contents/Developer/Platforms/MacOSX.platform/Developer/SDKs/MacOSX26.1.sdk/usr/include/net.modulemap
/Applications/Xcode.app/Contents/Developer/Platforms/MacOSX.platform/Developer/SDKs/MacOSX26.1.sdk/usr/include/netinet.modulemap
/Applications/Xcode.app/Contents/Developer/Platforms/MacOSX.platform/Developer/SDKs/MacOSX26.1.sdk/usr/include/bank.modulemap
/Applications/Xcode.app/Contents/Developer/Platforms/MacOSX.platform/Developer/SDKs/MacOSX26.1.sdk/usr/include/Darwin_Mach.modulemap
/Applications/Xcode.app/Contents/Developer/Platforms/MacOSX.platform/Developer/SDKs/MacOSX26.1.sdk/usr/include/Darwin_Mach_machine.modulemap
/Applications/Xcode.app/Contents/Developer/Platforms/MacOSX.platform/Developer/SDKs/MacOSX26.1.sdk/usr/include/mach_debug.modulemap
/Applications/Xcode.app/Contents/Developer/Platforms/MacOSX.platform/Developer/SDKs/MacOSX26.1.sdk/usr/include/device.modulemap
/Applications/Xcode.app/Contents/Developer/Platforms/MacOSX.platform/Developer/SDKs/MacOSX26.1.sdk/usr/include/Darwin_machine.modulemap
/Applications/Xcode.app/Contents/Developer/Platforms/MacOSX.platform/Developer/SDKs/MacOSX26.1.sdk/usr/include/ncurses.modulemap
/Applications/Xcode.app/Contents/Developer/Platforms/MacOSX.platform/Developer/SDKs/MacOSX26.1.sdk/usr/include/netinet6.modulemap
/Applications/Xcode.app/Contents/Developer/Platforms/MacOSX.platform/Developer/SDKs/MacOSX26.1.sdk/usr/include/Darwin_sys.modulemap
/Applications/Xcode.app/Contents/Developer/Platforms/MacOSX.platform/Developer/SDKs/MacOSX26.1.sdk/usr/include/uuid.modulemap
/Applications/Xcode.app/Contents/Developer/Platforms/MacOSX.platform/Developer/SDKs/MacOSX26.1.sdk/usr/include/DarwinFoundation2.modulemap
/Applications/Xcode.app/Contents/Developer/Platforms/MacOSX.platform/Developer/SDKs/MacOSX26.1.sdk/usr/include/DarwinFoundation3.modulemap
/Applications/Xcode.app/Contents/Developer/Platforms/MacOSX.platform/Developer/SDKs/MacOSX26.1.sdk/usr/include/DarwinFoundation1.modulemap
/Applications/Xcode.app/Contents/Developer/Toolchains/XcodeDefault.xctoolchain/usr/lib/swift/clang/include/module.modulemap
/Applications/Xcode.app/Contents/Developer/Toolchains/XcodeDefault.xctoolchain/usr/lib/swift/clang/include/stdarg.h
/Applications/Xcode.app/Contents/Developer/Platforms/MacOSX.platform/Developer/SDKs/MacOSX26.1.sdk/usr/include/assert.h
/Applications/Xcode.app/Contents/Developer/Platforms/MacOSX.platform/Developer/SDKs/MacOSX26.1.sdk/usr/include/ctype.h
/Applications/Xcode.app/Contents/Developer/Toolchains/XcodeDefault.xctoolchain/usr/lib/swift/clang/include/stddef.h
/Applications/Xcode.app/Contents/Developer/Platforms/MacOSX.platform/Developer/SDKs/MacOSX26.1.sdk/usr/include/stdio.h
/Applications/Xcode.app/Contents/Developer/Platforms/MacOSX.platform/Developer/SDKs/MacOSX26.1.sdk/usr/include/stdlib.h
/Applications/Xcode.app/Contents/Developer/Platforms/MacOSX.platform/Developer/SDKs/MacOSX26.1.sdk/usr/include/string.h
/Applications/Xcode.app/Contents/Developer/Platforms/MacOSX.platform/Developer/SDKs/MacOSX26.1.sdk/usr/include/time.h
/Applications/Xcode.app/Contents/Developer/Platforms/MacOSX.platform/Developer/SDKs/MacOSX26.1.sdk/System/Library/Frameworks/CoreFoundation.framework/Headers/CFBase.h
/Applications/Xcode.app/Contents/Developer/Platforms/MacOSX.platform/Developer/SDKs/MacOSX26.1.sdk/System/Library/Frameworks/CoreFoundation.framework/Headers/CFAvailability.h
/Applications/Xcode.app/Contents/Developer/Platforms/MacOSX.platform/Developer/SDKs/MacOSX26.1.sdk/System/Library/Frameworks/CoreFoundation.framework/Headers/CFArray.h
/Applications/Xcode.app/Contents/Developer/Platforms/MacOSX.platform/Developer/SDKs/MacOSX26.1.sdk/System/Library/Frameworks/CoreFoundation.framework/Headers/CFBag.h
/Applications/Xcode.app/Contents/Developer/Platforms/MacOSX.platform/Developer/SDKs/MacOSX26.1.sdk/System/Library/Frameworks/CoreFoundation.framework/Headers/CFBinaryHeap.h
/Applications/Xcode.app/Contents/Developer/Platforms/MacOSX.platform/Developer/SDKs/MacOSX26.1.sdk/System/Library/Frameworks/CoreFoundation.framework/Headers/CFBitVector.h
/Applications/Xcode.app/Contents/Developer/Platforms/MacOSX.platform/Developer/SDKs/MacOSX26.1.sdk/System/Library/Frameworks/CoreFoundation.framework/Headers/CFByteOrder.h
/Applications/Xcode.app/Contents/Developer/Platforms/MacOSX.platform/Developer/SDKs/MacOSX26.1.sdk/System/Library/Frameworks/CoreFoundation.framework/Headers/CFCalendar.h
/Applications/Xcode.app/Contents/Developer/Platforms/MacOSX.platform/Developer/SDKs/MacOSX26.1.sdk/System/Library/Frameworks/CoreFoundation.framework/Headers/CFLocale.h
/Applications/Xcode.app/Contents/Developer/Platforms/MacOSX.platform/Developer/SDKs/MacOSX26.1.sdk/System/Library/Frameworks/CoreFoundation.framework/Headers/CFDictionary.h
/Applications/Xcode.app/Contents/Developer/Platforms/MacOSX.platform/Developer/SDKs/MacOSX26.1.sdk/System/Library/Frameworks/CoreFoundation.framework/Headers/CFNotificationCenter.h
/Applications/Xcode.app/Contents/Developer/Platforms/MacOSX.platform/Developer/SDKs/MacOSX26.1.sdk/System/Library/Frameworks/CoreFoundation.framework/Headers/CFDate.h
/Applications/Xcode.app/Contents/Developer/Platforms/MacOSX.platform/Developer/SDKs/MacOSX26.1.sdk/System/Library/Frameworks/CoreFoundation.framework/Headers/CFTimeZone.h
/Applications/Xcode.app/Contents/Developer/Platforms/MacOSX.platform/Developer/SDKs/MacOSX26.1.sdk/System/Library/Frameworks/CoreFoundation.framework/Headers/CFData.h
/Applications/Xcode.app/Contents/Developer/Platforms/MacOSX.platform/Developer/SDKs/MacOSX26.1.sdk/System/Library/Frameworks/CoreFoundation.framework/Headers/CFString.h
/Applications/Xcode.app/Contents/Developer/Platforms/MacOSX.platform/Developer/SDKs/MacOSX26.1.sdk/System/Library/Frameworks/CoreFoundation.framework/Headers/CFCharacterSet.h
/Applications/Xcode.app/Contents/Developer/Platforms/MacOSX.platform/Developer/SDKs/MacOSX26.1.sdk/System/Library/Frameworks/CoreFoundation.framework/Headers/CFError.h
/Applications/Xcode.app/Contents/Developer/Platforms/MacOSX.platform/Developer/SDKs/MacOSX26.1.sdk/System/Library/Frameworks/CoreFoundation.framework/Headers/CFCGTypes.h
/Applications/Xcode.app/Contents/Developer/Platforms/MacOSX.platform/Developer/SDKs/MacOSX26.1.sdk/System/Library/Frameworks/CoreFoundation.framework/Headers/CFDateFormatter.h
/Applications/Xcode.app/Contents/Developer/Platforms/MacOSX.platform/Developer/SDKs/MacOSX26.1.sdk/System/Library/Frameworks/CoreFoundation.framework/Headers/CFNumber.h
/Applications/Xcode.app/Contents/Developer/Platforms/MacOSX.platform/Developer/SDKs/MacOSX26.1.sdk/System/Library/Frameworks/CoreFoundation.framework/Headers/CFNumberFormatter.h
/Applications/Xcode.app/Contents/Developer/Platforms/MacOSX.platform/Developer/SDKs/MacOSX26.1.sdk/System/Library/Frameworks/CoreFoundation.framework/Headers/CFPreferences.h
/Applications/Xcode.app/Contents/Developer/Platforms/MacOSX.platform/Developer/SDKs/MacOSX26.1.sdk/System/Library/Frameworks/CoreFoundation.framework/Headers/CFPropertyList.h
/Applications/Xcode.app/Contents/Developer/Platforms/MacOSX.platform/Developer/SDKs/MacOSX26.1.sdk/System/Library/Frameworks/CoreFoundation.framework/Headers/CFStream.h
/Applications/Xcode.app/Contents/Developer/Platforms/MacOSX.platform/Developer/SDKs/MacOSX26.1.sdk/System/Library/Frameworks/CoreFoundation.framework/Headers/CFURL.h
/Applications/Xcode.app/Contents/Developer/Platforms/MacOSX.platform/Developer/SDKs/MacOSX26.1.sdk/System/Library/Frameworks/CoreFoundation.framework/Headers/CFRunLoop.h
/Applications/Xcode.app/Contents/Developer/Platforms/MacOSX.platform/Developer/SDKs/MacOSX26.1.sdk/System/Library/Frameworks/CoreFoundation.framework/Headers/CFSocket.h
/Applications/Xcode.app/Contents/Developer/Platforms/MacOSX.platform/Developer/SDKs/MacOSX26.1.sdk/System/Library/Frameworks/CoreFoundation.framework/Headers/CFSet.h
/Applications/Xcode.app/Contents/Developer/Platforms/MacOSX.platform/Developer/SDKs/MacOSX26.1.sdk/System/Library/Frameworks/CoreFoundation.framework/Headers/CFStringEncodingExt.h
/Applications/Xcode.app/Contents/Developer/Platforms/MacOSX.platform/Developer/SDKs/MacOSX26.1.sdk/System/Library/Frameworks/CoreFoundation.framework/Headers/CFTree.h
/Applications/Xcode.app/Contents/Developer/Platforms/MacOSX.platform/Developer/SDKs/MacOSX26.1.sdk/System/Library/Frameworks/CoreFoundation.framework/Headers/CFURLAccess.h
/Applications/Xcode.app/Contents/Developer/Platforms/MacOSX.platform/Developer/SDKs/MacOSX26.1.sdk/System/Library/Frameworks/CoreFoundation.framework/Headers/CFUUID.h
/Applications/Xcode.app/Contents/Developer/Platforms/MacOSX.platform/Developer/SDKs/MacOSX26.1.sdk/System/Library/Frameworks/CoreFoundation.framework/Headers/CFUtilities.h
/Applications/Xcode.app/Contents/Developer/Platforms/MacOSX.platform/Developer/SDKs/MacOSX26.1.sdk/System/Library/Frameworks/CoreFoundation.framework/Headers/CFBundle.h
/Applications/Xcode.app/Contents/Developer/Platforms/MacOSX.platform/Developer/SDKs/MacOSX26.1.sdk/System/Library/Frameworks/CoreFoundation.framework/Headers/CFMessagePort.h
/Applications/Xcode.app/Contents/Developer/Platforms/MacOSX.platform/Developer/SDKs/MacOSX26.1.sdk/System/Library/Frameworks/CoreFoundation.framework/Headers/CFPlugIn.h
/Applications/Xcode.app/Contents/Developer/Platforms/MacOSX.platform/Developer/SDKs/MacOSX26.1.sdk/System/Library/Frameworks/CoreFoundation.framework/Headers/CFMachPort.h
/Applications/Xcode.app/Contents/Developer/Platforms/MacOSX.platform/Developer/SDKs/MacOSX26.1.sdk/System/Library/Frameworks/CoreFoundation.framework/Headers/CFAttributedString.h
/Applications/Xcode.app/Contents/Developer/Platforms/MacOSX.platform/Developer/SDKs/MacOSX26.1.sdk/System/Library/Frameworks/CoreFoundation.framework/Headers/CFURLEnumerator.h
/Applications/Xcode.app/Contents/Developer/Platforms/MacOSX.platform/Developer/SDKs/MacOSX26.1.sdk/System/Library/Frameworks/CoreFoundation.framework/Headers/CFFileSecurity.h
/Applications/Xcode.app/Contents/Developer/Platforms/MacOSX.platform/Developer/SDKs/MacOSX26.1.sdk/System/Library/Frameworks/CoreFoundation.framework/Headers/CFStringTokenizer.h
/Applications/Xcode.app/Contents/Developer/Platforms/MacOSX.platform/Developer/SDKs/MacOSX26.1.sdk/System/Library/Frameworks/CoreFoundation.framework/Headers/CFFileDescriptor.h
/Applications/Xcode.app/Contents/Developer/Platforms/MacOSX.platform/Developer/SDKs/MacOSX26.1.sdk/System/Library/Frameworks/CoreFoundation.framework/Headers/CFUserNotification.h
/Applications/Xcode.app/Contents/Developer/Platforms/MacOSX.platform/Developer/SDKs/MacOSX26.1.sdk/System/Library/Frameworks/CoreFoundation.framework/Headers/CFXMLNode.h
/Applications/Xcode.app/Contents/Developer/Platforms/MacOSX.platform/Developer/SDKs/MacOSX26.1.sdk/System/Library/Frameworks/CoreFoundation.framework/Headers/CFXMLParser.h
/Applications/Xcode.app/Contents/Developer/Platforms/MacOSX.platform/Developer/SDKs/MacOSX26.1.sdk/System/Library/Frameworks/CoreFoundation.framework/Headers/CFPlugInCOM.h
/Applications/Xcode.app/Contents/Developer/Platforms/MacOSX.platform/Developer/SDKs/MacOSX26.1.sdk/SDKSettings.json
/Applications/Xcode.app/Contents/Developer/Toolchains/XcodeDefault.xctoolchain/usr/lib/swift/macosx/prebuilt-modules/26.1/CoreFoundation.swiftmodule/arm64e-apple-macos.swiftmodule
/Applications/Xcode.app/Contents/Developer/Platforms/MacOSX.platform/Developer/SDKs/MacOSX26.1.sdk/System/Library/Frameworks/CoreServices.framework/Modules/module.modulemap
/Applications/Xcode.app/Contents/Developer/Platforms/MacOSX.platform/Developer/SDKs/MacOSX26.1.sdk/System/Library/Frameworks/CoreServices.framework/Headers/CoreServices.h
/Applications/Xcode.app/Contents/Developer/Platforms/MacOSX.platform/Developer/SDKs/MacOSX26.1.sdk/System/Library/Frameworks/CoreFoundation.framework/Modules/module.modulemap
/Applications/Xcode.app/Contents/Developer/Platforms/MacOSX.platform/Developer/SDKs/MacOSX26.1.sdk/System/Library/Frameworks/CoreServices.framework/Frameworks/AE.framework/Headers/AE.h
/Applications/Xcode.app/Contents/Developer/Platforms/MacOSX.platform/Developer/SDKs/MacOSX26.1.sdk/System/Library/Frameworks/CoreServices.framework/Frameworks/CarbonCore.framework/Headers/CarbonCore.h
/Applications/Xcode.app/Contents/Developer/Platforms/MacOSX.platform/Developer/SDKs/MacOSX26.1.sdk/System/Library/Frameworks/CoreServices.framework/Frameworks/CarbonCore.framework/Headers/Finder.h
/Applications/Xcode.app/Contents/Developer/Platforms/MacOSX.platform/Developer/SDKs/MacOSX26.1.sdk/usr/include/dispatch.modulemap
/Applications/Xcode.app/Contents/Developer/Platforms/MacOSX.platform/Developer/SDKs/MacOSX26.1.sdk/usr/include/Darwin.modulemap
/Applications/Xcode.app/Contents/Developer/Platforms/MacOSX.platform/Developer/SDKs/MacOSX26.1.sdk/usr/include/DarwinFoundation2.modulemap
/Applications/Xcode.app/Contents/Developer/Platforms/MacOSX.platform/Developer/SDKs/MacOSX26.1.sdk/usr/include/DarwinFoundation1.modulemap
/Applications/Xcode.app/Contents/Developer/Platforms/MacOSX.platform/Developer/SDKs/MacOSX26.1.sdk/System/Library/Frameworks/CoreServices.framework/Frameworks/CarbonCore.framework/Headers/FixMath.h
/Applications/Xcode.app/Contents/Developer/Platforms/MacOSX.platform/Developer/SDKs/MacOSX26.1.sdk/System/Library/Frameworks/CoreServices.framework/Frameworks/CarbonCore.framework/Headers/Script.h
/Applications/Xcode.app/Contents/Developer/Platforms/MacOSX.platform/Developer/SDKs/MacOSX26.1.sdk/System/Library/Frameworks/CoreServices.framework/Frameworks/CarbonCore.framework/Headers/IntlResources.h
/Applications/Xcode.app/Contents/Developer/Platforms/MacOSX.platform/Developer/SDKs/MacOSX26.1.sdk/System/Library/Frameworks/CoreServices.framework/Frameworks/CarbonCore.framework/Headers/UTCUtils.h
/Applications/Xcode.app/Contents/Developer/Platforms/MacOSX.platform/Developer/SDKs/MacOSX26.1.sdk/System/Library/Frameworks/CoreServices.framework/Frameworks/CarbonCore.framework/Headers/MacErrors.h
/Applications/Xcode.app/Contents/Developer/Platforms/MacOSX.platform/Developer/SDKs/MacOSX26.1.sdk/System/Library/Frameworks/CoreServices.framework/Frameworks/CarbonCore.framework/Headers/TextCommon.h
/Applications/Xcode.app/Contents/Developer/Platforms/MacOSX.platform/Developer/SDKs/MacOSX26.1.sdk/System/Library/Frameworks/CoreServices.framework/Frameworks/CarbonCore.framework/Headers/Collections.h
/Applications/Xcode.app/Contents/Developer/Platforms/MacOSX.platform/Developer/SDKs/MacOSX26.1.sdk/System/Library/Frameworks/CoreServices.framework/Frameworks/CarbonCore.framework/Headers/MixedMode.h
/Applications/Xcode.app/Contents/Developer/Platforms/MacOSX.platform/Developer/SDKs/MacOSX26.1.sdk/System/Library/Frameworks/CoreServices.framework/Frameworks/CarbonCore.framework/Headers/Endian.h
/Applications/Xcode.app/Contents/Developer/Platforms/MacOSX.platform/Developer/SDKs/MacOSX26.1.sdk/System/Library/Frameworks/CoreServices.framework/Frameworks/CarbonCore.framework/Headers/Gestalt.h
/Applications/Xcode.app/Contents/Developer/Platforms/MacOSX.platform/Developer/SDKs/MacOSX26.1.sdk/System/Library/Frameworks/CoreServices.framework/Frameworks/CarbonCore.framework/Headers/MacMemory.h
/Applications/Xcode.app/Contents/Developer/Platforms/MacOSX.platform/Developer/SDKs/MacOSX26.1.sdk/System/Library/Frameworks/CoreServices.framework/Frameworks/CarbonCore.framework/Headers/Math64.h
/Applications/Xcode.app/Contents/Developer/Platforms/MacOSX.platform/Developer/SDKs/MacOSX26.1.sdk/System/Library/Frameworks/CoreServices.framework/Frameworks/CarbonCore.framework/Headers/BackupCore.h
/Applications/Xcode.app/Contents/Developer/Platforms/MacOSX.platform/Developer/SDKs/MacOSX26.1.sdk/System/Library/Frameworks/CoreServices.framework/Frameworks/CarbonCore.framework/Headers/DiskSpaceRecovery.h
/Applications/Xcode.app/Contents/Developer/Platforms/MacOSX.platform/Developer/SDKs/MacOSX26.1.sdk/System/Library/Frameworks/CoreServices.framework/Frameworks/CarbonCore.framework/Headers/Components.h
/Applications/Xcode.app/Contents/Developer/Platforms/MacOSX.platform/Developer/SDKs/MacOSX26.1.sdk/System/Library/Frameworks/CoreServices.framework/Frameworks/CarbonCore.framework/Headers/Files.h
/Applications/Xcode.app/Contents/Developer/Platforms/MacOSX.platform/Developer/SDKs/MacOSX26.1.sdk/System/Library/Frameworks/CoreServices.framework/Frameworks/CarbonCore.framework/Headers/OSUtils.h
/Applications/Xcode.app/Contents/Developer/Platforms/MacOSX.platform/Developer/SDKs/MacOSX26.1.sdk/System/Library/Frameworks/CoreServices.framework/Frameworks/CarbonCore.framework/Headers/DateTimeUtils.h
/Applications/Xcode.app/Contents/Developer/Platforms/MacOSX.platform/Developer/SDKs/MacOSX26.1.sdk/System/Library/Frameworks/DiskArbitration.framework/Modules/module.modulemap
/Applications/Xcode.app/Contents/Developer/Platforms/MacOSX.platform/Developer/SDKs/MacOSX26.1.sdk/System/Library/Frameworks/CoreServices.framework/Frameworks/CarbonCore.framework/Headers/Resources.h
/Applications/Xcode.app/Contents/Developer/Platforms/MacOSX.platform/Developer/SDKs/MacOSX26.1.sdk/System/Library/Frameworks/CoreServices.framework/Frameworks/CarbonCore.framework/Headers/CodeFragments.h
/Applications/Xcode.app/Contents/Developer/Platforms/MacOSX.platform/Developer/SDKs/MacOSX26.1.sdk/System/Library/Frameworks/CoreServices.framework/Frameworks/CarbonCore.framework/Headers/Multiprocessing.h
/Applications/Xcode.app/Contents/Developer/Platforms/MacOSX.platform/Developer/SDKs/MacOSX26.1.sdk/System/Library/Frameworks/CoreServices.framework/Frameworks/CarbonCore.framework/Headers/Aliases.h
/Applications/Xcode.app/Contents/Developer/Platforms/MacOSX.platform/Developer/SDKs/MacOSX26.1.sdk/System/Library/Frameworks/CoreServices.framework/Frameworks/CarbonCore.framework/Headers/MacLocales.h
/Applications/Xcode.app/Contents/Developer/Platforms/MacOSX.platform/Developer/SDKs/MacOSX26.1.sdk/System/Library/Frameworks/CoreServices.framework/Frameworks/CarbonCore.framework/Headers/Debugging.h
/Applications/Xcode.app/Contents/Developer/Platforms/MacOSX.platform/Developer/SDKs/MacOSX26.1.sdk/System/Library/Frameworks/CoreServices.framework/Frameworks/CarbonCore.framework/Headers/PLStringFuncs.h
/Applications/Xcode.app/Contents/Developer/Platforms/MacOSX.platform/Developer/SDKs/MacOSX26.1.sdk/System/Library/Frameworks/CoreServices.framework/Frameworks/CarbonCore.framework/Headers/DriverSynchronization.h
/Applications/Xcode.app/Contents/Developer/Platforms/MacOSX.platform/Developer/SDKs/MacOSX26.1.sdk/System/Library/Frameworks/CoreServices.framework/Frameworks/CarbonCore.framework/Headers/DriverServices.h
/Applications/Xcode.app/Contents/Developer/Platforms/MacOSX.platform/Developer/SDKs/MacOSX26.1.sdk/System/Library/Frameworks/CoreServices.framework/Frameworks/CarbonCore.framework/Headers/MachineExceptions.h
/Applications/Xcode.app/Contents/Developer/Platforms/MacOSX.platform/Developer/SDKs/MacOSX26.1.sdk/System/Library/Frameworks/CoreServices.framework/Frameworks/CarbonCore.framework/Headers/NumberFormatting.h
/Applications/Xcode.app/Contents/Developer/Platforms/MacOSX.platform/Developer/SDKs/MacOSX26.1.sdk/System/Library/Frameworks/CoreServices.framework/Frameworks/CarbonCore.framework/Headers/StringCompare.h
/Applications/Xcode.app/Contents/Developer/Platforms/MacOSX.platform/Developer/SDKs/MacOSX26.1.sdk/System/Library/Frameworks/CoreServices.framework/Frameworks/CarbonCore.framework/Headers/TextUtils.h
/Applications/Xcode.app/Contents/Developer/Platforms/MacOSX.platform/Developer/SDKs/MacOSX26.1.sdk/System/Library/Frameworks/CoreServices.framework/Frameworks/CarbonCore.framework/Headers/ToolUtils.h
/Applications/Xcode.app/Contents/Developer/Platforms/MacOSX.platform/Developer/SDKs/MacOSX26.1.sdk/System/Library/Frameworks/CoreServices.framework/Frameworks/CarbonCore.framework/Headers/UnicodeUtilities.h
/Applications/Xcode.app/Contents/Developer/Platforms/MacOSX.platform/Developer/SDKs/MacOSX26.1.sdk/System/Library/Frameworks/CoreServices.framework/Frameworks/CarbonCore.framework/Headers/fp.h
/Applications/Xcode.app/Contents/Developer/Platforms/MacOSX.platform/Developer/SDKs/MacOSX26.1.sdk/System/Library/Frameworks/CoreServices.framework/Frameworks/CarbonCore.framework/Headers/TextEncodingConverter.h
/Applications/Xcode.app/Contents/Developer/Platforms/MacOSX.platform/Developer/SDKs/MacOSX26.1.sdk/System/Library/Frameworks/CoreServices.framework/Frameworks/CarbonCore.framework/Headers/UnicodeConverter.h
/Applications/Xcode.app/Contents/Developer/Platforms/MacOSX.platform/Developer/SDKs/MacOSX26.1.sdk/System/Library/Frameworks/CoreServices.framework/Frameworks/CarbonCore.framework/Headers/Threads.h
/Applications/Xcode.app/Contents/Developer/Platforms/MacOSX.platform/Developer/SDKs/MacOSX26.1.sdk/System/Library/Frameworks/CoreServices.framework/Frameworks/CarbonCore.framework/Headers/Folders.h
/Applications/Xcode.app/Contents/Developer/Platforms/MacOSX.platform/Developer/SDKs/MacOSX26.1.sdk/System/Library/Frameworks/CoreServices.framework/Frameworks/CarbonCore.framework/Headers/Timer.h
/Applications/Xcode.app/Contents/Developer/Platforms/MacOSX.platform/Developer/SDKs/MacOSX26.1.sdk/System/Library/Frameworks/CoreServices.framework/Frameworks/CarbonCore.framework/Headers/MultiprocessingInfo.h
/Applications/Xcode.app/Contents/Developer/Platforms/MacOSX.platform/Developer/SDKs/MacOSX26.1.sdk/System/Library/Frameworks/CoreServices.framework/Frameworks/CarbonCore.framework/Headers/LowMem.h
/Applications/Xcode.app/Contents/Developer/Platforms/MacOSX.platform/Developer/SDKs/MacOSX26.1.sdk/System/Library/Frameworks/CoreServices.framework/Frameworks/CarbonCore.framework/Headers/AVLTree.h
/Applications/Xcode.app/Contents/Developer/Platforms/MacOSX.platform/Developer/SDKs/MacOSX26.1.sdk/System/Library/Frameworks/CoreServices.framework/Frameworks/CarbonCore.framework/Headers/PEFBinaryFormat.h
/Applications/Xcode.app/Contents/Developer/Platforms/MacOSX.platform/Developer/SDKs/MacOSX26.1.sdk/System/Library/Frameworks/CoreServices.framework/Frameworks/CarbonCore.framework/Headers/HFSVolumes.h
/Applications/Xcode.app/Contents/Developer/Platforms/MacOSX.platform/Developer/SDKs/MacOSX26.1.sdk/System/Library/Frameworks/CoreServices.framework/Frameworks/CarbonCore.framework/Headers/AIFF.h
/Applications/Xcode.app/Contents/Developer/Toolchains/XcodeDefault.xctoolchain/usr/lib/swift/clang/include/module.modulemap
/Applications/Xcode.app/Contents/Developer/Platforms/MacOSX.platform/Developer/SDKs/MacOSX26.1.sdk/System/Library/Frameworks/CoreServices.framework/Frameworks/CarbonCore.framework/Headers/TextEncodingPlugin.h
/Applications/Xcode.app/Contents/Developer/Platforms/MacOSX.platform/Developer/SDKs/MacOSX26.1.sdk/System/Library/Frameworks/CoreServices.framework/Frameworks/AE.framework/Headers/AEDataModel.h
/Applications/Xcode.app/Contents/Developer/Platforms/MacOSX.platform/Developer/SDKs/MacOSX26.1.sdk/System/Library/Frameworks/CoreServices.framework/Frameworks/AE.framework/Headers/AppleEvents.h
/Applications/Xcode.app/Contents/Developer/Platforms/MacOSX.platform/Developer/SDKs/MacOSX26.1.sdk/System/Library/Frameworks/CoreServices.framework/Frameworks/AE.framework/Headers/AEPackObject.h
/Applications/Xcode.app/Contents/Developer/Platforms/MacOSX.platform/Developer/SDKs/MacOSX26.1.sdk/System/Library/Frameworks/CoreServices.framework/Frameworks/AE.framework/Headers/AEObjects.h
/Applications/Xcode.app/Contents/Developer/Platforms/MacOSX.platform/Developer/SDKs/MacOSX26.1.sdk/System/Library/Frameworks/CoreServices.framework/Frameworks/AE.framework/Headers/AERegistry.h
/Applications/Xcode.app/Contents/Developer/Platforms/MacOSX.platform/Developer/SDKs/MacOSX26.1.sdk/System/Library/Frameworks/CoreServices.framework/Frameworks/AE.framework/Headers/AEUserTermTypes.h
/Applications/Xcode.app/Contents/Developer/Platforms/MacOSX.platform/Developer/SDKs/MacOSX26.1.sdk/System/Library/Frameworks/CoreServices.framework/Frameworks/AE.framework/Headers/AEHelpers.h
/Applications/Xcode.app/Contents/Developer/Toolchains/XcodeDefault.xctoolchain/usr/lib/swift/clang/include/stdarg.h
/Applications/Xcode.app/Contents/Developer/Platforms/MacOSX.platform/Developer/SDKs/MacOSX26.1.sdk/System/Library/Frameworks/CoreServices.framework/Frameworks/AE.framework/Headers/AEMach.h
/Applications/Xcode.app/Contents/Developer/Platforms/MacOSX.platform/Developer/SDKs/MacOSX26.1.sdk/System/Library/Frameworks/CFNetwork.framework/Modules/module.modulemap
/Applications/Xcode.app/Contents/Developer/Platforms/MacOSX.platform/Developer/SDKs/MacOSX26.1.sdk/System/Library/Frameworks/CoreServices.framework/Frameworks/DictionaryServices.framework/Headers/DictionaryServices.h
/Applications/Xcode.app/Contents/Developer/Platforms/MacOSX.platform/Developer/SDKs/MacOSX26.1.sdk/System/Library/Frameworks/CoreServices.framework/Frameworks/LaunchServices.framework/Headers/LaunchServices.h
/Applications/Xcode.app/Contents/Developer/Platforms/MacOSX.platform/Developer/SDKs/MacOSX26.1.sdk/System/Library/Frameworks/CoreServices.framework/Frameworks/LaunchServices.framework/Headers/IconsCore.h
/Applications/Xcode.app/Contents/Developer/Platforms/MacOSX.platform/Developer/SDKs/MacOSX26.1.sdk/System/Library/Frameworks/CoreServices.framework/Frameworks/OSServices.framework/Headers/OSServices.h
/Applications/Xcode.app/Contents/Developer/Platforms/MacOSX.platform/Developer/SDKs/MacOSX26.1.sdk/System/Library/Frameworks/CoreServices.framework/Frameworks/OSServices.framework/Headers/CSIdentity.h
/Applications/Xcode.app/Contents/Developer/Platforms/MacOSX.platform/Developer/SDKs/MacOSX26.1.sdk/System/Library/Frameworks/CoreServices.framework/Frameworks/OSServices.framework/Headers/CSIdentityBase.h
/Applications/Xcode.app/Contents/Developer/Platforms/MacOSX.platform/Developer/SDKs/MacOSX26.1.sdk/System/Library/Frameworks/Security.framework/Modules/module.modulemap
/Applications/Xcode.app/Contents/Developer/Platforms/MacOSX.platform/Developer/SDKs/MacOSX26.1.sdk/System/Library/Frameworks/CoreServices.framework/Frameworks/OSServices.framework/Headers/CSIdentityAuthority.h
/Applications/Xcode.app/Contents/Developer/Platforms/MacOSX.platform/Developer/SDKs/MacOSX26.1.sdk/System/Library/Frameworks/CoreServices.framework/Frameworks/OSServices.framework/Headers/CSIdentityQuery.h
/Applications/Xcode.app/Contents/Developer/Platforms/MacOSX.platform/Developer/SDKs/MacOSX26.1.sdk/System/Library/Frameworks/CoreServices.framework/Frameworks/OSServices.framework/Headers/IconStorage.h
/Applications/Xcode.app/Contents/Developer/Platforms/MacOSX.platform/Developer/SDKs/MacOSX26.1.sdk/System/Library/Frameworks/CoreServices.framework/Frameworks/OSServices.framework/Headers/Power.h
/Applications/Xcode.app/Contents/Developer/Platforms/MacOSX.platform/Developer/SDKs/MacOSX26.1.sdk/System/Library/Frameworks/CoreServices.framework/Frameworks/OSServices.framework/Headers/SecurityCore.h
/Applications/Xcode.app/Contents/Developer/Platforms/MacOSX.platform/Developer/SDKs/MacOSX26.1.sdk/System/Library/Frameworks/CoreServices.framework/Frameworks/OSServices.framework/Headers/KeychainCore.h
/Applications/Xcode.app/Contents/Developer/Platforms/MacOSX.platform/Developer/SDKs/MacOSX26.1.sdk/System/Library/Frameworks/CoreServices.framework/Frameworks/OSServices.framework/Headers/WSMethodInvocation.h
/Applications/Xcode.app/Contents/Developer/Platforms/MacOSX.platform/Developer/SDKs/MacOSX26.1.sdk/System/Library/Frameworks/CoreServices.framework/Frameworks/OSServices.framework/Headers/WSTypes.h
/Applications/Xcode.app/Contents/Developer/Platforms/MacOSX.platform/Developer/SDKs/MacOSX26.1.sdk/System/Library/Frameworks/CoreServices.framework/Frameworks/OSServices.framework/Headers/WSProtocolHandler.h
/Applications/Xcode.app/Contents/Developer/Platforms/MacOSX.platform/Developer/SDKs/MacOSX26.1.sdk/System/Library/Frameworks/CoreServices.framework/Frameworks/LaunchServices.framework/Headers/LSConstants.h
/Applications/Xcode.app/Contents/Developer/Platforms/MacOSX.platform/Developer/SDKs/MacOSX26.1.sdk/System/Library/Frameworks/CoreServices.framework/Frameworks/LaunchServices.framework/Headers/LSInfo.h
/Applications/Xcode.app/Contents/Developer/Platforms/MacOSX.platform/Developer/SDKs/MacOSX26.1.sdk/System/Library/Frameworks/CoreServices.framework/Frameworks/LaunchServices.framework/Headers/LSInfoDeprecated.h
/Applications/Xcode.app/Contents/Developer/Platforms/MacOSX.platform/Developer/SDKs/MacOSX26.1.sdk/System/Library/Frameworks/CoreServices.framework/Frameworks/LaunchServices.framework/Headers/LSOpen.h
/Applications/Xcode.app/Contents/Developer/Platforms/MacOSX.platform/Developer/SDKs/MacOSX26.1.sdk/System/Library/Frameworks/CoreServices.framework/Frameworks/LaunchServices.framework/Headers/LSOpenDeprecated.h
/Applications/Xcode.app/Contents/Developer/Platforms/MacOSX.platform/Developer/SDKs/MacOSX26.1.sdk/System/Library/Frameworks/CoreServices.framework/Frameworks/LaunchServices.framework/Headers/LSQuarantine.h
/Applications/Xcode.app/Contents/Developer/Platforms/MacOSX.platform/Developer/SDKs/MacOSX26.1.sdk/System/Library/Frameworks/CoreServices.framework/Frameworks/LaunchServices.framework/Headers/UTCoreTypes.h
/Applications/Xcode.app/Contents/Developer/Platforms/MacOSX.platform/Developer/SDKs/MacOSX26.1.sdk/System/Library/Frameworks/CoreServices.framework/Frameworks/LaunchServices.framework/Headers/UTType.h
/Applications/Xcode.app/Contents/Developer/Platforms/MacOSX.platform/Developer/SDKs/MacOSX26.1.sdk/System/Library/Frameworks/CoreServices.framework/Frameworks/Metadata.framework/Headers/Metadata.h
/Applications/Xcode.app/Contents/Developer/Platforms/MacOSX.platform/Developer/SDKs/MacOSX26.1.sdk/System/Library/Frameworks/CoreServices.framework/Frameworks/Metadata.framework/Headers/MDItem.h
/Applications/Xcode.app/Contents/Developer/Platforms/MacOSX.platform/Developer/SDKs/MacOSX26.1.sdk/System/Library/Frameworks/CoreServices.framework/Frameworks/Metadata.framework/Headers/MDLabel.h
/Applications/Xcode.app/Contents/Developer/Platforms/MacOSX.platform/Developer/SDKs/MacOSX26.1.sdk/System/Library/Frameworks/CoreServices.framework/Frameworks/Metadata.framework/Headers/MDQuery.h
/Applications/Xcode.app/Contents/Developer/Platforms/MacOSX.platform/Developer/SDKs/MacOSX26.1.sdk/System/Library/Frameworks/CoreServices.framework/Frameworks/Metadata.framework/Headers/MDSchema.h
/Applications/Xcode.app/Contents/Developer/Platforms/MacOSX.platform/Developer/SDKs/MacOSX26.1.sdk/System/Library/Frameworks/CoreServices.framework/Frameworks/Metadata.framework/Headers/MDImporter.h
/Applications/Xcode.app/Contents/Developer/Platforms/MacOSX.platform/Developer/SDKs/MacOSX26.1.sdk/System/Library/Frameworks/CoreServices.framework/Frameworks/SearchKit.framework/Headers/SearchKit.h
/Applications/Xcode.app/Contents/Developer/Platforms/MacOSX.platform/Developer/SDKs/MacOSX26.1.sdk/System/Library/Frameworks/CoreServices.framework/Frameworks/SearchKit.framework/Headers/SKDocument.h
/Applications/Xcode.app/Contents/Developer/Platforms/MacOSX.platform/Developer/SDKs/MacOSX26.1.sdk/System/Library/Frameworks/CoreServices.framework/Frameworks/SearchKit.framework/Headers/SKAnalysis.h
/Applications/Xcode.app/Contents/Developer/Platforms/MacOSX.platform/Developer/SDKs/MacOSX26.1.sdk/System/Library/Frameworks/CoreServices.framework/Frameworks/SearchKit.framework/Headers/SKIndex.h
/Applications/Xcode.app/Contents/Developer/Platforms/MacOSX.platform/Developer/SDKs/MacOSX26.1.sdk/System/Library/Frameworks/CoreServices.framework/Frameworks/SearchKit.framework/Headers/SKSearch.h
/Applications/Xcode.app/Contents/Developer/Platforms/MacOSX.platform/Developer/SDKs/MacOSX26.1.sdk/System/Library/Frameworks/CoreServices.framework/Frameworks/SearchKit.framework/Headers/SKSummary.h
/Applications/Xcode.app/Contents/Developer/Platforms/MacOSX.platform/Developer/SDKs/MacOSX26.1.sdk/System/Library/Frameworks/CoreServices.framework/Frameworks/FSEvents.framework/Headers/FSEvents.h
/Applications/Xcode.app/Contents/Developer/Platforms/MacOSX.platform/Developer/SDKs/MacOSX26.1.sdk/System/Library/Frameworks/CoreServices.framework/Frameworks/SharedFileList.framework/Headers/SharedFileList.h
/Applications/Xcode.app/Contents/Developer/Platforms/MacOSX.platform/Developer/SDKs/MacOSX26.1.sdk/System/Library/Frameworks/CoreServices.framework/Frameworks/SharedFileList.framework/Headers/LSSharedFileList.h
/Applications/Xcode.app/Contents/Developer/Platforms/MacOSX.platform/Developer/SDKs/MacOSX26.1.sdk/SDKSettings.json
/Applications/Xcode.app/Contents/Developer/Toolchains/XcodeDefault.xctoolchain/usr/lib/swift/macosx/prebuilt-modules/26.1/Darwin.swiftmodule/arm64e-apple-macos.swiftmodule
/Applications/Xcode.app/Contents/Developer/Platforms/MacOSX.platform/Developer/SDKs/MacOSX26.1.sdk/usr/include/Darwin.modulemap
/Applications/Xcode.app/Contents/Developer/Platforms/MacOSX.platform/Developer/SDKs/MacOSX26.1.sdk/usr/include/Darwin_C.modulemap
/Applications/Xcode.app/Contents/Developer/Platforms/MacOSX.platform/Developer/SDKs/MacOSX26.1.sdk/usr/include/Darwin_POSIX.modulemap
/Applications/Xcode.app/Contents/Developer/Platforms/MacOSX.platform/Developer/SDKs/MacOSX26.1.sdk/usr/include/net.modulemap
/Applications/Xcode.app/Contents/Developer/Platforms/MacOSX.platform/Developer/SDKs/MacOSX26.1.sdk/usr/include/netinet.modulemap
/Applications/Xcode.app/Contents/Developer/Platforms/MacOSX.platform/Developer/SDKs/MacOSX26.1.sdk/usr/include/bank.modulemap
/Applications/Xcode.app/Contents/Developer/Platforms/MacOSX.platform/Developer/SDKs/MacOSX26.1.sdk/usr/include/Darwin_Mach.modulemap
/Applications/Xcode.app/Contents/Developer/Platforms/MacOSX.platform/Developer/SDKs/MacOSX26.1.sdk/usr/include/Darwin_Mach_machine.modulemap
/Applications/Xcode.app/Contents/Developer/Platforms/MacOSX.platform/Developer/SDKs/MacOSX26.1.sdk/usr/include/mach_debug.modulemap
/Applications/Xcode.app/Contents/Developer/Platforms/MacOSX.platform/Developer/SDKs/MacOSX26.1.sdk/usr/include/device.modulemap
/Applications/Xcode.app/Contents/Developer/Platforms/MacOSX.platform/Developer/SDKs/MacOSX26.1.sdk/usr/include/Darwin_machine.modulemap
/Applications/Xcode.app/Contents/Developer/Platforms/MacOSX.platform/Developer/SDKs/MacOSX26.1.sdk/usr/include/ncurses.modulemap
/Applications/Xcode.app/Contents/Developer/Platforms/MacOSX.platform/Developer/SDKs/MacOSX26.1.sdk/usr/include/netinet6.modulemap
/Applications/Xcode.app/Contents/Developer/Platforms/MacOSX.platform/Developer/SDKs/MacOSX26.1.sdk/usr/include/Darwin_sys.modulemap
/Applications/Xcode.app/Contents/Developer/Platforms/MacOSX.platform/Developer/SDKs/MacOSX26.1.sdk/usr/include/uuid.modulemap
/Applications/Xcode.app/Contents/Developer/Platforms/MacOSX.platform/Developer/SDKs/MacOSX26.1.sdk/usr/include/DarwinFoundation2.modulemap
/Applications/Xcode.app/Contents/Developer/Platforms/MacOSX.platform/Developer/SDKs/MacOSX26.1.sdk/usr/include/DarwinFoundation3.modulemap
/Applications/Xcode.app/Contents/Developer/Platforms/MacOSX.platform/Developer/SDKs/MacOSX26.1.sdk/usr/include/DarwinFoundation1.modulemap
/Applications/Xcode.app/Contents/Developer/Platforms/MacOSX.platform/Developer/SDKs/MacOSX26.1.sdk/usr/include/copyfile.h
/Applications/Xcode.app/Contents/Developer/Toolchains/XcodeDefault.xctoolchain/usr/lib/swift/clang/include/module.modulemap
/Applications/Xcode.app/Contents/Developer/Platforms/MacOSX.platform/Developer/SDKs/MacOSX26.1.sdk/usr/include/err.h
/Applications/Xcode.app/Contents/Developer/Platforms/MacOSX.platform/Developer/SDKs/MacOSX26.1.sdk/usr/include/readpassphrase.h
/Applications/Xcode.app/Contents/Developer/Platforms/MacOSX.platform/Developer/SDKs/MacOSX26.1.sdk/usr/include/util.h
/Applications/Xcode.app/Contents/Developer/Platforms/MacOSX.platform/Developer/SDKs/MacOSX26.1.sdk/usr/include/sys/ttycom.h
/Applications/Xcode.app/Contents/Developer/Platforms/MacOSX.platform/Developer/SDKs/MacOSX26.1.sdk/usr/include/sys/ioccom.h
/Applications/Xcode.app/Contents/Developer/Platforms/MacOSX.platform/Developer/SDKs/MacOSX26.1.sdk/usr/include/stdio.h
/Applications/Xcode.app/Contents/Developer/Platforms/MacOSX.platform/Developer/SDKs/MacOSX26.1.sdk/usr/include/pwd.h
/Applications/Xcode.app/Contents/Developer/Platforms/MacOSX.platform/Developer/SDKs/MacOSX26.1.sdk/usr/include/uuid/uuid.h
/Applications/Xcode.app/Contents/Developer/Platforms/MacOSX.platform/Developer/SDKs/MacOSX26.1.sdk/usr/include/termios.h
/Applications/Xcode.app/Contents/Developer/Platforms/MacOSX.platform/Developer/SDKs/MacOSX26.1.sdk/usr/include/sys/termios.h
/Applications/Xcode.app/Contents/Developer/Platforms/MacOSX.platform/Developer/SDKs/MacOSX26.1.sdk/usr/include/sys/ttydefaults.h
/Applications/Xcode.app/Contents/Developer/Platforms/MacOSX.platform/Developer/SDKs/MacOSX26.1.sdk/usr/include/utmp.h
/Applications/Xcode.app/Contents/Developer/Platforms/MacOSX.platform/Developer/SDKs/MacOSX26.1.sdk/usr/include/xattr_flags.h
/Applications/Xcode.app/Contents/Developer/Platforms/MacOSX.platform/Developer/SDKs/MacOSX26.1.sdk/usr/include/_modules/_darwin_c_ctype.h
/Applications/Xcode.app/Contents/Developer/Platforms/MacOSX.platform/Developer/SDKs/MacOSX26.1.sdk/usr/include/ctype.h
/Applications/Xcode.app/Contents/Developer/Platforms/MacOSX.platform/Developer/SDKs/MacOSX26.1.sdk/usr/include/_modules/_darwin_c_errno.h
/Applications/Xcode.app/Contents/Developer/Platforms/MacOSX.platform/Developer/SDKs/MacOSX26.1.sdk/usr/include/_modules/_darwin_c_inttypes.h
/Applications/Xcode.app/Contents/Developer/Platforms/MacOSX.platform/Developer/SDKs/MacOSX26.1.sdk/usr/include/_modules/_darwin_c_limits.h
/Applications/Xcode.app/Contents/Developer/Platforms/MacOSX.platform/Developer/SDKs/MacOSX26.1.sdk/usr/include/_modules/_darwin_c_signal.h
/Applications/Xcode.app/Contents/Developer/Platforms/MacOSX.platform/Developer/SDKs/MacOSX26.1.sdk/usr/include/_modules/_darwin_c_stdarg.h
/Applications/Xcode.app/Contents/Developer/Toolchains/XcodeDefault.xctoolchain/usr/lib/swift/clang/include/stdarg.h
/Applications/Xcode.app/Contents/Developer/Platforms/MacOSX.platform/Developer/SDKs/MacOSX26.1.sdk/usr/include/_modules/_darwin_c_stdbool.h
/Applications/Xcode.app/Contents/Developer/Platforms/MacOSX.platform/Developer/SDKs/MacOSX26.1.sdk/usr/include/_modules/_darwin_c_stddef.h
/Applications/Xcode.app/Contents/Developer/Toolchains/XcodeDefault.xctoolchain/usr/lib/swift/clang/include/stddef.h
/Applications/Xcode.app/Contents/Developer/Platforms/MacOSX.platform/Developer/SDKs/MacOSX26.1.sdk/usr/include/_modules/_darwin_c_stdint.h
/Applications/Xcode.app/Contents/Developer/Platforms/MacOSX.platform/Developer/SDKs/MacOSX26.1.sdk/usr/include/_modules/_darwin_c_stdio.h
/Applications/Xcode.app/Contents/Developer/Platforms/MacOSX.platform/Developer/SDKs/MacOSX26.1.sdk/usr/include/_modules/_darwin_c_stdlib.h
/Applications/Xcode.app/Contents/Developer/Platforms/MacOSX.platform/Developer/SDKs/MacOSX26.1.sdk/usr/include/stdlib.h
/Applications/Xcode.app/Contents/Developer/Platforms/MacOSX.platform/Developer/SDKs/MacOSX26.1.sdk/usr/include/_modules/_darwin_c_string.h
/Applications/Xcode.app/Contents/Developer/Platforms/MacOSX.platform/Developer/SDKs/MacOSX26.1.sdk/usr/include/string.h
/Applications/Xcode.app/Contents/Developer/Platforms/MacOSX.platform/Developer/SDKs/MacOSX26.1.sdk/usr/include/_modules/_darwin_c_time.h
/Applications/Xcode.app/Contents/Developer/Platforms/MacOSX.platform/Developer/SDKs/MacOSX26.1.sdk/usr/include/time.h
/Applications/Xcode.app/Contents/Developer/Platforms/MacOSX.platform/Developer/SDKs/MacOSX26.1.sdk/usr/include/_modules/_darwin_c_wchar.h
/Applications/Xcode.app/Contents/Developer/Platforms/MacOSX.platform/Developer/SDKs/MacOSX26.1.sdk/usr/include/wchar.h
/Applications/Xcode.app/Contents/Developer/Platforms/MacOSX.platform/Developer/SDKs/MacOSX26.1.sdk/usr/include/aio.h
/Applications/Xcode.app/Contents/Developer/Platforms/MacOSX.platform/Developer/SDKs/MacOSX26.1.sdk/usr/include/sys/aio.h
/Applications/Xcode.app/Contents/Developer/Platforms/MacOSX.platform/Developer/SDKs/MacOSX26.1.sdk/usr/include/sys/_types/_o_sync.h
/Applications/Xcode.app/Contents/Developer/Platforms/MacOSX.platform/Developer/SDKs/MacOSX26.1.sdk/usr/include/sys/_types/_o_dsync.h
/Applications/Xcode.app/Contents/Developer/Platforms/MacOSX.platform/Developer/SDKs/MacOSX26.1.sdk/usr/include/arpa/inet.h
/Applications/Xcode.app/Contents/Developer/Platforms/MacOSX.platform/Developer/SDKs/MacOSX26.1.sdk/usr/include/netinet/in.h
/Applications/Xcode.app/Contents/Developer/Platforms/MacOSX.platform/Developer/SDKs/MacOSX26.1.sdk/usr/include/sys/socket.h
/Applications/Xcode.app/Contents/Developer/Platforms/MacOSX.platform/Developer/SDKs/MacOSX26.1.sdk/usr/include/sys/constrained_ctypes.h
/Applications/Xcode.app/Contents/Developer/Platforms/MacOSX.platform/Developer/SDKs/MacOSX26.1.sdk/usr/include/machine/_param.h
/Applications/Xcode.app/Contents/Developer/Platforms/MacOSX.platform/Developer/SDKs/MacOSX26.1.sdk/usr/include/arm/_param.h
/Applications/Xcode.app/Contents/Developer/Platforms/MacOSX.platform/Developer/SDKs/MacOSX26.1.sdk/usr/include/net/net_kev.h
/Applications/Xcode.app/Contents/Developer/Platforms/MacOSX.platform/Developer/SDKs/MacOSX26.1.sdk/usr/include/sys/_types/_sa_family_t.h
/Applications/Xcode.app/Contents/Developer/Platforms/MacOSX.platform/Developer/SDKs/MacOSX26.1.sdk/usr/include/sys/_types/_socklen_t.h
/Applications/Xcode.app/Contents/Developer/Platforms/MacOSX.platform/Developer/SDKs/MacOSX26.1.sdk/usr/include/sys/_types/_iovec_t.h
/Applications/Xcode.app/Contents/Developer/Platforms/MacOSX.platform/Developer/SDKs/MacOSX26.1.sdk/usr/include/netinet6/in6.h
/Applications/Xcode.app/Contents/Developer/Platforms/MacOSX.platform/Developer/SDKs/MacOSX26.1.sdk/usr/include/cpio.h
/Applications/Xcode.app/Contents/Developer/Platforms/MacOSX.platform/Developer/SDKs/MacOSX26.1.sdk/usr/include/dirent.h
/Applications/Xcode.app/Contents/Developer/Platforms/MacOSX.platform/Developer/SDKs/MacOSX26.1.sdk/usr/include/sys/dirent.h
/Applications/Xcode.app/Contents/Developer/Platforms/MacOSX.platform/Developer/SDKs/MacOSX26.1.sdk/usr/include/sys/dir.h
/Applications/Xcode.app/Contents/Developer/Platforms/MacOSX.platform/Developer/SDKs/MacOSX26.1.sdk/usr/include/dlfcn.h
/Applications/Xcode.app/Contents/Developer/Platforms/MacOSX.platform/Developer/SDKs/MacOSX26.1.sdk/usr/include/fcntl.h
/Applications/Xcode.app/Contents/Developer/Platforms/MacOSX.platform/Developer/SDKs/MacOSX26.1.sdk/usr/include/sys/fcntl.h
/Applications/Xcode.app/Contents/Developer/Platforms/MacOSX.platform/Developer/SDKs/MacOSX26.1.sdk/usr/include/sys/_types/_s_ifmt.h
/Applications/Xcode.app/Contents/Developer/Platforms/MacOSX.platform/Developer/SDKs/MacOSX26.1.sdk/usr/include/sys/_types/_filesec_t.h
/Applications/Xcode.app/Contents/Developer/Platforms/MacOSX.platform/Developer/SDKs/MacOSX26.1.sdk/usr/include/fmtmsg.h
/Applications/Xcode.app/Contents/Developer/Platforms/MacOSX.platform/Developer/SDKs/MacOSX26.1.sdk/usr/include/fnmatch.h
/Applications/Xcode.app/Contents/Developer/Platforms/MacOSX.platform/Developer/SDKs/MacOSX26.1.sdk/usr/include/ftw.h
/Applications/Xcode.app/Contents/Developer/Platforms/MacOSX.platform/Developer/SDKs/MacOSX26.1.sdk/usr/include/sys/stat.h
/Applications/Xcode.app/Contents/Developer/Platforms/MacOSX.platform/Developer/SDKs/MacOSX26.1.sdk/usr/include/glob.h
/Applications/Xcode.app/Contents/Developer/Platforms/MacOSX.platform/Developer/SDKs/MacOSX26.1.sdk/usr/include/grp.h
/Applications/Xcode.app/Contents/Developer/Platforms/MacOSX.platform/Developer/SDKs/MacOSX26.1.sdk/usr/include/iconv.h
/Applications/Xcode.app/Contents/Developer/Platforms/MacOSX.platform/Developer/SDKs/MacOSX26.1.sdk/usr/include/ifaddrs.h
/Applications/Xcode.app/Contents/Developer/Platforms/MacOSX.platform/Developer/SDKs/MacOSX26.1.sdk/usr/include/sys/ioctl.h
/Applications/Xcode.app/Contents/Developer/Platforms/MacOSX.platform/Developer/SDKs/MacOSX26.1.sdk/usr/include/sys/filio.h
/Applications/Xcode.app/Contents/Developer/Platforms/MacOSX.platform/Developer/SDKs/MacOSX26.1.sdk/usr/include/sys/sockio.h
/Applications/Xcode.app/Contents/Developer/Platforms/MacOSX.platform/Developer/SDKs/MacOSX26.1.sdk/usr/include/net/if.h
/Applications/Xcode.app/Contents/Developer/Platforms/MacOSX.platform/Developer/SDKs/MacOSX26.1.sdk/usr/include/net/if_var.h
/Applications/Xcode.app/Contents/Developer/Platforms/MacOSX.platform/Developer/SDKs/MacOSX26.1.sdk/usr/include/sys/time.h
/Applications/Xcode.app/Contents/Developer/Platforms/MacOSX.platform/Developer/SDKs/MacOSX26.1.sdk/usr/include/sys/_types/_timeval64.h
/Applications/Xcode.app/Contents/Developer/Platforms/MacOSX.platform/Developer/SDKs/MacOSX26.1.sdk/usr/include/sys/_types/_timeval32.h
/Applications/Xcode.app/Contents/Developer/Platforms/MacOSX.platform/Developer/SDKs/MacOSX26.1.sdk/usr/include/_langinfo.h
/Applications/Xcode.app/Contents/Developer/Platforms/MacOSX.platform/Developer/SDKs/MacOSX26.1.sdk/usr/include/xlocale/_langinfo.h
/Applications/Xcode.app/Contents/Developer/Platforms/MacOSX.platform/Developer/SDKs/MacOSX26.1.sdk/usr/include/libgen.h
/Applications/Xcode.app/Contents/Developer/Platforms/MacOSX.platform/Developer/SDKs/MacOSX26.1.sdk/usr/include/_monetary.h
/Applications/Xcode.app/Contents/Developer/Platforms/MacOSX.platform/Developer/SDKs/MacOSX26.1.sdk/usr/include/xlocale/_monetary.h
/Applications/Xcode.app/Contents/Developer/Platforms/MacOSX.platform/Developer/SDKs/MacOSX26.1.sdk/usr/include/ndbm.h
/Applications/Xcode.app/Contents/Developer/Platforms/MacOSX.platform/Developer/SDKs/MacOSX26.1.sdk/usr/include/netdb.h
/Applications/Xcode.app/Contents/Developer/Platforms/MacOSX.platform/Developer/SDKs/MacOSX26.1.sdk/usr/include/net/if_dl.h
/Applications/Xcode.app/Contents/Developer/Platforms/MacOSX.platform/Developer/SDKs/MacOSX26.1.sdk/usr/include/net/if_types.h
/Applications/Xcode.app/Contents/Developer/Platforms/MacOSX.platform/Developer/SDKs/MacOSX26.1.sdk/usr/include/netinet/tcp.h
/Applications/Xcode.app/Contents/Developer/Platforms/MacOSX.platform/Developer/SDKs/MacOSX26.1.sdk/usr/include/poll.h
/Applications/Xcode.app/Contents/Developer/Platforms/MacOSX.platform/Developer/SDKs/MacOSX26.1.sdk/usr/include/sys/poll.h
/Applications/Xcode.app/Contents/Developer/Platforms/MacOSX.platform/Developer/SDKs/MacOSX26.1.sdk/usr/include/pthread/spawn.h
/Applications/Xcode.app/Contents/Developer/Platforms/MacOSX.platform/Developer/SDKs/MacOSX26.1.sdk/usr/include/spawn.h
/Applications/Xcode.app/Contents/Developer/Platforms/MacOSX.platform/Developer/SDKs/MacOSX26.1.sdk/usr/include/sys/spawn.h
/Applications/Xcode.app/Contents/Developer/Platforms/MacOSX.platform/Developer/SDKs/MacOSX26.1.sdk/usr/include/mach/exception_types.h
/Applications/Xcode.app/Contents/Developer/Platforms/MacOSX.platform/Developer/SDKs/MacOSX26.1.sdk/usr/include/mach/machine/exception.h
/Applications/Xcode.app/Contents/Developer/Platforms/MacOSX.platform/Developer/SDKs/MacOSX26.1.sdk/usr/include/mach/arm/exception.h
/Applications/Xcode.app/Contents/Developer/Platforms/MacOSX.platform/Developer/SDKs/MacOSX26.1.sdk/usr/include/mach/port.h
/Applications/Xcode.app/Contents/Developer/Platforms/MacOSX.platform/Developer/SDKs/MacOSX26.1.sdk/usr/include/mach/boolean.h
/Applications/Xcode.app/Contents/Developer/Platforms/MacOSX.platform/Developer/SDKs/MacOSX26.1.sdk/usr/include/mach/machine/boolean.h
/Applications/Xcode.app/Contents/Developer/Platforms/MacOSX.platform/Developer/SDKs/MacOSX26.1.sdk/usr/include/mach/arm/boolean.h
/Applications/Xcode.app/Contents/Developer/Platforms/MacOSX.platform/Developer/SDKs/MacOSX26.1.sdk/usr/include/mach/machine/vm_types.h
/Applications/Xcode.app/Contents/Developer/Platforms/MacOSX.platform/Developer/SDKs/MacOSX26.1.sdk/usr/include/mach/arm/vm_types.h
/Applications/Xcode.app/Contents/Developer/Platforms/MacOSX.platform/Developer/SDKs/MacOSX26.1.sdk/usr/include/mach/thread_status.h
/Applications/Xcode.app/Contents/Developer/Platforms/MacOSX.platform/Developer/SDKs/MacOSX26.1.sdk/usr/include/mach/machine/thread_status.h
/Applications/Xcode.app/Contents/Developer/Platforms/MacOSX.platform/Developer/SDKs/MacOSX26.1.sdk/usr/include/mach/arm/thread_status.h
/Applications/Xcode.app/Contents/Developer/Platforms/MacOSX.platform/Developer/SDKs/MacOSX26.1.sdk/usr/include/mach/machine/thread_state.h
/Applications/Xcode.app/Contents/Developer/Platforms/MacOSX.platform/Developer/SDKs/MacOSX26.1.sdk/usr/include/mach/arm/thread_state.h
/Applications/Xcode.app/Contents/Developer/Platforms/MacOSX.platform/Developer/SDKs/MacOSX26.1.sdk/usr/include/mach/message.h
/Applications/Xcode.app/Contents/Developer/Platforms/MacOSX.platform/Developer/SDKs/MacOSX26.1.sdk/usr/include/mach/kern_return.h
/Applications/Xcode.app/Contents/Developer/Platforms/MacOSX.platform/Developer/SDKs/MacOSX26.1.sdk/usr/include/mach/machine/kern_return.h
/Applications/Xcode.app/Contents/Developer/Platforms/MacOSX.platform/Developer/SDKs/MacOSX26.1.sdk/usr/include/mach/arm/kern_return.h
/Applications/Xcode.app/Contents/Developer/Platforms/MacOSX.platform/Developer/SDKs/MacOSX26.1.sdk/usr/include/mach/vm_types.h
/Applications/Xcode.app/Contents/Developer/Platforms/MacOSX.platform/Developer/SDKs/MacOSX26.1.sdk/usr/include/mach_debug/ipc_info.h
/Applications/Xcode.app/Contents/Developer/Platforms/MacOSX.platform/Developer/SDKs/MacOSX26.1.sdk/usr/include/mach/machine.h
/Applications/Xcode.app/Contents/Developer/Platforms/MacOSX.platform/Developer/SDKs/MacOSX26.1.sdk/usr/include/pthread/pthread_spis.h
/Applications/Xcode.app/Contents/Developer/Platforms/MacOSX.platform/Developer/SDKs/MacOSX26.1.sdk/usr/include/_modules/_darwin_posix_pthread_pthread.h
/Applications/Xcode.app/Contents/Developer/Platforms/MacOSX.platform/Developer/SDKs/MacOSX26.1.sdk/usr/include/_regex.h
/Applications/Xcode.app/Contents/Developer/Platforms/MacOSX.platform/Developer/SDKs/MacOSX26.1.sdk/usr/include/xlocale/_regex.h
/Applications/Xcode.app/Contents/Developer/Platforms/MacOSX.platform/Developer/SDKs/MacOSX26.1.sdk/usr/include/search.h
/Applications/Xcode.app/Contents/Developer/Platforms/MacOSX.platform/Developer/SDKs/MacOSX26.1.sdk/usr/include/semaphore.h
/Applications/Xcode.app/Contents/Developer/Platforms/MacOSX.platform/Developer/SDKs/MacOSX26.1.sdk/usr/include/sys/semaphore.h
/Applications/Xcode.app/Contents/Developer/Platforms/MacOSX.platform/Developer/SDKs/MacOSX26.1.sdk/usr/include/sys/posix_sem.h
/Applications/Xcode.app/Contents/Developer/Platforms/MacOSX.platform/Developer/SDKs/MacOSX26.1.sdk/usr/include/sys/proc.h
/Applications/Xcode.app/Contents/Developer/Platforms/MacOSX.platform/Developer/SDKs/MacOSX26.1.sdk/usr/include/sys/queue.h
/Applications/Xcode.app/Contents/Developer/Platforms/MacOSX.platform/Developer/SDKs/MacOSX26.1.sdk/usr/include/sys/lock.h
/Applications/Xcode.app/Contents/Developer/Platforms/MacOSX.platform/Developer/SDKs/MacOSX26.1.sdk/usr/include/sys/param.h
/Applications/Xcode.app/Contents/Developer/Platforms/MacOSX.platform/Developer/SDKs/MacOSX26.1.sdk/usr/include/machine/param.h
/Applications/Xcode.app/Contents/Developer/Platforms/MacOSX.platform/Developer/SDKs/MacOSX26.1.sdk/usr/include/arm/param.h
/Applications/Xcode.app/Contents/Developer/Platforms/MacOSX.platform/Developer/SDKs/MacOSX26.1.sdk/usr/include/sys/event.h
/Applications/Xcode.app/Contents/Developer/Platforms/MacOSX.platform/Developer/SDKs/MacOSX26.1.sdk/usr/include/strings.h
/Applications/Xcode.app/Contents/Developer/Platforms/MacOSX.platform/Developer/SDKs/MacOSX26.1.sdk/usr/include/sys/ipc.h
/Applications/Xcode.app/Contents/Developer/Platforms/MacOSX.platform/Developer/SDKs/MacOSX26.1.sdk/usr/include/sys/mman.h
/Applications/Xcode.app/Contents/Developer/Platforms/MacOSX.platform/Developer/SDKs/MacOSX26.1.sdk/usr/include/sys/msg.h
/Applications/Xcode.app/Contents/Developer/Platforms/MacOSX.platform/Developer/SDKs/MacOSX26.1.sdk/usr/include/sys/sem.h
/Applications/Xcode.app/Contents/Developer/Platforms/MacOSX.platform/Developer/SDKs/MacOSX26.1.sdk/usr/include/sys/shm.h
/Applications/Xcode.app/Contents/Developer/Platforms/MacOSX.platform/Developer/SDKs/MacOSX26.1.sdk/usr/include/sys/posix_shm.h
/Applications/Xcode.app/Contents/Developer/Platforms/MacOSX.platform/Developer/SDKs/MacOSX26.1.sdk/usr/include/sys/statvfs.h
/Applications/Xcode.app/Contents/Developer/Platforms/MacOSX.platform/Developer/SDKs/MacOSX26.1.sdk/usr/include/sys/times.h
/Applications/Xcode.app/Contents/Developer/Platforms/MacOSX.platform/Developer/SDKs/MacOSX26.1.sdk/usr/include/sys/_types/_fsid_t.h
/Applications/Xcode.app/Contents/Developer/Platforms/MacOSX.platform/Developer/SDKs/MacOSX26.1.sdk/usr/include/sys/_types/_fsobj_id_t.h
/Applications/Xcode.app/Contents/Developer/Platforms/MacOSX.platform/Developer/SDKs/MacOSX26.1.sdk/usr/include/sys/_types/_graftdmg_un.h
/Applications/Xcode.app/Contents/Developer/Platforms/MacOSX.platform/Developer/SDKs/MacOSX26.1.sdk/usr/include/sys/_types/_guid_t.h
/Applications/Xcode.app/Contents/Developer/Platforms/MacOSX.platform/Developer/SDKs/MacOSX26.1.sdk/usr/include/sys/_types/_mount_t.h
/Applications/Xcode.app/Contents/Developer/Platforms/MacOSX.platform/Developer/SDKs/MacOSX26.1.sdk/usr/include/sys/_types/_os_inline.h
/Applications/Xcode.app/Contents/Developer/Platforms/MacOSX.platform/Developer/SDKs/MacOSX26.1.sdk/usr/include/sys/_types/_ucontext64.h
/Applications/Xcode.app/Contents/Developer/Platforms/MacOSX.platform/Developer/SDKs/MacOSX26.1.sdk/usr/include/sys/_types/_vnode_t.h
/Applications/Xcode.app/Contents/Developer/Platforms/MacOSX.platform/Developer/SDKs/MacOSX26.1.sdk/usr/include/sys/uio.h
/Applications/Xcode.app/Contents/Developer/Platforms/MacOSX.platform/Developer/SDKs/MacOSX26.1.sdk/usr/include/sys/un.h
/Applications/Xcode.app/Contents/Developer/Platforms/MacOSX.platform/Developer/SDKs/MacOSX26.1.sdk/usr/include/sys/utsname.h
/Applications/Xcode.app/Contents/Developer/Platforms/MacOSX.platform/Developer/SDKs/MacOSX26.1.sdk/usr/include/sys/vsock.h
/Applications/Xcode.app/Contents/Developer/Platforms/MacOSX.platform/Developer/SDKs/MacOSX26.1.sdk/usr/include/sys/ucred.h
/Applications/Xcode.app/Contents/Developer/Platforms/MacOSX.platform/Developer/SDKs/MacOSX26.1.sdk/usr/include/bsm/audit.h
/Applications/Xcode.app/Contents/Developer/Platforms/MacOSX.platform/Developer/SDKs/MacOSX26.1.sdk/usr/include/sys/socketvar.h
/Applications/Xcode.app/Contents/Developer/Platforms/MacOSX.platform/Developer/SDKs/MacOSX26.1.sdk/usr/include/sys/xattr.h
/Applications/Xcode.app/Contents/Developer/Platforms/MacOSX.platform/Developer/SDKs/MacOSX26.1.sdk/usr/include/_modules/_darwin_posix_sys_resource.h
/Applications/Xcode.app/Contents/Developer/Platforms/MacOSX.platform/Developer/SDKs/MacOSX26.1.sdk/usr/include/_modules/_darwin_posix_sys_select.h
/Applications/Xcode.app/Contents/Developer/Platforms/MacOSX.platform/Developer/SDKs/MacOSX26.1.sdk/usr/include/_modules/_darwin_posix_sys_wait.h
/Applications/Xcode.app/Contents/Developer/Platforms/MacOSX.platform/Developer/SDKs/MacOSX26.1.sdk/usr/include/syslog.h
/Applications/Xcode.app/Contents/Developer/Platforms/MacOSX.platform/Developer/SDKs/MacOSX26.1.sdk/usr/include/sys/syslog.h
/Applications/Xcode.app/Contents/Developer/Platforms/MacOSX.platform/Developer/SDKs/MacOSX26.1.sdk/usr/include/tar.h
/Applications/Xcode.app/Contents/Developer/Platforms/MacOSX.platform/Developer/SDKs/MacOSX26.1.sdk/usr/include/ulimit.h
/Applications/Xcode.app/Contents/Developer/Platforms/MacOSX.platform/Developer/SDKs/MacOSX26.1.sdk/usr/include/utime.h
/Applications/Xcode.app/Contents/Developer/Platforms/MacOSX.platform/Developer/SDKs/MacOSX26.1.sdk/usr/include/utmpx.h
/Applications/Xcode.app/Contents/Developer/Platforms/MacOSX.platform/Developer/SDKs/MacOSX26.1.sdk/usr/include/wordexp.h
/Applications/Xcode.app/Contents/Developer/Platforms/MacOSX.platform/Developer/SDKs/MacOSX26.1.sdk/usr/include/_modules/_darwin_posix_nl_types.h
/Applications/Xcode.app/Contents/Developer/Platforms/MacOSX.platform/Developer/SDKs/MacOSX26.1.sdk/usr/include/_modules/_darwin_posix_sched.h
/Applications/Xcode.app/Contents/Developer/Platforms/MacOSX.platform/Developer/SDKs/MacOSX26.1.sdk/usr/include/_modules/_darwin_posix_unistd.h
/Applications/Xcode.app/Contents/Developer/Platforms/MacOSX.platform/Developer/SDKs/MacOSX26.1.sdk/usr/include/net/bpf.h
/Applications/Xcode.app/Contents/Developer/Platforms/MacOSX.platform/Developer/SDKs/MacOSX26.1.sdk/usr/include/net/dlil.h
/Applications/Xcode.app/Contents/Developer/Platforms/MacOSX.platform/Developer/SDKs/MacOSX26.1.sdk/usr/include/net/ethernet.h
/Applications/Xcode.app/Contents/Developer/Platforms/MacOSX.platform/Developer/SDKs/MacOSX26.1.sdk/usr/include/net/if_arp.h
/Applications/Xcode.app/Contents/Developer/Platforms/MacOSX.platform/Developer/SDKs/MacOSX26.1.sdk/usr/include/net/if_llc.h
/Applications/Xcode.app/Contents/Developer/Platforms/MacOSX.platform/Developer/SDKs/MacOSX26.1.sdk/usr/include/net/if_media.h
/Applications/Xcode.app/Contents/Developer/Platforms/MacOSX.platform/Developer/SDKs/MacOSX26.1.sdk/usr/include/net/if_mib.h
/Applications/Xcode.app/Contents/Developer/Platforms/MacOSX.platform/Developer/SDKs/MacOSX26.1.sdk/usr/include/net/if_utun.h
/Applications/Xcode.app/Contents/Developer/Platforms/MacOSX.platform/Developer/SDKs/MacOSX26.1.sdk/usr/include/net/if_var_status.h
/Applications/Xcode.app/Contents/Developer/Platforms/MacOSX.platform/Developer/SDKs/MacOSX26.1.sdk/usr/include/net/kext_net.h
/Applications/Xcode.app/Contents/Developer/Platforms/MacOSX.platform/Developer/SDKs/MacOSX26.1.sdk/usr/include/net/ndrv.h
/Applications/Xcode.app/Contents/Developer/Platforms/MacOSX.platform/Developer/SDKs/MacOSX26.1.sdk/usr/include/net/pfkeyv2.h
/Applications/Xcode.app/Contents/Developer/Platforms/MacOSX.platform/Developer/SDKs/MacOSX26.1.sdk/usr/include/net/route.h
/Applications/Xcode.app/Contents/Developer/Platforms/MacOSX.platform/Developer/SDKs/MacOSX26.1.sdk/usr/include/netinet/bootp.h
/Applications/Xcode.app/Contents/Developer/Platforms/MacOSX.platform/Developer/SDKs/MacOSX26.1.sdk/usr/include/netinet/ip.h
/Applications/Xcode.app/Contents/Developer/Platforms/MacOSX.platform/Developer/SDKs/MacOSX26.1.sdk/usr/include/netinet/in_systm.h
/Applications/Xcode.app/Contents/Developer/Platforms/MacOSX.platform/Developer/SDKs/MacOSX26.1.sdk/usr/include/netinet/udp.h
/Applications/Xcode.app/Contents/Developer/Platforms/MacOSX.platform/Developer/SDKs/MacOSX26.1.sdk/usr/include/netinet/icmp6.h
/Applications/Xcode.app/Contents/Developer/Platforms/MacOSX.platform/Developer/SDKs/MacOSX26.1.sdk/usr/include/netinet/icmp_var.h
/Applications/Xcode.app/Contents/Developer/Platforms/MacOSX.platform/Developer/SDKs/MacOSX26.1.sdk/usr/include/netinet/ip_icmp.h
/Applications/Xcode.app/Contents/Developer/Platforms/MacOSX.platform/Developer/SDKs/MacOSX26.1.sdk/usr/include/netinet/if_ether.h
/Applications/Xcode.app/Contents/Developer/Platforms/MacOSX.platform/Developer/SDKs/MacOSX26.1.sdk/usr/include/netinet/igmp.h
/Applications/Xcode.app/Contents/Developer/Platforms/MacOSX.platform/Developer/SDKs/MacOSX26.1.sdk/usr/include/netinet/igmp_var.h
/Applications/Xcode.app/Contents/Developer/Platforms/MacOSX.platform/Developer/SDKs/MacOSX26.1.sdk/usr/include/netinet/in_pcb.h
/Applications/Xcode.app/Contents/Developer/Platforms/MacOSX.platform/Developer/SDKs/MacOSX26.1.sdk/usr/include/netinet/in_var.h
/Applications/Xcode.app/Contents/Developer/Platforms/MacOSX.platform/Developer/SDKs/MacOSX26.1.sdk/usr/include/sys/protosw.h
/Applications/Xcode.app/Contents/Developer/Platforms/MacOSX.platform/Developer/SDKs/MacOSX26.1.sdk/usr/include/sys/kern_event.h
/Applications/Xcode.app/Contents/Developer/Platforms/MacOSX.platform/Developer/SDKs/MacOSX26.1.sdk/usr/include/sys/sys_domain.h
/Applications/Xcode.app/Contents/Developer/Platforms/MacOSX.platform/Developer/SDKs/MacOSX26.1.sdk/usr/include/netinet6/in6_var.h
/Applications/Xcode.app/Contents/Developer/Platforms/MacOSX.platform/Developer/SDKs/MacOSX26.1.sdk/usr/include/netinet6/scope6_var.h
/Applications/Xcode.app/Contents/Developer/Platforms/MacOSX.platform/Developer/SDKs/MacOSX26.1.sdk/usr/include/netinet/ip6.h
/Applications/Xcode.app/Contents/Developer/Platforms/MacOSX.platform/Developer/SDKs/MacOSX26.1.sdk/usr/include/netinet/ip_var.h
/Applications/Xcode.app/Contents/Developer/Platforms/MacOSX.platform/Developer/SDKs/MacOSX26.1.sdk/usr/include/netinet/tcp_fsm.h
/Applications/Xcode.app/Contents/Developer/Platforms/MacOSX.platform/Developer/SDKs/MacOSX26.1.sdk/usr/include/netinet/tcp_seq.h
/Applications/Xcode.app/Contents/Developer/Platforms/MacOSX.platform/Developer/SDKs/MacOSX26.1.sdk/usr/include/netinet/tcp_timer.h
/Applications/Xcode.app/Contents/Developer/Platforms/MacOSX.platform/Developer/SDKs/MacOSX26.1.sdk/usr/include/netinet/tcp_var.h
/Applications/Xcode.app/Contents/Developer/Platforms/MacOSX.platform/Developer/SDKs/MacOSX26.1.sdk/usr/include/netinet/tcpip.h
/Applications/Xcode.app/Contents/Developer/Platforms/MacOSX.platform/Developer/SDKs/MacOSX26.1.sdk/usr/include/netinet/udp_var.h
/Applications/Xcode.app/Contents/Developer/Platforms/MacOSX.platform/Developer/SDKs/MacOSX26.1.sdk/usr/include/sys/sysctl.h
/Applications/Xcode.app/Contents/Developer/Platforms/MacOSX.platform/Developer/SDKs/MacOSX26.1.sdk/usr/include/sys/vm.h
/Applications/Xcode.app/Contents/Developer/Platforms/MacOSX.platform/Developer/SDKs/MacOSX26.1.sdk/usr/include/ar.h
/Applications/Xcode.app/Contents/Developer/Platforms/MacOSX.platform/Developer/SDKs/MacOSX26.1.sdk/usr/include/bank/bank_types.h
/Applications/Xcode.app/Contents/Developer/Platforms/MacOSX.platform/Developer/SDKs/MacOSX26.1.sdk/usr/include/os/base.h
/Applications/Xcode.app/Contents/Developer/Platforms/MacOSX.platform/Developer/SDKs/MacOSX26.1.sdk/usr/include/mach/mach_types.h
/Applications/Xcode.app/Contents/Developer/Platforms/MacOSX.platform/Developer/SDKs/MacOSX26.1.sdk/usr/include/mach/host_info.h
/Applications/Xcode.app/Contents/Developer/Platforms/MacOSX.platform/Developer/SDKs/MacOSX26.1.sdk/usr/include/mach/vm_statistics.h
/Applications/Xcode.app/Contents/Developer/Platforms/MacOSX.platform/Developer/SDKs/MacOSX26.1.sdk/usr/include/mach/time_value.h
/Applications/Xcode.app/Contents/Developer/Platforms/MacOSX.platform/Developer/SDKs/MacOSX26.1.sdk/usr/include/mach/host_notify.h
/Applications/Xcode.app/Contents/Developer/Platforms/MacOSX.platform/Developer/SDKs/MacOSX26.1.sdk/usr/include/mach/host_special_ports.h
/Applications/Xcode.app/Contents/Developer/Platforms/MacOSX.platform/Developer/SDKs/MacOSX26.1.sdk/usr/include/mach/memory_object_types.h
/Applications/Xcode.app/Contents/Developer/Platforms/MacOSX.platform/Developer/SDKs/MacOSX26.1.sdk/usr/include/mach/vm_prot.h
/Applications/Xcode.app/Contents/Developer/Platforms/MacOSX.platform/Developer/SDKs/MacOSX26.1.sdk/usr/include/mach/vm_sync.h
/Applications/Xcode.app/Contents/Developer/Platforms/MacOSX.platform/Developer/SDKs/MacOSX26.1.sdk/usr/include/mach/mach_voucher_types.h
/Applications/Xcode.app/Contents/Developer/Platforms/MacOSX.platform/Developer/SDKs/MacOSX26.1.sdk/usr/include/mach/std_types.h
/Applications/Xcode.app/Contents/Developer/Platforms/MacOSX.platform/Developer/SDKs/MacOSX26.1.sdk/usr/include/mach/processor_info.h
/Applications/Xcode.app/Contents/Developer/Platforms/MacOSX.platform/Developer/SDKs/MacOSX26.1.sdk/usr/include/mach/machine/processor_info.h
/Applications/Xcode.app/Contents/Developer/Platforms/MacOSX.platform/Developer/SDKs/MacOSX26.1.sdk/usr/include/mach/arm/processor_info.h
/Applications/Xcode.app/Contents/Developer/Platforms/MacOSX.platform/Developer/SDKs/MacOSX26.1.sdk/usr/include/mach/task_info.h
/Applications/Xcode.app/Contents/Developer/Platforms/MacOSX.platform/Developer/SDKs/MacOSX26.1.sdk/usr/include/mach/policy.h
/Applications/Xcode.app/Contents/Developer/Platforms/MacOSX.platform/Developer/SDKs/MacOSX26.1.sdk/usr/include/mach/task_inspect.h
/Applications/Xcode.app/Contents/Developer/Platforms/MacOSX.platform/Developer/SDKs/MacOSX26.1.sdk/usr/include/mach/task_policy.h
/Applications/Xcode.app/Contents/Developer/Platforms/MacOSX.platform/Developer/SDKs/MacOSX26.1.sdk/usr/include/mach/task_special_ports.h
/Applications/Xcode.app/Contents/Developer/Platforms/MacOSX.platform/Developer/SDKs/MacOSX26.1.sdk/usr/include/mach/thread_info.h
/Applications/Xcode.app/Contents/Developer/Platforms/MacOSX.platform/Developer/SDKs/MacOSX26.1.sdk/usr/include/mach/thread_policy.h
/Applications/Xcode.app/Contents/Developer/Platforms/MacOSX.platform/Developer/SDKs/MacOSX26.1.sdk/usr/include/mach/thread_special_ports.h
/Applications/Xcode.app/Contents/Developer/Platforms/MacOSX.platform/Developer/SDKs/MacOSX26.1.sdk/usr/include/mach/clock_types.h
/Applications/Xcode.app/Contents/Developer/Platforms/MacOSX.platform/Developer/SDKs/MacOSX26.1.sdk/usr/include/mach/vm_attributes.h
/Applications/Xcode.app/Contents/Developer/Platforms/MacOSX.platform/Developer/SDKs/MacOSX26.1.sdk/usr/include/mach/vm_inherit.h
/Applications/Xcode.app/Contents/Developer/Platforms/MacOSX.platform/Developer/SDKs/MacOSX26.1.sdk/usr/include/mach/vm_purgable.h
/Applications/Xcode.app/Contents/Developer/Platforms/MacOSX.platform/Developer/SDKs/MacOSX26.1.sdk/usr/include/mach/vm_behavior.h
/Applications/Xcode.app/Contents/Developer/Platforms/MacOSX.platform/Developer/SDKs/MacOSX26.1.sdk/usr/include/mach/vm_region.h
/Applications/Xcode.app/Contents/Developer/Platforms/MacOSX.platform/Developer/SDKs/MacOSX26.1.sdk/usr/include/mach/machine/vm_param.h
/Applications/Xcode.app/Contents/Developer/Platforms/MacOSX.platform/Developer/SDKs/MacOSX26.1.sdk/usr/include/mach/arm/vm_param.h
/Applications/Xcode.app/Contents/Developer/Platforms/MacOSX.platform/Developer/SDKs/MacOSX26.1.sdk/usr/include/mach/vm_page_size.h
/Applications/Xcode.app/Contents/Developer/Platforms/MacOSX.platform/Developer/SDKs/MacOSX26.1.sdk/usr/include/mach/kmod.h
/Applications/Xcode.app/Contents/Developer/Platforms/MacOSX.platform/Developer/SDKs/MacOSX26.1.sdk/usr/include/mach/dyld_kernel.h
/Applications/Xcode.app/Contents/Developer/Platforms/MacOSX.platform/Developer/SDKs/MacOSX26.1.sdk/usr/include/ConditionalMacros.h
/Applications/Xcode.app/Contents/Developer/Platforms/MacOSX.platform/Developer/SDKs/MacOSX26.1.sdk/usr/include/crt_externs.h
/Applications/Xcode.app/Contents/Developer/Platforms/MacOSX.platform/Developer/SDKs/MacOSX26.1.sdk/usr/include/fts.h
/Applications/Xcode.app/Contents/Developer/Platforms/MacOSX.platform/Developer/SDKs/MacOSX26.1.sdk/usr/include/getopt.h
/Applications/Xcode.app/Contents/Developer/Platforms/MacOSX.platform/Developer/SDKs/MacOSX26.1.sdk/usr/include/AssertMacros.h
/Applications/Xcode.app/Contents/Developer/Platforms/MacOSX.platform/Developer/SDKs/MacOSX26.1.sdk/usr/include/MacTypes.h
/Applications/Xcode.app/Contents/Developer/Platforms/MacOSX.platform/Developer/SDKs/MacOSX26.1.sdk/usr/include/mach/mach.h
/Applications/Xcode.app/Contents/Developer/Platforms/MacOSX.platform/Developer/SDKs/MacOSX26.1.sdk/usr/include/mach/mach_interface.h
/Applications/Xcode.app/Contents/Developer/Platforms/MacOSX.platform/Developer/SDKs/MacOSX26.1.sdk/usr/include/mach/clock_priv.h
/Applications/Xcode.app/Contents/Developer/Platforms/MacOSX.platform/Developer/SDKs/MacOSX26.1.sdk/usr/include/mach/ndr.h
/Applications/Xcode.app/Contents/Developer/Platforms/MacOSX.platform/Developer/SDKs/MacOSX26.1.sdk/usr/include/libkern/OSByteOrder.h
/Applications/Xcode.app/Contents/Developer/Platforms/MacOSX.platform/Developer/SDKs/MacOSX26.1.sdk/usr/include/libkern/arm/OSByteOrder.h
/Applications/Xcode.app/Contents/Developer/Platforms/MacOSX.platform/Developer/SDKs/MacOSX26.1.sdk/usr/include/arm/arch.h
/Applications/Xcode.app/Contents/Developer/Platforms/MacOSX.platform/Developer/SDKs/MacOSX26.1.sdk/usr/include/mach/notify.h
/Applications/Xcode.app/Contents/Developer/Platforms/MacOSX.platform/Developer/SDKs/MacOSX26.1.sdk/usr/include/mach/mig_errors.h
/Applications/Xcode.app/Contents/Developer/Platforms/MacOSX.platform/Developer/SDKs/MacOSX26.1.sdk/usr/include/mach/mig.h
/Applications/Xcode.app/Contents/Developer/Platforms/MacOSX.platform/Developer/SDKs/MacOSX26.1.sdk/usr/include/mach/host_priv.h
/Applications/Xcode.app/Contents/Developer/Platforms/MacOSX.platform/Developer/SDKs/MacOSX26.1.sdk/usr/include/mach_debug/mach_debug_types.h
/Applications/Xcode.app/Contents/Developer/Platforms/MacOSX.platform/Developer/SDKs/MacOSX26.1.sdk/usr/include/mach_debug/vm_info.h
/Applications/Xcode.app/Contents/Developer/Platforms/MacOSX.platform/Developer/SDKs/MacOSX26.1.sdk/usr/include/mach_debug/zone_info.h
/Applications/Xcode.app/Contents/Developer/Platforms/MacOSX.platform/Developer/SDKs/MacOSX26.1.sdk/usr/include/mach_debug/page_info.h
/Applications/Xcode.app/Contents/Developer/Platforms/MacOSX.platform/Developer/SDKs/MacOSX26.1.sdk/usr/include/mach_debug/hash_info.h
/Applications/Xcode.app/Contents/Developer/Platforms/MacOSX.platform/Developer/SDKs/MacOSX26.1.sdk/usr/include/mach_debug/lockgroup_info.h
/Applications/Xcode.app/Contents/Developer/Platforms/MacOSX.platform/Developer/SDKs/MacOSX26.1.sdk/usr/include/mach/host_security.h
/Applications/Xcode.app/Contents/Developer/Platforms/MacOSX.platform/Developer/SDKs/MacOSX26.1.sdk/usr/include/mach/processor.h
/Applications/Xcode.app/Contents/Developer/Platforms/MacOSX.platform/Developer/SDKs/MacOSX26.1.sdk/usr/include/mach/processor_set.h
/Applications/Xcode.app/Contents/Developer/Platforms/MacOSX.platform/Developer/SDKs/MacOSX26.1.sdk/usr/include/mach/semaphore.h
/Applications/Xcode.app/Contents/Developer/Platforms/MacOSX.platform/Developer/SDKs/MacOSX26.1.sdk/usr/include/mach/sync_policy.h
/Applications/Xcode.app/Contents/Developer/Platforms/MacOSX.platform/Developer/SDKs/MacOSX26.1.sdk/usr/include/mach/task.h
/Applications/Xcode.app/Contents/Developer/Platforms/MacOSX.platform/Developer/SDKs/MacOSX26.1.sdk/usr/include/mach/thread_act.h
/Applications/Xcode.app/Contents/Developer/Platforms/MacOSX.platform/Developer/SDKs/MacOSX26.1.sdk/usr/include/mach/vm_map.h
/Applications/Xcode.app/Contents/Developer/Platforms/MacOSX.platform/Developer/SDKs/MacOSX26.1.sdk/usr/include/mach/mach_port.h
/Applications/Xcode.app/Contents/Developer/Platforms/MacOSX.platform/Developer/SDKs/MacOSX26.1.sdk/usr/include/mach/mach_init.h
/Applications/Xcode.app/Contents/Developer/Platforms/MacOSX.platform/Developer/SDKs/MacOSX26.1.sdk/usr/include/mach/mach_traps.h
/Applications/Xcode.app/Contents/Developer/Platforms/MacOSX.platform/Developer/SDKs/MacOSX26.1.sdk/usr/include/mach/error.h
/Applications/Xcode.app/Contents/Developer/Platforms/MacOSX.platform/Developer/SDKs/MacOSX26.1.sdk/usr/include/mach/mach_host.h
/Applications/Xcode.app/Contents/Developer/Platforms/MacOSX.platform/Developer/SDKs/MacOSX26.1.sdk/usr/include/mach/thread_switch.h
/Applications/Xcode.app/Contents/Developer/Platforms/MacOSX.platform/Developer/SDKs/MacOSX26.1.sdk/usr/include/mach/rpc.h
/Applications/Xcode.app/Contents/Developer/Platforms/MacOSX.platform/Developer/SDKs/MacOSX26.1.sdk/usr/include/mach/machine/rpc.h
/Applications/Xcode.app/Contents/Developer/Platforms/MacOSX.platform/Developer/SDKs/MacOSX26.1.sdk/usr/include/mach/arm/rpc.h
/Applications/Xcode.app/Contents/Developer/Platforms/MacOSX.platform/Developer/SDKs/MacOSX26.1.sdk/usr/include/mach/mach_error.h
/Applications/Xcode.app/Contents/Developer/Platforms/MacOSX.platform/Developer/SDKs/MacOSX26.1.sdk/usr/include/mach/audit_triggers_types.h
/Applications/Xcode.app/Contents/Developer/Platforms/MacOSX.platform/Developer/SDKs/MacOSX26.1.sdk/usr/include/mach/bootstrap.h
/Applications/Xcode.app/Contents/Developer/Platforms/MacOSX.platform/Developer/SDKs/MacOSX26.1.sdk/usr/include/mach/clock.h
/Applications/Xcode.app/Contents/Developer/Platforms/MacOSX.platform/Developer/SDKs/MacOSX26.1.sdk/usr/include/mach/clock_reply.h
/Applications/Xcode.app/Contents/Developer/Platforms/MacOSX.platform/Developer/SDKs/MacOSX26.1.sdk/usr/include/mach/exc.h
/Applications/Xcode.app/Contents/Developer/Platforms/MacOSX.platform/Developer/SDKs/MacOSX26.1.sdk/usr/include/mach/exception.h
/Applications/Xcode.app/Contents/Developer/Platforms/MacOSX.platform/Developer/SDKs/MacOSX26.1.sdk/usr/include/mach/host_reboot.h
/Applications/Xcode.app/Contents/Developer/Platforms/MacOSX.platform/Developer/SDKs/MacOSX26.1.sdk/usr/include/arm64/hv/hv_kern_types.h
/Applications/Xcode.app/Contents/Developer/Platforms/MacOSX.platform/Developer/SDKs/MacOSX26.1.sdk/usr/include/mach/mach_param.h
/Applications/Xcode.app/Contents/Developer/Platforms/MacOSX.platform/Developer/SDKs/MacOSX26.1.sdk/usr/include/mach/mach_right.h
/Applications/Xcode.app/Contents/Developer/Platforms/MacOSX.platform/Developer/SDKs/MacOSX26.1.sdk/usr/include/mach/mach_syscalls.h
/Applications/Xcode.app/Contents/Developer/Platforms/MacOSX.platform/Developer/SDKs/MacOSX26.1.sdk/usr/include/mach/mach_time.h
/Applications/Xcode.app/Contents/Developer/Platforms/MacOSX.platform/Developer/SDKs/MacOSX26.1.sdk/usr/include/mach/mach_vm.h
/Applications/Xcode.app/Contents/Developer/Platforms/MacOSX.platform/Developer/SDKs/MacOSX26.1.sdk/usr/include/mach/mach_voucher.h
/Applications/Xcode.app/Contents/Developer/Platforms/MacOSX.platform/Developer/SDKs/MacOSX26.1.sdk/usr/include/mach/memory_entry.h
/Applications/Xcode.app/Contents/Developer/Platforms/MacOSX.platform/Developer/SDKs/MacOSX26.1.sdk/usr/include/mach/mig_strncpy_zerofill_support.h
/Applications/Xcode.app/Contents/Developer/Platforms/MacOSX.platform/Developer/SDKs/MacOSX26.1.sdk/usr/include/mach/mig_voucher_support.h
/Applications/Xcode.app/Contents/Developer/Platforms/MacOSX.platform/Developer/SDKs/MacOSX26.1.sdk/usr/include/mach/port_obj.h
/Applications/Xcode.app/Contents/Developer/Platforms/MacOSX.platform/Developer/SDKs/MacOSX26.1.sdk/usr/include/mach/sdt.h
/Applications/Xcode.app/Contents/Developer/Platforms/MacOSX.platform/Developer/SDKs/MacOSX26.1.sdk/usr/include/mach/machine/sdt.h
/Applications/Xcode.app/Contents/Developer/Platforms/MacOSX.platform/Developer/SDKs/MacOSX26.1.sdk/usr/include/sys/sdt.h
/Applications/Xcode.app/Contents/Developer/Platforms/MacOSX.platform/Developer/SDKs/MacOSX26.1.sdk/usr/include/mach/shared_region.h
/Applications/Xcode.app/Contents/Developer/Platforms/MacOSX.platform/Developer/SDKs/MacOSX26.1.sdk/usr/include/mach/sync.h
/Applications/Xcode.app/Contents/Developer/Platforms/MacOSX.platform/Developer/SDKs/MacOSX26.1.sdk/usr/include/mach/thread_state.h
/Applications/Xcode.app/Contents/Developer/Platforms/MacOSX.platform/Developer/SDKs/MacOSX26.1.sdk/usr/include/mach/vm_param.h
/Applications/Xcode.app/Contents/Developer/Platforms/MacOSX.platform/Developer/SDKs/MacOSX26.1.sdk/usr/include/mach/vm_task.h
/Applications/Xcode.app/Contents/Developer/Platforms/MacOSX.platform/Developer/SDKs/MacOSX26.1.sdk/usr/include/mach/machine/asm.h
/Applications/Xcode.app/Contents/Developer/Platforms/MacOSX.platform/Developer/SDKs/MacOSX26.1.sdk/usr/include/mach/arm64/asm.h
/Applications/Xcode.app/Contents/Developer/Platforms/MacOSX.platform/Developer/SDKs/MacOSX26.1.sdk/usr/include/mach/i386/asm.h
/Applications/Xcode.app/Contents/Developer/Platforms/MacOSX.platform/Developer/SDKs/MacOSX26.1.sdk/usr/include/mach/arm/asm.h
/Applications/Xcode.app/Contents/Developer/Platforms/MacOSX.platform/Developer/SDKs/MacOSX26.1.sdk/usr/include/mach/i386/boolean.h
/Applications/Xcode.app/Contents/Developer/Platforms/MacOSX.platform/Developer/SDKs/MacOSX26.1.sdk/usr/include/mach/i386/exception.h
/Applications/Xcode.app/Contents/Developer/Platforms/MacOSX.platform/Developer/SDKs/MacOSX26.1.sdk/usr/include/mach/i386/fp_reg.h
/Applications/Xcode.app/Contents/Developer/Platforms/MacOSX.platform/Developer/SDKs/MacOSX26.1.sdk/usr/include/mach/i386/kern_return.h
/Applications/Xcode.app/Contents/Developer/Platforms/MacOSX.platform/Developer/SDKs/MacOSX26.1.sdk/usr/include/mach/machine/ndr_def.h
/Applications/Xcode.app/Contents/Developer/Platforms/MacOSX.platform/Developer/SDKs/MacOSX26.1.sdk/usr/include/mach/arm/ndr_def.h
/Applications/Xcode.app/Contents/Developer/Platforms/MacOSX.platform/Developer/SDKs/MacOSX26.1.sdk/usr/include/mach/i386/processor_info.h
/Applications/Xcode.app/Contents/Developer/Platforms/MacOSX.platform/Developer/SDKs/MacOSX26.1.sdk/usr/include/mach/i386/rpc.h
/Applications/Xcode.app/Contents/Developer/Platforms/MacOSX.platform/Developer/SDKs/MacOSX26.1.sdk/usr/include/mach/machine/sdt_isa.h
/Applications/Xcode.app/Contents/Developer/Platforms/MacOSX.platform/Developer/SDKs/MacOSX26.1.sdk/usr/include/mach/arm/sdt_isa.h
/Applications/Xcode.app/Contents/Developer/Platforms/MacOSX.platform/Developer/SDKs/MacOSX26.1.sdk/usr/include/mach/i386/sdt_isa.h
/Applications/Xcode.app/Contents/Developer/Platforms/MacOSX.platform/Developer/SDKs/MacOSX26.1.sdk/usr/include/mach/i386/thread_state.h
/Applications/Xcode.app/Contents/Developer/Platforms/MacOSX.platform/Developer/SDKs/MacOSX26.1.sdk/usr/include/mach/i386/thread_status.h
/Applications/Xcode.app/Contents/Developer/Platforms/MacOSX.platform/Developer/SDKs/MacOSX26.1.sdk/usr/include/mach/arm/traps.h
/Applications/Xcode.app/Contents/Developer/Platforms/MacOSX.platform/Developer/SDKs/MacOSX26.1.sdk/usr/include/mach/i386/vm_param.h
/Applications/Xcode.app/Contents/Developer/Platforms/MacOSX.platform/Developer/SDKs/MacOSX26.1.sdk/usr/include/mach/i386/vm_types.h
/Applications/Xcode.app/Contents/Developer/Platforms/MacOSX.platform/Developer/SDKs/MacOSX26.1.sdk/usr/include/mach_debug/mach_debug.h
/Applications/Xcode.app/Contents/Developer/Platforms/MacOSX.platform/Developer/SDKs/MacOSX26.1.sdk/usr/include/device/device_types.h
/Applications/Xcode.app/Contents/Developer/Platforms/MacOSX.platform/Developer/SDKs/MacOSX26.1.sdk/usr/include/device/device_port.h
/Applications/Xcode.app/Contents/Developer/Platforms/MacOSX.platform/Developer/SDKs/MacOSX26.1.sdk/usr/include/libkern/OSAtomic.h
/Applications/Xcode.app/Contents/Developer/Platforms/MacOSX.platform/Developer/SDKs/MacOSX26.1.sdk/usr/include/libkern/OSAtomicDeprecated.h
/Applications/Xcode.app/Contents/Developer/Platforms/MacOSX.platform/Developer/SDKs/MacOSX26.1.sdk/usr/include/libkern/OSSpinLockDeprecated.h
/Applications/Xcode.app/Contents/Developer/Platforms/MacOSX.platform/Developer/SDKs/MacOSX26.1.sdk/usr/include/libkern/OSAtomicQueue.h
/Applications/Xcode.app/Contents/Developer/Platforms/MacOSX.platform/Developer/SDKs/MacOSX26.1.sdk/usr/include/libkern/machine/OSByteOrder.h
/Applications/Xcode.app/Contents/Developer/Platforms/MacOSX.platform/Developer/SDKs/MacOSX26.1.sdk/usr/include/libkern/i386/OSByteOrder.h
/Applications/Xcode.app/Contents/Developer/Platforms/MacOSX.platform/Developer/SDKs/MacOSX26.1.sdk/usr/include/libproc.h
/Applications/Xcode.app/Contents/Developer/Platforms/MacOSX.platform/Developer/SDKs/MacOSX26.1.sdk/usr/include/sys/mount.h
/Applications/Xcode.app/Contents/Developer/Platforms/MacOSX.platform/Developer/SDKs/MacOSX26.1.sdk/usr/include/sys/attr.h
/Applications/Xcode.app/Contents/Developer/Platforms/MacOSX.platform/Developer/SDKs/MacOSX26.1.sdk/usr/include/sys/proc_info.h
/Applications/Xcode.app/Contents/Developer/Platforms/MacOSX.platform/Developer/SDKs/MacOSX26.1.sdk/usr/include/sys/kern_control.h
/Applications/Xcode.app/Contents/Developer/Platforms/MacOSX.platform/Developer/SDKs/MacOSX26.1.sdk/usr/include/os/clock.h
/Applications/Xcode.app/Contents/Developer/Platforms/MacOSX.platform/Developer/SDKs/MacOSX26.1.sdk/usr/include/os/lock.h
/Applications/Xcode.app/Contents/Developer/Platforms/MacOSX.platform/Developer/SDKs/MacOSX26.1.sdk/usr/include/os/proc.h
/Applications/Xcode.app/Contents/Developer/Platforms/MacOSX.platform/Developer/SDKs/MacOSX26.1.sdk/usr/include/malloc/malloc.h
/Applications/Xcode.app/Contents/Developer/Platforms/MacOSX.platform/Developer/SDKs/MacOSX26.1.sdk/usr/include/malloc/_platform.h
/Applications/Xcode.app/Contents/Developer/Platforms/MacOSX.platform/Developer/SDKs/MacOSX26.1.sdk/usr/include/sys/malloc.h
/Applications/Xcode.app/Contents/Developer/Platforms/MacOSX.platform/Developer/SDKs/MacOSX26.1.sdk/usr/include/i386/_param.h
/Applications/Xcode.app/Contents/Developer/Platforms/MacOSX.platform/Developer/SDKs/MacOSX26.1.sdk/usr/include/machine/byte_order.h
/Applications/Xcode.app/Contents/Developer/Platforms/MacOSX.platform/Developer/SDKs/MacOSX26.1.sdk/usr/include/architecture/byte_order.h
/Applications/Xcode.app/Contents/Developer/Platforms/MacOSX.platform/Developer/SDKs/MacOSX26.1.sdk/usr/include/i386/eflags.h
/Applications/Xcode.app/Contents/Developer/Platforms/MacOSX.platform/Developer/SDKs/MacOSX26.1.sdk/usr/include/machine/fasttrap_isa.h
/Applications/Xcode.app/Contents/Developer/Platforms/MacOSX.platform/Developer/SDKs/MacOSX26.1.sdk/usr/include/arm/fasttrap_isa.h
/Applications/Xcode.app/Contents/Developer/Platforms/MacOSX.platform/Developer/SDKs/MacOSX26.1.sdk/usr/include/i386/fasttrap_isa.h
/Applications/Xcode.app/Contents/Developer/Platforms/MacOSX.platform/Developer/SDKs/MacOSX26.1.sdk/usr/include/i386/param.h
/Applications/Xcode.app/Contents/Developer/Platforms/MacOSX.platform/Developer/SDKs/MacOSX26.1.sdk/usr/include/machine/profile.h
/Applications/Xcode.app/Contents/Developer/Platforms/MacOSX.platform/Developer/SDKs/MacOSX26.1.sdk/usr/include/arm/profile.h
/Applications/Xcode.app/Contents/Developer/Platforms/MacOSX.platform/Developer/SDKs/MacOSX26.1.sdk/usr/include/i386/profile.h
/Applications/Xcode.app/Contents/Developer/Platforms/MacOSX.platform/Developer/SDKs/MacOSX26.1.sdk/usr/include/i386/user_ldt.h
/Applications/Xcode.app/Contents/Developer/Platforms/MacOSX.platform/Developer/SDKs/MacOSX26.1.sdk/usr/include/machine/vmparam.h
/Applications/Xcode.app/Contents/Developer/Platforms/MacOSX.platform/Developer/SDKs/MacOSX26.1.sdk/usr/include/arm/vmparam.h
/Applications/Xcode.app/Contents/Developer/Platforms/MacOSX.platform/Developer/SDKs/MacOSX26.1.sdk/usr/include/i386/vmparam.h
/Applications/Xcode.app/Contents/Developer/Platforms/MacOSX.platform/Developer/SDKs/MacOSX26.1.sdk/usr/include/aliasdb.h
/Applications/Xcode.app/Contents/Developer/Platforms/MacOSX.platform/Developer/SDKs/MacOSX26.1.sdk/usr/include/bootparams.h
/Applications/Xcode.app/Contents/Developer/Platforms/MacOSX.platform/Developer/SDKs/MacOSX26.1.sdk/usr/include/Block.h
/Applications/Xcode.app/Contents/Developer/Platforms/MacOSX.platform/Developer/SDKs/MacOSX26.1.sdk/usr/include/bsm/audit_domain.h
/Applications/Xcode.app/Contents/Developer/Platforms/MacOSX.platform/Developer/SDKs/MacOSX26.1.sdk/usr/include/bsm/audit_errno.h
/Applications/Xcode.app/Contents/Developer/Platforms/MacOSX.platform/Developer/SDKs/MacOSX26.1.sdk/usr/include/bsm/audit_fcntl.h
/Applications/Xcode.app/Contents/Developer/Platforms/MacOSX.platform/Developer/SDKs/MacOSX26.1.sdk/usr/include/bsm/audit_filter.h
/Applications/Xcode.app/Contents/Developer/Platforms/MacOSX.platform/Developer/SDKs/MacOSX26.1.sdk/usr/include/bsm/libbsm.h
/Applications/Xcode.app/Contents/Developer/Platforms/MacOSX.platform/Developer/SDKs/MacOSX26.1.sdk/usr/include/bsm/audit_record.h
/Applications/Xcode.app/Contents/Developer/Platforms/MacOSX.platform/Developer/SDKs/MacOSX26.1.sdk/usr/include/bsm/audit_internal.h
/Applications/Xcode.app/Contents/Developer/Platforms/MacOSX.platform/Developer/SDKs/MacOSX26.1.sdk/usr/include/bsm/audit_kevents.h
/Applications/Xcode.app/Contents/Developer/Platforms/MacOSX.platform/Developer/SDKs/MacOSX26.1.sdk/usr/include/bsm/audit_session.h
/Applications/Xcode.app/Contents/Developer/Platforms/MacOSX.platform/Developer/SDKs/MacOSX26.1.sdk/usr/include/bsm/audit_socket_type.h
/Applications/Xcode.app/Contents/Developer/Platforms/MacOSX.platform/Developer/SDKs/MacOSX26.1.sdk/usr/include/bsm/audit_uevents.h
/Applications/Xcode.app/Contents/Developer/Platforms/MacOSX.platform/Developer/SDKs/MacOSX26.1.sdk/usr/include/execinfo.h
/Applications/Xcode.app/Contents/Developer/Platforms/MacOSX.platform/Developer/SDKs/MacOSX26.1.sdk/usr/include/fstab.h
/Applications/Xcode.app/Contents/Developer/Platforms/MacOSX.platform/Developer/SDKs/MacOSX26.1.sdk/usr/include/hfs/hfs_format.h
/Applications/Xcode.app/Contents/Developer/Platforms/MacOSX.platform/Developer/SDKs/MacOSX26.1.sdk/usr/include/hfs/hfs_unistr.h
/Applications/Xcode.app/Contents/Developer/Platforms/MacOSX.platform/Developer/SDKs/MacOSX26.1.sdk/usr/include/hfs/hfs_mount.h
/Applications/Xcode.app/Contents/Developer/Platforms/MacOSX.platform/Developer/SDKs/MacOSX26.1.sdk/usr/include/membership.h
/Applications/Xcode.app/Contents/Developer/Platforms/MacOSX.platform/Developer/SDKs/MacOSX26.1.sdk/usr/include/ntsid.h
/Applications/Xcode.app/Contents/Developer/Platforms/MacOSX.platform/Developer/SDKs/MacOSX26.1.sdk/usr/include/curses.h
/Applications/Xcode.app/Contents/Developer/Platforms/MacOSX.platform/Developer/SDKs/MacOSX26.1.sdk/usr/include/ncurses_dll.h
/Applications/Xcode.app/Contents/Developer/Platforms/MacOSX.platform/Developer/SDKs/MacOSX26.1.sdk/usr/include/unctrl.h
/Applications/Xcode.app/Contents/Developer/Platforms/MacOSX.platform/Developer/SDKs/MacOSX26.1.sdk/usr/include/eti.h
/Applications/Xcode.app/Contents/Developer/Platforms/MacOSX.platform/Developer/SDKs/MacOSX26.1.sdk/usr/include/nc_tparm.h
/Applications/Xcode.app/Contents/Developer/Platforms/MacOSX.platform/Developer/SDKs/MacOSX26.1.sdk/usr/include/form.h
/Applications/Xcode.app/Contents/Developer/Platforms/MacOSX.platform/Developer/SDKs/MacOSX26.1.sdk/usr/include/menu.h
/Applications/Xcode.app/Contents/Developer/Platforms/MacOSX.platform/Developer/SDKs/MacOSX26.1.sdk/usr/include/panel.h
/Applications/Xcode.app/Contents/Developer/Platforms/MacOSX.platform/Developer/SDKs/MacOSX26.1.sdk/usr/include/netinet6/ah.h
/Applications/Xcode.app/Contents/Developer/Platforms/MacOSX.platform/Developer/SDKs/MacOSX26.1.sdk/usr/include/netinet6/esp.h
/Applications/Xcode.app/Contents/Developer/Platforms/MacOSX.platform/Developer/SDKs/MacOSX26.1.sdk/usr/include/netinet6/ipcomp.h
/Applications/Xcode.app/Contents/Developer/Platforms/MacOSX.platform/Developer/SDKs/MacOSX26.1.sdk/usr/include/netinet6/ipsec.h
/Applications/Xcode.app/Contents/Developer/Platforms/MacOSX.platform/Developer/SDKs/MacOSX26.1.sdk/usr/include/netinet6/raw_ip6.h
/Applications/Xcode.app/Contents/Developer/Platforms/MacOSX.platform/Developer/SDKs/MacOSX26.1.sdk/usr/include/printerdb.h
/Applications/Xcode.app/Contents/Developer/Platforms/MacOSX.platform/Developer/SDKs/MacOSX26.1.sdk/usr/include/sys/_structs.h
/Applications/Xcode.app/Contents/Developer/Platforms/MacOSX.platform/Developer/SDKs/MacOSX26.1.sdk/usr/include/sys/acct.h
/Applications/Xcode.app/Contents/Developer/Platforms/MacOSX.platform/Developer/SDKs/MacOSX26.1.sdk/usr/include/sys/acl.h
/Applications/Xcode.app/Contents/Developer/Platforms/MacOSX.platform/Developer/SDKs/MacOSX26.1.sdk/usr/include/sys/kauth.h
/Applications/Xcode.app/Contents/Developer/Platforms/MacOSX.platform/Developer/SDKs/MacOSX26.1.sdk/usr/include/sys/buf.h
/Applications/Xcode.app/Contents/Developer/Platforms/MacOSX.platform/Developer/SDKs/MacOSX26.1.sdk/usr/include/sys/kernel_types.h
/Applications/Xcode.app/Contents/Developer/Platforms/MacOSX.platform/Developer/SDKs/MacOSX26.1.sdk/usr/include/sys/clonefile.h
/Applications/Xcode.app/Contents/Developer/Platforms/MacOSX.platform/Developer/SDKs/MacOSX26.1.sdk/usr/include/sys/commpage.h
/Applications/Xcode.app/Contents/Developer/Platforms/MacOSX.platform/Developer/SDKs/MacOSX26.1.sdk/usr/include/sys/conf.h
/Applications/Xcode.app/Contents/Developer/Platforms/MacOSX.platform/Developer/SDKs/MacOSX26.1.sdk/usr/include/sys/disk.h
/Applications/Xcode.app/Contents/Developer/Platforms/MacOSX.platform/Developer/SDKs/MacOSX26.1.sdk/usr/include/sys/dkstat.h
/Applications/Xcode.app/Contents/Developer/Platforms/MacOSX.platform/Developer/SDKs/MacOSX26.1.sdk/usr/include/sys/domain.h
/Applications/Xcode.app/Contents/Developer/Platforms/MacOSX.platform/Developer/SDKs/MacOSX26.1.sdk/usr/include/sys/ev.h
/Applications/Xcode.app/Contents/Developer/Platforms/MacOSX.platform/Developer/SDKs/MacOSX26.1.sdk/usr/include/sys/file.h
/Applications/Xcode.app/Contents/Developer/Platforms/MacOSX.platform/Developer/SDKs/MacOSX26.1.sdk/usr/include/sys/filedesc.h
/Applications/Xcode.app/Contents/Developer/Platforms/MacOSX.platform/Developer/SDKs/MacOSX26.1.sdk/usr/include/sys/fileport.h
/Applications/Xcode.app/Contents/Developer/Platforms/MacOSX.platform/Developer/SDKs/MacOSX26.1.sdk/usr/include/sys/fsgetpath.h
/Applications/Xcode.app/Contents/Developer/Platforms/MacOSX.platform/Developer/SDKs/MacOSX26.1.sdk/usr/include/sys/gmon.h
/Applications/Xcode.app/Contents/Developer/Platforms/MacOSX.platform/Developer/SDKs/MacOSX26.1.sdk/usr/include/sys/ioctl_compat.h
/Applications/Xcode.app/Contents/Developer/Platforms/MacOSX.platform/Developer/SDKs/MacOSX26.1.sdk/usr/include/sys/ttychars.h
/Applications/Xcode.app/Contents/Developer/Platforms/MacOSX.platform/Developer/SDKs/MacOSX26.1.sdk/usr/include/sys/ttydev.h
/Applications/Xcode.app/Contents/Developer/Platforms/MacOSX.platform/Developer/SDKs/MacOSX26.1.sdk/usr/include/sys/kdebug.h
/Applications/Xcode.app/Contents/Developer/Platforms/MacOSX.platform/Developer/SDKs/MacOSX26.1.sdk/usr/include/sys/kdebug_signpost.h
/Applications/Xcode.app/Contents/Developer/Platforms/MacOSX.platform/Developer/SDKs/MacOSX26.1.sdk/usr/include/sys/lctx.h
/Applications/Xcode.app/Contents/Developer/Platforms/MacOSX.platform/Developer/SDKs/MacOSX26.1.sdk/usr/include/sys/mbuf.h
/Applications/Xcode.app/Contents/Developer/Platforms/MacOSX.platform/Developer/SDKs/MacOSX26.1.sdk/usr/include/sys/msgbuf.h
/Applications/Xcode.app/Contents/Developer/Platforms/MacOSX.platform/Developer/SDKs/MacOSX26.1.sdk/usr/include/sys/netport.h
/Applications/Xcode.app/Contents/Developer/Platforms/MacOSX.platform/Developer/SDKs/MacOSX26.1.sdk/usr/include/sys/paths.h
/Applications/Xcode.app/Contents/Developer/Platforms/MacOSX.platform/Developer/SDKs/MacOSX26.1.sdk/usr/include/sys/pipe.h
/Applications/Xcode.app/Contents/Developer/Platforms/MacOSX.platform/Developer/SDKs/MacOSX26.1.sdk/usr/include/sys/quota.h
/Applications/Xcode.app/Contents/Developer/Platforms/MacOSX.platform/Developer/SDKs/MacOSX26.1.sdk/usr/include/sys/rbtree.h
/Applications/Xcode.app/Contents/Developer/Platforms/MacOSX.platform/Developer/SDKs/MacOSX26.1.sdk/usr/include/sys/reboot.h
/Applications/Xcode.app/Contents/Developer/Platforms/MacOSX.platform/Developer/SDKs/MacOSX26.1.sdk/usr/include/sys/resourcevar.h
/Applications/Xcode.app/Contents/Developer/Platforms/MacOSX.platform/Developer/SDKs/MacOSX26.1.sdk/usr/include/sys/sbuf.h
/Applications/Xcode.app/Contents/Developer/Platforms/MacOSX.platform/Developer/SDKs/MacOSX26.1.sdk/usr/include/sys/signalvar.h
/Applications/Xcode.app/Contents/Developer/Platforms/MacOSX.platform/Developer/SDKs/MacOSX26.1.sdk/usr/include/sys/syscall.h
/Applications/Xcode.app/Contents/Developer/Platforms/MacOSX.platform/Developer/SDKs/MacOSX26.1.sdk/usr/include/sys/timeb.h
/Applications/Xcode.app/Contents/Developer/Platforms/MacOSX.platform/Developer/SDKs/MacOSX26.1.sdk/usr/include/sys/trace.h
/Applications/Xcode.app/Contents/Developer/Platforms/MacOSX.platform/Developer/SDKs/MacOSX26.1.sdk/usr/include/sys/tty.h
/Applications/Xcode.app/Contents/Developer/Platforms/MacOSX.platform/Developer/SDKs/MacOSX26.1.sdk/usr/include/sys/ucontext.h
/Applications/Xcode.app/Contents/Developer/Platforms/MacOSX.platform/Developer/SDKs/MacOSX26.1.sdk/usr/include/sys/unpcb.h
/Applications/Xcode.app/Contents/Developer/Platforms/MacOSX.platform/Developer/SDKs/MacOSX26.1.sdk/usr/include/sys/user.h
/Applications/Xcode.app/Contents/Developer/Platforms/MacOSX.platform/Developer/SDKs/MacOSX26.1.sdk/usr/include/sys/utfconv.h
/Applications/Xcode.app/Contents/Developer/Platforms/MacOSX.platform/Developer/SDKs/MacOSX26.1.sdk/usr/include/sys/vcmd.h
/Applications/Xcode.app/Contents/Developer/Platforms/MacOSX.platform/Developer/SDKs/MacOSX26.1.sdk/usr/include/sys/vnode.h
/Applications/Xcode.app/Contents/Developer/Platforms/MacOSX.platform/Developer/SDKs/MacOSX26.1.sdk/usr/include/_modules/_darwin_sys_signal.h
/Applications/Xcode.app/Contents/Developer/Platforms/MacOSX.platform/Developer/SDKs/MacOSX26.1.sdk/usr/include/sysdir.h
/Applications/Xcode.app/Contents/Developer/Platforms/MacOSX.platform/Developer/SDKs/MacOSX26.1.sdk/usr/include/libc.h
/Applications/Xcode.app/Contents/Developer/Platforms/MacOSX.platform/Developer/SDKs/MacOSX26.1.sdk/usr/include/paths.h
/Applications/Xcode.app/Contents/Developer/Platforms/MacOSX.platform/Developer/SDKs/MacOSX26.1.sdk/usr/include/sysexits.h
/Applications/Xcode.app/Contents/Developer/Platforms/MacOSX.platform/Developer/SDKs/MacOSX26.1.sdk/SDKSettings.json
/Applications/Xcode.app/Contents/Developer/Platforms/MacOSX.platform/Developer/SDKs/MacOSX26.1.sdk/System/Library/Frameworks/DiskArbitration.framework/Modules/module.modulemap
/Applications/Xcode.app/Contents/Developer/Platforms/MacOSX.platform/Developer/SDKs/MacOSX26.1.sdk/System/Library/Frameworks/DiskArbitration.framework/Headers/DiskArbitration.h
/Applications/Xcode.app/Contents/Developer/Platforms/MacOSX.platform/Developer/SDKs/MacOSX26.1.sdk/System/Library/Frameworks/CoreFoundation.framework/Modules/module.modulemap
/Applications/Xcode.app/Contents/Developer/Platforms/MacOSX.platform/Developer/SDKs/MacOSX26.1.sdk/usr/include/Darwin.modulemap
/Applications/Xcode.app/Contents/Developer/Platforms/MacOSX.platform/Developer/SDKs/MacOSX26.1.sdk/usr/include/DarwinFoundation1.modulemap
/Applications/Xcode.app/Contents/Developer/Platforms/MacOSX.platform/Developer/SDKs/MacOSX26.1.sdk/System/Library/Frameworks/DiskArbitration.framework/Headers/DADisk.h
/Applications/Xcode.app/Contents/Developer/Platforms/MacOSX.platform/Developer/SDKs/MacOSX26.1.sdk/System/Library/Frameworks/IOKit.framework/Modules/module.modulemap
/Applications/Xcode.app/Contents/Developer/Platforms/MacOSX.platform/Developer/SDKs/MacOSX26.1.sdk/System/Library/Frameworks/DiskArbitration.framework/Headers/DASession.h
/Applications/Xcode.app/Contents/Developer/Platforms/MacOSX.platform/Developer/SDKs/MacOSX26.1.sdk/System/Library/Frameworks/DiskArbitration.framework/Headers/DADissenter.h
/Applications/Xcode.app/Contents/Developer/Platforms/MacOSX.platform/Developer/SDKs/MacOSX26.1.sdk/SDKSettings.json
/Applications/Xcode.app/Contents/Developer/Platforms/MacOSX.platform/Developer/SDKs/MacOSX26.1.sdk/usr/include/Dispatch.apinotes
/Applications/Xcode.app/Contents/Developer/Platforms/MacOSX.platform/Developer/SDKs/MacOSX26.1.sdk/usr/include/dispatch.modulemap
/Applications/Xcode.app/Contents/Developer/Platforms/MacOSX.platform/Developer/SDKs/MacOSX26.1.sdk/usr/include/os.modulemap
/Applications/Xcode.app/Contents/Developer/Platforms/MacOSX.platform/Developer/SDKs/MacOSX26.1.sdk/usr/include/Darwin.modulemap
/Applications/Xcode.app/Contents/Developer/Platforms/MacOSX.platform/Developer/SDKs/MacOSX26.1.sdk/usr/include/Darwin_C.modulemap
/Applications/Xcode.app/Contents/Developer/Platforms/MacOSX.platform/Developer/SDKs/MacOSX26.1.sdk/usr/include/Darwin_POSIX.modulemap
/Applications/Xcode.app/Contents/Developer/Platforms/MacOSX.platform/Developer/SDKs/MacOSX26.1.sdk/usr/include/net.modulemap
/Applications/Xcode.app/Contents/Developer/Platforms/MacOSX.platform/Developer/SDKs/MacOSX26.1.sdk/usr/include/netinet.modulemap
/Applications/Xcode.app/Contents/Developer/Platforms/MacOSX.platform/Developer/SDKs/MacOSX26.1.sdk/usr/include/bank.modulemap
/Applications/Xcode.app/Contents/Developer/Platforms/MacOSX.platform/Developer/SDKs/MacOSX26.1.sdk/usr/include/Darwin_Mach.modulemap
/Applications/Xcode.app/Contents/Developer/Platforms/MacOSX.platform/Developer/SDKs/MacOSX26.1.sdk/usr/include/Darwin_Mach_machine.modulemap
/Applications/Xcode.app/Contents/Developer/Platforms/MacOSX.platform/Developer/SDKs/MacOSX26.1.sdk/usr/include/mach_debug.modulemap
/Applications/Xcode.app/Contents/Developer/Platforms/MacOSX.platform/Developer/SDKs/MacOSX26.1.sdk/usr/include/device.modulemap
/Applications/Xcode.app/Contents/Developer/Platforms/MacOSX.platform/Developer/SDKs/MacOSX26.1.sdk/usr/include/Darwin_machine.modulemap
/Applications/Xcode.app/Contents/Developer/Platforms/MacOSX.platform/Developer/SDKs/MacOSX26.1.sdk/usr/include/ncurses.modulemap
/Applications/Xcode.app/Contents/Developer/Platforms/MacOSX.platform/Developer/SDKs/MacOSX26.1.sdk/usr/include/netinet6.modulemap
/Applications/Xcode.app/Contents/Developer/Platforms/MacOSX.platform/Developer/SDKs/MacOSX26.1.sdk/usr/include/Darwin_sys.modulemap
/Applications/Xcode.app/Contents/Developer/Platforms/MacOSX.platform/Developer/SDKs/MacOSX26.1.sdk/usr/include/uuid.modulemap
/Applications/Xcode.app/Contents/Developer/Platforms/MacOSX.platform/Developer/SDKs/MacOSX26.1.sdk/usr/include/DarwinFoundation2.modulemap
/Applications/Xcode.app/Contents/Developer/Platforms/MacOSX.platform/Developer/SDKs/MacOSX26.1.sdk/usr/include/DarwinFoundation3.modulemap
/Applications/Xcode.app/Contents/Developer/Platforms/MacOSX.platform/Developer/SDKs/MacOSX26.1.sdk/usr/include/DarwinFoundation1.modulemap
/Applications/Xcode.app/Contents/Developer/Platforms/MacOSX.platform/Developer/SDKs/MacOSX26.1.sdk/usr/include/dispatch/dispatch.h
/Applications/Xcode.app/Contents/Developer/Toolchains/XcodeDefault.xctoolchain/usr/lib/swift/clang/include/module.modulemap
/Applications/Xcode.app/Contents/Developer/Toolchains/XcodeDefault.xctoolchain/usr/lib/swift/clang/include/stddef.h
/Applications/Xcode.app/Contents/Developer/Toolchains/XcodeDefault.xctoolchain/usr/lib/swift/clang/include/stdarg.h
/Applications/Xcode.app/Contents/Developer/Platforms/MacOSX.platform/Developer/SDKs/MacOSX26.1.sdk/usr/include/string.h
/Applications/Xcode.app/Contents/Developer/Platforms/MacOSX.platform/Developer/SDKs/MacOSX26.1.sdk/usr/include/dispatch/base.h
/Applications/Xcode.app/Contents/Developer/Platforms/MacOSX.platform/Developer/SDKs/MacOSX26.1.sdk/usr/include/dispatch/time.h
/Applications/Xcode.app/Contents/Developer/Platforms/MacOSX.platform/Developer/SDKs/MacOSX26.1.sdk/usr/include/dispatch/object.h
/Applications/Xcode.app/Contents/Developer/Platforms/MacOSX.platform/Developer/SDKs/MacOSX26.1.sdk/usr/include/dispatch/queue.h
/Applications/Xcode.app/Contents/Developer/Platforms/MacOSX.platform/Developer/SDKs/MacOSX26.1.sdk/usr/include/dispatch/block.h
/Applications/Xcode.app/Contents/Developer/Platforms/MacOSX.platform/Developer/SDKs/MacOSX26.1.sdk/usr/include/dispatch/source.h
/Applications/Xcode.app/Contents/Developer/Platforms/MacOSX.platform/Developer/SDKs/MacOSX26.1.sdk/usr/include/dispatch/group.h
/Applications/Xcode.app/Contents/Developer/Platforms/MacOSX.platform/Developer/SDKs/MacOSX26.1.sdk/usr/include/dispatch/semaphore.h
/Applications/Xcode.app/Contents/Developer/Platforms/MacOSX.platform/Developer/SDKs/MacOSX26.1.sdk/usr/include/dispatch/once.h
/Applications/Xcode.app/Contents/Developer/Platforms/MacOSX.platform/Developer/SDKs/MacOSX26.1.sdk/usr/include/dispatch/data.h
/Applications/Xcode.app/Contents/Developer/Platforms/MacOSX.platform/Developer/SDKs/MacOSX26.1.sdk/usr/include/dispatch/io.h
/Applications/Xcode.app/Contents/Developer/Platforms/MacOSX.platform/Developer/SDKs/MacOSX26.1.sdk/usr/include/dispatch/workloop.h
/Applications/Xcode.app/Contents/Developer/Platforms/MacOSX.platform/Developer/SDKs/MacOSX26.1.sdk/usr/include/dispatch/dispatch_swift_shims.h
/Applications/Xcode.app/Contents/Developer/Platforms/MacOSX.platform/Developer/SDKs/MacOSX26.1.sdk/SDKSettings.json
/Applications/Xcode.app/Contents/Developer/Toolchains/XcodeDefault.xctoolchain/usr/lib/swift/macosx/prebuilt-modules/26.1/Dispatch.swiftmodule/arm64e-apple-macos.swiftmodule
/Applications/Xcode.app/Contents/Developer/Toolchains/XcodeDefault.xctoolchain/usr/lib/swift/macosx/prebuilt-modules/26.1/Foundation.swiftmodule/arm64e-apple-macos.swiftmodule
/Applications/Xcode.app/Contents/Developer/Platforms/MacOSX.platform/Developer/SDKs/MacOSX26.1.sdk/System/Library/Frameworks/Foundation.framework/Headers/Foundation.apinotes
/Applications/Xcode.app/Contents/Developer/Platforms/MacOSX.platform/Developer/SDKs/MacOSX26.1.sdk/System/Library/Frameworks/Foundation.framework/Modules/module.modulemap
/Applications/Xcode.app/Contents/Developer/Platforms/MacOSX.platform/Developer/SDKs/MacOSX26.1.sdk/System/Library/Frameworks/Foundation.framework/Headers/Foundation.h
/Applications/Xcode.app/Contents/Developer/Platforms/MacOSX.platform/Developer/SDKs/MacOSX26.1.sdk/System/Library/Frameworks/CoreFoundation.framework/Modules/module.modulemap
/Applications/Xcode.app/Contents/Developer/Platforms/MacOSX.platform/Developer/SDKs/MacOSX26.1.sdk/System/Library/Frameworks/Foundation.framework/Headers/NSObjCRuntime.h
/Applications/Xcode.app/Contents/Developer/Platforms/MacOSX.platform/Developer/SDKs/MacOSX26.1.sdk/usr/include/xpc.modulemap
/Applications/Xcode.app/Contents/Developer/Platforms/MacOSX.platform/Developer/SDKs/MacOSX26.1.sdk/usr/include/dispatch.modulemap
/Applications/Xcode.app/Contents/Developer/Platforms/MacOSX.platform/Developer/SDKs/MacOSX26.1.sdk/usr/include/ObjectiveC.modulemap
/Applications/Xcode.app/Contents/Developer/Platforms/MacOSX.platform/Developer/SDKs/MacOSX26.1.sdk/usr/include/Darwin.modulemap
/Applications/Xcode.app/Contents/Developer/Platforms/MacOSX.platform/Developer/SDKs/MacOSX26.1.sdk/usr/include/DarwinFoundation1.modulemap
/Applications/Xcode.app/Contents/Developer/Toolchains/XcodeDefault.xctoolchain/usr/lib/swift/clang/include/module.modulemap
/Applications/Xcode.app/Contents/Developer/Toolchains/XcodeDefault.xctoolchain/usr/lib/swift/clang/include/stdarg.h
/Applications/Xcode.app/Contents/Developer/Platforms/MacOSX.platform/Developer/SDKs/MacOSX26.1.sdk/System/Library/Frameworks/Foundation.framework/Headers/NSArray.h
/Applications/Xcode.app/Contents/Developer/Platforms/MacOSX.platform/Developer/SDKs/MacOSX26.1.sdk/System/Library/Frameworks/Foundation.framework/Headers/NSObject.h
/Applications/Xcode.app/Contents/Developer/Platforms/MacOSX.platform/Developer/SDKs/MacOSX26.1.sdk/System/Library/Frameworks/Foundation.framework/Headers/NSZone.h
/Applications/Xcode.app/Contents/Developer/Toolchains/XcodeDefault.xctoolchain/usr/lib/swift/clang/include/stddef.h
/Applications/Xcode.app/Contents/Developer/Platforms/MacOSX.platform/Developer/SDKs/MacOSX26.1.sdk/System/Library/Frameworks/Foundation.framework/Headers/NSEnumerator.h
/Applications/Xcode.app/Contents/Developer/Platforms/MacOSX.platform/Developer/SDKs/MacOSX26.1.sdk/System/Library/Frameworks/Foundation.framework/Headers/NSRange.h
/Applications/Xcode.app/Contents/Developer/Platforms/MacOSX.platform/Developer/SDKs/MacOSX26.1.sdk/System/Library/Frameworks/Foundation.framework/Headers/NSValue.h
/Applications/Xcode.app/Contents/Developer/Platforms/MacOSX.platform/Developer/SDKs/MacOSX26.1.sdk/System/Library/Frameworks/Foundation.framework/Headers/NSOrderedCollectionDifference.h
/Applications/Xcode.app/Contents/Developer/Platforms/MacOSX.platform/Developer/SDKs/MacOSX26.1.sdk/System/Library/Frameworks/Foundation.framework/Headers/NSOrderedCollectionChange.h
/Applications/Xcode.app/Contents/Developer/Platforms/MacOSX.platform/Developer/SDKs/MacOSX26.1.sdk/System/Library/Frameworks/Foundation.framework/Headers/NSIndexSet.h
/Applications/Xcode.app/Contents/Developer/Platforms/MacOSX.platform/Developer/SDKs/MacOSX26.1.sdk/System/Library/Frameworks/Foundation.framework/Headers/NSAutoreleasePool.h
/Applications/Xcode.app/Contents/Developer/Platforms/MacOSX.platform/Developer/SDKs/MacOSX26.1.sdk/System/Library/Frameworks/Foundation.framework/Headers/NSBundle.h
/Applications/Xcode.app/Contents/Developer/Platforms/MacOSX.platform/Developer/SDKs/MacOSX26.1.sdk/System/Library/Frameworks/Foundation.framework/Headers/NSString.h
/Applications/Xcode.app/Contents/Developer/Platforms/MacOSX.platform/Developer/SDKs/MacOSX26.1.sdk/System/Library/Frameworks/Foundation.framework/Headers/NSItemProvider.h
/Applications/Xcode.app/Contents/Developer/Platforms/MacOSX.platform/Developer/SDKs/MacOSX26.1.sdk/System/Library/Frameworks/Foundation.framework/Headers/NSDictionary.h
/Applications/Xcode.app/Contents/Developer/Platforms/MacOSX.platform/Developer/SDKs/MacOSX26.1.sdk/System/Library/Frameworks/Foundation.framework/Headers/NSSet.h
/Applications/Xcode.app/Contents/Developer/Platforms/MacOSX.platform/Developer/SDKs/MacOSX26.1.sdk/System/Library/Frameworks/Foundation.framework/Headers/NSProgress.h
/Applications/Xcode.app/Contents/Developer/Platforms/MacOSX.platform/Developer/SDKs/MacOSX26.1.sdk/System/Library/Frameworks/Foundation.framework/Headers/NSNotification.h
/Applications/Xcode.app/Contents/Developer/Platforms/MacOSX.platform/Developer/SDKs/MacOSX26.1.sdk/System/Library/Frameworks/Foundation.framework/Headers/NSByteOrder.h
/Applications/Xcode.app/Contents/Developer/Platforms/MacOSX.platform/Developer/SDKs/MacOSX26.1.sdk/System/Library/Frameworks/Foundation.framework/Headers/NSCalendar.h
/Applications/Xcode.app/Contents/Developer/Platforms/MacOSX.platform/Developer/SDKs/MacOSX26.1.sdk/System/Library/Frameworks/Foundation.framework/Headers/NSDate.h
/Applications/Xcode.app/Contents/Developer/Platforms/MacOSX.platform/Developer/SDKs/MacOSX26.1.sdk/System/Library/Frameworks/Foundation.framework/Headers/NSCharacterSet.h
/Applications/Xcode.app/Contents/Developer/Platforms/MacOSX.platform/Developer/SDKs/MacOSX26.1.sdk/System/Library/Frameworks/Foundation.framework/Headers/NSCoder.h
/Applications/Xcode.app/Contents/Developer/Platforms/MacOSX.platform/Developer/SDKs/MacOSX26.1.sdk/System/Library/Frameworks/Foundation.framework/Headers/NSData.h
/Applications/Xcode.app/Contents/Developer/Platforms/MacOSX.platform/Developer/SDKs/MacOSX26.1.sdk/System/Library/Frameworks/Foundation.framework/Headers/NSDateInterval.h
/Applications/Xcode.app/Contents/Developer/Platforms/MacOSX.platform/Developer/SDKs/MacOSX26.1.sdk/System/Library/Frameworks/Foundation.framework/Headers/NSDateFormatter.h
/Applications/Xcode.app/Contents/Developer/Platforms/MacOSX.platform/Developer/SDKs/MacOSX26.1.sdk/System/Library/Frameworks/Foundation.framework/Headers/NSFormatter.h
/Applications/Xcode.app/Contents/Developer/Platforms/MacOSX.platform/Developer/SDKs/MacOSX26.1.sdk/System/Library/Frameworks/Foundation.framework/Headers/NSAttributedString.h
/Applications/Xcode.app/Contents/Developer/Platforms/MacOSX.platform/Developer/SDKs/MacOSX26.1.sdk/System/Library/Frameworks/Foundation.framework/Headers/NSDateIntervalFormatter.h
/Applications/Xcode.app/Contents/Developer/Platforms/MacOSX.platform/Developer/SDKs/MacOSX26.1.sdk/System/Library/Frameworks/Foundation.framework/Headers/NSISO8601DateFormatter.h
/Applications/Xcode.app/Contents/Developer/Platforms/MacOSX.platform/Developer/SDKs/MacOSX26.1.sdk/System/Library/Frameworks/Foundation.framework/Headers/NSMassFormatter.h
/Applications/Xcode.app/Contents/Developer/Platforms/MacOSX.platform/Developer/SDKs/MacOSX26.1.sdk/System/Library/Frameworks/Foundation.framework/Headers/NSLengthFormatter.h
/Applications/Xcode.app/Contents/Developer/Platforms/MacOSX.platform/Developer/SDKs/MacOSX26.1.sdk/System/Library/Frameworks/Foundation.framework/Headers/NSEnergyFormatter.h
/Applications/Xcode.app/Contents/Developer/Platforms/MacOSX.platform/Developer/SDKs/MacOSX26.1.sdk/System/Library/Frameworks/Foundation.framework/Headers/NSMeasurementFormatter.h
/Applications/Xcode.app/Contents/Developer/Platforms/MacOSX.platform/Developer/SDKs/MacOSX26.1.sdk/System/Library/Frameworks/Foundation.framework/Headers/NSNumberFormatter.h
/Applications/Xcode.app/Contents/Developer/Platforms/MacOSX.platform/Developer/SDKs/MacOSX26.1.sdk/System/Library/Frameworks/Foundation.framework/Headers/NSMeasurement.h
/Applications/Xcode.app/Contents/Developer/Platforms/MacOSX.platform/Developer/SDKs/MacOSX26.1.sdk/System/Library/Frameworks/Foundation.framework/Headers/NSUnit.h
/Applications/Xcode.app/Contents/Developer/Platforms/MacOSX.platform/Developer/SDKs/MacOSX26.1.sdk/System/Library/Frameworks/Foundation.framework/Headers/NSLocale.h
/Applications/Xcode.app/Contents/Developer/Platforms/MacOSX.platform/Developer/SDKs/MacOSX26.1.sdk/System/Library/Frameworks/Foundation.framework/Headers/NSPersonNameComponents.h
/Applications/Xcode.app/Contents/Developer/Platforms/MacOSX.platform/Developer/SDKs/MacOSX26.1.sdk/System/Library/Frameworks/Foundation.framework/Headers/NSPersonNameComponentsFormatter.h
/Applications/Xcode.app/Contents/Developer/Platforms/MacOSX.platform/Developer/SDKs/MacOSX26.1.sdk/System/Library/Frameworks/Foundation.framework/Headers/NSRelativeDateTimeFormatter.h
/Applications/Xcode.app/Contents/Developer/Platforms/MacOSX.platform/Developer/SDKs/MacOSX26.1.sdk/System/Library/Frameworks/Foundation.framework/Headers/NSListFormatter.h
/Applications/Xcode.app/Contents/Developer/Platforms/MacOSX.platform/Developer/SDKs/MacOSX26.1.sdk/System/Library/Frameworks/Foundation.framework/Headers/NSDecimal.h
/Applications/Xcode.app/Contents/Developer/Platforms/MacOSX.platform/Developer/SDKs/MacOSX26.1.sdk/System/Library/Frameworks/Foundation.framework/Headers/NSDecimalNumber.h
/Applications/Xcode.app/Contents/Developer/Platforms/MacOSX.platform/Developer/SDKs/MacOSX26.1.sdk/System/Library/Frameworks/Foundation.framework/Headers/NSScanner.h
/Applications/Xcode.app/Contents/Developer/Platforms/MacOSX.platform/Developer/SDKs/MacOSX26.1.sdk/System/Library/Frameworks/Foundation.framework/Headers/NSException.h
/Applications/Xcode.app/Contents/Developer/Platforms/MacOSX.platform/Developer/SDKs/MacOSX26.1.sdk/System/Library/Frameworks/Foundation.framework/Headers/NSError.h
/Applications/Xcode.app/Contents/Developer/Platforms/MacOSX.platform/Developer/SDKs/MacOSX26.1.sdk/System/Library/Frameworks/Foundation.framework/Headers/NSFileHandle.h
/Applications/Xcode.app/Contents/Developer/Platforms/MacOSX.platform/Developer/SDKs/MacOSX26.1.sdk/System/Library/Frameworks/Foundation.framework/Headers/NSRunLoop.h
/Applications/Xcode.app/Contents/Developer/Platforms/MacOSX.platform/Developer/SDKs/MacOSX26.1.sdk/System/Library/Frameworks/Foundation.framework/Headers/NSFileManager.h
/Applications/Xcode.app/Contents/Developer/Platforms/MacOSX.platform/Developer/SDKs/MacOSX26.1.sdk/System/Library/Frameworks/Foundation.framework/Headers/NSPathUtilities.h
/Applications/Xcode.app/Contents/Developer/Platforms/MacOSX.platform/Developer/SDKs/MacOSX26.1.sdk/System/Library/Frameworks/Foundation.framework/Headers/NSURL.h
/Applications/Xcode.app/Contents/Developer/Platforms/MacOSX.platform/Developer/SDKs/MacOSX26.1.sdk/System/Library/Frameworks/Foundation.framework/Headers/NSURLHandle.h
/Applications/Xcode.app/Contents/Developer/Platforms/MacOSX.platform/Developer/SDKs/MacOSX26.1.sdk/System/Library/Frameworks/Foundation.framework/Headers/NSHashTable.h
/Applications/Xcode.app/Contents/Developer/Platforms/MacOSX.platform/Developer/SDKs/MacOSX26.1.sdk/System/Library/Frameworks/Foundation.framework/Headers/NSPointerFunctions.h
/Applications/Xcode.app/Contents/Developer/Platforms/MacOSX.platform/Developer/SDKs/MacOSX26.1.sdk/System/Library/Frameworks/Foundation.framework/Headers/NSHTTPCookie.h
/Applications/Xcode.app/Contents/Developer/Platforms/MacOSX.platform/Developer/SDKs/MacOSX26.1.sdk/System/Library/Frameworks/Foundation.framework/Headers/NSHTTPCookieStorage.h
/Applications/Xcode.app/Contents/Developer/Platforms/MacOSX.platform/Developer/SDKs/MacOSX26.1.sdk/System/Library/Frameworks/Foundation.framework/Headers/NSIndexPath.h
/Applications/Xcode.app/Contents/Developer/Platforms/MacOSX.platform/Developer/SDKs/MacOSX26.1.sdk/System/Library/Frameworks/Foundation.framework/Headers/NSInflectionRule.h
/Applications/Xcode.app/Contents/Developer/Platforms/MacOSX.platform/Developer/SDKs/MacOSX26.1.sdk/System/Library/Frameworks/Foundation.framework/Headers/NSInvocation.h
/Applications/Xcode.app/Contents/Developer/Platforms/MacOSX.platform/Developer/SDKs/MacOSX26.1.sdk/System/Library/Frameworks/Foundation.framework/Headers/NSJSONSerialization.h
/Applications/Xcode.app/Contents/Developer/Platforms/MacOSX.platform/Developer/SDKs/MacOSX26.1.sdk/System/Library/Frameworks/Foundation.framework/Headers/NSKeyValueCoding.h
/Applications/Xcode.app/Contents/Developer/Platforms/MacOSX.platform/Developer/SDKs/MacOSX26.1.sdk/System/Library/Frameworks/Foundation.framework/Headers/NSOrderedSet.h
/Applications/Xcode.app/Contents/Developer/Platforms/MacOSX.platform/Developer/SDKs/MacOSX26.1.sdk/System/Library/Frameworks/Foundation.framework/Headers/NSKeyValueObserving.h
/Applications/Xcode.app/Contents/Developer/Platforms/MacOSX.platform/Developer/SDKs/MacOSX26.1.sdk/System/Library/Frameworks/Foundation.framework/Headers/NSKeyValueSharedObservers.h
/Applications/Xcode.app/Contents/Developer/Platforms/MacOSX.platform/Developer/SDKs/MacOSX26.1.sdk/System/Library/Frameworks/Foundation.framework/Headers/NSKeyedArchiver.h
/Applications/Xcode.app/Contents/Developer/Platforms/MacOSX.platform/Developer/SDKs/MacOSX26.1.sdk/System/Library/Frameworks/Foundation.framework/Headers/NSPropertyList.h
/Applications/Xcode.app/Contents/Developer/Platforms/MacOSX.platform/Developer/SDKs/MacOSX26.1.sdk/System/Library/Frameworks/Foundation.framework/Headers/NSGeometry.h
/Applications/Xcode.app/Contents/Developer/Platforms/MacOSX.platform/Developer/SDKs/MacOSX26.1.sdk/System/Library/Frameworks/Foundation.framework/Headers/NSLock.h
/Applications/Xcode.app/Contents/Developer/Platforms/MacOSX.platform/Developer/SDKs/MacOSX26.1.sdk/System/Library/Frameworks/Foundation.framework/Headers/NSMapTable.h
/Applications/Xcode.app/Contents/Developer/Platforms/MacOSX.platform/Developer/SDKs/MacOSX26.1.sdk/System/Library/Frameworks/Foundation.framework/Headers/NSMethodSignature.h
/Applications/Xcode.app/Contents/Developer/Platforms/MacOSX.platform/Developer/SDKs/MacOSX26.1.sdk/System/Library/Frameworks/Foundation.framework/Headers/NSMorphology.h
/Applications/Xcode.app/Contents/Developer/Platforms/MacOSX.platform/Developer/SDKs/MacOSX26.1.sdk/System/Library/Frameworks/Foundation.framework/Headers/NSTermOfAddress.h
/Applications/Xcode.app/Contents/Developer/Platforms/MacOSX.platform/Developer/SDKs/MacOSX26.1.sdk/System/Library/Frameworks/Foundation.framework/Headers/NSNotificationQueue.h
/Applications/Xcode.app/Contents/Developer/Platforms/MacOSX.platform/Developer/SDKs/MacOSX26.1.sdk/System/Library/Frameworks/Foundation.framework/Headers/NSNull.h
/Applications/Xcode.app/Contents/Developer/Platforms/MacOSX.platform/Developer/SDKs/MacOSX26.1.sdk/System/Library/Frameworks/Foundation.framework/Headers/NSLocalizedNumberFormatRule.h
/Applications/Xcode.app/Contents/Developer/Platforms/MacOSX.platform/Developer/SDKs/MacOSX26.1.sdk/System/Library/Frameworks/Foundation.framework/Headers/NSOperation.h
/Applications/Xcode.app/Contents/Developer/Platforms/MacOSX.platform/Developer/SDKs/MacOSX26.1.sdk/System/Library/Frameworks/Foundation.framework/Headers/NSOrthography.h
/Applications/Xcode.app/Contents/Developer/Platforms/MacOSX.platform/Developer/SDKs/MacOSX26.1.sdk/System/Library/Frameworks/Foundation.framework/Headers/NSPointerArray.h
/Applications/Xcode.app/Contents/Developer/Platforms/MacOSX.platform/Developer/SDKs/MacOSX26.1.sdk/System/Library/Frameworks/Foundation.framework/Headers/NSPort.h
/Applications/Xcode.app/Contents/Developer/Platforms/MacOSX.platform/Developer/SDKs/MacOSX26.1.sdk/System/Library/Frameworks/Foundation.framework/Headers/NSProcessInfo.h
/Applications/Xcode.app/Contents/Developer/Platforms/MacOSX.platform/Developer/SDKs/MacOSX26.1.sdk/System/Library/Frameworks/Foundation.framework/Headers/NSProxy.h
/Applications/Xcode.app/Contents/Developer/Platforms/MacOSX.platform/Developer/SDKs/MacOSX26.1.sdk/System/Library/Frameworks/Foundation.framework/Headers/NSRegularExpression.h
/Applications/Xcode.app/Contents/Developer/Platforms/MacOSX.platform/Developer/SDKs/MacOSX26.1.sdk/System/Library/Frameworks/Foundation.framework/Headers/NSTextCheckingResult.h
/Applications/Xcode.app/Contents/Developer/Platforms/MacOSX.platform/Developer/SDKs/MacOSX26.1.sdk/System/Library/Frameworks/Foundation.framework/Headers/NSSortDescriptor.h
/Applications/Xcode.app/Contents/Developer/Platforms/MacOSX.platform/Developer/SDKs/MacOSX26.1.sdk/System/Library/Frameworks/Foundation.framework/Headers/NSStream.h
/Applications/Xcode.app/Contents/Developer/Platforms/MacOSX.platform/Developer/SDKs/MacOSX26.1.sdk/System/Library/Frameworks/Foundation.framework/Headers/NSThread.h
/Applications/Xcode.app/Contents/Developer/Platforms/MacOSX.platform/Developer/SDKs/MacOSX26.1.sdk/System/Library/Frameworks/Foundation.framework/Headers/NSTimeZone.h
/Applications/Xcode.app/Contents/Developer/Platforms/MacOSX.platform/Developer/SDKs/MacOSX26.1.sdk/System/Library/Frameworks/Foundation.framework/Headers/NSTimer.h
/Applications/Xcode.app/Contents/Developer/Platforms/MacOSX.platform/Developer/SDKs/MacOSX26.1.sdk/System/Library/Frameworks/Foundation.framework/Headers/NSURLAuthenticationChallenge.h
/Applications/Xcode.app/Contents/Developer/Platforms/MacOSX.platform/Developer/SDKs/MacOSX26.1.sdk/System/Library/Frameworks/Foundation.framework/Headers/NSURLCache.h
/Applications/Xcode.app/Contents/Developer/Platforms/MacOSX.platform/Developer/SDKs/MacOSX26.1.sdk/System/Library/Frameworks/Foundation.framework/Headers/NSURLConnection.h
/Applications/Xcode.app/Contents/Developer/Platforms/MacOSX.platform/Developer/SDKs/MacOSX26.1.sdk/System/Library/Frameworks/Foundation.framework/Headers/NSURLCredential.h
/Applications/Xcode.app/Contents/Developer/Platforms/MacOSX.platform/Developer/SDKs/MacOSX26.1.sdk/System/Library/Frameworks/Security.framework/Modules/module.modulemap
/Applications/Xcode.app/Contents/Developer/Platforms/MacOSX.platform/Developer/SDKs/MacOSX26.1.sdk/System/Library/Frameworks/Foundation.framework/Headers/NSURLCredentialStorage.h
/Applications/Xcode.app/Contents/Developer/Platforms/MacOSX.platform/Developer/SDKs/MacOSX26.1.sdk/System/Library/Frameworks/Foundation.framework/Headers/NSURLProtectionSpace.h
/Applications/Xcode.app/Contents/Developer/Platforms/MacOSX.platform/Developer/SDKs/MacOSX26.1.sdk/System/Library/Frameworks/Foundation.framework/Headers/NSURLError.h
/Applications/Xcode.app/Contents/Developer/Platforms/MacOSX.platform/Developer/SDKs/MacOSX26.1.sdk/System/Library/Frameworks/CoreServices.framework/Modules/module.modulemap
/Applications/Xcode.app/Contents/Developer/Platforms/MacOSX.platform/Developer/SDKs/MacOSX26.1.sdk/System/Library/Frameworks/Foundation.framework/Headers/NSURLProtocol.h
/Applications/Xcode.app/Contents/Developer/Platforms/MacOSX.platform/Developer/SDKs/MacOSX26.1.sdk/System/Library/Frameworks/Foundation.framework/Headers/NSURLRequest.h
/Applications/Xcode.app/Contents/Developer/Platforms/MacOSX.platform/Developer/SDKs/MacOSX26.1.sdk/System/Library/Frameworks/Foundation.framework/Headers/NSURLResponse.h
/Applications/Xcode.app/Contents/Developer/Platforms/MacOSX.platform/Developer/SDKs/MacOSX26.1.sdk/System/Library/Frameworks/Foundation.framework/Headers/NSUserDefaults.h
/Applications/Xcode.app/Contents/Developer/Platforms/MacOSX.platform/Developer/SDKs/MacOSX26.1.sdk/System/Library/Frameworks/Foundation.framework/Headers/NSValueTransformer.h
/Applications/Xcode.app/Contents/Developer/Platforms/MacOSX.platform/Developer/SDKs/MacOSX26.1.sdk/System/Library/Frameworks/Foundation.framework/Headers/NSXMLParser.h
/Applications/Xcode.app/Contents/Developer/Platforms/MacOSX.platform/Developer/SDKs/MacOSX26.1.sdk/System/Library/Frameworks/Foundation.framework/Headers/NSXPCConnection.h
/Applications/Xcode.app/Contents/Developer/Platforms/MacOSX.platform/Developer/SDKs/MacOSX26.1.sdk/System/Library/Frameworks/Foundation.framework/Headers/FoundationErrors.h
/Applications/Xcode.app/Contents/Developer/Platforms/MacOSX.platform/Developer/SDKs/MacOSX26.1.sdk/System/Library/Frameworks/Foundation.framework/Headers/NSByteCountFormatter.h
/Applications/Xcode.app/Contents/Developer/Platforms/MacOSX.platform/Developer/SDKs/MacOSX26.1.sdk/System/Library/Frameworks/Foundation.framework/Headers/NSCache.h
/Applications/Xcode.app/Contents/Developer/Platforms/MacOSX.platform/Developer/SDKs/MacOSX26.1.sdk/System/Library/Frameworks/Foundation.framework/Headers/NSComparisonPredicate.h
/Applications/Xcode.app/Contents/Developer/Platforms/MacOSX.platform/Developer/SDKs/MacOSX26.1.sdk/System/Library/Frameworks/Foundation.framework/Headers/NSPredicate.h
/Applications/Xcode.app/Contents/Developer/Platforms/MacOSX.platform/Developer/SDKs/MacOSX26.1.sdk/System/Library/Frameworks/Foundation.framework/Headers/NSCompoundPredicate.h
/Applications/Xcode.app/Contents/Developer/Platforms/MacOSX.platform/Developer/SDKs/MacOSX26.1.sdk/System/Library/Frameworks/Foundation.framework/Headers/NSDateComponentsFormatter.h
/Applications/Xcode.app/Contents/Developer/Platforms/MacOSX.platform/Developer/SDKs/MacOSX26.1.sdk/System/Library/Frameworks/Foundation.framework/Headers/NSExpression.h
/Applications/Xcode.app/Contents/Developer/Platforms/MacOSX.platform/Developer/SDKs/MacOSX26.1.sdk/System/Library/Frameworks/Foundation.framework/Headers/NSExtensionContext.h
/Applications/Xcode.app/Contents/Developer/Platforms/MacOSX.platform/Developer/SDKs/MacOSX26.1.sdk/System/Library/Frameworks/Foundation.framework/Headers/NSExtensionItem.h
/Applications/Xcode.app/Contents/Developer/Platforms/MacOSX.platform/Developer/SDKs/MacOSX26.1.sdk/System/Library/Frameworks/Foundation.framework/Headers/NSExtensionRequestHandling.h
/Applications/Xcode.app/Contents/Developer/Platforms/MacOSX.platform/Developer/SDKs/MacOSX26.1.sdk/System/Library/Frameworks/Foundation.framework/Headers/NSFileCoordinator.h
/Applications/Xcode.app/Contents/Developer/Platforms/MacOSX.platform/Developer/SDKs/MacOSX26.1.sdk/System/Library/Frameworks/Foundation.framework/Headers/NSFilePresenter.h
/Applications/Xcode.app/Contents/Developer/Platforms/MacOSX.platform/Developer/SDKs/MacOSX26.1.sdk/System/Library/Frameworks/Foundation.framework/Headers/NSFileVersion.h
/Applications/Xcode.app/Contents/Developer/Platforms/MacOSX.platform/Developer/SDKs/MacOSX26.1.sdk/System/Library/Frameworks/Foundation.framework/Headers/NSFileWrapper.h
/Applications/Xcode.app/Contents/Developer/Platforms/MacOSX.platform/Developer/SDKs/MacOSX26.1.sdk/System/Library/Frameworks/Foundation.framework/Headers/NSLinguisticTagger.h
/Applications/Xcode.app/Contents/Developer/Platforms/MacOSX.platform/Developer/SDKs/MacOSX26.1.sdk/System/Library/Frameworks/Foundation.framework/Headers/NSMetadata.h
/Applications/Xcode.app/Contents/Developer/Platforms/MacOSX.platform/Developer/SDKs/MacOSX26.1.sdk/System/Library/Frameworks/Foundation.framework/Headers/NSMetadataAttributes.h
/Applications/Xcode.app/Contents/Developer/Platforms/MacOSX.platform/Developer/SDKs/MacOSX26.1.sdk/System/Library/Frameworks/Foundation.framework/Headers/NSNetServices.h
/Applications/Xcode.app/Contents/Developer/Platforms/MacOSX.platform/Developer/SDKs/MacOSX26.1.sdk/System/Library/Frameworks/Foundation.framework/Headers/NSUbiquitousKeyValueStore.h
/Applications/Xcode.app/Contents/Developer/Platforms/MacOSX.platform/Developer/SDKs/MacOSX26.1.sdk/System/Library/Frameworks/Foundation.framework/Headers/NSUndoManager.h
/Applications/Xcode.app/Contents/Developer/Platforms/MacOSX.platform/Developer/SDKs/MacOSX26.1.sdk/System/Library/Frameworks/Foundation.framework/Headers/NSURLSession.h
/Applications/Xcode.app/Contents/Developer/Platforms/MacOSX.platform/Developer/SDKs/MacOSX26.1.sdk/System/Library/Frameworks/Foundation.framework/Headers/NSUserActivity.h
/Applications/Xcode.app/Contents/Developer/Platforms/MacOSX.platform/Developer/SDKs/MacOSX26.1.sdk/System/Library/Frameworks/Foundation.framework/Headers/NSUUID.h
/Applications/Xcode.app/Contents/Developer/Platforms/MacOSX.platform/Developer/SDKs/MacOSX26.1.sdk/System/Library/Frameworks/Foundation.framework/Headers/NSAffineTransform.h
/Applications/Xcode.app/Contents/Developer/Platforms/MacOSX.platform/Developer/SDKs/MacOSX26.1.sdk/System/Library/Frameworks/Foundation.framework/Headers/NSAppleScript.h
/Applications/Xcode.app/Contents/Developer/Platforms/MacOSX.platform/Developer/SDKs/MacOSX26.1.sdk/System/Library/Frameworks/Foundation.framework/Headers/NSArchiver.h
/Applications/Xcode.app/Contents/Developer/Platforms/MacOSX.platform/Developer/SDKs/MacOSX26.1.sdk/System/Library/Frameworks/Foundation.framework/Headers/NSBackgroundActivityScheduler.h
/Applications/Xcode.app/Contents/Developer/Platforms/MacOSX.platform/Developer/SDKs/MacOSX26.1.sdk/System/Library/Frameworks/Foundation.framework/Headers/NSCalendarDate.h
/Applications/Xcode.app/Contents/Developer/Platforms/MacOSX.platform/Developer/SDKs/MacOSX26.1.sdk/System/Library/Frameworks/Foundation.framework/Headers/NSConnection.h
/Applications/Xcode.app/Contents/Developer/Platforms/MacOSX.platform/Developer/SDKs/MacOSX26.1.sdk/System/Library/Frameworks/Foundation.framework/Headers/NSDistantObject.h
/Applications/Xcode.app/Contents/Developer/Platforms/MacOSX.platform/Developer/SDKs/MacOSX26.1.sdk/System/Library/Frameworks/Foundation.framework/Headers/NSDistributedNotificationCenter.h
/Applications/Xcode.app/Contents/Developer/Platforms/MacOSX.platform/Developer/SDKs/MacOSX26.1.sdk/System/Library/Frameworks/Foundation.framework/Headers/NSPortCoder.h
/Applications/Xcode.app/Contents/Developer/Platforms/MacOSX.platform/Developer/SDKs/MacOSX26.1.sdk/System/Library/Frameworks/Foundation.framework/Headers/NSPortMessage.h
/Applications/Xcode.app/Contents/Developer/Platforms/MacOSX.platform/Developer/SDKs/MacOSX26.1.sdk/System/Library/Frameworks/Foundation.framework/Headers/NSPortNameServer.h
/Applications/Xcode.app/Contents/Developer/Platforms/MacOSX.platform/Developer/SDKs/MacOSX26.1.sdk/System/Library/Frameworks/Foundation.framework/Headers/NSProtocolChecker.h
/Applications/Xcode.app/Contents/Developer/Platforms/MacOSX.platform/Developer/SDKs/MacOSX26.1.sdk/System/Library/Frameworks/Foundation.framework/Headers/NSTask.h
/Applications/Xcode.app/Contents/Developer/Platforms/MacOSX.platform/Developer/SDKs/MacOSX26.1.sdk/System/Library/Frameworks/Foundation.framework/Headers/NSXMLDTD.h
/Applications/Xcode.app/Contents/Developer/Platforms/MacOSX.platform/Developer/SDKs/MacOSX26.1.sdk/System/Library/Frameworks/Foundation.framework/Headers/NSXMLNode.h
/Applications/Xcode.app/Contents/Developer/Platforms/MacOSX.platform/Developer/SDKs/MacOSX26.1.sdk/System/Library/Frameworks/Foundation.framework/Headers/NSXMLNodeOptions.h
/Applications/Xcode.app/Contents/Developer/Platforms/MacOSX.platform/Developer/SDKs/MacOSX26.1.sdk/System/Library/Frameworks/Foundation.framework/Headers/NSXMLDTDNode.h
/Applications/Xcode.app/Contents/Developer/Platforms/MacOSX.platform/Developer/SDKs/MacOSX26.1.sdk/System/Library/Frameworks/Foundation.framework/Headers/NSXMLDocument.h
/Applications/Xcode.app/Contents/Developer/Platforms/MacOSX.platform/Developer/SDKs/MacOSX26.1.sdk/System/Library/Frameworks/Foundation.framework/Headers/NSXMLElement.h
/Applications/Xcode.app/Contents/Developer/Platforms/MacOSX.platform/Developer/SDKs/MacOSX26.1.sdk/System/Library/Frameworks/Foundation.framework/Headers/NSURLDownload.h
/Applications/Xcode.app/Contents/Developer/Platforms/MacOSX.platform/Developer/SDKs/MacOSX26.1.sdk/System/Library/Frameworks/Foundation.framework/Headers/NSAppleEventDescriptor.h
/Applications/Xcode.app/Contents/Developer/Platforms/MacOSX.platform/Developer/SDKs/MacOSX26.1.sdk/System/Library/Frameworks/Foundation.framework/Headers/NSAppleEventManager.h
/Applications/Xcode.app/Contents/Developer/Platforms/MacOSX.platform/Developer/SDKs/MacOSX26.1.sdk/System/Library/Frameworks/Foundation.framework/Headers/NSClassDescription.h
/Applications/Xcode.app/Contents/Developer/Platforms/MacOSX.platform/Developer/SDKs/MacOSX26.1.sdk/System/Library/Frameworks/Foundation.framework/Headers/NSDistributedLock.h
/Applications/Xcode.app/Contents/Developer/Platforms/MacOSX.platform/Developer/SDKs/MacOSX26.1.sdk/System/Library/Frameworks/Foundation.framework/Headers/NSGarbageCollector.h
/Applications/Xcode.app/Contents/Developer/Platforms/MacOSX.platform/Developer/SDKs/MacOSX26.1.sdk/System/Library/Frameworks/Foundation.framework/Headers/NSHFSFileTypes.h
/Applications/Xcode.app/Contents/Developer/Platforms/MacOSX.platform/Developer/SDKs/MacOSX26.1.sdk/System/Library/Frameworks/Foundation.framework/Headers/NSHost.h
/Applications/Xcode.app/Contents/Developer/Platforms/MacOSX.platform/Developer/SDKs/MacOSX26.1.sdk/System/Library/Frameworks/Foundation.framework/Headers/NSObjectScripting.h
/Applications/Xcode.app/Contents/Developer/Platforms/MacOSX.platform/Developer/SDKs/MacOSX26.1.sdk/System/Library/Frameworks/Foundation.framework/Headers/NSScriptClassDescription.h
/Applications/Xcode.app/Contents/Developer/Platforms/MacOSX.platform/Developer/SDKs/MacOSX26.1.sdk/System/Library/Frameworks/Foundation.framework/Headers/NSScriptCoercionHandler.h
/Applications/Xcode.app/Contents/Developer/Platforms/MacOSX.platform/Developer/SDKs/MacOSX26.1.sdk/System/Library/Frameworks/Foundation.framework/Headers/NSScriptCommand.h
/Applications/Xcode.app/Contents/Developer/Platforms/MacOSX.platform/Developer/SDKs/MacOSX26.1.sdk/System/Library/Frameworks/Foundation.framework/Headers/NSScriptCommandDescription.h
/Applications/Xcode.app/Contents/Developer/Platforms/MacOSX.platform/Developer/SDKs/MacOSX26.1.sdk/System/Library/Frameworks/Foundation.framework/Headers/NSScriptExecutionContext.h
/Applications/Xcode.app/Contents/Developer/Platforms/MacOSX.platform/Developer/SDKs/MacOSX26.1.sdk/System/Library/Frameworks/Foundation.framework/Headers/NSScriptKeyValueCoding.h
/Applications/Xcode.app/Contents/Developer/Platforms/MacOSX.platform/Developer/SDKs/MacOSX26.1.sdk/System/Library/Frameworks/Foundation.framework/Headers/NSScriptObjectSpecifiers.h
/Applications/Xcode.app/Contents/Developer/Platforms/MacOSX.platform/Developer/SDKs/MacOSX26.1.sdk/System/Library/Frameworks/Foundation.framework/Headers/NSScriptStandardSuiteCommands.h
/Applications/Xcode.app/Contents/Developer/Platforms/MacOSX.platform/Developer/SDKs/MacOSX26.1.sdk/System/Library/Frameworks/Foundation.framework/Headers/NSScriptSuiteRegistry.h
/Applications/Xcode.app/Contents/Developer/Platforms/MacOSX.platform/Developer/SDKs/MacOSX26.1.sdk/System/Library/Frameworks/Foundation.framework/Headers/NSScriptWhoseTests.h
/Applications/Xcode.app/Contents/Developer/Platforms/MacOSX.platform/Developer/SDKs/MacOSX26.1.sdk/System/Library/Frameworks/Foundation.framework/Headers/NSSpellServer.h
/Applications/Xcode.app/Contents/Developer/Platforms/MacOSX.platform/Developer/SDKs/MacOSX26.1.sdk/System/Library/Frameworks/Foundation.framework/Headers/NSUserNotification.h
/Applications/Xcode.app/Contents/Developer/Platforms/MacOSX.platform/Developer/SDKs/MacOSX26.1.sdk/System/Library/Frameworks/Foundation.framework/Headers/NSUserScriptTask.h
/Applications/Xcode.app/Contents/Developer/Platforms/MacOSX.platform/Developer/SDKs/MacOSX26.1.sdk/System/Library/Frameworks/Foundation.framework/Headers/FoundationLegacySwiftCompatibility.h
/Applications/Xcode.app/Contents/Developer/Platforms/MacOSX.platform/Developer/SDKs/MacOSX26.1.sdk/System/Library/Frameworks/Foundation.framework/Headers/NSDebug.h
/Applications/Xcode.app/Contents/Developer/Platforms/MacOSX.platform/Developer/SDKs/MacOSX26.1.sdk/SDKSettings.json
/Applications/Xcode.app/Contents/Developer/Toolchains/XcodeDefault.xctoolchain/usr/lib/swift/macosx/prebuilt-modules/26.1/IOKit.swiftmodule/arm64e-apple-macos.swiftmodule
/Applications/Xcode.app/Contents/Developer/Platforms/MacOSX.platform/Developer/SDKs/MacOSX26.1.sdk/System/Library/Frameworks/IOKit.framework/Modules/module.modulemap
/Applications/Xcode.app/Contents/Developer/Platforms/MacOSX.platform/Developer/SDKs/MacOSX26.1.sdk/System/Library/Frameworks/IOKit.framework/Headers/IOReturn.h
/Applications/Xcode.app/Contents/Developer/Platforms/MacOSX.platform/Developer/SDKs/MacOSX26.1.sdk/usr/include/dispatch.modulemap
/Applications/Xcode.app/Contents/Developer/Platforms/MacOSX.platform/Developer/SDKs/MacOSX26.1.sdk/usr/include/libkern.modulemap
/Applications/Xcode.app/Contents/Developer/Platforms/MacOSX.platform/Developer/SDKs/MacOSX26.1.sdk/usr/include/Darwin.modulemap
/Applications/Xcode.app/Contents/Developer/Platforms/MacOSX.platform/Developer/SDKs/MacOSX26.1.sdk/usr/include/Darwin_C.modulemap
/Applications/Xcode.app/Contents/Developer/Platforms/MacOSX.platform/Developer/SDKs/MacOSX26.1.sdk/usr/include/Darwin_POSIX.modulemap
/Applications/Xcode.app/Contents/Developer/Platforms/MacOSX.platform/Developer/SDKs/MacOSX26.1.sdk/usr/include/net.modulemap
/Applications/Xcode.app/Contents/Developer/Platforms/MacOSX.platform/Developer/SDKs/MacOSX26.1.sdk/usr/include/netinet.modulemap
/Applications/Xcode.app/Contents/Developer/Platforms/MacOSX.platform/Developer/SDKs/MacOSX26.1.sdk/usr/include/bank.modulemap
/Applications/Xcode.app/Contents/Developer/Platforms/MacOSX.platform/Developer/SDKs/MacOSX26.1.sdk/usr/include/Darwin_Mach.modulemap
/Applications/Xcode.app/Contents/Developer/Platforms/MacOSX.platform/Developer/SDKs/MacOSX26.1.sdk/usr/include/Darwin_Mach_machine.modulemap
/Applications/Xcode.app/Contents/Developer/Platforms/MacOSX.platform/Developer/SDKs/MacOSX26.1.sdk/usr/include/mach_debug.modulemap
/Applications/Xcode.app/Contents/Developer/Platforms/MacOSX.platform/Developer/SDKs/MacOSX26.1.sdk/usr/include/device.modulemap
/Applications/Xcode.app/Contents/Developer/Platforms/MacOSX.platform/Developer/SDKs/MacOSX26.1.sdk/usr/include/Darwin_machine.modulemap
/Applications/Xcode.app/Contents/Developer/Platforms/MacOSX.platform/Developer/SDKs/MacOSX26.1.sdk/usr/include/ncurses.modulemap
/Applications/Xcode.app/Contents/Developer/Platforms/MacOSX.platform/Developer/SDKs/MacOSX26.1.sdk/usr/include/netinet6.modulemap
/Applications/Xcode.app/Contents/Developer/Platforms/MacOSX.platform/Developer/SDKs/MacOSX26.1.sdk/usr/include/Darwin_sys.modulemap
/Applications/Xcode.app/Contents/Developer/Platforms/MacOSX.platform/Developer/SDKs/MacOSX26.1.sdk/usr/include/uuid.modulemap
/Applications/Xcode.app/Contents/Developer/Platforms/MacOSX.platform/Developer/SDKs/MacOSX26.1.sdk/usr/include/DarwinFoundation2.modulemap
/Applications/Xcode.app/Contents/Developer/Platforms/MacOSX.platform/Developer/SDKs/MacOSX26.1.sdk/usr/include/DarwinFoundation1.modulemap
/Applications/Xcode.app/Contents/Developer/Platforms/MacOSX.platform/Developer/SDKs/MacOSX26.1.sdk/System/Library/Frameworks/IOKit.framework/Headers/IOMapTypes.h
/Applications/Xcode.app/Contents/Developer/Platforms/MacOSX.platform/Developer/SDKs/MacOSX26.1.sdk/System/Library/Frameworks/IOKit.framework/Headers/IOTypes.h
/Applications/Xcode.app/Contents/Developer/Toolchains/XcodeDefault.xctoolchain/usr/lib/swift/clang/include/module.modulemap
/Applications/Xcode.app/Contents/Developer/Platforms/MacOSX.platform/Developer/SDKs/MacOSX26.1.sdk/System/Library/Frameworks/IOKit.framework/Headers/IOKitKeys.h
/Applications/Xcode.app/Contents/Developer/Platforms/MacOSX.platform/Developer/SDKs/MacOSX26.1.sdk/System/Library/Frameworks/IOKit.framework/Headers/OSMessageNotification.h
/Applications/Xcode.app/Contents/Developer/Platforms/MacOSX.platform/Developer/SDKs/MacOSX26.1.sdk/System/Library/Frameworks/IOKit.framework/Headers/IOKitLib.h
/Applications/Xcode.app/Contents/Developer/Platforms/MacOSX.platform/Developer/SDKs/MacOSX26.1.sdk/System/Library/Frameworks/CoreFoundation.framework/Modules/module.modulemap
/Applications/Xcode.app/Contents/Developer/Platforms/MacOSX.platform/Developer/SDKs/MacOSX26.1.sdk/System/Library/Frameworks/IOKit.framework/Headers/IOBSD.h
/Applications/Xcode.app/Contents/Developer/Platforms/MacOSX.platform/Developer/SDKs/MacOSX26.1.sdk/System/Library/Frameworks/IOKit.framework/Headers/IODataQueueClient.h
/Applications/Xcode.app/Contents/Developer/Platforms/MacOSX.platform/Developer/SDKs/MacOSX26.1.sdk/System/Library/Frameworks/IOKit.framework/Headers/IODataQueueShared.h
/Applications/Xcode.app/Contents/Developer/Platforms/MacOSX.platform/Developer/SDKs/MacOSX26.1.sdk/System/Library/Frameworks/IOKit.framework/Headers/IOCFBundle.h
/Applications/Xcode.app/Contents/Developer/Platforms/MacOSX.platform/Developer/SDKs/MacOSX26.1.sdk/System/Library/Frameworks/IOKit.framework/Headers/IOSharedLock.h
/Applications/Xcode.app/Contents/Developer/Platforms/MacOSX.platform/Developer/SDKs/MacOSX26.1.sdk/System/Library/Frameworks/IOKit.framework/Headers/IOCFPlugIn.h
/Applications/Xcode.app/Contents/Developer/Platforms/MacOSX.platform/Developer/SDKs/MacOSX26.1.sdk/System/Library/Frameworks/IOKit.framework/Headers/IOCFSerialize.h
/Applications/Xcode.app/Contents/Developer/Platforms/MacOSX.platform/Developer/SDKs/MacOSX26.1.sdk/System/Library/Frameworks/IOKit.framework/Headers/IOCFURLAccess.h
/Applications/Xcode.app/Contents/Developer/Platforms/MacOSX.platform/Developer/SDKs/MacOSX26.1.sdk/System/Library/Frameworks/IOKit.framework/Headers/IOKitServer.h
/Applications/Xcode.app/Contents/Developer/Platforms/MacOSX.platform/Developer/SDKs/MacOSX26.1.sdk/System/Library/Frameworks/IOKit.framework/Headers/IOCFUnserialize.h
/Applications/Xcode.app/Contents/Developer/Platforms/MacOSX.platform/Developer/SDKs/MacOSX26.1.sdk/System/Library/Frameworks/IOKit.framework/Headers/IOMessage.h
/Applications/Xcode.app/Contents/Developer/Platforms/MacOSX.platform/Developer/SDKs/MacOSX26.1.sdk/System/Library/Frameworks/IOKit.framework/Headers/IORPC.h
/Applications/Xcode.app/Contents/Developer/Platforms/MacOSX.platform/Developer/SDKs/MacOSX26.1.sdk/System/Library/Frameworks/IOKit.framework/Headers/IOUserServer.h
/Applications/Xcode.app/Contents/Developer/Platforms/MacOSX.platform/Developer/SDKs/MacOSX26.1.sdk/System/Library/Frameworks/IOKit.framework/Headers/audio/IOAudioDefines.h
/Applications/Xcode.app/Contents/Developer/Platforms/MacOSX.platform/Developer/SDKs/MacOSX26.1.sdk/System/Library/Frameworks/IOKit.framework/Headers/audio/IOAudioLib.h
/Applications/Xcode.app/Contents/Developer/Platforms/MacOSX.platform/Developer/SDKs/MacOSX26.1.sdk/System/Library/Frameworks/IOKit.framework/Headers/audio/IOAudioTypes.h
/Applications/Xcode.app/Contents/Developer/Platforms/MacOSX.platform/Developer/SDKs/MacOSX26.1.sdk/System/Library/Frameworks/IOKit.framework/Headers/avc/IOFireWireAVCConsts.h
/Applications/Xcode.app/Contents/Developer/Platforms/MacOSX.platform/Developer/SDKs/MacOSX26.1.sdk/System/Library/Frameworks/IOKit.framework/Headers/avc/IOFireWireAVCLib.h
/Applications/Xcode.app/Contents/Developer/Platforms/MacOSX.platform/Developer/SDKs/MacOSX26.1.sdk/System/Library/Frameworks/IOKit.framework/Headers/firewire/IOFireWireFamilyCommon.h
/Applications/Xcode.app/Contents/Developer/Platforms/MacOSX.platform/Developer/SDKs/MacOSX26.1.sdk/System/Library/Frameworks/IOKit.framework/Headers/firewire/IOFireWireLib.h
/Applications/Xcode.app/Contents/Developer/Platforms/MacOSX.platform/Developer/SDKs/MacOSX26.1.sdk/System/Library/Frameworks/IOKit.framework/Headers/firewire/IOFireWireLibIsoch.h
/Applications/Xcode.app/Contents/Developer/Platforms/MacOSX.platform/Developer/SDKs/MacOSX26.1.sdk/System/Library/Frameworks/IOKit.framework/Headers/graphics/IOAccelClientConnect.h
/Applications/Xcode.app/Contents/Developer/Platforms/MacOSX.platform/Developer/SDKs/MacOSX26.1.sdk/System/Library/Frameworks/IOKit.framework/Headers/graphics/IOGraphicsInterface.h
/Applications/Xcode.app/Contents/Developer/Platforms/MacOSX.platform/Developer/SDKs/MacOSX26.1.sdk/System/Library/Frameworks/IOKit.framework/Headers/graphics/IOGraphicsInterfaceTypes.h
/Applications/Xcode.app/Contents/Developer/Platforms/MacOSX.platform/Developer/SDKs/MacOSX26.1.sdk/System/Library/Frameworks/IOKit.framework/Headers/graphics/IOAccelSurfaceConnect.h
/Applications/Xcode.app/Contents/Developer/Platforms/MacOSX.platform/Developer/SDKs/MacOSX26.1.sdk/System/Library/Frameworks/IOKit.framework/Headers/graphics/IOAccelTypes.h
/Applications/Xcode.app/Contents/Developer/Platforms/MacOSX.platform/Developer/SDKs/MacOSX26.1.sdk/System/Library/Frameworks/IOKit.framework/Headers/graphics/IOGraphicsLib.h
/Applications/Xcode.app/Contents/Developer/Platforms/MacOSX.platform/Developer/SDKs/MacOSX26.1.sdk/System/Library/Frameworks/IOKit.framework/Headers/graphics/IOFramebufferShared.h
/Applications/Xcode.app/Contents/Developer/Platforms/MacOSX.platform/Developer/SDKs/MacOSX26.1.sdk/System/Library/Frameworks/IOKit.framework/Headers/hidsystem/IOHIDTypes.h
/Applications/Xcode.app/Contents/Developer/Platforms/MacOSX.platform/Developer/SDKs/MacOSX26.1.sdk/System/Library/Frameworks/IOKit.framework/Headers/graphics/IOGraphicsTypes.h
/Applications/Xcode.app/Contents/Developer/Platforms/MacOSX.platform/Developer/SDKs/MacOSX26.1.sdk/System/Library/Frameworks/IOKit.framework/Headers/graphics/IOGraphicsEngine.h
/Applications/Xcode.app/Contents/Developer/Platforms/MacOSX.platform/Developer/SDKs/MacOSX26.1.sdk/System/Library/Frameworks/IOKit.framework/Headers/hid/IOHIDBase.h
/Applications/Xcode.app/Contents/Developer/Platforms/MacOSX.platform/Developer/SDKs/MacOSX26.1.sdk/System/Library/Frameworks/IOKit.framework/Headers/hid/IOHIDKeys.h
/Applications/Xcode.app/Contents/Developer/Platforms/MacOSX.platform/Developer/SDKs/MacOSX26.1.sdk/System/Library/Frameworks/IOKit.framework/Headers/hidsystem/IOHIDParameter.h
/Applications/Xcode.app/Contents/Developer/Platforms/MacOSX.platform/Developer/SDKs/MacOSX26.1.sdk/System/Library/Frameworks/IOKit.framework/Headers/hidsystem/IOLLEvent.h
/Applications/Xcode.app/Contents/Developer/Platforms/MacOSX.platform/Developer/SDKs/MacOSX26.1.sdk/System/Library/Frameworks/IOKit.framework/Headers/hid/IOHIDProperties.h
/Applications/Xcode.app/Contents/Developer/Platforms/MacOSX.platform/Developer/SDKs/MacOSX26.1.sdk/System/Library/Frameworks/IOKit.framework/Headers/hid/IOHIDEventServiceKeys.h
/Applications/Xcode.app/Contents/Developer/Platforms/MacOSX.platform/Developer/SDKs/MacOSX26.1.sdk/System/Library/Frameworks/IOKit.framework/Headers/hid/IOHIDDeviceTypes.h
/Applications/Xcode.app/Contents/Developer/Platforms/MacOSX.platform/Developer/SDKs/MacOSX26.1.sdk/System/Library/Frameworks/IOKit.framework/Headers/hid/IOHIDDeviceKeys.h
/Applications/Xcode.app/Contents/Developer/Platforms/MacOSX.platform/Developer/SDKs/MacOSX26.1.sdk/System/Library/Frameworks/IOKit.framework/Headers/hid/IOHIDQueue.h
/Applications/Xcode.app/Contents/Developer/Platforms/MacOSX.platform/Developer/SDKs/MacOSX26.1.sdk/System/Library/Frameworks/IOKit.framework/Headers/hid/IOHIDDevice.h
/Applications/Xcode.app/Contents/Developer/Platforms/MacOSX.platform/Developer/SDKs/MacOSX26.1.sdk/System/Library/Frameworks/IOKit.framework/Headers/hid/IOHIDLib.h
/Applications/Xcode.app/Contents/Developer/Platforms/MacOSX.platform/Developer/SDKs/MacOSX26.1.sdk/System/Library/Frameworks/IOKit.framework/Headers/hid/IOHIDElement.h
/Applications/Xcode.app/Contents/Developer/Platforms/MacOSX.platform/Developer/SDKs/MacOSX26.1.sdk/System/Library/Frameworks/IOKit.framework/Headers/hid/IOHIDLibObsolete.h
/Applications/Xcode.app/Contents/Developer/Platforms/MacOSX.platform/Developer/SDKs/MacOSX26.1.sdk/System/Library/Frameworks/IOKit.framework/Headers/hid/IOHIDManager.h
/Applications/Xcode.app/Contents/Developer/Platforms/MacOSX.platform/Developer/SDKs/MacOSX26.1.sdk/System/Library/Frameworks/IOKit.framework/Headers/hid/IOHIDUsageTables.h
/Applications/Xcode.app/Contents/Developer/Platforms/MacOSX.platform/Developer/SDKs/MacOSX26.1.sdk/System/Library/Frameworks/IOKit.framework/Headers/hid/IOHIDValue.h
/Applications/Xcode.app/Contents/Developer/Platforms/MacOSX.platform/Developer/SDKs/MacOSX26.1.sdk/System/Library/Frameworks/IOKit.framework/Headers/hid/IOHIDTransaction.h
/Applications/Xcode.app/Contents/Developer/Platforms/MacOSX.platform/Developer/SDKs/MacOSX26.1.sdk/System/Library/Frameworks/IOKit.framework/Headers/hid/IOHIDDevicePlugIn.h
/Applications/Xcode.app/Contents/Developer/Platforms/MacOSX.platform/Developer/SDKs/MacOSX26.1.sdk/System/Library/Frameworks/IOKit.framework/Headers/hid/IOHIDEventServiceTypes.h
/Applications/Xcode.app/Contents/Developer/Platforms/MacOSX.platform/Developer/SDKs/MacOSX26.1.sdk/System/Library/Frameworks/IOKit.framework/Headers/hidsystem/IOHIDLib.h
/Applications/Xcode.app/Contents/Developer/Platforms/MacOSX.platform/Developer/SDKs/MacOSX26.1.sdk/System/Library/Frameworks/IOKit.framework/Headers/hidsystem/IOHIDShared.h
/Applications/Xcode.app/Contents/Developer/Platforms/MacOSX.platform/Developer/SDKs/MacOSX26.1.sdk/System/Library/Frameworks/IOKit.framework/Headers/hidsystem/event_status_driver.h
/Applications/Xcode.app/Contents/Developer/Platforms/MacOSX.platform/Developer/SDKs/MacOSX26.1.sdk/System/Library/Frameworks/IOKit.framework/Headers/hidsystem/ev_keymap.h
/Applications/Xcode.app/Contents/Developer/Platforms/MacOSX.platform/Developer/SDKs/MacOSX26.1.sdk/System/Library/Frameworks/IOKit.framework/Headers/hidsystem/IOHIDEventSystemClient.h
/Applications/Xcode.app/Contents/Developer/Platforms/MacOSX.platform/Developer/SDKs/MacOSX26.1.sdk/System/Library/Frameworks/IOKit.framework/Headers/hidsystem/IOHIDServiceClient.h
/Applications/Xcode.app/Contents/Developer/Platforms/MacOSX.platform/Developer/SDKs/MacOSX26.1.sdk/System/Library/Frameworks/IOKit.framework/Headers/hidsystem/IOHIDUserDevice.h
/Applications/Xcode.app/Contents/Developer/Platforms/MacOSX.platform/Developer/SDKs/MacOSX26.1.sdk/System/Library/Frameworks/IOKit.framework/Headers/i2c/IOI2CInterface.h
/Applications/Xcode.app/Contents/Developer/Platforms/MacOSX.platform/Developer/SDKs/MacOSX26.1.sdk/System/Library/Frameworks/IOKit.framework/Headers/kext/KextManager.h
/Applications/Xcode.app/Contents/Developer/Platforms/MacOSX.platform/Developer/SDKs/MacOSX26.1.sdk/System/Library/Frameworks/IOKit.framework/Headers/network/IOEthernetController.h
/Applications/Xcode.app/Contents/Developer/Platforms/MacOSX.platform/Developer/SDKs/MacOSX26.1.sdk/System/Library/Frameworks/IOKit.framework/Headers/network/IONetworkController.h
/Applications/Xcode.app/Contents/Developer/Platforms/MacOSX.platform/Developer/SDKs/MacOSX26.1.sdk/System/Library/Frameworks/IOKit.framework/Headers/network/IONetworkData.h
/Applications/Xcode.app/Contents/Developer/Platforms/MacOSX.platform/Developer/SDKs/MacOSX26.1.sdk/System/Library/Frameworks/IOKit.framework/Headers/network/IONetworkStack.h
/Applications/Xcode.app/Contents/Developer/Platforms/MacOSX.platform/Developer/SDKs/MacOSX26.1.sdk/System/Library/Frameworks/IOKit.framework/Headers/network/IOEthernetInterface.h
/Applications/Xcode.app/Contents/Developer/Platforms/MacOSX.platform/Developer/SDKs/MacOSX26.1.sdk/System/Library/Frameworks/IOKit.framework/Headers/network/IONetworkInterface.h
/Applications/Xcode.app/Contents/Developer/Platforms/MacOSX.platform/Developer/SDKs/MacOSX26.1.sdk/System/Library/Frameworks/IOKit.framework/Headers/network/IONetworkStats.h
/Applications/Xcode.app/Contents/Developer/Platforms/MacOSX.platform/Developer/SDKs/MacOSX26.1.sdk/System/Library/Frameworks/IOKit.framework/Headers/network/IOEthernetStats.h
/Applications/Xcode.app/Contents/Developer/Platforms/MacOSX.platform/Developer/SDKs/MacOSX26.1.sdk/System/Library/Frameworks/IOKit.framework/Headers/network/IONetworkLib.h
/Applications/Xcode.app/Contents/Developer/Platforms/MacOSX.platform/Developer/SDKs/MacOSX26.1.sdk/System/Library/Frameworks/IOKit.framework/Headers/network/IONetworkMedium.h
/Applications/Xcode.app/Contents/Developer/Platforms/MacOSX.platform/Developer/SDKs/MacOSX26.1.sdk/System/Library/Frameworks/IOKit.framework/Headers/network/IONetworkUserClient.h
/Applications/Xcode.app/Contents/Developer/Platforms/MacOSX.platform/Developer/SDKs/MacOSX26.1.sdk/System/Library/Frameworks/IOKit.framework/Headers/ps/IOPSKeys.h
/Applications/Xcode.app/Contents/Developer/Platforms/MacOSX.platform/Developer/SDKs/MacOSX26.1.sdk/System/Library/Frameworks/IOKit.framework/Headers/ps/IOPowerSources.h
/Applications/Xcode.app/Contents/Developer/Platforms/MacOSX.platform/Developer/SDKs/MacOSX26.1.sdk/System/Library/Frameworks/IOKit.framework/Headers/ps/IOUPSPlugIn.h
/Applications/Xcode.app/Contents/Developer/Platforms/MacOSX.platform/Developer/SDKs/MacOSX26.1.sdk/System/Library/Frameworks/IOKit.framework/Headers/pwr_mgt/IOPM.h
/Applications/Xcode.app/Contents/Developer/Platforms/MacOSX.platform/Developer/SDKs/MacOSX26.1.sdk/System/Library/Frameworks/IOKit.framework/Headers/pwr_mgt/IOPMKeys.h
/Applications/Xcode.app/Contents/Developer/Platforms/MacOSX.platform/Developer/SDKs/MacOSX26.1.sdk/System/Library/Frameworks/IOKit.framework/Headers/pwr_mgt/IOPMLib.h
/Applications/Xcode.app/Contents/Developer/Platforms/MacOSX.platform/Developer/SDKs/MacOSX26.1.sdk/System/Library/Frameworks/IOKit.framework/Headers/pwr_mgt/IOPMLibDefs.h
/Applications/Xcode.app/Contents/Developer/Platforms/MacOSX.platform/Developer/SDKs/MacOSX26.1.sdk/System/Library/Frameworks/IOKit.framework/Headers/sbp2/IOFireWireSBP2Lib.h
/Applications/Xcode.app/Contents/Developer/Platforms/MacOSX.platform/Developer/SDKs/MacOSX26.1.sdk/System/Library/Frameworks/IOKit.framework/Headers/scsi/IOSCSIMultimediaCommandsDevice.h
/Applications/Xcode.app/Contents/Developer/Platforms/MacOSX.platform/Developer/SDKs/MacOSX26.1.sdk/System/Library/Frameworks/IOKit.framework/Headers/storage/IOStorageDeviceCharacteristics.h
/Applications/Xcode.app/Contents/Developer/Platforms/MacOSX.platform/Developer/SDKs/MacOSX26.1.sdk/System/Library/Frameworks/IOKit.framework/Headers/storage/IOStorageProtocolCharacteristics.h
/Applications/Xcode.app/Contents/Developer/Platforms/MacOSX.platform/Developer/SDKs/MacOSX26.1.sdk/System/Library/Frameworks/IOKit.framework/Headers/storage/IOStorageControllerCharacteristics.h
/Applications/Xcode.app/Contents/Developer/Platforms/MacOSX.platform/Developer/SDKs/MacOSX26.1.sdk/System/Library/Frameworks/IOKit.framework/Headers/scsi/SCSICmds_REQUEST_SENSE_Defs.h
/Applications/Xcode.app/Contents/Developer/Platforms/MacOSX.platform/Developer/SDKs/MacOSX26.1.sdk/System/Library/Frameworks/IOKit.framework/Headers/scsi/SCSICmds_INQUIRY_Definitions.h
/Applications/Xcode.app/Contents/Developer/Platforms/MacOSX.platform/Developer/SDKs/MacOSX26.1.sdk/System/Library/Frameworks/IOKit.framework/Headers/scsi/SCSICommandDefinitions.h
/Applications/Xcode.app/Contents/Developer/Platforms/MacOSX.platform/Developer/SDKs/MacOSX26.1.sdk/System/Library/Frameworks/IOKit.framework/Headers/scsi/SCSICmds_MODE_Definitions.h
/Applications/Xcode.app/Contents/Developer/Platforms/MacOSX.platform/Developer/SDKs/MacOSX26.1.sdk/System/Library/Frameworks/IOKit.framework/Headers/scsi/SCSICommandOperationCodes.h
/Applications/Xcode.app/Contents/Developer/Platforms/MacOSX.platform/Developer/SDKs/MacOSX26.1.sdk/System/Library/Frameworks/IOKit.framework/Headers/scsi/SCSICmds_READ_CAPACITY_Definitions.h
/Applications/Xcode.app/Contents/Developer/Platforms/MacOSX.platform/Developer/SDKs/MacOSX26.1.sdk/System/Library/Frameworks/IOKit.framework/Headers/scsi/SCSITask.h
/Applications/Xcode.app/Contents/Developer/Platforms/MacOSX.platform/Developer/SDKs/MacOSX26.1.sdk/System/Library/Frameworks/IOKit.framework/Headers/scsi/SCSICmds_REPORT_LUNS_Definitions.h
/Applications/Xcode.app/Contents/Developer/Platforms/MacOSX.platform/Developer/SDKs/MacOSX26.1.sdk/System/Library/Frameworks/IOKit.framework/Headers/scsi/SCSITaskLib.h
/Applications/Xcode.app/Contents/Developer/Platforms/MacOSX.platform/Developer/SDKs/MacOSX26.1.sdk/System/Library/Frameworks/IOKit.framework/Headers/serial/IOSerialKeys.h
/Applications/Xcode.app/Contents/Developer/Platforms/MacOSX.platform/Developer/SDKs/MacOSX26.1.sdk/System/Library/Frameworks/IOKit.framework/Headers/serial/ioss.h
/Applications/Xcode.app/Contents/Developer/Platforms/MacOSX.platform/Developer/SDKs/MacOSX26.1.sdk/System/Library/Frameworks/IOKit.framework/Headers/storage/IOAppleLabelScheme.h
/Applications/Xcode.app/Contents/Developer/Platforms/MacOSX.platform/Developer/SDKs/MacOSX26.1.sdk/System/Library/Frameworks/IOKit.framework/Headers/storage/IODVDMediaBSDClient.h
/Applications/Xcode.app/Contents/Developer/Platforms/MacOSX.platform/Developer/SDKs/MacOSX26.1.sdk/System/Library/Frameworks/IOKit.framework/Headers/storage/IODVDTypes.h
/Applications/Xcode.app/Contents/Developer/Platforms/MacOSX.platform/Developer/SDKs/MacOSX26.1.sdk/System/Library/Frameworks/IOKit.framework/Headers/storage/IOApplePartitionScheme.h
/Applications/Xcode.app/Contents/Developer/Platforms/MacOSX.platform/Developer/SDKs/MacOSX26.1.sdk/System/Library/Frameworks/IOKit.framework/Headers/storage/IOBDBlockStorageDevice.h
/Applications/Xcode.app/Contents/Developer/Platforms/MacOSX.platform/Developer/SDKs/MacOSX26.1.sdk/System/Library/Frameworks/IOKit.framework/Headers/storage/IOBDTypes.h
/Applications/Xcode.app/Contents/Developer/Platforms/MacOSX.platform/Developer/SDKs/MacOSX26.1.sdk/System/Library/Frameworks/IOKit.framework/Headers/storage/IOFDiskPartitionScheme.h
/Applications/Xcode.app/Contents/Developer/Platforms/MacOSX.platform/Developer/SDKs/MacOSX26.1.sdk/System/Library/Frameworks/IOKit.framework/Headers/storage/IOBDMedia.h
/Applications/Xcode.app/Contents/Developer/Platforms/MacOSX.platform/Developer/SDKs/MacOSX26.1.sdk/System/Library/Frameworks/IOKit.framework/Headers/storage/IOFilterScheme.h
/Applications/Xcode.app/Contents/Developer/Platforms/MacOSX.platform/Developer/SDKs/MacOSX26.1.sdk/System/Library/Frameworks/IOKit.framework/Headers/storage/IOBDMediaBSDClient.h
/Applications/Xcode.app/Contents/Developer/Platforms/MacOSX.platform/Developer/SDKs/MacOSX26.1.sdk/System/Library/Frameworks/IOKit.framework/Headers/storage/IOFireWireStorageCharacteristics.h
/Applications/Xcode.app/Contents/Developer/Platforms/MacOSX.platform/Developer/SDKs/MacOSX26.1.sdk/System/Library/Frameworks/IOKit.framework/Headers/storage/IOGUIDPartitionScheme.h
/Applications/Xcode.app/Contents/Developer/Platforms/MacOSX.platform/Developer/SDKs/MacOSX26.1.sdk/System/Library/Frameworks/IOKit.framework/Headers/storage/IOBlockStorageDevice.h
/Applications/Xcode.app/Contents/Developer/Platforms/MacOSX.platform/Developer/SDKs/MacOSX26.1.sdk/System/Library/Frameworks/IOKit.framework/Headers/storage/IOMedia.h
/Applications/Xcode.app/Contents/Developer/Platforms/MacOSX.platform/Developer/SDKs/MacOSX26.1.sdk/System/Library/Frameworks/IOKit.framework/Headers/storage/IOBlockStorageDriver.h
/Applications/Xcode.app/Contents/Developer/Platforms/MacOSX.platform/Developer/SDKs/MacOSX26.1.sdk/System/Library/Frameworks/IOKit.framework/Headers/storage/IOMediaBSDClient.h
/Applications/Xcode.app/Contents/Developer/Platforms/MacOSX.platform/Developer/SDKs/MacOSX26.1.sdk/System/Library/Frameworks/IOKit.framework/Headers/storage/IOCDBlockStorageDevice.h
/Applications/Xcode.app/Contents/Developer/Platforms/MacOSX.platform/Developer/SDKs/MacOSX26.1.sdk/System/Library/Frameworks/IOKit.framework/Headers/storage/IOCDTypes.h
/Applications/Xcode.app/Contents/Developer/Platforms/MacOSX.platform/Developer/SDKs/MacOSX26.1.sdk/System/Library/Frameworks/IOKit.framework/Headers/storage/IOPartitionScheme.h
/Applications/Xcode.app/Contents/Developer/Platforms/MacOSX.platform/Developer/SDKs/MacOSX26.1.sdk/System/Library/Frameworks/IOKit.framework/Headers/storage/IOCDMedia.h
/Applications/Xcode.app/Contents/Developer/Platforms/MacOSX.platform/Developer/SDKs/MacOSX26.1.sdk/System/Library/Frameworks/IOKit.framework/Headers/storage/IOStorage.h
/Applications/Xcode.app/Contents/Developer/Platforms/MacOSX.platform/Developer/SDKs/MacOSX26.1.sdk/System/Library/Frameworks/IOKit.framework/Headers/storage/IOCDMediaBSDClient.h
/Applications/Xcode.app/Contents/Developer/Platforms/MacOSX.platform/Developer/SDKs/MacOSX26.1.sdk/System/Library/Frameworks/IOKit.framework/Headers/storage/IOStorageCardCharacteristics.h
/Applications/Xcode.app/Contents/Developer/Platforms/MacOSX.platform/Developer/SDKs/MacOSX26.1.sdk/System/Library/Frameworks/IOKit.framework/Headers/storage/IOCDPartitionScheme.h
/Applications/Xcode.app/Contents/Developer/Platforms/MacOSX.platform/Developer/SDKs/MacOSX26.1.sdk/System/Library/Frameworks/IOKit.framework/Headers/storage/IODVDBlockStorageDevice.h
/Applications/Xcode.app/Contents/Developer/Platforms/MacOSX.platform/Developer/SDKs/MacOSX26.1.sdk/System/Library/Frameworks/IOKit.framework/Headers/storage/IODVDMedia.h
/Applications/Xcode.app/Contents/Developer/Platforms/MacOSX.platform/Developer/SDKs/MacOSX26.1.sdk/System/Library/Frameworks/IOKit.framework/Headers/storage/ata/ATASMARTLib.h
/Applications/Xcode.app/Contents/Developer/Platforms/MacOSX.platform/Developer/SDKs/MacOSX26.1.sdk/System/Library/Frameworks/IOKit.framework/Headers/storage/ata/IOATAStorageDefines.h
/Applications/Xcode.app/Contents/Developer/Platforms/MacOSX.platform/Developer/SDKs/MacOSX26.1.sdk/System/Library/Frameworks/IOKit.framework/Headers/stream/IOStreamLib.h
/Applications/Xcode.app/Contents/Developer/Platforms/MacOSX.platform/Developer/SDKs/MacOSX26.1.sdk/System/Library/Frameworks/IOKit.framework/Headers/stream/IOStreamShared.h
/Applications/Xcode.app/Contents/Developer/Platforms/MacOSX.platform/Developer/SDKs/MacOSX26.1.sdk/System/Library/Frameworks/IOKit.framework/Headers/usb/AppleUSBDefinitions.h
/Applications/Xcode.app/Contents/Developer/Platforms/MacOSX.platform/Developer/SDKs/MacOSX26.1.sdk/System/Library/Frameworks/IOKit.framework/Headers/usb/IOUSBHostFamilyDefinitions.h
/Applications/Xcode.app/Contents/Developer/Platforms/MacOSX.platform/Developer/SDKs/MacOSX26.1.sdk/System/Library/Frameworks/IOKit.framework/Headers/usb/IOUSBLib.h
/Applications/Xcode.app/Contents/Developer/Platforms/MacOSX.platform/Developer/SDKs/MacOSX26.1.sdk/System/Library/Frameworks/IOKit.framework/Headers/usb/USB.h
/Applications/Xcode.app/Contents/Developer/Platforms/MacOSX.platform/Developer/SDKs/MacOSX26.1.sdk/System/Library/Frameworks/IOKit.framework/Headers/usb/USBSpec.h
/Applications/Xcode.app/Contents/Developer/Platforms/MacOSX.platform/Developer/SDKs/MacOSX26.1.sdk/SDKSettings.json
/Applications/Xcode.app/Contents/Developer/Platforms/MacOSX.platform/Developer/SDKs/MacOSX26.1.sdk/usr/include/DarwinBasic.modulemap
/Applications/Xcode.app/Contents/Developer/Platforms/MacOSX.platform/Developer/SDKs/MacOSX26.1.sdk/usr/include/Darwin.modulemap
/Applications/Xcode.app/Contents/Developer/Platforms/MacOSX.platform/Developer/SDKs/MacOSX26.1.sdk/usr/include/Darwin_C.modulemap
/Applications/Xcode.app/Contents/Developer/Platforms/MacOSX.platform/Developer/SDKs/MacOSX26.1.sdk/usr/include/Darwin_POSIX.modulemap
/Applications/Xcode.app/Contents/Developer/Platforms/MacOSX.platform/Developer/SDKs/MacOSX26.1.sdk/usr/include/net.modulemap
/Applications/Xcode.app/Contents/Developer/Platforms/MacOSX.platform/Developer/SDKs/MacOSX26.1.sdk/usr/include/netinet.modulemap
/Applications/Xcode.app/Contents/Developer/Platforms/MacOSX.platform/Developer/SDKs/MacOSX26.1.sdk/usr/include/bank.modulemap
/Applications/Xcode.app/Contents/Developer/Platforms/MacOSX.platform/Developer/SDKs/MacOSX26.1.sdk/usr/include/Darwin_Mach.modulemap
/Applications/Xcode.app/Contents/Developer/Platforms/MacOSX.platform/Developer/SDKs/MacOSX26.1.sdk/usr/include/Darwin_Mach_machine.modulemap
/Applications/Xcode.app/Contents/Developer/Platforms/MacOSX.platform/Developer/SDKs/MacOSX26.1.sdk/usr/include/mach_debug.modulemap
/Applications/Xcode.app/Contents/Developer/Platforms/MacOSX.platform/Developer/SDKs/MacOSX26.1.sdk/usr/include/device.modulemap
/Applications/Xcode.app/Contents/Developer/Platforms/MacOSX.platform/Developer/SDKs/MacOSX26.1.sdk/usr/include/Darwin_machine.modulemap
/Applications/Xcode.app/Contents/Developer/Platforms/MacOSX.platform/Developer/SDKs/MacOSX26.1.sdk/usr/include/ncurses.modulemap
/Applications/Xcode.app/Contents/Developer/Platforms/MacOSX.platform/Developer/SDKs/MacOSX26.1.sdk/usr/include/netinet6.modulemap
/Applications/Xcode.app/Contents/Developer/Platforms/MacOSX.platform/Developer/SDKs/MacOSX26.1.sdk/usr/include/Darwin_sys.modulemap
/Applications/Xcode.app/Contents/Developer/Platforms/MacOSX.platform/Developer/SDKs/MacOSX26.1.sdk/usr/include/uuid.modulemap
/Applications/Xcode.app/Contents/Developer/Platforms/MacOSX.platform/Developer/SDKs/MacOSX26.1.sdk/usr/include/DarwinFoundation2.modulemap
/Applications/Xcode.app/Contents/Developer/Platforms/MacOSX.platform/Developer/SDKs/MacOSX26.1.sdk/usr/include/DarwinFoundation3.modulemap
/Applications/Xcode.app/Contents/Developer/Platforms/MacOSX.platform/Developer/SDKs/MacOSX26.1.sdk/usr/include/DarwinFoundation1.modulemap
/Applications/Xcode.app/Contents/Developer/Platforms/MacOSX.platform/Developer/SDKs/MacOSX26.1.sdk/usr/include/mach-o/arch.h
/Applications/Xcode.app/Contents/Developer/Toolchains/XcodeDefault.xctoolchain/usr/lib/swift/clang/include/module.modulemap
/Applications/Xcode.app/Contents/Developer/Platforms/MacOSX.platform/Developer/SDKs/MacOSX26.1.sdk/usr/include/mach-o/arm/reloc.h
/Applications/Xcode.app/Contents/Developer/Platforms/MacOSX.platform/Developer/SDKs/MacOSX26.1.sdk/usr/include/mach-o/arm64/reloc.h
/Applications/Xcode.app/Contents/Developer/Platforms/MacOSX.platform/Developer/SDKs/MacOSX26.1.sdk/usr/include/mach-o/compact_unwind_encoding.h
/Applications/Xcode.app/Contents/Developer/Platforms/MacOSX.platform/Developer/SDKs/MacOSX26.1.sdk/usr/include/mach-o/dyld.h
/Applications/Xcode.app/Contents/Developer/Toolchains/XcodeDefault.xctoolchain/usr/lib/swift/clang/include/stddef.h
/Applications/Xcode.app/Contents/Developer/Platforms/MacOSX.platform/Developer/SDKs/MacOSX26.1.sdk/usr/include/mach-o/loader.h
/Applications/Xcode.app/Contents/Developer/Platforms/MacOSX.platform/Developer/SDKs/MacOSX26.1.sdk/usr/include/mach-o/dyld_images.h
/Applications/Xcode.app/Contents/Developer/Platforms/MacOSX.platform/Developer/SDKs/MacOSX26.1.sdk/usr/include/mach-o/fat.h
/Applications/Xcode.app/Contents/Developer/Platforms/MacOSX.platform/Developer/SDKs/MacOSX26.1.sdk/usr/include/mach-o/fixup-chains.h
/Applications/Xcode.app/Contents/Developer/Platforms/MacOSX.platform/Developer/SDKs/MacOSX26.1.sdk/usr/include/mach-o/getsect.h
/Applications/Xcode.app/Contents/Developer/Platforms/MacOSX.platform/Developer/SDKs/MacOSX26.1.sdk/usr/include/mach-o/ldsyms.h
/Applications/Xcode.app/Contents/Developer/Platforms/MacOSX.platform/Developer/SDKs/MacOSX26.1.sdk/usr/include/mach-o/nlist.h
/Applications/Xcode.app/Contents/Developer/Platforms/MacOSX.platform/Developer/SDKs/MacOSX26.1.sdk/usr/include/mach-o/ranlib.h
/Applications/Xcode.app/Contents/Developer/Platforms/MacOSX.platform/Developer/SDKs/MacOSX26.1.sdk/usr/include/mach-o/reloc.h
/Applications/Xcode.app/Contents/Developer/Platforms/MacOSX.platform/Developer/SDKs/MacOSX26.1.sdk/usr/include/mach-o/stab.h
/Applications/Xcode.app/Contents/Developer/Platforms/MacOSX.platform/Developer/SDKs/MacOSX26.1.sdk/usr/include/mach-o/swap.h
/Applications/Xcode.app/Contents/Developer/Platforms/MacOSX.platform/Developer/SDKs/MacOSX26.1.sdk/usr/include/mach-o/utils.h
/Applications/Xcode.app/Contents/Developer/Platforms/MacOSX.platform/Developer/SDKs/MacOSX26.1.sdk/usr/include/mach-o/x86_64/reloc.h
/Applications/Xcode.app/Contents/Developer/Platforms/MacOSX.platform/Developer/SDKs/MacOSX26.1.sdk/SDKSettings.json
/Applications/Xcode.app/Contents/Developer/Platforms/MacOSX.platform/Developer/SDKs/MacOSX26.1.sdk/usr/include/ObjectiveC.apinotes
/Applications/Xcode.app/Contents/Developer/Platforms/MacOSX.platform/Developer/SDKs/MacOSX26.1.sdk/usr/include/DarwinBasic.modulemap
/Applications/Xcode.app/Contents/Developer/Platforms/MacOSX.platform/Developer/SDKs/MacOSX26.1.sdk/usr/include/ObjectiveC.modulemap
/Applications/Xcode.app/Contents/Developer/Platforms/MacOSX.platform/Developer/SDKs/MacOSX26.1.sdk/usr/include/Darwin.modulemap
/Applications/Xcode.app/Contents/Developer/Platforms/MacOSX.platform/Developer/SDKs/MacOSX26.1.sdk/usr/include/Darwin_C.modulemap
/Applications/Xcode.app/Contents/Developer/Platforms/MacOSX.platform/Developer/SDKs/MacOSX26.1.sdk/usr/include/Darwin_POSIX.modulemap
/Applications/Xcode.app/Contents/Developer/Platforms/MacOSX.platform/Developer/SDKs/MacOSX26.1.sdk/usr/include/net.modulemap
/Applications/Xcode.app/Contents/Developer/Platforms/MacOSX.platform/Developer/SDKs/MacOSX26.1.sdk/usr/include/netinet.modulemap
/Applications/Xcode.app/Contents/Developer/Platforms/MacOSX.platform/Developer/SDKs/MacOSX26.1.sdk/usr/include/bank.modulemap
/Applications/Xcode.app/Contents/Developer/Platforms/MacOSX.platform/Developer/SDKs/MacOSX26.1.sdk/usr/include/Darwin_Mach.modulemap
/Applications/Xcode.app/Contents/Developer/Platforms/MacOSX.platform/Developer/SDKs/MacOSX26.1.sdk/usr/include/Darwin_Mach_machine.modulemap
/Applications/Xcode.app/Contents/Developer/Platforms/MacOSX.platform/Developer/SDKs/MacOSX26.1.sdk/usr/include/mach_debug.modulemap
/Applications/Xcode.app/Contents/Developer/Platforms/MacOSX.platform/Developer/SDKs/MacOSX26.1.sdk/usr/include/device.modulemap
/Applications/Xcode.app/Contents/Developer/Platforms/MacOSX.platform/Developer/SDKs/MacOSX26.1.sdk/usr/include/Darwin_machine.modulemap
/Applications/Xcode.app/Contents/Developer/Platforms/MacOSX.platform/Developer/SDKs/MacOSX26.1.sdk/usr/include/ncurses.modulemap
/Applications/Xcode.app/Contents/Developer/Platforms/MacOSX.platform/Developer/SDKs/MacOSX26.1.sdk/usr/include/netinet6.modulemap
/Applications/Xcode.app/Contents/Developer/Platforms/MacOSX.platform/Developer/SDKs/MacOSX26.1.sdk/usr/include/Darwin_sys.modulemap
/Applications/Xcode.app/Contents/Developer/Platforms/MacOSX.platform/Developer/SDKs/MacOSX26.1.sdk/usr/include/uuid.modulemap
/Applications/Xcode.app/Contents/Developer/Platforms/MacOSX.platform/Developer/SDKs/MacOSX26.1.sdk/usr/include/DarwinFoundation2.modulemap
/Applications/Xcode.app/Contents/Developer/Platforms/MacOSX.platform/Developer/SDKs/MacOSX26.1.sdk/usr/include/DarwinFoundation3.modulemap
/Applications/Xcode.app/Contents/Developer/Platforms/MacOSX.platform/Developer/SDKs/MacOSX26.1.sdk/usr/include/DarwinFoundation1.modulemap
/Applications/Xcode.app/Contents/Developer/Platforms/MacOSX.platform/Developer/SDKs/MacOSX26.1.sdk/usr/include/objc/List.h
/Applications/Xcode.app/Contents/Developer/Platforms/MacOSX.platform/Developer/SDKs/MacOSX26.1.sdk/usr/include/objc/NSObjCRuntime.h
/Applications/Xcode.app/Contents/Developer/Toolchains/XcodeDefault.xctoolchain/usr/lib/swift/clang/include/module.modulemap
/Applications/Xcode.app/Contents/Developer/Platforms/MacOSX.platform/Developer/SDKs/MacOSX26.1.sdk/usr/include/objc/objc.h
/Applications/Xcode.app/Contents/Developer/Platforms/MacOSX.platform/Developer/SDKs/MacOSX26.1.sdk/usr/include/stdlib.h
/Applications/Xcode.app/Contents/Developer/Platforms/MacOSX.platform/Developer/SDKs/MacOSX26.1.sdk/usr/include/objc/objc-api.h
/Applications/Xcode.app/Contents/Developer/Toolchains/XcodeDefault.xctoolchain/usr/lib/swift/clang/include/stddef.h
/Applications/Xcode.app/Contents/Developer/Platforms/MacOSX.platform/Developer/SDKs/MacOSX26.1.sdk/usr/include/objc/NSObject.h
/Applications/Xcode.app/Contents/Developer/Platforms/MacOSX.platform/Developer/SDKs/MacOSX26.1.sdk/usr/include/objc/Object.h
/Applications/Xcode.app/Contents/Developer/Toolchains/XcodeDefault.xctoolchain/usr/lib/swift/clang/include/stdarg.h
/Applications/Xcode.app/Contents/Developer/Platforms/MacOSX.platform/Developer/SDKs/MacOSX26.1.sdk/usr/include/objc/objc-runtime.h
/Applications/Xcode.app/Contents/Developer/Platforms/MacOSX.platform/Developer/SDKs/MacOSX26.1.sdk/usr/include/objc/runtime.h
/Applications/Xcode.app/Contents/Developer/Platforms/MacOSX.platform/Developer/SDKs/MacOSX26.1.sdk/usr/include/objc/message.h
/Applications/Xcode.app/Contents/Developer/Platforms/MacOSX.platform/Developer/SDKs/MacOSX26.1.sdk/usr/include/objc/Protocol.h
/Applications/Xcode.app/Contents/Developer/Platforms/MacOSX.platform/Developer/SDKs/MacOSX26.1.sdk/usr/include/objc/hashtable.h
/Applications/Xcode.app/Contents/Developer/Platforms/MacOSX.platform/Developer/SDKs/MacOSX26.1.sdk/usr/include/objc/hashtable2.h
/Applications/Xcode.app/Contents/Developer/Platforms/MacOSX.platform/Developer/SDKs/MacOSX26.1.sdk/usr/include/objc/objc-auto.h
/Applications/Xcode.app/Contents/Developer/Platforms/MacOSX.platform/Developer/SDKs/MacOSX26.1.sdk/usr/include/string.h
/Applications/Xcode.app/Contents/Developer/Platforms/MacOSX.platform/Developer/SDKs/MacOSX26.1.sdk/usr/include/objc/objc-class.h
/Applications/Xcode.app/Contents/Developer/Platforms/MacOSX.platform/Developer/SDKs/MacOSX26.1.sdk/usr/include/objc/objc-exception.h
/Applications/Xcode.app/Contents/Developer/Platforms/MacOSX.platform/Developer/SDKs/MacOSX26.1.sdk/usr/include/objc/objc-load.h
/Applications/Xcode.app/Contents/Developer/Platforms/MacOSX.platform/Developer/SDKs/MacOSX26.1.sdk/usr/include/objc/objc-sync.h
/Applications/Xcode.app/Contents/Developer/Platforms/MacOSX.platform/Developer/SDKs/MacOSX26.1.sdk/SDKSettings.json
/Applications/Xcode.app/Contents/Developer/Toolchains/XcodeDefault.xctoolchain/usr/lib/swift/macosx/prebuilt-modules/26.1/ObjectiveC.swiftmodule/arm64e-apple-macos.swiftmodule
/Applications/Xcode.app/Contents/Developer/Toolchains/XcodeDefault.xctoolchain/usr/lib/swift/macosx/prebuilt-modules/26.1/Observation.swiftmodule/arm64e-apple-macos.swiftmodule
/Applications/Xcode.app/Contents/Developer/Platforms/MacOSX.platform/Developer/SDKs/MacOSX26.1.sdk/System/Library/Frameworks/Security.framework/Headers/Security.apinotes
/Applications/Xcode.app/Contents/Developer/Platforms/MacOSX.platform/Developer/SDKs/MacOSX26.1.sdk/System/Library/Frameworks/Security.framework/Modules/module.modulemap
/Applications/Xcode.app/Contents/Developer/Platforms/MacOSX.platform/Developer/SDKs/MacOSX26.1.sdk/System/Library/Frameworks/Security.framework/Headers/Security.h
/Applications/Xcode.app/Contents/Developer/Platforms/MacOSX.platform/Developer/SDKs/MacOSX26.1.sdk/System/Library/Frameworks/Security.framework/Headers/SecBase.h
/Applications/Xcode.app/Contents/Developer/Platforms/MacOSX.platform/Developer/SDKs/MacOSX26.1.sdk/usr/include/xpc.modulemap
/Applications/Xcode.app/Contents/Developer/Platforms/MacOSX.platform/Developer/SDKs/MacOSX26.1.sdk/usr/include/dispatch.modulemap
/Applications/Xcode.app/Contents/Developer/Platforms/MacOSX.platform/Developer/SDKs/MacOSX26.1.sdk/usr/include/os.modulemap
/Applications/Xcode.app/Contents/Developer/Platforms/MacOSX.platform/Developer/SDKs/MacOSX26.1.sdk/usr/include/Darwin.modulemap
/Applications/Xcode.app/Contents/Developer/Platforms/MacOSX.platform/Developer/SDKs/MacOSX26.1.sdk/usr/include/Darwin_C.modulemap
/Applications/Xcode.app/Contents/Developer/Platforms/MacOSX.platform/Developer/SDKs/MacOSX26.1.sdk/usr/include/Darwin_POSIX.modulemap
/Applications/Xcode.app/Contents/Developer/Platforms/MacOSX.platform/Developer/SDKs/MacOSX26.1.sdk/usr/include/net.modulemap
/Applications/Xcode.app/Contents/Developer/Platforms/MacOSX.platform/Developer/SDKs/MacOSX26.1.sdk/usr/include/netinet.modulemap
/Applications/Xcode.app/Contents/Developer/Platforms/MacOSX.platform/Developer/SDKs/MacOSX26.1.sdk/usr/include/bank.modulemap
/Applications/Xcode.app/Contents/Developer/Platforms/MacOSX.platform/Developer/SDKs/MacOSX26.1.sdk/usr/include/Darwin_Mach.modulemap
/Applications/Xcode.app/Contents/Developer/Platforms/MacOSX.platform/Developer/SDKs/MacOSX26.1.sdk/usr/include/Darwin_Mach_machine.modulemap
/Applications/Xcode.app/Contents/Developer/Platforms/MacOSX.platform/Developer/SDKs/MacOSX26.1.sdk/usr/include/mach_debug.modulemap
/Applications/Xcode.app/Contents/Developer/Platforms/MacOSX.platform/Developer/SDKs/MacOSX26.1.sdk/usr/include/device.modulemap
/Applications/Xcode.app/Contents/Developer/Platforms/MacOSX.platform/Developer/SDKs/MacOSX26.1.sdk/usr/include/Darwin_machine.modulemap
/Applications/Xcode.app/Contents/Developer/Platforms/MacOSX.platform/Developer/SDKs/MacOSX26.1.sdk/usr/include/ncurses.modulemap
/Applications/Xcode.app/Contents/Developer/Platforms/MacOSX.platform/Developer/SDKs/MacOSX26.1.sdk/usr/include/netinet6.modulemap
/Applications/Xcode.app/Contents/Developer/Platforms/MacOSX.platform/Developer/SDKs/MacOSX26.1.sdk/usr/include/Darwin_sys.modulemap
/Applications/Xcode.app/Contents/Developer/Platforms/MacOSX.platform/Developer/SDKs/MacOSX26.1.sdk/usr/include/uuid.modulemap
/Applications/Xcode.app/Contents/Developer/Platforms/MacOSX.platform/Developer/SDKs/MacOSX26.1.sdk/usr/include/DarwinFoundation2.modulemap
/Applications/Xcode.app/Contents/Developer/Platforms/MacOSX.platform/Developer/SDKs/MacOSX26.1.sdk/usr/include/DarwinFoundation3.modulemap
/Applications/Xcode.app/Contents/Developer/Platforms/MacOSX.platform/Developer/SDKs/MacOSX26.1.sdk/usr/include/DarwinFoundation1.modulemap
/Applications/Xcode.app/Contents/Developer/Platforms/MacOSX.platform/Developer/SDKs/MacOSX26.1.sdk/System/Library/Frameworks/CoreFoundation.framework/Modules/module.modulemap
/Applications/Xcode.app/Contents/Developer/Platforms/MacOSX.platform/Developer/SDKs/MacOSX26.1.sdk/System/Library/Frameworks/Security.framework/Headers/SecCertificate.h
/Applications/Xcode.app/Contents/Developer/Platforms/MacOSX.platform/Developer/SDKs/MacOSX26.1.sdk/System/Library/Frameworks/Security.framework/Headers/cssmtype.h
/Applications/Xcode.app/Contents/Developer/Platforms/MacOSX.platform/Developer/SDKs/MacOSX26.1.sdk/System/Library/Frameworks/Security.framework/Headers/cssmconfig.h
/Applications/Xcode.app/Contents/Developer/Toolchains/XcodeDefault.xctoolchain/usr/lib/swift/clang/include/module.modulemap
/Applications/Xcode.app/Contents/Developer/Platforms/MacOSX.platform/Developer/SDKs/MacOSX26.1.sdk/System/Library/Frameworks/Security.framework/Headers/SecAsn1Types.h
/Applications/Xcode.app/Contents/Developer/Platforms/MacOSX.platform/Developer/SDKs/MacOSX26.1.sdk/System/Library/Frameworks/Security.framework/Headers/x509defs.h
/Applications/Xcode.app/Contents/Developer/Platforms/MacOSX.platform/Developer/SDKs/MacOSX26.1.sdk/System/Library/Frameworks/Security.framework/Headers/SecIdentity.h
/Applications/Xcode.app/Contents/Developer/Platforms/MacOSX.platform/Developer/SDKs/MacOSX26.1.sdk/System/Library/Frameworks/Security.framework/Headers/SecAccessControl.h
/Applications/Xcode.app/Contents/Developer/Platforms/MacOSX.platform/Developer/SDKs/MacOSX26.1.sdk/System/Library/Frameworks/Security.framework/Headers/SecItem.h
/Applications/Xcode.app/Contents/Developer/Platforms/MacOSX.platform/Developer/SDKs/MacOSX26.1.sdk/System/Library/Frameworks/Security.framework/Headers/SecKey.h
/Applications/Xcode.app/Contents/Developer/Platforms/MacOSX.platform/Developer/SDKs/MacOSX26.1.sdk/System/Library/Frameworks/Security.framework/Headers/SecAccess.h
/Applications/Xcode.app/Contents/Developer/Platforms/MacOSX.platform/Developer/SDKs/MacOSX26.1.sdk/System/Library/Frameworks/Security.framework/Headers/SecPolicy.h
/Applications/Xcode.app/Contents/Developer/Platforms/MacOSX.platform/Developer/SDKs/MacOSX26.1.sdk/System/Library/Frameworks/Security.framework/Headers/SecRandom.h
/Applications/Xcode.app/Contents/Developer/Platforms/MacOSX.platform/Developer/SDKs/MacOSX26.1.sdk/System/Library/Frameworks/Security.framework/Headers/SecImportExport.h
/Applications/Xcode.app/Contents/Developer/Platforms/MacOSX.platform/Developer/SDKs/MacOSX26.1.sdk/System/Library/Frameworks/Security.framework/Headers/SecKeychain.h
/Applications/Xcode.app/Contents/Developer/Platforms/MacOSX.platform/Developer/SDKs/MacOSX26.1.sdk/System/Library/Frameworks/Security.framework/Headers/cssmapple.h
/Applications/Xcode.app/Contents/Developer/Platforms/MacOSX.platform/Developer/SDKs/MacOSX26.1.sdk/System/Library/Frameworks/Security.framework/Headers/cssmerr.h
/Applications/Xcode.app/Contents/Developer/Platforms/MacOSX.platform/Developer/SDKs/MacOSX26.1.sdk/System/Library/Frameworks/Security.framework/Headers/certextensions.h
/Applications/Xcode.app/Contents/Developer/Platforms/MacOSX.platform/Developer/SDKs/MacOSX26.1.sdk/System/Library/Frameworks/Security.framework/Headers/SecTrust.h
/Applications/Xcode.app/Contents/Developer/Platforms/MacOSX.platform/Developer/SDKs/MacOSX26.1.sdk/System/Library/Frameworks/Security.framework/Headers/SecSharedCredential.h
/Applications/Xcode.app/Contents/Developer/Platforms/MacOSX.platform/Developer/SDKs/MacOSX26.1.sdk/System/Library/Frameworks/Security.framework/Headers/SecProtocolOptions.h
/Applications/Xcode.app/Contents/Developer/Platforms/MacOSX.platform/Developer/SDKs/MacOSX26.1.sdk/System/Library/Frameworks/Security.framework/Headers/SecProtocolObject.h
/Applications/Xcode.app/Contents/Developer/Platforms/MacOSX.platform/Developer/SDKs/MacOSX26.1.sdk/System/Library/Frameworks/Security.framework/Headers/SecProtocolTypes.h
/Applications/Xcode.app/Contents/Developer/Platforms/MacOSX.platform/Developer/SDKs/MacOSX26.1.sdk/System/Library/Frameworks/Security.framework/Headers/CipherSuite.h
/Applications/Xcode.app/Contents/Developer/Platforms/MacOSX.platform/Developer/SDKs/MacOSX26.1.sdk/System/Library/Frameworks/Security.framework/Headers/SecProtocolMetadata.h
/Applications/Xcode.app/Contents/Developer/Platforms/MacOSX.platform/Developer/SDKs/MacOSX26.1.sdk/System/Library/Frameworks/Security.framework/Headers/AuthSession.h
/Applications/Xcode.app/Contents/Developer/Platforms/MacOSX.platform/Developer/SDKs/MacOSX26.1.sdk/System/Library/Frameworks/Security.framework/Headers/Authorization.h
/Applications/Xcode.app/Contents/Developer/Platforms/MacOSX.platform/Developer/SDKs/MacOSX26.1.sdk/usr/include/stdio.h
/Applications/Xcode.app/Contents/Developer/Platforms/MacOSX.platform/Developer/SDKs/MacOSX26.1.sdk/System/Library/Frameworks/Security.framework/Headers/cssm.h
/Applications/Xcode.app/Contents/Developer/Platforms/MacOSX.platform/Developer/SDKs/MacOSX26.1.sdk/System/Library/Frameworks/Security.framework/Headers/emmtype.h
/Applications/Xcode.app/Contents/Developer/Platforms/MacOSX.platform/Developer/SDKs/MacOSX26.1.sdk/System/Library/Frameworks/Security.framework/Headers/cssmapi.h
/Applications/Xcode.app/Contents/Developer/Platforms/MacOSX.platform/Developer/SDKs/MacOSX26.1.sdk/System/Library/Frameworks/Security.framework/Headers/cssmaci.h
/Applications/Xcode.app/Contents/Developer/Platforms/MacOSX.platform/Developer/SDKs/MacOSX26.1.sdk/System/Library/Frameworks/Security.framework/Headers/cssmcli.h
/Applications/Xcode.app/Contents/Developer/Platforms/MacOSX.platform/Developer/SDKs/MacOSX26.1.sdk/System/Library/Frameworks/Security.framework/Headers/cssmcspi.h
/Applications/Xcode.app/Contents/Developer/Platforms/MacOSX.platform/Developer/SDKs/MacOSX26.1.sdk/System/Library/Frameworks/Security.framework/Headers/cssmspi.h
/Applications/Xcode.app/Contents/Developer/Platforms/MacOSX.platform/Developer/SDKs/MacOSX26.1.sdk/System/Library/Frameworks/Security.framework/Headers/cssmdli.h
/Applications/Xcode.app/Contents/Developer/Platforms/MacOSX.platform/Developer/SDKs/MacOSX26.1.sdk/System/Library/Frameworks/Security.framework/Headers/cssmkrapi.h
/Applications/Xcode.app/Contents/Developer/Platforms/MacOSX.platform/Developer/SDKs/MacOSX26.1.sdk/System/Library/Frameworks/Security.framework/Headers/cssmkrspi.h
/Applications/Xcode.app/Contents/Developer/Platforms/MacOSX.platform/Developer/SDKs/MacOSX26.1.sdk/System/Library/Frameworks/Security.framework/Headers/cssmtpi.h
/Applications/Xcode.app/Contents/Developer/Platforms/MacOSX.platform/Developer/SDKs/MacOSX26.1.sdk/System/Library/Frameworks/Security.framework/Headers/emmspi.h
/Applications/Xcode.app/Contents/Developer/Platforms/MacOSX.platform/Developer/SDKs/MacOSX26.1.sdk/System/Library/Frameworks/Security.framework/Headers/mds.h
/Applications/Xcode.app/Contents/Developer/Platforms/MacOSX.platform/Developer/SDKs/MacOSX26.1.sdk/System/Library/Frameworks/Security.framework/Headers/mds_schema.h
/Applications/Xcode.app/Contents/Developer/Platforms/MacOSX.platform/Developer/SDKs/MacOSX26.1.sdk/System/Library/Frameworks/Security.framework/Headers/oidsalg.h
/Applications/Xcode.app/Contents/Developer/Platforms/MacOSX.platform/Developer/SDKs/MacOSX26.1.sdk/System/Library/Frameworks/Security.framework/Headers/oidsattr.h
/Applications/Xcode.app/Contents/Developer/Platforms/MacOSX.platform/Developer/SDKs/MacOSX26.1.sdk/System/Library/Frameworks/Security.framework/Headers/oidsbase.h
/Applications/Xcode.app/Contents/Developer/Platforms/MacOSX.platform/Developer/SDKs/MacOSX26.1.sdk/System/Library/Frameworks/Security.framework/Headers/oidscert.h
/Applications/Xcode.app/Contents/Developer/Platforms/MacOSX.platform/Developer/SDKs/MacOSX26.1.sdk/System/Library/Frameworks/Security.framework/Headers/oidscrl.h
/Applications/Xcode.app/Contents/Developer/Platforms/MacOSX.platform/Developer/SDKs/MacOSX26.1.sdk/System/Library/Frameworks/Security.framework/Headers/SecACL.h
/Applications/Xcode.app/Contents/Developer/Platforms/MacOSX.platform/Developer/SDKs/MacOSX26.1.sdk/System/Library/Frameworks/Security.framework/Headers/SecCertificateOIDs.h
/Applications/Xcode.app/Contents/Developer/Platforms/MacOSX.platform/Developer/SDKs/MacOSX26.1.sdk/System/Library/Frameworks/Security.framework/Headers/SecIdentitySearch.h
/Applications/Xcode.app/Contents/Developer/Platforms/MacOSX.platform/Developer/SDKs/MacOSX26.1.sdk/System/Library/Frameworks/Security.framework/Headers/SecKeychainItem.h
/Applications/Xcode.app/Contents/Developer/Platforms/MacOSX.platform/Developer/SDKs/MacOSX26.1.sdk/System/Library/Frameworks/Security.framework/Headers/SecKeychainSearch.h
/Applications/Xcode.app/Contents/Developer/Platforms/MacOSX.platform/Developer/SDKs/MacOSX26.1.sdk/System/Library/Frameworks/Security.framework/Headers/SecPolicySearch.h
/Applications/Xcode.app/Contents/Developer/Platforms/MacOSX.platform/Developer/SDKs/MacOSX26.1.sdk/System/Library/Frameworks/Security.framework/Headers/SecTrustedApplication.h
/Applications/Xcode.app/Contents/Developer/Platforms/MacOSX.platform/Developer/SDKs/MacOSX26.1.sdk/System/Library/Frameworks/Security.framework/Headers/SecTrustSettings.h
/Applications/Xcode.app/Contents/Developer/Platforms/MacOSX.platform/Developer/SDKs/MacOSX26.1.sdk/System/Library/Frameworks/Security.framework/Headers/SecStaticCode.h
/Applications/Xcode.app/Contents/Developer/Platforms/MacOSX.platform/Developer/SDKs/MacOSX26.1.sdk/System/Library/Frameworks/Security.framework/Headers/CSCommon.h
/Applications/Xcode.app/Contents/Developer/Platforms/MacOSX.platform/Developer/SDKs/MacOSX26.1.sdk/System/Library/Frameworks/Security.framework/Headers/SecCode.h
/Applications/Xcode.app/Contents/Developer/Platforms/MacOSX.platform/Developer/SDKs/MacOSX26.1.sdk/System/Library/Frameworks/Security.framework/Headers/SecCodeHost.h
/Applications/Xcode.app/Contents/Developer/Platforms/MacOSX.platform/Developer/SDKs/MacOSX26.1.sdk/System/Library/Frameworks/Security.framework/Headers/SecRequirement.h
/Applications/Xcode.app/Contents/Developer/Platforms/MacOSX.platform/Developer/SDKs/MacOSX26.1.sdk/System/Library/Frameworks/Security.framework/Headers/SecTask.h
/Applications/Xcode.app/Contents/Developer/Platforms/MacOSX.platform/Developer/SDKs/MacOSX26.1.sdk/System/Library/Frameworks/Security.framework/Headers/AuthorizationTags.h
/Applications/Xcode.app/Contents/Developer/Platforms/MacOSX.platform/Developer/SDKs/MacOSX26.1.sdk/System/Library/Frameworks/Security.framework/Headers/AuthorizationDB.h
/Applications/Xcode.app/Contents/Developer/Platforms/MacOSX.platform/Developer/SDKs/MacOSX26.1.sdk/System/Library/Frameworks/Security.framework/Headers/CMSDecoder.h
/Applications/Xcode.app/Contents/Developer/Platforms/MacOSX.platform/Developer/SDKs/MacOSX26.1.sdk/System/Library/Frameworks/Security.framework/Headers/CMSEncoder.h
/Applications/Xcode.app/Contents/Developer/Platforms/MacOSX.platform/Developer/SDKs/MacOSX26.1.sdk/System/Library/Frameworks/Security.framework/Headers/SecureTransport.h
/Applications/Xcode.app/Contents/Developer/Platforms/MacOSX.platform/Developer/SDKs/MacOSX26.1.sdk/System/Library/Frameworks/Security.framework/Headers/SecTransform.h
/Applications/Xcode.app/Contents/Developer/Platforms/MacOSX.platform/Developer/SDKs/MacOSX26.1.sdk/System/Library/Frameworks/Security.framework/Headers/SecCustomTransform.h
/Applications/Xcode.app/Contents/Developer/Platforms/MacOSX.platform/Developer/SDKs/MacOSX26.1.sdk/System/Library/Frameworks/Security.framework/Headers/SecDecodeTransform.h
/Applications/Xcode.app/Contents/Developer/Platforms/MacOSX.platform/Developer/SDKs/MacOSX26.1.sdk/System/Library/Frameworks/Security.framework/Headers/SecEncodeTransform.h
/Applications/Xcode.app/Contents/Developer/Platforms/MacOSX.platform/Developer/SDKs/MacOSX26.1.sdk/System/Library/Frameworks/Security.framework/Headers/SecDigestTransform.h
/Applications/Xcode.app/Contents/Developer/Platforms/MacOSX.platform/Developer/SDKs/MacOSX26.1.sdk/System/Library/Frameworks/Security.framework/Headers/SecEncryptTransform.h
/Applications/Xcode.app/Contents/Developer/Platforms/MacOSX.platform/Developer/SDKs/MacOSX26.1.sdk/System/Library/Frameworks/Security.framework/Headers/SecSignVerifyTransform.h
/Applications/Xcode.app/Contents/Developer/Platforms/MacOSX.platform/Developer/SDKs/MacOSX26.1.sdk/System/Library/Frameworks/Security.framework/Headers/SecReadTransform.h
/Applications/Xcode.app/Contents/Developer/Platforms/MacOSX.platform/Developer/SDKs/MacOSX26.1.sdk/System/Library/Frameworks/Security.framework/Headers/SecTransformReadTransform.h
/Applications/Xcode.app/Contents/Developer/Platforms/MacOSX.platform/Developer/SDKs/MacOSX26.1.sdk/System/Library/Frameworks/Security.framework/Headers/oids.h
/Applications/Xcode.app/Contents/Developer/Platforms/MacOSX.platform/Developer/SDKs/MacOSX26.1.sdk/usr/include/libDER/module.modulemap
/Applications/Xcode.app/Contents/Developer/Platforms/MacOSX.platform/Developer/SDKs/MacOSX26.1.sdk/usr/include/string.h
/Applications/Xcode.app/Contents/Developer/Platforms/MacOSX.platform/Developer/SDKs/MacOSX26.1.sdk/System/Library/Frameworks/Security.framework/Headers/AuthorizationPlugin.h
/Applications/Xcode.app/Contents/Developer/Platforms/MacOSX.platform/Developer/SDKs/MacOSX26.1.sdk/System/Library/Frameworks/Security.framework/Headers/CodeSigning.h
/Applications/Xcode.app/Contents/Developer/Platforms/MacOSX.platform/Developer/SDKs/MacOSX26.1.sdk/System/Library/Frameworks/Security.framework/Headers/eisl.h
/Applications/Xcode.app/Contents/Developer/Platforms/MacOSX.platform/Developer/SDKs/MacOSX26.1.sdk/System/Library/Frameworks/Security.framework/Headers/SecAsn1Coder.h
/Applications/Xcode.app/Contents/Developer/Platforms/MacOSX.platform/Developer/SDKs/MacOSX26.1.sdk/System/Library/Frameworks/Security.framework/Headers/SecAsn1Templates.h
/Applications/Xcode.app/Contents/Developer/Platforms/MacOSX.platform/Developer/SDKs/MacOSX26.1.sdk/System/Library/Frameworks/Security.framework/Headers/SecureDownload.h
/Applications/Xcode.app/Contents/Developer/Platforms/MacOSX.platform/Developer/SDKs/MacOSX26.1.sdk/SDKSettings.json
/Applications/Xcode.app/Contents/Developer/Toolchains/XcodeDefault.xctoolchain/usr/lib/swift/macosx/prebuilt-modules/26.1/Swift.swiftmodule/arm64e-apple-macos.swiftmodule
/Applications/Xcode.app/Contents/Developer/Toolchains/XcodeDefault.xctoolchain/usr/lib/swift/macosx/prebuilt-modules/26.1/SwiftOnoneSupport.swiftmodule/arm64e-apple-macos.swiftmodule
/Applications/Xcode.app/Contents/Developer/Platforms/MacOSX.platform/Developer/SDKs/MacOSX26.1.sdk/usr/lib/swift/shims/module.modulemap
/Applications/Xcode.app/Contents/Developer/Platforms/MacOSX.platform/Developer/SDKs/MacOSX26.1.sdk/usr/lib/swift/shims/AssertionReporting.h
/Applications/Xcode.app/Contents/Developer/Platforms/MacOSX.platform/Developer/SDKs/MacOSX26.1.sdk/usr/lib/swift/shims/SwiftStdint.h
/Applications/Xcode.app/Contents/Developer/Platforms/MacOSX.platform/Developer/SDKs/MacOSX26.1.sdk/usr/lib/swift/shims/Visibility.h
/Applications/Xcode.app/Contents/Developer/Platforms/MacOSX.platform/Developer/SDKs/MacOSX26.1.sdk/usr/lib/swift/shims/CoreFoundationShims.h
/Applications/Xcode.app/Contents/Developer/Platforms/MacOSX.platform/Developer/SDKs/MacOSX26.1.sdk/usr/lib/swift/shims/ObjCShims.h
/Applications/Xcode.app/Contents/Developer/Platforms/MacOSX.platform/Developer/SDKs/MacOSX26.1.sdk/usr/lib/swift/shims/EmbeddedShims.h
/Applications/Xcode.app/Contents/Developer/Platforms/MacOSX.platform/Developer/SDKs/MacOSX26.1.sdk/usr/lib/swift/shims/SwiftStddef.h
/Applications/Xcode.app/Contents/Developer/Platforms/MacOSX.platform/Developer/SDKs/MacOSX26.1.sdk/usr/lib/swift/shims/FoundationShims.h
/Applications/Xcode.app/Contents/Developer/Platforms/MacOSX.platform/Developer/SDKs/MacOSX26.1.sdk/usr/lib/swift/shims/GlobalObjects.h
/Applications/Xcode.app/Contents/Developer/Platforms/MacOSX.platform/Developer/SDKs/MacOSX26.1.sdk/usr/lib/swift/shims/SwiftStdbool.h
/Applications/Xcode.app/Contents/Developer/Platforms/MacOSX.platform/Developer/SDKs/MacOSX26.1.sdk/usr/lib/swift/shims/HeapObject.h
/Applications/Xcode.app/Contents/Developer/Platforms/MacOSX.platform/Developer/SDKs/MacOSX26.1.sdk/usr/lib/swift/shims/RefCount.h
/Applications/Xcode.app/Contents/Developer/Platforms/MacOSX.platform/Developer/SDKs/MacOSX26.1.sdk/usr/lib/swift/shims/System.h
/Applications/Xcode.app/Contents/Developer/Platforms/MacOSX.platform/Developer/SDKs/MacOSX26.1.sdk/usr/lib/swift/shims/Target.h
/Applications/Xcode.app/Contents/Developer/Platforms/MacOSX.platform/Developer/SDKs/MacOSX26.1.sdk/usr/lib/swift/shims/KeyPath.h
/Applications/Xcode.app/Contents/Developer/Platforms/MacOSX.platform/Developer/SDKs/MacOSX26.1.sdk/usr/lib/swift/shims/LibcShims.h
/Applications/Xcode.app/Contents/Developer/Platforms/MacOSX.platform/Developer/SDKs/MacOSX26.1.sdk/usr/lib/swift/shims/MetadataSections.h
/Applications/Xcode.app/Contents/Developer/Platforms/MacOSX.platform/Developer/SDKs/MacOSX26.1.sdk/usr/lib/swift/shims/Random.h
/Applications/Xcode.app/Contents/Developer/Platforms/MacOSX.platform/Developer/SDKs/MacOSX26.1.sdk/usr/lib/swift/shims/Reflection.h
/Applications/Xcode.app/Contents/Developer/Platforms/MacOSX.platform/Developer/SDKs/MacOSX26.1.sdk/usr/lib/swift/shims/RuntimeShims.h
/Applications/Xcode.app/Contents/Developer/Platforms/MacOSX.platform/Developer/SDKs/MacOSX26.1.sdk/usr/lib/swift/shims/RuntimeStubs.h
/Applications/Xcode.app/Contents/Developer/Platforms/MacOSX.platform/Developer/SDKs/MacOSX26.1.sdk/usr/lib/swift/shims/ThreadLocalStorage.h
/Applications/Xcode.app/Contents/Developer/Platforms/MacOSX.platform/Developer/SDKs/MacOSX26.1.sdk/usr/lib/swift/shims/UnicodeData.h
/Applications/Xcode.app/Contents/Developer/Platforms/MacOSX.platform/Developer/SDKs/MacOSX26.1.sdk/SDKSettings.json
/Applications/Xcode.app/Contents/Developer/Toolchains/XcodeDefault.xctoolchain/usr/lib/swift/macosx/prebuilt-modules/26.1/System.swiftmodule/arm64e-apple-macos.swiftmodule
/Applications/Xcode.app/Contents/Developer/Toolchains/XcodeDefault.xctoolchain/usr/lib/swift/macosx/prebuilt-modules/26.1/XPC.swiftmodule/arm64e-apple-macos.swiftmodule
/Applications/Xcode.app/Contents/Developer/Platforms/MacOSX.platform/Developer/SDKs/MacOSX26.1.sdk/usr/include/XPC.apinotes
/Applications/Xcode.app/Contents/Developer/Platforms/MacOSX.platform/Developer/SDKs/MacOSX26.1.sdk/usr/include/launch.modulemap
/Applications/Xcode.app/Contents/Developer/Platforms/MacOSX.platform/Developer/SDKs/MacOSX26.1.sdk/usr/include/xpc.modulemap
/Applications/Xcode.app/Contents/Developer/Platforms/MacOSX.platform/Developer/SDKs/MacOSX26.1.sdk/usr/include/dispatch.modulemap
/Applications/Xcode.app/Contents/Developer/Platforms/MacOSX.platform/Developer/SDKs/MacOSX26.1.sdk/usr/include/os.modulemap
/Applications/Xcode.app/Contents/Developer/Platforms/MacOSX.platform/Developer/SDKs/MacOSX26.1.sdk/usr/include/Darwin.modulemap
/Applications/Xcode.app/Contents/Developer/Platforms/MacOSX.platform/Developer/SDKs/MacOSX26.1.sdk/usr/include/Darwin_C.modulemap
/Applications/Xcode.app/Contents/Developer/Platforms/MacOSX.platform/Developer/SDKs/MacOSX26.1.sdk/usr/include/Darwin_POSIX.modulemap
/Applications/Xcode.app/Contents/Developer/Platforms/MacOSX.platform/Developer/SDKs/MacOSX26.1.sdk/usr/include/net.modulemap
/Applications/Xcode.app/Contents/Developer/Platforms/MacOSX.platform/Developer/SDKs/MacOSX26.1.sdk/usr/include/netinet.modulemap
/Applications/Xcode.app/Contents/Developer/Platforms/MacOSX.platform/Developer/SDKs/MacOSX26.1.sdk/usr/include/bank.modulemap
/Applications/Xcode.app/Contents/Developer/Platforms/MacOSX.platform/Developer/SDKs/MacOSX26.1.sdk/usr/include/Darwin_Mach.modulemap
/Applications/Xcode.app/Contents/Developer/Platforms/MacOSX.platform/Developer/SDKs/MacOSX26.1.sdk/usr/include/Darwin_Mach_machine.modulemap
/Applications/Xcode.app/Contents/Developer/Platforms/MacOSX.platform/Developer/SDKs/MacOSX26.1.sdk/usr/include/mach_debug.modulemap
/Applications/Xcode.app/Contents/Developer/Platforms/MacOSX.platform/Developer/SDKs/MacOSX26.1.sdk/usr/include/device.modulemap
/Applications/Xcode.app/Contents/Developer/Platforms/MacOSX.platform/Developer/SDKs/MacOSX26.1.sdk/usr/include/Darwin_machine.modulemap
/Applications/Xcode.app/Contents/Developer/Platforms/MacOSX.platform/Developer/SDKs/MacOSX26.1.sdk/usr/include/ncurses.modulemap
/Applications/Xcode.app/Contents/Developer/Platforms/MacOSX.platform/Developer/SDKs/MacOSX26.1.sdk/usr/include/netinet6.modulemap
/Applications/Xcode.app/Contents/Developer/Platforms/MacOSX.platform/Developer/SDKs/MacOSX26.1.sdk/usr/include/Darwin_sys.modulemap
/Applications/Xcode.app/Contents/Developer/Platforms/MacOSX.platform/Developer/SDKs/MacOSX26.1.sdk/usr/include/uuid.modulemap
/Applications/Xcode.app/Contents/Developer/Platforms/MacOSX.platform/Developer/SDKs/MacOSX26.1.sdk/usr/include/DarwinFoundation2.modulemap
/Applications/Xcode.app/Contents/Developer/Platforms/MacOSX.platform/Developer/SDKs/MacOSX26.1.sdk/usr/include/DarwinFoundation3.modulemap
/Applications/Xcode.app/Contents/Developer/Platforms/MacOSX.platform/Developer/SDKs/MacOSX26.1.sdk/usr/include/DarwinFoundation1.modulemap
/Applications/Xcode.app/Contents/Developer/Platforms/MacOSX.platform/Developer/SDKs/MacOSX26.1.sdk/usr/include/xpc/xpc.h
/Applications/Xcode.app/Contents/Developer/Toolchains/XcodeDefault.xctoolchain/usr/lib/swift/clang/include/module.modulemap
/Applications/Xcode.app/Contents/Developer/Toolchains/XcodeDefault.xctoolchain/usr/lib/swift/clang/include/stdarg.h
/Applications/Xcode.app/Contents/Developer/Platforms/MacOSX.platform/Developer/SDKs/MacOSX26.1.sdk/usr/include/stdlib.h
/Applications/Xcode.app/Contents/Developer/Platforms/MacOSX.platform/Developer/SDKs/MacOSX26.1.sdk/usr/include/stdio.h
/Applications/Xcode.app/Contents/Developer/Platforms/MacOSX.platform/Developer/SDKs/MacOSX26.1.sdk/usr/include/string.h
/Applications/Xcode.app/Contents/Developer/Platforms/MacOSX.platform/Developer/SDKs/MacOSX26.1.sdk/usr/include/xpc/base.h
/Applications/Xcode.app/Contents/Developer/Platforms/MacOSX.platform/Developer/SDKs/MacOSX26.1.sdk/usr/include/xpc/availability.h
/Applications/Xcode.app/Contents/Developer/Platforms/MacOSX.platform/Developer/SDKs/MacOSX26.1.sdk/usr/include/xpc/endpoint.h
/Applications/Xcode.app/Contents/Developer/Platforms/MacOSX.platform/Developer/SDKs/MacOSX26.1.sdk/usr/include/xpc/debug.h
/Applications/Xcode.app/Contents/Developer/Platforms/MacOSX.platform/Developer/SDKs/MacOSX26.1.sdk/usr/include/xpc/activity.h
/Applications/Xcode.app/Contents/Developer/Platforms/MacOSX.platform/Developer/SDKs/MacOSX26.1.sdk/usr/include/xpc/peer_requirement.h
/Applications/Xcode.app/Contents/Developer/Platforms/MacOSX.platform/Developer/SDKs/MacOSX26.1.sdk/usr/include/xpc/connection.h
/Applications/Xcode.app/Contents/Developer/Platforms/MacOSX.platform/Developer/SDKs/MacOSX26.1.sdk/usr/include/xpc/rich_error.h
/Applications/Xcode.app/Contents/Developer/Platforms/MacOSX.platform/Developer/SDKs/MacOSX26.1.sdk/usr/include/xpc/session.h
/Applications/Xcode.app/Contents/Developer/Platforms/MacOSX.platform/Developer/SDKs/MacOSX26.1.sdk/usr/include/xpc/listener.h
/Applications/Xcode.app/Contents/Developer/Platforms/MacOSX.platform/Developer/SDKs/MacOSX26.1.sdk/SDKSettings.json
/Applications/Xcode.app/Contents/Developer/Platforms/MacOSX.platform/Developer/SDKs/MacOSX26.1.sdk/usr/include/DarwinFoundation1.modulemap
/Applications/Xcode.app/Contents/Developer/Platforms/MacOSX.platform/Developer/SDKs/MacOSX26.1.sdk/usr/include/AvailabilityInternal.h
/Applications/Xcode.app/Contents/Developer/Platforms/MacOSX.platform/Developer/SDKs/MacOSX26.1.sdk/usr/include/AvailabilityVersions.h
/Applications/Xcode.app/Contents/Developer/Platforms/MacOSX.platform/Developer/SDKs/MacOSX26.1.sdk/usr/include/AvailabilityInternalLegacy.h
/Applications/Xcode.app/Contents/Developer/Platforms/MacOSX.platform/Developer/SDKs/MacOSX26.1.sdk/SDKSettings.json
/Applications/Xcode.app/Contents/Developer/Toolchains/XcodeDefault.xctoolchain/usr/lib/swift/macosx/prebuilt-modules/26.1/_Builtin_float.swiftmodule/arm64e-apple-macos.swiftmodule
/Applications/Xcode.app/Contents/Developer/Toolchains/XcodeDefault.xctoolchain/usr/lib/swift/clang/include/module.modulemap
/Applications/Xcode.app/Contents/Developer/Toolchains/XcodeDefault.xctoolchain/usr/lib/swift/clang/include/float.h
/Applications/Xcode.app/Contents/Developer/Platforms/MacOSX.platform/Developer/SDKs/MacOSX26.1.sdk/SDKSettings.json
/Applications/Xcode.app/Contents/Developer/Toolchains/XcodeDefault.xctoolchain/usr/lib/swift/clang/include/module.modulemap
/Applications/Xcode.app/Contents/Developer/Toolchains/XcodeDefault.xctoolchain/usr/lib/swift/clang/include/inttypes.h
/Applications/Xcode.app/Contents/Developer/Platforms/MacOSX.platform/Developer/SDKs/MacOSX26.1.sdk/usr/include/DarwinFoundation3.modulemap
/Applications/Xcode.app/Contents/Developer/Platforms/MacOSX.platform/Developer/SDKs/MacOSX26.1.sdk/usr/include/inttypes.h
/Applications/Xcode.app/Contents/Developer/Platforms/MacOSX.platform/Developer/SDKs/MacOSX26.1.sdk/SDKSettings.json
/Applications/Xcode.app/Contents/Developer/Toolchains/XcodeDefault.xctoolchain/usr/lib/swift/clang/include/module.modulemap
/Applications/Xcode.app/Contents/Developer/Toolchains/XcodeDefault.xctoolchain/usr/lib/swift/clang/include/limits.h
/Applications/Xcode.app/Contents/Developer/Platforms/MacOSX.platform/Developer/SDKs/MacOSX26.1.sdk/usr/include/DarwinFoundation1.modulemap
/Applications/Xcode.app/Contents/Developer/Platforms/MacOSX.platform/Developer/SDKs/MacOSX26.1.sdk/SDKSettings.json
/Applications/Xcode.app/Contents/Developer/Toolchains/XcodeDefault.xctoolchain/usr/lib/swift/clang/include/module.modulemap
/Applications/Xcode.app/Contents/Developer/Toolchains/XcodeDefault.xctoolchain/usr/lib/swift/clang/include/__stdarg___gnuc_va_list.h
/Applications/Xcode.app/Contents/Developer/Toolchains/XcodeDefault.xctoolchain/usr/lib/swift/clang/include/__stdarg___va_copy.h
/Applications/Xcode.app/Contents/Developer/Toolchains/XcodeDefault.xctoolchain/usr/lib/swift/clang/include/__stdarg_header_macro.h
/Applications/Xcode.app/Contents/Developer/Toolchains/XcodeDefault.xctoolchain/usr/lib/swift/clang/include/__stdarg_va_arg.h
/Applications/Xcode.app/Contents/Developer/Toolchains/XcodeDefault.xctoolchain/usr/lib/swift/clang/include/__stdarg_va_copy.h
/Applications/Xcode.app/Contents/Developer/Toolchains/XcodeDefault.xctoolchain/usr/lib/swift/clang/include/__stdarg_va_list.h
/Applications/Xcode.app/Contents/Developer/Platforms/MacOSX.platform/Developer/SDKs/MacOSX26.1.sdk/SDKSettings.json
/Applications/Xcode.app/Contents/Developer/Toolchains/XcodeDefault.xctoolchain/usr/lib/swift/clang/include/module.modulemap
/Applications/Xcode.app/Contents/Developer/Toolchains/XcodeDefault.xctoolchain/usr/lib/swift/clang/include/stdbool.h
/Applications/Xcode.app/Contents/Developer/Platforms/MacOSX.platform/Developer/SDKs/MacOSX26.1.sdk/SDKSettings.json
/Applications/Xcode.app/Contents/Developer/Toolchains/XcodeDefault.xctoolchain/usr/lib/swift/clang/include/module.modulemap
/Applications/Xcode.app/Contents/Developer/Toolchains/XcodeDefault.xctoolchain/usr/lib/swift/clang/include/__stddef_header_macro.h
/Applications/Xcode.app/Contents/Developer/Toolchains/XcodeDefault.xctoolchain/usr/lib/swift/clang/include/__stddef_max_align_t.h
/Applications/Xcode.app/Contents/Developer/Toolchains/XcodeDefault.xctoolchain/usr/lib/swift/clang/include/__stddef_null.h
/Applications/Xcode.app/Contents/Developer/Toolchains/XcodeDefault.xctoolchain/usr/lib/swift/clang/include/__stddef_nullptr_t.h
/Applications/Xcode.app/Contents/Developer/Toolchains/XcodeDefault.xctoolchain/usr/lib/swift/clang/include/__stddef_offsetof.h
/Applications/Xcode.app/Contents/Developer/Toolchains/XcodeDefault.xctoolchain/usr/lib/swift/clang/include/__stddef_ptrdiff_t.h
/Applications/Xcode.app/Contents/Developer/Toolchains/XcodeDefault.xctoolchain/usr/lib/swift/clang/include/__stddef_rsize_t.h
/Applications/Xcode.app/Contents/Developer/Toolchains/XcodeDefault.xctoolchain/usr/lib/swift/clang/include/__stddef_size_t.h
/Applications/Xcode.app/Contents/Developer/Toolchains/XcodeDefault.xctoolchain/usr/lib/swift/clang/include/__stddef_unreachable.h
/Applications/Xcode.app/Contents/Developer/Toolchains/XcodeDefault.xctoolchain/usr/lib/swift/clang/include/__stddef_wchar_t.h
/Applications/Xcode.app/Contents/Developer/Platforms/MacOSX.platform/Developer/SDKs/MacOSX26.1.sdk/SDKSettings.json
/Applications/Xcode.app/Contents/Developer/Toolchains/XcodeDefault.xctoolchain/usr/lib/swift/clang/include/module.modulemap
/Applications/Xcode.app/Contents/Developer/Toolchains/XcodeDefault.xctoolchain/usr/lib/swift/clang/include/stdint.h
/Applications/Xcode.app/Contents/Developer/Platforms/MacOSX.platform/Developer/SDKs/MacOSX26.1.sdk/usr/include/DarwinFoundation2.modulemap
/Applications/Xcode.app/Contents/Developer/Platforms/MacOSX.platform/Developer/SDKs/MacOSX26.1.sdk/SDKSettings.json
/Applications/Xcode.app/Contents/Developer/Toolchains/XcodeDefault.xctoolchain/usr/lib/swift/macosx/prebuilt-modules/26.1/_Concurrency.swiftmodule/arm64e-apple-macos.swiftmodule
/Applications/Xcode.app/Contents/Developer/Toolchains/XcodeDefault.xctoolchain/usr/lib/swift/macosx/prebuilt-modules/26.1/_DarwinFoundation1.swiftmodule/arm64e-apple-macos.swiftmodule
/Applications/Xcode.app/Contents/Developer/Platforms/MacOSX.platform/Developer/SDKs/MacOSX26.1.sdk/usr/include/DarwinFoundation1.modulemap
/Applications/Xcode.app/Contents/Developer/Platforms/MacOSX.platform/Developer/SDKs/MacOSX26.1.sdk/usr/include/sys/appleapiopts.h
/Applications/Xcode.app/Contents/Developer/Platforms/MacOSX.platform/Developer/SDKs/MacOSX26.1.sdk/usr/include/os/availability.h
/Applications/Xcode.app/Contents/Developer/Platforms/MacOSX.platform/Developer/SDKs/MacOSX26.1.sdk/usr/include/Availability.h
/Applications/Xcode.app/Contents/Developer/Platforms/MacOSX.platform/Developer/SDKs/MacOSX26.1.sdk/usr/include/AvailabilityMacros.h
/Applications/Xcode.app/Contents/Developer/Platforms/MacOSX.platform/Developer/SDKs/MacOSX26.1.sdk/usr/include/TargetConditionals.h
/Applications/Xcode.app/Contents/Developer/Platforms/MacOSX.platform/Developer/SDKs/MacOSX26.1.sdk/usr/include/_bounds.h
/Applications/Xcode.app/Contents/Developer/Platforms/MacOSX.platform/Developer/SDKs/MacOSX26.1.sdk/usr/include/sys/cdefs.h
/Applications/Xcode.app/Contents/Developer/Platforms/MacOSX.platform/Developer/SDKs/MacOSX26.1.sdk/usr/include/sys/_symbol_aliasing.h
/Applications/Xcode.app/Contents/Developer/Platforms/MacOSX.platform/Developer/SDKs/MacOSX26.1.sdk/usr/include/sys/_posix_availability.h
/Applications/Xcode.app/Contents/Developer/Toolchains/XcodeDefault.xctoolchain/usr/lib/swift/clang/include/module.modulemap
/Applications/Xcode.app/Contents/Developer/Platforms/MacOSX.platform/Developer/SDKs/MacOSX26.1.sdk/usr/include/sys/qos.h
/Applications/Xcode.app/Contents/Developer/Platforms/MacOSX.platform/Developer/SDKs/MacOSX26.1.sdk/usr/include/machine/_endian.h
/Applications/Xcode.app/Contents/Developer/Platforms/MacOSX.platform/Developer/SDKs/MacOSX26.1.sdk/usr/include/arm/_endian.h
/Applications/Xcode.app/Contents/Developer/Platforms/MacOSX.platform/Developer/SDKs/MacOSX26.1.sdk/usr/include/sys/__endian.h
/Applications/Xcode.app/Contents/Developer/Platforms/MacOSX.platform/Developer/SDKs/MacOSX26.1.sdk/usr/include/i386/_endian.h
/Applications/Xcode.app/Contents/Developer/Platforms/MacOSX.platform/Developer/SDKs/MacOSX26.1.sdk/usr/include/__xlocale.h
/Applications/Xcode.app/Contents/Developer/Platforms/MacOSX.platform/Developer/SDKs/MacOSX26.1.sdk/usr/include/_mb_cur_max.h
/Applications/Xcode.app/Contents/Developer/Platforms/MacOSX.platform/Developer/SDKs/MacOSX26.1.sdk/usr/include/_types/_locale_t.h
/Applications/Xcode.app/Contents/Developer/Platforms/MacOSX.platform/Developer/SDKs/MacOSX26.1.sdk/usr/include/sys/_types/_u_char.h
/Applications/Xcode.app/Contents/Developer/Platforms/MacOSX.platform/Developer/SDKs/MacOSX26.1.sdk/usr/include/sys/_types/_u_short.h
/Applications/Xcode.app/Contents/Developer/Platforms/MacOSX.platform/Developer/SDKs/MacOSX26.1.sdk/usr/include/sys/_types/_u_int.h
/Applications/Xcode.app/Contents/Developer/Platforms/MacOSX.platform/Developer/SDKs/MacOSX26.1.sdk/usr/include/sys/_types/_u_int8_t.h
/Applications/Xcode.app/Contents/Developer/Platforms/MacOSX.platform/Developer/SDKs/MacOSX26.1.sdk/usr/include/sys/_types/_u_int16_t.h
/Applications/Xcode.app/Contents/Developer/Platforms/MacOSX.platform/Developer/SDKs/MacOSX26.1.sdk/usr/include/sys/_types/_u_int32_t.h
/Applications/Xcode.app/Contents/Developer/Platforms/MacOSX.platform/Developer/SDKs/MacOSX26.1.sdk/usr/include/sys/_types/_u_int64_t.h
/Applications/Xcode.app/Contents/Developer/Platforms/MacOSX.platform/Developer/SDKs/MacOSX26.1.sdk/usr/include/_assert.h
/Applications/Xcode.app/Contents/Developer/Platforms/MacOSX.platform/Developer/SDKs/MacOSX26.1.sdk/usr/include/_static_assert.h
/Applications/Xcode.app/Contents/Developer/Platforms/MacOSX.platform/Developer/SDKs/MacOSX26.1.sdk/usr/include/complex.h
/Applications/Xcode.app/Contents/Developer/Platforms/MacOSX.platform/Developer/SDKs/MacOSX26.1.sdk/usr/include/errno.h
/Applications/Xcode.app/Contents/Developer/Platforms/MacOSX.platform/Developer/SDKs/MacOSX26.1.sdk/usr/include/sys/errno.h
/Applications/Xcode.app/Contents/Developer/Platforms/MacOSX.platform/Developer/SDKs/MacOSX26.1.sdk/usr/include/sys/_types/_errno_t.h
/Applications/Xcode.app/Contents/Developer/Platforms/MacOSX.platform/Developer/SDKs/MacOSX26.1.sdk/usr/include/fenv.h
/Applications/Xcode.app/Contents/Developer/Platforms/MacOSX.platform/Developer/SDKs/MacOSX26.1.sdk/usr/include/limits.h
/Applications/Xcode.app/Contents/Developer/Platforms/MacOSX.platform/Developer/SDKs/MacOSX26.1.sdk/usr/include/machine/limits.h
/Applications/Xcode.app/Contents/Developer/Platforms/MacOSX.platform/Developer/SDKs/MacOSX26.1.sdk/usr/include/arm/limits.h
/Applications/Xcode.app/Contents/Developer/Platforms/MacOSX.platform/Developer/SDKs/MacOSX26.1.sdk/usr/include/arm/_limits.h
/Applications/Xcode.app/Contents/Developer/Platforms/MacOSX.platform/Developer/SDKs/MacOSX26.1.sdk/usr/include/sys/syslimits.h
/Applications/Xcode.app/Contents/Developer/Platforms/MacOSX.platform/Developer/SDKs/MacOSX26.1.sdk/usr/include/i386/limits.h
/Applications/Xcode.app/Contents/Developer/Platforms/MacOSX.platform/Developer/SDKs/MacOSX26.1.sdk/usr/include/machine/_limits.h
/Applications/Xcode.app/Contents/Developer/Platforms/MacOSX.platform/Developer/SDKs/MacOSX26.1.sdk/usr/include/i386/_limits.h
/Applications/Xcode.app/Contents/Developer/Platforms/MacOSX.platform/Developer/SDKs/MacOSX26.1.sdk/usr/include/math.h
/Applications/Xcode.app/Contents/Developer/Platforms/MacOSX.platform/Developer/SDKs/MacOSX26.1.sdk/usr/include/setjmp.h
/Applications/Xcode.app/Contents/Developer/Platforms/MacOSX.platform/Developer/SDKs/MacOSX26.1.sdk/SDKSettings.json
/Applications/Xcode.app/Contents/Developer/Platforms/MacOSX.platform/Developer/SDKs/MacOSX26.1.sdk/usr/include/_DarwinFoundation2.apinotes
/Applications/Xcode.app/Contents/Developer/Platforms/MacOSX.platform/Developer/SDKs/MacOSX26.1.sdk/usr/include/DarwinFoundation2.modulemap
/Applications/Xcode.app/Contents/Developer/Platforms/MacOSX.platform/Developer/SDKs/MacOSX26.1.sdk/usr/include/DarwinFoundation1.modulemap
/Applications/Xcode.app/Contents/Developer/Platforms/MacOSX.platform/Developer/SDKs/MacOSX26.1.sdk/usr/include/nl_types.h
/Applications/Xcode.app/Contents/Developer/Platforms/MacOSX.platform/Developer/SDKs/MacOSX26.1.sdk/usr/include/sys/types.h
/Applications/Xcode.app/Contents/Developer/Platforms/MacOSX.platform/Developer/SDKs/MacOSX26.1.sdk/usr/include/machine/types.h
/Applications/Xcode.app/Contents/Developer/Platforms/MacOSX.platform/Developer/SDKs/MacOSX26.1.sdk/usr/include/arm/types.h
/Applications/Xcode.app/Contents/Developer/Platforms/MacOSX.platform/Developer/SDKs/MacOSX26.1.sdk/usr/include/arm/_types.h
/Applications/Xcode.app/Contents/Developer/Platforms/MacOSX.platform/Developer/SDKs/MacOSX26.1.sdk/usr/include/sys/_types/_ptrdiff_t.h
/Applications/Xcode.app/Contents/Developer/Toolchains/XcodeDefault.xctoolchain/usr/lib/swift/clang/include/module.modulemap
/Applications/Xcode.app/Contents/Developer/Toolchains/XcodeDefault.xctoolchain/usr/lib/swift/clang/include/stddef.h
/Applications/Xcode.app/Contents/Developer/Platforms/MacOSX.platform/Developer/SDKs/MacOSX26.1.sdk/usr/include/sys/_types/_size_t.h
/Applications/Xcode.app/Contents/Developer/Platforms/MacOSX.platform/Developer/SDKs/MacOSX26.1.sdk/usr/include/sys/_types/_va_list.h
/Applications/Xcode.app/Contents/Developer/Toolchains/XcodeDefault.xctoolchain/usr/lib/swift/clang/include/stdarg.h
/Applications/Xcode.app/Contents/Developer/Platforms/MacOSX.platform/Developer/SDKs/MacOSX26.1.sdk/usr/include/sys/_types/_wchar_t.h
/Applications/Xcode.app/Contents/Developer/Platforms/MacOSX.platform/Developer/SDKs/MacOSX26.1.sdk/usr/include/sys/_types/_int8_t.h
/Applications/Xcode.app/Contents/Developer/Platforms/MacOSX.platform/Developer/SDKs/MacOSX26.1.sdk/usr/include/sys/_types/_int16_t.h
/Applications/Xcode.app/Contents/Developer/Platforms/MacOSX.platform/Developer/SDKs/MacOSX26.1.sdk/usr/include/sys/_types/_int32_t.h
/Applications/Xcode.app/Contents/Developer/Platforms/MacOSX.platform/Developer/SDKs/MacOSX26.1.sdk/usr/include/sys/_types/_int64_t.h
/Applications/Xcode.app/Contents/Developer/Platforms/MacOSX.platform/Developer/SDKs/MacOSX26.1.sdk/usr/include/sys/_types/_intptr_t.h
/Applications/Xcode.app/Contents/Developer/Platforms/MacOSX.platform/Developer/SDKs/MacOSX26.1.sdk/usr/include/machine/_types.h
/Applications/Xcode.app/Contents/Developer/Platforms/MacOSX.platform/Developer/SDKs/MacOSX26.1.sdk/usr/include/sys/_types/_uintptr_t.h
/Applications/Xcode.app/Contents/Developer/Platforms/MacOSX.platform/Developer/SDKs/MacOSX26.1.sdk/usr/include/sys/_types.h
/Applications/Xcode.app/Contents/Developer/Platforms/MacOSX.platform/Developer/SDKs/MacOSX26.1.sdk/usr/include/sys/_types/_null.h
/Applications/Xcode.app/Contents/Developer/Platforms/MacOSX.platform/Developer/SDKs/MacOSX26.1.sdk/usr/include/sys/_pthread/_pthread_types.h
/Applications/Xcode.app/Contents/Developer/Platforms/MacOSX.platform/Developer/SDKs/MacOSX26.1.sdk/usr/include/machine/endian.h
/Applications/Xcode.app/Contents/Developer/Platforms/MacOSX.platform/Developer/SDKs/MacOSX26.1.sdk/usr/include/arm/endian.h
/Applications/Xcode.app/Contents/Developer/Platforms/MacOSX.platform/Developer/SDKs/MacOSX26.1.sdk/usr/include/sys/_endian.h
/Applications/Xcode.app/Contents/Developer/Platforms/MacOSX.platform/Developer/SDKs/MacOSX26.1.sdk/usr/include/libkern/_OSByteOrder.h
/Applications/Xcode.app/Contents/Developer/Platforms/MacOSX.platform/Developer/SDKs/MacOSX26.1.sdk/usr/include/libkern/arm/_OSByteOrder.h
/Applications/Xcode.app/Contents/Developer/Platforms/MacOSX.platform/Developer/SDKs/MacOSX26.1.sdk/usr/include/sys/_types/_caddr_t.h
/Applications/Xcode.app/Contents/Developer/Platforms/MacOSX.platform/Developer/SDKs/MacOSX26.1.sdk/usr/include/sys/_types/_dev_t.h
/Applications/Xcode.app/Contents/Developer/Platforms/MacOSX.platform/Developer/SDKs/MacOSX26.1.sdk/usr/include/sys/_types/_blkcnt_t.h
/Applications/Xcode.app/Contents/Developer/Platforms/MacOSX.platform/Developer/SDKs/MacOSX26.1.sdk/usr/include/sys/_types/_blksize_t.h
/Applications/Xcode.app/Contents/Developer/Platforms/MacOSX.platform/Developer/SDKs/MacOSX26.1.sdk/usr/include/sys/_types/_gid_t.h
/Applications/Xcode.app/Contents/Developer/Platforms/MacOSX.platform/Developer/SDKs/MacOSX26.1.sdk/usr/include/sys/_types/_in_addr_t.h
/Applications/Xcode.app/Contents/Developer/Platforms/MacOSX.platform/Developer/SDKs/MacOSX26.1.sdk/usr/include/sys/_types/_in_port_t.h
/Applications/Xcode.app/Contents/Developer/Platforms/MacOSX.platform/Developer/SDKs/MacOSX26.1.sdk/usr/include/sys/_types/_ino_t.h
/Applications/Xcode.app/Contents/Developer/Platforms/MacOSX.platform/Developer/SDKs/MacOSX26.1.sdk/usr/include/sys/_types/_ino64_t.h
/Applications/Xcode.app/Contents/Developer/Platforms/MacOSX.platform/Developer/SDKs/MacOSX26.1.sdk/usr/include/sys/_types/_key_t.h
/Applications/Xcode.app/Contents/Developer/Platforms/MacOSX.platform/Developer/SDKs/MacOSX26.1.sdk/usr/include/sys/_types/_mode_t.h
/Applications/Xcode.app/Contents/Developer/Platforms/MacOSX.platform/Developer/SDKs/MacOSX26.1.sdk/usr/include/sys/_types/_nlink_t.h
/Applications/Xcode.app/Contents/Developer/Platforms/MacOSX.platform/Developer/SDKs/MacOSX26.1.sdk/usr/include/sys/_types/_id_t.h
/Applications/Xcode.app/Contents/Developer/Platforms/MacOSX.platform/Developer/SDKs/MacOSX26.1.sdk/usr/include/sys/_types/_pid_t.h
/Applications/Xcode.app/Contents/Developer/Platforms/MacOSX.platform/Developer/SDKs/MacOSX26.1.sdk/usr/include/sys/_types/_off_t.h
/Applications/Xcode.app/Contents/Developer/Platforms/MacOSX.platform/Developer/SDKs/MacOSX26.1.sdk/usr/include/sys/_types/_uid_t.h
/Applications/Xcode.app/Contents/Developer/Platforms/MacOSX.platform/Developer/SDKs/MacOSX26.1.sdk/usr/include/sys/_types/_clock_t.h
/Applications/Xcode.app/Contents/Developer/Platforms/MacOSX.platform/Developer/SDKs/MacOSX26.1.sdk/usr/include/sys/_types/_ssize_t.h
/Applications/Xcode.app/Contents/Developer/Platforms/MacOSX.platform/Developer/SDKs/MacOSX26.1.sdk/usr/include/sys/_types/_time_t.h
/Applications/Xcode.app/Contents/Developer/Platforms/MacOSX.platform/Developer/SDKs/MacOSX26.1.sdk/usr/include/sys/_types/_useconds_t.h
/Applications/Xcode.app/Contents/Developer/Platforms/MacOSX.platform/Developer/SDKs/MacOSX26.1.sdk/usr/include/sys/_types/_suseconds_t.h
/Applications/Xcode.app/Contents/Developer/Platforms/MacOSX.platform/Developer/SDKs/MacOSX26.1.sdk/usr/include/sys/_types/_rsize_t.h
/Applications/Xcode.app/Contents/Developer/Platforms/MacOSX.platform/Developer/SDKs/MacOSX26.1.sdk/usr/include/sys/_types/_fd_def.h
/Applications/Xcode.app/Contents/Developer/Platforms/MacOSX.platform/Developer/SDKs/MacOSX26.1.sdk/usr/include/sys/_types/_fd_setsize.h
/Applications/Xcode.app/Contents/Developer/Platforms/MacOSX.platform/Developer/SDKs/MacOSX26.1.sdk/usr/include/sys/_types/_fd_set.h
/Applications/Xcode.app/Contents/Developer/Platforms/MacOSX.platform/Developer/SDKs/MacOSX26.1.sdk/usr/include/sys/_types/_fd_clr.h
/Applications/Xcode.app/Contents/Developer/Platforms/MacOSX.platform/Developer/SDKs/MacOSX26.1.sdk/usr/include/sys/_types/_fd_zero.h
/Applications/Xcode.app/Contents/Developer/Platforms/MacOSX.platform/Developer/SDKs/MacOSX26.1.sdk/usr/include/sys/_types/_fd_isset.h
/Applications/Xcode.app/Contents/Developer/Platforms/MacOSX.platform/Developer/SDKs/MacOSX26.1.sdk/usr/include/sys/_types/_fd_copy.h
/Applications/Xcode.app/Contents/Developer/Platforms/MacOSX.platform/Developer/SDKs/MacOSX26.1.sdk/usr/include/sys/_pthread/_pthread_attr_t.h
/Applications/Xcode.app/Contents/Developer/Platforms/MacOSX.platform/Developer/SDKs/MacOSX26.1.sdk/usr/include/sys/_pthread/_pthread_cond_t.h
/Applications/Xcode.app/Contents/Developer/Platforms/MacOSX.platform/Developer/SDKs/MacOSX26.1.sdk/usr/include/sys/_pthread/_pthread_condattr_t.h
/Applications/Xcode.app/Contents/Developer/Platforms/MacOSX.platform/Developer/SDKs/MacOSX26.1.sdk/usr/include/sys/_pthread/_pthread_mutex_t.h
/Applications/Xcode.app/Contents/Developer/Platforms/MacOSX.platform/Developer/SDKs/MacOSX26.1.sdk/usr/include/sys/_pthread/_pthread_mutexattr_t.h
/Applications/Xcode.app/Contents/Developer/Platforms/MacOSX.platform/Developer/SDKs/MacOSX26.1.sdk/usr/include/sys/_pthread/_pthread_once_t.h
/Applications/Xcode.app/Contents/Developer/Platforms/MacOSX.platform/Developer/SDKs/MacOSX26.1.sdk/usr/include/sys/_pthread/_pthread_rwlock_t.h
/Applications/Xcode.app/Contents/Developer/Platforms/MacOSX.platform/Developer/SDKs/MacOSX26.1.sdk/usr/include/sys/_pthread/_pthread_rwlockattr_t.h
/Applications/Xcode.app/Contents/Developer/Platforms/MacOSX.platform/Developer/SDKs/MacOSX26.1.sdk/usr/include/sys/_pthread/_pthread_t.h
/Applications/Xcode.app/Contents/Developer/Platforms/MacOSX.platform/Developer/SDKs/MacOSX26.1.sdk/usr/include/sys/_pthread/_pthread_key_t.h
/Applications/Xcode.app/Contents/Developer/Platforms/MacOSX.platform/Developer/SDKs/MacOSX26.1.sdk/usr/include/sys/_types/_fsblkcnt_t.h
/Applications/Xcode.app/Contents/Developer/Platforms/MacOSX.platform/Developer/SDKs/MacOSX26.1.sdk/usr/include/sys/_types/_fsfilcnt_t.h
/Applications/Xcode.app/Contents/Developer/Platforms/MacOSX.platform/Developer/SDKs/MacOSX26.1.sdk/usr/include/_types.h
/Applications/Xcode.app/Contents/Developer/Platforms/MacOSX.platform/Developer/SDKs/MacOSX26.1.sdk/usr/include/_types/_nl_item.h
/Applications/Xcode.app/Contents/Developer/Platforms/MacOSX.platform/Developer/SDKs/MacOSX26.1.sdk/usr/include/runetype.h
/Applications/Xcode.app/Contents/Developer/Platforms/MacOSX.platform/Developer/SDKs/MacOSX26.1.sdk/usr/include/sys/_types/_ct_rune_t.h
/Applications/Xcode.app/Contents/Developer/Platforms/MacOSX.platform/Developer/SDKs/MacOSX26.1.sdk/usr/include/sys/_types/_rune_t.h
/Applications/Xcode.app/Contents/Developer/Platforms/MacOSX.platform/Developer/SDKs/MacOSX26.1.sdk/usr/include/sys/_types/_wint_t.h
/Applications/Xcode.app/Contents/Developer/Platforms/MacOSX.platform/Developer/SDKs/MacOSX26.1.sdk/usr/include/alloca.h
/Applications/Xcode.app/Contents/Developer/Platforms/MacOSX.platform/Developer/SDKs/MacOSX26.1.sdk/usr/include/i386/endian.h
/Applications/Xcode.app/Contents/Developer/Platforms/MacOSX.platform/Developer/SDKs/MacOSX26.1.sdk/usr/include/libkern/i386/_OSByteOrder.h
/Applications/Xcode.app/Contents/Developer/Platforms/MacOSX.platform/Developer/SDKs/MacOSX26.1.sdk/usr/include/secure/_common.h
/Applications/Xcode.app/Contents/Developer/Platforms/MacOSX.platform/Developer/SDKs/MacOSX26.1.sdk/usr/include/sys/_types/_mach_port_t.h
/Applications/Xcode.app/Contents/Developer/Platforms/MacOSX.platform/Developer/SDKs/MacOSX26.1.sdk/usr/include/sys/_types/_offsetof.h
/Applications/Xcode.app/Contents/Developer/Platforms/MacOSX.platform/Developer/SDKs/MacOSX26.1.sdk/usr/include/_strings.h
/Applications/Xcode.app/Contents/Developer/Platforms/MacOSX.platform/Developer/SDKs/MacOSX26.1.sdk/usr/include/secure/_strings.h
/Applications/Xcode.app/Contents/Developer/Platforms/MacOSX.platform/Developer/SDKs/MacOSX26.1.sdk/usr/include/sys/_types/_timeval.h
/Applications/Xcode.app/Contents/Developer/Platforms/MacOSX.platform/Developer/SDKs/MacOSX26.1.sdk/usr/include/sys/_types/_uuid_t.h
/Applications/Xcode.app/Contents/Developer/Platforms/MacOSX.platform/Developer/SDKs/MacOSX26.1.sdk/usr/include/i386/types.h
/Applications/Xcode.app/Contents/Developer/Platforms/MacOSX.platform/Developer/SDKs/MacOSX26.1.sdk/usr/include/i386/_types.h
/Applications/Xcode.app/Contents/Developer/Platforms/MacOSX.platform/Developer/SDKs/MacOSX26.1.sdk/usr/include/_ctype.h
/Applications/Xcode.app/Contents/Developer/Platforms/MacOSX.platform/Developer/SDKs/MacOSX26.1.sdk/usr/include/xlocale/_ctype.h
/Applications/Xcode.app/Contents/Developer/Platforms/MacOSX.platform/Developer/SDKs/MacOSX26.1.sdk/usr/include/locale.h
/Applications/Xcode.app/Contents/Developer/Platforms/MacOSX.platform/Developer/SDKs/MacOSX26.1.sdk/usr/include/_locale.h
/Applications/Xcode.app/Contents/Developer/Platforms/MacOSX.platform/Developer/SDKs/MacOSX26.1.sdk/usr/include/_locale_posix2008.h
/Applications/Xcode.app/Contents/Developer/Platforms/MacOSX.platform/Developer/SDKs/MacOSX26.1.sdk/usr/include/stdint.h
/Applications/Xcode.app/Contents/Developer/Platforms/MacOSX.platform/Developer/SDKs/MacOSX26.1.sdk/usr/include/_types/_uint8_t.h
/Applications/Xcode.app/Contents/Developer/Platforms/MacOSX.platform/Developer/SDKs/MacOSX26.1.sdk/usr/include/_types/_uint16_t.h
/Applications/Xcode.app/Contents/Developer/Platforms/MacOSX.platform/Developer/SDKs/MacOSX26.1.sdk/usr/include/_types/_uint32_t.h
/Applications/Xcode.app/Contents/Developer/Platforms/MacOSX.platform/Developer/SDKs/MacOSX26.1.sdk/usr/include/_types/_uint64_t.h
/Applications/Xcode.app/Contents/Developer/Platforms/MacOSX.platform/Developer/SDKs/MacOSX26.1.sdk/usr/include/_types/_intmax_t.h
/Applications/Xcode.app/Contents/Developer/Platforms/MacOSX.platform/Developer/SDKs/MacOSX26.1.sdk/usr/include/_types/_uintmax_t.h
/Applications/Xcode.app/Contents/Developer/Platforms/MacOSX.platform/Developer/SDKs/MacOSX26.1.sdk/usr/include/_stdio.h
/Applications/Xcode.app/Contents/Developer/Platforms/MacOSX.platform/Developer/SDKs/MacOSX26.1.sdk/usr/include/sys/stdio.h
/Applications/Xcode.app/Contents/Developer/Platforms/MacOSX.platform/Developer/SDKs/MacOSX26.1.sdk/usr/include/_printf.h
/Applications/Xcode.app/Contents/Developer/Platforms/MacOSX.platform/Developer/SDKs/MacOSX26.1.sdk/usr/include/sys/_types/_seek_set.h
/Applications/Xcode.app/Contents/Developer/Platforms/MacOSX.platform/Developer/SDKs/MacOSX26.1.sdk/usr/include/_ctermid.h
/Applications/Xcode.app/Contents/Developer/Platforms/MacOSX.platform/Developer/SDKs/MacOSX26.1.sdk/usr/include/secure/_stdio.h
/Applications/Xcode.app/Contents/Developer/Platforms/MacOSX.platform/Developer/SDKs/MacOSX26.1.sdk/usr/include/xlocale/_stdio.h
/Applications/Xcode.app/Contents/Developer/Platforms/MacOSX.platform/Developer/SDKs/MacOSX26.1.sdk/usr/include/_string.h
/Applications/Xcode.app/Contents/Developer/Platforms/MacOSX.platform/Developer/SDKs/MacOSX26.1.sdk/usr/include/secure/_string.h
/Applications/Xcode.app/Contents/Developer/Platforms/MacOSX.platform/Developer/SDKs/MacOSX26.1.sdk/usr/include/xlocale/_string.h
/Applications/Xcode.app/Contents/Developer/Platforms/MacOSX.platform/Developer/SDKs/MacOSX26.1.sdk/usr/include/tgmath.h
/Applications/Xcode.app/Contents/Developer/Platforms/MacOSX.platform/Developer/SDKs/MacOSX26.1.sdk/usr/include/_time.h
/Applications/Xcode.app/Contents/Developer/Platforms/MacOSX.platform/Developer/SDKs/MacOSX26.1.sdk/usr/include/sys/_types/_timespec.h
/Applications/Xcode.app/Contents/Developer/Platforms/MacOSX.platform/Developer/SDKs/MacOSX26.1.sdk/usr/include/xlocale/_time.h
/Applications/Xcode.app/Contents/Developer/Platforms/MacOSX.platform/Developer/SDKs/MacOSX26.1.sdk/SDKSettings.json
/Applications/Xcode.app/Contents/Developer/Toolchains/XcodeDefault.xctoolchain/usr/lib/swift/macosx/prebuilt-modules/26.1/_DarwinFoundation2.swiftmodule/arm64e-apple-macos.swiftmodule
/Applications/Xcode.app/Contents/Developer/Toolchains/XcodeDefault.xctoolchain/usr/lib/swift/macosx/prebuilt-modules/26.1/_DarwinFoundation3.swiftmodule/arm64e-apple-macos.swiftmodule
/Applications/Xcode.app/Contents/Developer/Platforms/MacOSX.platform/Developer/SDKs/MacOSX26.1.sdk/usr/include/DarwinFoundation2.modulemap
/Applications/Xcode.app/Contents/Developer/Platforms/MacOSX.platform/Developer/SDKs/MacOSX26.1.sdk/usr/include/DarwinFoundation3.modulemap
/Applications/Xcode.app/Contents/Developer/Platforms/MacOSX.platform/Developer/SDKs/MacOSX26.1.sdk/usr/include/DarwinFoundation1.modulemap
/Applications/Xcode.app/Contents/Developer/Platforms/MacOSX.platform/Developer/SDKs/MacOSX26.1.sdk/usr/include/pthread/pthread.h
/Applications/Xcode.app/Contents/Developer/Platforms/MacOSX.platform/Developer/SDKs/MacOSX26.1.sdk/usr/include/pthread/sched.h
/Applications/Xcode.app/Contents/Developer/Platforms/MacOSX.platform/Developer/SDKs/MacOSX26.1.sdk/usr/include/pthread/pthread_impl.h
/Applications/Xcode.app/Contents/Developer/Platforms/MacOSX.platform/Developer/SDKs/MacOSX26.1.sdk/usr/include/time.h
/Applications/Xcode.app/Contents/Developer/Platforms/MacOSX.platform/Developer/SDKs/MacOSX26.1.sdk/usr/include/pthread/qos.h
/Applications/Xcode.app/Contents/Developer/Platforms/MacOSX.platform/Developer/SDKs/MacOSX26.1.sdk/usr/include/sys/_types/_sigset_t.h
/Applications/Xcode.app/Contents/Developer/Platforms/MacOSX.platform/Developer/SDKs/MacOSX26.1.sdk/usr/include/sys/resource.h
/Applications/Xcode.app/Contents/Developer/Toolchains/XcodeDefault.xctoolchain/usr/lib/swift/clang/include/module.modulemap
/Applications/Xcode.app/Contents/Developer/Platforms/MacOSX.platform/Developer/SDKs/MacOSX26.1.sdk/usr/include/sys/select.h
/Applications/Xcode.app/Contents/Developer/Platforms/MacOSX.platform/Developer/SDKs/MacOSX26.1.sdk/usr/include/sys/_select.h
/Applications/Xcode.app/Contents/Developer/Platforms/MacOSX.platform/Developer/SDKs/MacOSX26.1.sdk/usr/include/sys/wait.h
/Applications/Xcode.app/Contents/Developer/Platforms/MacOSX.platform/Developer/SDKs/MacOSX26.1.sdk/usr/include/sys/signal.h
/Applications/Xcode.app/Contents/Developer/Platforms/MacOSX.platform/Developer/SDKs/MacOSX26.1.sdk/usr/include/machine/signal.h
/Applications/Xcode.app/Contents/Developer/Platforms/MacOSX.platform/Developer/SDKs/MacOSX26.1.sdk/usr/include/arm/signal.h
/Applications/Xcode.app/Contents/Developer/Platforms/MacOSX.platform/Developer/SDKs/MacOSX26.1.sdk/usr/include/machine/_mcontext.h
/Applications/Xcode.app/Contents/Developer/Platforms/MacOSX.platform/Developer/SDKs/MacOSX26.1.sdk/usr/include/arm/_mcontext.h
/Applications/Xcode.app/Contents/Developer/Platforms/MacOSX.platform/Developer/SDKs/MacOSX26.1.sdk/usr/include/mach/machine/_structs.h
/Applications/Xcode.app/Contents/Developer/Platforms/MacOSX.platform/Developer/SDKs/MacOSX26.1.sdk/usr/include/mach/arm/_structs.h
/Applications/Xcode.app/Contents/Developer/Platforms/MacOSX.platform/Developer/SDKs/MacOSX26.1.sdk/usr/include/sys/_types/_sigaltstack.h
/Applications/Xcode.app/Contents/Developer/Platforms/MacOSX.platform/Developer/SDKs/MacOSX26.1.sdk/usr/include/sys/_types/_ucontext.h
/Applications/Xcode.app/Contents/Developer/Platforms/MacOSX.platform/Developer/SDKs/MacOSX26.1.sdk/usr/include/unistd.h
/Applications/Xcode.app/Contents/Developer/Platforms/MacOSX.platform/Developer/SDKs/MacOSX26.1.sdk/usr/include/sys/unistd.h
/Applications/Xcode.app/Contents/Developer/Platforms/MacOSX.platform/Developer/SDKs/MacOSX26.1.sdk/usr/include/sys/_types/_posix_vdisable.h
/Applications/Xcode.app/Contents/Developer/Platforms/MacOSX.platform/Developer/SDKs/MacOSX26.1.sdk/usr/include/gethostuuid.h
/Applications/Xcode.app/Contents/Developer/Platforms/MacOSX.platform/Developer/SDKs/MacOSX26.1.sdk/usr/include/mach/i386/_structs.h
/Applications/Xcode.app/Contents/Developer/Platforms/MacOSX.platform/Developer/SDKs/MacOSX26.1.sdk/usr/include/_inttypes.h
/Applications/Xcode.app/Contents/Developer/Platforms/MacOSX.platform/Developer/SDKs/MacOSX26.1.sdk/usr/include/xlocale/_inttypes.h
/Applications/Xcode.app/Contents/Developer/Toolchains/XcodeDefault.xctoolchain/usr/lib/swift/clang/include/stddef.h
/Applications/Xcode.app/Contents/Developer/Platforms/MacOSX.platform/Developer/SDKs/MacOSX26.1.sdk/usr/include/signal.h
/Applications/Xcode.app/Contents/Developer/Platforms/MacOSX.platform/Developer/SDKs/MacOSX26.1.sdk/usr/include/i386/signal.h
/Applications/Xcode.app/Contents/Developer/Platforms/MacOSX.platform/Developer/SDKs/MacOSX26.1.sdk/usr/include/i386/_mcontext.h
/Applications/Xcode.app/Contents/Developer/Platforms/MacOSX.platform/Developer/SDKs/MacOSX26.1.sdk/usr/include/_stdlib.h
/Applications/Xcode.app/Contents/Developer/Platforms/MacOSX.platform/Developer/SDKs/MacOSX26.1.sdk/usr/include/malloc/_malloc.h
/Applications/Xcode.app/Contents/Developer/Platforms/MacOSX.platform/Developer/SDKs/MacOSX26.1.sdk/usr/include/malloc/_malloc_type.h
/Applications/Xcode.app/Contents/Developer/Platforms/MacOSX.platform/Developer/SDKs/MacOSX26.1.sdk/usr/include/malloc/_ptrcheck.h
/Applications/Xcode.app/Contents/Developer/Platforms/MacOSX.platform/Developer/SDKs/MacOSX26.1.sdk/usr/include/_abort.h
/Applications/Xcode.app/Contents/Developer/Platforms/MacOSX.platform/Developer/SDKs/MacOSX26.1.sdk/usr/include/xlocale/_stdlib.h
/Applications/Xcode.app/Contents/Developer/Platforms/MacOSX.platform/Developer/SDKs/MacOSX26.1.sdk/usr/include/_wchar.h
/Applications/Xcode.app/Contents/Developer/Platforms/MacOSX.platform/Developer/SDKs/MacOSX26.1.sdk/usr/include/sys/_types/_mbstate_t.h
/Applications/Xcode.app/Contents/Developer/Toolchains/XcodeDefault.xctoolchain/usr/lib/swift/clang/include/stdarg.h
/Applications/Xcode.app/Contents/Developer/Platforms/MacOSX.platform/Developer/SDKs/MacOSX26.1.sdk/usr/include/stdio.h
/Applications/Xcode.app/Contents/Developer/Platforms/MacOSX.platform/Developer/SDKs/MacOSX26.1.sdk/usr/include/__wctype.h
/Applications/Xcode.app/Contents/Developer/Platforms/MacOSX.platform/Developer/SDKs/MacOSX26.1.sdk/usr/include/___wctype.h
/Applications/Xcode.app/Contents/Developer/Platforms/MacOSX.platform/Developer/SDKs/MacOSX26.1.sdk/usr/include/_types/_wctype_t.h
/Applications/Xcode.app/Contents/Developer/Platforms/MacOSX.platform/Developer/SDKs/MacOSX26.1.sdk/usr/include/ctype.h
/Applications/Xcode.app/Contents/Developer/Platforms/MacOSX.platform/Developer/SDKs/MacOSX26.1.sdk/usr/include/xlocale/_wchar.h
/Applications/Xcode.app/Contents/Developer/Platforms/MacOSX.platform/Developer/SDKs/MacOSX26.1.sdk/usr/include/_wctype.h
/Applications/Xcode.app/Contents/Developer/Platforms/MacOSX.platform/Developer/SDKs/MacOSX26.1.sdk/usr/include/_types/_wctrans_t.h
/Applications/Xcode.app/Contents/Developer/Platforms/MacOSX.platform/Developer/SDKs/MacOSX26.1.sdk/usr/include/xlocale/_wctype.h
/Applications/Xcode.app/Contents/Developer/Platforms/MacOSX.platform/Developer/SDKs/MacOSX26.1.sdk/usr/include/xlocale/___wctype.h
/Applications/Xcode.app/Contents/Developer/Platforms/MacOSX.platform/Developer/SDKs/MacOSX26.1.sdk/SDKSettings.json
/Applications/Xcode.app/Contents/Developer/Toolchains/XcodeDefault.xctoolchain/usr/lib/swift/macosx/prebuilt-modules/26.1/_StringProcessing.swiftmodule/arm64e-apple-macos.swiftmodule
/Applications/Xcode.app/Contents/Developer/Platforms/MacOSX.platform/Developer/SDKs/MacOSX26.1.sdk/usr/lib/swift/shims/module.modulemap
/Applications/Xcode.app/Contents/Developer/Platforms/MacOSX.platform/Developer/SDKs/MacOSX26.1.sdk/usr/lib/swift/shims/_SwiftConcurrency.h
/Applications/Xcode.app/Contents/Developer/Platforms/MacOSX.platform/Developer/SDKs/MacOSX26.1.sdk/SDKSettings.json
/Applications/Xcode.app/Contents/Developer/Platforms/MacOSX.platform/Developer/SDKs/MacOSX26.1.sdk/usr/include/launch.modulemap
/Applications/Xcode.app/Contents/Developer/Platforms/MacOSX.platform/Developer/SDKs/MacOSX26.1.sdk/usr/include/Darwin.modulemap
/Applications/Xcode.app/Contents/Developer/Platforms/MacOSX.platform/Developer/SDKs/MacOSX26.1.sdk/usr/include/Darwin_C.modulemap
/Applications/Xcode.app/Contents/Developer/Platforms/MacOSX.platform/Developer/SDKs/MacOSX26.1.sdk/usr/include/Darwin_POSIX.modulemap
/Applications/Xcode.app/Contents/Developer/Platforms/MacOSX.platform/Developer/SDKs/MacOSX26.1.sdk/usr/include/net.modulemap
/Applications/Xcode.app/Contents/Developer/Platforms/MacOSX.platform/Developer/SDKs/MacOSX26.1.sdk/usr/include/netinet.modulemap
/Applications/Xcode.app/Contents/Developer/Platforms/MacOSX.platform/Developer/SDKs/MacOSX26.1.sdk/usr/include/bank.modulemap
/Applications/Xcode.app/Contents/Developer/Platforms/MacOSX.platform/Developer/SDKs/MacOSX26.1.sdk/usr/include/Darwin_Mach.modulemap
/Applications/Xcode.app/Contents/Developer/Platforms/MacOSX.platform/Developer/SDKs/MacOSX26.1.sdk/usr/include/Darwin_Mach_machine.modulemap
/Applications/Xcode.app/Contents/Developer/Platforms/MacOSX.platform/Developer/SDKs/MacOSX26.1.sdk/usr/include/mach_debug.modulemap
/Applications/Xcode.app/Contents/Developer/Platforms/MacOSX.platform/Developer/SDKs/MacOSX26.1.sdk/usr/include/device.modulemap
/Applications/Xcode.app/Contents/Developer/Platforms/MacOSX.platform/Developer/SDKs/MacOSX26.1.sdk/usr/include/Darwin_machine.modulemap
/Applications/Xcode.app/Contents/Developer/Platforms/MacOSX.platform/Developer/SDKs/MacOSX26.1.sdk/usr/include/ncurses.modulemap
/Applications/Xcode.app/Contents/Developer/Platforms/MacOSX.platform/Developer/SDKs/MacOSX26.1.sdk/usr/include/netinet6.modulemap
/Applications/Xcode.app/Contents/Developer/Platforms/MacOSX.platform/Developer/SDKs/MacOSX26.1.sdk/usr/include/Darwin_sys.modulemap
/Applications/Xcode.app/Contents/Developer/Platforms/MacOSX.platform/Developer/SDKs/MacOSX26.1.sdk/usr/include/uuid.modulemap
/Applications/Xcode.app/Contents/Developer/Platforms/MacOSX.platform/Developer/SDKs/MacOSX26.1.sdk/usr/include/DarwinFoundation1.modulemap
/Applications/Xcode.app/Contents/Developer/Platforms/MacOSX.platform/Developer/SDKs/MacOSX26.1.sdk/usr/include/launch.h
/Applications/Xcode.app/Contents/Developer/Toolchains/XcodeDefault.xctoolchain/usr/lib/swift/clang/include/module.modulemap
/Applications/Xcode.app/Contents/Developer/Toolchains/XcodeDefault.xctoolchain/usr/lib/swift/clang/include/stddef.h
/Applications/Xcode.app/Contents/Developer/Platforms/MacOSX.platform/Developer/SDKs/MacOSX26.1.sdk/SDKSettings.json
/Applications/Xcode.app/Contents/Developer/Platforms/MacOSX.platform/Developer/SDKs/MacOSX26.1.sdk/usr/include/libDER/module.modulemap
/Applications/Xcode.app/Contents/Developer/Platforms/MacOSX.platform/Developer/SDKs/MacOSX26.1.sdk/usr/include/libDER/DERItem.h
/Applications/Xcode.app/Contents/Developer/Platforms/MacOSX.platform/Developer/SDKs/MacOSX26.1.sdk/usr/include/libDER/libDER_config.h
/Applications/Xcode.app/Contents/Developer/Toolchains/XcodeDefault.xctoolchain/usr/lib/swift/clang/include/module.modulemap
/Applications/Xcode.app/Contents/Developer/Toolchains/XcodeDefault.xctoolchain/usr/lib/swift/clang/include/stddef.h
/Applications/Xcode.app/Contents/Developer/Platforms/MacOSX.platform/Developer/SDKs/MacOSX26.1.sdk/usr/include/DarwinFoundation2.modulemap
/Applications/Xcode.app/Contents/Developer/Platforms/MacOSX.platform/Developer/SDKs/MacOSX26.1.sdk/usr/include/DarwinFoundation1.modulemap
/Applications/Xcode.app/Contents/Developer/Platforms/MacOSX.platform/Developer/SDKs/MacOSX26.1.sdk/usr/include/string.h
/Applications/Xcode.app/Contents/Developer/Platforms/MacOSX.platform/Developer/SDKs/MacOSX26.1.sdk/SDKSettings.json
/Applications/Xcode.app/Contents/Developer/Platforms/MacOSX.platform/Developer/SDKs/MacOSX26.1.sdk/usr/include/libkern.modulemap
/Applications/Xcode.app/Contents/Developer/Platforms/MacOSX.platform/Developer/SDKs/MacOSX26.1.sdk/usr/include/Darwin.modulemap
/Applications/Xcode.app/Contents/Developer/Platforms/MacOSX.platform/Developer/SDKs/MacOSX26.1.sdk/usr/include/Darwin_C.modulemap
/Applications/Xcode.app/Contents/Developer/Platforms/MacOSX.platform/Developer/SDKs/MacOSX26.1.sdk/usr/include/Darwin_POSIX.modulemap
/Applications/Xcode.app/Contents/Developer/Platforms/MacOSX.platform/Developer/SDKs/MacOSX26.1.sdk/usr/include/net.modulemap
/Applications/Xcode.app/Contents/Developer/Platforms/MacOSX.platform/Developer/SDKs/MacOSX26.1.sdk/usr/include/netinet.modulemap
/Applications/Xcode.app/Contents/Developer/Platforms/MacOSX.platform/Developer/SDKs/MacOSX26.1.sdk/usr/include/bank.modulemap
/Applications/Xcode.app/Contents/Developer/Platforms/MacOSX.platform/Developer/SDKs/MacOSX26.1.sdk/usr/include/Darwin_Mach.modulemap
/Applications/Xcode.app/Contents/Developer/Platforms/MacOSX.platform/Developer/SDKs/MacOSX26.1.sdk/usr/include/Darwin_Mach_machine.modulemap
/Applications/Xcode.app/Contents/Developer/Platforms/MacOSX.platform/Developer/SDKs/MacOSX26.1.sdk/usr/include/mach_debug.modulemap
/Applications/Xcode.app/Contents/Developer/Platforms/MacOSX.platform/Developer/SDKs/MacOSX26.1.sdk/usr/include/device.modulemap
/Applications/Xcode.app/Contents/Developer/Platforms/MacOSX.platform/Developer/SDKs/MacOSX26.1.sdk/usr/include/Darwin_machine.modulemap
/Applications/Xcode.app/Contents/Developer/Platforms/MacOSX.platform/Developer/SDKs/MacOSX26.1.sdk/usr/include/ncurses.modulemap
/Applications/Xcode.app/Contents/Developer/Platforms/MacOSX.platform/Developer/SDKs/MacOSX26.1.sdk/usr/include/netinet6.modulemap
/Applications/Xcode.app/Contents/Developer/Platforms/MacOSX.platform/Developer/SDKs/MacOSX26.1.sdk/usr/include/Darwin_sys.modulemap
/Applications/Xcode.app/Contents/Developer/Platforms/MacOSX.platform/Developer/SDKs/MacOSX26.1.sdk/usr/include/uuid.modulemap
/Applications/Xcode.app/Contents/Developer/Platforms/MacOSX.platform/Developer/SDKs/MacOSX26.1.sdk/usr/include/DarwinFoundation1.modulemap
/Applications/Xcode.app/Contents/Developer/Platforms/MacOSX.platform/Developer/SDKs/MacOSX26.1.sdk/usr/include/libkern/OSCacheControl.h
/Applications/Xcode.app/Contents/Developer/Toolchains/XcodeDefault.xctoolchain/usr/lib/swift/clang/include/module.modulemap
/Applications/Xcode.app/Contents/Developer/Toolchains/XcodeDefault.xctoolchain/usr/lib/swift/clang/include/stddef.h
/Applications/Xcode.app/Contents/Developer/Platforms/MacOSX.platform/Developer/SDKs/MacOSX26.1.sdk/usr/include/libkern/OSDebug.h
/Applications/Xcode.app/Contents/Developer/Platforms/MacOSX.platform/Developer/SDKs/MacOSX26.1.sdk/usr/include/libkern/OSReturn.h
/Applications/Xcode.app/Contents/Developer/Platforms/MacOSX.platform/Developer/SDKs/MacOSX26.1.sdk/usr/include/libkern/OSThermalNotification.h
/Applications/Xcode.app/Contents/Developer/Platforms/MacOSX.platform/Developer/SDKs/MacOSX26.1.sdk/usr/include/libkern/OSTypes.h
/Applications/Xcode.app/Contents/Developer/Platforms/MacOSX.platform/Developer/SDKs/MacOSX26.1.sdk/usr/include/libkern/OSKextLib.h
/Applications/Xcode.app/Contents/Developer/Platforms/MacOSX.platform/Developer/SDKs/MacOSX26.1.sdk/SDKSettings.json
/Applications/Xcode.app/Contents/Developer/Platforms/MacOSX.platform/Developer/SDKs/MacOSX26.1.sdk/usr/include/os.modulemap
/Applications/Xcode.app/Contents/Developer/Platforms/MacOSX.platform/Developer/SDKs/MacOSX26.1.sdk/usr/include/ObjectiveC.modulemap
/Applications/Xcode.app/Contents/Developer/Platforms/MacOSX.platform/Developer/SDKs/MacOSX26.1.sdk/usr/include/Darwin.modulemap
/Applications/Xcode.app/Contents/Developer/Platforms/MacOSX.platform/Developer/SDKs/MacOSX26.1.sdk/usr/include/Darwin_C.modulemap
/Applications/Xcode.app/Contents/Developer/Platforms/MacOSX.platform/Developer/SDKs/MacOSX26.1.sdk/usr/include/Darwin_POSIX.modulemap
/Applications/Xcode.app/Contents/Developer/Platforms/MacOSX.platform/Developer/SDKs/MacOSX26.1.sdk/usr/include/net.modulemap
/Applications/Xcode.app/Contents/Developer/Platforms/MacOSX.platform/Developer/SDKs/MacOSX26.1.sdk/usr/include/netinet.modulemap
/Applications/Xcode.app/Contents/Developer/Platforms/MacOSX.platform/Developer/SDKs/MacOSX26.1.sdk/usr/include/bank.modulemap
/Applications/Xcode.app/Contents/Developer/Platforms/MacOSX.platform/Developer/SDKs/MacOSX26.1.sdk/usr/include/Darwin_Mach.modulemap
/Applications/Xcode.app/Contents/Developer/Platforms/MacOSX.platform/Developer/SDKs/MacOSX26.1.sdk/usr/include/Darwin_Mach_machine.modulemap
/Applications/Xcode.app/Contents/Developer/Platforms/MacOSX.platform/Developer/SDKs/MacOSX26.1.sdk/usr/include/mach_debug.modulemap
/Applications/Xcode.app/Contents/Developer/Platforms/MacOSX.platform/Developer/SDKs/MacOSX26.1.sdk/usr/include/device.modulemap
/Applications/Xcode.app/Contents/Developer/Platforms/MacOSX.platform/Developer/SDKs/MacOSX26.1.sdk/usr/include/Darwin_machine.modulemap
/Applications/Xcode.app/Contents/Developer/Platforms/MacOSX.platform/Developer/SDKs/MacOSX26.1.sdk/usr/include/ncurses.modulemap
/Applications/Xcode.app/Contents/Developer/Platforms/MacOSX.platform/Developer/SDKs/MacOSX26.1.sdk/usr/include/netinet6.modulemap
/Applications/Xcode.app/Contents/Developer/Platforms/MacOSX.platform/Developer/SDKs/MacOSX26.1.sdk/usr/include/Darwin_sys.modulemap
/Applications/Xcode.app/Contents/Developer/Platforms/MacOSX.platform/Developer/SDKs/MacOSX26.1.sdk/usr/include/uuid.modulemap
/Applications/Xcode.app/Contents/Developer/Platforms/MacOSX.platform/Developer/SDKs/MacOSX26.1.sdk/usr/include/DarwinFoundation1.modulemap
/Applications/Xcode.app/Contents/Developer/Platforms/MacOSX.platform/Developer/SDKs/MacOSX26.1.sdk/usr/include/os/object.h
/Applications/Xcode.app/Contents/Developer/Platforms/MacOSX.platform/Developer/SDKs/MacOSX26.1.sdk/SDKSettings.json
/Applications/Xcode.app/Contents/Developer/Platforms/MacOSX.platform/Developer/SDKs/MacOSX26.1.sdk/usr/include/os.modulemap
/Applications/Xcode.app/Contents/Developer/Platforms/MacOSX.platform/Developer/SDKs/MacOSX26.1.sdk/usr/include/Darwin.modulemap
/Applications/Xcode.app/Contents/Developer/Platforms/MacOSX.platform/Developer/SDKs/MacOSX26.1.sdk/usr/include/Darwin_C.modulemap
/Applications/Xcode.app/Contents/Developer/Platforms/MacOSX.platform/Developer/SDKs/MacOSX26.1.sdk/usr/include/Darwin_POSIX.modulemap
/Applications/Xcode.app/Contents/Developer/Platforms/MacOSX.platform/Developer/SDKs/MacOSX26.1.sdk/usr/include/net.modulemap
/Applications/Xcode.app/Contents/Developer/Platforms/MacOSX.platform/Developer/SDKs/MacOSX26.1.sdk/usr/include/netinet.modulemap
/Applications/Xcode.app/Contents/Developer/Platforms/MacOSX.platform/Developer/SDKs/MacOSX26.1.sdk/usr/include/bank.modulemap
/Applications/Xcode.app/Contents/Developer/Platforms/MacOSX.platform/Developer/SDKs/MacOSX26.1.sdk/usr/include/Darwin_Mach.modulemap
/Applications/Xcode.app/Contents/Developer/Platforms/MacOSX.platform/Developer/SDKs/MacOSX26.1.sdk/usr/include/Darwin_Mach_machine.modulemap
/Applications/Xcode.app/Contents/Developer/Platforms/MacOSX.platform/Developer/SDKs/MacOSX26.1.sdk/usr/include/mach_debug.modulemap
/Applications/Xcode.app/Contents/Developer/Platforms/MacOSX.platform/Developer/SDKs/MacOSX26.1.sdk/usr/include/device.modulemap
/Applications/Xcode.app/Contents/Developer/Platforms/MacOSX.platform/Developer/SDKs/MacOSX26.1.sdk/usr/include/Darwin_machine.modulemap
/Applications/Xcode.app/Contents/Developer/Platforms/MacOSX.platform/Developer/SDKs/MacOSX26.1.sdk/usr/include/ncurses.modulemap
/Applications/Xcode.app/Contents/Developer/Platforms/MacOSX.platform/Developer/SDKs/MacOSX26.1.sdk/usr/include/netinet6.modulemap
/Applications/Xcode.app/Contents/Developer/Platforms/MacOSX.platform/Developer/SDKs/MacOSX26.1.sdk/usr/include/Darwin_sys.modulemap
/Applications/Xcode.app/Contents/Developer/Platforms/MacOSX.platform/Developer/SDKs/MacOSX26.1.sdk/usr/include/uuid.modulemap
/Applications/Xcode.app/Contents/Developer/Platforms/MacOSX.platform/Developer/SDKs/MacOSX26.1.sdk/usr/include/DarwinFoundation2.modulemap
/Applications/Xcode.app/Contents/Developer/Platforms/MacOSX.platform/Developer/SDKs/MacOSX26.1.sdk/usr/include/DarwinFoundation3.modulemap
/Applications/Xcode.app/Contents/Developer/Platforms/MacOSX.platform/Developer/SDKs/MacOSX26.1.sdk/usr/include/DarwinFoundation1.modulemap
/Applications/Xcode.app/Contents/Developer/Platforms/MacOSX.platform/Developer/SDKs/MacOSX26.1.sdk/usr/include/os/workgroup.h
/Applications/Xcode.app/Contents/Developer/Platforms/MacOSX.platform/Developer/SDKs/MacOSX26.1.sdk/usr/include/os/workgroup_base.h
/Applications/Xcode.app/Contents/Developer/Toolchains/XcodeDefault.xctoolchain/usr/lib/swift/clang/include/module.modulemap
/Applications/Xcode.app/Contents/Developer/Toolchains/XcodeDefault.xctoolchain/usr/lib/swift/clang/include/stddef.h
/Applications/Xcode.app/Contents/Developer/Platforms/MacOSX.platform/Developer/SDKs/MacOSX26.1.sdk/usr/include/string.h
/Applications/Xcode.app/Contents/Developer/Platforms/MacOSX.platform/Developer/SDKs/MacOSX26.1.sdk/usr/include/stdlib.h
/Applications/Xcode.app/Contents/Developer/Platforms/MacOSX.platform/Developer/SDKs/MacOSX26.1.sdk/usr/include/os/workgroup_object.h
/Applications/Xcode.app/Contents/Developer/Platforms/MacOSX.platform/Developer/SDKs/MacOSX26.1.sdk/usr/include/os/workgroup_interval.h
/Applications/Xcode.app/Contents/Developer/Platforms/MacOSX.platform/Developer/SDKs/MacOSX26.1.sdk/usr/include/os/workgroup_parallel.h
/Applications/Xcode.app/Contents/Developer/Platforms/MacOSX.platform/Developer/SDKs/MacOSX26.1.sdk/SDKSettings.json
/Applications/Xcode.app/Contents/Developer/Toolchains/XcodeDefault.xctoolchain/usr/lib/swift/clang/include/module.modulemap
/Applications/Xcode.app/Contents/Developer/Toolchains/XcodeDefault.xctoolchain/usr/lib/swift/clang/include/ptrauth.h
/Applications/Xcode.app/Contents/Developer/Platforms/MacOSX.platform/Developer/SDKs/MacOSX26.1.sdk/SDKSettings.json
/Applications/Xcode.app/Contents/Developer/Toolchains/XcodeDefault.xctoolchain/usr/lib/swift/clang/include/module.modulemap
/Applications/Xcode.app/Contents/Developer/Toolchains/XcodeDefault.xctoolchain/usr/lib/swift/clang/include/ptrcheck.h
/Applications/Xcode.app/Contents/Developer/Platforms/MacOSX.platform/Developer/SDKs/MacOSX26.1.sdk/SDKSettings.json
/Applications/Xcode.app/Contents/Developer/Platforms/MacOSX.platform/Developer/SDKs/MacOSX26.1.sdk/usr/include/DarwinFoundation2.modulemap
/Applications/Xcode.app/Contents/Developer/Platforms/MacOSX.platform/Developer/SDKs/MacOSX26.1.sdk/usr/include/_modules/_sys_types.h
/Applications/Xcode.app/Contents/Developer/Platforms/MacOSX.platform/Developer/SDKs/MacOSX26.1.sdk/SDKSettings.json

SwiftDriverJobDiscovery normal arm64 Compiling Parser.XML.swift, TextOutputStream+StandardError.swift (in target 'SwiftDrawDOM' from project 'SwiftDraw')

SwiftCompile normal arm64 Compiling\ Parser.XML.Pattern.swift,\ Parser.XML.RadialGradient.swift /Users/rogerlin/Library/Developer/Xcode/DerivedData/FinancialCalculatorKit-ackorybalcxbfocbkqsfdzcfkgmn/SourcePackages/checkouts/SwiftDraw/DOM/Sources/Parser.XML.Pattern.swift /Users/rogerlin/Library/Developer/Xcode/DerivedData/FinancialCalculatorKit-ackorybalcxbfocbkqsfdzcfkgmn/SourcePackages/checkouts/SwiftDraw/DOM/Sources/Parser.XML.RadialGradient.swift (in target 'SwiftDrawDOM' from project 'SwiftDraw')
/Applications/Xcode.app/Contents/Developer/Toolchains/XcodeDefault.xctoolchain/usr/bin/swift-frontend -frontend -c /Users/rogerlin/Library/Developer/Xcode/DerivedData/FinancialCalculatorKit-ackorybalcxbfocbkqsfdzcfkgmn/SourcePackages/checkouts/SwiftDraw/DOM/Sources/DOM+Extensions.swift /Users/rogerlin/Library/Developer/Xcode/DerivedData/FinancialCalculatorKit-ackorybalcxbfocbkqsfdzcfkgmn/SourcePackages/checkouts/SwiftDraw/DOM/Sources/DOM.Color.swift /Users/rogerlin/Library/Developer/Xcode/DerivedData/FinancialCalculatorKit-ackorybalcxbfocbkqsfdzcfkgmn/SourcePackages/checkouts/SwiftDraw/DOM/Sources/DOM.Element.swift /Users/rogerlin/Library/Developer/Xcode/DerivedData/FinancialCalculatorKit-ackorybalcxbfocbkqsfdzcfkgmn/SourcePackages/checkouts/SwiftDraw/DOM/Sources/DOM.Filter.swift /Users/rogerlin/Library/Developer/Xcode/DerivedData/FinancialCalculatorKit-ackorybalcxbfocbkqsfdzcfkgmn/SourcePackages/checkouts/SwiftDraw/DOM/Sources/DOM.Image.swift /Users/rogerlin/Library/Developer/Xcode/DerivedData/FinancialCalculatorKit-ackorybalcxbfocbkqsfdzcfkgmn/SourcePackages/checkouts/SwiftDraw/DOM/Sources/DOM.LinearGradient.swift /Users/rogerlin/Library/Developer/Xcode/DerivedData/FinancialCalculatorKit-ackorybalcxbfocbkqsfdzcfkgmn/SourcePackages/checkouts/SwiftDraw/DOM/Sources/DOM.Path.swift /Users/rogerlin/Library/Developer/Xcode/DerivedData/FinancialCalculatorKit-ackorybalcxbfocbkqsfdzcfkgmn/SourcePackages/checkouts/SwiftDraw/DOM/Sources/DOM.Pattern.swift /Users/rogerlin/Library/Developer/Xcode/DerivedData/FinancialCalculatorKit-ackorybalcxbfocbkqsfdzcfkgmn/SourcePackages/checkouts/SwiftDraw/DOM/Sources/DOM.PresentationAttributes.swift /Users/rogerlin/Library/Developer/Xcode/DerivedData/FinancialCalculatorKit-ackorybalcxbfocbkqsfdzcfkgmn/SourcePackages/checkouts/SwiftDraw/DOM/Sources/DOM.RadialGradient.swift /Users/rogerlin/Library/Developer/Xcode/DerivedData/FinancialCalculatorKit-ackorybalcxbfocbkqsfdzcfkgmn/SourcePackages/checkouts/SwiftDraw/DOM/Sources/DOM.SVG+Parse.swift /Users/rogerlin/Library/Developer/Xcode/DerivedData/FinancialCalculatorKit-ackorybalcxbfocbkqsfdzcfkgmn/SourcePackages/checkouts/SwiftDraw/DOM/Sources/DOM.SVG.swift /Users/rogerlin/Library/Developer/Xcode/DerivedData/FinancialCalculatorKit-ackorybalcxbfocbkqsfdzcfkgmn/SourcePackages/checkouts/SwiftDraw/DOM/Sources/DOM.Switch.swift /Users/rogerlin/Library/Developer/Xcode/DerivedData/FinancialCalculatorKit-ackorybalcxbfocbkqsfdzcfkgmn/SourcePackages/checkouts/SwiftDraw/DOM/Sources/DOM.Text.swift /Users/rogerlin/Library/Developer/Xcode/DerivedData/FinancialCalculatorKit-ackorybalcxbfocbkqsfdzcfkgmn/SourcePackages/checkouts/SwiftDraw/DOM/Sources/DOM.Use.swift /Users/rogerlin/Library/Developer/Xcode/DerivedData/FinancialCalculatorKit-ackorybalcxbfocbkqsfdzcfkgmn/SourcePackages/checkouts/SwiftDraw/DOM/Sources/DOM.swift /Users/rogerlin/Library/Developer/Xcode/DerivedData/FinancialCalculatorKit-ackorybalcxbfocbkqsfdzcfkgmn/SourcePackages/checkouts/SwiftDraw/DOM/Sources/Parser.XML.Attributes.swift /Users/rogerlin/Library/Developer/Xcode/DerivedData/FinancialCalculatorKit-ackorybalcxbfocbkqsfdzcfkgmn/SourcePackages/checkouts/SwiftDraw/DOM/Sources/Parser.XML.Color.swift /Users/rogerlin/Library/Developer/Xcode/DerivedData/FinancialCalculatorKit-ackorybalcxbfocbkqsfdzcfkgmn/SourcePackages/checkouts/SwiftDraw/DOM/Sources/Parser.XML.Element.swift /Users/rogerlin/Library/Developer/Xcode/DerivedData/FinancialCalculatorKit-ackorybalcxbfocbkqsfdzcfkgmn/SourcePackages/checkouts/SwiftDraw/DOM/Sources/Parser.XML.Filter.swift /Users/rogerlin/Library/Developer/Xcode/DerivedData/FinancialCalculatorKit-ackorybalcxbfocbkqsfdzcfkgmn/SourcePackages/checkouts/SwiftDraw/DOM/Sources/Parser.XML.Image.swift /Users/rogerlin/Library/Developer/Xcode/DerivedData/FinancialCalculatorKit-ackorybalcxbfocbkqsfdzcfkgmn/SourcePackages/checkouts/SwiftDraw/DOM/Sources/Parser.XML.LinearGradient.swift /Users/rogerlin/Library/Developer/Xcode/DerivedData/FinancialCalculatorKit-ackorybalcxbfocbkqsfdzcfkgmn/SourcePackages/checkouts/SwiftDraw/DOM/Sources/Parser.XML.Path.swift -primary-file /Users/rogerlin/Library/Developer/Xcode/DerivedData/FinancialCalculatorKit-ackorybalcxbfocbkqsfdzcfkgmn/SourcePackages/checkouts/SwiftDraw/DOM/Sources/Parser.XML.Pattern.swift -primary-file /Users/rogerlin/Library/Developer/Xcode/DerivedData/FinancialCalculatorKit-ackorybalcxbfocbkqsfdzcfkgmn/SourcePackages/checkouts/SwiftDraw/DOM/Sources/Parser.XML.RadialGradient.swift /Users/rogerlin/Library/Developer/Xcode/DerivedData/FinancialCalculatorKit-ackorybalcxbfocbkqsfdzcfkgmn/SourcePackages/checkouts/SwiftDraw/DOM/Sources/Parser.XML.SVG.swift /Users/rogerlin/Library/Developer/Xcode/DerivedData/FinancialCalculatorKit-ackorybalcxbfocbkqsfdzcfkgmn/SourcePackages/checkouts/SwiftDraw/DOM/Sources/Parser.XML.Scanner.swift /Users/rogerlin/Library/Developer/Xcode/DerivedData/FinancialCalculatorKit-ackorybalcxbfocbkqsfdzcfkgmn/SourcePackages/checkouts/SwiftDraw/DOM/Sources/Parser.XML.StyleSheet.swift /Users/rogerlin/Library/Developer/Xcode/DerivedData/FinancialCalculatorKit-ackorybalcxbfocbkqsfdzcfkgmn/SourcePackages/checkouts/SwiftDraw/DOM/Sources/Parser.XML.Text.swift /Users/rogerlin/Library/Developer/Xcode/DerivedData/FinancialCalculatorKit-ackorybalcxbfocbkqsfdzcfkgmn/SourcePackages/checkouts/SwiftDraw/DOM/Sources/Parser.XML.Transform.swift /Users/rogerlin/Library/Developer/Xcode/DerivedData/FinancialCalculatorKit-ackorybalcxbfocbkqsfdzcfkgmn/SourcePackages/checkouts/SwiftDraw/DOM/Sources/Parser.XML.Use.swift /Users/rogerlin/Library/Developer/Xcode/DerivedData/FinancialCalculatorKit-ackorybalcxbfocbkqsfdzcfkgmn/SourcePackages/checkouts/SwiftDraw/DOM/Sources/Parser.XML.swift /Users/rogerlin/Library/Developer/Xcode/DerivedData/FinancialCalculatorKit-ackorybalcxbfocbkqsfdzcfkgmn/SourcePackages/checkouts/SwiftDraw/DOM/Sources/TextOutputStream+StandardError.swift /Users/rogerlin/Library/Developer/Xcode/DerivedData/FinancialCalculatorKit-ackorybalcxbfocbkqsfdzcfkgmn/SourcePackages/checkouts/SwiftDraw/DOM/Sources/URL+Data.swift /Users/rogerlin/Library/Developer/Xcode/DerivedData/FinancialCalculatorKit-ackorybalcxbfocbkqsfdzcfkgmn/SourcePackages/checkouts/SwiftDraw/DOM/Sources/URL+Fragment.swift /Users/rogerlin/Library/Developer/Xcode/DerivedData/FinancialCalculatorKit-ackorybalcxbfocbkqsfdzcfkgmn/SourcePackages/checkouts/SwiftDraw/DOM/Sources/XML.Element.swift /Users/rogerlin/Library/Developer/Xcode/DerivedData/FinancialCalculatorKit-ackorybalcxbfocbkqsfdzcfkgmn/SourcePackages/checkouts/SwiftDraw/DOM/Sources/XML.SAXParser.swift -emit-dependencies-path /Users/rogerlin/Library/Developer/Xcode/DerivedData/FinancialCalculatorKit-ackorybalcxbfocbkqsfdzcfkgmn/Build/Intermediates.noindex/SwiftDraw.build/Debug/SwiftDrawDOM.build/Objects-normal/arm64/Parser.XML.Pattern.d -emit-const-values-path /Users/rogerlin/Library/Developer/Xcode/DerivedData/FinancialCalculatorKit-ackorybalcxbfocbkqsfdzcfkgmn/Build/Intermediates.noindex/SwiftDraw.build/Debug/SwiftDrawDOM.build/Objects-normal/arm64/Parser.XML.Pattern.swiftconstvalues -emit-reference-dependencies-path /Users/rogerlin/Library/Developer/Xcode/DerivedData/FinancialCalculatorKit-ackorybalcxbfocbkqsfdzcfkgmn/Build/Intermediates.noindex/SwiftDraw.build/Debug/SwiftDrawDOM.build/Objects-normal/arm64/Parser.XML.Pattern.swiftdeps -serialize-diagnostics-path /Users/rogerlin/Library/Developer/Xcode/DerivedData/FinancialCalculatorKit-ackorybalcxbfocbkqsfdzcfkgmn/Build/Intermediates.noindex/SwiftDraw.build/Debug/SwiftDrawDOM.build/Objects-normal/arm64/Parser.XML.Pattern.dia -emit-dependencies-path /Users/rogerlin/Library/Developer/Xcode/DerivedData/FinancialCalculatorKit-ackorybalcxbfocbkqsfdzcfkgmn/Build/Intermediates.noindex/SwiftDraw.build/Debug/SwiftDrawDOM.build/Objects-normal/arm64/Parser.XML.RadialGradient.d -emit-const-values-path /Users/rogerlin/Library/Developer/Xcode/DerivedData/FinancialCalculatorKit-ackorybalcxbfocbkqsfdzcfkgmn/Build/Intermediates.noindex/SwiftDraw.build/Debug/SwiftDrawDOM.build/Objects-normal/arm64/Parser.XML.RadialGradient.swiftconstvalues -emit-reference-dependencies-path /Users/rogerlin/Library/Developer/Xcode/DerivedData/FinancialCalculatorKit-ackorybalcxbfocbkqsfdzcfkgmn/Build/Intermediates.noindex/SwiftDraw.build/Debug/SwiftDrawDOM.build/Objects-normal/arm64/Parser.XML.RadialGradient.swiftdeps -serialize-diagnostics-path /Users/rogerlin/Library/Developer/Xcode/DerivedData/FinancialCalculatorKit-ackorybalcxbfocbkqsfdzcfkgmn/Build/Intermediates.noindex/SwiftDraw.build/Debug/SwiftDrawDOM.build/Objects-normal/arm64/Parser.XML.RadialGradient.dia -target arm64-apple-macos10.15 -module-can-import-version Darwin 347.40.2 0 -load-resolved-plugin /Applications/Xcode.app/Contents/Developer/Platforms/MacOSX.platform/Developer/usr/lib/swift/host/plugins/libFoundationMacros.dylib\#/Applications/Xcode.app/Contents/Developer/Platforms/MacOSX.platform/Developer/usr/bin/swift-plugin-server\#FoundationMacros -load-resolved-plugin /Applications/Xcode.app/Contents/Developer/Platforms/MacOSX.platform/Developer/usr/lib/swift/host/plugins/libObservationMacros.dylib\#/Applications/Xcode.app/Contents/Developer/Platforms/MacOSX.platform/Developer/usr/bin/swift-plugin-server\#ObservationMacros -load-resolved-plugin /Applications/Xcode.app/Contents/Developer/Platforms/MacOSX.platform/Developer/usr/lib/swift/host/plugins/libSwiftMacros.dylib\#/Applications/Xcode.app/Contents/Developer/Platforms/MacOSX.platform/Developer/usr/bin/swift-plugin-server\#SwiftMacros -disable-implicit-swift-modules -Xcc -fno-implicit-modules -Xcc -fno-implicit-module-maps -explicit-swift-module-map-file /Users/rogerlin/Library/Developer/Xcode/DerivedData/FinancialCalculatorKit-ackorybalcxbfocbkqsfdzcfkgmn/Build/Intermediates.noindex/SwiftDraw.build/Debug/SwiftDrawDOM.build/Objects-normal/arm64/SwiftDrawDOM-dependencies-1.json -Xllvm -aarch64-use-tbi -enable-objc-interop -stack-check -sdk /Applications/Xcode.app/Contents/Developer/Platforms/MacOSX.platform/Developer/SDKs/MacOSX26.1.sdk -I /Users/rogerlin/Library/Developer/Xcode/DerivedData/FinancialCalculatorKit-ackorybalcxbfocbkqsfdzcfkgmn/Build/Products/Debug -Isystem /Applications/Xcode.app/Contents/Developer/Platforms/MacOSX.platform/Developer/usr/lib -F /Users/rogerlin/Library/Developer/Xcode/DerivedData/FinancialCalculatorKit-ackorybalcxbfocbkqsfdzcfkgmn/Build/Products/Debug -F /Applications/Xcode.app/Contents/Developer/Platforms/MacOSX.platform/Developer/Library/Frameworks -no-color-diagnostics -Xcc -fno-color-diagnostics -enable-testing -g -debug-info-format\=dwarf -dwarf-version\=4 -module-cache-path /Users/rogerlin/Library/Developer/Xcode/DerivedData/FinancialCalculatorKit-ackorybalcxbfocbkqsfdzcfkgmn/Build/Intermediates.noindex/SwiftExplicitPrecompiledModules -suppress-warnings -profile-generate -profile-coverage-mapping -swift-version 6 -enforce-exclusivity\=checked -Onone -D SWIFT_PACKAGE -D DEBUG -D SWIFT_MODULE_RESOURCE_BUNDLE_UNAVAILABLE -D Xcode -serialize-debugging-options -const-gather-protocols-file /Users/rogerlin/Library/Developer/Xcode/DerivedData/FinancialCalculatorKit-ackorybalcxbfocbkqsfdzcfkgmn/Build/Intermediates.noindex/SwiftDraw.build/Debug/SwiftDrawDOM.build/Objects-normal/arm64/SwiftDrawDOM_const_extract_protocols.json -enable-experimental-feature DebugDescriptionMacro -empty-abi-descriptor -user-module-version 0.22.0 -validate-clang-modules-once -clang-build-session-file /Users/rogerlin/Library/Developer/Xcode/DerivedData/ModuleCache.noindex/Session.modulevalidation -Xcc -working-directory -Xcc /Users/rogerlin/XCode-Projects/FinancialCalculatorKit-5.0-updated-accent-colors/FinancialCalculatorKit.xcodeproj -enable-anonymous-context-mangled-names -file-compilation-dir /Users/rogerlin/XCode-Projects/FinancialCalculatorKit-5.0-updated-accent-colors/FinancialCalculatorKit.xcodeproj -Xcc -D_LIBCPP_HARDENING_MODE\=_LIBCPP_HARDENING_MODE_DEBUG -Xcc -ivfsstatcache -Xcc /Users/rogerlin/Library/Developer/Xcode/DerivedData/SDKStatCaches.noindex/macosx26.1-25B74-3ae1261907bdadc328169391a47051a6.sdkstatcache -Xcc -I/Users/rogerlin/Library/Developer/Xcode/DerivedData/FinancialCalculatorKit-ackorybalcxbfocbkqsfdzcfkgmn/Build/Intermediates.noindex/SwiftDraw.build/Debug/SwiftDrawDOM.build/swift-overrides.hmap -Xcc -I/Users/rogerlin/Library/Developer/Xcode/DerivedData/FinancialCalculatorKit-ackorybalcxbfocbkqsfdzcfkgmn/Build/Products/Debug/include -Xcc -I/Users/rogerlin/Library/Developer/Xcode/DerivedData/FinancialCalculatorKit-ackorybalcxbfocbkqsfdzcfkgmn/Build/Intermediates.noindex/SwiftDraw.build/Debug/SwiftDrawDOM.build/DerivedSources-normal/arm64 -Xcc -I/Users/rogerlin/Library/Developer/Xcode/DerivedData/FinancialCalculatorKit-ackorybalcxbfocbkqsfdzcfkgmn/Build/Intermediates.noindex/SwiftDraw.build/Debug/SwiftDrawDOM.build/DerivedSources/arm64 -Xcc -I/Users/rogerlin/Library/Developer/Xcode/DerivedData/FinancialCalculatorKit-ackorybalcxbfocbkqsfdzcfkgmn/Build/Intermediates.noindex/SwiftDraw.build/Debug/SwiftDrawDOM.build/DerivedSources -Xcc -DSWIFT_PACKAGE -Xcc -DDEBUG\=1 -no-auto-bridging-header-chaining -module-name SwiftDrawDOM -package-name swiftdraw -frontend-parseable-output -disable-clang-spi -target-sdk-version 26.1 -target-sdk-name macosx26.1 -clang-target arm64-apple-macos26.1 -in-process-plugin-server-path /Applications/Xcode.app/Contents/Developer/Toolchains/XcodeDefault.xctoolchain/usr/lib/swift/host/libSwiftInProcPluginServer.dylib -o /Users/rogerlin/Library/Developer/Xcode/DerivedData/FinancialCalculatorKit-ackorybalcxbfocbkqsfdzcfkgmn/Build/Intermediates.noindex/SwiftDraw.build/Debug/SwiftDrawDOM.build/Objects-normal/arm64/Parser.XML.Pattern.o -o /Users/rogerlin/Library/Developer/Xcode/DerivedData/FinancialCalculatorKit-ackorybalcxbfocbkqsfdzcfkgmn/Build/Intermediates.noindex/SwiftDraw.build/Debug/SwiftDrawDOM.build/Objects-normal/arm64/Parser.XML.RadialGradient.o -index-unit-output-path /SwiftDraw.build/Debug/SwiftDrawDOM.build/Objects-normal/arm64/Parser.XML.Pattern.o -index-unit-output-path /SwiftDraw.build/Debug/SwiftDrawDOM.build/Objects-normal/arm64/Parser.XML.RadialGradient.o -index-store-path /Users/rogerlin/Library/Developer/Xcode/DerivedData/FinancialCalculatorKit-ackorybalcxbfocbkqsfdzcfkgmn/Index.noindex/DataStore -index-system-modules

SwiftCompile normal arm64 /Users/rogerlin/Library/Developer/Xcode/DerivedData/FinancialCalculatorKit-ackorybalcxbfocbkqsfdzcfkgmn/SourcePackages/checkouts/SwiftDraw/DOM/Sources/Parser.XML.Pattern.swift (in target 'SwiftDrawDOM' from project 'SwiftDraw')
    cd /Users/rogerlin/XCode-Projects/FinancialCalculatorKit-5.0-updated-accent-colors/FinancialCalculatorKit.xcodeproj
    

SwiftCompile normal arm64 /Users/rogerlin/Library/Developer/Xcode/DerivedData/FinancialCalculatorKit-ackorybalcxbfocbkqsfdzcfkgmn/SourcePackages/checkouts/SwiftDraw/DOM/Sources/Parser.XML.RadialGradient.swift (in target 'SwiftDrawDOM' from project 'SwiftDraw')
    cd /Users/rogerlin/XCode-Projects/FinancialCalculatorKit-5.0-updated-accent-colors/FinancialCalculatorKit.xcodeproj
    

SwiftMergeGeneratedHeaders /Users/rogerlin/Library/Developer/Xcode/DerivedData/FinancialCalculatorKit-ackorybalcxbfocbkqsfdzcfkgmn/Build/Intermediates.noindex/GeneratedModuleMaps/SwiftDrawDOM-Swift.h /Users/rogerlin/Library/Developer/Xcode/DerivedData/FinancialCalculatorKit-ackorybalcxbfocbkqsfdzcfkgmn/Build/Intermediates.noindex/SwiftDraw.build/Debug/SwiftDrawDOM.build/Objects-normal/arm64/SwiftDrawDOM-Swift.h (in target 'SwiftDrawDOM' from project 'SwiftDraw')
    cd /Users/rogerlin/Library/Developer/Xcode/DerivedData/FinancialCalculatorKit-ackorybalcxbfocbkqsfdzcfkgmn/SourcePackages/checkouts/SwiftDraw
    builtin-swiftHeaderTool -arch arm64 /Users/rogerlin/Library/Developer/Xcode/DerivedData/FinancialCalculatorKit-ackorybalcxbfocbkqsfdzcfkgmn/Build/Intermediates.noindex/SwiftDraw.build/Debug/SwiftDrawDOM.build/Objects-normal/arm64/SwiftDrawDOM-Swift.h -o /Users/rogerlin/Library/Developer/Xcode/DerivedData/FinancialCalculatorKit-ackorybalcxbfocbkqsfdzcfkgmn/Build/Intermediates.noindex/GeneratedModuleMaps/SwiftDrawDOM-Swift.h

    Task input dependencies:
        /Users/rogerlin/Library/Developer/Xcode/DerivedData/FinancialCalculatorKit-ackorybalcxbfocbkqsfdzcfkgmn/Build/Intermediates.noindex/SwiftDraw.build/Debug/SwiftDrawDOM.build/Objects-normal/arm64/SwiftDrawDOM-Swift.h

    Task output dependencies:
        /Users/rogerlin/Library/Developer/Xcode/DerivedData/FinancialCalculatorKit-ackorybalcxbfocbkqsfdzcfkgmn/Build/Intermediates.noindex/GeneratedModuleMaps/SwiftDrawDOM-Swift.h

SwiftDriverJobDiscovery normal arm64 Compiling Parser.XML.LinearGradient.swift, Parser.XML.Path.swift (in target 'SwiftDrawDOM' from project 'SwiftDraw')

Copy /Users/rogerlin/Library/Developer/Xcode/DerivedData/FinancialCalculatorKit-ackorybalcxbfocbkqsfdzcfkgmn/Build/Products/Debug/SwiftDrawDOM.swiftmodule/arm64-apple-macos.swiftmodule /Users/rogerlin/Library/Developer/Xcode/DerivedData/FinancialCalculatorKit-ackorybalcxbfocbkqsfdzcfkgmn/Build/Intermediates.noindex/SwiftDraw.build/Debug/SwiftDrawDOM.build/Objects-normal/arm64/SwiftDrawDOM.swiftmodule (in target 'SwiftDrawDOM' from project 'SwiftDraw')
    cd /Users/rogerlin/Library/Developer/Xcode/DerivedData/FinancialCalculatorKit-ackorybalcxbfocbkqsfdzcfkgmn/SourcePackages/checkouts/SwiftDraw
    builtin-copy -exclude .DS_Store -exclude CVS -exclude .svn -exclude .git -exclude .hg -resolve-src-symlinks -rename /Users/rogerlin/Library/Developer/Xcode/DerivedData/FinancialCalculatorKit-ackorybalcxbfocbkqsfdzcfkgmn/Build/Intermediates.noindex/SwiftDraw.build/Debug/SwiftDrawDOM.build/Objects-normal/arm64/SwiftDrawDOM.swiftmodule /Users/rogerlin/Library/Developer/Xcode/DerivedData/FinancialCalculatorKit-ackorybalcxbfocbkqsfdzcfkgmn/Build/Products/Debug/SwiftDrawDOM.swiftmodule/arm64-apple-macos.swiftmodule

    Task input dependencies:
        /Users/rogerlin/Library/Developer/Xcode/DerivedData/FinancialCalculatorKit-ackorybalcxbfocbkqsfdzcfkgmn/Build/Intermediates.noindex/SwiftDraw.build/Debug/SwiftDrawDOM.build/Objects-normal/arm64/SwiftDrawDOM.swiftmodule/

    Task output dependencies:
        /Users/rogerlin/Library/Developer/Xcode/DerivedData/FinancialCalculatorKit-ackorybalcxbfocbkqsfdzcfkgmn/Build/Products/Debug/SwiftDrawDOM.swiftmodule/arm64-apple-macos.swiftmodule

Copy /Users/rogerlin/Library/Developer/Xcode/DerivedData/FinancialCalculatorKit-ackorybalcxbfocbkqsfdzcfkgmn/Build/Products/Debug/SwiftDrawDOM.swiftmodule/arm64-apple-macos.swiftdoc /Users/rogerlin/Library/Developer/Xcode/DerivedData/FinancialCalculatorKit-ackorybalcxbfocbkqsfdzcfkgmn/Build/Intermediates.noindex/SwiftDraw.build/Debug/SwiftDrawDOM.build/Objects-normal/arm64/SwiftDrawDOM.swiftdoc (in target 'SwiftDrawDOM' from project 'SwiftDraw')
    cd /Users/rogerlin/Library/Developer/Xcode/DerivedData/FinancialCalculatorKit-ackorybalcxbfocbkqsfdzcfkgmn/SourcePackages/checkouts/SwiftDraw
    builtin-copy -exclude .DS_Store -exclude CVS -exclude .svn -exclude .git -exclude .hg -resolve-src-symlinks -rename /Users/rogerlin/Library/Developer/Xcode/DerivedData/FinancialCalculatorKit-ackorybalcxbfocbkqsfdzcfkgmn/Build/Intermediates.noindex/SwiftDraw.build/Debug/SwiftDrawDOM.build/Objects-normal/arm64/SwiftDrawDOM.swiftdoc /Users/rogerlin/Library/Developer/Xcode/DerivedData/FinancialCalculatorKit-ackorybalcxbfocbkqsfdzcfkgmn/Build/Products/Debug/SwiftDrawDOM.swiftmodule/arm64-apple-macos.swiftdoc

    Task input dependencies:
        /Users/rogerlin/Library/Developer/Xcode/DerivedData/FinancialCalculatorKit-ackorybalcxbfocbkqsfdzcfkgmn/Build/Intermediates.noindex/SwiftDraw.build/Debug/SwiftDrawDOM.build/Objects-normal/arm64/SwiftDrawDOM.swiftdoc/

    Task output dependencies:
        /Users/rogerlin/Library/Developer/Xcode/DerivedData/FinancialCalculatorKit-ackorybalcxbfocbkqsfdzcfkgmn/Build/Products/Debug/SwiftDrawDOM.swiftmodule/arm64-apple-macos.swiftdoc

SwiftDriverJobDiscovery normal arm64 Compiling Parser.XML.Filter.swift, Parser.XML.Image.swift (in target 'SwiftDrawDOM' from project 'SwiftDraw')

Copy /Users/rogerlin/Library/Developer/Xcode/DerivedData/FinancialCalculatorKit-ackorybalcxbfocbkqsfdzcfkgmn/Build/Products/Debug/SwiftDrawDOM.swiftmodule/arm64-apple-macos.abi.json /Users/rogerlin/Library/Developer/Xcode/DerivedData/FinancialCalculatorKit-ackorybalcxbfocbkqsfdzcfkgmn/Build/Intermediates.noindex/SwiftDraw.build/Debug/SwiftDrawDOM.build/Objects-normal/arm64/SwiftDrawDOM.abi.json (in target 'SwiftDrawDOM' from project 'SwiftDraw')
    cd /Users/rogerlin/Library/Developer/Xcode/DerivedData/FinancialCalculatorKit-ackorybalcxbfocbkqsfdzcfkgmn/SourcePackages/checkouts/SwiftDraw
    builtin-copy -exclude .DS_Store -exclude CVS -exclude .svn -exclude .git -exclude .hg -resolve-src-symlinks -rename /Users/rogerlin/Library/Developer/Xcode/DerivedData/FinancialCalculatorKit-ackorybalcxbfocbkqsfdzcfkgmn/Build/Intermediates.noindex/SwiftDraw.build/Debug/SwiftDrawDOM.build/Objects-normal/arm64/SwiftDrawDOM.abi.json /Users/rogerlin/Library/Developer/Xcode/DerivedData/FinancialCalculatorKit-ackorybalcxbfocbkqsfdzcfkgmn/Build/Products/Debug/SwiftDrawDOM.swiftmodule/arm64-apple-macos.abi.json

    Task input dependencies:
        /Users/rogerlin/Library/Developer/Xcode/DerivedData/FinancialCalculatorKit-ackorybalcxbfocbkqsfdzcfkgmn/Build/Intermediates.noindex/SwiftDraw.build/Debug/SwiftDrawDOM.build/Objects-normal/arm64/SwiftDrawDOM.abi.json/

    Task output dependencies:
        /Users/rogerlin/Library/Developer/Xcode/DerivedData/FinancialCalculatorKit-ackorybalcxbfocbkqsfdzcfkgmn/Build/Products/Debug/SwiftDrawDOM.swiftmodule/arm64-apple-macos.abi.json

Copy /Users/rogerlin/Library/Developer/Xcode/DerivedData/FinancialCalculatorKit-ackorybalcxbfocbkqsfdzcfkgmn/Build/Products/Debug/SwiftDrawDOM.swiftmodule/Project/arm64-apple-macos.swiftsourceinfo /Users/rogerlin/Library/Developer/Xcode/DerivedData/FinancialCalculatorKit-ackorybalcxbfocbkqsfdzcfkgmn/Build/Intermediates.noindex/SwiftDraw.build/Debug/SwiftDrawDOM.build/Objects-normal/arm64/SwiftDrawDOM.swiftsourceinfo (in target 'SwiftDrawDOM' from project 'SwiftDraw')
    cd /Users/rogerlin/Library/Developer/Xcode/DerivedData/FinancialCalculatorKit-ackorybalcxbfocbkqsfdzcfkgmn/SourcePackages/checkouts/SwiftDraw
    builtin-copy -exclude .DS_Store -exclude CVS -exclude .svn -exclude .git -exclude .hg -resolve-src-symlinks -rename /Users/rogerlin/Library/Developer/Xcode/DerivedData/FinancialCalculatorKit-ackorybalcxbfocbkqsfdzcfkgmn/Build/Intermediates.noindex/SwiftDraw.build/Debug/SwiftDrawDOM.build/Objects-normal/arm64/SwiftDrawDOM.swiftsourceinfo /Users/rogerlin/Library/Developer/Xcode/DerivedData/FinancialCalculatorKit-ackorybalcxbfocbkqsfdzcfkgmn/Build/Products/Debug/SwiftDrawDOM.swiftmodule/Project/arm64-apple-macos.swiftsourceinfo

    Task input dependencies:
        /Users/rogerlin/Library/Developer/Xcode/DerivedData/FinancialCalculatorKit-ackorybalcxbfocbkqsfdzcfkgmn/Build/Intermediates.noindex/SwiftDraw.build/Debug/SwiftDrawDOM.build/Objects-normal/arm64/SwiftDrawDOM.swiftsourceinfo/

    Task output dependencies:
        /Users/rogerlin/Library/Developer/Xcode/DerivedData/FinancialCalculatorKit-ackorybalcxbfocbkqsfdzcfkgmn/Build/Products/Debug/SwiftDrawDOM.swiftmodule/Project/arm64-apple-macos.swiftsourceinfo

SwiftCompile normal arm64 Compiling\ URL+Data.swift,\ URL+Fragment.swift /Users/rogerlin/Library/Developer/Xcode/DerivedData/FinancialCalculatorKit-ackorybalcxbfocbkqsfdzcfkgmn/SourcePackages/checkouts/SwiftDraw/DOM/Sources/URL+Data.swift /Users/rogerlin/Library/Developer/Xcode/DerivedData/FinancialCalculatorKit-ackorybalcxbfocbkqsfdzcfkgmn/SourcePackages/checkouts/SwiftDraw/DOM/Sources/URL+Fragment.swift (in target 'SwiftDrawDOM' from project 'SwiftDraw')
/Applications/Xcode.app/Contents/Developer/Toolchains/XcodeDefault.xctoolchain/usr/bin/swift-frontend -frontend -c /Users/rogerlin/Library/Developer/Xcode/DerivedData/FinancialCalculatorKit-ackorybalcxbfocbkqsfdzcfkgmn/SourcePackages/checkouts/SwiftDraw/DOM/Sources/DOM+Extensions.swift /Users/rogerlin/Library/Developer/Xcode/DerivedData/FinancialCalculatorKit-ackorybalcxbfocbkqsfdzcfkgmn/SourcePackages/checkouts/SwiftDraw/DOM/Sources/DOM.Color.swift /Users/rogerlin/Library/Developer/Xcode/DerivedData/FinancialCalculatorKit-ackorybalcxbfocbkqsfdzcfkgmn/SourcePackages/checkouts/SwiftDraw/DOM/Sources/DOM.Element.swift /Users/rogerlin/Library/Developer/Xcode/DerivedData/FinancialCalculatorKit-ackorybalcxbfocbkqsfdzcfkgmn/SourcePackages/checkouts/SwiftDraw/DOM/Sources/DOM.Filter.swift /Users/rogerlin/Library/Developer/Xcode/DerivedData/FinancialCalculatorKit-ackorybalcxbfocbkqsfdzcfkgmn/SourcePackages/checkouts/SwiftDraw/DOM/Sources/DOM.Image.swift /Users/rogerlin/Library/Developer/Xcode/DerivedData/FinancialCalculatorKit-ackorybalcxbfocbkqsfdzcfkgmn/SourcePackages/checkouts/SwiftDraw/DOM/Sources/DOM.LinearGradient.swift /Users/rogerlin/Library/Developer/Xcode/DerivedData/FinancialCalculatorKit-ackorybalcxbfocbkqsfdzcfkgmn/SourcePackages/checkouts/SwiftDraw/DOM/Sources/DOM.Path.swift /Users/rogerlin/Library/Developer/Xcode/DerivedData/FinancialCalculatorKit-ackorybalcxbfocbkqsfdzcfkgmn/SourcePackages/checkouts/SwiftDraw/DOM/Sources/DOM.Pattern.swift /Users/rogerlin/Library/Developer/Xcode/DerivedData/FinancialCalculatorKit-ackorybalcxbfocbkqsfdzcfkgmn/SourcePackages/checkouts/SwiftDraw/DOM/Sources/DOM.PresentationAttributes.swift /Users/rogerlin/Library/Developer/Xcode/DerivedData/FinancialCalculatorKit-ackorybalcxbfocbkqsfdzcfkgmn/SourcePackages/checkouts/SwiftDraw/DOM/Sources/DOM.RadialGradient.swift /Users/rogerlin/Library/Developer/Xcode/DerivedData/FinancialCalculatorKit-ackorybalcxbfocbkqsfdzcfkgmn/SourcePackages/checkouts/SwiftDraw/DOM/Sources/DOM.SVG+Parse.swift /Users/rogerlin/Library/Developer/Xcode/DerivedData/FinancialCalculatorKit-ackorybalcxbfocbkqsfdzcfkgmn/SourcePackages/checkouts/SwiftDraw/DOM/Sources/DOM.SVG.swift /Users/rogerlin/Library/Developer/Xcode/DerivedData/FinancialCalculatorKit-ackorybalcxbfocbkqsfdzcfkgmn/SourcePackages/checkouts/SwiftDraw/DOM/Sources/DOM.Switch.swift /Users/rogerlin/Library/Developer/Xcode/DerivedData/FinancialCalculatorKit-ackorybalcxbfocbkqsfdzcfkgmn/SourcePackages/checkouts/SwiftDraw/DOM/Sources/DOM.Text.swift /Users/rogerlin/Library/Developer/Xcode/DerivedData/FinancialCalculatorKit-ackorybalcxbfocbkqsfdzcfkgmn/SourcePackages/checkouts/SwiftDraw/DOM/Sources/DOM.Use.swift /Users/rogerlin/Library/Developer/Xcode/DerivedData/FinancialCalculatorKit-ackorybalcxbfocbkqsfdzcfkgmn/SourcePackages/checkouts/SwiftDraw/DOM/Sources/DOM.swift /Users/rogerlin/Library/Developer/Xcode/DerivedData/FinancialCalculatorKit-ackorybalcxbfocbkqsfdzcfkgmn/SourcePackages/checkouts/SwiftDraw/DOM/Sources/Parser.XML.Attributes.swift /Users/rogerlin/Library/Developer/Xcode/DerivedData/FinancialCalculatorKit-ackorybalcxbfocbkqsfdzcfkgmn/SourcePackages/checkouts/SwiftDraw/DOM/Sources/Parser.XML.Color.swift /Users/rogerlin/Library/Developer/Xcode/DerivedData/FinancialCalculatorKit-ackorybalcxbfocbkqsfdzcfkgmn/SourcePackages/checkouts/SwiftDraw/DOM/Sources/Parser.XML.Element.swift /Users/rogerlin/Library/Developer/Xcode/DerivedData/FinancialCalculatorKit-ackorybalcxbfocbkqsfdzcfkgmn/SourcePackages/checkouts/SwiftDraw/DOM/Sources/Parser.XML.Filter.swift /Users/rogerlin/Library/Developer/Xcode/DerivedData/FinancialCalculatorKit-ackorybalcxbfocbkqsfdzcfkgmn/SourcePackages/checkouts/SwiftDraw/DOM/Sources/Parser.XML.Image.swift /Users/rogerlin/Library/Developer/Xcode/DerivedData/FinancialCalculatorKit-ackorybalcxbfocbkqsfdzcfkgmn/SourcePackages/checkouts/SwiftDraw/DOM/Sources/Parser.XML.LinearGradient.swift /Users/rogerlin/Library/Developer/Xcode/DerivedData/FinancialCalculatorKit-ackorybalcxbfocbkqsfdzcfkgmn/SourcePackages/checkouts/SwiftDraw/DOM/Sources/Parser.XML.Path.swift /Users/rogerlin/Library/Developer/Xcode/DerivedData/FinancialCalculatorKit-ackorybalcxbfocbkqsfdzcfkgmn/SourcePackages/checkouts/SwiftDraw/DOM/Sources/Parser.XML.Pattern.swift /Users/rogerlin/Library/Developer/Xcode/DerivedData/FinancialCalculatorKit-ackorybalcxbfocbkqsfdzcfkgmn/SourcePackages/checkouts/SwiftDraw/DOM/Sources/Parser.XML.RadialGradient.swift /Users/rogerlin/Library/Developer/Xcode/DerivedData/FinancialCalculatorKit-ackorybalcxbfocbkqsfdzcfkgmn/SourcePackages/checkouts/SwiftDraw/DOM/Sources/Parser.XML.SVG.swift /Users/rogerlin/Library/Developer/Xcode/DerivedData/FinancialCalculatorKit-ackorybalcxbfocbkqsfdzcfkgmn/SourcePackages/checkouts/SwiftDraw/DOM/Sources/Parser.XML.Scanner.swift /Users/rogerlin/Library/Developer/Xcode/DerivedData/FinancialCalculatorKit-ackorybalcxbfocbkqsfdzcfkgmn/SourcePackages/checkouts/SwiftDraw/DOM/Sources/Parser.XML.StyleSheet.swift /Users/rogerlin/Library/Developer/Xcode/DerivedData/FinancialCalculatorKit-ackorybalcxbfocbkqsfdzcfkgmn/SourcePackages/checkouts/SwiftDraw/DOM/Sources/Parser.XML.Text.swift /Users/rogerlin/Library/Developer/Xcode/DerivedData/FinancialCalculatorKit-ackorybalcxbfocbkqsfdzcfkgmn/SourcePackages/checkouts/SwiftDraw/DOM/Sources/Parser.XML.Transform.swift /Users/rogerlin/Library/Developer/Xcode/DerivedData/FinancialCalculatorKit-ackorybalcxbfocbkqsfdzcfkgmn/SourcePackages/checkouts/SwiftDraw/DOM/Sources/Parser.XML.Use.swift /Users/rogerlin/Library/Developer/Xcode/DerivedData/FinancialCalculatorKit-ackorybalcxbfocbkqsfdzcfkgmn/SourcePackages/checkouts/SwiftDraw/DOM/Sources/Parser.XML.swift /Users/rogerlin/Library/Developer/Xcode/DerivedData/FinancialCalculatorKit-ackorybalcxbfocbkqsfdzcfkgmn/SourcePackages/checkouts/SwiftDraw/DOM/Sources/TextOutputStream+StandardError.swift -primary-file /Users/rogerlin/Library/Developer/Xcode/DerivedData/FinancialCalculatorKit-ackorybalcxbfocbkqsfdzcfkgmn/SourcePackages/checkouts/SwiftDraw/DOM/Sources/URL+Data.swift -primary-file /Users/rogerlin/Library/Developer/Xcode/DerivedData/FinancialCalculatorKit-ackorybalcxbfocbkqsfdzcfkgmn/SourcePackages/checkouts/SwiftDraw/DOM/Sources/URL+Fragment.swift /Users/rogerlin/Library/Developer/Xcode/DerivedData/FinancialCalculatorKit-ackorybalcxbfocbkqsfdzcfkgmn/SourcePackages/checkouts/SwiftDraw/DOM/Sources/XML.Element.swift /Users/rogerlin/Library/Developer/Xcode/DerivedData/FinancialCalculatorKit-ackorybalcxbfocbkqsfdzcfkgmn/SourcePackages/checkouts/SwiftDraw/DOM/Sources/XML.SAXParser.swift -emit-dependencies-path /Users/rogerlin/Library/Developer/Xcode/DerivedData/FinancialCalculatorKit-ackorybalcxbfocbkqsfdzcfkgmn/Build/Intermediates.noindex/SwiftDraw.build/Debug/SwiftDrawDOM.build/Objects-normal/arm64/URL+Data.d -emit-const-values-path /Users/rogerlin/Library/Developer/Xcode/DerivedData/FinancialCalculatorKit-ackorybalcxbfocbkqsfdzcfkgmn/Build/Intermediates.noindex/SwiftDraw.build/Debug/SwiftDrawDOM.build/Objects-normal/arm64/URL+Data.swiftconstvalues -emit-reference-dependencies-path /Users/rogerlin/Library/Developer/Xcode/DerivedData/FinancialCalculatorKit-ackorybalcxbfocbkqsfdzcfkgmn/Build/Intermediates.noindex/SwiftDraw.build/Debug/SwiftDrawDOM.build/Objects-normal/arm64/URL+Data.swiftdeps -serialize-diagnostics-path /Users/rogerlin/Library/Developer/Xcode/DerivedData/FinancialCalculatorKit-ackorybalcxbfocbkqsfdzcfkgmn/Build/Intermediates.noindex/SwiftDraw.build/Debug/SwiftDrawDOM.build/Objects-normal/arm64/URL+Data.dia -emit-dependencies-path /Users/rogerlin/Library/Developer/Xcode/DerivedData/FinancialCalculatorKit-ackorybalcxbfocbkqsfdzcfkgmn/Build/Intermediates.noindex/SwiftDraw.build/Debug/SwiftDrawDOM.build/Objects-normal/arm64/URL+Fragment.d -emit-const-values-path /Users/rogerlin/Library/Developer/Xcode/DerivedData/FinancialCalculatorKit-ackorybalcxbfocbkqsfdzcfkgmn/Build/Intermediates.noindex/SwiftDraw.build/Debug/SwiftDrawDOM.build/Objects-normal/arm64/URL+Fragment.swiftconstvalues -emit-reference-dependencies-path /Users/rogerlin/Library/Developer/Xcode/DerivedData/FinancialCalculatorKit-ackorybalcxbfocbkqsfdzcfkgmn/Build/Intermediates.noindex/SwiftDraw.build/Debug/SwiftDrawDOM.build/Objects-normal/arm64/URL+Fragment.swiftdeps -serialize-diagnostics-path /Users/rogerlin/Library/Developer/Xcode/DerivedData/FinancialCalculatorKit-ackorybalcxbfocbkqsfdzcfkgmn/Build/Intermediates.noindex/SwiftDraw.build/Debug/SwiftDrawDOM.build/Objects-normal/arm64/URL+Fragment.dia -target arm64-apple-macos10.15 -module-can-import-version Darwin 347.40.2 0 -load-resolved-plugin /Applications/Xcode.app/Contents/Developer/Platforms/MacOSX.platform/Developer/usr/lib/swift/host/plugins/libFoundationMacros.dylib\#/Applications/Xcode.app/Contents/Developer/Platforms/MacOSX.platform/Developer/usr/bin/swift-plugin-server\#FoundationMacros -load-resolved-plugin /Applications/Xcode.app/Contents/Developer/Platforms/MacOSX.platform/Developer/usr/lib/swift/host/plugins/libObservationMacros.dylib\#/Applications/Xcode.app/Contents/Developer/Platforms/MacOSX.platform/Developer/usr/bin/swift-plugin-server\#ObservationMacros -load-resolved-plugin /Applications/Xcode.app/Contents/Developer/Platforms/MacOSX.platform/Developer/usr/lib/swift/host/plugins/libSwiftMacros.dylib\#/Applications/Xcode.app/Contents/Developer/Platforms/MacOSX.platform/Developer/usr/bin/swift-plugin-server\#SwiftMacros -disable-implicit-swift-modules -Xcc -fno-implicit-modules -Xcc -fno-implicit-module-maps -explicit-swift-module-map-file /Users/rogerlin/Library/Developer/Xcode/DerivedData/FinancialCalculatorKit-ackorybalcxbfocbkqsfdzcfkgmn/Build/Intermediates.noindex/SwiftDraw.build/Debug/SwiftDrawDOM.build/Objects-normal/arm64/SwiftDrawDOM-dependencies-1.json -Xllvm -aarch64-use-tbi -enable-objc-interop -stack-check -sdk /Applications/Xcode.app/Contents/Developer/Platforms/MacOSX.platform/Developer/SDKs/MacOSX26.1.sdk -I /Users/rogerlin/Library/Developer/Xcode/DerivedData/FinancialCalculatorKit-ackorybalcxbfocbkqsfdzcfkgmn/Build/Products/Debug -Isystem /Applications/Xcode.app/Contents/Developer/Platforms/MacOSX.platform/Developer/usr/lib -F /Users/rogerlin/Library/Developer/Xcode/DerivedData/FinancialCalculatorKit-ackorybalcxbfocbkqsfdzcfkgmn/Build/Products/Debug -F /Applications/Xcode.app/Contents/Developer/Platforms/MacOSX.platform/Developer/Library/Frameworks -no-color-diagnostics -Xcc -fno-color-diagnostics -enable-testing -g -debug-info-format\=dwarf -dwarf-version\=4 -module-cache-path /Users/rogerlin/Library/Developer/Xcode/DerivedData/FinancialCalculatorKit-ackorybalcxbfocbkqsfdzcfkgmn/Build/Intermediates.noindex/SwiftExplicitPrecompiledModules -suppress-warnings -profile-generate -profile-coverage-mapping -swift-version 6 -enforce-exclusivity\=checked -Onone -D SWIFT_PACKAGE -D DEBUG -D SWIFT_MODULE_RESOURCE_BUNDLE_UNAVAILABLE -D Xcode -serialize-debugging-options -const-gather-protocols-file /Users/rogerlin/Library/Developer/Xcode/DerivedData/FinancialCalculatorKit-ackorybalcxbfocbkqsfdzcfkgmn/Build/Intermediates.noindex/SwiftDraw.build/Debug/SwiftDrawDOM.build/Objects-normal/arm64/SwiftDrawDOM_const_extract_protocols.json -enable-experimental-feature DebugDescriptionMacro -empty-abi-descriptor -user-module-version 0.22.0 -validate-clang-modules-once -clang-build-session-file /Users/rogerlin/Library/Developer/Xcode/DerivedData/ModuleCache.noindex/Session.modulevalidation -Xcc -working-directory -Xcc /Users/rogerlin/XCode-Projects/FinancialCalculatorKit-5.0-updated-accent-colors/FinancialCalculatorKit.xcodeproj -enable-anonymous-context-mangled-names -file-compilation-dir /Users/rogerlin/XCode-Projects/FinancialCalculatorKit-5.0-updated-accent-colors/FinancialCalculatorKit.xcodeproj -Xcc -D_LIBCPP_HARDENING_MODE\=_LIBCPP_HARDENING_MODE_DEBUG -Xcc -ivfsstatcache -Xcc /Users/rogerlin/Library/Developer/Xcode/DerivedData/SDKStatCaches.noindex/macosx26.1-25B74-3ae1261907bdadc328169391a47051a6.sdkstatcache -Xcc -I/Users/rogerlin/Library/Developer/Xcode/DerivedData/FinancialCalculatorKit-ackorybalcxbfocbkqsfdzcfkgmn/Build/Intermediates.noindex/SwiftDraw.build/Debug/SwiftDrawDOM.build/swift-overrides.hmap -Xcc -I/Users/rogerlin/Library/Developer/Xcode/DerivedData/FinancialCalculatorKit-ackorybalcxbfocbkqsfdzcfkgmn/Build/Products/Debug/include -Xcc -I/Users/rogerlin/Library/Developer/Xcode/DerivedData/FinancialCalculatorKit-ackorybalcxbfocbkqsfdzcfkgmn/Build/Intermediates.noindex/SwiftDraw.build/Debug/SwiftDrawDOM.build/DerivedSources-normal/arm64 -Xcc -I/Users/rogerlin/Library/Developer/Xcode/DerivedData/FinancialCalculatorKit-ackorybalcxbfocbkqsfdzcfkgmn/Build/Intermediates.noindex/SwiftDraw.build/Debug/SwiftDrawDOM.build/DerivedSources/arm64 -Xcc -I/Users/rogerlin/Library/Developer/Xcode/DerivedData/FinancialCalculatorKit-ackorybalcxbfocbkqsfdzcfkgmn/Build/Intermediates.noindex/SwiftDraw.build/Debug/SwiftDrawDOM.build/DerivedSources -Xcc -DSWIFT_PACKAGE -Xcc -DDEBUG\=1 -no-auto-bridging-header-chaining -module-name SwiftDrawDOM -package-name swiftdraw -frontend-parseable-output -disable-clang-spi -target-sdk-version 26.1 -target-sdk-name macosx26.1 -clang-target arm64-apple-macos26.1 -in-process-plugin-server-path /Applications/Xcode.app/Contents/Developer/Toolchains/XcodeDefault.xctoolchain/usr/lib/swift/host/libSwiftInProcPluginServer.dylib -o /Users/rogerlin/Library/Developer/Xcode/DerivedData/FinancialCalculatorKit-ackorybalcxbfocbkqsfdzcfkgmn/Build/Intermediates.noindex/SwiftDraw.build/Debug/SwiftDrawDOM.build/Objects-normal/arm64/URL+Data.o -o /Users/rogerlin/Library/Developer/Xcode/DerivedData/FinancialCalculatorKit-ackorybalcxbfocbkqsfdzcfkgmn/Build/Intermediates.noindex/SwiftDraw.build/Debug/SwiftDrawDOM.build/Objects-normal/arm64/URL+Fragment.o -index-unit-output-path /SwiftDraw.build/Debug/SwiftDrawDOM.build/Objects-normal/arm64/URL+Data.o -index-unit-output-path /SwiftDraw.build/Debug/SwiftDrawDOM.build/Objects-normal/arm64/URL+Fragment.o -index-store-path /Users/rogerlin/Library/Developer/Xcode/DerivedData/FinancialCalculatorKit-ackorybalcxbfocbkqsfdzcfkgmn/Index.noindex/DataStore -index-system-modules

SwiftCompile normal arm64 /Users/rogerlin/Library/Developer/Xcode/DerivedData/FinancialCalculatorKit-ackorybalcxbfocbkqsfdzcfkgmn/SourcePackages/checkouts/SwiftDraw/DOM/Sources/URL+Data.swift (in target 'SwiftDrawDOM' from project 'SwiftDraw')
    cd /Users/rogerlin/XCode-Projects/FinancialCalculatorKit-5.0-updated-accent-colors/FinancialCalculatorKit.xcodeproj
    

SwiftCompile normal arm64 /Users/rogerlin/Library/Developer/Xcode/DerivedData/FinancialCalculatorKit-ackorybalcxbfocbkqsfdzcfkgmn/SourcePackages/checkouts/SwiftDraw/DOM/Sources/URL+Fragment.swift (in target 'SwiftDrawDOM' from project 'SwiftDraw')
    cd /Users/rogerlin/XCode-Projects/FinancialCalculatorKit-5.0-updated-accent-colors/FinancialCalculatorKit.xcodeproj
    

SwiftCompile normal arm64 Compiling\ Parser.XML.Color.swift,\ Parser.XML.Element.swift /Users/rogerlin/Library/Developer/Xcode/DerivedData/FinancialCalculatorKit-ackorybalcxbfocbkqsfdzcfkgmn/SourcePackages/checkouts/SwiftDraw/DOM/Sources/Parser.XML.Color.swift /Users/rogerlin/Library/Developer/Xcode/DerivedData/FinancialCalculatorKit-ackorybalcxbfocbkqsfdzcfkgmn/SourcePackages/checkouts/SwiftDraw/DOM/Sources/Parser.XML.Element.swift (in target 'SwiftDrawDOM' from project 'SwiftDraw')
/Applications/Xcode.app/Contents/Developer/Toolchains/XcodeDefault.xctoolchain/usr/bin/swift-frontend -frontend -c /Users/rogerlin/Library/Developer/Xcode/DerivedData/FinancialCalculatorKit-ackorybalcxbfocbkqsfdzcfkgmn/SourcePackages/checkouts/SwiftDraw/DOM/Sources/DOM+Extensions.swift /Users/rogerlin/Library/Developer/Xcode/DerivedData/FinancialCalculatorKit-ackorybalcxbfocbkqsfdzcfkgmn/SourcePackages/checkouts/SwiftDraw/DOM/Sources/DOM.Color.swift /Users/rogerlin/Library/Developer/Xcode/DerivedData/FinancialCalculatorKit-ackorybalcxbfocbkqsfdzcfkgmn/SourcePackages/checkouts/SwiftDraw/DOM/Sources/DOM.Element.swift /Users/rogerlin/Library/Developer/Xcode/DerivedData/FinancialCalculatorKit-ackorybalcxbfocbkqsfdzcfkgmn/SourcePackages/checkouts/SwiftDraw/DOM/Sources/DOM.Filter.swift /Users/rogerlin/Library/Developer/Xcode/DerivedData/FinancialCalculatorKit-ackorybalcxbfocbkqsfdzcfkgmn/SourcePackages/checkouts/SwiftDraw/DOM/Sources/DOM.Image.swift /Users/rogerlin/Library/Developer/Xcode/DerivedData/FinancialCalculatorKit-ackorybalcxbfocbkqsfdzcfkgmn/SourcePackages/checkouts/SwiftDraw/DOM/Sources/DOM.LinearGradient.swift /Users/rogerlin/Library/Developer/Xcode/DerivedData/FinancialCalculatorKit-ackorybalcxbfocbkqsfdzcfkgmn/SourcePackages/checkouts/SwiftDraw/DOM/Sources/DOM.Path.swift /Users/rogerlin/Library/Developer/Xcode/DerivedData/FinancialCalculatorKit-ackorybalcxbfocbkqsfdzcfkgmn/SourcePackages/checkouts/SwiftDraw/DOM/Sources/DOM.Pattern.swift /Users/rogerlin/Library/Developer/Xcode/DerivedData/FinancialCalculatorKit-ackorybalcxbfocbkqsfdzcfkgmn/SourcePackages/checkouts/SwiftDraw/DOM/Sources/DOM.PresentationAttributes.swift /Users/rogerlin/Library/Developer/Xcode/DerivedData/FinancialCalculatorKit-ackorybalcxbfocbkqsfdzcfkgmn/SourcePackages/checkouts/SwiftDraw/DOM/Sources/DOM.RadialGradient.swift /Users/rogerlin/Library/Developer/Xcode/DerivedData/FinancialCalculatorKit-ackorybalcxbfocbkqsfdzcfkgmn/SourcePackages/checkouts/SwiftDraw/DOM/Sources/DOM.SVG+Parse.swift /Users/rogerlin/Library/Developer/Xcode/DerivedData/FinancialCalculatorKit-ackorybalcxbfocbkqsfdzcfkgmn/SourcePackages/checkouts/SwiftDraw/DOM/Sources/DOM.SVG.swift /Users/rogerlin/Library/Developer/Xcode/DerivedData/FinancialCalculatorKit-ackorybalcxbfocbkqsfdzcfkgmn/SourcePackages/checkouts/SwiftDraw/DOM/Sources/DOM.Switch.swift /Users/rogerlin/Library/Developer/Xcode/DerivedData/FinancialCalculatorKit-ackorybalcxbfocbkqsfdzcfkgmn/SourcePackages/checkouts/SwiftDraw/DOM/Sources/DOM.Text.swift /Users/rogerlin/Library/Developer/Xcode/DerivedData/FinancialCalculatorKit-ackorybalcxbfocbkqsfdzcfkgmn/SourcePackages/checkouts/SwiftDraw/DOM/Sources/DOM.Use.swift /Users/rogerlin/Library/Developer/Xcode/DerivedData/FinancialCalculatorKit-ackorybalcxbfocbkqsfdzcfkgmn/SourcePackages/checkouts/SwiftDraw/DOM/Sources/DOM.swift /Users/rogerlin/Library/Developer/Xcode/DerivedData/FinancialCalculatorKit-ackorybalcxbfocbkqsfdzcfkgmn/SourcePackages/checkouts/SwiftDraw/DOM/Sources/Parser.XML.Attributes.swift -primary-file /Users/rogerlin/Library/Developer/Xcode/DerivedData/FinancialCalculatorKit-ackorybalcxbfocbkqsfdzcfkgmn/SourcePackages/checkouts/SwiftDraw/DOM/Sources/Parser.XML.Color.swift -primary-file /Users/rogerlin/Library/Developer/Xcode/DerivedData/FinancialCalculatorKit-ackorybalcxbfocbkqsfdzcfkgmn/SourcePackages/checkouts/SwiftDraw/DOM/Sources/Parser.XML.Element.swift /Users/rogerlin/Library/Developer/Xcode/DerivedData/FinancialCalculatorKit-ackorybalcxbfocbkqsfdzcfkgmn/SourcePackages/checkouts/SwiftDraw/DOM/Sources/Parser.XML.Filter.swift /Users/rogerlin/Library/Developer/Xcode/DerivedData/FinancialCalculatorKit-ackorybalcxbfocbkqsfdzcfkgmn/SourcePackages/checkouts/SwiftDraw/DOM/Sources/Parser.XML.Image.swift /Users/rogerlin/Library/Developer/Xcode/DerivedData/FinancialCalculatorKit-ackorybalcxbfocbkqsfdzcfkgmn/SourcePackages/checkouts/SwiftDraw/DOM/Sources/Parser.XML.LinearGradient.swift /Users/rogerlin/Library/Developer/Xcode/DerivedData/FinancialCalculatorKit-ackorybalcxbfocbkqsfdzcfkgmn/SourcePackages/checkouts/SwiftDraw/DOM/Sources/Parser.XML.Path.swift /Users/rogerlin/Library/Developer/Xcode/DerivedData/FinancialCalculatorKit-ackorybalcxbfocbkqsfdzcfkgmn/SourcePackages/checkouts/SwiftDraw/DOM/Sources/Parser.XML.Pattern.swift /Users/rogerlin/Library/Developer/Xcode/DerivedData/FinancialCalculatorKit-ackorybalcxbfocbkqsfdzcfkgmn/SourcePackages/checkouts/SwiftDraw/DOM/Sources/Parser.XML.RadialGradient.swift /Users/rogerlin/Library/Developer/Xcode/DerivedData/FinancialCalculatorKit-ackorybalcxbfocbkqsfdzcfkgmn/SourcePackages/checkouts/SwiftDraw/DOM/Sources/Parser.XML.SVG.swift /Users/rogerlin/Library/Developer/Xcode/DerivedData/FinancialCalculatorKit-ackorybalcxbfocbkqsfdzcfkgmn/SourcePackages/checkouts/SwiftDraw/DOM/Sources/Parser.XML.Scanner.swift /Users/rogerlin/Library/Developer/Xcode/DerivedData/FinancialCalculatorKit-ackorybalcxbfocbkqsfdzcfkgmn/SourcePackages/checkouts/SwiftDraw/DOM/Sources/Parser.XML.StyleSheet.swift /Users/rogerlin/Library/Developer/Xcode/DerivedData/FinancialCalculatorKit-ackorybalcxbfocbkqsfdzcfkgmn/SourcePackages/checkouts/SwiftDraw/DOM/Sources/Parser.XML.Text.swift /Users/rogerlin/Library/Developer/Xcode/DerivedData/FinancialCalculatorKit-ackorybalcxbfocbkqsfdzcfkgmn/SourcePackages/checkouts/SwiftDraw/DOM/Sources/Parser.XML.Transform.swift /Users/rogerlin/Library/Developer/Xcode/DerivedData/FinancialCalculatorKit-ackorybalcxbfocbkqsfdzcfkgmn/SourcePackages/checkouts/SwiftDraw/DOM/Sources/Parser.XML.Use.swift /Users/rogerlin/Library/Developer/Xcode/DerivedData/FinancialCalculatorKit-ackorybalcxbfocbkqsfdzcfkgmn/SourcePackages/checkouts/SwiftDraw/DOM/Sources/Parser.XML.swift /Users/rogerlin/Library/Developer/Xcode/DerivedData/FinancialCalculatorKit-ackorybalcxbfocbkqsfdzcfkgmn/SourcePackages/checkouts/SwiftDraw/DOM/Sources/TextOutputStream+StandardError.swift /Users/rogerlin/Library/Developer/Xcode/DerivedData/FinancialCalculatorKit-ackorybalcxbfocbkqsfdzcfkgmn/SourcePackages/checkouts/SwiftDraw/DOM/Sources/URL+Data.swift /Users/rogerlin/Library/Developer/Xcode/DerivedData/FinancialCalculatorKit-ackorybalcxbfocbkqsfdzcfkgmn/SourcePackages/checkouts/SwiftDraw/DOM/Sources/URL+Fragment.swift /Users/rogerlin/Library/Developer/Xcode/DerivedData/FinancialCalculatorKit-ackorybalcxbfocbkqsfdzcfkgmn/SourcePackages/checkouts/SwiftDraw/DOM/Sources/XML.Element.swift /Users/rogerlin/Library/Developer/Xcode/DerivedData/FinancialCalculatorKit-ackorybalcxbfocbkqsfdzcfkgmn/SourcePackages/checkouts/SwiftDraw/DOM/Sources/XML.SAXParser.swift -emit-dependencies-path /Users/rogerlin/Library/Developer/Xcode/DerivedData/FinancialCalculatorKit-ackorybalcxbfocbkqsfdzcfkgmn/Build/Intermediates.noindex/SwiftDraw.build/Debug/SwiftDrawDOM.build/Objects-normal/arm64/Parser.XML.Color.d -emit-const-values-path /Users/rogerlin/Library/Developer/Xcode/DerivedData/FinancialCalculatorKit-ackorybalcxbfocbkqsfdzcfkgmn/Build/Intermediates.noindex/SwiftDraw.build/Debug/SwiftDrawDOM.build/Objects-normal/arm64/Parser.XML.Color.swiftconstvalues -emit-reference-dependencies-path /Users/rogerlin/Library/Developer/Xcode/DerivedData/FinancialCalculatorKit-ackorybalcxbfocbkqsfdzcfkgmn/Build/Intermediates.noindex/SwiftDraw.build/Debug/SwiftDrawDOM.build/Objects-normal/arm64/Parser.XML.Color.swiftdeps -serialize-diagnostics-path /Users/rogerlin/Library/Developer/Xcode/DerivedData/FinancialCalculatorKit-ackorybalcxbfocbkqsfdzcfkgmn/Build/Intermediates.noindex/SwiftDraw.build/Debug/SwiftDrawDOM.build/Objects-normal/arm64/Parser.XML.Color.dia -emit-dependencies-path /Users/rogerlin/Library/Developer/Xcode/DerivedData/FinancialCalculatorKit-ackorybalcxbfocbkqsfdzcfkgmn/Build/Intermediates.noindex/SwiftDraw.build/Debug/SwiftDrawDOM.build/Objects-normal/arm64/Parser.XML.Element.d -emit-const-values-path /Users/rogerlin/Library/Developer/Xcode/DerivedData/FinancialCalculatorKit-ackorybalcxbfocbkqsfdzcfkgmn/Build/Intermediates.noindex/SwiftDraw.build/Debug/SwiftDrawDOM.build/Objects-normal/arm64/Parser.XML.Element.swiftconstvalues -emit-reference-dependencies-path /Users/rogerlin/Library/Developer/Xcode/DerivedData/FinancialCalculatorKit-ackorybalcxbfocbkqsfdzcfkgmn/Build/Intermediates.noindex/SwiftDraw.build/Debug/SwiftDrawDOM.build/Objects-normal/arm64/Parser.XML.Element.swiftdeps -serialize-diagnostics-path /Users/rogerlin/Library/Developer/Xcode/DerivedData/FinancialCalculatorKit-ackorybalcxbfocbkqsfdzcfkgmn/Build/Intermediates.noindex/SwiftDraw.build/Debug/SwiftDrawDOM.build/Objects-normal/arm64/Parser.XML.Element.dia -target arm64-apple-macos10.15 -module-can-import-version Darwin 347.40.2 0 -load-resolved-plugin /Applications/Xcode.app/Contents/Developer/Platforms/MacOSX.platform/Developer/usr/lib/swift/host/plugins/libFoundationMacros.dylib\#/Applications/Xcode.app/Contents/Developer/Platforms/MacOSX.platform/Developer/usr/bin/swift-plugin-server\#FoundationMacros -load-resolved-plugin /Applications/Xcode.app/Contents/Developer/Platforms/MacOSX.platform/Developer/usr/lib/swift/host/plugins/libObservationMacros.dylib\#/Applications/Xcode.app/Contents/Developer/Platforms/MacOSX.platform/Developer/usr/bin/swift-plugin-server\#ObservationMacros -load-resolved-plugin /Applications/Xcode.app/Contents/Developer/Platforms/MacOSX.platform/Developer/usr/lib/swift/host/plugins/libSwiftMacros.dylib\#/Applications/Xcode.app/Contents/Developer/Platforms/MacOSX.platform/Developer/usr/bin/swift-plugin-server\#SwiftMacros -disable-implicit-swift-modules -Xcc -fno-implicit-modules -Xcc -fno-implicit-module-maps -explicit-swift-module-map-file /Users/rogerlin/Library/Developer/Xcode/DerivedData/FinancialCalculatorKit-ackorybalcxbfocbkqsfdzcfkgmn/Build/Intermediates.noindex/SwiftDraw.build/Debug/SwiftDrawDOM.build/Objects-normal/arm64/SwiftDrawDOM-dependencies-1.json -Xllvm -aarch64-use-tbi -enable-objc-interop -stack-check -sdk /Applications/Xcode.app/Contents/Developer/Platforms/MacOSX.platform/Developer/SDKs/MacOSX26.1.sdk -I /Users/rogerlin/Library/Developer/Xcode/DerivedData/FinancialCalculatorKit-ackorybalcxbfocbkqsfdzcfkgmn/Build/Products/Debug -Isystem /Applications/Xcode.app/Contents/Developer/Platforms/MacOSX.platform/Developer/usr/lib -F /Users/rogerlin/Library/Developer/Xcode/DerivedData/FinancialCalculatorKit-ackorybalcxbfocbkqsfdzcfkgmn/Build/Products/Debug -F /Applications/Xcode.app/Contents/Developer/Platforms/MacOSX.platform/Developer/Library/Frameworks -no-color-diagnostics -Xcc -fno-color-diagnostics -enable-testing -g -debug-info-format\=dwarf -dwarf-version\=4 -module-cache-path /Users/rogerlin/Library/Developer/Xcode/DerivedData/FinancialCalculatorKit-ackorybalcxbfocbkqsfdzcfkgmn/Build/Intermediates.noindex/SwiftExplicitPrecompiledModules -suppress-warnings -profile-generate -profile-coverage-mapping -swift-version 6 -enforce-exclusivity\=checked -Onone -D SWIFT_PACKAGE -D DEBUG -D SWIFT_MODULE_RESOURCE_BUNDLE_UNAVAILABLE -D Xcode -serialize-debugging-options -const-gather-protocols-file /Users/rogerlin/Library/Developer/Xcode/DerivedData/FinancialCalculatorKit-ackorybalcxbfocbkqsfdzcfkgmn/Build/Intermediates.noindex/SwiftDraw.build/Debug/SwiftDrawDOM.build/Objects-normal/arm64/SwiftDrawDOM_const_extract_protocols.json -enable-experimental-feature DebugDescriptionMacro -empty-abi-descriptor -user-module-version 0.22.0 -validate-clang-modules-once -clang-build-session-file /Users/rogerlin/Library/Developer/Xcode/DerivedData/ModuleCache.noindex/Session.modulevalidation -Xcc -working-directory -Xcc /Users/rogerlin/XCode-Projects/FinancialCalculatorKit-5.0-updated-accent-colors/FinancialCalculatorKit.xcodeproj -enable-anonymous-context-mangled-names -file-compilation-dir /Users/rogerlin/XCode-Projects/FinancialCalculatorKit-5.0-updated-accent-colors/FinancialCalculatorKit.xcodeproj -Xcc -D_LIBCPP_HARDENING_MODE\=_LIBCPP_HARDENING_MODE_DEBUG -Xcc -ivfsstatcache -Xcc /Users/rogerlin/Library/Developer/Xcode/DerivedData/SDKStatCaches.noindex/macosx26.1-25B74-3ae1261907bdadc328169391a47051a6.sdkstatcache -Xcc -I/Users/rogerlin/Library/Developer/Xcode/DerivedData/FinancialCalculatorKit-ackorybalcxbfocbkqsfdzcfkgmn/Build/Intermediates.noindex/SwiftDraw.build/Debug/SwiftDrawDOM.build/swift-overrides.hmap -Xcc -I/Users/rogerlin/Library/Developer/Xcode/DerivedData/FinancialCalculatorKit-ackorybalcxbfocbkqsfdzcfkgmn/Build/Products/Debug/include -Xcc -I/Users/rogerlin/Library/Developer/Xcode/DerivedData/FinancialCalculatorKit-ackorybalcxbfocbkqsfdzcfkgmn/Build/Intermediates.noindex/SwiftDraw.build/Debug/SwiftDrawDOM.build/DerivedSources-normal/arm64 -Xcc -I/Users/rogerlin/Library/Developer/Xcode/DerivedData/FinancialCalculatorKit-ackorybalcxbfocbkqsfdzcfkgmn/Build/Intermediates.noindex/SwiftDraw.build/Debug/SwiftDrawDOM.build/DerivedSources/arm64 -Xcc -I/Users/rogerlin/Library/Developer/Xcode/DerivedData/FinancialCalculatorKit-ackorybalcxbfocbkqsfdzcfkgmn/Build/Intermediates.noindex/SwiftDraw.build/Debug/SwiftDrawDOM.build/DerivedSources -Xcc -DSWIFT_PACKAGE -Xcc -DDEBUG\=1 -no-auto-bridging-header-chaining -module-name SwiftDrawDOM -package-name swiftdraw -frontend-parseable-output -disable-clang-spi -target-sdk-version 26.1 -target-sdk-name macosx26.1 -clang-target arm64-apple-macos26.1 -in-process-plugin-server-path /Applications/Xcode.app/Contents/Developer/Toolchains/XcodeDefault.xctoolchain/usr/lib/swift/host/libSwiftInProcPluginServer.dylib -o /Users/rogerlin/Library/Developer/Xcode/DerivedData/FinancialCalculatorKit-ackorybalcxbfocbkqsfdzcfkgmn/Build/Intermediates.noindex/SwiftDraw.build/Debug/SwiftDrawDOM.build/Objects-normal/arm64/Parser.XML.Color.o -o /Users/rogerlin/Library/Developer/Xcode/DerivedData/FinancialCalculatorKit-ackorybalcxbfocbkqsfdzcfkgmn/Build/Intermediates.noindex/SwiftDraw.build/Debug/SwiftDrawDOM.build/Objects-normal/arm64/Parser.XML.Element.o -index-unit-output-path /SwiftDraw.build/Debug/SwiftDrawDOM.build/Objects-normal/arm64/Parser.XML.Color.o -index-unit-output-path /SwiftDraw.build/Debug/SwiftDrawDOM.build/Objects-normal/arm64/Parser.XML.Element.o -index-store-path /Users/rogerlin/Library/Developer/Xcode/DerivedData/FinancialCalculatorKit-ackorybalcxbfocbkqsfdzcfkgmn/Index.noindex/DataStore -index-system-modules

SwiftCompile normal arm64 /Users/rogerlin/Library/Developer/Xcode/DerivedData/FinancialCalculatorKit-ackorybalcxbfocbkqsfdzcfkgmn/SourcePackages/checkouts/SwiftDraw/DOM/Sources/Parser.XML.Color.swift (in target 'SwiftDrawDOM' from project 'SwiftDraw')
    cd /Users/rogerlin/XCode-Projects/FinancialCalculatorKit-5.0-updated-accent-colors/FinancialCalculatorKit.xcodeproj
    

SwiftCompile normal arm64 /Users/rogerlin/Library/Developer/Xcode/DerivedData/FinancialCalculatorKit-ackorybalcxbfocbkqsfdzcfkgmn/SourcePackages/checkouts/SwiftDraw/DOM/Sources/Parser.XML.Element.swift (in target 'SwiftDrawDOM' from project 'SwiftDraw')
    cd /Users/rogerlin/XCode-Projects/FinancialCalculatorKit-5.0-updated-accent-colors/FinancialCalculatorKit.xcodeproj
    

SwiftDriverJobDiscovery normal arm64 Compiling CasePathableMacro.swift (in target 'CasePathsMacros' from project 'swift-case-paths')

SwiftCompile normal arm64 Compiling\ DOM.RadialGradient.swift,\ DOM.SVG+Parse.swift,\ DOM.SVG.swift /Users/rogerlin/Library/Developer/Xcode/DerivedData/FinancialCalculatorKit-ackorybalcxbfocbkqsfdzcfkgmn/SourcePackages/checkouts/SwiftDraw/DOM/Sources/DOM.RadialGradient.swift /Users/rogerlin/Library/Developer/Xcode/DerivedData/FinancialCalculatorKit-ackorybalcxbfocbkqsfdzcfkgmn/SourcePackages/checkouts/SwiftDraw/DOM/Sources/DOM.SVG+Parse.swift /Users/rogerlin/Library/Developer/Xcode/DerivedData/FinancialCalculatorKit-ackorybalcxbfocbkqsfdzcfkgmn/SourcePackages/checkouts/SwiftDraw/DOM/Sources/DOM.SVG.swift (in target 'SwiftDrawDOM' from project 'SwiftDraw')
/Applications/Xcode.app/Contents/Developer/Toolchains/XcodeDefault.xctoolchain/usr/bin/swift-frontend -frontend -c /Users/rogerlin/Library/Developer/Xcode/DerivedData/FinancialCalculatorKit-ackorybalcxbfocbkqsfdzcfkgmn/SourcePackages/checkouts/SwiftDraw/DOM/Sources/DOM+Extensions.swift /Users/rogerlin/Library/Developer/Xcode/DerivedData/FinancialCalculatorKit-ackorybalcxbfocbkqsfdzcfkgmn/SourcePackages/checkouts/SwiftDraw/DOM/Sources/DOM.Color.swift /Users/rogerlin/Library/Developer/Xcode/DerivedData/FinancialCalculatorKit-ackorybalcxbfocbkqsfdzcfkgmn/SourcePackages/checkouts/SwiftDraw/DOM/Sources/DOM.Element.swift /Users/rogerlin/Library/Developer/Xcode/DerivedData/FinancialCalculatorKit-ackorybalcxbfocbkqsfdzcfkgmn/SourcePackages/checkouts/SwiftDraw/DOM/Sources/DOM.Filter.swift /Users/rogerlin/Library/Developer/Xcode/DerivedData/FinancialCalculatorKit-ackorybalcxbfocbkqsfdzcfkgmn/SourcePackages/checkouts/SwiftDraw/DOM/Sources/DOM.Image.swift /Users/rogerlin/Library/Developer/Xcode/DerivedData/FinancialCalculatorKit-ackorybalcxbfocbkqsfdzcfkgmn/SourcePackages/checkouts/SwiftDraw/DOM/Sources/DOM.LinearGradient.swift /Users/rogerlin/Library/Developer/Xcode/DerivedData/FinancialCalculatorKit-ackorybalcxbfocbkqsfdzcfkgmn/SourcePackages/checkouts/SwiftDraw/DOM/Sources/DOM.Path.swift /Users/rogerlin/Library/Developer/Xcode/DerivedData/FinancialCalculatorKit-ackorybalcxbfocbkqsfdzcfkgmn/SourcePackages/checkouts/SwiftDraw/DOM/Sources/DOM.Pattern.swift /Users/rogerlin/Library/Developer/Xcode/DerivedData/FinancialCalculatorKit-ackorybalcxbfocbkqsfdzcfkgmn/SourcePackages/checkouts/SwiftDraw/DOM/Sources/DOM.PresentationAttributes.swift -primary-file /Users/rogerlin/Library/Developer/Xcode/DerivedData/FinancialCalculatorKit-ackorybalcxbfocbkqsfdzcfkgmn/SourcePackages/checkouts/SwiftDraw/DOM/Sources/DOM.RadialGradient.swift -primary-file /Users/rogerlin/Library/Developer/Xcode/DerivedData/FinancialCalculatorKit-ackorybalcxbfocbkqsfdzcfkgmn/SourcePackages/checkouts/SwiftDraw/DOM/Sources/DOM.SVG+Parse.swift -primary-file /Users/rogerlin/Library/Developer/Xcode/DerivedData/FinancialCalculatorKit-ackorybalcxbfocbkqsfdzcfkgmn/SourcePackages/checkouts/SwiftDraw/DOM/Sources/DOM.SVG.swift /Users/rogerlin/Library/Developer/Xcode/DerivedData/FinancialCalculatorKit-ackorybalcxbfocbkqsfdzcfkgmn/SourcePackages/checkouts/SwiftDraw/DOM/Sources/DOM.Switch.swift /Users/rogerlin/Library/Developer/Xcode/DerivedData/FinancialCalculatorKit-ackorybalcxbfocbkqsfdzcfkgmn/SourcePackages/checkouts/SwiftDraw/DOM/Sources/DOM.Text.swift /Users/rogerlin/Library/Developer/Xcode/DerivedData/FinancialCalculatorKit-ackorybalcxbfocbkqsfdzcfkgmn/SourcePackages/checkouts/SwiftDraw/DOM/Sources/DOM.Use.swift /Users/rogerlin/Library/Developer/Xcode/DerivedData/FinancialCalculatorKit-ackorybalcxbfocbkqsfdzcfkgmn/SourcePackages/checkouts/SwiftDraw/DOM/Sources/DOM.swift /Users/rogerlin/Library/Developer/Xcode/DerivedData/FinancialCalculatorKit-ackorybalcxbfocbkqsfdzcfkgmn/SourcePackages/checkouts/SwiftDraw/DOM/Sources/Parser.XML.Attributes.swift /Users/rogerlin/Library/Developer/Xcode/DerivedData/FinancialCalculatorKit-ackorybalcxbfocbkqsfdzcfkgmn/SourcePackages/checkouts/SwiftDraw/DOM/Sources/Parser.XML.Color.swift /Users/rogerlin/Library/Developer/Xcode/DerivedData/FinancialCalculatorKit-ackorybalcxbfocbkqsfdzcfkgmn/SourcePackages/checkouts/SwiftDraw/DOM/Sources/Parser.XML.Element.swift /Users/rogerlin/Library/Developer/Xcode/DerivedData/FinancialCalculatorKit-ackorybalcxbfocbkqsfdzcfkgmn/SourcePackages/checkouts/SwiftDraw/DOM/Sources/Parser.XML.Filter.swift /Users/rogerlin/Library/Developer/Xcode/DerivedData/FinancialCalculatorKit-ackorybalcxbfocbkqsfdzcfkgmn/SourcePackages/checkouts/SwiftDraw/DOM/Sources/Parser.XML.Image.swift /Users/rogerlin/Library/Developer/Xcode/DerivedData/FinancialCalculatorKit-ackorybalcxbfocbkqsfdzcfkgmn/SourcePackages/checkouts/SwiftDraw/DOM/Sources/Parser.XML.LinearGradient.swift /Users/rogerlin/Library/Developer/Xcode/DerivedData/FinancialCalculatorKit-ackorybalcxbfocbkqsfdzcfkgmn/SourcePackages/checkouts/SwiftDraw/DOM/Sources/Parser.XML.Path.swift /Users/rogerlin/Library/Developer/Xcode/DerivedData/FinancialCalculatorKit-ackorybalcxbfocbkqsfdzcfkgmn/SourcePackages/checkouts/SwiftDraw/DOM/Sources/Parser.XML.Pattern.swift /Users/rogerlin/Library/Developer/Xcode/DerivedData/FinancialCalculatorKit-ackorybalcxbfocbkqsfdzcfkgmn/SourcePackages/checkouts/SwiftDraw/DOM/Sources/Parser.XML.RadialGradient.swift /Users/rogerlin/Library/Developer/Xcode/DerivedData/FinancialCalculatorKit-ackorybalcxbfocbkqsfdzcfkgmn/SourcePackages/checkouts/SwiftDraw/DOM/Sources/Parser.XML.SVG.swift /Users/rogerlin/Library/Developer/Xcode/DerivedData/FinancialCalculatorKit-ackorybalcxbfocbkqsfdzcfkgmn/SourcePackages/checkouts/SwiftDraw/DOM/Sources/Parser.XML.Scanner.swift /Users/rogerlin/Library/Developer/Xcode/DerivedData/FinancialCalculatorKit-ackorybalcxbfocbkqsfdzcfkgmn/SourcePackages/checkouts/SwiftDraw/DOM/Sources/Parser.XML.StyleSheet.swift /Users/rogerlin/Library/Developer/Xcode/DerivedData/FinancialCalculatorKit-ackorybalcxbfocbkqsfdzcfkgmn/SourcePackages/checkouts/SwiftDraw/DOM/Sources/Parser.XML.Text.swift /Users/rogerlin/Library/Developer/Xcode/DerivedData/FinancialCalculatorKit-ackorybalcxbfocbkqsfdzcfkgmn/SourcePackages/checkouts/SwiftDraw/DOM/Sources/Parser.XML.Transform.swift /Users/rogerlin/Library/Developer/Xcode/DerivedData/FinancialCalculatorKit-ackorybalcxbfocbkqsfdzcfkgmn/SourcePackages/checkouts/SwiftDraw/DOM/Sources/Parser.XML.Use.swift /Users/rogerlin/Library/Developer/Xcode/DerivedData/FinancialCalculatorKit-ackorybalcxbfocbkqsfdzcfkgmn/SourcePackages/checkouts/SwiftDraw/DOM/Sources/Parser.XML.swift /Users/rogerlin/Library/Developer/Xcode/DerivedData/FinancialCalculatorKit-ackorybalcxbfocbkqsfdzcfkgmn/SourcePackages/checkouts/SwiftDraw/DOM/Sources/TextOutputStream+StandardError.swift /Users/rogerlin/Library/Developer/Xcode/DerivedData/FinancialCalculatorKit-ackorybalcxbfocbkqsfdzcfkgmn/SourcePackages/checkouts/SwiftDraw/DOM/Sources/URL+Data.swift /Users/rogerlin/Library/Developer/Xcode/DerivedData/FinancialCalculatorKit-ackorybalcxbfocbkqsfdzcfkgmn/SourcePackages/checkouts/SwiftDraw/DOM/Sources/URL+Fragment.swift /Users/rogerlin/Library/Developer/Xcode/DerivedData/FinancialCalculatorKit-ackorybalcxbfocbkqsfdzcfkgmn/SourcePackages/checkouts/SwiftDraw/DOM/Sources/XML.Element.swift /Users/rogerlin/Library/Developer/Xcode/DerivedData/FinancialCalculatorKit-ackorybalcxbfocbkqsfdzcfkgmn/SourcePackages/checkouts/SwiftDraw/DOM/Sources/XML.SAXParser.swift -supplementary-output-file-map /Users/rogerlin/Library/Developer/Xcode/DerivedData/FinancialCalculatorKit-ackorybalcxbfocbkqsfdzcfkgmn/Build/Intermediates.noindex/SwiftDraw.build/Debug/SwiftDrawDOM.build/Objects-normal/arm64/supplementaryOutputs-4 -target arm64-apple-macos10.15 -module-can-import-version Darwin 347.40.2 0 -load-resolved-plugin /Applications/Xcode.app/Contents/Developer/Platforms/MacOSX.platform/Developer/usr/lib/swift/host/plugins/libFoundationMacros.dylib\#/Applications/Xcode.app/Contents/Developer/Platforms/MacOSX.platform/Developer/usr/bin/swift-plugin-server\#FoundationMacros -load-resolved-plugin /Applications/Xcode.app/Contents/Developer/Platforms/MacOSX.platform/Developer/usr/lib/swift/host/plugins/libObservationMacros.dylib\#/Applications/Xcode.app/Contents/Developer/Platforms/MacOSX.platform/Developer/usr/bin/swift-plugin-server\#ObservationMacros -load-resolved-plugin /Applications/Xcode.app/Contents/Developer/Platforms/MacOSX.platform/Developer/usr/lib/swift/host/plugins/libSwiftMacros.dylib\#/Applications/Xcode.app/Contents/Developer/Platforms/MacOSX.platform/Developer/usr/bin/swift-plugin-server\#SwiftMacros -disable-implicit-swift-modules -Xcc -fno-implicit-modules -Xcc -fno-implicit-module-maps -explicit-swift-module-map-file /Users/rogerlin/Library/Developer/Xcode/DerivedData/FinancialCalculatorKit-ackorybalcxbfocbkqsfdzcfkgmn/Build/Intermediates.noindex/SwiftDraw.build/Debug/SwiftDrawDOM.build/Objects-normal/arm64/SwiftDrawDOM-dependencies-1.json -Xllvm -aarch64-use-tbi -enable-objc-interop -stack-check -sdk /Applications/Xcode.app/Contents/Developer/Platforms/MacOSX.platform/Developer/SDKs/MacOSX26.1.sdk -I /Users/rogerlin/Library/Developer/Xcode/DerivedData/FinancialCalculatorKit-ackorybalcxbfocbkqsfdzcfkgmn/Build/Products/Debug -Isystem /Applications/Xcode.app/Contents/Developer/Platforms/MacOSX.platform/Developer/usr/lib -F /Users/rogerlin/Library/Developer/Xcode/DerivedData/FinancialCalculatorKit-ackorybalcxbfocbkqsfdzcfkgmn/Build/Products/Debug -F /Applications/Xcode.app/Contents/Developer/Platforms/MacOSX.platform/Developer/Library/Frameworks -no-color-diagnostics -Xcc -fno-color-diagnostics -enable-testing -g -debug-info-format\=dwarf -dwarf-version\=4 -module-cache-path /Users/rogerlin/Library/Developer/Xcode/DerivedData/FinancialCalculatorKit-ackorybalcxbfocbkqsfdzcfkgmn/Build/Intermediates.noindex/SwiftExplicitPrecompiledModules -suppress-warnings -profile-generate -profile-coverage-mapping -swift-version 6 -enforce-exclusivity\=checked -Onone -D SWIFT_PACKAGE -D DEBUG -D SWIFT_MODULE_RESOURCE_BUNDLE_UNAVAILABLE -D Xcode -serialize-debugging-options -const-gather-protocols-file /Users/rogerlin/Library/Developer/Xcode/DerivedData/FinancialCalculatorKit-ackorybalcxbfocbkqsfdzcfkgmn/Build/Intermediates.noindex/SwiftDraw.build/Debug/SwiftDrawDOM.build/Objects-normal/arm64/SwiftDrawDOM_const_extract_protocols.json -enable-experimental-feature DebugDescriptionMacro -empty-abi-descriptor -user-module-version 0.22.0 -validate-clang-modules-once -clang-build-session-file /Users/rogerlin/Library/Developer/Xcode/DerivedData/ModuleCache.noindex/Session.modulevalidation -Xcc -working-directory -Xcc /Users/rogerlin/XCode-Projects/FinancialCalculatorKit-5.0-updated-accent-colors/FinancialCalculatorKit.xcodeproj -enable-anonymous-context-mangled-names -file-compilation-dir /Users/rogerlin/XCode-Projects/FinancialCalculatorKit-5.0-updated-accent-colors/FinancialCalculatorKit.xcodeproj -Xcc -D_LIBCPP_HARDENING_MODE\=_LIBCPP_HARDENING_MODE_DEBUG -Xcc -ivfsstatcache -Xcc /Users/rogerlin/Library/Developer/Xcode/DerivedData/SDKStatCaches.noindex/macosx26.1-25B74-3ae1261907bdadc328169391a47051a6.sdkstatcache -Xcc -I/Users/rogerlin/Library/Developer/Xcode/DerivedData/FinancialCalculatorKit-ackorybalcxbfocbkqsfdzcfkgmn/Build/Intermediates.noindex/SwiftDraw.build/Debug/SwiftDrawDOM.build/swift-overrides.hmap -Xcc -I/Users/rogerlin/Library/Developer/Xcode/DerivedData/FinancialCalculatorKit-ackorybalcxbfocbkqsfdzcfkgmn/Build/Products/Debug/include -Xcc -I/Users/rogerlin/Library/Developer/Xcode/DerivedData/FinancialCalculatorKit-ackorybalcxbfocbkqsfdzcfkgmn/Build/Intermediates.noindex/SwiftDraw.build/Debug/SwiftDrawDOM.build/DerivedSources-normal/arm64 -Xcc -I/Users/rogerlin/Library/Developer/Xcode/DerivedData/FinancialCalculatorKit-ackorybalcxbfocbkqsfdzcfkgmn/Build/Intermediates.noindex/SwiftDraw.build/Debug/SwiftDrawDOM.build/DerivedSources/arm64 -Xcc -I/Users/rogerlin/Library/Developer/Xcode/DerivedData/FinancialCalculatorKit-ackorybalcxbfocbkqsfdzcfkgmn/Build/Intermediates.noindex/SwiftDraw.build/Debug/SwiftDrawDOM.build/DerivedSources -Xcc -DSWIFT_PACKAGE -Xcc -DDEBUG\=1 -no-auto-bridging-header-chaining -module-name SwiftDrawDOM -package-name swiftdraw -frontend-parseable-output -disable-clang-spi -target-sdk-version 26.1 -target-sdk-name macosx26.1 -clang-target arm64-apple-macos26.1 -in-process-plugin-server-path /Applications/Xcode.app/Contents/Developer/Toolchains/XcodeDefault.xctoolchain/usr/lib/swift/host/libSwiftInProcPluginServer.dylib -o /Users/rogerlin/Library/Developer/Xcode/DerivedData/FinancialCalculatorKit-ackorybalcxbfocbkqsfdzcfkgmn/Build/Intermediates.noindex/SwiftDraw.build/Debug/SwiftDrawDOM.build/Objects-normal/arm64/DOM.RadialGradient.o -o /Users/rogerlin/Library/Developer/Xcode/DerivedData/FinancialCalculatorKit-ackorybalcxbfocbkqsfdzcfkgmn/Build/Intermediates.noindex/SwiftDraw.build/Debug/SwiftDrawDOM.build/Objects-normal/arm64/DOM.SVG+Parse.o -o /Users/rogerlin/Library/Developer/Xcode/DerivedData/FinancialCalculatorKit-ackorybalcxbfocbkqsfdzcfkgmn/Build/Intermediates.noindex/SwiftDraw.build/Debug/SwiftDrawDOM.build/Objects-normal/arm64/DOM.SVG.o -index-unit-output-path /SwiftDraw.build/Debug/SwiftDrawDOM.build/Objects-normal/arm64/DOM.RadialGradient.o -index-unit-output-path /SwiftDraw.build/Debug/SwiftDrawDOM.build/Objects-normal/arm64/DOM.SVG+Parse.o -index-unit-output-path /SwiftDraw.build/Debug/SwiftDrawDOM.build/Objects-normal/arm64/DOM.SVG.o -index-store-path /Users/rogerlin/Library/Developer/Xcode/DerivedData/FinancialCalculatorKit-ackorybalcxbfocbkqsfdzcfkgmn/Index.noindex/DataStore -index-system-modules

SwiftCompile normal arm64 /Users/rogerlin/Library/Developer/Xcode/DerivedData/FinancialCalculatorKit-ackorybalcxbfocbkqsfdzcfkgmn/SourcePackages/checkouts/SwiftDraw/DOM/Sources/DOM.RadialGradient.swift (in target 'SwiftDrawDOM' from project 'SwiftDraw')
    cd /Users/rogerlin/XCode-Projects/FinancialCalculatorKit-5.0-updated-accent-colors/FinancialCalculatorKit.xcodeproj
    

SwiftCompile normal arm64 /Users/rogerlin/Library/Developer/Xcode/DerivedData/FinancialCalculatorKit-ackorybalcxbfocbkqsfdzcfkgmn/SourcePackages/checkouts/SwiftDraw/DOM/Sources/DOM.SVG+Parse.swift (in target 'SwiftDrawDOM' from project 'SwiftDraw')
    cd /Users/rogerlin/XCode-Projects/FinancialCalculatorKit-5.0-updated-accent-colors/FinancialCalculatorKit.xcodeproj
    

SwiftCompile normal arm64 /Users/rogerlin/Library/Developer/Xcode/DerivedData/FinancialCalculatorKit-ackorybalcxbfocbkqsfdzcfkgmn/SourcePackages/checkouts/SwiftDraw/DOM/Sources/DOM.SVG.swift (in target 'SwiftDrawDOM' from project 'SwiftDraw')
    cd /Users/rogerlin/XCode-Projects/FinancialCalculatorKit-5.0-updated-accent-colors/FinancialCalculatorKit.xcodeproj
    

SwiftCompile normal arm64 Compiling\ Parser.XML.SVG.swift,\ Parser.XML.Scanner.swift /Users/rogerlin/Library/Developer/Xcode/DerivedData/FinancialCalculatorKit-ackorybalcxbfocbkqsfdzcfkgmn/SourcePackages/checkouts/SwiftDraw/DOM/Sources/Parser.XML.SVG.swift /Users/rogerlin/Library/Developer/Xcode/DerivedData/FinancialCalculatorKit-ackorybalcxbfocbkqsfdzcfkgmn/SourcePackages/checkouts/SwiftDraw/DOM/Sources/Parser.XML.Scanner.swift (in target 'SwiftDrawDOM' from project 'SwiftDraw')
/Applications/Xcode.app/Contents/Developer/Toolchains/XcodeDefault.xctoolchain/usr/bin/swift-frontend -frontend -c /Users/rogerlin/Library/Developer/Xcode/DerivedData/FinancialCalculatorKit-ackorybalcxbfocbkqsfdzcfkgmn/SourcePackages/checkouts/SwiftDraw/DOM/Sources/DOM+Extensions.swift /Users/rogerlin/Library/Developer/Xcode/DerivedData/FinancialCalculatorKit-ackorybalcxbfocbkqsfdzcfkgmn/SourcePackages/checkouts/SwiftDraw/DOM/Sources/DOM.Color.swift /Users/rogerlin/Library/Developer/Xcode/DerivedData/FinancialCalculatorKit-ackorybalcxbfocbkqsfdzcfkgmn/SourcePackages/checkouts/SwiftDraw/DOM/Sources/DOM.Element.swift /Users/rogerlin/Library/Developer/Xcode/DerivedData/FinancialCalculatorKit-ackorybalcxbfocbkqsfdzcfkgmn/SourcePackages/checkouts/SwiftDraw/DOM/Sources/DOM.Filter.swift /Users/rogerlin/Library/Developer/Xcode/DerivedData/FinancialCalculatorKit-ackorybalcxbfocbkqsfdzcfkgmn/SourcePackages/checkouts/SwiftDraw/DOM/Sources/DOM.Image.swift /Users/rogerlin/Library/Developer/Xcode/DerivedData/FinancialCalculatorKit-ackorybalcxbfocbkqsfdzcfkgmn/SourcePackages/checkouts/SwiftDraw/DOM/Sources/DOM.LinearGradient.swift /Users/rogerlin/Library/Developer/Xcode/DerivedData/FinancialCalculatorKit-ackorybalcxbfocbkqsfdzcfkgmn/SourcePackages/checkouts/SwiftDraw/DOM/Sources/DOM.Path.swift /Users/rogerlin/Library/Developer/Xcode/DerivedData/FinancialCalculatorKit-ackorybalcxbfocbkqsfdzcfkgmn/SourcePackages/checkouts/SwiftDraw/DOM/Sources/DOM.Pattern.swift /Users/rogerlin/Library/Developer/Xcode/DerivedData/FinancialCalculatorKit-ackorybalcxbfocbkqsfdzcfkgmn/SourcePackages/checkouts/SwiftDraw/DOM/Sources/DOM.PresentationAttributes.swift /Users/rogerlin/Library/Developer/Xcode/DerivedData/FinancialCalculatorKit-ackorybalcxbfocbkqsfdzcfkgmn/SourcePackages/checkouts/SwiftDraw/DOM/Sources/DOM.RadialGradient.swift /Users/rogerlin/Library/Developer/Xcode/DerivedData/FinancialCalculatorKit-ackorybalcxbfocbkqsfdzcfkgmn/SourcePackages/checkouts/SwiftDraw/DOM/Sources/DOM.SVG+Parse.swift /Users/rogerlin/Library/Developer/Xcode/DerivedData/FinancialCalculatorKit-ackorybalcxbfocbkqsfdzcfkgmn/SourcePackages/checkouts/SwiftDraw/DOM/Sources/DOM.SVG.swift /Users/rogerlin/Library/Developer/Xcode/DerivedData/FinancialCalculatorKit-ackorybalcxbfocbkqsfdzcfkgmn/SourcePackages/checkouts/SwiftDraw/DOM/Sources/DOM.Switch.swift /Users/rogerlin/Library/Developer/Xcode/DerivedData/FinancialCalculatorKit-ackorybalcxbfocbkqsfdzcfkgmn/SourcePackages/checkouts/SwiftDraw/DOM/Sources/DOM.Text.swift /Users/rogerlin/Library/Developer/Xcode/DerivedData/FinancialCalculatorKit-ackorybalcxbfocbkqsfdzcfkgmn/SourcePackages/checkouts/SwiftDraw/DOM/Sources/DOM.Use.swift /Users/rogerlin/Library/Developer/Xcode/DerivedData/FinancialCalculatorKit-ackorybalcxbfocbkqsfdzcfkgmn/SourcePackages/checkouts/SwiftDraw/DOM/Sources/DOM.swift /Users/rogerlin/Library/Developer/Xcode/DerivedData/FinancialCalculatorKit-ackorybalcxbfocbkqsfdzcfkgmn/SourcePackages/checkouts/SwiftDraw/DOM/Sources/Parser.XML.Attributes.swift /Users/rogerlin/Library/Developer/Xcode/DerivedData/FinancialCalculatorKit-ackorybalcxbfocbkqsfdzcfkgmn/SourcePackages/checkouts/SwiftDraw/DOM/Sources/Parser.XML.Color.swift /Users/rogerlin/Library/Developer/Xcode/DerivedData/FinancialCalculatorKit-ackorybalcxbfocbkqsfdzcfkgmn/SourcePackages/checkouts/SwiftDraw/DOM/Sources/Parser.XML.Element.swift /Users/rogerlin/Library/Developer/Xcode/DerivedData/FinancialCalculatorKit-ackorybalcxbfocbkqsfdzcfkgmn/SourcePackages/checkouts/SwiftDraw/DOM/Sources/Parser.XML.Filter.swift /Users/rogerlin/Library/Developer/Xcode/DerivedData/FinancialCalculatorKit-ackorybalcxbfocbkqsfdzcfkgmn/SourcePackages/checkouts/SwiftDraw/DOM/Sources/Parser.XML.Image.swift /Users/rogerlin/Library/Developer/Xcode/DerivedData/FinancialCalculatorKit-ackorybalcxbfocbkqsfdzcfkgmn/SourcePackages/checkouts/SwiftDraw/DOM/Sources/Parser.XML.LinearGradient.swift /Users/rogerlin/Library/Developer/Xcode/DerivedData/FinancialCalculatorKit-ackorybalcxbfocbkqsfdzcfkgmn/SourcePackages/checkouts/SwiftDraw/DOM/Sources/Parser.XML.Path.swift /Users/rogerlin/Library/Developer/Xcode/DerivedData/FinancialCalculatorKit-ackorybalcxbfocbkqsfdzcfkgmn/SourcePackages/checkouts/SwiftDraw/DOM/Sources/Parser.XML.Pattern.swift /Users/rogerlin/Library/Developer/Xcode/DerivedData/FinancialCalculatorKit-ackorybalcxbfocbkqsfdzcfkgmn/SourcePackages/checkouts/SwiftDraw/DOM/Sources/Parser.XML.RadialGradient.swift -primary-file /Users/rogerlin/Library/Developer/Xcode/DerivedData/FinancialCalculatorKit-ackorybalcxbfocbkqsfdzcfkgmn/SourcePackages/checkouts/SwiftDraw/DOM/Sources/Parser.XML.SVG.swift -primary-file /Users/rogerlin/Library/Developer/Xcode/DerivedData/FinancialCalculatorKit-ackorybalcxbfocbkqsfdzcfkgmn/SourcePackages/checkouts/SwiftDraw/DOM/Sources/Parser.XML.Scanner.swift /Users/rogerlin/Library/Developer/Xcode/DerivedData/FinancialCalculatorKit-ackorybalcxbfocbkqsfdzcfkgmn/SourcePackages/checkouts/SwiftDraw/DOM/Sources/Parser.XML.StyleSheet.swift /Users/rogerlin/Library/Developer/Xcode/DerivedData/FinancialCalculatorKit-ackorybalcxbfocbkqsfdzcfkgmn/SourcePackages/checkouts/SwiftDraw/DOM/Sources/Parser.XML.Text.swift /Users/rogerlin/Library/Developer/Xcode/DerivedData/FinancialCalculatorKit-ackorybalcxbfocbkqsfdzcfkgmn/SourcePackages/checkouts/SwiftDraw/DOM/Sources/Parser.XML.Transform.swift /Users/rogerlin/Library/Developer/Xcode/DerivedData/FinancialCalculatorKit-ackorybalcxbfocbkqsfdzcfkgmn/SourcePackages/checkouts/SwiftDraw/DOM/Sources/Parser.XML.Use.swift /Users/rogerlin/Library/Developer/Xcode/DerivedData/FinancialCalculatorKit-ackorybalcxbfocbkqsfdzcfkgmn/SourcePackages/checkouts/SwiftDraw/DOM/Sources/Parser.XML.swift /Users/rogerlin/Library/Developer/Xcode/DerivedData/FinancialCalculatorKit-ackorybalcxbfocbkqsfdzcfkgmn/SourcePackages/checkouts/SwiftDraw/DOM/Sources/TextOutputStream+StandardError.swift /Users/rogerlin/Library/Developer/Xcode/DerivedData/FinancialCalculatorKit-ackorybalcxbfocbkqsfdzcfkgmn/SourcePackages/checkouts/SwiftDraw/DOM/Sources/URL+Data.swift /Users/rogerlin/Library/Developer/Xcode/DerivedData/FinancialCalculatorKit-ackorybalcxbfocbkqsfdzcfkgmn/SourcePackages/checkouts/SwiftDraw/DOM/Sources/URL+Fragment.swift /Users/rogerlin/Library/Developer/Xcode/DerivedData/FinancialCalculatorKit-ackorybalcxbfocbkqsfdzcfkgmn/SourcePackages/checkouts/SwiftDraw/DOM/Sources/XML.Element.swift /Users/rogerlin/Library/Developer/Xcode/DerivedData/FinancialCalculatorKit-ackorybalcxbfocbkqsfdzcfkgmn/SourcePackages/checkouts/SwiftDraw/DOM/Sources/XML.SAXParser.swift -emit-dependencies-path /Users/rogerlin/Library/Developer/Xcode/DerivedData/FinancialCalculatorKit-ackorybalcxbfocbkqsfdzcfkgmn/Build/Intermediates.noindex/SwiftDraw.build/Debug/SwiftDrawDOM.build/Objects-normal/arm64/Parser.XML.SVG.d -emit-const-values-path /Users/rogerlin/Library/Developer/Xcode/DerivedData/FinancialCalculatorKit-ackorybalcxbfocbkqsfdzcfkgmn/Build/Intermediates.noindex/SwiftDraw.build/Debug/SwiftDrawDOM.build/Objects-normal/arm64/Parser.XML.SVG.swiftconstvalues -emit-reference-dependencies-path /Users/rogerlin/Library/Developer/Xcode/DerivedData/FinancialCalculatorKit-ackorybalcxbfocbkqsfdzcfkgmn/Build/Intermediates.noindex/SwiftDraw.build/Debug/SwiftDrawDOM.build/Objects-normal/arm64/Parser.XML.SVG.swiftdeps -serialize-diagnostics-path /Users/rogerlin/Library/Developer/Xcode/DerivedData/FinancialCalculatorKit-ackorybalcxbfocbkqsfdzcfkgmn/Build/Intermediates.noindex/SwiftDraw.build/Debug/SwiftDrawDOM.build/Objects-normal/arm64/Parser.XML.SVG.dia -emit-dependencies-path /Users/rogerlin/Library/Developer/Xcode/DerivedData/FinancialCalculatorKit-ackorybalcxbfocbkqsfdzcfkgmn/Build/Intermediates.noindex/SwiftDraw.build/Debug/SwiftDrawDOM.build/Objects-normal/arm64/Parser.XML.Scanner.d -emit-const-values-path /Users/rogerlin/Library/Developer/Xcode/DerivedData/FinancialCalculatorKit-ackorybalcxbfocbkqsfdzcfkgmn/Build/Intermediates.noindex/SwiftDraw.build/Debug/SwiftDrawDOM.build/Objects-normal/arm64/Parser.XML.Scanner.swiftconstvalues -emit-reference-dependencies-path /Users/rogerlin/Library/Developer/Xcode/DerivedData/FinancialCalculatorKit-ackorybalcxbfocbkqsfdzcfkgmn/Build/Intermediates.noindex/SwiftDraw.build/Debug/SwiftDrawDOM.build/Objects-normal/arm64/Parser.XML.Scanner.swiftdeps -serialize-diagnostics-path /Users/rogerlin/Library/Developer/Xcode/DerivedData/FinancialCalculatorKit-ackorybalcxbfocbkqsfdzcfkgmn/Build/Intermediates.noindex/SwiftDraw.build/Debug/SwiftDrawDOM.build/Objects-normal/arm64/Parser.XML.Scanner.dia -target arm64-apple-macos10.15 -module-can-import-version Darwin 347.40.2 0 -load-resolved-plugin /Applications/Xcode.app/Contents/Developer/Platforms/MacOSX.platform/Developer/usr/lib/swift/host/plugins/libFoundationMacros.dylib\#/Applications/Xcode.app/Contents/Developer/Platforms/MacOSX.platform/Developer/usr/bin/swift-plugin-server\#FoundationMacros -load-resolved-plugin /Applications/Xcode.app/Contents/Developer/Platforms/MacOSX.platform/Developer/usr/lib/swift/host/plugins/libObservationMacros.dylib\#/Applications/Xcode.app/Contents/Developer/Platforms/MacOSX.platform/Developer/usr/bin/swift-plugin-server\#ObservationMacros -load-resolved-plugin /Applications/Xcode.app/Contents/Developer/Platforms/MacOSX.platform/Developer/usr/lib/swift/host/plugins/libSwiftMacros.dylib\#/Applications/Xcode.app/Contents/Developer/Platforms/MacOSX.platform/Developer/usr/bin/swift-plugin-server\#SwiftMacros -disable-implicit-swift-modules -Xcc -fno-implicit-modules -Xcc -fno-implicit-module-maps -explicit-swift-module-map-file /Users/rogerlin/Library/Developer/Xcode/DerivedData/FinancialCalculatorKit-ackorybalcxbfocbkqsfdzcfkgmn/Build/Intermediates.noindex/SwiftDraw.build/Debug/SwiftDrawDOM.build/Objects-normal/arm64/SwiftDrawDOM-dependencies-1.json -Xllvm -aarch64-use-tbi -enable-objc-interop -stack-check -sdk /Applications/Xcode.app/Contents/Developer/Platforms/MacOSX.platform/Developer/SDKs/MacOSX26.1.sdk -I /Users/rogerlin/Library/Developer/Xcode/DerivedData/FinancialCalculatorKit-ackorybalcxbfocbkqsfdzcfkgmn/Build/Products/Debug -Isystem /Applications/Xcode.app/Contents/Developer/Platforms/MacOSX.platform/Developer/usr/lib -F /Users/rogerlin/Library/Developer/Xcode/DerivedData/FinancialCalculatorKit-ackorybalcxbfocbkqsfdzcfkgmn/Build/Products/Debug -F /Applications/Xcode.app/Contents/Developer/Platforms/MacOSX.platform/Developer/Library/Frameworks -no-color-diagnostics -Xcc -fno-color-diagnostics -enable-testing -g -debug-info-format\=dwarf -dwarf-version\=4 -module-cache-path /Users/rogerlin/Library/Developer/Xcode/DerivedData/FinancialCalculatorKit-ackorybalcxbfocbkqsfdzcfkgmn/Build/Intermediates.noindex/SwiftExplicitPrecompiledModules -suppress-warnings -profile-generate -profile-coverage-mapping -swift-version 6 -enforce-exclusivity\=checked -Onone -D SWIFT_PACKAGE -D DEBUG -D SWIFT_MODULE_RESOURCE_BUNDLE_UNAVAILABLE -D Xcode -serialize-debugging-options -const-gather-protocols-file /Users/rogerlin/Library/Developer/Xcode/DerivedData/FinancialCalculatorKit-ackorybalcxbfocbkqsfdzcfkgmn/Build/Intermediates.noindex/SwiftDraw.build/Debug/SwiftDrawDOM.build/Objects-normal/arm64/SwiftDrawDOM_const_extract_protocols.json -enable-experimental-feature DebugDescriptionMacro -empty-abi-descriptor -user-module-version 0.22.0 -validate-clang-modules-once -clang-build-session-file /Users/rogerlin/Library/Developer/Xcode/DerivedData/ModuleCache.noindex/Session.modulevalidation -Xcc -working-directory -Xcc /Users/rogerlin/XCode-Projects/FinancialCalculatorKit-5.0-updated-accent-colors/FinancialCalculatorKit.xcodeproj -enable-anonymous-context-mangled-names -file-compilation-dir /Users/rogerlin/XCode-Projects/FinancialCalculatorKit-5.0-updated-accent-colors/FinancialCalculatorKit.xcodeproj -Xcc -D_LIBCPP_HARDENING_MODE\=_LIBCPP_HARDENING_MODE_DEBUG -Xcc -ivfsstatcache -Xcc /Users/rogerlin/Library/Developer/Xcode/DerivedData/SDKStatCaches.noindex/macosx26.1-25B74-3ae1261907bdadc328169391a47051a6.sdkstatcache -Xcc -I/Users/rogerlin/Library/Developer/Xcode/DerivedData/FinancialCalculatorKit-ackorybalcxbfocbkqsfdzcfkgmn/Build/Intermediates.noindex/SwiftDraw.build/Debug/SwiftDrawDOM.build/swift-overrides.hmap -Xcc -I/Users/rogerlin/Library/Developer/Xcode/DerivedData/FinancialCalculatorKit-ackorybalcxbfocbkqsfdzcfkgmn/Build/Products/Debug/include -Xcc -I/Users/rogerlin/Library/Developer/Xcode/DerivedData/FinancialCalculatorKit-ackorybalcxbfocbkqsfdzcfkgmn/Build/Intermediates.noindex/SwiftDraw.build/Debug/SwiftDrawDOM.build/DerivedSources-normal/arm64 -Xcc -I/Users/rogerlin/Library/Developer/Xcode/DerivedData/FinancialCalculatorKit-ackorybalcxbfocbkqsfdzcfkgmn/Build/Intermediates.noindex/SwiftDraw.build/Debug/SwiftDrawDOM.build/DerivedSources/arm64 -Xcc -I/Users/rogerlin/Library/Developer/Xcode/DerivedData/FinancialCalculatorKit-ackorybalcxbfocbkqsfdzcfkgmn/Build/Intermediates.noindex/SwiftDraw.build/Debug/SwiftDrawDOM.build/DerivedSources -Xcc -DSWIFT_PACKAGE -Xcc -DDEBUG\=1 -no-auto-bridging-header-chaining -module-name SwiftDrawDOM -package-name swiftdraw -frontend-parseable-output -disable-clang-spi -target-sdk-version 26.1 -target-sdk-name macosx26.1 -clang-target arm64-apple-macos26.1 -in-process-plugin-server-path /Applications/Xcode.app/Contents/Developer/Toolchains/XcodeDefault.xctoolchain/usr/lib/swift/host/libSwiftInProcPluginServer.dylib -o /Users/rogerlin/Library/Developer/Xcode/DerivedData/FinancialCalculatorKit-ackorybalcxbfocbkqsfdzcfkgmn/Build/Intermediates.noindex/SwiftDraw.build/Debug/SwiftDrawDOM.build/Objects-normal/arm64/Parser.XML.SVG.o -o /Users/rogerlin/Library/Developer/Xcode/DerivedData/FinancialCalculatorKit-ackorybalcxbfocbkqsfdzcfkgmn/Build/Intermediates.noindex/SwiftDraw.build/Debug/SwiftDrawDOM.build/Objects-normal/arm64/Parser.XML.Scanner.o -index-unit-output-path /SwiftDraw.build/Debug/SwiftDrawDOM.build/Objects-normal/arm64/Parser.XML.SVG.o -index-unit-output-path /SwiftDraw.build/Debug/SwiftDrawDOM.build/Objects-normal/arm64/Parser.XML.Scanner.o -index-store-path /Users/rogerlin/Library/Developer/Xcode/DerivedData/FinancialCalculatorKit-ackorybalcxbfocbkqsfdzcfkgmn/Index.noindex/DataStore -index-system-modules

SwiftCompile normal arm64 /Users/rogerlin/Library/Developer/Xcode/DerivedData/FinancialCalculatorKit-ackorybalcxbfocbkqsfdzcfkgmn/SourcePackages/checkouts/SwiftDraw/DOM/Sources/Parser.XML.SVG.swift (in target 'SwiftDrawDOM' from project 'SwiftDraw')
    cd /Users/rogerlin/XCode-Projects/FinancialCalculatorKit-5.0-updated-accent-colors/FinancialCalculatorKit.xcodeproj
    

SwiftCompile normal arm64 /Users/rogerlin/Library/Developer/Xcode/DerivedData/FinancialCalculatorKit-ackorybalcxbfocbkqsfdzcfkgmn/SourcePackages/checkouts/SwiftDraw/DOM/Sources/Parser.XML.Scanner.swift (in target 'SwiftDrawDOM' from project 'SwiftDraw')
    cd /Users/rogerlin/XCode-Projects/FinancialCalculatorKit-5.0-updated-accent-colors/FinancialCalculatorKit.xcodeproj
    

SwiftDriverJobDiscovery normal arm64 Compiling XML.Element.swift, XML.SAXParser.swift (in target 'SwiftDrawDOM' from project 'SwiftDraw')

SwiftDriver\ Compilation RealModule normal arm64 com.apple.xcode.tools.swift.compiler (in target 'RealModule' from project 'swift-numerics')
    cd /Users/rogerlin/XCode-Projects/FinancialCalculatorKit-5.0-updated-accent-colors/FinancialCalculatorKit.xcodeproj
    builtin-Swift-Compilation -- /Applications/Xcode.app/Contents/Developer/Toolchains/XcodeDefault.xctoolchain/usr/bin/swiftc -module-name RealModule -Onone -enforce-exclusivity\=checked @/Users/rogerlin/Library/Developer/Xcode/DerivedData/FinancialCalculatorKit-ackorybalcxbfocbkqsfdzcfkgmn/Build/Intermediates.noindex/swift-numerics.build/Debug/RealModule.build/Objects-normal/arm64/RealModule.SwiftFileList -DSWIFT_PACKAGE -DDEBUG -DSWIFT_MODULE_RESOURCE_BUNDLE_UNAVAILABLE -DXcode -plugin-path /Applications/Xcode.app/Contents/Developer/Toolchains/XcodeDefault.xctoolchain/usr/lib/swift/host/plugins/testing -enable-experimental-feature DebugDescriptionMacro -sdk /Applications/Xcode.app/Contents/Developer/Platforms/MacOSX.platform/Developer/SDKs/MacOSX26.1.sdk -target arm64-apple-macos10.13 -g -module-cache-path /Users/rogerlin/Library/Developer/Xcode/DerivedData/ModuleCache.noindex -Xfrontend -serialize-debugging-options -profile-coverage-mapping -profile-generate -enable-testing -suppress-warnings -index-store-path /Users/rogerlin/Library/Developer/Xcode/DerivedData/FinancialCalculatorKit-ackorybalcxbfocbkqsfdzcfkgmn/Index.noindex/DataStore -Xcc -D_LIBCPP_HARDENING_MODE\=_LIBCPP_HARDENING_MODE_DEBUG -swift-version 5 -I /Users/rogerlin/Library/Developer/Xcode/DerivedData/FinancialCalculatorKit-ackorybalcxbfocbkqsfdzcfkgmn/Build/Products/Debug -Isystem /Applications/Xcode.app/Contents/Developer/Platforms/MacOSX.platform/Developer/usr/lib -F /Users/rogerlin/Library/Developer/Xcode/DerivedData/FinancialCalculatorKit-ackorybalcxbfocbkqsfdzcfkgmn/Build/Products/Debug/PackageFrameworks -F /Users/rogerlin/Library/Developer/Xcode/DerivedData/FinancialCalculatorKit-ackorybalcxbfocbkqsfdzcfkgmn/Build/Products/Debug -F /Applications/Xcode.app/Contents/Developer/Platforms/MacOSX.platform/Developer/Library/Frameworks -c -j16 -enable-batch-mode -incremental -Xcc -ivfsstatcache -Xcc /Users/rogerlin/Library/Developer/Xcode/DerivedData/SDKStatCaches.noindex/macosx26.1-25B74-3ae1261907bdadc328169391a47051a6.sdkstatcache -output-file-map /Users/rogerlin/Library/Developer/Xcode/DerivedData/FinancialCalculatorKit-ackorybalcxbfocbkqsfdzcfkgmn/Build/Intermediates.noindex/swift-numerics.build/Debug/RealModule.build/Objects-normal/arm64/RealModule-OutputFileMap.json -use-frontend-parseable-output -save-temps -no-color-diagnostics -explicit-module-build -module-cache-path /Users/rogerlin/Library/Developer/Xcode/DerivedData/FinancialCalculatorKit-ackorybalcxbfocbkqsfdzcfkgmn/Build/Intermediates.noindex/SwiftExplicitPrecompiledModules -clang-scanner-module-cache-path /Users/rogerlin/Library/Developer/Xcode/DerivedData/ModuleCache.noindex -sdk-module-cache-path /Users/rogerlin/Library/Developer/Xcode/DerivedData/ModuleCache.noindex -serialize-diagnostics -emit-dependencies -emit-module -emit-module-path /Users/rogerlin/Library/Developer/Xcode/DerivedData/FinancialCalculatorKit-ackorybalcxbfocbkqsfdzcfkgmn/Build/Intermediates.noindex/swift-numerics.build/Debug/RealModule.build/Objects-normal/arm64/RealModule.swiftmodule -validate-clang-modules-once -clang-build-session-file /Users/rogerlin/Library/Developer/Xcode/DerivedData/ModuleCache.noindex/Session.modulevalidation -Xcc -I/Users/rogerlin/Library/Developer/Xcode/DerivedData/FinancialCalculatorKit-ackorybalcxbfocbkqsfdzcfkgmn/Build/Intermediates.noindex/swift-numerics.build/Debug/RealModule.build/swift-overrides.hmap -emit-const-values -Xfrontend -const-gather-protocols-file -Xfrontend /Users/rogerlin/Library/Developer/Xcode/DerivedData/FinancialCalculatorKit-ackorybalcxbfocbkqsfdzcfkgmn/Build/Intermediates.noindex/swift-numerics.build/Debug/RealModule.build/Objects-normal/arm64/RealModule_const_extract_protocols.json -Xcc -I/Users/rogerlin/Library/Developer/Xcode/DerivedData/FinancialCalculatorKit-ackorybalcxbfocbkqsfdzcfkgmn/SourcePackages/checkouts/swift-numerics/Sources/_NumericsShims/include -Xcc -I/Users/rogerlin/Library/Developer/Xcode/DerivedData/FinancialCalculatorKit-ackorybalcxbfocbkqsfdzcfkgmn/Build/Products/Debug/include -Xcc -I/Users/rogerlin/Library/Developer/Xcode/DerivedData/FinancialCalculatorKit-ackorybalcxbfocbkqsfdzcfkgmn/Build/Intermediates.noindex/swift-numerics.build/Debug/RealModule.build/DerivedSources-normal/arm64 -Xcc -I/Users/rogerlin/Library/Developer/Xcode/DerivedData/FinancialCalculatorKit-ackorybalcxbfocbkqsfdzcfkgmn/Build/Intermediates.noindex/swift-numerics.build/Debug/RealModule.build/DerivedSources/arm64 -Xcc -I/Users/rogerlin/Library/Developer/Xcode/DerivedData/FinancialCalculatorKit-ackorybalcxbfocbkqsfdzcfkgmn/Build/Intermediates.noindex/swift-numerics.build/Debug/RealModule.build/DerivedSources -Xcc -DSWIFT_PACKAGE -Xcc -DDEBUG\=1 -emit-objc-header -emit-objc-header-path /Users/rogerlin/Library/Developer/Xcode/DerivedData/FinancialCalculatorKit-ackorybalcxbfocbkqsfdzcfkgmn/Build/Intermediates.noindex/swift-numerics.build/Debug/RealModule.build/Objects-normal/arm64/RealModule-Swift.h -working-directory /Users/rogerlin/XCode-Projects/FinancialCalculatorKit-5.0-updated-accent-colors/FinancialCalculatorKit.xcodeproj -experimental-emit-module-separately -disable-cmo

    Task input dependencies:
        /Users/rogerlin/Library/Developer/Xcode/DerivedData/FinancialCalculatorKit-ackorybalcxbfocbkqsfdzcfkgmn/SourcePackages/checkouts/swift-numerics/Sources/RealModule/AlgebraicField.swift
        /Users/rogerlin/Library/Developer/Xcode/DerivedData/FinancialCalculatorKit-ackorybalcxbfocbkqsfdzcfkgmn/SourcePackages/checkouts/swift-numerics/Sources/RealModule/ApproximateEquality.swift
        /Users/rogerlin/Library/Developer/Xcode/DerivedData/FinancialCalculatorKit-ackorybalcxbfocbkqsfdzcfkgmn/SourcePackages/checkouts/swift-numerics/Sources/RealModule/AugmentedArithmetic.swift
        /Users/rogerlin/Library/Developer/Xcode/DerivedData/FinancialCalculatorKit-ackorybalcxbfocbkqsfdzcfkgmn/SourcePackages/checkouts/swift-numerics/Sources/RealModule/Double+Real.swift
        /Users/rogerlin/Library/Developer/Xcode/DerivedData/FinancialCalculatorKit-ackorybalcxbfocbkqsfdzcfkgmn/SourcePackages/checkouts/swift-numerics/Sources/RealModule/ElementaryFunctions.swift
        /Users/rogerlin/Library/Developer/Xcode/DerivedData/FinancialCalculatorKit-ackorybalcxbfocbkqsfdzcfkgmn/SourcePackages/checkouts/swift-numerics/Sources/RealModule/Float+Real.swift
        /Users/rogerlin/Library/Developer/Xcode/DerivedData/FinancialCalculatorKit-ackorybalcxbfocbkqsfdzcfkgmn/SourcePackages/checkouts/swift-numerics/Sources/RealModule/Float16+Real.swift
        /Users/rogerlin/Library/Developer/Xcode/DerivedData/FinancialCalculatorKit-ackorybalcxbfocbkqsfdzcfkgmn/SourcePackages/checkouts/swift-numerics/Sources/RealModule/Float80+Real.swift
        /Users/rogerlin/Library/Developer/Xcode/DerivedData/FinancialCalculatorKit-ackorybalcxbfocbkqsfdzcfkgmn/SourcePackages/checkouts/swift-numerics/Sources/RealModule/Real.swift
        /Users/rogerlin/Library/Developer/Xcode/DerivedData/FinancialCalculatorKit-ackorybalcxbfocbkqsfdzcfkgmn/SourcePackages/checkouts/swift-numerics/Sources/RealModule/RealFunctions.swift
        /Users/rogerlin/Library/Developer/Xcode/DerivedData/FinancialCalculatorKit-ackorybalcxbfocbkqsfdzcfkgmn/Build/Intermediates.noindex/swift-numerics.build/Debug/RealModule.build/Objects-normal/arm64/RealModule.SwiftFileList
        /Users/rogerlin/Library/Developer/Xcode/DerivedData/FinancialCalculatorKit-ackorybalcxbfocbkqsfdzcfkgmn/Build/Intermediates.noindex/swift-numerics.build/Debug/RealModule.build/Objects-normal/arm64/RealModule-OutputFileMap.json
        /Users/rogerlin/Library/Developer/Xcode/DerivedData/FinancialCalculatorKit-ackorybalcxbfocbkqsfdzcfkgmn/Build/Intermediates.noindex/swift-numerics.build/Debug/RealModule.build/Objects-normal/arm64/RealModule_const_extract_protocols.json
        /Users/rogerlin/Library/Developer/Xcode/DerivedData/FinancialCalculatorKit-ackorybalcxbfocbkqsfdzcfkgmn/Build/Intermediates.noindex/GeneratedModuleMaps/RealModule.modulemap
        /Users/rogerlin/Library/Developer/Xcode/DerivedData/FinancialCalculatorKit-ackorybalcxbfocbkqsfdzcfkgmn/SourcePackages/checkouts/swift-numerics/Sources/RealModule/AlgebraicField.swift
        /Users/rogerlin/Library/Developer/Xcode/DerivedData/FinancialCalculatorKit-ackorybalcxbfocbkqsfdzcfkgmn/SourcePackages/checkouts/swift-numerics/Sources/RealModule/ApproximateEquality.swift
        /Users/rogerlin/Library/Developer/Xcode/DerivedData/FinancialCalculatorKit-ackorybalcxbfocbkqsfdzcfkgmn/SourcePackages/checkouts/swift-numerics/Sources/RealModule/AugmentedArithmetic.swift
        /Users/rogerlin/Library/Developer/Xcode/DerivedData/FinancialCalculatorKit-ackorybalcxbfocbkqsfdzcfkgmn/SourcePackages/checkouts/swift-numerics/Sources/RealModule/Double+Real.swift
        /Users/rogerlin/Library/Developer/Xcode/DerivedData/FinancialCalculatorKit-ackorybalcxbfocbkqsfdzcfkgmn/SourcePackages/checkouts/swift-numerics/Sources/RealModule/ElementaryFunctions.swift
        /Users/rogerlin/Library/Developer/Xcode/DerivedData/FinancialCalculatorKit-ackorybalcxbfocbkqsfdzcfkgmn/SourcePackages/checkouts/swift-numerics/Sources/RealModule/Float+Real.swift
        /Users/rogerlin/Library/Developer/Xcode/DerivedData/FinancialCalculatorKit-ackorybalcxbfocbkqsfdzcfkgmn/SourcePackages/checkouts/swift-numerics/Sources/RealModule/Float16+Real.swift
        /Users/rogerlin/Library/Developer/Xcode/DerivedData/FinancialCalculatorKit-ackorybalcxbfocbkqsfdzcfkgmn/SourcePackages/checkouts/swift-numerics/Sources/RealModule/Float80+Real.swift
        /Users/rogerlin/Library/Developer/Xcode/DerivedData/FinancialCalculatorKit-ackorybalcxbfocbkqsfdzcfkgmn/SourcePackages/checkouts/swift-numerics/Sources/RealModule/Real.swift
        /Users/rogerlin/Library/Developer/Xcode/DerivedData/FinancialCalculatorKit-ackorybalcxbfocbkqsfdzcfkgmn/SourcePackages/checkouts/swift-numerics/Sources/RealModule/RealFunctions.swift
        /Users/rogerlin/Library/Developer/Xcode/DerivedData/FinancialCalculatorKit-ackorybalcxbfocbkqsfdzcfkgmn/Build/Intermediates.noindex/swift-numerics.build/Debug/RealModule.build/Objects-normal/arm64/RealModule.SwiftFileList
        /Users/rogerlin/Library/Developer/Xcode/DerivedData/FinancialCalculatorKit-ackorybalcxbfocbkqsfdzcfkgmn/Build/Intermediates.noindex/swift-numerics.build/Debug/RealModule.build/Objects-normal/arm64/RealModule-OutputFileMap.json
        /Users/rogerlin/Library/Developer/Xcode/DerivedData/FinancialCalculatorKit-ackorybalcxbfocbkqsfdzcfkgmn/Build/Intermediates.noindex/swift-numerics.build/Debug/RealModule.build/Objects-normal/arm64/RealModule_const_extract_protocols.json
        /Users/rogerlin/Library/Developer/Xcode/DerivedData/FinancialCalculatorKit-ackorybalcxbfocbkqsfdzcfkgmn/Build/Intermediates.noindex/GeneratedModuleMaps/RealModule.modulemap
        <ClangStatCache /Users/rogerlin/Library/Developer/Xcode/DerivedData/SDKStatCaches.noindex/macosx26.1-25B74-3ae1261907bdadc328169391a47051a6.sdkstatcache>
        <target-RealModule-PACKAGE-TARGET:RealModule-SDKROOT:macosx:SDK_VARIANT:macos-generated-headers>
        <target-RealModule-PACKAGE-TARGET:RealModule-SDKROOT:macosx:SDK_VARIANT:macos-copy-headers-completion>
        <target-RealModule-PACKAGE-TARGET:RealModule-SDKROOT:macosx:SDK_VARIANT:macos-ModuleVerifierTaskProducer>
        <target-RealModule-PACKAGE-TARGET:RealModule-SDKROOT:macosx:SDK_VARIANT:macos-begin-compiling>
        <WorkspaceHeaderMapVFSFilesWritten>

    Task output dependencies:
        /Users/rogerlin/Library/Developer/Xcode/DerivedData/FinancialCalculatorKit-ackorybalcxbfocbkqsfdzcfkgmn/Build/Intermediates.noindex/swift-numerics.build/Debug/RealModule.build/Objects-normal/arm64/RealModule Swift Compilation Finished
        /Users/rogerlin/Library/Developer/Xcode/DerivedData/FinancialCalculatorKit-ackorybalcxbfocbkqsfdzcfkgmn/Build/Intermediates.noindex/swift-numerics.build/Debug/RealModule.build/Objects-normal/arm64/AlgebraicField.o
        /Users/rogerlin/Library/Developer/Xcode/DerivedData/FinancialCalculatorKit-ackorybalcxbfocbkqsfdzcfkgmn/Build/Intermediates.noindex/swift-numerics.build/Debug/RealModule.build/Objects-normal/arm64/ApproximateEquality.o
        /Users/rogerlin/Library/Developer/Xcode/DerivedData/FinancialCalculatorKit-ackorybalcxbfocbkqsfdzcfkgmn/Build/Intermediates.noindex/swift-numerics.build/Debug/RealModule.build/Objects-normal/arm64/AugmentedArithmetic.o
        /Users/rogerlin/Library/Developer/Xcode/DerivedData/FinancialCalculatorKit-ackorybalcxbfocbkqsfdzcfkgmn/Build/Intermediates.noindex/swift-numerics.build/Debug/RealModule.build/Objects-normal/arm64/Double+Real.o
        /Users/rogerlin/Library/Developer/Xcode/DerivedData/FinancialCalculatorKit-ackorybalcxbfocbkqsfdzcfkgmn/Build/Intermediates.noindex/swift-numerics.build/Debug/RealModule.build/Objects-normal/arm64/ElementaryFunctions.o
        /Users/rogerlin/Library/Developer/Xcode/DerivedData/FinancialCalculatorKit-ackorybalcxbfocbkqsfdzcfkgmn/Build/Intermediates.noindex/swift-numerics.build/Debug/RealModule.build/Objects-normal/arm64/Float+Real.o
        /Users/rogerlin/Library/Developer/Xcode/DerivedData/FinancialCalculatorKit-ackorybalcxbfocbkqsfdzcfkgmn/Build/Intermediates.noindex/swift-numerics.build/Debug/RealModule.build/Objects-normal/arm64/Float16+Real.o
        /Users/rogerlin/Library/Developer/Xcode/DerivedData/FinancialCalculatorKit-ackorybalcxbfocbkqsfdzcfkgmn/Build/Intermediates.noindex/swift-numerics.build/Debug/RealModule.build/Objects-normal/arm64/Float80+Real.o
        /Users/rogerlin/Library/Developer/Xcode/DerivedData/FinancialCalculatorKit-ackorybalcxbfocbkqsfdzcfkgmn/Build/Intermediates.noindex/swift-numerics.build/Debug/RealModule.build/Objects-normal/arm64/Real.o
        /Users/rogerlin/Library/Developer/Xcode/DerivedData/FinancialCalculatorKit-ackorybalcxbfocbkqsfdzcfkgmn/Build/Intermediates.noindex/swift-numerics.build/Debug/RealModule.build/Objects-normal/arm64/RealFunctions.o
        /Users/rogerlin/Library/Developer/Xcode/DerivedData/FinancialCalculatorKit-ackorybalcxbfocbkqsfdzcfkgmn/Build/Intermediates.noindex/swift-numerics.build/Debug/RealModule.build/Objects-normal/arm64/AlgebraicField.swiftconstvalues
        /Users/rogerlin/Library/Developer/Xcode/DerivedData/FinancialCalculatorKit-ackorybalcxbfocbkqsfdzcfkgmn/Build/Intermediates.noindex/swift-numerics.build/Debug/RealModule.build/Objects-normal/arm64/ApproximateEquality.swiftconstvalues
        /Users/rogerlin/Library/Developer/Xcode/DerivedData/FinancialCalculatorKit-ackorybalcxbfocbkqsfdzcfkgmn/Build/Intermediates.noindex/swift-numerics.build/Debug/RealModule.build/Objects-normal/arm64/AugmentedArithmetic.swiftconstvalues
        /Users/rogerlin/Library/Developer/Xcode/DerivedData/FinancialCalculatorKit-ackorybalcxbfocbkqsfdzcfkgmn/Build/Intermediates.noindex/swift-numerics.build/Debug/RealModule.build/Objects-normal/arm64/Double+Real.swiftconstvalues
        /Users/rogerlin/Library/Developer/Xcode/DerivedData/FinancialCalculatorKit-ackorybalcxbfocbkqsfdzcfkgmn/Build/Intermediates.noindex/swift-numerics.build/Debug/RealModule.build/Objects-normal/arm64/ElementaryFunctions.swiftconstvalues
        /Users/rogerlin/Library/Developer/Xcode/DerivedData/FinancialCalculatorKit-ackorybalcxbfocbkqsfdzcfkgmn/Build/Intermediates.noindex/swift-numerics.build/Debug/RealModule.build/Objects-normal/arm64/Float+Real.swiftconstvalues
        /Users/rogerlin/Library/Developer/Xcode/DerivedData/FinancialCalculatorKit-ackorybalcxbfocbkqsfdzcfkgmn/Build/Intermediates.noindex/swift-numerics.build/Debug/RealModule.build/Objects-normal/arm64/Float16+Real.swiftconstvalues
        /Users/rogerlin/Library/Developer/Xcode/DerivedData/FinancialCalculatorKit-ackorybalcxbfocbkqsfdzcfkgmn/Build/Intermediates.noindex/swift-numerics.build/Debug/RealModule.build/Objects-normal/arm64/Float80+Real.swiftconstvalues
        /Users/rogerlin/Library/Developer/Xcode/DerivedData/FinancialCalculatorKit-ackorybalcxbfocbkqsfdzcfkgmn/Build/Intermediates.noindex/swift-numerics.build/Debug/RealModule.build/Objects-normal/arm64/Real.swiftconstvalues
        /Users/rogerlin/Library/Developer/Xcode/DerivedData/FinancialCalculatorKit-ackorybalcxbfocbkqsfdzcfkgmn/Build/Intermediates.noindex/swift-numerics.build/Debug/RealModule.build/Objects-normal/arm64/RealFunctions.swiftconstvalues
Discovered dependency nodes:
/Applications/Xcode.app/Contents/Developer/Toolchains/XcodeDefault.xctoolchain/usr/lib/swift/macosx/prebuilt-modules/26.1/Swift.swiftmodule/arm64e-apple-macos.swiftmodule
/Applications/Xcode.app/Contents/Developer/Toolchains/XcodeDefault.xctoolchain/usr/lib/swift/macosx/prebuilt-modules/26.1/SwiftOnoneSupport.swiftmodule/arm64e-apple-macos.swiftmodule
/Applications/Xcode.app/Contents/Developer/Platforms/MacOSX.platform/Developer/SDKs/MacOSX26.1.sdk/usr/lib/swift/shims/module.modulemap
/Applications/Xcode.app/Contents/Developer/Platforms/MacOSX.platform/Developer/SDKs/MacOSX26.1.sdk/usr/lib/swift/shims/AssertionReporting.h
/Applications/Xcode.app/Contents/Developer/Platforms/MacOSX.platform/Developer/SDKs/MacOSX26.1.sdk/usr/lib/swift/shims/SwiftStdint.h
/Applications/Xcode.app/Contents/Developer/Platforms/MacOSX.platform/Developer/SDKs/MacOSX26.1.sdk/usr/lib/swift/shims/Visibility.h
/Applications/Xcode.app/Contents/Developer/Platforms/MacOSX.platform/Developer/SDKs/MacOSX26.1.sdk/usr/lib/swift/shims/CoreFoundationShims.h
/Applications/Xcode.app/Contents/Developer/Platforms/MacOSX.platform/Developer/SDKs/MacOSX26.1.sdk/usr/lib/swift/shims/ObjCShims.h
/Applications/Xcode.app/Contents/Developer/Platforms/MacOSX.platform/Developer/SDKs/MacOSX26.1.sdk/usr/lib/swift/shims/EmbeddedShims.h
/Applications/Xcode.app/Contents/Developer/Platforms/MacOSX.platform/Developer/SDKs/MacOSX26.1.sdk/usr/lib/swift/shims/SwiftStddef.h
/Applications/Xcode.app/Contents/Developer/Platforms/MacOSX.platform/Developer/SDKs/MacOSX26.1.sdk/usr/lib/swift/shims/FoundationShims.h
/Applications/Xcode.app/Contents/Developer/Platforms/MacOSX.platform/Developer/SDKs/MacOSX26.1.sdk/usr/lib/swift/shims/GlobalObjects.h
/Applications/Xcode.app/Contents/Developer/Platforms/MacOSX.platform/Developer/SDKs/MacOSX26.1.sdk/usr/lib/swift/shims/SwiftStdbool.h
/Applications/Xcode.app/Contents/Developer/Platforms/MacOSX.platform/Developer/SDKs/MacOSX26.1.sdk/usr/lib/swift/shims/HeapObject.h
/Applications/Xcode.app/Contents/Developer/Platforms/MacOSX.platform/Developer/SDKs/MacOSX26.1.sdk/usr/lib/swift/shims/RefCount.h
/Applications/Xcode.app/Contents/Developer/Platforms/MacOSX.platform/Developer/SDKs/MacOSX26.1.sdk/usr/lib/swift/shims/System.h
/Applications/Xcode.app/Contents/Developer/Platforms/MacOSX.platform/Developer/SDKs/MacOSX26.1.sdk/usr/lib/swift/shims/Target.h
/Applications/Xcode.app/Contents/Developer/Platforms/MacOSX.platform/Developer/SDKs/MacOSX26.1.sdk/usr/lib/swift/shims/KeyPath.h
/Applications/Xcode.app/Contents/Developer/Platforms/MacOSX.platform/Developer/SDKs/MacOSX26.1.sdk/usr/lib/swift/shims/LibcShims.h
/Applications/Xcode.app/Contents/Developer/Platforms/MacOSX.platform/Developer/SDKs/MacOSX26.1.sdk/usr/lib/swift/shims/MetadataSections.h
/Applications/Xcode.app/Contents/Developer/Platforms/MacOSX.platform/Developer/SDKs/MacOSX26.1.sdk/usr/lib/swift/shims/Random.h
/Applications/Xcode.app/Contents/Developer/Platforms/MacOSX.platform/Developer/SDKs/MacOSX26.1.sdk/usr/lib/swift/shims/Reflection.h
/Applications/Xcode.app/Contents/Developer/Platforms/MacOSX.platform/Developer/SDKs/MacOSX26.1.sdk/usr/lib/swift/shims/RuntimeShims.h
/Applications/Xcode.app/Contents/Developer/Platforms/MacOSX.platform/Developer/SDKs/MacOSX26.1.sdk/usr/lib/swift/shims/RuntimeStubs.h
/Applications/Xcode.app/Contents/Developer/Platforms/MacOSX.platform/Developer/SDKs/MacOSX26.1.sdk/usr/lib/swift/shims/ThreadLocalStorage.h
/Applications/Xcode.app/Contents/Developer/Platforms/MacOSX.platform/Developer/SDKs/MacOSX26.1.sdk/usr/lib/swift/shims/UnicodeData.h
/Applications/Xcode.app/Contents/Developer/Platforms/MacOSX.platform/Developer/SDKs/MacOSX26.1.sdk/SDKSettings.json
/Applications/Xcode.app/Contents/Developer/Toolchains/XcodeDefault.xctoolchain/usr/lib/swift/macosx/prebuilt-modules/26.1/_Concurrency.swiftmodule/arm64e-apple-macos.swiftmodule
/Users/rogerlin/Library/Developer/Xcode/DerivedData/FinancialCalculatorKit-ackorybalcxbfocbkqsfdzcfkgmn/SourcePackages/checkouts/swift-numerics/Sources/_NumericsShims/include/module.modulemap
/Users/rogerlin/Library/Developer/Xcode/DerivedData/FinancialCalculatorKit-ackorybalcxbfocbkqsfdzcfkgmn/SourcePackages/checkouts/swift-numerics/Sources/_NumericsShims/include/_NumericsShims.h
/Applications/Xcode.app/Contents/Developer/Platforms/MacOSX.platform/Developer/SDKs/MacOSX26.1.sdk/SDKSettings.json
/Applications/Xcode.app/Contents/Developer/Toolchains/XcodeDefault.xctoolchain/usr/lib/swift/macosx/prebuilt-modules/26.1/_StringProcessing.swiftmodule/arm64e-apple-macos.swiftmodule
/Applications/Xcode.app/Contents/Developer/Platforms/MacOSX.platform/Developer/SDKs/MacOSX26.1.sdk/usr/lib/swift/shims/module.modulemap
/Applications/Xcode.app/Contents/Developer/Platforms/MacOSX.platform/Developer/SDKs/MacOSX26.1.sdk/usr/lib/swift/shims/_SwiftConcurrency.h
/Applications/Xcode.app/Contents/Developer/Platforms/MacOSX.platform/Developer/SDKs/MacOSX26.1.sdk/SDKSettings.json

SwiftDriverJobDiscovery normal arm64 Compiling DOM.Switch.swift, DOM.Text.swift, DOM.Use.swift (in target 'SwiftDrawDOM' from project 'SwiftDraw')

SwiftCompile normal arm64 Compiling\ ColorOptions.swift,\ MathtoolsOptions.swift,\ NoundefinedOptions.swift /Users/rogerlin/Library/Developer/Xcode/DerivedData/FinancialCalculatorKit-ackorybalcxbfocbkqsfdzcfkgmn/SourcePackages/checkouts/MathJaxSwift/Sources/MathJaxSwift/Options/Input/TeX\ Packages/ColorOptions.swift /Users/rogerlin/Library/Developer/Xcode/DerivedData/FinancialCalculatorKit-ackorybalcxbfocbkqsfdzcfkgmn/SourcePackages/checkouts/MathJaxSwift/Sources/MathJaxSwift/Options/Input/TeX\ Packages/MathtoolsOptions.swift /Users/rogerlin/Library/Developer/Xcode/DerivedData/FinancialCalculatorKit-ackorybalcxbfocbkqsfdzcfkgmn/SourcePackages/checkouts/MathJaxSwift/Sources/MathJaxSwift/Options/Input/TeX\ Packages/NoundefinedOptions.swift (in target 'MathJaxSwift' from project 'MathJaxSwift')
/Applications/Xcode.app/Contents/Developer/Toolchains/XcodeDefault.xctoolchain/usr/bin/swift-frontend -frontend -c /Users/rogerlin/Library/Developer/Xcode/DerivedData/FinancialCalculatorKit-ackorybalcxbfocbkqsfdzcfkgmn/Build/Intermediates.noindex/MathJaxSwift.build/Debug/MathJaxSwift.build/DerivedSources/resource_bundle_accessor.swift /Users/rogerlin/Library/Developer/Xcode/DerivedData/FinancialCalculatorKit-ackorybalcxbfocbkqsfdzcfkgmn/SourcePackages/checkouts/MathJaxSwift/Sources/MathJaxSwift/Conversions/AM/AM2CHTML.swift /Users/rogerlin/Library/Developer/Xcode/DerivedData/FinancialCalculatorKit-ackorybalcxbfocbkqsfdzcfkgmn/SourcePackages/checkouts/MathJaxSwift/Sources/MathJaxSwift/Conversions/AM/AM2MML.swift /Users/rogerlin/Library/Developer/Xcode/DerivedData/FinancialCalculatorKit-ackorybalcxbfocbkqsfdzcfkgmn/SourcePackages/checkouts/MathJaxSwift/Sources/MathJaxSwift/Conversions/MML/MML2CHTML.swift /Users/rogerlin/Library/Developer/Xcode/DerivedData/FinancialCalculatorKit-ackorybalcxbfocbkqsfdzcfkgmn/SourcePackages/checkouts/MathJaxSwift/Sources/MathJaxSwift/Conversions/MML/MML2SVG.swift /Users/rogerlin/Library/Developer/Xcode/DerivedData/FinancialCalculatorKit-ackorybalcxbfocbkqsfdzcfkgmn/SourcePackages/checkouts/MathJaxSwift/Sources/MathJaxSwift/Conversions/TeX/TeX2CHTML.swift /Users/rogerlin/Library/Developer/Xcode/DerivedData/FinancialCalculatorKit-ackorybalcxbfocbkqsfdzcfkgmn/SourcePackages/checkouts/MathJaxSwift/Sources/MathJaxSwift/Conversions/TeX/TeX2MML.swift /Users/rogerlin/Library/Developer/Xcode/DerivedData/FinancialCalculatorKit-ackorybalcxbfocbkqsfdzcfkgmn/SourcePackages/checkouts/MathJaxSwift/Sources/MathJaxSwift/Conversions/TeX/TeX2SVG.swift /Users/rogerlin/Library/Developer/Xcode/DerivedData/FinancialCalculatorKit-ackorybalcxbfocbkqsfdzcfkgmn/SourcePackages/checkouts/MathJaxSwift/Sources/MathJaxSwift/Internal/Constants.swift /Users/rogerlin/Library/Developer/Xcode/DerivedData/FinancialCalculatorKit-ackorybalcxbfocbkqsfdzcfkgmn/SourcePackages/checkouts/MathJaxSwift/Sources/MathJaxSwift/Internal/Function.swift /Users/rogerlin/Library/Developer/Xcode/DerivedData/FinancialCalculatorKit-ackorybalcxbfocbkqsfdzcfkgmn/SourcePackages/checkouts/MathJaxSwift/Sources/MathJaxSwift/Internal/MathJaxError.swift /Users/rogerlin/Library/Developer/Xcode/DerivedData/FinancialCalculatorKit-ackorybalcxbfocbkqsfdzcfkgmn/SourcePackages/checkouts/MathJaxSwift/Sources/MathJaxSwift/Internal/PackageLock.swift /Users/rogerlin/Library/Developer/Xcode/DerivedData/FinancialCalculatorKit-ackorybalcxbfocbkqsfdzcfkgmn/SourcePackages/checkouts/MathJaxSwift/Sources/MathJaxSwift/Internal/Parsing/HTMLParser.swift /Users/rogerlin/Library/Developer/Xcode/DerivedData/FinancialCalculatorKit-ackorybalcxbfocbkqsfdzcfkgmn/SourcePackages/checkouts/MathJaxSwift/Sources/MathJaxSwift/Internal/Parsing/MMLParser.swift /Users/rogerlin/Library/Developer/Xcode/DerivedData/FinancialCalculatorKit-ackorybalcxbfocbkqsfdzcfkgmn/SourcePackages/checkouts/MathJaxSwift/Sources/MathJaxSwift/Internal/Parsing/Parser.swift /Users/rogerlin/Library/Developer/Xcode/DerivedData/FinancialCalculatorKit-ackorybalcxbfocbkqsfdzcfkgmn/SourcePackages/checkouts/MathJaxSwift/Sources/MathJaxSwift/Internal/Parsing/SVGParser.swift /Users/rogerlin/Library/Developer/Xcode/DerivedData/FinancialCalculatorKit-ackorybalcxbfocbkqsfdzcfkgmn/SourcePackages/checkouts/MathJaxSwift/Sources/MathJaxSwift/MathJax.swift /Users/rogerlin/Library/Developer/Xcode/DerivedData/FinancialCalculatorKit-ackorybalcxbfocbkqsfdzcfkgmn/SourcePackages/checkouts/MathJaxSwift/Sources/MathJaxSwift/Options/ConversionOptions.swift /Users/rogerlin/Library/Developer/Xcode/DerivedData/FinancialCalculatorKit-ackorybalcxbfocbkqsfdzcfkgmn/SourcePackages/checkouts/MathJaxSwift/Sources/MathJaxSwift/Options/Document/A11YOptions.swift /Users/rogerlin/Library/Developer/Xcode/DerivedData/FinancialCalculatorKit-ackorybalcxbfocbkqsfdzcfkgmn/SourcePackages/checkouts/MathJaxSwift/Sources/MathJaxSwift/Options/Document/DocumentOptions.swift /Users/rogerlin/Library/Developer/Xcode/DerivedData/FinancialCalculatorKit-ackorybalcxbfocbkqsfdzcfkgmn/SourcePackages/checkouts/MathJaxSwift/Sources/MathJaxSwift/Options/Document/Menu/MenuOptions.swift /Users/rogerlin/Library/Developer/Xcode/DerivedData/FinancialCalculatorKit-ackorybalcxbfocbkqsfdzcfkgmn/SourcePackages/checkouts/MathJaxSwift/Sources/MathJaxSwift/Options/Document/Menu/MenuOptionsSettings.swift /Users/rogerlin/Library/Developer/Xcode/DerivedData/FinancialCalculatorKit-ackorybalcxbfocbkqsfdzcfkgmn/SourcePackages/checkouts/MathJaxSwift/Sources/MathJaxSwift/Options/Document/SREOptions.swift /Users/rogerlin/Library/Developer/Xcode/DerivedData/FinancialCalculatorKit-ackorybalcxbfocbkqsfdzcfkgmn/SourcePackages/checkouts/MathJaxSwift/Sources/MathJaxSwift/Options/Document/Safe/AllowOptions.swift /Users/rogerlin/Library/Developer/Xcode/DerivedData/FinancialCalculatorKit-ackorybalcxbfocbkqsfdzcfkgmn/SourcePackages/checkouts/MathJaxSwift/Sources/MathJaxSwift/Options/Document/Safe/SafeOptions.swift /Users/rogerlin/Library/Developer/Xcode/DerivedData/FinancialCalculatorKit-ackorybalcxbfocbkqsfdzcfkgmn/SourcePackages/checkouts/MathJaxSwift/Sources/MathJaxSwift/Options/Document/Safe/SafeProtocols.swift /Users/rogerlin/Library/Developer/Xcode/DerivedData/FinancialCalculatorKit-ackorybalcxbfocbkqsfdzcfkgmn/SourcePackages/checkouts/MathJaxSwift/Sources/MathJaxSwift/Options/Document/Safe/SafeStyles.swift /Users/rogerlin/Library/Developer/Xcode/DerivedData/FinancialCalculatorKit-ackorybalcxbfocbkqsfdzcfkgmn/SourcePackages/checkouts/MathJaxSwift/Sources/MathJaxSwift/Options/Input/AMInputProcessorOptions.swift /Users/rogerlin/Library/Developer/Xcode/DerivedData/FinancialCalculatorKit-ackorybalcxbfocbkqsfdzcfkgmn/SourcePackages/checkouts/MathJaxSwift/Sources/MathJaxSwift/Options/Input/InputProcessorOptions.swift /Users/rogerlin/Library/Developer/Xcode/DerivedData/FinancialCalculatorKit-ackorybalcxbfocbkqsfdzcfkgmn/SourcePackages/checkouts/MathJaxSwift/Sources/MathJaxSwift/Options/Input/MMLInputProcessorOptions.swift /Users/rogerlin/Library/Developer/Xcode/DerivedData/FinancialCalculatorKit-ackorybalcxbfocbkqsfdzcfkgmn/SourcePackages/checkouts/MathJaxSwift/Sources/MathJaxSwift/Options/Input/TeX\ Packages/AMSCDOptions.swift /Users/rogerlin/Library/Developer/Xcode/DerivedData/FinancialCalculatorKit-ackorybalcxbfocbkqsfdzcfkgmn/SourcePackages/checkouts/MathJaxSwift/Sources/MathJaxSwift/Options/Input/TeX\ Packages/AMSOptions.swift /Users/rogerlin/Library/Developer/Xcode/DerivedData/FinancialCalculatorKit-ackorybalcxbfocbkqsfdzcfkgmn/SourcePackages/checkouts/MathJaxSwift/Sources/MathJaxSwift/Options/Input/TeX\ Packages/AutoloadOptions.swift -primary-file /Users/rogerlin/Library/Developer/Xcode/DerivedData/FinancialCalculatorKit-ackorybalcxbfocbkqsfdzcfkgmn/SourcePackages/checkouts/MathJaxSwift/Sources/MathJaxSwift/Options/Input/TeX\ Packages/ColorOptions.swift -primary-file /Users/rogerlin/Library/Developer/Xcode/DerivedData/FinancialCalculatorKit-ackorybalcxbfocbkqsfdzcfkgmn/SourcePackages/checkouts/MathJaxSwift/Sources/MathJaxSwift/Options/Input/TeX\ Packages/MathtoolsOptions.swift -primary-file /Users/rogerlin/Library/Developer/Xcode/DerivedData/FinancialCalculatorKit-ackorybalcxbfocbkqsfdzcfkgmn/SourcePackages/checkouts/MathJaxSwift/Sources/MathJaxSwift/Options/Input/TeX\ Packages/NoundefinedOptions.swift /Users/rogerlin/Library/Developer/Xcode/DerivedData/FinancialCalculatorKit-ackorybalcxbfocbkqsfdzcfkgmn/SourcePackages/checkouts/MathJaxSwift/Sources/MathJaxSwift/Options/Input/TeX\ Packages/PhysicsOptions.swift /Users/rogerlin/Library/Developer/Xcode/DerivedData/FinancialCalculatorKit-ackorybalcxbfocbkqsfdzcfkgmn/SourcePackages/checkouts/MathJaxSwift/Sources/MathJaxSwift/Options/Input/TeX\ Packages/RequireOptions.swift /Users/rogerlin/Library/Developer/Xcode/DerivedData/FinancialCalculatorKit-ackorybalcxbfocbkqsfdzcfkgmn/SourcePackages/checkouts/MathJaxSwift/Sources/MathJaxSwift/Options/Input/TeX\ Packages/SetOptions.swift /Users/rogerlin/Library/Developer/Xcode/DerivedData/FinancialCalculatorKit-ackorybalcxbfocbkqsfdzcfkgmn/SourcePackages/checkouts/MathJaxSwift/Sources/MathJaxSwift/Options/Input/TeX\ Packages/TagFormatOptions.swift /Users/rogerlin/Library/Developer/Xcode/DerivedData/FinancialCalculatorKit-ackorybalcxbfocbkqsfdzcfkgmn/SourcePackages/checkouts/MathJaxSwift/Sources/MathJaxSwift/Options/Input/TeXInputProcessorOptions.swift /Users/rogerlin/Library/Developer/Xcode/DerivedData/FinancialCalculatorKit-ackorybalcxbfocbkqsfdzcfkgmn/SourcePackages/checkouts/MathJaxSwift/Sources/MathJaxSwift/Options/Output/CHTMLOutputProcessorOptions.swift /Users/rogerlin/Library/Developer/Xcode/DerivedData/FinancialCalculatorKit-ackorybalcxbfocbkqsfdzcfkgmn/SourcePackages/checkouts/MathJaxSwift/Sources/MathJaxSwift/Options/Output/OutputProcessorOptions.swift /Users/rogerlin/Library/Developer/Xcode/DerivedData/FinancialCalculatorKit-ackorybalcxbfocbkqsfdzcfkgmn/SourcePackages/checkouts/MathJaxSwift/Sources/MathJaxSwift/Options/Output/SVGOutputProcessorOptions.swift -supplementary-output-file-map /Users/rogerlin/Library/Developer/Xcode/DerivedData/FinancialCalculatorKit-ackorybalcxbfocbkqsfdzcfkgmn/Build/Intermediates.noindex/MathJaxSwift.build/Debug/MathJaxSwift.build/Objects-normal/arm64/supplementaryOutputs-17 -target arm64-apple-macos10.15 -load-resolved-plugin /Applications/Xcode.app/Contents/Developer/Platforms/MacOSX.platform/Developer/usr/lib/swift/host/plugins/libFoundationMacros.dylib\#/Applications/Xcode.app/Contents/Developer/Platforms/MacOSX.platform/Developer/usr/bin/swift-plugin-server\#FoundationMacros -load-resolved-plugin /Applications/Xcode.app/Contents/Developer/Platforms/MacOSX.platform/Developer/usr/lib/swift/host/plugins/libObservationMacros.dylib\#/Applications/Xcode.app/Contents/Developer/Platforms/MacOSX.platform/Developer/usr/bin/swift-plugin-server\#ObservationMacros -load-resolved-plugin /Applications/Xcode.app/Contents/Developer/Platforms/MacOSX.platform/Developer/usr/lib/swift/host/plugins/libSwiftMacros.dylib\#/Applications/Xcode.app/Contents/Developer/Platforms/MacOSX.platform/Developer/usr/bin/swift-plugin-server\#SwiftMacros -disable-implicit-swift-modules -Xcc -fno-implicit-modules -Xcc -fno-implicit-module-maps -explicit-swift-module-map-file /Users/rogerlin/Library/Developer/Xcode/DerivedData/FinancialCalculatorKit-ackorybalcxbfocbkqsfdzcfkgmn/Build/Intermediates.noindex/MathJaxSwift.build/Debug/MathJaxSwift.build/Objects-normal/arm64/MathJaxSwift-dependencies-1.json -Xllvm -aarch64-use-tbi -enable-objc-interop -stack-check -sdk /Applications/Xcode.app/Contents/Developer/Platforms/MacOSX.platform/Developer/SDKs/MacOSX26.1.sdk -I /Users/rogerlin/Library/Developer/Xcode/DerivedData/FinancialCalculatorKit-ackorybalcxbfocbkqsfdzcfkgmn/Build/Products/Debug -Isystem /Applications/Xcode.app/Contents/Developer/Platforms/MacOSX.platform/Developer/usr/lib -F /Users/rogerlin/Library/Developer/Xcode/DerivedData/FinancialCalculatorKit-ackorybalcxbfocbkqsfdzcfkgmn/Build/Products/Debug -F /Applications/Xcode.app/Contents/Developer/Platforms/MacOSX.platform/Developer/Library/Frameworks -no-color-diagnostics -Xcc -fno-color-diagnostics -enable-testing -g -debug-info-format\=dwarf -dwarf-version\=4 -module-cache-path /Users/rogerlin/Library/Developer/Xcode/DerivedData/FinancialCalculatorKit-ackorybalcxbfocbkqsfdzcfkgmn/Build/Intermediates.noindex/SwiftExplicitPrecompiledModules -suppress-warnings -profile-generate -profile-coverage-mapping -swift-version 5 -enforce-exclusivity\=checked -Onone -D SWIFT_PACKAGE -D DEBUG -D SWIFT_MODULE_RESOURCE_BUNDLE_AVAILABLE -D Xcode -serialize-debugging-options -const-gather-protocols-file /Users/rogerlin/Library/Developer/Xcode/DerivedData/FinancialCalculatorKit-ackorybalcxbfocbkqsfdzcfkgmn/Build/Intermediates.noindex/MathJaxSwift.build/Debug/MathJaxSwift.build/Objects-normal/arm64/MathJaxSwift_const_extract_protocols.json -enable-experimental-feature DebugDescriptionMacro -empty-abi-descriptor -validate-clang-modules-once -clang-build-session-file /Users/rogerlin/Library/Developer/Xcode/DerivedData/ModuleCache.noindex/Session.modulevalidation -Xcc -working-directory -Xcc /Users/rogerlin/XCode-Projects/FinancialCalculatorKit-5.0-updated-accent-colors/FinancialCalculatorKit.xcodeproj -enable-anonymous-context-mangled-names -file-compilation-dir /Users/rogerlin/XCode-Projects/FinancialCalculatorKit-5.0-updated-accent-colors/FinancialCalculatorKit.xcodeproj -Xcc -D_LIBCPP_HARDENING_MODE\=_LIBCPP_HARDENING_MODE_DEBUG -Xcc -ivfsstatcache -Xcc /Users/rogerlin/Library/Developer/Xcode/DerivedData/SDKStatCaches.noindex/macosx26.1-25B74-3ae1261907bdadc328169391a47051a6.sdkstatcache -Xcc -I/Users/rogerlin/Library/Developer/Xcode/DerivedData/FinancialCalculatorKit-ackorybalcxbfocbkqsfdzcfkgmn/Build/Intermediates.noindex/MathJaxSwift.build/Debug/MathJaxSwift.build/swift-overrides.hmap -Xcc -I/Users/rogerlin/Library/Developer/Xcode/DerivedData/FinancialCalculatorKit-ackorybalcxbfocbkqsfdzcfkgmn/Build/Products/Debug/include -Xcc -I/Users/rogerlin/Library/Developer/Xcode/DerivedData/FinancialCalculatorKit-ackorybalcxbfocbkqsfdzcfkgmn/Build/Intermediates.noindex/MathJaxSwift.build/Debug/MathJaxSwift.build/DerivedSources-normal/arm64 -Xcc -I/Users/rogerlin/Library/Developer/Xcode/DerivedData/FinancialCalculatorKit-ackorybalcxbfocbkqsfdzcfkgmn/Build/Intermediates.noindex/MathJaxSwift.build/Debug/MathJaxSwift.build/DerivedSources/arm64 -Xcc -I/Users/rogerlin/Library/Developer/Xcode/DerivedData/FinancialCalculatorKit-ackorybalcxbfocbkqsfdzcfkgmn/Build/Intermediates.noindex/MathJaxSwift.build/Debug/MathJaxSwift.build/DerivedSources -Xcc -DSWIFT_PACKAGE -Xcc -DDEBUG\=1 -no-auto-bridging-header-chaining -module-name MathJaxSwift -frontend-parseable-output -disable-clang-spi -target-sdk-version 26.1 -target-sdk-name macosx26.1 -clang-target arm64-apple-macos26.1 -in-process-plugin-server-path /Applications/Xcode.app/Contents/Developer/Toolchains/XcodeDefault.xctoolchain/usr/lib/swift/host/libSwiftInProcPluginServer.dylib -o /Users/rogerlin/Library/Developer/Xcode/DerivedData/FinancialCalculatorKit-ackorybalcxbfocbkqsfdzcfkgmn/Build/Intermediates.noindex/MathJaxSwift.build/Debug/MathJaxSwift.build/Objects-normal/arm64/ColorOptions.o -o /Users/rogerlin/Library/Developer/Xcode/DerivedData/FinancialCalculatorKit-ackorybalcxbfocbkqsfdzcfkgmn/Build/Intermediates.noindex/MathJaxSwift.build/Debug/MathJaxSwift.build/Objects-normal/arm64/MathtoolsOptions.o -o /Users/rogerlin/Library/Developer/Xcode/DerivedData/FinancialCalculatorKit-ackorybalcxbfocbkqsfdzcfkgmn/Build/Intermediates.noindex/MathJaxSwift.build/Debug/MathJaxSwift.build/Objects-normal/arm64/NoundefinedOptions.o -index-unit-output-path /MathJaxSwift.build/Debug/MathJaxSwift.build/Objects-normal/arm64/ColorOptions.o -index-unit-output-path /MathJaxSwift.build/Debug/MathJaxSwift.build/Objects-normal/arm64/MathtoolsOptions.o -index-unit-output-path /MathJaxSwift.build/Debug/MathJaxSwift.build/Objects-normal/arm64/NoundefinedOptions.o -index-store-path /Users/rogerlin/Library/Developer/Xcode/DerivedData/FinancialCalculatorKit-ackorybalcxbfocbkqsfdzcfkgmn/Index.noindex/DataStore -index-system-modules

SwiftCompile normal arm64 /Users/rogerlin/Library/Developer/Xcode/DerivedData/FinancialCalculatorKit-ackorybalcxbfocbkqsfdzcfkgmn/SourcePackages/checkouts/MathJaxSwift/Sources/MathJaxSwift/Options/Input/TeX\ Packages/ColorOptions.swift (in target 'MathJaxSwift' from project 'MathJaxSwift')
    cd /Users/rogerlin/XCode-Projects/FinancialCalculatorKit-5.0-updated-accent-colors/FinancialCalculatorKit.xcodeproj
    

SwiftCompile normal arm64 /Users/rogerlin/Library/Developer/Xcode/DerivedData/FinancialCalculatorKit-ackorybalcxbfocbkqsfdzcfkgmn/SourcePackages/checkouts/MathJaxSwift/Sources/MathJaxSwift/Options/Input/TeX\ Packages/MathtoolsOptions.swift (in target 'MathJaxSwift' from project 'MathJaxSwift')
    cd /Users/rogerlin/XCode-Projects/FinancialCalculatorKit-5.0-updated-accent-colors/FinancialCalculatorKit.xcodeproj
    

SwiftCompile normal arm64 /Users/rogerlin/Library/Developer/Xcode/DerivedData/FinancialCalculatorKit-ackorybalcxbfocbkqsfdzcfkgmn/SourcePackages/checkouts/MathJaxSwift/Sources/MathJaxSwift/Options/Input/TeX\ Packages/NoundefinedOptions.swift (in target 'MathJaxSwift' from project 'MathJaxSwift')
    cd /Users/rogerlin/XCode-Projects/FinancialCalculatorKit-5.0-updated-accent-colors/FinancialCalculatorKit.xcodeproj
    

Ld /Users/rogerlin/Library/Developer/Xcode/DerivedData/FinancialCalculatorKit-ackorybalcxbfocbkqsfdzcfkgmn/Build/Products/Debug/RealModule.o normal (in target 'RealModule' from project 'swift-numerics')
    cd /Users/rogerlin/Library/Developer/Xcode/DerivedData/FinancialCalculatorKit-ackorybalcxbfocbkqsfdzcfkgmn/SourcePackages/checkouts/swift-numerics
    /Applications/Xcode.app/Contents/Developer/Toolchains/XcodeDefault.xctoolchain/usr/bin/clang -Xlinker -reproducible -target arm64-apple-macos10.13 -r -isysroot /Applications/Xcode.app/Contents/Developer/Platforms/MacOSX.platform/Developer/SDKs/MacOSX26.1.sdk -O0 -w -L/Users/rogerlin/Library/Developer/Xcode/DerivedData/FinancialCalculatorKit-ackorybalcxbfocbkqsfdzcfkgmn/Build/Intermediates.noindex/EagerLinkingTBDs/Debug -L/Users/rogerlin/Library/Developer/Xcode/DerivedData/FinancialCalculatorKit-ackorybalcxbfocbkqsfdzcfkgmn/Build/Products/Debug -L/Applications/Xcode.app/Contents/Developer/Platforms/MacOSX.platform/Developer/usr/lib -F/Users/rogerlin/Library/Developer/Xcode/DerivedData/FinancialCalculatorKit-ackorybalcxbfocbkqsfdzcfkgmn/Build/Intermediates.noindex/EagerLinkingTBDs/Debug -F/Users/rogerlin/Library/Developer/Xcode/DerivedData/FinancialCalculatorKit-ackorybalcxbfocbkqsfdzcfkgmn/Build/Products/Debug/PackageFrameworks -F/Users/rogerlin/Library/Developer/Xcode/DerivedData/FinancialCalculatorKit-ackorybalcxbfocbkqsfdzcfkgmn/Build/Products/Debug -iframework /Applications/Xcode.app/Contents/Developer/Platforms/MacOSX.platform/Developer/Library/Frameworks -filelist /Users/rogerlin/Library/Developer/Xcode/DerivedData/FinancialCalculatorKit-ackorybalcxbfocbkqsfdzcfkgmn/Build/Intermediates.noindex/swift-numerics.build/Debug/RealModule.build/Objects-normal/arm64/RealModule.LinkFileList -nostdlib -Xlinker -object_path_lto -Xlinker /Users/rogerlin/Library/Developer/Xcode/DerivedData/FinancialCalculatorKit-ackorybalcxbfocbkqsfdzcfkgmn/Build/Intermediates.noindex/swift-numerics.build/Debug/RealModule.build/Objects-normal/arm64/RealModule_lto.o -rdynamic -Xlinker -no_deduplicate -Xlinker -debug_variant -Xlinker -dependency_info -Xlinker /Users/rogerlin/Library/Developer/Xcode/DerivedData/FinancialCalculatorKit-ackorybalcxbfocbkqsfdzcfkgmn/Build/Intermediates.noindex/swift-numerics.build/Debug/RealModule.build/Objects-normal/arm64/RealModule_dependency_info.dat -fobjc-link-runtime -L/Applications/Xcode.app/Contents/Developer/Toolchains/XcodeDefault.xctoolchain/usr/lib/swift/macosx -L/usr/lib/swift -Xlinker -add_ast_path -Xlinker /Users/rogerlin/Library/Developer/Xcode/DerivedData/FinancialCalculatorKit-ackorybalcxbfocbkqsfdzcfkgmn/Build/Intermediates.noindex/swift-numerics.build/Debug/RealModule.build/Objects-normal/arm64/RealModule.swiftmodule @/Users/rogerlin/Library/Developer/Xcode/DerivedData/FinancialCalculatorKit-ackorybalcxbfocbkqsfdzcfkgmn/Build/Intermediates.noindex/swift-numerics.build/Debug/RealModule.build/Objects-normal/arm64/RealModule-linker-args.resp -o /Users/rogerlin/Library/Developer/Xcode/DerivedData/FinancialCalculatorKit-ackorybalcxbfocbkqsfdzcfkgmn/Build/Products/Debug/RealModule.o

    Task input dependencies:
        /Users/rogerlin/Library/Developer/Xcode/DerivedData/FinancialCalculatorKit-ackorybalcxbfocbkqsfdzcfkgmn/Build/Intermediates.noindex/swift-numerics.build/Debug/RealModule.build/Objects-normal/arm64/AlgebraicField.o
        /Users/rogerlin/Library/Developer/Xcode/DerivedData/FinancialCalculatorKit-ackorybalcxbfocbkqsfdzcfkgmn/Build/Intermediates.noindex/swift-numerics.build/Debug/RealModule.build/Objects-normal/arm64/ApproximateEquality.o
        /Users/rogerlin/Library/Developer/Xcode/DerivedData/FinancialCalculatorKit-ackorybalcxbfocbkqsfdzcfkgmn/Build/Intermediates.noindex/swift-numerics.build/Debug/RealModule.build/Objects-normal/arm64/AugmentedArithmetic.o
        /Users/rogerlin/Library/Developer/Xcode/DerivedData/FinancialCalculatorKit-ackorybalcxbfocbkqsfdzcfkgmn/Build/Intermediates.noindex/swift-numerics.build/Debug/RealModule.build/Objects-normal/arm64/Double+Real.o
        /Users/rogerlin/Library/Developer/Xcode/DerivedData/FinancialCalculatorKit-ackorybalcxbfocbkqsfdzcfkgmn/Build/Intermediates.noindex/swift-numerics.build/Debug/RealModule.build/Objects-normal/arm64/ElementaryFunctions.o
        /Users/rogerlin/Library/Developer/Xcode/DerivedData/FinancialCalculatorKit-ackorybalcxbfocbkqsfdzcfkgmn/Build/Intermediates.noindex/swift-numerics.build/Debug/RealModule.build/Objects-normal/arm64/Float+Real.o
        /Users/rogerlin/Library/Developer/Xcode/DerivedData/FinancialCalculatorKit-ackorybalcxbfocbkqsfdzcfkgmn/Build/Intermediates.noindex/swift-numerics.build/Debug/RealModule.build/Objects-normal/arm64/Float16+Real.o
        /Users/rogerlin/Library/Developer/Xcode/DerivedData/FinancialCalculatorKit-ackorybalcxbfocbkqsfdzcfkgmn/Build/Intermediates.noindex/swift-numerics.build/Debug/RealModule.build/Objects-normal/arm64/Float80+Real.o
        /Users/rogerlin/Library/Developer/Xcode/DerivedData/FinancialCalculatorKit-ackorybalcxbfocbkqsfdzcfkgmn/Build/Intermediates.noindex/swift-numerics.build/Debug/RealModule.build/Objects-normal/arm64/Real.o
        /Users/rogerlin/Library/Developer/Xcode/DerivedData/FinancialCalculatorKit-ackorybalcxbfocbkqsfdzcfkgmn/Build/Intermediates.noindex/swift-numerics.build/Debug/RealModule.build/Objects-normal/arm64/RealFunctions.o
        /Users/rogerlin/Library/Developer/Xcode/DerivedData/FinancialCalculatorKit-ackorybalcxbfocbkqsfdzcfkgmn/Build/Intermediates.noindex/swift-numerics.build/Debug/RealModule.build/Objects-normal/arm64/RealModule.LinkFileList
        /Users/rogerlin/Library/Developer/Xcode/DerivedData/FinancialCalculatorKit-ackorybalcxbfocbkqsfdzcfkgmn/Build/Products/Debug
        /Users/rogerlin/Library/Developer/Xcode/DerivedData/FinancialCalculatorKit-ackorybalcxbfocbkqsfdzcfkgmn/Build/Products/Debug/PackageFrameworks

    Task output dependencies:
        /Users/rogerlin/Library/Developer/Xcode/DerivedData/FinancialCalculatorKit-ackorybalcxbfocbkqsfdzcfkgmn/Build/Products/Debug/RealModule.o
        /Users/rogerlin/Library/Developer/Xcode/DerivedData/FinancialCalculatorKit-ackorybalcxbfocbkqsfdzcfkgmn/Build/Intermediates.noindex/swift-numerics.build/Debug/RealModule.build/Objects-normal/arm64/RealModule_lto.o
        /Users/rogerlin/Library/Developer/Xcode/DerivedData/FinancialCalculatorKit-ackorybalcxbfocbkqsfdzcfkgmn/Build/Intermediates.noindex/swift-numerics.build/Debug/RealModule.build/Objects-normal/arm64/RealModule_dependency_info.dat

SwiftDriverJobDiscovery normal arm64 Compiling DOM.Filter.swift, DOM.Image.swift, DOM.LinearGradient.swift (in target 'SwiftDrawDOM' from project 'SwiftDraw')

SwiftDriverJobDiscovery normal arm64 Compiling Parser.XML.Pattern.swift, Parser.XML.RadialGradient.swift (in target 'SwiftDrawDOM' from project 'SwiftDraw')

SwiftCompile normal arm64 Compiling\ MML2CHTML.swift,\ MML2SVG.swift,\ TeX2CHTML.swift /Users/rogerlin/Library/Developer/Xcode/DerivedData/FinancialCalculatorKit-ackorybalcxbfocbkqsfdzcfkgmn/SourcePackages/checkouts/MathJaxSwift/Sources/MathJaxSwift/Conversions/MML/MML2CHTML.swift /Users/rogerlin/Library/Developer/Xcode/DerivedData/FinancialCalculatorKit-ackorybalcxbfocbkqsfdzcfkgmn/SourcePackages/checkouts/MathJaxSwift/Sources/MathJaxSwift/Conversions/MML/MML2SVG.swift /Users/rogerlin/Library/Developer/Xcode/DerivedData/FinancialCalculatorKit-ackorybalcxbfocbkqsfdzcfkgmn/SourcePackages/checkouts/MathJaxSwift/Sources/MathJaxSwift/Conversions/TeX/TeX2CHTML.swift (in target 'MathJaxSwift' from project 'MathJaxSwift')
/Applications/Xcode.app/Contents/Developer/Toolchains/XcodeDefault.xctoolchain/usr/bin/swift-frontend -frontend -c /Users/rogerlin/Library/Developer/Xcode/DerivedData/FinancialCalculatorKit-ackorybalcxbfocbkqsfdzcfkgmn/Build/Intermediates.noindex/MathJaxSwift.build/Debug/MathJaxSwift.build/DerivedSources/resource_bundle_accessor.swift /Users/rogerlin/Library/Developer/Xcode/DerivedData/FinancialCalculatorKit-ackorybalcxbfocbkqsfdzcfkgmn/SourcePackages/checkouts/MathJaxSwift/Sources/MathJaxSwift/Conversions/AM/AM2CHTML.swift /Users/rogerlin/Library/Developer/Xcode/DerivedData/FinancialCalculatorKit-ackorybalcxbfocbkqsfdzcfkgmn/SourcePackages/checkouts/MathJaxSwift/Sources/MathJaxSwift/Conversions/AM/AM2MML.swift -primary-file /Users/rogerlin/Library/Developer/Xcode/DerivedData/FinancialCalculatorKit-ackorybalcxbfocbkqsfdzcfkgmn/SourcePackages/checkouts/MathJaxSwift/Sources/MathJaxSwift/Conversions/MML/MML2CHTML.swift -primary-file /Users/rogerlin/Library/Developer/Xcode/DerivedData/FinancialCalculatorKit-ackorybalcxbfocbkqsfdzcfkgmn/SourcePackages/checkouts/MathJaxSwift/Sources/MathJaxSwift/Conversions/MML/MML2SVG.swift -primary-file /Users/rogerlin/Library/Developer/Xcode/DerivedData/FinancialCalculatorKit-ackorybalcxbfocbkqsfdzcfkgmn/SourcePackages/checkouts/MathJaxSwift/Sources/MathJaxSwift/Conversions/TeX/TeX2CHTML.swift /Users/rogerlin/Library/Developer/Xcode/DerivedData/FinancialCalculatorKit-ackorybalcxbfocbkqsfdzcfkgmn/SourcePackages/checkouts/MathJaxSwift/Sources/MathJaxSwift/Conversions/TeX/TeX2MML.swift /Users/rogerlin/Library/Developer/Xcode/DerivedData/FinancialCalculatorKit-ackorybalcxbfocbkqsfdzcfkgmn/SourcePackages/checkouts/MathJaxSwift/Sources/MathJaxSwift/Conversions/TeX/TeX2SVG.swift /Users/rogerlin/Library/Developer/Xcode/DerivedData/FinancialCalculatorKit-ackorybalcxbfocbkqsfdzcfkgmn/SourcePackages/checkouts/MathJaxSwift/Sources/MathJaxSwift/Internal/Constants.swift /Users/rogerlin/Library/Developer/Xcode/DerivedData/FinancialCalculatorKit-ackorybalcxbfocbkqsfdzcfkgmn/SourcePackages/checkouts/MathJaxSwift/Sources/MathJaxSwift/Internal/Function.swift /Users/rogerlin/Library/Developer/Xcode/DerivedData/FinancialCalculatorKit-ackorybalcxbfocbkqsfdzcfkgmn/SourcePackages/checkouts/MathJaxSwift/Sources/MathJaxSwift/Internal/MathJaxError.swift /Users/rogerlin/Library/Developer/Xcode/DerivedData/FinancialCalculatorKit-ackorybalcxbfocbkqsfdzcfkgmn/SourcePackages/checkouts/MathJaxSwift/Sources/MathJaxSwift/Internal/PackageLock.swift /Users/rogerlin/Library/Developer/Xcode/DerivedData/FinancialCalculatorKit-ackorybalcxbfocbkqsfdzcfkgmn/SourcePackages/checkouts/MathJaxSwift/Sources/MathJaxSwift/Internal/Parsing/HTMLParser.swift /Users/rogerlin/Library/Developer/Xcode/DerivedData/FinancialCalculatorKit-ackorybalcxbfocbkqsfdzcfkgmn/SourcePackages/checkouts/MathJaxSwift/Sources/MathJaxSwift/Internal/Parsing/MMLParser.swift /Users/rogerlin/Library/Developer/Xcode/DerivedData/FinancialCalculatorKit-ackorybalcxbfocbkqsfdzcfkgmn/SourcePackages/checkouts/MathJaxSwift/Sources/MathJaxSwift/Internal/Parsing/Parser.swift /Users/rogerlin/Library/Developer/Xcode/DerivedData/FinancialCalculatorKit-ackorybalcxbfocbkqsfdzcfkgmn/SourcePackages/checkouts/MathJaxSwift/Sources/MathJaxSwift/Internal/Parsing/SVGParser.swift /Users/rogerlin/Library/Developer/Xcode/DerivedData/FinancialCalculatorKit-ackorybalcxbfocbkqsfdzcfkgmn/SourcePackages/checkouts/MathJaxSwift/Sources/MathJaxSwift/MathJax.swift /Users/rogerlin/Library/Developer/Xcode/DerivedData/FinancialCalculatorKit-ackorybalcxbfocbkqsfdzcfkgmn/SourcePackages/checkouts/MathJaxSwift/Sources/MathJaxSwift/Options/ConversionOptions.swift /Users/rogerlin/Library/Developer/Xcode/DerivedData/FinancialCalculatorKit-ackorybalcxbfocbkqsfdzcfkgmn/SourcePackages/checkouts/MathJaxSwift/Sources/MathJaxSwift/Options/Document/A11YOptions.swift /Users/rogerlin/Library/Developer/Xcode/DerivedData/FinancialCalculatorKit-ackorybalcxbfocbkqsfdzcfkgmn/SourcePackages/checkouts/MathJaxSwift/Sources/MathJaxSwift/Options/Document/DocumentOptions.swift /Users/rogerlin/Library/Developer/Xcode/DerivedData/FinancialCalculatorKit-ackorybalcxbfocbkqsfdzcfkgmn/SourcePackages/checkouts/MathJaxSwift/Sources/MathJaxSwift/Options/Document/Menu/MenuOptions.swift /Users/rogerlin/Library/Developer/Xcode/DerivedData/FinancialCalculatorKit-ackorybalcxbfocbkqsfdzcfkgmn/SourcePackages/checkouts/MathJaxSwift/Sources/MathJaxSwift/Options/Document/Menu/MenuOptionsSettings.swift /Users/rogerlin/Library/Developer/Xcode/DerivedData/FinancialCalculatorKit-ackorybalcxbfocbkqsfdzcfkgmn/SourcePackages/checkouts/MathJaxSwift/Sources/MathJaxSwift/Options/Document/SREOptions.swift /Users/rogerlin/Library/Developer/Xcode/DerivedData/FinancialCalculatorKit-ackorybalcxbfocbkqsfdzcfkgmn/SourcePackages/checkouts/MathJaxSwift/Sources/MathJaxSwift/Options/Document/Safe/AllowOptions.swift /Users/rogerlin/Library/Developer/Xcode/DerivedData/FinancialCalculatorKit-ackorybalcxbfocbkqsfdzcfkgmn/SourcePackages/checkouts/MathJaxSwift/Sources/MathJaxSwift/Options/Document/Safe/SafeOptions.swift /Users/rogerlin/Library/Developer/Xcode/DerivedData/FinancialCalculatorKit-ackorybalcxbfocbkqsfdzcfkgmn/SourcePackages/checkouts/MathJaxSwift/Sources/MathJaxSwift/Options/Document/Safe/SafeProtocols.swift /Users/rogerlin/Library/Developer/Xcode/DerivedData/FinancialCalculatorKit-ackorybalcxbfocbkqsfdzcfkgmn/SourcePackages/checkouts/MathJaxSwift/Sources/MathJaxSwift/Options/Document/Safe/SafeStyles.swift /Users/rogerlin/Library/Developer/Xcode/DerivedData/FinancialCalculatorKit-ackorybalcxbfocbkqsfdzcfkgmn/SourcePackages/checkouts/MathJaxSwift/Sources/MathJaxSwift/Options/Input/AMInputProcessorOptions.swift /Users/rogerlin/Library/Developer/Xcode/DerivedData/FinancialCalculatorKit-ackorybalcxbfocbkqsfdzcfkgmn/SourcePackages/checkouts/MathJaxSwift/Sources/MathJaxSwift/Options/Input/InputProcessorOptions.swift /Users/rogerlin/Library/Developer/Xcode/DerivedData/FinancialCalculatorKit-ackorybalcxbfocbkqsfdzcfkgmn/SourcePackages/checkouts/MathJaxSwift/Sources/MathJaxSwift/Options/Input/MMLInputProcessorOptions.swift /Users/rogerlin/Library/Developer/Xcode/DerivedData/FinancialCalculatorKit-ackorybalcxbfocbkqsfdzcfkgmn/SourcePackages/checkouts/MathJaxSwift/Sources/MathJaxSwift/Options/Input/TeX\ Packages/AMSCDOptions.swift /Users/rogerlin/Library/Developer/Xcode/DerivedData/FinancialCalculatorKit-ackorybalcxbfocbkqsfdzcfkgmn/SourcePackages/checkouts/MathJaxSwift/Sources/MathJaxSwift/Options/Input/TeX\ Packages/AMSOptions.swift /Users/rogerlin/Library/Developer/Xcode/DerivedData/FinancialCalculatorKit-ackorybalcxbfocbkqsfdzcfkgmn/SourcePackages/checkouts/MathJaxSwift/Sources/MathJaxSwift/Options/Input/TeX\ Packages/AutoloadOptions.swift /Users/rogerlin/Library/Developer/Xcode/DerivedData/FinancialCalculatorKit-ackorybalcxbfocbkqsfdzcfkgmn/SourcePackages/checkouts/MathJaxSwift/Sources/MathJaxSwift/Options/Input/TeX\ Packages/ColorOptions.swift /Users/rogerlin/Library/Developer/Xcode/DerivedData/FinancialCalculatorKit-ackorybalcxbfocbkqsfdzcfkgmn/SourcePackages/checkouts/MathJaxSwift/Sources/MathJaxSwift/Options/Input/TeX\ Packages/MathtoolsOptions.swift /Users/rogerlin/Library/Developer/Xcode/DerivedData/FinancialCalculatorKit-ackorybalcxbfocbkqsfdzcfkgmn/SourcePackages/checkouts/MathJaxSwift/Sources/MathJaxSwift/Options/Input/TeX\ Packages/NoundefinedOptions.swift /Users/rogerlin/Library/Developer/Xcode/DerivedData/FinancialCalculatorKit-ackorybalcxbfocbkqsfdzcfkgmn/SourcePackages/checkouts/MathJaxSwift/Sources/MathJaxSwift/Options/Input/TeX\ Packages/PhysicsOptions.swift /Users/rogerlin/Library/Developer/Xcode/DerivedData/FinancialCalculatorKit-ackorybalcxbfocbkqsfdzcfkgmn/SourcePackages/checkouts/MathJaxSwift/Sources/MathJaxSwift/Options/Input/TeX\ Packages/RequireOptions.swift /Users/rogerlin/Library/Developer/Xcode/DerivedData/FinancialCalculatorKit-ackorybalcxbfocbkqsfdzcfkgmn/SourcePackages/checkouts/MathJaxSwift/Sources/MathJaxSwift/Options/Input/TeX\ Packages/SetOptions.swift /Users/rogerlin/Library/Developer/Xcode/DerivedData/FinancialCalculatorKit-ackorybalcxbfocbkqsfdzcfkgmn/SourcePackages/checkouts/MathJaxSwift/Sources/MathJaxSwift/Options/Input/TeX\ Packages/TagFormatOptions.swift /Users/rogerlin/Library/Developer/Xcode/DerivedData/FinancialCalculatorKit-ackorybalcxbfocbkqsfdzcfkgmn/SourcePackages/checkouts/MathJaxSwift/Sources/MathJaxSwift/Options/Input/TeXInputProcessorOptions.swift /Users/rogerlin/Library/Developer/Xcode/DerivedData/FinancialCalculatorKit-ackorybalcxbfocbkqsfdzcfkgmn/SourcePackages/checkouts/MathJaxSwift/Sources/MathJaxSwift/Options/Output/CHTMLOutputProcessorOptions.swift /Users/rogerlin/Library/Developer/Xcode/DerivedData/FinancialCalculatorKit-ackorybalcxbfocbkqsfdzcfkgmn/SourcePackages/checkouts/MathJaxSwift/Sources/MathJaxSwift/Options/Output/OutputProcessorOptions.swift /Users/rogerlin/Library/Developer/Xcode/DerivedData/FinancialCalculatorKit-ackorybalcxbfocbkqsfdzcfkgmn/SourcePackages/checkouts/MathJaxSwift/Sources/MathJaxSwift/Options/Output/SVGOutputProcessorOptions.swift -supplementary-output-file-map /Users/rogerlin/Library/Developer/Xcode/DerivedData/FinancialCalculatorKit-ackorybalcxbfocbkqsfdzcfkgmn/Build/Intermediates.noindex/MathJaxSwift.build/Debug/MathJaxSwift.build/Objects-normal/arm64/supplementaryOutputs-7 -target arm64-apple-macos10.15 -load-resolved-plugin /Applications/Xcode.app/Contents/Developer/Platforms/MacOSX.platform/Developer/usr/lib/swift/host/plugins/libFoundationMacros.dylib\#/Applications/Xcode.app/Contents/Developer/Platforms/MacOSX.platform/Developer/usr/bin/swift-plugin-server\#FoundationMacros -load-resolved-plugin /Applications/Xcode.app/Contents/Developer/Platforms/MacOSX.platform/Developer/usr/lib/swift/host/plugins/libObservationMacros.dylib\#/Applications/Xcode.app/Contents/Developer/Platforms/MacOSX.platform/Developer/usr/bin/swift-plugin-server\#ObservationMacros -load-resolved-plugin /Applications/Xcode.app/Contents/Developer/Platforms/MacOSX.platform/Developer/usr/lib/swift/host/plugins/libSwiftMacros.dylib\#/Applications/Xcode.app/Contents/Developer/Platforms/MacOSX.platform/Developer/usr/bin/swift-plugin-server\#SwiftMacros -disable-implicit-swift-modules -Xcc -fno-implicit-modules -Xcc -fno-implicit-module-maps -explicit-swift-module-map-file /Users/rogerlin/Library/Developer/Xcode/DerivedData/FinancialCalculatorKit-ackorybalcxbfocbkqsfdzcfkgmn/Build/Intermediates.noindex/MathJaxSwift.build/Debug/MathJaxSwift.build/Objects-normal/arm64/MathJaxSwift-dependencies-1.json -Xllvm -aarch64-use-tbi -enable-objc-interop -stack-check -sdk /Applications/Xcode.app/Contents/Developer/Platforms/MacOSX.platform/Developer/SDKs/MacOSX26.1.sdk -I /Users/rogerlin/Library/Developer/Xcode/DerivedData/FinancialCalculatorKit-ackorybalcxbfocbkqsfdzcfkgmn/Build/Products/Debug -Isystem /Applications/Xcode.app/Contents/Developer/Platforms/MacOSX.platform/Developer/usr/lib -F /Users/rogerlin/Library/Developer/Xcode/DerivedData/FinancialCalculatorKit-ackorybalcxbfocbkqsfdzcfkgmn/Build/Products/Debug -F /Applications/Xcode.app/Contents/Developer/Platforms/MacOSX.platform/Developer/Library/Frameworks -no-color-diagnostics -Xcc -fno-color-diagnostics -enable-testing -g -debug-info-format\=dwarf -dwarf-version\=4 -module-cache-path /Users/rogerlin/Library/Developer/Xcode/DerivedData/FinancialCalculatorKit-ackorybalcxbfocbkqsfdzcfkgmn/Build/Intermediates.noindex/SwiftExplicitPrecompiledModules -suppress-warnings -profile-generate -profile-coverage-mapping -swift-version 5 -enforce-exclusivity\=checked -Onone -D SWIFT_PACKAGE -D DEBUG -D SWIFT_MODULE_RESOURCE_BUNDLE_AVAILABLE -D Xcode -serialize-debugging-options -const-gather-protocols-file /Users/rogerlin/Library/Developer/Xcode/DerivedData/FinancialCalculatorKit-ackorybalcxbfocbkqsfdzcfkgmn/Build/Intermediates.noindex/MathJaxSwift.build/Debug/MathJaxSwift.build/Objects-normal/arm64/MathJaxSwift_const_extract_protocols.json -enable-experimental-feature DebugDescriptionMacro -empty-abi-descriptor -validate-clang-modules-once -clang-build-session-file /Users/rogerlin/Library/Developer/Xcode/DerivedData/ModuleCache.noindex/Session.modulevalidation -Xcc -working-directory -Xcc /Users/rogerlin/XCode-Projects/FinancialCalculatorKit-5.0-updated-accent-colors/FinancialCalculatorKit.xcodeproj -enable-anonymous-context-mangled-names -file-compilation-dir /Users/rogerlin/XCode-Projects/FinancialCalculatorKit-5.0-updated-accent-colors/FinancialCalculatorKit.xcodeproj -Xcc -D_LIBCPP_HARDENING_MODE\=_LIBCPP_HARDENING_MODE_DEBUG -Xcc -ivfsstatcache -Xcc /Users/rogerlin/Library/Developer/Xcode/DerivedData/SDKStatCaches.noindex/macosx26.1-25B74-3ae1261907bdadc328169391a47051a6.sdkstatcache -Xcc -I/Users/rogerlin/Library/Developer/Xcode/DerivedData/FinancialCalculatorKit-ackorybalcxbfocbkqsfdzcfkgmn/Build/Intermediates.noindex/MathJaxSwift.build/Debug/MathJaxSwift.build/swift-overrides.hmap -Xcc -I/Users/rogerlin/Library/Developer/Xcode/DerivedData/FinancialCalculatorKit-ackorybalcxbfocbkqsfdzcfkgmn/Build/Products/Debug/include -Xcc -I/Users/rogerlin/Library/Developer/Xcode/DerivedData/FinancialCalculatorKit-ackorybalcxbfocbkqsfdzcfkgmn/Build/Intermediates.noindex/MathJaxSwift.build/Debug/MathJaxSwift.build/DerivedSources-normal/arm64 -Xcc -I/Users/rogerlin/Library/Developer/Xcode/DerivedData/FinancialCalculatorKit-ackorybalcxbfocbkqsfdzcfkgmn/Build/Intermediates.noindex/MathJaxSwift.build/Debug/MathJaxSwift.build/DerivedSources/arm64 -Xcc -I/Users/rogerlin/Library/Developer/Xcode/DerivedData/FinancialCalculatorKit-ackorybalcxbfocbkqsfdzcfkgmn/Build/Intermediates.noindex/MathJaxSwift.build/Debug/MathJaxSwift.build/DerivedSources -Xcc -DSWIFT_PACKAGE -Xcc -DDEBUG\=1 -no-auto-bridging-header-chaining -module-name MathJaxSwift -frontend-parseable-output -disable-clang-spi -target-sdk-version 26.1 -target-sdk-name macosx26.1 -clang-target arm64-apple-macos26.1 -in-process-plugin-server-path /Applications/Xcode.app/Contents/Developer/Toolchains/XcodeDefault.xctoolchain/usr/lib/swift/host/libSwiftInProcPluginServer.dylib -o /Users/rogerlin/Library/Developer/Xcode/DerivedData/FinancialCalculatorKit-ackorybalcxbfocbkqsfdzcfkgmn/Build/Intermediates.noindex/MathJaxSwift.build/Debug/MathJaxSwift.build/Objects-normal/arm64/MML2CHTML.o -o /Users/rogerlin/Library/Developer/Xcode/DerivedData/FinancialCalculatorKit-ackorybalcxbfocbkqsfdzcfkgmn/Build/Intermediates.noindex/MathJaxSwift.build/Debug/MathJaxSwift.build/Objects-normal/arm64/MML2SVG.o -o /Users/rogerlin/Library/Developer/Xcode/DerivedData/FinancialCalculatorKit-ackorybalcxbfocbkqsfdzcfkgmn/Build/Intermediates.noindex/MathJaxSwift.build/Debug/MathJaxSwift.build/Objects-normal/arm64/TeX2CHTML.o -index-unit-output-path /MathJaxSwift.build/Debug/MathJaxSwift.build/Objects-normal/arm64/MML2CHTML.o -index-unit-output-path /MathJaxSwift.build/Debug/MathJaxSwift.build/Objects-normal/arm64/MML2SVG.o -index-unit-output-path /MathJaxSwift.build/Debug/MathJaxSwift.build/Objects-normal/arm64/TeX2CHTML.o -index-store-path /Users/rogerlin/Library/Developer/Xcode/DerivedData/FinancialCalculatorKit-ackorybalcxbfocbkqsfdzcfkgmn/Index.noindex/DataStore -index-system-modules

SwiftCompile normal arm64 /Users/rogerlin/Library/Developer/Xcode/DerivedData/FinancialCalculatorKit-ackorybalcxbfocbkqsfdzcfkgmn/SourcePackages/checkouts/MathJaxSwift/Sources/MathJaxSwift/Conversions/MML/MML2CHTML.swift (in target 'MathJaxSwift' from project 'MathJaxSwift')
    cd /Users/rogerlin/XCode-Projects/FinancialCalculatorKit-5.0-updated-accent-colors/FinancialCalculatorKit.xcodeproj
    

SwiftCompile normal arm64 /Users/rogerlin/Library/Developer/Xcode/DerivedData/FinancialCalculatorKit-ackorybalcxbfocbkqsfdzcfkgmn/SourcePackages/checkouts/MathJaxSwift/Sources/MathJaxSwift/Conversions/MML/MML2SVG.swift (in target 'MathJaxSwift' from project 'MathJaxSwift')
    cd /Users/rogerlin/XCode-Projects/FinancialCalculatorKit-5.0-updated-accent-colors/FinancialCalculatorKit.xcodeproj
    

SwiftCompile normal arm64 /Users/rogerlin/Library/Developer/Xcode/DerivedData/FinancialCalculatorKit-ackorybalcxbfocbkqsfdzcfkgmn/SourcePackages/checkouts/MathJaxSwift/Sources/MathJaxSwift/Conversions/TeX/TeX2CHTML.swift (in target 'MathJaxSwift' from project 'MathJaxSwift')
    cd /Users/rogerlin/XCode-Projects/FinancialCalculatorKit-5.0-updated-accent-colors/FinancialCalculatorKit.xcodeproj
    

SwiftCompile normal arm64 Compiling\ SetOptions.swift,\ TagFormatOptions.swift /Users/rogerlin/Library/Developer/Xcode/DerivedData/FinancialCalculatorKit-ackorybalcxbfocbkqsfdzcfkgmn/SourcePackages/checkouts/MathJaxSwift/Sources/MathJaxSwift/Options/Input/TeX\ Packages/SetOptions.swift /Users/rogerlin/Library/Developer/Xcode/DerivedData/FinancialCalculatorKit-ackorybalcxbfocbkqsfdzcfkgmn/SourcePackages/checkouts/MathJaxSwift/Sources/MathJaxSwift/Options/Input/TeX\ Packages/TagFormatOptions.swift (in target 'MathJaxSwift' from project 'MathJaxSwift')
/Applications/Xcode.app/Contents/Developer/Toolchains/XcodeDefault.xctoolchain/usr/bin/swift-frontend -frontend -c /Users/rogerlin/Library/Developer/Xcode/DerivedData/FinancialCalculatorKit-ackorybalcxbfocbkqsfdzcfkgmn/Build/Intermediates.noindex/MathJaxSwift.build/Debug/MathJaxSwift.build/DerivedSources/resource_bundle_accessor.swift /Users/rogerlin/Library/Developer/Xcode/DerivedData/FinancialCalculatorKit-ackorybalcxbfocbkqsfdzcfkgmn/SourcePackages/checkouts/MathJaxSwift/Sources/MathJaxSwift/Conversions/AM/AM2CHTML.swift /Users/rogerlin/Library/Developer/Xcode/DerivedData/FinancialCalculatorKit-ackorybalcxbfocbkqsfdzcfkgmn/SourcePackages/checkouts/MathJaxSwift/Sources/MathJaxSwift/Conversions/AM/AM2MML.swift /Users/rogerlin/Library/Developer/Xcode/DerivedData/FinancialCalculatorKit-ackorybalcxbfocbkqsfdzcfkgmn/SourcePackages/checkouts/MathJaxSwift/Sources/MathJaxSwift/Conversions/MML/MML2CHTML.swift /Users/rogerlin/Library/Developer/Xcode/DerivedData/FinancialCalculatorKit-ackorybalcxbfocbkqsfdzcfkgmn/SourcePackages/checkouts/MathJaxSwift/Sources/MathJaxSwift/Conversions/MML/MML2SVG.swift /Users/rogerlin/Library/Developer/Xcode/DerivedData/FinancialCalculatorKit-ackorybalcxbfocbkqsfdzcfkgmn/SourcePackages/checkouts/MathJaxSwift/Sources/MathJaxSwift/Conversions/TeX/TeX2CHTML.swift /Users/rogerlin/Library/Developer/Xcode/DerivedData/FinancialCalculatorKit-ackorybalcxbfocbkqsfdzcfkgmn/SourcePackages/checkouts/MathJaxSwift/Sources/MathJaxSwift/Conversions/TeX/TeX2MML.swift /Users/rogerlin/Library/Developer/Xcode/DerivedData/FinancialCalculatorKit-ackorybalcxbfocbkqsfdzcfkgmn/SourcePackages/checkouts/MathJaxSwift/Sources/MathJaxSwift/Conversions/TeX/TeX2SVG.swift /Users/rogerlin/Library/Developer/Xcode/DerivedData/FinancialCalculatorKit-ackorybalcxbfocbkqsfdzcfkgmn/SourcePackages/checkouts/MathJaxSwift/Sources/MathJaxSwift/Internal/Constants.swift /Users/rogerlin/Library/Developer/Xcode/DerivedData/FinancialCalculatorKit-ackorybalcxbfocbkqsfdzcfkgmn/SourcePackages/checkouts/MathJaxSwift/Sources/MathJaxSwift/Internal/Function.swift /Users/rogerlin/Library/Developer/Xcode/DerivedData/FinancialCalculatorKit-ackorybalcxbfocbkqsfdzcfkgmn/SourcePackages/checkouts/MathJaxSwift/Sources/MathJaxSwift/Internal/MathJaxError.swift /Users/rogerlin/Library/Developer/Xcode/DerivedData/FinancialCalculatorKit-ackorybalcxbfocbkqsfdzcfkgmn/SourcePackages/checkouts/MathJaxSwift/Sources/MathJaxSwift/Internal/PackageLock.swift /Users/rogerlin/Library/Developer/Xcode/DerivedData/FinancialCalculatorKit-ackorybalcxbfocbkqsfdzcfkgmn/SourcePackages/checkouts/MathJaxSwift/Sources/MathJaxSwift/Internal/Parsing/HTMLParser.swift /Users/rogerlin/Library/Developer/Xcode/DerivedData/FinancialCalculatorKit-ackorybalcxbfocbkqsfdzcfkgmn/SourcePackages/checkouts/MathJaxSwift/Sources/MathJaxSwift/Internal/Parsing/MMLParser.swift /Users/rogerlin/Library/Developer/Xcode/DerivedData/FinancialCalculatorKit-ackorybalcxbfocbkqsfdzcfkgmn/SourcePackages/checkouts/MathJaxSwift/Sources/MathJaxSwift/Internal/Parsing/Parser.swift /Users/rogerlin/Library/Developer/Xcode/DerivedData/FinancialCalculatorKit-ackorybalcxbfocbkqsfdzcfkgmn/SourcePackages/checkouts/MathJaxSwift/Sources/MathJaxSwift/Internal/Parsing/SVGParser.swift /Users/rogerlin/Library/Developer/Xcode/DerivedData/FinancialCalculatorKit-ackorybalcxbfocbkqsfdzcfkgmn/SourcePackages/checkouts/MathJaxSwift/Sources/MathJaxSwift/MathJax.swift /Users/rogerlin/Library/Developer/Xcode/DerivedData/FinancialCalculatorKit-ackorybalcxbfocbkqsfdzcfkgmn/SourcePackages/checkouts/MathJaxSwift/Sources/MathJaxSwift/Options/ConversionOptions.swift /Users/rogerlin/Library/Developer/Xcode/DerivedData/FinancialCalculatorKit-ackorybalcxbfocbkqsfdzcfkgmn/SourcePackages/checkouts/MathJaxSwift/Sources/MathJaxSwift/Options/Document/A11YOptions.swift /Users/rogerlin/Library/Developer/Xcode/DerivedData/FinancialCalculatorKit-ackorybalcxbfocbkqsfdzcfkgmn/SourcePackages/checkouts/MathJaxSwift/Sources/MathJaxSwift/Options/Document/DocumentOptions.swift /Users/rogerlin/Library/Developer/Xcode/DerivedData/FinancialCalculatorKit-ackorybalcxbfocbkqsfdzcfkgmn/SourcePackages/checkouts/MathJaxSwift/Sources/MathJaxSwift/Options/Document/Menu/MenuOptions.swift /Users/rogerlin/Library/Developer/Xcode/DerivedData/FinancialCalculatorKit-ackorybalcxbfocbkqsfdzcfkgmn/SourcePackages/checkouts/MathJaxSwift/Sources/MathJaxSwift/Options/Document/Menu/MenuOptionsSettings.swift /Users/rogerlin/Library/Developer/Xcode/DerivedData/FinancialCalculatorKit-ackorybalcxbfocbkqsfdzcfkgmn/SourcePackages/checkouts/MathJaxSwift/Sources/MathJaxSwift/Options/Document/SREOptions.swift /Users/rogerlin/Library/Developer/Xcode/DerivedData/FinancialCalculatorKit-ackorybalcxbfocbkqsfdzcfkgmn/SourcePackages/checkouts/MathJaxSwift/Sources/MathJaxSwift/Options/Document/Safe/AllowOptions.swift /Users/rogerlin/Library/Developer/Xcode/DerivedData/FinancialCalculatorKit-ackorybalcxbfocbkqsfdzcfkgmn/SourcePackages/checkouts/MathJaxSwift/Sources/MathJaxSwift/Options/Document/Safe/SafeOptions.swift /Users/rogerlin/Library/Developer/Xcode/DerivedData/FinancialCalculatorKit-ackorybalcxbfocbkqsfdzcfkgmn/SourcePackages/checkouts/MathJaxSwift/Sources/MathJaxSwift/Options/Document/Safe/SafeProtocols.swift /Users/rogerlin/Library/Developer/Xcode/DerivedData/FinancialCalculatorKit-ackorybalcxbfocbkqsfdzcfkgmn/SourcePackages/checkouts/MathJaxSwift/Sources/MathJaxSwift/Options/Document/Safe/SafeStyles.swift /Users/rogerlin/Library/Developer/Xcode/DerivedData/FinancialCalculatorKit-ackorybalcxbfocbkqsfdzcfkgmn/SourcePackages/checkouts/MathJaxSwift/Sources/MathJaxSwift/Options/Input/AMInputProcessorOptions.swift /Users/rogerlin/Library/Developer/Xcode/DerivedData/FinancialCalculatorKit-ackorybalcxbfocbkqsfdzcfkgmn/SourcePackages/checkouts/MathJaxSwift/Sources/MathJaxSwift/Options/Input/InputProcessorOptions.swift /Users/rogerlin/Library/Developer/Xcode/DerivedData/FinancialCalculatorKit-ackorybalcxbfocbkqsfdzcfkgmn/SourcePackages/checkouts/MathJaxSwift/Sources/MathJaxSwift/Options/Input/MMLInputProcessorOptions.swift /Users/rogerlin/Library/Developer/Xcode/DerivedData/FinancialCalculatorKit-ackorybalcxbfocbkqsfdzcfkgmn/SourcePackages/checkouts/MathJaxSwift/Sources/MathJaxSwift/Options/Input/TeX\ Packages/AMSCDOptions.swift /Users/rogerlin/Library/Developer/Xcode/DerivedData/FinancialCalculatorKit-ackorybalcxbfocbkqsfdzcfkgmn/SourcePackages/checkouts/MathJaxSwift/Sources/MathJaxSwift/Options/Input/TeX\ Packages/AMSOptions.swift /Users/rogerlin/Library/Developer/Xcode/DerivedData/FinancialCalculatorKit-ackorybalcxbfocbkqsfdzcfkgmn/SourcePackages/checkouts/MathJaxSwift/Sources/MathJaxSwift/Options/Input/TeX\ Packages/AutoloadOptions.swift /Users/rogerlin/Library/Developer/Xcode/DerivedData/FinancialCalculatorKit-ackorybalcxbfocbkqsfdzcfkgmn/SourcePackages/checkouts/MathJaxSwift/Sources/MathJaxSwift/Options/Input/TeX\ Packages/ColorOptions.swift /Users/rogerlin/Library/Developer/Xcode/DerivedData/FinancialCalculatorKit-ackorybalcxbfocbkqsfdzcfkgmn/SourcePackages/checkouts/MathJaxSwift/Sources/MathJaxSwift/Options/Input/TeX\ Packages/MathtoolsOptions.swift /Users/rogerlin/Library/Developer/Xcode/DerivedData/FinancialCalculatorKit-ackorybalcxbfocbkqsfdzcfkgmn/SourcePackages/checkouts/MathJaxSwift/Sources/MathJaxSwift/Options/Input/TeX\ Packages/NoundefinedOptions.swift /Users/rogerlin/Library/Developer/Xcode/DerivedData/FinancialCalculatorKit-ackorybalcxbfocbkqsfdzcfkgmn/SourcePackages/checkouts/MathJaxSwift/Sources/MathJaxSwift/Options/Input/TeX\ Packages/PhysicsOptions.swift /Users/rogerlin/Library/Developer/Xcode/DerivedData/FinancialCalculatorKit-ackorybalcxbfocbkqsfdzcfkgmn/SourcePackages/checkouts/MathJaxSwift/Sources/MathJaxSwift/Options/Input/TeX\ Packages/RequireOptions.swift -primary-file /Users/rogerlin/Library/Developer/Xcode/DerivedData/FinancialCalculatorKit-ackorybalcxbfocbkqsfdzcfkgmn/SourcePackages/checkouts/MathJaxSwift/Sources/MathJaxSwift/Options/Input/TeX\ Packages/SetOptions.swift -primary-file /Users/rogerlin/Library/Developer/Xcode/DerivedData/FinancialCalculatorKit-ackorybalcxbfocbkqsfdzcfkgmn/SourcePackages/checkouts/MathJaxSwift/Sources/MathJaxSwift/Options/Input/TeX\ Packages/TagFormatOptions.swift /Users/rogerlin/Library/Developer/Xcode/DerivedData/FinancialCalculatorKit-ackorybalcxbfocbkqsfdzcfkgmn/SourcePackages/checkouts/MathJaxSwift/Sources/MathJaxSwift/Options/Input/TeXInputProcessorOptions.swift /Users/rogerlin/Library/Developer/Xcode/DerivedData/FinancialCalculatorKit-ackorybalcxbfocbkqsfdzcfkgmn/SourcePackages/checkouts/MathJaxSwift/Sources/MathJaxSwift/Options/Output/CHTMLOutputProcessorOptions.swift /Users/rogerlin/Library/Developer/Xcode/DerivedData/FinancialCalculatorKit-ackorybalcxbfocbkqsfdzcfkgmn/SourcePackages/checkouts/MathJaxSwift/Sources/MathJaxSwift/Options/Output/OutputProcessorOptions.swift /Users/rogerlin/Library/Developer/Xcode/DerivedData/FinancialCalculatorKit-ackorybalcxbfocbkqsfdzcfkgmn/SourcePackages/checkouts/MathJaxSwift/Sources/MathJaxSwift/Options/Output/SVGOutputProcessorOptions.swift -emit-dependencies-path /Users/rogerlin/Library/Developer/Xcode/DerivedData/FinancialCalculatorKit-ackorybalcxbfocbkqsfdzcfkgmn/Build/Intermediates.noindex/MathJaxSwift.build/Debug/MathJaxSwift.build/Objects-normal/arm64/SetOptions.d -emit-const-values-path /Users/rogerlin/Library/Developer/Xcode/DerivedData/FinancialCalculatorKit-ackorybalcxbfocbkqsfdzcfkgmn/Build/Intermediates.noindex/MathJaxSwift.build/Debug/MathJaxSwift.build/Objects-normal/arm64/SetOptions.swiftconstvalues -emit-reference-dependencies-path /Users/rogerlin/Library/Developer/Xcode/DerivedData/FinancialCalculatorKit-ackorybalcxbfocbkqsfdzcfkgmn/Build/Intermediates.noindex/MathJaxSwift.build/Debug/MathJaxSwift.build/Objects-normal/arm64/SetOptions.swiftdeps -serialize-diagnostics-path /Users/rogerlin/Library/Developer/Xcode/DerivedData/FinancialCalculatorKit-ackorybalcxbfocbkqsfdzcfkgmn/Build/Intermediates.noindex/MathJaxSwift.build/Debug/MathJaxSwift.build/Objects-normal/arm64/SetOptions.dia -emit-dependencies-path /Users/rogerlin/Library/Developer/Xcode/DerivedData/FinancialCalculatorKit-ackorybalcxbfocbkqsfdzcfkgmn/Build/Intermediates.noindex/MathJaxSwift.build/Debug/MathJaxSwift.build/Objects-normal/arm64/TagFormatOptions.d -emit-const-values-path /Users/rogerlin/Library/Developer/Xcode/DerivedData/FinancialCalculatorKit-ackorybalcxbfocbkqsfdzcfkgmn/Build/Intermediates.noindex/MathJaxSwift.build/Debug/MathJaxSwift.build/Objects-normal/arm64/TagFormatOptions.swiftconstvalues -emit-reference-dependencies-path /Users/rogerlin/Library/Developer/Xcode/DerivedData/FinancialCalculatorKit-ackorybalcxbfocbkqsfdzcfkgmn/Build/Intermediates.noindex/MathJaxSwift.build/Debug/MathJaxSwift.build/Objects-normal/arm64/TagFormatOptions.swiftdeps -serialize-diagnostics-path /Users/rogerlin/Library/Developer/Xcode/DerivedData/FinancialCalculatorKit-ackorybalcxbfocbkqsfdzcfkgmn/Build/Intermediates.noindex/MathJaxSwift.build/Debug/MathJaxSwift.build/Objects-normal/arm64/TagFormatOptions.dia -target arm64-apple-macos10.15 -load-resolved-plugin /Applications/Xcode.app/Contents/Developer/Platforms/MacOSX.platform/Developer/usr/lib/swift/host/plugins/libFoundationMacros.dylib\#/Applications/Xcode.app/Contents/Developer/Platforms/MacOSX.platform/Developer/usr/bin/swift-plugin-server\#FoundationMacros -load-resolved-plugin /Applications/Xcode.app/Contents/Developer/Platforms/MacOSX.platform/Developer/usr/lib/swift/host/plugins/libObservationMacros.dylib\#/Applications/Xcode.app/Contents/Developer/Platforms/MacOSX.platform/Developer/usr/bin/swift-plugin-server\#ObservationMacros -load-resolved-plugin /Applications/Xcode.app/Contents/Developer/Platforms/MacOSX.platform/Developer/usr/lib/swift/host/plugins/libSwiftMacros.dylib\#/Applications/Xcode.app/Contents/Developer/Platforms/MacOSX.platform/Developer/usr/bin/swift-plugin-server\#SwiftMacros -disable-implicit-swift-modules -Xcc -fno-implicit-modules -Xcc -fno-implicit-module-maps -explicit-swift-module-map-file /Users/rogerlin/Library/Developer/Xcode/DerivedData/FinancialCalculatorKit-ackorybalcxbfocbkqsfdzcfkgmn/Build/Intermediates.noindex/MathJaxSwift.build/Debug/MathJaxSwift.build/Objects-normal/arm64/MathJaxSwift-dependencies-1.json -Xllvm -aarch64-use-tbi -enable-objc-interop -stack-check -sdk /Applications/Xcode.app/Contents/Developer/Platforms/MacOSX.platform/Developer/SDKs/MacOSX26.1.sdk -I /Users/rogerlin/Library/Developer/Xcode/DerivedData/FinancialCalculatorKit-ackorybalcxbfocbkqsfdzcfkgmn/Build/Products/Debug -Isystem /Applications/Xcode.app/Contents/Developer/Platforms/MacOSX.platform/Developer/usr/lib -F /Users/rogerlin/Library/Developer/Xcode/DerivedData/FinancialCalculatorKit-ackorybalcxbfocbkqsfdzcfkgmn/Build/Products/Debug -F /Applications/Xcode.app/Contents/Developer/Platforms/MacOSX.platform/Developer/Library/Frameworks -no-color-diagnostics -Xcc -fno-color-diagnostics -enable-testing -g -debug-info-format\=dwarf -dwarf-version\=4 -module-cache-path /Users/rogerlin/Library/Developer/Xcode/DerivedData/FinancialCalculatorKit-ackorybalcxbfocbkqsfdzcfkgmn/Build/Intermediates.noindex/SwiftExplicitPrecompiledModules -suppress-warnings -profile-generate -profile-coverage-mapping -swift-version 5 -enforce-exclusivity\=checked -Onone -D SWIFT_PACKAGE -D DEBUG -D SWIFT_MODULE_RESOURCE_BUNDLE_AVAILABLE -D Xcode -serialize-debugging-options -const-gather-protocols-file /Users/rogerlin/Library/Developer/Xcode/DerivedData/FinancialCalculatorKit-ackorybalcxbfocbkqsfdzcfkgmn/Build/Intermediates.noindex/MathJaxSwift.build/Debug/MathJaxSwift.build/Objects-normal/arm64/MathJaxSwift_const_extract_protocols.json -enable-experimental-feature DebugDescriptionMacro -empty-abi-descriptor -validate-clang-modules-once -clang-build-session-file /Users/rogerlin/Library/Developer/Xcode/DerivedData/ModuleCache.noindex/Session.modulevalidation -Xcc -working-directory -Xcc /Users/rogerlin/XCode-Projects/FinancialCalculatorKit-5.0-updated-accent-colors/FinancialCalculatorKit.xcodeproj -enable-anonymous-context-mangled-names -file-compilation-dir /Users/rogerlin/XCode-Projects/FinancialCalculatorKit-5.0-updated-accent-colors/FinancialCalculatorKit.xcodeproj -Xcc -D_LIBCPP_HARDENING_MODE\=_LIBCPP_HARDENING_MODE_DEBUG -Xcc -ivfsstatcache -Xcc /Users/rogerlin/Library/Developer/Xcode/DerivedData/SDKStatCaches.noindex/macosx26.1-25B74-3ae1261907bdadc328169391a47051a6.sdkstatcache -Xcc -I/Users/rogerlin/Library/Developer/Xcode/DerivedData/FinancialCalculatorKit-ackorybalcxbfocbkqsfdzcfkgmn/Build/Intermediates.noindex/MathJaxSwift.build/Debug/MathJaxSwift.build/swift-overrides.hmap -Xcc -I/Users/rogerlin/Library/Developer/Xcode/DerivedData/FinancialCalculatorKit-ackorybalcxbfocbkqsfdzcfkgmn/Build/Products/Debug/include -Xcc -I/Users/rogerlin/Library/Developer/Xcode/DerivedData/FinancialCalculatorKit-ackorybalcxbfocbkqsfdzcfkgmn/Build/Intermediates.noindex/MathJaxSwift.build/Debug/MathJaxSwift.build/DerivedSources-normal/arm64 -Xcc -I/Users/rogerlin/Library/Developer/Xcode/DerivedData/FinancialCalculatorKit-ackorybalcxbfocbkqsfdzcfkgmn/Build/Intermediates.noindex/MathJaxSwift.build/Debug/MathJaxSwift.build/DerivedSources/arm64 -Xcc -I/Users/rogerlin/Library/Developer/Xcode/DerivedData/FinancialCalculatorKit-ackorybalcxbfocbkqsfdzcfkgmn/Build/Intermediates.noindex/MathJaxSwift.build/Debug/MathJaxSwift.build/DerivedSources -Xcc -DSWIFT_PACKAGE -Xcc -DDEBUG\=1 -no-auto-bridging-header-chaining -module-name MathJaxSwift -frontend-parseable-output -disable-clang-spi -target-sdk-version 26.1 -target-sdk-name macosx26.1 -clang-target arm64-apple-macos26.1 -in-process-plugin-server-path /Applications/Xcode.app/Contents/Developer/Toolchains/XcodeDefault.xctoolchain/usr/lib/swift/host/libSwiftInProcPluginServer.dylib -o /Users/rogerlin/Library/Developer/Xcode/DerivedData/FinancialCalculatorKit-ackorybalcxbfocbkqsfdzcfkgmn/Build/Intermediates.noindex/MathJaxSwift.build/Debug/MathJaxSwift.build/Objects-normal/arm64/SetOptions.o -o /Users/rogerlin/Library/Developer/Xcode/DerivedData/FinancialCalculatorKit-ackorybalcxbfocbkqsfdzcfkgmn/Build/Intermediates.noindex/MathJaxSwift.build/Debug/MathJaxSwift.build/Objects-normal/arm64/TagFormatOptions.o -index-unit-output-path /MathJaxSwift.build/Debug/MathJaxSwift.build/Objects-normal/arm64/SetOptions.o -index-unit-output-path /MathJaxSwift.build/Debug/MathJaxSwift.build/Objects-normal/arm64/TagFormatOptions.o -index-store-path /Users/rogerlin/Library/Developer/Xcode/DerivedData/FinancialCalculatorKit-ackorybalcxbfocbkqsfdzcfkgmn/Index.noindex/DataStore -index-system-modules

SwiftCompile normal arm64 /Users/rogerlin/Library/Developer/Xcode/DerivedData/FinancialCalculatorKit-ackorybalcxbfocbkqsfdzcfkgmn/SourcePackages/checkouts/MathJaxSwift/Sources/MathJaxSwift/Options/Input/TeX\ Packages/SetOptions.swift (in target 'MathJaxSwift' from project 'MathJaxSwift')
    cd /Users/rogerlin/XCode-Projects/FinancialCalculatorKit-5.0-updated-accent-colors/FinancialCalculatorKit.xcodeproj
    

SwiftCompile normal arm64 /Users/rogerlin/Library/Developer/Xcode/DerivedData/FinancialCalculatorKit-ackorybalcxbfocbkqsfdzcfkgmn/SourcePackages/checkouts/MathJaxSwift/Sources/MathJaxSwift/Options/Input/TeX\ Packages/TagFormatOptions.swift (in target 'MathJaxSwift' from project 'MathJaxSwift')
    cd /Users/rogerlin/XCode-Projects/FinancialCalculatorKit-5.0-updated-accent-colors/FinancialCalculatorKit.xcodeproj
    

SwiftDriverJobDiscovery normal arm64 Compiling DOM.Path.swift, DOM.Pattern.swift, DOM.PresentationAttributes.swift (in target 'SwiftDrawDOM' from project 'SwiftDraw')

SwiftCompile normal arm64 Compiling\ SafeOptions.swift,\ SafeProtocols.swift,\ SafeStyles.swift /Users/rogerlin/Library/Developer/Xcode/DerivedData/FinancialCalculatorKit-ackorybalcxbfocbkqsfdzcfkgmn/SourcePackages/checkouts/MathJaxSwift/Sources/MathJaxSwift/Options/Document/Safe/SafeOptions.swift /Users/rogerlin/Library/Developer/Xcode/DerivedData/FinancialCalculatorKit-ackorybalcxbfocbkqsfdzcfkgmn/SourcePackages/checkouts/MathJaxSwift/Sources/MathJaxSwift/Options/Document/Safe/SafeProtocols.swift /Users/rogerlin/Library/Developer/Xcode/DerivedData/FinancialCalculatorKit-ackorybalcxbfocbkqsfdzcfkgmn/SourcePackages/checkouts/MathJaxSwift/Sources/MathJaxSwift/Options/Document/Safe/SafeStyles.swift (in target 'MathJaxSwift' from project 'MathJaxSwift')
/Applications/Xcode.app/Contents/Developer/Toolchains/XcodeDefault.xctoolchain/usr/bin/swift-frontend -frontend -c /Users/rogerlin/Library/Developer/Xcode/DerivedData/FinancialCalculatorKit-ackorybalcxbfocbkqsfdzcfkgmn/Build/Intermediates.noindex/MathJaxSwift.build/Debug/MathJaxSwift.build/DerivedSources/resource_bundle_accessor.swift /Users/rogerlin/Library/Developer/Xcode/DerivedData/FinancialCalculatorKit-ackorybalcxbfocbkqsfdzcfkgmn/SourcePackages/checkouts/MathJaxSwift/Sources/MathJaxSwift/Conversions/AM/AM2CHTML.swift /Users/rogerlin/Library/Developer/Xcode/DerivedData/FinancialCalculatorKit-ackorybalcxbfocbkqsfdzcfkgmn/SourcePackages/checkouts/MathJaxSwift/Sources/MathJaxSwift/Conversions/AM/AM2MML.swift /Users/rogerlin/Library/Developer/Xcode/DerivedData/FinancialCalculatorKit-ackorybalcxbfocbkqsfdzcfkgmn/SourcePackages/checkouts/MathJaxSwift/Sources/MathJaxSwift/Conversions/MML/MML2CHTML.swift /Users/rogerlin/Library/Developer/Xcode/DerivedData/FinancialCalculatorKit-ackorybalcxbfocbkqsfdzcfkgmn/SourcePackages/checkouts/MathJaxSwift/Sources/MathJaxSwift/Conversions/MML/MML2SVG.swift /Users/rogerlin/Library/Developer/Xcode/DerivedData/FinancialCalculatorKit-ackorybalcxbfocbkqsfdzcfkgmn/SourcePackages/checkouts/MathJaxSwift/Sources/MathJaxSwift/Conversions/TeX/TeX2CHTML.swift /Users/rogerlin/Library/Developer/Xcode/DerivedData/FinancialCalculatorKit-ackorybalcxbfocbkqsfdzcfkgmn/SourcePackages/checkouts/MathJaxSwift/Sources/MathJaxSwift/Conversions/TeX/TeX2MML.swift /Users/rogerlin/Library/Developer/Xcode/DerivedData/FinancialCalculatorKit-ackorybalcxbfocbkqsfdzcfkgmn/SourcePackages/checkouts/MathJaxSwift/Sources/MathJaxSwift/Conversions/TeX/TeX2SVG.swift /Users/rogerlin/Library/Developer/Xcode/DerivedData/FinancialCalculatorKit-ackorybalcxbfocbkqsfdzcfkgmn/SourcePackages/checkouts/MathJaxSwift/Sources/MathJaxSwift/Internal/Constants.swift /Users/rogerlin/Library/Developer/Xcode/DerivedData/FinancialCalculatorKit-ackorybalcxbfocbkqsfdzcfkgmn/SourcePackages/checkouts/MathJaxSwift/Sources/MathJaxSwift/Internal/Function.swift /Users/rogerlin/Library/Developer/Xcode/DerivedData/FinancialCalculatorKit-ackorybalcxbfocbkqsfdzcfkgmn/SourcePackages/checkouts/MathJaxSwift/Sources/MathJaxSwift/Internal/MathJaxError.swift /Users/rogerlin/Library/Developer/Xcode/DerivedData/FinancialCalculatorKit-ackorybalcxbfocbkqsfdzcfkgmn/SourcePackages/checkouts/MathJaxSwift/Sources/MathJaxSwift/Internal/PackageLock.swift /Users/rogerlin/Library/Developer/Xcode/DerivedData/FinancialCalculatorKit-ackorybalcxbfocbkqsfdzcfkgmn/SourcePackages/checkouts/MathJaxSwift/Sources/MathJaxSwift/Internal/Parsing/HTMLParser.swift /Users/rogerlin/Library/Developer/Xcode/DerivedData/FinancialCalculatorKit-ackorybalcxbfocbkqsfdzcfkgmn/SourcePackages/checkouts/MathJaxSwift/Sources/MathJaxSwift/Internal/Parsing/MMLParser.swift /Users/rogerlin/Library/Developer/Xcode/DerivedData/FinancialCalculatorKit-ackorybalcxbfocbkqsfdzcfkgmn/SourcePackages/checkouts/MathJaxSwift/Sources/MathJaxSwift/Internal/Parsing/Parser.swift /Users/rogerlin/Library/Developer/Xcode/DerivedData/FinancialCalculatorKit-ackorybalcxbfocbkqsfdzcfkgmn/SourcePackages/checkouts/MathJaxSwift/Sources/MathJaxSwift/Internal/Parsing/SVGParser.swift /Users/rogerlin/Library/Developer/Xcode/DerivedData/FinancialCalculatorKit-ackorybalcxbfocbkqsfdzcfkgmn/SourcePackages/checkouts/MathJaxSwift/Sources/MathJaxSwift/MathJax.swift /Users/rogerlin/Library/Developer/Xcode/DerivedData/FinancialCalculatorKit-ackorybalcxbfocbkqsfdzcfkgmn/SourcePackages/checkouts/MathJaxSwift/Sources/MathJaxSwift/Options/ConversionOptions.swift /Users/rogerlin/Library/Developer/Xcode/DerivedData/FinancialCalculatorKit-ackorybalcxbfocbkqsfdzcfkgmn/SourcePackages/checkouts/MathJaxSwift/Sources/MathJaxSwift/Options/Document/A11YOptions.swift /Users/rogerlin/Library/Developer/Xcode/DerivedData/FinancialCalculatorKit-ackorybalcxbfocbkqsfdzcfkgmn/SourcePackages/checkouts/MathJaxSwift/Sources/MathJaxSwift/Options/Document/DocumentOptions.swift /Users/rogerlin/Library/Developer/Xcode/DerivedData/FinancialCalculatorKit-ackorybalcxbfocbkqsfdzcfkgmn/SourcePackages/checkouts/MathJaxSwift/Sources/MathJaxSwift/Options/Document/Menu/MenuOptions.swift /Users/rogerlin/Library/Developer/Xcode/DerivedData/FinancialCalculatorKit-ackorybalcxbfocbkqsfdzcfkgmn/SourcePackages/checkouts/MathJaxSwift/Sources/MathJaxSwift/Options/Document/Menu/MenuOptionsSettings.swift /Users/rogerlin/Library/Developer/Xcode/DerivedData/FinancialCalculatorKit-ackorybalcxbfocbkqsfdzcfkgmn/SourcePackages/checkouts/MathJaxSwift/Sources/MathJaxSwift/Options/Document/SREOptions.swift /Users/rogerlin/Library/Developer/Xcode/DerivedData/FinancialCalculatorKit-ackorybalcxbfocbkqsfdzcfkgmn/SourcePackages/checkouts/MathJaxSwift/Sources/MathJaxSwift/Options/Document/Safe/AllowOptions.swift -primary-file /Users/rogerlin/Library/Developer/Xcode/DerivedData/FinancialCalculatorKit-ackorybalcxbfocbkqsfdzcfkgmn/SourcePackages/checkouts/MathJaxSwift/Sources/MathJaxSwift/Options/Document/Safe/SafeOptions.swift -primary-file /Users/rogerlin/Library/Developer/Xcode/DerivedData/FinancialCalculatorKit-ackorybalcxbfocbkqsfdzcfkgmn/SourcePackages/checkouts/MathJaxSwift/Sources/MathJaxSwift/Options/Document/Safe/SafeProtocols.swift -primary-file /Users/rogerlin/Library/Developer/Xcode/DerivedData/FinancialCalculatorKit-ackorybalcxbfocbkqsfdzcfkgmn/SourcePackages/checkouts/MathJaxSwift/Sources/MathJaxSwift/Options/Document/Safe/SafeStyles.swift /Users/rogerlin/Library/Developer/Xcode/DerivedData/FinancialCalculatorKit-ackorybalcxbfocbkqsfdzcfkgmn/SourcePackages/checkouts/MathJaxSwift/Sources/MathJaxSwift/Options/Input/AMInputProcessorOptions.swift /Users/rogerlin/Library/Developer/Xcode/DerivedData/FinancialCalculatorKit-ackorybalcxbfocbkqsfdzcfkgmn/SourcePackages/checkouts/MathJaxSwift/Sources/MathJaxSwift/Options/Input/InputProcessorOptions.swift /Users/rogerlin/Library/Developer/Xcode/DerivedData/FinancialCalculatorKit-ackorybalcxbfocbkqsfdzcfkgmn/SourcePackages/checkouts/MathJaxSwift/Sources/MathJaxSwift/Options/Input/MMLInputProcessorOptions.swift /Users/rogerlin/Library/Developer/Xcode/DerivedData/FinancialCalculatorKit-ackorybalcxbfocbkqsfdzcfkgmn/SourcePackages/checkouts/MathJaxSwift/Sources/MathJaxSwift/Options/Input/TeX\ Packages/AMSCDOptions.swift /Users/rogerlin/Library/Developer/Xcode/DerivedData/FinancialCalculatorKit-ackorybalcxbfocbkqsfdzcfkgmn/SourcePackages/checkouts/MathJaxSwift/Sources/MathJaxSwift/Options/Input/TeX\ Packages/AMSOptions.swift /Users/rogerlin/Library/Developer/Xcode/DerivedData/FinancialCalculatorKit-ackorybalcxbfocbkqsfdzcfkgmn/SourcePackages/checkouts/MathJaxSwift/Sources/MathJaxSwift/Options/Input/TeX\ Packages/AutoloadOptions.swift /Users/rogerlin/Library/Developer/Xcode/DerivedData/FinancialCalculatorKit-ackorybalcxbfocbkqsfdzcfkgmn/SourcePackages/checkouts/MathJaxSwift/Sources/MathJaxSwift/Options/Input/TeX\ Packages/ColorOptions.swift /Users/rogerlin/Library/Developer/Xcode/DerivedData/FinancialCalculatorKit-ackorybalcxbfocbkqsfdzcfkgmn/SourcePackages/checkouts/MathJaxSwift/Sources/MathJaxSwift/Options/Input/TeX\ Packages/MathtoolsOptions.swift /Users/rogerlin/Library/Developer/Xcode/DerivedData/FinancialCalculatorKit-ackorybalcxbfocbkqsfdzcfkgmn/SourcePackages/checkouts/MathJaxSwift/Sources/MathJaxSwift/Options/Input/TeX\ Packages/NoundefinedOptions.swift /Users/rogerlin/Library/Developer/Xcode/DerivedData/FinancialCalculatorKit-ackorybalcxbfocbkqsfdzcfkgmn/SourcePackages/checkouts/MathJaxSwift/Sources/MathJaxSwift/Options/Input/TeX\ Packages/PhysicsOptions.swift /Users/rogerlin/Library/Developer/Xcode/DerivedData/FinancialCalculatorKit-ackorybalcxbfocbkqsfdzcfkgmn/SourcePackages/checkouts/MathJaxSwift/Sources/MathJaxSwift/Options/Input/TeX\ Packages/RequireOptions.swift /Users/rogerlin/Library/Developer/Xcode/DerivedData/FinancialCalculatorKit-ackorybalcxbfocbkqsfdzcfkgmn/SourcePackages/checkouts/MathJaxSwift/Sources/MathJaxSwift/Options/Input/TeX\ Packages/SetOptions.swift /Users/rogerlin/Library/Developer/Xcode/DerivedData/FinancialCalculatorKit-ackorybalcxbfocbkqsfdzcfkgmn/SourcePackages/checkouts/MathJaxSwift/Sources/MathJaxSwift/Options/Input/TeX\ Packages/TagFormatOptions.swift /Users/rogerlin/Library/Developer/Xcode/DerivedData/FinancialCalculatorKit-ackorybalcxbfocbkqsfdzcfkgmn/SourcePackages/checkouts/MathJaxSwift/Sources/MathJaxSwift/Options/Input/TeXInputProcessorOptions.swift /Users/rogerlin/Library/Developer/Xcode/DerivedData/FinancialCalculatorKit-ackorybalcxbfocbkqsfdzcfkgmn/SourcePackages/checkouts/MathJaxSwift/Sources/MathJaxSwift/Options/Output/CHTMLOutputProcessorOptions.swift /Users/rogerlin/Library/Developer/Xcode/DerivedData/FinancialCalculatorKit-ackorybalcxbfocbkqsfdzcfkgmn/SourcePackages/checkouts/MathJaxSwift/Sources/MathJaxSwift/Options/Output/OutputProcessorOptions.swift /Users/rogerlin/Library/Developer/Xcode/DerivedData/FinancialCalculatorKit-ackorybalcxbfocbkqsfdzcfkgmn/SourcePackages/checkouts/MathJaxSwift/Sources/MathJaxSwift/Options/Output/SVGOutputProcessorOptions.swift -supplementary-output-file-map /Users/rogerlin/Library/Developer/Xcode/DerivedData/FinancialCalculatorKit-ackorybalcxbfocbkqsfdzcfkgmn/Build/Intermediates.noindex/MathJaxSwift.build/Debug/MathJaxSwift.build/Objects-normal/arm64/supplementaryOutputs-14 -target arm64-apple-macos10.15 -load-resolved-plugin /Applications/Xcode.app/Contents/Developer/Platforms/MacOSX.platform/Developer/usr/lib/swift/host/plugins/libFoundationMacros.dylib\#/Applications/Xcode.app/Contents/Developer/Platforms/MacOSX.platform/Developer/usr/bin/swift-plugin-server\#FoundationMacros -load-resolved-plugin /Applications/Xcode.app/Contents/Developer/Platforms/MacOSX.platform/Developer/usr/lib/swift/host/plugins/libObservationMacros.dylib\#/Applications/Xcode.app/Contents/Developer/Platforms/MacOSX.platform/Developer/usr/bin/swift-plugin-server\#ObservationMacros -load-resolved-plugin /Applications/Xcode.app/Contents/Developer/Platforms/MacOSX.platform/Developer/usr/lib/swift/host/plugins/libSwiftMacros.dylib\#/Applications/Xcode.app/Contents/Developer/Platforms/MacOSX.platform/Developer/usr/bin/swift-plugin-server\#SwiftMacros -disable-implicit-swift-modules -Xcc -fno-implicit-modules -Xcc -fno-implicit-module-maps -explicit-swift-module-map-file /Users/rogerlin/Library/Developer/Xcode/DerivedData/FinancialCalculatorKit-ackorybalcxbfocbkqsfdzcfkgmn/Build/Intermediates.noindex/MathJaxSwift.build/Debug/MathJaxSwift.build/Objects-normal/arm64/MathJaxSwift-dependencies-1.json -Xllvm -aarch64-use-tbi -enable-objc-interop -stack-check -sdk /Applications/Xcode.app/Contents/Developer/Platforms/MacOSX.platform/Developer/SDKs/MacOSX26.1.sdk -I /Users/rogerlin/Library/Developer/Xcode/DerivedData/FinancialCalculatorKit-ackorybalcxbfocbkqsfdzcfkgmn/Build/Products/Debug -Isystem /Applications/Xcode.app/Contents/Developer/Platforms/MacOSX.platform/Developer/usr/lib -F /Users/rogerlin/Library/Developer/Xcode/DerivedData/FinancialCalculatorKit-ackorybalcxbfocbkqsfdzcfkgmn/Build/Products/Debug -F /Applications/Xcode.app/Contents/Developer/Platforms/MacOSX.platform/Developer/Library/Frameworks -no-color-diagnostics -Xcc -fno-color-diagnostics -enable-testing -g -debug-info-format\=dwarf -dwarf-version\=4 -module-cache-path /Users/rogerlin/Library/Developer/Xcode/DerivedData/FinancialCalculatorKit-ackorybalcxbfocbkqsfdzcfkgmn/Build/Intermediates.noindex/SwiftExplicitPrecompiledModules -suppress-warnings -profile-generate -profile-coverage-mapping -swift-version 5 -enforce-exclusivity\=checked -Onone -D SWIFT_PACKAGE -D DEBUG -D SWIFT_MODULE_RESOURCE_BUNDLE_AVAILABLE -D Xcode -serialize-debugging-options -const-gather-protocols-file /Users/rogerlin/Library/Developer/Xcode/DerivedData/FinancialCalculatorKit-ackorybalcxbfocbkqsfdzcfkgmn/Build/Intermediates.noindex/MathJaxSwift.build/Debug/MathJaxSwift.build/Objects-normal/arm64/MathJaxSwift_const_extract_protocols.json -enable-experimental-feature DebugDescriptionMacro -empty-abi-descriptor -validate-clang-modules-once -clang-build-session-file /Users/rogerlin/Library/Developer/Xcode/DerivedData/ModuleCache.noindex/Session.modulevalidation -Xcc -working-directory -Xcc /Users/rogerlin/XCode-Projects/FinancialCalculatorKit-5.0-updated-accent-colors/FinancialCalculatorKit.xcodeproj -enable-anonymous-context-mangled-names -file-compilation-dir /Users/rogerlin/XCode-Projects/FinancialCalculatorKit-5.0-updated-accent-colors/FinancialCalculatorKit.xcodeproj -Xcc -D_LIBCPP_HARDENING_MODE\=_LIBCPP_HARDENING_MODE_DEBUG -Xcc -ivfsstatcache -Xcc /Users/rogerlin/Library/Developer/Xcode/DerivedData/SDKStatCaches.noindex/macosx26.1-25B74-3ae1261907bdadc328169391a47051a6.sdkstatcache -Xcc -I/Users/rogerlin/Library/Developer/Xcode/DerivedData/FinancialCalculatorKit-ackorybalcxbfocbkqsfdzcfkgmn/Build/Intermediates.noindex/MathJaxSwift.build/Debug/MathJaxSwift.build/swift-overrides.hmap -Xcc -I/Users/rogerlin/Library/Developer/Xcode/DerivedData/FinancialCalculatorKit-ackorybalcxbfocbkqsfdzcfkgmn/Build/Products/Debug/include -Xcc -I/Users/rogerlin/Library/Developer/Xcode/DerivedData/FinancialCalculatorKit-ackorybalcxbfocbkqsfdzcfkgmn/Build/Intermediates.noindex/MathJaxSwift.build/Debug/MathJaxSwift.build/DerivedSources-normal/arm64 -Xcc -I/Users/rogerlin/Library/Developer/Xcode/DerivedData/FinancialCalculatorKit-ackorybalcxbfocbkqsfdzcfkgmn/Build/Intermediates.noindex/MathJaxSwift.build/Debug/MathJaxSwift.build/DerivedSources/arm64 -Xcc -I/Users/rogerlin/Library/Developer/Xcode/DerivedData/FinancialCalculatorKit-ackorybalcxbfocbkqsfdzcfkgmn/Build/Intermediates.noindex/MathJaxSwift.build/Debug/MathJaxSwift.build/DerivedSources -Xcc -DSWIFT_PACKAGE -Xcc -DDEBUG\=1 -no-auto-bridging-header-chaining -module-name MathJaxSwift -frontend-parseable-output -disable-clang-spi -target-sdk-version 26.1 -target-sdk-name macosx26.1 -clang-target arm64-apple-macos26.1 -in-process-plugin-server-path /Applications/Xcode.app/Contents/Developer/Toolchains/XcodeDefault.xctoolchain/usr/lib/swift/host/libSwiftInProcPluginServer.dylib -o /Users/rogerlin/Library/Developer/Xcode/DerivedData/FinancialCalculatorKit-ackorybalcxbfocbkqsfdzcfkgmn/Build/Intermediates.noindex/MathJaxSwift.build/Debug/MathJaxSwift.build/Objects-normal/arm64/SafeOptions.o -o /Users/rogerlin/Library/Developer/Xcode/DerivedData/FinancialCalculatorKit-ackorybalcxbfocbkqsfdzcfkgmn/Build/Intermediates.noindex/MathJaxSwift.build/Debug/MathJaxSwift.build/Objects-normal/arm64/SafeProtocols.o -o /Users/rogerlin/Library/Developer/Xcode/DerivedData/FinancialCalculatorKit-ackorybalcxbfocbkqsfdzcfkgmn/Build/Intermediates.noindex/MathJaxSwift.build/Debug/MathJaxSwift.build/Objects-normal/arm64/SafeStyles.o -index-unit-output-path /MathJaxSwift.build/Debug/MathJaxSwift.build/Objects-normal/arm64/SafeOptions.o -index-unit-output-path /MathJaxSwift.build/Debug/MathJaxSwift.build/Objects-normal/arm64/SafeProtocols.o -index-unit-output-path /MathJaxSwift.build/Debug/MathJaxSwift.build/Objects-normal/arm64/SafeStyles.o -index-store-path /Users/rogerlin/Library/Developer/Xcode/DerivedData/FinancialCalculatorKit-ackorybalcxbfocbkqsfdzcfkgmn/Index.noindex/DataStore -index-system-modules

SwiftCompile normal arm64 /Users/rogerlin/Library/Developer/Xcode/DerivedData/FinancialCalculatorKit-ackorybalcxbfocbkqsfdzcfkgmn/SourcePackages/checkouts/MathJaxSwift/Sources/MathJaxSwift/Options/Document/Safe/SafeOptions.swift (in target 'MathJaxSwift' from project 'MathJaxSwift')
    cd /Users/rogerlin/XCode-Projects/FinancialCalculatorKit-5.0-updated-accent-colors/FinancialCalculatorKit.xcodeproj
    

SwiftCompile normal arm64 /Users/rogerlin/Library/Developer/Xcode/DerivedData/FinancialCalculatorKit-ackorybalcxbfocbkqsfdzcfkgmn/SourcePackages/checkouts/MathJaxSwift/Sources/MathJaxSwift/Options/Document/Safe/SafeProtocols.swift (in target 'MathJaxSwift' from project 'MathJaxSwift')
    cd /Users/rogerlin/XCode-Projects/FinancialCalculatorKit-5.0-updated-accent-colors/FinancialCalculatorKit.xcodeproj
    

SwiftCompile normal arm64 /Users/rogerlin/Library/Developer/Xcode/DerivedData/FinancialCalculatorKit-ackorybalcxbfocbkqsfdzcfkgmn/SourcePackages/checkouts/MathJaxSwift/Sources/MathJaxSwift/Options/Document/Safe/SafeStyles.swift (in target 'MathJaxSwift' from project 'MathJaxSwift')
    cd /Users/rogerlin/XCode-Projects/FinancialCalculatorKit-5.0-updated-accent-colors/FinancialCalculatorKit.xcodeproj
    

SwiftDriverJobDiscovery normal arm64 Compiling DOM.swift, Parser.XML.Attributes.swift (in target 'SwiftDrawDOM' from project 'SwiftDraw')

SwiftCompile normal arm64 Compiling\ AMSCDOptions.swift,\ AMSOptions.swift,\ AutoloadOptions.swift /Users/rogerlin/Library/Developer/Xcode/DerivedData/FinancialCalculatorKit-ackorybalcxbfocbkqsfdzcfkgmn/SourcePackages/checkouts/MathJaxSwift/Sources/MathJaxSwift/Options/Input/TeX\ Packages/AMSCDOptions.swift /Users/rogerlin/Library/Developer/Xcode/DerivedData/FinancialCalculatorKit-ackorybalcxbfocbkqsfdzcfkgmn/SourcePackages/checkouts/MathJaxSwift/Sources/MathJaxSwift/Options/Input/TeX\ Packages/AMSOptions.swift /Users/rogerlin/Library/Developer/Xcode/DerivedData/FinancialCalculatorKit-ackorybalcxbfocbkqsfdzcfkgmn/SourcePackages/checkouts/MathJaxSwift/Sources/MathJaxSwift/Options/Input/TeX\ Packages/AutoloadOptions.swift (in target 'MathJaxSwift' from project 'MathJaxSwift')
/Applications/Xcode.app/Contents/Developer/Toolchains/XcodeDefault.xctoolchain/usr/bin/swift-frontend -frontend -c /Users/rogerlin/Library/Developer/Xcode/DerivedData/FinancialCalculatorKit-ackorybalcxbfocbkqsfdzcfkgmn/Build/Intermediates.noindex/MathJaxSwift.build/Debug/MathJaxSwift.build/DerivedSources/resource_bundle_accessor.swift /Users/rogerlin/Library/Developer/Xcode/DerivedData/FinancialCalculatorKit-ackorybalcxbfocbkqsfdzcfkgmn/SourcePackages/checkouts/MathJaxSwift/Sources/MathJaxSwift/Conversions/AM/AM2CHTML.swift /Users/rogerlin/Library/Developer/Xcode/DerivedData/FinancialCalculatorKit-ackorybalcxbfocbkqsfdzcfkgmn/SourcePackages/checkouts/MathJaxSwift/Sources/MathJaxSwift/Conversions/AM/AM2MML.swift /Users/rogerlin/Library/Developer/Xcode/DerivedData/FinancialCalculatorKit-ackorybalcxbfocbkqsfdzcfkgmn/SourcePackages/checkouts/MathJaxSwift/Sources/MathJaxSwift/Conversions/MML/MML2CHTML.swift /Users/rogerlin/Library/Developer/Xcode/DerivedData/FinancialCalculatorKit-ackorybalcxbfocbkqsfdzcfkgmn/SourcePackages/checkouts/MathJaxSwift/Sources/MathJaxSwift/Conversions/MML/MML2SVG.swift /Users/rogerlin/Library/Developer/Xcode/DerivedData/FinancialCalculatorKit-ackorybalcxbfocbkqsfdzcfkgmn/SourcePackages/checkouts/MathJaxSwift/Sources/MathJaxSwift/Conversions/TeX/TeX2CHTML.swift /Users/rogerlin/Library/Developer/Xcode/DerivedData/FinancialCalculatorKit-ackorybalcxbfocbkqsfdzcfkgmn/SourcePackages/checkouts/MathJaxSwift/Sources/MathJaxSwift/Conversions/TeX/TeX2MML.swift /Users/rogerlin/Library/Developer/Xcode/DerivedData/FinancialCalculatorKit-ackorybalcxbfocbkqsfdzcfkgmn/SourcePackages/checkouts/MathJaxSwift/Sources/MathJaxSwift/Conversions/TeX/TeX2SVG.swift /Users/rogerlin/Library/Developer/Xcode/DerivedData/FinancialCalculatorKit-ackorybalcxbfocbkqsfdzcfkgmn/SourcePackages/checkouts/MathJaxSwift/Sources/MathJaxSwift/Internal/Constants.swift /Users/rogerlin/Library/Developer/Xcode/DerivedData/FinancialCalculatorKit-ackorybalcxbfocbkqsfdzcfkgmn/SourcePackages/checkouts/MathJaxSwift/Sources/MathJaxSwift/Internal/Function.swift /Users/rogerlin/Library/Developer/Xcode/DerivedData/FinancialCalculatorKit-ackorybalcxbfocbkqsfdzcfkgmn/SourcePackages/checkouts/MathJaxSwift/Sources/MathJaxSwift/Internal/MathJaxError.swift /Users/rogerlin/Library/Developer/Xcode/DerivedData/FinancialCalculatorKit-ackorybalcxbfocbkqsfdzcfkgmn/SourcePackages/checkouts/MathJaxSwift/Sources/MathJaxSwift/Internal/PackageLock.swift /Users/rogerlin/Library/Developer/Xcode/DerivedData/FinancialCalculatorKit-ackorybalcxbfocbkqsfdzcfkgmn/SourcePackages/checkouts/MathJaxSwift/Sources/MathJaxSwift/Internal/Parsing/HTMLParser.swift /Users/rogerlin/Library/Developer/Xcode/DerivedData/FinancialCalculatorKit-ackorybalcxbfocbkqsfdzcfkgmn/SourcePackages/checkouts/MathJaxSwift/Sources/MathJaxSwift/Internal/Parsing/MMLParser.swift /Users/rogerlin/Library/Developer/Xcode/DerivedData/FinancialCalculatorKit-ackorybalcxbfocbkqsfdzcfkgmn/SourcePackages/checkouts/MathJaxSwift/Sources/MathJaxSwift/Internal/Parsing/Parser.swift /Users/rogerlin/Library/Developer/Xcode/DerivedData/FinancialCalculatorKit-ackorybalcxbfocbkqsfdzcfkgmn/SourcePackages/checkouts/MathJaxSwift/Sources/MathJaxSwift/Internal/Parsing/SVGParser.swift /Users/rogerlin/Library/Developer/Xcode/DerivedData/FinancialCalculatorKit-ackorybalcxbfocbkqsfdzcfkgmn/SourcePackages/checkouts/MathJaxSwift/Sources/MathJaxSwift/MathJax.swift /Users/rogerlin/Library/Developer/Xcode/DerivedData/FinancialCalculatorKit-ackorybalcxbfocbkqsfdzcfkgmn/SourcePackages/checkouts/MathJaxSwift/Sources/MathJaxSwift/Options/ConversionOptions.swift /Users/rogerlin/Library/Developer/Xcode/DerivedData/FinancialCalculatorKit-ackorybalcxbfocbkqsfdzcfkgmn/SourcePackages/checkouts/MathJaxSwift/Sources/MathJaxSwift/Options/Document/A11YOptions.swift /Users/rogerlin/Library/Developer/Xcode/DerivedData/FinancialCalculatorKit-ackorybalcxbfocbkqsfdzcfkgmn/SourcePackages/checkouts/MathJaxSwift/Sources/MathJaxSwift/Options/Document/DocumentOptions.swift /Users/rogerlin/Library/Developer/Xcode/DerivedData/FinancialCalculatorKit-ackorybalcxbfocbkqsfdzcfkgmn/SourcePackages/checkouts/MathJaxSwift/Sources/MathJaxSwift/Options/Document/Menu/MenuOptions.swift /Users/rogerlin/Library/Developer/Xcode/DerivedData/FinancialCalculatorKit-ackorybalcxbfocbkqsfdzcfkgmn/SourcePackages/checkouts/MathJaxSwift/Sources/MathJaxSwift/Options/Document/Menu/MenuOptionsSettings.swift /Users/rogerlin/Library/Developer/Xcode/DerivedData/FinancialCalculatorKit-ackorybalcxbfocbkqsfdzcfkgmn/SourcePackages/checkouts/MathJaxSwift/Sources/MathJaxSwift/Options/Document/SREOptions.swift /Users/rogerlin/Library/Developer/Xcode/DerivedData/FinancialCalculatorKit-ackorybalcxbfocbkqsfdzcfkgmn/SourcePackages/checkouts/MathJaxSwift/Sources/MathJaxSwift/Options/Document/Safe/AllowOptions.swift /Users/rogerlin/Library/Developer/Xcode/DerivedData/FinancialCalculatorKit-ackorybalcxbfocbkqsfdzcfkgmn/SourcePackages/checkouts/MathJaxSwift/Sources/MathJaxSwift/Options/Document/Safe/SafeOptions.swift /Users/rogerlin/Library/Developer/Xcode/DerivedData/FinancialCalculatorKit-ackorybalcxbfocbkqsfdzcfkgmn/SourcePackages/checkouts/MathJaxSwift/Sources/MathJaxSwift/Options/Document/Safe/SafeProtocols.swift /Users/rogerlin/Library/Developer/Xcode/DerivedData/FinancialCalculatorKit-ackorybalcxbfocbkqsfdzcfkgmn/SourcePackages/checkouts/MathJaxSwift/Sources/MathJaxSwift/Options/Document/Safe/SafeStyles.swift /Users/rogerlin/Library/Developer/Xcode/DerivedData/FinancialCalculatorKit-ackorybalcxbfocbkqsfdzcfkgmn/SourcePackages/checkouts/MathJaxSwift/Sources/MathJaxSwift/Options/Input/AMInputProcessorOptions.swift /Users/rogerlin/Library/Developer/Xcode/DerivedData/FinancialCalculatorKit-ackorybalcxbfocbkqsfdzcfkgmn/SourcePackages/checkouts/MathJaxSwift/Sources/MathJaxSwift/Options/Input/InputProcessorOptions.swift /Users/rogerlin/Library/Developer/Xcode/DerivedData/FinancialCalculatorKit-ackorybalcxbfocbkqsfdzcfkgmn/SourcePackages/checkouts/MathJaxSwift/Sources/MathJaxSwift/Options/Input/MMLInputProcessorOptions.swift -primary-file /Users/rogerlin/Library/Developer/Xcode/DerivedData/FinancialCalculatorKit-ackorybalcxbfocbkqsfdzcfkgmn/SourcePackages/checkouts/MathJaxSwift/Sources/MathJaxSwift/Options/Input/TeX\ Packages/AMSCDOptions.swift -primary-file /Users/rogerlin/Library/Developer/Xcode/DerivedData/FinancialCalculatorKit-ackorybalcxbfocbkqsfdzcfkgmn/SourcePackages/checkouts/MathJaxSwift/Sources/MathJaxSwift/Options/Input/TeX\ Packages/AMSOptions.swift -primary-file /Users/rogerlin/Library/Developer/Xcode/DerivedData/FinancialCalculatorKit-ackorybalcxbfocbkqsfdzcfkgmn/SourcePackages/checkouts/MathJaxSwift/Sources/MathJaxSwift/Options/Input/TeX\ Packages/AutoloadOptions.swift /Users/rogerlin/Library/Developer/Xcode/DerivedData/FinancialCalculatorKit-ackorybalcxbfocbkqsfdzcfkgmn/SourcePackages/checkouts/MathJaxSwift/Sources/MathJaxSwift/Options/Input/TeX\ Packages/ColorOptions.swift /Users/rogerlin/Library/Developer/Xcode/DerivedData/FinancialCalculatorKit-ackorybalcxbfocbkqsfdzcfkgmn/SourcePackages/checkouts/MathJaxSwift/Sources/MathJaxSwift/Options/Input/TeX\ Packages/MathtoolsOptions.swift /Users/rogerlin/Library/Developer/Xcode/DerivedData/FinancialCalculatorKit-ackorybalcxbfocbkqsfdzcfkgmn/SourcePackages/checkouts/MathJaxSwift/Sources/MathJaxSwift/Options/Input/TeX\ Packages/NoundefinedOptions.swift /Users/rogerlin/Library/Developer/Xcode/DerivedData/FinancialCalculatorKit-ackorybalcxbfocbkqsfdzcfkgmn/SourcePackages/checkouts/MathJaxSwift/Sources/MathJaxSwift/Options/Input/TeX\ Packages/PhysicsOptions.swift /Users/rogerlin/Library/Developer/Xcode/DerivedData/FinancialCalculatorKit-ackorybalcxbfocbkqsfdzcfkgmn/SourcePackages/checkouts/MathJaxSwift/Sources/MathJaxSwift/Options/Input/TeX\ Packages/RequireOptions.swift /Users/rogerlin/Library/Developer/Xcode/DerivedData/FinancialCalculatorKit-ackorybalcxbfocbkqsfdzcfkgmn/SourcePackages/checkouts/MathJaxSwift/Sources/MathJaxSwift/Options/Input/TeX\ Packages/SetOptions.swift /Users/rogerlin/Library/Developer/Xcode/DerivedData/FinancialCalculatorKit-ackorybalcxbfocbkqsfdzcfkgmn/SourcePackages/checkouts/MathJaxSwift/Sources/MathJaxSwift/Options/Input/TeX\ Packages/TagFormatOptions.swift /Users/rogerlin/Library/Developer/Xcode/DerivedData/FinancialCalculatorKit-ackorybalcxbfocbkqsfdzcfkgmn/SourcePackages/checkouts/MathJaxSwift/Sources/MathJaxSwift/Options/Input/TeXInputProcessorOptions.swift /Users/rogerlin/Library/Developer/Xcode/DerivedData/FinancialCalculatorKit-ackorybalcxbfocbkqsfdzcfkgmn/SourcePackages/checkouts/MathJaxSwift/Sources/MathJaxSwift/Options/Output/CHTMLOutputProcessorOptions.swift /Users/rogerlin/Library/Developer/Xcode/DerivedData/FinancialCalculatorKit-ackorybalcxbfocbkqsfdzcfkgmn/SourcePackages/checkouts/MathJaxSwift/Sources/MathJaxSwift/Options/Output/OutputProcessorOptions.swift /Users/rogerlin/Library/Developer/Xcode/DerivedData/FinancialCalculatorKit-ackorybalcxbfocbkqsfdzcfkgmn/SourcePackages/checkouts/MathJaxSwift/Sources/MathJaxSwift/Options/Output/SVGOutputProcessorOptions.swift -supplementary-output-file-map /Users/rogerlin/Library/Developer/Xcode/DerivedData/FinancialCalculatorKit-ackorybalcxbfocbkqsfdzcfkgmn/Build/Intermediates.noindex/MathJaxSwift.build/Debug/MathJaxSwift.build/Objects-normal/arm64/supplementaryOutputs-16 -target arm64-apple-macos10.15 -load-resolved-plugin /Applications/Xcode.app/Contents/Developer/Platforms/MacOSX.platform/Developer/usr/lib/swift/host/plugins/libFoundationMacros.dylib\#/Applications/Xcode.app/Contents/Developer/Platforms/MacOSX.platform/Developer/usr/bin/swift-plugin-server\#FoundationMacros -load-resolved-plugin /Applications/Xcode.app/Contents/Developer/Platforms/MacOSX.platform/Developer/usr/lib/swift/host/plugins/libObservationMacros.dylib\#/Applications/Xcode.app/Contents/Developer/Platforms/MacOSX.platform/Developer/usr/bin/swift-plugin-server\#ObservationMacros -load-resolved-plugin /Applications/Xcode.app/Contents/Developer/Platforms/MacOSX.platform/Developer/usr/lib/swift/host/plugins/libSwiftMacros.dylib\#/Applications/Xcode.app/Contents/Developer/Platforms/MacOSX.platform/Developer/usr/bin/swift-plugin-server\#SwiftMacros -disable-implicit-swift-modules -Xcc -fno-implicit-modules -Xcc -fno-implicit-module-maps -explicit-swift-module-map-file /Users/rogerlin/Library/Developer/Xcode/DerivedData/FinancialCalculatorKit-ackorybalcxbfocbkqsfdzcfkgmn/Build/Intermediates.noindex/MathJaxSwift.build/Debug/MathJaxSwift.build/Objects-normal/arm64/MathJaxSwift-dependencies-1.json -Xllvm -aarch64-use-tbi -enable-objc-interop -stack-check -sdk /Applications/Xcode.app/Contents/Developer/Platforms/MacOSX.platform/Developer/SDKs/MacOSX26.1.sdk -I /Users/rogerlin/Library/Developer/Xcode/DerivedData/FinancialCalculatorKit-ackorybalcxbfocbkqsfdzcfkgmn/Build/Products/Debug -Isystem /Applications/Xcode.app/Contents/Developer/Platforms/MacOSX.platform/Developer/usr/lib -F /Users/rogerlin/Library/Developer/Xcode/DerivedData/FinancialCalculatorKit-ackorybalcxbfocbkqsfdzcfkgmn/Build/Products/Debug -F /Applications/Xcode.app/Contents/Developer/Platforms/MacOSX.platform/Developer/Library/Frameworks -no-color-diagnostics -Xcc -fno-color-diagnostics -enable-testing -g -debug-info-format\=dwarf -dwarf-version\=4 -module-cache-path /Users/rogerlin/Library/Developer/Xcode/DerivedData/FinancialCalculatorKit-ackorybalcxbfocbkqsfdzcfkgmn/Build/Intermediates.noindex/SwiftExplicitPrecompiledModules -suppress-warnings -profile-generate -profile-coverage-mapping -swift-version 5 -enforce-exclusivity\=checked -Onone -D SWIFT_PACKAGE -D DEBUG -D SWIFT_MODULE_RESOURCE_BUNDLE_AVAILABLE -D Xcode -serialize-debugging-options -const-gather-protocols-file /Users/rogerlin/Library/Developer/Xcode/DerivedData/FinancialCalculatorKit-ackorybalcxbfocbkqsfdzcfkgmn/Build/Intermediates.noindex/MathJaxSwift.build/Debug/MathJaxSwift.build/Objects-normal/arm64/MathJaxSwift_const_extract_protocols.json -enable-experimental-feature DebugDescriptionMacro -empty-abi-descriptor -validate-clang-modules-once -clang-build-session-file /Users/rogerlin/Library/Developer/Xcode/DerivedData/ModuleCache.noindex/Session.modulevalidation -Xcc -working-directory -Xcc /Users/rogerlin/XCode-Projects/FinancialCalculatorKit-5.0-updated-accent-colors/FinancialCalculatorKit.xcodeproj -enable-anonymous-context-mangled-names -file-compilation-dir /Users/rogerlin/XCode-Projects/FinancialCalculatorKit-5.0-updated-accent-colors/FinancialCalculatorKit.xcodeproj -Xcc -D_LIBCPP_HARDENING_MODE\=_LIBCPP_HARDENING_MODE_DEBUG -Xcc -ivfsstatcache -Xcc /Users/rogerlin/Library/Developer/Xcode/DerivedData/SDKStatCaches.noindex/macosx26.1-25B74-3ae1261907bdadc328169391a47051a6.sdkstatcache -Xcc -I/Users/rogerlin/Library/Developer/Xcode/DerivedData/FinancialCalculatorKit-ackorybalcxbfocbkqsfdzcfkgmn/Build/Intermediates.noindex/MathJaxSwift.build/Debug/MathJaxSwift.build/swift-overrides.hmap -Xcc -I/Users/rogerlin/Library/Developer/Xcode/DerivedData/FinancialCalculatorKit-ackorybalcxbfocbkqsfdzcfkgmn/Build/Products/Debug/include -Xcc -I/Users/rogerlin/Library/Developer/Xcode/DerivedData/FinancialCalculatorKit-ackorybalcxbfocbkqsfdzcfkgmn/Build/Intermediates.noindex/MathJaxSwift.build/Debug/MathJaxSwift.build/DerivedSources-normal/arm64 -Xcc -I/Users/rogerlin/Library/Developer/Xcode/DerivedData/FinancialCalculatorKit-ackorybalcxbfocbkqsfdzcfkgmn/Build/Intermediates.noindex/MathJaxSwift.build/Debug/MathJaxSwift.build/DerivedSources/arm64 -Xcc -I/Users/rogerlin/Library/Developer/Xcode/DerivedData/FinancialCalculatorKit-ackorybalcxbfocbkqsfdzcfkgmn/Build/Intermediates.noindex/MathJaxSwift.build/Debug/MathJaxSwift.build/DerivedSources -Xcc -DSWIFT_PACKAGE -Xcc -DDEBUG\=1 -no-auto-bridging-header-chaining -module-name MathJaxSwift -frontend-parseable-output -disable-clang-spi -target-sdk-version 26.1 -target-sdk-name macosx26.1 -clang-target arm64-apple-macos26.1 -in-process-plugin-server-path /Applications/Xcode.app/Contents/Developer/Toolchains/XcodeDefault.xctoolchain/usr/lib/swift/host/libSwiftInProcPluginServer.dylib -o /Users/rogerlin/Library/Developer/Xcode/DerivedData/FinancialCalculatorKit-ackorybalcxbfocbkqsfdzcfkgmn/Build/Intermediates.noindex/MathJaxSwift.build/Debug/MathJaxSwift.build/Objects-normal/arm64/AMSCDOptions.o -o /Users/rogerlin/Library/Developer/Xcode/DerivedData/FinancialCalculatorKit-ackorybalcxbfocbkqsfdzcfkgmn/Build/Intermediates.noindex/MathJaxSwift.build/Debug/MathJaxSwift.build/Objects-normal/arm64/AMSOptions.o -o /Users/rogerlin/Library/Developer/Xcode/DerivedData/FinancialCalculatorKit-ackorybalcxbfocbkqsfdzcfkgmn/Build/Intermediates.noindex/MathJaxSwift.build/Debug/MathJaxSwift.build/Objects-normal/arm64/AutoloadOptions.o -index-unit-output-path /MathJaxSwift.build/Debug/MathJaxSwift.build/Objects-normal/arm64/AMSCDOptions.o -index-unit-output-path /MathJaxSwift.build/Debug/MathJaxSwift.build/Objects-normal/arm64/AMSOptions.o -index-unit-output-path /MathJaxSwift.build/Debug/MathJaxSwift.build/Objects-normal/arm64/AutoloadOptions.o -index-store-path /Users/rogerlin/Library/Developer/Xcode/DerivedData/FinancialCalculatorKit-ackorybalcxbfocbkqsfdzcfkgmn/Index.noindex/DataStore -index-system-modules

SwiftCompile normal arm64 /Users/rogerlin/Library/Developer/Xcode/DerivedData/FinancialCalculatorKit-ackorybalcxbfocbkqsfdzcfkgmn/SourcePackages/checkouts/MathJaxSwift/Sources/MathJaxSwift/Options/Input/TeX\ Packages/AMSCDOptions.swift (in target 'MathJaxSwift' from project 'MathJaxSwift')
    cd /Users/rogerlin/XCode-Projects/FinancialCalculatorKit-5.0-updated-accent-colors/FinancialCalculatorKit.xcodeproj
    

SwiftCompile normal arm64 /Users/rogerlin/Library/Developer/Xcode/DerivedData/FinancialCalculatorKit-ackorybalcxbfocbkqsfdzcfkgmn/SourcePackages/checkouts/MathJaxSwift/Sources/MathJaxSwift/Options/Input/TeX\ Packages/AMSOptions.swift (in target 'MathJaxSwift' from project 'MathJaxSwift')
    cd /Users/rogerlin/XCode-Projects/FinancialCalculatorKit-5.0-updated-accent-colors/FinancialCalculatorKit.xcodeproj
    

SwiftCompile normal arm64 /Users/rogerlin/Library/Developer/Xcode/DerivedData/FinancialCalculatorKit-ackorybalcxbfocbkqsfdzcfkgmn/SourcePackages/checkouts/MathJaxSwift/Sources/MathJaxSwift/Options/Input/TeX\ Packages/AutoloadOptions.swift (in target 'MathJaxSwift' from project 'MathJaxSwift')
    cd /Users/rogerlin/XCode-Projects/FinancialCalculatorKit-5.0-updated-accent-colors/FinancialCalculatorKit.xcodeproj
    

SwiftCompile normal arm64 Compiling\ HTMLParser.swift,\ MMLParser.swift,\ Parser.swift /Users/rogerlin/Library/Developer/Xcode/DerivedData/FinancialCalculatorKit-ackorybalcxbfocbkqsfdzcfkgmn/SourcePackages/checkouts/MathJaxSwift/Sources/MathJaxSwift/Internal/Parsing/HTMLParser.swift /Users/rogerlin/Library/Developer/Xcode/DerivedData/FinancialCalculatorKit-ackorybalcxbfocbkqsfdzcfkgmn/SourcePackages/checkouts/MathJaxSwift/Sources/MathJaxSwift/Internal/Parsing/MMLParser.swift /Users/rogerlin/Library/Developer/Xcode/DerivedData/FinancialCalculatorKit-ackorybalcxbfocbkqsfdzcfkgmn/SourcePackages/checkouts/MathJaxSwift/Sources/MathJaxSwift/Internal/Parsing/Parser.swift (in target 'MathJaxSwift' from project 'MathJaxSwift')
/Applications/Xcode.app/Contents/Developer/Toolchains/XcodeDefault.xctoolchain/usr/bin/swift-frontend -frontend -c /Users/rogerlin/Library/Developer/Xcode/DerivedData/FinancialCalculatorKit-ackorybalcxbfocbkqsfdzcfkgmn/Build/Intermediates.noindex/MathJaxSwift.build/Debug/MathJaxSwift.build/DerivedSources/resource_bundle_accessor.swift /Users/rogerlin/Library/Developer/Xcode/DerivedData/FinancialCalculatorKit-ackorybalcxbfocbkqsfdzcfkgmn/SourcePackages/checkouts/MathJaxSwift/Sources/MathJaxSwift/Conversions/AM/AM2CHTML.swift /Users/rogerlin/Library/Developer/Xcode/DerivedData/FinancialCalculatorKit-ackorybalcxbfocbkqsfdzcfkgmn/SourcePackages/checkouts/MathJaxSwift/Sources/MathJaxSwift/Conversions/AM/AM2MML.swift /Users/rogerlin/Library/Developer/Xcode/DerivedData/FinancialCalculatorKit-ackorybalcxbfocbkqsfdzcfkgmn/SourcePackages/checkouts/MathJaxSwift/Sources/MathJaxSwift/Conversions/MML/MML2CHTML.swift /Users/rogerlin/Library/Developer/Xcode/DerivedData/FinancialCalculatorKit-ackorybalcxbfocbkqsfdzcfkgmn/SourcePackages/checkouts/MathJaxSwift/Sources/MathJaxSwift/Conversions/MML/MML2SVG.swift /Users/rogerlin/Library/Developer/Xcode/DerivedData/FinancialCalculatorKit-ackorybalcxbfocbkqsfdzcfkgmn/SourcePackages/checkouts/MathJaxSwift/Sources/MathJaxSwift/Conversions/TeX/TeX2CHTML.swift /Users/rogerlin/Library/Developer/Xcode/DerivedData/FinancialCalculatorKit-ackorybalcxbfocbkqsfdzcfkgmn/SourcePackages/checkouts/MathJaxSwift/Sources/MathJaxSwift/Conversions/TeX/TeX2MML.swift /Users/rogerlin/Library/Developer/Xcode/DerivedData/FinancialCalculatorKit-ackorybalcxbfocbkqsfdzcfkgmn/SourcePackages/checkouts/MathJaxSwift/Sources/MathJaxSwift/Conversions/TeX/TeX2SVG.swift /Users/rogerlin/Library/Developer/Xcode/DerivedData/FinancialCalculatorKit-ackorybalcxbfocbkqsfdzcfkgmn/SourcePackages/checkouts/MathJaxSwift/Sources/MathJaxSwift/Internal/Constants.swift /Users/rogerlin/Library/Developer/Xcode/DerivedData/FinancialCalculatorKit-ackorybalcxbfocbkqsfdzcfkgmn/SourcePackages/checkouts/MathJaxSwift/Sources/MathJaxSwift/Internal/Function.swift /Users/rogerlin/Library/Developer/Xcode/DerivedData/FinancialCalculatorKit-ackorybalcxbfocbkqsfdzcfkgmn/SourcePackages/checkouts/MathJaxSwift/Sources/MathJaxSwift/Internal/MathJaxError.swift /Users/rogerlin/Library/Developer/Xcode/DerivedData/FinancialCalculatorKit-ackorybalcxbfocbkqsfdzcfkgmn/SourcePackages/checkouts/MathJaxSwift/Sources/MathJaxSwift/Internal/PackageLock.swift -primary-file /Users/rogerlin/Library/Developer/Xcode/DerivedData/FinancialCalculatorKit-ackorybalcxbfocbkqsfdzcfkgmn/SourcePackages/checkouts/MathJaxSwift/Sources/MathJaxSwift/Internal/Parsing/HTMLParser.swift -primary-file /Users/rogerlin/Library/Developer/Xcode/DerivedData/FinancialCalculatorKit-ackorybalcxbfocbkqsfdzcfkgmn/SourcePackages/checkouts/MathJaxSwift/Sources/MathJaxSwift/Internal/Parsing/MMLParser.swift -primary-file /Users/rogerlin/Library/Developer/Xcode/DerivedData/FinancialCalculatorKit-ackorybalcxbfocbkqsfdzcfkgmn/SourcePackages/checkouts/MathJaxSwift/Sources/MathJaxSwift/Internal/Parsing/Parser.swift /Users/rogerlin/Library/Developer/Xcode/DerivedData/FinancialCalculatorKit-ackorybalcxbfocbkqsfdzcfkgmn/SourcePackages/checkouts/MathJaxSwift/Sources/MathJaxSwift/Internal/Parsing/SVGParser.swift /Users/rogerlin/Library/Developer/Xcode/DerivedData/FinancialCalculatorKit-ackorybalcxbfocbkqsfdzcfkgmn/SourcePackages/checkouts/MathJaxSwift/Sources/MathJaxSwift/MathJax.swift /Users/rogerlin/Library/Developer/Xcode/DerivedData/FinancialCalculatorKit-ackorybalcxbfocbkqsfdzcfkgmn/SourcePackages/checkouts/MathJaxSwift/Sources/MathJaxSwift/Options/ConversionOptions.swift /Users/rogerlin/Library/Developer/Xcode/DerivedData/FinancialCalculatorKit-ackorybalcxbfocbkqsfdzcfkgmn/SourcePackages/checkouts/MathJaxSwift/Sources/MathJaxSwift/Options/Document/A11YOptions.swift /Users/rogerlin/Library/Developer/Xcode/DerivedData/FinancialCalculatorKit-ackorybalcxbfocbkqsfdzcfkgmn/SourcePackages/checkouts/MathJaxSwift/Sources/MathJaxSwift/Options/Document/DocumentOptions.swift /Users/rogerlin/Library/Developer/Xcode/DerivedData/FinancialCalculatorKit-ackorybalcxbfocbkqsfdzcfkgmn/SourcePackages/checkouts/MathJaxSwift/Sources/MathJaxSwift/Options/Document/Menu/MenuOptions.swift /Users/rogerlin/Library/Developer/Xcode/DerivedData/FinancialCalculatorKit-ackorybalcxbfocbkqsfdzcfkgmn/SourcePackages/checkouts/MathJaxSwift/Sources/MathJaxSwift/Options/Document/Menu/MenuOptionsSettings.swift /Users/rogerlin/Library/Developer/Xcode/DerivedData/FinancialCalculatorKit-ackorybalcxbfocbkqsfdzcfkgmn/SourcePackages/checkouts/MathJaxSwift/Sources/MathJaxSwift/Options/Document/SREOptions.swift /Users/rogerlin/Library/Developer/Xcode/DerivedData/FinancialCalculatorKit-ackorybalcxbfocbkqsfdzcfkgmn/SourcePackages/checkouts/MathJaxSwift/Sources/MathJaxSwift/Options/Document/Safe/AllowOptions.swift /Users/rogerlin/Library/Developer/Xcode/DerivedData/FinancialCalculatorKit-ackorybalcxbfocbkqsfdzcfkgmn/SourcePackages/checkouts/MathJaxSwift/Sources/MathJaxSwift/Options/Document/Safe/SafeOptions.swift /Users/rogerlin/Library/Developer/Xcode/DerivedData/FinancialCalculatorKit-ackorybalcxbfocbkqsfdzcfkgmn/SourcePackages/checkouts/MathJaxSwift/Sources/MathJaxSwift/Options/Document/Safe/SafeProtocols.swift /Users/rogerlin/Library/Developer/Xcode/DerivedData/FinancialCalculatorKit-ackorybalcxbfocbkqsfdzcfkgmn/SourcePackages/checkouts/MathJaxSwift/Sources/MathJaxSwift/Options/Document/Safe/SafeStyles.swift /Users/rogerlin/Library/Developer/Xcode/DerivedData/FinancialCalculatorKit-ackorybalcxbfocbkqsfdzcfkgmn/SourcePackages/checkouts/MathJaxSwift/Sources/MathJaxSwift/Options/Input/AMInputProcessorOptions.swift /Users/rogerlin/Library/Developer/Xcode/DerivedData/FinancialCalculatorKit-ackorybalcxbfocbkqsfdzcfkgmn/SourcePackages/checkouts/MathJaxSwift/Sources/MathJaxSwift/Options/Input/InputProcessorOptions.swift /Users/rogerlin/Library/Developer/Xcode/DerivedData/FinancialCalculatorKit-ackorybalcxbfocbkqsfdzcfkgmn/SourcePackages/checkouts/MathJaxSwift/Sources/MathJaxSwift/Options/Input/MMLInputProcessorOptions.swift /Users/rogerlin/Library/Developer/Xcode/DerivedData/FinancialCalculatorKit-ackorybalcxbfocbkqsfdzcfkgmn/SourcePackages/checkouts/MathJaxSwift/Sources/MathJaxSwift/Options/Input/TeX\ Packages/AMSCDOptions.swift /Users/rogerlin/Library/Developer/Xcode/DerivedData/FinancialCalculatorKit-ackorybalcxbfocbkqsfdzcfkgmn/SourcePackages/checkouts/MathJaxSwift/Sources/MathJaxSwift/Options/Input/TeX\ Packages/AMSOptions.swift /Users/rogerlin/Library/Developer/Xcode/DerivedData/FinancialCalculatorKit-ackorybalcxbfocbkqsfdzcfkgmn/SourcePackages/checkouts/MathJaxSwift/Sources/MathJaxSwift/Options/Input/TeX\ Packages/AutoloadOptions.swift /Users/rogerlin/Library/Developer/Xcode/DerivedData/FinancialCalculatorKit-ackorybalcxbfocbkqsfdzcfkgmn/SourcePackages/checkouts/MathJaxSwift/Sources/MathJaxSwift/Options/Input/TeX\ Packages/ColorOptions.swift /Users/rogerlin/Library/Developer/Xcode/DerivedData/FinancialCalculatorKit-ackorybalcxbfocbkqsfdzcfkgmn/SourcePackages/checkouts/MathJaxSwift/Sources/MathJaxSwift/Options/Input/TeX\ Packages/MathtoolsOptions.swift /Users/rogerlin/Library/Developer/Xcode/DerivedData/FinancialCalculatorKit-ackorybalcxbfocbkqsfdzcfkgmn/SourcePackages/checkouts/MathJaxSwift/Sources/MathJaxSwift/Options/Input/TeX\ Packages/NoundefinedOptions.swift /Users/rogerlin/Library/Developer/Xcode/DerivedData/FinancialCalculatorKit-ackorybalcxbfocbkqsfdzcfkgmn/SourcePackages/checkouts/MathJaxSwift/Sources/MathJaxSwift/Options/Input/TeX\ Packages/PhysicsOptions.swift /Users/rogerlin/Library/Developer/Xcode/DerivedData/FinancialCalculatorKit-ackorybalcxbfocbkqsfdzcfkgmn/SourcePackages/checkouts/MathJaxSwift/Sources/MathJaxSwift/Options/Input/TeX\ Packages/RequireOptions.swift /Users/rogerlin/Library/Developer/Xcode/DerivedData/FinancialCalculatorKit-ackorybalcxbfocbkqsfdzcfkgmn/SourcePackages/checkouts/MathJaxSwift/Sources/MathJaxSwift/Options/Input/TeX\ Packages/SetOptions.swift /Users/rogerlin/Library/Developer/Xcode/DerivedData/FinancialCalculatorKit-ackorybalcxbfocbkqsfdzcfkgmn/SourcePackages/checkouts/MathJaxSwift/Sources/MathJaxSwift/Options/Input/TeX\ Packages/TagFormatOptions.swift /Users/rogerlin/Library/Developer/Xcode/DerivedData/FinancialCalculatorKit-ackorybalcxbfocbkqsfdzcfkgmn/SourcePackages/checkouts/MathJaxSwift/Sources/MathJaxSwift/Options/Input/TeXInputProcessorOptions.swift /Users/rogerlin/Library/Developer/Xcode/DerivedData/FinancialCalculatorKit-ackorybalcxbfocbkqsfdzcfkgmn/SourcePackages/checkouts/MathJaxSwift/Sources/MathJaxSwift/Options/Output/CHTMLOutputProcessorOptions.swift /Users/rogerlin/Library/Developer/Xcode/DerivedData/FinancialCalculatorKit-ackorybalcxbfocbkqsfdzcfkgmn/SourcePackages/checkouts/MathJaxSwift/Sources/MathJaxSwift/Options/Output/OutputProcessorOptions.swift /Users/rogerlin/Library/Developer/Xcode/DerivedData/FinancialCalculatorKit-ackorybalcxbfocbkqsfdzcfkgmn/SourcePackages/checkouts/MathJaxSwift/Sources/MathJaxSwift/Options/Output/SVGOutputProcessorOptions.swift -supplementary-output-file-map /Users/rogerlin/Library/Developer/Xcode/DerivedData/FinancialCalculatorKit-ackorybalcxbfocbkqsfdzcfkgmn/Build/Intermediates.noindex/MathJaxSwift.build/Debug/MathJaxSwift.build/Objects-normal/arm64/supplementaryOutputs-10 -target arm64-apple-macos10.15 -load-resolved-plugin /Applications/Xcode.app/Contents/Developer/Platforms/MacOSX.platform/Developer/usr/lib/swift/host/plugins/libFoundationMacros.dylib\#/Applications/Xcode.app/Contents/Developer/Platforms/MacOSX.platform/Developer/usr/bin/swift-plugin-server\#FoundationMacros -load-resolved-plugin /Applications/Xcode.app/Contents/Developer/Platforms/MacOSX.platform/Developer/usr/lib/swift/host/plugins/libObservationMacros.dylib\#/Applications/Xcode.app/Contents/Developer/Platforms/MacOSX.platform/Developer/usr/bin/swift-plugin-server\#ObservationMacros -load-resolved-plugin /Applications/Xcode.app/Contents/Developer/Platforms/MacOSX.platform/Developer/usr/lib/swift/host/plugins/libSwiftMacros.dylib\#/Applications/Xcode.app/Contents/Developer/Platforms/MacOSX.platform/Developer/usr/bin/swift-plugin-server\#SwiftMacros -disable-implicit-swift-modules -Xcc -fno-implicit-modules -Xcc -fno-implicit-module-maps -explicit-swift-module-map-file /Users/rogerlin/Library/Developer/Xcode/DerivedData/FinancialCalculatorKit-ackorybalcxbfocbkqsfdzcfkgmn/Build/Intermediates.noindex/MathJaxSwift.build/Debug/MathJaxSwift.build/Objects-normal/arm64/MathJaxSwift-dependencies-1.json -Xllvm -aarch64-use-tbi -enable-objc-interop -stack-check -sdk /Applications/Xcode.app/Contents/Developer/Platforms/MacOSX.platform/Developer/SDKs/MacOSX26.1.sdk -I /Users/rogerlin/Library/Developer/Xcode/DerivedData/FinancialCalculatorKit-ackorybalcxbfocbkqsfdzcfkgmn/Build/Products/Debug -Isystem /Applications/Xcode.app/Contents/Developer/Platforms/MacOSX.platform/Developer/usr/lib -F /Users/rogerlin/Library/Developer/Xcode/DerivedData/FinancialCalculatorKit-ackorybalcxbfocbkqsfdzcfkgmn/Build/Products/Debug -F /Applications/Xcode.app/Contents/Developer/Platforms/MacOSX.platform/Developer/Library/Frameworks -no-color-diagnostics -Xcc -fno-color-diagnostics -enable-testing -g -debug-info-format\=dwarf -dwarf-version\=4 -module-cache-path /Users/rogerlin/Library/Developer/Xcode/DerivedData/FinancialCalculatorKit-ackorybalcxbfocbkqsfdzcfkgmn/Build/Intermediates.noindex/SwiftExplicitPrecompiledModules -suppress-warnings -profile-generate -profile-coverage-mapping -swift-version 5 -enforce-exclusivity\=checked -Onone -D SWIFT_PACKAGE -D DEBUG -D SWIFT_MODULE_RESOURCE_BUNDLE_AVAILABLE -D Xcode -serialize-debugging-options -const-gather-protocols-file /Users/rogerlin/Library/Developer/Xcode/DerivedData/FinancialCalculatorKit-ackorybalcxbfocbkqsfdzcfkgmn/Build/Intermediates.noindex/MathJaxSwift.build/Debug/MathJaxSwift.build/Objects-normal/arm64/MathJaxSwift_const_extract_protocols.json -enable-experimental-feature DebugDescriptionMacro -empty-abi-descriptor -validate-clang-modules-once -clang-build-session-file /Users/rogerlin/Library/Developer/Xcode/DerivedData/ModuleCache.noindex/Session.modulevalidation -Xcc -working-directory -Xcc /Users/rogerlin/XCode-Projects/FinancialCalculatorKit-5.0-updated-accent-colors/FinancialCalculatorKit.xcodeproj -enable-anonymous-context-mangled-names -file-compilation-dir /Users/rogerlin/XCode-Projects/FinancialCalculatorKit-5.0-updated-accent-colors/FinancialCalculatorKit.xcodeproj -Xcc -D_LIBCPP_HARDENING_MODE\=_LIBCPP_HARDENING_MODE_DEBUG -Xcc -ivfsstatcache -Xcc /Users/rogerlin/Library/Developer/Xcode/DerivedData/SDKStatCaches.noindex/macosx26.1-25B74-3ae1261907bdadc328169391a47051a6.sdkstatcache -Xcc -I/Users/rogerlin/Library/Developer/Xcode/DerivedData/FinancialCalculatorKit-ackorybalcxbfocbkqsfdzcfkgmn/Build/Intermediates.noindex/MathJaxSwift.build/Debug/MathJaxSwift.build/swift-overrides.hmap -Xcc -I/Users/rogerlin/Library/Developer/Xcode/DerivedData/FinancialCalculatorKit-ackorybalcxbfocbkqsfdzcfkgmn/Build/Products/Debug/include -Xcc -I/Users/rogerlin/Library/Developer/Xcode/DerivedData/FinancialCalculatorKit-ackorybalcxbfocbkqsfdzcfkgmn/Build/Intermediates.noindex/MathJaxSwift.build/Debug/MathJaxSwift.build/DerivedSources-normal/arm64 -Xcc -I/Users/rogerlin/Library/Developer/Xcode/DerivedData/FinancialCalculatorKit-ackorybalcxbfocbkqsfdzcfkgmn/Build/Intermediates.noindex/MathJaxSwift.build/Debug/MathJaxSwift.build/DerivedSources/arm64 -Xcc -I/Users/rogerlin/Library/Developer/Xcode/DerivedData/FinancialCalculatorKit-ackorybalcxbfocbkqsfdzcfkgmn/Build/Intermediates.noindex/MathJaxSwift.build/Debug/MathJaxSwift.build/DerivedSources -Xcc -DSWIFT_PACKAGE -Xcc -DDEBUG\=1 -no-auto-bridging-header-chaining -module-name MathJaxSwift -frontend-parseable-output -disable-clang-spi -target-sdk-version 26.1 -target-sdk-name macosx26.1 -clang-target arm64-apple-macos26.1 -in-process-plugin-server-path /Applications/Xcode.app/Contents/Developer/Toolchains/XcodeDefault.xctoolchain/usr/lib/swift/host/libSwiftInProcPluginServer.dylib -o /Users/rogerlin/Library/Developer/Xcode/DerivedData/FinancialCalculatorKit-ackorybalcxbfocbkqsfdzcfkgmn/Build/Intermediates.noindex/MathJaxSwift.build/Debug/MathJaxSwift.build/Objects-normal/arm64/HTMLParser.o -o /Users/rogerlin/Library/Developer/Xcode/DerivedData/FinancialCalculatorKit-ackorybalcxbfocbkqsfdzcfkgmn/Build/Intermediates.noindex/MathJaxSwift.build/Debug/MathJaxSwift.build/Objects-normal/arm64/MMLParser.o -o /Users/rogerlin/Library/Developer/Xcode/DerivedData/FinancialCalculatorKit-ackorybalcxbfocbkqsfdzcfkgmn/Build/Intermediates.noindex/MathJaxSwift.build/Debug/MathJaxSwift.build/Objects-normal/arm64/Parser.o -index-unit-output-path /MathJaxSwift.build/Debug/MathJaxSwift.build/Objects-normal/arm64/HTMLParser.o -index-unit-output-path /MathJaxSwift.build/Debug/MathJaxSwift.build/Objects-normal/arm64/MMLParser.o -index-unit-output-path /MathJaxSwift.build/Debug/MathJaxSwift.build/Objects-normal/arm64/Parser.o -index-store-path /Users/rogerlin/Library/Developer/Xcode/DerivedData/FinancialCalculatorKit-ackorybalcxbfocbkqsfdzcfkgmn/Index.noindex/DataStore -index-system-modules

SwiftCompile normal arm64 /Users/rogerlin/Library/Developer/Xcode/DerivedData/FinancialCalculatorKit-ackorybalcxbfocbkqsfdzcfkgmn/SourcePackages/checkouts/MathJaxSwift/Sources/MathJaxSwift/Internal/Parsing/HTMLParser.swift (in target 'MathJaxSwift' from project 'MathJaxSwift')
    cd /Users/rogerlin/XCode-Projects/FinancialCalculatorKit-5.0-updated-accent-colors/FinancialCalculatorKit.xcodeproj
    

SwiftCompile normal arm64 /Users/rogerlin/Library/Developer/Xcode/DerivedData/FinancialCalculatorKit-ackorybalcxbfocbkqsfdzcfkgmn/SourcePackages/checkouts/MathJaxSwift/Sources/MathJaxSwift/Internal/Parsing/MMLParser.swift (in target 'MathJaxSwift' from project 'MathJaxSwift')
    cd /Users/rogerlin/XCode-Projects/FinancialCalculatorKit-5.0-updated-accent-colors/FinancialCalculatorKit.xcodeproj
    

SwiftCompile normal arm64 /Users/rogerlin/Library/Developer/Xcode/DerivedData/FinancialCalculatorKit-ackorybalcxbfocbkqsfdzcfkgmn/SourcePackages/checkouts/MathJaxSwift/Sources/MathJaxSwift/Internal/Parsing/Parser.swift (in target 'MathJaxSwift' from project 'MathJaxSwift')
    cd /Users/rogerlin/XCode-Projects/FinancialCalculatorKit-5.0-updated-accent-colors/FinancialCalculatorKit.xcodeproj
    

SwiftDriverJobDiscovery normal arm64 Compiling Parser.XML.StyleSheet.swift, Parser.XML.Text.swift (in target 'SwiftDrawDOM' from project 'SwiftDraw')

SwiftCompile normal arm64 Compiling\ resource_bundle_accessor.swift,\ AM2CHTML.swift,\ AM2MML.swift /Users/rogerlin/Library/Developer/Xcode/DerivedData/FinancialCalculatorKit-ackorybalcxbfocbkqsfdzcfkgmn/Build/Intermediates.noindex/MathJaxSwift.build/Debug/MathJaxSwift.build/DerivedSources/resource_bundle_accessor.swift /Users/rogerlin/Library/Developer/Xcode/DerivedData/FinancialCalculatorKit-ackorybalcxbfocbkqsfdzcfkgmn/SourcePackages/checkouts/MathJaxSwift/Sources/MathJaxSwift/Conversions/AM/AM2CHTML.swift /Users/rogerlin/Library/Developer/Xcode/DerivedData/FinancialCalculatorKit-ackorybalcxbfocbkqsfdzcfkgmn/SourcePackages/checkouts/MathJaxSwift/Sources/MathJaxSwift/Conversions/AM/AM2MML.swift (in target 'MathJaxSwift' from project 'MathJaxSwift')
/Applications/Xcode.app/Contents/Developer/Toolchains/XcodeDefault.xctoolchain/usr/bin/swift-frontend -frontend -c -primary-file /Users/rogerlin/Library/Developer/Xcode/DerivedData/FinancialCalculatorKit-ackorybalcxbfocbkqsfdzcfkgmn/Build/Intermediates.noindex/MathJaxSwift.build/Debug/MathJaxSwift.build/DerivedSources/resource_bundle_accessor.swift -primary-file /Users/rogerlin/Library/Developer/Xcode/DerivedData/FinancialCalculatorKit-ackorybalcxbfocbkqsfdzcfkgmn/SourcePackages/checkouts/MathJaxSwift/Sources/MathJaxSwift/Conversions/AM/AM2CHTML.swift -primary-file /Users/rogerlin/Library/Developer/Xcode/DerivedData/FinancialCalculatorKit-ackorybalcxbfocbkqsfdzcfkgmn/SourcePackages/checkouts/MathJaxSwift/Sources/MathJaxSwift/Conversions/AM/AM2MML.swift /Users/rogerlin/Library/Developer/Xcode/DerivedData/FinancialCalculatorKit-ackorybalcxbfocbkqsfdzcfkgmn/SourcePackages/checkouts/MathJaxSwift/Sources/MathJaxSwift/Conversions/MML/MML2CHTML.swift /Users/rogerlin/Library/Developer/Xcode/DerivedData/FinancialCalculatorKit-ackorybalcxbfocbkqsfdzcfkgmn/SourcePackages/checkouts/MathJaxSwift/Sources/MathJaxSwift/Conversions/MML/MML2SVG.swift /Users/rogerlin/Library/Developer/Xcode/DerivedData/FinancialCalculatorKit-ackorybalcxbfocbkqsfdzcfkgmn/SourcePackages/checkouts/MathJaxSwift/Sources/MathJaxSwift/Conversions/TeX/TeX2CHTML.swift /Users/rogerlin/Library/Developer/Xcode/DerivedData/FinancialCalculatorKit-ackorybalcxbfocbkqsfdzcfkgmn/SourcePackages/checkouts/MathJaxSwift/Sources/MathJaxSwift/Conversions/TeX/TeX2MML.swift /Users/rogerlin/Library/Developer/Xcode/DerivedData/FinancialCalculatorKit-ackorybalcxbfocbkqsfdzcfkgmn/SourcePackages/checkouts/MathJaxSwift/Sources/MathJaxSwift/Conversions/TeX/TeX2SVG.swift /Users/rogerlin/Library/Developer/Xcode/DerivedData/FinancialCalculatorKit-ackorybalcxbfocbkqsfdzcfkgmn/SourcePackages/checkouts/MathJaxSwift/Sources/MathJaxSwift/Internal/Constants.swift /Users/rogerlin/Library/Developer/Xcode/DerivedData/FinancialCalculatorKit-ackorybalcxbfocbkqsfdzcfkgmn/SourcePackages/checkouts/MathJaxSwift/Sources/MathJaxSwift/Internal/Function.swift /Users/rogerlin/Library/Developer/Xcode/DerivedData/FinancialCalculatorKit-ackorybalcxbfocbkqsfdzcfkgmn/SourcePackages/checkouts/MathJaxSwift/Sources/MathJaxSwift/Internal/MathJaxError.swift /Users/rogerlin/Library/Developer/Xcode/DerivedData/FinancialCalculatorKit-ackorybalcxbfocbkqsfdzcfkgmn/SourcePackages/checkouts/MathJaxSwift/Sources/MathJaxSwift/Internal/PackageLock.swift /Users/rogerlin/Library/Developer/Xcode/DerivedData/FinancialCalculatorKit-ackorybalcxbfocbkqsfdzcfkgmn/SourcePackages/checkouts/MathJaxSwift/Sources/MathJaxSwift/Internal/Parsing/HTMLParser.swift /Users/rogerlin/Library/Developer/Xcode/DerivedData/FinancialCalculatorKit-ackorybalcxbfocbkqsfdzcfkgmn/SourcePackages/checkouts/MathJaxSwift/Sources/MathJaxSwift/Internal/Parsing/MMLParser.swift /Users/rogerlin/Library/Developer/Xcode/DerivedData/FinancialCalculatorKit-ackorybalcxbfocbkqsfdzcfkgmn/SourcePackages/checkouts/MathJaxSwift/Sources/MathJaxSwift/Internal/Parsing/Parser.swift /Users/rogerlin/Library/Developer/Xcode/DerivedData/FinancialCalculatorKit-ackorybalcxbfocbkqsfdzcfkgmn/SourcePackages/checkouts/MathJaxSwift/Sources/MathJaxSwift/Internal/Parsing/SVGParser.swift /Users/rogerlin/Library/Developer/Xcode/DerivedData/FinancialCalculatorKit-ackorybalcxbfocbkqsfdzcfkgmn/SourcePackages/checkouts/MathJaxSwift/Sources/MathJaxSwift/MathJax.swift /Users/rogerlin/Library/Developer/Xcode/DerivedData/FinancialCalculatorKit-ackorybalcxbfocbkqsfdzcfkgmn/SourcePackages/checkouts/MathJaxSwift/Sources/MathJaxSwift/Options/ConversionOptions.swift /Users/rogerlin/Library/Developer/Xcode/DerivedData/FinancialCalculatorKit-ackorybalcxbfocbkqsfdzcfkgmn/SourcePackages/checkouts/MathJaxSwift/Sources/MathJaxSwift/Options/Document/A11YOptions.swift /Users/rogerlin/Library/Developer/Xcode/DerivedData/FinancialCalculatorKit-ackorybalcxbfocbkqsfdzcfkgmn/SourcePackages/checkouts/MathJaxSwift/Sources/MathJaxSwift/Options/Document/DocumentOptions.swift /Users/rogerlin/Library/Developer/Xcode/DerivedData/FinancialCalculatorKit-ackorybalcxbfocbkqsfdzcfkgmn/SourcePackages/checkouts/MathJaxSwift/Sources/MathJaxSwift/Options/Document/Menu/MenuOptions.swift /Users/rogerlin/Library/Developer/Xcode/DerivedData/FinancialCalculatorKit-ackorybalcxbfocbkqsfdzcfkgmn/SourcePackages/checkouts/MathJaxSwift/Sources/MathJaxSwift/Options/Document/Menu/MenuOptionsSettings.swift /Users/rogerlin/Library/Developer/Xcode/DerivedData/FinancialCalculatorKit-ackorybalcxbfocbkqsfdzcfkgmn/SourcePackages/checkouts/MathJaxSwift/Sources/MathJaxSwift/Options/Document/SREOptions.swift /Users/rogerlin/Library/Developer/Xcode/DerivedData/FinancialCalculatorKit-ackorybalcxbfocbkqsfdzcfkgmn/SourcePackages/checkouts/MathJaxSwift/Sources/MathJaxSwift/Options/Document/Safe/AllowOptions.swift /Users/rogerlin/Library/Developer/Xcode/DerivedData/FinancialCalculatorKit-ackorybalcxbfocbkqsfdzcfkgmn/SourcePackages/checkouts/MathJaxSwift/Sources/MathJaxSwift/Options/Document/Safe/SafeOptions.swift /Users/rogerlin/Library/Developer/Xcode/DerivedData/FinancialCalculatorKit-ackorybalcxbfocbkqsfdzcfkgmn/SourcePackages/checkouts/MathJaxSwift/Sources/MathJaxSwift/Options/Document/Safe/SafeProtocols.swift /Users/rogerlin/Library/Developer/Xcode/DerivedData/FinancialCalculatorKit-ackorybalcxbfocbkqsfdzcfkgmn/SourcePackages/checkouts/MathJaxSwift/Sources/MathJaxSwift/Options/Document/Safe/SafeStyles.swift /Users/rogerlin/Library/Developer/Xcode/DerivedData/FinancialCalculatorKit-ackorybalcxbfocbkqsfdzcfkgmn/SourcePackages/checkouts/MathJaxSwift/Sources/MathJaxSwift/Options/Input/AMInputProcessorOptions.swift /Users/rogerlin/Library/Developer/Xcode/DerivedData/FinancialCalculatorKit-ackorybalcxbfocbkqsfdzcfkgmn/SourcePackages/checkouts/MathJaxSwift/Sources/MathJaxSwift/Options/Input/InputProcessorOptions.swift /Users/rogerlin/Library/Developer/Xcode/DerivedData/FinancialCalculatorKit-ackorybalcxbfocbkqsfdzcfkgmn/SourcePackages/checkouts/MathJaxSwift/Sources/MathJaxSwift/Options/Input/MMLInputProcessorOptions.swift /Users/rogerlin/Library/Developer/Xcode/DerivedData/FinancialCalculatorKit-ackorybalcxbfocbkqsfdzcfkgmn/SourcePackages/checkouts/MathJaxSwift/Sources/MathJaxSwift/Options/Input/TeX\ Packages/AMSCDOptions.swift /Users/rogerlin/Library/Developer/Xcode/DerivedData/FinancialCalculatorKit-ackorybalcxbfocbkqsfdzcfkgmn/SourcePackages/checkouts/MathJaxSwift/Sources/MathJaxSwift/Options/Input/TeX\ Packages/AMSOptions.swift /Users/rogerlin/Library/Developer/Xcode/DerivedData/FinancialCalculatorKit-ackorybalcxbfocbkqsfdzcfkgmn/SourcePackages/checkouts/MathJaxSwift/Sources/MathJaxSwift/Options/Input/TeX\ Packages/AutoloadOptions.swift /Users/rogerlin/Library/Developer/Xcode/DerivedData/FinancialCalculatorKit-ackorybalcxbfocbkqsfdzcfkgmn/SourcePackages/checkouts/MathJaxSwift/Sources/MathJaxSwift/Options/Input/TeX\ Packages/ColorOptions.swift /Users/rogerlin/Library/Developer/Xcode/DerivedData/FinancialCalculatorKit-ackorybalcxbfocbkqsfdzcfkgmn/SourcePackages/checkouts/MathJaxSwift/Sources/MathJaxSwift/Options/Input/TeX\ Packages/MathtoolsOptions.swift /Users/rogerlin/Library/Developer/Xcode/DerivedData/FinancialCalculatorKit-ackorybalcxbfocbkqsfdzcfkgmn/SourcePackages/checkouts/MathJaxSwift/Sources/MathJaxSwift/Options/Input/TeX\ Packages/NoundefinedOptions.swift /Users/rogerlin/Library/Developer/Xcode/DerivedData/FinancialCalculatorKit-ackorybalcxbfocbkqsfdzcfkgmn/SourcePackages/checkouts/MathJaxSwift/Sources/MathJaxSwift/Options/Input/TeX\ Packages/PhysicsOptions.swift /Users/rogerlin/Library/Developer/Xcode/DerivedData/FinancialCalculatorKit-ackorybalcxbfocbkqsfdzcfkgmn/SourcePackages/checkouts/MathJaxSwift/Sources/MathJaxSwift/Options/Input/TeX\ Packages/RequireOptions.swift /Users/rogerlin/Library/Developer/Xcode/DerivedData/FinancialCalculatorKit-ackorybalcxbfocbkqsfdzcfkgmn/SourcePackages/checkouts/MathJaxSwift/Sources/MathJaxSwift/Options/Input/TeX\ Packages/SetOptions.swift /Users/rogerlin/Library/Developer/Xcode/DerivedData/FinancialCalculatorKit-ackorybalcxbfocbkqsfdzcfkgmn/SourcePackages/checkouts/MathJaxSwift/Sources/MathJaxSwift/Options/Input/TeX\ Packages/TagFormatOptions.swift /Users/rogerlin/Library/Developer/Xcode/DerivedData/FinancialCalculatorKit-ackorybalcxbfocbkqsfdzcfkgmn/SourcePackages/checkouts/MathJaxSwift/Sources/MathJaxSwift/Options/Input/TeXInputProcessorOptions.swift /Users/rogerlin/Library/Developer/Xcode/DerivedData/FinancialCalculatorKit-ackorybalcxbfocbkqsfdzcfkgmn/SourcePackages/checkouts/MathJaxSwift/Sources/MathJaxSwift/Options/Output/CHTMLOutputProcessorOptions.swift /Users/rogerlin/Library/Developer/Xcode/DerivedData/FinancialCalculatorKit-ackorybalcxbfocbkqsfdzcfkgmn/SourcePackages/checkouts/MathJaxSwift/Sources/MathJaxSwift/Options/Output/OutputProcessorOptions.swift /Users/rogerlin/Library/Developer/Xcode/DerivedData/FinancialCalculatorKit-ackorybalcxbfocbkqsfdzcfkgmn/SourcePackages/checkouts/MathJaxSwift/Sources/MathJaxSwift/Options/Output/SVGOutputProcessorOptions.swift -supplementary-output-file-map /Users/rogerlin/Library/Developer/Xcode/DerivedData/FinancialCalculatorKit-ackorybalcxbfocbkqsfdzcfkgmn/Build/Intermediates.noindex/MathJaxSwift.build/Debug/MathJaxSwift.build/Objects-normal/arm64/supplementaryOutputs-6 -target arm64-apple-macos10.15 -load-resolved-plugin /Applications/Xcode.app/Contents/Developer/Platforms/MacOSX.platform/Developer/usr/lib/swift/host/plugins/libFoundationMacros.dylib\#/Applications/Xcode.app/Contents/Developer/Platforms/MacOSX.platform/Developer/usr/bin/swift-plugin-server\#FoundationMacros -load-resolved-plugin /Applications/Xcode.app/Contents/Developer/Platforms/MacOSX.platform/Developer/usr/lib/swift/host/plugins/libObservationMacros.dylib\#/Applications/Xcode.app/Contents/Developer/Platforms/MacOSX.platform/Developer/usr/bin/swift-plugin-server\#ObservationMacros -load-resolved-plugin /Applications/Xcode.app/Contents/Developer/Platforms/MacOSX.platform/Developer/usr/lib/swift/host/plugins/libSwiftMacros.dylib\#/Applications/Xcode.app/Contents/Developer/Platforms/MacOSX.platform/Developer/usr/bin/swift-plugin-server\#SwiftMacros -disable-implicit-swift-modules -Xcc -fno-implicit-modules -Xcc -fno-implicit-module-maps -explicit-swift-module-map-file /Users/rogerlin/Library/Developer/Xcode/DerivedData/FinancialCalculatorKit-ackorybalcxbfocbkqsfdzcfkgmn/Build/Intermediates.noindex/MathJaxSwift.build/Debug/MathJaxSwift.build/Objects-normal/arm64/MathJaxSwift-dependencies-1.json -Xllvm -aarch64-use-tbi -enable-objc-interop -stack-check -sdk /Applications/Xcode.app/Contents/Developer/Platforms/MacOSX.platform/Developer/SDKs/MacOSX26.1.sdk -I /Users/rogerlin/Library/Developer/Xcode/DerivedData/FinancialCalculatorKit-ackorybalcxbfocbkqsfdzcfkgmn/Build/Products/Debug -Isystem /Applications/Xcode.app/Contents/Developer/Platforms/MacOSX.platform/Developer/usr/lib -F /Users/rogerlin/Library/Developer/Xcode/DerivedData/FinancialCalculatorKit-ackorybalcxbfocbkqsfdzcfkgmn/Build/Products/Debug -F /Applications/Xcode.app/Contents/Developer/Platforms/MacOSX.platform/Developer/Library/Frameworks -no-color-diagnostics -Xcc -fno-color-diagnostics -enable-testing -g -debug-info-format\=dwarf -dwarf-version\=4 -module-cache-path /Users/rogerlin/Library/Developer/Xcode/DerivedData/FinancialCalculatorKit-ackorybalcxbfocbkqsfdzcfkgmn/Build/Intermediates.noindex/SwiftExplicitPrecompiledModules -suppress-warnings -profile-generate -profile-coverage-mapping -swift-version 5 -enforce-exclusivity\=checked -Onone -D SWIFT_PACKAGE -D DEBUG -D SWIFT_MODULE_RESOURCE_BUNDLE_AVAILABLE -D Xcode -serialize-debugging-options -const-gather-protocols-file /Users/rogerlin/Library/Developer/Xcode/DerivedData/FinancialCalculatorKit-ackorybalcxbfocbkqsfdzcfkgmn/Build/Intermediates.noindex/MathJaxSwift.build/Debug/MathJaxSwift.build/Objects-normal/arm64/MathJaxSwift_const_extract_protocols.json -enable-experimental-feature DebugDescriptionMacro -empty-abi-descriptor -validate-clang-modules-once -clang-build-session-file /Users/rogerlin/Library/Developer/Xcode/DerivedData/ModuleCache.noindex/Session.modulevalidation -Xcc -working-directory -Xcc /Users/rogerlin/XCode-Projects/FinancialCalculatorKit-5.0-updated-accent-colors/FinancialCalculatorKit.xcodeproj -enable-anonymous-context-mangled-names -file-compilation-dir /Users/rogerlin/XCode-Projects/FinancialCalculatorKit-5.0-updated-accent-colors/FinancialCalculatorKit.xcodeproj -Xcc -D_LIBCPP_HARDENING_MODE\=_LIBCPP_HARDENING_MODE_DEBUG -Xcc -ivfsstatcache -Xcc /Users/rogerlin/Library/Developer/Xcode/DerivedData/SDKStatCaches.noindex/macosx26.1-25B74-3ae1261907bdadc328169391a47051a6.sdkstatcache -Xcc -I/Users/rogerlin/Library/Developer/Xcode/DerivedData/FinancialCalculatorKit-ackorybalcxbfocbkqsfdzcfkgmn/Build/Intermediates.noindex/MathJaxSwift.build/Debug/MathJaxSwift.build/swift-overrides.hmap -Xcc -I/Users/rogerlin/Library/Developer/Xcode/DerivedData/FinancialCalculatorKit-ackorybalcxbfocbkqsfdzcfkgmn/Build/Products/Debug/include -Xcc -I/Users/rogerlin/Library/Developer/Xcode/DerivedData/FinancialCalculatorKit-ackorybalcxbfocbkqsfdzcfkgmn/Build/Intermediates.noindex/MathJaxSwift.build/Debug/MathJaxSwift.build/DerivedSources-normal/arm64 -Xcc -I/Users/rogerlin/Library/Developer/Xcode/DerivedData/FinancialCalculatorKit-ackorybalcxbfocbkqsfdzcfkgmn/Build/Intermediates.noindex/MathJaxSwift.build/Debug/MathJaxSwift.build/DerivedSources/arm64 -Xcc -I/Users/rogerlin/Library/Developer/Xcode/DerivedData/FinancialCalculatorKit-ackorybalcxbfocbkqsfdzcfkgmn/Build/Intermediates.noindex/MathJaxSwift.build/Debug/MathJaxSwift.build/DerivedSources -Xcc -DSWIFT_PACKAGE -Xcc -DDEBUG\=1 -no-auto-bridging-header-chaining -module-name MathJaxSwift -frontend-parseable-output -disable-clang-spi -target-sdk-version 26.1 -target-sdk-name macosx26.1 -clang-target arm64-apple-macos26.1 -in-process-plugin-server-path /Applications/Xcode.app/Contents/Developer/Toolchains/XcodeDefault.xctoolchain/usr/lib/swift/host/libSwiftInProcPluginServer.dylib -o /Users/rogerlin/Library/Developer/Xcode/DerivedData/FinancialCalculatorKit-ackorybalcxbfocbkqsfdzcfkgmn/Build/Intermediates.noindex/MathJaxSwift.build/Debug/MathJaxSwift.build/Objects-normal/arm64/resource_bundle_accessor.o -o /Users/rogerlin/Library/Developer/Xcode/DerivedData/FinancialCalculatorKit-ackorybalcxbfocbkqsfdzcfkgmn/Build/Intermediates.noindex/MathJaxSwift.build/Debug/MathJaxSwift.build/Objects-normal/arm64/AM2CHTML.o -o /Users/rogerlin/Library/Developer/Xcode/DerivedData/FinancialCalculatorKit-ackorybalcxbfocbkqsfdzcfkgmn/Build/Intermediates.noindex/MathJaxSwift.build/Debug/MathJaxSwift.build/Objects-normal/arm64/AM2MML.o -index-unit-output-path /MathJaxSwift.build/Debug/MathJaxSwift.build/Objects-normal/arm64/resource_bundle_accessor.o -index-unit-output-path /MathJaxSwift.build/Debug/MathJaxSwift.build/Objects-normal/arm64/AM2CHTML.o -index-unit-output-path /MathJaxSwift.build/Debug/MathJaxSwift.build/Objects-normal/arm64/AM2MML.o -index-store-path /Users/rogerlin/Library/Developer/Xcode/DerivedData/FinancialCalculatorKit-ackorybalcxbfocbkqsfdzcfkgmn/Index.noindex/DataStore -index-system-modules

SwiftCompile normal arm64 /Users/rogerlin/Library/Developer/Xcode/DerivedData/FinancialCalculatorKit-ackorybalcxbfocbkqsfdzcfkgmn/Build/Intermediates.noindex/MathJaxSwift.build/Debug/MathJaxSwift.build/DerivedSources/resource_bundle_accessor.swift (in target 'MathJaxSwift' from project 'MathJaxSwift')
    cd /Users/rogerlin/XCode-Projects/FinancialCalculatorKit-5.0-updated-accent-colors/FinancialCalculatorKit.xcodeproj
    

SwiftCompile normal arm64 /Users/rogerlin/Library/Developer/Xcode/DerivedData/FinancialCalculatorKit-ackorybalcxbfocbkqsfdzcfkgmn/SourcePackages/checkouts/MathJaxSwift/Sources/MathJaxSwift/Conversions/AM/AM2CHTML.swift (in target 'MathJaxSwift' from project 'MathJaxSwift')
    cd /Users/rogerlin/XCode-Projects/FinancialCalculatorKit-5.0-updated-accent-colors/FinancialCalculatorKit.xcodeproj
    

SwiftCompile normal arm64 /Users/rogerlin/Library/Developer/Xcode/DerivedData/FinancialCalculatorKit-ackorybalcxbfocbkqsfdzcfkgmn/SourcePackages/checkouts/MathJaxSwift/Sources/MathJaxSwift/Conversions/AM/AM2MML.swift (in target 'MathJaxSwift' from project 'MathJaxSwift')
    cd /Users/rogerlin/XCode-Projects/FinancialCalculatorKit-5.0-updated-accent-colors/FinancialCalculatorKit.xcodeproj
    

SwiftDriverJobDiscovery normal arm64 Emitting module for MathJaxSwift (in target 'MathJaxSwift' from project 'MathJaxSwift')

SwiftDriver\ Compilation\ Requirements MathJaxSwift normal arm64 com.apple.xcode.tools.swift.compiler (in target 'MathJaxSwift' from project 'MathJaxSwift')
    cd /Users/rogerlin/XCode-Projects/FinancialCalculatorKit-5.0-updated-accent-colors/FinancialCalculatorKit.xcodeproj
    builtin-Swift-Compilation-Requirements -- /Applications/Xcode.app/Contents/Developer/Toolchains/XcodeDefault.xctoolchain/usr/bin/swiftc -module-name MathJaxSwift -Onone -enforce-exclusivity\=checked @/Users/rogerlin/Library/Developer/Xcode/DerivedData/FinancialCalculatorKit-ackorybalcxbfocbkqsfdzcfkgmn/Build/Intermediates.noindex/MathJaxSwift.build/Debug/MathJaxSwift.build/Objects-normal/arm64/MathJaxSwift.SwiftFileList -DSWIFT_PACKAGE -DDEBUG -DSWIFT_MODULE_RESOURCE_BUNDLE_AVAILABLE -DXcode -plugin-path /Applications/Xcode.app/Contents/Developer/Toolchains/XcodeDefault.xctoolchain/usr/lib/swift/host/plugins/testing -enable-experimental-feature DebugDescriptionMacro -sdk /Applications/Xcode.app/Contents/Developer/Platforms/MacOSX.platform/Developer/SDKs/MacOSX26.1.sdk -target arm64-apple-macos10.15 -g -module-cache-path /Users/rogerlin/Library/Developer/Xcode/DerivedData/ModuleCache.noindex -Xfrontend -serialize-debugging-options -profile-coverage-mapping -profile-generate -enable-testing -suppress-warnings -index-store-path /Users/rogerlin/Library/Developer/Xcode/DerivedData/FinancialCalculatorKit-ackorybalcxbfocbkqsfdzcfkgmn/Index.noindex/DataStore -Xcc -D_LIBCPP_HARDENING_MODE\=_LIBCPP_HARDENING_MODE_DEBUG -swift-version 5 -I /Users/rogerlin/Library/Developer/Xcode/DerivedData/FinancialCalculatorKit-ackorybalcxbfocbkqsfdzcfkgmn/Build/Products/Debug -Isystem /Applications/Xcode.app/Contents/Developer/Platforms/MacOSX.platform/Developer/usr/lib -F /Users/rogerlin/Library/Developer/Xcode/DerivedData/FinancialCalculatorKit-ackorybalcxbfocbkqsfdzcfkgmn/Build/Products/Debug -F /Applications/Xcode.app/Contents/Developer/Platforms/MacOSX.platform/Developer/Library/Frameworks -c -j16 -enable-batch-mode -incremental -Xcc -ivfsstatcache -Xcc /Users/rogerlin/Library/Developer/Xcode/DerivedData/SDKStatCaches.noindex/macosx26.1-25B74-3ae1261907bdadc328169391a47051a6.sdkstatcache -output-file-map /Users/rogerlin/Library/Developer/Xcode/DerivedData/FinancialCalculatorKit-ackorybalcxbfocbkqsfdzcfkgmn/Build/Intermediates.noindex/MathJaxSwift.build/Debug/MathJaxSwift.build/Objects-normal/arm64/MathJaxSwift-OutputFileMap.json -use-frontend-parseable-output -save-temps -no-color-diagnostics -explicit-module-build -module-cache-path /Users/rogerlin/Library/Developer/Xcode/DerivedData/FinancialCalculatorKit-ackorybalcxbfocbkqsfdzcfkgmn/Build/Intermediates.noindex/SwiftExplicitPrecompiledModules -clang-scanner-module-cache-path /Users/rogerlin/Library/Developer/Xcode/DerivedData/ModuleCache.noindex -sdk-module-cache-path /Users/rogerlin/Library/Developer/Xcode/DerivedData/ModuleCache.noindex -serialize-diagnostics -emit-dependencies -emit-module -emit-module-path /Users/rogerlin/Library/Developer/Xcode/DerivedData/FinancialCalculatorKit-ackorybalcxbfocbkqsfdzcfkgmn/Build/Intermediates.noindex/MathJaxSwift.build/Debug/MathJaxSwift.build/Objects-normal/arm64/MathJaxSwift.swiftmodule -validate-clang-modules-once -clang-build-session-file /Users/rogerlin/Library/Developer/Xcode/DerivedData/ModuleCache.noindex/Session.modulevalidation -Xcc -I/Users/rogerlin/Library/Developer/Xcode/DerivedData/FinancialCalculatorKit-ackorybalcxbfocbkqsfdzcfkgmn/Build/Intermediates.noindex/MathJaxSwift.build/Debug/MathJaxSwift.build/swift-overrides.hmap -emit-const-values -Xfrontend -const-gather-protocols-file -Xfrontend /Users/rogerlin/Library/Developer/Xcode/DerivedData/FinancialCalculatorKit-ackorybalcxbfocbkqsfdzcfkgmn/Build/Intermediates.noindex/MathJaxSwift.build/Debug/MathJaxSwift.build/Objects-normal/arm64/MathJaxSwift_const_extract_protocols.json -Xcc -I/Users/rogerlin/Library/Developer/Xcode/DerivedData/FinancialCalculatorKit-ackorybalcxbfocbkqsfdzcfkgmn/Build/Products/Debug/include -Xcc -I/Users/rogerlin/Library/Developer/Xcode/DerivedData/FinancialCalculatorKit-ackorybalcxbfocbkqsfdzcfkgmn/Build/Intermediates.noindex/MathJaxSwift.build/Debug/MathJaxSwift.build/DerivedSources-normal/arm64 -Xcc -I/Users/rogerlin/Library/Developer/Xcode/DerivedData/FinancialCalculatorKit-ackorybalcxbfocbkqsfdzcfkgmn/Build/Intermediates.noindex/MathJaxSwift.build/Debug/MathJaxSwift.build/DerivedSources/arm64 -Xcc -I/Users/rogerlin/Library/Developer/Xcode/DerivedData/FinancialCalculatorKit-ackorybalcxbfocbkqsfdzcfkgmn/Build/Intermediates.noindex/MathJaxSwift.build/Debug/MathJaxSwift.build/DerivedSources -Xcc -DSWIFT_PACKAGE -Xcc -DDEBUG\=1 -emit-objc-header -emit-objc-header-path /Users/rogerlin/Library/Developer/Xcode/DerivedData/FinancialCalculatorKit-ackorybalcxbfocbkqsfdzcfkgmn/Build/Intermediates.noindex/MathJaxSwift.build/Debug/MathJaxSwift.build/Objects-normal/arm64/MathJaxSwift-Swift.h -working-directory /Users/rogerlin/XCode-Projects/FinancialCalculatorKit-5.0-updated-accent-colors/FinancialCalculatorKit.xcodeproj -experimental-emit-module-separately -disable-cmo

    Task input dependencies:
        /Users/rogerlin/Library/Developer/Xcode/DerivedData/FinancialCalculatorKit-ackorybalcxbfocbkqsfdzcfkgmn/Build/Intermediates.noindex/MathJaxSwift.build/Debug/MathJaxSwift.build/DerivedSources/resource_bundle_accessor.swift
        /Users/rogerlin/Library/Developer/Xcode/DerivedData/FinancialCalculatorKit-ackorybalcxbfocbkqsfdzcfkgmn/SourcePackages/checkouts/MathJaxSwift/Sources/MathJaxSwift/Conversions/AM/AM2CHTML.swift
        /Users/rogerlin/Library/Developer/Xcode/DerivedData/FinancialCalculatorKit-ackorybalcxbfocbkqsfdzcfkgmn/SourcePackages/checkouts/MathJaxSwift/Sources/MathJaxSwift/Conversions/AM/AM2MML.swift
        /Users/rogerlin/Library/Developer/Xcode/DerivedData/FinancialCalculatorKit-ackorybalcxbfocbkqsfdzcfkgmn/SourcePackages/checkouts/MathJaxSwift/Sources/MathJaxSwift/Conversions/MML/MML2CHTML.swift
        /Users/rogerlin/Library/Developer/Xcode/DerivedData/FinancialCalculatorKit-ackorybalcxbfocbkqsfdzcfkgmn/SourcePackages/checkouts/MathJaxSwift/Sources/MathJaxSwift/Conversions/MML/MML2SVG.swift
        /Users/rogerlin/Library/Developer/Xcode/DerivedData/FinancialCalculatorKit-ackorybalcxbfocbkqsfdzcfkgmn/SourcePackages/checkouts/MathJaxSwift/Sources/MathJaxSwift/Conversions/TeX/TeX2CHTML.swift
        /Users/rogerlin/Library/Developer/Xcode/DerivedData/FinancialCalculatorKit-ackorybalcxbfocbkqsfdzcfkgmn/SourcePackages/checkouts/MathJaxSwift/Sources/MathJaxSwift/Conversions/TeX/TeX2MML.swift
        /Users/rogerlin/Library/Developer/Xcode/DerivedData/FinancialCalculatorKit-ackorybalcxbfocbkqsfdzcfkgmn/SourcePackages/checkouts/MathJaxSwift/Sources/MathJaxSwift/Conversions/TeX/TeX2SVG.swift
        /Users/rogerlin/Library/Developer/Xcode/DerivedData/FinancialCalculatorKit-ackorybalcxbfocbkqsfdzcfkgmn/SourcePackages/checkouts/MathJaxSwift/Sources/MathJaxSwift/Internal/Constants.swift
        /Users/rogerlin/Library/Developer/Xcode/DerivedData/FinancialCalculatorKit-ackorybalcxbfocbkqsfdzcfkgmn/SourcePackages/checkouts/MathJaxSwift/Sources/MathJaxSwift/Internal/Function.swift
        /Users/rogerlin/Library/Developer/Xcode/DerivedData/FinancialCalculatorKit-ackorybalcxbfocbkqsfdzcfkgmn/SourcePackages/checkouts/MathJaxSwift/Sources/MathJaxSwift/Internal/MathJaxError.swift
        /Users/rogerlin/Library/Developer/Xcode/DerivedData/FinancialCalculatorKit-ackorybalcxbfocbkqsfdzcfkgmn/SourcePackages/checkouts/MathJaxSwift/Sources/MathJaxSwift/Internal/PackageLock.swift
        /Users/rogerlin/Library/Developer/Xcode/DerivedData/FinancialCalculatorKit-ackorybalcxbfocbkqsfdzcfkgmn/SourcePackages/checkouts/MathJaxSwift/Sources/MathJaxSwift/Internal/Parsing/HTMLParser.swift
        /Users/rogerlin/Library/Developer/Xcode/DerivedData/FinancialCalculatorKit-ackorybalcxbfocbkqsfdzcfkgmn/SourcePackages/checkouts/MathJaxSwift/Sources/MathJaxSwift/Internal/Parsing/MMLParser.swift
        /Users/rogerlin/Library/Developer/Xcode/DerivedData/FinancialCalculatorKit-ackorybalcxbfocbkqsfdzcfkgmn/SourcePackages/checkouts/MathJaxSwift/Sources/MathJaxSwift/Internal/Parsing/Parser.swift
        /Users/rogerlin/Library/Developer/Xcode/DerivedData/FinancialCalculatorKit-ackorybalcxbfocbkqsfdzcfkgmn/SourcePackages/checkouts/MathJaxSwift/Sources/MathJaxSwift/Internal/Parsing/SVGParser.swift
        /Users/rogerlin/Library/Developer/Xcode/DerivedData/FinancialCalculatorKit-ackorybalcxbfocbkqsfdzcfkgmn/SourcePackages/checkouts/MathJaxSwift/Sources/MathJaxSwift/MathJax.swift
        /Users/rogerlin/Library/Developer/Xcode/DerivedData/FinancialCalculatorKit-ackorybalcxbfocbkqsfdzcfkgmn/SourcePackages/checkouts/MathJaxSwift/Sources/MathJaxSwift/Options/ConversionOptions.swift
        /Users/rogerlin/Library/Developer/Xcode/DerivedData/FinancialCalculatorKit-ackorybalcxbfocbkqsfdzcfkgmn/SourcePackages/checkouts/MathJaxSwift/Sources/MathJaxSwift/Options/Document/A11YOptions.swift
        /Users/rogerlin/Library/Developer/Xcode/DerivedData/FinancialCalculatorKit-ackorybalcxbfocbkqsfdzcfkgmn/SourcePackages/checkouts/MathJaxSwift/Sources/MathJaxSwift/Options/Document/DocumentOptions.swift
        /Users/rogerlin/Library/Developer/Xcode/DerivedData/FinancialCalculatorKit-ackorybalcxbfocbkqsfdzcfkgmn/SourcePackages/checkouts/MathJaxSwift/Sources/MathJaxSwift/Options/Document/Menu/MenuOptions.swift
        /Users/rogerlin/Library/Developer/Xcode/DerivedData/FinancialCalculatorKit-ackorybalcxbfocbkqsfdzcfkgmn/SourcePackages/checkouts/MathJaxSwift/Sources/MathJaxSwift/Options/Document/Menu/MenuOptionsSettings.swift
        /Users/rogerlin/Library/Developer/Xcode/DerivedData/FinancialCalculatorKit-ackorybalcxbfocbkqsfdzcfkgmn/SourcePackages/checkouts/MathJaxSwift/Sources/MathJaxSwift/Options/Document/SREOptions.swift
        /Users/rogerlin/Library/Developer/Xcode/DerivedData/FinancialCalculatorKit-ackorybalcxbfocbkqsfdzcfkgmn/SourcePackages/checkouts/MathJaxSwift/Sources/MathJaxSwift/Options/Document/Safe/AllowOptions.swift
        /Users/rogerlin/Library/Developer/Xcode/DerivedData/FinancialCalculatorKit-ackorybalcxbfocbkqsfdzcfkgmn/SourcePackages/checkouts/MathJaxSwift/Sources/MathJaxSwift/Options/Document/Safe/SafeOptions.swift
        /Users/rogerlin/Library/Developer/Xcode/DerivedData/FinancialCalculatorKit-ackorybalcxbfocbkqsfdzcfkgmn/SourcePackages/checkouts/MathJaxSwift/Sources/MathJaxSwift/Options/Document/Safe/SafeProtocols.swift
        /Users/rogerlin/Library/Developer/Xcode/DerivedData/FinancialCalculatorKit-ackorybalcxbfocbkqsfdzcfkgmn/SourcePackages/checkouts/MathJaxSwift/Sources/MathJaxSwift/Options/Document/Safe/SafeStyles.swift
        /Users/rogerlin/Library/Developer/Xcode/DerivedData/FinancialCalculatorKit-ackorybalcxbfocbkqsfdzcfkgmn/SourcePackages/checkouts/MathJaxSwift/Sources/MathJaxSwift/Options/Input/AMInputProcessorOptions.swift
        /Users/rogerlin/Library/Developer/Xcode/DerivedData/FinancialCalculatorKit-ackorybalcxbfocbkqsfdzcfkgmn/SourcePackages/checkouts/MathJaxSwift/Sources/MathJaxSwift/Options/Input/InputProcessorOptions.swift
        /Users/rogerlin/Library/Developer/Xcode/DerivedData/FinancialCalculatorKit-ackorybalcxbfocbkqsfdzcfkgmn/SourcePackages/checkouts/MathJaxSwift/Sources/MathJaxSwift/Options/Input/MMLInputProcessorOptions.swift
        /Users/rogerlin/Library/Developer/Xcode/DerivedData/FinancialCalculatorKit-ackorybalcxbfocbkqsfdzcfkgmn/SourcePackages/checkouts/MathJaxSwift/Sources/MathJaxSwift/Options/Input/TeX Packages/AMSCDOptions.swift
        /Users/rogerlin/Library/Developer/Xcode/DerivedData/FinancialCalculatorKit-ackorybalcxbfocbkqsfdzcfkgmn/SourcePackages/checkouts/MathJaxSwift/Sources/MathJaxSwift/Options/Input/TeX Packages/AMSOptions.swift
        /Users/rogerlin/Library/Developer/Xcode/DerivedData/FinancialCalculatorKit-ackorybalcxbfocbkqsfdzcfkgmn/SourcePackages/checkouts/MathJaxSwift/Sources/MathJaxSwift/Options/Input/TeX Packages/AutoloadOptions.swift
        /Users/rogerlin/Library/Developer/Xcode/DerivedData/FinancialCalculatorKit-ackorybalcxbfocbkqsfdzcfkgmn/SourcePackages/checkouts/MathJaxSwift/Sources/MathJaxSwift/Options/Input/TeX Packages/ColorOptions.swift
        /Users/rogerlin/Library/Developer/Xcode/DerivedData/FinancialCalculatorKit-ackorybalcxbfocbkqsfdzcfkgmn/SourcePackages/checkouts/MathJaxSwift/Sources/MathJaxSwift/Options/Input/TeX Packages/MathtoolsOptions.swift
        /Users/rogerlin/Library/Developer/Xcode/DerivedData/FinancialCalculatorKit-ackorybalcxbfocbkqsfdzcfkgmn/SourcePackages/checkouts/MathJaxSwift/Sources/MathJaxSwift/Options/Input/TeX Packages/NoundefinedOptions.swift
        /Users/rogerlin/Library/Developer/Xcode/DerivedData/FinancialCalculatorKit-ackorybalcxbfocbkqsfdzcfkgmn/SourcePackages/checkouts/MathJaxSwift/Sources/MathJaxSwift/Options/Input/TeX Packages/PhysicsOptions.swift
        /Users/rogerlin/Library/Developer/Xcode/DerivedData/FinancialCalculatorKit-ackorybalcxbfocbkqsfdzcfkgmn/SourcePackages/checkouts/MathJaxSwift/Sources/MathJaxSwift/Options/Input/TeX Packages/RequireOptions.swift
        /Users/rogerlin/Library/Developer/Xcode/DerivedData/FinancialCalculatorKit-ackorybalcxbfocbkqsfdzcfkgmn/SourcePackages/checkouts/MathJaxSwift/Sources/MathJaxSwift/Options/Input/TeX Packages/SetOptions.swift
        /Users/rogerlin/Library/Developer/Xcode/DerivedData/FinancialCalculatorKit-ackorybalcxbfocbkqsfdzcfkgmn/SourcePackages/checkouts/MathJaxSwift/Sources/MathJaxSwift/Options/Input/TeX Packages/TagFormatOptions.swift
        /Users/rogerlin/Library/Developer/Xcode/DerivedData/FinancialCalculatorKit-ackorybalcxbfocbkqsfdzcfkgmn/SourcePackages/checkouts/MathJaxSwift/Sources/MathJaxSwift/Options/Input/TeXInputProcessorOptions.swift
        /Users/rogerlin/Library/Developer/Xcode/DerivedData/FinancialCalculatorKit-ackorybalcxbfocbkqsfdzcfkgmn/SourcePackages/checkouts/MathJaxSwift/Sources/MathJaxSwift/Options/Output/CHTMLOutputProcessorOptions.swift
        /Users/rogerlin/Library/Developer/Xcode/DerivedData/FinancialCalculatorKit-ackorybalcxbfocbkqsfdzcfkgmn/SourcePackages/checkouts/MathJaxSwift/Sources/MathJaxSwift/Options/Output/OutputProcessorOptions.swift
        /Users/rogerlin/Library/Developer/Xcode/DerivedData/FinancialCalculatorKit-ackorybalcxbfocbkqsfdzcfkgmn/SourcePackages/checkouts/MathJaxSwift/Sources/MathJaxSwift/Options/Output/SVGOutputProcessorOptions.swift
        /Users/rogerlin/Library/Developer/Xcode/DerivedData/FinancialCalculatorKit-ackorybalcxbfocbkqsfdzcfkgmn/Build/Intermediates.noindex/MathJaxSwift.build/Debug/MathJaxSwift.build/Objects-normal/arm64/MathJaxSwift.SwiftFileList
        /Users/rogerlin/Library/Developer/Xcode/DerivedData/FinancialCalculatorKit-ackorybalcxbfocbkqsfdzcfkgmn/Build/Intermediates.noindex/MathJaxSwift.build/Debug/MathJaxSwift.build/Objects-normal/arm64/MathJaxSwift-OutputFileMap.json
        /Users/rogerlin/Library/Developer/Xcode/DerivedData/FinancialCalculatorKit-ackorybalcxbfocbkqsfdzcfkgmn/Build/Intermediates.noindex/MathJaxSwift.build/Debug/MathJaxSwift.build/Objects-normal/arm64/MathJaxSwift_const_extract_protocols.json
        /Users/rogerlin/Library/Developer/Xcode/DerivedData/FinancialCalculatorKit-ackorybalcxbfocbkqsfdzcfkgmn/Build/Intermediates.noindex/GeneratedModuleMaps/MathJaxSwift.modulemap
        /Users/rogerlin/Library/Developer/Xcode/DerivedData/FinancialCalculatorKit-ackorybalcxbfocbkqsfdzcfkgmn/Build/Intermediates.noindex/MathJaxSwift.build/Debug/MathJaxSwift.build/DerivedSources/resource_bundle_accessor.swift
        /Users/rogerlin/Library/Developer/Xcode/DerivedData/FinancialCalculatorKit-ackorybalcxbfocbkqsfdzcfkgmn/SourcePackages/checkouts/MathJaxSwift/Sources/MathJaxSwift/Conversions/AM/AM2CHTML.swift
        /Users/rogerlin/Library/Developer/Xcode/DerivedData/FinancialCalculatorKit-ackorybalcxbfocbkqsfdzcfkgmn/SourcePackages/checkouts/MathJaxSwift/Sources/MathJaxSwift/Conversions/AM/AM2MML.swift
        /Users/rogerlin/Library/Developer/Xcode/DerivedData/FinancialCalculatorKit-ackorybalcxbfocbkqsfdzcfkgmn/SourcePackages/checkouts/MathJaxSwift/Sources/MathJaxSwift/Conversions/MML/MML2CHTML.swift
        /Users/rogerlin/Library/Developer/Xcode/DerivedData/FinancialCalculatorKit-ackorybalcxbfocbkqsfdzcfkgmn/SourcePackages/checkouts/MathJaxSwift/Sources/MathJaxSwift/Conversions/MML/MML2SVG.swift
        /Users/rogerlin/Library/Developer/Xcode/DerivedData/FinancialCalculatorKit-ackorybalcxbfocbkqsfdzcfkgmn/SourcePackages/checkouts/MathJaxSwift/Sources/MathJaxSwift/Conversions/TeX/TeX2CHTML.swift
        /Users/rogerlin/Library/Developer/Xcode/DerivedData/FinancialCalculatorKit-ackorybalcxbfocbkqsfdzcfkgmn/SourcePackages/checkouts/MathJaxSwift/Sources/MathJaxSwift/Conversions/TeX/TeX2MML.swift
        /Users/rogerlin/Library/Developer/Xcode/DerivedData/FinancialCalculatorKit-ackorybalcxbfocbkqsfdzcfkgmn/SourcePackages/checkouts/MathJaxSwift/Sources/MathJaxSwift/Conversions/TeX/TeX2SVG.swift
        /Users/rogerlin/Library/Developer/Xcode/DerivedData/FinancialCalculatorKit-ackorybalcxbfocbkqsfdzcfkgmn/SourcePackages/checkouts/MathJaxSwift/Sources/MathJaxSwift/Internal/Constants.swift
        /Users/rogerlin/Library/Developer/Xcode/DerivedData/FinancialCalculatorKit-ackorybalcxbfocbkqsfdzcfkgmn/SourcePackages/checkouts/MathJaxSwift/Sources/MathJaxSwift/Internal/Function.swift
        /Users/rogerlin/Library/Developer/Xcode/DerivedData/FinancialCalculatorKit-ackorybalcxbfocbkqsfdzcfkgmn/SourcePackages/checkouts/MathJaxSwift/Sources/MathJaxSwift/Internal/MathJaxError.swift
        /Users/rogerlin/Library/Developer/Xcode/DerivedData/FinancialCalculatorKit-ackorybalcxbfocbkqsfdzcfkgmn/SourcePackages/checkouts/MathJaxSwift/Sources/MathJaxSwift/Internal/PackageLock.swift
        /Users/rogerlin/Library/Developer/Xcode/DerivedData/FinancialCalculatorKit-ackorybalcxbfocbkqsfdzcfkgmn/SourcePackages/checkouts/MathJaxSwift/Sources/MathJaxSwift/Internal/Parsing/HTMLParser.swift
        /Users/rogerlin/Library/Developer/Xcode/DerivedData/FinancialCalculatorKit-ackorybalcxbfocbkqsfdzcfkgmn/SourcePackages/checkouts/MathJaxSwift/Sources/MathJaxSwift/Internal/Parsing/MMLParser.swift
        /Users/rogerlin/Library/Developer/Xcode/DerivedData/FinancialCalculatorKit-ackorybalcxbfocbkqsfdzcfkgmn/SourcePackages/checkouts/MathJaxSwift/Sources/MathJaxSwift/Internal/Parsing/Parser.swift
        /Users/rogerlin/Library/Developer/Xcode/DerivedData/FinancialCalculatorKit-ackorybalcxbfocbkqsfdzcfkgmn/SourcePackages/checkouts/MathJaxSwift/Sources/MathJaxSwift/Internal/Parsing/SVGParser.swift
        /Users/rogerlin/Library/Developer/Xcode/DerivedData/FinancialCalculatorKit-ackorybalcxbfocbkqsfdzcfkgmn/SourcePackages/checkouts/MathJaxSwift/Sources/MathJaxSwift/MathJax.swift
        /Users/rogerlin/Library/Developer/Xcode/DerivedData/FinancialCalculatorKit-ackorybalcxbfocbkqsfdzcfkgmn/SourcePackages/checkouts/MathJaxSwift/Sources/MathJaxSwift/Options/ConversionOptions.swift
        /Users/rogerlin/Library/Developer/Xcode/DerivedData/FinancialCalculatorKit-ackorybalcxbfocbkqsfdzcfkgmn/SourcePackages/checkouts/MathJaxSwift/Sources/MathJaxSwift/Options/Document/A11YOptions.swift
        /Users/rogerlin/Library/Developer/Xcode/DerivedData/FinancialCalculatorKit-ackorybalcxbfocbkqsfdzcfkgmn/SourcePackages/checkouts/MathJaxSwift/Sources/MathJaxSwift/Options/Document/DocumentOptions.swift
        /Users/rogerlin/Library/Developer/Xcode/DerivedData/FinancialCalculatorKit-ackorybalcxbfocbkqsfdzcfkgmn/SourcePackages/checkouts/MathJaxSwift/Sources/MathJaxSwift/Options/Document/Menu/MenuOptions.swift
        /Users/rogerlin/Library/Developer/Xcode/DerivedData/FinancialCalculatorKit-ackorybalcxbfocbkqsfdzcfkgmn/SourcePackages/checkouts/MathJaxSwift/Sources/MathJaxSwift/Options/Document/Menu/MenuOptionsSettings.swift
        /Users/rogerlin/Library/Developer/Xcode/DerivedData/FinancialCalculatorKit-ackorybalcxbfocbkqsfdzcfkgmn/SourcePackages/checkouts/MathJaxSwift/Sources/MathJaxSwift/Options/Document/SREOptions.swift
        /Users/rogerlin/Library/Developer/Xcode/DerivedData/FinancialCalculatorKit-ackorybalcxbfocbkqsfdzcfkgmn/SourcePackages/checkouts/MathJaxSwift/Sources/MathJaxSwift/Options/Document/Safe/AllowOptions.swift
        /Users/rogerlin/Library/Developer/Xcode/DerivedData/FinancialCalculatorKit-ackorybalcxbfocbkqsfdzcfkgmn/SourcePackages/checkouts/MathJaxSwift/Sources/MathJaxSwift/Options/Document/Safe/SafeOptions.swift
        /Users/rogerlin/Library/Developer/Xcode/DerivedData/FinancialCalculatorKit-ackorybalcxbfocbkqsfdzcfkgmn/SourcePackages/checkouts/MathJaxSwift/Sources/MathJaxSwift/Options/Document/Safe/SafeProtocols.swift
        /Users/rogerlin/Library/Developer/Xcode/DerivedData/FinancialCalculatorKit-ackorybalcxbfocbkqsfdzcfkgmn/SourcePackages/checkouts/MathJaxSwift/Sources/MathJaxSwift/Options/Document/Safe/SafeStyles.swift
        /Users/rogerlin/Library/Developer/Xcode/DerivedData/FinancialCalculatorKit-ackorybalcxbfocbkqsfdzcfkgmn/SourcePackages/checkouts/MathJaxSwift/Sources/MathJaxSwift/Options/Input/AMInputProcessorOptions.swift
        /Users/rogerlin/Library/Developer/Xcode/DerivedData/FinancialCalculatorKit-ackorybalcxbfocbkqsfdzcfkgmn/SourcePackages/checkouts/MathJaxSwift/Sources/MathJaxSwift/Options/Input/InputProcessorOptions.swift
        /Users/rogerlin/Library/Developer/Xcode/DerivedData/FinancialCalculatorKit-ackorybalcxbfocbkqsfdzcfkgmn/SourcePackages/checkouts/MathJaxSwift/Sources/MathJaxSwift/Options/Input/MMLInputProcessorOptions.swift
        /Users/rogerlin/Library/Developer/Xcode/DerivedData/FinancialCalculatorKit-ackorybalcxbfocbkqsfdzcfkgmn/SourcePackages/checkouts/MathJaxSwift/Sources/MathJaxSwift/Options/Input/TeX Packages/AMSCDOptions.swift
        /Users/rogerlin/Library/Developer/Xcode/DerivedData/FinancialCalculatorKit-ackorybalcxbfocbkqsfdzcfkgmn/SourcePackages/checkouts/MathJaxSwift/Sources/MathJaxSwift/Options/Input/TeX Packages/AMSOptions.swift
        /Users/rogerlin/Library/Developer/Xcode/DerivedData/FinancialCalculatorKit-ackorybalcxbfocbkqsfdzcfkgmn/SourcePackages/checkouts/MathJaxSwift/Sources/MathJaxSwift/Options/Input/TeX Packages/AutoloadOptions.swift
        /Users/rogerlin/Library/Developer/Xcode/DerivedData/FinancialCalculatorKit-ackorybalcxbfocbkqsfdzcfkgmn/SourcePackages/checkouts/MathJaxSwift/Sources/MathJaxSwift/Options/Input/TeX Packages/ColorOptions.swift
        /Users/rogerlin/Library/Developer/Xcode/DerivedData/FinancialCalculatorKit-ackorybalcxbfocbkqsfdzcfkgmn/SourcePackages/checkouts/MathJaxSwift/Sources/MathJaxSwift/Options/Input/TeX Packages/MathtoolsOptions.swift
        /Users/rogerlin/Library/Developer/Xcode/DerivedData/FinancialCalculatorKit-ackorybalcxbfocbkqsfdzcfkgmn/SourcePackages/checkouts/MathJaxSwift/Sources/MathJaxSwift/Options/Input/TeX Packages/NoundefinedOptions.swift
        /Users/rogerlin/Library/Developer/Xcode/DerivedData/FinancialCalculatorKit-ackorybalcxbfocbkqsfdzcfkgmn/SourcePackages/checkouts/MathJaxSwift/Sources/MathJaxSwift/Options/Input/TeX Packages/PhysicsOptions.swift
        /Users/rogerlin/Library/Developer/Xcode/DerivedData/FinancialCalculatorKit-ackorybalcxbfocbkqsfdzcfkgmn/SourcePackages/checkouts/MathJaxSwift/Sources/MathJaxSwift/Options/Input/TeX Packages/RequireOptions.swift
        /Users/rogerlin/Library/Developer/Xcode/DerivedData/FinancialCalculatorKit-ackorybalcxbfocbkqsfdzcfkgmn/SourcePackages/checkouts/MathJaxSwift/Sources/MathJaxSwift/Options/Input/TeX Packages/SetOptions.swift
        /Users/rogerlin/Library/Developer/Xcode/DerivedData/FinancialCalculatorKit-ackorybalcxbfocbkqsfdzcfkgmn/SourcePackages/checkouts/MathJaxSwift/Sources/MathJaxSwift/Options/Input/TeX Packages/TagFormatOptions.swift
        /Users/rogerlin/Library/Developer/Xcode/DerivedData/FinancialCalculatorKit-ackorybalcxbfocbkqsfdzcfkgmn/SourcePackages/checkouts/MathJaxSwift/Sources/MathJaxSwift/Options/Input/TeXInputProcessorOptions.swift
        /Users/rogerlin/Library/Developer/Xcode/DerivedData/FinancialCalculatorKit-ackorybalcxbfocbkqsfdzcfkgmn/SourcePackages/checkouts/MathJaxSwift/Sources/MathJaxSwift/Options/Output/CHTMLOutputProcessorOptions.swift
        /Users/rogerlin/Library/Developer/Xcode/DerivedData/FinancialCalculatorKit-ackorybalcxbfocbkqsfdzcfkgmn/SourcePackages/checkouts/MathJaxSwift/Sources/MathJaxSwift/Options/Output/OutputProcessorOptions.swift
        /Users/rogerlin/Library/Developer/Xcode/DerivedData/FinancialCalculatorKit-ackorybalcxbfocbkqsfdzcfkgmn/SourcePackages/checkouts/MathJaxSwift/Sources/MathJaxSwift/Options/Output/SVGOutputProcessorOptions.swift
        /Users/rogerlin/Library/Developer/Xcode/DerivedData/FinancialCalculatorKit-ackorybalcxbfocbkqsfdzcfkgmn/Build/Intermediates.noindex/MathJaxSwift.build/Debug/MathJaxSwift.build/Objects-normal/arm64/MathJaxSwift.SwiftFileList
        /Users/rogerlin/Library/Developer/Xcode/DerivedData/FinancialCalculatorKit-ackorybalcxbfocbkqsfdzcfkgmn/Build/Intermediates.noindex/MathJaxSwift.build/Debug/MathJaxSwift.build/Objects-normal/arm64/MathJaxSwift-OutputFileMap.json
        /Users/rogerlin/Library/Developer/Xcode/DerivedData/FinancialCalculatorKit-ackorybalcxbfocbkqsfdzcfkgmn/Build/Intermediates.noindex/MathJaxSwift.build/Debug/MathJaxSwift.build/Objects-normal/arm64/MathJaxSwift_const_extract_protocols.json
        /Users/rogerlin/Library/Developer/Xcode/DerivedData/FinancialCalculatorKit-ackorybalcxbfocbkqsfdzcfkgmn/Build/Intermediates.noindex/GeneratedModuleMaps/MathJaxSwift.modulemap
        <ClangStatCache /Users/rogerlin/Library/Developer/Xcode/DerivedData/SDKStatCaches.noindex/macosx26.1-25B74-3ae1261907bdadc328169391a47051a6.sdkstatcache>
        <target-MathJaxSwift-PACKAGE-TARGET:MathJaxSwift-SDKROOT:macosx:SDK_VARIANT:macos-copy-headers-completion>
        <target-MathJaxSwift-PACKAGE-TARGET:MathJaxSwift-SDKROOT:macosx:SDK_VARIANT:macos-ModuleVerifierTaskProducer>
        <target-MathJaxSwift-PACKAGE-TARGET:MathJaxSwift-SDKROOT:macosx:SDK_VARIANT:macos-begin-compiling>
        <WorkspaceHeaderMapVFSFilesWritten>

    Task output dependencies:
        /Users/rogerlin/Library/Developer/Xcode/DerivedData/FinancialCalculatorKit-ackorybalcxbfocbkqsfdzcfkgmn/Build/Intermediates.noindex/MathJaxSwift.build/Debug/MathJaxSwift.build/Objects-normal/arm64/MathJaxSwift Swift Compilation Requirements Finished
        /Users/rogerlin/Library/Developer/Xcode/DerivedData/FinancialCalculatorKit-ackorybalcxbfocbkqsfdzcfkgmn/Build/Intermediates.noindex/MathJaxSwift.build/Debug/MathJaxSwift.build/Objects-normal/arm64/MathJaxSwift.swiftmodule
        /Users/rogerlin/Library/Developer/Xcode/DerivedData/FinancialCalculatorKit-ackorybalcxbfocbkqsfdzcfkgmn/Build/Intermediates.noindex/MathJaxSwift.build/Debug/MathJaxSwift.build/Objects-normal/arm64/MathJaxSwift-linker-args.resp
        /Users/rogerlin/Library/Developer/Xcode/DerivedData/FinancialCalculatorKit-ackorybalcxbfocbkqsfdzcfkgmn/Build/Intermediates.noindex/MathJaxSwift.build/Debug/MathJaxSwift.build/Objects-normal/arm64/MathJaxSwift.swiftsourceinfo
        /Users/rogerlin/Library/Developer/Xcode/DerivedData/FinancialCalculatorKit-ackorybalcxbfocbkqsfdzcfkgmn/Build/Intermediates.noindex/MathJaxSwift.build/Debug/MathJaxSwift.build/Objects-normal/arm64/MathJaxSwift.abi.json
        /Users/rogerlin/Library/Developer/Xcode/DerivedData/FinancialCalculatorKit-ackorybalcxbfocbkqsfdzcfkgmn/Build/Intermediates.noindex/MathJaxSwift.build/Debug/MathJaxSwift.build/Objects-normal/arm64/MathJaxSwift-Swift.h
        /Users/rogerlin/Library/Developer/Xcode/DerivedData/FinancialCalculatorKit-ackorybalcxbfocbkqsfdzcfkgmn/Build/Intermediates.noindex/MathJaxSwift.build/Debug/MathJaxSwift.build/Objects-normal/arm64/MathJaxSwift.swiftdoc
Discovered dependency nodes:
/Applications/Xcode.app/Contents/Developer/Platforms/MacOSX.platform/Developer/SDKs/MacOSX26.1.sdk/System/Library/Frameworks/CFNetwork.framework/Modules/module.modulemap
/Applications/Xcode.app/Contents/Developer/Platforms/MacOSX.platform/Developer/SDKs/MacOSX26.1.sdk/System/Library/Frameworks/CFNetwork.framework/Headers/CFNetwork.h
/Applications/Xcode.app/Contents/Developer/Platforms/MacOSX.platform/Developer/SDKs/MacOSX26.1.sdk/System/Library/Frameworks/CoreFoundation.framework/Modules/module.modulemap
/Applications/Xcode.app/Contents/Developer/Platforms/MacOSX.platform/Developer/SDKs/MacOSX26.1.sdk/System/Library/Frameworks/CFNetwork.framework/Headers/CFNetworkDefs.h
/Applications/Xcode.app/Contents/Developer/Platforms/MacOSX.platform/Developer/SDKs/MacOSX26.1.sdk/usr/include/Darwin.modulemap
/Applications/Xcode.app/Contents/Developer/Platforms/MacOSX.platform/Developer/SDKs/MacOSX26.1.sdk/System/Library/Frameworks/CFNetwork.framework/Headers/CFNetworkErrors.h
/Applications/Xcode.app/Contents/Developer/Platforms/MacOSX.platform/Developer/SDKs/MacOSX26.1.sdk/System/Library/Frameworks/CFNetwork.framework/Headers/CFSocketStream.h
/Applications/Xcode.app/Contents/Developer/Platforms/MacOSX.platform/Developer/SDKs/MacOSX26.1.sdk/System/Library/Frameworks/CFNetwork.framework/Headers/CFHost.h
/Applications/Xcode.app/Contents/Developer/Platforms/MacOSX.platform/Developer/SDKs/MacOSX26.1.sdk/System/Library/Frameworks/CFNetwork.framework/Headers/CFNetServices.h
/Applications/Xcode.app/Contents/Developer/Platforms/MacOSX.platform/Developer/SDKs/MacOSX26.1.sdk/System/Library/Frameworks/CFNetwork.framework/Headers/CFFTPStream.h
/Applications/Xcode.app/Contents/Developer/Platforms/MacOSX.platform/Developer/SDKs/MacOSX26.1.sdk/System/Library/Frameworks/CFNetwork.framework/Headers/CFHTTPMessage.h
/Applications/Xcode.app/Contents/Developer/Platforms/MacOSX.platform/Developer/SDKs/MacOSX26.1.sdk/System/Library/Frameworks/CFNetwork.framework/Headers/CFHTTPStream.h
/Applications/Xcode.app/Contents/Developer/Platforms/MacOSX.platform/Developer/SDKs/MacOSX26.1.sdk/System/Library/Frameworks/CFNetwork.framework/Headers/CFHTTPAuthentication.h
/Applications/Xcode.app/Contents/Developer/Platforms/MacOSX.platform/Developer/SDKs/MacOSX26.1.sdk/System/Library/Frameworks/CFNetwork.framework/Headers/CFNetDiagnostics.h
/Applications/Xcode.app/Contents/Developer/Toolchains/XcodeDefault.xctoolchain/usr/lib/swift/clang/include/module.modulemap
/Applications/Xcode.app/Contents/Developer/Platforms/MacOSX.platform/Developer/SDKs/MacOSX26.1.sdk/System/Library/Frameworks/CFNetwork.framework/Headers/CFProxySupport.h
/Applications/Xcode.app/Contents/Developer/Platforms/MacOSX.platform/Developer/SDKs/MacOSX26.1.sdk/SDKSettings.json
/Applications/Xcode.app/Contents/Developer/Toolchains/XcodeDefault.xctoolchain/usr/lib/swift/macosx/prebuilt-modules/26.1/Combine.swiftmodule/arm64e-apple-macos.swiftmodule
/Applications/Xcode.app/Contents/Developer/Toolchains/XcodeDefault.xctoolchain/usr/lib/swift/macosx/prebuilt-modules/26.1/CoreFoundation.swiftmodule/arm64e-apple-macos.swiftmodule
/Applications/Xcode.app/Contents/Developer/Platforms/MacOSX.platform/Developer/SDKs/MacOSX26.1.sdk/System/Library/Frameworks/CoreFoundation.framework/Modules/module.modulemap
/Applications/Xcode.app/Contents/Developer/Platforms/MacOSX.platform/Developer/SDKs/MacOSX26.1.sdk/System/Library/Frameworks/CoreFoundation.framework/Headers/CoreFoundation.h
/Applications/Xcode.app/Contents/Developer/Platforms/MacOSX.platform/Developer/SDKs/MacOSX26.1.sdk/usr/include/dispatch.modulemap
/Applications/Xcode.app/Contents/Developer/Platforms/MacOSX.platform/Developer/SDKs/MacOSX26.1.sdk/usr/include/Darwin.modulemap
/Applications/Xcode.app/Contents/Developer/Platforms/MacOSX.platform/Developer/SDKs/MacOSX26.1.sdk/usr/include/Darwin_C.modulemap
/Applications/Xcode.app/Contents/Developer/Platforms/MacOSX.platform/Developer/SDKs/MacOSX26.1.sdk/usr/include/Darwin_POSIX.modulemap
/Applications/Xcode.app/Contents/Developer/Platforms/MacOSX.platform/Developer/SDKs/MacOSX26.1.sdk/usr/include/net.modulemap
/Applications/Xcode.app/Contents/Developer/Platforms/MacOSX.platform/Developer/SDKs/MacOSX26.1.sdk/usr/include/netinet.modulemap
/Applications/Xcode.app/Contents/Developer/Platforms/MacOSX.platform/Developer/SDKs/MacOSX26.1.sdk/usr/include/bank.modulemap
/Applications/Xcode.app/Contents/Developer/Platforms/MacOSX.platform/Developer/SDKs/MacOSX26.1.sdk/usr/include/Darwin_Mach.modulemap
/Applications/Xcode.app/Contents/Developer/Platforms/MacOSX.platform/Developer/SDKs/MacOSX26.1.sdk/usr/include/Darwin_Mach_machine.modulemap
/Applications/Xcode.app/Contents/Developer/Platforms/MacOSX.platform/Developer/SDKs/MacOSX26.1.sdk/usr/include/mach_debug.modulemap
/Applications/Xcode.app/Contents/Developer/Platforms/MacOSX.platform/Developer/SDKs/MacOSX26.1.sdk/usr/include/device.modulemap
/Applications/Xcode.app/Contents/Developer/Platforms/MacOSX.platform/Developer/SDKs/MacOSX26.1.sdk/usr/include/Darwin_machine.modulemap
/Applications/Xcode.app/Contents/Developer/Platforms/MacOSX.platform/Developer/SDKs/MacOSX26.1.sdk/usr/include/ncurses.modulemap
/Applications/Xcode.app/Contents/Developer/Platforms/MacOSX.platform/Developer/SDKs/MacOSX26.1.sdk/usr/include/netinet6.modulemap
/Applications/Xcode.app/Contents/Developer/Platforms/MacOSX.platform/Developer/SDKs/MacOSX26.1.sdk/usr/include/Darwin_sys.modulemap
/Applications/Xcode.app/Contents/Developer/Platforms/MacOSX.platform/Developer/SDKs/MacOSX26.1.sdk/usr/include/uuid.modulemap
/Applications/Xcode.app/Contents/Developer/Platforms/MacOSX.platform/Developer/SDKs/MacOSX26.1.sdk/usr/include/DarwinFoundation2.modulemap
/Applications/Xcode.app/Contents/Developer/Platforms/MacOSX.platform/Developer/SDKs/MacOSX26.1.sdk/usr/include/DarwinFoundation3.modulemap
/Applications/Xcode.app/Contents/Developer/Platforms/MacOSX.platform/Developer/SDKs/MacOSX26.1.sdk/usr/include/DarwinFoundation1.modulemap
/Applications/Xcode.app/Contents/Developer/Toolchains/XcodeDefault.xctoolchain/usr/lib/swift/clang/include/module.modulemap
/Applications/Xcode.app/Contents/Developer/Toolchains/XcodeDefault.xctoolchain/usr/lib/swift/clang/include/stdarg.h
/Applications/Xcode.app/Contents/Developer/Platforms/MacOSX.platform/Developer/SDKs/MacOSX26.1.sdk/usr/include/assert.h
/Applications/Xcode.app/Contents/Developer/Platforms/MacOSX.platform/Developer/SDKs/MacOSX26.1.sdk/usr/include/ctype.h
/Applications/Xcode.app/Contents/Developer/Toolchains/XcodeDefault.xctoolchain/usr/lib/swift/clang/include/stddef.h
/Applications/Xcode.app/Contents/Developer/Platforms/MacOSX.platform/Developer/SDKs/MacOSX26.1.sdk/usr/include/stdio.h
/Applications/Xcode.app/Contents/Developer/Platforms/MacOSX.platform/Developer/SDKs/MacOSX26.1.sdk/usr/include/stdlib.h
/Applications/Xcode.app/Contents/Developer/Platforms/MacOSX.platform/Developer/SDKs/MacOSX26.1.sdk/usr/include/string.h
/Applications/Xcode.app/Contents/Developer/Platforms/MacOSX.platform/Developer/SDKs/MacOSX26.1.sdk/usr/include/time.h
/Applications/Xcode.app/Contents/Developer/Platforms/MacOSX.platform/Developer/SDKs/MacOSX26.1.sdk/System/Library/Frameworks/CoreFoundation.framework/Headers/CFBase.h
/Applications/Xcode.app/Contents/Developer/Platforms/MacOSX.platform/Developer/SDKs/MacOSX26.1.sdk/System/Library/Frameworks/CoreFoundation.framework/Headers/CFAvailability.h
/Applications/Xcode.app/Contents/Developer/Platforms/MacOSX.platform/Developer/SDKs/MacOSX26.1.sdk/System/Library/Frameworks/CoreFoundation.framework/Headers/CFArray.h
/Applications/Xcode.app/Contents/Developer/Platforms/MacOSX.platform/Developer/SDKs/MacOSX26.1.sdk/System/Library/Frameworks/CoreFoundation.framework/Headers/CFBag.h
/Applications/Xcode.app/Contents/Developer/Platforms/MacOSX.platform/Developer/SDKs/MacOSX26.1.sdk/System/Library/Frameworks/CoreFoundation.framework/Headers/CFBinaryHeap.h
/Applications/Xcode.app/Contents/Developer/Platforms/MacOSX.platform/Developer/SDKs/MacOSX26.1.sdk/System/Library/Frameworks/CoreFoundation.framework/Headers/CFBitVector.h
/Applications/Xcode.app/Contents/Developer/Platforms/MacOSX.platform/Developer/SDKs/MacOSX26.1.sdk/System/Library/Frameworks/CoreFoundation.framework/Headers/CFByteOrder.h
/Applications/Xcode.app/Contents/Developer/Platforms/MacOSX.platform/Developer/SDKs/MacOSX26.1.sdk/System/Library/Frameworks/CoreFoundation.framework/Headers/CFCalendar.h
/Applications/Xcode.app/Contents/Developer/Platforms/MacOSX.platform/Developer/SDKs/MacOSX26.1.sdk/System/Library/Frameworks/CoreFoundation.framework/Headers/CFLocale.h
/Applications/Xcode.app/Contents/Developer/Platforms/MacOSX.platform/Developer/SDKs/MacOSX26.1.sdk/System/Library/Frameworks/CoreFoundation.framework/Headers/CFDictionary.h
/Applications/Xcode.app/Contents/Developer/Platforms/MacOSX.platform/Developer/SDKs/MacOSX26.1.sdk/System/Library/Frameworks/CoreFoundation.framework/Headers/CFNotificationCenter.h
/Applications/Xcode.app/Contents/Developer/Platforms/MacOSX.platform/Developer/SDKs/MacOSX26.1.sdk/System/Library/Frameworks/CoreFoundation.framework/Headers/CFDate.h
/Applications/Xcode.app/Contents/Developer/Platforms/MacOSX.platform/Developer/SDKs/MacOSX26.1.sdk/System/Library/Frameworks/CoreFoundation.framework/Headers/CFTimeZone.h
/Applications/Xcode.app/Contents/Developer/Platforms/MacOSX.platform/Developer/SDKs/MacOSX26.1.sdk/System/Library/Frameworks/CoreFoundation.framework/Headers/CFData.h
/Applications/Xcode.app/Contents/Developer/Platforms/MacOSX.platform/Developer/SDKs/MacOSX26.1.sdk/System/Library/Frameworks/CoreFoundation.framework/Headers/CFString.h
/Applications/Xcode.app/Contents/Developer/Platforms/MacOSX.platform/Developer/SDKs/MacOSX26.1.sdk/System/Library/Frameworks/CoreFoundation.framework/Headers/CFCharacterSet.h
/Applications/Xcode.app/Contents/Developer/Platforms/MacOSX.platform/Developer/SDKs/MacOSX26.1.sdk/System/Library/Frameworks/CoreFoundation.framework/Headers/CFError.h
/Applications/Xcode.app/Contents/Developer/Platforms/MacOSX.platform/Developer/SDKs/MacOSX26.1.sdk/System/Library/Frameworks/CoreFoundation.framework/Headers/CFCGTypes.h
/Applications/Xcode.app/Contents/Developer/Platforms/MacOSX.platform/Developer/SDKs/MacOSX26.1.sdk/System/Library/Frameworks/CoreFoundation.framework/Headers/CFDateFormatter.h
/Applications/Xcode.app/Contents/Developer/Platforms/MacOSX.platform/Developer/SDKs/MacOSX26.1.sdk/System/Library/Frameworks/CoreFoundation.framework/Headers/CFNumber.h
/Applications/Xcode.app/Contents/Developer/Platforms/MacOSX.platform/Developer/SDKs/MacOSX26.1.sdk/System/Library/Frameworks/CoreFoundation.framework/Headers/CFNumberFormatter.h
/Applications/Xcode.app/Contents/Developer/Platforms/MacOSX.platform/Developer/SDKs/MacOSX26.1.sdk/System/Library/Frameworks/CoreFoundation.framework/Headers/CFPreferences.h
/Applications/Xcode.app/Contents/Developer/Platforms/MacOSX.platform/Developer/SDKs/MacOSX26.1.sdk/System/Library/Frameworks/CoreFoundation.framework/Headers/CFPropertyList.h
/Applications/Xcode.app/Contents/Developer/Platforms/MacOSX.platform/Developer/SDKs/MacOSX26.1.sdk/System/Library/Frameworks/CoreFoundation.framework/Headers/CFStream.h
/Applications/Xcode.app/Contents/Developer/Platforms/MacOSX.platform/Developer/SDKs/MacOSX26.1.sdk/System/Library/Frameworks/CoreFoundation.framework/Headers/CFURL.h
/Applications/Xcode.app/Contents/Developer/Platforms/MacOSX.platform/Developer/SDKs/MacOSX26.1.sdk/System/Library/Frameworks/CoreFoundation.framework/Headers/CFRunLoop.h
/Applications/Xcode.app/Contents/Developer/Platforms/MacOSX.platform/Developer/SDKs/MacOSX26.1.sdk/System/Library/Frameworks/CoreFoundation.framework/Headers/CFSocket.h
/Applications/Xcode.app/Contents/Developer/Platforms/MacOSX.platform/Developer/SDKs/MacOSX26.1.sdk/System/Library/Frameworks/CoreFoundation.framework/Headers/CFSet.h
/Applications/Xcode.app/Contents/Developer/Platforms/MacOSX.platform/Developer/SDKs/MacOSX26.1.sdk/System/Library/Frameworks/CoreFoundation.framework/Headers/CFStringEncodingExt.h
/Applications/Xcode.app/Contents/Developer/Platforms/MacOSX.platform/Developer/SDKs/MacOSX26.1.sdk/System/Library/Frameworks/CoreFoundation.framework/Headers/CFTree.h
/Applications/Xcode.app/Contents/Developer/Platforms/MacOSX.platform/Developer/SDKs/MacOSX26.1.sdk/System/Library/Frameworks/CoreFoundation.framework/Headers/CFURLAccess.h
/Applications/Xcode.app/Contents/Developer/Platforms/MacOSX.platform/Developer/SDKs/MacOSX26.1.sdk/System/Library/Frameworks/CoreFoundation.framework/Headers/CFUUID.h
/Applications/Xcode.app/Contents/Developer/Platforms/MacOSX.platform/Developer/SDKs/MacOSX26.1.sdk/System/Library/Frameworks/CoreFoundation.framework/Headers/CFUtilities.h
/Applications/Xcode.app/Contents/Developer/Platforms/MacOSX.platform/Developer/SDKs/MacOSX26.1.sdk/System/Library/Frameworks/CoreFoundation.framework/Headers/CFBundle.h
/Applications/Xcode.app/Contents/Developer/Platforms/MacOSX.platform/Developer/SDKs/MacOSX26.1.sdk/System/Library/Frameworks/CoreFoundation.framework/Headers/CFMessagePort.h
/Applications/Xcode.app/Contents/Developer/Platforms/MacOSX.platform/Developer/SDKs/MacOSX26.1.sdk/System/Library/Frameworks/CoreFoundation.framework/Headers/CFPlugIn.h
/Applications/Xcode.app/Contents/Developer/Platforms/MacOSX.platform/Developer/SDKs/MacOSX26.1.sdk/System/Library/Frameworks/CoreFoundation.framework/Headers/CFMachPort.h
/Applications/Xcode.app/Contents/Developer/Platforms/MacOSX.platform/Developer/SDKs/MacOSX26.1.sdk/System/Library/Frameworks/CoreFoundation.framework/Headers/CFAttributedString.h
/Applications/Xcode.app/Contents/Developer/Platforms/MacOSX.platform/Developer/SDKs/MacOSX26.1.sdk/System/Library/Frameworks/CoreFoundation.framework/Headers/CFURLEnumerator.h
/Applications/Xcode.app/Contents/Developer/Platforms/MacOSX.platform/Developer/SDKs/MacOSX26.1.sdk/System/Library/Frameworks/CoreFoundation.framework/Headers/CFFileSecurity.h
/Applications/Xcode.app/Contents/Developer/Platforms/MacOSX.platform/Developer/SDKs/MacOSX26.1.sdk/System/Library/Frameworks/CoreFoundation.framework/Headers/CFStringTokenizer.h
/Applications/Xcode.app/Contents/Developer/Platforms/MacOSX.platform/Developer/SDKs/MacOSX26.1.sdk/System/Library/Frameworks/CoreFoundation.framework/Headers/CFFileDescriptor.h
/Applications/Xcode.app/Contents/Developer/Platforms/MacOSX.platform/Developer/SDKs/MacOSX26.1.sdk/System/Library/Frameworks/CoreFoundation.framework/Headers/CFUserNotification.h
/Applications/Xcode.app/Contents/Developer/Platforms/MacOSX.platform/Developer/SDKs/MacOSX26.1.sdk/System/Library/Frameworks/CoreFoundation.framework/Headers/CFXMLNode.h
/Applications/Xcode.app/Contents/Developer/Platforms/MacOSX.platform/Developer/SDKs/MacOSX26.1.sdk/System/Library/Frameworks/CoreFoundation.framework/Headers/CFXMLParser.h
/Applications/Xcode.app/Contents/Developer/Platforms/MacOSX.platform/Developer/SDKs/MacOSX26.1.sdk/System/Library/Frameworks/CoreFoundation.framework/Headers/CFPlugInCOM.h
/Applications/Xcode.app/Contents/Developer/Platforms/MacOSX.platform/Developer/SDKs/MacOSX26.1.sdk/SDKSettings.json
/Applications/Xcode.app/Contents/Developer/Toolchains/XcodeDefault.xctoolchain/usr/lib/swift/macosx/prebuilt-modules/26.1/CoreGraphics.swiftmodule/arm64e-apple-macos.swiftmodule
/Applications/Xcode.app/Contents/Developer/Platforms/MacOSX.platform/Developer/SDKs/MacOSX26.1.sdk/System/Library/Frameworks/CoreGraphics.framework/Headers/CoreGraphics.apinotes
/Applications/Xcode.app/Contents/Developer/Platforms/MacOSX.platform/Developer/SDKs/MacOSX26.1.sdk/System/Library/Frameworks/CoreGraphics.framework/Modules/module.modulemap
/Applications/Xcode.app/Contents/Developer/Platforms/MacOSX.platform/Developer/SDKs/MacOSX26.1.sdk/System/Library/Frameworks/CoreGraphics.framework/Headers/CoreGraphics.h
/Applications/Xcode.app/Contents/Developer/Platforms/MacOSX.platform/Developer/SDKs/MacOSX26.1.sdk/System/Library/Frameworks/CoreGraphics.framework/Headers/CGBase.h
/Applications/Xcode.app/Contents/Developer/Toolchains/XcodeDefault.xctoolchain/usr/lib/swift/clang/include/module.modulemap
/Applications/Xcode.app/Contents/Developer/Toolchains/XcodeDefault.xctoolchain/usr/lib/swift/clang/include/stddef.h
/Applications/Xcode.app/Contents/Developer/Platforms/MacOSX.platform/Developer/SDKs/MacOSX26.1.sdk/usr/include/dispatch.modulemap
/Applications/Xcode.app/Contents/Developer/Platforms/MacOSX.platform/Developer/SDKs/MacOSX26.1.sdk/usr/include/Darwin.modulemap
/Applications/Xcode.app/Contents/Developer/Platforms/MacOSX.platform/Developer/SDKs/MacOSX26.1.sdk/usr/include/Darwin_C.modulemap
/Applications/Xcode.app/Contents/Developer/Platforms/MacOSX.platform/Developer/SDKs/MacOSX26.1.sdk/usr/include/Darwin_POSIX.modulemap
/Applications/Xcode.app/Contents/Developer/Platforms/MacOSX.platform/Developer/SDKs/MacOSX26.1.sdk/usr/include/net.modulemap
/Applications/Xcode.app/Contents/Developer/Platforms/MacOSX.platform/Developer/SDKs/MacOSX26.1.sdk/usr/include/netinet.modulemap
/Applications/Xcode.app/Contents/Developer/Platforms/MacOSX.platform/Developer/SDKs/MacOSX26.1.sdk/usr/include/bank.modulemap
/Applications/Xcode.app/Contents/Developer/Platforms/MacOSX.platform/Developer/SDKs/MacOSX26.1.sdk/usr/include/Darwin_Mach.modulemap
/Applications/Xcode.app/Contents/Developer/Platforms/MacOSX.platform/Developer/SDKs/MacOSX26.1.sdk/usr/include/Darwin_Mach_machine.modulemap
/Applications/Xcode.app/Contents/Developer/Platforms/MacOSX.platform/Developer/SDKs/MacOSX26.1.sdk/usr/include/mach_debug.modulemap
/Applications/Xcode.app/Contents/Developer/Platforms/MacOSX.platform/Developer/SDKs/MacOSX26.1.sdk/usr/include/device.modulemap
/Applications/Xcode.app/Contents/Developer/Platforms/MacOSX.platform/Developer/SDKs/MacOSX26.1.sdk/usr/include/Darwin_machine.modulemap
/Applications/Xcode.app/Contents/Developer/Platforms/MacOSX.platform/Developer/SDKs/MacOSX26.1.sdk/usr/include/ncurses.modulemap
/Applications/Xcode.app/Contents/Developer/Platforms/MacOSX.platform/Developer/SDKs/MacOSX26.1.sdk/usr/include/netinet6.modulemap
/Applications/Xcode.app/Contents/Developer/Platforms/MacOSX.platform/Developer/SDKs/MacOSX26.1.sdk/usr/include/Darwin_sys.modulemap
/Applications/Xcode.app/Contents/Developer/Platforms/MacOSX.platform/Developer/SDKs/MacOSX26.1.sdk/usr/include/uuid.modulemap
/Applications/Xcode.app/Contents/Developer/Platforms/MacOSX.platform/Developer/SDKs/MacOSX26.1.sdk/usr/include/DarwinFoundation2.modulemap
/Applications/Xcode.app/Contents/Developer/Platforms/MacOSX.platform/Developer/SDKs/MacOSX26.1.sdk/usr/include/DarwinFoundation1.modulemap
/Applications/Xcode.app/Contents/Developer/Platforms/MacOSX.platform/Developer/SDKs/MacOSX26.1.sdk/System/Library/Frameworks/CoreFoundation.framework/Modules/module.modulemap
/Applications/Xcode.app/Contents/Developer/Platforms/MacOSX.platform/Developer/SDKs/MacOSX26.1.sdk/System/Library/Frameworks/CoreGraphics.framework/Headers/CGAffineTransform.h
/Applications/Xcode.app/Contents/Developer/Platforms/MacOSX.platform/Developer/SDKs/MacOSX26.1.sdk/System/Library/Frameworks/CoreGraphics.framework/Headers/CGGeometry.h
/Applications/Xcode.app/Contents/Developer/Platforms/MacOSX.platform/Developer/SDKs/MacOSX26.1.sdk/System/Library/Frameworks/CoreGraphics.framework/Headers/CGBitmapContext.h
/Applications/Xcode.app/Contents/Developer/Platforms/MacOSX.platform/Developer/SDKs/MacOSX26.1.sdk/System/Library/Frameworks/CoreGraphics.framework/Headers/CGContext.h
/Applications/Xcode.app/Contents/Developer/Platforms/MacOSX.platform/Developer/SDKs/MacOSX26.1.sdk/System/Library/Frameworks/CoreGraphics.framework/Headers/CGColor.h
/Applications/Xcode.app/Contents/Developer/Platforms/MacOSX.platform/Developer/SDKs/MacOSX26.1.sdk/System/Library/Frameworks/CoreGraphics.framework/Headers/CGColorSpace.h
/Applications/Xcode.app/Contents/Developer/Platforms/MacOSX.platform/Developer/SDKs/MacOSX26.1.sdk/System/Library/Frameworks/CoreGraphics.framework/Headers/CGDataProvider.h
/Applications/Xcode.app/Contents/Developer/Platforms/MacOSX.platform/Developer/SDKs/MacOSX26.1.sdk/System/Library/Frameworks/CoreGraphics.framework/Headers/CGPattern.h
/Applications/Xcode.app/Contents/Developer/Platforms/MacOSX.platform/Developer/SDKs/MacOSX26.1.sdk/System/Library/Frameworks/CoreGraphics.framework/Headers/CGFont.h
/Applications/Xcode.app/Contents/Developer/Platforms/MacOSX.platform/Developer/SDKs/MacOSX26.1.sdk/System/Library/Frameworks/CoreGraphics.framework/Headers/CGGradient.h
/Applications/Xcode.app/Contents/Developer/Platforms/MacOSX.platform/Developer/SDKs/MacOSX26.1.sdk/System/Library/Frameworks/CoreGraphics.framework/Headers/CGImage.h
/Applications/Xcode.app/Contents/Developer/Platforms/MacOSX.platform/Developer/SDKs/MacOSX26.1.sdk/System/Library/Frameworks/CoreGraphics.framework/Headers/CGPath.h
/Applications/Xcode.app/Contents/Developer/Platforms/MacOSX.platform/Developer/SDKs/MacOSX26.1.sdk/System/Library/Frameworks/CoreGraphics.framework/Headers/CGPDFDocument.h
/Applications/Xcode.app/Contents/Developer/Platforms/MacOSX.platform/Developer/SDKs/MacOSX26.1.sdk/System/Library/Frameworks/CoreGraphics.framework/Headers/CGPDFPage.h
/Applications/Xcode.app/Contents/Developer/Platforms/MacOSX.platform/Developer/SDKs/MacOSX26.1.sdk/System/Library/Frameworks/CoreGraphics.framework/Headers/CGPDFDictionary.h
/Applications/Xcode.app/Contents/Developer/Platforms/MacOSX.platform/Developer/SDKs/MacOSX26.1.sdk/System/Library/Frameworks/CoreGraphics.framework/Headers/CGPDFArray.h
/Applications/Xcode.app/Contents/Developer/Platforms/MacOSX.platform/Developer/SDKs/MacOSX26.1.sdk/System/Library/Frameworks/CoreGraphics.framework/Headers/CGPDFObject.h
/Applications/Xcode.app/Contents/Developer/Platforms/MacOSX.platform/Developer/SDKs/MacOSX26.1.sdk/System/Library/Frameworks/CoreGraphics.framework/Headers/CGPDFStream.h
/Applications/Xcode.app/Contents/Developer/Platforms/MacOSX.platform/Developer/SDKs/MacOSX26.1.sdk/System/Library/Frameworks/CoreGraphics.framework/Headers/CGPDFString.h
/Applications/Xcode.app/Contents/Developer/Platforms/MacOSX.platform/Developer/SDKs/MacOSX26.1.sdk/System/Library/Frameworks/CoreGraphics.framework/Headers/CGShading.h
/Applications/Xcode.app/Contents/Developer/Platforms/MacOSX.platform/Developer/SDKs/MacOSX26.1.sdk/System/Library/Frameworks/CoreGraphics.framework/Headers/CGFunction.h
/Applications/Xcode.app/Contents/Developer/Platforms/MacOSX.platform/Developer/SDKs/MacOSX26.1.sdk/System/Library/Frameworks/CoreGraphics.framework/Headers/CGToneMapping.h
/Applications/Xcode.app/Contents/Developer/Platforms/MacOSX.platform/Developer/SDKs/MacOSX26.1.sdk/System/Library/Frameworks/CoreGraphics.framework/Headers/CGEXRToneMappingGamma.h
/Applications/Xcode.app/Contents/Developer/Platforms/MacOSX.platform/Developer/SDKs/MacOSX26.1.sdk/System/Library/Frameworks/CoreGraphics.framework/Headers/CGITUToneMapping.h
/Applications/Xcode.app/Contents/Developer/Platforms/MacOSX.platform/Developer/SDKs/MacOSX26.1.sdk/System/Library/Frameworks/CoreGraphics.framework/Headers/CGRenderingBufferProvider.h
/Applications/Xcode.app/Contents/Developer/Platforms/MacOSX.platform/Developer/SDKs/MacOSX26.1.sdk/System/Library/Frameworks/CoreGraphics.framework/Headers/CGColorConversionInfo.h
/Applications/Xcode.app/Contents/Developer/Platforms/MacOSX.platform/Developer/SDKs/MacOSX26.1.sdk/System/Library/Frameworks/CoreGraphics.framework/Headers/CGConvertColorDataWithFormat.h
/Applications/Xcode.app/Contents/Developer/Platforms/MacOSX.platform/Developer/SDKs/MacOSX26.1.sdk/System/Library/Frameworks/CoreGraphics.framework/Headers/CGDataConsumer.h
/Applications/Xcode.app/Contents/Developer/Platforms/MacOSX.platform/Developer/SDKs/MacOSX26.1.sdk/System/Library/Frameworks/CoreGraphics.framework/Headers/CGError.h
/Applications/Xcode.app/Contents/Developer/Platforms/MacOSX.platform/Developer/SDKs/MacOSX26.1.sdk/System/Library/Frameworks/CoreGraphics.framework/Headers/CGLayer.h
/Applications/Xcode.app/Contents/Developer/Platforms/MacOSX.platform/Developer/SDKs/MacOSX26.1.sdk/System/Library/Frameworks/CoreGraphics.framework/Headers/CGPDFContentStream.h
/Applications/Xcode.app/Contents/Developer/Platforms/MacOSX.platform/Developer/SDKs/MacOSX26.1.sdk/System/Library/Frameworks/CoreGraphics.framework/Headers/CGPDFContext.h
/Applications/Xcode.app/Contents/Developer/Platforms/MacOSX.platform/Developer/SDKs/MacOSX26.1.sdk/System/Library/Frameworks/CoreGraphics.framework/Headers/CGPDFOperatorTable.h
/Applications/Xcode.app/Contents/Developer/Platforms/MacOSX.platform/Developer/SDKs/MacOSX26.1.sdk/System/Library/Frameworks/CoreGraphics.framework/Headers/CGPDFScanner.h
/Applications/Xcode.app/Contents/Developer/Platforms/MacOSX.platform/Developer/SDKs/MacOSX26.1.sdk/System/Library/Frameworks/CoreGraphics.framework/Headers/CGDirectDisplay.h
/Applications/Xcode.app/Contents/Developer/Platforms/MacOSX.platform/Developer/SDKs/MacOSX26.1.sdk/System/Library/Frameworks/CoreGraphics.framework/Headers/CGWindow.h
/Applications/Xcode.app/Contents/Developer/Platforms/MacOSX.platform/Developer/SDKs/MacOSX26.1.sdk/System/Library/Frameworks/CoreGraphics.framework/Headers/CGWindowLevel.h
/Applications/Xcode.app/Contents/Developer/Platforms/MacOSX.platform/Developer/SDKs/MacOSX26.1.sdk/System/Library/Frameworks/CoreGraphics.framework/Headers/CGDirectPalette.h
/Applications/Xcode.app/Contents/Developer/Platforms/MacOSX.platform/Developer/SDKs/MacOSX26.1.sdk/System/Library/Frameworks/CoreGraphics.framework/Headers/CGDisplayConfiguration.h
/Applications/Xcode.app/Contents/Developer/Platforms/MacOSX.platform/Developer/SDKs/MacOSX26.1.sdk/System/Library/Frameworks/IOKit.framework/Modules/module.modulemap
/Applications/Xcode.app/Contents/Developer/Platforms/MacOSX.platform/Developer/SDKs/MacOSX26.1.sdk/System/Library/Frameworks/CoreGraphics.framework/Headers/CGDisplayFade.h
/Applications/Xcode.app/Contents/Developer/Platforms/MacOSX.platform/Developer/SDKs/MacOSX26.1.sdk/System/Library/Frameworks/CoreGraphics.framework/Headers/CGDisplayStream.h
/Applications/Xcode.app/Contents/Developer/Platforms/MacOSX.platform/Developer/SDKs/MacOSX26.1.sdk/System/Library/Frameworks/CoreGraphics.framework/Headers/CGEvent.h
/Applications/Xcode.app/Contents/Developer/Platforms/MacOSX.platform/Developer/SDKs/MacOSX26.1.sdk/System/Library/Frameworks/CoreGraphics.framework/Headers/CGEventTypes.h
/Applications/Xcode.app/Contents/Developer/Platforms/MacOSX.platform/Developer/SDKs/MacOSX26.1.sdk/System/Library/Frameworks/CoreGraphics.framework/Headers/CGRemoteOperation.h
/Applications/Xcode.app/Contents/Developer/Platforms/MacOSX.platform/Developer/SDKs/MacOSX26.1.sdk/System/Library/Frameworks/CoreGraphics.framework/Headers/CGEventSource.h
/Applications/Xcode.app/Contents/Developer/Platforms/MacOSX.platform/Developer/SDKs/MacOSX26.1.sdk/System/Library/Frameworks/CoreGraphics.framework/Headers/CGPSConverter.h
/Applications/Xcode.app/Contents/Developer/Platforms/MacOSX.platform/Developer/SDKs/MacOSX26.1.sdk/System/Library/Frameworks/CoreGraphics.framework/Headers/CGSession.h
/Applications/Xcode.app/Contents/Developer/Platforms/MacOSX.platform/Developer/SDKs/MacOSX26.1.sdk/System/Library/Frameworks/CoreGraphics.framework/Headers/CGDirectDisplayMetal.h
/Applications/Xcode.app/Contents/Developer/Platforms/MacOSX.platform/Developer/SDKs/MacOSX26.1.sdk/SDKSettings.json
/Applications/Xcode.app/Contents/Developer/Platforms/MacOSX.platform/Developer/SDKs/MacOSX26.1.sdk/System/Library/Frameworks/CoreServices.framework/Modules/module.modulemap
/Applications/Xcode.app/Contents/Developer/Platforms/MacOSX.platform/Developer/SDKs/MacOSX26.1.sdk/System/Library/Frameworks/CoreServices.framework/Headers/CoreServices.h
/Applications/Xcode.app/Contents/Developer/Platforms/MacOSX.platform/Developer/SDKs/MacOSX26.1.sdk/System/Library/Frameworks/CoreFoundation.framework/Modules/module.modulemap
/Applications/Xcode.app/Contents/Developer/Platforms/MacOSX.platform/Developer/SDKs/MacOSX26.1.sdk/System/Library/Frameworks/CoreServices.framework/Frameworks/AE.framework/Headers/AE.h
/Applications/Xcode.app/Contents/Developer/Platforms/MacOSX.platform/Developer/SDKs/MacOSX26.1.sdk/System/Library/Frameworks/CoreServices.framework/Frameworks/CarbonCore.framework/Headers/CarbonCore.h
/Applications/Xcode.app/Contents/Developer/Platforms/MacOSX.platform/Developer/SDKs/MacOSX26.1.sdk/System/Library/Frameworks/CoreServices.framework/Frameworks/CarbonCore.framework/Headers/Finder.h
/Applications/Xcode.app/Contents/Developer/Platforms/MacOSX.platform/Developer/SDKs/MacOSX26.1.sdk/usr/include/dispatch.modulemap
/Applications/Xcode.app/Contents/Developer/Platforms/MacOSX.platform/Developer/SDKs/MacOSX26.1.sdk/usr/include/Darwin.modulemap
/Applications/Xcode.app/Contents/Developer/Platforms/MacOSX.platform/Developer/SDKs/MacOSX26.1.sdk/usr/include/DarwinFoundation2.modulemap
/Applications/Xcode.app/Contents/Developer/Platforms/MacOSX.platform/Developer/SDKs/MacOSX26.1.sdk/usr/include/DarwinFoundation1.modulemap
/Applications/Xcode.app/Contents/Developer/Platforms/MacOSX.platform/Developer/SDKs/MacOSX26.1.sdk/System/Library/Frameworks/CoreServices.framework/Frameworks/CarbonCore.framework/Headers/FixMath.h
/Applications/Xcode.app/Contents/Developer/Platforms/MacOSX.platform/Developer/SDKs/MacOSX26.1.sdk/System/Library/Frameworks/CoreServices.framework/Frameworks/CarbonCore.framework/Headers/Script.h
/Applications/Xcode.app/Contents/Developer/Platforms/MacOSX.platform/Developer/SDKs/MacOSX26.1.sdk/System/Library/Frameworks/CoreServices.framework/Frameworks/CarbonCore.framework/Headers/IntlResources.h
/Applications/Xcode.app/Contents/Developer/Platforms/MacOSX.platform/Developer/SDKs/MacOSX26.1.sdk/System/Library/Frameworks/CoreServices.framework/Frameworks/CarbonCore.framework/Headers/UTCUtils.h
/Applications/Xcode.app/Contents/Developer/Platforms/MacOSX.platform/Developer/SDKs/MacOSX26.1.sdk/System/Library/Frameworks/CoreServices.framework/Frameworks/CarbonCore.framework/Headers/MacErrors.h
/Applications/Xcode.app/Contents/Developer/Platforms/MacOSX.platform/Developer/SDKs/MacOSX26.1.sdk/System/Library/Frameworks/CoreServices.framework/Frameworks/CarbonCore.framework/Headers/TextCommon.h
/Applications/Xcode.app/Contents/Developer/Platforms/MacOSX.platform/Developer/SDKs/MacOSX26.1.sdk/System/Library/Frameworks/CoreServices.framework/Frameworks/CarbonCore.framework/Headers/Collections.h
/Applications/Xcode.app/Contents/Developer/Platforms/MacOSX.platform/Developer/SDKs/MacOSX26.1.sdk/System/Library/Frameworks/CoreServices.framework/Frameworks/CarbonCore.framework/Headers/MixedMode.h
/Applications/Xcode.app/Contents/Developer/Platforms/MacOSX.platform/Developer/SDKs/MacOSX26.1.sdk/System/Library/Frameworks/CoreServices.framework/Frameworks/CarbonCore.framework/Headers/Endian.h
/Applications/Xcode.app/Contents/Developer/Platforms/MacOSX.platform/Developer/SDKs/MacOSX26.1.sdk/System/Library/Frameworks/CoreServices.framework/Frameworks/CarbonCore.framework/Headers/Gestalt.h
/Applications/Xcode.app/Contents/Developer/Platforms/MacOSX.platform/Developer/SDKs/MacOSX26.1.sdk/System/Library/Frameworks/CoreServices.framework/Frameworks/CarbonCore.framework/Headers/MacMemory.h
/Applications/Xcode.app/Contents/Developer/Platforms/MacOSX.platform/Developer/SDKs/MacOSX26.1.sdk/System/Library/Frameworks/CoreServices.framework/Frameworks/CarbonCore.framework/Headers/Math64.h
/Applications/Xcode.app/Contents/Developer/Platforms/MacOSX.platform/Developer/SDKs/MacOSX26.1.sdk/System/Library/Frameworks/CoreServices.framework/Frameworks/CarbonCore.framework/Headers/BackupCore.h
/Applications/Xcode.app/Contents/Developer/Platforms/MacOSX.platform/Developer/SDKs/MacOSX26.1.sdk/System/Library/Frameworks/CoreServices.framework/Frameworks/CarbonCore.framework/Headers/DiskSpaceRecovery.h
/Applications/Xcode.app/Contents/Developer/Platforms/MacOSX.platform/Developer/SDKs/MacOSX26.1.sdk/System/Library/Frameworks/CoreServices.framework/Frameworks/CarbonCore.framework/Headers/Components.h
/Applications/Xcode.app/Contents/Developer/Platforms/MacOSX.platform/Developer/SDKs/MacOSX26.1.sdk/System/Library/Frameworks/CoreServices.framework/Frameworks/CarbonCore.framework/Headers/Files.h
/Applications/Xcode.app/Contents/Developer/Platforms/MacOSX.platform/Developer/SDKs/MacOSX26.1.sdk/System/Library/Frameworks/CoreServices.framework/Frameworks/CarbonCore.framework/Headers/OSUtils.h
/Applications/Xcode.app/Contents/Developer/Platforms/MacOSX.platform/Developer/SDKs/MacOSX26.1.sdk/System/Library/Frameworks/CoreServices.framework/Frameworks/CarbonCore.framework/Headers/DateTimeUtils.h
/Applications/Xcode.app/Contents/Developer/Platforms/MacOSX.platform/Developer/SDKs/MacOSX26.1.sdk/System/Library/Frameworks/DiskArbitration.framework/Modules/module.modulemap
/Applications/Xcode.app/Contents/Developer/Platforms/MacOSX.platform/Developer/SDKs/MacOSX26.1.sdk/System/Library/Frameworks/CoreServices.framework/Frameworks/CarbonCore.framework/Headers/Resources.h
/Applications/Xcode.app/Contents/Developer/Platforms/MacOSX.platform/Developer/SDKs/MacOSX26.1.sdk/System/Library/Frameworks/CoreServices.framework/Frameworks/CarbonCore.framework/Headers/CodeFragments.h
/Applications/Xcode.app/Contents/Developer/Platforms/MacOSX.platform/Developer/SDKs/MacOSX26.1.sdk/System/Library/Frameworks/CoreServices.framework/Frameworks/CarbonCore.framework/Headers/Multiprocessing.h
/Applications/Xcode.app/Contents/Developer/Platforms/MacOSX.platform/Developer/SDKs/MacOSX26.1.sdk/System/Library/Frameworks/CoreServices.framework/Frameworks/CarbonCore.framework/Headers/Aliases.h
/Applications/Xcode.app/Contents/Developer/Platforms/MacOSX.platform/Developer/SDKs/MacOSX26.1.sdk/System/Library/Frameworks/CoreServices.framework/Frameworks/CarbonCore.framework/Headers/MacLocales.h
/Applications/Xcode.app/Contents/Developer/Platforms/MacOSX.platform/Developer/SDKs/MacOSX26.1.sdk/System/Library/Frameworks/CoreServices.framework/Frameworks/CarbonCore.framework/Headers/Debugging.h
/Applications/Xcode.app/Contents/Developer/Platforms/MacOSX.platform/Developer/SDKs/MacOSX26.1.sdk/System/Library/Frameworks/CoreServices.framework/Frameworks/CarbonCore.framework/Headers/PLStringFuncs.h
/Applications/Xcode.app/Contents/Developer/Platforms/MacOSX.platform/Developer/SDKs/MacOSX26.1.sdk/System/Library/Frameworks/CoreServices.framework/Frameworks/CarbonCore.framework/Headers/DriverSynchronization.h
/Applications/Xcode.app/Contents/Developer/Platforms/MacOSX.platform/Developer/SDKs/MacOSX26.1.sdk/System/Library/Frameworks/CoreServices.framework/Frameworks/CarbonCore.framework/Headers/DriverServices.h
/Applications/Xcode.app/Contents/Developer/Platforms/MacOSX.platform/Developer/SDKs/MacOSX26.1.sdk/System/Library/Frameworks/CoreServices.framework/Frameworks/CarbonCore.framework/Headers/MachineExceptions.h
/Applications/Xcode.app/Contents/Developer/Platforms/MacOSX.platform/Developer/SDKs/MacOSX26.1.sdk/System/Library/Frameworks/CoreServices.framework/Frameworks/CarbonCore.framework/Headers/NumberFormatting.h
/Applications/Xcode.app/Contents/Developer/Platforms/MacOSX.platform/Developer/SDKs/MacOSX26.1.sdk/System/Library/Frameworks/CoreServices.framework/Frameworks/CarbonCore.framework/Headers/StringCompare.h
/Applications/Xcode.app/Contents/Developer/Platforms/MacOSX.platform/Developer/SDKs/MacOSX26.1.sdk/System/Library/Frameworks/CoreServices.framework/Frameworks/CarbonCore.framework/Headers/TextUtils.h
/Applications/Xcode.app/Contents/Developer/Platforms/MacOSX.platform/Developer/SDKs/MacOSX26.1.sdk/System/Library/Frameworks/CoreServices.framework/Frameworks/CarbonCore.framework/Headers/ToolUtils.h
/Applications/Xcode.app/Contents/Developer/Platforms/MacOSX.platform/Developer/SDKs/MacOSX26.1.sdk/System/Library/Frameworks/CoreServices.framework/Frameworks/CarbonCore.framework/Headers/UnicodeUtilities.h
/Applications/Xcode.app/Contents/Developer/Platforms/MacOSX.platform/Developer/SDKs/MacOSX26.1.sdk/System/Library/Frameworks/CoreServices.framework/Frameworks/CarbonCore.framework/Headers/fp.h
/Applications/Xcode.app/Contents/Developer/Platforms/MacOSX.platform/Developer/SDKs/MacOSX26.1.sdk/System/Library/Frameworks/CoreServices.framework/Frameworks/CarbonCore.framework/Headers/TextEncodingConverter.h
/Applications/Xcode.app/Contents/Developer/Platforms/MacOSX.platform/Developer/SDKs/MacOSX26.1.sdk/System/Library/Frameworks/CoreServices.framework/Frameworks/CarbonCore.framework/Headers/UnicodeConverter.h
/Applications/Xcode.app/Contents/Developer/Platforms/MacOSX.platform/Developer/SDKs/MacOSX26.1.sdk/System/Library/Frameworks/CoreServices.framework/Frameworks/CarbonCore.framework/Headers/Threads.h
/Applications/Xcode.app/Contents/Developer/Platforms/MacOSX.platform/Developer/SDKs/MacOSX26.1.sdk/System/Library/Frameworks/CoreServices.framework/Frameworks/CarbonCore.framework/Headers/Folders.h
/Applications/Xcode.app/Contents/Developer/Platforms/MacOSX.platform/Developer/SDKs/MacOSX26.1.sdk/System/Library/Frameworks/CoreServices.framework/Frameworks/CarbonCore.framework/Headers/Timer.h
/Applications/Xcode.app/Contents/Developer/Platforms/MacOSX.platform/Developer/SDKs/MacOSX26.1.sdk/System/Library/Frameworks/CoreServices.framework/Frameworks/CarbonCore.framework/Headers/MultiprocessingInfo.h
/Applications/Xcode.app/Contents/Developer/Platforms/MacOSX.platform/Developer/SDKs/MacOSX26.1.sdk/System/Library/Frameworks/CoreServices.framework/Frameworks/CarbonCore.framework/Headers/LowMem.h
/Applications/Xcode.app/Contents/Developer/Platforms/MacOSX.platform/Developer/SDKs/MacOSX26.1.sdk/System/Library/Frameworks/CoreServices.framework/Frameworks/CarbonCore.framework/Headers/AVLTree.h
/Applications/Xcode.app/Contents/Developer/Platforms/MacOSX.platform/Developer/SDKs/MacOSX26.1.sdk/System/Library/Frameworks/CoreServices.framework/Frameworks/CarbonCore.framework/Headers/PEFBinaryFormat.h
/Applications/Xcode.app/Contents/Developer/Platforms/MacOSX.platform/Developer/SDKs/MacOSX26.1.sdk/System/Library/Frameworks/CoreServices.framework/Frameworks/CarbonCore.framework/Headers/HFSVolumes.h
/Applications/Xcode.app/Contents/Developer/Platforms/MacOSX.platform/Developer/SDKs/MacOSX26.1.sdk/System/Library/Frameworks/CoreServices.framework/Frameworks/CarbonCore.framework/Headers/AIFF.h
/Applications/Xcode.app/Contents/Developer/Toolchains/XcodeDefault.xctoolchain/usr/lib/swift/clang/include/module.modulemap
/Applications/Xcode.app/Contents/Developer/Platforms/MacOSX.platform/Developer/SDKs/MacOSX26.1.sdk/System/Library/Frameworks/CoreServices.framework/Frameworks/CarbonCore.framework/Headers/TextEncodingPlugin.h
/Applications/Xcode.app/Contents/Developer/Platforms/MacOSX.platform/Developer/SDKs/MacOSX26.1.sdk/System/Library/Frameworks/CoreServices.framework/Frameworks/AE.framework/Headers/AEDataModel.h
/Applications/Xcode.app/Contents/Developer/Platforms/MacOSX.platform/Developer/SDKs/MacOSX26.1.sdk/System/Library/Frameworks/CoreServices.framework/Frameworks/AE.framework/Headers/AppleEvents.h
/Applications/Xcode.app/Contents/Developer/Platforms/MacOSX.platform/Developer/SDKs/MacOSX26.1.sdk/System/Library/Frameworks/CoreServices.framework/Frameworks/AE.framework/Headers/AEPackObject.h
/Applications/Xcode.app/Contents/Developer/Platforms/MacOSX.platform/Developer/SDKs/MacOSX26.1.sdk/System/Library/Frameworks/CoreServices.framework/Frameworks/AE.framework/Headers/AEObjects.h
/Applications/Xcode.app/Contents/Developer/Platforms/MacOSX.platform/Developer/SDKs/MacOSX26.1.sdk/System/Library/Frameworks/CoreServices.framework/Frameworks/AE.framework/Headers/AERegistry.h
/Applications/Xcode.app/Contents/Developer/Platforms/MacOSX.platform/Developer/SDKs/MacOSX26.1.sdk/System/Library/Frameworks/CoreServices.framework/Frameworks/AE.framework/Headers/AEUserTermTypes.h
/Applications/Xcode.app/Contents/Developer/Platforms/MacOSX.platform/Developer/SDKs/MacOSX26.1.sdk/System/Library/Frameworks/CoreServices.framework/Frameworks/AE.framework/Headers/AEHelpers.h
/Applications/Xcode.app/Contents/Developer/Toolchains/XcodeDefault.xctoolchain/usr/lib/swift/clang/include/stdarg.h
/Applications/Xcode.app/Contents/Developer/Platforms/MacOSX.platform/Developer/SDKs/MacOSX26.1.sdk/System/Library/Frameworks/CoreServices.framework/Frameworks/AE.framework/Headers/AEMach.h
/Applications/Xcode.app/Contents/Developer/Platforms/MacOSX.platform/Developer/SDKs/MacOSX26.1.sdk/System/Library/Frameworks/CFNetwork.framework/Modules/module.modulemap
/Applications/Xcode.app/Contents/Developer/Platforms/MacOSX.platform/Developer/SDKs/MacOSX26.1.sdk/System/Library/Frameworks/CoreServices.framework/Frameworks/DictionaryServices.framework/Headers/DictionaryServices.h
/Applications/Xcode.app/Contents/Developer/Platforms/MacOSX.platform/Developer/SDKs/MacOSX26.1.sdk/System/Library/Frameworks/CoreServices.framework/Frameworks/LaunchServices.framework/Headers/LaunchServices.h
/Applications/Xcode.app/Contents/Developer/Platforms/MacOSX.platform/Developer/SDKs/MacOSX26.1.sdk/System/Library/Frameworks/CoreServices.framework/Frameworks/LaunchServices.framework/Headers/IconsCore.h
/Applications/Xcode.app/Contents/Developer/Platforms/MacOSX.platform/Developer/SDKs/MacOSX26.1.sdk/System/Library/Frameworks/CoreServices.framework/Frameworks/OSServices.framework/Headers/OSServices.h
/Applications/Xcode.app/Contents/Developer/Platforms/MacOSX.platform/Developer/SDKs/MacOSX26.1.sdk/System/Library/Frameworks/CoreServices.framework/Frameworks/OSServices.framework/Headers/CSIdentity.h
/Applications/Xcode.app/Contents/Developer/Platforms/MacOSX.platform/Developer/SDKs/MacOSX26.1.sdk/System/Library/Frameworks/CoreServices.framework/Frameworks/OSServices.framework/Headers/CSIdentityBase.h
/Applications/Xcode.app/Contents/Developer/Platforms/MacOSX.platform/Developer/SDKs/MacOSX26.1.sdk/System/Library/Frameworks/Security.framework/Modules/module.modulemap
/Applications/Xcode.app/Contents/Developer/Platforms/MacOSX.platform/Developer/SDKs/MacOSX26.1.sdk/System/Library/Frameworks/CoreServices.framework/Frameworks/OSServices.framework/Headers/CSIdentityAuthority.h
/Applications/Xcode.app/Contents/Developer/Platforms/MacOSX.platform/Developer/SDKs/MacOSX26.1.sdk/System/Library/Frameworks/CoreServices.framework/Frameworks/OSServices.framework/Headers/CSIdentityQuery.h
/Applications/Xcode.app/Contents/Developer/Platforms/MacOSX.platform/Developer/SDKs/MacOSX26.1.sdk/System/Library/Frameworks/CoreServices.framework/Frameworks/OSServices.framework/Headers/IconStorage.h
/Applications/Xcode.app/Contents/Developer/Platforms/MacOSX.platform/Developer/SDKs/MacOSX26.1.sdk/System/Library/Frameworks/CoreServices.framework/Frameworks/OSServices.framework/Headers/Power.h
/Applications/Xcode.app/Contents/Developer/Platforms/MacOSX.platform/Developer/SDKs/MacOSX26.1.sdk/System/Library/Frameworks/CoreServices.framework/Frameworks/OSServices.framework/Headers/SecurityCore.h
/Applications/Xcode.app/Contents/Developer/Platforms/MacOSX.platform/Developer/SDKs/MacOSX26.1.sdk/System/Library/Frameworks/CoreServices.framework/Frameworks/OSServices.framework/Headers/KeychainCore.h
/Applications/Xcode.app/Contents/Developer/Platforms/MacOSX.platform/Developer/SDKs/MacOSX26.1.sdk/System/Library/Frameworks/CoreServices.framework/Frameworks/OSServices.framework/Headers/WSMethodInvocation.h
/Applications/Xcode.app/Contents/Developer/Platforms/MacOSX.platform/Developer/SDKs/MacOSX26.1.sdk/System/Library/Frameworks/CoreServices.framework/Frameworks/OSServices.framework/Headers/WSTypes.h
/Applications/Xcode.app/Contents/Developer/Platforms/MacOSX.platform/Developer/SDKs/MacOSX26.1.sdk/System/Library/Frameworks/CoreServices.framework/Frameworks/OSServices.framework/Headers/WSProtocolHandler.h
/Applications/Xcode.app/Contents/Developer/Platforms/MacOSX.platform/Developer/SDKs/MacOSX26.1.sdk/System/Library/Frameworks/CoreServices.framework/Frameworks/LaunchServices.framework/Headers/LSConstants.h
/Applications/Xcode.app/Contents/Developer/Platforms/MacOSX.platform/Developer/SDKs/MacOSX26.1.sdk/System/Library/Frameworks/CoreServices.framework/Frameworks/LaunchServices.framework/Headers/LSInfo.h
/Applications/Xcode.app/Contents/Developer/Platforms/MacOSX.platform/Developer/SDKs/MacOSX26.1.sdk/System/Library/Frameworks/CoreServices.framework/Frameworks/LaunchServices.framework/Headers/LSInfoDeprecated.h
/Applications/Xcode.app/Contents/Developer/Platforms/MacOSX.platform/Developer/SDKs/MacOSX26.1.sdk/System/Library/Frameworks/CoreServices.framework/Frameworks/LaunchServices.framework/Headers/LSOpen.h
/Applications/Xcode.app/Contents/Developer/Platforms/MacOSX.platform/Developer/SDKs/MacOSX26.1.sdk/System/Library/Frameworks/CoreServices.framework/Frameworks/LaunchServices.framework/Headers/LSOpenDeprecated.h
/Applications/Xcode.app/Contents/Developer/Platforms/MacOSX.platform/Developer/SDKs/MacOSX26.1.sdk/System/Library/Frameworks/CoreServices.framework/Frameworks/LaunchServices.framework/Headers/LSQuarantine.h
/Applications/Xcode.app/Contents/Developer/Platforms/MacOSX.platform/Developer/SDKs/MacOSX26.1.sdk/System/Library/Frameworks/CoreServices.framework/Frameworks/LaunchServices.framework/Headers/UTCoreTypes.h
/Applications/Xcode.app/Contents/Developer/Platforms/MacOSX.platform/Developer/SDKs/MacOSX26.1.sdk/System/Library/Frameworks/CoreServices.framework/Frameworks/LaunchServices.framework/Headers/UTType.h
/Applications/Xcode.app/Contents/Developer/Platforms/MacOSX.platform/Developer/SDKs/MacOSX26.1.sdk/System/Library/Frameworks/CoreServices.framework/Frameworks/Metadata.framework/Headers/Metadata.h
/Applications/Xcode.app/Contents/Developer/Platforms/MacOSX.platform/Developer/SDKs/MacOSX26.1.sdk/System/Library/Frameworks/CoreServices.framework/Frameworks/Metadata.framework/Headers/MDItem.h
/Applications/Xcode.app/Contents/Developer/Platforms/MacOSX.platform/Developer/SDKs/MacOSX26.1.sdk/System/Library/Frameworks/CoreServices.framework/Frameworks/Metadata.framework/Headers/MDLabel.h
/Applications/Xcode.app/Contents/Developer/Platforms/MacOSX.platform/Developer/SDKs/MacOSX26.1.sdk/System/Library/Frameworks/CoreServices.framework/Frameworks/Metadata.framework/Headers/MDQuery.h
/Applications/Xcode.app/Contents/Developer/Platforms/MacOSX.platform/Developer/SDKs/MacOSX26.1.sdk/System/Library/Frameworks/CoreServices.framework/Frameworks/Metadata.framework/Headers/MDSchema.h
/Applications/Xcode.app/Contents/Developer/Platforms/MacOSX.platform/Developer/SDKs/MacOSX26.1.sdk/System/Library/Frameworks/CoreServices.framework/Frameworks/Metadata.framework/Headers/MDImporter.h
/Applications/Xcode.app/Contents/Developer/Platforms/MacOSX.platform/Developer/SDKs/MacOSX26.1.sdk/System/Library/Frameworks/CoreServices.framework/Frameworks/SearchKit.framework/Headers/SearchKit.h
/Applications/Xcode.app/Contents/Developer/Platforms/MacOSX.platform/Developer/SDKs/MacOSX26.1.sdk/System/Library/Frameworks/CoreServices.framework/Frameworks/SearchKit.framework/Headers/SKDocument.h
/Applications/Xcode.app/Contents/Developer/Platforms/MacOSX.platform/Developer/SDKs/MacOSX26.1.sdk/System/Library/Frameworks/CoreServices.framework/Frameworks/SearchKit.framework/Headers/SKAnalysis.h
/Applications/Xcode.app/Contents/Developer/Platforms/MacOSX.platform/Developer/SDKs/MacOSX26.1.sdk/System/Library/Frameworks/CoreServices.framework/Frameworks/SearchKit.framework/Headers/SKIndex.h
/Applications/Xcode.app/Contents/Developer/Platforms/MacOSX.platform/Developer/SDKs/MacOSX26.1.sdk/System/Library/Frameworks/CoreServices.framework/Frameworks/SearchKit.framework/Headers/SKSearch.h
/Applications/Xcode.app/Contents/Developer/Platforms/MacOSX.platform/Developer/SDKs/MacOSX26.1.sdk/System/Library/Frameworks/CoreServices.framework/Frameworks/SearchKit.framework/Headers/SKSummary.h
/Applications/Xcode.app/Contents/Developer/Platforms/MacOSX.platform/Developer/SDKs/MacOSX26.1.sdk/System/Library/Frameworks/CoreServices.framework/Frameworks/FSEvents.framework/Headers/FSEvents.h
/Applications/Xcode.app/Contents/Developer/Platforms/MacOSX.platform/Developer/SDKs/MacOSX26.1.sdk/System/Library/Frameworks/CoreServices.framework/Frameworks/SharedFileList.framework/Headers/SharedFileList.h
/Applications/Xcode.app/Contents/Developer/Platforms/MacOSX.platform/Developer/SDKs/MacOSX26.1.sdk/System/Library/Frameworks/CoreServices.framework/Frameworks/SharedFileList.framework/Headers/LSSharedFileList.h
/Applications/Xcode.app/Contents/Developer/Platforms/MacOSX.platform/Developer/SDKs/MacOSX26.1.sdk/SDKSettings.json
/Applications/Xcode.app/Contents/Developer/Platforms/MacOSX.platform/Developer/SDKs/MacOSX26.1.sdk/usr/include/Darwin.modulemap
/Applications/Xcode.app/Contents/Developer/Platforms/MacOSX.platform/Developer/SDKs/MacOSX26.1.sdk/usr/include/Darwin_C.modulemap
/Applications/Xcode.app/Contents/Developer/Platforms/MacOSX.platform/Developer/SDKs/MacOSX26.1.sdk/usr/include/Darwin_POSIX.modulemap
/Applications/Xcode.app/Contents/Developer/Platforms/MacOSX.platform/Developer/SDKs/MacOSX26.1.sdk/usr/include/net.modulemap
/Applications/Xcode.app/Contents/Developer/Platforms/MacOSX.platform/Developer/SDKs/MacOSX26.1.sdk/usr/include/netinet.modulemap
/Applications/Xcode.app/Contents/Developer/Platforms/MacOSX.platform/Developer/SDKs/MacOSX26.1.sdk/usr/include/bank.modulemap
/Applications/Xcode.app/Contents/Developer/Platforms/MacOSX.platform/Developer/SDKs/MacOSX26.1.sdk/usr/include/Darwin_Mach.modulemap
/Applications/Xcode.app/Contents/Developer/Platforms/MacOSX.platform/Developer/SDKs/MacOSX26.1.sdk/usr/include/Darwin_Mach_machine.modulemap
/Applications/Xcode.app/Contents/Developer/Platforms/MacOSX.platform/Developer/SDKs/MacOSX26.1.sdk/usr/include/mach_debug.modulemap
/Applications/Xcode.app/Contents/Developer/Platforms/MacOSX.platform/Developer/SDKs/MacOSX26.1.sdk/usr/include/device.modulemap
/Applications/Xcode.app/Contents/Developer/Platforms/MacOSX.platform/Developer/SDKs/MacOSX26.1.sdk/usr/include/Darwin_machine.modulemap
/Applications/Xcode.app/Contents/Developer/Platforms/MacOSX.platform/Developer/SDKs/MacOSX26.1.sdk/usr/include/ncurses.modulemap
/Applications/Xcode.app/Contents/Developer/Platforms/MacOSX.platform/Developer/SDKs/MacOSX26.1.sdk/usr/include/netinet6.modulemap
/Applications/Xcode.app/Contents/Developer/Platforms/MacOSX.platform/Developer/SDKs/MacOSX26.1.sdk/usr/include/Darwin_sys.modulemap
/Applications/Xcode.app/Contents/Developer/Platforms/MacOSX.platform/Developer/SDKs/MacOSX26.1.sdk/usr/include/uuid.modulemap
/Applications/Xcode.app/Contents/Developer/Platforms/MacOSX.platform/Developer/SDKs/MacOSX26.1.sdk/usr/include/DarwinFoundation2.modulemap
/Applications/Xcode.app/Contents/Developer/Platforms/MacOSX.platform/Developer/SDKs/MacOSX26.1.sdk/usr/include/DarwinFoundation3.modulemap
/Applications/Xcode.app/Contents/Developer/Platforms/MacOSX.platform/Developer/SDKs/MacOSX26.1.sdk/usr/include/DarwinFoundation1.modulemap
/Applications/Xcode.app/Contents/Developer/Platforms/MacOSX.platform/Developer/SDKs/MacOSX26.1.sdk/usr/include/copyfile.h
/Applications/Xcode.app/Contents/Developer/Toolchains/XcodeDefault.xctoolchain/usr/lib/swift/clang/include/module.modulemap
/Applications/Xcode.app/Contents/Developer/Platforms/MacOSX.platform/Developer/SDKs/MacOSX26.1.sdk/usr/include/err.h
/Applications/Xcode.app/Contents/Developer/Platforms/MacOSX.platform/Developer/SDKs/MacOSX26.1.sdk/usr/include/readpassphrase.h
/Applications/Xcode.app/Contents/Developer/Platforms/MacOSX.platform/Developer/SDKs/MacOSX26.1.sdk/usr/include/util.h
/Applications/Xcode.app/Contents/Developer/Platforms/MacOSX.platform/Developer/SDKs/MacOSX26.1.sdk/usr/include/sys/ttycom.h
/Applications/Xcode.app/Contents/Developer/Platforms/MacOSX.platform/Developer/SDKs/MacOSX26.1.sdk/usr/include/sys/ioccom.h
/Applications/Xcode.app/Contents/Developer/Platforms/MacOSX.platform/Developer/SDKs/MacOSX26.1.sdk/usr/include/stdio.h
/Applications/Xcode.app/Contents/Developer/Platforms/MacOSX.platform/Developer/SDKs/MacOSX26.1.sdk/usr/include/pwd.h
/Applications/Xcode.app/Contents/Developer/Platforms/MacOSX.platform/Developer/SDKs/MacOSX26.1.sdk/usr/include/uuid/uuid.h
/Applications/Xcode.app/Contents/Developer/Platforms/MacOSX.platform/Developer/SDKs/MacOSX26.1.sdk/usr/include/termios.h
/Applications/Xcode.app/Contents/Developer/Platforms/MacOSX.platform/Developer/SDKs/MacOSX26.1.sdk/usr/include/sys/termios.h
/Applications/Xcode.app/Contents/Developer/Platforms/MacOSX.platform/Developer/SDKs/MacOSX26.1.sdk/usr/include/sys/ttydefaults.h
/Applications/Xcode.app/Contents/Developer/Platforms/MacOSX.platform/Developer/SDKs/MacOSX26.1.sdk/usr/include/utmp.h
/Applications/Xcode.app/Contents/Developer/Platforms/MacOSX.platform/Developer/SDKs/MacOSX26.1.sdk/usr/include/xattr_flags.h
/Applications/Xcode.app/Contents/Developer/Platforms/MacOSX.platform/Developer/SDKs/MacOSX26.1.sdk/usr/include/_modules/_darwin_c_ctype.h
/Applications/Xcode.app/Contents/Developer/Platforms/MacOSX.platform/Developer/SDKs/MacOSX26.1.sdk/usr/include/ctype.h
/Applications/Xcode.app/Contents/Developer/Platforms/MacOSX.platform/Developer/SDKs/MacOSX26.1.sdk/usr/include/_modules/_darwin_c_errno.h
/Applications/Xcode.app/Contents/Developer/Platforms/MacOSX.platform/Developer/SDKs/MacOSX26.1.sdk/usr/include/_modules/_darwin_c_inttypes.h
/Applications/Xcode.app/Contents/Developer/Platforms/MacOSX.platform/Developer/SDKs/MacOSX26.1.sdk/usr/include/_modules/_darwin_c_limits.h
/Applications/Xcode.app/Contents/Developer/Platforms/MacOSX.platform/Developer/SDKs/MacOSX26.1.sdk/usr/include/_modules/_darwin_c_signal.h
/Applications/Xcode.app/Contents/Developer/Platforms/MacOSX.platform/Developer/SDKs/MacOSX26.1.sdk/usr/include/_modules/_darwin_c_stdarg.h
/Applications/Xcode.app/Contents/Developer/Toolchains/XcodeDefault.xctoolchain/usr/lib/swift/clang/include/stdarg.h
/Applications/Xcode.app/Contents/Developer/Platforms/MacOSX.platform/Developer/SDKs/MacOSX26.1.sdk/usr/include/_modules/_darwin_c_stdbool.h
/Applications/Xcode.app/Contents/Developer/Platforms/MacOSX.platform/Developer/SDKs/MacOSX26.1.sdk/usr/include/_modules/_darwin_c_stddef.h
/Applications/Xcode.app/Contents/Developer/Toolchains/XcodeDefault.xctoolchain/usr/lib/swift/clang/include/stddef.h
/Applications/Xcode.app/Contents/Developer/Platforms/MacOSX.platform/Developer/SDKs/MacOSX26.1.sdk/usr/include/_modules/_darwin_c_stdint.h
/Applications/Xcode.app/Contents/Developer/Platforms/MacOSX.platform/Developer/SDKs/MacOSX26.1.sdk/usr/include/_modules/_darwin_c_stdio.h
/Applications/Xcode.app/Contents/Developer/Platforms/MacOSX.platform/Developer/SDKs/MacOSX26.1.sdk/usr/include/_modules/_darwin_c_stdlib.h
/Applications/Xcode.app/Contents/Developer/Platforms/MacOSX.platform/Developer/SDKs/MacOSX26.1.sdk/usr/include/stdlib.h
/Applications/Xcode.app/Contents/Developer/Platforms/MacOSX.platform/Developer/SDKs/MacOSX26.1.sdk/usr/include/_modules/_darwin_c_string.h
/Applications/Xcode.app/Contents/Developer/Platforms/MacOSX.platform/Developer/SDKs/MacOSX26.1.sdk/usr/include/string.h
/Applications/Xcode.app/Contents/Developer/Platforms/MacOSX.platform/Developer/SDKs/MacOSX26.1.sdk/usr/include/_modules/_darwin_c_time.h
/Applications/Xcode.app/Contents/Developer/Platforms/MacOSX.platform/Developer/SDKs/MacOSX26.1.sdk/usr/include/time.h
/Applications/Xcode.app/Contents/Developer/Platforms/MacOSX.platform/Developer/SDKs/MacOSX26.1.sdk/usr/include/_modules/_darwin_c_wchar.h
/Applications/Xcode.app/Contents/Developer/Platforms/MacOSX.platform/Developer/SDKs/MacOSX26.1.sdk/usr/include/wchar.h
/Applications/Xcode.app/Contents/Developer/Platforms/MacOSX.platform/Developer/SDKs/MacOSX26.1.sdk/usr/include/aio.h
/Applications/Xcode.app/Contents/Developer/Platforms/MacOSX.platform/Developer/SDKs/MacOSX26.1.sdk/usr/include/sys/aio.h
/Applications/Xcode.app/Contents/Developer/Platforms/MacOSX.platform/Developer/SDKs/MacOSX26.1.sdk/usr/include/sys/_types/_o_sync.h
/Applications/Xcode.app/Contents/Developer/Platforms/MacOSX.platform/Developer/SDKs/MacOSX26.1.sdk/usr/include/sys/_types/_o_dsync.h
/Applications/Xcode.app/Contents/Developer/Platforms/MacOSX.platform/Developer/SDKs/MacOSX26.1.sdk/usr/include/arpa/inet.h
/Applications/Xcode.app/Contents/Developer/Platforms/MacOSX.platform/Developer/SDKs/MacOSX26.1.sdk/usr/include/netinet/in.h
/Applications/Xcode.app/Contents/Developer/Platforms/MacOSX.platform/Developer/SDKs/MacOSX26.1.sdk/usr/include/sys/socket.h
/Applications/Xcode.app/Contents/Developer/Platforms/MacOSX.platform/Developer/SDKs/MacOSX26.1.sdk/usr/include/sys/constrained_ctypes.h
/Applications/Xcode.app/Contents/Developer/Platforms/MacOSX.platform/Developer/SDKs/MacOSX26.1.sdk/usr/include/machine/_param.h
/Applications/Xcode.app/Contents/Developer/Platforms/MacOSX.platform/Developer/SDKs/MacOSX26.1.sdk/usr/include/arm/_param.h
/Applications/Xcode.app/Contents/Developer/Platforms/MacOSX.platform/Developer/SDKs/MacOSX26.1.sdk/usr/include/net/net_kev.h
/Applications/Xcode.app/Contents/Developer/Platforms/MacOSX.platform/Developer/SDKs/MacOSX26.1.sdk/usr/include/sys/_types/_sa_family_t.h
/Applications/Xcode.app/Contents/Developer/Platforms/MacOSX.platform/Developer/SDKs/MacOSX26.1.sdk/usr/include/sys/_types/_socklen_t.h
/Applications/Xcode.app/Contents/Developer/Platforms/MacOSX.platform/Developer/SDKs/MacOSX26.1.sdk/usr/include/sys/_types/_iovec_t.h
/Applications/Xcode.app/Contents/Developer/Platforms/MacOSX.platform/Developer/SDKs/MacOSX26.1.sdk/usr/include/netinet6/in6.h
/Applications/Xcode.app/Contents/Developer/Platforms/MacOSX.platform/Developer/SDKs/MacOSX26.1.sdk/usr/include/cpio.h
/Applications/Xcode.app/Contents/Developer/Platforms/MacOSX.platform/Developer/SDKs/MacOSX26.1.sdk/usr/include/dirent.h
/Applications/Xcode.app/Contents/Developer/Platforms/MacOSX.platform/Developer/SDKs/MacOSX26.1.sdk/usr/include/sys/dirent.h
/Applications/Xcode.app/Contents/Developer/Platforms/MacOSX.platform/Developer/SDKs/MacOSX26.1.sdk/usr/include/sys/dir.h
/Applications/Xcode.app/Contents/Developer/Platforms/MacOSX.platform/Developer/SDKs/MacOSX26.1.sdk/usr/include/dlfcn.h
/Applications/Xcode.app/Contents/Developer/Platforms/MacOSX.platform/Developer/SDKs/MacOSX26.1.sdk/usr/include/fcntl.h
/Applications/Xcode.app/Contents/Developer/Platforms/MacOSX.platform/Developer/SDKs/MacOSX26.1.sdk/usr/include/sys/fcntl.h
/Applications/Xcode.app/Contents/Developer/Platforms/MacOSX.platform/Developer/SDKs/MacOSX26.1.sdk/usr/include/sys/_types/_s_ifmt.h
/Applications/Xcode.app/Contents/Developer/Platforms/MacOSX.platform/Developer/SDKs/MacOSX26.1.sdk/usr/include/sys/_types/_filesec_t.h
/Applications/Xcode.app/Contents/Developer/Platforms/MacOSX.platform/Developer/SDKs/MacOSX26.1.sdk/usr/include/fmtmsg.h
/Applications/Xcode.app/Contents/Developer/Platforms/MacOSX.platform/Developer/SDKs/MacOSX26.1.sdk/usr/include/fnmatch.h
/Applications/Xcode.app/Contents/Developer/Platforms/MacOSX.platform/Developer/SDKs/MacOSX26.1.sdk/usr/include/ftw.h
/Applications/Xcode.app/Contents/Developer/Platforms/MacOSX.platform/Developer/SDKs/MacOSX26.1.sdk/usr/include/sys/stat.h
/Applications/Xcode.app/Contents/Developer/Platforms/MacOSX.platform/Developer/SDKs/MacOSX26.1.sdk/usr/include/glob.h
/Applications/Xcode.app/Contents/Developer/Platforms/MacOSX.platform/Developer/SDKs/MacOSX26.1.sdk/usr/include/grp.h
/Applications/Xcode.app/Contents/Developer/Platforms/MacOSX.platform/Developer/SDKs/MacOSX26.1.sdk/usr/include/iconv.h
/Applications/Xcode.app/Contents/Developer/Platforms/MacOSX.platform/Developer/SDKs/MacOSX26.1.sdk/usr/include/ifaddrs.h
/Applications/Xcode.app/Contents/Developer/Platforms/MacOSX.platform/Developer/SDKs/MacOSX26.1.sdk/usr/include/sys/ioctl.h
/Applications/Xcode.app/Contents/Developer/Platforms/MacOSX.platform/Developer/SDKs/MacOSX26.1.sdk/usr/include/sys/filio.h
/Applications/Xcode.app/Contents/Developer/Platforms/MacOSX.platform/Developer/SDKs/MacOSX26.1.sdk/usr/include/sys/sockio.h
/Applications/Xcode.app/Contents/Developer/Platforms/MacOSX.platform/Developer/SDKs/MacOSX26.1.sdk/usr/include/net/if.h
/Applications/Xcode.app/Contents/Developer/Platforms/MacOSX.platform/Developer/SDKs/MacOSX26.1.sdk/usr/include/net/if_var.h
/Applications/Xcode.app/Contents/Developer/Platforms/MacOSX.platform/Developer/SDKs/MacOSX26.1.sdk/usr/include/sys/time.h
/Applications/Xcode.app/Contents/Developer/Platforms/MacOSX.platform/Developer/SDKs/MacOSX26.1.sdk/usr/include/sys/_types/_timeval64.h
/Applications/Xcode.app/Contents/Developer/Platforms/MacOSX.platform/Developer/SDKs/MacOSX26.1.sdk/usr/include/sys/_types/_timeval32.h
/Applications/Xcode.app/Contents/Developer/Platforms/MacOSX.platform/Developer/SDKs/MacOSX26.1.sdk/usr/include/_langinfo.h
/Applications/Xcode.app/Contents/Developer/Platforms/MacOSX.platform/Developer/SDKs/MacOSX26.1.sdk/usr/include/xlocale/_langinfo.h
/Applications/Xcode.app/Contents/Developer/Platforms/MacOSX.platform/Developer/SDKs/MacOSX26.1.sdk/usr/include/libgen.h
/Applications/Xcode.app/Contents/Developer/Platforms/MacOSX.platform/Developer/SDKs/MacOSX26.1.sdk/usr/include/_monetary.h
/Applications/Xcode.app/Contents/Developer/Platforms/MacOSX.platform/Developer/SDKs/MacOSX26.1.sdk/usr/include/xlocale/_monetary.h
/Applications/Xcode.app/Contents/Developer/Platforms/MacOSX.platform/Developer/SDKs/MacOSX26.1.sdk/usr/include/ndbm.h
/Applications/Xcode.app/Contents/Developer/Platforms/MacOSX.platform/Developer/SDKs/MacOSX26.1.sdk/usr/include/netdb.h
/Applications/Xcode.app/Contents/Developer/Platforms/MacOSX.platform/Developer/SDKs/MacOSX26.1.sdk/usr/include/net/if_dl.h
/Applications/Xcode.app/Contents/Developer/Platforms/MacOSX.platform/Developer/SDKs/MacOSX26.1.sdk/usr/include/net/if_types.h
/Applications/Xcode.app/Contents/Developer/Platforms/MacOSX.platform/Developer/SDKs/MacOSX26.1.sdk/usr/include/netinet/tcp.h
/Applications/Xcode.app/Contents/Developer/Platforms/MacOSX.platform/Developer/SDKs/MacOSX26.1.sdk/usr/include/poll.h
/Applications/Xcode.app/Contents/Developer/Platforms/MacOSX.platform/Developer/SDKs/MacOSX26.1.sdk/usr/include/sys/poll.h
/Applications/Xcode.app/Contents/Developer/Platforms/MacOSX.platform/Developer/SDKs/MacOSX26.1.sdk/usr/include/pthread/spawn.h
/Applications/Xcode.app/Contents/Developer/Platforms/MacOSX.platform/Developer/SDKs/MacOSX26.1.sdk/usr/include/spawn.h
/Applications/Xcode.app/Contents/Developer/Platforms/MacOSX.platform/Developer/SDKs/MacOSX26.1.sdk/usr/include/sys/spawn.h
/Applications/Xcode.app/Contents/Developer/Platforms/MacOSX.platform/Developer/SDKs/MacOSX26.1.sdk/usr/include/mach/exception_types.h
/Applications/Xcode.app/Contents/Developer/Platforms/MacOSX.platform/Developer/SDKs/MacOSX26.1.sdk/usr/include/mach/machine/exception.h
/Applications/Xcode.app/Contents/Developer/Platforms/MacOSX.platform/Developer/SDKs/MacOSX26.1.sdk/usr/include/mach/arm/exception.h
/Applications/Xcode.app/Contents/Developer/Platforms/MacOSX.platform/Developer/SDKs/MacOSX26.1.sdk/usr/include/mach/port.h
/Applications/Xcode.app/Contents/Developer/Platforms/MacOSX.platform/Developer/SDKs/MacOSX26.1.sdk/usr/include/mach/boolean.h
/Applications/Xcode.app/Contents/Developer/Platforms/MacOSX.platform/Developer/SDKs/MacOSX26.1.sdk/usr/include/mach/machine/boolean.h
/Applications/Xcode.app/Contents/Developer/Platforms/MacOSX.platform/Developer/SDKs/MacOSX26.1.sdk/usr/include/mach/arm/boolean.h
/Applications/Xcode.app/Contents/Developer/Platforms/MacOSX.platform/Developer/SDKs/MacOSX26.1.sdk/usr/include/mach/machine/vm_types.h
/Applications/Xcode.app/Contents/Developer/Platforms/MacOSX.platform/Developer/SDKs/MacOSX26.1.sdk/usr/include/mach/arm/vm_types.h
/Applications/Xcode.app/Contents/Developer/Platforms/MacOSX.platform/Developer/SDKs/MacOSX26.1.sdk/usr/include/mach/thread_status.h
/Applications/Xcode.app/Contents/Developer/Platforms/MacOSX.platform/Developer/SDKs/MacOSX26.1.sdk/usr/include/mach/machine/thread_status.h
/Applications/Xcode.app/Contents/Developer/Platforms/MacOSX.platform/Developer/SDKs/MacOSX26.1.sdk/usr/include/mach/arm/thread_status.h
/Applications/Xcode.app/Contents/Developer/Platforms/MacOSX.platform/Developer/SDKs/MacOSX26.1.sdk/usr/include/mach/machine/thread_state.h
/Applications/Xcode.app/Contents/Developer/Platforms/MacOSX.platform/Developer/SDKs/MacOSX26.1.sdk/usr/include/mach/arm/thread_state.h
/Applications/Xcode.app/Contents/Developer/Platforms/MacOSX.platform/Developer/SDKs/MacOSX26.1.sdk/usr/include/mach/message.h
/Applications/Xcode.app/Contents/Developer/Platforms/MacOSX.platform/Developer/SDKs/MacOSX26.1.sdk/usr/include/mach/kern_return.h
/Applications/Xcode.app/Contents/Developer/Platforms/MacOSX.platform/Developer/SDKs/MacOSX26.1.sdk/usr/include/mach/machine/kern_return.h
/Applications/Xcode.app/Contents/Developer/Platforms/MacOSX.platform/Developer/SDKs/MacOSX26.1.sdk/usr/include/mach/arm/kern_return.h
/Applications/Xcode.app/Contents/Developer/Platforms/MacOSX.platform/Developer/SDKs/MacOSX26.1.sdk/usr/include/mach/vm_types.h
/Applications/Xcode.app/Contents/Developer/Platforms/MacOSX.platform/Developer/SDKs/MacOSX26.1.sdk/usr/include/mach_debug/ipc_info.h
/Applications/Xcode.app/Contents/Developer/Platforms/MacOSX.platform/Developer/SDKs/MacOSX26.1.sdk/usr/include/mach/machine.h
/Applications/Xcode.app/Contents/Developer/Platforms/MacOSX.platform/Developer/SDKs/MacOSX26.1.sdk/usr/include/pthread/pthread_spis.h
/Applications/Xcode.app/Contents/Developer/Platforms/MacOSX.platform/Developer/SDKs/MacOSX26.1.sdk/usr/include/_modules/_darwin_posix_pthread_pthread.h
/Applications/Xcode.app/Contents/Developer/Platforms/MacOSX.platform/Developer/SDKs/MacOSX26.1.sdk/usr/include/_regex.h
/Applications/Xcode.app/Contents/Developer/Platforms/MacOSX.platform/Developer/SDKs/MacOSX26.1.sdk/usr/include/xlocale/_regex.h
/Applications/Xcode.app/Contents/Developer/Platforms/MacOSX.platform/Developer/SDKs/MacOSX26.1.sdk/usr/include/search.h
/Applications/Xcode.app/Contents/Developer/Platforms/MacOSX.platform/Developer/SDKs/MacOSX26.1.sdk/usr/include/semaphore.h
/Applications/Xcode.app/Contents/Developer/Platforms/MacOSX.platform/Developer/SDKs/MacOSX26.1.sdk/usr/include/sys/semaphore.h
/Applications/Xcode.app/Contents/Developer/Platforms/MacOSX.platform/Developer/SDKs/MacOSX26.1.sdk/usr/include/sys/posix_sem.h
/Applications/Xcode.app/Contents/Developer/Platforms/MacOSX.platform/Developer/SDKs/MacOSX26.1.sdk/usr/include/sys/proc.h
/Applications/Xcode.app/Contents/Developer/Platforms/MacOSX.platform/Developer/SDKs/MacOSX26.1.sdk/usr/include/sys/queue.h
/Applications/Xcode.app/Contents/Developer/Platforms/MacOSX.platform/Developer/SDKs/MacOSX26.1.sdk/usr/include/sys/lock.h
/Applications/Xcode.app/Contents/Developer/Platforms/MacOSX.platform/Developer/SDKs/MacOSX26.1.sdk/usr/include/sys/param.h
/Applications/Xcode.app/Contents/Developer/Platforms/MacOSX.platform/Developer/SDKs/MacOSX26.1.sdk/usr/include/machine/param.h
/Applications/Xcode.app/Contents/Developer/Platforms/MacOSX.platform/Developer/SDKs/MacOSX26.1.sdk/usr/include/arm/param.h
/Applications/Xcode.app/Contents/Developer/Platforms/MacOSX.platform/Developer/SDKs/MacOSX26.1.sdk/usr/include/sys/event.h
/Applications/Xcode.app/Contents/Developer/Platforms/MacOSX.platform/Developer/SDKs/MacOSX26.1.sdk/usr/include/strings.h
/Applications/Xcode.app/Contents/Developer/Platforms/MacOSX.platform/Developer/SDKs/MacOSX26.1.sdk/usr/include/sys/ipc.h
/Applications/Xcode.app/Contents/Developer/Platforms/MacOSX.platform/Developer/SDKs/MacOSX26.1.sdk/usr/include/sys/mman.h
/Applications/Xcode.app/Contents/Developer/Platforms/MacOSX.platform/Developer/SDKs/MacOSX26.1.sdk/usr/include/sys/msg.h
/Applications/Xcode.app/Contents/Developer/Platforms/MacOSX.platform/Developer/SDKs/MacOSX26.1.sdk/usr/include/sys/sem.h
/Applications/Xcode.app/Contents/Developer/Platforms/MacOSX.platform/Developer/SDKs/MacOSX26.1.sdk/usr/include/sys/shm.h
/Applications/Xcode.app/Contents/Developer/Platforms/MacOSX.platform/Developer/SDKs/MacOSX26.1.sdk/usr/include/sys/posix_shm.h
/Applications/Xcode.app/Contents/Developer/Platforms/MacOSX.platform/Developer/SDKs/MacOSX26.1.sdk/usr/include/sys/statvfs.h
/Applications/Xcode.app/Contents/Developer/Platforms/MacOSX.platform/Developer/SDKs/MacOSX26.1.sdk/usr/include/sys/times.h
/Applications/Xcode.app/Contents/Developer/Platforms/MacOSX.platform/Developer/SDKs/MacOSX26.1.sdk/usr/include/sys/_types/_fsid_t.h
/Applications/Xcode.app/Contents/Developer/Platforms/MacOSX.platform/Developer/SDKs/MacOSX26.1.sdk/usr/include/sys/_types/_fsobj_id_t.h
/Applications/Xcode.app/Contents/Developer/Platforms/MacOSX.platform/Developer/SDKs/MacOSX26.1.sdk/usr/include/sys/_types/_graftdmg_un.h
/Applications/Xcode.app/Contents/Developer/Platforms/MacOSX.platform/Developer/SDKs/MacOSX26.1.sdk/usr/include/sys/_types/_guid_t.h
/Applications/Xcode.app/Contents/Developer/Platforms/MacOSX.platform/Developer/SDKs/MacOSX26.1.sdk/usr/include/sys/_types/_mount_t.h
/Applications/Xcode.app/Contents/Developer/Platforms/MacOSX.platform/Developer/SDKs/MacOSX26.1.sdk/usr/include/sys/_types/_os_inline.h
/Applications/Xcode.app/Contents/Developer/Platforms/MacOSX.platform/Developer/SDKs/MacOSX26.1.sdk/usr/include/sys/_types/_ucontext64.h
/Applications/Xcode.app/Contents/Developer/Platforms/MacOSX.platform/Developer/SDKs/MacOSX26.1.sdk/usr/include/sys/_types/_vnode_t.h
/Applications/Xcode.app/Contents/Developer/Platforms/MacOSX.platform/Developer/SDKs/MacOSX26.1.sdk/usr/include/sys/uio.h
/Applications/Xcode.app/Contents/Developer/Platforms/MacOSX.platform/Developer/SDKs/MacOSX26.1.sdk/usr/include/sys/un.h
/Applications/Xcode.app/Contents/Developer/Platforms/MacOSX.platform/Developer/SDKs/MacOSX26.1.sdk/usr/include/sys/utsname.h
/Applications/Xcode.app/Contents/Developer/Platforms/MacOSX.platform/Developer/SDKs/MacOSX26.1.sdk/usr/include/sys/vsock.h
/Applications/Xcode.app/Contents/Developer/Platforms/MacOSX.platform/Developer/SDKs/MacOSX26.1.sdk/usr/include/sys/ucred.h
/Applications/Xcode.app/Contents/Developer/Platforms/MacOSX.platform/Developer/SDKs/MacOSX26.1.sdk/usr/include/bsm/audit.h
/Applications/Xcode.app/Contents/Developer/Platforms/MacOSX.platform/Developer/SDKs/MacOSX26.1.sdk/usr/include/sys/socketvar.h
/Applications/Xcode.app/Contents/Developer/Platforms/MacOSX.platform/Developer/SDKs/MacOSX26.1.sdk/usr/include/sys/xattr.h
/Applications/Xcode.app/Contents/Developer/Platforms/MacOSX.platform/Developer/SDKs/MacOSX26.1.sdk/usr/include/_modules/_darwin_posix_sys_resource.h
/Applications/Xcode.app/Contents/Developer/Platforms/MacOSX.platform/Developer/SDKs/MacOSX26.1.sdk/usr/include/_modules/_darwin_posix_sys_select.h
/Applications/Xcode.app/Contents/Developer/Platforms/MacOSX.platform/Developer/SDKs/MacOSX26.1.sdk/usr/include/_modules/_darwin_posix_sys_wait.h
/Applications/Xcode.app/Contents/Developer/Platforms/MacOSX.platform/Developer/SDKs/MacOSX26.1.sdk/usr/include/syslog.h
/Applications/Xcode.app/Contents/Developer/Platforms/MacOSX.platform/Developer/SDKs/MacOSX26.1.sdk/usr/include/sys/syslog.h
/Applications/Xcode.app/Contents/Developer/Platforms/MacOSX.platform/Developer/SDKs/MacOSX26.1.sdk/usr/include/tar.h
/Applications/Xcode.app/Contents/Developer/Platforms/MacOSX.platform/Developer/SDKs/MacOSX26.1.sdk/usr/include/ulimit.h
/Applications/Xcode.app/Contents/Developer/Platforms/MacOSX.platform/Developer/SDKs/MacOSX26.1.sdk/usr/include/utime.h
/Applications/Xcode.app/Contents/Developer/Platforms/MacOSX.platform/Developer/SDKs/MacOSX26.1.sdk/usr/include/utmpx.h
/Applications/Xcode.app/Contents/Developer/Platforms/MacOSX.platform/Developer/SDKs/MacOSX26.1.sdk/usr/include/wordexp.h
/Applications/Xcode.app/Contents/Developer/Platforms/MacOSX.platform/Developer/SDKs/MacOSX26.1.sdk/usr/include/_modules/_darwin_posix_nl_types.h
/Applications/Xcode.app/Contents/Developer/Platforms/MacOSX.platform/Developer/SDKs/MacOSX26.1.sdk/usr/include/_modules/_darwin_posix_sched.h
/Applications/Xcode.app/Contents/Developer/Platforms/MacOSX.platform/Developer/SDKs/MacOSX26.1.sdk/usr/include/_modules/_darwin_posix_unistd.h
/Applications/Xcode.app/Contents/Developer/Platforms/MacOSX.platform/Developer/SDKs/MacOSX26.1.sdk/usr/include/net/bpf.h
/Applications/Xcode.app/Contents/Developer/Platforms/MacOSX.platform/Developer/SDKs/MacOSX26.1.sdk/usr/include/net/dlil.h
/Applications/Xcode.app/Contents/Developer/Platforms/MacOSX.platform/Developer/SDKs/MacOSX26.1.sdk/usr/include/net/ethernet.h
/Applications/Xcode.app/Contents/Developer/Platforms/MacOSX.platform/Developer/SDKs/MacOSX26.1.sdk/usr/include/net/if_arp.h
/Applications/Xcode.app/Contents/Developer/Platforms/MacOSX.platform/Developer/SDKs/MacOSX26.1.sdk/usr/include/net/if_llc.h
/Applications/Xcode.app/Contents/Developer/Platforms/MacOSX.platform/Developer/SDKs/MacOSX26.1.sdk/usr/include/net/if_media.h
/Applications/Xcode.app/Contents/Developer/Platforms/MacOSX.platform/Developer/SDKs/MacOSX26.1.sdk/usr/include/net/if_mib.h
/Applications/Xcode.app/Contents/Developer/Platforms/MacOSX.platform/Developer/SDKs/MacOSX26.1.sdk/usr/include/net/if_utun.h
/Applications/Xcode.app/Contents/Developer/Platforms/MacOSX.platform/Developer/SDKs/MacOSX26.1.sdk/usr/include/net/if_var_status.h
/Applications/Xcode.app/Contents/Developer/Platforms/MacOSX.platform/Developer/SDKs/MacOSX26.1.sdk/usr/include/net/kext_net.h
/Applications/Xcode.app/Contents/Developer/Platforms/MacOSX.platform/Developer/SDKs/MacOSX26.1.sdk/usr/include/net/ndrv.h
/Applications/Xcode.app/Contents/Developer/Platforms/MacOSX.platform/Developer/SDKs/MacOSX26.1.sdk/usr/include/net/pfkeyv2.h
/Applications/Xcode.app/Contents/Developer/Platforms/MacOSX.platform/Developer/SDKs/MacOSX26.1.sdk/usr/include/net/route.h
/Applications/Xcode.app/Contents/Developer/Platforms/MacOSX.platform/Developer/SDKs/MacOSX26.1.sdk/usr/include/netinet/bootp.h
/Applications/Xcode.app/Contents/Developer/Platforms/MacOSX.platform/Developer/SDKs/MacOSX26.1.sdk/usr/include/netinet/ip.h
/Applications/Xcode.app/Contents/Developer/Platforms/MacOSX.platform/Developer/SDKs/MacOSX26.1.sdk/usr/include/netinet/in_systm.h
/Applications/Xcode.app/Contents/Developer/Platforms/MacOSX.platform/Developer/SDKs/MacOSX26.1.sdk/usr/include/netinet/udp.h
/Applications/Xcode.app/Contents/Developer/Platforms/MacOSX.platform/Developer/SDKs/MacOSX26.1.sdk/usr/include/netinet/icmp6.h
/Applications/Xcode.app/Contents/Developer/Platforms/MacOSX.platform/Developer/SDKs/MacOSX26.1.sdk/usr/include/netinet/icmp_var.h
/Applications/Xcode.app/Contents/Developer/Platforms/MacOSX.platform/Developer/SDKs/MacOSX26.1.sdk/usr/include/netinet/ip_icmp.h
/Applications/Xcode.app/Contents/Developer/Platforms/MacOSX.platform/Developer/SDKs/MacOSX26.1.sdk/usr/include/netinet/if_ether.h
/Applications/Xcode.app/Contents/Developer/Platforms/MacOSX.platform/Developer/SDKs/MacOSX26.1.sdk/usr/include/netinet/igmp.h
/Applications/Xcode.app/Contents/Developer/Platforms/MacOSX.platform/Developer/SDKs/MacOSX26.1.sdk/usr/include/netinet/igmp_var.h
/Applications/Xcode.app/Contents/Developer/Platforms/MacOSX.platform/Developer/SDKs/MacOSX26.1.sdk/usr/include/netinet/in_pcb.h
/Applications/Xcode.app/Contents/Developer/Platforms/MacOSX.platform/Developer/SDKs/MacOSX26.1.sdk/usr/include/netinet/in_var.h
/Applications/Xcode.app/Contents/Developer/Platforms/MacOSX.platform/Developer/SDKs/MacOSX26.1.sdk/usr/include/sys/protosw.h
/Applications/Xcode.app/Contents/Developer/Platforms/MacOSX.platform/Developer/SDKs/MacOSX26.1.sdk/usr/include/sys/kern_event.h
/Applications/Xcode.app/Contents/Developer/Platforms/MacOSX.platform/Developer/SDKs/MacOSX26.1.sdk/usr/include/sys/sys_domain.h
/Applications/Xcode.app/Contents/Developer/Platforms/MacOSX.platform/Developer/SDKs/MacOSX26.1.sdk/usr/include/netinet6/in6_var.h
/Applications/Xcode.app/Contents/Developer/Platforms/MacOSX.platform/Developer/SDKs/MacOSX26.1.sdk/usr/include/netinet6/scope6_var.h
/Applications/Xcode.app/Contents/Developer/Platforms/MacOSX.platform/Developer/SDKs/MacOSX26.1.sdk/usr/include/netinet/ip6.h
/Applications/Xcode.app/Contents/Developer/Platforms/MacOSX.platform/Developer/SDKs/MacOSX26.1.sdk/usr/include/netinet/ip_var.h
/Applications/Xcode.app/Contents/Developer/Platforms/MacOSX.platform/Developer/SDKs/MacOSX26.1.sdk/usr/include/netinet/tcp_fsm.h
/Applications/Xcode.app/Contents/Developer/Platforms/MacOSX.platform/Developer/SDKs/MacOSX26.1.sdk/usr/include/netinet/tcp_seq.h
/Applications/Xcode.app/Contents/Developer/Platforms/MacOSX.platform/Developer/SDKs/MacOSX26.1.sdk/usr/include/netinet/tcp_timer.h
/Applications/Xcode.app/Contents/Developer/Platforms/MacOSX.platform/Developer/SDKs/MacOSX26.1.sdk/usr/include/netinet/tcp_var.h
/Applications/Xcode.app/Contents/Developer/Platforms/MacOSX.platform/Developer/SDKs/MacOSX26.1.sdk/usr/include/netinet/tcpip.h
/Applications/Xcode.app/Contents/Developer/Platforms/MacOSX.platform/Developer/SDKs/MacOSX26.1.sdk/usr/include/netinet/udp_var.h
/Applications/Xcode.app/Contents/Developer/Platforms/MacOSX.platform/Developer/SDKs/MacOSX26.1.sdk/usr/include/sys/sysctl.h
/Applications/Xcode.app/Contents/Developer/Platforms/MacOSX.platform/Developer/SDKs/MacOSX26.1.sdk/usr/include/sys/vm.h
/Applications/Xcode.app/Contents/Developer/Platforms/MacOSX.platform/Developer/SDKs/MacOSX26.1.sdk/usr/include/ar.h
/Applications/Xcode.app/Contents/Developer/Platforms/MacOSX.platform/Developer/SDKs/MacOSX26.1.sdk/usr/include/bank/bank_types.h
/Applications/Xcode.app/Contents/Developer/Platforms/MacOSX.platform/Developer/SDKs/MacOSX26.1.sdk/usr/include/os/base.h
/Applications/Xcode.app/Contents/Developer/Platforms/MacOSX.platform/Developer/SDKs/MacOSX26.1.sdk/usr/include/mach/mach_types.h
/Applications/Xcode.app/Contents/Developer/Platforms/MacOSX.platform/Developer/SDKs/MacOSX26.1.sdk/usr/include/mach/host_info.h
/Applications/Xcode.app/Contents/Developer/Platforms/MacOSX.platform/Developer/SDKs/MacOSX26.1.sdk/usr/include/mach/vm_statistics.h
/Applications/Xcode.app/Contents/Developer/Platforms/MacOSX.platform/Developer/SDKs/MacOSX26.1.sdk/usr/include/mach/time_value.h
/Applications/Xcode.app/Contents/Developer/Platforms/MacOSX.platform/Developer/SDKs/MacOSX26.1.sdk/usr/include/mach/host_notify.h
/Applications/Xcode.app/Contents/Developer/Platforms/MacOSX.platform/Developer/SDKs/MacOSX26.1.sdk/usr/include/mach/host_special_ports.h
/Applications/Xcode.app/Contents/Developer/Platforms/MacOSX.platform/Developer/SDKs/MacOSX26.1.sdk/usr/include/mach/memory_object_types.h
/Applications/Xcode.app/Contents/Developer/Platforms/MacOSX.platform/Developer/SDKs/MacOSX26.1.sdk/usr/include/mach/vm_prot.h
/Applications/Xcode.app/Contents/Developer/Platforms/MacOSX.platform/Developer/SDKs/MacOSX26.1.sdk/usr/include/mach/vm_sync.h
/Applications/Xcode.app/Contents/Developer/Platforms/MacOSX.platform/Developer/SDKs/MacOSX26.1.sdk/usr/include/mach/mach_voucher_types.h
/Applications/Xcode.app/Contents/Developer/Platforms/MacOSX.platform/Developer/SDKs/MacOSX26.1.sdk/usr/include/mach/std_types.h
/Applications/Xcode.app/Contents/Developer/Platforms/MacOSX.platform/Developer/SDKs/MacOSX26.1.sdk/usr/include/mach/processor_info.h
/Applications/Xcode.app/Contents/Developer/Platforms/MacOSX.platform/Developer/SDKs/MacOSX26.1.sdk/usr/include/mach/machine/processor_info.h
/Applications/Xcode.app/Contents/Developer/Platforms/MacOSX.platform/Developer/SDKs/MacOSX26.1.sdk/usr/include/mach/arm/processor_info.h
/Applications/Xcode.app/Contents/Developer/Platforms/MacOSX.platform/Developer/SDKs/MacOSX26.1.sdk/usr/include/mach/task_info.h
/Applications/Xcode.app/Contents/Developer/Platforms/MacOSX.platform/Developer/SDKs/MacOSX26.1.sdk/usr/include/mach/policy.h
/Applications/Xcode.app/Contents/Developer/Platforms/MacOSX.platform/Developer/SDKs/MacOSX26.1.sdk/usr/include/mach/task_inspect.h
/Applications/Xcode.app/Contents/Developer/Platforms/MacOSX.platform/Developer/SDKs/MacOSX26.1.sdk/usr/include/mach/task_policy.h
/Applications/Xcode.app/Contents/Developer/Platforms/MacOSX.platform/Developer/SDKs/MacOSX26.1.sdk/usr/include/mach/task_special_ports.h
/Applications/Xcode.app/Contents/Developer/Platforms/MacOSX.platform/Developer/SDKs/MacOSX26.1.sdk/usr/include/mach/thread_info.h
/Applications/Xcode.app/Contents/Developer/Platforms/MacOSX.platform/Developer/SDKs/MacOSX26.1.sdk/usr/include/mach/thread_policy.h
/Applications/Xcode.app/Contents/Developer/Platforms/MacOSX.platform/Developer/SDKs/MacOSX26.1.sdk/usr/include/mach/thread_special_ports.h
/Applications/Xcode.app/Contents/Developer/Platforms/MacOSX.platform/Developer/SDKs/MacOSX26.1.sdk/usr/include/mach/clock_types.h
/Applications/Xcode.app/Contents/Developer/Platforms/MacOSX.platform/Developer/SDKs/MacOSX26.1.sdk/usr/include/mach/vm_attributes.h
/Applications/Xcode.app/Contents/Developer/Platforms/MacOSX.platform/Developer/SDKs/MacOSX26.1.sdk/usr/include/mach/vm_inherit.h
/Applications/Xcode.app/Contents/Developer/Platforms/MacOSX.platform/Developer/SDKs/MacOSX26.1.sdk/usr/include/mach/vm_purgable.h
/Applications/Xcode.app/Contents/Developer/Platforms/MacOSX.platform/Developer/SDKs/MacOSX26.1.sdk/usr/include/mach/vm_behavior.h
/Applications/Xcode.app/Contents/Developer/Platforms/MacOSX.platform/Developer/SDKs/MacOSX26.1.sdk/usr/include/mach/vm_region.h
/Applications/Xcode.app/Contents/Developer/Platforms/MacOSX.platform/Developer/SDKs/MacOSX26.1.sdk/usr/include/mach/machine/vm_param.h
/Applications/Xcode.app/Contents/Developer/Platforms/MacOSX.platform/Developer/SDKs/MacOSX26.1.sdk/usr/include/mach/arm/vm_param.h
/Applications/Xcode.app/Contents/Developer/Platforms/MacOSX.platform/Developer/SDKs/MacOSX26.1.sdk/usr/include/mach/vm_page_size.h
/Applications/Xcode.app/Contents/Developer/Platforms/MacOSX.platform/Developer/SDKs/MacOSX26.1.sdk/usr/include/mach/kmod.h
/Applications/Xcode.app/Contents/Developer/Platforms/MacOSX.platform/Developer/SDKs/MacOSX26.1.sdk/usr/include/mach/dyld_kernel.h
/Applications/Xcode.app/Contents/Developer/Platforms/MacOSX.platform/Developer/SDKs/MacOSX26.1.sdk/usr/include/ConditionalMacros.h
/Applications/Xcode.app/Contents/Developer/Platforms/MacOSX.platform/Developer/SDKs/MacOSX26.1.sdk/usr/include/crt_externs.h
/Applications/Xcode.app/Contents/Developer/Platforms/MacOSX.platform/Developer/SDKs/MacOSX26.1.sdk/usr/include/fts.h
/Applications/Xcode.app/Contents/Developer/Platforms/MacOSX.platform/Developer/SDKs/MacOSX26.1.sdk/usr/include/getopt.h
/Applications/Xcode.app/Contents/Developer/Platforms/MacOSX.platform/Developer/SDKs/MacOSX26.1.sdk/usr/include/AssertMacros.h
/Applications/Xcode.app/Contents/Developer/Platforms/MacOSX.platform/Developer/SDKs/MacOSX26.1.sdk/usr/include/MacTypes.h
/Applications/Xcode.app/Contents/Developer/Platforms/MacOSX.platform/Developer/SDKs/MacOSX26.1.sdk/usr/include/mach/mach.h
/Applications/Xcode.app/Contents/Developer/Platforms/MacOSX.platform/Developer/SDKs/MacOSX26.1.sdk/usr/include/mach/mach_interface.h
/Applications/Xcode.app/Contents/Developer/Platforms/MacOSX.platform/Developer/SDKs/MacOSX26.1.sdk/usr/include/mach/clock_priv.h
/Applications/Xcode.app/Contents/Developer/Platforms/MacOSX.platform/Developer/SDKs/MacOSX26.1.sdk/usr/include/mach/ndr.h
/Applications/Xcode.app/Contents/Developer/Platforms/MacOSX.platform/Developer/SDKs/MacOSX26.1.sdk/usr/include/libkern/OSByteOrder.h
/Applications/Xcode.app/Contents/Developer/Platforms/MacOSX.platform/Developer/SDKs/MacOSX26.1.sdk/usr/include/libkern/arm/OSByteOrder.h
/Applications/Xcode.app/Contents/Developer/Platforms/MacOSX.platform/Developer/SDKs/MacOSX26.1.sdk/usr/include/arm/arch.h
/Applications/Xcode.app/Contents/Developer/Platforms/MacOSX.platform/Developer/SDKs/MacOSX26.1.sdk/usr/include/mach/notify.h
/Applications/Xcode.app/Contents/Developer/Platforms/MacOSX.platform/Developer/SDKs/MacOSX26.1.sdk/usr/include/mach/mig_errors.h
/Applications/Xcode.app/Contents/Developer/Platforms/MacOSX.platform/Developer/SDKs/MacOSX26.1.sdk/usr/include/mach/mig.h
/Applications/Xcode.app/Contents/Developer/Platforms/MacOSX.platform/Developer/SDKs/MacOSX26.1.sdk/usr/include/mach/host_priv.h
/Applications/Xcode.app/Contents/Developer/Platforms/MacOSX.platform/Developer/SDKs/MacOSX26.1.sdk/usr/include/mach_debug/mach_debug_types.h
/Applications/Xcode.app/Contents/Developer/Platforms/MacOSX.platform/Developer/SDKs/MacOSX26.1.sdk/usr/include/mach_debug/vm_info.h
/Applications/Xcode.app/Contents/Developer/Platforms/MacOSX.platform/Developer/SDKs/MacOSX26.1.sdk/usr/include/mach_debug/zone_info.h
/Applications/Xcode.app/Contents/Developer/Platforms/MacOSX.platform/Developer/SDKs/MacOSX26.1.sdk/usr/include/mach_debug/page_info.h
/Applications/Xcode.app/Contents/Developer/Platforms/MacOSX.platform/Developer/SDKs/MacOSX26.1.sdk/usr/include/mach_debug/hash_info.h
/Applications/Xcode.app/Contents/Developer/Platforms/MacOSX.platform/Developer/SDKs/MacOSX26.1.sdk/usr/include/mach_debug/lockgroup_info.h
/Applications/Xcode.app/Contents/Developer/Platforms/MacOSX.platform/Developer/SDKs/MacOSX26.1.sdk/usr/include/mach/host_security.h
/Applications/Xcode.app/Contents/Developer/Platforms/MacOSX.platform/Developer/SDKs/MacOSX26.1.sdk/usr/include/mach/processor.h
/Applications/Xcode.app/Contents/Developer/Platforms/MacOSX.platform/Developer/SDKs/MacOSX26.1.sdk/usr/include/mach/processor_set.h
/Applications/Xcode.app/Contents/Developer/Platforms/MacOSX.platform/Developer/SDKs/MacOSX26.1.sdk/usr/include/mach/semaphore.h
/Applications/Xcode.app/Contents/Developer/Platforms/MacOSX.platform/Developer/SDKs/MacOSX26.1.sdk/usr/include/mach/sync_policy.h
/Applications/Xcode.app/Contents/Developer/Platforms/MacOSX.platform/Developer/SDKs/MacOSX26.1.sdk/usr/include/mach/task.h
/Applications/Xcode.app/Contents/Developer/Platforms/MacOSX.platform/Developer/SDKs/MacOSX26.1.sdk/usr/include/mach/thread_act.h
/Applications/Xcode.app/Contents/Developer/Platforms/MacOSX.platform/Developer/SDKs/MacOSX26.1.sdk/usr/include/mach/vm_map.h
/Applications/Xcode.app/Contents/Developer/Platforms/MacOSX.platform/Developer/SDKs/MacOSX26.1.sdk/usr/include/mach/mach_port.h
/Applications/Xcode.app/Contents/Developer/Platforms/MacOSX.platform/Developer/SDKs/MacOSX26.1.sdk/usr/include/mach/mach_init.h
/Applications/Xcode.app/Contents/Developer/Platforms/MacOSX.platform/Developer/SDKs/MacOSX26.1.sdk/usr/include/mach/mach_traps.h
/Applications/Xcode.app/Contents/Developer/Platforms/MacOSX.platform/Developer/SDKs/MacOSX26.1.sdk/usr/include/mach/error.h
/Applications/Xcode.app/Contents/Developer/Platforms/MacOSX.platform/Developer/SDKs/MacOSX26.1.sdk/usr/include/mach/mach_host.h
/Applications/Xcode.app/Contents/Developer/Platforms/MacOSX.platform/Developer/SDKs/MacOSX26.1.sdk/usr/include/mach/thread_switch.h
/Applications/Xcode.app/Contents/Developer/Platforms/MacOSX.platform/Developer/SDKs/MacOSX26.1.sdk/usr/include/mach/rpc.h
/Applications/Xcode.app/Contents/Developer/Platforms/MacOSX.platform/Developer/SDKs/MacOSX26.1.sdk/usr/include/mach/machine/rpc.h
/Applications/Xcode.app/Contents/Developer/Platforms/MacOSX.platform/Developer/SDKs/MacOSX26.1.sdk/usr/include/mach/arm/rpc.h
/Applications/Xcode.app/Contents/Developer/Platforms/MacOSX.platform/Developer/SDKs/MacOSX26.1.sdk/usr/include/mach/mach_error.h
/Applications/Xcode.app/Contents/Developer/Platforms/MacOSX.platform/Developer/SDKs/MacOSX26.1.sdk/usr/include/mach/audit_triggers_types.h
/Applications/Xcode.app/Contents/Developer/Platforms/MacOSX.platform/Developer/SDKs/MacOSX26.1.sdk/usr/include/mach/bootstrap.h
/Applications/Xcode.app/Contents/Developer/Platforms/MacOSX.platform/Developer/SDKs/MacOSX26.1.sdk/usr/include/mach/clock.h
/Applications/Xcode.app/Contents/Developer/Platforms/MacOSX.platform/Developer/SDKs/MacOSX26.1.sdk/usr/include/mach/clock_reply.h
/Applications/Xcode.app/Contents/Developer/Platforms/MacOSX.platform/Developer/SDKs/MacOSX26.1.sdk/usr/include/mach/exc.h
/Applications/Xcode.app/Contents/Developer/Platforms/MacOSX.platform/Developer/SDKs/MacOSX26.1.sdk/usr/include/mach/exception.h
/Applications/Xcode.app/Contents/Developer/Platforms/MacOSX.platform/Developer/SDKs/MacOSX26.1.sdk/usr/include/mach/host_reboot.h
/Applications/Xcode.app/Contents/Developer/Platforms/MacOSX.platform/Developer/SDKs/MacOSX26.1.sdk/usr/include/arm64/hv/hv_kern_types.h
/Applications/Xcode.app/Contents/Developer/Platforms/MacOSX.platform/Developer/SDKs/MacOSX26.1.sdk/usr/include/mach/mach_param.h
/Applications/Xcode.app/Contents/Developer/Platforms/MacOSX.platform/Developer/SDKs/MacOSX26.1.sdk/usr/include/mach/mach_right.h
/Applications/Xcode.app/Contents/Developer/Platforms/MacOSX.platform/Developer/SDKs/MacOSX26.1.sdk/usr/include/mach/mach_syscalls.h
/Applications/Xcode.app/Contents/Developer/Platforms/MacOSX.platform/Developer/SDKs/MacOSX26.1.sdk/usr/include/mach/mach_time.h
/Applications/Xcode.app/Contents/Developer/Platforms/MacOSX.platform/Developer/SDKs/MacOSX26.1.sdk/usr/include/mach/mach_vm.h
/Applications/Xcode.app/Contents/Developer/Platforms/MacOSX.platform/Developer/SDKs/MacOSX26.1.sdk/usr/include/mach/mach_voucher.h
/Applications/Xcode.app/Contents/Developer/Platforms/MacOSX.platform/Developer/SDKs/MacOSX26.1.sdk/usr/include/mach/memory_entry.h
/Applications/Xcode.app/Contents/Developer/Platforms/MacOSX.platform/Developer/SDKs/MacOSX26.1.sdk/usr/include/mach/mig_strncpy_zerofill_support.h
/Applications/Xcode.app/Contents/Developer/Platforms/MacOSX.platform/Developer/SDKs/MacOSX26.1.sdk/usr/include/mach/mig_voucher_support.h
/Applications/Xcode.app/Contents/Developer/Platforms/MacOSX.platform/Developer/SDKs/MacOSX26.1.sdk/usr/include/mach/port_obj.h
/Applications/Xcode.app/Contents/Developer/Platforms/MacOSX.platform/Developer/SDKs/MacOSX26.1.sdk/usr/include/mach/sdt.h
/Applications/Xcode.app/Contents/Developer/Platforms/MacOSX.platform/Developer/SDKs/MacOSX26.1.sdk/usr/include/mach/machine/sdt.h
/Applications/Xcode.app/Contents/Developer/Platforms/MacOSX.platform/Developer/SDKs/MacOSX26.1.sdk/usr/include/sys/sdt.h
/Applications/Xcode.app/Contents/Developer/Platforms/MacOSX.platform/Developer/SDKs/MacOSX26.1.sdk/usr/include/mach/shared_region.h
/Applications/Xcode.app/Contents/Developer/Platforms/MacOSX.platform/Developer/SDKs/MacOSX26.1.sdk/usr/include/mach/sync.h
/Applications/Xcode.app/Contents/Developer/Platforms/MacOSX.platform/Developer/SDKs/MacOSX26.1.sdk/usr/include/mach/thread_state.h
/Applications/Xcode.app/Contents/Developer/Platforms/MacOSX.platform/Developer/SDKs/MacOSX26.1.sdk/usr/include/mach/vm_param.h
/Applications/Xcode.app/Contents/Developer/Platforms/MacOSX.platform/Developer/SDKs/MacOSX26.1.sdk/usr/include/mach/vm_task.h
/Applications/Xcode.app/Contents/Developer/Platforms/MacOSX.platform/Developer/SDKs/MacOSX26.1.sdk/usr/include/mach/machine/asm.h
/Applications/Xcode.app/Contents/Developer/Platforms/MacOSX.platform/Developer/SDKs/MacOSX26.1.sdk/usr/include/mach/arm64/asm.h
/Applications/Xcode.app/Contents/Developer/Platforms/MacOSX.platform/Developer/SDKs/MacOSX26.1.sdk/usr/include/mach/i386/asm.h
/Applications/Xcode.app/Contents/Developer/Platforms/MacOSX.platform/Developer/SDKs/MacOSX26.1.sdk/usr/include/mach/arm/asm.h
/Applications/Xcode.app/Contents/Developer/Platforms/MacOSX.platform/Developer/SDKs/MacOSX26.1.sdk/usr/include/mach/i386/boolean.h
/Applications/Xcode.app/Contents/Developer/Platforms/MacOSX.platform/Developer/SDKs/MacOSX26.1.sdk/usr/include/mach/i386/exception.h
/Applications/Xcode.app/Contents/Developer/Platforms/MacOSX.platform/Developer/SDKs/MacOSX26.1.sdk/usr/include/mach/i386/fp_reg.h
/Applications/Xcode.app/Contents/Developer/Platforms/MacOSX.platform/Developer/SDKs/MacOSX26.1.sdk/usr/include/mach/i386/kern_return.h
/Applications/Xcode.app/Contents/Developer/Platforms/MacOSX.platform/Developer/SDKs/MacOSX26.1.sdk/usr/include/mach/machine/ndr_def.h
/Applications/Xcode.app/Contents/Developer/Platforms/MacOSX.platform/Developer/SDKs/MacOSX26.1.sdk/usr/include/mach/arm/ndr_def.h
/Applications/Xcode.app/Contents/Developer/Platforms/MacOSX.platform/Developer/SDKs/MacOSX26.1.sdk/usr/include/mach/i386/processor_info.h
/Applications/Xcode.app/Contents/Developer/Platforms/MacOSX.platform/Developer/SDKs/MacOSX26.1.sdk/usr/include/mach/i386/rpc.h
/Applications/Xcode.app/Contents/Developer/Platforms/MacOSX.platform/Developer/SDKs/MacOSX26.1.sdk/usr/include/mach/machine/sdt_isa.h
/Applications/Xcode.app/Contents/Developer/Platforms/MacOSX.platform/Developer/SDKs/MacOSX26.1.sdk/usr/include/mach/arm/sdt_isa.h
/Applications/Xcode.app/Contents/Developer/Platforms/MacOSX.platform/Developer/SDKs/MacOSX26.1.sdk/usr/include/mach/i386/sdt_isa.h
/Applications/Xcode.app/Contents/Developer/Platforms/MacOSX.platform/Developer/SDKs/MacOSX26.1.sdk/usr/include/mach/i386/thread_state.h
/Applications/Xcode.app/Contents/Developer/Platforms/MacOSX.platform/Developer/SDKs/MacOSX26.1.sdk/usr/include/mach/i386/thread_status.h
/Applications/Xcode.app/Contents/Developer/Platforms/MacOSX.platform/Developer/SDKs/MacOSX26.1.sdk/usr/include/mach/arm/traps.h
/Applications/Xcode.app/Contents/Developer/Platforms/MacOSX.platform/Developer/SDKs/MacOSX26.1.sdk/usr/include/mach/i386/vm_param.h
/Applications/Xcode.app/Contents/Developer/Platforms/MacOSX.platform/Developer/SDKs/MacOSX26.1.sdk/usr/include/mach/i386/vm_types.h
/Applications/Xcode.app/Contents/Developer/Platforms/MacOSX.platform/Developer/SDKs/MacOSX26.1.sdk/usr/include/mach_debug/mach_debug.h
/Applications/Xcode.app/Contents/Developer/Platforms/MacOSX.platform/Developer/SDKs/MacOSX26.1.sdk/usr/include/device/device_types.h
/Applications/Xcode.app/Contents/Developer/Platforms/MacOSX.platform/Developer/SDKs/MacOSX26.1.sdk/usr/include/device/device_port.h
/Applications/Xcode.app/Contents/Developer/Platforms/MacOSX.platform/Developer/SDKs/MacOSX26.1.sdk/usr/include/libkern/OSAtomic.h
/Applications/Xcode.app/Contents/Developer/Platforms/MacOSX.platform/Developer/SDKs/MacOSX26.1.sdk/usr/include/libkern/OSAtomicDeprecated.h
/Applications/Xcode.app/Contents/Developer/Platforms/MacOSX.platform/Developer/SDKs/MacOSX26.1.sdk/usr/include/libkern/OSSpinLockDeprecated.h
/Applications/Xcode.app/Contents/Developer/Platforms/MacOSX.platform/Developer/SDKs/MacOSX26.1.sdk/usr/include/libkern/OSAtomicQueue.h
/Applications/Xcode.app/Contents/Developer/Platforms/MacOSX.platform/Developer/SDKs/MacOSX26.1.sdk/usr/include/libkern/machine/OSByteOrder.h
/Applications/Xcode.app/Contents/Developer/Platforms/MacOSX.platform/Developer/SDKs/MacOSX26.1.sdk/usr/include/libkern/i386/OSByteOrder.h
/Applications/Xcode.app/Contents/Developer/Platforms/MacOSX.platform/Developer/SDKs/MacOSX26.1.sdk/usr/include/libproc.h
/Applications/Xcode.app/Contents/Developer/Platforms/MacOSX.platform/Developer/SDKs/MacOSX26.1.sdk/usr/include/sys/mount.h
/Applications/Xcode.app/Contents/Developer/Platforms/MacOSX.platform/Developer/SDKs/MacOSX26.1.sdk/usr/include/sys/attr.h
/Applications/Xcode.app/Contents/Developer/Platforms/MacOSX.platform/Developer/SDKs/MacOSX26.1.sdk/usr/include/sys/proc_info.h
/Applications/Xcode.app/Contents/Developer/Platforms/MacOSX.platform/Developer/SDKs/MacOSX26.1.sdk/usr/include/sys/kern_control.h
/Applications/Xcode.app/Contents/Developer/Platforms/MacOSX.platform/Developer/SDKs/MacOSX26.1.sdk/usr/include/os/clock.h
/Applications/Xcode.app/Contents/Developer/Platforms/MacOSX.platform/Developer/SDKs/MacOSX26.1.sdk/usr/include/os/lock.h
/Applications/Xcode.app/Contents/Developer/Platforms/MacOSX.platform/Developer/SDKs/MacOSX26.1.sdk/usr/include/os/proc.h
/Applications/Xcode.app/Contents/Developer/Platforms/MacOSX.platform/Developer/SDKs/MacOSX26.1.sdk/usr/include/malloc/malloc.h
/Applications/Xcode.app/Contents/Developer/Platforms/MacOSX.platform/Developer/SDKs/MacOSX26.1.sdk/usr/include/malloc/_platform.h
/Applications/Xcode.app/Contents/Developer/Platforms/MacOSX.platform/Developer/SDKs/MacOSX26.1.sdk/usr/include/sys/malloc.h
/Applications/Xcode.app/Contents/Developer/Platforms/MacOSX.platform/Developer/SDKs/MacOSX26.1.sdk/usr/include/i386/_param.h
/Applications/Xcode.app/Contents/Developer/Platforms/MacOSX.platform/Developer/SDKs/MacOSX26.1.sdk/usr/include/machine/byte_order.h
/Applications/Xcode.app/Contents/Developer/Platforms/MacOSX.platform/Developer/SDKs/MacOSX26.1.sdk/usr/include/architecture/byte_order.h
/Applications/Xcode.app/Contents/Developer/Platforms/MacOSX.platform/Developer/SDKs/MacOSX26.1.sdk/usr/include/i386/eflags.h
/Applications/Xcode.app/Contents/Developer/Platforms/MacOSX.platform/Developer/SDKs/MacOSX26.1.sdk/usr/include/machine/fasttrap_isa.h
/Applications/Xcode.app/Contents/Developer/Platforms/MacOSX.platform/Developer/SDKs/MacOSX26.1.sdk/usr/include/arm/fasttrap_isa.h
/Applications/Xcode.app/Contents/Developer/Platforms/MacOSX.platform/Developer/SDKs/MacOSX26.1.sdk/usr/include/i386/fasttrap_isa.h
/Applications/Xcode.app/Contents/Developer/Platforms/MacOSX.platform/Developer/SDKs/MacOSX26.1.sdk/usr/include/i386/param.h
/Applications/Xcode.app/Contents/Developer/Platforms/MacOSX.platform/Developer/SDKs/MacOSX26.1.sdk/usr/include/machine/profile.h
/Applications/Xcode.app/Contents/Developer/Platforms/MacOSX.platform/Developer/SDKs/MacOSX26.1.sdk/usr/include/arm/profile.h
/Applications/Xcode.app/Contents/Developer/Platforms/MacOSX.platform/Developer/SDKs/MacOSX26.1.sdk/usr/include/i386/profile.h
/Applications/Xcode.app/Contents/Developer/Platforms/MacOSX.platform/Developer/SDKs/MacOSX26.1.sdk/usr/include/i386/user_ldt.h
/Applications/Xcode.app/Contents/Developer/Platforms/MacOSX.platform/Developer/SDKs/MacOSX26.1.sdk/usr/include/machine/vmparam.h
/Applications/Xcode.app/Contents/Developer/Platforms/MacOSX.platform/Developer/SDKs/MacOSX26.1.sdk/usr/include/arm/vmparam.h
/Applications/Xcode.app/Contents/Developer/Platforms/MacOSX.platform/Developer/SDKs/MacOSX26.1.sdk/usr/include/i386/vmparam.h
/Applications/Xcode.app/Contents/Developer/Platforms/MacOSX.platform/Developer/SDKs/MacOSX26.1.sdk/usr/include/aliasdb.h
/Applications/Xcode.app/Contents/Developer/Platforms/MacOSX.platform/Developer/SDKs/MacOSX26.1.sdk/usr/include/bootparams.h
/Applications/Xcode.app/Contents/Developer/Platforms/MacOSX.platform/Developer/SDKs/MacOSX26.1.sdk/usr/include/Block.h
/Applications/Xcode.app/Contents/Developer/Platforms/MacOSX.platform/Developer/SDKs/MacOSX26.1.sdk/usr/include/bsm/audit_domain.h
/Applications/Xcode.app/Contents/Developer/Platforms/MacOSX.platform/Developer/SDKs/MacOSX26.1.sdk/usr/include/bsm/audit_errno.h
/Applications/Xcode.app/Contents/Developer/Platforms/MacOSX.platform/Developer/SDKs/MacOSX26.1.sdk/usr/include/bsm/audit_fcntl.h
/Applications/Xcode.app/Contents/Developer/Platforms/MacOSX.platform/Developer/SDKs/MacOSX26.1.sdk/usr/include/bsm/audit_filter.h
/Applications/Xcode.app/Contents/Developer/Platforms/MacOSX.platform/Developer/SDKs/MacOSX26.1.sdk/usr/include/bsm/libbsm.h
/Applications/Xcode.app/Contents/Developer/Platforms/MacOSX.platform/Developer/SDKs/MacOSX26.1.sdk/usr/include/bsm/audit_record.h
/Applications/Xcode.app/Contents/Developer/Platforms/MacOSX.platform/Developer/SDKs/MacOSX26.1.sdk/usr/include/bsm/audit_internal.h
/Applications/Xcode.app/Contents/Developer/Platforms/MacOSX.platform/Developer/SDKs/MacOSX26.1.sdk/usr/include/bsm/audit_kevents.h
/Applications/Xcode.app/Contents/Developer/Platforms/MacOSX.platform/Developer/SDKs/MacOSX26.1.sdk/usr/include/bsm/audit_session.h
/Applications/Xcode.app/Contents/Developer/Platforms/MacOSX.platform/Developer/SDKs/MacOSX26.1.sdk/usr/include/bsm/audit_socket_type.h
/Applications/Xcode.app/Contents/Developer/Platforms/MacOSX.platform/Developer/SDKs/MacOSX26.1.sdk/usr/include/bsm/audit_uevents.h
/Applications/Xcode.app/Contents/Developer/Platforms/MacOSX.platform/Developer/SDKs/MacOSX26.1.sdk/usr/include/execinfo.h
/Applications/Xcode.app/Contents/Developer/Platforms/MacOSX.platform/Developer/SDKs/MacOSX26.1.sdk/usr/include/fstab.h
/Applications/Xcode.app/Contents/Developer/Platforms/MacOSX.platform/Developer/SDKs/MacOSX26.1.sdk/usr/include/hfs/hfs_format.h
/Applications/Xcode.app/Contents/Developer/Platforms/MacOSX.platform/Developer/SDKs/MacOSX26.1.sdk/usr/include/hfs/hfs_unistr.h
/Applications/Xcode.app/Contents/Developer/Platforms/MacOSX.platform/Developer/SDKs/MacOSX26.1.sdk/usr/include/hfs/hfs_mount.h
/Applications/Xcode.app/Contents/Developer/Platforms/MacOSX.platform/Developer/SDKs/MacOSX26.1.sdk/usr/include/membership.h
/Applications/Xcode.app/Contents/Developer/Platforms/MacOSX.platform/Developer/SDKs/MacOSX26.1.sdk/usr/include/ntsid.h
/Applications/Xcode.app/Contents/Developer/Platforms/MacOSX.platform/Developer/SDKs/MacOSX26.1.sdk/usr/include/curses.h
/Applications/Xcode.app/Contents/Developer/Platforms/MacOSX.platform/Developer/SDKs/MacOSX26.1.sdk/usr/include/ncurses_dll.h
/Applications/Xcode.app/Contents/Developer/Platforms/MacOSX.platform/Developer/SDKs/MacOSX26.1.sdk/usr/include/unctrl.h
/Applications/Xcode.app/Contents/Developer/Platforms/MacOSX.platform/Developer/SDKs/MacOSX26.1.sdk/usr/include/eti.h
/Applications/Xcode.app/Contents/Developer/Platforms/MacOSX.platform/Developer/SDKs/MacOSX26.1.sdk/usr/include/nc_tparm.h
/Applications/Xcode.app/Contents/Developer/Platforms/MacOSX.platform/Developer/SDKs/MacOSX26.1.sdk/usr/include/form.h
/Applications/Xcode.app/Contents/Developer/Platforms/MacOSX.platform/Developer/SDKs/MacOSX26.1.sdk/usr/include/menu.h
/Applications/Xcode.app/Contents/Developer/Platforms/MacOSX.platform/Developer/SDKs/MacOSX26.1.sdk/usr/include/panel.h
/Applications/Xcode.app/Contents/Developer/Platforms/MacOSX.platform/Developer/SDKs/MacOSX26.1.sdk/usr/include/netinet6/ah.h
/Applications/Xcode.app/Contents/Developer/Platforms/MacOSX.platform/Developer/SDKs/MacOSX26.1.sdk/usr/include/netinet6/esp.h
/Applications/Xcode.app/Contents/Developer/Platforms/MacOSX.platform/Developer/SDKs/MacOSX26.1.sdk/usr/include/netinet6/ipcomp.h
/Applications/Xcode.app/Contents/Developer/Platforms/MacOSX.platform/Developer/SDKs/MacOSX26.1.sdk/usr/include/netinet6/ipsec.h
/Applications/Xcode.app/Contents/Developer/Platforms/MacOSX.platform/Developer/SDKs/MacOSX26.1.sdk/usr/include/netinet6/raw_ip6.h
/Applications/Xcode.app/Contents/Developer/Platforms/MacOSX.platform/Developer/SDKs/MacOSX26.1.sdk/usr/include/printerdb.h
/Applications/Xcode.app/Contents/Developer/Platforms/MacOSX.platform/Developer/SDKs/MacOSX26.1.sdk/usr/include/sys/_structs.h
/Applications/Xcode.app/Contents/Developer/Platforms/MacOSX.platform/Developer/SDKs/MacOSX26.1.sdk/usr/include/sys/acct.h
/Applications/Xcode.app/Contents/Developer/Platforms/MacOSX.platform/Developer/SDKs/MacOSX26.1.sdk/usr/include/sys/acl.h
/Applications/Xcode.app/Contents/Developer/Platforms/MacOSX.platform/Developer/SDKs/MacOSX26.1.sdk/usr/include/sys/kauth.h
/Applications/Xcode.app/Contents/Developer/Platforms/MacOSX.platform/Developer/SDKs/MacOSX26.1.sdk/usr/include/sys/buf.h
/Applications/Xcode.app/Contents/Developer/Platforms/MacOSX.platform/Developer/SDKs/MacOSX26.1.sdk/usr/include/sys/kernel_types.h
/Applications/Xcode.app/Contents/Developer/Platforms/MacOSX.platform/Developer/SDKs/MacOSX26.1.sdk/usr/include/sys/clonefile.h
/Applications/Xcode.app/Contents/Developer/Platforms/MacOSX.platform/Developer/SDKs/MacOSX26.1.sdk/usr/include/sys/commpage.h
/Applications/Xcode.app/Contents/Developer/Platforms/MacOSX.platform/Developer/SDKs/MacOSX26.1.sdk/usr/include/sys/conf.h
/Applications/Xcode.app/Contents/Developer/Platforms/MacOSX.platform/Developer/SDKs/MacOSX26.1.sdk/usr/include/sys/disk.h
/Applications/Xcode.app/Contents/Developer/Platforms/MacOSX.platform/Developer/SDKs/MacOSX26.1.sdk/usr/include/sys/dkstat.h
/Applications/Xcode.app/Contents/Developer/Platforms/MacOSX.platform/Developer/SDKs/MacOSX26.1.sdk/usr/include/sys/domain.h
/Applications/Xcode.app/Contents/Developer/Platforms/MacOSX.platform/Developer/SDKs/MacOSX26.1.sdk/usr/include/sys/ev.h
/Applications/Xcode.app/Contents/Developer/Platforms/MacOSX.platform/Developer/SDKs/MacOSX26.1.sdk/usr/include/sys/file.h
/Applications/Xcode.app/Contents/Developer/Platforms/MacOSX.platform/Developer/SDKs/MacOSX26.1.sdk/usr/include/sys/filedesc.h
/Applications/Xcode.app/Contents/Developer/Platforms/MacOSX.platform/Developer/SDKs/MacOSX26.1.sdk/usr/include/sys/fileport.h
/Applications/Xcode.app/Contents/Developer/Platforms/MacOSX.platform/Developer/SDKs/MacOSX26.1.sdk/usr/include/sys/fsgetpath.h
/Applications/Xcode.app/Contents/Developer/Platforms/MacOSX.platform/Developer/SDKs/MacOSX26.1.sdk/usr/include/sys/gmon.h
/Applications/Xcode.app/Contents/Developer/Platforms/MacOSX.platform/Developer/SDKs/MacOSX26.1.sdk/usr/include/sys/ioctl_compat.h
/Applications/Xcode.app/Contents/Developer/Platforms/MacOSX.platform/Developer/SDKs/MacOSX26.1.sdk/usr/include/sys/ttychars.h
/Applications/Xcode.app/Contents/Developer/Platforms/MacOSX.platform/Developer/SDKs/MacOSX26.1.sdk/usr/include/sys/ttydev.h
/Applications/Xcode.app/Contents/Developer/Platforms/MacOSX.platform/Developer/SDKs/MacOSX26.1.sdk/usr/include/sys/kdebug.h
/Applications/Xcode.app/Contents/Developer/Platforms/MacOSX.platform/Developer/SDKs/MacOSX26.1.sdk/usr/include/sys/kdebug_signpost.h
/Applications/Xcode.app/Contents/Developer/Platforms/MacOSX.platform/Developer/SDKs/MacOSX26.1.sdk/usr/include/sys/lctx.h
/Applications/Xcode.app/Contents/Developer/Platforms/MacOSX.platform/Developer/SDKs/MacOSX26.1.sdk/usr/include/sys/mbuf.h
/Applications/Xcode.app/Contents/Developer/Platforms/MacOSX.platform/Developer/SDKs/MacOSX26.1.sdk/usr/include/sys/msgbuf.h
/Applications/Xcode.app/Contents/Developer/Platforms/MacOSX.platform/Developer/SDKs/MacOSX26.1.sdk/usr/include/sys/netport.h
/Applications/Xcode.app/Contents/Developer/Platforms/MacOSX.platform/Developer/SDKs/MacOSX26.1.sdk/usr/include/sys/paths.h
/Applications/Xcode.app/Contents/Developer/Platforms/MacOSX.platform/Developer/SDKs/MacOSX26.1.sdk/usr/include/sys/pipe.h
/Applications/Xcode.app/Contents/Developer/Platforms/MacOSX.platform/Developer/SDKs/MacOSX26.1.sdk/usr/include/sys/quota.h
/Applications/Xcode.app/Contents/Developer/Platforms/MacOSX.platform/Developer/SDKs/MacOSX26.1.sdk/usr/include/sys/rbtree.h
/Applications/Xcode.app/Contents/Developer/Platforms/MacOSX.platform/Developer/SDKs/MacOSX26.1.sdk/usr/include/sys/reboot.h
/Applications/Xcode.app/Contents/Developer/Platforms/MacOSX.platform/Developer/SDKs/MacOSX26.1.sdk/usr/include/sys/resourcevar.h
/Applications/Xcode.app/Contents/Developer/Platforms/MacOSX.platform/Developer/SDKs/MacOSX26.1.sdk/usr/include/sys/sbuf.h
/Applications/Xcode.app/Contents/Developer/Platforms/MacOSX.platform/Developer/SDKs/MacOSX26.1.sdk/usr/include/sys/signalvar.h
/Applications/Xcode.app/Contents/Developer/Platforms/MacOSX.platform/Developer/SDKs/MacOSX26.1.sdk/usr/include/sys/syscall.h
/Applications/Xcode.app/Contents/Developer/Platforms/MacOSX.platform/Developer/SDKs/MacOSX26.1.sdk/usr/include/sys/timeb.h
/Applications/Xcode.app/Contents/Developer/Platforms/MacOSX.platform/Developer/SDKs/MacOSX26.1.sdk/usr/include/sys/trace.h
/Applications/Xcode.app/Contents/Developer/Platforms/MacOSX.platform/Developer/SDKs/MacOSX26.1.sdk/usr/include/sys/tty.h
/Applications/Xcode.app/Contents/Developer/Platforms/MacOSX.platform/Developer/SDKs/MacOSX26.1.sdk/usr/include/sys/ucontext.h
/Applications/Xcode.app/Contents/Developer/Platforms/MacOSX.platform/Developer/SDKs/MacOSX26.1.sdk/usr/include/sys/unpcb.h
/Applications/Xcode.app/Contents/Developer/Platforms/MacOSX.platform/Developer/SDKs/MacOSX26.1.sdk/usr/include/sys/user.h
/Applications/Xcode.app/Contents/Developer/Platforms/MacOSX.platform/Developer/SDKs/MacOSX26.1.sdk/usr/include/sys/utfconv.h
/Applications/Xcode.app/Contents/Developer/Platforms/MacOSX.platform/Developer/SDKs/MacOSX26.1.sdk/usr/include/sys/vcmd.h
/Applications/Xcode.app/Contents/Developer/Platforms/MacOSX.platform/Developer/SDKs/MacOSX26.1.sdk/usr/include/sys/vnode.h
/Applications/Xcode.app/Contents/Developer/Platforms/MacOSX.platform/Developer/SDKs/MacOSX26.1.sdk/usr/include/_modules/_darwin_sys_signal.h
/Applications/Xcode.app/Contents/Developer/Platforms/MacOSX.platform/Developer/SDKs/MacOSX26.1.sdk/usr/include/sysdir.h
/Applications/Xcode.app/Contents/Developer/Platforms/MacOSX.platform/Developer/SDKs/MacOSX26.1.sdk/usr/include/libc.h
/Applications/Xcode.app/Contents/Developer/Platforms/MacOSX.platform/Developer/SDKs/MacOSX26.1.sdk/usr/include/paths.h
/Applications/Xcode.app/Contents/Developer/Platforms/MacOSX.platform/Developer/SDKs/MacOSX26.1.sdk/usr/include/sysexits.h
/Applications/Xcode.app/Contents/Developer/Platforms/MacOSX.platform/Developer/SDKs/MacOSX26.1.sdk/SDKSettings.json
/Applications/Xcode.app/Contents/Developer/Toolchains/XcodeDefault.xctoolchain/usr/lib/swift/macosx/prebuilt-modules/26.1/Darwin.swiftmodule/arm64e-apple-macos.swiftmodule
/Applications/Xcode.app/Contents/Developer/Platforms/MacOSX.platform/Developer/SDKs/MacOSX26.1.sdk/System/Library/Frameworks/DiskArbitration.framework/Modules/module.modulemap
/Applications/Xcode.app/Contents/Developer/Platforms/MacOSX.platform/Developer/SDKs/MacOSX26.1.sdk/System/Library/Frameworks/DiskArbitration.framework/Headers/DiskArbitration.h
/Applications/Xcode.app/Contents/Developer/Platforms/MacOSX.platform/Developer/SDKs/MacOSX26.1.sdk/System/Library/Frameworks/CoreFoundation.framework/Modules/module.modulemap
/Applications/Xcode.app/Contents/Developer/Platforms/MacOSX.platform/Developer/SDKs/MacOSX26.1.sdk/usr/include/Darwin.modulemap
/Applications/Xcode.app/Contents/Developer/Platforms/MacOSX.platform/Developer/SDKs/MacOSX26.1.sdk/usr/include/DarwinFoundation1.modulemap
/Applications/Xcode.app/Contents/Developer/Platforms/MacOSX.platform/Developer/SDKs/MacOSX26.1.sdk/System/Library/Frameworks/DiskArbitration.framework/Headers/DADisk.h
/Applications/Xcode.app/Contents/Developer/Platforms/MacOSX.platform/Developer/SDKs/MacOSX26.1.sdk/System/Library/Frameworks/IOKit.framework/Modules/module.modulemap
/Applications/Xcode.app/Contents/Developer/Platforms/MacOSX.platform/Developer/SDKs/MacOSX26.1.sdk/System/Library/Frameworks/DiskArbitration.framework/Headers/DASession.h
/Applications/Xcode.app/Contents/Developer/Platforms/MacOSX.platform/Developer/SDKs/MacOSX26.1.sdk/System/Library/Frameworks/DiskArbitration.framework/Headers/DADissenter.h
/Applications/Xcode.app/Contents/Developer/Platforms/MacOSX.platform/Developer/SDKs/MacOSX26.1.sdk/SDKSettings.json
/Applications/Xcode.app/Contents/Developer/Platforms/MacOSX.platform/Developer/SDKs/MacOSX26.1.sdk/usr/include/Dispatch.apinotes
/Applications/Xcode.app/Contents/Developer/Platforms/MacOSX.platform/Developer/SDKs/MacOSX26.1.sdk/usr/include/dispatch.modulemap
/Applications/Xcode.app/Contents/Developer/Platforms/MacOSX.platform/Developer/SDKs/MacOSX26.1.sdk/usr/include/os.modulemap
/Applications/Xcode.app/Contents/Developer/Platforms/MacOSX.platform/Developer/SDKs/MacOSX26.1.sdk/usr/include/Darwin.modulemap
/Applications/Xcode.app/Contents/Developer/Platforms/MacOSX.platform/Developer/SDKs/MacOSX26.1.sdk/usr/include/Darwin_C.modulemap
/Applications/Xcode.app/Contents/Developer/Platforms/MacOSX.platform/Developer/SDKs/MacOSX26.1.sdk/usr/include/Darwin_POSIX.modulemap
/Applications/Xcode.app/Contents/Developer/Platforms/MacOSX.platform/Developer/SDKs/MacOSX26.1.sdk/usr/include/net.modulemap
/Applications/Xcode.app/Contents/Developer/Platforms/MacOSX.platform/Developer/SDKs/MacOSX26.1.sdk/usr/include/netinet.modulemap
/Applications/Xcode.app/Contents/Developer/Platforms/MacOSX.platform/Developer/SDKs/MacOSX26.1.sdk/usr/include/bank.modulemap
/Applications/Xcode.app/Contents/Developer/Platforms/MacOSX.platform/Developer/SDKs/MacOSX26.1.sdk/usr/include/Darwin_Mach.modulemap
/Applications/Xcode.app/Contents/Developer/Platforms/MacOSX.platform/Developer/SDKs/MacOSX26.1.sdk/usr/include/Darwin_Mach_machine.modulemap
/Applications/Xcode.app/Contents/Developer/Platforms/MacOSX.platform/Developer/SDKs/MacOSX26.1.sdk/usr/include/mach_debug.modulemap
/Applications/Xcode.app/Contents/Developer/Platforms/MacOSX.platform/Developer/SDKs/MacOSX26.1.sdk/usr/include/device.modulemap
/Applications/Xcode.app/Contents/Developer/Platforms/MacOSX.platform/Developer/SDKs/MacOSX26.1.sdk/usr/include/Darwin_machine.modulemap
/Applications/Xcode.app/Contents/Developer/Platforms/MacOSX.platform/Developer/SDKs/MacOSX26.1.sdk/usr/include/ncurses.modulemap
/Applications/Xcode.app/Contents/Developer/Platforms/MacOSX.platform/Developer/SDKs/MacOSX26.1.sdk/usr/include/netinet6.modulemap
/Applications/Xcode.app/Contents/Developer/Platforms/MacOSX.platform/Developer/SDKs/MacOSX26.1.sdk/usr/include/Darwin_sys.modulemap
/Applications/Xcode.app/Contents/Developer/Platforms/MacOSX.platform/Developer/SDKs/MacOSX26.1.sdk/usr/include/uuid.modulemap
/Applications/Xcode.app/Contents/Developer/Platforms/MacOSX.platform/Developer/SDKs/MacOSX26.1.sdk/usr/include/DarwinFoundation2.modulemap
/Applications/Xcode.app/Contents/Developer/Platforms/MacOSX.platform/Developer/SDKs/MacOSX26.1.sdk/usr/include/DarwinFoundation3.modulemap
/Applications/Xcode.app/Contents/Developer/Platforms/MacOSX.platform/Developer/SDKs/MacOSX26.1.sdk/usr/include/DarwinFoundation1.modulemap
/Applications/Xcode.app/Contents/Developer/Platforms/MacOSX.platform/Developer/SDKs/MacOSX26.1.sdk/usr/include/dispatch/dispatch.h
/Applications/Xcode.app/Contents/Developer/Toolchains/XcodeDefault.xctoolchain/usr/lib/swift/clang/include/module.modulemap
/Applications/Xcode.app/Contents/Developer/Toolchains/XcodeDefault.xctoolchain/usr/lib/swift/clang/include/stddef.h
/Applications/Xcode.app/Contents/Developer/Toolchains/XcodeDefault.xctoolchain/usr/lib/swift/clang/include/stdarg.h
/Applications/Xcode.app/Contents/Developer/Platforms/MacOSX.platform/Developer/SDKs/MacOSX26.1.sdk/usr/include/string.h
/Applications/Xcode.app/Contents/Developer/Platforms/MacOSX.platform/Developer/SDKs/MacOSX26.1.sdk/usr/include/dispatch/base.h
/Applications/Xcode.app/Contents/Developer/Platforms/MacOSX.platform/Developer/SDKs/MacOSX26.1.sdk/usr/include/dispatch/time.h
/Applications/Xcode.app/Contents/Developer/Platforms/MacOSX.platform/Developer/SDKs/MacOSX26.1.sdk/usr/include/dispatch/object.h
/Applications/Xcode.app/Contents/Developer/Platforms/MacOSX.platform/Developer/SDKs/MacOSX26.1.sdk/usr/include/dispatch/queue.h
/Applications/Xcode.app/Contents/Developer/Platforms/MacOSX.platform/Developer/SDKs/MacOSX26.1.sdk/usr/include/dispatch/block.h
/Applications/Xcode.app/Contents/Developer/Platforms/MacOSX.platform/Developer/SDKs/MacOSX26.1.sdk/usr/include/dispatch/source.h
/Applications/Xcode.app/Contents/Developer/Platforms/MacOSX.platform/Developer/SDKs/MacOSX26.1.sdk/usr/include/dispatch/group.h
/Applications/Xcode.app/Contents/Developer/Platforms/MacOSX.platform/Developer/SDKs/MacOSX26.1.sdk/usr/include/dispatch/semaphore.h
/Applications/Xcode.app/Contents/Developer/Platforms/MacOSX.platform/Developer/SDKs/MacOSX26.1.sdk/usr/include/dispatch/once.h
/Applications/Xcode.app/Contents/Developer/Platforms/MacOSX.platform/Developer/SDKs/MacOSX26.1.sdk/usr/include/dispatch/data.h
/Applications/Xcode.app/Contents/Developer/Platforms/MacOSX.platform/Developer/SDKs/MacOSX26.1.sdk/usr/include/dispatch/io.h
/Applications/Xcode.app/Contents/Developer/Platforms/MacOSX.platform/Developer/SDKs/MacOSX26.1.sdk/usr/include/dispatch/workloop.h
/Applications/Xcode.app/Contents/Developer/Platforms/MacOSX.platform/Developer/SDKs/MacOSX26.1.sdk/usr/include/dispatch/dispatch_swift_shims.h
/Applications/Xcode.app/Contents/Developer/Platforms/MacOSX.platform/Developer/SDKs/MacOSX26.1.sdk/SDKSettings.json
/Applications/Xcode.app/Contents/Developer/Toolchains/XcodeDefault.xctoolchain/usr/lib/swift/macosx/prebuilt-modules/26.1/Dispatch.swiftmodule/arm64e-apple-macos.swiftmodule
/Applications/Xcode.app/Contents/Developer/Toolchains/XcodeDefault.xctoolchain/usr/lib/swift/macosx/prebuilt-modules/26.1/Foundation.swiftmodule/arm64e-apple-macos.swiftmodule
/Applications/Xcode.app/Contents/Developer/Platforms/MacOSX.platform/Developer/SDKs/MacOSX26.1.sdk/System/Library/Frameworks/Foundation.framework/Headers/Foundation.apinotes
/Applications/Xcode.app/Contents/Developer/Platforms/MacOSX.platform/Developer/SDKs/MacOSX26.1.sdk/System/Library/Frameworks/Foundation.framework/Modules/module.modulemap
/Applications/Xcode.app/Contents/Developer/Platforms/MacOSX.platform/Developer/SDKs/MacOSX26.1.sdk/System/Library/Frameworks/Foundation.framework/Headers/Foundation.h
/Applications/Xcode.app/Contents/Developer/Platforms/MacOSX.platform/Developer/SDKs/MacOSX26.1.sdk/System/Library/Frameworks/CoreFoundation.framework/Modules/module.modulemap
/Applications/Xcode.app/Contents/Developer/Platforms/MacOSX.platform/Developer/SDKs/MacOSX26.1.sdk/System/Library/Frameworks/Foundation.framework/Headers/NSObjCRuntime.h
/Applications/Xcode.app/Contents/Developer/Platforms/MacOSX.platform/Developer/SDKs/MacOSX26.1.sdk/usr/include/xpc.modulemap
/Applications/Xcode.app/Contents/Developer/Platforms/MacOSX.platform/Developer/SDKs/MacOSX26.1.sdk/usr/include/dispatch.modulemap
/Applications/Xcode.app/Contents/Developer/Platforms/MacOSX.platform/Developer/SDKs/MacOSX26.1.sdk/usr/include/ObjectiveC.modulemap
/Applications/Xcode.app/Contents/Developer/Platforms/MacOSX.platform/Developer/SDKs/MacOSX26.1.sdk/usr/include/Darwin.modulemap
/Applications/Xcode.app/Contents/Developer/Platforms/MacOSX.platform/Developer/SDKs/MacOSX26.1.sdk/usr/include/DarwinFoundation1.modulemap
/Applications/Xcode.app/Contents/Developer/Toolchains/XcodeDefault.xctoolchain/usr/lib/swift/clang/include/module.modulemap
/Applications/Xcode.app/Contents/Developer/Toolchains/XcodeDefault.xctoolchain/usr/lib/swift/clang/include/stdarg.h
/Applications/Xcode.app/Contents/Developer/Platforms/MacOSX.platform/Developer/SDKs/MacOSX26.1.sdk/System/Library/Frameworks/Foundation.framework/Headers/NSArray.h
/Applications/Xcode.app/Contents/Developer/Platforms/MacOSX.platform/Developer/SDKs/MacOSX26.1.sdk/System/Library/Frameworks/Foundation.framework/Headers/NSObject.h
/Applications/Xcode.app/Contents/Developer/Platforms/MacOSX.platform/Developer/SDKs/MacOSX26.1.sdk/System/Library/Frameworks/Foundation.framework/Headers/NSZone.h
/Applications/Xcode.app/Contents/Developer/Toolchains/XcodeDefault.xctoolchain/usr/lib/swift/clang/include/stddef.h
/Applications/Xcode.app/Contents/Developer/Platforms/MacOSX.platform/Developer/SDKs/MacOSX26.1.sdk/System/Library/Frameworks/Foundation.framework/Headers/NSEnumerator.h
/Applications/Xcode.app/Contents/Developer/Platforms/MacOSX.platform/Developer/SDKs/MacOSX26.1.sdk/System/Library/Frameworks/Foundation.framework/Headers/NSRange.h
/Applications/Xcode.app/Contents/Developer/Platforms/MacOSX.platform/Developer/SDKs/MacOSX26.1.sdk/System/Library/Frameworks/Foundation.framework/Headers/NSValue.h
/Applications/Xcode.app/Contents/Developer/Platforms/MacOSX.platform/Developer/SDKs/MacOSX26.1.sdk/System/Library/Frameworks/Foundation.framework/Headers/NSOrderedCollectionDifference.h
/Applications/Xcode.app/Contents/Developer/Platforms/MacOSX.platform/Developer/SDKs/MacOSX26.1.sdk/System/Library/Frameworks/Foundation.framework/Headers/NSOrderedCollectionChange.h
/Applications/Xcode.app/Contents/Developer/Platforms/MacOSX.platform/Developer/SDKs/MacOSX26.1.sdk/System/Library/Frameworks/Foundation.framework/Headers/NSIndexSet.h
/Applications/Xcode.app/Contents/Developer/Platforms/MacOSX.platform/Developer/SDKs/MacOSX26.1.sdk/System/Library/Frameworks/Foundation.framework/Headers/NSAutoreleasePool.h
/Applications/Xcode.app/Contents/Developer/Platforms/MacOSX.platform/Developer/SDKs/MacOSX26.1.sdk/System/Library/Frameworks/Foundation.framework/Headers/NSBundle.h
/Applications/Xcode.app/Contents/Developer/Platforms/MacOSX.platform/Developer/SDKs/MacOSX26.1.sdk/System/Library/Frameworks/Foundation.framework/Headers/NSString.h
/Applications/Xcode.app/Contents/Developer/Platforms/MacOSX.platform/Developer/SDKs/MacOSX26.1.sdk/System/Library/Frameworks/Foundation.framework/Headers/NSItemProvider.h
/Applications/Xcode.app/Contents/Developer/Platforms/MacOSX.platform/Developer/SDKs/MacOSX26.1.sdk/System/Library/Frameworks/Foundation.framework/Headers/NSDictionary.h
/Applications/Xcode.app/Contents/Developer/Platforms/MacOSX.platform/Developer/SDKs/MacOSX26.1.sdk/System/Library/Frameworks/Foundation.framework/Headers/NSSet.h
/Applications/Xcode.app/Contents/Developer/Platforms/MacOSX.platform/Developer/SDKs/MacOSX26.1.sdk/System/Library/Frameworks/Foundation.framework/Headers/NSProgress.h
/Applications/Xcode.app/Contents/Developer/Platforms/MacOSX.platform/Developer/SDKs/MacOSX26.1.sdk/System/Library/Frameworks/Foundation.framework/Headers/NSNotification.h
/Applications/Xcode.app/Contents/Developer/Platforms/MacOSX.platform/Developer/SDKs/MacOSX26.1.sdk/System/Library/Frameworks/Foundation.framework/Headers/NSByteOrder.h
/Applications/Xcode.app/Contents/Developer/Platforms/MacOSX.platform/Developer/SDKs/MacOSX26.1.sdk/System/Library/Frameworks/Foundation.framework/Headers/NSCalendar.h
/Applications/Xcode.app/Contents/Developer/Platforms/MacOSX.platform/Developer/SDKs/MacOSX26.1.sdk/System/Library/Frameworks/Foundation.framework/Headers/NSDate.h
/Applications/Xcode.app/Contents/Developer/Platforms/MacOSX.platform/Developer/SDKs/MacOSX26.1.sdk/System/Library/Frameworks/Foundation.framework/Headers/NSCharacterSet.h
/Applications/Xcode.app/Contents/Developer/Platforms/MacOSX.platform/Developer/SDKs/MacOSX26.1.sdk/System/Library/Frameworks/Foundation.framework/Headers/NSCoder.h
/Applications/Xcode.app/Contents/Developer/Platforms/MacOSX.platform/Developer/SDKs/MacOSX26.1.sdk/System/Library/Frameworks/Foundation.framework/Headers/NSData.h
/Applications/Xcode.app/Contents/Developer/Platforms/MacOSX.platform/Developer/SDKs/MacOSX26.1.sdk/System/Library/Frameworks/Foundation.framework/Headers/NSDateInterval.h
/Applications/Xcode.app/Contents/Developer/Platforms/MacOSX.platform/Developer/SDKs/MacOSX26.1.sdk/System/Library/Frameworks/Foundation.framework/Headers/NSDateFormatter.h
/Applications/Xcode.app/Contents/Developer/Platforms/MacOSX.platform/Developer/SDKs/MacOSX26.1.sdk/System/Library/Frameworks/Foundation.framework/Headers/NSFormatter.h
/Applications/Xcode.app/Contents/Developer/Platforms/MacOSX.platform/Developer/SDKs/MacOSX26.1.sdk/System/Library/Frameworks/Foundation.framework/Headers/NSAttributedString.h
/Applications/Xcode.app/Contents/Developer/Platforms/MacOSX.platform/Developer/SDKs/MacOSX26.1.sdk/System/Library/Frameworks/Foundation.framework/Headers/NSDateIntervalFormatter.h
/Applications/Xcode.app/Contents/Developer/Platforms/MacOSX.platform/Developer/SDKs/MacOSX26.1.sdk/System/Library/Frameworks/Foundation.framework/Headers/NSISO8601DateFormatter.h
/Applications/Xcode.app/Contents/Developer/Platforms/MacOSX.platform/Developer/SDKs/MacOSX26.1.sdk/System/Library/Frameworks/Foundation.framework/Headers/NSMassFormatter.h
/Applications/Xcode.app/Contents/Developer/Platforms/MacOSX.platform/Developer/SDKs/MacOSX26.1.sdk/System/Library/Frameworks/Foundation.framework/Headers/NSLengthFormatter.h
/Applications/Xcode.app/Contents/Developer/Platforms/MacOSX.platform/Developer/SDKs/MacOSX26.1.sdk/System/Library/Frameworks/Foundation.framework/Headers/NSEnergyFormatter.h
/Applications/Xcode.app/Contents/Developer/Platforms/MacOSX.platform/Developer/SDKs/MacOSX26.1.sdk/System/Library/Frameworks/Foundation.framework/Headers/NSMeasurementFormatter.h
/Applications/Xcode.app/Contents/Developer/Platforms/MacOSX.platform/Developer/SDKs/MacOSX26.1.sdk/System/Library/Frameworks/Foundation.framework/Headers/NSNumberFormatter.h
/Applications/Xcode.app/Contents/Developer/Platforms/MacOSX.platform/Developer/SDKs/MacOSX26.1.sdk/System/Library/Frameworks/Foundation.framework/Headers/NSMeasurement.h
/Applications/Xcode.app/Contents/Developer/Platforms/MacOSX.platform/Developer/SDKs/MacOSX26.1.sdk/System/Library/Frameworks/Foundation.framework/Headers/NSUnit.h
/Applications/Xcode.app/Contents/Developer/Platforms/MacOSX.platform/Developer/SDKs/MacOSX26.1.sdk/System/Library/Frameworks/Foundation.framework/Headers/NSLocale.h
/Applications/Xcode.app/Contents/Developer/Platforms/MacOSX.platform/Developer/SDKs/MacOSX26.1.sdk/System/Library/Frameworks/Foundation.framework/Headers/NSPersonNameComponents.h
/Applications/Xcode.app/Contents/Developer/Platforms/MacOSX.platform/Developer/SDKs/MacOSX26.1.sdk/System/Library/Frameworks/Foundation.framework/Headers/NSPersonNameComponentsFormatter.h
/Applications/Xcode.app/Contents/Developer/Platforms/MacOSX.platform/Developer/SDKs/MacOSX26.1.sdk/System/Library/Frameworks/Foundation.framework/Headers/NSRelativeDateTimeFormatter.h
/Applications/Xcode.app/Contents/Developer/Platforms/MacOSX.platform/Developer/SDKs/MacOSX26.1.sdk/System/Library/Frameworks/Foundation.framework/Headers/NSListFormatter.h
/Applications/Xcode.app/Contents/Developer/Platforms/MacOSX.platform/Developer/SDKs/MacOSX26.1.sdk/System/Library/Frameworks/Foundation.framework/Headers/NSDecimal.h
/Applications/Xcode.app/Contents/Developer/Platforms/MacOSX.platform/Developer/SDKs/MacOSX26.1.sdk/System/Library/Frameworks/Foundation.framework/Headers/NSDecimalNumber.h
/Applications/Xcode.app/Contents/Developer/Platforms/MacOSX.platform/Developer/SDKs/MacOSX26.1.sdk/System/Library/Frameworks/Foundation.framework/Headers/NSScanner.h
/Applications/Xcode.app/Contents/Developer/Platforms/MacOSX.platform/Developer/SDKs/MacOSX26.1.sdk/System/Library/Frameworks/Foundation.framework/Headers/NSException.h
/Applications/Xcode.app/Contents/Developer/Platforms/MacOSX.platform/Developer/SDKs/MacOSX26.1.sdk/System/Library/Frameworks/Foundation.framework/Headers/NSError.h
/Applications/Xcode.app/Contents/Developer/Platforms/MacOSX.platform/Developer/SDKs/MacOSX26.1.sdk/System/Library/Frameworks/Foundation.framework/Headers/NSFileHandle.h
/Applications/Xcode.app/Contents/Developer/Platforms/MacOSX.platform/Developer/SDKs/MacOSX26.1.sdk/System/Library/Frameworks/Foundation.framework/Headers/NSRunLoop.h
/Applications/Xcode.app/Contents/Developer/Platforms/MacOSX.platform/Developer/SDKs/MacOSX26.1.sdk/System/Library/Frameworks/Foundation.framework/Headers/NSFileManager.h
/Applications/Xcode.app/Contents/Developer/Platforms/MacOSX.platform/Developer/SDKs/MacOSX26.1.sdk/System/Library/Frameworks/Foundation.framework/Headers/NSPathUtilities.h
/Applications/Xcode.app/Contents/Developer/Platforms/MacOSX.platform/Developer/SDKs/MacOSX26.1.sdk/System/Library/Frameworks/Foundation.framework/Headers/NSURL.h
/Applications/Xcode.app/Contents/Developer/Platforms/MacOSX.platform/Developer/SDKs/MacOSX26.1.sdk/System/Library/Frameworks/Foundation.framework/Headers/NSURLHandle.h
/Applications/Xcode.app/Contents/Developer/Platforms/MacOSX.platform/Developer/SDKs/MacOSX26.1.sdk/System/Library/Frameworks/Foundation.framework/Headers/NSHashTable.h
/Applications/Xcode.app/Contents/Developer/Platforms/MacOSX.platform/Developer/SDKs/MacOSX26.1.sdk/System/Library/Frameworks/Foundation.framework/Headers/NSPointerFunctions.h
/Applications/Xcode.app/Contents/Developer/Platforms/MacOSX.platform/Developer/SDKs/MacOSX26.1.sdk/System/Library/Frameworks/Foundation.framework/Headers/NSHTTPCookie.h
/Applications/Xcode.app/Contents/Developer/Platforms/MacOSX.platform/Developer/SDKs/MacOSX26.1.sdk/System/Library/Frameworks/Foundation.framework/Headers/NSHTTPCookieStorage.h
/Applications/Xcode.app/Contents/Developer/Platforms/MacOSX.platform/Developer/SDKs/MacOSX26.1.sdk/System/Library/Frameworks/Foundation.framework/Headers/NSIndexPath.h
/Applications/Xcode.app/Contents/Developer/Platforms/MacOSX.platform/Developer/SDKs/MacOSX26.1.sdk/System/Library/Frameworks/Foundation.framework/Headers/NSInflectionRule.h
/Applications/Xcode.app/Contents/Developer/Platforms/MacOSX.platform/Developer/SDKs/MacOSX26.1.sdk/System/Library/Frameworks/Foundation.framework/Headers/NSInvocation.h
/Applications/Xcode.app/Contents/Developer/Platforms/MacOSX.platform/Developer/SDKs/MacOSX26.1.sdk/System/Library/Frameworks/Foundation.framework/Headers/NSJSONSerialization.h
/Applications/Xcode.app/Contents/Developer/Platforms/MacOSX.platform/Developer/SDKs/MacOSX26.1.sdk/System/Library/Frameworks/Foundation.framework/Headers/NSKeyValueCoding.h
/Applications/Xcode.app/Contents/Developer/Platforms/MacOSX.platform/Developer/SDKs/MacOSX26.1.sdk/System/Library/Frameworks/Foundation.framework/Headers/NSOrderedSet.h
/Applications/Xcode.app/Contents/Developer/Platforms/MacOSX.platform/Developer/SDKs/MacOSX26.1.sdk/System/Library/Frameworks/Foundation.framework/Headers/NSKeyValueObserving.h
/Applications/Xcode.app/Contents/Developer/Platforms/MacOSX.platform/Developer/SDKs/MacOSX26.1.sdk/System/Library/Frameworks/Foundation.framework/Headers/NSKeyValueSharedObservers.h
/Applications/Xcode.app/Contents/Developer/Platforms/MacOSX.platform/Developer/SDKs/MacOSX26.1.sdk/System/Library/Frameworks/Foundation.framework/Headers/NSKeyedArchiver.h
/Applications/Xcode.app/Contents/Developer/Platforms/MacOSX.platform/Developer/SDKs/MacOSX26.1.sdk/System/Library/Frameworks/Foundation.framework/Headers/NSPropertyList.h
/Applications/Xcode.app/Contents/Developer/Platforms/MacOSX.platform/Developer/SDKs/MacOSX26.1.sdk/System/Library/Frameworks/Foundation.framework/Headers/NSGeometry.h
/Applications/Xcode.app/Contents/Developer/Platforms/MacOSX.platform/Developer/SDKs/MacOSX26.1.sdk/System/Library/Frameworks/Foundation.framework/Headers/NSLock.h
/Applications/Xcode.app/Contents/Developer/Platforms/MacOSX.platform/Developer/SDKs/MacOSX26.1.sdk/System/Library/Frameworks/Foundation.framework/Headers/NSMapTable.h
/Applications/Xcode.app/Contents/Developer/Platforms/MacOSX.platform/Developer/SDKs/MacOSX26.1.sdk/System/Library/Frameworks/Foundation.framework/Headers/NSMethodSignature.h
/Applications/Xcode.app/Contents/Developer/Platforms/MacOSX.platform/Developer/SDKs/MacOSX26.1.sdk/System/Library/Frameworks/Foundation.framework/Headers/NSMorphology.h
/Applications/Xcode.app/Contents/Developer/Platforms/MacOSX.platform/Developer/SDKs/MacOSX26.1.sdk/System/Library/Frameworks/Foundation.framework/Headers/NSTermOfAddress.h
/Applications/Xcode.app/Contents/Developer/Platforms/MacOSX.platform/Developer/SDKs/MacOSX26.1.sdk/System/Library/Frameworks/Foundation.framework/Headers/NSNotificationQueue.h
/Applications/Xcode.app/Contents/Developer/Platforms/MacOSX.platform/Developer/SDKs/MacOSX26.1.sdk/System/Library/Frameworks/Foundation.framework/Headers/NSNull.h
/Applications/Xcode.app/Contents/Developer/Platforms/MacOSX.platform/Developer/SDKs/MacOSX26.1.sdk/System/Library/Frameworks/Foundation.framework/Headers/NSLocalizedNumberFormatRule.h
/Applications/Xcode.app/Contents/Developer/Platforms/MacOSX.platform/Developer/SDKs/MacOSX26.1.sdk/System/Library/Frameworks/Foundation.framework/Headers/NSOperation.h
/Applications/Xcode.app/Contents/Developer/Platforms/MacOSX.platform/Developer/SDKs/MacOSX26.1.sdk/System/Library/Frameworks/Foundation.framework/Headers/NSOrthography.h
/Applications/Xcode.app/Contents/Developer/Platforms/MacOSX.platform/Developer/SDKs/MacOSX26.1.sdk/System/Library/Frameworks/Foundation.framework/Headers/NSPointerArray.h
/Applications/Xcode.app/Contents/Developer/Platforms/MacOSX.platform/Developer/SDKs/MacOSX26.1.sdk/System/Library/Frameworks/Foundation.framework/Headers/NSPort.h
/Applications/Xcode.app/Contents/Developer/Platforms/MacOSX.platform/Developer/SDKs/MacOSX26.1.sdk/System/Library/Frameworks/Foundation.framework/Headers/NSProcessInfo.h
/Applications/Xcode.app/Contents/Developer/Platforms/MacOSX.platform/Developer/SDKs/MacOSX26.1.sdk/System/Library/Frameworks/Foundation.framework/Headers/NSProxy.h
/Applications/Xcode.app/Contents/Developer/Platforms/MacOSX.platform/Developer/SDKs/MacOSX26.1.sdk/System/Library/Frameworks/Foundation.framework/Headers/NSRegularExpression.h
/Applications/Xcode.app/Contents/Developer/Platforms/MacOSX.platform/Developer/SDKs/MacOSX26.1.sdk/System/Library/Frameworks/Foundation.framework/Headers/NSTextCheckingResult.h
/Applications/Xcode.app/Contents/Developer/Platforms/MacOSX.platform/Developer/SDKs/MacOSX26.1.sdk/System/Library/Frameworks/Foundation.framework/Headers/NSSortDescriptor.h
/Applications/Xcode.app/Contents/Developer/Platforms/MacOSX.platform/Developer/SDKs/MacOSX26.1.sdk/System/Library/Frameworks/Foundation.framework/Headers/NSStream.h
/Applications/Xcode.app/Contents/Developer/Platforms/MacOSX.platform/Developer/SDKs/MacOSX26.1.sdk/System/Library/Frameworks/Foundation.framework/Headers/NSThread.h
/Applications/Xcode.app/Contents/Developer/Platforms/MacOSX.platform/Developer/SDKs/MacOSX26.1.sdk/System/Library/Frameworks/Foundation.framework/Headers/NSTimeZone.h
/Applications/Xcode.app/Contents/Developer/Platforms/MacOSX.platform/Developer/SDKs/MacOSX26.1.sdk/System/Library/Frameworks/Foundation.framework/Headers/NSTimer.h
/Applications/Xcode.app/Contents/Developer/Platforms/MacOSX.platform/Developer/SDKs/MacOSX26.1.sdk/System/Library/Frameworks/Foundation.framework/Headers/NSURLAuthenticationChallenge.h
/Applications/Xcode.app/Contents/Developer/Platforms/MacOSX.platform/Developer/SDKs/MacOSX26.1.sdk/System/Library/Frameworks/Foundation.framework/Headers/NSURLCache.h
/Applications/Xcode.app/Contents/Developer/Platforms/MacOSX.platform/Developer/SDKs/MacOSX26.1.sdk/System/Library/Frameworks/Foundation.framework/Headers/NSURLConnection.h
/Applications/Xcode.app/Contents/Developer/Platforms/MacOSX.platform/Developer/SDKs/MacOSX26.1.sdk/System/Library/Frameworks/Foundation.framework/Headers/NSURLCredential.h
/Applications/Xcode.app/Contents/Developer/Platforms/MacOSX.platform/Developer/SDKs/MacOSX26.1.sdk/System/Library/Frameworks/Security.framework/Modules/module.modulemap
/Applications/Xcode.app/Contents/Developer/Platforms/MacOSX.platform/Developer/SDKs/MacOSX26.1.sdk/System/Library/Frameworks/Foundation.framework/Headers/NSURLCredentialStorage.h
/Applications/Xcode.app/Contents/Developer/Platforms/MacOSX.platform/Developer/SDKs/MacOSX26.1.sdk/System/Library/Frameworks/Foundation.framework/Headers/NSURLProtectionSpace.h
/Applications/Xcode.app/Contents/Developer/Platforms/MacOSX.platform/Developer/SDKs/MacOSX26.1.sdk/System/Library/Frameworks/Foundation.framework/Headers/NSURLError.h
/Applications/Xcode.app/Contents/Developer/Platforms/MacOSX.platform/Developer/SDKs/MacOSX26.1.sdk/System/Library/Frameworks/CoreServices.framework/Modules/module.modulemap
/Applications/Xcode.app/Contents/Developer/Platforms/MacOSX.platform/Developer/SDKs/MacOSX26.1.sdk/System/Library/Frameworks/Foundation.framework/Headers/NSURLProtocol.h
/Applications/Xcode.app/Contents/Developer/Platforms/MacOSX.platform/Developer/SDKs/MacOSX26.1.sdk/System/Library/Frameworks/Foundation.framework/Headers/NSURLRequest.h
/Applications/Xcode.app/Contents/Developer/Platforms/MacOSX.platform/Developer/SDKs/MacOSX26.1.sdk/System/Library/Frameworks/Foundation.framework/Headers/NSURLResponse.h
/Applications/Xcode.app/Contents/Developer/Platforms/MacOSX.platform/Developer/SDKs/MacOSX26.1.sdk/System/Library/Frameworks/Foundation.framework/Headers/NSUserDefaults.h
/Applications/Xcode.app/Contents/Developer/Platforms/MacOSX.platform/Developer/SDKs/MacOSX26.1.sdk/System/Library/Frameworks/Foundation.framework/Headers/NSValueTransformer.h
/Applications/Xcode.app/Contents/Developer/Platforms/MacOSX.platform/Developer/SDKs/MacOSX26.1.sdk/System/Library/Frameworks/Foundation.framework/Headers/NSXMLParser.h
/Applications/Xcode.app/Contents/Developer/Platforms/MacOSX.platform/Developer/SDKs/MacOSX26.1.sdk/System/Library/Frameworks/Foundation.framework/Headers/NSXPCConnection.h
/Applications/Xcode.app/Contents/Developer/Platforms/MacOSX.platform/Developer/SDKs/MacOSX26.1.sdk/System/Library/Frameworks/Foundation.framework/Headers/FoundationErrors.h
/Applications/Xcode.app/Contents/Developer/Platforms/MacOSX.platform/Developer/SDKs/MacOSX26.1.sdk/System/Library/Frameworks/Foundation.framework/Headers/NSByteCountFormatter.h
/Applications/Xcode.app/Contents/Developer/Platforms/MacOSX.platform/Developer/SDKs/MacOSX26.1.sdk/System/Library/Frameworks/Foundation.framework/Headers/NSCache.h
/Applications/Xcode.app/Contents/Developer/Platforms/MacOSX.platform/Developer/SDKs/MacOSX26.1.sdk/System/Library/Frameworks/Foundation.framework/Headers/NSComparisonPredicate.h
/Applications/Xcode.app/Contents/Developer/Platforms/MacOSX.platform/Developer/SDKs/MacOSX26.1.sdk/System/Library/Frameworks/Foundation.framework/Headers/NSPredicate.h
/Applications/Xcode.app/Contents/Developer/Platforms/MacOSX.platform/Developer/SDKs/MacOSX26.1.sdk/System/Library/Frameworks/Foundation.framework/Headers/NSCompoundPredicate.h
/Applications/Xcode.app/Contents/Developer/Platforms/MacOSX.platform/Developer/SDKs/MacOSX26.1.sdk/System/Library/Frameworks/Foundation.framework/Headers/NSDateComponentsFormatter.h
/Applications/Xcode.app/Contents/Developer/Platforms/MacOSX.platform/Developer/SDKs/MacOSX26.1.sdk/System/Library/Frameworks/Foundation.framework/Headers/NSExpression.h
/Applications/Xcode.app/Contents/Developer/Platforms/MacOSX.platform/Developer/SDKs/MacOSX26.1.sdk/System/Library/Frameworks/Foundation.framework/Headers/NSExtensionContext.h
/Applications/Xcode.app/Contents/Developer/Platforms/MacOSX.platform/Developer/SDKs/MacOSX26.1.sdk/System/Library/Frameworks/Foundation.framework/Headers/NSExtensionItem.h
/Applications/Xcode.app/Contents/Developer/Platforms/MacOSX.platform/Developer/SDKs/MacOSX26.1.sdk/System/Library/Frameworks/Foundation.framework/Headers/NSExtensionRequestHandling.h
/Applications/Xcode.app/Contents/Developer/Platforms/MacOSX.platform/Developer/SDKs/MacOSX26.1.sdk/System/Library/Frameworks/Foundation.framework/Headers/NSFileCoordinator.h
/Applications/Xcode.app/Contents/Developer/Platforms/MacOSX.platform/Developer/SDKs/MacOSX26.1.sdk/System/Library/Frameworks/Foundation.framework/Headers/NSFilePresenter.h
/Applications/Xcode.app/Contents/Developer/Platforms/MacOSX.platform/Developer/SDKs/MacOSX26.1.sdk/System/Library/Frameworks/Foundation.framework/Headers/NSFileVersion.h
/Applications/Xcode.app/Contents/Developer/Platforms/MacOSX.platform/Developer/SDKs/MacOSX26.1.sdk/System/Library/Frameworks/Foundation.framework/Headers/NSFileWrapper.h
/Applications/Xcode.app/Contents/Developer/Platforms/MacOSX.platform/Developer/SDKs/MacOSX26.1.sdk/System/Library/Frameworks/Foundation.framework/Headers/NSLinguisticTagger.h
/Applications/Xcode.app/Contents/Developer/Platforms/MacOSX.platform/Developer/SDKs/MacOSX26.1.sdk/System/Library/Frameworks/Foundation.framework/Headers/NSMetadata.h
/Applications/Xcode.app/Contents/Developer/Platforms/MacOSX.platform/Developer/SDKs/MacOSX26.1.sdk/System/Library/Frameworks/Foundation.framework/Headers/NSMetadataAttributes.h
/Applications/Xcode.app/Contents/Developer/Platforms/MacOSX.platform/Developer/SDKs/MacOSX26.1.sdk/System/Library/Frameworks/Foundation.framework/Headers/NSNetServices.h
/Applications/Xcode.app/Contents/Developer/Platforms/MacOSX.platform/Developer/SDKs/MacOSX26.1.sdk/System/Library/Frameworks/Foundation.framework/Headers/NSUbiquitousKeyValueStore.h
/Applications/Xcode.app/Contents/Developer/Platforms/MacOSX.platform/Developer/SDKs/MacOSX26.1.sdk/System/Library/Frameworks/Foundation.framework/Headers/NSUndoManager.h
/Applications/Xcode.app/Contents/Developer/Platforms/MacOSX.platform/Developer/SDKs/MacOSX26.1.sdk/System/Library/Frameworks/Foundation.framework/Headers/NSURLSession.h
/Applications/Xcode.app/Contents/Developer/Platforms/MacOSX.platform/Developer/SDKs/MacOSX26.1.sdk/System/Library/Frameworks/Foundation.framework/Headers/NSUserActivity.h
/Applications/Xcode.app/Contents/Developer/Platforms/MacOSX.platform/Developer/SDKs/MacOSX26.1.sdk/System/Library/Frameworks/Foundation.framework/Headers/NSUUID.h
/Applications/Xcode.app/Contents/Developer/Platforms/MacOSX.platform/Developer/SDKs/MacOSX26.1.sdk/System/Library/Frameworks/Foundation.framework/Headers/NSAffineTransform.h
/Applications/Xcode.app/Contents/Developer/Platforms/MacOSX.platform/Developer/SDKs/MacOSX26.1.sdk/System/Library/Frameworks/Foundation.framework/Headers/NSAppleScript.h
/Applications/Xcode.app/Contents/Developer/Platforms/MacOSX.platform/Developer/SDKs/MacOSX26.1.sdk/System/Library/Frameworks/Foundation.framework/Headers/NSArchiver.h
/Applications/Xcode.app/Contents/Developer/Platforms/MacOSX.platform/Developer/SDKs/MacOSX26.1.sdk/System/Library/Frameworks/Foundation.framework/Headers/NSBackgroundActivityScheduler.h
/Applications/Xcode.app/Contents/Developer/Platforms/MacOSX.platform/Developer/SDKs/MacOSX26.1.sdk/System/Library/Frameworks/Foundation.framework/Headers/NSCalendarDate.h
/Applications/Xcode.app/Contents/Developer/Platforms/MacOSX.platform/Developer/SDKs/MacOSX26.1.sdk/System/Library/Frameworks/Foundation.framework/Headers/NSConnection.h
/Applications/Xcode.app/Contents/Developer/Platforms/MacOSX.platform/Developer/SDKs/MacOSX26.1.sdk/System/Library/Frameworks/Foundation.framework/Headers/NSDistantObject.h
/Applications/Xcode.app/Contents/Developer/Platforms/MacOSX.platform/Developer/SDKs/MacOSX26.1.sdk/System/Library/Frameworks/Foundation.framework/Headers/NSDistributedNotificationCenter.h
/Applications/Xcode.app/Contents/Developer/Platforms/MacOSX.platform/Developer/SDKs/MacOSX26.1.sdk/System/Library/Frameworks/Foundation.framework/Headers/NSPortCoder.h
/Applications/Xcode.app/Contents/Developer/Platforms/MacOSX.platform/Developer/SDKs/MacOSX26.1.sdk/System/Library/Frameworks/Foundation.framework/Headers/NSPortMessage.h
/Applications/Xcode.app/Contents/Developer/Platforms/MacOSX.platform/Developer/SDKs/MacOSX26.1.sdk/System/Library/Frameworks/Foundation.framework/Headers/NSPortNameServer.h
/Applications/Xcode.app/Contents/Developer/Platforms/MacOSX.platform/Developer/SDKs/MacOSX26.1.sdk/System/Library/Frameworks/Foundation.framework/Headers/NSProtocolChecker.h
/Applications/Xcode.app/Contents/Developer/Platforms/MacOSX.platform/Developer/SDKs/MacOSX26.1.sdk/System/Library/Frameworks/Foundation.framework/Headers/NSTask.h
/Applications/Xcode.app/Contents/Developer/Platforms/MacOSX.platform/Developer/SDKs/MacOSX26.1.sdk/System/Library/Frameworks/Foundation.framework/Headers/NSXMLDTD.h
/Applications/Xcode.app/Contents/Developer/Platforms/MacOSX.platform/Developer/SDKs/MacOSX26.1.sdk/System/Library/Frameworks/Foundation.framework/Headers/NSXMLNode.h
/Applications/Xcode.app/Contents/Developer/Platforms/MacOSX.platform/Developer/SDKs/MacOSX26.1.sdk/System/Library/Frameworks/Foundation.framework/Headers/NSXMLNodeOptions.h
/Applications/Xcode.app/Contents/Developer/Platforms/MacOSX.platform/Developer/SDKs/MacOSX26.1.sdk/System/Library/Frameworks/Foundation.framework/Headers/NSXMLDTDNode.h
/Applications/Xcode.app/Contents/Developer/Platforms/MacOSX.platform/Developer/SDKs/MacOSX26.1.sdk/System/Library/Frameworks/Foundation.framework/Headers/NSXMLDocument.h
/Applications/Xcode.app/Contents/Developer/Platforms/MacOSX.platform/Developer/SDKs/MacOSX26.1.sdk/System/Library/Frameworks/Foundation.framework/Headers/NSXMLElement.h
/Applications/Xcode.app/Contents/Developer/Platforms/MacOSX.platform/Developer/SDKs/MacOSX26.1.sdk/System/Library/Frameworks/Foundation.framework/Headers/NSURLDownload.h
/Applications/Xcode.app/Contents/Developer/Platforms/MacOSX.platform/Developer/SDKs/MacOSX26.1.sdk/System/Library/Frameworks/Foundation.framework/Headers/NSAppleEventDescriptor.h
/Applications/Xcode.app/Contents/Developer/Platforms/MacOSX.platform/Developer/SDKs/MacOSX26.1.sdk/System/Library/Frameworks/Foundation.framework/Headers/NSAppleEventManager.h
/Applications/Xcode.app/Contents/Developer/Platforms/MacOSX.platform/Developer/SDKs/MacOSX26.1.sdk/System/Library/Frameworks/Foundation.framework/Headers/NSClassDescription.h
/Applications/Xcode.app/Contents/Developer/Platforms/MacOSX.platform/Developer/SDKs/MacOSX26.1.sdk/System/Library/Frameworks/Foundation.framework/Headers/NSDistributedLock.h
/Applications/Xcode.app/Contents/Developer/Platforms/MacOSX.platform/Developer/SDKs/MacOSX26.1.sdk/System/Library/Frameworks/Foundation.framework/Headers/NSGarbageCollector.h
/Applications/Xcode.app/Contents/Developer/Platforms/MacOSX.platform/Developer/SDKs/MacOSX26.1.sdk/System/Library/Frameworks/Foundation.framework/Headers/NSHFSFileTypes.h
/Applications/Xcode.app/Contents/Developer/Platforms/MacOSX.platform/Developer/SDKs/MacOSX26.1.sdk/System/Library/Frameworks/Foundation.framework/Headers/NSHost.h
/Applications/Xcode.app/Contents/Developer/Platforms/MacOSX.platform/Developer/SDKs/MacOSX26.1.sdk/System/Library/Frameworks/Foundation.framework/Headers/NSObjectScripting.h
/Applications/Xcode.app/Contents/Developer/Platforms/MacOSX.platform/Developer/SDKs/MacOSX26.1.sdk/System/Library/Frameworks/Foundation.framework/Headers/NSScriptClassDescription.h
/Applications/Xcode.app/Contents/Developer/Platforms/MacOSX.platform/Developer/SDKs/MacOSX26.1.sdk/System/Library/Frameworks/Foundation.framework/Headers/NSScriptCoercionHandler.h
/Applications/Xcode.app/Contents/Developer/Platforms/MacOSX.platform/Developer/SDKs/MacOSX26.1.sdk/System/Library/Frameworks/Foundation.framework/Headers/NSScriptCommand.h
/Applications/Xcode.app/Contents/Developer/Platforms/MacOSX.platform/Developer/SDKs/MacOSX26.1.sdk/System/Library/Frameworks/Foundation.framework/Headers/NSScriptCommandDescription.h
/Applications/Xcode.app/Contents/Developer/Platforms/MacOSX.platform/Developer/SDKs/MacOSX26.1.sdk/System/Library/Frameworks/Foundation.framework/Headers/NSScriptExecutionContext.h
/Applications/Xcode.app/Contents/Developer/Platforms/MacOSX.platform/Developer/SDKs/MacOSX26.1.sdk/System/Library/Frameworks/Foundation.framework/Headers/NSScriptKeyValueCoding.h
/Applications/Xcode.app/Contents/Developer/Platforms/MacOSX.platform/Developer/SDKs/MacOSX26.1.sdk/System/Library/Frameworks/Foundation.framework/Headers/NSScriptObjectSpecifiers.h
/Applications/Xcode.app/Contents/Developer/Platforms/MacOSX.platform/Developer/SDKs/MacOSX26.1.sdk/System/Library/Frameworks/Foundation.framework/Headers/NSScriptStandardSuiteCommands.h
/Applications/Xcode.app/Contents/Developer/Platforms/MacOSX.platform/Developer/SDKs/MacOSX26.1.sdk/System/Library/Frameworks/Foundation.framework/Headers/NSScriptSuiteRegistry.h
/Applications/Xcode.app/Contents/Developer/Platforms/MacOSX.platform/Developer/SDKs/MacOSX26.1.sdk/System/Library/Frameworks/Foundation.framework/Headers/NSScriptWhoseTests.h
/Applications/Xcode.app/Contents/Developer/Platforms/MacOSX.platform/Developer/SDKs/MacOSX26.1.sdk/System/Library/Frameworks/Foundation.framework/Headers/NSSpellServer.h
/Applications/Xcode.app/Contents/Developer/Platforms/MacOSX.platform/Developer/SDKs/MacOSX26.1.sdk/System/Library/Frameworks/Foundation.framework/Headers/NSUserNotification.h
/Applications/Xcode.app/Contents/Developer/Platforms/MacOSX.platform/Developer/SDKs/MacOSX26.1.sdk/System/Library/Frameworks/Foundation.framework/Headers/NSUserScriptTask.h
/Applications/Xcode.app/Contents/Developer/Platforms/MacOSX.platform/Developer/SDKs/MacOSX26.1.sdk/System/Library/Frameworks/Foundation.framework/Headers/FoundationLegacySwiftCompatibility.h
/Applications/Xcode.app/Contents/Developer/Platforms/MacOSX.platform/Developer/SDKs/MacOSX26.1.sdk/System/Library/Frameworks/Foundation.framework/Headers/NSDebug.h
/Applications/Xcode.app/Contents/Developer/Platforms/MacOSX.platform/Developer/SDKs/MacOSX26.1.sdk/SDKSettings.json
/Applications/Xcode.app/Contents/Developer/Toolchains/XcodeDefault.xctoolchain/usr/lib/swift/macosx/prebuilt-modules/26.1/IOKit.swiftmodule/arm64e-apple-macos.swiftmodule
/Applications/Xcode.app/Contents/Developer/Platforms/MacOSX.platform/Developer/SDKs/MacOSX26.1.sdk/System/Library/Frameworks/IOKit.framework/Modules/module.modulemap
/Applications/Xcode.app/Contents/Developer/Platforms/MacOSX.platform/Developer/SDKs/MacOSX26.1.sdk/System/Library/Frameworks/IOKit.framework/Headers/IOReturn.h
/Applications/Xcode.app/Contents/Developer/Platforms/MacOSX.platform/Developer/SDKs/MacOSX26.1.sdk/usr/include/dispatch.modulemap
/Applications/Xcode.app/Contents/Developer/Platforms/MacOSX.platform/Developer/SDKs/MacOSX26.1.sdk/usr/include/libkern.modulemap
/Applications/Xcode.app/Contents/Developer/Platforms/MacOSX.platform/Developer/SDKs/MacOSX26.1.sdk/usr/include/Darwin.modulemap
/Applications/Xcode.app/Contents/Developer/Platforms/MacOSX.platform/Developer/SDKs/MacOSX26.1.sdk/usr/include/Darwin_C.modulemap
/Applications/Xcode.app/Contents/Developer/Platforms/MacOSX.platform/Developer/SDKs/MacOSX26.1.sdk/usr/include/Darwin_POSIX.modulemap
/Applications/Xcode.app/Contents/Developer/Platforms/MacOSX.platform/Developer/SDKs/MacOSX26.1.sdk/usr/include/net.modulemap
/Applications/Xcode.app/Contents/Developer/Platforms/MacOSX.platform/Developer/SDKs/MacOSX26.1.sdk/usr/include/netinet.modulemap
/Applications/Xcode.app/Contents/Developer/Platforms/MacOSX.platform/Developer/SDKs/MacOSX26.1.sdk/usr/include/bank.modulemap
/Applications/Xcode.app/Contents/Developer/Platforms/MacOSX.platform/Developer/SDKs/MacOSX26.1.sdk/usr/include/Darwin_Mach.modulemap
/Applications/Xcode.app/Contents/Developer/Platforms/MacOSX.platform/Developer/SDKs/MacOSX26.1.sdk/usr/include/Darwin_Mach_machine.modulemap
/Applications/Xcode.app/Contents/Developer/Platforms/MacOSX.platform/Developer/SDKs/MacOSX26.1.sdk/usr/include/mach_debug.modulemap
/Applications/Xcode.app/Contents/Developer/Platforms/MacOSX.platform/Developer/SDKs/MacOSX26.1.sdk/usr/include/device.modulemap
/Applications/Xcode.app/Contents/Developer/Platforms/MacOSX.platform/Developer/SDKs/MacOSX26.1.sdk/usr/include/Darwin_machine.modulemap
/Applications/Xcode.app/Contents/Developer/Platforms/MacOSX.platform/Developer/SDKs/MacOSX26.1.sdk/usr/include/ncurses.modulemap
/Applications/Xcode.app/Contents/Developer/Platforms/MacOSX.platform/Developer/SDKs/MacOSX26.1.sdk/usr/include/netinet6.modulemap
/Applications/Xcode.app/Contents/Developer/Platforms/MacOSX.platform/Developer/SDKs/MacOSX26.1.sdk/usr/include/Darwin_sys.modulemap
/Applications/Xcode.app/Contents/Developer/Platforms/MacOSX.platform/Developer/SDKs/MacOSX26.1.sdk/usr/include/uuid.modulemap
/Applications/Xcode.app/Contents/Developer/Platforms/MacOSX.platform/Developer/SDKs/MacOSX26.1.sdk/usr/include/DarwinFoundation2.modulemap
/Applications/Xcode.app/Contents/Developer/Platforms/MacOSX.platform/Developer/SDKs/MacOSX26.1.sdk/usr/include/DarwinFoundation1.modulemap
/Applications/Xcode.app/Contents/Developer/Platforms/MacOSX.platform/Developer/SDKs/MacOSX26.1.sdk/System/Library/Frameworks/IOKit.framework/Headers/IOMapTypes.h
/Applications/Xcode.app/Contents/Developer/Platforms/MacOSX.platform/Developer/SDKs/MacOSX26.1.sdk/System/Library/Frameworks/IOKit.framework/Headers/IOTypes.h
/Applications/Xcode.app/Contents/Developer/Toolchains/XcodeDefault.xctoolchain/usr/lib/swift/clang/include/module.modulemap
/Applications/Xcode.app/Contents/Developer/Platforms/MacOSX.platform/Developer/SDKs/MacOSX26.1.sdk/System/Library/Frameworks/IOKit.framework/Headers/IOKitKeys.h
/Applications/Xcode.app/Contents/Developer/Platforms/MacOSX.platform/Developer/SDKs/MacOSX26.1.sdk/System/Library/Frameworks/IOKit.framework/Headers/OSMessageNotification.h
/Applications/Xcode.app/Contents/Developer/Platforms/MacOSX.platform/Developer/SDKs/MacOSX26.1.sdk/System/Library/Frameworks/IOKit.framework/Headers/IOKitLib.h
/Applications/Xcode.app/Contents/Developer/Platforms/MacOSX.platform/Developer/SDKs/MacOSX26.1.sdk/System/Library/Frameworks/CoreFoundation.framework/Modules/module.modulemap
/Applications/Xcode.app/Contents/Developer/Platforms/MacOSX.platform/Developer/SDKs/MacOSX26.1.sdk/System/Library/Frameworks/IOKit.framework/Headers/IOBSD.h
/Applications/Xcode.app/Contents/Developer/Platforms/MacOSX.platform/Developer/SDKs/MacOSX26.1.sdk/System/Library/Frameworks/IOKit.framework/Headers/IODataQueueClient.h
/Applications/Xcode.app/Contents/Developer/Platforms/MacOSX.platform/Developer/SDKs/MacOSX26.1.sdk/System/Library/Frameworks/IOKit.framework/Headers/IODataQueueShared.h
/Applications/Xcode.app/Contents/Developer/Platforms/MacOSX.platform/Developer/SDKs/MacOSX26.1.sdk/System/Library/Frameworks/IOKit.framework/Headers/IOCFBundle.h
/Applications/Xcode.app/Contents/Developer/Platforms/MacOSX.platform/Developer/SDKs/MacOSX26.1.sdk/System/Library/Frameworks/IOKit.framework/Headers/IOSharedLock.h
/Applications/Xcode.app/Contents/Developer/Platforms/MacOSX.platform/Developer/SDKs/MacOSX26.1.sdk/System/Library/Frameworks/IOKit.framework/Headers/IOCFPlugIn.h
/Applications/Xcode.app/Contents/Developer/Platforms/MacOSX.platform/Developer/SDKs/MacOSX26.1.sdk/System/Library/Frameworks/IOKit.framework/Headers/IOCFSerialize.h
/Applications/Xcode.app/Contents/Developer/Platforms/MacOSX.platform/Developer/SDKs/MacOSX26.1.sdk/System/Library/Frameworks/IOKit.framework/Headers/IOCFURLAccess.h
/Applications/Xcode.app/Contents/Developer/Platforms/MacOSX.platform/Developer/SDKs/MacOSX26.1.sdk/System/Library/Frameworks/IOKit.framework/Headers/IOKitServer.h
/Applications/Xcode.app/Contents/Developer/Platforms/MacOSX.platform/Developer/SDKs/MacOSX26.1.sdk/System/Library/Frameworks/IOKit.framework/Headers/IOCFUnserialize.h
/Applications/Xcode.app/Contents/Developer/Platforms/MacOSX.platform/Developer/SDKs/MacOSX26.1.sdk/System/Library/Frameworks/IOKit.framework/Headers/IOMessage.h
/Applications/Xcode.app/Contents/Developer/Platforms/MacOSX.platform/Developer/SDKs/MacOSX26.1.sdk/System/Library/Frameworks/IOKit.framework/Headers/IORPC.h
/Applications/Xcode.app/Contents/Developer/Platforms/MacOSX.platform/Developer/SDKs/MacOSX26.1.sdk/System/Library/Frameworks/IOKit.framework/Headers/IOUserServer.h
/Applications/Xcode.app/Contents/Developer/Platforms/MacOSX.platform/Developer/SDKs/MacOSX26.1.sdk/System/Library/Frameworks/IOKit.framework/Headers/audio/IOAudioDefines.h
/Applications/Xcode.app/Contents/Developer/Platforms/MacOSX.platform/Developer/SDKs/MacOSX26.1.sdk/System/Library/Frameworks/IOKit.framework/Headers/audio/IOAudioLib.h
/Applications/Xcode.app/Contents/Developer/Platforms/MacOSX.platform/Developer/SDKs/MacOSX26.1.sdk/System/Library/Frameworks/IOKit.framework/Headers/audio/IOAudioTypes.h
/Applications/Xcode.app/Contents/Developer/Platforms/MacOSX.platform/Developer/SDKs/MacOSX26.1.sdk/System/Library/Frameworks/IOKit.framework/Headers/avc/IOFireWireAVCConsts.h
/Applications/Xcode.app/Contents/Developer/Platforms/MacOSX.platform/Developer/SDKs/MacOSX26.1.sdk/System/Library/Frameworks/IOKit.framework/Headers/avc/IOFireWireAVCLib.h
/Applications/Xcode.app/Contents/Developer/Platforms/MacOSX.platform/Developer/SDKs/MacOSX26.1.sdk/System/Library/Frameworks/IOKit.framework/Headers/firewire/IOFireWireFamilyCommon.h
/Applications/Xcode.app/Contents/Developer/Platforms/MacOSX.platform/Developer/SDKs/MacOSX26.1.sdk/System/Library/Frameworks/IOKit.framework/Headers/firewire/IOFireWireLib.h
/Applications/Xcode.app/Contents/Developer/Platforms/MacOSX.platform/Developer/SDKs/MacOSX26.1.sdk/System/Library/Frameworks/IOKit.framework/Headers/firewire/IOFireWireLibIsoch.h
/Applications/Xcode.app/Contents/Developer/Platforms/MacOSX.platform/Developer/SDKs/MacOSX26.1.sdk/System/Library/Frameworks/IOKit.framework/Headers/graphics/IOAccelClientConnect.h
/Applications/Xcode.app/Contents/Developer/Platforms/MacOSX.platform/Developer/SDKs/MacOSX26.1.sdk/System/Library/Frameworks/IOKit.framework/Headers/graphics/IOGraphicsInterface.h
/Applications/Xcode.app/Contents/Developer/Platforms/MacOSX.platform/Developer/SDKs/MacOSX26.1.sdk/System/Library/Frameworks/IOKit.framework/Headers/graphics/IOGraphicsInterfaceTypes.h
/Applications/Xcode.app/Contents/Developer/Platforms/MacOSX.platform/Developer/SDKs/MacOSX26.1.sdk/System/Library/Frameworks/IOKit.framework/Headers/graphics/IOAccelSurfaceConnect.h
/Applications/Xcode.app/Contents/Developer/Platforms/MacOSX.platform/Developer/SDKs/MacOSX26.1.sdk/System/Library/Frameworks/IOKit.framework/Headers/graphics/IOAccelTypes.h
/Applications/Xcode.app/Contents/Developer/Platforms/MacOSX.platform/Developer/SDKs/MacOSX26.1.sdk/System/Library/Frameworks/IOKit.framework/Headers/graphics/IOGraphicsLib.h
/Applications/Xcode.app/Contents/Developer/Platforms/MacOSX.platform/Developer/SDKs/MacOSX26.1.sdk/System/Library/Frameworks/IOKit.framework/Headers/graphics/IOFramebufferShared.h
/Applications/Xcode.app/Contents/Developer/Platforms/MacOSX.platform/Developer/SDKs/MacOSX26.1.sdk/System/Library/Frameworks/IOKit.framework/Headers/hidsystem/IOHIDTypes.h
/Applications/Xcode.app/Contents/Developer/Platforms/MacOSX.platform/Developer/SDKs/MacOSX26.1.sdk/System/Library/Frameworks/IOKit.framework/Headers/graphics/IOGraphicsTypes.h
/Applications/Xcode.app/Contents/Developer/Platforms/MacOSX.platform/Developer/SDKs/MacOSX26.1.sdk/System/Library/Frameworks/IOKit.framework/Headers/graphics/IOGraphicsEngine.h
/Applications/Xcode.app/Contents/Developer/Platforms/MacOSX.platform/Developer/SDKs/MacOSX26.1.sdk/System/Library/Frameworks/IOKit.framework/Headers/hid/IOHIDBase.h
/Applications/Xcode.app/Contents/Developer/Platforms/MacOSX.platform/Developer/SDKs/MacOSX26.1.sdk/System/Library/Frameworks/IOKit.framework/Headers/hid/IOHIDKeys.h
/Applications/Xcode.app/Contents/Developer/Platforms/MacOSX.platform/Developer/SDKs/MacOSX26.1.sdk/System/Library/Frameworks/IOKit.framework/Headers/hidsystem/IOHIDParameter.h
/Applications/Xcode.app/Contents/Developer/Platforms/MacOSX.platform/Developer/SDKs/MacOSX26.1.sdk/System/Library/Frameworks/IOKit.framework/Headers/hidsystem/IOLLEvent.h
/Applications/Xcode.app/Contents/Developer/Platforms/MacOSX.platform/Developer/SDKs/MacOSX26.1.sdk/System/Library/Frameworks/IOKit.framework/Headers/hid/IOHIDProperties.h
/Applications/Xcode.app/Contents/Developer/Platforms/MacOSX.platform/Developer/SDKs/MacOSX26.1.sdk/System/Library/Frameworks/IOKit.framework/Headers/hid/IOHIDEventServiceKeys.h
/Applications/Xcode.app/Contents/Developer/Platforms/MacOSX.platform/Developer/SDKs/MacOSX26.1.sdk/System/Library/Frameworks/IOKit.framework/Headers/hid/IOHIDDeviceTypes.h
/Applications/Xcode.app/Contents/Developer/Platforms/MacOSX.platform/Developer/SDKs/MacOSX26.1.sdk/System/Library/Frameworks/IOKit.framework/Headers/hid/IOHIDDeviceKeys.h
/Applications/Xcode.app/Contents/Developer/Platforms/MacOSX.platform/Developer/SDKs/MacOSX26.1.sdk/System/Library/Frameworks/IOKit.framework/Headers/hid/IOHIDQueue.h
/Applications/Xcode.app/Contents/Developer/Platforms/MacOSX.platform/Developer/SDKs/MacOSX26.1.sdk/System/Library/Frameworks/IOKit.framework/Headers/hid/IOHIDDevice.h
/Applications/Xcode.app/Contents/Developer/Platforms/MacOSX.platform/Developer/SDKs/MacOSX26.1.sdk/System/Library/Frameworks/IOKit.framework/Headers/hid/IOHIDLib.h
/Applications/Xcode.app/Contents/Developer/Platforms/MacOSX.platform/Developer/SDKs/MacOSX26.1.sdk/System/Library/Frameworks/IOKit.framework/Headers/hid/IOHIDElement.h
/Applications/Xcode.app/Contents/Developer/Platforms/MacOSX.platform/Developer/SDKs/MacOSX26.1.sdk/System/Library/Frameworks/IOKit.framework/Headers/hid/IOHIDLibObsolete.h
/Applications/Xcode.app/Contents/Developer/Platforms/MacOSX.platform/Developer/SDKs/MacOSX26.1.sdk/System/Library/Frameworks/IOKit.framework/Headers/hid/IOHIDManager.h
/Applications/Xcode.app/Contents/Developer/Platforms/MacOSX.platform/Developer/SDKs/MacOSX26.1.sdk/System/Library/Frameworks/IOKit.framework/Headers/hid/IOHIDUsageTables.h
/Applications/Xcode.app/Contents/Developer/Platforms/MacOSX.platform/Developer/SDKs/MacOSX26.1.sdk/System/Library/Frameworks/IOKit.framework/Headers/hid/IOHIDValue.h
/Applications/Xcode.app/Contents/Developer/Platforms/MacOSX.platform/Developer/SDKs/MacOSX26.1.sdk/System/Library/Frameworks/IOKit.framework/Headers/hid/IOHIDTransaction.h
/Applications/Xcode.app/Contents/Developer/Platforms/MacOSX.platform/Developer/SDKs/MacOSX26.1.sdk/System/Library/Frameworks/IOKit.framework/Headers/hid/IOHIDDevicePlugIn.h
/Applications/Xcode.app/Contents/Developer/Platforms/MacOSX.platform/Developer/SDKs/MacOSX26.1.sdk/System/Library/Frameworks/IOKit.framework/Headers/hid/IOHIDEventServiceTypes.h
/Applications/Xcode.app/Contents/Developer/Platforms/MacOSX.platform/Developer/SDKs/MacOSX26.1.sdk/System/Library/Frameworks/IOKit.framework/Headers/hidsystem/IOHIDLib.h
/Applications/Xcode.app/Contents/Developer/Platforms/MacOSX.platform/Developer/SDKs/MacOSX26.1.sdk/System/Library/Frameworks/IOKit.framework/Headers/hidsystem/IOHIDShared.h
/Applications/Xcode.app/Contents/Developer/Platforms/MacOSX.platform/Developer/SDKs/MacOSX26.1.sdk/System/Library/Frameworks/IOKit.framework/Headers/hidsystem/event_status_driver.h
/Applications/Xcode.app/Contents/Developer/Platforms/MacOSX.platform/Developer/SDKs/MacOSX26.1.sdk/System/Library/Frameworks/IOKit.framework/Headers/hidsystem/ev_keymap.h
/Applications/Xcode.app/Contents/Developer/Platforms/MacOSX.platform/Developer/SDKs/MacOSX26.1.sdk/System/Library/Frameworks/IOKit.framework/Headers/hidsystem/IOHIDEventSystemClient.h
/Applications/Xcode.app/Contents/Developer/Platforms/MacOSX.platform/Developer/SDKs/MacOSX26.1.sdk/System/Library/Frameworks/IOKit.framework/Headers/hidsystem/IOHIDServiceClient.h
/Applications/Xcode.app/Contents/Developer/Platforms/MacOSX.platform/Developer/SDKs/MacOSX26.1.sdk/System/Library/Frameworks/IOKit.framework/Headers/hidsystem/IOHIDUserDevice.h
/Applications/Xcode.app/Contents/Developer/Platforms/MacOSX.platform/Developer/SDKs/MacOSX26.1.sdk/System/Library/Frameworks/IOKit.framework/Headers/i2c/IOI2CInterface.h
/Applications/Xcode.app/Contents/Developer/Platforms/MacOSX.platform/Developer/SDKs/MacOSX26.1.sdk/System/Library/Frameworks/IOKit.framework/Headers/kext/KextManager.h
/Applications/Xcode.app/Contents/Developer/Platforms/MacOSX.platform/Developer/SDKs/MacOSX26.1.sdk/System/Library/Frameworks/IOKit.framework/Headers/network/IOEthernetController.h
/Applications/Xcode.app/Contents/Developer/Platforms/MacOSX.platform/Developer/SDKs/MacOSX26.1.sdk/System/Library/Frameworks/IOKit.framework/Headers/network/IONetworkController.h
/Applications/Xcode.app/Contents/Developer/Platforms/MacOSX.platform/Developer/SDKs/MacOSX26.1.sdk/System/Library/Frameworks/IOKit.framework/Headers/network/IONetworkData.h
/Applications/Xcode.app/Contents/Developer/Platforms/MacOSX.platform/Developer/SDKs/MacOSX26.1.sdk/System/Library/Frameworks/IOKit.framework/Headers/network/IONetworkStack.h
/Applications/Xcode.app/Contents/Developer/Platforms/MacOSX.platform/Developer/SDKs/MacOSX26.1.sdk/System/Library/Frameworks/IOKit.framework/Headers/network/IOEthernetInterface.h
/Applications/Xcode.app/Contents/Developer/Platforms/MacOSX.platform/Developer/SDKs/MacOSX26.1.sdk/System/Library/Frameworks/IOKit.framework/Headers/network/IONetworkInterface.h
/Applications/Xcode.app/Contents/Developer/Platforms/MacOSX.platform/Developer/SDKs/MacOSX26.1.sdk/System/Library/Frameworks/IOKit.framework/Headers/network/IONetworkStats.h
/Applications/Xcode.app/Contents/Developer/Platforms/MacOSX.platform/Developer/SDKs/MacOSX26.1.sdk/System/Library/Frameworks/IOKit.framework/Headers/network/IOEthernetStats.h
/Applications/Xcode.app/Contents/Developer/Platforms/MacOSX.platform/Developer/SDKs/MacOSX26.1.sdk/System/Library/Frameworks/IOKit.framework/Headers/network/IONetworkLib.h
/Applications/Xcode.app/Contents/Developer/Platforms/MacOSX.platform/Developer/SDKs/MacOSX26.1.sdk/System/Library/Frameworks/IOKit.framework/Headers/network/IONetworkMedium.h
/Applications/Xcode.app/Contents/Developer/Platforms/MacOSX.platform/Developer/SDKs/MacOSX26.1.sdk/System/Library/Frameworks/IOKit.framework/Headers/network/IONetworkUserClient.h
/Applications/Xcode.app/Contents/Developer/Platforms/MacOSX.platform/Developer/SDKs/MacOSX26.1.sdk/System/Library/Frameworks/IOKit.framework/Headers/ps/IOPSKeys.h
/Applications/Xcode.app/Contents/Developer/Platforms/MacOSX.platform/Developer/SDKs/MacOSX26.1.sdk/System/Library/Frameworks/IOKit.framework/Headers/ps/IOPowerSources.h
/Applications/Xcode.app/Contents/Developer/Platforms/MacOSX.platform/Developer/SDKs/MacOSX26.1.sdk/System/Library/Frameworks/IOKit.framework/Headers/ps/IOUPSPlugIn.h
/Applications/Xcode.app/Contents/Developer/Platforms/MacOSX.platform/Developer/SDKs/MacOSX26.1.sdk/System/Library/Frameworks/IOKit.framework/Headers/pwr_mgt/IOPM.h
/Applications/Xcode.app/Contents/Developer/Platforms/MacOSX.platform/Developer/SDKs/MacOSX26.1.sdk/System/Library/Frameworks/IOKit.framework/Headers/pwr_mgt/IOPMKeys.h
/Applications/Xcode.app/Contents/Developer/Platforms/MacOSX.platform/Developer/SDKs/MacOSX26.1.sdk/System/Library/Frameworks/IOKit.framework/Headers/pwr_mgt/IOPMLib.h
/Applications/Xcode.app/Contents/Developer/Platforms/MacOSX.platform/Developer/SDKs/MacOSX26.1.sdk/System/Library/Frameworks/IOKit.framework/Headers/pwr_mgt/IOPMLibDefs.h
/Applications/Xcode.app/Contents/Developer/Platforms/MacOSX.platform/Developer/SDKs/MacOSX26.1.sdk/System/Library/Frameworks/IOKit.framework/Headers/sbp2/IOFireWireSBP2Lib.h
/Applications/Xcode.app/Contents/Developer/Platforms/MacOSX.platform/Developer/SDKs/MacOSX26.1.sdk/System/Library/Frameworks/IOKit.framework/Headers/scsi/IOSCSIMultimediaCommandsDevice.h
/Applications/Xcode.app/Contents/Developer/Platforms/MacOSX.platform/Developer/SDKs/MacOSX26.1.sdk/System/Library/Frameworks/IOKit.framework/Headers/storage/IOStorageDeviceCharacteristics.h
/Applications/Xcode.app/Contents/Developer/Platforms/MacOSX.platform/Developer/SDKs/MacOSX26.1.sdk/System/Library/Frameworks/IOKit.framework/Headers/storage/IOStorageProtocolCharacteristics.h
/Applications/Xcode.app/Contents/Developer/Platforms/MacOSX.platform/Developer/SDKs/MacOSX26.1.sdk/System/Library/Frameworks/IOKit.framework/Headers/storage/IOStorageControllerCharacteristics.h
/Applications/Xcode.app/Contents/Developer/Platforms/MacOSX.platform/Developer/SDKs/MacOSX26.1.sdk/System/Library/Frameworks/IOKit.framework/Headers/scsi/SCSICmds_REQUEST_SENSE_Defs.h
/Applications/Xcode.app/Contents/Developer/Platforms/MacOSX.platform/Developer/SDKs/MacOSX26.1.sdk/System/Library/Frameworks/IOKit.framework/Headers/scsi/SCSICmds_INQUIRY_Definitions.h
/Applications/Xcode.app/Contents/Developer/Platforms/MacOSX.platform/Developer/SDKs/MacOSX26.1.sdk/System/Library/Frameworks/IOKit.framework/Headers/scsi/SCSICommandDefinitions.h
/Applications/Xcode.app/Contents/Developer/Platforms/MacOSX.platform/Developer/SDKs/MacOSX26.1.sdk/System/Library/Frameworks/IOKit.framework/Headers/scsi/SCSICmds_MODE_Definitions.h
/Applications/Xcode.app/Contents/Developer/Platforms/MacOSX.platform/Developer/SDKs/MacOSX26.1.sdk/System/Library/Frameworks/IOKit.framework/Headers/scsi/SCSICommandOperationCodes.h
/Applications/Xcode.app/Contents/Developer/Platforms/MacOSX.platform/Developer/SDKs/MacOSX26.1.sdk/System/Library/Frameworks/IOKit.framework/Headers/scsi/SCSICmds_READ_CAPACITY_Definitions.h
/Applications/Xcode.app/Contents/Developer/Platforms/MacOSX.platform/Developer/SDKs/MacOSX26.1.sdk/System/Library/Frameworks/IOKit.framework/Headers/scsi/SCSITask.h
/Applications/Xcode.app/Contents/Developer/Platforms/MacOSX.platform/Developer/SDKs/MacOSX26.1.sdk/System/Library/Frameworks/IOKit.framework/Headers/scsi/SCSICmds_REPORT_LUNS_Definitions.h
/Applications/Xcode.app/Contents/Developer/Platforms/MacOSX.platform/Developer/SDKs/MacOSX26.1.sdk/System/Library/Frameworks/IOKit.framework/Headers/scsi/SCSITaskLib.h
/Applications/Xcode.app/Contents/Developer/Platforms/MacOSX.platform/Developer/SDKs/MacOSX26.1.sdk/System/Library/Frameworks/IOKit.framework/Headers/serial/IOSerialKeys.h
/Applications/Xcode.app/Contents/Developer/Platforms/MacOSX.platform/Developer/SDKs/MacOSX26.1.sdk/System/Library/Frameworks/IOKit.framework/Headers/serial/ioss.h
/Applications/Xcode.app/Contents/Developer/Platforms/MacOSX.platform/Developer/SDKs/MacOSX26.1.sdk/System/Library/Frameworks/IOKit.framework/Headers/storage/IOAppleLabelScheme.h
/Applications/Xcode.app/Contents/Developer/Platforms/MacOSX.platform/Developer/SDKs/MacOSX26.1.sdk/System/Library/Frameworks/IOKit.framework/Headers/storage/IODVDMediaBSDClient.h
/Applications/Xcode.app/Contents/Developer/Platforms/MacOSX.platform/Developer/SDKs/MacOSX26.1.sdk/System/Library/Frameworks/IOKit.framework/Headers/storage/IODVDTypes.h
/Applications/Xcode.app/Contents/Developer/Platforms/MacOSX.platform/Developer/SDKs/MacOSX26.1.sdk/System/Library/Frameworks/IOKit.framework/Headers/storage/IOApplePartitionScheme.h
/Applications/Xcode.app/Contents/Developer/Platforms/MacOSX.platform/Developer/SDKs/MacOSX26.1.sdk/System/Library/Frameworks/IOKit.framework/Headers/storage/IOBDBlockStorageDevice.h
/Applications/Xcode.app/Contents/Developer/Platforms/MacOSX.platform/Developer/SDKs/MacOSX26.1.sdk/System/Library/Frameworks/IOKit.framework/Headers/storage/IOBDTypes.h
/Applications/Xcode.app/Contents/Developer/Platforms/MacOSX.platform/Developer/SDKs/MacOSX26.1.sdk/System/Library/Frameworks/IOKit.framework/Headers/storage/IOFDiskPartitionScheme.h
/Applications/Xcode.app/Contents/Developer/Platforms/MacOSX.platform/Developer/SDKs/MacOSX26.1.sdk/System/Library/Frameworks/IOKit.framework/Headers/storage/IOBDMedia.h
/Applications/Xcode.app/Contents/Developer/Platforms/MacOSX.platform/Developer/SDKs/MacOSX26.1.sdk/System/Library/Frameworks/IOKit.framework/Headers/storage/IOFilterScheme.h
/Applications/Xcode.app/Contents/Developer/Platforms/MacOSX.platform/Developer/SDKs/MacOSX26.1.sdk/System/Library/Frameworks/IOKit.framework/Headers/storage/IOBDMediaBSDClient.h
/Applications/Xcode.app/Contents/Developer/Platforms/MacOSX.platform/Developer/SDKs/MacOSX26.1.sdk/System/Library/Frameworks/IOKit.framework/Headers/storage/IOFireWireStorageCharacteristics.h
/Applications/Xcode.app/Contents/Developer/Platforms/MacOSX.platform/Developer/SDKs/MacOSX26.1.sdk/System/Library/Frameworks/IOKit.framework/Headers/storage/IOGUIDPartitionScheme.h
/Applications/Xcode.app/Contents/Developer/Platforms/MacOSX.platform/Developer/SDKs/MacOSX26.1.sdk/System/Library/Frameworks/IOKit.framework/Headers/storage/IOBlockStorageDevice.h
/Applications/Xcode.app/Contents/Developer/Platforms/MacOSX.platform/Developer/SDKs/MacOSX26.1.sdk/System/Library/Frameworks/IOKit.framework/Headers/storage/IOMedia.h
/Applications/Xcode.app/Contents/Developer/Platforms/MacOSX.platform/Developer/SDKs/MacOSX26.1.sdk/System/Library/Frameworks/IOKit.framework/Headers/storage/IOBlockStorageDriver.h
/Applications/Xcode.app/Contents/Developer/Platforms/MacOSX.platform/Developer/SDKs/MacOSX26.1.sdk/System/Library/Frameworks/IOKit.framework/Headers/storage/IOMediaBSDClient.h
/Applications/Xcode.app/Contents/Developer/Platforms/MacOSX.platform/Developer/SDKs/MacOSX26.1.sdk/System/Library/Frameworks/IOKit.framework/Headers/storage/IOCDBlockStorageDevice.h
/Applications/Xcode.app/Contents/Developer/Platforms/MacOSX.platform/Developer/SDKs/MacOSX26.1.sdk/System/Library/Frameworks/IOKit.framework/Headers/storage/IOCDTypes.h
/Applications/Xcode.app/Contents/Developer/Platforms/MacOSX.platform/Developer/SDKs/MacOSX26.1.sdk/System/Library/Frameworks/IOKit.framework/Headers/storage/IOPartitionScheme.h
/Applications/Xcode.app/Contents/Developer/Platforms/MacOSX.platform/Developer/SDKs/MacOSX26.1.sdk/System/Library/Frameworks/IOKit.framework/Headers/storage/IOCDMedia.h
/Applications/Xcode.app/Contents/Developer/Platforms/MacOSX.platform/Developer/SDKs/MacOSX26.1.sdk/System/Library/Frameworks/IOKit.framework/Headers/storage/IOStorage.h
/Applications/Xcode.app/Contents/Developer/Platforms/MacOSX.platform/Developer/SDKs/MacOSX26.1.sdk/System/Library/Frameworks/IOKit.framework/Headers/storage/IOCDMediaBSDClient.h
/Applications/Xcode.app/Contents/Developer/Platforms/MacOSX.platform/Developer/SDKs/MacOSX26.1.sdk/System/Library/Frameworks/IOKit.framework/Headers/storage/IOStorageCardCharacteristics.h
/Applications/Xcode.app/Contents/Developer/Platforms/MacOSX.platform/Developer/SDKs/MacOSX26.1.sdk/System/Library/Frameworks/IOKit.framework/Headers/storage/IOCDPartitionScheme.h
/Applications/Xcode.app/Contents/Developer/Platforms/MacOSX.platform/Developer/SDKs/MacOSX26.1.sdk/System/Library/Frameworks/IOKit.framework/Headers/storage/IODVDBlockStorageDevice.h
/Applications/Xcode.app/Contents/Developer/Platforms/MacOSX.platform/Developer/SDKs/MacOSX26.1.sdk/System/Library/Frameworks/IOKit.framework/Headers/storage/IODVDMedia.h
/Applications/Xcode.app/Contents/Developer/Platforms/MacOSX.platform/Developer/SDKs/MacOSX26.1.sdk/System/Library/Frameworks/IOKit.framework/Headers/storage/ata/ATASMARTLib.h
/Applications/Xcode.app/Contents/Developer/Platforms/MacOSX.platform/Developer/SDKs/MacOSX26.1.sdk/System/Library/Frameworks/IOKit.framework/Headers/storage/ata/IOATAStorageDefines.h
/Applications/Xcode.app/Contents/Developer/Platforms/MacOSX.platform/Developer/SDKs/MacOSX26.1.sdk/System/Library/Frameworks/IOKit.framework/Headers/stream/IOStreamLib.h
/Applications/Xcode.app/Contents/Developer/Platforms/MacOSX.platform/Developer/SDKs/MacOSX26.1.sdk/System/Library/Frameworks/IOKit.framework/Headers/stream/IOStreamShared.h
/Applications/Xcode.app/Contents/Developer/Platforms/MacOSX.platform/Developer/SDKs/MacOSX26.1.sdk/System/Library/Frameworks/IOKit.framework/Headers/usb/AppleUSBDefinitions.h
/Applications/Xcode.app/Contents/Developer/Platforms/MacOSX.platform/Developer/SDKs/MacOSX26.1.sdk/System/Library/Frameworks/IOKit.framework/Headers/usb/IOUSBHostFamilyDefinitions.h
/Applications/Xcode.app/Contents/Developer/Platforms/MacOSX.platform/Developer/SDKs/MacOSX26.1.sdk/System/Library/Frameworks/IOKit.framework/Headers/usb/IOUSBLib.h
/Applications/Xcode.app/Contents/Developer/Platforms/MacOSX.platform/Developer/SDKs/MacOSX26.1.sdk/System/Library/Frameworks/IOKit.framework/Headers/usb/USB.h
/Applications/Xcode.app/Contents/Developer/Platforms/MacOSX.platform/Developer/SDKs/MacOSX26.1.sdk/System/Library/Frameworks/IOKit.framework/Headers/usb/USBSpec.h
/Applications/Xcode.app/Contents/Developer/Platforms/MacOSX.platform/Developer/SDKs/MacOSX26.1.sdk/SDKSettings.json
/Applications/Xcode.app/Contents/Developer/Platforms/MacOSX.platform/Developer/SDKs/MacOSX26.1.sdk/System/Library/Frameworks/JavaScriptCore.framework/Modules/module.modulemap
/Applications/Xcode.app/Contents/Developer/Platforms/MacOSX.platform/Developer/SDKs/MacOSX26.1.sdk/System/Library/Frameworks/JavaScriptCore.framework/Headers/JavaScriptCore.h
/Applications/Xcode.app/Contents/Developer/Platforms/MacOSX.platform/Developer/SDKs/MacOSX26.1.sdk/System/Library/Frameworks/JavaScriptCore.framework/Headers/JavaScript.h
/Applications/Xcode.app/Contents/Developer/Platforms/MacOSX.platform/Developer/SDKs/MacOSX26.1.sdk/System/Library/Frameworks/JavaScriptCore.framework/Headers/JSBase.h
/Applications/Xcode.app/Contents/Developer/Toolchains/XcodeDefault.xctoolchain/usr/lib/swift/clang/include/module.modulemap
/Applications/Xcode.app/Contents/Developer/Platforms/MacOSX.platform/Developer/SDKs/MacOSX26.1.sdk/System/Library/Frameworks/Foundation.framework/Modules/module.modulemap
/Applications/Xcode.app/Contents/Developer/Platforms/MacOSX.platform/Developer/SDKs/MacOSX26.1.sdk/System/Library/Frameworks/JavaScriptCore.framework/Headers/JSContextRef.h
/Applications/Xcode.app/Contents/Developer/Platforms/MacOSX.platform/Developer/SDKs/MacOSX26.1.sdk/System/Library/Frameworks/JavaScriptCore.framework/Headers/JSObjectRef.h
/Applications/Xcode.app/Contents/Developer/Platforms/MacOSX.platform/Developer/SDKs/MacOSX26.1.sdk/System/Library/Frameworks/JavaScriptCore.framework/Headers/JSValueRef.h
/Applications/Xcode.app/Contents/Developer/Platforms/MacOSX.platform/Developer/SDKs/MacOSX26.1.sdk/System/Library/Frameworks/JavaScriptCore.framework/Headers/WebKitAvailability.h
/Applications/Xcode.app/Contents/Developer/Platforms/MacOSX.platform/Developer/SDKs/MacOSX26.1.sdk/usr/include/DarwinFoundation1.modulemap
/Applications/Xcode.app/Contents/Developer/Platforms/MacOSX.platform/Developer/SDKs/MacOSX26.1.sdk/System/Library/Frameworks/CoreFoundation.framework/Modules/module.modulemap
/Applications/Xcode.app/Contents/Developer/Toolchains/XcodeDefault.xctoolchain/usr/lib/swift/clang/include/stddef.h
/Applications/Xcode.app/Contents/Developer/Platforms/MacOSX.platform/Developer/SDKs/MacOSX26.1.sdk/System/Library/Frameworks/JavaScriptCore.framework/Headers/JSStringRef.h
/Applications/Xcode.app/Contents/Developer/Platforms/MacOSX.platform/Developer/SDKs/MacOSX26.1.sdk/System/Library/Frameworks/JavaScriptCore.framework/Headers/JSTypedArray.h
/Applications/Xcode.app/Contents/Developer/Platforms/MacOSX.platform/Developer/SDKs/MacOSX26.1.sdk/System/Library/Frameworks/JavaScriptCore.framework/Headers/JSStringRefCF.h
/Applications/Xcode.app/Contents/Developer/Platforms/MacOSX.platform/Developer/SDKs/MacOSX26.1.sdk/System/Library/Frameworks/JavaScriptCore.framework/Headers/JSContext.h
/Applications/Xcode.app/Contents/Developer/Platforms/MacOSX.platform/Developer/SDKs/MacOSX26.1.sdk/System/Library/Frameworks/JavaScriptCore.framework/Headers/JSValue.h
/Applications/Xcode.app/Contents/Developer/Platforms/MacOSX.platform/Developer/SDKs/MacOSX26.1.sdk/System/Library/Frameworks/CoreGraphics.framework/Modules/module.modulemap
/Applications/Xcode.app/Contents/Developer/Platforms/MacOSX.platform/Developer/SDKs/MacOSX26.1.sdk/System/Library/Frameworks/JavaScriptCore.framework/Headers/JSManagedValue.h
/Applications/Xcode.app/Contents/Developer/Platforms/MacOSX.platform/Developer/SDKs/MacOSX26.1.sdk/System/Library/Frameworks/JavaScriptCore.framework/Headers/JSVirtualMachine.h
/Applications/Xcode.app/Contents/Developer/Platforms/MacOSX.platform/Developer/SDKs/MacOSX26.1.sdk/System/Library/Frameworks/JavaScriptCore.framework/Headers/JSExport.h
/Applications/Xcode.app/Contents/Developer/Platforms/MacOSX.platform/Developer/SDKs/MacOSX26.1.sdk/SDKSettings.json
/Applications/Xcode.app/Contents/Developer/Platforms/MacOSX.platform/Developer/SDKs/MacOSX26.1.sdk/usr/include/DarwinBasic.modulemap
/Applications/Xcode.app/Contents/Developer/Platforms/MacOSX.platform/Developer/SDKs/MacOSX26.1.sdk/usr/include/Darwin.modulemap
/Applications/Xcode.app/Contents/Developer/Platforms/MacOSX.platform/Developer/SDKs/MacOSX26.1.sdk/usr/include/Darwin_C.modulemap
/Applications/Xcode.app/Contents/Developer/Platforms/MacOSX.platform/Developer/SDKs/MacOSX26.1.sdk/usr/include/Darwin_POSIX.modulemap
/Applications/Xcode.app/Contents/Developer/Platforms/MacOSX.platform/Developer/SDKs/MacOSX26.1.sdk/usr/include/net.modulemap
/Applications/Xcode.app/Contents/Developer/Platforms/MacOSX.platform/Developer/SDKs/MacOSX26.1.sdk/usr/include/netinet.modulemap
/Applications/Xcode.app/Contents/Developer/Platforms/MacOSX.platform/Developer/SDKs/MacOSX26.1.sdk/usr/include/bank.modulemap
/Applications/Xcode.app/Contents/Developer/Platforms/MacOSX.platform/Developer/SDKs/MacOSX26.1.sdk/usr/include/Darwin_Mach.modulemap
/Applications/Xcode.app/Contents/Developer/Platforms/MacOSX.platform/Developer/SDKs/MacOSX26.1.sdk/usr/include/Darwin_Mach_machine.modulemap
/Applications/Xcode.app/Contents/Developer/Platforms/MacOSX.platform/Developer/SDKs/MacOSX26.1.sdk/usr/include/mach_debug.modulemap
/Applications/Xcode.app/Contents/Developer/Platforms/MacOSX.platform/Developer/SDKs/MacOSX26.1.sdk/usr/include/device.modulemap
/Applications/Xcode.app/Contents/Developer/Platforms/MacOSX.platform/Developer/SDKs/MacOSX26.1.sdk/usr/include/Darwin_machine.modulemap
/Applications/Xcode.app/Contents/Developer/Platforms/MacOSX.platform/Developer/SDKs/MacOSX26.1.sdk/usr/include/ncurses.modulemap
/Applications/Xcode.app/Contents/Developer/Platforms/MacOSX.platform/Developer/SDKs/MacOSX26.1.sdk/usr/include/netinet6.modulemap
/Applications/Xcode.app/Contents/Developer/Platforms/MacOSX.platform/Developer/SDKs/MacOSX26.1.sdk/usr/include/Darwin_sys.modulemap
/Applications/Xcode.app/Contents/Developer/Platforms/MacOSX.platform/Developer/SDKs/MacOSX26.1.sdk/usr/include/uuid.modulemap
/Applications/Xcode.app/Contents/Developer/Platforms/MacOSX.platform/Developer/SDKs/MacOSX26.1.sdk/usr/include/DarwinFoundation2.modulemap
/Applications/Xcode.app/Contents/Developer/Platforms/MacOSX.platform/Developer/SDKs/MacOSX26.1.sdk/usr/include/DarwinFoundation3.modulemap
/Applications/Xcode.app/Contents/Developer/Platforms/MacOSX.platform/Developer/SDKs/MacOSX26.1.sdk/usr/include/DarwinFoundation1.modulemap
/Applications/Xcode.app/Contents/Developer/Platforms/MacOSX.platform/Developer/SDKs/MacOSX26.1.sdk/usr/include/mach-o/arch.h
/Applications/Xcode.app/Contents/Developer/Toolchains/XcodeDefault.xctoolchain/usr/lib/swift/clang/include/module.modulemap
/Applications/Xcode.app/Contents/Developer/Platforms/MacOSX.platform/Developer/SDKs/MacOSX26.1.sdk/usr/include/mach-o/arm/reloc.h
/Applications/Xcode.app/Contents/Developer/Platforms/MacOSX.platform/Developer/SDKs/MacOSX26.1.sdk/usr/include/mach-o/arm64/reloc.h
/Applications/Xcode.app/Contents/Developer/Platforms/MacOSX.platform/Developer/SDKs/MacOSX26.1.sdk/usr/include/mach-o/compact_unwind_encoding.h
/Applications/Xcode.app/Contents/Developer/Platforms/MacOSX.platform/Developer/SDKs/MacOSX26.1.sdk/usr/include/mach-o/dyld.h
/Applications/Xcode.app/Contents/Developer/Toolchains/XcodeDefault.xctoolchain/usr/lib/swift/clang/include/stddef.h
/Applications/Xcode.app/Contents/Developer/Platforms/MacOSX.platform/Developer/SDKs/MacOSX26.1.sdk/usr/include/mach-o/loader.h
/Applications/Xcode.app/Contents/Developer/Platforms/MacOSX.platform/Developer/SDKs/MacOSX26.1.sdk/usr/include/mach-o/dyld_images.h
/Applications/Xcode.app/Contents/Developer/Platforms/MacOSX.platform/Developer/SDKs/MacOSX26.1.sdk/usr/include/mach-o/fat.h
/Applications/Xcode.app/Contents/Developer/Platforms/MacOSX.platform/Developer/SDKs/MacOSX26.1.sdk/usr/include/mach-o/fixup-chains.h
/Applications/Xcode.app/Contents/Developer/Platforms/MacOSX.platform/Developer/SDKs/MacOSX26.1.sdk/usr/include/mach-o/getsect.h
/Applications/Xcode.app/Contents/Developer/Platforms/MacOSX.platform/Developer/SDKs/MacOSX26.1.sdk/usr/include/mach-o/ldsyms.h
/Applications/Xcode.app/Contents/Developer/Platforms/MacOSX.platform/Developer/SDKs/MacOSX26.1.sdk/usr/include/mach-o/nlist.h
/Applications/Xcode.app/Contents/Developer/Platforms/MacOSX.platform/Developer/SDKs/MacOSX26.1.sdk/usr/include/mach-o/ranlib.h
/Applications/Xcode.app/Contents/Developer/Platforms/MacOSX.platform/Developer/SDKs/MacOSX26.1.sdk/usr/include/mach-o/reloc.h
/Applications/Xcode.app/Contents/Developer/Platforms/MacOSX.platform/Developer/SDKs/MacOSX26.1.sdk/usr/include/mach-o/stab.h
/Applications/Xcode.app/Contents/Developer/Platforms/MacOSX.platform/Developer/SDKs/MacOSX26.1.sdk/usr/include/mach-o/swap.h
/Applications/Xcode.app/Contents/Developer/Platforms/MacOSX.platform/Developer/SDKs/MacOSX26.1.sdk/usr/include/mach-o/utils.h
/Applications/Xcode.app/Contents/Developer/Platforms/MacOSX.platform/Developer/SDKs/MacOSX26.1.sdk/usr/include/mach-o/x86_64/reloc.h
/Applications/Xcode.app/Contents/Developer/Platforms/MacOSX.platform/Developer/SDKs/MacOSX26.1.sdk/SDKSettings.json
/Applications/Xcode.app/Contents/Developer/Toolchains/XcodeDefault.xctoolchain/usr/lib/swift/macosx/prebuilt-modules/26.1/ObjectiveC.swiftmodule/arm64e-apple-macos.swiftmodule
/Applications/Xcode.app/Contents/Developer/Platforms/MacOSX.platform/Developer/SDKs/MacOSX26.1.sdk/usr/include/ObjectiveC.apinotes
/Applications/Xcode.app/Contents/Developer/Platforms/MacOSX.platform/Developer/SDKs/MacOSX26.1.sdk/usr/include/DarwinBasic.modulemap
/Applications/Xcode.app/Contents/Developer/Platforms/MacOSX.platform/Developer/SDKs/MacOSX26.1.sdk/usr/include/ObjectiveC.modulemap
/Applications/Xcode.app/Contents/Developer/Platforms/MacOSX.platform/Developer/SDKs/MacOSX26.1.sdk/usr/include/Darwin.modulemap
/Applications/Xcode.app/Contents/Developer/Platforms/MacOSX.platform/Developer/SDKs/MacOSX26.1.sdk/usr/include/Darwin_C.modulemap
/Applications/Xcode.app/Contents/Developer/Platforms/MacOSX.platform/Developer/SDKs/MacOSX26.1.sdk/usr/include/Darwin_POSIX.modulemap
/Applications/Xcode.app/Contents/Developer/Platforms/MacOSX.platform/Developer/SDKs/MacOSX26.1.sdk/usr/include/net.modulemap
/Applications/Xcode.app/Contents/Developer/Platforms/MacOSX.platform/Developer/SDKs/MacOSX26.1.sdk/usr/include/netinet.modulemap
/Applications/Xcode.app/Contents/Developer/Platforms/MacOSX.platform/Developer/SDKs/MacOSX26.1.sdk/usr/include/bank.modulemap
/Applications/Xcode.app/Contents/Developer/Platforms/MacOSX.platform/Developer/SDKs/MacOSX26.1.sdk/usr/include/Darwin_Mach.modulemap
/Applications/Xcode.app/Contents/Developer/Platforms/MacOSX.platform/Developer/SDKs/MacOSX26.1.sdk/usr/include/Darwin_Mach_machine.modulemap
/Applications/Xcode.app/Contents/Developer/Platforms/MacOSX.platform/Developer/SDKs/MacOSX26.1.sdk/usr/include/mach_debug.modulemap
/Applications/Xcode.app/Contents/Developer/Platforms/MacOSX.platform/Developer/SDKs/MacOSX26.1.sdk/usr/include/device.modulemap
/Applications/Xcode.app/Contents/Developer/Platforms/MacOSX.platform/Developer/SDKs/MacOSX26.1.sdk/usr/include/Darwin_machine.modulemap
/Applications/Xcode.app/Contents/Developer/Platforms/MacOSX.platform/Developer/SDKs/MacOSX26.1.sdk/usr/include/ncurses.modulemap
/Applications/Xcode.app/Contents/Developer/Platforms/MacOSX.platform/Developer/SDKs/MacOSX26.1.sdk/usr/include/netinet6.modulemap
/Applications/Xcode.app/Contents/Developer/Platforms/MacOSX.platform/Developer/SDKs/MacOSX26.1.sdk/usr/include/Darwin_sys.modulemap
/Applications/Xcode.app/Contents/Developer/Platforms/MacOSX.platform/Developer/SDKs/MacOSX26.1.sdk/usr/include/uuid.modulemap
/Applications/Xcode.app/Contents/Developer/Platforms/MacOSX.platform/Developer/SDKs/MacOSX26.1.sdk/usr/include/DarwinFoundation2.modulemap
/Applications/Xcode.app/Contents/Developer/Platforms/MacOSX.platform/Developer/SDKs/MacOSX26.1.sdk/usr/include/DarwinFoundation3.modulemap
/Applications/Xcode.app/Contents/Developer/Platforms/MacOSX.platform/Developer/SDKs/MacOSX26.1.sdk/usr/include/DarwinFoundation1.modulemap
/Applications/Xcode.app/Contents/Developer/Platforms/MacOSX.platform/Developer/SDKs/MacOSX26.1.sdk/usr/include/objc/List.h
/Applications/Xcode.app/Contents/Developer/Platforms/MacOSX.platform/Developer/SDKs/MacOSX26.1.sdk/usr/include/objc/NSObjCRuntime.h
/Applications/Xcode.app/Contents/Developer/Toolchains/XcodeDefault.xctoolchain/usr/lib/swift/clang/include/module.modulemap
/Applications/Xcode.app/Contents/Developer/Platforms/MacOSX.platform/Developer/SDKs/MacOSX26.1.sdk/usr/include/objc/objc.h
/Applications/Xcode.app/Contents/Developer/Platforms/MacOSX.platform/Developer/SDKs/MacOSX26.1.sdk/usr/include/stdlib.h
/Applications/Xcode.app/Contents/Developer/Platforms/MacOSX.platform/Developer/SDKs/MacOSX26.1.sdk/usr/include/objc/objc-api.h
/Applications/Xcode.app/Contents/Developer/Toolchains/XcodeDefault.xctoolchain/usr/lib/swift/clang/include/stddef.h
/Applications/Xcode.app/Contents/Developer/Platforms/MacOSX.platform/Developer/SDKs/MacOSX26.1.sdk/usr/include/objc/NSObject.h
/Applications/Xcode.app/Contents/Developer/Platforms/MacOSX.platform/Developer/SDKs/MacOSX26.1.sdk/usr/include/objc/Object.h
/Applications/Xcode.app/Contents/Developer/Toolchains/XcodeDefault.xctoolchain/usr/lib/swift/clang/include/stdarg.h
/Applications/Xcode.app/Contents/Developer/Platforms/MacOSX.platform/Developer/SDKs/MacOSX26.1.sdk/usr/include/objc/objc-runtime.h
/Applications/Xcode.app/Contents/Developer/Platforms/MacOSX.platform/Developer/SDKs/MacOSX26.1.sdk/usr/include/objc/runtime.h
/Applications/Xcode.app/Contents/Developer/Platforms/MacOSX.platform/Developer/SDKs/MacOSX26.1.sdk/usr/include/objc/message.h
/Applications/Xcode.app/Contents/Developer/Platforms/MacOSX.platform/Developer/SDKs/MacOSX26.1.sdk/usr/include/objc/Protocol.h
/Applications/Xcode.app/Contents/Developer/Platforms/MacOSX.platform/Developer/SDKs/MacOSX26.1.sdk/usr/include/objc/hashtable.h
/Applications/Xcode.app/Contents/Developer/Platforms/MacOSX.platform/Developer/SDKs/MacOSX26.1.sdk/usr/include/objc/hashtable2.h
/Applications/Xcode.app/Contents/Developer/Platforms/MacOSX.platform/Developer/SDKs/MacOSX26.1.sdk/usr/include/objc/objc-auto.h
/Applications/Xcode.app/Contents/Developer/Platforms/MacOSX.platform/Developer/SDKs/MacOSX26.1.sdk/usr/include/string.h
/Applications/Xcode.app/Contents/Developer/Platforms/MacOSX.platform/Developer/SDKs/MacOSX26.1.sdk/usr/include/objc/objc-class.h
/Applications/Xcode.app/Contents/Developer/Platforms/MacOSX.platform/Developer/SDKs/MacOSX26.1.sdk/usr/include/objc/objc-exception.h
/Applications/Xcode.app/Contents/Developer/Platforms/MacOSX.platform/Developer/SDKs/MacOSX26.1.sdk/usr/include/objc/objc-load.h
/Applications/Xcode.app/Contents/Developer/Platforms/MacOSX.platform/Developer/SDKs/MacOSX26.1.sdk/usr/include/objc/objc-sync.h
/Applications/Xcode.app/Contents/Developer/Platforms/MacOSX.platform/Developer/SDKs/MacOSX26.1.sdk/SDKSettings.json
/Applications/Xcode.app/Contents/Developer/Toolchains/XcodeDefault.xctoolchain/usr/lib/swift/macosx/prebuilt-modules/26.1/Observation.swiftmodule/arm64e-apple-macos.swiftmodule
/Applications/Xcode.app/Contents/Developer/Platforms/MacOSX.platform/Developer/SDKs/MacOSX26.1.sdk/System/Library/Frameworks/Security.framework/Headers/Security.apinotes
/Applications/Xcode.app/Contents/Developer/Platforms/MacOSX.platform/Developer/SDKs/MacOSX26.1.sdk/System/Library/Frameworks/Security.framework/Modules/module.modulemap
/Applications/Xcode.app/Contents/Developer/Platforms/MacOSX.platform/Developer/SDKs/MacOSX26.1.sdk/System/Library/Frameworks/Security.framework/Headers/Security.h
/Applications/Xcode.app/Contents/Developer/Platforms/MacOSX.platform/Developer/SDKs/MacOSX26.1.sdk/System/Library/Frameworks/Security.framework/Headers/SecBase.h
/Applications/Xcode.app/Contents/Developer/Platforms/MacOSX.platform/Developer/SDKs/MacOSX26.1.sdk/usr/include/xpc.modulemap
/Applications/Xcode.app/Contents/Developer/Platforms/MacOSX.platform/Developer/SDKs/MacOSX26.1.sdk/usr/include/dispatch.modulemap
/Applications/Xcode.app/Contents/Developer/Platforms/MacOSX.platform/Developer/SDKs/MacOSX26.1.sdk/usr/include/os.modulemap
/Applications/Xcode.app/Contents/Developer/Platforms/MacOSX.platform/Developer/SDKs/MacOSX26.1.sdk/usr/include/Darwin.modulemap
/Applications/Xcode.app/Contents/Developer/Platforms/MacOSX.platform/Developer/SDKs/MacOSX26.1.sdk/usr/include/Darwin_C.modulemap
/Applications/Xcode.app/Contents/Developer/Platforms/MacOSX.platform/Developer/SDKs/MacOSX26.1.sdk/usr/include/Darwin_POSIX.modulemap
/Applications/Xcode.app/Contents/Developer/Platforms/MacOSX.platform/Developer/SDKs/MacOSX26.1.sdk/usr/include/net.modulemap
/Applications/Xcode.app/Contents/Developer/Platforms/MacOSX.platform/Developer/SDKs/MacOSX26.1.sdk/usr/include/netinet.modulemap
/Applications/Xcode.app/Contents/Developer/Platforms/MacOSX.platform/Developer/SDKs/MacOSX26.1.sdk/usr/include/bank.modulemap
/Applications/Xcode.app/Contents/Developer/Platforms/MacOSX.platform/Developer/SDKs/MacOSX26.1.sdk/usr/include/Darwin_Mach.modulemap
/Applications/Xcode.app/Contents/Developer/Platforms/MacOSX.platform/Developer/SDKs/MacOSX26.1.sdk/usr/include/Darwin_Mach_machine.modulemap
/Applications/Xcode.app/Contents/Developer/Platforms/MacOSX.platform/Developer/SDKs/MacOSX26.1.sdk/usr/include/mach_debug.modulemap
/Applications/Xcode.app/Contents/Developer/Platforms/MacOSX.platform/Developer/SDKs/MacOSX26.1.sdk/usr/include/device.modulemap
/Applications/Xcode.app/Contents/Developer/Platforms/MacOSX.platform/Developer/SDKs/MacOSX26.1.sdk/usr/include/Darwin_machine.modulemap
/Applications/Xcode.app/Contents/Developer/Platforms/MacOSX.platform/Developer/SDKs/MacOSX26.1.sdk/usr/include/ncurses.modulemap
/Applications/Xcode.app/Contents/Developer/Platforms/MacOSX.platform/Developer/SDKs/MacOSX26.1.sdk/usr/include/netinet6.modulemap
/Applications/Xcode.app/Contents/Developer/Platforms/MacOSX.platform/Developer/SDKs/MacOSX26.1.sdk/usr/include/Darwin_sys.modulemap
/Applications/Xcode.app/Contents/Developer/Platforms/MacOSX.platform/Developer/SDKs/MacOSX26.1.sdk/usr/include/uuid.modulemap
/Applications/Xcode.app/Contents/Developer/Platforms/MacOSX.platform/Developer/SDKs/MacOSX26.1.sdk/usr/include/DarwinFoundation2.modulemap
/Applications/Xcode.app/Contents/Developer/Platforms/MacOSX.platform/Developer/SDKs/MacOSX26.1.sdk/usr/include/DarwinFoundation3.modulemap
/Applications/Xcode.app/Contents/Developer/Platforms/MacOSX.platform/Developer/SDKs/MacOSX26.1.sdk/usr/include/DarwinFoundation1.modulemap
/Applications/Xcode.app/Contents/Developer/Platforms/MacOSX.platform/Developer/SDKs/MacOSX26.1.sdk/System/Library/Frameworks/CoreFoundation.framework/Modules/module.modulemap
/Applications/Xcode.app/Contents/Developer/Platforms/MacOSX.platform/Developer/SDKs/MacOSX26.1.sdk/System/Library/Frameworks/Security.framework/Headers/SecCertificate.h
/Applications/Xcode.app/Contents/Developer/Platforms/MacOSX.platform/Developer/SDKs/MacOSX26.1.sdk/System/Library/Frameworks/Security.framework/Headers/cssmtype.h
/Applications/Xcode.app/Contents/Developer/Platforms/MacOSX.platform/Developer/SDKs/MacOSX26.1.sdk/System/Library/Frameworks/Security.framework/Headers/cssmconfig.h
/Applications/Xcode.app/Contents/Developer/Toolchains/XcodeDefault.xctoolchain/usr/lib/swift/clang/include/module.modulemap
/Applications/Xcode.app/Contents/Developer/Platforms/MacOSX.platform/Developer/SDKs/MacOSX26.1.sdk/System/Library/Frameworks/Security.framework/Headers/SecAsn1Types.h
/Applications/Xcode.app/Contents/Developer/Platforms/MacOSX.platform/Developer/SDKs/MacOSX26.1.sdk/System/Library/Frameworks/Security.framework/Headers/x509defs.h
/Applications/Xcode.app/Contents/Developer/Platforms/MacOSX.platform/Developer/SDKs/MacOSX26.1.sdk/System/Library/Frameworks/Security.framework/Headers/SecIdentity.h
/Applications/Xcode.app/Contents/Developer/Platforms/MacOSX.platform/Developer/SDKs/MacOSX26.1.sdk/System/Library/Frameworks/Security.framework/Headers/SecAccessControl.h
/Applications/Xcode.app/Contents/Developer/Platforms/MacOSX.platform/Developer/SDKs/MacOSX26.1.sdk/System/Library/Frameworks/Security.framework/Headers/SecItem.h
/Applications/Xcode.app/Contents/Developer/Platforms/MacOSX.platform/Developer/SDKs/MacOSX26.1.sdk/System/Library/Frameworks/Security.framework/Headers/SecKey.h
/Applications/Xcode.app/Contents/Developer/Platforms/MacOSX.platform/Developer/SDKs/MacOSX26.1.sdk/System/Library/Frameworks/Security.framework/Headers/SecAccess.h
/Applications/Xcode.app/Contents/Developer/Platforms/MacOSX.platform/Developer/SDKs/MacOSX26.1.sdk/System/Library/Frameworks/Security.framework/Headers/SecPolicy.h
/Applications/Xcode.app/Contents/Developer/Platforms/MacOSX.platform/Developer/SDKs/MacOSX26.1.sdk/System/Library/Frameworks/Security.framework/Headers/SecRandom.h
/Applications/Xcode.app/Contents/Developer/Platforms/MacOSX.platform/Developer/SDKs/MacOSX26.1.sdk/System/Library/Frameworks/Security.framework/Headers/SecImportExport.h
/Applications/Xcode.app/Contents/Developer/Platforms/MacOSX.platform/Developer/SDKs/MacOSX26.1.sdk/System/Library/Frameworks/Security.framework/Headers/SecKeychain.h
/Applications/Xcode.app/Contents/Developer/Platforms/MacOSX.platform/Developer/SDKs/MacOSX26.1.sdk/System/Library/Frameworks/Security.framework/Headers/cssmapple.h
/Applications/Xcode.app/Contents/Developer/Platforms/MacOSX.platform/Developer/SDKs/MacOSX26.1.sdk/System/Library/Frameworks/Security.framework/Headers/cssmerr.h
/Applications/Xcode.app/Contents/Developer/Platforms/MacOSX.platform/Developer/SDKs/MacOSX26.1.sdk/System/Library/Frameworks/Security.framework/Headers/certextensions.h
/Applications/Xcode.app/Contents/Developer/Platforms/MacOSX.platform/Developer/SDKs/MacOSX26.1.sdk/System/Library/Frameworks/Security.framework/Headers/SecTrust.h
/Applications/Xcode.app/Contents/Developer/Platforms/MacOSX.platform/Developer/SDKs/MacOSX26.1.sdk/System/Library/Frameworks/Security.framework/Headers/SecSharedCredential.h
/Applications/Xcode.app/Contents/Developer/Platforms/MacOSX.platform/Developer/SDKs/MacOSX26.1.sdk/System/Library/Frameworks/Security.framework/Headers/SecProtocolOptions.h
/Applications/Xcode.app/Contents/Developer/Platforms/MacOSX.platform/Developer/SDKs/MacOSX26.1.sdk/System/Library/Frameworks/Security.framework/Headers/SecProtocolObject.h
/Applications/Xcode.app/Contents/Developer/Platforms/MacOSX.platform/Developer/SDKs/MacOSX26.1.sdk/System/Library/Frameworks/Security.framework/Headers/SecProtocolTypes.h
/Applications/Xcode.app/Contents/Developer/Platforms/MacOSX.platform/Developer/SDKs/MacOSX26.1.sdk/System/Library/Frameworks/Security.framework/Headers/CipherSuite.h
/Applications/Xcode.app/Contents/Developer/Platforms/MacOSX.platform/Developer/SDKs/MacOSX26.1.sdk/System/Library/Frameworks/Security.framework/Headers/SecProtocolMetadata.h
/Applications/Xcode.app/Contents/Developer/Platforms/MacOSX.platform/Developer/SDKs/MacOSX26.1.sdk/System/Library/Frameworks/Security.framework/Headers/AuthSession.h
/Applications/Xcode.app/Contents/Developer/Platforms/MacOSX.platform/Developer/SDKs/MacOSX26.1.sdk/System/Library/Frameworks/Security.framework/Headers/Authorization.h
/Applications/Xcode.app/Contents/Developer/Platforms/MacOSX.platform/Developer/SDKs/MacOSX26.1.sdk/usr/include/stdio.h
/Applications/Xcode.app/Contents/Developer/Platforms/MacOSX.platform/Developer/SDKs/MacOSX26.1.sdk/System/Library/Frameworks/Security.framework/Headers/cssm.h
/Applications/Xcode.app/Contents/Developer/Platforms/MacOSX.platform/Developer/SDKs/MacOSX26.1.sdk/System/Library/Frameworks/Security.framework/Headers/emmtype.h
/Applications/Xcode.app/Contents/Developer/Platforms/MacOSX.platform/Developer/SDKs/MacOSX26.1.sdk/System/Library/Frameworks/Security.framework/Headers/cssmapi.h
/Applications/Xcode.app/Contents/Developer/Platforms/MacOSX.platform/Developer/SDKs/MacOSX26.1.sdk/System/Library/Frameworks/Security.framework/Headers/cssmaci.h
/Applications/Xcode.app/Contents/Developer/Platforms/MacOSX.platform/Developer/SDKs/MacOSX26.1.sdk/System/Library/Frameworks/Security.framework/Headers/cssmcli.h
/Applications/Xcode.app/Contents/Developer/Platforms/MacOSX.platform/Developer/SDKs/MacOSX26.1.sdk/System/Library/Frameworks/Security.framework/Headers/cssmcspi.h
/Applications/Xcode.app/Contents/Developer/Platforms/MacOSX.platform/Developer/SDKs/MacOSX26.1.sdk/System/Library/Frameworks/Security.framework/Headers/cssmspi.h
/Applications/Xcode.app/Contents/Developer/Platforms/MacOSX.platform/Developer/SDKs/MacOSX26.1.sdk/System/Library/Frameworks/Security.framework/Headers/cssmdli.h
/Applications/Xcode.app/Contents/Developer/Platforms/MacOSX.platform/Developer/SDKs/MacOSX26.1.sdk/System/Library/Frameworks/Security.framework/Headers/cssmkrapi.h
/Applications/Xcode.app/Contents/Developer/Platforms/MacOSX.platform/Developer/SDKs/MacOSX26.1.sdk/System/Library/Frameworks/Security.framework/Headers/cssmkrspi.h
/Applications/Xcode.app/Contents/Developer/Platforms/MacOSX.platform/Developer/SDKs/MacOSX26.1.sdk/System/Library/Frameworks/Security.framework/Headers/cssmtpi.h
/Applications/Xcode.app/Contents/Developer/Platforms/MacOSX.platform/Developer/SDKs/MacOSX26.1.sdk/System/Library/Frameworks/Security.framework/Headers/emmspi.h
/Applications/Xcode.app/Contents/Developer/Platforms/MacOSX.platform/Developer/SDKs/MacOSX26.1.sdk/System/Library/Frameworks/Security.framework/Headers/mds.h
/Applications/Xcode.app/Contents/Developer/Platforms/MacOSX.platform/Developer/SDKs/MacOSX26.1.sdk/System/Library/Frameworks/Security.framework/Headers/mds_schema.h
/Applications/Xcode.app/Contents/Developer/Platforms/MacOSX.platform/Developer/SDKs/MacOSX26.1.sdk/System/Library/Frameworks/Security.framework/Headers/oidsalg.h
/Applications/Xcode.app/Contents/Developer/Platforms/MacOSX.platform/Developer/SDKs/MacOSX26.1.sdk/System/Library/Frameworks/Security.framework/Headers/oidsattr.h
/Applications/Xcode.app/Contents/Developer/Platforms/MacOSX.platform/Developer/SDKs/MacOSX26.1.sdk/System/Library/Frameworks/Security.framework/Headers/oidsbase.h
/Applications/Xcode.app/Contents/Developer/Platforms/MacOSX.platform/Developer/SDKs/MacOSX26.1.sdk/System/Library/Frameworks/Security.framework/Headers/oidscert.h
/Applications/Xcode.app/Contents/Developer/Platforms/MacOSX.platform/Developer/SDKs/MacOSX26.1.sdk/System/Library/Frameworks/Security.framework/Headers/oidscrl.h
/Applications/Xcode.app/Contents/Developer/Platforms/MacOSX.platform/Developer/SDKs/MacOSX26.1.sdk/System/Library/Frameworks/Security.framework/Headers/SecACL.h
/Applications/Xcode.app/Contents/Developer/Platforms/MacOSX.platform/Developer/SDKs/MacOSX26.1.sdk/System/Library/Frameworks/Security.framework/Headers/SecCertificateOIDs.h
/Applications/Xcode.app/Contents/Developer/Platforms/MacOSX.platform/Developer/SDKs/MacOSX26.1.sdk/System/Library/Frameworks/Security.framework/Headers/SecIdentitySearch.h
/Applications/Xcode.app/Contents/Developer/Platforms/MacOSX.platform/Developer/SDKs/MacOSX26.1.sdk/System/Library/Frameworks/Security.framework/Headers/SecKeychainItem.h
/Applications/Xcode.app/Contents/Developer/Platforms/MacOSX.platform/Developer/SDKs/MacOSX26.1.sdk/System/Library/Frameworks/Security.framework/Headers/SecKeychainSearch.h
/Applications/Xcode.app/Contents/Developer/Platforms/MacOSX.platform/Developer/SDKs/MacOSX26.1.sdk/System/Library/Frameworks/Security.framework/Headers/SecPolicySearch.h
/Applications/Xcode.app/Contents/Developer/Platforms/MacOSX.platform/Developer/SDKs/MacOSX26.1.sdk/System/Library/Frameworks/Security.framework/Headers/SecTrustedApplication.h
/Applications/Xcode.app/Contents/Developer/Platforms/MacOSX.platform/Developer/SDKs/MacOSX26.1.sdk/System/Library/Frameworks/Security.framework/Headers/SecTrustSettings.h
/Applications/Xcode.app/Contents/Developer/Platforms/MacOSX.platform/Developer/SDKs/MacOSX26.1.sdk/System/Library/Frameworks/Security.framework/Headers/SecStaticCode.h
/Applications/Xcode.app/Contents/Developer/Platforms/MacOSX.platform/Developer/SDKs/MacOSX26.1.sdk/System/Library/Frameworks/Security.framework/Headers/CSCommon.h
/Applications/Xcode.app/Contents/Developer/Platforms/MacOSX.platform/Developer/SDKs/MacOSX26.1.sdk/System/Library/Frameworks/Security.framework/Headers/SecCode.h
/Applications/Xcode.app/Contents/Developer/Platforms/MacOSX.platform/Developer/SDKs/MacOSX26.1.sdk/System/Library/Frameworks/Security.framework/Headers/SecCodeHost.h
/Applications/Xcode.app/Contents/Developer/Platforms/MacOSX.platform/Developer/SDKs/MacOSX26.1.sdk/System/Library/Frameworks/Security.framework/Headers/SecRequirement.h
/Applications/Xcode.app/Contents/Developer/Platforms/MacOSX.platform/Developer/SDKs/MacOSX26.1.sdk/System/Library/Frameworks/Security.framework/Headers/SecTask.h
/Applications/Xcode.app/Contents/Developer/Platforms/MacOSX.platform/Developer/SDKs/MacOSX26.1.sdk/System/Library/Frameworks/Security.framework/Headers/AuthorizationTags.h
/Applications/Xcode.app/Contents/Developer/Platforms/MacOSX.platform/Developer/SDKs/MacOSX26.1.sdk/System/Library/Frameworks/Security.framework/Headers/AuthorizationDB.h
/Applications/Xcode.app/Contents/Developer/Platforms/MacOSX.platform/Developer/SDKs/MacOSX26.1.sdk/System/Library/Frameworks/Security.framework/Headers/CMSDecoder.h
/Applications/Xcode.app/Contents/Developer/Platforms/MacOSX.platform/Developer/SDKs/MacOSX26.1.sdk/System/Library/Frameworks/Security.framework/Headers/CMSEncoder.h
/Applications/Xcode.app/Contents/Developer/Platforms/MacOSX.platform/Developer/SDKs/MacOSX26.1.sdk/System/Library/Frameworks/Security.framework/Headers/SecureTransport.h
/Applications/Xcode.app/Contents/Developer/Platforms/MacOSX.platform/Developer/SDKs/MacOSX26.1.sdk/System/Library/Frameworks/Security.framework/Headers/SecTransform.h
/Applications/Xcode.app/Contents/Developer/Platforms/MacOSX.platform/Developer/SDKs/MacOSX26.1.sdk/System/Library/Frameworks/Security.framework/Headers/SecCustomTransform.h
/Applications/Xcode.app/Contents/Developer/Platforms/MacOSX.platform/Developer/SDKs/MacOSX26.1.sdk/System/Library/Frameworks/Security.framework/Headers/SecDecodeTransform.h
/Applications/Xcode.app/Contents/Developer/Platforms/MacOSX.platform/Developer/SDKs/MacOSX26.1.sdk/System/Library/Frameworks/Security.framework/Headers/SecEncodeTransform.h
/Applications/Xcode.app/Contents/Developer/Platforms/MacOSX.platform/Developer/SDKs/MacOSX26.1.sdk/System/Library/Frameworks/Security.framework/Headers/SecDigestTransform.h
/Applications/Xcode.app/Contents/Developer/Platforms/MacOSX.platform/Developer/SDKs/MacOSX26.1.sdk/System/Library/Frameworks/Security.framework/Headers/SecEncryptTransform.h
/Applications/Xcode.app/Contents/Developer/Platforms/MacOSX.platform/Developer/SDKs/MacOSX26.1.sdk/System/Library/Frameworks/Security.framework/Headers/SecSignVerifyTransform.h
/Applications/Xcode.app/Contents/Developer/Platforms/MacOSX.platform/Developer/SDKs/MacOSX26.1.sdk/System/Library/Frameworks/Security.framework/Headers/SecReadTransform.h
/Applications/Xcode.app/Contents/Developer/Platforms/MacOSX.platform/Developer/SDKs/MacOSX26.1.sdk/System/Library/Frameworks/Security.framework/Headers/SecTransformReadTransform.h
/Applications/Xcode.app/Contents/Developer/Platforms/MacOSX.platform/Developer/SDKs/MacOSX26.1.sdk/System/Library/Frameworks/Security.framework/Headers/oids.h
/Applications/Xcode.app/Contents/Developer/Platforms/MacOSX.platform/Developer/SDKs/MacOSX26.1.sdk/usr/include/libDER/module.modulemap
/Applications/Xcode.app/Contents/Developer/Platforms/MacOSX.platform/Developer/SDKs/MacOSX26.1.sdk/usr/include/string.h
/Applications/Xcode.app/Contents/Developer/Platforms/MacOSX.platform/Developer/SDKs/MacOSX26.1.sdk/System/Library/Frameworks/Security.framework/Headers/AuthorizationPlugin.h
/Applications/Xcode.app/Contents/Developer/Platforms/MacOSX.platform/Developer/SDKs/MacOSX26.1.sdk/System/Library/Frameworks/Security.framework/Headers/CodeSigning.h
/Applications/Xcode.app/Contents/Developer/Platforms/MacOSX.platform/Developer/SDKs/MacOSX26.1.sdk/System/Library/Frameworks/Security.framework/Headers/eisl.h
/Applications/Xcode.app/Contents/Developer/Platforms/MacOSX.platform/Developer/SDKs/MacOSX26.1.sdk/System/Library/Frameworks/Security.framework/Headers/SecAsn1Coder.h
/Applications/Xcode.app/Contents/Developer/Platforms/MacOSX.platform/Developer/SDKs/MacOSX26.1.sdk/System/Library/Frameworks/Security.framework/Headers/SecAsn1Templates.h
/Applications/Xcode.app/Contents/Developer/Platforms/MacOSX.platform/Developer/SDKs/MacOSX26.1.sdk/System/Library/Frameworks/Security.framework/Headers/SecureDownload.h
/Applications/Xcode.app/Contents/Developer/Platforms/MacOSX.platform/Developer/SDKs/MacOSX26.1.sdk/SDKSettings.json
/Applications/Xcode.app/Contents/Developer/Toolchains/XcodeDefault.xctoolchain/usr/lib/swift/macosx/prebuilt-modules/26.1/Swift.swiftmodule/arm64e-apple-macos.swiftmodule
/Applications/Xcode.app/Contents/Developer/Toolchains/XcodeDefault.xctoolchain/usr/lib/swift/macosx/prebuilt-modules/26.1/SwiftOnoneSupport.swiftmodule/arm64e-apple-macos.swiftmodule
/Applications/Xcode.app/Contents/Developer/Platforms/MacOSX.platform/Developer/SDKs/MacOSX26.1.sdk/usr/lib/swift/shims/module.modulemap
/Applications/Xcode.app/Contents/Developer/Platforms/MacOSX.platform/Developer/SDKs/MacOSX26.1.sdk/usr/lib/swift/shims/AssertionReporting.h
/Applications/Xcode.app/Contents/Developer/Platforms/MacOSX.platform/Developer/SDKs/MacOSX26.1.sdk/usr/lib/swift/shims/SwiftStdint.h
/Applications/Xcode.app/Contents/Developer/Platforms/MacOSX.platform/Developer/SDKs/MacOSX26.1.sdk/usr/lib/swift/shims/Visibility.h
/Applications/Xcode.app/Contents/Developer/Platforms/MacOSX.platform/Developer/SDKs/MacOSX26.1.sdk/usr/lib/swift/shims/CoreFoundationShims.h
/Applications/Xcode.app/Contents/Developer/Platforms/MacOSX.platform/Developer/SDKs/MacOSX26.1.sdk/usr/lib/swift/shims/ObjCShims.h
/Applications/Xcode.app/Contents/Developer/Platforms/MacOSX.platform/Developer/SDKs/MacOSX26.1.sdk/usr/lib/swift/shims/EmbeddedShims.h
/Applications/Xcode.app/Contents/Developer/Platforms/MacOSX.platform/Developer/SDKs/MacOSX26.1.sdk/usr/lib/swift/shims/SwiftStddef.h
/Applications/Xcode.app/Contents/Developer/Platforms/MacOSX.platform/Developer/SDKs/MacOSX26.1.sdk/usr/lib/swift/shims/FoundationShims.h
/Applications/Xcode.app/Contents/Developer/Platforms/MacOSX.platform/Developer/SDKs/MacOSX26.1.sdk/usr/lib/swift/shims/GlobalObjects.h
/Applications/Xcode.app/Contents/Developer/Platforms/MacOSX.platform/Developer/SDKs/MacOSX26.1.sdk/usr/lib/swift/shims/SwiftStdbool.h
/Applications/Xcode.app/Contents/Developer/Platforms/MacOSX.platform/Developer/SDKs/MacOSX26.1.sdk/usr/lib/swift/shims/HeapObject.h
/Applications/Xcode.app/Contents/Developer/Platforms/MacOSX.platform/Developer/SDKs/MacOSX26.1.sdk/usr/lib/swift/shims/RefCount.h
/Applications/Xcode.app/Contents/Developer/Platforms/MacOSX.platform/Developer/SDKs/MacOSX26.1.sdk/usr/lib/swift/shims/System.h
/Applications/Xcode.app/Contents/Developer/Platforms/MacOSX.platform/Developer/SDKs/MacOSX26.1.sdk/usr/lib/swift/shims/Target.h
/Applications/Xcode.app/Contents/Developer/Platforms/MacOSX.platform/Developer/SDKs/MacOSX26.1.sdk/usr/lib/swift/shims/KeyPath.h
/Applications/Xcode.app/Contents/Developer/Platforms/MacOSX.platform/Developer/SDKs/MacOSX26.1.sdk/usr/lib/swift/shims/LibcShims.h
/Applications/Xcode.app/Contents/Developer/Platforms/MacOSX.platform/Developer/SDKs/MacOSX26.1.sdk/usr/lib/swift/shims/MetadataSections.h
/Applications/Xcode.app/Contents/Developer/Platforms/MacOSX.platform/Developer/SDKs/MacOSX26.1.sdk/usr/lib/swift/shims/Random.h
/Applications/Xcode.app/Contents/Developer/Platforms/MacOSX.platform/Developer/SDKs/MacOSX26.1.sdk/usr/lib/swift/shims/Reflection.h
/Applications/Xcode.app/Contents/Developer/Platforms/MacOSX.platform/Developer/SDKs/MacOSX26.1.sdk/usr/lib/swift/shims/RuntimeShims.h
/Applications/Xcode.app/Contents/Developer/Platforms/MacOSX.platform/Developer/SDKs/MacOSX26.1.sdk/usr/lib/swift/shims/RuntimeStubs.h
/Applications/Xcode.app/Contents/Developer/Platforms/MacOSX.platform/Developer/SDKs/MacOSX26.1.sdk/usr/lib/swift/shims/ThreadLocalStorage.h
/Applications/Xcode.app/Contents/Developer/Platforms/MacOSX.platform/Developer/SDKs/MacOSX26.1.sdk/usr/lib/swift/shims/UnicodeData.h
/Applications/Xcode.app/Contents/Developer/Platforms/MacOSX.platform/Developer/SDKs/MacOSX26.1.sdk/SDKSettings.json
/Applications/Xcode.app/Contents/Developer/Toolchains/XcodeDefault.xctoolchain/usr/lib/swift/macosx/prebuilt-modules/26.1/System.swiftmodule/arm64e-apple-macos.swiftmodule
/Applications/Xcode.app/Contents/Developer/Toolchains/XcodeDefault.xctoolchain/usr/lib/swift/macosx/prebuilt-modules/26.1/XPC.swiftmodule/arm64e-apple-macos.swiftmodule
/Applications/Xcode.app/Contents/Developer/Platforms/MacOSX.platform/Developer/SDKs/MacOSX26.1.sdk/usr/include/XPC.apinotes
/Applications/Xcode.app/Contents/Developer/Platforms/MacOSX.platform/Developer/SDKs/MacOSX26.1.sdk/usr/include/launch.modulemap
/Applications/Xcode.app/Contents/Developer/Platforms/MacOSX.platform/Developer/SDKs/MacOSX26.1.sdk/usr/include/xpc.modulemap
/Applications/Xcode.app/Contents/Developer/Platforms/MacOSX.platform/Developer/SDKs/MacOSX26.1.sdk/usr/include/dispatch.modulemap
/Applications/Xcode.app/Contents/Developer/Platforms/MacOSX.platform/Developer/SDKs/MacOSX26.1.sdk/usr/include/os.modulemap
/Applications/Xcode.app/Contents/Developer/Platforms/MacOSX.platform/Developer/SDKs/MacOSX26.1.sdk/usr/include/Darwin.modulemap
/Applications/Xcode.app/Contents/Developer/Platforms/MacOSX.platform/Developer/SDKs/MacOSX26.1.sdk/usr/include/Darwin_C.modulemap
/Applications/Xcode.app/Contents/Developer/Platforms/MacOSX.platform/Developer/SDKs/MacOSX26.1.sdk/usr/include/Darwin_POSIX.modulemap
/Applications/Xcode.app/Contents/Developer/Platforms/MacOSX.platform/Developer/SDKs/MacOSX26.1.sdk/usr/include/net.modulemap
/Applications/Xcode.app/Contents/Developer/Platforms/MacOSX.platform/Developer/SDKs/MacOSX26.1.sdk/usr/include/netinet.modulemap
/Applications/Xcode.app/Contents/Developer/Platforms/MacOSX.platform/Developer/SDKs/MacOSX26.1.sdk/usr/include/bank.modulemap
/Applications/Xcode.app/Contents/Developer/Platforms/MacOSX.platform/Developer/SDKs/MacOSX26.1.sdk/usr/include/Darwin_Mach.modulemap
/Applications/Xcode.app/Contents/Developer/Platforms/MacOSX.platform/Developer/SDKs/MacOSX26.1.sdk/usr/include/Darwin_Mach_machine.modulemap
/Applications/Xcode.app/Contents/Developer/Platforms/MacOSX.platform/Developer/SDKs/MacOSX26.1.sdk/usr/include/mach_debug.modulemap
/Applications/Xcode.app/Contents/Developer/Platforms/MacOSX.platform/Developer/SDKs/MacOSX26.1.sdk/usr/include/device.modulemap
/Applications/Xcode.app/Contents/Developer/Platforms/MacOSX.platform/Developer/SDKs/MacOSX26.1.sdk/usr/include/Darwin_machine.modulemap
/Applications/Xcode.app/Contents/Developer/Platforms/MacOSX.platform/Developer/SDKs/MacOSX26.1.sdk/usr/include/ncurses.modulemap
/Applications/Xcode.app/Contents/Developer/Platforms/MacOSX.platform/Developer/SDKs/MacOSX26.1.sdk/usr/include/netinet6.modulemap
/Applications/Xcode.app/Contents/Developer/Platforms/MacOSX.platform/Developer/SDKs/MacOSX26.1.sdk/usr/include/Darwin_sys.modulemap
/Applications/Xcode.app/Contents/Developer/Platforms/MacOSX.platform/Developer/SDKs/MacOSX26.1.sdk/usr/include/uuid.modulemap
/Applications/Xcode.app/Contents/Developer/Platforms/MacOSX.platform/Developer/SDKs/MacOSX26.1.sdk/usr/include/DarwinFoundation2.modulemap
/Applications/Xcode.app/Contents/Developer/Platforms/MacOSX.platform/Developer/SDKs/MacOSX26.1.sdk/usr/include/DarwinFoundation3.modulemap
/Applications/Xcode.app/Contents/Developer/Platforms/MacOSX.platform/Developer/SDKs/MacOSX26.1.sdk/usr/include/DarwinFoundation1.modulemap
/Applications/Xcode.app/Contents/Developer/Platforms/MacOSX.platform/Developer/SDKs/MacOSX26.1.sdk/usr/include/xpc/xpc.h
/Applications/Xcode.app/Contents/Developer/Toolchains/XcodeDefault.xctoolchain/usr/lib/swift/clang/include/module.modulemap
/Applications/Xcode.app/Contents/Developer/Toolchains/XcodeDefault.xctoolchain/usr/lib/swift/clang/include/stdarg.h
/Applications/Xcode.app/Contents/Developer/Platforms/MacOSX.platform/Developer/SDKs/MacOSX26.1.sdk/usr/include/stdlib.h
/Applications/Xcode.app/Contents/Developer/Platforms/MacOSX.platform/Developer/SDKs/MacOSX26.1.sdk/usr/include/stdio.h
/Applications/Xcode.app/Contents/Developer/Platforms/MacOSX.platform/Developer/SDKs/MacOSX26.1.sdk/usr/include/string.h
/Applications/Xcode.app/Contents/Developer/Platforms/MacOSX.platform/Developer/SDKs/MacOSX26.1.sdk/usr/include/xpc/base.h
/Applications/Xcode.app/Contents/Developer/Platforms/MacOSX.platform/Developer/SDKs/MacOSX26.1.sdk/usr/include/xpc/availability.h
/Applications/Xcode.app/Contents/Developer/Platforms/MacOSX.platform/Developer/SDKs/MacOSX26.1.sdk/usr/include/xpc/endpoint.h
/Applications/Xcode.app/Contents/Developer/Platforms/MacOSX.platform/Developer/SDKs/MacOSX26.1.sdk/usr/include/xpc/debug.h
/Applications/Xcode.app/Contents/Developer/Platforms/MacOSX.platform/Developer/SDKs/MacOSX26.1.sdk/usr/include/xpc/activity.h
/Applications/Xcode.app/Contents/Developer/Platforms/MacOSX.platform/Developer/SDKs/MacOSX26.1.sdk/usr/include/xpc/peer_requirement.h
/Applications/Xcode.app/Contents/Developer/Platforms/MacOSX.platform/Developer/SDKs/MacOSX26.1.sdk/usr/include/xpc/connection.h
/Applications/Xcode.app/Contents/Developer/Platforms/MacOSX.platform/Developer/SDKs/MacOSX26.1.sdk/usr/include/xpc/rich_error.h
/Applications/Xcode.app/Contents/Developer/Platforms/MacOSX.platform/Developer/SDKs/MacOSX26.1.sdk/usr/include/xpc/session.h
/Applications/Xcode.app/Contents/Developer/Platforms/MacOSX.platform/Developer/SDKs/MacOSX26.1.sdk/usr/include/xpc/listener.h
/Applications/Xcode.app/Contents/Developer/Platforms/MacOSX.platform/Developer/SDKs/MacOSX26.1.sdk/SDKSettings.json
/Applications/Xcode.app/Contents/Developer/Platforms/MacOSX.platform/Developer/SDKs/MacOSX26.1.sdk/usr/include/DarwinFoundation1.modulemap
/Applications/Xcode.app/Contents/Developer/Platforms/MacOSX.platform/Developer/SDKs/MacOSX26.1.sdk/usr/include/AvailabilityInternal.h
/Applications/Xcode.app/Contents/Developer/Platforms/MacOSX.platform/Developer/SDKs/MacOSX26.1.sdk/usr/include/AvailabilityVersions.h
/Applications/Xcode.app/Contents/Developer/Platforms/MacOSX.platform/Developer/SDKs/MacOSX26.1.sdk/usr/include/AvailabilityInternalLegacy.h
/Applications/Xcode.app/Contents/Developer/Platforms/MacOSX.platform/Developer/SDKs/MacOSX26.1.sdk/SDKSettings.json
/Applications/Xcode.app/Contents/Developer/Toolchains/XcodeDefault.xctoolchain/usr/lib/swift/macosx/prebuilt-modules/26.1/_Builtin_float.swiftmodule/arm64e-apple-macos.swiftmodule
/Applications/Xcode.app/Contents/Developer/Toolchains/XcodeDefault.xctoolchain/usr/lib/swift/clang/include/module.modulemap
/Applications/Xcode.app/Contents/Developer/Toolchains/XcodeDefault.xctoolchain/usr/lib/swift/clang/include/float.h
/Applications/Xcode.app/Contents/Developer/Platforms/MacOSX.platform/Developer/SDKs/MacOSX26.1.sdk/SDKSettings.json
/Applications/Xcode.app/Contents/Developer/Toolchains/XcodeDefault.xctoolchain/usr/lib/swift/clang/include/module.modulemap
/Applications/Xcode.app/Contents/Developer/Toolchains/XcodeDefault.xctoolchain/usr/lib/swift/clang/include/inttypes.h
/Applications/Xcode.app/Contents/Developer/Platforms/MacOSX.platform/Developer/SDKs/MacOSX26.1.sdk/usr/include/DarwinFoundation3.modulemap
/Applications/Xcode.app/Contents/Developer/Platforms/MacOSX.platform/Developer/SDKs/MacOSX26.1.sdk/usr/include/inttypes.h
/Applications/Xcode.app/Contents/Developer/Platforms/MacOSX.platform/Developer/SDKs/MacOSX26.1.sdk/SDKSettings.json
/Applications/Xcode.app/Contents/Developer/Toolchains/XcodeDefault.xctoolchain/usr/lib/swift/clang/include/module.modulemap
/Applications/Xcode.app/Contents/Developer/Toolchains/XcodeDefault.xctoolchain/usr/lib/swift/clang/include/limits.h
/Applications/Xcode.app/Contents/Developer/Platforms/MacOSX.platform/Developer/SDKs/MacOSX26.1.sdk/usr/include/DarwinFoundation1.modulemap
/Applications/Xcode.app/Contents/Developer/Platforms/MacOSX.platform/Developer/SDKs/MacOSX26.1.sdk/SDKSettings.json
/Applications/Xcode.app/Contents/Developer/Toolchains/XcodeDefault.xctoolchain/usr/lib/swift/clang/include/module.modulemap
/Applications/Xcode.app/Contents/Developer/Toolchains/XcodeDefault.xctoolchain/usr/lib/swift/clang/include/__stdarg___gnuc_va_list.h
/Applications/Xcode.app/Contents/Developer/Toolchains/XcodeDefault.xctoolchain/usr/lib/swift/clang/include/__stdarg___va_copy.h
/Applications/Xcode.app/Contents/Developer/Toolchains/XcodeDefault.xctoolchain/usr/lib/swift/clang/include/__stdarg_header_macro.h
/Applications/Xcode.app/Contents/Developer/Toolchains/XcodeDefault.xctoolchain/usr/lib/swift/clang/include/__stdarg_va_arg.h
/Applications/Xcode.app/Contents/Developer/Toolchains/XcodeDefault.xctoolchain/usr/lib/swift/clang/include/__stdarg_va_copy.h
/Applications/Xcode.app/Contents/Developer/Toolchains/XcodeDefault.xctoolchain/usr/lib/swift/clang/include/__stdarg_va_list.h
/Applications/Xcode.app/Contents/Developer/Platforms/MacOSX.platform/Developer/SDKs/MacOSX26.1.sdk/SDKSettings.json
/Applications/Xcode.app/Contents/Developer/Toolchains/XcodeDefault.xctoolchain/usr/lib/swift/clang/include/module.modulemap
/Applications/Xcode.app/Contents/Developer/Toolchains/XcodeDefault.xctoolchain/usr/lib/swift/clang/include/stdbool.h
/Applications/Xcode.app/Contents/Developer/Platforms/MacOSX.platform/Developer/SDKs/MacOSX26.1.sdk/SDKSettings.json
/Applications/Xcode.app/Contents/Developer/Toolchains/XcodeDefault.xctoolchain/usr/lib/swift/clang/include/module.modulemap
/Applications/Xcode.app/Contents/Developer/Toolchains/XcodeDefault.xctoolchain/usr/lib/swift/clang/include/__stddef_header_macro.h
/Applications/Xcode.app/Contents/Developer/Toolchains/XcodeDefault.xctoolchain/usr/lib/swift/clang/include/__stddef_max_align_t.h
/Applications/Xcode.app/Contents/Developer/Toolchains/XcodeDefault.xctoolchain/usr/lib/swift/clang/include/__stddef_null.h
/Applications/Xcode.app/Contents/Developer/Toolchains/XcodeDefault.xctoolchain/usr/lib/swift/clang/include/__stddef_nullptr_t.h
/Applications/Xcode.app/Contents/Developer/Toolchains/XcodeDefault.xctoolchain/usr/lib/swift/clang/include/__stddef_offsetof.h
/Applications/Xcode.app/Contents/Developer/Toolchains/XcodeDefault.xctoolchain/usr/lib/swift/clang/include/__stddef_ptrdiff_t.h
/Applications/Xcode.app/Contents/Developer/Toolchains/XcodeDefault.xctoolchain/usr/lib/swift/clang/include/__stddef_rsize_t.h
/Applications/Xcode.app/Contents/Developer/Toolchains/XcodeDefault.xctoolchain/usr/lib/swift/clang/include/__stddef_size_t.h
/Applications/Xcode.app/Contents/Developer/Toolchains/XcodeDefault.xctoolchain/usr/lib/swift/clang/include/__stddef_unreachable.h
/Applications/Xcode.app/Contents/Developer/Toolchains/XcodeDefault.xctoolchain/usr/lib/swift/clang/include/__stddef_wchar_t.h
/Applications/Xcode.app/Contents/Developer/Platforms/MacOSX.platform/Developer/SDKs/MacOSX26.1.sdk/SDKSettings.json
/Applications/Xcode.app/Contents/Developer/Toolchains/XcodeDefault.xctoolchain/usr/lib/swift/clang/include/module.modulemap
/Applications/Xcode.app/Contents/Developer/Toolchains/XcodeDefault.xctoolchain/usr/lib/swift/clang/include/stdint.h
/Applications/Xcode.app/Contents/Developer/Platforms/MacOSX.platform/Developer/SDKs/MacOSX26.1.sdk/usr/include/DarwinFoundation2.modulemap
/Applications/Xcode.app/Contents/Developer/Platforms/MacOSX.platform/Developer/SDKs/MacOSX26.1.sdk/SDKSettings.json
/Applications/Xcode.app/Contents/Developer/Toolchains/XcodeDefault.xctoolchain/usr/lib/swift/macosx/prebuilt-modules/26.1/_Concurrency.swiftmodule/arm64e-apple-macos.swiftmodule
/Applications/Xcode.app/Contents/Developer/Toolchains/XcodeDefault.xctoolchain/usr/lib/swift/macosx/prebuilt-modules/26.1/_DarwinFoundation1.swiftmodule/arm64e-apple-macos.swiftmodule
/Applications/Xcode.app/Contents/Developer/Platforms/MacOSX.platform/Developer/SDKs/MacOSX26.1.sdk/usr/include/DarwinFoundation1.modulemap
/Applications/Xcode.app/Contents/Developer/Platforms/MacOSX.platform/Developer/SDKs/MacOSX26.1.sdk/usr/include/sys/appleapiopts.h
/Applications/Xcode.app/Contents/Developer/Platforms/MacOSX.platform/Developer/SDKs/MacOSX26.1.sdk/usr/include/os/availability.h
/Applications/Xcode.app/Contents/Developer/Platforms/MacOSX.platform/Developer/SDKs/MacOSX26.1.sdk/usr/include/Availability.h
/Applications/Xcode.app/Contents/Developer/Platforms/MacOSX.platform/Developer/SDKs/MacOSX26.1.sdk/usr/include/AvailabilityMacros.h
/Applications/Xcode.app/Contents/Developer/Platforms/MacOSX.platform/Developer/SDKs/MacOSX26.1.sdk/usr/include/TargetConditionals.h
/Applications/Xcode.app/Contents/Developer/Platforms/MacOSX.platform/Developer/SDKs/MacOSX26.1.sdk/usr/include/_bounds.h
/Applications/Xcode.app/Contents/Developer/Platforms/MacOSX.platform/Developer/SDKs/MacOSX26.1.sdk/usr/include/sys/cdefs.h
/Applications/Xcode.app/Contents/Developer/Platforms/MacOSX.platform/Developer/SDKs/MacOSX26.1.sdk/usr/include/sys/_symbol_aliasing.h
/Applications/Xcode.app/Contents/Developer/Platforms/MacOSX.platform/Developer/SDKs/MacOSX26.1.sdk/usr/include/sys/_posix_availability.h
/Applications/Xcode.app/Contents/Developer/Toolchains/XcodeDefault.xctoolchain/usr/lib/swift/clang/include/module.modulemap
/Applications/Xcode.app/Contents/Developer/Platforms/MacOSX.platform/Developer/SDKs/MacOSX26.1.sdk/usr/include/sys/qos.h
/Applications/Xcode.app/Contents/Developer/Platforms/MacOSX.platform/Developer/SDKs/MacOSX26.1.sdk/usr/include/machine/_endian.h
/Applications/Xcode.app/Contents/Developer/Platforms/MacOSX.platform/Developer/SDKs/MacOSX26.1.sdk/usr/include/arm/_endian.h
/Applications/Xcode.app/Contents/Developer/Platforms/MacOSX.platform/Developer/SDKs/MacOSX26.1.sdk/usr/include/sys/__endian.h
/Applications/Xcode.app/Contents/Developer/Platforms/MacOSX.platform/Developer/SDKs/MacOSX26.1.sdk/usr/include/i386/_endian.h
/Applications/Xcode.app/Contents/Developer/Platforms/MacOSX.platform/Developer/SDKs/MacOSX26.1.sdk/usr/include/__xlocale.h
/Applications/Xcode.app/Contents/Developer/Platforms/MacOSX.platform/Developer/SDKs/MacOSX26.1.sdk/usr/include/_mb_cur_max.h
/Applications/Xcode.app/Contents/Developer/Platforms/MacOSX.platform/Developer/SDKs/MacOSX26.1.sdk/usr/include/_types/_locale_t.h
/Applications/Xcode.app/Contents/Developer/Platforms/MacOSX.platform/Developer/SDKs/MacOSX26.1.sdk/usr/include/sys/_types/_u_char.h
/Applications/Xcode.app/Contents/Developer/Platforms/MacOSX.platform/Developer/SDKs/MacOSX26.1.sdk/usr/include/sys/_types/_u_short.h
/Applications/Xcode.app/Contents/Developer/Platforms/MacOSX.platform/Developer/SDKs/MacOSX26.1.sdk/usr/include/sys/_types/_u_int.h
/Applications/Xcode.app/Contents/Developer/Platforms/MacOSX.platform/Developer/SDKs/MacOSX26.1.sdk/usr/include/sys/_types/_u_int8_t.h
/Applications/Xcode.app/Contents/Developer/Platforms/MacOSX.platform/Developer/SDKs/MacOSX26.1.sdk/usr/include/sys/_types/_u_int16_t.h
/Applications/Xcode.app/Contents/Developer/Platforms/MacOSX.platform/Developer/SDKs/MacOSX26.1.sdk/usr/include/sys/_types/_u_int32_t.h
/Applications/Xcode.app/Contents/Developer/Platforms/MacOSX.platform/Developer/SDKs/MacOSX26.1.sdk/usr/include/sys/_types/_u_int64_t.h
/Applications/Xcode.app/Contents/Developer/Platforms/MacOSX.platform/Developer/SDKs/MacOSX26.1.sdk/usr/include/_assert.h
/Applications/Xcode.app/Contents/Developer/Platforms/MacOSX.platform/Developer/SDKs/MacOSX26.1.sdk/usr/include/_static_assert.h
/Applications/Xcode.app/Contents/Developer/Platforms/MacOSX.platform/Developer/SDKs/MacOSX26.1.sdk/usr/include/complex.h
/Applications/Xcode.app/Contents/Developer/Platforms/MacOSX.platform/Developer/SDKs/MacOSX26.1.sdk/usr/include/errno.h
/Applications/Xcode.app/Contents/Developer/Platforms/MacOSX.platform/Developer/SDKs/MacOSX26.1.sdk/usr/include/sys/errno.h
/Applications/Xcode.app/Contents/Developer/Platforms/MacOSX.platform/Developer/SDKs/MacOSX26.1.sdk/usr/include/sys/_types/_errno_t.h
/Applications/Xcode.app/Contents/Developer/Platforms/MacOSX.platform/Developer/SDKs/MacOSX26.1.sdk/usr/include/fenv.h
/Applications/Xcode.app/Contents/Developer/Platforms/MacOSX.platform/Developer/SDKs/MacOSX26.1.sdk/usr/include/limits.h
/Applications/Xcode.app/Contents/Developer/Platforms/MacOSX.platform/Developer/SDKs/MacOSX26.1.sdk/usr/include/machine/limits.h
/Applications/Xcode.app/Contents/Developer/Platforms/MacOSX.platform/Developer/SDKs/MacOSX26.1.sdk/usr/include/arm/limits.h
/Applications/Xcode.app/Contents/Developer/Platforms/MacOSX.platform/Developer/SDKs/MacOSX26.1.sdk/usr/include/arm/_limits.h
/Applications/Xcode.app/Contents/Developer/Platforms/MacOSX.platform/Developer/SDKs/MacOSX26.1.sdk/usr/include/sys/syslimits.h
/Applications/Xcode.app/Contents/Developer/Platforms/MacOSX.platform/Developer/SDKs/MacOSX26.1.sdk/usr/include/i386/limits.h
/Applications/Xcode.app/Contents/Developer/Platforms/MacOSX.platform/Developer/SDKs/MacOSX26.1.sdk/usr/include/machine/_limits.h
/Applications/Xcode.app/Contents/Developer/Platforms/MacOSX.platform/Developer/SDKs/MacOSX26.1.sdk/usr/include/i386/_limits.h
/Applications/Xcode.app/Contents/Developer/Platforms/MacOSX.platform/Developer/SDKs/MacOSX26.1.sdk/usr/include/math.h
/Applications/Xcode.app/Contents/Developer/Platforms/MacOSX.platform/Developer/SDKs/MacOSX26.1.sdk/usr/include/setjmp.h
/Applications/Xcode.app/Contents/Developer/Platforms/MacOSX.platform/Developer/SDKs/MacOSX26.1.sdk/SDKSettings.json
/Applications/Xcode.app/Contents/Developer/Platforms/MacOSX.platform/Developer/SDKs/MacOSX26.1.sdk/usr/include/_DarwinFoundation2.apinotes
/Applications/Xcode.app/Contents/Developer/Platforms/MacOSX.platform/Developer/SDKs/MacOSX26.1.sdk/usr/include/DarwinFoundation2.modulemap
/Applications/Xcode.app/Contents/Developer/Platforms/MacOSX.platform/Developer/SDKs/MacOSX26.1.sdk/usr/include/DarwinFoundation1.modulemap
/Applications/Xcode.app/Contents/Developer/Platforms/MacOSX.platform/Developer/SDKs/MacOSX26.1.sdk/usr/include/nl_types.h
/Applications/Xcode.app/Contents/Developer/Platforms/MacOSX.platform/Developer/SDKs/MacOSX26.1.sdk/usr/include/sys/types.h
/Applications/Xcode.app/Contents/Developer/Platforms/MacOSX.platform/Developer/SDKs/MacOSX26.1.sdk/usr/include/machine/types.h
/Applications/Xcode.app/Contents/Developer/Platforms/MacOSX.platform/Developer/SDKs/MacOSX26.1.sdk/usr/include/arm/types.h
/Applications/Xcode.app/Contents/Developer/Platforms/MacOSX.platform/Developer/SDKs/MacOSX26.1.sdk/usr/include/arm/_types.h
/Applications/Xcode.app/Contents/Developer/Platforms/MacOSX.platform/Developer/SDKs/MacOSX26.1.sdk/usr/include/sys/_types/_ptrdiff_t.h
/Applications/Xcode.app/Contents/Developer/Toolchains/XcodeDefault.xctoolchain/usr/lib/swift/clang/include/module.modulemap
/Applications/Xcode.app/Contents/Developer/Toolchains/XcodeDefault.xctoolchain/usr/lib/swift/clang/include/stddef.h
/Applications/Xcode.app/Contents/Developer/Platforms/MacOSX.platform/Developer/SDKs/MacOSX26.1.sdk/usr/include/sys/_types/_size_t.h
/Applications/Xcode.app/Contents/Developer/Platforms/MacOSX.platform/Developer/SDKs/MacOSX26.1.sdk/usr/include/sys/_types/_va_list.h
/Applications/Xcode.app/Contents/Developer/Toolchains/XcodeDefault.xctoolchain/usr/lib/swift/clang/include/stdarg.h
/Applications/Xcode.app/Contents/Developer/Platforms/MacOSX.platform/Developer/SDKs/MacOSX26.1.sdk/usr/include/sys/_types/_wchar_t.h
/Applications/Xcode.app/Contents/Developer/Platforms/MacOSX.platform/Developer/SDKs/MacOSX26.1.sdk/usr/include/sys/_types/_int8_t.h
/Applications/Xcode.app/Contents/Developer/Platforms/MacOSX.platform/Developer/SDKs/MacOSX26.1.sdk/usr/include/sys/_types/_int16_t.h
/Applications/Xcode.app/Contents/Developer/Platforms/MacOSX.platform/Developer/SDKs/MacOSX26.1.sdk/usr/include/sys/_types/_int32_t.h
/Applications/Xcode.app/Contents/Developer/Platforms/MacOSX.platform/Developer/SDKs/MacOSX26.1.sdk/usr/include/sys/_types/_int64_t.h
/Applications/Xcode.app/Contents/Developer/Platforms/MacOSX.platform/Developer/SDKs/MacOSX26.1.sdk/usr/include/sys/_types/_intptr_t.h
/Applications/Xcode.app/Contents/Developer/Platforms/MacOSX.platform/Developer/SDKs/MacOSX26.1.sdk/usr/include/machine/_types.h
/Applications/Xcode.app/Contents/Developer/Platforms/MacOSX.platform/Developer/SDKs/MacOSX26.1.sdk/usr/include/sys/_types/_uintptr_t.h
/Applications/Xcode.app/Contents/Developer/Platforms/MacOSX.platform/Developer/SDKs/MacOSX26.1.sdk/usr/include/sys/_types.h
/Applications/Xcode.app/Contents/Developer/Platforms/MacOSX.platform/Developer/SDKs/MacOSX26.1.sdk/usr/include/sys/_types/_null.h
/Applications/Xcode.app/Contents/Developer/Platforms/MacOSX.platform/Developer/SDKs/MacOSX26.1.sdk/usr/include/sys/_pthread/_pthread_types.h
/Applications/Xcode.app/Contents/Developer/Platforms/MacOSX.platform/Developer/SDKs/MacOSX26.1.sdk/usr/include/machine/endian.h
/Applications/Xcode.app/Contents/Developer/Platforms/MacOSX.platform/Developer/SDKs/MacOSX26.1.sdk/usr/include/arm/endian.h
/Applications/Xcode.app/Contents/Developer/Platforms/MacOSX.platform/Developer/SDKs/MacOSX26.1.sdk/usr/include/sys/_endian.h
/Applications/Xcode.app/Contents/Developer/Platforms/MacOSX.platform/Developer/SDKs/MacOSX26.1.sdk/usr/include/libkern/_OSByteOrder.h
/Applications/Xcode.app/Contents/Developer/Platforms/MacOSX.platform/Developer/SDKs/MacOSX26.1.sdk/usr/include/libkern/arm/_OSByteOrder.h
/Applications/Xcode.app/Contents/Developer/Platforms/MacOSX.platform/Developer/SDKs/MacOSX26.1.sdk/usr/include/sys/_types/_caddr_t.h
/Applications/Xcode.app/Contents/Developer/Platforms/MacOSX.platform/Developer/SDKs/MacOSX26.1.sdk/usr/include/sys/_types/_dev_t.h
/Applications/Xcode.app/Contents/Developer/Platforms/MacOSX.platform/Developer/SDKs/MacOSX26.1.sdk/usr/include/sys/_types/_blkcnt_t.h
/Applications/Xcode.app/Contents/Developer/Platforms/MacOSX.platform/Developer/SDKs/MacOSX26.1.sdk/usr/include/sys/_types/_blksize_t.h
/Applications/Xcode.app/Contents/Developer/Platforms/MacOSX.platform/Developer/SDKs/MacOSX26.1.sdk/usr/include/sys/_types/_gid_t.h
/Applications/Xcode.app/Contents/Developer/Platforms/MacOSX.platform/Developer/SDKs/MacOSX26.1.sdk/usr/include/sys/_types/_in_addr_t.h
/Applications/Xcode.app/Contents/Developer/Platforms/MacOSX.platform/Developer/SDKs/MacOSX26.1.sdk/usr/include/sys/_types/_in_port_t.h
/Applications/Xcode.app/Contents/Developer/Platforms/MacOSX.platform/Developer/SDKs/MacOSX26.1.sdk/usr/include/sys/_types/_ino_t.h
/Applications/Xcode.app/Contents/Developer/Platforms/MacOSX.platform/Developer/SDKs/MacOSX26.1.sdk/usr/include/sys/_types/_ino64_t.h
/Applications/Xcode.app/Contents/Developer/Platforms/MacOSX.platform/Developer/SDKs/MacOSX26.1.sdk/usr/include/sys/_types/_key_t.h
/Applications/Xcode.app/Contents/Developer/Platforms/MacOSX.platform/Developer/SDKs/MacOSX26.1.sdk/usr/include/sys/_types/_mode_t.h
/Applications/Xcode.app/Contents/Developer/Platforms/MacOSX.platform/Developer/SDKs/MacOSX26.1.sdk/usr/include/sys/_types/_nlink_t.h
/Applications/Xcode.app/Contents/Developer/Platforms/MacOSX.platform/Developer/SDKs/MacOSX26.1.sdk/usr/include/sys/_types/_id_t.h
/Applications/Xcode.app/Contents/Developer/Platforms/MacOSX.platform/Developer/SDKs/MacOSX26.1.sdk/usr/include/sys/_types/_pid_t.h
/Applications/Xcode.app/Contents/Developer/Platforms/MacOSX.platform/Developer/SDKs/MacOSX26.1.sdk/usr/include/sys/_types/_off_t.h
/Applications/Xcode.app/Contents/Developer/Platforms/MacOSX.platform/Developer/SDKs/MacOSX26.1.sdk/usr/include/sys/_types/_uid_t.h
/Applications/Xcode.app/Contents/Developer/Platforms/MacOSX.platform/Developer/SDKs/MacOSX26.1.sdk/usr/include/sys/_types/_clock_t.h
/Applications/Xcode.app/Contents/Developer/Platforms/MacOSX.platform/Developer/SDKs/MacOSX26.1.sdk/usr/include/sys/_types/_ssize_t.h
/Applications/Xcode.app/Contents/Developer/Platforms/MacOSX.platform/Developer/SDKs/MacOSX26.1.sdk/usr/include/sys/_types/_time_t.h
/Applications/Xcode.app/Contents/Developer/Platforms/MacOSX.platform/Developer/SDKs/MacOSX26.1.sdk/usr/include/sys/_types/_useconds_t.h
/Applications/Xcode.app/Contents/Developer/Platforms/MacOSX.platform/Developer/SDKs/MacOSX26.1.sdk/usr/include/sys/_types/_suseconds_t.h
/Applications/Xcode.app/Contents/Developer/Platforms/MacOSX.platform/Developer/SDKs/MacOSX26.1.sdk/usr/include/sys/_types/_rsize_t.h
/Applications/Xcode.app/Contents/Developer/Platforms/MacOSX.platform/Developer/SDKs/MacOSX26.1.sdk/usr/include/sys/_types/_fd_def.h
/Applications/Xcode.app/Contents/Developer/Platforms/MacOSX.platform/Developer/SDKs/MacOSX26.1.sdk/usr/include/sys/_types/_fd_setsize.h
/Applications/Xcode.app/Contents/Developer/Platforms/MacOSX.platform/Developer/SDKs/MacOSX26.1.sdk/usr/include/sys/_types/_fd_set.h
/Applications/Xcode.app/Contents/Developer/Platforms/MacOSX.platform/Developer/SDKs/MacOSX26.1.sdk/usr/include/sys/_types/_fd_clr.h
/Applications/Xcode.app/Contents/Developer/Platforms/MacOSX.platform/Developer/SDKs/MacOSX26.1.sdk/usr/include/sys/_types/_fd_zero.h
/Applications/Xcode.app/Contents/Developer/Platforms/MacOSX.platform/Developer/SDKs/MacOSX26.1.sdk/usr/include/sys/_types/_fd_isset.h
/Applications/Xcode.app/Contents/Developer/Platforms/MacOSX.platform/Developer/SDKs/MacOSX26.1.sdk/usr/include/sys/_types/_fd_copy.h
/Applications/Xcode.app/Contents/Developer/Platforms/MacOSX.platform/Developer/SDKs/MacOSX26.1.sdk/usr/include/sys/_pthread/_pthread_attr_t.h
/Applications/Xcode.app/Contents/Developer/Platforms/MacOSX.platform/Developer/SDKs/MacOSX26.1.sdk/usr/include/sys/_pthread/_pthread_cond_t.h
/Applications/Xcode.app/Contents/Developer/Platforms/MacOSX.platform/Developer/SDKs/MacOSX26.1.sdk/usr/include/sys/_pthread/_pthread_condattr_t.h
/Applications/Xcode.app/Contents/Developer/Platforms/MacOSX.platform/Developer/SDKs/MacOSX26.1.sdk/usr/include/sys/_pthread/_pthread_mutex_t.h
/Applications/Xcode.app/Contents/Developer/Platforms/MacOSX.platform/Developer/SDKs/MacOSX26.1.sdk/usr/include/sys/_pthread/_pthread_mutexattr_t.h
/Applications/Xcode.app/Contents/Developer/Platforms/MacOSX.platform/Developer/SDKs/MacOSX26.1.sdk/usr/include/sys/_pthread/_pthread_once_t.h
/Applications/Xcode.app/Contents/Developer/Platforms/MacOSX.platform/Developer/SDKs/MacOSX26.1.sdk/usr/include/sys/_pthread/_pthread_rwlock_t.h
/Applications/Xcode.app/Contents/Developer/Platforms/MacOSX.platform/Developer/SDKs/MacOSX26.1.sdk/usr/include/sys/_pthread/_pthread_rwlockattr_t.h
/Applications/Xcode.app/Contents/Developer/Platforms/MacOSX.platform/Developer/SDKs/MacOSX26.1.sdk/usr/include/sys/_pthread/_pthread_t.h
/Applications/Xcode.app/Contents/Developer/Platforms/MacOSX.platform/Developer/SDKs/MacOSX26.1.sdk/usr/include/sys/_pthread/_pthread_key_t.h
/Applications/Xcode.app/Contents/Developer/Platforms/MacOSX.platform/Developer/SDKs/MacOSX26.1.sdk/usr/include/sys/_types/_fsblkcnt_t.h
/Applications/Xcode.app/Contents/Developer/Platforms/MacOSX.platform/Developer/SDKs/MacOSX26.1.sdk/usr/include/sys/_types/_fsfilcnt_t.h
/Applications/Xcode.app/Contents/Developer/Platforms/MacOSX.platform/Developer/SDKs/MacOSX26.1.sdk/usr/include/_types.h
/Applications/Xcode.app/Contents/Developer/Platforms/MacOSX.platform/Developer/SDKs/MacOSX26.1.sdk/usr/include/_types/_nl_item.h
/Applications/Xcode.app/Contents/Developer/Platforms/MacOSX.platform/Developer/SDKs/MacOSX26.1.sdk/usr/include/runetype.h
/Applications/Xcode.app/Contents/Developer/Platforms/MacOSX.platform/Developer/SDKs/MacOSX26.1.sdk/usr/include/sys/_types/_ct_rune_t.h
/Applications/Xcode.app/Contents/Developer/Platforms/MacOSX.platform/Developer/SDKs/MacOSX26.1.sdk/usr/include/sys/_types/_rune_t.h
/Applications/Xcode.app/Contents/Developer/Platforms/MacOSX.platform/Developer/SDKs/MacOSX26.1.sdk/usr/include/sys/_types/_wint_t.h
/Applications/Xcode.app/Contents/Developer/Platforms/MacOSX.platform/Developer/SDKs/MacOSX26.1.sdk/usr/include/alloca.h
/Applications/Xcode.app/Contents/Developer/Platforms/MacOSX.platform/Developer/SDKs/MacOSX26.1.sdk/usr/include/i386/endian.h
/Applications/Xcode.app/Contents/Developer/Platforms/MacOSX.platform/Developer/SDKs/MacOSX26.1.sdk/usr/include/libkern/i386/_OSByteOrder.h
/Applications/Xcode.app/Contents/Developer/Platforms/MacOSX.platform/Developer/SDKs/MacOSX26.1.sdk/usr/include/secure/_common.h
/Applications/Xcode.app/Contents/Developer/Platforms/MacOSX.platform/Developer/SDKs/MacOSX26.1.sdk/usr/include/sys/_types/_mach_port_t.h
/Applications/Xcode.app/Contents/Developer/Platforms/MacOSX.platform/Developer/SDKs/MacOSX26.1.sdk/usr/include/sys/_types/_offsetof.h
/Applications/Xcode.app/Contents/Developer/Platforms/MacOSX.platform/Developer/SDKs/MacOSX26.1.sdk/usr/include/_strings.h
/Applications/Xcode.app/Contents/Developer/Platforms/MacOSX.platform/Developer/SDKs/MacOSX26.1.sdk/usr/include/secure/_strings.h
/Applications/Xcode.app/Contents/Developer/Platforms/MacOSX.platform/Developer/SDKs/MacOSX26.1.sdk/usr/include/sys/_types/_timeval.h
/Applications/Xcode.app/Contents/Developer/Platforms/MacOSX.platform/Developer/SDKs/MacOSX26.1.sdk/usr/include/sys/_types/_uuid_t.h
/Applications/Xcode.app/Contents/Developer/Platforms/MacOSX.platform/Developer/SDKs/MacOSX26.1.sdk/usr/include/i386/types.h
/Applications/Xcode.app/Contents/Developer/Platforms/MacOSX.platform/Developer/SDKs/MacOSX26.1.sdk/usr/include/i386/_types.h
/Applications/Xcode.app/Contents/Developer/Platforms/MacOSX.platform/Developer/SDKs/MacOSX26.1.sdk/usr/include/_ctype.h
/Applications/Xcode.app/Contents/Developer/Platforms/MacOSX.platform/Developer/SDKs/MacOSX26.1.sdk/usr/include/xlocale/_ctype.h
/Applications/Xcode.app/Contents/Developer/Platforms/MacOSX.platform/Developer/SDKs/MacOSX26.1.sdk/usr/include/locale.h
/Applications/Xcode.app/Contents/Developer/Platforms/MacOSX.platform/Developer/SDKs/MacOSX26.1.sdk/usr/include/_locale.h
/Applications/Xcode.app/Contents/Developer/Platforms/MacOSX.platform/Developer/SDKs/MacOSX26.1.sdk/usr/include/_locale_posix2008.h
/Applications/Xcode.app/Contents/Developer/Platforms/MacOSX.platform/Developer/SDKs/MacOSX26.1.sdk/usr/include/stdint.h
/Applications/Xcode.app/Contents/Developer/Platforms/MacOSX.platform/Developer/SDKs/MacOSX26.1.sdk/usr/include/_types/_uint8_t.h
/Applications/Xcode.app/Contents/Developer/Platforms/MacOSX.platform/Developer/SDKs/MacOSX26.1.sdk/usr/include/_types/_uint16_t.h
/Applications/Xcode.app/Contents/Developer/Platforms/MacOSX.platform/Developer/SDKs/MacOSX26.1.sdk/usr/include/_types/_uint32_t.h
/Applications/Xcode.app/Contents/Developer/Platforms/MacOSX.platform/Developer/SDKs/MacOSX26.1.sdk/usr/include/_types/_uint64_t.h
/Applications/Xcode.app/Contents/Developer/Platforms/MacOSX.platform/Developer/SDKs/MacOSX26.1.sdk/usr/include/_types/_intmax_t.h
/Applications/Xcode.app/Contents/Developer/Platforms/MacOSX.platform/Developer/SDKs/MacOSX26.1.sdk/usr/include/_types/_uintmax_t.h
/Applications/Xcode.app/Contents/Developer/Platforms/MacOSX.platform/Developer/SDKs/MacOSX26.1.sdk/usr/include/_stdio.h
/Applications/Xcode.app/Contents/Developer/Platforms/MacOSX.platform/Developer/SDKs/MacOSX26.1.sdk/usr/include/sys/stdio.h
/Applications/Xcode.app/Contents/Developer/Platforms/MacOSX.platform/Developer/SDKs/MacOSX26.1.sdk/usr/include/_printf.h
/Applications/Xcode.app/Contents/Developer/Platforms/MacOSX.platform/Developer/SDKs/MacOSX26.1.sdk/usr/include/sys/_types/_seek_set.h
/Applications/Xcode.app/Contents/Developer/Platforms/MacOSX.platform/Developer/SDKs/MacOSX26.1.sdk/usr/include/_ctermid.h
/Applications/Xcode.app/Contents/Developer/Platforms/MacOSX.platform/Developer/SDKs/MacOSX26.1.sdk/usr/include/secure/_stdio.h
/Applications/Xcode.app/Contents/Developer/Platforms/MacOSX.platform/Developer/SDKs/MacOSX26.1.sdk/usr/include/xlocale/_stdio.h
/Applications/Xcode.app/Contents/Developer/Platforms/MacOSX.platform/Developer/SDKs/MacOSX26.1.sdk/usr/include/_string.h
/Applications/Xcode.app/Contents/Developer/Platforms/MacOSX.platform/Developer/SDKs/MacOSX26.1.sdk/usr/include/secure/_string.h
/Applications/Xcode.app/Contents/Developer/Platforms/MacOSX.platform/Developer/SDKs/MacOSX26.1.sdk/usr/include/xlocale/_string.h
/Applications/Xcode.app/Contents/Developer/Platforms/MacOSX.platform/Developer/SDKs/MacOSX26.1.sdk/usr/include/tgmath.h
/Applications/Xcode.app/Contents/Developer/Platforms/MacOSX.platform/Developer/SDKs/MacOSX26.1.sdk/usr/include/_time.h
/Applications/Xcode.app/Contents/Developer/Platforms/MacOSX.platform/Developer/SDKs/MacOSX26.1.sdk/usr/include/sys/_types/_timespec.h
/Applications/Xcode.app/Contents/Developer/Platforms/MacOSX.platform/Developer/SDKs/MacOSX26.1.sdk/usr/include/xlocale/_time.h
/Applications/Xcode.app/Contents/Developer/Platforms/MacOSX.platform/Developer/SDKs/MacOSX26.1.sdk/SDKSettings.json
/Applications/Xcode.app/Contents/Developer/Toolchains/XcodeDefault.xctoolchain/usr/lib/swift/macosx/prebuilt-modules/26.1/_DarwinFoundation2.swiftmodule/arm64e-apple-macos.swiftmodule
/Applications/Xcode.app/Contents/Developer/Toolchains/XcodeDefault.xctoolchain/usr/lib/swift/macosx/prebuilt-modules/26.1/_DarwinFoundation3.swiftmodule/arm64e-apple-macos.swiftmodule
/Applications/Xcode.app/Contents/Developer/Platforms/MacOSX.platform/Developer/SDKs/MacOSX26.1.sdk/usr/include/DarwinFoundation2.modulemap
/Applications/Xcode.app/Contents/Developer/Platforms/MacOSX.platform/Developer/SDKs/MacOSX26.1.sdk/usr/include/DarwinFoundation3.modulemap
/Applications/Xcode.app/Contents/Developer/Platforms/MacOSX.platform/Developer/SDKs/MacOSX26.1.sdk/usr/include/DarwinFoundation1.modulemap
/Applications/Xcode.app/Contents/Developer/Platforms/MacOSX.platform/Developer/SDKs/MacOSX26.1.sdk/usr/include/pthread/pthread.h
/Applications/Xcode.app/Contents/Developer/Platforms/MacOSX.platform/Developer/SDKs/MacOSX26.1.sdk/usr/include/pthread/sched.h
/Applications/Xcode.app/Contents/Developer/Platforms/MacOSX.platform/Developer/SDKs/MacOSX26.1.sdk/usr/include/pthread/pthread_impl.h
/Applications/Xcode.app/Contents/Developer/Platforms/MacOSX.platform/Developer/SDKs/MacOSX26.1.sdk/usr/include/time.h
/Applications/Xcode.app/Contents/Developer/Platforms/MacOSX.platform/Developer/SDKs/MacOSX26.1.sdk/usr/include/pthread/qos.h
/Applications/Xcode.app/Contents/Developer/Platforms/MacOSX.platform/Developer/SDKs/MacOSX26.1.sdk/usr/include/sys/_types/_sigset_t.h
/Applications/Xcode.app/Contents/Developer/Platforms/MacOSX.platform/Developer/SDKs/MacOSX26.1.sdk/usr/include/sys/resource.h
/Applications/Xcode.app/Contents/Developer/Toolchains/XcodeDefault.xctoolchain/usr/lib/swift/clang/include/module.modulemap
/Applications/Xcode.app/Contents/Developer/Platforms/MacOSX.platform/Developer/SDKs/MacOSX26.1.sdk/usr/include/sys/select.h
/Applications/Xcode.app/Contents/Developer/Platforms/MacOSX.platform/Developer/SDKs/MacOSX26.1.sdk/usr/include/sys/_select.h
/Applications/Xcode.app/Contents/Developer/Platforms/MacOSX.platform/Developer/SDKs/MacOSX26.1.sdk/usr/include/sys/wait.h
/Applications/Xcode.app/Contents/Developer/Platforms/MacOSX.platform/Developer/SDKs/MacOSX26.1.sdk/usr/include/sys/signal.h
/Applications/Xcode.app/Contents/Developer/Platforms/MacOSX.platform/Developer/SDKs/MacOSX26.1.sdk/usr/include/machine/signal.h
/Applications/Xcode.app/Contents/Developer/Platforms/MacOSX.platform/Developer/SDKs/MacOSX26.1.sdk/usr/include/arm/signal.h
/Applications/Xcode.app/Contents/Developer/Platforms/MacOSX.platform/Developer/SDKs/MacOSX26.1.sdk/usr/include/machine/_mcontext.h
/Applications/Xcode.app/Contents/Developer/Platforms/MacOSX.platform/Developer/SDKs/MacOSX26.1.sdk/usr/include/arm/_mcontext.h
/Applications/Xcode.app/Contents/Developer/Platforms/MacOSX.platform/Developer/SDKs/MacOSX26.1.sdk/usr/include/mach/machine/_structs.h
/Applications/Xcode.app/Contents/Developer/Platforms/MacOSX.platform/Developer/SDKs/MacOSX26.1.sdk/usr/include/mach/arm/_structs.h
/Applications/Xcode.app/Contents/Developer/Platforms/MacOSX.platform/Developer/SDKs/MacOSX26.1.sdk/usr/include/sys/_types/_sigaltstack.h
/Applications/Xcode.app/Contents/Developer/Platforms/MacOSX.platform/Developer/SDKs/MacOSX26.1.sdk/usr/include/sys/_types/_ucontext.h
/Applications/Xcode.app/Contents/Developer/Platforms/MacOSX.platform/Developer/SDKs/MacOSX26.1.sdk/usr/include/unistd.h
/Applications/Xcode.app/Contents/Developer/Platforms/MacOSX.platform/Developer/SDKs/MacOSX26.1.sdk/usr/include/sys/unistd.h
/Applications/Xcode.app/Contents/Developer/Platforms/MacOSX.platform/Developer/SDKs/MacOSX26.1.sdk/usr/include/sys/_types/_posix_vdisable.h
/Applications/Xcode.app/Contents/Developer/Platforms/MacOSX.platform/Developer/SDKs/MacOSX26.1.sdk/usr/include/gethostuuid.h
/Applications/Xcode.app/Contents/Developer/Platforms/MacOSX.platform/Developer/SDKs/MacOSX26.1.sdk/usr/include/mach/i386/_structs.h
/Applications/Xcode.app/Contents/Developer/Platforms/MacOSX.platform/Developer/SDKs/MacOSX26.1.sdk/usr/include/_inttypes.h
/Applications/Xcode.app/Contents/Developer/Platforms/MacOSX.platform/Developer/SDKs/MacOSX26.1.sdk/usr/include/xlocale/_inttypes.h
/Applications/Xcode.app/Contents/Developer/Toolchains/XcodeDefault.xctoolchain/usr/lib/swift/clang/include/stddef.h
/Applications/Xcode.app/Contents/Developer/Platforms/MacOSX.platform/Developer/SDKs/MacOSX26.1.sdk/usr/include/signal.h
/Applications/Xcode.app/Contents/Developer/Platforms/MacOSX.platform/Developer/SDKs/MacOSX26.1.sdk/usr/include/i386/signal.h
/Applications/Xcode.app/Contents/Developer/Platforms/MacOSX.platform/Developer/SDKs/MacOSX26.1.sdk/usr/include/i386/_mcontext.h
/Applications/Xcode.app/Contents/Developer/Platforms/MacOSX.platform/Developer/SDKs/MacOSX26.1.sdk/usr/include/_stdlib.h
/Applications/Xcode.app/Contents/Developer/Platforms/MacOSX.platform/Developer/SDKs/MacOSX26.1.sdk/usr/include/malloc/_malloc.h
/Applications/Xcode.app/Contents/Developer/Platforms/MacOSX.platform/Developer/SDKs/MacOSX26.1.sdk/usr/include/malloc/_malloc_type.h
/Applications/Xcode.app/Contents/Developer/Platforms/MacOSX.platform/Developer/SDKs/MacOSX26.1.sdk/usr/include/malloc/_ptrcheck.h
/Applications/Xcode.app/Contents/Developer/Platforms/MacOSX.platform/Developer/SDKs/MacOSX26.1.sdk/usr/include/_abort.h
/Applications/Xcode.app/Contents/Developer/Platforms/MacOSX.platform/Developer/SDKs/MacOSX26.1.sdk/usr/include/xlocale/_stdlib.h
/Applications/Xcode.app/Contents/Developer/Platforms/MacOSX.platform/Developer/SDKs/MacOSX26.1.sdk/usr/include/_wchar.h
/Applications/Xcode.app/Contents/Developer/Platforms/MacOSX.platform/Developer/SDKs/MacOSX26.1.sdk/usr/include/sys/_types/_mbstate_t.h
/Applications/Xcode.app/Contents/Developer/Toolchains/XcodeDefault.xctoolchain/usr/lib/swift/clang/include/stdarg.h
/Applications/Xcode.app/Contents/Developer/Platforms/MacOSX.platform/Developer/SDKs/MacOSX26.1.sdk/usr/include/stdio.h
/Applications/Xcode.app/Contents/Developer/Platforms/MacOSX.platform/Developer/SDKs/MacOSX26.1.sdk/usr/include/__wctype.h
/Applications/Xcode.app/Contents/Developer/Platforms/MacOSX.platform/Developer/SDKs/MacOSX26.1.sdk/usr/include/___wctype.h
/Applications/Xcode.app/Contents/Developer/Platforms/MacOSX.platform/Developer/SDKs/MacOSX26.1.sdk/usr/include/_types/_wctype_t.h
/Applications/Xcode.app/Contents/Developer/Platforms/MacOSX.platform/Developer/SDKs/MacOSX26.1.sdk/usr/include/ctype.h
/Applications/Xcode.app/Contents/Developer/Platforms/MacOSX.platform/Developer/SDKs/MacOSX26.1.sdk/usr/include/xlocale/_wchar.h
/Applications/Xcode.app/Contents/Developer/Platforms/MacOSX.platform/Developer/SDKs/MacOSX26.1.sdk/usr/include/_wctype.h
/Applications/Xcode.app/Contents/Developer/Platforms/MacOSX.platform/Developer/SDKs/MacOSX26.1.sdk/usr/include/_types/_wctrans_t.h
/Applications/Xcode.app/Contents/Developer/Platforms/MacOSX.platform/Developer/SDKs/MacOSX26.1.sdk/usr/include/xlocale/_wctype.h
/Applications/Xcode.app/Contents/Developer/Platforms/MacOSX.platform/Developer/SDKs/MacOSX26.1.sdk/usr/include/xlocale/___wctype.h
/Applications/Xcode.app/Contents/Developer/Platforms/MacOSX.platform/Developer/SDKs/MacOSX26.1.sdk/SDKSettings.json
/Applications/Xcode.app/Contents/Developer/Toolchains/XcodeDefault.xctoolchain/usr/lib/swift/macosx/prebuilt-modules/26.1/_StringProcessing.swiftmodule/arm64e-apple-macos.swiftmodule
/Applications/Xcode.app/Contents/Developer/Platforms/MacOSX.platform/Developer/SDKs/MacOSX26.1.sdk/usr/lib/swift/shims/module.modulemap
/Applications/Xcode.app/Contents/Developer/Platforms/MacOSX.platform/Developer/SDKs/MacOSX26.1.sdk/usr/lib/swift/shims/_SwiftConcurrency.h
/Applications/Xcode.app/Contents/Developer/Platforms/MacOSX.platform/Developer/SDKs/MacOSX26.1.sdk/SDKSettings.json
/Applications/Xcode.app/Contents/Developer/Platforms/MacOSX.platform/Developer/SDKs/MacOSX26.1.sdk/usr/include/launch.modulemap
/Applications/Xcode.app/Contents/Developer/Platforms/MacOSX.platform/Developer/SDKs/MacOSX26.1.sdk/usr/include/Darwin.modulemap
/Applications/Xcode.app/Contents/Developer/Platforms/MacOSX.platform/Developer/SDKs/MacOSX26.1.sdk/usr/include/Darwin_C.modulemap
/Applications/Xcode.app/Contents/Developer/Platforms/MacOSX.platform/Developer/SDKs/MacOSX26.1.sdk/usr/include/Darwin_POSIX.modulemap
/Applications/Xcode.app/Contents/Developer/Platforms/MacOSX.platform/Developer/SDKs/MacOSX26.1.sdk/usr/include/net.modulemap
/Applications/Xcode.app/Contents/Developer/Platforms/MacOSX.platform/Developer/SDKs/MacOSX26.1.sdk/usr/include/netinet.modulemap
/Applications/Xcode.app/Contents/Developer/Platforms/MacOSX.platform/Developer/SDKs/MacOSX26.1.sdk/usr/include/bank.modulemap
/Applications/Xcode.app/Contents/Developer/Platforms/MacOSX.platform/Developer/SDKs/MacOSX26.1.sdk/usr/include/Darwin_Mach.modulemap
/Applications/Xcode.app/Contents/Developer/Platforms/MacOSX.platform/Developer/SDKs/MacOSX26.1.sdk/usr/include/Darwin_Mach_machine.modulemap
/Applications/Xcode.app/Contents/Developer/Platforms/MacOSX.platform/Developer/SDKs/MacOSX26.1.sdk/usr/include/mach_debug.modulemap
/Applications/Xcode.app/Contents/Developer/Platforms/MacOSX.platform/Developer/SDKs/MacOSX26.1.sdk/usr/include/device.modulemap
/Applications/Xcode.app/Contents/Developer/Platforms/MacOSX.platform/Developer/SDKs/MacOSX26.1.sdk/usr/include/Darwin_machine.modulemap
/Applications/Xcode.app/Contents/Developer/Platforms/MacOSX.platform/Developer/SDKs/MacOSX26.1.sdk/usr/include/ncurses.modulemap
/Applications/Xcode.app/Contents/Developer/Platforms/MacOSX.platform/Developer/SDKs/MacOSX26.1.sdk/usr/include/netinet6.modulemap
/Applications/Xcode.app/Contents/Developer/Platforms/MacOSX.platform/Developer/SDKs/MacOSX26.1.sdk/usr/include/Darwin_sys.modulemap
/Applications/Xcode.app/Contents/Developer/Platforms/MacOSX.platform/Developer/SDKs/MacOSX26.1.sdk/usr/include/uuid.modulemap
/Applications/Xcode.app/Contents/Developer/Platforms/MacOSX.platform/Developer/SDKs/MacOSX26.1.sdk/usr/include/DarwinFoundation1.modulemap
/Applications/Xcode.app/Contents/Developer/Platforms/MacOSX.platform/Developer/SDKs/MacOSX26.1.sdk/usr/include/launch.h
/Applications/Xcode.app/Contents/Developer/Toolchains/XcodeDefault.xctoolchain/usr/lib/swift/clang/include/module.modulemap
/Applications/Xcode.app/Contents/Developer/Toolchains/XcodeDefault.xctoolchain/usr/lib/swift/clang/include/stddef.h
/Applications/Xcode.app/Contents/Developer/Platforms/MacOSX.platform/Developer/SDKs/MacOSX26.1.sdk/SDKSettings.json
/Applications/Xcode.app/Contents/Developer/Platforms/MacOSX.platform/Developer/SDKs/MacOSX26.1.sdk/usr/include/libDER/module.modulemap
/Applications/Xcode.app/Contents/Developer/Platforms/MacOSX.platform/Developer/SDKs/MacOSX26.1.sdk/usr/include/libDER/DERItem.h
/Applications/Xcode.app/Contents/Developer/Platforms/MacOSX.platform/Developer/SDKs/MacOSX26.1.sdk/usr/include/libDER/libDER_config.h
/Applications/Xcode.app/Contents/Developer/Toolchains/XcodeDefault.xctoolchain/usr/lib/swift/clang/include/module.modulemap
/Applications/Xcode.app/Contents/Developer/Toolchains/XcodeDefault.xctoolchain/usr/lib/swift/clang/include/stddef.h
/Applications/Xcode.app/Contents/Developer/Platforms/MacOSX.platform/Developer/SDKs/MacOSX26.1.sdk/usr/include/DarwinFoundation2.modulemap
/Applications/Xcode.app/Contents/Developer/Platforms/MacOSX.platform/Developer/SDKs/MacOSX26.1.sdk/usr/include/DarwinFoundation1.modulemap
/Applications/Xcode.app/Contents/Developer/Platforms/MacOSX.platform/Developer/SDKs/MacOSX26.1.sdk/usr/include/string.h
/Applications/Xcode.app/Contents/Developer/Platforms/MacOSX.platform/Developer/SDKs/MacOSX26.1.sdk/SDKSettings.json
/Applications/Xcode.app/Contents/Developer/Platforms/MacOSX.platform/Developer/SDKs/MacOSX26.1.sdk/usr/include/libkern.modulemap
/Applications/Xcode.app/Contents/Developer/Platforms/MacOSX.platform/Developer/SDKs/MacOSX26.1.sdk/usr/include/Darwin.modulemap
/Applications/Xcode.app/Contents/Developer/Platforms/MacOSX.platform/Developer/SDKs/MacOSX26.1.sdk/usr/include/Darwin_C.modulemap
/Applications/Xcode.app/Contents/Developer/Platforms/MacOSX.platform/Developer/SDKs/MacOSX26.1.sdk/usr/include/Darwin_POSIX.modulemap
/Applications/Xcode.app/Contents/Developer/Platforms/MacOSX.platform/Developer/SDKs/MacOSX26.1.sdk/usr/include/net.modulemap
/Applications/Xcode.app/Contents/Developer/Platforms/MacOSX.platform/Developer/SDKs/MacOSX26.1.sdk/usr/include/netinet.modulemap
/Applications/Xcode.app/Contents/Developer/Platforms/MacOSX.platform/Developer/SDKs/MacOSX26.1.sdk/usr/include/bank.modulemap
/Applications/Xcode.app/Contents/Developer/Platforms/MacOSX.platform/Developer/SDKs/MacOSX26.1.sdk/usr/include/Darwin_Mach.modulemap
/Applications/Xcode.app/Contents/Developer/Platforms/MacOSX.platform/Developer/SDKs/MacOSX26.1.sdk/usr/include/Darwin_Mach_machine.modulemap
/Applications/Xcode.app/Contents/Developer/Platforms/MacOSX.platform/Developer/SDKs/MacOSX26.1.sdk/usr/include/mach_debug.modulemap
/Applications/Xcode.app/Contents/Developer/Platforms/MacOSX.platform/Developer/SDKs/MacOSX26.1.sdk/usr/include/device.modulemap
/Applications/Xcode.app/Contents/Developer/Platforms/MacOSX.platform/Developer/SDKs/MacOSX26.1.sdk/usr/include/Darwin_machine.modulemap
/Applications/Xcode.app/Contents/Developer/Platforms/MacOSX.platform/Developer/SDKs/MacOSX26.1.sdk/usr/include/ncurses.modulemap
/Applications/Xcode.app/Contents/Developer/Platforms/MacOSX.platform/Developer/SDKs/MacOSX26.1.sdk/usr/include/netinet6.modulemap
/Applications/Xcode.app/Contents/Developer/Platforms/MacOSX.platform/Developer/SDKs/MacOSX26.1.sdk/usr/include/Darwin_sys.modulemap
/Applications/Xcode.app/Contents/Developer/Platforms/MacOSX.platform/Developer/SDKs/MacOSX26.1.sdk/usr/include/uuid.modulemap
/Applications/Xcode.app/Contents/Developer/Platforms/MacOSX.platform/Developer/SDKs/MacOSX26.1.sdk/usr/include/DarwinFoundation1.modulemap
/Applications/Xcode.app/Contents/Developer/Platforms/MacOSX.platform/Developer/SDKs/MacOSX26.1.sdk/usr/include/libkern/OSCacheControl.h
/Applications/Xcode.app/Contents/Developer/Toolchains/XcodeDefault.xctoolchain/usr/lib/swift/clang/include/module.modulemap
/Applications/Xcode.app/Contents/Developer/Toolchains/XcodeDefault.xctoolchain/usr/lib/swift/clang/include/stddef.h
/Applications/Xcode.app/Contents/Developer/Platforms/MacOSX.platform/Developer/SDKs/MacOSX26.1.sdk/usr/include/libkern/OSDebug.h
/Applications/Xcode.app/Contents/Developer/Platforms/MacOSX.platform/Developer/SDKs/MacOSX26.1.sdk/usr/include/libkern/OSReturn.h
/Applications/Xcode.app/Contents/Developer/Platforms/MacOSX.platform/Developer/SDKs/MacOSX26.1.sdk/usr/include/libkern/OSThermalNotification.h
/Applications/Xcode.app/Contents/Developer/Platforms/MacOSX.platform/Developer/SDKs/MacOSX26.1.sdk/usr/include/libkern/OSTypes.h
/Applications/Xcode.app/Contents/Developer/Platforms/MacOSX.platform/Developer/SDKs/MacOSX26.1.sdk/usr/include/libkern/OSKextLib.h
/Applications/Xcode.app/Contents/Developer/Platforms/MacOSX.platform/Developer/SDKs/MacOSX26.1.sdk/SDKSettings.json
/Applications/Xcode.app/Contents/Developer/Platforms/MacOSX.platform/Developer/SDKs/MacOSX26.1.sdk/usr/include/os.modulemap
/Applications/Xcode.app/Contents/Developer/Platforms/MacOSX.platform/Developer/SDKs/MacOSX26.1.sdk/usr/include/ObjectiveC.modulemap
/Applications/Xcode.app/Contents/Developer/Platforms/MacOSX.platform/Developer/SDKs/MacOSX26.1.sdk/usr/include/Darwin.modulemap
/Applications/Xcode.app/Contents/Developer/Platforms/MacOSX.platform/Developer/SDKs/MacOSX26.1.sdk/usr/include/Darwin_C.modulemap
/Applications/Xcode.app/Contents/Developer/Platforms/MacOSX.platform/Developer/SDKs/MacOSX26.1.sdk/usr/include/Darwin_POSIX.modulemap
/Applications/Xcode.app/Contents/Developer/Platforms/MacOSX.platform/Developer/SDKs/MacOSX26.1.sdk/usr/include/net.modulemap
/Applications/Xcode.app/Contents/Developer/Platforms/MacOSX.platform/Developer/SDKs/MacOSX26.1.sdk/usr/include/netinet.modulemap
/Applications/Xcode.app/Contents/Developer/Platforms/MacOSX.platform/Developer/SDKs/MacOSX26.1.sdk/usr/include/bank.modulemap
/Applications/Xcode.app/Contents/Developer/Platforms/MacOSX.platform/Developer/SDKs/MacOSX26.1.sdk/usr/include/Darwin_Mach.modulemap
/Applications/Xcode.app/Contents/Developer/Platforms/MacOSX.platform/Developer/SDKs/MacOSX26.1.sdk/usr/include/Darwin_Mach_machine.modulemap
/Applications/Xcode.app/Contents/Developer/Platforms/MacOSX.platform/Developer/SDKs/MacOSX26.1.sdk/usr/include/mach_debug.modulemap
/Applications/Xcode.app/Contents/Developer/Platforms/MacOSX.platform/Developer/SDKs/MacOSX26.1.sdk/usr/include/device.modulemap
/Applications/Xcode.app/Contents/Developer/Platforms/MacOSX.platform/Developer/SDKs/MacOSX26.1.sdk/usr/include/Darwin_machine.modulemap
/Applications/Xcode.app/Contents/Developer/Platforms/MacOSX.platform/Developer/SDKs/MacOSX26.1.sdk/usr/include/ncurses.modulemap
/Applications/Xcode.app/Contents/Developer/Platforms/MacOSX.platform/Developer/SDKs/MacOSX26.1.sdk/usr/include/netinet6.modulemap
/Applications/Xcode.app/Contents/Developer/Platforms/MacOSX.platform/Developer/SDKs/MacOSX26.1.sdk/usr/include/Darwin_sys.modulemap
/Applications/Xcode.app/Contents/Developer/Platforms/MacOSX.platform/Developer/SDKs/MacOSX26.1.sdk/usr/include/uuid.modulemap
/Applications/Xcode.app/Contents/Developer/Platforms/MacOSX.platform/Developer/SDKs/MacOSX26.1.sdk/usr/include/DarwinFoundation1.modulemap
/Applications/Xcode.app/Contents/Developer/Platforms/MacOSX.platform/Developer/SDKs/MacOSX26.1.sdk/usr/include/os/object.h
/Applications/Xcode.app/Contents/Developer/Platforms/MacOSX.platform/Developer/SDKs/MacOSX26.1.sdk/SDKSettings.json
/Applications/Xcode.app/Contents/Developer/Platforms/MacOSX.platform/Developer/SDKs/MacOSX26.1.sdk/usr/include/os.modulemap
/Applications/Xcode.app/Contents/Developer/Platforms/MacOSX.platform/Developer/SDKs/MacOSX26.1.sdk/usr/include/Darwin.modulemap
/Applications/Xcode.app/Contents/Developer/Platforms/MacOSX.platform/Developer/SDKs/MacOSX26.1.sdk/usr/include/Darwin_C.modulemap
/Applications/Xcode.app/Contents/Developer/Platforms/MacOSX.platform/Developer/SDKs/MacOSX26.1.sdk/usr/include/Darwin_POSIX.modulemap
/Applications/Xcode.app/Contents/Developer/Platforms/MacOSX.platform/Developer/SDKs/MacOSX26.1.sdk/usr/include/net.modulemap
/Applications/Xcode.app/Contents/Developer/Platforms/MacOSX.platform/Developer/SDKs/MacOSX26.1.sdk/usr/include/netinet.modulemap
/Applications/Xcode.app/Contents/Developer/Platforms/MacOSX.platform/Developer/SDKs/MacOSX26.1.sdk/usr/include/bank.modulemap
/Applications/Xcode.app/Contents/Developer/Platforms/MacOSX.platform/Developer/SDKs/MacOSX26.1.sdk/usr/include/Darwin_Mach.modulemap
/Applications/Xcode.app/Contents/Developer/Platforms/MacOSX.platform/Developer/SDKs/MacOSX26.1.sdk/usr/include/Darwin_Mach_machine.modulemap
/Applications/Xcode.app/Contents/Developer/Platforms/MacOSX.platform/Developer/SDKs/MacOSX26.1.sdk/usr/include/mach_debug.modulemap
/Applications/Xcode.app/Contents/Developer/Platforms/MacOSX.platform/Developer/SDKs/MacOSX26.1.sdk/usr/include/device.modulemap
/Applications/Xcode.app/Contents/Developer/Platforms/MacOSX.platform/Developer/SDKs/MacOSX26.1.sdk/usr/include/Darwin_machine.modulemap
/Applications/Xcode.app/Contents/Developer/Platforms/MacOSX.platform/Developer/SDKs/MacOSX26.1.sdk/usr/include/ncurses.modulemap
/Applications/Xcode.app/Contents/Developer/Platforms/MacOSX.platform/Developer/SDKs/MacOSX26.1.sdk/usr/include/netinet6.modulemap
/Applications/Xcode.app/Contents/Developer/Platforms/MacOSX.platform/Developer/SDKs/MacOSX26.1.sdk/usr/include/Darwin_sys.modulemap
/Applications/Xcode.app/Contents/Developer/Platforms/MacOSX.platform/Developer/SDKs/MacOSX26.1.sdk/usr/include/uuid.modulemap
/Applications/Xcode.app/Contents/Developer/Platforms/MacOSX.platform/Developer/SDKs/MacOSX26.1.sdk/usr/include/DarwinFoundation2.modulemap
/Applications/Xcode.app/Contents/Developer/Platforms/MacOSX.platform/Developer/SDKs/MacOSX26.1.sdk/usr/include/DarwinFoundation3.modulemap
/Applications/Xcode.app/Contents/Developer/Platforms/MacOSX.platform/Developer/SDKs/MacOSX26.1.sdk/usr/include/DarwinFoundation1.modulemap
/Applications/Xcode.app/Contents/Developer/Platforms/MacOSX.platform/Developer/SDKs/MacOSX26.1.sdk/usr/include/os/workgroup.h
/Applications/Xcode.app/Contents/Developer/Platforms/MacOSX.platform/Developer/SDKs/MacOSX26.1.sdk/usr/include/os/workgroup_base.h
/Applications/Xcode.app/Contents/Developer/Toolchains/XcodeDefault.xctoolchain/usr/lib/swift/clang/include/module.modulemap
/Applications/Xcode.app/Contents/Developer/Toolchains/XcodeDefault.xctoolchain/usr/lib/swift/clang/include/stddef.h
/Applications/Xcode.app/Contents/Developer/Platforms/MacOSX.platform/Developer/SDKs/MacOSX26.1.sdk/usr/include/string.h
/Applications/Xcode.app/Contents/Developer/Platforms/MacOSX.platform/Developer/SDKs/MacOSX26.1.sdk/usr/include/stdlib.h
/Applications/Xcode.app/Contents/Developer/Platforms/MacOSX.platform/Developer/SDKs/MacOSX26.1.sdk/usr/include/os/workgroup_object.h
/Applications/Xcode.app/Contents/Developer/Platforms/MacOSX.platform/Developer/SDKs/MacOSX26.1.sdk/usr/include/os/workgroup_interval.h
/Applications/Xcode.app/Contents/Developer/Platforms/MacOSX.platform/Developer/SDKs/MacOSX26.1.sdk/usr/include/os/workgroup_parallel.h
/Applications/Xcode.app/Contents/Developer/Platforms/MacOSX.platform/Developer/SDKs/MacOSX26.1.sdk/SDKSettings.json
/Applications/Xcode.app/Contents/Developer/Toolchains/XcodeDefault.xctoolchain/usr/lib/swift/clang/include/module.modulemap
/Applications/Xcode.app/Contents/Developer/Toolchains/XcodeDefault.xctoolchain/usr/lib/swift/clang/include/ptrauth.h
/Applications/Xcode.app/Contents/Developer/Platforms/MacOSX.platform/Developer/SDKs/MacOSX26.1.sdk/SDKSettings.json
/Applications/Xcode.app/Contents/Developer/Toolchains/XcodeDefault.xctoolchain/usr/lib/swift/clang/include/module.modulemap
/Applications/Xcode.app/Contents/Developer/Toolchains/XcodeDefault.xctoolchain/usr/lib/swift/clang/include/ptrcheck.h
/Applications/Xcode.app/Contents/Developer/Platforms/MacOSX.platform/Developer/SDKs/MacOSX26.1.sdk/SDKSettings.json
/Applications/Xcode.app/Contents/Developer/Platforms/MacOSX.platform/Developer/SDKs/MacOSX26.1.sdk/usr/include/DarwinFoundation2.modulemap
/Applications/Xcode.app/Contents/Developer/Platforms/MacOSX.platform/Developer/SDKs/MacOSX26.1.sdk/usr/include/_modules/_sys_types.h
/Applications/Xcode.app/Contents/Developer/Platforms/MacOSX.platform/Developer/SDKs/MacOSX26.1.sdk/SDKSettings.json

SwiftDriverJobDiscovery normal arm64 Emitting module for IssueReporting (in target 'IssueReporting' from project 'xctest-dynamic-overlay')

SwiftDriver\ Compilation\ Requirements IssueReporting normal arm64 com.apple.xcode.tools.swift.compiler (in target 'IssueReporting' from project 'xctest-dynamic-overlay')
    cd /Users/rogerlin/XCode-Projects/FinancialCalculatorKit-5.0-updated-accent-colors/FinancialCalculatorKit.xcodeproj
    builtin-Swift-Compilation-Requirements -- /Applications/Xcode.app/Contents/Developer/Toolchains/XcodeDefault.xctoolchain/usr/bin/swiftc -module-name IssueReporting -Onone -enforce-exclusivity\=checked @/Users/rogerlin/Library/Developer/Xcode/DerivedData/FinancialCalculatorKit-ackorybalcxbfocbkqsfdzcfkgmn/Build/Intermediates.noindex/xctest-dynamic-overlay.build/Debug/IssueReporting.build/Objects-normal/arm64/IssueReporting.SwiftFileList -DSWIFT_PACKAGE -DDEBUG -DSWIFT_MODULE_RESOURCE_BUNDLE_UNAVAILABLE -DXcode -plugin-path /Applications/Xcode.app/Contents/Developer/Toolchains/XcodeDefault.xctoolchain/usr/lib/swift/host/plugins/testing -enable-experimental-feature DebugDescriptionMacro -sdk /Applications/Xcode.app/Contents/Developer/Platforms/MacOSX.platform/Developer/SDKs/MacOSX26.1.sdk -target arm64-apple-macos10.15 -g -module-cache-path /Users/rogerlin/Library/Developer/Xcode/DerivedData/ModuleCache.noindex -Xfrontend -serialize-debugging-options -profile-coverage-mapping -profile-generate -enable-testing -suppress-warnings -index-store-path /Users/rogerlin/Library/Developer/Xcode/DerivedData/FinancialCalculatorKit-ackorybalcxbfocbkqsfdzcfkgmn/Index.noindex/DataStore -Xcc -D_LIBCPP_HARDENING_MODE\=_LIBCPP_HARDENING_MODE_DEBUG -swift-version 6 -I /Users/rogerlin/Library/Developer/Xcode/DerivedData/FinancialCalculatorKit-ackorybalcxbfocbkqsfdzcfkgmn/Build/Products/Debug -Isystem /Applications/Xcode.app/Contents/Developer/Platforms/MacOSX.platform/Developer/usr/lib -F /Users/rogerlin/Library/Developer/Xcode/DerivedData/FinancialCalculatorKit-ackorybalcxbfocbkqsfdzcfkgmn/Build/Products/Debug -F /Applications/Xcode.app/Contents/Developer/Platforms/MacOSX.platform/Developer/Library/Frameworks -c -j16 -enable-batch-mode -incremental -Xcc -ivfsstatcache -Xcc /Users/rogerlin/Library/Developer/Xcode/DerivedData/SDKStatCaches.noindex/macosx26.1-25B74-3ae1261907bdadc328169391a47051a6.sdkstatcache -output-file-map /Users/rogerlin/Library/Developer/Xcode/DerivedData/FinancialCalculatorKit-ackorybalcxbfocbkqsfdzcfkgmn/Build/Intermediates.noindex/xctest-dynamic-overlay.build/Debug/IssueReporting.build/Objects-normal/arm64/IssueReporting-OutputFileMap.json -use-frontend-parseable-output -save-temps -no-color-diagnostics -explicit-module-build -module-cache-path /Users/rogerlin/Library/Developer/Xcode/DerivedData/FinancialCalculatorKit-ackorybalcxbfocbkqsfdzcfkgmn/Build/Intermediates.noindex/SwiftExplicitPrecompiledModules -clang-scanner-module-cache-path /Users/rogerlin/Library/Developer/Xcode/DerivedData/ModuleCache.noindex -sdk-module-cache-path /Users/rogerlin/Library/Developer/Xcode/DerivedData/ModuleCache.noindex -serialize-diagnostics -emit-dependencies -emit-module -emit-module-path /Users/rogerlin/Library/Developer/Xcode/DerivedData/FinancialCalculatorKit-ackorybalcxbfocbkqsfdzcfkgmn/Build/Intermediates.noindex/xctest-dynamic-overlay.build/Debug/IssueReporting.build/Objects-normal/arm64/IssueReporting.swiftmodule -user-module-version 1.5.2 -validate-clang-modules-once -clang-build-session-file /Users/rogerlin/Library/Developer/Xcode/DerivedData/ModuleCache.noindex/Session.modulevalidation -package-name xctest_dynamic_overlay -Xcc -I/Users/rogerlin/Library/Developer/Xcode/DerivedData/FinancialCalculatorKit-ackorybalcxbfocbkqsfdzcfkgmn/Build/Intermediates.noindex/xctest-dynamic-overlay.build/Debug/IssueReporting.build/swift-overrides.hmap -emit-const-values -Xfrontend -const-gather-protocols-file -Xfrontend /Users/rogerlin/Library/Developer/Xcode/DerivedData/FinancialCalculatorKit-ackorybalcxbfocbkqsfdzcfkgmn/Build/Intermediates.noindex/xctest-dynamic-overlay.build/Debug/IssueReporting.build/Objects-normal/arm64/IssueReporting_const_extract_protocols.json -Xcc -I/Users/rogerlin/Library/Developer/Xcode/DerivedData/FinancialCalculatorKit-ackorybalcxbfocbkqsfdzcfkgmn/Build/Products/Debug/include -Xcc -I/Users/rogerlin/Library/Developer/Xcode/DerivedData/FinancialCalculatorKit-ackorybalcxbfocbkqsfdzcfkgmn/Build/Intermediates.noindex/xctest-dynamic-overlay.build/Debug/IssueReporting.build/DerivedSources-normal/arm64 -Xcc -I/Users/rogerlin/Library/Developer/Xcode/DerivedData/FinancialCalculatorKit-ackorybalcxbfocbkqsfdzcfkgmn/Build/Intermediates.noindex/xctest-dynamic-overlay.build/Debug/IssueReporting.build/DerivedSources/arm64 -Xcc -I/Users/rogerlin/Library/Developer/Xcode/DerivedData/FinancialCalculatorKit-ackorybalcxbfocbkqsfdzcfkgmn/Build/Intermediates.noindex/xctest-dynamic-overlay.build/Debug/IssueReporting.build/DerivedSources -Xcc -DSWIFT_PACKAGE -Xcc -DDEBUG\=1 -emit-objc-header -emit-objc-header-path /Users/rogerlin/Library/Developer/Xcode/DerivedData/FinancialCalculatorKit-ackorybalcxbfocbkqsfdzcfkgmn/Build/Intermediates.noindex/xctest-dynamic-overlay.build/Debug/IssueReporting.build/Objects-normal/arm64/IssueReporting-Swift.h -working-directory /Users/rogerlin/XCode-Projects/FinancialCalculatorKit-5.0-updated-accent-colors/FinancialCalculatorKit.xcodeproj -experimental-emit-module-separately -disable-cmo

    Task input dependencies:
        /Users/rogerlin/Library/Developer/Xcode/DerivedData/FinancialCalculatorKit-ackorybalcxbfocbkqsfdzcfkgmn/SourcePackages/checkouts/xctest-dynamic-overlay/Sources/IssueReporting/ErrorReporting.swift
        /Users/rogerlin/Library/Developer/Xcode/DerivedData/FinancialCalculatorKit-ackorybalcxbfocbkqsfdzcfkgmn/SourcePackages/checkouts/xctest-dynamic-overlay/Sources/IssueReporting/Internal/AppHostWarning.swift
        /Users/rogerlin/Library/Developer/Xcode/DerivedData/FinancialCalculatorKit-ackorybalcxbfocbkqsfdzcfkgmn/SourcePackages/checkouts/xctest-dynamic-overlay/Sources/IssueReporting/Internal/Deprecations.swift
        /Users/rogerlin/Library/Developer/Xcode/DerivedData/FinancialCalculatorKit-ackorybalcxbfocbkqsfdzcfkgmn/SourcePackages/checkouts/xctest-dynamic-overlay/Sources/IssueReporting/Internal/FailureObserver.swift
        /Users/rogerlin/Library/Developer/Xcode/DerivedData/FinancialCalculatorKit-ackorybalcxbfocbkqsfdzcfkgmn/SourcePackages/checkouts/xctest-dynamic-overlay/Sources/IssueReporting/Internal/LockIsolated.swift
        /Users/rogerlin/Library/Developer/Xcode/DerivedData/FinancialCalculatorKit-ackorybalcxbfocbkqsfdzcfkgmn/SourcePackages/checkouts/xctest-dynamic-overlay/Sources/IssueReporting/Internal/Rethrows.swift
        /Users/rogerlin/Library/Developer/Xcode/DerivedData/FinancialCalculatorKit-ackorybalcxbfocbkqsfdzcfkgmn/SourcePackages/checkouts/xctest-dynamic-overlay/Sources/IssueReporting/Internal/SwiftTesting.swift
        /Users/rogerlin/Library/Developer/Xcode/DerivedData/FinancialCalculatorKit-ackorybalcxbfocbkqsfdzcfkgmn/SourcePackages/checkouts/xctest-dynamic-overlay/Sources/IssueReporting/Internal/UncheckedSendable.swift
        /Users/rogerlin/Library/Developer/Xcode/DerivedData/FinancialCalculatorKit-ackorybalcxbfocbkqsfdzcfkgmn/SourcePackages/checkouts/xctest-dynamic-overlay/Sources/IssueReporting/Internal/Warn.swift
        /Users/rogerlin/Library/Developer/Xcode/DerivedData/FinancialCalculatorKit-ackorybalcxbfocbkqsfdzcfkgmn/SourcePackages/checkouts/xctest-dynamic-overlay/Sources/IssueReporting/Internal/XCTest.swift
        /Users/rogerlin/Library/Developer/Xcode/DerivedData/FinancialCalculatorKit-ackorybalcxbfocbkqsfdzcfkgmn/SourcePackages/checkouts/xctest-dynamic-overlay/Sources/IssueReporting/IsTesting.swift
        /Users/rogerlin/Library/Developer/Xcode/DerivedData/FinancialCalculatorKit-ackorybalcxbfocbkqsfdzcfkgmn/SourcePackages/checkouts/xctest-dynamic-overlay/Sources/IssueReporting/IssueReporter.swift
        /Users/rogerlin/Library/Developer/Xcode/DerivedData/FinancialCalculatorKit-ackorybalcxbfocbkqsfdzcfkgmn/SourcePackages/checkouts/xctest-dynamic-overlay/Sources/IssueReporting/IssueReporters/BreakpointReporter.swift
        /Users/rogerlin/Library/Developer/Xcode/DerivedData/FinancialCalculatorKit-ackorybalcxbfocbkqsfdzcfkgmn/SourcePackages/checkouts/xctest-dynamic-overlay/Sources/IssueReporting/IssueReporters/FatalErrorReporter.swift
        /Users/rogerlin/Library/Developer/Xcode/DerivedData/FinancialCalculatorKit-ackorybalcxbfocbkqsfdzcfkgmn/SourcePackages/checkouts/xctest-dynamic-overlay/Sources/IssueReporting/IssueReporters/RuntimeWarningReporter.swift
        /Users/rogerlin/Library/Developer/Xcode/DerivedData/FinancialCalculatorKit-ackorybalcxbfocbkqsfdzcfkgmn/SourcePackages/checkouts/xctest-dynamic-overlay/Sources/IssueReporting/ReportIssue.swift
        /Users/rogerlin/Library/Developer/Xcode/DerivedData/FinancialCalculatorKit-ackorybalcxbfocbkqsfdzcfkgmn/SourcePackages/checkouts/xctest-dynamic-overlay/Sources/IssueReporting/TestContext.swift
        /Users/rogerlin/Library/Developer/Xcode/DerivedData/FinancialCalculatorKit-ackorybalcxbfocbkqsfdzcfkgmn/SourcePackages/checkouts/xctest-dynamic-overlay/Sources/IssueReporting/Unimplemented.swift
        /Users/rogerlin/Library/Developer/Xcode/DerivedData/FinancialCalculatorKit-ackorybalcxbfocbkqsfdzcfkgmn/SourcePackages/checkouts/xctest-dynamic-overlay/Sources/IssueReporting/WithExpectedIssue.swift
        /Users/rogerlin/Library/Developer/Xcode/DerivedData/FinancialCalculatorKit-ackorybalcxbfocbkqsfdzcfkgmn/SourcePackages/checkouts/xctest-dynamic-overlay/Sources/IssueReporting/WithIssueContext.swift
        /Users/rogerlin/Library/Developer/Xcode/DerivedData/FinancialCalculatorKit-ackorybalcxbfocbkqsfdzcfkgmn/Build/Intermediates.noindex/xctest-dynamic-overlay.build/Debug/IssueReporting.build/Objects-normal/arm64/IssueReporting.SwiftFileList
        /Users/rogerlin/Library/Developer/Xcode/DerivedData/FinancialCalculatorKit-ackorybalcxbfocbkqsfdzcfkgmn/Build/Intermediates.noindex/xctest-dynamic-overlay.build/Debug/IssueReporting.build/Objects-normal/arm64/IssueReporting-OutputFileMap.json
        /Users/rogerlin/Library/Developer/Xcode/DerivedData/FinancialCalculatorKit-ackorybalcxbfocbkqsfdzcfkgmn/Build/Intermediates.noindex/xctest-dynamic-overlay.build/Debug/IssueReporting.build/Objects-normal/arm64/IssueReporting_const_extract_protocols.json
        /Users/rogerlin/Library/Developer/Xcode/DerivedData/FinancialCalculatorKit-ackorybalcxbfocbkqsfdzcfkgmn/Build/Intermediates.noindex/GeneratedModuleMaps/IssueReporting.modulemap
        /Users/rogerlin/Library/Developer/Xcode/DerivedData/FinancialCalculatorKit-ackorybalcxbfocbkqsfdzcfkgmn/SourcePackages/checkouts/xctest-dynamic-overlay/Sources/IssueReporting/ErrorReporting.swift
        /Users/rogerlin/Library/Developer/Xcode/DerivedData/FinancialCalculatorKit-ackorybalcxbfocbkqsfdzcfkgmn/SourcePackages/checkouts/xctest-dynamic-overlay/Sources/IssueReporting/Internal/AppHostWarning.swift
        /Users/rogerlin/Library/Developer/Xcode/DerivedData/FinancialCalculatorKit-ackorybalcxbfocbkqsfdzcfkgmn/SourcePackages/checkouts/xctest-dynamic-overlay/Sources/IssueReporting/Internal/Deprecations.swift
        /Users/rogerlin/Library/Developer/Xcode/DerivedData/FinancialCalculatorKit-ackorybalcxbfocbkqsfdzcfkgmn/SourcePackages/checkouts/xctest-dynamic-overlay/Sources/IssueReporting/Internal/FailureObserver.swift
        /Users/rogerlin/Library/Developer/Xcode/DerivedData/FinancialCalculatorKit-ackorybalcxbfocbkqsfdzcfkgmn/SourcePackages/checkouts/xctest-dynamic-overlay/Sources/IssueReporting/Internal/LockIsolated.swift
        /Users/rogerlin/Library/Developer/Xcode/DerivedData/FinancialCalculatorKit-ackorybalcxbfocbkqsfdzcfkgmn/SourcePackages/checkouts/xctest-dynamic-overlay/Sources/IssueReporting/Internal/Rethrows.swift
        /Users/rogerlin/Library/Developer/Xcode/DerivedData/FinancialCalculatorKit-ackorybalcxbfocbkqsfdzcfkgmn/SourcePackages/checkouts/xctest-dynamic-overlay/Sources/IssueReporting/Internal/SwiftTesting.swift
        /Users/rogerlin/Library/Developer/Xcode/DerivedData/FinancialCalculatorKit-ackorybalcxbfocbkqsfdzcfkgmn/SourcePackages/checkouts/xctest-dynamic-overlay/Sources/IssueReporting/Internal/UncheckedSendable.swift
        /Users/rogerlin/Library/Developer/Xcode/DerivedData/FinancialCalculatorKit-ackorybalcxbfocbkqsfdzcfkgmn/SourcePackages/checkouts/xctest-dynamic-overlay/Sources/IssueReporting/Internal/Warn.swift
        /Users/rogerlin/Library/Developer/Xcode/DerivedData/FinancialCalculatorKit-ackorybalcxbfocbkqsfdzcfkgmn/SourcePackages/checkouts/xctest-dynamic-overlay/Sources/IssueReporting/Internal/XCTest.swift
        /Users/rogerlin/Library/Developer/Xcode/DerivedData/FinancialCalculatorKit-ackorybalcxbfocbkqsfdzcfkgmn/SourcePackages/checkouts/xctest-dynamic-overlay/Sources/IssueReporting/IsTesting.swift
        /Users/rogerlin/Library/Developer/Xcode/DerivedData/FinancialCalculatorKit-ackorybalcxbfocbkqsfdzcfkgmn/SourcePackages/checkouts/xctest-dynamic-overlay/Sources/IssueReporting/IssueReporter.swift
        /Users/rogerlin/Library/Developer/Xcode/DerivedData/FinancialCalculatorKit-ackorybalcxbfocbkqsfdzcfkgmn/SourcePackages/checkouts/xctest-dynamic-overlay/Sources/IssueReporting/IssueReporters/BreakpointReporter.swift
        /Users/rogerlin/Library/Developer/Xcode/DerivedData/FinancialCalculatorKit-ackorybalcxbfocbkqsfdzcfkgmn/SourcePackages/checkouts/xctest-dynamic-overlay/Sources/IssueReporting/IssueReporters/FatalErrorReporter.swift
        /Users/rogerlin/Library/Developer/Xcode/DerivedData/FinancialCalculatorKit-ackorybalcxbfocbkqsfdzcfkgmn/SourcePackages/checkouts/xctest-dynamic-overlay/Sources/IssueReporting/IssueReporters/RuntimeWarningReporter.swift
        /Users/rogerlin/Library/Developer/Xcode/DerivedData/FinancialCalculatorKit-ackorybalcxbfocbkqsfdzcfkgmn/SourcePackages/checkouts/xctest-dynamic-overlay/Sources/IssueReporting/ReportIssue.swift
        /Users/rogerlin/Library/Developer/Xcode/DerivedData/FinancialCalculatorKit-ackorybalcxbfocbkqsfdzcfkgmn/SourcePackages/checkouts/xctest-dynamic-overlay/Sources/IssueReporting/TestContext.swift
        /Users/rogerlin/Library/Developer/Xcode/DerivedData/FinancialCalculatorKit-ackorybalcxbfocbkqsfdzcfkgmn/SourcePackages/checkouts/xctest-dynamic-overlay/Sources/IssueReporting/Unimplemented.swift
        /Users/rogerlin/Library/Developer/Xcode/DerivedData/FinancialCalculatorKit-ackorybalcxbfocbkqsfdzcfkgmn/SourcePackages/checkouts/xctest-dynamic-overlay/Sources/IssueReporting/WithExpectedIssue.swift
        /Users/rogerlin/Library/Developer/Xcode/DerivedData/FinancialCalculatorKit-ackorybalcxbfocbkqsfdzcfkgmn/SourcePackages/checkouts/xctest-dynamic-overlay/Sources/IssueReporting/WithIssueContext.swift
        /Users/rogerlin/Library/Developer/Xcode/DerivedData/FinancialCalculatorKit-ackorybalcxbfocbkqsfdzcfkgmn/Build/Intermediates.noindex/xctest-dynamic-overlay.build/Debug/IssueReporting.build/Objects-normal/arm64/IssueReporting.SwiftFileList
        /Users/rogerlin/Library/Developer/Xcode/DerivedData/FinancialCalculatorKit-ackorybalcxbfocbkqsfdzcfkgmn/Build/Intermediates.noindex/xctest-dynamic-overlay.build/Debug/IssueReporting.build/Objects-normal/arm64/IssueReporting-OutputFileMap.json
        /Users/rogerlin/Library/Developer/Xcode/DerivedData/FinancialCalculatorKit-ackorybalcxbfocbkqsfdzcfkgmn/Build/Intermediates.noindex/xctest-dynamic-overlay.build/Debug/IssueReporting.build/Objects-normal/arm64/IssueReporting_const_extract_protocols.json
        /Users/rogerlin/Library/Developer/Xcode/DerivedData/FinancialCalculatorKit-ackorybalcxbfocbkqsfdzcfkgmn/Build/Intermediates.noindex/GeneratedModuleMaps/IssueReporting.modulemap
        <ClangStatCache /Users/rogerlin/Library/Developer/Xcode/DerivedData/SDKStatCaches.noindex/macosx26.1-25B74-3ae1261907bdadc328169391a47051a6.sdkstatcache>
        <target-IssueReporting-PACKAGE-TARGET:IssueReporting-SDKROOT:macosx:SDK_VARIANT:macos-copy-headers-completion>
        <target-IssueReporting-PACKAGE-TARGET:IssueReporting-SDKROOT:macosx:SDK_VARIANT:macos-ModuleVerifierTaskProducer>
        <target-IssueReporting-PACKAGE-TARGET:IssueReporting-SDKROOT:macosx:SDK_VARIANT:macos-begin-compiling>
        <WorkspaceHeaderMapVFSFilesWritten>

    Task output dependencies:
        /Users/rogerlin/Library/Developer/Xcode/DerivedData/FinancialCalculatorKit-ackorybalcxbfocbkqsfdzcfkgmn/Build/Intermediates.noindex/xctest-dynamic-overlay.build/Debug/IssueReporting.build/Objects-normal/arm64/IssueReporting Swift Compilation Requirements Finished
        /Users/rogerlin/Library/Developer/Xcode/DerivedData/FinancialCalculatorKit-ackorybalcxbfocbkqsfdzcfkgmn/Build/Intermediates.noindex/xctest-dynamic-overlay.build/Debug/IssueReporting.build/Objects-normal/arm64/IssueReporting.swiftmodule
        /Users/rogerlin/Library/Developer/Xcode/DerivedData/FinancialCalculatorKit-ackorybalcxbfocbkqsfdzcfkgmn/Build/Intermediates.noindex/xctest-dynamic-overlay.build/Debug/IssueReporting.build/Objects-normal/arm64/IssueReporting-linker-args.resp
        /Users/rogerlin/Library/Developer/Xcode/DerivedData/FinancialCalculatorKit-ackorybalcxbfocbkqsfdzcfkgmn/Build/Intermediates.noindex/xctest-dynamic-overlay.build/Debug/IssueReporting.build/Objects-normal/arm64/IssueReporting.swiftsourceinfo
        /Users/rogerlin/Library/Developer/Xcode/DerivedData/FinancialCalculatorKit-ackorybalcxbfocbkqsfdzcfkgmn/Build/Intermediates.noindex/xctest-dynamic-overlay.build/Debug/IssueReporting.build/Objects-normal/arm64/IssueReporting.abi.json
        /Users/rogerlin/Library/Developer/Xcode/DerivedData/FinancialCalculatorKit-ackorybalcxbfocbkqsfdzcfkgmn/Build/Intermediates.noindex/xctest-dynamic-overlay.build/Debug/IssueReporting.build/Objects-normal/arm64/IssueReporting-Swift.h
        /Users/rogerlin/Library/Developer/Xcode/DerivedData/FinancialCalculatorKit-ackorybalcxbfocbkqsfdzcfkgmn/Build/Intermediates.noindex/xctest-dynamic-overlay.build/Debug/IssueReporting.build/Objects-normal/arm64/IssueReporting.swiftdoc
Discovered dependency nodes:
/Applications/Xcode.app/Contents/Developer/Platforms/MacOSX.platform/Developer/SDKs/MacOSX26.1.sdk/System/Library/Frameworks/CFNetwork.framework/Modules/module.modulemap
/Applications/Xcode.app/Contents/Developer/Platforms/MacOSX.platform/Developer/SDKs/MacOSX26.1.sdk/System/Library/Frameworks/CFNetwork.framework/Headers/CFNetwork.h
/Applications/Xcode.app/Contents/Developer/Platforms/MacOSX.platform/Developer/SDKs/MacOSX26.1.sdk/System/Library/Frameworks/CoreFoundation.framework/Modules/module.modulemap
/Applications/Xcode.app/Contents/Developer/Platforms/MacOSX.platform/Developer/SDKs/MacOSX26.1.sdk/System/Library/Frameworks/CFNetwork.framework/Headers/CFNetworkDefs.h
/Applications/Xcode.app/Contents/Developer/Platforms/MacOSX.platform/Developer/SDKs/MacOSX26.1.sdk/usr/include/Darwin.modulemap
/Applications/Xcode.app/Contents/Developer/Platforms/MacOSX.platform/Developer/SDKs/MacOSX26.1.sdk/System/Library/Frameworks/CFNetwork.framework/Headers/CFNetworkErrors.h
/Applications/Xcode.app/Contents/Developer/Platforms/MacOSX.platform/Developer/SDKs/MacOSX26.1.sdk/System/Library/Frameworks/CFNetwork.framework/Headers/CFSocketStream.h
/Applications/Xcode.app/Contents/Developer/Platforms/MacOSX.platform/Developer/SDKs/MacOSX26.1.sdk/System/Library/Frameworks/CFNetwork.framework/Headers/CFHost.h
/Applications/Xcode.app/Contents/Developer/Platforms/MacOSX.platform/Developer/SDKs/MacOSX26.1.sdk/System/Library/Frameworks/CFNetwork.framework/Headers/CFNetServices.h
/Applications/Xcode.app/Contents/Developer/Platforms/MacOSX.platform/Developer/SDKs/MacOSX26.1.sdk/System/Library/Frameworks/CFNetwork.framework/Headers/CFFTPStream.h
/Applications/Xcode.app/Contents/Developer/Platforms/MacOSX.platform/Developer/SDKs/MacOSX26.1.sdk/System/Library/Frameworks/CFNetwork.framework/Headers/CFHTTPMessage.h
/Applications/Xcode.app/Contents/Developer/Platforms/MacOSX.platform/Developer/SDKs/MacOSX26.1.sdk/System/Library/Frameworks/CFNetwork.framework/Headers/CFHTTPStream.h
/Applications/Xcode.app/Contents/Developer/Platforms/MacOSX.platform/Developer/SDKs/MacOSX26.1.sdk/System/Library/Frameworks/CFNetwork.framework/Headers/CFHTTPAuthentication.h
/Applications/Xcode.app/Contents/Developer/Platforms/MacOSX.platform/Developer/SDKs/MacOSX26.1.sdk/System/Library/Frameworks/CFNetwork.framework/Headers/CFNetDiagnostics.h
/Applications/Xcode.app/Contents/Developer/Toolchains/XcodeDefault.xctoolchain/usr/lib/swift/clang/include/module.modulemap
/Applications/Xcode.app/Contents/Developer/Platforms/MacOSX.platform/Developer/SDKs/MacOSX26.1.sdk/System/Library/Frameworks/CFNetwork.framework/Headers/CFProxySupport.h
/Applications/Xcode.app/Contents/Developer/Platforms/MacOSX.platform/Developer/SDKs/MacOSX26.1.sdk/SDKSettings.json
/Applications/Xcode.app/Contents/Developer/Toolchains/XcodeDefault.xctoolchain/usr/lib/swift/macosx/prebuilt-modules/26.1/Combine.swiftmodule/arm64e-apple-macos.swiftmodule
/Applications/Xcode.app/Contents/Developer/Platforms/MacOSX.platform/Developer/SDKs/MacOSX26.1.sdk/System/Library/Frameworks/CoreFoundation.framework/Modules/module.modulemap
/Applications/Xcode.app/Contents/Developer/Platforms/MacOSX.platform/Developer/SDKs/MacOSX26.1.sdk/System/Library/Frameworks/CoreFoundation.framework/Headers/CoreFoundation.h
/Applications/Xcode.app/Contents/Developer/Platforms/MacOSX.platform/Developer/SDKs/MacOSX26.1.sdk/usr/include/dispatch.modulemap
/Applications/Xcode.app/Contents/Developer/Platforms/MacOSX.platform/Developer/SDKs/MacOSX26.1.sdk/usr/include/Darwin.modulemap
/Applications/Xcode.app/Contents/Developer/Platforms/MacOSX.platform/Developer/SDKs/MacOSX26.1.sdk/usr/include/Darwin_C.modulemap
/Applications/Xcode.app/Contents/Developer/Platforms/MacOSX.platform/Developer/SDKs/MacOSX26.1.sdk/usr/include/Darwin_POSIX.modulemap
/Applications/Xcode.app/Contents/Developer/Platforms/MacOSX.platform/Developer/SDKs/MacOSX26.1.sdk/usr/include/net.modulemap
/Applications/Xcode.app/Contents/Developer/Platforms/MacOSX.platform/Developer/SDKs/MacOSX26.1.sdk/usr/include/netinet.modulemap
/Applications/Xcode.app/Contents/Developer/Platforms/MacOSX.platform/Developer/SDKs/MacOSX26.1.sdk/usr/include/bank.modulemap
/Applications/Xcode.app/Contents/Developer/Platforms/MacOSX.platform/Developer/SDKs/MacOSX26.1.sdk/usr/include/Darwin_Mach.modulemap
/Applications/Xcode.app/Contents/Developer/Platforms/MacOSX.platform/Developer/SDKs/MacOSX26.1.sdk/usr/include/Darwin_Mach_machine.modulemap
/Applications/Xcode.app/Contents/Developer/Platforms/MacOSX.platform/Developer/SDKs/MacOSX26.1.sdk/usr/include/mach_debug.modulemap
/Applications/Xcode.app/Contents/Developer/Platforms/MacOSX.platform/Developer/SDKs/MacOSX26.1.sdk/usr/include/device.modulemap
/Applications/Xcode.app/Contents/Developer/Platforms/MacOSX.platform/Developer/SDKs/MacOSX26.1.sdk/usr/include/Darwin_machine.modulemap
/Applications/Xcode.app/Contents/Developer/Platforms/MacOSX.platform/Developer/SDKs/MacOSX26.1.sdk/usr/include/ncurses.modulemap
/Applications/Xcode.app/Contents/Developer/Platforms/MacOSX.platform/Developer/SDKs/MacOSX26.1.sdk/usr/include/netinet6.modulemap
/Applications/Xcode.app/Contents/Developer/Platforms/MacOSX.platform/Developer/SDKs/MacOSX26.1.sdk/usr/include/Darwin_sys.modulemap
/Applications/Xcode.app/Contents/Developer/Platforms/MacOSX.platform/Developer/SDKs/MacOSX26.1.sdk/usr/include/uuid.modulemap
/Applications/Xcode.app/Contents/Developer/Platforms/MacOSX.platform/Developer/SDKs/MacOSX26.1.sdk/usr/include/DarwinFoundation2.modulemap
/Applications/Xcode.app/Contents/Developer/Platforms/MacOSX.platform/Developer/SDKs/MacOSX26.1.sdk/usr/include/DarwinFoundation3.modulemap
/Applications/Xcode.app/Contents/Developer/Platforms/MacOSX.platform/Developer/SDKs/MacOSX26.1.sdk/usr/include/DarwinFoundation1.modulemap
/Applications/Xcode.app/Contents/Developer/Toolchains/XcodeDefault.xctoolchain/usr/lib/swift/clang/include/module.modulemap
/Applications/Xcode.app/Contents/Developer/Toolchains/XcodeDefault.xctoolchain/usr/lib/swift/clang/include/stdarg.h
/Applications/Xcode.app/Contents/Developer/Platforms/MacOSX.platform/Developer/SDKs/MacOSX26.1.sdk/usr/include/assert.h
/Applications/Xcode.app/Contents/Developer/Platforms/MacOSX.platform/Developer/SDKs/MacOSX26.1.sdk/usr/include/ctype.h
/Applications/Xcode.app/Contents/Developer/Toolchains/XcodeDefault.xctoolchain/usr/lib/swift/clang/include/stddef.h
/Applications/Xcode.app/Contents/Developer/Platforms/MacOSX.platform/Developer/SDKs/MacOSX26.1.sdk/usr/include/stdio.h
/Applications/Xcode.app/Contents/Developer/Platforms/MacOSX.platform/Developer/SDKs/MacOSX26.1.sdk/usr/include/stdlib.h
/Applications/Xcode.app/Contents/Developer/Platforms/MacOSX.platform/Developer/SDKs/MacOSX26.1.sdk/usr/include/string.h
/Applications/Xcode.app/Contents/Developer/Platforms/MacOSX.platform/Developer/SDKs/MacOSX26.1.sdk/usr/include/time.h
/Applications/Xcode.app/Contents/Developer/Platforms/MacOSX.platform/Developer/SDKs/MacOSX26.1.sdk/System/Library/Frameworks/CoreFoundation.framework/Headers/CFBase.h
/Applications/Xcode.app/Contents/Developer/Platforms/MacOSX.platform/Developer/SDKs/MacOSX26.1.sdk/System/Library/Frameworks/CoreFoundation.framework/Headers/CFAvailability.h
/Applications/Xcode.app/Contents/Developer/Platforms/MacOSX.platform/Developer/SDKs/MacOSX26.1.sdk/System/Library/Frameworks/CoreFoundation.framework/Headers/CFArray.h
/Applications/Xcode.app/Contents/Developer/Platforms/MacOSX.platform/Developer/SDKs/MacOSX26.1.sdk/System/Library/Frameworks/CoreFoundation.framework/Headers/CFBag.h
/Applications/Xcode.app/Contents/Developer/Platforms/MacOSX.platform/Developer/SDKs/MacOSX26.1.sdk/System/Library/Frameworks/CoreFoundation.framework/Headers/CFBinaryHeap.h
/Applications/Xcode.app/Contents/Developer/Platforms/MacOSX.platform/Developer/SDKs/MacOSX26.1.sdk/System/Library/Frameworks/CoreFoundation.framework/Headers/CFBitVector.h
/Applications/Xcode.app/Contents/Developer/Platforms/MacOSX.platform/Developer/SDKs/MacOSX26.1.sdk/System/Library/Frameworks/CoreFoundation.framework/Headers/CFByteOrder.h
/Applications/Xcode.app/Contents/Developer/Platforms/MacOSX.platform/Developer/SDKs/MacOSX26.1.sdk/System/Library/Frameworks/CoreFoundation.framework/Headers/CFCalendar.h
/Applications/Xcode.app/Contents/Developer/Platforms/MacOSX.platform/Developer/SDKs/MacOSX26.1.sdk/System/Library/Frameworks/CoreFoundation.framework/Headers/CFLocale.h
/Applications/Xcode.app/Contents/Developer/Platforms/MacOSX.platform/Developer/SDKs/MacOSX26.1.sdk/System/Library/Frameworks/CoreFoundation.framework/Headers/CFDictionary.h
/Applications/Xcode.app/Contents/Developer/Platforms/MacOSX.platform/Developer/SDKs/MacOSX26.1.sdk/System/Library/Frameworks/CoreFoundation.framework/Headers/CFNotificationCenter.h
/Applications/Xcode.app/Contents/Developer/Platforms/MacOSX.platform/Developer/SDKs/MacOSX26.1.sdk/System/Library/Frameworks/CoreFoundation.framework/Headers/CFDate.h
/Applications/Xcode.app/Contents/Developer/Platforms/MacOSX.platform/Developer/SDKs/MacOSX26.1.sdk/System/Library/Frameworks/CoreFoundation.framework/Headers/CFTimeZone.h
/Applications/Xcode.app/Contents/Developer/Platforms/MacOSX.platform/Developer/SDKs/MacOSX26.1.sdk/System/Library/Frameworks/CoreFoundation.framework/Headers/CFData.h
/Applications/Xcode.app/Contents/Developer/Platforms/MacOSX.platform/Developer/SDKs/MacOSX26.1.sdk/System/Library/Frameworks/CoreFoundation.framework/Headers/CFString.h
/Applications/Xcode.app/Contents/Developer/Platforms/MacOSX.platform/Developer/SDKs/MacOSX26.1.sdk/System/Library/Frameworks/CoreFoundation.framework/Headers/CFCharacterSet.h
/Applications/Xcode.app/Contents/Developer/Platforms/MacOSX.platform/Developer/SDKs/MacOSX26.1.sdk/System/Library/Frameworks/CoreFoundation.framework/Headers/CFError.h
/Applications/Xcode.app/Contents/Developer/Platforms/MacOSX.platform/Developer/SDKs/MacOSX26.1.sdk/System/Library/Frameworks/CoreFoundation.framework/Headers/CFCGTypes.h
/Applications/Xcode.app/Contents/Developer/Platforms/MacOSX.platform/Developer/SDKs/MacOSX26.1.sdk/System/Library/Frameworks/CoreFoundation.framework/Headers/CFDateFormatter.h
/Applications/Xcode.app/Contents/Developer/Platforms/MacOSX.platform/Developer/SDKs/MacOSX26.1.sdk/System/Library/Frameworks/CoreFoundation.framework/Headers/CFNumber.h
/Applications/Xcode.app/Contents/Developer/Platforms/MacOSX.platform/Developer/SDKs/MacOSX26.1.sdk/System/Library/Frameworks/CoreFoundation.framework/Headers/CFNumberFormatter.h
/Applications/Xcode.app/Contents/Developer/Platforms/MacOSX.platform/Developer/SDKs/MacOSX26.1.sdk/System/Library/Frameworks/CoreFoundation.framework/Headers/CFPreferences.h
/Applications/Xcode.app/Contents/Developer/Platforms/MacOSX.platform/Developer/SDKs/MacOSX26.1.sdk/System/Library/Frameworks/CoreFoundation.framework/Headers/CFPropertyList.h
/Applications/Xcode.app/Contents/Developer/Platforms/MacOSX.platform/Developer/SDKs/MacOSX26.1.sdk/System/Library/Frameworks/CoreFoundation.framework/Headers/CFStream.h
/Applications/Xcode.app/Contents/Developer/Platforms/MacOSX.platform/Developer/SDKs/MacOSX26.1.sdk/System/Library/Frameworks/CoreFoundation.framework/Headers/CFURL.h
/Applications/Xcode.app/Contents/Developer/Platforms/MacOSX.platform/Developer/SDKs/MacOSX26.1.sdk/System/Library/Frameworks/CoreFoundation.framework/Headers/CFRunLoop.h
/Applications/Xcode.app/Contents/Developer/Platforms/MacOSX.platform/Developer/SDKs/MacOSX26.1.sdk/System/Library/Frameworks/CoreFoundation.framework/Headers/CFSocket.h
/Applications/Xcode.app/Contents/Developer/Platforms/MacOSX.platform/Developer/SDKs/MacOSX26.1.sdk/System/Library/Frameworks/CoreFoundation.framework/Headers/CFSet.h
/Applications/Xcode.app/Contents/Developer/Platforms/MacOSX.platform/Developer/SDKs/MacOSX26.1.sdk/System/Library/Frameworks/CoreFoundation.framework/Headers/CFStringEncodingExt.h
/Applications/Xcode.app/Contents/Developer/Platforms/MacOSX.platform/Developer/SDKs/MacOSX26.1.sdk/System/Library/Frameworks/CoreFoundation.framework/Headers/CFTree.h
/Applications/Xcode.app/Contents/Developer/Platforms/MacOSX.platform/Developer/SDKs/MacOSX26.1.sdk/System/Library/Frameworks/CoreFoundation.framework/Headers/CFURLAccess.h
/Applications/Xcode.app/Contents/Developer/Platforms/MacOSX.platform/Developer/SDKs/MacOSX26.1.sdk/System/Library/Frameworks/CoreFoundation.framework/Headers/CFUUID.h
/Applications/Xcode.app/Contents/Developer/Platforms/MacOSX.platform/Developer/SDKs/MacOSX26.1.sdk/System/Library/Frameworks/CoreFoundation.framework/Headers/CFUtilities.h
/Applications/Xcode.app/Contents/Developer/Platforms/MacOSX.platform/Developer/SDKs/MacOSX26.1.sdk/System/Library/Frameworks/CoreFoundation.framework/Headers/CFBundle.h
/Applications/Xcode.app/Contents/Developer/Platforms/MacOSX.platform/Developer/SDKs/MacOSX26.1.sdk/System/Library/Frameworks/CoreFoundation.framework/Headers/CFMessagePort.h
/Applications/Xcode.app/Contents/Developer/Platforms/MacOSX.platform/Developer/SDKs/MacOSX26.1.sdk/System/Library/Frameworks/CoreFoundation.framework/Headers/CFPlugIn.h
/Applications/Xcode.app/Contents/Developer/Platforms/MacOSX.platform/Developer/SDKs/MacOSX26.1.sdk/System/Library/Frameworks/CoreFoundation.framework/Headers/CFMachPort.h
/Applications/Xcode.app/Contents/Developer/Platforms/MacOSX.platform/Developer/SDKs/MacOSX26.1.sdk/System/Library/Frameworks/CoreFoundation.framework/Headers/CFAttributedString.h
/Applications/Xcode.app/Contents/Developer/Platforms/MacOSX.platform/Developer/SDKs/MacOSX26.1.sdk/System/Library/Frameworks/CoreFoundation.framework/Headers/CFURLEnumerator.h
/Applications/Xcode.app/Contents/Developer/Platforms/MacOSX.platform/Developer/SDKs/MacOSX26.1.sdk/System/Library/Frameworks/CoreFoundation.framework/Headers/CFFileSecurity.h
/Applications/Xcode.app/Contents/Developer/Platforms/MacOSX.platform/Developer/SDKs/MacOSX26.1.sdk/System/Library/Frameworks/CoreFoundation.framework/Headers/CFStringTokenizer.h
/Applications/Xcode.app/Contents/Developer/Platforms/MacOSX.platform/Developer/SDKs/MacOSX26.1.sdk/System/Library/Frameworks/CoreFoundation.framework/Headers/CFFileDescriptor.h
/Applications/Xcode.app/Contents/Developer/Platforms/MacOSX.platform/Developer/SDKs/MacOSX26.1.sdk/System/Library/Frameworks/CoreFoundation.framework/Headers/CFUserNotification.h
/Applications/Xcode.app/Contents/Developer/Platforms/MacOSX.platform/Developer/SDKs/MacOSX26.1.sdk/System/Library/Frameworks/CoreFoundation.framework/Headers/CFXMLNode.h
/Applications/Xcode.app/Contents/Developer/Platforms/MacOSX.platform/Developer/SDKs/MacOSX26.1.sdk/System/Library/Frameworks/CoreFoundation.framework/Headers/CFXMLParser.h
/Applications/Xcode.app/Contents/Developer/Platforms/MacOSX.platform/Developer/SDKs/MacOSX26.1.sdk/System/Library/Frameworks/CoreFoundation.framework/Headers/CFPlugInCOM.h
/Applications/Xcode.app/Contents/Developer/Platforms/MacOSX.platform/Developer/SDKs/MacOSX26.1.sdk/SDKSettings.json
/Applications/Xcode.app/Contents/Developer/Toolchains/XcodeDefault.xctoolchain/usr/lib/swift/macosx/prebuilt-modules/26.1/CoreFoundation.swiftmodule/arm64e-apple-macos.swiftmodule
/Applications/Xcode.app/Contents/Developer/Platforms/MacOSX.platform/Developer/SDKs/MacOSX26.1.sdk/System/Library/Frameworks/CoreServices.framework/Modules/module.modulemap
/Applications/Xcode.app/Contents/Developer/Platforms/MacOSX.platform/Developer/SDKs/MacOSX26.1.sdk/System/Library/Frameworks/CoreServices.framework/Headers/CoreServices.h
/Applications/Xcode.app/Contents/Developer/Platforms/MacOSX.platform/Developer/SDKs/MacOSX26.1.sdk/System/Library/Frameworks/CoreFoundation.framework/Modules/module.modulemap
/Applications/Xcode.app/Contents/Developer/Platforms/MacOSX.platform/Developer/SDKs/MacOSX26.1.sdk/System/Library/Frameworks/CoreServices.framework/Frameworks/AE.framework/Headers/AE.h
/Applications/Xcode.app/Contents/Developer/Platforms/MacOSX.platform/Developer/SDKs/MacOSX26.1.sdk/System/Library/Frameworks/CoreServices.framework/Frameworks/CarbonCore.framework/Headers/CarbonCore.h
/Applications/Xcode.app/Contents/Developer/Platforms/MacOSX.platform/Developer/SDKs/MacOSX26.1.sdk/System/Library/Frameworks/CoreServices.framework/Frameworks/CarbonCore.framework/Headers/Finder.h
/Applications/Xcode.app/Contents/Developer/Platforms/MacOSX.platform/Developer/SDKs/MacOSX26.1.sdk/usr/include/dispatch.modulemap
/Applications/Xcode.app/Contents/Developer/Platforms/MacOSX.platform/Developer/SDKs/MacOSX26.1.sdk/usr/include/Darwin.modulemap
/Applications/Xcode.app/Contents/Developer/Platforms/MacOSX.platform/Developer/SDKs/MacOSX26.1.sdk/usr/include/DarwinFoundation2.modulemap
/Applications/Xcode.app/Contents/Developer/Platforms/MacOSX.platform/Developer/SDKs/MacOSX26.1.sdk/usr/include/DarwinFoundation1.modulemap
/Applications/Xcode.app/Contents/Developer/Platforms/MacOSX.platform/Developer/SDKs/MacOSX26.1.sdk/System/Library/Frameworks/CoreServices.framework/Frameworks/CarbonCore.framework/Headers/FixMath.h
/Applications/Xcode.app/Contents/Developer/Platforms/MacOSX.platform/Developer/SDKs/MacOSX26.1.sdk/System/Library/Frameworks/CoreServices.framework/Frameworks/CarbonCore.framework/Headers/Script.h
/Applications/Xcode.app/Contents/Developer/Platforms/MacOSX.platform/Developer/SDKs/MacOSX26.1.sdk/System/Library/Frameworks/CoreServices.framework/Frameworks/CarbonCore.framework/Headers/IntlResources.h
/Applications/Xcode.app/Contents/Developer/Platforms/MacOSX.platform/Developer/SDKs/MacOSX26.1.sdk/System/Library/Frameworks/CoreServices.framework/Frameworks/CarbonCore.framework/Headers/UTCUtils.h
/Applications/Xcode.app/Contents/Developer/Platforms/MacOSX.platform/Developer/SDKs/MacOSX26.1.sdk/System/Library/Frameworks/CoreServices.framework/Frameworks/CarbonCore.framework/Headers/MacErrors.h
/Applications/Xcode.app/Contents/Developer/Platforms/MacOSX.platform/Developer/SDKs/MacOSX26.1.sdk/System/Library/Frameworks/CoreServices.framework/Frameworks/CarbonCore.framework/Headers/TextCommon.h
/Applications/Xcode.app/Contents/Developer/Platforms/MacOSX.platform/Developer/SDKs/MacOSX26.1.sdk/System/Library/Frameworks/CoreServices.framework/Frameworks/CarbonCore.framework/Headers/Collections.h
/Applications/Xcode.app/Contents/Developer/Platforms/MacOSX.platform/Developer/SDKs/MacOSX26.1.sdk/System/Library/Frameworks/CoreServices.framework/Frameworks/CarbonCore.framework/Headers/MixedMode.h
/Applications/Xcode.app/Contents/Developer/Platforms/MacOSX.platform/Developer/SDKs/MacOSX26.1.sdk/System/Library/Frameworks/CoreServices.framework/Frameworks/CarbonCore.framework/Headers/Endian.h
/Applications/Xcode.app/Contents/Developer/Platforms/MacOSX.platform/Developer/SDKs/MacOSX26.1.sdk/System/Library/Frameworks/CoreServices.framework/Frameworks/CarbonCore.framework/Headers/Gestalt.h
/Applications/Xcode.app/Contents/Developer/Platforms/MacOSX.platform/Developer/SDKs/MacOSX26.1.sdk/System/Library/Frameworks/CoreServices.framework/Frameworks/CarbonCore.framework/Headers/MacMemory.h
/Applications/Xcode.app/Contents/Developer/Platforms/MacOSX.platform/Developer/SDKs/MacOSX26.1.sdk/System/Library/Frameworks/CoreServices.framework/Frameworks/CarbonCore.framework/Headers/Math64.h
/Applications/Xcode.app/Contents/Developer/Platforms/MacOSX.platform/Developer/SDKs/MacOSX26.1.sdk/System/Library/Frameworks/CoreServices.framework/Frameworks/CarbonCore.framework/Headers/BackupCore.h
/Applications/Xcode.app/Contents/Developer/Platforms/MacOSX.platform/Developer/SDKs/MacOSX26.1.sdk/System/Library/Frameworks/CoreServices.framework/Frameworks/CarbonCore.framework/Headers/DiskSpaceRecovery.h
/Applications/Xcode.app/Contents/Developer/Platforms/MacOSX.platform/Developer/SDKs/MacOSX26.1.sdk/System/Library/Frameworks/CoreServices.framework/Frameworks/CarbonCore.framework/Headers/Components.h
/Applications/Xcode.app/Contents/Developer/Platforms/MacOSX.platform/Developer/SDKs/MacOSX26.1.sdk/System/Library/Frameworks/CoreServices.framework/Frameworks/CarbonCore.framework/Headers/Files.h
/Applications/Xcode.app/Contents/Developer/Platforms/MacOSX.platform/Developer/SDKs/MacOSX26.1.sdk/System/Library/Frameworks/CoreServices.framework/Frameworks/CarbonCore.framework/Headers/OSUtils.h
/Applications/Xcode.app/Contents/Developer/Platforms/MacOSX.platform/Developer/SDKs/MacOSX26.1.sdk/System/Library/Frameworks/CoreServices.framework/Frameworks/CarbonCore.framework/Headers/DateTimeUtils.h
/Applications/Xcode.app/Contents/Developer/Platforms/MacOSX.platform/Developer/SDKs/MacOSX26.1.sdk/System/Library/Frameworks/DiskArbitration.framework/Modules/module.modulemap
/Applications/Xcode.app/Contents/Developer/Platforms/MacOSX.platform/Developer/SDKs/MacOSX26.1.sdk/System/Library/Frameworks/CoreServices.framework/Frameworks/CarbonCore.framework/Headers/Resources.h
/Applications/Xcode.app/Contents/Developer/Platforms/MacOSX.platform/Developer/SDKs/MacOSX26.1.sdk/System/Library/Frameworks/CoreServices.framework/Frameworks/CarbonCore.framework/Headers/CodeFragments.h
/Applications/Xcode.app/Contents/Developer/Platforms/MacOSX.platform/Developer/SDKs/MacOSX26.1.sdk/System/Library/Frameworks/CoreServices.framework/Frameworks/CarbonCore.framework/Headers/Multiprocessing.h
/Applications/Xcode.app/Contents/Developer/Platforms/MacOSX.platform/Developer/SDKs/MacOSX26.1.sdk/System/Library/Frameworks/CoreServices.framework/Frameworks/CarbonCore.framework/Headers/Aliases.h
/Applications/Xcode.app/Contents/Developer/Platforms/MacOSX.platform/Developer/SDKs/MacOSX26.1.sdk/System/Library/Frameworks/CoreServices.framework/Frameworks/CarbonCore.framework/Headers/MacLocales.h
/Applications/Xcode.app/Contents/Developer/Platforms/MacOSX.platform/Developer/SDKs/MacOSX26.1.sdk/System/Library/Frameworks/CoreServices.framework/Frameworks/CarbonCore.framework/Headers/Debugging.h
/Applications/Xcode.app/Contents/Developer/Platforms/MacOSX.platform/Developer/SDKs/MacOSX26.1.sdk/System/Library/Frameworks/CoreServices.framework/Frameworks/CarbonCore.framework/Headers/PLStringFuncs.h
/Applications/Xcode.app/Contents/Developer/Platforms/MacOSX.platform/Developer/SDKs/MacOSX26.1.sdk/System/Library/Frameworks/CoreServices.framework/Frameworks/CarbonCore.framework/Headers/DriverSynchronization.h
/Applications/Xcode.app/Contents/Developer/Platforms/MacOSX.platform/Developer/SDKs/MacOSX26.1.sdk/System/Library/Frameworks/CoreServices.framework/Frameworks/CarbonCore.framework/Headers/DriverServices.h
/Applications/Xcode.app/Contents/Developer/Platforms/MacOSX.platform/Developer/SDKs/MacOSX26.1.sdk/System/Library/Frameworks/CoreServices.framework/Frameworks/CarbonCore.framework/Headers/MachineExceptions.h
/Applications/Xcode.app/Contents/Developer/Platforms/MacOSX.platform/Developer/SDKs/MacOSX26.1.sdk/System/Library/Frameworks/CoreServices.framework/Frameworks/CarbonCore.framework/Headers/NumberFormatting.h
/Applications/Xcode.app/Contents/Developer/Platforms/MacOSX.platform/Developer/SDKs/MacOSX26.1.sdk/System/Library/Frameworks/CoreServices.framework/Frameworks/CarbonCore.framework/Headers/StringCompare.h
/Applications/Xcode.app/Contents/Developer/Platforms/MacOSX.platform/Developer/SDKs/MacOSX26.1.sdk/System/Library/Frameworks/CoreServices.framework/Frameworks/CarbonCore.framework/Headers/TextUtils.h
/Applications/Xcode.app/Contents/Developer/Platforms/MacOSX.platform/Developer/SDKs/MacOSX26.1.sdk/System/Library/Frameworks/CoreServices.framework/Frameworks/CarbonCore.framework/Headers/ToolUtils.h
/Applications/Xcode.app/Contents/Developer/Platforms/MacOSX.platform/Developer/SDKs/MacOSX26.1.sdk/System/Library/Frameworks/CoreServices.framework/Frameworks/CarbonCore.framework/Headers/UnicodeUtilities.h
/Applications/Xcode.app/Contents/Developer/Platforms/MacOSX.platform/Developer/SDKs/MacOSX26.1.sdk/System/Library/Frameworks/CoreServices.framework/Frameworks/CarbonCore.framework/Headers/fp.h
/Applications/Xcode.app/Contents/Developer/Platforms/MacOSX.platform/Developer/SDKs/MacOSX26.1.sdk/System/Library/Frameworks/CoreServices.framework/Frameworks/CarbonCore.framework/Headers/TextEncodingConverter.h
/Applications/Xcode.app/Contents/Developer/Platforms/MacOSX.platform/Developer/SDKs/MacOSX26.1.sdk/System/Library/Frameworks/CoreServices.framework/Frameworks/CarbonCore.framework/Headers/UnicodeConverter.h
/Applications/Xcode.app/Contents/Developer/Platforms/MacOSX.platform/Developer/SDKs/MacOSX26.1.sdk/System/Library/Frameworks/CoreServices.framework/Frameworks/CarbonCore.framework/Headers/Threads.h
/Applications/Xcode.app/Contents/Developer/Platforms/MacOSX.platform/Developer/SDKs/MacOSX26.1.sdk/System/Library/Frameworks/CoreServices.framework/Frameworks/CarbonCore.framework/Headers/Folders.h
/Applications/Xcode.app/Contents/Developer/Platforms/MacOSX.platform/Developer/SDKs/MacOSX26.1.sdk/System/Library/Frameworks/CoreServices.framework/Frameworks/CarbonCore.framework/Headers/Timer.h
/Applications/Xcode.app/Contents/Developer/Platforms/MacOSX.platform/Developer/SDKs/MacOSX26.1.sdk/System/Library/Frameworks/CoreServices.framework/Frameworks/CarbonCore.framework/Headers/MultiprocessingInfo.h
/Applications/Xcode.app/Contents/Developer/Platforms/MacOSX.platform/Developer/SDKs/MacOSX26.1.sdk/System/Library/Frameworks/CoreServices.framework/Frameworks/CarbonCore.framework/Headers/LowMem.h
/Applications/Xcode.app/Contents/Developer/Platforms/MacOSX.platform/Developer/SDKs/MacOSX26.1.sdk/System/Library/Frameworks/CoreServices.framework/Frameworks/CarbonCore.framework/Headers/AVLTree.h
/Applications/Xcode.app/Contents/Developer/Platforms/MacOSX.platform/Developer/SDKs/MacOSX26.1.sdk/System/Library/Frameworks/CoreServices.framework/Frameworks/CarbonCore.framework/Headers/PEFBinaryFormat.h
/Applications/Xcode.app/Contents/Developer/Platforms/MacOSX.platform/Developer/SDKs/MacOSX26.1.sdk/System/Library/Frameworks/CoreServices.framework/Frameworks/CarbonCore.framework/Headers/HFSVolumes.h
/Applications/Xcode.app/Contents/Developer/Platforms/MacOSX.platform/Developer/SDKs/MacOSX26.1.sdk/System/Library/Frameworks/CoreServices.framework/Frameworks/CarbonCore.framework/Headers/AIFF.h
/Applications/Xcode.app/Contents/Developer/Toolchains/XcodeDefault.xctoolchain/usr/lib/swift/clang/include/module.modulemap
/Applications/Xcode.app/Contents/Developer/Platforms/MacOSX.platform/Developer/SDKs/MacOSX26.1.sdk/System/Library/Frameworks/CoreServices.framework/Frameworks/CarbonCore.framework/Headers/TextEncodingPlugin.h
/Applications/Xcode.app/Contents/Developer/Platforms/MacOSX.platform/Developer/SDKs/MacOSX26.1.sdk/System/Library/Frameworks/CoreServices.framework/Frameworks/AE.framework/Headers/AEDataModel.h
/Applications/Xcode.app/Contents/Developer/Platforms/MacOSX.platform/Developer/SDKs/MacOSX26.1.sdk/System/Library/Frameworks/CoreServices.framework/Frameworks/AE.framework/Headers/AppleEvents.h
/Applications/Xcode.app/Contents/Developer/Platforms/MacOSX.platform/Developer/SDKs/MacOSX26.1.sdk/System/Library/Frameworks/CoreServices.framework/Frameworks/AE.framework/Headers/AEPackObject.h
/Applications/Xcode.app/Contents/Developer/Platforms/MacOSX.platform/Developer/SDKs/MacOSX26.1.sdk/System/Library/Frameworks/CoreServices.framework/Frameworks/AE.framework/Headers/AEObjects.h
/Applications/Xcode.app/Contents/Developer/Platforms/MacOSX.platform/Developer/SDKs/MacOSX26.1.sdk/System/Library/Frameworks/CoreServices.framework/Frameworks/AE.framework/Headers/AERegistry.h
/Applications/Xcode.app/Contents/Developer/Platforms/MacOSX.platform/Developer/SDKs/MacOSX26.1.sdk/System/Library/Frameworks/CoreServices.framework/Frameworks/AE.framework/Headers/AEUserTermTypes.h
/Applications/Xcode.app/Contents/Developer/Platforms/MacOSX.platform/Developer/SDKs/MacOSX26.1.sdk/System/Library/Frameworks/CoreServices.framework/Frameworks/AE.framework/Headers/AEHelpers.h
/Applications/Xcode.app/Contents/Developer/Toolchains/XcodeDefault.xctoolchain/usr/lib/swift/clang/include/stdarg.h
/Applications/Xcode.app/Contents/Developer/Platforms/MacOSX.platform/Developer/SDKs/MacOSX26.1.sdk/System/Library/Frameworks/CoreServices.framework/Frameworks/AE.framework/Headers/AEMach.h
/Applications/Xcode.app/Contents/Developer/Platforms/MacOSX.platform/Developer/SDKs/MacOSX26.1.sdk/System/Library/Frameworks/CFNetwork.framework/Modules/module.modulemap
/Applications/Xcode.app/Contents/Developer/Platforms/MacOSX.platform/Developer/SDKs/MacOSX26.1.sdk/System/Library/Frameworks/CoreServices.framework/Frameworks/DictionaryServices.framework/Headers/DictionaryServices.h
/Applications/Xcode.app/Contents/Developer/Platforms/MacOSX.platform/Developer/SDKs/MacOSX26.1.sdk/System/Library/Frameworks/CoreServices.framework/Frameworks/LaunchServices.framework/Headers/LaunchServices.h
/Applications/Xcode.app/Contents/Developer/Platforms/MacOSX.platform/Developer/SDKs/MacOSX26.1.sdk/System/Library/Frameworks/CoreServices.framework/Frameworks/LaunchServices.framework/Headers/IconsCore.h
/Applications/Xcode.app/Contents/Developer/Platforms/MacOSX.platform/Developer/SDKs/MacOSX26.1.sdk/System/Library/Frameworks/CoreServices.framework/Frameworks/OSServices.framework/Headers/OSServices.h
/Applications/Xcode.app/Contents/Developer/Platforms/MacOSX.platform/Developer/SDKs/MacOSX26.1.sdk/System/Library/Frameworks/CoreServices.framework/Frameworks/OSServices.framework/Headers/CSIdentity.h
/Applications/Xcode.app/Contents/Developer/Platforms/MacOSX.platform/Developer/SDKs/MacOSX26.1.sdk/System/Library/Frameworks/CoreServices.framework/Frameworks/OSServices.framework/Headers/CSIdentityBase.h
/Applications/Xcode.app/Contents/Developer/Platforms/MacOSX.platform/Developer/SDKs/MacOSX26.1.sdk/System/Library/Frameworks/Security.framework/Modules/module.modulemap
/Applications/Xcode.app/Contents/Developer/Platforms/MacOSX.platform/Developer/SDKs/MacOSX26.1.sdk/System/Library/Frameworks/CoreServices.framework/Frameworks/OSServices.framework/Headers/CSIdentityAuthority.h
/Applications/Xcode.app/Contents/Developer/Platforms/MacOSX.platform/Developer/SDKs/MacOSX26.1.sdk/System/Library/Frameworks/CoreServices.framework/Frameworks/OSServices.framework/Headers/CSIdentityQuery.h
/Applications/Xcode.app/Contents/Developer/Platforms/MacOSX.platform/Developer/SDKs/MacOSX26.1.sdk/System/Library/Frameworks/CoreServices.framework/Frameworks/OSServices.framework/Headers/IconStorage.h
/Applications/Xcode.app/Contents/Developer/Platforms/MacOSX.platform/Developer/SDKs/MacOSX26.1.sdk/System/Library/Frameworks/CoreServices.framework/Frameworks/OSServices.framework/Headers/Power.h
/Applications/Xcode.app/Contents/Developer/Platforms/MacOSX.platform/Developer/SDKs/MacOSX26.1.sdk/System/Library/Frameworks/CoreServices.framework/Frameworks/OSServices.framework/Headers/SecurityCore.h
/Applications/Xcode.app/Contents/Developer/Platforms/MacOSX.platform/Developer/SDKs/MacOSX26.1.sdk/System/Library/Frameworks/CoreServices.framework/Frameworks/OSServices.framework/Headers/KeychainCore.h
/Applications/Xcode.app/Contents/Developer/Platforms/MacOSX.platform/Developer/SDKs/MacOSX26.1.sdk/System/Library/Frameworks/CoreServices.framework/Frameworks/OSServices.framework/Headers/WSMethodInvocation.h
/Applications/Xcode.app/Contents/Developer/Platforms/MacOSX.platform/Developer/SDKs/MacOSX26.1.sdk/System/Library/Frameworks/CoreServices.framework/Frameworks/OSServices.framework/Headers/WSTypes.h
/Applications/Xcode.app/Contents/Developer/Platforms/MacOSX.platform/Developer/SDKs/MacOSX26.1.sdk/System/Library/Frameworks/CoreServices.framework/Frameworks/OSServices.framework/Headers/WSProtocolHandler.h
/Applications/Xcode.app/Contents/Developer/Platforms/MacOSX.platform/Developer/SDKs/MacOSX26.1.sdk/System/Library/Frameworks/CoreServices.framework/Frameworks/LaunchServices.framework/Headers/LSConstants.h
/Applications/Xcode.app/Contents/Developer/Platforms/MacOSX.platform/Developer/SDKs/MacOSX26.1.sdk/System/Library/Frameworks/CoreServices.framework/Frameworks/LaunchServices.framework/Headers/LSInfo.h
/Applications/Xcode.app/Contents/Developer/Platforms/MacOSX.platform/Developer/SDKs/MacOSX26.1.sdk/System/Library/Frameworks/CoreServices.framework/Frameworks/LaunchServices.framework/Headers/LSInfoDeprecated.h
/Applications/Xcode.app/Contents/Developer/Platforms/MacOSX.platform/Developer/SDKs/MacOSX26.1.sdk/System/Library/Frameworks/CoreServices.framework/Frameworks/LaunchServices.framework/Headers/LSOpen.h
/Applications/Xcode.app/Contents/Developer/Platforms/MacOSX.platform/Developer/SDKs/MacOSX26.1.sdk/System/Library/Frameworks/CoreServices.framework/Frameworks/LaunchServices.framework/Headers/LSOpenDeprecated.h
/Applications/Xcode.app/Contents/Developer/Platforms/MacOSX.platform/Developer/SDKs/MacOSX26.1.sdk/System/Library/Frameworks/CoreServices.framework/Frameworks/LaunchServices.framework/Headers/LSQuarantine.h
/Applications/Xcode.app/Contents/Developer/Platforms/MacOSX.platform/Developer/SDKs/MacOSX26.1.sdk/System/Library/Frameworks/CoreServices.framework/Frameworks/LaunchServices.framework/Headers/UTCoreTypes.h
/Applications/Xcode.app/Contents/Developer/Platforms/MacOSX.platform/Developer/SDKs/MacOSX26.1.sdk/System/Library/Frameworks/CoreServices.framework/Frameworks/LaunchServices.framework/Headers/UTType.h
/Applications/Xcode.app/Contents/Developer/Platforms/MacOSX.platform/Developer/SDKs/MacOSX26.1.sdk/System/Library/Frameworks/CoreServices.framework/Frameworks/Metadata.framework/Headers/Metadata.h
/Applications/Xcode.app/Contents/Developer/Platforms/MacOSX.platform/Developer/SDKs/MacOSX26.1.sdk/System/Library/Frameworks/CoreServices.framework/Frameworks/Metadata.framework/Headers/MDItem.h
/Applications/Xcode.app/Contents/Developer/Platforms/MacOSX.platform/Developer/SDKs/MacOSX26.1.sdk/System/Library/Frameworks/CoreServices.framework/Frameworks/Metadata.framework/Headers/MDLabel.h
/Applications/Xcode.app/Contents/Developer/Platforms/MacOSX.platform/Developer/SDKs/MacOSX26.1.sdk/System/Library/Frameworks/CoreServices.framework/Frameworks/Metadata.framework/Headers/MDQuery.h
/Applications/Xcode.app/Contents/Developer/Platforms/MacOSX.platform/Developer/SDKs/MacOSX26.1.sdk/System/Library/Frameworks/CoreServices.framework/Frameworks/Metadata.framework/Headers/MDSchema.h
/Applications/Xcode.app/Contents/Developer/Platforms/MacOSX.platform/Developer/SDKs/MacOSX26.1.sdk/System/Library/Frameworks/CoreServices.framework/Frameworks/Metadata.framework/Headers/MDImporter.h
/Applications/Xcode.app/Contents/Developer/Platforms/MacOSX.platform/Developer/SDKs/MacOSX26.1.sdk/System/Library/Frameworks/CoreServices.framework/Frameworks/SearchKit.framework/Headers/SearchKit.h
/Applications/Xcode.app/Contents/Developer/Platforms/MacOSX.platform/Developer/SDKs/MacOSX26.1.sdk/System/Library/Frameworks/CoreServices.framework/Frameworks/SearchKit.framework/Headers/SKDocument.h
/Applications/Xcode.app/Contents/Developer/Platforms/MacOSX.platform/Developer/SDKs/MacOSX26.1.sdk/System/Library/Frameworks/CoreServices.framework/Frameworks/SearchKit.framework/Headers/SKAnalysis.h
/Applications/Xcode.app/Contents/Developer/Platforms/MacOSX.platform/Developer/SDKs/MacOSX26.1.sdk/System/Library/Frameworks/CoreServices.framework/Frameworks/SearchKit.framework/Headers/SKIndex.h
/Applications/Xcode.app/Contents/Developer/Platforms/MacOSX.platform/Developer/SDKs/MacOSX26.1.sdk/System/Library/Frameworks/CoreServices.framework/Frameworks/SearchKit.framework/Headers/SKSearch.h
/Applications/Xcode.app/Contents/Developer/Platforms/MacOSX.platform/Developer/SDKs/MacOSX26.1.sdk/System/Library/Frameworks/CoreServices.framework/Frameworks/SearchKit.framework/Headers/SKSummary.h
/Applications/Xcode.app/Contents/Developer/Platforms/MacOSX.platform/Developer/SDKs/MacOSX26.1.sdk/System/Library/Frameworks/CoreServices.framework/Frameworks/FSEvents.framework/Headers/FSEvents.h
/Applications/Xcode.app/Contents/Developer/Platforms/MacOSX.platform/Developer/SDKs/MacOSX26.1.sdk/System/Library/Frameworks/CoreServices.framework/Frameworks/SharedFileList.framework/Headers/SharedFileList.h
/Applications/Xcode.app/Contents/Developer/Platforms/MacOSX.platform/Developer/SDKs/MacOSX26.1.sdk/System/Library/Frameworks/CoreServices.framework/Frameworks/SharedFileList.framework/Headers/LSSharedFileList.h
/Applications/Xcode.app/Contents/Developer/Platforms/MacOSX.platform/Developer/SDKs/MacOSX26.1.sdk/SDKSettings.json
/Applications/Xcode.app/Contents/Developer/Platforms/MacOSX.platform/Developer/SDKs/MacOSX26.1.sdk/usr/include/Darwin.modulemap
/Applications/Xcode.app/Contents/Developer/Platforms/MacOSX.platform/Developer/SDKs/MacOSX26.1.sdk/usr/include/Darwin_C.modulemap
/Applications/Xcode.app/Contents/Developer/Platforms/MacOSX.platform/Developer/SDKs/MacOSX26.1.sdk/usr/include/Darwin_POSIX.modulemap
/Applications/Xcode.app/Contents/Developer/Platforms/MacOSX.platform/Developer/SDKs/MacOSX26.1.sdk/usr/include/net.modulemap
/Applications/Xcode.app/Contents/Developer/Platforms/MacOSX.platform/Developer/SDKs/MacOSX26.1.sdk/usr/include/netinet.modulemap
/Applications/Xcode.app/Contents/Developer/Platforms/MacOSX.platform/Developer/SDKs/MacOSX26.1.sdk/usr/include/bank.modulemap
/Applications/Xcode.app/Contents/Developer/Platforms/MacOSX.platform/Developer/SDKs/MacOSX26.1.sdk/usr/include/Darwin_Mach.modulemap
/Applications/Xcode.app/Contents/Developer/Platforms/MacOSX.platform/Developer/SDKs/MacOSX26.1.sdk/usr/include/Darwin_Mach_machine.modulemap
/Applications/Xcode.app/Contents/Developer/Platforms/MacOSX.platform/Developer/SDKs/MacOSX26.1.sdk/usr/include/mach_debug.modulemap
/Applications/Xcode.app/Contents/Developer/Platforms/MacOSX.platform/Developer/SDKs/MacOSX26.1.sdk/usr/include/device.modulemap
/Applications/Xcode.app/Contents/Developer/Platforms/MacOSX.platform/Developer/SDKs/MacOSX26.1.sdk/usr/include/Darwin_machine.modulemap
/Applications/Xcode.app/Contents/Developer/Platforms/MacOSX.platform/Developer/SDKs/MacOSX26.1.sdk/usr/include/ncurses.modulemap
/Applications/Xcode.app/Contents/Developer/Platforms/MacOSX.platform/Developer/SDKs/MacOSX26.1.sdk/usr/include/netinet6.modulemap
/Applications/Xcode.app/Contents/Developer/Platforms/MacOSX.platform/Developer/SDKs/MacOSX26.1.sdk/usr/include/Darwin_sys.modulemap
/Applications/Xcode.app/Contents/Developer/Platforms/MacOSX.platform/Developer/SDKs/MacOSX26.1.sdk/usr/include/uuid.modulemap
/Applications/Xcode.app/Contents/Developer/Platforms/MacOSX.platform/Developer/SDKs/MacOSX26.1.sdk/usr/include/DarwinFoundation2.modulemap
/Applications/Xcode.app/Contents/Developer/Platforms/MacOSX.platform/Developer/SDKs/MacOSX26.1.sdk/usr/include/DarwinFoundation3.modulemap
/Applications/Xcode.app/Contents/Developer/Platforms/MacOSX.platform/Developer/SDKs/MacOSX26.1.sdk/usr/include/DarwinFoundation1.modulemap
/Applications/Xcode.app/Contents/Developer/Platforms/MacOSX.platform/Developer/SDKs/MacOSX26.1.sdk/usr/include/copyfile.h
/Applications/Xcode.app/Contents/Developer/Toolchains/XcodeDefault.xctoolchain/usr/lib/swift/clang/include/module.modulemap
/Applications/Xcode.app/Contents/Developer/Platforms/MacOSX.platform/Developer/SDKs/MacOSX26.1.sdk/usr/include/err.h
/Applications/Xcode.app/Contents/Developer/Platforms/MacOSX.platform/Developer/SDKs/MacOSX26.1.sdk/usr/include/readpassphrase.h
/Applications/Xcode.app/Contents/Developer/Platforms/MacOSX.platform/Developer/SDKs/MacOSX26.1.sdk/usr/include/util.h
/Applications/Xcode.app/Contents/Developer/Platforms/MacOSX.platform/Developer/SDKs/MacOSX26.1.sdk/usr/include/sys/ttycom.h
/Applications/Xcode.app/Contents/Developer/Platforms/MacOSX.platform/Developer/SDKs/MacOSX26.1.sdk/usr/include/sys/ioccom.h
/Applications/Xcode.app/Contents/Developer/Platforms/MacOSX.platform/Developer/SDKs/MacOSX26.1.sdk/usr/include/stdio.h
/Applications/Xcode.app/Contents/Developer/Platforms/MacOSX.platform/Developer/SDKs/MacOSX26.1.sdk/usr/include/pwd.h
/Applications/Xcode.app/Contents/Developer/Platforms/MacOSX.platform/Developer/SDKs/MacOSX26.1.sdk/usr/include/uuid/uuid.h
/Applications/Xcode.app/Contents/Developer/Platforms/MacOSX.platform/Developer/SDKs/MacOSX26.1.sdk/usr/include/termios.h
/Applications/Xcode.app/Contents/Developer/Platforms/MacOSX.platform/Developer/SDKs/MacOSX26.1.sdk/usr/include/sys/termios.h
/Applications/Xcode.app/Contents/Developer/Platforms/MacOSX.platform/Developer/SDKs/MacOSX26.1.sdk/usr/include/sys/ttydefaults.h
/Applications/Xcode.app/Contents/Developer/Platforms/MacOSX.platform/Developer/SDKs/MacOSX26.1.sdk/usr/include/utmp.h
/Applications/Xcode.app/Contents/Developer/Platforms/MacOSX.platform/Developer/SDKs/MacOSX26.1.sdk/usr/include/xattr_flags.h
/Applications/Xcode.app/Contents/Developer/Platforms/MacOSX.platform/Developer/SDKs/MacOSX26.1.sdk/usr/include/_modules/_darwin_c_ctype.h
/Applications/Xcode.app/Contents/Developer/Platforms/MacOSX.platform/Developer/SDKs/MacOSX26.1.sdk/usr/include/ctype.h
/Applications/Xcode.app/Contents/Developer/Platforms/MacOSX.platform/Developer/SDKs/MacOSX26.1.sdk/usr/include/_modules/_darwin_c_errno.h
/Applications/Xcode.app/Contents/Developer/Platforms/MacOSX.platform/Developer/SDKs/MacOSX26.1.sdk/usr/include/_modules/_darwin_c_inttypes.h
/Applications/Xcode.app/Contents/Developer/Platforms/MacOSX.platform/Developer/SDKs/MacOSX26.1.sdk/usr/include/_modules/_darwin_c_limits.h
/Applications/Xcode.app/Contents/Developer/Platforms/MacOSX.platform/Developer/SDKs/MacOSX26.1.sdk/usr/include/_modules/_darwin_c_signal.h
/Applications/Xcode.app/Contents/Developer/Platforms/MacOSX.platform/Developer/SDKs/MacOSX26.1.sdk/usr/include/_modules/_darwin_c_stdarg.h
/Applications/Xcode.app/Contents/Developer/Toolchains/XcodeDefault.xctoolchain/usr/lib/swift/clang/include/stdarg.h
/Applications/Xcode.app/Contents/Developer/Platforms/MacOSX.platform/Developer/SDKs/MacOSX26.1.sdk/usr/include/_modules/_darwin_c_stdbool.h
/Applications/Xcode.app/Contents/Developer/Platforms/MacOSX.platform/Developer/SDKs/MacOSX26.1.sdk/usr/include/_modules/_darwin_c_stddef.h
/Applications/Xcode.app/Contents/Developer/Toolchains/XcodeDefault.xctoolchain/usr/lib/swift/clang/include/stddef.h
/Applications/Xcode.app/Contents/Developer/Platforms/MacOSX.platform/Developer/SDKs/MacOSX26.1.sdk/usr/include/_modules/_darwin_c_stdint.h
/Applications/Xcode.app/Contents/Developer/Platforms/MacOSX.platform/Developer/SDKs/MacOSX26.1.sdk/usr/include/_modules/_darwin_c_stdio.h
/Applications/Xcode.app/Contents/Developer/Platforms/MacOSX.platform/Developer/SDKs/MacOSX26.1.sdk/usr/include/_modules/_darwin_c_stdlib.h
/Applications/Xcode.app/Contents/Developer/Platforms/MacOSX.platform/Developer/SDKs/MacOSX26.1.sdk/usr/include/stdlib.h
/Applications/Xcode.app/Contents/Developer/Platforms/MacOSX.platform/Developer/SDKs/MacOSX26.1.sdk/usr/include/_modules/_darwin_c_string.h
/Applications/Xcode.app/Contents/Developer/Platforms/MacOSX.platform/Developer/SDKs/MacOSX26.1.sdk/usr/include/string.h
/Applications/Xcode.app/Contents/Developer/Platforms/MacOSX.platform/Developer/SDKs/MacOSX26.1.sdk/usr/include/_modules/_darwin_c_time.h
/Applications/Xcode.app/Contents/Developer/Platforms/MacOSX.platform/Developer/SDKs/MacOSX26.1.sdk/usr/include/time.h
/Applications/Xcode.app/Contents/Developer/Platforms/MacOSX.platform/Developer/SDKs/MacOSX26.1.sdk/usr/include/_modules/_darwin_c_wchar.h
/Applications/Xcode.app/Contents/Developer/Platforms/MacOSX.platform/Developer/SDKs/MacOSX26.1.sdk/usr/include/wchar.h
/Applications/Xcode.app/Contents/Developer/Platforms/MacOSX.platform/Developer/SDKs/MacOSX26.1.sdk/usr/include/aio.h
/Applications/Xcode.app/Contents/Developer/Platforms/MacOSX.platform/Developer/SDKs/MacOSX26.1.sdk/usr/include/sys/aio.h
/Applications/Xcode.app/Contents/Developer/Platforms/MacOSX.platform/Developer/SDKs/MacOSX26.1.sdk/usr/include/sys/_types/_o_sync.h
/Applications/Xcode.app/Contents/Developer/Platforms/MacOSX.platform/Developer/SDKs/MacOSX26.1.sdk/usr/include/sys/_types/_o_dsync.h
/Applications/Xcode.app/Contents/Developer/Platforms/MacOSX.platform/Developer/SDKs/MacOSX26.1.sdk/usr/include/arpa/inet.h
/Applications/Xcode.app/Contents/Developer/Platforms/MacOSX.platform/Developer/SDKs/MacOSX26.1.sdk/usr/include/netinet/in.h
/Applications/Xcode.app/Contents/Developer/Platforms/MacOSX.platform/Developer/SDKs/MacOSX26.1.sdk/usr/include/sys/socket.h
/Applications/Xcode.app/Contents/Developer/Platforms/MacOSX.platform/Developer/SDKs/MacOSX26.1.sdk/usr/include/sys/constrained_ctypes.h
/Applications/Xcode.app/Contents/Developer/Platforms/MacOSX.platform/Developer/SDKs/MacOSX26.1.sdk/usr/include/machine/_param.h
/Applications/Xcode.app/Contents/Developer/Platforms/MacOSX.platform/Developer/SDKs/MacOSX26.1.sdk/usr/include/arm/_param.h
/Applications/Xcode.app/Contents/Developer/Platforms/MacOSX.platform/Developer/SDKs/MacOSX26.1.sdk/usr/include/net/net_kev.h
/Applications/Xcode.app/Contents/Developer/Platforms/MacOSX.platform/Developer/SDKs/MacOSX26.1.sdk/usr/include/sys/_types/_sa_family_t.h
/Applications/Xcode.app/Contents/Developer/Platforms/MacOSX.platform/Developer/SDKs/MacOSX26.1.sdk/usr/include/sys/_types/_socklen_t.h
/Applications/Xcode.app/Contents/Developer/Platforms/MacOSX.platform/Developer/SDKs/MacOSX26.1.sdk/usr/include/sys/_types/_iovec_t.h
/Applications/Xcode.app/Contents/Developer/Platforms/MacOSX.platform/Developer/SDKs/MacOSX26.1.sdk/usr/include/netinet6/in6.h
/Applications/Xcode.app/Contents/Developer/Platforms/MacOSX.platform/Developer/SDKs/MacOSX26.1.sdk/usr/include/cpio.h
/Applications/Xcode.app/Contents/Developer/Platforms/MacOSX.platform/Developer/SDKs/MacOSX26.1.sdk/usr/include/dirent.h
/Applications/Xcode.app/Contents/Developer/Platforms/MacOSX.platform/Developer/SDKs/MacOSX26.1.sdk/usr/include/sys/dirent.h
/Applications/Xcode.app/Contents/Developer/Platforms/MacOSX.platform/Developer/SDKs/MacOSX26.1.sdk/usr/include/sys/dir.h
/Applications/Xcode.app/Contents/Developer/Platforms/MacOSX.platform/Developer/SDKs/MacOSX26.1.sdk/usr/include/dlfcn.h
/Applications/Xcode.app/Contents/Developer/Platforms/MacOSX.platform/Developer/SDKs/MacOSX26.1.sdk/usr/include/fcntl.h
/Applications/Xcode.app/Contents/Developer/Platforms/MacOSX.platform/Developer/SDKs/MacOSX26.1.sdk/usr/include/sys/fcntl.h
/Applications/Xcode.app/Contents/Developer/Platforms/MacOSX.platform/Developer/SDKs/MacOSX26.1.sdk/usr/include/sys/_types/_s_ifmt.h
/Applications/Xcode.app/Contents/Developer/Platforms/MacOSX.platform/Developer/SDKs/MacOSX26.1.sdk/usr/include/sys/_types/_filesec_t.h
/Applications/Xcode.app/Contents/Developer/Platforms/MacOSX.platform/Developer/SDKs/MacOSX26.1.sdk/usr/include/fmtmsg.h
/Applications/Xcode.app/Contents/Developer/Platforms/MacOSX.platform/Developer/SDKs/MacOSX26.1.sdk/usr/include/fnmatch.h
/Applications/Xcode.app/Contents/Developer/Platforms/MacOSX.platform/Developer/SDKs/MacOSX26.1.sdk/usr/include/ftw.h
/Applications/Xcode.app/Contents/Developer/Platforms/MacOSX.platform/Developer/SDKs/MacOSX26.1.sdk/usr/include/sys/stat.h
/Applications/Xcode.app/Contents/Developer/Platforms/MacOSX.platform/Developer/SDKs/MacOSX26.1.sdk/usr/include/glob.h
/Applications/Xcode.app/Contents/Developer/Platforms/MacOSX.platform/Developer/SDKs/MacOSX26.1.sdk/usr/include/grp.h
/Applications/Xcode.app/Contents/Developer/Platforms/MacOSX.platform/Developer/SDKs/MacOSX26.1.sdk/usr/include/iconv.h
/Applications/Xcode.app/Contents/Developer/Platforms/MacOSX.platform/Developer/SDKs/MacOSX26.1.sdk/usr/include/ifaddrs.h
/Applications/Xcode.app/Contents/Developer/Platforms/MacOSX.platform/Developer/SDKs/MacOSX26.1.sdk/usr/include/sys/ioctl.h
/Applications/Xcode.app/Contents/Developer/Platforms/MacOSX.platform/Developer/SDKs/MacOSX26.1.sdk/usr/include/sys/filio.h
/Applications/Xcode.app/Contents/Developer/Platforms/MacOSX.platform/Developer/SDKs/MacOSX26.1.sdk/usr/include/sys/sockio.h
/Applications/Xcode.app/Contents/Developer/Platforms/MacOSX.platform/Developer/SDKs/MacOSX26.1.sdk/usr/include/net/if.h
/Applications/Xcode.app/Contents/Developer/Platforms/MacOSX.platform/Developer/SDKs/MacOSX26.1.sdk/usr/include/net/if_var.h
/Applications/Xcode.app/Contents/Developer/Platforms/MacOSX.platform/Developer/SDKs/MacOSX26.1.sdk/usr/include/sys/time.h
/Applications/Xcode.app/Contents/Developer/Platforms/MacOSX.platform/Developer/SDKs/MacOSX26.1.sdk/usr/include/sys/_types/_timeval64.h
/Applications/Xcode.app/Contents/Developer/Platforms/MacOSX.platform/Developer/SDKs/MacOSX26.1.sdk/usr/include/sys/_types/_timeval32.h
/Applications/Xcode.app/Contents/Developer/Platforms/MacOSX.platform/Developer/SDKs/MacOSX26.1.sdk/usr/include/_langinfo.h
/Applications/Xcode.app/Contents/Developer/Platforms/MacOSX.platform/Developer/SDKs/MacOSX26.1.sdk/usr/include/xlocale/_langinfo.h
/Applications/Xcode.app/Contents/Developer/Platforms/MacOSX.platform/Developer/SDKs/MacOSX26.1.sdk/usr/include/libgen.h
/Applications/Xcode.app/Contents/Developer/Platforms/MacOSX.platform/Developer/SDKs/MacOSX26.1.sdk/usr/include/_monetary.h
/Applications/Xcode.app/Contents/Developer/Platforms/MacOSX.platform/Developer/SDKs/MacOSX26.1.sdk/usr/include/xlocale/_monetary.h
/Applications/Xcode.app/Contents/Developer/Platforms/MacOSX.platform/Developer/SDKs/MacOSX26.1.sdk/usr/include/ndbm.h
/Applications/Xcode.app/Contents/Developer/Platforms/MacOSX.platform/Developer/SDKs/MacOSX26.1.sdk/usr/include/netdb.h
/Applications/Xcode.app/Contents/Developer/Platforms/MacOSX.platform/Developer/SDKs/MacOSX26.1.sdk/usr/include/net/if_dl.h
/Applications/Xcode.app/Contents/Developer/Platforms/MacOSX.platform/Developer/SDKs/MacOSX26.1.sdk/usr/include/net/if_types.h
/Applications/Xcode.app/Contents/Developer/Platforms/MacOSX.platform/Developer/SDKs/MacOSX26.1.sdk/usr/include/netinet/tcp.h
/Applications/Xcode.app/Contents/Developer/Platforms/MacOSX.platform/Developer/SDKs/MacOSX26.1.sdk/usr/include/poll.h
/Applications/Xcode.app/Contents/Developer/Platforms/MacOSX.platform/Developer/SDKs/MacOSX26.1.sdk/usr/include/sys/poll.h
/Applications/Xcode.app/Contents/Developer/Platforms/MacOSX.platform/Developer/SDKs/MacOSX26.1.sdk/usr/include/pthread/spawn.h
/Applications/Xcode.app/Contents/Developer/Platforms/MacOSX.platform/Developer/SDKs/MacOSX26.1.sdk/usr/include/spawn.h
/Applications/Xcode.app/Contents/Developer/Platforms/MacOSX.platform/Developer/SDKs/MacOSX26.1.sdk/usr/include/sys/spawn.h
/Applications/Xcode.app/Contents/Developer/Platforms/MacOSX.platform/Developer/SDKs/MacOSX26.1.sdk/usr/include/mach/exception_types.h
/Applications/Xcode.app/Contents/Developer/Platforms/MacOSX.platform/Developer/SDKs/MacOSX26.1.sdk/usr/include/mach/machine/exception.h
/Applications/Xcode.app/Contents/Developer/Platforms/MacOSX.platform/Developer/SDKs/MacOSX26.1.sdk/usr/include/mach/arm/exception.h
/Applications/Xcode.app/Contents/Developer/Platforms/MacOSX.platform/Developer/SDKs/MacOSX26.1.sdk/usr/include/mach/port.h
/Applications/Xcode.app/Contents/Developer/Platforms/MacOSX.platform/Developer/SDKs/MacOSX26.1.sdk/usr/include/mach/boolean.h
/Applications/Xcode.app/Contents/Developer/Platforms/MacOSX.platform/Developer/SDKs/MacOSX26.1.sdk/usr/include/mach/machine/boolean.h
/Applications/Xcode.app/Contents/Developer/Platforms/MacOSX.platform/Developer/SDKs/MacOSX26.1.sdk/usr/include/mach/arm/boolean.h
/Applications/Xcode.app/Contents/Developer/Platforms/MacOSX.platform/Developer/SDKs/MacOSX26.1.sdk/usr/include/mach/machine/vm_types.h
/Applications/Xcode.app/Contents/Developer/Platforms/MacOSX.platform/Developer/SDKs/MacOSX26.1.sdk/usr/include/mach/arm/vm_types.h
/Applications/Xcode.app/Contents/Developer/Platforms/MacOSX.platform/Developer/SDKs/MacOSX26.1.sdk/usr/include/mach/thread_status.h
/Applications/Xcode.app/Contents/Developer/Platforms/MacOSX.platform/Developer/SDKs/MacOSX26.1.sdk/usr/include/mach/machine/thread_status.h
/Applications/Xcode.app/Contents/Developer/Platforms/MacOSX.platform/Developer/SDKs/MacOSX26.1.sdk/usr/include/mach/arm/thread_status.h
/Applications/Xcode.app/Contents/Developer/Platforms/MacOSX.platform/Developer/SDKs/MacOSX26.1.sdk/usr/include/mach/machine/thread_state.h
/Applications/Xcode.app/Contents/Developer/Platforms/MacOSX.platform/Developer/SDKs/MacOSX26.1.sdk/usr/include/mach/arm/thread_state.h
/Applications/Xcode.app/Contents/Developer/Platforms/MacOSX.platform/Developer/SDKs/MacOSX26.1.sdk/usr/include/mach/message.h
/Applications/Xcode.app/Contents/Developer/Platforms/MacOSX.platform/Developer/SDKs/MacOSX26.1.sdk/usr/include/mach/kern_return.h
/Applications/Xcode.app/Contents/Developer/Platforms/MacOSX.platform/Developer/SDKs/MacOSX26.1.sdk/usr/include/mach/machine/kern_return.h
/Applications/Xcode.app/Contents/Developer/Platforms/MacOSX.platform/Developer/SDKs/MacOSX26.1.sdk/usr/include/mach/arm/kern_return.h
/Applications/Xcode.app/Contents/Developer/Platforms/MacOSX.platform/Developer/SDKs/MacOSX26.1.sdk/usr/include/mach/vm_types.h
/Applications/Xcode.app/Contents/Developer/Platforms/MacOSX.platform/Developer/SDKs/MacOSX26.1.sdk/usr/include/mach_debug/ipc_info.h
/Applications/Xcode.app/Contents/Developer/Platforms/MacOSX.platform/Developer/SDKs/MacOSX26.1.sdk/usr/include/mach/machine.h
/Applications/Xcode.app/Contents/Developer/Platforms/MacOSX.platform/Developer/SDKs/MacOSX26.1.sdk/usr/include/pthread/pthread_spis.h
/Applications/Xcode.app/Contents/Developer/Platforms/MacOSX.platform/Developer/SDKs/MacOSX26.1.sdk/usr/include/_modules/_darwin_posix_pthread_pthread.h
/Applications/Xcode.app/Contents/Developer/Platforms/MacOSX.platform/Developer/SDKs/MacOSX26.1.sdk/usr/include/_regex.h
/Applications/Xcode.app/Contents/Developer/Platforms/MacOSX.platform/Developer/SDKs/MacOSX26.1.sdk/usr/include/xlocale/_regex.h
/Applications/Xcode.app/Contents/Developer/Platforms/MacOSX.platform/Developer/SDKs/MacOSX26.1.sdk/usr/include/search.h
/Applications/Xcode.app/Contents/Developer/Platforms/MacOSX.platform/Developer/SDKs/MacOSX26.1.sdk/usr/include/semaphore.h
/Applications/Xcode.app/Contents/Developer/Platforms/MacOSX.platform/Developer/SDKs/MacOSX26.1.sdk/usr/include/sys/semaphore.h
/Applications/Xcode.app/Contents/Developer/Platforms/MacOSX.platform/Developer/SDKs/MacOSX26.1.sdk/usr/include/sys/posix_sem.h
/Applications/Xcode.app/Contents/Developer/Platforms/MacOSX.platform/Developer/SDKs/MacOSX26.1.sdk/usr/include/sys/proc.h
/Applications/Xcode.app/Contents/Developer/Platforms/MacOSX.platform/Developer/SDKs/MacOSX26.1.sdk/usr/include/sys/queue.h
/Applications/Xcode.app/Contents/Developer/Platforms/MacOSX.platform/Developer/SDKs/MacOSX26.1.sdk/usr/include/sys/lock.h
/Applications/Xcode.app/Contents/Developer/Platforms/MacOSX.platform/Developer/SDKs/MacOSX26.1.sdk/usr/include/sys/param.h
/Applications/Xcode.app/Contents/Developer/Platforms/MacOSX.platform/Developer/SDKs/MacOSX26.1.sdk/usr/include/machine/param.h
/Applications/Xcode.app/Contents/Developer/Platforms/MacOSX.platform/Developer/SDKs/MacOSX26.1.sdk/usr/include/arm/param.h
/Applications/Xcode.app/Contents/Developer/Platforms/MacOSX.platform/Developer/SDKs/MacOSX26.1.sdk/usr/include/sys/event.h
/Applications/Xcode.app/Contents/Developer/Platforms/MacOSX.platform/Developer/SDKs/MacOSX26.1.sdk/usr/include/strings.h
/Applications/Xcode.app/Contents/Developer/Platforms/MacOSX.platform/Developer/SDKs/MacOSX26.1.sdk/usr/include/sys/ipc.h
/Applications/Xcode.app/Contents/Developer/Platforms/MacOSX.platform/Developer/SDKs/MacOSX26.1.sdk/usr/include/sys/mman.h
/Applications/Xcode.app/Contents/Developer/Platforms/MacOSX.platform/Developer/SDKs/MacOSX26.1.sdk/usr/include/sys/msg.h
/Applications/Xcode.app/Contents/Developer/Platforms/MacOSX.platform/Developer/SDKs/MacOSX26.1.sdk/usr/include/sys/sem.h
/Applications/Xcode.app/Contents/Developer/Platforms/MacOSX.platform/Developer/SDKs/MacOSX26.1.sdk/usr/include/sys/shm.h
/Applications/Xcode.app/Contents/Developer/Platforms/MacOSX.platform/Developer/SDKs/MacOSX26.1.sdk/usr/include/sys/posix_shm.h
/Applications/Xcode.app/Contents/Developer/Platforms/MacOSX.platform/Developer/SDKs/MacOSX26.1.sdk/usr/include/sys/statvfs.h
/Applications/Xcode.app/Contents/Developer/Platforms/MacOSX.platform/Developer/SDKs/MacOSX26.1.sdk/usr/include/sys/times.h
/Applications/Xcode.app/Contents/Developer/Platforms/MacOSX.platform/Developer/SDKs/MacOSX26.1.sdk/usr/include/sys/_types/_fsid_t.h
/Applications/Xcode.app/Contents/Developer/Platforms/MacOSX.platform/Developer/SDKs/MacOSX26.1.sdk/usr/include/sys/_types/_fsobj_id_t.h
/Applications/Xcode.app/Contents/Developer/Platforms/MacOSX.platform/Developer/SDKs/MacOSX26.1.sdk/usr/include/sys/_types/_graftdmg_un.h
/Applications/Xcode.app/Contents/Developer/Platforms/MacOSX.platform/Developer/SDKs/MacOSX26.1.sdk/usr/include/sys/_types/_guid_t.h
/Applications/Xcode.app/Contents/Developer/Platforms/MacOSX.platform/Developer/SDKs/MacOSX26.1.sdk/usr/include/sys/_types/_mount_t.h
/Applications/Xcode.app/Contents/Developer/Platforms/MacOSX.platform/Developer/SDKs/MacOSX26.1.sdk/usr/include/sys/_types/_os_inline.h
/Applications/Xcode.app/Contents/Developer/Platforms/MacOSX.platform/Developer/SDKs/MacOSX26.1.sdk/usr/include/sys/_types/_ucontext64.h
/Applications/Xcode.app/Contents/Developer/Platforms/MacOSX.platform/Developer/SDKs/MacOSX26.1.sdk/usr/include/sys/_types/_vnode_t.h
/Applications/Xcode.app/Contents/Developer/Platforms/MacOSX.platform/Developer/SDKs/MacOSX26.1.sdk/usr/include/sys/uio.h
/Applications/Xcode.app/Contents/Developer/Platforms/MacOSX.platform/Developer/SDKs/MacOSX26.1.sdk/usr/include/sys/un.h
/Applications/Xcode.app/Contents/Developer/Platforms/MacOSX.platform/Developer/SDKs/MacOSX26.1.sdk/usr/include/sys/utsname.h
/Applications/Xcode.app/Contents/Developer/Platforms/MacOSX.platform/Developer/SDKs/MacOSX26.1.sdk/usr/include/sys/vsock.h
/Applications/Xcode.app/Contents/Developer/Platforms/MacOSX.platform/Developer/SDKs/MacOSX26.1.sdk/usr/include/sys/ucred.h
/Applications/Xcode.app/Contents/Developer/Platforms/MacOSX.platform/Developer/SDKs/MacOSX26.1.sdk/usr/include/bsm/audit.h
/Applications/Xcode.app/Contents/Developer/Platforms/MacOSX.platform/Developer/SDKs/MacOSX26.1.sdk/usr/include/sys/socketvar.h
/Applications/Xcode.app/Contents/Developer/Platforms/MacOSX.platform/Developer/SDKs/MacOSX26.1.sdk/usr/include/sys/xattr.h
/Applications/Xcode.app/Contents/Developer/Platforms/MacOSX.platform/Developer/SDKs/MacOSX26.1.sdk/usr/include/_modules/_darwin_posix_sys_resource.h
/Applications/Xcode.app/Contents/Developer/Platforms/MacOSX.platform/Developer/SDKs/MacOSX26.1.sdk/usr/include/_modules/_darwin_posix_sys_select.h
/Applications/Xcode.app/Contents/Developer/Platforms/MacOSX.platform/Developer/SDKs/MacOSX26.1.sdk/usr/include/_modules/_darwin_posix_sys_wait.h
/Applications/Xcode.app/Contents/Developer/Platforms/MacOSX.platform/Developer/SDKs/MacOSX26.1.sdk/usr/include/syslog.h
/Applications/Xcode.app/Contents/Developer/Platforms/MacOSX.platform/Developer/SDKs/MacOSX26.1.sdk/usr/include/sys/syslog.h
/Applications/Xcode.app/Contents/Developer/Platforms/MacOSX.platform/Developer/SDKs/MacOSX26.1.sdk/usr/include/tar.h
/Applications/Xcode.app/Contents/Developer/Platforms/MacOSX.platform/Developer/SDKs/MacOSX26.1.sdk/usr/include/ulimit.h
/Applications/Xcode.app/Contents/Developer/Platforms/MacOSX.platform/Developer/SDKs/MacOSX26.1.sdk/usr/include/utime.h
/Applications/Xcode.app/Contents/Developer/Platforms/MacOSX.platform/Developer/SDKs/MacOSX26.1.sdk/usr/include/utmpx.h
/Applications/Xcode.app/Contents/Developer/Platforms/MacOSX.platform/Developer/SDKs/MacOSX26.1.sdk/usr/include/wordexp.h
/Applications/Xcode.app/Contents/Developer/Platforms/MacOSX.platform/Developer/SDKs/MacOSX26.1.sdk/usr/include/_modules/_darwin_posix_nl_types.h
/Applications/Xcode.app/Contents/Developer/Platforms/MacOSX.platform/Developer/SDKs/MacOSX26.1.sdk/usr/include/_modules/_darwin_posix_sched.h
/Applications/Xcode.app/Contents/Developer/Platforms/MacOSX.platform/Developer/SDKs/MacOSX26.1.sdk/usr/include/_modules/_darwin_posix_unistd.h
/Applications/Xcode.app/Contents/Developer/Platforms/MacOSX.platform/Developer/SDKs/MacOSX26.1.sdk/usr/include/net/bpf.h
/Applications/Xcode.app/Contents/Developer/Platforms/MacOSX.platform/Developer/SDKs/MacOSX26.1.sdk/usr/include/net/dlil.h
/Applications/Xcode.app/Contents/Developer/Platforms/MacOSX.platform/Developer/SDKs/MacOSX26.1.sdk/usr/include/net/ethernet.h
/Applications/Xcode.app/Contents/Developer/Platforms/MacOSX.platform/Developer/SDKs/MacOSX26.1.sdk/usr/include/net/if_arp.h
/Applications/Xcode.app/Contents/Developer/Platforms/MacOSX.platform/Developer/SDKs/MacOSX26.1.sdk/usr/include/net/if_llc.h
/Applications/Xcode.app/Contents/Developer/Platforms/MacOSX.platform/Developer/SDKs/MacOSX26.1.sdk/usr/include/net/if_media.h
/Applications/Xcode.app/Contents/Developer/Platforms/MacOSX.platform/Developer/SDKs/MacOSX26.1.sdk/usr/include/net/if_mib.h
/Applications/Xcode.app/Contents/Developer/Platforms/MacOSX.platform/Developer/SDKs/MacOSX26.1.sdk/usr/include/net/if_utun.h
/Applications/Xcode.app/Contents/Developer/Platforms/MacOSX.platform/Developer/SDKs/MacOSX26.1.sdk/usr/include/net/if_var_status.h
/Applications/Xcode.app/Contents/Developer/Platforms/MacOSX.platform/Developer/SDKs/MacOSX26.1.sdk/usr/include/net/kext_net.h
/Applications/Xcode.app/Contents/Developer/Platforms/MacOSX.platform/Developer/SDKs/MacOSX26.1.sdk/usr/include/net/ndrv.h
/Applications/Xcode.app/Contents/Developer/Platforms/MacOSX.platform/Developer/SDKs/MacOSX26.1.sdk/usr/include/net/pfkeyv2.h
/Applications/Xcode.app/Contents/Developer/Platforms/MacOSX.platform/Developer/SDKs/MacOSX26.1.sdk/usr/include/net/route.h
/Applications/Xcode.app/Contents/Developer/Platforms/MacOSX.platform/Developer/SDKs/MacOSX26.1.sdk/usr/include/netinet/bootp.h
/Applications/Xcode.app/Contents/Developer/Platforms/MacOSX.platform/Developer/SDKs/MacOSX26.1.sdk/usr/include/netinet/ip.h
/Applications/Xcode.app/Contents/Developer/Platforms/MacOSX.platform/Developer/SDKs/MacOSX26.1.sdk/usr/include/netinet/in_systm.h
/Applications/Xcode.app/Contents/Developer/Platforms/MacOSX.platform/Developer/SDKs/MacOSX26.1.sdk/usr/include/netinet/udp.h
/Applications/Xcode.app/Contents/Developer/Platforms/MacOSX.platform/Developer/SDKs/MacOSX26.1.sdk/usr/include/netinet/icmp6.h
/Applications/Xcode.app/Contents/Developer/Platforms/MacOSX.platform/Developer/SDKs/MacOSX26.1.sdk/usr/include/netinet/icmp_var.h
/Applications/Xcode.app/Contents/Developer/Platforms/MacOSX.platform/Developer/SDKs/MacOSX26.1.sdk/usr/include/netinet/ip_icmp.h
/Applications/Xcode.app/Contents/Developer/Platforms/MacOSX.platform/Developer/SDKs/MacOSX26.1.sdk/usr/include/netinet/if_ether.h
/Applications/Xcode.app/Contents/Developer/Platforms/MacOSX.platform/Developer/SDKs/MacOSX26.1.sdk/usr/include/netinet/igmp.h
/Applications/Xcode.app/Contents/Developer/Platforms/MacOSX.platform/Developer/SDKs/MacOSX26.1.sdk/usr/include/netinet/igmp_var.h
/Applications/Xcode.app/Contents/Developer/Platforms/MacOSX.platform/Developer/SDKs/MacOSX26.1.sdk/usr/include/netinet/in_pcb.h
/Applications/Xcode.app/Contents/Developer/Platforms/MacOSX.platform/Developer/SDKs/MacOSX26.1.sdk/usr/include/netinet/in_var.h
/Applications/Xcode.app/Contents/Developer/Platforms/MacOSX.platform/Developer/SDKs/MacOSX26.1.sdk/usr/include/sys/protosw.h
/Applications/Xcode.app/Contents/Developer/Platforms/MacOSX.platform/Developer/SDKs/MacOSX26.1.sdk/usr/include/sys/kern_event.h
/Applications/Xcode.app/Contents/Developer/Platforms/MacOSX.platform/Developer/SDKs/MacOSX26.1.sdk/usr/include/sys/sys_domain.h
/Applications/Xcode.app/Contents/Developer/Platforms/MacOSX.platform/Developer/SDKs/MacOSX26.1.sdk/usr/include/netinet6/in6_var.h
/Applications/Xcode.app/Contents/Developer/Platforms/MacOSX.platform/Developer/SDKs/MacOSX26.1.sdk/usr/include/netinet6/scope6_var.h
/Applications/Xcode.app/Contents/Developer/Platforms/MacOSX.platform/Developer/SDKs/MacOSX26.1.sdk/usr/include/netinet/ip6.h
/Applications/Xcode.app/Contents/Developer/Platforms/MacOSX.platform/Developer/SDKs/MacOSX26.1.sdk/usr/include/netinet/ip_var.h
/Applications/Xcode.app/Contents/Developer/Platforms/MacOSX.platform/Developer/SDKs/MacOSX26.1.sdk/usr/include/netinet/tcp_fsm.h
/Applications/Xcode.app/Contents/Developer/Platforms/MacOSX.platform/Developer/SDKs/MacOSX26.1.sdk/usr/include/netinet/tcp_seq.h
/Applications/Xcode.app/Contents/Developer/Platforms/MacOSX.platform/Developer/SDKs/MacOSX26.1.sdk/usr/include/netinet/tcp_timer.h
/Applications/Xcode.app/Contents/Developer/Platforms/MacOSX.platform/Developer/SDKs/MacOSX26.1.sdk/usr/include/netinet/tcp_var.h
/Applications/Xcode.app/Contents/Developer/Platforms/MacOSX.platform/Developer/SDKs/MacOSX26.1.sdk/usr/include/netinet/tcpip.h
/Applications/Xcode.app/Contents/Developer/Platforms/MacOSX.platform/Developer/SDKs/MacOSX26.1.sdk/usr/include/netinet/udp_var.h
/Applications/Xcode.app/Contents/Developer/Platforms/MacOSX.platform/Developer/SDKs/MacOSX26.1.sdk/usr/include/sys/sysctl.h
/Applications/Xcode.app/Contents/Developer/Platforms/MacOSX.platform/Developer/SDKs/MacOSX26.1.sdk/usr/include/sys/vm.h
/Applications/Xcode.app/Contents/Developer/Platforms/MacOSX.platform/Developer/SDKs/MacOSX26.1.sdk/usr/include/ar.h
/Applications/Xcode.app/Contents/Developer/Platforms/MacOSX.platform/Developer/SDKs/MacOSX26.1.sdk/usr/include/bank/bank_types.h
/Applications/Xcode.app/Contents/Developer/Platforms/MacOSX.platform/Developer/SDKs/MacOSX26.1.sdk/usr/include/os/base.h
/Applications/Xcode.app/Contents/Developer/Platforms/MacOSX.platform/Developer/SDKs/MacOSX26.1.sdk/usr/include/mach/mach_types.h
/Applications/Xcode.app/Contents/Developer/Platforms/MacOSX.platform/Developer/SDKs/MacOSX26.1.sdk/usr/include/mach/host_info.h
/Applications/Xcode.app/Contents/Developer/Platforms/MacOSX.platform/Developer/SDKs/MacOSX26.1.sdk/usr/include/mach/vm_statistics.h
/Applications/Xcode.app/Contents/Developer/Platforms/MacOSX.platform/Developer/SDKs/MacOSX26.1.sdk/usr/include/mach/time_value.h
/Applications/Xcode.app/Contents/Developer/Platforms/MacOSX.platform/Developer/SDKs/MacOSX26.1.sdk/usr/include/mach/host_notify.h
/Applications/Xcode.app/Contents/Developer/Platforms/MacOSX.platform/Developer/SDKs/MacOSX26.1.sdk/usr/include/mach/host_special_ports.h
/Applications/Xcode.app/Contents/Developer/Platforms/MacOSX.platform/Developer/SDKs/MacOSX26.1.sdk/usr/include/mach/memory_object_types.h
/Applications/Xcode.app/Contents/Developer/Platforms/MacOSX.platform/Developer/SDKs/MacOSX26.1.sdk/usr/include/mach/vm_prot.h
/Applications/Xcode.app/Contents/Developer/Platforms/MacOSX.platform/Developer/SDKs/MacOSX26.1.sdk/usr/include/mach/vm_sync.h
/Applications/Xcode.app/Contents/Developer/Platforms/MacOSX.platform/Developer/SDKs/MacOSX26.1.sdk/usr/include/mach/mach_voucher_types.h
/Applications/Xcode.app/Contents/Developer/Platforms/MacOSX.platform/Developer/SDKs/MacOSX26.1.sdk/usr/include/mach/std_types.h
/Applications/Xcode.app/Contents/Developer/Platforms/MacOSX.platform/Developer/SDKs/MacOSX26.1.sdk/usr/include/mach/processor_info.h
/Applications/Xcode.app/Contents/Developer/Platforms/MacOSX.platform/Developer/SDKs/MacOSX26.1.sdk/usr/include/mach/machine/processor_info.h
/Applications/Xcode.app/Contents/Developer/Platforms/MacOSX.platform/Developer/SDKs/MacOSX26.1.sdk/usr/include/mach/arm/processor_info.h
/Applications/Xcode.app/Contents/Developer/Platforms/MacOSX.platform/Developer/SDKs/MacOSX26.1.sdk/usr/include/mach/task_info.h
/Applications/Xcode.app/Contents/Developer/Platforms/MacOSX.platform/Developer/SDKs/MacOSX26.1.sdk/usr/include/mach/policy.h
/Applications/Xcode.app/Contents/Developer/Platforms/MacOSX.platform/Developer/SDKs/MacOSX26.1.sdk/usr/include/mach/task_inspect.h
/Applications/Xcode.app/Contents/Developer/Platforms/MacOSX.platform/Developer/SDKs/MacOSX26.1.sdk/usr/include/mach/task_policy.h
/Applications/Xcode.app/Contents/Developer/Platforms/MacOSX.platform/Developer/SDKs/MacOSX26.1.sdk/usr/include/mach/task_special_ports.h
/Applications/Xcode.app/Contents/Developer/Platforms/MacOSX.platform/Developer/SDKs/MacOSX26.1.sdk/usr/include/mach/thread_info.h
/Applications/Xcode.app/Contents/Developer/Platforms/MacOSX.platform/Developer/SDKs/MacOSX26.1.sdk/usr/include/mach/thread_policy.h
/Applications/Xcode.app/Contents/Developer/Platforms/MacOSX.platform/Developer/SDKs/MacOSX26.1.sdk/usr/include/mach/thread_special_ports.h
/Applications/Xcode.app/Contents/Developer/Platforms/MacOSX.platform/Developer/SDKs/MacOSX26.1.sdk/usr/include/mach/clock_types.h
/Applications/Xcode.app/Contents/Developer/Platforms/MacOSX.platform/Developer/SDKs/MacOSX26.1.sdk/usr/include/mach/vm_attributes.h
/Applications/Xcode.app/Contents/Developer/Platforms/MacOSX.platform/Developer/SDKs/MacOSX26.1.sdk/usr/include/mach/vm_inherit.h
/Applications/Xcode.app/Contents/Developer/Platforms/MacOSX.platform/Developer/SDKs/MacOSX26.1.sdk/usr/include/mach/vm_purgable.h
/Applications/Xcode.app/Contents/Developer/Platforms/MacOSX.platform/Developer/SDKs/MacOSX26.1.sdk/usr/include/mach/vm_behavior.h
/Applications/Xcode.app/Contents/Developer/Platforms/MacOSX.platform/Developer/SDKs/MacOSX26.1.sdk/usr/include/mach/vm_region.h
/Applications/Xcode.app/Contents/Developer/Platforms/MacOSX.platform/Developer/SDKs/MacOSX26.1.sdk/usr/include/mach/machine/vm_param.h
/Applications/Xcode.app/Contents/Developer/Platforms/MacOSX.platform/Developer/SDKs/MacOSX26.1.sdk/usr/include/mach/arm/vm_param.h
/Applications/Xcode.app/Contents/Developer/Platforms/MacOSX.platform/Developer/SDKs/MacOSX26.1.sdk/usr/include/mach/vm_page_size.h
/Applications/Xcode.app/Contents/Developer/Platforms/MacOSX.platform/Developer/SDKs/MacOSX26.1.sdk/usr/include/mach/kmod.h
/Applications/Xcode.app/Contents/Developer/Platforms/MacOSX.platform/Developer/SDKs/MacOSX26.1.sdk/usr/include/mach/dyld_kernel.h
/Applications/Xcode.app/Contents/Developer/Platforms/MacOSX.platform/Developer/SDKs/MacOSX26.1.sdk/usr/include/ConditionalMacros.h
/Applications/Xcode.app/Contents/Developer/Platforms/MacOSX.platform/Developer/SDKs/MacOSX26.1.sdk/usr/include/crt_externs.h
/Applications/Xcode.app/Contents/Developer/Platforms/MacOSX.platform/Developer/SDKs/MacOSX26.1.sdk/usr/include/fts.h
/Applications/Xcode.app/Contents/Developer/Platforms/MacOSX.platform/Developer/SDKs/MacOSX26.1.sdk/usr/include/getopt.h
/Applications/Xcode.app/Contents/Developer/Platforms/MacOSX.platform/Developer/SDKs/MacOSX26.1.sdk/usr/include/AssertMacros.h
/Applications/Xcode.app/Contents/Developer/Platforms/MacOSX.platform/Developer/SDKs/MacOSX26.1.sdk/usr/include/MacTypes.h
/Applications/Xcode.app/Contents/Developer/Platforms/MacOSX.platform/Developer/SDKs/MacOSX26.1.sdk/usr/include/mach/mach.h
/Applications/Xcode.app/Contents/Developer/Platforms/MacOSX.platform/Developer/SDKs/MacOSX26.1.sdk/usr/include/mach/mach_interface.h
/Applications/Xcode.app/Contents/Developer/Platforms/MacOSX.platform/Developer/SDKs/MacOSX26.1.sdk/usr/include/mach/clock_priv.h
/Applications/Xcode.app/Contents/Developer/Platforms/MacOSX.platform/Developer/SDKs/MacOSX26.1.sdk/usr/include/mach/ndr.h
/Applications/Xcode.app/Contents/Developer/Platforms/MacOSX.platform/Developer/SDKs/MacOSX26.1.sdk/usr/include/libkern/OSByteOrder.h
/Applications/Xcode.app/Contents/Developer/Platforms/MacOSX.platform/Developer/SDKs/MacOSX26.1.sdk/usr/include/libkern/arm/OSByteOrder.h
/Applications/Xcode.app/Contents/Developer/Platforms/MacOSX.platform/Developer/SDKs/MacOSX26.1.sdk/usr/include/arm/arch.h
/Applications/Xcode.app/Contents/Developer/Platforms/MacOSX.platform/Developer/SDKs/MacOSX26.1.sdk/usr/include/mach/notify.h
/Applications/Xcode.app/Contents/Developer/Platforms/MacOSX.platform/Developer/SDKs/MacOSX26.1.sdk/usr/include/mach/mig_errors.h
/Applications/Xcode.app/Contents/Developer/Platforms/MacOSX.platform/Developer/SDKs/MacOSX26.1.sdk/usr/include/mach/mig.h
/Applications/Xcode.app/Contents/Developer/Platforms/MacOSX.platform/Developer/SDKs/MacOSX26.1.sdk/usr/include/mach/host_priv.h
/Applications/Xcode.app/Contents/Developer/Platforms/MacOSX.platform/Developer/SDKs/MacOSX26.1.sdk/usr/include/mach_debug/mach_debug_types.h
/Applications/Xcode.app/Contents/Developer/Platforms/MacOSX.platform/Developer/SDKs/MacOSX26.1.sdk/usr/include/mach_debug/vm_info.h
/Applications/Xcode.app/Contents/Developer/Platforms/MacOSX.platform/Developer/SDKs/MacOSX26.1.sdk/usr/include/mach_debug/zone_info.h
/Applications/Xcode.app/Contents/Developer/Platforms/MacOSX.platform/Developer/SDKs/MacOSX26.1.sdk/usr/include/mach_debug/page_info.h
/Applications/Xcode.app/Contents/Developer/Platforms/MacOSX.platform/Developer/SDKs/MacOSX26.1.sdk/usr/include/mach_debug/hash_info.h
/Applications/Xcode.app/Contents/Developer/Platforms/MacOSX.platform/Developer/SDKs/MacOSX26.1.sdk/usr/include/mach_debug/lockgroup_info.h
/Applications/Xcode.app/Contents/Developer/Platforms/MacOSX.platform/Developer/SDKs/MacOSX26.1.sdk/usr/include/mach/host_security.h
/Applications/Xcode.app/Contents/Developer/Platforms/MacOSX.platform/Developer/SDKs/MacOSX26.1.sdk/usr/include/mach/processor.h
/Applications/Xcode.app/Contents/Developer/Platforms/MacOSX.platform/Developer/SDKs/MacOSX26.1.sdk/usr/include/mach/processor_set.h
/Applications/Xcode.app/Contents/Developer/Platforms/MacOSX.platform/Developer/SDKs/MacOSX26.1.sdk/usr/include/mach/semaphore.h
/Applications/Xcode.app/Contents/Developer/Platforms/MacOSX.platform/Developer/SDKs/MacOSX26.1.sdk/usr/include/mach/sync_policy.h
/Applications/Xcode.app/Contents/Developer/Platforms/MacOSX.platform/Developer/SDKs/MacOSX26.1.sdk/usr/include/mach/task.h
/Applications/Xcode.app/Contents/Developer/Platforms/MacOSX.platform/Developer/SDKs/MacOSX26.1.sdk/usr/include/mach/thread_act.h
/Applications/Xcode.app/Contents/Developer/Platforms/MacOSX.platform/Developer/SDKs/MacOSX26.1.sdk/usr/include/mach/vm_map.h
/Applications/Xcode.app/Contents/Developer/Platforms/MacOSX.platform/Developer/SDKs/MacOSX26.1.sdk/usr/include/mach/mach_port.h
/Applications/Xcode.app/Contents/Developer/Platforms/MacOSX.platform/Developer/SDKs/MacOSX26.1.sdk/usr/include/mach/mach_init.h
/Applications/Xcode.app/Contents/Developer/Platforms/MacOSX.platform/Developer/SDKs/MacOSX26.1.sdk/usr/include/mach/mach_traps.h
/Applications/Xcode.app/Contents/Developer/Platforms/MacOSX.platform/Developer/SDKs/MacOSX26.1.sdk/usr/include/mach/error.h
/Applications/Xcode.app/Contents/Developer/Platforms/MacOSX.platform/Developer/SDKs/MacOSX26.1.sdk/usr/include/mach/mach_host.h
/Applications/Xcode.app/Contents/Developer/Platforms/MacOSX.platform/Developer/SDKs/MacOSX26.1.sdk/usr/include/mach/thread_switch.h
/Applications/Xcode.app/Contents/Developer/Platforms/MacOSX.platform/Developer/SDKs/MacOSX26.1.sdk/usr/include/mach/rpc.h
/Applications/Xcode.app/Contents/Developer/Platforms/MacOSX.platform/Developer/SDKs/MacOSX26.1.sdk/usr/include/mach/machine/rpc.h
/Applications/Xcode.app/Contents/Developer/Platforms/MacOSX.platform/Developer/SDKs/MacOSX26.1.sdk/usr/include/mach/arm/rpc.h
/Applications/Xcode.app/Contents/Developer/Platforms/MacOSX.platform/Developer/SDKs/MacOSX26.1.sdk/usr/include/mach/mach_error.h
/Applications/Xcode.app/Contents/Developer/Platforms/MacOSX.platform/Developer/SDKs/MacOSX26.1.sdk/usr/include/mach/audit_triggers_types.h
/Applications/Xcode.app/Contents/Developer/Platforms/MacOSX.platform/Developer/SDKs/MacOSX26.1.sdk/usr/include/mach/bootstrap.h
/Applications/Xcode.app/Contents/Developer/Platforms/MacOSX.platform/Developer/SDKs/MacOSX26.1.sdk/usr/include/mach/clock.h
/Applications/Xcode.app/Contents/Developer/Platforms/MacOSX.platform/Developer/SDKs/MacOSX26.1.sdk/usr/include/mach/clock_reply.h
/Applications/Xcode.app/Contents/Developer/Platforms/MacOSX.platform/Developer/SDKs/MacOSX26.1.sdk/usr/include/mach/exc.h
/Applications/Xcode.app/Contents/Developer/Platforms/MacOSX.platform/Developer/SDKs/MacOSX26.1.sdk/usr/include/mach/exception.h
/Applications/Xcode.app/Contents/Developer/Platforms/MacOSX.platform/Developer/SDKs/MacOSX26.1.sdk/usr/include/mach/host_reboot.h
/Applications/Xcode.app/Contents/Developer/Platforms/MacOSX.platform/Developer/SDKs/MacOSX26.1.sdk/usr/include/arm64/hv/hv_kern_types.h
/Applications/Xcode.app/Contents/Developer/Platforms/MacOSX.platform/Developer/SDKs/MacOSX26.1.sdk/usr/include/mach/mach_param.h
/Applications/Xcode.app/Contents/Developer/Platforms/MacOSX.platform/Developer/SDKs/MacOSX26.1.sdk/usr/include/mach/mach_right.h
/Applications/Xcode.app/Contents/Developer/Platforms/MacOSX.platform/Developer/SDKs/MacOSX26.1.sdk/usr/include/mach/mach_syscalls.h
/Applications/Xcode.app/Contents/Developer/Platforms/MacOSX.platform/Developer/SDKs/MacOSX26.1.sdk/usr/include/mach/mach_time.h
/Applications/Xcode.app/Contents/Developer/Platforms/MacOSX.platform/Developer/SDKs/MacOSX26.1.sdk/usr/include/mach/mach_vm.h
/Applications/Xcode.app/Contents/Developer/Platforms/MacOSX.platform/Developer/SDKs/MacOSX26.1.sdk/usr/include/mach/mach_voucher.h
/Applications/Xcode.app/Contents/Developer/Platforms/MacOSX.platform/Developer/SDKs/MacOSX26.1.sdk/usr/include/mach/memory_entry.h
/Applications/Xcode.app/Contents/Developer/Platforms/MacOSX.platform/Developer/SDKs/MacOSX26.1.sdk/usr/include/mach/mig_strncpy_zerofill_support.h
/Applications/Xcode.app/Contents/Developer/Platforms/MacOSX.platform/Developer/SDKs/MacOSX26.1.sdk/usr/include/mach/mig_voucher_support.h
/Applications/Xcode.app/Contents/Developer/Platforms/MacOSX.platform/Developer/SDKs/MacOSX26.1.sdk/usr/include/mach/port_obj.h
/Applications/Xcode.app/Contents/Developer/Platforms/MacOSX.platform/Developer/SDKs/MacOSX26.1.sdk/usr/include/mach/sdt.h
/Applications/Xcode.app/Contents/Developer/Platforms/MacOSX.platform/Developer/SDKs/MacOSX26.1.sdk/usr/include/mach/machine/sdt.h
/Applications/Xcode.app/Contents/Developer/Platforms/MacOSX.platform/Developer/SDKs/MacOSX26.1.sdk/usr/include/sys/sdt.h
/Applications/Xcode.app/Contents/Developer/Platforms/MacOSX.platform/Developer/SDKs/MacOSX26.1.sdk/usr/include/mach/shared_region.h
/Applications/Xcode.app/Contents/Developer/Platforms/MacOSX.platform/Developer/SDKs/MacOSX26.1.sdk/usr/include/mach/sync.h
/Applications/Xcode.app/Contents/Developer/Platforms/MacOSX.platform/Developer/SDKs/MacOSX26.1.sdk/usr/include/mach/thread_state.h
/Applications/Xcode.app/Contents/Developer/Platforms/MacOSX.platform/Developer/SDKs/MacOSX26.1.sdk/usr/include/mach/vm_param.h
/Applications/Xcode.app/Contents/Developer/Platforms/MacOSX.platform/Developer/SDKs/MacOSX26.1.sdk/usr/include/mach/vm_task.h
/Applications/Xcode.app/Contents/Developer/Platforms/MacOSX.platform/Developer/SDKs/MacOSX26.1.sdk/usr/include/mach/machine/asm.h
/Applications/Xcode.app/Contents/Developer/Platforms/MacOSX.platform/Developer/SDKs/MacOSX26.1.sdk/usr/include/mach/arm64/asm.h
/Applications/Xcode.app/Contents/Developer/Platforms/MacOSX.platform/Developer/SDKs/MacOSX26.1.sdk/usr/include/mach/i386/asm.h
/Applications/Xcode.app/Contents/Developer/Platforms/MacOSX.platform/Developer/SDKs/MacOSX26.1.sdk/usr/include/mach/arm/asm.h
/Applications/Xcode.app/Contents/Developer/Platforms/MacOSX.platform/Developer/SDKs/MacOSX26.1.sdk/usr/include/mach/i386/boolean.h
/Applications/Xcode.app/Contents/Developer/Platforms/MacOSX.platform/Developer/SDKs/MacOSX26.1.sdk/usr/include/mach/i386/exception.h
/Applications/Xcode.app/Contents/Developer/Platforms/MacOSX.platform/Developer/SDKs/MacOSX26.1.sdk/usr/include/mach/i386/fp_reg.h
/Applications/Xcode.app/Contents/Developer/Platforms/MacOSX.platform/Developer/SDKs/MacOSX26.1.sdk/usr/include/mach/i386/kern_return.h
/Applications/Xcode.app/Contents/Developer/Platforms/MacOSX.platform/Developer/SDKs/MacOSX26.1.sdk/usr/include/mach/machine/ndr_def.h
/Applications/Xcode.app/Contents/Developer/Platforms/MacOSX.platform/Developer/SDKs/MacOSX26.1.sdk/usr/include/mach/arm/ndr_def.h
/Applications/Xcode.app/Contents/Developer/Platforms/MacOSX.platform/Developer/SDKs/MacOSX26.1.sdk/usr/include/mach/i386/processor_info.h
/Applications/Xcode.app/Contents/Developer/Platforms/MacOSX.platform/Developer/SDKs/MacOSX26.1.sdk/usr/include/mach/i386/rpc.h
/Applications/Xcode.app/Contents/Developer/Platforms/MacOSX.platform/Developer/SDKs/MacOSX26.1.sdk/usr/include/mach/machine/sdt_isa.h
/Applications/Xcode.app/Contents/Developer/Platforms/MacOSX.platform/Developer/SDKs/MacOSX26.1.sdk/usr/include/mach/arm/sdt_isa.h
/Applications/Xcode.app/Contents/Developer/Platforms/MacOSX.platform/Developer/SDKs/MacOSX26.1.sdk/usr/include/mach/i386/sdt_isa.h
/Applications/Xcode.app/Contents/Developer/Platforms/MacOSX.platform/Developer/SDKs/MacOSX26.1.sdk/usr/include/mach/i386/thread_state.h
/Applications/Xcode.app/Contents/Developer/Platforms/MacOSX.platform/Developer/SDKs/MacOSX26.1.sdk/usr/include/mach/i386/thread_status.h
/Applications/Xcode.app/Contents/Developer/Platforms/MacOSX.platform/Developer/SDKs/MacOSX26.1.sdk/usr/include/mach/arm/traps.h
/Applications/Xcode.app/Contents/Developer/Platforms/MacOSX.platform/Developer/SDKs/MacOSX26.1.sdk/usr/include/mach/i386/vm_param.h
/Applications/Xcode.app/Contents/Developer/Platforms/MacOSX.platform/Developer/SDKs/MacOSX26.1.sdk/usr/include/mach/i386/vm_types.h
/Applications/Xcode.app/Contents/Developer/Platforms/MacOSX.platform/Developer/SDKs/MacOSX26.1.sdk/usr/include/mach_debug/mach_debug.h
/Applications/Xcode.app/Contents/Developer/Platforms/MacOSX.platform/Developer/SDKs/MacOSX26.1.sdk/usr/include/device/device_types.h
/Applications/Xcode.app/Contents/Developer/Platforms/MacOSX.platform/Developer/SDKs/MacOSX26.1.sdk/usr/include/device/device_port.h
/Applications/Xcode.app/Contents/Developer/Platforms/MacOSX.platform/Developer/SDKs/MacOSX26.1.sdk/usr/include/libkern/OSAtomic.h
/Applications/Xcode.app/Contents/Developer/Platforms/MacOSX.platform/Developer/SDKs/MacOSX26.1.sdk/usr/include/libkern/OSAtomicDeprecated.h
/Applications/Xcode.app/Contents/Developer/Platforms/MacOSX.platform/Developer/SDKs/MacOSX26.1.sdk/usr/include/libkern/OSSpinLockDeprecated.h
/Applications/Xcode.app/Contents/Developer/Platforms/MacOSX.platform/Developer/SDKs/MacOSX26.1.sdk/usr/include/libkern/OSAtomicQueue.h
/Applications/Xcode.app/Contents/Developer/Platforms/MacOSX.platform/Developer/SDKs/MacOSX26.1.sdk/usr/include/libkern/machine/OSByteOrder.h
/Applications/Xcode.app/Contents/Developer/Platforms/MacOSX.platform/Developer/SDKs/MacOSX26.1.sdk/usr/include/libkern/i386/OSByteOrder.h
/Applications/Xcode.app/Contents/Developer/Platforms/MacOSX.platform/Developer/SDKs/MacOSX26.1.sdk/usr/include/libproc.h
/Applications/Xcode.app/Contents/Developer/Platforms/MacOSX.platform/Developer/SDKs/MacOSX26.1.sdk/usr/include/sys/mount.h
/Applications/Xcode.app/Contents/Developer/Platforms/MacOSX.platform/Developer/SDKs/MacOSX26.1.sdk/usr/include/sys/attr.h
/Applications/Xcode.app/Contents/Developer/Platforms/MacOSX.platform/Developer/SDKs/MacOSX26.1.sdk/usr/include/sys/proc_info.h
/Applications/Xcode.app/Contents/Developer/Platforms/MacOSX.platform/Developer/SDKs/MacOSX26.1.sdk/usr/include/sys/kern_control.h
/Applications/Xcode.app/Contents/Developer/Platforms/MacOSX.platform/Developer/SDKs/MacOSX26.1.sdk/usr/include/os/clock.h
/Applications/Xcode.app/Contents/Developer/Platforms/MacOSX.platform/Developer/SDKs/MacOSX26.1.sdk/usr/include/os/lock.h
/Applications/Xcode.app/Contents/Developer/Platforms/MacOSX.platform/Developer/SDKs/MacOSX26.1.sdk/usr/include/os/proc.h
/Applications/Xcode.app/Contents/Developer/Platforms/MacOSX.platform/Developer/SDKs/MacOSX26.1.sdk/usr/include/malloc/malloc.h
/Applications/Xcode.app/Contents/Developer/Platforms/MacOSX.platform/Developer/SDKs/MacOSX26.1.sdk/usr/include/malloc/_platform.h
/Applications/Xcode.app/Contents/Developer/Platforms/MacOSX.platform/Developer/SDKs/MacOSX26.1.sdk/usr/include/sys/malloc.h
/Applications/Xcode.app/Contents/Developer/Platforms/MacOSX.platform/Developer/SDKs/MacOSX26.1.sdk/usr/include/i386/_param.h
/Applications/Xcode.app/Contents/Developer/Platforms/MacOSX.platform/Developer/SDKs/MacOSX26.1.sdk/usr/include/machine/byte_order.h
/Applications/Xcode.app/Contents/Developer/Platforms/MacOSX.platform/Developer/SDKs/MacOSX26.1.sdk/usr/include/architecture/byte_order.h
/Applications/Xcode.app/Contents/Developer/Platforms/MacOSX.platform/Developer/SDKs/MacOSX26.1.sdk/usr/include/i386/eflags.h
/Applications/Xcode.app/Contents/Developer/Platforms/MacOSX.platform/Developer/SDKs/MacOSX26.1.sdk/usr/include/machine/fasttrap_isa.h
/Applications/Xcode.app/Contents/Developer/Platforms/MacOSX.platform/Developer/SDKs/MacOSX26.1.sdk/usr/include/arm/fasttrap_isa.h
/Applications/Xcode.app/Contents/Developer/Platforms/MacOSX.platform/Developer/SDKs/MacOSX26.1.sdk/usr/include/i386/fasttrap_isa.h
/Applications/Xcode.app/Contents/Developer/Platforms/MacOSX.platform/Developer/SDKs/MacOSX26.1.sdk/usr/include/i386/param.h
/Applications/Xcode.app/Contents/Developer/Platforms/MacOSX.platform/Developer/SDKs/MacOSX26.1.sdk/usr/include/machine/profile.h
/Applications/Xcode.app/Contents/Developer/Platforms/MacOSX.platform/Developer/SDKs/MacOSX26.1.sdk/usr/include/arm/profile.h
/Applications/Xcode.app/Contents/Developer/Platforms/MacOSX.platform/Developer/SDKs/MacOSX26.1.sdk/usr/include/i386/profile.h
/Applications/Xcode.app/Contents/Developer/Platforms/MacOSX.platform/Developer/SDKs/MacOSX26.1.sdk/usr/include/i386/user_ldt.h
/Applications/Xcode.app/Contents/Developer/Platforms/MacOSX.platform/Developer/SDKs/MacOSX26.1.sdk/usr/include/machine/vmparam.h
/Applications/Xcode.app/Contents/Developer/Platforms/MacOSX.platform/Developer/SDKs/MacOSX26.1.sdk/usr/include/arm/vmparam.h
/Applications/Xcode.app/Contents/Developer/Platforms/MacOSX.platform/Developer/SDKs/MacOSX26.1.sdk/usr/include/i386/vmparam.h
/Applications/Xcode.app/Contents/Developer/Platforms/MacOSX.platform/Developer/SDKs/MacOSX26.1.sdk/usr/include/aliasdb.h
/Applications/Xcode.app/Contents/Developer/Platforms/MacOSX.platform/Developer/SDKs/MacOSX26.1.sdk/usr/include/bootparams.h
/Applications/Xcode.app/Contents/Developer/Platforms/MacOSX.platform/Developer/SDKs/MacOSX26.1.sdk/usr/include/Block.h
/Applications/Xcode.app/Contents/Developer/Platforms/MacOSX.platform/Developer/SDKs/MacOSX26.1.sdk/usr/include/bsm/audit_domain.h
/Applications/Xcode.app/Contents/Developer/Platforms/MacOSX.platform/Developer/SDKs/MacOSX26.1.sdk/usr/include/bsm/audit_errno.h
/Applications/Xcode.app/Contents/Developer/Platforms/MacOSX.platform/Developer/SDKs/MacOSX26.1.sdk/usr/include/bsm/audit_fcntl.h
/Applications/Xcode.app/Contents/Developer/Platforms/MacOSX.platform/Developer/SDKs/MacOSX26.1.sdk/usr/include/bsm/audit_filter.h
/Applications/Xcode.app/Contents/Developer/Platforms/MacOSX.platform/Developer/SDKs/MacOSX26.1.sdk/usr/include/bsm/libbsm.h
/Applications/Xcode.app/Contents/Developer/Platforms/MacOSX.platform/Developer/SDKs/MacOSX26.1.sdk/usr/include/bsm/audit_record.h
/Applications/Xcode.app/Contents/Developer/Platforms/MacOSX.platform/Developer/SDKs/MacOSX26.1.sdk/usr/include/bsm/audit_internal.h
/Applications/Xcode.app/Contents/Developer/Platforms/MacOSX.platform/Developer/SDKs/MacOSX26.1.sdk/usr/include/bsm/audit_kevents.h
/Applications/Xcode.app/Contents/Developer/Platforms/MacOSX.platform/Developer/SDKs/MacOSX26.1.sdk/usr/include/bsm/audit_session.h
/Applications/Xcode.app/Contents/Developer/Platforms/MacOSX.platform/Developer/SDKs/MacOSX26.1.sdk/usr/include/bsm/audit_socket_type.h
/Applications/Xcode.app/Contents/Developer/Platforms/MacOSX.platform/Developer/SDKs/MacOSX26.1.sdk/usr/include/bsm/audit_uevents.h
/Applications/Xcode.app/Contents/Developer/Platforms/MacOSX.platform/Developer/SDKs/MacOSX26.1.sdk/usr/include/execinfo.h
/Applications/Xcode.app/Contents/Developer/Platforms/MacOSX.platform/Developer/SDKs/MacOSX26.1.sdk/usr/include/fstab.h
/Applications/Xcode.app/Contents/Developer/Platforms/MacOSX.platform/Developer/SDKs/MacOSX26.1.sdk/usr/include/hfs/hfs_format.h
/Applications/Xcode.app/Contents/Developer/Platforms/MacOSX.platform/Developer/SDKs/MacOSX26.1.sdk/usr/include/hfs/hfs_unistr.h
/Applications/Xcode.app/Contents/Developer/Platforms/MacOSX.platform/Developer/SDKs/MacOSX26.1.sdk/usr/include/hfs/hfs_mount.h
/Applications/Xcode.app/Contents/Developer/Platforms/MacOSX.platform/Developer/SDKs/MacOSX26.1.sdk/usr/include/membership.h
/Applications/Xcode.app/Contents/Developer/Platforms/MacOSX.platform/Developer/SDKs/MacOSX26.1.sdk/usr/include/ntsid.h
/Applications/Xcode.app/Contents/Developer/Platforms/MacOSX.platform/Developer/SDKs/MacOSX26.1.sdk/usr/include/curses.h
/Applications/Xcode.app/Contents/Developer/Platforms/MacOSX.platform/Developer/SDKs/MacOSX26.1.sdk/usr/include/ncurses_dll.h
/Applications/Xcode.app/Contents/Developer/Platforms/MacOSX.platform/Developer/SDKs/MacOSX26.1.sdk/usr/include/unctrl.h
/Applications/Xcode.app/Contents/Developer/Platforms/MacOSX.platform/Developer/SDKs/MacOSX26.1.sdk/usr/include/eti.h
/Applications/Xcode.app/Contents/Developer/Platforms/MacOSX.platform/Developer/SDKs/MacOSX26.1.sdk/usr/include/nc_tparm.h
/Applications/Xcode.app/Contents/Developer/Platforms/MacOSX.platform/Developer/SDKs/MacOSX26.1.sdk/usr/include/form.h
/Applications/Xcode.app/Contents/Developer/Platforms/MacOSX.platform/Developer/SDKs/MacOSX26.1.sdk/usr/include/menu.h
/Applications/Xcode.app/Contents/Developer/Platforms/MacOSX.platform/Developer/SDKs/MacOSX26.1.sdk/usr/include/panel.h
/Applications/Xcode.app/Contents/Developer/Platforms/MacOSX.platform/Developer/SDKs/MacOSX26.1.sdk/usr/include/netinet6/ah.h
/Applications/Xcode.app/Contents/Developer/Platforms/MacOSX.platform/Developer/SDKs/MacOSX26.1.sdk/usr/include/netinet6/esp.h
/Applications/Xcode.app/Contents/Developer/Platforms/MacOSX.platform/Developer/SDKs/MacOSX26.1.sdk/usr/include/netinet6/ipcomp.h
/Applications/Xcode.app/Contents/Developer/Platforms/MacOSX.platform/Developer/SDKs/MacOSX26.1.sdk/usr/include/netinet6/ipsec.h
/Applications/Xcode.app/Contents/Developer/Platforms/MacOSX.platform/Developer/SDKs/MacOSX26.1.sdk/usr/include/netinet6/raw_ip6.h
/Applications/Xcode.app/Contents/Developer/Platforms/MacOSX.platform/Developer/SDKs/MacOSX26.1.sdk/usr/include/printerdb.h
/Applications/Xcode.app/Contents/Developer/Platforms/MacOSX.platform/Developer/SDKs/MacOSX26.1.sdk/usr/include/sys/_structs.h
/Applications/Xcode.app/Contents/Developer/Platforms/MacOSX.platform/Developer/SDKs/MacOSX26.1.sdk/usr/include/sys/acct.h
/Applications/Xcode.app/Contents/Developer/Platforms/MacOSX.platform/Developer/SDKs/MacOSX26.1.sdk/usr/include/sys/acl.h
/Applications/Xcode.app/Contents/Developer/Platforms/MacOSX.platform/Developer/SDKs/MacOSX26.1.sdk/usr/include/sys/kauth.h
/Applications/Xcode.app/Contents/Developer/Platforms/MacOSX.platform/Developer/SDKs/MacOSX26.1.sdk/usr/include/sys/buf.h
/Applications/Xcode.app/Contents/Developer/Platforms/MacOSX.platform/Developer/SDKs/MacOSX26.1.sdk/usr/include/sys/kernel_types.h
/Applications/Xcode.app/Contents/Developer/Platforms/MacOSX.platform/Developer/SDKs/MacOSX26.1.sdk/usr/include/sys/clonefile.h
/Applications/Xcode.app/Contents/Developer/Platforms/MacOSX.platform/Developer/SDKs/MacOSX26.1.sdk/usr/include/sys/commpage.h
/Applications/Xcode.app/Contents/Developer/Platforms/MacOSX.platform/Developer/SDKs/MacOSX26.1.sdk/usr/include/sys/conf.h
/Applications/Xcode.app/Contents/Developer/Platforms/MacOSX.platform/Developer/SDKs/MacOSX26.1.sdk/usr/include/sys/disk.h
/Applications/Xcode.app/Contents/Developer/Platforms/MacOSX.platform/Developer/SDKs/MacOSX26.1.sdk/usr/include/sys/dkstat.h
/Applications/Xcode.app/Contents/Developer/Platforms/MacOSX.platform/Developer/SDKs/MacOSX26.1.sdk/usr/include/sys/domain.h
/Applications/Xcode.app/Contents/Developer/Platforms/MacOSX.platform/Developer/SDKs/MacOSX26.1.sdk/usr/include/sys/ev.h
/Applications/Xcode.app/Contents/Developer/Platforms/MacOSX.platform/Developer/SDKs/MacOSX26.1.sdk/usr/include/sys/file.h
/Applications/Xcode.app/Contents/Developer/Platforms/MacOSX.platform/Developer/SDKs/MacOSX26.1.sdk/usr/include/sys/filedesc.h
/Applications/Xcode.app/Contents/Developer/Platforms/MacOSX.platform/Developer/SDKs/MacOSX26.1.sdk/usr/include/sys/fileport.h
/Applications/Xcode.app/Contents/Developer/Platforms/MacOSX.platform/Developer/SDKs/MacOSX26.1.sdk/usr/include/sys/fsgetpath.h
/Applications/Xcode.app/Contents/Developer/Platforms/MacOSX.platform/Developer/SDKs/MacOSX26.1.sdk/usr/include/sys/gmon.h
/Applications/Xcode.app/Contents/Developer/Platforms/MacOSX.platform/Developer/SDKs/MacOSX26.1.sdk/usr/include/sys/ioctl_compat.h
/Applications/Xcode.app/Contents/Developer/Platforms/MacOSX.platform/Developer/SDKs/MacOSX26.1.sdk/usr/include/sys/ttychars.h
/Applications/Xcode.app/Contents/Developer/Platforms/MacOSX.platform/Developer/SDKs/MacOSX26.1.sdk/usr/include/sys/ttydev.h
/Applications/Xcode.app/Contents/Developer/Platforms/MacOSX.platform/Developer/SDKs/MacOSX26.1.sdk/usr/include/sys/kdebug.h
/Applications/Xcode.app/Contents/Developer/Platforms/MacOSX.platform/Developer/SDKs/MacOSX26.1.sdk/usr/include/sys/kdebug_signpost.h
/Applications/Xcode.app/Contents/Developer/Platforms/MacOSX.platform/Developer/SDKs/MacOSX26.1.sdk/usr/include/sys/lctx.h
/Applications/Xcode.app/Contents/Developer/Platforms/MacOSX.platform/Developer/SDKs/MacOSX26.1.sdk/usr/include/sys/mbuf.h
/Applications/Xcode.app/Contents/Developer/Platforms/MacOSX.platform/Developer/SDKs/MacOSX26.1.sdk/usr/include/sys/msgbuf.h
/Applications/Xcode.app/Contents/Developer/Platforms/MacOSX.platform/Developer/SDKs/MacOSX26.1.sdk/usr/include/sys/netport.h
/Applications/Xcode.app/Contents/Developer/Platforms/MacOSX.platform/Developer/SDKs/MacOSX26.1.sdk/usr/include/sys/paths.h
/Applications/Xcode.app/Contents/Developer/Platforms/MacOSX.platform/Developer/SDKs/MacOSX26.1.sdk/usr/include/sys/pipe.h
/Applications/Xcode.app/Contents/Developer/Platforms/MacOSX.platform/Developer/SDKs/MacOSX26.1.sdk/usr/include/sys/quota.h
/Applications/Xcode.app/Contents/Developer/Platforms/MacOSX.platform/Developer/SDKs/MacOSX26.1.sdk/usr/include/sys/rbtree.h
/Applications/Xcode.app/Contents/Developer/Platforms/MacOSX.platform/Developer/SDKs/MacOSX26.1.sdk/usr/include/sys/reboot.h
/Applications/Xcode.app/Contents/Developer/Platforms/MacOSX.platform/Developer/SDKs/MacOSX26.1.sdk/usr/include/sys/resourcevar.h
/Applications/Xcode.app/Contents/Developer/Platforms/MacOSX.platform/Developer/SDKs/MacOSX26.1.sdk/usr/include/sys/sbuf.h
/Applications/Xcode.app/Contents/Developer/Platforms/MacOSX.platform/Developer/SDKs/MacOSX26.1.sdk/usr/include/sys/signalvar.h
/Applications/Xcode.app/Contents/Developer/Platforms/MacOSX.platform/Developer/SDKs/MacOSX26.1.sdk/usr/include/sys/syscall.h
/Applications/Xcode.app/Contents/Developer/Platforms/MacOSX.platform/Developer/SDKs/MacOSX26.1.sdk/usr/include/sys/timeb.h
/Applications/Xcode.app/Contents/Developer/Platforms/MacOSX.platform/Developer/SDKs/MacOSX26.1.sdk/usr/include/sys/trace.h
/Applications/Xcode.app/Contents/Developer/Platforms/MacOSX.platform/Developer/SDKs/MacOSX26.1.sdk/usr/include/sys/tty.h
/Applications/Xcode.app/Contents/Developer/Platforms/MacOSX.platform/Developer/SDKs/MacOSX26.1.sdk/usr/include/sys/ucontext.h
/Applications/Xcode.app/Contents/Developer/Platforms/MacOSX.platform/Developer/SDKs/MacOSX26.1.sdk/usr/include/sys/unpcb.h
/Applications/Xcode.app/Contents/Developer/Platforms/MacOSX.platform/Developer/SDKs/MacOSX26.1.sdk/usr/include/sys/user.h
/Applications/Xcode.app/Contents/Developer/Platforms/MacOSX.platform/Developer/SDKs/MacOSX26.1.sdk/usr/include/sys/utfconv.h
/Applications/Xcode.app/Contents/Developer/Platforms/MacOSX.platform/Developer/SDKs/MacOSX26.1.sdk/usr/include/sys/vcmd.h
/Applications/Xcode.app/Contents/Developer/Platforms/MacOSX.platform/Developer/SDKs/MacOSX26.1.sdk/usr/include/sys/vnode.h
/Applications/Xcode.app/Contents/Developer/Platforms/MacOSX.platform/Developer/SDKs/MacOSX26.1.sdk/usr/include/_modules/_darwin_sys_signal.h
/Applications/Xcode.app/Contents/Developer/Platforms/MacOSX.platform/Developer/SDKs/MacOSX26.1.sdk/usr/include/sysdir.h
/Applications/Xcode.app/Contents/Developer/Platforms/MacOSX.platform/Developer/SDKs/MacOSX26.1.sdk/usr/include/libc.h
/Applications/Xcode.app/Contents/Developer/Platforms/MacOSX.platform/Developer/SDKs/MacOSX26.1.sdk/usr/include/paths.h
/Applications/Xcode.app/Contents/Developer/Platforms/MacOSX.platform/Developer/SDKs/MacOSX26.1.sdk/usr/include/sysexits.h
/Applications/Xcode.app/Contents/Developer/Platforms/MacOSX.platform/Developer/SDKs/MacOSX26.1.sdk/SDKSettings.json
/Applications/Xcode.app/Contents/Developer/Toolchains/XcodeDefault.xctoolchain/usr/lib/swift/macosx/prebuilt-modules/26.1/Darwin.swiftmodule/arm64e-apple-macos.swiftmodule
/Applications/Xcode.app/Contents/Developer/Platforms/MacOSX.platform/Developer/SDKs/MacOSX26.1.sdk/System/Library/Frameworks/DiskArbitration.framework/Modules/module.modulemap
/Applications/Xcode.app/Contents/Developer/Platforms/MacOSX.platform/Developer/SDKs/MacOSX26.1.sdk/System/Library/Frameworks/DiskArbitration.framework/Headers/DiskArbitration.h
/Applications/Xcode.app/Contents/Developer/Platforms/MacOSX.platform/Developer/SDKs/MacOSX26.1.sdk/System/Library/Frameworks/CoreFoundation.framework/Modules/module.modulemap
/Applications/Xcode.app/Contents/Developer/Platforms/MacOSX.platform/Developer/SDKs/MacOSX26.1.sdk/usr/include/Darwin.modulemap
/Applications/Xcode.app/Contents/Developer/Platforms/MacOSX.platform/Developer/SDKs/MacOSX26.1.sdk/usr/include/DarwinFoundation1.modulemap
/Applications/Xcode.app/Contents/Developer/Platforms/MacOSX.platform/Developer/SDKs/MacOSX26.1.sdk/System/Library/Frameworks/DiskArbitration.framework/Headers/DADisk.h
/Applications/Xcode.app/Contents/Developer/Platforms/MacOSX.platform/Developer/SDKs/MacOSX26.1.sdk/System/Library/Frameworks/IOKit.framework/Modules/module.modulemap
/Applications/Xcode.app/Contents/Developer/Platforms/MacOSX.platform/Developer/SDKs/MacOSX26.1.sdk/System/Library/Frameworks/DiskArbitration.framework/Headers/DASession.h
/Applications/Xcode.app/Contents/Developer/Platforms/MacOSX.platform/Developer/SDKs/MacOSX26.1.sdk/System/Library/Frameworks/DiskArbitration.framework/Headers/DADissenter.h
/Applications/Xcode.app/Contents/Developer/Platforms/MacOSX.platform/Developer/SDKs/MacOSX26.1.sdk/SDKSettings.json
/Applications/Xcode.app/Contents/Developer/Toolchains/XcodeDefault.xctoolchain/usr/lib/swift/macosx/prebuilt-modules/26.1/Dispatch.swiftmodule/arm64e-apple-macos.swiftmodule
/Applications/Xcode.app/Contents/Developer/Platforms/MacOSX.platform/Developer/SDKs/MacOSX26.1.sdk/usr/include/Dispatch.apinotes
/Applications/Xcode.app/Contents/Developer/Platforms/MacOSX.platform/Developer/SDKs/MacOSX26.1.sdk/usr/include/dispatch.modulemap
/Applications/Xcode.app/Contents/Developer/Platforms/MacOSX.platform/Developer/SDKs/MacOSX26.1.sdk/usr/include/os.modulemap
/Applications/Xcode.app/Contents/Developer/Platforms/MacOSX.platform/Developer/SDKs/MacOSX26.1.sdk/usr/include/Darwin.modulemap
/Applications/Xcode.app/Contents/Developer/Platforms/MacOSX.platform/Developer/SDKs/MacOSX26.1.sdk/usr/include/Darwin_C.modulemap
/Applications/Xcode.app/Contents/Developer/Platforms/MacOSX.platform/Developer/SDKs/MacOSX26.1.sdk/usr/include/Darwin_POSIX.modulemap
/Applications/Xcode.app/Contents/Developer/Platforms/MacOSX.platform/Developer/SDKs/MacOSX26.1.sdk/usr/include/net.modulemap
/Applications/Xcode.app/Contents/Developer/Platforms/MacOSX.platform/Developer/SDKs/MacOSX26.1.sdk/usr/include/netinet.modulemap
/Applications/Xcode.app/Contents/Developer/Platforms/MacOSX.platform/Developer/SDKs/MacOSX26.1.sdk/usr/include/bank.modulemap
/Applications/Xcode.app/Contents/Developer/Platforms/MacOSX.platform/Developer/SDKs/MacOSX26.1.sdk/usr/include/Darwin_Mach.modulemap
/Applications/Xcode.app/Contents/Developer/Platforms/MacOSX.platform/Developer/SDKs/MacOSX26.1.sdk/usr/include/Darwin_Mach_machine.modulemap
/Applications/Xcode.app/Contents/Developer/Platforms/MacOSX.platform/Developer/SDKs/MacOSX26.1.sdk/usr/include/mach_debug.modulemap
/Applications/Xcode.app/Contents/Developer/Platforms/MacOSX.platform/Developer/SDKs/MacOSX26.1.sdk/usr/include/device.modulemap
/Applications/Xcode.app/Contents/Developer/Platforms/MacOSX.platform/Developer/SDKs/MacOSX26.1.sdk/usr/include/Darwin_machine.modulemap
/Applications/Xcode.app/Contents/Developer/Platforms/MacOSX.platform/Developer/SDKs/MacOSX26.1.sdk/usr/include/ncurses.modulemap
/Applications/Xcode.app/Contents/Developer/Platforms/MacOSX.platform/Developer/SDKs/MacOSX26.1.sdk/usr/include/netinet6.modulemap
/Applications/Xcode.app/Contents/Developer/Platforms/MacOSX.platform/Developer/SDKs/MacOSX26.1.sdk/usr/include/Darwin_sys.modulemap
/Applications/Xcode.app/Contents/Developer/Platforms/MacOSX.platform/Developer/SDKs/MacOSX26.1.sdk/usr/include/uuid.modulemap
/Applications/Xcode.app/Contents/Developer/Platforms/MacOSX.platform/Developer/SDKs/MacOSX26.1.sdk/usr/include/DarwinFoundation2.modulemap
/Applications/Xcode.app/Contents/Developer/Platforms/MacOSX.platform/Developer/SDKs/MacOSX26.1.sdk/usr/include/DarwinFoundation3.modulemap
/Applications/Xcode.app/Contents/Developer/Platforms/MacOSX.platform/Developer/SDKs/MacOSX26.1.sdk/usr/include/DarwinFoundation1.modulemap
/Applications/Xcode.app/Contents/Developer/Platforms/MacOSX.platform/Developer/SDKs/MacOSX26.1.sdk/usr/include/dispatch/dispatch.h
/Applications/Xcode.app/Contents/Developer/Toolchains/XcodeDefault.xctoolchain/usr/lib/swift/clang/include/module.modulemap
/Applications/Xcode.app/Contents/Developer/Toolchains/XcodeDefault.xctoolchain/usr/lib/swift/clang/include/stddef.h
/Applications/Xcode.app/Contents/Developer/Toolchains/XcodeDefault.xctoolchain/usr/lib/swift/clang/include/stdarg.h
/Applications/Xcode.app/Contents/Developer/Platforms/MacOSX.platform/Developer/SDKs/MacOSX26.1.sdk/usr/include/string.h
/Applications/Xcode.app/Contents/Developer/Platforms/MacOSX.platform/Developer/SDKs/MacOSX26.1.sdk/usr/include/dispatch/base.h
/Applications/Xcode.app/Contents/Developer/Platforms/MacOSX.platform/Developer/SDKs/MacOSX26.1.sdk/usr/include/dispatch/time.h
/Applications/Xcode.app/Contents/Developer/Platforms/MacOSX.platform/Developer/SDKs/MacOSX26.1.sdk/usr/include/dispatch/object.h
/Applications/Xcode.app/Contents/Developer/Platforms/MacOSX.platform/Developer/SDKs/MacOSX26.1.sdk/usr/include/dispatch/queue.h
/Applications/Xcode.app/Contents/Developer/Platforms/MacOSX.platform/Developer/SDKs/MacOSX26.1.sdk/usr/include/dispatch/block.h
/Applications/Xcode.app/Contents/Developer/Platforms/MacOSX.platform/Developer/SDKs/MacOSX26.1.sdk/usr/include/dispatch/source.h
/Applications/Xcode.app/Contents/Developer/Platforms/MacOSX.platform/Developer/SDKs/MacOSX26.1.sdk/usr/include/dispatch/group.h
/Applications/Xcode.app/Contents/Developer/Platforms/MacOSX.platform/Developer/SDKs/MacOSX26.1.sdk/usr/include/dispatch/semaphore.h
/Applications/Xcode.app/Contents/Developer/Platforms/MacOSX.platform/Developer/SDKs/MacOSX26.1.sdk/usr/include/dispatch/once.h
/Applications/Xcode.app/Contents/Developer/Platforms/MacOSX.platform/Developer/SDKs/MacOSX26.1.sdk/usr/include/dispatch/data.h
/Applications/Xcode.app/Contents/Developer/Platforms/MacOSX.platform/Developer/SDKs/MacOSX26.1.sdk/usr/include/dispatch/io.h
/Applications/Xcode.app/Contents/Developer/Platforms/MacOSX.platform/Developer/SDKs/MacOSX26.1.sdk/usr/include/dispatch/workloop.h
/Applications/Xcode.app/Contents/Developer/Platforms/MacOSX.platform/Developer/SDKs/MacOSX26.1.sdk/usr/include/dispatch/dispatch_swift_shims.h
/Applications/Xcode.app/Contents/Developer/Platforms/MacOSX.platform/Developer/SDKs/MacOSX26.1.sdk/SDKSettings.json
/Applications/Xcode.app/Contents/Developer/Toolchains/XcodeDefault.xctoolchain/usr/lib/swift/macosx/prebuilt-modules/26.1/Foundation.swiftmodule/arm64e-apple-macos.swiftmodule
/Applications/Xcode.app/Contents/Developer/Platforms/MacOSX.platform/Developer/SDKs/MacOSX26.1.sdk/System/Library/Frameworks/Foundation.framework/Headers/Foundation.apinotes
/Applications/Xcode.app/Contents/Developer/Platforms/MacOSX.platform/Developer/SDKs/MacOSX26.1.sdk/System/Library/Frameworks/Foundation.framework/Modules/module.modulemap
/Applications/Xcode.app/Contents/Developer/Platforms/MacOSX.platform/Developer/SDKs/MacOSX26.1.sdk/System/Library/Frameworks/Foundation.framework/Headers/Foundation.h
/Applications/Xcode.app/Contents/Developer/Platforms/MacOSX.platform/Developer/SDKs/MacOSX26.1.sdk/System/Library/Frameworks/CoreFoundation.framework/Modules/module.modulemap
/Applications/Xcode.app/Contents/Developer/Platforms/MacOSX.platform/Developer/SDKs/MacOSX26.1.sdk/System/Library/Frameworks/Foundation.framework/Headers/NSObjCRuntime.h
/Applications/Xcode.app/Contents/Developer/Platforms/MacOSX.platform/Developer/SDKs/MacOSX26.1.sdk/usr/include/xpc.modulemap
/Applications/Xcode.app/Contents/Developer/Platforms/MacOSX.platform/Developer/SDKs/MacOSX26.1.sdk/usr/include/dispatch.modulemap
/Applications/Xcode.app/Contents/Developer/Platforms/MacOSX.platform/Developer/SDKs/MacOSX26.1.sdk/usr/include/ObjectiveC.modulemap
/Applications/Xcode.app/Contents/Developer/Platforms/MacOSX.platform/Developer/SDKs/MacOSX26.1.sdk/usr/include/Darwin.modulemap
/Applications/Xcode.app/Contents/Developer/Platforms/MacOSX.platform/Developer/SDKs/MacOSX26.1.sdk/usr/include/DarwinFoundation1.modulemap
/Applications/Xcode.app/Contents/Developer/Toolchains/XcodeDefault.xctoolchain/usr/lib/swift/clang/include/module.modulemap
/Applications/Xcode.app/Contents/Developer/Toolchains/XcodeDefault.xctoolchain/usr/lib/swift/clang/include/stdarg.h
/Applications/Xcode.app/Contents/Developer/Platforms/MacOSX.platform/Developer/SDKs/MacOSX26.1.sdk/System/Library/Frameworks/Foundation.framework/Headers/NSArray.h
/Applications/Xcode.app/Contents/Developer/Platforms/MacOSX.platform/Developer/SDKs/MacOSX26.1.sdk/System/Library/Frameworks/Foundation.framework/Headers/NSObject.h
/Applications/Xcode.app/Contents/Developer/Platforms/MacOSX.platform/Developer/SDKs/MacOSX26.1.sdk/System/Library/Frameworks/Foundation.framework/Headers/NSZone.h
/Applications/Xcode.app/Contents/Developer/Toolchains/XcodeDefault.xctoolchain/usr/lib/swift/clang/include/stddef.h
/Applications/Xcode.app/Contents/Developer/Platforms/MacOSX.platform/Developer/SDKs/MacOSX26.1.sdk/System/Library/Frameworks/Foundation.framework/Headers/NSEnumerator.h
/Applications/Xcode.app/Contents/Developer/Platforms/MacOSX.platform/Developer/SDKs/MacOSX26.1.sdk/System/Library/Frameworks/Foundation.framework/Headers/NSRange.h
/Applications/Xcode.app/Contents/Developer/Platforms/MacOSX.platform/Developer/SDKs/MacOSX26.1.sdk/System/Library/Frameworks/Foundation.framework/Headers/NSValue.h
/Applications/Xcode.app/Contents/Developer/Platforms/MacOSX.platform/Developer/SDKs/MacOSX26.1.sdk/System/Library/Frameworks/Foundation.framework/Headers/NSOrderedCollectionDifference.h
/Applications/Xcode.app/Contents/Developer/Platforms/MacOSX.platform/Developer/SDKs/MacOSX26.1.sdk/System/Library/Frameworks/Foundation.framework/Headers/NSOrderedCollectionChange.h
/Applications/Xcode.app/Contents/Developer/Platforms/MacOSX.platform/Developer/SDKs/MacOSX26.1.sdk/System/Library/Frameworks/Foundation.framework/Headers/NSIndexSet.h
/Applications/Xcode.app/Contents/Developer/Platforms/MacOSX.platform/Developer/SDKs/MacOSX26.1.sdk/System/Library/Frameworks/Foundation.framework/Headers/NSAutoreleasePool.h
/Applications/Xcode.app/Contents/Developer/Platforms/MacOSX.platform/Developer/SDKs/MacOSX26.1.sdk/System/Library/Frameworks/Foundation.framework/Headers/NSBundle.h
/Applications/Xcode.app/Contents/Developer/Platforms/MacOSX.platform/Developer/SDKs/MacOSX26.1.sdk/System/Library/Frameworks/Foundation.framework/Headers/NSString.h
/Applications/Xcode.app/Contents/Developer/Platforms/MacOSX.platform/Developer/SDKs/MacOSX26.1.sdk/System/Library/Frameworks/Foundation.framework/Headers/NSItemProvider.h
/Applications/Xcode.app/Contents/Developer/Platforms/MacOSX.platform/Developer/SDKs/MacOSX26.1.sdk/System/Library/Frameworks/Foundation.framework/Headers/NSDictionary.h
/Applications/Xcode.app/Contents/Developer/Platforms/MacOSX.platform/Developer/SDKs/MacOSX26.1.sdk/System/Library/Frameworks/Foundation.framework/Headers/NSSet.h
/Applications/Xcode.app/Contents/Developer/Platforms/MacOSX.platform/Developer/SDKs/MacOSX26.1.sdk/System/Library/Frameworks/Foundation.framework/Headers/NSProgress.h
/Applications/Xcode.app/Contents/Developer/Platforms/MacOSX.platform/Developer/SDKs/MacOSX26.1.sdk/System/Library/Frameworks/Foundation.framework/Headers/NSNotification.h
/Applications/Xcode.app/Contents/Developer/Platforms/MacOSX.platform/Developer/SDKs/MacOSX26.1.sdk/System/Library/Frameworks/Foundation.framework/Headers/NSByteOrder.h
/Applications/Xcode.app/Contents/Developer/Platforms/MacOSX.platform/Developer/SDKs/MacOSX26.1.sdk/System/Library/Frameworks/Foundation.framework/Headers/NSCalendar.h
/Applications/Xcode.app/Contents/Developer/Platforms/MacOSX.platform/Developer/SDKs/MacOSX26.1.sdk/System/Library/Frameworks/Foundation.framework/Headers/NSDate.h
/Applications/Xcode.app/Contents/Developer/Platforms/MacOSX.platform/Developer/SDKs/MacOSX26.1.sdk/System/Library/Frameworks/Foundation.framework/Headers/NSCharacterSet.h
/Applications/Xcode.app/Contents/Developer/Platforms/MacOSX.platform/Developer/SDKs/MacOSX26.1.sdk/System/Library/Frameworks/Foundation.framework/Headers/NSCoder.h
/Applications/Xcode.app/Contents/Developer/Platforms/MacOSX.platform/Developer/SDKs/MacOSX26.1.sdk/System/Library/Frameworks/Foundation.framework/Headers/NSData.h
/Applications/Xcode.app/Contents/Developer/Platforms/MacOSX.platform/Developer/SDKs/MacOSX26.1.sdk/System/Library/Frameworks/Foundation.framework/Headers/NSDateInterval.h
/Applications/Xcode.app/Contents/Developer/Platforms/MacOSX.platform/Developer/SDKs/MacOSX26.1.sdk/System/Library/Frameworks/Foundation.framework/Headers/NSDateFormatter.h
/Applications/Xcode.app/Contents/Developer/Platforms/MacOSX.platform/Developer/SDKs/MacOSX26.1.sdk/System/Library/Frameworks/Foundation.framework/Headers/NSFormatter.h
/Applications/Xcode.app/Contents/Developer/Platforms/MacOSX.platform/Developer/SDKs/MacOSX26.1.sdk/System/Library/Frameworks/Foundation.framework/Headers/NSAttributedString.h
/Applications/Xcode.app/Contents/Developer/Platforms/MacOSX.platform/Developer/SDKs/MacOSX26.1.sdk/System/Library/Frameworks/Foundation.framework/Headers/NSDateIntervalFormatter.h
/Applications/Xcode.app/Contents/Developer/Platforms/MacOSX.platform/Developer/SDKs/MacOSX26.1.sdk/System/Library/Frameworks/Foundation.framework/Headers/NSISO8601DateFormatter.h
/Applications/Xcode.app/Contents/Developer/Platforms/MacOSX.platform/Developer/SDKs/MacOSX26.1.sdk/System/Library/Frameworks/Foundation.framework/Headers/NSMassFormatter.h
/Applications/Xcode.app/Contents/Developer/Platforms/MacOSX.platform/Developer/SDKs/MacOSX26.1.sdk/System/Library/Frameworks/Foundation.framework/Headers/NSLengthFormatter.h
/Applications/Xcode.app/Contents/Developer/Platforms/MacOSX.platform/Developer/SDKs/MacOSX26.1.sdk/System/Library/Frameworks/Foundation.framework/Headers/NSEnergyFormatter.h
/Applications/Xcode.app/Contents/Developer/Platforms/MacOSX.platform/Developer/SDKs/MacOSX26.1.sdk/System/Library/Frameworks/Foundation.framework/Headers/NSMeasurementFormatter.h
/Applications/Xcode.app/Contents/Developer/Platforms/MacOSX.platform/Developer/SDKs/MacOSX26.1.sdk/System/Library/Frameworks/Foundation.framework/Headers/NSNumberFormatter.h
/Applications/Xcode.app/Contents/Developer/Platforms/MacOSX.platform/Developer/SDKs/MacOSX26.1.sdk/System/Library/Frameworks/Foundation.framework/Headers/NSMeasurement.h
/Applications/Xcode.app/Contents/Developer/Platforms/MacOSX.platform/Developer/SDKs/MacOSX26.1.sdk/System/Library/Frameworks/Foundation.framework/Headers/NSUnit.h
/Applications/Xcode.app/Contents/Developer/Platforms/MacOSX.platform/Developer/SDKs/MacOSX26.1.sdk/System/Library/Frameworks/Foundation.framework/Headers/NSLocale.h
/Applications/Xcode.app/Contents/Developer/Platforms/MacOSX.platform/Developer/SDKs/MacOSX26.1.sdk/System/Library/Frameworks/Foundation.framework/Headers/NSPersonNameComponents.h
/Applications/Xcode.app/Contents/Developer/Platforms/MacOSX.platform/Developer/SDKs/MacOSX26.1.sdk/System/Library/Frameworks/Foundation.framework/Headers/NSPersonNameComponentsFormatter.h
/Applications/Xcode.app/Contents/Developer/Platforms/MacOSX.platform/Developer/SDKs/MacOSX26.1.sdk/System/Library/Frameworks/Foundation.framework/Headers/NSRelativeDateTimeFormatter.h
/Applications/Xcode.app/Contents/Developer/Platforms/MacOSX.platform/Developer/SDKs/MacOSX26.1.sdk/System/Library/Frameworks/Foundation.framework/Headers/NSListFormatter.h
/Applications/Xcode.app/Contents/Developer/Platforms/MacOSX.platform/Developer/SDKs/MacOSX26.1.sdk/System/Library/Frameworks/Foundation.framework/Headers/NSDecimal.h
/Applications/Xcode.app/Contents/Developer/Platforms/MacOSX.platform/Developer/SDKs/MacOSX26.1.sdk/System/Library/Frameworks/Foundation.framework/Headers/NSDecimalNumber.h
/Applications/Xcode.app/Contents/Developer/Platforms/MacOSX.platform/Developer/SDKs/MacOSX26.1.sdk/System/Library/Frameworks/Foundation.framework/Headers/NSScanner.h
/Applications/Xcode.app/Contents/Developer/Platforms/MacOSX.platform/Developer/SDKs/MacOSX26.1.sdk/System/Library/Frameworks/Foundation.framework/Headers/NSException.h
/Applications/Xcode.app/Contents/Developer/Platforms/MacOSX.platform/Developer/SDKs/MacOSX26.1.sdk/System/Library/Frameworks/Foundation.framework/Headers/NSError.h
/Applications/Xcode.app/Contents/Developer/Platforms/MacOSX.platform/Developer/SDKs/MacOSX26.1.sdk/System/Library/Frameworks/Foundation.framework/Headers/NSFileHandle.h
/Applications/Xcode.app/Contents/Developer/Platforms/MacOSX.platform/Developer/SDKs/MacOSX26.1.sdk/System/Library/Frameworks/Foundation.framework/Headers/NSRunLoop.h
/Applications/Xcode.app/Contents/Developer/Platforms/MacOSX.platform/Developer/SDKs/MacOSX26.1.sdk/System/Library/Frameworks/Foundation.framework/Headers/NSFileManager.h
/Applications/Xcode.app/Contents/Developer/Platforms/MacOSX.platform/Developer/SDKs/MacOSX26.1.sdk/System/Library/Frameworks/Foundation.framework/Headers/NSPathUtilities.h
/Applications/Xcode.app/Contents/Developer/Platforms/MacOSX.platform/Developer/SDKs/MacOSX26.1.sdk/System/Library/Frameworks/Foundation.framework/Headers/NSURL.h
/Applications/Xcode.app/Contents/Developer/Platforms/MacOSX.platform/Developer/SDKs/MacOSX26.1.sdk/System/Library/Frameworks/Foundation.framework/Headers/NSURLHandle.h
/Applications/Xcode.app/Contents/Developer/Platforms/MacOSX.platform/Developer/SDKs/MacOSX26.1.sdk/System/Library/Frameworks/Foundation.framework/Headers/NSHashTable.h
/Applications/Xcode.app/Contents/Developer/Platforms/MacOSX.platform/Developer/SDKs/MacOSX26.1.sdk/System/Library/Frameworks/Foundation.framework/Headers/NSPointerFunctions.h
/Applications/Xcode.app/Contents/Developer/Platforms/MacOSX.platform/Developer/SDKs/MacOSX26.1.sdk/System/Library/Frameworks/Foundation.framework/Headers/NSHTTPCookie.h
/Applications/Xcode.app/Contents/Developer/Platforms/MacOSX.platform/Developer/SDKs/MacOSX26.1.sdk/System/Library/Frameworks/Foundation.framework/Headers/NSHTTPCookieStorage.h
/Applications/Xcode.app/Contents/Developer/Platforms/MacOSX.platform/Developer/SDKs/MacOSX26.1.sdk/System/Library/Frameworks/Foundation.framework/Headers/NSIndexPath.h
/Applications/Xcode.app/Contents/Developer/Platforms/MacOSX.platform/Developer/SDKs/MacOSX26.1.sdk/System/Library/Frameworks/Foundation.framework/Headers/NSInflectionRule.h
/Applications/Xcode.app/Contents/Developer/Platforms/MacOSX.platform/Developer/SDKs/MacOSX26.1.sdk/System/Library/Frameworks/Foundation.framework/Headers/NSInvocation.h
/Applications/Xcode.app/Contents/Developer/Platforms/MacOSX.platform/Developer/SDKs/MacOSX26.1.sdk/System/Library/Frameworks/Foundation.framework/Headers/NSJSONSerialization.h
/Applications/Xcode.app/Contents/Developer/Platforms/MacOSX.platform/Developer/SDKs/MacOSX26.1.sdk/System/Library/Frameworks/Foundation.framework/Headers/NSKeyValueCoding.h
/Applications/Xcode.app/Contents/Developer/Platforms/MacOSX.platform/Developer/SDKs/MacOSX26.1.sdk/System/Library/Frameworks/Foundation.framework/Headers/NSOrderedSet.h
/Applications/Xcode.app/Contents/Developer/Platforms/MacOSX.platform/Developer/SDKs/MacOSX26.1.sdk/System/Library/Frameworks/Foundation.framework/Headers/NSKeyValueObserving.h
/Applications/Xcode.app/Contents/Developer/Platforms/MacOSX.platform/Developer/SDKs/MacOSX26.1.sdk/System/Library/Frameworks/Foundation.framework/Headers/NSKeyValueSharedObservers.h
/Applications/Xcode.app/Contents/Developer/Platforms/MacOSX.platform/Developer/SDKs/MacOSX26.1.sdk/System/Library/Frameworks/Foundation.framework/Headers/NSKeyedArchiver.h
/Applications/Xcode.app/Contents/Developer/Platforms/MacOSX.platform/Developer/SDKs/MacOSX26.1.sdk/System/Library/Frameworks/Foundation.framework/Headers/NSPropertyList.h
/Applications/Xcode.app/Contents/Developer/Platforms/MacOSX.platform/Developer/SDKs/MacOSX26.1.sdk/System/Library/Frameworks/Foundation.framework/Headers/NSGeometry.h
/Applications/Xcode.app/Contents/Developer/Platforms/MacOSX.platform/Developer/SDKs/MacOSX26.1.sdk/System/Library/Frameworks/Foundation.framework/Headers/NSLock.h
/Applications/Xcode.app/Contents/Developer/Platforms/MacOSX.platform/Developer/SDKs/MacOSX26.1.sdk/System/Library/Frameworks/Foundation.framework/Headers/NSMapTable.h
/Applications/Xcode.app/Contents/Developer/Platforms/MacOSX.platform/Developer/SDKs/MacOSX26.1.sdk/System/Library/Frameworks/Foundation.framework/Headers/NSMethodSignature.h
/Applications/Xcode.app/Contents/Developer/Platforms/MacOSX.platform/Developer/SDKs/MacOSX26.1.sdk/System/Library/Frameworks/Foundation.framework/Headers/NSMorphology.h
/Applications/Xcode.app/Contents/Developer/Platforms/MacOSX.platform/Developer/SDKs/MacOSX26.1.sdk/System/Library/Frameworks/Foundation.framework/Headers/NSTermOfAddress.h
/Applications/Xcode.app/Contents/Developer/Platforms/MacOSX.platform/Developer/SDKs/MacOSX26.1.sdk/System/Library/Frameworks/Foundation.framework/Headers/NSNotificationQueue.h
/Applications/Xcode.app/Contents/Developer/Platforms/MacOSX.platform/Developer/SDKs/MacOSX26.1.sdk/System/Library/Frameworks/Foundation.framework/Headers/NSNull.h
/Applications/Xcode.app/Contents/Developer/Platforms/MacOSX.platform/Developer/SDKs/MacOSX26.1.sdk/System/Library/Frameworks/Foundation.framework/Headers/NSLocalizedNumberFormatRule.h
/Applications/Xcode.app/Contents/Developer/Platforms/MacOSX.platform/Developer/SDKs/MacOSX26.1.sdk/System/Library/Frameworks/Foundation.framework/Headers/NSOperation.h
/Applications/Xcode.app/Contents/Developer/Platforms/MacOSX.platform/Developer/SDKs/MacOSX26.1.sdk/System/Library/Frameworks/Foundation.framework/Headers/NSOrthography.h
/Applications/Xcode.app/Contents/Developer/Platforms/MacOSX.platform/Developer/SDKs/MacOSX26.1.sdk/System/Library/Frameworks/Foundation.framework/Headers/NSPointerArray.h
/Applications/Xcode.app/Contents/Developer/Platforms/MacOSX.platform/Developer/SDKs/MacOSX26.1.sdk/System/Library/Frameworks/Foundation.framework/Headers/NSPort.h
/Applications/Xcode.app/Contents/Developer/Platforms/MacOSX.platform/Developer/SDKs/MacOSX26.1.sdk/System/Library/Frameworks/Foundation.framework/Headers/NSProcessInfo.h
/Applications/Xcode.app/Contents/Developer/Platforms/MacOSX.platform/Developer/SDKs/MacOSX26.1.sdk/System/Library/Frameworks/Foundation.framework/Headers/NSProxy.h
/Applications/Xcode.app/Contents/Developer/Platforms/MacOSX.platform/Developer/SDKs/MacOSX26.1.sdk/System/Library/Frameworks/Foundation.framework/Headers/NSRegularExpression.h
/Applications/Xcode.app/Contents/Developer/Platforms/MacOSX.platform/Developer/SDKs/MacOSX26.1.sdk/System/Library/Frameworks/Foundation.framework/Headers/NSTextCheckingResult.h
/Applications/Xcode.app/Contents/Developer/Platforms/MacOSX.platform/Developer/SDKs/MacOSX26.1.sdk/System/Library/Frameworks/Foundation.framework/Headers/NSSortDescriptor.h
/Applications/Xcode.app/Contents/Developer/Platforms/MacOSX.platform/Developer/SDKs/MacOSX26.1.sdk/System/Library/Frameworks/Foundation.framework/Headers/NSStream.h
/Applications/Xcode.app/Contents/Developer/Platforms/MacOSX.platform/Developer/SDKs/MacOSX26.1.sdk/System/Library/Frameworks/Foundation.framework/Headers/NSThread.h
/Applications/Xcode.app/Contents/Developer/Platforms/MacOSX.platform/Developer/SDKs/MacOSX26.1.sdk/System/Library/Frameworks/Foundation.framework/Headers/NSTimeZone.h
/Applications/Xcode.app/Contents/Developer/Platforms/MacOSX.platform/Developer/SDKs/MacOSX26.1.sdk/System/Library/Frameworks/Foundation.framework/Headers/NSTimer.h
/Applications/Xcode.app/Contents/Developer/Platforms/MacOSX.platform/Developer/SDKs/MacOSX26.1.sdk/System/Library/Frameworks/Foundation.framework/Headers/NSURLAuthenticationChallenge.h
/Applications/Xcode.app/Contents/Developer/Platforms/MacOSX.platform/Developer/SDKs/MacOSX26.1.sdk/System/Library/Frameworks/Foundation.framework/Headers/NSURLCache.h
/Applications/Xcode.app/Contents/Developer/Platforms/MacOSX.platform/Developer/SDKs/MacOSX26.1.sdk/System/Library/Frameworks/Foundation.framework/Headers/NSURLConnection.h
/Applications/Xcode.app/Contents/Developer/Platforms/MacOSX.platform/Developer/SDKs/MacOSX26.1.sdk/System/Library/Frameworks/Foundation.framework/Headers/NSURLCredential.h
/Applications/Xcode.app/Contents/Developer/Platforms/MacOSX.platform/Developer/SDKs/MacOSX26.1.sdk/System/Library/Frameworks/Security.framework/Modules/module.modulemap
/Applications/Xcode.app/Contents/Developer/Platforms/MacOSX.platform/Developer/SDKs/MacOSX26.1.sdk/System/Library/Frameworks/Foundation.framework/Headers/NSURLCredentialStorage.h
/Applications/Xcode.app/Contents/Developer/Platforms/MacOSX.platform/Developer/SDKs/MacOSX26.1.sdk/System/Library/Frameworks/Foundation.framework/Headers/NSURLProtectionSpace.h
/Applications/Xcode.app/Contents/Developer/Platforms/MacOSX.platform/Developer/SDKs/MacOSX26.1.sdk/System/Library/Frameworks/Foundation.framework/Headers/NSURLError.h
/Applications/Xcode.app/Contents/Developer/Platforms/MacOSX.platform/Developer/SDKs/MacOSX26.1.sdk/System/Library/Frameworks/CoreServices.framework/Modules/module.modulemap
/Applications/Xcode.app/Contents/Developer/Platforms/MacOSX.platform/Developer/SDKs/MacOSX26.1.sdk/System/Library/Frameworks/Foundation.framework/Headers/NSURLProtocol.h
/Applications/Xcode.app/Contents/Developer/Platforms/MacOSX.platform/Developer/SDKs/MacOSX26.1.sdk/System/Library/Frameworks/Foundation.framework/Headers/NSURLRequest.h
/Applications/Xcode.app/Contents/Developer/Platforms/MacOSX.platform/Developer/SDKs/MacOSX26.1.sdk/System/Library/Frameworks/Foundation.framework/Headers/NSURLResponse.h
/Applications/Xcode.app/Contents/Developer/Platforms/MacOSX.platform/Developer/SDKs/MacOSX26.1.sdk/System/Library/Frameworks/Foundation.framework/Headers/NSUserDefaults.h
/Applications/Xcode.app/Contents/Developer/Platforms/MacOSX.platform/Developer/SDKs/MacOSX26.1.sdk/System/Library/Frameworks/Foundation.framework/Headers/NSValueTransformer.h
/Applications/Xcode.app/Contents/Developer/Platforms/MacOSX.platform/Developer/SDKs/MacOSX26.1.sdk/System/Library/Frameworks/Foundation.framework/Headers/NSXMLParser.h
/Applications/Xcode.app/Contents/Developer/Platforms/MacOSX.platform/Developer/SDKs/MacOSX26.1.sdk/System/Library/Frameworks/Foundation.framework/Headers/NSXPCConnection.h
/Applications/Xcode.app/Contents/Developer/Platforms/MacOSX.platform/Developer/SDKs/MacOSX26.1.sdk/System/Library/Frameworks/Foundation.framework/Headers/FoundationErrors.h
/Applications/Xcode.app/Contents/Developer/Platforms/MacOSX.platform/Developer/SDKs/MacOSX26.1.sdk/System/Library/Frameworks/Foundation.framework/Headers/NSByteCountFormatter.h
/Applications/Xcode.app/Contents/Developer/Platforms/MacOSX.platform/Developer/SDKs/MacOSX26.1.sdk/System/Library/Frameworks/Foundation.framework/Headers/NSCache.h
/Applications/Xcode.app/Contents/Developer/Platforms/MacOSX.platform/Developer/SDKs/MacOSX26.1.sdk/System/Library/Frameworks/Foundation.framework/Headers/NSComparisonPredicate.h
/Applications/Xcode.app/Contents/Developer/Platforms/MacOSX.platform/Developer/SDKs/MacOSX26.1.sdk/System/Library/Frameworks/Foundation.framework/Headers/NSPredicate.h
/Applications/Xcode.app/Contents/Developer/Platforms/MacOSX.platform/Developer/SDKs/MacOSX26.1.sdk/System/Library/Frameworks/Foundation.framework/Headers/NSCompoundPredicate.h
/Applications/Xcode.app/Contents/Developer/Platforms/MacOSX.platform/Developer/SDKs/MacOSX26.1.sdk/System/Library/Frameworks/Foundation.framework/Headers/NSDateComponentsFormatter.h
/Applications/Xcode.app/Contents/Developer/Platforms/MacOSX.platform/Developer/SDKs/MacOSX26.1.sdk/System/Library/Frameworks/Foundation.framework/Headers/NSExpression.h
/Applications/Xcode.app/Contents/Developer/Platforms/MacOSX.platform/Developer/SDKs/MacOSX26.1.sdk/System/Library/Frameworks/Foundation.framework/Headers/NSExtensionContext.h
/Applications/Xcode.app/Contents/Developer/Platforms/MacOSX.platform/Developer/SDKs/MacOSX26.1.sdk/System/Library/Frameworks/Foundation.framework/Headers/NSExtensionItem.h
/Applications/Xcode.app/Contents/Developer/Platforms/MacOSX.platform/Developer/SDKs/MacOSX26.1.sdk/System/Library/Frameworks/Foundation.framework/Headers/NSExtensionRequestHandling.h
/Applications/Xcode.app/Contents/Developer/Platforms/MacOSX.platform/Developer/SDKs/MacOSX26.1.sdk/System/Library/Frameworks/Foundation.framework/Headers/NSFileCoordinator.h
/Applications/Xcode.app/Contents/Developer/Platforms/MacOSX.platform/Developer/SDKs/MacOSX26.1.sdk/System/Library/Frameworks/Foundation.framework/Headers/NSFilePresenter.h
/Applications/Xcode.app/Contents/Developer/Platforms/MacOSX.platform/Developer/SDKs/MacOSX26.1.sdk/System/Library/Frameworks/Foundation.framework/Headers/NSFileVersion.h
/Applications/Xcode.app/Contents/Developer/Platforms/MacOSX.platform/Developer/SDKs/MacOSX26.1.sdk/System/Library/Frameworks/Foundation.framework/Headers/NSFileWrapper.h
/Applications/Xcode.app/Contents/Developer/Platforms/MacOSX.platform/Developer/SDKs/MacOSX26.1.sdk/System/Library/Frameworks/Foundation.framework/Headers/NSLinguisticTagger.h
/Applications/Xcode.app/Contents/Developer/Platforms/MacOSX.platform/Developer/SDKs/MacOSX26.1.sdk/System/Library/Frameworks/Foundation.framework/Headers/NSMetadata.h
/Applications/Xcode.app/Contents/Developer/Platforms/MacOSX.platform/Developer/SDKs/MacOSX26.1.sdk/System/Library/Frameworks/Foundation.framework/Headers/NSMetadataAttributes.h
/Applications/Xcode.app/Contents/Developer/Platforms/MacOSX.platform/Developer/SDKs/MacOSX26.1.sdk/System/Library/Frameworks/Foundation.framework/Headers/NSNetServices.h
/Applications/Xcode.app/Contents/Developer/Platforms/MacOSX.platform/Developer/SDKs/MacOSX26.1.sdk/System/Library/Frameworks/Foundation.framework/Headers/NSUbiquitousKeyValueStore.h
/Applications/Xcode.app/Contents/Developer/Platforms/MacOSX.platform/Developer/SDKs/MacOSX26.1.sdk/System/Library/Frameworks/Foundation.framework/Headers/NSUndoManager.h
/Applications/Xcode.app/Contents/Developer/Platforms/MacOSX.platform/Developer/SDKs/MacOSX26.1.sdk/System/Library/Frameworks/Foundation.framework/Headers/NSURLSession.h
/Applications/Xcode.app/Contents/Developer/Platforms/MacOSX.platform/Developer/SDKs/MacOSX26.1.sdk/System/Library/Frameworks/Foundation.framework/Headers/NSUserActivity.h
/Applications/Xcode.app/Contents/Developer/Platforms/MacOSX.platform/Developer/SDKs/MacOSX26.1.sdk/System/Library/Frameworks/Foundation.framework/Headers/NSUUID.h
/Applications/Xcode.app/Contents/Developer/Platforms/MacOSX.platform/Developer/SDKs/MacOSX26.1.sdk/System/Library/Frameworks/Foundation.framework/Headers/NSAffineTransform.h
/Applications/Xcode.app/Contents/Developer/Platforms/MacOSX.platform/Developer/SDKs/MacOSX26.1.sdk/System/Library/Frameworks/Foundation.framework/Headers/NSAppleScript.h
/Applications/Xcode.app/Contents/Developer/Platforms/MacOSX.platform/Developer/SDKs/MacOSX26.1.sdk/System/Library/Frameworks/Foundation.framework/Headers/NSArchiver.h
/Applications/Xcode.app/Contents/Developer/Platforms/MacOSX.platform/Developer/SDKs/MacOSX26.1.sdk/System/Library/Frameworks/Foundation.framework/Headers/NSBackgroundActivityScheduler.h
/Applications/Xcode.app/Contents/Developer/Platforms/MacOSX.platform/Developer/SDKs/MacOSX26.1.sdk/System/Library/Frameworks/Foundation.framework/Headers/NSCalendarDate.h
/Applications/Xcode.app/Contents/Developer/Platforms/MacOSX.platform/Developer/SDKs/MacOSX26.1.sdk/System/Library/Frameworks/Foundation.framework/Headers/NSConnection.h
/Applications/Xcode.app/Contents/Developer/Platforms/MacOSX.platform/Developer/SDKs/MacOSX26.1.sdk/System/Library/Frameworks/Foundation.framework/Headers/NSDistantObject.h
/Applications/Xcode.app/Contents/Developer/Platforms/MacOSX.platform/Developer/SDKs/MacOSX26.1.sdk/System/Library/Frameworks/Foundation.framework/Headers/NSDistributedNotificationCenter.h
/Applications/Xcode.app/Contents/Developer/Platforms/MacOSX.platform/Developer/SDKs/MacOSX26.1.sdk/System/Library/Frameworks/Foundation.framework/Headers/NSPortCoder.h
/Applications/Xcode.app/Contents/Developer/Platforms/MacOSX.platform/Developer/SDKs/MacOSX26.1.sdk/System/Library/Frameworks/Foundation.framework/Headers/NSPortMessage.h
/Applications/Xcode.app/Contents/Developer/Platforms/MacOSX.platform/Developer/SDKs/MacOSX26.1.sdk/System/Library/Frameworks/Foundation.framework/Headers/NSPortNameServer.h
/Applications/Xcode.app/Contents/Developer/Platforms/MacOSX.platform/Developer/SDKs/MacOSX26.1.sdk/System/Library/Frameworks/Foundation.framework/Headers/NSProtocolChecker.h
/Applications/Xcode.app/Contents/Developer/Platforms/MacOSX.platform/Developer/SDKs/MacOSX26.1.sdk/System/Library/Frameworks/Foundation.framework/Headers/NSTask.h
/Applications/Xcode.app/Contents/Developer/Platforms/MacOSX.platform/Developer/SDKs/MacOSX26.1.sdk/System/Library/Frameworks/Foundation.framework/Headers/NSXMLDTD.h
/Applications/Xcode.app/Contents/Developer/Platforms/MacOSX.platform/Developer/SDKs/MacOSX26.1.sdk/System/Library/Frameworks/Foundation.framework/Headers/NSXMLNode.h
/Applications/Xcode.app/Contents/Developer/Platforms/MacOSX.platform/Developer/SDKs/MacOSX26.1.sdk/System/Library/Frameworks/Foundation.framework/Headers/NSXMLNodeOptions.h
/Applications/Xcode.app/Contents/Developer/Platforms/MacOSX.platform/Developer/SDKs/MacOSX26.1.sdk/System/Library/Frameworks/Foundation.framework/Headers/NSXMLDTDNode.h
/Applications/Xcode.app/Contents/Developer/Platforms/MacOSX.platform/Developer/SDKs/MacOSX26.1.sdk/System/Library/Frameworks/Foundation.framework/Headers/NSXMLDocument.h
/Applications/Xcode.app/Contents/Developer/Platforms/MacOSX.platform/Developer/SDKs/MacOSX26.1.sdk/System/Library/Frameworks/Foundation.framework/Headers/NSXMLElement.h
/Applications/Xcode.app/Contents/Developer/Platforms/MacOSX.platform/Developer/SDKs/MacOSX26.1.sdk/System/Library/Frameworks/Foundation.framework/Headers/NSURLDownload.h
/Applications/Xcode.app/Contents/Developer/Platforms/MacOSX.platform/Developer/SDKs/MacOSX26.1.sdk/System/Library/Frameworks/Foundation.framework/Headers/NSAppleEventDescriptor.h
/Applications/Xcode.app/Contents/Developer/Platforms/MacOSX.platform/Developer/SDKs/MacOSX26.1.sdk/System/Library/Frameworks/Foundation.framework/Headers/NSAppleEventManager.h
/Applications/Xcode.app/Contents/Developer/Platforms/MacOSX.platform/Developer/SDKs/MacOSX26.1.sdk/System/Library/Frameworks/Foundation.framework/Headers/NSClassDescription.h
/Applications/Xcode.app/Contents/Developer/Platforms/MacOSX.platform/Developer/SDKs/MacOSX26.1.sdk/System/Library/Frameworks/Foundation.framework/Headers/NSDistributedLock.h
/Applications/Xcode.app/Contents/Developer/Platforms/MacOSX.platform/Developer/SDKs/MacOSX26.1.sdk/System/Library/Frameworks/Foundation.framework/Headers/NSGarbageCollector.h
/Applications/Xcode.app/Contents/Developer/Platforms/MacOSX.platform/Developer/SDKs/MacOSX26.1.sdk/System/Library/Frameworks/Foundation.framework/Headers/NSHFSFileTypes.h
/Applications/Xcode.app/Contents/Developer/Platforms/MacOSX.platform/Developer/SDKs/MacOSX26.1.sdk/System/Library/Frameworks/Foundation.framework/Headers/NSHost.h
/Applications/Xcode.app/Contents/Developer/Platforms/MacOSX.platform/Developer/SDKs/MacOSX26.1.sdk/System/Library/Frameworks/Foundation.framework/Headers/NSObjectScripting.h
/Applications/Xcode.app/Contents/Developer/Platforms/MacOSX.platform/Developer/SDKs/MacOSX26.1.sdk/System/Library/Frameworks/Foundation.framework/Headers/NSScriptClassDescription.h
/Applications/Xcode.app/Contents/Developer/Platforms/MacOSX.platform/Developer/SDKs/MacOSX26.1.sdk/System/Library/Frameworks/Foundation.framework/Headers/NSScriptCoercionHandler.h
/Applications/Xcode.app/Contents/Developer/Platforms/MacOSX.platform/Developer/SDKs/MacOSX26.1.sdk/System/Library/Frameworks/Foundation.framework/Headers/NSScriptCommand.h
/Applications/Xcode.app/Contents/Developer/Platforms/MacOSX.platform/Developer/SDKs/MacOSX26.1.sdk/System/Library/Frameworks/Foundation.framework/Headers/NSScriptCommandDescription.h
/Applications/Xcode.app/Contents/Developer/Platforms/MacOSX.platform/Developer/SDKs/MacOSX26.1.sdk/System/Library/Frameworks/Foundation.framework/Headers/NSScriptExecutionContext.h
/Applications/Xcode.app/Contents/Developer/Platforms/MacOSX.platform/Developer/SDKs/MacOSX26.1.sdk/System/Library/Frameworks/Foundation.framework/Headers/NSScriptKeyValueCoding.h
/Applications/Xcode.app/Contents/Developer/Platforms/MacOSX.platform/Developer/SDKs/MacOSX26.1.sdk/System/Library/Frameworks/Foundation.framework/Headers/NSScriptObjectSpecifiers.h
/Applications/Xcode.app/Contents/Developer/Platforms/MacOSX.platform/Developer/SDKs/MacOSX26.1.sdk/System/Library/Frameworks/Foundation.framework/Headers/NSScriptStandardSuiteCommands.h
/Applications/Xcode.app/Contents/Developer/Platforms/MacOSX.platform/Developer/SDKs/MacOSX26.1.sdk/System/Library/Frameworks/Foundation.framework/Headers/NSScriptSuiteRegistry.h
/Applications/Xcode.app/Contents/Developer/Platforms/MacOSX.platform/Developer/SDKs/MacOSX26.1.sdk/System/Library/Frameworks/Foundation.framework/Headers/NSScriptWhoseTests.h
/Applications/Xcode.app/Contents/Developer/Platforms/MacOSX.platform/Developer/SDKs/MacOSX26.1.sdk/System/Library/Frameworks/Foundation.framework/Headers/NSSpellServer.h
/Applications/Xcode.app/Contents/Developer/Platforms/MacOSX.platform/Developer/SDKs/MacOSX26.1.sdk/System/Library/Frameworks/Foundation.framework/Headers/NSUserNotification.h
/Applications/Xcode.app/Contents/Developer/Platforms/MacOSX.platform/Developer/SDKs/MacOSX26.1.sdk/System/Library/Frameworks/Foundation.framework/Headers/NSUserScriptTask.h
/Applications/Xcode.app/Contents/Developer/Platforms/MacOSX.platform/Developer/SDKs/MacOSX26.1.sdk/System/Library/Frameworks/Foundation.framework/Headers/FoundationLegacySwiftCompatibility.h
/Applications/Xcode.app/Contents/Developer/Platforms/MacOSX.platform/Developer/SDKs/MacOSX26.1.sdk/System/Library/Frameworks/Foundation.framework/Headers/NSDebug.h
/Applications/Xcode.app/Contents/Developer/Platforms/MacOSX.platform/Developer/SDKs/MacOSX26.1.sdk/SDKSettings.json
/Applications/Xcode.app/Contents/Developer/Toolchains/XcodeDefault.xctoolchain/usr/lib/swift/macosx/prebuilt-modules/26.1/IOKit.swiftmodule/arm64e-apple-macos.swiftmodule
/Applications/Xcode.app/Contents/Developer/Platforms/MacOSX.platform/Developer/SDKs/MacOSX26.1.sdk/System/Library/Frameworks/IOKit.framework/Modules/module.modulemap
/Applications/Xcode.app/Contents/Developer/Platforms/MacOSX.platform/Developer/SDKs/MacOSX26.1.sdk/System/Library/Frameworks/IOKit.framework/Headers/IOReturn.h
/Applications/Xcode.app/Contents/Developer/Platforms/MacOSX.platform/Developer/SDKs/MacOSX26.1.sdk/usr/include/dispatch.modulemap
/Applications/Xcode.app/Contents/Developer/Platforms/MacOSX.platform/Developer/SDKs/MacOSX26.1.sdk/usr/include/libkern.modulemap
/Applications/Xcode.app/Contents/Developer/Platforms/MacOSX.platform/Developer/SDKs/MacOSX26.1.sdk/usr/include/Darwin.modulemap
/Applications/Xcode.app/Contents/Developer/Platforms/MacOSX.platform/Developer/SDKs/MacOSX26.1.sdk/usr/include/Darwin_C.modulemap
/Applications/Xcode.app/Contents/Developer/Platforms/MacOSX.platform/Developer/SDKs/MacOSX26.1.sdk/usr/include/Darwin_POSIX.modulemap
/Applications/Xcode.app/Contents/Developer/Platforms/MacOSX.platform/Developer/SDKs/MacOSX26.1.sdk/usr/include/net.modulemap
/Applications/Xcode.app/Contents/Developer/Platforms/MacOSX.platform/Developer/SDKs/MacOSX26.1.sdk/usr/include/netinet.modulemap
/Applications/Xcode.app/Contents/Developer/Platforms/MacOSX.platform/Developer/SDKs/MacOSX26.1.sdk/usr/include/bank.modulemap
/Applications/Xcode.app/Contents/Developer/Platforms/MacOSX.platform/Developer/SDKs/MacOSX26.1.sdk/usr/include/Darwin_Mach.modulemap
/Applications/Xcode.app/Contents/Developer/Platforms/MacOSX.platform/Developer/SDKs/MacOSX26.1.sdk/usr/include/Darwin_Mach_machine.modulemap
/Applications/Xcode.app/Contents/Developer/Platforms/MacOSX.platform/Developer/SDKs/MacOSX26.1.sdk/usr/include/mach_debug.modulemap
/Applications/Xcode.app/Contents/Developer/Platforms/MacOSX.platform/Developer/SDKs/MacOSX26.1.sdk/usr/include/device.modulemap
/Applications/Xcode.app/Contents/Developer/Platforms/MacOSX.platform/Developer/SDKs/MacOSX26.1.sdk/usr/include/Darwin_machine.modulemap
/Applications/Xcode.app/Contents/Developer/Platforms/MacOSX.platform/Developer/SDKs/MacOSX26.1.sdk/usr/include/ncurses.modulemap
/Applications/Xcode.app/Contents/Developer/Platforms/MacOSX.platform/Developer/SDKs/MacOSX26.1.sdk/usr/include/netinet6.modulemap
/Applications/Xcode.app/Contents/Developer/Platforms/MacOSX.platform/Developer/SDKs/MacOSX26.1.sdk/usr/include/Darwin_sys.modulemap
/Applications/Xcode.app/Contents/Developer/Platforms/MacOSX.platform/Developer/SDKs/MacOSX26.1.sdk/usr/include/uuid.modulemap
/Applications/Xcode.app/Contents/Developer/Platforms/MacOSX.platform/Developer/SDKs/MacOSX26.1.sdk/usr/include/DarwinFoundation2.modulemap
/Applications/Xcode.app/Contents/Developer/Platforms/MacOSX.platform/Developer/SDKs/MacOSX26.1.sdk/usr/include/DarwinFoundation1.modulemap
/Applications/Xcode.app/Contents/Developer/Platforms/MacOSX.platform/Developer/SDKs/MacOSX26.1.sdk/System/Library/Frameworks/IOKit.framework/Headers/IOMapTypes.h
/Applications/Xcode.app/Contents/Developer/Platforms/MacOSX.platform/Developer/SDKs/MacOSX26.1.sdk/System/Library/Frameworks/IOKit.framework/Headers/IOTypes.h
/Applications/Xcode.app/Contents/Developer/Toolchains/XcodeDefault.xctoolchain/usr/lib/swift/clang/include/module.modulemap
/Applications/Xcode.app/Contents/Developer/Platforms/MacOSX.platform/Developer/SDKs/MacOSX26.1.sdk/System/Library/Frameworks/IOKit.framework/Headers/IOKitKeys.h
/Applications/Xcode.app/Contents/Developer/Platforms/MacOSX.platform/Developer/SDKs/MacOSX26.1.sdk/System/Library/Frameworks/IOKit.framework/Headers/OSMessageNotification.h
/Applications/Xcode.app/Contents/Developer/Platforms/MacOSX.platform/Developer/SDKs/MacOSX26.1.sdk/System/Library/Frameworks/IOKit.framework/Headers/IOKitLib.h
/Applications/Xcode.app/Contents/Developer/Platforms/MacOSX.platform/Developer/SDKs/MacOSX26.1.sdk/System/Library/Frameworks/CoreFoundation.framework/Modules/module.modulemap
/Applications/Xcode.app/Contents/Developer/Platforms/MacOSX.platform/Developer/SDKs/MacOSX26.1.sdk/System/Library/Frameworks/IOKit.framework/Headers/IOBSD.h
/Applications/Xcode.app/Contents/Developer/Platforms/MacOSX.platform/Developer/SDKs/MacOSX26.1.sdk/System/Library/Frameworks/IOKit.framework/Headers/IODataQueueClient.h
/Applications/Xcode.app/Contents/Developer/Platforms/MacOSX.platform/Developer/SDKs/MacOSX26.1.sdk/System/Library/Frameworks/IOKit.framework/Headers/IODataQueueShared.h
/Applications/Xcode.app/Contents/Developer/Platforms/MacOSX.platform/Developer/SDKs/MacOSX26.1.sdk/System/Library/Frameworks/IOKit.framework/Headers/IOCFBundle.h
/Applications/Xcode.app/Contents/Developer/Platforms/MacOSX.platform/Developer/SDKs/MacOSX26.1.sdk/System/Library/Frameworks/IOKit.framework/Headers/IOSharedLock.h
/Applications/Xcode.app/Contents/Developer/Platforms/MacOSX.platform/Developer/SDKs/MacOSX26.1.sdk/System/Library/Frameworks/IOKit.framework/Headers/IOCFPlugIn.h
/Applications/Xcode.app/Contents/Developer/Platforms/MacOSX.platform/Developer/SDKs/MacOSX26.1.sdk/System/Library/Frameworks/IOKit.framework/Headers/IOCFSerialize.h
/Applications/Xcode.app/Contents/Developer/Platforms/MacOSX.platform/Developer/SDKs/MacOSX26.1.sdk/System/Library/Frameworks/IOKit.framework/Headers/IOCFURLAccess.h
/Applications/Xcode.app/Contents/Developer/Platforms/MacOSX.platform/Developer/SDKs/MacOSX26.1.sdk/System/Library/Frameworks/IOKit.framework/Headers/IOKitServer.h
/Applications/Xcode.app/Contents/Developer/Platforms/MacOSX.platform/Developer/SDKs/MacOSX26.1.sdk/System/Library/Frameworks/IOKit.framework/Headers/IOCFUnserialize.h
/Applications/Xcode.app/Contents/Developer/Platforms/MacOSX.platform/Developer/SDKs/MacOSX26.1.sdk/System/Library/Frameworks/IOKit.framework/Headers/IOMessage.h
/Applications/Xcode.app/Contents/Developer/Platforms/MacOSX.platform/Developer/SDKs/MacOSX26.1.sdk/System/Library/Frameworks/IOKit.framework/Headers/IORPC.h
/Applications/Xcode.app/Contents/Developer/Platforms/MacOSX.platform/Developer/SDKs/MacOSX26.1.sdk/System/Library/Frameworks/IOKit.framework/Headers/IOUserServer.h
/Applications/Xcode.app/Contents/Developer/Platforms/MacOSX.platform/Developer/SDKs/MacOSX26.1.sdk/System/Library/Frameworks/IOKit.framework/Headers/audio/IOAudioDefines.h
/Applications/Xcode.app/Contents/Developer/Platforms/MacOSX.platform/Developer/SDKs/MacOSX26.1.sdk/System/Library/Frameworks/IOKit.framework/Headers/audio/IOAudioLib.h
/Applications/Xcode.app/Contents/Developer/Platforms/MacOSX.platform/Developer/SDKs/MacOSX26.1.sdk/System/Library/Frameworks/IOKit.framework/Headers/audio/IOAudioTypes.h
/Applications/Xcode.app/Contents/Developer/Platforms/MacOSX.platform/Developer/SDKs/MacOSX26.1.sdk/System/Library/Frameworks/IOKit.framework/Headers/avc/IOFireWireAVCConsts.h
/Applications/Xcode.app/Contents/Developer/Platforms/MacOSX.platform/Developer/SDKs/MacOSX26.1.sdk/System/Library/Frameworks/IOKit.framework/Headers/avc/IOFireWireAVCLib.h
/Applications/Xcode.app/Contents/Developer/Platforms/MacOSX.platform/Developer/SDKs/MacOSX26.1.sdk/System/Library/Frameworks/IOKit.framework/Headers/firewire/IOFireWireFamilyCommon.h
/Applications/Xcode.app/Contents/Developer/Platforms/MacOSX.platform/Developer/SDKs/MacOSX26.1.sdk/System/Library/Frameworks/IOKit.framework/Headers/firewire/IOFireWireLib.h
/Applications/Xcode.app/Contents/Developer/Platforms/MacOSX.platform/Developer/SDKs/MacOSX26.1.sdk/System/Library/Frameworks/IOKit.framework/Headers/firewire/IOFireWireLibIsoch.h
/Applications/Xcode.app/Contents/Developer/Platforms/MacOSX.platform/Developer/SDKs/MacOSX26.1.sdk/System/Library/Frameworks/IOKit.framework/Headers/graphics/IOAccelClientConnect.h
/Applications/Xcode.app/Contents/Developer/Platforms/MacOSX.platform/Developer/SDKs/MacOSX26.1.sdk/System/Library/Frameworks/IOKit.framework/Headers/graphics/IOGraphicsInterface.h
/Applications/Xcode.app/Contents/Developer/Platforms/MacOSX.platform/Developer/SDKs/MacOSX26.1.sdk/System/Library/Frameworks/IOKit.framework/Headers/graphics/IOGraphicsInterfaceTypes.h
/Applications/Xcode.app/Contents/Developer/Platforms/MacOSX.platform/Developer/SDKs/MacOSX26.1.sdk/System/Library/Frameworks/IOKit.framework/Headers/graphics/IOAccelSurfaceConnect.h
/Applications/Xcode.app/Contents/Developer/Platforms/MacOSX.platform/Developer/SDKs/MacOSX26.1.sdk/System/Library/Frameworks/IOKit.framework/Headers/graphics/IOAccelTypes.h
/Applications/Xcode.app/Contents/Developer/Platforms/MacOSX.platform/Developer/SDKs/MacOSX26.1.sdk/System/Library/Frameworks/IOKit.framework/Headers/graphics/IOGraphicsLib.h
/Applications/Xcode.app/Contents/Developer/Platforms/MacOSX.platform/Developer/SDKs/MacOSX26.1.sdk/System/Library/Frameworks/IOKit.framework/Headers/graphics/IOFramebufferShared.h
/Applications/Xcode.app/Contents/Developer/Platforms/MacOSX.platform/Developer/SDKs/MacOSX26.1.sdk/System/Library/Frameworks/IOKit.framework/Headers/hidsystem/IOHIDTypes.h
/Applications/Xcode.app/Contents/Developer/Platforms/MacOSX.platform/Developer/SDKs/MacOSX26.1.sdk/System/Library/Frameworks/IOKit.framework/Headers/graphics/IOGraphicsTypes.h
/Applications/Xcode.app/Contents/Developer/Platforms/MacOSX.platform/Developer/SDKs/MacOSX26.1.sdk/System/Library/Frameworks/IOKit.framework/Headers/graphics/IOGraphicsEngine.h
/Applications/Xcode.app/Contents/Developer/Platforms/MacOSX.platform/Developer/SDKs/MacOSX26.1.sdk/System/Library/Frameworks/IOKit.framework/Headers/hid/IOHIDBase.h
/Applications/Xcode.app/Contents/Developer/Platforms/MacOSX.platform/Developer/SDKs/MacOSX26.1.sdk/System/Library/Frameworks/IOKit.framework/Headers/hid/IOHIDKeys.h
/Applications/Xcode.app/Contents/Developer/Platforms/MacOSX.platform/Developer/SDKs/MacOSX26.1.sdk/System/Library/Frameworks/IOKit.framework/Headers/hidsystem/IOHIDParameter.h
/Applications/Xcode.app/Contents/Developer/Platforms/MacOSX.platform/Developer/SDKs/MacOSX26.1.sdk/System/Library/Frameworks/IOKit.framework/Headers/hidsystem/IOLLEvent.h
/Applications/Xcode.app/Contents/Developer/Platforms/MacOSX.platform/Developer/SDKs/MacOSX26.1.sdk/System/Library/Frameworks/IOKit.framework/Headers/hid/IOHIDProperties.h
/Applications/Xcode.app/Contents/Developer/Platforms/MacOSX.platform/Developer/SDKs/MacOSX26.1.sdk/System/Library/Frameworks/IOKit.framework/Headers/hid/IOHIDEventServiceKeys.h
/Applications/Xcode.app/Contents/Developer/Platforms/MacOSX.platform/Developer/SDKs/MacOSX26.1.sdk/System/Library/Frameworks/IOKit.framework/Headers/hid/IOHIDDeviceTypes.h
/Applications/Xcode.app/Contents/Developer/Platforms/MacOSX.platform/Developer/SDKs/MacOSX26.1.sdk/System/Library/Frameworks/IOKit.framework/Headers/hid/IOHIDDeviceKeys.h
/Applications/Xcode.app/Contents/Developer/Platforms/MacOSX.platform/Developer/SDKs/MacOSX26.1.sdk/System/Library/Frameworks/IOKit.framework/Headers/hid/IOHIDQueue.h
/Applications/Xcode.app/Contents/Developer/Platforms/MacOSX.platform/Developer/SDKs/MacOSX26.1.sdk/System/Library/Frameworks/IOKit.framework/Headers/hid/IOHIDDevice.h
/Applications/Xcode.app/Contents/Developer/Platforms/MacOSX.platform/Developer/SDKs/MacOSX26.1.sdk/System/Library/Frameworks/IOKit.framework/Headers/hid/IOHIDLib.h
/Applications/Xcode.app/Contents/Developer/Platforms/MacOSX.platform/Developer/SDKs/MacOSX26.1.sdk/System/Library/Frameworks/IOKit.framework/Headers/hid/IOHIDElement.h
/Applications/Xcode.app/Contents/Developer/Platforms/MacOSX.platform/Developer/SDKs/MacOSX26.1.sdk/System/Library/Frameworks/IOKit.framework/Headers/hid/IOHIDLibObsolete.h
/Applications/Xcode.app/Contents/Developer/Platforms/MacOSX.platform/Developer/SDKs/MacOSX26.1.sdk/System/Library/Frameworks/IOKit.framework/Headers/hid/IOHIDManager.h
/Applications/Xcode.app/Contents/Developer/Platforms/MacOSX.platform/Developer/SDKs/MacOSX26.1.sdk/System/Library/Frameworks/IOKit.framework/Headers/hid/IOHIDUsageTables.h
/Applications/Xcode.app/Contents/Developer/Platforms/MacOSX.platform/Developer/SDKs/MacOSX26.1.sdk/System/Library/Frameworks/IOKit.framework/Headers/hid/IOHIDValue.h
/Applications/Xcode.app/Contents/Developer/Platforms/MacOSX.platform/Developer/SDKs/MacOSX26.1.sdk/System/Library/Frameworks/IOKit.framework/Headers/hid/IOHIDTransaction.h
/Applications/Xcode.app/Contents/Developer/Platforms/MacOSX.platform/Developer/SDKs/MacOSX26.1.sdk/System/Library/Frameworks/IOKit.framework/Headers/hid/IOHIDDevicePlugIn.h
/Applications/Xcode.app/Contents/Developer/Platforms/MacOSX.platform/Developer/SDKs/MacOSX26.1.sdk/System/Library/Frameworks/IOKit.framework/Headers/hid/IOHIDEventServiceTypes.h
/Applications/Xcode.app/Contents/Developer/Platforms/MacOSX.platform/Developer/SDKs/MacOSX26.1.sdk/System/Library/Frameworks/IOKit.framework/Headers/hidsystem/IOHIDLib.h
/Applications/Xcode.app/Contents/Developer/Platforms/MacOSX.platform/Developer/SDKs/MacOSX26.1.sdk/System/Library/Frameworks/IOKit.framework/Headers/hidsystem/IOHIDShared.h
/Applications/Xcode.app/Contents/Developer/Platforms/MacOSX.platform/Developer/SDKs/MacOSX26.1.sdk/System/Library/Frameworks/IOKit.framework/Headers/hidsystem/event_status_driver.h
/Applications/Xcode.app/Contents/Developer/Platforms/MacOSX.platform/Developer/SDKs/MacOSX26.1.sdk/System/Library/Frameworks/IOKit.framework/Headers/hidsystem/ev_keymap.h
/Applications/Xcode.app/Contents/Developer/Platforms/MacOSX.platform/Developer/SDKs/MacOSX26.1.sdk/System/Library/Frameworks/IOKit.framework/Headers/hidsystem/IOHIDEventSystemClient.h
/Applications/Xcode.app/Contents/Developer/Platforms/MacOSX.platform/Developer/SDKs/MacOSX26.1.sdk/System/Library/Frameworks/IOKit.framework/Headers/hidsystem/IOHIDServiceClient.h
/Applications/Xcode.app/Contents/Developer/Platforms/MacOSX.platform/Developer/SDKs/MacOSX26.1.sdk/System/Library/Frameworks/IOKit.framework/Headers/hidsystem/IOHIDUserDevice.h
/Applications/Xcode.app/Contents/Developer/Platforms/MacOSX.platform/Developer/SDKs/MacOSX26.1.sdk/System/Library/Frameworks/IOKit.framework/Headers/i2c/IOI2CInterface.h
/Applications/Xcode.app/Contents/Developer/Platforms/MacOSX.platform/Developer/SDKs/MacOSX26.1.sdk/System/Library/Frameworks/IOKit.framework/Headers/kext/KextManager.h
/Applications/Xcode.app/Contents/Developer/Platforms/MacOSX.platform/Developer/SDKs/MacOSX26.1.sdk/System/Library/Frameworks/IOKit.framework/Headers/network/IOEthernetController.h
/Applications/Xcode.app/Contents/Developer/Platforms/MacOSX.platform/Developer/SDKs/MacOSX26.1.sdk/System/Library/Frameworks/IOKit.framework/Headers/network/IONetworkController.h
/Applications/Xcode.app/Contents/Developer/Platforms/MacOSX.platform/Developer/SDKs/MacOSX26.1.sdk/System/Library/Frameworks/IOKit.framework/Headers/network/IONetworkData.h
/Applications/Xcode.app/Contents/Developer/Platforms/MacOSX.platform/Developer/SDKs/MacOSX26.1.sdk/System/Library/Frameworks/IOKit.framework/Headers/network/IONetworkStack.h
/Applications/Xcode.app/Contents/Developer/Platforms/MacOSX.platform/Developer/SDKs/MacOSX26.1.sdk/System/Library/Frameworks/IOKit.framework/Headers/network/IOEthernetInterface.h
/Applications/Xcode.app/Contents/Developer/Platforms/MacOSX.platform/Developer/SDKs/MacOSX26.1.sdk/System/Library/Frameworks/IOKit.framework/Headers/network/IONetworkInterface.h
/Applications/Xcode.app/Contents/Developer/Platforms/MacOSX.platform/Developer/SDKs/MacOSX26.1.sdk/System/Library/Frameworks/IOKit.framework/Headers/network/IONetworkStats.h
/Applications/Xcode.app/Contents/Developer/Platforms/MacOSX.platform/Developer/SDKs/MacOSX26.1.sdk/System/Library/Frameworks/IOKit.framework/Headers/network/IOEthernetStats.h
/Applications/Xcode.app/Contents/Developer/Platforms/MacOSX.platform/Developer/SDKs/MacOSX26.1.sdk/System/Library/Frameworks/IOKit.framework/Headers/network/IONetworkLib.h
/Applications/Xcode.app/Contents/Developer/Platforms/MacOSX.platform/Developer/SDKs/MacOSX26.1.sdk/System/Library/Frameworks/IOKit.framework/Headers/network/IONetworkMedium.h
/Applications/Xcode.app/Contents/Developer/Platforms/MacOSX.platform/Developer/SDKs/MacOSX26.1.sdk/System/Library/Frameworks/IOKit.framework/Headers/network/IONetworkUserClient.h
/Applications/Xcode.app/Contents/Developer/Platforms/MacOSX.platform/Developer/SDKs/MacOSX26.1.sdk/System/Library/Frameworks/IOKit.framework/Headers/ps/IOPSKeys.h
/Applications/Xcode.app/Contents/Developer/Platforms/MacOSX.platform/Developer/SDKs/MacOSX26.1.sdk/System/Library/Frameworks/IOKit.framework/Headers/ps/IOPowerSources.h
/Applications/Xcode.app/Contents/Developer/Platforms/MacOSX.platform/Developer/SDKs/MacOSX26.1.sdk/System/Library/Frameworks/IOKit.framework/Headers/ps/IOUPSPlugIn.h
/Applications/Xcode.app/Contents/Developer/Platforms/MacOSX.platform/Developer/SDKs/MacOSX26.1.sdk/System/Library/Frameworks/IOKit.framework/Headers/pwr_mgt/IOPM.h
/Applications/Xcode.app/Contents/Developer/Platforms/MacOSX.platform/Developer/SDKs/MacOSX26.1.sdk/System/Library/Frameworks/IOKit.framework/Headers/pwr_mgt/IOPMKeys.h
/Applications/Xcode.app/Contents/Developer/Platforms/MacOSX.platform/Developer/SDKs/MacOSX26.1.sdk/System/Library/Frameworks/IOKit.framework/Headers/pwr_mgt/IOPMLib.h
/Applications/Xcode.app/Contents/Developer/Platforms/MacOSX.platform/Developer/SDKs/MacOSX26.1.sdk/System/Library/Frameworks/IOKit.framework/Headers/pwr_mgt/IOPMLibDefs.h
/Applications/Xcode.app/Contents/Developer/Platforms/MacOSX.platform/Developer/SDKs/MacOSX26.1.sdk/System/Library/Frameworks/IOKit.framework/Headers/sbp2/IOFireWireSBP2Lib.h
/Applications/Xcode.app/Contents/Developer/Platforms/MacOSX.platform/Developer/SDKs/MacOSX26.1.sdk/System/Library/Frameworks/IOKit.framework/Headers/scsi/IOSCSIMultimediaCommandsDevice.h
/Applications/Xcode.app/Contents/Developer/Platforms/MacOSX.platform/Developer/SDKs/MacOSX26.1.sdk/System/Library/Frameworks/IOKit.framework/Headers/storage/IOStorageDeviceCharacteristics.h
/Applications/Xcode.app/Contents/Developer/Platforms/MacOSX.platform/Developer/SDKs/MacOSX26.1.sdk/System/Library/Frameworks/IOKit.framework/Headers/storage/IOStorageProtocolCharacteristics.h
/Applications/Xcode.app/Contents/Developer/Platforms/MacOSX.platform/Developer/SDKs/MacOSX26.1.sdk/System/Library/Frameworks/IOKit.framework/Headers/storage/IOStorageControllerCharacteristics.h
/Applications/Xcode.app/Contents/Developer/Platforms/MacOSX.platform/Developer/SDKs/MacOSX26.1.sdk/System/Library/Frameworks/IOKit.framework/Headers/scsi/SCSICmds_REQUEST_SENSE_Defs.h
/Applications/Xcode.app/Contents/Developer/Platforms/MacOSX.platform/Developer/SDKs/MacOSX26.1.sdk/System/Library/Frameworks/IOKit.framework/Headers/scsi/SCSICmds_INQUIRY_Definitions.h
/Applications/Xcode.app/Contents/Developer/Platforms/MacOSX.platform/Developer/SDKs/MacOSX26.1.sdk/System/Library/Frameworks/IOKit.framework/Headers/scsi/SCSICommandDefinitions.h
/Applications/Xcode.app/Contents/Developer/Platforms/MacOSX.platform/Developer/SDKs/MacOSX26.1.sdk/System/Library/Frameworks/IOKit.framework/Headers/scsi/SCSICmds_MODE_Definitions.h
/Applications/Xcode.app/Contents/Developer/Platforms/MacOSX.platform/Developer/SDKs/MacOSX26.1.sdk/System/Library/Frameworks/IOKit.framework/Headers/scsi/SCSICommandOperationCodes.h
/Applications/Xcode.app/Contents/Developer/Platforms/MacOSX.platform/Developer/SDKs/MacOSX26.1.sdk/System/Library/Frameworks/IOKit.framework/Headers/scsi/SCSICmds_READ_CAPACITY_Definitions.h
/Applications/Xcode.app/Contents/Developer/Platforms/MacOSX.platform/Developer/SDKs/MacOSX26.1.sdk/System/Library/Frameworks/IOKit.framework/Headers/scsi/SCSITask.h
/Applications/Xcode.app/Contents/Developer/Platforms/MacOSX.platform/Developer/SDKs/MacOSX26.1.sdk/System/Library/Frameworks/IOKit.framework/Headers/scsi/SCSICmds_REPORT_LUNS_Definitions.h
/Applications/Xcode.app/Contents/Developer/Platforms/MacOSX.platform/Developer/SDKs/MacOSX26.1.sdk/System/Library/Frameworks/IOKit.framework/Headers/scsi/SCSITaskLib.h
/Applications/Xcode.app/Contents/Developer/Platforms/MacOSX.platform/Developer/SDKs/MacOSX26.1.sdk/System/Library/Frameworks/IOKit.framework/Headers/serial/IOSerialKeys.h
/Applications/Xcode.app/Contents/Developer/Platforms/MacOSX.platform/Developer/SDKs/MacOSX26.1.sdk/System/Library/Frameworks/IOKit.framework/Headers/serial/ioss.h
/Applications/Xcode.app/Contents/Developer/Platforms/MacOSX.platform/Developer/SDKs/MacOSX26.1.sdk/System/Library/Frameworks/IOKit.framework/Headers/storage/IOAppleLabelScheme.h
/Applications/Xcode.app/Contents/Developer/Platforms/MacOSX.platform/Developer/SDKs/MacOSX26.1.sdk/System/Library/Frameworks/IOKit.framework/Headers/storage/IODVDMediaBSDClient.h
/Applications/Xcode.app/Contents/Developer/Platforms/MacOSX.platform/Developer/SDKs/MacOSX26.1.sdk/System/Library/Frameworks/IOKit.framework/Headers/storage/IODVDTypes.h
/Applications/Xcode.app/Contents/Developer/Platforms/MacOSX.platform/Developer/SDKs/MacOSX26.1.sdk/System/Library/Frameworks/IOKit.framework/Headers/storage/IOApplePartitionScheme.h
/Applications/Xcode.app/Contents/Developer/Platforms/MacOSX.platform/Developer/SDKs/MacOSX26.1.sdk/System/Library/Frameworks/IOKit.framework/Headers/storage/IOBDBlockStorageDevice.h
/Applications/Xcode.app/Contents/Developer/Platforms/MacOSX.platform/Developer/SDKs/MacOSX26.1.sdk/System/Library/Frameworks/IOKit.framework/Headers/storage/IOBDTypes.h
/Applications/Xcode.app/Contents/Developer/Platforms/MacOSX.platform/Developer/SDKs/MacOSX26.1.sdk/System/Library/Frameworks/IOKit.framework/Headers/storage/IOFDiskPartitionScheme.h
/Applications/Xcode.app/Contents/Developer/Platforms/MacOSX.platform/Developer/SDKs/MacOSX26.1.sdk/System/Library/Frameworks/IOKit.framework/Headers/storage/IOBDMedia.h
/Applications/Xcode.app/Contents/Developer/Platforms/MacOSX.platform/Developer/SDKs/MacOSX26.1.sdk/System/Library/Frameworks/IOKit.framework/Headers/storage/IOFilterScheme.h
/Applications/Xcode.app/Contents/Developer/Platforms/MacOSX.platform/Developer/SDKs/MacOSX26.1.sdk/System/Library/Frameworks/IOKit.framework/Headers/storage/IOBDMediaBSDClient.h
/Applications/Xcode.app/Contents/Developer/Platforms/MacOSX.platform/Developer/SDKs/MacOSX26.1.sdk/System/Library/Frameworks/IOKit.framework/Headers/storage/IOFireWireStorageCharacteristics.h
/Applications/Xcode.app/Contents/Developer/Platforms/MacOSX.platform/Developer/SDKs/MacOSX26.1.sdk/System/Library/Frameworks/IOKit.framework/Headers/storage/IOGUIDPartitionScheme.h
/Applications/Xcode.app/Contents/Developer/Platforms/MacOSX.platform/Developer/SDKs/MacOSX26.1.sdk/System/Library/Frameworks/IOKit.framework/Headers/storage/IOBlockStorageDevice.h
/Applications/Xcode.app/Contents/Developer/Platforms/MacOSX.platform/Developer/SDKs/MacOSX26.1.sdk/System/Library/Frameworks/IOKit.framework/Headers/storage/IOMedia.h
/Applications/Xcode.app/Contents/Developer/Platforms/MacOSX.platform/Developer/SDKs/MacOSX26.1.sdk/System/Library/Frameworks/IOKit.framework/Headers/storage/IOBlockStorageDriver.h
/Applications/Xcode.app/Contents/Developer/Platforms/MacOSX.platform/Developer/SDKs/MacOSX26.1.sdk/System/Library/Frameworks/IOKit.framework/Headers/storage/IOMediaBSDClient.h
/Applications/Xcode.app/Contents/Developer/Platforms/MacOSX.platform/Developer/SDKs/MacOSX26.1.sdk/System/Library/Frameworks/IOKit.framework/Headers/storage/IOCDBlockStorageDevice.h
/Applications/Xcode.app/Contents/Developer/Platforms/MacOSX.platform/Developer/SDKs/MacOSX26.1.sdk/System/Library/Frameworks/IOKit.framework/Headers/storage/IOCDTypes.h
/Applications/Xcode.app/Contents/Developer/Platforms/MacOSX.platform/Developer/SDKs/MacOSX26.1.sdk/System/Library/Frameworks/IOKit.framework/Headers/storage/IOPartitionScheme.h
/Applications/Xcode.app/Contents/Developer/Platforms/MacOSX.platform/Developer/SDKs/MacOSX26.1.sdk/System/Library/Frameworks/IOKit.framework/Headers/storage/IOCDMedia.h
/Applications/Xcode.app/Contents/Developer/Platforms/MacOSX.platform/Developer/SDKs/MacOSX26.1.sdk/System/Library/Frameworks/IOKit.framework/Headers/storage/IOStorage.h
/Applications/Xcode.app/Contents/Developer/Platforms/MacOSX.platform/Developer/SDKs/MacOSX26.1.sdk/System/Library/Frameworks/IOKit.framework/Headers/storage/IOCDMediaBSDClient.h
/Applications/Xcode.app/Contents/Developer/Platforms/MacOSX.platform/Developer/SDKs/MacOSX26.1.sdk/System/Library/Frameworks/IOKit.framework/Headers/storage/IOStorageCardCharacteristics.h
/Applications/Xcode.app/Contents/Developer/Platforms/MacOSX.platform/Developer/SDKs/MacOSX26.1.sdk/System/Library/Frameworks/IOKit.framework/Headers/storage/IOCDPartitionScheme.h
/Applications/Xcode.app/Contents/Developer/Platforms/MacOSX.platform/Developer/SDKs/MacOSX26.1.sdk/System/Library/Frameworks/IOKit.framework/Headers/storage/IODVDBlockStorageDevice.h
/Applications/Xcode.app/Contents/Developer/Platforms/MacOSX.platform/Developer/SDKs/MacOSX26.1.sdk/System/Library/Frameworks/IOKit.framework/Headers/storage/IODVDMedia.h
/Applications/Xcode.app/Contents/Developer/Platforms/MacOSX.platform/Developer/SDKs/MacOSX26.1.sdk/System/Library/Frameworks/IOKit.framework/Headers/storage/ata/ATASMARTLib.h
/Applications/Xcode.app/Contents/Developer/Platforms/MacOSX.platform/Developer/SDKs/MacOSX26.1.sdk/System/Library/Frameworks/IOKit.framework/Headers/storage/ata/IOATAStorageDefines.h
/Applications/Xcode.app/Contents/Developer/Platforms/MacOSX.platform/Developer/SDKs/MacOSX26.1.sdk/System/Library/Frameworks/IOKit.framework/Headers/stream/IOStreamLib.h
/Applications/Xcode.app/Contents/Developer/Platforms/MacOSX.platform/Developer/SDKs/MacOSX26.1.sdk/System/Library/Frameworks/IOKit.framework/Headers/stream/IOStreamShared.h
/Applications/Xcode.app/Contents/Developer/Platforms/MacOSX.platform/Developer/SDKs/MacOSX26.1.sdk/System/Library/Frameworks/IOKit.framework/Headers/usb/AppleUSBDefinitions.h
/Applications/Xcode.app/Contents/Developer/Platforms/MacOSX.platform/Developer/SDKs/MacOSX26.1.sdk/System/Library/Frameworks/IOKit.framework/Headers/usb/IOUSBHostFamilyDefinitions.h
/Applications/Xcode.app/Contents/Developer/Platforms/MacOSX.platform/Developer/SDKs/MacOSX26.1.sdk/System/Library/Frameworks/IOKit.framework/Headers/usb/IOUSBLib.h
/Applications/Xcode.app/Contents/Developer/Platforms/MacOSX.platform/Developer/SDKs/MacOSX26.1.sdk/System/Library/Frameworks/IOKit.framework/Headers/usb/USB.h
/Applications/Xcode.app/Contents/Developer/Platforms/MacOSX.platform/Developer/SDKs/MacOSX26.1.sdk/System/Library/Frameworks/IOKit.framework/Headers/usb/USBSpec.h
/Applications/Xcode.app/Contents/Developer/Platforms/MacOSX.platform/Developer/SDKs/MacOSX26.1.sdk/SDKSettings.json
/Applications/Xcode.app/Contents/Developer/Platforms/MacOSX.platform/Developer/SDKs/MacOSX26.1.sdk/usr/include/DarwinBasic.modulemap
/Applications/Xcode.app/Contents/Developer/Platforms/MacOSX.platform/Developer/SDKs/MacOSX26.1.sdk/usr/include/Darwin.modulemap
/Applications/Xcode.app/Contents/Developer/Platforms/MacOSX.platform/Developer/SDKs/MacOSX26.1.sdk/usr/include/Darwin_C.modulemap
/Applications/Xcode.app/Contents/Developer/Platforms/MacOSX.platform/Developer/SDKs/MacOSX26.1.sdk/usr/include/Darwin_POSIX.modulemap
/Applications/Xcode.app/Contents/Developer/Platforms/MacOSX.platform/Developer/SDKs/MacOSX26.1.sdk/usr/include/net.modulemap
/Applications/Xcode.app/Contents/Developer/Platforms/MacOSX.platform/Developer/SDKs/MacOSX26.1.sdk/usr/include/netinet.modulemap
/Applications/Xcode.app/Contents/Developer/Platforms/MacOSX.platform/Developer/SDKs/MacOSX26.1.sdk/usr/include/bank.modulemap
/Applications/Xcode.app/Contents/Developer/Platforms/MacOSX.platform/Developer/SDKs/MacOSX26.1.sdk/usr/include/Darwin_Mach.modulemap
/Applications/Xcode.app/Contents/Developer/Platforms/MacOSX.platform/Developer/SDKs/MacOSX26.1.sdk/usr/include/Darwin_Mach_machine.modulemap
/Applications/Xcode.app/Contents/Developer/Platforms/MacOSX.platform/Developer/SDKs/MacOSX26.1.sdk/usr/include/mach_debug.modulemap
/Applications/Xcode.app/Contents/Developer/Platforms/MacOSX.platform/Developer/SDKs/MacOSX26.1.sdk/usr/include/device.modulemap
/Applications/Xcode.app/Contents/Developer/Platforms/MacOSX.platform/Developer/SDKs/MacOSX26.1.sdk/usr/include/Darwin_machine.modulemap
/Applications/Xcode.app/Contents/Developer/Platforms/MacOSX.platform/Developer/SDKs/MacOSX26.1.sdk/usr/include/ncurses.modulemap
/Applications/Xcode.app/Contents/Developer/Platforms/MacOSX.platform/Developer/SDKs/MacOSX26.1.sdk/usr/include/netinet6.modulemap
/Applications/Xcode.app/Contents/Developer/Platforms/MacOSX.platform/Developer/SDKs/MacOSX26.1.sdk/usr/include/Darwin_sys.modulemap
/Applications/Xcode.app/Contents/Developer/Platforms/MacOSX.platform/Developer/SDKs/MacOSX26.1.sdk/usr/include/uuid.modulemap
/Applications/Xcode.app/Contents/Developer/Platforms/MacOSX.platform/Developer/SDKs/MacOSX26.1.sdk/usr/include/DarwinFoundation2.modulemap
/Applications/Xcode.app/Contents/Developer/Platforms/MacOSX.platform/Developer/SDKs/MacOSX26.1.sdk/usr/include/DarwinFoundation3.modulemap
/Applications/Xcode.app/Contents/Developer/Platforms/MacOSX.platform/Developer/SDKs/MacOSX26.1.sdk/usr/include/DarwinFoundation1.modulemap
/Applications/Xcode.app/Contents/Developer/Platforms/MacOSX.platform/Developer/SDKs/MacOSX26.1.sdk/usr/include/mach-o/arch.h
/Applications/Xcode.app/Contents/Developer/Toolchains/XcodeDefault.xctoolchain/usr/lib/swift/clang/include/module.modulemap
/Applications/Xcode.app/Contents/Developer/Platforms/MacOSX.platform/Developer/SDKs/MacOSX26.1.sdk/usr/include/mach-o/arm/reloc.h
/Applications/Xcode.app/Contents/Developer/Platforms/MacOSX.platform/Developer/SDKs/MacOSX26.1.sdk/usr/include/mach-o/arm64/reloc.h
/Applications/Xcode.app/Contents/Developer/Platforms/MacOSX.platform/Developer/SDKs/MacOSX26.1.sdk/usr/include/mach-o/compact_unwind_encoding.h
/Applications/Xcode.app/Contents/Developer/Platforms/MacOSX.platform/Developer/SDKs/MacOSX26.1.sdk/usr/include/mach-o/dyld.h
/Applications/Xcode.app/Contents/Developer/Toolchains/XcodeDefault.xctoolchain/usr/lib/swift/clang/include/stddef.h
/Applications/Xcode.app/Contents/Developer/Platforms/MacOSX.platform/Developer/SDKs/MacOSX26.1.sdk/usr/include/mach-o/loader.h
/Applications/Xcode.app/Contents/Developer/Platforms/MacOSX.platform/Developer/SDKs/MacOSX26.1.sdk/usr/include/mach-o/dyld_images.h
/Applications/Xcode.app/Contents/Developer/Platforms/MacOSX.platform/Developer/SDKs/MacOSX26.1.sdk/usr/include/mach-o/fat.h
/Applications/Xcode.app/Contents/Developer/Platforms/MacOSX.platform/Developer/SDKs/MacOSX26.1.sdk/usr/include/mach-o/fixup-chains.h
/Applications/Xcode.app/Contents/Developer/Platforms/MacOSX.platform/Developer/SDKs/MacOSX26.1.sdk/usr/include/mach-o/getsect.h
/Applications/Xcode.app/Contents/Developer/Platforms/MacOSX.platform/Developer/SDKs/MacOSX26.1.sdk/usr/include/mach-o/ldsyms.h
/Applications/Xcode.app/Contents/Developer/Platforms/MacOSX.platform/Developer/SDKs/MacOSX26.1.sdk/usr/include/mach-o/nlist.h
/Applications/Xcode.app/Contents/Developer/Platforms/MacOSX.platform/Developer/SDKs/MacOSX26.1.sdk/usr/include/mach-o/ranlib.h
/Applications/Xcode.app/Contents/Developer/Platforms/MacOSX.platform/Developer/SDKs/MacOSX26.1.sdk/usr/include/mach-o/reloc.h
/Applications/Xcode.app/Contents/Developer/Platforms/MacOSX.platform/Developer/SDKs/MacOSX26.1.sdk/usr/include/mach-o/stab.h
/Applications/Xcode.app/Contents/Developer/Platforms/MacOSX.platform/Developer/SDKs/MacOSX26.1.sdk/usr/include/mach-o/swap.h
/Applications/Xcode.app/Contents/Developer/Platforms/MacOSX.platform/Developer/SDKs/MacOSX26.1.sdk/usr/include/mach-o/utils.h
/Applications/Xcode.app/Contents/Developer/Platforms/MacOSX.platform/Developer/SDKs/MacOSX26.1.sdk/usr/include/mach-o/x86_64/reloc.h
/Applications/Xcode.app/Contents/Developer/Platforms/MacOSX.platform/Developer/SDKs/MacOSX26.1.sdk/SDKSettings.json
/Applications/Xcode.app/Contents/Developer/Platforms/MacOSX.platform/Developer/SDKs/MacOSX26.1.sdk/usr/include/ObjectiveC.apinotes
/Applications/Xcode.app/Contents/Developer/Platforms/MacOSX.platform/Developer/SDKs/MacOSX26.1.sdk/usr/include/DarwinBasic.modulemap
/Applications/Xcode.app/Contents/Developer/Platforms/MacOSX.platform/Developer/SDKs/MacOSX26.1.sdk/usr/include/ObjectiveC.modulemap
/Applications/Xcode.app/Contents/Developer/Platforms/MacOSX.platform/Developer/SDKs/MacOSX26.1.sdk/usr/include/Darwin.modulemap
/Applications/Xcode.app/Contents/Developer/Platforms/MacOSX.platform/Developer/SDKs/MacOSX26.1.sdk/usr/include/Darwin_C.modulemap
/Applications/Xcode.app/Contents/Developer/Platforms/MacOSX.platform/Developer/SDKs/MacOSX26.1.sdk/usr/include/Darwin_POSIX.modulemap
/Applications/Xcode.app/Contents/Developer/Platforms/MacOSX.platform/Developer/SDKs/MacOSX26.1.sdk/usr/include/net.modulemap
/Applications/Xcode.app/Contents/Developer/Platforms/MacOSX.platform/Developer/SDKs/MacOSX26.1.sdk/usr/include/netinet.modulemap
/Applications/Xcode.app/Contents/Developer/Platforms/MacOSX.platform/Developer/SDKs/MacOSX26.1.sdk/usr/include/bank.modulemap
/Applications/Xcode.app/Contents/Developer/Platforms/MacOSX.platform/Developer/SDKs/MacOSX26.1.sdk/usr/include/Darwin_Mach.modulemap
/Applications/Xcode.app/Contents/Developer/Platforms/MacOSX.platform/Developer/SDKs/MacOSX26.1.sdk/usr/include/Darwin_Mach_machine.modulemap
/Applications/Xcode.app/Contents/Developer/Platforms/MacOSX.platform/Developer/SDKs/MacOSX26.1.sdk/usr/include/mach_debug.modulemap
/Applications/Xcode.app/Contents/Developer/Platforms/MacOSX.platform/Developer/SDKs/MacOSX26.1.sdk/usr/include/device.modulemap
/Applications/Xcode.app/Contents/Developer/Platforms/MacOSX.platform/Developer/SDKs/MacOSX26.1.sdk/usr/include/Darwin_machine.modulemap
/Applications/Xcode.app/Contents/Developer/Platforms/MacOSX.platform/Developer/SDKs/MacOSX26.1.sdk/usr/include/ncurses.modulemap
/Applications/Xcode.app/Contents/Developer/Platforms/MacOSX.platform/Developer/SDKs/MacOSX26.1.sdk/usr/include/netinet6.modulemap
/Applications/Xcode.app/Contents/Developer/Platforms/MacOSX.platform/Developer/SDKs/MacOSX26.1.sdk/usr/include/Darwin_sys.modulemap
/Applications/Xcode.app/Contents/Developer/Platforms/MacOSX.platform/Developer/SDKs/MacOSX26.1.sdk/usr/include/uuid.modulemap
/Applications/Xcode.app/Contents/Developer/Platforms/MacOSX.platform/Developer/SDKs/MacOSX26.1.sdk/usr/include/DarwinFoundation2.modulemap
/Applications/Xcode.app/Contents/Developer/Platforms/MacOSX.platform/Developer/SDKs/MacOSX26.1.sdk/usr/include/DarwinFoundation3.modulemap
/Applications/Xcode.app/Contents/Developer/Platforms/MacOSX.platform/Developer/SDKs/MacOSX26.1.sdk/usr/include/DarwinFoundation1.modulemap
/Applications/Xcode.app/Contents/Developer/Platforms/MacOSX.platform/Developer/SDKs/MacOSX26.1.sdk/usr/include/objc/List.h
/Applications/Xcode.app/Contents/Developer/Platforms/MacOSX.platform/Developer/SDKs/MacOSX26.1.sdk/usr/include/objc/NSObjCRuntime.h
/Applications/Xcode.app/Contents/Developer/Toolchains/XcodeDefault.xctoolchain/usr/lib/swift/clang/include/module.modulemap
/Applications/Xcode.app/Contents/Developer/Platforms/MacOSX.platform/Developer/SDKs/MacOSX26.1.sdk/usr/include/objc/objc.h
/Applications/Xcode.app/Contents/Developer/Platforms/MacOSX.platform/Developer/SDKs/MacOSX26.1.sdk/usr/include/stdlib.h
/Applications/Xcode.app/Contents/Developer/Platforms/MacOSX.platform/Developer/SDKs/MacOSX26.1.sdk/usr/include/objc/objc-api.h
/Applications/Xcode.app/Contents/Developer/Toolchains/XcodeDefault.xctoolchain/usr/lib/swift/clang/include/stddef.h
/Applications/Xcode.app/Contents/Developer/Platforms/MacOSX.platform/Developer/SDKs/MacOSX26.1.sdk/usr/include/objc/NSObject.h
/Applications/Xcode.app/Contents/Developer/Platforms/MacOSX.platform/Developer/SDKs/MacOSX26.1.sdk/usr/include/objc/Object.h
/Applications/Xcode.app/Contents/Developer/Toolchains/XcodeDefault.xctoolchain/usr/lib/swift/clang/include/stdarg.h
/Applications/Xcode.app/Contents/Developer/Platforms/MacOSX.platform/Developer/SDKs/MacOSX26.1.sdk/usr/include/objc/objc-runtime.h
/Applications/Xcode.app/Contents/Developer/Platforms/MacOSX.platform/Developer/SDKs/MacOSX26.1.sdk/usr/include/objc/runtime.h
/Applications/Xcode.app/Contents/Developer/Platforms/MacOSX.platform/Developer/SDKs/MacOSX26.1.sdk/usr/include/objc/message.h
/Applications/Xcode.app/Contents/Developer/Platforms/MacOSX.platform/Developer/SDKs/MacOSX26.1.sdk/usr/include/objc/Protocol.h
/Applications/Xcode.app/Contents/Developer/Platforms/MacOSX.platform/Developer/SDKs/MacOSX26.1.sdk/usr/include/objc/hashtable.h
/Applications/Xcode.app/Contents/Developer/Platforms/MacOSX.platform/Developer/SDKs/MacOSX26.1.sdk/usr/include/objc/hashtable2.h
/Applications/Xcode.app/Contents/Developer/Platforms/MacOSX.platform/Developer/SDKs/MacOSX26.1.sdk/usr/include/objc/objc-auto.h
/Applications/Xcode.app/Contents/Developer/Platforms/MacOSX.platform/Developer/SDKs/MacOSX26.1.sdk/usr/include/string.h
/Applications/Xcode.app/Contents/Developer/Platforms/MacOSX.platform/Developer/SDKs/MacOSX26.1.sdk/usr/include/objc/objc-class.h
/Applications/Xcode.app/Contents/Developer/Platforms/MacOSX.platform/Developer/SDKs/MacOSX26.1.sdk/usr/include/objc/objc-exception.h
/Applications/Xcode.app/Contents/Developer/Platforms/MacOSX.platform/Developer/SDKs/MacOSX26.1.sdk/usr/include/objc/objc-load.h
/Applications/Xcode.app/Contents/Developer/Platforms/MacOSX.platform/Developer/SDKs/MacOSX26.1.sdk/usr/include/objc/objc-sync.h
/Applications/Xcode.app/Contents/Developer/Platforms/MacOSX.platform/Developer/SDKs/MacOSX26.1.sdk/SDKSettings.json
/Applications/Xcode.app/Contents/Developer/Toolchains/XcodeDefault.xctoolchain/usr/lib/swift/macosx/prebuilt-modules/26.1/ObjectiveC.swiftmodule/arm64e-apple-macos.swiftmodule
/Applications/Xcode.app/Contents/Developer/Toolchains/XcodeDefault.xctoolchain/usr/lib/swift/macosx/prebuilt-modules/26.1/Observation.swiftmodule/arm64e-apple-macos.swiftmodule
/Applications/Xcode.app/Contents/Developer/Platforms/MacOSX.platform/Developer/SDKs/MacOSX26.1.sdk/System/Library/Frameworks/Security.framework/Headers/Security.apinotes
/Applications/Xcode.app/Contents/Developer/Platforms/MacOSX.platform/Developer/SDKs/MacOSX26.1.sdk/System/Library/Frameworks/Security.framework/Modules/module.modulemap
/Applications/Xcode.app/Contents/Developer/Platforms/MacOSX.platform/Developer/SDKs/MacOSX26.1.sdk/System/Library/Frameworks/Security.framework/Headers/Security.h
/Applications/Xcode.app/Contents/Developer/Platforms/MacOSX.platform/Developer/SDKs/MacOSX26.1.sdk/System/Library/Frameworks/Security.framework/Headers/SecBase.h
/Applications/Xcode.app/Contents/Developer/Platforms/MacOSX.platform/Developer/SDKs/MacOSX26.1.sdk/usr/include/xpc.modulemap
/Applications/Xcode.app/Contents/Developer/Platforms/MacOSX.platform/Developer/SDKs/MacOSX26.1.sdk/usr/include/dispatch.modulemap
/Applications/Xcode.app/Contents/Developer/Platforms/MacOSX.platform/Developer/SDKs/MacOSX26.1.sdk/usr/include/os.modulemap
/Applications/Xcode.app/Contents/Developer/Platforms/MacOSX.platform/Developer/SDKs/MacOSX26.1.sdk/usr/include/Darwin.modulemap
/Applications/Xcode.app/Contents/Developer/Platforms/MacOSX.platform/Developer/SDKs/MacOSX26.1.sdk/usr/include/Darwin_C.modulemap
/Applications/Xcode.app/Contents/Developer/Platforms/MacOSX.platform/Developer/SDKs/MacOSX26.1.sdk/usr/include/Darwin_POSIX.modulemap
/Applications/Xcode.app/Contents/Developer/Platforms/MacOSX.platform/Developer/SDKs/MacOSX26.1.sdk/usr/include/net.modulemap
/Applications/Xcode.app/Contents/Developer/Platforms/MacOSX.platform/Developer/SDKs/MacOSX26.1.sdk/usr/include/netinet.modulemap
/Applications/Xcode.app/Contents/Developer/Platforms/MacOSX.platform/Developer/SDKs/MacOSX26.1.sdk/usr/include/bank.modulemap
/Applications/Xcode.app/Contents/Developer/Platforms/MacOSX.platform/Developer/SDKs/MacOSX26.1.sdk/usr/include/Darwin_Mach.modulemap
/Applications/Xcode.app/Contents/Developer/Platforms/MacOSX.platform/Developer/SDKs/MacOSX26.1.sdk/usr/include/Darwin_Mach_machine.modulemap
/Applications/Xcode.app/Contents/Developer/Platforms/MacOSX.platform/Developer/SDKs/MacOSX26.1.sdk/usr/include/mach_debug.modulemap
/Applications/Xcode.app/Contents/Developer/Platforms/MacOSX.platform/Developer/SDKs/MacOSX26.1.sdk/usr/include/device.modulemap
/Applications/Xcode.app/Contents/Developer/Platforms/MacOSX.platform/Developer/SDKs/MacOSX26.1.sdk/usr/include/Darwin_machine.modulemap
/Applications/Xcode.app/Contents/Developer/Platforms/MacOSX.platform/Developer/SDKs/MacOSX26.1.sdk/usr/include/ncurses.modulemap
/Applications/Xcode.app/Contents/Developer/Platforms/MacOSX.platform/Developer/SDKs/MacOSX26.1.sdk/usr/include/netinet6.modulemap
/Applications/Xcode.app/Contents/Developer/Platforms/MacOSX.platform/Developer/SDKs/MacOSX26.1.sdk/usr/include/Darwin_sys.modulemap
/Applications/Xcode.app/Contents/Developer/Platforms/MacOSX.platform/Developer/SDKs/MacOSX26.1.sdk/usr/include/uuid.modulemap
/Applications/Xcode.app/Contents/Developer/Platforms/MacOSX.platform/Developer/SDKs/MacOSX26.1.sdk/usr/include/DarwinFoundation2.modulemap
/Applications/Xcode.app/Contents/Developer/Platforms/MacOSX.platform/Developer/SDKs/MacOSX26.1.sdk/usr/include/DarwinFoundation3.modulemap
/Applications/Xcode.app/Contents/Developer/Platforms/MacOSX.platform/Developer/SDKs/MacOSX26.1.sdk/usr/include/DarwinFoundation1.modulemap
/Applications/Xcode.app/Contents/Developer/Platforms/MacOSX.platform/Developer/SDKs/MacOSX26.1.sdk/System/Library/Frameworks/CoreFoundation.framework/Modules/module.modulemap
/Applications/Xcode.app/Contents/Developer/Platforms/MacOSX.platform/Developer/SDKs/MacOSX26.1.sdk/System/Library/Frameworks/Security.framework/Headers/SecCertificate.h
/Applications/Xcode.app/Contents/Developer/Platforms/MacOSX.platform/Developer/SDKs/MacOSX26.1.sdk/System/Library/Frameworks/Security.framework/Headers/cssmtype.h
/Applications/Xcode.app/Contents/Developer/Platforms/MacOSX.platform/Developer/SDKs/MacOSX26.1.sdk/System/Library/Frameworks/Security.framework/Headers/cssmconfig.h
/Applications/Xcode.app/Contents/Developer/Toolchains/XcodeDefault.xctoolchain/usr/lib/swift/clang/include/module.modulemap
/Applications/Xcode.app/Contents/Developer/Platforms/MacOSX.platform/Developer/SDKs/MacOSX26.1.sdk/System/Library/Frameworks/Security.framework/Headers/SecAsn1Types.h
/Applications/Xcode.app/Contents/Developer/Platforms/MacOSX.platform/Developer/SDKs/MacOSX26.1.sdk/System/Library/Frameworks/Security.framework/Headers/x509defs.h
/Applications/Xcode.app/Contents/Developer/Platforms/MacOSX.platform/Developer/SDKs/MacOSX26.1.sdk/System/Library/Frameworks/Security.framework/Headers/SecIdentity.h
/Applications/Xcode.app/Contents/Developer/Platforms/MacOSX.platform/Developer/SDKs/MacOSX26.1.sdk/System/Library/Frameworks/Security.framework/Headers/SecAccessControl.h
/Applications/Xcode.app/Contents/Developer/Platforms/MacOSX.platform/Developer/SDKs/MacOSX26.1.sdk/System/Library/Frameworks/Security.framework/Headers/SecItem.h
/Applications/Xcode.app/Contents/Developer/Platforms/MacOSX.platform/Developer/SDKs/MacOSX26.1.sdk/System/Library/Frameworks/Security.framework/Headers/SecKey.h
/Applications/Xcode.app/Contents/Developer/Platforms/MacOSX.platform/Developer/SDKs/MacOSX26.1.sdk/System/Library/Frameworks/Security.framework/Headers/SecAccess.h
/Applications/Xcode.app/Contents/Developer/Platforms/MacOSX.platform/Developer/SDKs/MacOSX26.1.sdk/System/Library/Frameworks/Security.framework/Headers/SecPolicy.h
/Applications/Xcode.app/Contents/Developer/Platforms/MacOSX.platform/Developer/SDKs/MacOSX26.1.sdk/System/Library/Frameworks/Security.framework/Headers/SecRandom.h
/Applications/Xcode.app/Contents/Developer/Platforms/MacOSX.platform/Developer/SDKs/MacOSX26.1.sdk/System/Library/Frameworks/Security.framework/Headers/SecImportExport.h
/Applications/Xcode.app/Contents/Developer/Platforms/MacOSX.platform/Developer/SDKs/MacOSX26.1.sdk/System/Library/Frameworks/Security.framework/Headers/SecKeychain.h
/Applications/Xcode.app/Contents/Developer/Platforms/MacOSX.platform/Developer/SDKs/MacOSX26.1.sdk/System/Library/Frameworks/Security.framework/Headers/cssmapple.h
/Applications/Xcode.app/Contents/Developer/Platforms/MacOSX.platform/Developer/SDKs/MacOSX26.1.sdk/System/Library/Frameworks/Security.framework/Headers/cssmerr.h
/Applications/Xcode.app/Contents/Developer/Platforms/MacOSX.platform/Developer/SDKs/MacOSX26.1.sdk/System/Library/Frameworks/Security.framework/Headers/certextensions.h
/Applications/Xcode.app/Contents/Developer/Platforms/MacOSX.platform/Developer/SDKs/MacOSX26.1.sdk/System/Library/Frameworks/Security.framework/Headers/SecTrust.h
/Applications/Xcode.app/Contents/Developer/Platforms/MacOSX.platform/Developer/SDKs/MacOSX26.1.sdk/System/Library/Frameworks/Security.framework/Headers/SecSharedCredential.h
/Applications/Xcode.app/Contents/Developer/Platforms/MacOSX.platform/Developer/SDKs/MacOSX26.1.sdk/System/Library/Frameworks/Security.framework/Headers/SecProtocolOptions.h
/Applications/Xcode.app/Contents/Developer/Platforms/MacOSX.platform/Developer/SDKs/MacOSX26.1.sdk/System/Library/Frameworks/Security.framework/Headers/SecProtocolObject.h
/Applications/Xcode.app/Contents/Developer/Platforms/MacOSX.platform/Developer/SDKs/MacOSX26.1.sdk/System/Library/Frameworks/Security.framework/Headers/SecProtocolTypes.h
/Applications/Xcode.app/Contents/Developer/Platforms/MacOSX.platform/Developer/SDKs/MacOSX26.1.sdk/System/Library/Frameworks/Security.framework/Headers/CipherSuite.h
/Applications/Xcode.app/Contents/Developer/Platforms/MacOSX.platform/Developer/SDKs/MacOSX26.1.sdk/System/Library/Frameworks/Security.framework/Headers/SecProtocolMetadata.h
/Applications/Xcode.app/Contents/Developer/Platforms/MacOSX.platform/Developer/SDKs/MacOSX26.1.sdk/System/Library/Frameworks/Security.framework/Headers/AuthSession.h
/Applications/Xcode.app/Contents/Developer/Platforms/MacOSX.platform/Developer/SDKs/MacOSX26.1.sdk/System/Library/Frameworks/Security.framework/Headers/Authorization.h
/Applications/Xcode.app/Contents/Developer/Platforms/MacOSX.platform/Developer/SDKs/MacOSX26.1.sdk/usr/include/stdio.h
/Applications/Xcode.app/Contents/Developer/Platforms/MacOSX.platform/Developer/SDKs/MacOSX26.1.sdk/System/Library/Frameworks/Security.framework/Headers/cssm.h
/Applications/Xcode.app/Contents/Developer/Platforms/MacOSX.platform/Developer/SDKs/MacOSX26.1.sdk/System/Library/Frameworks/Security.framework/Headers/emmtype.h
/Applications/Xcode.app/Contents/Developer/Platforms/MacOSX.platform/Developer/SDKs/MacOSX26.1.sdk/System/Library/Frameworks/Security.framework/Headers/cssmapi.h
/Applications/Xcode.app/Contents/Developer/Platforms/MacOSX.platform/Developer/SDKs/MacOSX26.1.sdk/System/Library/Frameworks/Security.framework/Headers/cssmaci.h
/Applications/Xcode.app/Contents/Developer/Platforms/MacOSX.platform/Developer/SDKs/MacOSX26.1.sdk/System/Library/Frameworks/Security.framework/Headers/cssmcli.h
/Applications/Xcode.app/Contents/Developer/Platforms/MacOSX.platform/Developer/SDKs/MacOSX26.1.sdk/System/Library/Frameworks/Security.framework/Headers/cssmcspi.h
/Applications/Xcode.app/Contents/Developer/Platforms/MacOSX.platform/Developer/SDKs/MacOSX26.1.sdk/System/Library/Frameworks/Security.framework/Headers/cssmspi.h
/Applications/Xcode.app/Contents/Developer/Platforms/MacOSX.platform/Developer/SDKs/MacOSX26.1.sdk/System/Library/Frameworks/Security.framework/Headers/cssmdli.h
/Applications/Xcode.app/Contents/Developer/Platforms/MacOSX.platform/Developer/SDKs/MacOSX26.1.sdk/System/Library/Frameworks/Security.framework/Headers/cssmkrapi.h
/Applications/Xcode.app/Contents/Developer/Platforms/MacOSX.platform/Developer/SDKs/MacOSX26.1.sdk/System/Library/Frameworks/Security.framework/Headers/cssmkrspi.h
/Applications/Xcode.app/Contents/Developer/Platforms/MacOSX.platform/Developer/SDKs/MacOSX26.1.sdk/System/Library/Frameworks/Security.framework/Headers/cssmtpi.h
/Applications/Xcode.app/Contents/Developer/Platforms/MacOSX.platform/Developer/SDKs/MacOSX26.1.sdk/System/Library/Frameworks/Security.framework/Headers/emmspi.h
/Applications/Xcode.app/Contents/Developer/Platforms/MacOSX.platform/Developer/SDKs/MacOSX26.1.sdk/System/Library/Frameworks/Security.framework/Headers/mds.h
/Applications/Xcode.app/Contents/Developer/Platforms/MacOSX.platform/Developer/SDKs/MacOSX26.1.sdk/System/Library/Frameworks/Security.framework/Headers/mds_schema.h
/Applications/Xcode.app/Contents/Developer/Platforms/MacOSX.platform/Developer/SDKs/MacOSX26.1.sdk/System/Library/Frameworks/Security.framework/Headers/oidsalg.h
/Applications/Xcode.app/Contents/Developer/Platforms/MacOSX.platform/Developer/SDKs/MacOSX26.1.sdk/System/Library/Frameworks/Security.framework/Headers/oidsattr.h
/Applications/Xcode.app/Contents/Developer/Platforms/MacOSX.platform/Developer/SDKs/MacOSX26.1.sdk/System/Library/Frameworks/Security.framework/Headers/oidsbase.h
/Applications/Xcode.app/Contents/Developer/Platforms/MacOSX.platform/Developer/SDKs/MacOSX26.1.sdk/System/Library/Frameworks/Security.framework/Headers/oidscert.h
/Applications/Xcode.app/Contents/Developer/Platforms/MacOSX.platform/Developer/SDKs/MacOSX26.1.sdk/System/Library/Frameworks/Security.framework/Headers/oidscrl.h
/Applications/Xcode.app/Contents/Developer/Platforms/MacOSX.platform/Developer/SDKs/MacOSX26.1.sdk/System/Library/Frameworks/Security.framework/Headers/SecACL.h
/Applications/Xcode.app/Contents/Developer/Platforms/MacOSX.platform/Developer/SDKs/MacOSX26.1.sdk/System/Library/Frameworks/Security.framework/Headers/SecCertificateOIDs.h
/Applications/Xcode.app/Contents/Developer/Platforms/MacOSX.platform/Developer/SDKs/MacOSX26.1.sdk/System/Library/Frameworks/Security.framework/Headers/SecIdentitySearch.h
/Applications/Xcode.app/Contents/Developer/Platforms/MacOSX.platform/Developer/SDKs/MacOSX26.1.sdk/System/Library/Frameworks/Security.framework/Headers/SecKeychainItem.h
/Applications/Xcode.app/Contents/Developer/Platforms/MacOSX.platform/Developer/SDKs/MacOSX26.1.sdk/System/Library/Frameworks/Security.framework/Headers/SecKeychainSearch.h
/Applications/Xcode.app/Contents/Developer/Platforms/MacOSX.platform/Developer/SDKs/MacOSX26.1.sdk/System/Library/Frameworks/Security.framework/Headers/SecPolicySearch.h
/Applications/Xcode.app/Contents/Developer/Platforms/MacOSX.platform/Developer/SDKs/MacOSX26.1.sdk/System/Library/Frameworks/Security.framework/Headers/SecTrustedApplication.h
/Applications/Xcode.app/Contents/Developer/Platforms/MacOSX.platform/Developer/SDKs/MacOSX26.1.sdk/System/Library/Frameworks/Security.framework/Headers/SecTrustSettings.h
/Applications/Xcode.app/Contents/Developer/Platforms/MacOSX.platform/Developer/SDKs/MacOSX26.1.sdk/System/Library/Frameworks/Security.framework/Headers/SecStaticCode.h
/Applications/Xcode.app/Contents/Developer/Platforms/MacOSX.platform/Developer/SDKs/MacOSX26.1.sdk/System/Library/Frameworks/Security.framework/Headers/CSCommon.h
/Applications/Xcode.app/Contents/Developer/Platforms/MacOSX.platform/Developer/SDKs/MacOSX26.1.sdk/System/Library/Frameworks/Security.framework/Headers/SecCode.h
/Applications/Xcode.app/Contents/Developer/Platforms/MacOSX.platform/Developer/SDKs/MacOSX26.1.sdk/System/Library/Frameworks/Security.framework/Headers/SecCodeHost.h
/Applications/Xcode.app/Contents/Developer/Platforms/MacOSX.platform/Developer/SDKs/MacOSX26.1.sdk/System/Library/Frameworks/Security.framework/Headers/SecRequirement.h
/Applications/Xcode.app/Contents/Developer/Platforms/MacOSX.platform/Developer/SDKs/MacOSX26.1.sdk/System/Library/Frameworks/Security.framework/Headers/SecTask.h
/Applications/Xcode.app/Contents/Developer/Platforms/MacOSX.platform/Developer/SDKs/MacOSX26.1.sdk/System/Library/Frameworks/Security.framework/Headers/AuthorizationTags.h
/Applications/Xcode.app/Contents/Developer/Platforms/MacOSX.platform/Developer/SDKs/MacOSX26.1.sdk/System/Library/Frameworks/Security.framework/Headers/AuthorizationDB.h
/Applications/Xcode.app/Contents/Developer/Platforms/MacOSX.platform/Developer/SDKs/MacOSX26.1.sdk/System/Library/Frameworks/Security.framework/Headers/CMSDecoder.h
/Applications/Xcode.app/Contents/Developer/Platforms/MacOSX.platform/Developer/SDKs/MacOSX26.1.sdk/System/Library/Frameworks/Security.framework/Headers/CMSEncoder.h
/Applications/Xcode.app/Contents/Developer/Platforms/MacOSX.platform/Developer/SDKs/MacOSX26.1.sdk/System/Library/Frameworks/Security.framework/Headers/SecureTransport.h
/Applications/Xcode.app/Contents/Developer/Platforms/MacOSX.platform/Developer/SDKs/MacOSX26.1.sdk/System/Library/Frameworks/Security.framework/Headers/SecTransform.h
/Applications/Xcode.app/Contents/Developer/Platforms/MacOSX.platform/Developer/SDKs/MacOSX26.1.sdk/System/Library/Frameworks/Security.framework/Headers/SecCustomTransform.h
/Applications/Xcode.app/Contents/Developer/Platforms/MacOSX.platform/Developer/SDKs/MacOSX26.1.sdk/System/Library/Frameworks/Security.framework/Headers/SecDecodeTransform.h
/Applications/Xcode.app/Contents/Developer/Platforms/MacOSX.platform/Developer/SDKs/MacOSX26.1.sdk/System/Library/Frameworks/Security.framework/Headers/SecEncodeTransform.h
/Applications/Xcode.app/Contents/Developer/Platforms/MacOSX.platform/Developer/SDKs/MacOSX26.1.sdk/System/Library/Frameworks/Security.framework/Headers/SecDigestTransform.h
/Applications/Xcode.app/Contents/Developer/Platforms/MacOSX.platform/Developer/SDKs/MacOSX26.1.sdk/System/Library/Frameworks/Security.framework/Headers/SecEncryptTransform.h
/Applications/Xcode.app/Contents/Developer/Platforms/MacOSX.platform/Developer/SDKs/MacOSX26.1.sdk/System/Library/Frameworks/Security.framework/Headers/SecSignVerifyTransform.h
/Applications/Xcode.app/Contents/Developer/Platforms/MacOSX.platform/Developer/SDKs/MacOSX26.1.sdk/System/Library/Frameworks/Security.framework/Headers/SecReadTransform.h
/Applications/Xcode.app/Contents/Developer/Platforms/MacOSX.platform/Developer/SDKs/MacOSX26.1.sdk/System/Library/Frameworks/Security.framework/Headers/SecTransformReadTransform.h
/Applications/Xcode.app/Contents/Developer/Platforms/MacOSX.platform/Developer/SDKs/MacOSX26.1.sdk/System/Library/Frameworks/Security.framework/Headers/oids.h
/Applications/Xcode.app/Contents/Developer/Platforms/MacOSX.platform/Developer/SDKs/MacOSX26.1.sdk/usr/include/libDER/module.modulemap
/Applications/Xcode.app/Contents/Developer/Platforms/MacOSX.platform/Developer/SDKs/MacOSX26.1.sdk/usr/include/string.h
/Applications/Xcode.app/Contents/Developer/Platforms/MacOSX.platform/Developer/SDKs/MacOSX26.1.sdk/System/Library/Frameworks/Security.framework/Headers/AuthorizationPlugin.h
/Applications/Xcode.app/Contents/Developer/Platforms/MacOSX.platform/Developer/SDKs/MacOSX26.1.sdk/System/Library/Frameworks/Security.framework/Headers/CodeSigning.h
/Applications/Xcode.app/Contents/Developer/Platforms/MacOSX.platform/Developer/SDKs/MacOSX26.1.sdk/System/Library/Frameworks/Security.framework/Headers/eisl.h
/Applications/Xcode.app/Contents/Developer/Platforms/MacOSX.platform/Developer/SDKs/MacOSX26.1.sdk/System/Library/Frameworks/Security.framework/Headers/SecAsn1Coder.h
/Applications/Xcode.app/Contents/Developer/Platforms/MacOSX.platform/Developer/SDKs/MacOSX26.1.sdk/System/Library/Frameworks/Security.framework/Headers/SecAsn1Templates.h
/Applications/Xcode.app/Contents/Developer/Platforms/MacOSX.platform/Developer/SDKs/MacOSX26.1.sdk/System/Library/Frameworks/Security.framework/Headers/SecureDownload.h
/Applications/Xcode.app/Contents/Developer/Platforms/MacOSX.platform/Developer/SDKs/MacOSX26.1.sdk/SDKSettings.json
/Applications/Xcode.app/Contents/Developer/Toolchains/XcodeDefault.xctoolchain/usr/lib/swift/macosx/prebuilt-modules/26.1/Swift.swiftmodule/arm64e-apple-macos.swiftmodule
/Applications/Xcode.app/Contents/Developer/Toolchains/XcodeDefault.xctoolchain/usr/lib/swift/macosx/prebuilt-modules/26.1/SwiftOnoneSupport.swiftmodule/arm64e-apple-macos.swiftmodule
/Applications/Xcode.app/Contents/Developer/Platforms/MacOSX.platform/Developer/SDKs/MacOSX26.1.sdk/usr/lib/swift/shims/module.modulemap
/Applications/Xcode.app/Contents/Developer/Platforms/MacOSX.platform/Developer/SDKs/MacOSX26.1.sdk/usr/lib/swift/shims/AssertionReporting.h
/Applications/Xcode.app/Contents/Developer/Platforms/MacOSX.platform/Developer/SDKs/MacOSX26.1.sdk/usr/lib/swift/shims/SwiftStdint.h
/Applications/Xcode.app/Contents/Developer/Platforms/MacOSX.platform/Developer/SDKs/MacOSX26.1.sdk/usr/lib/swift/shims/Visibility.h
/Applications/Xcode.app/Contents/Developer/Platforms/MacOSX.platform/Developer/SDKs/MacOSX26.1.sdk/usr/lib/swift/shims/CoreFoundationShims.h
/Applications/Xcode.app/Contents/Developer/Platforms/MacOSX.platform/Developer/SDKs/MacOSX26.1.sdk/usr/lib/swift/shims/ObjCShims.h
/Applications/Xcode.app/Contents/Developer/Platforms/MacOSX.platform/Developer/SDKs/MacOSX26.1.sdk/usr/lib/swift/shims/EmbeddedShims.h
/Applications/Xcode.app/Contents/Developer/Platforms/MacOSX.platform/Developer/SDKs/MacOSX26.1.sdk/usr/lib/swift/shims/SwiftStddef.h
/Applications/Xcode.app/Contents/Developer/Platforms/MacOSX.platform/Developer/SDKs/MacOSX26.1.sdk/usr/lib/swift/shims/FoundationShims.h
/Applications/Xcode.app/Contents/Developer/Platforms/MacOSX.platform/Developer/SDKs/MacOSX26.1.sdk/usr/lib/swift/shims/GlobalObjects.h
/Applications/Xcode.app/Contents/Developer/Platforms/MacOSX.platform/Developer/SDKs/MacOSX26.1.sdk/usr/lib/swift/shims/SwiftStdbool.h
/Applications/Xcode.app/Contents/Developer/Platforms/MacOSX.platform/Developer/SDKs/MacOSX26.1.sdk/usr/lib/swift/shims/HeapObject.h
/Applications/Xcode.app/Contents/Developer/Platforms/MacOSX.platform/Developer/SDKs/MacOSX26.1.sdk/usr/lib/swift/shims/RefCount.h
/Applications/Xcode.app/Contents/Developer/Platforms/MacOSX.platform/Developer/SDKs/MacOSX26.1.sdk/usr/lib/swift/shims/System.h
/Applications/Xcode.app/Contents/Developer/Platforms/MacOSX.platform/Developer/SDKs/MacOSX26.1.sdk/usr/lib/swift/shims/Target.h
/Applications/Xcode.app/Contents/Developer/Platforms/MacOSX.platform/Developer/SDKs/MacOSX26.1.sdk/usr/lib/swift/shims/KeyPath.h
/Applications/Xcode.app/Contents/Developer/Platforms/MacOSX.platform/Developer/SDKs/MacOSX26.1.sdk/usr/lib/swift/shims/LibcShims.h
/Applications/Xcode.app/Contents/Developer/Platforms/MacOSX.platform/Developer/SDKs/MacOSX26.1.sdk/usr/lib/swift/shims/MetadataSections.h
/Applications/Xcode.app/Contents/Developer/Platforms/MacOSX.platform/Developer/SDKs/MacOSX26.1.sdk/usr/lib/swift/shims/Random.h
/Applications/Xcode.app/Contents/Developer/Platforms/MacOSX.platform/Developer/SDKs/MacOSX26.1.sdk/usr/lib/swift/shims/Reflection.h
/Applications/Xcode.app/Contents/Developer/Platforms/MacOSX.platform/Developer/SDKs/MacOSX26.1.sdk/usr/lib/swift/shims/RuntimeShims.h
/Applications/Xcode.app/Contents/Developer/Platforms/MacOSX.platform/Developer/SDKs/MacOSX26.1.sdk/usr/lib/swift/shims/RuntimeStubs.h
/Applications/Xcode.app/Contents/Developer/Platforms/MacOSX.platform/Developer/SDKs/MacOSX26.1.sdk/usr/lib/swift/shims/ThreadLocalStorage.h
/Applications/Xcode.app/Contents/Developer/Platforms/MacOSX.platform/Developer/SDKs/MacOSX26.1.sdk/usr/lib/swift/shims/UnicodeData.h
/Applications/Xcode.app/Contents/Developer/Platforms/MacOSX.platform/Developer/SDKs/MacOSX26.1.sdk/SDKSettings.json
/Applications/Xcode.app/Contents/Developer/Toolchains/XcodeDefault.xctoolchain/usr/lib/swift/macosx/prebuilt-modules/26.1/System.swiftmodule/arm64e-apple-macos.swiftmodule
/Applications/Xcode.app/Contents/Developer/Platforms/MacOSX.platform/Developer/SDKs/MacOSX26.1.sdk/usr/include/XPC.apinotes
/Applications/Xcode.app/Contents/Developer/Platforms/MacOSX.platform/Developer/SDKs/MacOSX26.1.sdk/usr/include/launch.modulemap
/Applications/Xcode.app/Contents/Developer/Platforms/MacOSX.platform/Developer/SDKs/MacOSX26.1.sdk/usr/include/xpc.modulemap
/Applications/Xcode.app/Contents/Developer/Platforms/MacOSX.platform/Developer/SDKs/MacOSX26.1.sdk/usr/include/dispatch.modulemap
/Applications/Xcode.app/Contents/Developer/Platforms/MacOSX.platform/Developer/SDKs/MacOSX26.1.sdk/usr/include/os.modulemap
/Applications/Xcode.app/Contents/Developer/Platforms/MacOSX.platform/Developer/SDKs/MacOSX26.1.sdk/usr/include/Darwin.modulemap
/Applications/Xcode.app/Contents/Developer/Platforms/MacOSX.platform/Developer/SDKs/MacOSX26.1.sdk/usr/include/Darwin_C.modulemap
/Applications/Xcode.app/Contents/Developer/Platforms/MacOSX.platform/Developer/SDKs/MacOSX26.1.sdk/usr/include/Darwin_POSIX.modulemap
/Applications/Xcode.app/Contents/Developer/Platforms/MacOSX.platform/Developer/SDKs/MacOSX26.1.sdk/usr/include/net.modulemap
/Applications/Xcode.app/Contents/Developer/Platforms/MacOSX.platform/Developer/SDKs/MacOSX26.1.sdk/usr/include/netinet.modulemap
/Applications/Xcode.app/Contents/Developer/Platforms/MacOSX.platform/Developer/SDKs/MacOSX26.1.sdk/usr/include/bank.modulemap
/Applications/Xcode.app/Contents/Developer/Platforms/MacOSX.platform/Developer/SDKs/MacOSX26.1.sdk/usr/include/Darwin_Mach.modulemap
/Applications/Xcode.app/Contents/Developer/Platforms/MacOSX.platform/Developer/SDKs/MacOSX26.1.sdk/usr/include/Darwin_Mach_machine.modulemap
/Applications/Xcode.app/Contents/Developer/Platforms/MacOSX.platform/Developer/SDKs/MacOSX26.1.sdk/usr/include/mach_debug.modulemap
/Applications/Xcode.app/Contents/Developer/Platforms/MacOSX.platform/Developer/SDKs/MacOSX26.1.sdk/usr/include/device.modulemap
/Applications/Xcode.app/Contents/Developer/Platforms/MacOSX.platform/Developer/SDKs/MacOSX26.1.sdk/usr/include/Darwin_machine.modulemap
/Applications/Xcode.app/Contents/Developer/Platforms/MacOSX.platform/Developer/SDKs/MacOSX26.1.sdk/usr/include/ncurses.modulemap
/Applications/Xcode.app/Contents/Developer/Platforms/MacOSX.platform/Developer/SDKs/MacOSX26.1.sdk/usr/include/netinet6.modulemap
/Applications/Xcode.app/Contents/Developer/Platforms/MacOSX.platform/Developer/SDKs/MacOSX26.1.sdk/usr/include/Darwin_sys.modulemap
/Applications/Xcode.app/Contents/Developer/Platforms/MacOSX.platform/Developer/SDKs/MacOSX26.1.sdk/usr/include/uuid.modulemap
/Applications/Xcode.app/Contents/Developer/Platforms/MacOSX.platform/Developer/SDKs/MacOSX26.1.sdk/usr/include/DarwinFoundation2.modulemap
/Applications/Xcode.app/Contents/Developer/Platforms/MacOSX.platform/Developer/SDKs/MacOSX26.1.sdk/usr/include/DarwinFoundation3.modulemap
/Applications/Xcode.app/Contents/Developer/Platforms/MacOSX.platform/Developer/SDKs/MacOSX26.1.sdk/usr/include/DarwinFoundation1.modulemap
/Applications/Xcode.app/Contents/Developer/Platforms/MacOSX.platform/Developer/SDKs/MacOSX26.1.sdk/usr/include/xpc/xpc.h
/Applications/Xcode.app/Contents/Developer/Toolchains/XcodeDefault.xctoolchain/usr/lib/swift/clang/include/module.modulemap
/Applications/Xcode.app/Contents/Developer/Toolchains/XcodeDefault.xctoolchain/usr/lib/swift/clang/include/stdarg.h
/Applications/Xcode.app/Contents/Developer/Platforms/MacOSX.platform/Developer/SDKs/MacOSX26.1.sdk/usr/include/stdlib.h
/Applications/Xcode.app/Contents/Developer/Platforms/MacOSX.platform/Developer/SDKs/MacOSX26.1.sdk/usr/include/stdio.h
/Applications/Xcode.app/Contents/Developer/Platforms/MacOSX.platform/Developer/SDKs/MacOSX26.1.sdk/usr/include/string.h
/Applications/Xcode.app/Contents/Developer/Platforms/MacOSX.platform/Developer/SDKs/MacOSX26.1.sdk/usr/include/xpc/base.h
/Applications/Xcode.app/Contents/Developer/Platforms/MacOSX.platform/Developer/SDKs/MacOSX26.1.sdk/usr/include/xpc/availability.h
/Applications/Xcode.app/Contents/Developer/Platforms/MacOSX.platform/Developer/SDKs/MacOSX26.1.sdk/usr/include/xpc/endpoint.h
/Applications/Xcode.app/Contents/Developer/Platforms/MacOSX.platform/Developer/SDKs/MacOSX26.1.sdk/usr/include/xpc/debug.h
/Applications/Xcode.app/Contents/Developer/Platforms/MacOSX.platform/Developer/SDKs/MacOSX26.1.sdk/usr/include/xpc/activity.h
/Applications/Xcode.app/Contents/Developer/Platforms/MacOSX.platform/Developer/SDKs/MacOSX26.1.sdk/usr/include/xpc/peer_requirement.h
/Applications/Xcode.app/Contents/Developer/Platforms/MacOSX.platform/Developer/SDKs/MacOSX26.1.sdk/usr/include/xpc/connection.h
/Applications/Xcode.app/Contents/Developer/Platforms/MacOSX.platform/Developer/SDKs/MacOSX26.1.sdk/usr/include/xpc/rich_error.h
/Applications/Xcode.app/Contents/Developer/Platforms/MacOSX.platform/Developer/SDKs/MacOSX26.1.sdk/usr/include/xpc/session.h
/Applications/Xcode.app/Contents/Developer/Platforms/MacOSX.platform/Developer/SDKs/MacOSX26.1.sdk/usr/include/xpc/listener.h
/Applications/Xcode.app/Contents/Developer/Platforms/MacOSX.platform/Developer/SDKs/MacOSX26.1.sdk/SDKSettings.json
/Applications/Xcode.app/Contents/Developer/Toolchains/XcodeDefault.xctoolchain/usr/lib/swift/macosx/prebuilt-modules/26.1/XPC.swiftmodule/arm64e-apple-macos.swiftmodule
/Applications/Xcode.app/Contents/Developer/Platforms/MacOSX.platform/Developer/SDKs/MacOSX26.1.sdk/usr/include/DarwinFoundation1.modulemap
/Applications/Xcode.app/Contents/Developer/Platforms/MacOSX.platform/Developer/SDKs/MacOSX26.1.sdk/usr/include/AvailabilityInternal.h
/Applications/Xcode.app/Contents/Developer/Platforms/MacOSX.platform/Developer/SDKs/MacOSX26.1.sdk/usr/include/AvailabilityVersions.h
/Applications/Xcode.app/Contents/Developer/Platforms/MacOSX.platform/Developer/SDKs/MacOSX26.1.sdk/usr/include/AvailabilityInternalLegacy.h
/Applications/Xcode.app/Contents/Developer/Platforms/MacOSX.platform/Developer/SDKs/MacOSX26.1.sdk/SDKSettings.json
/Applications/Xcode.app/Contents/Developer/Toolchains/XcodeDefault.xctoolchain/usr/lib/swift/clang/include/module.modulemap
/Applications/Xcode.app/Contents/Developer/Toolchains/XcodeDefault.xctoolchain/usr/lib/swift/clang/include/float.h
/Applications/Xcode.app/Contents/Developer/Platforms/MacOSX.platform/Developer/SDKs/MacOSX26.1.sdk/SDKSettings.json
/Applications/Xcode.app/Contents/Developer/Toolchains/XcodeDefault.xctoolchain/usr/lib/swift/macosx/prebuilt-modules/26.1/_Builtin_float.swiftmodule/arm64e-apple-macos.swiftmodule
/Applications/Xcode.app/Contents/Developer/Toolchains/XcodeDefault.xctoolchain/usr/lib/swift/clang/include/module.modulemap
/Applications/Xcode.app/Contents/Developer/Toolchains/XcodeDefault.xctoolchain/usr/lib/swift/clang/include/inttypes.h
/Applications/Xcode.app/Contents/Developer/Platforms/MacOSX.platform/Developer/SDKs/MacOSX26.1.sdk/usr/include/DarwinFoundation3.modulemap
/Applications/Xcode.app/Contents/Developer/Platforms/MacOSX.platform/Developer/SDKs/MacOSX26.1.sdk/usr/include/inttypes.h
/Applications/Xcode.app/Contents/Developer/Platforms/MacOSX.platform/Developer/SDKs/MacOSX26.1.sdk/SDKSettings.json
/Applications/Xcode.app/Contents/Developer/Toolchains/XcodeDefault.xctoolchain/usr/lib/swift/clang/include/module.modulemap
/Applications/Xcode.app/Contents/Developer/Toolchains/XcodeDefault.xctoolchain/usr/lib/swift/clang/include/limits.h
/Applications/Xcode.app/Contents/Developer/Platforms/MacOSX.platform/Developer/SDKs/MacOSX26.1.sdk/usr/include/DarwinFoundation1.modulemap
/Applications/Xcode.app/Contents/Developer/Platforms/MacOSX.platform/Developer/SDKs/MacOSX26.1.sdk/SDKSettings.json
/Applications/Xcode.app/Contents/Developer/Toolchains/XcodeDefault.xctoolchain/usr/lib/swift/clang/include/module.modulemap
/Applications/Xcode.app/Contents/Developer/Toolchains/XcodeDefault.xctoolchain/usr/lib/swift/clang/include/__stdarg___gnuc_va_list.h
/Applications/Xcode.app/Contents/Developer/Toolchains/XcodeDefault.xctoolchain/usr/lib/swift/clang/include/__stdarg___va_copy.h
/Applications/Xcode.app/Contents/Developer/Toolchains/XcodeDefault.xctoolchain/usr/lib/swift/clang/include/__stdarg_header_macro.h
/Applications/Xcode.app/Contents/Developer/Toolchains/XcodeDefault.xctoolchain/usr/lib/swift/clang/include/__stdarg_va_arg.h
/Applications/Xcode.app/Contents/Developer/Toolchains/XcodeDefault.xctoolchain/usr/lib/swift/clang/include/__stdarg_va_copy.h
/Applications/Xcode.app/Contents/Developer/Toolchains/XcodeDefault.xctoolchain/usr/lib/swift/clang/include/__stdarg_va_list.h
/Applications/Xcode.app/Contents/Developer/Platforms/MacOSX.platform/Developer/SDKs/MacOSX26.1.sdk/SDKSettings.json
/Applications/Xcode.app/Contents/Developer/Toolchains/XcodeDefault.xctoolchain/usr/lib/swift/clang/include/module.modulemap
/Applications/Xcode.app/Contents/Developer/Toolchains/XcodeDefault.xctoolchain/usr/lib/swift/clang/include/stdatomic.h
/Applications/Xcode.app/Contents/Developer/Toolchains/XcodeDefault.xctoolchain/usr/lib/swift/clang/include/stddef.h
/Applications/Xcode.app/Contents/Developer/Platforms/MacOSX.platform/Developer/SDKs/MacOSX26.1.sdk/SDKSettings.json
/Applications/Xcode.app/Contents/Developer/Toolchains/XcodeDefault.xctoolchain/usr/lib/swift/clang/include/module.modulemap
/Applications/Xcode.app/Contents/Developer/Toolchains/XcodeDefault.xctoolchain/usr/lib/swift/clang/include/stdbool.h
/Applications/Xcode.app/Contents/Developer/Platforms/MacOSX.platform/Developer/SDKs/MacOSX26.1.sdk/SDKSettings.json
/Applications/Xcode.app/Contents/Developer/Toolchains/XcodeDefault.xctoolchain/usr/lib/swift/clang/include/module.modulemap
/Applications/Xcode.app/Contents/Developer/Toolchains/XcodeDefault.xctoolchain/usr/lib/swift/clang/include/__stddef_header_macro.h
/Applications/Xcode.app/Contents/Developer/Toolchains/XcodeDefault.xctoolchain/usr/lib/swift/clang/include/__stddef_max_align_t.h
/Applications/Xcode.app/Contents/Developer/Toolchains/XcodeDefault.xctoolchain/usr/lib/swift/clang/include/__stddef_null.h
/Applications/Xcode.app/Contents/Developer/Toolchains/XcodeDefault.xctoolchain/usr/lib/swift/clang/include/__stddef_nullptr_t.h
/Applications/Xcode.app/Contents/Developer/Toolchains/XcodeDefault.xctoolchain/usr/lib/swift/clang/include/__stddef_offsetof.h
/Applications/Xcode.app/Contents/Developer/Toolchains/XcodeDefault.xctoolchain/usr/lib/swift/clang/include/__stddef_ptrdiff_t.h
/Applications/Xcode.app/Contents/Developer/Toolchains/XcodeDefault.xctoolchain/usr/lib/swift/clang/include/__stddef_rsize_t.h
/Applications/Xcode.app/Contents/Developer/Toolchains/XcodeDefault.xctoolchain/usr/lib/swift/clang/include/__stddef_size_t.h
/Applications/Xcode.app/Contents/Developer/Toolchains/XcodeDefault.xctoolchain/usr/lib/swift/clang/include/__stddef_unreachable.h
/Applications/Xcode.app/Contents/Developer/Toolchains/XcodeDefault.xctoolchain/usr/lib/swift/clang/include/__stddef_wchar_t.h
/Applications/Xcode.app/Contents/Developer/Platforms/MacOSX.platform/Developer/SDKs/MacOSX26.1.sdk/SDKSettings.json
/Applications/Xcode.app/Contents/Developer/Toolchains/XcodeDefault.xctoolchain/usr/lib/swift/clang/include/module.modulemap
/Applications/Xcode.app/Contents/Developer/Toolchains/XcodeDefault.xctoolchain/usr/lib/swift/clang/include/stdint.h
/Applications/Xcode.app/Contents/Developer/Platforms/MacOSX.platform/Developer/SDKs/MacOSX26.1.sdk/usr/include/DarwinFoundation2.modulemap
/Applications/Xcode.app/Contents/Developer/Platforms/MacOSX.platform/Developer/SDKs/MacOSX26.1.sdk/SDKSettings.json
/Applications/Xcode.app/Contents/Developer/Toolchains/XcodeDefault.xctoolchain/usr/lib/swift/macosx/prebuilt-modules/26.1/_Concurrency.swiftmodule/arm64e-apple-macos.swiftmodule
/Applications/Xcode.app/Contents/Developer/Platforms/MacOSX.platform/Developer/SDKs/MacOSX26.1.sdk/usr/include/DarwinFoundation1.modulemap
/Applications/Xcode.app/Contents/Developer/Platforms/MacOSX.platform/Developer/SDKs/MacOSX26.1.sdk/usr/include/sys/appleapiopts.h
/Applications/Xcode.app/Contents/Developer/Platforms/MacOSX.platform/Developer/SDKs/MacOSX26.1.sdk/usr/include/os/availability.h
/Applications/Xcode.app/Contents/Developer/Platforms/MacOSX.platform/Developer/SDKs/MacOSX26.1.sdk/usr/include/Availability.h
/Applications/Xcode.app/Contents/Developer/Platforms/MacOSX.platform/Developer/SDKs/MacOSX26.1.sdk/usr/include/AvailabilityMacros.h
/Applications/Xcode.app/Contents/Developer/Platforms/MacOSX.platform/Developer/SDKs/MacOSX26.1.sdk/usr/include/TargetConditionals.h
/Applications/Xcode.app/Contents/Developer/Platforms/MacOSX.platform/Developer/SDKs/MacOSX26.1.sdk/usr/include/_bounds.h
/Applications/Xcode.app/Contents/Developer/Platforms/MacOSX.platform/Developer/SDKs/MacOSX26.1.sdk/usr/include/sys/cdefs.h
/Applications/Xcode.app/Contents/Developer/Platforms/MacOSX.platform/Developer/SDKs/MacOSX26.1.sdk/usr/include/sys/_symbol_aliasing.h
/Applications/Xcode.app/Contents/Developer/Platforms/MacOSX.platform/Developer/SDKs/MacOSX26.1.sdk/usr/include/sys/_posix_availability.h
/Applications/Xcode.app/Contents/Developer/Toolchains/XcodeDefault.xctoolchain/usr/lib/swift/clang/include/module.modulemap
/Applications/Xcode.app/Contents/Developer/Platforms/MacOSX.platform/Developer/SDKs/MacOSX26.1.sdk/usr/include/sys/qos.h
/Applications/Xcode.app/Contents/Developer/Platforms/MacOSX.platform/Developer/SDKs/MacOSX26.1.sdk/usr/include/machine/_endian.h
/Applications/Xcode.app/Contents/Developer/Platforms/MacOSX.platform/Developer/SDKs/MacOSX26.1.sdk/usr/include/arm/_endian.h
/Applications/Xcode.app/Contents/Developer/Platforms/MacOSX.platform/Developer/SDKs/MacOSX26.1.sdk/usr/include/sys/__endian.h
/Applications/Xcode.app/Contents/Developer/Platforms/MacOSX.platform/Developer/SDKs/MacOSX26.1.sdk/usr/include/i386/_endian.h
/Applications/Xcode.app/Contents/Developer/Platforms/MacOSX.platform/Developer/SDKs/MacOSX26.1.sdk/usr/include/__xlocale.h
/Applications/Xcode.app/Contents/Developer/Platforms/MacOSX.platform/Developer/SDKs/MacOSX26.1.sdk/usr/include/_mb_cur_max.h
/Applications/Xcode.app/Contents/Developer/Platforms/MacOSX.platform/Developer/SDKs/MacOSX26.1.sdk/usr/include/_types/_locale_t.h
/Applications/Xcode.app/Contents/Developer/Platforms/MacOSX.platform/Developer/SDKs/MacOSX26.1.sdk/usr/include/sys/_types/_u_char.h
/Applications/Xcode.app/Contents/Developer/Platforms/MacOSX.platform/Developer/SDKs/MacOSX26.1.sdk/usr/include/sys/_types/_u_short.h
/Applications/Xcode.app/Contents/Developer/Platforms/MacOSX.platform/Developer/SDKs/MacOSX26.1.sdk/usr/include/sys/_types/_u_int.h
/Applications/Xcode.app/Contents/Developer/Platforms/MacOSX.platform/Developer/SDKs/MacOSX26.1.sdk/usr/include/sys/_types/_u_int8_t.h
/Applications/Xcode.app/Contents/Developer/Platforms/MacOSX.platform/Developer/SDKs/MacOSX26.1.sdk/usr/include/sys/_types/_u_int16_t.h
/Applications/Xcode.app/Contents/Developer/Platforms/MacOSX.platform/Developer/SDKs/MacOSX26.1.sdk/usr/include/sys/_types/_u_int32_t.h
/Applications/Xcode.app/Contents/Developer/Platforms/MacOSX.platform/Developer/SDKs/MacOSX26.1.sdk/usr/include/sys/_types/_u_int64_t.h
/Applications/Xcode.app/Contents/Developer/Platforms/MacOSX.platform/Developer/SDKs/MacOSX26.1.sdk/usr/include/_assert.h
/Applications/Xcode.app/Contents/Developer/Platforms/MacOSX.platform/Developer/SDKs/MacOSX26.1.sdk/usr/include/_static_assert.h
/Applications/Xcode.app/Contents/Developer/Platforms/MacOSX.platform/Developer/SDKs/MacOSX26.1.sdk/usr/include/complex.h
/Applications/Xcode.app/Contents/Developer/Platforms/MacOSX.platform/Developer/SDKs/MacOSX26.1.sdk/usr/include/errno.h
/Applications/Xcode.app/Contents/Developer/Platforms/MacOSX.platform/Developer/SDKs/MacOSX26.1.sdk/usr/include/sys/errno.h
/Applications/Xcode.app/Contents/Developer/Platforms/MacOSX.platform/Developer/SDKs/MacOSX26.1.sdk/usr/include/sys/_types/_errno_t.h
/Applications/Xcode.app/Contents/Developer/Platforms/MacOSX.platform/Developer/SDKs/MacOSX26.1.sdk/usr/include/fenv.h
/Applications/Xcode.app/Contents/Developer/Platforms/MacOSX.platform/Developer/SDKs/MacOSX26.1.sdk/usr/include/limits.h
/Applications/Xcode.app/Contents/Developer/Platforms/MacOSX.platform/Developer/SDKs/MacOSX26.1.sdk/usr/include/machine/limits.h
/Applications/Xcode.app/Contents/Developer/Platforms/MacOSX.platform/Developer/SDKs/MacOSX26.1.sdk/usr/include/arm/limits.h
/Applications/Xcode.app/Contents/Developer/Platforms/MacOSX.platform/Developer/SDKs/MacOSX26.1.sdk/usr/include/arm/_limits.h
/Applications/Xcode.app/Contents/Developer/Platforms/MacOSX.platform/Developer/SDKs/MacOSX26.1.sdk/usr/include/sys/syslimits.h
/Applications/Xcode.app/Contents/Developer/Platforms/MacOSX.platform/Developer/SDKs/MacOSX26.1.sdk/usr/include/i386/limits.h
/Applications/Xcode.app/Contents/Developer/Platforms/MacOSX.platform/Developer/SDKs/MacOSX26.1.sdk/usr/include/machine/_limits.h
/Applications/Xcode.app/Contents/Developer/Platforms/MacOSX.platform/Developer/SDKs/MacOSX26.1.sdk/usr/include/i386/_limits.h
/Applications/Xcode.app/Contents/Developer/Platforms/MacOSX.platform/Developer/SDKs/MacOSX26.1.sdk/usr/include/math.h
/Applications/Xcode.app/Contents/Developer/Platforms/MacOSX.platform/Developer/SDKs/MacOSX26.1.sdk/usr/include/setjmp.h
/Applications/Xcode.app/Contents/Developer/Platforms/MacOSX.platform/Developer/SDKs/MacOSX26.1.sdk/SDKSettings.json
/Applications/Xcode.app/Contents/Developer/Toolchains/XcodeDefault.xctoolchain/usr/lib/swift/macosx/prebuilt-modules/26.1/_DarwinFoundation1.swiftmodule/arm64e-apple-macos.swiftmodule
/Applications/Xcode.app/Contents/Developer/Toolchains/XcodeDefault.xctoolchain/usr/lib/swift/macosx/prebuilt-modules/26.1/_DarwinFoundation2.swiftmodule/arm64e-apple-macos.swiftmodule
/Applications/Xcode.app/Contents/Developer/Platforms/MacOSX.platform/Developer/SDKs/MacOSX26.1.sdk/usr/include/_DarwinFoundation2.apinotes
/Applications/Xcode.app/Contents/Developer/Platforms/MacOSX.platform/Developer/SDKs/MacOSX26.1.sdk/usr/include/DarwinFoundation2.modulemap
/Applications/Xcode.app/Contents/Developer/Platforms/MacOSX.platform/Developer/SDKs/MacOSX26.1.sdk/usr/include/DarwinFoundation1.modulemap
/Applications/Xcode.app/Contents/Developer/Platforms/MacOSX.platform/Developer/SDKs/MacOSX26.1.sdk/usr/include/nl_types.h
/Applications/Xcode.app/Contents/Developer/Platforms/MacOSX.platform/Developer/SDKs/MacOSX26.1.sdk/usr/include/sys/types.h
/Applications/Xcode.app/Contents/Developer/Platforms/MacOSX.platform/Developer/SDKs/MacOSX26.1.sdk/usr/include/machine/types.h
/Applications/Xcode.app/Contents/Developer/Platforms/MacOSX.platform/Developer/SDKs/MacOSX26.1.sdk/usr/include/arm/types.h
/Applications/Xcode.app/Contents/Developer/Platforms/MacOSX.platform/Developer/SDKs/MacOSX26.1.sdk/usr/include/arm/_types.h
/Applications/Xcode.app/Contents/Developer/Platforms/MacOSX.platform/Developer/SDKs/MacOSX26.1.sdk/usr/include/sys/_types/_ptrdiff_t.h
/Applications/Xcode.app/Contents/Developer/Toolchains/XcodeDefault.xctoolchain/usr/lib/swift/clang/include/module.modulemap
/Applications/Xcode.app/Contents/Developer/Toolchains/XcodeDefault.xctoolchain/usr/lib/swift/clang/include/stddef.h
/Applications/Xcode.app/Contents/Developer/Platforms/MacOSX.platform/Developer/SDKs/MacOSX26.1.sdk/usr/include/sys/_types/_size_t.h
/Applications/Xcode.app/Contents/Developer/Platforms/MacOSX.platform/Developer/SDKs/MacOSX26.1.sdk/usr/include/sys/_types/_va_list.h
/Applications/Xcode.app/Contents/Developer/Toolchains/XcodeDefault.xctoolchain/usr/lib/swift/clang/include/stdarg.h
/Applications/Xcode.app/Contents/Developer/Platforms/MacOSX.platform/Developer/SDKs/MacOSX26.1.sdk/usr/include/sys/_types/_wchar_t.h
/Applications/Xcode.app/Contents/Developer/Platforms/MacOSX.platform/Developer/SDKs/MacOSX26.1.sdk/usr/include/sys/_types/_int8_t.h
/Applications/Xcode.app/Contents/Developer/Platforms/MacOSX.platform/Developer/SDKs/MacOSX26.1.sdk/usr/include/sys/_types/_int16_t.h
/Applications/Xcode.app/Contents/Developer/Platforms/MacOSX.platform/Developer/SDKs/MacOSX26.1.sdk/usr/include/sys/_types/_int32_t.h
/Applications/Xcode.app/Contents/Developer/Platforms/MacOSX.platform/Developer/SDKs/MacOSX26.1.sdk/usr/include/sys/_types/_int64_t.h
/Applications/Xcode.app/Contents/Developer/Platforms/MacOSX.platform/Developer/SDKs/MacOSX26.1.sdk/usr/include/sys/_types/_intptr_t.h
/Applications/Xcode.app/Contents/Developer/Platforms/MacOSX.platform/Developer/SDKs/MacOSX26.1.sdk/usr/include/machine/_types.h
/Applications/Xcode.app/Contents/Developer/Platforms/MacOSX.platform/Developer/SDKs/MacOSX26.1.sdk/usr/include/sys/_types/_uintptr_t.h
/Applications/Xcode.app/Contents/Developer/Platforms/MacOSX.platform/Developer/SDKs/MacOSX26.1.sdk/usr/include/sys/_types.h
/Applications/Xcode.app/Contents/Developer/Platforms/MacOSX.platform/Developer/SDKs/MacOSX26.1.sdk/usr/include/sys/_types/_null.h
/Applications/Xcode.app/Contents/Developer/Platforms/MacOSX.platform/Developer/SDKs/MacOSX26.1.sdk/usr/include/sys/_pthread/_pthread_types.h
/Applications/Xcode.app/Contents/Developer/Platforms/MacOSX.platform/Developer/SDKs/MacOSX26.1.sdk/usr/include/machine/endian.h
/Applications/Xcode.app/Contents/Developer/Platforms/MacOSX.platform/Developer/SDKs/MacOSX26.1.sdk/usr/include/arm/endian.h
/Applications/Xcode.app/Contents/Developer/Platforms/MacOSX.platform/Developer/SDKs/MacOSX26.1.sdk/usr/include/sys/_endian.h
/Applications/Xcode.app/Contents/Developer/Platforms/MacOSX.platform/Developer/SDKs/MacOSX26.1.sdk/usr/include/libkern/_OSByteOrder.h
/Applications/Xcode.app/Contents/Developer/Platforms/MacOSX.platform/Developer/SDKs/MacOSX26.1.sdk/usr/include/libkern/arm/_OSByteOrder.h
/Applications/Xcode.app/Contents/Developer/Platforms/MacOSX.platform/Developer/SDKs/MacOSX26.1.sdk/usr/include/sys/_types/_caddr_t.h
/Applications/Xcode.app/Contents/Developer/Platforms/MacOSX.platform/Developer/SDKs/MacOSX26.1.sdk/usr/include/sys/_types/_dev_t.h
/Applications/Xcode.app/Contents/Developer/Platforms/MacOSX.platform/Developer/SDKs/MacOSX26.1.sdk/usr/include/sys/_types/_blkcnt_t.h
/Applications/Xcode.app/Contents/Developer/Platforms/MacOSX.platform/Developer/SDKs/MacOSX26.1.sdk/usr/include/sys/_types/_blksize_t.h
/Applications/Xcode.app/Contents/Developer/Platforms/MacOSX.platform/Developer/SDKs/MacOSX26.1.sdk/usr/include/sys/_types/_gid_t.h
/Applications/Xcode.app/Contents/Developer/Platforms/MacOSX.platform/Developer/SDKs/MacOSX26.1.sdk/usr/include/sys/_types/_in_addr_t.h
/Applications/Xcode.app/Contents/Developer/Platforms/MacOSX.platform/Developer/SDKs/MacOSX26.1.sdk/usr/include/sys/_types/_in_port_t.h
/Applications/Xcode.app/Contents/Developer/Platforms/MacOSX.platform/Developer/SDKs/MacOSX26.1.sdk/usr/include/sys/_types/_ino_t.h
/Applications/Xcode.app/Contents/Developer/Platforms/MacOSX.platform/Developer/SDKs/MacOSX26.1.sdk/usr/include/sys/_types/_ino64_t.h
/Applications/Xcode.app/Contents/Developer/Platforms/MacOSX.platform/Developer/SDKs/MacOSX26.1.sdk/usr/include/sys/_types/_key_t.h
/Applications/Xcode.app/Contents/Developer/Platforms/MacOSX.platform/Developer/SDKs/MacOSX26.1.sdk/usr/include/sys/_types/_mode_t.h
/Applications/Xcode.app/Contents/Developer/Platforms/MacOSX.platform/Developer/SDKs/MacOSX26.1.sdk/usr/include/sys/_types/_nlink_t.h
/Applications/Xcode.app/Contents/Developer/Platforms/MacOSX.platform/Developer/SDKs/MacOSX26.1.sdk/usr/include/sys/_types/_id_t.h
/Applications/Xcode.app/Contents/Developer/Platforms/MacOSX.platform/Developer/SDKs/MacOSX26.1.sdk/usr/include/sys/_types/_pid_t.h
/Applications/Xcode.app/Contents/Developer/Platforms/MacOSX.platform/Developer/SDKs/MacOSX26.1.sdk/usr/include/sys/_types/_off_t.h
/Applications/Xcode.app/Contents/Developer/Platforms/MacOSX.platform/Developer/SDKs/MacOSX26.1.sdk/usr/include/sys/_types/_uid_t.h
/Applications/Xcode.app/Contents/Developer/Platforms/MacOSX.platform/Developer/SDKs/MacOSX26.1.sdk/usr/include/sys/_types/_clock_t.h
/Applications/Xcode.app/Contents/Developer/Platforms/MacOSX.platform/Developer/SDKs/MacOSX26.1.sdk/usr/include/sys/_types/_ssize_t.h
/Applications/Xcode.app/Contents/Developer/Platforms/MacOSX.platform/Developer/SDKs/MacOSX26.1.sdk/usr/include/sys/_types/_time_t.h
/Applications/Xcode.app/Contents/Developer/Platforms/MacOSX.platform/Developer/SDKs/MacOSX26.1.sdk/usr/include/sys/_types/_useconds_t.h
/Applications/Xcode.app/Contents/Developer/Platforms/MacOSX.platform/Developer/SDKs/MacOSX26.1.sdk/usr/include/sys/_types/_suseconds_t.h
/Applications/Xcode.app/Contents/Developer/Platforms/MacOSX.platform/Developer/SDKs/MacOSX26.1.sdk/usr/include/sys/_types/_rsize_t.h
/Applications/Xcode.app/Contents/Developer/Platforms/MacOSX.platform/Developer/SDKs/MacOSX26.1.sdk/usr/include/sys/_types/_fd_def.h
/Applications/Xcode.app/Contents/Developer/Platforms/MacOSX.platform/Developer/SDKs/MacOSX26.1.sdk/usr/include/sys/_types/_fd_setsize.h
/Applications/Xcode.app/Contents/Developer/Platforms/MacOSX.platform/Developer/SDKs/MacOSX26.1.sdk/usr/include/sys/_types/_fd_set.h
/Applications/Xcode.app/Contents/Developer/Platforms/MacOSX.platform/Developer/SDKs/MacOSX26.1.sdk/usr/include/sys/_types/_fd_clr.h
/Applications/Xcode.app/Contents/Developer/Platforms/MacOSX.platform/Developer/SDKs/MacOSX26.1.sdk/usr/include/sys/_types/_fd_zero.h
/Applications/Xcode.app/Contents/Developer/Platforms/MacOSX.platform/Developer/SDKs/MacOSX26.1.sdk/usr/include/sys/_types/_fd_isset.h
/Applications/Xcode.app/Contents/Developer/Platforms/MacOSX.platform/Developer/SDKs/MacOSX26.1.sdk/usr/include/sys/_types/_fd_copy.h
/Applications/Xcode.app/Contents/Developer/Platforms/MacOSX.platform/Developer/SDKs/MacOSX26.1.sdk/usr/include/sys/_pthread/_pthread_attr_t.h
/Applications/Xcode.app/Contents/Developer/Platforms/MacOSX.platform/Developer/SDKs/MacOSX26.1.sdk/usr/include/sys/_pthread/_pthread_cond_t.h
/Applications/Xcode.app/Contents/Developer/Platforms/MacOSX.platform/Developer/SDKs/MacOSX26.1.sdk/usr/include/sys/_pthread/_pthread_condattr_t.h
/Applications/Xcode.app/Contents/Developer/Platforms/MacOSX.platform/Developer/SDKs/MacOSX26.1.sdk/usr/include/sys/_pthread/_pthread_mutex_t.h
/Applications/Xcode.app/Contents/Developer/Platforms/MacOSX.platform/Developer/SDKs/MacOSX26.1.sdk/usr/include/sys/_pthread/_pthread_mutexattr_t.h
/Applications/Xcode.app/Contents/Developer/Platforms/MacOSX.platform/Developer/SDKs/MacOSX26.1.sdk/usr/include/sys/_pthread/_pthread_once_t.h
/Applications/Xcode.app/Contents/Developer/Platforms/MacOSX.platform/Developer/SDKs/MacOSX26.1.sdk/usr/include/sys/_pthread/_pthread_rwlock_t.h
/Applications/Xcode.app/Contents/Developer/Platforms/MacOSX.platform/Developer/SDKs/MacOSX26.1.sdk/usr/include/sys/_pthread/_pthread_rwlockattr_t.h
/Applications/Xcode.app/Contents/Developer/Platforms/MacOSX.platform/Developer/SDKs/MacOSX26.1.sdk/usr/include/sys/_pthread/_pthread_t.h
/Applications/Xcode.app/Contents/Developer/Platforms/MacOSX.platform/Developer/SDKs/MacOSX26.1.sdk/usr/include/sys/_pthread/_pthread_key_t.h
/Applications/Xcode.app/Contents/Developer/Platforms/MacOSX.platform/Developer/SDKs/MacOSX26.1.sdk/usr/include/sys/_types/_fsblkcnt_t.h
/Applications/Xcode.app/Contents/Developer/Platforms/MacOSX.platform/Developer/SDKs/MacOSX26.1.sdk/usr/include/sys/_types/_fsfilcnt_t.h
/Applications/Xcode.app/Contents/Developer/Platforms/MacOSX.platform/Developer/SDKs/MacOSX26.1.sdk/usr/include/_types.h
/Applications/Xcode.app/Contents/Developer/Platforms/MacOSX.platform/Developer/SDKs/MacOSX26.1.sdk/usr/include/_types/_nl_item.h
/Applications/Xcode.app/Contents/Developer/Platforms/MacOSX.platform/Developer/SDKs/MacOSX26.1.sdk/usr/include/runetype.h
/Applications/Xcode.app/Contents/Developer/Platforms/MacOSX.platform/Developer/SDKs/MacOSX26.1.sdk/usr/include/sys/_types/_ct_rune_t.h
/Applications/Xcode.app/Contents/Developer/Platforms/MacOSX.platform/Developer/SDKs/MacOSX26.1.sdk/usr/include/sys/_types/_rune_t.h
/Applications/Xcode.app/Contents/Developer/Platforms/MacOSX.platform/Developer/SDKs/MacOSX26.1.sdk/usr/include/sys/_types/_wint_t.h
/Applications/Xcode.app/Contents/Developer/Platforms/MacOSX.platform/Developer/SDKs/MacOSX26.1.sdk/usr/include/alloca.h
/Applications/Xcode.app/Contents/Developer/Platforms/MacOSX.platform/Developer/SDKs/MacOSX26.1.sdk/usr/include/i386/endian.h
/Applications/Xcode.app/Contents/Developer/Platforms/MacOSX.platform/Developer/SDKs/MacOSX26.1.sdk/usr/include/libkern/i386/_OSByteOrder.h
/Applications/Xcode.app/Contents/Developer/Platforms/MacOSX.platform/Developer/SDKs/MacOSX26.1.sdk/usr/include/secure/_common.h
/Applications/Xcode.app/Contents/Developer/Platforms/MacOSX.platform/Developer/SDKs/MacOSX26.1.sdk/usr/include/sys/_types/_mach_port_t.h
/Applications/Xcode.app/Contents/Developer/Platforms/MacOSX.platform/Developer/SDKs/MacOSX26.1.sdk/usr/include/sys/_types/_offsetof.h
/Applications/Xcode.app/Contents/Developer/Platforms/MacOSX.platform/Developer/SDKs/MacOSX26.1.sdk/usr/include/_strings.h
/Applications/Xcode.app/Contents/Developer/Platforms/MacOSX.platform/Developer/SDKs/MacOSX26.1.sdk/usr/include/secure/_strings.h
/Applications/Xcode.app/Contents/Developer/Platforms/MacOSX.platform/Developer/SDKs/MacOSX26.1.sdk/usr/include/sys/_types/_timeval.h
/Applications/Xcode.app/Contents/Developer/Platforms/MacOSX.platform/Developer/SDKs/MacOSX26.1.sdk/usr/include/sys/_types/_uuid_t.h
/Applications/Xcode.app/Contents/Developer/Platforms/MacOSX.platform/Developer/SDKs/MacOSX26.1.sdk/usr/include/i386/types.h
/Applications/Xcode.app/Contents/Developer/Platforms/MacOSX.platform/Developer/SDKs/MacOSX26.1.sdk/usr/include/i386/_types.h
/Applications/Xcode.app/Contents/Developer/Platforms/MacOSX.platform/Developer/SDKs/MacOSX26.1.sdk/usr/include/_ctype.h
/Applications/Xcode.app/Contents/Developer/Platforms/MacOSX.platform/Developer/SDKs/MacOSX26.1.sdk/usr/include/xlocale/_ctype.h
/Applications/Xcode.app/Contents/Developer/Platforms/MacOSX.platform/Developer/SDKs/MacOSX26.1.sdk/usr/include/locale.h
/Applications/Xcode.app/Contents/Developer/Platforms/MacOSX.platform/Developer/SDKs/MacOSX26.1.sdk/usr/include/_locale.h
/Applications/Xcode.app/Contents/Developer/Platforms/MacOSX.platform/Developer/SDKs/MacOSX26.1.sdk/usr/include/_locale_posix2008.h
/Applications/Xcode.app/Contents/Developer/Platforms/MacOSX.platform/Developer/SDKs/MacOSX26.1.sdk/usr/include/stdint.h
/Applications/Xcode.app/Contents/Developer/Platforms/MacOSX.platform/Developer/SDKs/MacOSX26.1.sdk/usr/include/_types/_uint8_t.h
/Applications/Xcode.app/Contents/Developer/Platforms/MacOSX.platform/Developer/SDKs/MacOSX26.1.sdk/usr/include/_types/_uint16_t.h
/Applications/Xcode.app/Contents/Developer/Platforms/MacOSX.platform/Developer/SDKs/MacOSX26.1.sdk/usr/include/_types/_uint32_t.h
/Applications/Xcode.app/Contents/Developer/Platforms/MacOSX.platform/Developer/SDKs/MacOSX26.1.sdk/usr/include/_types/_uint64_t.h
/Applications/Xcode.app/Contents/Developer/Platforms/MacOSX.platform/Developer/SDKs/MacOSX26.1.sdk/usr/include/_types/_intmax_t.h
/Applications/Xcode.app/Contents/Developer/Platforms/MacOSX.platform/Developer/SDKs/MacOSX26.1.sdk/usr/include/_types/_uintmax_t.h
/Applications/Xcode.app/Contents/Developer/Platforms/MacOSX.platform/Developer/SDKs/MacOSX26.1.sdk/usr/include/_stdio.h
/Applications/Xcode.app/Contents/Developer/Platforms/MacOSX.platform/Developer/SDKs/MacOSX26.1.sdk/usr/include/sys/stdio.h
/Applications/Xcode.app/Contents/Developer/Platforms/MacOSX.platform/Developer/SDKs/MacOSX26.1.sdk/usr/include/_printf.h
/Applications/Xcode.app/Contents/Developer/Platforms/MacOSX.platform/Developer/SDKs/MacOSX26.1.sdk/usr/include/sys/_types/_seek_set.h
/Applications/Xcode.app/Contents/Developer/Platforms/MacOSX.platform/Developer/SDKs/MacOSX26.1.sdk/usr/include/_ctermid.h
/Applications/Xcode.app/Contents/Developer/Platforms/MacOSX.platform/Developer/SDKs/MacOSX26.1.sdk/usr/include/secure/_stdio.h
/Applications/Xcode.app/Contents/Developer/Platforms/MacOSX.platform/Developer/SDKs/MacOSX26.1.sdk/usr/include/xlocale/_stdio.h
/Applications/Xcode.app/Contents/Developer/Platforms/MacOSX.platform/Developer/SDKs/MacOSX26.1.sdk/usr/include/_string.h
/Applications/Xcode.app/Contents/Developer/Platforms/MacOSX.platform/Developer/SDKs/MacOSX26.1.sdk/usr/include/secure/_string.h
/Applications/Xcode.app/Contents/Developer/Platforms/MacOSX.platform/Developer/SDKs/MacOSX26.1.sdk/usr/include/xlocale/_string.h
/Applications/Xcode.app/Contents/Developer/Platforms/MacOSX.platform/Developer/SDKs/MacOSX26.1.sdk/usr/include/tgmath.h
/Applications/Xcode.app/Contents/Developer/Platforms/MacOSX.platform/Developer/SDKs/MacOSX26.1.sdk/usr/include/_time.h
/Applications/Xcode.app/Contents/Developer/Platforms/MacOSX.platform/Developer/SDKs/MacOSX26.1.sdk/usr/include/sys/_types/_timespec.h
/Applications/Xcode.app/Contents/Developer/Platforms/MacOSX.platform/Developer/SDKs/MacOSX26.1.sdk/usr/include/xlocale/_time.h
/Applications/Xcode.app/Contents/Developer/Platforms/MacOSX.platform/Developer/SDKs/MacOSX26.1.sdk/SDKSettings.json
/Applications/Xcode.app/Contents/Developer/Platforms/MacOSX.platform/Developer/SDKs/MacOSX26.1.sdk/usr/include/DarwinFoundation2.modulemap
/Applications/Xcode.app/Contents/Developer/Platforms/MacOSX.platform/Developer/SDKs/MacOSX26.1.sdk/usr/include/DarwinFoundation3.modulemap
/Applications/Xcode.app/Contents/Developer/Platforms/MacOSX.platform/Developer/SDKs/MacOSX26.1.sdk/usr/include/DarwinFoundation1.modulemap
/Applications/Xcode.app/Contents/Developer/Platforms/MacOSX.platform/Developer/SDKs/MacOSX26.1.sdk/usr/include/pthread/pthread.h
/Applications/Xcode.app/Contents/Developer/Platforms/MacOSX.platform/Developer/SDKs/MacOSX26.1.sdk/usr/include/pthread/sched.h
/Applications/Xcode.app/Contents/Developer/Platforms/MacOSX.platform/Developer/SDKs/MacOSX26.1.sdk/usr/include/pthread/pthread_impl.h
/Applications/Xcode.app/Contents/Developer/Platforms/MacOSX.platform/Developer/SDKs/MacOSX26.1.sdk/usr/include/time.h
/Applications/Xcode.app/Contents/Developer/Platforms/MacOSX.platform/Developer/SDKs/MacOSX26.1.sdk/usr/include/pthread/qos.h
/Applications/Xcode.app/Contents/Developer/Platforms/MacOSX.platform/Developer/SDKs/MacOSX26.1.sdk/usr/include/sys/_types/_sigset_t.h
/Applications/Xcode.app/Contents/Developer/Platforms/MacOSX.platform/Developer/SDKs/MacOSX26.1.sdk/usr/include/sys/resource.h
/Applications/Xcode.app/Contents/Developer/Toolchains/XcodeDefault.xctoolchain/usr/lib/swift/clang/include/module.modulemap
/Applications/Xcode.app/Contents/Developer/Platforms/MacOSX.platform/Developer/SDKs/MacOSX26.1.sdk/usr/include/sys/select.h
/Applications/Xcode.app/Contents/Developer/Platforms/MacOSX.platform/Developer/SDKs/MacOSX26.1.sdk/usr/include/sys/_select.h
/Applications/Xcode.app/Contents/Developer/Platforms/MacOSX.platform/Developer/SDKs/MacOSX26.1.sdk/usr/include/sys/wait.h
/Applications/Xcode.app/Contents/Developer/Platforms/MacOSX.platform/Developer/SDKs/MacOSX26.1.sdk/usr/include/sys/signal.h
/Applications/Xcode.app/Contents/Developer/Platforms/MacOSX.platform/Developer/SDKs/MacOSX26.1.sdk/usr/include/machine/signal.h
/Applications/Xcode.app/Contents/Developer/Platforms/MacOSX.platform/Developer/SDKs/MacOSX26.1.sdk/usr/include/arm/signal.h
/Applications/Xcode.app/Contents/Developer/Platforms/MacOSX.platform/Developer/SDKs/MacOSX26.1.sdk/usr/include/machine/_mcontext.h
/Applications/Xcode.app/Contents/Developer/Platforms/MacOSX.platform/Developer/SDKs/MacOSX26.1.sdk/usr/include/arm/_mcontext.h
/Applications/Xcode.app/Contents/Developer/Platforms/MacOSX.platform/Developer/SDKs/MacOSX26.1.sdk/usr/include/mach/machine/_structs.h
/Applications/Xcode.app/Contents/Developer/Platforms/MacOSX.platform/Developer/SDKs/MacOSX26.1.sdk/usr/include/mach/arm/_structs.h
/Applications/Xcode.app/Contents/Developer/Platforms/MacOSX.platform/Developer/SDKs/MacOSX26.1.sdk/usr/include/sys/_types/_sigaltstack.h
/Applications/Xcode.app/Contents/Developer/Platforms/MacOSX.platform/Developer/SDKs/MacOSX26.1.sdk/usr/include/sys/_types/_ucontext.h
/Applications/Xcode.app/Contents/Developer/Platforms/MacOSX.platform/Developer/SDKs/MacOSX26.1.sdk/usr/include/unistd.h
/Applications/Xcode.app/Contents/Developer/Platforms/MacOSX.platform/Developer/SDKs/MacOSX26.1.sdk/usr/include/sys/unistd.h
/Applications/Xcode.app/Contents/Developer/Platforms/MacOSX.platform/Developer/SDKs/MacOSX26.1.sdk/usr/include/sys/_types/_posix_vdisable.h
/Applications/Xcode.app/Contents/Developer/Platforms/MacOSX.platform/Developer/SDKs/MacOSX26.1.sdk/usr/include/gethostuuid.h
/Applications/Xcode.app/Contents/Developer/Platforms/MacOSX.platform/Developer/SDKs/MacOSX26.1.sdk/usr/include/mach/i386/_structs.h
/Applications/Xcode.app/Contents/Developer/Platforms/MacOSX.platform/Developer/SDKs/MacOSX26.1.sdk/usr/include/_inttypes.h
/Applications/Xcode.app/Contents/Developer/Platforms/MacOSX.platform/Developer/SDKs/MacOSX26.1.sdk/usr/include/xlocale/_inttypes.h
/Applications/Xcode.app/Contents/Developer/Toolchains/XcodeDefault.xctoolchain/usr/lib/swift/clang/include/stddef.h
/Applications/Xcode.app/Contents/Developer/Platforms/MacOSX.platform/Developer/SDKs/MacOSX26.1.sdk/usr/include/signal.h
/Applications/Xcode.app/Contents/Developer/Platforms/MacOSX.platform/Developer/SDKs/MacOSX26.1.sdk/usr/include/i386/signal.h
/Applications/Xcode.app/Contents/Developer/Platforms/MacOSX.platform/Developer/SDKs/MacOSX26.1.sdk/usr/include/i386/_mcontext.h
/Applications/Xcode.app/Contents/Developer/Platforms/MacOSX.platform/Developer/SDKs/MacOSX26.1.sdk/usr/include/_stdlib.h
/Applications/Xcode.app/Contents/Developer/Platforms/MacOSX.platform/Developer/SDKs/MacOSX26.1.sdk/usr/include/malloc/_malloc.h
/Applications/Xcode.app/Contents/Developer/Platforms/MacOSX.platform/Developer/SDKs/MacOSX26.1.sdk/usr/include/malloc/_malloc_type.h
/Applications/Xcode.app/Contents/Developer/Platforms/MacOSX.platform/Developer/SDKs/MacOSX26.1.sdk/usr/include/malloc/_ptrcheck.h
/Applications/Xcode.app/Contents/Developer/Platforms/MacOSX.platform/Developer/SDKs/MacOSX26.1.sdk/usr/include/_abort.h
/Applications/Xcode.app/Contents/Developer/Platforms/MacOSX.platform/Developer/SDKs/MacOSX26.1.sdk/usr/include/xlocale/_stdlib.h
/Applications/Xcode.app/Contents/Developer/Platforms/MacOSX.platform/Developer/SDKs/MacOSX26.1.sdk/usr/include/_wchar.h
/Applications/Xcode.app/Contents/Developer/Platforms/MacOSX.platform/Developer/SDKs/MacOSX26.1.sdk/usr/include/sys/_types/_mbstate_t.h
/Applications/Xcode.app/Contents/Developer/Toolchains/XcodeDefault.xctoolchain/usr/lib/swift/clang/include/stdarg.h
/Applications/Xcode.app/Contents/Developer/Platforms/MacOSX.platform/Developer/SDKs/MacOSX26.1.sdk/usr/include/stdio.h
/Applications/Xcode.app/Contents/Developer/Platforms/MacOSX.platform/Developer/SDKs/MacOSX26.1.sdk/usr/include/__wctype.h
/Applications/Xcode.app/Contents/Developer/Platforms/MacOSX.platform/Developer/SDKs/MacOSX26.1.sdk/usr/include/___wctype.h
/Applications/Xcode.app/Contents/Developer/Platforms/MacOSX.platform/Developer/SDKs/MacOSX26.1.sdk/usr/include/_types/_wctype_t.h
/Applications/Xcode.app/Contents/Developer/Platforms/MacOSX.platform/Developer/SDKs/MacOSX26.1.sdk/usr/include/ctype.h
/Applications/Xcode.app/Contents/Developer/Platforms/MacOSX.platform/Developer/SDKs/MacOSX26.1.sdk/usr/include/xlocale/_wchar.h
/Applications/Xcode.app/Contents/Developer/Platforms/MacOSX.platform/Developer/SDKs/MacOSX26.1.sdk/usr/include/_wctype.h
/Applications/Xcode.app/Contents/Developer/Platforms/MacOSX.platform/Developer/SDKs/MacOSX26.1.sdk/usr/include/_types/_wctrans_t.h
/Applications/Xcode.app/Contents/Developer/Platforms/MacOSX.platform/Developer/SDKs/MacOSX26.1.sdk/usr/include/xlocale/_wctype.h
/Applications/Xcode.app/Contents/Developer/Platforms/MacOSX.platform/Developer/SDKs/MacOSX26.1.sdk/usr/include/xlocale/___wctype.h
/Applications/Xcode.app/Contents/Developer/Platforms/MacOSX.platform/Developer/SDKs/MacOSX26.1.sdk/SDKSettings.json
/Applications/Xcode.app/Contents/Developer/Toolchains/XcodeDefault.xctoolchain/usr/lib/swift/macosx/prebuilt-modules/26.1/_DarwinFoundation3.swiftmodule/arm64e-apple-macos.swiftmodule
/Applications/Xcode.app/Contents/Developer/Toolchains/XcodeDefault.xctoolchain/usr/lib/swift/macosx/prebuilt-modules/26.1/_StringProcessing.swiftmodule/arm64e-apple-macos.swiftmodule
/Applications/Xcode.app/Contents/Developer/Platforms/MacOSX.platform/Developer/SDKs/MacOSX26.1.sdk/usr/lib/swift/shims/module.modulemap
/Applications/Xcode.app/Contents/Developer/Platforms/MacOSX.platform/Developer/SDKs/MacOSX26.1.sdk/usr/lib/swift/shims/_SwiftConcurrency.h
/Applications/Xcode.app/Contents/Developer/Platforms/MacOSX.platform/Developer/SDKs/MacOSX26.1.sdk/SDKSettings.json
/Applications/Xcode.app/Contents/Developer/Platforms/MacOSX.platform/Developer/SDKs/MacOSX26.1.sdk/usr/include/launch.modulemap
/Applications/Xcode.app/Contents/Developer/Platforms/MacOSX.platform/Developer/SDKs/MacOSX26.1.sdk/usr/include/Darwin.modulemap
/Applications/Xcode.app/Contents/Developer/Platforms/MacOSX.platform/Developer/SDKs/MacOSX26.1.sdk/usr/include/Darwin_C.modulemap
/Applications/Xcode.app/Contents/Developer/Platforms/MacOSX.platform/Developer/SDKs/MacOSX26.1.sdk/usr/include/Darwin_POSIX.modulemap
/Applications/Xcode.app/Contents/Developer/Platforms/MacOSX.platform/Developer/SDKs/MacOSX26.1.sdk/usr/include/net.modulemap
/Applications/Xcode.app/Contents/Developer/Platforms/MacOSX.platform/Developer/SDKs/MacOSX26.1.sdk/usr/include/netinet.modulemap
/Applications/Xcode.app/Contents/Developer/Platforms/MacOSX.platform/Developer/SDKs/MacOSX26.1.sdk/usr/include/bank.modulemap
/Applications/Xcode.app/Contents/Developer/Platforms/MacOSX.platform/Developer/SDKs/MacOSX26.1.sdk/usr/include/Darwin_Mach.modulemap
/Applications/Xcode.app/Contents/Developer/Platforms/MacOSX.platform/Developer/SDKs/MacOSX26.1.sdk/usr/include/Darwin_Mach_machine.modulemap
/Applications/Xcode.app/Contents/Developer/Platforms/MacOSX.platform/Developer/SDKs/MacOSX26.1.sdk/usr/include/mach_debug.modulemap
/Applications/Xcode.app/Contents/Developer/Platforms/MacOSX.platform/Developer/SDKs/MacOSX26.1.sdk/usr/include/device.modulemap
/Applications/Xcode.app/Contents/Developer/Platforms/MacOSX.platform/Developer/SDKs/MacOSX26.1.sdk/usr/include/Darwin_machine.modulemap
/Applications/Xcode.app/Contents/Developer/Platforms/MacOSX.platform/Developer/SDKs/MacOSX26.1.sdk/usr/include/ncurses.modulemap
/Applications/Xcode.app/Contents/Developer/Platforms/MacOSX.platform/Developer/SDKs/MacOSX26.1.sdk/usr/include/netinet6.modulemap
/Applications/Xcode.app/Contents/Developer/Platforms/MacOSX.platform/Developer/SDKs/MacOSX26.1.sdk/usr/include/Darwin_sys.modulemap
/Applications/Xcode.app/Contents/Developer/Platforms/MacOSX.platform/Developer/SDKs/MacOSX26.1.sdk/usr/include/uuid.modulemap
/Applications/Xcode.app/Contents/Developer/Platforms/MacOSX.platform/Developer/SDKs/MacOSX26.1.sdk/usr/include/DarwinFoundation1.modulemap
/Applications/Xcode.app/Contents/Developer/Platforms/MacOSX.platform/Developer/SDKs/MacOSX26.1.sdk/usr/include/launch.h
/Applications/Xcode.app/Contents/Developer/Toolchains/XcodeDefault.xctoolchain/usr/lib/swift/clang/include/module.modulemap
/Applications/Xcode.app/Contents/Developer/Toolchains/XcodeDefault.xctoolchain/usr/lib/swift/clang/include/stddef.h
/Applications/Xcode.app/Contents/Developer/Platforms/MacOSX.platform/Developer/SDKs/MacOSX26.1.sdk/SDKSettings.json
/Applications/Xcode.app/Contents/Developer/Platforms/MacOSX.platform/Developer/SDKs/MacOSX26.1.sdk/usr/include/libDER/module.modulemap
/Applications/Xcode.app/Contents/Developer/Platforms/MacOSX.platform/Developer/SDKs/MacOSX26.1.sdk/usr/include/libDER/DERItem.h
/Applications/Xcode.app/Contents/Developer/Platforms/MacOSX.platform/Developer/SDKs/MacOSX26.1.sdk/usr/include/libDER/libDER_config.h
/Applications/Xcode.app/Contents/Developer/Toolchains/XcodeDefault.xctoolchain/usr/lib/swift/clang/include/module.modulemap
/Applications/Xcode.app/Contents/Developer/Toolchains/XcodeDefault.xctoolchain/usr/lib/swift/clang/include/stddef.h
/Applications/Xcode.app/Contents/Developer/Platforms/MacOSX.platform/Developer/SDKs/MacOSX26.1.sdk/usr/include/DarwinFoundation2.modulemap
/Applications/Xcode.app/Contents/Developer/Platforms/MacOSX.platform/Developer/SDKs/MacOSX26.1.sdk/usr/include/DarwinFoundation1.modulemap
/Applications/Xcode.app/Contents/Developer/Platforms/MacOSX.platform/Developer/SDKs/MacOSX26.1.sdk/usr/include/string.h
/Applications/Xcode.app/Contents/Developer/Platforms/MacOSX.platform/Developer/SDKs/MacOSX26.1.sdk/SDKSettings.json
/Applications/Xcode.app/Contents/Developer/Platforms/MacOSX.platform/Developer/SDKs/MacOSX26.1.sdk/usr/include/libkern.modulemap
/Applications/Xcode.app/Contents/Developer/Platforms/MacOSX.platform/Developer/SDKs/MacOSX26.1.sdk/usr/include/Darwin.modulemap
/Applications/Xcode.app/Contents/Developer/Platforms/MacOSX.platform/Developer/SDKs/MacOSX26.1.sdk/usr/include/Darwin_C.modulemap
/Applications/Xcode.app/Contents/Developer/Platforms/MacOSX.platform/Developer/SDKs/MacOSX26.1.sdk/usr/include/Darwin_POSIX.modulemap
/Applications/Xcode.app/Contents/Developer/Platforms/MacOSX.platform/Developer/SDKs/MacOSX26.1.sdk/usr/include/net.modulemap
/Applications/Xcode.app/Contents/Developer/Platforms/MacOSX.platform/Developer/SDKs/MacOSX26.1.sdk/usr/include/netinet.modulemap
/Applications/Xcode.app/Contents/Developer/Platforms/MacOSX.platform/Developer/SDKs/MacOSX26.1.sdk/usr/include/bank.modulemap
/Applications/Xcode.app/Contents/Developer/Platforms/MacOSX.platform/Developer/SDKs/MacOSX26.1.sdk/usr/include/Darwin_Mach.modulemap
/Applications/Xcode.app/Contents/Developer/Platforms/MacOSX.platform/Developer/SDKs/MacOSX26.1.sdk/usr/include/Darwin_Mach_machine.modulemap
/Applications/Xcode.app/Contents/Developer/Platforms/MacOSX.platform/Developer/SDKs/MacOSX26.1.sdk/usr/include/mach_debug.modulemap
/Applications/Xcode.app/Contents/Developer/Platforms/MacOSX.platform/Developer/SDKs/MacOSX26.1.sdk/usr/include/device.modulemap
/Applications/Xcode.app/Contents/Developer/Platforms/MacOSX.platform/Developer/SDKs/MacOSX26.1.sdk/usr/include/Darwin_machine.modulemap
/Applications/Xcode.app/Contents/Developer/Platforms/MacOSX.platform/Developer/SDKs/MacOSX26.1.sdk/usr/include/ncurses.modulemap
/Applications/Xcode.app/Contents/Developer/Platforms/MacOSX.platform/Developer/SDKs/MacOSX26.1.sdk/usr/include/netinet6.modulemap
/Applications/Xcode.app/Contents/Developer/Platforms/MacOSX.platform/Developer/SDKs/MacOSX26.1.sdk/usr/include/Darwin_sys.modulemap
/Applications/Xcode.app/Contents/Developer/Platforms/MacOSX.platform/Developer/SDKs/MacOSX26.1.sdk/usr/include/uuid.modulemap
/Applications/Xcode.app/Contents/Developer/Platforms/MacOSX.platform/Developer/SDKs/MacOSX26.1.sdk/usr/include/DarwinFoundation1.modulemap
/Applications/Xcode.app/Contents/Developer/Platforms/MacOSX.platform/Developer/SDKs/MacOSX26.1.sdk/usr/include/libkern/OSCacheControl.h
/Applications/Xcode.app/Contents/Developer/Toolchains/XcodeDefault.xctoolchain/usr/lib/swift/clang/include/module.modulemap
/Applications/Xcode.app/Contents/Developer/Toolchains/XcodeDefault.xctoolchain/usr/lib/swift/clang/include/stddef.h
/Applications/Xcode.app/Contents/Developer/Platforms/MacOSX.platform/Developer/SDKs/MacOSX26.1.sdk/usr/include/libkern/OSDebug.h
/Applications/Xcode.app/Contents/Developer/Platforms/MacOSX.platform/Developer/SDKs/MacOSX26.1.sdk/usr/include/libkern/OSReturn.h
/Applications/Xcode.app/Contents/Developer/Platforms/MacOSX.platform/Developer/SDKs/MacOSX26.1.sdk/usr/include/libkern/OSThermalNotification.h
/Applications/Xcode.app/Contents/Developer/Platforms/MacOSX.platform/Developer/SDKs/MacOSX26.1.sdk/usr/include/libkern/OSTypes.h
/Applications/Xcode.app/Contents/Developer/Platforms/MacOSX.platform/Developer/SDKs/MacOSX26.1.sdk/usr/include/libkern/OSKextLib.h
/Applications/Xcode.app/Contents/Developer/Platforms/MacOSX.platform/Developer/SDKs/MacOSX26.1.sdk/SDKSettings.json
/Applications/Xcode.app/Contents/Developer/Toolchains/XcodeDefault.xctoolchain/usr/lib/swift/macosx/prebuilt-modules/26.1/os.swiftmodule/arm64e-apple-macos.swiftmodule
/Applications/Xcode.app/Contents/Developer/Platforms/MacOSX.platform/Developer/SDKs/MacOSX26.1.sdk/usr/include/os.apinotes
/Applications/Xcode.app/Contents/Developer/Platforms/MacOSX.platform/Developer/SDKs/MacOSX26.1.sdk/usr/include/xpc.modulemap
/Applications/Xcode.app/Contents/Developer/Platforms/MacOSX.platform/Developer/SDKs/MacOSX26.1.sdk/usr/include/DarwinBasic.modulemap
/Applications/Xcode.app/Contents/Developer/Platforms/MacOSX.platform/Developer/SDKs/MacOSX26.1.sdk/usr/include/os.modulemap
/Applications/Xcode.app/Contents/Developer/Platforms/MacOSX.platform/Developer/SDKs/MacOSX26.1.sdk/usr/include/Darwin.modulemap
/Applications/Xcode.app/Contents/Developer/Platforms/MacOSX.platform/Developer/SDKs/MacOSX26.1.sdk/usr/include/Darwin_C.modulemap
/Applications/Xcode.app/Contents/Developer/Platforms/MacOSX.platform/Developer/SDKs/MacOSX26.1.sdk/usr/include/Darwin_POSIX.modulemap
/Applications/Xcode.app/Contents/Developer/Platforms/MacOSX.platform/Developer/SDKs/MacOSX26.1.sdk/usr/include/net.modulemap
/Applications/Xcode.app/Contents/Developer/Platforms/MacOSX.platform/Developer/SDKs/MacOSX26.1.sdk/usr/include/netinet.modulemap
/Applications/Xcode.app/Contents/Developer/Platforms/MacOSX.platform/Developer/SDKs/MacOSX26.1.sdk/usr/include/bank.modulemap
/Applications/Xcode.app/Contents/Developer/Platforms/MacOSX.platform/Developer/SDKs/MacOSX26.1.sdk/usr/include/Darwin_Mach.modulemap
/Applications/Xcode.app/Contents/Developer/Platforms/MacOSX.platform/Developer/SDKs/MacOSX26.1.sdk/usr/include/Darwin_Mach_machine.modulemap
/Applications/Xcode.app/Contents/Developer/Platforms/MacOSX.platform/Developer/SDKs/MacOSX26.1.sdk/usr/include/mach_debug.modulemap
/Applications/Xcode.app/Contents/Developer/Platforms/MacOSX.platform/Developer/SDKs/MacOSX26.1.sdk/usr/include/device.modulemap
/Applications/Xcode.app/Contents/Developer/Platforms/MacOSX.platform/Developer/SDKs/MacOSX26.1.sdk/usr/include/Darwin_machine.modulemap
/Applications/Xcode.app/Contents/Developer/Platforms/MacOSX.platform/Developer/SDKs/MacOSX26.1.sdk/usr/include/ncurses.modulemap
/Applications/Xcode.app/Contents/Developer/Platforms/MacOSX.platform/Developer/SDKs/MacOSX26.1.sdk/usr/include/netinet6.modulemap
/Applications/Xcode.app/Contents/Developer/Platforms/MacOSX.platform/Developer/SDKs/MacOSX26.1.sdk/usr/include/Darwin_sys.modulemap
/Applications/Xcode.app/Contents/Developer/Platforms/MacOSX.platform/Developer/SDKs/MacOSX26.1.sdk/usr/include/uuid.modulemap
/Applications/Xcode.app/Contents/Developer/Platforms/MacOSX.platform/Developer/SDKs/MacOSX26.1.sdk/usr/include/DarwinFoundation2.modulemap
/Applications/Xcode.app/Contents/Developer/Platforms/MacOSX.platform/Developer/SDKs/MacOSX26.1.sdk/usr/include/DarwinFoundation3.modulemap
/Applications/Xcode.app/Contents/Developer/Platforms/MacOSX.platform/Developer/SDKs/MacOSX26.1.sdk/usr/include/DarwinFoundation1.modulemap
/Applications/Xcode.app/Contents/Developer/Platforms/MacOSX.platform/Developer/SDKs/MacOSX26.1.sdk/usr/include/os/atomic.h
/Applications/Xcode.app/Contents/Developer/Toolchains/XcodeDefault.xctoolchain/usr/lib/swift/clang/include/module.modulemap
/Applications/Xcode.app/Contents/Developer/Platforms/MacOSX.platform/Developer/SDKs/MacOSX26.1.sdk/usr/include/os/overflow.h
/Applications/Xcode.app/Contents/Developer/Platforms/MacOSX.platform/Developer/SDKs/MacOSX26.1.sdk/usr/include/os/trace_base.h
/Applications/Xcode.app/Contents/Developer/Toolchains/XcodeDefault.xctoolchain/usr/lib/swift/clang/include/stdarg.h
/Applications/Xcode.app/Contents/Developer/Platforms/MacOSX.platform/Developer/SDKs/MacOSX26.1.sdk/usr/include/os/activity.h
/Applications/Xcode.app/Contents/Developer/Platforms/MacOSX.platform/Developer/SDKs/MacOSX26.1.sdk/usr/include/os/log.h
/Applications/Xcode.app/Contents/Developer/Platforms/MacOSX.platform/Developer/SDKs/MacOSX26.1.sdk/usr/include/os/trace.h
/Applications/Xcode.app/Contents/Developer/Platforms/MacOSX.platform/Developer/SDKs/MacOSX26.1.sdk/usr/include/os/signpost.h
/Applications/Xcode.app/Contents/Developer/Platforms/MacOSX.platform/Developer/SDKs/MacOSX26.1.sdk/usr/include/_modules/_os_lock.h
/Applications/Xcode.app/Contents/Developer/Platforms/MacOSX.platform/Developer/SDKs/MacOSX26.1.sdk/usr/include/_modules/_os_object.h
/Applications/Xcode.app/Contents/Developer/Platforms/MacOSX.platform/Developer/SDKs/MacOSX26.1.sdk/usr/include/_modules/_os_workgroup.h
/Applications/Xcode.app/Contents/Developer/Platforms/MacOSX.platform/Developer/SDKs/MacOSX26.1.sdk/SDKSettings.json
/Applications/Xcode.app/Contents/Developer/Platforms/MacOSX.platform/Developer/SDKs/MacOSX26.1.sdk/usr/include/os.modulemap
/Applications/Xcode.app/Contents/Developer/Platforms/MacOSX.platform/Developer/SDKs/MacOSX26.1.sdk/usr/include/ObjectiveC.modulemap
/Applications/Xcode.app/Contents/Developer/Platforms/MacOSX.platform/Developer/SDKs/MacOSX26.1.sdk/usr/include/Darwin.modulemap
/Applications/Xcode.app/Contents/Developer/Platforms/MacOSX.platform/Developer/SDKs/MacOSX26.1.sdk/usr/include/Darwin_C.modulemap
/Applications/Xcode.app/Contents/Developer/Platforms/MacOSX.platform/Developer/SDKs/MacOSX26.1.sdk/usr/include/Darwin_POSIX.modulemap
/Applications/Xcode.app/Contents/Developer/Platforms/MacOSX.platform/Developer/SDKs/MacOSX26.1.sdk/usr/include/net.modulemap
/Applications/Xcode.app/Contents/Developer/Platforms/MacOSX.platform/Developer/SDKs/MacOSX26.1.sdk/usr/include/netinet.modulemap
/Applications/Xcode.app/Contents/Developer/Platforms/MacOSX.platform/Developer/SDKs/MacOSX26.1.sdk/usr/include/bank.modulemap
/Applications/Xcode.app/Contents/Developer/Platforms/MacOSX.platform/Developer/SDKs/MacOSX26.1.sdk/usr/include/Darwin_Mach.modulemap
/Applications/Xcode.app/Contents/Developer/Platforms/MacOSX.platform/Developer/SDKs/MacOSX26.1.sdk/usr/include/Darwin_Mach_machine.modulemap
/Applications/Xcode.app/Contents/Developer/Platforms/MacOSX.platform/Developer/SDKs/MacOSX26.1.sdk/usr/include/mach_debug.modulemap
/Applications/Xcode.app/Contents/Developer/Platforms/MacOSX.platform/Developer/SDKs/MacOSX26.1.sdk/usr/include/device.modulemap
/Applications/Xcode.app/Contents/Developer/Platforms/MacOSX.platform/Developer/SDKs/MacOSX26.1.sdk/usr/include/Darwin_machine.modulemap
/Applications/Xcode.app/Contents/Developer/Platforms/MacOSX.platform/Developer/SDKs/MacOSX26.1.sdk/usr/include/ncurses.modulemap
/Applications/Xcode.app/Contents/Developer/Platforms/MacOSX.platform/Developer/SDKs/MacOSX26.1.sdk/usr/include/netinet6.modulemap
/Applications/Xcode.app/Contents/Developer/Platforms/MacOSX.platform/Developer/SDKs/MacOSX26.1.sdk/usr/include/Darwin_sys.modulemap
/Applications/Xcode.app/Contents/Developer/Platforms/MacOSX.platform/Developer/SDKs/MacOSX26.1.sdk/usr/include/uuid.modulemap
/Applications/Xcode.app/Contents/Developer/Platforms/MacOSX.platform/Developer/SDKs/MacOSX26.1.sdk/usr/include/DarwinFoundation1.modulemap
/Applications/Xcode.app/Contents/Developer/Platforms/MacOSX.platform/Developer/SDKs/MacOSX26.1.sdk/usr/include/os/object.h
/Applications/Xcode.app/Contents/Developer/Platforms/MacOSX.platform/Developer/SDKs/MacOSX26.1.sdk/SDKSettings.json
/Applications/Xcode.app/Contents/Developer/Platforms/MacOSX.platform/Developer/SDKs/MacOSX26.1.sdk/usr/include/os.modulemap
/Applications/Xcode.app/Contents/Developer/Platforms/MacOSX.platform/Developer/SDKs/MacOSX26.1.sdk/usr/include/Darwin.modulemap
/Applications/Xcode.app/Contents/Developer/Platforms/MacOSX.platform/Developer/SDKs/MacOSX26.1.sdk/usr/include/Darwin_C.modulemap
/Applications/Xcode.app/Contents/Developer/Platforms/MacOSX.platform/Developer/SDKs/MacOSX26.1.sdk/usr/include/Darwin_POSIX.modulemap
/Applications/Xcode.app/Contents/Developer/Platforms/MacOSX.platform/Developer/SDKs/MacOSX26.1.sdk/usr/include/net.modulemap
/Applications/Xcode.app/Contents/Developer/Platforms/MacOSX.platform/Developer/SDKs/MacOSX26.1.sdk/usr/include/netinet.modulemap
/Applications/Xcode.app/Contents/Developer/Platforms/MacOSX.platform/Developer/SDKs/MacOSX26.1.sdk/usr/include/bank.modulemap
/Applications/Xcode.app/Contents/Developer/Platforms/MacOSX.platform/Developer/SDKs/MacOSX26.1.sdk/usr/include/Darwin_Mach.modulemap
/Applications/Xcode.app/Contents/Developer/Platforms/MacOSX.platform/Developer/SDKs/MacOSX26.1.sdk/usr/include/Darwin_Mach_machine.modulemap
/Applications/Xcode.app/Contents/Developer/Platforms/MacOSX.platform/Developer/SDKs/MacOSX26.1.sdk/usr/include/mach_debug.modulemap
/Applications/Xcode.app/Contents/Developer/Platforms/MacOSX.platform/Developer/SDKs/MacOSX26.1.sdk/usr/include/device.modulemap
/Applications/Xcode.app/Contents/Developer/Platforms/MacOSX.platform/Developer/SDKs/MacOSX26.1.sdk/usr/include/Darwin_machine.modulemap
/Applications/Xcode.app/Contents/Developer/Platforms/MacOSX.platform/Developer/SDKs/MacOSX26.1.sdk/usr/include/ncurses.modulemap
/Applications/Xcode.app/Contents/Developer/Platforms/MacOSX.platform/Developer/SDKs/MacOSX26.1.sdk/usr/include/netinet6.modulemap
/Applications/Xcode.app/Contents/Developer/Platforms/MacOSX.platform/Developer/SDKs/MacOSX26.1.sdk/usr/include/Darwin_sys.modulemap
/Applications/Xcode.app/Contents/Developer/Platforms/MacOSX.platform/Developer/SDKs/MacOSX26.1.sdk/usr/include/uuid.modulemap
/Applications/Xcode.app/Contents/Developer/Platforms/MacOSX.platform/Developer/SDKs/MacOSX26.1.sdk/usr/include/DarwinFoundation2.modulemap
/Applications/Xcode.app/Contents/Developer/Platforms/MacOSX.platform/Developer/SDKs/MacOSX26.1.sdk/usr/include/DarwinFoundation3.modulemap
/Applications/Xcode.app/Contents/Developer/Platforms/MacOSX.platform/Developer/SDKs/MacOSX26.1.sdk/usr/include/DarwinFoundation1.modulemap
/Applications/Xcode.app/Contents/Developer/Platforms/MacOSX.platform/Developer/SDKs/MacOSX26.1.sdk/usr/include/os/workgroup.h
/Applications/Xcode.app/Contents/Developer/Platforms/MacOSX.platform/Developer/SDKs/MacOSX26.1.sdk/usr/include/os/workgroup_base.h
/Applications/Xcode.app/Contents/Developer/Toolchains/XcodeDefault.xctoolchain/usr/lib/swift/clang/include/module.modulemap
/Applications/Xcode.app/Contents/Developer/Toolchains/XcodeDefault.xctoolchain/usr/lib/swift/clang/include/stddef.h
/Applications/Xcode.app/Contents/Developer/Platforms/MacOSX.platform/Developer/SDKs/MacOSX26.1.sdk/usr/include/string.h
/Applications/Xcode.app/Contents/Developer/Platforms/MacOSX.platform/Developer/SDKs/MacOSX26.1.sdk/usr/include/stdlib.h
/Applications/Xcode.app/Contents/Developer/Platforms/MacOSX.platform/Developer/SDKs/MacOSX26.1.sdk/usr/include/os/workgroup_object.h
/Applications/Xcode.app/Contents/Developer/Platforms/MacOSX.platform/Developer/SDKs/MacOSX26.1.sdk/usr/include/os/workgroup_interval.h
/Applications/Xcode.app/Contents/Developer/Platforms/MacOSX.platform/Developer/SDKs/MacOSX26.1.sdk/usr/include/os/workgroup_parallel.h
/Applications/Xcode.app/Contents/Developer/Platforms/MacOSX.platform/Developer/SDKs/MacOSX26.1.sdk/SDKSettings.json
/Applications/Xcode.app/Contents/Developer/Toolchains/XcodeDefault.xctoolchain/usr/lib/swift/clang/include/module.modulemap
/Applications/Xcode.app/Contents/Developer/Toolchains/XcodeDefault.xctoolchain/usr/lib/swift/clang/include/ptrauth.h
/Applications/Xcode.app/Contents/Developer/Platforms/MacOSX.platform/Developer/SDKs/MacOSX26.1.sdk/SDKSettings.json
/Applications/Xcode.app/Contents/Developer/Toolchains/XcodeDefault.xctoolchain/usr/lib/swift/clang/include/module.modulemap
/Applications/Xcode.app/Contents/Developer/Toolchains/XcodeDefault.xctoolchain/usr/lib/swift/clang/include/ptrcheck.h
/Applications/Xcode.app/Contents/Developer/Platforms/MacOSX.platform/Developer/SDKs/MacOSX26.1.sdk/SDKSettings.json
/Applications/Xcode.app/Contents/Developer/Platforms/MacOSX.platform/Developer/SDKs/MacOSX26.1.sdk/usr/include/DarwinFoundation2.modulemap
/Applications/Xcode.app/Contents/Developer/Platforms/MacOSX.platform/Developer/SDKs/MacOSX26.1.sdk/usr/include/_modules/_sys_types.h
/Applications/Xcode.app/Contents/Developer/Platforms/MacOSX.platform/Developer/SDKs/MacOSX26.1.sdk/SDKSettings.json

SwiftMergeGeneratedHeaders /Users/rogerlin/Library/Developer/Xcode/DerivedData/FinancialCalculatorKit-ackorybalcxbfocbkqsfdzcfkgmn/Build/Intermediates.noindex/GeneratedModuleMaps/MathJaxSwift-Swift.h /Users/rogerlin/Library/Developer/Xcode/DerivedData/FinancialCalculatorKit-ackorybalcxbfocbkqsfdzcfkgmn/Build/Intermediates.noindex/MathJaxSwift.build/Debug/MathJaxSwift.build/Objects-normal/arm64/MathJaxSwift-Swift.h (in target 'MathJaxSwift' from project 'MathJaxSwift')
    cd /Users/rogerlin/Library/Developer/Xcode/DerivedData/FinancialCalculatorKit-ackorybalcxbfocbkqsfdzcfkgmn/SourcePackages/checkouts/MathJaxSwift
    builtin-swiftHeaderTool -arch arm64 /Users/rogerlin/Library/Developer/Xcode/DerivedData/FinancialCalculatorKit-ackorybalcxbfocbkqsfdzcfkgmn/Build/Intermediates.noindex/MathJaxSwift.build/Debug/MathJaxSwift.build/Objects-normal/arm64/MathJaxSwift-Swift.h -o /Users/rogerlin/Library/Developer/Xcode/DerivedData/FinancialCalculatorKit-ackorybalcxbfocbkqsfdzcfkgmn/Build/Intermediates.noindex/GeneratedModuleMaps/MathJaxSwift-Swift.h

    Task input dependencies:
        /Users/rogerlin/Library/Developer/Xcode/DerivedData/FinancialCalculatorKit-ackorybalcxbfocbkqsfdzcfkgmn/Build/Intermediates.noindex/MathJaxSwift.build/Debug/MathJaxSwift.build/Objects-normal/arm64/MathJaxSwift-Swift.h

    Task output dependencies:
        /Users/rogerlin/Library/Developer/Xcode/DerivedData/FinancialCalculatorKit-ackorybalcxbfocbkqsfdzcfkgmn/Build/Intermediates.noindex/GeneratedModuleMaps/MathJaxSwift-Swift.h

Copy /Users/rogerlin/Library/Developer/Xcode/DerivedData/FinancialCalculatorKit-ackorybalcxbfocbkqsfdzcfkgmn/Build/Products/Debug/MathJaxSwift.swiftmodule/arm64-apple-macos.swiftmodule /Users/rogerlin/Library/Developer/Xcode/DerivedData/FinancialCalculatorKit-ackorybalcxbfocbkqsfdzcfkgmn/Build/Intermediates.noindex/MathJaxSwift.build/Debug/MathJaxSwift.build/Objects-normal/arm64/MathJaxSwift.swiftmodule (in target 'MathJaxSwift' from project 'MathJaxSwift')
    cd /Users/rogerlin/Library/Developer/Xcode/DerivedData/FinancialCalculatorKit-ackorybalcxbfocbkqsfdzcfkgmn/SourcePackages/checkouts/MathJaxSwift
    builtin-copy -exclude .DS_Store -exclude CVS -exclude .svn -exclude .git -exclude .hg -resolve-src-symlinks -rename /Users/rogerlin/Library/Developer/Xcode/DerivedData/FinancialCalculatorKit-ackorybalcxbfocbkqsfdzcfkgmn/Build/Intermediates.noindex/MathJaxSwift.build/Debug/MathJaxSwift.build/Objects-normal/arm64/MathJaxSwift.swiftmodule /Users/rogerlin/Library/Developer/Xcode/DerivedData/FinancialCalculatorKit-ackorybalcxbfocbkqsfdzcfkgmn/Build/Products/Debug/MathJaxSwift.swiftmodule/arm64-apple-macos.swiftmodule

    Task input dependencies:
        /Users/rogerlin/Library/Developer/Xcode/DerivedData/FinancialCalculatorKit-ackorybalcxbfocbkqsfdzcfkgmn/Build/Intermediates.noindex/MathJaxSwift.build/Debug/MathJaxSwift.build/Objects-normal/arm64/MathJaxSwift.swiftmodule/

    Task output dependencies:
        /Users/rogerlin/Library/Developer/Xcode/DerivedData/FinancialCalculatorKit-ackorybalcxbfocbkqsfdzcfkgmn/Build/Products/Debug/MathJaxSwift.swiftmodule/arm64-apple-macos.swiftmodule

Copy /Users/rogerlin/Library/Developer/Xcode/DerivedData/FinancialCalculatorKit-ackorybalcxbfocbkqsfdzcfkgmn/Build/Products/Debug/MathJaxSwift.swiftmodule/arm64-apple-macos.swiftdoc /Users/rogerlin/Library/Developer/Xcode/DerivedData/FinancialCalculatorKit-ackorybalcxbfocbkqsfdzcfkgmn/Build/Intermediates.noindex/MathJaxSwift.build/Debug/MathJaxSwift.build/Objects-normal/arm64/MathJaxSwift.swiftdoc (in target 'MathJaxSwift' from project 'MathJaxSwift')
    cd /Users/rogerlin/Library/Developer/Xcode/DerivedData/FinancialCalculatorKit-ackorybalcxbfocbkqsfdzcfkgmn/SourcePackages/checkouts/MathJaxSwift
    builtin-copy -exclude .DS_Store -exclude CVS -exclude .svn -exclude .git -exclude .hg -resolve-src-symlinks -rename /Users/rogerlin/Library/Developer/Xcode/DerivedData/FinancialCalculatorKit-ackorybalcxbfocbkqsfdzcfkgmn/Build/Intermediates.noindex/MathJaxSwift.build/Debug/MathJaxSwift.build/Objects-normal/arm64/MathJaxSwift.swiftdoc /Users/rogerlin/Library/Developer/Xcode/DerivedData/FinancialCalculatorKit-ackorybalcxbfocbkqsfdzcfkgmn/Build/Products/Debug/MathJaxSwift.swiftmodule/arm64-apple-macos.swiftdoc

    Task input dependencies:
        /Users/rogerlin/Library/Developer/Xcode/DerivedData/FinancialCalculatorKit-ackorybalcxbfocbkqsfdzcfkgmn/Build/Intermediates.noindex/MathJaxSwift.build/Debug/MathJaxSwift.build/Objects-normal/arm64/MathJaxSwift.swiftdoc/

    Task output dependencies:
        /Users/rogerlin/Library/Developer/Xcode/DerivedData/FinancialCalculatorKit-ackorybalcxbfocbkqsfdzcfkgmn/Build/Products/Debug/MathJaxSwift.swiftmodule/arm64-apple-macos.swiftdoc

Copy /Users/rogerlin/Library/Developer/Xcode/DerivedData/FinancialCalculatorKit-ackorybalcxbfocbkqsfdzcfkgmn/Build/Products/Debug/MathJaxSwift.swiftmodule/arm64-apple-macos.abi.json /Users/rogerlin/Library/Developer/Xcode/DerivedData/FinancialCalculatorKit-ackorybalcxbfocbkqsfdzcfkgmn/Build/Intermediates.noindex/MathJaxSwift.build/Debug/MathJaxSwift.build/Objects-normal/arm64/MathJaxSwift.abi.json (in target 'MathJaxSwift' from project 'MathJaxSwift')
    cd /Users/rogerlin/Library/Developer/Xcode/DerivedData/FinancialCalculatorKit-ackorybalcxbfocbkqsfdzcfkgmn/SourcePackages/checkouts/MathJaxSwift
    builtin-copy -exclude .DS_Store -exclude CVS -exclude .svn -exclude .git -exclude .hg -resolve-src-symlinks -rename /Users/rogerlin/Library/Developer/Xcode/DerivedData/FinancialCalculatorKit-ackorybalcxbfocbkqsfdzcfkgmn/Build/Intermediates.noindex/MathJaxSwift.build/Debug/MathJaxSwift.build/Objects-normal/arm64/MathJaxSwift.abi.json /Users/rogerlin/Library/Developer/Xcode/DerivedData/FinancialCalculatorKit-ackorybalcxbfocbkqsfdzcfkgmn/Build/Products/Debug/MathJaxSwift.swiftmodule/arm64-apple-macos.abi.json

    Task input dependencies:
        /Users/rogerlin/Library/Developer/Xcode/DerivedData/FinancialCalculatorKit-ackorybalcxbfocbkqsfdzcfkgmn/Build/Intermediates.noindex/MathJaxSwift.build/Debug/MathJaxSwift.build/Objects-normal/arm64/MathJaxSwift.abi.json/

    Task output dependencies:
        /Users/rogerlin/Library/Developer/Xcode/DerivedData/FinancialCalculatorKit-ackorybalcxbfocbkqsfdzcfkgmn/Build/Products/Debug/MathJaxSwift.swiftmodule/arm64-apple-macos.abi.json

SwiftDriverJobDiscovery normal arm64 Compiling Limbs.swift (in target 'BigInt' from project 'BigInt')

Copy /Users/rogerlin/Library/Developer/Xcode/DerivedData/FinancialCalculatorKit-ackorybalcxbfocbkqsfdzcfkgmn/Build/Products/Debug/MathJaxSwift.swiftmodule/Project/arm64-apple-macos.swiftsourceinfo /Users/rogerlin/Library/Developer/Xcode/DerivedData/FinancialCalculatorKit-ackorybalcxbfocbkqsfdzcfkgmn/Build/Intermediates.noindex/MathJaxSwift.build/Debug/MathJaxSwift.build/Objects-normal/arm64/MathJaxSwift.swiftsourceinfo (in target 'MathJaxSwift' from project 'MathJaxSwift')
    cd /Users/rogerlin/Library/Developer/Xcode/DerivedData/FinancialCalculatorKit-ackorybalcxbfocbkqsfdzcfkgmn/SourcePackages/checkouts/MathJaxSwift
    builtin-copy -exclude .DS_Store -exclude CVS -exclude .svn -exclude .git -exclude .hg -resolve-src-symlinks -rename /Users/rogerlin/Library/Developer/Xcode/DerivedData/FinancialCalculatorKit-ackorybalcxbfocbkqsfdzcfkgmn/Build/Intermediates.noindex/MathJaxSwift.build/Debug/MathJaxSwift.build/Objects-normal/arm64/MathJaxSwift.swiftsourceinfo /Users/rogerlin/Library/Developer/Xcode/DerivedData/FinancialCalculatorKit-ackorybalcxbfocbkqsfdzcfkgmn/Build/Products/Debug/MathJaxSwift.swiftmodule/Project/arm64-apple-macos.swiftsourceinfo

    Task input dependencies:
        /Users/rogerlin/Library/Developer/Xcode/DerivedData/FinancialCalculatorKit-ackorybalcxbfocbkqsfdzcfkgmn/Build/Intermediates.noindex/MathJaxSwift.build/Debug/MathJaxSwift.build/Objects-normal/arm64/MathJaxSwift.swiftsourceinfo/

    Task output dependencies:
        /Users/rogerlin/Library/Developer/Xcode/DerivedData/FinancialCalculatorKit-ackorybalcxbfocbkqsfdzcfkgmn/Build/Products/Debug/MathJaxSwift.swiftmodule/Project/arm64-apple-macos.swiftsourceinfo

SwiftMergeGeneratedHeaders /Users/rogerlin/Library/Developer/Xcode/DerivedData/FinancialCalculatorKit-ackorybalcxbfocbkqsfdzcfkgmn/Build/Intermediates.noindex/GeneratedModuleMaps/IssueReporting-Swift.h /Users/rogerlin/Library/Developer/Xcode/DerivedData/FinancialCalculatorKit-ackorybalcxbfocbkqsfdzcfkgmn/Build/Intermediates.noindex/xctest-dynamic-overlay.build/Debug/IssueReporting.build/Objects-normal/arm64/IssueReporting-Swift.h (in target 'IssueReporting' from project 'xctest-dynamic-overlay')
    cd /Users/rogerlin/Library/Developer/Xcode/DerivedData/FinancialCalculatorKit-ackorybalcxbfocbkqsfdzcfkgmn/SourcePackages/checkouts/xctest-dynamic-overlay
    builtin-swiftHeaderTool -arch arm64 /Users/rogerlin/Library/Developer/Xcode/DerivedData/FinancialCalculatorKit-ackorybalcxbfocbkqsfdzcfkgmn/Build/Intermediates.noindex/xctest-dynamic-overlay.build/Debug/IssueReporting.build/Objects-normal/arm64/IssueReporting-Swift.h -o /Users/rogerlin/Library/Developer/Xcode/DerivedData/FinancialCalculatorKit-ackorybalcxbfocbkqsfdzcfkgmn/Build/Intermediates.noindex/GeneratedModuleMaps/IssueReporting-Swift.h

    Task input dependencies:
        /Users/rogerlin/Library/Developer/Xcode/DerivedData/FinancialCalculatorKit-ackorybalcxbfocbkqsfdzcfkgmn/Build/Intermediates.noindex/xctest-dynamic-overlay.build/Debug/IssueReporting.build/Objects-normal/arm64/IssueReporting-Swift.h

    Task output dependencies:
        /Users/rogerlin/Library/Developer/Xcode/DerivedData/FinancialCalculatorKit-ackorybalcxbfocbkqsfdzcfkgmn/Build/Intermediates.noindex/GeneratedModuleMaps/IssueReporting-Swift.h

Copy /Users/rogerlin/Library/Developer/Xcode/DerivedData/FinancialCalculatorKit-ackorybalcxbfocbkqsfdzcfkgmn/Build/Products/Debug/IssueReporting.swiftmodule/arm64-apple-macos.swiftmodule /Users/rogerlin/Library/Developer/Xcode/DerivedData/FinancialCalculatorKit-ackorybalcxbfocbkqsfdzcfkgmn/Build/Intermediates.noindex/xctest-dynamic-overlay.build/Debug/IssueReporting.build/Objects-normal/arm64/IssueReporting.swiftmodule (in target 'IssueReporting' from project 'xctest-dynamic-overlay')
    cd /Users/rogerlin/Library/Developer/Xcode/DerivedData/FinancialCalculatorKit-ackorybalcxbfocbkqsfdzcfkgmn/SourcePackages/checkouts/xctest-dynamic-overlay
    builtin-copy -exclude .DS_Store -exclude CVS -exclude .svn -exclude .git -exclude .hg -resolve-src-symlinks -rename /Users/rogerlin/Library/Developer/Xcode/DerivedData/FinancialCalculatorKit-ackorybalcxbfocbkqsfdzcfkgmn/Build/Intermediates.noindex/xctest-dynamic-overlay.build/Debug/IssueReporting.build/Objects-normal/arm64/IssueReporting.swiftmodule /Users/rogerlin/Library/Developer/Xcode/DerivedData/FinancialCalculatorKit-ackorybalcxbfocbkqsfdzcfkgmn/Build/Products/Debug/IssueReporting.swiftmodule/arm64-apple-macos.swiftmodule

    Task input dependencies:
        /Users/rogerlin/Library/Developer/Xcode/DerivedData/FinancialCalculatorKit-ackorybalcxbfocbkqsfdzcfkgmn/Build/Intermediates.noindex/xctest-dynamic-overlay.build/Debug/IssueReporting.build/Objects-normal/arm64/IssueReporting.swiftmodule/

    Task output dependencies:
        /Users/rogerlin/Library/Developer/Xcode/DerivedData/FinancialCalculatorKit-ackorybalcxbfocbkqsfdzcfkgmn/Build/Products/Debug/IssueReporting.swiftmodule/arm64-apple-macos.swiftmodule

Copy /Users/rogerlin/Library/Developer/Xcode/DerivedData/FinancialCalculatorKit-ackorybalcxbfocbkqsfdzcfkgmn/Build/Products/Debug/IssueReporting.swiftmodule/arm64-apple-macos.swiftdoc /Users/rogerlin/Library/Developer/Xcode/DerivedData/FinancialCalculatorKit-ackorybalcxbfocbkqsfdzcfkgmn/Build/Intermediates.noindex/xctest-dynamic-overlay.build/Debug/IssueReporting.build/Objects-normal/arm64/IssueReporting.swiftdoc (in target 'IssueReporting' from project 'xctest-dynamic-overlay')
    cd /Users/rogerlin/Library/Developer/Xcode/DerivedData/FinancialCalculatorKit-ackorybalcxbfocbkqsfdzcfkgmn/SourcePackages/checkouts/xctest-dynamic-overlay
    builtin-copy -exclude .DS_Store -exclude CVS -exclude .svn -exclude .git -exclude .hg -resolve-src-symlinks -rename /Users/rogerlin/Library/Developer/Xcode/DerivedData/FinancialCalculatorKit-ackorybalcxbfocbkqsfdzcfkgmn/Build/Intermediates.noindex/xctest-dynamic-overlay.build/Debug/IssueReporting.build/Objects-normal/arm64/IssueReporting.swiftdoc /Users/rogerlin/Library/Developer/Xcode/DerivedData/FinancialCalculatorKit-ackorybalcxbfocbkqsfdzcfkgmn/Build/Products/Debug/IssueReporting.swiftmodule/arm64-apple-macos.swiftdoc

    Task input dependencies:
        /Users/rogerlin/Library/Developer/Xcode/DerivedData/FinancialCalculatorKit-ackorybalcxbfocbkqsfdzcfkgmn/Build/Intermediates.noindex/xctest-dynamic-overlay.build/Debug/IssueReporting.build/Objects-normal/arm64/IssueReporting.swiftdoc/

    Task output dependencies:
        /Users/rogerlin/Library/Developer/Xcode/DerivedData/FinancialCalculatorKit-ackorybalcxbfocbkqsfdzcfkgmn/Build/Products/Debug/IssueReporting.swiftmodule/arm64-apple-macos.swiftdoc

Copy /Users/rogerlin/Library/Developer/Xcode/DerivedData/FinancialCalculatorKit-ackorybalcxbfocbkqsfdzcfkgmn/Build/Products/Debug/IssueReporting.swiftmodule/arm64-apple-macos.abi.json /Users/rogerlin/Library/Developer/Xcode/DerivedData/FinancialCalculatorKit-ackorybalcxbfocbkqsfdzcfkgmn/Build/Intermediates.noindex/xctest-dynamic-overlay.build/Debug/IssueReporting.build/Objects-normal/arm64/IssueReporting.abi.json (in target 'IssueReporting' from project 'xctest-dynamic-overlay')
    cd /Users/rogerlin/Library/Developer/Xcode/DerivedData/FinancialCalculatorKit-ackorybalcxbfocbkqsfdzcfkgmn/SourcePackages/checkouts/xctest-dynamic-overlay
    builtin-copy -exclude .DS_Store -exclude CVS -exclude .svn -exclude .git -exclude .hg -resolve-src-symlinks -rename /Users/rogerlin/Library/Developer/Xcode/DerivedData/FinancialCalculatorKit-ackorybalcxbfocbkqsfdzcfkgmn/Build/Intermediates.noindex/xctest-dynamic-overlay.build/Debug/IssueReporting.build/Objects-normal/arm64/IssueReporting.abi.json /Users/rogerlin/Library/Developer/Xcode/DerivedData/FinancialCalculatorKit-ackorybalcxbfocbkqsfdzcfkgmn/Build/Products/Debug/IssueReporting.swiftmodule/arm64-apple-macos.abi.json

    Task input dependencies:
        /Users/rogerlin/Library/Developer/Xcode/DerivedData/FinancialCalculatorKit-ackorybalcxbfocbkqsfdzcfkgmn/Build/Intermediates.noindex/xctest-dynamic-overlay.build/Debug/IssueReporting.build/Objects-normal/arm64/IssueReporting.abi.json/

    Task output dependencies:
        /Users/rogerlin/Library/Developer/Xcode/DerivedData/FinancialCalculatorKit-ackorybalcxbfocbkqsfdzcfkgmn/Build/Products/Debug/IssueReporting.swiftmodule/arm64-apple-macos.abi.json

Copy /Users/rogerlin/Library/Developer/Xcode/DerivedData/FinancialCalculatorKit-ackorybalcxbfocbkqsfdzcfkgmn/Build/Products/Debug/IssueReporting.swiftmodule/Project/arm64-apple-macos.swiftsourceinfo /Users/rogerlin/Library/Developer/Xcode/DerivedData/FinancialCalculatorKit-ackorybalcxbfocbkqsfdzcfkgmn/Build/Intermediates.noindex/xctest-dynamic-overlay.build/Debug/IssueReporting.build/Objects-normal/arm64/IssueReporting.swiftsourceinfo (in target 'IssueReporting' from project 'xctest-dynamic-overlay')
    cd /Users/rogerlin/Library/Developer/Xcode/DerivedData/FinancialCalculatorKit-ackorybalcxbfocbkqsfdzcfkgmn/SourcePackages/checkouts/xctest-dynamic-overlay
    builtin-copy -exclude .DS_Store -exclude CVS -exclude .svn -exclude .git -exclude .hg -resolve-src-symlinks -rename /Users/rogerlin/Library/Developer/Xcode/DerivedData/FinancialCalculatorKit-ackorybalcxbfocbkqsfdzcfkgmn/Build/Intermediates.noindex/xctest-dynamic-overlay.build/Debug/IssueReporting.build/Objects-normal/arm64/IssueReporting.swiftsourceinfo /Users/rogerlin/Library/Developer/Xcode/DerivedData/FinancialCalculatorKit-ackorybalcxbfocbkqsfdzcfkgmn/Build/Products/Debug/IssueReporting.swiftmodule/Project/arm64-apple-macos.swiftsourceinfo

    Task input dependencies:
        /Users/rogerlin/Library/Developer/Xcode/DerivedData/FinancialCalculatorKit-ackorybalcxbfocbkqsfdzcfkgmn/Build/Intermediates.noindex/xctest-dynamic-overlay.build/Debug/IssueReporting.build/Objects-normal/arm64/IssueReporting.swiftsourceinfo/

    Task output dependencies:
        /Users/rogerlin/Library/Developer/Xcode/DerivedData/FinancialCalculatorKit-ackorybalcxbfocbkqsfdzcfkgmn/Build/Products/Debug/IssueReporting.swiftmodule/Project/arm64-apple-macos.swiftsourceinfo

SwiftCompile normal arm64 Compiling\ OutputProcessorOptions.swift,\ SVGOutputProcessorOptions.swift /Users/rogerlin/Library/Developer/Xcode/DerivedData/FinancialCalculatorKit-ackorybalcxbfocbkqsfdzcfkgmn/SourcePackages/checkouts/MathJaxSwift/Sources/MathJaxSwift/Options/Output/OutputProcessorOptions.swift /Users/rogerlin/Library/Developer/Xcode/DerivedData/FinancialCalculatorKit-ackorybalcxbfocbkqsfdzcfkgmn/SourcePackages/checkouts/MathJaxSwift/Sources/MathJaxSwift/Options/Output/SVGOutputProcessorOptions.swift (in target 'MathJaxSwift' from project 'MathJaxSwift')
/Applications/Xcode.app/Contents/Developer/Toolchains/XcodeDefault.xctoolchain/usr/bin/swift-frontend -frontend -c /Users/rogerlin/Library/Developer/Xcode/DerivedData/FinancialCalculatorKit-ackorybalcxbfocbkqsfdzcfkgmn/Build/Intermediates.noindex/MathJaxSwift.build/Debug/MathJaxSwift.build/DerivedSources/resource_bundle_accessor.swift /Users/rogerlin/Library/Developer/Xcode/DerivedData/FinancialCalculatorKit-ackorybalcxbfocbkqsfdzcfkgmn/SourcePackages/checkouts/MathJaxSwift/Sources/MathJaxSwift/Conversions/AM/AM2CHTML.swift /Users/rogerlin/Library/Developer/Xcode/DerivedData/FinancialCalculatorKit-ackorybalcxbfocbkqsfdzcfkgmn/SourcePackages/checkouts/MathJaxSwift/Sources/MathJaxSwift/Conversions/AM/AM2MML.swift /Users/rogerlin/Library/Developer/Xcode/DerivedData/FinancialCalculatorKit-ackorybalcxbfocbkqsfdzcfkgmn/SourcePackages/checkouts/MathJaxSwift/Sources/MathJaxSwift/Conversions/MML/MML2CHTML.swift /Users/rogerlin/Library/Developer/Xcode/DerivedData/FinancialCalculatorKit-ackorybalcxbfocbkqsfdzcfkgmn/SourcePackages/checkouts/MathJaxSwift/Sources/MathJaxSwift/Conversions/MML/MML2SVG.swift /Users/rogerlin/Library/Developer/Xcode/DerivedData/FinancialCalculatorKit-ackorybalcxbfocbkqsfdzcfkgmn/SourcePackages/checkouts/MathJaxSwift/Sources/MathJaxSwift/Conversions/TeX/TeX2CHTML.swift /Users/rogerlin/Library/Developer/Xcode/DerivedData/FinancialCalculatorKit-ackorybalcxbfocbkqsfdzcfkgmn/SourcePackages/checkouts/MathJaxSwift/Sources/MathJaxSwift/Conversions/TeX/TeX2MML.swift /Users/rogerlin/Library/Developer/Xcode/DerivedData/FinancialCalculatorKit-ackorybalcxbfocbkqsfdzcfkgmn/SourcePackages/checkouts/MathJaxSwift/Sources/MathJaxSwift/Conversions/TeX/TeX2SVG.swift /Users/rogerlin/Library/Developer/Xcode/DerivedData/FinancialCalculatorKit-ackorybalcxbfocbkqsfdzcfkgmn/SourcePackages/checkouts/MathJaxSwift/Sources/MathJaxSwift/Internal/Constants.swift /Users/rogerlin/Library/Developer/Xcode/DerivedData/FinancialCalculatorKit-ackorybalcxbfocbkqsfdzcfkgmn/SourcePackages/checkouts/MathJaxSwift/Sources/MathJaxSwift/Internal/Function.swift /Users/rogerlin/Library/Developer/Xcode/DerivedData/FinancialCalculatorKit-ackorybalcxbfocbkqsfdzcfkgmn/SourcePackages/checkouts/MathJaxSwift/Sources/MathJaxSwift/Internal/MathJaxError.swift /Users/rogerlin/Library/Developer/Xcode/DerivedData/FinancialCalculatorKit-ackorybalcxbfocbkqsfdzcfkgmn/SourcePackages/checkouts/MathJaxSwift/Sources/MathJaxSwift/Internal/PackageLock.swift /Users/rogerlin/Library/Developer/Xcode/DerivedData/FinancialCalculatorKit-ackorybalcxbfocbkqsfdzcfkgmn/SourcePackages/checkouts/MathJaxSwift/Sources/MathJaxSwift/Internal/Parsing/HTMLParser.swift /Users/rogerlin/Library/Developer/Xcode/DerivedData/FinancialCalculatorKit-ackorybalcxbfocbkqsfdzcfkgmn/SourcePackages/checkouts/MathJaxSwift/Sources/MathJaxSwift/Internal/Parsing/MMLParser.swift /Users/rogerlin/Library/Developer/Xcode/DerivedData/FinancialCalculatorKit-ackorybalcxbfocbkqsfdzcfkgmn/SourcePackages/checkouts/MathJaxSwift/Sources/MathJaxSwift/Internal/Parsing/Parser.swift /Users/rogerlin/Library/Developer/Xcode/DerivedData/FinancialCalculatorKit-ackorybalcxbfocbkqsfdzcfkgmn/SourcePackages/checkouts/MathJaxSwift/Sources/MathJaxSwift/Internal/Parsing/SVGParser.swift /Users/rogerlin/Library/Developer/Xcode/DerivedData/FinancialCalculatorKit-ackorybalcxbfocbkqsfdzcfkgmn/SourcePackages/checkouts/MathJaxSwift/Sources/MathJaxSwift/MathJax.swift /Users/rogerlin/Library/Developer/Xcode/DerivedData/FinancialCalculatorKit-ackorybalcxbfocbkqsfdzcfkgmn/SourcePackages/checkouts/MathJaxSwift/Sources/MathJaxSwift/Options/ConversionOptions.swift /Users/rogerlin/Library/Developer/Xcode/DerivedData/FinancialCalculatorKit-ackorybalcxbfocbkqsfdzcfkgmn/SourcePackages/checkouts/MathJaxSwift/Sources/MathJaxSwift/Options/Document/A11YOptions.swift /Users/rogerlin/Library/Developer/Xcode/DerivedData/FinancialCalculatorKit-ackorybalcxbfocbkqsfdzcfkgmn/SourcePackages/checkouts/MathJaxSwift/Sources/MathJaxSwift/Options/Document/DocumentOptions.swift /Users/rogerlin/Library/Developer/Xcode/DerivedData/FinancialCalculatorKit-ackorybalcxbfocbkqsfdzcfkgmn/SourcePackages/checkouts/MathJaxSwift/Sources/MathJaxSwift/Options/Document/Menu/MenuOptions.swift /Users/rogerlin/Library/Developer/Xcode/DerivedData/FinancialCalculatorKit-ackorybalcxbfocbkqsfdzcfkgmn/SourcePackages/checkouts/MathJaxSwift/Sources/MathJaxSwift/Options/Document/Menu/MenuOptionsSettings.swift /Users/rogerlin/Library/Developer/Xcode/DerivedData/FinancialCalculatorKit-ackorybalcxbfocbkqsfdzcfkgmn/SourcePackages/checkouts/MathJaxSwift/Sources/MathJaxSwift/Options/Document/SREOptions.swift /Users/rogerlin/Library/Developer/Xcode/DerivedData/FinancialCalculatorKit-ackorybalcxbfocbkqsfdzcfkgmn/SourcePackages/checkouts/MathJaxSwift/Sources/MathJaxSwift/Options/Document/Safe/AllowOptions.swift /Users/rogerlin/Library/Developer/Xcode/DerivedData/FinancialCalculatorKit-ackorybalcxbfocbkqsfdzcfkgmn/SourcePackages/checkouts/MathJaxSwift/Sources/MathJaxSwift/Options/Document/Safe/SafeOptions.swift /Users/rogerlin/Library/Developer/Xcode/DerivedData/FinancialCalculatorKit-ackorybalcxbfocbkqsfdzcfkgmn/SourcePackages/checkouts/MathJaxSwift/Sources/MathJaxSwift/Options/Document/Safe/SafeProtocols.swift /Users/rogerlin/Library/Developer/Xcode/DerivedData/FinancialCalculatorKit-ackorybalcxbfocbkqsfdzcfkgmn/SourcePackages/checkouts/MathJaxSwift/Sources/MathJaxSwift/Options/Document/Safe/SafeStyles.swift /Users/rogerlin/Library/Developer/Xcode/DerivedData/FinancialCalculatorKit-ackorybalcxbfocbkqsfdzcfkgmn/SourcePackages/checkouts/MathJaxSwift/Sources/MathJaxSwift/Options/Input/AMInputProcessorOptions.swift /Users/rogerlin/Library/Developer/Xcode/DerivedData/FinancialCalculatorKit-ackorybalcxbfocbkqsfdzcfkgmn/SourcePackages/checkouts/MathJaxSwift/Sources/MathJaxSwift/Options/Input/InputProcessorOptions.swift /Users/rogerlin/Library/Developer/Xcode/DerivedData/FinancialCalculatorKit-ackorybalcxbfocbkqsfdzcfkgmn/SourcePackages/checkouts/MathJaxSwift/Sources/MathJaxSwift/Options/Input/MMLInputProcessorOptions.swift /Users/rogerlin/Library/Developer/Xcode/DerivedData/FinancialCalculatorKit-ackorybalcxbfocbkqsfdzcfkgmn/SourcePackages/checkouts/MathJaxSwift/Sources/MathJaxSwift/Options/Input/TeX\ Packages/AMSCDOptions.swift /Users/rogerlin/Library/Developer/Xcode/DerivedData/FinancialCalculatorKit-ackorybalcxbfocbkqsfdzcfkgmn/SourcePackages/checkouts/MathJaxSwift/Sources/MathJaxSwift/Options/Input/TeX\ Packages/AMSOptions.swift /Users/rogerlin/Library/Developer/Xcode/DerivedData/FinancialCalculatorKit-ackorybalcxbfocbkqsfdzcfkgmn/SourcePackages/checkouts/MathJaxSwift/Sources/MathJaxSwift/Options/Input/TeX\ Packages/AutoloadOptions.swift /Users/rogerlin/Library/Developer/Xcode/DerivedData/FinancialCalculatorKit-ackorybalcxbfocbkqsfdzcfkgmn/SourcePackages/checkouts/MathJaxSwift/Sources/MathJaxSwift/Options/Input/TeX\ Packages/ColorOptions.swift /Users/rogerlin/Library/Developer/Xcode/DerivedData/FinancialCalculatorKit-ackorybalcxbfocbkqsfdzcfkgmn/SourcePackages/checkouts/MathJaxSwift/Sources/MathJaxSwift/Options/Input/TeX\ Packages/MathtoolsOptions.swift /Users/rogerlin/Library/Developer/Xcode/DerivedData/FinancialCalculatorKit-ackorybalcxbfocbkqsfdzcfkgmn/SourcePackages/checkouts/MathJaxSwift/Sources/MathJaxSwift/Options/Input/TeX\ Packages/NoundefinedOptions.swift /Users/rogerlin/Library/Developer/Xcode/DerivedData/FinancialCalculatorKit-ackorybalcxbfocbkqsfdzcfkgmn/SourcePackages/checkouts/MathJaxSwift/Sources/MathJaxSwift/Options/Input/TeX\ Packages/PhysicsOptions.swift /Users/rogerlin/Library/Developer/Xcode/DerivedData/FinancialCalculatorKit-ackorybalcxbfocbkqsfdzcfkgmn/SourcePackages/checkouts/MathJaxSwift/Sources/MathJaxSwift/Options/Input/TeX\ Packages/RequireOptions.swift /Users/rogerlin/Library/Developer/Xcode/DerivedData/FinancialCalculatorKit-ackorybalcxbfocbkqsfdzcfkgmn/SourcePackages/checkouts/MathJaxSwift/Sources/MathJaxSwift/Options/Input/TeX\ Packages/SetOptions.swift /Users/rogerlin/Library/Developer/Xcode/DerivedData/FinancialCalculatorKit-ackorybalcxbfocbkqsfdzcfkgmn/SourcePackages/checkouts/MathJaxSwift/Sources/MathJaxSwift/Options/Input/TeX\ Packages/TagFormatOptions.swift /Users/rogerlin/Library/Developer/Xcode/DerivedData/FinancialCalculatorKit-ackorybalcxbfocbkqsfdzcfkgmn/SourcePackages/checkouts/MathJaxSwift/Sources/MathJaxSwift/Options/Input/TeXInputProcessorOptions.swift /Users/rogerlin/Library/Developer/Xcode/DerivedData/FinancialCalculatorKit-ackorybalcxbfocbkqsfdzcfkgmn/SourcePackages/checkouts/MathJaxSwift/Sources/MathJaxSwift/Options/Output/CHTMLOutputProcessorOptions.swift -primary-file /Users/rogerlin/Library/Developer/Xcode/DerivedData/FinancialCalculatorKit-ackorybalcxbfocbkqsfdzcfkgmn/SourcePackages/checkouts/MathJaxSwift/Sources/MathJaxSwift/Options/Output/OutputProcessorOptions.swift -primary-file /Users/rogerlin/Library/Developer/Xcode/DerivedData/FinancialCalculatorKit-ackorybalcxbfocbkqsfdzcfkgmn/SourcePackages/checkouts/MathJaxSwift/Sources/MathJaxSwift/Options/Output/SVGOutputProcessorOptions.swift -emit-dependencies-path /Users/rogerlin/Library/Developer/Xcode/DerivedData/FinancialCalculatorKit-ackorybalcxbfocbkqsfdzcfkgmn/Build/Intermediates.noindex/MathJaxSwift.build/Debug/MathJaxSwift.build/Objects-normal/arm64/OutputProcessorOptions.d -emit-const-values-path /Users/rogerlin/Library/Developer/Xcode/DerivedData/FinancialCalculatorKit-ackorybalcxbfocbkqsfdzcfkgmn/Build/Intermediates.noindex/MathJaxSwift.build/Debug/MathJaxSwift.build/Objects-normal/arm64/OutputProcessorOptions.swiftconstvalues -emit-reference-dependencies-path /Users/rogerlin/Library/Developer/Xcode/DerivedData/FinancialCalculatorKit-ackorybalcxbfocbkqsfdzcfkgmn/Build/Intermediates.noindex/MathJaxSwift.build/Debug/MathJaxSwift.build/Objects-normal/arm64/OutputProcessorOptions.swiftdeps -serialize-diagnostics-path /Users/rogerlin/Library/Developer/Xcode/DerivedData/FinancialCalculatorKit-ackorybalcxbfocbkqsfdzcfkgmn/Build/Intermediates.noindex/MathJaxSwift.build/Debug/MathJaxSwift.build/Objects-normal/arm64/OutputProcessorOptions.dia -emit-dependencies-path /Users/rogerlin/Library/Developer/Xcode/DerivedData/FinancialCalculatorKit-ackorybalcxbfocbkqsfdzcfkgmn/Build/Intermediates.noindex/MathJaxSwift.build/Debug/MathJaxSwift.build/Objects-normal/arm64/SVGOutputProcessorOptions.d -emit-const-values-path /Users/rogerlin/Library/Developer/Xcode/DerivedData/FinancialCalculatorKit-ackorybalcxbfocbkqsfdzcfkgmn/Build/Intermediates.noindex/MathJaxSwift.build/Debug/MathJaxSwift.build/Objects-normal/arm64/SVGOutputProcessorOptions.swiftconstvalues -emit-reference-dependencies-path /Users/rogerlin/Library/Developer/Xcode/DerivedData/FinancialCalculatorKit-ackorybalcxbfocbkqsfdzcfkgmn/Build/Intermediates.noindex/MathJaxSwift.build/Debug/MathJaxSwift.build/Objects-normal/arm64/SVGOutputProcessorOptions.swiftdeps -serialize-diagnostics-path /Users/rogerlin/Library/Developer/Xcode/DerivedData/FinancialCalculatorKit-ackorybalcxbfocbkqsfdzcfkgmn/Build/Intermediates.noindex/MathJaxSwift.build/Debug/MathJaxSwift.build/Objects-normal/arm64/SVGOutputProcessorOptions.dia -target arm64-apple-macos10.15 -load-resolved-plugin /Applications/Xcode.app/Contents/Developer/Platforms/MacOSX.platform/Developer/usr/lib/swift/host/plugins/libFoundationMacros.dylib\#/Applications/Xcode.app/Contents/Developer/Platforms/MacOSX.platform/Developer/usr/bin/swift-plugin-server\#FoundationMacros -load-resolved-plugin /Applications/Xcode.app/Contents/Developer/Platforms/MacOSX.platform/Developer/usr/lib/swift/host/plugins/libObservationMacros.dylib\#/Applications/Xcode.app/Contents/Developer/Platforms/MacOSX.platform/Developer/usr/bin/swift-plugin-server\#ObservationMacros -load-resolved-plugin /Applications/Xcode.app/Contents/Developer/Platforms/MacOSX.platform/Developer/usr/lib/swift/host/plugins/libSwiftMacros.dylib\#/Applications/Xcode.app/Contents/Developer/Platforms/MacOSX.platform/Developer/usr/bin/swift-plugin-server\#SwiftMacros -disable-implicit-swift-modules -Xcc -fno-implicit-modules -Xcc -fno-implicit-module-maps -explicit-swift-module-map-file /Users/rogerlin/Library/Developer/Xcode/DerivedData/FinancialCalculatorKit-ackorybalcxbfocbkqsfdzcfkgmn/Build/Intermediates.noindex/MathJaxSwift.build/Debug/MathJaxSwift.build/Objects-normal/arm64/MathJaxSwift-dependencies-1.json -Xllvm -aarch64-use-tbi -enable-objc-interop -stack-check -sdk /Applications/Xcode.app/Contents/Developer/Platforms/MacOSX.platform/Developer/SDKs/MacOSX26.1.sdk -I /Users/rogerlin/Library/Developer/Xcode/DerivedData/FinancialCalculatorKit-ackorybalcxbfocbkqsfdzcfkgmn/Build/Products/Debug -Isystem /Applications/Xcode.app/Contents/Developer/Platforms/MacOSX.platform/Developer/usr/lib -F /Users/rogerlin/Library/Developer/Xcode/DerivedData/FinancialCalculatorKit-ackorybalcxbfocbkqsfdzcfkgmn/Build/Products/Debug -F /Applications/Xcode.app/Contents/Developer/Platforms/MacOSX.platform/Developer/Library/Frameworks -no-color-diagnostics -Xcc -fno-color-diagnostics -enable-testing -g -debug-info-format\=dwarf -dwarf-version\=4 -module-cache-path /Users/rogerlin/Library/Developer/Xcode/DerivedData/FinancialCalculatorKit-ackorybalcxbfocbkqsfdzcfkgmn/Build/Intermediates.noindex/SwiftExplicitPrecompiledModules -suppress-warnings -profile-generate -profile-coverage-mapping -swift-version 5 -enforce-exclusivity\=checked -Onone -D SWIFT_PACKAGE -D DEBUG -D SWIFT_MODULE_RESOURCE_BUNDLE_AVAILABLE -D Xcode -serialize-debugging-options -const-gather-protocols-file /Users/rogerlin/Library/Developer/Xcode/DerivedData/FinancialCalculatorKit-ackorybalcxbfocbkqsfdzcfkgmn/Build/Intermediates.noindex/MathJaxSwift.build/Debug/MathJaxSwift.build/Objects-normal/arm64/MathJaxSwift_const_extract_protocols.json -enable-experimental-feature DebugDescriptionMacro -empty-abi-descriptor -validate-clang-modules-once -clang-build-session-file /Users/rogerlin/Library/Developer/Xcode/DerivedData/ModuleCache.noindex/Session.modulevalidation -Xcc -working-directory -Xcc /Users/rogerlin/XCode-Projects/FinancialCalculatorKit-5.0-updated-accent-colors/FinancialCalculatorKit.xcodeproj -enable-anonymous-context-mangled-names -file-compilation-dir /Users/rogerlin/XCode-Projects/FinancialCalculatorKit-5.0-updated-accent-colors/FinancialCalculatorKit.xcodeproj -Xcc -D_LIBCPP_HARDENING_MODE\=_LIBCPP_HARDENING_MODE_DEBUG -Xcc -ivfsstatcache -Xcc /Users/rogerlin/Library/Developer/Xcode/DerivedData/SDKStatCaches.noindex/macosx26.1-25B74-3ae1261907bdadc328169391a47051a6.sdkstatcache -Xcc -I/Users/rogerlin/Library/Developer/Xcode/DerivedData/FinancialCalculatorKit-ackorybalcxbfocbkqsfdzcfkgmn/Build/Intermediates.noindex/MathJaxSwift.build/Debug/MathJaxSwift.build/swift-overrides.hmap -Xcc -I/Users/rogerlin/Library/Developer/Xcode/DerivedData/FinancialCalculatorKit-ackorybalcxbfocbkqsfdzcfkgmn/Build/Products/Debug/include -Xcc -I/Users/rogerlin/Library/Developer/Xcode/DerivedData/FinancialCalculatorKit-ackorybalcxbfocbkqsfdzcfkgmn/Build/Intermediates.noindex/MathJaxSwift.build/Debug/MathJaxSwift.build/DerivedSources-normal/arm64 -Xcc -I/Users/rogerlin/Library/Developer/Xcode/DerivedData/FinancialCalculatorKit-ackorybalcxbfocbkqsfdzcfkgmn/Build/Intermediates.noindex/MathJaxSwift.build/Debug/MathJaxSwift.build/DerivedSources/arm64 -Xcc -I/Users/rogerlin/Library/Developer/Xcode/DerivedData/FinancialCalculatorKit-ackorybalcxbfocbkqsfdzcfkgmn/Build/Intermediates.noindex/MathJaxSwift.build/Debug/MathJaxSwift.build/DerivedSources -Xcc -DSWIFT_PACKAGE -Xcc -DDEBUG\=1 -no-auto-bridging-header-chaining -module-name MathJaxSwift -frontend-parseable-output -disable-clang-spi -target-sdk-version 26.1 -target-sdk-name macosx26.1 -clang-target arm64-apple-macos26.1 -in-process-plugin-server-path /Applications/Xcode.app/Contents/Developer/Toolchains/XcodeDefault.xctoolchain/usr/lib/swift/host/libSwiftInProcPluginServer.dylib -o /Users/rogerlin/Library/Developer/Xcode/DerivedData/FinancialCalculatorKit-ackorybalcxbfocbkqsfdzcfkgmn/Build/Intermediates.noindex/MathJaxSwift.build/Debug/MathJaxSwift.build/Objects-normal/arm64/OutputProcessorOptions.o -o /Users/rogerlin/Library/Developer/Xcode/DerivedData/FinancialCalculatorKit-ackorybalcxbfocbkqsfdzcfkgmn/Build/Intermediates.noindex/MathJaxSwift.build/Debug/MathJaxSwift.build/Objects-normal/arm64/SVGOutputProcessorOptions.o -index-unit-output-path /MathJaxSwift.build/Debug/MathJaxSwift.build/Objects-normal/arm64/OutputProcessorOptions.o -index-unit-output-path /MathJaxSwift.build/Debug/MathJaxSwift.build/Objects-normal/arm64/SVGOutputProcessorOptions.o -index-store-path /Users/rogerlin/Library/Developer/Xcode/DerivedData/FinancialCalculatorKit-ackorybalcxbfocbkqsfdzcfkgmn/Index.noindex/DataStore -index-system-modules

SwiftCompile normal arm64 /Users/rogerlin/Library/Developer/Xcode/DerivedData/FinancialCalculatorKit-ackorybalcxbfocbkqsfdzcfkgmn/SourcePackages/checkouts/MathJaxSwift/Sources/MathJaxSwift/Options/Output/OutputProcessorOptions.swift (in target 'MathJaxSwift' from project 'MathJaxSwift')
    cd /Users/rogerlin/XCode-Projects/FinancialCalculatorKit-5.0-updated-accent-colors/FinancialCalculatorKit.xcodeproj
    

SwiftCompile normal arm64 /Users/rogerlin/Library/Developer/Xcode/DerivedData/FinancialCalculatorKit-ackorybalcxbfocbkqsfdzcfkgmn/SourcePackages/checkouts/MathJaxSwift/Sources/MathJaxSwift/Options/Output/SVGOutputProcessorOptions.swift (in target 'MathJaxSwift' from project 'MathJaxSwift')
    cd /Users/rogerlin/XCode-Projects/FinancialCalculatorKit-5.0-updated-accent-colors/FinancialCalculatorKit.xcodeproj
    

SwiftDriverJobDiscovery normal arm64 Compiling URL+Data.swift, URL+Fragment.swift (in target 'SwiftDrawDOM' from project 'SwiftDraw')

SwiftCompile normal arm64 Compiling\ Function.swift,\ MathJaxError.swift,\ PackageLock.swift /Users/rogerlin/Library/Developer/Xcode/DerivedData/FinancialCalculatorKit-ackorybalcxbfocbkqsfdzcfkgmn/SourcePackages/checkouts/MathJaxSwift/Sources/MathJaxSwift/Internal/Function.swift /Users/rogerlin/Library/Developer/Xcode/DerivedData/FinancialCalculatorKit-ackorybalcxbfocbkqsfdzcfkgmn/SourcePackages/checkouts/MathJaxSwift/Sources/MathJaxSwift/Internal/MathJaxError.swift /Users/rogerlin/Library/Developer/Xcode/DerivedData/FinancialCalculatorKit-ackorybalcxbfocbkqsfdzcfkgmn/SourcePackages/checkouts/MathJaxSwift/Sources/MathJaxSwift/Internal/PackageLock.swift (in target 'MathJaxSwift' from project 'MathJaxSwift')
/Applications/Xcode.app/Contents/Developer/Toolchains/XcodeDefault.xctoolchain/usr/bin/swift-frontend -frontend -c /Users/rogerlin/Library/Developer/Xcode/DerivedData/FinancialCalculatorKit-ackorybalcxbfocbkqsfdzcfkgmn/Build/Intermediates.noindex/MathJaxSwift.build/Debug/MathJaxSwift.build/DerivedSources/resource_bundle_accessor.swift /Users/rogerlin/Library/Developer/Xcode/DerivedData/FinancialCalculatorKit-ackorybalcxbfocbkqsfdzcfkgmn/SourcePackages/checkouts/MathJaxSwift/Sources/MathJaxSwift/Conversions/AM/AM2CHTML.swift /Users/rogerlin/Library/Developer/Xcode/DerivedData/FinancialCalculatorKit-ackorybalcxbfocbkqsfdzcfkgmn/SourcePackages/checkouts/MathJaxSwift/Sources/MathJaxSwift/Conversions/AM/AM2MML.swift /Users/rogerlin/Library/Developer/Xcode/DerivedData/FinancialCalculatorKit-ackorybalcxbfocbkqsfdzcfkgmn/SourcePackages/checkouts/MathJaxSwift/Sources/MathJaxSwift/Conversions/MML/MML2CHTML.swift /Users/rogerlin/Library/Developer/Xcode/DerivedData/FinancialCalculatorKit-ackorybalcxbfocbkqsfdzcfkgmn/SourcePackages/checkouts/MathJaxSwift/Sources/MathJaxSwift/Conversions/MML/MML2SVG.swift /Users/rogerlin/Library/Developer/Xcode/DerivedData/FinancialCalculatorKit-ackorybalcxbfocbkqsfdzcfkgmn/SourcePackages/checkouts/MathJaxSwift/Sources/MathJaxSwift/Conversions/TeX/TeX2CHTML.swift /Users/rogerlin/Library/Developer/Xcode/DerivedData/FinancialCalculatorKit-ackorybalcxbfocbkqsfdzcfkgmn/SourcePackages/checkouts/MathJaxSwift/Sources/MathJaxSwift/Conversions/TeX/TeX2MML.swift /Users/rogerlin/Library/Developer/Xcode/DerivedData/FinancialCalculatorKit-ackorybalcxbfocbkqsfdzcfkgmn/SourcePackages/checkouts/MathJaxSwift/Sources/MathJaxSwift/Conversions/TeX/TeX2SVG.swift /Users/rogerlin/Library/Developer/Xcode/DerivedData/FinancialCalculatorKit-ackorybalcxbfocbkqsfdzcfkgmn/SourcePackages/checkouts/MathJaxSwift/Sources/MathJaxSwift/Internal/Constants.swift -primary-file /Users/rogerlin/Library/Developer/Xcode/DerivedData/FinancialCalculatorKit-ackorybalcxbfocbkqsfdzcfkgmn/SourcePackages/checkouts/MathJaxSwift/Sources/MathJaxSwift/Internal/Function.swift -primary-file /Users/rogerlin/Library/Developer/Xcode/DerivedData/FinancialCalculatorKit-ackorybalcxbfocbkqsfdzcfkgmn/SourcePackages/checkouts/MathJaxSwift/Sources/MathJaxSwift/Internal/MathJaxError.swift -primary-file /Users/rogerlin/Library/Developer/Xcode/DerivedData/FinancialCalculatorKit-ackorybalcxbfocbkqsfdzcfkgmn/SourcePackages/checkouts/MathJaxSwift/Sources/MathJaxSwift/Internal/PackageLock.swift /Users/rogerlin/Library/Developer/Xcode/DerivedData/FinancialCalculatorKit-ackorybalcxbfocbkqsfdzcfkgmn/SourcePackages/checkouts/MathJaxSwift/Sources/MathJaxSwift/Internal/Parsing/HTMLParser.swift /Users/rogerlin/Library/Developer/Xcode/DerivedData/FinancialCalculatorKit-ackorybalcxbfocbkqsfdzcfkgmn/SourcePackages/checkouts/MathJaxSwift/Sources/MathJaxSwift/Internal/Parsing/MMLParser.swift /Users/rogerlin/Library/Developer/Xcode/DerivedData/FinancialCalculatorKit-ackorybalcxbfocbkqsfdzcfkgmn/SourcePackages/checkouts/MathJaxSwift/Sources/MathJaxSwift/Internal/Parsing/Parser.swift /Users/rogerlin/Library/Developer/Xcode/DerivedData/FinancialCalculatorKit-ackorybalcxbfocbkqsfdzcfkgmn/SourcePackages/checkouts/MathJaxSwift/Sources/MathJaxSwift/Internal/Parsing/SVGParser.swift /Users/rogerlin/Library/Developer/Xcode/DerivedData/FinancialCalculatorKit-ackorybalcxbfocbkqsfdzcfkgmn/SourcePackages/checkouts/MathJaxSwift/Sources/MathJaxSwift/MathJax.swift /Users/rogerlin/Library/Developer/Xcode/DerivedData/FinancialCalculatorKit-ackorybalcxbfocbkqsfdzcfkgmn/SourcePackages/checkouts/MathJaxSwift/Sources/MathJaxSwift/Options/ConversionOptions.swift /Users/rogerlin/Library/Developer/Xcode/DerivedData/FinancialCalculatorKit-ackorybalcxbfocbkqsfdzcfkgmn/SourcePackages/checkouts/MathJaxSwift/Sources/MathJaxSwift/Options/Document/A11YOptions.swift /Users/rogerlin/Library/Developer/Xcode/DerivedData/FinancialCalculatorKit-ackorybalcxbfocbkqsfdzcfkgmn/SourcePackages/checkouts/MathJaxSwift/Sources/MathJaxSwift/Options/Document/DocumentOptions.swift /Users/rogerlin/Library/Developer/Xcode/DerivedData/FinancialCalculatorKit-ackorybalcxbfocbkqsfdzcfkgmn/SourcePackages/checkouts/MathJaxSwift/Sources/MathJaxSwift/Options/Document/Menu/MenuOptions.swift /Users/rogerlin/Library/Developer/Xcode/DerivedData/FinancialCalculatorKit-ackorybalcxbfocbkqsfdzcfkgmn/SourcePackages/checkouts/MathJaxSwift/Sources/MathJaxSwift/Options/Document/Menu/MenuOptionsSettings.swift /Users/rogerlin/Library/Developer/Xcode/DerivedData/FinancialCalculatorKit-ackorybalcxbfocbkqsfdzcfkgmn/SourcePackages/checkouts/MathJaxSwift/Sources/MathJaxSwift/Options/Document/SREOptions.swift /Users/rogerlin/Library/Developer/Xcode/DerivedData/FinancialCalculatorKit-ackorybalcxbfocbkqsfdzcfkgmn/SourcePackages/checkouts/MathJaxSwift/Sources/MathJaxSwift/Options/Document/Safe/AllowOptions.swift /Users/rogerlin/Library/Developer/Xcode/DerivedData/FinancialCalculatorKit-ackorybalcxbfocbkqsfdzcfkgmn/SourcePackages/checkouts/MathJaxSwift/Sources/MathJaxSwift/Options/Document/Safe/SafeOptions.swift /Users/rogerlin/Library/Developer/Xcode/DerivedData/FinancialCalculatorKit-ackorybalcxbfocbkqsfdzcfkgmn/SourcePackages/checkouts/MathJaxSwift/Sources/MathJaxSwift/Options/Document/Safe/SafeProtocols.swift /Users/rogerlin/Library/Developer/Xcode/DerivedData/FinancialCalculatorKit-ackorybalcxbfocbkqsfdzcfkgmn/SourcePackages/checkouts/MathJaxSwift/Sources/MathJaxSwift/Options/Document/Safe/SafeStyles.swift /Users/rogerlin/Library/Developer/Xcode/DerivedData/FinancialCalculatorKit-ackorybalcxbfocbkqsfdzcfkgmn/SourcePackages/checkouts/MathJaxSwift/Sources/MathJaxSwift/Options/Input/AMInputProcessorOptions.swift /Users/rogerlin/Library/Developer/Xcode/DerivedData/FinancialCalculatorKit-ackorybalcxbfocbkqsfdzcfkgmn/SourcePackages/checkouts/MathJaxSwift/Sources/MathJaxSwift/Options/Input/InputProcessorOptions.swift /Users/rogerlin/Library/Developer/Xcode/DerivedData/FinancialCalculatorKit-ackorybalcxbfocbkqsfdzcfkgmn/SourcePackages/checkouts/MathJaxSwift/Sources/MathJaxSwift/Options/Input/MMLInputProcessorOptions.swift /Users/rogerlin/Library/Developer/Xcode/DerivedData/FinancialCalculatorKit-ackorybalcxbfocbkqsfdzcfkgmn/SourcePackages/checkouts/MathJaxSwift/Sources/MathJaxSwift/Options/Input/TeX\ Packages/AMSCDOptions.swift /Users/rogerlin/Library/Developer/Xcode/DerivedData/FinancialCalculatorKit-ackorybalcxbfocbkqsfdzcfkgmn/SourcePackages/checkouts/MathJaxSwift/Sources/MathJaxSwift/Options/Input/TeX\ Packages/AMSOptions.swift /Users/rogerlin/Library/Developer/Xcode/DerivedData/FinancialCalculatorKit-ackorybalcxbfocbkqsfdzcfkgmn/SourcePackages/checkouts/MathJaxSwift/Sources/MathJaxSwift/Options/Input/TeX\ Packages/AutoloadOptions.swift /Users/rogerlin/Library/Developer/Xcode/DerivedData/FinancialCalculatorKit-ackorybalcxbfocbkqsfdzcfkgmn/SourcePackages/checkouts/MathJaxSwift/Sources/MathJaxSwift/Options/Input/TeX\ Packages/ColorOptions.swift /Users/rogerlin/Library/Developer/Xcode/DerivedData/FinancialCalculatorKit-ackorybalcxbfocbkqsfdzcfkgmn/SourcePackages/checkouts/MathJaxSwift/Sources/MathJaxSwift/Options/Input/TeX\ Packages/MathtoolsOptions.swift /Users/rogerlin/Library/Developer/Xcode/DerivedData/FinancialCalculatorKit-ackorybalcxbfocbkqsfdzcfkgmn/SourcePackages/checkouts/MathJaxSwift/Sources/MathJaxSwift/Options/Input/TeX\ Packages/NoundefinedOptions.swift /Users/rogerlin/Library/Developer/Xcode/DerivedData/FinancialCalculatorKit-ackorybalcxbfocbkqsfdzcfkgmn/SourcePackages/checkouts/MathJaxSwift/Sources/MathJaxSwift/Options/Input/TeX\ Packages/PhysicsOptions.swift /Users/rogerlin/Library/Developer/Xcode/DerivedData/FinancialCalculatorKit-ackorybalcxbfocbkqsfdzcfkgmn/SourcePackages/checkouts/MathJaxSwift/Sources/MathJaxSwift/Options/Input/TeX\ Packages/RequireOptions.swift /Users/rogerlin/Library/Developer/Xcode/DerivedData/FinancialCalculatorKit-ackorybalcxbfocbkqsfdzcfkgmn/SourcePackages/checkouts/MathJaxSwift/Sources/MathJaxSwift/Options/Input/TeX\ Packages/SetOptions.swift /Users/rogerlin/Library/Developer/Xcode/DerivedData/FinancialCalculatorKit-ackorybalcxbfocbkqsfdzcfkgmn/SourcePackages/checkouts/MathJaxSwift/Sources/MathJaxSwift/Options/Input/TeX\ Packages/TagFormatOptions.swift /Users/rogerlin/Library/Developer/Xcode/DerivedData/FinancialCalculatorKit-ackorybalcxbfocbkqsfdzcfkgmn/SourcePackages/checkouts/MathJaxSwift/Sources/MathJaxSwift/Options/Input/TeXInputProcessorOptions.swift /Users/rogerlin/Library/Developer/Xcode/DerivedData/FinancialCalculatorKit-ackorybalcxbfocbkqsfdzcfkgmn/SourcePackages/checkouts/MathJaxSwift/Sources/MathJaxSwift/Options/Output/CHTMLOutputProcessorOptions.swift /Users/rogerlin/Library/Developer/Xcode/DerivedData/FinancialCalculatorKit-ackorybalcxbfocbkqsfdzcfkgmn/SourcePackages/checkouts/MathJaxSwift/Sources/MathJaxSwift/Options/Output/OutputProcessorOptions.swift /Users/rogerlin/Library/Developer/Xcode/DerivedData/FinancialCalculatorKit-ackorybalcxbfocbkqsfdzcfkgmn/SourcePackages/checkouts/MathJaxSwift/Sources/MathJaxSwift/Options/Output/SVGOutputProcessorOptions.swift -supplementary-output-file-map /Users/rogerlin/Library/Developer/Xcode/DerivedData/FinancialCalculatorKit-ackorybalcxbfocbkqsfdzcfkgmn/Build/Intermediates.noindex/MathJaxSwift.build/Debug/MathJaxSwift.build/Objects-normal/arm64/supplementaryOutputs-9 -target arm64-apple-macos10.15 -load-resolved-plugin /Applications/Xcode.app/Contents/Developer/Platforms/MacOSX.platform/Developer/usr/lib/swift/host/plugins/libFoundationMacros.dylib\#/Applications/Xcode.app/Contents/Developer/Platforms/MacOSX.platform/Developer/usr/bin/swift-plugin-server\#FoundationMacros -load-resolved-plugin /Applications/Xcode.app/Contents/Developer/Platforms/MacOSX.platform/Developer/usr/lib/swift/host/plugins/libObservationMacros.dylib\#/Applications/Xcode.app/Contents/Developer/Platforms/MacOSX.platform/Developer/usr/bin/swift-plugin-server\#ObservationMacros -load-resolved-plugin /Applications/Xcode.app/Contents/Developer/Platforms/MacOSX.platform/Developer/usr/lib/swift/host/plugins/libSwiftMacros.dylib\#/Applications/Xcode.app/Contents/Developer/Platforms/MacOSX.platform/Developer/usr/bin/swift-plugin-server\#SwiftMacros -disable-implicit-swift-modules -Xcc -fno-implicit-modules -Xcc -fno-implicit-module-maps -explicit-swift-module-map-file /Users/rogerlin/Library/Developer/Xcode/DerivedData/FinancialCalculatorKit-ackorybalcxbfocbkqsfdzcfkgmn/Build/Intermediates.noindex/MathJaxSwift.build/Debug/MathJaxSwift.build/Objects-normal/arm64/MathJaxSwift-dependencies-1.json -Xllvm -aarch64-use-tbi -enable-objc-interop -stack-check -sdk /Applications/Xcode.app/Contents/Developer/Platforms/MacOSX.platform/Developer/SDKs/MacOSX26.1.sdk -I /Users/rogerlin/Library/Developer/Xcode/DerivedData/FinancialCalculatorKit-ackorybalcxbfocbkqsfdzcfkgmn/Build/Products/Debug -Isystem /Applications/Xcode.app/Contents/Developer/Platforms/MacOSX.platform/Developer/usr/lib -F /Users/rogerlin/Library/Developer/Xcode/DerivedData/FinancialCalculatorKit-ackorybalcxbfocbkqsfdzcfkgmn/Build/Products/Debug -F /Applications/Xcode.app/Contents/Developer/Platforms/MacOSX.platform/Developer/Library/Frameworks -no-color-diagnostics -Xcc -fno-color-diagnostics -enable-testing -g -debug-info-format\=dwarf -dwarf-version\=4 -module-cache-path /Users/rogerlin/Library/Developer/Xcode/DerivedData/FinancialCalculatorKit-ackorybalcxbfocbkqsfdzcfkgmn/Build/Intermediates.noindex/SwiftExplicitPrecompiledModules -suppress-warnings -profile-generate -profile-coverage-mapping -swift-version 5 -enforce-exclusivity\=checked -Onone -D SWIFT_PACKAGE -D DEBUG -D SWIFT_MODULE_RESOURCE_BUNDLE_AVAILABLE -D Xcode -serialize-debugging-options -const-gather-protocols-file /Users/rogerlin/Library/Developer/Xcode/DerivedData/FinancialCalculatorKit-ackorybalcxbfocbkqsfdzcfkgmn/Build/Intermediates.noindex/MathJaxSwift.build/Debug/MathJaxSwift.build/Objects-normal/arm64/MathJaxSwift_const_extract_protocols.json -enable-experimental-feature DebugDescriptionMacro -empty-abi-descriptor -validate-clang-modules-once -clang-build-session-file /Users/rogerlin/Library/Developer/Xcode/DerivedData/ModuleCache.noindex/Session.modulevalidation -Xcc -working-directory -Xcc /Users/rogerlin/XCode-Projects/FinancialCalculatorKit-5.0-updated-accent-colors/FinancialCalculatorKit.xcodeproj -enable-anonymous-context-mangled-names -file-compilation-dir /Users/rogerlin/XCode-Projects/FinancialCalculatorKit-5.0-updated-accent-colors/FinancialCalculatorKit.xcodeproj -Xcc -D_LIBCPP_HARDENING_MODE\=_LIBCPP_HARDENING_MODE_DEBUG -Xcc -ivfsstatcache -Xcc /Users/rogerlin/Library/Developer/Xcode/DerivedData/SDKStatCaches.noindex/macosx26.1-25B74-3ae1261907bdadc328169391a47051a6.sdkstatcache -Xcc -I/Users/rogerlin/Library/Developer/Xcode/DerivedData/FinancialCalculatorKit-ackorybalcxbfocbkqsfdzcfkgmn/Build/Intermediates.noindex/MathJaxSwift.build/Debug/MathJaxSwift.build/swift-overrides.hmap -Xcc -I/Users/rogerlin/Library/Developer/Xcode/DerivedData/FinancialCalculatorKit-ackorybalcxbfocbkqsfdzcfkgmn/Build/Products/Debug/include -Xcc -I/Users/rogerlin/Library/Developer/Xcode/DerivedData/FinancialCalculatorKit-ackorybalcxbfocbkqsfdzcfkgmn/Build/Intermediates.noindex/MathJaxSwift.build/Debug/MathJaxSwift.build/DerivedSources-normal/arm64 -Xcc -I/Users/rogerlin/Library/Developer/Xcode/DerivedData/FinancialCalculatorKit-ackorybalcxbfocbkqsfdzcfkgmn/Build/Intermediates.noindex/MathJaxSwift.build/Debug/MathJaxSwift.build/DerivedSources/arm64 -Xcc -I/Users/rogerlin/Library/Developer/Xcode/DerivedData/FinancialCalculatorKit-ackorybalcxbfocbkqsfdzcfkgmn/Build/Intermediates.noindex/MathJaxSwift.build/Debug/MathJaxSwift.build/DerivedSources -Xcc -DSWIFT_PACKAGE -Xcc -DDEBUG\=1 -no-auto-bridging-header-chaining -module-name MathJaxSwift -frontend-parseable-output -disable-clang-spi -target-sdk-version 26.1 -target-sdk-name macosx26.1 -clang-target arm64-apple-macos26.1 -in-process-plugin-server-path /Applications/Xcode.app/Contents/Developer/Toolchains/XcodeDefault.xctoolchain/usr/lib/swift/host/libSwiftInProcPluginServer.dylib -o /Users/rogerlin/Library/Developer/Xcode/DerivedData/FinancialCalculatorKit-ackorybalcxbfocbkqsfdzcfkgmn/Build/Intermediates.noindex/MathJaxSwift.build/Debug/MathJaxSwift.build/Objects-normal/arm64/Function.o -o /Users/rogerlin/Library/Developer/Xcode/DerivedData/FinancialCalculatorKit-ackorybalcxbfocbkqsfdzcfkgmn/Build/Intermediates.noindex/MathJaxSwift.build/Debug/MathJaxSwift.build/Objects-normal/arm64/MathJaxError.o -o /Users/rogerlin/Library/Developer/Xcode/DerivedData/FinancialCalculatorKit-ackorybalcxbfocbkqsfdzcfkgmn/Build/Intermediates.noindex/MathJaxSwift.build/Debug/MathJaxSwift.build/Objects-normal/arm64/PackageLock.o -index-unit-output-path /MathJaxSwift.build/Debug/MathJaxSwift.build/Objects-normal/arm64/Function.o -index-unit-output-path /MathJaxSwift.build/Debug/MathJaxSwift.build/Objects-normal/arm64/MathJaxError.o -index-unit-output-path /MathJaxSwift.build/Debug/MathJaxSwift.build/Objects-normal/arm64/PackageLock.o -index-store-path /Users/rogerlin/Library/Developer/Xcode/DerivedData/FinancialCalculatorKit-ackorybalcxbfocbkqsfdzcfkgmn/Index.noindex/DataStore -index-system-modules

SwiftCompile normal arm64 /Users/rogerlin/Library/Developer/Xcode/DerivedData/FinancialCalculatorKit-ackorybalcxbfocbkqsfdzcfkgmn/SourcePackages/checkouts/MathJaxSwift/Sources/MathJaxSwift/Internal/Function.swift (in target 'MathJaxSwift' from project 'MathJaxSwift')
    cd /Users/rogerlin/XCode-Projects/FinancialCalculatorKit-5.0-updated-accent-colors/FinancialCalculatorKit.xcodeproj
    

SwiftCompile normal arm64 /Users/rogerlin/Library/Developer/Xcode/DerivedData/FinancialCalculatorKit-ackorybalcxbfocbkqsfdzcfkgmn/SourcePackages/checkouts/MathJaxSwift/Sources/MathJaxSwift/Internal/MathJaxError.swift (in target 'MathJaxSwift' from project 'MathJaxSwift')
    cd /Users/rogerlin/XCode-Projects/FinancialCalculatorKit-5.0-updated-accent-colors/FinancialCalculatorKit.xcodeproj
    

SwiftCompile normal arm64 /Users/rogerlin/Library/Developer/Xcode/DerivedData/FinancialCalculatorKit-ackorybalcxbfocbkqsfdzcfkgmn/SourcePackages/checkouts/MathJaxSwift/Sources/MathJaxSwift/Internal/PackageLock.swift (in target 'MathJaxSwift' from project 'MathJaxSwift')
    cd /Users/rogerlin/XCode-Projects/FinancialCalculatorKit-5.0-updated-accent-colors/FinancialCalculatorKit.xcodeproj
    

SwiftCompile normal arm64 Compiling\ MenuOptionsSettings.swift,\ SREOptions.swift,\ AllowOptions.swift /Users/rogerlin/Library/Developer/Xcode/DerivedData/FinancialCalculatorKit-ackorybalcxbfocbkqsfdzcfkgmn/SourcePackages/checkouts/MathJaxSwift/Sources/MathJaxSwift/Options/Document/Menu/MenuOptionsSettings.swift /Users/rogerlin/Library/Developer/Xcode/DerivedData/FinancialCalculatorKit-ackorybalcxbfocbkqsfdzcfkgmn/SourcePackages/checkouts/MathJaxSwift/Sources/MathJaxSwift/Options/Document/SREOptions.swift /Users/rogerlin/Library/Developer/Xcode/DerivedData/FinancialCalculatorKit-ackorybalcxbfocbkqsfdzcfkgmn/SourcePackages/checkouts/MathJaxSwift/Sources/MathJaxSwift/Options/Document/Safe/AllowOptions.swift (in target 'MathJaxSwift' from project 'MathJaxSwift')
/Applications/Xcode.app/Contents/Developer/Toolchains/XcodeDefault.xctoolchain/usr/bin/swift-frontend -frontend -c /Users/rogerlin/Library/Developer/Xcode/DerivedData/FinancialCalculatorKit-ackorybalcxbfocbkqsfdzcfkgmn/Build/Intermediates.noindex/MathJaxSwift.build/Debug/MathJaxSwift.build/DerivedSources/resource_bundle_accessor.swift /Users/rogerlin/Library/Developer/Xcode/DerivedData/FinancialCalculatorKit-ackorybalcxbfocbkqsfdzcfkgmn/SourcePackages/checkouts/MathJaxSwift/Sources/MathJaxSwift/Conversions/AM/AM2CHTML.swift /Users/rogerlin/Library/Developer/Xcode/DerivedData/FinancialCalculatorKit-ackorybalcxbfocbkqsfdzcfkgmn/SourcePackages/checkouts/MathJaxSwift/Sources/MathJaxSwift/Conversions/AM/AM2MML.swift /Users/rogerlin/Library/Developer/Xcode/DerivedData/FinancialCalculatorKit-ackorybalcxbfocbkqsfdzcfkgmn/SourcePackages/checkouts/MathJaxSwift/Sources/MathJaxSwift/Conversions/MML/MML2CHTML.swift /Users/rogerlin/Library/Developer/Xcode/DerivedData/FinancialCalculatorKit-ackorybalcxbfocbkqsfdzcfkgmn/SourcePackages/checkouts/MathJaxSwift/Sources/MathJaxSwift/Conversions/MML/MML2SVG.swift /Users/rogerlin/Library/Developer/Xcode/DerivedData/FinancialCalculatorKit-ackorybalcxbfocbkqsfdzcfkgmn/SourcePackages/checkouts/MathJaxSwift/Sources/MathJaxSwift/Conversions/TeX/TeX2CHTML.swift /Users/rogerlin/Library/Developer/Xcode/DerivedData/FinancialCalculatorKit-ackorybalcxbfocbkqsfdzcfkgmn/SourcePackages/checkouts/MathJaxSwift/Sources/MathJaxSwift/Conversions/TeX/TeX2MML.swift /Users/rogerlin/Library/Developer/Xcode/DerivedData/FinancialCalculatorKit-ackorybalcxbfocbkqsfdzcfkgmn/SourcePackages/checkouts/MathJaxSwift/Sources/MathJaxSwift/Conversions/TeX/TeX2SVG.swift /Users/rogerlin/Library/Developer/Xcode/DerivedData/FinancialCalculatorKit-ackorybalcxbfocbkqsfdzcfkgmn/SourcePackages/checkouts/MathJaxSwift/Sources/MathJaxSwift/Internal/Constants.swift /Users/rogerlin/Library/Developer/Xcode/DerivedData/FinancialCalculatorKit-ackorybalcxbfocbkqsfdzcfkgmn/SourcePackages/checkouts/MathJaxSwift/Sources/MathJaxSwift/Internal/Function.swift /Users/rogerlin/Library/Developer/Xcode/DerivedData/FinancialCalculatorKit-ackorybalcxbfocbkqsfdzcfkgmn/SourcePackages/checkouts/MathJaxSwift/Sources/MathJaxSwift/Internal/MathJaxError.swift /Users/rogerlin/Library/Developer/Xcode/DerivedData/FinancialCalculatorKit-ackorybalcxbfocbkqsfdzcfkgmn/SourcePackages/checkouts/MathJaxSwift/Sources/MathJaxSwift/Internal/PackageLock.swift /Users/rogerlin/Library/Developer/Xcode/DerivedData/FinancialCalculatorKit-ackorybalcxbfocbkqsfdzcfkgmn/SourcePackages/checkouts/MathJaxSwift/Sources/MathJaxSwift/Internal/Parsing/HTMLParser.swift /Users/rogerlin/Library/Developer/Xcode/DerivedData/FinancialCalculatorKit-ackorybalcxbfocbkqsfdzcfkgmn/SourcePackages/checkouts/MathJaxSwift/Sources/MathJaxSwift/Internal/Parsing/MMLParser.swift /Users/rogerlin/Library/Developer/Xcode/DerivedData/FinancialCalculatorKit-ackorybalcxbfocbkqsfdzcfkgmn/SourcePackages/checkouts/MathJaxSwift/Sources/MathJaxSwift/Internal/Parsing/Parser.swift /Users/rogerlin/Library/Developer/Xcode/DerivedData/FinancialCalculatorKit-ackorybalcxbfocbkqsfdzcfkgmn/SourcePackages/checkouts/MathJaxSwift/Sources/MathJaxSwift/Internal/Parsing/SVGParser.swift /Users/rogerlin/Library/Developer/Xcode/DerivedData/FinancialCalculatorKit-ackorybalcxbfocbkqsfdzcfkgmn/SourcePackages/checkouts/MathJaxSwift/Sources/MathJaxSwift/MathJax.swift /Users/rogerlin/Library/Developer/Xcode/DerivedData/FinancialCalculatorKit-ackorybalcxbfocbkqsfdzcfkgmn/SourcePackages/checkouts/MathJaxSwift/Sources/MathJaxSwift/Options/ConversionOptions.swift /Users/rogerlin/Library/Developer/Xcode/DerivedData/FinancialCalculatorKit-ackorybalcxbfocbkqsfdzcfkgmn/SourcePackages/checkouts/MathJaxSwift/Sources/MathJaxSwift/Options/Document/A11YOptions.swift /Users/rogerlin/Library/Developer/Xcode/DerivedData/FinancialCalculatorKit-ackorybalcxbfocbkqsfdzcfkgmn/SourcePackages/checkouts/MathJaxSwift/Sources/MathJaxSwift/Options/Document/DocumentOptions.swift /Users/rogerlin/Library/Developer/Xcode/DerivedData/FinancialCalculatorKit-ackorybalcxbfocbkqsfdzcfkgmn/SourcePackages/checkouts/MathJaxSwift/Sources/MathJaxSwift/Options/Document/Menu/MenuOptions.swift -primary-file /Users/rogerlin/Library/Developer/Xcode/DerivedData/FinancialCalculatorKit-ackorybalcxbfocbkqsfdzcfkgmn/SourcePackages/checkouts/MathJaxSwift/Sources/MathJaxSwift/Options/Document/Menu/MenuOptionsSettings.swift -primary-file /Users/rogerlin/Library/Developer/Xcode/DerivedData/FinancialCalculatorKit-ackorybalcxbfocbkqsfdzcfkgmn/SourcePackages/checkouts/MathJaxSwift/Sources/MathJaxSwift/Options/Document/SREOptions.swift -primary-file /Users/rogerlin/Library/Developer/Xcode/DerivedData/FinancialCalculatorKit-ackorybalcxbfocbkqsfdzcfkgmn/SourcePackages/checkouts/MathJaxSwift/Sources/MathJaxSwift/Options/Document/Safe/AllowOptions.swift /Users/rogerlin/Library/Developer/Xcode/DerivedData/FinancialCalculatorKit-ackorybalcxbfocbkqsfdzcfkgmn/SourcePackages/checkouts/MathJaxSwift/Sources/MathJaxSwift/Options/Document/Safe/SafeOptions.swift /Users/rogerlin/Library/Developer/Xcode/DerivedData/FinancialCalculatorKit-ackorybalcxbfocbkqsfdzcfkgmn/SourcePackages/checkouts/MathJaxSwift/Sources/MathJaxSwift/Options/Document/Safe/SafeProtocols.swift /Users/rogerlin/Library/Developer/Xcode/DerivedData/FinancialCalculatorKit-ackorybalcxbfocbkqsfdzcfkgmn/SourcePackages/checkouts/MathJaxSwift/Sources/MathJaxSwift/Options/Document/Safe/SafeStyles.swift /Users/rogerlin/Library/Developer/Xcode/DerivedData/FinancialCalculatorKit-ackorybalcxbfocbkqsfdzcfkgmn/SourcePackages/checkouts/MathJaxSwift/Sources/MathJaxSwift/Options/Input/AMInputProcessorOptions.swift /Users/rogerlin/Library/Developer/Xcode/DerivedData/FinancialCalculatorKit-ackorybalcxbfocbkqsfdzcfkgmn/SourcePackages/checkouts/MathJaxSwift/Sources/MathJaxSwift/Options/Input/InputProcessorOptions.swift /Users/rogerlin/Library/Developer/Xcode/DerivedData/FinancialCalculatorKit-ackorybalcxbfocbkqsfdzcfkgmn/SourcePackages/checkouts/MathJaxSwift/Sources/MathJaxSwift/Options/Input/MMLInputProcessorOptions.swift /Users/rogerlin/Library/Developer/Xcode/DerivedData/FinancialCalculatorKit-ackorybalcxbfocbkqsfdzcfkgmn/SourcePackages/checkouts/MathJaxSwift/Sources/MathJaxSwift/Options/Input/TeX\ Packages/AMSCDOptions.swift /Users/rogerlin/Library/Developer/Xcode/DerivedData/FinancialCalculatorKit-ackorybalcxbfocbkqsfdzcfkgmn/SourcePackages/checkouts/MathJaxSwift/Sources/MathJaxSwift/Options/Input/TeX\ Packages/AMSOptions.swift /Users/rogerlin/Library/Developer/Xcode/DerivedData/FinancialCalculatorKit-ackorybalcxbfocbkqsfdzcfkgmn/SourcePackages/checkouts/MathJaxSwift/Sources/MathJaxSwift/Options/Input/TeX\ Packages/AutoloadOptions.swift /Users/rogerlin/Library/Developer/Xcode/DerivedData/FinancialCalculatorKit-ackorybalcxbfocbkqsfdzcfkgmn/SourcePackages/checkouts/MathJaxSwift/Sources/MathJaxSwift/Options/Input/TeX\ Packages/ColorOptions.swift /Users/rogerlin/Library/Developer/Xcode/DerivedData/FinancialCalculatorKit-ackorybalcxbfocbkqsfdzcfkgmn/SourcePackages/checkouts/MathJaxSwift/Sources/MathJaxSwift/Options/Input/TeX\ Packages/MathtoolsOptions.swift /Users/rogerlin/Library/Developer/Xcode/DerivedData/FinancialCalculatorKit-ackorybalcxbfocbkqsfdzcfkgmn/SourcePackages/checkouts/MathJaxSwift/Sources/MathJaxSwift/Options/Input/TeX\ Packages/NoundefinedOptions.swift /Users/rogerlin/Library/Developer/Xcode/DerivedData/FinancialCalculatorKit-ackorybalcxbfocbkqsfdzcfkgmn/SourcePackages/checkouts/MathJaxSwift/Sources/MathJaxSwift/Options/Input/TeX\ Packages/PhysicsOptions.swift /Users/rogerlin/Library/Developer/Xcode/DerivedData/FinancialCalculatorKit-ackorybalcxbfocbkqsfdzcfkgmn/SourcePackages/checkouts/MathJaxSwift/Sources/MathJaxSwift/Options/Input/TeX\ Packages/RequireOptions.swift /Users/rogerlin/Library/Developer/Xcode/DerivedData/FinancialCalculatorKit-ackorybalcxbfocbkqsfdzcfkgmn/SourcePackages/checkouts/MathJaxSwift/Sources/MathJaxSwift/Options/Input/TeX\ Packages/SetOptions.swift /Users/rogerlin/Library/Developer/Xcode/DerivedData/FinancialCalculatorKit-ackorybalcxbfocbkqsfdzcfkgmn/SourcePackages/checkouts/MathJaxSwift/Sources/MathJaxSwift/Options/Input/TeX\ Packages/TagFormatOptions.swift /Users/rogerlin/Library/Developer/Xcode/DerivedData/FinancialCalculatorKit-ackorybalcxbfocbkqsfdzcfkgmn/SourcePackages/checkouts/MathJaxSwift/Sources/MathJaxSwift/Options/Input/TeXInputProcessorOptions.swift /Users/rogerlin/Library/Developer/Xcode/DerivedData/FinancialCalculatorKit-ackorybalcxbfocbkqsfdzcfkgmn/SourcePackages/checkouts/MathJaxSwift/Sources/MathJaxSwift/Options/Output/CHTMLOutputProcessorOptions.swift /Users/rogerlin/Library/Developer/Xcode/DerivedData/FinancialCalculatorKit-ackorybalcxbfocbkqsfdzcfkgmn/SourcePackages/checkouts/MathJaxSwift/Sources/MathJaxSwift/Options/Output/OutputProcessorOptions.swift /Users/rogerlin/Library/Developer/Xcode/DerivedData/FinancialCalculatorKit-ackorybalcxbfocbkqsfdzcfkgmn/SourcePackages/checkouts/MathJaxSwift/Sources/MathJaxSwift/Options/Output/SVGOutputProcessorOptions.swift -supplementary-output-file-map /Users/rogerlin/Library/Developer/Xcode/DerivedData/FinancialCalculatorKit-ackorybalcxbfocbkqsfdzcfkgmn/Build/Intermediates.noindex/MathJaxSwift.build/Debug/MathJaxSwift.build/Objects-normal/arm64/supplementaryOutputs-13 -target arm64-apple-macos10.15 -load-resolved-plugin /Applications/Xcode.app/Contents/Developer/Platforms/MacOSX.platform/Developer/usr/lib/swift/host/plugins/libFoundationMacros.dylib\#/Applications/Xcode.app/Contents/Developer/Platforms/MacOSX.platform/Developer/usr/bin/swift-plugin-server\#FoundationMacros -load-resolved-plugin /Applications/Xcode.app/Contents/Developer/Platforms/MacOSX.platform/Developer/usr/lib/swift/host/plugins/libObservationMacros.dylib\#/Applications/Xcode.app/Contents/Developer/Platforms/MacOSX.platform/Developer/usr/bin/swift-plugin-server\#ObservationMacros -load-resolved-plugin /Applications/Xcode.app/Contents/Developer/Platforms/MacOSX.platform/Developer/usr/lib/swift/host/plugins/libSwiftMacros.dylib\#/Applications/Xcode.app/Contents/Developer/Platforms/MacOSX.platform/Developer/usr/bin/swift-plugin-server\#SwiftMacros -disable-implicit-swift-modules -Xcc -fno-implicit-modules -Xcc -fno-implicit-module-maps -explicit-swift-module-map-file /Users/rogerlin/Library/Developer/Xcode/DerivedData/FinancialCalculatorKit-ackorybalcxbfocbkqsfdzcfkgmn/Build/Intermediates.noindex/MathJaxSwift.build/Debug/MathJaxSwift.build/Objects-normal/arm64/MathJaxSwift-dependencies-1.json -Xllvm -aarch64-use-tbi -enable-objc-interop -stack-check -sdk /Applications/Xcode.app/Contents/Developer/Platforms/MacOSX.platform/Developer/SDKs/MacOSX26.1.sdk -I /Users/rogerlin/Library/Developer/Xcode/DerivedData/FinancialCalculatorKit-ackorybalcxbfocbkqsfdzcfkgmn/Build/Products/Debug -Isystem /Applications/Xcode.app/Contents/Developer/Platforms/MacOSX.platform/Developer/usr/lib -F /Users/rogerlin/Library/Developer/Xcode/DerivedData/FinancialCalculatorKit-ackorybalcxbfocbkqsfdzcfkgmn/Build/Products/Debug -F /Applications/Xcode.app/Contents/Developer/Platforms/MacOSX.platform/Developer/Library/Frameworks -no-color-diagnostics -Xcc -fno-color-diagnostics -enable-testing -g -debug-info-format\=dwarf -dwarf-version\=4 -module-cache-path /Users/rogerlin/Library/Developer/Xcode/DerivedData/FinancialCalculatorKit-ackorybalcxbfocbkqsfdzcfkgmn/Build/Intermediates.noindex/SwiftExplicitPrecompiledModules -suppress-warnings -profile-generate -profile-coverage-mapping -swift-version 5 -enforce-exclusivity\=checked -Onone -D SWIFT_PACKAGE -D DEBUG -D SWIFT_MODULE_RESOURCE_BUNDLE_AVAILABLE -D Xcode -serialize-debugging-options -const-gather-protocols-file /Users/rogerlin/Library/Developer/Xcode/DerivedData/FinancialCalculatorKit-ackorybalcxbfocbkqsfdzcfkgmn/Build/Intermediates.noindex/MathJaxSwift.build/Debug/MathJaxSwift.build/Objects-normal/arm64/MathJaxSwift_const_extract_protocols.json -enable-experimental-feature DebugDescriptionMacro -empty-abi-descriptor -validate-clang-modules-once -clang-build-session-file /Users/rogerlin/Library/Developer/Xcode/DerivedData/ModuleCache.noindex/Session.modulevalidation -Xcc -working-directory -Xcc /Users/rogerlin/XCode-Projects/FinancialCalculatorKit-5.0-updated-accent-colors/FinancialCalculatorKit.xcodeproj -enable-anonymous-context-mangled-names -file-compilation-dir /Users/rogerlin/XCode-Projects/FinancialCalculatorKit-5.0-updated-accent-colors/FinancialCalculatorKit.xcodeproj -Xcc -D_LIBCPP_HARDENING_MODE\=_LIBCPP_HARDENING_MODE_DEBUG -Xcc -ivfsstatcache -Xcc /Users/rogerlin/Library/Developer/Xcode/DerivedData/SDKStatCaches.noindex/macosx26.1-25B74-3ae1261907bdadc328169391a47051a6.sdkstatcache -Xcc -I/Users/rogerlin/Library/Developer/Xcode/DerivedData/FinancialCalculatorKit-ackorybalcxbfocbkqsfdzcfkgmn/Build/Intermediates.noindex/MathJaxSwift.build/Debug/MathJaxSwift.build/swift-overrides.hmap -Xcc -I/Users/rogerlin/Library/Developer/Xcode/DerivedData/FinancialCalculatorKit-ackorybalcxbfocbkqsfdzcfkgmn/Build/Products/Debug/include -Xcc -I/Users/rogerlin/Library/Developer/Xcode/DerivedData/FinancialCalculatorKit-ackorybalcxbfocbkqsfdzcfkgmn/Build/Intermediates.noindex/MathJaxSwift.build/Debug/MathJaxSwift.build/DerivedSources-normal/arm64 -Xcc -I/Users/rogerlin/Library/Developer/Xcode/DerivedData/FinancialCalculatorKit-ackorybalcxbfocbkqsfdzcfkgmn/Build/Intermediates.noindex/MathJaxSwift.build/Debug/MathJaxSwift.build/DerivedSources/arm64 -Xcc -I/Users/rogerlin/Library/Developer/Xcode/DerivedData/FinancialCalculatorKit-ackorybalcxbfocbkqsfdzcfkgmn/Build/Intermediates.noindex/MathJaxSwift.build/Debug/MathJaxSwift.build/DerivedSources -Xcc -DSWIFT_PACKAGE -Xcc -DDEBUG\=1 -no-auto-bridging-header-chaining -module-name MathJaxSwift -frontend-parseable-output -disable-clang-spi -target-sdk-version 26.1 -target-sdk-name macosx26.1 -clang-target arm64-apple-macos26.1 -in-process-plugin-server-path /Applications/Xcode.app/Contents/Developer/Toolchains/XcodeDefault.xctoolchain/usr/lib/swift/host/libSwiftInProcPluginServer.dylib -o /Users/rogerlin/Library/Developer/Xcode/DerivedData/FinancialCalculatorKit-ackorybalcxbfocbkqsfdzcfkgmn/Build/Intermediates.noindex/MathJaxSwift.build/Debug/MathJaxSwift.build/Objects-normal/arm64/MenuOptionsSettings.o -o /Users/rogerlin/Library/Developer/Xcode/DerivedData/FinancialCalculatorKit-ackorybalcxbfocbkqsfdzcfkgmn/Build/Intermediates.noindex/MathJaxSwift.build/Debug/MathJaxSwift.build/Objects-normal/arm64/SREOptions.o -o /Users/rogerlin/Library/Developer/Xcode/DerivedData/FinancialCalculatorKit-ackorybalcxbfocbkqsfdzcfkgmn/Build/Intermediates.noindex/MathJaxSwift.build/Debug/MathJaxSwift.build/Objects-normal/arm64/AllowOptions.o -index-unit-output-path /MathJaxSwift.build/Debug/MathJaxSwift.build/Objects-normal/arm64/MenuOptionsSettings.o -index-unit-output-path /MathJaxSwift.build/Debug/MathJaxSwift.build/Objects-normal/arm64/SREOptions.o -index-unit-output-path /MathJaxSwift.build/Debug/MathJaxSwift.build/Objects-normal/arm64/AllowOptions.o -index-store-path /Users/rogerlin/Library/Developer/Xcode/DerivedData/FinancialCalculatorKit-ackorybalcxbfocbkqsfdzcfkgmn/Index.noindex/DataStore -index-system-modules

SwiftCompile normal arm64 /Users/rogerlin/Library/Developer/Xcode/DerivedData/FinancialCalculatorKit-ackorybalcxbfocbkqsfdzcfkgmn/SourcePackages/checkouts/MathJaxSwift/Sources/MathJaxSwift/Options/Document/Menu/MenuOptionsSettings.swift (in target 'MathJaxSwift' from project 'MathJaxSwift')
    cd /Users/rogerlin/XCode-Projects/FinancialCalculatorKit-5.0-updated-accent-colors/FinancialCalculatorKit.xcodeproj
    

SwiftCompile normal arm64 /Users/rogerlin/Library/Developer/Xcode/DerivedData/FinancialCalculatorKit-ackorybalcxbfocbkqsfdzcfkgmn/SourcePackages/checkouts/MathJaxSwift/Sources/MathJaxSwift/Options/Document/SREOptions.swift (in target 'MathJaxSwift' from project 'MathJaxSwift')
    cd /Users/rogerlin/XCode-Projects/FinancialCalculatorKit-5.0-updated-accent-colors/FinancialCalculatorKit.xcodeproj
    

SwiftCompile normal arm64 /Users/rogerlin/Library/Developer/Xcode/DerivedData/FinancialCalculatorKit-ackorybalcxbfocbkqsfdzcfkgmn/SourcePackages/checkouts/MathJaxSwift/Sources/MathJaxSwift/Options/Document/Safe/AllowOptions.swift (in target 'MathJaxSwift' from project 'MathJaxSwift')
    cd /Users/rogerlin/XCode-Projects/FinancialCalculatorKit-5.0-updated-accent-colors/FinancialCalculatorKit.xcodeproj
    

SwiftCompile normal arm64 Compiling\ SVGParser.swift,\ MathJax.swift,\ ConversionOptions.swift /Users/rogerlin/Library/Developer/Xcode/DerivedData/FinancialCalculatorKit-ackorybalcxbfocbkqsfdzcfkgmn/SourcePackages/checkouts/MathJaxSwift/Sources/MathJaxSwift/Internal/Parsing/SVGParser.swift /Users/rogerlin/Library/Developer/Xcode/DerivedData/FinancialCalculatorKit-ackorybalcxbfocbkqsfdzcfkgmn/SourcePackages/checkouts/MathJaxSwift/Sources/MathJaxSwift/MathJax.swift /Users/rogerlin/Library/Developer/Xcode/DerivedData/FinancialCalculatorKit-ackorybalcxbfocbkqsfdzcfkgmn/SourcePackages/checkouts/MathJaxSwift/Sources/MathJaxSwift/Options/ConversionOptions.swift (in target 'MathJaxSwift' from project 'MathJaxSwift')
/Applications/Xcode.app/Contents/Developer/Toolchains/XcodeDefault.xctoolchain/usr/bin/swift-frontend -frontend -c /Users/rogerlin/Library/Developer/Xcode/DerivedData/FinancialCalculatorKit-ackorybalcxbfocbkqsfdzcfkgmn/Build/Intermediates.noindex/MathJaxSwift.build/Debug/MathJaxSwift.build/DerivedSources/resource_bundle_accessor.swift /Users/rogerlin/Library/Developer/Xcode/DerivedData/FinancialCalculatorKit-ackorybalcxbfocbkqsfdzcfkgmn/SourcePackages/checkouts/MathJaxSwift/Sources/MathJaxSwift/Conversions/AM/AM2CHTML.swift /Users/rogerlin/Library/Developer/Xcode/DerivedData/FinancialCalculatorKit-ackorybalcxbfocbkqsfdzcfkgmn/SourcePackages/checkouts/MathJaxSwift/Sources/MathJaxSwift/Conversions/AM/AM2MML.swift /Users/rogerlin/Library/Developer/Xcode/DerivedData/FinancialCalculatorKit-ackorybalcxbfocbkqsfdzcfkgmn/SourcePackages/checkouts/MathJaxSwift/Sources/MathJaxSwift/Conversions/MML/MML2CHTML.swift /Users/rogerlin/Library/Developer/Xcode/DerivedData/FinancialCalculatorKit-ackorybalcxbfocbkqsfdzcfkgmn/SourcePackages/checkouts/MathJaxSwift/Sources/MathJaxSwift/Conversions/MML/MML2SVG.swift /Users/rogerlin/Library/Developer/Xcode/DerivedData/FinancialCalculatorKit-ackorybalcxbfocbkqsfdzcfkgmn/SourcePackages/checkouts/MathJaxSwift/Sources/MathJaxSwift/Conversions/TeX/TeX2CHTML.swift /Users/rogerlin/Library/Developer/Xcode/DerivedData/FinancialCalculatorKit-ackorybalcxbfocbkqsfdzcfkgmn/SourcePackages/checkouts/MathJaxSwift/Sources/MathJaxSwift/Conversions/TeX/TeX2MML.swift /Users/rogerlin/Library/Developer/Xcode/DerivedData/FinancialCalculatorKit-ackorybalcxbfocbkqsfdzcfkgmn/SourcePackages/checkouts/MathJaxSwift/Sources/MathJaxSwift/Conversions/TeX/TeX2SVG.swift /Users/rogerlin/Library/Developer/Xcode/DerivedData/FinancialCalculatorKit-ackorybalcxbfocbkqsfdzcfkgmn/SourcePackages/checkouts/MathJaxSwift/Sources/MathJaxSwift/Internal/Constants.swift /Users/rogerlin/Library/Developer/Xcode/DerivedData/FinancialCalculatorKit-ackorybalcxbfocbkqsfdzcfkgmn/SourcePackages/checkouts/MathJaxSwift/Sources/MathJaxSwift/Internal/Function.swift /Users/rogerlin/Library/Developer/Xcode/DerivedData/FinancialCalculatorKit-ackorybalcxbfocbkqsfdzcfkgmn/SourcePackages/checkouts/MathJaxSwift/Sources/MathJaxSwift/Internal/MathJaxError.swift /Users/rogerlin/Library/Developer/Xcode/DerivedData/FinancialCalculatorKit-ackorybalcxbfocbkqsfdzcfkgmn/SourcePackages/checkouts/MathJaxSwift/Sources/MathJaxSwift/Internal/PackageLock.swift /Users/rogerlin/Library/Developer/Xcode/DerivedData/FinancialCalculatorKit-ackorybalcxbfocbkqsfdzcfkgmn/SourcePackages/checkouts/MathJaxSwift/Sources/MathJaxSwift/Internal/Parsing/HTMLParser.swift /Users/rogerlin/Library/Developer/Xcode/DerivedData/FinancialCalculatorKit-ackorybalcxbfocbkqsfdzcfkgmn/SourcePackages/checkouts/MathJaxSwift/Sources/MathJaxSwift/Internal/Parsing/MMLParser.swift /Users/rogerlin/Library/Developer/Xcode/DerivedData/FinancialCalculatorKit-ackorybalcxbfocbkqsfdzcfkgmn/SourcePackages/checkouts/MathJaxSwift/Sources/MathJaxSwift/Internal/Parsing/Parser.swift -primary-file /Users/rogerlin/Library/Developer/Xcode/DerivedData/FinancialCalculatorKit-ackorybalcxbfocbkqsfdzcfkgmn/SourcePackages/checkouts/MathJaxSwift/Sources/MathJaxSwift/Internal/Parsing/SVGParser.swift -primary-file /Users/rogerlin/Library/Developer/Xcode/DerivedData/FinancialCalculatorKit-ackorybalcxbfocbkqsfdzcfkgmn/SourcePackages/checkouts/MathJaxSwift/Sources/MathJaxSwift/MathJax.swift -primary-file /Users/rogerlin/Library/Developer/Xcode/DerivedData/FinancialCalculatorKit-ackorybalcxbfocbkqsfdzcfkgmn/SourcePackages/checkouts/MathJaxSwift/Sources/MathJaxSwift/Options/ConversionOptions.swift /Users/rogerlin/Library/Developer/Xcode/DerivedData/FinancialCalculatorKit-ackorybalcxbfocbkqsfdzcfkgmn/SourcePackages/checkouts/MathJaxSwift/Sources/MathJaxSwift/Options/Document/A11YOptions.swift /Users/rogerlin/Library/Developer/Xcode/DerivedData/FinancialCalculatorKit-ackorybalcxbfocbkqsfdzcfkgmn/SourcePackages/checkouts/MathJaxSwift/Sources/MathJaxSwift/Options/Document/DocumentOptions.swift /Users/rogerlin/Library/Developer/Xcode/DerivedData/FinancialCalculatorKit-ackorybalcxbfocbkqsfdzcfkgmn/SourcePackages/checkouts/MathJaxSwift/Sources/MathJaxSwift/Options/Document/Menu/MenuOptions.swift /Users/rogerlin/Library/Developer/Xcode/DerivedData/FinancialCalculatorKit-ackorybalcxbfocbkqsfdzcfkgmn/SourcePackages/checkouts/MathJaxSwift/Sources/MathJaxSwift/Options/Document/Menu/MenuOptionsSettings.swift /Users/rogerlin/Library/Developer/Xcode/DerivedData/FinancialCalculatorKit-ackorybalcxbfocbkqsfdzcfkgmn/SourcePackages/checkouts/MathJaxSwift/Sources/MathJaxSwift/Options/Document/SREOptions.swift /Users/rogerlin/Library/Developer/Xcode/DerivedData/FinancialCalculatorKit-ackorybalcxbfocbkqsfdzcfkgmn/SourcePackages/checkouts/MathJaxSwift/Sources/MathJaxSwift/Options/Document/Safe/AllowOptions.swift /Users/rogerlin/Library/Developer/Xcode/DerivedData/FinancialCalculatorKit-ackorybalcxbfocbkqsfdzcfkgmn/SourcePackages/checkouts/MathJaxSwift/Sources/MathJaxSwift/Options/Document/Safe/SafeOptions.swift /Users/rogerlin/Library/Developer/Xcode/DerivedData/FinancialCalculatorKit-ackorybalcxbfocbkqsfdzcfkgmn/SourcePackages/checkouts/MathJaxSwift/Sources/MathJaxSwift/Options/Document/Safe/SafeProtocols.swift /Users/rogerlin/Library/Developer/Xcode/DerivedData/FinancialCalculatorKit-ackorybalcxbfocbkqsfdzcfkgmn/SourcePackages/checkouts/MathJaxSwift/Sources/MathJaxSwift/Options/Document/Safe/SafeStyles.swift /Users/rogerlin/Library/Developer/Xcode/DerivedData/FinancialCalculatorKit-ackorybalcxbfocbkqsfdzcfkgmn/SourcePackages/checkouts/MathJaxSwift/Sources/MathJaxSwift/Options/Input/AMInputProcessorOptions.swift /Users/rogerlin/Library/Developer/Xcode/DerivedData/FinancialCalculatorKit-ackorybalcxbfocbkqsfdzcfkgmn/SourcePackages/checkouts/MathJaxSwift/Sources/MathJaxSwift/Options/Input/InputProcessorOptions.swift /Users/rogerlin/Library/Developer/Xcode/DerivedData/FinancialCalculatorKit-ackorybalcxbfocbkqsfdzcfkgmn/SourcePackages/checkouts/MathJaxSwift/Sources/MathJaxSwift/Options/Input/MMLInputProcessorOptions.swift /Users/rogerlin/Library/Developer/Xcode/DerivedData/FinancialCalculatorKit-ackorybalcxbfocbkqsfdzcfkgmn/SourcePackages/checkouts/MathJaxSwift/Sources/MathJaxSwift/Options/Input/TeX\ Packages/AMSCDOptions.swift /Users/rogerlin/Library/Developer/Xcode/DerivedData/FinancialCalculatorKit-ackorybalcxbfocbkqsfdzcfkgmn/SourcePackages/checkouts/MathJaxSwift/Sources/MathJaxSwift/Options/Input/TeX\ Packages/AMSOptions.swift /Users/rogerlin/Library/Developer/Xcode/DerivedData/FinancialCalculatorKit-ackorybalcxbfocbkqsfdzcfkgmn/SourcePackages/checkouts/MathJaxSwift/Sources/MathJaxSwift/Options/Input/TeX\ Packages/AutoloadOptions.swift /Users/rogerlin/Library/Developer/Xcode/DerivedData/FinancialCalculatorKit-ackorybalcxbfocbkqsfdzcfkgmn/SourcePackages/checkouts/MathJaxSwift/Sources/MathJaxSwift/Options/Input/TeX\ Packages/ColorOptions.swift /Users/rogerlin/Library/Developer/Xcode/DerivedData/FinancialCalculatorKit-ackorybalcxbfocbkqsfdzcfkgmn/SourcePackages/checkouts/MathJaxSwift/Sources/MathJaxSwift/Options/Input/TeX\ Packages/MathtoolsOptions.swift /Users/rogerlin/Library/Developer/Xcode/DerivedData/FinancialCalculatorKit-ackorybalcxbfocbkqsfdzcfkgmn/SourcePackages/checkouts/MathJaxSwift/Sources/MathJaxSwift/Options/Input/TeX\ Packages/NoundefinedOptions.swift /Users/rogerlin/Library/Developer/Xcode/DerivedData/FinancialCalculatorKit-ackorybalcxbfocbkqsfdzcfkgmn/SourcePackages/checkouts/MathJaxSwift/Sources/MathJaxSwift/Options/Input/TeX\ Packages/PhysicsOptions.swift /Users/rogerlin/Library/Developer/Xcode/DerivedData/FinancialCalculatorKit-ackorybalcxbfocbkqsfdzcfkgmn/SourcePackages/checkouts/MathJaxSwift/Sources/MathJaxSwift/Options/Input/TeX\ Packages/RequireOptions.swift /Users/rogerlin/Library/Developer/Xcode/DerivedData/FinancialCalculatorKit-ackorybalcxbfocbkqsfdzcfkgmn/SourcePackages/checkouts/MathJaxSwift/Sources/MathJaxSwift/Options/Input/TeX\ Packages/SetOptions.swift /Users/rogerlin/Library/Developer/Xcode/DerivedData/FinancialCalculatorKit-ackorybalcxbfocbkqsfdzcfkgmn/SourcePackages/checkouts/MathJaxSwift/Sources/MathJaxSwift/Options/Input/TeX\ Packages/TagFormatOptions.swift /Users/rogerlin/Library/Developer/Xcode/DerivedData/FinancialCalculatorKit-ackorybalcxbfocbkqsfdzcfkgmn/SourcePackages/checkouts/MathJaxSwift/Sources/MathJaxSwift/Options/Input/TeXInputProcessorOptions.swift /Users/rogerlin/Library/Developer/Xcode/DerivedData/FinancialCalculatorKit-ackorybalcxbfocbkqsfdzcfkgmn/SourcePackages/checkouts/MathJaxSwift/Sources/MathJaxSwift/Options/Output/CHTMLOutputProcessorOptions.swift /Users/rogerlin/Library/Developer/Xcode/DerivedData/FinancialCalculatorKit-ackorybalcxbfocbkqsfdzcfkgmn/SourcePackages/checkouts/MathJaxSwift/Sources/MathJaxSwift/Options/Output/OutputProcessorOptions.swift /Users/rogerlin/Library/Developer/Xcode/DerivedData/FinancialCalculatorKit-ackorybalcxbfocbkqsfdzcfkgmn/SourcePackages/checkouts/MathJaxSwift/Sources/MathJaxSwift/Options/Output/SVGOutputProcessorOptions.swift -supplementary-output-file-map /Users/rogerlin/Library/Developer/Xcode/DerivedData/FinancialCalculatorKit-ackorybalcxbfocbkqsfdzcfkgmn/Build/Intermediates.noindex/MathJaxSwift.build/Debug/MathJaxSwift.build/Objects-normal/arm64/supplementaryOutputs-11 -target arm64-apple-macos10.15 -load-resolved-plugin /Applications/Xcode.app/Contents/Developer/Platforms/MacOSX.platform/Developer/usr/lib/swift/host/plugins/libFoundationMacros.dylib\#/Applications/Xcode.app/Contents/Developer/Platforms/MacOSX.platform/Developer/usr/bin/swift-plugin-server\#FoundationMacros -load-resolved-plugin /Applications/Xcode.app/Contents/Developer/Platforms/MacOSX.platform/Developer/usr/lib/swift/host/plugins/libObservationMacros.dylib\#/Applications/Xcode.app/Contents/Developer/Platforms/MacOSX.platform/Developer/usr/bin/swift-plugin-server\#ObservationMacros -load-resolved-plugin /Applications/Xcode.app/Contents/Developer/Platforms/MacOSX.platform/Developer/usr/lib/swift/host/plugins/libSwiftMacros.dylib\#/Applications/Xcode.app/Contents/Developer/Platforms/MacOSX.platform/Developer/usr/bin/swift-plugin-server\#SwiftMacros -disable-implicit-swift-modules -Xcc -fno-implicit-modules -Xcc -fno-implicit-module-maps -explicit-swift-module-map-file /Users/rogerlin/Library/Developer/Xcode/DerivedData/FinancialCalculatorKit-ackorybalcxbfocbkqsfdzcfkgmn/Build/Intermediates.noindex/MathJaxSwift.build/Debug/MathJaxSwift.build/Objects-normal/arm64/MathJaxSwift-dependencies-1.json -Xllvm -aarch64-use-tbi -enable-objc-interop -stack-check -sdk /Applications/Xcode.app/Contents/Developer/Platforms/MacOSX.platform/Developer/SDKs/MacOSX26.1.sdk -I /Users/rogerlin/Library/Developer/Xcode/DerivedData/FinancialCalculatorKit-ackorybalcxbfocbkqsfdzcfkgmn/Build/Products/Debug -Isystem /Applications/Xcode.app/Contents/Developer/Platforms/MacOSX.platform/Developer/usr/lib -F /Users/rogerlin/Library/Developer/Xcode/DerivedData/FinancialCalculatorKit-ackorybalcxbfocbkqsfdzcfkgmn/Build/Products/Debug -F /Applications/Xcode.app/Contents/Developer/Platforms/MacOSX.platform/Developer/Library/Frameworks -no-color-diagnostics -Xcc -fno-color-diagnostics -enable-testing -g -debug-info-format\=dwarf -dwarf-version\=4 -module-cache-path /Users/rogerlin/Library/Developer/Xcode/DerivedData/FinancialCalculatorKit-ackorybalcxbfocbkqsfdzcfkgmn/Build/Intermediates.noindex/SwiftExplicitPrecompiledModules -suppress-warnings -profile-generate -profile-coverage-mapping -swift-version 5 -enforce-exclusivity\=checked -Onone -D SWIFT_PACKAGE -D DEBUG -D SWIFT_MODULE_RESOURCE_BUNDLE_AVAILABLE -D Xcode -serialize-debugging-options -const-gather-protocols-file /Users/rogerlin/Library/Developer/Xcode/DerivedData/FinancialCalculatorKit-ackorybalcxbfocbkqsfdzcfkgmn/Build/Intermediates.noindex/MathJaxSwift.build/Debug/MathJaxSwift.build/Objects-normal/arm64/MathJaxSwift_const_extract_protocols.json -enable-experimental-feature DebugDescriptionMacro -empty-abi-descriptor -validate-clang-modules-once -clang-build-session-file /Users/rogerlin/Library/Developer/Xcode/DerivedData/ModuleCache.noindex/Session.modulevalidation -Xcc -working-directory -Xcc /Users/rogerlin/XCode-Projects/FinancialCalculatorKit-5.0-updated-accent-colors/FinancialCalculatorKit.xcodeproj -enable-anonymous-context-mangled-names -file-compilation-dir /Users/rogerlin/XCode-Projects/FinancialCalculatorKit-5.0-updated-accent-colors/FinancialCalculatorKit.xcodeproj -Xcc -D_LIBCPP_HARDENING_MODE\=_LIBCPP_HARDENING_MODE_DEBUG -Xcc -ivfsstatcache -Xcc /Users/rogerlin/Library/Developer/Xcode/DerivedData/SDKStatCaches.noindex/macosx26.1-25B74-3ae1261907bdadc328169391a47051a6.sdkstatcache -Xcc -I/Users/rogerlin/Library/Developer/Xcode/DerivedData/FinancialCalculatorKit-ackorybalcxbfocbkqsfdzcfkgmn/Build/Intermediates.noindex/MathJaxSwift.build/Debug/MathJaxSwift.build/swift-overrides.hmap -Xcc -I/Users/rogerlin/Library/Developer/Xcode/DerivedData/FinancialCalculatorKit-ackorybalcxbfocbkqsfdzcfkgmn/Build/Products/Debug/include -Xcc -I/Users/rogerlin/Library/Developer/Xcode/DerivedData/FinancialCalculatorKit-ackorybalcxbfocbkqsfdzcfkgmn/Build/Intermediates.noindex/MathJaxSwift.build/Debug/MathJaxSwift.build/DerivedSources-normal/arm64 -Xcc -I/Users/rogerlin/Library/Developer/Xcode/DerivedData/FinancialCalculatorKit-ackorybalcxbfocbkqsfdzcfkgmn/Build/Intermediates.noindex/MathJaxSwift.build/Debug/MathJaxSwift.build/DerivedSources/arm64 -Xcc -I/Users/rogerlin/Library/Developer/Xcode/DerivedData/FinancialCalculatorKit-ackorybalcxbfocbkqsfdzcfkgmn/Build/Intermediates.noindex/MathJaxSwift.build/Debug/MathJaxSwift.build/DerivedSources -Xcc -DSWIFT_PACKAGE -Xcc -DDEBUG\=1 -no-auto-bridging-header-chaining -module-name MathJaxSwift -frontend-parseable-output -disable-clang-spi -target-sdk-version 26.1 -target-sdk-name macosx26.1 -clang-target arm64-apple-macos26.1 -in-process-plugin-server-path /Applications/Xcode.app/Contents/Developer/Toolchains/XcodeDefault.xctoolchain/usr/lib/swift/host/libSwiftInProcPluginServer.dylib -o /Users/rogerlin/Library/Developer/Xcode/DerivedData/FinancialCalculatorKit-ackorybalcxbfocbkqsfdzcfkgmn/Build/Intermediates.noindex/MathJaxSwift.build/Debug/MathJaxSwift.build/Objects-normal/arm64/SVGParser.o -o /Users/rogerlin/Library/Developer/Xcode/DerivedData/FinancialCalculatorKit-ackorybalcxbfocbkqsfdzcfkgmn/Build/Intermediates.noindex/MathJaxSwift.build/Debug/MathJaxSwift.build/Objects-normal/arm64/MathJax.o -o /Users/rogerlin/Library/Developer/Xcode/DerivedData/FinancialCalculatorKit-ackorybalcxbfocbkqsfdzcfkgmn/Build/Intermediates.noindex/MathJaxSwift.build/Debug/MathJaxSwift.build/Objects-normal/arm64/ConversionOptions.o -index-unit-output-path /MathJaxSwift.build/Debug/MathJaxSwift.build/Objects-normal/arm64/SVGParser.o -index-unit-output-path /MathJaxSwift.build/Debug/MathJaxSwift.build/Objects-normal/arm64/MathJax.o -index-unit-output-path /MathJaxSwift.build/Debug/MathJaxSwift.build/Objects-normal/arm64/ConversionOptions.o -index-store-path /Users/rogerlin/Library/Developer/Xcode/DerivedData/FinancialCalculatorKit-ackorybalcxbfocbkqsfdzcfkgmn/Index.noindex/DataStore -index-system-modules

SwiftCompile normal arm64 /Users/rogerlin/Library/Developer/Xcode/DerivedData/FinancialCalculatorKit-ackorybalcxbfocbkqsfdzcfkgmn/SourcePackages/checkouts/MathJaxSwift/Sources/MathJaxSwift/Internal/Parsing/SVGParser.swift (in target 'MathJaxSwift' from project 'MathJaxSwift')
    cd /Users/rogerlin/XCode-Projects/FinancialCalculatorKit-5.0-updated-accent-colors/FinancialCalculatorKit.xcodeproj
    

SwiftCompile normal arm64 /Users/rogerlin/Library/Developer/Xcode/DerivedData/FinancialCalculatorKit-ackorybalcxbfocbkqsfdzcfkgmn/SourcePackages/checkouts/MathJaxSwift/Sources/MathJaxSwift/MathJax.swift (in target 'MathJaxSwift' from project 'MathJaxSwift')
    cd /Users/rogerlin/XCode-Projects/FinancialCalculatorKit-5.0-updated-accent-colors/FinancialCalculatorKit.xcodeproj
    

SwiftCompile normal arm64 /Users/rogerlin/Library/Developer/Xcode/DerivedData/FinancialCalculatorKit-ackorybalcxbfocbkqsfdzcfkgmn/SourcePackages/checkouts/MathJaxSwift/Sources/MathJaxSwift/Options/ConversionOptions.swift (in target 'MathJaxSwift' from project 'MathJaxSwift')
    cd /Users/rogerlin/XCode-Projects/FinancialCalculatorKit-5.0-updated-accent-colors/FinancialCalculatorKit.xcodeproj
    

SwiftDriverJobDiscovery normal arm64 Compiling DOM+Extensions.swift, DOM.Color.swift, DOM.Element.swift (in target 'SwiftDrawDOM' from project 'SwiftDraw')

SwiftCompile normal arm64 Compiling\ TeXInputProcessorOptions.swift,\ CHTMLOutputProcessorOptions.swift /Users/rogerlin/Library/Developer/Xcode/DerivedData/FinancialCalculatorKit-ackorybalcxbfocbkqsfdzcfkgmn/SourcePackages/checkouts/MathJaxSwift/Sources/MathJaxSwift/Options/Input/TeXInputProcessorOptions.swift /Users/rogerlin/Library/Developer/Xcode/DerivedData/FinancialCalculatorKit-ackorybalcxbfocbkqsfdzcfkgmn/SourcePackages/checkouts/MathJaxSwift/Sources/MathJaxSwift/Options/Output/CHTMLOutputProcessorOptions.swift (in target 'MathJaxSwift' from project 'MathJaxSwift')
/Applications/Xcode.app/Contents/Developer/Toolchains/XcodeDefault.xctoolchain/usr/bin/swift-frontend -frontend -c /Users/rogerlin/Library/Developer/Xcode/DerivedData/FinancialCalculatorKit-ackorybalcxbfocbkqsfdzcfkgmn/Build/Intermediates.noindex/MathJaxSwift.build/Debug/MathJaxSwift.build/DerivedSources/resource_bundle_accessor.swift /Users/rogerlin/Library/Developer/Xcode/DerivedData/FinancialCalculatorKit-ackorybalcxbfocbkqsfdzcfkgmn/SourcePackages/checkouts/MathJaxSwift/Sources/MathJaxSwift/Conversions/AM/AM2CHTML.swift /Users/rogerlin/Library/Developer/Xcode/DerivedData/FinancialCalculatorKit-ackorybalcxbfocbkqsfdzcfkgmn/SourcePackages/checkouts/MathJaxSwift/Sources/MathJaxSwift/Conversions/AM/AM2MML.swift /Users/rogerlin/Library/Developer/Xcode/DerivedData/FinancialCalculatorKit-ackorybalcxbfocbkqsfdzcfkgmn/SourcePackages/checkouts/MathJaxSwift/Sources/MathJaxSwift/Conversions/MML/MML2CHTML.swift /Users/rogerlin/Library/Developer/Xcode/DerivedData/FinancialCalculatorKit-ackorybalcxbfocbkqsfdzcfkgmn/SourcePackages/checkouts/MathJaxSwift/Sources/MathJaxSwift/Conversions/MML/MML2SVG.swift /Users/rogerlin/Library/Developer/Xcode/DerivedData/FinancialCalculatorKit-ackorybalcxbfocbkqsfdzcfkgmn/SourcePackages/checkouts/MathJaxSwift/Sources/MathJaxSwift/Conversions/TeX/TeX2CHTML.swift /Users/rogerlin/Library/Developer/Xcode/DerivedData/FinancialCalculatorKit-ackorybalcxbfocbkqsfdzcfkgmn/SourcePackages/checkouts/MathJaxSwift/Sources/MathJaxSwift/Conversions/TeX/TeX2MML.swift /Users/rogerlin/Library/Developer/Xcode/DerivedData/FinancialCalculatorKit-ackorybalcxbfocbkqsfdzcfkgmn/SourcePackages/checkouts/MathJaxSwift/Sources/MathJaxSwift/Conversions/TeX/TeX2SVG.swift /Users/rogerlin/Library/Developer/Xcode/DerivedData/FinancialCalculatorKit-ackorybalcxbfocbkqsfdzcfkgmn/SourcePackages/checkouts/MathJaxSwift/Sources/MathJaxSwift/Internal/Constants.swift /Users/rogerlin/Library/Developer/Xcode/DerivedData/FinancialCalculatorKit-ackorybalcxbfocbkqsfdzcfkgmn/SourcePackages/checkouts/MathJaxSwift/Sources/MathJaxSwift/Internal/Function.swift /Users/rogerlin/Library/Developer/Xcode/DerivedData/FinancialCalculatorKit-ackorybalcxbfocbkqsfdzcfkgmn/SourcePackages/checkouts/MathJaxSwift/Sources/MathJaxSwift/Internal/MathJaxError.swift /Users/rogerlin/Library/Developer/Xcode/DerivedData/FinancialCalculatorKit-ackorybalcxbfocbkqsfdzcfkgmn/SourcePackages/checkouts/MathJaxSwift/Sources/MathJaxSwift/Internal/PackageLock.swift /Users/rogerlin/Library/Developer/Xcode/DerivedData/FinancialCalculatorKit-ackorybalcxbfocbkqsfdzcfkgmn/SourcePackages/checkouts/MathJaxSwift/Sources/MathJaxSwift/Internal/Parsing/HTMLParser.swift /Users/rogerlin/Library/Developer/Xcode/DerivedData/FinancialCalculatorKit-ackorybalcxbfocbkqsfdzcfkgmn/SourcePackages/checkouts/MathJaxSwift/Sources/MathJaxSwift/Internal/Parsing/MMLParser.swift /Users/rogerlin/Library/Developer/Xcode/DerivedData/FinancialCalculatorKit-ackorybalcxbfocbkqsfdzcfkgmn/SourcePackages/checkouts/MathJaxSwift/Sources/MathJaxSwift/Internal/Parsing/Parser.swift /Users/rogerlin/Library/Developer/Xcode/DerivedData/FinancialCalculatorKit-ackorybalcxbfocbkqsfdzcfkgmn/SourcePackages/checkouts/MathJaxSwift/Sources/MathJaxSwift/Internal/Parsing/SVGParser.swift /Users/rogerlin/Library/Developer/Xcode/DerivedData/FinancialCalculatorKit-ackorybalcxbfocbkqsfdzcfkgmn/SourcePackages/checkouts/MathJaxSwift/Sources/MathJaxSwift/MathJax.swift /Users/rogerlin/Library/Developer/Xcode/DerivedData/FinancialCalculatorKit-ackorybalcxbfocbkqsfdzcfkgmn/SourcePackages/checkouts/MathJaxSwift/Sources/MathJaxSwift/Options/ConversionOptions.swift /Users/rogerlin/Library/Developer/Xcode/DerivedData/FinancialCalculatorKit-ackorybalcxbfocbkqsfdzcfkgmn/SourcePackages/checkouts/MathJaxSwift/Sources/MathJaxSwift/Options/Document/A11YOptions.swift /Users/rogerlin/Library/Developer/Xcode/DerivedData/FinancialCalculatorKit-ackorybalcxbfocbkqsfdzcfkgmn/SourcePackages/checkouts/MathJaxSwift/Sources/MathJaxSwift/Options/Document/DocumentOptions.swift /Users/rogerlin/Library/Developer/Xcode/DerivedData/FinancialCalculatorKit-ackorybalcxbfocbkqsfdzcfkgmn/SourcePackages/checkouts/MathJaxSwift/Sources/MathJaxSwift/Options/Document/Menu/MenuOptions.swift /Users/rogerlin/Library/Developer/Xcode/DerivedData/FinancialCalculatorKit-ackorybalcxbfocbkqsfdzcfkgmn/SourcePackages/checkouts/MathJaxSwift/Sources/MathJaxSwift/Options/Document/Menu/MenuOptionsSettings.swift /Users/rogerlin/Library/Developer/Xcode/DerivedData/FinancialCalculatorKit-ackorybalcxbfocbkqsfdzcfkgmn/SourcePackages/checkouts/MathJaxSwift/Sources/MathJaxSwift/Options/Document/SREOptions.swift /Users/rogerlin/Library/Developer/Xcode/DerivedData/FinancialCalculatorKit-ackorybalcxbfocbkqsfdzcfkgmn/SourcePackages/checkouts/MathJaxSwift/Sources/MathJaxSwift/Options/Document/Safe/AllowOptions.swift /Users/rogerlin/Library/Developer/Xcode/DerivedData/FinancialCalculatorKit-ackorybalcxbfocbkqsfdzcfkgmn/SourcePackages/checkouts/MathJaxSwift/Sources/MathJaxSwift/Options/Document/Safe/SafeOptions.swift /Users/rogerlin/Library/Developer/Xcode/DerivedData/FinancialCalculatorKit-ackorybalcxbfocbkqsfdzcfkgmn/SourcePackages/checkouts/MathJaxSwift/Sources/MathJaxSwift/Options/Document/Safe/SafeProtocols.swift /Users/rogerlin/Library/Developer/Xcode/DerivedData/FinancialCalculatorKit-ackorybalcxbfocbkqsfdzcfkgmn/SourcePackages/checkouts/MathJaxSwift/Sources/MathJaxSwift/Options/Document/Safe/SafeStyles.swift /Users/rogerlin/Library/Developer/Xcode/DerivedData/FinancialCalculatorKit-ackorybalcxbfocbkqsfdzcfkgmn/SourcePackages/checkouts/MathJaxSwift/Sources/MathJaxSwift/Options/Input/AMInputProcessorOptions.swift /Users/rogerlin/Library/Developer/Xcode/DerivedData/FinancialCalculatorKit-ackorybalcxbfocbkqsfdzcfkgmn/SourcePackages/checkouts/MathJaxSwift/Sources/MathJaxSwift/Options/Input/InputProcessorOptions.swift /Users/rogerlin/Library/Developer/Xcode/DerivedData/FinancialCalculatorKit-ackorybalcxbfocbkqsfdzcfkgmn/SourcePackages/checkouts/MathJaxSwift/Sources/MathJaxSwift/Options/Input/MMLInputProcessorOptions.swift /Users/rogerlin/Library/Developer/Xcode/DerivedData/FinancialCalculatorKit-ackorybalcxbfocbkqsfdzcfkgmn/SourcePackages/checkouts/MathJaxSwift/Sources/MathJaxSwift/Options/Input/TeX\ Packages/AMSCDOptions.swift /Users/rogerlin/Library/Developer/Xcode/DerivedData/FinancialCalculatorKit-ackorybalcxbfocbkqsfdzcfkgmn/SourcePackages/checkouts/MathJaxSwift/Sources/MathJaxSwift/Options/Input/TeX\ Packages/AMSOptions.swift /Users/rogerlin/Library/Developer/Xcode/DerivedData/FinancialCalculatorKit-ackorybalcxbfocbkqsfdzcfkgmn/SourcePackages/checkouts/MathJaxSwift/Sources/MathJaxSwift/Options/Input/TeX\ Packages/AutoloadOptions.swift /Users/rogerlin/Library/Developer/Xcode/DerivedData/FinancialCalculatorKit-ackorybalcxbfocbkqsfdzcfkgmn/SourcePackages/checkouts/MathJaxSwift/Sources/MathJaxSwift/Options/Input/TeX\ Packages/ColorOptions.swift /Users/rogerlin/Library/Developer/Xcode/DerivedData/FinancialCalculatorKit-ackorybalcxbfocbkqsfdzcfkgmn/SourcePackages/checkouts/MathJaxSwift/Sources/MathJaxSwift/Options/Input/TeX\ Packages/MathtoolsOptions.swift /Users/rogerlin/Library/Developer/Xcode/DerivedData/FinancialCalculatorKit-ackorybalcxbfocbkqsfdzcfkgmn/SourcePackages/checkouts/MathJaxSwift/Sources/MathJaxSwift/Options/Input/TeX\ Packages/NoundefinedOptions.swift /Users/rogerlin/Library/Developer/Xcode/DerivedData/FinancialCalculatorKit-ackorybalcxbfocbkqsfdzcfkgmn/SourcePackages/checkouts/MathJaxSwift/Sources/MathJaxSwift/Options/Input/TeX\ Packages/PhysicsOptions.swift /Users/rogerlin/Library/Developer/Xcode/DerivedData/FinancialCalculatorKit-ackorybalcxbfocbkqsfdzcfkgmn/SourcePackages/checkouts/MathJaxSwift/Sources/MathJaxSwift/Options/Input/TeX\ Packages/RequireOptions.swift /Users/rogerlin/Library/Developer/Xcode/DerivedData/FinancialCalculatorKit-ackorybalcxbfocbkqsfdzcfkgmn/SourcePackages/checkouts/MathJaxSwift/Sources/MathJaxSwift/Options/Input/TeX\ Packages/SetOptions.swift /Users/rogerlin/Library/Developer/Xcode/DerivedData/FinancialCalculatorKit-ackorybalcxbfocbkqsfdzcfkgmn/SourcePackages/checkouts/MathJaxSwift/Sources/MathJaxSwift/Options/Input/TeX\ Packages/TagFormatOptions.swift -primary-file /Users/rogerlin/Library/Developer/Xcode/DerivedData/FinancialCalculatorKit-ackorybalcxbfocbkqsfdzcfkgmn/SourcePackages/checkouts/MathJaxSwift/Sources/MathJaxSwift/Options/Input/TeXInputProcessorOptions.swift -primary-file /Users/rogerlin/Library/Developer/Xcode/DerivedData/FinancialCalculatorKit-ackorybalcxbfocbkqsfdzcfkgmn/SourcePackages/checkouts/MathJaxSwift/Sources/MathJaxSwift/Options/Output/CHTMLOutputProcessorOptions.swift /Users/rogerlin/Library/Developer/Xcode/DerivedData/FinancialCalculatorKit-ackorybalcxbfocbkqsfdzcfkgmn/SourcePackages/checkouts/MathJaxSwift/Sources/MathJaxSwift/Options/Output/OutputProcessorOptions.swift /Users/rogerlin/Library/Developer/Xcode/DerivedData/FinancialCalculatorKit-ackorybalcxbfocbkqsfdzcfkgmn/SourcePackages/checkouts/MathJaxSwift/Sources/MathJaxSwift/Options/Output/SVGOutputProcessorOptions.swift -emit-dependencies-path /Users/rogerlin/Library/Developer/Xcode/DerivedData/FinancialCalculatorKit-ackorybalcxbfocbkqsfdzcfkgmn/Build/Intermediates.noindex/MathJaxSwift.build/Debug/MathJaxSwift.build/Objects-normal/arm64/TeXInputProcessorOptions.d -emit-const-values-path /Users/rogerlin/Library/Developer/Xcode/DerivedData/FinancialCalculatorKit-ackorybalcxbfocbkqsfdzcfkgmn/Build/Intermediates.noindex/MathJaxSwift.build/Debug/MathJaxSwift.build/Objects-normal/arm64/TeXInputProcessorOptions.swiftconstvalues -emit-reference-dependencies-path /Users/rogerlin/Library/Developer/Xcode/DerivedData/FinancialCalculatorKit-ackorybalcxbfocbkqsfdzcfkgmn/Build/Intermediates.noindex/MathJaxSwift.build/Debug/MathJaxSwift.build/Objects-normal/arm64/TeXInputProcessorOptions.swiftdeps -serialize-diagnostics-path /Users/rogerlin/Library/Developer/Xcode/DerivedData/FinancialCalculatorKit-ackorybalcxbfocbkqsfdzcfkgmn/Build/Intermediates.noindex/MathJaxSwift.build/Debug/MathJaxSwift.build/Objects-normal/arm64/TeXInputProcessorOptions.dia -emit-dependencies-path /Users/rogerlin/Library/Developer/Xcode/DerivedData/FinancialCalculatorKit-ackorybalcxbfocbkqsfdzcfkgmn/Build/Intermediates.noindex/MathJaxSwift.build/Debug/MathJaxSwift.build/Objects-normal/arm64/CHTMLOutputProcessorOptions.d -emit-const-values-path /Users/rogerlin/Library/Developer/Xcode/DerivedData/FinancialCalculatorKit-ackorybalcxbfocbkqsfdzcfkgmn/Build/Intermediates.noindex/MathJaxSwift.build/Debug/MathJaxSwift.build/Objects-normal/arm64/CHTMLOutputProcessorOptions.swiftconstvalues -emit-reference-dependencies-path /Users/rogerlin/Library/Developer/Xcode/DerivedData/FinancialCalculatorKit-ackorybalcxbfocbkqsfdzcfkgmn/Build/Intermediates.noindex/MathJaxSwift.build/Debug/MathJaxSwift.build/Objects-normal/arm64/CHTMLOutputProcessorOptions.swiftdeps -serialize-diagnostics-path /Users/rogerlin/Library/Developer/Xcode/DerivedData/FinancialCalculatorKit-ackorybalcxbfocbkqsfdzcfkgmn/Build/Intermediates.noindex/MathJaxSwift.build/Debug/MathJaxSwift.build/Objects-normal/arm64/CHTMLOutputProcessorOptions.dia -target arm64-apple-macos10.15 -load-resolved-plugin /Applications/Xcode.app/Contents/Developer/Platforms/MacOSX.platform/Developer/usr/lib/swift/host/plugins/libFoundationMacros.dylib\#/Applications/Xcode.app/Contents/Developer/Platforms/MacOSX.platform/Developer/usr/bin/swift-plugin-server\#FoundationMacros -load-resolved-plugin /Applications/Xcode.app/Contents/Developer/Platforms/MacOSX.platform/Developer/usr/lib/swift/host/plugins/libObservationMacros.dylib\#/Applications/Xcode.app/Contents/Developer/Platforms/MacOSX.platform/Developer/usr/bin/swift-plugin-server\#ObservationMacros -load-resolved-plugin /Applications/Xcode.app/Contents/Developer/Platforms/MacOSX.platform/Developer/usr/lib/swift/host/plugins/libSwiftMacros.dylib\#/Applications/Xcode.app/Contents/Developer/Platforms/MacOSX.platform/Developer/usr/bin/swift-plugin-server\#SwiftMacros -disable-implicit-swift-modules -Xcc -fno-implicit-modules -Xcc -fno-implicit-module-maps -explicit-swift-module-map-file /Users/rogerlin/Library/Developer/Xcode/DerivedData/FinancialCalculatorKit-ackorybalcxbfocbkqsfdzcfkgmn/Build/Intermediates.noindex/MathJaxSwift.build/Debug/MathJaxSwift.build/Objects-normal/arm64/MathJaxSwift-dependencies-1.json -Xllvm -aarch64-use-tbi -enable-objc-interop -stack-check -sdk /Applications/Xcode.app/Contents/Developer/Platforms/MacOSX.platform/Developer/SDKs/MacOSX26.1.sdk -I /Users/rogerlin/Library/Developer/Xcode/DerivedData/FinancialCalculatorKit-ackorybalcxbfocbkqsfdzcfkgmn/Build/Products/Debug -Isystem /Applications/Xcode.app/Contents/Developer/Platforms/MacOSX.platform/Developer/usr/lib -F /Users/rogerlin/Library/Developer/Xcode/DerivedData/FinancialCalculatorKit-ackorybalcxbfocbkqsfdzcfkgmn/Build/Products/Debug -F /Applications/Xcode.app/Contents/Developer/Platforms/MacOSX.platform/Developer/Library/Frameworks -no-color-diagnostics -Xcc -fno-color-diagnostics -enable-testing -g -debug-info-format\=dwarf -dwarf-version\=4 -module-cache-path /Users/rogerlin/Library/Developer/Xcode/DerivedData/FinancialCalculatorKit-ackorybalcxbfocbkqsfdzcfkgmn/Build/Intermediates.noindex/SwiftExplicitPrecompiledModules -suppress-warnings -profile-generate -profile-coverage-mapping -swift-version 5 -enforce-exclusivity\=checked -Onone -D SWIFT_PACKAGE -D DEBUG -D SWIFT_MODULE_RESOURCE_BUNDLE_AVAILABLE -D Xcode -serialize-debugging-options -const-gather-protocols-file /Users/rogerlin/Library/Developer/Xcode/DerivedData/FinancialCalculatorKit-ackorybalcxbfocbkqsfdzcfkgmn/Build/Intermediates.noindex/MathJaxSwift.build/Debug/MathJaxSwift.build/Objects-normal/arm64/MathJaxSwift_const_extract_protocols.json -enable-experimental-feature DebugDescriptionMacro -empty-abi-descriptor -validate-clang-modules-once -clang-build-session-file /Users/rogerlin/Library/Developer/Xcode/DerivedData/ModuleCache.noindex/Session.modulevalidation -Xcc -working-directory -Xcc /Users/rogerlin/XCode-Projects/FinancialCalculatorKit-5.0-updated-accent-colors/FinancialCalculatorKit.xcodeproj -enable-anonymous-context-mangled-names -file-compilation-dir /Users/rogerlin/XCode-Projects/FinancialCalculatorKit-5.0-updated-accent-colors/FinancialCalculatorKit.xcodeproj -Xcc -D_LIBCPP_HARDENING_MODE\=_LIBCPP_HARDENING_MODE_DEBUG -Xcc -ivfsstatcache -Xcc /Users/rogerlin/Library/Developer/Xcode/DerivedData/SDKStatCaches.noindex/macosx26.1-25B74-3ae1261907bdadc328169391a47051a6.sdkstatcache -Xcc -I/Users/rogerlin/Library/Developer/Xcode/DerivedData/FinancialCalculatorKit-ackorybalcxbfocbkqsfdzcfkgmn/Build/Intermediates.noindex/MathJaxSwift.build/Debug/MathJaxSwift.build/swift-overrides.hmap -Xcc -I/Users/rogerlin/Library/Developer/Xcode/DerivedData/FinancialCalculatorKit-ackorybalcxbfocbkqsfdzcfkgmn/Build/Products/Debug/include -Xcc -I/Users/rogerlin/Library/Developer/Xcode/DerivedData/FinancialCalculatorKit-ackorybalcxbfocbkqsfdzcfkgmn/Build/Intermediates.noindex/MathJaxSwift.build/Debug/MathJaxSwift.build/DerivedSources-normal/arm64 -Xcc -I/Users/rogerlin/Library/Developer/Xcode/DerivedData/FinancialCalculatorKit-ackorybalcxbfocbkqsfdzcfkgmn/Build/Intermediates.noindex/MathJaxSwift.build/Debug/MathJaxSwift.build/DerivedSources/arm64 -Xcc -I/Users/rogerlin/Library/Developer/Xcode/DerivedData/FinancialCalculatorKit-ackorybalcxbfocbkqsfdzcfkgmn/Build/Intermediates.noindex/MathJaxSwift.build/Debug/MathJaxSwift.build/DerivedSources -Xcc -DSWIFT_PACKAGE -Xcc -DDEBUG\=1 -no-auto-bridging-header-chaining -module-name MathJaxSwift -frontend-parseable-output -disable-clang-spi -target-sdk-version 26.1 -target-sdk-name macosx26.1 -clang-target arm64-apple-macos26.1 -in-process-plugin-server-path /Applications/Xcode.app/Contents/Developer/Toolchains/XcodeDefault.xctoolchain/usr/lib/swift/host/libSwiftInProcPluginServer.dylib -o /Users/rogerlin/Library/Developer/Xcode/DerivedData/FinancialCalculatorKit-ackorybalcxbfocbkqsfdzcfkgmn/Build/Intermediates.noindex/MathJaxSwift.build/Debug/MathJaxSwift.build/Objects-normal/arm64/TeXInputProcessorOptions.o -o /Users/rogerlin/Library/Developer/Xcode/DerivedData/FinancialCalculatorKit-ackorybalcxbfocbkqsfdzcfkgmn/Build/Intermediates.noindex/MathJaxSwift.build/Debug/MathJaxSwift.build/Objects-normal/arm64/CHTMLOutputProcessorOptions.o -index-unit-output-path /MathJaxSwift.build/Debug/MathJaxSwift.build/Objects-normal/arm64/TeXInputProcessorOptions.o -index-unit-output-path /MathJaxSwift.build/Debug/MathJaxSwift.build/Objects-normal/arm64/CHTMLOutputProcessorOptions.o -index-store-path /Users/rogerlin/Library/Developer/Xcode/DerivedData/FinancialCalculatorKit-ackorybalcxbfocbkqsfdzcfkgmn/Index.noindex/DataStore -index-system-modules

SwiftCompile normal arm64 /Users/rogerlin/Library/Developer/Xcode/DerivedData/FinancialCalculatorKit-ackorybalcxbfocbkqsfdzcfkgmn/SourcePackages/checkouts/MathJaxSwift/Sources/MathJaxSwift/Options/Input/TeXInputProcessorOptions.swift (in target 'MathJaxSwift' from project 'MathJaxSwift')
    cd /Users/rogerlin/XCode-Projects/FinancialCalculatorKit-5.0-updated-accent-colors/FinancialCalculatorKit.xcodeproj
    

SwiftCompile normal arm64 /Users/rogerlin/Library/Developer/Xcode/DerivedData/FinancialCalculatorKit-ackorybalcxbfocbkqsfdzcfkgmn/SourcePackages/checkouts/MathJaxSwift/Sources/MathJaxSwift/Options/Output/CHTMLOutputProcessorOptions.swift (in target 'MathJaxSwift' from project 'MathJaxSwift')
    cd /Users/rogerlin/XCode-Projects/FinancialCalculatorKit-5.0-updated-accent-colors/FinancialCalculatorKit.xcodeproj
    

SwiftDriverJobDiscovery normal arm64 Compiling DOM.RadialGradient.swift, DOM.SVG+Parse.swift, DOM.SVG.swift (in target 'SwiftDrawDOM' from project 'SwiftDraw')

SwiftCompile normal arm64 Compiling\ TeX2MML.swift,\ TeX2SVG.swift,\ Constants.swift /Users/rogerlin/Library/Developer/Xcode/DerivedData/FinancialCalculatorKit-ackorybalcxbfocbkqsfdzcfkgmn/SourcePackages/checkouts/MathJaxSwift/Sources/MathJaxSwift/Conversions/TeX/TeX2MML.swift /Users/rogerlin/Library/Developer/Xcode/DerivedData/FinancialCalculatorKit-ackorybalcxbfocbkqsfdzcfkgmn/SourcePackages/checkouts/MathJaxSwift/Sources/MathJaxSwift/Conversions/TeX/TeX2SVG.swift /Users/rogerlin/Library/Developer/Xcode/DerivedData/FinancialCalculatorKit-ackorybalcxbfocbkqsfdzcfkgmn/SourcePackages/checkouts/MathJaxSwift/Sources/MathJaxSwift/Internal/Constants.swift (in target 'MathJaxSwift' from project 'MathJaxSwift')
/Applications/Xcode.app/Contents/Developer/Toolchains/XcodeDefault.xctoolchain/usr/bin/swift-frontend -frontend -c /Users/rogerlin/Library/Developer/Xcode/DerivedData/FinancialCalculatorKit-ackorybalcxbfocbkqsfdzcfkgmn/Build/Intermediates.noindex/MathJaxSwift.build/Debug/MathJaxSwift.build/DerivedSources/resource_bundle_accessor.swift /Users/rogerlin/Library/Developer/Xcode/DerivedData/FinancialCalculatorKit-ackorybalcxbfocbkqsfdzcfkgmn/SourcePackages/checkouts/MathJaxSwift/Sources/MathJaxSwift/Conversions/AM/AM2CHTML.swift /Users/rogerlin/Library/Developer/Xcode/DerivedData/FinancialCalculatorKit-ackorybalcxbfocbkqsfdzcfkgmn/SourcePackages/checkouts/MathJaxSwift/Sources/MathJaxSwift/Conversions/AM/AM2MML.swift /Users/rogerlin/Library/Developer/Xcode/DerivedData/FinancialCalculatorKit-ackorybalcxbfocbkqsfdzcfkgmn/SourcePackages/checkouts/MathJaxSwift/Sources/MathJaxSwift/Conversions/MML/MML2CHTML.swift /Users/rogerlin/Library/Developer/Xcode/DerivedData/FinancialCalculatorKit-ackorybalcxbfocbkqsfdzcfkgmn/SourcePackages/checkouts/MathJaxSwift/Sources/MathJaxSwift/Conversions/MML/MML2SVG.swift /Users/rogerlin/Library/Developer/Xcode/DerivedData/FinancialCalculatorKit-ackorybalcxbfocbkqsfdzcfkgmn/SourcePackages/checkouts/MathJaxSwift/Sources/MathJaxSwift/Conversions/TeX/TeX2CHTML.swift -primary-file /Users/rogerlin/Library/Developer/Xcode/DerivedData/FinancialCalculatorKit-ackorybalcxbfocbkqsfdzcfkgmn/SourcePackages/checkouts/MathJaxSwift/Sources/MathJaxSwift/Conversions/TeX/TeX2MML.swift -primary-file /Users/rogerlin/Library/Developer/Xcode/DerivedData/FinancialCalculatorKit-ackorybalcxbfocbkqsfdzcfkgmn/SourcePackages/checkouts/MathJaxSwift/Sources/MathJaxSwift/Conversions/TeX/TeX2SVG.swift -primary-file /Users/rogerlin/Library/Developer/Xcode/DerivedData/FinancialCalculatorKit-ackorybalcxbfocbkqsfdzcfkgmn/SourcePackages/checkouts/MathJaxSwift/Sources/MathJaxSwift/Internal/Constants.swift /Users/rogerlin/Library/Developer/Xcode/DerivedData/FinancialCalculatorKit-ackorybalcxbfocbkqsfdzcfkgmn/SourcePackages/checkouts/MathJaxSwift/Sources/MathJaxSwift/Internal/Function.swift /Users/rogerlin/Library/Developer/Xcode/DerivedData/FinancialCalculatorKit-ackorybalcxbfocbkqsfdzcfkgmn/SourcePackages/checkouts/MathJaxSwift/Sources/MathJaxSwift/Internal/MathJaxError.swift /Users/rogerlin/Library/Developer/Xcode/DerivedData/FinancialCalculatorKit-ackorybalcxbfocbkqsfdzcfkgmn/SourcePackages/checkouts/MathJaxSwift/Sources/MathJaxSwift/Internal/PackageLock.swift /Users/rogerlin/Library/Developer/Xcode/DerivedData/FinancialCalculatorKit-ackorybalcxbfocbkqsfdzcfkgmn/SourcePackages/checkouts/MathJaxSwift/Sources/MathJaxSwift/Internal/Parsing/HTMLParser.swift /Users/rogerlin/Library/Developer/Xcode/DerivedData/FinancialCalculatorKit-ackorybalcxbfocbkqsfdzcfkgmn/SourcePackages/checkouts/MathJaxSwift/Sources/MathJaxSwift/Internal/Parsing/MMLParser.swift /Users/rogerlin/Library/Developer/Xcode/DerivedData/FinancialCalculatorKit-ackorybalcxbfocbkqsfdzcfkgmn/SourcePackages/checkouts/MathJaxSwift/Sources/MathJaxSwift/Internal/Parsing/Parser.swift /Users/rogerlin/Library/Developer/Xcode/DerivedData/FinancialCalculatorKit-ackorybalcxbfocbkqsfdzcfkgmn/SourcePackages/checkouts/MathJaxSwift/Sources/MathJaxSwift/Internal/Parsing/SVGParser.swift /Users/rogerlin/Library/Developer/Xcode/DerivedData/FinancialCalculatorKit-ackorybalcxbfocbkqsfdzcfkgmn/SourcePackages/checkouts/MathJaxSwift/Sources/MathJaxSwift/MathJax.swift /Users/rogerlin/Library/Developer/Xcode/DerivedData/FinancialCalculatorKit-ackorybalcxbfocbkqsfdzcfkgmn/SourcePackages/checkouts/MathJaxSwift/Sources/MathJaxSwift/Options/ConversionOptions.swift /Users/rogerlin/Library/Developer/Xcode/DerivedData/FinancialCalculatorKit-ackorybalcxbfocbkqsfdzcfkgmn/SourcePackages/checkouts/MathJaxSwift/Sources/MathJaxSwift/Options/Document/A11YOptions.swift /Users/rogerlin/Library/Developer/Xcode/DerivedData/FinancialCalculatorKit-ackorybalcxbfocbkqsfdzcfkgmn/SourcePackages/checkouts/MathJaxSwift/Sources/MathJaxSwift/Options/Document/DocumentOptions.swift /Users/rogerlin/Library/Developer/Xcode/DerivedData/FinancialCalculatorKit-ackorybalcxbfocbkqsfdzcfkgmn/SourcePackages/checkouts/MathJaxSwift/Sources/MathJaxSwift/Options/Document/Menu/MenuOptions.swift /Users/rogerlin/Library/Developer/Xcode/DerivedData/FinancialCalculatorKit-ackorybalcxbfocbkqsfdzcfkgmn/SourcePackages/checkouts/MathJaxSwift/Sources/MathJaxSwift/Options/Document/Menu/MenuOptionsSettings.swift /Users/rogerlin/Library/Developer/Xcode/DerivedData/FinancialCalculatorKit-ackorybalcxbfocbkqsfdzcfkgmn/SourcePackages/checkouts/MathJaxSwift/Sources/MathJaxSwift/Options/Document/SREOptions.swift /Users/rogerlin/Library/Developer/Xcode/DerivedData/FinancialCalculatorKit-ackorybalcxbfocbkqsfdzcfkgmn/SourcePackages/checkouts/MathJaxSwift/Sources/MathJaxSwift/Options/Document/Safe/AllowOptions.swift /Users/rogerlin/Library/Developer/Xcode/DerivedData/FinancialCalculatorKit-ackorybalcxbfocbkqsfdzcfkgmn/SourcePackages/checkouts/MathJaxSwift/Sources/MathJaxSwift/Options/Document/Safe/SafeOptions.swift /Users/rogerlin/Library/Developer/Xcode/DerivedData/FinancialCalculatorKit-ackorybalcxbfocbkqsfdzcfkgmn/SourcePackages/checkouts/MathJaxSwift/Sources/MathJaxSwift/Options/Document/Safe/SafeProtocols.swift /Users/rogerlin/Library/Developer/Xcode/DerivedData/FinancialCalculatorKit-ackorybalcxbfocbkqsfdzcfkgmn/SourcePackages/checkouts/MathJaxSwift/Sources/MathJaxSwift/Options/Document/Safe/SafeStyles.swift /Users/rogerlin/Library/Developer/Xcode/DerivedData/FinancialCalculatorKit-ackorybalcxbfocbkqsfdzcfkgmn/SourcePackages/checkouts/MathJaxSwift/Sources/MathJaxSwift/Options/Input/AMInputProcessorOptions.swift /Users/rogerlin/Library/Developer/Xcode/DerivedData/FinancialCalculatorKit-ackorybalcxbfocbkqsfdzcfkgmn/SourcePackages/checkouts/MathJaxSwift/Sources/MathJaxSwift/Options/Input/InputProcessorOptions.swift /Users/rogerlin/Library/Developer/Xcode/DerivedData/FinancialCalculatorKit-ackorybalcxbfocbkqsfdzcfkgmn/SourcePackages/checkouts/MathJaxSwift/Sources/MathJaxSwift/Options/Input/MMLInputProcessorOptions.swift /Users/rogerlin/Library/Developer/Xcode/DerivedData/FinancialCalculatorKit-ackorybalcxbfocbkqsfdzcfkgmn/SourcePackages/checkouts/MathJaxSwift/Sources/MathJaxSwift/Options/Input/TeX\ Packages/AMSCDOptions.swift /Users/rogerlin/Library/Developer/Xcode/DerivedData/FinancialCalculatorKit-ackorybalcxbfocbkqsfdzcfkgmn/SourcePackages/checkouts/MathJaxSwift/Sources/MathJaxSwift/Options/Input/TeX\ Packages/AMSOptions.swift /Users/rogerlin/Library/Developer/Xcode/DerivedData/FinancialCalculatorKit-ackorybalcxbfocbkqsfdzcfkgmn/SourcePackages/checkouts/MathJaxSwift/Sources/MathJaxSwift/Options/Input/TeX\ Packages/AutoloadOptions.swift /Users/rogerlin/Library/Developer/Xcode/DerivedData/FinancialCalculatorKit-ackorybalcxbfocbkqsfdzcfkgmn/SourcePackages/checkouts/MathJaxSwift/Sources/MathJaxSwift/Options/Input/TeX\ Packages/ColorOptions.swift /Users/rogerlin/Library/Developer/Xcode/DerivedData/FinancialCalculatorKit-ackorybalcxbfocbkqsfdzcfkgmn/SourcePackages/checkouts/MathJaxSwift/Sources/MathJaxSwift/Options/Input/TeX\ Packages/MathtoolsOptions.swift /Users/rogerlin/Library/Developer/Xcode/DerivedData/FinancialCalculatorKit-ackorybalcxbfocbkqsfdzcfkgmn/SourcePackages/checkouts/MathJaxSwift/Sources/MathJaxSwift/Options/Input/TeX\ Packages/NoundefinedOptions.swift /Users/rogerlin/Library/Developer/Xcode/DerivedData/FinancialCalculatorKit-ackorybalcxbfocbkqsfdzcfkgmn/SourcePackages/checkouts/MathJaxSwift/Sources/MathJaxSwift/Options/Input/TeX\ Packages/PhysicsOptions.swift /Users/rogerlin/Library/Developer/Xcode/DerivedData/FinancialCalculatorKit-ackorybalcxbfocbkqsfdzcfkgmn/SourcePackages/checkouts/MathJaxSwift/Sources/MathJaxSwift/Options/Input/TeX\ Packages/RequireOptions.swift /Users/rogerlin/Library/Developer/Xcode/DerivedData/FinancialCalculatorKit-ackorybalcxbfocbkqsfdzcfkgmn/SourcePackages/checkouts/MathJaxSwift/Sources/MathJaxSwift/Options/Input/TeX\ Packages/SetOptions.swift /Users/rogerlin/Library/Developer/Xcode/DerivedData/FinancialCalculatorKit-ackorybalcxbfocbkqsfdzcfkgmn/SourcePackages/checkouts/MathJaxSwift/Sources/MathJaxSwift/Options/Input/TeX\ Packages/TagFormatOptions.swift /Users/rogerlin/Library/Developer/Xcode/DerivedData/FinancialCalculatorKit-ackorybalcxbfocbkqsfdzcfkgmn/SourcePackages/checkouts/MathJaxSwift/Sources/MathJaxSwift/Options/Input/TeXInputProcessorOptions.swift /Users/rogerlin/Library/Developer/Xcode/DerivedData/FinancialCalculatorKit-ackorybalcxbfocbkqsfdzcfkgmn/SourcePackages/checkouts/MathJaxSwift/Sources/MathJaxSwift/Options/Output/CHTMLOutputProcessorOptions.swift /Users/rogerlin/Library/Developer/Xcode/DerivedData/FinancialCalculatorKit-ackorybalcxbfocbkqsfdzcfkgmn/SourcePackages/checkouts/MathJaxSwift/Sources/MathJaxSwift/Options/Output/OutputProcessorOptions.swift /Users/rogerlin/Library/Developer/Xcode/DerivedData/FinancialCalculatorKit-ackorybalcxbfocbkqsfdzcfkgmn/SourcePackages/checkouts/MathJaxSwift/Sources/MathJaxSwift/Options/Output/SVGOutputProcessorOptions.swift -supplementary-output-file-map /Users/rogerlin/Library/Developer/Xcode/DerivedData/FinancialCalculatorKit-ackorybalcxbfocbkqsfdzcfkgmn/Build/Intermediates.noindex/MathJaxSwift.build/Debug/MathJaxSwift.build/Objects-normal/arm64/supplementaryOutputs-8 -target arm64-apple-macos10.15 -load-resolved-plugin /Applications/Xcode.app/Contents/Developer/Platforms/MacOSX.platform/Developer/usr/lib/swift/host/plugins/libFoundationMacros.dylib\#/Applications/Xcode.app/Contents/Developer/Platforms/MacOSX.platform/Developer/usr/bin/swift-plugin-server\#FoundationMacros -load-resolved-plugin /Applications/Xcode.app/Contents/Developer/Platforms/MacOSX.platform/Developer/usr/lib/swift/host/plugins/libObservationMacros.dylib\#/Applications/Xcode.app/Contents/Developer/Platforms/MacOSX.platform/Developer/usr/bin/swift-plugin-server\#ObservationMacros -load-resolved-plugin /Applications/Xcode.app/Contents/Developer/Platforms/MacOSX.platform/Developer/usr/lib/swift/host/plugins/libSwiftMacros.dylib\#/Applications/Xcode.app/Contents/Developer/Platforms/MacOSX.platform/Developer/usr/bin/swift-plugin-server\#SwiftMacros -disable-implicit-swift-modules -Xcc -fno-implicit-modules -Xcc -fno-implicit-module-maps -explicit-swift-module-map-file /Users/rogerlin/Library/Developer/Xcode/DerivedData/FinancialCalculatorKit-ackorybalcxbfocbkqsfdzcfkgmn/Build/Intermediates.noindex/MathJaxSwift.build/Debug/MathJaxSwift.build/Objects-normal/arm64/MathJaxSwift-dependencies-1.json -Xllvm -aarch64-use-tbi -enable-objc-interop -stack-check -sdk /Applications/Xcode.app/Contents/Developer/Platforms/MacOSX.platform/Developer/SDKs/MacOSX26.1.sdk -I /Users/rogerlin/Library/Developer/Xcode/DerivedData/FinancialCalculatorKit-ackorybalcxbfocbkqsfdzcfkgmn/Build/Products/Debug -Isystem /Applications/Xcode.app/Contents/Developer/Platforms/MacOSX.platform/Developer/usr/lib -F /Users/rogerlin/Library/Developer/Xcode/DerivedData/FinancialCalculatorKit-ackorybalcxbfocbkqsfdzcfkgmn/Build/Products/Debug -F /Applications/Xcode.app/Contents/Developer/Platforms/MacOSX.platform/Developer/Library/Frameworks -no-color-diagnostics -Xcc -fno-color-diagnostics -enable-testing -g -debug-info-format\=dwarf -dwarf-version\=4 -module-cache-path /Users/rogerlin/Library/Developer/Xcode/DerivedData/FinancialCalculatorKit-ackorybalcxbfocbkqsfdzcfkgmn/Build/Intermediates.noindex/SwiftExplicitPrecompiledModules -suppress-warnings -profile-generate -profile-coverage-mapping -swift-version 5 -enforce-exclusivity\=checked -Onone -D SWIFT_PACKAGE -D DEBUG -D SWIFT_MODULE_RESOURCE_BUNDLE_AVAILABLE -D Xcode -serialize-debugging-options -const-gather-protocols-file /Users/rogerlin/Library/Developer/Xcode/DerivedData/FinancialCalculatorKit-ackorybalcxbfocbkqsfdzcfkgmn/Build/Intermediates.noindex/MathJaxSwift.build/Debug/MathJaxSwift.build/Objects-normal/arm64/MathJaxSwift_const_extract_protocols.json -enable-experimental-feature DebugDescriptionMacro -empty-abi-descriptor -validate-clang-modules-once -clang-build-session-file /Users/rogerlin/Library/Developer/Xcode/DerivedData/ModuleCache.noindex/Session.modulevalidation -Xcc -working-directory -Xcc /Users/rogerlin/XCode-Projects/FinancialCalculatorKit-5.0-updated-accent-colors/FinancialCalculatorKit.xcodeproj -enable-anonymous-context-mangled-names -file-compilation-dir /Users/rogerlin/XCode-Projects/FinancialCalculatorKit-5.0-updated-accent-colors/FinancialCalculatorKit.xcodeproj -Xcc -D_LIBCPP_HARDENING_MODE\=_LIBCPP_HARDENING_MODE_DEBUG -Xcc -ivfsstatcache -Xcc /Users/rogerlin/Library/Developer/Xcode/DerivedData/SDKStatCaches.noindex/macosx26.1-25B74-3ae1261907bdadc328169391a47051a6.sdkstatcache -Xcc -I/Users/rogerlin/Library/Developer/Xcode/DerivedData/FinancialCalculatorKit-ackorybalcxbfocbkqsfdzcfkgmn/Build/Intermediates.noindex/MathJaxSwift.build/Debug/MathJaxSwift.build/swift-overrides.hmap -Xcc -I/Users/rogerlin/Library/Developer/Xcode/DerivedData/FinancialCalculatorKit-ackorybalcxbfocbkqsfdzcfkgmn/Build/Products/Debug/include -Xcc -I/Users/rogerlin/Library/Developer/Xcode/DerivedData/FinancialCalculatorKit-ackorybalcxbfocbkqsfdzcfkgmn/Build/Intermediates.noindex/MathJaxSwift.build/Debug/MathJaxSwift.build/DerivedSources-normal/arm64 -Xcc -I/Users/rogerlin/Library/Developer/Xcode/DerivedData/FinancialCalculatorKit-ackorybalcxbfocbkqsfdzcfkgmn/Build/Intermediates.noindex/MathJaxSwift.build/Debug/MathJaxSwift.build/DerivedSources/arm64 -Xcc -I/Users/rogerlin/Library/Developer/Xcode/DerivedData/FinancialCalculatorKit-ackorybalcxbfocbkqsfdzcfkgmn/Build/Intermediates.noindex/MathJaxSwift.build/Debug/MathJaxSwift.build/DerivedSources -Xcc -DSWIFT_PACKAGE -Xcc -DDEBUG\=1 -no-auto-bridging-header-chaining -module-name MathJaxSwift -frontend-parseable-output -disable-clang-spi -target-sdk-version 26.1 -target-sdk-name macosx26.1 -clang-target arm64-apple-macos26.1 -in-process-plugin-server-path /Applications/Xcode.app/Contents/Developer/Toolchains/XcodeDefault.xctoolchain/usr/lib/swift/host/libSwiftInProcPluginServer.dylib -o /Users/rogerlin/Library/Developer/Xcode/DerivedData/FinancialCalculatorKit-ackorybalcxbfocbkqsfdzcfkgmn/Build/Intermediates.noindex/MathJaxSwift.build/Debug/MathJaxSwift.build/Objects-normal/arm64/TeX2MML.o -o /Users/rogerlin/Library/Developer/Xcode/DerivedData/FinancialCalculatorKit-ackorybalcxbfocbkqsfdzcfkgmn/Build/Intermediates.noindex/MathJaxSwift.build/Debug/MathJaxSwift.build/Objects-normal/arm64/TeX2SVG.o -o /Users/rogerlin/Library/Developer/Xcode/DerivedData/FinancialCalculatorKit-ackorybalcxbfocbkqsfdzcfkgmn/Build/Intermediates.noindex/MathJaxSwift.build/Debug/MathJaxSwift.build/Objects-normal/arm64/Constants.o -index-unit-output-path /MathJaxSwift.build/Debug/MathJaxSwift.build/Objects-normal/arm64/TeX2MML.o -index-unit-output-path /MathJaxSwift.build/Debug/MathJaxSwift.build/Objects-normal/arm64/TeX2SVG.o -index-unit-output-path /MathJaxSwift.build/Debug/MathJaxSwift.build/Objects-normal/arm64/Constants.o -index-store-path /Users/rogerlin/Library/Developer/Xcode/DerivedData/FinancialCalculatorKit-ackorybalcxbfocbkqsfdzcfkgmn/Index.noindex/DataStore -index-system-modules

SwiftCompile normal arm64 /Users/rogerlin/Library/Developer/Xcode/DerivedData/FinancialCalculatorKit-ackorybalcxbfocbkqsfdzcfkgmn/SourcePackages/checkouts/MathJaxSwift/Sources/MathJaxSwift/Conversions/TeX/TeX2MML.swift (in target 'MathJaxSwift' from project 'MathJaxSwift')
    cd /Users/rogerlin/XCode-Projects/FinancialCalculatorKit-5.0-updated-accent-colors/FinancialCalculatorKit.xcodeproj
    

SwiftCompile normal arm64 /Users/rogerlin/Library/Developer/Xcode/DerivedData/FinancialCalculatorKit-ackorybalcxbfocbkqsfdzcfkgmn/SourcePackages/checkouts/MathJaxSwift/Sources/MathJaxSwift/Conversions/TeX/TeX2SVG.swift (in target 'MathJaxSwift' from project 'MathJaxSwift')
    cd /Users/rogerlin/XCode-Projects/FinancialCalculatorKit-5.0-updated-accent-colors/FinancialCalculatorKit.xcodeproj
    

SwiftCompile normal arm64 /Users/rogerlin/Library/Developer/Xcode/DerivedData/FinancialCalculatorKit-ackorybalcxbfocbkqsfdzcfkgmn/SourcePackages/checkouts/MathJaxSwift/Sources/MathJaxSwift/Internal/Constants.swift (in target 'MathJaxSwift' from project 'MathJaxSwift')
    cd /Users/rogerlin/XCode-Projects/FinancialCalculatorKit-5.0-updated-accent-colors/FinancialCalculatorKit.xcodeproj
    

SwiftDriverJobDiscovery normal arm64 Compiling HTMLParser.swift, MMLParser.swift, Parser.swift (in target 'MathJaxSwift' from project 'MathJaxSwift')

SwiftCompile normal arm64 Compiling\ A11YOptions.swift,\ DocumentOptions.swift,\ MenuOptions.swift /Users/rogerlin/Library/Developer/Xcode/DerivedData/FinancialCalculatorKit-ackorybalcxbfocbkqsfdzcfkgmn/SourcePackages/checkouts/MathJaxSwift/Sources/MathJaxSwift/Options/Document/A11YOptions.swift /Users/rogerlin/Library/Developer/Xcode/DerivedData/FinancialCalculatorKit-ackorybalcxbfocbkqsfdzcfkgmn/SourcePackages/checkouts/MathJaxSwift/Sources/MathJaxSwift/Options/Document/DocumentOptions.swift /Users/rogerlin/Library/Developer/Xcode/DerivedData/FinancialCalculatorKit-ackorybalcxbfocbkqsfdzcfkgmn/SourcePackages/checkouts/MathJaxSwift/Sources/MathJaxSwift/Options/Document/Menu/MenuOptions.swift (in target 'MathJaxSwift' from project 'MathJaxSwift')
/Applications/Xcode.app/Contents/Developer/Toolchains/XcodeDefault.xctoolchain/usr/bin/swift-frontend -frontend -c /Users/rogerlin/Library/Developer/Xcode/DerivedData/FinancialCalculatorKit-ackorybalcxbfocbkqsfdzcfkgmn/Build/Intermediates.noindex/MathJaxSwift.build/Debug/MathJaxSwift.build/DerivedSources/resource_bundle_accessor.swift /Users/rogerlin/Library/Developer/Xcode/DerivedData/FinancialCalculatorKit-ackorybalcxbfocbkqsfdzcfkgmn/SourcePackages/checkouts/MathJaxSwift/Sources/MathJaxSwift/Conversions/AM/AM2CHTML.swift /Users/rogerlin/Library/Developer/Xcode/DerivedData/FinancialCalculatorKit-ackorybalcxbfocbkqsfdzcfkgmn/SourcePackages/checkouts/MathJaxSwift/Sources/MathJaxSwift/Conversions/AM/AM2MML.swift /Users/rogerlin/Library/Developer/Xcode/DerivedData/FinancialCalculatorKit-ackorybalcxbfocbkqsfdzcfkgmn/SourcePackages/checkouts/MathJaxSwift/Sources/MathJaxSwift/Conversions/MML/MML2CHTML.swift /Users/rogerlin/Library/Developer/Xcode/DerivedData/FinancialCalculatorKit-ackorybalcxbfocbkqsfdzcfkgmn/SourcePackages/checkouts/MathJaxSwift/Sources/MathJaxSwift/Conversions/MML/MML2SVG.swift /Users/rogerlin/Library/Developer/Xcode/DerivedData/FinancialCalculatorKit-ackorybalcxbfocbkqsfdzcfkgmn/SourcePackages/checkouts/MathJaxSwift/Sources/MathJaxSwift/Conversions/TeX/TeX2CHTML.swift /Users/rogerlin/Library/Developer/Xcode/DerivedData/FinancialCalculatorKit-ackorybalcxbfocbkqsfdzcfkgmn/SourcePackages/checkouts/MathJaxSwift/Sources/MathJaxSwift/Conversions/TeX/TeX2MML.swift /Users/rogerlin/Library/Developer/Xcode/DerivedData/FinancialCalculatorKit-ackorybalcxbfocbkqsfdzcfkgmn/SourcePackages/checkouts/MathJaxSwift/Sources/MathJaxSwift/Conversions/TeX/TeX2SVG.swift /Users/rogerlin/Library/Developer/Xcode/DerivedData/FinancialCalculatorKit-ackorybalcxbfocbkqsfdzcfkgmn/SourcePackages/checkouts/MathJaxSwift/Sources/MathJaxSwift/Internal/Constants.swift /Users/rogerlin/Library/Developer/Xcode/DerivedData/FinancialCalculatorKit-ackorybalcxbfocbkqsfdzcfkgmn/SourcePackages/checkouts/MathJaxSwift/Sources/MathJaxSwift/Internal/Function.swift /Users/rogerlin/Library/Developer/Xcode/DerivedData/FinancialCalculatorKit-ackorybalcxbfocbkqsfdzcfkgmn/SourcePackages/checkouts/MathJaxSwift/Sources/MathJaxSwift/Internal/MathJaxError.swift /Users/rogerlin/Library/Developer/Xcode/DerivedData/FinancialCalculatorKit-ackorybalcxbfocbkqsfdzcfkgmn/SourcePackages/checkouts/MathJaxSwift/Sources/MathJaxSwift/Internal/PackageLock.swift /Users/rogerlin/Library/Developer/Xcode/DerivedData/FinancialCalculatorKit-ackorybalcxbfocbkqsfdzcfkgmn/SourcePackages/checkouts/MathJaxSwift/Sources/MathJaxSwift/Internal/Parsing/HTMLParser.swift /Users/rogerlin/Library/Developer/Xcode/DerivedData/FinancialCalculatorKit-ackorybalcxbfocbkqsfdzcfkgmn/SourcePackages/checkouts/MathJaxSwift/Sources/MathJaxSwift/Internal/Parsing/MMLParser.swift /Users/rogerlin/Library/Developer/Xcode/DerivedData/FinancialCalculatorKit-ackorybalcxbfocbkqsfdzcfkgmn/SourcePackages/checkouts/MathJaxSwift/Sources/MathJaxSwift/Internal/Parsing/Parser.swift /Users/rogerlin/Library/Developer/Xcode/DerivedData/FinancialCalculatorKit-ackorybalcxbfocbkqsfdzcfkgmn/SourcePackages/checkouts/MathJaxSwift/Sources/MathJaxSwift/Internal/Parsing/SVGParser.swift /Users/rogerlin/Library/Developer/Xcode/DerivedData/FinancialCalculatorKit-ackorybalcxbfocbkqsfdzcfkgmn/SourcePackages/checkouts/MathJaxSwift/Sources/MathJaxSwift/MathJax.swift /Users/rogerlin/Library/Developer/Xcode/DerivedData/FinancialCalculatorKit-ackorybalcxbfocbkqsfdzcfkgmn/SourcePackages/checkouts/MathJaxSwift/Sources/MathJaxSwift/Options/ConversionOptions.swift -primary-file /Users/rogerlin/Library/Developer/Xcode/DerivedData/FinancialCalculatorKit-ackorybalcxbfocbkqsfdzcfkgmn/SourcePackages/checkouts/MathJaxSwift/Sources/MathJaxSwift/Options/Document/A11YOptions.swift -primary-file /Users/rogerlin/Library/Developer/Xcode/DerivedData/FinancialCalculatorKit-ackorybalcxbfocbkqsfdzcfkgmn/SourcePackages/checkouts/MathJaxSwift/Sources/MathJaxSwift/Options/Document/DocumentOptions.swift -primary-file /Users/rogerlin/Library/Developer/Xcode/DerivedData/FinancialCalculatorKit-ackorybalcxbfocbkqsfdzcfkgmn/SourcePackages/checkouts/MathJaxSwift/Sources/MathJaxSwift/Options/Document/Menu/MenuOptions.swift /Users/rogerlin/Library/Developer/Xcode/DerivedData/FinancialCalculatorKit-ackorybalcxbfocbkqsfdzcfkgmn/SourcePackages/checkouts/MathJaxSwift/Sources/MathJaxSwift/Options/Document/Menu/MenuOptionsSettings.swift /Users/rogerlin/Library/Developer/Xcode/DerivedData/FinancialCalculatorKit-ackorybalcxbfocbkqsfdzcfkgmn/SourcePackages/checkouts/MathJaxSwift/Sources/MathJaxSwift/Options/Document/SREOptions.swift /Users/rogerlin/Library/Developer/Xcode/DerivedData/FinancialCalculatorKit-ackorybalcxbfocbkqsfdzcfkgmn/SourcePackages/checkouts/MathJaxSwift/Sources/MathJaxSwift/Options/Document/Safe/AllowOptions.swift /Users/rogerlin/Library/Developer/Xcode/DerivedData/FinancialCalculatorKit-ackorybalcxbfocbkqsfdzcfkgmn/SourcePackages/checkouts/MathJaxSwift/Sources/MathJaxSwift/Options/Document/Safe/SafeOptions.swift /Users/rogerlin/Library/Developer/Xcode/DerivedData/FinancialCalculatorKit-ackorybalcxbfocbkqsfdzcfkgmn/SourcePackages/checkouts/MathJaxSwift/Sources/MathJaxSwift/Options/Document/Safe/SafeProtocols.swift /Users/rogerlin/Library/Developer/Xcode/DerivedData/FinancialCalculatorKit-ackorybalcxbfocbkqsfdzcfkgmn/SourcePackages/checkouts/MathJaxSwift/Sources/MathJaxSwift/Options/Document/Safe/SafeStyles.swift /Users/rogerlin/Library/Developer/Xcode/DerivedData/FinancialCalculatorKit-ackorybalcxbfocbkqsfdzcfkgmn/SourcePackages/checkouts/MathJaxSwift/Sources/MathJaxSwift/Options/Input/AMInputProcessorOptions.swift /Users/rogerlin/Library/Developer/Xcode/DerivedData/FinancialCalculatorKit-ackorybalcxbfocbkqsfdzcfkgmn/SourcePackages/checkouts/MathJaxSwift/Sources/MathJaxSwift/Options/Input/InputProcessorOptions.swift /Users/rogerlin/Library/Developer/Xcode/DerivedData/FinancialCalculatorKit-ackorybalcxbfocbkqsfdzcfkgmn/SourcePackages/checkouts/MathJaxSwift/Sources/MathJaxSwift/Options/Input/MMLInputProcessorOptions.swift /Users/rogerlin/Library/Developer/Xcode/DerivedData/FinancialCalculatorKit-ackorybalcxbfocbkqsfdzcfkgmn/SourcePackages/checkouts/MathJaxSwift/Sources/MathJaxSwift/Options/Input/TeX\ Packages/AMSCDOptions.swift /Users/rogerlin/Library/Developer/Xcode/DerivedData/FinancialCalculatorKit-ackorybalcxbfocbkqsfdzcfkgmn/SourcePackages/checkouts/MathJaxSwift/Sources/MathJaxSwift/Options/Input/TeX\ Packages/AMSOptions.swift /Users/rogerlin/Library/Developer/Xcode/DerivedData/FinancialCalculatorKit-ackorybalcxbfocbkqsfdzcfkgmn/SourcePackages/checkouts/MathJaxSwift/Sources/MathJaxSwift/Options/Input/TeX\ Packages/AutoloadOptions.swift /Users/rogerlin/Library/Developer/Xcode/DerivedData/FinancialCalculatorKit-ackorybalcxbfocbkqsfdzcfkgmn/SourcePackages/checkouts/MathJaxSwift/Sources/MathJaxSwift/Options/Input/TeX\ Packages/ColorOptions.swift /Users/rogerlin/Library/Developer/Xcode/DerivedData/FinancialCalculatorKit-ackorybalcxbfocbkqsfdzcfkgmn/SourcePackages/checkouts/MathJaxSwift/Sources/MathJaxSwift/Options/Input/TeX\ Packages/MathtoolsOptions.swift /Users/rogerlin/Library/Developer/Xcode/DerivedData/FinancialCalculatorKit-ackorybalcxbfocbkqsfdzcfkgmn/SourcePackages/checkouts/MathJaxSwift/Sources/MathJaxSwift/Options/Input/TeX\ Packages/NoundefinedOptions.swift /Users/rogerlin/Library/Developer/Xcode/DerivedData/FinancialCalculatorKit-ackorybalcxbfocbkqsfdzcfkgmn/SourcePackages/checkouts/MathJaxSwift/Sources/MathJaxSwift/Options/Input/TeX\ Packages/PhysicsOptions.swift /Users/rogerlin/Library/Developer/Xcode/DerivedData/FinancialCalculatorKit-ackorybalcxbfocbkqsfdzcfkgmn/SourcePackages/checkouts/MathJaxSwift/Sources/MathJaxSwift/Options/Input/TeX\ Packages/RequireOptions.swift /Users/rogerlin/Library/Developer/Xcode/DerivedData/FinancialCalculatorKit-ackorybalcxbfocbkqsfdzcfkgmn/SourcePackages/checkouts/MathJaxSwift/Sources/MathJaxSwift/Options/Input/TeX\ Packages/SetOptions.swift /Users/rogerlin/Library/Developer/Xcode/DerivedData/FinancialCalculatorKit-ackorybalcxbfocbkqsfdzcfkgmn/SourcePackages/checkouts/MathJaxSwift/Sources/MathJaxSwift/Options/Input/TeX\ Packages/TagFormatOptions.swift /Users/rogerlin/Library/Developer/Xcode/DerivedData/FinancialCalculatorKit-ackorybalcxbfocbkqsfdzcfkgmn/SourcePackages/checkouts/MathJaxSwift/Sources/MathJaxSwift/Options/Input/TeXInputProcessorOptions.swift /Users/rogerlin/Library/Developer/Xcode/DerivedData/FinancialCalculatorKit-ackorybalcxbfocbkqsfdzcfkgmn/SourcePackages/checkouts/MathJaxSwift/Sources/MathJaxSwift/Options/Output/CHTMLOutputProcessorOptions.swift /Users/rogerlin/Library/Developer/Xcode/DerivedData/FinancialCalculatorKit-ackorybalcxbfocbkqsfdzcfkgmn/SourcePackages/checkouts/MathJaxSwift/Sources/MathJaxSwift/Options/Output/OutputProcessorOptions.swift /Users/rogerlin/Library/Developer/Xcode/DerivedData/FinancialCalculatorKit-ackorybalcxbfocbkqsfdzcfkgmn/SourcePackages/checkouts/MathJaxSwift/Sources/MathJaxSwift/Options/Output/SVGOutputProcessorOptions.swift -supplementary-output-file-map /Users/rogerlin/Library/Developer/Xcode/DerivedData/FinancialCalculatorKit-ackorybalcxbfocbkqsfdzcfkgmn/Build/Intermediates.noindex/MathJaxSwift.build/Debug/MathJaxSwift.build/Objects-normal/arm64/supplementaryOutputs-12 -target arm64-apple-macos10.15 -load-resolved-plugin /Applications/Xcode.app/Contents/Developer/Platforms/MacOSX.platform/Developer/usr/lib/swift/host/plugins/libFoundationMacros.dylib\#/Applications/Xcode.app/Contents/Developer/Platforms/MacOSX.platform/Developer/usr/bin/swift-plugin-server\#FoundationMacros -load-resolved-plugin /Applications/Xcode.app/Contents/Developer/Platforms/MacOSX.platform/Developer/usr/lib/swift/host/plugins/libObservationMacros.dylib\#/Applications/Xcode.app/Contents/Developer/Platforms/MacOSX.platform/Developer/usr/bin/swift-plugin-server\#ObservationMacros -load-resolved-plugin /Applications/Xcode.app/Contents/Developer/Platforms/MacOSX.platform/Developer/usr/lib/swift/host/plugins/libSwiftMacros.dylib\#/Applications/Xcode.app/Contents/Developer/Platforms/MacOSX.platform/Developer/usr/bin/swift-plugin-server\#SwiftMacros -disable-implicit-swift-modules -Xcc -fno-implicit-modules -Xcc -fno-implicit-module-maps -explicit-swift-module-map-file /Users/rogerlin/Library/Developer/Xcode/DerivedData/FinancialCalculatorKit-ackorybalcxbfocbkqsfdzcfkgmn/Build/Intermediates.noindex/MathJaxSwift.build/Debug/MathJaxSwift.build/Objects-normal/arm64/MathJaxSwift-dependencies-1.json -Xllvm -aarch64-use-tbi -enable-objc-interop -stack-check -sdk /Applications/Xcode.app/Contents/Developer/Platforms/MacOSX.platform/Developer/SDKs/MacOSX26.1.sdk -I /Users/rogerlin/Library/Developer/Xcode/DerivedData/FinancialCalculatorKit-ackorybalcxbfocbkqsfdzcfkgmn/Build/Products/Debug -Isystem /Applications/Xcode.app/Contents/Developer/Platforms/MacOSX.platform/Developer/usr/lib -F /Users/rogerlin/Library/Developer/Xcode/DerivedData/FinancialCalculatorKit-ackorybalcxbfocbkqsfdzcfkgmn/Build/Products/Debug -F /Applications/Xcode.app/Contents/Developer/Platforms/MacOSX.platform/Developer/Library/Frameworks -no-color-diagnostics -Xcc -fno-color-diagnostics -enable-testing -g -debug-info-format\=dwarf -dwarf-version\=4 -module-cache-path /Users/rogerlin/Library/Developer/Xcode/DerivedData/FinancialCalculatorKit-ackorybalcxbfocbkqsfdzcfkgmn/Build/Intermediates.noindex/SwiftExplicitPrecompiledModules -suppress-warnings -profile-generate -profile-coverage-mapping -swift-version 5 -enforce-exclusivity\=checked -Onone -D SWIFT_PACKAGE -D DEBUG -D SWIFT_MODULE_RESOURCE_BUNDLE_AVAILABLE -D Xcode -serialize-debugging-options -const-gather-protocols-file /Users/rogerlin/Library/Developer/Xcode/DerivedData/FinancialCalculatorKit-ackorybalcxbfocbkqsfdzcfkgmn/Build/Intermediates.noindex/MathJaxSwift.build/Debug/MathJaxSwift.build/Objects-normal/arm64/MathJaxSwift_const_extract_protocols.json -enable-experimental-feature DebugDescriptionMacro -empty-abi-descriptor -validate-clang-modules-once -clang-build-session-file /Users/rogerlin/Library/Developer/Xcode/DerivedData/ModuleCache.noindex/Session.modulevalidation -Xcc -working-directory -Xcc /Users/rogerlin/XCode-Projects/FinancialCalculatorKit-5.0-updated-accent-colors/FinancialCalculatorKit.xcodeproj -enable-anonymous-context-mangled-names -file-compilation-dir /Users/rogerlin/XCode-Projects/FinancialCalculatorKit-5.0-updated-accent-colors/FinancialCalculatorKit.xcodeproj -Xcc -D_LIBCPP_HARDENING_MODE\=_LIBCPP_HARDENING_MODE_DEBUG -Xcc -ivfsstatcache -Xcc /Users/rogerlin/Library/Developer/Xcode/DerivedData/SDKStatCaches.noindex/macosx26.1-25B74-3ae1261907bdadc328169391a47051a6.sdkstatcache -Xcc -I/Users/rogerlin/Library/Developer/Xcode/DerivedData/FinancialCalculatorKit-ackorybalcxbfocbkqsfdzcfkgmn/Build/Intermediates.noindex/MathJaxSwift.build/Debug/MathJaxSwift.build/swift-overrides.hmap -Xcc -I/Users/rogerlin/Library/Developer/Xcode/DerivedData/FinancialCalculatorKit-ackorybalcxbfocbkqsfdzcfkgmn/Build/Products/Debug/include -Xcc -I/Users/rogerlin/Library/Developer/Xcode/DerivedData/FinancialCalculatorKit-ackorybalcxbfocbkqsfdzcfkgmn/Build/Intermediates.noindex/MathJaxSwift.build/Debug/MathJaxSwift.build/DerivedSources-normal/arm64 -Xcc -I/Users/rogerlin/Library/Developer/Xcode/DerivedData/FinancialCalculatorKit-ackorybalcxbfocbkqsfdzcfkgmn/Build/Intermediates.noindex/MathJaxSwift.build/Debug/MathJaxSwift.build/DerivedSources/arm64 -Xcc -I/Users/rogerlin/Library/Developer/Xcode/DerivedData/FinancialCalculatorKit-ackorybalcxbfocbkqsfdzcfkgmn/Build/Intermediates.noindex/MathJaxSwift.build/Debug/MathJaxSwift.build/DerivedSources -Xcc -DSWIFT_PACKAGE -Xcc -DDEBUG\=1 -no-auto-bridging-header-chaining -module-name MathJaxSwift -frontend-parseable-output -disable-clang-spi -target-sdk-version 26.1 -target-sdk-name macosx26.1 -clang-target arm64-apple-macos26.1 -in-process-plugin-server-path /Applications/Xcode.app/Contents/Developer/Toolchains/XcodeDefault.xctoolchain/usr/lib/swift/host/libSwiftInProcPluginServer.dylib -o /Users/rogerlin/Library/Developer/Xcode/DerivedData/FinancialCalculatorKit-ackorybalcxbfocbkqsfdzcfkgmn/Build/Intermediates.noindex/MathJaxSwift.build/Debug/MathJaxSwift.build/Objects-normal/arm64/A11YOptions.o -o /Users/rogerlin/Library/Developer/Xcode/DerivedData/FinancialCalculatorKit-ackorybalcxbfocbkqsfdzcfkgmn/Build/Intermediates.noindex/MathJaxSwift.build/Debug/MathJaxSwift.build/Objects-normal/arm64/DocumentOptions.o -o /Users/rogerlin/Library/Developer/Xcode/DerivedData/FinancialCalculatorKit-ackorybalcxbfocbkqsfdzcfkgmn/Build/Intermediates.noindex/MathJaxSwift.build/Debug/MathJaxSwift.build/Objects-normal/arm64/MenuOptions.o -index-unit-output-path /MathJaxSwift.build/Debug/MathJaxSwift.build/Objects-normal/arm64/A11YOptions.o -index-unit-output-path /MathJaxSwift.build/Debug/MathJaxSwift.build/Objects-normal/arm64/DocumentOptions.o -index-unit-output-path /MathJaxSwift.build/Debug/MathJaxSwift.build/Objects-normal/arm64/MenuOptions.o -index-store-path /Users/rogerlin/Library/Developer/Xcode/DerivedData/FinancialCalculatorKit-ackorybalcxbfocbkqsfdzcfkgmn/Index.noindex/DataStore -index-system-modules

SwiftCompile normal arm64 /Users/rogerlin/Library/Developer/Xcode/DerivedData/FinancialCalculatorKit-ackorybalcxbfocbkqsfdzcfkgmn/SourcePackages/checkouts/MathJaxSwift/Sources/MathJaxSwift/Options/Document/A11YOptions.swift (in target 'MathJaxSwift' from project 'MathJaxSwift')
    cd /Users/rogerlin/XCode-Projects/FinancialCalculatorKit-5.0-updated-accent-colors/FinancialCalculatorKit.xcodeproj
    

SwiftCompile normal arm64 /Users/rogerlin/Library/Developer/Xcode/DerivedData/FinancialCalculatorKit-ackorybalcxbfocbkqsfdzcfkgmn/SourcePackages/checkouts/MathJaxSwift/Sources/MathJaxSwift/Options/Document/DocumentOptions.swift (in target 'MathJaxSwift' from project 'MathJaxSwift')
    cd /Users/rogerlin/XCode-Projects/FinancialCalculatorKit-5.0-updated-accent-colors/FinancialCalculatorKit.xcodeproj
    

SwiftCompile normal arm64 /Users/rogerlin/Library/Developer/Xcode/DerivedData/FinancialCalculatorKit-ackorybalcxbfocbkqsfdzcfkgmn/SourcePackages/checkouts/MathJaxSwift/Sources/MathJaxSwift/Options/Document/Menu/MenuOptions.swift (in target 'MathJaxSwift' from project 'MathJaxSwift')
    cd /Users/rogerlin/XCode-Projects/FinancialCalculatorKit-5.0-updated-accent-colors/FinancialCalculatorKit.xcodeproj
    

SwiftDriverJobDiscovery normal arm64 Compiling SetOptions.swift, TagFormatOptions.swift (in target 'MathJaxSwift' from project 'MathJaxSwift')

SwiftCompile normal arm64 Compiling\ AMInputProcessorOptions.swift,\ InputProcessorOptions.swift,\ MMLInputProcessorOptions.swift /Users/rogerlin/Library/Developer/Xcode/DerivedData/FinancialCalculatorKit-ackorybalcxbfocbkqsfdzcfkgmn/SourcePackages/checkouts/MathJaxSwift/Sources/MathJaxSwift/Options/Input/AMInputProcessorOptions.swift /Users/rogerlin/Library/Developer/Xcode/DerivedData/FinancialCalculatorKit-ackorybalcxbfocbkqsfdzcfkgmn/SourcePackages/checkouts/MathJaxSwift/Sources/MathJaxSwift/Options/Input/InputProcessorOptions.swift /Users/rogerlin/Library/Developer/Xcode/DerivedData/FinancialCalculatorKit-ackorybalcxbfocbkqsfdzcfkgmn/SourcePackages/checkouts/MathJaxSwift/Sources/MathJaxSwift/Options/Input/MMLInputProcessorOptions.swift (in target 'MathJaxSwift' from project 'MathJaxSwift')
/Applications/Xcode.app/Contents/Developer/Toolchains/XcodeDefault.xctoolchain/usr/bin/swift-frontend -frontend -c /Users/rogerlin/Library/Developer/Xcode/DerivedData/FinancialCalculatorKit-ackorybalcxbfocbkqsfdzcfkgmn/Build/Intermediates.noindex/MathJaxSwift.build/Debug/MathJaxSwift.build/DerivedSources/resource_bundle_accessor.swift /Users/rogerlin/Library/Developer/Xcode/DerivedData/FinancialCalculatorKit-ackorybalcxbfocbkqsfdzcfkgmn/SourcePackages/checkouts/MathJaxSwift/Sources/MathJaxSwift/Conversions/AM/AM2CHTML.swift /Users/rogerlin/Library/Developer/Xcode/DerivedData/FinancialCalculatorKit-ackorybalcxbfocbkqsfdzcfkgmn/SourcePackages/checkouts/MathJaxSwift/Sources/MathJaxSwift/Conversions/AM/AM2MML.swift /Users/rogerlin/Library/Developer/Xcode/DerivedData/FinancialCalculatorKit-ackorybalcxbfocbkqsfdzcfkgmn/SourcePackages/checkouts/MathJaxSwift/Sources/MathJaxSwift/Conversions/MML/MML2CHTML.swift /Users/rogerlin/Library/Developer/Xcode/DerivedData/FinancialCalculatorKit-ackorybalcxbfocbkqsfdzcfkgmn/SourcePackages/checkouts/MathJaxSwift/Sources/MathJaxSwift/Conversions/MML/MML2SVG.swift /Users/rogerlin/Library/Developer/Xcode/DerivedData/FinancialCalculatorKit-ackorybalcxbfocbkqsfdzcfkgmn/SourcePackages/checkouts/MathJaxSwift/Sources/MathJaxSwift/Conversions/TeX/TeX2CHTML.swift /Users/rogerlin/Library/Developer/Xcode/DerivedData/FinancialCalculatorKit-ackorybalcxbfocbkqsfdzcfkgmn/SourcePackages/checkouts/MathJaxSwift/Sources/MathJaxSwift/Conversions/TeX/TeX2MML.swift /Users/rogerlin/Library/Developer/Xcode/DerivedData/FinancialCalculatorKit-ackorybalcxbfocbkqsfdzcfkgmn/SourcePackages/checkouts/MathJaxSwift/Sources/MathJaxSwift/Conversions/TeX/TeX2SVG.swift /Users/rogerlin/Library/Developer/Xcode/DerivedData/FinancialCalculatorKit-ackorybalcxbfocbkqsfdzcfkgmn/SourcePackages/checkouts/MathJaxSwift/Sources/MathJaxSwift/Internal/Constants.swift /Users/rogerlin/Library/Developer/Xcode/DerivedData/FinancialCalculatorKit-ackorybalcxbfocbkqsfdzcfkgmn/SourcePackages/checkouts/MathJaxSwift/Sources/MathJaxSwift/Internal/Function.swift /Users/rogerlin/Library/Developer/Xcode/DerivedData/FinancialCalculatorKit-ackorybalcxbfocbkqsfdzcfkgmn/SourcePackages/checkouts/MathJaxSwift/Sources/MathJaxSwift/Internal/MathJaxError.swift /Users/rogerlin/Library/Developer/Xcode/DerivedData/FinancialCalculatorKit-ackorybalcxbfocbkqsfdzcfkgmn/SourcePackages/checkouts/MathJaxSwift/Sources/MathJaxSwift/Internal/PackageLock.swift /Users/rogerlin/Library/Developer/Xcode/DerivedData/FinancialCalculatorKit-ackorybalcxbfocbkqsfdzcfkgmn/SourcePackages/checkouts/MathJaxSwift/Sources/MathJaxSwift/Internal/Parsing/HTMLParser.swift /Users/rogerlin/Library/Developer/Xcode/DerivedData/FinancialCalculatorKit-ackorybalcxbfocbkqsfdzcfkgmn/SourcePackages/checkouts/MathJaxSwift/Sources/MathJaxSwift/Internal/Parsing/MMLParser.swift /Users/rogerlin/Library/Developer/Xcode/DerivedData/FinancialCalculatorKit-ackorybalcxbfocbkqsfdzcfkgmn/SourcePackages/checkouts/MathJaxSwift/Sources/MathJaxSwift/Internal/Parsing/Parser.swift /Users/rogerlin/Library/Developer/Xcode/DerivedData/FinancialCalculatorKit-ackorybalcxbfocbkqsfdzcfkgmn/SourcePackages/checkouts/MathJaxSwift/Sources/MathJaxSwift/Internal/Parsing/SVGParser.swift /Users/rogerlin/Library/Developer/Xcode/DerivedData/FinancialCalculatorKit-ackorybalcxbfocbkqsfdzcfkgmn/SourcePackages/checkouts/MathJaxSwift/Sources/MathJaxSwift/MathJax.swift /Users/rogerlin/Library/Developer/Xcode/DerivedData/FinancialCalculatorKit-ackorybalcxbfocbkqsfdzcfkgmn/SourcePackages/checkouts/MathJaxSwift/Sources/MathJaxSwift/Options/ConversionOptions.swift /Users/rogerlin/Library/Developer/Xcode/DerivedData/FinancialCalculatorKit-ackorybalcxbfocbkqsfdzcfkgmn/SourcePackages/checkouts/MathJaxSwift/Sources/MathJaxSwift/Options/Document/A11YOptions.swift /Users/rogerlin/Library/Developer/Xcode/DerivedData/FinancialCalculatorKit-ackorybalcxbfocbkqsfdzcfkgmn/SourcePackages/checkouts/MathJaxSwift/Sources/MathJaxSwift/Options/Document/DocumentOptions.swift /Users/rogerlin/Library/Developer/Xcode/DerivedData/FinancialCalculatorKit-ackorybalcxbfocbkqsfdzcfkgmn/SourcePackages/checkouts/MathJaxSwift/Sources/MathJaxSwift/Options/Document/Menu/MenuOptions.swift /Users/rogerlin/Library/Developer/Xcode/DerivedData/FinancialCalculatorKit-ackorybalcxbfocbkqsfdzcfkgmn/SourcePackages/checkouts/MathJaxSwift/Sources/MathJaxSwift/Options/Document/Menu/MenuOptionsSettings.swift /Users/rogerlin/Library/Developer/Xcode/DerivedData/FinancialCalculatorKit-ackorybalcxbfocbkqsfdzcfkgmn/SourcePackages/checkouts/MathJaxSwift/Sources/MathJaxSwift/Options/Document/SREOptions.swift /Users/rogerlin/Library/Developer/Xcode/DerivedData/FinancialCalculatorKit-ackorybalcxbfocbkqsfdzcfkgmn/SourcePackages/checkouts/MathJaxSwift/Sources/MathJaxSwift/Options/Document/Safe/AllowOptions.swift /Users/rogerlin/Library/Developer/Xcode/DerivedData/FinancialCalculatorKit-ackorybalcxbfocbkqsfdzcfkgmn/SourcePackages/checkouts/MathJaxSwift/Sources/MathJaxSwift/Options/Document/Safe/SafeOptions.swift /Users/rogerlin/Library/Developer/Xcode/DerivedData/FinancialCalculatorKit-ackorybalcxbfocbkqsfdzcfkgmn/SourcePackages/checkouts/MathJaxSwift/Sources/MathJaxSwift/Options/Document/Safe/SafeProtocols.swift /Users/rogerlin/Library/Developer/Xcode/DerivedData/FinancialCalculatorKit-ackorybalcxbfocbkqsfdzcfkgmn/SourcePackages/checkouts/MathJaxSwift/Sources/MathJaxSwift/Options/Document/Safe/SafeStyles.swift -primary-file /Users/rogerlin/Library/Developer/Xcode/DerivedData/FinancialCalculatorKit-ackorybalcxbfocbkqsfdzcfkgmn/SourcePackages/checkouts/MathJaxSwift/Sources/MathJaxSwift/Options/Input/AMInputProcessorOptions.swift -primary-file /Users/rogerlin/Library/Developer/Xcode/DerivedData/FinancialCalculatorKit-ackorybalcxbfocbkqsfdzcfkgmn/SourcePackages/checkouts/MathJaxSwift/Sources/MathJaxSwift/Options/Input/InputProcessorOptions.swift -primary-file /Users/rogerlin/Library/Developer/Xcode/DerivedData/FinancialCalculatorKit-ackorybalcxbfocbkqsfdzcfkgmn/SourcePackages/checkouts/MathJaxSwift/Sources/MathJaxSwift/Options/Input/MMLInputProcessorOptions.swift /Users/rogerlin/Library/Developer/Xcode/DerivedData/FinancialCalculatorKit-ackorybalcxbfocbkqsfdzcfkgmn/SourcePackages/checkouts/MathJaxSwift/Sources/MathJaxSwift/Options/Input/TeX\ Packages/AMSCDOptions.swift /Users/rogerlin/Library/Developer/Xcode/DerivedData/FinancialCalculatorKit-ackorybalcxbfocbkqsfdzcfkgmn/SourcePackages/checkouts/MathJaxSwift/Sources/MathJaxSwift/Options/Input/TeX\ Packages/AMSOptions.swift /Users/rogerlin/Library/Developer/Xcode/DerivedData/FinancialCalculatorKit-ackorybalcxbfocbkqsfdzcfkgmn/SourcePackages/checkouts/MathJaxSwift/Sources/MathJaxSwift/Options/Input/TeX\ Packages/AutoloadOptions.swift /Users/rogerlin/Library/Developer/Xcode/DerivedData/FinancialCalculatorKit-ackorybalcxbfocbkqsfdzcfkgmn/SourcePackages/checkouts/MathJaxSwift/Sources/MathJaxSwift/Options/Input/TeX\ Packages/ColorOptions.swift /Users/rogerlin/Library/Developer/Xcode/DerivedData/FinancialCalculatorKit-ackorybalcxbfocbkqsfdzcfkgmn/SourcePackages/checkouts/MathJaxSwift/Sources/MathJaxSwift/Options/Input/TeX\ Packages/MathtoolsOptions.swift /Users/rogerlin/Library/Developer/Xcode/DerivedData/FinancialCalculatorKit-ackorybalcxbfocbkqsfdzcfkgmn/SourcePackages/checkouts/MathJaxSwift/Sources/MathJaxSwift/Options/Input/TeX\ Packages/NoundefinedOptions.swift /Users/rogerlin/Library/Developer/Xcode/DerivedData/FinancialCalculatorKit-ackorybalcxbfocbkqsfdzcfkgmn/SourcePackages/checkouts/MathJaxSwift/Sources/MathJaxSwift/Options/Input/TeX\ Packages/PhysicsOptions.swift /Users/rogerlin/Library/Developer/Xcode/DerivedData/FinancialCalculatorKit-ackorybalcxbfocbkqsfdzcfkgmn/SourcePackages/checkouts/MathJaxSwift/Sources/MathJaxSwift/Options/Input/TeX\ Packages/RequireOptions.swift /Users/rogerlin/Library/Developer/Xcode/DerivedData/FinancialCalculatorKit-ackorybalcxbfocbkqsfdzcfkgmn/SourcePackages/checkouts/MathJaxSwift/Sources/MathJaxSwift/Options/Input/TeX\ Packages/SetOptions.swift /Users/rogerlin/Library/Developer/Xcode/DerivedData/FinancialCalculatorKit-ackorybalcxbfocbkqsfdzcfkgmn/SourcePackages/checkouts/MathJaxSwift/Sources/MathJaxSwift/Options/Input/TeX\ Packages/TagFormatOptions.swift /Users/rogerlin/Library/Developer/Xcode/DerivedData/FinancialCalculatorKit-ackorybalcxbfocbkqsfdzcfkgmn/SourcePackages/checkouts/MathJaxSwift/Sources/MathJaxSwift/Options/Input/TeXInputProcessorOptions.swift /Users/rogerlin/Library/Developer/Xcode/DerivedData/FinancialCalculatorKit-ackorybalcxbfocbkqsfdzcfkgmn/SourcePackages/checkouts/MathJaxSwift/Sources/MathJaxSwift/Options/Output/CHTMLOutputProcessorOptions.swift /Users/rogerlin/Library/Developer/Xcode/DerivedData/FinancialCalculatorKit-ackorybalcxbfocbkqsfdzcfkgmn/SourcePackages/checkouts/MathJaxSwift/Sources/MathJaxSwift/Options/Output/OutputProcessorOptions.swift /Users/rogerlin/Library/Developer/Xcode/DerivedData/FinancialCalculatorKit-ackorybalcxbfocbkqsfdzcfkgmn/SourcePackages/checkouts/MathJaxSwift/Sources/MathJaxSwift/Options/Output/SVGOutputProcessorOptions.swift -supplementary-output-file-map /Users/rogerlin/Library/Developer/Xcode/DerivedData/FinancialCalculatorKit-ackorybalcxbfocbkqsfdzcfkgmn/Build/Intermediates.noindex/MathJaxSwift.build/Debug/MathJaxSwift.build/Objects-normal/arm64/supplementaryOutputs-15 -target arm64-apple-macos10.15 -load-resolved-plugin /Applications/Xcode.app/Contents/Developer/Platforms/MacOSX.platform/Developer/usr/lib/swift/host/plugins/libFoundationMacros.dylib\#/Applications/Xcode.app/Contents/Developer/Platforms/MacOSX.platform/Developer/usr/bin/swift-plugin-server\#FoundationMacros -load-resolved-plugin /Applications/Xcode.app/Contents/Developer/Platforms/MacOSX.platform/Developer/usr/lib/swift/host/plugins/libObservationMacros.dylib\#/Applications/Xcode.app/Contents/Developer/Platforms/MacOSX.platform/Developer/usr/bin/swift-plugin-server\#ObservationMacros -load-resolved-plugin /Applications/Xcode.app/Contents/Developer/Platforms/MacOSX.platform/Developer/usr/lib/swift/host/plugins/libSwiftMacros.dylib\#/Applications/Xcode.app/Contents/Developer/Platforms/MacOSX.platform/Developer/usr/bin/swift-plugin-server\#SwiftMacros -disable-implicit-swift-modules -Xcc -fno-implicit-modules -Xcc -fno-implicit-module-maps -explicit-swift-module-map-file /Users/rogerlin/Library/Developer/Xcode/DerivedData/FinancialCalculatorKit-ackorybalcxbfocbkqsfdzcfkgmn/Build/Intermediates.noindex/MathJaxSwift.build/Debug/MathJaxSwift.build/Objects-normal/arm64/MathJaxSwift-dependencies-1.json -Xllvm -aarch64-use-tbi -enable-objc-interop -stack-check -sdk /Applications/Xcode.app/Contents/Developer/Platforms/MacOSX.platform/Developer/SDKs/MacOSX26.1.sdk -I /Users/rogerlin/Library/Developer/Xcode/DerivedData/FinancialCalculatorKit-ackorybalcxbfocbkqsfdzcfkgmn/Build/Products/Debug -Isystem /Applications/Xcode.app/Contents/Developer/Platforms/MacOSX.platform/Developer/usr/lib -F /Users/rogerlin/Library/Developer/Xcode/DerivedData/FinancialCalculatorKit-ackorybalcxbfocbkqsfdzcfkgmn/Build/Products/Debug -F /Applications/Xcode.app/Contents/Developer/Platforms/MacOSX.platform/Developer/Library/Frameworks -no-color-diagnostics -Xcc -fno-color-diagnostics -enable-testing -g -debug-info-format\=dwarf -dwarf-version\=4 -module-cache-path /Users/rogerlin/Library/Developer/Xcode/DerivedData/FinancialCalculatorKit-ackorybalcxbfocbkqsfdzcfkgmn/Build/Intermediates.noindex/SwiftExplicitPrecompiledModules -suppress-warnings -profile-generate -profile-coverage-mapping -swift-version 5 -enforce-exclusivity\=checked -Onone -D SWIFT_PACKAGE -D DEBUG -D SWIFT_MODULE_RESOURCE_BUNDLE_AVAILABLE -D Xcode -serialize-debugging-options -const-gather-protocols-file /Users/rogerlin/Library/Developer/Xcode/DerivedData/FinancialCalculatorKit-ackorybalcxbfocbkqsfdzcfkgmn/Build/Intermediates.noindex/MathJaxSwift.build/Debug/MathJaxSwift.build/Objects-normal/arm64/MathJaxSwift_const_extract_protocols.json -enable-experimental-feature DebugDescriptionMacro -empty-abi-descriptor -validate-clang-modules-once -clang-build-session-file /Users/rogerlin/Library/Developer/Xcode/DerivedData/ModuleCache.noindex/Session.modulevalidation -Xcc -working-directory -Xcc /Users/rogerlin/XCode-Projects/FinancialCalculatorKit-5.0-updated-accent-colors/FinancialCalculatorKit.xcodeproj -enable-anonymous-context-mangled-names -file-compilation-dir /Users/rogerlin/XCode-Projects/FinancialCalculatorKit-5.0-updated-accent-colors/FinancialCalculatorKit.xcodeproj -Xcc -D_LIBCPP_HARDENING_MODE\=_LIBCPP_HARDENING_MODE_DEBUG -Xcc -ivfsstatcache -Xcc /Users/rogerlin/Library/Developer/Xcode/DerivedData/SDKStatCaches.noindex/macosx26.1-25B74-3ae1261907bdadc328169391a47051a6.sdkstatcache -Xcc -I/Users/rogerlin/Library/Developer/Xcode/DerivedData/FinancialCalculatorKit-ackorybalcxbfocbkqsfdzcfkgmn/Build/Intermediates.noindex/MathJaxSwift.build/Debug/MathJaxSwift.build/swift-overrides.hmap -Xcc -I/Users/rogerlin/Library/Developer/Xcode/DerivedData/FinancialCalculatorKit-ackorybalcxbfocbkqsfdzcfkgmn/Build/Products/Debug/include -Xcc -I/Users/rogerlin/Library/Developer/Xcode/DerivedData/FinancialCalculatorKit-ackorybalcxbfocbkqsfdzcfkgmn/Build/Intermediates.noindex/MathJaxSwift.build/Debug/MathJaxSwift.build/DerivedSources-normal/arm64 -Xcc -I/Users/rogerlin/Library/Developer/Xcode/DerivedData/FinancialCalculatorKit-ackorybalcxbfocbkqsfdzcfkgmn/Build/Intermediates.noindex/MathJaxSwift.build/Debug/MathJaxSwift.build/DerivedSources/arm64 -Xcc -I/Users/rogerlin/Library/Developer/Xcode/DerivedData/FinancialCalculatorKit-ackorybalcxbfocbkqsfdzcfkgmn/Build/Intermediates.noindex/MathJaxSwift.build/Debug/MathJaxSwift.build/DerivedSources -Xcc -DSWIFT_PACKAGE -Xcc -DDEBUG\=1 -no-auto-bridging-header-chaining -module-name MathJaxSwift -frontend-parseable-output -disable-clang-spi -target-sdk-version 26.1 -target-sdk-name macosx26.1 -clang-target arm64-apple-macos26.1 -in-process-plugin-server-path /Applications/Xcode.app/Contents/Developer/Toolchains/XcodeDefault.xctoolchain/usr/lib/swift/host/libSwiftInProcPluginServer.dylib -o /Users/rogerlin/Library/Developer/Xcode/DerivedData/FinancialCalculatorKit-ackorybalcxbfocbkqsfdzcfkgmn/Build/Intermediates.noindex/MathJaxSwift.build/Debug/MathJaxSwift.build/Objects-normal/arm64/AMInputProcessorOptions.o -o /Users/rogerlin/Library/Developer/Xcode/DerivedData/FinancialCalculatorKit-ackorybalcxbfocbkqsfdzcfkgmn/Build/Intermediates.noindex/MathJaxSwift.build/Debug/MathJaxSwift.build/Objects-normal/arm64/InputProcessorOptions.o -o /Users/rogerlin/Library/Developer/Xcode/DerivedData/FinancialCalculatorKit-ackorybalcxbfocbkqsfdzcfkgmn/Build/Intermediates.noindex/MathJaxSwift.build/Debug/MathJaxSwift.build/Objects-normal/arm64/MMLInputProcessorOptions.o -index-unit-output-path /MathJaxSwift.build/Debug/MathJaxSwift.build/Objects-normal/arm64/AMInputProcessorOptions.o -index-unit-output-path /MathJaxSwift.build/Debug/MathJaxSwift.build/Objects-normal/arm64/InputProcessorOptions.o -index-unit-output-path /MathJaxSwift.build/Debug/MathJaxSwift.build/Objects-normal/arm64/MMLInputProcessorOptions.o -index-store-path /Users/rogerlin/Library/Developer/Xcode/DerivedData/FinancialCalculatorKit-ackorybalcxbfocbkqsfdzcfkgmn/Index.noindex/DataStore -index-system-modules

SwiftCompile normal arm64 /Users/rogerlin/Library/Developer/Xcode/DerivedData/FinancialCalculatorKit-ackorybalcxbfocbkqsfdzcfkgmn/SourcePackages/checkouts/MathJaxSwift/Sources/MathJaxSwift/Options/Input/AMInputProcessorOptions.swift (in target 'MathJaxSwift' from project 'MathJaxSwift')
    cd /Users/rogerlin/XCode-Projects/FinancialCalculatorKit-5.0-updated-accent-colors/FinancialCalculatorKit.xcodeproj
    

SwiftCompile normal arm64 /Users/rogerlin/Library/Developer/Xcode/DerivedData/FinancialCalculatorKit-ackorybalcxbfocbkqsfdzcfkgmn/SourcePackages/checkouts/MathJaxSwift/Sources/MathJaxSwift/Options/Input/InputProcessorOptions.swift (in target 'MathJaxSwift' from project 'MathJaxSwift')
    cd /Users/rogerlin/XCode-Projects/FinancialCalculatorKit-5.0-updated-accent-colors/FinancialCalculatorKit.xcodeproj
    

SwiftCompile normal arm64 /Users/rogerlin/Library/Developer/Xcode/DerivedData/FinancialCalculatorKit-ackorybalcxbfocbkqsfdzcfkgmn/SourcePackages/checkouts/MathJaxSwift/Sources/MathJaxSwift/Options/Input/MMLInputProcessorOptions.swift (in target 'MathJaxSwift' from project 'MathJaxSwift')
    cd /Users/rogerlin/XCode-Projects/FinancialCalculatorKit-5.0-updated-accent-colors/FinancialCalculatorKit.xcodeproj
    

SwiftDriverJobDiscovery normal arm64 Compiling MML2CHTML.swift, MML2SVG.swift, TeX2CHTML.swift (in target 'MathJaxSwift' from project 'MathJaxSwift')

SwiftCompile normal arm64 Compiling\ PhysicsOptions.swift,\ RequireOptions.swift /Users/rogerlin/Library/Developer/Xcode/DerivedData/FinancialCalculatorKit-ackorybalcxbfocbkqsfdzcfkgmn/SourcePackages/checkouts/MathJaxSwift/Sources/MathJaxSwift/Options/Input/TeX\ Packages/PhysicsOptions.swift /Users/rogerlin/Library/Developer/Xcode/DerivedData/FinancialCalculatorKit-ackorybalcxbfocbkqsfdzcfkgmn/SourcePackages/checkouts/MathJaxSwift/Sources/MathJaxSwift/Options/Input/TeX\ Packages/RequireOptions.swift (in target 'MathJaxSwift' from project 'MathJaxSwift')
/Applications/Xcode.app/Contents/Developer/Toolchains/XcodeDefault.xctoolchain/usr/bin/swift-frontend -frontend -c /Users/rogerlin/Library/Developer/Xcode/DerivedData/FinancialCalculatorKit-ackorybalcxbfocbkqsfdzcfkgmn/Build/Intermediates.noindex/MathJaxSwift.build/Debug/MathJaxSwift.build/DerivedSources/resource_bundle_accessor.swift /Users/rogerlin/Library/Developer/Xcode/DerivedData/FinancialCalculatorKit-ackorybalcxbfocbkqsfdzcfkgmn/SourcePackages/checkouts/MathJaxSwift/Sources/MathJaxSwift/Conversions/AM/AM2CHTML.swift /Users/rogerlin/Library/Developer/Xcode/DerivedData/FinancialCalculatorKit-ackorybalcxbfocbkqsfdzcfkgmn/SourcePackages/checkouts/MathJaxSwift/Sources/MathJaxSwift/Conversions/AM/AM2MML.swift /Users/rogerlin/Library/Developer/Xcode/DerivedData/FinancialCalculatorKit-ackorybalcxbfocbkqsfdzcfkgmn/SourcePackages/checkouts/MathJaxSwift/Sources/MathJaxSwift/Conversions/MML/MML2CHTML.swift /Users/rogerlin/Library/Developer/Xcode/DerivedData/FinancialCalculatorKit-ackorybalcxbfocbkqsfdzcfkgmn/SourcePackages/checkouts/MathJaxSwift/Sources/MathJaxSwift/Conversions/MML/MML2SVG.swift /Users/rogerlin/Library/Developer/Xcode/DerivedData/FinancialCalculatorKit-ackorybalcxbfocbkqsfdzcfkgmn/SourcePackages/checkouts/MathJaxSwift/Sources/MathJaxSwift/Conversions/TeX/TeX2CHTML.swift /Users/rogerlin/Library/Developer/Xcode/DerivedData/FinancialCalculatorKit-ackorybalcxbfocbkqsfdzcfkgmn/SourcePackages/checkouts/MathJaxSwift/Sources/MathJaxSwift/Conversions/TeX/TeX2MML.swift /Users/rogerlin/Library/Developer/Xcode/DerivedData/FinancialCalculatorKit-ackorybalcxbfocbkqsfdzcfkgmn/SourcePackages/checkouts/MathJaxSwift/Sources/MathJaxSwift/Conversions/TeX/TeX2SVG.swift /Users/rogerlin/Library/Developer/Xcode/DerivedData/FinancialCalculatorKit-ackorybalcxbfocbkqsfdzcfkgmn/SourcePackages/checkouts/MathJaxSwift/Sources/MathJaxSwift/Internal/Constants.swift /Users/rogerlin/Library/Developer/Xcode/DerivedData/FinancialCalculatorKit-ackorybalcxbfocbkqsfdzcfkgmn/SourcePackages/checkouts/MathJaxSwift/Sources/MathJaxSwift/Internal/Function.swift /Users/rogerlin/Library/Developer/Xcode/DerivedData/FinancialCalculatorKit-ackorybalcxbfocbkqsfdzcfkgmn/SourcePackages/checkouts/MathJaxSwift/Sources/MathJaxSwift/Internal/MathJaxError.swift /Users/rogerlin/Library/Developer/Xcode/DerivedData/FinancialCalculatorKit-ackorybalcxbfocbkqsfdzcfkgmn/SourcePackages/checkouts/MathJaxSwift/Sources/MathJaxSwift/Internal/PackageLock.swift /Users/rogerlin/Library/Developer/Xcode/DerivedData/FinancialCalculatorKit-ackorybalcxbfocbkqsfdzcfkgmn/SourcePackages/checkouts/MathJaxSwift/Sources/MathJaxSwift/Internal/Parsing/HTMLParser.swift /Users/rogerlin/Library/Developer/Xcode/DerivedData/FinancialCalculatorKit-ackorybalcxbfocbkqsfdzcfkgmn/SourcePackages/checkouts/MathJaxSwift/Sources/MathJaxSwift/Internal/Parsing/MMLParser.swift /Users/rogerlin/Library/Developer/Xcode/DerivedData/FinancialCalculatorKit-ackorybalcxbfocbkqsfdzcfkgmn/SourcePackages/checkouts/MathJaxSwift/Sources/MathJaxSwift/Internal/Parsing/Parser.swift /Users/rogerlin/Library/Developer/Xcode/DerivedData/FinancialCalculatorKit-ackorybalcxbfocbkqsfdzcfkgmn/SourcePackages/checkouts/MathJaxSwift/Sources/MathJaxSwift/Internal/Parsing/SVGParser.swift /Users/rogerlin/Library/Developer/Xcode/DerivedData/FinancialCalculatorKit-ackorybalcxbfocbkqsfdzcfkgmn/SourcePackages/checkouts/MathJaxSwift/Sources/MathJaxSwift/MathJax.swift /Users/rogerlin/Library/Developer/Xcode/DerivedData/FinancialCalculatorKit-ackorybalcxbfocbkqsfdzcfkgmn/SourcePackages/checkouts/MathJaxSwift/Sources/MathJaxSwift/Options/ConversionOptions.swift /Users/rogerlin/Library/Developer/Xcode/DerivedData/FinancialCalculatorKit-ackorybalcxbfocbkqsfdzcfkgmn/SourcePackages/checkouts/MathJaxSwift/Sources/MathJaxSwift/Options/Document/A11YOptions.swift /Users/rogerlin/Library/Developer/Xcode/DerivedData/FinancialCalculatorKit-ackorybalcxbfocbkqsfdzcfkgmn/SourcePackages/checkouts/MathJaxSwift/Sources/MathJaxSwift/Options/Document/DocumentOptions.swift /Users/rogerlin/Library/Developer/Xcode/DerivedData/FinancialCalculatorKit-ackorybalcxbfocbkqsfdzcfkgmn/SourcePackages/checkouts/MathJaxSwift/Sources/MathJaxSwift/Options/Document/Menu/MenuOptions.swift /Users/rogerlin/Library/Developer/Xcode/DerivedData/FinancialCalculatorKit-ackorybalcxbfocbkqsfdzcfkgmn/SourcePackages/checkouts/MathJaxSwift/Sources/MathJaxSwift/Options/Document/Menu/MenuOptionsSettings.swift /Users/rogerlin/Library/Developer/Xcode/DerivedData/FinancialCalculatorKit-ackorybalcxbfocbkqsfdzcfkgmn/SourcePackages/checkouts/MathJaxSwift/Sources/MathJaxSwift/Options/Document/SREOptions.swift /Users/rogerlin/Library/Developer/Xcode/DerivedData/FinancialCalculatorKit-ackorybalcxbfocbkqsfdzcfkgmn/SourcePackages/checkouts/MathJaxSwift/Sources/MathJaxSwift/Options/Document/Safe/AllowOptions.swift /Users/rogerlin/Library/Developer/Xcode/DerivedData/FinancialCalculatorKit-ackorybalcxbfocbkqsfdzcfkgmn/SourcePackages/checkouts/MathJaxSwift/Sources/MathJaxSwift/Options/Document/Safe/SafeOptions.swift /Users/rogerlin/Library/Developer/Xcode/DerivedData/FinancialCalculatorKit-ackorybalcxbfocbkqsfdzcfkgmn/SourcePackages/checkouts/MathJaxSwift/Sources/MathJaxSwift/Options/Document/Safe/SafeProtocols.swift /Users/rogerlin/Library/Developer/Xcode/DerivedData/FinancialCalculatorKit-ackorybalcxbfocbkqsfdzcfkgmn/SourcePackages/checkouts/MathJaxSwift/Sources/MathJaxSwift/Options/Document/Safe/SafeStyles.swift /Users/rogerlin/Library/Developer/Xcode/DerivedData/FinancialCalculatorKit-ackorybalcxbfocbkqsfdzcfkgmn/SourcePackages/checkouts/MathJaxSwift/Sources/MathJaxSwift/Options/Input/AMInputProcessorOptions.swift /Users/rogerlin/Library/Developer/Xcode/DerivedData/FinancialCalculatorKit-ackorybalcxbfocbkqsfdzcfkgmn/SourcePackages/checkouts/MathJaxSwift/Sources/MathJaxSwift/Options/Input/InputProcessorOptions.swift /Users/rogerlin/Library/Developer/Xcode/DerivedData/FinancialCalculatorKit-ackorybalcxbfocbkqsfdzcfkgmn/SourcePackages/checkouts/MathJaxSwift/Sources/MathJaxSwift/Options/Input/MMLInputProcessorOptions.swift /Users/rogerlin/Library/Developer/Xcode/DerivedData/FinancialCalculatorKit-ackorybalcxbfocbkqsfdzcfkgmn/SourcePackages/checkouts/MathJaxSwift/Sources/MathJaxSwift/Options/Input/TeX\ Packages/AMSCDOptions.swift /Users/rogerlin/Library/Developer/Xcode/DerivedData/FinancialCalculatorKit-ackorybalcxbfocbkqsfdzcfkgmn/SourcePackages/checkouts/MathJaxSwift/Sources/MathJaxSwift/Options/Input/TeX\ Packages/AMSOptions.swift /Users/rogerlin/Library/Developer/Xcode/DerivedData/FinancialCalculatorKit-ackorybalcxbfocbkqsfdzcfkgmn/SourcePackages/checkouts/MathJaxSwift/Sources/MathJaxSwift/Options/Input/TeX\ Packages/AutoloadOptions.swift /Users/rogerlin/Library/Developer/Xcode/DerivedData/FinancialCalculatorKit-ackorybalcxbfocbkqsfdzcfkgmn/SourcePackages/checkouts/MathJaxSwift/Sources/MathJaxSwift/Options/Input/TeX\ Packages/ColorOptions.swift /Users/rogerlin/Library/Developer/Xcode/DerivedData/FinancialCalculatorKit-ackorybalcxbfocbkqsfdzcfkgmn/SourcePackages/checkouts/MathJaxSwift/Sources/MathJaxSwift/Options/Input/TeX\ Packages/MathtoolsOptions.swift /Users/rogerlin/Library/Developer/Xcode/DerivedData/FinancialCalculatorKit-ackorybalcxbfocbkqsfdzcfkgmn/SourcePackages/checkouts/MathJaxSwift/Sources/MathJaxSwift/Options/Input/TeX\ Packages/NoundefinedOptions.swift -primary-file /Users/rogerlin/Library/Developer/Xcode/DerivedData/FinancialCalculatorKit-ackorybalcxbfocbkqsfdzcfkgmn/SourcePackages/checkouts/MathJaxSwift/Sources/MathJaxSwift/Options/Input/TeX\ Packages/PhysicsOptions.swift -primary-file /Users/rogerlin/Library/Developer/Xcode/DerivedData/FinancialCalculatorKit-ackorybalcxbfocbkqsfdzcfkgmn/SourcePackages/checkouts/MathJaxSwift/Sources/MathJaxSwift/Options/Input/TeX\ Packages/RequireOptions.swift /Users/rogerlin/Library/Developer/Xcode/DerivedData/FinancialCalculatorKit-ackorybalcxbfocbkqsfdzcfkgmn/SourcePackages/checkouts/MathJaxSwift/Sources/MathJaxSwift/Options/Input/TeX\ Packages/SetOptions.swift /Users/rogerlin/Library/Developer/Xcode/DerivedData/FinancialCalculatorKit-ackorybalcxbfocbkqsfdzcfkgmn/SourcePackages/checkouts/MathJaxSwift/Sources/MathJaxSwift/Options/Input/TeX\ Packages/TagFormatOptions.swift /Users/rogerlin/Library/Developer/Xcode/DerivedData/FinancialCalculatorKit-ackorybalcxbfocbkqsfdzcfkgmn/SourcePackages/checkouts/MathJaxSwift/Sources/MathJaxSwift/Options/Input/TeXInputProcessorOptions.swift /Users/rogerlin/Library/Developer/Xcode/DerivedData/FinancialCalculatorKit-ackorybalcxbfocbkqsfdzcfkgmn/SourcePackages/checkouts/MathJaxSwift/Sources/MathJaxSwift/Options/Output/CHTMLOutputProcessorOptions.swift /Users/rogerlin/Library/Developer/Xcode/DerivedData/FinancialCalculatorKit-ackorybalcxbfocbkqsfdzcfkgmn/SourcePackages/checkouts/MathJaxSwift/Sources/MathJaxSwift/Options/Output/OutputProcessorOptions.swift /Users/rogerlin/Library/Developer/Xcode/DerivedData/FinancialCalculatorKit-ackorybalcxbfocbkqsfdzcfkgmn/SourcePackages/checkouts/MathJaxSwift/Sources/MathJaxSwift/Options/Output/SVGOutputProcessorOptions.swift -emit-dependencies-path /Users/rogerlin/Library/Developer/Xcode/DerivedData/FinancialCalculatorKit-ackorybalcxbfocbkqsfdzcfkgmn/Build/Intermediates.noindex/MathJaxSwift.build/Debug/MathJaxSwift.build/Objects-normal/arm64/PhysicsOptions.d -emit-const-values-path /Users/rogerlin/Library/Developer/Xcode/DerivedData/FinancialCalculatorKit-ackorybalcxbfocbkqsfdzcfkgmn/Build/Intermediates.noindex/MathJaxSwift.build/Debug/MathJaxSwift.build/Objects-normal/arm64/PhysicsOptions.swiftconstvalues -emit-reference-dependencies-path /Users/rogerlin/Library/Developer/Xcode/DerivedData/FinancialCalculatorKit-ackorybalcxbfocbkqsfdzcfkgmn/Build/Intermediates.noindex/MathJaxSwift.build/Debug/MathJaxSwift.build/Objects-normal/arm64/PhysicsOptions.swiftdeps -serialize-diagnostics-path /Users/rogerlin/Library/Developer/Xcode/DerivedData/FinancialCalculatorKit-ackorybalcxbfocbkqsfdzcfkgmn/Build/Intermediates.noindex/MathJaxSwift.build/Debug/MathJaxSwift.build/Objects-normal/arm64/PhysicsOptions.dia -emit-dependencies-path /Users/rogerlin/Library/Developer/Xcode/DerivedData/FinancialCalculatorKit-ackorybalcxbfocbkqsfdzcfkgmn/Build/Intermediates.noindex/MathJaxSwift.build/Debug/MathJaxSwift.build/Objects-normal/arm64/RequireOptions.d -emit-const-values-path /Users/rogerlin/Library/Developer/Xcode/DerivedData/FinancialCalculatorKit-ackorybalcxbfocbkqsfdzcfkgmn/Build/Intermediates.noindex/MathJaxSwift.build/Debug/MathJaxSwift.build/Objects-normal/arm64/RequireOptions.swiftconstvalues -emit-reference-dependencies-path /Users/rogerlin/Library/Developer/Xcode/DerivedData/FinancialCalculatorKit-ackorybalcxbfocbkqsfdzcfkgmn/Build/Intermediates.noindex/MathJaxSwift.build/Debug/MathJaxSwift.build/Objects-normal/arm64/RequireOptions.swiftdeps -serialize-diagnostics-path /Users/rogerlin/Library/Developer/Xcode/DerivedData/FinancialCalculatorKit-ackorybalcxbfocbkqsfdzcfkgmn/Build/Intermediates.noindex/MathJaxSwift.build/Debug/MathJaxSwift.build/Objects-normal/arm64/RequireOptions.dia -target arm64-apple-macos10.15 -load-resolved-plugin /Applications/Xcode.app/Contents/Developer/Platforms/MacOSX.platform/Developer/usr/lib/swift/host/plugins/libFoundationMacros.dylib\#/Applications/Xcode.app/Contents/Developer/Platforms/MacOSX.platform/Developer/usr/bin/swift-plugin-server\#FoundationMacros -load-resolved-plugin /Applications/Xcode.app/Contents/Developer/Platforms/MacOSX.platform/Developer/usr/lib/swift/host/plugins/libObservationMacros.dylib\#/Applications/Xcode.app/Contents/Developer/Platforms/MacOSX.platform/Developer/usr/bin/swift-plugin-server\#ObservationMacros -load-resolved-plugin /Applications/Xcode.app/Contents/Developer/Platforms/MacOSX.platform/Developer/usr/lib/swift/host/plugins/libSwiftMacros.dylib\#/Applications/Xcode.app/Contents/Developer/Platforms/MacOSX.platform/Developer/usr/bin/swift-plugin-server\#SwiftMacros -disable-implicit-swift-modules -Xcc -fno-implicit-modules -Xcc -fno-implicit-module-maps -explicit-swift-module-map-file /Users/rogerlin/Library/Developer/Xcode/DerivedData/FinancialCalculatorKit-ackorybalcxbfocbkqsfdzcfkgmn/Build/Intermediates.noindex/MathJaxSwift.build/Debug/MathJaxSwift.build/Objects-normal/arm64/MathJaxSwift-dependencies-1.json -Xllvm -aarch64-use-tbi -enable-objc-interop -stack-check -sdk /Applications/Xcode.app/Contents/Developer/Platforms/MacOSX.platform/Developer/SDKs/MacOSX26.1.sdk -I /Users/rogerlin/Library/Developer/Xcode/DerivedData/FinancialCalculatorKit-ackorybalcxbfocbkqsfdzcfkgmn/Build/Products/Debug -Isystem /Applications/Xcode.app/Contents/Developer/Platforms/MacOSX.platform/Developer/usr/lib -F /Users/rogerlin/Library/Developer/Xcode/DerivedData/FinancialCalculatorKit-ackorybalcxbfocbkqsfdzcfkgmn/Build/Products/Debug -F /Applications/Xcode.app/Contents/Developer/Platforms/MacOSX.platform/Developer/Library/Frameworks -no-color-diagnostics -Xcc -fno-color-diagnostics -enable-testing -g -debug-info-format\=dwarf -dwarf-version\=4 -module-cache-path /Users/rogerlin/Library/Developer/Xcode/DerivedData/FinancialCalculatorKit-ackorybalcxbfocbkqsfdzcfkgmn/Build/Intermediates.noindex/SwiftExplicitPrecompiledModules -suppress-warnings -profile-generate -profile-coverage-mapping -swift-version 5 -enforce-exclusivity\=checked -Onone -D SWIFT_PACKAGE -D DEBUG -D SWIFT_MODULE_RESOURCE_BUNDLE_AVAILABLE -D Xcode -serialize-debugging-options -const-gather-protocols-file /Users/rogerlin/Library/Developer/Xcode/DerivedData/FinancialCalculatorKit-ackorybalcxbfocbkqsfdzcfkgmn/Build/Intermediates.noindex/MathJaxSwift.build/Debug/MathJaxSwift.build/Objects-normal/arm64/MathJaxSwift_const_extract_protocols.json -enable-experimental-feature DebugDescriptionMacro -empty-abi-descriptor -validate-clang-modules-once -clang-build-session-file /Users/rogerlin/Library/Developer/Xcode/DerivedData/ModuleCache.noindex/Session.modulevalidation -Xcc -working-directory -Xcc /Users/rogerlin/XCode-Projects/FinancialCalculatorKit-5.0-updated-accent-colors/FinancialCalculatorKit.xcodeproj -enable-anonymous-context-mangled-names -file-compilation-dir /Users/rogerlin/XCode-Projects/FinancialCalculatorKit-5.0-updated-accent-colors/FinancialCalculatorKit.xcodeproj -Xcc -D_LIBCPP_HARDENING_MODE\=_LIBCPP_HARDENING_MODE_DEBUG -Xcc -ivfsstatcache -Xcc /Users/rogerlin/Library/Developer/Xcode/DerivedData/SDKStatCaches.noindex/macosx26.1-25B74-3ae1261907bdadc328169391a47051a6.sdkstatcache -Xcc -I/Users/rogerlin/Library/Developer/Xcode/DerivedData/FinancialCalculatorKit-ackorybalcxbfocbkqsfdzcfkgmn/Build/Intermediates.noindex/MathJaxSwift.build/Debug/MathJaxSwift.build/swift-overrides.hmap -Xcc -I/Users/rogerlin/Library/Developer/Xcode/DerivedData/FinancialCalculatorKit-ackorybalcxbfocbkqsfdzcfkgmn/Build/Products/Debug/include -Xcc -I/Users/rogerlin/Library/Developer/Xcode/DerivedData/FinancialCalculatorKit-ackorybalcxbfocbkqsfdzcfkgmn/Build/Intermediates.noindex/MathJaxSwift.build/Debug/MathJaxSwift.build/DerivedSources-normal/arm64 -Xcc -I/Users/rogerlin/Library/Developer/Xcode/DerivedData/FinancialCalculatorKit-ackorybalcxbfocbkqsfdzcfkgmn/Build/Intermediates.noindex/MathJaxSwift.build/Debug/MathJaxSwift.build/DerivedSources/arm64 -Xcc -I/Users/rogerlin/Library/Developer/Xcode/DerivedData/FinancialCalculatorKit-ackorybalcxbfocbkqsfdzcfkgmn/Build/Intermediates.noindex/MathJaxSwift.build/Debug/MathJaxSwift.build/DerivedSources -Xcc -DSWIFT_PACKAGE -Xcc -DDEBUG\=1 -no-auto-bridging-header-chaining -module-name MathJaxSwift -frontend-parseable-output -disable-clang-spi -target-sdk-version 26.1 -target-sdk-name macosx26.1 -clang-target arm64-apple-macos26.1 -in-process-plugin-server-path /Applications/Xcode.app/Contents/Developer/Toolchains/XcodeDefault.xctoolchain/usr/lib/swift/host/libSwiftInProcPluginServer.dylib -o /Users/rogerlin/Library/Developer/Xcode/DerivedData/FinancialCalculatorKit-ackorybalcxbfocbkqsfdzcfkgmn/Build/Intermediates.noindex/MathJaxSwift.build/Debug/MathJaxSwift.build/Objects-normal/arm64/PhysicsOptions.o -o /Users/rogerlin/Library/Developer/Xcode/DerivedData/FinancialCalculatorKit-ackorybalcxbfocbkqsfdzcfkgmn/Build/Intermediates.noindex/MathJaxSwift.build/Debug/MathJaxSwift.build/Objects-normal/arm64/RequireOptions.o -index-unit-output-path /MathJaxSwift.build/Debug/MathJaxSwift.build/Objects-normal/arm64/PhysicsOptions.o -index-unit-output-path /MathJaxSwift.build/Debug/MathJaxSwift.build/Objects-normal/arm64/RequireOptions.o -index-store-path /Users/rogerlin/Library/Developer/Xcode/DerivedData/FinancialCalculatorKit-ackorybalcxbfocbkqsfdzcfkgmn/Index.noindex/DataStore -index-system-modules

SwiftCompile normal arm64 /Users/rogerlin/Library/Developer/Xcode/DerivedData/FinancialCalculatorKit-ackorybalcxbfocbkqsfdzcfkgmn/SourcePackages/checkouts/MathJaxSwift/Sources/MathJaxSwift/Options/Input/TeX\ Packages/PhysicsOptions.swift (in target 'MathJaxSwift' from project 'MathJaxSwift')
    cd /Users/rogerlin/XCode-Projects/FinancialCalculatorKit-5.0-updated-accent-colors/FinancialCalculatorKit.xcodeproj
    

SwiftCompile normal arm64 /Users/rogerlin/Library/Developer/Xcode/DerivedData/FinancialCalculatorKit-ackorybalcxbfocbkqsfdzcfkgmn/SourcePackages/checkouts/MathJaxSwift/Sources/MathJaxSwift/Options/Input/TeX\ Packages/RequireOptions.swift (in target 'MathJaxSwift' from project 'MathJaxSwift')
    cd /Users/rogerlin/XCode-Projects/FinancialCalculatorKit-5.0-updated-accent-colors/FinancialCalculatorKit.xcodeproj
    

SwiftDriverJobDiscovery normal arm64 Compiling ColorOptions.swift, MathtoolsOptions.swift, NoundefinedOptions.swift (in target 'MathJaxSwift' from project 'MathJaxSwift')

SwiftDriverJobDiscovery normal arm64 Compiling Parser.XML.Color.swift, Parser.XML.Element.swift (in target 'SwiftDrawDOM' from project 'SwiftDraw')

SwiftCompile normal arm64 Compiling\ XCTest.swift /Users/rogerlin/Library/Developer/Xcode/DerivedData/FinancialCalculatorKit-ackorybalcxbfocbkqsfdzcfkgmn/SourcePackages/checkouts/xctest-dynamic-overlay/Sources/IssueReporting/Internal/XCTest.swift (in target 'IssueReporting' from project 'xctest-dynamic-overlay')
/Applications/Xcode.app/Contents/Developer/Toolchains/XcodeDefault.xctoolchain/usr/bin/swift-frontend -frontend -c /Users/rogerlin/Library/Developer/Xcode/DerivedData/FinancialCalculatorKit-ackorybalcxbfocbkqsfdzcfkgmn/SourcePackages/checkouts/xctest-dynamic-overlay/Sources/IssueReporting/ErrorReporting.swift /Users/rogerlin/Library/Developer/Xcode/DerivedData/FinancialCalculatorKit-ackorybalcxbfocbkqsfdzcfkgmn/SourcePackages/checkouts/xctest-dynamic-overlay/Sources/IssueReporting/Internal/AppHostWarning.swift /Users/rogerlin/Library/Developer/Xcode/DerivedData/FinancialCalculatorKit-ackorybalcxbfocbkqsfdzcfkgmn/SourcePackages/checkouts/xctest-dynamic-overlay/Sources/IssueReporting/Internal/Deprecations.swift /Users/rogerlin/Library/Developer/Xcode/DerivedData/FinancialCalculatorKit-ackorybalcxbfocbkqsfdzcfkgmn/SourcePackages/checkouts/xctest-dynamic-overlay/Sources/IssueReporting/Internal/FailureObserver.swift /Users/rogerlin/Library/Developer/Xcode/DerivedData/FinancialCalculatorKit-ackorybalcxbfocbkqsfdzcfkgmn/SourcePackages/checkouts/xctest-dynamic-overlay/Sources/IssueReporting/Internal/LockIsolated.swift /Users/rogerlin/Library/Developer/Xcode/DerivedData/FinancialCalculatorKit-ackorybalcxbfocbkqsfdzcfkgmn/SourcePackages/checkouts/xctest-dynamic-overlay/Sources/IssueReporting/Internal/Rethrows.swift /Users/rogerlin/Library/Developer/Xcode/DerivedData/FinancialCalculatorKit-ackorybalcxbfocbkqsfdzcfkgmn/SourcePackages/checkouts/xctest-dynamic-overlay/Sources/IssueReporting/Internal/SwiftTesting.swift /Users/rogerlin/Library/Developer/Xcode/DerivedData/FinancialCalculatorKit-ackorybalcxbfocbkqsfdzcfkgmn/SourcePackages/checkouts/xctest-dynamic-overlay/Sources/IssueReporting/Internal/UncheckedSendable.swift /Users/rogerlin/Library/Developer/Xcode/DerivedData/FinancialCalculatorKit-ackorybalcxbfocbkqsfdzcfkgmn/SourcePackages/checkouts/xctest-dynamic-overlay/Sources/IssueReporting/Internal/Warn.swift -primary-file /Users/rogerlin/Library/Developer/Xcode/DerivedData/FinancialCalculatorKit-ackorybalcxbfocbkqsfdzcfkgmn/SourcePackages/checkouts/xctest-dynamic-overlay/Sources/IssueReporting/Internal/XCTest.swift /Users/rogerlin/Library/Developer/Xcode/DerivedData/FinancialCalculatorKit-ackorybalcxbfocbkqsfdzcfkgmn/SourcePackages/checkouts/xctest-dynamic-overlay/Sources/IssueReporting/IsTesting.swift /Users/rogerlin/Library/Developer/Xcode/DerivedData/FinancialCalculatorKit-ackorybalcxbfocbkqsfdzcfkgmn/SourcePackages/checkouts/xctest-dynamic-overlay/Sources/IssueReporting/IssueReporter.swift /Users/rogerlin/Library/Developer/Xcode/DerivedData/FinancialCalculatorKit-ackorybalcxbfocbkqsfdzcfkgmn/SourcePackages/checkouts/xctest-dynamic-overlay/Sources/IssueReporting/IssueReporters/BreakpointReporter.swift /Users/rogerlin/Library/Developer/Xcode/DerivedData/FinancialCalculatorKit-ackorybalcxbfocbkqsfdzcfkgmn/SourcePackages/checkouts/xctest-dynamic-overlay/Sources/IssueReporting/IssueReporters/FatalErrorReporter.swift /Users/rogerlin/Library/Developer/Xcode/DerivedData/FinancialCalculatorKit-ackorybalcxbfocbkqsfdzcfkgmn/SourcePackages/checkouts/xctest-dynamic-overlay/Sources/IssueReporting/IssueReporters/RuntimeWarningReporter.swift /Users/rogerlin/Library/Developer/Xcode/DerivedData/FinancialCalculatorKit-ackorybalcxbfocbkqsfdzcfkgmn/SourcePackages/checkouts/xctest-dynamic-overlay/Sources/IssueReporting/ReportIssue.swift /Users/rogerlin/Library/Developer/Xcode/DerivedData/FinancialCalculatorKit-ackorybalcxbfocbkqsfdzcfkgmn/SourcePackages/checkouts/xctest-dynamic-overlay/Sources/IssueReporting/TestContext.swift /Users/rogerlin/Library/Developer/Xcode/DerivedData/FinancialCalculatorKit-ackorybalcxbfocbkqsfdzcfkgmn/SourcePackages/checkouts/xctest-dynamic-overlay/Sources/IssueReporting/Unimplemented.swift /Users/rogerlin/Library/Developer/Xcode/DerivedData/FinancialCalculatorKit-ackorybalcxbfocbkqsfdzcfkgmn/SourcePackages/checkouts/xctest-dynamic-overlay/Sources/IssueReporting/WithExpectedIssue.swift /Users/rogerlin/Library/Developer/Xcode/DerivedData/FinancialCalculatorKit-ackorybalcxbfocbkqsfdzcfkgmn/SourcePackages/checkouts/xctest-dynamic-overlay/Sources/IssueReporting/WithIssueContext.swift -emit-dependencies-path /Users/rogerlin/Library/Developer/Xcode/DerivedData/FinancialCalculatorKit-ackorybalcxbfocbkqsfdzcfkgmn/Build/Intermediates.noindex/xctest-dynamic-overlay.build/Debug/IssueReporting.build/Objects-normal/arm64/XCTest.d -emit-const-values-path /Users/rogerlin/Library/Developer/Xcode/DerivedData/FinancialCalculatorKit-ackorybalcxbfocbkqsfdzcfkgmn/Build/Intermediates.noindex/xctest-dynamic-overlay.build/Debug/IssueReporting.build/Objects-normal/arm64/XCTest.swiftconstvalues -emit-reference-dependencies-path /Users/rogerlin/Library/Developer/Xcode/DerivedData/FinancialCalculatorKit-ackorybalcxbfocbkqsfdzcfkgmn/Build/Intermediates.noindex/xctest-dynamic-overlay.build/Debug/IssueReporting.build/Objects-normal/arm64/XCTest.swiftdeps -serialize-diagnostics-path /Users/rogerlin/Library/Developer/Xcode/DerivedData/FinancialCalculatorKit-ackorybalcxbfocbkqsfdzcfkgmn/Build/Intermediates.noindex/xctest-dynamic-overlay.build/Debug/IssueReporting.build/Objects-normal/arm64/XCTest.dia -target arm64-apple-macos10.15 -module-can-import-version Darwin 347.40.2 0 -module-can-import-version os 1076.40.2 0 -load-resolved-plugin /Applications/Xcode.app/Contents/Developer/Platforms/MacOSX.platform/Developer/usr/lib/swift/host/plugins/libFoundationMacros.dylib\#/Applications/Xcode.app/Contents/Developer/Platforms/MacOSX.platform/Developer/usr/bin/swift-plugin-server\#FoundationMacros -load-resolved-plugin /Applications/Xcode.app/Contents/Developer/Platforms/MacOSX.platform/Developer/usr/lib/swift/host/plugins/libObservationMacros.dylib\#/Applications/Xcode.app/Contents/Developer/Platforms/MacOSX.platform/Developer/usr/bin/swift-plugin-server\#ObservationMacros -load-resolved-plugin /Applications/Xcode.app/Contents/Developer/Platforms/MacOSX.platform/Developer/usr/lib/swift/host/plugins/libSwiftMacros.dylib\#/Applications/Xcode.app/Contents/Developer/Platforms/MacOSX.platform/Developer/usr/bin/swift-plugin-server\#SwiftMacros -disable-implicit-swift-modules -Xcc -fno-implicit-modules -Xcc -fno-implicit-module-maps -explicit-swift-module-map-file /Users/rogerlin/Library/Developer/Xcode/DerivedData/FinancialCalculatorKit-ackorybalcxbfocbkqsfdzcfkgmn/Build/Intermediates.noindex/xctest-dynamic-overlay.build/Debug/IssueReporting.build/Objects-normal/arm64/IssueReporting-dependencies-1.json -Xllvm -aarch64-use-tbi -enable-objc-interop -stack-check -sdk /Applications/Xcode.app/Contents/Developer/Platforms/MacOSX.platform/Developer/SDKs/MacOSX26.1.sdk -I /Users/rogerlin/Library/Developer/Xcode/DerivedData/FinancialCalculatorKit-ackorybalcxbfocbkqsfdzcfkgmn/Build/Products/Debug -Isystem /Applications/Xcode.app/Contents/Developer/Platforms/MacOSX.platform/Developer/usr/lib -F /Users/rogerlin/Library/Developer/Xcode/DerivedData/FinancialCalculatorKit-ackorybalcxbfocbkqsfdzcfkgmn/Build/Products/Debug -F /Applications/Xcode.app/Contents/Developer/Platforms/MacOSX.platform/Developer/Library/Frameworks -no-color-diagnostics -Xcc -fno-color-diagnostics -enable-testing -g -debug-info-format\=dwarf -dwarf-version\=4 -module-cache-path /Users/rogerlin/Library/Developer/Xcode/DerivedData/FinancialCalculatorKit-ackorybalcxbfocbkqsfdzcfkgmn/Build/Intermediates.noindex/SwiftExplicitPrecompiledModules -suppress-warnings -profile-generate -profile-coverage-mapping -swift-version 6 -enforce-exclusivity\=checked -Onone -D SWIFT_PACKAGE -D DEBUG -D SWIFT_MODULE_RESOURCE_BUNDLE_UNAVAILABLE -D Xcode -serialize-debugging-options -const-gather-protocols-file /Users/rogerlin/Library/Developer/Xcode/DerivedData/FinancialCalculatorKit-ackorybalcxbfocbkqsfdzcfkgmn/Build/Intermediates.noindex/xctest-dynamic-overlay.build/Debug/IssueReporting.build/Objects-normal/arm64/IssueReporting_const_extract_protocols.json -enable-experimental-feature DebugDescriptionMacro -empty-abi-descriptor -user-module-version 1.5.2 -validate-clang-modules-once -clang-build-session-file /Users/rogerlin/Library/Developer/Xcode/DerivedData/ModuleCache.noindex/Session.modulevalidation -Xcc -working-directory -Xcc /Users/rogerlin/XCode-Projects/FinancialCalculatorKit-5.0-updated-accent-colors/FinancialCalculatorKit.xcodeproj -enable-anonymous-context-mangled-names -file-compilation-dir /Users/rogerlin/XCode-Projects/FinancialCalculatorKit-5.0-updated-accent-colors/FinancialCalculatorKit.xcodeproj -Xcc -D_LIBCPP_HARDENING_MODE\=_LIBCPP_HARDENING_MODE_DEBUG -Xcc -ivfsstatcache -Xcc /Users/rogerlin/Library/Developer/Xcode/DerivedData/SDKStatCaches.noindex/macosx26.1-25B74-3ae1261907bdadc328169391a47051a6.sdkstatcache -Xcc -I/Users/rogerlin/Library/Developer/Xcode/DerivedData/FinancialCalculatorKit-ackorybalcxbfocbkqsfdzcfkgmn/Build/Intermediates.noindex/xctest-dynamic-overlay.build/Debug/IssueReporting.build/swift-overrides.hmap -Xcc -I/Users/rogerlin/Library/Developer/Xcode/DerivedData/FinancialCalculatorKit-ackorybalcxbfocbkqsfdzcfkgmn/Build/Products/Debug/include -Xcc -I/Users/rogerlin/Library/Developer/Xcode/DerivedData/FinancialCalculatorKit-ackorybalcxbfocbkqsfdzcfkgmn/Build/Intermediates.noindex/xctest-dynamic-overlay.build/Debug/IssueReporting.build/DerivedSources-normal/arm64 -Xcc -I/Users/rogerlin/Library/Developer/Xcode/DerivedData/FinancialCalculatorKit-ackorybalcxbfocbkqsfdzcfkgmn/Build/Intermediates.noindex/xctest-dynamic-overlay.build/Debug/IssueReporting.build/DerivedSources/arm64 -Xcc -I/Users/rogerlin/Library/Developer/Xcode/DerivedData/FinancialCalculatorKit-ackorybalcxbfocbkqsfdzcfkgmn/Build/Intermediates.noindex/xctest-dynamic-overlay.build/Debug/IssueReporting.build/DerivedSources -Xcc -DSWIFT_PACKAGE -Xcc -DDEBUG\=1 -no-auto-bridging-header-chaining -module-name IssueReporting -package-name xctest_dynamic_overlay -frontend-parseable-output -disable-clang-spi -target-sdk-version 26.1 -target-sdk-name macosx26.1 -clang-target arm64-apple-macos26.1 -in-process-plugin-server-path /Applications/Xcode.app/Contents/Developer/Toolchains/XcodeDefault.xctoolchain/usr/lib/swift/host/libSwiftInProcPluginServer.dylib -o /Users/rogerlin/Library/Developer/Xcode/DerivedData/FinancialCalculatorKit-ackorybalcxbfocbkqsfdzcfkgmn/Build/Intermediates.noindex/xctest-dynamic-overlay.build/Debug/IssueReporting.build/Objects-normal/arm64/XCTest.o -index-unit-output-path /xctest-dynamic-overlay.build/Debug/IssueReporting.build/Objects-normal/arm64/XCTest.o -index-store-path /Users/rogerlin/Library/Developer/Xcode/DerivedData/FinancialCalculatorKit-ackorybalcxbfocbkqsfdzcfkgmn/Index.noindex/DataStore -index-system-modules

SwiftCompile normal arm64 /Users/rogerlin/Library/Developer/Xcode/DerivedData/FinancialCalculatorKit-ackorybalcxbfocbkqsfdzcfkgmn/SourcePackages/checkouts/xctest-dynamic-overlay/Sources/IssueReporting/Internal/XCTest.swift (in target 'IssueReporting' from project 'xctest-dynamic-overlay')
    cd /Users/rogerlin/XCode-Projects/FinancialCalculatorKit-5.0-updated-accent-colors/FinancialCalculatorKit.xcodeproj
    

SwiftDriverJobDiscovery normal arm64 Compiling Function.swift, MathJaxError.swift, PackageLock.swift (in target 'MathJaxSwift' from project 'MathJaxSwift')

SwiftCompile normal arm64 Compiling\ ErrorReporting.swift,\ AppHostWarning.swift /Users/rogerlin/Library/Developer/Xcode/DerivedData/FinancialCalculatorKit-ackorybalcxbfocbkqsfdzcfkgmn/SourcePackages/checkouts/xctest-dynamic-overlay/Sources/IssueReporting/ErrorReporting.swift /Users/rogerlin/Library/Developer/Xcode/DerivedData/FinancialCalculatorKit-ackorybalcxbfocbkqsfdzcfkgmn/SourcePackages/checkouts/xctest-dynamic-overlay/Sources/IssueReporting/Internal/AppHostWarning.swift (in target 'IssueReporting' from project 'xctest-dynamic-overlay')
/Applications/Xcode.app/Contents/Developer/Toolchains/XcodeDefault.xctoolchain/usr/bin/swift-frontend -frontend -c -primary-file /Users/rogerlin/Library/Developer/Xcode/DerivedData/FinancialCalculatorKit-ackorybalcxbfocbkqsfdzcfkgmn/SourcePackages/checkouts/xctest-dynamic-overlay/Sources/IssueReporting/ErrorReporting.swift -primary-file /Users/rogerlin/Library/Developer/Xcode/DerivedData/FinancialCalculatorKit-ackorybalcxbfocbkqsfdzcfkgmn/SourcePackages/checkouts/xctest-dynamic-overlay/Sources/IssueReporting/Internal/AppHostWarning.swift /Users/rogerlin/Library/Developer/Xcode/DerivedData/FinancialCalculatorKit-ackorybalcxbfocbkqsfdzcfkgmn/SourcePackages/checkouts/xctest-dynamic-overlay/Sources/IssueReporting/Internal/Deprecations.swift /Users/rogerlin/Library/Developer/Xcode/DerivedData/FinancialCalculatorKit-ackorybalcxbfocbkqsfdzcfkgmn/SourcePackages/checkouts/xctest-dynamic-overlay/Sources/IssueReporting/Internal/FailureObserver.swift /Users/rogerlin/Library/Developer/Xcode/DerivedData/FinancialCalculatorKit-ackorybalcxbfocbkqsfdzcfkgmn/SourcePackages/checkouts/xctest-dynamic-overlay/Sources/IssueReporting/Internal/LockIsolated.swift /Users/rogerlin/Library/Developer/Xcode/DerivedData/FinancialCalculatorKit-ackorybalcxbfocbkqsfdzcfkgmn/SourcePackages/checkouts/xctest-dynamic-overlay/Sources/IssueReporting/Internal/Rethrows.swift /Users/rogerlin/Library/Developer/Xcode/DerivedData/FinancialCalculatorKit-ackorybalcxbfocbkqsfdzcfkgmn/SourcePackages/checkouts/xctest-dynamic-overlay/Sources/IssueReporting/Internal/SwiftTesting.swift /Users/rogerlin/Library/Developer/Xcode/DerivedData/FinancialCalculatorKit-ackorybalcxbfocbkqsfdzcfkgmn/SourcePackages/checkouts/xctest-dynamic-overlay/Sources/IssueReporting/Internal/UncheckedSendable.swift /Users/rogerlin/Library/Developer/Xcode/DerivedData/FinancialCalculatorKit-ackorybalcxbfocbkqsfdzcfkgmn/SourcePackages/checkouts/xctest-dynamic-overlay/Sources/IssueReporting/Internal/Warn.swift /Users/rogerlin/Library/Developer/Xcode/DerivedData/FinancialCalculatorKit-ackorybalcxbfocbkqsfdzcfkgmn/SourcePackages/checkouts/xctest-dynamic-overlay/Sources/IssueReporting/Internal/XCTest.swift /Users/rogerlin/Library/Developer/Xcode/DerivedData/FinancialCalculatorKit-ackorybalcxbfocbkqsfdzcfkgmn/SourcePackages/checkouts/xctest-dynamic-overlay/Sources/IssueReporting/IsTesting.swift /Users/rogerlin/Library/Developer/Xcode/DerivedData/FinancialCalculatorKit-ackorybalcxbfocbkqsfdzcfkgmn/SourcePackages/checkouts/xctest-dynamic-overlay/Sources/IssueReporting/IssueReporter.swift /Users/rogerlin/Library/Developer/Xcode/DerivedData/FinancialCalculatorKit-ackorybalcxbfocbkqsfdzcfkgmn/SourcePackages/checkouts/xctest-dynamic-overlay/Sources/IssueReporting/IssueReporters/BreakpointReporter.swift /Users/rogerlin/Library/Developer/Xcode/DerivedData/FinancialCalculatorKit-ackorybalcxbfocbkqsfdzcfkgmn/SourcePackages/checkouts/xctest-dynamic-overlay/Sources/IssueReporting/IssueReporters/FatalErrorReporter.swift /Users/rogerlin/Library/Developer/Xcode/DerivedData/FinancialCalculatorKit-ackorybalcxbfocbkqsfdzcfkgmn/SourcePackages/checkouts/xctest-dynamic-overlay/Sources/IssueReporting/IssueReporters/RuntimeWarningReporter.swift /Users/rogerlin/Library/Developer/Xcode/DerivedData/FinancialCalculatorKit-ackorybalcxbfocbkqsfdzcfkgmn/SourcePackages/checkouts/xctest-dynamic-overlay/Sources/IssueReporting/ReportIssue.swift /Users/rogerlin/Library/Developer/Xcode/DerivedData/FinancialCalculatorKit-ackorybalcxbfocbkqsfdzcfkgmn/SourcePackages/checkouts/xctest-dynamic-overlay/Sources/IssueReporting/TestContext.swift /Users/rogerlin/Library/Developer/Xcode/DerivedData/FinancialCalculatorKit-ackorybalcxbfocbkqsfdzcfkgmn/SourcePackages/checkouts/xctest-dynamic-overlay/Sources/IssueReporting/Unimplemented.swift /Users/rogerlin/Library/Developer/Xcode/DerivedData/FinancialCalculatorKit-ackorybalcxbfocbkqsfdzcfkgmn/SourcePackages/checkouts/xctest-dynamic-overlay/Sources/IssueReporting/WithExpectedIssue.swift /Users/rogerlin/Library/Developer/Xcode/DerivedData/FinancialCalculatorKit-ackorybalcxbfocbkqsfdzcfkgmn/SourcePackages/checkouts/xctest-dynamic-overlay/Sources/IssueReporting/WithIssueContext.swift -emit-dependencies-path /Users/rogerlin/Library/Developer/Xcode/DerivedData/FinancialCalculatorKit-ackorybalcxbfocbkqsfdzcfkgmn/Build/Intermediates.noindex/xctest-dynamic-overlay.build/Debug/IssueReporting.build/Objects-normal/arm64/ErrorReporting.d -emit-const-values-path /Users/rogerlin/Library/Developer/Xcode/DerivedData/FinancialCalculatorKit-ackorybalcxbfocbkqsfdzcfkgmn/Build/Intermediates.noindex/xctest-dynamic-overlay.build/Debug/IssueReporting.build/Objects-normal/arm64/ErrorReporting.swiftconstvalues -emit-reference-dependencies-path /Users/rogerlin/Library/Developer/Xcode/DerivedData/FinancialCalculatorKit-ackorybalcxbfocbkqsfdzcfkgmn/Build/Intermediates.noindex/xctest-dynamic-overlay.build/Debug/IssueReporting.build/Objects-normal/arm64/ErrorReporting.swiftdeps -serialize-diagnostics-path /Users/rogerlin/Library/Developer/Xcode/DerivedData/FinancialCalculatorKit-ackorybalcxbfocbkqsfdzcfkgmn/Build/Intermediates.noindex/xctest-dynamic-overlay.build/Debug/IssueReporting.build/Objects-normal/arm64/ErrorReporting.dia -emit-dependencies-path /Users/rogerlin/Library/Developer/Xcode/DerivedData/FinancialCalculatorKit-ackorybalcxbfocbkqsfdzcfkgmn/Build/Intermediates.noindex/xctest-dynamic-overlay.build/Debug/IssueReporting.build/Objects-normal/arm64/AppHostWarning.d -emit-const-values-path /Users/rogerlin/Library/Developer/Xcode/DerivedData/FinancialCalculatorKit-ackorybalcxbfocbkqsfdzcfkgmn/Build/Intermediates.noindex/xctest-dynamic-overlay.build/Debug/IssueReporting.build/Objects-normal/arm64/AppHostWarning.swiftconstvalues -emit-reference-dependencies-path /Users/rogerlin/Library/Developer/Xcode/DerivedData/FinancialCalculatorKit-ackorybalcxbfocbkqsfdzcfkgmn/Build/Intermediates.noindex/xctest-dynamic-overlay.build/Debug/IssueReporting.build/Objects-normal/arm64/AppHostWarning.swiftdeps -serialize-diagnostics-path /Users/rogerlin/Library/Developer/Xcode/DerivedData/FinancialCalculatorKit-ackorybalcxbfocbkqsfdzcfkgmn/Build/Intermediates.noindex/xctest-dynamic-overlay.build/Debug/IssueReporting.build/Objects-normal/arm64/AppHostWarning.dia -target arm64-apple-macos10.15 -module-can-import-version Darwin 347.40.2 0 -module-can-import-version os 1076.40.2 0 -load-resolved-plugin /Applications/Xcode.app/Contents/Developer/Platforms/MacOSX.platform/Developer/usr/lib/swift/host/plugins/libFoundationMacros.dylib\#/Applications/Xcode.app/Contents/Developer/Platforms/MacOSX.platform/Developer/usr/bin/swift-plugin-server\#FoundationMacros -load-resolved-plugin /Applications/Xcode.app/Contents/Developer/Platforms/MacOSX.platform/Developer/usr/lib/swift/host/plugins/libObservationMacros.dylib\#/Applications/Xcode.app/Contents/Developer/Platforms/MacOSX.platform/Developer/usr/bin/swift-plugin-server\#ObservationMacros -load-resolved-plugin /Applications/Xcode.app/Contents/Developer/Platforms/MacOSX.platform/Developer/usr/lib/swift/host/plugins/libSwiftMacros.dylib\#/Applications/Xcode.app/Contents/Developer/Platforms/MacOSX.platform/Developer/usr/bin/swift-plugin-server\#SwiftMacros -disable-implicit-swift-modules -Xcc -fno-implicit-modules -Xcc -fno-implicit-module-maps -explicit-swift-module-map-file /Users/rogerlin/Library/Developer/Xcode/DerivedData/FinancialCalculatorKit-ackorybalcxbfocbkqsfdzcfkgmn/Build/Intermediates.noindex/xctest-dynamic-overlay.build/Debug/IssueReporting.build/Objects-normal/arm64/IssueReporting-dependencies-1.json -Xllvm -aarch64-use-tbi -enable-objc-interop -stack-check -sdk /Applications/Xcode.app/Contents/Developer/Platforms/MacOSX.platform/Developer/SDKs/MacOSX26.1.sdk -I /Users/rogerlin/Library/Developer/Xcode/DerivedData/FinancialCalculatorKit-ackorybalcxbfocbkqsfdzcfkgmn/Build/Products/Debug -Isystem /Applications/Xcode.app/Contents/Developer/Platforms/MacOSX.platform/Developer/usr/lib -F /Users/rogerlin/Library/Developer/Xcode/DerivedData/FinancialCalculatorKit-ackorybalcxbfocbkqsfdzcfkgmn/Build/Products/Debug -F /Applications/Xcode.app/Contents/Developer/Platforms/MacOSX.platform/Developer/Library/Frameworks -no-color-diagnostics -Xcc -fno-color-diagnostics -enable-testing -g -debug-info-format\=dwarf -dwarf-version\=4 -module-cache-path /Users/rogerlin/Library/Developer/Xcode/DerivedData/FinancialCalculatorKit-ackorybalcxbfocbkqsfdzcfkgmn/Build/Intermediates.noindex/SwiftExplicitPrecompiledModules -suppress-warnings -profile-generate -profile-coverage-mapping -swift-version 6 -enforce-exclusivity\=checked -Onone -D SWIFT_PACKAGE -D DEBUG -D SWIFT_MODULE_RESOURCE_BUNDLE_UNAVAILABLE -D Xcode -serialize-debugging-options -const-gather-protocols-file /Users/rogerlin/Library/Developer/Xcode/DerivedData/FinancialCalculatorKit-ackorybalcxbfocbkqsfdzcfkgmn/Build/Intermediates.noindex/xctest-dynamic-overlay.build/Debug/IssueReporting.build/Objects-normal/arm64/IssueReporting_const_extract_protocols.json -enable-experimental-feature DebugDescriptionMacro -empty-abi-descriptor -user-module-version 1.5.2 -validate-clang-modules-once -clang-build-session-file /Users/rogerlin/Library/Developer/Xcode/DerivedData/ModuleCache.noindex/Session.modulevalidation -Xcc -working-directory -Xcc /Users/rogerlin/XCode-Projects/FinancialCalculatorKit-5.0-updated-accent-colors/FinancialCalculatorKit.xcodeproj -enable-anonymous-context-mangled-names -file-compilation-dir /Users/rogerlin/XCode-Projects/FinancialCalculatorKit-5.0-updated-accent-colors/FinancialCalculatorKit.xcodeproj -Xcc -D_LIBCPP_HARDENING_MODE\=_LIBCPP_HARDENING_MODE_DEBUG -Xcc -ivfsstatcache -Xcc /Users/rogerlin/Library/Developer/Xcode/DerivedData/SDKStatCaches.noindex/macosx26.1-25B74-3ae1261907bdadc328169391a47051a6.sdkstatcache -Xcc -I/Users/rogerlin/Library/Developer/Xcode/DerivedData/FinancialCalculatorKit-ackorybalcxbfocbkqsfdzcfkgmn/Build/Intermediates.noindex/xctest-dynamic-overlay.build/Debug/IssueReporting.build/swift-overrides.hmap -Xcc -I/Users/rogerlin/Library/Developer/Xcode/DerivedData/FinancialCalculatorKit-ackorybalcxbfocbkqsfdzcfkgmn/Build/Products/Debug/include -Xcc -I/Users/rogerlin/Library/Developer/Xcode/DerivedData/FinancialCalculatorKit-ackorybalcxbfocbkqsfdzcfkgmn/Build/Intermediates.noindex/xctest-dynamic-overlay.build/Debug/IssueReporting.build/DerivedSources-normal/arm64 -Xcc -I/Users/rogerlin/Library/Developer/Xcode/DerivedData/FinancialCalculatorKit-ackorybalcxbfocbkqsfdzcfkgmn/Build/Intermediates.noindex/xctest-dynamic-overlay.build/Debug/IssueReporting.build/DerivedSources/arm64 -Xcc -I/Users/rogerlin/Library/Developer/Xcode/DerivedData/FinancialCalculatorKit-ackorybalcxbfocbkqsfdzcfkgmn/Build/Intermediates.noindex/xctest-dynamic-overlay.build/Debug/IssueReporting.build/DerivedSources -Xcc -DSWIFT_PACKAGE -Xcc -DDEBUG\=1 -no-auto-bridging-header-chaining -module-name IssueReporting -package-name xctest_dynamic_overlay -frontend-parseable-output -disable-clang-spi -target-sdk-version 26.1 -target-sdk-name macosx26.1 -clang-target arm64-apple-macos26.1 -in-process-plugin-server-path /Applications/Xcode.app/Contents/Developer/Toolchains/XcodeDefault.xctoolchain/usr/lib/swift/host/libSwiftInProcPluginServer.dylib -o /Users/rogerlin/Library/Developer/Xcode/DerivedData/FinancialCalculatorKit-ackorybalcxbfocbkqsfdzcfkgmn/Build/Intermediates.noindex/xctest-dynamic-overlay.build/Debug/IssueReporting.build/Objects-normal/arm64/ErrorReporting.o -o /Users/rogerlin/Library/Developer/Xcode/DerivedData/FinancialCalculatorKit-ackorybalcxbfocbkqsfdzcfkgmn/Build/Intermediates.noindex/xctest-dynamic-overlay.build/Debug/IssueReporting.build/Objects-normal/arm64/AppHostWarning.o -index-unit-output-path /xctest-dynamic-overlay.build/Debug/IssueReporting.build/Objects-normal/arm64/ErrorReporting.o -index-unit-output-path /xctest-dynamic-overlay.build/Debug/IssueReporting.build/Objects-normal/arm64/AppHostWarning.o -index-store-path /Users/rogerlin/Library/Developer/Xcode/DerivedData/FinancialCalculatorKit-ackorybalcxbfocbkqsfdzcfkgmn/Index.noindex/DataStore -index-system-modules

SwiftCompile normal arm64 /Users/rogerlin/Library/Developer/Xcode/DerivedData/FinancialCalculatorKit-ackorybalcxbfocbkqsfdzcfkgmn/SourcePackages/checkouts/xctest-dynamic-overlay/Sources/IssueReporting/ErrorReporting.swift (in target 'IssueReporting' from project 'xctest-dynamic-overlay')
    cd /Users/rogerlin/XCode-Projects/FinancialCalculatorKit-5.0-updated-accent-colors/FinancialCalculatorKit.xcodeproj
    

SwiftCompile normal arm64 /Users/rogerlin/Library/Developer/Xcode/DerivedData/FinancialCalculatorKit-ackorybalcxbfocbkqsfdzcfkgmn/SourcePackages/checkouts/xctest-dynamic-overlay/Sources/IssueReporting/Internal/AppHostWarning.swift (in target 'IssueReporting' from project 'xctest-dynamic-overlay')
    cd /Users/rogerlin/XCode-Projects/FinancialCalculatorKit-5.0-updated-accent-colors/FinancialCalculatorKit.xcodeproj
    

SwiftCompile normal arm64 Compiling\ Warn.swift /Users/rogerlin/Library/Developer/Xcode/DerivedData/FinancialCalculatorKit-ackorybalcxbfocbkqsfdzcfkgmn/SourcePackages/checkouts/xctest-dynamic-overlay/Sources/IssueReporting/Internal/Warn.swift (in target 'IssueReporting' from project 'xctest-dynamic-overlay')
/Applications/Xcode.app/Contents/Developer/Toolchains/XcodeDefault.xctoolchain/usr/bin/swift-frontend -frontend -c /Users/rogerlin/Library/Developer/Xcode/DerivedData/FinancialCalculatorKit-ackorybalcxbfocbkqsfdzcfkgmn/SourcePackages/checkouts/xctest-dynamic-overlay/Sources/IssueReporting/ErrorReporting.swift /Users/rogerlin/Library/Developer/Xcode/DerivedData/FinancialCalculatorKit-ackorybalcxbfocbkqsfdzcfkgmn/SourcePackages/checkouts/xctest-dynamic-overlay/Sources/IssueReporting/Internal/AppHostWarning.swift /Users/rogerlin/Library/Developer/Xcode/DerivedData/FinancialCalculatorKit-ackorybalcxbfocbkqsfdzcfkgmn/SourcePackages/checkouts/xctest-dynamic-overlay/Sources/IssueReporting/Internal/Deprecations.swift /Users/rogerlin/Library/Developer/Xcode/DerivedData/FinancialCalculatorKit-ackorybalcxbfocbkqsfdzcfkgmn/SourcePackages/checkouts/xctest-dynamic-overlay/Sources/IssueReporting/Internal/FailureObserver.swift /Users/rogerlin/Library/Developer/Xcode/DerivedData/FinancialCalculatorKit-ackorybalcxbfocbkqsfdzcfkgmn/SourcePackages/checkouts/xctest-dynamic-overlay/Sources/IssueReporting/Internal/LockIsolated.swift /Users/rogerlin/Library/Developer/Xcode/DerivedData/FinancialCalculatorKit-ackorybalcxbfocbkqsfdzcfkgmn/SourcePackages/checkouts/xctest-dynamic-overlay/Sources/IssueReporting/Internal/Rethrows.swift /Users/rogerlin/Library/Developer/Xcode/DerivedData/FinancialCalculatorKit-ackorybalcxbfocbkqsfdzcfkgmn/SourcePackages/checkouts/xctest-dynamic-overlay/Sources/IssueReporting/Internal/SwiftTesting.swift /Users/rogerlin/Library/Developer/Xcode/DerivedData/FinancialCalculatorKit-ackorybalcxbfocbkqsfdzcfkgmn/SourcePackages/checkouts/xctest-dynamic-overlay/Sources/IssueReporting/Internal/UncheckedSendable.swift -primary-file /Users/rogerlin/Library/Developer/Xcode/DerivedData/FinancialCalculatorKit-ackorybalcxbfocbkqsfdzcfkgmn/SourcePackages/checkouts/xctest-dynamic-overlay/Sources/IssueReporting/Internal/Warn.swift /Users/rogerlin/Library/Developer/Xcode/DerivedData/FinancialCalculatorKit-ackorybalcxbfocbkqsfdzcfkgmn/SourcePackages/checkouts/xctest-dynamic-overlay/Sources/IssueReporting/Internal/XCTest.swift /Users/rogerlin/Library/Developer/Xcode/DerivedData/FinancialCalculatorKit-ackorybalcxbfocbkqsfdzcfkgmn/SourcePackages/checkouts/xctest-dynamic-overlay/Sources/IssueReporting/IsTesting.swift /Users/rogerlin/Library/Developer/Xcode/DerivedData/FinancialCalculatorKit-ackorybalcxbfocbkqsfdzcfkgmn/SourcePackages/checkouts/xctest-dynamic-overlay/Sources/IssueReporting/IssueReporter.swift /Users/rogerlin/Library/Developer/Xcode/DerivedData/FinancialCalculatorKit-ackorybalcxbfocbkqsfdzcfkgmn/SourcePackages/checkouts/xctest-dynamic-overlay/Sources/IssueReporting/IssueReporters/BreakpointReporter.swift /Users/rogerlin/Library/Developer/Xcode/DerivedData/FinancialCalculatorKit-ackorybalcxbfocbkqsfdzcfkgmn/SourcePackages/checkouts/xctest-dynamic-overlay/Sources/IssueReporting/IssueReporters/FatalErrorReporter.swift /Users/rogerlin/Library/Developer/Xcode/DerivedData/FinancialCalculatorKit-ackorybalcxbfocbkqsfdzcfkgmn/SourcePackages/checkouts/xctest-dynamic-overlay/Sources/IssueReporting/IssueReporters/RuntimeWarningReporter.swift /Users/rogerlin/Library/Developer/Xcode/DerivedData/FinancialCalculatorKit-ackorybalcxbfocbkqsfdzcfkgmn/SourcePackages/checkouts/xctest-dynamic-overlay/Sources/IssueReporting/ReportIssue.swift /Users/rogerlin/Library/Developer/Xcode/DerivedData/FinancialCalculatorKit-ackorybalcxbfocbkqsfdzcfkgmn/SourcePackages/checkouts/xctest-dynamic-overlay/Sources/IssueReporting/TestContext.swift /Users/rogerlin/Library/Developer/Xcode/DerivedData/FinancialCalculatorKit-ackorybalcxbfocbkqsfdzcfkgmn/SourcePackages/checkouts/xctest-dynamic-overlay/Sources/IssueReporting/Unimplemented.swift /Users/rogerlin/Library/Developer/Xcode/DerivedData/FinancialCalculatorKit-ackorybalcxbfocbkqsfdzcfkgmn/SourcePackages/checkouts/xctest-dynamic-overlay/Sources/IssueReporting/WithExpectedIssue.swift /Users/rogerlin/Library/Developer/Xcode/DerivedData/FinancialCalculatorKit-ackorybalcxbfocbkqsfdzcfkgmn/SourcePackages/checkouts/xctest-dynamic-overlay/Sources/IssueReporting/WithIssueContext.swift -emit-dependencies-path /Users/rogerlin/Library/Developer/Xcode/DerivedData/FinancialCalculatorKit-ackorybalcxbfocbkqsfdzcfkgmn/Build/Intermediates.noindex/xctest-dynamic-overlay.build/Debug/IssueReporting.build/Objects-normal/arm64/Warn.d -emit-const-values-path /Users/rogerlin/Library/Developer/Xcode/DerivedData/FinancialCalculatorKit-ackorybalcxbfocbkqsfdzcfkgmn/Build/Intermediates.noindex/xctest-dynamic-overlay.build/Debug/IssueReporting.build/Objects-normal/arm64/Warn.swiftconstvalues -emit-reference-dependencies-path /Users/rogerlin/Library/Developer/Xcode/DerivedData/FinancialCalculatorKit-ackorybalcxbfocbkqsfdzcfkgmn/Build/Intermediates.noindex/xctest-dynamic-overlay.build/Debug/IssueReporting.build/Objects-normal/arm64/Warn.swiftdeps -serialize-diagnostics-path /Users/rogerlin/Library/Developer/Xcode/DerivedData/FinancialCalculatorKit-ackorybalcxbfocbkqsfdzcfkgmn/Build/Intermediates.noindex/xctest-dynamic-overlay.build/Debug/IssueReporting.build/Objects-normal/arm64/Warn.dia -target arm64-apple-macos10.15 -module-can-import-version Darwin 347.40.2 0 -module-can-import-version os 1076.40.2 0 -load-resolved-plugin /Applications/Xcode.app/Contents/Developer/Platforms/MacOSX.platform/Developer/usr/lib/swift/host/plugins/libFoundationMacros.dylib\#/Applications/Xcode.app/Contents/Developer/Platforms/MacOSX.platform/Developer/usr/bin/swift-plugin-server\#FoundationMacros -load-resolved-plugin /Applications/Xcode.app/Contents/Developer/Platforms/MacOSX.platform/Developer/usr/lib/swift/host/plugins/libObservationMacros.dylib\#/Applications/Xcode.app/Contents/Developer/Platforms/MacOSX.platform/Developer/usr/bin/swift-plugin-server\#ObservationMacros -load-resolved-plugin /Applications/Xcode.app/Contents/Developer/Platforms/MacOSX.platform/Developer/usr/lib/swift/host/plugins/libSwiftMacros.dylib\#/Applications/Xcode.app/Contents/Developer/Platforms/MacOSX.platform/Developer/usr/bin/swift-plugin-server\#SwiftMacros -disable-implicit-swift-modules -Xcc -fno-implicit-modules -Xcc -fno-implicit-module-maps -explicit-swift-module-map-file /Users/rogerlin/Library/Developer/Xcode/DerivedData/FinancialCalculatorKit-ackorybalcxbfocbkqsfdzcfkgmn/Build/Intermediates.noindex/xctest-dynamic-overlay.build/Debug/IssueReporting.build/Objects-normal/arm64/IssueReporting-dependencies-1.json -Xllvm -aarch64-use-tbi -enable-objc-interop -stack-check -sdk /Applications/Xcode.app/Contents/Developer/Platforms/MacOSX.platform/Developer/SDKs/MacOSX26.1.sdk -I /Users/rogerlin/Library/Developer/Xcode/DerivedData/FinancialCalculatorKit-ackorybalcxbfocbkqsfdzcfkgmn/Build/Products/Debug -Isystem /Applications/Xcode.app/Contents/Developer/Platforms/MacOSX.platform/Developer/usr/lib -F /Users/rogerlin/Library/Developer/Xcode/DerivedData/FinancialCalculatorKit-ackorybalcxbfocbkqsfdzcfkgmn/Build/Products/Debug -F /Applications/Xcode.app/Contents/Developer/Platforms/MacOSX.platform/Developer/Library/Frameworks -no-color-diagnostics -Xcc -fno-color-diagnostics -enable-testing -g -debug-info-format\=dwarf -dwarf-version\=4 -module-cache-path /Users/rogerlin/Library/Developer/Xcode/DerivedData/FinancialCalculatorKit-ackorybalcxbfocbkqsfdzcfkgmn/Build/Intermediates.noindex/SwiftExplicitPrecompiledModules -suppress-warnings -profile-generate -profile-coverage-mapping -swift-version 6 -enforce-exclusivity\=checked -Onone -D SWIFT_PACKAGE -D DEBUG -D SWIFT_MODULE_RESOURCE_BUNDLE_UNAVAILABLE -D Xcode -serialize-debugging-options -const-gather-protocols-file /Users/rogerlin/Library/Developer/Xcode/DerivedData/FinancialCalculatorKit-ackorybalcxbfocbkqsfdzcfkgmn/Build/Intermediates.noindex/xctest-dynamic-overlay.build/Debug/IssueReporting.build/Objects-normal/arm64/IssueReporting_const_extract_protocols.json -enable-experimental-feature DebugDescriptionMacro -empty-abi-descriptor -user-module-version 1.5.2 -validate-clang-modules-once -clang-build-session-file /Users/rogerlin/Library/Developer/Xcode/DerivedData/ModuleCache.noindex/Session.modulevalidation -Xcc -working-directory -Xcc /Users/rogerlin/XCode-Projects/FinancialCalculatorKit-5.0-updated-accent-colors/FinancialCalculatorKit.xcodeproj -enable-anonymous-context-mangled-names -file-compilation-dir /Users/rogerlin/XCode-Projects/FinancialCalculatorKit-5.0-updated-accent-colors/FinancialCalculatorKit.xcodeproj -Xcc -D_LIBCPP_HARDENING_MODE\=_LIBCPP_HARDENING_MODE_DEBUG -Xcc -ivfsstatcache -Xcc /Users/rogerlin/Library/Developer/Xcode/DerivedData/SDKStatCaches.noindex/macosx26.1-25B74-3ae1261907bdadc328169391a47051a6.sdkstatcache -Xcc -I/Users/rogerlin/Library/Developer/Xcode/DerivedData/FinancialCalculatorKit-ackorybalcxbfocbkqsfdzcfkgmn/Build/Intermediates.noindex/xctest-dynamic-overlay.build/Debug/IssueReporting.build/swift-overrides.hmap -Xcc -I/Users/rogerlin/Library/Developer/Xcode/DerivedData/FinancialCalculatorKit-ackorybalcxbfocbkqsfdzcfkgmn/Build/Products/Debug/include -Xcc -I/Users/rogerlin/Library/Developer/Xcode/DerivedData/FinancialCalculatorKit-ackorybalcxbfocbkqsfdzcfkgmn/Build/Intermediates.noindex/xctest-dynamic-overlay.build/Debug/IssueReporting.build/DerivedSources-normal/arm64 -Xcc -I/Users/rogerlin/Library/Developer/Xcode/DerivedData/FinancialCalculatorKit-ackorybalcxbfocbkqsfdzcfkgmn/Build/Intermediates.noindex/xctest-dynamic-overlay.build/Debug/IssueReporting.build/DerivedSources/arm64 -Xcc -I/Users/rogerlin/Library/Developer/Xcode/DerivedData/FinancialCalculatorKit-ackorybalcxbfocbkqsfdzcfkgmn/Build/Intermediates.noindex/xctest-dynamic-overlay.build/Debug/IssueReporting.build/DerivedSources -Xcc -DSWIFT_PACKAGE -Xcc -DDEBUG\=1 -no-auto-bridging-header-chaining -module-name IssueReporting -package-name xctest_dynamic_overlay -frontend-parseable-output -disable-clang-spi -target-sdk-version 26.1 -target-sdk-name macosx26.1 -clang-target arm64-apple-macos26.1 -in-process-plugin-server-path /Applications/Xcode.app/Contents/Developer/Toolchains/XcodeDefault.xctoolchain/usr/lib/swift/host/libSwiftInProcPluginServer.dylib -o /Users/rogerlin/Library/Developer/Xcode/DerivedData/FinancialCalculatorKit-ackorybalcxbfocbkqsfdzcfkgmn/Build/Intermediates.noindex/xctest-dynamic-overlay.build/Debug/IssueReporting.build/Objects-normal/arm64/Warn.o -index-unit-output-path /xctest-dynamic-overlay.build/Debug/IssueReporting.build/Objects-normal/arm64/Warn.o -index-store-path /Users/rogerlin/Library/Developer/Xcode/DerivedData/FinancialCalculatorKit-ackorybalcxbfocbkqsfdzcfkgmn/Index.noindex/DataStore -index-system-modules

SwiftCompile normal arm64 /Users/rogerlin/Library/Developer/Xcode/DerivedData/FinancialCalculatorKit-ackorybalcxbfocbkqsfdzcfkgmn/SourcePackages/checkouts/xctest-dynamic-overlay/Sources/IssueReporting/Internal/Warn.swift (in target 'IssueReporting' from project 'xctest-dynamic-overlay')
    cd /Users/rogerlin/XCode-Projects/FinancialCalculatorKit-5.0-updated-accent-colors/FinancialCalculatorKit.xcodeproj
    

SwiftDriverJobDiscovery normal arm64 Compiling Parser.XML.SVG.swift, Parser.XML.Scanner.swift (in target 'SwiftDrawDOM' from project 'SwiftDraw')

SwiftDriver\ Compilation SwiftDrawDOM normal arm64 com.apple.xcode.tools.swift.compiler (in target 'SwiftDrawDOM' from project 'SwiftDraw')
    cd /Users/rogerlin/XCode-Projects/FinancialCalculatorKit-5.0-updated-accent-colors/FinancialCalculatorKit.xcodeproj
    builtin-Swift-Compilation -- /Applications/Xcode.app/Contents/Developer/Toolchains/XcodeDefault.xctoolchain/usr/bin/swiftc -module-name SwiftDrawDOM -Onone -enforce-exclusivity\=checked @/Users/rogerlin/Library/Developer/Xcode/DerivedData/FinancialCalculatorKit-ackorybalcxbfocbkqsfdzcfkgmn/Build/Intermediates.noindex/SwiftDraw.build/Debug/SwiftDrawDOM.build/Objects-normal/arm64/SwiftDrawDOM.SwiftFileList -DSWIFT_PACKAGE -DDEBUG -DSWIFT_MODULE_RESOURCE_BUNDLE_UNAVAILABLE -DXcode -plugin-path /Applications/Xcode.app/Contents/Developer/Toolchains/XcodeDefault.xctoolchain/usr/lib/swift/host/plugins/testing -enable-experimental-feature DebugDescriptionMacro -sdk /Applications/Xcode.app/Contents/Developer/Platforms/MacOSX.platform/Developer/SDKs/MacOSX26.1.sdk -target arm64-apple-macos10.15 -g -module-cache-path /Users/rogerlin/Library/Developer/Xcode/DerivedData/ModuleCache.noindex -Xfrontend -serialize-debugging-options -profile-coverage-mapping -profile-generate -enable-testing -suppress-warnings -index-store-path /Users/rogerlin/Library/Developer/Xcode/DerivedData/FinancialCalculatorKit-ackorybalcxbfocbkqsfdzcfkgmn/Index.noindex/DataStore -Xcc -D_LIBCPP_HARDENING_MODE\=_LIBCPP_HARDENING_MODE_DEBUG -swift-version 6 -I /Users/rogerlin/Library/Developer/Xcode/DerivedData/FinancialCalculatorKit-ackorybalcxbfocbkqsfdzcfkgmn/Build/Products/Debug -Isystem /Applications/Xcode.app/Contents/Developer/Platforms/MacOSX.platform/Developer/usr/lib -F /Users/rogerlin/Library/Developer/Xcode/DerivedData/FinancialCalculatorKit-ackorybalcxbfocbkqsfdzcfkgmn/Build/Products/Debug -F /Applications/Xcode.app/Contents/Developer/Platforms/MacOSX.platform/Developer/Library/Frameworks -c -j16 -enable-batch-mode -incremental -Xcc -ivfsstatcache -Xcc /Users/rogerlin/Library/Developer/Xcode/DerivedData/SDKStatCaches.noindex/macosx26.1-25B74-3ae1261907bdadc328169391a47051a6.sdkstatcache -output-file-map /Users/rogerlin/Library/Developer/Xcode/DerivedData/FinancialCalculatorKit-ackorybalcxbfocbkqsfdzcfkgmn/Build/Intermediates.noindex/SwiftDraw.build/Debug/SwiftDrawDOM.build/Objects-normal/arm64/SwiftDrawDOM-OutputFileMap.json -use-frontend-parseable-output -save-temps -no-color-diagnostics -explicit-module-build -module-cache-path /Users/rogerlin/Library/Developer/Xcode/DerivedData/FinancialCalculatorKit-ackorybalcxbfocbkqsfdzcfkgmn/Build/Intermediates.noindex/SwiftExplicitPrecompiledModules -clang-scanner-module-cache-path /Users/rogerlin/Library/Developer/Xcode/DerivedData/ModuleCache.noindex -sdk-module-cache-path /Users/rogerlin/Library/Developer/Xcode/DerivedData/ModuleCache.noindex -serialize-diagnostics -emit-dependencies -emit-module -emit-module-path /Users/rogerlin/Library/Developer/Xcode/DerivedData/FinancialCalculatorKit-ackorybalcxbfocbkqsfdzcfkgmn/Build/Intermediates.noindex/SwiftDraw.build/Debug/SwiftDrawDOM.build/Objects-normal/arm64/SwiftDrawDOM.swiftmodule -user-module-version 0.22.0 -validate-clang-modules-once -clang-build-session-file /Users/rogerlin/Library/Developer/Xcode/DerivedData/ModuleCache.noindex/Session.modulevalidation -package-name swiftdraw -Xcc -I/Users/rogerlin/Library/Developer/Xcode/DerivedData/FinancialCalculatorKit-ackorybalcxbfocbkqsfdzcfkgmn/Build/Intermediates.noindex/SwiftDraw.build/Debug/SwiftDrawDOM.build/swift-overrides.hmap -emit-const-values -Xfrontend -const-gather-protocols-file -Xfrontend /Users/rogerlin/Library/Developer/Xcode/DerivedData/FinancialCalculatorKit-ackorybalcxbfocbkqsfdzcfkgmn/Build/Intermediates.noindex/SwiftDraw.build/Debug/SwiftDrawDOM.build/Objects-normal/arm64/SwiftDrawDOM_const_extract_protocols.json -Xcc -I/Users/rogerlin/Library/Developer/Xcode/DerivedData/FinancialCalculatorKit-ackorybalcxbfocbkqsfdzcfkgmn/Build/Products/Debug/include -Xcc -I/Users/rogerlin/Library/Developer/Xcode/DerivedData/FinancialCalculatorKit-ackorybalcxbfocbkqsfdzcfkgmn/Build/Intermediates.noindex/SwiftDraw.build/Debug/SwiftDrawDOM.build/DerivedSources-normal/arm64 -Xcc -I/Users/rogerlin/Library/Developer/Xcode/DerivedData/FinancialCalculatorKit-ackorybalcxbfocbkqsfdzcfkgmn/Build/Intermediates.noindex/SwiftDraw.build/Debug/SwiftDrawDOM.build/DerivedSources/arm64 -Xcc -I/Users/rogerlin/Library/Developer/Xcode/DerivedData/FinancialCalculatorKit-ackorybalcxbfocbkqsfdzcfkgmn/Build/Intermediates.noindex/SwiftDraw.build/Debug/SwiftDrawDOM.build/DerivedSources -Xcc -DSWIFT_PACKAGE -Xcc -DDEBUG\=1 -emit-objc-header -emit-objc-header-path /Users/rogerlin/Library/Developer/Xcode/DerivedData/FinancialCalculatorKit-ackorybalcxbfocbkqsfdzcfkgmn/Build/Intermediates.noindex/SwiftDraw.build/Debug/SwiftDrawDOM.build/Objects-normal/arm64/SwiftDrawDOM-Swift.h -working-directory /Users/rogerlin/XCode-Projects/FinancialCalculatorKit-5.0-updated-accent-colors/FinancialCalculatorKit.xcodeproj -experimental-emit-module-separately -disable-cmo

    Task input dependencies:
        /Users/rogerlin/Library/Developer/Xcode/DerivedData/FinancialCalculatorKit-ackorybalcxbfocbkqsfdzcfkgmn/SourcePackages/checkouts/SwiftDraw/DOM/Sources/DOM+Extensions.swift
        /Users/rogerlin/Library/Developer/Xcode/DerivedData/FinancialCalculatorKit-ackorybalcxbfocbkqsfdzcfkgmn/SourcePackages/checkouts/SwiftDraw/DOM/Sources/DOM.Color.swift
        /Users/rogerlin/Library/Developer/Xcode/DerivedData/FinancialCalculatorKit-ackorybalcxbfocbkqsfdzcfkgmn/SourcePackages/checkouts/SwiftDraw/DOM/Sources/DOM.Element.swift
        /Users/rogerlin/Library/Developer/Xcode/DerivedData/FinancialCalculatorKit-ackorybalcxbfocbkqsfdzcfkgmn/SourcePackages/checkouts/SwiftDraw/DOM/Sources/DOM.Filter.swift
        /Users/rogerlin/Library/Developer/Xcode/DerivedData/FinancialCalculatorKit-ackorybalcxbfocbkqsfdzcfkgmn/SourcePackages/checkouts/SwiftDraw/DOM/Sources/DOM.Image.swift
        /Users/rogerlin/Library/Developer/Xcode/DerivedData/FinancialCalculatorKit-ackorybalcxbfocbkqsfdzcfkgmn/SourcePackages/checkouts/SwiftDraw/DOM/Sources/DOM.LinearGradient.swift
        /Users/rogerlin/Library/Developer/Xcode/DerivedData/FinancialCalculatorKit-ackorybalcxbfocbkqsfdzcfkgmn/SourcePackages/checkouts/SwiftDraw/DOM/Sources/DOM.Path.swift
        /Users/rogerlin/Library/Developer/Xcode/DerivedData/FinancialCalculatorKit-ackorybalcxbfocbkqsfdzcfkgmn/SourcePackages/checkouts/SwiftDraw/DOM/Sources/DOM.Pattern.swift
        /Users/rogerlin/Library/Developer/Xcode/DerivedData/FinancialCalculatorKit-ackorybalcxbfocbkqsfdzcfkgmn/SourcePackages/checkouts/SwiftDraw/DOM/Sources/DOM.PresentationAttributes.swift
        /Users/rogerlin/Library/Developer/Xcode/DerivedData/FinancialCalculatorKit-ackorybalcxbfocbkqsfdzcfkgmn/SourcePackages/checkouts/SwiftDraw/DOM/Sources/DOM.RadialGradient.swift
        /Users/rogerlin/Library/Developer/Xcode/DerivedData/FinancialCalculatorKit-ackorybalcxbfocbkqsfdzcfkgmn/SourcePackages/checkouts/SwiftDraw/DOM/Sources/DOM.SVG+Parse.swift
        /Users/rogerlin/Library/Developer/Xcode/DerivedData/FinancialCalculatorKit-ackorybalcxbfocbkqsfdzcfkgmn/SourcePackages/checkouts/SwiftDraw/DOM/Sources/DOM.SVG.swift
        /Users/rogerlin/Library/Developer/Xcode/DerivedData/FinancialCalculatorKit-ackorybalcxbfocbkqsfdzcfkgmn/SourcePackages/checkouts/SwiftDraw/DOM/Sources/DOM.Switch.swift
        /Users/rogerlin/Library/Developer/Xcode/DerivedData/FinancialCalculatorKit-ackorybalcxbfocbkqsfdzcfkgmn/SourcePackages/checkouts/SwiftDraw/DOM/Sources/DOM.Text.swift
        /Users/rogerlin/Library/Developer/Xcode/DerivedData/FinancialCalculatorKit-ackorybalcxbfocbkqsfdzcfkgmn/SourcePackages/checkouts/SwiftDraw/DOM/Sources/DOM.Use.swift
        /Users/rogerlin/Library/Developer/Xcode/DerivedData/FinancialCalculatorKit-ackorybalcxbfocbkqsfdzcfkgmn/SourcePackages/checkouts/SwiftDraw/DOM/Sources/DOM.swift
        /Users/rogerlin/Library/Developer/Xcode/DerivedData/FinancialCalculatorKit-ackorybalcxbfocbkqsfdzcfkgmn/SourcePackages/checkouts/SwiftDraw/DOM/Sources/Parser.XML.Attributes.swift
        /Users/rogerlin/Library/Developer/Xcode/DerivedData/FinancialCalculatorKit-ackorybalcxbfocbkqsfdzcfkgmn/SourcePackages/checkouts/SwiftDraw/DOM/Sources/Parser.XML.Color.swift
        /Users/rogerlin/Library/Developer/Xcode/DerivedData/FinancialCalculatorKit-ackorybalcxbfocbkqsfdzcfkgmn/SourcePackages/checkouts/SwiftDraw/DOM/Sources/Parser.XML.Element.swift
        /Users/rogerlin/Library/Developer/Xcode/DerivedData/FinancialCalculatorKit-ackorybalcxbfocbkqsfdzcfkgmn/SourcePackages/checkouts/SwiftDraw/DOM/Sources/Parser.XML.Filter.swift
        /Users/rogerlin/Library/Developer/Xcode/DerivedData/FinancialCalculatorKit-ackorybalcxbfocbkqsfdzcfkgmn/SourcePackages/checkouts/SwiftDraw/DOM/Sources/Parser.XML.Image.swift
        /Users/rogerlin/Library/Developer/Xcode/DerivedData/FinancialCalculatorKit-ackorybalcxbfocbkqsfdzcfkgmn/SourcePackages/checkouts/SwiftDraw/DOM/Sources/Parser.XML.LinearGradient.swift
        /Users/rogerlin/Library/Developer/Xcode/DerivedData/FinancialCalculatorKit-ackorybalcxbfocbkqsfdzcfkgmn/SourcePackages/checkouts/SwiftDraw/DOM/Sources/Parser.XML.Path.swift
        /Users/rogerlin/Library/Developer/Xcode/DerivedData/FinancialCalculatorKit-ackorybalcxbfocbkqsfdzcfkgmn/SourcePackages/checkouts/SwiftDraw/DOM/Sources/Parser.XML.Pattern.swift
        /Users/rogerlin/Library/Developer/Xcode/DerivedData/FinancialCalculatorKit-ackorybalcxbfocbkqsfdzcfkgmn/SourcePackages/checkouts/SwiftDraw/DOM/Sources/Parser.XML.RadialGradient.swift
        /Users/rogerlin/Library/Developer/Xcode/DerivedData/FinancialCalculatorKit-ackorybalcxbfocbkqsfdzcfkgmn/SourcePackages/checkouts/SwiftDraw/DOM/Sources/Parser.XML.SVG.swift
        /Users/rogerlin/Library/Developer/Xcode/DerivedData/FinancialCalculatorKit-ackorybalcxbfocbkqsfdzcfkgmn/SourcePackages/checkouts/SwiftDraw/DOM/Sources/Parser.XML.Scanner.swift
        /Users/rogerlin/Library/Developer/Xcode/DerivedData/FinancialCalculatorKit-ackorybalcxbfocbkqsfdzcfkgmn/SourcePackages/checkouts/SwiftDraw/DOM/Sources/Parser.XML.StyleSheet.swift
        /Users/rogerlin/Library/Developer/Xcode/DerivedData/FinancialCalculatorKit-ackorybalcxbfocbkqsfdzcfkgmn/SourcePackages/checkouts/SwiftDraw/DOM/Sources/Parser.XML.Text.swift
        /Users/rogerlin/Library/Developer/Xcode/DerivedData/FinancialCalculatorKit-ackorybalcxbfocbkqsfdzcfkgmn/SourcePackages/checkouts/SwiftDraw/DOM/Sources/Parser.XML.Transform.swift
        /Users/rogerlin/Library/Developer/Xcode/DerivedData/FinancialCalculatorKit-ackorybalcxbfocbkqsfdzcfkgmn/SourcePackages/checkouts/SwiftDraw/DOM/Sources/Parser.XML.Use.swift
        /Users/rogerlin/Library/Developer/Xcode/DerivedData/FinancialCalculatorKit-ackorybalcxbfocbkqsfdzcfkgmn/SourcePackages/checkouts/SwiftDraw/DOM/Sources/Parser.XML.swift
        /Users/rogerlin/Library/Developer/Xcode/DerivedData/FinancialCalculatorKit-ackorybalcxbfocbkqsfdzcfkgmn/SourcePackages/checkouts/SwiftDraw/DOM/Sources/TextOutputStream+StandardError.swift
        /Users/rogerlin/Library/Developer/Xcode/DerivedData/FinancialCalculatorKit-ackorybalcxbfocbkqsfdzcfkgmn/SourcePackages/checkouts/SwiftDraw/DOM/Sources/URL+Data.swift
        /Users/rogerlin/Library/Developer/Xcode/DerivedData/FinancialCalculatorKit-ackorybalcxbfocbkqsfdzcfkgmn/SourcePackages/checkouts/SwiftDraw/DOM/Sources/URL+Fragment.swift
        /Users/rogerlin/Library/Developer/Xcode/DerivedData/FinancialCalculatorKit-ackorybalcxbfocbkqsfdzcfkgmn/SourcePackages/checkouts/SwiftDraw/DOM/Sources/XML.Element.swift
        /Users/rogerlin/Library/Developer/Xcode/DerivedData/FinancialCalculatorKit-ackorybalcxbfocbkqsfdzcfkgmn/SourcePackages/checkouts/SwiftDraw/DOM/Sources/XML.SAXParser.swift
        /Users/rogerlin/Library/Developer/Xcode/DerivedData/FinancialCalculatorKit-ackorybalcxbfocbkqsfdzcfkgmn/Build/Intermediates.noindex/SwiftDraw.build/Debug/SwiftDrawDOM.build/Objects-normal/arm64/SwiftDrawDOM.SwiftFileList
        /Users/rogerlin/Library/Developer/Xcode/DerivedData/FinancialCalculatorKit-ackorybalcxbfocbkqsfdzcfkgmn/Build/Intermediates.noindex/SwiftDraw.build/Debug/SwiftDrawDOM.build/Objects-normal/arm64/SwiftDrawDOM-OutputFileMap.json
        /Users/rogerlin/Library/Developer/Xcode/DerivedData/FinancialCalculatorKit-ackorybalcxbfocbkqsfdzcfkgmn/Build/Intermediates.noindex/SwiftDraw.build/Debug/SwiftDrawDOM.build/Objects-normal/arm64/SwiftDrawDOM_const_extract_protocols.json
        /Users/rogerlin/Library/Developer/Xcode/DerivedData/FinancialCalculatorKit-ackorybalcxbfocbkqsfdzcfkgmn/Build/Intermediates.noindex/GeneratedModuleMaps/SwiftDrawDOM.modulemap
        /Users/rogerlin/Library/Developer/Xcode/DerivedData/FinancialCalculatorKit-ackorybalcxbfocbkqsfdzcfkgmn/SourcePackages/checkouts/SwiftDraw/DOM/Sources/DOM+Extensions.swift
        /Users/rogerlin/Library/Developer/Xcode/DerivedData/FinancialCalculatorKit-ackorybalcxbfocbkqsfdzcfkgmn/SourcePackages/checkouts/SwiftDraw/DOM/Sources/DOM.Color.swift
        /Users/rogerlin/Library/Developer/Xcode/DerivedData/FinancialCalculatorKit-ackorybalcxbfocbkqsfdzcfkgmn/SourcePackages/checkouts/SwiftDraw/DOM/Sources/DOM.Element.swift
        /Users/rogerlin/Library/Developer/Xcode/DerivedData/FinancialCalculatorKit-ackorybalcxbfocbkqsfdzcfkgmn/SourcePackages/checkouts/SwiftDraw/DOM/Sources/DOM.Filter.swift
        /Users/rogerlin/Library/Developer/Xcode/DerivedData/FinancialCalculatorKit-ackorybalcxbfocbkqsfdzcfkgmn/SourcePackages/checkouts/SwiftDraw/DOM/Sources/DOM.Image.swift
        /Users/rogerlin/Library/Developer/Xcode/DerivedData/FinancialCalculatorKit-ackorybalcxbfocbkqsfdzcfkgmn/SourcePackages/checkouts/SwiftDraw/DOM/Sources/DOM.LinearGradient.swift
        /Users/rogerlin/Library/Developer/Xcode/DerivedData/FinancialCalculatorKit-ackorybalcxbfocbkqsfdzcfkgmn/SourcePackages/checkouts/SwiftDraw/DOM/Sources/DOM.Path.swift
        /Users/rogerlin/Library/Developer/Xcode/DerivedData/FinancialCalculatorKit-ackorybalcxbfocbkqsfdzcfkgmn/SourcePackages/checkouts/SwiftDraw/DOM/Sources/DOM.Pattern.swift
        /Users/rogerlin/Library/Developer/Xcode/DerivedData/FinancialCalculatorKit-ackorybalcxbfocbkqsfdzcfkgmn/SourcePackages/checkouts/SwiftDraw/DOM/Sources/DOM.PresentationAttributes.swift
        /Users/rogerlin/Library/Developer/Xcode/DerivedData/FinancialCalculatorKit-ackorybalcxbfocbkqsfdzcfkgmn/SourcePackages/checkouts/SwiftDraw/DOM/Sources/DOM.RadialGradient.swift
        /Users/rogerlin/Library/Developer/Xcode/DerivedData/FinancialCalculatorKit-ackorybalcxbfocbkqsfdzcfkgmn/SourcePackages/checkouts/SwiftDraw/DOM/Sources/DOM.SVG+Parse.swift
        /Users/rogerlin/Library/Developer/Xcode/DerivedData/FinancialCalculatorKit-ackorybalcxbfocbkqsfdzcfkgmn/SourcePackages/checkouts/SwiftDraw/DOM/Sources/DOM.SVG.swift
        /Users/rogerlin/Library/Developer/Xcode/DerivedData/FinancialCalculatorKit-ackorybalcxbfocbkqsfdzcfkgmn/SourcePackages/checkouts/SwiftDraw/DOM/Sources/DOM.Switch.swift
        /Users/rogerlin/Library/Developer/Xcode/DerivedData/FinancialCalculatorKit-ackorybalcxbfocbkqsfdzcfkgmn/SourcePackages/checkouts/SwiftDraw/DOM/Sources/DOM.Text.swift
        /Users/rogerlin/Library/Developer/Xcode/DerivedData/FinancialCalculatorKit-ackorybalcxbfocbkqsfdzcfkgmn/SourcePackages/checkouts/SwiftDraw/DOM/Sources/DOM.Use.swift
        /Users/rogerlin/Library/Developer/Xcode/DerivedData/FinancialCalculatorKit-ackorybalcxbfocbkqsfdzcfkgmn/SourcePackages/checkouts/SwiftDraw/DOM/Sources/DOM.swift
        /Users/rogerlin/Library/Developer/Xcode/DerivedData/FinancialCalculatorKit-ackorybalcxbfocbkqsfdzcfkgmn/SourcePackages/checkouts/SwiftDraw/DOM/Sources/Parser.XML.Attributes.swift
        /Users/rogerlin/Library/Developer/Xcode/DerivedData/FinancialCalculatorKit-ackorybalcxbfocbkqsfdzcfkgmn/SourcePackages/checkouts/SwiftDraw/DOM/Sources/Parser.XML.Color.swift
        /Users/rogerlin/Library/Developer/Xcode/DerivedData/FinancialCalculatorKit-ackorybalcxbfocbkqsfdzcfkgmn/SourcePackages/checkouts/SwiftDraw/DOM/Sources/Parser.XML.Element.swift
        /Users/rogerlin/Library/Developer/Xcode/DerivedData/FinancialCalculatorKit-ackorybalcxbfocbkqsfdzcfkgmn/SourcePackages/checkouts/SwiftDraw/DOM/Sources/Parser.XML.Filter.swift
        /Users/rogerlin/Library/Developer/Xcode/DerivedData/FinancialCalculatorKit-ackorybalcxbfocbkqsfdzcfkgmn/SourcePackages/checkouts/SwiftDraw/DOM/Sources/Parser.XML.Image.swift
        /Users/rogerlin/Library/Developer/Xcode/DerivedData/FinancialCalculatorKit-ackorybalcxbfocbkqsfdzcfkgmn/SourcePackages/checkouts/SwiftDraw/DOM/Sources/Parser.XML.LinearGradient.swift
        /Users/rogerlin/Library/Developer/Xcode/DerivedData/FinancialCalculatorKit-ackorybalcxbfocbkqsfdzcfkgmn/SourcePackages/checkouts/SwiftDraw/DOM/Sources/Parser.XML.Path.swift
        /Users/rogerlin/Library/Developer/Xcode/DerivedData/FinancialCalculatorKit-ackorybalcxbfocbkqsfdzcfkgmn/SourcePackages/checkouts/SwiftDraw/DOM/Sources/Parser.XML.Pattern.swift
        /Users/rogerlin/Library/Developer/Xcode/DerivedData/FinancialCalculatorKit-ackorybalcxbfocbkqsfdzcfkgmn/SourcePackages/checkouts/SwiftDraw/DOM/Sources/Parser.XML.RadialGradient.swift
        /Users/rogerlin/Library/Developer/Xcode/DerivedData/FinancialCalculatorKit-ackorybalcxbfocbkqsfdzcfkgmn/SourcePackages/checkouts/SwiftDraw/DOM/Sources/Parser.XML.SVG.swift
        /Users/rogerlin/Library/Developer/Xcode/DerivedData/FinancialCalculatorKit-ackorybalcxbfocbkqsfdzcfkgmn/SourcePackages/checkouts/SwiftDraw/DOM/Sources/Parser.XML.Scanner.swift
        /Users/rogerlin/Library/Developer/Xcode/DerivedData/FinancialCalculatorKit-ackorybalcxbfocbkqsfdzcfkgmn/SourcePackages/checkouts/SwiftDraw/DOM/Sources/Parser.XML.StyleSheet.swift
        /Users/rogerlin/Library/Developer/Xcode/DerivedData/FinancialCalculatorKit-ackorybalcxbfocbkqsfdzcfkgmn/SourcePackages/checkouts/SwiftDraw/DOM/Sources/Parser.XML.Text.swift
        /Users/rogerlin/Library/Developer/Xcode/DerivedData/FinancialCalculatorKit-ackorybalcxbfocbkqsfdzcfkgmn/SourcePackages/checkouts/SwiftDraw/DOM/Sources/Parser.XML.Transform.swift
        /Users/rogerlin/Library/Developer/Xcode/DerivedData/FinancialCalculatorKit-ackorybalcxbfocbkqsfdzcfkgmn/SourcePackages/checkouts/SwiftDraw/DOM/Sources/Parser.XML.Use.swift
        /Users/rogerlin/Library/Developer/Xcode/DerivedData/FinancialCalculatorKit-ackorybalcxbfocbkqsfdzcfkgmn/SourcePackages/checkouts/SwiftDraw/DOM/Sources/Parser.XML.swift
        /Users/rogerlin/Library/Developer/Xcode/DerivedData/FinancialCalculatorKit-ackorybalcxbfocbkqsfdzcfkgmn/SourcePackages/checkouts/SwiftDraw/DOM/Sources/TextOutputStream+StandardError.swift
        /Users/rogerlin/Library/Developer/Xcode/DerivedData/FinancialCalculatorKit-ackorybalcxbfocbkqsfdzcfkgmn/SourcePackages/checkouts/SwiftDraw/DOM/Sources/URL+Data.swift
        /Users/rogerlin/Library/Developer/Xcode/DerivedData/FinancialCalculatorKit-ackorybalcxbfocbkqsfdzcfkgmn/SourcePackages/checkouts/SwiftDraw/DOM/Sources/URL+Fragment.swift
        /Users/rogerlin/Library/Developer/Xcode/DerivedData/FinancialCalculatorKit-ackorybalcxbfocbkqsfdzcfkgmn/SourcePackages/checkouts/SwiftDraw/DOM/Sources/XML.Element.swift
        /Users/rogerlin/Library/Developer/Xcode/DerivedData/FinancialCalculatorKit-ackorybalcxbfocbkqsfdzcfkgmn/SourcePackages/checkouts/SwiftDraw/DOM/Sources/XML.SAXParser.swift
        /Users/rogerlin/Library/Developer/Xcode/DerivedData/FinancialCalculatorKit-ackorybalcxbfocbkqsfdzcfkgmn/Build/Intermediates.noindex/SwiftDraw.build/Debug/SwiftDrawDOM.build/Objects-normal/arm64/SwiftDrawDOM.SwiftFileList
        /Users/rogerlin/Library/Developer/Xcode/DerivedData/FinancialCalculatorKit-ackorybalcxbfocbkqsfdzcfkgmn/Build/Intermediates.noindex/SwiftDraw.build/Debug/SwiftDrawDOM.build/Objects-normal/arm64/SwiftDrawDOM-OutputFileMap.json
        /Users/rogerlin/Library/Developer/Xcode/DerivedData/FinancialCalculatorKit-ackorybalcxbfocbkqsfdzcfkgmn/Build/Intermediates.noindex/SwiftDraw.build/Debug/SwiftDrawDOM.build/Objects-normal/arm64/SwiftDrawDOM_const_extract_protocols.json
        /Users/rogerlin/Library/Developer/Xcode/DerivedData/FinancialCalculatorKit-ackorybalcxbfocbkqsfdzcfkgmn/Build/Intermediates.noindex/GeneratedModuleMaps/SwiftDrawDOM.modulemap
        <ClangStatCache /Users/rogerlin/Library/Developer/Xcode/DerivedData/SDKStatCaches.noindex/macosx26.1-25B74-3ae1261907bdadc328169391a47051a6.sdkstatcache>
        <target-SwiftDrawDOM-PACKAGE-TARGET:SwiftDrawDOM-SDKROOT:macosx:SDK_VARIANT:macos-generated-headers>
        <target-SwiftDrawDOM-PACKAGE-TARGET:SwiftDrawDOM-SDKROOT:macosx:SDK_VARIANT:macos-copy-headers-completion>
        <target-SwiftDrawDOM-PACKAGE-TARGET:SwiftDrawDOM-SDKROOT:macosx:SDK_VARIANT:macos-ModuleVerifierTaskProducer>
        <target-SwiftDrawDOM-PACKAGE-TARGET:SwiftDrawDOM-SDKROOT:macosx:SDK_VARIANT:macos-begin-compiling>
        <WorkspaceHeaderMapVFSFilesWritten>

    Task output dependencies:
        /Users/rogerlin/Library/Developer/Xcode/DerivedData/FinancialCalculatorKit-ackorybalcxbfocbkqsfdzcfkgmn/Build/Intermediates.noindex/SwiftDraw.build/Debug/SwiftDrawDOM.build/Objects-normal/arm64/SwiftDrawDOM Swift Compilation Finished
        /Users/rogerlin/Library/Developer/Xcode/DerivedData/FinancialCalculatorKit-ackorybalcxbfocbkqsfdzcfkgmn/Build/Intermediates.noindex/SwiftDraw.build/Debug/SwiftDrawDOM.build/Objects-normal/arm64/DOM+Extensions.o
        /Users/rogerlin/Library/Developer/Xcode/DerivedData/FinancialCalculatorKit-ackorybalcxbfocbkqsfdzcfkgmn/Build/Intermediates.noindex/SwiftDraw.build/Debug/SwiftDrawDOM.build/Objects-normal/arm64/DOM.Color.o
        /Users/rogerlin/Library/Developer/Xcode/DerivedData/FinancialCalculatorKit-ackorybalcxbfocbkqsfdzcfkgmn/Build/Intermediates.noindex/SwiftDraw.build/Debug/SwiftDrawDOM.build/Objects-normal/arm64/DOM.Element.o
        /Users/rogerlin/Library/Developer/Xcode/DerivedData/FinancialCalculatorKit-ackorybalcxbfocbkqsfdzcfkgmn/Build/Intermediates.noindex/SwiftDraw.build/Debug/SwiftDrawDOM.build/Objects-normal/arm64/DOM.Filter.o
        /Users/rogerlin/Library/Developer/Xcode/DerivedData/FinancialCalculatorKit-ackorybalcxbfocbkqsfdzcfkgmn/Build/Intermediates.noindex/SwiftDraw.build/Debug/SwiftDrawDOM.build/Objects-normal/arm64/DOM.Image.o
        /Users/rogerlin/Library/Developer/Xcode/DerivedData/FinancialCalculatorKit-ackorybalcxbfocbkqsfdzcfkgmn/Build/Intermediates.noindex/SwiftDraw.build/Debug/SwiftDrawDOM.build/Objects-normal/arm64/DOM.LinearGradient.o
        /Users/rogerlin/Library/Developer/Xcode/DerivedData/FinancialCalculatorKit-ackorybalcxbfocbkqsfdzcfkgmn/Build/Intermediates.noindex/SwiftDraw.build/Debug/SwiftDrawDOM.build/Objects-normal/arm64/DOM.Path.o
        /Users/rogerlin/Library/Developer/Xcode/DerivedData/FinancialCalculatorKit-ackorybalcxbfocbkqsfdzcfkgmn/Build/Intermediates.noindex/SwiftDraw.build/Debug/SwiftDrawDOM.build/Objects-normal/arm64/DOM.Pattern.o
        /Users/rogerlin/Library/Developer/Xcode/DerivedData/FinancialCalculatorKit-ackorybalcxbfocbkqsfdzcfkgmn/Build/Intermediates.noindex/SwiftDraw.build/Debug/SwiftDrawDOM.build/Objects-normal/arm64/DOM.PresentationAttributes.o
        /Users/rogerlin/Library/Developer/Xcode/DerivedData/FinancialCalculatorKit-ackorybalcxbfocbkqsfdzcfkgmn/Build/Intermediates.noindex/SwiftDraw.build/Debug/SwiftDrawDOM.build/Objects-normal/arm64/DOM.RadialGradient.o
        /Users/rogerlin/Library/Developer/Xcode/DerivedData/FinancialCalculatorKit-ackorybalcxbfocbkqsfdzcfkgmn/Build/Intermediates.noindex/SwiftDraw.build/Debug/SwiftDrawDOM.build/Objects-normal/arm64/DOM.SVG+Parse.o
        /Users/rogerlin/Library/Developer/Xcode/DerivedData/FinancialCalculatorKit-ackorybalcxbfocbkqsfdzcfkgmn/Build/Intermediates.noindex/SwiftDraw.build/Debug/SwiftDrawDOM.build/Objects-normal/arm64/DOM.SVG.o
        /Users/rogerlin/Library/Developer/Xcode/DerivedData/FinancialCalculatorKit-ackorybalcxbfocbkqsfdzcfkgmn/Build/Intermediates.noindex/SwiftDraw.build/Debug/SwiftDrawDOM.build/Objects-normal/arm64/DOM.Switch.o
        /Users/rogerlin/Library/Developer/Xcode/DerivedData/FinancialCalculatorKit-ackorybalcxbfocbkqsfdzcfkgmn/Build/Intermediates.noindex/SwiftDraw.build/Debug/SwiftDrawDOM.build/Objects-normal/arm64/DOM.Text.o
        /Users/rogerlin/Library/Developer/Xcode/DerivedData/FinancialCalculatorKit-ackorybalcxbfocbkqsfdzcfkgmn/Build/Intermediates.noindex/SwiftDraw.build/Debug/SwiftDrawDOM.build/Objects-normal/arm64/DOM.Use.o
        /Users/rogerlin/Library/Developer/Xcode/DerivedData/FinancialCalculatorKit-ackorybalcxbfocbkqsfdzcfkgmn/Build/Intermediates.noindex/SwiftDraw.build/Debug/SwiftDrawDOM.build/Objects-normal/arm64/DOM.o
        /Users/rogerlin/Library/Developer/Xcode/DerivedData/FinancialCalculatorKit-ackorybalcxbfocbkqsfdzcfkgmn/Build/Intermediates.noindex/SwiftDraw.build/Debug/SwiftDrawDOM.build/Objects-normal/arm64/Parser.XML.Attributes.o
        /Users/rogerlin/Library/Developer/Xcode/DerivedData/FinancialCalculatorKit-ackorybalcxbfocbkqsfdzcfkgmn/Build/Intermediates.noindex/SwiftDraw.build/Debug/SwiftDrawDOM.build/Objects-normal/arm64/Parser.XML.Color.o
        /Users/rogerlin/Library/Developer/Xcode/DerivedData/FinancialCalculatorKit-ackorybalcxbfocbkqsfdzcfkgmn/Build/Intermediates.noindex/SwiftDraw.build/Debug/SwiftDrawDOM.build/Objects-normal/arm64/Parser.XML.Element.o
        /Users/rogerlin/Library/Developer/Xcode/DerivedData/FinancialCalculatorKit-ackorybalcxbfocbkqsfdzcfkgmn/Build/Intermediates.noindex/SwiftDraw.build/Debug/SwiftDrawDOM.build/Objects-normal/arm64/Parser.XML.Filter.o
        /Users/rogerlin/Library/Developer/Xcode/DerivedData/FinancialCalculatorKit-ackorybalcxbfocbkqsfdzcfkgmn/Build/Intermediates.noindex/SwiftDraw.build/Debug/SwiftDrawDOM.build/Objects-normal/arm64/Parser.XML.Image.o
        /Users/rogerlin/Library/Developer/Xcode/DerivedData/FinancialCalculatorKit-ackorybalcxbfocbkqsfdzcfkgmn/Build/Intermediates.noindex/SwiftDraw.build/Debug/SwiftDrawDOM.build/Objects-normal/arm64/Parser.XML.LinearGradient.o
        /Users/rogerlin/Library/Developer/Xcode/DerivedData/FinancialCalculatorKit-ackorybalcxbfocbkqsfdzcfkgmn/Build/Intermediates.noindex/SwiftDraw.build/Debug/SwiftDrawDOM.build/Objects-normal/arm64/Parser.XML.Path.o
        /Users/rogerlin/Library/Developer/Xcode/DerivedData/FinancialCalculatorKit-ackorybalcxbfocbkqsfdzcfkgmn/Build/Intermediates.noindex/SwiftDraw.build/Debug/SwiftDrawDOM.build/Objects-normal/arm64/Parser.XML.Pattern.o
        /Users/rogerlin/Library/Developer/Xcode/DerivedData/FinancialCalculatorKit-ackorybalcxbfocbkqsfdzcfkgmn/Build/Intermediates.noindex/SwiftDraw.build/Debug/SwiftDrawDOM.build/Objects-normal/arm64/Parser.XML.RadialGradient.o
        /Users/rogerlin/Library/Developer/Xcode/DerivedData/FinancialCalculatorKit-ackorybalcxbfocbkqsfdzcfkgmn/Build/Intermediates.noindex/SwiftDraw.build/Debug/SwiftDrawDOM.build/Objects-normal/arm64/Parser.XML.SVG.o
        /Users/rogerlin/Library/Developer/Xcode/DerivedData/FinancialCalculatorKit-ackorybalcxbfocbkqsfdzcfkgmn/Build/Intermediates.noindex/SwiftDraw.build/Debug/SwiftDrawDOM.build/Objects-normal/arm64/Parser.XML.Scanner.o
        /Users/rogerlin/Library/Developer/Xcode/DerivedData/FinancialCalculatorKit-ackorybalcxbfocbkqsfdzcfkgmn/Build/Intermediates.noindex/SwiftDraw.build/Debug/SwiftDrawDOM.build/Objects-normal/arm64/Parser.XML.StyleSheet.o
        /Users/rogerlin/Library/Developer/Xcode/DerivedData/FinancialCalculatorKit-ackorybalcxbfocbkqsfdzcfkgmn/Build/Intermediates.noindex/SwiftDraw.build/Debug/SwiftDrawDOM.build/Objects-normal/arm64/Parser.XML.Text.o
        /Users/rogerlin/Library/Developer/Xcode/DerivedData/FinancialCalculatorKit-ackorybalcxbfocbkqsfdzcfkgmn/Build/Intermediates.noindex/SwiftDraw.build/Debug/SwiftDrawDOM.build/Objects-normal/arm64/Parser.XML.Transform.o
        /Users/rogerlin/Library/Developer/Xcode/DerivedData/FinancialCalculatorKit-ackorybalcxbfocbkqsfdzcfkgmn/Build/Intermediates.noindex/SwiftDraw.build/Debug/SwiftDrawDOM.build/Objects-normal/arm64/Parser.XML.Use.o
        /Users/rogerlin/Library/Developer/Xcode/DerivedData/FinancialCalculatorKit-ackorybalcxbfocbkqsfdzcfkgmn/Build/Intermediates.noindex/SwiftDraw.build/Debug/SwiftDrawDOM.build/Objects-normal/arm64/Parser.XML.o
        /Users/rogerlin/Library/Developer/Xcode/DerivedData/FinancialCalculatorKit-ackorybalcxbfocbkqsfdzcfkgmn/Build/Intermediates.noindex/SwiftDraw.build/Debug/SwiftDrawDOM.build/Objects-normal/arm64/TextOutputStream+StandardError.o
        /Users/rogerlin/Library/Developer/Xcode/DerivedData/FinancialCalculatorKit-ackorybalcxbfocbkqsfdzcfkgmn/Build/Intermediates.noindex/SwiftDraw.build/Debug/SwiftDrawDOM.build/Objects-normal/arm64/URL+Data.o
        /Users/rogerlin/Library/Developer/Xcode/DerivedData/FinancialCalculatorKit-ackorybalcxbfocbkqsfdzcfkgmn/Build/Intermediates.noindex/SwiftDraw.build/Debug/SwiftDrawDOM.build/Objects-normal/arm64/URL+Fragment.o
        /Users/rogerlin/Library/Developer/Xcode/DerivedData/FinancialCalculatorKit-ackorybalcxbfocbkqsfdzcfkgmn/Build/Intermediates.noindex/SwiftDraw.build/Debug/SwiftDrawDOM.build/Objects-normal/arm64/XML.Element.o
        /Users/rogerlin/Library/Developer/Xcode/DerivedData/FinancialCalculatorKit-ackorybalcxbfocbkqsfdzcfkgmn/Build/Intermediates.noindex/SwiftDraw.build/Debug/SwiftDrawDOM.build/Objects-normal/arm64/XML.SAXParser.o
        /Users/rogerlin/Library/Developer/Xcode/DerivedData/FinancialCalculatorKit-ackorybalcxbfocbkqsfdzcfkgmn/Build/Intermediates.noindex/SwiftDraw.build/Debug/SwiftDrawDOM.build/Objects-normal/arm64/DOM+Extensions.swiftconstvalues
        /Users/rogerlin/Library/Developer/Xcode/DerivedData/FinancialCalculatorKit-ackorybalcxbfocbkqsfdzcfkgmn/Build/Intermediates.noindex/SwiftDraw.build/Debug/SwiftDrawDOM.build/Objects-normal/arm64/DOM.Color.swiftconstvalues
        /Users/rogerlin/Library/Developer/Xcode/DerivedData/FinancialCalculatorKit-ackorybalcxbfocbkqsfdzcfkgmn/Build/Intermediates.noindex/SwiftDraw.build/Debug/SwiftDrawDOM.build/Objects-normal/arm64/DOM.Element.swiftconstvalues
        /Users/rogerlin/Library/Developer/Xcode/DerivedData/FinancialCalculatorKit-ackorybalcxbfocbkqsfdzcfkgmn/Build/Intermediates.noindex/SwiftDraw.build/Debug/SwiftDrawDOM.build/Objects-normal/arm64/DOM.Filter.swiftconstvalues
        /Users/rogerlin/Library/Developer/Xcode/DerivedData/FinancialCalculatorKit-ackorybalcxbfocbkqsfdzcfkgmn/Build/Intermediates.noindex/SwiftDraw.build/Debug/SwiftDrawDOM.build/Objects-normal/arm64/DOM.Image.swiftconstvalues
        /Users/rogerlin/Library/Developer/Xcode/DerivedData/FinancialCalculatorKit-ackorybalcxbfocbkqsfdzcfkgmn/Build/Intermediates.noindex/SwiftDraw.build/Debug/SwiftDrawDOM.build/Objects-normal/arm64/DOM.LinearGradient.swiftconstvalues
        /Users/rogerlin/Library/Developer/Xcode/DerivedData/FinancialCalculatorKit-ackorybalcxbfocbkqsfdzcfkgmn/Build/Intermediates.noindex/SwiftDraw.build/Debug/SwiftDrawDOM.build/Objects-normal/arm64/DOM.Path.swiftconstvalues
        /Users/rogerlin/Library/Developer/Xcode/DerivedData/FinancialCalculatorKit-ackorybalcxbfocbkqsfdzcfkgmn/Build/Intermediates.noindex/SwiftDraw.build/Debug/SwiftDrawDOM.build/Objects-normal/arm64/DOM.Pattern.swiftconstvalues
        /Users/rogerlin/Library/Developer/Xcode/DerivedData/FinancialCalculatorKit-ackorybalcxbfocbkqsfdzcfkgmn/Build/Intermediates.noindex/SwiftDraw.build/Debug/SwiftDrawDOM.build/Objects-normal/arm64/DOM.PresentationAttributes.swiftconstvalues
        /Users/rogerlin/Library/Developer/Xcode/DerivedData/FinancialCalculatorKit-ackorybalcxbfocbkqsfdzcfkgmn/Build/Intermediates.noindex/SwiftDraw.build/Debug/SwiftDrawDOM.build/Objects-normal/arm64/DOM.RadialGradient.swiftconstvalues
        /Users/rogerlin/Library/Developer/Xcode/DerivedData/FinancialCalculatorKit-ackorybalcxbfocbkqsfdzcfkgmn/Build/Intermediates.noindex/SwiftDraw.build/Debug/SwiftDrawDOM.build/Objects-normal/arm64/DOM.SVG+Parse.swiftconstvalues
        /Users/rogerlin/Library/Developer/Xcode/DerivedData/FinancialCalculatorKit-ackorybalcxbfocbkqsfdzcfkgmn/Build/Intermediates.noindex/SwiftDraw.build/Debug/SwiftDrawDOM.build/Objects-normal/arm64/DOM.SVG.swiftconstvalues
        /Users/rogerlin/Library/Developer/Xcode/DerivedData/FinancialCalculatorKit-ackorybalcxbfocbkqsfdzcfkgmn/Build/Intermediates.noindex/SwiftDraw.build/Debug/SwiftDrawDOM.build/Objects-normal/arm64/DOM.Switch.swiftconstvalues
        /Users/rogerlin/Library/Developer/Xcode/DerivedData/FinancialCalculatorKit-ackorybalcxbfocbkqsfdzcfkgmn/Build/Intermediates.noindex/SwiftDraw.build/Debug/SwiftDrawDOM.build/Objects-normal/arm64/DOM.Text.swiftconstvalues
        /Users/rogerlin/Library/Developer/Xcode/DerivedData/FinancialCalculatorKit-ackorybalcxbfocbkqsfdzcfkgmn/Build/Intermediates.noindex/SwiftDraw.build/Debug/SwiftDrawDOM.build/Objects-normal/arm64/DOM.Use.swiftconstvalues
        /Users/rogerlin/Library/Developer/Xcode/DerivedData/FinancialCalculatorKit-ackorybalcxbfocbkqsfdzcfkgmn/Build/Intermediates.noindex/SwiftDraw.build/Debug/SwiftDrawDOM.build/Objects-normal/arm64/DOM.swiftconstvalues
        /Users/rogerlin/Library/Developer/Xcode/DerivedData/FinancialCalculatorKit-ackorybalcxbfocbkqsfdzcfkgmn/Build/Intermediates.noindex/SwiftDraw.build/Debug/SwiftDrawDOM.build/Objects-normal/arm64/Parser.XML.Attributes.swiftconstvalues
        /Users/rogerlin/Library/Developer/Xcode/DerivedData/FinancialCalculatorKit-ackorybalcxbfocbkqsfdzcfkgmn/Build/Intermediates.noindex/SwiftDraw.build/Debug/SwiftDrawDOM.build/Objects-normal/arm64/Parser.XML.Color.swiftconstvalues
        /Users/rogerlin/Library/Developer/Xcode/DerivedData/FinancialCalculatorKit-ackorybalcxbfocbkqsfdzcfkgmn/Build/Intermediates.noindex/SwiftDraw.build/Debug/SwiftDrawDOM.build/Objects-normal/arm64/Parser.XML.Element.swiftconstvalues
        /Users/rogerlin/Library/Developer/Xcode/DerivedData/FinancialCalculatorKit-ackorybalcxbfocbkqsfdzcfkgmn/Build/Intermediates.noindex/SwiftDraw.build/Debug/SwiftDrawDOM.build/Objects-normal/arm64/Parser.XML.Filter.swiftconstvalues
        /Users/rogerlin/Library/Developer/Xcode/DerivedData/FinancialCalculatorKit-ackorybalcxbfocbkqsfdzcfkgmn/Build/Intermediates.noindex/SwiftDraw.build/Debug/SwiftDrawDOM.build/Objects-normal/arm64/Parser.XML.Image.swiftconstvalues
        /Users/rogerlin/Library/Developer/Xcode/DerivedData/FinancialCalculatorKit-ackorybalcxbfocbkqsfdzcfkgmn/Build/Intermediates.noindex/SwiftDraw.build/Debug/SwiftDrawDOM.build/Objects-normal/arm64/Parser.XML.LinearGradient.swiftconstvalues
        /Users/rogerlin/Library/Developer/Xcode/DerivedData/FinancialCalculatorKit-ackorybalcxbfocbkqsfdzcfkgmn/Build/Intermediates.noindex/SwiftDraw.build/Debug/SwiftDrawDOM.build/Objects-normal/arm64/Parser.XML.Path.swiftconstvalues
        /Users/rogerlin/Library/Developer/Xcode/DerivedData/FinancialCalculatorKit-ackorybalcxbfocbkqsfdzcfkgmn/Build/Intermediates.noindex/SwiftDraw.build/Debug/SwiftDrawDOM.build/Objects-normal/arm64/Parser.XML.Pattern.swiftconstvalues
        /Users/rogerlin/Library/Developer/Xcode/DerivedData/FinancialCalculatorKit-ackorybalcxbfocbkqsfdzcfkgmn/Build/Intermediates.noindex/SwiftDraw.build/Debug/SwiftDrawDOM.build/Objects-normal/arm64/Parser.XML.RadialGradient.swiftconstvalues
        /Users/rogerlin/Library/Developer/Xcode/DerivedData/FinancialCalculatorKit-ackorybalcxbfocbkqsfdzcfkgmn/Build/Intermediates.noindex/SwiftDraw.build/Debug/SwiftDrawDOM.build/Objects-normal/arm64/Parser.XML.SVG.swiftconstvalues
        /Users/rogerlin/Library/Developer/Xcode/DerivedData/FinancialCalculatorKit-ackorybalcxbfocbkqsfdzcfkgmn/Build/Intermediates.noindex/SwiftDraw.build/Debug/SwiftDrawDOM.build/Objects-normal/arm64/Parser.XML.Scanner.swiftconstvalues
        /Users/rogerlin/Library/Developer/Xcode/DerivedData/FinancialCalculatorKit-ackorybalcxbfocbkqsfdzcfkgmn/Build/Intermediates.noindex/SwiftDraw.build/Debug/SwiftDrawDOM.build/Objects-normal/arm64/Parser.XML.StyleSheet.swiftconstvalues
        /Users/rogerlin/Library/Developer/Xcode/DerivedData/FinancialCalculatorKit-ackorybalcxbfocbkqsfdzcfkgmn/Build/Intermediates.noindex/SwiftDraw.build/Debug/SwiftDrawDOM.build/Objects-normal/arm64/Parser.XML.Text.swiftconstvalues
        /Users/rogerlin/Library/Developer/Xcode/DerivedData/FinancialCalculatorKit-ackorybalcxbfocbkqsfdzcfkgmn/Build/Intermediates.noindex/SwiftDraw.build/Debug/SwiftDrawDOM.build/Objects-normal/arm64/Parser.XML.Transform.swiftconstvalues
        /Users/rogerlin/Library/Developer/Xcode/DerivedData/FinancialCalculatorKit-ackorybalcxbfocbkqsfdzcfkgmn/Build/Intermediates.noindex/SwiftDraw.build/Debug/SwiftDrawDOM.build/Objects-normal/arm64/Parser.XML.Use.swiftconstvalues
        /Users/rogerlin/Library/Developer/Xcode/DerivedData/FinancialCalculatorKit-ackorybalcxbfocbkqsfdzcfkgmn/Build/Intermediates.noindex/SwiftDraw.build/Debug/SwiftDrawDOM.build/Objects-normal/arm64/Parser.XML.swiftconstvalues
        /Users/rogerlin/Library/Developer/Xcode/DerivedData/FinancialCalculatorKit-ackorybalcxbfocbkqsfdzcfkgmn/Build/Intermediates.noindex/SwiftDraw.build/Debug/SwiftDrawDOM.build/Objects-normal/arm64/TextOutputStream+StandardError.swiftconstvalues
        /Users/rogerlin/Library/Developer/Xcode/DerivedData/FinancialCalculatorKit-ackorybalcxbfocbkqsfdzcfkgmn/Build/Intermediates.noindex/SwiftDraw.build/Debug/SwiftDrawDOM.build/Objects-normal/arm64/URL+Data.swiftconstvalues
        /Users/rogerlin/Library/Developer/Xcode/DerivedData/FinancialCalculatorKit-ackorybalcxbfocbkqsfdzcfkgmn/Build/Intermediates.noindex/SwiftDraw.build/Debug/SwiftDrawDOM.build/Objects-normal/arm64/URL+Fragment.swiftconstvalues
        /Users/rogerlin/Library/Developer/Xcode/DerivedData/FinancialCalculatorKit-ackorybalcxbfocbkqsfdzcfkgmn/Build/Intermediates.noindex/SwiftDraw.build/Debug/SwiftDrawDOM.build/Objects-normal/arm64/XML.Element.swiftconstvalues
        /Users/rogerlin/Library/Developer/Xcode/DerivedData/FinancialCalculatorKit-ackorybalcxbfocbkqsfdzcfkgmn/Build/Intermediates.noindex/SwiftDraw.build/Debug/SwiftDrawDOM.build/Objects-normal/arm64/XML.SAXParser.swiftconstvalues
Discovered dependency nodes:
/Applications/Xcode.app/Contents/Developer/Platforms/MacOSX.platform/Developer/SDKs/MacOSX26.1.sdk/System/Library/Frameworks/CFNetwork.framework/Modules/module.modulemap
/Applications/Xcode.app/Contents/Developer/Platforms/MacOSX.platform/Developer/SDKs/MacOSX26.1.sdk/System/Library/Frameworks/CFNetwork.framework/Headers/CFNetwork.h
/Applications/Xcode.app/Contents/Developer/Platforms/MacOSX.platform/Developer/SDKs/MacOSX26.1.sdk/System/Library/Frameworks/CoreFoundation.framework/Modules/module.modulemap
/Applications/Xcode.app/Contents/Developer/Platforms/MacOSX.platform/Developer/SDKs/MacOSX26.1.sdk/System/Library/Frameworks/CFNetwork.framework/Headers/CFNetworkDefs.h
/Applications/Xcode.app/Contents/Developer/Platforms/MacOSX.platform/Developer/SDKs/MacOSX26.1.sdk/usr/include/Darwin.modulemap
/Applications/Xcode.app/Contents/Developer/Platforms/MacOSX.platform/Developer/SDKs/MacOSX26.1.sdk/System/Library/Frameworks/CFNetwork.framework/Headers/CFNetworkErrors.h
/Applications/Xcode.app/Contents/Developer/Platforms/MacOSX.platform/Developer/SDKs/MacOSX26.1.sdk/System/Library/Frameworks/CFNetwork.framework/Headers/CFSocketStream.h
/Applications/Xcode.app/Contents/Developer/Platforms/MacOSX.platform/Developer/SDKs/MacOSX26.1.sdk/System/Library/Frameworks/CFNetwork.framework/Headers/CFHost.h
/Applications/Xcode.app/Contents/Developer/Platforms/MacOSX.platform/Developer/SDKs/MacOSX26.1.sdk/System/Library/Frameworks/CFNetwork.framework/Headers/CFNetServices.h
/Applications/Xcode.app/Contents/Developer/Platforms/MacOSX.platform/Developer/SDKs/MacOSX26.1.sdk/System/Library/Frameworks/CFNetwork.framework/Headers/CFFTPStream.h
/Applications/Xcode.app/Contents/Developer/Platforms/MacOSX.platform/Developer/SDKs/MacOSX26.1.sdk/System/Library/Frameworks/CFNetwork.framework/Headers/CFHTTPMessage.h
/Applications/Xcode.app/Contents/Developer/Platforms/MacOSX.platform/Developer/SDKs/MacOSX26.1.sdk/System/Library/Frameworks/CFNetwork.framework/Headers/CFHTTPStream.h
/Applications/Xcode.app/Contents/Developer/Platforms/MacOSX.platform/Developer/SDKs/MacOSX26.1.sdk/System/Library/Frameworks/CFNetwork.framework/Headers/CFHTTPAuthentication.h
/Applications/Xcode.app/Contents/Developer/Platforms/MacOSX.platform/Developer/SDKs/MacOSX26.1.sdk/System/Library/Frameworks/CFNetwork.framework/Headers/CFNetDiagnostics.h
/Applications/Xcode.app/Contents/Developer/Toolchains/XcodeDefault.xctoolchain/usr/lib/swift/clang/include/module.modulemap
/Applications/Xcode.app/Contents/Developer/Platforms/MacOSX.platform/Developer/SDKs/MacOSX26.1.sdk/System/Library/Frameworks/CFNetwork.framework/Headers/CFProxySupport.h
/Applications/Xcode.app/Contents/Developer/Platforms/MacOSX.platform/Developer/SDKs/MacOSX26.1.sdk/SDKSettings.json
/Applications/Xcode.app/Contents/Developer/Toolchains/XcodeDefault.xctoolchain/usr/lib/swift/macosx/prebuilt-modules/26.1/Combine.swiftmodule/arm64e-apple-macos.swiftmodule
/Applications/Xcode.app/Contents/Developer/Platforms/MacOSX.platform/Developer/SDKs/MacOSX26.1.sdk/System/Library/Frameworks/CoreFoundation.framework/Modules/module.modulemap
/Applications/Xcode.app/Contents/Developer/Platforms/MacOSX.platform/Developer/SDKs/MacOSX26.1.sdk/System/Library/Frameworks/CoreFoundation.framework/Headers/CoreFoundation.h
/Applications/Xcode.app/Contents/Developer/Platforms/MacOSX.platform/Developer/SDKs/MacOSX26.1.sdk/usr/include/dispatch.modulemap
/Applications/Xcode.app/Contents/Developer/Platforms/MacOSX.platform/Developer/SDKs/MacOSX26.1.sdk/usr/include/Darwin.modulemap
/Applications/Xcode.app/Contents/Developer/Platforms/MacOSX.platform/Developer/SDKs/MacOSX26.1.sdk/usr/include/Darwin_C.modulemap
/Applications/Xcode.app/Contents/Developer/Platforms/MacOSX.platform/Developer/SDKs/MacOSX26.1.sdk/usr/include/Darwin_POSIX.modulemap
/Applications/Xcode.app/Contents/Developer/Platforms/MacOSX.platform/Developer/SDKs/MacOSX26.1.sdk/usr/include/net.modulemap
/Applications/Xcode.app/Contents/Developer/Platforms/MacOSX.platform/Developer/SDKs/MacOSX26.1.sdk/usr/include/netinet.modulemap
/Applications/Xcode.app/Contents/Developer/Platforms/MacOSX.platform/Developer/SDKs/MacOSX26.1.sdk/usr/include/bank.modulemap
/Applications/Xcode.app/Contents/Developer/Platforms/MacOSX.platform/Developer/SDKs/MacOSX26.1.sdk/usr/include/Darwin_Mach.modulemap
/Applications/Xcode.app/Contents/Developer/Platforms/MacOSX.platform/Developer/SDKs/MacOSX26.1.sdk/usr/include/Darwin_Mach_machine.modulemap
/Applications/Xcode.app/Contents/Developer/Platforms/MacOSX.platform/Developer/SDKs/MacOSX26.1.sdk/usr/include/mach_debug.modulemap
/Applications/Xcode.app/Contents/Developer/Platforms/MacOSX.platform/Developer/SDKs/MacOSX26.1.sdk/usr/include/device.modulemap
/Applications/Xcode.app/Contents/Developer/Platforms/MacOSX.platform/Developer/SDKs/MacOSX26.1.sdk/usr/include/Darwin_machine.modulemap
/Applications/Xcode.app/Contents/Developer/Platforms/MacOSX.platform/Developer/SDKs/MacOSX26.1.sdk/usr/include/ncurses.modulemap
/Applications/Xcode.app/Contents/Developer/Platforms/MacOSX.platform/Developer/SDKs/MacOSX26.1.sdk/usr/include/netinet6.modulemap
/Applications/Xcode.app/Contents/Developer/Platforms/MacOSX.platform/Developer/SDKs/MacOSX26.1.sdk/usr/include/Darwin_sys.modulemap
/Applications/Xcode.app/Contents/Developer/Platforms/MacOSX.platform/Developer/SDKs/MacOSX26.1.sdk/usr/include/uuid.modulemap
/Applications/Xcode.app/Contents/Developer/Platforms/MacOSX.platform/Developer/SDKs/MacOSX26.1.sdk/usr/include/DarwinFoundation2.modulemap
/Applications/Xcode.app/Contents/Developer/Platforms/MacOSX.platform/Developer/SDKs/MacOSX26.1.sdk/usr/include/DarwinFoundation3.modulemap
/Applications/Xcode.app/Contents/Developer/Platforms/MacOSX.platform/Developer/SDKs/MacOSX26.1.sdk/usr/include/DarwinFoundation1.modulemap
/Applications/Xcode.app/Contents/Developer/Toolchains/XcodeDefault.xctoolchain/usr/lib/swift/clang/include/module.modulemap
/Applications/Xcode.app/Contents/Developer/Toolchains/XcodeDefault.xctoolchain/usr/lib/swift/clang/include/stdarg.h
/Applications/Xcode.app/Contents/Developer/Platforms/MacOSX.platform/Developer/SDKs/MacOSX26.1.sdk/usr/include/assert.h
/Applications/Xcode.app/Contents/Developer/Platforms/MacOSX.platform/Developer/SDKs/MacOSX26.1.sdk/usr/include/ctype.h
/Applications/Xcode.app/Contents/Developer/Toolchains/XcodeDefault.xctoolchain/usr/lib/swift/clang/include/stddef.h
/Applications/Xcode.app/Contents/Developer/Platforms/MacOSX.platform/Developer/SDKs/MacOSX26.1.sdk/usr/include/stdio.h
/Applications/Xcode.app/Contents/Developer/Platforms/MacOSX.platform/Developer/SDKs/MacOSX26.1.sdk/usr/include/stdlib.h
/Applications/Xcode.app/Contents/Developer/Platforms/MacOSX.platform/Developer/SDKs/MacOSX26.1.sdk/usr/include/string.h
/Applications/Xcode.app/Contents/Developer/Platforms/MacOSX.platform/Developer/SDKs/MacOSX26.1.sdk/usr/include/time.h
/Applications/Xcode.app/Contents/Developer/Platforms/MacOSX.platform/Developer/SDKs/MacOSX26.1.sdk/System/Library/Frameworks/CoreFoundation.framework/Headers/CFBase.h
/Applications/Xcode.app/Contents/Developer/Platforms/MacOSX.platform/Developer/SDKs/MacOSX26.1.sdk/System/Library/Frameworks/CoreFoundation.framework/Headers/CFAvailability.h
/Applications/Xcode.app/Contents/Developer/Platforms/MacOSX.platform/Developer/SDKs/MacOSX26.1.sdk/System/Library/Frameworks/CoreFoundation.framework/Headers/CFArray.h
/Applications/Xcode.app/Contents/Developer/Platforms/MacOSX.platform/Developer/SDKs/MacOSX26.1.sdk/System/Library/Frameworks/CoreFoundation.framework/Headers/CFBag.h
/Applications/Xcode.app/Contents/Developer/Platforms/MacOSX.platform/Developer/SDKs/MacOSX26.1.sdk/System/Library/Frameworks/CoreFoundation.framework/Headers/CFBinaryHeap.h
/Applications/Xcode.app/Contents/Developer/Platforms/MacOSX.platform/Developer/SDKs/MacOSX26.1.sdk/System/Library/Frameworks/CoreFoundation.framework/Headers/CFBitVector.h
/Applications/Xcode.app/Contents/Developer/Platforms/MacOSX.platform/Developer/SDKs/MacOSX26.1.sdk/System/Library/Frameworks/CoreFoundation.framework/Headers/CFByteOrder.h
/Applications/Xcode.app/Contents/Developer/Platforms/MacOSX.platform/Developer/SDKs/MacOSX26.1.sdk/System/Library/Frameworks/CoreFoundation.framework/Headers/CFCalendar.h
/Applications/Xcode.app/Contents/Developer/Platforms/MacOSX.platform/Developer/SDKs/MacOSX26.1.sdk/System/Library/Frameworks/CoreFoundation.framework/Headers/CFLocale.h
/Applications/Xcode.app/Contents/Developer/Platforms/MacOSX.platform/Developer/SDKs/MacOSX26.1.sdk/System/Library/Frameworks/CoreFoundation.framework/Headers/CFDictionary.h
/Applications/Xcode.app/Contents/Developer/Platforms/MacOSX.platform/Developer/SDKs/MacOSX26.1.sdk/System/Library/Frameworks/CoreFoundation.framework/Headers/CFNotificationCenter.h
/Applications/Xcode.app/Contents/Developer/Platforms/MacOSX.platform/Developer/SDKs/MacOSX26.1.sdk/System/Library/Frameworks/CoreFoundation.framework/Headers/CFDate.h
/Applications/Xcode.app/Contents/Developer/Platforms/MacOSX.platform/Developer/SDKs/MacOSX26.1.sdk/System/Library/Frameworks/CoreFoundation.framework/Headers/CFTimeZone.h
/Applications/Xcode.app/Contents/Developer/Platforms/MacOSX.platform/Developer/SDKs/MacOSX26.1.sdk/System/Library/Frameworks/CoreFoundation.framework/Headers/CFData.h
/Applications/Xcode.app/Contents/Developer/Platforms/MacOSX.platform/Developer/SDKs/MacOSX26.1.sdk/System/Library/Frameworks/CoreFoundation.framework/Headers/CFString.h
/Applications/Xcode.app/Contents/Developer/Platforms/MacOSX.platform/Developer/SDKs/MacOSX26.1.sdk/System/Library/Frameworks/CoreFoundation.framework/Headers/CFCharacterSet.h
/Applications/Xcode.app/Contents/Developer/Platforms/MacOSX.platform/Developer/SDKs/MacOSX26.1.sdk/System/Library/Frameworks/CoreFoundation.framework/Headers/CFError.h
/Applications/Xcode.app/Contents/Developer/Platforms/MacOSX.platform/Developer/SDKs/MacOSX26.1.sdk/System/Library/Frameworks/CoreFoundation.framework/Headers/CFCGTypes.h
/Applications/Xcode.app/Contents/Developer/Platforms/MacOSX.platform/Developer/SDKs/MacOSX26.1.sdk/System/Library/Frameworks/CoreFoundation.framework/Headers/CFDateFormatter.h
/Applications/Xcode.app/Contents/Developer/Platforms/MacOSX.platform/Developer/SDKs/MacOSX26.1.sdk/System/Library/Frameworks/CoreFoundation.framework/Headers/CFNumber.h
/Applications/Xcode.app/Contents/Developer/Platforms/MacOSX.platform/Developer/SDKs/MacOSX26.1.sdk/System/Library/Frameworks/CoreFoundation.framework/Headers/CFNumberFormatter.h
/Applications/Xcode.app/Contents/Developer/Platforms/MacOSX.platform/Developer/SDKs/MacOSX26.1.sdk/System/Library/Frameworks/CoreFoundation.framework/Headers/CFPreferences.h
/Applications/Xcode.app/Contents/Developer/Platforms/MacOSX.platform/Developer/SDKs/MacOSX26.1.sdk/System/Library/Frameworks/CoreFoundation.framework/Headers/CFPropertyList.h
/Applications/Xcode.app/Contents/Developer/Platforms/MacOSX.platform/Developer/SDKs/MacOSX26.1.sdk/System/Library/Frameworks/CoreFoundation.framework/Headers/CFStream.h
/Applications/Xcode.app/Contents/Developer/Platforms/MacOSX.platform/Developer/SDKs/MacOSX26.1.sdk/System/Library/Frameworks/CoreFoundation.framework/Headers/CFURL.h
/Applications/Xcode.app/Contents/Developer/Platforms/MacOSX.platform/Developer/SDKs/MacOSX26.1.sdk/System/Library/Frameworks/CoreFoundation.framework/Headers/CFRunLoop.h
/Applications/Xcode.app/Contents/Developer/Platforms/MacOSX.platform/Developer/SDKs/MacOSX26.1.sdk/System/Library/Frameworks/CoreFoundation.framework/Headers/CFSocket.h
/Applications/Xcode.app/Contents/Developer/Platforms/MacOSX.platform/Developer/SDKs/MacOSX26.1.sdk/System/Library/Frameworks/CoreFoundation.framework/Headers/CFSet.h
/Applications/Xcode.app/Contents/Developer/Platforms/MacOSX.platform/Developer/SDKs/MacOSX26.1.sdk/System/Library/Frameworks/CoreFoundation.framework/Headers/CFStringEncodingExt.h
/Applications/Xcode.app/Contents/Developer/Platforms/MacOSX.platform/Developer/SDKs/MacOSX26.1.sdk/System/Library/Frameworks/CoreFoundation.framework/Headers/CFTree.h
/Applications/Xcode.app/Contents/Developer/Platforms/MacOSX.platform/Developer/SDKs/MacOSX26.1.sdk/System/Library/Frameworks/CoreFoundation.framework/Headers/CFURLAccess.h
/Applications/Xcode.app/Contents/Developer/Platforms/MacOSX.platform/Developer/SDKs/MacOSX26.1.sdk/System/Library/Frameworks/CoreFoundation.framework/Headers/CFUUID.h
/Applications/Xcode.app/Contents/Developer/Platforms/MacOSX.platform/Developer/SDKs/MacOSX26.1.sdk/System/Library/Frameworks/CoreFoundation.framework/Headers/CFUtilities.h
/Applications/Xcode.app/Contents/Developer/Platforms/MacOSX.platform/Developer/SDKs/MacOSX26.1.sdk/System/Library/Frameworks/CoreFoundation.framework/Headers/CFBundle.h
/Applications/Xcode.app/Contents/Developer/Platforms/MacOSX.platform/Developer/SDKs/MacOSX26.1.sdk/System/Library/Frameworks/CoreFoundation.framework/Headers/CFMessagePort.h
/Applications/Xcode.app/Contents/Developer/Platforms/MacOSX.platform/Developer/SDKs/MacOSX26.1.sdk/System/Library/Frameworks/CoreFoundation.framework/Headers/CFPlugIn.h
/Applications/Xcode.app/Contents/Developer/Platforms/MacOSX.platform/Developer/SDKs/MacOSX26.1.sdk/System/Library/Frameworks/CoreFoundation.framework/Headers/CFMachPort.h
/Applications/Xcode.app/Contents/Developer/Platforms/MacOSX.platform/Developer/SDKs/MacOSX26.1.sdk/System/Library/Frameworks/CoreFoundation.framework/Headers/CFAttributedString.h
/Applications/Xcode.app/Contents/Developer/Platforms/MacOSX.platform/Developer/SDKs/MacOSX26.1.sdk/System/Library/Frameworks/CoreFoundation.framework/Headers/CFURLEnumerator.h
/Applications/Xcode.app/Contents/Developer/Platforms/MacOSX.platform/Developer/SDKs/MacOSX26.1.sdk/System/Library/Frameworks/CoreFoundation.framework/Headers/CFFileSecurity.h
/Applications/Xcode.app/Contents/Developer/Platforms/MacOSX.platform/Developer/SDKs/MacOSX26.1.sdk/System/Library/Frameworks/CoreFoundation.framework/Headers/CFStringTokenizer.h
/Applications/Xcode.app/Contents/Developer/Platforms/MacOSX.platform/Developer/SDKs/MacOSX26.1.sdk/System/Library/Frameworks/CoreFoundation.framework/Headers/CFFileDescriptor.h
/Applications/Xcode.app/Contents/Developer/Platforms/MacOSX.platform/Developer/SDKs/MacOSX26.1.sdk/System/Library/Frameworks/CoreFoundation.framework/Headers/CFUserNotification.h
/Applications/Xcode.app/Contents/Developer/Platforms/MacOSX.platform/Developer/SDKs/MacOSX26.1.sdk/System/Library/Frameworks/CoreFoundation.framework/Headers/CFXMLNode.h
/Applications/Xcode.app/Contents/Developer/Platforms/MacOSX.platform/Developer/SDKs/MacOSX26.1.sdk/System/Library/Frameworks/CoreFoundation.framework/Headers/CFXMLParser.h
/Applications/Xcode.app/Contents/Developer/Platforms/MacOSX.platform/Developer/SDKs/MacOSX26.1.sdk/System/Library/Frameworks/CoreFoundation.framework/Headers/CFPlugInCOM.h
/Applications/Xcode.app/Contents/Developer/Platforms/MacOSX.platform/Developer/SDKs/MacOSX26.1.sdk/SDKSettings.json
/Applications/Xcode.app/Contents/Developer/Toolchains/XcodeDefault.xctoolchain/usr/lib/swift/macosx/prebuilt-modules/26.1/CoreFoundation.swiftmodule/arm64e-apple-macos.swiftmodule
/Applications/Xcode.app/Contents/Developer/Platforms/MacOSX.platform/Developer/SDKs/MacOSX26.1.sdk/System/Library/Frameworks/CoreServices.framework/Modules/module.modulemap
/Applications/Xcode.app/Contents/Developer/Platforms/MacOSX.platform/Developer/SDKs/MacOSX26.1.sdk/System/Library/Frameworks/CoreServices.framework/Headers/CoreServices.h
/Applications/Xcode.app/Contents/Developer/Platforms/MacOSX.platform/Developer/SDKs/MacOSX26.1.sdk/System/Library/Frameworks/CoreFoundation.framework/Modules/module.modulemap
/Applications/Xcode.app/Contents/Developer/Platforms/MacOSX.platform/Developer/SDKs/MacOSX26.1.sdk/System/Library/Frameworks/CoreServices.framework/Frameworks/AE.framework/Headers/AE.h
/Applications/Xcode.app/Contents/Developer/Platforms/MacOSX.platform/Developer/SDKs/MacOSX26.1.sdk/System/Library/Frameworks/CoreServices.framework/Frameworks/CarbonCore.framework/Headers/CarbonCore.h
/Applications/Xcode.app/Contents/Developer/Platforms/MacOSX.platform/Developer/SDKs/MacOSX26.1.sdk/System/Library/Frameworks/CoreServices.framework/Frameworks/CarbonCore.framework/Headers/Finder.h
/Applications/Xcode.app/Contents/Developer/Platforms/MacOSX.platform/Developer/SDKs/MacOSX26.1.sdk/usr/include/dispatch.modulemap
/Applications/Xcode.app/Contents/Developer/Platforms/MacOSX.platform/Developer/SDKs/MacOSX26.1.sdk/usr/include/Darwin.modulemap
/Applications/Xcode.app/Contents/Developer/Platforms/MacOSX.platform/Developer/SDKs/MacOSX26.1.sdk/usr/include/DarwinFoundation2.modulemap
/Applications/Xcode.app/Contents/Developer/Platforms/MacOSX.platform/Developer/SDKs/MacOSX26.1.sdk/usr/include/DarwinFoundation1.modulemap
/Applications/Xcode.app/Contents/Developer/Platforms/MacOSX.platform/Developer/SDKs/MacOSX26.1.sdk/System/Library/Frameworks/CoreServices.framework/Frameworks/CarbonCore.framework/Headers/FixMath.h
/Applications/Xcode.app/Contents/Developer/Platforms/MacOSX.platform/Developer/SDKs/MacOSX26.1.sdk/System/Library/Frameworks/CoreServices.framework/Frameworks/CarbonCore.framework/Headers/Script.h
/Applications/Xcode.app/Contents/Developer/Platforms/MacOSX.platform/Developer/SDKs/MacOSX26.1.sdk/System/Library/Frameworks/CoreServices.framework/Frameworks/CarbonCore.framework/Headers/IntlResources.h
/Applications/Xcode.app/Contents/Developer/Platforms/MacOSX.platform/Developer/SDKs/MacOSX26.1.sdk/System/Library/Frameworks/CoreServices.framework/Frameworks/CarbonCore.framework/Headers/UTCUtils.h
/Applications/Xcode.app/Contents/Developer/Platforms/MacOSX.platform/Developer/SDKs/MacOSX26.1.sdk/System/Library/Frameworks/CoreServices.framework/Frameworks/CarbonCore.framework/Headers/MacErrors.h
/Applications/Xcode.app/Contents/Developer/Platforms/MacOSX.platform/Developer/SDKs/MacOSX26.1.sdk/System/Library/Frameworks/CoreServices.framework/Frameworks/CarbonCore.framework/Headers/TextCommon.h
/Applications/Xcode.app/Contents/Developer/Platforms/MacOSX.platform/Developer/SDKs/MacOSX26.1.sdk/System/Library/Frameworks/CoreServices.framework/Frameworks/CarbonCore.framework/Headers/Collections.h
/Applications/Xcode.app/Contents/Developer/Platforms/MacOSX.platform/Developer/SDKs/MacOSX26.1.sdk/System/Library/Frameworks/CoreServices.framework/Frameworks/CarbonCore.framework/Headers/MixedMode.h
/Applications/Xcode.app/Contents/Developer/Platforms/MacOSX.platform/Developer/SDKs/MacOSX26.1.sdk/System/Library/Frameworks/CoreServices.framework/Frameworks/CarbonCore.framework/Headers/Endian.h
/Applications/Xcode.app/Contents/Developer/Platforms/MacOSX.platform/Developer/SDKs/MacOSX26.1.sdk/System/Library/Frameworks/CoreServices.framework/Frameworks/CarbonCore.framework/Headers/Gestalt.h
/Applications/Xcode.app/Contents/Developer/Platforms/MacOSX.platform/Developer/SDKs/MacOSX26.1.sdk/System/Library/Frameworks/CoreServices.framework/Frameworks/CarbonCore.framework/Headers/MacMemory.h
/Applications/Xcode.app/Contents/Developer/Platforms/MacOSX.platform/Developer/SDKs/MacOSX26.1.sdk/System/Library/Frameworks/CoreServices.framework/Frameworks/CarbonCore.framework/Headers/Math64.h
/Applications/Xcode.app/Contents/Developer/Platforms/MacOSX.platform/Developer/SDKs/MacOSX26.1.sdk/System/Library/Frameworks/CoreServices.framework/Frameworks/CarbonCore.framework/Headers/BackupCore.h
/Applications/Xcode.app/Contents/Developer/Platforms/MacOSX.platform/Developer/SDKs/MacOSX26.1.sdk/System/Library/Frameworks/CoreServices.framework/Frameworks/CarbonCore.framework/Headers/DiskSpaceRecovery.h
/Applications/Xcode.app/Contents/Developer/Platforms/MacOSX.platform/Developer/SDKs/MacOSX26.1.sdk/System/Library/Frameworks/CoreServices.framework/Frameworks/CarbonCore.framework/Headers/Components.h
/Applications/Xcode.app/Contents/Developer/Platforms/MacOSX.platform/Developer/SDKs/MacOSX26.1.sdk/System/Library/Frameworks/CoreServices.framework/Frameworks/CarbonCore.framework/Headers/Files.h
/Applications/Xcode.app/Contents/Developer/Platforms/MacOSX.platform/Developer/SDKs/MacOSX26.1.sdk/System/Library/Frameworks/CoreServices.framework/Frameworks/CarbonCore.framework/Headers/OSUtils.h
/Applications/Xcode.app/Contents/Developer/Platforms/MacOSX.platform/Developer/SDKs/MacOSX26.1.sdk/System/Library/Frameworks/CoreServices.framework/Frameworks/CarbonCore.framework/Headers/DateTimeUtils.h
/Applications/Xcode.app/Contents/Developer/Platforms/MacOSX.platform/Developer/SDKs/MacOSX26.1.sdk/System/Library/Frameworks/DiskArbitration.framework/Modules/module.modulemap
/Applications/Xcode.app/Contents/Developer/Platforms/MacOSX.platform/Developer/SDKs/MacOSX26.1.sdk/System/Library/Frameworks/CoreServices.framework/Frameworks/CarbonCore.framework/Headers/Resources.h
/Applications/Xcode.app/Contents/Developer/Platforms/MacOSX.platform/Developer/SDKs/MacOSX26.1.sdk/System/Library/Frameworks/CoreServices.framework/Frameworks/CarbonCore.framework/Headers/CodeFragments.h
/Applications/Xcode.app/Contents/Developer/Platforms/MacOSX.platform/Developer/SDKs/MacOSX26.1.sdk/System/Library/Frameworks/CoreServices.framework/Frameworks/CarbonCore.framework/Headers/Multiprocessing.h
/Applications/Xcode.app/Contents/Developer/Platforms/MacOSX.platform/Developer/SDKs/MacOSX26.1.sdk/System/Library/Frameworks/CoreServices.framework/Frameworks/CarbonCore.framework/Headers/Aliases.h
/Applications/Xcode.app/Contents/Developer/Platforms/MacOSX.platform/Developer/SDKs/MacOSX26.1.sdk/System/Library/Frameworks/CoreServices.framework/Frameworks/CarbonCore.framework/Headers/MacLocales.h
/Applications/Xcode.app/Contents/Developer/Platforms/MacOSX.platform/Developer/SDKs/MacOSX26.1.sdk/System/Library/Frameworks/CoreServices.framework/Frameworks/CarbonCore.framework/Headers/Debugging.h
/Applications/Xcode.app/Contents/Developer/Platforms/MacOSX.platform/Developer/SDKs/MacOSX26.1.sdk/System/Library/Frameworks/CoreServices.framework/Frameworks/CarbonCore.framework/Headers/PLStringFuncs.h
/Applications/Xcode.app/Contents/Developer/Platforms/MacOSX.platform/Developer/SDKs/MacOSX26.1.sdk/System/Library/Frameworks/CoreServices.framework/Frameworks/CarbonCore.framework/Headers/DriverSynchronization.h
/Applications/Xcode.app/Contents/Developer/Platforms/MacOSX.platform/Developer/SDKs/MacOSX26.1.sdk/System/Library/Frameworks/CoreServices.framework/Frameworks/CarbonCore.framework/Headers/DriverServices.h
/Applications/Xcode.app/Contents/Developer/Platforms/MacOSX.platform/Developer/SDKs/MacOSX26.1.sdk/System/Library/Frameworks/CoreServices.framework/Frameworks/CarbonCore.framework/Headers/MachineExceptions.h
/Applications/Xcode.app/Contents/Developer/Platforms/MacOSX.platform/Developer/SDKs/MacOSX26.1.sdk/System/Library/Frameworks/CoreServices.framework/Frameworks/CarbonCore.framework/Headers/NumberFormatting.h
/Applications/Xcode.app/Contents/Developer/Platforms/MacOSX.platform/Developer/SDKs/MacOSX26.1.sdk/System/Library/Frameworks/CoreServices.framework/Frameworks/CarbonCore.framework/Headers/StringCompare.h
/Applications/Xcode.app/Contents/Developer/Platforms/MacOSX.platform/Developer/SDKs/MacOSX26.1.sdk/System/Library/Frameworks/CoreServices.framework/Frameworks/CarbonCore.framework/Headers/TextUtils.h
/Applications/Xcode.app/Contents/Developer/Platforms/MacOSX.platform/Developer/SDKs/MacOSX26.1.sdk/System/Library/Frameworks/CoreServices.framework/Frameworks/CarbonCore.framework/Headers/ToolUtils.h
/Applications/Xcode.app/Contents/Developer/Platforms/MacOSX.platform/Developer/SDKs/MacOSX26.1.sdk/System/Library/Frameworks/CoreServices.framework/Frameworks/CarbonCore.framework/Headers/UnicodeUtilities.h
/Applications/Xcode.app/Contents/Developer/Platforms/MacOSX.platform/Developer/SDKs/MacOSX26.1.sdk/System/Library/Frameworks/CoreServices.framework/Frameworks/CarbonCore.framework/Headers/fp.h
/Applications/Xcode.app/Contents/Developer/Platforms/MacOSX.platform/Developer/SDKs/MacOSX26.1.sdk/System/Library/Frameworks/CoreServices.framework/Frameworks/CarbonCore.framework/Headers/TextEncodingConverter.h
/Applications/Xcode.app/Contents/Developer/Platforms/MacOSX.platform/Developer/SDKs/MacOSX26.1.sdk/System/Library/Frameworks/CoreServices.framework/Frameworks/CarbonCore.framework/Headers/UnicodeConverter.h
/Applications/Xcode.app/Contents/Developer/Platforms/MacOSX.platform/Developer/SDKs/MacOSX26.1.sdk/System/Library/Frameworks/CoreServices.framework/Frameworks/CarbonCore.framework/Headers/Threads.h
/Applications/Xcode.app/Contents/Developer/Platforms/MacOSX.platform/Developer/SDKs/MacOSX26.1.sdk/System/Library/Frameworks/CoreServices.framework/Frameworks/CarbonCore.framework/Headers/Folders.h
/Applications/Xcode.app/Contents/Developer/Platforms/MacOSX.platform/Developer/SDKs/MacOSX26.1.sdk/System/Library/Frameworks/CoreServices.framework/Frameworks/CarbonCore.framework/Headers/Timer.h
/Applications/Xcode.app/Contents/Developer/Platforms/MacOSX.platform/Developer/SDKs/MacOSX26.1.sdk/System/Library/Frameworks/CoreServices.framework/Frameworks/CarbonCore.framework/Headers/MultiprocessingInfo.h
/Applications/Xcode.app/Contents/Developer/Platforms/MacOSX.platform/Developer/SDKs/MacOSX26.1.sdk/System/Library/Frameworks/CoreServices.framework/Frameworks/CarbonCore.framework/Headers/LowMem.h
/Applications/Xcode.app/Contents/Developer/Platforms/MacOSX.platform/Developer/SDKs/MacOSX26.1.sdk/System/Library/Frameworks/CoreServices.framework/Frameworks/CarbonCore.framework/Headers/AVLTree.h
/Applications/Xcode.app/Contents/Developer/Platforms/MacOSX.platform/Developer/SDKs/MacOSX26.1.sdk/System/Library/Frameworks/CoreServices.framework/Frameworks/CarbonCore.framework/Headers/PEFBinaryFormat.h
/Applications/Xcode.app/Contents/Developer/Platforms/MacOSX.platform/Developer/SDKs/MacOSX26.1.sdk/System/Library/Frameworks/CoreServices.framework/Frameworks/CarbonCore.framework/Headers/HFSVolumes.h
/Applications/Xcode.app/Contents/Developer/Platforms/MacOSX.platform/Developer/SDKs/MacOSX26.1.sdk/System/Library/Frameworks/CoreServices.framework/Frameworks/CarbonCore.framework/Headers/AIFF.h
/Applications/Xcode.app/Contents/Developer/Toolchains/XcodeDefault.xctoolchain/usr/lib/swift/clang/include/module.modulemap
/Applications/Xcode.app/Contents/Developer/Platforms/MacOSX.platform/Developer/SDKs/MacOSX26.1.sdk/System/Library/Frameworks/CoreServices.framework/Frameworks/CarbonCore.framework/Headers/TextEncodingPlugin.h
/Applications/Xcode.app/Contents/Developer/Platforms/MacOSX.platform/Developer/SDKs/MacOSX26.1.sdk/System/Library/Frameworks/CoreServices.framework/Frameworks/AE.framework/Headers/AEDataModel.h
/Applications/Xcode.app/Contents/Developer/Platforms/MacOSX.platform/Developer/SDKs/MacOSX26.1.sdk/System/Library/Frameworks/CoreServices.framework/Frameworks/AE.framework/Headers/AppleEvents.h
/Applications/Xcode.app/Contents/Developer/Platforms/MacOSX.platform/Developer/SDKs/MacOSX26.1.sdk/System/Library/Frameworks/CoreServices.framework/Frameworks/AE.framework/Headers/AEPackObject.h
/Applications/Xcode.app/Contents/Developer/Platforms/MacOSX.platform/Developer/SDKs/MacOSX26.1.sdk/System/Library/Frameworks/CoreServices.framework/Frameworks/AE.framework/Headers/AEObjects.h
/Applications/Xcode.app/Contents/Developer/Platforms/MacOSX.platform/Developer/SDKs/MacOSX26.1.sdk/System/Library/Frameworks/CoreServices.framework/Frameworks/AE.framework/Headers/AERegistry.h
/Applications/Xcode.app/Contents/Developer/Platforms/MacOSX.platform/Developer/SDKs/MacOSX26.1.sdk/System/Library/Frameworks/CoreServices.framework/Frameworks/AE.framework/Headers/AEUserTermTypes.h
/Applications/Xcode.app/Contents/Developer/Platforms/MacOSX.platform/Developer/SDKs/MacOSX26.1.sdk/System/Library/Frameworks/CoreServices.framework/Frameworks/AE.framework/Headers/AEHelpers.h
/Applications/Xcode.app/Contents/Developer/Toolchains/XcodeDefault.xctoolchain/usr/lib/swift/clang/include/stdarg.h
/Applications/Xcode.app/Contents/Developer/Platforms/MacOSX.platform/Developer/SDKs/MacOSX26.1.sdk/System/Library/Frameworks/CoreServices.framework/Frameworks/AE.framework/Headers/AEMach.h
/Applications/Xcode.app/Contents/Developer/Platforms/MacOSX.platform/Developer/SDKs/MacOSX26.1.sdk/System/Library/Frameworks/CFNetwork.framework/Modules/module.modulemap
/Applications/Xcode.app/Contents/Developer/Platforms/MacOSX.platform/Developer/SDKs/MacOSX26.1.sdk/System/Library/Frameworks/CoreServices.framework/Frameworks/DictionaryServices.framework/Headers/DictionaryServices.h
/Applications/Xcode.app/Contents/Developer/Platforms/MacOSX.platform/Developer/SDKs/MacOSX26.1.sdk/System/Library/Frameworks/CoreServices.framework/Frameworks/LaunchServices.framework/Headers/LaunchServices.h
/Applications/Xcode.app/Contents/Developer/Platforms/MacOSX.platform/Developer/SDKs/MacOSX26.1.sdk/System/Library/Frameworks/CoreServices.framework/Frameworks/LaunchServices.framework/Headers/IconsCore.h
/Applications/Xcode.app/Contents/Developer/Platforms/MacOSX.platform/Developer/SDKs/MacOSX26.1.sdk/System/Library/Frameworks/CoreServices.framework/Frameworks/OSServices.framework/Headers/OSServices.h
/Applications/Xcode.app/Contents/Developer/Platforms/MacOSX.platform/Developer/SDKs/MacOSX26.1.sdk/System/Library/Frameworks/CoreServices.framework/Frameworks/OSServices.framework/Headers/CSIdentity.h
/Applications/Xcode.app/Contents/Developer/Platforms/MacOSX.platform/Developer/SDKs/MacOSX26.1.sdk/System/Library/Frameworks/CoreServices.framework/Frameworks/OSServices.framework/Headers/CSIdentityBase.h
/Applications/Xcode.app/Contents/Developer/Platforms/MacOSX.platform/Developer/SDKs/MacOSX26.1.sdk/System/Library/Frameworks/Security.framework/Modules/module.modulemap
/Applications/Xcode.app/Contents/Developer/Platforms/MacOSX.platform/Developer/SDKs/MacOSX26.1.sdk/System/Library/Frameworks/CoreServices.framework/Frameworks/OSServices.framework/Headers/CSIdentityAuthority.h
/Applications/Xcode.app/Contents/Developer/Platforms/MacOSX.platform/Developer/SDKs/MacOSX26.1.sdk/System/Library/Frameworks/CoreServices.framework/Frameworks/OSServices.framework/Headers/CSIdentityQuery.h
/Applications/Xcode.app/Contents/Developer/Platforms/MacOSX.platform/Developer/SDKs/MacOSX26.1.sdk/System/Library/Frameworks/CoreServices.framework/Frameworks/OSServices.framework/Headers/IconStorage.h
/Applications/Xcode.app/Contents/Developer/Platforms/MacOSX.platform/Developer/SDKs/MacOSX26.1.sdk/System/Library/Frameworks/CoreServices.framework/Frameworks/OSServices.framework/Headers/Power.h
/Applications/Xcode.app/Contents/Developer/Platforms/MacOSX.platform/Developer/SDKs/MacOSX26.1.sdk/System/Library/Frameworks/CoreServices.framework/Frameworks/OSServices.framework/Headers/SecurityCore.h
/Applications/Xcode.app/Contents/Developer/Platforms/MacOSX.platform/Developer/SDKs/MacOSX26.1.sdk/System/Library/Frameworks/CoreServices.framework/Frameworks/OSServices.framework/Headers/KeychainCore.h
/Applications/Xcode.app/Contents/Developer/Platforms/MacOSX.platform/Developer/SDKs/MacOSX26.1.sdk/System/Library/Frameworks/CoreServices.framework/Frameworks/OSServices.framework/Headers/WSMethodInvocation.h
/Applications/Xcode.app/Contents/Developer/Platforms/MacOSX.platform/Developer/SDKs/MacOSX26.1.sdk/System/Library/Frameworks/CoreServices.framework/Frameworks/OSServices.framework/Headers/WSTypes.h
/Applications/Xcode.app/Contents/Developer/Platforms/MacOSX.platform/Developer/SDKs/MacOSX26.1.sdk/System/Library/Frameworks/CoreServices.framework/Frameworks/OSServices.framework/Headers/WSProtocolHandler.h
/Applications/Xcode.app/Contents/Developer/Platforms/MacOSX.platform/Developer/SDKs/MacOSX26.1.sdk/System/Library/Frameworks/CoreServices.framework/Frameworks/LaunchServices.framework/Headers/LSConstants.h
/Applications/Xcode.app/Contents/Developer/Platforms/MacOSX.platform/Developer/SDKs/MacOSX26.1.sdk/System/Library/Frameworks/CoreServices.framework/Frameworks/LaunchServices.framework/Headers/LSInfo.h
/Applications/Xcode.app/Contents/Developer/Platforms/MacOSX.platform/Developer/SDKs/MacOSX26.1.sdk/System/Library/Frameworks/CoreServices.framework/Frameworks/LaunchServices.framework/Headers/LSInfoDeprecated.h
/Applications/Xcode.app/Contents/Developer/Platforms/MacOSX.platform/Developer/SDKs/MacOSX26.1.sdk/System/Library/Frameworks/CoreServices.framework/Frameworks/LaunchServices.framework/Headers/LSOpen.h
/Applications/Xcode.app/Contents/Developer/Platforms/MacOSX.platform/Developer/SDKs/MacOSX26.1.sdk/System/Library/Frameworks/CoreServices.framework/Frameworks/LaunchServices.framework/Headers/LSOpenDeprecated.h
/Applications/Xcode.app/Contents/Developer/Platforms/MacOSX.platform/Developer/SDKs/MacOSX26.1.sdk/System/Library/Frameworks/CoreServices.framework/Frameworks/LaunchServices.framework/Headers/LSQuarantine.h
/Applications/Xcode.app/Contents/Developer/Platforms/MacOSX.platform/Developer/SDKs/MacOSX26.1.sdk/System/Library/Frameworks/CoreServices.framework/Frameworks/LaunchServices.framework/Headers/UTCoreTypes.h
/Applications/Xcode.app/Contents/Developer/Platforms/MacOSX.platform/Developer/SDKs/MacOSX26.1.sdk/System/Library/Frameworks/CoreServices.framework/Frameworks/LaunchServices.framework/Headers/UTType.h
/Applications/Xcode.app/Contents/Developer/Platforms/MacOSX.platform/Developer/SDKs/MacOSX26.1.sdk/System/Library/Frameworks/CoreServices.framework/Frameworks/Metadata.framework/Headers/Metadata.h
/Applications/Xcode.app/Contents/Developer/Platforms/MacOSX.platform/Developer/SDKs/MacOSX26.1.sdk/System/Library/Frameworks/CoreServices.framework/Frameworks/Metadata.framework/Headers/MDItem.h
/Applications/Xcode.app/Contents/Developer/Platforms/MacOSX.platform/Developer/SDKs/MacOSX26.1.sdk/System/Library/Frameworks/CoreServices.framework/Frameworks/Metadata.framework/Headers/MDLabel.h
/Applications/Xcode.app/Contents/Developer/Platforms/MacOSX.platform/Developer/SDKs/MacOSX26.1.sdk/System/Library/Frameworks/CoreServices.framework/Frameworks/Metadata.framework/Headers/MDQuery.h
/Applications/Xcode.app/Contents/Developer/Platforms/MacOSX.platform/Developer/SDKs/MacOSX26.1.sdk/System/Library/Frameworks/CoreServices.framework/Frameworks/Metadata.framework/Headers/MDSchema.h
/Applications/Xcode.app/Contents/Developer/Platforms/MacOSX.platform/Developer/SDKs/MacOSX26.1.sdk/System/Library/Frameworks/CoreServices.framework/Frameworks/Metadata.framework/Headers/MDImporter.h
/Applications/Xcode.app/Contents/Developer/Platforms/MacOSX.platform/Developer/SDKs/MacOSX26.1.sdk/System/Library/Frameworks/CoreServices.framework/Frameworks/SearchKit.framework/Headers/SearchKit.h
/Applications/Xcode.app/Contents/Developer/Platforms/MacOSX.platform/Developer/SDKs/MacOSX26.1.sdk/System/Library/Frameworks/CoreServices.framework/Frameworks/SearchKit.framework/Headers/SKDocument.h
/Applications/Xcode.app/Contents/Developer/Platforms/MacOSX.platform/Developer/SDKs/MacOSX26.1.sdk/System/Library/Frameworks/CoreServices.framework/Frameworks/SearchKit.framework/Headers/SKAnalysis.h
/Applications/Xcode.app/Contents/Developer/Platforms/MacOSX.platform/Developer/SDKs/MacOSX26.1.sdk/System/Library/Frameworks/CoreServices.framework/Frameworks/SearchKit.framework/Headers/SKIndex.h
/Applications/Xcode.app/Contents/Developer/Platforms/MacOSX.platform/Developer/SDKs/MacOSX26.1.sdk/System/Library/Frameworks/CoreServices.framework/Frameworks/SearchKit.framework/Headers/SKSearch.h
/Applications/Xcode.app/Contents/Developer/Platforms/MacOSX.platform/Developer/SDKs/MacOSX26.1.sdk/System/Library/Frameworks/CoreServices.framework/Frameworks/SearchKit.framework/Headers/SKSummary.h
/Applications/Xcode.app/Contents/Developer/Platforms/MacOSX.platform/Developer/SDKs/MacOSX26.1.sdk/System/Library/Frameworks/CoreServices.framework/Frameworks/FSEvents.framework/Headers/FSEvents.h
/Applications/Xcode.app/Contents/Developer/Platforms/MacOSX.platform/Developer/SDKs/MacOSX26.1.sdk/System/Library/Frameworks/CoreServices.framework/Frameworks/SharedFileList.framework/Headers/SharedFileList.h
/Applications/Xcode.app/Contents/Developer/Platforms/MacOSX.platform/Developer/SDKs/MacOSX26.1.sdk/System/Library/Frameworks/CoreServices.framework/Frameworks/SharedFileList.framework/Headers/LSSharedFileList.h
/Applications/Xcode.app/Contents/Developer/Platforms/MacOSX.platform/Developer/SDKs/MacOSX26.1.sdk/SDKSettings.json
/Applications/Xcode.app/Contents/Developer/Toolchains/XcodeDefault.xctoolchain/usr/lib/swift/macosx/prebuilt-modules/26.1/Darwin.swiftmodule/arm64e-apple-macos.swiftmodule
/Applications/Xcode.app/Contents/Developer/Platforms/MacOSX.platform/Developer/SDKs/MacOSX26.1.sdk/usr/include/Darwin.modulemap
/Applications/Xcode.app/Contents/Developer/Platforms/MacOSX.platform/Developer/SDKs/MacOSX26.1.sdk/usr/include/Darwin_C.modulemap
/Applications/Xcode.app/Contents/Developer/Platforms/MacOSX.platform/Developer/SDKs/MacOSX26.1.sdk/usr/include/Darwin_POSIX.modulemap
/Applications/Xcode.app/Contents/Developer/Platforms/MacOSX.platform/Developer/SDKs/MacOSX26.1.sdk/usr/include/net.modulemap
/Applications/Xcode.app/Contents/Developer/Platforms/MacOSX.platform/Developer/SDKs/MacOSX26.1.sdk/usr/include/netinet.modulemap
/Applications/Xcode.app/Contents/Developer/Platforms/MacOSX.platform/Developer/SDKs/MacOSX26.1.sdk/usr/include/bank.modulemap
/Applications/Xcode.app/Contents/Developer/Platforms/MacOSX.platform/Developer/SDKs/MacOSX26.1.sdk/usr/include/Darwin_Mach.modulemap
/Applications/Xcode.app/Contents/Developer/Platforms/MacOSX.platform/Developer/SDKs/MacOSX26.1.sdk/usr/include/Darwin_Mach_machine.modulemap
/Applications/Xcode.app/Contents/Developer/Platforms/MacOSX.platform/Developer/SDKs/MacOSX26.1.sdk/usr/include/mach_debug.modulemap
/Applications/Xcode.app/Contents/Developer/Platforms/MacOSX.platform/Developer/SDKs/MacOSX26.1.sdk/usr/include/device.modulemap
/Applications/Xcode.app/Contents/Developer/Platforms/MacOSX.platform/Developer/SDKs/MacOSX26.1.sdk/usr/include/Darwin_machine.modulemap
/Applications/Xcode.app/Contents/Developer/Platforms/MacOSX.platform/Developer/SDKs/MacOSX26.1.sdk/usr/include/ncurses.modulemap
/Applications/Xcode.app/Contents/Developer/Platforms/MacOSX.platform/Developer/SDKs/MacOSX26.1.sdk/usr/include/netinet6.modulemap
/Applications/Xcode.app/Contents/Developer/Platforms/MacOSX.platform/Developer/SDKs/MacOSX26.1.sdk/usr/include/Darwin_sys.modulemap
/Applications/Xcode.app/Contents/Developer/Platforms/MacOSX.platform/Developer/SDKs/MacOSX26.1.sdk/usr/include/uuid.modulemap
/Applications/Xcode.app/Contents/Developer/Platforms/MacOSX.platform/Developer/SDKs/MacOSX26.1.sdk/usr/include/DarwinFoundation2.modulemap
/Applications/Xcode.app/Contents/Developer/Platforms/MacOSX.platform/Developer/SDKs/MacOSX26.1.sdk/usr/include/DarwinFoundation3.modulemap
/Applications/Xcode.app/Contents/Developer/Platforms/MacOSX.platform/Developer/SDKs/MacOSX26.1.sdk/usr/include/DarwinFoundation1.modulemap
/Applications/Xcode.app/Contents/Developer/Platforms/MacOSX.platform/Developer/SDKs/MacOSX26.1.sdk/usr/include/copyfile.h
/Applications/Xcode.app/Contents/Developer/Toolchains/XcodeDefault.xctoolchain/usr/lib/swift/clang/include/module.modulemap
/Applications/Xcode.app/Contents/Developer/Platforms/MacOSX.platform/Developer/SDKs/MacOSX26.1.sdk/usr/include/err.h
/Applications/Xcode.app/Contents/Developer/Platforms/MacOSX.platform/Developer/SDKs/MacOSX26.1.sdk/usr/include/readpassphrase.h
/Applications/Xcode.app/Contents/Developer/Platforms/MacOSX.platform/Developer/SDKs/MacOSX26.1.sdk/usr/include/util.h
/Applications/Xcode.app/Contents/Developer/Platforms/MacOSX.platform/Developer/SDKs/MacOSX26.1.sdk/usr/include/sys/ttycom.h
/Applications/Xcode.app/Contents/Developer/Platforms/MacOSX.platform/Developer/SDKs/MacOSX26.1.sdk/usr/include/sys/ioccom.h
/Applications/Xcode.app/Contents/Developer/Platforms/MacOSX.platform/Developer/SDKs/MacOSX26.1.sdk/usr/include/stdio.h
/Applications/Xcode.app/Contents/Developer/Platforms/MacOSX.platform/Developer/SDKs/MacOSX26.1.sdk/usr/include/pwd.h
/Applications/Xcode.app/Contents/Developer/Platforms/MacOSX.platform/Developer/SDKs/MacOSX26.1.sdk/usr/include/uuid/uuid.h
/Applications/Xcode.app/Contents/Developer/Platforms/MacOSX.platform/Developer/SDKs/MacOSX26.1.sdk/usr/include/termios.h
/Applications/Xcode.app/Contents/Developer/Platforms/MacOSX.platform/Developer/SDKs/MacOSX26.1.sdk/usr/include/sys/termios.h
/Applications/Xcode.app/Contents/Developer/Platforms/MacOSX.platform/Developer/SDKs/MacOSX26.1.sdk/usr/include/sys/ttydefaults.h
/Applications/Xcode.app/Contents/Developer/Platforms/MacOSX.platform/Developer/SDKs/MacOSX26.1.sdk/usr/include/utmp.h
/Applications/Xcode.app/Contents/Developer/Platforms/MacOSX.platform/Developer/SDKs/MacOSX26.1.sdk/usr/include/xattr_flags.h
/Applications/Xcode.app/Contents/Developer/Platforms/MacOSX.platform/Developer/SDKs/MacOSX26.1.sdk/usr/include/_modules/_darwin_c_ctype.h
/Applications/Xcode.app/Contents/Developer/Platforms/MacOSX.platform/Developer/SDKs/MacOSX26.1.sdk/usr/include/ctype.h
/Applications/Xcode.app/Contents/Developer/Platforms/MacOSX.platform/Developer/SDKs/MacOSX26.1.sdk/usr/include/_modules/_darwin_c_errno.h
/Applications/Xcode.app/Contents/Developer/Platforms/MacOSX.platform/Developer/SDKs/MacOSX26.1.sdk/usr/include/_modules/_darwin_c_inttypes.h
/Applications/Xcode.app/Contents/Developer/Platforms/MacOSX.platform/Developer/SDKs/MacOSX26.1.sdk/usr/include/_modules/_darwin_c_limits.h
/Applications/Xcode.app/Contents/Developer/Platforms/MacOSX.platform/Developer/SDKs/MacOSX26.1.sdk/usr/include/_modules/_darwin_c_signal.h
/Applications/Xcode.app/Contents/Developer/Platforms/MacOSX.platform/Developer/SDKs/MacOSX26.1.sdk/usr/include/_modules/_darwin_c_stdarg.h
/Applications/Xcode.app/Contents/Developer/Toolchains/XcodeDefault.xctoolchain/usr/lib/swift/clang/include/stdarg.h
/Applications/Xcode.app/Contents/Developer/Platforms/MacOSX.platform/Developer/SDKs/MacOSX26.1.sdk/usr/include/_modules/_darwin_c_stdbool.h
/Applications/Xcode.app/Contents/Developer/Platforms/MacOSX.platform/Developer/SDKs/MacOSX26.1.sdk/usr/include/_modules/_darwin_c_stddef.h
/Applications/Xcode.app/Contents/Developer/Toolchains/XcodeDefault.xctoolchain/usr/lib/swift/clang/include/stddef.h
/Applications/Xcode.app/Contents/Developer/Platforms/MacOSX.platform/Developer/SDKs/MacOSX26.1.sdk/usr/include/_modules/_darwin_c_stdint.h
/Applications/Xcode.app/Contents/Developer/Platforms/MacOSX.platform/Developer/SDKs/MacOSX26.1.sdk/usr/include/_modules/_darwin_c_stdio.h
/Applications/Xcode.app/Contents/Developer/Platforms/MacOSX.platform/Developer/SDKs/MacOSX26.1.sdk/usr/include/_modules/_darwin_c_stdlib.h
/Applications/Xcode.app/Contents/Developer/Platforms/MacOSX.platform/Developer/SDKs/MacOSX26.1.sdk/usr/include/stdlib.h
/Applications/Xcode.app/Contents/Developer/Platforms/MacOSX.platform/Developer/SDKs/MacOSX26.1.sdk/usr/include/_modules/_darwin_c_string.h
/Applications/Xcode.app/Contents/Developer/Platforms/MacOSX.platform/Developer/SDKs/MacOSX26.1.sdk/usr/include/string.h
/Applications/Xcode.app/Contents/Developer/Platforms/MacOSX.platform/Developer/SDKs/MacOSX26.1.sdk/usr/include/_modules/_darwin_c_time.h
/Applications/Xcode.app/Contents/Developer/Platforms/MacOSX.platform/Developer/SDKs/MacOSX26.1.sdk/usr/include/time.h
/Applications/Xcode.app/Contents/Developer/Platforms/MacOSX.platform/Developer/SDKs/MacOSX26.1.sdk/usr/include/_modules/_darwin_c_wchar.h
/Applications/Xcode.app/Contents/Developer/Platforms/MacOSX.platform/Developer/SDKs/MacOSX26.1.sdk/usr/include/wchar.h
/Applications/Xcode.app/Contents/Developer/Platforms/MacOSX.platform/Developer/SDKs/MacOSX26.1.sdk/usr/include/aio.h
/Applications/Xcode.app/Contents/Developer/Platforms/MacOSX.platform/Developer/SDKs/MacOSX26.1.sdk/usr/include/sys/aio.h
/Applications/Xcode.app/Contents/Developer/Platforms/MacOSX.platform/Developer/SDKs/MacOSX26.1.sdk/usr/include/sys/_types/_o_sync.h
/Applications/Xcode.app/Contents/Developer/Platforms/MacOSX.platform/Developer/SDKs/MacOSX26.1.sdk/usr/include/sys/_types/_o_dsync.h
/Applications/Xcode.app/Contents/Developer/Platforms/MacOSX.platform/Developer/SDKs/MacOSX26.1.sdk/usr/include/arpa/inet.h
/Applications/Xcode.app/Contents/Developer/Platforms/MacOSX.platform/Developer/SDKs/MacOSX26.1.sdk/usr/include/netinet/in.h
/Applications/Xcode.app/Contents/Developer/Platforms/MacOSX.platform/Developer/SDKs/MacOSX26.1.sdk/usr/include/sys/socket.h
/Applications/Xcode.app/Contents/Developer/Platforms/MacOSX.platform/Developer/SDKs/MacOSX26.1.sdk/usr/include/sys/constrained_ctypes.h
/Applications/Xcode.app/Contents/Developer/Platforms/MacOSX.platform/Developer/SDKs/MacOSX26.1.sdk/usr/include/machine/_param.h
/Applications/Xcode.app/Contents/Developer/Platforms/MacOSX.platform/Developer/SDKs/MacOSX26.1.sdk/usr/include/arm/_param.h
/Applications/Xcode.app/Contents/Developer/Platforms/MacOSX.platform/Developer/SDKs/MacOSX26.1.sdk/usr/include/net/net_kev.h
/Applications/Xcode.app/Contents/Developer/Platforms/MacOSX.platform/Developer/SDKs/MacOSX26.1.sdk/usr/include/sys/_types/_sa_family_t.h
/Applications/Xcode.app/Contents/Developer/Platforms/MacOSX.platform/Developer/SDKs/MacOSX26.1.sdk/usr/include/sys/_types/_socklen_t.h
/Applications/Xcode.app/Contents/Developer/Platforms/MacOSX.platform/Developer/SDKs/MacOSX26.1.sdk/usr/include/sys/_types/_iovec_t.h
/Applications/Xcode.app/Contents/Developer/Platforms/MacOSX.platform/Developer/SDKs/MacOSX26.1.sdk/usr/include/netinet6/in6.h
/Applications/Xcode.app/Contents/Developer/Platforms/MacOSX.platform/Developer/SDKs/MacOSX26.1.sdk/usr/include/cpio.h
/Applications/Xcode.app/Contents/Developer/Platforms/MacOSX.platform/Developer/SDKs/MacOSX26.1.sdk/usr/include/dirent.h
/Applications/Xcode.app/Contents/Developer/Platforms/MacOSX.platform/Developer/SDKs/MacOSX26.1.sdk/usr/include/sys/dirent.h
/Applications/Xcode.app/Contents/Developer/Platforms/MacOSX.platform/Developer/SDKs/MacOSX26.1.sdk/usr/include/sys/dir.h
/Applications/Xcode.app/Contents/Developer/Platforms/MacOSX.platform/Developer/SDKs/MacOSX26.1.sdk/usr/include/dlfcn.h
/Applications/Xcode.app/Contents/Developer/Platforms/MacOSX.platform/Developer/SDKs/MacOSX26.1.sdk/usr/include/fcntl.h
/Applications/Xcode.app/Contents/Developer/Platforms/MacOSX.platform/Developer/SDKs/MacOSX26.1.sdk/usr/include/sys/fcntl.h
/Applications/Xcode.app/Contents/Developer/Platforms/MacOSX.platform/Developer/SDKs/MacOSX26.1.sdk/usr/include/sys/_types/_s_ifmt.h
/Applications/Xcode.app/Contents/Developer/Platforms/MacOSX.platform/Developer/SDKs/MacOSX26.1.sdk/usr/include/sys/_types/_filesec_t.h
/Applications/Xcode.app/Contents/Developer/Platforms/MacOSX.platform/Developer/SDKs/MacOSX26.1.sdk/usr/include/fmtmsg.h
/Applications/Xcode.app/Contents/Developer/Platforms/MacOSX.platform/Developer/SDKs/MacOSX26.1.sdk/usr/include/fnmatch.h
/Applications/Xcode.app/Contents/Developer/Platforms/MacOSX.platform/Developer/SDKs/MacOSX26.1.sdk/usr/include/ftw.h
/Applications/Xcode.app/Contents/Developer/Platforms/MacOSX.platform/Developer/SDKs/MacOSX26.1.sdk/usr/include/sys/stat.h
/Applications/Xcode.app/Contents/Developer/Platforms/MacOSX.platform/Developer/SDKs/MacOSX26.1.sdk/usr/include/glob.h
/Applications/Xcode.app/Contents/Developer/Platforms/MacOSX.platform/Developer/SDKs/MacOSX26.1.sdk/usr/include/grp.h
/Applications/Xcode.app/Contents/Developer/Platforms/MacOSX.platform/Developer/SDKs/MacOSX26.1.sdk/usr/include/iconv.h
/Applications/Xcode.app/Contents/Developer/Platforms/MacOSX.platform/Developer/SDKs/MacOSX26.1.sdk/usr/include/ifaddrs.h
/Applications/Xcode.app/Contents/Developer/Platforms/MacOSX.platform/Developer/SDKs/MacOSX26.1.sdk/usr/include/sys/ioctl.h
/Applications/Xcode.app/Contents/Developer/Platforms/MacOSX.platform/Developer/SDKs/MacOSX26.1.sdk/usr/include/sys/filio.h
/Applications/Xcode.app/Contents/Developer/Platforms/MacOSX.platform/Developer/SDKs/MacOSX26.1.sdk/usr/include/sys/sockio.h
/Applications/Xcode.app/Contents/Developer/Platforms/MacOSX.platform/Developer/SDKs/MacOSX26.1.sdk/usr/include/net/if.h
/Applications/Xcode.app/Contents/Developer/Platforms/MacOSX.platform/Developer/SDKs/MacOSX26.1.sdk/usr/include/net/if_var.h
/Applications/Xcode.app/Contents/Developer/Platforms/MacOSX.platform/Developer/SDKs/MacOSX26.1.sdk/usr/include/sys/time.h
/Applications/Xcode.app/Contents/Developer/Platforms/MacOSX.platform/Developer/SDKs/MacOSX26.1.sdk/usr/include/sys/_types/_timeval64.h
/Applications/Xcode.app/Contents/Developer/Platforms/MacOSX.platform/Developer/SDKs/MacOSX26.1.sdk/usr/include/sys/_types/_timeval32.h
/Applications/Xcode.app/Contents/Developer/Platforms/MacOSX.platform/Developer/SDKs/MacOSX26.1.sdk/usr/include/_langinfo.h
/Applications/Xcode.app/Contents/Developer/Platforms/MacOSX.platform/Developer/SDKs/MacOSX26.1.sdk/usr/include/xlocale/_langinfo.h
/Applications/Xcode.app/Contents/Developer/Platforms/MacOSX.platform/Developer/SDKs/MacOSX26.1.sdk/usr/include/libgen.h
/Applications/Xcode.app/Contents/Developer/Platforms/MacOSX.platform/Developer/SDKs/MacOSX26.1.sdk/usr/include/_monetary.h
/Applications/Xcode.app/Contents/Developer/Platforms/MacOSX.platform/Developer/SDKs/MacOSX26.1.sdk/usr/include/xlocale/_monetary.h
/Applications/Xcode.app/Contents/Developer/Platforms/MacOSX.platform/Developer/SDKs/MacOSX26.1.sdk/usr/include/ndbm.h
/Applications/Xcode.app/Contents/Developer/Platforms/MacOSX.platform/Developer/SDKs/MacOSX26.1.sdk/usr/include/netdb.h
/Applications/Xcode.app/Contents/Developer/Platforms/MacOSX.platform/Developer/SDKs/MacOSX26.1.sdk/usr/include/net/if_dl.h
/Applications/Xcode.app/Contents/Developer/Platforms/MacOSX.platform/Developer/SDKs/MacOSX26.1.sdk/usr/include/net/if_types.h
/Applications/Xcode.app/Contents/Developer/Platforms/MacOSX.platform/Developer/SDKs/MacOSX26.1.sdk/usr/include/netinet/tcp.h
/Applications/Xcode.app/Contents/Developer/Platforms/MacOSX.platform/Developer/SDKs/MacOSX26.1.sdk/usr/include/poll.h
/Applications/Xcode.app/Contents/Developer/Platforms/MacOSX.platform/Developer/SDKs/MacOSX26.1.sdk/usr/include/sys/poll.h
/Applications/Xcode.app/Contents/Developer/Platforms/MacOSX.platform/Developer/SDKs/MacOSX26.1.sdk/usr/include/pthread/spawn.h
/Applications/Xcode.app/Contents/Developer/Platforms/MacOSX.platform/Developer/SDKs/MacOSX26.1.sdk/usr/include/spawn.h
/Applications/Xcode.app/Contents/Developer/Platforms/MacOSX.platform/Developer/SDKs/MacOSX26.1.sdk/usr/include/sys/spawn.h
/Applications/Xcode.app/Contents/Developer/Platforms/MacOSX.platform/Developer/SDKs/MacOSX26.1.sdk/usr/include/mach/exception_types.h
/Applications/Xcode.app/Contents/Developer/Platforms/MacOSX.platform/Developer/SDKs/MacOSX26.1.sdk/usr/include/mach/machine/exception.h
/Applications/Xcode.app/Contents/Developer/Platforms/MacOSX.platform/Developer/SDKs/MacOSX26.1.sdk/usr/include/mach/arm/exception.h
/Applications/Xcode.app/Contents/Developer/Platforms/MacOSX.platform/Developer/SDKs/MacOSX26.1.sdk/usr/include/mach/port.h
/Applications/Xcode.app/Contents/Developer/Platforms/MacOSX.platform/Developer/SDKs/MacOSX26.1.sdk/usr/include/mach/boolean.h
/Applications/Xcode.app/Contents/Developer/Platforms/MacOSX.platform/Developer/SDKs/MacOSX26.1.sdk/usr/include/mach/machine/boolean.h
/Applications/Xcode.app/Contents/Developer/Platforms/MacOSX.platform/Developer/SDKs/MacOSX26.1.sdk/usr/include/mach/arm/boolean.h
/Applications/Xcode.app/Contents/Developer/Platforms/MacOSX.platform/Developer/SDKs/MacOSX26.1.sdk/usr/include/mach/machine/vm_types.h
/Applications/Xcode.app/Contents/Developer/Platforms/MacOSX.platform/Developer/SDKs/MacOSX26.1.sdk/usr/include/mach/arm/vm_types.h
/Applications/Xcode.app/Contents/Developer/Platforms/MacOSX.platform/Developer/SDKs/MacOSX26.1.sdk/usr/include/mach/thread_status.h
/Applications/Xcode.app/Contents/Developer/Platforms/MacOSX.platform/Developer/SDKs/MacOSX26.1.sdk/usr/include/mach/machine/thread_status.h
/Applications/Xcode.app/Contents/Developer/Platforms/MacOSX.platform/Developer/SDKs/MacOSX26.1.sdk/usr/include/mach/arm/thread_status.h
/Applications/Xcode.app/Contents/Developer/Platforms/MacOSX.platform/Developer/SDKs/MacOSX26.1.sdk/usr/include/mach/machine/thread_state.h
/Applications/Xcode.app/Contents/Developer/Platforms/MacOSX.platform/Developer/SDKs/MacOSX26.1.sdk/usr/include/mach/arm/thread_state.h
/Applications/Xcode.app/Contents/Developer/Platforms/MacOSX.platform/Developer/SDKs/MacOSX26.1.sdk/usr/include/mach/message.h
/Applications/Xcode.app/Contents/Developer/Platforms/MacOSX.platform/Developer/SDKs/MacOSX26.1.sdk/usr/include/mach/kern_return.h
/Applications/Xcode.app/Contents/Developer/Platforms/MacOSX.platform/Developer/SDKs/MacOSX26.1.sdk/usr/include/mach/machine/kern_return.h
/Applications/Xcode.app/Contents/Developer/Platforms/MacOSX.platform/Developer/SDKs/MacOSX26.1.sdk/usr/include/mach/arm/kern_return.h
/Applications/Xcode.app/Contents/Developer/Platforms/MacOSX.platform/Developer/SDKs/MacOSX26.1.sdk/usr/include/mach/vm_types.h
/Applications/Xcode.app/Contents/Developer/Platforms/MacOSX.platform/Developer/SDKs/MacOSX26.1.sdk/usr/include/mach_debug/ipc_info.h
/Applications/Xcode.app/Contents/Developer/Platforms/MacOSX.platform/Developer/SDKs/MacOSX26.1.sdk/usr/include/mach/machine.h
/Applications/Xcode.app/Contents/Developer/Platforms/MacOSX.platform/Developer/SDKs/MacOSX26.1.sdk/usr/include/pthread/pthread_spis.h
/Applications/Xcode.app/Contents/Developer/Platforms/MacOSX.platform/Developer/SDKs/MacOSX26.1.sdk/usr/include/_modules/_darwin_posix_pthread_pthread.h
/Applications/Xcode.app/Contents/Developer/Platforms/MacOSX.platform/Developer/SDKs/MacOSX26.1.sdk/usr/include/_regex.h
/Applications/Xcode.app/Contents/Developer/Platforms/MacOSX.platform/Developer/SDKs/MacOSX26.1.sdk/usr/include/xlocale/_regex.h
/Applications/Xcode.app/Contents/Developer/Platforms/MacOSX.platform/Developer/SDKs/MacOSX26.1.sdk/usr/include/search.h
/Applications/Xcode.app/Contents/Developer/Platforms/MacOSX.platform/Developer/SDKs/MacOSX26.1.sdk/usr/include/semaphore.h
/Applications/Xcode.app/Contents/Developer/Platforms/MacOSX.platform/Developer/SDKs/MacOSX26.1.sdk/usr/include/sys/semaphore.h
/Applications/Xcode.app/Contents/Developer/Platforms/MacOSX.platform/Developer/SDKs/MacOSX26.1.sdk/usr/include/sys/posix_sem.h
/Applications/Xcode.app/Contents/Developer/Platforms/MacOSX.platform/Developer/SDKs/MacOSX26.1.sdk/usr/include/sys/proc.h
/Applications/Xcode.app/Contents/Developer/Platforms/MacOSX.platform/Developer/SDKs/MacOSX26.1.sdk/usr/include/sys/queue.h
/Applications/Xcode.app/Contents/Developer/Platforms/MacOSX.platform/Developer/SDKs/MacOSX26.1.sdk/usr/include/sys/lock.h
/Applications/Xcode.app/Contents/Developer/Platforms/MacOSX.platform/Developer/SDKs/MacOSX26.1.sdk/usr/include/sys/param.h
/Applications/Xcode.app/Contents/Developer/Platforms/MacOSX.platform/Developer/SDKs/MacOSX26.1.sdk/usr/include/machine/param.h
/Applications/Xcode.app/Contents/Developer/Platforms/MacOSX.platform/Developer/SDKs/MacOSX26.1.sdk/usr/include/arm/param.h
/Applications/Xcode.app/Contents/Developer/Platforms/MacOSX.platform/Developer/SDKs/MacOSX26.1.sdk/usr/include/sys/event.h
/Applications/Xcode.app/Contents/Developer/Platforms/MacOSX.platform/Developer/SDKs/MacOSX26.1.sdk/usr/include/strings.h
/Applications/Xcode.app/Contents/Developer/Platforms/MacOSX.platform/Developer/SDKs/MacOSX26.1.sdk/usr/include/sys/ipc.h
/Applications/Xcode.app/Contents/Developer/Platforms/MacOSX.platform/Developer/SDKs/MacOSX26.1.sdk/usr/include/sys/mman.h
/Applications/Xcode.app/Contents/Developer/Platforms/MacOSX.platform/Developer/SDKs/MacOSX26.1.sdk/usr/include/sys/msg.h
/Applications/Xcode.app/Contents/Developer/Platforms/MacOSX.platform/Developer/SDKs/MacOSX26.1.sdk/usr/include/sys/sem.h
/Applications/Xcode.app/Contents/Developer/Platforms/MacOSX.platform/Developer/SDKs/MacOSX26.1.sdk/usr/include/sys/shm.h
/Applications/Xcode.app/Contents/Developer/Platforms/MacOSX.platform/Developer/SDKs/MacOSX26.1.sdk/usr/include/sys/posix_shm.h
/Applications/Xcode.app/Contents/Developer/Platforms/MacOSX.platform/Developer/SDKs/MacOSX26.1.sdk/usr/include/sys/statvfs.h
/Applications/Xcode.app/Contents/Developer/Platforms/MacOSX.platform/Developer/SDKs/MacOSX26.1.sdk/usr/include/sys/times.h
/Applications/Xcode.app/Contents/Developer/Platforms/MacOSX.platform/Developer/SDKs/MacOSX26.1.sdk/usr/include/sys/_types/_fsid_t.h
/Applications/Xcode.app/Contents/Developer/Platforms/MacOSX.platform/Developer/SDKs/MacOSX26.1.sdk/usr/include/sys/_types/_fsobj_id_t.h
/Applications/Xcode.app/Contents/Developer/Platforms/MacOSX.platform/Developer/SDKs/MacOSX26.1.sdk/usr/include/sys/_types/_graftdmg_un.h
/Applications/Xcode.app/Contents/Developer/Platforms/MacOSX.platform/Developer/SDKs/MacOSX26.1.sdk/usr/include/sys/_types/_guid_t.h
/Applications/Xcode.app/Contents/Developer/Platforms/MacOSX.platform/Developer/SDKs/MacOSX26.1.sdk/usr/include/sys/_types/_mount_t.h
/Applications/Xcode.app/Contents/Developer/Platforms/MacOSX.platform/Developer/SDKs/MacOSX26.1.sdk/usr/include/sys/_types/_os_inline.h
/Applications/Xcode.app/Contents/Developer/Platforms/MacOSX.platform/Developer/SDKs/MacOSX26.1.sdk/usr/include/sys/_types/_ucontext64.h
/Applications/Xcode.app/Contents/Developer/Platforms/MacOSX.platform/Developer/SDKs/MacOSX26.1.sdk/usr/include/sys/_types/_vnode_t.h
/Applications/Xcode.app/Contents/Developer/Platforms/MacOSX.platform/Developer/SDKs/MacOSX26.1.sdk/usr/include/sys/uio.h
/Applications/Xcode.app/Contents/Developer/Platforms/MacOSX.platform/Developer/SDKs/MacOSX26.1.sdk/usr/include/sys/un.h
/Applications/Xcode.app/Contents/Developer/Platforms/MacOSX.platform/Developer/SDKs/MacOSX26.1.sdk/usr/include/sys/utsname.h
/Applications/Xcode.app/Contents/Developer/Platforms/MacOSX.platform/Developer/SDKs/MacOSX26.1.sdk/usr/include/sys/vsock.h
/Applications/Xcode.app/Contents/Developer/Platforms/MacOSX.platform/Developer/SDKs/MacOSX26.1.sdk/usr/include/sys/ucred.h
/Applications/Xcode.app/Contents/Developer/Platforms/MacOSX.platform/Developer/SDKs/MacOSX26.1.sdk/usr/include/bsm/audit.h
/Applications/Xcode.app/Contents/Developer/Platforms/MacOSX.platform/Developer/SDKs/MacOSX26.1.sdk/usr/include/sys/socketvar.h
/Applications/Xcode.app/Contents/Developer/Platforms/MacOSX.platform/Developer/SDKs/MacOSX26.1.sdk/usr/include/sys/xattr.h
/Applications/Xcode.app/Contents/Developer/Platforms/MacOSX.platform/Developer/SDKs/MacOSX26.1.sdk/usr/include/_modules/_darwin_posix_sys_resource.h
/Applications/Xcode.app/Contents/Developer/Platforms/MacOSX.platform/Developer/SDKs/MacOSX26.1.sdk/usr/include/_modules/_darwin_posix_sys_select.h
/Applications/Xcode.app/Contents/Developer/Platforms/MacOSX.platform/Developer/SDKs/MacOSX26.1.sdk/usr/include/_modules/_darwin_posix_sys_wait.h
/Applications/Xcode.app/Contents/Developer/Platforms/MacOSX.platform/Developer/SDKs/MacOSX26.1.sdk/usr/include/syslog.h
/Applications/Xcode.app/Contents/Developer/Platforms/MacOSX.platform/Developer/SDKs/MacOSX26.1.sdk/usr/include/sys/syslog.h
/Applications/Xcode.app/Contents/Developer/Platforms/MacOSX.platform/Developer/SDKs/MacOSX26.1.sdk/usr/include/tar.h
/Applications/Xcode.app/Contents/Developer/Platforms/MacOSX.platform/Developer/SDKs/MacOSX26.1.sdk/usr/include/ulimit.h
/Applications/Xcode.app/Contents/Developer/Platforms/MacOSX.platform/Developer/SDKs/MacOSX26.1.sdk/usr/include/utime.h
/Applications/Xcode.app/Contents/Developer/Platforms/MacOSX.platform/Developer/SDKs/MacOSX26.1.sdk/usr/include/utmpx.h
/Applications/Xcode.app/Contents/Developer/Platforms/MacOSX.platform/Developer/SDKs/MacOSX26.1.sdk/usr/include/wordexp.h
/Applications/Xcode.app/Contents/Developer/Platforms/MacOSX.platform/Developer/SDKs/MacOSX26.1.sdk/usr/include/_modules/_darwin_posix_nl_types.h
/Applications/Xcode.app/Contents/Developer/Platforms/MacOSX.platform/Developer/SDKs/MacOSX26.1.sdk/usr/include/_modules/_darwin_posix_sched.h
/Applications/Xcode.app/Contents/Developer/Platforms/MacOSX.platform/Developer/SDKs/MacOSX26.1.sdk/usr/include/_modules/_darwin_posix_unistd.h
/Applications/Xcode.app/Contents/Developer/Platforms/MacOSX.platform/Developer/SDKs/MacOSX26.1.sdk/usr/include/net/bpf.h
/Applications/Xcode.app/Contents/Developer/Platforms/MacOSX.platform/Developer/SDKs/MacOSX26.1.sdk/usr/include/net/dlil.h
/Applications/Xcode.app/Contents/Developer/Platforms/MacOSX.platform/Developer/SDKs/MacOSX26.1.sdk/usr/include/net/ethernet.h
/Applications/Xcode.app/Contents/Developer/Platforms/MacOSX.platform/Developer/SDKs/MacOSX26.1.sdk/usr/include/net/if_arp.h
/Applications/Xcode.app/Contents/Developer/Platforms/MacOSX.platform/Developer/SDKs/MacOSX26.1.sdk/usr/include/net/if_llc.h
/Applications/Xcode.app/Contents/Developer/Platforms/MacOSX.platform/Developer/SDKs/MacOSX26.1.sdk/usr/include/net/if_media.h
/Applications/Xcode.app/Contents/Developer/Platforms/MacOSX.platform/Developer/SDKs/MacOSX26.1.sdk/usr/include/net/if_mib.h
/Applications/Xcode.app/Contents/Developer/Platforms/MacOSX.platform/Developer/SDKs/MacOSX26.1.sdk/usr/include/net/if_utun.h
/Applications/Xcode.app/Contents/Developer/Platforms/MacOSX.platform/Developer/SDKs/MacOSX26.1.sdk/usr/include/net/if_var_status.h
/Applications/Xcode.app/Contents/Developer/Platforms/MacOSX.platform/Developer/SDKs/MacOSX26.1.sdk/usr/include/net/kext_net.h
/Applications/Xcode.app/Contents/Developer/Platforms/MacOSX.platform/Developer/SDKs/MacOSX26.1.sdk/usr/include/net/ndrv.h
/Applications/Xcode.app/Contents/Developer/Platforms/MacOSX.platform/Developer/SDKs/MacOSX26.1.sdk/usr/include/net/pfkeyv2.h
/Applications/Xcode.app/Contents/Developer/Platforms/MacOSX.platform/Developer/SDKs/MacOSX26.1.sdk/usr/include/net/route.h
/Applications/Xcode.app/Contents/Developer/Platforms/MacOSX.platform/Developer/SDKs/MacOSX26.1.sdk/usr/include/netinet/bootp.h
/Applications/Xcode.app/Contents/Developer/Platforms/MacOSX.platform/Developer/SDKs/MacOSX26.1.sdk/usr/include/netinet/ip.h
/Applications/Xcode.app/Contents/Developer/Platforms/MacOSX.platform/Developer/SDKs/MacOSX26.1.sdk/usr/include/netinet/in_systm.h
/Applications/Xcode.app/Contents/Developer/Platforms/MacOSX.platform/Developer/SDKs/MacOSX26.1.sdk/usr/include/netinet/udp.h
/Applications/Xcode.app/Contents/Developer/Platforms/MacOSX.platform/Developer/SDKs/MacOSX26.1.sdk/usr/include/netinet/icmp6.h
/Applications/Xcode.app/Contents/Developer/Platforms/MacOSX.platform/Developer/SDKs/MacOSX26.1.sdk/usr/include/netinet/icmp_var.h
/Applications/Xcode.app/Contents/Developer/Platforms/MacOSX.platform/Developer/SDKs/MacOSX26.1.sdk/usr/include/netinet/ip_icmp.h
/Applications/Xcode.app/Contents/Developer/Platforms/MacOSX.platform/Developer/SDKs/MacOSX26.1.sdk/usr/include/netinet/if_ether.h
/Applications/Xcode.app/Contents/Developer/Platforms/MacOSX.platform/Developer/SDKs/MacOSX26.1.sdk/usr/include/netinet/igmp.h
/Applications/Xcode.app/Contents/Developer/Platforms/MacOSX.platform/Developer/SDKs/MacOSX26.1.sdk/usr/include/netinet/igmp_var.h
/Applications/Xcode.app/Contents/Developer/Platforms/MacOSX.platform/Developer/SDKs/MacOSX26.1.sdk/usr/include/netinet/in_pcb.h
/Applications/Xcode.app/Contents/Developer/Platforms/MacOSX.platform/Developer/SDKs/MacOSX26.1.sdk/usr/include/netinet/in_var.h
/Applications/Xcode.app/Contents/Developer/Platforms/MacOSX.platform/Developer/SDKs/MacOSX26.1.sdk/usr/include/sys/protosw.h
/Applications/Xcode.app/Contents/Developer/Platforms/MacOSX.platform/Developer/SDKs/MacOSX26.1.sdk/usr/include/sys/kern_event.h
/Applications/Xcode.app/Contents/Developer/Platforms/MacOSX.platform/Developer/SDKs/MacOSX26.1.sdk/usr/include/sys/sys_domain.h
/Applications/Xcode.app/Contents/Developer/Platforms/MacOSX.platform/Developer/SDKs/MacOSX26.1.sdk/usr/include/netinet6/in6_var.h
/Applications/Xcode.app/Contents/Developer/Platforms/MacOSX.platform/Developer/SDKs/MacOSX26.1.sdk/usr/include/netinet6/scope6_var.h
/Applications/Xcode.app/Contents/Developer/Platforms/MacOSX.platform/Developer/SDKs/MacOSX26.1.sdk/usr/include/netinet/ip6.h
/Applications/Xcode.app/Contents/Developer/Platforms/MacOSX.platform/Developer/SDKs/MacOSX26.1.sdk/usr/include/netinet/ip_var.h
/Applications/Xcode.app/Contents/Developer/Platforms/MacOSX.platform/Developer/SDKs/MacOSX26.1.sdk/usr/include/netinet/tcp_fsm.h
/Applications/Xcode.app/Contents/Developer/Platforms/MacOSX.platform/Developer/SDKs/MacOSX26.1.sdk/usr/include/netinet/tcp_seq.h
/Applications/Xcode.app/Contents/Developer/Platforms/MacOSX.platform/Developer/SDKs/MacOSX26.1.sdk/usr/include/netinet/tcp_timer.h
/Applications/Xcode.app/Contents/Developer/Platforms/MacOSX.platform/Developer/SDKs/MacOSX26.1.sdk/usr/include/netinet/tcp_var.h
/Applications/Xcode.app/Contents/Developer/Platforms/MacOSX.platform/Developer/SDKs/MacOSX26.1.sdk/usr/include/netinet/tcpip.h
/Applications/Xcode.app/Contents/Developer/Platforms/MacOSX.platform/Developer/SDKs/MacOSX26.1.sdk/usr/include/netinet/udp_var.h
/Applications/Xcode.app/Contents/Developer/Platforms/MacOSX.platform/Developer/SDKs/MacOSX26.1.sdk/usr/include/sys/sysctl.h
/Applications/Xcode.app/Contents/Developer/Platforms/MacOSX.platform/Developer/SDKs/MacOSX26.1.sdk/usr/include/sys/vm.h
/Applications/Xcode.app/Contents/Developer/Platforms/MacOSX.platform/Developer/SDKs/MacOSX26.1.sdk/usr/include/ar.h
/Applications/Xcode.app/Contents/Developer/Platforms/MacOSX.platform/Developer/SDKs/MacOSX26.1.sdk/usr/include/bank/bank_types.h
/Applications/Xcode.app/Contents/Developer/Platforms/MacOSX.platform/Developer/SDKs/MacOSX26.1.sdk/usr/include/os/base.h
/Applications/Xcode.app/Contents/Developer/Platforms/MacOSX.platform/Developer/SDKs/MacOSX26.1.sdk/usr/include/mach/mach_types.h
/Applications/Xcode.app/Contents/Developer/Platforms/MacOSX.platform/Developer/SDKs/MacOSX26.1.sdk/usr/include/mach/host_info.h
/Applications/Xcode.app/Contents/Developer/Platforms/MacOSX.platform/Developer/SDKs/MacOSX26.1.sdk/usr/include/mach/vm_statistics.h
/Applications/Xcode.app/Contents/Developer/Platforms/MacOSX.platform/Developer/SDKs/MacOSX26.1.sdk/usr/include/mach/time_value.h
/Applications/Xcode.app/Contents/Developer/Platforms/MacOSX.platform/Developer/SDKs/MacOSX26.1.sdk/usr/include/mach/host_notify.h
/Applications/Xcode.app/Contents/Developer/Platforms/MacOSX.platform/Developer/SDKs/MacOSX26.1.sdk/usr/include/mach/host_special_ports.h
/Applications/Xcode.app/Contents/Developer/Platforms/MacOSX.platform/Developer/SDKs/MacOSX26.1.sdk/usr/include/mach/memory_object_types.h
/Applications/Xcode.app/Contents/Developer/Platforms/MacOSX.platform/Developer/SDKs/MacOSX26.1.sdk/usr/include/mach/vm_prot.h
/Applications/Xcode.app/Contents/Developer/Platforms/MacOSX.platform/Developer/SDKs/MacOSX26.1.sdk/usr/include/mach/vm_sync.h
/Applications/Xcode.app/Contents/Developer/Platforms/MacOSX.platform/Developer/SDKs/MacOSX26.1.sdk/usr/include/mach/mach_voucher_types.h
/Applications/Xcode.app/Contents/Developer/Platforms/MacOSX.platform/Developer/SDKs/MacOSX26.1.sdk/usr/include/mach/std_types.h
/Applications/Xcode.app/Contents/Developer/Platforms/MacOSX.platform/Developer/SDKs/MacOSX26.1.sdk/usr/include/mach/processor_info.h
/Applications/Xcode.app/Contents/Developer/Platforms/MacOSX.platform/Developer/SDKs/MacOSX26.1.sdk/usr/include/mach/machine/processor_info.h
/Applications/Xcode.app/Contents/Developer/Platforms/MacOSX.platform/Developer/SDKs/MacOSX26.1.sdk/usr/include/mach/arm/processor_info.h
/Applications/Xcode.app/Contents/Developer/Platforms/MacOSX.platform/Developer/SDKs/MacOSX26.1.sdk/usr/include/mach/task_info.h
/Applications/Xcode.app/Contents/Developer/Platforms/MacOSX.platform/Developer/SDKs/MacOSX26.1.sdk/usr/include/mach/policy.h
/Applications/Xcode.app/Contents/Developer/Platforms/MacOSX.platform/Developer/SDKs/MacOSX26.1.sdk/usr/include/mach/task_inspect.h
/Applications/Xcode.app/Contents/Developer/Platforms/MacOSX.platform/Developer/SDKs/MacOSX26.1.sdk/usr/include/mach/task_policy.h
/Applications/Xcode.app/Contents/Developer/Platforms/MacOSX.platform/Developer/SDKs/MacOSX26.1.sdk/usr/include/mach/task_special_ports.h
/Applications/Xcode.app/Contents/Developer/Platforms/MacOSX.platform/Developer/SDKs/MacOSX26.1.sdk/usr/include/mach/thread_info.h
/Applications/Xcode.app/Contents/Developer/Platforms/MacOSX.platform/Developer/SDKs/MacOSX26.1.sdk/usr/include/mach/thread_policy.h
/Applications/Xcode.app/Contents/Developer/Platforms/MacOSX.platform/Developer/SDKs/MacOSX26.1.sdk/usr/include/mach/thread_special_ports.h
/Applications/Xcode.app/Contents/Developer/Platforms/MacOSX.platform/Developer/SDKs/MacOSX26.1.sdk/usr/include/mach/clock_types.h
/Applications/Xcode.app/Contents/Developer/Platforms/MacOSX.platform/Developer/SDKs/MacOSX26.1.sdk/usr/include/mach/vm_attributes.h
/Applications/Xcode.app/Contents/Developer/Platforms/MacOSX.platform/Developer/SDKs/MacOSX26.1.sdk/usr/include/mach/vm_inherit.h
/Applications/Xcode.app/Contents/Developer/Platforms/MacOSX.platform/Developer/SDKs/MacOSX26.1.sdk/usr/include/mach/vm_purgable.h
/Applications/Xcode.app/Contents/Developer/Platforms/MacOSX.platform/Developer/SDKs/MacOSX26.1.sdk/usr/include/mach/vm_behavior.h
/Applications/Xcode.app/Contents/Developer/Platforms/MacOSX.platform/Developer/SDKs/MacOSX26.1.sdk/usr/include/mach/vm_region.h
/Applications/Xcode.app/Contents/Developer/Platforms/MacOSX.platform/Developer/SDKs/MacOSX26.1.sdk/usr/include/mach/machine/vm_param.h
/Applications/Xcode.app/Contents/Developer/Platforms/MacOSX.platform/Developer/SDKs/MacOSX26.1.sdk/usr/include/mach/arm/vm_param.h
/Applications/Xcode.app/Contents/Developer/Platforms/MacOSX.platform/Developer/SDKs/MacOSX26.1.sdk/usr/include/mach/vm_page_size.h
/Applications/Xcode.app/Contents/Developer/Platforms/MacOSX.platform/Developer/SDKs/MacOSX26.1.sdk/usr/include/mach/kmod.h
/Applications/Xcode.app/Contents/Developer/Platforms/MacOSX.platform/Developer/SDKs/MacOSX26.1.sdk/usr/include/mach/dyld_kernel.h
/Applications/Xcode.app/Contents/Developer/Platforms/MacOSX.platform/Developer/SDKs/MacOSX26.1.sdk/usr/include/ConditionalMacros.h
/Applications/Xcode.app/Contents/Developer/Platforms/MacOSX.platform/Developer/SDKs/MacOSX26.1.sdk/usr/include/crt_externs.h
/Applications/Xcode.app/Contents/Developer/Platforms/MacOSX.platform/Developer/SDKs/MacOSX26.1.sdk/usr/include/fts.h
/Applications/Xcode.app/Contents/Developer/Platforms/MacOSX.platform/Developer/SDKs/MacOSX26.1.sdk/usr/include/getopt.h
/Applications/Xcode.app/Contents/Developer/Platforms/MacOSX.platform/Developer/SDKs/MacOSX26.1.sdk/usr/include/AssertMacros.h
/Applications/Xcode.app/Contents/Developer/Platforms/MacOSX.platform/Developer/SDKs/MacOSX26.1.sdk/usr/include/MacTypes.h
/Applications/Xcode.app/Contents/Developer/Platforms/MacOSX.platform/Developer/SDKs/MacOSX26.1.sdk/usr/include/mach/mach.h
/Applications/Xcode.app/Contents/Developer/Platforms/MacOSX.platform/Developer/SDKs/MacOSX26.1.sdk/usr/include/mach/mach_interface.h
/Applications/Xcode.app/Contents/Developer/Platforms/MacOSX.platform/Developer/SDKs/MacOSX26.1.sdk/usr/include/mach/clock_priv.h
/Applications/Xcode.app/Contents/Developer/Platforms/MacOSX.platform/Developer/SDKs/MacOSX26.1.sdk/usr/include/mach/ndr.h
/Applications/Xcode.app/Contents/Developer/Platforms/MacOSX.platform/Developer/SDKs/MacOSX26.1.sdk/usr/include/libkern/OSByteOrder.h
/Applications/Xcode.app/Contents/Developer/Platforms/MacOSX.platform/Developer/SDKs/MacOSX26.1.sdk/usr/include/libkern/arm/OSByteOrder.h
/Applications/Xcode.app/Contents/Developer/Platforms/MacOSX.platform/Developer/SDKs/MacOSX26.1.sdk/usr/include/arm/arch.h
/Applications/Xcode.app/Contents/Developer/Platforms/MacOSX.platform/Developer/SDKs/MacOSX26.1.sdk/usr/include/mach/notify.h
/Applications/Xcode.app/Contents/Developer/Platforms/MacOSX.platform/Developer/SDKs/MacOSX26.1.sdk/usr/include/mach/mig_errors.h
/Applications/Xcode.app/Contents/Developer/Platforms/MacOSX.platform/Developer/SDKs/MacOSX26.1.sdk/usr/include/mach/mig.h
/Applications/Xcode.app/Contents/Developer/Platforms/MacOSX.platform/Developer/SDKs/MacOSX26.1.sdk/usr/include/mach/host_priv.h
/Applications/Xcode.app/Contents/Developer/Platforms/MacOSX.platform/Developer/SDKs/MacOSX26.1.sdk/usr/include/mach_debug/mach_debug_types.h
/Applications/Xcode.app/Contents/Developer/Platforms/MacOSX.platform/Developer/SDKs/MacOSX26.1.sdk/usr/include/mach_debug/vm_info.h
/Applications/Xcode.app/Contents/Developer/Platforms/MacOSX.platform/Developer/SDKs/MacOSX26.1.sdk/usr/include/mach_debug/zone_info.h
/Applications/Xcode.app/Contents/Developer/Platforms/MacOSX.platform/Developer/SDKs/MacOSX26.1.sdk/usr/include/mach_debug/page_info.h
/Applications/Xcode.app/Contents/Developer/Platforms/MacOSX.platform/Developer/SDKs/MacOSX26.1.sdk/usr/include/mach_debug/hash_info.h
/Applications/Xcode.app/Contents/Developer/Platforms/MacOSX.platform/Developer/SDKs/MacOSX26.1.sdk/usr/include/mach_debug/lockgroup_info.h
/Applications/Xcode.app/Contents/Developer/Platforms/MacOSX.platform/Developer/SDKs/MacOSX26.1.sdk/usr/include/mach/host_security.h
/Applications/Xcode.app/Contents/Developer/Platforms/MacOSX.platform/Developer/SDKs/MacOSX26.1.sdk/usr/include/mach/processor.h
/Applications/Xcode.app/Contents/Developer/Platforms/MacOSX.platform/Developer/SDKs/MacOSX26.1.sdk/usr/include/mach/processor_set.h
/Applications/Xcode.app/Contents/Developer/Platforms/MacOSX.platform/Developer/SDKs/MacOSX26.1.sdk/usr/include/mach/semaphore.h
/Applications/Xcode.app/Contents/Developer/Platforms/MacOSX.platform/Developer/SDKs/MacOSX26.1.sdk/usr/include/mach/sync_policy.h
/Applications/Xcode.app/Contents/Developer/Platforms/MacOSX.platform/Developer/SDKs/MacOSX26.1.sdk/usr/include/mach/task.h
/Applications/Xcode.app/Contents/Developer/Platforms/MacOSX.platform/Developer/SDKs/MacOSX26.1.sdk/usr/include/mach/thread_act.h
/Applications/Xcode.app/Contents/Developer/Platforms/MacOSX.platform/Developer/SDKs/MacOSX26.1.sdk/usr/include/mach/vm_map.h
/Applications/Xcode.app/Contents/Developer/Platforms/MacOSX.platform/Developer/SDKs/MacOSX26.1.sdk/usr/include/mach/mach_port.h
/Applications/Xcode.app/Contents/Developer/Platforms/MacOSX.platform/Developer/SDKs/MacOSX26.1.sdk/usr/include/mach/mach_init.h
/Applications/Xcode.app/Contents/Developer/Platforms/MacOSX.platform/Developer/SDKs/MacOSX26.1.sdk/usr/include/mach/mach_traps.h
/Applications/Xcode.app/Contents/Developer/Platforms/MacOSX.platform/Developer/SDKs/MacOSX26.1.sdk/usr/include/mach/error.h
/Applications/Xcode.app/Contents/Developer/Platforms/MacOSX.platform/Developer/SDKs/MacOSX26.1.sdk/usr/include/mach/mach_host.h
/Applications/Xcode.app/Contents/Developer/Platforms/MacOSX.platform/Developer/SDKs/MacOSX26.1.sdk/usr/include/mach/thread_switch.h
/Applications/Xcode.app/Contents/Developer/Platforms/MacOSX.platform/Developer/SDKs/MacOSX26.1.sdk/usr/include/mach/rpc.h
/Applications/Xcode.app/Contents/Developer/Platforms/MacOSX.platform/Developer/SDKs/MacOSX26.1.sdk/usr/include/mach/machine/rpc.h
/Applications/Xcode.app/Contents/Developer/Platforms/MacOSX.platform/Developer/SDKs/MacOSX26.1.sdk/usr/include/mach/arm/rpc.h
/Applications/Xcode.app/Contents/Developer/Platforms/MacOSX.platform/Developer/SDKs/MacOSX26.1.sdk/usr/include/mach/mach_error.h
/Applications/Xcode.app/Contents/Developer/Platforms/MacOSX.platform/Developer/SDKs/MacOSX26.1.sdk/usr/include/mach/audit_triggers_types.h
/Applications/Xcode.app/Contents/Developer/Platforms/MacOSX.platform/Developer/SDKs/MacOSX26.1.sdk/usr/include/mach/bootstrap.h
/Applications/Xcode.app/Contents/Developer/Platforms/MacOSX.platform/Developer/SDKs/MacOSX26.1.sdk/usr/include/mach/clock.h
/Applications/Xcode.app/Contents/Developer/Platforms/MacOSX.platform/Developer/SDKs/MacOSX26.1.sdk/usr/include/mach/clock_reply.h
/Applications/Xcode.app/Contents/Developer/Platforms/MacOSX.platform/Developer/SDKs/MacOSX26.1.sdk/usr/include/mach/exc.h
/Applications/Xcode.app/Contents/Developer/Platforms/MacOSX.platform/Developer/SDKs/MacOSX26.1.sdk/usr/include/mach/exception.h
/Applications/Xcode.app/Contents/Developer/Platforms/MacOSX.platform/Developer/SDKs/MacOSX26.1.sdk/usr/include/mach/host_reboot.h
/Applications/Xcode.app/Contents/Developer/Platforms/MacOSX.platform/Developer/SDKs/MacOSX26.1.sdk/usr/include/arm64/hv/hv_kern_types.h
/Applications/Xcode.app/Contents/Developer/Platforms/MacOSX.platform/Developer/SDKs/MacOSX26.1.sdk/usr/include/mach/mach_param.h
/Applications/Xcode.app/Contents/Developer/Platforms/MacOSX.platform/Developer/SDKs/MacOSX26.1.sdk/usr/include/mach/mach_right.h
/Applications/Xcode.app/Contents/Developer/Platforms/MacOSX.platform/Developer/SDKs/MacOSX26.1.sdk/usr/include/mach/mach_syscalls.h
/Applications/Xcode.app/Contents/Developer/Platforms/MacOSX.platform/Developer/SDKs/MacOSX26.1.sdk/usr/include/mach/mach_time.h
/Applications/Xcode.app/Contents/Developer/Platforms/MacOSX.platform/Developer/SDKs/MacOSX26.1.sdk/usr/include/mach/mach_vm.h
/Applications/Xcode.app/Contents/Developer/Platforms/MacOSX.platform/Developer/SDKs/MacOSX26.1.sdk/usr/include/mach/mach_voucher.h
/Applications/Xcode.app/Contents/Developer/Platforms/MacOSX.platform/Developer/SDKs/MacOSX26.1.sdk/usr/include/mach/memory_entry.h
/Applications/Xcode.app/Contents/Developer/Platforms/MacOSX.platform/Developer/SDKs/MacOSX26.1.sdk/usr/include/mach/mig_strncpy_zerofill_support.h
/Applications/Xcode.app/Contents/Developer/Platforms/MacOSX.platform/Developer/SDKs/MacOSX26.1.sdk/usr/include/mach/mig_voucher_support.h
/Applications/Xcode.app/Contents/Developer/Platforms/MacOSX.platform/Developer/SDKs/MacOSX26.1.sdk/usr/include/mach/port_obj.h
/Applications/Xcode.app/Contents/Developer/Platforms/MacOSX.platform/Developer/SDKs/MacOSX26.1.sdk/usr/include/mach/sdt.h
/Applications/Xcode.app/Contents/Developer/Platforms/MacOSX.platform/Developer/SDKs/MacOSX26.1.sdk/usr/include/mach/machine/sdt.h
/Applications/Xcode.app/Contents/Developer/Platforms/MacOSX.platform/Developer/SDKs/MacOSX26.1.sdk/usr/include/sys/sdt.h
/Applications/Xcode.app/Contents/Developer/Platforms/MacOSX.platform/Developer/SDKs/MacOSX26.1.sdk/usr/include/mach/shared_region.h
/Applications/Xcode.app/Contents/Developer/Platforms/MacOSX.platform/Developer/SDKs/MacOSX26.1.sdk/usr/include/mach/sync.h
/Applications/Xcode.app/Contents/Developer/Platforms/MacOSX.platform/Developer/SDKs/MacOSX26.1.sdk/usr/include/mach/thread_state.h
/Applications/Xcode.app/Contents/Developer/Platforms/MacOSX.platform/Developer/SDKs/MacOSX26.1.sdk/usr/include/mach/vm_param.h
/Applications/Xcode.app/Contents/Developer/Platforms/MacOSX.platform/Developer/SDKs/MacOSX26.1.sdk/usr/include/mach/vm_task.h
/Applications/Xcode.app/Contents/Developer/Platforms/MacOSX.platform/Developer/SDKs/MacOSX26.1.sdk/usr/include/mach/machine/asm.h
/Applications/Xcode.app/Contents/Developer/Platforms/MacOSX.platform/Developer/SDKs/MacOSX26.1.sdk/usr/include/mach/arm64/asm.h
/Applications/Xcode.app/Contents/Developer/Platforms/MacOSX.platform/Developer/SDKs/MacOSX26.1.sdk/usr/include/mach/i386/asm.h
/Applications/Xcode.app/Contents/Developer/Platforms/MacOSX.platform/Developer/SDKs/MacOSX26.1.sdk/usr/include/mach/arm/asm.h
/Applications/Xcode.app/Contents/Developer/Platforms/MacOSX.platform/Developer/SDKs/MacOSX26.1.sdk/usr/include/mach/i386/boolean.h
/Applications/Xcode.app/Contents/Developer/Platforms/MacOSX.platform/Developer/SDKs/MacOSX26.1.sdk/usr/include/mach/i386/exception.h
/Applications/Xcode.app/Contents/Developer/Platforms/MacOSX.platform/Developer/SDKs/MacOSX26.1.sdk/usr/include/mach/i386/fp_reg.h
/Applications/Xcode.app/Contents/Developer/Platforms/MacOSX.platform/Developer/SDKs/MacOSX26.1.sdk/usr/include/mach/i386/kern_return.h
/Applications/Xcode.app/Contents/Developer/Platforms/MacOSX.platform/Developer/SDKs/MacOSX26.1.sdk/usr/include/mach/machine/ndr_def.h
/Applications/Xcode.app/Contents/Developer/Platforms/MacOSX.platform/Developer/SDKs/MacOSX26.1.sdk/usr/include/mach/arm/ndr_def.h
/Applications/Xcode.app/Contents/Developer/Platforms/MacOSX.platform/Developer/SDKs/MacOSX26.1.sdk/usr/include/mach/i386/processor_info.h
/Applications/Xcode.app/Contents/Developer/Platforms/MacOSX.platform/Developer/SDKs/MacOSX26.1.sdk/usr/include/mach/i386/rpc.h
/Applications/Xcode.app/Contents/Developer/Platforms/MacOSX.platform/Developer/SDKs/MacOSX26.1.sdk/usr/include/mach/machine/sdt_isa.h
/Applications/Xcode.app/Contents/Developer/Platforms/MacOSX.platform/Developer/SDKs/MacOSX26.1.sdk/usr/include/mach/arm/sdt_isa.h
/Applications/Xcode.app/Contents/Developer/Platforms/MacOSX.platform/Developer/SDKs/MacOSX26.1.sdk/usr/include/mach/i386/sdt_isa.h
/Applications/Xcode.app/Contents/Developer/Platforms/MacOSX.platform/Developer/SDKs/MacOSX26.1.sdk/usr/include/mach/i386/thread_state.h
/Applications/Xcode.app/Contents/Developer/Platforms/MacOSX.platform/Developer/SDKs/MacOSX26.1.sdk/usr/include/mach/i386/thread_status.h
/Applications/Xcode.app/Contents/Developer/Platforms/MacOSX.platform/Developer/SDKs/MacOSX26.1.sdk/usr/include/mach/arm/traps.h
/Applications/Xcode.app/Contents/Developer/Platforms/MacOSX.platform/Developer/SDKs/MacOSX26.1.sdk/usr/include/mach/i386/vm_param.h
/Applications/Xcode.app/Contents/Developer/Platforms/MacOSX.platform/Developer/SDKs/MacOSX26.1.sdk/usr/include/mach/i386/vm_types.h
/Applications/Xcode.app/Contents/Developer/Platforms/MacOSX.platform/Developer/SDKs/MacOSX26.1.sdk/usr/include/mach_debug/mach_debug.h
/Applications/Xcode.app/Contents/Developer/Platforms/MacOSX.platform/Developer/SDKs/MacOSX26.1.sdk/usr/include/device/device_types.h
/Applications/Xcode.app/Contents/Developer/Platforms/MacOSX.platform/Developer/SDKs/MacOSX26.1.sdk/usr/include/device/device_port.h
/Applications/Xcode.app/Contents/Developer/Platforms/MacOSX.platform/Developer/SDKs/MacOSX26.1.sdk/usr/include/libkern/OSAtomic.h
/Applications/Xcode.app/Contents/Developer/Platforms/MacOSX.platform/Developer/SDKs/MacOSX26.1.sdk/usr/include/libkern/OSAtomicDeprecated.h
/Applications/Xcode.app/Contents/Developer/Platforms/MacOSX.platform/Developer/SDKs/MacOSX26.1.sdk/usr/include/libkern/OSSpinLockDeprecated.h
/Applications/Xcode.app/Contents/Developer/Platforms/MacOSX.platform/Developer/SDKs/MacOSX26.1.sdk/usr/include/libkern/OSAtomicQueue.h
/Applications/Xcode.app/Contents/Developer/Platforms/MacOSX.platform/Developer/SDKs/MacOSX26.1.sdk/usr/include/libkern/machine/OSByteOrder.h
/Applications/Xcode.app/Contents/Developer/Platforms/MacOSX.platform/Developer/SDKs/MacOSX26.1.sdk/usr/include/libkern/i386/OSByteOrder.h
/Applications/Xcode.app/Contents/Developer/Platforms/MacOSX.platform/Developer/SDKs/MacOSX26.1.sdk/usr/include/libproc.h
/Applications/Xcode.app/Contents/Developer/Platforms/MacOSX.platform/Developer/SDKs/MacOSX26.1.sdk/usr/include/sys/mount.h
/Applications/Xcode.app/Contents/Developer/Platforms/MacOSX.platform/Developer/SDKs/MacOSX26.1.sdk/usr/include/sys/attr.h
/Applications/Xcode.app/Contents/Developer/Platforms/MacOSX.platform/Developer/SDKs/MacOSX26.1.sdk/usr/include/sys/proc_info.h
/Applications/Xcode.app/Contents/Developer/Platforms/MacOSX.platform/Developer/SDKs/MacOSX26.1.sdk/usr/include/sys/kern_control.h
/Applications/Xcode.app/Contents/Developer/Platforms/MacOSX.platform/Developer/SDKs/MacOSX26.1.sdk/usr/include/os/clock.h
/Applications/Xcode.app/Contents/Developer/Platforms/MacOSX.platform/Developer/SDKs/MacOSX26.1.sdk/usr/include/os/lock.h
/Applications/Xcode.app/Contents/Developer/Platforms/MacOSX.platform/Developer/SDKs/MacOSX26.1.sdk/usr/include/os/proc.h
/Applications/Xcode.app/Contents/Developer/Platforms/MacOSX.platform/Developer/SDKs/MacOSX26.1.sdk/usr/include/malloc/malloc.h
/Applications/Xcode.app/Contents/Developer/Platforms/MacOSX.platform/Developer/SDKs/MacOSX26.1.sdk/usr/include/malloc/_platform.h
/Applications/Xcode.app/Contents/Developer/Platforms/MacOSX.platform/Developer/SDKs/MacOSX26.1.sdk/usr/include/sys/malloc.h
/Applications/Xcode.app/Contents/Developer/Platforms/MacOSX.platform/Developer/SDKs/MacOSX26.1.sdk/usr/include/i386/_param.h
/Applications/Xcode.app/Contents/Developer/Platforms/MacOSX.platform/Developer/SDKs/MacOSX26.1.sdk/usr/include/machine/byte_order.h
/Applications/Xcode.app/Contents/Developer/Platforms/MacOSX.platform/Developer/SDKs/MacOSX26.1.sdk/usr/include/architecture/byte_order.h
/Applications/Xcode.app/Contents/Developer/Platforms/MacOSX.platform/Developer/SDKs/MacOSX26.1.sdk/usr/include/i386/eflags.h
/Applications/Xcode.app/Contents/Developer/Platforms/MacOSX.platform/Developer/SDKs/MacOSX26.1.sdk/usr/include/machine/fasttrap_isa.h
/Applications/Xcode.app/Contents/Developer/Platforms/MacOSX.platform/Developer/SDKs/MacOSX26.1.sdk/usr/include/arm/fasttrap_isa.h
/Applications/Xcode.app/Contents/Developer/Platforms/MacOSX.platform/Developer/SDKs/MacOSX26.1.sdk/usr/include/i386/fasttrap_isa.h
/Applications/Xcode.app/Contents/Developer/Platforms/MacOSX.platform/Developer/SDKs/MacOSX26.1.sdk/usr/include/i386/param.h
/Applications/Xcode.app/Contents/Developer/Platforms/MacOSX.platform/Developer/SDKs/MacOSX26.1.sdk/usr/include/machine/profile.h
/Applications/Xcode.app/Contents/Developer/Platforms/MacOSX.platform/Developer/SDKs/MacOSX26.1.sdk/usr/include/arm/profile.h
/Applications/Xcode.app/Contents/Developer/Platforms/MacOSX.platform/Developer/SDKs/MacOSX26.1.sdk/usr/include/i386/profile.h
/Applications/Xcode.app/Contents/Developer/Platforms/MacOSX.platform/Developer/SDKs/MacOSX26.1.sdk/usr/include/i386/user_ldt.h
/Applications/Xcode.app/Contents/Developer/Platforms/MacOSX.platform/Developer/SDKs/MacOSX26.1.sdk/usr/include/machine/vmparam.h
/Applications/Xcode.app/Contents/Developer/Platforms/MacOSX.platform/Developer/SDKs/MacOSX26.1.sdk/usr/include/arm/vmparam.h
/Applications/Xcode.app/Contents/Developer/Platforms/MacOSX.platform/Developer/SDKs/MacOSX26.1.sdk/usr/include/i386/vmparam.h
/Applications/Xcode.app/Contents/Developer/Platforms/MacOSX.platform/Developer/SDKs/MacOSX26.1.sdk/usr/include/aliasdb.h
/Applications/Xcode.app/Contents/Developer/Platforms/MacOSX.platform/Developer/SDKs/MacOSX26.1.sdk/usr/include/bootparams.h
/Applications/Xcode.app/Contents/Developer/Platforms/MacOSX.platform/Developer/SDKs/MacOSX26.1.sdk/usr/include/Block.h
/Applications/Xcode.app/Contents/Developer/Platforms/MacOSX.platform/Developer/SDKs/MacOSX26.1.sdk/usr/include/bsm/audit_domain.h
/Applications/Xcode.app/Contents/Developer/Platforms/MacOSX.platform/Developer/SDKs/MacOSX26.1.sdk/usr/include/bsm/audit_errno.h
/Applications/Xcode.app/Contents/Developer/Platforms/MacOSX.platform/Developer/SDKs/MacOSX26.1.sdk/usr/include/bsm/audit_fcntl.h
/Applications/Xcode.app/Contents/Developer/Platforms/MacOSX.platform/Developer/SDKs/MacOSX26.1.sdk/usr/include/bsm/audit_filter.h
/Applications/Xcode.app/Contents/Developer/Platforms/MacOSX.platform/Developer/SDKs/MacOSX26.1.sdk/usr/include/bsm/libbsm.h
/Applications/Xcode.app/Contents/Developer/Platforms/MacOSX.platform/Developer/SDKs/MacOSX26.1.sdk/usr/include/bsm/audit_record.h
/Applications/Xcode.app/Contents/Developer/Platforms/MacOSX.platform/Developer/SDKs/MacOSX26.1.sdk/usr/include/bsm/audit_internal.h
/Applications/Xcode.app/Contents/Developer/Platforms/MacOSX.platform/Developer/SDKs/MacOSX26.1.sdk/usr/include/bsm/audit_kevents.h
/Applications/Xcode.app/Contents/Developer/Platforms/MacOSX.platform/Developer/SDKs/MacOSX26.1.sdk/usr/include/bsm/audit_session.h
/Applications/Xcode.app/Contents/Developer/Platforms/MacOSX.platform/Developer/SDKs/MacOSX26.1.sdk/usr/include/bsm/audit_socket_type.h
/Applications/Xcode.app/Contents/Developer/Platforms/MacOSX.platform/Developer/SDKs/MacOSX26.1.sdk/usr/include/bsm/audit_uevents.h
/Applications/Xcode.app/Contents/Developer/Platforms/MacOSX.platform/Developer/SDKs/MacOSX26.1.sdk/usr/include/execinfo.h
/Applications/Xcode.app/Contents/Developer/Platforms/MacOSX.platform/Developer/SDKs/MacOSX26.1.sdk/usr/include/fstab.h
/Applications/Xcode.app/Contents/Developer/Platforms/MacOSX.platform/Developer/SDKs/MacOSX26.1.sdk/usr/include/hfs/hfs_format.h
/Applications/Xcode.app/Contents/Developer/Platforms/MacOSX.platform/Developer/SDKs/MacOSX26.1.sdk/usr/include/hfs/hfs_unistr.h
/Applications/Xcode.app/Contents/Developer/Platforms/MacOSX.platform/Developer/SDKs/MacOSX26.1.sdk/usr/include/hfs/hfs_mount.h
/Applications/Xcode.app/Contents/Developer/Platforms/MacOSX.platform/Developer/SDKs/MacOSX26.1.sdk/usr/include/membership.h
/Applications/Xcode.app/Contents/Developer/Platforms/MacOSX.platform/Developer/SDKs/MacOSX26.1.sdk/usr/include/ntsid.h
/Applications/Xcode.app/Contents/Developer/Platforms/MacOSX.platform/Developer/SDKs/MacOSX26.1.sdk/usr/include/curses.h
/Applications/Xcode.app/Contents/Developer/Platforms/MacOSX.platform/Developer/SDKs/MacOSX26.1.sdk/usr/include/ncurses_dll.h
/Applications/Xcode.app/Contents/Developer/Platforms/MacOSX.platform/Developer/SDKs/MacOSX26.1.sdk/usr/include/unctrl.h
/Applications/Xcode.app/Contents/Developer/Platforms/MacOSX.platform/Developer/SDKs/MacOSX26.1.sdk/usr/include/eti.h
/Applications/Xcode.app/Contents/Developer/Platforms/MacOSX.platform/Developer/SDKs/MacOSX26.1.sdk/usr/include/nc_tparm.h
/Applications/Xcode.app/Contents/Developer/Platforms/MacOSX.platform/Developer/SDKs/MacOSX26.1.sdk/usr/include/form.h
/Applications/Xcode.app/Contents/Developer/Platforms/MacOSX.platform/Developer/SDKs/MacOSX26.1.sdk/usr/include/menu.h
/Applications/Xcode.app/Contents/Developer/Platforms/MacOSX.platform/Developer/SDKs/MacOSX26.1.sdk/usr/include/panel.h
/Applications/Xcode.app/Contents/Developer/Platforms/MacOSX.platform/Developer/SDKs/MacOSX26.1.sdk/usr/include/netinet6/ah.h
/Applications/Xcode.app/Contents/Developer/Platforms/MacOSX.platform/Developer/SDKs/MacOSX26.1.sdk/usr/include/netinet6/esp.h
/Applications/Xcode.app/Contents/Developer/Platforms/MacOSX.platform/Developer/SDKs/MacOSX26.1.sdk/usr/include/netinet6/ipcomp.h
/Applications/Xcode.app/Contents/Developer/Platforms/MacOSX.platform/Developer/SDKs/MacOSX26.1.sdk/usr/include/netinet6/ipsec.h
/Applications/Xcode.app/Contents/Developer/Platforms/MacOSX.platform/Developer/SDKs/MacOSX26.1.sdk/usr/include/netinet6/raw_ip6.h
/Applications/Xcode.app/Contents/Developer/Platforms/MacOSX.platform/Developer/SDKs/MacOSX26.1.sdk/usr/include/printerdb.h
/Applications/Xcode.app/Contents/Developer/Platforms/MacOSX.platform/Developer/SDKs/MacOSX26.1.sdk/usr/include/sys/_structs.h
/Applications/Xcode.app/Contents/Developer/Platforms/MacOSX.platform/Developer/SDKs/MacOSX26.1.sdk/usr/include/sys/acct.h
/Applications/Xcode.app/Contents/Developer/Platforms/MacOSX.platform/Developer/SDKs/MacOSX26.1.sdk/usr/include/sys/acl.h
/Applications/Xcode.app/Contents/Developer/Platforms/MacOSX.platform/Developer/SDKs/MacOSX26.1.sdk/usr/include/sys/kauth.h
/Applications/Xcode.app/Contents/Developer/Platforms/MacOSX.platform/Developer/SDKs/MacOSX26.1.sdk/usr/include/sys/buf.h
/Applications/Xcode.app/Contents/Developer/Platforms/MacOSX.platform/Developer/SDKs/MacOSX26.1.sdk/usr/include/sys/kernel_types.h
/Applications/Xcode.app/Contents/Developer/Platforms/MacOSX.platform/Developer/SDKs/MacOSX26.1.sdk/usr/include/sys/clonefile.h
/Applications/Xcode.app/Contents/Developer/Platforms/MacOSX.platform/Developer/SDKs/MacOSX26.1.sdk/usr/include/sys/commpage.h
/Applications/Xcode.app/Contents/Developer/Platforms/MacOSX.platform/Developer/SDKs/MacOSX26.1.sdk/usr/include/sys/conf.h
/Applications/Xcode.app/Contents/Developer/Platforms/MacOSX.platform/Developer/SDKs/MacOSX26.1.sdk/usr/include/sys/disk.h
/Applications/Xcode.app/Contents/Developer/Platforms/MacOSX.platform/Developer/SDKs/MacOSX26.1.sdk/usr/include/sys/dkstat.h
/Applications/Xcode.app/Contents/Developer/Platforms/MacOSX.platform/Developer/SDKs/MacOSX26.1.sdk/usr/include/sys/domain.h
/Applications/Xcode.app/Contents/Developer/Platforms/MacOSX.platform/Developer/SDKs/MacOSX26.1.sdk/usr/include/sys/ev.h
/Applications/Xcode.app/Contents/Developer/Platforms/MacOSX.platform/Developer/SDKs/MacOSX26.1.sdk/usr/include/sys/file.h
/Applications/Xcode.app/Contents/Developer/Platforms/MacOSX.platform/Developer/SDKs/MacOSX26.1.sdk/usr/include/sys/filedesc.h
/Applications/Xcode.app/Contents/Developer/Platforms/MacOSX.platform/Developer/SDKs/MacOSX26.1.sdk/usr/include/sys/fileport.h
/Applications/Xcode.app/Contents/Developer/Platforms/MacOSX.platform/Developer/SDKs/MacOSX26.1.sdk/usr/include/sys/fsgetpath.h
/Applications/Xcode.app/Contents/Developer/Platforms/MacOSX.platform/Developer/SDKs/MacOSX26.1.sdk/usr/include/sys/gmon.h
/Applications/Xcode.app/Contents/Developer/Platforms/MacOSX.platform/Developer/SDKs/MacOSX26.1.sdk/usr/include/sys/ioctl_compat.h
/Applications/Xcode.app/Contents/Developer/Platforms/MacOSX.platform/Developer/SDKs/MacOSX26.1.sdk/usr/include/sys/ttychars.h
/Applications/Xcode.app/Contents/Developer/Platforms/MacOSX.platform/Developer/SDKs/MacOSX26.1.sdk/usr/include/sys/ttydev.h
/Applications/Xcode.app/Contents/Developer/Platforms/MacOSX.platform/Developer/SDKs/MacOSX26.1.sdk/usr/include/sys/kdebug.h
/Applications/Xcode.app/Contents/Developer/Platforms/MacOSX.platform/Developer/SDKs/MacOSX26.1.sdk/usr/include/sys/kdebug_signpost.h
/Applications/Xcode.app/Contents/Developer/Platforms/MacOSX.platform/Developer/SDKs/MacOSX26.1.sdk/usr/include/sys/lctx.h
/Applications/Xcode.app/Contents/Developer/Platforms/MacOSX.platform/Developer/SDKs/MacOSX26.1.sdk/usr/include/sys/mbuf.h
/Applications/Xcode.app/Contents/Developer/Platforms/MacOSX.platform/Developer/SDKs/MacOSX26.1.sdk/usr/include/sys/msgbuf.h
/Applications/Xcode.app/Contents/Developer/Platforms/MacOSX.platform/Developer/SDKs/MacOSX26.1.sdk/usr/include/sys/netport.h
/Applications/Xcode.app/Contents/Developer/Platforms/MacOSX.platform/Developer/SDKs/MacOSX26.1.sdk/usr/include/sys/paths.h
/Applications/Xcode.app/Contents/Developer/Platforms/MacOSX.platform/Developer/SDKs/MacOSX26.1.sdk/usr/include/sys/pipe.h
/Applications/Xcode.app/Contents/Developer/Platforms/MacOSX.platform/Developer/SDKs/MacOSX26.1.sdk/usr/include/sys/quota.h
/Applications/Xcode.app/Contents/Developer/Platforms/MacOSX.platform/Developer/SDKs/MacOSX26.1.sdk/usr/include/sys/rbtree.h
/Applications/Xcode.app/Contents/Developer/Platforms/MacOSX.platform/Developer/SDKs/MacOSX26.1.sdk/usr/include/sys/reboot.h
/Applications/Xcode.app/Contents/Developer/Platforms/MacOSX.platform/Developer/SDKs/MacOSX26.1.sdk/usr/include/sys/resourcevar.h
/Applications/Xcode.app/Contents/Developer/Platforms/MacOSX.platform/Developer/SDKs/MacOSX26.1.sdk/usr/include/sys/sbuf.h
/Applications/Xcode.app/Contents/Developer/Platforms/MacOSX.platform/Developer/SDKs/MacOSX26.1.sdk/usr/include/sys/signalvar.h
/Applications/Xcode.app/Contents/Developer/Platforms/MacOSX.platform/Developer/SDKs/MacOSX26.1.sdk/usr/include/sys/syscall.h
/Applications/Xcode.app/Contents/Developer/Platforms/MacOSX.platform/Developer/SDKs/MacOSX26.1.sdk/usr/include/sys/timeb.h
/Applications/Xcode.app/Contents/Developer/Platforms/MacOSX.platform/Developer/SDKs/MacOSX26.1.sdk/usr/include/sys/trace.h
/Applications/Xcode.app/Contents/Developer/Platforms/MacOSX.platform/Developer/SDKs/MacOSX26.1.sdk/usr/include/sys/tty.h
/Applications/Xcode.app/Contents/Developer/Platforms/MacOSX.platform/Developer/SDKs/MacOSX26.1.sdk/usr/include/sys/ucontext.h
/Applications/Xcode.app/Contents/Developer/Platforms/MacOSX.platform/Developer/SDKs/MacOSX26.1.sdk/usr/include/sys/unpcb.h
/Applications/Xcode.app/Contents/Developer/Platforms/MacOSX.platform/Developer/SDKs/MacOSX26.1.sdk/usr/include/sys/user.h
/Applications/Xcode.app/Contents/Developer/Platforms/MacOSX.platform/Developer/SDKs/MacOSX26.1.sdk/usr/include/sys/utfconv.h
/Applications/Xcode.app/Contents/Developer/Platforms/MacOSX.platform/Developer/SDKs/MacOSX26.1.sdk/usr/include/sys/vcmd.h
/Applications/Xcode.app/Contents/Developer/Platforms/MacOSX.platform/Developer/SDKs/MacOSX26.1.sdk/usr/include/sys/vnode.h
/Applications/Xcode.app/Contents/Developer/Platforms/MacOSX.platform/Developer/SDKs/MacOSX26.1.sdk/usr/include/_modules/_darwin_sys_signal.h
/Applications/Xcode.app/Contents/Developer/Platforms/MacOSX.platform/Developer/SDKs/MacOSX26.1.sdk/usr/include/sysdir.h
/Applications/Xcode.app/Contents/Developer/Platforms/MacOSX.platform/Developer/SDKs/MacOSX26.1.sdk/usr/include/libc.h
/Applications/Xcode.app/Contents/Developer/Platforms/MacOSX.platform/Developer/SDKs/MacOSX26.1.sdk/usr/include/paths.h
/Applications/Xcode.app/Contents/Developer/Platforms/MacOSX.platform/Developer/SDKs/MacOSX26.1.sdk/usr/include/sysexits.h
/Applications/Xcode.app/Contents/Developer/Platforms/MacOSX.platform/Developer/SDKs/MacOSX26.1.sdk/SDKSettings.json
/Applications/Xcode.app/Contents/Developer/Platforms/MacOSX.platform/Developer/SDKs/MacOSX26.1.sdk/System/Library/Frameworks/DiskArbitration.framework/Modules/module.modulemap
/Applications/Xcode.app/Contents/Developer/Platforms/MacOSX.platform/Developer/SDKs/MacOSX26.1.sdk/System/Library/Frameworks/DiskArbitration.framework/Headers/DiskArbitration.h
/Applications/Xcode.app/Contents/Developer/Platforms/MacOSX.platform/Developer/SDKs/MacOSX26.1.sdk/System/Library/Frameworks/CoreFoundation.framework/Modules/module.modulemap
/Applications/Xcode.app/Contents/Developer/Platforms/MacOSX.platform/Developer/SDKs/MacOSX26.1.sdk/usr/include/Darwin.modulemap
/Applications/Xcode.app/Contents/Developer/Platforms/MacOSX.platform/Developer/SDKs/MacOSX26.1.sdk/usr/include/DarwinFoundation1.modulemap
/Applications/Xcode.app/Contents/Developer/Platforms/MacOSX.platform/Developer/SDKs/MacOSX26.1.sdk/System/Library/Frameworks/DiskArbitration.framework/Headers/DADisk.h
/Applications/Xcode.app/Contents/Developer/Platforms/MacOSX.platform/Developer/SDKs/MacOSX26.1.sdk/System/Library/Frameworks/IOKit.framework/Modules/module.modulemap
/Applications/Xcode.app/Contents/Developer/Platforms/MacOSX.platform/Developer/SDKs/MacOSX26.1.sdk/System/Library/Frameworks/DiskArbitration.framework/Headers/DASession.h
/Applications/Xcode.app/Contents/Developer/Platforms/MacOSX.platform/Developer/SDKs/MacOSX26.1.sdk/System/Library/Frameworks/DiskArbitration.framework/Headers/DADissenter.h
/Applications/Xcode.app/Contents/Developer/Platforms/MacOSX.platform/Developer/SDKs/MacOSX26.1.sdk/SDKSettings.json
/Applications/Xcode.app/Contents/Developer/Platforms/MacOSX.platform/Developer/SDKs/MacOSX26.1.sdk/usr/include/Dispatch.apinotes
/Applications/Xcode.app/Contents/Developer/Platforms/MacOSX.platform/Developer/SDKs/MacOSX26.1.sdk/usr/include/dispatch.modulemap
/Applications/Xcode.app/Contents/Developer/Platforms/MacOSX.platform/Developer/SDKs/MacOSX26.1.sdk/usr/include/os.modulemap
/Applications/Xcode.app/Contents/Developer/Platforms/MacOSX.platform/Developer/SDKs/MacOSX26.1.sdk/usr/include/Darwin.modulemap
/Applications/Xcode.app/Contents/Developer/Platforms/MacOSX.platform/Developer/SDKs/MacOSX26.1.sdk/usr/include/Darwin_C.modulemap
/Applications/Xcode.app/Contents/Developer/Platforms/MacOSX.platform/Developer/SDKs/MacOSX26.1.sdk/usr/include/Darwin_POSIX.modulemap
/Applications/Xcode.app/Contents/Developer/Platforms/MacOSX.platform/Developer/SDKs/MacOSX26.1.sdk/usr/include/net.modulemap
/Applications/Xcode.app/Contents/Developer/Platforms/MacOSX.platform/Developer/SDKs/MacOSX26.1.sdk/usr/include/netinet.modulemap
/Applications/Xcode.app/Contents/Developer/Platforms/MacOSX.platform/Developer/SDKs/MacOSX26.1.sdk/usr/include/bank.modulemap
/Applications/Xcode.app/Contents/Developer/Platforms/MacOSX.platform/Developer/SDKs/MacOSX26.1.sdk/usr/include/Darwin_Mach.modulemap
/Applications/Xcode.app/Contents/Developer/Platforms/MacOSX.platform/Developer/SDKs/MacOSX26.1.sdk/usr/include/Darwin_Mach_machine.modulemap
/Applications/Xcode.app/Contents/Developer/Platforms/MacOSX.platform/Developer/SDKs/MacOSX26.1.sdk/usr/include/mach_debug.modulemap
/Applications/Xcode.app/Contents/Developer/Platforms/MacOSX.platform/Developer/SDKs/MacOSX26.1.sdk/usr/include/device.modulemap
/Applications/Xcode.app/Contents/Developer/Platforms/MacOSX.platform/Developer/SDKs/MacOSX26.1.sdk/usr/include/Darwin_machine.modulemap
/Applications/Xcode.app/Contents/Developer/Platforms/MacOSX.platform/Developer/SDKs/MacOSX26.1.sdk/usr/include/ncurses.modulemap
/Applications/Xcode.app/Contents/Developer/Platforms/MacOSX.platform/Developer/SDKs/MacOSX26.1.sdk/usr/include/netinet6.modulemap
/Applications/Xcode.app/Contents/Developer/Platforms/MacOSX.platform/Developer/SDKs/MacOSX26.1.sdk/usr/include/Darwin_sys.modulemap
/Applications/Xcode.app/Contents/Developer/Platforms/MacOSX.platform/Developer/SDKs/MacOSX26.1.sdk/usr/include/uuid.modulemap
/Applications/Xcode.app/Contents/Developer/Platforms/MacOSX.platform/Developer/SDKs/MacOSX26.1.sdk/usr/include/DarwinFoundation2.modulemap
/Applications/Xcode.app/Contents/Developer/Platforms/MacOSX.platform/Developer/SDKs/MacOSX26.1.sdk/usr/include/DarwinFoundation3.modulemap
/Applications/Xcode.app/Contents/Developer/Platforms/MacOSX.platform/Developer/SDKs/MacOSX26.1.sdk/usr/include/DarwinFoundation1.modulemap
/Applications/Xcode.app/Contents/Developer/Platforms/MacOSX.platform/Developer/SDKs/MacOSX26.1.sdk/usr/include/dispatch/dispatch.h
/Applications/Xcode.app/Contents/Developer/Toolchains/XcodeDefault.xctoolchain/usr/lib/swift/clang/include/module.modulemap
/Applications/Xcode.app/Contents/Developer/Toolchains/XcodeDefault.xctoolchain/usr/lib/swift/clang/include/stddef.h
/Applications/Xcode.app/Contents/Developer/Toolchains/XcodeDefault.xctoolchain/usr/lib/swift/clang/include/stdarg.h
/Applications/Xcode.app/Contents/Developer/Platforms/MacOSX.platform/Developer/SDKs/MacOSX26.1.sdk/usr/include/string.h
/Applications/Xcode.app/Contents/Developer/Platforms/MacOSX.platform/Developer/SDKs/MacOSX26.1.sdk/usr/include/dispatch/base.h
/Applications/Xcode.app/Contents/Developer/Platforms/MacOSX.platform/Developer/SDKs/MacOSX26.1.sdk/usr/include/dispatch/time.h
/Applications/Xcode.app/Contents/Developer/Platforms/MacOSX.platform/Developer/SDKs/MacOSX26.1.sdk/usr/include/dispatch/object.h
/Applications/Xcode.app/Contents/Developer/Platforms/MacOSX.platform/Developer/SDKs/MacOSX26.1.sdk/usr/include/dispatch/queue.h
/Applications/Xcode.app/Contents/Developer/Platforms/MacOSX.platform/Developer/SDKs/MacOSX26.1.sdk/usr/include/dispatch/block.h
/Applications/Xcode.app/Contents/Developer/Platforms/MacOSX.platform/Developer/SDKs/MacOSX26.1.sdk/usr/include/dispatch/source.h
/Applications/Xcode.app/Contents/Developer/Platforms/MacOSX.platform/Developer/SDKs/MacOSX26.1.sdk/usr/include/dispatch/group.h
/Applications/Xcode.app/Contents/Developer/Platforms/MacOSX.platform/Developer/SDKs/MacOSX26.1.sdk/usr/include/dispatch/semaphore.h
/Applications/Xcode.app/Contents/Developer/Platforms/MacOSX.platform/Developer/SDKs/MacOSX26.1.sdk/usr/include/dispatch/once.h
/Applications/Xcode.app/Contents/Developer/Platforms/MacOSX.platform/Developer/SDKs/MacOSX26.1.sdk/usr/include/dispatch/data.h
/Applications/Xcode.app/Contents/Developer/Platforms/MacOSX.platform/Developer/SDKs/MacOSX26.1.sdk/usr/include/dispatch/io.h
/Applications/Xcode.app/Contents/Developer/Platforms/MacOSX.platform/Developer/SDKs/MacOSX26.1.sdk/usr/include/dispatch/workloop.h
/Applications/Xcode.app/Contents/Developer/Platforms/MacOSX.platform/Developer/SDKs/MacOSX26.1.sdk/usr/include/dispatch/dispatch_swift_shims.h
/Applications/Xcode.app/Contents/Developer/Platforms/MacOSX.platform/Developer/SDKs/MacOSX26.1.sdk/SDKSettings.json
/Applications/Xcode.app/Contents/Developer/Toolchains/XcodeDefault.xctoolchain/usr/lib/swift/macosx/prebuilt-modules/26.1/Dispatch.swiftmodule/arm64e-apple-macos.swiftmodule
/Applications/Xcode.app/Contents/Developer/Toolchains/XcodeDefault.xctoolchain/usr/lib/swift/macosx/prebuilt-modules/26.1/Foundation.swiftmodule/arm64e-apple-macos.swiftmodule
/Applications/Xcode.app/Contents/Developer/Platforms/MacOSX.platform/Developer/SDKs/MacOSX26.1.sdk/System/Library/Frameworks/Foundation.framework/Headers/Foundation.apinotes
/Applications/Xcode.app/Contents/Developer/Platforms/MacOSX.platform/Developer/SDKs/MacOSX26.1.sdk/System/Library/Frameworks/Foundation.framework/Modules/module.modulemap
/Applications/Xcode.app/Contents/Developer/Platforms/MacOSX.platform/Developer/SDKs/MacOSX26.1.sdk/System/Library/Frameworks/Foundation.framework/Headers/Foundation.h
/Applications/Xcode.app/Contents/Developer/Platforms/MacOSX.platform/Developer/SDKs/MacOSX26.1.sdk/System/Library/Frameworks/CoreFoundation.framework/Modules/module.modulemap
/Applications/Xcode.app/Contents/Developer/Platforms/MacOSX.platform/Developer/SDKs/MacOSX26.1.sdk/System/Library/Frameworks/Foundation.framework/Headers/NSObjCRuntime.h
/Applications/Xcode.app/Contents/Developer/Platforms/MacOSX.platform/Developer/SDKs/MacOSX26.1.sdk/usr/include/xpc.modulemap
/Applications/Xcode.app/Contents/Developer/Platforms/MacOSX.platform/Developer/SDKs/MacOSX26.1.sdk/usr/include/dispatch.modulemap
/Applications/Xcode.app/Contents/Developer/Platforms/MacOSX.platform/Developer/SDKs/MacOSX26.1.sdk/usr/include/ObjectiveC.modulemap
/Applications/Xcode.app/Contents/Developer/Platforms/MacOSX.platform/Developer/SDKs/MacOSX26.1.sdk/usr/include/Darwin.modulemap
/Applications/Xcode.app/Contents/Developer/Platforms/MacOSX.platform/Developer/SDKs/MacOSX26.1.sdk/usr/include/DarwinFoundation1.modulemap
/Applications/Xcode.app/Contents/Developer/Toolchains/XcodeDefault.xctoolchain/usr/lib/swift/clang/include/module.modulemap
/Applications/Xcode.app/Contents/Developer/Toolchains/XcodeDefault.xctoolchain/usr/lib/swift/clang/include/stdarg.h
/Applications/Xcode.app/Contents/Developer/Platforms/MacOSX.platform/Developer/SDKs/MacOSX26.1.sdk/System/Library/Frameworks/Foundation.framework/Headers/NSArray.h
/Applications/Xcode.app/Contents/Developer/Platforms/MacOSX.platform/Developer/SDKs/MacOSX26.1.sdk/System/Library/Frameworks/Foundation.framework/Headers/NSObject.h
/Applications/Xcode.app/Contents/Developer/Platforms/MacOSX.platform/Developer/SDKs/MacOSX26.1.sdk/System/Library/Frameworks/Foundation.framework/Headers/NSZone.h
/Applications/Xcode.app/Contents/Developer/Toolchains/XcodeDefault.xctoolchain/usr/lib/swift/clang/include/stddef.h
/Applications/Xcode.app/Contents/Developer/Platforms/MacOSX.platform/Developer/SDKs/MacOSX26.1.sdk/System/Library/Frameworks/Foundation.framework/Headers/NSEnumerator.h
/Applications/Xcode.app/Contents/Developer/Platforms/MacOSX.platform/Developer/SDKs/MacOSX26.1.sdk/System/Library/Frameworks/Foundation.framework/Headers/NSRange.h
/Applications/Xcode.app/Contents/Developer/Platforms/MacOSX.platform/Developer/SDKs/MacOSX26.1.sdk/System/Library/Frameworks/Foundation.framework/Headers/NSValue.h
/Applications/Xcode.app/Contents/Developer/Platforms/MacOSX.platform/Developer/SDKs/MacOSX26.1.sdk/System/Library/Frameworks/Foundation.framework/Headers/NSOrderedCollectionDifference.h
/Applications/Xcode.app/Contents/Developer/Platforms/MacOSX.platform/Developer/SDKs/MacOSX26.1.sdk/System/Library/Frameworks/Foundation.framework/Headers/NSOrderedCollectionChange.h
/Applications/Xcode.app/Contents/Developer/Platforms/MacOSX.platform/Developer/SDKs/MacOSX26.1.sdk/System/Library/Frameworks/Foundation.framework/Headers/NSIndexSet.h
/Applications/Xcode.app/Contents/Developer/Platforms/MacOSX.platform/Developer/SDKs/MacOSX26.1.sdk/System/Library/Frameworks/Foundation.framework/Headers/NSAutoreleasePool.h
/Applications/Xcode.app/Contents/Developer/Platforms/MacOSX.platform/Developer/SDKs/MacOSX26.1.sdk/System/Library/Frameworks/Foundation.framework/Headers/NSBundle.h
/Applications/Xcode.app/Contents/Developer/Platforms/MacOSX.platform/Developer/SDKs/MacOSX26.1.sdk/System/Library/Frameworks/Foundation.framework/Headers/NSString.h
/Applications/Xcode.app/Contents/Developer/Platforms/MacOSX.platform/Developer/SDKs/MacOSX26.1.sdk/System/Library/Frameworks/Foundation.framework/Headers/NSItemProvider.h
/Applications/Xcode.app/Contents/Developer/Platforms/MacOSX.platform/Developer/SDKs/MacOSX26.1.sdk/System/Library/Frameworks/Foundation.framework/Headers/NSDictionary.h
/Applications/Xcode.app/Contents/Developer/Platforms/MacOSX.platform/Developer/SDKs/MacOSX26.1.sdk/System/Library/Frameworks/Foundation.framework/Headers/NSSet.h
/Applications/Xcode.app/Contents/Developer/Platforms/MacOSX.platform/Developer/SDKs/MacOSX26.1.sdk/System/Library/Frameworks/Foundation.framework/Headers/NSProgress.h
/Applications/Xcode.app/Contents/Developer/Platforms/MacOSX.platform/Developer/SDKs/MacOSX26.1.sdk/System/Library/Frameworks/Foundation.framework/Headers/NSNotification.h
/Applications/Xcode.app/Contents/Developer/Platforms/MacOSX.platform/Developer/SDKs/MacOSX26.1.sdk/System/Library/Frameworks/Foundation.framework/Headers/NSByteOrder.h
/Applications/Xcode.app/Contents/Developer/Platforms/MacOSX.platform/Developer/SDKs/MacOSX26.1.sdk/System/Library/Frameworks/Foundation.framework/Headers/NSCalendar.h
/Applications/Xcode.app/Contents/Developer/Platforms/MacOSX.platform/Developer/SDKs/MacOSX26.1.sdk/System/Library/Frameworks/Foundation.framework/Headers/NSDate.h
/Applications/Xcode.app/Contents/Developer/Platforms/MacOSX.platform/Developer/SDKs/MacOSX26.1.sdk/System/Library/Frameworks/Foundation.framework/Headers/NSCharacterSet.h
/Applications/Xcode.app/Contents/Developer/Platforms/MacOSX.platform/Developer/SDKs/MacOSX26.1.sdk/System/Library/Frameworks/Foundation.framework/Headers/NSCoder.h
/Applications/Xcode.app/Contents/Developer/Platforms/MacOSX.platform/Developer/SDKs/MacOSX26.1.sdk/System/Library/Frameworks/Foundation.framework/Headers/NSData.h
/Applications/Xcode.app/Contents/Developer/Platforms/MacOSX.platform/Developer/SDKs/MacOSX26.1.sdk/System/Library/Frameworks/Foundation.framework/Headers/NSDateInterval.h
/Applications/Xcode.app/Contents/Developer/Platforms/MacOSX.platform/Developer/SDKs/MacOSX26.1.sdk/System/Library/Frameworks/Foundation.framework/Headers/NSDateFormatter.h
/Applications/Xcode.app/Contents/Developer/Platforms/MacOSX.platform/Developer/SDKs/MacOSX26.1.sdk/System/Library/Frameworks/Foundation.framework/Headers/NSFormatter.h
/Applications/Xcode.app/Contents/Developer/Platforms/MacOSX.platform/Developer/SDKs/MacOSX26.1.sdk/System/Library/Frameworks/Foundation.framework/Headers/NSAttributedString.h
/Applications/Xcode.app/Contents/Developer/Platforms/MacOSX.platform/Developer/SDKs/MacOSX26.1.sdk/System/Library/Frameworks/Foundation.framework/Headers/NSDateIntervalFormatter.h
/Applications/Xcode.app/Contents/Developer/Platforms/MacOSX.platform/Developer/SDKs/MacOSX26.1.sdk/System/Library/Frameworks/Foundation.framework/Headers/NSISO8601DateFormatter.h
/Applications/Xcode.app/Contents/Developer/Platforms/MacOSX.platform/Developer/SDKs/MacOSX26.1.sdk/System/Library/Frameworks/Foundation.framework/Headers/NSMassFormatter.h
/Applications/Xcode.app/Contents/Developer/Platforms/MacOSX.platform/Developer/SDKs/MacOSX26.1.sdk/System/Library/Frameworks/Foundation.framework/Headers/NSLengthFormatter.h
/Applications/Xcode.app/Contents/Developer/Platforms/MacOSX.platform/Developer/SDKs/MacOSX26.1.sdk/System/Library/Frameworks/Foundation.framework/Headers/NSEnergyFormatter.h
/Applications/Xcode.app/Contents/Developer/Platforms/MacOSX.platform/Developer/SDKs/MacOSX26.1.sdk/System/Library/Frameworks/Foundation.framework/Headers/NSMeasurementFormatter.h
/Applications/Xcode.app/Contents/Developer/Platforms/MacOSX.platform/Developer/SDKs/MacOSX26.1.sdk/System/Library/Frameworks/Foundation.framework/Headers/NSNumberFormatter.h
/Applications/Xcode.app/Contents/Developer/Platforms/MacOSX.platform/Developer/SDKs/MacOSX26.1.sdk/System/Library/Frameworks/Foundation.framework/Headers/NSMeasurement.h
/Applications/Xcode.app/Contents/Developer/Platforms/MacOSX.platform/Developer/SDKs/MacOSX26.1.sdk/System/Library/Frameworks/Foundation.framework/Headers/NSUnit.h
/Applications/Xcode.app/Contents/Developer/Platforms/MacOSX.platform/Developer/SDKs/MacOSX26.1.sdk/System/Library/Frameworks/Foundation.framework/Headers/NSLocale.h
/Applications/Xcode.app/Contents/Developer/Platforms/MacOSX.platform/Developer/SDKs/MacOSX26.1.sdk/System/Library/Frameworks/Foundation.framework/Headers/NSPersonNameComponents.h
/Applications/Xcode.app/Contents/Developer/Platforms/MacOSX.platform/Developer/SDKs/MacOSX26.1.sdk/System/Library/Frameworks/Foundation.framework/Headers/NSPersonNameComponentsFormatter.h
/Applications/Xcode.app/Contents/Developer/Platforms/MacOSX.platform/Developer/SDKs/MacOSX26.1.sdk/System/Library/Frameworks/Foundation.framework/Headers/NSRelativeDateTimeFormatter.h
/Applications/Xcode.app/Contents/Developer/Platforms/MacOSX.platform/Developer/SDKs/MacOSX26.1.sdk/System/Library/Frameworks/Foundation.framework/Headers/NSListFormatter.h
/Applications/Xcode.app/Contents/Developer/Platforms/MacOSX.platform/Developer/SDKs/MacOSX26.1.sdk/System/Library/Frameworks/Foundation.framework/Headers/NSDecimal.h
/Applications/Xcode.app/Contents/Developer/Platforms/MacOSX.platform/Developer/SDKs/MacOSX26.1.sdk/System/Library/Frameworks/Foundation.framework/Headers/NSDecimalNumber.h
/Applications/Xcode.app/Contents/Developer/Platforms/MacOSX.platform/Developer/SDKs/MacOSX26.1.sdk/System/Library/Frameworks/Foundation.framework/Headers/NSScanner.h
/Applications/Xcode.app/Contents/Developer/Platforms/MacOSX.platform/Developer/SDKs/MacOSX26.1.sdk/System/Library/Frameworks/Foundation.framework/Headers/NSException.h
/Applications/Xcode.app/Contents/Developer/Platforms/MacOSX.platform/Developer/SDKs/MacOSX26.1.sdk/System/Library/Frameworks/Foundation.framework/Headers/NSError.h
/Applications/Xcode.app/Contents/Developer/Platforms/MacOSX.platform/Developer/SDKs/MacOSX26.1.sdk/System/Library/Frameworks/Foundation.framework/Headers/NSFileHandle.h
/Applications/Xcode.app/Contents/Developer/Platforms/MacOSX.platform/Developer/SDKs/MacOSX26.1.sdk/System/Library/Frameworks/Foundation.framework/Headers/NSRunLoop.h
/Applications/Xcode.app/Contents/Developer/Platforms/MacOSX.platform/Developer/SDKs/MacOSX26.1.sdk/System/Library/Frameworks/Foundation.framework/Headers/NSFileManager.h
/Applications/Xcode.app/Contents/Developer/Platforms/MacOSX.platform/Developer/SDKs/MacOSX26.1.sdk/System/Library/Frameworks/Foundation.framework/Headers/NSPathUtilities.h
/Applications/Xcode.app/Contents/Developer/Platforms/MacOSX.platform/Developer/SDKs/MacOSX26.1.sdk/System/Library/Frameworks/Foundation.framework/Headers/NSURL.h
/Applications/Xcode.app/Contents/Developer/Platforms/MacOSX.platform/Developer/SDKs/MacOSX26.1.sdk/System/Library/Frameworks/Foundation.framework/Headers/NSURLHandle.h
/Applications/Xcode.app/Contents/Developer/Platforms/MacOSX.platform/Developer/SDKs/MacOSX26.1.sdk/System/Library/Frameworks/Foundation.framework/Headers/NSHashTable.h
/Applications/Xcode.app/Contents/Developer/Platforms/MacOSX.platform/Developer/SDKs/MacOSX26.1.sdk/System/Library/Frameworks/Foundation.framework/Headers/NSPointerFunctions.h
/Applications/Xcode.app/Contents/Developer/Platforms/MacOSX.platform/Developer/SDKs/MacOSX26.1.sdk/System/Library/Frameworks/Foundation.framework/Headers/NSHTTPCookie.h
/Applications/Xcode.app/Contents/Developer/Platforms/MacOSX.platform/Developer/SDKs/MacOSX26.1.sdk/System/Library/Frameworks/Foundation.framework/Headers/NSHTTPCookieStorage.h
/Applications/Xcode.app/Contents/Developer/Platforms/MacOSX.platform/Developer/SDKs/MacOSX26.1.sdk/System/Library/Frameworks/Foundation.framework/Headers/NSIndexPath.h
/Applications/Xcode.app/Contents/Developer/Platforms/MacOSX.platform/Developer/SDKs/MacOSX26.1.sdk/System/Library/Frameworks/Foundation.framework/Headers/NSInflectionRule.h
/Applications/Xcode.app/Contents/Developer/Platforms/MacOSX.platform/Developer/SDKs/MacOSX26.1.sdk/System/Library/Frameworks/Foundation.framework/Headers/NSInvocation.h
/Applications/Xcode.app/Contents/Developer/Platforms/MacOSX.platform/Developer/SDKs/MacOSX26.1.sdk/System/Library/Frameworks/Foundation.framework/Headers/NSJSONSerialization.h
/Applications/Xcode.app/Contents/Developer/Platforms/MacOSX.platform/Developer/SDKs/MacOSX26.1.sdk/System/Library/Frameworks/Foundation.framework/Headers/NSKeyValueCoding.h
/Applications/Xcode.app/Contents/Developer/Platforms/MacOSX.platform/Developer/SDKs/MacOSX26.1.sdk/System/Library/Frameworks/Foundation.framework/Headers/NSOrderedSet.h
/Applications/Xcode.app/Contents/Developer/Platforms/MacOSX.platform/Developer/SDKs/MacOSX26.1.sdk/System/Library/Frameworks/Foundation.framework/Headers/NSKeyValueObserving.h
/Applications/Xcode.app/Contents/Developer/Platforms/MacOSX.platform/Developer/SDKs/MacOSX26.1.sdk/System/Library/Frameworks/Foundation.framework/Headers/NSKeyValueSharedObservers.h
/Applications/Xcode.app/Contents/Developer/Platforms/MacOSX.platform/Developer/SDKs/MacOSX26.1.sdk/System/Library/Frameworks/Foundation.framework/Headers/NSKeyedArchiver.h
/Applications/Xcode.app/Contents/Developer/Platforms/MacOSX.platform/Developer/SDKs/MacOSX26.1.sdk/System/Library/Frameworks/Foundation.framework/Headers/NSPropertyList.h
/Applications/Xcode.app/Contents/Developer/Platforms/MacOSX.platform/Developer/SDKs/MacOSX26.1.sdk/System/Library/Frameworks/Foundation.framework/Headers/NSGeometry.h
/Applications/Xcode.app/Contents/Developer/Platforms/MacOSX.platform/Developer/SDKs/MacOSX26.1.sdk/System/Library/Frameworks/Foundation.framework/Headers/NSLock.h
/Applications/Xcode.app/Contents/Developer/Platforms/MacOSX.platform/Developer/SDKs/MacOSX26.1.sdk/System/Library/Frameworks/Foundation.framework/Headers/NSMapTable.h
/Applications/Xcode.app/Contents/Developer/Platforms/MacOSX.platform/Developer/SDKs/MacOSX26.1.sdk/System/Library/Frameworks/Foundation.framework/Headers/NSMethodSignature.h
/Applications/Xcode.app/Contents/Developer/Platforms/MacOSX.platform/Developer/SDKs/MacOSX26.1.sdk/System/Library/Frameworks/Foundation.framework/Headers/NSMorphology.h
/Applications/Xcode.app/Contents/Developer/Platforms/MacOSX.platform/Developer/SDKs/MacOSX26.1.sdk/System/Library/Frameworks/Foundation.framework/Headers/NSTermOfAddress.h
/Applications/Xcode.app/Contents/Developer/Platforms/MacOSX.platform/Developer/SDKs/MacOSX26.1.sdk/System/Library/Frameworks/Foundation.framework/Headers/NSNotificationQueue.h
/Applications/Xcode.app/Contents/Developer/Platforms/MacOSX.platform/Developer/SDKs/MacOSX26.1.sdk/System/Library/Frameworks/Foundation.framework/Headers/NSNull.h
/Applications/Xcode.app/Contents/Developer/Platforms/MacOSX.platform/Developer/SDKs/MacOSX26.1.sdk/System/Library/Frameworks/Foundation.framework/Headers/NSLocalizedNumberFormatRule.h
/Applications/Xcode.app/Contents/Developer/Platforms/MacOSX.platform/Developer/SDKs/MacOSX26.1.sdk/System/Library/Frameworks/Foundation.framework/Headers/NSOperation.h
/Applications/Xcode.app/Contents/Developer/Platforms/MacOSX.platform/Developer/SDKs/MacOSX26.1.sdk/System/Library/Frameworks/Foundation.framework/Headers/NSOrthography.h
/Applications/Xcode.app/Contents/Developer/Platforms/MacOSX.platform/Developer/SDKs/MacOSX26.1.sdk/System/Library/Frameworks/Foundation.framework/Headers/NSPointerArray.h
/Applications/Xcode.app/Contents/Developer/Platforms/MacOSX.platform/Developer/SDKs/MacOSX26.1.sdk/System/Library/Frameworks/Foundation.framework/Headers/NSPort.h
/Applications/Xcode.app/Contents/Developer/Platforms/MacOSX.platform/Developer/SDKs/MacOSX26.1.sdk/System/Library/Frameworks/Foundation.framework/Headers/NSProcessInfo.h
/Applications/Xcode.app/Contents/Developer/Platforms/MacOSX.platform/Developer/SDKs/MacOSX26.1.sdk/System/Library/Frameworks/Foundation.framework/Headers/NSProxy.h
/Applications/Xcode.app/Contents/Developer/Platforms/MacOSX.platform/Developer/SDKs/MacOSX26.1.sdk/System/Library/Frameworks/Foundation.framework/Headers/NSRegularExpression.h
/Applications/Xcode.app/Contents/Developer/Platforms/MacOSX.platform/Developer/SDKs/MacOSX26.1.sdk/System/Library/Frameworks/Foundation.framework/Headers/NSTextCheckingResult.h
/Applications/Xcode.app/Contents/Developer/Platforms/MacOSX.platform/Developer/SDKs/MacOSX26.1.sdk/System/Library/Frameworks/Foundation.framework/Headers/NSSortDescriptor.h
/Applications/Xcode.app/Contents/Developer/Platforms/MacOSX.platform/Developer/SDKs/MacOSX26.1.sdk/System/Library/Frameworks/Foundation.framework/Headers/NSStream.h
/Applications/Xcode.app/Contents/Developer/Platforms/MacOSX.platform/Developer/SDKs/MacOSX26.1.sdk/System/Library/Frameworks/Foundation.framework/Headers/NSThread.h
/Applications/Xcode.app/Contents/Developer/Platforms/MacOSX.platform/Developer/SDKs/MacOSX26.1.sdk/System/Library/Frameworks/Foundation.framework/Headers/NSTimeZone.h
/Applications/Xcode.app/Contents/Developer/Platforms/MacOSX.platform/Developer/SDKs/MacOSX26.1.sdk/System/Library/Frameworks/Foundation.framework/Headers/NSTimer.h
/Applications/Xcode.app/Contents/Developer/Platforms/MacOSX.platform/Developer/SDKs/MacOSX26.1.sdk/System/Library/Frameworks/Foundation.framework/Headers/NSURLAuthenticationChallenge.h
/Applications/Xcode.app/Contents/Developer/Platforms/MacOSX.platform/Developer/SDKs/MacOSX26.1.sdk/System/Library/Frameworks/Foundation.framework/Headers/NSURLCache.h
/Applications/Xcode.app/Contents/Developer/Platforms/MacOSX.platform/Developer/SDKs/MacOSX26.1.sdk/System/Library/Frameworks/Foundation.framework/Headers/NSURLConnection.h
/Applications/Xcode.app/Contents/Developer/Platforms/MacOSX.platform/Developer/SDKs/MacOSX26.1.sdk/System/Library/Frameworks/Foundation.framework/Headers/NSURLCredential.h
/Applications/Xcode.app/Contents/Developer/Platforms/MacOSX.platform/Developer/SDKs/MacOSX26.1.sdk/System/Library/Frameworks/Security.framework/Modules/module.modulemap
/Applications/Xcode.app/Contents/Developer/Platforms/MacOSX.platform/Developer/SDKs/MacOSX26.1.sdk/System/Library/Frameworks/Foundation.framework/Headers/NSURLCredentialStorage.h
/Applications/Xcode.app/Contents/Developer/Platforms/MacOSX.platform/Developer/SDKs/MacOSX26.1.sdk/System/Library/Frameworks/Foundation.framework/Headers/NSURLProtectionSpace.h
/Applications/Xcode.app/Contents/Developer/Platforms/MacOSX.platform/Developer/SDKs/MacOSX26.1.sdk/System/Library/Frameworks/Foundation.framework/Headers/NSURLError.h
/Applications/Xcode.app/Contents/Developer/Platforms/MacOSX.platform/Developer/SDKs/MacOSX26.1.sdk/System/Library/Frameworks/CoreServices.framework/Modules/module.modulemap
/Applications/Xcode.app/Contents/Developer/Platforms/MacOSX.platform/Developer/SDKs/MacOSX26.1.sdk/System/Library/Frameworks/Foundation.framework/Headers/NSURLProtocol.h
/Applications/Xcode.app/Contents/Developer/Platforms/MacOSX.platform/Developer/SDKs/MacOSX26.1.sdk/System/Library/Frameworks/Foundation.framework/Headers/NSURLRequest.h
/Applications/Xcode.app/Contents/Developer/Platforms/MacOSX.platform/Developer/SDKs/MacOSX26.1.sdk/System/Library/Frameworks/Foundation.framework/Headers/NSURLResponse.h
/Applications/Xcode.app/Contents/Developer/Platforms/MacOSX.platform/Developer/SDKs/MacOSX26.1.sdk/System/Library/Frameworks/Foundation.framework/Headers/NSUserDefaults.h
/Applications/Xcode.app/Contents/Developer/Platforms/MacOSX.platform/Developer/SDKs/MacOSX26.1.sdk/System/Library/Frameworks/Foundation.framework/Headers/NSValueTransformer.h
/Applications/Xcode.app/Contents/Developer/Platforms/MacOSX.platform/Developer/SDKs/MacOSX26.1.sdk/System/Library/Frameworks/Foundation.framework/Headers/NSXMLParser.h
/Applications/Xcode.app/Contents/Developer/Platforms/MacOSX.platform/Developer/SDKs/MacOSX26.1.sdk/System/Library/Frameworks/Foundation.framework/Headers/NSXPCConnection.h
/Applications/Xcode.app/Contents/Developer/Platforms/MacOSX.platform/Developer/SDKs/MacOSX26.1.sdk/System/Library/Frameworks/Foundation.framework/Headers/FoundationErrors.h
/Applications/Xcode.app/Contents/Developer/Platforms/MacOSX.platform/Developer/SDKs/MacOSX26.1.sdk/System/Library/Frameworks/Foundation.framework/Headers/NSByteCountFormatter.h
/Applications/Xcode.app/Contents/Developer/Platforms/MacOSX.platform/Developer/SDKs/MacOSX26.1.sdk/System/Library/Frameworks/Foundation.framework/Headers/NSCache.h
/Applications/Xcode.app/Contents/Developer/Platforms/MacOSX.platform/Developer/SDKs/MacOSX26.1.sdk/System/Library/Frameworks/Foundation.framework/Headers/NSComparisonPredicate.h
/Applications/Xcode.app/Contents/Developer/Platforms/MacOSX.platform/Developer/SDKs/MacOSX26.1.sdk/System/Library/Frameworks/Foundation.framework/Headers/NSPredicate.h
/Applications/Xcode.app/Contents/Developer/Platforms/MacOSX.platform/Developer/SDKs/MacOSX26.1.sdk/System/Library/Frameworks/Foundation.framework/Headers/NSCompoundPredicate.h
/Applications/Xcode.app/Contents/Developer/Platforms/MacOSX.platform/Developer/SDKs/MacOSX26.1.sdk/System/Library/Frameworks/Foundation.framework/Headers/NSDateComponentsFormatter.h
/Applications/Xcode.app/Contents/Developer/Platforms/MacOSX.platform/Developer/SDKs/MacOSX26.1.sdk/System/Library/Frameworks/Foundation.framework/Headers/NSExpression.h
/Applications/Xcode.app/Contents/Developer/Platforms/MacOSX.platform/Developer/SDKs/MacOSX26.1.sdk/System/Library/Frameworks/Foundation.framework/Headers/NSExtensionContext.h
/Applications/Xcode.app/Contents/Developer/Platforms/MacOSX.platform/Developer/SDKs/MacOSX26.1.sdk/System/Library/Frameworks/Foundation.framework/Headers/NSExtensionItem.h
/Applications/Xcode.app/Contents/Developer/Platforms/MacOSX.platform/Developer/SDKs/MacOSX26.1.sdk/System/Library/Frameworks/Foundation.framework/Headers/NSExtensionRequestHandling.h
/Applications/Xcode.app/Contents/Developer/Platforms/MacOSX.platform/Developer/SDKs/MacOSX26.1.sdk/System/Library/Frameworks/Foundation.framework/Headers/NSFileCoordinator.h
/Applications/Xcode.app/Contents/Developer/Platforms/MacOSX.platform/Developer/SDKs/MacOSX26.1.sdk/System/Library/Frameworks/Foundation.framework/Headers/NSFilePresenter.h
/Applications/Xcode.app/Contents/Developer/Platforms/MacOSX.platform/Developer/SDKs/MacOSX26.1.sdk/System/Library/Frameworks/Foundation.framework/Headers/NSFileVersion.h
/Applications/Xcode.app/Contents/Developer/Platforms/MacOSX.platform/Developer/SDKs/MacOSX26.1.sdk/System/Library/Frameworks/Foundation.framework/Headers/NSFileWrapper.h
/Applications/Xcode.app/Contents/Developer/Platforms/MacOSX.platform/Developer/SDKs/MacOSX26.1.sdk/System/Library/Frameworks/Foundation.framework/Headers/NSLinguisticTagger.h
/Applications/Xcode.app/Contents/Developer/Platforms/MacOSX.platform/Developer/SDKs/MacOSX26.1.sdk/System/Library/Frameworks/Foundation.framework/Headers/NSMetadata.h
/Applications/Xcode.app/Contents/Developer/Platforms/MacOSX.platform/Developer/SDKs/MacOSX26.1.sdk/System/Library/Frameworks/Foundation.framework/Headers/NSMetadataAttributes.h
/Applications/Xcode.app/Contents/Developer/Platforms/MacOSX.platform/Developer/SDKs/MacOSX26.1.sdk/System/Library/Frameworks/Foundation.framework/Headers/NSNetServices.h
/Applications/Xcode.app/Contents/Developer/Platforms/MacOSX.platform/Developer/SDKs/MacOSX26.1.sdk/System/Library/Frameworks/Foundation.framework/Headers/NSUbiquitousKeyValueStore.h
/Applications/Xcode.app/Contents/Developer/Platforms/MacOSX.platform/Developer/SDKs/MacOSX26.1.sdk/System/Library/Frameworks/Foundation.framework/Headers/NSUndoManager.h
/Applications/Xcode.app/Contents/Developer/Platforms/MacOSX.platform/Developer/SDKs/MacOSX26.1.sdk/System/Library/Frameworks/Foundation.framework/Headers/NSURLSession.h
/Applications/Xcode.app/Contents/Developer/Platforms/MacOSX.platform/Developer/SDKs/MacOSX26.1.sdk/System/Library/Frameworks/Foundation.framework/Headers/NSUserActivity.h
/Applications/Xcode.app/Contents/Developer/Platforms/MacOSX.platform/Developer/SDKs/MacOSX26.1.sdk/System/Library/Frameworks/Foundation.framework/Headers/NSUUID.h
/Applications/Xcode.app/Contents/Developer/Platforms/MacOSX.platform/Developer/SDKs/MacOSX26.1.sdk/System/Library/Frameworks/Foundation.framework/Headers/NSAffineTransform.h
/Applications/Xcode.app/Contents/Developer/Platforms/MacOSX.platform/Developer/SDKs/MacOSX26.1.sdk/System/Library/Frameworks/Foundation.framework/Headers/NSAppleScript.h
/Applications/Xcode.app/Contents/Developer/Platforms/MacOSX.platform/Developer/SDKs/MacOSX26.1.sdk/System/Library/Frameworks/Foundation.framework/Headers/NSArchiver.h
/Applications/Xcode.app/Contents/Developer/Platforms/MacOSX.platform/Developer/SDKs/MacOSX26.1.sdk/System/Library/Frameworks/Foundation.framework/Headers/NSBackgroundActivityScheduler.h
/Applications/Xcode.app/Contents/Developer/Platforms/MacOSX.platform/Developer/SDKs/MacOSX26.1.sdk/System/Library/Frameworks/Foundation.framework/Headers/NSCalendarDate.h
/Applications/Xcode.app/Contents/Developer/Platforms/MacOSX.platform/Developer/SDKs/MacOSX26.1.sdk/System/Library/Frameworks/Foundation.framework/Headers/NSConnection.h
/Applications/Xcode.app/Contents/Developer/Platforms/MacOSX.platform/Developer/SDKs/MacOSX26.1.sdk/System/Library/Frameworks/Foundation.framework/Headers/NSDistantObject.h
/Applications/Xcode.app/Contents/Developer/Platforms/MacOSX.platform/Developer/SDKs/MacOSX26.1.sdk/System/Library/Frameworks/Foundation.framework/Headers/NSDistributedNotificationCenter.h
/Applications/Xcode.app/Contents/Developer/Platforms/MacOSX.platform/Developer/SDKs/MacOSX26.1.sdk/System/Library/Frameworks/Foundation.framework/Headers/NSPortCoder.h
/Applications/Xcode.app/Contents/Developer/Platforms/MacOSX.platform/Developer/SDKs/MacOSX26.1.sdk/System/Library/Frameworks/Foundation.framework/Headers/NSPortMessage.h
/Applications/Xcode.app/Contents/Developer/Platforms/MacOSX.platform/Developer/SDKs/MacOSX26.1.sdk/System/Library/Frameworks/Foundation.framework/Headers/NSPortNameServer.h
/Applications/Xcode.app/Contents/Developer/Platforms/MacOSX.platform/Developer/SDKs/MacOSX26.1.sdk/System/Library/Frameworks/Foundation.framework/Headers/NSProtocolChecker.h
/Applications/Xcode.app/Contents/Developer/Platforms/MacOSX.platform/Developer/SDKs/MacOSX26.1.sdk/System/Library/Frameworks/Foundation.framework/Headers/NSTask.h
/Applications/Xcode.app/Contents/Developer/Platforms/MacOSX.platform/Developer/SDKs/MacOSX26.1.sdk/System/Library/Frameworks/Foundation.framework/Headers/NSXMLDTD.h
/Applications/Xcode.app/Contents/Developer/Platforms/MacOSX.platform/Developer/SDKs/MacOSX26.1.sdk/System/Library/Frameworks/Foundation.framework/Headers/NSXMLNode.h
/Applications/Xcode.app/Contents/Developer/Platforms/MacOSX.platform/Developer/SDKs/MacOSX26.1.sdk/System/Library/Frameworks/Foundation.framework/Headers/NSXMLNodeOptions.h
/Applications/Xcode.app/Contents/Developer/Platforms/MacOSX.platform/Developer/SDKs/MacOSX26.1.sdk/System/Library/Frameworks/Foundation.framework/Headers/NSXMLDTDNode.h
/Applications/Xcode.app/Contents/Developer/Platforms/MacOSX.platform/Developer/SDKs/MacOSX26.1.sdk/System/Library/Frameworks/Foundation.framework/Headers/NSXMLDocument.h
/Applications/Xcode.app/Contents/Developer/Platforms/MacOSX.platform/Developer/SDKs/MacOSX26.1.sdk/System/Library/Frameworks/Foundation.framework/Headers/NSXMLElement.h
/Applications/Xcode.app/Contents/Developer/Platforms/MacOSX.platform/Developer/SDKs/MacOSX26.1.sdk/System/Library/Frameworks/Foundation.framework/Headers/NSURLDownload.h
/Applications/Xcode.app/Contents/Developer/Platforms/MacOSX.platform/Developer/SDKs/MacOSX26.1.sdk/System/Library/Frameworks/Foundation.framework/Headers/NSAppleEventDescriptor.h
/Applications/Xcode.app/Contents/Developer/Platforms/MacOSX.platform/Developer/SDKs/MacOSX26.1.sdk/System/Library/Frameworks/Foundation.framework/Headers/NSAppleEventManager.h
/Applications/Xcode.app/Contents/Developer/Platforms/MacOSX.platform/Developer/SDKs/MacOSX26.1.sdk/System/Library/Frameworks/Foundation.framework/Headers/NSClassDescription.h
/Applications/Xcode.app/Contents/Developer/Platforms/MacOSX.platform/Developer/SDKs/MacOSX26.1.sdk/System/Library/Frameworks/Foundation.framework/Headers/NSDistributedLock.h
/Applications/Xcode.app/Contents/Developer/Platforms/MacOSX.platform/Developer/SDKs/MacOSX26.1.sdk/System/Library/Frameworks/Foundation.framework/Headers/NSGarbageCollector.h
/Applications/Xcode.app/Contents/Developer/Platforms/MacOSX.platform/Developer/SDKs/MacOSX26.1.sdk/System/Library/Frameworks/Foundation.framework/Headers/NSHFSFileTypes.h
/Applications/Xcode.app/Contents/Developer/Platforms/MacOSX.platform/Developer/SDKs/MacOSX26.1.sdk/System/Library/Frameworks/Foundation.framework/Headers/NSHost.h
/Applications/Xcode.app/Contents/Developer/Platforms/MacOSX.platform/Developer/SDKs/MacOSX26.1.sdk/System/Library/Frameworks/Foundation.framework/Headers/NSObjectScripting.h
/Applications/Xcode.app/Contents/Developer/Platforms/MacOSX.platform/Developer/SDKs/MacOSX26.1.sdk/System/Library/Frameworks/Foundation.framework/Headers/NSScriptClassDescription.h
/Applications/Xcode.app/Contents/Developer/Platforms/MacOSX.platform/Developer/SDKs/MacOSX26.1.sdk/System/Library/Frameworks/Foundation.framework/Headers/NSScriptCoercionHandler.h
/Applications/Xcode.app/Contents/Developer/Platforms/MacOSX.platform/Developer/SDKs/MacOSX26.1.sdk/System/Library/Frameworks/Foundation.framework/Headers/NSScriptCommand.h
/Applications/Xcode.app/Contents/Developer/Platforms/MacOSX.platform/Developer/SDKs/MacOSX26.1.sdk/System/Library/Frameworks/Foundation.framework/Headers/NSScriptCommandDescription.h
/Applications/Xcode.app/Contents/Developer/Platforms/MacOSX.platform/Developer/SDKs/MacOSX26.1.sdk/System/Library/Frameworks/Foundation.framework/Headers/NSScriptExecutionContext.h
/Applications/Xcode.app/Contents/Developer/Platforms/MacOSX.platform/Developer/SDKs/MacOSX26.1.sdk/System/Library/Frameworks/Foundation.framework/Headers/NSScriptKeyValueCoding.h
/Applications/Xcode.app/Contents/Developer/Platforms/MacOSX.platform/Developer/SDKs/MacOSX26.1.sdk/System/Library/Frameworks/Foundation.framework/Headers/NSScriptObjectSpecifiers.h
/Applications/Xcode.app/Contents/Developer/Platforms/MacOSX.platform/Developer/SDKs/MacOSX26.1.sdk/System/Library/Frameworks/Foundation.framework/Headers/NSScriptStandardSuiteCommands.h
/Applications/Xcode.app/Contents/Developer/Platforms/MacOSX.platform/Developer/SDKs/MacOSX26.1.sdk/System/Library/Frameworks/Foundation.framework/Headers/NSScriptSuiteRegistry.h
/Applications/Xcode.app/Contents/Developer/Platforms/MacOSX.platform/Developer/SDKs/MacOSX26.1.sdk/System/Library/Frameworks/Foundation.framework/Headers/NSScriptWhoseTests.h
/Applications/Xcode.app/Contents/Developer/Platforms/MacOSX.platform/Developer/SDKs/MacOSX26.1.sdk/System/Library/Frameworks/Foundation.framework/Headers/NSSpellServer.h
/Applications/Xcode.app/Contents/Developer/Platforms/MacOSX.platform/Developer/SDKs/MacOSX26.1.sdk/System/Library/Frameworks/Foundation.framework/Headers/NSUserNotification.h
/Applications/Xcode.app/Contents/Developer/Platforms/MacOSX.platform/Developer/SDKs/MacOSX26.1.sdk/System/Library/Frameworks/Foundation.framework/Headers/NSUserScriptTask.h
/Applications/Xcode.app/Contents/Developer/Platforms/MacOSX.platform/Developer/SDKs/MacOSX26.1.sdk/System/Library/Frameworks/Foundation.framework/Headers/FoundationLegacySwiftCompatibility.h
/Applications/Xcode.app/Contents/Developer/Platforms/MacOSX.platform/Developer/SDKs/MacOSX26.1.sdk/System/Library/Frameworks/Foundation.framework/Headers/NSDebug.h
/Applications/Xcode.app/Contents/Developer/Platforms/MacOSX.platform/Developer/SDKs/MacOSX26.1.sdk/SDKSettings.json
/Applications/Xcode.app/Contents/Developer/Toolchains/XcodeDefault.xctoolchain/usr/lib/swift/macosx/prebuilt-modules/26.1/IOKit.swiftmodule/arm64e-apple-macos.swiftmodule
/Applications/Xcode.app/Contents/Developer/Platforms/MacOSX.platform/Developer/SDKs/MacOSX26.1.sdk/System/Library/Frameworks/IOKit.framework/Modules/module.modulemap
/Applications/Xcode.app/Contents/Developer/Platforms/MacOSX.platform/Developer/SDKs/MacOSX26.1.sdk/System/Library/Frameworks/IOKit.framework/Headers/IOReturn.h
/Applications/Xcode.app/Contents/Developer/Platforms/MacOSX.platform/Developer/SDKs/MacOSX26.1.sdk/usr/include/dispatch.modulemap
/Applications/Xcode.app/Contents/Developer/Platforms/MacOSX.platform/Developer/SDKs/MacOSX26.1.sdk/usr/include/libkern.modulemap
/Applications/Xcode.app/Contents/Developer/Platforms/MacOSX.platform/Developer/SDKs/MacOSX26.1.sdk/usr/include/Darwin.modulemap
/Applications/Xcode.app/Contents/Developer/Platforms/MacOSX.platform/Developer/SDKs/MacOSX26.1.sdk/usr/include/Darwin_C.modulemap
/Applications/Xcode.app/Contents/Developer/Platforms/MacOSX.platform/Developer/SDKs/MacOSX26.1.sdk/usr/include/Darwin_POSIX.modulemap
/Applications/Xcode.app/Contents/Developer/Platforms/MacOSX.platform/Developer/SDKs/MacOSX26.1.sdk/usr/include/net.modulemap
/Applications/Xcode.app/Contents/Developer/Platforms/MacOSX.platform/Developer/SDKs/MacOSX26.1.sdk/usr/include/netinet.modulemap
/Applications/Xcode.app/Contents/Developer/Platforms/MacOSX.platform/Developer/SDKs/MacOSX26.1.sdk/usr/include/bank.modulemap
/Applications/Xcode.app/Contents/Developer/Platforms/MacOSX.platform/Developer/SDKs/MacOSX26.1.sdk/usr/include/Darwin_Mach.modulemap
/Applications/Xcode.app/Contents/Developer/Platforms/MacOSX.platform/Developer/SDKs/MacOSX26.1.sdk/usr/include/Darwin_Mach_machine.modulemap
/Applications/Xcode.app/Contents/Developer/Platforms/MacOSX.platform/Developer/SDKs/MacOSX26.1.sdk/usr/include/mach_debug.modulemap
/Applications/Xcode.app/Contents/Developer/Platforms/MacOSX.platform/Developer/SDKs/MacOSX26.1.sdk/usr/include/device.modulemap
/Applications/Xcode.app/Contents/Developer/Platforms/MacOSX.platform/Developer/SDKs/MacOSX26.1.sdk/usr/include/Darwin_machine.modulemap
/Applications/Xcode.app/Contents/Developer/Platforms/MacOSX.platform/Developer/SDKs/MacOSX26.1.sdk/usr/include/ncurses.modulemap
/Applications/Xcode.app/Contents/Developer/Platforms/MacOSX.platform/Developer/SDKs/MacOSX26.1.sdk/usr/include/netinet6.modulemap
/Applications/Xcode.app/Contents/Developer/Platforms/MacOSX.platform/Developer/SDKs/MacOSX26.1.sdk/usr/include/Darwin_sys.modulemap
/Applications/Xcode.app/Contents/Developer/Platforms/MacOSX.platform/Developer/SDKs/MacOSX26.1.sdk/usr/include/uuid.modulemap
/Applications/Xcode.app/Contents/Developer/Platforms/MacOSX.platform/Developer/SDKs/MacOSX26.1.sdk/usr/include/DarwinFoundation2.modulemap
/Applications/Xcode.app/Contents/Developer/Platforms/MacOSX.platform/Developer/SDKs/MacOSX26.1.sdk/usr/include/DarwinFoundation1.modulemap
/Applications/Xcode.app/Contents/Developer/Platforms/MacOSX.platform/Developer/SDKs/MacOSX26.1.sdk/System/Library/Frameworks/IOKit.framework/Headers/IOMapTypes.h
/Applications/Xcode.app/Contents/Developer/Platforms/MacOSX.platform/Developer/SDKs/MacOSX26.1.sdk/System/Library/Frameworks/IOKit.framework/Headers/IOTypes.h
/Applications/Xcode.app/Contents/Developer/Toolchains/XcodeDefault.xctoolchain/usr/lib/swift/clang/include/module.modulemap
/Applications/Xcode.app/Contents/Developer/Platforms/MacOSX.platform/Developer/SDKs/MacOSX26.1.sdk/System/Library/Frameworks/IOKit.framework/Headers/IOKitKeys.h
/Applications/Xcode.app/Contents/Developer/Platforms/MacOSX.platform/Developer/SDKs/MacOSX26.1.sdk/System/Library/Frameworks/IOKit.framework/Headers/OSMessageNotification.h
/Applications/Xcode.app/Contents/Developer/Platforms/MacOSX.platform/Developer/SDKs/MacOSX26.1.sdk/System/Library/Frameworks/IOKit.framework/Headers/IOKitLib.h
/Applications/Xcode.app/Contents/Developer/Platforms/MacOSX.platform/Developer/SDKs/MacOSX26.1.sdk/System/Library/Frameworks/CoreFoundation.framework/Modules/module.modulemap
/Applications/Xcode.app/Contents/Developer/Platforms/MacOSX.platform/Developer/SDKs/MacOSX26.1.sdk/System/Library/Frameworks/IOKit.framework/Headers/IOBSD.h
/Applications/Xcode.app/Contents/Developer/Platforms/MacOSX.platform/Developer/SDKs/MacOSX26.1.sdk/System/Library/Frameworks/IOKit.framework/Headers/IODataQueueClient.h
/Applications/Xcode.app/Contents/Developer/Platforms/MacOSX.platform/Developer/SDKs/MacOSX26.1.sdk/System/Library/Frameworks/IOKit.framework/Headers/IODataQueueShared.h
/Applications/Xcode.app/Contents/Developer/Platforms/MacOSX.platform/Developer/SDKs/MacOSX26.1.sdk/System/Library/Frameworks/IOKit.framework/Headers/IOCFBundle.h
/Applications/Xcode.app/Contents/Developer/Platforms/MacOSX.platform/Developer/SDKs/MacOSX26.1.sdk/System/Library/Frameworks/IOKit.framework/Headers/IOSharedLock.h
/Applications/Xcode.app/Contents/Developer/Platforms/MacOSX.platform/Developer/SDKs/MacOSX26.1.sdk/System/Library/Frameworks/IOKit.framework/Headers/IOCFPlugIn.h
/Applications/Xcode.app/Contents/Developer/Platforms/MacOSX.platform/Developer/SDKs/MacOSX26.1.sdk/System/Library/Frameworks/IOKit.framework/Headers/IOCFSerialize.h
/Applications/Xcode.app/Contents/Developer/Platforms/MacOSX.platform/Developer/SDKs/MacOSX26.1.sdk/System/Library/Frameworks/IOKit.framework/Headers/IOCFURLAccess.h
/Applications/Xcode.app/Contents/Developer/Platforms/MacOSX.platform/Developer/SDKs/MacOSX26.1.sdk/System/Library/Frameworks/IOKit.framework/Headers/IOKitServer.h
/Applications/Xcode.app/Contents/Developer/Platforms/MacOSX.platform/Developer/SDKs/MacOSX26.1.sdk/System/Library/Frameworks/IOKit.framework/Headers/IOCFUnserialize.h
/Applications/Xcode.app/Contents/Developer/Platforms/MacOSX.platform/Developer/SDKs/MacOSX26.1.sdk/System/Library/Frameworks/IOKit.framework/Headers/IOMessage.h
/Applications/Xcode.app/Contents/Developer/Platforms/MacOSX.platform/Developer/SDKs/MacOSX26.1.sdk/System/Library/Frameworks/IOKit.framework/Headers/IORPC.h
/Applications/Xcode.app/Contents/Developer/Platforms/MacOSX.platform/Developer/SDKs/MacOSX26.1.sdk/System/Library/Frameworks/IOKit.framework/Headers/IOUserServer.h
/Applications/Xcode.app/Contents/Developer/Platforms/MacOSX.platform/Developer/SDKs/MacOSX26.1.sdk/System/Library/Frameworks/IOKit.framework/Headers/audio/IOAudioDefines.h
/Applications/Xcode.app/Contents/Developer/Platforms/MacOSX.platform/Developer/SDKs/MacOSX26.1.sdk/System/Library/Frameworks/IOKit.framework/Headers/audio/IOAudioLib.h
/Applications/Xcode.app/Contents/Developer/Platforms/MacOSX.platform/Developer/SDKs/MacOSX26.1.sdk/System/Library/Frameworks/IOKit.framework/Headers/audio/IOAudioTypes.h
/Applications/Xcode.app/Contents/Developer/Platforms/MacOSX.platform/Developer/SDKs/MacOSX26.1.sdk/System/Library/Frameworks/IOKit.framework/Headers/avc/IOFireWireAVCConsts.h
/Applications/Xcode.app/Contents/Developer/Platforms/MacOSX.platform/Developer/SDKs/MacOSX26.1.sdk/System/Library/Frameworks/IOKit.framework/Headers/avc/IOFireWireAVCLib.h
/Applications/Xcode.app/Contents/Developer/Platforms/MacOSX.platform/Developer/SDKs/MacOSX26.1.sdk/System/Library/Frameworks/IOKit.framework/Headers/firewire/IOFireWireFamilyCommon.h
/Applications/Xcode.app/Contents/Developer/Platforms/MacOSX.platform/Developer/SDKs/MacOSX26.1.sdk/System/Library/Frameworks/IOKit.framework/Headers/firewire/IOFireWireLib.h
/Applications/Xcode.app/Contents/Developer/Platforms/MacOSX.platform/Developer/SDKs/MacOSX26.1.sdk/System/Library/Frameworks/IOKit.framework/Headers/firewire/IOFireWireLibIsoch.h
/Applications/Xcode.app/Contents/Developer/Platforms/MacOSX.platform/Developer/SDKs/MacOSX26.1.sdk/System/Library/Frameworks/IOKit.framework/Headers/graphics/IOAccelClientConnect.h
/Applications/Xcode.app/Contents/Developer/Platforms/MacOSX.platform/Developer/SDKs/MacOSX26.1.sdk/System/Library/Frameworks/IOKit.framework/Headers/graphics/IOGraphicsInterface.h
/Applications/Xcode.app/Contents/Developer/Platforms/MacOSX.platform/Developer/SDKs/MacOSX26.1.sdk/System/Library/Frameworks/IOKit.framework/Headers/graphics/IOGraphicsInterfaceTypes.h
/Applications/Xcode.app/Contents/Developer/Platforms/MacOSX.platform/Developer/SDKs/MacOSX26.1.sdk/System/Library/Frameworks/IOKit.framework/Headers/graphics/IOAccelSurfaceConnect.h
/Applications/Xcode.app/Contents/Developer/Platforms/MacOSX.platform/Developer/SDKs/MacOSX26.1.sdk/System/Library/Frameworks/IOKit.framework/Headers/graphics/IOAccelTypes.h
/Applications/Xcode.app/Contents/Developer/Platforms/MacOSX.platform/Developer/SDKs/MacOSX26.1.sdk/System/Library/Frameworks/IOKit.framework/Headers/graphics/IOGraphicsLib.h
/Applications/Xcode.app/Contents/Developer/Platforms/MacOSX.platform/Developer/SDKs/MacOSX26.1.sdk/System/Library/Frameworks/IOKit.framework/Headers/graphics/IOFramebufferShared.h
/Applications/Xcode.app/Contents/Developer/Platforms/MacOSX.platform/Developer/SDKs/MacOSX26.1.sdk/System/Library/Frameworks/IOKit.framework/Headers/hidsystem/IOHIDTypes.h
/Applications/Xcode.app/Contents/Developer/Platforms/MacOSX.platform/Developer/SDKs/MacOSX26.1.sdk/System/Library/Frameworks/IOKit.framework/Headers/graphics/IOGraphicsTypes.h
/Applications/Xcode.app/Contents/Developer/Platforms/MacOSX.platform/Developer/SDKs/MacOSX26.1.sdk/System/Library/Frameworks/IOKit.framework/Headers/graphics/IOGraphicsEngine.h
/Applications/Xcode.app/Contents/Developer/Platforms/MacOSX.platform/Developer/SDKs/MacOSX26.1.sdk/System/Library/Frameworks/IOKit.framework/Headers/hid/IOHIDBase.h
/Applications/Xcode.app/Contents/Developer/Platforms/MacOSX.platform/Developer/SDKs/MacOSX26.1.sdk/System/Library/Frameworks/IOKit.framework/Headers/hid/IOHIDKeys.h
/Applications/Xcode.app/Contents/Developer/Platforms/MacOSX.platform/Developer/SDKs/MacOSX26.1.sdk/System/Library/Frameworks/IOKit.framework/Headers/hidsystem/IOHIDParameter.h
/Applications/Xcode.app/Contents/Developer/Platforms/MacOSX.platform/Developer/SDKs/MacOSX26.1.sdk/System/Library/Frameworks/IOKit.framework/Headers/hidsystem/IOLLEvent.h
/Applications/Xcode.app/Contents/Developer/Platforms/MacOSX.platform/Developer/SDKs/MacOSX26.1.sdk/System/Library/Frameworks/IOKit.framework/Headers/hid/IOHIDProperties.h
/Applications/Xcode.app/Contents/Developer/Platforms/MacOSX.platform/Developer/SDKs/MacOSX26.1.sdk/System/Library/Frameworks/IOKit.framework/Headers/hid/IOHIDEventServiceKeys.h
/Applications/Xcode.app/Contents/Developer/Platforms/MacOSX.platform/Developer/SDKs/MacOSX26.1.sdk/System/Library/Frameworks/IOKit.framework/Headers/hid/IOHIDDeviceTypes.h
/Applications/Xcode.app/Contents/Developer/Platforms/MacOSX.platform/Developer/SDKs/MacOSX26.1.sdk/System/Library/Frameworks/IOKit.framework/Headers/hid/IOHIDDeviceKeys.h
/Applications/Xcode.app/Contents/Developer/Platforms/MacOSX.platform/Developer/SDKs/MacOSX26.1.sdk/System/Library/Frameworks/IOKit.framework/Headers/hid/IOHIDQueue.h
/Applications/Xcode.app/Contents/Developer/Platforms/MacOSX.platform/Developer/SDKs/MacOSX26.1.sdk/System/Library/Frameworks/IOKit.framework/Headers/hid/IOHIDDevice.h
/Applications/Xcode.app/Contents/Developer/Platforms/MacOSX.platform/Developer/SDKs/MacOSX26.1.sdk/System/Library/Frameworks/IOKit.framework/Headers/hid/IOHIDLib.h
/Applications/Xcode.app/Contents/Developer/Platforms/MacOSX.platform/Developer/SDKs/MacOSX26.1.sdk/System/Library/Frameworks/IOKit.framework/Headers/hid/IOHIDElement.h
/Applications/Xcode.app/Contents/Developer/Platforms/MacOSX.platform/Developer/SDKs/MacOSX26.1.sdk/System/Library/Frameworks/IOKit.framework/Headers/hid/IOHIDLibObsolete.h
/Applications/Xcode.app/Contents/Developer/Platforms/MacOSX.platform/Developer/SDKs/MacOSX26.1.sdk/System/Library/Frameworks/IOKit.framework/Headers/hid/IOHIDManager.h
/Applications/Xcode.app/Contents/Developer/Platforms/MacOSX.platform/Developer/SDKs/MacOSX26.1.sdk/System/Library/Frameworks/IOKit.framework/Headers/hid/IOHIDUsageTables.h
/Applications/Xcode.app/Contents/Developer/Platforms/MacOSX.platform/Developer/SDKs/MacOSX26.1.sdk/System/Library/Frameworks/IOKit.framework/Headers/hid/IOHIDValue.h
/Applications/Xcode.app/Contents/Developer/Platforms/MacOSX.platform/Developer/SDKs/MacOSX26.1.sdk/System/Library/Frameworks/IOKit.framework/Headers/hid/IOHIDTransaction.h
/Applications/Xcode.app/Contents/Developer/Platforms/MacOSX.platform/Developer/SDKs/MacOSX26.1.sdk/System/Library/Frameworks/IOKit.framework/Headers/hid/IOHIDDevicePlugIn.h
/Applications/Xcode.app/Contents/Developer/Platforms/MacOSX.platform/Developer/SDKs/MacOSX26.1.sdk/System/Library/Frameworks/IOKit.framework/Headers/hid/IOHIDEventServiceTypes.h
/Applications/Xcode.app/Contents/Developer/Platforms/MacOSX.platform/Developer/SDKs/MacOSX26.1.sdk/System/Library/Frameworks/IOKit.framework/Headers/hidsystem/IOHIDLib.h
/Applications/Xcode.app/Contents/Developer/Platforms/MacOSX.platform/Developer/SDKs/MacOSX26.1.sdk/System/Library/Frameworks/IOKit.framework/Headers/hidsystem/IOHIDShared.h
/Applications/Xcode.app/Contents/Developer/Platforms/MacOSX.platform/Developer/SDKs/MacOSX26.1.sdk/System/Library/Frameworks/IOKit.framework/Headers/hidsystem/event_status_driver.h
/Applications/Xcode.app/Contents/Developer/Platforms/MacOSX.platform/Developer/SDKs/MacOSX26.1.sdk/System/Library/Frameworks/IOKit.framework/Headers/hidsystem/ev_keymap.h
/Applications/Xcode.app/Contents/Developer/Platforms/MacOSX.platform/Developer/SDKs/MacOSX26.1.sdk/System/Library/Frameworks/IOKit.framework/Headers/hidsystem/IOHIDEventSystemClient.h
/Applications/Xcode.app/Contents/Developer/Platforms/MacOSX.platform/Developer/SDKs/MacOSX26.1.sdk/System/Library/Frameworks/IOKit.framework/Headers/hidsystem/IOHIDServiceClient.h
/Applications/Xcode.app/Contents/Developer/Platforms/MacOSX.platform/Developer/SDKs/MacOSX26.1.sdk/System/Library/Frameworks/IOKit.framework/Headers/hidsystem/IOHIDUserDevice.h
/Applications/Xcode.app/Contents/Developer/Platforms/MacOSX.platform/Developer/SDKs/MacOSX26.1.sdk/System/Library/Frameworks/IOKit.framework/Headers/i2c/IOI2CInterface.h
/Applications/Xcode.app/Contents/Developer/Platforms/MacOSX.platform/Developer/SDKs/MacOSX26.1.sdk/System/Library/Frameworks/IOKit.framework/Headers/kext/KextManager.h
/Applications/Xcode.app/Contents/Developer/Platforms/MacOSX.platform/Developer/SDKs/MacOSX26.1.sdk/System/Library/Frameworks/IOKit.framework/Headers/network/IOEthernetController.h
/Applications/Xcode.app/Contents/Developer/Platforms/MacOSX.platform/Developer/SDKs/MacOSX26.1.sdk/System/Library/Frameworks/IOKit.framework/Headers/network/IONetworkController.h
/Applications/Xcode.app/Contents/Developer/Platforms/MacOSX.platform/Developer/SDKs/MacOSX26.1.sdk/System/Library/Frameworks/IOKit.framework/Headers/network/IONetworkData.h
/Applications/Xcode.app/Contents/Developer/Platforms/MacOSX.platform/Developer/SDKs/MacOSX26.1.sdk/System/Library/Frameworks/IOKit.framework/Headers/network/IONetworkStack.h
/Applications/Xcode.app/Contents/Developer/Platforms/MacOSX.platform/Developer/SDKs/MacOSX26.1.sdk/System/Library/Frameworks/IOKit.framework/Headers/network/IOEthernetInterface.h
/Applications/Xcode.app/Contents/Developer/Platforms/MacOSX.platform/Developer/SDKs/MacOSX26.1.sdk/System/Library/Frameworks/IOKit.framework/Headers/network/IONetworkInterface.h
/Applications/Xcode.app/Contents/Developer/Platforms/MacOSX.platform/Developer/SDKs/MacOSX26.1.sdk/System/Library/Frameworks/IOKit.framework/Headers/network/IONetworkStats.h
/Applications/Xcode.app/Contents/Developer/Platforms/MacOSX.platform/Developer/SDKs/MacOSX26.1.sdk/System/Library/Frameworks/IOKit.framework/Headers/network/IOEthernetStats.h
/Applications/Xcode.app/Contents/Developer/Platforms/MacOSX.platform/Developer/SDKs/MacOSX26.1.sdk/System/Library/Frameworks/IOKit.framework/Headers/network/IONetworkLib.h
/Applications/Xcode.app/Contents/Developer/Platforms/MacOSX.platform/Developer/SDKs/MacOSX26.1.sdk/System/Library/Frameworks/IOKit.framework/Headers/network/IONetworkMedium.h
/Applications/Xcode.app/Contents/Developer/Platforms/MacOSX.platform/Developer/SDKs/MacOSX26.1.sdk/System/Library/Frameworks/IOKit.framework/Headers/network/IONetworkUserClient.h
/Applications/Xcode.app/Contents/Developer/Platforms/MacOSX.platform/Developer/SDKs/MacOSX26.1.sdk/System/Library/Frameworks/IOKit.framework/Headers/ps/IOPSKeys.h
/Applications/Xcode.app/Contents/Developer/Platforms/MacOSX.platform/Developer/SDKs/MacOSX26.1.sdk/System/Library/Frameworks/IOKit.framework/Headers/ps/IOPowerSources.h
/Applications/Xcode.app/Contents/Developer/Platforms/MacOSX.platform/Developer/SDKs/MacOSX26.1.sdk/System/Library/Frameworks/IOKit.framework/Headers/ps/IOUPSPlugIn.h
/Applications/Xcode.app/Contents/Developer/Platforms/MacOSX.platform/Developer/SDKs/MacOSX26.1.sdk/System/Library/Frameworks/IOKit.framework/Headers/pwr_mgt/IOPM.h
/Applications/Xcode.app/Contents/Developer/Platforms/MacOSX.platform/Developer/SDKs/MacOSX26.1.sdk/System/Library/Frameworks/IOKit.framework/Headers/pwr_mgt/IOPMKeys.h
/Applications/Xcode.app/Contents/Developer/Platforms/MacOSX.platform/Developer/SDKs/MacOSX26.1.sdk/System/Library/Frameworks/IOKit.framework/Headers/pwr_mgt/IOPMLib.h
/Applications/Xcode.app/Contents/Developer/Platforms/MacOSX.platform/Developer/SDKs/MacOSX26.1.sdk/System/Library/Frameworks/IOKit.framework/Headers/pwr_mgt/IOPMLibDefs.h
/Applications/Xcode.app/Contents/Developer/Platforms/MacOSX.platform/Developer/SDKs/MacOSX26.1.sdk/System/Library/Frameworks/IOKit.framework/Headers/sbp2/IOFireWireSBP2Lib.h
/Applications/Xcode.app/Contents/Developer/Platforms/MacOSX.platform/Developer/SDKs/MacOSX26.1.sdk/System/Library/Frameworks/IOKit.framework/Headers/scsi/IOSCSIMultimediaCommandsDevice.h
/Applications/Xcode.app/Contents/Developer/Platforms/MacOSX.platform/Developer/SDKs/MacOSX26.1.sdk/System/Library/Frameworks/IOKit.framework/Headers/storage/IOStorageDeviceCharacteristics.h
/Applications/Xcode.app/Contents/Developer/Platforms/MacOSX.platform/Developer/SDKs/MacOSX26.1.sdk/System/Library/Frameworks/IOKit.framework/Headers/storage/IOStorageProtocolCharacteristics.h
/Applications/Xcode.app/Contents/Developer/Platforms/MacOSX.platform/Developer/SDKs/MacOSX26.1.sdk/System/Library/Frameworks/IOKit.framework/Headers/storage/IOStorageControllerCharacteristics.h
/Applications/Xcode.app/Contents/Developer/Platforms/MacOSX.platform/Developer/SDKs/MacOSX26.1.sdk/System/Library/Frameworks/IOKit.framework/Headers/scsi/SCSICmds_REQUEST_SENSE_Defs.h
/Applications/Xcode.app/Contents/Developer/Platforms/MacOSX.platform/Developer/SDKs/MacOSX26.1.sdk/System/Library/Frameworks/IOKit.framework/Headers/scsi/SCSICmds_INQUIRY_Definitions.h
/Applications/Xcode.app/Contents/Developer/Platforms/MacOSX.platform/Developer/SDKs/MacOSX26.1.sdk/System/Library/Frameworks/IOKit.framework/Headers/scsi/SCSICommandDefinitions.h
/Applications/Xcode.app/Contents/Developer/Platforms/MacOSX.platform/Developer/SDKs/MacOSX26.1.sdk/System/Library/Frameworks/IOKit.framework/Headers/scsi/SCSICmds_MODE_Definitions.h
/Applications/Xcode.app/Contents/Developer/Platforms/MacOSX.platform/Developer/SDKs/MacOSX26.1.sdk/System/Library/Frameworks/IOKit.framework/Headers/scsi/SCSICommandOperationCodes.h
/Applications/Xcode.app/Contents/Developer/Platforms/MacOSX.platform/Developer/SDKs/MacOSX26.1.sdk/System/Library/Frameworks/IOKit.framework/Headers/scsi/SCSICmds_READ_CAPACITY_Definitions.h
/Applications/Xcode.app/Contents/Developer/Platforms/MacOSX.platform/Developer/SDKs/MacOSX26.1.sdk/System/Library/Frameworks/IOKit.framework/Headers/scsi/SCSITask.h
/Applications/Xcode.app/Contents/Developer/Platforms/MacOSX.platform/Developer/SDKs/MacOSX26.1.sdk/System/Library/Frameworks/IOKit.framework/Headers/scsi/SCSICmds_REPORT_LUNS_Definitions.h
/Applications/Xcode.app/Contents/Developer/Platforms/MacOSX.platform/Developer/SDKs/MacOSX26.1.sdk/System/Library/Frameworks/IOKit.framework/Headers/scsi/SCSITaskLib.h
/Applications/Xcode.app/Contents/Developer/Platforms/MacOSX.platform/Developer/SDKs/MacOSX26.1.sdk/System/Library/Frameworks/IOKit.framework/Headers/serial/IOSerialKeys.h
/Applications/Xcode.app/Contents/Developer/Platforms/MacOSX.platform/Developer/SDKs/MacOSX26.1.sdk/System/Library/Frameworks/IOKit.framework/Headers/serial/ioss.h
/Applications/Xcode.app/Contents/Developer/Platforms/MacOSX.platform/Developer/SDKs/MacOSX26.1.sdk/System/Library/Frameworks/IOKit.framework/Headers/storage/IOAppleLabelScheme.h
/Applications/Xcode.app/Contents/Developer/Platforms/MacOSX.platform/Developer/SDKs/MacOSX26.1.sdk/System/Library/Frameworks/IOKit.framework/Headers/storage/IODVDMediaBSDClient.h
/Applications/Xcode.app/Contents/Developer/Platforms/MacOSX.platform/Developer/SDKs/MacOSX26.1.sdk/System/Library/Frameworks/IOKit.framework/Headers/storage/IODVDTypes.h
/Applications/Xcode.app/Contents/Developer/Platforms/MacOSX.platform/Developer/SDKs/MacOSX26.1.sdk/System/Library/Frameworks/IOKit.framework/Headers/storage/IOApplePartitionScheme.h
/Applications/Xcode.app/Contents/Developer/Platforms/MacOSX.platform/Developer/SDKs/MacOSX26.1.sdk/System/Library/Frameworks/IOKit.framework/Headers/storage/IOBDBlockStorageDevice.h
/Applications/Xcode.app/Contents/Developer/Platforms/MacOSX.platform/Developer/SDKs/MacOSX26.1.sdk/System/Library/Frameworks/IOKit.framework/Headers/storage/IOBDTypes.h
/Applications/Xcode.app/Contents/Developer/Platforms/MacOSX.platform/Developer/SDKs/MacOSX26.1.sdk/System/Library/Frameworks/IOKit.framework/Headers/storage/IOFDiskPartitionScheme.h
/Applications/Xcode.app/Contents/Developer/Platforms/MacOSX.platform/Developer/SDKs/MacOSX26.1.sdk/System/Library/Frameworks/IOKit.framework/Headers/storage/IOBDMedia.h
/Applications/Xcode.app/Contents/Developer/Platforms/MacOSX.platform/Developer/SDKs/MacOSX26.1.sdk/System/Library/Frameworks/IOKit.framework/Headers/storage/IOFilterScheme.h
/Applications/Xcode.app/Contents/Developer/Platforms/MacOSX.platform/Developer/SDKs/MacOSX26.1.sdk/System/Library/Frameworks/IOKit.framework/Headers/storage/IOBDMediaBSDClient.h
/Applications/Xcode.app/Contents/Developer/Platforms/MacOSX.platform/Developer/SDKs/MacOSX26.1.sdk/System/Library/Frameworks/IOKit.framework/Headers/storage/IOFireWireStorageCharacteristics.h
/Applications/Xcode.app/Contents/Developer/Platforms/MacOSX.platform/Developer/SDKs/MacOSX26.1.sdk/System/Library/Frameworks/IOKit.framework/Headers/storage/IOGUIDPartitionScheme.h
/Applications/Xcode.app/Contents/Developer/Platforms/MacOSX.platform/Developer/SDKs/MacOSX26.1.sdk/System/Library/Frameworks/IOKit.framework/Headers/storage/IOBlockStorageDevice.h
/Applications/Xcode.app/Contents/Developer/Platforms/MacOSX.platform/Developer/SDKs/MacOSX26.1.sdk/System/Library/Frameworks/IOKit.framework/Headers/storage/IOMedia.h
/Applications/Xcode.app/Contents/Developer/Platforms/MacOSX.platform/Developer/SDKs/MacOSX26.1.sdk/System/Library/Frameworks/IOKit.framework/Headers/storage/IOBlockStorageDriver.h
/Applications/Xcode.app/Contents/Developer/Platforms/MacOSX.platform/Developer/SDKs/MacOSX26.1.sdk/System/Library/Frameworks/IOKit.framework/Headers/storage/IOMediaBSDClient.h
/Applications/Xcode.app/Contents/Developer/Platforms/MacOSX.platform/Developer/SDKs/MacOSX26.1.sdk/System/Library/Frameworks/IOKit.framework/Headers/storage/IOCDBlockStorageDevice.h
/Applications/Xcode.app/Contents/Developer/Platforms/MacOSX.platform/Developer/SDKs/MacOSX26.1.sdk/System/Library/Frameworks/IOKit.framework/Headers/storage/IOCDTypes.h
/Applications/Xcode.app/Contents/Developer/Platforms/MacOSX.platform/Developer/SDKs/MacOSX26.1.sdk/System/Library/Frameworks/IOKit.framework/Headers/storage/IOPartitionScheme.h
/Applications/Xcode.app/Contents/Developer/Platforms/MacOSX.platform/Developer/SDKs/MacOSX26.1.sdk/System/Library/Frameworks/IOKit.framework/Headers/storage/IOCDMedia.h
/Applications/Xcode.app/Contents/Developer/Platforms/MacOSX.platform/Developer/SDKs/MacOSX26.1.sdk/System/Library/Frameworks/IOKit.framework/Headers/storage/IOStorage.h
/Applications/Xcode.app/Contents/Developer/Platforms/MacOSX.platform/Developer/SDKs/MacOSX26.1.sdk/System/Library/Frameworks/IOKit.framework/Headers/storage/IOCDMediaBSDClient.h
/Applications/Xcode.app/Contents/Developer/Platforms/MacOSX.platform/Developer/SDKs/MacOSX26.1.sdk/System/Library/Frameworks/IOKit.framework/Headers/storage/IOStorageCardCharacteristics.h
/Applications/Xcode.app/Contents/Developer/Platforms/MacOSX.platform/Developer/SDKs/MacOSX26.1.sdk/System/Library/Frameworks/IOKit.framework/Headers/storage/IOCDPartitionScheme.h
/Applications/Xcode.app/Contents/Developer/Platforms/MacOSX.platform/Developer/SDKs/MacOSX26.1.sdk/System/Library/Frameworks/IOKit.framework/Headers/storage/IODVDBlockStorageDevice.h
/Applications/Xcode.app/Contents/Developer/Platforms/MacOSX.platform/Developer/SDKs/MacOSX26.1.sdk/System/Library/Frameworks/IOKit.framework/Headers/storage/IODVDMedia.h
/Applications/Xcode.app/Contents/Developer/Platforms/MacOSX.platform/Developer/SDKs/MacOSX26.1.sdk/System/Library/Frameworks/IOKit.framework/Headers/storage/ata/ATASMARTLib.h
/Applications/Xcode.app/Contents/Developer/Platforms/MacOSX.platform/Developer/SDKs/MacOSX26.1.sdk/System/Library/Frameworks/IOKit.framework/Headers/storage/ata/IOATAStorageDefines.h
/Applications/Xcode.app/Contents/Developer/Platforms/MacOSX.platform/Developer/SDKs/MacOSX26.1.sdk/System/Library/Frameworks/IOKit.framework/Headers/stream/IOStreamLib.h
/Applications/Xcode.app/Contents/Developer/Platforms/MacOSX.platform/Developer/SDKs/MacOSX26.1.sdk/System/Library/Frameworks/IOKit.framework/Headers/stream/IOStreamShared.h
/Applications/Xcode.app/Contents/Developer/Platforms/MacOSX.platform/Developer/SDKs/MacOSX26.1.sdk/System/Library/Frameworks/IOKit.framework/Headers/usb/AppleUSBDefinitions.h
/Applications/Xcode.app/Contents/Developer/Platforms/MacOSX.platform/Developer/SDKs/MacOSX26.1.sdk/System/Library/Frameworks/IOKit.framework/Headers/usb/IOUSBHostFamilyDefinitions.h
/Applications/Xcode.app/Contents/Developer/Platforms/MacOSX.platform/Developer/SDKs/MacOSX26.1.sdk/System/Library/Frameworks/IOKit.framework/Headers/usb/IOUSBLib.h
/Applications/Xcode.app/Contents/Developer/Platforms/MacOSX.platform/Developer/SDKs/MacOSX26.1.sdk/System/Library/Frameworks/IOKit.framework/Headers/usb/USB.h
/Applications/Xcode.app/Contents/Developer/Platforms/MacOSX.platform/Developer/SDKs/MacOSX26.1.sdk/System/Library/Frameworks/IOKit.framework/Headers/usb/USBSpec.h
/Applications/Xcode.app/Contents/Developer/Platforms/MacOSX.platform/Developer/SDKs/MacOSX26.1.sdk/SDKSettings.json
/Applications/Xcode.app/Contents/Developer/Platforms/MacOSX.platform/Developer/SDKs/MacOSX26.1.sdk/usr/include/DarwinBasic.modulemap
/Applications/Xcode.app/Contents/Developer/Platforms/MacOSX.platform/Developer/SDKs/MacOSX26.1.sdk/usr/include/Darwin.modulemap
/Applications/Xcode.app/Contents/Developer/Platforms/MacOSX.platform/Developer/SDKs/MacOSX26.1.sdk/usr/include/Darwin_C.modulemap
/Applications/Xcode.app/Contents/Developer/Platforms/MacOSX.platform/Developer/SDKs/MacOSX26.1.sdk/usr/include/Darwin_POSIX.modulemap
/Applications/Xcode.app/Contents/Developer/Platforms/MacOSX.platform/Developer/SDKs/MacOSX26.1.sdk/usr/include/net.modulemap
/Applications/Xcode.app/Contents/Developer/Platforms/MacOSX.platform/Developer/SDKs/MacOSX26.1.sdk/usr/include/netinet.modulemap
/Applications/Xcode.app/Contents/Developer/Platforms/MacOSX.platform/Developer/SDKs/MacOSX26.1.sdk/usr/include/bank.modulemap
/Applications/Xcode.app/Contents/Developer/Platforms/MacOSX.platform/Developer/SDKs/MacOSX26.1.sdk/usr/include/Darwin_Mach.modulemap
/Applications/Xcode.app/Contents/Developer/Platforms/MacOSX.platform/Developer/SDKs/MacOSX26.1.sdk/usr/include/Darwin_Mach_machine.modulemap
/Applications/Xcode.app/Contents/Developer/Platforms/MacOSX.platform/Developer/SDKs/MacOSX26.1.sdk/usr/include/mach_debug.modulemap
/Applications/Xcode.app/Contents/Developer/Platforms/MacOSX.platform/Developer/SDKs/MacOSX26.1.sdk/usr/include/device.modulemap
/Applications/Xcode.app/Contents/Developer/Platforms/MacOSX.platform/Developer/SDKs/MacOSX26.1.sdk/usr/include/Darwin_machine.modulemap
/Applications/Xcode.app/Contents/Developer/Platforms/MacOSX.platform/Developer/SDKs/MacOSX26.1.sdk/usr/include/ncurses.modulemap
/Applications/Xcode.app/Contents/Developer/Platforms/MacOSX.platform/Developer/SDKs/MacOSX26.1.sdk/usr/include/netinet6.modulemap
/Applications/Xcode.app/Contents/Developer/Platforms/MacOSX.platform/Developer/SDKs/MacOSX26.1.sdk/usr/include/Darwin_sys.modulemap
/Applications/Xcode.app/Contents/Developer/Platforms/MacOSX.platform/Developer/SDKs/MacOSX26.1.sdk/usr/include/uuid.modulemap
/Applications/Xcode.app/Contents/Developer/Platforms/MacOSX.platform/Developer/SDKs/MacOSX26.1.sdk/usr/include/DarwinFoundation2.modulemap
/Applications/Xcode.app/Contents/Developer/Platforms/MacOSX.platform/Developer/SDKs/MacOSX26.1.sdk/usr/include/DarwinFoundation3.modulemap
/Applications/Xcode.app/Contents/Developer/Platforms/MacOSX.platform/Developer/SDKs/MacOSX26.1.sdk/usr/include/DarwinFoundation1.modulemap
/Applications/Xcode.app/Contents/Developer/Platforms/MacOSX.platform/Developer/SDKs/MacOSX26.1.sdk/usr/include/mach-o/arch.h
/Applications/Xcode.app/Contents/Developer/Toolchains/XcodeDefault.xctoolchain/usr/lib/swift/clang/include/module.modulemap
/Applications/Xcode.app/Contents/Developer/Platforms/MacOSX.platform/Developer/SDKs/MacOSX26.1.sdk/usr/include/mach-o/arm/reloc.h
/Applications/Xcode.app/Contents/Developer/Platforms/MacOSX.platform/Developer/SDKs/MacOSX26.1.sdk/usr/include/mach-o/arm64/reloc.h
/Applications/Xcode.app/Contents/Developer/Platforms/MacOSX.platform/Developer/SDKs/MacOSX26.1.sdk/usr/include/mach-o/compact_unwind_encoding.h
/Applications/Xcode.app/Contents/Developer/Platforms/MacOSX.platform/Developer/SDKs/MacOSX26.1.sdk/usr/include/mach-o/dyld.h
/Applications/Xcode.app/Contents/Developer/Toolchains/XcodeDefault.xctoolchain/usr/lib/swift/clang/include/stddef.h
/Applications/Xcode.app/Contents/Developer/Platforms/MacOSX.platform/Developer/SDKs/MacOSX26.1.sdk/usr/include/mach-o/loader.h
/Applications/Xcode.app/Contents/Developer/Platforms/MacOSX.platform/Developer/SDKs/MacOSX26.1.sdk/usr/include/mach-o/dyld_images.h
/Applications/Xcode.app/Contents/Developer/Platforms/MacOSX.platform/Developer/SDKs/MacOSX26.1.sdk/usr/include/mach-o/fat.h
/Applications/Xcode.app/Contents/Developer/Platforms/MacOSX.platform/Developer/SDKs/MacOSX26.1.sdk/usr/include/mach-o/fixup-chains.h
/Applications/Xcode.app/Contents/Developer/Platforms/MacOSX.platform/Developer/SDKs/MacOSX26.1.sdk/usr/include/mach-o/getsect.h
/Applications/Xcode.app/Contents/Developer/Platforms/MacOSX.platform/Developer/SDKs/MacOSX26.1.sdk/usr/include/mach-o/ldsyms.h
/Applications/Xcode.app/Contents/Developer/Platforms/MacOSX.platform/Developer/SDKs/MacOSX26.1.sdk/usr/include/mach-o/nlist.h
/Applications/Xcode.app/Contents/Developer/Platforms/MacOSX.platform/Developer/SDKs/MacOSX26.1.sdk/usr/include/mach-o/ranlib.h
/Applications/Xcode.app/Contents/Developer/Platforms/MacOSX.platform/Developer/SDKs/MacOSX26.1.sdk/usr/include/mach-o/reloc.h
/Applications/Xcode.app/Contents/Developer/Platforms/MacOSX.platform/Developer/SDKs/MacOSX26.1.sdk/usr/include/mach-o/stab.h
/Applications/Xcode.app/Contents/Developer/Platforms/MacOSX.platform/Developer/SDKs/MacOSX26.1.sdk/usr/include/mach-o/swap.h
/Applications/Xcode.app/Contents/Developer/Platforms/MacOSX.platform/Developer/SDKs/MacOSX26.1.sdk/usr/include/mach-o/utils.h
/Applications/Xcode.app/Contents/Developer/Platforms/MacOSX.platform/Developer/SDKs/MacOSX26.1.sdk/usr/include/mach-o/x86_64/reloc.h
/Applications/Xcode.app/Contents/Developer/Platforms/MacOSX.platform/Developer/SDKs/MacOSX26.1.sdk/SDKSettings.json
/Applications/Xcode.app/Contents/Developer/Platforms/MacOSX.platform/Developer/SDKs/MacOSX26.1.sdk/usr/include/ObjectiveC.apinotes
/Applications/Xcode.app/Contents/Developer/Platforms/MacOSX.platform/Developer/SDKs/MacOSX26.1.sdk/usr/include/DarwinBasic.modulemap
/Applications/Xcode.app/Contents/Developer/Platforms/MacOSX.platform/Developer/SDKs/MacOSX26.1.sdk/usr/include/ObjectiveC.modulemap
/Applications/Xcode.app/Contents/Developer/Platforms/MacOSX.platform/Developer/SDKs/MacOSX26.1.sdk/usr/include/Darwin.modulemap
/Applications/Xcode.app/Contents/Developer/Platforms/MacOSX.platform/Developer/SDKs/MacOSX26.1.sdk/usr/include/Darwin_C.modulemap
/Applications/Xcode.app/Contents/Developer/Platforms/MacOSX.platform/Developer/SDKs/MacOSX26.1.sdk/usr/include/Darwin_POSIX.modulemap
/Applications/Xcode.app/Contents/Developer/Platforms/MacOSX.platform/Developer/SDKs/MacOSX26.1.sdk/usr/include/net.modulemap
/Applications/Xcode.app/Contents/Developer/Platforms/MacOSX.platform/Developer/SDKs/MacOSX26.1.sdk/usr/include/netinet.modulemap
/Applications/Xcode.app/Contents/Developer/Platforms/MacOSX.platform/Developer/SDKs/MacOSX26.1.sdk/usr/include/bank.modulemap
/Applications/Xcode.app/Contents/Developer/Platforms/MacOSX.platform/Developer/SDKs/MacOSX26.1.sdk/usr/include/Darwin_Mach.modulemap
/Applications/Xcode.app/Contents/Developer/Platforms/MacOSX.platform/Developer/SDKs/MacOSX26.1.sdk/usr/include/Darwin_Mach_machine.modulemap
/Applications/Xcode.app/Contents/Developer/Platforms/MacOSX.platform/Developer/SDKs/MacOSX26.1.sdk/usr/include/mach_debug.modulemap
/Applications/Xcode.app/Contents/Developer/Platforms/MacOSX.platform/Developer/SDKs/MacOSX26.1.sdk/usr/include/device.modulemap
/Applications/Xcode.app/Contents/Developer/Platforms/MacOSX.platform/Developer/SDKs/MacOSX26.1.sdk/usr/include/Darwin_machine.modulemap
/Applications/Xcode.app/Contents/Developer/Platforms/MacOSX.platform/Developer/SDKs/MacOSX26.1.sdk/usr/include/ncurses.modulemap
/Applications/Xcode.app/Contents/Developer/Platforms/MacOSX.platform/Developer/SDKs/MacOSX26.1.sdk/usr/include/netinet6.modulemap
/Applications/Xcode.app/Contents/Developer/Platforms/MacOSX.platform/Developer/SDKs/MacOSX26.1.sdk/usr/include/Darwin_sys.modulemap
/Applications/Xcode.app/Contents/Developer/Platforms/MacOSX.platform/Developer/SDKs/MacOSX26.1.sdk/usr/include/uuid.modulemap
/Applications/Xcode.app/Contents/Developer/Platforms/MacOSX.platform/Developer/SDKs/MacOSX26.1.sdk/usr/include/DarwinFoundation2.modulemap
/Applications/Xcode.app/Contents/Developer/Platforms/MacOSX.platform/Developer/SDKs/MacOSX26.1.sdk/usr/include/DarwinFoundation3.modulemap
/Applications/Xcode.app/Contents/Developer/Platforms/MacOSX.platform/Developer/SDKs/MacOSX26.1.sdk/usr/include/DarwinFoundation1.modulemap
/Applications/Xcode.app/Contents/Developer/Platforms/MacOSX.platform/Developer/SDKs/MacOSX26.1.sdk/usr/include/objc/List.h
/Applications/Xcode.app/Contents/Developer/Platforms/MacOSX.platform/Developer/SDKs/MacOSX26.1.sdk/usr/include/objc/NSObjCRuntime.h
/Applications/Xcode.app/Contents/Developer/Toolchains/XcodeDefault.xctoolchain/usr/lib/swift/clang/include/module.modulemap
/Applications/Xcode.app/Contents/Developer/Platforms/MacOSX.platform/Developer/SDKs/MacOSX26.1.sdk/usr/include/objc/objc.h
/Applications/Xcode.app/Contents/Developer/Platforms/MacOSX.platform/Developer/SDKs/MacOSX26.1.sdk/usr/include/stdlib.h
/Applications/Xcode.app/Contents/Developer/Platforms/MacOSX.platform/Developer/SDKs/MacOSX26.1.sdk/usr/include/objc/objc-api.h
/Applications/Xcode.app/Contents/Developer/Toolchains/XcodeDefault.xctoolchain/usr/lib/swift/clang/include/stddef.h
/Applications/Xcode.app/Contents/Developer/Platforms/MacOSX.platform/Developer/SDKs/MacOSX26.1.sdk/usr/include/objc/NSObject.h
/Applications/Xcode.app/Contents/Developer/Platforms/MacOSX.platform/Developer/SDKs/MacOSX26.1.sdk/usr/include/objc/Object.h
/Applications/Xcode.app/Contents/Developer/Toolchains/XcodeDefault.xctoolchain/usr/lib/swift/clang/include/stdarg.h
/Applications/Xcode.app/Contents/Developer/Platforms/MacOSX.platform/Developer/SDKs/MacOSX26.1.sdk/usr/include/objc/objc-runtime.h
/Applications/Xcode.app/Contents/Developer/Platforms/MacOSX.platform/Developer/SDKs/MacOSX26.1.sdk/usr/include/objc/runtime.h
/Applications/Xcode.app/Contents/Developer/Platforms/MacOSX.platform/Developer/SDKs/MacOSX26.1.sdk/usr/include/objc/message.h
/Applications/Xcode.app/Contents/Developer/Platforms/MacOSX.platform/Developer/SDKs/MacOSX26.1.sdk/usr/include/objc/Protocol.h
/Applications/Xcode.app/Contents/Developer/Platforms/MacOSX.platform/Developer/SDKs/MacOSX26.1.sdk/usr/include/objc/hashtable.h
/Applications/Xcode.app/Contents/Developer/Platforms/MacOSX.platform/Developer/SDKs/MacOSX26.1.sdk/usr/include/objc/hashtable2.h
/Applications/Xcode.app/Contents/Developer/Platforms/MacOSX.platform/Developer/SDKs/MacOSX26.1.sdk/usr/include/objc/objc-auto.h
/Applications/Xcode.app/Contents/Developer/Platforms/MacOSX.platform/Developer/SDKs/MacOSX26.1.sdk/usr/include/string.h
/Applications/Xcode.app/Contents/Developer/Platforms/MacOSX.platform/Developer/SDKs/MacOSX26.1.sdk/usr/include/objc/objc-class.h
/Applications/Xcode.app/Contents/Developer/Platforms/MacOSX.platform/Developer/SDKs/MacOSX26.1.sdk/usr/include/objc/objc-exception.h
/Applications/Xcode.app/Contents/Developer/Platforms/MacOSX.platform/Developer/SDKs/MacOSX26.1.sdk/usr/include/objc/objc-load.h
/Applications/Xcode.app/Contents/Developer/Platforms/MacOSX.platform/Developer/SDKs/MacOSX26.1.sdk/usr/include/objc/objc-sync.h
/Applications/Xcode.app/Contents/Developer/Platforms/MacOSX.platform/Developer/SDKs/MacOSX26.1.sdk/SDKSettings.json
/Applications/Xcode.app/Contents/Developer/Toolchains/XcodeDefault.xctoolchain/usr/lib/swift/macosx/prebuilt-modules/26.1/ObjectiveC.swiftmodule/arm64e-apple-macos.swiftmodule
/Applications/Xcode.app/Contents/Developer/Toolchains/XcodeDefault.xctoolchain/usr/lib/swift/macosx/prebuilt-modules/26.1/Observation.swiftmodule/arm64e-apple-macos.swiftmodule
/Applications/Xcode.app/Contents/Developer/Platforms/MacOSX.platform/Developer/SDKs/MacOSX26.1.sdk/System/Library/Frameworks/Security.framework/Headers/Security.apinotes
/Applications/Xcode.app/Contents/Developer/Platforms/MacOSX.platform/Developer/SDKs/MacOSX26.1.sdk/System/Library/Frameworks/Security.framework/Modules/module.modulemap
/Applications/Xcode.app/Contents/Developer/Platforms/MacOSX.platform/Developer/SDKs/MacOSX26.1.sdk/System/Library/Frameworks/Security.framework/Headers/Security.h
/Applications/Xcode.app/Contents/Developer/Platforms/MacOSX.platform/Developer/SDKs/MacOSX26.1.sdk/System/Library/Frameworks/Security.framework/Headers/SecBase.h
/Applications/Xcode.app/Contents/Developer/Platforms/MacOSX.platform/Developer/SDKs/MacOSX26.1.sdk/usr/include/xpc.modulemap
/Applications/Xcode.app/Contents/Developer/Platforms/MacOSX.platform/Developer/SDKs/MacOSX26.1.sdk/usr/include/dispatch.modulemap
/Applications/Xcode.app/Contents/Developer/Platforms/MacOSX.platform/Developer/SDKs/MacOSX26.1.sdk/usr/include/os.modulemap
/Applications/Xcode.app/Contents/Developer/Platforms/MacOSX.platform/Developer/SDKs/MacOSX26.1.sdk/usr/include/Darwin.modulemap
/Applications/Xcode.app/Contents/Developer/Platforms/MacOSX.platform/Developer/SDKs/MacOSX26.1.sdk/usr/include/Darwin_C.modulemap
/Applications/Xcode.app/Contents/Developer/Platforms/MacOSX.platform/Developer/SDKs/MacOSX26.1.sdk/usr/include/Darwin_POSIX.modulemap
/Applications/Xcode.app/Contents/Developer/Platforms/MacOSX.platform/Developer/SDKs/MacOSX26.1.sdk/usr/include/net.modulemap
/Applications/Xcode.app/Contents/Developer/Platforms/MacOSX.platform/Developer/SDKs/MacOSX26.1.sdk/usr/include/netinet.modulemap
/Applications/Xcode.app/Contents/Developer/Platforms/MacOSX.platform/Developer/SDKs/MacOSX26.1.sdk/usr/include/bank.modulemap
/Applications/Xcode.app/Contents/Developer/Platforms/MacOSX.platform/Developer/SDKs/MacOSX26.1.sdk/usr/include/Darwin_Mach.modulemap
/Applications/Xcode.app/Contents/Developer/Platforms/MacOSX.platform/Developer/SDKs/MacOSX26.1.sdk/usr/include/Darwin_Mach_machine.modulemap
/Applications/Xcode.app/Contents/Developer/Platforms/MacOSX.platform/Developer/SDKs/MacOSX26.1.sdk/usr/include/mach_debug.modulemap
/Applications/Xcode.app/Contents/Developer/Platforms/MacOSX.platform/Developer/SDKs/MacOSX26.1.sdk/usr/include/device.modulemap
/Applications/Xcode.app/Contents/Developer/Platforms/MacOSX.platform/Developer/SDKs/MacOSX26.1.sdk/usr/include/Darwin_machine.modulemap
/Applications/Xcode.app/Contents/Developer/Platforms/MacOSX.platform/Developer/SDKs/MacOSX26.1.sdk/usr/include/ncurses.modulemap
/Applications/Xcode.app/Contents/Developer/Platforms/MacOSX.platform/Developer/SDKs/MacOSX26.1.sdk/usr/include/netinet6.modulemap
/Applications/Xcode.app/Contents/Developer/Platforms/MacOSX.platform/Developer/SDKs/MacOSX26.1.sdk/usr/include/Darwin_sys.modulemap
/Applications/Xcode.app/Contents/Developer/Platforms/MacOSX.platform/Developer/SDKs/MacOSX26.1.sdk/usr/include/uuid.modulemap
/Applications/Xcode.app/Contents/Developer/Platforms/MacOSX.platform/Developer/SDKs/MacOSX26.1.sdk/usr/include/DarwinFoundation2.modulemap
/Applications/Xcode.app/Contents/Developer/Platforms/MacOSX.platform/Developer/SDKs/MacOSX26.1.sdk/usr/include/DarwinFoundation3.modulemap
/Applications/Xcode.app/Contents/Developer/Platforms/MacOSX.platform/Developer/SDKs/MacOSX26.1.sdk/usr/include/DarwinFoundation1.modulemap
/Applications/Xcode.app/Contents/Developer/Platforms/MacOSX.platform/Developer/SDKs/MacOSX26.1.sdk/System/Library/Frameworks/CoreFoundation.framework/Modules/module.modulemap
/Applications/Xcode.app/Contents/Developer/Platforms/MacOSX.platform/Developer/SDKs/MacOSX26.1.sdk/System/Library/Frameworks/Security.framework/Headers/SecCertificate.h
/Applications/Xcode.app/Contents/Developer/Platforms/MacOSX.platform/Developer/SDKs/MacOSX26.1.sdk/System/Library/Frameworks/Security.framework/Headers/cssmtype.h
/Applications/Xcode.app/Contents/Developer/Platforms/MacOSX.platform/Developer/SDKs/MacOSX26.1.sdk/System/Library/Frameworks/Security.framework/Headers/cssmconfig.h
/Applications/Xcode.app/Contents/Developer/Toolchains/XcodeDefault.xctoolchain/usr/lib/swift/clang/include/module.modulemap
/Applications/Xcode.app/Contents/Developer/Platforms/MacOSX.platform/Developer/SDKs/MacOSX26.1.sdk/System/Library/Frameworks/Security.framework/Headers/SecAsn1Types.h
/Applications/Xcode.app/Contents/Developer/Platforms/MacOSX.platform/Developer/SDKs/MacOSX26.1.sdk/System/Library/Frameworks/Security.framework/Headers/x509defs.h
/Applications/Xcode.app/Contents/Developer/Platforms/MacOSX.platform/Developer/SDKs/MacOSX26.1.sdk/System/Library/Frameworks/Security.framework/Headers/SecIdentity.h
/Applications/Xcode.app/Contents/Developer/Platforms/MacOSX.platform/Developer/SDKs/MacOSX26.1.sdk/System/Library/Frameworks/Security.framework/Headers/SecAccessControl.h
/Applications/Xcode.app/Contents/Developer/Platforms/MacOSX.platform/Developer/SDKs/MacOSX26.1.sdk/System/Library/Frameworks/Security.framework/Headers/SecItem.h
/Applications/Xcode.app/Contents/Developer/Platforms/MacOSX.platform/Developer/SDKs/MacOSX26.1.sdk/System/Library/Frameworks/Security.framework/Headers/SecKey.h
/Applications/Xcode.app/Contents/Developer/Platforms/MacOSX.platform/Developer/SDKs/MacOSX26.1.sdk/System/Library/Frameworks/Security.framework/Headers/SecAccess.h
/Applications/Xcode.app/Contents/Developer/Platforms/MacOSX.platform/Developer/SDKs/MacOSX26.1.sdk/System/Library/Frameworks/Security.framework/Headers/SecPolicy.h
/Applications/Xcode.app/Contents/Developer/Platforms/MacOSX.platform/Developer/SDKs/MacOSX26.1.sdk/System/Library/Frameworks/Security.framework/Headers/SecRandom.h
/Applications/Xcode.app/Contents/Developer/Platforms/MacOSX.platform/Developer/SDKs/MacOSX26.1.sdk/System/Library/Frameworks/Security.framework/Headers/SecImportExport.h
/Applications/Xcode.app/Contents/Developer/Platforms/MacOSX.platform/Developer/SDKs/MacOSX26.1.sdk/System/Library/Frameworks/Security.framework/Headers/SecKeychain.h
/Applications/Xcode.app/Contents/Developer/Platforms/MacOSX.platform/Developer/SDKs/MacOSX26.1.sdk/System/Library/Frameworks/Security.framework/Headers/cssmapple.h
/Applications/Xcode.app/Contents/Developer/Platforms/MacOSX.platform/Developer/SDKs/MacOSX26.1.sdk/System/Library/Frameworks/Security.framework/Headers/cssmerr.h
/Applications/Xcode.app/Contents/Developer/Platforms/MacOSX.platform/Developer/SDKs/MacOSX26.1.sdk/System/Library/Frameworks/Security.framework/Headers/certextensions.h
/Applications/Xcode.app/Contents/Developer/Platforms/MacOSX.platform/Developer/SDKs/MacOSX26.1.sdk/System/Library/Frameworks/Security.framework/Headers/SecTrust.h
/Applications/Xcode.app/Contents/Developer/Platforms/MacOSX.platform/Developer/SDKs/MacOSX26.1.sdk/System/Library/Frameworks/Security.framework/Headers/SecSharedCredential.h
/Applications/Xcode.app/Contents/Developer/Platforms/MacOSX.platform/Developer/SDKs/MacOSX26.1.sdk/System/Library/Frameworks/Security.framework/Headers/SecProtocolOptions.h
/Applications/Xcode.app/Contents/Developer/Platforms/MacOSX.platform/Developer/SDKs/MacOSX26.1.sdk/System/Library/Frameworks/Security.framework/Headers/SecProtocolObject.h
/Applications/Xcode.app/Contents/Developer/Platforms/MacOSX.platform/Developer/SDKs/MacOSX26.1.sdk/System/Library/Frameworks/Security.framework/Headers/SecProtocolTypes.h
/Applications/Xcode.app/Contents/Developer/Platforms/MacOSX.platform/Developer/SDKs/MacOSX26.1.sdk/System/Library/Frameworks/Security.framework/Headers/CipherSuite.h
/Applications/Xcode.app/Contents/Developer/Platforms/MacOSX.platform/Developer/SDKs/MacOSX26.1.sdk/System/Library/Frameworks/Security.framework/Headers/SecProtocolMetadata.h
/Applications/Xcode.app/Contents/Developer/Platforms/MacOSX.platform/Developer/SDKs/MacOSX26.1.sdk/System/Library/Frameworks/Security.framework/Headers/AuthSession.h
/Applications/Xcode.app/Contents/Developer/Platforms/MacOSX.platform/Developer/SDKs/MacOSX26.1.sdk/System/Library/Frameworks/Security.framework/Headers/Authorization.h
/Applications/Xcode.app/Contents/Developer/Platforms/MacOSX.platform/Developer/SDKs/MacOSX26.1.sdk/usr/include/stdio.h
/Applications/Xcode.app/Contents/Developer/Platforms/MacOSX.platform/Developer/SDKs/MacOSX26.1.sdk/System/Library/Frameworks/Security.framework/Headers/cssm.h
/Applications/Xcode.app/Contents/Developer/Platforms/MacOSX.platform/Developer/SDKs/MacOSX26.1.sdk/System/Library/Frameworks/Security.framework/Headers/emmtype.h
/Applications/Xcode.app/Contents/Developer/Platforms/MacOSX.platform/Developer/SDKs/MacOSX26.1.sdk/System/Library/Frameworks/Security.framework/Headers/cssmapi.h
/Applications/Xcode.app/Contents/Developer/Platforms/MacOSX.platform/Developer/SDKs/MacOSX26.1.sdk/System/Library/Frameworks/Security.framework/Headers/cssmaci.h
/Applications/Xcode.app/Contents/Developer/Platforms/MacOSX.platform/Developer/SDKs/MacOSX26.1.sdk/System/Library/Frameworks/Security.framework/Headers/cssmcli.h
/Applications/Xcode.app/Contents/Developer/Platforms/MacOSX.platform/Developer/SDKs/MacOSX26.1.sdk/System/Library/Frameworks/Security.framework/Headers/cssmcspi.h
/Applications/Xcode.app/Contents/Developer/Platforms/MacOSX.platform/Developer/SDKs/MacOSX26.1.sdk/System/Library/Frameworks/Security.framework/Headers/cssmspi.h
/Applications/Xcode.app/Contents/Developer/Platforms/MacOSX.platform/Developer/SDKs/MacOSX26.1.sdk/System/Library/Frameworks/Security.framework/Headers/cssmdli.h
/Applications/Xcode.app/Contents/Developer/Platforms/MacOSX.platform/Developer/SDKs/MacOSX26.1.sdk/System/Library/Frameworks/Security.framework/Headers/cssmkrapi.h
/Applications/Xcode.app/Contents/Developer/Platforms/MacOSX.platform/Developer/SDKs/MacOSX26.1.sdk/System/Library/Frameworks/Security.framework/Headers/cssmkrspi.h
/Applications/Xcode.app/Contents/Developer/Platforms/MacOSX.platform/Developer/SDKs/MacOSX26.1.sdk/System/Library/Frameworks/Security.framework/Headers/cssmtpi.h
/Applications/Xcode.app/Contents/Developer/Platforms/MacOSX.platform/Developer/SDKs/MacOSX26.1.sdk/System/Library/Frameworks/Security.framework/Headers/emmspi.h
/Applications/Xcode.app/Contents/Developer/Platforms/MacOSX.platform/Developer/SDKs/MacOSX26.1.sdk/System/Library/Frameworks/Security.framework/Headers/mds.h
/Applications/Xcode.app/Contents/Developer/Platforms/MacOSX.platform/Developer/SDKs/MacOSX26.1.sdk/System/Library/Frameworks/Security.framework/Headers/mds_schema.h
/Applications/Xcode.app/Contents/Developer/Platforms/MacOSX.platform/Developer/SDKs/MacOSX26.1.sdk/System/Library/Frameworks/Security.framework/Headers/oidsalg.h
/Applications/Xcode.app/Contents/Developer/Platforms/MacOSX.platform/Developer/SDKs/MacOSX26.1.sdk/System/Library/Frameworks/Security.framework/Headers/oidsattr.h
/Applications/Xcode.app/Contents/Developer/Platforms/MacOSX.platform/Developer/SDKs/MacOSX26.1.sdk/System/Library/Frameworks/Security.framework/Headers/oidsbase.h
/Applications/Xcode.app/Contents/Developer/Platforms/MacOSX.platform/Developer/SDKs/MacOSX26.1.sdk/System/Library/Frameworks/Security.framework/Headers/oidscert.h
/Applications/Xcode.app/Contents/Developer/Platforms/MacOSX.platform/Developer/SDKs/MacOSX26.1.sdk/System/Library/Frameworks/Security.framework/Headers/oidscrl.h
/Applications/Xcode.app/Contents/Developer/Platforms/MacOSX.platform/Developer/SDKs/MacOSX26.1.sdk/System/Library/Frameworks/Security.framework/Headers/SecACL.h
/Applications/Xcode.app/Contents/Developer/Platforms/MacOSX.platform/Developer/SDKs/MacOSX26.1.sdk/System/Library/Frameworks/Security.framework/Headers/SecCertificateOIDs.h
/Applications/Xcode.app/Contents/Developer/Platforms/MacOSX.platform/Developer/SDKs/MacOSX26.1.sdk/System/Library/Frameworks/Security.framework/Headers/SecIdentitySearch.h
/Applications/Xcode.app/Contents/Developer/Platforms/MacOSX.platform/Developer/SDKs/MacOSX26.1.sdk/System/Library/Frameworks/Security.framework/Headers/SecKeychainItem.h
/Applications/Xcode.app/Contents/Developer/Platforms/MacOSX.platform/Developer/SDKs/MacOSX26.1.sdk/System/Library/Frameworks/Security.framework/Headers/SecKeychainSearch.h
/Applications/Xcode.app/Contents/Developer/Platforms/MacOSX.platform/Developer/SDKs/MacOSX26.1.sdk/System/Library/Frameworks/Security.framework/Headers/SecPolicySearch.h
/Applications/Xcode.app/Contents/Developer/Platforms/MacOSX.platform/Developer/SDKs/MacOSX26.1.sdk/System/Library/Frameworks/Security.framework/Headers/SecTrustedApplication.h
/Applications/Xcode.app/Contents/Developer/Platforms/MacOSX.platform/Developer/SDKs/MacOSX26.1.sdk/System/Library/Frameworks/Security.framework/Headers/SecTrustSettings.h
/Applications/Xcode.app/Contents/Developer/Platforms/MacOSX.platform/Developer/SDKs/MacOSX26.1.sdk/System/Library/Frameworks/Security.framework/Headers/SecStaticCode.h
/Applications/Xcode.app/Contents/Developer/Platforms/MacOSX.platform/Developer/SDKs/MacOSX26.1.sdk/System/Library/Frameworks/Security.framework/Headers/CSCommon.h
/Applications/Xcode.app/Contents/Developer/Platforms/MacOSX.platform/Developer/SDKs/MacOSX26.1.sdk/System/Library/Frameworks/Security.framework/Headers/SecCode.h
/Applications/Xcode.app/Contents/Developer/Platforms/MacOSX.platform/Developer/SDKs/MacOSX26.1.sdk/System/Library/Frameworks/Security.framework/Headers/SecCodeHost.h
/Applications/Xcode.app/Contents/Developer/Platforms/MacOSX.platform/Developer/SDKs/MacOSX26.1.sdk/System/Library/Frameworks/Security.framework/Headers/SecRequirement.h
/Applications/Xcode.app/Contents/Developer/Platforms/MacOSX.platform/Developer/SDKs/MacOSX26.1.sdk/System/Library/Frameworks/Security.framework/Headers/SecTask.h
/Applications/Xcode.app/Contents/Developer/Platforms/MacOSX.platform/Developer/SDKs/MacOSX26.1.sdk/System/Library/Frameworks/Security.framework/Headers/AuthorizationTags.h
/Applications/Xcode.app/Contents/Developer/Platforms/MacOSX.platform/Developer/SDKs/MacOSX26.1.sdk/System/Library/Frameworks/Security.framework/Headers/AuthorizationDB.h
/Applications/Xcode.app/Contents/Developer/Platforms/MacOSX.platform/Developer/SDKs/MacOSX26.1.sdk/System/Library/Frameworks/Security.framework/Headers/CMSDecoder.h
/Applications/Xcode.app/Contents/Developer/Platforms/MacOSX.platform/Developer/SDKs/MacOSX26.1.sdk/System/Library/Frameworks/Security.framework/Headers/CMSEncoder.h
/Applications/Xcode.app/Contents/Developer/Platforms/MacOSX.platform/Developer/SDKs/MacOSX26.1.sdk/System/Library/Frameworks/Security.framework/Headers/SecureTransport.h
/Applications/Xcode.app/Contents/Developer/Platforms/MacOSX.platform/Developer/SDKs/MacOSX26.1.sdk/System/Library/Frameworks/Security.framework/Headers/SecTransform.h
/Applications/Xcode.app/Contents/Developer/Platforms/MacOSX.platform/Developer/SDKs/MacOSX26.1.sdk/System/Library/Frameworks/Security.framework/Headers/SecCustomTransform.h
/Applications/Xcode.app/Contents/Developer/Platforms/MacOSX.platform/Developer/SDKs/MacOSX26.1.sdk/System/Library/Frameworks/Security.framework/Headers/SecDecodeTransform.h
/Applications/Xcode.app/Contents/Developer/Platforms/MacOSX.platform/Developer/SDKs/MacOSX26.1.sdk/System/Library/Frameworks/Security.framework/Headers/SecEncodeTransform.h
/Applications/Xcode.app/Contents/Developer/Platforms/MacOSX.platform/Developer/SDKs/MacOSX26.1.sdk/System/Library/Frameworks/Security.framework/Headers/SecDigestTransform.h
/Applications/Xcode.app/Contents/Developer/Platforms/MacOSX.platform/Developer/SDKs/MacOSX26.1.sdk/System/Library/Frameworks/Security.framework/Headers/SecEncryptTransform.h
/Applications/Xcode.app/Contents/Developer/Platforms/MacOSX.platform/Developer/SDKs/MacOSX26.1.sdk/System/Library/Frameworks/Security.framework/Headers/SecSignVerifyTransform.h
/Applications/Xcode.app/Contents/Developer/Platforms/MacOSX.platform/Developer/SDKs/MacOSX26.1.sdk/System/Library/Frameworks/Security.framework/Headers/SecReadTransform.h
/Applications/Xcode.app/Contents/Developer/Platforms/MacOSX.platform/Developer/SDKs/MacOSX26.1.sdk/System/Library/Frameworks/Security.framework/Headers/SecTransformReadTransform.h
/Applications/Xcode.app/Contents/Developer/Platforms/MacOSX.platform/Developer/SDKs/MacOSX26.1.sdk/System/Library/Frameworks/Security.framework/Headers/oids.h
/Applications/Xcode.app/Contents/Developer/Platforms/MacOSX.platform/Developer/SDKs/MacOSX26.1.sdk/usr/include/libDER/module.modulemap
/Applications/Xcode.app/Contents/Developer/Platforms/MacOSX.platform/Developer/SDKs/MacOSX26.1.sdk/usr/include/string.h
/Applications/Xcode.app/Contents/Developer/Platforms/MacOSX.platform/Developer/SDKs/MacOSX26.1.sdk/System/Library/Frameworks/Security.framework/Headers/AuthorizationPlugin.h
/Applications/Xcode.app/Contents/Developer/Platforms/MacOSX.platform/Developer/SDKs/MacOSX26.1.sdk/System/Library/Frameworks/Security.framework/Headers/CodeSigning.h
/Applications/Xcode.app/Contents/Developer/Platforms/MacOSX.platform/Developer/SDKs/MacOSX26.1.sdk/System/Library/Frameworks/Security.framework/Headers/eisl.h
/Applications/Xcode.app/Contents/Developer/Platforms/MacOSX.platform/Developer/SDKs/MacOSX26.1.sdk/System/Library/Frameworks/Security.framework/Headers/SecAsn1Coder.h
/Applications/Xcode.app/Contents/Developer/Platforms/MacOSX.platform/Developer/SDKs/MacOSX26.1.sdk/System/Library/Frameworks/Security.framework/Headers/SecAsn1Templates.h
/Applications/Xcode.app/Contents/Developer/Platforms/MacOSX.platform/Developer/SDKs/MacOSX26.1.sdk/System/Library/Frameworks/Security.framework/Headers/SecureDownload.h
/Applications/Xcode.app/Contents/Developer/Platforms/MacOSX.platform/Developer/SDKs/MacOSX26.1.sdk/SDKSettings.json
/Applications/Xcode.app/Contents/Developer/Toolchains/XcodeDefault.xctoolchain/usr/lib/swift/macosx/prebuilt-modules/26.1/Swift.swiftmodule/arm64e-apple-macos.swiftmodule
/Applications/Xcode.app/Contents/Developer/Toolchains/XcodeDefault.xctoolchain/usr/lib/swift/macosx/prebuilt-modules/26.1/SwiftOnoneSupport.swiftmodule/arm64e-apple-macos.swiftmodule
/Applications/Xcode.app/Contents/Developer/Platforms/MacOSX.platform/Developer/SDKs/MacOSX26.1.sdk/usr/lib/swift/shims/module.modulemap
/Applications/Xcode.app/Contents/Developer/Platforms/MacOSX.platform/Developer/SDKs/MacOSX26.1.sdk/usr/lib/swift/shims/AssertionReporting.h
/Applications/Xcode.app/Contents/Developer/Platforms/MacOSX.platform/Developer/SDKs/MacOSX26.1.sdk/usr/lib/swift/shims/SwiftStdint.h
/Applications/Xcode.app/Contents/Developer/Platforms/MacOSX.platform/Developer/SDKs/MacOSX26.1.sdk/usr/lib/swift/shims/Visibility.h
/Applications/Xcode.app/Contents/Developer/Platforms/MacOSX.platform/Developer/SDKs/MacOSX26.1.sdk/usr/lib/swift/shims/CoreFoundationShims.h
/Applications/Xcode.app/Contents/Developer/Platforms/MacOSX.platform/Developer/SDKs/MacOSX26.1.sdk/usr/lib/swift/shims/ObjCShims.h
/Applications/Xcode.app/Contents/Developer/Platforms/MacOSX.platform/Developer/SDKs/MacOSX26.1.sdk/usr/lib/swift/shims/EmbeddedShims.h
/Applications/Xcode.app/Contents/Developer/Platforms/MacOSX.platform/Developer/SDKs/MacOSX26.1.sdk/usr/lib/swift/shims/SwiftStddef.h
/Applications/Xcode.app/Contents/Developer/Platforms/MacOSX.platform/Developer/SDKs/MacOSX26.1.sdk/usr/lib/swift/shims/FoundationShims.h
/Applications/Xcode.app/Contents/Developer/Platforms/MacOSX.platform/Developer/SDKs/MacOSX26.1.sdk/usr/lib/swift/shims/GlobalObjects.h
/Applications/Xcode.app/Contents/Developer/Platforms/MacOSX.platform/Developer/SDKs/MacOSX26.1.sdk/usr/lib/swift/shims/SwiftStdbool.h
/Applications/Xcode.app/Contents/Developer/Platforms/MacOSX.platform/Developer/SDKs/MacOSX26.1.sdk/usr/lib/swift/shims/HeapObject.h
/Applications/Xcode.app/Contents/Developer/Platforms/MacOSX.platform/Developer/SDKs/MacOSX26.1.sdk/usr/lib/swift/shims/RefCount.h
/Applications/Xcode.app/Contents/Developer/Platforms/MacOSX.platform/Developer/SDKs/MacOSX26.1.sdk/usr/lib/swift/shims/System.h
/Applications/Xcode.app/Contents/Developer/Platforms/MacOSX.platform/Developer/SDKs/MacOSX26.1.sdk/usr/lib/swift/shims/Target.h
/Applications/Xcode.app/Contents/Developer/Platforms/MacOSX.platform/Developer/SDKs/MacOSX26.1.sdk/usr/lib/swift/shims/KeyPath.h
/Applications/Xcode.app/Contents/Developer/Platforms/MacOSX.platform/Developer/SDKs/MacOSX26.1.sdk/usr/lib/swift/shims/LibcShims.h
/Applications/Xcode.app/Contents/Developer/Platforms/MacOSX.platform/Developer/SDKs/MacOSX26.1.sdk/usr/lib/swift/shims/MetadataSections.h
/Applications/Xcode.app/Contents/Developer/Platforms/MacOSX.platform/Developer/SDKs/MacOSX26.1.sdk/usr/lib/swift/shims/Random.h
/Applications/Xcode.app/Contents/Developer/Platforms/MacOSX.platform/Developer/SDKs/MacOSX26.1.sdk/usr/lib/swift/shims/Reflection.h
/Applications/Xcode.app/Contents/Developer/Platforms/MacOSX.platform/Developer/SDKs/MacOSX26.1.sdk/usr/lib/swift/shims/RuntimeShims.h
/Applications/Xcode.app/Contents/Developer/Platforms/MacOSX.platform/Developer/SDKs/MacOSX26.1.sdk/usr/lib/swift/shims/RuntimeStubs.h
/Applications/Xcode.app/Contents/Developer/Platforms/MacOSX.platform/Developer/SDKs/MacOSX26.1.sdk/usr/lib/swift/shims/ThreadLocalStorage.h
/Applications/Xcode.app/Contents/Developer/Platforms/MacOSX.platform/Developer/SDKs/MacOSX26.1.sdk/usr/lib/swift/shims/UnicodeData.h
/Applications/Xcode.app/Contents/Developer/Platforms/MacOSX.platform/Developer/SDKs/MacOSX26.1.sdk/SDKSettings.json
/Applications/Xcode.app/Contents/Developer/Toolchains/XcodeDefault.xctoolchain/usr/lib/swift/macosx/prebuilt-modules/26.1/System.swiftmodule/arm64e-apple-macos.swiftmodule
/Applications/Xcode.app/Contents/Developer/Toolchains/XcodeDefault.xctoolchain/usr/lib/swift/macosx/prebuilt-modules/26.1/XPC.swiftmodule/arm64e-apple-macos.swiftmodule
/Applications/Xcode.app/Contents/Developer/Platforms/MacOSX.platform/Developer/SDKs/MacOSX26.1.sdk/usr/include/XPC.apinotes
/Applications/Xcode.app/Contents/Developer/Platforms/MacOSX.platform/Developer/SDKs/MacOSX26.1.sdk/usr/include/launch.modulemap
/Applications/Xcode.app/Contents/Developer/Platforms/MacOSX.platform/Developer/SDKs/MacOSX26.1.sdk/usr/include/xpc.modulemap
/Applications/Xcode.app/Contents/Developer/Platforms/MacOSX.platform/Developer/SDKs/MacOSX26.1.sdk/usr/include/dispatch.modulemap
/Applications/Xcode.app/Contents/Developer/Platforms/MacOSX.platform/Developer/SDKs/MacOSX26.1.sdk/usr/include/os.modulemap
/Applications/Xcode.app/Contents/Developer/Platforms/MacOSX.platform/Developer/SDKs/MacOSX26.1.sdk/usr/include/Darwin.modulemap
/Applications/Xcode.app/Contents/Developer/Platforms/MacOSX.platform/Developer/SDKs/MacOSX26.1.sdk/usr/include/Darwin_C.modulemap
/Applications/Xcode.app/Contents/Developer/Platforms/MacOSX.platform/Developer/SDKs/MacOSX26.1.sdk/usr/include/Darwin_POSIX.modulemap
/Applications/Xcode.app/Contents/Developer/Platforms/MacOSX.platform/Developer/SDKs/MacOSX26.1.sdk/usr/include/net.modulemap
/Applications/Xcode.app/Contents/Developer/Platforms/MacOSX.platform/Developer/SDKs/MacOSX26.1.sdk/usr/include/netinet.modulemap
/Applications/Xcode.app/Contents/Developer/Platforms/MacOSX.platform/Developer/SDKs/MacOSX26.1.sdk/usr/include/bank.modulemap
/Applications/Xcode.app/Contents/Developer/Platforms/MacOSX.platform/Developer/SDKs/MacOSX26.1.sdk/usr/include/Darwin_Mach.modulemap
/Applications/Xcode.app/Contents/Developer/Platforms/MacOSX.platform/Developer/SDKs/MacOSX26.1.sdk/usr/include/Darwin_Mach_machine.modulemap
/Applications/Xcode.app/Contents/Developer/Platforms/MacOSX.platform/Developer/SDKs/MacOSX26.1.sdk/usr/include/mach_debug.modulemap
/Applications/Xcode.app/Contents/Developer/Platforms/MacOSX.platform/Developer/SDKs/MacOSX26.1.sdk/usr/include/device.modulemap
/Applications/Xcode.app/Contents/Developer/Platforms/MacOSX.platform/Developer/SDKs/MacOSX26.1.sdk/usr/include/Darwin_machine.modulemap
/Applications/Xcode.app/Contents/Developer/Platforms/MacOSX.platform/Developer/SDKs/MacOSX26.1.sdk/usr/include/ncurses.modulemap
/Applications/Xcode.app/Contents/Developer/Platforms/MacOSX.platform/Developer/SDKs/MacOSX26.1.sdk/usr/include/netinet6.modulemap
/Applications/Xcode.app/Contents/Developer/Platforms/MacOSX.platform/Developer/SDKs/MacOSX26.1.sdk/usr/include/Darwin_sys.modulemap
/Applications/Xcode.app/Contents/Developer/Platforms/MacOSX.platform/Developer/SDKs/MacOSX26.1.sdk/usr/include/uuid.modulemap
/Applications/Xcode.app/Contents/Developer/Platforms/MacOSX.platform/Developer/SDKs/MacOSX26.1.sdk/usr/include/DarwinFoundation2.modulemap
/Applications/Xcode.app/Contents/Developer/Platforms/MacOSX.platform/Developer/SDKs/MacOSX26.1.sdk/usr/include/DarwinFoundation3.modulemap
/Applications/Xcode.app/Contents/Developer/Platforms/MacOSX.platform/Developer/SDKs/MacOSX26.1.sdk/usr/include/DarwinFoundation1.modulemap
/Applications/Xcode.app/Contents/Developer/Platforms/MacOSX.platform/Developer/SDKs/MacOSX26.1.sdk/usr/include/xpc/xpc.h
/Applications/Xcode.app/Contents/Developer/Toolchains/XcodeDefault.xctoolchain/usr/lib/swift/clang/include/module.modulemap
/Applications/Xcode.app/Contents/Developer/Toolchains/XcodeDefault.xctoolchain/usr/lib/swift/clang/include/stdarg.h
/Applications/Xcode.app/Contents/Developer/Platforms/MacOSX.platform/Developer/SDKs/MacOSX26.1.sdk/usr/include/stdlib.h
/Applications/Xcode.app/Contents/Developer/Platforms/MacOSX.platform/Developer/SDKs/MacOSX26.1.sdk/usr/include/stdio.h
/Applications/Xcode.app/Contents/Developer/Platforms/MacOSX.platform/Developer/SDKs/MacOSX26.1.sdk/usr/include/string.h
/Applications/Xcode.app/Contents/Developer/Platforms/MacOSX.platform/Developer/SDKs/MacOSX26.1.sdk/usr/include/xpc/base.h
/Applications/Xcode.app/Contents/Developer/Platforms/MacOSX.platform/Developer/SDKs/MacOSX26.1.sdk/usr/include/xpc/availability.h
/Applications/Xcode.app/Contents/Developer/Platforms/MacOSX.platform/Developer/SDKs/MacOSX26.1.sdk/usr/include/xpc/endpoint.h
/Applications/Xcode.app/Contents/Developer/Platforms/MacOSX.platform/Developer/SDKs/MacOSX26.1.sdk/usr/include/xpc/debug.h
/Applications/Xcode.app/Contents/Developer/Platforms/MacOSX.platform/Developer/SDKs/MacOSX26.1.sdk/usr/include/xpc/activity.h
/Applications/Xcode.app/Contents/Developer/Platforms/MacOSX.platform/Developer/SDKs/MacOSX26.1.sdk/usr/include/xpc/peer_requirement.h
/Applications/Xcode.app/Contents/Developer/Platforms/MacOSX.platform/Developer/SDKs/MacOSX26.1.sdk/usr/include/xpc/connection.h
/Applications/Xcode.app/Contents/Developer/Platforms/MacOSX.platform/Developer/SDKs/MacOSX26.1.sdk/usr/include/xpc/rich_error.h
/Applications/Xcode.app/Contents/Developer/Platforms/MacOSX.platform/Developer/SDKs/MacOSX26.1.sdk/usr/include/xpc/session.h
/Applications/Xcode.app/Contents/Developer/Platforms/MacOSX.platform/Developer/SDKs/MacOSX26.1.sdk/usr/include/xpc/listener.h
/Applications/Xcode.app/Contents/Developer/Platforms/MacOSX.platform/Developer/SDKs/MacOSX26.1.sdk/SDKSettings.json
/Applications/Xcode.app/Contents/Developer/Platforms/MacOSX.platform/Developer/SDKs/MacOSX26.1.sdk/usr/include/DarwinFoundation1.modulemap
/Applications/Xcode.app/Contents/Developer/Platforms/MacOSX.platform/Developer/SDKs/MacOSX26.1.sdk/usr/include/AvailabilityInternal.h
/Applications/Xcode.app/Contents/Developer/Platforms/MacOSX.platform/Developer/SDKs/MacOSX26.1.sdk/usr/include/AvailabilityVersions.h
/Applications/Xcode.app/Contents/Developer/Platforms/MacOSX.platform/Developer/SDKs/MacOSX26.1.sdk/usr/include/AvailabilityInternalLegacy.h
/Applications/Xcode.app/Contents/Developer/Platforms/MacOSX.platform/Developer/SDKs/MacOSX26.1.sdk/SDKSettings.json
/Applications/Xcode.app/Contents/Developer/Toolchains/XcodeDefault.xctoolchain/usr/lib/swift/macosx/prebuilt-modules/26.1/_Builtin_float.swiftmodule/arm64e-apple-macos.swiftmodule
/Applications/Xcode.app/Contents/Developer/Toolchains/XcodeDefault.xctoolchain/usr/lib/swift/clang/include/module.modulemap
/Applications/Xcode.app/Contents/Developer/Toolchains/XcodeDefault.xctoolchain/usr/lib/swift/clang/include/float.h
/Applications/Xcode.app/Contents/Developer/Platforms/MacOSX.platform/Developer/SDKs/MacOSX26.1.sdk/SDKSettings.json
/Applications/Xcode.app/Contents/Developer/Toolchains/XcodeDefault.xctoolchain/usr/lib/swift/clang/include/module.modulemap
/Applications/Xcode.app/Contents/Developer/Toolchains/XcodeDefault.xctoolchain/usr/lib/swift/clang/include/inttypes.h
/Applications/Xcode.app/Contents/Developer/Platforms/MacOSX.platform/Developer/SDKs/MacOSX26.1.sdk/usr/include/DarwinFoundation3.modulemap
/Applications/Xcode.app/Contents/Developer/Platforms/MacOSX.platform/Developer/SDKs/MacOSX26.1.sdk/usr/include/inttypes.h
/Applications/Xcode.app/Contents/Developer/Platforms/MacOSX.platform/Developer/SDKs/MacOSX26.1.sdk/SDKSettings.json
/Applications/Xcode.app/Contents/Developer/Toolchains/XcodeDefault.xctoolchain/usr/lib/swift/clang/include/module.modulemap
/Applications/Xcode.app/Contents/Developer/Toolchains/XcodeDefault.xctoolchain/usr/lib/swift/clang/include/limits.h
/Applications/Xcode.app/Contents/Developer/Platforms/MacOSX.platform/Developer/SDKs/MacOSX26.1.sdk/usr/include/DarwinFoundation1.modulemap
/Applications/Xcode.app/Contents/Developer/Platforms/MacOSX.platform/Developer/SDKs/MacOSX26.1.sdk/SDKSettings.json
/Applications/Xcode.app/Contents/Developer/Toolchains/XcodeDefault.xctoolchain/usr/lib/swift/clang/include/module.modulemap
/Applications/Xcode.app/Contents/Developer/Toolchains/XcodeDefault.xctoolchain/usr/lib/swift/clang/include/__stdarg___gnuc_va_list.h
/Applications/Xcode.app/Contents/Developer/Toolchains/XcodeDefault.xctoolchain/usr/lib/swift/clang/include/__stdarg___va_copy.h
/Applications/Xcode.app/Contents/Developer/Toolchains/XcodeDefault.xctoolchain/usr/lib/swift/clang/include/__stdarg_header_macro.h
/Applications/Xcode.app/Contents/Developer/Toolchains/XcodeDefault.xctoolchain/usr/lib/swift/clang/include/__stdarg_va_arg.h
/Applications/Xcode.app/Contents/Developer/Toolchains/XcodeDefault.xctoolchain/usr/lib/swift/clang/include/__stdarg_va_copy.h
/Applications/Xcode.app/Contents/Developer/Toolchains/XcodeDefault.xctoolchain/usr/lib/swift/clang/include/__stdarg_va_list.h
/Applications/Xcode.app/Contents/Developer/Platforms/MacOSX.platform/Developer/SDKs/MacOSX26.1.sdk/SDKSettings.json
/Applications/Xcode.app/Contents/Developer/Toolchains/XcodeDefault.xctoolchain/usr/lib/swift/clang/include/module.modulemap
/Applications/Xcode.app/Contents/Developer/Toolchains/XcodeDefault.xctoolchain/usr/lib/swift/clang/include/stdbool.h
/Applications/Xcode.app/Contents/Developer/Platforms/MacOSX.platform/Developer/SDKs/MacOSX26.1.sdk/SDKSettings.json
/Applications/Xcode.app/Contents/Developer/Toolchains/XcodeDefault.xctoolchain/usr/lib/swift/clang/include/module.modulemap
/Applications/Xcode.app/Contents/Developer/Toolchains/XcodeDefault.xctoolchain/usr/lib/swift/clang/include/__stddef_header_macro.h
/Applications/Xcode.app/Contents/Developer/Toolchains/XcodeDefault.xctoolchain/usr/lib/swift/clang/include/__stddef_max_align_t.h
/Applications/Xcode.app/Contents/Developer/Toolchains/XcodeDefault.xctoolchain/usr/lib/swift/clang/include/__stddef_null.h
/Applications/Xcode.app/Contents/Developer/Toolchains/XcodeDefault.xctoolchain/usr/lib/swift/clang/include/__stddef_nullptr_t.h
/Applications/Xcode.app/Contents/Developer/Toolchains/XcodeDefault.xctoolchain/usr/lib/swift/clang/include/__stddef_offsetof.h
/Applications/Xcode.app/Contents/Developer/Toolchains/XcodeDefault.xctoolchain/usr/lib/swift/clang/include/__stddef_ptrdiff_t.h
/Applications/Xcode.app/Contents/Developer/Toolchains/XcodeDefault.xctoolchain/usr/lib/swift/clang/include/__stddef_rsize_t.h
/Applications/Xcode.app/Contents/Developer/Toolchains/XcodeDefault.xctoolchain/usr/lib/swift/clang/include/__stddef_size_t.h
/Applications/Xcode.app/Contents/Developer/Toolchains/XcodeDefault.xctoolchain/usr/lib/swift/clang/include/__stddef_unreachable.h
/Applications/Xcode.app/Contents/Developer/Toolchains/XcodeDefault.xctoolchain/usr/lib/swift/clang/include/__stddef_wchar_t.h
/Applications/Xcode.app/Contents/Developer/Platforms/MacOSX.platform/Developer/SDKs/MacOSX26.1.sdk/SDKSettings.json
/Applications/Xcode.app/Contents/Developer/Toolchains/XcodeDefault.xctoolchain/usr/lib/swift/clang/include/module.modulemap
/Applications/Xcode.app/Contents/Developer/Toolchains/XcodeDefault.xctoolchain/usr/lib/swift/clang/include/stdint.h
/Applications/Xcode.app/Contents/Developer/Platforms/MacOSX.platform/Developer/SDKs/MacOSX26.1.sdk/usr/include/DarwinFoundation2.modulemap
/Applications/Xcode.app/Contents/Developer/Platforms/MacOSX.platform/Developer/SDKs/MacOSX26.1.sdk/SDKSettings.json
/Applications/Xcode.app/Contents/Developer/Toolchains/XcodeDefault.xctoolchain/usr/lib/swift/macosx/prebuilt-modules/26.1/_Concurrency.swiftmodule/arm64e-apple-macos.swiftmodule
/Applications/Xcode.app/Contents/Developer/Toolchains/XcodeDefault.xctoolchain/usr/lib/swift/macosx/prebuilt-modules/26.1/_DarwinFoundation1.swiftmodule/arm64e-apple-macos.swiftmodule
/Applications/Xcode.app/Contents/Developer/Platforms/MacOSX.platform/Developer/SDKs/MacOSX26.1.sdk/usr/include/DarwinFoundation1.modulemap
/Applications/Xcode.app/Contents/Developer/Platforms/MacOSX.platform/Developer/SDKs/MacOSX26.1.sdk/usr/include/sys/appleapiopts.h
/Applications/Xcode.app/Contents/Developer/Platforms/MacOSX.platform/Developer/SDKs/MacOSX26.1.sdk/usr/include/os/availability.h
/Applications/Xcode.app/Contents/Developer/Platforms/MacOSX.platform/Developer/SDKs/MacOSX26.1.sdk/usr/include/Availability.h
/Applications/Xcode.app/Contents/Developer/Platforms/MacOSX.platform/Developer/SDKs/MacOSX26.1.sdk/usr/include/AvailabilityMacros.h
/Applications/Xcode.app/Contents/Developer/Platforms/MacOSX.platform/Developer/SDKs/MacOSX26.1.sdk/usr/include/TargetConditionals.h
/Applications/Xcode.app/Contents/Developer/Platforms/MacOSX.platform/Developer/SDKs/MacOSX26.1.sdk/usr/include/_bounds.h
/Applications/Xcode.app/Contents/Developer/Platforms/MacOSX.platform/Developer/SDKs/MacOSX26.1.sdk/usr/include/sys/cdefs.h
/Applications/Xcode.app/Contents/Developer/Platforms/MacOSX.platform/Developer/SDKs/MacOSX26.1.sdk/usr/include/sys/_symbol_aliasing.h
/Applications/Xcode.app/Contents/Developer/Platforms/MacOSX.platform/Developer/SDKs/MacOSX26.1.sdk/usr/include/sys/_posix_availability.h
/Applications/Xcode.app/Contents/Developer/Toolchains/XcodeDefault.xctoolchain/usr/lib/swift/clang/include/module.modulemap
/Applications/Xcode.app/Contents/Developer/Platforms/MacOSX.platform/Developer/SDKs/MacOSX26.1.sdk/usr/include/sys/qos.h
/Applications/Xcode.app/Contents/Developer/Platforms/MacOSX.platform/Developer/SDKs/MacOSX26.1.sdk/usr/include/machine/_endian.h
/Applications/Xcode.app/Contents/Developer/Platforms/MacOSX.platform/Developer/SDKs/MacOSX26.1.sdk/usr/include/arm/_endian.h
/Applications/Xcode.app/Contents/Developer/Platforms/MacOSX.platform/Developer/SDKs/MacOSX26.1.sdk/usr/include/sys/__endian.h
/Applications/Xcode.app/Contents/Developer/Platforms/MacOSX.platform/Developer/SDKs/MacOSX26.1.sdk/usr/include/i386/_endian.h
/Applications/Xcode.app/Contents/Developer/Platforms/MacOSX.platform/Developer/SDKs/MacOSX26.1.sdk/usr/include/__xlocale.h
/Applications/Xcode.app/Contents/Developer/Platforms/MacOSX.platform/Developer/SDKs/MacOSX26.1.sdk/usr/include/_mb_cur_max.h
/Applications/Xcode.app/Contents/Developer/Platforms/MacOSX.platform/Developer/SDKs/MacOSX26.1.sdk/usr/include/_types/_locale_t.h
/Applications/Xcode.app/Contents/Developer/Platforms/MacOSX.platform/Developer/SDKs/MacOSX26.1.sdk/usr/include/sys/_types/_u_char.h
/Applications/Xcode.app/Contents/Developer/Platforms/MacOSX.platform/Developer/SDKs/MacOSX26.1.sdk/usr/include/sys/_types/_u_short.h
/Applications/Xcode.app/Contents/Developer/Platforms/MacOSX.platform/Developer/SDKs/MacOSX26.1.sdk/usr/include/sys/_types/_u_int.h
/Applications/Xcode.app/Contents/Developer/Platforms/MacOSX.platform/Developer/SDKs/MacOSX26.1.sdk/usr/include/sys/_types/_u_int8_t.h
/Applications/Xcode.app/Contents/Developer/Platforms/MacOSX.platform/Developer/SDKs/MacOSX26.1.sdk/usr/include/sys/_types/_u_int16_t.h
/Applications/Xcode.app/Contents/Developer/Platforms/MacOSX.platform/Developer/SDKs/MacOSX26.1.sdk/usr/include/sys/_types/_u_int32_t.h
/Applications/Xcode.app/Contents/Developer/Platforms/MacOSX.platform/Developer/SDKs/MacOSX26.1.sdk/usr/include/sys/_types/_u_int64_t.h
/Applications/Xcode.app/Contents/Developer/Platforms/MacOSX.platform/Developer/SDKs/MacOSX26.1.sdk/usr/include/_assert.h
/Applications/Xcode.app/Contents/Developer/Platforms/MacOSX.platform/Developer/SDKs/MacOSX26.1.sdk/usr/include/_static_assert.h
/Applications/Xcode.app/Contents/Developer/Platforms/MacOSX.platform/Developer/SDKs/MacOSX26.1.sdk/usr/include/complex.h
/Applications/Xcode.app/Contents/Developer/Platforms/MacOSX.platform/Developer/SDKs/MacOSX26.1.sdk/usr/include/errno.h
/Applications/Xcode.app/Contents/Developer/Platforms/MacOSX.platform/Developer/SDKs/MacOSX26.1.sdk/usr/include/sys/errno.h
/Applications/Xcode.app/Contents/Developer/Platforms/MacOSX.platform/Developer/SDKs/MacOSX26.1.sdk/usr/include/sys/_types/_errno_t.h
/Applications/Xcode.app/Contents/Developer/Platforms/MacOSX.platform/Developer/SDKs/MacOSX26.1.sdk/usr/include/fenv.h
/Applications/Xcode.app/Contents/Developer/Platforms/MacOSX.platform/Developer/SDKs/MacOSX26.1.sdk/usr/include/limits.h
/Applications/Xcode.app/Contents/Developer/Platforms/MacOSX.platform/Developer/SDKs/MacOSX26.1.sdk/usr/include/machine/limits.h
/Applications/Xcode.app/Contents/Developer/Platforms/MacOSX.platform/Developer/SDKs/MacOSX26.1.sdk/usr/include/arm/limits.h
/Applications/Xcode.app/Contents/Developer/Platforms/MacOSX.platform/Developer/SDKs/MacOSX26.1.sdk/usr/include/arm/_limits.h
/Applications/Xcode.app/Contents/Developer/Platforms/MacOSX.platform/Developer/SDKs/MacOSX26.1.sdk/usr/include/sys/syslimits.h
/Applications/Xcode.app/Contents/Developer/Platforms/MacOSX.platform/Developer/SDKs/MacOSX26.1.sdk/usr/include/i386/limits.h
/Applications/Xcode.app/Contents/Developer/Platforms/MacOSX.platform/Developer/SDKs/MacOSX26.1.sdk/usr/include/machine/_limits.h
/Applications/Xcode.app/Contents/Developer/Platforms/MacOSX.platform/Developer/SDKs/MacOSX26.1.sdk/usr/include/i386/_limits.h
/Applications/Xcode.app/Contents/Developer/Platforms/MacOSX.platform/Developer/SDKs/MacOSX26.1.sdk/usr/include/math.h
/Applications/Xcode.app/Contents/Developer/Platforms/MacOSX.platform/Developer/SDKs/MacOSX26.1.sdk/usr/include/setjmp.h
/Applications/Xcode.app/Contents/Developer/Platforms/MacOSX.platform/Developer/SDKs/MacOSX26.1.sdk/SDKSettings.json
/Applications/Xcode.app/Contents/Developer/Platforms/MacOSX.platform/Developer/SDKs/MacOSX26.1.sdk/usr/include/_DarwinFoundation2.apinotes
/Applications/Xcode.app/Contents/Developer/Platforms/MacOSX.platform/Developer/SDKs/MacOSX26.1.sdk/usr/include/DarwinFoundation2.modulemap
/Applications/Xcode.app/Contents/Developer/Platforms/MacOSX.platform/Developer/SDKs/MacOSX26.1.sdk/usr/include/DarwinFoundation1.modulemap
/Applications/Xcode.app/Contents/Developer/Platforms/MacOSX.platform/Developer/SDKs/MacOSX26.1.sdk/usr/include/nl_types.h
/Applications/Xcode.app/Contents/Developer/Platforms/MacOSX.platform/Developer/SDKs/MacOSX26.1.sdk/usr/include/sys/types.h
/Applications/Xcode.app/Contents/Developer/Platforms/MacOSX.platform/Developer/SDKs/MacOSX26.1.sdk/usr/include/machine/types.h
/Applications/Xcode.app/Contents/Developer/Platforms/MacOSX.platform/Developer/SDKs/MacOSX26.1.sdk/usr/include/arm/types.h
/Applications/Xcode.app/Contents/Developer/Platforms/MacOSX.platform/Developer/SDKs/MacOSX26.1.sdk/usr/include/arm/_types.h
/Applications/Xcode.app/Contents/Developer/Platforms/MacOSX.platform/Developer/SDKs/MacOSX26.1.sdk/usr/include/sys/_types/_ptrdiff_t.h
/Applications/Xcode.app/Contents/Developer/Toolchains/XcodeDefault.xctoolchain/usr/lib/swift/clang/include/module.modulemap
/Applications/Xcode.app/Contents/Developer/Toolchains/XcodeDefault.xctoolchain/usr/lib/swift/clang/include/stddef.h
/Applications/Xcode.app/Contents/Developer/Platforms/MacOSX.platform/Developer/SDKs/MacOSX26.1.sdk/usr/include/sys/_types/_size_t.h
/Applications/Xcode.app/Contents/Developer/Platforms/MacOSX.platform/Developer/SDKs/MacOSX26.1.sdk/usr/include/sys/_types/_va_list.h
/Applications/Xcode.app/Contents/Developer/Toolchains/XcodeDefault.xctoolchain/usr/lib/swift/clang/include/stdarg.h
/Applications/Xcode.app/Contents/Developer/Platforms/MacOSX.platform/Developer/SDKs/MacOSX26.1.sdk/usr/include/sys/_types/_wchar_t.h
/Applications/Xcode.app/Contents/Developer/Platforms/MacOSX.platform/Developer/SDKs/MacOSX26.1.sdk/usr/include/sys/_types/_int8_t.h
/Applications/Xcode.app/Contents/Developer/Platforms/MacOSX.platform/Developer/SDKs/MacOSX26.1.sdk/usr/include/sys/_types/_int16_t.h
/Applications/Xcode.app/Contents/Developer/Platforms/MacOSX.platform/Developer/SDKs/MacOSX26.1.sdk/usr/include/sys/_types/_int32_t.h
/Applications/Xcode.app/Contents/Developer/Platforms/MacOSX.platform/Developer/SDKs/MacOSX26.1.sdk/usr/include/sys/_types/_int64_t.h
/Applications/Xcode.app/Contents/Developer/Platforms/MacOSX.platform/Developer/SDKs/MacOSX26.1.sdk/usr/include/sys/_types/_intptr_t.h
/Applications/Xcode.app/Contents/Developer/Platforms/MacOSX.platform/Developer/SDKs/MacOSX26.1.sdk/usr/include/machine/_types.h
/Applications/Xcode.app/Contents/Developer/Platforms/MacOSX.platform/Developer/SDKs/MacOSX26.1.sdk/usr/include/sys/_types/_uintptr_t.h
/Applications/Xcode.app/Contents/Developer/Platforms/MacOSX.platform/Developer/SDKs/MacOSX26.1.sdk/usr/include/sys/_types.h
/Applications/Xcode.app/Contents/Developer/Platforms/MacOSX.platform/Developer/SDKs/MacOSX26.1.sdk/usr/include/sys/_types/_null.h
/Applications/Xcode.app/Contents/Developer/Platforms/MacOSX.platform/Developer/SDKs/MacOSX26.1.sdk/usr/include/sys/_pthread/_pthread_types.h
/Applications/Xcode.app/Contents/Developer/Platforms/MacOSX.platform/Developer/SDKs/MacOSX26.1.sdk/usr/include/machine/endian.h
/Applications/Xcode.app/Contents/Developer/Platforms/MacOSX.platform/Developer/SDKs/MacOSX26.1.sdk/usr/include/arm/endian.h
/Applications/Xcode.app/Contents/Developer/Platforms/MacOSX.platform/Developer/SDKs/MacOSX26.1.sdk/usr/include/sys/_endian.h
/Applications/Xcode.app/Contents/Developer/Platforms/MacOSX.platform/Developer/SDKs/MacOSX26.1.sdk/usr/include/libkern/_OSByteOrder.h
/Applications/Xcode.app/Contents/Developer/Platforms/MacOSX.platform/Developer/SDKs/MacOSX26.1.sdk/usr/include/libkern/arm/_OSByteOrder.h
/Applications/Xcode.app/Contents/Developer/Platforms/MacOSX.platform/Developer/SDKs/MacOSX26.1.sdk/usr/include/sys/_types/_caddr_t.h
/Applications/Xcode.app/Contents/Developer/Platforms/MacOSX.platform/Developer/SDKs/MacOSX26.1.sdk/usr/include/sys/_types/_dev_t.h
/Applications/Xcode.app/Contents/Developer/Platforms/MacOSX.platform/Developer/SDKs/MacOSX26.1.sdk/usr/include/sys/_types/_blkcnt_t.h
/Applications/Xcode.app/Contents/Developer/Platforms/MacOSX.platform/Developer/SDKs/MacOSX26.1.sdk/usr/include/sys/_types/_blksize_t.h
/Applications/Xcode.app/Contents/Developer/Platforms/MacOSX.platform/Developer/SDKs/MacOSX26.1.sdk/usr/include/sys/_types/_gid_t.h
/Applications/Xcode.app/Contents/Developer/Platforms/MacOSX.platform/Developer/SDKs/MacOSX26.1.sdk/usr/include/sys/_types/_in_addr_t.h
/Applications/Xcode.app/Contents/Developer/Platforms/MacOSX.platform/Developer/SDKs/MacOSX26.1.sdk/usr/include/sys/_types/_in_port_t.h
/Applications/Xcode.app/Contents/Developer/Platforms/MacOSX.platform/Developer/SDKs/MacOSX26.1.sdk/usr/include/sys/_types/_ino_t.h
/Applications/Xcode.app/Contents/Developer/Platforms/MacOSX.platform/Developer/SDKs/MacOSX26.1.sdk/usr/include/sys/_types/_ino64_t.h
/Applications/Xcode.app/Contents/Developer/Platforms/MacOSX.platform/Developer/SDKs/MacOSX26.1.sdk/usr/include/sys/_types/_key_t.h
/Applications/Xcode.app/Contents/Developer/Platforms/MacOSX.platform/Developer/SDKs/MacOSX26.1.sdk/usr/include/sys/_types/_mode_t.h
/Applications/Xcode.app/Contents/Developer/Platforms/MacOSX.platform/Developer/SDKs/MacOSX26.1.sdk/usr/include/sys/_types/_nlink_t.h
/Applications/Xcode.app/Contents/Developer/Platforms/MacOSX.platform/Developer/SDKs/MacOSX26.1.sdk/usr/include/sys/_types/_id_t.h
/Applications/Xcode.app/Contents/Developer/Platforms/MacOSX.platform/Developer/SDKs/MacOSX26.1.sdk/usr/include/sys/_types/_pid_t.h
/Applications/Xcode.app/Contents/Developer/Platforms/MacOSX.platform/Developer/SDKs/MacOSX26.1.sdk/usr/include/sys/_types/_off_t.h
/Applications/Xcode.app/Contents/Developer/Platforms/MacOSX.platform/Developer/SDKs/MacOSX26.1.sdk/usr/include/sys/_types/_uid_t.h
/Applications/Xcode.app/Contents/Developer/Platforms/MacOSX.platform/Developer/SDKs/MacOSX26.1.sdk/usr/include/sys/_types/_clock_t.h
/Applications/Xcode.app/Contents/Developer/Platforms/MacOSX.platform/Developer/SDKs/MacOSX26.1.sdk/usr/include/sys/_types/_ssize_t.h
/Applications/Xcode.app/Contents/Developer/Platforms/MacOSX.platform/Developer/SDKs/MacOSX26.1.sdk/usr/include/sys/_types/_time_t.h
/Applications/Xcode.app/Contents/Developer/Platforms/MacOSX.platform/Developer/SDKs/MacOSX26.1.sdk/usr/include/sys/_types/_useconds_t.h
/Applications/Xcode.app/Contents/Developer/Platforms/MacOSX.platform/Developer/SDKs/MacOSX26.1.sdk/usr/include/sys/_types/_suseconds_t.h
/Applications/Xcode.app/Contents/Developer/Platforms/MacOSX.platform/Developer/SDKs/MacOSX26.1.sdk/usr/include/sys/_types/_rsize_t.h
/Applications/Xcode.app/Contents/Developer/Platforms/MacOSX.platform/Developer/SDKs/MacOSX26.1.sdk/usr/include/sys/_types/_fd_def.h
/Applications/Xcode.app/Contents/Developer/Platforms/MacOSX.platform/Developer/SDKs/MacOSX26.1.sdk/usr/include/sys/_types/_fd_setsize.h
/Applications/Xcode.app/Contents/Developer/Platforms/MacOSX.platform/Developer/SDKs/MacOSX26.1.sdk/usr/include/sys/_types/_fd_set.h
/Applications/Xcode.app/Contents/Developer/Platforms/MacOSX.platform/Developer/SDKs/MacOSX26.1.sdk/usr/include/sys/_types/_fd_clr.h
/Applications/Xcode.app/Contents/Developer/Platforms/MacOSX.platform/Developer/SDKs/MacOSX26.1.sdk/usr/include/sys/_types/_fd_zero.h
/Applications/Xcode.app/Contents/Developer/Platforms/MacOSX.platform/Developer/SDKs/MacOSX26.1.sdk/usr/include/sys/_types/_fd_isset.h
/Applications/Xcode.app/Contents/Developer/Platforms/MacOSX.platform/Developer/SDKs/MacOSX26.1.sdk/usr/include/sys/_types/_fd_copy.h
/Applications/Xcode.app/Contents/Developer/Platforms/MacOSX.platform/Developer/SDKs/MacOSX26.1.sdk/usr/include/sys/_pthread/_pthread_attr_t.h
/Applications/Xcode.app/Contents/Developer/Platforms/MacOSX.platform/Developer/SDKs/MacOSX26.1.sdk/usr/include/sys/_pthread/_pthread_cond_t.h
/Applications/Xcode.app/Contents/Developer/Platforms/MacOSX.platform/Developer/SDKs/MacOSX26.1.sdk/usr/include/sys/_pthread/_pthread_condattr_t.h
/Applications/Xcode.app/Contents/Developer/Platforms/MacOSX.platform/Developer/SDKs/MacOSX26.1.sdk/usr/include/sys/_pthread/_pthread_mutex_t.h
/Applications/Xcode.app/Contents/Developer/Platforms/MacOSX.platform/Developer/SDKs/MacOSX26.1.sdk/usr/include/sys/_pthread/_pthread_mutexattr_t.h
/Applications/Xcode.app/Contents/Developer/Platforms/MacOSX.platform/Developer/SDKs/MacOSX26.1.sdk/usr/include/sys/_pthread/_pthread_once_t.h
/Applications/Xcode.app/Contents/Developer/Platforms/MacOSX.platform/Developer/SDKs/MacOSX26.1.sdk/usr/include/sys/_pthread/_pthread_rwlock_t.h
/Applications/Xcode.app/Contents/Developer/Platforms/MacOSX.platform/Developer/SDKs/MacOSX26.1.sdk/usr/include/sys/_pthread/_pthread_rwlockattr_t.h
/Applications/Xcode.app/Contents/Developer/Platforms/MacOSX.platform/Developer/SDKs/MacOSX26.1.sdk/usr/include/sys/_pthread/_pthread_t.h
/Applications/Xcode.app/Contents/Developer/Platforms/MacOSX.platform/Developer/SDKs/MacOSX26.1.sdk/usr/include/sys/_pthread/_pthread_key_t.h
/Applications/Xcode.app/Contents/Developer/Platforms/MacOSX.platform/Developer/SDKs/MacOSX26.1.sdk/usr/include/sys/_types/_fsblkcnt_t.h
/Applications/Xcode.app/Contents/Developer/Platforms/MacOSX.platform/Developer/SDKs/MacOSX26.1.sdk/usr/include/sys/_types/_fsfilcnt_t.h
/Applications/Xcode.app/Contents/Developer/Platforms/MacOSX.platform/Developer/SDKs/MacOSX26.1.sdk/usr/include/_types.h
/Applications/Xcode.app/Contents/Developer/Platforms/MacOSX.platform/Developer/SDKs/MacOSX26.1.sdk/usr/include/_types/_nl_item.h
/Applications/Xcode.app/Contents/Developer/Platforms/MacOSX.platform/Developer/SDKs/MacOSX26.1.sdk/usr/include/runetype.h
/Applications/Xcode.app/Contents/Developer/Platforms/MacOSX.platform/Developer/SDKs/MacOSX26.1.sdk/usr/include/sys/_types/_ct_rune_t.h
/Applications/Xcode.app/Contents/Developer/Platforms/MacOSX.platform/Developer/SDKs/MacOSX26.1.sdk/usr/include/sys/_types/_rune_t.h
/Applications/Xcode.app/Contents/Developer/Platforms/MacOSX.platform/Developer/SDKs/MacOSX26.1.sdk/usr/include/sys/_types/_wint_t.h
/Applications/Xcode.app/Contents/Developer/Platforms/MacOSX.platform/Developer/SDKs/MacOSX26.1.sdk/usr/include/alloca.h
/Applications/Xcode.app/Contents/Developer/Platforms/MacOSX.platform/Developer/SDKs/MacOSX26.1.sdk/usr/include/i386/endian.h
/Applications/Xcode.app/Contents/Developer/Platforms/MacOSX.platform/Developer/SDKs/MacOSX26.1.sdk/usr/include/libkern/i386/_OSByteOrder.h
/Applications/Xcode.app/Contents/Developer/Platforms/MacOSX.platform/Developer/SDKs/MacOSX26.1.sdk/usr/include/secure/_common.h
/Applications/Xcode.app/Contents/Developer/Platforms/MacOSX.platform/Developer/SDKs/MacOSX26.1.sdk/usr/include/sys/_types/_mach_port_t.h
/Applications/Xcode.app/Contents/Developer/Platforms/MacOSX.platform/Developer/SDKs/MacOSX26.1.sdk/usr/include/sys/_types/_offsetof.h
/Applications/Xcode.app/Contents/Developer/Platforms/MacOSX.platform/Developer/SDKs/MacOSX26.1.sdk/usr/include/_strings.h
/Applications/Xcode.app/Contents/Developer/Platforms/MacOSX.platform/Developer/SDKs/MacOSX26.1.sdk/usr/include/secure/_strings.h
/Applications/Xcode.app/Contents/Developer/Platforms/MacOSX.platform/Developer/SDKs/MacOSX26.1.sdk/usr/include/sys/_types/_timeval.h
/Applications/Xcode.app/Contents/Developer/Platforms/MacOSX.platform/Developer/SDKs/MacOSX26.1.sdk/usr/include/sys/_types/_uuid_t.h
/Applications/Xcode.app/Contents/Developer/Platforms/MacOSX.platform/Developer/SDKs/MacOSX26.1.sdk/usr/include/i386/types.h
/Applications/Xcode.app/Contents/Developer/Platforms/MacOSX.platform/Developer/SDKs/MacOSX26.1.sdk/usr/include/i386/_types.h
/Applications/Xcode.app/Contents/Developer/Platforms/MacOSX.platform/Developer/SDKs/MacOSX26.1.sdk/usr/include/_ctype.h
/Applications/Xcode.app/Contents/Developer/Platforms/MacOSX.platform/Developer/SDKs/MacOSX26.1.sdk/usr/include/xlocale/_ctype.h
/Applications/Xcode.app/Contents/Developer/Platforms/MacOSX.platform/Developer/SDKs/MacOSX26.1.sdk/usr/include/locale.h
/Applications/Xcode.app/Contents/Developer/Platforms/MacOSX.platform/Developer/SDKs/MacOSX26.1.sdk/usr/include/_locale.h
/Applications/Xcode.app/Contents/Developer/Platforms/MacOSX.platform/Developer/SDKs/MacOSX26.1.sdk/usr/include/_locale_posix2008.h
/Applications/Xcode.app/Contents/Developer/Platforms/MacOSX.platform/Developer/SDKs/MacOSX26.1.sdk/usr/include/stdint.h
/Applications/Xcode.app/Contents/Developer/Platforms/MacOSX.platform/Developer/SDKs/MacOSX26.1.sdk/usr/include/_types/_uint8_t.h
/Applications/Xcode.app/Contents/Developer/Platforms/MacOSX.platform/Developer/SDKs/MacOSX26.1.sdk/usr/include/_types/_uint16_t.h
/Applications/Xcode.app/Contents/Developer/Platforms/MacOSX.platform/Developer/SDKs/MacOSX26.1.sdk/usr/include/_types/_uint32_t.h
/Applications/Xcode.app/Contents/Developer/Platforms/MacOSX.platform/Developer/SDKs/MacOSX26.1.sdk/usr/include/_types/_uint64_t.h
/Applications/Xcode.app/Contents/Developer/Platforms/MacOSX.platform/Developer/SDKs/MacOSX26.1.sdk/usr/include/_types/_intmax_t.h
/Applications/Xcode.app/Contents/Developer/Platforms/MacOSX.platform/Developer/SDKs/MacOSX26.1.sdk/usr/include/_types/_uintmax_t.h
/Applications/Xcode.app/Contents/Developer/Platforms/MacOSX.platform/Developer/SDKs/MacOSX26.1.sdk/usr/include/_stdio.h
/Applications/Xcode.app/Contents/Developer/Platforms/MacOSX.platform/Developer/SDKs/MacOSX26.1.sdk/usr/include/sys/stdio.h
/Applications/Xcode.app/Contents/Developer/Platforms/MacOSX.platform/Developer/SDKs/MacOSX26.1.sdk/usr/include/_printf.h
/Applications/Xcode.app/Contents/Developer/Platforms/MacOSX.platform/Developer/SDKs/MacOSX26.1.sdk/usr/include/sys/_types/_seek_set.h
/Applications/Xcode.app/Contents/Developer/Platforms/MacOSX.platform/Developer/SDKs/MacOSX26.1.sdk/usr/include/_ctermid.h
/Applications/Xcode.app/Contents/Developer/Platforms/MacOSX.platform/Developer/SDKs/MacOSX26.1.sdk/usr/include/secure/_stdio.h
/Applications/Xcode.app/Contents/Developer/Platforms/MacOSX.platform/Developer/SDKs/MacOSX26.1.sdk/usr/include/xlocale/_stdio.h
/Applications/Xcode.app/Contents/Developer/Platforms/MacOSX.platform/Developer/SDKs/MacOSX26.1.sdk/usr/include/_string.h
/Applications/Xcode.app/Contents/Developer/Platforms/MacOSX.platform/Developer/SDKs/MacOSX26.1.sdk/usr/include/secure/_string.h
/Applications/Xcode.app/Contents/Developer/Platforms/MacOSX.platform/Developer/SDKs/MacOSX26.1.sdk/usr/include/xlocale/_string.h
/Applications/Xcode.app/Contents/Developer/Platforms/MacOSX.platform/Developer/SDKs/MacOSX26.1.sdk/usr/include/tgmath.h
/Applications/Xcode.app/Contents/Developer/Platforms/MacOSX.platform/Developer/SDKs/MacOSX26.1.sdk/usr/include/_time.h
/Applications/Xcode.app/Contents/Developer/Platforms/MacOSX.platform/Developer/SDKs/MacOSX26.1.sdk/usr/include/sys/_types/_timespec.h
/Applications/Xcode.app/Contents/Developer/Platforms/MacOSX.platform/Developer/SDKs/MacOSX26.1.sdk/usr/include/xlocale/_time.h
/Applications/Xcode.app/Contents/Developer/Platforms/MacOSX.platform/Developer/SDKs/MacOSX26.1.sdk/SDKSettings.json
/Applications/Xcode.app/Contents/Developer/Toolchains/XcodeDefault.xctoolchain/usr/lib/swift/macosx/prebuilt-modules/26.1/_DarwinFoundation2.swiftmodule/arm64e-apple-macos.swiftmodule
/Applications/Xcode.app/Contents/Developer/Toolchains/XcodeDefault.xctoolchain/usr/lib/swift/macosx/prebuilt-modules/26.1/_DarwinFoundation3.swiftmodule/arm64e-apple-macos.swiftmodule
/Applications/Xcode.app/Contents/Developer/Platforms/MacOSX.platform/Developer/SDKs/MacOSX26.1.sdk/usr/include/DarwinFoundation2.modulemap
/Applications/Xcode.app/Contents/Developer/Platforms/MacOSX.platform/Developer/SDKs/MacOSX26.1.sdk/usr/include/DarwinFoundation3.modulemap
/Applications/Xcode.app/Contents/Developer/Platforms/MacOSX.platform/Developer/SDKs/MacOSX26.1.sdk/usr/include/DarwinFoundation1.modulemap
/Applications/Xcode.app/Contents/Developer/Platforms/MacOSX.platform/Developer/SDKs/MacOSX26.1.sdk/usr/include/pthread/pthread.h
/Applications/Xcode.app/Contents/Developer/Platforms/MacOSX.platform/Developer/SDKs/MacOSX26.1.sdk/usr/include/pthread/sched.h
/Applications/Xcode.app/Contents/Developer/Platforms/MacOSX.platform/Developer/SDKs/MacOSX26.1.sdk/usr/include/pthread/pthread_impl.h
/Applications/Xcode.app/Contents/Developer/Platforms/MacOSX.platform/Developer/SDKs/MacOSX26.1.sdk/usr/include/time.h
/Applications/Xcode.app/Contents/Developer/Platforms/MacOSX.platform/Developer/SDKs/MacOSX26.1.sdk/usr/include/pthread/qos.h
/Applications/Xcode.app/Contents/Developer/Platforms/MacOSX.platform/Developer/SDKs/MacOSX26.1.sdk/usr/include/sys/_types/_sigset_t.h
/Applications/Xcode.app/Contents/Developer/Platforms/MacOSX.platform/Developer/SDKs/MacOSX26.1.sdk/usr/include/sys/resource.h
/Applications/Xcode.app/Contents/Developer/Toolchains/XcodeDefault.xctoolchain/usr/lib/swift/clang/include/module.modulemap
/Applications/Xcode.app/Contents/Developer/Platforms/MacOSX.platform/Developer/SDKs/MacOSX26.1.sdk/usr/include/sys/select.h
/Applications/Xcode.app/Contents/Developer/Platforms/MacOSX.platform/Developer/SDKs/MacOSX26.1.sdk/usr/include/sys/_select.h
/Applications/Xcode.app/Contents/Developer/Platforms/MacOSX.platform/Developer/SDKs/MacOSX26.1.sdk/usr/include/sys/wait.h
/Applications/Xcode.app/Contents/Developer/Platforms/MacOSX.platform/Developer/SDKs/MacOSX26.1.sdk/usr/include/sys/signal.h
/Applications/Xcode.app/Contents/Developer/Platforms/MacOSX.platform/Developer/SDKs/MacOSX26.1.sdk/usr/include/machine/signal.h
/Applications/Xcode.app/Contents/Developer/Platforms/MacOSX.platform/Developer/SDKs/MacOSX26.1.sdk/usr/include/arm/signal.h
/Applications/Xcode.app/Contents/Developer/Platforms/MacOSX.platform/Developer/SDKs/MacOSX26.1.sdk/usr/include/machine/_mcontext.h
/Applications/Xcode.app/Contents/Developer/Platforms/MacOSX.platform/Developer/SDKs/MacOSX26.1.sdk/usr/include/arm/_mcontext.h
/Applications/Xcode.app/Contents/Developer/Platforms/MacOSX.platform/Developer/SDKs/MacOSX26.1.sdk/usr/include/mach/machine/_structs.h
/Applications/Xcode.app/Contents/Developer/Platforms/MacOSX.platform/Developer/SDKs/MacOSX26.1.sdk/usr/include/mach/arm/_structs.h
/Applications/Xcode.app/Contents/Developer/Platforms/MacOSX.platform/Developer/SDKs/MacOSX26.1.sdk/usr/include/sys/_types/_sigaltstack.h
/Applications/Xcode.app/Contents/Developer/Platforms/MacOSX.platform/Developer/SDKs/MacOSX26.1.sdk/usr/include/sys/_types/_ucontext.h
/Applications/Xcode.app/Contents/Developer/Platforms/MacOSX.platform/Developer/SDKs/MacOSX26.1.sdk/usr/include/unistd.h
/Applications/Xcode.app/Contents/Developer/Platforms/MacOSX.platform/Developer/SDKs/MacOSX26.1.sdk/usr/include/sys/unistd.h
/Applications/Xcode.app/Contents/Developer/Platforms/MacOSX.platform/Developer/SDKs/MacOSX26.1.sdk/usr/include/sys/_types/_posix_vdisable.h
/Applications/Xcode.app/Contents/Developer/Platforms/MacOSX.platform/Developer/SDKs/MacOSX26.1.sdk/usr/include/gethostuuid.h
/Applications/Xcode.app/Contents/Developer/Platforms/MacOSX.platform/Developer/SDKs/MacOSX26.1.sdk/usr/include/mach/i386/_structs.h
/Applications/Xcode.app/Contents/Developer/Platforms/MacOSX.platform/Developer/SDKs/MacOSX26.1.sdk/usr/include/_inttypes.h
/Applications/Xcode.app/Contents/Developer/Platforms/MacOSX.platform/Developer/SDKs/MacOSX26.1.sdk/usr/include/xlocale/_inttypes.h
/Applications/Xcode.app/Contents/Developer/Toolchains/XcodeDefault.xctoolchain/usr/lib/swift/clang/include/stddef.h
/Applications/Xcode.app/Contents/Developer/Platforms/MacOSX.platform/Developer/SDKs/MacOSX26.1.sdk/usr/include/signal.h
/Applications/Xcode.app/Contents/Developer/Platforms/MacOSX.platform/Developer/SDKs/MacOSX26.1.sdk/usr/include/i386/signal.h
/Applications/Xcode.app/Contents/Developer/Platforms/MacOSX.platform/Developer/SDKs/MacOSX26.1.sdk/usr/include/i386/_mcontext.h
/Applications/Xcode.app/Contents/Developer/Platforms/MacOSX.platform/Developer/SDKs/MacOSX26.1.sdk/usr/include/_stdlib.h
/Applications/Xcode.app/Contents/Developer/Platforms/MacOSX.platform/Developer/SDKs/MacOSX26.1.sdk/usr/include/malloc/_malloc.h
/Applications/Xcode.app/Contents/Developer/Platforms/MacOSX.platform/Developer/SDKs/MacOSX26.1.sdk/usr/include/malloc/_malloc_type.h
/Applications/Xcode.app/Contents/Developer/Platforms/MacOSX.platform/Developer/SDKs/MacOSX26.1.sdk/usr/include/malloc/_ptrcheck.h
/Applications/Xcode.app/Contents/Developer/Platforms/MacOSX.platform/Developer/SDKs/MacOSX26.1.sdk/usr/include/_abort.h
/Applications/Xcode.app/Contents/Developer/Platforms/MacOSX.platform/Developer/SDKs/MacOSX26.1.sdk/usr/include/xlocale/_stdlib.h
/Applications/Xcode.app/Contents/Developer/Platforms/MacOSX.platform/Developer/SDKs/MacOSX26.1.sdk/usr/include/_wchar.h
/Applications/Xcode.app/Contents/Developer/Platforms/MacOSX.platform/Developer/SDKs/MacOSX26.1.sdk/usr/include/sys/_types/_mbstate_t.h
/Applications/Xcode.app/Contents/Developer/Toolchains/XcodeDefault.xctoolchain/usr/lib/swift/clang/include/stdarg.h
/Applications/Xcode.app/Contents/Developer/Platforms/MacOSX.platform/Developer/SDKs/MacOSX26.1.sdk/usr/include/stdio.h
/Applications/Xcode.app/Contents/Developer/Platforms/MacOSX.platform/Developer/SDKs/MacOSX26.1.sdk/usr/include/__wctype.h
/Applications/Xcode.app/Contents/Developer/Platforms/MacOSX.platform/Developer/SDKs/MacOSX26.1.sdk/usr/include/___wctype.h
/Applications/Xcode.app/Contents/Developer/Platforms/MacOSX.platform/Developer/SDKs/MacOSX26.1.sdk/usr/include/_types/_wctype_t.h
/Applications/Xcode.app/Contents/Developer/Platforms/MacOSX.platform/Developer/SDKs/MacOSX26.1.sdk/usr/include/ctype.h
/Applications/Xcode.app/Contents/Developer/Platforms/MacOSX.platform/Developer/SDKs/MacOSX26.1.sdk/usr/include/xlocale/_wchar.h
/Applications/Xcode.app/Contents/Developer/Platforms/MacOSX.platform/Developer/SDKs/MacOSX26.1.sdk/usr/include/_wctype.h
/Applications/Xcode.app/Contents/Developer/Platforms/MacOSX.platform/Developer/SDKs/MacOSX26.1.sdk/usr/include/_types/_wctrans_t.h
/Applications/Xcode.app/Contents/Developer/Platforms/MacOSX.platform/Developer/SDKs/MacOSX26.1.sdk/usr/include/xlocale/_wctype.h
/Applications/Xcode.app/Contents/Developer/Platforms/MacOSX.platform/Developer/SDKs/MacOSX26.1.sdk/usr/include/xlocale/___wctype.h
/Applications/Xcode.app/Contents/Developer/Platforms/MacOSX.platform/Developer/SDKs/MacOSX26.1.sdk/SDKSettings.json
/Applications/Xcode.app/Contents/Developer/Toolchains/XcodeDefault.xctoolchain/usr/lib/swift/macosx/prebuilt-modules/26.1/_StringProcessing.swiftmodule/arm64e-apple-macos.swiftmodule
/Applications/Xcode.app/Contents/Developer/Platforms/MacOSX.platform/Developer/SDKs/MacOSX26.1.sdk/usr/lib/swift/shims/module.modulemap
/Applications/Xcode.app/Contents/Developer/Platforms/MacOSX.platform/Developer/SDKs/MacOSX26.1.sdk/usr/lib/swift/shims/_SwiftConcurrency.h
/Applications/Xcode.app/Contents/Developer/Platforms/MacOSX.platform/Developer/SDKs/MacOSX26.1.sdk/SDKSettings.json
/Applications/Xcode.app/Contents/Developer/Platforms/MacOSX.platform/Developer/SDKs/MacOSX26.1.sdk/usr/include/launch.modulemap
/Applications/Xcode.app/Contents/Developer/Platforms/MacOSX.platform/Developer/SDKs/MacOSX26.1.sdk/usr/include/Darwin.modulemap
/Applications/Xcode.app/Contents/Developer/Platforms/MacOSX.platform/Developer/SDKs/MacOSX26.1.sdk/usr/include/Darwin_C.modulemap
/Applications/Xcode.app/Contents/Developer/Platforms/MacOSX.platform/Developer/SDKs/MacOSX26.1.sdk/usr/include/Darwin_POSIX.modulemap
/Applications/Xcode.app/Contents/Developer/Platforms/MacOSX.platform/Developer/SDKs/MacOSX26.1.sdk/usr/include/net.modulemap
/Applications/Xcode.app/Contents/Developer/Platforms/MacOSX.platform/Developer/SDKs/MacOSX26.1.sdk/usr/include/netinet.modulemap
/Applications/Xcode.app/Contents/Developer/Platforms/MacOSX.platform/Developer/SDKs/MacOSX26.1.sdk/usr/include/bank.modulemap
/Applications/Xcode.app/Contents/Developer/Platforms/MacOSX.platform/Developer/SDKs/MacOSX26.1.sdk/usr/include/Darwin_Mach.modulemap
/Applications/Xcode.app/Contents/Developer/Platforms/MacOSX.platform/Developer/SDKs/MacOSX26.1.sdk/usr/include/Darwin_Mach_machine.modulemap
/Applications/Xcode.app/Contents/Developer/Platforms/MacOSX.platform/Developer/SDKs/MacOSX26.1.sdk/usr/include/mach_debug.modulemap
/Applications/Xcode.app/Contents/Developer/Platforms/MacOSX.platform/Developer/SDKs/MacOSX26.1.sdk/usr/include/device.modulemap
/Applications/Xcode.app/Contents/Developer/Platforms/MacOSX.platform/Developer/SDKs/MacOSX26.1.sdk/usr/include/Darwin_machine.modulemap
/Applications/Xcode.app/Contents/Developer/Platforms/MacOSX.platform/Developer/SDKs/MacOSX26.1.sdk/usr/include/ncurses.modulemap
/Applications/Xcode.app/Contents/Developer/Platforms/MacOSX.platform/Developer/SDKs/MacOSX26.1.sdk/usr/include/netinet6.modulemap
/Applications/Xcode.app/Contents/Developer/Platforms/MacOSX.platform/Developer/SDKs/MacOSX26.1.sdk/usr/include/Darwin_sys.modulemap
/Applications/Xcode.app/Contents/Developer/Platforms/MacOSX.platform/Developer/SDKs/MacOSX26.1.sdk/usr/include/uuid.modulemap
/Applications/Xcode.app/Contents/Developer/Platforms/MacOSX.platform/Developer/SDKs/MacOSX26.1.sdk/usr/include/DarwinFoundation1.modulemap
/Applications/Xcode.app/Contents/Developer/Platforms/MacOSX.platform/Developer/SDKs/MacOSX26.1.sdk/usr/include/launch.h
/Applications/Xcode.app/Contents/Developer/Toolchains/XcodeDefault.xctoolchain/usr/lib/swift/clang/include/module.modulemap
/Applications/Xcode.app/Contents/Developer/Toolchains/XcodeDefault.xctoolchain/usr/lib/swift/clang/include/stddef.h
/Applications/Xcode.app/Contents/Developer/Platforms/MacOSX.platform/Developer/SDKs/MacOSX26.1.sdk/SDKSettings.json
/Applications/Xcode.app/Contents/Developer/Platforms/MacOSX.platform/Developer/SDKs/MacOSX26.1.sdk/usr/include/libDER/module.modulemap
/Applications/Xcode.app/Contents/Developer/Platforms/MacOSX.platform/Developer/SDKs/MacOSX26.1.sdk/usr/include/libDER/DERItem.h
/Applications/Xcode.app/Contents/Developer/Platforms/MacOSX.platform/Developer/SDKs/MacOSX26.1.sdk/usr/include/libDER/libDER_config.h
/Applications/Xcode.app/Contents/Developer/Toolchains/XcodeDefault.xctoolchain/usr/lib/swift/clang/include/module.modulemap
/Applications/Xcode.app/Contents/Developer/Toolchains/XcodeDefault.xctoolchain/usr/lib/swift/clang/include/stddef.h
/Applications/Xcode.app/Contents/Developer/Platforms/MacOSX.platform/Developer/SDKs/MacOSX26.1.sdk/usr/include/DarwinFoundation2.modulemap
/Applications/Xcode.app/Contents/Developer/Platforms/MacOSX.platform/Developer/SDKs/MacOSX26.1.sdk/usr/include/DarwinFoundation1.modulemap
/Applications/Xcode.app/Contents/Developer/Platforms/MacOSX.platform/Developer/SDKs/MacOSX26.1.sdk/usr/include/string.h
/Applications/Xcode.app/Contents/Developer/Platforms/MacOSX.platform/Developer/SDKs/MacOSX26.1.sdk/SDKSettings.json
/Applications/Xcode.app/Contents/Developer/Platforms/MacOSX.platform/Developer/SDKs/MacOSX26.1.sdk/usr/include/libkern.modulemap
/Applications/Xcode.app/Contents/Developer/Platforms/MacOSX.platform/Developer/SDKs/MacOSX26.1.sdk/usr/include/Darwin.modulemap
/Applications/Xcode.app/Contents/Developer/Platforms/MacOSX.platform/Developer/SDKs/MacOSX26.1.sdk/usr/include/Darwin_C.modulemap
/Applications/Xcode.app/Contents/Developer/Platforms/MacOSX.platform/Developer/SDKs/MacOSX26.1.sdk/usr/include/Darwin_POSIX.modulemap
/Applications/Xcode.app/Contents/Developer/Platforms/MacOSX.platform/Developer/SDKs/MacOSX26.1.sdk/usr/include/net.modulemap
/Applications/Xcode.app/Contents/Developer/Platforms/MacOSX.platform/Developer/SDKs/MacOSX26.1.sdk/usr/include/netinet.modulemap
/Applications/Xcode.app/Contents/Developer/Platforms/MacOSX.platform/Developer/SDKs/MacOSX26.1.sdk/usr/include/bank.modulemap
/Applications/Xcode.app/Contents/Developer/Platforms/MacOSX.platform/Developer/SDKs/MacOSX26.1.sdk/usr/include/Darwin_Mach.modulemap
/Applications/Xcode.app/Contents/Developer/Platforms/MacOSX.platform/Developer/SDKs/MacOSX26.1.sdk/usr/include/Darwin_Mach_machine.modulemap
/Applications/Xcode.app/Contents/Developer/Platforms/MacOSX.platform/Developer/SDKs/MacOSX26.1.sdk/usr/include/mach_debug.modulemap
/Applications/Xcode.app/Contents/Developer/Platforms/MacOSX.platform/Developer/SDKs/MacOSX26.1.sdk/usr/include/device.modulemap
/Applications/Xcode.app/Contents/Developer/Platforms/MacOSX.platform/Developer/SDKs/MacOSX26.1.sdk/usr/include/Darwin_machine.modulemap
/Applications/Xcode.app/Contents/Developer/Platforms/MacOSX.platform/Developer/SDKs/MacOSX26.1.sdk/usr/include/ncurses.modulemap
/Applications/Xcode.app/Contents/Developer/Platforms/MacOSX.platform/Developer/SDKs/MacOSX26.1.sdk/usr/include/netinet6.modulemap
/Applications/Xcode.app/Contents/Developer/Platforms/MacOSX.platform/Developer/SDKs/MacOSX26.1.sdk/usr/include/Darwin_sys.modulemap
/Applications/Xcode.app/Contents/Developer/Platforms/MacOSX.platform/Developer/SDKs/MacOSX26.1.sdk/usr/include/uuid.modulemap
/Applications/Xcode.app/Contents/Developer/Platforms/MacOSX.platform/Developer/SDKs/MacOSX26.1.sdk/usr/include/DarwinFoundation1.modulemap
/Applications/Xcode.app/Contents/Developer/Platforms/MacOSX.platform/Developer/SDKs/MacOSX26.1.sdk/usr/include/libkern/OSCacheControl.h
/Applications/Xcode.app/Contents/Developer/Toolchains/XcodeDefault.xctoolchain/usr/lib/swift/clang/include/module.modulemap
/Applications/Xcode.app/Contents/Developer/Toolchains/XcodeDefault.xctoolchain/usr/lib/swift/clang/include/stddef.h
/Applications/Xcode.app/Contents/Developer/Platforms/MacOSX.platform/Developer/SDKs/MacOSX26.1.sdk/usr/include/libkern/OSDebug.h
/Applications/Xcode.app/Contents/Developer/Platforms/MacOSX.platform/Developer/SDKs/MacOSX26.1.sdk/usr/include/libkern/OSReturn.h
/Applications/Xcode.app/Contents/Developer/Platforms/MacOSX.platform/Developer/SDKs/MacOSX26.1.sdk/usr/include/libkern/OSThermalNotification.h
/Applications/Xcode.app/Contents/Developer/Platforms/MacOSX.platform/Developer/SDKs/MacOSX26.1.sdk/usr/include/libkern/OSTypes.h
/Applications/Xcode.app/Contents/Developer/Platforms/MacOSX.platform/Developer/SDKs/MacOSX26.1.sdk/usr/include/libkern/OSKextLib.h
/Applications/Xcode.app/Contents/Developer/Platforms/MacOSX.platform/Developer/SDKs/MacOSX26.1.sdk/SDKSettings.json
/Applications/Xcode.app/Contents/Developer/Platforms/MacOSX.platform/Developer/SDKs/MacOSX26.1.sdk/usr/include/os.modulemap
/Applications/Xcode.app/Contents/Developer/Platforms/MacOSX.platform/Developer/SDKs/MacOSX26.1.sdk/usr/include/ObjectiveC.modulemap
/Applications/Xcode.app/Contents/Developer/Platforms/MacOSX.platform/Developer/SDKs/MacOSX26.1.sdk/usr/include/Darwin.modulemap
/Applications/Xcode.app/Contents/Developer/Platforms/MacOSX.platform/Developer/SDKs/MacOSX26.1.sdk/usr/include/Darwin_C.modulemap
/Applications/Xcode.app/Contents/Developer/Platforms/MacOSX.platform/Developer/SDKs/MacOSX26.1.sdk/usr/include/Darwin_POSIX.modulemap
/Applications/Xcode.app/Contents/Developer/Platforms/MacOSX.platform/Developer/SDKs/MacOSX26.1.sdk/usr/include/net.modulemap
/Applications/Xcode.app/Contents/Developer/Platforms/MacOSX.platform/Developer/SDKs/MacOSX26.1.sdk/usr/include/netinet.modulemap
/Applications/Xcode.app/Contents/Developer/Platforms/MacOSX.platform/Developer/SDKs/MacOSX26.1.sdk/usr/include/bank.modulemap
/Applications/Xcode.app/Contents/Developer/Platforms/MacOSX.platform/Developer/SDKs/MacOSX26.1.sdk/usr/include/Darwin_Mach.modulemap
/Applications/Xcode.app/Contents/Developer/Platforms/MacOSX.platform/Developer/SDKs/MacOSX26.1.sdk/usr/include/Darwin_Mach_machine.modulemap
/Applications/Xcode.app/Contents/Developer/Platforms/MacOSX.platform/Developer/SDKs/MacOSX26.1.sdk/usr/include/mach_debug.modulemap
/Applications/Xcode.app/Contents/Developer/Platforms/MacOSX.platform/Developer/SDKs/MacOSX26.1.sdk/usr/include/device.modulemap
/Applications/Xcode.app/Contents/Developer/Platforms/MacOSX.platform/Developer/SDKs/MacOSX26.1.sdk/usr/include/Darwin_machine.modulemap
/Applications/Xcode.app/Contents/Developer/Platforms/MacOSX.platform/Developer/SDKs/MacOSX26.1.sdk/usr/include/ncurses.modulemap
/Applications/Xcode.app/Contents/Developer/Platforms/MacOSX.platform/Developer/SDKs/MacOSX26.1.sdk/usr/include/netinet6.modulemap
/Applications/Xcode.app/Contents/Developer/Platforms/MacOSX.platform/Developer/SDKs/MacOSX26.1.sdk/usr/include/Darwin_sys.modulemap
/Applications/Xcode.app/Contents/Developer/Platforms/MacOSX.platform/Developer/SDKs/MacOSX26.1.sdk/usr/include/uuid.modulemap
/Applications/Xcode.app/Contents/Developer/Platforms/MacOSX.platform/Developer/SDKs/MacOSX26.1.sdk/usr/include/DarwinFoundation1.modulemap
/Applications/Xcode.app/Contents/Developer/Platforms/MacOSX.platform/Developer/SDKs/MacOSX26.1.sdk/usr/include/os/object.h
/Applications/Xcode.app/Contents/Developer/Platforms/MacOSX.platform/Developer/SDKs/MacOSX26.1.sdk/SDKSettings.json
/Applications/Xcode.app/Contents/Developer/Platforms/MacOSX.platform/Developer/SDKs/MacOSX26.1.sdk/usr/include/os.modulemap
/Applications/Xcode.app/Contents/Developer/Platforms/MacOSX.platform/Developer/SDKs/MacOSX26.1.sdk/usr/include/Darwin.modulemap
/Applications/Xcode.app/Contents/Developer/Platforms/MacOSX.platform/Developer/SDKs/MacOSX26.1.sdk/usr/include/Darwin_C.modulemap
/Applications/Xcode.app/Contents/Developer/Platforms/MacOSX.platform/Developer/SDKs/MacOSX26.1.sdk/usr/include/Darwin_POSIX.modulemap
/Applications/Xcode.app/Contents/Developer/Platforms/MacOSX.platform/Developer/SDKs/MacOSX26.1.sdk/usr/include/net.modulemap
/Applications/Xcode.app/Contents/Developer/Platforms/MacOSX.platform/Developer/SDKs/MacOSX26.1.sdk/usr/include/netinet.modulemap
/Applications/Xcode.app/Contents/Developer/Platforms/MacOSX.platform/Developer/SDKs/MacOSX26.1.sdk/usr/include/bank.modulemap
/Applications/Xcode.app/Contents/Developer/Platforms/MacOSX.platform/Developer/SDKs/MacOSX26.1.sdk/usr/include/Darwin_Mach.modulemap
/Applications/Xcode.app/Contents/Developer/Platforms/MacOSX.platform/Developer/SDKs/MacOSX26.1.sdk/usr/include/Darwin_Mach_machine.modulemap
/Applications/Xcode.app/Contents/Developer/Platforms/MacOSX.platform/Developer/SDKs/MacOSX26.1.sdk/usr/include/mach_debug.modulemap
/Applications/Xcode.app/Contents/Developer/Platforms/MacOSX.platform/Developer/SDKs/MacOSX26.1.sdk/usr/include/device.modulemap
/Applications/Xcode.app/Contents/Developer/Platforms/MacOSX.platform/Developer/SDKs/MacOSX26.1.sdk/usr/include/Darwin_machine.modulemap
/Applications/Xcode.app/Contents/Developer/Platforms/MacOSX.platform/Developer/SDKs/MacOSX26.1.sdk/usr/include/ncurses.modulemap
/Applications/Xcode.app/Contents/Developer/Platforms/MacOSX.platform/Developer/SDKs/MacOSX26.1.sdk/usr/include/netinet6.modulemap
/Applications/Xcode.app/Contents/Developer/Platforms/MacOSX.platform/Developer/SDKs/MacOSX26.1.sdk/usr/include/Darwin_sys.modulemap
/Applications/Xcode.app/Contents/Developer/Platforms/MacOSX.platform/Developer/SDKs/MacOSX26.1.sdk/usr/include/uuid.modulemap
/Applications/Xcode.app/Contents/Developer/Platforms/MacOSX.platform/Developer/SDKs/MacOSX26.1.sdk/usr/include/DarwinFoundation2.modulemap
/Applications/Xcode.app/Contents/Developer/Platforms/MacOSX.platform/Developer/SDKs/MacOSX26.1.sdk/usr/include/DarwinFoundation3.modulemap
/Applications/Xcode.app/Contents/Developer/Platforms/MacOSX.platform/Developer/SDKs/MacOSX26.1.sdk/usr/include/DarwinFoundation1.modulemap
/Applications/Xcode.app/Contents/Developer/Platforms/MacOSX.platform/Developer/SDKs/MacOSX26.1.sdk/usr/include/os/workgroup.h
/Applications/Xcode.app/Contents/Developer/Platforms/MacOSX.platform/Developer/SDKs/MacOSX26.1.sdk/usr/include/os/workgroup_base.h
/Applications/Xcode.app/Contents/Developer/Toolchains/XcodeDefault.xctoolchain/usr/lib/swift/clang/include/module.modulemap
/Applications/Xcode.app/Contents/Developer/Toolchains/XcodeDefault.xctoolchain/usr/lib/swift/clang/include/stddef.h
/Applications/Xcode.app/Contents/Developer/Platforms/MacOSX.platform/Developer/SDKs/MacOSX26.1.sdk/usr/include/string.h
/Applications/Xcode.app/Contents/Developer/Platforms/MacOSX.platform/Developer/SDKs/MacOSX26.1.sdk/usr/include/stdlib.h
/Applications/Xcode.app/Contents/Developer/Platforms/MacOSX.platform/Developer/SDKs/MacOSX26.1.sdk/usr/include/os/workgroup_object.h
/Applications/Xcode.app/Contents/Developer/Platforms/MacOSX.platform/Developer/SDKs/MacOSX26.1.sdk/usr/include/os/workgroup_interval.h
/Applications/Xcode.app/Contents/Developer/Platforms/MacOSX.platform/Developer/SDKs/MacOSX26.1.sdk/usr/include/os/workgroup_parallel.h
/Applications/Xcode.app/Contents/Developer/Platforms/MacOSX.platform/Developer/SDKs/MacOSX26.1.sdk/SDKSettings.json
/Applications/Xcode.app/Contents/Developer/Toolchains/XcodeDefault.xctoolchain/usr/lib/swift/clang/include/module.modulemap
/Applications/Xcode.app/Contents/Developer/Toolchains/XcodeDefault.xctoolchain/usr/lib/swift/clang/include/ptrauth.h
/Applications/Xcode.app/Contents/Developer/Platforms/MacOSX.platform/Developer/SDKs/MacOSX26.1.sdk/SDKSettings.json
/Applications/Xcode.app/Contents/Developer/Toolchains/XcodeDefault.xctoolchain/usr/lib/swift/clang/include/module.modulemap
/Applications/Xcode.app/Contents/Developer/Toolchains/XcodeDefault.xctoolchain/usr/lib/swift/clang/include/ptrcheck.h
/Applications/Xcode.app/Contents/Developer/Platforms/MacOSX.platform/Developer/SDKs/MacOSX26.1.sdk/SDKSettings.json
/Applications/Xcode.app/Contents/Developer/Platforms/MacOSX.platform/Developer/SDKs/MacOSX26.1.sdk/usr/include/DarwinFoundation2.modulemap
/Applications/Xcode.app/Contents/Developer/Platforms/MacOSX.platform/Developer/SDKs/MacOSX26.1.sdk/usr/include/_modules/_sys_types.h
/Applications/Xcode.app/Contents/Developer/Platforms/MacOSX.platform/Developer/SDKs/MacOSX26.1.sdk/SDKSettings.json

SwiftDriverJobDiscovery normal arm64 Compiling resource_bundle_accessor.swift, AM2CHTML.swift, AM2MML.swift (in target 'MathJaxSwift' from project 'MathJaxSwift')

SwiftCompile normal arm64 Compiling\ RuntimeWarningReporter.swift /Users/rogerlin/Library/Developer/Xcode/DerivedData/FinancialCalculatorKit-ackorybalcxbfocbkqsfdzcfkgmn/SourcePackages/checkouts/xctest-dynamic-overlay/Sources/IssueReporting/IssueReporters/RuntimeWarningReporter.swift (in target 'IssueReporting' from project 'xctest-dynamic-overlay')
/Applications/Xcode.app/Contents/Developer/Toolchains/XcodeDefault.xctoolchain/usr/bin/swift-frontend -frontend -c /Users/rogerlin/Library/Developer/Xcode/DerivedData/FinancialCalculatorKit-ackorybalcxbfocbkqsfdzcfkgmn/SourcePackages/checkouts/xctest-dynamic-overlay/Sources/IssueReporting/ErrorReporting.swift /Users/rogerlin/Library/Developer/Xcode/DerivedData/FinancialCalculatorKit-ackorybalcxbfocbkqsfdzcfkgmn/SourcePackages/checkouts/xctest-dynamic-overlay/Sources/IssueReporting/Internal/AppHostWarning.swift /Users/rogerlin/Library/Developer/Xcode/DerivedData/FinancialCalculatorKit-ackorybalcxbfocbkqsfdzcfkgmn/SourcePackages/checkouts/xctest-dynamic-overlay/Sources/IssueReporting/Internal/Deprecations.swift /Users/rogerlin/Library/Developer/Xcode/DerivedData/FinancialCalculatorKit-ackorybalcxbfocbkqsfdzcfkgmn/SourcePackages/checkouts/xctest-dynamic-overlay/Sources/IssueReporting/Internal/FailureObserver.swift /Users/rogerlin/Library/Developer/Xcode/DerivedData/FinancialCalculatorKit-ackorybalcxbfocbkqsfdzcfkgmn/SourcePackages/checkouts/xctest-dynamic-overlay/Sources/IssueReporting/Internal/LockIsolated.swift /Users/rogerlin/Library/Developer/Xcode/DerivedData/FinancialCalculatorKit-ackorybalcxbfocbkqsfdzcfkgmn/SourcePackages/checkouts/xctest-dynamic-overlay/Sources/IssueReporting/Internal/Rethrows.swift /Users/rogerlin/Library/Developer/Xcode/DerivedData/FinancialCalculatorKit-ackorybalcxbfocbkqsfdzcfkgmn/SourcePackages/checkouts/xctest-dynamic-overlay/Sources/IssueReporting/Internal/SwiftTesting.swift /Users/rogerlin/Library/Developer/Xcode/DerivedData/FinancialCalculatorKit-ackorybalcxbfocbkqsfdzcfkgmn/SourcePackages/checkouts/xctest-dynamic-overlay/Sources/IssueReporting/Internal/UncheckedSendable.swift /Users/rogerlin/Library/Developer/Xcode/DerivedData/FinancialCalculatorKit-ackorybalcxbfocbkqsfdzcfkgmn/SourcePackages/checkouts/xctest-dynamic-overlay/Sources/IssueReporting/Internal/Warn.swift /Users/rogerlin/Library/Developer/Xcode/DerivedData/FinancialCalculatorKit-ackorybalcxbfocbkqsfdzcfkgmn/SourcePackages/checkouts/xctest-dynamic-overlay/Sources/IssueReporting/Internal/XCTest.swift /Users/rogerlin/Library/Developer/Xcode/DerivedData/FinancialCalculatorKit-ackorybalcxbfocbkqsfdzcfkgmn/SourcePackages/checkouts/xctest-dynamic-overlay/Sources/IssueReporting/IsTesting.swift /Users/rogerlin/Library/Developer/Xcode/DerivedData/FinancialCalculatorKit-ackorybalcxbfocbkqsfdzcfkgmn/SourcePackages/checkouts/xctest-dynamic-overlay/Sources/IssueReporting/IssueReporter.swift /Users/rogerlin/Library/Developer/Xcode/DerivedData/FinancialCalculatorKit-ackorybalcxbfocbkqsfdzcfkgmn/SourcePackages/checkouts/xctest-dynamic-overlay/Sources/IssueReporting/IssueReporters/BreakpointReporter.swift /Users/rogerlin/Library/Developer/Xcode/DerivedData/FinancialCalculatorKit-ackorybalcxbfocbkqsfdzcfkgmn/SourcePackages/checkouts/xctest-dynamic-overlay/Sources/IssueReporting/IssueReporters/FatalErrorReporter.swift -primary-file /Users/rogerlin/Library/Developer/Xcode/DerivedData/FinancialCalculatorKit-ackorybalcxbfocbkqsfdzcfkgmn/SourcePackages/checkouts/xctest-dynamic-overlay/Sources/IssueReporting/IssueReporters/RuntimeWarningReporter.swift /Users/rogerlin/Library/Developer/Xcode/DerivedData/FinancialCalculatorKit-ackorybalcxbfocbkqsfdzcfkgmn/SourcePackages/checkouts/xctest-dynamic-overlay/Sources/IssueReporting/ReportIssue.swift /Users/rogerlin/Library/Developer/Xcode/DerivedData/FinancialCalculatorKit-ackorybalcxbfocbkqsfdzcfkgmn/SourcePackages/checkouts/xctest-dynamic-overlay/Sources/IssueReporting/TestContext.swift /Users/rogerlin/Library/Developer/Xcode/DerivedData/FinancialCalculatorKit-ackorybalcxbfocbkqsfdzcfkgmn/SourcePackages/checkouts/xctest-dynamic-overlay/Sources/IssueReporting/Unimplemented.swift /Users/rogerlin/Library/Developer/Xcode/DerivedData/FinancialCalculatorKit-ackorybalcxbfocbkqsfdzcfkgmn/SourcePackages/checkouts/xctest-dynamic-overlay/Sources/IssueReporting/WithExpectedIssue.swift /Users/rogerlin/Library/Developer/Xcode/DerivedData/FinancialCalculatorKit-ackorybalcxbfocbkqsfdzcfkgmn/SourcePackages/checkouts/xctest-dynamic-overlay/Sources/IssueReporting/WithIssueContext.swift -emit-dependencies-path /Users/rogerlin/Library/Developer/Xcode/DerivedData/FinancialCalculatorKit-ackorybalcxbfocbkqsfdzcfkgmn/Build/Intermediates.noindex/xctest-dynamic-overlay.build/Debug/IssueReporting.build/Objects-normal/arm64/RuntimeWarningReporter.d -emit-const-values-path /Users/rogerlin/Library/Developer/Xcode/DerivedData/FinancialCalculatorKit-ackorybalcxbfocbkqsfdzcfkgmn/Build/Intermediates.noindex/xctest-dynamic-overlay.build/Debug/IssueReporting.build/Objects-normal/arm64/RuntimeWarningReporter.swiftconstvalues -emit-reference-dependencies-path /Users/rogerlin/Library/Developer/Xcode/DerivedData/FinancialCalculatorKit-ackorybalcxbfocbkqsfdzcfkgmn/Build/Intermediates.noindex/xctest-dynamic-overlay.build/Debug/IssueReporting.build/Objects-normal/arm64/RuntimeWarningReporter.swiftdeps -serialize-diagnostics-path /Users/rogerlin/Library/Developer/Xcode/DerivedData/FinancialCalculatorKit-ackorybalcxbfocbkqsfdzcfkgmn/Build/Intermediates.noindex/xctest-dynamic-overlay.build/Debug/IssueReporting.build/Objects-normal/arm64/RuntimeWarningReporter.dia -target arm64-apple-macos10.15 -module-can-import-version Darwin 347.40.2 0 -module-can-import-version os 1076.40.2 0 -load-resolved-plugin /Applications/Xcode.app/Contents/Developer/Platforms/MacOSX.platform/Developer/usr/lib/swift/host/plugins/libFoundationMacros.dylib\#/Applications/Xcode.app/Contents/Developer/Platforms/MacOSX.platform/Developer/usr/bin/swift-plugin-server\#FoundationMacros -load-resolved-plugin /Applications/Xcode.app/Contents/Developer/Platforms/MacOSX.platform/Developer/usr/lib/swift/host/plugins/libObservationMacros.dylib\#/Applications/Xcode.app/Contents/Developer/Platforms/MacOSX.platform/Developer/usr/bin/swift-plugin-server\#ObservationMacros -load-resolved-plugin /Applications/Xcode.app/Contents/Developer/Platforms/MacOSX.platform/Developer/usr/lib/swift/host/plugins/libSwiftMacros.dylib\#/Applications/Xcode.app/Contents/Developer/Platforms/MacOSX.platform/Developer/usr/bin/swift-plugin-server\#SwiftMacros -disable-implicit-swift-modules -Xcc -fno-implicit-modules -Xcc -fno-implicit-module-maps -explicit-swift-module-map-file /Users/rogerlin/Library/Developer/Xcode/DerivedData/FinancialCalculatorKit-ackorybalcxbfocbkqsfdzcfkgmn/Build/Intermediates.noindex/xctest-dynamic-overlay.build/Debug/IssueReporting.build/Objects-normal/arm64/IssueReporting-dependencies-1.json -Xllvm -aarch64-use-tbi -enable-objc-interop -stack-check -sdk /Applications/Xcode.app/Contents/Developer/Platforms/MacOSX.platform/Developer/SDKs/MacOSX26.1.sdk -I /Users/rogerlin/Library/Developer/Xcode/DerivedData/FinancialCalculatorKit-ackorybalcxbfocbkqsfdzcfkgmn/Build/Products/Debug -Isystem /Applications/Xcode.app/Contents/Developer/Platforms/MacOSX.platform/Developer/usr/lib -F /Users/rogerlin/Library/Developer/Xcode/DerivedData/FinancialCalculatorKit-ackorybalcxbfocbkqsfdzcfkgmn/Build/Products/Debug -F /Applications/Xcode.app/Contents/Developer/Platforms/MacOSX.platform/Developer/Library/Frameworks -no-color-diagnostics -Xcc -fno-color-diagnostics -enable-testing -g -debug-info-format\=dwarf -dwarf-version\=4 -module-cache-path /Users/rogerlin/Library/Developer/Xcode/DerivedData/FinancialCalculatorKit-ackorybalcxbfocbkqsfdzcfkgmn/Build/Intermediates.noindex/SwiftExplicitPrecompiledModules -suppress-warnings -profile-generate -profile-coverage-mapping -swift-version 6 -enforce-exclusivity\=checked -Onone -D SWIFT_PACKAGE -D DEBUG -D SWIFT_MODULE_RESOURCE_BUNDLE_UNAVAILABLE -D Xcode -serialize-debugging-options -const-gather-protocols-file /Users/rogerlin/Library/Developer/Xcode/DerivedData/FinancialCalculatorKit-ackorybalcxbfocbkqsfdzcfkgmn/Build/Intermediates.noindex/xctest-dynamic-overlay.build/Debug/IssueReporting.build/Objects-normal/arm64/IssueReporting_const_extract_protocols.json -enable-experimental-feature DebugDescriptionMacro -empty-abi-descriptor -user-module-version 1.5.2 -validate-clang-modules-once -clang-build-session-file /Users/rogerlin/Library/Developer/Xcode/DerivedData/ModuleCache.noindex/Session.modulevalidation -Xcc -working-directory -Xcc /Users/rogerlin/XCode-Projects/FinancialCalculatorKit-5.0-updated-accent-colors/FinancialCalculatorKit.xcodeproj -enable-anonymous-context-mangled-names -file-compilation-dir /Users/rogerlin/XCode-Projects/FinancialCalculatorKit-5.0-updated-accent-colors/FinancialCalculatorKit.xcodeproj -Xcc -D_LIBCPP_HARDENING_MODE\=_LIBCPP_HARDENING_MODE_DEBUG -Xcc -ivfsstatcache -Xcc /Users/rogerlin/Library/Developer/Xcode/DerivedData/SDKStatCaches.noindex/macosx26.1-25B74-3ae1261907bdadc328169391a47051a6.sdkstatcache -Xcc -I/Users/rogerlin/Library/Developer/Xcode/DerivedData/FinancialCalculatorKit-ackorybalcxbfocbkqsfdzcfkgmn/Build/Intermediates.noindex/xctest-dynamic-overlay.build/Debug/IssueReporting.build/swift-overrides.hmap -Xcc -I/Users/rogerlin/Library/Developer/Xcode/DerivedData/FinancialCalculatorKit-ackorybalcxbfocbkqsfdzcfkgmn/Build/Products/Debug/include -Xcc -I/Users/rogerlin/Library/Developer/Xcode/DerivedData/FinancialCalculatorKit-ackorybalcxbfocbkqsfdzcfkgmn/Build/Intermediates.noindex/xctest-dynamic-overlay.build/Debug/IssueReporting.build/DerivedSources-normal/arm64 -Xcc -I/Users/rogerlin/Library/Developer/Xcode/DerivedData/FinancialCalculatorKit-ackorybalcxbfocbkqsfdzcfkgmn/Build/Intermediates.noindex/xctest-dynamic-overlay.build/Debug/IssueReporting.build/DerivedSources/arm64 -Xcc -I/Users/rogerlin/Library/Developer/Xcode/DerivedData/FinancialCalculatorKit-ackorybalcxbfocbkqsfdzcfkgmn/Build/Intermediates.noindex/xctest-dynamic-overlay.build/Debug/IssueReporting.build/DerivedSources -Xcc -DSWIFT_PACKAGE -Xcc -DDEBUG\=1 -no-auto-bridging-header-chaining -module-name IssueReporting -package-name xctest_dynamic_overlay -frontend-parseable-output -disable-clang-spi -target-sdk-version 26.1 -target-sdk-name macosx26.1 -clang-target arm64-apple-macos26.1 -in-process-plugin-server-path /Applications/Xcode.app/Contents/Developer/Toolchains/XcodeDefault.xctoolchain/usr/lib/swift/host/libSwiftInProcPluginServer.dylib -o /Users/rogerlin/Library/Developer/Xcode/DerivedData/FinancialCalculatorKit-ackorybalcxbfocbkqsfdzcfkgmn/Build/Intermediates.noindex/xctest-dynamic-overlay.build/Debug/IssueReporting.build/Objects-normal/arm64/RuntimeWarningReporter.o -index-unit-output-path /xctest-dynamic-overlay.build/Debug/IssueReporting.build/Objects-normal/arm64/RuntimeWarningReporter.o -index-store-path /Users/rogerlin/Library/Developer/Xcode/DerivedData/FinancialCalculatorKit-ackorybalcxbfocbkqsfdzcfkgmn/Index.noindex/DataStore -index-system-modules

SwiftCompile normal arm64 /Users/rogerlin/Library/Developer/Xcode/DerivedData/FinancialCalculatorKit-ackorybalcxbfocbkqsfdzcfkgmn/SourcePackages/checkouts/xctest-dynamic-overlay/Sources/IssueReporting/IssueReporters/RuntimeWarningReporter.swift (in target 'IssueReporting' from project 'xctest-dynamic-overlay')
    cd /Users/rogerlin/XCode-Projects/FinancialCalculatorKit-5.0-updated-accent-colors/FinancialCalculatorKit.xcodeproj
    

SwiftCompile normal arm64 Compiling\ TestContext.swift /Users/rogerlin/Library/Developer/Xcode/DerivedData/FinancialCalculatorKit-ackorybalcxbfocbkqsfdzcfkgmn/SourcePackages/checkouts/xctest-dynamic-overlay/Sources/IssueReporting/TestContext.swift (in target 'IssueReporting' from project 'xctest-dynamic-overlay')
/Applications/Xcode.app/Contents/Developer/Toolchains/XcodeDefault.xctoolchain/usr/bin/swift-frontend -frontend -c /Users/rogerlin/Library/Developer/Xcode/DerivedData/FinancialCalculatorKit-ackorybalcxbfocbkqsfdzcfkgmn/SourcePackages/checkouts/xctest-dynamic-overlay/Sources/IssueReporting/ErrorReporting.swift /Users/rogerlin/Library/Developer/Xcode/DerivedData/FinancialCalculatorKit-ackorybalcxbfocbkqsfdzcfkgmn/SourcePackages/checkouts/xctest-dynamic-overlay/Sources/IssueReporting/Internal/AppHostWarning.swift /Users/rogerlin/Library/Developer/Xcode/DerivedData/FinancialCalculatorKit-ackorybalcxbfocbkqsfdzcfkgmn/SourcePackages/checkouts/xctest-dynamic-overlay/Sources/IssueReporting/Internal/Deprecations.swift /Users/rogerlin/Library/Developer/Xcode/DerivedData/FinancialCalculatorKit-ackorybalcxbfocbkqsfdzcfkgmn/SourcePackages/checkouts/xctest-dynamic-overlay/Sources/IssueReporting/Internal/FailureObserver.swift /Users/rogerlin/Library/Developer/Xcode/DerivedData/FinancialCalculatorKit-ackorybalcxbfocbkqsfdzcfkgmn/SourcePackages/checkouts/xctest-dynamic-overlay/Sources/IssueReporting/Internal/LockIsolated.swift /Users/rogerlin/Library/Developer/Xcode/DerivedData/FinancialCalculatorKit-ackorybalcxbfocbkqsfdzcfkgmn/SourcePackages/checkouts/xctest-dynamic-overlay/Sources/IssueReporting/Internal/Rethrows.swift /Users/rogerlin/Library/Developer/Xcode/DerivedData/FinancialCalculatorKit-ackorybalcxbfocbkqsfdzcfkgmn/SourcePackages/checkouts/xctest-dynamic-overlay/Sources/IssueReporting/Internal/SwiftTesting.swift /Users/rogerlin/Library/Developer/Xcode/DerivedData/FinancialCalculatorKit-ackorybalcxbfocbkqsfdzcfkgmn/SourcePackages/checkouts/xctest-dynamic-overlay/Sources/IssueReporting/Internal/UncheckedSendable.swift /Users/rogerlin/Library/Developer/Xcode/DerivedData/FinancialCalculatorKit-ackorybalcxbfocbkqsfdzcfkgmn/SourcePackages/checkouts/xctest-dynamic-overlay/Sources/IssueReporting/Internal/Warn.swift /Users/rogerlin/Library/Developer/Xcode/DerivedData/FinancialCalculatorKit-ackorybalcxbfocbkqsfdzcfkgmn/SourcePackages/checkouts/xctest-dynamic-overlay/Sources/IssueReporting/Internal/XCTest.swift /Users/rogerlin/Library/Developer/Xcode/DerivedData/FinancialCalculatorKit-ackorybalcxbfocbkqsfdzcfkgmn/SourcePackages/checkouts/xctest-dynamic-overlay/Sources/IssueReporting/IsTesting.swift /Users/rogerlin/Library/Developer/Xcode/DerivedData/FinancialCalculatorKit-ackorybalcxbfocbkqsfdzcfkgmn/SourcePackages/checkouts/xctest-dynamic-overlay/Sources/IssueReporting/IssueReporter.swift /Users/rogerlin/Library/Developer/Xcode/DerivedData/FinancialCalculatorKit-ackorybalcxbfocbkqsfdzcfkgmn/SourcePackages/checkouts/xctest-dynamic-overlay/Sources/IssueReporting/IssueReporters/BreakpointReporter.swift /Users/rogerlin/Library/Developer/Xcode/DerivedData/FinancialCalculatorKit-ackorybalcxbfocbkqsfdzcfkgmn/SourcePackages/checkouts/xctest-dynamic-overlay/Sources/IssueReporting/IssueReporters/FatalErrorReporter.swift /Users/rogerlin/Library/Developer/Xcode/DerivedData/FinancialCalculatorKit-ackorybalcxbfocbkqsfdzcfkgmn/SourcePackages/checkouts/xctest-dynamic-overlay/Sources/IssueReporting/IssueReporters/RuntimeWarningReporter.swift /Users/rogerlin/Library/Developer/Xcode/DerivedData/FinancialCalculatorKit-ackorybalcxbfocbkqsfdzcfkgmn/SourcePackages/checkouts/xctest-dynamic-overlay/Sources/IssueReporting/ReportIssue.swift -primary-file /Users/rogerlin/Library/Developer/Xcode/DerivedData/FinancialCalculatorKit-ackorybalcxbfocbkqsfdzcfkgmn/SourcePackages/checkouts/xctest-dynamic-overlay/Sources/IssueReporting/TestContext.swift /Users/rogerlin/Library/Developer/Xcode/DerivedData/FinancialCalculatorKit-ackorybalcxbfocbkqsfdzcfkgmn/SourcePackages/checkouts/xctest-dynamic-overlay/Sources/IssueReporting/Unimplemented.swift /Users/rogerlin/Library/Developer/Xcode/DerivedData/FinancialCalculatorKit-ackorybalcxbfocbkqsfdzcfkgmn/SourcePackages/checkouts/xctest-dynamic-overlay/Sources/IssueReporting/WithExpectedIssue.swift /Users/rogerlin/Library/Developer/Xcode/DerivedData/FinancialCalculatorKit-ackorybalcxbfocbkqsfdzcfkgmn/SourcePackages/checkouts/xctest-dynamic-overlay/Sources/IssueReporting/WithIssueContext.swift -emit-dependencies-path /Users/rogerlin/Library/Developer/Xcode/DerivedData/FinancialCalculatorKit-ackorybalcxbfocbkqsfdzcfkgmn/Build/Intermediates.noindex/xctest-dynamic-overlay.build/Debug/IssueReporting.build/Objects-normal/arm64/TestContext.d -emit-const-values-path /Users/rogerlin/Library/Developer/Xcode/DerivedData/FinancialCalculatorKit-ackorybalcxbfocbkqsfdzcfkgmn/Build/Intermediates.noindex/xctest-dynamic-overlay.build/Debug/IssueReporting.build/Objects-normal/arm64/TestContext.swiftconstvalues -emit-reference-dependencies-path /Users/rogerlin/Library/Developer/Xcode/DerivedData/FinancialCalculatorKit-ackorybalcxbfocbkqsfdzcfkgmn/Build/Intermediates.noindex/xctest-dynamic-overlay.build/Debug/IssueReporting.build/Objects-normal/arm64/TestContext.swiftdeps -serialize-diagnostics-path /Users/rogerlin/Library/Developer/Xcode/DerivedData/FinancialCalculatorKit-ackorybalcxbfocbkqsfdzcfkgmn/Build/Intermediates.noindex/xctest-dynamic-overlay.build/Debug/IssueReporting.build/Objects-normal/arm64/TestContext.dia -target arm64-apple-macos10.15 -module-can-import-version Darwin 347.40.2 0 -module-can-import-version os 1076.40.2 0 -load-resolved-plugin /Applications/Xcode.app/Contents/Developer/Platforms/MacOSX.platform/Developer/usr/lib/swift/host/plugins/libFoundationMacros.dylib\#/Applications/Xcode.app/Contents/Developer/Platforms/MacOSX.platform/Developer/usr/bin/swift-plugin-server\#FoundationMacros -load-resolved-plugin /Applications/Xcode.app/Contents/Developer/Platforms/MacOSX.platform/Developer/usr/lib/swift/host/plugins/libObservationMacros.dylib\#/Applications/Xcode.app/Contents/Developer/Platforms/MacOSX.platform/Developer/usr/bin/swift-plugin-server\#ObservationMacros -load-resolved-plugin /Applications/Xcode.app/Contents/Developer/Platforms/MacOSX.platform/Developer/usr/lib/swift/host/plugins/libSwiftMacros.dylib\#/Applications/Xcode.app/Contents/Developer/Platforms/MacOSX.platform/Developer/usr/bin/swift-plugin-server\#SwiftMacros -disable-implicit-swift-modules -Xcc -fno-implicit-modules -Xcc -fno-implicit-module-maps -explicit-swift-module-map-file /Users/rogerlin/Library/Developer/Xcode/DerivedData/FinancialCalculatorKit-ackorybalcxbfocbkqsfdzcfkgmn/Build/Intermediates.noindex/xctest-dynamic-overlay.build/Debug/IssueReporting.build/Objects-normal/arm64/IssueReporting-dependencies-1.json -Xllvm -aarch64-use-tbi -enable-objc-interop -stack-check -sdk /Applications/Xcode.app/Contents/Developer/Platforms/MacOSX.platform/Developer/SDKs/MacOSX26.1.sdk -I /Users/rogerlin/Library/Developer/Xcode/DerivedData/FinancialCalculatorKit-ackorybalcxbfocbkqsfdzcfkgmn/Build/Products/Debug -Isystem /Applications/Xcode.app/Contents/Developer/Platforms/MacOSX.platform/Developer/usr/lib -F /Users/rogerlin/Library/Developer/Xcode/DerivedData/FinancialCalculatorKit-ackorybalcxbfocbkqsfdzcfkgmn/Build/Products/Debug -F /Applications/Xcode.app/Contents/Developer/Platforms/MacOSX.platform/Developer/Library/Frameworks -no-color-diagnostics -Xcc -fno-color-diagnostics -enable-testing -g -debug-info-format\=dwarf -dwarf-version\=4 -module-cache-path /Users/rogerlin/Library/Developer/Xcode/DerivedData/FinancialCalculatorKit-ackorybalcxbfocbkqsfdzcfkgmn/Build/Intermediates.noindex/SwiftExplicitPrecompiledModules -suppress-warnings -profile-generate -profile-coverage-mapping -swift-version 6 -enforce-exclusivity\=checked -Onone -D SWIFT_PACKAGE -D DEBUG -D SWIFT_MODULE_RESOURCE_BUNDLE_UNAVAILABLE -D Xcode -serialize-debugging-options -const-gather-protocols-file /Users/rogerlin/Library/Developer/Xcode/DerivedData/FinancialCalculatorKit-ackorybalcxbfocbkqsfdzcfkgmn/Build/Intermediates.noindex/xctest-dynamic-overlay.build/Debug/IssueReporting.build/Objects-normal/arm64/IssueReporting_const_extract_protocols.json -enable-experimental-feature DebugDescriptionMacro -empty-abi-descriptor -user-module-version 1.5.2 -validate-clang-modules-once -clang-build-session-file /Users/rogerlin/Library/Developer/Xcode/DerivedData/ModuleCache.noindex/Session.modulevalidation -Xcc -working-directory -Xcc /Users/rogerlin/XCode-Projects/FinancialCalculatorKit-5.0-updated-accent-colors/FinancialCalculatorKit.xcodeproj -enable-anonymous-context-mangled-names -file-compilation-dir /Users/rogerlin/XCode-Projects/FinancialCalculatorKit-5.0-updated-accent-colors/FinancialCalculatorKit.xcodeproj -Xcc -D_LIBCPP_HARDENING_MODE\=_LIBCPP_HARDENING_MODE_DEBUG -Xcc -ivfsstatcache -Xcc /Users/rogerlin/Library/Developer/Xcode/DerivedData/SDKStatCaches.noindex/macosx26.1-25B74-3ae1261907bdadc328169391a47051a6.sdkstatcache -Xcc -I/Users/rogerlin/Library/Developer/Xcode/DerivedData/FinancialCalculatorKit-ackorybalcxbfocbkqsfdzcfkgmn/Build/Intermediates.noindex/xctest-dynamic-overlay.build/Debug/IssueReporting.build/swift-overrides.hmap -Xcc -I/Users/rogerlin/Library/Developer/Xcode/DerivedData/FinancialCalculatorKit-ackorybalcxbfocbkqsfdzcfkgmn/Build/Products/Debug/include -Xcc -I/Users/rogerlin/Library/Developer/Xcode/DerivedData/FinancialCalculatorKit-ackorybalcxbfocbkqsfdzcfkgmn/Build/Intermediates.noindex/xctest-dynamic-overlay.build/Debug/IssueReporting.build/DerivedSources-normal/arm64 -Xcc -I/Users/rogerlin/Library/Developer/Xcode/DerivedData/FinancialCalculatorKit-ackorybalcxbfocbkqsfdzcfkgmn/Build/Intermediates.noindex/xctest-dynamic-overlay.build/Debug/IssueReporting.build/DerivedSources/arm64 -Xcc -I/Users/rogerlin/Library/Developer/Xcode/DerivedData/FinancialCalculatorKit-ackorybalcxbfocbkqsfdzcfkgmn/Build/Intermediates.noindex/xctest-dynamic-overlay.build/Debug/IssueReporting.build/DerivedSources -Xcc -DSWIFT_PACKAGE -Xcc -DDEBUG\=1 -no-auto-bridging-header-chaining -module-name IssueReporting -package-name xctest_dynamic_overlay -frontend-parseable-output -disable-clang-spi -target-sdk-version 26.1 -target-sdk-name macosx26.1 -clang-target arm64-apple-macos26.1 -in-process-plugin-server-path /Applications/Xcode.app/Contents/Developer/Toolchains/XcodeDefault.xctoolchain/usr/lib/swift/host/libSwiftInProcPluginServer.dylib -o /Users/rogerlin/Library/Developer/Xcode/DerivedData/FinancialCalculatorKit-ackorybalcxbfocbkqsfdzcfkgmn/Build/Intermediates.noindex/xctest-dynamic-overlay.build/Debug/IssueReporting.build/Objects-normal/arm64/TestContext.o -index-unit-output-path /xctest-dynamic-overlay.build/Debug/IssueReporting.build/Objects-normal/arm64/TestContext.o -index-store-path /Users/rogerlin/Library/Developer/Xcode/DerivedData/FinancialCalculatorKit-ackorybalcxbfocbkqsfdzcfkgmn/Index.noindex/DataStore -index-system-modules

SwiftCompile normal arm64 /Users/rogerlin/Library/Developer/Xcode/DerivedData/FinancialCalculatorKit-ackorybalcxbfocbkqsfdzcfkgmn/SourcePackages/checkouts/xctest-dynamic-overlay/Sources/IssueReporting/TestContext.swift (in target 'IssueReporting' from project 'xctest-dynamic-overlay')
    cd /Users/rogerlin/XCode-Projects/FinancialCalculatorKit-5.0-updated-accent-colors/FinancialCalculatorKit.xcodeproj
    

SwiftDriverJobDiscovery normal arm64 Compiling Warn.swift (in target 'IssueReporting' from project 'xctest-dynamic-overlay')

SwiftCompile normal arm64 Compiling\ Unimplemented.swift /Users/rogerlin/Library/Developer/Xcode/DerivedData/FinancialCalculatorKit-ackorybalcxbfocbkqsfdzcfkgmn/SourcePackages/checkouts/xctest-dynamic-overlay/Sources/IssueReporting/Unimplemented.swift (in target 'IssueReporting' from project 'xctest-dynamic-overlay')
/Applications/Xcode.app/Contents/Developer/Toolchains/XcodeDefault.xctoolchain/usr/bin/swift-frontend -frontend -c /Users/rogerlin/Library/Developer/Xcode/DerivedData/FinancialCalculatorKit-ackorybalcxbfocbkqsfdzcfkgmn/SourcePackages/checkouts/xctest-dynamic-overlay/Sources/IssueReporting/ErrorReporting.swift /Users/rogerlin/Library/Developer/Xcode/DerivedData/FinancialCalculatorKit-ackorybalcxbfocbkqsfdzcfkgmn/SourcePackages/checkouts/xctest-dynamic-overlay/Sources/IssueReporting/Internal/AppHostWarning.swift /Users/rogerlin/Library/Developer/Xcode/DerivedData/FinancialCalculatorKit-ackorybalcxbfocbkqsfdzcfkgmn/SourcePackages/checkouts/xctest-dynamic-overlay/Sources/IssueReporting/Internal/Deprecations.swift /Users/rogerlin/Library/Developer/Xcode/DerivedData/FinancialCalculatorKit-ackorybalcxbfocbkqsfdzcfkgmn/SourcePackages/checkouts/xctest-dynamic-overlay/Sources/IssueReporting/Internal/FailureObserver.swift /Users/rogerlin/Library/Developer/Xcode/DerivedData/FinancialCalculatorKit-ackorybalcxbfocbkqsfdzcfkgmn/SourcePackages/checkouts/xctest-dynamic-overlay/Sources/IssueReporting/Internal/LockIsolated.swift /Users/rogerlin/Library/Developer/Xcode/DerivedData/FinancialCalculatorKit-ackorybalcxbfocbkqsfdzcfkgmn/SourcePackages/checkouts/xctest-dynamic-overlay/Sources/IssueReporting/Internal/Rethrows.swift /Users/rogerlin/Library/Developer/Xcode/DerivedData/FinancialCalculatorKit-ackorybalcxbfocbkqsfdzcfkgmn/SourcePackages/checkouts/xctest-dynamic-overlay/Sources/IssueReporting/Internal/SwiftTesting.swift /Users/rogerlin/Library/Developer/Xcode/DerivedData/FinancialCalculatorKit-ackorybalcxbfocbkqsfdzcfkgmn/SourcePackages/checkouts/xctest-dynamic-overlay/Sources/IssueReporting/Internal/UncheckedSendable.swift /Users/rogerlin/Library/Developer/Xcode/DerivedData/FinancialCalculatorKit-ackorybalcxbfocbkqsfdzcfkgmn/SourcePackages/checkouts/xctest-dynamic-overlay/Sources/IssueReporting/Internal/Warn.swift /Users/rogerlin/Library/Developer/Xcode/DerivedData/FinancialCalculatorKit-ackorybalcxbfocbkqsfdzcfkgmn/SourcePackages/checkouts/xctest-dynamic-overlay/Sources/IssueReporting/Internal/XCTest.swift /Users/rogerlin/Library/Developer/Xcode/DerivedData/FinancialCalculatorKit-ackorybalcxbfocbkqsfdzcfkgmn/SourcePackages/checkouts/xctest-dynamic-overlay/Sources/IssueReporting/IsTesting.swift /Users/rogerlin/Library/Developer/Xcode/DerivedData/FinancialCalculatorKit-ackorybalcxbfocbkqsfdzcfkgmn/SourcePackages/checkouts/xctest-dynamic-overlay/Sources/IssueReporting/IssueReporter.swift /Users/rogerlin/Library/Developer/Xcode/DerivedData/FinancialCalculatorKit-ackorybalcxbfocbkqsfdzcfkgmn/SourcePackages/checkouts/xctest-dynamic-overlay/Sources/IssueReporting/IssueReporters/BreakpointReporter.swift /Users/rogerlin/Library/Developer/Xcode/DerivedData/FinancialCalculatorKit-ackorybalcxbfocbkqsfdzcfkgmn/SourcePackages/checkouts/xctest-dynamic-overlay/Sources/IssueReporting/IssueReporters/FatalErrorReporter.swift /Users/rogerlin/Library/Developer/Xcode/DerivedData/FinancialCalculatorKit-ackorybalcxbfocbkqsfdzcfkgmn/SourcePackages/checkouts/xctest-dynamic-overlay/Sources/IssueReporting/IssueReporters/RuntimeWarningReporter.swift /Users/rogerlin/Library/Developer/Xcode/DerivedData/FinancialCalculatorKit-ackorybalcxbfocbkqsfdzcfkgmn/SourcePackages/checkouts/xctest-dynamic-overlay/Sources/IssueReporting/ReportIssue.swift /Users/rogerlin/Library/Developer/Xcode/DerivedData/FinancialCalculatorKit-ackorybalcxbfocbkqsfdzcfkgmn/SourcePackages/checkouts/xctest-dynamic-overlay/Sources/IssueReporting/TestContext.swift -primary-file /Users/rogerlin/Library/Developer/Xcode/DerivedData/FinancialCalculatorKit-ackorybalcxbfocbkqsfdzcfkgmn/SourcePackages/checkouts/xctest-dynamic-overlay/Sources/IssueReporting/Unimplemented.swift /Users/rogerlin/Library/Developer/Xcode/DerivedData/FinancialCalculatorKit-ackorybalcxbfocbkqsfdzcfkgmn/SourcePackages/checkouts/xctest-dynamic-overlay/Sources/IssueReporting/WithExpectedIssue.swift /Users/rogerlin/Library/Developer/Xcode/DerivedData/FinancialCalculatorKit-ackorybalcxbfocbkqsfdzcfkgmn/SourcePackages/checkouts/xctest-dynamic-overlay/Sources/IssueReporting/WithIssueContext.swift -emit-dependencies-path /Users/rogerlin/Library/Developer/Xcode/DerivedData/FinancialCalculatorKit-ackorybalcxbfocbkqsfdzcfkgmn/Build/Intermediates.noindex/xctest-dynamic-overlay.build/Debug/IssueReporting.build/Objects-normal/arm64/Unimplemented.d -emit-const-values-path /Users/rogerlin/Library/Developer/Xcode/DerivedData/FinancialCalculatorKit-ackorybalcxbfocbkqsfdzcfkgmn/Build/Intermediates.noindex/xctest-dynamic-overlay.build/Debug/IssueReporting.build/Objects-normal/arm64/Unimplemented.swiftconstvalues -emit-reference-dependencies-path /Users/rogerlin/Library/Developer/Xcode/DerivedData/FinancialCalculatorKit-ackorybalcxbfocbkqsfdzcfkgmn/Build/Intermediates.noindex/xctest-dynamic-overlay.build/Debug/IssueReporting.build/Objects-normal/arm64/Unimplemented.swiftdeps -serialize-diagnostics-path /Users/rogerlin/Library/Developer/Xcode/DerivedData/FinancialCalculatorKit-ackorybalcxbfocbkqsfdzcfkgmn/Build/Intermediates.noindex/xctest-dynamic-overlay.build/Debug/IssueReporting.build/Objects-normal/arm64/Unimplemented.dia -target arm64-apple-macos10.15 -module-can-import-version Darwin 347.40.2 0 -module-can-import-version os 1076.40.2 0 -load-resolved-plugin /Applications/Xcode.app/Contents/Developer/Platforms/MacOSX.platform/Developer/usr/lib/swift/host/plugins/libFoundationMacros.dylib\#/Applications/Xcode.app/Contents/Developer/Platforms/MacOSX.platform/Developer/usr/bin/swift-plugin-server\#FoundationMacros -load-resolved-plugin /Applications/Xcode.app/Contents/Developer/Platforms/MacOSX.platform/Developer/usr/lib/swift/host/plugins/libObservationMacros.dylib\#/Applications/Xcode.app/Contents/Developer/Platforms/MacOSX.platform/Developer/usr/bin/swift-plugin-server\#ObservationMacros -load-resolved-plugin /Applications/Xcode.app/Contents/Developer/Platforms/MacOSX.platform/Developer/usr/lib/swift/host/plugins/libSwiftMacros.dylib\#/Applications/Xcode.app/Contents/Developer/Platforms/MacOSX.platform/Developer/usr/bin/swift-plugin-server\#SwiftMacros -disable-implicit-swift-modules -Xcc -fno-implicit-modules -Xcc -fno-implicit-module-maps -explicit-swift-module-map-file /Users/rogerlin/Library/Developer/Xcode/DerivedData/FinancialCalculatorKit-ackorybalcxbfocbkqsfdzcfkgmn/Build/Intermediates.noindex/xctest-dynamic-overlay.build/Debug/IssueReporting.build/Objects-normal/arm64/IssueReporting-dependencies-1.json -Xllvm -aarch64-use-tbi -enable-objc-interop -stack-check -sdk /Applications/Xcode.app/Contents/Developer/Platforms/MacOSX.platform/Developer/SDKs/MacOSX26.1.sdk -I /Users/rogerlin/Library/Developer/Xcode/DerivedData/FinancialCalculatorKit-ackorybalcxbfocbkqsfdzcfkgmn/Build/Products/Debug -Isystem /Applications/Xcode.app/Contents/Developer/Platforms/MacOSX.platform/Developer/usr/lib -F /Users/rogerlin/Library/Developer/Xcode/DerivedData/FinancialCalculatorKit-ackorybalcxbfocbkqsfdzcfkgmn/Build/Products/Debug -F /Applications/Xcode.app/Contents/Developer/Platforms/MacOSX.platform/Developer/Library/Frameworks -no-color-diagnostics -Xcc -fno-color-diagnostics -enable-testing -g -debug-info-format\=dwarf -dwarf-version\=4 -module-cache-path /Users/rogerlin/Library/Developer/Xcode/DerivedData/FinancialCalculatorKit-ackorybalcxbfocbkqsfdzcfkgmn/Build/Intermediates.noindex/SwiftExplicitPrecompiledModules -suppress-warnings -profile-generate -profile-coverage-mapping -swift-version 6 -enforce-exclusivity\=checked -Onone -D SWIFT_PACKAGE -D DEBUG -D SWIFT_MODULE_RESOURCE_BUNDLE_UNAVAILABLE -D Xcode -serialize-debugging-options -const-gather-protocols-file /Users/rogerlin/Library/Developer/Xcode/DerivedData/FinancialCalculatorKit-ackorybalcxbfocbkqsfdzcfkgmn/Build/Intermediates.noindex/xctest-dynamic-overlay.build/Debug/IssueReporting.build/Objects-normal/arm64/IssueReporting_const_extract_protocols.json -enable-experimental-feature DebugDescriptionMacro -empty-abi-descriptor -user-module-version 1.5.2 -validate-clang-modules-once -clang-build-session-file /Users/rogerlin/Library/Developer/Xcode/DerivedData/ModuleCache.noindex/Session.modulevalidation -Xcc -working-directory -Xcc /Users/rogerlin/XCode-Projects/FinancialCalculatorKit-5.0-updated-accent-colors/FinancialCalculatorKit.xcodeproj -enable-anonymous-context-mangled-names -file-compilation-dir /Users/rogerlin/XCode-Projects/FinancialCalculatorKit-5.0-updated-accent-colors/FinancialCalculatorKit.xcodeproj -Xcc -D_LIBCPP_HARDENING_MODE\=_LIBCPP_HARDENING_MODE_DEBUG -Xcc -ivfsstatcache -Xcc /Users/rogerlin/Library/Developer/Xcode/DerivedData/SDKStatCaches.noindex/macosx26.1-25B74-3ae1261907bdadc328169391a47051a6.sdkstatcache -Xcc -I/Users/rogerlin/Library/Developer/Xcode/DerivedData/FinancialCalculatorKit-ackorybalcxbfocbkqsfdzcfkgmn/Build/Intermediates.noindex/xctest-dynamic-overlay.build/Debug/IssueReporting.build/swift-overrides.hmap -Xcc -I/Users/rogerlin/Library/Developer/Xcode/DerivedData/FinancialCalculatorKit-ackorybalcxbfocbkqsfdzcfkgmn/Build/Products/Debug/include -Xcc -I/Users/rogerlin/Library/Developer/Xcode/DerivedData/FinancialCalculatorKit-ackorybalcxbfocbkqsfdzcfkgmn/Build/Intermediates.noindex/xctest-dynamic-overlay.build/Debug/IssueReporting.build/DerivedSources-normal/arm64 -Xcc -I/Users/rogerlin/Library/Developer/Xcode/DerivedData/FinancialCalculatorKit-ackorybalcxbfocbkqsfdzcfkgmn/Build/Intermediates.noindex/xctest-dynamic-overlay.build/Debug/IssueReporting.build/DerivedSources/arm64 -Xcc -I/Users/rogerlin/Library/Developer/Xcode/DerivedData/FinancialCalculatorKit-ackorybalcxbfocbkqsfdzcfkgmn/Build/Intermediates.noindex/xctest-dynamic-overlay.build/Debug/IssueReporting.build/DerivedSources -Xcc -DSWIFT_PACKAGE -Xcc -DDEBUG\=1 -no-auto-bridging-header-chaining -module-name IssueReporting -package-name xctest_dynamic_overlay -frontend-parseable-output -disable-clang-spi -target-sdk-version 26.1 -target-sdk-name macosx26.1 -clang-target arm64-apple-macos26.1 -in-process-plugin-server-path /Applications/Xcode.app/Contents/Developer/Toolchains/XcodeDefault.xctoolchain/usr/lib/swift/host/libSwiftInProcPluginServer.dylib -o /Users/rogerlin/Library/Developer/Xcode/DerivedData/FinancialCalculatorKit-ackorybalcxbfocbkqsfdzcfkgmn/Build/Intermediates.noindex/xctest-dynamic-overlay.build/Debug/IssueReporting.build/Objects-normal/arm64/Unimplemented.o -index-unit-output-path /xctest-dynamic-overlay.build/Debug/IssueReporting.build/Objects-normal/arm64/Unimplemented.o -index-store-path /Users/rogerlin/Library/Developer/Xcode/DerivedData/FinancialCalculatorKit-ackorybalcxbfocbkqsfdzcfkgmn/Index.noindex/DataStore -index-system-modules

SwiftCompile normal arm64 /Users/rogerlin/Library/Developer/Xcode/DerivedData/FinancialCalculatorKit-ackorybalcxbfocbkqsfdzcfkgmn/SourcePackages/checkouts/xctest-dynamic-overlay/Sources/IssueReporting/Unimplemented.swift (in target 'IssueReporting' from project 'xctest-dynamic-overlay')
    cd /Users/rogerlin/XCode-Projects/FinancialCalculatorKit-5.0-updated-accent-colors/FinancialCalculatorKit.xcodeproj
    

SwiftDriverJobDiscovery normal arm64 Compiling OutputProcessorOptions.swift, SVGOutputProcessorOptions.swift (in target 'MathJaxSwift' from project 'MathJaxSwift')

SwiftCompile normal arm64 Compiling\ Deprecations.swift,\ FailureObserver.swift /Users/rogerlin/Library/Developer/Xcode/DerivedData/FinancialCalculatorKit-ackorybalcxbfocbkqsfdzcfkgmn/SourcePackages/checkouts/xctest-dynamic-overlay/Sources/IssueReporting/Internal/Deprecations.swift /Users/rogerlin/Library/Developer/Xcode/DerivedData/FinancialCalculatorKit-ackorybalcxbfocbkqsfdzcfkgmn/SourcePackages/checkouts/xctest-dynamic-overlay/Sources/IssueReporting/Internal/FailureObserver.swift (in target 'IssueReporting' from project 'xctest-dynamic-overlay')
/Applications/Xcode.app/Contents/Developer/Toolchains/XcodeDefault.xctoolchain/usr/bin/swift-frontend -frontend -c /Users/rogerlin/Library/Developer/Xcode/DerivedData/FinancialCalculatorKit-ackorybalcxbfocbkqsfdzcfkgmn/SourcePackages/checkouts/xctest-dynamic-overlay/Sources/IssueReporting/ErrorReporting.swift /Users/rogerlin/Library/Developer/Xcode/DerivedData/FinancialCalculatorKit-ackorybalcxbfocbkqsfdzcfkgmn/SourcePackages/checkouts/xctest-dynamic-overlay/Sources/IssueReporting/Internal/AppHostWarning.swift -primary-file /Users/rogerlin/Library/Developer/Xcode/DerivedData/FinancialCalculatorKit-ackorybalcxbfocbkqsfdzcfkgmn/SourcePackages/checkouts/xctest-dynamic-overlay/Sources/IssueReporting/Internal/Deprecations.swift -primary-file /Users/rogerlin/Library/Developer/Xcode/DerivedData/FinancialCalculatorKit-ackorybalcxbfocbkqsfdzcfkgmn/SourcePackages/checkouts/xctest-dynamic-overlay/Sources/IssueReporting/Internal/FailureObserver.swift /Users/rogerlin/Library/Developer/Xcode/DerivedData/FinancialCalculatorKit-ackorybalcxbfocbkqsfdzcfkgmn/SourcePackages/checkouts/xctest-dynamic-overlay/Sources/IssueReporting/Internal/LockIsolated.swift /Users/rogerlin/Library/Developer/Xcode/DerivedData/FinancialCalculatorKit-ackorybalcxbfocbkqsfdzcfkgmn/SourcePackages/checkouts/xctest-dynamic-overlay/Sources/IssueReporting/Internal/Rethrows.swift /Users/rogerlin/Library/Developer/Xcode/DerivedData/FinancialCalculatorKit-ackorybalcxbfocbkqsfdzcfkgmn/SourcePackages/checkouts/xctest-dynamic-overlay/Sources/IssueReporting/Internal/SwiftTesting.swift /Users/rogerlin/Library/Developer/Xcode/DerivedData/FinancialCalculatorKit-ackorybalcxbfocbkqsfdzcfkgmn/SourcePackages/checkouts/xctest-dynamic-overlay/Sources/IssueReporting/Internal/UncheckedSendable.swift /Users/rogerlin/Library/Developer/Xcode/DerivedData/FinancialCalculatorKit-ackorybalcxbfocbkqsfdzcfkgmn/SourcePackages/checkouts/xctest-dynamic-overlay/Sources/IssueReporting/Internal/Warn.swift /Users/rogerlin/Library/Developer/Xcode/DerivedData/FinancialCalculatorKit-ackorybalcxbfocbkqsfdzcfkgmn/SourcePackages/checkouts/xctest-dynamic-overlay/Sources/IssueReporting/Internal/XCTest.swift /Users/rogerlin/Library/Developer/Xcode/DerivedData/FinancialCalculatorKit-ackorybalcxbfocbkqsfdzcfkgmn/SourcePackages/checkouts/xctest-dynamic-overlay/Sources/IssueReporting/IsTesting.swift /Users/rogerlin/Library/Developer/Xcode/DerivedData/FinancialCalculatorKit-ackorybalcxbfocbkqsfdzcfkgmn/SourcePackages/checkouts/xctest-dynamic-overlay/Sources/IssueReporting/IssueReporter.swift /Users/rogerlin/Library/Developer/Xcode/DerivedData/FinancialCalculatorKit-ackorybalcxbfocbkqsfdzcfkgmn/SourcePackages/checkouts/xctest-dynamic-overlay/Sources/IssueReporting/IssueReporters/BreakpointReporter.swift /Users/rogerlin/Library/Developer/Xcode/DerivedData/FinancialCalculatorKit-ackorybalcxbfocbkqsfdzcfkgmn/SourcePackages/checkouts/xctest-dynamic-overlay/Sources/IssueReporting/IssueReporters/FatalErrorReporter.swift /Users/rogerlin/Library/Developer/Xcode/DerivedData/FinancialCalculatorKit-ackorybalcxbfocbkqsfdzcfkgmn/SourcePackages/checkouts/xctest-dynamic-overlay/Sources/IssueReporting/IssueReporters/RuntimeWarningReporter.swift /Users/rogerlin/Library/Developer/Xcode/DerivedData/FinancialCalculatorKit-ackorybalcxbfocbkqsfdzcfkgmn/SourcePackages/checkouts/xctest-dynamic-overlay/Sources/IssueReporting/ReportIssue.swift /Users/rogerlin/Library/Developer/Xcode/DerivedData/FinancialCalculatorKit-ackorybalcxbfocbkqsfdzcfkgmn/SourcePackages/checkouts/xctest-dynamic-overlay/Sources/IssueReporting/TestContext.swift /Users/rogerlin/Library/Developer/Xcode/DerivedData/FinancialCalculatorKit-ackorybalcxbfocbkqsfdzcfkgmn/SourcePackages/checkouts/xctest-dynamic-overlay/Sources/IssueReporting/Unimplemented.swift /Users/rogerlin/Library/Developer/Xcode/DerivedData/FinancialCalculatorKit-ackorybalcxbfocbkqsfdzcfkgmn/SourcePackages/checkouts/xctest-dynamic-overlay/Sources/IssueReporting/WithExpectedIssue.swift /Users/rogerlin/Library/Developer/Xcode/DerivedData/FinancialCalculatorKit-ackorybalcxbfocbkqsfdzcfkgmn/SourcePackages/checkouts/xctest-dynamic-overlay/Sources/IssueReporting/WithIssueContext.swift -emit-dependencies-path /Users/rogerlin/Library/Developer/Xcode/DerivedData/FinancialCalculatorKit-ackorybalcxbfocbkqsfdzcfkgmn/Build/Intermediates.noindex/xctest-dynamic-overlay.build/Debug/IssueReporting.build/Objects-normal/arm64/Deprecations.d -emit-const-values-path /Users/rogerlin/Library/Developer/Xcode/DerivedData/FinancialCalculatorKit-ackorybalcxbfocbkqsfdzcfkgmn/Build/Intermediates.noindex/xctest-dynamic-overlay.build/Debug/IssueReporting.build/Objects-normal/arm64/Deprecations.swiftconstvalues -emit-reference-dependencies-path /Users/rogerlin/Library/Developer/Xcode/DerivedData/FinancialCalculatorKit-ackorybalcxbfocbkqsfdzcfkgmn/Build/Intermediates.noindex/xctest-dynamic-overlay.build/Debug/IssueReporting.build/Objects-normal/arm64/Deprecations.swiftdeps -serialize-diagnostics-path /Users/rogerlin/Library/Developer/Xcode/DerivedData/FinancialCalculatorKit-ackorybalcxbfocbkqsfdzcfkgmn/Build/Intermediates.noindex/xctest-dynamic-overlay.build/Debug/IssueReporting.build/Objects-normal/arm64/Deprecations.dia -emit-dependencies-path /Users/rogerlin/Library/Developer/Xcode/DerivedData/FinancialCalculatorKit-ackorybalcxbfocbkqsfdzcfkgmn/Build/Intermediates.noindex/xctest-dynamic-overlay.build/Debug/IssueReporting.build/Objects-normal/arm64/FailureObserver.d -emit-const-values-path /Users/rogerlin/Library/Developer/Xcode/DerivedData/FinancialCalculatorKit-ackorybalcxbfocbkqsfdzcfkgmn/Build/Intermediates.noindex/xctest-dynamic-overlay.build/Debug/IssueReporting.build/Objects-normal/arm64/FailureObserver.swiftconstvalues -emit-reference-dependencies-path /Users/rogerlin/Library/Developer/Xcode/DerivedData/FinancialCalculatorKit-ackorybalcxbfocbkqsfdzcfkgmn/Build/Intermediates.noindex/xctest-dynamic-overlay.build/Debug/IssueReporting.build/Objects-normal/arm64/FailureObserver.swiftdeps -serialize-diagnostics-path /Users/rogerlin/Library/Developer/Xcode/DerivedData/FinancialCalculatorKit-ackorybalcxbfocbkqsfdzcfkgmn/Build/Intermediates.noindex/xctest-dynamic-overlay.build/Debug/IssueReporting.build/Objects-normal/arm64/FailureObserver.dia -target arm64-apple-macos10.15 -module-can-import-version Darwin 347.40.2 0 -module-can-import-version os 1076.40.2 0 -load-resolved-plugin /Applications/Xcode.app/Contents/Developer/Platforms/MacOSX.platform/Developer/usr/lib/swift/host/plugins/libFoundationMacros.dylib\#/Applications/Xcode.app/Contents/Developer/Platforms/MacOSX.platform/Developer/usr/bin/swift-plugin-server\#FoundationMacros -load-resolved-plugin /Applications/Xcode.app/Contents/Developer/Platforms/MacOSX.platform/Developer/usr/lib/swift/host/plugins/libObservationMacros.dylib\#/Applications/Xcode.app/Contents/Developer/Platforms/MacOSX.platform/Developer/usr/bin/swift-plugin-server\#ObservationMacros -load-resolved-plugin /Applications/Xcode.app/Contents/Developer/Platforms/MacOSX.platform/Developer/usr/lib/swift/host/plugins/libSwiftMacros.dylib\#/Applications/Xcode.app/Contents/Developer/Platforms/MacOSX.platform/Developer/usr/bin/swift-plugin-server\#SwiftMacros -disable-implicit-swift-modules -Xcc -fno-implicit-modules -Xcc -fno-implicit-module-maps -explicit-swift-module-map-file /Users/rogerlin/Library/Developer/Xcode/DerivedData/FinancialCalculatorKit-ackorybalcxbfocbkqsfdzcfkgmn/Build/Intermediates.noindex/xctest-dynamic-overlay.build/Debug/IssueReporting.build/Objects-normal/arm64/IssueReporting-dependencies-1.json -Xllvm -aarch64-use-tbi -enable-objc-interop -stack-check -sdk /Applications/Xcode.app/Contents/Developer/Platforms/MacOSX.platform/Developer/SDKs/MacOSX26.1.sdk -I /Users/rogerlin/Library/Developer/Xcode/DerivedData/FinancialCalculatorKit-ackorybalcxbfocbkqsfdzcfkgmn/Build/Products/Debug -Isystem /Applications/Xcode.app/Contents/Developer/Platforms/MacOSX.platform/Developer/usr/lib -F /Users/rogerlin/Library/Developer/Xcode/DerivedData/FinancialCalculatorKit-ackorybalcxbfocbkqsfdzcfkgmn/Build/Products/Debug -F /Applications/Xcode.app/Contents/Developer/Platforms/MacOSX.platform/Developer/Library/Frameworks -no-color-diagnostics -Xcc -fno-color-diagnostics -enable-testing -g -debug-info-format\=dwarf -dwarf-version\=4 -module-cache-path /Users/rogerlin/Library/Developer/Xcode/DerivedData/FinancialCalculatorKit-ackorybalcxbfocbkqsfdzcfkgmn/Build/Intermediates.noindex/SwiftExplicitPrecompiledModules -suppress-warnings -profile-generate -profile-coverage-mapping -swift-version 6 -enforce-exclusivity\=checked -Onone -D SWIFT_PACKAGE -D DEBUG -D SWIFT_MODULE_RESOURCE_BUNDLE_UNAVAILABLE -D Xcode -serialize-debugging-options -const-gather-protocols-file /Users/rogerlin/Library/Developer/Xcode/DerivedData/FinancialCalculatorKit-ackorybalcxbfocbkqsfdzcfkgmn/Build/Intermediates.noindex/xctest-dynamic-overlay.build/Debug/IssueReporting.build/Objects-normal/arm64/IssueReporting_const_extract_protocols.json -enable-experimental-feature DebugDescriptionMacro -empty-abi-descriptor -user-module-version 1.5.2 -validate-clang-modules-once -clang-build-session-file /Users/rogerlin/Library/Developer/Xcode/DerivedData/ModuleCache.noindex/Session.modulevalidation -Xcc -working-directory -Xcc /Users/rogerlin/XCode-Projects/FinancialCalculatorKit-5.0-updated-accent-colors/FinancialCalculatorKit.xcodeproj -enable-anonymous-context-mangled-names -file-compilation-dir /Users/rogerlin/XCode-Projects/FinancialCalculatorKit-5.0-updated-accent-colors/FinancialCalculatorKit.xcodeproj -Xcc -D_LIBCPP_HARDENING_MODE\=_LIBCPP_HARDENING_MODE_DEBUG -Xcc -ivfsstatcache -Xcc /Users/rogerlin/Library/Developer/Xcode/DerivedData/SDKStatCaches.noindex/macosx26.1-25B74-3ae1261907bdadc328169391a47051a6.sdkstatcache -Xcc -I/Users/rogerlin/Library/Developer/Xcode/DerivedData/FinancialCalculatorKit-ackorybalcxbfocbkqsfdzcfkgmn/Build/Intermediates.noindex/xctest-dynamic-overlay.build/Debug/IssueReporting.build/swift-overrides.hmap -Xcc -I/Users/rogerlin/Library/Developer/Xcode/DerivedData/FinancialCalculatorKit-ackorybalcxbfocbkqsfdzcfkgmn/Build/Products/Debug/include -Xcc -I/Users/rogerlin/Library/Developer/Xcode/DerivedData/FinancialCalculatorKit-ackorybalcxbfocbkqsfdzcfkgmn/Build/Intermediates.noindex/xctest-dynamic-overlay.build/Debug/IssueReporting.build/DerivedSources-normal/arm64 -Xcc -I/Users/rogerlin/Library/Developer/Xcode/DerivedData/FinancialCalculatorKit-ackorybalcxbfocbkqsfdzcfkgmn/Build/Intermediates.noindex/xctest-dynamic-overlay.build/Debug/IssueReporting.build/DerivedSources/arm64 -Xcc -I/Users/rogerlin/Library/Developer/Xcode/DerivedData/FinancialCalculatorKit-ackorybalcxbfocbkqsfdzcfkgmn/Build/Intermediates.noindex/xctest-dynamic-overlay.build/Debug/IssueReporting.build/DerivedSources -Xcc -DSWIFT_PACKAGE -Xcc -DDEBUG\=1 -no-auto-bridging-header-chaining -module-name IssueReporting -package-name xctest_dynamic_overlay -frontend-parseable-output -disable-clang-spi -target-sdk-version 26.1 -target-sdk-name macosx26.1 -clang-target arm64-apple-macos26.1 -in-process-plugin-server-path /Applications/Xcode.app/Contents/Developer/Toolchains/XcodeDefault.xctoolchain/usr/lib/swift/host/libSwiftInProcPluginServer.dylib -o /Users/rogerlin/Library/Developer/Xcode/DerivedData/FinancialCalculatorKit-ackorybalcxbfocbkqsfdzcfkgmn/Build/Intermediates.noindex/xctest-dynamic-overlay.build/Debug/IssueReporting.build/Objects-normal/arm64/Deprecations.o -o /Users/rogerlin/Library/Developer/Xcode/DerivedData/FinancialCalculatorKit-ackorybalcxbfocbkqsfdzcfkgmn/Build/Intermediates.noindex/xctest-dynamic-overlay.build/Debug/IssueReporting.build/Objects-normal/arm64/FailureObserver.o -index-unit-output-path /xctest-dynamic-overlay.build/Debug/IssueReporting.build/Objects-normal/arm64/Deprecations.o -index-unit-output-path /xctest-dynamic-overlay.build/Debug/IssueReporting.build/Objects-normal/arm64/FailureObserver.o -index-store-path /Users/rogerlin/Library/Developer/Xcode/DerivedData/FinancialCalculatorKit-ackorybalcxbfocbkqsfdzcfkgmn/Index.noindex/DataStore -index-system-modules

SwiftCompile normal arm64 /Users/rogerlin/Library/Developer/Xcode/DerivedData/FinancialCalculatorKit-ackorybalcxbfocbkqsfdzcfkgmn/SourcePackages/checkouts/xctest-dynamic-overlay/Sources/IssueReporting/Internal/Deprecations.swift (in target 'IssueReporting' from project 'xctest-dynamic-overlay')
    cd /Users/rogerlin/XCode-Projects/FinancialCalculatorKit-5.0-updated-accent-colors/FinancialCalculatorKit.xcodeproj
    

SwiftCompile normal arm64 /Users/rogerlin/Library/Developer/Xcode/DerivedData/FinancialCalculatorKit-ackorybalcxbfocbkqsfdzcfkgmn/SourcePackages/checkouts/xctest-dynamic-overlay/Sources/IssueReporting/Internal/FailureObserver.swift (in target 'IssueReporting' from project 'xctest-dynamic-overlay')
    cd /Users/rogerlin/XCode-Projects/FinancialCalculatorKit-5.0-updated-accent-colors/FinancialCalculatorKit.xcodeproj
    

SwiftDriverJobDiscovery normal arm64 Compiling SafeOptions.swift, SafeProtocols.swift, SafeStyles.swift (in target 'MathJaxSwift' from project 'MathJaxSwift')

SwiftCompile normal arm64 Compiling\ BreakpointReporter.swift /Users/rogerlin/Library/Developer/Xcode/DerivedData/FinancialCalculatorKit-ackorybalcxbfocbkqsfdzcfkgmn/SourcePackages/checkouts/xctest-dynamic-overlay/Sources/IssueReporting/IssueReporters/BreakpointReporter.swift (in target 'IssueReporting' from project 'xctest-dynamic-overlay')
/Applications/Xcode.app/Contents/Developer/Toolchains/XcodeDefault.xctoolchain/usr/bin/swift-frontend -frontend -c /Users/rogerlin/Library/Developer/Xcode/DerivedData/FinancialCalculatorKit-ackorybalcxbfocbkqsfdzcfkgmn/SourcePackages/checkouts/xctest-dynamic-overlay/Sources/IssueReporting/ErrorReporting.swift /Users/rogerlin/Library/Developer/Xcode/DerivedData/FinancialCalculatorKit-ackorybalcxbfocbkqsfdzcfkgmn/SourcePackages/checkouts/xctest-dynamic-overlay/Sources/IssueReporting/Internal/AppHostWarning.swift /Users/rogerlin/Library/Developer/Xcode/DerivedData/FinancialCalculatorKit-ackorybalcxbfocbkqsfdzcfkgmn/SourcePackages/checkouts/xctest-dynamic-overlay/Sources/IssueReporting/Internal/Deprecations.swift /Users/rogerlin/Library/Developer/Xcode/DerivedData/FinancialCalculatorKit-ackorybalcxbfocbkqsfdzcfkgmn/SourcePackages/checkouts/xctest-dynamic-overlay/Sources/IssueReporting/Internal/FailureObserver.swift /Users/rogerlin/Library/Developer/Xcode/DerivedData/FinancialCalculatorKit-ackorybalcxbfocbkqsfdzcfkgmn/SourcePackages/checkouts/xctest-dynamic-overlay/Sources/IssueReporting/Internal/LockIsolated.swift /Users/rogerlin/Library/Developer/Xcode/DerivedData/FinancialCalculatorKit-ackorybalcxbfocbkqsfdzcfkgmn/SourcePackages/checkouts/xctest-dynamic-overlay/Sources/IssueReporting/Internal/Rethrows.swift /Users/rogerlin/Library/Developer/Xcode/DerivedData/FinancialCalculatorKit-ackorybalcxbfocbkqsfdzcfkgmn/SourcePackages/checkouts/xctest-dynamic-overlay/Sources/IssueReporting/Internal/SwiftTesting.swift /Users/rogerlin/Library/Developer/Xcode/DerivedData/FinancialCalculatorKit-ackorybalcxbfocbkqsfdzcfkgmn/SourcePackages/checkouts/xctest-dynamic-overlay/Sources/IssueReporting/Internal/UncheckedSendable.swift /Users/rogerlin/Library/Developer/Xcode/DerivedData/FinancialCalculatorKit-ackorybalcxbfocbkqsfdzcfkgmn/SourcePackages/checkouts/xctest-dynamic-overlay/Sources/IssueReporting/Internal/Warn.swift /Users/rogerlin/Library/Developer/Xcode/DerivedData/FinancialCalculatorKit-ackorybalcxbfocbkqsfdzcfkgmn/SourcePackages/checkouts/xctest-dynamic-overlay/Sources/IssueReporting/Internal/XCTest.swift /Users/rogerlin/Library/Developer/Xcode/DerivedData/FinancialCalculatorKit-ackorybalcxbfocbkqsfdzcfkgmn/SourcePackages/checkouts/xctest-dynamic-overlay/Sources/IssueReporting/IsTesting.swift /Users/rogerlin/Library/Developer/Xcode/DerivedData/FinancialCalculatorKit-ackorybalcxbfocbkqsfdzcfkgmn/SourcePackages/checkouts/xctest-dynamic-overlay/Sources/IssueReporting/IssueReporter.swift -primary-file /Users/rogerlin/Library/Developer/Xcode/DerivedData/FinancialCalculatorKit-ackorybalcxbfocbkqsfdzcfkgmn/SourcePackages/checkouts/xctest-dynamic-overlay/Sources/IssueReporting/IssueReporters/BreakpointReporter.swift /Users/rogerlin/Library/Developer/Xcode/DerivedData/FinancialCalculatorKit-ackorybalcxbfocbkqsfdzcfkgmn/SourcePackages/checkouts/xctest-dynamic-overlay/Sources/IssueReporting/IssueReporters/FatalErrorReporter.swift /Users/rogerlin/Library/Developer/Xcode/DerivedData/FinancialCalculatorKit-ackorybalcxbfocbkqsfdzcfkgmn/SourcePackages/checkouts/xctest-dynamic-overlay/Sources/IssueReporting/IssueReporters/RuntimeWarningReporter.swift /Users/rogerlin/Library/Developer/Xcode/DerivedData/FinancialCalculatorKit-ackorybalcxbfocbkqsfdzcfkgmn/SourcePackages/checkouts/xctest-dynamic-overlay/Sources/IssueReporting/ReportIssue.swift /Users/rogerlin/Library/Developer/Xcode/DerivedData/FinancialCalculatorKit-ackorybalcxbfocbkqsfdzcfkgmn/SourcePackages/checkouts/xctest-dynamic-overlay/Sources/IssueReporting/TestContext.swift /Users/rogerlin/Library/Developer/Xcode/DerivedData/FinancialCalculatorKit-ackorybalcxbfocbkqsfdzcfkgmn/SourcePackages/checkouts/xctest-dynamic-overlay/Sources/IssueReporting/Unimplemented.swift /Users/rogerlin/Library/Developer/Xcode/DerivedData/FinancialCalculatorKit-ackorybalcxbfocbkqsfdzcfkgmn/SourcePackages/checkouts/xctest-dynamic-overlay/Sources/IssueReporting/WithExpectedIssue.swift /Users/rogerlin/Library/Developer/Xcode/DerivedData/FinancialCalculatorKit-ackorybalcxbfocbkqsfdzcfkgmn/SourcePackages/checkouts/xctest-dynamic-overlay/Sources/IssueReporting/WithIssueContext.swift -emit-dependencies-path /Users/rogerlin/Library/Developer/Xcode/DerivedData/FinancialCalculatorKit-ackorybalcxbfocbkqsfdzcfkgmn/Build/Intermediates.noindex/xctest-dynamic-overlay.build/Debug/IssueReporting.build/Objects-normal/arm64/BreakpointReporter.d -emit-const-values-path /Users/rogerlin/Library/Developer/Xcode/DerivedData/FinancialCalculatorKit-ackorybalcxbfocbkqsfdzcfkgmn/Build/Intermediates.noindex/xctest-dynamic-overlay.build/Debug/IssueReporting.build/Objects-normal/arm64/BreakpointReporter.swiftconstvalues -emit-reference-dependencies-path /Users/rogerlin/Library/Developer/Xcode/DerivedData/FinancialCalculatorKit-ackorybalcxbfocbkqsfdzcfkgmn/Build/Intermediates.noindex/xctest-dynamic-overlay.build/Debug/IssueReporting.build/Objects-normal/arm64/BreakpointReporter.swiftdeps -serialize-diagnostics-path /Users/rogerlin/Library/Developer/Xcode/DerivedData/FinancialCalculatorKit-ackorybalcxbfocbkqsfdzcfkgmn/Build/Intermediates.noindex/xctest-dynamic-overlay.build/Debug/IssueReporting.build/Objects-normal/arm64/BreakpointReporter.dia -target arm64-apple-macos10.15 -module-can-import-version Darwin 347.40.2 0 -module-can-import-version os 1076.40.2 0 -load-resolved-plugin /Applications/Xcode.app/Contents/Developer/Platforms/MacOSX.platform/Developer/usr/lib/swift/host/plugins/libFoundationMacros.dylib\#/Applications/Xcode.app/Contents/Developer/Platforms/MacOSX.platform/Developer/usr/bin/swift-plugin-server\#FoundationMacros -load-resolved-plugin /Applications/Xcode.app/Contents/Developer/Platforms/MacOSX.platform/Developer/usr/lib/swift/host/plugins/libObservationMacros.dylib\#/Applications/Xcode.app/Contents/Developer/Platforms/MacOSX.platform/Developer/usr/bin/swift-plugin-server\#ObservationMacros -load-resolved-plugin /Applications/Xcode.app/Contents/Developer/Platforms/MacOSX.platform/Developer/usr/lib/swift/host/plugins/libSwiftMacros.dylib\#/Applications/Xcode.app/Contents/Developer/Platforms/MacOSX.platform/Developer/usr/bin/swift-plugin-server\#SwiftMacros -disable-implicit-swift-modules -Xcc -fno-implicit-modules -Xcc -fno-implicit-module-maps -explicit-swift-module-map-file /Users/rogerlin/Library/Developer/Xcode/DerivedData/FinancialCalculatorKit-ackorybalcxbfocbkqsfdzcfkgmn/Build/Intermediates.noindex/xctest-dynamic-overlay.build/Debug/IssueReporting.build/Objects-normal/arm64/IssueReporting-dependencies-1.json -Xllvm -aarch64-use-tbi -enable-objc-interop -stack-check -sdk /Applications/Xcode.app/Contents/Developer/Platforms/MacOSX.platform/Developer/SDKs/MacOSX26.1.sdk -I /Users/rogerlin/Library/Developer/Xcode/DerivedData/FinancialCalculatorKit-ackorybalcxbfocbkqsfdzcfkgmn/Build/Products/Debug -Isystem /Applications/Xcode.app/Contents/Developer/Platforms/MacOSX.platform/Developer/usr/lib -F /Users/rogerlin/Library/Developer/Xcode/DerivedData/FinancialCalculatorKit-ackorybalcxbfocbkqsfdzcfkgmn/Build/Products/Debug -F /Applications/Xcode.app/Contents/Developer/Platforms/MacOSX.platform/Developer/Library/Frameworks -no-color-diagnostics -Xcc -fno-color-diagnostics -enable-testing -g -debug-info-format\=dwarf -dwarf-version\=4 -module-cache-path /Users/rogerlin/Library/Developer/Xcode/DerivedData/FinancialCalculatorKit-ackorybalcxbfocbkqsfdzcfkgmn/Build/Intermediates.noindex/SwiftExplicitPrecompiledModules -suppress-warnings -profile-generate -profile-coverage-mapping -swift-version 6 -enforce-exclusivity\=checked -Onone -D SWIFT_PACKAGE -D DEBUG -D SWIFT_MODULE_RESOURCE_BUNDLE_UNAVAILABLE -D Xcode -serialize-debugging-options -const-gather-protocols-file /Users/rogerlin/Library/Developer/Xcode/DerivedData/FinancialCalculatorKit-ackorybalcxbfocbkqsfdzcfkgmn/Build/Intermediates.noindex/xctest-dynamic-overlay.build/Debug/IssueReporting.build/Objects-normal/arm64/IssueReporting_const_extract_protocols.json -enable-experimental-feature DebugDescriptionMacro -empty-abi-descriptor -user-module-version 1.5.2 -validate-clang-modules-once -clang-build-session-file /Users/rogerlin/Library/Developer/Xcode/DerivedData/ModuleCache.noindex/Session.modulevalidation -Xcc -working-directory -Xcc /Users/rogerlin/XCode-Projects/FinancialCalculatorKit-5.0-updated-accent-colors/FinancialCalculatorKit.xcodeproj -enable-anonymous-context-mangled-names -file-compilation-dir /Users/rogerlin/XCode-Projects/FinancialCalculatorKit-5.0-updated-accent-colors/FinancialCalculatorKit.xcodeproj -Xcc -D_LIBCPP_HARDENING_MODE\=_LIBCPP_HARDENING_MODE_DEBUG -Xcc -ivfsstatcache -Xcc /Users/rogerlin/Library/Developer/Xcode/DerivedData/SDKStatCaches.noindex/macosx26.1-25B74-3ae1261907bdadc328169391a47051a6.sdkstatcache -Xcc -I/Users/rogerlin/Library/Developer/Xcode/DerivedData/FinancialCalculatorKit-ackorybalcxbfocbkqsfdzcfkgmn/Build/Intermediates.noindex/xctest-dynamic-overlay.build/Debug/IssueReporting.build/swift-overrides.hmap -Xcc -I/Users/rogerlin/Library/Developer/Xcode/DerivedData/FinancialCalculatorKit-ackorybalcxbfocbkqsfdzcfkgmn/Build/Products/Debug/include -Xcc -I/Users/rogerlin/Library/Developer/Xcode/DerivedData/FinancialCalculatorKit-ackorybalcxbfocbkqsfdzcfkgmn/Build/Intermediates.noindex/xctest-dynamic-overlay.build/Debug/IssueReporting.build/DerivedSources-normal/arm64 -Xcc -I/Users/rogerlin/Library/Developer/Xcode/DerivedData/FinancialCalculatorKit-ackorybalcxbfocbkqsfdzcfkgmn/Build/Intermediates.noindex/xctest-dynamic-overlay.build/Debug/IssueReporting.build/DerivedSources/arm64 -Xcc -I/Users/rogerlin/Library/Developer/Xcode/DerivedData/FinancialCalculatorKit-ackorybalcxbfocbkqsfdzcfkgmn/Build/Intermediates.noindex/xctest-dynamic-overlay.build/Debug/IssueReporting.build/DerivedSources -Xcc -DSWIFT_PACKAGE -Xcc -DDEBUG\=1 -no-auto-bridging-header-chaining -module-name IssueReporting -package-name xctest_dynamic_overlay -frontend-parseable-output -disable-clang-spi -target-sdk-version 26.1 -target-sdk-name macosx26.1 -clang-target arm64-apple-macos26.1 -in-process-plugin-server-path /Applications/Xcode.app/Contents/Developer/Toolchains/XcodeDefault.xctoolchain/usr/lib/swift/host/libSwiftInProcPluginServer.dylib -o /Users/rogerlin/Library/Developer/Xcode/DerivedData/FinancialCalculatorKit-ackorybalcxbfocbkqsfdzcfkgmn/Build/Intermediates.noindex/xctest-dynamic-overlay.build/Debug/IssueReporting.build/Objects-normal/arm64/BreakpointReporter.o -index-unit-output-path /xctest-dynamic-overlay.build/Debug/IssueReporting.build/Objects-normal/arm64/BreakpointReporter.o -index-store-path /Users/rogerlin/Library/Developer/Xcode/DerivedData/FinancialCalculatorKit-ackorybalcxbfocbkqsfdzcfkgmn/Index.noindex/DataStore -index-system-modules

SwiftCompile normal arm64 /Users/rogerlin/Library/Developer/Xcode/DerivedData/FinancialCalculatorKit-ackorybalcxbfocbkqsfdzcfkgmn/SourcePackages/checkouts/xctest-dynamic-overlay/Sources/IssueReporting/IssueReporters/BreakpointReporter.swift (in target 'IssueReporting' from project 'xctest-dynamic-overlay')
    cd /Users/rogerlin/XCode-Projects/FinancialCalculatorKit-5.0-updated-accent-colors/FinancialCalculatorKit.xcodeproj
    

SwiftDriverJobDiscovery normal arm64 Compiling TeX2MML.swift, TeX2SVG.swift, Constants.swift (in target 'MathJaxSwift' from project 'MathJaxSwift')

SwiftDriverJobDiscovery normal arm64 Compiling AMSCDOptions.swift, AMSOptions.swift, AutoloadOptions.swift (in target 'MathJaxSwift' from project 'MathJaxSwift')

SwiftCompile normal arm64 Compiling\ WithIssueContext.swift /Users/rogerlin/Library/Developer/Xcode/DerivedData/FinancialCalculatorKit-ackorybalcxbfocbkqsfdzcfkgmn/SourcePackages/checkouts/xctest-dynamic-overlay/Sources/IssueReporting/WithIssueContext.swift (in target 'IssueReporting' from project 'xctest-dynamic-overlay')
/Applications/Xcode.app/Contents/Developer/Toolchains/XcodeDefault.xctoolchain/usr/bin/swift-frontend -frontend -c /Users/rogerlin/Library/Developer/Xcode/DerivedData/FinancialCalculatorKit-ackorybalcxbfocbkqsfdzcfkgmn/SourcePackages/checkouts/xctest-dynamic-overlay/Sources/IssueReporting/ErrorReporting.swift /Users/rogerlin/Library/Developer/Xcode/DerivedData/FinancialCalculatorKit-ackorybalcxbfocbkqsfdzcfkgmn/SourcePackages/checkouts/xctest-dynamic-overlay/Sources/IssueReporting/Internal/AppHostWarning.swift /Users/rogerlin/Library/Developer/Xcode/DerivedData/FinancialCalculatorKit-ackorybalcxbfocbkqsfdzcfkgmn/SourcePackages/checkouts/xctest-dynamic-overlay/Sources/IssueReporting/Internal/Deprecations.swift /Users/rogerlin/Library/Developer/Xcode/DerivedData/FinancialCalculatorKit-ackorybalcxbfocbkqsfdzcfkgmn/SourcePackages/checkouts/xctest-dynamic-overlay/Sources/IssueReporting/Internal/FailureObserver.swift /Users/rogerlin/Library/Developer/Xcode/DerivedData/FinancialCalculatorKit-ackorybalcxbfocbkqsfdzcfkgmn/SourcePackages/checkouts/xctest-dynamic-overlay/Sources/IssueReporting/Internal/LockIsolated.swift /Users/rogerlin/Library/Developer/Xcode/DerivedData/FinancialCalculatorKit-ackorybalcxbfocbkqsfdzcfkgmn/SourcePackages/checkouts/xctest-dynamic-overlay/Sources/IssueReporting/Internal/Rethrows.swift /Users/rogerlin/Library/Developer/Xcode/DerivedData/FinancialCalculatorKit-ackorybalcxbfocbkqsfdzcfkgmn/SourcePackages/checkouts/xctest-dynamic-overlay/Sources/IssueReporting/Internal/SwiftTesting.swift /Users/rogerlin/Library/Developer/Xcode/DerivedData/FinancialCalculatorKit-ackorybalcxbfocbkqsfdzcfkgmn/SourcePackages/checkouts/xctest-dynamic-overlay/Sources/IssueReporting/Internal/UncheckedSendable.swift /Users/rogerlin/Library/Developer/Xcode/DerivedData/FinancialCalculatorKit-ackorybalcxbfocbkqsfdzcfkgmn/SourcePackages/checkouts/xctest-dynamic-overlay/Sources/IssueReporting/Internal/Warn.swift /Users/rogerlin/Library/Developer/Xcode/DerivedData/FinancialCalculatorKit-ackorybalcxbfocbkqsfdzcfkgmn/SourcePackages/checkouts/xctest-dynamic-overlay/Sources/IssueReporting/Internal/XCTest.swift /Users/rogerlin/Library/Developer/Xcode/DerivedData/FinancialCalculatorKit-ackorybalcxbfocbkqsfdzcfkgmn/SourcePackages/checkouts/xctest-dynamic-overlay/Sources/IssueReporting/IsTesting.swift /Users/rogerlin/Library/Developer/Xcode/DerivedData/FinancialCalculatorKit-ackorybalcxbfocbkqsfdzcfkgmn/SourcePackages/checkouts/xctest-dynamic-overlay/Sources/IssueReporting/IssueReporter.swift /Users/rogerlin/Library/Developer/Xcode/DerivedData/FinancialCalculatorKit-ackorybalcxbfocbkqsfdzcfkgmn/SourcePackages/checkouts/xctest-dynamic-overlay/Sources/IssueReporting/IssueReporters/BreakpointReporter.swift /Users/rogerlin/Library/Developer/Xcode/DerivedData/FinancialCalculatorKit-ackorybalcxbfocbkqsfdzcfkgmn/SourcePackages/checkouts/xctest-dynamic-overlay/Sources/IssueReporting/IssueReporters/FatalErrorReporter.swift /Users/rogerlin/Library/Developer/Xcode/DerivedData/FinancialCalculatorKit-ackorybalcxbfocbkqsfdzcfkgmn/SourcePackages/checkouts/xctest-dynamic-overlay/Sources/IssueReporting/IssueReporters/RuntimeWarningReporter.swift /Users/rogerlin/Library/Developer/Xcode/DerivedData/FinancialCalculatorKit-ackorybalcxbfocbkqsfdzcfkgmn/SourcePackages/checkouts/xctest-dynamic-overlay/Sources/IssueReporting/ReportIssue.swift /Users/rogerlin/Library/Developer/Xcode/DerivedData/FinancialCalculatorKit-ackorybalcxbfocbkqsfdzcfkgmn/SourcePackages/checkouts/xctest-dynamic-overlay/Sources/IssueReporting/TestContext.swift /Users/rogerlin/Library/Developer/Xcode/DerivedData/FinancialCalculatorKit-ackorybalcxbfocbkqsfdzcfkgmn/SourcePackages/checkouts/xctest-dynamic-overlay/Sources/IssueReporting/Unimplemented.swift /Users/rogerlin/Library/Developer/Xcode/DerivedData/FinancialCalculatorKit-ackorybalcxbfocbkqsfdzcfkgmn/SourcePackages/checkouts/xctest-dynamic-overlay/Sources/IssueReporting/WithExpectedIssue.swift -primary-file /Users/rogerlin/Library/Developer/Xcode/DerivedData/FinancialCalculatorKit-ackorybalcxbfocbkqsfdzcfkgmn/SourcePackages/checkouts/xctest-dynamic-overlay/Sources/IssueReporting/WithIssueContext.swift -emit-dependencies-path /Users/rogerlin/Library/Developer/Xcode/DerivedData/FinancialCalculatorKit-ackorybalcxbfocbkqsfdzcfkgmn/Build/Intermediates.noindex/xctest-dynamic-overlay.build/Debug/IssueReporting.build/Objects-normal/arm64/WithIssueContext.d -emit-const-values-path /Users/rogerlin/Library/Developer/Xcode/DerivedData/FinancialCalculatorKit-ackorybalcxbfocbkqsfdzcfkgmn/Build/Intermediates.noindex/xctest-dynamic-overlay.build/Debug/IssueReporting.build/Objects-normal/arm64/WithIssueContext.swiftconstvalues -emit-reference-dependencies-path /Users/rogerlin/Library/Developer/Xcode/DerivedData/FinancialCalculatorKit-ackorybalcxbfocbkqsfdzcfkgmn/Build/Intermediates.noindex/xctest-dynamic-overlay.build/Debug/IssueReporting.build/Objects-normal/arm64/WithIssueContext.swiftdeps -serialize-diagnostics-path /Users/rogerlin/Library/Developer/Xcode/DerivedData/FinancialCalculatorKit-ackorybalcxbfocbkqsfdzcfkgmn/Build/Intermediates.noindex/xctest-dynamic-overlay.build/Debug/IssueReporting.build/Objects-normal/arm64/WithIssueContext.dia -target arm64-apple-macos10.15 -module-can-import-version Darwin 347.40.2 0 -module-can-import-version os 1076.40.2 0 -load-resolved-plugin /Applications/Xcode.app/Contents/Developer/Platforms/MacOSX.platform/Developer/usr/lib/swift/host/plugins/libFoundationMacros.dylib\#/Applications/Xcode.app/Contents/Developer/Platforms/MacOSX.platform/Developer/usr/bin/swift-plugin-server\#FoundationMacros -load-resolved-plugin /Applications/Xcode.app/Contents/Developer/Platforms/MacOSX.platform/Developer/usr/lib/swift/host/plugins/libObservationMacros.dylib\#/Applications/Xcode.app/Contents/Developer/Platforms/MacOSX.platform/Developer/usr/bin/swift-plugin-server\#ObservationMacros -load-resolved-plugin /Applications/Xcode.app/Contents/Developer/Platforms/MacOSX.platform/Developer/usr/lib/swift/host/plugins/libSwiftMacros.dylib\#/Applications/Xcode.app/Contents/Developer/Platforms/MacOSX.platform/Developer/usr/bin/swift-plugin-server\#SwiftMacros -disable-implicit-swift-modules -Xcc -fno-implicit-modules -Xcc -fno-implicit-module-maps -explicit-swift-module-map-file /Users/rogerlin/Library/Developer/Xcode/DerivedData/FinancialCalculatorKit-ackorybalcxbfocbkqsfdzcfkgmn/Build/Intermediates.noindex/xctest-dynamic-overlay.build/Debug/IssueReporting.build/Objects-normal/arm64/IssueReporting-dependencies-1.json -Xllvm -aarch64-use-tbi -enable-objc-interop -stack-check -sdk /Applications/Xcode.app/Contents/Developer/Platforms/MacOSX.platform/Developer/SDKs/MacOSX26.1.sdk -I /Users/rogerlin/Library/Developer/Xcode/DerivedData/FinancialCalculatorKit-ackorybalcxbfocbkqsfdzcfkgmn/Build/Products/Debug -Isystem /Applications/Xcode.app/Contents/Developer/Platforms/MacOSX.platform/Developer/usr/lib -F /Users/rogerlin/Library/Developer/Xcode/DerivedData/FinancialCalculatorKit-ackorybalcxbfocbkqsfdzcfkgmn/Build/Products/Debug -F /Applications/Xcode.app/Contents/Developer/Platforms/MacOSX.platform/Developer/Library/Frameworks -no-color-diagnostics -Xcc -fno-color-diagnostics -enable-testing -g -debug-info-format\=dwarf -dwarf-version\=4 -module-cache-path /Users/rogerlin/Library/Developer/Xcode/DerivedData/FinancialCalculatorKit-ackorybalcxbfocbkqsfdzcfkgmn/Build/Intermediates.noindex/SwiftExplicitPrecompiledModules -suppress-warnings -profile-generate -profile-coverage-mapping -swift-version 6 -enforce-exclusivity\=checked -Onone -D SWIFT_PACKAGE -D DEBUG -D SWIFT_MODULE_RESOURCE_BUNDLE_UNAVAILABLE -D Xcode -serialize-debugging-options -const-gather-protocols-file /Users/rogerlin/Library/Developer/Xcode/DerivedData/FinancialCalculatorKit-ackorybalcxbfocbkqsfdzcfkgmn/Build/Intermediates.noindex/xctest-dynamic-overlay.build/Debug/IssueReporting.build/Objects-normal/arm64/IssueReporting_const_extract_protocols.json -enable-experimental-feature DebugDescriptionMacro -empty-abi-descriptor -user-module-version 1.5.2 -validate-clang-modules-once -clang-build-session-file /Users/rogerlin/Library/Developer/Xcode/DerivedData/ModuleCache.noindex/Session.modulevalidation -Xcc -working-directory -Xcc /Users/rogerlin/XCode-Projects/FinancialCalculatorKit-5.0-updated-accent-colors/FinancialCalculatorKit.xcodeproj -enable-anonymous-context-mangled-names -file-compilation-dir /Users/rogerlin/XCode-Projects/FinancialCalculatorKit-5.0-updated-accent-colors/FinancialCalculatorKit.xcodeproj -Xcc -D_LIBCPP_HARDENING_MODE\=_LIBCPP_HARDENING_MODE_DEBUG -Xcc -ivfsstatcache -Xcc /Users/rogerlin/Library/Developer/Xcode/DerivedData/SDKStatCaches.noindex/macosx26.1-25B74-3ae1261907bdadc328169391a47051a6.sdkstatcache -Xcc -I/Users/rogerlin/Library/Developer/Xcode/DerivedData/FinancialCalculatorKit-ackorybalcxbfocbkqsfdzcfkgmn/Build/Intermediates.noindex/xctest-dynamic-overlay.build/Debug/IssueReporting.build/swift-overrides.hmap -Xcc -I/Users/rogerlin/Library/Developer/Xcode/DerivedData/FinancialCalculatorKit-ackorybalcxbfocbkqsfdzcfkgmn/Build/Products/Debug/include -Xcc -I/Users/rogerlin/Library/Developer/Xcode/DerivedData/FinancialCalculatorKit-ackorybalcxbfocbkqsfdzcfkgmn/Build/Intermediates.noindex/xctest-dynamic-overlay.build/Debug/IssueReporting.build/DerivedSources-normal/arm64 -Xcc -I/Users/rogerlin/Library/Developer/Xcode/DerivedData/FinancialCalculatorKit-ackorybalcxbfocbkqsfdzcfkgmn/Build/Intermediates.noindex/xctest-dynamic-overlay.build/Debug/IssueReporting.build/DerivedSources/arm64 -Xcc -I/Users/rogerlin/Library/Developer/Xcode/DerivedData/FinancialCalculatorKit-ackorybalcxbfocbkqsfdzcfkgmn/Build/Intermediates.noindex/xctest-dynamic-overlay.build/Debug/IssueReporting.build/DerivedSources -Xcc -DSWIFT_PACKAGE -Xcc -DDEBUG\=1 -no-auto-bridging-header-chaining -module-name IssueReporting -package-name xctest_dynamic_overlay -frontend-parseable-output -disable-clang-spi -target-sdk-version 26.1 -target-sdk-name macosx26.1 -clang-target arm64-apple-macos26.1 -in-process-plugin-server-path /Applications/Xcode.app/Contents/Developer/Toolchains/XcodeDefault.xctoolchain/usr/lib/swift/host/libSwiftInProcPluginServer.dylib -o /Users/rogerlin/Library/Developer/Xcode/DerivedData/FinancialCalculatorKit-ackorybalcxbfocbkqsfdzcfkgmn/Build/Intermediates.noindex/xctest-dynamic-overlay.build/Debug/IssueReporting.build/Objects-normal/arm64/WithIssueContext.o -index-unit-output-path /xctest-dynamic-overlay.build/Debug/IssueReporting.build/Objects-normal/arm64/WithIssueContext.o -index-store-path /Users/rogerlin/Library/Developer/Xcode/DerivedData/FinancialCalculatorKit-ackorybalcxbfocbkqsfdzcfkgmn/Index.noindex/DataStore -index-system-modules

SwiftCompile normal arm64 /Users/rogerlin/Library/Developer/Xcode/DerivedData/FinancialCalculatorKit-ackorybalcxbfocbkqsfdzcfkgmn/SourcePackages/checkouts/xctest-dynamic-overlay/Sources/IssueReporting/WithIssueContext.swift (in target 'IssueReporting' from project 'xctest-dynamic-overlay')
    cd /Users/rogerlin/XCode-Projects/FinancialCalculatorKit-5.0-updated-accent-colors/FinancialCalculatorKit.xcodeproj
    

SwiftDriverJobDiscovery normal arm64 Compiling XCTest.swift (in target 'IssueReporting' from project 'xctest-dynamic-overlay')

SwiftCompile normal arm64 Compiling\ SwiftTesting.swift,\ UncheckedSendable.swift /Users/rogerlin/Library/Developer/Xcode/DerivedData/FinancialCalculatorKit-ackorybalcxbfocbkqsfdzcfkgmn/SourcePackages/checkouts/xctest-dynamic-overlay/Sources/IssueReporting/Internal/SwiftTesting.swift /Users/rogerlin/Library/Developer/Xcode/DerivedData/FinancialCalculatorKit-ackorybalcxbfocbkqsfdzcfkgmn/SourcePackages/checkouts/xctest-dynamic-overlay/Sources/IssueReporting/Internal/UncheckedSendable.swift (in target 'IssueReporting' from project 'xctest-dynamic-overlay')
/Applications/Xcode.app/Contents/Developer/Toolchains/XcodeDefault.xctoolchain/usr/bin/swift-frontend -frontend -c /Users/rogerlin/Library/Developer/Xcode/DerivedData/FinancialCalculatorKit-ackorybalcxbfocbkqsfdzcfkgmn/SourcePackages/checkouts/xctest-dynamic-overlay/Sources/IssueReporting/ErrorReporting.swift /Users/rogerlin/Library/Developer/Xcode/DerivedData/FinancialCalculatorKit-ackorybalcxbfocbkqsfdzcfkgmn/SourcePackages/checkouts/xctest-dynamic-overlay/Sources/IssueReporting/Internal/AppHostWarning.swift /Users/rogerlin/Library/Developer/Xcode/DerivedData/FinancialCalculatorKit-ackorybalcxbfocbkqsfdzcfkgmn/SourcePackages/checkouts/xctest-dynamic-overlay/Sources/IssueReporting/Internal/Deprecations.swift /Users/rogerlin/Library/Developer/Xcode/DerivedData/FinancialCalculatorKit-ackorybalcxbfocbkqsfdzcfkgmn/SourcePackages/checkouts/xctest-dynamic-overlay/Sources/IssueReporting/Internal/FailureObserver.swift /Users/rogerlin/Library/Developer/Xcode/DerivedData/FinancialCalculatorKit-ackorybalcxbfocbkqsfdzcfkgmn/SourcePackages/checkouts/xctest-dynamic-overlay/Sources/IssueReporting/Internal/LockIsolated.swift /Users/rogerlin/Library/Developer/Xcode/DerivedData/FinancialCalculatorKit-ackorybalcxbfocbkqsfdzcfkgmn/SourcePackages/checkouts/xctest-dynamic-overlay/Sources/IssueReporting/Internal/Rethrows.swift -primary-file /Users/rogerlin/Library/Developer/Xcode/DerivedData/FinancialCalculatorKit-ackorybalcxbfocbkqsfdzcfkgmn/SourcePackages/checkouts/xctest-dynamic-overlay/Sources/IssueReporting/Internal/SwiftTesting.swift -primary-file /Users/rogerlin/Library/Developer/Xcode/DerivedData/FinancialCalculatorKit-ackorybalcxbfocbkqsfdzcfkgmn/SourcePackages/checkouts/xctest-dynamic-overlay/Sources/IssueReporting/Internal/UncheckedSendable.swift /Users/rogerlin/Library/Developer/Xcode/DerivedData/FinancialCalculatorKit-ackorybalcxbfocbkqsfdzcfkgmn/SourcePackages/checkouts/xctest-dynamic-overlay/Sources/IssueReporting/Internal/Warn.swift /Users/rogerlin/Library/Developer/Xcode/DerivedData/FinancialCalculatorKit-ackorybalcxbfocbkqsfdzcfkgmn/SourcePackages/checkouts/xctest-dynamic-overlay/Sources/IssueReporting/Internal/XCTest.swift /Users/rogerlin/Library/Developer/Xcode/DerivedData/FinancialCalculatorKit-ackorybalcxbfocbkqsfdzcfkgmn/SourcePackages/checkouts/xctest-dynamic-overlay/Sources/IssueReporting/IsTesting.swift /Users/rogerlin/Library/Developer/Xcode/DerivedData/FinancialCalculatorKit-ackorybalcxbfocbkqsfdzcfkgmn/SourcePackages/checkouts/xctest-dynamic-overlay/Sources/IssueReporting/IssueReporter.swift /Users/rogerlin/Library/Developer/Xcode/DerivedData/FinancialCalculatorKit-ackorybalcxbfocbkqsfdzcfkgmn/SourcePackages/checkouts/xctest-dynamic-overlay/Sources/IssueReporting/IssueReporters/BreakpointReporter.swift /Users/rogerlin/Library/Developer/Xcode/DerivedData/FinancialCalculatorKit-ackorybalcxbfocbkqsfdzcfkgmn/SourcePackages/checkouts/xctest-dynamic-overlay/Sources/IssueReporting/IssueReporters/FatalErrorReporter.swift /Users/rogerlin/Library/Developer/Xcode/DerivedData/FinancialCalculatorKit-ackorybalcxbfocbkqsfdzcfkgmn/SourcePackages/checkouts/xctest-dynamic-overlay/Sources/IssueReporting/IssueReporters/RuntimeWarningReporter.swift /Users/rogerlin/Library/Developer/Xcode/DerivedData/FinancialCalculatorKit-ackorybalcxbfocbkqsfdzcfkgmn/SourcePackages/checkouts/xctest-dynamic-overlay/Sources/IssueReporting/ReportIssue.swift /Users/rogerlin/Library/Developer/Xcode/DerivedData/FinancialCalculatorKit-ackorybalcxbfocbkqsfdzcfkgmn/SourcePackages/checkouts/xctest-dynamic-overlay/Sources/IssueReporting/TestContext.swift /Users/rogerlin/Library/Developer/Xcode/DerivedData/FinancialCalculatorKit-ackorybalcxbfocbkqsfdzcfkgmn/SourcePackages/checkouts/xctest-dynamic-overlay/Sources/IssueReporting/Unimplemented.swift /Users/rogerlin/Library/Developer/Xcode/DerivedData/FinancialCalculatorKit-ackorybalcxbfocbkqsfdzcfkgmn/SourcePackages/checkouts/xctest-dynamic-overlay/Sources/IssueReporting/WithExpectedIssue.swift /Users/rogerlin/Library/Developer/Xcode/DerivedData/FinancialCalculatorKit-ackorybalcxbfocbkqsfdzcfkgmn/SourcePackages/checkouts/xctest-dynamic-overlay/Sources/IssueReporting/WithIssueContext.swift -emit-dependencies-path /Users/rogerlin/Library/Developer/Xcode/DerivedData/FinancialCalculatorKit-ackorybalcxbfocbkqsfdzcfkgmn/Build/Intermediates.noindex/xctest-dynamic-overlay.build/Debug/IssueReporting.build/Objects-normal/arm64/SwiftTesting.d -emit-const-values-path /Users/rogerlin/Library/Developer/Xcode/DerivedData/FinancialCalculatorKit-ackorybalcxbfocbkqsfdzcfkgmn/Build/Intermediates.noindex/xctest-dynamic-overlay.build/Debug/IssueReporting.build/Objects-normal/arm64/SwiftTesting.swiftconstvalues -emit-reference-dependencies-path /Users/rogerlin/Library/Developer/Xcode/DerivedData/FinancialCalculatorKit-ackorybalcxbfocbkqsfdzcfkgmn/Build/Intermediates.noindex/xctest-dynamic-overlay.build/Debug/IssueReporting.build/Objects-normal/arm64/SwiftTesting.swiftdeps -serialize-diagnostics-path /Users/rogerlin/Library/Developer/Xcode/DerivedData/FinancialCalculatorKit-ackorybalcxbfocbkqsfdzcfkgmn/Build/Intermediates.noindex/xctest-dynamic-overlay.build/Debug/IssueReporting.build/Objects-normal/arm64/SwiftTesting.dia -emit-dependencies-path /Users/rogerlin/Library/Developer/Xcode/DerivedData/FinancialCalculatorKit-ackorybalcxbfocbkqsfdzcfkgmn/Build/Intermediates.noindex/xctest-dynamic-overlay.build/Debug/IssueReporting.build/Objects-normal/arm64/UncheckedSendable.d -emit-const-values-path /Users/rogerlin/Library/Developer/Xcode/DerivedData/FinancialCalculatorKit-ackorybalcxbfocbkqsfdzcfkgmn/Build/Intermediates.noindex/xctest-dynamic-overlay.build/Debug/IssueReporting.build/Objects-normal/arm64/UncheckedSendable.swiftconstvalues -emit-reference-dependencies-path /Users/rogerlin/Library/Developer/Xcode/DerivedData/FinancialCalculatorKit-ackorybalcxbfocbkqsfdzcfkgmn/Build/Intermediates.noindex/xctest-dynamic-overlay.build/Debug/IssueReporting.build/Objects-normal/arm64/UncheckedSendable.swiftdeps -serialize-diagnostics-path /Users/rogerlin/Library/Developer/Xcode/DerivedData/FinancialCalculatorKit-ackorybalcxbfocbkqsfdzcfkgmn/Build/Intermediates.noindex/xctest-dynamic-overlay.build/Debug/IssueReporting.build/Objects-normal/arm64/UncheckedSendable.dia -target arm64-apple-macos10.15 -module-can-import-version Darwin 347.40.2 0 -module-can-import-version os 1076.40.2 0 -load-resolved-plugin /Applications/Xcode.app/Contents/Developer/Platforms/MacOSX.platform/Developer/usr/lib/swift/host/plugins/libFoundationMacros.dylib\#/Applications/Xcode.app/Contents/Developer/Platforms/MacOSX.platform/Developer/usr/bin/swift-plugin-server\#FoundationMacros -load-resolved-plugin /Applications/Xcode.app/Contents/Developer/Platforms/MacOSX.platform/Developer/usr/lib/swift/host/plugins/libObservationMacros.dylib\#/Applications/Xcode.app/Contents/Developer/Platforms/MacOSX.platform/Developer/usr/bin/swift-plugin-server\#ObservationMacros -load-resolved-plugin /Applications/Xcode.app/Contents/Developer/Platforms/MacOSX.platform/Developer/usr/lib/swift/host/plugins/libSwiftMacros.dylib\#/Applications/Xcode.app/Contents/Developer/Platforms/MacOSX.platform/Developer/usr/bin/swift-plugin-server\#SwiftMacros -disable-implicit-swift-modules -Xcc -fno-implicit-modules -Xcc -fno-implicit-module-maps -explicit-swift-module-map-file /Users/rogerlin/Library/Developer/Xcode/DerivedData/FinancialCalculatorKit-ackorybalcxbfocbkqsfdzcfkgmn/Build/Intermediates.noindex/xctest-dynamic-overlay.build/Debug/IssueReporting.build/Objects-normal/arm64/IssueReporting-dependencies-1.json -Xllvm -aarch64-use-tbi -enable-objc-interop -stack-check -sdk /Applications/Xcode.app/Contents/Developer/Platforms/MacOSX.platform/Developer/SDKs/MacOSX26.1.sdk -I /Users/rogerlin/Library/Developer/Xcode/DerivedData/FinancialCalculatorKit-ackorybalcxbfocbkqsfdzcfkgmn/Build/Products/Debug -Isystem /Applications/Xcode.app/Contents/Developer/Platforms/MacOSX.platform/Developer/usr/lib -F /Users/rogerlin/Library/Developer/Xcode/DerivedData/FinancialCalculatorKit-ackorybalcxbfocbkqsfdzcfkgmn/Build/Products/Debug -F /Applications/Xcode.app/Contents/Developer/Platforms/MacOSX.platform/Developer/Library/Frameworks -no-color-diagnostics -Xcc -fno-color-diagnostics -enable-testing -g -debug-info-format\=dwarf -dwarf-version\=4 -module-cache-path /Users/rogerlin/Library/Developer/Xcode/DerivedData/FinancialCalculatorKit-ackorybalcxbfocbkqsfdzcfkgmn/Build/Intermediates.noindex/SwiftExplicitPrecompiledModules -suppress-warnings -profile-generate -profile-coverage-mapping -swift-version 6 -enforce-exclusivity\=checked -Onone -D SWIFT_PACKAGE -D DEBUG -D SWIFT_MODULE_RESOURCE_BUNDLE_UNAVAILABLE -D Xcode -serialize-debugging-options -const-gather-protocols-file /Users/rogerlin/Library/Developer/Xcode/DerivedData/FinancialCalculatorKit-ackorybalcxbfocbkqsfdzcfkgmn/Build/Intermediates.noindex/xctest-dynamic-overlay.build/Debug/IssueReporting.build/Objects-normal/arm64/IssueReporting_const_extract_protocols.json -enable-experimental-feature DebugDescriptionMacro -empty-abi-descriptor -user-module-version 1.5.2 -validate-clang-modules-once -clang-build-session-file /Users/rogerlin/Library/Developer/Xcode/DerivedData/ModuleCache.noindex/Session.modulevalidation -Xcc -working-directory -Xcc /Users/rogerlin/XCode-Projects/FinancialCalculatorKit-5.0-updated-accent-colors/FinancialCalculatorKit.xcodeproj -enable-anonymous-context-mangled-names -file-compilation-dir /Users/rogerlin/XCode-Projects/FinancialCalculatorKit-5.0-updated-accent-colors/FinancialCalculatorKit.xcodeproj -Xcc -D_LIBCPP_HARDENING_MODE\=_LIBCPP_HARDENING_MODE_DEBUG -Xcc -ivfsstatcache -Xcc /Users/rogerlin/Library/Developer/Xcode/DerivedData/SDKStatCaches.noindex/macosx26.1-25B74-3ae1261907bdadc328169391a47051a6.sdkstatcache -Xcc -I/Users/rogerlin/Library/Developer/Xcode/DerivedData/FinancialCalculatorKit-ackorybalcxbfocbkqsfdzcfkgmn/Build/Intermediates.noindex/xctest-dynamic-overlay.build/Debug/IssueReporting.build/swift-overrides.hmap -Xcc -I/Users/rogerlin/Library/Developer/Xcode/DerivedData/FinancialCalculatorKit-ackorybalcxbfocbkqsfdzcfkgmn/Build/Products/Debug/include -Xcc -I/Users/rogerlin/Library/Developer/Xcode/DerivedData/FinancialCalculatorKit-ackorybalcxbfocbkqsfdzcfkgmn/Build/Intermediates.noindex/xctest-dynamic-overlay.build/Debug/IssueReporting.build/DerivedSources-normal/arm64 -Xcc -I/Users/rogerlin/Library/Developer/Xcode/DerivedData/FinancialCalculatorKit-ackorybalcxbfocbkqsfdzcfkgmn/Build/Intermediates.noindex/xctest-dynamic-overlay.build/Debug/IssueReporting.build/DerivedSources/arm64 -Xcc -I/Users/rogerlin/Library/Developer/Xcode/DerivedData/FinancialCalculatorKit-ackorybalcxbfocbkqsfdzcfkgmn/Build/Intermediates.noindex/xctest-dynamic-overlay.build/Debug/IssueReporting.build/DerivedSources -Xcc -DSWIFT_PACKAGE -Xcc -DDEBUG\=1 -no-auto-bridging-header-chaining -module-name IssueReporting -package-name xctest_dynamic_overlay -frontend-parseable-output -disable-clang-spi -target-sdk-version 26.1 -target-sdk-name macosx26.1 -clang-target arm64-apple-macos26.1 -in-process-plugin-server-path /Applications/Xcode.app/Contents/Developer/Toolchains/XcodeDefault.xctoolchain/usr/lib/swift/host/libSwiftInProcPluginServer.dylib -o /Users/rogerlin/Library/Developer/Xcode/DerivedData/FinancialCalculatorKit-ackorybalcxbfocbkqsfdzcfkgmn/Build/Intermediates.noindex/xctest-dynamic-overlay.build/Debug/IssueReporting.build/Objects-normal/arm64/SwiftTesting.o -o /Users/rogerlin/Library/Developer/Xcode/DerivedData/FinancialCalculatorKit-ackorybalcxbfocbkqsfdzcfkgmn/Build/Intermediates.noindex/xctest-dynamic-overlay.build/Debug/IssueReporting.build/Objects-normal/arm64/UncheckedSendable.o -index-unit-output-path /xctest-dynamic-overlay.build/Debug/IssueReporting.build/Objects-normal/arm64/SwiftTesting.o -index-unit-output-path /xctest-dynamic-overlay.build/Debug/IssueReporting.build/Objects-normal/arm64/UncheckedSendable.o -index-store-path /Users/rogerlin/Library/Developer/Xcode/DerivedData/FinancialCalculatorKit-ackorybalcxbfocbkqsfdzcfkgmn/Index.noindex/DataStore -index-system-modules

SwiftCompile normal arm64 /Users/rogerlin/Library/Developer/Xcode/DerivedData/FinancialCalculatorKit-ackorybalcxbfocbkqsfdzcfkgmn/SourcePackages/checkouts/xctest-dynamic-overlay/Sources/IssueReporting/Internal/SwiftTesting.swift (in target 'IssueReporting' from project 'xctest-dynamic-overlay')
    cd /Users/rogerlin/XCode-Projects/FinancialCalculatorKit-5.0-updated-accent-colors/FinancialCalculatorKit.xcodeproj
    

SwiftCompile normal arm64 /Users/rogerlin/Library/Developer/Xcode/DerivedData/FinancialCalculatorKit-ackorybalcxbfocbkqsfdzcfkgmn/SourcePackages/checkouts/xctest-dynamic-overlay/Sources/IssueReporting/Internal/UncheckedSendable.swift (in target 'IssueReporting' from project 'xctest-dynamic-overlay')
    cd /Users/rogerlin/XCode-Projects/FinancialCalculatorKit-5.0-updated-accent-colors/FinancialCalculatorKit.xcodeproj
    

SwiftDriverJobDiscovery normal arm64 Compiling RuntimeWarningReporter.swift (in target 'IssueReporting' from project 'xctest-dynamic-overlay')

SwiftCompile normal arm64 Compiling\ FatalErrorReporter.swift /Users/rogerlin/Library/Developer/Xcode/DerivedData/FinancialCalculatorKit-ackorybalcxbfocbkqsfdzcfkgmn/SourcePackages/checkouts/xctest-dynamic-overlay/Sources/IssueReporting/IssueReporters/FatalErrorReporter.swift (in target 'IssueReporting' from project 'xctest-dynamic-overlay')
/Applications/Xcode.app/Contents/Developer/Toolchains/XcodeDefault.xctoolchain/usr/bin/swift-frontend -frontend -c /Users/rogerlin/Library/Developer/Xcode/DerivedData/FinancialCalculatorKit-ackorybalcxbfocbkqsfdzcfkgmn/SourcePackages/checkouts/xctest-dynamic-overlay/Sources/IssueReporting/ErrorReporting.swift /Users/rogerlin/Library/Developer/Xcode/DerivedData/FinancialCalculatorKit-ackorybalcxbfocbkqsfdzcfkgmn/SourcePackages/checkouts/xctest-dynamic-overlay/Sources/IssueReporting/Internal/AppHostWarning.swift /Users/rogerlin/Library/Developer/Xcode/DerivedData/FinancialCalculatorKit-ackorybalcxbfocbkqsfdzcfkgmn/SourcePackages/checkouts/xctest-dynamic-overlay/Sources/IssueReporting/Internal/Deprecations.swift /Users/rogerlin/Library/Developer/Xcode/DerivedData/FinancialCalculatorKit-ackorybalcxbfocbkqsfdzcfkgmn/SourcePackages/checkouts/xctest-dynamic-overlay/Sources/IssueReporting/Internal/FailureObserver.swift /Users/rogerlin/Library/Developer/Xcode/DerivedData/FinancialCalculatorKit-ackorybalcxbfocbkqsfdzcfkgmn/SourcePackages/checkouts/xctest-dynamic-overlay/Sources/IssueReporting/Internal/LockIsolated.swift /Users/rogerlin/Library/Developer/Xcode/DerivedData/FinancialCalculatorKit-ackorybalcxbfocbkqsfdzcfkgmn/SourcePackages/checkouts/xctest-dynamic-overlay/Sources/IssueReporting/Internal/Rethrows.swift /Users/rogerlin/Library/Developer/Xcode/DerivedData/FinancialCalculatorKit-ackorybalcxbfocbkqsfdzcfkgmn/SourcePackages/checkouts/xctest-dynamic-overlay/Sources/IssueReporting/Internal/SwiftTesting.swift /Users/rogerlin/Library/Developer/Xcode/DerivedData/FinancialCalculatorKit-ackorybalcxbfocbkqsfdzcfkgmn/SourcePackages/checkouts/xctest-dynamic-overlay/Sources/IssueReporting/Internal/UncheckedSendable.swift /Users/rogerlin/Library/Developer/Xcode/DerivedData/FinancialCalculatorKit-ackorybalcxbfocbkqsfdzcfkgmn/SourcePackages/checkouts/xctest-dynamic-overlay/Sources/IssueReporting/Internal/Warn.swift /Users/rogerlin/Library/Developer/Xcode/DerivedData/FinancialCalculatorKit-ackorybalcxbfocbkqsfdzcfkgmn/SourcePackages/checkouts/xctest-dynamic-overlay/Sources/IssueReporting/Internal/XCTest.swift /Users/rogerlin/Library/Developer/Xcode/DerivedData/FinancialCalculatorKit-ackorybalcxbfocbkqsfdzcfkgmn/SourcePackages/checkouts/xctest-dynamic-overlay/Sources/IssueReporting/IsTesting.swift /Users/rogerlin/Library/Developer/Xcode/DerivedData/FinancialCalculatorKit-ackorybalcxbfocbkqsfdzcfkgmn/SourcePackages/checkouts/xctest-dynamic-overlay/Sources/IssueReporting/IssueReporter.swift /Users/rogerlin/Library/Developer/Xcode/DerivedData/FinancialCalculatorKit-ackorybalcxbfocbkqsfdzcfkgmn/SourcePackages/checkouts/xctest-dynamic-overlay/Sources/IssueReporting/IssueReporters/BreakpointReporter.swift -primary-file /Users/rogerlin/Library/Developer/Xcode/DerivedData/FinancialCalculatorKit-ackorybalcxbfocbkqsfdzcfkgmn/SourcePackages/checkouts/xctest-dynamic-overlay/Sources/IssueReporting/IssueReporters/FatalErrorReporter.swift /Users/rogerlin/Library/Developer/Xcode/DerivedData/FinancialCalculatorKit-ackorybalcxbfocbkqsfdzcfkgmn/SourcePackages/checkouts/xctest-dynamic-overlay/Sources/IssueReporting/IssueReporters/RuntimeWarningReporter.swift /Users/rogerlin/Library/Developer/Xcode/DerivedData/FinancialCalculatorKit-ackorybalcxbfocbkqsfdzcfkgmn/SourcePackages/checkouts/xctest-dynamic-overlay/Sources/IssueReporting/ReportIssue.swift /Users/rogerlin/Library/Developer/Xcode/DerivedData/FinancialCalculatorKit-ackorybalcxbfocbkqsfdzcfkgmn/SourcePackages/checkouts/xctest-dynamic-overlay/Sources/IssueReporting/TestContext.swift /Users/rogerlin/Library/Developer/Xcode/DerivedData/FinancialCalculatorKit-ackorybalcxbfocbkqsfdzcfkgmn/SourcePackages/checkouts/xctest-dynamic-overlay/Sources/IssueReporting/Unimplemented.swift /Users/rogerlin/Library/Developer/Xcode/DerivedData/FinancialCalculatorKit-ackorybalcxbfocbkqsfdzcfkgmn/SourcePackages/checkouts/xctest-dynamic-overlay/Sources/IssueReporting/WithExpectedIssue.swift /Users/rogerlin/Library/Developer/Xcode/DerivedData/FinancialCalculatorKit-ackorybalcxbfocbkqsfdzcfkgmn/SourcePackages/checkouts/xctest-dynamic-overlay/Sources/IssueReporting/WithIssueContext.swift -emit-dependencies-path /Users/rogerlin/Library/Developer/Xcode/DerivedData/FinancialCalculatorKit-ackorybalcxbfocbkqsfdzcfkgmn/Build/Intermediates.noindex/xctest-dynamic-overlay.build/Debug/IssueReporting.build/Objects-normal/arm64/FatalErrorReporter.d -emit-const-values-path /Users/rogerlin/Library/Developer/Xcode/DerivedData/FinancialCalculatorKit-ackorybalcxbfocbkqsfdzcfkgmn/Build/Intermediates.noindex/xctest-dynamic-overlay.build/Debug/IssueReporting.build/Objects-normal/arm64/FatalErrorReporter.swiftconstvalues -emit-reference-dependencies-path /Users/rogerlin/Library/Developer/Xcode/DerivedData/FinancialCalculatorKit-ackorybalcxbfocbkqsfdzcfkgmn/Build/Intermediates.noindex/xctest-dynamic-overlay.build/Debug/IssueReporting.build/Objects-normal/arm64/FatalErrorReporter.swiftdeps -serialize-diagnostics-path /Users/rogerlin/Library/Developer/Xcode/DerivedData/FinancialCalculatorKit-ackorybalcxbfocbkqsfdzcfkgmn/Build/Intermediates.noindex/xctest-dynamic-overlay.build/Debug/IssueReporting.build/Objects-normal/arm64/FatalErrorReporter.dia -target arm64-apple-macos10.15 -module-can-import-version Darwin 347.40.2 0 -module-can-import-version os 1076.40.2 0 -load-resolved-plugin /Applications/Xcode.app/Contents/Developer/Platforms/MacOSX.platform/Developer/usr/lib/swift/host/plugins/libFoundationMacros.dylib\#/Applications/Xcode.app/Contents/Developer/Platforms/MacOSX.platform/Developer/usr/bin/swift-plugin-server\#FoundationMacros -load-resolved-plugin /Applications/Xcode.app/Contents/Developer/Platforms/MacOSX.platform/Developer/usr/lib/swift/host/plugins/libObservationMacros.dylib\#/Applications/Xcode.app/Contents/Developer/Platforms/MacOSX.platform/Developer/usr/bin/swift-plugin-server\#ObservationMacros -load-resolved-plugin /Applications/Xcode.app/Contents/Developer/Platforms/MacOSX.platform/Developer/usr/lib/swift/host/plugins/libSwiftMacros.dylib\#/Applications/Xcode.app/Contents/Developer/Platforms/MacOSX.platform/Developer/usr/bin/swift-plugin-server\#SwiftMacros -disable-implicit-swift-modules -Xcc -fno-implicit-modules -Xcc -fno-implicit-module-maps -explicit-swift-module-map-file /Users/rogerlin/Library/Developer/Xcode/DerivedData/FinancialCalculatorKit-ackorybalcxbfocbkqsfdzcfkgmn/Build/Intermediates.noindex/xctest-dynamic-overlay.build/Debug/IssueReporting.build/Objects-normal/arm64/IssueReporting-dependencies-1.json -Xllvm -aarch64-use-tbi -enable-objc-interop -stack-check -sdk /Applications/Xcode.app/Contents/Developer/Platforms/MacOSX.platform/Developer/SDKs/MacOSX26.1.sdk -I /Users/rogerlin/Library/Developer/Xcode/DerivedData/FinancialCalculatorKit-ackorybalcxbfocbkqsfdzcfkgmn/Build/Products/Debug -Isystem /Applications/Xcode.app/Contents/Developer/Platforms/MacOSX.platform/Developer/usr/lib -F /Users/rogerlin/Library/Developer/Xcode/DerivedData/FinancialCalculatorKit-ackorybalcxbfocbkqsfdzcfkgmn/Build/Products/Debug -F /Applications/Xcode.app/Contents/Developer/Platforms/MacOSX.platform/Developer/Library/Frameworks -no-color-diagnostics -Xcc -fno-color-diagnostics -enable-testing -g -debug-info-format\=dwarf -dwarf-version\=4 -module-cache-path /Users/rogerlin/Library/Developer/Xcode/DerivedData/FinancialCalculatorKit-ackorybalcxbfocbkqsfdzcfkgmn/Build/Intermediates.noindex/SwiftExplicitPrecompiledModules -suppress-warnings -profile-generate -profile-coverage-mapping -swift-version 6 -enforce-exclusivity\=checked -Onone -D SWIFT_PACKAGE -D DEBUG -D SWIFT_MODULE_RESOURCE_BUNDLE_UNAVAILABLE -D Xcode -serialize-debugging-options -const-gather-protocols-file /Users/rogerlin/Library/Developer/Xcode/DerivedData/FinancialCalculatorKit-ackorybalcxbfocbkqsfdzcfkgmn/Build/Intermediates.noindex/xctest-dynamic-overlay.build/Debug/IssueReporting.build/Objects-normal/arm64/IssueReporting_const_extract_protocols.json -enable-experimental-feature DebugDescriptionMacro -empty-abi-descriptor -user-module-version 1.5.2 -validate-clang-modules-once -clang-build-session-file /Users/rogerlin/Library/Developer/Xcode/DerivedData/ModuleCache.noindex/Session.modulevalidation -Xcc -working-directory -Xcc /Users/rogerlin/XCode-Projects/FinancialCalculatorKit-5.0-updated-accent-colors/FinancialCalculatorKit.xcodeproj -enable-anonymous-context-mangled-names -file-compilation-dir /Users/rogerlin/XCode-Projects/FinancialCalculatorKit-5.0-updated-accent-colors/FinancialCalculatorKit.xcodeproj -Xcc -D_LIBCPP_HARDENING_MODE\=_LIBCPP_HARDENING_MODE_DEBUG -Xcc -ivfsstatcache -Xcc /Users/rogerlin/Library/Developer/Xcode/DerivedData/SDKStatCaches.noindex/macosx26.1-25B74-3ae1261907bdadc328169391a47051a6.sdkstatcache -Xcc -I/Users/rogerlin/Library/Developer/Xcode/DerivedData/FinancialCalculatorKit-ackorybalcxbfocbkqsfdzcfkgmn/Build/Intermediates.noindex/xctest-dynamic-overlay.build/Debug/IssueReporting.build/swift-overrides.hmap -Xcc -I/Users/rogerlin/Library/Developer/Xcode/DerivedData/FinancialCalculatorKit-ackorybalcxbfocbkqsfdzcfkgmn/Build/Products/Debug/include -Xcc -I/Users/rogerlin/Library/Developer/Xcode/DerivedData/FinancialCalculatorKit-ackorybalcxbfocbkqsfdzcfkgmn/Build/Intermediates.noindex/xctest-dynamic-overlay.build/Debug/IssueReporting.build/DerivedSources-normal/arm64 -Xcc -I/Users/rogerlin/Library/Developer/Xcode/DerivedData/FinancialCalculatorKit-ackorybalcxbfocbkqsfdzcfkgmn/Build/Intermediates.noindex/xctest-dynamic-overlay.build/Debug/IssueReporting.build/DerivedSources/arm64 -Xcc -I/Users/rogerlin/Library/Developer/Xcode/DerivedData/FinancialCalculatorKit-ackorybalcxbfocbkqsfdzcfkgmn/Build/Intermediates.noindex/xctest-dynamic-overlay.build/Debug/IssueReporting.build/DerivedSources -Xcc -DSWIFT_PACKAGE -Xcc -DDEBUG\=1 -no-auto-bridging-header-chaining -module-name IssueReporting -package-name xctest_dynamic_overlay -frontend-parseable-output -disable-clang-spi -target-sdk-version 26.1 -target-sdk-name macosx26.1 -clang-target arm64-apple-macos26.1 -in-process-plugin-server-path /Applications/Xcode.app/Contents/Developer/Toolchains/XcodeDefault.xctoolchain/usr/lib/swift/host/libSwiftInProcPluginServer.dylib -o /Users/rogerlin/Library/Developer/Xcode/DerivedData/FinancialCalculatorKit-ackorybalcxbfocbkqsfdzcfkgmn/Build/Intermediates.noindex/xctest-dynamic-overlay.build/Debug/IssueReporting.build/Objects-normal/arm64/FatalErrorReporter.o -index-unit-output-path /xctest-dynamic-overlay.build/Debug/IssueReporting.build/Objects-normal/arm64/FatalErrorReporter.o -index-store-path /Users/rogerlin/Library/Developer/Xcode/DerivedData/FinancialCalculatorKit-ackorybalcxbfocbkqsfdzcfkgmn/Index.noindex/DataStore -index-system-modules

SwiftCompile normal arm64 /Users/rogerlin/Library/Developer/Xcode/DerivedData/FinancialCalculatorKit-ackorybalcxbfocbkqsfdzcfkgmn/SourcePackages/checkouts/xctest-dynamic-overlay/Sources/IssueReporting/IssueReporters/FatalErrorReporter.swift (in target 'IssueReporting' from project 'xctest-dynamic-overlay')
    cd /Users/rogerlin/XCode-Projects/FinancialCalculatorKit-5.0-updated-accent-colors/FinancialCalculatorKit.xcodeproj
    

SwiftCompile normal arm64 Compiling\ IsTesting.swift /Users/rogerlin/Library/Developer/Xcode/DerivedData/FinancialCalculatorKit-ackorybalcxbfocbkqsfdzcfkgmn/SourcePackages/checkouts/xctest-dynamic-overlay/Sources/IssueReporting/IsTesting.swift (in target 'IssueReporting' from project 'xctest-dynamic-overlay')
/Applications/Xcode.app/Contents/Developer/Toolchains/XcodeDefault.xctoolchain/usr/bin/swift-frontend -frontend -c /Users/rogerlin/Library/Developer/Xcode/DerivedData/FinancialCalculatorKit-ackorybalcxbfocbkqsfdzcfkgmn/SourcePackages/checkouts/xctest-dynamic-overlay/Sources/IssueReporting/ErrorReporting.swift /Users/rogerlin/Library/Developer/Xcode/DerivedData/FinancialCalculatorKit-ackorybalcxbfocbkqsfdzcfkgmn/SourcePackages/checkouts/xctest-dynamic-overlay/Sources/IssueReporting/Internal/AppHostWarning.swift /Users/rogerlin/Library/Developer/Xcode/DerivedData/FinancialCalculatorKit-ackorybalcxbfocbkqsfdzcfkgmn/SourcePackages/checkouts/xctest-dynamic-overlay/Sources/IssueReporting/Internal/Deprecations.swift /Users/rogerlin/Library/Developer/Xcode/DerivedData/FinancialCalculatorKit-ackorybalcxbfocbkqsfdzcfkgmn/SourcePackages/checkouts/xctest-dynamic-overlay/Sources/IssueReporting/Internal/FailureObserver.swift /Users/rogerlin/Library/Developer/Xcode/DerivedData/FinancialCalculatorKit-ackorybalcxbfocbkqsfdzcfkgmn/SourcePackages/checkouts/xctest-dynamic-overlay/Sources/IssueReporting/Internal/LockIsolated.swift /Users/rogerlin/Library/Developer/Xcode/DerivedData/FinancialCalculatorKit-ackorybalcxbfocbkqsfdzcfkgmn/SourcePackages/checkouts/xctest-dynamic-overlay/Sources/IssueReporting/Internal/Rethrows.swift /Users/rogerlin/Library/Developer/Xcode/DerivedData/FinancialCalculatorKit-ackorybalcxbfocbkqsfdzcfkgmn/SourcePackages/checkouts/xctest-dynamic-overlay/Sources/IssueReporting/Internal/SwiftTesting.swift /Users/rogerlin/Library/Developer/Xcode/DerivedData/FinancialCalculatorKit-ackorybalcxbfocbkqsfdzcfkgmn/SourcePackages/checkouts/xctest-dynamic-overlay/Sources/IssueReporting/Internal/UncheckedSendable.swift /Users/rogerlin/Library/Developer/Xcode/DerivedData/FinancialCalculatorKit-ackorybalcxbfocbkqsfdzcfkgmn/SourcePackages/checkouts/xctest-dynamic-overlay/Sources/IssueReporting/Internal/Warn.swift /Users/rogerlin/Library/Developer/Xcode/DerivedData/FinancialCalculatorKit-ackorybalcxbfocbkqsfdzcfkgmn/SourcePackages/checkouts/xctest-dynamic-overlay/Sources/IssueReporting/Internal/XCTest.swift -primary-file /Users/rogerlin/Library/Developer/Xcode/DerivedData/FinancialCalculatorKit-ackorybalcxbfocbkqsfdzcfkgmn/SourcePackages/checkouts/xctest-dynamic-overlay/Sources/IssueReporting/IsTesting.swift /Users/rogerlin/Library/Developer/Xcode/DerivedData/FinancialCalculatorKit-ackorybalcxbfocbkqsfdzcfkgmn/SourcePackages/checkouts/xctest-dynamic-overlay/Sources/IssueReporting/IssueReporter.swift /Users/rogerlin/Library/Developer/Xcode/DerivedData/FinancialCalculatorKit-ackorybalcxbfocbkqsfdzcfkgmn/SourcePackages/checkouts/xctest-dynamic-overlay/Sources/IssueReporting/IssueReporters/BreakpointReporter.swift /Users/rogerlin/Library/Developer/Xcode/DerivedData/FinancialCalculatorKit-ackorybalcxbfocbkqsfdzcfkgmn/SourcePackages/checkouts/xctest-dynamic-overlay/Sources/IssueReporting/IssueReporters/FatalErrorReporter.swift /Users/rogerlin/Library/Developer/Xcode/DerivedData/FinancialCalculatorKit-ackorybalcxbfocbkqsfdzcfkgmn/SourcePackages/checkouts/xctest-dynamic-overlay/Sources/IssueReporting/IssueReporters/RuntimeWarningReporter.swift /Users/rogerlin/Library/Developer/Xcode/DerivedData/FinancialCalculatorKit-ackorybalcxbfocbkqsfdzcfkgmn/SourcePackages/checkouts/xctest-dynamic-overlay/Sources/IssueReporting/ReportIssue.swift /Users/rogerlin/Library/Developer/Xcode/DerivedData/FinancialCalculatorKit-ackorybalcxbfocbkqsfdzcfkgmn/SourcePackages/checkouts/xctest-dynamic-overlay/Sources/IssueReporting/TestContext.swift /Users/rogerlin/Library/Developer/Xcode/DerivedData/FinancialCalculatorKit-ackorybalcxbfocbkqsfdzcfkgmn/SourcePackages/checkouts/xctest-dynamic-overlay/Sources/IssueReporting/Unimplemented.swift /Users/rogerlin/Library/Developer/Xcode/DerivedData/FinancialCalculatorKit-ackorybalcxbfocbkqsfdzcfkgmn/SourcePackages/checkouts/xctest-dynamic-overlay/Sources/IssueReporting/WithExpectedIssue.swift /Users/rogerlin/Library/Developer/Xcode/DerivedData/FinancialCalculatorKit-ackorybalcxbfocbkqsfdzcfkgmn/SourcePackages/checkouts/xctest-dynamic-overlay/Sources/IssueReporting/WithIssueContext.swift -emit-dependencies-path /Users/rogerlin/Library/Developer/Xcode/DerivedData/FinancialCalculatorKit-ackorybalcxbfocbkqsfdzcfkgmn/Build/Intermediates.noindex/xctest-dynamic-overlay.build/Debug/IssueReporting.build/Objects-normal/arm64/IsTesting.d -emit-const-values-path /Users/rogerlin/Library/Developer/Xcode/DerivedData/FinancialCalculatorKit-ackorybalcxbfocbkqsfdzcfkgmn/Build/Intermediates.noindex/xctest-dynamic-overlay.build/Debug/IssueReporting.build/Objects-normal/arm64/IsTesting.swiftconstvalues -emit-reference-dependencies-path /Users/rogerlin/Library/Developer/Xcode/DerivedData/FinancialCalculatorKit-ackorybalcxbfocbkqsfdzcfkgmn/Build/Intermediates.noindex/xctest-dynamic-overlay.build/Debug/IssueReporting.build/Objects-normal/arm64/IsTesting.swiftdeps -serialize-diagnostics-path /Users/rogerlin/Library/Developer/Xcode/DerivedData/FinancialCalculatorKit-ackorybalcxbfocbkqsfdzcfkgmn/Build/Intermediates.noindex/xctest-dynamic-overlay.build/Debug/IssueReporting.build/Objects-normal/arm64/IsTesting.dia -target arm64-apple-macos10.15 -module-can-import-version Darwin 347.40.2 0 -module-can-import-version os 1076.40.2 0 -load-resolved-plugin /Applications/Xcode.app/Contents/Developer/Platforms/MacOSX.platform/Developer/usr/lib/swift/host/plugins/libFoundationMacros.dylib\#/Applications/Xcode.app/Contents/Developer/Platforms/MacOSX.platform/Developer/usr/bin/swift-plugin-server\#FoundationMacros -load-resolved-plugin /Applications/Xcode.app/Contents/Developer/Platforms/MacOSX.platform/Developer/usr/lib/swift/host/plugins/libObservationMacros.dylib\#/Applications/Xcode.app/Contents/Developer/Platforms/MacOSX.platform/Developer/usr/bin/swift-plugin-server\#ObservationMacros -load-resolved-plugin /Applications/Xcode.app/Contents/Developer/Platforms/MacOSX.platform/Developer/usr/lib/swift/host/plugins/libSwiftMacros.dylib\#/Applications/Xcode.app/Contents/Developer/Platforms/MacOSX.platform/Developer/usr/bin/swift-plugin-server\#SwiftMacros -disable-implicit-swift-modules -Xcc -fno-implicit-modules -Xcc -fno-implicit-module-maps -explicit-swift-module-map-file /Users/rogerlin/Library/Developer/Xcode/DerivedData/FinancialCalculatorKit-ackorybalcxbfocbkqsfdzcfkgmn/Build/Intermediates.noindex/xctest-dynamic-overlay.build/Debug/IssueReporting.build/Objects-normal/arm64/IssueReporting-dependencies-1.json -Xllvm -aarch64-use-tbi -enable-objc-interop -stack-check -sdk /Applications/Xcode.app/Contents/Developer/Platforms/MacOSX.platform/Developer/SDKs/MacOSX26.1.sdk -I /Users/rogerlin/Library/Developer/Xcode/DerivedData/FinancialCalculatorKit-ackorybalcxbfocbkqsfdzcfkgmn/Build/Products/Debug -Isystem /Applications/Xcode.app/Contents/Developer/Platforms/MacOSX.platform/Developer/usr/lib -F /Users/rogerlin/Library/Developer/Xcode/DerivedData/FinancialCalculatorKit-ackorybalcxbfocbkqsfdzcfkgmn/Build/Products/Debug -F /Applications/Xcode.app/Contents/Developer/Platforms/MacOSX.platform/Developer/Library/Frameworks -no-color-diagnostics -Xcc -fno-color-diagnostics -enable-testing -g -debug-info-format\=dwarf -dwarf-version\=4 -module-cache-path /Users/rogerlin/Library/Developer/Xcode/DerivedData/FinancialCalculatorKit-ackorybalcxbfocbkqsfdzcfkgmn/Build/Intermediates.noindex/SwiftExplicitPrecompiledModules -suppress-warnings -profile-generate -profile-coverage-mapping -swift-version 6 -enforce-exclusivity\=checked -Onone -D SWIFT_PACKAGE -D DEBUG -D SWIFT_MODULE_RESOURCE_BUNDLE_UNAVAILABLE -D Xcode -serialize-debugging-options -const-gather-protocols-file /Users/rogerlin/Library/Developer/Xcode/DerivedData/FinancialCalculatorKit-ackorybalcxbfocbkqsfdzcfkgmn/Build/Intermediates.noindex/xctest-dynamic-overlay.build/Debug/IssueReporting.build/Objects-normal/arm64/IssueReporting_const_extract_protocols.json -enable-experimental-feature DebugDescriptionMacro -empty-abi-descriptor -user-module-version 1.5.2 -validate-clang-modules-once -clang-build-session-file /Users/rogerlin/Library/Developer/Xcode/DerivedData/ModuleCache.noindex/Session.modulevalidation -Xcc -working-directory -Xcc /Users/rogerlin/XCode-Projects/FinancialCalculatorKit-5.0-updated-accent-colors/FinancialCalculatorKit.xcodeproj -enable-anonymous-context-mangled-names -file-compilation-dir /Users/rogerlin/XCode-Projects/FinancialCalculatorKit-5.0-updated-accent-colors/FinancialCalculatorKit.xcodeproj -Xcc -D_LIBCPP_HARDENING_MODE\=_LIBCPP_HARDENING_MODE_DEBUG -Xcc -ivfsstatcache -Xcc /Users/rogerlin/Library/Developer/Xcode/DerivedData/SDKStatCaches.noindex/macosx26.1-25B74-3ae1261907bdadc328169391a47051a6.sdkstatcache -Xcc -I/Users/rogerlin/Library/Developer/Xcode/DerivedData/FinancialCalculatorKit-ackorybalcxbfocbkqsfdzcfkgmn/Build/Intermediates.noindex/xctest-dynamic-overlay.build/Debug/IssueReporting.build/swift-overrides.hmap -Xcc -I/Users/rogerlin/Library/Developer/Xcode/DerivedData/FinancialCalculatorKit-ackorybalcxbfocbkqsfdzcfkgmn/Build/Products/Debug/include -Xcc -I/Users/rogerlin/Library/Developer/Xcode/DerivedData/FinancialCalculatorKit-ackorybalcxbfocbkqsfdzcfkgmn/Build/Intermediates.noindex/xctest-dynamic-overlay.build/Debug/IssueReporting.build/DerivedSources-normal/arm64 -Xcc -I/Users/rogerlin/Library/Developer/Xcode/DerivedData/FinancialCalculatorKit-ackorybalcxbfocbkqsfdzcfkgmn/Build/Intermediates.noindex/xctest-dynamic-overlay.build/Debug/IssueReporting.build/DerivedSources/arm64 -Xcc -I/Users/rogerlin/Library/Developer/Xcode/DerivedData/FinancialCalculatorKit-ackorybalcxbfocbkqsfdzcfkgmn/Build/Intermediates.noindex/xctest-dynamic-overlay.build/Debug/IssueReporting.build/DerivedSources -Xcc -DSWIFT_PACKAGE -Xcc -DDEBUG\=1 -no-auto-bridging-header-chaining -module-name IssueReporting -package-name xctest_dynamic_overlay -frontend-parseable-output -disable-clang-spi -target-sdk-version 26.1 -target-sdk-name macosx26.1 -clang-target arm64-apple-macos26.1 -in-process-plugin-server-path /Applications/Xcode.app/Contents/Developer/Toolchains/XcodeDefault.xctoolchain/usr/lib/swift/host/libSwiftInProcPluginServer.dylib -o /Users/rogerlin/Library/Developer/Xcode/DerivedData/FinancialCalculatorKit-ackorybalcxbfocbkqsfdzcfkgmn/Build/Intermediates.noindex/xctest-dynamic-overlay.build/Debug/IssueReporting.build/Objects-normal/arm64/IsTesting.o -index-unit-output-path /xctest-dynamic-overlay.build/Debug/IssueReporting.build/Objects-normal/arm64/IsTesting.o -index-store-path /Users/rogerlin/Library/Developer/Xcode/DerivedData/FinancialCalculatorKit-ackorybalcxbfocbkqsfdzcfkgmn/Index.noindex/DataStore -index-system-modules

SwiftCompile normal arm64 /Users/rogerlin/Library/Developer/Xcode/DerivedData/FinancialCalculatorKit-ackorybalcxbfocbkqsfdzcfkgmn/SourcePackages/checkouts/xctest-dynamic-overlay/Sources/IssueReporting/IsTesting.swift (in target 'IssueReporting' from project 'xctest-dynamic-overlay')
    cd /Users/rogerlin/XCode-Projects/FinancialCalculatorKit-5.0-updated-accent-colors/FinancialCalculatorKit.xcodeproj
    

SwiftDriverJobDiscovery normal arm64 Compiling ErrorReporting.swift, AppHostWarning.swift (in target 'IssueReporting' from project 'xctest-dynamic-overlay')

SwiftCompile normal arm64 Compiling\ LockIsolated.swift,\ Rethrows.swift /Users/rogerlin/Library/Developer/Xcode/DerivedData/FinancialCalculatorKit-ackorybalcxbfocbkqsfdzcfkgmn/SourcePackages/checkouts/xctest-dynamic-overlay/Sources/IssueReporting/Internal/LockIsolated.swift /Users/rogerlin/Library/Developer/Xcode/DerivedData/FinancialCalculatorKit-ackorybalcxbfocbkqsfdzcfkgmn/SourcePackages/checkouts/xctest-dynamic-overlay/Sources/IssueReporting/Internal/Rethrows.swift (in target 'IssueReporting' from project 'xctest-dynamic-overlay')
/Applications/Xcode.app/Contents/Developer/Toolchains/XcodeDefault.xctoolchain/usr/bin/swift-frontend -frontend -c /Users/rogerlin/Library/Developer/Xcode/DerivedData/FinancialCalculatorKit-ackorybalcxbfocbkqsfdzcfkgmn/SourcePackages/checkouts/xctest-dynamic-overlay/Sources/IssueReporting/ErrorReporting.swift /Users/rogerlin/Library/Developer/Xcode/DerivedData/FinancialCalculatorKit-ackorybalcxbfocbkqsfdzcfkgmn/SourcePackages/checkouts/xctest-dynamic-overlay/Sources/IssueReporting/Internal/AppHostWarning.swift /Users/rogerlin/Library/Developer/Xcode/DerivedData/FinancialCalculatorKit-ackorybalcxbfocbkqsfdzcfkgmn/SourcePackages/checkouts/xctest-dynamic-overlay/Sources/IssueReporting/Internal/Deprecations.swift /Users/rogerlin/Library/Developer/Xcode/DerivedData/FinancialCalculatorKit-ackorybalcxbfocbkqsfdzcfkgmn/SourcePackages/checkouts/xctest-dynamic-overlay/Sources/IssueReporting/Internal/FailureObserver.swift -primary-file /Users/rogerlin/Library/Developer/Xcode/DerivedData/FinancialCalculatorKit-ackorybalcxbfocbkqsfdzcfkgmn/SourcePackages/checkouts/xctest-dynamic-overlay/Sources/IssueReporting/Internal/LockIsolated.swift -primary-file /Users/rogerlin/Library/Developer/Xcode/DerivedData/FinancialCalculatorKit-ackorybalcxbfocbkqsfdzcfkgmn/SourcePackages/checkouts/xctest-dynamic-overlay/Sources/IssueReporting/Internal/Rethrows.swift /Users/rogerlin/Library/Developer/Xcode/DerivedData/FinancialCalculatorKit-ackorybalcxbfocbkqsfdzcfkgmn/SourcePackages/checkouts/xctest-dynamic-overlay/Sources/IssueReporting/Internal/SwiftTesting.swift /Users/rogerlin/Library/Developer/Xcode/DerivedData/FinancialCalculatorKit-ackorybalcxbfocbkqsfdzcfkgmn/SourcePackages/checkouts/xctest-dynamic-overlay/Sources/IssueReporting/Internal/UncheckedSendable.swift /Users/rogerlin/Library/Developer/Xcode/DerivedData/FinancialCalculatorKit-ackorybalcxbfocbkqsfdzcfkgmn/SourcePackages/checkouts/xctest-dynamic-overlay/Sources/IssueReporting/Internal/Warn.swift /Users/rogerlin/Library/Developer/Xcode/DerivedData/FinancialCalculatorKit-ackorybalcxbfocbkqsfdzcfkgmn/SourcePackages/checkouts/xctest-dynamic-overlay/Sources/IssueReporting/Internal/XCTest.swift /Users/rogerlin/Library/Developer/Xcode/DerivedData/FinancialCalculatorKit-ackorybalcxbfocbkqsfdzcfkgmn/SourcePackages/checkouts/xctest-dynamic-overlay/Sources/IssueReporting/IsTesting.swift /Users/rogerlin/Library/Developer/Xcode/DerivedData/FinancialCalculatorKit-ackorybalcxbfocbkqsfdzcfkgmn/SourcePackages/checkouts/xctest-dynamic-overlay/Sources/IssueReporting/IssueReporter.swift /Users/rogerlin/Library/Developer/Xcode/DerivedData/FinancialCalculatorKit-ackorybalcxbfocbkqsfdzcfkgmn/SourcePackages/checkouts/xctest-dynamic-overlay/Sources/IssueReporting/IssueReporters/BreakpointReporter.swift /Users/rogerlin/Library/Developer/Xcode/DerivedData/FinancialCalculatorKit-ackorybalcxbfocbkqsfdzcfkgmn/SourcePackages/checkouts/xctest-dynamic-overlay/Sources/IssueReporting/IssueReporters/FatalErrorReporter.swift /Users/rogerlin/Library/Developer/Xcode/DerivedData/FinancialCalculatorKit-ackorybalcxbfocbkqsfdzcfkgmn/SourcePackages/checkouts/xctest-dynamic-overlay/Sources/IssueReporting/IssueReporters/RuntimeWarningReporter.swift /Users/rogerlin/Library/Developer/Xcode/DerivedData/FinancialCalculatorKit-ackorybalcxbfocbkqsfdzcfkgmn/SourcePackages/checkouts/xctest-dynamic-overlay/Sources/IssueReporting/ReportIssue.swift /Users/rogerlin/Library/Developer/Xcode/DerivedData/FinancialCalculatorKit-ackorybalcxbfocbkqsfdzcfkgmn/SourcePackages/checkouts/xctest-dynamic-overlay/Sources/IssueReporting/TestContext.swift /Users/rogerlin/Library/Developer/Xcode/DerivedData/FinancialCalculatorKit-ackorybalcxbfocbkqsfdzcfkgmn/SourcePackages/checkouts/xctest-dynamic-overlay/Sources/IssueReporting/Unimplemented.swift /Users/rogerlin/Library/Developer/Xcode/DerivedData/FinancialCalculatorKit-ackorybalcxbfocbkqsfdzcfkgmn/SourcePackages/checkouts/xctest-dynamic-overlay/Sources/IssueReporting/WithExpectedIssue.swift /Users/rogerlin/Library/Developer/Xcode/DerivedData/FinancialCalculatorKit-ackorybalcxbfocbkqsfdzcfkgmn/SourcePackages/checkouts/xctest-dynamic-overlay/Sources/IssueReporting/WithIssueContext.swift -emit-dependencies-path /Users/rogerlin/Library/Developer/Xcode/DerivedData/FinancialCalculatorKit-ackorybalcxbfocbkqsfdzcfkgmn/Build/Intermediates.noindex/xctest-dynamic-overlay.build/Debug/IssueReporting.build/Objects-normal/arm64/LockIsolated.d -emit-const-values-path /Users/rogerlin/Library/Developer/Xcode/DerivedData/FinancialCalculatorKit-ackorybalcxbfocbkqsfdzcfkgmn/Build/Intermediates.noindex/xctest-dynamic-overlay.build/Debug/IssueReporting.build/Objects-normal/arm64/LockIsolated.swiftconstvalues -emit-reference-dependencies-path /Users/rogerlin/Library/Developer/Xcode/DerivedData/FinancialCalculatorKit-ackorybalcxbfocbkqsfdzcfkgmn/Build/Intermediates.noindex/xctest-dynamic-overlay.build/Debug/IssueReporting.build/Objects-normal/arm64/LockIsolated.swiftdeps -serialize-diagnostics-path /Users/rogerlin/Library/Developer/Xcode/DerivedData/FinancialCalculatorKit-ackorybalcxbfocbkqsfdzcfkgmn/Build/Intermediates.noindex/xctest-dynamic-overlay.build/Debug/IssueReporting.build/Objects-normal/arm64/LockIsolated.dia -emit-dependencies-path /Users/rogerlin/Library/Developer/Xcode/DerivedData/FinancialCalculatorKit-ackorybalcxbfocbkqsfdzcfkgmn/Build/Intermediates.noindex/xctest-dynamic-overlay.build/Debug/IssueReporting.build/Objects-normal/arm64/Rethrows.d -emit-const-values-path /Users/rogerlin/Library/Developer/Xcode/DerivedData/FinancialCalculatorKit-ackorybalcxbfocbkqsfdzcfkgmn/Build/Intermediates.noindex/xctest-dynamic-overlay.build/Debug/IssueReporting.build/Objects-normal/arm64/Rethrows.swiftconstvalues -emit-reference-dependencies-path /Users/rogerlin/Library/Developer/Xcode/DerivedData/FinancialCalculatorKit-ackorybalcxbfocbkqsfdzcfkgmn/Build/Intermediates.noindex/xctest-dynamic-overlay.build/Debug/IssueReporting.build/Objects-normal/arm64/Rethrows.swiftdeps -serialize-diagnostics-path /Users/rogerlin/Library/Developer/Xcode/DerivedData/FinancialCalculatorKit-ackorybalcxbfocbkqsfdzcfkgmn/Build/Intermediates.noindex/xctest-dynamic-overlay.build/Debug/IssueReporting.build/Objects-normal/arm64/Rethrows.dia -target arm64-apple-macos10.15 -module-can-import-version Darwin 347.40.2 0 -module-can-import-version os 1076.40.2 0 -load-resolved-plugin /Applications/Xcode.app/Contents/Developer/Platforms/MacOSX.platform/Developer/usr/lib/swift/host/plugins/libFoundationMacros.dylib\#/Applications/Xcode.app/Contents/Developer/Platforms/MacOSX.platform/Developer/usr/bin/swift-plugin-server\#FoundationMacros -load-resolved-plugin /Applications/Xcode.app/Contents/Developer/Platforms/MacOSX.platform/Developer/usr/lib/swift/host/plugins/libObservationMacros.dylib\#/Applications/Xcode.app/Contents/Developer/Platforms/MacOSX.platform/Developer/usr/bin/swift-plugin-server\#ObservationMacros -load-resolved-plugin /Applications/Xcode.app/Contents/Developer/Platforms/MacOSX.platform/Developer/usr/lib/swift/host/plugins/libSwiftMacros.dylib\#/Applications/Xcode.app/Contents/Developer/Platforms/MacOSX.platform/Developer/usr/bin/swift-plugin-server\#SwiftMacros -disable-implicit-swift-modules -Xcc -fno-implicit-modules -Xcc -fno-implicit-module-maps -explicit-swift-module-map-file /Users/rogerlin/Library/Developer/Xcode/DerivedData/FinancialCalculatorKit-ackorybalcxbfocbkqsfdzcfkgmn/Build/Intermediates.noindex/xctest-dynamic-overlay.build/Debug/IssueReporting.build/Objects-normal/arm64/IssueReporting-dependencies-1.json -Xllvm -aarch64-use-tbi -enable-objc-interop -stack-check -sdk /Applications/Xcode.app/Contents/Developer/Platforms/MacOSX.platform/Developer/SDKs/MacOSX26.1.sdk -I /Users/rogerlin/Library/Developer/Xcode/DerivedData/FinancialCalculatorKit-ackorybalcxbfocbkqsfdzcfkgmn/Build/Products/Debug -Isystem /Applications/Xcode.app/Contents/Developer/Platforms/MacOSX.platform/Developer/usr/lib -F /Users/rogerlin/Library/Developer/Xcode/DerivedData/FinancialCalculatorKit-ackorybalcxbfocbkqsfdzcfkgmn/Build/Products/Debug -F /Applications/Xcode.app/Contents/Developer/Platforms/MacOSX.platform/Developer/Library/Frameworks -no-color-diagnostics -Xcc -fno-color-diagnostics -enable-testing -g -debug-info-format\=dwarf -dwarf-version\=4 -module-cache-path /Users/rogerlin/Library/Developer/Xcode/DerivedData/FinancialCalculatorKit-ackorybalcxbfocbkqsfdzcfkgmn/Build/Intermediates.noindex/SwiftExplicitPrecompiledModules -suppress-warnings -profile-generate -profile-coverage-mapping -swift-version 6 -enforce-exclusivity\=checked -Onone -D SWIFT_PACKAGE -D DEBUG -D SWIFT_MODULE_RESOURCE_BUNDLE_UNAVAILABLE -D Xcode -serialize-debugging-options -const-gather-protocols-file /Users/rogerlin/Library/Developer/Xcode/DerivedData/FinancialCalculatorKit-ackorybalcxbfocbkqsfdzcfkgmn/Build/Intermediates.noindex/xctest-dynamic-overlay.build/Debug/IssueReporting.build/Objects-normal/arm64/IssueReporting_const_extract_protocols.json -enable-experimental-feature DebugDescriptionMacro -empty-abi-descriptor -user-module-version 1.5.2 -validate-clang-modules-once -clang-build-session-file /Users/rogerlin/Library/Developer/Xcode/DerivedData/ModuleCache.noindex/Session.modulevalidation -Xcc -working-directory -Xcc /Users/rogerlin/XCode-Projects/FinancialCalculatorKit-5.0-updated-accent-colors/FinancialCalculatorKit.xcodeproj -enable-anonymous-context-mangled-names -file-compilation-dir /Users/rogerlin/XCode-Projects/FinancialCalculatorKit-5.0-updated-accent-colors/FinancialCalculatorKit.xcodeproj -Xcc -D_LIBCPP_HARDENING_MODE\=_LIBCPP_HARDENING_MODE_DEBUG -Xcc -ivfsstatcache -Xcc /Users/rogerlin/Library/Developer/Xcode/DerivedData/SDKStatCaches.noindex/macosx26.1-25B74-3ae1261907bdadc328169391a47051a6.sdkstatcache -Xcc -I/Users/rogerlin/Library/Developer/Xcode/DerivedData/FinancialCalculatorKit-ackorybalcxbfocbkqsfdzcfkgmn/Build/Intermediates.noindex/xctest-dynamic-overlay.build/Debug/IssueReporting.build/swift-overrides.hmap -Xcc -I/Users/rogerlin/Library/Developer/Xcode/DerivedData/FinancialCalculatorKit-ackorybalcxbfocbkqsfdzcfkgmn/Build/Products/Debug/include -Xcc -I/Users/rogerlin/Library/Developer/Xcode/DerivedData/FinancialCalculatorKit-ackorybalcxbfocbkqsfdzcfkgmn/Build/Intermediates.noindex/xctest-dynamic-overlay.build/Debug/IssueReporting.build/DerivedSources-normal/arm64 -Xcc -I/Users/rogerlin/Library/Developer/Xcode/DerivedData/FinancialCalculatorKit-ackorybalcxbfocbkqsfdzcfkgmn/Build/Intermediates.noindex/xctest-dynamic-overlay.build/Debug/IssueReporting.build/DerivedSources/arm64 -Xcc -I/Users/rogerlin/Library/Developer/Xcode/DerivedData/FinancialCalculatorKit-ackorybalcxbfocbkqsfdzcfkgmn/Build/Intermediates.noindex/xctest-dynamic-overlay.build/Debug/IssueReporting.build/DerivedSources -Xcc -DSWIFT_PACKAGE -Xcc -DDEBUG\=1 -no-auto-bridging-header-chaining -module-name IssueReporting -package-name xctest_dynamic_overlay -frontend-parseable-output -disable-clang-spi -target-sdk-version 26.1 -target-sdk-name macosx26.1 -clang-target arm64-apple-macos26.1 -in-process-plugin-server-path /Applications/Xcode.app/Contents/Developer/Toolchains/XcodeDefault.xctoolchain/usr/lib/swift/host/libSwiftInProcPluginServer.dylib -o /Users/rogerlin/Library/Developer/Xcode/DerivedData/FinancialCalculatorKit-ackorybalcxbfocbkqsfdzcfkgmn/Build/Intermediates.noindex/xctest-dynamic-overlay.build/Debug/IssueReporting.build/Objects-normal/arm64/LockIsolated.o -o /Users/rogerlin/Library/Developer/Xcode/DerivedData/FinancialCalculatorKit-ackorybalcxbfocbkqsfdzcfkgmn/Build/Intermediates.noindex/xctest-dynamic-overlay.build/Debug/IssueReporting.build/Objects-normal/arm64/Rethrows.o -index-unit-output-path /xctest-dynamic-overlay.build/Debug/IssueReporting.build/Objects-normal/arm64/LockIsolated.o -index-unit-output-path /xctest-dynamic-overlay.build/Debug/IssueReporting.build/Objects-normal/arm64/Rethrows.o -index-store-path /Users/rogerlin/Library/Developer/Xcode/DerivedData/FinancialCalculatorKit-ackorybalcxbfocbkqsfdzcfkgmn/Index.noindex/DataStore -index-system-modules

SwiftCompile normal arm64 /Users/rogerlin/Library/Developer/Xcode/DerivedData/FinancialCalculatorKit-ackorybalcxbfocbkqsfdzcfkgmn/SourcePackages/checkouts/xctest-dynamic-overlay/Sources/IssueReporting/Internal/LockIsolated.swift (in target 'IssueReporting' from project 'xctest-dynamic-overlay')
    cd /Users/rogerlin/XCode-Projects/FinancialCalculatorKit-5.0-updated-accent-colors/FinancialCalculatorKit.xcodeproj
    

SwiftCompile normal arm64 /Users/rogerlin/Library/Developer/Xcode/DerivedData/FinancialCalculatorKit-ackorybalcxbfocbkqsfdzcfkgmn/SourcePackages/checkouts/xctest-dynamic-overlay/Sources/IssueReporting/Internal/Rethrows.swift (in target 'IssueReporting' from project 'xctest-dynamic-overlay')
    cd /Users/rogerlin/XCode-Projects/FinancialCalculatorKit-5.0-updated-accent-colors/FinancialCalculatorKit.xcodeproj
    

SwiftDriverJobDiscovery normal arm64 Compiling PhysicsOptions.swift, RequireOptions.swift (in target 'MathJaxSwift' from project 'MathJaxSwift')

SwiftCompile normal arm64 Compiling\ ReportIssue.swift /Users/rogerlin/Library/Developer/Xcode/DerivedData/FinancialCalculatorKit-ackorybalcxbfocbkqsfdzcfkgmn/SourcePackages/checkouts/xctest-dynamic-overlay/Sources/IssueReporting/ReportIssue.swift (in target 'IssueReporting' from project 'xctest-dynamic-overlay')
/Applications/Xcode.app/Contents/Developer/Toolchains/XcodeDefault.xctoolchain/usr/bin/swift-frontend -frontend -c /Users/rogerlin/Library/Developer/Xcode/DerivedData/FinancialCalculatorKit-ackorybalcxbfocbkqsfdzcfkgmn/SourcePackages/checkouts/xctest-dynamic-overlay/Sources/IssueReporting/ErrorReporting.swift /Users/rogerlin/Library/Developer/Xcode/DerivedData/FinancialCalculatorKit-ackorybalcxbfocbkqsfdzcfkgmn/SourcePackages/checkouts/xctest-dynamic-overlay/Sources/IssueReporting/Internal/AppHostWarning.swift /Users/rogerlin/Library/Developer/Xcode/DerivedData/FinancialCalculatorKit-ackorybalcxbfocbkqsfdzcfkgmn/SourcePackages/checkouts/xctest-dynamic-overlay/Sources/IssueReporting/Internal/Deprecations.swift /Users/rogerlin/Library/Developer/Xcode/DerivedData/FinancialCalculatorKit-ackorybalcxbfocbkqsfdzcfkgmn/SourcePackages/checkouts/xctest-dynamic-overlay/Sources/IssueReporting/Internal/FailureObserver.swift /Users/rogerlin/Library/Developer/Xcode/DerivedData/FinancialCalculatorKit-ackorybalcxbfocbkqsfdzcfkgmn/SourcePackages/checkouts/xctest-dynamic-overlay/Sources/IssueReporting/Internal/LockIsolated.swift /Users/rogerlin/Library/Developer/Xcode/DerivedData/FinancialCalculatorKit-ackorybalcxbfocbkqsfdzcfkgmn/SourcePackages/checkouts/xctest-dynamic-overlay/Sources/IssueReporting/Internal/Rethrows.swift /Users/rogerlin/Library/Developer/Xcode/DerivedData/FinancialCalculatorKit-ackorybalcxbfocbkqsfdzcfkgmn/SourcePackages/checkouts/xctest-dynamic-overlay/Sources/IssueReporting/Internal/SwiftTesting.swift /Users/rogerlin/Library/Developer/Xcode/DerivedData/FinancialCalculatorKit-ackorybalcxbfocbkqsfdzcfkgmn/SourcePackages/checkouts/xctest-dynamic-overlay/Sources/IssueReporting/Internal/UncheckedSendable.swift /Users/rogerlin/Library/Developer/Xcode/DerivedData/FinancialCalculatorKit-ackorybalcxbfocbkqsfdzcfkgmn/SourcePackages/checkouts/xctest-dynamic-overlay/Sources/IssueReporting/Internal/Warn.swift /Users/rogerlin/Library/Developer/Xcode/DerivedData/FinancialCalculatorKit-ackorybalcxbfocbkqsfdzcfkgmn/SourcePackages/checkouts/xctest-dynamic-overlay/Sources/IssueReporting/Internal/XCTest.swift /Users/rogerlin/Library/Developer/Xcode/DerivedData/FinancialCalculatorKit-ackorybalcxbfocbkqsfdzcfkgmn/SourcePackages/checkouts/xctest-dynamic-overlay/Sources/IssueReporting/IsTesting.swift /Users/rogerlin/Library/Developer/Xcode/DerivedData/FinancialCalculatorKit-ackorybalcxbfocbkqsfdzcfkgmn/SourcePackages/checkouts/xctest-dynamic-overlay/Sources/IssueReporting/IssueReporter.swift /Users/rogerlin/Library/Developer/Xcode/DerivedData/FinancialCalculatorKit-ackorybalcxbfocbkqsfdzcfkgmn/SourcePackages/checkouts/xctest-dynamic-overlay/Sources/IssueReporting/IssueReporters/BreakpointReporter.swift /Users/rogerlin/Library/Developer/Xcode/DerivedData/FinancialCalculatorKit-ackorybalcxbfocbkqsfdzcfkgmn/SourcePackages/checkouts/xctest-dynamic-overlay/Sources/IssueReporting/IssueReporters/FatalErrorReporter.swift /Users/rogerlin/Library/Developer/Xcode/DerivedData/FinancialCalculatorKit-ackorybalcxbfocbkqsfdzcfkgmn/SourcePackages/checkouts/xctest-dynamic-overlay/Sources/IssueReporting/IssueReporters/RuntimeWarningReporter.swift -primary-file /Users/rogerlin/Library/Developer/Xcode/DerivedData/FinancialCalculatorKit-ackorybalcxbfocbkqsfdzcfkgmn/SourcePackages/checkouts/xctest-dynamic-overlay/Sources/IssueReporting/ReportIssue.swift /Users/rogerlin/Library/Developer/Xcode/DerivedData/FinancialCalculatorKit-ackorybalcxbfocbkqsfdzcfkgmn/SourcePackages/checkouts/xctest-dynamic-overlay/Sources/IssueReporting/TestContext.swift /Users/rogerlin/Library/Developer/Xcode/DerivedData/FinancialCalculatorKit-ackorybalcxbfocbkqsfdzcfkgmn/SourcePackages/checkouts/xctest-dynamic-overlay/Sources/IssueReporting/Unimplemented.swift /Users/rogerlin/Library/Developer/Xcode/DerivedData/FinancialCalculatorKit-ackorybalcxbfocbkqsfdzcfkgmn/SourcePackages/checkouts/xctest-dynamic-overlay/Sources/IssueReporting/WithExpectedIssue.swift /Users/rogerlin/Library/Developer/Xcode/DerivedData/FinancialCalculatorKit-ackorybalcxbfocbkqsfdzcfkgmn/SourcePackages/checkouts/xctest-dynamic-overlay/Sources/IssueReporting/WithIssueContext.swift -emit-dependencies-path /Users/rogerlin/Library/Developer/Xcode/DerivedData/FinancialCalculatorKit-ackorybalcxbfocbkqsfdzcfkgmn/Build/Intermediates.noindex/xctest-dynamic-overlay.build/Debug/IssueReporting.build/Objects-normal/arm64/ReportIssue.d -emit-const-values-path /Users/rogerlin/Library/Developer/Xcode/DerivedData/FinancialCalculatorKit-ackorybalcxbfocbkqsfdzcfkgmn/Build/Intermediates.noindex/xctest-dynamic-overlay.build/Debug/IssueReporting.build/Objects-normal/arm64/ReportIssue.swiftconstvalues -emit-reference-dependencies-path /Users/rogerlin/Library/Developer/Xcode/DerivedData/FinancialCalculatorKit-ackorybalcxbfocbkqsfdzcfkgmn/Build/Intermediates.noindex/xctest-dynamic-overlay.build/Debug/IssueReporting.build/Objects-normal/arm64/ReportIssue.swiftdeps -serialize-diagnostics-path /Users/rogerlin/Library/Developer/Xcode/DerivedData/FinancialCalculatorKit-ackorybalcxbfocbkqsfdzcfkgmn/Build/Intermediates.noindex/xctest-dynamic-overlay.build/Debug/IssueReporting.build/Objects-normal/arm64/ReportIssue.dia -target arm64-apple-macos10.15 -module-can-import-version Darwin 347.40.2 0 -module-can-import-version os 1076.40.2 0 -load-resolved-plugin /Applications/Xcode.app/Contents/Developer/Platforms/MacOSX.platform/Developer/usr/lib/swift/host/plugins/libFoundationMacros.dylib\#/Applications/Xcode.app/Contents/Developer/Platforms/MacOSX.platform/Developer/usr/bin/swift-plugin-server\#FoundationMacros -load-resolved-plugin /Applications/Xcode.app/Contents/Developer/Platforms/MacOSX.platform/Developer/usr/lib/swift/host/plugins/libObservationMacros.dylib\#/Applications/Xcode.app/Contents/Developer/Platforms/MacOSX.platform/Developer/usr/bin/swift-plugin-server\#ObservationMacros -load-resolved-plugin /Applications/Xcode.app/Contents/Developer/Platforms/MacOSX.platform/Developer/usr/lib/swift/host/plugins/libSwiftMacros.dylib\#/Applications/Xcode.app/Contents/Developer/Platforms/MacOSX.platform/Developer/usr/bin/swift-plugin-server\#SwiftMacros -disable-implicit-swift-modules -Xcc -fno-implicit-modules -Xcc -fno-implicit-module-maps -explicit-swift-module-map-file /Users/rogerlin/Library/Developer/Xcode/DerivedData/FinancialCalculatorKit-ackorybalcxbfocbkqsfdzcfkgmn/Build/Intermediates.noindex/xctest-dynamic-overlay.build/Debug/IssueReporting.build/Objects-normal/arm64/IssueReporting-dependencies-1.json -Xllvm -aarch64-use-tbi -enable-objc-interop -stack-check -sdk /Applications/Xcode.app/Contents/Developer/Platforms/MacOSX.platform/Developer/SDKs/MacOSX26.1.sdk -I /Users/rogerlin/Library/Developer/Xcode/DerivedData/FinancialCalculatorKit-ackorybalcxbfocbkqsfdzcfkgmn/Build/Products/Debug -Isystem /Applications/Xcode.app/Contents/Developer/Platforms/MacOSX.platform/Developer/usr/lib -F /Users/rogerlin/Library/Developer/Xcode/DerivedData/FinancialCalculatorKit-ackorybalcxbfocbkqsfdzcfkgmn/Build/Products/Debug -F /Applications/Xcode.app/Contents/Developer/Platforms/MacOSX.platform/Developer/Library/Frameworks -no-color-diagnostics -Xcc -fno-color-diagnostics -enable-testing -g -debug-info-format\=dwarf -dwarf-version\=4 -module-cache-path /Users/rogerlin/Library/Developer/Xcode/DerivedData/FinancialCalculatorKit-ackorybalcxbfocbkqsfdzcfkgmn/Build/Intermediates.noindex/SwiftExplicitPrecompiledModules -suppress-warnings -profile-generate -profile-coverage-mapping -swift-version 6 -enforce-exclusivity\=checked -Onone -D SWIFT_PACKAGE -D DEBUG -D SWIFT_MODULE_RESOURCE_BUNDLE_UNAVAILABLE -D Xcode -serialize-debugging-options -const-gather-protocols-file /Users/rogerlin/Library/Developer/Xcode/DerivedData/FinancialCalculatorKit-ackorybalcxbfocbkqsfdzcfkgmn/Build/Intermediates.noindex/xctest-dynamic-overlay.build/Debug/IssueReporting.build/Objects-normal/arm64/IssueReporting_const_extract_protocols.json -enable-experimental-feature DebugDescriptionMacro -empty-abi-descriptor -user-module-version 1.5.2 -validate-clang-modules-once -clang-build-session-file /Users/rogerlin/Library/Developer/Xcode/DerivedData/ModuleCache.noindex/Session.modulevalidation -Xcc -working-directory -Xcc /Users/rogerlin/XCode-Projects/FinancialCalculatorKit-5.0-updated-accent-colors/FinancialCalculatorKit.xcodeproj -enable-anonymous-context-mangled-names -file-compilation-dir /Users/rogerlin/XCode-Projects/FinancialCalculatorKit-5.0-updated-accent-colors/FinancialCalculatorKit.xcodeproj -Xcc -D_LIBCPP_HARDENING_MODE\=_LIBCPP_HARDENING_MODE_DEBUG -Xcc -ivfsstatcache -Xcc /Users/rogerlin/Library/Developer/Xcode/DerivedData/SDKStatCaches.noindex/macosx26.1-25B74-3ae1261907bdadc328169391a47051a6.sdkstatcache -Xcc -I/Users/rogerlin/Library/Developer/Xcode/DerivedData/FinancialCalculatorKit-ackorybalcxbfocbkqsfdzcfkgmn/Build/Intermediates.noindex/xctest-dynamic-overlay.build/Debug/IssueReporting.build/swift-overrides.hmap -Xcc -I/Users/rogerlin/Library/Developer/Xcode/DerivedData/FinancialCalculatorKit-ackorybalcxbfocbkqsfdzcfkgmn/Build/Products/Debug/include -Xcc -I/Users/rogerlin/Library/Developer/Xcode/DerivedData/FinancialCalculatorKit-ackorybalcxbfocbkqsfdzcfkgmn/Build/Intermediates.noindex/xctest-dynamic-overlay.build/Debug/IssueReporting.build/DerivedSources-normal/arm64 -Xcc -I/Users/rogerlin/Library/Developer/Xcode/DerivedData/FinancialCalculatorKit-ackorybalcxbfocbkqsfdzcfkgmn/Build/Intermediates.noindex/xctest-dynamic-overlay.build/Debug/IssueReporting.build/DerivedSources/arm64 -Xcc -I/Users/rogerlin/Library/Developer/Xcode/DerivedData/FinancialCalculatorKit-ackorybalcxbfocbkqsfdzcfkgmn/Build/Intermediates.noindex/xctest-dynamic-overlay.build/Debug/IssueReporting.build/DerivedSources -Xcc -DSWIFT_PACKAGE -Xcc -DDEBUG\=1 -no-auto-bridging-header-chaining -module-name IssueReporting -package-name xctest_dynamic_overlay -frontend-parseable-output -disable-clang-spi -target-sdk-version 26.1 -target-sdk-name macosx26.1 -clang-target arm64-apple-macos26.1 -in-process-plugin-server-path /Applications/Xcode.app/Contents/Developer/Toolchains/XcodeDefault.xctoolchain/usr/lib/swift/host/libSwiftInProcPluginServer.dylib -o /Users/rogerlin/Library/Developer/Xcode/DerivedData/FinancialCalculatorKit-ackorybalcxbfocbkqsfdzcfkgmn/Build/Intermediates.noindex/xctest-dynamic-overlay.build/Debug/IssueReporting.build/Objects-normal/arm64/ReportIssue.o -index-unit-output-path /xctest-dynamic-overlay.build/Debug/IssueReporting.build/Objects-normal/arm64/ReportIssue.o -index-store-path /Users/rogerlin/Library/Developer/Xcode/DerivedData/FinancialCalculatorKit-ackorybalcxbfocbkqsfdzcfkgmn/Index.noindex/DataStore -index-system-modules

SwiftCompile normal arm64 /Users/rogerlin/Library/Developer/Xcode/DerivedData/FinancialCalculatorKit-ackorybalcxbfocbkqsfdzcfkgmn/SourcePackages/checkouts/xctest-dynamic-overlay/Sources/IssueReporting/ReportIssue.swift (in target 'IssueReporting' from project 'xctest-dynamic-overlay')
    cd /Users/rogerlin/XCode-Projects/FinancialCalculatorKit-5.0-updated-accent-colors/FinancialCalculatorKit.xcodeproj
    

SwiftCompile normal arm64 Compiling\ IssueReporter.swift /Users/rogerlin/Library/Developer/Xcode/DerivedData/FinancialCalculatorKit-ackorybalcxbfocbkqsfdzcfkgmn/SourcePackages/checkouts/xctest-dynamic-overlay/Sources/IssueReporting/IssueReporter.swift (in target 'IssueReporting' from project 'xctest-dynamic-overlay')
/Applications/Xcode.app/Contents/Developer/Toolchains/XcodeDefault.xctoolchain/usr/bin/swift-frontend -frontend -c /Users/rogerlin/Library/Developer/Xcode/DerivedData/FinancialCalculatorKit-ackorybalcxbfocbkqsfdzcfkgmn/SourcePackages/checkouts/xctest-dynamic-overlay/Sources/IssueReporting/ErrorReporting.swift /Users/rogerlin/Library/Developer/Xcode/DerivedData/FinancialCalculatorKit-ackorybalcxbfocbkqsfdzcfkgmn/SourcePackages/checkouts/xctest-dynamic-overlay/Sources/IssueReporting/Internal/AppHostWarning.swift /Users/rogerlin/Library/Developer/Xcode/DerivedData/FinancialCalculatorKit-ackorybalcxbfocbkqsfdzcfkgmn/SourcePackages/checkouts/xctest-dynamic-overlay/Sources/IssueReporting/Internal/Deprecations.swift /Users/rogerlin/Library/Developer/Xcode/DerivedData/FinancialCalculatorKit-ackorybalcxbfocbkqsfdzcfkgmn/SourcePackages/checkouts/xctest-dynamic-overlay/Sources/IssueReporting/Internal/FailureObserver.swift /Users/rogerlin/Library/Developer/Xcode/DerivedData/FinancialCalculatorKit-ackorybalcxbfocbkqsfdzcfkgmn/SourcePackages/checkouts/xctest-dynamic-overlay/Sources/IssueReporting/Internal/LockIsolated.swift /Users/rogerlin/Library/Developer/Xcode/DerivedData/FinancialCalculatorKit-ackorybalcxbfocbkqsfdzcfkgmn/SourcePackages/checkouts/xctest-dynamic-overlay/Sources/IssueReporting/Internal/Rethrows.swift /Users/rogerlin/Library/Developer/Xcode/DerivedData/FinancialCalculatorKit-ackorybalcxbfocbkqsfdzcfkgmn/SourcePackages/checkouts/xctest-dynamic-overlay/Sources/IssueReporting/Internal/SwiftTesting.swift /Users/rogerlin/Library/Developer/Xcode/DerivedData/FinancialCalculatorKit-ackorybalcxbfocbkqsfdzcfkgmn/SourcePackages/checkouts/xctest-dynamic-overlay/Sources/IssueReporting/Internal/UncheckedSendable.swift /Users/rogerlin/Library/Developer/Xcode/DerivedData/FinancialCalculatorKit-ackorybalcxbfocbkqsfdzcfkgmn/SourcePackages/checkouts/xctest-dynamic-overlay/Sources/IssueReporting/Internal/Warn.swift /Users/rogerlin/Library/Developer/Xcode/DerivedData/FinancialCalculatorKit-ackorybalcxbfocbkqsfdzcfkgmn/SourcePackages/checkouts/xctest-dynamic-overlay/Sources/IssueReporting/Internal/XCTest.swift /Users/rogerlin/Library/Developer/Xcode/DerivedData/FinancialCalculatorKit-ackorybalcxbfocbkqsfdzcfkgmn/SourcePackages/checkouts/xctest-dynamic-overlay/Sources/IssueReporting/IsTesting.swift -primary-file /Users/rogerlin/Library/Developer/Xcode/DerivedData/FinancialCalculatorKit-ackorybalcxbfocbkqsfdzcfkgmn/SourcePackages/checkouts/xctest-dynamic-overlay/Sources/IssueReporting/IssueReporter.swift /Users/rogerlin/Library/Developer/Xcode/DerivedData/FinancialCalculatorKit-ackorybalcxbfocbkqsfdzcfkgmn/SourcePackages/checkouts/xctest-dynamic-overlay/Sources/IssueReporting/IssueReporters/BreakpointReporter.swift /Users/rogerlin/Library/Developer/Xcode/DerivedData/FinancialCalculatorKit-ackorybalcxbfocbkqsfdzcfkgmn/SourcePackages/checkouts/xctest-dynamic-overlay/Sources/IssueReporting/IssueReporters/FatalErrorReporter.swift /Users/rogerlin/Library/Developer/Xcode/DerivedData/FinancialCalculatorKit-ackorybalcxbfocbkqsfdzcfkgmn/SourcePackages/checkouts/xctest-dynamic-overlay/Sources/IssueReporting/IssueReporters/RuntimeWarningReporter.swift /Users/rogerlin/Library/Developer/Xcode/DerivedData/FinancialCalculatorKit-ackorybalcxbfocbkqsfdzcfkgmn/SourcePackages/checkouts/xctest-dynamic-overlay/Sources/IssueReporting/ReportIssue.swift /Users/rogerlin/Library/Developer/Xcode/DerivedData/FinancialCalculatorKit-ackorybalcxbfocbkqsfdzcfkgmn/SourcePackages/checkouts/xctest-dynamic-overlay/Sources/IssueReporting/TestContext.swift /Users/rogerlin/Library/Developer/Xcode/DerivedData/FinancialCalculatorKit-ackorybalcxbfocbkqsfdzcfkgmn/SourcePackages/checkouts/xctest-dynamic-overlay/Sources/IssueReporting/Unimplemented.swift /Users/rogerlin/Library/Developer/Xcode/DerivedData/FinancialCalculatorKit-ackorybalcxbfocbkqsfdzcfkgmn/SourcePackages/checkouts/xctest-dynamic-overlay/Sources/IssueReporting/WithExpectedIssue.swift /Users/rogerlin/Library/Developer/Xcode/DerivedData/FinancialCalculatorKit-ackorybalcxbfocbkqsfdzcfkgmn/SourcePackages/checkouts/xctest-dynamic-overlay/Sources/IssueReporting/WithIssueContext.swift -emit-dependencies-path /Users/rogerlin/Library/Developer/Xcode/DerivedData/FinancialCalculatorKit-ackorybalcxbfocbkqsfdzcfkgmn/Build/Intermediates.noindex/xctest-dynamic-overlay.build/Debug/IssueReporting.build/Objects-normal/arm64/IssueReporter.d -emit-const-values-path /Users/rogerlin/Library/Developer/Xcode/DerivedData/FinancialCalculatorKit-ackorybalcxbfocbkqsfdzcfkgmn/Build/Intermediates.noindex/xctest-dynamic-overlay.build/Debug/IssueReporting.build/Objects-normal/arm64/IssueReporter.swiftconstvalues -emit-reference-dependencies-path /Users/rogerlin/Library/Developer/Xcode/DerivedData/FinancialCalculatorKit-ackorybalcxbfocbkqsfdzcfkgmn/Build/Intermediates.noindex/xctest-dynamic-overlay.build/Debug/IssueReporting.build/Objects-normal/arm64/IssueReporter.swiftdeps -serialize-diagnostics-path /Users/rogerlin/Library/Developer/Xcode/DerivedData/FinancialCalculatorKit-ackorybalcxbfocbkqsfdzcfkgmn/Build/Intermediates.noindex/xctest-dynamic-overlay.build/Debug/IssueReporting.build/Objects-normal/arm64/IssueReporter.dia -target arm64-apple-macos10.15 -module-can-import-version Darwin 347.40.2 0 -module-can-import-version os 1076.40.2 0 -load-resolved-plugin /Applications/Xcode.app/Contents/Developer/Platforms/MacOSX.platform/Developer/usr/lib/swift/host/plugins/libFoundationMacros.dylib\#/Applications/Xcode.app/Contents/Developer/Platforms/MacOSX.platform/Developer/usr/bin/swift-plugin-server\#FoundationMacros -load-resolved-plugin /Applications/Xcode.app/Contents/Developer/Platforms/MacOSX.platform/Developer/usr/lib/swift/host/plugins/libObservationMacros.dylib\#/Applications/Xcode.app/Contents/Developer/Platforms/MacOSX.platform/Developer/usr/bin/swift-plugin-server\#ObservationMacros -load-resolved-plugin /Applications/Xcode.app/Contents/Developer/Platforms/MacOSX.platform/Developer/usr/lib/swift/host/plugins/libSwiftMacros.dylib\#/Applications/Xcode.app/Contents/Developer/Platforms/MacOSX.platform/Developer/usr/bin/swift-plugin-server\#SwiftMacros -disable-implicit-swift-modules -Xcc -fno-implicit-modules -Xcc -fno-implicit-module-maps -explicit-swift-module-map-file /Users/rogerlin/Library/Developer/Xcode/DerivedData/FinancialCalculatorKit-ackorybalcxbfocbkqsfdzcfkgmn/Build/Intermediates.noindex/xctest-dynamic-overlay.build/Debug/IssueReporting.build/Objects-normal/arm64/IssueReporting-dependencies-1.json -Xllvm -aarch64-use-tbi -enable-objc-interop -stack-check -sdk /Applications/Xcode.app/Contents/Developer/Platforms/MacOSX.platform/Developer/SDKs/MacOSX26.1.sdk -I /Users/rogerlin/Library/Developer/Xcode/DerivedData/FinancialCalculatorKit-ackorybalcxbfocbkqsfdzcfkgmn/Build/Products/Debug -Isystem /Applications/Xcode.app/Contents/Developer/Platforms/MacOSX.platform/Developer/usr/lib -F /Users/rogerlin/Library/Developer/Xcode/DerivedData/FinancialCalculatorKit-ackorybalcxbfocbkqsfdzcfkgmn/Build/Products/Debug -F /Applications/Xcode.app/Contents/Developer/Platforms/MacOSX.platform/Developer/Library/Frameworks -no-color-diagnostics -Xcc -fno-color-diagnostics -enable-testing -g -debug-info-format\=dwarf -dwarf-version\=4 -module-cache-path /Users/rogerlin/Library/Developer/Xcode/DerivedData/FinancialCalculatorKit-ackorybalcxbfocbkqsfdzcfkgmn/Build/Intermediates.noindex/SwiftExplicitPrecompiledModules -suppress-warnings -profile-generate -profile-coverage-mapping -swift-version 6 -enforce-exclusivity\=checked -Onone -D SWIFT_PACKAGE -D DEBUG -D SWIFT_MODULE_RESOURCE_BUNDLE_UNAVAILABLE -D Xcode -serialize-debugging-options -const-gather-protocols-file /Users/rogerlin/Library/Developer/Xcode/DerivedData/FinancialCalculatorKit-ackorybalcxbfocbkqsfdzcfkgmn/Build/Intermediates.noindex/xctest-dynamic-overlay.build/Debug/IssueReporting.build/Objects-normal/arm64/IssueReporting_const_extract_protocols.json -enable-experimental-feature DebugDescriptionMacro -empty-abi-descriptor -user-module-version 1.5.2 -validate-clang-modules-once -clang-build-session-file /Users/rogerlin/Library/Developer/Xcode/DerivedData/ModuleCache.noindex/Session.modulevalidation -Xcc -working-directory -Xcc /Users/rogerlin/XCode-Projects/FinancialCalculatorKit-5.0-updated-accent-colors/FinancialCalculatorKit.xcodeproj -enable-anonymous-context-mangled-names -file-compilation-dir /Users/rogerlin/XCode-Projects/FinancialCalculatorKit-5.0-updated-accent-colors/FinancialCalculatorKit.xcodeproj -Xcc -D_LIBCPP_HARDENING_MODE\=_LIBCPP_HARDENING_MODE_DEBUG -Xcc -ivfsstatcache -Xcc /Users/rogerlin/Library/Developer/Xcode/DerivedData/SDKStatCaches.noindex/macosx26.1-25B74-3ae1261907bdadc328169391a47051a6.sdkstatcache -Xcc -I/Users/rogerlin/Library/Developer/Xcode/DerivedData/FinancialCalculatorKit-ackorybalcxbfocbkqsfdzcfkgmn/Build/Intermediates.noindex/xctest-dynamic-overlay.build/Debug/IssueReporting.build/swift-overrides.hmap -Xcc -I/Users/rogerlin/Library/Developer/Xcode/DerivedData/FinancialCalculatorKit-ackorybalcxbfocbkqsfdzcfkgmn/Build/Products/Debug/include -Xcc -I/Users/rogerlin/Library/Developer/Xcode/DerivedData/FinancialCalculatorKit-ackorybalcxbfocbkqsfdzcfkgmn/Build/Intermediates.noindex/xctest-dynamic-overlay.build/Debug/IssueReporting.build/DerivedSources-normal/arm64 -Xcc -I/Users/rogerlin/Library/Developer/Xcode/DerivedData/FinancialCalculatorKit-ackorybalcxbfocbkqsfdzcfkgmn/Build/Intermediates.noindex/xctest-dynamic-overlay.build/Debug/IssueReporting.build/DerivedSources/arm64 -Xcc -I/Users/rogerlin/Library/Developer/Xcode/DerivedData/FinancialCalculatorKit-ackorybalcxbfocbkqsfdzcfkgmn/Build/Intermediates.noindex/xctest-dynamic-overlay.build/Debug/IssueReporting.build/DerivedSources -Xcc -DSWIFT_PACKAGE -Xcc -DDEBUG\=1 -no-auto-bridging-header-chaining -module-name IssueReporting -package-name xctest_dynamic_overlay -frontend-parseable-output -disable-clang-spi -target-sdk-version 26.1 -target-sdk-name macosx26.1 -clang-target arm64-apple-macos26.1 -in-process-plugin-server-path /Applications/Xcode.app/Contents/Developer/Toolchains/XcodeDefault.xctoolchain/usr/lib/swift/host/libSwiftInProcPluginServer.dylib -o /Users/rogerlin/Library/Developer/Xcode/DerivedData/FinancialCalculatorKit-ackorybalcxbfocbkqsfdzcfkgmn/Build/Intermediates.noindex/xctest-dynamic-overlay.build/Debug/IssueReporting.build/Objects-normal/arm64/IssueReporter.o -index-unit-output-path /xctest-dynamic-overlay.build/Debug/IssueReporting.build/Objects-normal/arm64/IssueReporter.o -index-store-path /Users/rogerlin/Library/Developer/Xcode/DerivedData/FinancialCalculatorKit-ackorybalcxbfocbkqsfdzcfkgmn/Index.noindex/DataStore -index-system-modules

SwiftCompile normal arm64 /Users/rogerlin/Library/Developer/Xcode/DerivedData/FinancialCalculatorKit-ackorybalcxbfocbkqsfdzcfkgmn/SourcePackages/checkouts/xctest-dynamic-overlay/Sources/IssueReporting/IssueReporter.swift (in target 'IssueReporting' from project 'xctest-dynamic-overlay')
    cd /Users/rogerlin/XCode-Projects/FinancialCalculatorKit-5.0-updated-accent-colors/FinancialCalculatorKit.xcodeproj
    

SwiftDriverJobDiscovery normal arm64 Compiling SVGParser.swift, MathJax.swift, ConversionOptions.swift (in target 'MathJaxSwift' from project 'MathJaxSwift')

SwiftDriverJobDiscovery normal arm64 Compiling MenuOptionsSettings.swift, SREOptions.swift, AllowOptions.swift (in target 'MathJaxSwift' from project 'MathJaxSwift')

SwiftCompile normal arm64 Compiling\ WithExpectedIssue.swift /Users/rogerlin/Library/Developer/Xcode/DerivedData/FinancialCalculatorKit-ackorybalcxbfocbkqsfdzcfkgmn/SourcePackages/checkouts/xctest-dynamic-overlay/Sources/IssueReporting/WithExpectedIssue.swift (in target 'IssueReporting' from project 'xctest-dynamic-overlay')
/Applications/Xcode.app/Contents/Developer/Toolchains/XcodeDefault.xctoolchain/usr/bin/swift-frontend -frontend -c /Users/rogerlin/Library/Developer/Xcode/DerivedData/FinancialCalculatorKit-ackorybalcxbfocbkqsfdzcfkgmn/SourcePackages/checkouts/xctest-dynamic-overlay/Sources/IssueReporting/ErrorReporting.swift /Users/rogerlin/Library/Developer/Xcode/DerivedData/FinancialCalculatorKit-ackorybalcxbfocbkqsfdzcfkgmn/SourcePackages/checkouts/xctest-dynamic-overlay/Sources/IssueReporting/Internal/AppHostWarning.swift /Users/rogerlin/Library/Developer/Xcode/DerivedData/FinancialCalculatorKit-ackorybalcxbfocbkqsfdzcfkgmn/SourcePackages/checkouts/xctest-dynamic-overlay/Sources/IssueReporting/Internal/Deprecations.swift /Users/rogerlin/Library/Developer/Xcode/DerivedData/FinancialCalculatorKit-ackorybalcxbfocbkqsfdzcfkgmn/SourcePackages/checkouts/xctest-dynamic-overlay/Sources/IssueReporting/Internal/FailureObserver.swift /Users/rogerlin/Library/Developer/Xcode/DerivedData/FinancialCalculatorKit-ackorybalcxbfocbkqsfdzcfkgmn/SourcePackages/checkouts/xctest-dynamic-overlay/Sources/IssueReporting/Internal/LockIsolated.swift /Users/rogerlin/Library/Developer/Xcode/DerivedData/FinancialCalculatorKit-ackorybalcxbfocbkqsfdzcfkgmn/SourcePackages/checkouts/xctest-dynamic-overlay/Sources/IssueReporting/Internal/Rethrows.swift /Users/rogerlin/Library/Developer/Xcode/DerivedData/FinancialCalculatorKit-ackorybalcxbfocbkqsfdzcfkgmn/SourcePackages/checkouts/xctest-dynamic-overlay/Sources/IssueReporting/Internal/SwiftTesting.swift /Users/rogerlin/Library/Developer/Xcode/DerivedData/FinancialCalculatorKit-ackorybalcxbfocbkqsfdzcfkgmn/SourcePackages/checkouts/xctest-dynamic-overlay/Sources/IssueReporting/Internal/UncheckedSendable.swift /Users/rogerlin/Library/Developer/Xcode/DerivedData/FinancialCalculatorKit-ackorybalcxbfocbkqsfdzcfkgmn/SourcePackages/checkouts/xctest-dynamic-overlay/Sources/IssueReporting/Internal/Warn.swift /Users/rogerlin/Library/Developer/Xcode/DerivedData/FinancialCalculatorKit-ackorybalcxbfocbkqsfdzcfkgmn/SourcePackages/checkouts/xctest-dynamic-overlay/Sources/IssueReporting/Internal/XCTest.swift /Users/rogerlin/Library/Developer/Xcode/DerivedData/FinancialCalculatorKit-ackorybalcxbfocbkqsfdzcfkgmn/SourcePackages/checkouts/xctest-dynamic-overlay/Sources/IssueReporting/IsTesting.swift /Users/rogerlin/Library/Developer/Xcode/DerivedData/FinancialCalculatorKit-ackorybalcxbfocbkqsfdzcfkgmn/SourcePackages/checkouts/xctest-dynamic-overlay/Sources/IssueReporting/IssueReporter.swift /Users/rogerlin/Library/Developer/Xcode/DerivedData/FinancialCalculatorKit-ackorybalcxbfocbkqsfdzcfkgmn/SourcePackages/checkouts/xctest-dynamic-overlay/Sources/IssueReporting/IssueReporters/BreakpointReporter.swift /Users/rogerlin/Library/Developer/Xcode/DerivedData/FinancialCalculatorKit-ackorybalcxbfocbkqsfdzcfkgmn/SourcePackages/checkouts/xctest-dynamic-overlay/Sources/IssueReporting/IssueReporters/FatalErrorReporter.swift /Users/rogerlin/Library/Developer/Xcode/DerivedData/FinancialCalculatorKit-ackorybalcxbfocbkqsfdzcfkgmn/SourcePackages/checkouts/xctest-dynamic-overlay/Sources/IssueReporting/IssueReporters/RuntimeWarningReporter.swift /Users/rogerlin/Library/Developer/Xcode/DerivedData/FinancialCalculatorKit-ackorybalcxbfocbkqsfdzcfkgmn/SourcePackages/checkouts/xctest-dynamic-overlay/Sources/IssueReporting/ReportIssue.swift /Users/rogerlin/Library/Developer/Xcode/DerivedData/FinancialCalculatorKit-ackorybalcxbfocbkqsfdzcfkgmn/SourcePackages/checkouts/xctest-dynamic-overlay/Sources/IssueReporting/TestContext.swift /Users/rogerlin/Library/Developer/Xcode/DerivedData/FinancialCalculatorKit-ackorybalcxbfocbkqsfdzcfkgmn/SourcePackages/checkouts/xctest-dynamic-overlay/Sources/IssueReporting/Unimplemented.swift -primary-file /Users/rogerlin/Library/Developer/Xcode/DerivedData/FinancialCalculatorKit-ackorybalcxbfocbkqsfdzcfkgmn/SourcePackages/checkouts/xctest-dynamic-overlay/Sources/IssueReporting/WithExpectedIssue.swift /Users/rogerlin/Library/Developer/Xcode/DerivedData/FinancialCalculatorKit-ackorybalcxbfocbkqsfdzcfkgmn/SourcePackages/checkouts/xctest-dynamic-overlay/Sources/IssueReporting/WithIssueContext.swift -emit-dependencies-path /Users/rogerlin/Library/Developer/Xcode/DerivedData/FinancialCalculatorKit-ackorybalcxbfocbkqsfdzcfkgmn/Build/Intermediates.noindex/xctest-dynamic-overlay.build/Debug/IssueReporting.build/Objects-normal/arm64/WithExpectedIssue.d -emit-const-values-path /Users/rogerlin/Library/Developer/Xcode/DerivedData/FinancialCalculatorKit-ackorybalcxbfocbkqsfdzcfkgmn/Build/Intermediates.noindex/xctest-dynamic-overlay.build/Debug/IssueReporting.build/Objects-normal/arm64/WithExpectedIssue.swiftconstvalues -emit-reference-dependencies-path /Users/rogerlin/Library/Developer/Xcode/DerivedData/FinancialCalculatorKit-ackorybalcxbfocbkqsfdzcfkgmn/Build/Intermediates.noindex/xctest-dynamic-overlay.build/Debug/IssueReporting.build/Objects-normal/arm64/WithExpectedIssue.swiftdeps -serialize-diagnostics-path /Users/rogerlin/Library/Developer/Xcode/DerivedData/FinancialCalculatorKit-ackorybalcxbfocbkqsfdzcfkgmn/Build/Intermediates.noindex/xctest-dynamic-overlay.build/Debug/IssueReporting.build/Objects-normal/arm64/WithExpectedIssue.dia -target arm64-apple-macos10.15 -module-can-import-version Darwin 347.40.2 0 -module-can-import-version os 1076.40.2 0 -load-resolved-plugin /Applications/Xcode.app/Contents/Developer/Platforms/MacOSX.platform/Developer/usr/lib/swift/host/plugins/libFoundationMacros.dylib\#/Applications/Xcode.app/Contents/Developer/Platforms/MacOSX.platform/Developer/usr/bin/swift-plugin-server\#FoundationMacros -load-resolved-plugin /Applications/Xcode.app/Contents/Developer/Platforms/MacOSX.platform/Developer/usr/lib/swift/host/plugins/libObservationMacros.dylib\#/Applications/Xcode.app/Contents/Developer/Platforms/MacOSX.platform/Developer/usr/bin/swift-plugin-server\#ObservationMacros -load-resolved-plugin /Applications/Xcode.app/Contents/Developer/Platforms/MacOSX.platform/Developer/usr/lib/swift/host/plugins/libSwiftMacros.dylib\#/Applications/Xcode.app/Contents/Developer/Platforms/MacOSX.platform/Developer/usr/bin/swift-plugin-server\#SwiftMacros -disable-implicit-swift-modules -Xcc -fno-implicit-modules -Xcc -fno-implicit-module-maps -explicit-swift-module-map-file /Users/rogerlin/Library/Developer/Xcode/DerivedData/FinancialCalculatorKit-ackorybalcxbfocbkqsfdzcfkgmn/Build/Intermediates.noindex/xctest-dynamic-overlay.build/Debug/IssueReporting.build/Objects-normal/arm64/IssueReporting-dependencies-1.json -Xllvm -aarch64-use-tbi -enable-objc-interop -stack-check -sdk /Applications/Xcode.app/Contents/Developer/Platforms/MacOSX.platform/Developer/SDKs/MacOSX26.1.sdk -I /Users/rogerlin/Library/Developer/Xcode/DerivedData/FinancialCalculatorKit-ackorybalcxbfocbkqsfdzcfkgmn/Build/Products/Debug -Isystem /Applications/Xcode.app/Contents/Developer/Platforms/MacOSX.platform/Developer/usr/lib -F /Users/rogerlin/Library/Developer/Xcode/DerivedData/FinancialCalculatorKit-ackorybalcxbfocbkqsfdzcfkgmn/Build/Products/Debug -F /Applications/Xcode.app/Contents/Developer/Platforms/MacOSX.platform/Developer/Library/Frameworks -no-color-diagnostics -Xcc -fno-color-diagnostics -enable-testing -g -debug-info-format\=dwarf -dwarf-version\=4 -module-cache-path /Users/rogerlin/Library/Developer/Xcode/DerivedData/FinancialCalculatorKit-ackorybalcxbfocbkqsfdzcfkgmn/Build/Intermediates.noindex/SwiftExplicitPrecompiledModules -suppress-warnings -profile-generate -profile-coverage-mapping -swift-version 6 -enforce-exclusivity\=checked -Onone -D SWIFT_PACKAGE -D DEBUG -D SWIFT_MODULE_RESOURCE_BUNDLE_UNAVAILABLE -D Xcode -serialize-debugging-options -const-gather-protocols-file /Users/rogerlin/Library/Developer/Xcode/DerivedData/FinancialCalculatorKit-ackorybalcxbfocbkqsfdzcfkgmn/Build/Intermediates.noindex/xctest-dynamic-overlay.build/Debug/IssueReporting.build/Objects-normal/arm64/IssueReporting_const_extract_protocols.json -enable-experimental-feature DebugDescriptionMacro -empty-abi-descriptor -user-module-version 1.5.2 -validate-clang-modules-once -clang-build-session-file /Users/rogerlin/Library/Developer/Xcode/DerivedData/ModuleCache.noindex/Session.modulevalidation -Xcc -working-directory -Xcc /Users/rogerlin/XCode-Projects/FinancialCalculatorKit-5.0-updated-accent-colors/FinancialCalculatorKit.xcodeproj -enable-anonymous-context-mangled-names -file-compilation-dir /Users/rogerlin/XCode-Projects/FinancialCalculatorKit-5.0-updated-accent-colors/FinancialCalculatorKit.xcodeproj -Xcc -D_LIBCPP_HARDENING_MODE\=_LIBCPP_HARDENING_MODE_DEBUG -Xcc -ivfsstatcache -Xcc /Users/rogerlin/Library/Developer/Xcode/DerivedData/SDKStatCaches.noindex/macosx26.1-25B74-3ae1261907bdadc328169391a47051a6.sdkstatcache -Xcc -I/Users/rogerlin/Library/Developer/Xcode/DerivedData/FinancialCalculatorKit-ackorybalcxbfocbkqsfdzcfkgmn/Build/Intermediates.noindex/xctest-dynamic-overlay.build/Debug/IssueReporting.build/swift-overrides.hmap -Xcc -I/Users/rogerlin/Library/Developer/Xcode/DerivedData/FinancialCalculatorKit-ackorybalcxbfocbkqsfdzcfkgmn/Build/Products/Debug/include -Xcc -I/Users/rogerlin/Library/Developer/Xcode/DerivedData/FinancialCalculatorKit-ackorybalcxbfocbkqsfdzcfkgmn/Build/Intermediates.noindex/xctest-dynamic-overlay.build/Debug/IssueReporting.build/DerivedSources-normal/arm64 -Xcc -I/Users/rogerlin/Library/Developer/Xcode/DerivedData/FinancialCalculatorKit-ackorybalcxbfocbkqsfdzcfkgmn/Build/Intermediates.noindex/xctest-dynamic-overlay.build/Debug/IssueReporting.build/DerivedSources/arm64 -Xcc -I/Users/rogerlin/Library/Developer/Xcode/DerivedData/FinancialCalculatorKit-ackorybalcxbfocbkqsfdzcfkgmn/Build/Intermediates.noindex/xctest-dynamic-overlay.build/Debug/IssueReporting.build/DerivedSources -Xcc -DSWIFT_PACKAGE -Xcc -DDEBUG\=1 -no-auto-bridging-header-chaining -module-name IssueReporting -package-name xctest_dynamic_overlay -frontend-parseable-output -disable-clang-spi -target-sdk-version 26.1 -target-sdk-name macosx26.1 -clang-target arm64-apple-macos26.1 -in-process-plugin-server-path /Applications/Xcode.app/Contents/Developer/Toolchains/XcodeDefault.xctoolchain/usr/lib/swift/host/libSwiftInProcPluginServer.dylib -o /Users/rogerlin/Library/Developer/Xcode/DerivedData/FinancialCalculatorKit-ackorybalcxbfocbkqsfdzcfkgmn/Build/Intermediates.noindex/xctest-dynamic-overlay.build/Debug/IssueReporting.build/Objects-normal/arm64/WithExpectedIssue.o -index-unit-output-path /xctest-dynamic-overlay.build/Debug/IssueReporting.build/Objects-normal/arm64/WithExpectedIssue.o -index-store-path /Users/rogerlin/Library/Developer/Xcode/DerivedData/FinancialCalculatorKit-ackorybalcxbfocbkqsfdzcfkgmn/Index.noindex/DataStore -index-system-modules

SwiftCompile normal arm64 /Users/rogerlin/Library/Developer/Xcode/DerivedData/FinancialCalculatorKit-ackorybalcxbfocbkqsfdzcfkgmn/SourcePackages/checkouts/xctest-dynamic-overlay/Sources/IssueReporting/WithExpectedIssue.swift (in target 'IssueReporting' from project 'xctest-dynamic-overlay')
    cd /Users/rogerlin/XCode-Projects/FinancialCalculatorKit-5.0-updated-accent-colors/FinancialCalculatorKit.xcodeproj
    

SwiftDriverJobDiscovery normal arm64 Compiling TeXInputProcessorOptions.swift, CHTMLOutputProcessorOptions.swift (in target 'MathJaxSwift' from project 'MathJaxSwift')

SwiftDriverJobDiscovery normal arm64 Compiling TestContext.swift (in target 'IssueReporting' from project 'xctest-dynamic-overlay')

SwiftDriver\ Compilation ComplexModule normal arm64 com.apple.xcode.tools.swift.compiler (in target 'ComplexModule' from project 'swift-numerics')
    cd /Users/rogerlin/XCode-Projects/FinancialCalculatorKit-5.0-updated-accent-colors/FinancialCalculatorKit.xcodeproj
    builtin-Swift-Compilation -- /Applications/Xcode.app/Contents/Developer/Toolchains/XcodeDefault.xctoolchain/usr/bin/swiftc -module-name ComplexModule -Onone -enforce-exclusivity\=checked @/Users/rogerlin/Library/Developer/Xcode/DerivedData/FinancialCalculatorKit-ackorybalcxbfocbkqsfdzcfkgmn/Build/Intermediates.noindex/swift-numerics.build/Debug/ComplexModule.build/Objects-normal/arm64/ComplexModule.SwiftFileList -DSWIFT_PACKAGE -DDEBUG -DSWIFT_MODULE_RESOURCE_BUNDLE_UNAVAILABLE -DXcode -plugin-path /Applications/Xcode.app/Contents/Developer/Toolchains/XcodeDefault.xctoolchain/usr/lib/swift/host/plugins/testing -enable-experimental-feature DebugDescriptionMacro -sdk /Applications/Xcode.app/Contents/Developer/Platforms/MacOSX.platform/Developer/SDKs/MacOSX26.1.sdk -target arm64-apple-macos10.13 -g -module-cache-path /Users/rogerlin/Library/Developer/Xcode/DerivedData/ModuleCache.noindex -Xfrontend -serialize-debugging-options -profile-coverage-mapping -profile-generate -enable-testing -suppress-warnings -index-store-path /Users/rogerlin/Library/Developer/Xcode/DerivedData/FinancialCalculatorKit-ackorybalcxbfocbkqsfdzcfkgmn/Index.noindex/DataStore -Xcc -D_LIBCPP_HARDENING_MODE\=_LIBCPP_HARDENING_MODE_DEBUG -swift-version 5 -I /Users/rogerlin/Library/Developer/Xcode/DerivedData/FinancialCalculatorKit-ackorybalcxbfocbkqsfdzcfkgmn/Build/Products/Debug -Isystem /Applications/Xcode.app/Contents/Developer/Platforms/MacOSX.platform/Developer/usr/lib -F /Users/rogerlin/Library/Developer/Xcode/DerivedData/FinancialCalculatorKit-ackorybalcxbfocbkqsfdzcfkgmn/Build/Products/Debug/PackageFrameworks -F /Users/rogerlin/Library/Developer/Xcode/DerivedData/FinancialCalculatorKit-ackorybalcxbfocbkqsfdzcfkgmn/Build/Products/Debug/PackageFrameworks -F /Users/rogerlin/Library/Developer/Xcode/DerivedData/FinancialCalculatorKit-ackorybalcxbfocbkqsfdzcfkgmn/Build/Products/Debug -F /Applications/Xcode.app/Contents/Developer/Platforms/MacOSX.platform/Developer/Library/Frameworks -c -j16 -enable-batch-mode -incremental -Xcc -ivfsstatcache -Xcc /Users/rogerlin/Library/Developer/Xcode/DerivedData/SDKStatCaches.noindex/macosx26.1-25B74-3ae1261907bdadc328169391a47051a6.sdkstatcache -output-file-map /Users/rogerlin/Library/Developer/Xcode/DerivedData/FinancialCalculatorKit-ackorybalcxbfocbkqsfdzcfkgmn/Build/Intermediates.noindex/swift-numerics.build/Debug/ComplexModule.build/Objects-normal/arm64/ComplexModule-OutputFileMap.json -use-frontend-parseable-output -save-temps -no-color-diagnostics -explicit-module-build -module-cache-path /Users/rogerlin/Library/Developer/Xcode/DerivedData/FinancialCalculatorKit-ackorybalcxbfocbkqsfdzcfkgmn/Build/Intermediates.noindex/SwiftExplicitPrecompiledModules -clang-scanner-module-cache-path /Users/rogerlin/Library/Developer/Xcode/DerivedData/ModuleCache.noindex -sdk-module-cache-path /Users/rogerlin/Library/Developer/Xcode/DerivedData/ModuleCache.noindex -serialize-diagnostics -emit-dependencies -emit-module -emit-module-path /Users/rogerlin/Library/Developer/Xcode/DerivedData/FinancialCalculatorKit-ackorybalcxbfocbkqsfdzcfkgmn/Build/Intermediates.noindex/swift-numerics.build/Debug/ComplexModule.build/Objects-normal/arm64/ComplexModule.swiftmodule -validate-clang-modules-once -clang-build-session-file /Users/rogerlin/Library/Developer/Xcode/DerivedData/ModuleCache.noindex/Session.modulevalidation -Xcc -I/Users/rogerlin/Library/Developer/Xcode/DerivedData/FinancialCalculatorKit-ackorybalcxbfocbkqsfdzcfkgmn/Build/Intermediates.noindex/swift-numerics.build/Debug/ComplexModule.build/swift-overrides.hmap -emit-const-values -Xfrontend -const-gather-protocols-file -Xfrontend /Users/rogerlin/Library/Developer/Xcode/DerivedData/FinancialCalculatorKit-ackorybalcxbfocbkqsfdzcfkgmn/Build/Intermediates.noindex/swift-numerics.build/Debug/ComplexModule.build/Objects-normal/arm64/ComplexModule_const_extract_protocols.json -Xcc -I/Users/rogerlin/Library/Developer/Xcode/DerivedData/FinancialCalculatorKit-ackorybalcxbfocbkqsfdzcfkgmn/SourcePackages/checkouts/swift-numerics/Sources/_NumericsShims/include -Xcc -I/Users/rogerlin/Library/Developer/Xcode/DerivedData/FinancialCalculatorKit-ackorybalcxbfocbkqsfdzcfkgmn/Build/Products/Debug/include -Xcc -I/Users/rogerlin/Library/Developer/Xcode/DerivedData/FinancialCalculatorKit-ackorybalcxbfocbkqsfdzcfkgmn/Build/Intermediates.noindex/swift-numerics.build/Debug/ComplexModule.build/DerivedSources-normal/arm64 -Xcc -I/Users/rogerlin/Library/Developer/Xcode/DerivedData/FinancialCalculatorKit-ackorybalcxbfocbkqsfdzcfkgmn/Build/Intermediates.noindex/swift-numerics.build/Debug/ComplexModule.build/DerivedSources/arm64 -Xcc -I/Users/rogerlin/Library/Developer/Xcode/DerivedData/FinancialCalculatorKit-ackorybalcxbfocbkqsfdzcfkgmn/Build/Intermediates.noindex/swift-numerics.build/Debug/ComplexModule.build/DerivedSources -Xcc -DSWIFT_PACKAGE -Xcc -DDEBUG\=1 -emit-objc-header -emit-objc-header-path /Users/rogerlin/Library/Developer/Xcode/DerivedData/FinancialCalculatorKit-ackorybalcxbfocbkqsfdzcfkgmn/Build/Intermediates.noindex/swift-numerics.build/Debug/ComplexModule.build/Objects-normal/arm64/ComplexModule-Swift.h -working-directory /Users/rogerlin/XCode-Projects/FinancialCalculatorKit-5.0-updated-accent-colors/FinancialCalculatorKit.xcodeproj -experimental-emit-module-separately -disable-cmo

    Task input dependencies:
        /Users/rogerlin/Library/Developer/Xcode/DerivedData/FinancialCalculatorKit-ackorybalcxbfocbkqsfdzcfkgmn/SourcePackages/checkouts/swift-numerics/Sources/ComplexModule/Arithmetic.swift
        /Users/rogerlin/Library/Developer/Xcode/DerivedData/FinancialCalculatorKit-ackorybalcxbfocbkqsfdzcfkgmn/SourcePackages/checkouts/swift-numerics/Sources/ComplexModule/Complex.swift
        /Users/rogerlin/Library/Developer/Xcode/DerivedData/FinancialCalculatorKit-ackorybalcxbfocbkqsfdzcfkgmn/SourcePackages/checkouts/swift-numerics/Sources/ComplexModule/Differentiable.swift
        /Users/rogerlin/Library/Developer/Xcode/DerivedData/FinancialCalculatorKit-ackorybalcxbfocbkqsfdzcfkgmn/SourcePackages/checkouts/swift-numerics/Sources/ComplexModule/ElementaryFunctions.swift
        /Users/rogerlin/Library/Developer/Xcode/DerivedData/FinancialCalculatorKit-ackorybalcxbfocbkqsfdzcfkgmn/Build/Intermediates.noindex/swift-numerics.build/Debug/ComplexModule.build/Objects-normal/arm64/ComplexModule.SwiftFileList
        /Users/rogerlin/Library/Developer/Xcode/DerivedData/FinancialCalculatorKit-ackorybalcxbfocbkqsfdzcfkgmn/Build/Intermediates.noindex/swift-numerics.build/Debug/ComplexModule.build/Objects-normal/arm64/ComplexModule-OutputFileMap.json
        /Users/rogerlin/Library/Developer/Xcode/DerivedData/FinancialCalculatorKit-ackorybalcxbfocbkqsfdzcfkgmn/Build/Intermediates.noindex/swift-numerics.build/Debug/ComplexModule.build/Objects-normal/arm64/ComplexModule_const_extract_protocols.json
        /Users/rogerlin/Library/Developer/Xcode/DerivedData/FinancialCalculatorKit-ackorybalcxbfocbkqsfdzcfkgmn/Build/Intermediates.noindex/GeneratedModuleMaps/ComplexModule.modulemap
        /Users/rogerlin/Library/Developer/Xcode/DerivedData/FinancialCalculatorKit-ackorybalcxbfocbkqsfdzcfkgmn/SourcePackages/checkouts/swift-numerics/Sources/ComplexModule/Arithmetic.swift
        /Users/rogerlin/Library/Developer/Xcode/DerivedData/FinancialCalculatorKit-ackorybalcxbfocbkqsfdzcfkgmn/SourcePackages/checkouts/swift-numerics/Sources/ComplexModule/Complex.swift
        /Users/rogerlin/Library/Developer/Xcode/DerivedData/FinancialCalculatorKit-ackorybalcxbfocbkqsfdzcfkgmn/SourcePackages/checkouts/swift-numerics/Sources/ComplexModule/Differentiable.swift
        /Users/rogerlin/Library/Developer/Xcode/DerivedData/FinancialCalculatorKit-ackorybalcxbfocbkqsfdzcfkgmn/SourcePackages/checkouts/swift-numerics/Sources/ComplexModule/ElementaryFunctions.swift
        /Users/rogerlin/Library/Developer/Xcode/DerivedData/FinancialCalculatorKit-ackorybalcxbfocbkqsfdzcfkgmn/Build/Intermediates.noindex/swift-numerics.build/Debug/ComplexModule.build/Objects-normal/arm64/ComplexModule.SwiftFileList
        /Users/rogerlin/Library/Developer/Xcode/DerivedData/FinancialCalculatorKit-ackorybalcxbfocbkqsfdzcfkgmn/Build/Intermediates.noindex/swift-numerics.build/Debug/ComplexModule.build/Objects-normal/arm64/ComplexModule-OutputFileMap.json
        /Users/rogerlin/Library/Developer/Xcode/DerivedData/FinancialCalculatorKit-ackorybalcxbfocbkqsfdzcfkgmn/Build/Intermediates.noindex/swift-numerics.build/Debug/ComplexModule.build/Objects-normal/arm64/ComplexModule_const_extract_protocols.json
        /Users/rogerlin/Library/Developer/Xcode/DerivedData/FinancialCalculatorKit-ackorybalcxbfocbkqsfdzcfkgmn/Build/Intermediates.noindex/GeneratedModuleMaps/ComplexModule.modulemap
        <ClangStatCache /Users/rogerlin/Library/Developer/Xcode/DerivedData/SDKStatCaches.noindex/macosx26.1-25B74-3ae1261907bdadc328169391a47051a6.sdkstatcache>
        <target-ComplexModule-PACKAGE-TARGET:ComplexModule-SDKROOT:macosx:SDK_VARIANT:macos-generated-headers>
        <target-ComplexModule-PACKAGE-TARGET:ComplexModule-SDKROOT:macosx:SDK_VARIANT:macos-copy-headers-completion>
        <target-ComplexModule-PACKAGE-TARGET:ComplexModule-SDKROOT:macosx:SDK_VARIANT:macos-ModuleVerifierTaskProducer>
        <target-ComplexModule-PACKAGE-TARGET:ComplexModule-SDKROOT:macosx:SDK_VARIANT:macos-begin-compiling>
        <WorkspaceHeaderMapVFSFilesWritten>

    Task output dependencies:
        /Users/rogerlin/Library/Developer/Xcode/DerivedData/FinancialCalculatorKit-ackorybalcxbfocbkqsfdzcfkgmn/Build/Intermediates.noindex/swift-numerics.build/Debug/ComplexModule.build/Objects-normal/arm64/ComplexModule Swift Compilation Finished
        /Users/rogerlin/Library/Developer/Xcode/DerivedData/FinancialCalculatorKit-ackorybalcxbfocbkqsfdzcfkgmn/Build/Intermediates.noindex/swift-numerics.build/Debug/ComplexModule.build/Objects-normal/arm64/Arithmetic.o
        /Users/rogerlin/Library/Developer/Xcode/DerivedData/FinancialCalculatorKit-ackorybalcxbfocbkqsfdzcfkgmn/Build/Intermediates.noindex/swift-numerics.build/Debug/ComplexModule.build/Objects-normal/arm64/Complex.o
        /Users/rogerlin/Library/Developer/Xcode/DerivedData/FinancialCalculatorKit-ackorybalcxbfocbkqsfdzcfkgmn/Build/Intermediates.noindex/swift-numerics.build/Debug/ComplexModule.build/Objects-normal/arm64/Differentiable.o
        /Users/rogerlin/Library/Developer/Xcode/DerivedData/FinancialCalculatorKit-ackorybalcxbfocbkqsfdzcfkgmn/Build/Intermediates.noindex/swift-numerics.build/Debug/ComplexModule.build/Objects-normal/arm64/ElementaryFunctions.o
        /Users/rogerlin/Library/Developer/Xcode/DerivedData/FinancialCalculatorKit-ackorybalcxbfocbkqsfdzcfkgmn/Build/Intermediates.noindex/swift-numerics.build/Debug/ComplexModule.build/Objects-normal/arm64/Arithmetic.swiftconstvalues
        /Users/rogerlin/Library/Developer/Xcode/DerivedData/FinancialCalculatorKit-ackorybalcxbfocbkqsfdzcfkgmn/Build/Intermediates.noindex/swift-numerics.build/Debug/ComplexModule.build/Objects-normal/arm64/Complex.swiftconstvalues
        /Users/rogerlin/Library/Developer/Xcode/DerivedData/FinancialCalculatorKit-ackorybalcxbfocbkqsfdzcfkgmn/Build/Intermediates.noindex/swift-numerics.build/Debug/ComplexModule.build/Objects-normal/arm64/Differentiable.swiftconstvalues
        /Users/rogerlin/Library/Developer/Xcode/DerivedData/FinancialCalculatorKit-ackorybalcxbfocbkqsfdzcfkgmn/Build/Intermediates.noindex/swift-numerics.build/Debug/ComplexModule.build/Objects-normal/arm64/ElementaryFunctions.swiftconstvalues
Discovered dependency nodes:
/Users/rogerlin/Library/Developer/Xcode/DerivedData/FinancialCalculatorKit-ackorybalcxbfocbkqsfdzcfkgmn/Build/Products/Debug/RealModule.swiftmodule/arm64-apple-macos.swiftmodule
/Applications/Xcode.app/Contents/Developer/Toolchains/XcodeDefault.xctoolchain/usr/lib/swift/macosx/prebuilt-modules/26.1/Swift.swiftmodule/arm64e-apple-macos.swiftmodule
/Applications/Xcode.app/Contents/Developer/Toolchains/XcodeDefault.xctoolchain/usr/lib/swift/macosx/prebuilt-modules/26.1/SwiftOnoneSupport.swiftmodule/arm64e-apple-macos.swiftmodule
/Applications/Xcode.app/Contents/Developer/Platforms/MacOSX.platform/Developer/SDKs/MacOSX26.1.sdk/usr/lib/swift/shims/module.modulemap
/Applications/Xcode.app/Contents/Developer/Platforms/MacOSX.platform/Developer/SDKs/MacOSX26.1.sdk/usr/lib/swift/shims/AssertionReporting.h
/Applications/Xcode.app/Contents/Developer/Platforms/MacOSX.platform/Developer/SDKs/MacOSX26.1.sdk/usr/lib/swift/shims/SwiftStdint.h
/Applications/Xcode.app/Contents/Developer/Platforms/MacOSX.platform/Developer/SDKs/MacOSX26.1.sdk/usr/lib/swift/shims/Visibility.h
/Applications/Xcode.app/Contents/Developer/Platforms/MacOSX.platform/Developer/SDKs/MacOSX26.1.sdk/usr/lib/swift/shims/CoreFoundationShims.h
/Applications/Xcode.app/Contents/Developer/Platforms/MacOSX.platform/Developer/SDKs/MacOSX26.1.sdk/usr/lib/swift/shims/ObjCShims.h
/Applications/Xcode.app/Contents/Developer/Platforms/MacOSX.platform/Developer/SDKs/MacOSX26.1.sdk/usr/lib/swift/shims/EmbeddedShims.h
/Applications/Xcode.app/Contents/Developer/Platforms/MacOSX.platform/Developer/SDKs/MacOSX26.1.sdk/usr/lib/swift/shims/SwiftStddef.h
/Applications/Xcode.app/Contents/Developer/Platforms/MacOSX.platform/Developer/SDKs/MacOSX26.1.sdk/usr/lib/swift/shims/FoundationShims.h
/Applications/Xcode.app/Contents/Developer/Platforms/MacOSX.platform/Developer/SDKs/MacOSX26.1.sdk/usr/lib/swift/shims/GlobalObjects.h
/Applications/Xcode.app/Contents/Developer/Platforms/MacOSX.platform/Developer/SDKs/MacOSX26.1.sdk/usr/lib/swift/shims/SwiftStdbool.h
/Applications/Xcode.app/Contents/Developer/Platforms/MacOSX.platform/Developer/SDKs/MacOSX26.1.sdk/usr/lib/swift/shims/HeapObject.h
/Applications/Xcode.app/Contents/Developer/Platforms/MacOSX.platform/Developer/SDKs/MacOSX26.1.sdk/usr/lib/swift/shims/RefCount.h
/Applications/Xcode.app/Contents/Developer/Platforms/MacOSX.platform/Developer/SDKs/MacOSX26.1.sdk/usr/lib/swift/shims/System.h
/Applications/Xcode.app/Contents/Developer/Platforms/MacOSX.platform/Developer/SDKs/MacOSX26.1.sdk/usr/lib/swift/shims/Target.h
/Applications/Xcode.app/Contents/Developer/Platforms/MacOSX.platform/Developer/SDKs/MacOSX26.1.sdk/usr/lib/swift/shims/KeyPath.h
/Applications/Xcode.app/Contents/Developer/Platforms/MacOSX.platform/Developer/SDKs/MacOSX26.1.sdk/usr/lib/swift/shims/LibcShims.h
/Applications/Xcode.app/Contents/Developer/Platforms/MacOSX.platform/Developer/SDKs/MacOSX26.1.sdk/usr/lib/swift/shims/MetadataSections.h
/Applications/Xcode.app/Contents/Developer/Platforms/MacOSX.platform/Developer/SDKs/MacOSX26.1.sdk/usr/lib/swift/shims/Random.h
/Applications/Xcode.app/Contents/Developer/Platforms/MacOSX.platform/Developer/SDKs/MacOSX26.1.sdk/usr/lib/swift/shims/Reflection.h
/Applications/Xcode.app/Contents/Developer/Platforms/MacOSX.platform/Developer/SDKs/MacOSX26.1.sdk/usr/lib/swift/shims/RuntimeShims.h
/Applications/Xcode.app/Contents/Developer/Platforms/MacOSX.platform/Developer/SDKs/MacOSX26.1.sdk/usr/lib/swift/shims/RuntimeStubs.h
/Applications/Xcode.app/Contents/Developer/Platforms/MacOSX.platform/Developer/SDKs/MacOSX26.1.sdk/usr/lib/swift/shims/ThreadLocalStorage.h
/Applications/Xcode.app/Contents/Developer/Platforms/MacOSX.platform/Developer/SDKs/MacOSX26.1.sdk/usr/lib/swift/shims/UnicodeData.h
/Applications/Xcode.app/Contents/Developer/Platforms/MacOSX.platform/Developer/SDKs/MacOSX26.1.sdk/SDKSettings.json
/Applications/Xcode.app/Contents/Developer/Toolchains/XcodeDefault.xctoolchain/usr/lib/swift/macosx/prebuilt-modules/26.1/_Concurrency.swiftmodule/arm64e-apple-macos.swiftmodule
/Users/rogerlin/Library/Developer/Xcode/DerivedData/FinancialCalculatorKit-ackorybalcxbfocbkqsfdzcfkgmn/SourcePackages/checkouts/swift-numerics/Sources/_NumericsShims/include/module.modulemap
/Users/rogerlin/Library/Developer/Xcode/DerivedData/FinancialCalculatorKit-ackorybalcxbfocbkqsfdzcfkgmn/SourcePackages/checkouts/swift-numerics/Sources/_NumericsShims/include/_NumericsShims.h
/Applications/Xcode.app/Contents/Developer/Platforms/MacOSX.platform/Developer/SDKs/MacOSX26.1.sdk/SDKSettings.json
/Applications/Xcode.app/Contents/Developer/Toolchains/XcodeDefault.xctoolchain/usr/lib/swift/macosx/prebuilt-modules/26.1/_StringProcessing.swiftmodule/arm64e-apple-macos.swiftmodule
/Applications/Xcode.app/Contents/Developer/Platforms/MacOSX.platform/Developer/SDKs/MacOSX26.1.sdk/usr/lib/swift/shims/module.modulemap
/Applications/Xcode.app/Contents/Developer/Platforms/MacOSX.platform/Developer/SDKs/MacOSX26.1.sdk/usr/lib/swift/shims/_SwiftConcurrency.h
/Applications/Xcode.app/Contents/Developer/Platforms/MacOSX.platform/Developer/SDKs/MacOSX26.1.sdk/SDKSettings.json

SwiftDriver\ Compilation CasePathsMacros normal arm64 com.apple.xcode.tools.swift.compiler (in target 'CasePathsMacros' from project 'swift-case-paths')
    cd /Users/rogerlin/XCode-Projects/FinancialCalculatorKit-5.0-updated-accent-colors/FinancialCalculatorKit.xcodeproj
    builtin-Swift-Compilation -- /Applications/Xcode.app/Contents/Developer/Toolchains/XcodeDefault.xctoolchain/usr/bin/swiftc -module-name CasePathsMacros -Onone -enforce-exclusivity\=checked @/Users/rogerlin/Library/Developer/Xcode/DerivedData/FinancialCalculatorKit-ackorybalcxbfocbkqsfdzcfkgmn/Build/Intermediates.noindex/swift-case-paths.build/Debug/CasePathsMacros.build/Objects-normal/arm64/CasePathsMacros.SwiftFileList -DSWIFT_PACKAGE -DDEBUG -DXcode -I/Users/rogerlin/Library/Developer/Xcode/DerivedData/FinancialCalculatorKit-ackorybalcxbfocbkqsfdzcfkgmn/SourcePackages/prebuilts/swift-syntax/601.0.1/swiftlang-6.2.1.4.8-MacroSupport-macos_aarch64/Modules -I/Users/rogerlin/Library/Developer/Xcode/DerivedData/FinancialCalculatorKit-ackorybalcxbfocbkqsfdzcfkgmn/SourcePackages/checkouts/swift-syntax/Sources/_SwiftLibraryPluginProviderCShims/include -I/Users/rogerlin/Library/Developer/Xcode/DerivedData/FinancialCalculatorKit-ackorybalcxbfocbkqsfdzcfkgmn/SourcePackages/checkouts/swift-syntax/Sources/_SwiftSyntaxCShims/include -plugin-path /Applications/Xcode.app/Contents/Developer/Toolchains/XcodeDefault.xctoolchain/usr/lib/swift/host/plugins/testing -enable-experimental-feature DebugDescriptionMacro -sdk /Applications/Xcode.app/Contents/Developer/Platforms/MacOSX.platform/Developer/SDKs/MacOSX26.1.sdk -target arm64-apple-macos10.15 -g -module-cache-path /Users/rogerlin/Library/Developer/Xcode/DerivedData/ModuleCache.noindex -Xfrontend -serialize-debugging-options -profile-coverage-mapping -profile-generate -enable-testing -suppress-warnings -index-store-path /Users/rogerlin/Library/Developer/Xcode/DerivedData/FinancialCalculatorKit-ackorybalcxbfocbkqsfdzcfkgmn/Index.noindex/DataStore -Xcc -D_LIBCPP_HARDENING_MODE\=_LIBCPP_HARDENING_MODE_DEBUG -swift-version 6 -I /Users/rogerlin/Library/Developer/Xcode/DerivedData/FinancialCalculatorKit-ackorybalcxbfocbkqsfdzcfkgmn/Build/Products/Debug -Isystem /Applications/Xcode.app/Contents/Developer/Platforms/MacOSX.platform/Developer/usr/lib -F /Users/rogerlin/Library/Developer/Xcode/DerivedData/FinancialCalculatorKit-ackorybalcxbfocbkqsfdzcfkgmn/Build/Products/Debug -F /Applications/Xcode.app/Contents/Developer/Platforms/MacOSX.platform/Developer/Library/Frameworks -c -j16 -enable-batch-mode -incremental -Xcc -ivfsstatcache -Xcc /Users/rogerlin/Library/Developer/Xcode/DerivedData/SDKStatCaches.noindex/macosx26.1-25B74-3ae1261907bdadc328169391a47051a6.sdkstatcache -output-file-map /Users/rogerlin/Library/Developer/Xcode/DerivedData/FinancialCalculatorKit-ackorybalcxbfocbkqsfdzcfkgmn/Build/Intermediates.noindex/swift-case-paths.build/Debug/CasePathsMacros.build/Objects-normal/arm64/CasePathsMacros-OutputFileMap.json -use-frontend-parseable-output -save-temps -no-color-diagnostics -explicit-module-build -module-cache-path /Users/rogerlin/Library/Developer/Xcode/DerivedData/FinancialCalculatorKit-ackorybalcxbfocbkqsfdzcfkgmn/Build/Intermediates.noindex/SwiftExplicitPrecompiledModules -clang-scanner-module-cache-path /Users/rogerlin/Library/Developer/Xcode/DerivedData/ModuleCache.noindex -sdk-module-cache-path /Users/rogerlin/Library/Developer/Xcode/DerivedData/ModuleCache.noindex -serialize-diagnostics -emit-dependencies -emit-module -emit-module-path /Users/rogerlin/Library/Developer/Xcode/DerivedData/FinancialCalculatorKit-ackorybalcxbfocbkqsfdzcfkgmn/Build/Intermediates.noindex/swift-case-paths.build/Debug/CasePathsMacros.build/Objects-normal/arm64/CasePathsMacros.swiftmodule -user-module-version 1.7.0 -validate-clang-modules-once -clang-build-session-file /Users/rogerlin/Library/Developer/Xcode/DerivedData/ModuleCache.noindex/Session.modulevalidation -package-name swift_case_paths -emit-const-values -Xfrontend -const-gather-protocols-file -Xfrontend /Users/rogerlin/Library/Developer/Xcode/DerivedData/FinancialCalculatorKit-ackorybalcxbfocbkqsfdzcfkgmn/Build/Intermediates.noindex/swift-case-paths.build/Debug/CasePathsMacros.build/Objects-normal/arm64/CasePathsMacros_const_extract_protocols.json -Xcc -I/Users/rogerlin/Library/Developer/Xcode/DerivedData/FinancialCalculatorKit-ackorybalcxbfocbkqsfdzcfkgmn/Build/Products/Debug/include -Xcc -I/Users/rogerlin/Library/Developer/Xcode/DerivedData/FinancialCalculatorKit-ackorybalcxbfocbkqsfdzcfkgmn/Build/Intermediates.noindex/swift-case-paths.build/Debug/CasePathsMacros.build/DerivedSources-normal/arm64 -Xcc -I/Users/rogerlin/Library/Developer/Xcode/DerivedData/FinancialCalculatorKit-ackorybalcxbfocbkqsfdzcfkgmn/Build/Intermediates.noindex/swift-case-paths.build/Debug/CasePathsMacros.build/DerivedSources/arm64 -Xcc -I/Users/rogerlin/Library/Developer/Xcode/DerivedData/FinancialCalculatorKit-ackorybalcxbfocbkqsfdzcfkgmn/Build/Intermediates.noindex/swift-case-paths.build/Debug/CasePathsMacros.build/DerivedSources -Xcc -DSWIFT_PACKAGE -Xcc -DDEBUG\=1 -working-directory /Users/rogerlin/XCode-Projects/FinancialCalculatorKit-5.0-updated-accent-colors/FinancialCalculatorKit.xcodeproj -experimental-emit-module-separately -disable-cmo

    Task input dependencies:
        /Users/rogerlin/Library/Developer/Xcode/DerivedData/FinancialCalculatorKit-ackorybalcxbfocbkqsfdzcfkgmn/SourcePackages/checkouts/swift-case-paths/Sources/CasePathsMacros/CasePathableMacro.swift
        /Users/rogerlin/Library/Developer/Xcode/DerivedData/FinancialCalculatorKit-ackorybalcxbfocbkqsfdzcfkgmn/SourcePackages/checkouts/swift-case-paths/Sources/CasePathsMacros/Plugin.swift
        /Users/rogerlin/Library/Developer/Xcode/DerivedData/FinancialCalculatorKit-ackorybalcxbfocbkqsfdzcfkgmn/Build/Intermediates.noindex/swift-case-paths.build/Debug/CasePathsMacros.build/Objects-normal/arm64/CasePathsMacros.SwiftFileList
        /Users/rogerlin/Library/Developer/Xcode/DerivedData/FinancialCalculatorKit-ackorybalcxbfocbkqsfdzcfkgmn/Build/Intermediates.noindex/swift-case-paths.build/Debug/CasePathsMacros.build/Objects-normal/arm64/CasePathsMacros-OutputFileMap.json
        /Users/rogerlin/Library/Developer/Xcode/DerivedData/FinancialCalculatorKit-ackorybalcxbfocbkqsfdzcfkgmn/Build/Intermediates.noindex/swift-case-paths.build/Debug/CasePathsMacros.build/Objects-normal/arm64/CasePathsMacros_const_extract_protocols.json
        /Users/rogerlin/Library/Developer/Xcode/DerivedData/FinancialCalculatorKit-ackorybalcxbfocbkqsfdzcfkgmn/SourcePackages/checkouts/swift-case-paths/Sources/CasePathsMacros/CasePathableMacro.swift
        /Users/rogerlin/Library/Developer/Xcode/DerivedData/FinancialCalculatorKit-ackorybalcxbfocbkqsfdzcfkgmn/SourcePackages/checkouts/swift-case-paths/Sources/CasePathsMacros/Plugin.swift
        /Users/rogerlin/Library/Developer/Xcode/DerivedData/FinancialCalculatorKit-ackorybalcxbfocbkqsfdzcfkgmn/Build/Intermediates.noindex/swift-case-paths.build/Debug/CasePathsMacros.build/Objects-normal/arm64/CasePathsMacros.SwiftFileList
        /Users/rogerlin/Library/Developer/Xcode/DerivedData/FinancialCalculatorKit-ackorybalcxbfocbkqsfdzcfkgmn/Build/Intermediates.noindex/swift-case-paths.build/Debug/CasePathsMacros.build/Objects-normal/arm64/CasePathsMacros-OutputFileMap.json
        /Users/rogerlin/Library/Developer/Xcode/DerivedData/FinancialCalculatorKit-ackorybalcxbfocbkqsfdzcfkgmn/Build/Intermediates.noindex/swift-case-paths.build/Debug/CasePathsMacros.build/Objects-normal/arm64/CasePathsMacros_const_extract_protocols.json
        <ClangStatCache /Users/rogerlin/Library/Developer/Xcode/DerivedData/SDKStatCaches.noindex/macosx26.1-25B74-3ae1261907bdadc328169391a47051a6.sdkstatcache>
        <target-CasePathsMacros-PACKAGE-TARGET:CasePathsMacros-SDKROOT:macosx:SDK_VARIANT:macos-generated-headers>
        <target-CasePathsMacros-PACKAGE-TARGET:CasePathsMacros-SDKROOT:macosx:SDK_VARIANT:macos-copy-headers-completion>
        <target-CasePathsMacros-PACKAGE-TARGET:CasePathsMacros-SDKROOT:macosx:SDK_VARIANT:macos-ModuleVerifierTaskProducer>
        <target-CasePathsMacros-PACKAGE-TARGET:CasePathsMacros-SDKROOT:macosx:SDK_VARIANT:macos-begin-compiling>
        <WorkspaceHeaderMapVFSFilesWritten>

    Task output dependencies:
        /Users/rogerlin/Library/Developer/Xcode/DerivedData/FinancialCalculatorKit-ackorybalcxbfocbkqsfdzcfkgmn/Build/Intermediates.noindex/swift-case-paths.build/Debug/CasePathsMacros.build/Objects-normal/arm64/CasePathsMacros Swift Compilation Finished
        /Users/rogerlin/Library/Developer/Xcode/DerivedData/FinancialCalculatorKit-ackorybalcxbfocbkqsfdzcfkgmn/Build/Intermediates.noindex/swift-case-paths.build/Debug/CasePathsMacros.build/Objects-normal/arm64/CasePathableMacro.o
        /Users/rogerlin/Library/Developer/Xcode/DerivedData/FinancialCalculatorKit-ackorybalcxbfocbkqsfdzcfkgmn/Build/Intermediates.noindex/swift-case-paths.build/Debug/CasePathsMacros.build/Objects-normal/arm64/Plugin.o
        /Users/rogerlin/Library/Developer/Xcode/DerivedData/FinancialCalculatorKit-ackorybalcxbfocbkqsfdzcfkgmn/Build/Intermediates.noindex/swift-case-paths.build/Debug/CasePathsMacros.build/Objects-normal/arm64/CasePathableMacro.swiftconstvalues
        /Users/rogerlin/Library/Developer/Xcode/DerivedData/FinancialCalculatorKit-ackorybalcxbfocbkqsfdzcfkgmn/Build/Intermediates.noindex/swift-case-paths.build/Debug/CasePathsMacros.build/Objects-normal/arm64/Plugin.swiftconstvalues
Discovered dependency nodes:
/Applications/Xcode.app/Contents/Developer/Toolchains/XcodeDefault.xctoolchain/usr/lib/swift/macosx/prebuilt-modules/26.1/Combine.swiftmodule/arm64e-apple-macos.swiftmodule
/Applications/Xcode.app/Contents/Developer/Platforms/MacOSX.platform/Developer/SDKs/MacOSX26.1.sdk/usr/include/Darwin.modulemap
/Applications/Xcode.app/Contents/Developer/Platforms/MacOSX.platform/Developer/SDKs/MacOSX26.1.sdk/usr/include/Darwin_C.modulemap
/Applications/Xcode.app/Contents/Developer/Platforms/MacOSX.platform/Developer/SDKs/MacOSX26.1.sdk/usr/include/Darwin_POSIX.modulemap
/Applications/Xcode.app/Contents/Developer/Platforms/MacOSX.platform/Developer/SDKs/MacOSX26.1.sdk/usr/include/net.modulemap
/Applications/Xcode.app/Contents/Developer/Platforms/MacOSX.platform/Developer/SDKs/MacOSX26.1.sdk/usr/include/netinet.modulemap
/Applications/Xcode.app/Contents/Developer/Platforms/MacOSX.platform/Developer/SDKs/MacOSX26.1.sdk/usr/include/bank.modulemap
/Applications/Xcode.app/Contents/Developer/Platforms/MacOSX.platform/Developer/SDKs/MacOSX26.1.sdk/usr/include/Darwin_Mach.modulemap
/Applications/Xcode.app/Contents/Developer/Platforms/MacOSX.platform/Developer/SDKs/MacOSX26.1.sdk/usr/include/Darwin_Mach_machine.modulemap
/Applications/Xcode.app/Contents/Developer/Platforms/MacOSX.platform/Developer/SDKs/MacOSX26.1.sdk/usr/include/mach_debug.modulemap
/Applications/Xcode.app/Contents/Developer/Platforms/MacOSX.platform/Developer/SDKs/MacOSX26.1.sdk/usr/include/device.modulemap
/Applications/Xcode.app/Contents/Developer/Platforms/MacOSX.platform/Developer/SDKs/MacOSX26.1.sdk/usr/include/Darwin_machine.modulemap
/Applications/Xcode.app/Contents/Developer/Platforms/MacOSX.platform/Developer/SDKs/MacOSX26.1.sdk/usr/include/ncurses.modulemap
/Applications/Xcode.app/Contents/Developer/Platforms/MacOSX.platform/Developer/SDKs/MacOSX26.1.sdk/usr/include/netinet6.modulemap
/Applications/Xcode.app/Contents/Developer/Platforms/MacOSX.platform/Developer/SDKs/MacOSX26.1.sdk/usr/include/Darwin_sys.modulemap
/Applications/Xcode.app/Contents/Developer/Platforms/MacOSX.platform/Developer/SDKs/MacOSX26.1.sdk/usr/include/uuid.modulemap
/Applications/Xcode.app/Contents/Developer/Platforms/MacOSX.platform/Developer/SDKs/MacOSX26.1.sdk/usr/include/DarwinFoundation2.modulemap
/Applications/Xcode.app/Contents/Developer/Platforms/MacOSX.platform/Developer/SDKs/MacOSX26.1.sdk/usr/include/DarwinFoundation3.modulemap
/Applications/Xcode.app/Contents/Developer/Platforms/MacOSX.platform/Developer/SDKs/MacOSX26.1.sdk/usr/include/DarwinFoundation1.modulemap
/Applications/Xcode.app/Contents/Developer/Platforms/MacOSX.platform/Developer/SDKs/MacOSX26.1.sdk/usr/include/copyfile.h
/Applications/Xcode.app/Contents/Developer/Toolchains/XcodeDefault.xctoolchain/usr/lib/swift/clang/include/module.modulemap
/Applications/Xcode.app/Contents/Developer/Platforms/MacOSX.platform/Developer/SDKs/MacOSX26.1.sdk/usr/include/err.h
/Applications/Xcode.app/Contents/Developer/Platforms/MacOSX.platform/Developer/SDKs/MacOSX26.1.sdk/usr/include/readpassphrase.h
/Applications/Xcode.app/Contents/Developer/Platforms/MacOSX.platform/Developer/SDKs/MacOSX26.1.sdk/usr/include/util.h
/Applications/Xcode.app/Contents/Developer/Platforms/MacOSX.platform/Developer/SDKs/MacOSX26.1.sdk/usr/include/sys/ttycom.h
/Applications/Xcode.app/Contents/Developer/Platforms/MacOSX.platform/Developer/SDKs/MacOSX26.1.sdk/usr/include/sys/ioccom.h
/Applications/Xcode.app/Contents/Developer/Platforms/MacOSX.platform/Developer/SDKs/MacOSX26.1.sdk/usr/include/stdio.h
/Applications/Xcode.app/Contents/Developer/Platforms/MacOSX.platform/Developer/SDKs/MacOSX26.1.sdk/usr/include/pwd.h
/Applications/Xcode.app/Contents/Developer/Platforms/MacOSX.platform/Developer/SDKs/MacOSX26.1.sdk/usr/include/uuid/uuid.h
/Applications/Xcode.app/Contents/Developer/Platforms/MacOSX.platform/Developer/SDKs/MacOSX26.1.sdk/usr/include/termios.h
/Applications/Xcode.app/Contents/Developer/Platforms/MacOSX.platform/Developer/SDKs/MacOSX26.1.sdk/usr/include/sys/termios.h
/Applications/Xcode.app/Contents/Developer/Platforms/MacOSX.platform/Developer/SDKs/MacOSX26.1.sdk/usr/include/sys/ttydefaults.h
/Applications/Xcode.app/Contents/Developer/Platforms/MacOSX.platform/Developer/SDKs/MacOSX26.1.sdk/usr/include/utmp.h
/Applications/Xcode.app/Contents/Developer/Platforms/MacOSX.platform/Developer/SDKs/MacOSX26.1.sdk/usr/include/xattr_flags.h
/Applications/Xcode.app/Contents/Developer/Platforms/MacOSX.platform/Developer/SDKs/MacOSX26.1.sdk/usr/include/_modules/_darwin_c_ctype.h
/Applications/Xcode.app/Contents/Developer/Platforms/MacOSX.platform/Developer/SDKs/MacOSX26.1.sdk/usr/include/ctype.h
/Applications/Xcode.app/Contents/Developer/Platforms/MacOSX.platform/Developer/SDKs/MacOSX26.1.sdk/usr/include/_modules/_darwin_c_errno.h
/Applications/Xcode.app/Contents/Developer/Platforms/MacOSX.platform/Developer/SDKs/MacOSX26.1.sdk/usr/include/_modules/_darwin_c_inttypes.h
/Applications/Xcode.app/Contents/Developer/Platforms/MacOSX.platform/Developer/SDKs/MacOSX26.1.sdk/usr/include/_modules/_darwin_c_limits.h
/Applications/Xcode.app/Contents/Developer/Platforms/MacOSX.platform/Developer/SDKs/MacOSX26.1.sdk/usr/include/_modules/_darwin_c_signal.h
/Applications/Xcode.app/Contents/Developer/Platforms/MacOSX.platform/Developer/SDKs/MacOSX26.1.sdk/usr/include/_modules/_darwin_c_stdarg.h
/Applications/Xcode.app/Contents/Developer/Toolchains/XcodeDefault.xctoolchain/usr/lib/swift/clang/include/stdarg.h
/Applications/Xcode.app/Contents/Developer/Platforms/MacOSX.platform/Developer/SDKs/MacOSX26.1.sdk/usr/include/_modules/_darwin_c_stdbool.h
/Applications/Xcode.app/Contents/Developer/Platforms/MacOSX.platform/Developer/SDKs/MacOSX26.1.sdk/usr/include/_modules/_darwin_c_stddef.h
/Applications/Xcode.app/Contents/Developer/Toolchains/XcodeDefault.xctoolchain/usr/lib/swift/clang/include/stddef.h
/Applications/Xcode.app/Contents/Developer/Platforms/MacOSX.platform/Developer/SDKs/MacOSX26.1.sdk/usr/include/_modules/_darwin_c_stdint.h
/Applications/Xcode.app/Contents/Developer/Platforms/MacOSX.platform/Developer/SDKs/MacOSX26.1.sdk/usr/include/_modules/_darwin_c_stdio.h
/Applications/Xcode.app/Contents/Developer/Platforms/MacOSX.platform/Developer/SDKs/MacOSX26.1.sdk/usr/include/_modules/_darwin_c_stdlib.h
/Applications/Xcode.app/Contents/Developer/Platforms/MacOSX.platform/Developer/SDKs/MacOSX26.1.sdk/usr/include/stdlib.h
/Applications/Xcode.app/Contents/Developer/Platforms/MacOSX.platform/Developer/SDKs/MacOSX26.1.sdk/usr/include/_modules/_darwin_c_string.h
/Applications/Xcode.app/Contents/Developer/Platforms/MacOSX.platform/Developer/SDKs/MacOSX26.1.sdk/usr/include/string.h
/Applications/Xcode.app/Contents/Developer/Platforms/MacOSX.platform/Developer/SDKs/MacOSX26.1.sdk/usr/include/_modules/_darwin_c_time.h
/Applications/Xcode.app/Contents/Developer/Platforms/MacOSX.platform/Developer/SDKs/MacOSX26.1.sdk/usr/include/time.h
/Applications/Xcode.app/Contents/Developer/Platforms/MacOSX.platform/Developer/SDKs/MacOSX26.1.sdk/usr/include/_modules/_darwin_c_wchar.h
/Applications/Xcode.app/Contents/Developer/Platforms/MacOSX.platform/Developer/SDKs/MacOSX26.1.sdk/usr/include/wchar.h
/Applications/Xcode.app/Contents/Developer/Platforms/MacOSX.platform/Developer/SDKs/MacOSX26.1.sdk/usr/include/aio.h
/Applications/Xcode.app/Contents/Developer/Platforms/MacOSX.platform/Developer/SDKs/MacOSX26.1.sdk/usr/include/sys/aio.h
/Applications/Xcode.app/Contents/Developer/Platforms/MacOSX.platform/Developer/SDKs/MacOSX26.1.sdk/usr/include/sys/_types/_o_sync.h
/Applications/Xcode.app/Contents/Developer/Platforms/MacOSX.platform/Developer/SDKs/MacOSX26.1.sdk/usr/include/sys/_types/_o_dsync.h
/Applications/Xcode.app/Contents/Developer/Platforms/MacOSX.platform/Developer/SDKs/MacOSX26.1.sdk/usr/include/arpa/inet.h
/Applications/Xcode.app/Contents/Developer/Platforms/MacOSX.platform/Developer/SDKs/MacOSX26.1.sdk/usr/include/netinet/in.h
/Applications/Xcode.app/Contents/Developer/Platforms/MacOSX.platform/Developer/SDKs/MacOSX26.1.sdk/usr/include/sys/socket.h
/Applications/Xcode.app/Contents/Developer/Platforms/MacOSX.platform/Developer/SDKs/MacOSX26.1.sdk/usr/include/sys/constrained_ctypes.h
/Applications/Xcode.app/Contents/Developer/Platforms/MacOSX.platform/Developer/SDKs/MacOSX26.1.sdk/usr/include/machine/_param.h
/Applications/Xcode.app/Contents/Developer/Platforms/MacOSX.platform/Developer/SDKs/MacOSX26.1.sdk/usr/include/arm/_param.h
/Applications/Xcode.app/Contents/Developer/Platforms/MacOSX.platform/Developer/SDKs/MacOSX26.1.sdk/usr/include/net/net_kev.h
/Applications/Xcode.app/Contents/Developer/Platforms/MacOSX.platform/Developer/SDKs/MacOSX26.1.sdk/usr/include/sys/_types/_sa_family_t.h
/Applications/Xcode.app/Contents/Developer/Platforms/MacOSX.platform/Developer/SDKs/MacOSX26.1.sdk/usr/include/sys/_types/_socklen_t.h
/Applications/Xcode.app/Contents/Developer/Platforms/MacOSX.platform/Developer/SDKs/MacOSX26.1.sdk/usr/include/sys/_types/_iovec_t.h
/Applications/Xcode.app/Contents/Developer/Platforms/MacOSX.platform/Developer/SDKs/MacOSX26.1.sdk/usr/include/netinet6/in6.h
/Applications/Xcode.app/Contents/Developer/Platforms/MacOSX.platform/Developer/SDKs/MacOSX26.1.sdk/usr/include/cpio.h
/Applications/Xcode.app/Contents/Developer/Platforms/MacOSX.platform/Developer/SDKs/MacOSX26.1.sdk/usr/include/dirent.h
/Applications/Xcode.app/Contents/Developer/Platforms/MacOSX.platform/Developer/SDKs/MacOSX26.1.sdk/usr/include/sys/dirent.h
/Applications/Xcode.app/Contents/Developer/Platforms/MacOSX.platform/Developer/SDKs/MacOSX26.1.sdk/usr/include/sys/dir.h
/Applications/Xcode.app/Contents/Developer/Platforms/MacOSX.platform/Developer/SDKs/MacOSX26.1.sdk/usr/include/dlfcn.h
/Applications/Xcode.app/Contents/Developer/Platforms/MacOSX.platform/Developer/SDKs/MacOSX26.1.sdk/usr/include/fcntl.h
/Applications/Xcode.app/Contents/Developer/Platforms/MacOSX.platform/Developer/SDKs/MacOSX26.1.sdk/usr/include/sys/fcntl.h
/Applications/Xcode.app/Contents/Developer/Platforms/MacOSX.platform/Developer/SDKs/MacOSX26.1.sdk/usr/include/sys/_types/_s_ifmt.h
/Applications/Xcode.app/Contents/Developer/Platforms/MacOSX.platform/Developer/SDKs/MacOSX26.1.sdk/usr/include/sys/_types/_filesec_t.h
/Applications/Xcode.app/Contents/Developer/Platforms/MacOSX.platform/Developer/SDKs/MacOSX26.1.sdk/usr/include/fmtmsg.h
/Applications/Xcode.app/Contents/Developer/Platforms/MacOSX.platform/Developer/SDKs/MacOSX26.1.sdk/usr/include/fnmatch.h
/Applications/Xcode.app/Contents/Developer/Platforms/MacOSX.platform/Developer/SDKs/MacOSX26.1.sdk/usr/include/ftw.h
/Applications/Xcode.app/Contents/Developer/Platforms/MacOSX.platform/Developer/SDKs/MacOSX26.1.sdk/usr/include/sys/stat.h
/Applications/Xcode.app/Contents/Developer/Platforms/MacOSX.platform/Developer/SDKs/MacOSX26.1.sdk/usr/include/glob.h
/Applications/Xcode.app/Contents/Developer/Platforms/MacOSX.platform/Developer/SDKs/MacOSX26.1.sdk/usr/include/grp.h
/Applications/Xcode.app/Contents/Developer/Platforms/MacOSX.platform/Developer/SDKs/MacOSX26.1.sdk/usr/include/iconv.h
/Applications/Xcode.app/Contents/Developer/Platforms/MacOSX.platform/Developer/SDKs/MacOSX26.1.sdk/usr/include/ifaddrs.h
/Applications/Xcode.app/Contents/Developer/Platforms/MacOSX.platform/Developer/SDKs/MacOSX26.1.sdk/usr/include/sys/ioctl.h
/Applications/Xcode.app/Contents/Developer/Platforms/MacOSX.platform/Developer/SDKs/MacOSX26.1.sdk/usr/include/sys/filio.h
/Applications/Xcode.app/Contents/Developer/Platforms/MacOSX.platform/Developer/SDKs/MacOSX26.1.sdk/usr/include/sys/sockio.h
/Applications/Xcode.app/Contents/Developer/Platforms/MacOSX.platform/Developer/SDKs/MacOSX26.1.sdk/usr/include/net/if.h
/Applications/Xcode.app/Contents/Developer/Platforms/MacOSX.platform/Developer/SDKs/MacOSX26.1.sdk/usr/include/net/if_var.h
/Applications/Xcode.app/Contents/Developer/Platforms/MacOSX.platform/Developer/SDKs/MacOSX26.1.sdk/usr/include/sys/time.h
/Applications/Xcode.app/Contents/Developer/Platforms/MacOSX.platform/Developer/SDKs/MacOSX26.1.sdk/usr/include/sys/_types/_timeval64.h
/Applications/Xcode.app/Contents/Developer/Platforms/MacOSX.platform/Developer/SDKs/MacOSX26.1.sdk/usr/include/sys/_types/_timeval32.h
/Applications/Xcode.app/Contents/Developer/Platforms/MacOSX.platform/Developer/SDKs/MacOSX26.1.sdk/usr/include/_langinfo.h
/Applications/Xcode.app/Contents/Developer/Platforms/MacOSX.platform/Developer/SDKs/MacOSX26.1.sdk/usr/include/xlocale/_langinfo.h
/Applications/Xcode.app/Contents/Developer/Platforms/MacOSX.platform/Developer/SDKs/MacOSX26.1.sdk/usr/include/libgen.h
/Applications/Xcode.app/Contents/Developer/Platforms/MacOSX.platform/Developer/SDKs/MacOSX26.1.sdk/usr/include/_monetary.h
/Applications/Xcode.app/Contents/Developer/Platforms/MacOSX.platform/Developer/SDKs/MacOSX26.1.sdk/usr/include/xlocale/_monetary.h
/Applications/Xcode.app/Contents/Developer/Platforms/MacOSX.platform/Developer/SDKs/MacOSX26.1.sdk/usr/include/ndbm.h
/Applications/Xcode.app/Contents/Developer/Platforms/MacOSX.platform/Developer/SDKs/MacOSX26.1.sdk/usr/include/netdb.h
/Applications/Xcode.app/Contents/Developer/Platforms/MacOSX.platform/Developer/SDKs/MacOSX26.1.sdk/usr/include/net/if_dl.h
/Applications/Xcode.app/Contents/Developer/Platforms/MacOSX.platform/Developer/SDKs/MacOSX26.1.sdk/usr/include/net/if_types.h
/Applications/Xcode.app/Contents/Developer/Platforms/MacOSX.platform/Developer/SDKs/MacOSX26.1.sdk/usr/include/netinet/tcp.h
/Applications/Xcode.app/Contents/Developer/Platforms/MacOSX.platform/Developer/SDKs/MacOSX26.1.sdk/usr/include/poll.h
/Applications/Xcode.app/Contents/Developer/Platforms/MacOSX.platform/Developer/SDKs/MacOSX26.1.sdk/usr/include/sys/poll.h
/Applications/Xcode.app/Contents/Developer/Platforms/MacOSX.platform/Developer/SDKs/MacOSX26.1.sdk/usr/include/pthread/spawn.h
/Applications/Xcode.app/Contents/Developer/Platforms/MacOSX.platform/Developer/SDKs/MacOSX26.1.sdk/usr/include/spawn.h
/Applications/Xcode.app/Contents/Developer/Platforms/MacOSX.platform/Developer/SDKs/MacOSX26.1.sdk/usr/include/sys/spawn.h
/Applications/Xcode.app/Contents/Developer/Platforms/MacOSX.platform/Developer/SDKs/MacOSX26.1.sdk/usr/include/mach/exception_types.h
/Applications/Xcode.app/Contents/Developer/Platforms/MacOSX.platform/Developer/SDKs/MacOSX26.1.sdk/usr/include/mach/machine/exception.h
/Applications/Xcode.app/Contents/Developer/Platforms/MacOSX.platform/Developer/SDKs/MacOSX26.1.sdk/usr/include/mach/arm/exception.h
/Applications/Xcode.app/Contents/Developer/Platforms/MacOSX.platform/Developer/SDKs/MacOSX26.1.sdk/usr/include/mach/port.h
/Applications/Xcode.app/Contents/Developer/Platforms/MacOSX.platform/Developer/SDKs/MacOSX26.1.sdk/usr/include/mach/boolean.h
/Applications/Xcode.app/Contents/Developer/Platforms/MacOSX.platform/Developer/SDKs/MacOSX26.1.sdk/usr/include/mach/machine/boolean.h
/Applications/Xcode.app/Contents/Developer/Platforms/MacOSX.platform/Developer/SDKs/MacOSX26.1.sdk/usr/include/mach/arm/boolean.h
/Applications/Xcode.app/Contents/Developer/Platforms/MacOSX.platform/Developer/SDKs/MacOSX26.1.sdk/usr/include/mach/machine/vm_types.h
/Applications/Xcode.app/Contents/Developer/Platforms/MacOSX.platform/Developer/SDKs/MacOSX26.1.sdk/usr/include/mach/arm/vm_types.h
/Applications/Xcode.app/Contents/Developer/Platforms/MacOSX.platform/Developer/SDKs/MacOSX26.1.sdk/usr/include/mach/thread_status.h
/Applications/Xcode.app/Contents/Developer/Platforms/MacOSX.platform/Developer/SDKs/MacOSX26.1.sdk/usr/include/mach/machine/thread_status.h
/Applications/Xcode.app/Contents/Developer/Platforms/MacOSX.platform/Developer/SDKs/MacOSX26.1.sdk/usr/include/mach/arm/thread_status.h
/Applications/Xcode.app/Contents/Developer/Platforms/MacOSX.platform/Developer/SDKs/MacOSX26.1.sdk/usr/include/mach/machine/thread_state.h
/Applications/Xcode.app/Contents/Developer/Platforms/MacOSX.platform/Developer/SDKs/MacOSX26.1.sdk/usr/include/mach/arm/thread_state.h
/Applications/Xcode.app/Contents/Developer/Platforms/MacOSX.platform/Developer/SDKs/MacOSX26.1.sdk/usr/include/mach/message.h
/Applications/Xcode.app/Contents/Developer/Platforms/MacOSX.platform/Developer/SDKs/MacOSX26.1.sdk/usr/include/mach/kern_return.h
/Applications/Xcode.app/Contents/Developer/Platforms/MacOSX.platform/Developer/SDKs/MacOSX26.1.sdk/usr/include/mach/machine/kern_return.h
/Applications/Xcode.app/Contents/Developer/Platforms/MacOSX.platform/Developer/SDKs/MacOSX26.1.sdk/usr/include/mach/arm/kern_return.h
/Applications/Xcode.app/Contents/Developer/Platforms/MacOSX.platform/Developer/SDKs/MacOSX26.1.sdk/usr/include/mach/vm_types.h
/Applications/Xcode.app/Contents/Developer/Platforms/MacOSX.platform/Developer/SDKs/MacOSX26.1.sdk/usr/include/mach_debug/ipc_info.h
/Applications/Xcode.app/Contents/Developer/Platforms/MacOSX.platform/Developer/SDKs/MacOSX26.1.sdk/usr/include/mach/machine.h
/Applications/Xcode.app/Contents/Developer/Platforms/MacOSX.platform/Developer/SDKs/MacOSX26.1.sdk/usr/include/pthread/pthread_spis.h
/Applications/Xcode.app/Contents/Developer/Platforms/MacOSX.platform/Developer/SDKs/MacOSX26.1.sdk/usr/include/_modules/_darwin_posix_pthread_pthread.h
/Applications/Xcode.app/Contents/Developer/Platforms/MacOSX.platform/Developer/SDKs/MacOSX26.1.sdk/usr/include/_regex.h
/Applications/Xcode.app/Contents/Developer/Platforms/MacOSX.platform/Developer/SDKs/MacOSX26.1.sdk/usr/include/xlocale/_regex.h
/Applications/Xcode.app/Contents/Developer/Platforms/MacOSX.platform/Developer/SDKs/MacOSX26.1.sdk/usr/include/search.h
/Applications/Xcode.app/Contents/Developer/Platforms/MacOSX.platform/Developer/SDKs/MacOSX26.1.sdk/usr/include/semaphore.h
/Applications/Xcode.app/Contents/Developer/Platforms/MacOSX.platform/Developer/SDKs/MacOSX26.1.sdk/usr/include/sys/semaphore.h
/Applications/Xcode.app/Contents/Developer/Platforms/MacOSX.platform/Developer/SDKs/MacOSX26.1.sdk/usr/include/sys/posix_sem.h
/Applications/Xcode.app/Contents/Developer/Platforms/MacOSX.platform/Developer/SDKs/MacOSX26.1.sdk/usr/include/sys/proc.h
/Applications/Xcode.app/Contents/Developer/Platforms/MacOSX.platform/Developer/SDKs/MacOSX26.1.sdk/usr/include/sys/queue.h
/Applications/Xcode.app/Contents/Developer/Platforms/MacOSX.platform/Developer/SDKs/MacOSX26.1.sdk/usr/include/sys/lock.h
/Applications/Xcode.app/Contents/Developer/Platforms/MacOSX.platform/Developer/SDKs/MacOSX26.1.sdk/usr/include/sys/param.h
/Applications/Xcode.app/Contents/Developer/Platforms/MacOSX.platform/Developer/SDKs/MacOSX26.1.sdk/usr/include/machine/param.h
/Applications/Xcode.app/Contents/Developer/Platforms/MacOSX.platform/Developer/SDKs/MacOSX26.1.sdk/usr/include/arm/param.h
/Applications/Xcode.app/Contents/Developer/Platforms/MacOSX.platform/Developer/SDKs/MacOSX26.1.sdk/usr/include/sys/event.h
/Applications/Xcode.app/Contents/Developer/Platforms/MacOSX.platform/Developer/SDKs/MacOSX26.1.sdk/usr/include/strings.h
/Applications/Xcode.app/Contents/Developer/Platforms/MacOSX.platform/Developer/SDKs/MacOSX26.1.sdk/usr/include/sys/ipc.h
/Applications/Xcode.app/Contents/Developer/Platforms/MacOSX.platform/Developer/SDKs/MacOSX26.1.sdk/usr/include/sys/mman.h
/Applications/Xcode.app/Contents/Developer/Platforms/MacOSX.platform/Developer/SDKs/MacOSX26.1.sdk/usr/include/sys/msg.h
/Applications/Xcode.app/Contents/Developer/Platforms/MacOSX.platform/Developer/SDKs/MacOSX26.1.sdk/usr/include/sys/sem.h
/Applications/Xcode.app/Contents/Developer/Platforms/MacOSX.platform/Developer/SDKs/MacOSX26.1.sdk/usr/include/sys/shm.h
/Applications/Xcode.app/Contents/Developer/Platforms/MacOSX.platform/Developer/SDKs/MacOSX26.1.sdk/usr/include/sys/posix_shm.h
/Applications/Xcode.app/Contents/Developer/Platforms/MacOSX.platform/Developer/SDKs/MacOSX26.1.sdk/usr/include/sys/statvfs.h
/Applications/Xcode.app/Contents/Developer/Platforms/MacOSX.platform/Developer/SDKs/MacOSX26.1.sdk/usr/include/sys/times.h
/Applications/Xcode.app/Contents/Developer/Platforms/MacOSX.platform/Developer/SDKs/MacOSX26.1.sdk/usr/include/sys/_types/_fsid_t.h
/Applications/Xcode.app/Contents/Developer/Platforms/MacOSX.platform/Developer/SDKs/MacOSX26.1.sdk/usr/include/sys/_types/_fsobj_id_t.h
/Applications/Xcode.app/Contents/Developer/Platforms/MacOSX.platform/Developer/SDKs/MacOSX26.1.sdk/usr/include/sys/_types/_graftdmg_un.h
/Applications/Xcode.app/Contents/Developer/Platforms/MacOSX.platform/Developer/SDKs/MacOSX26.1.sdk/usr/include/sys/_types/_guid_t.h
/Applications/Xcode.app/Contents/Developer/Platforms/MacOSX.platform/Developer/SDKs/MacOSX26.1.sdk/usr/include/sys/_types/_mount_t.h
/Applications/Xcode.app/Contents/Developer/Platforms/MacOSX.platform/Developer/SDKs/MacOSX26.1.sdk/usr/include/sys/_types/_os_inline.h
/Applications/Xcode.app/Contents/Developer/Platforms/MacOSX.platform/Developer/SDKs/MacOSX26.1.sdk/usr/include/sys/_types/_ucontext64.h
/Applications/Xcode.app/Contents/Developer/Platforms/MacOSX.platform/Developer/SDKs/MacOSX26.1.sdk/usr/include/sys/_types/_vnode_t.h
/Applications/Xcode.app/Contents/Developer/Platforms/MacOSX.platform/Developer/SDKs/MacOSX26.1.sdk/usr/include/sys/uio.h
/Applications/Xcode.app/Contents/Developer/Platforms/MacOSX.platform/Developer/SDKs/MacOSX26.1.sdk/usr/include/sys/un.h
/Applications/Xcode.app/Contents/Developer/Platforms/MacOSX.platform/Developer/SDKs/MacOSX26.1.sdk/usr/include/sys/utsname.h
/Applications/Xcode.app/Contents/Developer/Platforms/MacOSX.platform/Developer/SDKs/MacOSX26.1.sdk/usr/include/sys/vsock.h
/Applications/Xcode.app/Contents/Developer/Platforms/MacOSX.platform/Developer/SDKs/MacOSX26.1.sdk/usr/include/sys/ucred.h
/Applications/Xcode.app/Contents/Developer/Platforms/MacOSX.platform/Developer/SDKs/MacOSX26.1.sdk/usr/include/bsm/audit.h
/Applications/Xcode.app/Contents/Developer/Platforms/MacOSX.platform/Developer/SDKs/MacOSX26.1.sdk/usr/include/sys/socketvar.h
/Applications/Xcode.app/Contents/Developer/Platforms/MacOSX.platform/Developer/SDKs/MacOSX26.1.sdk/usr/include/sys/xattr.h
/Applications/Xcode.app/Contents/Developer/Platforms/MacOSX.platform/Developer/SDKs/MacOSX26.1.sdk/usr/include/_modules/_darwin_posix_sys_resource.h
/Applications/Xcode.app/Contents/Developer/Platforms/MacOSX.platform/Developer/SDKs/MacOSX26.1.sdk/usr/include/_modules/_darwin_posix_sys_select.h
/Applications/Xcode.app/Contents/Developer/Platforms/MacOSX.platform/Developer/SDKs/MacOSX26.1.sdk/usr/include/_modules/_darwin_posix_sys_wait.h
/Applications/Xcode.app/Contents/Developer/Platforms/MacOSX.platform/Developer/SDKs/MacOSX26.1.sdk/usr/include/syslog.h
/Applications/Xcode.app/Contents/Developer/Platforms/MacOSX.platform/Developer/SDKs/MacOSX26.1.sdk/usr/include/sys/syslog.h
/Applications/Xcode.app/Contents/Developer/Platforms/MacOSX.platform/Developer/SDKs/MacOSX26.1.sdk/usr/include/tar.h
/Applications/Xcode.app/Contents/Developer/Platforms/MacOSX.platform/Developer/SDKs/MacOSX26.1.sdk/usr/include/ulimit.h
/Applications/Xcode.app/Contents/Developer/Platforms/MacOSX.platform/Developer/SDKs/MacOSX26.1.sdk/usr/include/utime.h
/Applications/Xcode.app/Contents/Developer/Platforms/MacOSX.platform/Developer/SDKs/MacOSX26.1.sdk/usr/include/utmpx.h
/Applications/Xcode.app/Contents/Developer/Platforms/MacOSX.platform/Developer/SDKs/MacOSX26.1.sdk/usr/include/wordexp.h
/Applications/Xcode.app/Contents/Developer/Platforms/MacOSX.platform/Developer/SDKs/MacOSX26.1.sdk/usr/include/_modules/_darwin_posix_nl_types.h
/Applications/Xcode.app/Contents/Developer/Platforms/MacOSX.platform/Developer/SDKs/MacOSX26.1.sdk/usr/include/_modules/_darwin_posix_sched.h
/Applications/Xcode.app/Contents/Developer/Platforms/MacOSX.platform/Developer/SDKs/MacOSX26.1.sdk/usr/include/_modules/_darwin_posix_unistd.h
/Applications/Xcode.app/Contents/Developer/Platforms/MacOSX.platform/Developer/SDKs/MacOSX26.1.sdk/usr/include/net/bpf.h
/Applications/Xcode.app/Contents/Developer/Platforms/MacOSX.platform/Developer/SDKs/MacOSX26.1.sdk/usr/include/net/dlil.h
/Applications/Xcode.app/Contents/Developer/Platforms/MacOSX.platform/Developer/SDKs/MacOSX26.1.sdk/usr/include/net/ethernet.h
/Applications/Xcode.app/Contents/Developer/Platforms/MacOSX.platform/Developer/SDKs/MacOSX26.1.sdk/usr/include/net/if_arp.h
/Applications/Xcode.app/Contents/Developer/Platforms/MacOSX.platform/Developer/SDKs/MacOSX26.1.sdk/usr/include/net/if_llc.h
/Applications/Xcode.app/Contents/Developer/Platforms/MacOSX.platform/Developer/SDKs/MacOSX26.1.sdk/usr/include/net/if_media.h
/Applications/Xcode.app/Contents/Developer/Platforms/MacOSX.platform/Developer/SDKs/MacOSX26.1.sdk/usr/include/net/if_mib.h
/Applications/Xcode.app/Contents/Developer/Platforms/MacOSX.platform/Developer/SDKs/MacOSX26.1.sdk/usr/include/net/if_utun.h
/Applications/Xcode.app/Contents/Developer/Platforms/MacOSX.platform/Developer/SDKs/MacOSX26.1.sdk/usr/include/net/if_var_status.h
/Applications/Xcode.app/Contents/Developer/Platforms/MacOSX.platform/Developer/SDKs/MacOSX26.1.sdk/usr/include/net/kext_net.h
/Applications/Xcode.app/Contents/Developer/Platforms/MacOSX.platform/Developer/SDKs/MacOSX26.1.sdk/usr/include/net/ndrv.h
/Applications/Xcode.app/Contents/Developer/Platforms/MacOSX.platform/Developer/SDKs/MacOSX26.1.sdk/usr/include/net/pfkeyv2.h
/Applications/Xcode.app/Contents/Developer/Platforms/MacOSX.platform/Developer/SDKs/MacOSX26.1.sdk/usr/include/net/route.h
/Applications/Xcode.app/Contents/Developer/Platforms/MacOSX.platform/Developer/SDKs/MacOSX26.1.sdk/usr/include/netinet/bootp.h
/Applications/Xcode.app/Contents/Developer/Platforms/MacOSX.platform/Developer/SDKs/MacOSX26.1.sdk/usr/include/netinet/ip.h
/Applications/Xcode.app/Contents/Developer/Platforms/MacOSX.platform/Developer/SDKs/MacOSX26.1.sdk/usr/include/netinet/in_systm.h
/Applications/Xcode.app/Contents/Developer/Platforms/MacOSX.platform/Developer/SDKs/MacOSX26.1.sdk/usr/include/netinet/udp.h
/Applications/Xcode.app/Contents/Developer/Platforms/MacOSX.platform/Developer/SDKs/MacOSX26.1.sdk/usr/include/netinet/icmp6.h
/Applications/Xcode.app/Contents/Developer/Platforms/MacOSX.platform/Developer/SDKs/MacOSX26.1.sdk/usr/include/netinet/icmp_var.h
/Applications/Xcode.app/Contents/Developer/Platforms/MacOSX.platform/Developer/SDKs/MacOSX26.1.sdk/usr/include/netinet/ip_icmp.h
/Applications/Xcode.app/Contents/Developer/Platforms/MacOSX.platform/Developer/SDKs/MacOSX26.1.sdk/usr/include/netinet/if_ether.h
/Applications/Xcode.app/Contents/Developer/Platforms/MacOSX.platform/Developer/SDKs/MacOSX26.1.sdk/usr/include/netinet/igmp.h
/Applications/Xcode.app/Contents/Developer/Platforms/MacOSX.platform/Developer/SDKs/MacOSX26.1.sdk/usr/include/netinet/igmp_var.h
/Applications/Xcode.app/Contents/Developer/Platforms/MacOSX.platform/Developer/SDKs/MacOSX26.1.sdk/usr/include/netinet/in_pcb.h
/Applications/Xcode.app/Contents/Developer/Platforms/MacOSX.platform/Developer/SDKs/MacOSX26.1.sdk/usr/include/netinet/in_var.h
/Applications/Xcode.app/Contents/Developer/Platforms/MacOSX.platform/Developer/SDKs/MacOSX26.1.sdk/usr/include/sys/protosw.h
/Applications/Xcode.app/Contents/Developer/Platforms/MacOSX.platform/Developer/SDKs/MacOSX26.1.sdk/usr/include/sys/kern_event.h
/Applications/Xcode.app/Contents/Developer/Platforms/MacOSX.platform/Developer/SDKs/MacOSX26.1.sdk/usr/include/sys/sys_domain.h
/Applications/Xcode.app/Contents/Developer/Platforms/MacOSX.platform/Developer/SDKs/MacOSX26.1.sdk/usr/include/netinet6/in6_var.h
/Applications/Xcode.app/Contents/Developer/Platforms/MacOSX.platform/Developer/SDKs/MacOSX26.1.sdk/usr/include/netinet6/scope6_var.h
/Applications/Xcode.app/Contents/Developer/Platforms/MacOSX.platform/Developer/SDKs/MacOSX26.1.sdk/usr/include/netinet/ip6.h
/Applications/Xcode.app/Contents/Developer/Platforms/MacOSX.platform/Developer/SDKs/MacOSX26.1.sdk/usr/include/netinet/ip_var.h
/Applications/Xcode.app/Contents/Developer/Platforms/MacOSX.platform/Developer/SDKs/MacOSX26.1.sdk/usr/include/netinet/tcp_fsm.h
/Applications/Xcode.app/Contents/Developer/Platforms/MacOSX.platform/Developer/SDKs/MacOSX26.1.sdk/usr/include/netinet/tcp_seq.h
/Applications/Xcode.app/Contents/Developer/Platforms/MacOSX.platform/Developer/SDKs/MacOSX26.1.sdk/usr/include/netinet/tcp_timer.h
/Applications/Xcode.app/Contents/Developer/Platforms/MacOSX.platform/Developer/SDKs/MacOSX26.1.sdk/usr/include/netinet/tcp_var.h
/Applications/Xcode.app/Contents/Developer/Platforms/MacOSX.platform/Developer/SDKs/MacOSX26.1.sdk/usr/include/netinet/tcpip.h
/Applications/Xcode.app/Contents/Developer/Platforms/MacOSX.platform/Developer/SDKs/MacOSX26.1.sdk/usr/include/netinet/udp_var.h
/Applications/Xcode.app/Contents/Developer/Platforms/MacOSX.platform/Developer/SDKs/MacOSX26.1.sdk/usr/include/sys/sysctl.h
/Applications/Xcode.app/Contents/Developer/Platforms/MacOSX.platform/Developer/SDKs/MacOSX26.1.sdk/usr/include/sys/vm.h
/Applications/Xcode.app/Contents/Developer/Platforms/MacOSX.platform/Developer/SDKs/MacOSX26.1.sdk/usr/include/ar.h
/Applications/Xcode.app/Contents/Developer/Platforms/MacOSX.platform/Developer/SDKs/MacOSX26.1.sdk/usr/include/bank/bank_types.h
/Applications/Xcode.app/Contents/Developer/Platforms/MacOSX.platform/Developer/SDKs/MacOSX26.1.sdk/usr/include/os/base.h
/Applications/Xcode.app/Contents/Developer/Platforms/MacOSX.platform/Developer/SDKs/MacOSX26.1.sdk/usr/include/mach/mach_types.h
/Applications/Xcode.app/Contents/Developer/Platforms/MacOSX.platform/Developer/SDKs/MacOSX26.1.sdk/usr/include/mach/host_info.h
/Applications/Xcode.app/Contents/Developer/Platforms/MacOSX.platform/Developer/SDKs/MacOSX26.1.sdk/usr/include/mach/vm_statistics.h
/Applications/Xcode.app/Contents/Developer/Platforms/MacOSX.platform/Developer/SDKs/MacOSX26.1.sdk/usr/include/mach/time_value.h
/Applications/Xcode.app/Contents/Developer/Platforms/MacOSX.platform/Developer/SDKs/MacOSX26.1.sdk/usr/include/mach/host_notify.h
/Applications/Xcode.app/Contents/Developer/Platforms/MacOSX.platform/Developer/SDKs/MacOSX26.1.sdk/usr/include/mach/host_special_ports.h
/Applications/Xcode.app/Contents/Developer/Platforms/MacOSX.platform/Developer/SDKs/MacOSX26.1.sdk/usr/include/mach/memory_object_types.h
/Applications/Xcode.app/Contents/Developer/Platforms/MacOSX.platform/Developer/SDKs/MacOSX26.1.sdk/usr/include/mach/vm_prot.h
/Applications/Xcode.app/Contents/Developer/Platforms/MacOSX.platform/Developer/SDKs/MacOSX26.1.sdk/usr/include/mach/vm_sync.h
/Applications/Xcode.app/Contents/Developer/Platforms/MacOSX.platform/Developer/SDKs/MacOSX26.1.sdk/usr/include/mach/mach_voucher_types.h
/Applications/Xcode.app/Contents/Developer/Platforms/MacOSX.platform/Developer/SDKs/MacOSX26.1.sdk/usr/include/mach/std_types.h
/Applications/Xcode.app/Contents/Developer/Platforms/MacOSX.platform/Developer/SDKs/MacOSX26.1.sdk/usr/include/mach/processor_info.h
/Applications/Xcode.app/Contents/Developer/Platforms/MacOSX.platform/Developer/SDKs/MacOSX26.1.sdk/usr/include/mach/machine/processor_info.h
/Applications/Xcode.app/Contents/Developer/Platforms/MacOSX.platform/Developer/SDKs/MacOSX26.1.sdk/usr/include/mach/arm/processor_info.h
/Applications/Xcode.app/Contents/Developer/Platforms/MacOSX.platform/Developer/SDKs/MacOSX26.1.sdk/usr/include/mach/task_info.h
/Applications/Xcode.app/Contents/Developer/Platforms/MacOSX.platform/Developer/SDKs/MacOSX26.1.sdk/usr/include/mach/policy.h
/Applications/Xcode.app/Contents/Developer/Platforms/MacOSX.platform/Developer/SDKs/MacOSX26.1.sdk/usr/include/mach/task_inspect.h
/Applications/Xcode.app/Contents/Developer/Platforms/MacOSX.platform/Developer/SDKs/MacOSX26.1.sdk/usr/include/mach/task_policy.h
/Applications/Xcode.app/Contents/Developer/Platforms/MacOSX.platform/Developer/SDKs/MacOSX26.1.sdk/usr/include/mach/task_special_ports.h
/Applications/Xcode.app/Contents/Developer/Platforms/MacOSX.platform/Developer/SDKs/MacOSX26.1.sdk/usr/include/mach/thread_info.h
/Applications/Xcode.app/Contents/Developer/Platforms/MacOSX.platform/Developer/SDKs/MacOSX26.1.sdk/usr/include/mach/thread_policy.h
/Applications/Xcode.app/Contents/Developer/Platforms/MacOSX.platform/Developer/SDKs/MacOSX26.1.sdk/usr/include/mach/thread_special_ports.h
/Applications/Xcode.app/Contents/Developer/Platforms/MacOSX.platform/Developer/SDKs/MacOSX26.1.sdk/usr/include/mach/clock_types.h
/Applications/Xcode.app/Contents/Developer/Platforms/MacOSX.platform/Developer/SDKs/MacOSX26.1.sdk/usr/include/mach/vm_attributes.h
/Applications/Xcode.app/Contents/Developer/Platforms/MacOSX.platform/Developer/SDKs/MacOSX26.1.sdk/usr/include/mach/vm_inherit.h
/Applications/Xcode.app/Contents/Developer/Platforms/MacOSX.platform/Developer/SDKs/MacOSX26.1.sdk/usr/include/mach/vm_purgable.h
/Applications/Xcode.app/Contents/Developer/Platforms/MacOSX.platform/Developer/SDKs/MacOSX26.1.sdk/usr/include/mach/vm_behavior.h
/Applications/Xcode.app/Contents/Developer/Platforms/MacOSX.platform/Developer/SDKs/MacOSX26.1.sdk/usr/include/mach/vm_region.h
/Applications/Xcode.app/Contents/Developer/Platforms/MacOSX.platform/Developer/SDKs/MacOSX26.1.sdk/usr/include/mach/machine/vm_param.h
/Applications/Xcode.app/Contents/Developer/Platforms/MacOSX.platform/Developer/SDKs/MacOSX26.1.sdk/usr/include/mach/arm/vm_param.h
/Applications/Xcode.app/Contents/Developer/Platforms/MacOSX.platform/Developer/SDKs/MacOSX26.1.sdk/usr/include/mach/vm_page_size.h
/Applications/Xcode.app/Contents/Developer/Platforms/MacOSX.platform/Developer/SDKs/MacOSX26.1.sdk/usr/include/mach/kmod.h
/Applications/Xcode.app/Contents/Developer/Platforms/MacOSX.platform/Developer/SDKs/MacOSX26.1.sdk/usr/include/mach/dyld_kernel.h
/Applications/Xcode.app/Contents/Developer/Platforms/MacOSX.platform/Developer/SDKs/MacOSX26.1.sdk/usr/include/ConditionalMacros.h
/Applications/Xcode.app/Contents/Developer/Platforms/MacOSX.platform/Developer/SDKs/MacOSX26.1.sdk/usr/include/crt_externs.h
/Applications/Xcode.app/Contents/Developer/Platforms/MacOSX.platform/Developer/SDKs/MacOSX26.1.sdk/usr/include/fts.h
/Applications/Xcode.app/Contents/Developer/Platforms/MacOSX.platform/Developer/SDKs/MacOSX26.1.sdk/usr/include/getopt.h
/Applications/Xcode.app/Contents/Developer/Platforms/MacOSX.platform/Developer/SDKs/MacOSX26.1.sdk/usr/include/AssertMacros.h
/Applications/Xcode.app/Contents/Developer/Platforms/MacOSX.platform/Developer/SDKs/MacOSX26.1.sdk/usr/include/MacTypes.h
/Applications/Xcode.app/Contents/Developer/Platforms/MacOSX.platform/Developer/SDKs/MacOSX26.1.sdk/usr/include/mach/mach.h
/Applications/Xcode.app/Contents/Developer/Platforms/MacOSX.platform/Developer/SDKs/MacOSX26.1.sdk/usr/include/mach/mach_interface.h
/Applications/Xcode.app/Contents/Developer/Platforms/MacOSX.platform/Developer/SDKs/MacOSX26.1.sdk/usr/include/mach/clock_priv.h
/Applications/Xcode.app/Contents/Developer/Platforms/MacOSX.platform/Developer/SDKs/MacOSX26.1.sdk/usr/include/mach/ndr.h
/Applications/Xcode.app/Contents/Developer/Platforms/MacOSX.platform/Developer/SDKs/MacOSX26.1.sdk/usr/include/libkern/OSByteOrder.h
/Applications/Xcode.app/Contents/Developer/Platforms/MacOSX.platform/Developer/SDKs/MacOSX26.1.sdk/usr/include/libkern/arm/OSByteOrder.h
/Applications/Xcode.app/Contents/Developer/Platforms/MacOSX.platform/Developer/SDKs/MacOSX26.1.sdk/usr/include/arm/arch.h
/Applications/Xcode.app/Contents/Developer/Platforms/MacOSX.platform/Developer/SDKs/MacOSX26.1.sdk/usr/include/mach/notify.h
/Applications/Xcode.app/Contents/Developer/Platforms/MacOSX.platform/Developer/SDKs/MacOSX26.1.sdk/usr/include/mach/mig_errors.h
/Applications/Xcode.app/Contents/Developer/Platforms/MacOSX.platform/Developer/SDKs/MacOSX26.1.sdk/usr/include/mach/mig.h
/Applications/Xcode.app/Contents/Developer/Platforms/MacOSX.platform/Developer/SDKs/MacOSX26.1.sdk/usr/include/mach/host_priv.h
/Applications/Xcode.app/Contents/Developer/Platforms/MacOSX.platform/Developer/SDKs/MacOSX26.1.sdk/usr/include/mach_debug/mach_debug_types.h
/Applications/Xcode.app/Contents/Developer/Platforms/MacOSX.platform/Developer/SDKs/MacOSX26.1.sdk/usr/include/mach_debug/vm_info.h
/Applications/Xcode.app/Contents/Developer/Platforms/MacOSX.platform/Developer/SDKs/MacOSX26.1.sdk/usr/include/mach_debug/zone_info.h
/Applications/Xcode.app/Contents/Developer/Platforms/MacOSX.platform/Developer/SDKs/MacOSX26.1.sdk/usr/include/mach_debug/page_info.h
/Applications/Xcode.app/Contents/Developer/Platforms/MacOSX.platform/Developer/SDKs/MacOSX26.1.sdk/usr/include/mach_debug/hash_info.h
/Applications/Xcode.app/Contents/Developer/Platforms/MacOSX.platform/Developer/SDKs/MacOSX26.1.sdk/usr/include/mach_debug/lockgroup_info.h
/Applications/Xcode.app/Contents/Developer/Platforms/MacOSX.platform/Developer/SDKs/MacOSX26.1.sdk/usr/include/mach/host_security.h
/Applications/Xcode.app/Contents/Developer/Platforms/MacOSX.platform/Developer/SDKs/MacOSX26.1.sdk/usr/include/mach/processor.h
/Applications/Xcode.app/Contents/Developer/Platforms/MacOSX.platform/Developer/SDKs/MacOSX26.1.sdk/usr/include/mach/processor_set.h
/Applications/Xcode.app/Contents/Developer/Platforms/MacOSX.platform/Developer/SDKs/MacOSX26.1.sdk/usr/include/mach/semaphore.h
/Applications/Xcode.app/Contents/Developer/Platforms/MacOSX.platform/Developer/SDKs/MacOSX26.1.sdk/usr/include/mach/sync_policy.h
/Applications/Xcode.app/Contents/Developer/Platforms/MacOSX.platform/Developer/SDKs/MacOSX26.1.sdk/usr/include/mach/task.h
/Applications/Xcode.app/Contents/Developer/Platforms/MacOSX.platform/Developer/SDKs/MacOSX26.1.sdk/usr/include/mach/thread_act.h
/Applications/Xcode.app/Contents/Developer/Platforms/MacOSX.platform/Developer/SDKs/MacOSX26.1.sdk/usr/include/mach/vm_map.h
/Applications/Xcode.app/Contents/Developer/Platforms/MacOSX.platform/Developer/SDKs/MacOSX26.1.sdk/usr/include/mach/mach_port.h
/Applications/Xcode.app/Contents/Developer/Platforms/MacOSX.platform/Developer/SDKs/MacOSX26.1.sdk/usr/include/mach/mach_init.h
/Applications/Xcode.app/Contents/Developer/Platforms/MacOSX.platform/Developer/SDKs/MacOSX26.1.sdk/usr/include/mach/mach_traps.h
/Applications/Xcode.app/Contents/Developer/Platforms/MacOSX.platform/Developer/SDKs/MacOSX26.1.sdk/usr/include/mach/error.h
/Applications/Xcode.app/Contents/Developer/Platforms/MacOSX.platform/Developer/SDKs/MacOSX26.1.sdk/usr/include/mach/mach_host.h
/Applications/Xcode.app/Contents/Developer/Platforms/MacOSX.platform/Developer/SDKs/MacOSX26.1.sdk/usr/include/mach/thread_switch.h
/Applications/Xcode.app/Contents/Developer/Platforms/MacOSX.platform/Developer/SDKs/MacOSX26.1.sdk/usr/include/mach/rpc.h
/Applications/Xcode.app/Contents/Developer/Platforms/MacOSX.platform/Developer/SDKs/MacOSX26.1.sdk/usr/include/mach/machine/rpc.h
/Applications/Xcode.app/Contents/Developer/Platforms/MacOSX.platform/Developer/SDKs/MacOSX26.1.sdk/usr/include/mach/arm/rpc.h
/Applications/Xcode.app/Contents/Developer/Platforms/MacOSX.platform/Developer/SDKs/MacOSX26.1.sdk/usr/include/mach/mach_error.h
/Applications/Xcode.app/Contents/Developer/Platforms/MacOSX.platform/Developer/SDKs/MacOSX26.1.sdk/usr/include/mach/audit_triggers_types.h
/Applications/Xcode.app/Contents/Developer/Platforms/MacOSX.platform/Developer/SDKs/MacOSX26.1.sdk/usr/include/mach/bootstrap.h
/Applications/Xcode.app/Contents/Developer/Platforms/MacOSX.platform/Developer/SDKs/MacOSX26.1.sdk/usr/include/mach/clock.h
/Applications/Xcode.app/Contents/Developer/Platforms/MacOSX.platform/Developer/SDKs/MacOSX26.1.sdk/usr/include/mach/clock_reply.h
/Applications/Xcode.app/Contents/Developer/Platforms/MacOSX.platform/Developer/SDKs/MacOSX26.1.sdk/usr/include/mach/exc.h
/Applications/Xcode.app/Contents/Developer/Platforms/MacOSX.platform/Developer/SDKs/MacOSX26.1.sdk/usr/include/mach/exception.h
/Applications/Xcode.app/Contents/Developer/Platforms/MacOSX.platform/Developer/SDKs/MacOSX26.1.sdk/usr/include/mach/host_reboot.h
/Applications/Xcode.app/Contents/Developer/Platforms/MacOSX.platform/Developer/SDKs/MacOSX26.1.sdk/usr/include/arm64/hv/hv_kern_types.h
/Applications/Xcode.app/Contents/Developer/Platforms/MacOSX.platform/Developer/SDKs/MacOSX26.1.sdk/usr/include/mach/mach_param.h
/Applications/Xcode.app/Contents/Developer/Platforms/MacOSX.platform/Developer/SDKs/MacOSX26.1.sdk/usr/include/mach/mach_right.h
/Applications/Xcode.app/Contents/Developer/Platforms/MacOSX.platform/Developer/SDKs/MacOSX26.1.sdk/usr/include/mach/mach_syscalls.h
/Applications/Xcode.app/Contents/Developer/Platforms/MacOSX.platform/Developer/SDKs/MacOSX26.1.sdk/usr/include/mach/mach_time.h
/Applications/Xcode.app/Contents/Developer/Platforms/MacOSX.platform/Developer/SDKs/MacOSX26.1.sdk/usr/include/mach/mach_vm.h
/Applications/Xcode.app/Contents/Developer/Platforms/MacOSX.platform/Developer/SDKs/MacOSX26.1.sdk/usr/include/mach/mach_voucher.h
/Applications/Xcode.app/Contents/Developer/Platforms/MacOSX.platform/Developer/SDKs/MacOSX26.1.sdk/usr/include/mach/memory_entry.h
/Applications/Xcode.app/Contents/Developer/Platforms/MacOSX.platform/Developer/SDKs/MacOSX26.1.sdk/usr/include/mach/mig_strncpy_zerofill_support.h
/Applications/Xcode.app/Contents/Developer/Platforms/MacOSX.platform/Developer/SDKs/MacOSX26.1.sdk/usr/include/mach/mig_voucher_support.h
/Applications/Xcode.app/Contents/Developer/Platforms/MacOSX.platform/Developer/SDKs/MacOSX26.1.sdk/usr/include/mach/port_obj.h
/Applications/Xcode.app/Contents/Developer/Platforms/MacOSX.platform/Developer/SDKs/MacOSX26.1.sdk/usr/include/mach/sdt.h
/Applications/Xcode.app/Contents/Developer/Platforms/MacOSX.platform/Developer/SDKs/MacOSX26.1.sdk/usr/include/mach/machine/sdt.h
/Applications/Xcode.app/Contents/Developer/Platforms/MacOSX.platform/Developer/SDKs/MacOSX26.1.sdk/usr/include/sys/sdt.h
/Applications/Xcode.app/Contents/Developer/Platforms/MacOSX.platform/Developer/SDKs/MacOSX26.1.sdk/usr/include/mach/shared_region.h
/Applications/Xcode.app/Contents/Developer/Platforms/MacOSX.platform/Developer/SDKs/MacOSX26.1.sdk/usr/include/mach/sync.h
/Applications/Xcode.app/Contents/Developer/Platforms/MacOSX.platform/Developer/SDKs/MacOSX26.1.sdk/usr/include/mach/thread_state.h
/Applications/Xcode.app/Contents/Developer/Platforms/MacOSX.platform/Developer/SDKs/MacOSX26.1.sdk/usr/include/mach/vm_param.h
/Applications/Xcode.app/Contents/Developer/Platforms/MacOSX.platform/Developer/SDKs/MacOSX26.1.sdk/usr/include/mach/vm_task.h
/Applications/Xcode.app/Contents/Developer/Platforms/MacOSX.platform/Developer/SDKs/MacOSX26.1.sdk/usr/include/mach/machine/asm.h
/Applications/Xcode.app/Contents/Developer/Platforms/MacOSX.platform/Developer/SDKs/MacOSX26.1.sdk/usr/include/mach/arm64/asm.h
/Applications/Xcode.app/Contents/Developer/Platforms/MacOSX.platform/Developer/SDKs/MacOSX26.1.sdk/usr/include/mach/i386/asm.h
/Applications/Xcode.app/Contents/Developer/Platforms/MacOSX.platform/Developer/SDKs/MacOSX26.1.sdk/usr/include/mach/arm/asm.h
/Applications/Xcode.app/Contents/Developer/Platforms/MacOSX.platform/Developer/SDKs/MacOSX26.1.sdk/usr/include/mach/i386/boolean.h
/Applications/Xcode.app/Contents/Developer/Platforms/MacOSX.platform/Developer/SDKs/MacOSX26.1.sdk/usr/include/mach/i386/exception.h
/Applications/Xcode.app/Contents/Developer/Platforms/MacOSX.platform/Developer/SDKs/MacOSX26.1.sdk/usr/include/mach/i386/fp_reg.h
/Applications/Xcode.app/Contents/Developer/Platforms/MacOSX.platform/Developer/SDKs/MacOSX26.1.sdk/usr/include/mach/i386/kern_return.h
/Applications/Xcode.app/Contents/Developer/Platforms/MacOSX.platform/Developer/SDKs/MacOSX26.1.sdk/usr/include/mach/machine/ndr_def.h
/Applications/Xcode.app/Contents/Developer/Platforms/MacOSX.platform/Developer/SDKs/MacOSX26.1.sdk/usr/include/mach/arm/ndr_def.h
/Applications/Xcode.app/Contents/Developer/Platforms/MacOSX.platform/Developer/SDKs/MacOSX26.1.sdk/usr/include/mach/i386/processor_info.h
/Applications/Xcode.app/Contents/Developer/Platforms/MacOSX.platform/Developer/SDKs/MacOSX26.1.sdk/usr/include/mach/i386/rpc.h
/Applications/Xcode.app/Contents/Developer/Platforms/MacOSX.platform/Developer/SDKs/MacOSX26.1.sdk/usr/include/mach/machine/sdt_isa.h
/Applications/Xcode.app/Contents/Developer/Platforms/MacOSX.platform/Developer/SDKs/MacOSX26.1.sdk/usr/include/mach/arm/sdt_isa.h
/Applications/Xcode.app/Contents/Developer/Platforms/MacOSX.platform/Developer/SDKs/MacOSX26.1.sdk/usr/include/mach/i386/sdt_isa.h
/Applications/Xcode.app/Contents/Developer/Platforms/MacOSX.platform/Developer/SDKs/MacOSX26.1.sdk/usr/include/mach/i386/thread_state.h
/Applications/Xcode.app/Contents/Developer/Platforms/MacOSX.platform/Developer/SDKs/MacOSX26.1.sdk/usr/include/mach/i386/thread_status.h
/Applications/Xcode.app/Contents/Developer/Platforms/MacOSX.platform/Developer/SDKs/MacOSX26.1.sdk/usr/include/mach/arm/traps.h
/Applications/Xcode.app/Contents/Developer/Platforms/MacOSX.platform/Developer/SDKs/MacOSX26.1.sdk/usr/include/mach/i386/vm_param.h
/Applications/Xcode.app/Contents/Developer/Platforms/MacOSX.platform/Developer/SDKs/MacOSX26.1.sdk/usr/include/mach/i386/vm_types.h
/Applications/Xcode.app/Contents/Developer/Platforms/MacOSX.platform/Developer/SDKs/MacOSX26.1.sdk/usr/include/mach_debug/mach_debug.h
/Applications/Xcode.app/Contents/Developer/Platforms/MacOSX.platform/Developer/SDKs/MacOSX26.1.sdk/usr/include/device/device_types.h
/Applications/Xcode.app/Contents/Developer/Platforms/MacOSX.platform/Developer/SDKs/MacOSX26.1.sdk/usr/include/device/device_port.h
/Applications/Xcode.app/Contents/Developer/Platforms/MacOSX.platform/Developer/SDKs/MacOSX26.1.sdk/usr/include/libkern/OSAtomic.h
/Applications/Xcode.app/Contents/Developer/Platforms/MacOSX.platform/Developer/SDKs/MacOSX26.1.sdk/usr/include/libkern/OSAtomicDeprecated.h
/Applications/Xcode.app/Contents/Developer/Platforms/MacOSX.platform/Developer/SDKs/MacOSX26.1.sdk/usr/include/libkern/OSSpinLockDeprecated.h
/Applications/Xcode.app/Contents/Developer/Platforms/MacOSX.platform/Developer/SDKs/MacOSX26.1.sdk/usr/include/libkern/OSAtomicQueue.h
/Applications/Xcode.app/Contents/Developer/Platforms/MacOSX.platform/Developer/SDKs/MacOSX26.1.sdk/usr/include/libkern/machine/OSByteOrder.h
/Applications/Xcode.app/Contents/Developer/Platforms/MacOSX.platform/Developer/SDKs/MacOSX26.1.sdk/usr/include/libkern/i386/OSByteOrder.h
/Applications/Xcode.app/Contents/Developer/Platforms/MacOSX.platform/Developer/SDKs/MacOSX26.1.sdk/usr/include/libproc.h
/Applications/Xcode.app/Contents/Developer/Platforms/MacOSX.platform/Developer/SDKs/MacOSX26.1.sdk/usr/include/sys/mount.h
/Applications/Xcode.app/Contents/Developer/Platforms/MacOSX.platform/Developer/SDKs/MacOSX26.1.sdk/usr/include/sys/attr.h
/Applications/Xcode.app/Contents/Developer/Platforms/MacOSX.platform/Developer/SDKs/MacOSX26.1.sdk/usr/include/sys/proc_info.h
/Applications/Xcode.app/Contents/Developer/Platforms/MacOSX.platform/Developer/SDKs/MacOSX26.1.sdk/usr/include/sys/kern_control.h
/Applications/Xcode.app/Contents/Developer/Platforms/MacOSX.platform/Developer/SDKs/MacOSX26.1.sdk/usr/include/os/clock.h
/Applications/Xcode.app/Contents/Developer/Platforms/MacOSX.platform/Developer/SDKs/MacOSX26.1.sdk/usr/include/os/lock.h
/Applications/Xcode.app/Contents/Developer/Platforms/MacOSX.platform/Developer/SDKs/MacOSX26.1.sdk/usr/include/os/proc.h
/Applications/Xcode.app/Contents/Developer/Platforms/MacOSX.platform/Developer/SDKs/MacOSX26.1.sdk/usr/include/malloc/malloc.h
/Applications/Xcode.app/Contents/Developer/Platforms/MacOSX.platform/Developer/SDKs/MacOSX26.1.sdk/usr/include/malloc/_platform.h
/Applications/Xcode.app/Contents/Developer/Platforms/MacOSX.platform/Developer/SDKs/MacOSX26.1.sdk/usr/include/sys/malloc.h
/Applications/Xcode.app/Contents/Developer/Platforms/MacOSX.platform/Developer/SDKs/MacOSX26.1.sdk/usr/include/i386/_param.h
/Applications/Xcode.app/Contents/Developer/Platforms/MacOSX.platform/Developer/SDKs/MacOSX26.1.sdk/usr/include/machine/byte_order.h
/Applications/Xcode.app/Contents/Developer/Platforms/MacOSX.platform/Developer/SDKs/MacOSX26.1.sdk/usr/include/architecture/byte_order.h
/Applications/Xcode.app/Contents/Developer/Platforms/MacOSX.platform/Developer/SDKs/MacOSX26.1.sdk/usr/include/i386/eflags.h
/Applications/Xcode.app/Contents/Developer/Platforms/MacOSX.platform/Developer/SDKs/MacOSX26.1.sdk/usr/include/machine/fasttrap_isa.h
/Applications/Xcode.app/Contents/Developer/Platforms/MacOSX.platform/Developer/SDKs/MacOSX26.1.sdk/usr/include/arm/fasttrap_isa.h
/Applications/Xcode.app/Contents/Developer/Platforms/MacOSX.platform/Developer/SDKs/MacOSX26.1.sdk/usr/include/i386/fasttrap_isa.h
/Applications/Xcode.app/Contents/Developer/Platforms/MacOSX.platform/Developer/SDKs/MacOSX26.1.sdk/usr/include/i386/param.h
/Applications/Xcode.app/Contents/Developer/Platforms/MacOSX.platform/Developer/SDKs/MacOSX26.1.sdk/usr/include/machine/profile.h
/Applications/Xcode.app/Contents/Developer/Platforms/MacOSX.platform/Developer/SDKs/MacOSX26.1.sdk/usr/include/arm/profile.h
/Applications/Xcode.app/Contents/Developer/Platforms/MacOSX.platform/Developer/SDKs/MacOSX26.1.sdk/usr/include/i386/profile.h
/Applications/Xcode.app/Contents/Developer/Platforms/MacOSX.platform/Developer/SDKs/MacOSX26.1.sdk/usr/include/i386/user_ldt.h
/Applications/Xcode.app/Contents/Developer/Platforms/MacOSX.platform/Developer/SDKs/MacOSX26.1.sdk/usr/include/machine/vmparam.h
/Applications/Xcode.app/Contents/Developer/Platforms/MacOSX.platform/Developer/SDKs/MacOSX26.1.sdk/usr/include/arm/vmparam.h
/Applications/Xcode.app/Contents/Developer/Platforms/MacOSX.platform/Developer/SDKs/MacOSX26.1.sdk/usr/include/i386/vmparam.h
/Applications/Xcode.app/Contents/Developer/Platforms/MacOSX.platform/Developer/SDKs/MacOSX26.1.sdk/usr/include/aliasdb.h
/Applications/Xcode.app/Contents/Developer/Platforms/MacOSX.platform/Developer/SDKs/MacOSX26.1.sdk/usr/include/bootparams.h
/Applications/Xcode.app/Contents/Developer/Platforms/MacOSX.platform/Developer/SDKs/MacOSX26.1.sdk/usr/include/Block.h
/Applications/Xcode.app/Contents/Developer/Platforms/MacOSX.platform/Developer/SDKs/MacOSX26.1.sdk/usr/include/bsm/audit_domain.h
/Applications/Xcode.app/Contents/Developer/Platforms/MacOSX.platform/Developer/SDKs/MacOSX26.1.sdk/usr/include/bsm/audit_errno.h
/Applications/Xcode.app/Contents/Developer/Platforms/MacOSX.platform/Developer/SDKs/MacOSX26.1.sdk/usr/include/bsm/audit_fcntl.h
/Applications/Xcode.app/Contents/Developer/Platforms/MacOSX.platform/Developer/SDKs/MacOSX26.1.sdk/usr/include/bsm/audit_filter.h
/Applications/Xcode.app/Contents/Developer/Platforms/MacOSX.platform/Developer/SDKs/MacOSX26.1.sdk/usr/include/bsm/libbsm.h
/Applications/Xcode.app/Contents/Developer/Platforms/MacOSX.platform/Developer/SDKs/MacOSX26.1.sdk/usr/include/bsm/audit_record.h
/Applications/Xcode.app/Contents/Developer/Platforms/MacOSX.platform/Developer/SDKs/MacOSX26.1.sdk/usr/include/bsm/audit_internal.h
/Applications/Xcode.app/Contents/Developer/Platforms/MacOSX.platform/Developer/SDKs/MacOSX26.1.sdk/usr/include/bsm/audit_kevents.h
/Applications/Xcode.app/Contents/Developer/Platforms/MacOSX.platform/Developer/SDKs/MacOSX26.1.sdk/usr/include/bsm/audit_session.h
/Applications/Xcode.app/Contents/Developer/Platforms/MacOSX.platform/Developer/SDKs/MacOSX26.1.sdk/usr/include/bsm/audit_socket_type.h
/Applications/Xcode.app/Contents/Developer/Platforms/MacOSX.platform/Developer/SDKs/MacOSX26.1.sdk/usr/include/bsm/audit_uevents.h
/Applications/Xcode.app/Contents/Developer/Platforms/MacOSX.platform/Developer/SDKs/MacOSX26.1.sdk/usr/include/execinfo.h
/Applications/Xcode.app/Contents/Developer/Platforms/MacOSX.platform/Developer/SDKs/MacOSX26.1.sdk/usr/include/fstab.h
/Applications/Xcode.app/Contents/Developer/Platforms/MacOSX.platform/Developer/SDKs/MacOSX26.1.sdk/usr/include/hfs/hfs_format.h
/Applications/Xcode.app/Contents/Developer/Platforms/MacOSX.platform/Developer/SDKs/MacOSX26.1.sdk/usr/include/hfs/hfs_unistr.h
/Applications/Xcode.app/Contents/Developer/Platforms/MacOSX.platform/Developer/SDKs/MacOSX26.1.sdk/usr/include/hfs/hfs_mount.h
/Applications/Xcode.app/Contents/Developer/Platforms/MacOSX.platform/Developer/SDKs/MacOSX26.1.sdk/usr/include/membership.h
/Applications/Xcode.app/Contents/Developer/Platforms/MacOSX.platform/Developer/SDKs/MacOSX26.1.sdk/usr/include/ntsid.h
/Applications/Xcode.app/Contents/Developer/Platforms/MacOSX.platform/Developer/SDKs/MacOSX26.1.sdk/usr/include/curses.h
/Applications/Xcode.app/Contents/Developer/Platforms/MacOSX.platform/Developer/SDKs/MacOSX26.1.sdk/usr/include/ncurses_dll.h
/Applications/Xcode.app/Contents/Developer/Platforms/MacOSX.platform/Developer/SDKs/MacOSX26.1.sdk/usr/include/unctrl.h
/Applications/Xcode.app/Contents/Developer/Platforms/MacOSX.platform/Developer/SDKs/MacOSX26.1.sdk/usr/include/eti.h
/Applications/Xcode.app/Contents/Developer/Platforms/MacOSX.platform/Developer/SDKs/MacOSX26.1.sdk/usr/include/nc_tparm.h
/Applications/Xcode.app/Contents/Developer/Platforms/MacOSX.platform/Developer/SDKs/MacOSX26.1.sdk/usr/include/form.h
/Applications/Xcode.app/Contents/Developer/Platforms/MacOSX.platform/Developer/SDKs/MacOSX26.1.sdk/usr/include/menu.h
/Applications/Xcode.app/Contents/Developer/Platforms/MacOSX.platform/Developer/SDKs/MacOSX26.1.sdk/usr/include/panel.h
/Applications/Xcode.app/Contents/Developer/Platforms/MacOSX.platform/Developer/SDKs/MacOSX26.1.sdk/usr/include/netinet6/ah.h
/Applications/Xcode.app/Contents/Developer/Platforms/MacOSX.platform/Developer/SDKs/MacOSX26.1.sdk/usr/include/netinet6/esp.h
/Applications/Xcode.app/Contents/Developer/Platforms/MacOSX.platform/Developer/SDKs/MacOSX26.1.sdk/usr/include/netinet6/ipcomp.h
/Applications/Xcode.app/Contents/Developer/Platforms/MacOSX.platform/Developer/SDKs/MacOSX26.1.sdk/usr/include/netinet6/ipsec.h
/Applications/Xcode.app/Contents/Developer/Platforms/MacOSX.platform/Developer/SDKs/MacOSX26.1.sdk/usr/include/netinet6/raw_ip6.h
/Applications/Xcode.app/Contents/Developer/Platforms/MacOSX.platform/Developer/SDKs/MacOSX26.1.sdk/usr/include/printerdb.h
/Applications/Xcode.app/Contents/Developer/Platforms/MacOSX.platform/Developer/SDKs/MacOSX26.1.sdk/usr/include/sys/_structs.h
/Applications/Xcode.app/Contents/Developer/Platforms/MacOSX.platform/Developer/SDKs/MacOSX26.1.sdk/usr/include/sys/acct.h
/Applications/Xcode.app/Contents/Developer/Platforms/MacOSX.platform/Developer/SDKs/MacOSX26.1.sdk/usr/include/sys/acl.h
/Applications/Xcode.app/Contents/Developer/Platforms/MacOSX.platform/Developer/SDKs/MacOSX26.1.sdk/usr/include/sys/kauth.h
/Applications/Xcode.app/Contents/Developer/Platforms/MacOSX.platform/Developer/SDKs/MacOSX26.1.sdk/usr/include/sys/buf.h
/Applications/Xcode.app/Contents/Developer/Platforms/MacOSX.platform/Developer/SDKs/MacOSX26.1.sdk/usr/include/sys/kernel_types.h
/Applications/Xcode.app/Contents/Developer/Platforms/MacOSX.platform/Developer/SDKs/MacOSX26.1.sdk/usr/include/sys/clonefile.h
/Applications/Xcode.app/Contents/Developer/Platforms/MacOSX.platform/Developer/SDKs/MacOSX26.1.sdk/usr/include/sys/commpage.h
/Applications/Xcode.app/Contents/Developer/Platforms/MacOSX.platform/Developer/SDKs/MacOSX26.1.sdk/usr/include/sys/conf.h
/Applications/Xcode.app/Contents/Developer/Platforms/MacOSX.platform/Developer/SDKs/MacOSX26.1.sdk/usr/include/sys/disk.h
/Applications/Xcode.app/Contents/Developer/Platforms/MacOSX.platform/Developer/SDKs/MacOSX26.1.sdk/usr/include/sys/dkstat.h
/Applications/Xcode.app/Contents/Developer/Platforms/MacOSX.platform/Developer/SDKs/MacOSX26.1.sdk/usr/include/sys/domain.h
/Applications/Xcode.app/Contents/Developer/Platforms/MacOSX.platform/Developer/SDKs/MacOSX26.1.sdk/usr/include/sys/ev.h
/Applications/Xcode.app/Contents/Developer/Platforms/MacOSX.platform/Developer/SDKs/MacOSX26.1.sdk/usr/include/sys/file.h
/Applications/Xcode.app/Contents/Developer/Platforms/MacOSX.platform/Developer/SDKs/MacOSX26.1.sdk/usr/include/sys/filedesc.h
/Applications/Xcode.app/Contents/Developer/Platforms/MacOSX.platform/Developer/SDKs/MacOSX26.1.sdk/usr/include/sys/fileport.h
/Applications/Xcode.app/Contents/Developer/Platforms/MacOSX.platform/Developer/SDKs/MacOSX26.1.sdk/usr/include/sys/fsgetpath.h
/Applications/Xcode.app/Contents/Developer/Platforms/MacOSX.platform/Developer/SDKs/MacOSX26.1.sdk/usr/include/sys/gmon.h
/Applications/Xcode.app/Contents/Developer/Platforms/MacOSX.platform/Developer/SDKs/MacOSX26.1.sdk/usr/include/sys/ioctl_compat.h
/Applications/Xcode.app/Contents/Developer/Platforms/MacOSX.platform/Developer/SDKs/MacOSX26.1.sdk/usr/include/sys/ttychars.h
/Applications/Xcode.app/Contents/Developer/Platforms/MacOSX.platform/Developer/SDKs/MacOSX26.1.sdk/usr/include/sys/ttydev.h
/Applications/Xcode.app/Contents/Developer/Platforms/MacOSX.platform/Developer/SDKs/MacOSX26.1.sdk/usr/include/sys/kdebug.h
/Applications/Xcode.app/Contents/Developer/Platforms/MacOSX.platform/Developer/SDKs/MacOSX26.1.sdk/usr/include/sys/kdebug_signpost.h
/Applications/Xcode.app/Contents/Developer/Platforms/MacOSX.platform/Developer/SDKs/MacOSX26.1.sdk/usr/include/sys/lctx.h
/Applications/Xcode.app/Contents/Developer/Platforms/MacOSX.platform/Developer/SDKs/MacOSX26.1.sdk/usr/include/sys/mbuf.h
/Applications/Xcode.app/Contents/Developer/Platforms/MacOSX.platform/Developer/SDKs/MacOSX26.1.sdk/usr/include/sys/msgbuf.h
/Applications/Xcode.app/Contents/Developer/Platforms/MacOSX.platform/Developer/SDKs/MacOSX26.1.sdk/usr/include/sys/netport.h
/Applications/Xcode.app/Contents/Developer/Platforms/MacOSX.platform/Developer/SDKs/MacOSX26.1.sdk/usr/include/sys/paths.h
/Applications/Xcode.app/Contents/Developer/Platforms/MacOSX.platform/Developer/SDKs/MacOSX26.1.sdk/usr/include/sys/pipe.h
/Applications/Xcode.app/Contents/Developer/Platforms/MacOSX.platform/Developer/SDKs/MacOSX26.1.sdk/usr/include/sys/quota.h
/Applications/Xcode.app/Contents/Developer/Platforms/MacOSX.platform/Developer/SDKs/MacOSX26.1.sdk/usr/include/sys/rbtree.h
/Applications/Xcode.app/Contents/Developer/Platforms/MacOSX.platform/Developer/SDKs/MacOSX26.1.sdk/usr/include/sys/reboot.h
/Applications/Xcode.app/Contents/Developer/Platforms/MacOSX.platform/Developer/SDKs/MacOSX26.1.sdk/usr/include/sys/resourcevar.h
/Applications/Xcode.app/Contents/Developer/Platforms/MacOSX.platform/Developer/SDKs/MacOSX26.1.sdk/usr/include/sys/sbuf.h
/Applications/Xcode.app/Contents/Developer/Platforms/MacOSX.platform/Developer/SDKs/MacOSX26.1.sdk/usr/include/sys/signalvar.h
/Applications/Xcode.app/Contents/Developer/Platforms/MacOSX.platform/Developer/SDKs/MacOSX26.1.sdk/usr/include/sys/syscall.h
/Applications/Xcode.app/Contents/Developer/Platforms/MacOSX.platform/Developer/SDKs/MacOSX26.1.sdk/usr/include/sys/timeb.h
/Applications/Xcode.app/Contents/Developer/Platforms/MacOSX.platform/Developer/SDKs/MacOSX26.1.sdk/usr/include/sys/trace.h
/Applications/Xcode.app/Contents/Developer/Platforms/MacOSX.platform/Developer/SDKs/MacOSX26.1.sdk/usr/include/sys/tty.h
/Applications/Xcode.app/Contents/Developer/Platforms/MacOSX.platform/Developer/SDKs/MacOSX26.1.sdk/usr/include/sys/ucontext.h
/Applications/Xcode.app/Contents/Developer/Platforms/MacOSX.platform/Developer/SDKs/MacOSX26.1.sdk/usr/include/sys/unpcb.h
/Applications/Xcode.app/Contents/Developer/Platforms/MacOSX.platform/Developer/SDKs/MacOSX26.1.sdk/usr/include/sys/user.h
/Applications/Xcode.app/Contents/Developer/Platforms/MacOSX.platform/Developer/SDKs/MacOSX26.1.sdk/usr/include/sys/utfconv.h
/Applications/Xcode.app/Contents/Developer/Platforms/MacOSX.platform/Developer/SDKs/MacOSX26.1.sdk/usr/include/sys/vcmd.h
/Applications/Xcode.app/Contents/Developer/Platforms/MacOSX.platform/Developer/SDKs/MacOSX26.1.sdk/usr/include/sys/vnode.h
/Applications/Xcode.app/Contents/Developer/Platforms/MacOSX.platform/Developer/SDKs/MacOSX26.1.sdk/usr/include/_modules/_darwin_sys_signal.h
/Applications/Xcode.app/Contents/Developer/Platforms/MacOSX.platform/Developer/SDKs/MacOSX26.1.sdk/usr/include/sysdir.h
/Applications/Xcode.app/Contents/Developer/Platforms/MacOSX.platform/Developer/SDKs/MacOSX26.1.sdk/usr/include/libc.h
/Applications/Xcode.app/Contents/Developer/Platforms/MacOSX.platform/Developer/SDKs/MacOSX26.1.sdk/usr/include/paths.h
/Applications/Xcode.app/Contents/Developer/Platforms/MacOSX.platform/Developer/SDKs/MacOSX26.1.sdk/usr/include/sysexits.h
/Applications/Xcode.app/Contents/Developer/Platforms/MacOSX.platform/Developer/SDKs/MacOSX26.1.sdk/SDKSettings.json
/Applications/Xcode.app/Contents/Developer/Toolchains/XcodeDefault.xctoolchain/usr/lib/swift/macosx/prebuilt-modules/26.1/Darwin.swiftmodule/arm64e-apple-macos.swiftmodule
/Applications/Xcode.app/Contents/Developer/Platforms/MacOSX.platform/Developer/SDKs/MacOSX26.1.sdk/usr/include/Dispatch.apinotes
/Applications/Xcode.app/Contents/Developer/Platforms/MacOSX.platform/Developer/SDKs/MacOSX26.1.sdk/usr/include/dispatch.modulemap
/Applications/Xcode.app/Contents/Developer/Platforms/MacOSX.platform/Developer/SDKs/MacOSX26.1.sdk/usr/include/os.modulemap
/Applications/Xcode.app/Contents/Developer/Platforms/MacOSX.platform/Developer/SDKs/MacOSX26.1.sdk/usr/include/Darwin.modulemap
/Applications/Xcode.app/Contents/Developer/Platforms/MacOSX.platform/Developer/SDKs/MacOSX26.1.sdk/usr/include/Darwin_C.modulemap
/Applications/Xcode.app/Contents/Developer/Platforms/MacOSX.platform/Developer/SDKs/MacOSX26.1.sdk/usr/include/Darwin_POSIX.modulemap
/Applications/Xcode.app/Contents/Developer/Platforms/MacOSX.platform/Developer/SDKs/MacOSX26.1.sdk/usr/include/net.modulemap
/Applications/Xcode.app/Contents/Developer/Platforms/MacOSX.platform/Developer/SDKs/MacOSX26.1.sdk/usr/include/netinet.modulemap
/Applications/Xcode.app/Contents/Developer/Platforms/MacOSX.platform/Developer/SDKs/MacOSX26.1.sdk/usr/include/bank.modulemap
/Applications/Xcode.app/Contents/Developer/Platforms/MacOSX.platform/Developer/SDKs/MacOSX26.1.sdk/usr/include/Darwin_Mach.modulemap
/Applications/Xcode.app/Contents/Developer/Platforms/MacOSX.platform/Developer/SDKs/MacOSX26.1.sdk/usr/include/Darwin_Mach_machine.modulemap
/Applications/Xcode.app/Contents/Developer/Platforms/MacOSX.platform/Developer/SDKs/MacOSX26.1.sdk/usr/include/mach_debug.modulemap
/Applications/Xcode.app/Contents/Developer/Platforms/MacOSX.platform/Developer/SDKs/MacOSX26.1.sdk/usr/include/device.modulemap
/Applications/Xcode.app/Contents/Developer/Platforms/MacOSX.platform/Developer/SDKs/MacOSX26.1.sdk/usr/include/Darwin_machine.modulemap
/Applications/Xcode.app/Contents/Developer/Platforms/MacOSX.platform/Developer/SDKs/MacOSX26.1.sdk/usr/include/ncurses.modulemap
/Applications/Xcode.app/Contents/Developer/Platforms/MacOSX.platform/Developer/SDKs/MacOSX26.1.sdk/usr/include/netinet6.modulemap
/Applications/Xcode.app/Contents/Developer/Platforms/MacOSX.platform/Developer/SDKs/MacOSX26.1.sdk/usr/include/Darwin_sys.modulemap
/Applications/Xcode.app/Contents/Developer/Platforms/MacOSX.platform/Developer/SDKs/MacOSX26.1.sdk/usr/include/uuid.modulemap
/Applications/Xcode.app/Contents/Developer/Platforms/MacOSX.platform/Developer/SDKs/MacOSX26.1.sdk/usr/include/DarwinFoundation2.modulemap
/Applications/Xcode.app/Contents/Developer/Platforms/MacOSX.platform/Developer/SDKs/MacOSX26.1.sdk/usr/include/DarwinFoundation3.modulemap
/Applications/Xcode.app/Contents/Developer/Platforms/MacOSX.platform/Developer/SDKs/MacOSX26.1.sdk/usr/include/DarwinFoundation1.modulemap
/Applications/Xcode.app/Contents/Developer/Platforms/MacOSX.platform/Developer/SDKs/MacOSX26.1.sdk/usr/include/dispatch/dispatch.h
/Applications/Xcode.app/Contents/Developer/Toolchains/XcodeDefault.xctoolchain/usr/lib/swift/clang/include/module.modulemap
/Applications/Xcode.app/Contents/Developer/Toolchains/XcodeDefault.xctoolchain/usr/lib/swift/clang/include/stddef.h
/Applications/Xcode.app/Contents/Developer/Toolchains/XcodeDefault.xctoolchain/usr/lib/swift/clang/include/stdarg.h
/Applications/Xcode.app/Contents/Developer/Platforms/MacOSX.platform/Developer/SDKs/MacOSX26.1.sdk/usr/include/string.h
/Applications/Xcode.app/Contents/Developer/Platforms/MacOSX.platform/Developer/SDKs/MacOSX26.1.sdk/usr/include/dispatch/base.h
/Applications/Xcode.app/Contents/Developer/Platforms/MacOSX.platform/Developer/SDKs/MacOSX26.1.sdk/usr/include/dispatch/time.h
/Applications/Xcode.app/Contents/Developer/Platforms/MacOSX.platform/Developer/SDKs/MacOSX26.1.sdk/usr/include/dispatch/object.h
/Applications/Xcode.app/Contents/Developer/Platforms/MacOSX.platform/Developer/SDKs/MacOSX26.1.sdk/usr/include/dispatch/queue.h
/Applications/Xcode.app/Contents/Developer/Platforms/MacOSX.platform/Developer/SDKs/MacOSX26.1.sdk/usr/include/dispatch/block.h
/Applications/Xcode.app/Contents/Developer/Platforms/MacOSX.platform/Developer/SDKs/MacOSX26.1.sdk/usr/include/dispatch/source.h
/Applications/Xcode.app/Contents/Developer/Platforms/MacOSX.platform/Developer/SDKs/MacOSX26.1.sdk/usr/include/dispatch/group.h
/Applications/Xcode.app/Contents/Developer/Platforms/MacOSX.platform/Developer/SDKs/MacOSX26.1.sdk/usr/include/dispatch/semaphore.h
/Applications/Xcode.app/Contents/Developer/Platforms/MacOSX.platform/Developer/SDKs/MacOSX26.1.sdk/usr/include/dispatch/once.h
/Applications/Xcode.app/Contents/Developer/Platforms/MacOSX.platform/Developer/SDKs/MacOSX26.1.sdk/usr/include/dispatch/data.h
/Applications/Xcode.app/Contents/Developer/Platforms/MacOSX.platform/Developer/SDKs/MacOSX26.1.sdk/usr/include/dispatch/io.h
/Applications/Xcode.app/Contents/Developer/Platforms/MacOSX.platform/Developer/SDKs/MacOSX26.1.sdk/usr/include/dispatch/workloop.h
/Applications/Xcode.app/Contents/Developer/Platforms/MacOSX.platform/Developer/SDKs/MacOSX26.1.sdk/usr/include/dispatch/dispatch_swift_shims.h
/Applications/Xcode.app/Contents/Developer/Platforms/MacOSX.platform/Developer/SDKs/MacOSX26.1.sdk/SDKSettings.json
/Applications/Xcode.app/Contents/Developer/Toolchains/XcodeDefault.xctoolchain/usr/lib/swift/macosx/prebuilt-modules/26.1/Dispatch.swiftmodule/arm64e-apple-macos.swiftmodule
/Applications/Xcode.app/Contents/Developer/Platforms/MacOSX.platform/Developer/SDKs/MacOSX26.1.sdk/usr/include/DarwinBasic.modulemap
/Applications/Xcode.app/Contents/Developer/Platforms/MacOSX.platform/Developer/SDKs/MacOSX26.1.sdk/usr/include/Darwin.modulemap
/Applications/Xcode.app/Contents/Developer/Platforms/MacOSX.platform/Developer/SDKs/MacOSX26.1.sdk/usr/include/Darwin_C.modulemap
/Applications/Xcode.app/Contents/Developer/Platforms/MacOSX.platform/Developer/SDKs/MacOSX26.1.sdk/usr/include/Darwin_POSIX.modulemap
/Applications/Xcode.app/Contents/Developer/Platforms/MacOSX.platform/Developer/SDKs/MacOSX26.1.sdk/usr/include/net.modulemap
/Applications/Xcode.app/Contents/Developer/Platforms/MacOSX.platform/Developer/SDKs/MacOSX26.1.sdk/usr/include/netinet.modulemap
/Applications/Xcode.app/Contents/Developer/Platforms/MacOSX.platform/Developer/SDKs/MacOSX26.1.sdk/usr/include/bank.modulemap
/Applications/Xcode.app/Contents/Developer/Platforms/MacOSX.platform/Developer/SDKs/MacOSX26.1.sdk/usr/include/Darwin_Mach.modulemap
/Applications/Xcode.app/Contents/Developer/Platforms/MacOSX.platform/Developer/SDKs/MacOSX26.1.sdk/usr/include/Darwin_Mach_machine.modulemap
/Applications/Xcode.app/Contents/Developer/Platforms/MacOSX.platform/Developer/SDKs/MacOSX26.1.sdk/usr/include/mach_debug.modulemap
/Applications/Xcode.app/Contents/Developer/Platforms/MacOSX.platform/Developer/SDKs/MacOSX26.1.sdk/usr/include/device.modulemap
/Applications/Xcode.app/Contents/Developer/Platforms/MacOSX.platform/Developer/SDKs/MacOSX26.1.sdk/usr/include/Darwin_machine.modulemap
/Applications/Xcode.app/Contents/Developer/Platforms/MacOSX.platform/Developer/SDKs/MacOSX26.1.sdk/usr/include/ncurses.modulemap
/Applications/Xcode.app/Contents/Developer/Platforms/MacOSX.platform/Developer/SDKs/MacOSX26.1.sdk/usr/include/netinet6.modulemap
/Applications/Xcode.app/Contents/Developer/Platforms/MacOSX.platform/Developer/SDKs/MacOSX26.1.sdk/usr/include/Darwin_sys.modulemap
/Applications/Xcode.app/Contents/Developer/Platforms/MacOSX.platform/Developer/SDKs/MacOSX26.1.sdk/usr/include/uuid.modulemap
/Applications/Xcode.app/Contents/Developer/Platforms/MacOSX.platform/Developer/SDKs/MacOSX26.1.sdk/usr/include/DarwinFoundation2.modulemap
/Applications/Xcode.app/Contents/Developer/Platforms/MacOSX.platform/Developer/SDKs/MacOSX26.1.sdk/usr/include/DarwinFoundation3.modulemap
/Applications/Xcode.app/Contents/Developer/Platforms/MacOSX.platform/Developer/SDKs/MacOSX26.1.sdk/usr/include/DarwinFoundation1.modulemap
/Applications/Xcode.app/Contents/Developer/Platforms/MacOSX.platform/Developer/SDKs/MacOSX26.1.sdk/usr/include/mach-o/arch.h
/Applications/Xcode.app/Contents/Developer/Toolchains/XcodeDefault.xctoolchain/usr/lib/swift/clang/include/module.modulemap
/Applications/Xcode.app/Contents/Developer/Platforms/MacOSX.platform/Developer/SDKs/MacOSX26.1.sdk/usr/include/mach-o/arm/reloc.h
/Applications/Xcode.app/Contents/Developer/Platforms/MacOSX.platform/Developer/SDKs/MacOSX26.1.sdk/usr/include/mach-o/arm64/reloc.h
/Applications/Xcode.app/Contents/Developer/Platforms/MacOSX.platform/Developer/SDKs/MacOSX26.1.sdk/usr/include/mach-o/compact_unwind_encoding.h
/Applications/Xcode.app/Contents/Developer/Platforms/MacOSX.platform/Developer/SDKs/MacOSX26.1.sdk/usr/include/mach-o/dyld.h
/Applications/Xcode.app/Contents/Developer/Toolchains/XcodeDefault.xctoolchain/usr/lib/swift/clang/include/stddef.h
/Applications/Xcode.app/Contents/Developer/Platforms/MacOSX.platform/Developer/SDKs/MacOSX26.1.sdk/usr/include/mach-o/loader.h
/Applications/Xcode.app/Contents/Developer/Platforms/MacOSX.platform/Developer/SDKs/MacOSX26.1.sdk/usr/include/mach-o/dyld_images.h
/Applications/Xcode.app/Contents/Developer/Platforms/MacOSX.platform/Developer/SDKs/MacOSX26.1.sdk/usr/include/mach-o/fat.h
/Applications/Xcode.app/Contents/Developer/Platforms/MacOSX.platform/Developer/SDKs/MacOSX26.1.sdk/usr/include/mach-o/fixup-chains.h
/Applications/Xcode.app/Contents/Developer/Platforms/MacOSX.platform/Developer/SDKs/MacOSX26.1.sdk/usr/include/mach-o/getsect.h
/Applications/Xcode.app/Contents/Developer/Platforms/MacOSX.platform/Developer/SDKs/MacOSX26.1.sdk/usr/include/mach-o/ldsyms.h
/Applications/Xcode.app/Contents/Developer/Platforms/MacOSX.platform/Developer/SDKs/MacOSX26.1.sdk/usr/include/mach-o/nlist.h
/Applications/Xcode.app/Contents/Developer/Platforms/MacOSX.platform/Developer/SDKs/MacOSX26.1.sdk/usr/include/mach-o/ranlib.h
/Applications/Xcode.app/Contents/Developer/Platforms/MacOSX.platform/Developer/SDKs/MacOSX26.1.sdk/usr/include/mach-o/reloc.h
/Applications/Xcode.app/Contents/Developer/Platforms/MacOSX.platform/Developer/SDKs/MacOSX26.1.sdk/usr/include/mach-o/stab.h
/Applications/Xcode.app/Contents/Developer/Platforms/MacOSX.platform/Developer/SDKs/MacOSX26.1.sdk/usr/include/mach-o/swap.h
/Applications/Xcode.app/Contents/Developer/Platforms/MacOSX.platform/Developer/SDKs/MacOSX26.1.sdk/usr/include/mach-o/utils.h
/Applications/Xcode.app/Contents/Developer/Platforms/MacOSX.platform/Developer/SDKs/MacOSX26.1.sdk/usr/include/mach-o/x86_64/reloc.h
/Applications/Xcode.app/Contents/Developer/Platforms/MacOSX.platform/Developer/SDKs/MacOSX26.1.sdk/SDKSettings.json
/Applications/Xcode.app/Contents/Developer/Toolchains/XcodeDefault.xctoolchain/usr/lib/swift/macosx/prebuilt-modules/26.1/ObjectiveC.swiftmodule/arm64e-apple-macos.swiftmodule
/Applications/Xcode.app/Contents/Developer/Platforms/MacOSX.platform/Developer/SDKs/MacOSX26.1.sdk/usr/include/ObjectiveC.apinotes
/Applications/Xcode.app/Contents/Developer/Platforms/MacOSX.platform/Developer/SDKs/MacOSX26.1.sdk/usr/include/DarwinBasic.modulemap
/Applications/Xcode.app/Contents/Developer/Platforms/MacOSX.platform/Developer/SDKs/MacOSX26.1.sdk/usr/include/ObjectiveC.modulemap
/Applications/Xcode.app/Contents/Developer/Platforms/MacOSX.platform/Developer/SDKs/MacOSX26.1.sdk/usr/include/Darwin.modulemap
/Applications/Xcode.app/Contents/Developer/Platforms/MacOSX.platform/Developer/SDKs/MacOSX26.1.sdk/usr/include/Darwin_C.modulemap
/Applications/Xcode.app/Contents/Developer/Platforms/MacOSX.platform/Developer/SDKs/MacOSX26.1.sdk/usr/include/Darwin_POSIX.modulemap
/Applications/Xcode.app/Contents/Developer/Platforms/MacOSX.platform/Developer/SDKs/MacOSX26.1.sdk/usr/include/net.modulemap
/Applications/Xcode.app/Contents/Developer/Platforms/MacOSX.platform/Developer/SDKs/MacOSX26.1.sdk/usr/include/netinet.modulemap
/Applications/Xcode.app/Contents/Developer/Platforms/MacOSX.platform/Developer/SDKs/MacOSX26.1.sdk/usr/include/bank.modulemap
/Applications/Xcode.app/Contents/Developer/Platforms/MacOSX.platform/Developer/SDKs/MacOSX26.1.sdk/usr/include/Darwin_Mach.modulemap
/Applications/Xcode.app/Contents/Developer/Platforms/MacOSX.platform/Developer/SDKs/MacOSX26.1.sdk/usr/include/Darwin_Mach_machine.modulemap
/Applications/Xcode.app/Contents/Developer/Platforms/MacOSX.platform/Developer/SDKs/MacOSX26.1.sdk/usr/include/mach_debug.modulemap
/Applications/Xcode.app/Contents/Developer/Platforms/MacOSX.platform/Developer/SDKs/MacOSX26.1.sdk/usr/include/device.modulemap
/Applications/Xcode.app/Contents/Developer/Platforms/MacOSX.platform/Developer/SDKs/MacOSX26.1.sdk/usr/include/Darwin_machine.modulemap
/Applications/Xcode.app/Contents/Developer/Platforms/MacOSX.platform/Developer/SDKs/MacOSX26.1.sdk/usr/include/ncurses.modulemap
/Applications/Xcode.app/Contents/Developer/Platforms/MacOSX.platform/Developer/SDKs/MacOSX26.1.sdk/usr/include/netinet6.modulemap
/Applications/Xcode.app/Contents/Developer/Platforms/MacOSX.platform/Developer/SDKs/MacOSX26.1.sdk/usr/include/Darwin_sys.modulemap
/Applications/Xcode.app/Contents/Developer/Platforms/MacOSX.platform/Developer/SDKs/MacOSX26.1.sdk/usr/include/uuid.modulemap
/Applications/Xcode.app/Contents/Developer/Platforms/MacOSX.platform/Developer/SDKs/MacOSX26.1.sdk/usr/include/DarwinFoundation2.modulemap
/Applications/Xcode.app/Contents/Developer/Platforms/MacOSX.platform/Developer/SDKs/MacOSX26.1.sdk/usr/include/DarwinFoundation3.modulemap
/Applications/Xcode.app/Contents/Developer/Platforms/MacOSX.platform/Developer/SDKs/MacOSX26.1.sdk/usr/include/DarwinFoundation1.modulemap
/Applications/Xcode.app/Contents/Developer/Platforms/MacOSX.platform/Developer/SDKs/MacOSX26.1.sdk/usr/include/objc/List.h
/Applications/Xcode.app/Contents/Developer/Platforms/MacOSX.platform/Developer/SDKs/MacOSX26.1.sdk/usr/include/objc/NSObjCRuntime.h
/Applications/Xcode.app/Contents/Developer/Toolchains/XcodeDefault.xctoolchain/usr/lib/swift/clang/include/module.modulemap
/Applications/Xcode.app/Contents/Developer/Platforms/MacOSX.platform/Developer/SDKs/MacOSX26.1.sdk/usr/include/objc/objc.h
/Applications/Xcode.app/Contents/Developer/Platforms/MacOSX.platform/Developer/SDKs/MacOSX26.1.sdk/usr/include/stdlib.h
/Applications/Xcode.app/Contents/Developer/Platforms/MacOSX.platform/Developer/SDKs/MacOSX26.1.sdk/usr/include/objc/objc-api.h
/Applications/Xcode.app/Contents/Developer/Toolchains/XcodeDefault.xctoolchain/usr/lib/swift/clang/include/stddef.h
/Applications/Xcode.app/Contents/Developer/Platforms/MacOSX.platform/Developer/SDKs/MacOSX26.1.sdk/usr/include/objc/NSObject.h
/Applications/Xcode.app/Contents/Developer/Platforms/MacOSX.platform/Developer/SDKs/MacOSX26.1.sdk/usr/include/objc/Object.h
/Applications/Xcode.app/Contents/Developer/Toolchains/XcodeDefault.xctoolchain/usr/lib/swift/clang/include/stdarg.h
/Applications/Xcode.app/Contents/Developer/Platforms/MacOSX.platform/Developer/SDKs/MacOSX26.1.sdk/usr/include/objc/objc-runtime.h
/Applications/Xcode.app/Contents/Developer/Platforms/MacOSX.platform/Developer/SDKs/MacOSX26.1.sdk/usr/include/objc/runtime.h
/Applications/Xcode.app/Contents/Developer/Platforms/MacOSX.platform/Developer/SDKs/MacOSX26.1.sdk/usr/include/objc/message.h
/Applications/Xcode.app/Contents/Developer/Platforms/MacOSX.platform/Developer/SDKs/MacOSX26.1.sdk/usr/include/objc/Protocol.h
/Applications/Xcode.app/Contents/Developer/Platforms/MacOSX.platform/Developer/SDKs/MacOSX26.1.sdk/usr/include/objc/hashtable.h
/Applications/Xcode.app/Contents/Developer/Platforms/MacOSX.platform/Developer/SDKs/MacOSX26.1.sdk/usr/include/objc/hashtable2.h
/Applications/Xcode.app/Contents/Developer/Platforms/MacOSX.platform/Developer/SDKs/MacOSX26.1.sdk/usr/include/objc/objc-auto.h
/Applications/Xcode.app/Contents/Developer/Platforms/MacOSX.platform/Developer/SDKs/MacOSX26.1.sdk/usr/include/string.h
/Applications/Xcode.app/Contents/Developer/Platforms/MacOSX.platform/Developer/SDKs/MacOSX26.1.sdk/usr/include/objc/objc-class.h
/Applications/Xcode.app/Contents/Developer/Platforms/MacOSX.platform/Developer/SDKs/MacOSX26.1.sdk/usr/include/objc/objc-exception.h
/Applications/Xcode.app/Contents/Developer/Platforms/MacOSX.platform/Developer/SDKs/MacOSX26.1.sdk/usr/include/objc/objc-load.h
/Applications/Xcode.app/Contents/Developer/Platforms/MacOSX.platform/Developer/SDKs/MacOSX26.1.sdk/usr/include/objc/objc-sync.h
/Applications/Xcode.app/Contents/Developer/Platforms/MacOSX.platform/Developer/SDKs/MacOSX26.1.sdk/SDKSettings.json
/Applications/Xcode.app/Contents/Developer/Toolchains/XcodeDefault.xctoolchain/usr/lib/swift/macosx/prebuilt-modules/26.1/Swift.swiftmodule/arm64e-apple-macos.swiftmodule
/Users/rogerlin/Library/Developer/Xcode/DerivedData/FinancialCalculatorKit-ackorybalcxbfocbkqsfdzcfkgmn/SourcePackages/prebuilts/swift-syntax/601.0.1/swiftlang-6.2.1.4.8-MacroSupport-macos_aarch64/Modules/SwiftBasicFormat.swiftmodule
/Users/rogerlin/Library/Developer/Xcode/DerivedData/FinancialCalculatorKit-ackorybalcxbfocbkqsfdzcfkgmn/SourcePackages/prebuilts/swift-syntax/601.0.1/swiftlang-6.2.1.4.8-MacroSupport-macos_aarch64/Modules/SwiftCompilerPlugin.swiftmodule
/Users/rogerlin/Library/Developer/Xcode/DerivedData/FinancialCalculatorKit-ackorybalcxbfocbkqsfdzcfkgmn/SourcePackages/prebuilts/swift-syntax/601.0.1/swiftlang-6.2.1.4.8-MacroSupport-macos_aarch64/Modules/SwiftCompilerPluginMessageHandling.swiftmodule
/Users/rogerlin/Library/Developer/Xcode/DerivedData/FinancialCalculatorKit-ackorybalcxbfocbkqsfdzcfkgmn/SourcePackages/prebuilts/swift-syntax/601.0.1/swiftlang-6.2.1.4.8-MacroSupport-macos_aarch64/Modules/SwiftDiagnostics.swiftmodule
/Applications/Xcode.app/Contents/Developer/Toolchains/XcodeDefault.xctoolchain/usr/lib/swift/macosx/prebuilt-modules/26.1/SwiftOnoneSupport.swiftmodule/arm64e-apple-macos.swiftmodule
/Users/rogerlin/Library/Developer/Xcode/DerivedData/FinancialCalculatorKit-ackorybalcxbfocbkqsfdzcfkgmn/SourcePackages/prebuilts/swift-syntax/601.0.1/swiftlang-6.2.1.4.8-MacroSupport-macos_aarch64/Modules/SwiftOperators.swiftmodule
/Users/rogerlin/Library/Developer/Xcode/DerivedData/FinancialCalculatorKit-ackorybalcxbfocbkqsfdzcfkgmn/SourcePackages/prebuilts/swift-syntax/601.0.1/swiftlang-6.2.1.4.8-MacroSupport-macos_aarch64/Modules/SwiftParser.swiftmodule
/Users/rogerlin/Library/Developer/Xcode/DerivedData/FinancialCalculatorKit-ackorybalcxbfocbkqsfdzcfkgmn/SourcePackages/prebuilts/swift-syntax/601.0.1/swiftlang-6.2.1.4.8-MacroSupport-macos_aarch64/Modules/SwiftParserDiagnostics.swiftmodule
/Applications/Xcode.app/Contents/Developer/Platforms/MacOSX.platform/Developer/SDKs/MacOSX26.1.sdk/usr/lib/swift/shims/module.modulemap
/Applications/Xcode.app/Contents/Developer/Platforms/MacOSX.platform/Developer/SDKs/MacOSX26.1.sdk/usr/lib/swift/shims/AssertionReporting.h
/Applications/Xcode.app/Contents/Developer/Platforms/MacOSX.platform/Developer/SDKs/MacOSX26.1.sdk/usr/lib/swift/shims/SwiftStdint.h
/Applications/Xcode.app/Contents/Developer/Platforms/MacOSX.platform/Developer/SDKs/MacOSX26.1.sdk/usr/lib/swift/shims/Visibility.h
/Applications/Xcode.app/Contents/Developer/Platforms/MacOSX.platform/Developer/SDKs/MacOSX26.1.sdk/usr/lib/swift/shims/CoreFoundationShims.h
/Applications/Xcode.app/Contents/Developer/Platforms/MacOSX.platform/Developer/SDKs/MacOSX26.1.sdk/usr/lib/swift/shims/ObjCShims.h
/Applications/Xcode.app/Contents/Developer/Platforms/MacOSX.platform/Developer/SDKs/MacOSX26.1.sdk/usr/lib/swift/shims/EmbeddedShims.h
/Applications/Xcode.app/Contents/Developer/Platforms/MacOSX.platform/Developer/SDKs/MacOSX26.1.sdk/usr/lib/swift/shims/SwiftStddef.h
/Applications/Xcode.app/Contents/Developer/Platforms/MacOSX.platform/Developer/SDKs/MacOSX26.1.sdk/usr/lib/swift/shims/FoundationShims.h
/Applications/Xcode.app/Contents/Developer/Platforms/MacOSX.platform/Developer/SDKs/MacOSX26.1.sdk/usr/lib/swift/shims/GlobalObjects.h
/Applications/Xcode.app/Contents/Developer/Platforms/MacOSX.platform/Developer/SDKs/MacOSX26.1.sdk/usr/lib/swift/shims/SwiftStdbool.h
/Applications/Xcode.app/Contents/Developer/Platforms/MacOSX.platform/Developer/SDKs/MacOSX26.1.sdk/usr/lib/swift/shims/HeapObject.h
/Applications/Xcode.app/Contents/Developer/Platforms/MacOSX.platform/Developer/SDKs/MacOSX26.1.sdk/usr/lib/swift/shims/RefCount.h
/Applications/Xcode.app/Contents/Developer/Platforms/MacOSX.platform/Developer/SDKs/MacOSX26.1.sdk/usr/lib/swift/shims/System.h
/Applications/Xcode.app/Contents/Developer/Platforms/MacOSX.platform/Developer/SDKs/MacOSX26.1.sdk/usr/lib/swift/shims/Target.h
/Applications/Xcode.app/Contents/Developer/Platforms/MacOSX.platform/Developer/SDKs/MacOSX26.1.sdk/usr/lib/swift/shims/KeyPath.h
/Applications/Xcode.app/Contents/Developer/Platforms/MacOSX.platform/Developer/SDKs/MacOSX26.1.sdk/usr/lib/swift/shims/LibcShims.h
/Applications/Xcode.app/Contents/Developer/Platforms/MacOSX.platform/Developer/SDKs/MacOSX26.1.sdk/usr/lib/swift/shims/MetadataSections.h
/Applications/Xcode.app/Contents/Developer/Platforms/MacOSX.platform/Developer/SDKs/MacOSX26.1.sdk/usr/lib/swift/shims/Random.h
/Applications/Xcode.app/Contents/Developer/Platforms/MacOSX.platform/Developer/SDKs/MacOSX26.1.sdk/usr/lib/swift/shims/Reflection.h
/Applications/Xcode.app/Contents/Developer/Platforms/MacOSX.platform/Developer/SDKs/MacOSX26.1.sdk/usr/lib/swift/shims/RuntimeShims.h
/Applications/Xcode.app/Contents/Developer/Platforms/MacOSX.platform/Developer/SDKs/MacOSX26.1.sdk/usr/lib/swift/shims/RuntimeStubs.h
/Applications/Xcode.app/Contents/Developer/Platforms/MacOSX.platform/Developer/SDKs/MacOSX26.1.sdk/usr/lib/swift/shims/ThreadLocalStorage.h
/Applications/Xcode.app/Contents/Developer/Platforms/MacOSX.platform/Developer/SDKs/MacOSX26.1.sdk/usr/lib/swift/shims/UnicodeData.h
/Applications/Xcode.app/Contents/Developer/Platforms/MacOSX.platform/Developer/SDKs/MacOSX26.1.sdk/SDKSettings.json
/Users/rogerlin/Library/Developer/Xcode/DerivedData/FinancialCalculatorKit-ackorybalcxbfocbkqsfdzcfkgmn/SourcePackages/prebuilts/swift-syntax/601.0.1/swiftlang-6.2.1.4.8-MacroSupport-macos_aarch64/Modules/SwiftSyntax.swiftmodule
/Users/rogerlin/Library/Developer/Xcode/DerivedData/FinancialCalculatorKit-ackorybalcxbfocbkqsfdzcfkgmn/SourcePackages/prebuilts/swift-syntax/601.0.1/swiftlang-6.2.1.4.8-MacroSupport-macos_aarch64/Modules/SwiftSyntaxBuilder.swiftmodule
/Users/rogerlin/Library/Developer/Xcode/DerivedData/FinancialCalculatorKit-ackorybalcxbfocbkqsfdzcfkgmn/SourcePackages/prebuilts/swift-syntax/601.0.1/swiftlang-6.2.1.4.8-MacroSupport-macos_aarch64/Modules/SwiftSyntaxMacroExpansion.swiftmodule
/Users/rogerlin/Library/Developer/Xcode/DerivedData/FinancialCalculatorKit-ackorybalcxbfocbkqsfdzcfkgmn/SourcePackages/prebuilts/swift-syntax/601.0.1/swiftlang-6.2.1.4.8-MacroSupport-macos_aarch64/Modules/SwiftSyntaxMacros.swiftmodule
/Applications/Xcode.app/Contents/Developer/Toolchains/XcodeDefault.xctoolchain/usr/lib/swift/macosx/prebuilt-modules/26.1/XPC.swiftmodule/arm64e-apple-macos.swiftmodule
/Applications/Xcode.app/Contents/Developer/Platforms/MacOSX.platform/Developer/SDKs/MacOSX26.1.sdk/usr/include/XPC.apinotes
/Applications/Xcode.app/Contents/Developer/Platforms/MacOSX.platform/Developer/SDKs/MacOSX26.1.sdk/usr/include/launch.modulemap
/Applications/Xcode.app/Contents/Developer/Platforms/MacOSX.platform/Developer/SDKs/MacOSX26.1.sdk/usr/include/xpc.modulemap
/Applications/Xcode.app/Contents/Developer/Platforms/MacOSX.platform/Developer/SDKs/MacOSX26.1.sdk/usr/include/dispatch.modulemap
/Applications/Xcode.app/Contents/Developer/Platforms/MacOSX.platform/Developer/SDKs/MacOSX26.1.sdk/usr/include/os.modulemap
/Applications/Xcode.app/Contents/Developer/Platforms/MacOSX.platform/Developer/SDKs/MacOSX26.1.sdk/usr/include/Darwin.modulemap
/Applications/Xcode.app/Contents/Developer/Platforms/MacOSX.platform/Developer/SDKs/MacOSX26.1.sdk/usr/include/Darwin_C.modulemap
/Applications/Xcode.app/Contents/Developer/Platforms/MacOSX.platform/Developer/SDKs/MacOSX26.1.sdk/usr/include/Darwin_POSIX.modulemap
/Applications/Xcode.app/Contents/Developer/Platforms/MacOSX.platform/Developer/SDKs/MacOSX26.1.sdk/usr/include/net.modulemap
/Applications/Xcode.app/Contents/Developer/Platforms/MacOSX.platform/Developer/SDKs/MacOSX26.1.sdk/usr/include/netinet.modulemap
/Applications/Xcode.app/Contents/Developer/Platforms/MacOSX.platform/Developer/SDKs/MacOSX26.1.sdk/usr/include/bank.modulemap
/Applications/Xcode.app/Contents/Developer/Platforms/MacOSX.platform/Developer/SDKs/MacOSX26.1.sdk/usr/include/Darwin_Mach.modulemap
/Applications/Xcode.app/Contents/Developer/Platforms/MacOSX.platform/Developer/SDKs/MacOSX26.1.sdk/usr/include/Darwin_Mach_machine.modulemap
/Applications/Xcode.app/Contents/Developer/Platforms/MacOSX.platform/Developer/SDKs/MacOSX26.1.sdk/usr/include/mach_debug.modulemap
/Applications/Xcode.app/Contents/Developer/Platforms/MacOSX.platform/Developer/SDKs/MacOSX26.1.sdk/usr/include/device.modulemap
/Applications/Xcode.app/Contents/Developer/Platforms/MacOSX.platform/Developer/SDKs/MacOSX26.1.sdk/usr/include/Darwin_machine.modulemap
/Applications/Xcode.app/Contents/Developer/Platforms/MacOSX.platform/Developer/SDKs/MacOSX26.1.sdk/usr/include/ncurses.modulemap
/Applications/Xcode.app/Contents/Developer/Platforms/MacOSX.platform/Developer/SDKs/MacOSX26.1.sdk/usr/include/netinet6.modulemap
/Applications/Xcode.app/Contents/Developer/Platforms/MacOSX.platform/Developer/SDKs/MacOSX26.1.sdk/usr/include/Darwin_sys.modulemap
/Applications/Xcode.app/Contents/Developer/Platforms/MacOSX.platform/Developer/SDKs/MacOSX26.1.sdk/usr/include/uuid.modulemap
/Applications/Xcode.app/Contents/Developer/Platforms/MacOSX.platform/Developer/SDKs/MacOSX26.1.sdk/usr/include/DarwinFoundation2.modulemap
/Applications/Xcode.app/Contents/Developer/Platforms/MacOSX.platform/Developer/SDKs/MacOSX26.1.sdk/usr/include/DarwinFoundation3.modulemap
/Applications/Xcode.app/Contents/Developer/Platforms/MacOSX.platform/Developer/SDKs/MacOSX26.1.sdk/usr/include/DarwinFoundation1.modulemap
/Applications/Xcode.app/Contents/Developer/Platforms/MacOSX.platform/Developer/SDKs/MacOSX26.1.sdk/usr/include/xpc/xpc.h
/Applications/Xcode.app/Contents/Developer/Toolchains/XcodeDefault.xctoolchain/usr/lib/swift/clang/include/module.modulemap
/Applications/Xcode.app/Contents/Developer/Toolchains/XcodeDefault.xctoolchain/usr/lib/swift/clang/include/stdarg.h
/Applications/Xcode.app/Contents/Developer/Platforms/MacOSX.platform/Developer/SDKs/MacOSX26.1.sdk/usr/include/stdlib.h
/Applications/Xcode.app/Contents/Developer/Platforms/MacOSX.platform/Developer/SDKs/MacOSX26.1.sdk/usr/include/stdio.h
/Applications/Xcode.app/Contents/Developer/Platforms/MacOSX.platform/Developer/SDKs/MacOSX26.1.sdk/usr/include/string.h
/Applications/Xcode.app/Contents/Developer/Platforms/MacOSX.platform/Developer/SDKs/MacOSX26.1.sdk/usr/include/xpc/base.h
/Applications/Xcode.app/Contents/Developer/Platforms/MacOSX.platform/Developer/SDKs/MacOSX26.1.sdk/usr/include/xpc/availability.h
/Applications/Xcode.app/Contents/Developer/Platforms/MacOSX.platform/Developer/SDKs/MacOSX26.1.sdk/usr/include/xpc/endpoint.h
/Applications/Xcode.app/Contents/Developer/Platforms/MacOSX.platform/Developer/SDKs/MacOSX26.1.sdk/usr/include/xpc/debug.h
/Applications/Xcode.app/Contents/Developer/Platforms/MacOSX.platform/Developer/SDKs/MacOSX26.1.sdk/usr/include/xpc/activity.h
/Applications/Xcode.app/Contents/Developer/Platforms/MacOSX.platform/Developer/SDKs/MacOSX26.1.sdk/usr/include/xpc/peer_requirement.h
/Applications/Xcode.app/Contents/Developer/Platforms/MacOSX.platform/Developer/SDKs/MacOSX26.1.sdk/usr/include/xpc/connection.h
/Applications/Xcode.app/Contents/Developer/Platforms/MacOSX.platform/Developer/SDKs/MacOSX26.1.sdk/usr/include/xpc/rich_error.h
/Applications/Xcode.app/Contents/Developer/Platforms/MacOSX.platform/Developer/SDKs/MacOSX26.1.sdk/usr/include/xpc/session.h
/Applications/Xcode.app/Contents/Developer/Platforms/MacOSX.platform/Developer/SDKs/MacOSX26.1.sdk/usr/include/xpc/listener.h
/Applications/Xcode.app/Contents/Developer/Platforms/MacOSX.platform/Developer/SDKs/MacOSX26.1.sdk/SDKSettings.json
/Applications/Xcode.app/Contents/Developer/Platforms/MacOSX.platform/Developer/SDKs/MacOSX26.1.sdk/usr/include/DarwinFoundation1.modulemap
/Applications/Xcode.app/Contents/Developer/Platforms/MacOSX.platform/Developer/SDKs/MacOSX26.1.sdk/usr/include/AvailabilityInternal.h
/Applications/Xcode.app/Contents/Developer/Platforms/MacOSX.platform/Developer/SDKs/MacOSX26.1.sdk/usr/include/AvailabilityVersions.h
/Applications/Xcode.app/Contents/Developer/Platforms/MacOSX.platform/Developer/SDKs/MacOSX26.1.sdk/usr/include/AvailabilityInternalLegacy.h
/Applications/Xcode.app/Contents/Developer/Platforms/MacOSX.platform/Developer/SDKs/MacOSX26.1.sdk/SDKSettings.json
/Applications/Xcode.app/Contents/Developer/Toolchains/XcodeDefault.xctoolchain/usr/lib/swift/macosx/prebuilt-modules/26.1/_Builtin_float.swiftmodule/arm64e-apple-macos.swiftmodule
/Applications/Xcode.app/Contents/Developer/Toolchains/XcodeDefault.xctoolchain/usr/lib/swift/clang/include/module.modulemap
/Applications/Xcode.app/Contents/Developer/Toolchains/XcodeDefault.xctoolchain/usr/lib/swift/clang/include/float.h
/Applications/Xcode.app/Contents/Developer/Platforms/MacOSX.platform/Developer/SDKs/MacOSX26.1.sdk/SDKSettings.json
/Applications/Xcode.app/Contents/Developer/Toolchains/XcodeDefault.xctoolchain/usr/lib/swift/clang/include/module.modulemap
/Applications/Xcode.app/Contents/Developer/Toolchains/XcodeDefault.xctoolchain/usr/lib/swift/clang/include/inttypes.h
/Applications/Xcode.app/Contents/Developer/Platforms/MacOSX.platform/Developer/SDKs/MacOSX26.1.sdk/usr/include/DarwinFoundation3.modulemap
/Applications/Xcode.app/Contents/Developer/Platforms/MacOSX.platform/Developer/SDKs/MacOSX26.1.sdk/usr/include/inttypes.h
/Applications/Xcode.app/Contents/Developer/Platforms/MacOSX.platform/Developer/SDKs/MacOSX26.1.sdk/SDKSettings.json
/Applications/Xcode.app/Contents/Developer/Toolchains/XcodeDefault.xctoolchain/usr/lib/swift/clang/include/module.modulemap
/Applications/Xcode.app/Contents/Developer/Toolchains/XcodeDefault.xctoolchain/usr/lib/swift/clang/include/limits.h
/Applications/Xcode.app/Contents/Developer/Platforms/MacOSX.platform/Developer/SDKs/MacOSX26.1.sdk/usr/include/DarwinFoundation1.modulemap
/Applications/Xcode.app/Contents/Developer/Platforms/MacOSX.platform/Developer/SDKs/MacOSX26.1.sdk/SDKSettings.json
/Applications/Xcode.app/Contents/Developer/Toolchains/XcodeDefault.xctoolchain/usr/lib/swift/clang/include/module.modulemap
/Applications/Xcode.app/Contents/Developer/Toolchains/XcodeDefault.xctoolchain/usr/lib/swift/clang/include/__stdarg___gnuc_va_list.h
/Applications/Xcode.app/Contents/Developer/Toolchains/XcodeDefault.xctoolchain/usr/lib/swift/clang/include/__stdarg___va_copy.h
/Applications/Xcode.app/Contents/Developer/Toolchains/XcodeDefault.xctoolchain/usr/lib/swift/clang/include/__stdarg_header_macro.h
/Applications/Xcode.app/Contents/Developer/Toolchains/XcodeDefault.xctoolchain/usr/lib/swift/clang/include/__stdarg_va_arg.h
/Applications/Xcode.app/Contents/Developer/Toolchains/XcodeDefault.xctoolchain/usr/lib/swift/clang/include/__stdarg_va_copy.h
/Applications/Xcode.app/Contents/Developer/Toolchains/XcodeDefault.xctoolchain/usr/lib/swift/clang/include/__stdarg_va_list.h
/Applications/Xcode.app/Contents/Developer/Platforms/MacOSX.platform/Developer/SDKs/MacOSX26.1.sdk/SDKSettings.json
/Applications/Xcode.app/Contents/Developer/Toolchains/XcodeDefault.xctoolchain/usr/lib/swift/clang/include/module.modulemap
/Applications/Xcode.app/Contents/Developer/Toolchains/XcodeDefault.xctoolchain/usr/lib/swift/clang/include/stdatomic.h
/Applications/Xcode.app/Contents/Developer/Toolchains/XcodeDefault.xctoolchain/usr/lib/swift/clang/include/stddef.h
/Applications/Xcode.app/Contents/Developer/Platforms/MacOSX.platform/Developer/SDKs/MacOSX26.1.sdk/SDKSettings.json
/Applications/Xcode.app/Contents/Developer/Toolchains/XcodeDefault.xctoolchain/usr/lib/swift/clang/include/module.modulemap
/Applications/Xcode.app/Contents/Developer/Toolchains/XcodeDefault.xctoolchain/usr/lib/swift/clang/include/stdbool.h
/Applications/Xcode.app/Contents/Developer/Platforms/MacOSX.platform/Developer/SDKs/MacOSX26.1.sdk/SDKSettings.json
/Applications/Xcode.app/Contents/Developer/Toolchains/XcodeDefault.xctoolchain/usr/lib/swift/clang/include/module.modulemap
/Applications/Xcode.app/Contents/Developer/Toolchains/XcodeDefault.xctoolchain/usr/lib/swift/clang/include/__stddef_header_macro.h
/Applications/Xcode.app/Contents/Developer/Toolchains/XcodeDefault.xctoolchain/usr/lib/swift/clang/include/__stddef_max_align_t.h
/Applications/Xcode.app/Contents/Developer/Toolchains/XcodeDefault.xctoolchain/usr/lib/swift/clang/include/__stddef_null.h
/Applications/Xcode.app/Contents/Developer/Toolchains/XcodeDefault.xctoolchain/usr/lib/swift/clang/include/__stddef_nullptr_t.h
/Applications/Xcode.app/Contents/Developer/Toolchains/XcodeDefault.xctoolchain/usr/lib/swift/clang/include/__stddef_offsetof.h
/Applications/Xcode.app/Contents/Developer/Toolchains/XcodeDefault.xctoolchain/usr/lib/swift/clang/include/__stddef_ptrdiff_t.h
/Applications/Xcode.app/Contents/Developer/Toolchains/XcodeDefault.xctoolchain/usr/lib/swift/clang/include/__stddef_rsize_t.h
/Applications/Xcode.app/Contents/Developer/Toolchains/XcodeDefault.xctoolchain/usr/lib/swift/clang/include/__stddef_size_t.h
/Applications/Xcode.app/Contents/Developer/Toolchains/XcodeDefault.xctoolchain/usr/lib/swift/clang/include/__stddef_unreachable.h
/Applications/Xcode.app/Contents/Developer/Toolchains/XcodeDefault.xctoolchain/usr/lib/swift/clang/include/__stddef_wchar_t.h
/Applications/Xcode.app/Contents/Developer/Platforms/MacOSX.platform/Developer/SDKs/MacOSX26.1.sdk/SDKSettings.json
/Applications/Xcode.app/Contents/Developer/Toolchains/XcodeDefault.xctoolchain/usr/lib/swift/clang/include/module.modulemap
/Applications/Xcode.app/Contents/Developer/Toolchains/XcodeDefault.xctoolchain/usr/lib/swift/clang/include/stdint.h
/Applications/Xcode.app/Contents/Developer/Platforms/MacOSX.platform/Developer/SDKs/MacOSX26.1.sdk/usr/include/DarwinFoundation2.modulemap
/Applications/Xcode.app/Contents/Developer/Platforms/MacOSX.platform/Developer/SDKs/MacOSX26.1.sdk/SDKSettings.json
/Applications/Xcode.app/Contents/Developer/Toolchains/XcodeDefault.xctoolchain/usr/lib/swift/macosx/prebuilt-modules/26.1/_Concurrency.swiftmodule/arm64e-apple-macos.swiftmodule
/Applications/Xcode.app/Contents/Developer/Platforms/MacOSX.platform/Developer/SDKs/MacOSX26.1.sdk/usr/include/DarwinFoundation1.modulemap
/Applications/Xcode.app/Contents/Developer/Platforms/MacOSX.platform/Developer/SDKs/MacOSX26.1.sdk/usr/include/sys/appleapiopts.h
/Applications/Xcode.app/Contents/Developer/Platforms/MacOSX.platform/Developer/SDKs/MacOSX26.1.sdk/usr/include/os/availability.h
/Applications/Xcode.app/Contents/Developer/Platforms/MacOSX.platform/Developer/SDKs/MacOSX26.1.sdk/usr/include/Availability.h
/Applications/Xcode.app/Contents/Developer/Platforms/MacOSX.platform/Developer/SDKs/MacOSX26.1.sdk/usr/include/AvailabilityMacros.h
/Applications/Xcode.app/Contents/Developer/Platforms/MacOSX.platform/Developer/SDKs/MacOSX26.1.sdk/usr/include/TargetConditionals.h
/Applications/Xcode.app/Contents/Developer/Platforms/MacOSX.platform/Developer/SDKs/MacOSX26.1.sdk/usr/include/_bounds.h
/Applications/Xcode.app/Contents/Developer/Platforms/MacOSX.platform/Developer/SDKs/MacOSX26.1.sdk/usr/include/sys/cdefs.h
/Applications/Xcode.app/Contents/Developer/Platforms/MacOSX.platform/Developer/SDKs/MacOSX26.1.sdk/usr/include/sys/_symbol_aliasing.h
/Applications/Xcode.app/Contents/Developer/Platforms/MacOSX.platform/Developer/SDKs/MacOSX26.1.sdk/usr/include/sys/_posix_availability.h
/Applications/Xcode.app/Contents/Developer/Toolchains/XcodeDefault.xctoolchain/usr/lib/swift/clang/include/module.modulemap
/Applications/Xcode.app/Contents/Developer/Platforms/MacOSX.platform/Developer/SDKs/MacOSX26.1.sdk/usr/include/sys/qos.h
/Applications/Xcode.app/Contents/Developer/Platforms/MacOSX.platform/Developer/SDKs/MacOSX26.1.sdk/usr/include/machine/_endian.h
/Applications/Xcode.app/Contents/Developer/Platforms/MacOSX.platform/Developer/SDKs/MacOSX26.1.sdk/usr/include/arm/_endian.h
/Applications/Xcode.app/Contents/Developer/Platforms/MacOSX.platform/Developer/SDKs/MacOSX26.1.sdk/usr/include/sys/__endian.h
/Applications/Xcode.app/Contents/Developer/Platforms/MacOSX.platform/Developer/SDKs/MacOSX26.1.sdk/usr/include/i386/_endian.h
/Applications/Xcode.app/Contents/Developer/Platforms/MacOSX.platform/Developer/SDKs/MacOSX26.1.sdk/usr/include/__xlocale.h
/Applications/Xcode.app/Contents/Developer/Platforms/MacOSX.platform/Developer/SDKs/MacOSX26.1.sdk/usr/include/_mb_cur_max.h
/Applications/Xcode.app/Contents/Developer/Platforms/MacOSX.platform/Developer/SDKs/MacOSX26.1.sdk/usr/include/_types/_locale_t.h
/Applications/Xcode.app/Contents/Developer/Platforms/MacOSX.platform/Developer/SDKs/MacOSX26.1.sdk/usr/include/sys/_types/_u_char.h
/Applications/Xcode.app/Contents/Developer/Platforms/MacOSX.platform/Developer/SDKs/MacOSX26.1.sdk/usr/include/sys/_types/_u_short.h
/Applications/Xcode.app/Contents/Developer/Platforms/MacOSX.platform/Developer/SDKs/MacOSX26.1.sdk/usr/include/sys/_types/_u_int.h
/Applications/Xcode.app/Contents/Developer/Platforms/MacOSX.platform/Developer/SDKs/MacOSX26.1.sdk/usr/include/sys/_types/_u_int8_t.h
/Applications/Xcode.app/Contents/Developer/Platforms/MacOSX.platform/Developer/SDKs/MacOSX26.1.sdk/usr/include/sys/_types/_u_int16_t.h
/Applications/Xcode.app/Contents/Developer/Platforms/MacOSX.platform/Developer/SDKs/MacOSX26.1.sdk/usr/include/sys/_types/_u_int32_t.h
/Applications/Xcode.app/Contents/Developer/Platforms/MacOSX.platform/Developer/SDKs/MacOSX26.1.sdk/usr/include/sys/_types/_u_int64_t.h
/Applications/Xcode.app/Contents/Developer/Platforms/MacOSX.platform/Developer/SDKs/MacOSX26.1.sdk/usr/include/_assert.h
/Applications/Xcode.app/Contents/Developer/Platforms/MacOSX.platform/Developer/SDKs/MacOSX26.1.sdk/usr/include/_static_assert.h
/Applications/Xcode.app/Contents/Developer/Platforms/MacOSX.platform/Developer/SDKs/MacOSX26.1.sdk/usr/include/complex.h
/Applications/Xcode.app/Contents/Developer/Platforms/MacOSX.platform/Developer/SDKs/MacOSX26.1.sdk/usr/include/errno.h
/Applications/Xcode.app/Contents/Developer/Platforms/MacOSX.platform/Developer/SDKs/MacOSX26.1.sdk/usr/include/sys/errno.h
/Applications/Xcode.app/Contents/Developer/Platforms/MacOSX.platform/Developer/SDKs/MacOSX26.1.sdk/usr/include/sys/_types/_errno_t.h
/Applications/Xcode.app/Contents/Developer/Platforms/MacOSX.platform/Developer/SDKs/MacOSX26.1.sdk/usr/include/fenv.h
/Applications/Xcode.app/Contents/Developer/Platforms/MacOSX.platform/Developer/SDKs/MacOSX26.1.sdk/usr/include/limits.h
/Applications/Xcode.app/Contents/Developer/Platforms/MacOSX.platform/Developer/SDKs/MacOSX26.1.sdk/usr/include/machine/limits.h
/Applications/Xcode.app/Contents/Developer/Platforms/MacOSX.platform/Developer/SDKs/MacOSX26.1.sdk/usr/include/arm/limits.h
/Applications/Xcode.app/Contents/Developer/Platforms/MacOSX.platform/Developer/SDKs/MacOSX26.1.sdk/usr/include/arm/_limits.h
/Applications/Xcode.app/Contents/Developer/Platforms/MacOSX.platform/Developer/SDKs/MacOSX26.1.sdk/usr/include/sys/syslimits.h
/Applications/Xcode.app/Contents/Developer/Platforms/MacOSX.platform/Developer/SDKs/MacOSX26.1.sdk/usr/include/i386/limits.h
/Applications/Xcode.app/Contents/Developer/Platforms/MacOSX.platform/Developer/SDKs/MacOSX26.1.sdk/usr/include/machine/_limits.h
/Applications/Xcode.app/Contents/Developer/Platforms/MacOSX.platform/Developer/SDKs/MacOSX26.1.sdk/usr/include/i386/_limits.h
/Applications/Xcode.app/Contents/Developer/Platforms/MacOSX.platform/Developer/SDKs/MacOSX26.1.sdk/usr/include/math.h
/Applications/Xcode.app/Contents/Developer/Platforms/MacOSX.platform/Developer/SDKs/MacOSX26.1.sdk/usr/include/setjmp.h
/Applications/Xcode.app/Contents/Developer/Platforms/MacOSX.platform/Developer/SDKs/MacOSX26.1.sdk/SDKSettings.json
/Applications/Xcode.app/Contents/Developer/Toolchains/XcodeDefault.xctoolchain/usr/lib/swift/macosx/prebuilt-modules/26.1/_DarwinFoundation1.swiftmodule/arm64e-apple-macos.swiftmodule
/Applications/Xcode.app/Contents/Developer/Toolchains/XcodeDefault.xctoolchain/usr/lib/swift/macosx/prebuilt-modules/26.1/_DarwinFoundation2.swiftmodule/arm64e-apple-macos.swiftmodule
/Applications/Xcode.app/Contents/Developer/Platforms/MacOSX.platform/Developer/SDKs/MacOSX26.1.sdk/usr/include/_DarwinFoundation2.apinotes
/Applications/Xcode.app/Contents/Developer/Platforms/MacOSX.platform/Developer/SDKs/MacOSX26.1.sdk/usr/include/DarwinFoundation2.modulemap
/Applications/Xcode.app/Contents/Developer/Platforms/MacOSX.platform/Developer/SDKs/MacOSX26.1.sdk/usr/include/DarwinFoundation1.modulemap
/Applications/Xcode.app/Contents/Developer/Platforms/MacOSX.platform/Developer/SDKs/MacOSX26.1.sdk/usr/include/nl_types.h
/Applications/Xcode.app/Contents/Developer/Platforms/MacOSX.platform/Developer/SDKs/MacOSX26.1.sdk/usr/include/sys/types.h
/Applications/Xcode.app/Contents/Developer/Platforms/MacOSX.platform/Developer/SDKs/MacOSX26.1.sdk/usr/include/machine/types.h
/Applications/Xcode.app/Contents/Developer/Platforms/MacOSX.platform/Developer/SDKs/MacOSX26.1.sdk/usr/include/arm/types.h
/Applications/Xcode.app/Contents/Developer/Platforms/MacOSX.platform/Developer/SDKs/MacOSX26.1.sdk/usr/include/arm/_types.h
/Applications/Xcode.app/Contents/Developer/Platforms/MacOSX.platform/Developer/SDKs/MacOSX26.1.sdk/usr/include/sys/_types/_ptrdiff_t.h
/Applications/Xcode.app/Contents/Developer/Toolchains/XcodeDefault.xctoolchain/usr/lib/swift/clang/include/module.modulemap
/Applications/Xcode.app/Contents/Developer/Toolchains/XcodeDefault.xctoolchain/usr/lib/swift/clang/include/stddef.h
/Applications/Xcode.app/Contents/Developer/Platforms/MacOSX.platform/Developer/SDKs/MacOSX26.1.sdk/usr/include/sys/_types/_size_t.h
/Applications/Xcode.app/Contents/Developer/Platforms/MacOSX.platform/Developer/SDKs/MacOSX26.1.sdk/usr/include/sys/_types/_va_list.h
/Applications/Xcode.app/Contents/Developer/Toolchains/XcodeDefault.xctoolchain/usr/lib/swift/clang/include/stdarg.h
/Applications/Xcode.app/Contents/Developer/Platforms/MacOSX.platform/Developer/SDKs/MacOSX26.1.sdk/usr/include/sys/_types/_wchar_t.h
/Applications/Xcode.app/Contents/Developer/Platforms/MacOSX.platform/Developer/SDKs/MacOSX26.1.sdk/usr/include/sys/_types/_int8_t.h
/Applications/Xcode.app/Contents/Developer/Platforms/MacOSX.platform/Developer/SDKs/MacOSX26.1.sdk/usr/include/sys/_types/_int16_t.h
/Applications/Xcode.app/Contents/Developer/Platforms/MacOSX.platform/Developer/SDKs/MacOSX26.1.sdk/usr/include/sys/_types/_int32_t.h
/Applications/Xcode.app/Contents/Developer/Platforms/MacOSX.platform/Developer/SDKs/MacOSX26.1.sdk/usr/include/sys/_types/_int64_t.h
/Applications/Xcode.app/Contents/Developer/Platforms/MacOSX.platform/Developer/SDKs/MacOSX26.1.sdk/usr/include/sys/_types/_intptr_t.h
/Applications/Xcode.app/Contents/Developer/Platforms/MacOSX.platform/Developer/SDKs/MacOSX26.1.sdk/usr/include/machine/_types.h
/Applications/Xcode.app/Contents/Developer/Platforms/MacOSX.platform/Developer/SDKs/MacOSX26.1.sdk/usr/include/sys/_types/_uintptr_t.h
/Applications/Xcode.app/Contents/Developer/Platforms/MacOSX.platform/Developer/SDKs/MacOSX26.1.sdk/usr/include/sys/_types.h
/Applications/Xcode.app/Contents/Developer/Platforms/MacOSX.platform/Developer/SDKs/MacOSX26.1.sdk/usr/include/sys/_types/_null.h
/Applications/Xcode.app/Contents/Developer/Platforms/MacOSX.platform/Developer/SDKs/MacOSX26.1.sdk/usr/include/sys/_pthread/_pthread_types.h
/Applications/Xcode.app/Contents/Developer/Platforms/MacOSX.platform/Developer/SDKs/MacOSX26.1.sdk/usr/include/machine/endian.h
/Applications/Xcode.app/Contents/Developer/Platforms/MacOSX.platform/Developer/SDKs/MacOSX26.1.sdk/usr/include/arm/endian.h
/Applications/Xcode.app/Contents/Developer/Platforms/MacOSX.platform/Developer/SDKs/MacOSX26.1.sdk/usr/include/sys/_endian.h
/Applications/Xcode.app/Contents/Developer/Platforms/MacOSX.platform/Developer/SDKs/MacOSX26.1.sdk/usr/include/libkern/_OSByteOrder.h
/Applications/Xcode.app/Contents/Developer/Platforms/MacOSX.platform/Developer/SDKs/MacOSX26.1.sdk/usr/include/libkern/arm/_OSByteOrder.h
/Applications/Xcode.app/Contents/Developer/Platforms/MacOSX.platform/Developer/SDKs/MacOSX26.1.sdk/usr/include/sys/_types/_caddr_t.h
/Applications/Xcode.app/Contents/Developer/Platforms/MacOSX.platform/Developer/SDKs/MacOSX26.1.sdk/usr/include/sys/_types/_dev_t.h
/Applications/Xcode.app/Contents/Developer/Platforms/MacOSX.platform/Developer/SDKs/MacOSX26.1.sdk/usr/include/sys/_types/_blkcnt_t.h
/Applications/Xcode.app/Contents/Developer/Platforms/MacOSX.platform/Developer/SDKs/MacOSX26.1.sdk/usr/include/sys/_types/_blksize_t.h
/Applications/Xcode.app/Contents/Developer/Platforms/MacOSX.platform/Developer/SDKs/MacOSX26.1.sdk/usr/include/sys/_types/_gid_t.h
/Applications/Xcode.app/Contents/Developer/Platforms/MacOSX.platform/Developer/SDKs/MacOSX26.1.sdk/usr/include/sys/_types/_in_addr_t.h
/Applications/Xcode.app/Contents/Developer/Platforms/MacOSX.platform/Developer/SDKs/MacOSX26.1.sdk/usr/include/sys/_types/_in_port_t.h
/Applications/Xcode.app/Contents/Developer/Platforms/MacOSX.platform/Developer/SDKs/MacOSX26.1.sdk/usr/include/sys/_types/_ino_t.h
/Applications/Xcode.app/Contents/Developer/Platforms/MacOSX.platform/Developer/SDKs/MacOSX26.1.sdk/usr/include/sys/_types/_ino64_t.h
/Applications/Xcode.app/Contents/Developer/Platforms/MacOSX.platform/Developer/SDKs/MacOSX26.1.sdk/usr/include/sys/_types/_key_t.h
/Applications/Xcode.app/Contents/Developer/Platforms/MacOSX.platform/Developer/SDKs/MacOSX26.1.sdk/usr/include/sys/_types/_mode_t.h
/Applications/Xcode.app/Contents/Developer/Platforms/MacOSX.platform/Developer/SDKs/MacOSX26.1.sdk/usr/include/sys/_types/_nlink_t.h
/Applications/Xcode.app/Contents/Developer/Platforms/MacOSX.platform/Developer/SDKs/MacOSX26.1.sdk/usr/include/sys/_types/_id_t.h
/Applications/Xcode.app/Contents/Developer/Platforms/MacOSX.platform/Developer/SDKs/MacOSX26.1.sdk/usr/include/sys/_types/_pid_t.h
/Applications/Xcode.app/Contents/Developer/Platforms/MacOSX.platform/Developer/SDKs/MacOSX26.1.sdk/usr/include/sys/_types/_off_t.h
/Applications/Xcode.app/Contents/Developer/Platforms/MacOSX.platform/Developer/SDKs/MacOSX26.1.sdk/usr/include/sys/_types/_uid_t.h
/Applications/Xcode.app/Contents/Developer/Platforms/MacOSX.platform/Developer/SDKs/MacOSX26.1.sdk/usr/include/sys/_types/_clock_t.h
/Applications/Xcode.app/Contents/Developer/Platforms/MacOSX.platform/Developer/SDKs/MacOSX26.1.sdk/usr/include/sys/_types/_ssize_t.h
/Applications/Xcode.app/Contents/Developer/Platforms/MacOSX.platform/Developer/SDKs/MacOSX26.1.sdk/usr/include/sys/_types/_time_t.h
/Applications/Xcode.app/Contents/Developer/Platforms/MacOSX.platform/Developer/SDKs/MacOSX26.1.sdk/usr/include/sys/_types/_useconds_t.h
/Applications/Xcode.app/Contents/Developer/Platforms/MacOSX.platform/Developer/SDKs/MacOSX26.1.sdk/usr/include/sys/_types/_suseconds_t.h
/Applications/Xcode.app/Contents/Developer/Platforms/MacOSX.platform/Developer/SDKs/MacOSX26.1.sdk/usr/include/sys/_types/_rsize_t.h
/Applications/Xcode.app/Contents/Developer/Platforms/MacOSX.platform/Developer/SDKs/MacOSX26.1.sdk/usr/include/sys/_types/_fd_def.h
/Applications/Xcode.app/Contents/Developer/Platforms/MacOSX.platform/Developer/SDKs/MacOSX26.1.sdk/usr/include/sys/_types/_fd_setsize.h
/Applications/Xcode.app/Contents/Developer/Platforms/MacOSX.platform/Developer/SDKs/MacOSX26.1.sdk/usr/include/sys/_types/_fd_set.h
/Applications/Xcode.app/Contents/Developer/Platforms/MacOSX.platform/Developer/SDKs/MacOSX26.1.sdk/usr/include/sys/_types/_fd_clr.h
/Applications/Xcode.app/Contents/Developer/Platforms/MacOSX.platform/Developer/SDKs/MacOSX26.1.sdk/usr/include/sys/_types/_fd_zero.h
/Applications/Xcode.app/Contents/Developer/Platforms/MacOSX.platform/Developer/SDKs/MacOSX26.1.sdk/usr/include/sys/_types/_fd_isset.h
/Applications/Xcode.app/Contents/Developer/Platforms/MacOSX.platform/Developer/SDKs/MacOSX26.1.sdk/usr/include/sys/_types/_fd_copy.h
/Applications/Xcode.app/Contents/Developer/Platforms/MacOSX.platform/Developer/SDKs/MacOSX26.1.sdk/usr/include/sys/_pthread/_pthread_attr_t.h
/Applications/Xcode.app/Contents/Developer/Platforms/MacOSX.platform/Developer/SDKs/MacOSX26.1.sdk/usr/include/sys/_pthread/_pthread_cond_t.h
/Applications/Xcode.app/Contents/Developer/Platforms/MacOSX.platform/Developer/SDKs/MacOSX26.1.sdk/usr/include/sys/_pthread/_pthread_condattr_t.h
/Applications/Xcode.app/Contents/Developer/Platforms/MacOSX.platform/Developer/SDKs/MacOSX26.1.sdk/usr/include/sys/_pthread/_pthread_mutex_t.h
/Applications/Xcode.app/Contents/Developer/Platforms/MacOSX.platform/Developer/SDKs/MacOSX26.1.sdk/usr/include/sys/_pthread/_pthread_mutexattr_t.h
/Applications/Xcode.app/Contents/Developer/Platforms/MacOSX.platform/Developer/SDKs/MacOSX26.1.sdk/usr/include/sys/_pthread/_pthread_once_t.h
/Applications/Xcode.app/Contents/Developer/Platforms/MacOSX.platform/Developer/SDKs/MacOSX26.1.sdk/usr/include/sys/_pthread/_pthread_rwlock_t.h
/Applications/Xcode.app/Contents/Developer/Platforms/MacOSX.platform/Developer/SDKs/MacOSX26.1.sdk/usr/include/sys/_pthread/_pthread_rwlockattr_t.h
/Applications/Xcode.app/Contents/Developer/Platforms/MacOSX.platform/Developer/SDKs/MacOSX26.1.sdk/usr/include/sys/_pthread/_pthread_t.h
/Applications/Xcode.app/Contents/Developer/Platforms/MacOSX.platform/Developer/SDKs/MacOSX26.1.sdk/usr/include/sys/_pthread/_pthread_key_t.h
/Applications/Xcode.app/Contents/Developer/Platforms/MacOSX.platform/Developer/SDKs/MacOSX26.1.sdk/usr/include/sys/_types/_fsblkcnt_t.h
/Applications/Xcode.app/Contents/Developer/Platforms/MacOSX.platform/Developer/SDKs/MacOSX26.1.sdk/usr/include/sys/_types/_fsfilcnt_t.h
/Applications/Xcode.app/Contents/Developer/Platforms/MacOSX.platform/Developer/SDKs/MacOSX26.1.sdk/usr/include/_types.h
/Applications/Xcode.app/Contents/Developer/Platforms/MacOSX.platform/Developer/SDKs/MacOSX26.1.sdk/usr/include/_types/_nl_item.h
/Applications/Xcode.app/Contents/Developer/Platforms/MacOSX.platform/Developer/SDKs/MacOSX26.1.sdk/usr/include/runetype.h
/Applications/Xcode.app/Contents/Developer/Platforms/MacOSX.platform/Developer/SDKs/MacOSX26.1.sdk/usr/include/sys/_types/_ct_rune_t.h
/Applications/Xcode.app/Contents/Developer/Platforms/MacOSX.platform/Developer/SDKs/MacOSX26.1.sdk/usr/include/sys/_types/_rune_t.h
/Applications/Xcode.app/Contents/Developer/Platforms/MacOSX.platform/Developer/SDKs/MacOSX26.1.sdk/usr/include/sys/_types/_wint_t.h
/Applications/Xcode.app/Contents/Developer/Platforms/MacOSX.platform/Developer/SDKs/MacOSX26.1.sdk/usr/include/alloca.h
/Applications/Xcode.app/Contents/Developer/Platforms/MacOSX.platform/Developer/SDKs/MacOSX26.1.sdk/usr/include/i386/endian.h
/Applications/Xcode.app/Contents/Developer/Platforms/MacOSX.platform/Developer/SDKs/MacOSX26.1.sdk/usr/include/libkern/i386/_OSByteOrder.h
/Applications/Xcode.app/Contents/Developer/Platforms/MacOSX.platform/Developer/SDKs/MacOSX26.1.sdk/usr/include/secure/_common.h
/Applications/Xcode.app/Contents/Developer/Platforms/MacOSX.platform/Developer/SDKs/MacOSX26.1.sdk/usr/include/sys/_types/_mach_port_t.h
/Applications/Xcode.app/Contents/Developer/Platforms/MacOSX.platform/Developer/SDKs/MacOSX26.1.sdk/usr/include/sys/_types/_offsetof.h
/Applications/Xcode.app/Contents/Developer/Platforms/MacOSX.platform/Developer/SDKs/MacOSX26.1.sdk/usr/include/_strings.h
/Applications/Xcode.app/Contents/Developer/Platforms/MacOSX.platform/Developer/SDKs/MacOSX26.1.sdk/usr/include/secure/_strings.h
/Applications/Xcode.app/Contents/Developer/Platforms/MacOSX.platform/Developer/SDKs/MacOSX26.1.sdk/usr/include/sys/_types/_timeval.h
/Applications/Xcode.app/Contents/Developer/Platforms/MacOSX.platform/Developer/SDKs/MacOSX26.1.sdk/usr/include/sys/_types/_uuid_t.h
/Applications/Xcode.app/Contents/Developer/Platforms/MacOSX.platform/Developer/SDKs/MacOSX26.1.sdk/usr/include/i386/types.h
/Applications/Xcode.app/Contents/Developer/Platforms/MacOSX.platform/Developer/SDKs/MacOSX26.1.sdk/usr/include/i386/_types.h
/Applications/Xcode.app/Contents/Developer/Platforms/MacOSX.platform/Developer/SDKs/MacOSX26.1.sdk/usr/include/_ctype.h
/Applications/Xcode.app/Contents/Developer/Platforms/MacOSX.platform/Developer/SDKs/MacOSX26.1.sdk/usr/include/xlocale/_ctype.h
/Applications/Xcode.app/Contents/Developer/Platforms/MacOSX.platform/Developer/SDKs/MacOSX26.1.sdk/usr/include/locale.h
/Applications/Xcode.app/Contents/Developer/Platforms/MacOSX.platform/Developer/SDKs/MacOSX26.1.sdk/usr/include/_locale.h
/Applications/Xcode.app/Contents/Developer/Platforms/MacOSX.platform/Developer/SDKs/MacOSX26.1.sdk/usr/include/_locale_posix2008.h
/Applications/Xcode.app/Contents/Developer/Platforms/MacOSX.platform/Developer/SDKs/MacOSX26.1.sdk/usr/include/stdint.h
/Applications/Xcode.app/Contents/Developer/Platforms/MacOSX.platform/Developer/SDKs/MacOSX26.1.sdk/usr/include/_types/_uint8_t.h
/Applications/Xcode.app/Contents/Developer/Platforms/MacOSX.platform/Developer/SDKs/MacOSX26.1.sdk/usr/include/_types/_uint16_t.h
/Applications/Xcode.app/Contents/Developer/Platforms/MacOSX.platform/Developer/SDKs/MacOSX26.1.sdk/usr/include/_types/_uint32_t.h
/Applications/Xcode.app/Contents/Developer/Platforms/MacOSX.platform/Developer/SDKs/MacOSX26.1.sdk/usr/include/_types/_uint64_t.h
/Applications/Xcode.app/Contents/Developer/Platforms/MacOSX.platform/Developer/SDKs/MacOSX26.1.sdk/usr/include/_types/_intmax_t.h
/Applications/Xcode.app/Contents/Developer/Platforms/MacOSX.platform/Developer/SDKs/MacOSX26.1.sdk/usr/include/_types/_uintmax_t.h
/Applications/Xcode.app/Contents/Developer/Platforms/MacOSX.platform/Developer/SDKs/MacOSX26.1.sdk/usr/include/_stdio.h
/Applications/Xcode.app/Contents/Developer/Platforms/MacOSX.platform/Developer/SDKs/MacOSX26.1.sdk/usr/include/sys/stdio.h
/Applications/Xcode.app/Contents/Developer/Platforms/MacOSX.platform/Developer/SDKs/MacOSX26.1.sdk/usr/include/_printf.h
/Applications/Xcode.app/Contents/Developer/Platforms/MacOSX.platform/Developer/SDKs/MacOSX26.1.sdk/usr/include/sys/_types/_seek_set.h
/Applications/Xcode.app/Contents/Developer/Platforms/MacOSX.platform/Developer/SDKs/MacOSX26.1.sdk/usr/include/_ctermid.h
/Applications/Xcode.app/Contents/Developer/Platforms/MacOSX.platform/Developer/SDKs/MacOSX26.1.sdk/usr/include/secure/_stdio.h
/Applications/Xcode.app/Contents/Developer/Platforms/MacOSX.platform/Developer/SDKs/MacOSX26.1.sdk/usr/include/xlocale/_stdio.h
/Applications/Xcode.app/Contents/Developer/Platforms/MacOSX.platform/Developer/SDKs/MacOSX26.1.sdk/usr/include/_string.h
/Applications/Xcode.app/Contents/Developer/Platforms/MacOSX.platform/Developer/SDKs/MacOSX26.1.sdk/usr/include/secure/_string.h
/Applications/Xcode.app/Contents/Developer/Platforms/MacOSX.platform/Developer/SDKs/MacOSX26.1.sdk/usr/include/xlocale/_string.h
/Applications/Xcode.app/Contents/Developer/Platforms/MacOSX.platform/Developer/SDKs/MacOSX26.1.sdk/usr/include/tgmath.h
/Applications/Xcode.app/Contents/Developer/Platforms/MacOSX.platform/Developer/SDKs/MacOSX26.1.sdk/usr/include/_time.h
/Applications/Xcode.app/Contents/Developer/Platforms/MacOSX.platform/Developer/SDKs/MacOSX26.1.sdk/usr/include/sys/_types/_timespec.h
/Applications/Xcode.app/Contents/Developer/Platforms/MacOSX.platform/Developer/SDKs/MacOSX26.1.sdk/usr/include/xlocale/_time.h
/Applications/Xcode.app/Contents/Developer/Platforms/MacOSX.platform/Developer/SDKs/MacOSX26.1.sdk/SDKSettings.json
/Applications/Xcode.app/Contents/Developer/Platforms/MacOSX.platform/Developer/SDKs/MacOSX26.1.sdk/usr/include/DarwinFoundation2.modulemap
/Applications/Xcode.app/Contents/Developer/Platforms/MacOSX.platform/Developer/SDKs/MacOSX26.1.sdk/usr/include/DarwinFoundation3.modulemap
/Applications/Xcode.app/Contents/Developer/Platforms/MacOSX.platform/Developer/SDKs/MacOSX26.1.sdk/usr/include/DarwinFoundation1.modulemap
/Applications/Xcode.app/Contents/Developer/Platforms/MacOSX.platform/Developer/SDKs/MacOSX26.1.sdk/usr/include/pthread/pthread.h
/Applications/Xcode.app/Contents/Developer/Platforms/MacOSX.platform/Developer/SDKs/MacOSX26.1.sdk/usr/include/pthread/sched.h
/Applications/Xcode.app/Contents/Developer/Platforms/MacOSX.platform/Developer/SDKs/MacOSX26.1.sdk/usr/include/pthread/pthread_impl.h
/Applications/Xcode.app/Contents/Developer/Platforms/MacOSX.platform/Developer/SDKs/MacOSX26.1.sdk/usr/include/time.h
/Applications/Xcode.app/Contents/Developer/Platforms/MacOSX.platform/Developer/SDKs/MacOSX26.1.sdk/usr/include/pthread/qos.h
/Applications/Xcode.app/Contents/Developer/Platforms/MacOSX.platform/Developer/SDKs/MacOSX26.1.sdk/usr/include/sys/_types/_sigset_t.h
/Applications/Xcode.app/Contents/Developer/Platforms/MacOSX.platform/Developer/SDKs/MacOSX26.1.sdk/usr/include/sys/resource.h
/Applications/Xcode.app/Contents/Developer/Toolchains/XcodeDefault.xctoolchain/usr/lib/swift/clang/include/module.modulemap
/Applications/Xcode.app/Contents/Developer/Platforms/MacOSX.platform/Developer/SDKs/MacOSX26.1.sdk/usr/include/sys/select.h
/Applications/Xcode.app/Contents/Developer/Platforms/MacOSX.platform/Developer/SDKs/MacOSX26.1.sdk/usr/include/sys/_select.h
/Applications/Xcode.app/Contents/Developer/Platforms/MacOSX.platform/Developer/SDKs/MacOSX26.1.sdk/usr/include/sys/wait.h
/Applications/Xcode.app/Contents/Developer/Platforms/MacOSX.platform/Developer/SDKs/MacOSX26.1.sdk/usr/include/sys/signal.h
/Applications/Xcode.app/Contents/Developer/Platforms/MacOSX.platform/Developer/SDKs/MacOSX26.1.sdk/usr/include/machine/signal.h
/Applications/Xcode.app/Contents/Developer/Platforms/MacOSX.platform/Developer/SDKs/MacOSX26.1.sdk/usr/include/arm/signal.h
/Applications/Xcode.app/Contents/Developer/Platforms/MacOSX.platform/Developer/SDKs/MacOSX26.1.sdk/usr/include/machine/_mcontext.h
/Applications/Xcode.app/Contents/Developer/Platforms/MacOSX.platform/Developer/SDKs/MacOSX26.1.sdk/usr/include/arm/_mcontext.h
/Applications/Xcode.app/Contents/Developer/Platforms/MacOSX.platform/Developer/SDKs/MacOSX26.1.sdk/usr/include/mach/machine/_structs.h
/Applications/Xcode.app/Contents/Developer/Platforms/MacOSX.platform/Developer/SDKs/MacOSX26.1.sdk/usr/include/mach/arm/_structs.h
/Applications/Xcode.app/Contents/Developer/Platforms/MacOSX.platform/Developer/SDKs/MacOSX26.1.sdk/usr/include/sys/_types/_sigaltstack.h
/Applications/Xcode.app/Contents/Developer/Platforms/MacOSX.platform/Developer/SDKs/MacOSX26.1.sdk/usr/include/sys/_types/_ucontext.h
/Applications/Xcode.app/Contents/Developer/Platforms/MacOSX.platform/Developer/SDKs/MacOSX26.1.sdk/usr/include/unistd.h
/Applications/Xcode.app/Contents/Developer/Platforms/MacOSX.platform/Developer/SDKs/MacOSX26.1.sdk/usr/include/sys/unistd.h
/Applications/Xcode.app/Contents/Developer/Platforms/MacOSX.platform/Developer/SDKs/MacOSX26.1.sdk/usr/include/sys/_types/_posix_vdisable.h
/Applications/Xcode.app/Contents/Developer/Platforms/MacOSX.platform/Developer/SDKs/MacOSX26.1.sdk/usr/include/gethostuuid.h
/Applications/Xcode.app/Contents/Developer/Platforms/MacOSX.platform/Developer/SDKs/MacOSX26.1.sdk/usr/include/mach/i386/_structs.h
/Applications/Xcode.app/Contents/Developer/Platforms/MacOSX.platform/Developer/SDKs/MacOSX26.1.sdk/usr/include/_inttypes.h
/Applications/Xcode.app/Contents/Developer/Platforms/MacOSX.platform/Developer/SDKs/MacOSX26.1.sdk/usr/include/xlocale/_inttypes.h
/Applications/Xcode.app/Contents/Developer/Toolchains/XcodeDefault.xctoolchain/usr/lib/swift/clang/include/stddef.h
/Applications/Xcode.app/Contents/Developer/Platforms/MacOSX.platform/Developer/SDKs/MacOSX26.1.sdk/usr/include/signal.h
/Applications/Xcode.app/Contents/Developer/Platforms/MacOSX.platform/Developer/SDKs/MacOSX26.1.sdk/usr/include/i386/signal.h
/Applications/Xcode.app/Contents/Developer/Platforms/MacOSX.platform/Developer/SDKs/MacOSX26.1.sdk/usr/include/i386/_mcontext.h
/Applications/Xcode.app/Contents/Developer/Platforms/MacOSX.platform/Developer/SDKs/MacOSX26.1.sdk/usr/include/_stdlib.h
/Applications/Xcode.app/Contents/Developer/Platforms/MacOSX.platform/Developer/SDKs/MacOSX26.1.sdk/usr/include/malloc/_malloc.h
/Applications/Xcode.app/Contents/Developer/Platforms/MacOSX.platform/Developer/SDKs/MacOSX26.1.sdk/usr/include/malloc/_malloc_type.h
/Applications/Xcode.app/Contents/Developer/Platforms/MacOSX.platform/Developer/SDKs/MacOSX26.1.sdk/usr/include/malloc/_ptrcheck.h
/Applications/Xcode.app/Contents/Developer/Platforms/MacOSX.platform/Developer/SDKs/MacOSX26.1.sdk/usr/include/_abort.h
/Applications/Xcode.app/Contents/Developer/Platforms/MacOSX.platform/Developer/SDKs/MacOSX26.1.sdk/usr/include/xlocale/_stdlib.h
/Applications/Xcode.app/Contents/Developer/Platforms/MacOSX.platform/Developer/SDKs/MacOSX26.1.sdk/usr/include/_wchar.h
/Applications/Xcode.app/Contents/Developer/Platforms/MacOSX.platform/Developer/SDKs/MacOSX26.1.sdk/usr/include/sys/_types/_mbstate_t.h
/Applications/Xcode.app/Contents/Developer/Toolchains/XcodeDefault.xctoolchain/usr/lib/swift/clang/include/stdarg.h
/Applications/Xcode.app/Contents/Developer/Platforms/MacOSX.platform/Developer/SDKs/MacOSX26.1.sdk/usr/include/stdio.h
/Applications/Xcode.app/Contents/Developer/Platforms/MacOSX.platform/Developer/SDKs/MacOSX26.1.sdk/usr/include/__wctype.h
/Applications/Xcode.app/Contents/Developer/Platforms/MacOSX.platform/Developer/SDKs/MacOSX26.1.sdk/usr/include/___wctype.h
/Applications/Xcode.app/Contents/Developer/Platforms/MacOSX.platform/Developer/SDKs/MacOSX26.1.sdk/usr/include/_types/_wctype_t.h
/Applications/Xcode.app/Contents/Developer/Platforms/MacOSX.platform/Developer/SDKs/MacOSX26.1.sdk/usr/include/ctype.h
/Applications/Xcode.app/Contents/Developer/Platforms/MacOSX.platform/Developer/SDKs/MacOSX26.1.sdk/usr/include/xlocale/_wchar.h
/Applications/Xcode.app/Contents/Developer/Platforms/MacOSX.platform/Developer/SDKs/MacOSX26.1.sdk/usr/include/_wctype.h
/Applications/Xcode.app/Contents/Developer/Platforms/MacOSX.platform/Developer/SDKs/MacOSX26.1.sdk/usr/include/_types/_wctrans_t.h
/Applications/Xcode.app/Contents/Developer/Platforms/MacOSX.platform/Developer/SDKs/MacOSX26.1.sdk/usr/include/xlocale/_wctype.h
/Applications/Xcode.app/Contents/Developer/Platforms/MacOSX.platform/Developer/SDKs/MacOSX26.1.sdk/usr/include/xlocale/___wctype.h
/Applications/Xcode.app/Contents/Developer/Platforms/MacOSX.platform/Developer/SDKs/MacOSX26.1.sdk/SDKSettings.json
/Applications/Xcode.app/Contents/Developer/Toolchains/XcodeDefault.xctoolchain/usr/lib/swift/macosx/prebuilt-modules/26.1/_DarwinFoundation3.swiftmodule/arm64e-apple-macos.swiftmodule
/Applications/Xcode.app/Contents/Developer/Toolchains/XcodeDefault.xctoolchain/usr/lib/swift/macosx/prebuilt-modules/26.1/_StringProcessing.swiftmodule/arm64e-apple-macos.swiftmodule
/Applications/Xcode.app/Contents/Developer/Platforms/MacOSX.platform/Developer/SDKs/MacOSX26.1.sdk/usr/lib/swift/shims/module.modulemap
/Applications/Xcode.app/Contents/Developer/Platforms/MacOSX.platform/Developer/SDKs/MacOSX26.1.sdk/usr/lib/swift/shims/_SwiftConcurrency.h
/Applications/Xcode.app/Contents/Developer/Platforms/MacOSX.platform/Developer/SDKs/MacOSX26.1.sdk/SDKSettings.json
/Users/rogerlin/Library/Developer/Xcode/DerivedData/FinancialCalculatorKit-ackorybalcxbfocbkqsfdzcfkgmn/SourcePackages/checkouts/swift-syntax/Sources/_SwiftSyntaxCShims/include/module.modulemap
/Users/rogerlin/Library/Developer/Xcode/DerivedData/FinancialCalculatorKit-ackorybalcxbfocbkqsfdzcfkgmn/SourcePackages/checkouts/swift-syntax/Sources/_SwiftSyntaxCShims/include/_includes.h
/Users/rogerlin/Library/Developer/Xcode/DerivedData/FinancialCalculatorKit-ackorybalcxbfocbkqsfdzcfkgmn/SourcePackages/checkouts/swift-syntax/Sources/_SwiftSyntaxCShims/include/AtomicBool.h
/Users/rogerlin/Library/Developer/Xcode/DerivedData/FinancialCalculatorKit-ackorybalcxbfocbkqsfdzcfkgmn/SourcePackages/checkouts/swift-syntax/Sources/_SwiftSyntaxCShims/include/swiftsyntax_errno.h
/Users/rogerlin/Library/Developer/Xcode/DerivedData/FinancialCalculatorKit-ackorybalcxbfocbkqsfdzcfkgmn/SourcePackages/checkouts/swift-syntax/Sources/_SwiftSyntaxCShims/include/swiftsyntax_stdio.h
/Applications/Xcode.app/Contents/Developer/Platforms/MacOSX.platform/Developer/SDKs/MacOSX26.1.sdk/usr/include/DarwinFoundation2.modulemap
/Applications/Xcode.app/Contents/Developer/Platforms/MacOSX.platform/Developer/SDKs/MacOSX26.1.sdk/usr/include/DarwinFoundation3.modulemap
/Applications/Xcode.app/Contents/Developer/Platforms/MacOSX.platform/Developer/SDKs/MacOSX26.1.sdk/usr/include/DarwinFoundation1.modulemap
/Applications/Xcode.app/Contents/Developer/Platforms/MacOSX.platform/Developer/SDKs/MacOSX26.1.sdk/usr/include/stdio.h
/Applications/Xcode.app/Contents/Developer/Platforms/MacOSX.platform/Developer/SDKs/MacOSX26.1.sdk/usr/include/stdlib.h
/Applications/Xcode.app/Contents/Developer/Platforms/MacOSX.platform/Developer/SDKs/MacOSX26.1.sdk/usr/include/string.h
/Applications/Xcode.app/Contents/Developer/Toolchains/XcodeDefault.xctoolchain/usr/lib/swift/clang/include/module.modulemap
/Applications/Xcode.app/Contents/Developer/Platforms/MacOSX.platform/Developer/SDKs/MacOSX26.1.sdk/SDKSettings.json
/Applications/Xcode.app/Contents/Developer/Platforms/MacOSX.platform/Developer/SDKs/MacOSX26.1.sdk/usr/include/launch.modulemap
/Applications/Xcode.app/Contents/Developer/Platforms/MacOSX.platform/Developer/SDKs/MacOSX26.1.sdk/usr/include/Darwin.modulemap
/Applications/Xcode.app/Contents/Developer/Platforms/MacOSX.platform/Developer/SDKs/MacOSX26.1.sdk/usr/include/Darwin_C.modulemap
/Applications/Xcode.app/Contents/Developer/Platforms/MacOSX.platform/Developer/SDKs/MacOSX26.1.sdk/usr/include/Darwin_POSIX.modulemap
/Applications/Xcode.app/Contents/Developer/Platforms/MacOSX.platform/Developer/SDKs/MacOSX26.1.sdk/usr/include/net.modulemap
/Applications/Xcode.app/Contents/Developer/Platforms/MacOSX.platform/Developer/SDKs/MacOSX26.1.sdk/usr/include/netinet.modulemap
/Applications/Xcode.app/Contents/Developer/Platforms/MacOSX.platform/Developer/SDKs/MacOSX26.1.sdk/usr/include/bank.modulemap
/Applications/Xcode.app/Contents/Developer/Platforms/MacOSX.platform/Developer/SDKs/MacOSX26.1.sdk/usr/include/Darwin_Mach.modulemap
/Applications/Xcode.app/Contents/Developer/Platforms/MacOSX.platform/Developer/SDKs/MacOSX26.1.sdk/usr/include/Darwin_Mach_machine.modulemap
/Applications/Xcode.app/Contents/Developer/Platforms/MacOSX.platform/Developer/SDKs/MacOSX26.1.sdk/usr/include/mach_debug.modulemap
/Applications/Xcode.app/Contents/Developer/Platforms/MacOSX.platform/Developer/SDKs/MacOSX26.1.sdk/usr/include/device.modulemap
/Applications/Xcode.app/Contents/Developer/Platforms/MacOSX.platform/Developer/SDKs/MacOSX26.1.sdk/usr/include/Darwin_machine.modulemap
/Applications/Xcode.app/Contents/Developer/Platforms/MacOSX.platform/Developer/SDKs/MacOSX26.1.sdk/usr/include/ncurses.modulemap
/Applications/Xcode.app/Contents/Developer/Platforms/MacOSX.platform/Developer/SDKs/MacOSX26.1.sdk/usr/include/netinet6.modulemap
/Applications/Xcode.app/Contents/Developer/Platforms/MacOSX.platform/Developer/SDKs/MacOSX26.1.sdk/usr/include/Darwin_sys.modulemap
/Applications/Xcode.app/Contents/Developer/Platforms/MacOSX.platform/Developer/SDKs/MacOSX26.1.sdk/usr/include/uuid.modulemap
/Applications/Xcode.app/Contents/Developer/Platforms/MacOSX.platform/Developer/SDKs/MacOSX26.1.sdk/usr/include/DarwinFoundation1.modulemap
/Applications/Xcode.app/Contents/Developer/Platforms/MacOSX.platform/Developer/SDKs/MacOSX26.1.sdk/usr/include/launch.h
/Applications/Xcode.app/Contents/Developer/Toolchains/XcodeDefault.xctoolchain/usr/lib/swift/clang/include/module.modulemap
/Applications/Xcode.app/Contents/Developer/Toolchains/XcodeDefault.xctoolchain/usr/lib/swift/clang/include/stddef.h
/Applications/Xcode.app/Contents/Developer/Platforms/MacOSX.platform/Developer/SDKs/MacOSX26.1.sdk/SDKSettings.json
/Applications/Xcode.app/Contents/Developer/Platforms/MacOSX.platform/Developer/SDKs/MacOSX26.1.sdk/usr/include/os.apinotes
/Applications/Xcode.app/Contents/Developer/Platforms/MacOSX.platform/Developer/SDKs/MacOSX26.1.sdk/usr/include/xpc.modulemap
/Applications/Xcode.app/Contents/Developer/Platforms/MacOSX.platform/Developer/SDKs/MacOSX26.1.sdk/usr/include/DarwinBasic.modulemap
/Applications/Xcode.app/Contents/Developer/Platforms/MacOSX.platform/Developer/SDKs/MacOSX26.1.sdk/usr/include/os.modulemap
/Applications/Xcode.app/Contents/Developer/Platforms/MacOSX.platform/Developer/SDKs/MacOSX26.1.sdk/usr/include/Darwin.modulemap
/Applications/Xcode.app/Contents/Developer/Platforms/MacOSX.platform/Developer/SDKs/MacOSX26.1.sdk/usr/include/Darwin_C.modulemap
/Applications/Xcode.app/Contents/Developer/Platforms/MacOSX.platform/Developer/SDKs/MacOSX26.1.sdk/usr/include/Darwin_POSIX.modulemap
/Applications/Xcode.app/Contents/Developer/Platforms/MacOSX.platform/Developer/SDKs/MacOSX26.1.sdk/usr/include/net.modulemap
/Applications/Xcode.app/Contents/Developer/Platforms/MacOSX.platform/Developer/SDKs/MacOSX26.1.sdk/usr/include/netinet.modulemap
/Applications/Xcode.app/Contents/Developer/Platforms/MacOSX.platform/Developer/SDKs/MacOSX26.1.sdk/usr/include/bank.modulemap
/Applications/Xcode.app/Contents/Developer/Platforms/MacOSX.platform/Developer/SDKs/MacOSX26.1.sdk/usr/include/Darwin_Mach.modulemap
/Applications/Xcode.app/Contents/Developer/Platforms/MacOSX.platform/Developer/SDKs/MacOSX26.1.sdk/usr/include/Darwin_Mach_machine.modulemap
/Applications/Xcode.app/Contents/Developer/Platforms/MacOSX.platform/Developer/SDKs/MacOSX26.1.sdk/usr/include/mach_debug.modulemap
/Applications/Xcode.app/Contents/Developer/Platforms/MacOSX.platform/Developer/SDKs/MacOSX26.1.sdk/usr/include/device.modulemap
/Applications/Xcode.app/Contents/Developer/Platforms/MacOSX.platform/Developer/SDKs/MacOSX26.1.sdk/usr/include/Darwin_machine.modulemap
/Applications/Xcode.app/Contents/Developer/Platforms/MacOSX.platform/Developer/SDKs/MacOSX26.1.sdk/usr/include/ncurses.modulemap
/Applications/Xcode.app/Contents/Developer/Platforms/MacOSX.platform/Developer/SDKs/MacOSX26.1.sdk/usr/include/netinet6.modulemap
/Applications/Xcode.app/Contents/Developer/Platforms/MacOSX.platform/Developer/SDKs/MacOSX26.1.sdk/usr/include/Darwin_sys.modulemap
/Applications/Xcode.app/Contents/Developer/Platforms/MacOSX.platform/Developer/SDKs/MacOSX26.1.sdk/usr/include/uuid.modulemap
/Applications/Xcode.app/Contents/Developer/Platforms/MacOSX.platform/Developer/SDKs/MacOSX26.1.sdk/usr/include/DarwinFoundation2.modulemap
/Applications/Xcode.app/Contents/Developer/Platforms/MacOSX.platform/Developer/SDKs/MacOSX26.1.sdk/usr/include/DarwinFoundation3.modulemap
/Applications/Xcode.app/Contents/Developer/Platforms/MacOSX.platform/Developer/SDKs/MacOSX26.1.sdk/usr/include/DarwinFoundation1.modulemap
/Applications/Xcode.app/Contents/Developer/Platforms/MacOSX.platform/Developer/SDKs/MacOSX26.1.sdk/usr/include/os/atomic.h
/Applications/Xcode.app/Contents/Developer/Toolchains/XcodeDefault.xctoolchain/usr/lib/swift/clang/include/module.modulemap
/Applications/Xcode.app/Contents/Developer/Platforms/MacOSX.platform/Developer/SDKs/MacOSX26.1.sdk/usr/include/os/overflow.h
/Applications/Xcode.app/Contents/Developer/Platforms/MacOSX.platform/Developer/SDKs/MacOSX26.1.sdk/usr/include/os/trace_base.h
/Applications/Xcode.app/Contents/Developer/Toolchains/XcodeDefault.xctoolchain/usr/lib/swift/clang/include/stdarg.h
/Applications/Xcode.app/Contents/Developer/Platforms/MacOSX.platform/Developer/SDKs/MacOSX26.1.sdk/usr/include/os/activity.h
/Applications/Xcode.app/Contents/Developer/Platforms/MacOSX.platform/Developer/SDKs/MacOSX26.1.sdk/usr/include/os/log.h
/Applications/Xcode.app/Contents/Developer/Platforms/MacOSX.platform/Developer/SDKs/MacOSX26.1.sdk/usr/include/os/trace.h
/Applications/Xcode.app/Contents/Developer/Platforms/MacOSX.platform/Developer/SDKs/MacOSX26.1.sdk/usr/include/os/signpost.h
/Applications/Xcode.app/Contents/Developer/Platforms/MacOSX.platform/Developer/SDKs/MacOSX26.1.sdk/usr/include/_modules/_os_lock.h
/Applications/Xcode.app/Contents/Developer/Platforms/MacOSX.platform/Developer/SDKs/MacOSX26.1.sdk/usr/include/_modules/_os_object.h
/Applications/Xcode.app/Contents/Developer/Platforms/MacOSX.platform/Developer/SDKs/MacOSX26.1.sdk/usr/include/_modules/_os_workgroup.h
/Applications/Xcode.app/Contents/Developer/Platforms/MacOSX.platform/Developer/SDKs/MacOSX26.1.sdk/SDKSettings.json
/Applications/Xcode.app/Contents/Developer/Toolchains/XcodeDefault.xctoolchain/usr/lib/swift/macosx/prebuilt-modules/26.1/os.swiftmodule/arm64e-apple-macos.swiftmodule
/Applications/Xcode.app/Contents/Developer/Platforms/MacOSX.platform/Developer/SDKs/MacOSX26.1.sdk/usr/include/os.modulemap
/Applications/Xcode.app/Contents/Developer/Platforms/MacOSX.platform/Developer/SDKs/MacOSX26.1.sdk/usr/include/ObjectiveC.modulemap
/Applications/Xcode.app/Contents/Developer/Platforms/MacOSX.platform/Developer/SDKs/MacOSX26.1.sdk/usr/include/Darwin.modulemap
/Applications/Xcode.app/Contents/Developer/Platforms/MacOSX.platform/Developer/SDKs/MacOSX26.1.sdk/usr/include/Darwin_C.modulemap
/Applications/Xcode.app/Contents/Developer/Platforms/MacOSX.platform/Developer/SDKs/MacOSX26.1.sdk/usr/include/Darwin_POSIX.modulemap
/Applications/Xcode.app/Contents/Developer/Platforms/MacOSX.platform/Developer/SDKs/MacOSX26.1.sdk/usr/include/net.modulemap
/Applications/Xcode.app/Contents/Developer/Platforms/MacOSX.platform/Developer/SDKs/MacOSX26.1.sdk/usr/include/netinet.modulemap
/Applications/Xcode.app/Contents/Developer/Platforms/MacOSX.platform/Developer/SDKs/MacOSX26.1.sdk/usr/include/bank.modulemap
/Applications/Xcode.app/Contents/Developer/Platforms/MacOSX.platform/Developer/SDKs/MacOSX26.1.sdk/usr/include/Darwin_Mach.modulemap
/Applications/Xcode.app/Contents/Developer/Platforms/MacOSX.platform/Developer/SDKs/MacOSX26.1.sdk/usr/include/Darwin_Mach_machine.modulemap
/Applications/Xcode.app/Contents/Developer/Platforms/MacOSX.platform/Developer/SDKs/MacOSX26.1.sdk/usr/include/mach_debug.modulemap
/Applications/Xcode.app/Contents/Developer/Platforms/MacOSX.platform/Developer/SDKs/MacOSX26.1.sdk/usr/include/device.modulemap
/Applications/Xcode.app/Contents/Developer/Platforms/MacOSX.platform/Developer/SDKs/MacOSX26.1.sdk/usr/include/Darwin_machine.modulemap
/Applications/Xcode.app/Contents/Developer/Platforms/MacOSX.platform/Developer/SDKs/MacOSX26.1.sdk/usr/include/ncurses.modulemap
/Applications/Xcode.app/Contents/Developer/Platforms/MacOSX.platform/Developer/SDKs/MacOSX26.1.sdk/usr/include/netinet6.modulemap
/Applications/Xcode.app/Contents/Developer/Platforms/MacOSX.platform/Developer/SDKs/MacOSX26.1.sdk/usr/include/Darwin_sys.modulemap
/Applications/Xcode.app/Contents/Developer/Platforms/MacOSX.platform/Developer/SDKs/MacOSX26.1.sdk/usr/include/uuid.modulemap
/Applications/Xcode.app/Contents/Developer/Platforms/MacOSX.platform/Developer/SDKs/MacOSX26.1.sdk/usr/include/DarwinFoundation1.modulemap
/Applications/Xcode.app/Contents/Developer/Platforms/MacOSX.platform/Developer/SDKs/MacOSX26.1.sdk/usr/include/os/object.h
/Applications/Xcode.app/Contents/Developer/Platforms/MacOSX.platform/Developer/SDKs/MacOSX26.1.sdk/SDKSettings.json
/Applications/Xcode.app/Contents/Developer/Platforms/MacOSX.platform/Developer/SDKs/MacOSX26.1.sdk/usr/include/os.modulemap
/Applications/Xcode.app/Contents/Developer/Platforms/MacOSX.platform/Developer/SDKs/MacOSX26.1.sdk/usr/include/Darwin.modulemap
/Applications/Xcode.app/Contents/Developer/Platforms/MacOSX.platform/Developer/SDKs/MacOSX26.1.sdk/usr/include/Darwin_C.modulemap
/Applications/Xcode.app/Contents/Developer/Platforms/MacOSX.platform/Developer/SDKs/MacOSX26.1.sdk/usr/include/Darwin_POSIX.modulemap
/Applications/Xcode.app/Contents/Developer/Platforms/MacOSX.platform/Developer/SDKs/MacOSX26.1.sdk/usr/include/net.modulemap
/Applications/Xcode.app/Contents/Developer/Platforms/MacOSX.platform/Developer/SDKs/MacOSX26.1.sdk/usr/include/netinet.modulemap
/Applications/Xcode.app/Contents/Developer/Platforms/MacOSX.platform/Developer/SDKs/MacOSX26.1.sdk/usr/include/bank.modulemap
/Applications/Xcode.app/Contents/Developer/Platforms/MacOSX.platform/Developer/SDKs/MacOSX26.1.sdk/usr/include/Darwin_Mach.modulemap
/Applications/Xcode.app/Contents/Developer/Platforms/MacOSX.platform/Developer/SDKs/MacOSX26.1.sdk/usr/include/Darwin_Mach_machine.modulemap
/Applications/Xcode.app/Contents/Developer/Platforms/MacOSX.platform/Developer/SDKs/MacOSX26.1.sdk/usr/include/mach_debug.modulemap
/Applications/Xcode.app/Contents/Developer/Platforms/MacOSX.platform/Developer/SDKs/MacOSX26.1.sdk/usr/include/device.modulemap
/Applications/Xcode.app/Contents/Developer/Platforms/MacOSX.platform/Developer/SDKs/MacOSX26.1.sdk/usr/include/Darwin_machine.modulemap
/Applications/Xcode.app/Contents/Developer/Platforms/MacOSX.platform/Developer/SDKs/MacOSX26.1.sdk/usr/include/ncurses.modulemap
/Applications/Xcode.app/Contents/Developer/Platforms/MacOSX.platform/Developer/SDKs/MacOSX26.1.sdk/usr/include/netinet6.modulemap
/Applications/Xcode.app/Contents/Developer/Platforms/MacOSX.platform/Developer/SDKs/MacOSX26.1.sdk/usr/include/Darwin_sys.modulemap
/Applications/Xcode.app/Contents/Developer/Platforms/MacOSX.platform/Developer/SDKs/MacOSX26.1.sdk/usr/include/uuid.modulemap
/Applications/Xcode.app/Contents/Developer/Platforms/MacOSX.platform/Developer/SDKs/MacOSX26.1.sdk/usr/include/DarwinFoundation2.modulemap
/Applications/Xcode.app/Contents/Developer/Platforms/MacOSX.platform/Developer/SDKs/MacOSX26.1.sdk/usr/include/DarwinFoundation3.modulemap
/Applications/Xcode.app/Contents/Developer/Platforms/MacOSX.platform/Developer/SDKs/MacOSX26.1.sdk/usr/include/DarwinFoundation1.modulemap
/Applications/Xcode.app/Contents/Developer/Platforms/MacOSX.platform/Developer/SDKs/MacOSX26.1.sdk/usr/include/os/workgroup.h
/Applications/Xcode.app/Contents/Developer/Platforms/MacOSX.platform/Developer/SDKs/MacOSX26.1.sdk/usr/include/os/workgroup_base.h
/Applications/Xcode.app/Contents/Developer/Toolchains/XcodeDefault.xctoolchain/usr/lib/swift/clang/include/module.modulemap
/Applications/Xcode.app/Contents/Developer/Toolchains/XcodeDefault.xctoolchain/usr/lib/swift/clang/include/stddef.h
/Applications/Xcode.app/Contents/Developer/Platforms/MacOSX.platform/Developer/SDKs/MacOSX26.1.sdk/usr/include/string.h
/Applications/Xcode.app/Contents/Developer/Platforms/MacOSX.platform/Developer/SDKs/MacOSX26.1.sdk/usr/include/stdlib.h
/Applications/Xcode.app/Contents/Developer/Platforms/MacOSX.platform/Developer/SDKs/MacOSX26.1.sdk/usr/include/os/workgroup_object.h
/Applications/Xcode.app/Contents/Developer/Platforms/MacOSX.platform/Developer/SDKs/MacOSX26.1.sdk/usr/include/os/workgroup_interval.h
/Applications/Xcode.app/Contents/Developer/Platforms/MacOSX.platform/Developer/SDKs/MacOSX26.1.sdk/usr/include/os/workgroup_parallel.h
/Applications/Xcode.app/Contents/Developer/Platforms/MacOSX.platform/Developer/SDKs/MacOSX26.1.sdk/SDKSettings.json
/Applications/Xcode.app/Contents/Developer/Toolchains/XcodeDefault.xctoolchain/usr/lib/swift/clang/include/module.modulemap
/Applications/Xcode.app/Contents/Developer/Toolchains/XcodeDefault.xctoolchain/usr/lib/swift/clang/include/ptrcheck.h
/Applications/Xcode.app/Contents/Developer/Platforms/MacOSX.platform/Developer/SDKs/MacOSX26.1.sdk/SDKSettings.json
/Applications/Xcode.app/Contents/Developer/Platforms/MacOSX.platform/Developer/SDKs/MacOSX26.1.sdk/usr/include/DarwinFoundation2.modulemap
/Applications/Xcode.app/Contents/Developer/Platforms/MacOSX.platform/Developer/SDKs/MacOSX26.1.sdk/usr/include/_modules/_sys_types.h
/Applications/Xcode.app/Contents/Developer/Platforms/MacOSX.platform/Developer/SDKs/MacOSX26.1.sdk/SDKSettings.json

SwiftDriverJobDiscovery normal arm64 Compiling Unimplemented.swift (in target 'IssueReporting' from project 'xctest-dynamic-overlay')

SwiftCompile normal arm64 Compiling\ Karatsuba.swift /Users/rogerlin/Library/Developer/Xcode/DerivedData/FinancialCalculatorKit-ackorybalcxbfocbkqsfdzcfkgmn/SourcePackages/checkouts/BigInt/Sources/BigInt/Karatsuba.swift (in target 'BigInt' from project 'BigInt')
/Applications/Xcode.app/Contents/Developer/Toolchains/XcodeDefault.xctoolchain/usr/bin/swift-frontend -frontend -c /Users/rogerlin/Library/Developer/Xcode/DerivedData/FinancialCalculatorKit-ackorybalcxbfocbkqsfdzcfkgmn/SourcePackages/checkouts/BigInt/Sources/BigInt/BigFrac.swift /Users/rogerlin/Library/Developer/Xcode/DerivedData/FinancialCalculatorKit-ackorybalcxbfocbkqsfdzcfkgmn/SourcePackages/checkouts/BigInt/Sources/BigInt/BigInt-Extensions.swift /Users/rogerlin/Library/Developer/Xcode/DerivedData/FinancialCalculatorKit-ackorybalcxbfocbkqsfdzcfkgmn/SourcePackages/checkouts/BigInt/Sources/BigInt/BigInt.swift /Users/rogerlin/Library/Developer/Xcode/DerivedData/FinancialCalculatorKit-ackorybalcxbfocbkqsfdzcfkgmn/SourcePackages/checkouts/BigInt/Sources/BigInt/BitSieve.swift /Users/rogerlin/Library/Developer/Xcode/DerivedData/FinancialCalculatorKit-ackorybalcxbfocbkqsfdzcfkgmn/SourcePackages/checkouts/BigInt/Sources/BigInt/BurnikelZiegler.swift /Users/rogerlin/Library/Developer/Xcode/DerivedData/FinancialCalculatorKit-ackorybalcxbfocbkqsfdzcfkgmn/SourcePackages/checkouts/BigInt/Sources/BigInt/CRT.swift /Users/rogerlin/Library/Developer/Xcode/DerivedData/FinancialCalculatorKit-ackorybalcxbfocbkqsfdzcfkgmn/SourcePackages/checkouts/BigInt/Sources/BigInt/ExpMod.swift /Users/rogerlin/Library/Developer/Xcode/DerivedData/FinancialCalculatorKit-ackorybalcxbfocbkqsfdzcfkgmn/SourcePackages/checkouts/BigInt/Sources/BigInt/FFT.swift /Users/rogerlin/Library/Developer/Xcode/DerivedData/FinancialCalculatorKit-ackorybalcxbfocbkqsfdzcfkgmn/SourcePackages/checkouts/BigInt/Sources/BigInt/Factorial.swift /Users/rogerlin/Library/Developer/Xcode/DerivedData/FinancialCalculatorKit-ackorybalcxbfocbkqsfdzcfkgmn/SourcePackages/checkouts/BigInt/Sources/BigInt/GCD.swift -primary-file /Users/rogerlin/Library/Developer/Xcode/DerivedData/FinancialCalculatorKit-ackorybalcxbfocbkqsfdzcfkgmn/SourcePackages/checkouts/BigInt/Sources/BigInt/Karatsuba.swift /Users/rogerlin/Library/Developer/Xcode/DerivedData/FinancialCalculatorKit-ackorybalcxbfocbkqsfdzcfkgmn/SourcePackages/checkouts/BigInt/Sources/BigInt/Limbs.swift /Users/rogerlin/Library/Developer/Xcode/DerivedData/FinancialCalculatorKit-ackorybalcxbfocbkqsfdzcfkgmn/SourcePackages/checkouts/BigInt/Sources/BigInt/ToomCook.swift -emit-dependencies-path /Users/rogerlin/Library/Developer/Xcode/DerivedData/FinancialCalculatorKit-ackorybalcxbfocbkqsfdzcfkgmn/Build/Intermediates.noindex/BigInt.build/Debug/BigInt.build/Objects-normal/arm64/Karatsuba.d -emit-const-values-path /Users/rogerlin/Library/Developer/Xcode/DerivedData/FinancialCalculatorKit-ackorybalcxbfocbkqsfdzcfkgmn/Build/Intermediates.noindex/BigInt.build/Debug/BigInt.build/Objects-normal/arm64/Karatsuba.swiftconstvalues -emit-reference-dependencies-path /Users/rogerlin/Library/Developer/Xcode/DerivedData/FinancialCalculatorKit-ackorybalcxbfocbkqsfdzcfkgmn/Build/Intermediates.noindex/BigInt.build/Debug/BigInt.build/Objects-normal/arm64/Karatsuba.swiftdeps -serialize-diagnostics-path /Users/rogerlin/Library/Developer/Xcode/DerivedData/FinancialCalculatorKit-ackorybalcxbfocbkqsfdzcfkgmn/Build/Intermediates.noindex/BigInt.build/Debug/BigInt.build/Objects-normal/arm64/Karatsuba.dia -target arm64-apple-macos13.3 -load-resolved-plugin /Applications/Xcode.app/Contents/Developer/Platforms/MacOSX.platform/Developer/usr/lib/swift/host/plugins/libFoundationMacros.dylib\#/Applications/Xcode.app/Contents/Developer/Platforms/MacOSX.platform/Developer/usr/bin/swift-plugin-server\#FoundationMacros -load-resolved-plugin /Applications/Xcode.app/Contents/Developer/Platforms/MacOSX.platform/Developer/usr/lib/swift/host/plugins/libObservationMacros.dylib\#/Applications/Xcode.app/Contents/Developer/Platforms/MacOSX.platform/Developer/usr/bin/swift-plugin-server\#ObservationMacros -load-resolved-plugin /Applications/Xcode.app/Contents/Developer/Platforms/MacOSX.platform/Developer/usr/lib/swift/host/plugins/libSwiftMacros.dylib\#/Applications/Xcode.app/Contents/Developer/Platforms/MacOSX.platform/Developer/usr/bin/swift-plugin-server\#SwiftMacros -disable-implicit-swift-modules -Xcc -fno-implicit-modules -Xcc -fno-implicit-module-maps -explicit-swift-module-map-file /Users/rogerlin/Library/Developer/Xcode/DerivedData/FinancialCalculatorKit-ackorybalcxbfocbkqsfdzcfkgmn/Build/Intermediates.noindex/BigInt.build/Debug/BigInt.build/Objects-normal/arm64/BigInt-dependencies-1.json -Xllvm -aarch64-use-tbi -enable-objc-interop -stack-check -sdk /Applications/Xcode.app/Contents/Developer/Platforms/MacOSX.platform/Developer/SDKs/MacOSX26.1.sdk -I /Users/rogerlin/Library/Developer/Xcode/DerivedData/FinancialCalculatorKit-ackorybalcxbfocbkqsfdzcfkgmn/Build/Products/Debug -Isystem /Applications/Xcode.app/Contents/Developer/Platforms/MacOSX.platform/Developer/usr/lib -F /Users/rogerlin/Library/Developer/Xcode/DerivedData/FinancialCalculatorKit-ackorybalcxbfocbkqsfdzcfkgmn/Build/Products/Debug -F /Applications/Xcode.app/Contents/Developer/Platforms/MacOSX.platform/Developer/Library/Frameworks -no-color-diagnostics -Xcc -fno-color-diagnostics -enable-testing -g -debug-info-format\=dwarf -dwarf-version\=4 -module-cache-path /Users/rogerlin/Library/Developer/Xcode/DerivedData/FinancialCalculatorKit-ackorybalcxbfocbkqsfdzcfkgmn/Build/Intermediates.noindex/SwiftExplicitPrecompiledModules -suppress-warnings -profile-generate -profile-coverage-mapping -swift-version 5 -enforce-exclusivity\=checked -Onone -D SWIFT_PACKAGE -D DEBUG -D SWIFT_MODULE_RESOURCE_BUNDLE_UNAVAILABLE -D Xcode -serialize-debugging-options -const-gather-protocols-file /Users/rogerlin/Library/Developer/Xcode/DerivedData/FinancialCalculatorKit-ackorybalcxbfocbkqsfdzcfkgmn/Build/Intermediates.noindex/BigInt.build/Debug/BigInt.build/Objects-normal/arm64/BigInt_const_extract_protocols.json -enable-experimental-feature DebugDescriptionMacro -empty-abi-descriptor -validate-clang-modules-once -clang-build-session-file /Users/rogerlin/Library/Developer/Xcode/DerivedData/ModuleCache.noindex/Session.modulevalidation -Xcc -working-directory -Xcc /Users/rogerlin/XCode-Projects/FinancialCalculatorKit-5.0-updated-accent-colors/FinancialCalculatorKit.xcodeproj -enable-anonymous-context-mangled-names -file-compilation-dir /Users/rogerlin/XCode-Projects/FinancialCalculatorKit-5.0-updated-accent-colors/FinancialCalculatorKit.xcodeproj -Xcc -D_LIBCPP_HARDENING_MODE\=_LIBCPP_HARDENING_MODE_DEBUG -Xcc -ivfsstatcache -Xcc /Users/rogerlin/Library/Developer/Xcode/DerivedData/SDKStatCaches.noindex/macosx26.1-25B74-3ae1261907bdadc328169391a47051a6.sdkstatcache -Xcc -I/Users/rogerlin/Library/Developer/Xcode/DerivedData/FinancialCalculatorKit-ackorybalcxbfocbkqsfdzcfkgmn/Build/Intermediates.noindex/BigInt.build/Debug/BigInt.build/swift-overrides.hmap -Xcc -I/Users/rogerlin/Library/Developer/Xcode/DerivedData/FinancialCalculatorKit-ackorybalcxbfocbkqsfdzcfkgmn/Build/Products/Debug/include -Xcc -I/Users/rogerlin/Library/Developer/Xcode/DerivedData/FinancialCalculatorKit-ackorybalcxbfocbkqsfdzcfkgmn/Build/Intermediates.noindex/BigInt.build/Debug/BigInt.build/DerivedSources-normal/arm64 -Xcc -I/Users/rogerlin/Library/Developer/Xcode/DerivedData/FinancialCalculatorKit-ackorybalcxbfocbkqsfdzcfkgmn/Build/Intermediates.noindex/BigInt.build/Debug/BigInt.build/DerivedSources/arm64 -Xcc -I/Users/rogerlin/Library/Developer/Xcode/DerivedData/FinancialCalculatorKit-ackorybalcxbfocbkqsfdzcfkgmn/Build/Intermediates.noindex/BigInt.build/Debug/BigInt.build/DerivedSources -Xcc -DSWIFT_PACKAGE -Xcc -DDEBUG\=1 -no-auto-bridging-header-chaining -module-name BigInt -package-name bigint -frontend-parseable-output -disable-clang-spi -target-sdk-version 26.1 -target-sdk-name macosx26.1 -clang-target arm64-apple-macos26.1 -in-process-plugin-server-path /Applications/Xcode.app/Contents/Developer/Toolchains/XcodeDefault.xctoolchain/usr/lib/swift/host/libSwiftInProcPluginServer.dylib -o /Users/rogerlin/Library/Developer/Xcode/DerivedData/FinancialCalculatorKit-ackorybalcxbfocbkqsfdzcfkgmn/Build/Intermediates.noindex/BigInt.build/Debug/BigInt.build/Objects-normal/arm64/Karatsuba.o -index-unit-output-path /BigInt.build/Debug/BigInt.build/Objects-normal/arm64/Karatsuba.o -index-store-path /Users/rogerlin/Library/Developer/Xcode/DerivedData/FinancialCalculatorKit-ackorybalcxbfocbkqsfdzcfkgmn/Index.noindex/DataStore -index-system-modules

SwiftCompile normal arm64 /Users/rogerlin/Library/Developer/Xcode/DerivedData/FinancialCalculatorKit-ackorybalcxbfocbkqsfdzcfkgmn/SourcePackages/checkouts/BigInt/Sources/BigInt/Karatsuba.swift (in target 'BigInt' from project 'BigInt')
    cd /Users/rogerlin/XCode-Projects/FinancialCalculatorKit-5.0-updated-accent-colors/FinancialCalculatorKit.xcodeproj
    

Ld /Users/rogerlin/Library/Developer/Xcode/DerivedData/FinancialCalculatorKit-ackorybalcxbfocbkqsfdzcfkgmn/Build/Products/Debug/CasePathsMacros normal (in target 'CasePathsMacros' from project 'swift-case-paths')
    cd /Users/rogerlin/Library/Developer/Xcode/DerivedData/FinancialCalculatorKit-ackorybalcxbfocbkqsfdzcfkgmn/SourcePackages/checkouts/swift-case-paths
    /Applications/Xcode.app/Contents/Developer/Toolchains/XcodeDefault.xctoolchain/usr/bin/clang -Xlinker -reproducible -target arm64-apple-macos10.15 -isysroot /Applications/Xcode.app/Contents/Developer/Platforms/MacOSX.platform/Developer/SDKs/MacOSX26.1.sdk -O0 -w -L/Users/rogerlin/Library/Developer/Xcode/DerivedData/FinancialCalculatorKit-ackorybalcxbfocbkqsfdzcfkgmn/Build/Intermediates.noindex/EagerLinkingTBDs/Debug -L/Users/rogerlin/Library/Developer/Xcode/DerivedData/FinancialCalculatorKit-ackorybalcxbfocbkqsfdzcfkgmn/Build/Products/Debug -L/Applications/Xcode.app/Contents/Developer/Platforms/MacOSX.platform/Developer/usr/lib -F/Users/rogerlin/Library/Developer/Xcode/DerivedData/FinancialCalculatorKit-ackorybalcxbfocbkqsfdzcfkgmn/Build/Intermediates.noindex/EagerLinkingTBDs/Debug -F/Users/rogerlin/Library/Developer/Xcode/DerivedData/FinancialCalculatorKit-ackorybalcxbfocbkqsfdzcfkgmn/Build/Products/Debug -iframework /Applications/Xcode.app/Contents/Developer/Platforms/MacOSX.platform/Developer/Library/Frameworks -filelist /Users/rogerlin/Library/Developer/Xcode/DerivedData/FinancialCalculatorKit-ackorybalcxbfocbkqsfdzcfkgmn/Build/Intermediates.noindex/swift-case-paths.build/Debug/CasePathsMacros.build/Objects-normal/arm64/CasePathsMacros.LinkFileList -Xlinker -rpath -Xlinker /usr/lib/swift -Xlinker -object_path_lto -Xlinker /Users/rogerlin/Library/Developer/Xcode/DerivedData/FinancialCalculatorKit-ackorybalcxbfocbkqsfdzcfkgmn/Build/Intermediates.noindex/swift-case-paths.build/Debug/CasePathsMacros.build/Objects-normal/arm64/CasePathsMacros_lto.o -rdynamic -Xlinker -no_deduplicate -Xlinker -debug_variant -Xlinker -dependency_info -Xlinker /Users/rogerlin/Library/Developer/Xcode/DerivedData/FinancialCalculatorKit-ackorybalcxbfocbkqsfdzcfkgmn/Build/Intermediates.noindex/swift-case-paths.build/Debug/CasePathsMacros.build/Objects-normal/arm64/CasePathsMacros_dependency_info.dat -fobjc-link-runtime -fprofile-instr-generate -L/Applications/Xcode.app/Contents/Developer/Toolchains/XcodeDefault.xctoolchain/usr/lib/swift/macosx -L/usr/lib/swift -Xlinker -add_ast_path -Xlinker /Users/rogerlin/Library/Developer/Xcode/DerivedData/FinancialCalculatorKit-ackorybalcxbfocbkqsfdzcfkgmn/Build/Intermediates.noindex/swift-case-paths.build/Debug/CasePathsMacros.build/Objects-normal/arm64/CasePathsMacros.swiftmodule @/Users/rogerlin/Library/Developer/Xcode/DerivedData/FinancialCalculatorKit-ackorybalcxbfocbkqsfdzcfkgmn/Build/Intermediates.noindex/swift-case-paths.build/Debug/CasePathsMacros.build/Objects-normal/arm64/CasePathsMacros-linker-args.resp /Users/rogerlin/Library/Developer/Xcode/DerivedData/FinancialCalculatorKit-ackorybalcxbfocbkqsfdzcfkgmn/SourcePackages/prebuilts/swift-syntax/601.0.1/swiftlang-6.2.1.4.8-MacroSupport-macos_aarch64/lib/libMacroSupport.a -o /Users/rogerlin/Library/Developer/Xcode/DerivedData/FinancialCalculatorKit-ackorybalcxbfocbkqsfdzcfkgmn/Build/Products/Debug/CasePathsMacros

    Task input dependencies:
        /Users/rogerlin/Library/Developer/Xcode/DerivedData/FinancialCalculatorKit-ackorybalcxbfocbkqsfdzcfkgmn/Build/Intermediates.noindex/swift-case-paths.build/Debug/CasePathsMacros.build/Objects-normal/arm64/CasePathableMacro.o
        /Users/rogerlin/Library/Developer/Xcode/DerivedData/FinancialCalculatorKit-ackorybalcxbfocbkqsfdzcfkgmn/Build/Intermediates.noindex/swift-case-paths.build/Debug/CasePathsMacros.build/Objects-normal/arm64/Plugin.o
        /Users/rogerlin/Library/Developer/Xcode/DerivedData/FinancialCalculatorKit-ackorybalcxbfocbkqsfdzcfkgmn/Build/Intermediates.noindex/swift-case-paths.build/Debug/CasePathsMacros.build/Objects-normal/arm64/CasePathsMacros.LinkFileList
        /Users/rogerlin/Library/Developer/Xcode/DerivedData/FinancialCalculatorKit-ackorybalcxbfocbkqsfdzcfkgmn/Build/Products/Debug

    Task output dependencies:
        /Users/rogerlin/Library/Developer/Xcode/DerivedData/FinancialCalculatorKit-ackorybalcxbfocbkqsfdzcfkgmn/Build/Products/Debug/CasePathsMacros
        /Users/rogerlin/Library/Developer/Xcode/DerivedData/FinancialCalculatorKit-ackorybalcxbfocbkqsfdzcfkgmn/Build/Intermediates.noindex/swift-case-paths.build/Debug/CasePathsMacros.build/Objects-normal/arm64/CasePathsMacros_lto.o
        /Users/rogerlin/Library/Developer/Xcode/DerivedData/FinancialCalculatorKit-ackorybalcxbfocbkqsfdzcfkgmn/Build/Intermediates.noindex/swift-case-paths.build/Debug/CasePathsMacros.build/Objects-normal/arm64/CasePathsMacros_dependency_info.dat

SwiftDriverJobDiscovery normal arm64 Compiling FatalErrorReporter.swift (in target 'IssueReporting' from project 'xctest-dynamic-overlay')

SwiftCompile normal arm64 Compiling\ BigInt-Extensions.swift /Users/rogerlin/Library/Developer/Xcode/DerivedData/FinancialCalculatorKit-ackorybalcxbfocbkqsfdzcfkgmn/SourcePackages/checkouts/BigInt/Sources/BigInt/BigInt-Extensions.swift (in target 'BigInt' from project 'BigInt')
/Applications/Xcode.app/Contents/Developer/Toolchains/XcodeDefault.xctoolchain/usr/bin/swift-frontend -frontend -c /Users/rogerlin/Library/Developer/Xcode/DerivedData/FinancialCalculatorKit-ackorybalcxbfocbkqsfdzcfkgmn/SourcePackages/checkouts/BigInt/Sources/BigInt/BigFrac.swift -primary-file /Users/rogerlin/Library/Developer/Xcode/DerivedData/FinancialCalculatorKit-ackorybalcxbfocbkqsfdzcfkgmn/SourcePackages/checkouts/BigInt/Sources/BigInt/BigInt-Extensions.swift /Users/rogerlin/Library/Developer/Xcode/DerivedData/FinancialCalculatorKit-ackorybalcxbfocbkqsfdzcfkgmn/SourcePackages/checkouts/BigInt/Sources/BigInt/BigInt.swift /Users/rogerlin/Library/Developer/Xcode/DerivedData/FinancialCalculatorKit-ackorybalcxbfocbkqsfdzcfkgmn/SourcePackages/checkouts/BigInt/Sources/BigInt/BitSieve.swift /Users/rogerlin/Library/Developer/Xcode/DerivedData/FinancialCalculatorKit-ackorybalcxbfocbkqsfdzcfkgmn/SourcePackages/checkouts/BigInt/Sources/BigInt/BurnikelZiegler.swift /Users/rogerlin/Library/Developer/Xcode/DerivedData/FinancialCalculatorKit-ackorybalcxbfocbkqsfdzcfkgmn/SourcePackages/checkouts/BigInt/Sources/BigInt/CRT.swift /Users/rogerlin/Library/Developer/Xcode/DerivedData/FinancialCalculatorKit-ackorybalcxbfocbkqsfdzcfkgmn/SourcePackages/checkouts/BigInt/Sources/BigInt/ExpMod.swift /Users/rogerlin/Library/Developer/Xcode/DerivedData/FinancialCalculatorKit-ackorybalcxbfocbkqsfdzcfkgmn/SourcePackages/checkouts/BigInt/Sources/BigInt/FFT.swift /Users/rogerlin/Library/Developer/Xcode/DerivedData/FinancialCalculatorKit-ackorybalcxbfocbkqsfdzcfkgmn/SourcePackages/checkouts/BigInt/Sources/BigInt/Factorial.swift /Users/rogerlin/Library/Developer/Xcode/DerivedData/FinancialCalculatorKit-ackorybalcxbfocbkqsfdzcfkgmn/SourcePackages/checkouts/BigInt/Sources/BigInt/GCD.swift /Users/rogerlin/Library/Developer/Xcode/DerivedData/FinancialCalculatorKit-ackorybalcxbfocbkqsfdzcfkgmn/SourcePackages/checkouts/BigInt/Sources/BigInt/Karatsuba.swift /Users/rogerlin/Library/Developer/Xcode/DerivedData/FinancialCalculatorKit-ackorybalcxbfocbkqsfdzcfkgmn/SourcePackages/checkouts/BigInt/Sources/BigInt/Limbs.swift /Users/rogerlin/Library/Developer/Xcode/DerivedData/FinancialCalculatorKit-ackorybalcxbfocbkqsfdzcfkgmn/SourcePackages/checkouts/BigInt/Sources/BigInt/ToomCook.swift -emit-dependencies-path /Users/rogerlin/Library/Developer/Xcode/DerivedData/FinancialCalculatorKit-ackorybalcxbfocbkqsfdzcfkgmn/Build/Intermediates.noindex/BigInt.build/Debug/BigInt.build/Objects-normal/arm64/BigInt-Extensions.d -emit-const-values-path /Users/rogerlin/Library/Developer/Xcode/DerivedData/FinancialCalculatorKit-ackorybalcxbfocbkqsfdzcfkgmn/Build/Intermediates.noindex/BigInt.build/Debug/BigInt.build/Objects-normal/arm64/BigInt-Extensions.swiftconstvalues -emit-reference-dependencies-path /Users/rogerlin/Library/Developer/Xcode/DerivedData/FinancialCalculatorKit-ackorybalcxbfocbkqsfdzcfkgmn/Build/Intermediates.noindex/BigInt.build/Debug/BigInt.build/Objects-normal/arm64/BigInt-Extensions.swiftdeps -serialize-diagnostics-path /Users/rogerlin/Library/Developer/Xcode/DerivedData/FinancialCalculatorKit-ackorybalcxbfocbkqsfdzcfkgmn/Build/Intermediates.noindex/BigInt.build/Debug/BigInt.build/Objects-normal/arm64/BigInt-Extensions.dia -target arm64-apple-macos13.3 -load-resolved-plugin /Applications/Xcode.app/Contents/Developer/Platforms/MacOSX.platform/Developer/usr/lib/swift/host/plugins/libFoundationMacros.dylib\#/Applications/Xcode.app/Contents/Developer/Platforms/MacOSX.platform/Developer/usr/bin/swift-plugin-server\#FoundationMacros -load-resolved-plugin /Applications/Xcode.app/Contents/Developer/Platforms/MacOSX.platform/Developer/usr/lib/swift/host/plugins/libObservationMacros.dylib\#/Applications/Xcode.app/Contents/Developer/Platforms/MacOSX.platform/Developer/usr/bin/swift-plugin-server\#ObservationMacros -load-resolved-plugin /Applications/Xcode.app/Contents/Developer/Platforms/MacOSX.platform/Developer/usr/lib/swift/host/plugins/libSwiftMacros.dylib\#/Applications/Xcode.app/Contents/Developer/Platforms/MacOSX.platform/Developer/usr/bin/swift-plugin-server\#SwiftMacros -disable-implicit-swift-modules -Xcc -fno-implicit-modules -Xcc -fno-implicit-module-maps -explicit-swift-module-map-file /Users/rogerlin/Library/Developer/Xcode/DerivedData/FinancialCalculatorKit-ackorybalcxbfocbkqsfdzcfkgmn/Build/Intermediates.noindex/BigInt.build/Debug/BigInt.build/Objects-normal/arm64/BigInt-dependencies-1.json -Xllvm -aarch64-use-tbi -enable-objc-interop -stack-check -sdk /Applications/Xcode.app/Contents/Developer/Platforms/MacOSX.platform/Developer/SDKs/MacOSX26.1.sdk -I /Users/rogerlin/Library/Developer/Xcode/DerivedData/FinancialCalculatorKit-ackorybalcxbfocbkqsfdzcfkgmn/Build/Products/Debug -Isystem /Applications/Xcode.app/Contents/Developer/Platforms/MacOSX.platform/Developer/usr/lib -F /Users/rogerlin/Library/Developer/Xcode/DerivedData/FinancialCalculatorKit-ackorybalcxbfocbkqsfdzcfkgmn/Build/Products/Debug -F /Applications/Xcode.app/Contents/Developer/Platforms/MacOSX.platform/Developer/Library/Frameworks -no-color-diagnostics -Xcc -fno-color-diagnostics -enable-testing -g -debug-info-format\=dwarf -dwarf-version\=4 -module-cache-path /Users/rogerlin/Library/Developer/Xcode/DerivedData/FinancialCalculatorKit-ackorybalcxbfocbkqsfdzcfkgmn/Build/Intermediates.noindex/SwiftExplicitPrecompiledModules -suppress-warnings -profile-generate -profile-coverage-mapping -swift-version 5 -enforce-exclusivity\=checked -Onone -D SWIFT_PACKAGE -D DEBUG -D SWIFT_MODULE_RESOURCE_BUNDLE_UNAVAILABLE -D Xcode -serialize-debugging-options -const-gather-protocols-file /Users/rogerlin/Library/Developer/Xcode/DerivedData/FinancialCalculatorKit-ackorybalcxbfocbkqsfdzcfkgmn/Build/Intermediates.noindex/BigInt.build/Debug/BigInt.build/Objects-normal/arm64/BigInt_const_extract_protocols.json -enable-experimental-feature DebugDescriptionMacro -empty-abi-descriptor -validate-clang-modules-once -clang-build-session-file /Users/rogerlin/Library/Developer/Xcode/DerivedData/ModuleCache.noindex/Session.modulevalidation -Xcc -working-directory -Xcc /Users/rogerlin/XCode-Projects/FinancialCalculatorKit-5.0-updated-accent-colors/FinancialCalculatorKit.xcodeproj -enable-anonymous-context-mangled-names -file-compilation-dir /Users/rogerlin/XCode-Projects/FinancialCalculatorKit-5.0-updated-accent-colors/FinancialCalculatorKit.xcodeproj -Xcc -D_LIBCPP_HARDENING_MODE\=_LIBCPP_HARDENING_MODE_DEBUG -Xcc -ivfsstatcache -Xcc /Users/rogerlin/Library/Developer/Xcode/DerivedData/SDKStatCaches.noindex/macosx26.1-25B74-3ae1261907bdadc328169391a47051a6.sdkstatcache -Xcc -I/Users/rogerlin/Library/Developer/Xcode/DerivedData/FinancialCalculatorKit-ackorybalcxbfocbkqsfdzcfkgmn/Build/Intermediates.noindex/BigInt.build/Debug/BigInt.build/swift-overrides.hmap -Xcc -I/Users/rogerlin/Library/Developer/Xcode/DerivedData/FinancialCalculatorKit-ackorybalcxbfocbkqsfdzcfkgmn/Build/Products/Debug/include -Xcc -I/Users/rogerlin/Library/Developer/Xcode/DerivedData/FinancialCalculatorKit-ackorybalcxbfocbkqsfdzcfkgmn/Build/Intermediates.noindex/BigInt.build/Debug/BigInt.build/DerivedSources-normal/arm64 -Xcc -I/Users/rogerlin/Library/Developer/Xcode/DerivedData/FinancialCalculatorKit-ackorybalcxbfocbkqsfdzcfkgmn/Build/Intermediates.noindex/BigInt.build/Debug/BigInt.build/DerivedSources/arm64 -Xcc -I/Users/rogerlin/Library/Developer/Xcode/DerivedData/FinancialCalculatorKit-ackorybalcxbfocbkqsfdzcfkgmn/Build/Intermediates.noindex/BigInt.build/Debug/BigInt.build/DerivedSources -Xcc -DSWIFT_PACKAGE -Xcc -DDEBUG\=1 -no-auto-bridging-header-chaining -module-name BigInt -package-name bigint -frontend-parseable-output -disable-clang-spi -target-sdk-version 26.1 -target-sdk-name macosx26.1 -clang-target arm64-apple-macos26.1 -in-process-plugin-server-path /Applications/Xcode.app/Contents/Developer/Toolchains/XcodeDefault.xctoolchain/usr/lib/swift/host/libSwiftInProcPluginServer.dylib -o /Users/rogerlin/Library/Developer/Xcode/DerivedData/FinancialCalculatorKit-ackorybalcxbfocbkqsfdzcfkgmn/Build/Intermediates.noindex/BigInt.build/Debug/BigInt.build/Objects-normal/arm64/BigInt-Extensions.o -index-unit-output-path /BigInt.build/Debug/BigInt.build/Objects-normal/arm64/BigInt-Extensions.o -index-store-path /Users/rogerlin/Library/Developer/Xcode/DerivedData/FinancialCalculatorKit-ackorybalcxbfocbkqsfdzcfkgmn/Index.noindex/DataStore -index-system-modules

SwiftCompile normal arm64 /Users/rogerlin/Library/Developer/Xcode/DerivedData/FinancialCalculatorKit-ackorybalcxbfocbkqsfdzcfkgmn/SourcePackages/checkouts/BigInt/Sources/BigInt/BigInt-Extensions.swift (in target 'BigInt' from project 'BigInt')
    cd /Users/rogerlin/XCode-Projects/FinancialCalculatorKit-5.0-updated-accent-colors/FinancialCalculatorKit.xcodeproj
    

SwiftCompile normal arm64 Compiling\ GCD.swift /Users/rogerlin/Library/Developer/Xcode/DerivedData/FinancialCalculatorKit-ackorybalcxbfocbkqsfdzcfkgmn/SourcePackages/checkouts/BigInt/Sources/BigInt/GCD.swift (in target 'BigInt' from project 'BigInt')
/Applications/Xcode.app/Contents/Developer/Toolchains/XcodeDefault.xctoolchain/usr/bin/swift-frontend -frontend -c /Users/rogerlin/Library/Developer/Xcode/DerivedData/FinancialCalculatorKit-ackorybalcxbfocbkqsfdzcfkgmn/SourcePackages/checkouts/BigInt/Sources/BigInt/BigFrac.swift /Users/rogerlin/Library/Developer/Xcode/DerivedData/FinancialCalculatorKit-ackorybalcxbfocbkqsfdzcfkgmn/SourcePackages/checkouts/BigInt/Sources/BigInt/BigInt-Extensions.swift /Users/rogerlin/Library/Developer/Xcode/DerivedData/FinancialCalculatorKit-ackorybalcxbfocbkqsfdzcfkgmn/SourcePackages/checkouts/BigInt/Sources/BigInt/BigInt.swift /Users/rogerlin/Library/Developer/Xcode/DerivedData/FinancialCalculatorKit-ackorybalcxbfocbkqsfdzcfkgmn/SourcePackages/checkouts/BigInt/Sources/BigInt/BitSieve.swift /Users/rogerlin/Library/Developer/Xcode/DerivedData/FinancialCalculatorKit-ackorybalcxbfocbkqsfdzcfkgmn/SourcePackages/checkouts/BigInt/Sources/BigInt/BurnikelZiegler.swift /Users/rogerlin/Library/Developer/Xcode/DerivedData/FinancialCalculatorKit-ackorybalcxbfocbkqsfdzcfkgmn/SourcePackages/checkouts/BigInt/Sources/BigInt/CRT.swift /Users/rogerlin/Library/Developer/Xcode/DerivedData/FinancialCalculatorKit-ackorybalcxbfocbkqsfdzcfkgmn/SourcePackages/checkouts/BigInt/Sources/BigInt/ExpMod.swift /Users/rogerlin/Library/Developer/Xcode/DerivedData/FinancialCalculatorKit-ackorybalcxbfocbkqsfdzcfkgmn/SourcePackages/checkouts/BigInt/Sources/BigInt/FFT.swift /Users/rogerlin/Library/Developer/Xcode/DerivedData/FinancialCalculatorKit-ackorybalcxbfocbkqsfdzcfkgmn/SourcePackages/checkouts/BigInt/Sources/BigInt/Factorial.swift -primary-file /Users/rogerlin/Library/Developer/Xcode/DerivedData/FinancialCalculatorKit-ackorybalcxbfocbkqsfdzcfkgmn/SourcePackages/checkouts/BigInt/Sources/BigInt/GCD.swift /Users/rogerlin/Library/Developer/Xcode/DerivedData/FinancialCalculatorKit-ackorybalcxbfocbkqsfdzcfkgmn/SourcePackages/checkouts/BigInt/Sources/BigInt/Karatsuba.swift /Users/rogerlin/Library/Developer/Xcode/DerivedData/FinancialCalculatorKit-ackorybalcxbfocbkqsfdzcfkgmn/SourcePackages/checkouts/BigInt/Sources/BigInt/Limbs.swift /Users/rogerlin/Library/Developer/Xcode/DerivedData/FinancialCalculatorKit-ackorybalcxbfocbkqsfdzcfkgmn/SourcePackages/checkouts/BigInt/Sources/BigInt/ToomCook.swift -emit-dependencies-path /Users/rogerlin/Library/Developer/Xcode/DerivedData/FinancialCalculatorKit-ackorybalcxbfocbkqsfdzcfkgmn/Build/Intermediates.noindex/BigInt.build/Debug/BigInt.build/Objects-normal/arm64/GCD.d -emit-const-values-path /Users/rogerlin/Library/Developer/Xcode/DerivedData/FinancialCalculatorKit-ackorybalcxbfocbkqsfdzcfkgmn/Build/Intermediates.noindex/BigInt.build/Debug/BigInt.build/Objects-normal/arm64/GCD.swiftconstvalues -emit-reference-dependencies-path /Users/rogerlin/Library/Developer/Xcode/DerivedData/FinancialCalculatorKit-ackorybalcxbfocbkqsfdzcfkgmn/Build/Intermediates.noindex/BigInt.build/Debug/BigInt.build/Objects-normal/arm64/GCD.swiftdeps -serialize-diagnostics-path /Users/rogerlin/Library/Developer/Xcode/DerivedData/FinancialCalculatorKit-ackorybalcxbfocbkqsfdzcfkgmn/Build/Intermediates.noindex/BigInt.build/Debug/BigInt.build/Objects-normal/arm64/GCD.dia -target arm64-apple-macos13.3 -load-resolved-plugin /Applications/Xcode.app/Contents/Developer/Platforms/MacOSX.platform/Developer/usr/lib/swift/host/plugins/libFoundationMacros.dylib\#/Applications/Xcode.app/Contents/Developer/Platforms/MacOSX.platform/Developer/usr/bin/swift-plugin-server\#FoundationMacros -load-resolved-plugin /Applications/Xcode.app/Contents/Developer/Platforms/MacOSX.platform/Developer/usr/lib/swift/host/plugins/libObservationMacros.dylib\#/Applications/Xcode.app/Contents/Developer/Platforms/MacOSX.platform/Developer/usr/bin/swift-plugin-server\#ObservationMacros -load-resolved-plugin /Applications/Xcode.app/Contents/Developer/Platforms/MacOSX.platform/Developer/usr/lib/swift/host/plugins/libSwiftMacros.dylib\#/Applications/Xcode.app/Contents/Developer/Platforms/MacOSX.platform/Developer/usr/bin/swift-plugin-server\#SwiftMacros -disable-implicit-swift-modules -Xcc -fno-implicit-modules -Xcc -fno-implicit-module-maps -explicit-swift-module-map-file /Users/rogerlin/Library/Developer/Xcode/DerivedData/FinancialCalculatorKit-ackorybalcxbfocbkqsfdzcfkgmn/Build/Intermediates.noindex/BigInt.build/Debug/BigInt.build/Objects-normal/arm64/BigInt-dependencies-1.json -Xllvm -aarch64-use-tbi -enable-objc-interop -stack-check -sdk /Applications/Xcode.app/Contents/Developer/Platforms/MacOSX.platform/Developer/SDKs/MacOSX26.1.sdk -I /Users/rogerlin/Library/Developer/Xcode/DerivedData/FinancialCalculatorKit-ackorybalcxbfocbkqsfdzcfkgmn/Build/Products/Debug -Isystem /Applications/Xcode.app/Contents/Developer/Platforms/MacOSX.platform/Developer/usr/lib -F /Users/rogerlin/Library/Developer/Xcode/DerivedData/FinancialCalculatorKit-ackorybalcxbfocbkqsfdzcfkgmn/Build/Products/Debug -F /Applications/Xcode.app/Contents/Developer/Platforms/MacOSX.platform/Developer/Library/Frameworks -no-color-diagnostics -Xcc -fno-color-diagnostics -enable-testing -g -debug-info-format\=dwarf -dwarf-version\=4 -module-cache-path /Users/rogerlin/Library/Developer/Xcode/DerivedData/FinancialCalculatorKit-ackorybalcxbfocbkqsfdzcfkgmn/Build/Intermediates.noindex/SwiftExplicitPrecompiledModules -suppress-warnings -profile-generate -profile-coverage-mapping -swift-version 5 -enforce-exclusivity\=checked -Onone -D SWIFT_PACKAGE -D DEBUG -D SWIFT_MODULE_RESOURCE_BUNDLE_UNAVAILABLE -D Xcode -serialize-debugging-options -const-gather-protocols-file /Users/rogerlin/Library/Developer/Xcode/DerivedData/FinancialCalculatorKit-ackorybalcxbfocbkqsfdzcfkgmn/Build/Intermediates.noindex/BigInt.build/Debug/BigInt.build/Objects-normal/arm64/BigInt_const_extract_protocols.json -enable-experimental-feature DebugDescriptionMacro -empty-abi-descriptor -validate-clang-modules-once -clang-build-session-file /Users/rogerlin/Library/Developer/Xcode/DerivedData/ModuleCache.noindex/Session.modulevalidation -Xcc -working-directory -Xcc /Users/rogerlin/XCode-Projects/FinancialCalculatorKit-5.0-updated-accent-colors/FinancialCalculatorKit.xcodeproj -enable-anonymous-context-mangled-names -file-compilation-dir /Users/rogerlin/XCode-Projects/FinancialCalculatorKit-5.0-updated-accent-colors/FinancialCalculatorKit.xcodeproj -Xcc -D_LIBCPP_HARDENING_MODE\=_LIBCPP_HARDENING_MODE_DEBUG -Xcc -ivfsstatcache -Xcc /Users/rogerlin/Library/Developer/Xcode/DerivedData/SDKStatCaches.noindex/macosx26.1-25B74-3ae1261907bdadc328169391a47051a6.sdkstatcache -Xcc -I/Users/rogerlin/Library/Developer/Xcode/DerivedData/FinancialCalculatorKit-ackorybalcxbfocbkqsfdzcfkgmn/Build/Intermediates.noindex/BigInt.build/Debug/BigInt.build/swift-overrides.hmap -Xcc -I/Users/rogerlin/Library/Developer/Xcode/DerivedData/FinancialCalculatorKit-ackorybalcxbfocbkqsfdzcfkgmn/Build/Products/Debug/include -Xcc -I/Users/rogerlin/Library/Developer/Xcode/DerivedData/FinancialCalculatorKit-ackorybalcxbfocbkqsfdzcfkgmn/Build/Intermediates.noindex/BigInt.build/Debug/BigInt.build/DerivedSources-normal/arm64 -Xcc -I/Users/rogerlin/Library/Developer/Xcode/DerivedData/FinancialCalculatorKit-ackorybalcxbfocbkqsfdzcfkgmn/Build/Intermediates.noindex/BigInt.build/Debug/BigInt.build/DerivedSources/arm64 -Xcc -I/Users/rogerlin/Library/Developer/Xcode/DerivedData/FinancialCalculatorKit-ackorybalcxbfocbkqsfdzcfkgmn/Build/Intermediates.noindex/BigInt.build/Debug/BigInt.build/DerivedSources -Xcc -DSWIFT_PACKAGE -Xcc -DDEBUG\=1 -no-auto-bridging-header-chaining -module-name BigInt -package-name bigint -frontend-parseable-output -disable-clang-spi -target-sdk-version 26.1 -target-sdk-name macosx26.1 -clang-target arm64-apple-macos26.1 -in-process-plugin-server-path /Applications/Xcode.app/Contents/Developer/Toolchains/XcodeDefault.xctoolchain/usr/lib/swift/host/libSwiftInProcPluginServer.dylib -o /Users/rogerlin/Library/Developer/Xcode/DerivedData/FinancialCalculatorKit-ackorybalcxbfocbkqsfdzcfkgmn/Build/Intermediates.noindex/BigInt.build/Debug/BigInt.build/Objects-normal/arm64/GCD.o -index-unit-output-path /BigInt.build/Debug/BigInt.build/Objects-normal/arm64/GCD.o -index-store-path /Users/rogerlin/Library/Developer/Xcode/DerivedData/FinancialCalculatorKit-ackorybalcxbfocbkqsfdzcfkgmn/Index.noindex/DataStore -index-system-modules

SwiftCompile normal arm64 /Users/rogerlin/Library/Developer/Xcode/DerivedData/FinancialCalculatorKit-ackorybalcxbfocbkqsfdzcfkgmn/SourcePackages/checkouts/BigInt/Sources/BigInt/GCD.swift (in target 'BigInt' from project 'BigInt')
    cd /Users/rogerlin/XCode-Projects/FinancialCalculatorKit-5.0-updated-accent-colors/FinancialCalculatorKit.xcodeproj
    

SwiftDriverJobDiscovery normal arm64 Compiling BreakpointReporter.swift (in target 'IssueReporting' from project 'xctest-dynamic-overlay')

SwiftCompile normal arm64 Compiling\ Factorial.swift /Users/rogerlin/Library/Developer/Xcode/DerivedData/FinancialCalculatorKit-ackorybalcxbfocbkqsfdzcfkgmn/SourcePackages/checkouts/BigInt/Sources/BigInt/Factorial.swift (in target 'BigInt' from project 'BigInt')
/Applications/Xcode.app/Contents/Developer/Toolchains/XcodeDefault.xctoolchain/usr/bin/swift-frontend -frontend -c /Users/rogerlin/Library/Developer/Xcode/DerivedData/FinancialCalculatorKit-ackorybalcxbfocbkqsfdzcfkgmn/SourcePackages/checkouts/BigInt/Sources/BigInt/BigFrac.swift /Users/rogerlin/Library/Developer/Xcode/DerivedData/FinancialCalculatorKit-ackorybalcxbfocbkqsfdzcfkgmn/SourcePackages/checkouts/BigInt/Sources/BigInt/BigInt-Extensions.swift /Users/rogerlin/Library/Developer/Xcode/DerivedData/FinancialCalculatorKit-ackorybalcxbfocbkqsfdzcfkgmn/SourcePackages/checkouts/BigInt/Sources/BigInt/BigInt.swift /Users/rogerlin/Library/Developer/Xcode/DerivedData/FinancialCalculatorKit-ackorybalcxbfocbkqsfdzcfkgmn/SourcePackages/checkouts/BigInt/Sources/BigInt/BitSieve.swift /Users/rogerlin/Library/Developer/Xcode/DerivedData/FinancialCalculatorKit-ackorybalcxbfocbkqsfdzcfkgmn/SourcePackages/checkouts/BigInt/Sources/BigInt/BurnikelZiegler.swift /Users/rogerlin/Library/Developer/Xcode/DerivedData/FinancialCalculatorKit-ackorybalcxbfocbkqsfdzcfkgmn/SourcePackages/checkouts/BigInt/Sources/BigInt/CRT.swift /Users/rogerlin/Library/Developer/Xcode/DerivedData/FinancialCalculatorKit-ackorybalcxbfocbkqsfdzcfkgmn/SourcePackages/checkouts/BigInt/Sources/BigInt/ExpMod.swift /Users/rogerlin/Library/Developer/Xcode/DerivedData/FinancialCalculatorKit-ackorybalcxbfocbkqsfdzcfkgmn/SourcePackages/checkouts/BigInt/Sources/BigInt/FFT.swift -primary-file /Users/rogerlin/Library/Developer/Xcode/DerivedData/FinancialCalculatorKit-ackorybalcxbfocbkqsfdzcfkgmn/SourcePackages/checkouts/BigInt/Sources/BigInt/Factorial.swift /Users/rogerlin/Library/Developer/Xcode/DerivedData/FinancialCalculatorKit-ackorybalcxbfocbkqsfdzcfkgmn/SourcePackages/checkouts/BigInt/Sources/BigInt/GCD.swift /Users/rogerlin/Library/Developer/Xcode/DerivedData/FinancialCalculatorKit-ackorybalcxbfocbkqsfdzcfkgmn/SourcePackages/checkouts/BigInt/Sources/BigInt/Karatsuba.swift /Users/rogerlin/Library/Developer/Xcode/DerivedData/FinancialCalculatorKit-ackorybalcxbfocbkqsfdzcfkgmn/SourcePackages/checkouts/BigInt/Sources/BigInt/Limbs.swift /Users/rogerlin/Library/Developer/Xcode/DerivedData/FinancialCalculatorKit-ackorybalcxbfocbkqsfdzcfkgmn/SourcePackages/checkouts/BigInt/Sources/BigInt/ToomCook.swift -emit-dependencies-path /Users/rogerlin/Library/Developer/Xcode/DerivedData/FinancialCalculatorKit-ackorybalcxbfocbkqsfdzcfkgmn/Build/Intermediates.noindex/BigInt.build/Debug/BigInt.build/Objects-normal/arm64/Factorial.d -emit-const-values-path /Users/rogerlin/Library/Developer/Xcode/DerivedData/FinancialCalculatorKit-ackorybalcxbfocbkqsfdzcfkgmn/Build/Intermediates.noindex/BigInt.build/Debug/BigInt.build/Objects-normal/arm64/Factorial.swiftconstvalues -emit-reference-dependencies-path /Users/rogerlin/Library/Developer/Xcode/DerivedData/FinancialCalculatorKit-ackorybalcxbfocbkqsfdzcfkgmn/Build/Intermediates.noindex/BigInt.build/Debug/BigInt.build/Objects-normal/arm64/Factorial.swiftdeps -serialize-diagnostics-path /Users/rogerlin/Library/Developer/Xcode/DerivedData/FinancialCalculatorKit-ackorybalcxbfocbkqsfdzcfkgmn/Build/Intermediates.noindex/BigInt.build/Debug/BigInt.build/Objects-normal/arm64/Factorial.dia -target arm64-apple-macos13.3 -load-resolved-plugin /Applications/Xcode.app/Contents/Developer/Platforms/MacOSX.platform/Developer/usr/lib/swift/host/plugins/libFoundationMacros.dylib\#/Applications/Xcode.app/Contents/Developer/Platforms/MacOSX.platform/Developer/usr/bin/swift-plugin-server\#FoundationMacros -load-resolved-plugin /Applications/Xcode.app/Contents/Developer/Platforms/MacOSX.platform/Developer/usr/lib/swift/host/plugins/libObservationMacros.dylib\#/Applications/Xcode.app/Contents/Developer/Platforms/MacOSX.platform/Developer/usr/bin/swift-plugin-server\#ObservationMacros -load-resolved-plugin /Applications/Xcode.app/Contents/Developer/Platforms/MacOSX.platform/Developer/usr/lib/swift/host/plugins/libSwiftMacros.dylib\#/Applications/Xcode.app/Contents/Developer/Platforms/MacOSX.platform/Developer/usr/bin/swift-plugin-server\#SwiftMacros -disable-implicit-swift-modules -Xcc -fno-implicit-modules -Xcc -fno-implicit-module-maps -explicit-swift-module-map-file /Users/rogerlin/Library/Developer/Xcode/DerivedData/FinancialCalculatorKit-ackorybalcxbfocbkqsfdzcfkgmn/Build/Intermediates.noindex/BigInt.build/Debug/BigInt.build/Objects-normal/arm64/BigInt-dependencies-1.json -Xllvm -aarch64-use-tbi -enable-objc-interop -stack-check -sdk /Applications/Xcode.app/Contents/Developer/Platforms/MacOSX.platform/Developer/SDKs/MacOSX26.1.sdk -I /Users/rogerlin/Library/Developer/Xcode/DerivedData/FinancialCalculatorKit-ackorybalcxbfocbkqsfdzcfkgmn/Build/Products/Debug -Isystem /Applications/Xcode.app/Contents/Developer/Platforms/MacOSX.platform/Developer/usr/lib -F /Users/rogerlin/Library/Developer/Xcode/DerivedData/FinancialCalculatorKit-ackorybalcxbfocbkqsfdzcfkgmn/Build/Products/Debug -F /Applications/Xcode.app/Contents/Developer/Platforms/MacOSX.platform/Developer/Library/Frameworks -no-color-diagnostics -Xcc -fno-color-diagnostics -enable-testing -g -debug-info-format\=dwarf -dwarf-version\=4 -module-cache-path /Users/rogerlin/Library/Developer/Xcode/DerivedData/FinancialCalculatorKit-ackorybalcxbfocbkqsfdzcfkgmn/Build/Intermediates.noindex/SwiftExplicitPrecompiledModules -suppress-warnings -profile-generate -profile-coverage-mapping -swift-version 5 -enforce-exclusivity\=checked -Onone -D SWIFT_PACKAGE -D DEBUG -D SWIFT_MODULE_RESOURCE_BUNDLE_UNAVAILABLE -D Xcode -serialize-debugging-options -const-gather-protocols-file /Users/rogerlin/Library/Developer/Xcode/DerivedData/FinancialCalculatorKit-ackorybalcxbfocbkqsfdzcfkgmn/Build/Intermediates.noindex/BigInt.build/Debug/BigInt.build/Objects-normal/arm64/BigInt_const_extract_protocols.json -enable-experimental-feature DebugDescriptionMacro -empty-abi-descriptor -validate-clang-modules-once -clang-build-session-file /Users/rogerlin/Library/Developer/Xcode/DerivedData/ModuleCache.noindex/Session.modulevalidation -Xcc -working-directory -Xcc /Users/rogerlin/XCode-Projects/FinancialCalculatorKit-5.0-updated-accent-colors/FinancialCalculatorKit.xcodeproj -enable-anonymous-context-mangled-names -file-compilation-dir /Users/rogerlin/XCode-Projects/FinancialCalculatorKit-5.0-updated-accent-colors/FinancialCalculatorKit.xcodeproj -Xcc -D_LIBCPP_HARDENING_MODE\=_LIBCPP_HARDENING_MODE_DEBUG -Xcc -ivfsstatcache -Xcc /Users/rogerlin/Library/Developer/Xcode/DerivedData/SDKStatCaches.noindex/macosx26.1-25B74-3ae1261907bdadc328169391a47051a6.sdkstatcache -Xcc -I/Users/rogerlin/Library/Developer/Xcode/DerivedData/FinancialCalculatorKit-ackorybalcxbfocbkqsfdzcfkgmn/Build/Intermediates.noindex/BigInt.build/Debug/BigInt.build/swift-overrides.hmap -Xcc -I/Users/rogerlin/Library/Developer/Xcode/DerivedData/FinancialCalculatorKit-ackorybalcxbfocbkqsfdzcfkgmn/Build/Products/Debug/include -Xcc -I/Users/rogerlin/Library/Developer/Xcode/DerivedData/FinancialCalculatorKit-ackorybalcxbfocbkqsfdzcfkgmn/Build/Intermediates.noindex/BigInt.build/Debug/BigInt.build/DerivedSources-normal/arm64 -Xcc -I/Users/rogerlin/Library/Developer/Xcode/DerivedData/FinancialCalculatorKit-ackorybalcxbfocbkqsfdzcfkgmn/Build/Intermediates.noindex/BigInt.build/Debug/BigInt.build/DerivedSources/arm64 -Xcc -I/Users/rogerlin/Library/Developer/Xcode/DerivedData/FinancialCalculatorKit-ackorybalcxbfocbkqsfdzcfkgmn/Build/Intermediates.noindex/BigInt.build/Debug/BigInt.build/DerivedSources -Xcc -DSWIFT_PACKAGE -Xcc -DDEBUG\=1 -no-auto-bridging-header-chaining -module-name BigInt -package-name bigint -frontend-parseable-output -disable-clang-spi -target-sdk-version 26.1 -target-sdk-name macosx26.1 -clang-target arm64-apple-macos26.1 -in-process-plugin-server-path /Applications/Xcode.app/Contents/Developer/Toolchains/XcodeDefault.xctoolchain/usr/lib/swift/host/libSwiftInProcPluginServer.dylib -o /Users/rogerlin/Library/Developer/Xcode/DerivedData/FinancialCalculatorKit-ackorybalcxbfocbkqsfdzcfkgmn/Build/Intermediates.noindex/BigInt.build/Debug/BigInt.build/Objects-normal/arm64/Factorial.o -index-unit-output-path /BigInt.build/Debug/BigInt.build/Objects-normal/arm64/Factorial.o -index-store-path /Users/rogerlin/Library/Developer/Xcode/DerivedData/FinancialCalculatorKit-ackorybalcxbfocbkqsfdzcfkgmn/Index.noindex/DataStore -index-system-modules

SwiftCompile normal arm64 /Users/rogerlin/Library/Developer/Xcode/DerivedData/FinancialCalculatorKit-ackorybalcxbfocbkqsfdzcfkgmn/SourcePackages/checkouts/BigInt/Sources/BigInt/Factorial.swift (in target 'BigInt' from project 'BigInt')
    cd /Users/rogerlin/XCode-Projects/FinancialCalculatorKit-5.0-updated-accent-colors/FinancialCalculatorKit.xcodeproj
    

SwiftDriverJobDiscovery normal arm64 Compiling Deprecations.swift, FailureObserver.swift (in target 'IssueReporting' from project 'xctest-dynamic-overlay')

SwiftCompile normal arm64 Compiling\ ExpMod.swift /Users/rogerlin/Library/Developer/Xcode/DerivedData/FinancialCalculatorKit-ackorybalcxbfocbkqsfdzcfkgmn/SourcePackages/checkouts/BigInt/Sources/BigInt/ExpMod.swift (in target 'BigInt' from project 'BigInt')
/Applications/Xcode.app/Contents/Developer/Toolchains/XcodeDefault.xctoolchain/usr/bin/swift-frontend -frontend -c /Users/rogerlin/Library/Developer/Xcode/DerivedData/FinancialCalculatorKit-ackorybalcxbfocbkqsfdzcfkgmn/SourcePackages/checkouts/BigInt/Sources/BigInt/BigFrac.swift /Users/rogerlin/Library/Developer/Xcode/DerivedData/FinancialCalculatorKit-ackorybalcxbfocbkqsfdzcfkgmn/SourcePackages/checkouts/BigInt/Sources/BigInt/BigInt-Extensions.swift /Users/rogerlin/Library/Developer/Xcode/DerivedData/FinancialCalculatorKit-ackorybalcxbfocbkqsfdzcfkgmn/SourcePackages/checkouts/BigInt/Sources/BigInt/BigInt.swift /Users/rogerlin/Library/Developer/Xcode/DerivedData/FinancialCalculatorKit-ackorybalcxbfocbkqsfdzcfkgmn/SourcePackages/checkouts/BigInt/Sources/BigInt/BitSieve.swift /Users/rogerlin/Library/Developer/Xcode/DerivedData/FinancialCalculatorKit-ackorybalcxbfocbkqsfdzcfkgmn/SourcePackages/checkouts/BigInt/Sources/BigInt/BurnikelZiegler.swift /Users/rogerlin/Library/Developer/Xcode/DerivedData/FinancialCalculatorKit-ackorybalcxbfocbkqsfdzcfkgmn/SourcePackages/checkouts/BigInt/Sources/BigInt/CRT.swift -primary-file /Users/rogerlin/Library/Developer/Xcode/DerivedData/FinancialCalculatorKit-ackorybalcxbfocbkqsfdzcfkgmn/SourcePackages/checkouts/BigInt/Sources/BigInt/ExpMod.swift /Users/rogerlin/Library/Developer/Xcode/DerivedData/FinancialCalculatorKit-ackorybalcxbfocbkqsfdzcfkgmn/SourcePackages/checkouts/BigInt/Sources/BigInt/FFT.swift /Users/rogerlin/Library/Developer/Xcode/DerivedData/FinancialCalculatorKit-ackorybalcxbfocbkqsfdzcfkgmn/SourcePackages/checkouts/BigInt/Sources/BigInt/Factorial.swift /Users/rogerlin/Library/Developer/Xcode/DerivedData/FinancialCalculatorKit-ackorybalcxbfocbkqsfdzcfkgmn/SourcePackages/checkouts/BigInt/Sources/BigInt/GCD.swift /Users/rogerlin/Library/Developer/Xcode/DerivedData/FinancialCalculatorKit-ackorybalcxbfocbkqsfdzcfkgmn/SourcePackages/checkouts/BigInt/Sources/BigInt/Karatsuba.swift /Users/rogerlin/Library/Developer/Xcode/DerivedData/FinancialCalculatorKit-ackorybalcxbfocbkqsfdzcfkgmn/SourcePackages/checkouts/BigInt/Sources/BigInt/Limbs.swift /Users/rogerlin/Library/Developer/Xcode/DerivedData/FinancialCalculatorKit-ackorybalcxbfocbkqsfdzcfkgmn/SourcePackages/checkouts/BigInt/Sources/BigInt/ToomCook.swift -emit-dependencies-path /Users/rogerlin/Library/Developer/Xcode/DerivedData/FinancialCalculatorKit-ackorybalcxbfocbkqsfdzcfkgmn/Build/Intermediates.noindex/BigInt.build/Debug/BigInt.build/Objects-normal/arm64/ExpMod.d -emit-const-values-path /Users/rogerlin/Library/Developer/Xcode/DerivedData/FinancialCalculatorKit-ackorybalcxbfocbkqsfdzcfkgmn/Build/Intermediates.noindex/BigInt.build/Debug/BigInt.build/Objects-normal/arm64/ExpMod.swiftconstvalues -emit-reference-dependencies-path /Users/rogerlin/Library/Developer/Xcode/DerivedData/FinancialCalculatorKit-ackorybalcxbfocbkqsfdzcfkgmn/Build/Intermediates.noindex/BigInt.build/Debug/BigInt.build/Objects-normal/arm64/ExpMod.swiftdeps -serialize-diagnostics-path /Users/rogerlin/Library/Developer/Xcode/DerivedData/FinancialCalculatorKit-ackorybalcxbfocbkqsfdzcfkgmn/Build/Intermediates.noindex/BigInt.build/Debug/BigInt.build/Objects-normal/arm64/ExpMod.dia -target arm64-apple-macos13.3 -load-resolved-plugin /Applications/Xcode.app/Contents/Developer/Platforms/MacOSX.platform/Developer/usr/lib/swift/host/plugins/libFoundationMacros.dylib\#/Applications/Xcode.app/Contents/Developer/Platforms/MacOSX.platform/Developer/usr/bin/swift-plugin-server\#FoundationMacros -load-resolved-plugin /Applications/Xcode.app/Contents/Developer/Platforms/MacOSX.platform/Developer/usr/lib/swift/host/plugins/libObservationMacros.dylib\#/Applications/Xcode.app/Contents/Developer/Platforms/MacOSX.platform/Developer/usr/bin/swift-plugin-server\#ObservationMacros -load-resolved-plugin /Applications/Xcode.app/Contents/Developer/Platforms/MacOSX.platform/Developer/usr/lib/swift/host/plugins/libSwiftMacros.dylib\#/Applications/Xcode.app/Contents/Developer/Platforms/MacOSX.platform/Developer/usr/bin/swift-plugin-server\#SwiftMacros -disable-implicit-swift-modules -Xcc -fno-implicit-modules -Xcc -fno-implicit-module-maps -explicit-swift-module-map-file /Users/rogerlin/Library/Developer/Xcode/DerivedData/FinancialCalculatorKit-ackorybalcxbfocbkqsfdzcfkgmn/Build/Intermediates.noindex/BigInt.build/Debug/BigInt.build/Objects-normal/arm64/BigInt-dependencies-1.json -Xllvm -aarch64-use-tbi -enable-objc-interop -stack-check -sdk /Applications/Xcode.app/Contents/Developer/Platforms/MacOSX.platform/Developer/SDKs/MacOSX26.1.sdk -I /Users/rogerlin/Library/Developer/Xcode/DerivedData/FinancialCalculatorKit-ackorybalcxbfocbkqsfdzcfkgmn/Build/Products/Debug -Isystem /Applications/Xcode.app/Contents/Developer/Platforms/MacOSX.platform/Developer/usr/lib -F /Users/rogerlin/Library/Developer/Xcode/DerivedData/FinancialCalculatorKit-ackorybalcxbfocbkqsfdzcfkgmn/Build/Products/Debug -F /Applications/Xcode.app/Contents/Developer/Platforms/MacOSX.platform/Developer/Library/Frameworks -no-color-diagnostics -Xcc -fno-color-diagnostics -enable-testing -g -debug-info-format\=dwarf -dwarf-version\=4 -module-cache-path /Users/rogerlin/Library/Developer/Xcode/DerivedData/FinancialCalculatorKit-ackorybalcxbfocbkqsfdzcfkgmn/Build/Intermediates.noindex/SwiftExplicitPrecompiledModules -suppress-warnings -profile-generate -profile-coverage-mapping -swift-version 5 -enforce-exclusivity\=checked -Onone -D SWIFT_PACKAGE -D DEBUG -D SWIFT_MODULE_RESOURCE_BUNDLE_UNAVAILABLE -D Xcode -serialize-debugging-options -const-gather-protocols-file /Users/rogerlin/Library/Developer/Xcode/DerivedData/FinancialCalculatorKit-ackorybalcxbfocbkqsfdzcfkgmn/Build/Intermediates.noindex/BigInt.build/Debug/BigInt.build/Objects-normal/arm64/BigInt_const_extract_protocols.json -enable-experimental-feature DebugDescriptionMacro -empty-abi-descriptor -validate-clang-modules-once -clang-build-session-file /Users/rogerlin/Library/Developer/Xcode/DerivedData/ModuleCache.noindex/Session.modulevalidation -Xcc -working-directory -Xcc /Users/rogerlin/XCode-Projects/FinancialCalculatorKit-5.0-updated-accent-colors/FinancialCalculatorKit.xcodeproj -enable-anonymous-context-mangled-names -file-compilation-dir /Users/rogerlin/XCode-Projects/FinancialCalculatorKit-5.0-updated-accent-colors/FinancialCalculatorKit.xcodeproj -Xcc -D_LIBCPP_HARDENING_MODE\=_LIBCPP_HARDENING_MODE_DEBUG -Xcc -ivfsstatcache -Xcc /Users/rogerlin/Library/Developer/Xcode/DerivedData/SDKStatCaches.noindex/macosx26.1-25B74-3ae1261907bdadc328169391a47051a6.sdkstatcache -Xcc -I/Users/rogerlin/Library/Developer/Xcode/DerivedData/FinancialCalculatorKit-ackorybalcxbfocbkqsfdzcfkgmn/Build/Intermediates.noindex/BigInt.build/Debug/BigInt.build/swift-overrides.hmap -Xcc -I/Users/rogerlin/Library/Developer/Xcode/DerivedData/FinancialCalculatorKit-ackorybalcxbfocbkqsfdzcfkgmn/Build/Products/Debug/include -Xcc -I/Users/rogerlin/Library/Developer/Xcode/DerivedData/FinancialCalculatorKit-ackorybalcxbfocbkqsfdzcfkgmn/Build/Intermediates.noindex/BigInt.build/Debug/BigInt.build/DerivedSources-normal/arm64 -Xcc -I/Users/rogerlin/Library/Developer/Xcode/DerivedData/FinancialCalculatorKit-ackorybalcxbfocbkqsfdzcfkgmn/Build/Intermediates.noindex/BigInt.build/Debug/BigInt.build/DerivedSources/arm64 -Xcc -I/Users/rogerlin/Library/Developer/Xcode/DerivedData/FinancialCalculatorKit-ackorybalcxbfocbkqsfdzcfkgmn/Build/Intermediates.noindex/BigInt.build/Debug/BigInt.build/DerivedSources -Xcc -DSWIFT_PACKAGE -Xcc -DDEBUG\=1 -no-auto-bridging-header-chaining -module-name BigInt -package-name bigint -frontend-parseable-output -disable-clang-spi -target-sdk-version 26.1 -target-sdk-name macosx26.1 -clang-target arm64-apple-macos26.1 -in-process-plugin-server-path /Applications/Xcode.app/Contents/Developer/Toolchains/XcodeDefault.xctoolchain/usr/lib/swift/host/libSwiftInProcPluginServer.dylib -o /Users/rogerlin/Library/Developer/Xcode/DerivedData/FinancialCalculatorKit-ackorybalcxbfocbkqsfdzcfkgmn/Build/Intermediates.noindex/BigInt.build/Debug/BigInt.build/Objects-normal/arm64/ExpMod.o -index-unit-output-path /BigInt.build/Debug/BigInt.build/Objects-normal/arm64/ExpMod.o -index-store-path /Users/rogerlin/Library/Developer/Xcode/DerivedData/FinancialCalculatorKit-ackorybalcxbfocbkqsfdzcfkgmn/Index.noindex/DataStore -index-system-modules

SwiftCompile normal arm64 /Users/rogerlin/Library/Developer/Xcode/DerivedData/FinancialCalculatorKit-ackorybalcxbfocbkqsfdzcfkgmn/SourcePackages/checkouts/BigInt/Sources/BigInt/ExpMod.swift (in target 'BigInt' from project 'BigInt')
    cd /Users/rogerlin/XCode-Projects/FinancialCalculatorKit-5.0-updated-accent-colors/FinancialCalculatorKit.xcodeproj
    

SwiftDriverJobDiscovery normal arm64 Compiling AMInputProcessorOptions.swift, InputProcessorOptions.swift, MMLInputProcessorOptions.swift (in target 'MathJaxSwift' from project 'MathJaxSwift')

SwiftCompile normal arm64 Compiling\ CRT.swift /Users/rogerlin/Library/Developer/Xcode/DerivedData/FinancialCalculatorKit-ackorybalcxbfocbkqsfdzcfkgmn/SourcePackages/checkouts/BigInt/Sources/BigInt/CRT.swift (in target 'BigInt' from project 'BigInt')
/Applications/Xcode.app/Contents/Developer/Toolchains/XcodeDefault.xctoolchain/usr/bin/swift-frontend -frontend -c /Users/rogerlin/Library/Developer/Xcode/DerivedData/FinancialCalculatorKit-ackorybalcxbfocbkqsfdzcfkgmn/SourcePackages/checkouts/BigInt/Sources/BigInt/BigFrac.swift /Users/rogerlin/Library/Developer/Xcode/DerivedData/FinancialCalculatorKit-ackorybalcxbfocbkqsfdzcfkgmn/SourcePackages/checkouts/BigInt/Sources/BigInt/BigInt-Extensions.swift /Users/rogerlin/Library/Developer/Xcode/DerivedData/FinancialCalculatorKit-ackorybalcxbfocbkqsfdzcfkgmn/SourcePackages/checkouts/BigInt/Sources/BigInt/BigInt.swift /Users/rogerlin/Library/Developer/Xcode/DerivedData/FinancialCalculatorKit-ackorybalcxbfocbkqsfdzcfkgmn/SourcePackages/checkouts/BigInt/Sources/BigInt/BitSieve.swift /Users/rogerlin/Library/Developer/Xcode/DerivedData/FinancialCalculatorKit-ackorybalcxbfocbkqsfdzcfkgmn/SourcePackages/checkouts/BigInt/Sources/BigInt/BurnikelZiegler.swift -primary-file /Users/rogerlin/Library/Developer/Xcode/DerivedData/FinancialCalculatorKit-ackorybalcxbfocbkqsfdzcfkgmn/SourcePackages/checkouts/BigInt/Sources/BigInt/CRT.swift /Users/rogerlin/Library/Developer/Xcode/DerivedData/FinancialCalculatorKit-ackorybalcxbfocbkqsfdzcfkgmn/SourcePackages/checkouts/BigInt/Sources/BigInt/ExpMod.swift /Users/rogerlin/Library/Developer/Xcode/DerivedData/FinancialCalculatorKit-ackorybalcxbfocbkqsfdzcfkgmn/SourcePackages/checkouts/BigInt/Sources/BigInt/FFT.swift /Users/rogerlin/Library/Developer/Xcode/DerivedData/FinancialCalculatorKit-ackorybalcxbfocbkqsfdzcfkgmn/SourcePackages/checkouts/BigInt/Sources/BigInt/Factorial.swift /Users/rogerlin/Library/Developer/Xcode/DerivedData/FinancialCalculatorKit-ackorybalcxbfocbkqsfdzcfkgmn/SourcePackages/checkouts/BigInt/Sources/BigInt/GCD.swift /Users/rogerlin/Library/Developer/Xcode/DerivedData/FinancialCalculatorKit-ackorybalcxbfocbkqsfdzcfkgmn/SourcePackages/checkouts/BigInt/Sources/BigInt/Karatsuba.swift /Users/rogerlin/Library/Developer/Xcode/DerivedData/FinancialCalculatorKit-ackorybalcxbfocbkqsfdzcfkgmn/SourcePackages/checkouts/BigInt/Sources/BigInt/Limbs.swift /Users/rogerlin/Library/Developer/Xcode/DerivedData/FinancialCalculatorKit-ackorybalcxbfocbkqsfdzcfkgmn/SourcePackages/checkouts/BigInt/Sources/BigInt/ToomCook.swift -emit-dependencies-path /Users/rogerlin/Library/Developer/Xcode/DerivedData/FinancialCalculatorKit-ackorybalcxbfocbkqsfdzcfkgmn/Build/Intermediates.noindex/BigInt.build/Debug/BigInt.build/Objects-normal/arm64/CRT.d -emit-const-values-path /Users/rogerlin/Library/Developer/Xcode/DerivedData/FinancialCalculatorKit-ackorybalcxbfocbkqsfdzcfkgmn/Build/Intermediates.noindex/BigInt.build/Debug/BigInt.build/Objects-normal/arm64/CRT.swiftconstvalues -emit-reference-dependencies-path /Users/rogerlin/Library/Developer/Xcode/DerivedData/FinancialCalculatorKit-ackorybalcxbfocbkqsfdzcfkgmn/Build/Intermediates.noindex/BigInt.build/Debug/BigInt.build/Objects-normal/arm64/CRT.swiftdeps -serialize-diagnostics-path /Users/rogerlin/Library/Developer/Xcode/DerivedData/FinancialCalculatorKit-ackorybalcxbfocbkqsfdzcfkgmn/Build/Intermediates.noindex/BigInt.build/Debug/BigInt.build/Objects-normal/arm64/CRT.dia -target arm64-apple-macos13.3 -load-resolved-plugin /Applications/Xcode.app/Contents/Developer/Platforms/MacOSX.platform/Developer/usr/lib/swift/host/plugins/libFoundationMacros.dylib\#/Applications/Xcode.app/Contents/Developer/Platforms/MacOSX.platform/Developer/usr/bin/swift-plugin-server\#FoundationMacros -load-resolved-plugin /Applications/Xcode.app/Contents/Developer/Platforms/MacOSX.platform/Developer/usr/lib/swift/host/plugins/libObservationMacros.dylib\#/Applications/Xcode.app/Contents/Developer/Platforms/MacOSX.platform/Developer/usr/bin/swift-plugin-server\#ObservationMacros -load-resolved-plugin /Applications/Xcode.app/Contents/Developer/Platforms/MacOSX.platform/Developer/usr/lib/swift/host/plugins/libSwiftMacros.dylib\#/Applications/Xcode.app/Contents/Developer/Platforms/MacOSX.platform/Developer/usr/bin/swift-plugin-server\#SwiftMacros -disable-implicit-swift-modules -Xcc -fno-implicit-modules -Xcc -fno-implicit-module-maps -explicit-swift-module-map-file /Users/rogerlin/Library/Developer/Xcode/DerivedData/FinancialCalculatorKit-ackorybalcxbfocbkqsfdzcfkgmn/Build/Intermediates.noindex/BigInt.build/Debug/BigInt.build/Objects-normal/arm64/BigInt-dependencies-1.json -Xllvm -aarch64-use-tbi -enable-objc-interop -stack-check -sdk /Applications/Xcode.app/Contents/Developer/Platforms/MacOSX.platform/Developer/SDKs/MacOSX26.1.sdk -I /Users/rogerlin/Library/Developer/Xcode/DerivedData/FinancialCalculatorKit-ackorybalcxbfocbkqsfdzcfkgmn/Build/Products/Debug -Isystem /Applications/Xcode.app/Contents/Developer/Platforms/MacOSX.platform/Developer/usr/lib -F /Users/rogerlin/Library/Developer/Xcode/DerivedData/FinancialCalculatorKit-ackorybalcxbfocbkqsfdzcfkgmn/Build/Products/Debug -F /Applications/Xcode.app/Contents/Developer/Platforms/MacOSX.platform/Developer/Library/Frameworks -no-color-diagnostics -Xcc -fno-color-diagnostics -enable-testing -g -debug-info-format\=dwarf -dwarf-version\=4 -module-cache-path /Users/rogerlin/Library/Developer/Xcode/DerivedData/FinancialCalculatorKit-ackorybalcxbfocbkqsfdzcfkgmn/Build/Intermediates.noindex/SwiftExplicitPrecompiledModules -suppress-warnings -profile-generate -profile-coverage-mapping -swift-version 5 -enforce-exclusivity\=checked -Onone -D SWIFT_PACKAGE -D DEBUG -D SWIFT_MODULE_RESOURCE_BUNDLE_UNAVAILABLE -D Xcode -serialize-debugging-options -const-gather-protocols-file /Users/rogerlin/Library/Developer/Xcode/DerivedData/FinancialCalculatorKit-ackorybalcxbfocbkqsfdzcfkgmn/Build/Intermediates.noindex/BigInt.build/Debug/BigInt.build/Objects-normal/arm64/BigInt_const_extract_protocols.json -enable-experimental-feature DebugDescriptionMacro -empty-abi-descriptor -validate-clang-modules-once -clang-build-session-file /Users/rogerlin/Library/Developer/Xcode/DerivedData/ModuleCache.noindex/Session.modulevalidation -Xcc -working-directory -Xcc /Users/rogerlin/XCode-Projects/FinancialCalculatorKit-5.0-updated-accent-colors/FinancialCalculatorKit.xcodeproj -enable-anonymous-context-mangled-names -file-compilation-dir /Users/rogerlin/XCode-Projects/FinancialCalculatorKit-5.0-updated-accent-colors/FinancialCalculatorKit.xcodeproj -Xcc -D_LIBCPP_HARDENING_MODE\=_LIBCPP_HARDENING_MODE_DEBUG -Xcc -ivfsstatcache -Xcc /Users/rogerlin/Library/Developer/Xcode/DerivedData/SDKStatCaches.noindex/macosx26.1-25B74-3ae1261907bdadc328169391a47051a6.sdkstatcache -Xcc -I/Users/rogerlin/Library/Developer/Xcode/DerivedData/FinancialCalculatorKit-ackorybalcxbfocbkqsfdzcfkgmn/Build/Intermediates.noindex/BigInt.build/Debug/BigInt.build/swift-overrides.hmap -Xcc -I/Users/rogerlin/Library/Developer/Xcode/DerivedData/FinancialCalculatorKit-ackorybalcxbfocbkqsfdzcfkgmn/Build/Products/Debug/include -Xcc -I/Users/rogerlin/Library/Developer/Xcode/DerivedData/FinancialCalculatorKit-ackorybalcxbfocbkqsfdzcfkgmn/Build/Intermediates.noindex/BigInt.build/Debug/BigInt.build/DerivedSources-normal/arm64 -Xcc -I/Users/rogerlin/Library/Developer/Xcode/DerivedData/FinancialCalculatorKit-ackorybalcxbfocbkqsfdzcfkgmn/Build/Intermediates.noindex/BigInt.build/Debug/BigInt.build/DerivedSources/arm64 -Xcc -I/Users/rogerlin/Library/Developer/Xcode/DerivedData/FinancialCalculatorKit-ackorybalcxbfocbkqsfdzcfkgmn/Build/Intermediates.noindex/BigInt.build/Debug/BigInt.build/DerivedSources -Xcc -DSWIFT_PACKAGE -Xcc -DDEBUG\=1 -no-auto-bridging-header-chaining -module-name BigInt -package-name bigint -frontend-parseable-output -disable-clang-spi -target-sdk-version 26.1 -target-sdk-name macosx26.1 -clang-target arm64-apple-macos26.1 -in-process-plugin-server-path /Applications/Xcode.app/Contents/Developer/Toolchains/XcodeDefault.xctoolchain/usr/lib/swift/host/libSwiftInProcPluginServer.dylib -o /Users/rogerlin/Library/Developer/Xcode/DerivedData/FinancialCalculatorKit-ackorybalcxbfocbkqsfdzcfkgmn/Build/Intermediates.noindex/BigInt.build/Debug/BigInt.build/Objects-normal/arm64/CRT.o -index-unit-output-path /BigInt.build/Debug/BigInt.build/Objects-normal/arm64/CRT.o -index-store-path /Users/rogerlin/Library/Developer/Xcode/DerivedData/FinancialCalculatorKit-ackorybalcxbfocbkqsfdzcfkgmn/Index.noindex/DataStore -index-system-modules

SwiftCompile normal arm64 /Users/rogerlin/Library/Developer/Xcode/DerivedData/FinancialCalculatorKit-ackorybalcxbfocbkqsfdzcfkgmn/SourcePackages/checkouts/BigInt/Sources/BigInt/CRT.swift (in target 'BigInt' from project 'BigInt')
    cd /Users/rogerlin/XCode-Projects/FinancialCalculatorKit-5.0-updated-accent-colors/FinancialCalculatorKit.xcodeproj
    

SwiftDriverJobDiscovery normal arm64 Compiling IsTesting.swift (in target 'IssueReporting' from project 'xctest-dynamic-overlay')

SwiftCompile normal arm64 Compiling\ BitSieve.swift /Users/rogerlin/Library/Developer/Xcode/DerivedData/FinancialCalculatorKit-ackorybalcxbfocbkqsfdzcfkgmn/SourcePackages/checkouts/BigInt/Sources/BigInt/BitSieve.swift (in target 'BigInt' from project 'BigInt')
/Applications/Xcode.app/Contents/Developer/Toolchains/XcodeDefault.xctoolchain/usr/bin/swift-frontend -frontend -c /Users/rogerlin/Library/Developer/Xcode/DerivedData/FinancialCalculatorKit-ackorybalcxbfocbkqsfdzcfkgmn/SourcePackages/checkouts/BigInt/Sources/BigInt/BigFrac.swift /Users/rogerlin/Library/Developer/Xcode/DerivedData/FinancialCalculatorKit-ackorybalcxbfocbkqsfdzcfkgmn/SourcePackages/checkouts/BigInt/Sources/BigInt/BigInt-Extensions.swift /Users/rogerlin/Library/Developer/Xcode/DerivedData/FinancialCalculatorKit-ackorybalcxbfocbkqsfdzcfkgmn/SourcePackages/checkouts/BigInt/Sources/BigInt/BigInt.swift -primary-file /Users/rogerlin/Library/Developer/Xcode/DerivedData/FinancialCalculatorKit-ackorybalcxbfocbkqsfdzcfkgmn/SourcePackages/checkouts/BigInt/Sources/BigInt/BitSieve.swift /Users/rogerlin/Library/Developer/Xcode/DerivedData/FinancialCalculatorKit-ackorybalcxbfocbkqsfdzcfkgmn/SourcePackages/checkouts/BigInt/Sources/BigInt/BurnikelZiegler.swift /Users/rogerlin/Library/Developer/Xcode/DerivedData/FinancialCalculatorKit-ackorybalcxbfocbkqsfdzcfkgmn/SourcePackages/checkouts/BigInt/Sources/BigInt/CRT.swift /Users/rogerlin/Library/Developer/Xcode/DerivedData/FinancialCalculatorKit-ackorybalcxbfocbkqsfdzcfkgmn/SourcePackages/checkouts/BigInt/Sources/BigInt/ExpMod.swift /Users/rogerlin/Library/Developer/Xcode/DerivedData/FinancialCalculatorKit-ackorybalcxbfocbkqsfdzcfkgmn/SourcePackages/checkouts/BigInt/Sources/BigInt/FFT.swift /Users/rogerlin/Library/Developer/Xcode/DerivedData/FinancialCalculatorKit-ackorybalcxbfocbkqsfdzcfkgmn/SourcePackages/checkouts/BigInt/Sources/BigInt/Factorial.swift /Users/rogerlin/Library/Developer/Xcode/DerivedData/FinancialCalculatorKit-ackorybalcxbfocbkqsfdzcfkgmn/SourcePackages/checkouts/BigInt/Sources/BigInt/GCD.swift /Users/rogerlin/Library/Developer/Xcode/DerivedData/FinancialCalculatorKit-ackorybalcxbfocbkqsfdzcfkgmn/SourcePackages/checkouts/BigInt/Sources/BigInt/Karatsuba.swift /Users/rogerlin/Library/Developer/Xcode/DerivedData/FinancialCalculatorKit-ackorybalcxbfocbkqsfdzcfkgmn/SourcePackages/checkouts/BigInt/Sources/BigInt/Limbs.swift /Users/rogerlin/Library/Developer/Xcode/DerivedData/FinancialCalculatorKit-ackorybalcxbfocbkqsfdzcfkgmn/SourcePackages/checkouts/BigInt/Sources/BigInt/ToomCook.swift -emit-dependencies-path /Users/rogerlin/Library/Developer/Xcode/DerivedData/FinancialCalculatorKit-ackorybalcxbfocbkqsfdzcfkgmn/Build/Intermediates.noindex/BigInt.build/Debug/BigInt.build/Objects-normal/arm64/BitSieve.d -emit-const-values-path /Users/rogerlin/Library/Developer/Xcode/DerivedData/FinancialCalculatorKit-ackorybalcxbfocbkqsfdzcfkgmn/Build/Intermediates.noindex/BigInt.build/Debug/BigInt.build/Objects-normal/arm64/BitSieve.swiftconstvalues -emit-reference-dependencies-path /Users/rogerlin/Library/Developer/Xcode/DerivedData/FinancialCalculatorKit-ackorybalcxbfocbkqsfdzcfkgmn/Build/Intermediates.noindex/BigInt.build/Debug/BigInt.build/Objects-normal/arm64/BitSieve.swiftdeps -serialize-diagnostics-path /Users/rogerlin/Library/Developer/Xcode/DerivedData/FinancialCalculatorKit-ackorybalcxbfocbkqsfdzcfkgmn/Build/Intermediates.noindex/BigInt.build/Debug/BigInt.build/Objects-normal/arm64/BitSieve.dia -target arm64-apple-macos13.3 -load-resolved-plugin /Applications/Xcode.app/Contents/Developer/Platforms/MacOSX.platform/Developer/usr/lib/swift/host/plugins/libFoundationMacros.dylib\#/Applications/Xcode.app/Contents/Developer/Platforms/MacOSX.platform/Developer/usr/bin/swift-plugin-server\#FoundationMacros -load-resolved-plugin /Applications/Xcode.app/Contents/Developer/Platforms/MacOSX.platform/Developer/usr/lib/swift/host/plugins/libObservationMacros.dylib\#/Applications/Xcode.app/Contents/Developer/Platforms/MacOSX.platform/Developer/usr/bin/swift-plugin-server\#ObservationMacros -load-resolved-plugin /Applications/Xcode.app/Contents/Developer/Platforms/MacOSX.platform/Developer/usr/lib/swift/host/plugins/libSwiftMacros.dylib\#/Applications/Xcode.app/Contents/Developer/Platforms/MacOSX.platform/Developer/usr/bin/swift-plugin-server\#SwiftMacros -disable-implicit-swift-modules -Xcc -fno-implicit-modules -Xcc -fno-implicit-module-maps -explicit-swift-module-map-file /Users/rogerlin/Library/Developer/Xcode/DerivedData/FinancialCalculatorKit-ackorybalcxbfocbkqsfdzcfkgmn/Build/Intermediates.noindex/BigInt.build/Debug/BigInt.build/Objects-normal/arm64/BigInt-dependencies-1.json -Xllvm -aarch64-use-tbi -enable-objc-interop -stack-check -sdk /Applications/Xcode.app/Contents/Developer/Platforms/MacOSX.platform/Developer/SDKs/MacOSX26.1.sdk -I /Users/rogerlin/Library/Developer/Xcode/DerivedData/FinancialCalculatorKit-ackorybalcxbfocbkqsfdzcfkgmn/Build/Products/Debug -Isystem /Applications/Xcode.app/Contents/Developer/Platforms/MacOSX.platform/Developer/usr/lib -F /Users/rogerlin/Library/Developer/Xcode/DerivedData/FinancialCalculatorKit-ackorybalcxbfocbkqsfdzcfkgmn/Build/Products/Debug -F /Applications/Xcode.app/Contents/Developer/Platforms/MacOSX.platform/Developer/Library/Frameworks -no-color-diagnostics -Xcc -fno-color-diagnostics -enable-testing -g -debug-info-format\=dwarf -dwarf-version\=4 -module-cache-path /Users/rogerlin/Library/Developer/Xcode/DerivedData/FinancialCalculatorKit-ackorybalcxbfocbkqsfdzcfkgmn/Build/Intermediates.noindex/SwiftExplicitPrecompiledModules -suppress-warnings -profile-generate -profile-coverage-mapping -swift-version 5 -enforce-exclusivity\=checked -Onone -D SWIFT_PACKAGE -D DEBUG -D SWIFT_MODULE_RESOURCE_BUNDLE_UNAVAILABLE -D Xcode -serialize-debugging-options -const-gather-protocols-file /Users/rogerlin/Library/Developer/Xcode/DerivedData/FinancialCalculatorKit-ackorybalcxbfocbkqsfdzcfkgmn/Build/Intermediates.noindex/BigInt.build/Debug/BigInt.build/Objects-normal/arm64/BigInt_const_extract_protocols.json -enable-experimental-feature DebugDescriptionMacro -empty-abi-descriptor -validate-clang-modules-once -clang-build-session-file /Users/rogerlin/Library/Developer/Xcode/DerivedData/ModuleCache.noindex/Session.modulevalidation -Xcc -working-directory -Xcc /Users/rogerlin/XCode-Projects/FinancialCalculatorKit-5.0-updated-accent-colors/FinancialCalculatorKit.xcodeproj -enable-anonymous-context-mangled-names -file-compilation-dir /Users/rogerlin/XCode-Projects/FinancialCalculatorKit-5.0-updated-accent-colors/FinancialCalculatorKit.xcodeproj -Xcc -D_LIBCPP_HARDENING_MODE\=_LIBCPP_HARDENING_MODE_DEBUG -Xcc -ivfsstatcache -Xcc /Users/rogerlin/Library/Developer/Xcode/DerivedData/SDKStatCaches.noindex/macosx26.1-25B74-3ae1261907bdadc328169391a47051a6.sdkstatcache -Xcc -I/Users/rogerlin/Library/Developer/Xcode/DerivedData/FinancialCalculatorKit-ackorybalcxbfocbkqsfdzcfkgmn/Build/Intermediates.noindex/BigInt.build/Debug/BigInt.build/swift-overrides.hmap -Xcc -I/Users/rogerlin/Library/Developer/Xcode/DerivedData/FinancialCalculatorKit-ackorybalcxbfocbkqsfdzcfkgmn/Build/Products/Debug/include -Xcc -I/Users/rogerlin/Library/Developer/Xcode/DerivedData/FinancialCalculatorKit-ackorybalcxbfocbkqsfdzcfkgmn/Build/Intermediates.noindex/BigInt.build/Debug/BigInt.build/DerivedSources-normal/arm64 -Xcc -I/Users/rogerlin/Library/Developer/Xcode/DerivedData/FinancialCalculatorKit-ackorybalcxbfocbkqsfdzcfkgmn/Build/Intermediates.noindex/BigInt.build/Debug/BigInt.build/DerivedSources/arm64 -Xcc -I/Users/rogerlin/Library/Developer/Xcode/DerivedData/FinancialCalculatorKit-ackorybalcxbfocbkqsfdzcfkgmn/Build/Intermediates.noindex/BigInt.build/Debug/BigInt.build/DerivedSources -Xcc -DSWIFT_PACKAGE -Xcc -DDEBUG\=1 -no-auto-bridging-header-chaining -module-name BigInt -package-name bigint -frontend-parseable-output -disable-clang-spi -target-sdk-version 26.1 -target-sdk-name macosx26.1 -clang-target arm64-apple-macos26.1 -in-process-plugin-server-path /Applications/Xcode.app/Contents/Developer/Toolchains/XcodeDefault.xctoolchain/usr/lib/swift/host/libSwiftInProcPluginServer.dylib -o /Users/rogerlin/Library/Developer/Xcode/DerivedData/FinancialCalculatorKit-ackorybalcxbfocbkqsfdzcfkgmn/Build/Intermediates.noindex/BigInt.build/Debug/BigInt.build/Objects-normal/arm64/BitSieve.o -index-unit-output-path /BigInt.build/Debug/BigInt.build/Objects-normal/arm64/BitSieve.o -index-store-path /Users/rogerlin/Library/Developer/Xcode/DerivedData/FinancialCalculatorKit-ackorybalcxbfocbkqsfdzcfkgmn/Index.noindex/DataStore -index-system-modules

SwiftCompile normal arm64 /Users/rogerlin/Library/Developer/Xcode/DerivedData/FinancialCalculatorKit-ackorybalcxbfocbkqsfdzcfkgmn/SourcePackages/checkouts/BigInt/Sources/BigInt/BitSieve.swift (in target 'BigInt' from project 'BigInt')
    cd /Users/rogerlin/XCode-Projects/FinancialCalculatorKit-5.0-updated-accent-colors/FinancialCalculatorKit.xcodeproj
    

SwiftDriverJobDiscovery normal arm64 Compiling WithIssueContext.swift (in target 'IssueReporting' from project 'xctest-dynamic-overlay')

SwiftCompile normal arm64 Compiling\ FFT.swift /Users/rogerlin/Library/Developer/Xcode/DerivedData/FinancialCalculatorKit-ackorybalcxbfocbkqsfdzcfkgmn/SourcePackages/checkouts/BigInt/Sources/BigInt/FFT.swift (in target 'BigInt' from project 'BigInt')
/Applications/Xcode.app/Contents/Developer/Toolchains/XcodeDefault.xctoolchain/usr/bin/swift-frontend -frontend -c /Users/rogerlin/Library/Developer/Xcode/DerivedData/FinancialCalculatorKit-ackorybalcxbfocbkqsfdzcfkgmn/SourcePackages/checkouts/BigInt/Sources/BigInt/BigFrac.swift /Users/rogerlin/Library/Developer/Xcode/DerivedData/FinancialCalculatorKit-ackorybalcxbfocbkqsfdzcfkgmn/SourcePackages/checkouts/BigInt/Sources/BigInt/BigInt-Extensions.swift /Users/rogerlin/Library/Developer/Xcode/DerivedData/FinancialCalculatorKit-ackorybalcxbfocbkqsfdzcfkgmn/SourcePackages/checkouts/BigInt/Sources/BigInt/BigInt.swift /Users/rogerlin/Library/Developer/Xcode/DerivedData/FinancialCalculatorKit-ackorybalcxbfocbkqsfdzcfkgmn/SourcePackages/checkouts/BigInt/Sources/BigInt/BitSieve.swift /Users/rogerlin/Library/Developer/Xcode/DerivedData/FinancialCalculatorKit-ackorybalcxbfocbkqsfdzcfkgmn/SourcePackages/checkouts/BigInt/Sources/BigInt/BurnikelZiegler.swift /Users/rogerlin/Library/Developer/Xcode/DerivedData/FinancialCalculatorKit-ackorybalcxbfocbkqsfdzcfkgmn/SourcePackages/checkouts/BigInt/Sources/BigInt/CRT.swift /Users/rogerlin/Library/Developer/Xcode/DerivedData/FinancialCalculatorKit-ackorybalcxbfocbkqsfdzcfkgmn/SourcePackages/checkouts/BigInt/Sources/BigInt/ExpMod.swift -primary-file /Users/rogerlin/Library/Developer/Xcode/DerivedData/FinancialCalculatorKit-ackorybalcxbfocbkqsfdzcfkgmn/SourcePackages/checkouts/BigInt/Sources/BigInt/FFT.swift /Users/rogerlin/Library/Developer/Xcode/DerivedData/FinancialCalculatorKit-ackorybalcxbfocbkqsfdzcfkgmn/SourcePackages/checkouts/BigInt/Sources/BigInt/Factorial.swift /Users/rogerlin/Library/Developer/Xcode/DerivedData/FinancialCalculatorKit-ackorybalcxbfocbkqsfdzcfkgmn/SourcePackages/checkouts/BigInt/Sources/BigInt/GCD.swift /Users/rogerlin/Library/Developer/Xcode/DerivedData/FinancialCalculatorKit-ackorybalcxbfocbkqsfdzcfkgmn/SourcePackages/checkouts/BigInt/Sources/BigInt/Karatsuba.swift /Users/rogerlin/Library/Developer/Xcode/DerivedData/FinancialCalculatorKit-ackorybalcxbfocbkqsfdzcfkgmn/SourcePackages/checkouts/BigInt/Sources/BigInt/Limbs.swift /Users/rogerlin/Library/Developer/Xcode/DerivedData/FinancialCalculatorKit-ackorybalcxbfocbkqsfdzcfkgmn/SourcePackages/checkouts/BigInt/Sources/BigInt/ToomCook.swift -emit-dependencies-path /Users/rogerlin/Library/Developer/Xcode/DerivedData/FinancialCalculatorKit-ackorybalcxbfocbkqsfdzcfkgmn/Build/Intermediates.noindex/BigInt.build/Debug/BigInt.build/Objects-normal/arm64/FFT.d -emit-const-values-path /Users/rogerlin/Library/Developer/Xcode/DerivedData/FinancialCalculatorKit-ackorybalcxbfocbkqsfdzcfkgmn/Build/Intermediates.noindex/BigInt.build/Debug/BigInt.build/Objects-normal/arm64/FFT.swiftconstvalues -emit-reference-dependencies-path /Users/rogerlin/Library/Developer/Xcode/DerivedData/FinancialCalculatorKit-ackorybalcxbfocbkqsfdzcfkgmn/Build/Intermediates.noindex/BigInt.build/Debug/BigInt.build/Objects-normal/arm64/FFT.swiftdeps -serialize-diagnostics-path /Users/rogerlin/Library/Developer/Xcode/DerivedData/FinancialCalculatorKit-ackorybalcxbfocbkqsfdzcfkgmn/Build/Intermediates.noindex/BigInt.build/Debug/BigInt.build/Objects-normal/arm64/FFT.dia -target arm64-apple-macos13.3 -load-resolved-plugin /Applications/Xcode.app/Contents/Developer/Platforms/MacOSX.platform/Developer/usr/lib/swift/host/plugins/libFoundationMacros.dylib\#/Applications/Xcode.app/Contents/Developer/Platforms/MacOSX.platform/Developer/usr/bin/swift-plugin-server\#FoundationMacros -load-resolved-plugin /Applications/Xcode.app/Contents/Developer/Platforms/MacOSX.platform/Developer/usr/lib/swift/host/plugins/libObservationMacros.dylib\#/Applications/Xcode.app/Contents/Developer/Platforms/MacOSX.platform/Developer/usr/bin/swift-plugin-server\#ObservationMacros -load-resolved-plugin /Applications/Xcode.app/Contents/Developer/Platforms/MacOSX.platform/Developer/usr/lib/swift/host/plugins/libSwiftMacros.dylib\#/Applications/Xcode.app/Contents/Developer/Platforms/MacOSX.platform/Developer/usr/bin/swift-plugin-server\#SwiftMacros -disable-implicit-swift-modules -Xcc -fno-implicit-modules -Xcc -fno-implicit-module-maps -explicit-swift-module-map-file /Users/rogerlin/Library/Developer/Xcode/DerivedData/FinancialCalculatorKit-ackorybalcxbfocbkqsfdzcfkgmn/Build/Intermediates.noindex/BigInt.build/Debug/BigInt.build/Objects-normal/arm64/BigInt-dependencies-1.json -Xllvm -aarch64-use-tbi -enable-objc-interop -stack-check -sdk /Applications/Xcode.app/Contents/Developer/Platforms/MacOSX.platform/Developer/SDKs/MacOSX26.1.sdk -I /Users/rogerlin/Library/Developer/Xcode/DerivedData/FinancialCalculatorKit-ackorybalcxbfocbkqsfdzcfkgmn/Build/Products/Debug -Isystem /Applications/Xcode.app/Contents/Developer/Platforms/MacOSX.platform/Developer/usr/lib -F /Users/rogerlin/Library/Developer/Xcode/DerivedData/FinancialCalculatorKit-ackorybalcxbfocbkqsfdzcfkgmn/Build/Products/Debug -F /Applications/Xcode.app/Contents/Developer/Platforms/MacOSX.platform/Developer/Library/Frameworks -no-color-diagnostics -Xcc -fno-color-diagnostics -enable-testing -g -debug-info-format\=dwarf -dwarf-version\=4 -module-cache-path /Users/rogerlin/Library/Developer/Xcode/DerivedData/FinancialCalculatorKit-ackorybalcxbfocbkqsfdzcfkgmn/Build/Intermediates.noindex/SwiftExplicitPrecompiledModules -suppress-warnings -profile-generate -profile-coverage-mapping -swift-version 5 -enforce-exclusivity\=checked -Onone -D SWIFT_PACKAGE -D DEBUG -D SWIFT_MODULE_RESOURCE_BUNDLE_UNAVAILABLE -D Xcode -serialize-debugging-options -const-gather-protocols-file /Users/rogerlin/Library/Developer/Xcode/DerivedData/FinancialCalculatorKit-ackorybalcxbfocbkqsfdzcfkgmn/Build/Intermediates.noindex/BigInt.build/Debug/BigInt.build/Objects-normal/arm64/BigInt_const_extract_protocols.json -enable-experimental-feature DebugDescriptionMacro -empty-abi-descriptor -validate-clang-modules-once -clang-build-session-file /Users/rogerlin/Library/Developer/Xcode/DerivedData/ModuleCache.noindex/Session.modulevalidation -Xcc -working-directory -Xcc /Users/rogerlin/XCode-Projects/FinancialCalculatorKit-5.0-updated-accent-colors/FinancialCalculatorKit.xcodeproj -enable-anonymous-context-mangled-names -file-compilation-dir /Users/rogerlin/XCode-Projects/FinancialCalculatorKit-5.0-updated-accent-colors/FinancialCalculatorKit.xcodeproj -Xcc -D_LIBCPP_HARDENING_MODE\=_LIBCPP_HARDENING_MODE_DEBUG -Xcc -ivfsstatcache -Xcc /Users/rogerlin/Library/Developer/Xcode/DerivedData/SDKStatCaches.noindex/macosx26.1-25B74-3ae1261907bdadc328169391a47051a6.sdkstatcache -Xcc -I/Users/rogerlin/Library/Developer/Xcode/DerivedData/FinancialCalculatorKit-ackorybalcxbfocbkqsfdzcfkgmn/Build/Intermediates.noindex/BigInt.build/Debug/BigInt.build/swift-overrides.hmap -Xcc -I/Users/rogerlin/Library/Developer/Xcode/DerivedData/FinancialCalculatorKit-ackorybalcxbfocbkqsfdzcfkgmn/Build/Products/Debug/include -Xcc -I/Users/rogerlin/Library/Developer/Xcode/DerivedData/FinancialCalculatorKit-ackorybalcxbfocbkqsfdzcfkgmn/Build/Intermediates.noindex/BigInt.build/Debug/BigInt.build/DerivedSources-normal/arm64 -Xcc -I/Users/rogerlin/Library/Developer/Xcode/DerivedData/FinancialCalculatorKit-ackorybalcxbfocbkqsfdzcfkgmn/Build/Intermediates.noindex/BigInt.build/Debug/BigInt.build/DerivedSources/arm64 -Xcc -I/Users/rogerlin/Library/Developer/Xcode/DerivedData/FinancialCalculatorKit-ackorybalcxbfocbkqsfdzcfkgmn/Build/Intermediates.noindex/BigInt.build/Debug/BigInt.build/DerivedSources -Xcc -DSWIFT_PACKAGE -Xcc -DDEBUG\=1 -no-auto-bridging-header-chaining -module-name BigInt -package-name bigint -frontend-parseable-output -disable-clang-spi -target-sdk-version 26.1 -target-sdk-name macosx26.1 -clang-target arm64-apple-macos26.1 -in-process-plugin-server-path /Applications/Xcode.app/Contents/Developer/Toolchains/XcodeDefault.xctoolchain/usr/lib/swift/host/libSwiftInProcPluginServer.dylib -o /Users/rogerlin/Library/Developer/Xcode/DerivedData/FinancialCalculatorKit-ackorybalcxbfocbkqsfdzcfkgmn/Build/Intermediates.noindex/BigInt.build/Debug/BigInt.build/Objects-normal/arm64/FFT.o -index-unit-output-path /BigInt.build/Debug/BigInt.build/Objects-normal/arm64/FFT.o -index-store-path /Users/rogerlin/Library/Developer/Xcode/DerivedData/FinancialCalculatorKit-ackorybalcxbfocbkqsfdzcfkgmn/Index.noindex/DataStore -index-system-modules

SwiftCompile normal arm64 /Users/rogerlin/Library/Developer/Xcode/DerivedData/FinancialCalculatorKit-ackorybalcxbfocbkqsfdzcfkgmn/SourcePackages/checkouts/BigInt/Sources/BigInt/FFT.swift (in target 'BigInt' from project 'BigInt')
    cd /Users/rogerlin/XCode-Projects/FinancialCalculatorKit-5.0-updated-accent-colors/FinancialCalculatorKit.xcodeproj
    

SwiftDriverJobDiscovery normal arm64 Compiling LockIsolated.swift, Rethrows.swift (in target 'IssueReporting' from project 'xctest-dynamic-overlay')

SwiftCompile normal arm64 Compiling\ BigFrac.swift /Users/rogerlin/Library/Developer/Xcode/DerivedData/FinancialCalculatorKit-ackorybalcxbfocbkqsfdzcfkgmn/SourcePackages/checkouts/BigInt/Sources/BigInt/BigFrac.swift (in target 'BigInt' from project 'BigInt')
/Applications/Xcode.app/Contents/Developer/Toolchains/XcodeDefault.xctoolchain/usr/bin/swift-frontend -frontend -c -primary-file /Users/rogerlin/Library/Developer/Xcode/DerivedData/FinancialCalculatorKit-ackorybalcxbfocbkqsfdzcfkgmn/SourcePackages/checkouts/BigInt/Sources/BigInt/BigFrac.swift /Users/rogerlin/Library/Developer/Xcode/DerivedData/FinancialCalculatorKit-ackorybalcxbfocbkqsfdzcfkgmn/SourcePackages/checkouts/BigInt/Sources/BigInt/BigInt-Extensions.swift /Users/rogerlin/Library/Developer/Xcode/DerivedData/FinancialCalculatorKit-ackorybalcxbfocbkqsfdzcfkgmn/SourcePackages/checkouts/BigInt/Sources/BigInt/BigInt.swift /Users/rogerlin/Library/Developer/Xcode/DerivedData/FinancialCalculatorKit-ackorybalcxbfocbkqsfdzcfkgmn/SourcePackages/checkouts/BigInt/Sources/BigInt/BitSieve.swift /Users/rogerlin/Library/Developer/Xcode/DerivedData/FinancialCalculatorKit-ackorybalcxbfocbkqsfdzcfkgmn/SourcePackages/checkouts/BigInt/Sources/BigInt/BurnikelZiegler.swift /Users/rogerlin/Library/Developer/Xcode/DerivedData/FinancialCalculatorKit-ackorybalcxbfocbkqsfdzcfkgmn/SourcePackages/checkouts/BigInt/Sources/BigInt/CRT.swift /Users/rogerlin/Library/Developer/Xcode/DerivedData/FinancialCalculatorKit-ackorybalcxbfocbkqsfdzcfkgmn/SourcePackages/checkouts/BigInt/Sources/BigInt/ExpMod.swift /Users/rogerlin/Library/Developer/Xcode/DerivedData/FinancialCalculatorKit-ackorybalcxbfocbkqsfdzcfkgmn/SourcePackages/checkouts/BigInt/Sources/BigInt/FFT.swift /Users/rogerlin/Library/Developer/Xcode/DerivedData/FinancialCalculatorKit-ackorybalcxbfocbkqsfdzcfkgmn/SourcePackages/checkouts/BigInt/Sources/BigInt/Factorial.swift /Users/rogerlin/Library/Developer/Xcode/DerivedData/FinancialCalculatorKit-ackorybalcxbfocbkqsfdzcfkgmn/SourcePackages/checkouts/BigInt/Sources/BigInt/GCD.swift /Users/rogerlin/Library/Developer/Xcode/DerivedData/FinancialCalculatorKit-ackorybalcxbfocbkqsfdzcfkgmn/SourcePackages/checkouts/BigInt/Sources/BigInt/Karatsuba.swift /Users/rogerlin/Library/Developer/Xcode/DerivedData/FinancialCalculatorKit-ackorybalcxbfocbkqsfdzcfkgmn/SourcePackages/checkouts/BigInt/Sources/BigInt/Limbs.swift /Users/rogerlin/Library/Developer/Xcode/DerivedData/FinancialCalculatorKit-ackorybalcxbfocbkqsfdzcfkgmn/SourcePackages/checkouts/BigInt/Sources/BigInt/ToomCook.swift -emit-dependencies-path /Users/rogerlin/Library/Developer/Xcode/DerivedData/FinancialCalculatorKit-ackorybalcxbfocbkqsfdzcfkgmn/Build/Intermediates.noindex/BigInt.build/Debug/BigInt.build/Objects-normal/arm64/BigFrac.d -emit-const-values-path /Users/rogerlin/Library/Developer/Xcode/DerivedData/FinancialCalculatorKit-ackorybalcxbfocbkqsfdzcfkgmn/Build/Intermediates.noindex/BigInt.build/Debug/BigInt.build/Objects-normal/arm64/BigFrac.swiftconstvalues -emit-reference-dependencies-path /Users/rogerlin/Library/Developer/Xcode/DerivedData/FinancialCalculatorKit-ackorybalcxbfocbkqsfdzcfkgmn/Build/Intermediates.noindex/BigInt.build/Debug/BigInt.build/Objects-normal/arm64/BigFrac.swiftdeps -serialize-diagnostics-path /Users/rogerlin/Library/Developer/Xcode/DerivedData/FinancialCalculatorKit-ackorybalcxbfocbkqsfdzcfkgmn/Build/Intermediates.noindex/BigInt.build/Debug/BigInt.build/Objects-normal/arm64/BigFrac.dia -target arm64-apple-macos13.3 -load-resolved-plugin /Applications/Xcode.app/Contents/Developer/Platforms/MacOSX.platform/Developer/usr/lib/swift/host/plugins/libFoundationMacros.dylib\#/Applications/Xcode.app/Contents/Developer/Platforms/MacOSX.platform/Developer/usr/bin/swift-plugin-server\#FoundationMacros -load-resolved-plugin /Applications/Xcode.app/Contents/Developer/Platforms/MacOSX.platform/Developer/usr/lib/swift/host/plugins/libObservationMacros.dylib\#/Applications/Xcode.app/Contents/Developer/Platforms/MacOSX.platform/Developer/usr/bin/swift-plugin-server\#ObservationMacros -load-resolved-plugin /Applications/Xcode.app/Contents/Developer/Platforms/MacOSX.platform/Developer/usr/lib/swift/host/plugins/libSwiftMacros.dylib\#/Applications/Xcode.app/Contents/Developer/Platforms/MacOSX.platform/Developer/usr/bin/swift-plugin-server\#SwiftMacros -disable-implicit-swift-modules -Xcc -fno-implicit-modules -Xcc -fno-implicit-module-maps -explicit-swift-module-map-file /Users/rogerlin/Library/Developer/Xcode/DerivedData/FinancialCalculatorKit-ackorybalcxbfocbkqsfdzcfkgmn/Build/Intermediates.noindex/BigInt.build/Debug/BigInt.build/Objects-normal/arm64/BigInt-dependencies-1.json -Xllvm -aarch64-use-tbi -enable-objc-interop -stack-check -sdk /Applications/Xcode.app/Contents/Developer/Platforms/MacOSX.platform/Developer/SDKs/MacOSX26.1.sdk -I /Users/rogerlin/Library/Developer/Xcode/DerivedData/FinancialCalculatorKit-ackorybalcxbfocbkqsfdzcfkgmn/Build/Products/Debug -Isystem /Applications/Xcode.app/Contents/Developer/Platforms/MacOSX.platform/Developer/usr/lib -F /Users/rogerlin/Library/Developer/Xcode/DerivedData/FinancialCalculatorKit-ackorybalcxbfocbkqsfdzcfkgmn/Build/Products/Debug -F /Applications/Xcode.app/Contents/Developer/Platforms/MacOSX.platform/Developer/Library/Frameworks -no-color-diagnostics -Xcc -fno-color-diagnostics -enable-testing -g -debug-info-format\=dwarf -dwarf-version\=4 -module-cache-path /Users/rogerlin/Library/Developer/Xcode/DerivedData/FinancialCalculatorKit-ackorybalcxbfocbkqsfdzcfkgmn/Build/Intermediates.noindex/SwiftExplicitPrecompiledModules -suppress-warnings -profile-generate -profile-coverage-mapping -swift-version 5 -enforce-exclusivity\=checked -Onone -D SWIFT_PACKAGE -D DEBUG -D SWIFT_MODULE_RESOURCE_BUNDLE_UNAVAILABLE -D Xcode -serialize-debugging-options -const-gather-protocols-file /Users/rogerlin/Library/Developer/Xcode/DerivedData/FinancialCalculatorKit-ackorybalcxbfocbkqsfdzcfkgmn/Build/Intermediates.noindex/BigInt.build/Debug/BigInt.build/Objects-normal/arm64/BigInt_const_extract_protocols.json -enable-experimental-feature DebugDescriptionMacro -empty-abi-descriptor -validate-clang-modules-once -clang-build-session-file /Users/rogerlin/Library/Developer/Xcode/DerivedData/ModuleCache.noindex/Session.modulevalidation -Xcc -working-directory -Xcc /Users/rogerlin/XCode-Projects/FinancialCalculatorKit-5.0-updated-accent-colors/FinancialCalculatorKit.xcodeproj -enable-anonymous-context-mangled-names -file-compilation-dir /Users/rogerlin/XCode-Projects/FinancialCalculatorKit-5.0-updated-accent-colors/FinancialCalculatorKit.xcodeproj -Xcc -D_LIBCPP_HARDENING_MODE\=_LIBCPP_HARDENING_MODE_DEBUG -Xcc -ivfsstatcache -Xcc /Users/rogerlin/Library/Developer/Xcode/DerivedData/SDKStatCaches.noindex/macosx26.1-25B74-3ae1261907bdadc328169391a47051a6.sdkstatcache -Xcc -I/Users/rogerlin/Library/Developer/Xcode/DerivedData/FinancialCalculatorKit-ackorybalcxbfocbkqsfdzcfkgmn/Build/Intermediates.noindex/BigInt.build/Debug/BigInt.build/swift-overrides.hmap -Xcc -I/Users/rogerlin/Library/Developer/Xcode/DerivedData/FinancialCalculatorKit-ackorybalcxbfocbkqsfdzcfkgmn/Build/Products/Debug/include -Xcc -I/Users/rogerlin/Library/Developer/Xcode/DerivedData/FinancialCalculatorKit-ackorybalcxbfocbkqsfdzcfkgmn/Build/Intermediates.noindex/BigInt.build/Debug/BigInt.build/DerivedSources-normal/arm64 -Xcc -I/Users/rogerlin/Library/Developer/Xcode/DerivedData/FinancialCalculatorKit-ackorybalcxbfocbkqsfdzcfkgmn/Build/Intermediates.noindex/BigInt.build/Debug/BigInt.build/DerivedSources/arm64 -Xcc -I/Users/rogerlin/Library/Developer/Xcode/DerivedData/FinancialCalculatorKit-ackorybalcxbfocbkqsfdzcfkgmn/Build/Intermediates.noindex/BigInt.build/Debug/BigInt.build/DerivedSources -Xcc -DSWIFT_PACKAGE -Xcc -DDEBUG\=1 -no-auto-bridging-header-chaining -module-name BigInt -package-name bigint -frontend-parseable-output -disable-clang-spi -target-sdk-version 26.1 -target-sdk-name macosx26.1 -clang-target arm64-apple-macos26.1 -in-process-plugin-server-path /Applications/Xcode.app/Contents/Developer/Toolchains/XcodeDefault.xctoolchain/usr/lib/swift/host/libSwiftInProcPluginServer.dylib -o /Users/rogerlin/Library/Developer/Xcode/DerivedData/FinancialCalculatorKit-ackorybalcxbfocbkqsfdzcfkgmn/Build/Intermediates.noindex/BigInt.build/Debug/BigInt.build/Objects-normal/arm64/BigFrac.o -index-unit-output-path /BigInt.build/Debug/BigInt.build/Objects-normal/arm64/BigFrac.o -index-store-path /Users/rogerlin/Library/Developer/Xcode/DerivedData/FinancialCalculatorKit-ackorybalcxbfocbkqsfdzcfkgmn/Index.noindex/DataStore -index-system-modules

SwiftCompile normal arm64 /Users/rogerlin/Library/Developer/Xcode/DerivedData/FinancialCalculatorKit-ackorybalcxbfocbkqsfdzcfkgmn/SourcePackages/checkouts/BigInt/Sources/BigInt/BigFrac.swift (in target 'BigInt' from project 'BigInt')
    cd /Users/rogerlin/XCode-Projects/FinancialCalculatorKit-5.0-updated-accent-colors/FinancialCalculatorKit.xcodeproj
    

SwiftDriverJobDiscovery normal arm64 Compiling A11YOptions.swift, DocumentOptions.swift, MenuOptions.swift (in target 'MathJaxSwift' from project 'MathJaxSwift')

SwiftDriver\ Compilation MathJaxSwift normal arm64 com.apple.xcode.tools.swift.compiler (in target 'MathJaxSwift' from project 'MathJaxSwift')
    cd /Users/rogerlin/XCode-Projects/FinancialCalculatorKit-5.0-updated-accent-colors/FinancialCalculatorKit.xcodeproj
    builtin-Swift-Compilation -- /Applications/Xcode.app/Contents/Developer/Toolchains/XcodeDefault.xctoolchain/usr/bin/swiftc -module-name MathJaxSwift -Onone -enforce-exclusivity\=checked @/Users/rogerlin/Library/Developer/Xcode/DerivedData/FinancialCalculatorKit-ackorybalcxbfocbkqsfdzcfkgmn/Build/Intermediates.noindex/MathJaxSwift.build/Debug/MathJaxSwift.build/Objects-normal/arm64/MathJaxSwift.SwiftFileList -DSWIFT_PACKAGE -DDEBUG -DSWIFT_MODULE_RESOURCE_BUNDLE_AVAILABLE -DXcode -plugin-path /Applications/Xcode.app/Contents/Developer/Toolchains/XcodeDefault.xctoolchain/usr/lib/swift/host/plugins/testing -enable-experimental-feature DebugDescriptionMacro -sdk /Applications/Xcode.app/Contents/Developer/Platforms/MacOSX.platform/Developer/SDKs/MacOSX26.1.sdk -target arm64-apple-macos10.15 -g -module-cache-path /Users/rogerlin/Library/Developer/Xcode/DerivedData/ModuleCache.noindex -Xfrontend -serialize-debugging-options -profile-coverage-mapping -profile-generate -enable-testing -suppress-warnings -index-store-path /Users/rogerlin/Library/Developer/Xcode/DerivedData/FinancialCalculatorKit-ackorybalcxbfocbkqsfdzcfkgmn/Index.noindex/DataStore -Xcc -D_LIBCPP_HARDENING_MODE\=_LIBCPP_HARDENING_MODE_DEBUG -swift-version 5 -I /Users/rogerlin/Library/Developer/Xcode/DerivedData/FinancialCalculatorKit-ackorybalcxbfocbkqsfdzcfkgmn/Build/Products/Debug -Isystem /Applications/Xcode.app/Contents/Developer/Platforms/MacOSX.platform/Developer/usr/lib -F /Users/rogerlin/Library/Developer/Xcode/DerivedData/FinancialCalculatorKit-ackorybalcxbfocbkqsfdzcfkgmn/Build/Products/Debug -F /Applications/Xcode.app/Contents/Developer/Platforms/MacOSX.platform/Developer/Library/Frameworks -c -j16 -enable-batch-mode -incremental -Xcc -ivfsstatcache -Xcc /Users/rogerlin/Library/Developer/Xcode/DerivedData/SDKStatCaches.noindex/macosx26.1-25B74-3ae1261907bdadc328169391a47051a6.sdkstatcache -output-file-map /Users/rogerlin/Library/Developer/Xcode/DerivedData/FinancialCalculatorKit-ackorybalcxbfocbkqsfdzcfkgmn/Build/Intermediates.noindex/MathJaxSwift.build/Debug/MathJaxSwift.build/Objects-normal/arm64/MathJaxSwift-OutputFileMap.json -use-frontend-parseable-output -save-temps -no-color-diagnostics -explicit-module-build -module-cache-path /Users/rogerlin/Library/Developer/Xcode/DerivedData/FinancialCalculatorKit-ackorybalcxbfocbkqsfdzcfkgmn/Build/Intermediates.noindex/SwiftExplicitPrecompiledModules -clang-scanner-module-cache-path /Users/rogerlin/Library/Developer/Xcode/DerivedData/ModuleCache.noindex -sdk-module-cache-path /Users/rogerlin/Library/Developer/Xcode/DerivedData/ModuleCache.noindex -serialize-diagnostics -emit-dependencies -emit-module -emit-module-path /Users/rogerlin/Library/Developer/Xcode/DerivedData/FinancialCalculatorKit-ackorybalcxbfocbkqsfdzcfkgmn/Build/Intermediates.noindex/MathJaxSwift.build/Debug/MathJaxSwift.build/Objects-normal/arm64/MathJaxSwift.swiftmodule -validate-clang-modules-once -clang-build-session-file /Users/rogerlin/Library/Developer/Xcode/DerivedData/ModuleCache.noindex/Session.modulevalidation -Xcc -I/Users/rogerlin/Library/Developer/Xcode/DerivedData/FinancialCalculatorKit-ackorybalcxbfocbkqsfdzcfkgmn/Build/Intermediates.noindex/MathJaxSwift.build/Debug/MathJaxSwift.build/swift-overrides.hmap -emit-const-values -Xfrontend -const-gather-protocols-file -Xfrontend /Users/rogerlin/Library/Developer/Xcode/DerivedData/FinancialCalculatorKit-ackorybalcxbfocbkqsfdzcfkgmn/Build/Intermediates.noindex/MathJaxSwift.build/Debug/MathJaxSwift.build/Objects-normal/arm64/MathJaxSwift_const_extract_protocols.json -Xcc -I/Users/rogerlin/Library/Developer/Xcode/DerivedData/FinancialCalculatorKit-ackorybalcxbfocbkqsfdzcfkgmn/Build/Products/Debug/include -Xcc -I/Users/rogerlin/Library/Developer/Xcode/DerivedData/FinancialCalculatorKit-ackorybalcxbfocbkqsfdzcfkgmn/Build/Intermediates.noindex/MathJaxSwift.build/Debug/MathJaxSwift.build/DerivedSources-normal/arm64 -Xcc -I/Users/rogerlin/Library/Developer/Xcode/DerivedData/FinancialCalculatorKit-ackorybalcxbfocbkqsfdzcfkgmn/Build/Intermediates.noindex/MathJaxSwift.build/Debug/MathJaxSwift.build/DerivedSources/arm64 -Xcc -I/Users/rogerlin/Library/Developer/Xcode/DerivedData/FinancialCalculatorKit-ackorybalcxbfocbkqsfdzcfkgmn/Build/Intermediates.noindex/MathJaxSwift.build/Debug/MathJaxSwift.build/DerivedSources -Xcc -DSWIFT_PACKAGE -Xcc -DDEBUG\=1 -emit-objc-header -emit-objc-header-path /Users/rogerlin/Library/Developer/Xcode/DerivedData/FinancialCalculatorKit-ackorybalcxbfocbkqsfdzcfkgmn/Build/Intermediates.noindex/MathJaxSwift.build/Debug/MathJaxSwift.build/Objects-normal/arm64/MathJaxSwift-Swift.h -working-directory /Users/rogerlin/XCode-Projects/FinancialCalculatorKit-5.0-updated-accent-colors/FinancialCalculatorKit.xcodeproj -experimental-emit-module-separately -disable-cmo

    Task input dependencies:
        /Users/rogerlin/Library/Developer/Xcode/DerivedData/FinancialCalculatorKit-ackorybalcxbfocbkqsfdzcfkgmn/Build/Intermediates.noindex/MathJaxSwift.build/Debug/MathJaxSwift.build/DerivedSources/resource_bundle_accessor.swift
        /Users/rogerlin/Library/Developer/Xcode/DerivedData/FinancialCalculatorKit-ackorybalcxbfocbkqsfdzcfkgmn/SourcePackages/checkouts/MathJaxSwift/Sources/MathJaxSwift/Conversions/AM/AM2CHTML.swift
        /Users/rogerlin/Library/Developer/Xcode/DerivedData/FinancialCalculatorKit-ackorybalcxbfocbkqsfdzcfkgmn/SourcePackages/checkouts/MathJaxSwift/Sources/MathJaxSwift/Conversions/AM/AM2MML.swift
        /Users/rogerlin/Library/Developer/Xcode/DerivedData/FinancialCalculatorKit-ackorybalcxbfocbkqsfdzcfkgmn/SourcePackages/checkouts/MathJaxSwift/Sources/MathJaxSwift/Conversions/MML/MML2CHTML.swift
        /Users/rogerlin/Library/Developer/Xcode/DerivedData/FinancialCalculatorKit-ackorybalcxbfocbkqsfdzcfkgmn/SourcePackages/checkouts/MathJaxSwift/Sources/MathJaxSwift/Conversions/MML/MML2SVG.swift
        /Users/rogerlin/Library/Developer/Xcode/DerivedData/FinancialCalculatorKit-ackorybalcxbfocbkqsfdzcfkgmn/SourcePackages/checkouts/MathJaxSwift/Sources/MathJaxSwift/Conversions/TeX/TeX2CHTML.swift
        /Users/rogerlin/Library/Developer/Xcode/DerivedData/FinancialCalculatorKit-ackorybalcxbfocbkqsfdzcfkgmn/SourcePackages/checkouts/MathJaxSwift/Sources/MathJaxSwift/Conversions/TeX/TeX2MML.swift
        /Users/rogerlin/Library/Developer/Xcode/DerivedData/FinancialCalculatorKit-ackorybalcxbfocbkqsfdzcfkgmn/SourcePackages/checkouts/MathJaxSwift/Sources/MathJaxSwift/Conversions/TeX/TeX2SVG.swift
        /Users/rogerlin/Library/Developer/Xcode/DerivedData/FinancialCalculatorKit-ackorybalcxbfocbkqsfdzcfkgmn/SourcePackages/checkouts/MathJaxSwift/Sources/MathJaxSwift/Internal/Constants.swift
        /Users/rogerlin/Library/Developer/Xcode/DerivedData/FinancialCalculatorKit-ackorybalcxbfocbkqsfdzcfkgmn/SourcePackages/checkouts/MathJaxSwift/Sources/MathJaxSwift/Internal/Function.swift
        /Users/rogerlin/Library/Developer/Xcode/DerivedData/FinancialCalculatorKit-ackorybalcxbfocbkqsfdzcfkgmn/SourcePackages/checkouts/MathJaxSwift/Sources/MathJaxSwift/Internal/MathJaxError.swift
        /Users/rogerlin/Library/Developer/Xcode/DerivedData/FinancialCalculatorKit-ackorybalcxbfocbkqsfdzcfkgmn/SourcePackages/checkouts/MathJaxSwift/Sources/MathJaxSwift/Internal/PackageLock.swift
        /Users/rogerlin/Library/Developer/Xcode/DerivedData/FinancialCalculatorKit-ackorybalcxbfocbkqsfdzcfkgmn/SourcePackages/checkouts/MathJaxSwift/Sources/MathJaxSwift/Internal/Parsing/HTMLParser.swift
        /Users/rogerlin/Library/Developer/Xcode/DerivedData/FinancialCalculatorKit-ackorybalcxbfocbkqsfdzcfkgmn/SourcePackages/checkouts/MathJaxSwift/Sources/MathJaxSwift/Internal/Parsing/MMLParser.swift
        /Users/rogerlin/Library/Developer/Xcode/DerivedData/FinancialCalculatorKit-ackorybalcxbfocbkqsfdzcfkgmn/SourcePackages/checkouts/MathJaxSwift/Sources/MathJaxSwift/Internal/Parsing/Parser.swift
        /Users/rogerlin/Library/Developer/Xcode/DerivedData/FinancialCalculatorKit-ackorybalcxbfocbkqsfdzcfkgmn/SourcePackages/checkouts/MathJaxSwift/Sources/MathJaxSwift/Internal/Parsing/SVGParser.swift
        /Users/rogerlin/Library/Developer/Xcode/DerivedData/FinancialCalculatorKit-ackorybalcxbfocbkqsfdzcfkgmn/SourcePackages/checkouts/MathJaxSwift/Sources/MathJaxSwift/MathJax.swift
        /Users/rogerlin/Library/Developer/Xcode/DerivedData/FinancialCalculatorKit-ackorybalcxbfocbkqsfdzcfkgmn/SourcePackages/checkouts/MathJaxSwift/Sources/MathJaxSwift/Options/ConversionOptions.swift
        /Users/rogerlin/Library/Developer/Xcode/DerivedData/FinancialCalculatorKit-ackorybalcxbfocbkqsfdzcfkgmn/SourcePackages/checkouts/MathJaxSwift/Sources/MathJaxSwift/Options/Document/A11YOptions.swift
        /Users/rogerlin/Library/Developer/Xcode/DerivedData/FinancialCalculatorKit-ackorybalcxbfocbkqsfdzcfkgmn/SourcePackages/checkouts/MathJaxSwift/Sources/MathJaxSwift/Options/Document/DocumentOptions.swift
        /Users/rogerlin/Library/Developer/Xcode/DerivedData/FinancialCalculatorKit-ackorybalcxbfocbkqsfdzcfkgmn/SourcePackages/checkouts/MathJaxSwift/Sources/MathJaxSwift/Options/Document/Menu/MenuOptions.swift
        /Users/rogerlin/Library/Developer/Xcode/DerivedData/FinancialCalculatorKit-ackorybalcxbfocbkqsfdzcfkgmn/SourcePackages/checkouts/MathJaxSwift/Sources/MathJaxSwift/Options/Document/Menu/MenuOptionsSettings.swift
        /Users/rogerlin/Library/Developer/Xcode/DerivedData/FinancialCalculatorKit-ackorybalcxbfocbkqsfdzcfkgmn/SourcePackages/checkouts/MathJaxSwift/Sources/MathJaxSwift/Options/Document/SREOptions.swift
        /Users/rogerlin/Library/Developer/Xcode/DerivedData/FinancialCalculatorKit-ackorybalcxbfocbkqsfdzcfkgmn/SourcePackages/checkouts/MathJaxSwift/Sources/MathJaxSwift/Options/Document/Safe/AllowOptions.swift
        /Users/rogerlin/Library/Developer/Xcode/DerivedData/FinancialCalculatorKit-ackorybalcxbfocbkqsfdzcfkgmn/SourcePackages/checkouts/MathJaxSwift/Sources/MathJaxSwift/Options/Document/Safe/SafeOptions.swift
        /Users/rogerlin/Library/Developer/Xcode/DerivedData/FinancialCalculatorKit-ackorybalcxbfocbkqsfdzcfkgmn/SourcePackages/checkouts/MathJaxSwift/Sources/MathJaxSwift/Options/Document/Safe/SafeProtocols.swift
        /Users/rogerlin/Library/Developer/Xcode/DerivedData/FinancialCalculatorKit-ackorybalcxbfocbkqsfdzcfkgmn/SourcePackages/checkouts/MathJaxSwift/Sources/MathJaxSwift/Options/Document/Safe/SafeStyles.swift
        /Users/rogerlin/Library/Developer/Xcode/DerivedData/FinancialCalculatorKit-ackorybalcxbfocbkqsfdzcfkgmn/SourcePackages/checkouts/MathJaxSwift/Sources/MathJaxSwift/Options/Input/AMInputProcessorOptions.swift
        /Users/rogerlin/Library/Developer/Xcode/DerivedData/FinancialCalculatorKit-ackorybalcxbfocbkqsfdzcfkgmn/SourcePackages/checkouts/MathJaxSwift/Sources/MathJaxSwift/Options/Input/InputProcessorOptions.swift
        /Users/rogerlin/Library/Developer/Xcode/DerivedData/FinancialCalculatorKit-ackorybalcxbfocbkqsfdzcfkgmn/SourcePackages/checkouts/MathJaxSwift/Sources/MathJaxSwift/Options/Input/MMLInputProcessorOptions.swift
        /Users/rogerlin/Library/Developer/Xcode/DerivedData/FinancialCalculatorKit-ackorybalcxbfocbkqsfdzcfkgmn/SourcePackages/checkouts/MathJaxSwift/Sources/MathJaxSwift/Options/Input/TeX Packages/AMSCDOptions.swift
        /Users/rogerlin/Library/Developer/Xcode/DerivedData/FinancialCalculatorKit-ackorybalcxbfocbkqsfdzcfkgmn/SourcePackages/checkouts/MathJaxSwift/Sources/MathJaxSwift/Options/Input/TeX Packages/AMSOptions.swift
        /Users/rogerlin/Library/Developer/Xcode/DerivedData/FinancialCalculatorKit-ackorybalcxbfocbkqsfdzcfkgmn/SourcePackages/checkouts/MathJaxSwift/Sources/MathJaxSwift/Options/Input/TeX Packages/AutoloadOptions.swift
        /Users/rogerlin/Library/Developer/Xcode/DerivedData/FinancialCalculatorKit-ackorybalcxbfocbkqsfdzcfkgmn/SourcePackages/checkouts/MathJaxSwift/Sources/MathJaxSwift/Options/Input/TeX Packages/ColorOptions.swift
        /Users/rogerlin/Library/Developer/Xcode/DerivedData/FinancialCalculatorKit-ackorybalcxbfocbkqsfdzcfkgmn/SourcePackages/checkouts/MathJaxSwift/Sources/MathJaxSwift/Options/Input/TeX Packages/MathtoolsOptions.swift
        /Users/rogerlin/Library/Developer/Xcode/DerivedData/FinancialCalculatorKit-ackorybalcxbfocbkqsfdzcfkgmn/SourcePackages/checkouts/MathJaxSwift/Sources/MathJaxSwift/Options/Input/TeX Packages/NoundefinedOptions.swift
        /Users/rogerlin/Library/Developer/Xcode/DerivedData/FinancialCalculatorKit-ackorybalcxbfocbkqsfdzcfkgmn/SourcePackages/checkouts/MathJaxSwift/Sources/MathJaxSwift/Options/Input/TeX Packages/PhysicsOptions.swift
        /Users/rogerlin/Library/Developer/Xcode/DerivedData/FinancialCalculatorKit-ackorybalcxbfocbkqsfdzcfkgmn/SourcePackages/checkouts/MathJaxSwift/Sources/MathJaxSwift/Options/Input/TeX Packages/RequireOptions.swift
        /Users/rogerlin/Library/Developer/Xcode/DerivedData/FinancialCalculatorKit-ackorybalcxbfocbkqsfdzcfkgmn/SourcePackages/checkouts/MathJaxSwift/Sources/MathJaxSwift/Options/Input/TeX Packages/SetOptions.swift
        /Users/rogerlin/Library/Developer/Xcode/DerivedData/FinancialCalculatorKit-ackorybalcxbfocbkqsfdzcfkgmn/SourcePackages/checkouts/MathJaxSwift/Sources/MathJaxSwift/Options/Input/TeX Packages/TagFormatOptions.swift
        /Users/rogerlin/Library/Developer/Xcode/DerivedData/FinancialCalculatorKit-ackorybalcxbfocbkqsfdzcfkgmn/SourcePackages/checkouts/MathJaxSwift/Sources/MathJaxSwift/Options/Input/TeXInputProcessorOptions.swift
        /Users/rogerlin/Library/Developer/Xcode/DerivedData/FinancialCalculatorKit-ackorybalcxbfocbkqsfdzcfkgmn/SourcePackages/checkouts/MathJaxSwift/Sources/MathJaxSwift/Options/Output/CHTMLOutputProcessorOptions.swift
        /Users/rogerlin/Library/Developer/Xcode/DerivedData/FinancialCalculatorKit-ackorybalcxbfocbkqsfdzcfkgmn/SourcePackages/checkouts/MathJaxSwift/Sources/MathJaxSwift/Options/Output/OutputProcessorOptions.swift
        /Users/rogerlin/Library/Developer/Xcode/DerivedData/FinancialCalculatorKit-ackorybalcxbfocbkqsfdzcfkgmn/SourcePackages/checkouts/MathJaxSwift/Sources/MathJaxSwift/Options/Output/SVGOutputProcessorOptions.swift
        /Users/rogerlin/Library/Developer/Xcode/DerivedData/FinancialCalculatorKit-ackorybalcxbfocbkqsfdzcfkgmn/Build/Intermediates.noindex/MathJaxSwift.build/Debug/MathJaxSwift.build/Objects-normal/arm64/MathJaxSwift.SwiftFileList
        /Users/rogerlin/Library/Developer/Xcode/DerivedData/FinancialCalculatorKit-ackorybalcxbfocbkqsfdzcfkgmn/Build/Intermediates.noindex/MathJaxSwift.build/Debug/MathJaxSwift.build/Objects-normal/arm64/MathJaxSwift-OutputFileMap.json
        /Users/rogerlin/Library/Developer/Xcode/DerivedData/FinancialCalculatorKit-ackorybalcxbfocbkqsfdzcfkgmn/Build/Intermediates.noindex/MathJaxSwift.build/Debug/MathJaxSwift.build/Objects-normal/arm64/MathJaxSwift_const_extract_protocols.json
        /Users/rogerlin/Library/Developer/Xcode/DerivedData/FinancialCalculatorKit-ackorybalcxbfocbkqsfdzcfkgmn/Build/Intermediates.noindex/GeneratedModuleMaps/MathJaxSwift.modulemap
        /Users/rogerlin/Library/Developer/Xcode/DerivedData/FinancialCalculatorKit-ackorybalcxbfocbkqsfdzcfkgmn/Build/Intermediates.noindex/MathJaxSwift.build/Debug/MathJaxSwift.build/DerivedSources/resource_bundle_accessor.swift
        /Users/rogerlin/Library/Developer/Xcode/DerivedData/FinancialCalculatorKit-ackorybalcxbfocbkqsfdzcfkgmn/SourcePackages/checkouts/MathJaxSwift/Sources/MathJaxSwift/Conversions/AM/AM2CHTML.swift
        /Users/rogerlin/Library/Developer/Xcode/DerivedData/FinancialCalculatorKit-ackorybalcxbfocbkqsfdzcfkgmn/SourcePackages/checkouts/MathJaxSwift/Sources/MathJaxSwift/Conversions/AM/AM2MML.swift
        /Users/rogerlin/Library/Developer/Xcode/DerivedData/FinancialCalculatorKit-ackorybalcxbfocbkqsfdzcfkgmn/SourcePackages/checkouts/MathJaxSwift/Sources/MathJaxSwift/Conversions/MML/MML2CHTML.swift
        /Users/rogerlin/Library/Developer/Xcode/DerivedData/FinancialCalculatorKit-ackorybalcxbfocbkqsfdzcfkgmn/SourcePackages/checkouts/MathJaxSwift/Sources/MathJaxSwift/Conversions/MML/MML2SVG.swift
        /Users/rogerlin/Library/Developer/Xcode/DerivedData/FinancialCalculatorKit-ackorybalcxbfocbkqsfdzcfkgmn/SourcePackages/checkouts/MathJaxSwift/Sources/MathJaxSwift/Conversions/TeX/TeX2CHTML.swift
        /Users/rogerlin/Library/Developer/Xcode/DerivedData/FinancialCalculatorKit-ackorybalcxbfocbkqsfdzcfkgmn/SourcePackages/checkouts/MathJaxSwift/Sources/MathJaxSwift/Conversions/TeX/TeX2MML.swift
        /Users/rogerlin/Library/Developer/Xcode/DerivedData/FinancialCalculatorKit-ackorybalcxbfocbkqsfdzcfkgmn/SourcePackages/checkouts/MathJaxSwift/Sources/MathJaxSwift/Conversions/TeX/TeX2SVG.swift
        /Users/rogerlin/Library/Developer/Xcode/DerivedData/FinancialCalculatorKit-ackorybalcxbfocbkqsfdzcfkgmn/SourcePackages/checkouts/MathJaxSwift/Sources/MathJaxSwift/Internal/Constants.swift
        /Users/rogerlin/Library/Developer/Xcode/DerivedData/FinancialCalculatorKit-ackorybalcxbfocbkqsfdzcfkgmn/SourcePackages/checkouts/MathJaxSwift/Sources/MathJaxSwift/Internal/Function.swift
        /Users/rogerlin/Library/Developer/Xcode/DerivedData/FinancialCalculatorKit-ackorybalcxbfocbkqsfdzcfkgmn/SourcePackages/checkouts/MathJaxSwift/Sources/MathJaxSwift/Internal/MathJaxError.swift
        /Users/rogerlin/Library/Developer/Xcode/DerivedData/FinancialCalculatorKit-ackorybalcxbfocbkqsfdzcfkgmn/SourcePackages/checkouts/MathJaxSwift/Sources/MathJaxSwift/Internal/PackageLock.swift
        /Users/rogerlin/Library/Developer/Xcode/DerivedData/FinancialCalculatorKit-ackorybalcxbfocbkqsfdzcfkgmn/SourcePackages/checkouts/MathJaxSwift/Sources/MathJaxSwift/Internal/Parsing/HTMLParser.swift
        /Users/rogerlin/Library/Developer/Xcode/DerivedData/FinancialCalculatorKit-ackorybalcxbfocbkqsfdzcfkgmn/SourcePackages/checkouts/MathJaxSwift/Sources/MathJaxSwift/Internal/Parsing/MMLParser.swift
        /Users/rogerlin/Library/Developer/Xcode/DerivedData/FinancialCalculatorKit-ackorybalcxbfocbkqsfdzcfkgmn/SourcePackages/checkouts/MathJaxSwift/Sources/MathJaxSwift/Internal/Parsing/Parser.swift
        /Users/rogerlin/Library/Developer/Xcode/DerivedData/FinancialCalculatorKit-ackorybalcxbfocbkqsfdzcfkgmn/SourcePackages/checkouts/MathJaxSwift/Sources/MathJaxSwift/Internal/Parsing/SVGParser.swift
        /Users/rogerlin/Library/Developer/Xcode/DerivedData/FinancialCalculatorKit-ackorybalcxbfocbkqsfdzcfkgmn/SourcePackages/checkouts/MathJaxSwift/Sources/MathJaxSwift/MathJax.swift
        /Users/rogerlin/Library/Developer/Xcode/DerivedData/FinancialCalculatorKit-ackorybalcxbfocbkqsfdzcfkgmn/SourcePackages/checkouts/MathJaxSwift/Sources/MathJaxSwift/Options/ConversionOptions.swift
        /Users/rogerlin/Library/Developer/Xcode/DerivedData/FinancialCalculatorKit-ackorybalcxbfocbkqsfdzcfkgmn/SourcePackages/checkouts/MathJaxSwift/Sources/MathJaxSwift/Options/Document/A11YOptions.swift
        /Users/rogerlin/Library/Developer/Xcode/DerivedData/FinancialCalculatorKit-ackorybalcxbfocbkqsfdzcfkgmn/SourcePackages/checkouts/MathJaxSwift/Sources/MathJaxSwift/Options/Document/DocumentOptions.swift
        /Users/rogerlin/Library/Developer/Xcode/DerivedData/FinancialCalculatorKit-ackorybalcxbfocbkqsfdzcfkgmn/SourcePackages/checkouts/MathJaxSwift/Sources/MathJaxSwift/Options/Document/Menu/MenuOptions.swift
        /Users/rogerlin/Library/Developer/Xcode/DerivedData/FinancialCalculatorKit-ackorybalcxbfocbkqsfdzcfkgmn/SourcePackages/checkouts/MathJaxSwift/Sources/MathJaxSwift/Options/Document/Menu/MenuOptionsSettings.swift
        /Users/rogerlin/Library/Developer/Xcode/DerivedData/FinancialCalculatorKit-ackorybalcxbfocbkqsfdzcfkgmn/SourcePackages/checkouts/MathJaxSwift/Sources/MathJaxSwift/Options/Document/SREOptions.swift
        /Users/rogerlin/Library/Developer/Xcode/DerivedData/FinancialCalculatorKit-ackorybalcxbfocbkqsfdzcfkgmn/SourcePackages/checkouts/MathJaxSwift/Sources/MathJaxSwift/Options/Document/Safe/AllowOptions.swift
        /Users/rogerlin/Library/Developer/Xcode/DerivedData/FinancialCalculatorKit-ackorybalcxbfocbkqsfdzcfkgmn/SourcePackages/checkouts/MathJaxSwift/Sources/MathJaxSwift/Options/Document/Safe/SafeOptions.swift
        /Users/rogerlin/Library/Developer/Xcode/DerivedData/FinancialCalculatorKit-ackorybalcxbfocbkqsfdzcfkgmn/SourcePackages/checkouts/MathJaxSwift/Sources/MathJaxSwift/Options/Document/Safe/SafeProtocols.swift
        /Users/rogerlin/Library/Developer/Xcode/DerivedData/FinancialCalculatorKit-ackorybalcxbfocbkqsfdzcfkgmn/SourcePackages/checkouts/MathJaxSwift/Sources/MathJaxSwift/Options/Document/Safe/SafeStyles.swift
        /Users/rogerlin/Library/Developer/Xcode/DerivedData/FinancialCalculatorKit-ackorybalcxbfocbkqsfdzcfkgmn/SourcePackages/checkouts/MathJaxSwift/Sources/MathJaxSwift/Options/Input/AMInputProcessorOptions.swift
        /Users/rogerlin/Library/Developer/Xcode/DerivedData/FinancialCalculatorKit-ackorybalcxbfocbkqsfdzcfkgmn/SourcePackages/checkouts/MathJaxSwift/Sources/MathJaxSwift/Options/Input/InputProcessorOptions.swift
        /Users/rogerlin/Library/Developer/Xcode/DerivedData/FinancialCalculatorKit-ackorybalcxbfocbkqsfdzcfkgmn/SourcePackages/checkouts/MathJaxSwift/Sources/MathJaxSwift/Options/Input/MMLInputProcessorOptions.swift
        /Users/rogerlin/Library/Developer/Xcode/DerivedData/FinancialCalculatorKit-ackorybalcxbfocbkqsfdzcfkgmn/SourcePackages/checkouts/MathJaxSwift/Sources/MathJaxSwift/Options/Input/TeX Packages/AMSCDOptions.swift
        /Users/rogerlin/Library/Developer/Xcode/DerivedData/FinancialCalculatorKit-ackorybalcxbfocbkqsfdzcfkgmn/SourcePackages/checkouts/MathJaxSwift/Sources/MathJaxSwift/Options/Input/TeX Packages/AMSOptions.swift
        /Users/rogerlin/Library/Developer/Xcode/DerivedData/FinancialCalculatorKit-ackorybalcxbfocbkqsfdzcfkgmn/SourcePackages/checkouts/MathJaxSwift/Sources/MathJaxSwift/Options/Input/TeX Packages/AutoloadOptions.swift
        /Users/rogerlin/Library/Developer/Xcode/DerivedData/FinancialCalculatorKit-ackorybalcxbfocbkqsfdzcfkgmn/SourcePackages/checkouts/MathJaxSwift/Sources/MathJaxSwift/Options/Input/TeX Packages/ColorOptions.swift
        /Users/rogerlin/Library/Developer/Xcode/DerivedData/FinancialCalculatorKit-ackorybalcxbfocbkqsfdzcfkgmn/SourcePackages/checkouts/MathJaxSwift/Sources/MathJaxSwift/Options/Input/TeX Packages/MathtoolsOptions.swift
        /Users/rogerlin/Library/Developer/Xcode/DerivedData/FinancialCalculatorKit-ackorybalcxbfocbkqsfdzcfkgmn/SourcePackages/checkouts/MathJaxSwift/Sources/MathJaxSwift/Options/Input/TeX Packages/NoundefinedOptions.swift
        /Users/rogerlin/Library/Developer/Xcode/DerivedData/FinancialCalculatorKit-ackorybalcxbfocbkqsfdzcfkgmn/SourcePackages/checkouts/MathJaxSwift/Sources/MathJaxSwift/Options/Input/TeX Packages/PhysicsOptions.swift
        /Users/rogerlin/Library/Developer/Xcode/DerivedData/FinancialCalculatorKit-ackorybalcxbfocbkqsfdzcfkgmn/SourcePackages/checkouts/MathJaxSwift/Sources/MathJaxSwift/Options/Input/TeX Packages/RequireOptions.swift
        /Users/rogerlin/Library/Developer/Xcode/DerivedData/FinancialCalculatorKit-ackorybalcxbfocbkqsfdzcfkgmn/SourcePackages/checkouts/MathJaxSwift/Sources/MathJaxSwift/Options/Input/TeX Packages/SetOptions.swift
        /Users/rogerlin/Library/Developer/Xcode/DerivedData/FinancialCalculatorKit-ackorybalcxbfocbkqsfdzcfkgmn/SourcePackages/checkouts/MathJaxSwift/Sources/MathJaxSwift/Options/Input/TeX Packages/TagFormatOptions.swift
        /Users/rogerlin/Library/Developer/Xcode/DerivedData/FinancialCalculatorKit-ackorybalcxbfocbkqsfdzcfkgmn/SourcePackages/checkouts/MathJaxSwift/Sources/MathJaxSwift/Options/Input/TeXInputProcessorOptions.swift
        /Users/rogerlin/Library/Developer/Xcode/DerivedData/FinancialCalculatorKit-ackorybalcxbfocbkqsfdzcfkgmn/SourcePackages/checkouts/MathJaxSwift/Sources/MathJaxSwift/Options/Output/CHTMLOutputProcessorOptions.swift
        /Users/rogerlin/Library/Developer/Xcode/DerivedData/FinancialCalculatorKit-ackorybalcxbfocbkqsfdzcfkgmn/SourcePackages/checkouts/MathJaxSwift/Sources/MathJaxSwift/Options/Output/OutputProcessorOptions.swift
        /Users/rogerlin/Library/Developer/Xcode/DerivedData/FinancialCalculatorKit-ackorybalcxbfocbkqsfdzcfkgmn/SourcePackages/checkouts/MathJaxSwift/Sources/MathJaxSwift/Options/Output/SVGOutputProcessorOptions.swift
        /Users/rogerlin/Library/Developer/Xcode/DerivedData/FinancialCalculatorKit-ackorybalcxbfocbkqsfdzcfkgmn/Build/Intermediates.noindex/MathJaxSwift.build/Debug/MathJaxSwift.build/Objects-normal/arm64/MathJaxSwift.SwiftFileList
        /Users/rogerlin/Library/Developer/Xcode/DerivedData/FinancialCalculatorKit-ackorybalcxbfocbkqsfdzcfkgmn/Build/Intermediates.noindex/MathJaxSwift.build/Debug/MathJaxSwift.build/Objects-normal/arm64/MathJaxSwift-OutputFileMap.json
        /Users/rogerlin/Library/Developer/Xcode/DerivedData/FinancialCalculatorKit-ackorybalcxbfocbkqsfdzcfkgmn/Build/Intermediates.noindex/MathJaxSwift.build/Debug/MathJaxSwift.build/Objects-normal/arm64/MathJaxSwift_const_extract_protocols.json
        /Users/rogerlin/Library/Developer/Xcode/DerivedData/FinancialCalculatorKit-ackorybalcxbfocbkqsfdzcfkgmn/Build/Intermediates.noindex/GeneratedModuleMaps/MathJaxSwift.modulemap
        <ClangStatCache /Users/rogerlin/Library/Developer/Xcode/DerivedData/SDKStatCaches.noindex/macosx26.1-25B74-3ae1261907bdadc328169391a47051a6.sdkstatcache>
        <target-MathJaxSwift-PACKAGE-TARGET:MathJaxSwift-SDKROOT:macosx:SDK_VARIANT:macos-generated-headers>
        <target-MathJaxSwift-PACKAGE-TARGET:MathJaxSwift-SDKROOT:macosx:SDK_VARIANT:macos-copy-headers-completion>
        <target-MathJaxSwift-PACKAGE-TARGET:MathJaxSwift-SDKROOT:macosx:SDK_VARIANT:macos-ModuleVerifierTaskProducer>
        <target-MathJaxSwift-PACKAGE-TARGET:MathJaxSwift-SDKROOT:macosx:SDK_VARIANT:macos-begin-compiling>
        <WorkspaceHeaderMapVFSFilesWritten>

    Task output dependencies:
        /Users/rogerlin/Library/Developer/Xcode/DerivedData/FinancialCalculatorKit-ackorybalcxbfocbkqsfdzcfkgmn/Build/Intermediates.noindex/MathJaxSwift.build/Debug/MathJaxSwift.build/Objects-normal/arm64/MathJaxSwift Swift Compilation Finished
        /Users/rogerlin/Library/Developer/Xcode/DerivedData/FinancialCalculatorKit-ackorybalcxbfocbkqsfdzcfkgmn/Build/Intermediates.noindex/MathJaxSwift.build/Debug/MathJaxSwift.build/Objects-normal/arm64/resource_bundle_accessor.o
        /Users/rogerlin/Library/Developer/Xcode/DerivedData/FinancialCalculatorKit-ackorybalcxbfocbkqsfdzcfkgmn/Build/Intermediates.noindex/MathJaxSwift.build/Debug/MathJaxSwift.build/Objects-normal/arm64/AM2CHTML.o
        /Users/rogerlin/Library/Developer/Xcode/DerivedData/FinancialCalculatorKit-ackorybalcxbfocbkqsfdzcfkgmn/Build/Intermediates.noindex/MathJaxSwift.build/Debug/MathJaxSwift.build/Objects-normal/arm64/AM2MML.o
        /Users/rogerlin/Library/Developer/Xcode/DerivedData/FinancialCalculatorKit-ackorybalcxbfocbkqsfdzcfkgmn/Build/Intermediates.noindex/MathJaxSwift.build/Debug/MathJaxSwift.build/Objects-normal/arm64/MML2CHTML.o
        /Users/rogerlin/Library/Developer/Xcode/DerivedData/FinancialCalculatorKit-ackorybalcxbfocbkqsfdzcfkgmn/Build/Intermediates.noindex/MathJaxSwift.build/Debug/MathJaxSwift.build/Objects-normal/arm64/MML2SVG.o
        /Users/rogerlin/Library/Developer/Xcode/DerivedData/FinancialCalculatorKit-ackorybalcxbfocbkqsfdzcfkgmn/Build/Intermediates.noindex/MathJaxSwift.build/Debug/MathJaxSwift.build/Objects-normal/arm64/TeX2CHTML.o
        /Users/rogerlin/Library/Developer/Xcode/DerivedData/FinancialCalculatorKit-ackorybalcxbfocbkqsfdzcfkgmn/Build/Intermediates.noindex/MathJaxSwift.build/Debug/MathJaxSwift.build/Objects-normal/arm64/TeX2MML.o
        /Users/rogerlin/Library/Developer/Xcode/DerivedData/FinancialCalculatorKit-ackorybalcxbfocbkqsfdzcfkgmn/Build/Intermediates.noindex/MathJaxSwift.build/Debug/MathJaxSwift.build/Objects-normal/arm64/TeX2SVG.o
        /Users/rogerlin/Library/Developer/Xcode/DerivedData/FinancialCalculatorKit-ackorybalcxbfocbkqsfdzcfkgmn/Build/Intermediates.noindex/MathJaxSwift.build/Debug/MathJaxSwift.build/Objects-normal/arm64/Constants.o
        /Users/rogerlin/Library/Developer/Xcode/DerivedData/FinancialCalculatorKit-ackorybalcxbfocbkqsfdzcfkgmn/Build/Intermediates.noindex/MathJaxSwift.build/Debug/MathJaxSwift.build/Objects-normal/arm64/Function.o
        /Users/rogerlin/Library/Developer/Xcode/DerivedData/FinancialCalculatorKit-ackorybalcxbfocbkqsfdzcfkgmn/Build/Intermediates.noindex/MathJaxSwift.build/Debug/MathJaxSwift.build/Objects-normal/arm64/MathJaxError.o
        /Users/rogerlin/Library/Developer/Xcode/DerivedData/FinancialCalculatorKit-ackorybalcxbfocbkqsfdzcfkgmn/Build/Intermediates.noindex/MathJaxSwift.build/Debug/MathJaxSwift.build/Objects-normal/arm64/PackageLock.o
        /Users/rogerlin/Library/Developer/Xcode/DerivedData/FinancialCalculatorKit-ackorybalcxbfocbkqsfdzcfkgmn/Build/Intermediates.noindex/MathJaxSwift.build/Debug/MathJaxSwift.build/Objects-normal/arm64/HTMLParser.o
        /Users/rogerlin/Library/Developer/Xcode/DerivedData/FinancialCalculatorKit-ackorybalcxbfocbkqsfdzcfkgmn/Build/Intermediates.noindex/MathJaxSwift.build/Debug/MathJaxSwift.build/Objects-normal/arm64/MMLParser.o
        /Users/rogerlin/Library/Developer/Xcode/DerivedData/FinancialCalculatorKit-ackorybalcxbfocbkqsfdzcfkgmn/Build/Intermediates.noindex/MathJaxSwift.build/Debug/MathJaxSwift.build/Objects-normal/arm64/Parser.o
        /Users/rogerlin/Library/Developer/Xcode/DerivedData/FinancialCalculatorKit-ackorybalcxbfocbkqsfdzcfkgmn/Build/Intermediates.noindex/MathJaxSwift.build/Debug/MathJaxSwift.build/Objects-normal/arm64/SVGParser.o
        /Users/rogerlin/Library/Developer/Xcode/DerivedData/FinancialCalculatorKit-ackorybalcxbfocbkqsfdzcfkgmn/Build/Intermediates.noindex/MathJaxSwift.build/Debug/MathJaxSwift.build/Objects-normal/arm64/MathJax.o
        /Users/rogerlin/Library/Developer/Xcode/DerivedData/FinancialCalculatorKit-ackorybalcxbfocbkqsfdzcfkgmn/Build/Intermediates.noindex/MathJaxSwift.build/Debug/MathJaxSwift.build/Objects-normal/arm64/ConversionOptions.o
        /Users/rogerlin/Library/Developer/Xcode/DerivedData/FinancialCalculatorKit-ackorybalcxbfocbkqsfdzcfkgmn/Build/Intermediates.noindex/MathJaxSwift.build/Debug/MathJaxSwift.build/Objects-normal/arm64/A11YOptions.o
        /Users/rogerlin/Library/Developer/Xcode/DerivedData/FinancialCalculatorKit-ackorybalcxbfocbkqsfdzcfkgmn/Build/Intermediates.noindex/MathJaxSwift.build/Debug/MathJaxSwift.build/Objects-normal/arm64/DocumentOptions.o
        /Users/rogerlin/Library/Developer/Xcode/DerivedData/FinancialCalculatorKit-ackorybalcxbfocbkqsfdzcfkgmn/Build/Intermediates.noindex/MathJaxSwift.build/Debug/MathJaxSwift.build/Objects-normal/arm64/MenuOptions.o
        /Users/rogerlin/Library/Developer/Xcode/DerivedData/FinancialCalculatorKit-ackorybalcxbfocbkqsfdzcfkgmn/Build/Intermediates.noindex/MathJaxSwift.build/Debug/MathJaxSwift.build/Objects-normal/arm64/MenuOptionsSettings.o
        /Users/rogerlin/Library/Developer/Xcode/DerivedData/FinancialCalculatorKit-ackorybalcxbfocbkqsfdzcfkgmn/Build/Intermediates.noindex/MathJaxSwift.build/Debug/MathJaxSwift.build/Objects-normal/arm64/SREOptions.o
        /Users/rogerlin/Library/Developer/Xcode/DerivedData/FinancialCalculatorKit-ackorybalcxbfocbkqsfdzcfkgmn/Build/Intermediates.noindex/MathJaxSwift.build/Debug/MathJaxSwift.build/Objects-normal/arm64/AllowOptions.o
        /Users/rogerlin/Library/Developer/Xcode/DerivedData/FinancialCalculatorKit-ackorybalcxbfocbkqsfdzcfkgmn/Build/Intermediates.noindex/MathJaxSwift.build/Debug/MathJaxSwift.build/Objects-normal/arm64/SafeOptions.o
        /Users/rogerlin/Library/Developer/Xcode/DerivedData/FinancialCalculatorKit-ackorybalcxbfocbkqsfdzcfkgmn/Build/Intermediates.noindex/MathJaxSwift.build/Debug/MathJaxSwift.build/Objects-normal/arm64/SafeProtocols.o
        /Users/rogerlin/Library/Developer/Xcode/DerivedData/FinancialCalculatorKit-ackorybalcxbfocbkqsfdzcfkgmn/Build/Intermediates.noindex/MathJaxSwift.build/Debug/MathJaxSwift.build/Objects-normal/arm64/SafeStyles.o
        /Users/rogerlin/Library/Developer/Xcode/DerivedData/FinancialCalculatorKit-ackorybalcxbfocbkqsfdzcfkgmn/Build/Intermediates.noindex/MathJaxSwift.build/Debug/MathJaxSwift.build/Objects-normal/arm64/AMInputProcessorOptions.o
        /Users/rogerlin/Library/Developer/Xcode/DerivedData/FinancialCalculatorKit-ackorybalcxbfocbkqsfdzcfkgmn/Build/Intermediates.noindex/MathJaxSwift.build/Debug/MathJaxSwift.build/Objects-normal/arm64/InputProcessorOptions.o
        /Users/rogerlin/Library/Developer/Xcode/DerivedData/FinancialCalculatorKit-ackorybalcxbfocbkqsfdzcfkgmn/Build/Intermediates.noindex/MathJaxSwift.build/Debug/MathJaxSwift.build/Objects-normal/arm64/MMLInputProcessorOptions.o
        /Users/rogerlin/Library/Developer/Xcode/DerivedData/FinancialCalculatorKit-ackorybalcxbfocbkqsfdzcfkgmn/Build/Intermediates.noindex/MathJaxSwift.build/Debug/MathJaxSwift.build/Objects-normal/arm64/AMSCDOptions.o
        /Users/rogerlin/Library/Developer/Xcode/DerivedData/FinancialCalculatorKit-ackorybalcxbfocbkqsfdzcfkgmn/Build/Intermediates.noindex/MathJaxSwift.build/Debug/MathJaxSwift.build/Objects-normal/arm64/AMSOptions.o
        /Users/rogerlin/Library/Developer/Xcode/DerivedData/FinancialCalculatorKit-ackorybalcxbfocbkqsfdzcfkgmn/Build/Intermediates.noindex/MathJaxSwift.build/Debug/MathJaxSwift.build/Objects-normal/arm64/AutoloadOptions.o
        /Users/rogerlin/Library/Developer/Xcode/DerivedData/FinancialCalculatorKit-ackorybalcxbfocbkqsfdzcfkgmn/Build/Intermediates.noindex/MathJaxSwift.build/Debug/MathJaxSwift.build/Objects-normal/arm64/ColorOptions.o
        /Users/rogerlin/Library/Developer/Xcode/DerivedData/FinancialCalculatorKit-ackorybalcxbfocbkqsfdzcfkgmn/Build/Intermediates.noindex/MathJaxSwift.build/Debug/MathJaxSwift.build/Objects-normal/arm64/MathtoolsOptions.o
        /Users/rogerlin/Library/Developer/Xcode/DerivedData/FinancialCalculatorKit-ackorybalcxbfocbkqsfdzcfkgmn/Build/Intermediates.noindex/MathJaxSwift.build/Debug/MathJaxSwift.build/Objects-normal/arm64/NoundefinedOptions.o
        /Users/rogerlin/Library/Developer/Xcode/DerivedData/FinancialCalculatorKit-ackorybalcxbfocbkqsfdzcfkgmn/Build/Intermediates.noindex/MathJaxSwift.build/Debug/MathJaxSwift.build/Objects-normal/arm64/PhysicsOptions.o
        /Users/rogerlin/Library/Developer/Xcode/DerivedData/FinancialCalculatorKit-ackorybalcxbfocbkqsfdzcfkgmn/Build/Intermediates.noindex/MathJaxSwift.build/Debug/MathJaxSwift.build/Objects-normal/arm64/RequireOptions.o
        /Users/rogerlin/Library/Developer/Xcode/DerivedData/FinancialCalculatorKit-ackorybalcxbfocbkqsfdzcfkgmn/Build/Intermediates.noindex/MathJaxSwift.build/Debug/MathJaxSwift.build/Objects-normal/arm64/SetOptions.o
        /Users/rogerlin/Library/Developer/Xcode/DerivedData/FinancialCalculatorKit-ackorybalcxbfocbkqsfdzcfkgmn/Build/Intermediates.noindex/MathJaxSwift.build/Debug/MathJaxSwift.build/Objects-normal/arm64/TagFormatOptions.o
        /Users/rogerlin/Library/Developer/Xcode/DerivedData/FinancialCalculatorKit-ackorybalcxbfocbkqsfdzcfkgmn/Build/Intermediates.noindex/MathJaxSwift.build/Debug/MathJaxSwift.build/Objects-normal/arm64/TeXInputProcessorOptions.o
        /Users/rogerlin/Library/Developer/Xcode/DerivedData/FinancialCalculatorKit-ackorybalcxbfocbkqsfdzcfkgmn/Build/Intermediates.noindex/MathJaxSwift.build/Debug/MathJaxSwift.build/Objects-normal/arm64/CHTMLOutputProcessorOptions.o
        /Users/rogerlin/Library/Developer/Xcode/DerivedData/FinancialCalculatorKit-ackorybalcxbfocbkqsfdzcfkgmn/Build/Intermediates.noindex/MathJaxSwift.build/Debug/MathJaxSwift.build/Objects-normal/arm64/OutputProcessorOptions.o
        /Users/rogerlin/Library/Developer/Xcode/DerivedData/FinancialCalculatorKit-ackorybalcxbfocbkqsfdzcfkgmn/Build/Intermediates.noindex/MathJaxSwift.build/Debug/MathJaxSwift.build/Objects-normal/arm64/SVGOutputProcessorOptions.o
        /Users/rogerlin/Library/Developer/Xcode/DerivedData/FinancialCalculatorKit-ackorybalcxbfocbkqsfdzcfkgmn/Build/Intermediates.noindex/MathJaxSwift.build/Debug/MathJaxSwift.build/Objects-normal/arm64/resource_bundle_accessor.swiftconstvalues
        /Users/rogerlin/Library/Developer/Xcode/DerivedData/FinancialCalculatorKit-ackorybalcxbfocbkqsfdzcfkgmn/Build/Intermediates.noindex/MathJaxSwift.build/Debug/MathJaxSwift.build/Objects-normal/arm64/AM2CHTML.swiftconstvalues
        /Users/rogerlin/Library/Developer/Xcode/DerivedData/FinancialCalculatorKit-ackorybalcxbfocbkqsfdzcfkgmn/Build/Intermediates.noindex/MathJaxSwift.build/Debug/MathJaxSwift.build/Objects-normal/arm64/AM2MML.swiftconstvalues
        /Users/rogerlin/Library/Developer/Xcode/DerivedData/FinancialCalculatorKit-ackorybalcxbfocbkqsfdzcfkgmn/Build/Intermediates.noindex/MathJaxSwift.build/Debug/MathJaxSwift.build/Objects-normal/arm64/MML2CHTML.swiftconstvalues
        /Users/rogerlin/Library/Developer/Xcode/DerivedData/FinancialCalculatorKit-ackorybalcxbfocbkqsfdzcfkgmn/Build/Intermediates.noindex/MathJaxSwift.build/Debug/MathJaxSwift.build/Objects-normal/arm64/MML2SVG.swiftconstvalues
        /Users/rogerlin/Library/Developer/Xcode/DerivedData/FinancialCalculatorKit-ackorybalcxbfocbkqsfdzcfkgmn/Build/Intermediates.noindex/MathJaxSwift.build/Debug/MathJaxSwift.build/Objects-normal/arm64/TeX2CHTML.swiftconstvalues
        /Users/rogerlin/Library/Developer/Xcode/DerivedData/FinancialCalculatorKit-ackorybalcxbfocbkqsfdzcfkgmn/Build/Intermediates.noindex/MathJaxSwift.build/Debug/MathJaxSwift.build/Objects-normal/arm64/TeX2MML.swiftconstvalues
        /Users/rogerlin/Library/Developer/Xcode/DerivedData/FinancialCalculatorKit-ackorybalcxbfocbkqsfdzcfkgmn/Build/Intermediates.noindex/MathJaxSwift.build/Debug/MathJaxSwift.build/Objects-normal/arm64/TeX2SVG.swiftconstvalues
        /Users/rogerlin/Library/Developer/Xcode/DerivedData/FinancialCalculatorKit-ackorybalcxbfocbkqsfdzcfkgmn/Build/Intermediates.noindex/MathJaxSwift.build/Debug/MathJaxSwift.build/Objects-normal/arm64/Constants.swiftconstvalues
        /Users/rogerlin/Library/Developer/Xcode/DerivedData/FinancialCalculatorKit-ackorybalcxbfocbkqsfdzcfkgmn/Build/Intermediates.noindex/MathJaxSwift.build/Debug/MathJaxSwift.build/Objects-normal/arm64/Function.swiftconstvalues
        /Users/rogerlin/Library/Developer/Xcode/DerivedData/FinancialCalculatorKit-ackorybalcxbfocbkqsfdzcfkgmn/Build/Intermediates.noindex/MathJaxSwift.build/Debug/MathJaxSwift.build/Objects-normal/arm64/MathJaxError.swiftconstvalues
        /Users/rogerlin/Library/Developer/Xcode/DerivedData/FinancialCalculatorKit-ackorybalcxbfocbkqsfdzcfkgmn/Build/Intermediates.noindex/MathJaxSwift.build/Debug/MathJaxSwift.build/Objects-normal/arm64/PackageLock.swiftconstvalues
        /Users/rogerlin/Library/Developer/Xcode/DerivedData/FinancialCalculatorKit-ackorybalcxbfocbkqsfdzcfkgmn/Build/Intermediates.noindex/MathJaxSwift.build/Debug/MathJaxSwift.build/Objects-normal/arm64/HTMLParser.swiftconstvalues
        /Users/rogerlin/Library/Developer/Xcode/DerivedData/FinancialCalculatorKit-ackorybalcxbfocbkqsfdzcfkgmn/Build/Intermediates.noindex/MathJaxSwift.build/Debug/MathJaxSwift.build/Objects-normal/arm64/MMLParser.swiftconstvalues
        /Users/rogerlin/Library/Developer/Xcode/DerivedData/FinancialCalculatorKit-ackorybalcxbfocbkqsfdzcfkgmn/Build/Intermediates.noindex/MathJaxSwift.build/Debug/MathJaxSwift.build/Objects-normal/arm64/Parser.swiftconstvalues
        /Users/rogerlin/Library/Developer/Xcode/DerivedData/FinancialCalculatorKit-ackorybalcxbfocbkqsfdzcfkgmn/Build/Intermediates.noindex/MathJaxSwift.build/Debug/MathJaxSwift.build/Objects-normal/arm64/SVGParser.swiftconstvalues
        /Users/rogerlin/Library/Developer/Xcode/DerivedData/FinancialCalculatorKit-ackorybalcxbfocbkqsfdzcfkgmn/Build/Intermediates.noindex/MathJaxSwift.build/Debug/MathJaxSwift.build/Objects-normal/arm64/MathJax.swiftconstvalues
        /Users/rogerlin/Library/Developer/Xcode/DerivedData/FinancialCalculatorKit-ackorybalcxbfocbkqsfdzcfkgmn/Build/Intermediates.noindex/MathJaxSwift.build/Debug/MathJaxSwift.build/Objects-normal/arm64/ConversionOptions.swiftconstvalues
        /Users/rogerlin/Library/Developer/Xcode/DerivedData/FinancialCalculatorKit-ackorybalcxbfocbkqsfdzcfkgmn/Build/Intermediates.noindex/MathJaxSwift.build/Debug/MathJaxSwift.build/Objects-normal/arm64/A11YOptions.swiftconstvalues
        /Users/rogerlin/Library/Developer/Xcode/DerivedData/FinancialCalculatorKit-ackorybalcxbfocbkqsfdzcfkgmn/Build/Intermediates.noindex/MathJaxSwift.build/Debug/MathJaxSwift.build/Objects-normal/arm64/DocumentOptions.swiftconstvalues
        /Users/rogerlin/Library/Developer/Xcode/DerivedData/FinancialCalculatorKit-ackorybalcxbfocbkqsfdzcfkgmn/Build/Intermediates.noindex/MathJaxSwift.build/Debug/MathJaxSwift.build/Objects-normal/arm64/MenuOptions.swiftconstvalues
        /Users/rogerlin/Library/Developer/Xcode/DerivedData/FinancialCalculatorKit-ackorybalcxbfocbkqsfdzcfkgmn/Build/Intermediates.noindex/MathJaxSwift.build/Debug/MathJaxSwift.build/Objects-normal/arm64/MenuOptionsSettings.swiftconstvalues
        /Users/rogerlin/Library/Developer/Xcode/DerivedData/FinancialCalculatorKit-ackorybalcxbfocbkqsfdzcfkgmn/Build/Intermediates.noindex/MathJaxSwift.build/Debug/MathJaxSwift.build/Objects-normal/arm64/SREOptions.swiftconstvalues
        /Users/rogerlin/Library/Developer/Xcode/DerivedData/FinancialCalculatorKit-ackorybalcxbfocbkqsfdzcfkgmn/Build/Intermediates.noindex/MathJaxSwift.build/Debug/MathJaxSwift.build/Objects-normal/arm64/AllowOptions.swiftconstvalues
        /Users/rogerlin/Library/Developer/Xcode/DerivedData/FinancialCalculatorKit-ackorybalcxbfocbkqsfdzcfkgmn/Build/Intermediates.noindex/MathJaxSwift.build/Debug/MathJaxSwift.build/Objects-normal/arm64/SafeOptions.swiftconstvalues
        /Users/rogerlin/Library/Developer/Xcode/DerivedData/FinancialCalculatorKit-ackorybalcxbfocbkqsfdzcfkgmn/Build/Intermediates.noindex/MathJaxSwift.build/Debug/MathJaxSwift.build/Objects-normal/arm64/SafeProtocols.swiftconstvalues
        /Users/rogerlin/Library/Developer/Xcode/DerivedData/FinancialCalculatorKit-ackorybalcxbfocbkqsfdzcfkgmn/Build/Intermediates.noindex/MathJaxSwift.build/Debug/MathJaxSwift.build/Objects-normal/arm64/SafeStyles.swiftconstvalues
        /Users/rogerlin/Library/Developer/Xcode/DerivedData/FinancialCalculatorKit-ackorybalcxbfocbkqsfdzcfkgmn/Build/Intermediates.noindex/MathJaxSwift.build/Debug/MathJaxSwift.build/Objects-normal/arm64/AMInputProcessorOptions.swiftconstvalues
        /Users/rogerlin/Library/Developer/Xcode/DerivedData/FinancialCalculatorKit-ackorybalcxbfocbkqsfdzcfkgmn/Build/Intermediates.noindex/MathJaxSwift.build/Debug/MathJaxSwift.build/Objects-normal/arm64/InputProcessorOptions.swiftconstvalues
        /Users/rogerlin/Library/Developer/Xcode/DerivedData/FinancialCalculatorKit-ackorybalcxbfocbkqsfdzcfkgmn/Build/Intermediates.noindex/MathJaxSwift.build/Debug/MathJaxSwift.build/Objects-normal/arm64/MMLInputProcessorOptions.swiftconstvalues
        /Users/rogerlin/Library/Developer/Xcode/DerivedData/FinancialCalculatorKit-ackorybalcxbfocbkqsfdzcfkgmn/Build/Intermediates.noindex/MathJaxSwift.build/Debug/MathJaxSwift.build/Objects-normal/arm64/AMSCDOptions.swiftconstvalues
        /Users/rogerlin/Library/Developer/Xcode/DerivedData/FinancialCalculatorKit-ackorybalcxbfocbkqsfdzcfkgmn/Build/Intermediates.noindex/MathJaxSwift.build/Debug/MathJaxSwift.build/Objects-normal/arm64/AMSOptions.swiftconstvalues
        /Users/rogerlin/Library/Developer/Xcode/DerivedData/FinancialCalculatorKit-ackorybalcxbfocbkqsfdzcfkgmn/Build/Intermediates.noindex/MathJaxSwift.build/Debug/MathJaxSwift.build/Objects-normal/arm64/AutoloadOptions.swiftconstvalues
        /Users/rogerlin/Library/Developer/Xcode/DerivedData/FinancialCalculatorKit-ackorybalcxbfocbkqsfdzcfkgmn/Build/Intermediates.noindex/MathJaxSwift.build/Debug/MathJaxSwift.build/Objects-normal/arm64/ColorOptions.swiftconstvalues
        /Users/rogerlin/Library/Developer/Xcode/DerivedData/FinancialCalculatorKit-ackorybalcxbfocbkqsfdzcfkgmn/Build/Intermediates.noindex/MathJaxSwift.build/Debug/MathJaxSwift.build/Objects-normal/arm64/MathtoolsOptions.swiftconstvalues
        /Users/rogerlin/Library/Developer/Xcode/DerivedData/FinancialCalculatorKit-ackorybalcxbfocbkqsfdzcfkgmn/Build/Intermediates.noindex/MathJaxSwift.build/Debug/MathJaxSwift.build/Objects-normal/arm64/NoundefinedOptions.swiftconstvalues
        /Users/rogerlin/Library/Developer/Xcode/DerivedData/FinancialCalculatorKit-ackorybalcxbfocbkqsfdzcfkgmn/Build/Intermediates.noindex/MathJaxSwift.build/Debug/MathJaxSwift.build/Objects-normal/arm64/PhysicsOptions.swiftconstvalues
        /Users/rogerlin/Library/Developer/Xcode/DerivedData/FinancialCalculatorKit-ackorybalcxbfocbkqsfdzcfkgmn/Build/Intermediates.noindex/MathJaxSwift.build/Debug/MathJaxSwift.build/Objects-normal/arm64/RequireOptions.swiftconstvalues
        /Users/rogerlin/Library/Developer/Xcode/DerivedData/FinancialCalculatorKit-ackorybalcxbfocbkqsfdzcfkgmn/Build/Intermediates.noindex/MathJaxSwift.build/Debug/MathJaxSwift.build/Objects-normal/arm64/SetOptions.swiftconstvalues
        /Users/rogerlin/Library/Developer/Xcode/DerivedData/FinancialCalculatorKit-ackorybalcxbfocbkqsfdzcfkgmn/Build/Intermediates.noindex/MathJaxSwift.build/Debug/MathJaxSwift.build/Objects-normal/arm64/TagFormatOptions.swiftconstvalues
        /Users/rogerlin/Library/Developer/Xcode/DerivedData/FinancialCalculatorKit-ackorybalcxbfocbkqsfdzcfkgmn/Build/Intermediates.noindex/MathJaxSwift.build/Debug/MathJaxSwift.build/Objects-normal/arm64/TeXInputProcessorOptions.swiftconstvalues
        /Users/rogerlin/Library/Developer/Xcode/DerivedData/FinancialCalculatorKit-ackorybalcxbfocbkqsfdzcfkgmn/Build/Intermediates.noindex/MathJaxSwift.build/Debug/MathJaxSwift.build/Objects-normal/arm64/CHTMLOutputProcessorOptions.swiftconstvalues
        /Users/rogerlin/Library/Developer/Xcode/DerivedData/FinancialCalculatorKit-ackorybalcxbfocbkqsfdzcfkgmn/Build/Intermediates.noindex/MathJaxSwift.build/Debug/MathJaxSwift.build/Objects-normal/arm64/OutputProcessorOptions.swiftconstvalues
        /Users/rogerlin/Library/Developer/Xcode/DerivedData/FinancialCalculatorKit-ackorybalcxbfocbkqsfdzcfkgmn/Build/Intermediates.noindex/MathJaxSwift.build/Debug/MathJaxSwift.build/Objects-normal/arm64/SVGOutputProcessorOptions.swiftconstvalues
Discovered dependency nodes:
/Applications/Xcode.app/Contents/Developer/Platforms/MacOSX.platform/Developer/SDKs/MacOSX26.1.sdk/System/Library/Frameworks/CFNetwork.framework/Modules/module.modulemap
/Applications/Xcode.app/Contents/Developer/Platforms/MacOSX.platform/Developer/SDKs/MacOSX26.1.sdk/System/Library/Frameworks/CFNetwork.framework/Headers/CFNetwork.h
/Applications/Xcode.app/Contents/Developer/Platforms/MacOSX.platform/Developer/SDKs/MacOSX26.1.sdk/System/Library/Frameworks/CoreFoundation.framework/Modules/module.modulemap
/Applications/Xcode.app/Contents/Developer/Platforms/MacOSX.platform/Developer/SDKs/MacOSX26.1.sdk/System/Library/Frameworks/CFNetwork.framework/Headers/CFNetworkDefs.h
/Applications/Xcode.app/Contents/Developer/Platforms/MacOSX.platform/Developer/SDKs/MacOSX26.1.sdk/usr/include/Darwin.modulemap
/Applications/Xcode.app/Contents/Developer/Platforms/MacOSX.platform/Developer/SDKs/MacOSX26.1.sdk/System/Library/Frameworks/CFNetwork.framework/Headers/CFNetworkErrors.h
/Applications/Xcode.app/Contents/Developer/Platforms/MacOSX.platform/Developer/SDKs/MacOSX26.1.sdk/System/Library/Frameworks/CFNetwork.framework/Headers/CFSocketStream.h
/Applications/Xcode.app/Contents/Developer/Platforms/MacOSX.platform/Developer/SDKs/MacOSX26.1.sdk/System/Library/Frameworks/CFNetwork.framework/Headers/CFHost.h
/Applications/Xcode.app/Contents/Developer/Platforms/MacOSX.platform/Developer/SDKs/MacOSX26.1.sdk/System/Library/Frameworks/CFNetwork.framework/Headers/CFNetServices.h
/Applications/Xcode.app/Contents/Developer/Platforms/MacOSX.platform/Developer/SDKs/MacOSX26.1.sdk/System/Library/Frameworks/CFNetwork.framework/Headers/CFFTPStream.h
/Applications/Xcode.app/Contents/Developer/Platforms/MacOSX.platform/Developer/SDKs/MacOSX26.1.sdk/System/Library/Frameworks/CFNetwork.framework/Headers/CFHTTPMessage.h
/Applications/Xcode.app/Contents/Developer/Platforms/MacOSX.platform/Developer/SDKs/MacOSX26.1.sdk/System/Library/Frameworks/CFNetwork.framework/Headers/CFHTTPStream.h
/Applications/Xcode.app/Contents/Developer/Platforms/MacOSX.platform/Developer/SDKs/MacOSX26.1.sdk/System/Library/Frameworks/CFNetwork.framework/Headers/CFHTTPAuthentication.h
/Applications/Xcode.app/Contents/Developer/Platforms/MacOSX.platform/Developer/SDKs/MacOSX26.1.sdk/System/Library/Frameworks/CFNetwork.framework/Headers/CFNetDiagnostics.h
/Applications/Xcode.app/Contents/Developer/Toolchains/XcodeDefault.xctoolchain/usr/lib/swift/clang/include/module.modulemap
/Applications/Xcode.app/Contents/Developer/Platforms/MacOSX.platform/Developer/SDKs/MacOSX26.1.sdk/System/Library/Frameworks/CFNetwork.framework/Headers/CFProxySupport.h
/Applications/Xcode.app/Contents/Developer/Platforms/MacOSX.platform/Developer/SDKs/MacOSX26.1.sdk/SDKSettings.json
/Applications/Xcode.app/Contents/Developer/Toolchains/XcodeDefault.xctoolchain/usr/lib/swift/macosx/prebuilt-modules/26.1/Combine.swiftmodule/arm64e-apple-macos.swiftmodule
/Applications/Xcode.app/Contents/Developer/Toolchains/XcodeDefault.xctoolchain/usr/lib/swift/macosx/prebuilt-modules/26.1/CoreFoundation.swiftmodule/arm64e-apple-macos.swiftmodule
/Applications/Xcode.app/Contents/Developer/Platforms/MacOSX.platform/Developer/SDKs/MacOSX26.1.sdk/System/Library/Frameworks/CoreFoundation.framework/Modules/module.modulemap
/Applications/Xcode.app/Contents/Developer/Platforms/MacOSX.platform/Developer/SDKs/MacOSX26.1.sdk/System/Library/Frameworks/CoreFoundation.framework/Headers/CoreFoundation.h
/Applications/Xcode.app/Contents/Developer/Platforms/MacOSX.platform/Developer/SDKs/MacOSX26.1.sdk/usr/include/dispatch.modulemap
/Applications/Xcode.app/Contents/Developer/Platforms/MacOSX.platform/Developer/SDKs/MacOSX26.1.sdk/usr/include/Darwin.modulemap
/Applications/Xcode.app/Contents/Developer/Platforms/MacOSX.platform/Developer/SDKs/MacOSX26.1.sdk/usr/include/Darwin_C.modulemap
/Applications/Xcode.app/Contents/Developer/Platforms/MacOSX.platform/Developer/SDKs/MacOSX26.1.sdk/usr/include/Darwin_POSIX.modulemap
/Applications/Xcode.app/Contents/Developer/Platforms/MacOSX.platform/Developer/SDKs/MacOSX26.1.sdk/usr/include/net.modulemap
/Applications/Xcode.app/Contents/Developer/Platforms/MacOSX.platform/Developer/SDKs/MacOSX26.1.sdk/usr/include/netinet.modulemap
/Applications/Xcode.app/Contents/Developer/Platforms/MacOSX.platform/Developer/SDKs/MacOSX26.1.sdk/usr/include/bank.modulemap
/Applications/Xcode.app/Contents/Developer/Platforms/MacOSX.platform/Developer/SDKs/MacOSX26.1.sdk/usr/include/Darwin_Mach.modulemap
/Applications/Xcode.app/Contents/Developer/Platforms/MacOSX.platform/Developer/SDKs/MacOSX26.1.sdk/usr/include/Darwin_Mach_machine.modulemap
/Applications/Xcode.app/Contents/Developer/Platforms/MacOSX.platform/Developer/SDKs/MacOSX26.1.sdk/usr/include/mach_debug.modulemap
/Applications/Xcode.app/Contents/Developer/Platforms/MacOSX.platform/Developer/SDKs/MacOSX26.1.sdk/usr/include/device.modulemap
/Applications/Xcode.app/Contents/Developer/Platforms/MacOSX.platform/Developer/SDKs/MacOSX26.1.sdk/usr/include/Darwin_machine.modulemap
/Applications/Xcode.app/Contents/Developer/Platforms/MacOSX.platform/Developer/SDKs/MacOSX26.1.sdk/usr/include/ncurses.modulemap
/Applications/Xcode.app/Contents/Developer/Platforms/MacOSX.platform/Developer/SDKs/MacOSX26.1.sdk/usr/include/netinet6.modulemap
/Applications/Xcode.app/Contents/Developer/Platforms/MacOSX.platform/Developer/SDKs/MacOSX26.1.sdk/usr/include/Darwin_sys.modulemap
/Applications/Xcode.app/Contents/Developer/Platforms/MacOSX.platform/Developer/SDKs/MacOSX26.1.sdk/usr/include/uuid.modulemap
/Applications/Xcode.app/Contents/Developer/Platforms/MacOSX.platform/Developer/SDKs/MacOSX26.1.sdk/usr/include/DarwinFoundation2.modulemap
/Applications/Xcode.app/Contents/Developer/Platforms/MacOSX.platform/Developer/SDKs/MacOSX26.1.sdk/usr/include/DarwinFoundation3.modulemap
/Applications/Xcode.app/Contents/Developer/Platforms/MacOSX.platform/Developer/SDKs/MacOSX26.1.sdk/usr/include/DarwinFoundation1.modulemap
/Applications/Xcode.app/Contents/Developer/Toolchains/XcodeDefault.xctoolchain/usr/lib/swift/clang/include/module.modulemap
/Applications/Xcode.app/Contents/Developer/Toolchains/XcodeDefault.xctoolchain/usr/lib/swift/clang/include/stdarg.h
/Applications/Xcode.app/Contents/Developer/Platforms/MacOSX.platform/Developer/SDKs/MacOSX26.1.sdk/usr/include/assert.h
/Applications/Xcode.app/Contents/Developer/Platforms/MacOSX.platform/Developer/SDKs/MacOSX26.1.sdk/usr/include/ctype.h
/Applications/Xcode.app/Contents/Developer/Toolchains/XcodeDefault.xctoolchain/usr/lib/swift/clang/include/stddef.h
/Applications/Xcode.app/Contents/Developer/Platforms/MacOSX.platform/Developer/SDKs/MacOSX26.1.sdk/usr/include/stdio.h
/Applications/Xcode.app/Contents/Developer/Platforms/MacOSX.platform/Developer/SDKs/MacOSX26.1.sdk/usr/include/stdlib.h
/Applications/Xcode.app/Contents/Developer/Platforms/MacOSX.platform/Developer/SDKs/MacOSX26.1.sdk/usr/include/string.h
/Applications/Xcode.app/Contents/Developer/Platforms/MacOSX.platform/Developer/SDKs/MacOSX26.1.sdk/usr/include/time.h
/Applications/Xcode.app/Contents/Developer/Platforms/MacOSX.platform/Developer/SDKs/MacOSX26.1.sdk/System/Library/Frameworks/CoreFoundation.framework/Headers/CFBase.h
/Applications/Xcode.app/Contents/Developer/Platforms/MacOSX.platform/Developer/SDKs/MacOSX26.1.sdk/System/Library/Frameworks/CoreFoundation.framework/Headers/CFAvailability.h
/Applications/Xcode.app/Contents/Developer/Platforms/MacOSX.platform/Developer/SDKs/MacOSX26.1.sdk/System/Library/Frameworks/CoreFoundation.framework/Headers/CFArray.h
/Applications/Xcode.app/Contents/Developer/Platforms/MacOSX.platform/Developer/SDKs/MacOSX26.1.sdk/System/Library/Frameworks/CoreFoundation.framework/Headers/CFBag.h
/Applications/Xcode.app/Contents/Developer/Platforms/MacOSX.platform/Developer/SDKs/MacOSX26.1.sdk/System/Library/Frameworks/CoreFoundation.framework/Headers/CFBinaryHeap.h
/Applications/Xcode.app/Contents/Developer/Platforms/MacOSX.platform/Developer/SDKs/MacOSX26.1.sdk/System/Library/Frameworks/CoreFoundation.framework/Headers/CFBitVector.h
/Applications/Xcode.app/Contents/Developer/Platforms/MacOSX.platform/Developer/SDKs/MacOSX26.1.sdk/System/Library/Frameworks/CoreFoundation.framework/Headers/CFByteOrder.h
/Applications/Xcode.app/Contents/Developer/Platforms/MacOSX.platform/Developer/SDKs/MacOSX26.1.sdk/System/Library/Frameworks/CoreFoundation.framework/Headers/CFCalendar.h
/Applications/Xcode.app/Contents/Developer/Platforms/MacOSX.platform/Developer/SDKs/MacOSX26.1.sdk/System/Library/Frameworks/CoreFoundation.framework/Headers/CFLocale.h
/Applications/Xcode.app/Contents/Developer/Platforms/MacOSX.platform/Developer/SDKs/MacOSX26.1.sdk/System/Library/Frameworks/CoreFoundation.framework/Headers/CFDictionary.h
/Applications/Xcode.app/Contents/Developer/Platforms/MacOSX.platform/Developer/SDKs/MacOSX26.1.sdk/System/Library/Frameworks/CoreFoundation.framework/Headers/CFNotificationCenter.h
/Applications/Xcode.app/Contents/Developer/Platforms/MacOSX.platform/Developer/SDKs/MacOSX26.1.sdk/System/Library/Frameworks/CoreFoundation.framework/Headers/CFDate.h
/Applications/Xcode.app/Contents/Developer/Platforms/MacOSX.platform/Developer/SDKs/MacOSX26.1.sdk/System/Library/Frameworks/CoreFoundation.framework/Headers/CFTimeZone.h
/Applications/Xcode.app/Contents/Developer/Platforms/MacOSX.platform/Developer/SDKs/MacOSX26.1.sdk/System/Library/Frameworks/CoreFoundation.framework/Headers/CFData.h
/Applications/Xcode.app/Contents/Developer/Platforms/MacOSX.platform/Developer/SDKs/MacOSX26.1.sdk/System/Library/Frameworks/CoreFoundation.framework/Headers/CFString.h
/Applications/Xcode.app/Contents/Developer/Platforms/MacOSX.platform/Developer/SDKs/MacOSX26.1.sdk/System/Library/Frameworks/CoreFoundation.framework/Headers/CFCharacterSet.h
/Applications/Xcode.app/Contents/Developer/Platforms/MacOSX.platform/Developer/SDKs/MacOSX26.1.sdk/System/Library/Frameworks/CoreFoundation.framework/Headers/CFError.h
/Applications/Xcode.app/Contents/Developer/Platforms/MacOSX.platform/Developer/SDKs/MacOSX26.1.sdk/System/Library/Frameworks/CoreFoundation.framework/Headers/CFCGTypes.h
/Applications/Xcode.app/Contents/Developer/Platforms/MacOSX.platform/Developer/SDKs/MacOSX26.1.sdk/System/Library/Frameworks/CoreFoundation.framework/Headers/CFDateFormatter.h
/Applications/Xcode.app/Contents/Developer/Platforms/MacOSX.platform/Developer/SDKs/MacOSX26.1.sdk/System/Library/Frameworks/CoreFoundation.framework/Headers/CFNumber.h
/Applications/Xcode.app/Contents/Developer/Platforms/MacOSX.platform/Developer/SDKs/MacOSX26.1.sdk/System/Library/Frameworks/CoreFoundation.framework/Headers/CFNumberFormatter.h
/Applications/Xcode.app/Contents/Developer/Platforms/MacOSX.platform/Developer/SDKs/MacOSX26.1.sdk/System/Library/Frameworks/CoreFoundation.framework/Headers/CFPreferences.h
/Applications/Xcode.app/Contents/Developer/Platforms/MacOSX.platform/Developer/SDKs/MacOSX26.1.sdk/System/Library/Frameworks/CoreFoundation.framework/Headers/CFPropertyList.h
/Applications/Xcode.app/Contents/Developer/Platforms/MacOSX.platform/Developer/SDKs/MacOSX26.1.sdk/System/Library/Frameworks/CoreFoundation.framework/Headers/CFStream.h
/Applications/Xcode.app/Contents/Developer/Platforms/MacOSX.platform/Developer/SDKs/MacOSX26.1.sdk/System/Library/Frameworks/CoreFoundation.framework/Headers/CFURL.h
/Applications/Xcode.app/Contents/Developer/Platforms/MacOSX.platform/Developer/SDKs/MacOSX26.1.sdk/System/Library/Frameworks/CoreFoundation.framework/Headers/CFRunLoop.h
/Applications/Xcode.app/Contents/Developer/Platforms/MacOSX.platform/Developer/SDKs/MacOSX26.1.sdk/System/Library/Frameworks/CoreFoundation.framework/Headers/CFSocket.h
/Applications/Xcode.app/Contents/Developer/Platforms/MacOSX.platform/Developer/SDKs/MacOSX26.1.sdk/System/Library/Frameworks/CoreFoundation.framework/Headers/CFSet.h
/Applications/Xcode.app/Contents/Developer/Platforms/MacOSX.platform/Developer/SDKs/MacOSX26.1.sdk/System/Library/Frameworks/CoreFoundation.framework/Headers/CFStringEncodingExt.h
/Applications/Xcode.app/Contents/Developer/Platforms/MacOSX.platform/Developer/SDKs/MacOSX26.1.sdk/System/Library/Frameworks/CoreFoundation.framework/Headers/CFTree.h
/Applications/Xcode.app/Contents/Developer/Platforms/MacOSX.platform/Developer/SDKs/MacOSX26.1.sdk/System/Library/Frameworks/CoreFoundation.framework/Headers/CFURLAccess.h
/Applications/Xcode.app/Contents/Developer/Platforms/MacOSX.platform/Developer/SDKs/MacOSX26.1.sdk/System/Library/Frameworks/CoreFoundation.framework/Headers/CFUUID.h
/Applications/Xcode.app/Contents/Developer/Platforms/MacOSX.platform/Developer/SDKs/MacOSX26.1.sdk/System/Library/Frameworks/CoreFoundation.framework/Headers/CFUtilities.h
/Applications/Xcode.app/Contents/Developer/Platforms/MacOSX.platform/Developer/SDKs/MacOSX26.1.sdk/System/Library/Frameworks/CoreFoundation.framework/Headers/CFBundle.h
/Applications/Xcode.app/Contents/Developer/Platforms/MacOSX.platform/Developer/SDKs/MacOSX26.1.sdk/System/Library/Frameworks/CoreFoundation.framework/Headers/CFMessagePort.h
/Applications/Xcode.app/Contents/Developer/Platforms/MacOSX.platform/Developer/SDKs/MacOSX26.1.sdk/System/Library/Frameworks/CoreFoundation.framework/Headers/CFPlugIn.h
/Applications/Xcode.app/Contents/Developer/Platforms/MacOSX.platform/Developer/SDKs/MacOSX26.1.sdk/System/Library/Frameworks/CoreFoundation.framework/Headers/CFMachPort.h
/Applications/Xcode.app/Contents/Developer/Platforms/MacOSX.platform/Developer/SDKs/MacOSX26.1.sdk/System/Library/Frameworks/CoreFoundation.framework/Headers/CFAttributedString.h
/Applications/Xcode.app/Contents/Developer/Platforms/MacOSX.platform/Developer/SDKs/MacOSX26.1.sdk/System/Library/Frameworks/CoreFoundation.framework/Headers/CFURLEnumerator.h
/Applications/Xcode.app/Contents/Developer/Platforms/MacOSX.platform/Developer/SDKs/MacOSX26.1.sdk/System/Library/Frameworks/CoreFoundation.framework/Headers/CFFileSecurity.h
/Applications/Xcode.app/Contents/Developer/Platforms/MacOSX.platform/Developer/SDKs/MacOSX26.1.sdk/System/Library/Frameworks/CoreFoundation.framework/Headers/CFStringTokenizer.h
/Applications/Xcode.app/Contents/Developer/Platforms/MacOSX.platform/Developer/SDKs/MacOSX26.1.sdk/System/Library/Frameworks/CoreFoundation.framework/Headers/CFFileDescriptor.h
/Applications/Xcode.app/Contents/Developer/Platforms/MacOSX.platform/Developer/SDKs/MacOSX26.1.sdk/System/Library/Frameworks/CoreFoundation.framework/Headers/CFUserNotification.h
/Applications/Xcode.app/Contents/Developer/Platforms/MacOSX.platform/Developer/SDKs/MacOSX26.1.sdk/System/Library/Frameworks/CoreFoundation.framework/Headers/CFXMLNode.h
/Applications/Xcode.app/Contents/Developer/Platforms/MacOSX.platform/Developer/SDKs/MacOSX26.1.sdk/System/Library/Frameworks/CoreFoundation.framework/Headers/CFXMLParser.h
/Applications/Xcode.app/Contents/Developer/Platforms/MacOSX.platform/Developer/SDKs/MacOSX26.1.sdk/System/Library/Frameworks/CoreFoundation.framework/Headers/CFPlugInCOM.h
/Applications/Xcode.app/Contents/Developer/Platforms/MacOSX.platform/Developer/SDKs/MacOSX26.1.sdk/SDKSettings.json
/Applications/Xcode.app/Contents/Developer/Toolchains/XcodeDefault.xctoolchain/usr/lib/swift/macosx/prebuilt-modules/26.1/CoreGraphics.swiftmodule/arm64e-apple-macos.swiftmodule
/Applications/Xcode.app/Contents/Developer/Platforms/MacOSX.platform/Developer/SDKs/MacOSX26.1.sdk/System/Library/Frameworks/CoreGraphics.framework/Headers/CoreGraphics.apinotes
/Applications/Xcode.app/Contents/Developer/Platforms/MacOSX.platform/Developer/SDKs/MacOSX26.1.sdk/System/Library/Frameworks/CoreGraphics.framework/Modules/module.modulemap
/Applications/Xcode.app/Contents/Developer/Platforms/MacOSX.platform/Developer/SDKs/MacOSX26.1.sdk/System/Library/Frameworks/CoreGraphics.framework/Headers/CoreGraphics.h
/Applications/Xcode.app/Contents/Developer/Platforms/MacOSX.platform/Developer/SDKs/MacOSX26.1.sdk/System/Library/Frameworks/CoreGraphics.framework/Headers/CGBase.h
/Applications/Xcode.app/Contents/Developer/Toolchains/XcodeDefault.xctoolchain/usr/lib/swift/clang/include/module.modulemap
/Applications/Xcode.app/Contents/Developer/Toolchains/XcodeDefault.xctoolchain/usr/lib/swift/clang/include/stddef.h
/Applications/Xcode.app/Contents/Developer/Platforms/MacOSX.platform/Developer/SDKs/MacOSX26.1.sdk/usr/include/dispatch.modulemap
/Applications/Xcode.app/Contents/Developer/Platforms/MacOSX.platform/Developer/SDKs/MacOSX26.1.sdk/usr/include/Darwin.modulemap
/Applications/Xcode.app/Contents/Developer/Platforms/MacOSX.platform/Developer/SDKs/MacOSX26.1.sdk/usr/include/Darwin_C.modulemap
/Applications/Xcode.app/Contents/Developer/Platforms/MacOSX.platform/Developer/SDKs/MacOSX26.1.sdk/usr/include/Darwin_POSIX.modulemap
/Applications/Xcode.app/Contents/Developer/Platforms/MacOSX.platform/Developer/SDKs/MacOSX26.1.sdk/usr/include/net.modulemap
/Applications/Xcode.app/Contents/Developer/Platforms/MacOSX.platform/Developer/SDKs/MacOSX26.1.sdk/usr/include/netinet.modulemap
/Applications/Xcode.app/Contents/Developer/Platforms/MacOSX.platform/Developer/SDKs/MacOSX26.1.sdk/usr/include/bank.modulemap
/Applications/Xcode.app/Contents/Developer/Platforms/MacOSX.platform/Developer/SDKs/MacOSX26.1.sdk/usr/include/Darwin_Mach.modulemap
/Applications/Xcode.app/Contents/Developer/Platforms/MacOSX.platform/Developer/SDKs/MacOSX26.1.sdk/usr/include/Darwin_Mach_machine.modulemap
/Applications/Xcode.app/Contents/Developer/Platforms/MacOSX.platform/Developer/SDKs/MacOSX26.1.sdk/usr/include/mach_debug.modulemap
/Applications/Xcode.app/Contents/Developer/Platforms/MacOSX.platform/Developer/SDKs/MacOSX26.1.sdk/usr/include/device.modulemap
/Applications/Xcode.app/Contents/Developer/Platforms/MacOSX.platform/Developer/SDKs/MacOSX26.1.sdk/usr/include/Darwin_machine.modulemap
/Applications/Xcode.app/Contents/Developer/Platforms/MacOSX.platform/Developer/SDKs/MacOSX26.1.sdk/usr/include/ncurses.modulemap
/Applications/Xcode.app/Contents/Developer/Platforms/MacOSX.platform/Developer/SDKs/MacOSX26.1.sdk/usr/include/netinet6.modulemap
/Applications/Xcode.app/Contents/Developer/Platforms/MacOSX.platform/Developer/SDKs/MacOSX26.1.sdk/usr/include/Darwin_sys.modulemap
/Applications/Xcode.app/Contents/Developer/Platforms/MacOSX.platform/Developer/SDKs/MacOSX26.1.sdk/usr/include/uuid.modulemap
/Applications/Xcode.app/Contents/Developer/Platforms/MacOSX.platform/Developer/SDKs/MacOSX26.1.sdk/usr/include/DarwinFoundation2.modulemap
/Applications/Xcode.app/Contents/Developer/Platforms/MacOSX.platform/Developer/SDKs/MacOSX26.1.sdk/usr/include/DarwinFoundation1.modulemap
/Applications/Xcode.app/Contents/Developer/Platforms/MacOSX.platform/Developer/SDKs/MacOSX26.1.sdk/System/Library/Frameworks/CoreFoundation.framework/Modules/module.modulemap
/Applications/Xcode.app/Contents/Developer/Platforms/MacOSX.platform/Developer/SDKs/MacOSX26.1.sdk/System/Library/Frameworks/CoreGraphics.framework/Headers/CGAffineTransform.h
/Applications/Xcode.app/Contents/Developer/Platforms/MacOSX.platform/Developer/SDKs/MacOSX26.1.sdk/System/Library/Frameworks/CoreGraphics.framework/Headers/CGGeometry.h
/Applications/Xcode.app/Contents/Developer/Platforms/MacOSX.platform/Developer/SDKs/MacOSX26.1.sdk/System/Library/Frameworks/CoreGraphics.framework/Headers/CGBitmapContext.h
/Applications/Xcode.app/Contents/Developer/Platforms/MacOSX.platform/Developer/SDKs/MacOSX26.1.sdk/System/Library/Frameworks/CoreGraphics.framework/Headers/CGContext.h
/Applications/Xcode.app/Contents/Developer/Platforms/MacOSX.platform/Developer/SDKs/MacOSX26.1.sdk/System/Library/Frameworks/CoreGraphics.framework/Headers/CGColor.h
/Applications/Xcode.app/Contents/Developer/Platforms/MacOSX.platform/Developer/SDKs/MacOSX26.1.sdk/System/Library/Frameworks/CoreGraphics.framework/Headers/CGColorSpace.h
/Applications/Xcode.app/Contents/Developer/Platforms/MacOSX.platform/Developer/SDKs/MacOSX26.1.sdk/System/Library/Frameworks/CoreGraphics.framework/Headers/CGDataProvider.h
/Applications/Xcode.app/Contents/Developer/Platforms/MacOSX.platform/Developer/SDKs/MacOSX26.1.sdk/System/Library/Frameworks/CoreGraphics.framework/Headers/CGPattern.h
/Applications/Xcode.app/Contents/Developer/Platforms/MacOSX.platform/Developer/SDKs/MacOSX26.1.sdk/System/Library/Frameworks/CoreGraphics.framework/Headers/CGFont.h
/Applications/Xcode.app/Contents/Developer/Platforms/MacOSX.platform/Developer/SDKs/MacOSX26.1.sdk/System/Library/Frameworks/CoreGraphics.framework/Headers/CGGradient.h
/Applications/Xcode.app/Contents/Developer/Platforms/MacOSX.platform/Developer/SDKs/MacOSX26.1.sdk/System/Library/Frameworks/CoreGraphics.framework/Headers/CGImage.h
/Applications/Xcode.app/Contents/Developer/Platforms/MacOSX.platform/Developer/SDKs/MacOSX26.1.sdk/System/Library/Frameworks/CoreGraphics.framework/Headers/CGPath.h
/Applications/Xcode.app/Contents/Developer/Platforms/MacOSX.platform/Developer/SDKs/MacOSX26.1.sdk/System/Library/Frameworks/CoreGraphics.framework/Headers/CGPDFDocument.h
/Applications/Xcode.app/Contents/Developer/Platforms/MacOSX.platform/Developer/SDKs/MacOSX26.1.sdk/System/Library/Frameworks/CoreGraphics.framework/Headers/CGPDFPage.h
/Applications/Xcode.app/Contents/Developer/Platforms/MacOSX.platform/Developer/SDKs/MacOSX26.1.sdk/System/Library/Frameworks/CoreGraphics.framework/Headers/CGPDFDictionary.h
/Applications/Xcode.app/Contents/Developer/Platforms/MacOSX.platform/Developer/SDKs/MacOSX26.1.sdk/System/Library/Frameworks/CoreGraphics.framework/Headers/CGPDFArray.h
/Applications/Xcode.app/Contents/Developer/Platforms/MacOSX.platform/Developer/SDKs/MacOSX26.1.sdk/System/Library/Frameworks/CoreGraphics.framework/Headers/CGPDFObject.h
/Applications/Xcode.app/Contents/Developer/Platforms/MacOSX.platform/Developer/SDKs/MacOSX26.1.sdk/System/Library/Frameworks/CoreGraphics.framework/Headers/CGPDFStream.h
/Applications/Xcode.app/Contents/Developer/Platforms/MacOSX.platform/Developer/SDKs/MacOSX26.1.sdk/System/Library/Frameworks/CoreGraphics.framework/Headers/CGPDFString.h
/Applications/Xcode.app/Contents/Developer/Platforms/MacOSX.platform/Developer/SDKs/MacOSX26.1.sdk/System/Library/Frameworks/CoreGraphics.framework/Headers/CGShading.h
/Applications/Xcode.app/Contents/Developer/Platforms/MacOSX.platform/Developer/SDKs/MacOSX26.1.sdk/System/Library/Frameworks/CoreGraphics.framework/Headers/CGFunction.h
/Applications/Xcode.app/Contents/Developer/Platforms/MacOSX.platform/Developer/SDKs/MacOSX26.1.sdk/System/Library/Frameworks/CoreGraphics.framework/Headers/CGToneMapping.h
/Applications/Xcode.app/Contents/Developer/Platforms/MacOSX.platform/Developer/SDKs/MacOSX26.1.sdk/System/Library/Frameworks/CoreGraphics.framework/Headers/CGEXRToneMappingGamma.h
/Applications/Xcode.app/Contents/Developer/Platforms/MacOSX.platform/Developer/SDKs/MacOSX26.1.sdk/System/Library/Frameworks/CoreGraphics.framework/Headers/CGITUToneMapping.h
/Applications/Xcode.app/Contents/Developer/Platforms/MacOSX.platform/Developer/SDKs/MacOSX26.1.sdk/System/Library/Frameworks/CoreGraphics.framework/Headers/CGRenderingBufferProvider.h
/Applications/Xcode.app/Contents/Developer/Platforms/MacOSX.platform/Developer/SDKs/MacOSX26.1.sdk/System/Library/Frameworks/CoreGraphics.framework/Headers/CGColorConversionInfo.h
/Applications/Xcode.app/Contents/Developer/Platforms/MacOSX.platform/Developer/SDKs/MacOSX26.1.sdk/System/Library/Frameworks/CoreGraphics.framework/Headers/CGConvertColorDataWithFormat.h
/Applications/Xcode.app/Contents/Developer/Platforms/MacOSX.platform/Developer/SDKs/MacOSX26.1.sdk/System/Library/Frameworks/CoreGraphics.framework/Headers/CGDataConsumer.h
/Applications/Xcode.app/Contents/Developer/Platforms/MacOSX.platform/Developer/SDKs/MacOSX26.1.sdk/System/Library/Frameworks/CoreGraphics.framework/Headers/CGError.h
/Applications/Xcode.app/Contents/Developer/Platforms/MacOSX.platform/Developer/SDKs/MacOSX26.1.sdk/System/Library/Frameworks/CoreGraphics.framework/Headers/CGLayer.h
/Applications/Xcode.app/Contents/Developer/Platforms/MacOSX.platform/Developer/SDKs/MacOSX26.1.sdk/System/Library/Frameworks/CoreGraphics.framework/Headers/CGPDFContentStream.h
/Applications/Xcode.app/Contents/Developer/Platforms/MacOSX.platform/Developer/SDKs/MacOSX26.1.sdk/System/Library/Frameworks/CoreGraphics.framework/Headers/CGPDFContext.h
/Applications/Xcode.app/Contents/Developer/Platforms/MacOSX.platform/Developer/SDKs/MacOSX26.1.sdk/System/Library/Frameworks/CoreGraphics.framework/Headers/CGPDFOperatorTable.h
/Applications/Xcode.app/Contents/Developer/Platforms/MacOSX.platform/Developer/SDKs/MacOSX26.1.sdk/System/Library/Frameworks/CoreGraphics.framework/Headers/CGPDFScanner.h
/Applications/Xcode.app/Contents/Developer/Platforms/MacOSX.platform/Developer/SDKs/MacOSX26.1.sdk/System/Library/Frameworks/CoreGraphics.framework/Headers/CGDirectDisplay.h
/Applications/Xcode.app/Contents/Developer/Platforms/MacOSX.platform/Developer/SDKs/MacOSX26.1.sdk/System/Library/Frameworks/CoreGraphics.framework/Headers/CGWindow.h
/Applications/Xcode.app/Contents/Developer/Platforms/MacOSX.platform/Developer/SDKs/MacOSX26.1.sdk/System/Library/Frameworks/CoreGraphics.framework/Headers/CGWindowLevel.h
/Applications/Xcode.app/Contents/Developer/Platforms/MacOSX.platform/Developer/SDKs/MacOSX26.1.sdk/System/Library/Frameworks/CoreGraphics.framework/Headers/CGDirectPalette.h
/Applications/Xcode.app/Contents/Developer/Platforms/MacOSX.platform/Developer/SDKs/MacOSX26.1.sdk/System/Library/Frameworks/CoreGraphics.framework/Headers/CGDisplayConfiguration.h
/Applications/Xcode.app/Contents/Developer/Platforms/MacOSX.platform/Developer/SDKs/MacOSX26.1.sdk/System/Library/Frameworks/IOKit.framework/Modules/module.modulemap
/Applications/Xcode.app/Contents/Developer/Platforms/MacOSX.platform/Developer/SDKs/MacOSX26.1.sdk/System/Library/Frameworks/CoreGraphics.framework/Headers/CGDisplayFade.h
/Applications/Xcode.app/Contents/Developer/Platforms/MacOSX.platform/Developer/SDKs/MacOSX26.1.sdk/System/Library/Frameworks/CoreGraphics.framework/Headers/CGDisplayStream.h
/Applications/Xcode.app/Contents/Developer/Platforms/MacOSX.platform/Developer/SDKs/MacOSX26.1.sdk/System/Library/Frameworks/CoreGraphics.framework/Headers/CGEvent.h
/Applications/Xcode.app/Contents/Developer/Platforms/MacOSX.platform/Developer/SDKs/MacOSX26.1.sdk/System/Library/Frameworks/CoreGraphics.framework/Headers/CGEventTypes.h
/Applications/Xcode.app/Contents/Developer/Platforms/MacOSX.platform/Developer/SDKs/MacOSX26.1.sdk/System/Library/Frameworks/CoreGraphics.framework/Headers/CGRemoteOperation.h
/Applications/Xcode.app/Contents/Developer/Platforms/MacOSX.platform/Developer/SDKs/MacOSX26.1.sdk/System/Library/Frameworks/CoreGraphics.framework/Headers/CGEventSource.h
/Applications/Xcode.app/Contents/Developer/Platforms/MacOSX.platform/Developer/SDKs/MacOSX26.1.sdk/System/Library/Frameworks/CoreGraphics.framework/Headers/CGPSConverter.h
/Applications/Xcode.app/Contents/Developer/Platforms/MacOSX.platform/Developer/SDKs/MacOSX26.1.sdk/System/Library/Frameworks/CoreGraphics.framework/Headers/CGSession.h
/Applications/Xcode.app/Contents/Developer/Platforms/MacOSX.platform/Developer/SDKs/MacOSX26.1.sdk/System/Library/Frameworks/CoreGraphics.framework/Headers/CGDirectDisplayMetal.h
/Applications/Xcode.app/Contents/Developer/Platforms/MacOSX.platform/Developer/SDKs/MacOSX26.1.sdk/SDKSettings.json
/Applications/Xcode.app/Contents/Developer/Platforms/MacOSX.platform/Developer/SDKs/MacOSX26.1.sdk/System/Library/Frameworks/CoreServices.framework/Modules/module.modulemap
/Applications/Xcode.app/Contents/Developer/Platforms/MacOSX.platform/Developer/SDKs/MacOSX26.1.sdk/System/Library/Frameworks/CoreServices.framework/Headers/CoreServices.h
/Applications/Xcode.app/Contents/Developer/Platforms/MacOSX.platform/Developer/SDKs/MacOSX26.1.sdk/System/Library/Frameworks/CoreFoundation.framework/Modules/module.modulemap
/Applications/Xcode.app/Contents/Developer/Platforms/MacOSX.platform/Developer/SDKs/MacOSX26.1.sdk/System/Library/Frameworks/CoreServices.framework/Frameworks/AE.framework/Headers/AE.h
/Applications/Xcode.app/Contents/Developer/Platforms/MacOSX.platform/Developer/SDKs/MacOSX26.1.sdk/System/Library/Frameworks/CoreServices.framework/Frameworks/CarbonCore.framework/Headers/CarbonCore.h
/Applications/Xcode.app/Contents/Developer/Platforms/MacOSX.platform/Developer/SDKs/MacOSX26.1.sdk/System/Library/Frameworks/CoreServices.framework/Frameworks/CarbonCore.framework/Headers/Finder.h
/Applications/Xcode.app/Contents/Developer/Platforms/MacOSX.platform/Developer/SDKs/MacOSX26.1.sdk/usr/include/dispatch.modulemap
/Applications/Xcode.app/Contents/Developer/Platforms/MacOSX.platform/Developer/SDKs/MacOSX26.1.sdk/usr/include/Darwin.modulemap
/Applications/Xcode.app/Contents/Developer/Platforms/MacOSX.platform/Developer/SDKs/MacOSX26.1.sdk/usr/include/DarwinFoundation2.modulemap
/Applications/Xcode.app/Contents/Developer/Platforms/MacOSX.platform/Developer/SDKs/MacOSX26.1.sdk/usr/include/DarwinFoundation1.modulemap
/Applications/Xcode.app/Contents/Developer/Platforms/MacOSX.platform/Developer/SDKs/MacOSX26.1.sdk/System/Library/Frameworks/CoreServices.framework/Frameworks/CarbonCore.framework/Headers/FixMath.h
/Applications/Xcode.app/Contents/Developer/Platforms/MacOSX.platform/Developer/SDKs/MacOSX26.1.sdk/System/Library/Frameworks/CoreServices.framework/Frameworks/CarbonCore.framework/Headers/Script.h
/Applications/Xcode.app/Contents/Developer/Platforms/MacOSX.platform/Developer/SDKs/MacOSX26.1.sdk/System/Library/Frameworks/CoreServices.framework/Frameworks/CarbonCore.framework/Headers/IntlResources.h
/Applications/Xcode.app/Contents/Developer/Platforms/MacOSX.platform/Developer/SDKs/MacOSX26.1.sdk/System/Library/Frameworks/CoreServices.framework/Frameworks/CarbonCore.framework/Headers/UTCUtils.h
/Applications/Xcode.app/Contents/Developer/Platforms/MacOSX.platform/Developer/SDKs/MacOSX26.1.sdk/System/Library/Frameworks/CoreServices.framework/Frameworks/CarbonCore.framework/Headers/MacErrors.h
/Applications/Xcode.app/Contents/Developer/Platforms/MacOSX.platform/Developer/SDKs/MacOSX26.1.sdk/System/Library/Frameworks/CoreServices.framework/Frameworks/CarbonCore.framework/Headers/TextCommon.h
/Applications/Xcode.app/Contents/Developer/Platforms/MacOSX.platform/Developer/SDKs/MacOSX26.1.sdk/System/Library/Frameworks/CoreServices.framework/Frameworks/CarbonCore.framework/Headers/Collections.h
/Applications/Xcode.app/Contents/Developer/Platforms/MacOSX.platform/Developer/SDKs/MacOSX26.1.sdk/System/Library/Frameworks/CoreServices.framework/Frameworks/CarbonCore.framework/Headers/MixedMode.h
/Applications/Xcode.app/Contents/Developer/Platforms/MacOSX.platform/Developer/SDKs/MacOSX26.1.sdk/System/Library/Frameworks/CoreServices.framework/Frameworks/CarbonCore.framework/Headers/Endian.h
/Applications/Xcode.app/Contents/Developer/Platforms/MacOSX.platform/Developer/SDKs/MacOSX26.1.sdk/System/Library/Frameworks/CoreServices.framework/Frameworks/CarbonCore.framework/Headers/Gestalt.h
/Applications/Xcode.app/Contents/Developer/Platforms/MacOSX.platform/Developer/SDKs/MacOSX26.1.sdk/System/Library/Frameworks/CoreServices.framework/Frameworks/CarbonCore.framework/Headers/MacMemory.h
/Applications/Xcode.app/Contents/Developer/Platforms/MacOSX.platform/Developer/SDKs/MacOSX26.1.sdk/System/Library/Frameworks/CoreServices.framework/Frameworks/CarbonCore.framework/Headers/Math64.h
/Applications/Xcode.app/Contents/Developer/Platforms/MacOSX.platform/Developer/SDKs/MacOSX26.1.sdk/System/Library/Frameworks/CoreServices.framework/Frameworks/CarbonCore.framework/Headers/BackupCore.h
/Applications/Xcode.app/Contents/Developer/Platforms/MacOSX.platform/Developer/SDKs/MacOSX26.1.sdk/System/Library/Frameworks/CoreServices.framework/Frameworks/CarbonCore.framework/Headers/DiskSpaceRecovery.h
/Applications/Xcode.app/Contents/Developer/Platforms/MacOSX.platform/Developer/SDKs/MacOSX26.1.sdk/System/Library/Frameworks/CoreServices.framework/Frameworks/CarbonCore.framework/Headers/Components.h
/Applications/Xcode.app/Contents/Developer/Platforms/MacOSX.platform/Developer/SDKs/MacOSX26.1.sdk/System/Library/Frameworks/CoreServices.framework/Frameworks/CarbonCore.framework/Headers/Files.h
/Applications/Xcode.app/Contents/Developer/Platforms/MacOSX.platform/Developer/SDKs/MacOSX26.1.sdk/System/Library/Frameworks/CoreServices.framework/Frameworks/CarbonCore.framework/Headers/OSUtils.h
/Applications/Xcode.app/Contents/Developer/Platforms/MacOSX.platform/Developer/SDKs/MacOSX26.1.sdk/System/Library/Frameworks/CoreServices.framework/Frameworks/CarbonCore.framework/Headers/DateTimeUtils.h
/Applications/Xcode.app/Contents/Developer/Platforms/MacOSX.platform/Developer/SDKs/MacOSX26.1.sdk/System/Library/Frameworks/DiskArbitration.framework/Modules/module.modulemap
/Applications/Xcode.app/Contents/Developer/Platforms/MacOSX.platform/Developer/SDKs/MacOSX26.1.sdk/System/Library/Frameworks/CoreServices.framework/Frameworks/CarbonCore.framework/Headers/Resources.h
/Applications/Xcode.app/Contents/Developer/Platforms/MacOSX.platform/Developer/SDKs/MacOSX26.1.sdk/System/Library/Frameworks/CoreServices.framework/Frameworks/CarbonCore.framework/Headers/CodeFragments.h
/Applications/Xcode.app/Contents/Developer/Platforms/MacOSX.platform/Developer/SDKs/MacOSX26.1.sdk/System/Library/Frameworks/CoreServices.framework/Frameworks/CarbonCore.framework/Headers/Multiprocessing.h
/Applications/Xcode.app/Contents/Developer/Platforms/MacOSX.platform/Developer/SDKs/MacOSX26.1.sdk/System/Library/Frameworks/CoreServices.framework/Frameworks/CarbonCore.framework/Headers/Aliases.h
/Applications/Xcode.app/Contents/Developer/Platforms/MacOSX.platform/Developer/SDKs/MacOSX26.1.sdk/System/Library/Frameworks/CoreServices.framework/Frameworks/CarbonCore.framework/Headers/MacLocales.h
/Applications/Xcode.app/Contents/Developer/Platforms/MacOSX.platform/Developer/SDKs/MacOSX26.1.sdk/System/Library/Frameworks/CoreServices.framework/Frameworks/CarbonCore.framework/Headers/Debugging.h
/Applications/Xcode.app/Contents/Developer/Platforms/MacOSX.platform/Developer/SDKs/MacOSX26.1.sdk/System/Library/Frameworks/CoreServices.framework/Frameworks/CarbonCore.framework/Headers/PLStringFuncs.h
/Applications/Xcode.app/Contents/Developer/Platforms/MacOSX.platform/Developer/SDKs/MacOSX26.1.sdk/System/Library/Frameworks/CoreServices.framework/Frameworks/CarbonCore.framework/Headers/DriverSynchronization.h
/Applications/Xcode.app/Contents/Developer/Platforms/MacOSX.platform/Developer/SDKs/MacOSX26.1.sdk/System/Library/Frameworks/CoreServices.framework/Frameworks/CarbonCore.framework/Headers/DriverServices.h
/Applications/Xcode.app/Contents/Developer/Platforms/MacOSX.platform/Developer/SDKs/MacOSX26.1.sdk/System/Library/Frameworks/CoreServices.framework/Frameworks/CarbonCore.framework/Headers/MachineExceptions.h
/Applications/Xcode.app/Contents/Developer/Platforms/MacOSX.platform/Developer/SDKs/MacOSX26.1.sdk/System/Library/Frameworks/CoreServices.framework/Frameworks/CarbonCore.framework/Headers/NumberFormatting.h
/Applications/Xcode.app/Contents/Developer/Platforms/MacOSX.platform/Developer/SDKs/MacOSX26.1.sdk/System/Library/Frameworks/CoreServices.framework/Frameworks/CarbonCore.framework/Headers/StringCompare.h
/Applications/Xcode.app/Contents/Developer/Platforms/MacOSX.platform/Developer/SDKs/MacOSX26.1.sdk/System/Library/Frameworks/CoreServices.framework/Frameworks/CarbonCore.framework/Headers/TextUtils.h
/Applications/Xcode.app/Contents/Developer/Platforms/MacOSX.platform/Developer/SDKs/MacOSX26.1.sdk/System/Library/Frameworks/CoreServices.framework/Frameworks/CarbonCore.framework/Headers/ToolUtils.h
/Applications/Xcode.app/Contents/Developer/Platforms/MacOSX.platform/Developer/SDKs/MacOSX26.1.sdk/System/Library/Frameworks/CoreServices.framework/Frameworks/CarbonCore.framework/Headers/UnicodeUtilities.h
/Applications/Xcode.app/Contents/Developer/Platforms/MacOSX.platform/Developer/SDKs/MacOSX26.1.sdk/System/Library/Frameworks/CoreServices.framework/Frameworks/CarbonCore.framework/Headers/fp.h
/Applications/Xcode.app/Contents/Developer/Platforms/MacOSX.platform/Developer/SDKs/MacOSX26.1.sdk/System/Library/Frameworks/CoreServices.framework/Frameworks/CarbonCore.framework/Headers/TextEncodingConverter.h
/Applications/Xcode.app/Contents/Developer/Platforms/MacOSX.platform/Developer/SDKs/MacOSX26.1.sdk/System/Library/Frameworks/CoreServices.framework/Frameworks/CarbonCore.framework/Headers/UnicodeConverter.h
/Applications/Xcode.app/Contents/Developer/Platforms/MacOSX.platform/Developer/SDKs/MacOSX26.1.sdk/System/Library/Frameworks/CoreServices.framework/Frameworks/CarbonCore.framework/Headers/Threads.h
/Applications/Xcode.app/Contents/Developer/Platforms/MacOSX.platform/Developer/SDKs/MacOSX26.1.sdk/System/Library/Frameworks/CoreServices.framework/Frameworks/CarbonCore.framework/Headers/Folders.h
/Applications/Xcode.app/Contents/Developer/Platforms/MacOSX.platform/Developer/SDKs/MacOSX26.1.sdk/System/Library/Frameworks/CoreServices.framework/Frameworks/CarbonCore.framework/Headers/Timer.h
/Applications/Xcode.app/Contents/Developer/Platforms/MacOSX.platform/Developer/SDKs/MacOSX26.1.sdk/System/Library/Frameworks/CoreServices.framework/Frameworks/CarbonCore.framework/Headers/MultiprocessingInfo.h
/Applications/Xcode.app/Contents/Developer/Platforms/MacOSX.platform/Developer/SDKs/MacOSX26.1.sdk/System/Library/Frameworks/CoreServices.framework/Frameworks/CarbonCore.framework/Headers/LowMem.h
/Applications/Xcode.app/Contents/Developer/Platforms/MacOSX.platform/Developer/SDKs/MacOSX26.1.sdk/System/Library/Frameworks/CoreServices.framework/Frameworks/CarbonCore.framework/Headers/AVLTree.h
/Applications/Xcode.app/Contents/Developer/Platforms/MacOSX.platform/Developer/SDKs/MacOSX26.1.sdk/System/Library/Frameworks/CoreServices.framework/Frameworks/CarbonCore.framework/Headers/PEFBinaryFormat.h
/Applications/Xcode.app/Contents/Developer/Platforms/MacOSX.platform/Developer/SDKs/MacOSX26.1.sdk/System/Library/Frameworks/CoreServices.framework/Frameworks/CarbonCore.framework/Headers/HFSVolumes.h
/Applications/Xcode.app/Contents/Developer/Platforms/MacOSX.platform/Developer/SDKs/MacOSX26.1.sdk/System/Library/Frameworks/CoreServices.framework/Frameworks/CarbonCore.framework/Headers/AIFF.h
/Applications/Xcode.app/Contents/Developer/Toolchains/XcodeDefault.xctoolchain/usr/lib/swift/clang/include/module.modulemap
/Applications/Xcode.app/Contents/Developer/Platforms/MacOSX.platform/Developer/SDKs/MacOSX26.1.sdk/System/Library/Frameworks/CoreServices.framework/Frameworks/CarbonCore.framework/Headers/TextEncodingPlugin.h
/Applications/Xcode.app/Contents/Developer/Platforms/MacOSX.platform/Developer/SDKs/MacOSX26.1.sdk/System/Library/Frameworks/CoreServices.framework/Frameworks/AE.framework/Headers/AEDataModel.h
/Applications/Xcode.app/Contents/Developer/Platforms/MacOSX.platform/Developer/SDKs/MacOSX26.1.sdk/System/Library/Frameworks/CoreServices.framework/Frameworks/AE.framework/Headers/AppleEvents.h
/Applications/Xcode.app/Contents/Developer/Platforms/MacOSX.platform/Developer/SDKs/MacOSX26.1.sdk/System/Library/Frameworks/CoreServices.framework/Frameworks/AE.framework/Headers/AEPackObject.h
/Applications/Xcode.app/Contents/Developer/Platforms/MacOSX.platform/Developer/SDKs/MacOSX26.1.sdk/System/Library/Frameworks/CoreServices.framework/Frameworks/AE.framework/Headers/AEObjects.h
/Applications/Xcode.app/Contents/Developer/Platforms/MacOSX.platform/Developer/SDKs/MacOSX26.1.sdk/System/Library/Frameworks/CoreServices.framework/Frameworks/AE.framework/Headers/AERegistry.h
/Applications/Xcode.app/Contents/Developer/Platforms/MacOSX.platform/Developer/SDKs/MacOSX26.1.sdk/System/Library/Frameworks/CoreServices.framework/Frameworks/AE.framework/Headers/AEUserTermTypes.h
/Applications/Xcode.app/Contents/Developer/Platforms/MacOSX.platform/Developer/SDKs/MacOSX26.1.sdk/System/Library/Frameworks/CoreServices.framework/Frameworks/AE.framework/Headers/AEHelpers.h
/Applications/Xcode.app/Contents/Developer/Toolchains/XcodeDefault.xctoolchain/usr/lib/swift/clang/include/stdarg.h
/Applications/Xcode.app/Contents/Developer/Platforms/MacOSX.platform/Developer/SDKs/MacOSX26.1.sdk/System/Library/Frameworks/CoreServices.framework/Frameworks/AE.framework/Headers/AEMach.h
/Applications/Xcode.app/Contents/Developer/Platforms/MacOSX.platform/Developer/SDKs/MacOSX26.1.sdk/System/Library/Frameworks/CFNetwork.framework/Modules/module.modulemap
/Applications/Xcode.app/Contents/Developer/Platforms/MacOSX.platform/Developer/SDKs/MacOSX26.1.sdk/System/Library/Frameworks/CoreServices.framework/Frameworks/DictionaryServices.framework/Headers/DictionaryServices.h
/Applications/Xcode.app/Contents/Developer/Platforms/MacOSX.platform/Developer/SDKs/MacOSX26.1.sdk/System/Library/Frameworks/CoreServices.framework/Frameworks/LaunchServices.framework/Headers/LaunchServices.h
/Applications/Xcode.app/Contents/Developer/Platforms/MacOSX.platform/Developer/SDKs/MacOSX26.1.sdk/System/Library/Frameworks/CoreServices.framework/Frameworks/LaunchServices.framework/Headers/IconsCore.h
/Applications/Xcode.app/Contents/Developer/Platforms/MacOSX.platform/Developer/SDKs/MacOSX26.1.sdk/System/Library/Frameworks/CoreServices.framework/Frameworks/OSServices.framework/Headers/OSServices.h
/Applications/Xcode.app/Contents/Developer/Platforms/MacOSX.platform/Developer/SDKs/MacOSX26.1.sdk/System/Library/Frameworks/CoreServices.framework/Frameworks/OSServices.framework/Headers/CSIdentity.h
/Applications/Xcode.app/Contents/Developer/Platforms/MacOSX.platform/Developer/SDKs/MacOSX26.1.sdk/System/Library/Frameworks/CoreServices.framework/Frameworks/OSServices.framework/Headers/CSIdentityBase.h
/Applications/Xcode.app/Contents/Developer/Platforms/MacOSX.platform/Developer/SDKs/MacOSX26.1.sdk/System/Library/Frameworks/Security.framework/Modules/module.modulemap
/Applications/Xcode.app/Contents/Developer/Platforms/MacOSX.platform/Developer/SDKs/MacOSX26.1.sdk/System/Library/Frameworks/CoreServices.framework/Frameworks/OSServices.framework/Headers/CSIdentityAuthority.h
/Applications/Xcode.app/Contents/Developer/Platforms/MacOSX.platform/Developer/SDKs/MacOSX26.1.sdk/System/Library/Frameworks/CoreServices.framework/Frameworks/OSServices.framework/Headers/CSIdentityQuery.h
/Applications/Xcode.app/Contents/Developer/Platforms/MacOSX.platform/Developer/SDKs/MacOSX26.1.sdk/System/Library/Frameworks/CoreServices.framework/Frameworks/OSServices.framework/Headers/IconStorage.h
/Applications/Xcode.app/Contents/Developer/Platforms/MacOSX.platform/Developer/SDKs/MacOSX26.1.sdk/System/Library/Frameworks/CoreServices.framework/Frameworks/OSServices.framework/Headers/Power.h
/Applications/Xcode.app/Contents/Developer/Platforms/MacOSX.platform/Developer/SDKs/MacOSX26.1.sdk/System/Library/Frameworks/CoreServices.framework/Frameworks/OSServices.framework/Headers/SecurityCore.h
/Applications/Xcode.app/Contents/Developer/Platforms/MacOSX.platform/Developer/SDKs/MacOSX26.1.sdk/System/Library/Frameworks/CoreServices.framework/Frameworks/OSServices.framework/Headers/KeychainCore.h
/Applications/Xcode.app/Contents/Developer/Platforms/MacOSX.platform/Developer/SDKs/MacOSX26.1.sdk/System/Library/Frameworks/CoreServices.framework/Frameworks/OSServices.framework/Headers/WSMethodInvocation.h
/Applications/Xcode.app/Contents/Developer/Platforms/MacOSX.platform/Developer/SDKs/MacOSX26.1.sdk/System/Library/Frameworks/CoreServices.framework/Frameworks/OSServices.framework/Headers/WSTypes.h
/Applications/Xcode.app/Contents/Developer/Platforms/MacOSX.platform/Developer/SDKs/MacOSX26.1.sdk/System/Library/Frameworks/CoreServices.framework/Frameworks/OSServices.framework/Headers/WSProtocolHandler.h
/Applications/Xcode.app/Contents/Developer/Platforms/MacOSX.platform/Developer/SDKs/MacOSX26.1.sdk/System/Library/Frameworks/CoreServices.framework/Frameworks/LaunchServices.framework/Headers/LSConstants.h
/Applications/Xcode.app/Contents/Developer/Platforms/MacOSX.platform/Developer/SDKs/MacOSX26.1.sdk/System/Library/Frameworks/CoreServices.framework/Frameworks/LaunchServices.framework/Headers/LSInfo.h
/Applications/Xcode.app/Contents/Developer/Platforms/MacOSX.platform/Developer/SDKs/MacOSX26.1.sdk/System/Library/Frameworks/CoreServices.framework/Frameworks/LaunchServices.framework/Headers/LSInfoDeprecated.h
/Applications/Xcode.app/Contents/Developer/Platforms/MacOSX.platform/Developer/SDKs/MacOSX26.1.sdk/System/Library/Frameworks/CoreServices.framework/Frameworks/LaunchServices.framework/Headers/LSOpen.h
/Applications/Xcode.app/Contents/Developer/Platforms/MacOSX.platform/Developer/SDKs/MacOSX26.1.sdk/System/Library/Frameworks/CoreServices.framework/Frameworks/LaunchServices.framework/Headers/LSOpenDeprecated.h
/Applications/Xcode.app/Contents/Developer/Platforms/MacOSX.platform/Developer/SDKs/MacOSX26.1.sdk/System/Library/Frameworks/CoreServices.framework/Frameworks/LaunchServices.framework/Headers/LSQuarantine.h
/Applications/Xcode.app/Contents/Developer/Platforms/MacOSX.platform/Developer/SDKs/MacOSX26.1.sdk/System/Library/Frameworks/CoreServices.framework/Frameworks/LaunchServices.framework/Headers/UTCoreTypes.h
/Applications/Xcode.app/Contents/Developer/Platforms/MacOSX.platform/Developer/SDKs/MacOSX26.1.sdk/System/Library/Frameworks/CoreServices.framework/Frameworks/LaunchServices.framework/Headers/UTType.h
/Applications/Xcode.app/Contents/Developer/Platforms/MacOSX.platform/Developer/SDKs/MacOSX26.1.sdk/System/Library/Frameworks/CoreServices.framework/Frameworks/Metadata.framework/Headers/Metadata.h
/Applications/Xcode.app/Contents/Developer/Platforms/MacOSX.platform/Developer/SDKs/MacOSX26.1.sdk/System/Library/Frameworks/CoreServices.framework/Frameworks/Metadata.framework/Headers/MDItem.h
/Applications/Xcode.app/Contents/Developer/Platforms/MacOSX.platform/Developer/SDKs/MacOSX26.1.sdk/System/Library/Frameworks/CoreServices.framework/Frameworks/Metadata.framework/Headers/MDLabel.h
/Applications/Xcode.app/Contents/Developer/Platforms/MacOSX.platform/Developer/SDKs/MacOSX26.1.sdk/System/Library/Frameworks/CoreServices.framework/Frameworks/Metadata.framework/Headers/MDQuery.h
/Applications/Xcode.app/Contents/Developer/Platforms/MacOSX.platform/Developer/SDKs/MacOSX26.1.sdk/System/Library/Frameworks/CoreServices.framework/Frameworks/Metadata.framework/Headers/MDSchema.h
/Applications/Xcode.app/Contents/Developer/Platforms/MacOSX.platform/Developer/SDKs/MacOSX26.1.sdk/System/Library/Frameworks/CoreServices.framework/Frameworks/Metadata.framework/Headers/MDImporter.h
/Applications/Xcode.app/Contents/Developer/Platforms/MacOSX.platform/Developer/SDKs/MacOSX26.1.sdk/System/Library/Frameworks/CoreServices.framework/Frameworks/SearchKit.framework/Headers/SearchKit.h
/Applications/Xcode.app/Contents/Developer/Platforms/MacOSX.platform/Developer/SDKs/MacOSX26.1.sdk/System/Library/Frameworks/CoreServices.framework/Frameworks/SearchKit.framework/Headers/SKDocument.h
/Applications/Xcode.app/Contents/Developer/Platforms/MacOSX.platform/Developer/SDKs/MacOSX26.1.sdk/System/Library/Frameworks/CoreServices.framework/Frameworks/SearchKit.framework/Headers/SKAnalysis.h
/Applications/Xcode.app/Contents/Developer/Platforms/MacOSX.platform/Developer/SDKs/MacOSX26.1.sdk/System/Library/Frameworks/CoreServices.framework/Frameworks/SearchKit.framework/Headers/SKIndex.h
/Applications/Xcode.app/Contents/Developer/Platforms/MacOSX.platform/Developer/SDKs/MacOSX26.1.sdk/System/Library/Frameworks/CoreServices.framework/Frameworks/SearchKit.framework/Headers/SKSearch.h
/Applications/Xcode.app/Contents/Developer/Platforms/MacOSX.platform/Developer/SDKs/MacOSX26.1.sdk/System/Library/Frameworks/CoreServices.framework/Frameworks/SearchKit.framework/Headers/SKSummary.h
/Applications/Xcode.app/Contents/Developer/Platforms/MacOSX.platform/Developer/SDKs/MacOSX26.1.sdk/System/Library/Frameworks/CoreServices.framework/Frameworks/FSEvents.framework/Headers/FSEvents.h
/Applications/Xcode.app/Contents/Developer/Platforms/MacOSX.platform/Developer/SDKs/MacOSX26.1.sdk/System/Library/Frameworks/CoreServices.framework/Frameworks/SharedFileList.framework/Headers/SharedFileList.h
/Applications/Xcode.app/Contents/Developer/Platforms/MacOSX.platform/Developer/SDKs/MacOSX26.1.sdk/System/Library/Frameworks/CoreServices.framework/Frameworks/SharedFileList.framework/Headers/LSSharedFileList.h
/Applications/Xcode.app/Contents/Developer/Platforms/MacOSX.platform/Developer/SDKs/MacOSX26.1.sdk/SDKSettings.json
/Applications/Xcode.app/Contents/Developer/Platforms/MacOSX.platform/Developer/SDKs/MacOSX26.1.sdk/usr/include/Darwin.modulemap
/Applications/Xcode.app/Contents/Developer/Platforms/MacOSX.platform/Developer/SDKs/MacOSX26.1.sdk/usr/include/Darwin_C.modulemap
/Applications/Xcode.app/Contents/Developer/Platforms/MacOSX.platform/Developer/SDKs/MacOSX26.1.sdk/usr/include/Darwin_POSIX.modulemap
/Applications/Xcode.app/Contents/Developer/Platforms/MacOSX.platform/Developer/SDKs/MacOSX26.1.sdk/usr/include/net.modulemap
/Applications/Xcode.app/Contents/Developer/Platforms/MacOSX.platform/Developer/SDKs/MacOSX26.1.sdk/usr/include/netinet.modulemap
/Applications/Xcode.app/Contents/Developer/Platforms/MacOSX.platform/Developer/SDKs/MacOSX26.1.sdk/usr/include/bank.modulemap
/Applications/Xcode.app/Contents/Developer/Platforms/MacOSX.platform/Developer/SDKs/MacOSX26.1.sdk/usr/include/Darwin_Mach.modulemap
/Applications/Xcode.app/Contents/Developer/Platforms/MacOSX.platform/Developer/SDKs/MacOSX26.1.sdk/usr/include/Darwin_Mach_machine.modulemap
/Applications/Xcode.app/Contents/Developer/Platforms/MacOSX.platform/Developer/SDKs/MacOSX26.1.sdk/usr/include/mach_debug.modulemap
/Applications/Xcode.app/Contents/Developer/Platforms/MacOSX.platform/Developer/SDKs/MacOSX26.1.sdk/usr/include/device.modulemap
/Applications/Xcode.app/Contents/Developer/Platforms/MacOSX.platform/Developer/SDKs/MacOSX26.1.sdk/usr/include/Darwin_machine.modulemap
/Applications/Xcode.app/Contents/Developer/Platforms/MacOSX.platform/Developer/SDKs/MacOSX26.1.sdk/usr/include/ncurses.modulemap
/Applications/Xcode.app/Contents/Developer/Platforms/MacOSX.platform/Developer/SDKs/MacOSX26.1.sdk/usr/include/netinet6.modulemap
/Applications/Xcode.app/Contents/Developer/Platforms/MacOSX.platform/Developer/SDKs/MacOSX26.1.sdk/usr/include/Darwin_sys.modulemap
/Applications/Xcode.app/Contents/Developer/Platforms/MacOSX.platform/Developer/SDKs/MacOSX26.1.sdk/usr/include/uuid.modulemap
/Applications/Xcode.app/Contents/Developer/Platforms/MacOSX.platform/Developer/SDKs/MacOSX26.1.sdk/usr/include/DarwinFoundation2.modulemap
/Applications/Xcode.app/Contents/Developer/Platforms/MacOSX.platform/Developer/SDKs/MacOSX26.1.sdk/usr/include/DarwinFoundation3.modulemap
/Applications/Xcode.app/Contents/Developer/Platforms/MacOSX.platform/Developer/SDKs/MacOSX26.1.sdk/usr/include/DarwinFoundation1.modulemap
/Applications/Xcode.app/Contents/Developer/Platforms/MacOSX.platform/Developer/SDKs/MacOSX26.1.sdk/usr/include/copyfile.h
/Applications/Xcode.app/Contents/Developer/Toolchains/XcodeDefault.xctoolchain/usr/lib/swift/clang/include/module.modulemap
/Applications/Xcode.app/Contents/Developer/Platforms/MacOSX.platform/Developer/SDKs/MacOSX26.1.sdk/usr/include/err.h
/Applications/Xcode.app/Contents/Developer/Platforms/MacOSX.platform/Developer/SDKs/MacOSX26.1.sdk/usr/include/readpassphrase.h
/Applications/Xcode.app/Contents/Developer/Platforms/MacOSX.platform/Developer/SDKs/MacOSX26.1.sdk/usr/include/util.h
/Applications/Xcode.app/Contents/Developer/Platforms/MacOSX.platform/Developer/SDKs/MacOSX26.1.sdk/usr/include/sys/ttycom.h
/Applications/Xcode.app/Contents/Developer/Platforms/MacOSX.platform/Developer/SDKs/MacOSX26.1.sdk/usr/include/sys/ioccom.h
/Applications/Xcode.app/Contents/Developer/Platforms/MacOSX.platform/Developer/SDKs/MacOSX26.1.sdk/usr/include/stdio.h
/Applications/Xcode.app/Contents/Developer/Platforms/MacOSX.platform/Developer/SDKs/MacOSX26.1.sdk/usr/include/pwd.h
/Applications/Xcode.app/Contents/Developer/Platforms/MacOSX.platform/Developer/SDKs/MacOSX26.1.sdk/usr/include/uuid/uuid.h
/Applications/Xcode.app/Contents/Developer/Platforms/MacOSX.platform/Developer/SDKs/MacOSX26.1.sdk/usr/include/termios.h
/Applications/Xcode.app/Contents/Developer/Platforms/MacOSX.platform/Developer/SDKs/MacOSX26.1.sdk/usr/include/sys/termios.h
/Applications/Xcode.app/Contents/Developer/Platforms/MacOSX.platform/Developer/SDKs/MacOSX26.1.sdk/usr/include/sys/ttydefaults.h
/Applications/Xcode.app/Contents/Developer/Platforms/MacOSX.platform/Developer/SDKs/MacOSX26.1.sdk/usr/include/utmp.h
/Applications/Xcode.app/Contents/Developer/Platforms/MacOSX.platform/Developer/SDKs/MacOSX26.1.sdk/usr/include/xattr_flags.h
/Applications/Xcode.app/Contents/Developer/Platforms/MacOSX.platform/Developer/SDKs/MacOSX26.1.sdk/usr/include/_modules/_darwin_c_ctype.h
/Applications/Xcode.app/Contents/Developer/Platforms/MacOSX.platform/Developer/SDKs/MacOSX26.1.sdk/usr/include/ctype.h
/Applications/Xcode.app/Contents/Developer/Platforms/MacOSX.platform/Developer/SDKs/MacOSX26.1.sdk/usr/include/_modules/_darwin_c_errno.h
/Applications/Xcode.app/Contents/Developer/Platforms/MacOSX.platform/Developer/SDKs/MacOSX26.1.sdk/usr/include/_modules/_darwin_c_inttypes.h
/Applications/Xcode.app/Contents/Developer/Platforms/MacOSX.platform/Developer/SDKs/MacOSX26.1.sdk/usr/include/_modules/_darwin_c_limits.h
/Applications/Xcode.app/Contents/Developer/Platforms/MacOSX.platform/Developer/SDKs/MacOSX26.1.sdk/usr/include/_modules/_darwin_c_signal.h
/Applications/Xcode.app/Contents/Developer/Platforms/MacOSX.platform/Developer/SDKs/MacOSX26.1.sdk/usr/include/_modules/_darwin_c_stdarg.h
/Applications/Xcode.app/Contents/Developer/Toolchains/XcodeDefault.xctoolchain/usr/lib/swift/clang/include/stdarg.h
/Applications/Xcode.app/Contents/Developer/Platforms/MacOSX.platform/Developer/SDKs/MacOSX26.1.sdk/usr/include/_modules/_darwin_c_stdbool.h
/Applications/Xcode.app/Contents/Developer/Platforms/MacOSX.platform/Developer/SDKs/MacOSX26.1.sdk/usr/include/_modules/_darwin_c_stddef.h
/Applications/Xcode.app/Contents/Developer/Toolchains/XcodeDefault.xctoolchain/usr/lib/swift/clang/include/stddef.h
/Applications/Xcode.app/Contents/Developer/Platforms/MacOSX.platform/Developer/SDKs/MacOSX26.1.sdk/usr/include/_modules/_darwin_c_stdint.h
/Applications/Xcode.app/Contents/Developer/Platforms/MacOSX.platform/Developer/SDKs/MacOSX26.1.sdk/usr/include/_modules/_darwin_c_stdio.h
/Applications/Xcode.app/Contents/Developer/Platforms/MacOSX.platform/Developer/SDKs/MacOSX26.1.sdk/usr/include/_modules/_darwin_c_stdlib.h
/Applications/Xcode.app/Contents/Developer/Platforms/MacOSX.platform/Developer/SDKs/MacOSX26.1.sdk/usr/include/stdlib.h
/Applications/Xcode.app/Contents/Developer/Platforms/MacOSX.platform/Developer/SDKs/MacOSX26.1.sdk/usr/include/_modules/_darwin_c_string.h
/Applications/Xcode.app/Contents/Developer/Platforms/MacOSX.platform/Developer/SDKs/MacOSX26.1.sdk/usr/include/string.h
/Applications/Xcode.app/Contents/Developer/Platforms/MacOSX.platform/Developer/SDKs/MacOSX26.1.sdk/usr/include/_modules/_darwin_c_time.h
/Applications/Xcode.app/Contents/Developer/Platforms/MacOSX.platform/Developer/SDKs/MacOSX26.1.sdk/usr/include/time.h
/Applications/Xcode.app/Contents/Developer/Platforms/MacOSX.platform/Developer/SDKs/MacOSX26.1.sdk/usr/include/_modules/_darwin_c_wchar.h
/Applications/Xcode.app/Contents/Developer/Platforms/MacOSX.platform/Developer/SDKs/MacOSX26.1.sdk/usr/include/wchar.h
/Applications/Xcode.app/Contents/Developer/Platforms/MacOSX.platform/Developer/SDKs/MacOSX26.1.sdk/usr/include/aio.h
/Applications/Xcode.app/Contents/Developer/Platforms/MacOSX.platform/Developer/SDKs/MacOSX26.1.sdk/usr/include/sys/aio.h
/Applications/Xcode.app/Contents/Developer/Platforms/MacOSX.platform/Developer/SDKs/MacOSX26.1.sdk/usr/include/sys/_types/_o_sync.h
/Applications/Xcode.app/Contents/Developer/Platforms/MacOSX.platform/Developer/SDKs/MacOSX26.1.sdk/usr/include/sys/_types/_o_dsync.h
/Applications/Xcode.app/Contents/Developer/Platforms/MacOSX.platform/Developer/SDKs/MacOSX26.1.sdk/usr/include/arpa/inet.h
/Applications/Xcode.app/Contents/Developer/Platforms/MacOSX.platform/Developer/SDKs/MacOSX26.1.sdk/usr/include/netinet/in.h
/Applications/Xcode.app/Contents/Developer/Platforms/MacOSX.platform/Developer/SDKs/MacOSX26.1.sdk/usr/include/sys/socket.h
/Applications/Xcode.app/Contents/Developer/Platforms/MacOSX.platform/Developer/SDKs/MacOSX26.1.sdk/usr/include/sys/constrained_ctypes.h
/Applications/Xcode.app/Contents/Developer/Platforms/MacOSX.platform/Developer/SDKs/MacOSX26.1.sdk/usr/include/machine/_param.h
/Applications/Xcode.app/Contents/Developer/Platforms/MacOSX.platform/Developer/SDKs/MacOSX26.1.sdk/usr/include/arm/_param.h
/Applications/Xcode.app/Contents/Developer/Platforms/MacOSX.platform/Developer/SDKs/MacOSX26.1.sdk/usr/include/net/net_kev.h
/Applications/Xcode.app/Contents/Developer/Platforms/MacOSX.platform/Developer/SDKs/MacOSX26.1.sdk/usr/include/sys/_types/_sa_family_t.h
/Applications/Xcode.app/Contents/Developer/Platforms/MacOSX.platform/Developer/SDKs/MacOSX26.1.sdk/usr/include/sys/_types/_socklen_t.h
/Applications/Xcode.app/Contents/Developer/Platforms/MacOSX.platform/Developer/SDKs/MacOSX26.1.sdk/usr/include/sys/_types/_iovec_t.h
/Applications/Xcode.app/Contents/Developer/Platforms/MacOSX.platform/Developer/SDKs/MacOSX26.1.sdk/usr/include/netinet6/in6.h
/Applications/Xcode.app/Contents/Developer/Platforms/MacOSX.platform/Developer/SDKs/MacOSX26.1.sdk/usr/include/cpio.h
/Applications/Xcode.app/Contents/Developer/Platforms/MacOSX.platform/Developer/SDKs/MacOSX26.1.sdk/usr/include/dirent.h
/Applications/Xcode.app/Contents/Developer/Platforms/MacOSX.platform/Developer/SDKs/MacOSX26.1.sdk/usr/include/sys/dirent.h
/Applications/Xcode.app/Contents/Developer/Platforms/MacOSX.platform/Developer/SDKs/MacOSX26.1.sdk/usr/include/sys/dir.h
/Applications/Xcode.app/Contents/Developer/Platforms/MacOSX.platform/Developer/SDKs/MacOSX26.1.sdk/usr/include/dlfcn.h
/Applications/Xcode.app/Contents/Developer/Platforms/MacOSX.platform/Developer/SDKs/MacOSX26.1.sdk/usr/include/fcntl.h
/Applications/Xcode.app/Contents/Developer/Platforms/MacOSX.platform/Developer/SDKs/MacOSX26.1.sdk/usr/include/sys/fcntl.h
/Applications/Xcode.app/Contents/Developer/Platforms/MacOSX.platform/Developer/SDKs/MacOSX26.1.sdk/usr/include/sys/_types/_s_ifmt.h
/Applications/Xcode.app/Contents/Developer/Platforms/MacOSX.platform/Developer/SDKs/MacOSX26.1.sdk/usr/include/sys/_types/_filesec_t.h
/Applications/Xcode.app/Contents/Developer/Platforms/MacOSX.platform/Developer/SDKs/MacOSX26.1.sdk/usr/include/fmtmsg.h
/Applications/Xcode.app/Contents/Developer/Platforms/MacOSX.platform/Developer/SDKs/MacOSX26.1.sdk/usr/include/fnmatch.h
/Applications/Xcode.app/Contents/Developer/Platforms/MacOSX.platform/Developer/SDKs/MacOSX26.1.sdk/usr/include/ftw.h
/Applications/Xcode.app/Contents/Developer/Platforms/MacOSX.platform/Developer/SDKs/MacOSX26.1.sdk/usr/include/sys/stat.h
/Applications/Xcode.app/Contents/Developer/Platforms/MacOSX.platform/Developer/SDKs/MacOSX26.1.sdk/usr/include/glob.h
/Applications/Xcode.app/Contents/Developer/Platforms/MacOSX.platform/Developer/SDKs/MacOSX26.1.sdk/usr/include/grp.h
/Applications/Xcode.app/Contents/Developer/Platforms/MacOSX.platform/Developer/SDKs/MacOSX26.1.sdk/usr/include/iconv.h
/Applications/Xcode.app/Contents/Developer/Platforms/MacOSX.platform/Developer/SDKs/MacOSX26.1.sdk/usr/include/ifaddrs.h
/Applications/Xcode.app/Contents/Developer/Platforms/MacOSX.platform/Developer/SDKs/MacOSX26.1.sdk/usr/include/sys/ioctl.h
/Applications/Xcode.app/Contents/Developer/Platforms/MacOSX.platform/Developer/SDKs/MacOSX26.1.sdk/usr/include/sys/filio.h
/Applications/Xcode.app/Contents/Developer/Platforms/MacOSX.platform/Developer/SDKs/MacOSX26.1.sdk/usr/include/sys/sockio.h
/Applications/Xcode.app/Contents/Developer/Platforms/MacOSX.platform/Developer/SDKs/MacOSX26.1.sdk/usr/include/net/if.h
/Applications/Xcode.app/Contents/Developer/Platforms/MacOSX.platform/Developer/SDKs/MacOSX26.1.sdk/usr/include/net/if_var.h
/Applications/Xcode.app/Contents/Developer/Platforms/MacOSX.platform/Developer/SDKs/MacOSX26.1.sdk/usr/include/sys/time.h
/Applications/Xcode.app/Contents/Developer/Platforms/MacOSX.platform/Developer/SDKs/MacOSX26.1.sdk/usr/include/sys/_types/_timeval64.h
/Applications/Xcode.app/Contents/Developer/Platforms/MacOSX.platform/Developer/SDKs/MacOSX26.1.sdk/usr/include/sys/_types/_timeval32.h
/Applications/Xcode.app/Contents/Developer/Platforms/MacOSX.platform/Developer/SDKs/MacOSX26.1.sdk/usr/include/_langinfo.h
/Applications/Xcode.app/Contents/Developer/Platforms/MacOSX.platform/Developer/SDKs/MacOSX26.1.sdk/usr/include/xlocale/_langinfo.h
/Applications/Xcode.app/Contents/Developer/Platforms/MacOSX.platform/Developer/SDKs/MacOSX26.1.sdk/usr/include/libgen.h
/Applications/Xcode.app/Contents/Developer/Platforms/MacOSX.platform/Developer/SDKs/MacOSX26.1.sdk/usr/include/_monetary.h
/Applications/Xcode.app/Contents/Developer/Platforms/MacOSX.platform/Developer/SDKs/MacOSX26.1.sdk/usr/include/xlocale/_monetary.h
/Applications/Xcode.app/Contents/Developer/Platforms/MacOSX.platform/Developer/SDKs/MacOSX26.1.sdk/usr/include/ndbm.h
/Applications/Xcode.app/Contents/Developer/Platforms/MacOSX.platform/Developer/SDKs/MacOSX26.1.sdk/usr/include/netdb.h
/Applications/Xcode.app/Contents/Developer/Platforms/MacOSX.platform/Developer/SDKs/MacOSX26.1.sdk/usr/include/net/if_dl.h
/Applications/Xcode.app/Contents/Developer/Platforms/MacOSX.platform/Developer/SDKs/MacOSX26.1.sdk/usr/include/net/if_types.h
/Applications/Xcode.app/Contents/Developer/Platforms/MacOSX.platform/Developer/SDKs/MacOSX26.1.sdk/usr/include/netinet/tcp.h
/Applications/Xcode.app/Contents/Developer/Platforms/MacOSX.platform/Developer/SDKs/MacOSX26.1.sdk/usr/include/poll.h
/Applications/Xcode.app/Contents/Developer/Platforms/MacOSX.platform/Developer/SDKs/MacOSX26.1.sdk/usr/include/sys/poll.h
/Applications/Xcode.app/Contents/Developer/Platforms/MacOSX.platform/Developer/SDKs/MacOSX26.1.sdk/usr/include/pthread/spawn.h
/Applications/Xcode.app/Contents/Developer/Platforms/MacOSX.platform/Developer/SDKs/MacOSX26.1.sdk/usr/include/spawn.h
/Applications/Xcode.app/Contents/Developer/Platforms/MacOSX.platform/Developer/SDKs/MacOSX26.1.sdk/usr/include/sys/spawn.h
/Applications/Xcode.app/Contents/Developer/Platforms/MacOSX.platform/Developer/SDKs/MacOSX26.1.sdk/usr/include/mach/exception_types.h
/Applications/Xcode.app/Contents/Developer/Platforms/MacOSX.platform/Developer/SDKs/MacOSX26.1.sdk/usr/include/mach/machine/exception.h
/Applications/Xcode.app/Contents/Developer/Platforms/MacOSX.platform/Developer/SDKs/MacOSX26.1.sdk/usr/include/mach/arm/exception.h
/Applications/Xcode.app/Contents/Developer/Platforms/MacOSX.platform/Developer/SDKs/MacOSX26.1.sdk/usr/include/mach/port.h
/Applications/Xcode.app/Contents/Developer/Platforms/MacOSX.platform/Developer/SDKs/MacOSX26.1.sdk/usr/include/mach/boolean.h
/Applications/Xcode.app/Contents/Developer/Platforms/MacOSX.platform/Developer/SDKs/MacOSX26.1.sdk/usr/include/mach/machine/boolean.h
/Applications/Xcode.app/Contents/Developer/Platforms/MacOSX.platform/Developer/SDKs/MacOSX26.1.sdk/usr/include/mach/arm/boolean.h
/Applications/Xcode.app/Contents/Developer/Platforms/MacOSX.platform/Developer/SDKs/MacOSX26.1.sdk/usr/include/mach/machine/vm_types.h
/Applications/Xcode.app/Contents/Developer/Platforms/MacOSX.platform/Developer/SDKs/MacOSX26.1.sdk/usr/include/mach/arm/vm_types.h
/Applications/Xcode.app/Contents/Developer/Platforms/MacOSX.platform/Developer/SDKs/MacOSX26.1.sdk/usr/include/mach/thread_status.h
/Applications/Xcode.app/Contents/Developer/Platforms/MacOSX.platform/Developer/SDKs/MacOSX26.1.sdk/usr/include/mach/machine/thread_status.h
/Applications/Xcode.app/Contents/Developer/Platforms/MacOSX.platform/Developer/SDKs/MacOSX26.1.sdk/usr/include/mach/arm/thread_status.h
/Applications/Xcode.app/Contents/Developer/Platforms/MacOSX.platform/Developer/SDKs/MacOSX26.1.sdk/usr/include/mach/machine/thread_state.h
/Applications/Xcode.app/Contents/Developer/Platforms/MacOSX.platform/Developer/SDKs/MacOSX26.1.sdk/usr/include/mach/arm/thread_state.h
/Applications/Xcode.app/Contents/Developer/Platforms/MacOSX.platform/Developer/SDKs/MacOSX26.1.sdk/usr/include/mach/message.h
/Applications/Xcode.app/Contents/Developer/Platforms/MacOSX.platform/Developer/SDKs/MacOSX26.1.sdk/usr/include/mach/kern_return.h
/Applications/Xcode.app/Contents/Developer/Platforms/MacOSX.platform/Developer/SDKs/MacOSX26.1.sdk/usr/include/mach/machine/kern_return.h
/Applications/Xcode.app/Contents/Developer/Platforms/MacOSX.platform/Developer/SDKs/MacOSX26.1.sdk/usr/include/mach/arm/kern_return.h
/Applications/Xcode.app/Contents/Developer/Platforms/MacOSX.platform/Developer/SDKs/MacOSX26.1.sdk/usr/include/mach/vm_types.h
/Applications/Xcode.app/Contents/Developer/Platforms/MacOSX.platform/Developer/SDKs/MacOSX26.1.sdk/usr/include/mach_debug/ipc_info.h
/Applications/Xcode.app/Contents/Developer/Platforms/MacOSX.platform/Developer/SDKs/MacOSX26.1.sdk/usr/include/mach/machine.h
/Applications/Xcode.app/Contents/Developer/Platforms/MacOSX.platform/Developer/SDKs/MacOSX26.1.sdk/usr/include/pthread/pthread_spis.h
/Applications/Xcode.app/Contents/Developer/Platforms/MacOSX.platform/Developer/SDKs/MacOSX26.1.sdk/usr/include/_modules/_darwin_posix_pthread_pthread.h
/Applications/Xcode.app/Contents/Developer/Platforms/MacOSX.platform/Developer/SDKs/MacOSX26.1.sdk/usr/include/_regex.h
/Applications/Xcode.app/Contents/Developer/Platforms/MacOSX.platform/Developer/SDKs/MacOSX26.1.sdk/usr/include/xlocale/_regex.h
/Applications/Xcode.app/Contents/Developer/Platforms/MacOSX.platform/Developer/SDKs/MacOSX26.1.sdk/usr/include/search.h
/Applications/Xcode.app/Contents/Developer/Platforms/MacOSX.platform/Developer/SDKs/MacOSX26.1.sdk/usr/include/semaphore.h
/Applications/Xcode.app/Contents/Developer/Platforms/MacOSX.platform/Developer/SDKs/MacOSX26.1.sdk/usr/include/sys/semaphore.h
/Applications/Xcode.app/Contents/Developer/Platforms/MacOSX.platform/Developer/SDKs/MacOSX26.1.sdk/usr/include/sys/posix_sem.h
/Applications/Xcode.app/Contents/Developer/Platforms/MacOSX.platform/Developer/SDKs/MacOSX26.1.sdk/usr/include/sys/proc.h
/Applications/Xcode.app/Contents/Developer/Platforms/MacOSX.platform/Developer/SDKs/MacOSX26.1.sdk/usr/include/sys/queue.h
/Applications/Xcode.app/Contents/Developer/Platforms/MacOSX.platform/Developer/SDKs/MacOSX26.1.sdk/usr/include/sys/lock.h
/Applications/Xcode.app/Contents/Developer/Platforms/MacOSX.platform/Developer/SDKs/MacOSX26.1.sdk/usr/include/sys/param.h
/Applications/Xcode.app/Contents/Developer/Platforms/MacOSX.platform/Developer/SDKs/MacOSX26.1.sdk/usr/include/machine/param.h
/Applications/Xcode.app/Contents/Developer/Platforms/MacOSX.platform/Developer/SDKs/MacOSX26.1.sdk/usr/include/arm/param.h
/Applications/Xcode.app/Contents/Developer/Platforms/MacOSX.platform/Developer/SDKs/MacOSX26.1.sdk/usr/include/sys/event.h
/Applications/Xcode.app/Contents/Developer/Platforms/MacOSX.platform/Developer/SDKs/MacOSX26.1.sdk/usr/include/strings.h
/Applications/Xcode.app/Contents/Developer/Platforms/MacOSX.platform/Developer/SDKs/MacOSX26.1.sdk/usr/include/sys/ipc.h
/Applications/Xcode.app/Contents/Developer/Platforms/MacOSX.platform/Developer/SDKs/MacOSX26.1.sdk/usr/include/sys/mman.h
/Applications/Xcode.app/Contents/Developer/Platforms/MacOSX.platform/Developer/SDKs/MacOSX26.1.sdk/usr/include/sys/msg.h
/Applications/Xcode.app/Contents/Developer/Platforms/MacOSX.platform/Developer/SDKs/MacOSX26.1.sdk/usr/include/sys/sem.h
/Applications/Xcode.app/Contents/Developer/Platforms/MacOSX.platform/Developer/SDKs/MacOSX26.1.sdk/usr/include/sys/shm.h
/Applications/Xcode.app/Contents/Developer/Platforms/MacOSX.platform/Developer/SDKs/MacOSX26.1.sdk/usr/include/sys/posix_shm.h
/Applications/Xcode.app/Contents/Developer/Platforms/MacOSX.platform/Developer/SDKs/MacOSX26.1.sdk/usr/include/sys/statvfs.h
/Applications/Xcode.app/Contents/Developer/Platforms/MacOSX.platform/Developer/SDKs/MacOSX26.1.sdk/usr/include/sys/times.h
/Applications/Xcode.app/Contents/Developer/Platforms/MacOSX.platform/Developer/SDKs/MacOSX26.1.sdk/usr/include/sys/_types/_fsid_t.h
/Applications/Xcode.app/Contents/Developer/Platforms/MacOSX.platform/Developer/SDKs/MacOSX26.1.sdk/usr/include/sys/_types/_fsobj_id_t.h
/Applications/Xcode.app/Contents/Developer/Platforms/MacOSX.platform/Developer/SDKs/MacOSX26.1.sdk/usr/include/sys/_types/_graftdmg_un.h
/Applications/Xcode.app/Contents/Developer/Platforms/MacOSX.platform/Developer/SDKs/MacOSX26.1.sdk/usr/include/sys/_types/_guid_t.h
/Applications/Xcode.app/Contents/Developer/Platforms/MacOSX.platform/Developer/SDKs/MacOSX26.1.sdk/usr/include/sys/_types/_mount_t.h
/Applications/Xcode.app/Contents/Developer/Platforms/MacOSX.platform/Developer/SDKs/MacOSX26.1.sdk/usr/include/sys/_types/_os_inline.h
/Applications/Xcode.app/Contents/Developer/Platforms/MacOSX.platform/Developer/SDKs/MacOSX26.1.sdk/usr/include/sys/_types/_ucontext64.h
/Applications/Xcode.app/Contents/Developer/Platforms/MacOSX.platform/Developer/SDKs/MacOSX26.1.sdk/usr/include/sys/_types/_vnode_t.h
/Applications/Xcode.app/Contents/Developer/Platforms/MacOSX.platform/Developer/SDKs/MacOSX26.1.sdk/usr/include/sys/uio.h
/Applications/Xcode.app/Contents/Developer/Platforms/MacOSX.platform/Developer/SDKs/MacOSX26.1.sdk/usr/include/sys/un.h
/Applications/Xcode.app/Contents/Developer/Platforms/MacOSX.platform/Developer/SDKs/MacOSX26.1.sdk/usr/include/sys/utsname.h
/Applications/Xcode.app/Contents/Developer/Platforms/MacOSX.platform/Developer/SDKs/MacOSX26.1.sdk/usr/include/sys/vsock.h
/Applications/Xcode.app/Contents/Developer/Platforms/MacOSX.platform/Developer/SDKs/MacOSX26.1.sdk/usr/include/sys/ucred.h
/Applications/Xcode.app/Contents/Developer/Platforms/MacOSX.platform/Developer/SDKs/MacOSX26.1.sdk/usr/include/bsm/audit.h
/Applications/Xcode.app/Contents/Developer/Platforms/MacOSX.platform/Developer/SDKs/MacOSX26.1.sdk/usr/include/sys/socketvar.h
/Applications/Xcode.app/Contents/Developer/Platforms/MacOSX.platform/Developer/SDKs/MacOSX26.1.sdk/usr/include/sys/xattr.h
/Applications/Xcode.app/Contents/Developer/Platforms/MacOSX.platform/Developer/SDKs/MacOSX26.1.sdk/usr/include/_modules/_darwin_posix_sys_resource.h
/Applications/Xcode.app/Contents/Developer/Platforms/MacOSX.platform/Developer/SDKs/MacOSX26.1.sdk/usr/include/_modules/_darwin_posix_sys_select.h
/Applications/Xcode.app/Contents/Developer/Platforms/MacOSX.platform/Developer/SDKs/MacOSX26.1.sdk/usr/include/_modules/_darwin_posix_sys_wait.h
/Applications/Xcode.app/Contents/Developer/Platforms/MacOSX.platform/Developer/SDKs/MacOSX26.1.sdk/usr/include/syslog.h
/Applications/Xcode.app/Contents/Developer/Platforms/MacOSX.platform/Developer/SDKs/MacOSX26.1.sdk/usr/include/sys/syslog.h
/Applications/Xcode.app/Contents/Developer/Platforms/MacOSX.platform/Developer/SDKs/MacOSX26.1.sdk/usr/include/tar.h
/Applications/Xcode.app/Contents/Developer/Platforms/MacOSX.platform/Developer/SDKs/MacOSX26.1.sdk/usr/include/ulimit.h
/Applications/Xcode.app/Contents/Developer/Platforms/MacOSX.platform/Developer/SDKs/MacOSX26.1.sdk/usr/include/utime.h
/Applications/Xcode.app/Contents/Developer/Platforms/MacOSX.platform/Developer/SDKs/MacOSX26.1.sdk/usr/include/utmpx.h
/Applications/Xcode.app/Contents/Developer/Platforms/MacOSX.platform/Developer/SDKs/MacOSX26.1.sdk/usr/include/wordexp.h
/Applications/Xcode.app/Contents/Developer/Platforms/MacOSX.platform/Developer/SDKs/MacOSX26.1.sdk/usr/include/_modules/_darwin_posix_nl_types.h
/Applications/Xcode.app/Contents/Developer/Platforms/MacOSX.platform/Developer/SDKs/MacOSX26.1.sdk/usr/include/_modules/_darwin_posix_sched.h
/Applications/Xcode.app/Contents/Developer/Platforms/MacOSX.platform/Developer/SDKs/MacOSX26.1.sdk/usr/include/_modules/_darwin_posix_unistd.h
/Applications/Xcode.app/Contents/Developer/Platforms/MacOSX.platform/Developer/SDKs/MacOSX26.1.sdk/usr/include/net/bpf.h
/Applications/Xcode.app/Contents/Developer/Platforms/MacOSX.platform/Developer/SDKs/MacOSX26.1.sdk/usr/include/net/dlil.h
/Applications/Xcode.app/Contents/Developer/Platforms/MacOSX.platform/Developer/SDKs/MacOSX26.1.sdk/usr/include/net/ethernet.h
/Applications/Xcode.app/Contents/Developer/Platforms/MacOSX.platform/Developer/SDKs/MacOSX26.1.sdk/usr/include/net/if_arp.h
/Applications/Xcode.app/Contents/Developer/Platforms/MacOSX.platform/Developer/SDKs/MacOSX26.1.sdk/usr/include/net/if_llc.h
/Applications/Xcode.app/Contents/Developer/Platforms/MacOSX.platform/Developer/SDKs/MacOSX26.1.sdk/usr/include/net/if_media.h
/Applications/Xcode.app/Contents/Developer/Platforms/MacOSX.platform/Developer/SDKs/MacOSX26.1.sdk/usr/include/net/if_mib.h
/Applications/Xcode.app/Contents/Developer/Platforms/MacOSX.platform/Developer/SDKs/MacOSX26.1.sdk/usr/include/net/if_utun.h
/Applications/Xcode.app/Contents/Developer/Platforms/MacOSX.platform/Developer/SDKs/MacOSX26.1.sdk/usr/include/net/if_var_status.h
/Applications/Xcode.app/Contents/Developer/Platforms/MacOSX.platform/Developer/SDKs/MacOSX26.1.sdk/usr/include/net/kext_net.h
/Applications/Xcode.app/Contents/Developer/Platforms/MacOSX.platform/Developer/SDKs/MacOSX26.1.sdk/usr/include/net/ndrv.h
/Applications/Xcode.app/Contents/Developer/Platforms/MacOSX.platform/Developer/SDKs/MacOSX26.1.sdk/usr/include/net/pfkeyv2.h
/Applications/Xcode.app/Contents/Developer/Platforms/MacOSX.platform/Developer/SDKs/MacOSX26.1.sdk/usr/include/net/route.h
/Applications/Xcode.app/Contents/Developer/Platforms/MacOSX.platform/Developer/SDKs/MacOSX26.1.sdk/usr/include/netinet/bootp.h
/Applications/Xcode.app/Contents/Developer/Platforms/MacOSX.platform/Developer/SDKs/MacOSX26.1.sdk/usr/include/netinet/ip.h
/Applications/Xcode.app/Contents/Developer/Platforms/MacOSX.platform/Developer/SDKs/MacOSX26.1.sdk/usr/include/netinet/in_systm.h
/Applications/Xcode.app/Contents/Developer/Platforms/MacOSX.platform/Developer/SDKs/MacOSX26.1.sdk/usr/include/netinet/udp.h
/Applications/Xcode.app/Contents/Developer/Platforms/MacOSX.platform/Developer/SDKs/MacOSX26.1.sdk/usr/include/netinet/icmp6.h
/Applications/Xcode.app/Contents/Developer/Platforms/MacOSX.platform/Developer/SDKs/MacOSX26.1.sdk/usr/include/netinet/icmp_var.h
/Applications/Xcode.app/Contents/Developer/Platforms/MacOSX.platform/Developer/SDKs/MacOSX26.1.sdk/usr/include/netinet/ip_icmp.h
/Applications/Xcode.app/Contents/Developer/Platforms/MacOSX.platform/Developer/SDKs/MacOSX26.1.sdk/usr/include/netinet/if_ether.h
/Applications/Xcode.app/Contents/Developer/Platforms/MacOSX.platform/Developer/SDKs/MacOSX26.1.sdk/usr/include/netinet/igmp.h
/Applications/Xcode.app/Contents/Developer/Platforms/MacOSX.platform/Developer/SDKs/MacOSX26.1.sdk/usr/include/netinet/igmp_var.h
/Applications/Xcode.app/Contents/Developer/Platforms/MacOSX.platform/Developer/SDKs/MacOSX26.1.sdk/usr/include/netinet/in_pcb.h
/Applications/Xcode.app/Contents/Developer/Platforms/MacOSX.platform/Developer/SDKs/MacOSX26.1.sdk/usr/include/netinet/in_var.h
/Applications/Xcode.app/Contents/Developer/Platforms/MacOSX.platform/Developer/SDKs/MacOSX26.1.sdk/usr/include/sys/protosw.h
/Applications/Xcode.app/Contents/Developer/Platforms/MacOSX.platform/Developer/SDKs/MacOSX26.1.sdk/usr/include/sys/kern_event.h
/Applications/Xcode.app/Contents/Developer/Platforms/MacOSX.platform/Developer/SDKs/MacOSX26.1.sdk/usr/include/sys/sys_domain.h
/Applications/Xcode.app/Contents/Developer/Platforms/MacOSX.platform/Developer/SDKs/MacOSX26.1.sdk/usr/include/netinet6/in6_var.h
/Applications/Xcode.app/Contents/Developer/Platforms/MacOSX.platform/Developer/SDKs/MacOSX26.1.sdk/usr/include/netinet6/scope6_var.h
/Applications/Xcode.app/Contents/Developer/Platforms/MacOSX.platform/Developer/SDKs/MacOSX26.1.sdk/usr/include/netinet/ip6.h
/Applications/Xcode.app/Contents/Developer/Platforms/MacOSX.platform/Developer/SDKs/MacOSX26.1.sdk/usr/include/netinet/ip_var.h
/Applications/Xcode.app/Contents/Developer/Platforms/MacOSX.platform/Developer/SDKs/MacOSX26.1.sdk/usr/include/netinet/tcp_fsm.h
/Applications/Xcode.app/Contents/Developer/Platforms/MacOSX.platform/Developer/SDKs/MacOSX26.1.sdk/usr/include/netinet/tcp_seq.h
/Applications/Xcode.app/Contents/Developer/Platforms/MacOSX.platform/Developer/SDKs/MacOSX26.1.sdk/usr/include/netinet/tcp_timer.h
/Applications/Xcode.app/Contents/Developer/Platforms/MacOSX.platform/Developer/SDKs/MacOSX26.1.sdk/usr/include/netinet/tcp_var.h
/Applications/Xcode.app/Contents/Developer/Platforms/MacOSX.platform/Developer/SDKs/MacOSX26.1.sdk/usr/include/netinet/tcpip.h
/Applications/Xcode.app/Contents/Developer/Platforms/MacOSX.platform/Developer/SDKs/MacOSX26.1.sdk/usr/include/netinet/udp_var.h
/Applications/Xcode.app/Contents/Developer/Platforms/MacOSX.platform/Developer/SDKs/MacOSX26.1.sdk/usr/include/sys/sysctl.h
/Applications/Xcode.app/Contents/Developer/Platforms/MacOSX.platform/Developer/SDKs/MacOSX26.1.sdk/usr/include/sys/vm.h
/Applications/Xcode.app/Contents/Developer/Platforms/MacOSX.platform/Developer/SDKs/MacOSX26.1.sdk/usr/include/ar.h
/Applications/Xcode.app/Contents/Developer/Platforms/MacOSX.platform/Developer/SDKs/MacOSX26.1.sdk/usr/include/bank/bank_types.h
/Applications/Xcode.app/Contents/Developer/Platforms/MacOSX.platform/Developer/SDKs/MacOSX26.1.sdk/usr/include/os/base.h
/Applications/Xcode.app/Contents/Developer/Platforms/MacOSX.platform/Developer/SDKs/MacOSX26.1.sdk/usr/include/mach/mach_types.h
/Applications/Xcode.app/Contents/Developer/Platforms/MacOSX.platform/Developer/SDKs/MacOSX26.1.sdk/usr/include/mach/host_info.h
/Applications/Xcode.app/Contents/Developer/Platforms/MacOSX.platform/Developer/SDKs/MacOSX26.1.sdk/usr/include/mach/vm_statistics.h
/Applications/Xcode.app/Contents/Developer/Platforms/MacOSX.platform/Developer/SDKs/MacOSX26.1.sdk/usr/include/mach/time_value.h
/Applications/Xcode.app/Contents/Developer/Platforms/MacOSX.platform/Developer/SDKs/MacOSX26.1.sdk/usr/include/mach/host_notify.h
/Applications/Xcode.app/Contents/Developer/Platforms/MacOSX.platform/Developer/SDKs/MacOSX26.1.sdk/usr/include/mach/host_special_ports.h
/Applications/Xcode.app/Contents/Developer/Platforms/MacOSX.platform/Developer/SDKs/MacOSX26.1.sdk/usr/include/mach/memory_object_types.h
/Applications/Xcode.app/Contents/Developer/Platforms/MacOSX.platform/Developer/SDKs/MacOSX26.1.sdk/usr/include/mach/vm_prot.h
/Applications/Xcode.app/Contents/Developer/Platforms/MacOSX.platform/Developer/SDKs/MacOSX26.1.sdk/usr/include/mach/vm_sync.h
/Applications/Xcode.app/Contents/Developer/Platforms/MacOSX.platform/Developer/SDKs/MacOSX26.1.sdk/usr/include/mach/mach_voucher_types.h
/Applications/Xcode.app/Contents/Developer/Platforms/MacOSX.platform/Developer/SDKs/MacOSX26.1.sdk/usr/include/mach/std_types.h
/Applications/Xcode.app/Contents/Developer/Platforms/MacOSX.platform/Developer/SDKs/MacOSX26.1.sdk/usr/include/mach/processor_info.h
/Applications/Xcode.app/Contents/Developer/Platforms/MacOSX.platform/Developer/SDKs/MacOSX26.1.sdk/usr/include/mach/machine/processor_info.h
/Applications/Xcode.app/Contents/Developer/Platforms/MacOSX.platform/Developer/SDKs/MacOSX26.1.sdk/usr/include/mach/arm/processor_info.h
/Applications/Xcode.app/Contents/Developer/Platforms/MacOSX.platform/Developer/SDKs/MacOSX26.1.sdk/usr/include/mach/task_info.h
/Applications/Xcode.app/Contents/Developer/Platforms/MacOSX.platform/Developer/SDKs/MacOSX26.1.sdk/usr/include/mach/policy.h
/Applications/Xcode.app/Contents/Developer/Platforms/MacOSX.platform/Developer/SDKs/MacOSX26.1.sdk/usr/include/mach/task_inspect.h
/Applications/Xcode.app/Contents/Developer/Platforms/MacOSX.platform/Developer/SDKs/MacOSX26.1.sdk/usr/include/mach/task_policy.h
/Applications/Xcode.app/Contents/Developer/Platforms/MacOSX.platform/Developer/SDKs/MacOSX26.1.sdk/usr/include/mach/task_special_ports.h
/Applications/Xcode.app/Contents/Developer/Platforms/MacOSX.platform/Developer/SDKs/MacOSX26.1.sdk/usr/include/mach/thread_info.h
/Applications/Xcode.app/Contents/Developer/Platforms/MacOSX.platform/Developer/SDKs/MacOSX26.1.sdk/usr/include/mach/thread_policy.h
/Applications/Xcode.app/Contents/Developer/Platforms/MacOSX.platform/Developer/SDKs/MacOSX26.1.sdk/usr/include/mach/thread_special_ports.h
/Applications/Xcode.app/Contents/Developer/Platforms/MacOSX.platform/Developer/SDKs/MacOSX26.1.sdk/usr/include/mach/clock_types.h
/Applications/Xcode.app/Contents/Developer/Platforms/MacOSX.platform/Developer/SDKs/MacOSX26.1.sdk/usr/include/mach/vm_attributes.h
/Applications/Xcode.app/Contents/Developer/Platforms/MacOSX.platform/Developer/SDKs/MacOSX26.1.sdk/usr/include/mach/vm_inherit.h
/Applications/Xcode.app/Contents/Developer/Platforms/MacOSX.platform/Developer/SDKs/MacOSX26.1.sdk/usr/include/mach/vm_purgable.h
/Applications/Xcode.app/Contents/Developer/Platforms/MacOSX.platform/Developer/SDKs/MacOSX26.1.sdk/usr/include/mach/vm_behavior.h
/Applications/Xcode.app/Contents/Developer/Platforms/MacOSX.platform/Developer/SDKs/MacOSX26.1.sdk/usr/include/mach/vm_region.h
/Applications/Xcode.app/Contents/Developer/Platforms/MacOSX.platform/Developer/SDKs/MacOSX26.1.sdk/usr/include/mach/machine/vm_param.h
/Applications/Xcode.app/Contents/Developer/Platforms/MacOSX.platform/Developer/SDKs/MacOSX26.1.sdk/usr/include/mach/arm/vm_param.h
/Applications/Xcode.app/Contents/Developer/Platforms/MacOSX.platform/Developer/SDKs/MacOSX26.1.sdk/usr/include/mach/vm_page_size.h
/Applications/Xcode.app/Contents/Developer/Platforms/MacOSX.platform/Developer/SDKs/MacOSX26.1.sdk/usr/include/mach/kmod.h
/Applications/Xcode.app/Contents/Developer/Platforms/MacOSX.platform/Developer/SDKs/MacOSX26.1.sdk/usr/include/mach/dyld_kernel.h
/Applications/Xcode.app/Contents/Developer/Platforms/MacOSX.platform/Developer/SDKs/MacOSX26.1.sdk/usr/include/ConditionalMacros.h
/Applications/Xcode.app/Contents/Developer/Platforms/MacOSX.platform/Developer/SDKs/MacOSX26.1.sdk/usr/include/crt_externs.h
/Applications/Xcode.app/Contents/Developer/Platforms/MacOSX.platform/Developer/SDKs/MacOSX26.1.sdk/usr/include/fts.h
/Applications/Xcode.app/Contents/Developer/Platforms/MacOSX.platform/Developer/SDKs/MacOSX26.1.sdk/usr/include/getopt.h
/Applications/Xcode.app/Contents/Developer/Platforms/MacOSX.platform/Developer/SDKs/MacOSX26.1.sdk/usr/include/AssertMacros.h
/Applications/Xcode.app/Contents/Developer/Platforms/MacOSX.platform/Developer/SDKs/MacOSX26.1.sdk/usr/include/MacTypes.h
/Applications/Xcode.app/Contents/Developer/Platforms/MacOSX.platform/Developer/SDKs/MacOSX26.1.sdk/usr/include/mach/mach.h
/Applications/Xcode.app/Contents/Developer/Platforms/MacOSX.platform/Developer/SDKs/MacOSX26.1.sdk/usr/include/mach/mach_interface.h
/Applications/Xcode.app/Contents/Developer/Platforms/MacOSX.platform/Developer/SDKs/MacOSX26.1.sdk/usr/include/mach/clock_priv.h
/Applications/Xcode.app/Contents/Developer/Platforms/MacOSX.platform/Developer/SDKs/MacOSX26.1.sdk/usr/include/mach/ndr.h
/Applications/Xcode.app/Contents/Developer/Platforms/MacOSX.platform/Developer/SDKs/MacOSX26.1.sdk/usr/include/libkern/OSByteOrder.h
/Applications/Xcode.app/Contents/Developer/Platforms/MacOSX.platform/Developer/SDKs/MacOSX26.1.sdk/usr/include/libkern/arm/OSByteOrder.h
/Applications/Xcode.app/Contents/Developer/Platforms/MacOSX.platform/Developer/SDKs/MacOSX26.1.sdk/usr/include/arm/arch.h
/Applications/Xcode.app/Contents/Developer/Platforms/MacOSX.platform/Developer/SDKs/MacOSX26.1.sdk/usr/include/mach/notify.h
/Applications/Xcode.app/Contents/Developer/Platforms/MacOSX.platform/Developer/SDKs/MacOSX26.1.sdk/usr/include/mach/mig_errors.h
/Applications/Xcode.app/Contents/Developer/Platforms/MacOSX.platform/Developer/SDKs/MacOSX26.1.sdk/usr/include/mach/mig.h
/Applications/Xcode.app/Contents/Developer/Platforms/MacOSX.platform/Developer/SDKs/MacOSX26.1.sdk/usr/include/mach/host_priv.h
/Applications/Xcode.app/Contents/Developer/Platforms/MacOSX.platform/Developer/SDKs/MacOSX26.1.sdk/usr/include/mach_debug/mach_debug_types.h
/Applications/Xcode.app/Contents/Developer/Platforms/MacOSX.platform/Developer/SDKs/MacOSX26.1.sdk/usr/include/mach_debug/vm_info.h
/Applications/Xcode.app/Contents/Developer/Platforms/MacOSX.platform/Developer/SDKs/MacOSX26.1.sdk/usr/include/mach_debug/zone_info.h
/Applications/Xcode.app/Contents/Developer/Platforms/MacOSX.platform/Developer/SDKs/MacOSX26.1.sdk/usr/include/mach_debug/page_info.h
/Applications/Xcode.app/Contents/Developer/Platforms/MacOSX.platform/Developer/SDKs/MacOSX26.1.sdk/usr/include/mach_debug/hash_info.h
/Applications/Xcode.app/Contents/Developer/Platforms/MacOSX.platform/Developer/SDKs/MacOSX26.1.sdk/usr/include/mach_debug/lockgroup_info.h
/Applications/Xcode.app/Contents/Developer/Platforms/MacOSX.platform/Developer/SDKs/MacOSX26.1.sdk/usr/include/mach/host_security.h
/Applications/Xcode.app/Contents/Developer/Platforms/MacOSX.platform/Developer/SDKs/MacOSX26.1.sdk/usr/include/mach/processor.h
/Applications/Xcode.app/Contents/Developer/Platforms/MacOSX.platform/Developer/SDKs/MacOSX26.1.sdk/usr/include/mach/processor_set.h
/Applications/Xcode.app/Contents/Developer/Platforms/MacOSX.platform/Developer/SDKs/MacOSX26.1.sdk/usr/include/mach/semaphore.h
/Applications/Xcode.app/Contents/Developer/Platforms/MacOSX.platform/Developer/SDKs/MacOSX26.1.sdk/usr/include/mach/sync_policy.h
/Applications/Xcode.app/Contents/Developer/Platforms/MacOSX.platform/Developer/SDKs/MacOSX26.1.sdk/usr/include/mach/task.h
/Applications/Xcode.app/Contents/Developer/Platforms/MacOSX.platform/Developer/SDKs/MacOSX26.1.sdk/usr/include/mach/thread_act.h
/Applications/Xcode.app/Contents/Developer/Platforms/MacOSX.platform/Developer/SDKs/MacOSX26.1.sdk/usr/include/mach/vm_map.h
/Applications/Xcode.app/Contents/Developer/Platforms/MacOSX.platform/Developer/SDKs/MacOSX26.1.sdk/usr/include/mach/mach_port.h
/Applications/Xcode.app/Contents/Developer/Platforms/MacOSX.platform/Developer/SDKs/MacOSX26.1.sdk/usr/include/mach/mach_init.h
/Applications/Xcode.app/Contents/Developer/Platforms/MacOSX.platform/Developer/SDKs/MacOSX26.1.sdk/usr/include/mach/mach_traps.h
/Applications/Xcode.app/Contents/Developer/Platforms/MacOSX.platform/Developer/SDKs/MacOSX26.1.sdk/usr/include/mach/error.h
/Applications/Xcode.app/Contents/Developer/Platforms/MacOSX.platform/Developer/SDKs/MacOSX26.1.sdk/usr/include/mach/mach_host.h
/Applications/Xcode.app/Contents/Developer/Platforms/MacOSX.platform/Developer/SDKs/MacOSX26.1.sdk/usr/include/mach/thread_switch.h
/Applications/Xcode.app/Contents/Developer/Platforms/MacOSX.platform/Developer/SDKs/MacOSX26.1.sdk/usr/include/mach/rpc.h
/Applications/Xcode.app/Contents/Developer/Platforms/MacOSX.platform/Developer/SDKs/MacOSX26.1.sdk/usr/include/mach/machine/rpc.h
/Applications/Xcode.app/Contents/Developer/Platforms/MacOSX.platform/Developer/SDKs/MacOSX26.1.sdk/usr/include/mach/arm/rpc.h
/Applications/Xcode.app/Contents/Developer/Platforms/MacOSX.platform/Developer/SDKs/MacOSX26.1.sdk/usr/include/mach/mach_error.h
/Applications/Xcode.app/Contents/Developer/Platforms/MacOSX.platform/Developer/SDKs/MacOSX26.1.sdk/usr/include/mach/audit_triggers_types.h
/Applications/Xcode.app/Contents/Developer/Platforms/MacOSX.platform/Developer/SDKs/MacOSX26.1.sdk/usr/include/mach/bootstrap.h
/Applications/Xcode.app/Contents/Developer/Platforms/MacOSX.platform/Developer/SDKs/MacOSX26.1.sdk/usr/include/mach/clock.h
/Applications/Xcode.app/Contents/Developer/Platforms/MacOSX.platform/Developer/SDKs/MacOSX26.1.sdk/usr/include/mach/clock_reply.h
/Applications/Xcode.app/Contents/Developer/Platforms/MacOSX.platform/Developer/SDKs/MacOSX26.1.sdk/usr/include/mach/exc.h
/Applications/Xcode.app/Contents/Developer/Platforms/MacOSX.platform/Developer/SDKs/MacOSX26.1.sdk/usr/include/mach/exception.h
/Applications/Xcode.app/Contents/Developer/Platforms/MacOSX.platform/Developer/SDKs/MacOSX26.1.sdk/usr/include/mach/host_reboot.h
/Applications/Xcode.app/Contents/Developer/Platforms/MacOSX.platform/Developer/SDKs/MacOSX26.1.sdk/usr/include/arm64/hv/hv_kern_types.h
/Applications/Xcode.app/Contents/Developer/Platforms/MacOSX.platform/Developer/SDKs/MacOSX26.1.sdk/usr/include/mach/mach_param.h
/Applications/Xcode.app/Contents/Developer/Platforms/MacOSX.platform/Developer/SDKs/MacOSX26.1.sdk/usr/include/mach/mach_right.h
/Applications/Xcode.app/Contents/Developer/Platforms/MacOSX.platform/Developer/SDKs/MacOSX26.1.sdk/usr/include/mach/mach_syscalls.h
/Applications/Xcode.app/Contents/Developer/Platforms/MacOSX.platform/Developer/SDKs/MacOSX26.1.sdk/usr/include/mach/mach_time.h
/Applications/Xcode.app/Contents/Developer/Platforms/MacOSX.platform/Developer/SDKs/MacOSX26.1.sdk/usr/include/mach/mach_vm.h
/Applications/Xcode.app/Contents/Developer/Platforms/MacOSX.platform/Developer/SDKs/MacOSX26.1.sdk/usr/include/mach/mach_voucher.h
/Applications/Xcode.app/Contents/Developer/Platforms/MacOSX.platform/Developer/SDKs/MacOSX26.1.sdk/usr/include/mach/memory_entry.h
/Applications/Xcode.app/Contents/Developer/Platforms/MacOSX.platform/Developer/SDKs/MacOSX26.1.sdk/usr/include/mach/mig_strncpy_zerofill_support.h
/Applications/Xcode.app/Contents/Developer/Platforms/MacOSX.platform/Developer/SDKs/MacOSX26.1.sdk/usr/include/mach/mig_voucher_support.h
/Applications/Xcode.app/Contents/Developer/Platforms/MacOSX.platform/Developer/SDKs/MacOSX26.1.sdk/usr/include/mach/port_obj.h
/Applications/Xcode.app/Contents/Developer/Platforms/MacOSX.platform/Developer/SDKs/MacOSX26.1.sdk/usr/include/mach/sdt.h
/Applications/Xcode.app/Contents/Developer/Platforms/MacOSX.platform/Developer/SDKs/MacOSX26.1.sdk/usr/include/mach/machine/sdt.h
/Applications/Xcode.app/Contents/Developer/Platforms/MacOSX.platform/Developer/SDKs/MacOSX26.1.sdk/usr/include/sys/sdt.h
/Applications/Xcode.app/Contents/Developer/Platforms/MacOSX.platform/Developer/SDKs/MacOSX26.1.sdk/usr/include/mach/shared_region.h
/Applications/Xcode.app/Contents/Developer/Platforms/MacOSX.platform/Developer/SDKs/MacOSX26.1.sdk/usr/include/mach/sync.h
/Applications/Xcode.app/Contents/Developer/Platforms/MacOSX.platform/Developer/SDKs/MacOSX26.1.sdk/usr/include/mach/thread_state.h
/Applications/Xcode.app/Contents/Developer/Platforms/MacOSX.platform/Developer/SDKs/MacOSX26.1.sdk/usr/include/mach/vm_param.h
/Applications/Xcode.app/Contents/Developer/Platforms/MacOSX.platform/Developer/SDKs/MacOSX26.1.sdk/usr/include/mach/vm_task.h
/Applications/Xcode.app/Contents/Developer/Platforms/MacOSX.platform/Developer/SDKs/MacOSX26.1.sdk/usr/include/mach/machine/asm.h
/Applications/Xcode.app/Contents/Developer/Platforms/MacOSX.platform/Developer/SDKs/MacOSX26.1.sdk/usr/include/mach/arm64/asm.h
/Applications/Xcode.app/Contents/Developer/Platforms/MacOSX.platform/Developer/SDKs/MacOSX26.1.sdk/usr/include/mach/i386/asm.h
/Applications/Xcode.app/Contents/Developer/Platforms/MacOSX.platform/Developer/SDKs/MacOSX26.1.sdk/usr/include/mach/arm/asm.h
/Applications/Xcode.app/Contents/Developer/Platforms/MacOSX.platform/Developer/SDKs/MacOSX26.1.sdk/usr/include/mach/i386/boolean.h
/Applications/Xcode.app/Contents/Developer/Platforms/MacOSX.platform/Developer/SDKs/MacOSX26.1.sdk/usr/include/mach/i386/exception.h
/Applications/Xcode.app/Contents/Developer/Platforms/MacOSX.platform/Developer/SDKs/MacOSX26.1.sdk/usr/include/mach/i386/fp_reg.h
/Applications/Xcode.app/Contents/Developer/Platforms/MacOSX.platform/Developer/SDKs/MacOSX26.1.sdk/usr/include/mach/i386/kern_return.h
/Applications/Xcode.app/Contents/Developer/Platforms/MacOSX.platform/Developer/SDKs/MacOSX26.1.sdk/usr/include/mach/machine/ndr_def.h
/Applications/Xcode.app/Contents/Developer/Platforms/MacOSX.platform/Developer/SDKs/MacOSX26.1.sdk/usr/include/mach/arm/ndr_def.h
/Applications/Xcode.app/Contents/Developer/Platforms/MacOSX.platform/Developer/SDKs/MacOSX26.1.sdk/usr/include/mach/i386/processor_info.h
/Applications/Xcode.app/Contents/Developer/Platforms/MacOSX.platform/Developer/SDKs/MacOSX26.1.sdk/usr/include/mach/i386/rpc.h
/Applications/Xcode.app/Contents/Developer/Platforms/MacOSX.platform/Developer/SDKs/MacOSX26.1.sdk/usr/include/mach/machine/sdt_isa.h
/Applications/Xcode.app/Contents/Developer/Platforms/MacOSX.platform/Developer/SDKs/MacOSX26.1.sdk/usr/include/mach/arm/sdt_isa.h
/Applications/Xcode.app/Contents/Developer/Platforms/MacOSX.platform/Developer/SDKs/MacOSX26.1.sdk/usr/include/mach/i386/sdt_isa.h
/Applications/Xcode.app/Contents/Developer/Platforms/MacOSX.platform/Developer/SDKs/MacOSX26.1.sdk/usr/include/mach/i386/thread_state.h
/Applications/Xcode.app/Contents/Developer/Platforms/MacOSX.platform/Developer/SDKs/MacOSX26.1.sdk/usr/include/mach/i386/thread_status.h
/Applications/Xcode.app/Contents/Developer/Platforms/MacOSX.platform/Developer/SDKs/MacOSX26.1.sdk/usr/include/mach/arm/traps.h
/Applications/Xcode.app/Contents/Developer/Platforms/MacOSX.platform/Developer/SDKs/MacOSX26.1.sdk/usr/include/mach/i386/vm_param.h
/Applications/Xcode.app/Contents/Developer/Platforms/MacOSX.platform/Developer/SDKs/MacOSX26.1.sdk/usr/include/mach/i386/vm_types.h
/Applications/Xcode.app/Contents/Developer/Platforms/MacOSX.platform/Developer/SDKs/MacOSX26.1.sdk/usr/include/mach_debug/mach_debug.h
/Applications/Xcode.app/Contents/Developer/Platforms/MacOSX.platform/Developer/SDKs/MacOSX26.1.sdk/usr/include/device/device_types.h
/Applications/Xcode.app/Contents/Developer/Platforms/MacOSX.platform/Developer/SDKs/MacOSX26.1.sdk/usr/include/device/device_port.h
/Applications/Xcode.app/Contents/Developer/Platforms/MacOSX.platform/Developer/SDKs/MacOSX26.1.sdk/usr/include/libkern/OSAtomic.h
/Applications/Xcode.app/Contents/Developer/Platforms/MacOSX.platform/Developer/SDKs/MacOSX26.1.sdk/usr/include/libkern/OSAtomicDeprecated.h
/Applications/Xcode.app/Contents/Developer/Platforms/MacOSX.platform/Developer/SDKs/MacOSX26.1.sdk/usr/include/libkern/OSSpinLockDeprecated.h
/Applications/Xcode.app/Contents/Developer/Platforms/MacOSX.platform/Developer/SDKs/MacOSX26.1.sdk/usr/include/libkern/OSAtomicQueue.h
/Applications/Xcode.app/Contents/Developer/Platforms/MacOSX.platform/Developer/SDKs/MacOSX26.1.sdk/usr/include/libkern/machine/OSByteOrder.h
/Applications/Xcode.app/Contents/Developer/Platforms/MacOSX.platform/Developer/SDKs/MacOSX26.1.sdk/usr/include/libkern/i386/OSByteOrder.h
/Applications/Xcode.app/Contents/Developer/Platforms/MacOSX.platform/Developer/SDKs/MacOSX26.1.sdk/usr/include/libproc.h
/Applications/Xcode.app/Contents/Developer/Platforms/MacOSX.platform/Developer/SDKs/MacOSX26.1.sdk/usr/include/sys/mount.h
/Applications/Xcode.app/Contents/Developer/Platforms/MacOSX.platform/Developer/SDKs/MacOSX26.1.sdk/usr/include/sys/attr.h
/Applications/Xcode.app/Contents/Developer/Platforms/MacOSX.platform/Developer/SDKs/MacOSX26.1.sdk/usr/include/sys/proc_info.h
/Applications/Xcode.app/Contents/Developer/Platforms/MacOSX.platform/Developer/SDKs/MacOSX26.1.sdk/usr/include/sys/kern_control.h
/Applications/Xcode.app/Contents/Developer/Platforms/MacOSX.platform/Developer/SDKs/MacOSX26.1.sdk/usr/include/os/clock.h
/Applications/Xcode.app/Contents/Developer/Platforms/MacOSX.platform/Developer/SDKs/MacOSX26.1.sdk/usr/include/os/lock.h
/Applications/Xcode.app/Contents/Developer/Platforms/MacOSX.platform/Developer/SDKs/MacOSX26.1.sdk/usr/include/os/proc.h
/Applications/Xcode.app/Contents/Developer/Platforms/MacOSX.platform/Developer/SDKs/MacOSX26.1.sdk/usr/include/malloc/malloc.h
/Applications/Xcode.app/Contents/Developer/Platforms/MacOSX.platform/Developer/SDKs/MacOSX26.1.sdk/usr/include/malloc/_platform.h
/Applications/Xcode.app/Contents/Developer/Platforms/MacOSX.platform/Developer/SDKs/MacOSX26.1.sdk/usr/include/sys/malloc.h
/Applications/Xcode.app/Contents/Developer/Platforms/MacOSX.platform/Developer/SDKs/MacOSX26.1.sdk/usr/include/i386/_param.h
/Applications/Xcode.app/Contents/Developer/Platforms/MacOSX.platform/Developer/SDKs/MacOSX26.1.sdk/usr/include/machine/byte_order.h
/Applications/Xcode.app/Contents/Developer/Platforms/MacOSX.platform/Developer/SDKs/MacOSX26.1.sdk/usr/include/architecture/byte_order.h
/Applications/Xcode.app/Contents/Developer/Platforms/MacOSX.platform/Developer/SDKs/MacOSX26.1.sdk/usr/include/i386/eflags.h
/Applications/Xcode.app/Contents/Developer/Platforms/MacOSX.platform/Developer/SDKs/MacOSX26.1.sdk/usr/include/machine/fasttrap_isa.h
/Applications/Xcode.app/Contents/Developer/Platforms/MacOSX.platform/Developer/SDKs/MacOSX26.1.sdk/usr/include/arm/fasttrap_isa.h
/Applications/Xcode.app/Contents/Developer/Platforms/MacOSX.platform/Developer/SDKs/MacOSX26.1.sdk/usr/include/i386/fasttrap_isa.h
/Applications/Xcode.app/Contents/Developer/Platforms/MacOSX.platform/Developer/SDKs/MacOSX26.1.sdk/usr/include/i386/param.h
/Applications/Xcode.app/Contents/Developer/Platforms/MacOSX.platform/Developer/SDKs/MacOSX26.1.sdk/usr/include/machine/profile.h
/Applications/Xcode.app/Contents/Developer/Platforms/MacOSX.platform/Developer/SDKs/MacOSX26.1.sdk/usr/include/arm/profile.h
/Applications/Xcode.app/Contents/Developer/Platforms/MacOSX.platform/Developer/SDKs/MacOSX26.1.sdk/usr/include/i386/profile.h
/Applications/Xcode.app/Contents/Developer/Platforms/MacOSX.platform/Developer/SDKs/MacOSX26.1.sdk/usr/include/i386/user_ldt.h
/Applications/Xcode.app/Contents/Developer/Platforms/MacOSX.platform/Developer/SDKs/MacOSX26.1.sdk/usr/include/machine/vmparam.h
/Applications/Xcode.app/Contents/Developer/Platforms/MacOSX.platform/Developer/SDKs/MacOSX26.1.sdk/usr/include/arm/vmparam.h
/Applications/Xcode.app/Contents/Developer/Platforms/MacOSX.platform/Developer/SDKs/MacOSX26.1.sdk/usr/include/i386/vmparam.h
/Applications/Xcode.app/Contents/Developer/Platforms/MacOSX.platform/Developer/SDKs/MacOSX26.1.sdk/usr/include/aliasdb.h
/Applications/Xcode.app/Contents/Developer/Platforms/MacOSX.platform/Developer/SDKs/MacOSX26.1.sdk/usr/include/bootparams.h
/Applications/Xcode.app/Contents/Developer/Platforms/MacOSX.platform/Developer/SDKs/MacOSX26.1.sdk/usr/include/Block.h
/Applications/Xcode.app/Contents/Developer/Platforms/MacOSX.platform/Developer/SDKs/MacOSX26.1.sdk/usr/include/bsm/audit_domain.h
/Applications/Xcode.app/Contents/Developer/Platforms/MacOSX.platform/Developer/SDKs/MacOSX26.1.sdk/usr/include/bsm/audit_errno.h
/Applications/Xcode.app/Contents/Developer/Platforms/MacOSX.platform/Developer/SDKs/MacOSX26.1.sdk/usr/include/bsm/audit_fcntl.h
/Applications/Xcode.app/Contents/Developer/Platforms/MacOSX.platform/Developer/SDKs/MacOSX26.1.sdk/usr/include/bsm/audit_filter.h
/Applications/Xcode.app/Contents/Developer/Platforms/MacOSX.platform/Developer/SDKs/MacOSX26.1.sdk/usr/include/bsm/libbsm.h
/Applications/Xcode.app/Contents/Developer/Platforms/MacOSX.platform/Developer/SDKs/MacOSX26.1.sdk/usr/include/bsm/audit_record.h
/Applications/Xcode.app/Contents/Developer/Platforms/MacOSX.platform/Developer/SDKs/MacOSX26.1.sdk/usr/include/bsm/audit_internal.h
/Applications/Xcode.app/Contents/Developer/Platforms/MacOSX.platform/Developer/SDKs/MacOSX26.1.sdk/usr/include/bsm/audit_kevents.h
/Applications/Xcode.app/Contents/Developer/Platforms/MacOSX.platform/Developer/SDKs/MacOSX26.1.sdk/usr/include/bsm/audit_session.h
/Applications/Xcode.app/Contents/Developer/Platforms/MacOSX.platform/Developer/SDKs/MacOSX26.1.sdk/usr/include/bsm/audit_socket_type.h
/Applications/Xcode.app/Contents/Developer/Platforms/MacOSX.platform/Developer/SDKs/MacOSX26.1.sdk/usr/include/bsm/audit_uevents.h
/Applications/Xcode.app/Contents/Developer/Platforms/MacOSX.platform/Developer/SDKs/MacOSX26.1.sdk/usr/include/execinfo.h
/Applications/Xcode.app/Contents/Developer/Platforms/MacOSX.platform/Developer/SDKs/MacOSX26.1.sdk/usr/include/fstab.h
/Applications/Xcode.app/Contents/Developer/Platforms/MacOSX.platform/Developer/SDKs/MacOSX26.1.sdk/usr/include/hfs/hfs_format.h
/Applications/Xcode.app/Contents/Developer/Platforms/MacOSX.platform/Developer/SDKs/MacOSX26.1.sdk/usr/include/hfs/hfs_unistr.h
/Applications/Xcode.app/Contents/Developer/Platforms/MacOSX.platform/Developer/SDKs/MacOSX26.1.sdk/usr/include/hfs/hfs_mount.h
/Applications/Xcode.app/Contents/Developer/Platforms/MacOSX.platform/Developer/SDKs/MacOSX26.1.sdk/usr/include/membership.h
/Applications/Xcode.app/Contents/Developer/Platforms/MacOSX.platform/Developer/SDKs/MacOSX26.1.sdk/usr/include/ntsid.h
/Applications/Xcode.app/Contents/Developer/Platforms/MacOSX.platform/Developer/SDKs/MacOSX26.1.sdk/usr/include/curses.h
/Applications/Xcode.app/Contents/Developer/Platforms/MacOSX.platform/Developer/SDKs/MacOSX26.1.sdk/usr/include/ncurses_dll.h
/Applications/Xcode.app/Contents/Developer/Platforms/MacOSX.platform/Developer/SDKs/MacOSX26.1.sdk/usr/include/unctrl.h
/Applications/Xcode.app/Contents/Developer/Platforms/MacOSX.platform/Developer/SDKs/MacOSX26.1.sdk/usr/include/eti.h
/Applications/Xcode.app/Contents/Developer/Platforms/MacOSX.platform/Developer/SDKs/MacOSX26.1.sdk/usr/include/nc_tparm.h
/Applications/Xcode.app/Contents/Developer/Platforms/MacOSX.platform/Developer/SDKs/MacOSX26.1.sdk/usr/include/form.h
/Applications/Xcode.app/Contents/Developer/Platforms/MacOSX.platform/Developer/SDKs/MacOSX26.1.sdk/usr/include/menu.h
/Applications/Xcode.app/Contents/Developer/Platforms/MacOSX.platform/Developer/SDKs/MacOSX26.1.sdk/usr/include/panel.h
/Applications/Xcode.app/Contents/Developer/Platforms/MacOSX.platform/Developer/SDKs/MacOSX26.1.sdk/usr/include/netinet6/ah.h
/Applications/Xcode.app/Contents/Developer/Platforms/MacOSX.platform/Developer/SDKs/MacOSX26.1.sdk/usr/include/netinet6/esp.h
/Applications/Xcode.app/Contents/Developer/Platforms/MacOSX.platform/Developer/SDKs/MacOSX26.1.sdk/usr/include/netinet6/ipcomp.h
/Applications/Xcode.app/Contents/Developer/Platforms/MacOSX.platform/Developer/SDKs/MacOSX26.1.sdk/usr/include/netinet6/ipsec.h
/Applications/Xcode.app/Contents/Developer/Platforms/MacOSX.platform/Developer/SDKs/MacOSX26.1.sdk/usr/include/netinet6/raw_ip6.h
/Applications/Xcode.app/Contents/Developer/Platforms/MacOSX.platform/Developer/SDKs/MacOSX26.1.sdk/usr/include/printerdb.h
/Applications/Xcode.app/Contents/Developer/Platforms/MacOSX.platform/Developer/SDKs/MacOSX26.1.sdk/usr/include/sys/_structs.h
/Applications/Xcode.app/Contents/Developer/Platforms/MacOSX.platform/Developer/SDKs/MacOSX26.1.sdk/usr/include/sys/acct.h
/Applications/Xcode.app/Contents/Developer/Platforms/MacOSX.platform/Developer/SDKs/MacOSX26.1.sdk/usr/include/sys/acl.h
/Applications/Xcode.app/Contents/Developer/Platforms/MacOSX.platform/Developer/SDKs/MacOSX26.1.sdk/usr/include/sys/kauth.h
/Applications/Xcode.app/Contents/Developer/Platforms/MacOSX.platform/Developer/SDKs/MacOSX26.1.sdk/usr/include/sys/buf.h
/Applications/Xcode.app/Contents/Developer/Platforms/MacOSX.platform/Developer/SDKs/MacOSX26.1.sdk/usr/include/sys/kernel_types.h
/Applications/Xcode.app/Contents/Developer/Platforms/MacOSX.platform/Developer/SDKs/MacOSX26.1.sdk/usr/include/sys/clonefile.h
/Applications/Xcode.app/Contents/Developer/Platforms/MacOSX.platform/Developer/SDKs/MacOSX26.1.sdk/usr/include/sys/commpage.h
/Applications/Xcode.app/Contents/Developer/Platforms/MacOSX.platform/Developer/SDKs/MacOSX26.1.sdk/usr/include/sys/conf.h
/Applications/Xcode.app/Contents/Developer/Platforms/MacOSX.platform/Developer/SDKs/MacOSX26.1.sdk/usr/include/sys/disk.h
/Applications/Xcode.app/Contents/Developer/Platforms/MacOSX.platform/Developer/SDKs/MacOSX26.1.sdk/usr/include/sys/dkstat.h
/Applications/Xcode.app/Contents/Developer/Platforms/MacOSX.platform/Developer/SDKs/MacOSX26.1.sdk/usr/include/sys/domain.h
/Applications/Xcode.app/Contents/Developer/Platforms/MacOSX.platform/Developer/SDKs/MacOSX26.1.sdk/usr/include/sys/ev.h
/Applications/Xcode.app/Contents/Developer/Platforms/MacOSX.platform/Developer/SDKs/MacOSX26.1.sdk/usr/include/sys/file.h
/Applications/Xcode.app/Contents/Developer/Platforms/MacOSX.platform/Developer/SDKs/MacOSX26.1.sdk/usr/include/sys/filedesc.h
/Applications/Xcode.app/Contents/Developer/Platforms/MacOSX.platform/Developer/SDKs/MacOSX26.1.sdk/usr/include/sys/fileport.h
/Applications/Xcode.app/Contents/Developer/Platforms/MacOSX.platform/Developer/SDKs/MacOSX26.1.sdk/usr/include/sys/fsgetpath.h
/Applications/Xcode.app/Contents/Developer/Platforms/MacOSX.platform/Developer/SDKs/MacOSX26.1.sdk/usr/include/sys/gmon.h
/Applications/Xcode.app/Contents/Developer/Platforms/MacOSX.platform/Developer/SDKs/MacOSX26.1.sdk/usr/include/sys/ioctl_compat.h
/Applications/Xcode.app/Contents/Developer/Platforms/MacOSX.platform/Developer/SDKs/MacOSX26.1.sdk/usr/include/sys/ttychars.h
/Applications/Xcode.app/Contents/Developer/Platforms/MacOSX.platform/Developer/SDKs/MacOSX26.1.sdk/usr/include/sys/ttydev.h
/Applications/Xcode.app/Contents/Developer/Platforms/MacOSX.platform/Developer/SDKs/MacOSX26.1.sdk/usr/include/sys/kdebug.h
/Applications/Xcode.app/Contents/Developer/Platforms/MacOSX.platform/Developer/SDKs/MacOSX26.1.sdk/usr/include/sys/kdebug_signpost.h
/Applications/Xcode.app/Contents/Developer/Platforms/MacOSX.platform/Developer/SDKs/MacOSX26.1.sdk/usr/include/sys/lctx.h
/Applications/Xcode.app/Contents/Developer/Platforms/MacOSX.platform/Developer/SDKs/MacOSX26.1.sdk/usr/include/sys/mbuf.h
/Applications/Xcode.app/Contents/Developer/Platforms/MacOSX.platform/Developer/SDKs/MacOSX26.1.sdk/usr/include/sys/msgbuf.h
/Applications/Xcode.app/Contents/Developer/Platforms/MacOSX.platform/Developer/SDKs/MacOSX26.1.sdk/usr/include/sys/netport.h
/Applications/Xcode.app/Contents/Developer/Platforms/MacOSX.platform/Developer/SDKs/MacOSX26.1.sdk/usr/include/sys/paths.h
/Applications/Xcode.app/Contents/Developer/Platforms/MacOSX.platform/Developer/SDKs/MacOSX26.1.sdk/usr/include/sys/pipe.h
/Applications/Xcode.app/Contents/Developer/Platforms/MacOSX.platform/Developer/SDKs/MacOSX26.1.sdk/usr/include/sys/quota.h
/Applications/Xcode.app/Contents/Developer/Platforms/MacOSX.platform/Developer/SDKs/MacOSX26.1.sdk/usr/include/sys/rbtree.h
/Applications/Xcode.app/Contents/Developer/Platforms/MacOSX.platform/Developer/SDKs/MacOSX26.1.sdk/usr/include/sys/reboot.h
/Applications/Xcode.app/Contents/Developer/Platforms/MacOSX.platform/Developer/SDKs/MacOSX26.1.sdk/usr/include/sys/resourcevar.h
/Applications/Xcode.app/Contents/Developer/Platforms/MacOSX.platform/Developer/SDKs/MacOSX26.1.sdk/usr/include/sys/sbuf.h
/Applications/Xcode.app/Contents/Developer/Platforms/MacOSX.platform/Developer/SDKs/MacOSX26.1.sdk/usr/include/sys/signalvar.h
/Applications/Xcode.app/Contents/Developer/Platforms/MacOSX.platform/Developer/SDKs/MacOSX26.1.sdk/usr/include/sys/syscall.h
/Applications/Xcode.app/Contents/Developer/Platforms/MacOSX.platform/Developer/SDKs/MacOSX26.1.sdk/usr/include/sys/timeb.h
/Applications/Xcode.app/Contents/Developer/Platforms/MacOSX.platform/Developer/SDKs/MacOSX26.1.sdk/usr/include/sys/trace.h
/Applications/Xcode.app/Contents/Developer/Platforms/MacOSX.platform/Developer/SDKs/MacOSX26.1.sdk/usr/include/sys/tty.h
/Applications/Xcode.app/Contents/Developer/Platforms/MacOSX.platform/Developer/SDKs/MacOSX26.1.sdk/usr/include/sys/ucontext.h
/Applications/Xcode.app/Contents/Developer/Platforms/MacOSX.platform/Developer/SDKs/MacOSX26.1.sdk/usr/include/sys/unpcb.h
/Applications/Xcode.app/Contents/Developer/Platforms/MacOSX.platform/Developer/SDKs/MacOSX26.1.sdk/usr/include/sys/user.h
/Applications/Xcode.app/Contents/Developer/Platforms/MacOSX.platform/Developer/SDKs/MacOSX26.1.sdk/usr/include/sys/utfconv.h
/Applications/Xcode.app/Contents/Developer/Platforms/MacOSX.platform/Developer/SDKs/MacOSX26.1.sdk/usr/include/sys/vcmd.h
/Applications/Xcode.app/Contents/Developer/Platforms/MacOSX.platform/Developer/SDKs/MacOSX26.1.sdk/usr/include/sys/vnode.h
/Applications/Xcode.app/Contents/Developer/Platforms/MacOSX.platform/Developer/SDKs/MacOSX26.1.sdk/usr/include/_modules/_darwin_sys_signal.h
/Applications/Xcode.app/Contents/Developer/Platforms/MacOSX.platform/Developer/SDKs/MacOSX26.1.sdk/usr/include/sysdir.h
/Applications/Xcode.app/Contents/Developer/Platforms/MacOSX.platform/Developer/SDKs/MacOSX26.1.sdk/usr/include/libc.h
/Applications/Xcode.app/Contents/Developer/Platforms/MacOSX.platform/Developer/SDKs/MacOSX26.1.sdk/usr/include/paths.h
/Applications/Xcode.app/Contents/Developer/Platforms/MacOSX.platform/Developer/SDKs/MacOSX26.1.sdk/usr/include/sysexits.h
/Applications/Xcode.app/Contents/Developer/Platforms/MacOSX.platform/Developer/SDKs/MacOSX26.1.sdk/SDKSettings.json
/Applications/Xcode.app/Contents/Developer/Toolchains/XcodeDefault.xctoolchain/usr/lib/swift/macosx/prebuilt-modules/26.1/Darwin.swiftmodule/arm64e-apple-macos.swiftmodule
/Applications/Xcode.app/Contents/Developer/Platforms/MacOSX.platform/Developer/SDKs/MacOSX26.1.sdk/System/Library/Frameworks/DiskArbitration.framework/Modules/module.modulemap
/Applications/Xcode.app/Contents/Developer/Platforms/MacOSX.platform/Developer/SDKs/MacOSX26.1.sdk/System/Library/Frameworks/DiskArbitration.framework/Headers/DiskArbitration.h
/Applications/Xcode.app/Contents/Developer/Platforms/MacOSX.platform/Developer/SDKs/MacOSX26.1.sdk/System/Library/Frameworks/CoreFoundation.framework/Modules/module.modulemap
/Applications/Xcode.app/Contents/Developer/Platforms/MacOSX.platform/Developer/SDKs/MacOSX26.1.sdk/usr/include/Darwin.modulemap
/Applications/Xcode.app/Contents/Developer/Platforms/MacOSX.platform/Developer/SDKs/MacOSX26.1.sdk/usr/include/DarwinFoundation1.modulemap
/Applications/Xcode.app/Contents/Developer/Platforms/MacOSX.platform/Developer/SDKs/MacOSX26.1.sdk/System/Library/Frameworks/DiskArbitration.framework/Headers/DADisk.h
/Applications/Xcode.app/Contents/Developer/Platforms/MacOSX.platform/Developer/SDKs/MacOSX26.1.sdk/System/Library/Frameworks/IOKit.framework/Modules/module.modulemap
/Applications/Xcode.app/Contents/Developer/Platforms/MacOSX.platform/Developer/SDKs/MacOSX26.1.sdk/System/Library/Frameworks/DiskArbitration.framework/Headers/DASession.h
/Applications/Xcode.app/Contents/Developer/Platforms/MacOSX.platform/Developer/SDKs/MacOSX26.1.sdk/System/Library/Frameworks/DiskArbitration.framework/Headers/DADissenter.h
/Applications/Xcode.app/Contents/Developer/Platforms/MacOSX.platform/Developer/SDKs/MacOSX26.1.sdk/SDKSettings.json
/Applications/Xcode.app/Contents/Developer/Platforms/MacOSX.platform/Developer/SDKs/MacOSX26.1.sdk/usr/include/Dispatch.apinotes
/Applications/Xcode.app/Contents/Developer/Platforms/MacOSX.platform/Developer/SDKs/MacOSX26.1.sdk/usr/include/dispatch.modulemap
/Applications/Xcode.app/Contents/Developer/Platforms/MacOSX.platform/Developer/SDKs/MacOSX26.1.sdk/usr/include/os.modulemap
/Applications/Xcode.app/Contents/Developer/Platforms/MacOSX.platform/Developer/SDKs/MacOSX26.1.sdk/usr/include/Darwin.modulemap
/Applications/Xcode.app/Contents/Developer/Platforms/MacOSX.platform/Developer/SDKs/MacOSX26.1.sdk/usr/include/Darwin_C.modulemap
/Applications/Xcode.app/Contents/Developer/Platforms/MacOSX.platform/Developer/SDKs/MacOSX26.1.sdk/usr/include/Darwin_POSIX.modulemap
/Applications/Xcode.app/Contents/Developer/Platforms/MacOSX.platform/Developer/SDKs/MacOSX26.1.sdk/usr/include/net.modulemap
/Applications/Xcode.app/Contents/Developer/Platforms/MacOSX.platform/Developer/SDKs/MacOSX26.1.sdk/usr/include/netinet.modulemap
/Applications/Xcode.app/Contents/Developer/Platforms/MacOSX.platform/Developer/SDKs/MacOSX26.1.sdk/usr/include/bank.modulemap
/Applications/Xcode.app/Contents/Developer/Platforms/MacOSX.platform/Developer/SDKs/MacOSX26.1.sdk/usr/include/Darwin_Mach.modulemap
/Applications/Xcode.app/Contents/Developer/Platforms/MacOSX.platform/Developer/SDKs/MacOSX26.1.sdk/usr/include/Darwin_Mach_machine.modulemap
/Applications/Xcode.app/Contents/Developer/Platforms/MacOSX.platform/Developer/SDKs/MacOSX26.1.sdk/usr/include/mach_debug.modulemap
/Applications/Xcode.app/Contents/Developer/Platforms/MacOSX.platform/Developer/SDKs/MacOSX26.1.sdk/usr/include/device.modulemap
/Applications/Xcode.app/Contents/Developer/Platforms/MacOSX.platform/Developer/SDKs/MacOSX26.1.sdk/usr/include/Darwin_machine.modulemap
/Applications/Xcode.app/Contents/Developer/Platforms/MacOSX.platform/Developer/SDKs/MacOSX26.1.sdk/usr/include/ncurses.modulemap
/Applications/Xcode.app/Contents/Developer/Platforms/MacOSX.platform/Developer/SDKs/MacOSX26.1.sdk/usr/include/netinet6.modulemap
/Applications/Xcode.app/Contents/Developer/Platforms/MacOSX.platform/Developer/SDKs/MacOSX26.1.sdk/usr/include/Darwin_sys.modulemap
/Applications/Xcode.app/Contents/Developer/Platforms/MacOSX.platform/Developer/SDKs/MacOSX26.1.sdk/usr/include/uuid.modulemap
/Applications/Xcode.app/Contents/Developer/Platforms/MacOSX.platform/Developer/SDKs/MacOSX26.1.sdk/usr/include/DarwinFoundation2.modulemap
/Applications/Xcode.app/Contents/Developer/Platforms/MacOSX.platform/Developer/SDKs/MacOSX26.1.sdk/usr/include/DarwinFoundation3.modulemap
/Applications/Xcode.app/Contents/Developer/Platforms/MacOSX.platform/Developer/SDKs/MacOSX26.1.sdk/usr/include/DarwinFoundation1.modulemap
/Applications/Xcode.app/Contents/Developer/Platforms/MacOSX.platform/Developer/SDKs/MacOSX26.1.sdk/usr/include/dispatch/dispatch.h
/Applications/Xcode.app/Contents/Developer/Toolchains/XcodeDefault.xctoolchain/usr/lib/swift/clang/include/module.modulemap
/Applications/Xcode.app/Contents/Developer/Toolchains/XcodeDefault.xctoolchain/usr/lib/swift/clang/include/stddef.h
/Applications/Xcode.app/Contents/Developer/Toolchains/XcodeDefault.xctoolchain/usr/lib/swift/clang/include/stdarg.h
/Applications/Xcode.app/Contents/Developer/Platforms/MacOSX.platform/Developer/SDKs/MacOSX26.1.sdk/usr/include/string.h
/Applications/Xcode.app/Contents/Developer/Platforms/MacOSX.platform/Developer/SDKs/MacOSX26.1.sdk/usr/include/dispatch/base.h
/Applications/Xcode.app/Contents/Developer/Platforms/MacOSX.platform/Developer/SDKs/MacOSX26.1.sdk/usr/include/dispatch/time.h
/Applications/Xcode.app/Contents/Developer/Platforms/MacOSX.platform/Developer/SDKs/MacOSX26.1.sdk/usr/include/dispatch/object.h
/Applications/Xcode.app/Contents/Developer/Platforms/MacOSX.platform/Developer/SDKs/MacOSX26.1.sdk/usr/include/dispatch/queue.h
/Applications/Xcode.app/Contents/Developer/Platforms/MacOSX.platform/Developer/SDKs/MacOSX26.1.sdk/usr/include/dispatch/block.h
/Applications/Xcode.app/Contents/Developer/Platforms/MacOSX.platform/Developer/SDKs/MacOSX26.1.sdk/usr/include/dispatch/source.h
/Applications/Xcode.app/Contents/Developer/Platforms/MacOSX.platform/Developer/SDKs/MacOSX26.1.sdk/usr/include/dispatch/group.h
/Applications/Xcode.app/Contents/Developer/Platforms/MacOSX.platform/Developer/SDKs/MacOSX26.1.sdk/usr/include/dispatch/semaphore.h
/Applications/Xcode.app/Contents/Developer/Platforms/MacOSX.platform/Developer/SDKs/MacOSX26.1.sdk/usr/include/dispatch/once.h
/Applications/Xcode.app/Contents/Developer/Platforms/MacOSX.platform/Developer/SDKs/MacOSX26.1.sdk/usr/include/dispatch/data.h
/Applications/Xcode.app/Contents/Developer/Platforms/MacOSX.platform/Developer/SDKs/MacOSX26.1.sdk/usr/include/dispatch/io.h
/Applications/Xcode.app/Contents/Developer/Platforms/MacOSX.platform/Developer/SDKs/MacOSX26.1.sdk/usr/include/dispatch/workloop.h
/Applications/Xcode.app/Contents/Developer/Platforms/MacOSX.platform/Developer/SDKs/MacOSX26.1.sdk/usr/include/dispatch/dispatch_swift_shims.h
/Applications/Xcode.app/Contents/Developer/Platforms/MacOSX.platform/Developer/SDKs/MacOSX26.1.sdk/SDKSettings.json
/Applications/Xcode.app/Contents/Developer/Toolchains/XcodeDefault.xctoolchain/usr/lib/swift/macosx/prebuilt-modules/26.1/Dispatch.swiftmodule/arm64e-apple-macos.swiftmodule
/Applications/Xcode.app/Contents/Developer/Toolchains/XcodeDefault.xctoolchain/usr/lib/swift/macosx/prebuilt-modules/26.1/Foundation.swiftmodule/arm64e-apple-macos.swiftmodule
/Applications/Xcode.app/Contents/Developer/Platforms/MacOSX.platform/Developer/SDKs/MacOSX26.1.sdk/System/Library/Frameworks/Foundation.framework/Headers/Foundation.apinotes
/Applications/Xcode.app/Contents/Developer/Platforms/MacOSX.platform/Developer/SDKs/MacOSX26.1.sdk/System/Library/Frameworks/Foundation.framework/Modules/module.modulemap
/Applications/Xcode.app/Contents/Developer/Platforms/MacOSX.platform/Developer/SDKs/MacOSX26.1.sdk/System/Library/Frameworks/Foundation.framework/Headers/Foundation.h
/Applications/Xcode.app/Contents/Developer/Platforms/MacOSX.platform/Developer/SDKs/MacOSX26.1.sdk/System/Library/Frameworks/CoreFoundation.framework/Modules/module.modulemap
/Applications/Xcode.app/Contents/Developer/Platforms/MacOSX.platform/Developer/SDKs/MacOSX26.1.sdk/System/Library/Frameworks/Foundation.framework/Headers/NSObjCRuntime.h
/Applications/Xcode.app/Contents/Developer/Platforms/MacOSX.platform/Developer/SDKs/MacOSX26.1.sdk/usr/include/xpc.modulemap
/Applications/Xcode.app/Contents/Developer/Platforms/MacOSX.platform/Developer/SDKs/MacOSX26.1.sdk/usr/include/dispatch.modulemap
/Applications/Xcode.app/Contents/Developer/Platforms/MacOSX.platform/Developer/SDKs/MacOSX26.1.sdk/usr/include/ObjectiveC.modulemap
/Applications/Xcode.app/Contents/Developer/Platforms/MacOSX.platform/Developer/SDKs/MacOSX26.1.sdk/usr/include/Darwin.modulemap
/Applications/Xcode.app/Contents/Developer/Platforms/MacOSX.platform/Developer/SDKs/MacOSX26.1.sdk/usr/include/DarwinFoundation1.modulemap
/Applications/Xcode.app/Contents/Developer/Toolchains/XcodeDefault.xctoolchain/usr/lib/swift/clang/include/module.modulemap
/Applications/Xcode.app/Contents/Developer/Toolchains/XcodeDefault.xctoolchain/usr/lib/swift/clang/include/stdarg.h
/Applications/Xcode.app/Contents/Developer/Platforms/MacOSX.platform/Developer/SDKs/MacOSX26.1.sdk/System/Library/Frameworks/Foundation.framework/Headers/NSArray.h
/Applications/Xcode.app/Contents/Developer/Platforms/MacOSX.platform/Developer/SDKs/MacOSX26.1.sdk/System/Library/Frameworks/Foundation.framework/Headers/NSObject.h
/Applications/Xcode.app/Contents/Developer/Platforms/MacOSX.platform/Developer/SDKs/MacOSX26.1.sdk/System/Library/Frameworks/Foundation.framework/Headers/NSZone.h
/Applications/Xcode.app/Contents/Developer/Toolchains/XcodeDefault.xctoolchain/usr/lib/swift/clang/include/stddef.h
/Applications/Xcode.app/Contents/Developer/Platforms/MacOSX.platform/Developer/SDKs/MacOSX26.1.sdk/System/Library/Frameworks/Foundation.framework/Headers/NSEnumerator.h
/Applications/Xcode.app/Contents/Developer/Platforms/MacOSX.platform/Developer/SDKs/MacOSX26.1.sdk/System/Library/Frameworks/Foundation.framework/Headers/NSRange.h
/Applications/Xcode.app/Contents/Developer/Platforms/MacOSX.platform/Developer/SDKs/MacOSX26.1.sdk/System/Library/Frameworks/Foundation.framework/Headers/NSValue.h
/Applications/Xcode.app/Contents/Developer/Platforms/MacOSX.platform/Developer/SDKs/MacOSX26.1.sdk/System/Library/Frameworks/Foundation.framework/Headers/NSOrderedCollectionDifference.h
/Applications/Xcode.app/Contents/Developer/Platforms/MacOSX.platform/Developer/SDKs/MacOSX26.1.sdk/System/Library/Frameworks/Foundation.framework/Headers/NSOrderedCollectionChange.h
/Applications/Xcode.app/Contents/Developer/Platforms/MacOSX.platform/Developer/SDKs/MacOSX26.1.sdk/System/Library/Frameworks/Foundation.framework/Headers/NSIndexSet.h
/Applications/Xcode.app/Contents/Developer/Platforms/MacOSX.platform/Developer/SDKs/MacOSX26.1.sdk/System/Library/Frameworks/Foundation.framework/Headers/NSAutoreleasePool.h
/Applications/Xcode.app/Contents/Developer/Platforms/MacOSX.platform/Developer/SDKs/MacOSX26.1.sdk/System/Library/Frameworks/Foundation.framework/Headers/NSBundle.h
/Applications/Xcode.app/Contents/Developer/Platforms/MacOSX.platform/Developer/SDKs/MacOSX26.1.sdk/System/Library/Frameworks/Foundation.framework/Headers/NSString.h
/Applications/Xcode.app/Contents/Developer/Platforms/MacOSX.platform/Developer/SDKs/MacOSX26.1.sdk/System/Library/Frameworks/Foundation.framework/Headers/NSItemProvider.h
/Applications/Xcode.app/Contents/Developer/Platforms/MacOSX.platform/Developer/SDKs/MacOSX26.1.sdk/System/Library/Frameworks/Foundation.framework/Headers/NSDictionary.h
/Applications/Xcode.app/Contents/Developer/Platforms/MacOSX.platform/Developer/SDKs/MacOSX26.1.sdk/System/Library/Frameworks/Foundation.framework/Headers/NSSet.h
/Applications/Xcode.app/Contents/Developer/Platforms/MacOSX.platform/Developer/SDKs/MacOSX26.1.sdk/System/Library/Frameworks/Foundation.framework/Headers/NSProgress.h
/Applications/Xcode.app/Contents/Developer/Platforms/MacOSX.platform/Developer/SDKs/MacOSX26.1.sdk/System/Library/Frameworks/Foundation.framework/Headers/NSNotification.h
/Applications/Xcode.app/Contents/Developer/Platforms/MacOSX.platform/Developer/SDKs/MacOSX26.1.sdk/System/Library/Frameworks/Foundation.framework/Headers/NSByteOrder.h
/Applications/Xcode.app/Contents/Developer/Platforms/MacOSX.platform/Developer/SDKs/MacOSX26.1.sdk/System/Library/Frameworks/Foundation.framework/Headers/NSCalendar.h
/Applications/Xcode.app/Contents/Developer/Platforms/MacOSX.platform/Developer/SDKs/MacOSX26.1.sdk/System/Library/Frameworks/Foundation.framework/Headers/NSDate.h
/Applications/Xcode.app/Contents/Developer/Platforms/MacOSX.platform/Developer/SDKs/MacOSX26.1.sdk/System/Library/Frameworks/Foundation.framework/Headers/NSCharacterSet.h
/Applications/Xcode.app/Contents/Developer/Platforms/MacOSX.platform/Developer/SDKs/MacOSX26.1.sdk/System/Library/Frameworks/Foundation.framework/Headers/NSCoder.h
/Applications/Xcode.app/Contents/Developer/Platforms/MacOSX.platform/Developer/SDKs/MacOSX26.1.sdk/System/Library/Frameworks/Foundation.framework/Headers/NSData.h
/Applications/Xcode.app/Contents/Developer/Platforms/MacOSX.platform/Developer/SDKs/MacOSX26.1.sdk/System/Library/Frameworks/Foundation.framework/Headers/NSDateInterval.h
/Applications/Xcode.app/Contents/Developer/Platforms/MacOSX.platform/Developer/SDKs/MacOSX26.1.sdk/System/Library/Frameworks/Foundation.framework/Headers/NSDateFormatter.h
/Applications/Xcode.app/Contents/Developer/Platforms/MacOSX.platform/Developer/SDKs/MacOSX26.1.sdk/System/Library/Frameworks/Foundation.framework/Headers/NSFormatter.h
/Applications/Xcode.app/Contents/Developer/Platforms/MacOSX.platform/Developer/SDKs/MacOSX26.1.sdk/System/Library/Frameworks/Foundation.framework/Headers/NSAttributedString.h
/Applications/Xcode.app/Contents/Developer/Platforms/MacOSX.platform/Developer/SDKs/MacOSX26.1.sdk/System/Library/Frameworks/Foundation.framework/Headers/NSDateIntervalFormatter.h
/Applications/Xcode.app/Contents/Developer/Platforms/MacOSX.platform/Developer/SDKs/MacOSX26.1.sdk/System/Library/Frameworks/Foundation.framework/Headers/NSISO8601DateFormatter.h
/Applications/Xcode.app/Contents/Developer/Platforms/MacOSX.platform/Developer/SDKs/MacOSX26.1.sdk/System/Library/Frameworks/Foundation.framework/Headers/NSMassFormatter.h
/Applications/Xcode.app/Contents/Developer/Platforms/MacOSX.platform/Developer/SDKs/MacOSX26.1.sdk/System/Library/Frameworks/Foundation.framework/Headers/NSLengthFormatter.h
/Applications/Xcode.app/Contents/Developer/Platforms/MacOSX.platform/Developer/SDKs/MacOSX26.1.sdk/System/Library/Frameworks/Foundation.framework/Headers/NSEnergyFormatter.h
/Applications/Xcode.app/Contents/Developer/Platforms/MacOSX.platform/Developer/SDKs/MacOSX26.1.sdk/System/Library/Frameworks/Foundation.framework/Headers/NSMeasurementFormatter.h
/Applications/Xcode.app/Contents/Developer/Platforms/MacOSX.platform/Developer/SDKs/MacOSX26.1.sdk/System/Library/Frameworks/Foundation.framework/Headers/NSNumberFormatter.h
/Applications/Xcode.app/Contents/Developer/Platforms/MacOSX.platform/Developer/SDKs/MacOSX26.1.sdk/System/Library/Frameworks/Foundation.framework/Headers/NSMeasurement.h
/Applications/Xcode.app/Contents/Developer/Platforms/MacOSX.platform/Developer/SDKs/MacOSX26.1.sdk/System/Library/Frameworks/Foundation.framework/Headers/NSUnit.h
/Applications/Xcode.app/Contents/Developer/Platforms/MacOSX.platform/Developer/SDKs/MacOSX26.1.sdk/System/Library/Frameworks/Foundation.framework/Headers/NSLocale.h
/Applications/Xcode.app/Contents/Developer/Platforms/MacOSX.platform/Developer/SDKs/MacOSX26.1.sdk/System/Library/Frameworks/Foundation.framework/Headers/NSPersonNameComponents.h
/Applications/Xcode.app/Contents/Developer/Platforms/MacOSX.platform/Developer/SDKs/MacOSX26.1.sdk/System/Library/Frameworks/Foundation.framework/Headers/NSPersonNameComponentsFormatter.h
/Applications/Xcode.app/Contents/Developer/Platforms/MacOSX.platform/Developer/SDKs/MacOSX26.1.sdk/System/Library/Frameworks/Foundation.framework/Headers/NSRelativeDateTimeFormatter.h
/Applications/Xcode.app/Contents/Developer/Platforms/MacOSX.platform/Developer/SDKs/MacOSX26.1.sdk/System/Library/Frameworks/Foundation.framework/Headers/NSListFormatter.h
/Applications/Xcode.app/Contents/Developer/Platforms/MacOSX.platform/Developer/SDKs/MacOSX26.1.sdk/System/Library/Frameworks/Foundation.framework/Headers/NSDecimal.h
/Applications/Xcode.app/Contents/Developer/Platforms/MacOSX.platform/Developer/SDKs/MacOSX26.1.sdk/System/Library/Frameworks/Foundation.framework/Headers/NSDecimalNumber.h
/Applications/Xcode.app/Contents/Developer/Platforms/MacOSX.platform/Developer/SDKs/MacOSX26.1.sdk/System/Library/Frameworks/Foundation.framework/Headers/NSScanner.h
/Applications/Xcode.app/Contents/Developer/Platforms/MacOSX.platform/Developer/SDKs/MacOSX26.1.sdk/System/Library/Frameworks/Foundation.framework/Headers/NSException.h
/Applications/Xcode.app/Contents/Developer/Platforms/MacOSX.platform/Developer/SDKs/MacOSX26.1.sdk/System/Library/Frameworks/Foundation.framework/Headers/NSError.h
/Applications/Xcode.app/Contents/Developer/Platforms/MacOSX.platform/Developer/SDKs/MacOSX26.1.sdk/System/Library/Frameworks/Foundation.framework/Headers/NSFileHandle.h
/Applications/Xcode.app/Contents/Developer/Platforms/MacOSX.platform/Developer/SDKs/MacOSX26.1.sdk/System/Library/Frameworks/Foundation.framework/Headers/NSRunLoop.h
/Applications/Xcode.app/Contents/Developer/Platforms/MacOSX.platform/Developer/SDKs/MacOSX26.1.sdk/System/Library/Frameworks/Foundation.framework/Headers/NSFileManager.h
/Applications/Xcode.app/Contents/Developer/Platforms/MacOSX.platform/Developer/SDKs/MacOSX26.1.sdk/System/Library/Frameworks/Foundation.framework/Headers/NSPathUtilities.h
/Applications/Xcode.app/Contents/Developer/Platforms/MacOSX.platform/Developer/SDKs/MacOSX26.1.sdk/System/Library/Frameworks/Foundation.framework/Headers/NSURL.h
/Applications/Xcode.app/Contents/Developer/Platforms/MacOSX.platform/Developer/SDKs/MacOSX26.1.sdk/System/Library/Frameworks/Foundation.framework/Headers/NSURLHandle.h
/Applications/Xcode.app/Contents/Developer/Platforms/MacOSX.platform/Developer/SDKs/MacOSX26.1.sdk/System/Library/Frameworks/Foundation.framework/Headers/NSHashTable.h
/Applications/Xcode.app/Contents/Developer/Platforms/MacOSX.platform/Developer/SDKs/MacOSX26.1.sdk/System/Library/Frameworks/Foundation.framework/Headers/NSPointerFunctions.h
/Applications/Xcode.app/Contents/Developer/Platforms/MacOSX.platform/Developer/SDKs/MacOSX26.1.sdk/System/Library/Frameworks/Foundation.framework/Headers/NSHTTPCookie.h
/Applications/Xcode.app/Contents/Developer/Platforms/MacOSX.platform/Developer/SDKs/MacOSX26.1.sdk/System/Library/Frameworks/Foundation.framework/Headers/NSHTTPCookieStorage.h
/Applications/Xcode.app/Contents/Developer/Platforms/MacOSX.platform/Developer/SDKs/MacOSX26.1.sdk/System/Library/Frameworks/Foundation.framework/Headers/NSIndexPath.h
/Applications/Xcode.app/Contents/Developer/Platforms/MacOSX.platform/Developer/SDKs/MacOSX26.1.sdk/System/Library/Frameworks/Foundation.framework/Headers/NSInflectionRule.h
/Applications/Xcode.app/Contents/Developer/Platforms/MacOSX.platform/Developer/SDKs/MacOSX26.1.sdk/System/Library/Frameworks/Foundation.framework/Headers/NSInvocation.h
/Applications/Xcode.app/Contents/Developer/Platforms/MacOSX.platform/Developer/SDKs/MacOSX26.1.sdk/System/Library/Frameworks/Foundation.framework/Headers/NSJSONSerialization.h
/Applications/Xcode.app/Contents/Developer/Platforms/MacOSX.platform/Developer/SDKs/MacOSX26.1.sdk/System/Library/Frameworks/Foundation.framework/Headers/NSKeyValueCoding.h
/Applications/Xcode.app/Contents/Developer/Platforms/MacOSX.platform/Developer/SDKs/MacOSX26.1.sdk/System/Library/Frameworks/Foundation.framework/Headers/NSOrderedSet.h
/Applications/Xcode.app/Contents/Developer/Platforms/MacOSX.platform/Developer/SDKs/MacOSX26.1.sdk/System/Library/Frameworks/Foundation.framework/Headers/NSKeyValueObserving.h
/Applications/Xcode.app/Contents/Developer/Platforms/MacOSX.platform/Developer/SDKs/MacOSX26.1.sdk/System/Library/Frameworks/Foundation.framework/Headers/NSKeyValueSharedObservers.h
/Applications/Xcode.app/Contents/Developer/Platforms/MacOSX.platform/Developer/SDKs/MacOSX26.1.sdk/System/Library/Frameworks/Foundation.framework/Headers/NSKeyedArchiver.h
/Applications/Xcode.app/Contents/Developer/Platforms/MacOSX.platform/Developer/SDKs/MacOSX26.1.sdk/System/Library/Frameworks/Foundation.framework/Headers/NSPropertyList.h
/Applications/Xcode.app/Contents/Developer/Platforms/MacOSX.platform/Developer/SDKs/MacOSX26.1.sdk/System/Library/Frameworks/Foundation.framework/Headers/NSGeometry.h
/Applications/Xcode.app/Contents/Developer/Platforms/MacOSX.platform/Developer/SDKs/MacOSX26.1.sdk/System/Library/Frameworks/Foundation.framework/Headers/NSLock.h
/Applications/Xcode.app/Contents/Developer/Platforms/MacOSX.platform/Developer/SDKs/MacOSX26.1.sdk/System/Library/Frameworks/Foundation.framework/Headers/NSMapTable.h
/Applications/Xcode.app/Contents/Developer/Platforms/MacOSX.platform/Developer/SDKs/MacOSX26.1.sdk/System/Library/Frameworks/Foundation.framework/Headers/NSMethodSignature.h
/Applications/Xcode.app/Contents/Developer/Platforms/MacOSX.platform/Developer/SDKs/MacOSX26.1.sdk/System/Library/Frameworks/Foundation.framework/Headers/NSMorphology.h
/Applications/Xcode.app/Contents/Developer/Platforms/MacOSX.platform/Developer/SDKs/MacOSX26.1.sdk/System/Library/Frameworks/Foundation.framework/Headers/NSTermOfAddress.h
/Applications/Xcode.app/Contents/Developer/Platforms/MacOSX.platform/Developer/SDKs/MacOSX26.1.sdk/System/Library/Frameworks/Foundation.framework/Headers/NSNotificationQueue.h
/Applications/Xcode.app/Contents/Developer/Platforms/MacOSX.platform/Developer/SDKs/MacOSX26.1.sdk/System/Library/Frameworks/Foundation.framework/Headers/NSNull.h
/Applications/Xcode.app/Contents/Developer/Platforms/MacOSX.platform/Developer/SDKs/MacOSX26.1.sdk/System/Library/Frameworks/Foundation.framework/Headers/NSLocalizedNumberFormatRule.h
/Applications/Xcode.app/Contents/Developer/Platforms/MacOSX.platform/Developer/SDKs/MacOSX26.1.sdk/System/Library/Frameworks/Foundation.framework/Headers/NSOperation.h
/Applications/Xcode.app/Contents/Developer/Platforms/MacOSX.platform/Developer/SDKs/MacOSX26.1.sdk/System/Library/Frameworks/Foundation.framework/Headers/NSOrthography.h
/Applications/Xcode.app/Contents/Developer/Platforms/MacOSX.platform/Developer/SDKs/MacOSX26.1.sdk/System/Library/Frameworks/Foundation.framework/Headers/NSPointerArray.h
/Applications/Xcode.app/Contents/Developer/Platforms/MacOSX.platform/Developer/SDKs/MacOSX26.1.sdk/System/Library/Frameworks/Foundation.framework/Headers/NSPort.h
/Applications/Xcode.app/Contents/Developer/Platforms/MacOSX.platform/Developer/SDKs/MacOSX26.1.sdk/System/Library/Frameworks/Foundation.framework/Headers/NSProcessInfo.h
/Applications/Xcode.app/Contents/Developer/Platforms/MacOSX.platform/Developer/SDKs/MacOSX26.1.sdk/System/Library/Frameworks/Foundation.framework/Headers/NSProxy.h
/Applications/Xcode.app/Contents/Developer/Platforms/MacOSX.platform/Developer/SDKs/MacOSX26.1.sdk/System/Library/Frameworks/Foundation.framework/Headers/NSRegularExpression.h
/Applications/Xcode.app/Contents/Developer/Platforms/MacOSX.platform/Developer/SDKs/MacOSX26.1.sdk/System/Library/Frameworks/Foundation.framework/Headers/NSTextCheckingResult.h
/Applications/Xcode.app/Contents/Developer/Platforms/MacOSX.platform/Developer/SDKs/MacOSX26.1.sdk/System/Library/Frameworks/Foundation.framework/Headers/NSSortDescriptor.h
/Applications/Xcode.app/Contents/Developer/Platforms/MacOSX.platform/Developer/SDKs/MacOSX26.1.sdk/System/Library/Frameworks/Foundation.framework/Headers/NSStream.h
/Applications/Xcode.app/Contents/Developer/Platforms/MacOSX.platform/Developer/SDKs/MacOSX26.1.sdk/System/Library/Frameworks/Foundation.framework/Headers/NSThread.h
/Applications/Xcode.app/Contents/Developer/Platforms/MacOSX.platform/Developer/SDKs/MacOSX26.1.sdk/System/Library/Frameworks/Foundation.framework/Headers/NSTimeZone.h
/Applications/Xcode.app/Contents/Developer/Platforms/MacOSX.platform/Developer/SDKs/MacOSX26.1.sdk/System/Library/Frameworks/Foundation.framework/Headers/NSTimer.h
/Applications/Xcode.app/Contents/Developer/Platforms/MacOSX.platform/Developer/SDKs/MacOSX26.1.sdk/System/Library/Frameworks/Foundation.framework/Headers/NSURLAuthenticationChallenge.h
/Applications/Xcode.app/Contents/Developer/Platforms/MacOSX.platform/Developer/SDKs/MacOSX26.1.sdk/System/Library/Frameworks/Foundation.framework/Headers/NSURLCache.h
/Applications/Xcode.app/Contents/Developer/Platforms/MacOSX.platform/Developer/SDKs/MacOSX26.1.sdk/System/Library/Frameworks/Foundation.framework/Headers/NSURLConnection.h
/Applications/Xcode.app/Contents/Developer/Platforms/MacOSX.platform/Developer/SDKs/MacOSX26.1.sdk/System/Library/Frameworks/Foundation.framework/Headers/NSURLCredential.h
/Applications/Xcode.app/Contents/Developer/Platforms/MacOSX.platform/Developer/SDKs/MacOSX26.1.sdk/System/Library/Frameworks/Security.framework/Modules/module.modulemap
/Applications/Xcode.app/Contents/Developer/Platforms/MacOSX.platform/Developer/SDKs/MacOSX26.1.sdk/System/Library/Frameworks/Foundation.framework/Headers/NSURLCredentialStorage.h
/Applications/Xcode.app/Contents/Developer/Platforms/MacOSX.platform/Developer/SDKs/MacOSX26.1.sdk/System/Library/Frameworks/Foundation.framework/Headers/NSURLProtectionSpace.h
/Applications/Xcode.app/Contents/Developer/Platforms/MacOSX.platform/Developer/SDKs/MacOSX26.1.sdk/System/Library/Frameworks/Foundation.framework/Headers/NSURLError.h
/Applications/Xcode.app/Contents/Developer/Platforms/MacOSX.platform/Developer/SDKs/MacOSX26.1.sdk/System/Library/Frameworks/CoreServices.framework/Modules/module.modulemap
/Applications/Xcode.app/Contents/Developer/Platforms/MacOSX.platform/Developer/SDKs/MacOSX26.1.sdk/System/Library/Frameworks/Foundation.framework/Headers/NSURLProtocol.h
/Applications/Xcode.app/Contents/Developer/Platforms/MacOSX.platform/Developer/SDKs/MacOSX26.1.sdk/System/Library/Frameworks/Foundation.framework/Headers/NSURLRequest.h
/Applications/Xcode.app/Contents/Developer/Platforms/MacOSX.platform/Developer/SDKs/MacOSX26.1.sdk/System/Library/Frameworks/Foundation.framework/Headers/NSURLResponse.h
/Applications/Xcode.app/Contents/Developer/Platforms/MacOSX.platform/Developer/SDKs/MacOSX26.1.sdk/System/Library/Frameworks/Foundation.framework/Headers/NSUserDefaults.h
/Applications/Xcode.app/Contents/Developer/Platforms/MacOSX.platform/Developer/SDKs/MacOSX26.1.sdk/System/Library/Frameworks/Foundation.framework/Headers/NSValueTransformer.h
/Applications/Xcode.app/Contents/Developer/Platforms/MacOSX.platform/Developer/SDKs/MacOSX26.1.sdk/System/Library/Frameworks/Foundation.framework/Headers/NSXMLParser.h
/Applications/Xcode.app/Contents/Developer/Platforms/MacOSX.platform/Developer/SDKs/MacOSX26.1.sdk/System/Library/Frameworks/Foundation.framework/Headers/NSXPCConnection.h
/Applications/Xcode.app/Contents/Developer/Platforms/MacOSX.platform/Developer/SDKs/MacOSX26.1.sdk/System/Library/Frameworks/Foundation.framework/Headers/FoundationErrors.h
/Applications/Xcode.app/Contents/Developer/Platforms/MacOSX.platform/Developer/SDKs/MacOSX26.1.sdk/System/Library/Frameworks/Foundation.framework/Headers/NSByteCountFormatter.h
/Applications/Xcode.app/Contents/Developer/Platforms/MacOSX.platform/Developer/SDKs/MacOSX26.1.sdk/System/Library/Frameworks/Foundation.framework/Headers/NSCache.h
/Applications/Xcode.app/Contents/Developer/Platforms/MacOSX.platform/Developer/SDKs/MacOSX26.1.sdk/System/Library/Frameworks/Foundation.framework/Headers/NSComparisonPredicate.h
/Applications/Xcode.app/Contents/Developer/Platforms/MacOSX.platform/Developer/SDKs/MacOSX26.1.sdk/System/Library/Frameworks/Foundation.framework/Headers/NSPredicate.h
/Applications/Xcode.app/Contents/Developer/Platforms/MacOSX.platform/Developer/SDKs/MacOSX26.1.sdk/System/Library/Frameworks/Foundation.framework/Headers/NSCompoundPredicate.h
/Applications/Xcode.app/Contents/Developer/Platforms/MacOSX.platform/Developer/SDKs/MacOSX26.1.sdk/System/Library/Frameworks/Foundation.framework/Headers/NSDateComponentsFormatter.h
/Applications/Xcode.app/Contents/Developer/Platforms/MacOSX.platform/Developer/SDKs/MacOSX26.1.sdk/System/Library/Frameworks/Foundation.framework/Headers/NSExpression.h
/Applications/Xcode.app/Contents/Developer/Platforms/MacOSX.platform/Developer/SDKs/MacOSX26.1.sdk/System/Library/Frameworks/Foundation.framework/Headers/NSExtensionContext.h
/Applications/Xcode.app/Contents/Developer/Platforms/MacOSX.platform/Developer/SDKs/MacOSX26.1.sdk/System/Library/Frameworks/Foundation.framework/Headers/NSExtensionItem.h
/Applications/Xcode.app/Contents/Developer/Platforms/MacOSX.platform/Developer/SDKs/MacOSX26.1.sdk/System/Library/Frameworks/Foundation.framework/Headers/NSExtensionRequestHandling.h
/Applications/Xcode.app/Contents/Developer/Platforms/MacOSX.platform/Developer/SDKs/MacOSX26.1.sdk/System/Library/Frameworks/Foundation.framework/Headers/NSFileCoordinator.h
/Applications/Xcode.app/Contents/Developer/Platforms/MacOSX.platform/Developer/SDKs/MacOSX26.1.sdk/System/Library/Frameworks/Foundation.framework/Headers/NSFilePresenter.h
/Applications/Xcode.app/Contents/Developer/Platforms/MacOSX.platform/Developer/SDKs/MacOSX26.1.sdk/System/Library/Frameworks/Foundation.framework/Headers/NSFileVersion.h
/Applications/Xcode.app/Contents/Developer/Platforms/MacOSX.platform/Developer/SDKs/MacOSX26.1.sdk/System/Library/Frameworks/Foundation.framework/Headers/NSFileWrapper.h
/Applications/Xcode.app/Contents/Developer/Platforms/MacOSX.platform/Developer/SDKs/MacOSX26.1.sdk/System/Library/Frameworks/Foundation.framework/Headers/NSLinguisticTagger.h
/Applications/Xcode.app/Contents/Developer/Platforms/MacOSX.platform/Developer/SDKs/MacOSX26.1.sdk/System/Library/Frameworks/Foundation.framework/Headers/NSMetadata.h
/Applications/Xcode.app/Contents/Developer/Platforms/MacOSX.platform/Developer/SDKs/MacOSX26.1.sdk/System/Library/Frameworks/Foundation.framework/Headers/NSMetadataAttributes.h
/Applications/Xcode.app/Contents/Developer/Platforms/MacOSX.platform/Developer/SDKs/MacOSX26.1.sdk/System/Library/Frameworks/Foundation.framework/Headers/NSNetServices.h
/Applications/Xcode.app/Contents/Developer/Platforms/MacOSX.platform/Developer/SDKs/MacOSX26.1.sdk/System/Library/Frameworks/Foundation.framework/Headers/NSUbiquitousKeyValueStore.h
/Applications/Xcode.app/Contents/Developer/Platforms/MacOSX.platform/Developer/SDKs/MacOSX26.1.sdk/System/Library/Frameworks/Foundation.framework/Headers/NSUndoManager.h
/Applications/Xcode.app/Contents/Developer/Platforms/MacOSX.platform/Developer/SDKs/MacOSX26.1.sdk/System/Library/Frameworks/Foundation.framework/Headers/NSURLSession.h
/Applications/Xcode.app/Contents/Developer/Platforms/MacOSX.platform/Developer/SDKs/MacOSX26.1.sdk/System/Library/Frameworks/Foundation.framework/Headers/NSUserActivity.h
/Applications/Xcode.app/Contents/Developer/Platforms/MacOSX.platform/Developer/SDKs/MacOSX26.1.sdk/System/Library/Frameworks/Foundation.framework/Headers/NSUUID.h
/Applications/Xcode.app/Contents/Developer/Platforms/MacOSX.platform/Developer/SDKs/MacOSX26.1.sdk/System/Library/Frameworks/Foundation.framework/Headers/NSAffineTransform.h
/Applications/Xcode.app/Contents/Developer/Platforms/MacOSX.platform/Developer/SDKs/MacOSX26.1.sdk/System/Library/Frameworks/Foundation.framework/Headers/NSAppleScript.h
/Applications/Xcode.app/Contents/Developer/Platforms/MacOSX.platform/Developer/SDKs/MacOSX26.1.sdk/System/Library/Frameworks/Foundation.framework/Headers/NSArchiver.h
/Applications/Xcode.app/Contents/Developer/Platforms/MacOSX.platform/Developer/SDKs/MacOSX26.1.sdk/System/Library/Frameworks/Foundation.framework/Headers/NSBackgroundActivityScheduler.h
/Applications/Xcode.app/Contents/Developer/Platforms/MacOSX.platform/Developer/SDKs/MacOSX26.1.sdk/System/Library/Frameworks/Foundation.framework/Headers/NSCalendarDate.h
/Applications/Xcode.app/Contents/Developer/Platforms/MacOSX.platform/Developer/SDKs/MacOSX26.1.sdk/System/Library/Frameworks/Foundation.framework/Headers/NSConnection.h
/Applications/Xcode.app/Contents/Developer/Platforms/MacOSX.platform/Developer/SDKs/MacOSX26.1.sdk/System/Library/Frameworks/Foundation.framework/Headers/NSDistantObject.h
/Applications/Xcode.app/Contents/Developer/Platforms/MacOSX.platform/Developer/SDKs/MacOSX26.1.sdk/System/Library/Frameworks/Foundation.framework/Headers/NSDistributedNotificationCenter.h
/Applications/Xcode.app/Contents/Developer/Platforms/MacOSX.platform/Developer/SDKs/MacOSX26.1.sdk/System/Library/Frameworks/Foundation.framework/Headers/NSPortCoder.h
/Applications/Xcode.app/Contents/Developer/Platforms/MacOSX.platform/Developer/SDKs/MacOSX26.1.sdk/System/Library/Frameworks/Foundation.framework/Headers/NSPortMessage.h
/Applications/Xcode.app/Contents/Developer/Platforms/MacOSX.platform/Developer/SDKs/MacOSX26.1.sdk/System/Library/Frameworks/Foundation.framework/Headers/NSPortNameServer.h
/Applications/Xcode.app/Contents/Developer/Platforms/MacOSX.platform/Developer/SDKs/MacOSX26.1.sdk/System/Library/Frameworks/Foundation.framework/Headers/NSProtocolChecker.h
/Applications/Xcode.app/Contents/Developer/Platforms/MacOSX.platform/Developer/SDKs/MacOSX26.1.sdk/System/Library/Frameworks/Foundation.framework/Headers/NSTask.h
/Applications/Xcode.app/Contents/Developer/Platforms/MacOSX.platform/Developer/SDKs/MacOSX26.1.sdk/System/Library/Frameworks/Foundation.framework/Headers/NSXMLDTD.h
/Applications/Xcode.app/Contents/Developer/Platforms/MacOSX.platform/Developer/SDKs/MacOSX26.1.sdk/System/Library/Frameworks/Foundation.framework/Headers/NSXMLNode.h
/Applications/Xcode.app/Contents/Developer/Platforms/MacOSX.platform/Developer/SDKs/MacOSX26.1.sdk/System/Library/Frameworks/Foundation.framework/Headers/NSXMLNodeOptions.h
/Applications/Xcode.app/Contents/Developer/Platforms/MacOSX.platform/Developer/SDKs/MacOSX26.1.sdk/System/Library/Frameworks/Foundation.framework/Headers/NSXMLDTDNode.h
/Applications/Xcode.app/Contents/Developer/Platforms/MacOSX.platform/Developer/SDKs/MacOSX26.1.sdk/System/Library/Frameworks/Foundation.framework/Headers/NSXMLDocument.h
/Applications/Xcode.app/Contents/Developer/Platforms/MacOSX.platform/Developer/SDKs/MacOSX26.1.sdk/System/Library/Frameworks/Foundation.framework/Headers/NSXMLElement.h
/Applications/Xcode.app/Contents/Developer/Platforms/MacOSX.platform/Developer/SDKs/MacOSX26.1.sdk/System/Library/Frameworks/Foundation.framework/Headers/NSURLDownload.h
/Applications/Xcode.app/Contents/Developer/Platforms/MacOSX.platform/Developer/SDKs/MacOSX26.1.sdk/System/Library/Frameworks/Foundation.framework/Headers/NSAppleEventDescriptor.h
/Applications/Xcode.app/Contents/Developer/Platforms/MacOSX.platform/Developer/SDKs/MacOSX26.1.sdk/System/Library/Frameworks/Foundation.framework/Headers/NSAppleEventManager.h
/Applications/Xcode.app/Contents/Developer/Platforms/MacOSX.platform/Developer/SDKs/MacOSX26.1.sdk/System/Library/Frameworks/Foundation.framework/Headers/NSClassDescription.h
/Applications/Xcode.app/Contents/Developer/Platforms/MacOSX.platform/Developer/SDKs/MacOSX26.1.sdk/System/Library/Frameworks/Foundation.framework/Headers/NSDistributedLock.h
/Applications/Xcode.app/Contents/Developer/Platforms/MacOSX.platform/Developer/SDKs/MacOSX26.1.sdk/System/Library/Frameworks/Foundation.framework/Headers/NSGarbageCollector.h
/Applications/Xcode.app/Contents/Developer/Platforms/MacOSX.platform/Developer/SDKs/MacOSX26.1.sdk/System/Library/Frameworks/Foundation.framework/Headers/NSHFSFileTypes.h
/Applications/Xcode.app/Contents/Developer/Platforms/MacOSX.platform/Developer/SDKs/MacOSX26.1.sdk/System/Library/Frameworks/Foundation.framework/Headers/NSHost.h
/Applications/Xcode.app/Contents/Developer/Platforms/MacOSX.platform/Developer/SDKs/MacOSX26.1.sdk/System/Library/Frameworks/Foundation.framework/Headers/NSObjectScripting.h
/Applications/Xcode.app/Contents/Developer/Platforms/MacOSX.platform/Developer/SDKs/MacOSX26.1.sdk/System/Library/Frameworks/Foundation.framework/Headers/NSScriptClassDescription.h
/Applications/Xcode.app/Contents/Developer/Platforms/MacOSX.platform/Developer/SDKs/MacOSX26.1.sdk/System/Library/Frameworks/Foundation.framework/Headers/NSScriptCoercionHandler.h
/Applications/Xcode.app/Contents/Developer/Platforms/MacOSX.platform/Developer/SDKs/MacOSX26.1.sdk/System/Library/Frameworks/Foundation.framework/Headers/NSScriptCommand.h
/Applications/Xcode.app/Contents/Developer/Platforms/MacOSX.platform/Developer/SDKs/MacOSX26.1.sdk/System/Library/Frameworks/Foundation.framework/Headers/NSScriptCommandDescription.h
/Applications/Xcode.app/Contents/Developer/Platforms/MacOSX.platform/Developer/SDKs/MacOSX26.1.sdk/System/Library/Frameworks/Foundation.framework/Headers/NSScriptExecutionContext.h
/Applications/Xcode.app/Contents/Developer/Platforms/MacOSX.platform/Developer/SDKs/MacOSX26.1.sdk/System/Library/Frameworks/Foundation.framework/Headers/NSScriptKeyValueCoding.h
/Applications/Xcode.app/Contents/Developer/Platforms/MacOSX.platform/Developer/SDKs/MacOSX26.1.sdk/System/Library/Frameworks/Foundation.framework/Headers/NSScriptObjectSpecifiers.h
/Applications/Xcode.app/Contents/Developer/Platforms/MacOSX.platform/Developer/SDKs/MacOSX26.1.sdk/System/Library/Frameworks/Foundation.framework/Headers/NSScriptStandardSuiteCommands.h
/Applications/Xcode.app/Contents/Developer/Platforms/MacOSX.platform/Developer/SDKs/MacOSX26.1.sdk/System/Library/Frameworks/Foundation.framework/Headers/NSScriptSuiteRegistry.h
/Applications/Xcode.app/Contents/Developer/Platforms/MacOSX.platform/Developer/SDKs/MacOSX26.1.sdk/System/Library/Frameworks/Foundation.framework/Headers/NSScriptWhoseTests.h
/Applications/Xcode.app/Contents/Developer/Platforms/MacOSX.platform/Developer/SDKs/MacOSX26.1.sdk/System/Library/Frameworks/Foundation.framework/Headers/NSSpellServer.h
/Applications/Xcode.app/Contents/Developer/Platforms/MacOSX.platform/Developer/SDKs/MacOSX26.1.sdk/System/Library/Frameworks/Foundation.framework/Headers/NSUserNotification.h
/Applications/Xcode.app/Contents/Developer/Platforms/MacOSX.platform/Developer/SDKs/MacOSX26.1.sdk/System/Library/Frameworks/Foundation.framework/Headers/NSUserScriptTask.h
/Applications/Xcode.app/Contents/Developer/Platforms/MacOSX.platform/Developer/SDKs/MacOSX26.1.sdk/System/Library/Frameworks/Foundation.framework/Headers/FoundationLegacySwiftCompatibility.h
/Applications/Xcode.app/Contents/Developer/Platforms/MacOSX.platform/Developer/SDKs/MacOSX26.1.sdk/System/Library/Frameworks/Foundation.framework/Headers/NSDebug.h
/Applications/Xcode.app/Contents/Developer/Platforms/MacOSX.platform/Developer/SDKs/MacOSX26.1.sdk/SDKSettings.json
/Applications/Xcode.app/Contents/Developer/Toolchains/XcodeDefault.xctoolchain/usr/lib/swift/macosx/prebuilt-modules/26.1/IOKit.swiftmodule/arm64e-apple-macos.swiftmodule
/Applications/Xcode.app/Contents/Developer/Platforms/MacOSX.platform/Developer/SDKs/MacOSX26.1.sdk/System/Library/Frameworks/IOKit.framework/Modules/module.modulemap
/Applications/Xcode.app/Contents/Developer/Platforms/MacOSX.platform/Developer/SDKs/MacOSX26.1.sdk/System/Library/Frameworks/IOKit.framework/Headers/IOReturn.h
/Applications/Xcode.app/Contents/Developer/Platforms/MacOSX.platform/Developer/SDKs/MacOSX26.1.sdk/usr/include/dispatch.modulemap
/Applications/Xcode.app/Contents/Developer/Platforms/MacOSX.platform/Developer/SDKs/MacOSX26.1.sdk/usr/include/libkern.modulemap
/Applications/Xcode.app/Contents/Developer/Platforms/MacOSX.platform/Developer/SDKs/MacOSX26.1.sdk/usr/include/Darwin.modulemap
/Applications/Xcode.app/Contents/Developer/Platforms/MacOSX.platform/Developer/SDKs/MacOSX26.1.sdk/usr/include/Darwin_C.modulemap
/Applications/Xcode.app/Contents/Developer/Platforms/MacOSX.platform/Developer/SDKs/MacOSX26.1.sdk/usr/include/Darwin_POSIX.modulemap
/Applications/Xcode.app/Contents/Developer/Platforms/MacOSX.platform/Developer/SDKs/MacOSX26.1.sdk/usr/include/net.modulemap
/Applications/Xcode.app/Contents/Developer/Platforms/MacOSX.platform/Developer/SDKs/MacOSX26.1.sdk/usr/include/netinet.modulemap
/Applications/Xcode.app/Contents/Developer/Platforms/MacOSX.platform/Developer/SDKs/MacOSX26.1.sdk/usr/include/bank.modulemap
/Applications/Xcode.app/Contents/Developer/Platforms/MacOSX.platform/Developer/SDKs/MacOSX26.1.sdk/usr/include/Darwin_Mach.modulemap
/Applications/Xcode.app/Contents/Developer/Platforms/MacOSX.platform/Developer/SDKs/MacOSX26.1.sdk/usr/include/Darwin_Mach_machine.modulemap
/Applications/Xcode.app/Contents/Developer/Platforms/MacOSX.platform/Developer/SDKs/MacOSX26.1.sdk/usr/include/mach_debug.modulemap
/Applications/Xcode.app/Contents/Developer/Platforms/MacOSX.platform/Developer/SDKs/MacOSX26.1.sdk/usr/include/device.modulemap
/Applications/Xcode.app/Contents/Developer/Platforms/MacOSX.platform/Developer/SDKs/MacOSX26.1.sdk/usr/include/Darwin_machine.modulemap
/Applications/Xcode.app/Contents/Developer/Platforms/MacOSX.platform/Developer/SDKs/MacOSX26.1.sdk/usr/include/ncurses.modulemap
/Applications/Xcode.app/Contents/Developer/Platforms/MacOSX.platform/Developer/SDKs/MacOSX26.1.sdk/usr/include/netinet6.modulemap
/Applications/Xcode.app/Contents/Developer/Platforms/MacOSX.platform/Developer/SDKs/MacOSX26.1.sdk/usr/include/Darwin_sys.modulemap
/Applications/Xcode.app/Contents/Developer/Platforms/MacOSX.platform/Developer/SDKs/MacOSX26.1.sdk/usr/include/uuid.modulemap
/Applications/Xcode.app/Contents/Developer/Platforms/MacOSX.platform/Developer/SDKs/MacOSX26.1.sdk/usr/include/DarwinFoundation2.modulemap
/Applications/Xcode.app/Contents/Developer/Platforms/MacOSX.platform/Developer/SDKs/MacOSX26.1.sdk/usr/include/DarwinFoundation1.modulemap
/Applications/Xcode.app/Contents/Developer/Platforms/MacOSX.platform/Developer/SDKs/MacOSX26.1.sdk/System/Library/Frameworks/IOKit.framework/Headers/IOMapTypes.h
/Applications/Xcode.app/Contents/Developer/Platforms/MacOSX.platform/Developer/SDKs/MacOSX26.1.sdk/System/Library/Frameworks/IOKit.framework/Headers/IOTypes.h
/Applications/Xcode.app/Contents/Developer/Toolchains/XcodeDefault.xctoolchain/usr/lib/swift/clang/include/module.modulemap
/Applications/Xcode.app/Contents/Developer/Platforms/MacOSX.platform/Developer/SDKs/MacOSX26.1.sdk/System/Library/Frameworks/IOKit.framework/Headers/IOKitKeys.h
/Applications/Xcode.app/Contents/Developer/Platforms/MacOSX.platform/Developer/SDKs/MacOSX26.1.sdk/System/Library/Frameworks/IOKit.framework/Headers/OSMessageNotification.h
/Applications/Xcode.app/Contents/Developer/Platforms/MacOSX.platform/Developer/SDKs/MacOSX26.1.sdk/System/Library/Frameworks/IOKit.framework/Headers/IOKitLib.h
/Applications/Xcode.app/Contents/Developer/Platforms/MacOSX.platform/Developer/SDKs/MacOSX26.1.sdk/System/Library/Frameworks/CoreFoundation.framework/Modules/module.modulemap
/Applications/Xcode.app/Contents/Developer/Platforms/MacOSX.platform/Developer/SDKs/MacOSX26.1.sdk/System/Library/Frameworks/IOKit.framework/Headers/IOBSD.h
/Applications/Xcode.app/Contents/Developer/Platforms/MacOSX.platform/Developer/SDKs/MacOSX26.1.sdk/System/Library/Frameworks/IOKit.framework/Headers/IODataQueueClient.h
/Applications/Xcode.app/Contents/Developer/Platforms/MacOSX.platform/Developer/SDKs/MacOSX26.1.sdk/System/Library/Frameworks/IOKit.framework/Headers/IODataQueueShared.h
/Applications/Xcode.app/Contents/Developer/Platforms/MacOSX.platform/Developer/SDKs/MacOSX26.1.sdk/System/Library/Frameworks/IOKit.framework/Headers/IOCFBundle.h
/Applications/Xcode.app/Contents/Developer/Platforms/MacOSX.platform/Developer/SDKs/MacOSX26.1.sdk/System/Library/Frameworks/IOKit.framework/Headers/IOSharedLock.h
/Applications/Xcode.app/Contents/Developer/Platforms/MacOSX.platform/Developer/SDKs/MacOSX26.1.sdk/System/Library/Frameworks/IOKit.framework/Headers/IOCFPlugIn.h
/Applications/Xcode.app/Contents/Developer/Platforms/MacOSX.platform/Developer/SDKs/MacOSX26.1.sdk/System/Library/Frameworks/IOKit.framework/Headers/IOCFSerialize.h
/Applications/Xcode.app/Contents/Developer/Platforms/MacOSX.platform/Developer/SDKs/MacOSX26.1.sdk/System/Library/Frameworks/IOKit.framework/Headers/IOCFURLAccess.h
/Applications/Xcode.app/Contents/Developer/Platforms/MacOSX.platform/Developer/SDKs/MacOSX26.1.sdk/System/Library/Frameworks/IOKit.framework/Headers/IOKitServer.h
/Applications/Xcode.app/Contents/Developer/Platforms/MacOSX.platform/Developer/SDKs/MacOSX26.1.sdk/System/Library/Frameworks/IOKit.framework/Headers/IOCFUnserialize.h
/Applications/Xcode.app/Contents/Developer/Platforms/MacOSX.platform/Developer/SDKs/MacOSX26.1.sdk/System/Library/Frameworks/IOKit.framework/Headers/IOMessage.h
/Applications/Xcode.app/Contents/Developer/Platforms/MacOSX.platform/Developer/SDKs/MacOSX26.1.sdk/System/Library/Frameworks/IOKit.framework/Headers/IORPC.h
/Applications/Xcode.app/Contents/Developer/Platforms/MacOSX.platform/Developer/SDKs/MacOSX26.1.sdk/System/Library/Frameworks/IOKit.framework/Headers/IOUserServer.h
/Applications/Xcode.app/Contents/Developer/Platforms/MacOSX.platform/Developer/SDKs/MacOSX26.1.sdk/System/Library/Frameworks/IOKit.framework/Headers/audio/IOAudioDefines.h
/Applications/Xcode.app/Contents/Developer/Platforms/MacOSX.platform/Developer/SDKs/MacOSX26.1.sdk/System/Library/Frameworks/IOKit.framework/Headers/audio/IOAudioLib.h
/Applications/Xcode.app/Contents/Developer/Platforms/MacOSX.platform/Developer/SDKs/MacOSX26.1.sdk/System/Library/Frameworks/IOKit.framework/Headers/audio/IOAudioTypes.h
/Applications/Xcode.app/Contents/Developer/Platforms/MacOSX.platform/Developer/SDKs/MacOSX26.1.sdk/System/Library/Frameworks/IOKit.framework/Headers/avc/IOFireWireAVCConsts.h
/Applications/Xcode.app/Contents/Developer/Platforms/MacOSX.platform/Developer/SDKs/MacOSX26.1.sdk/System/Library/Frameworks/IOKit.framework/Headers/avc/IOFireWireAVCLib.h
/Applications/Xcode.app/Contents/Developer/Platforms/MacOSX.platform/Developer/SDKs/MacOSX26.1.sdk/System/Library/Frameworks/IOKit.framework/Headers/firewire/IOFireWireFamilyCommon.h
/Applications/Xcode.app/Contents/Developer/Platforms/MacOSX.platform/Developer/SDKs/MacOSX26.1.sdk/System/Library/Frameworks/IOKit.framework/Headers/firewire/IOFireWireLib.h
/Applications/Xcode.app/Contents/Developer/Platforms/MacOSX.platform/Developer/SDKs/MacOSX26.1.sdk/System/Library/Frameworks/IOKit.framework/Headers/firewire/IOFireWireLibIsoch.h
/Applications/Xcode.app/Contents/Developer/Platforms/MacOSX.platform/Developer/SDKs/MacOSX26.1.sdk/System/Library/Frameworks/IOKit.framework/Headers/graphics/IOAccelClientConnect.h
/Applications/Xcode.app/Contents/Developer/Platforms/MacOSX.platform/Developer/SDKs/MacOSX26.1.sdk/System/Library/Frameworks/IOKit.framework/Headers/graphics/IOGraphicsInterface.h
/Applications/Xcode.app/Contents/Developer/Platforms/MacOSX.platform/Developer/SDKs/MacOSX26.1.sdk/System/Library/Frameworks/IOKit.framework/Headers/graphics/IOGraphicsInterfaceTypes.h
/Applications/Xcode.app/Contents/Developer/Platforms/MacOSX.platform/Developer/SDKs/MacOSX26.1.sdk/System/Library/Frameworks/IOKit.framework/Headers/graphics/IOAccelSurfaceConnect.h
/Applications/Xcode.app/Contents/Developer/Platforms/MacOSX.platform/Developer/SDKs/MacOSX26.1.sdk/System/Library/Frameworks/IOKit.framework/Headers/graphics/IOAccelTypes.h
/Applications/Xcode.app/Contents/Developer/Platforms/MacOSX.platform/Developer/SDKs/MacOSX26.1.sdk/System/Library/Frameworks/IOKit.framework/Headers/graphics/IOGraphicsLib.h
/Applications/Xcode.app/Contents/Developer/Platforms/MacOSX.platform/Developer/SDKs/MacOSX26.1.sdk/System/Library/Frameworks/IOKit.framework/Headers/graphics/IOFramebufferShared.h
/Applications/Xcode.app/Contents/Developer/Platforms/MacOSX.platform/Developer/SDKs/MacOSX26.1.sdk/System/Library/Frameworks/IOKit.framework/Headers/hidsystem/IOHIDTypes.h
/Applications/Xcode.app/Contents/Developer/Platforms/MacOSX.platform/Developer/SDKs/MacOSX26.1.sdk/System/Library/Frameworks/IOKit.framework/Headers/graphics/IOGraphicsTypes.h
/Applications/Xcode.app/Contents/Developer/Platforms/MacOSX.platform/Developer/SDKs/MacOSX26.1.sdk/System/Library/Frameworks/IOKit.framework/Headers/graphics/IOGraphicsEngine.h
/Applications/Xcode.app/Contents/Developer/Platforms/MacOSX.platform/Developer/SDKs/MacOSX26.1.sdk/System/Library/Frameworks/IOKit.framework/Headers/hid/IOHIDBase.h
/Applications/Xcode.app/Contents/Developer/Platforms/MacOSX.platform/Developer/SDKs/MacOSX26.1.sdk/System/Library/Frameworks/IOKit.framework/Headers/hid/IOHIDKeys.h
/Applications/Xcode.app/Contents/Developer/Platforms/MacOSX.platform/Developer/SDKs/MacOSX26.1.sdk/System/Library/Frameworks/IOKit.framework/Headers/hidsystem/IOHIDParameter.h
/Applications/Xcode.app/Contents/Developer/Platforms/MacOSX.platform/Developer/SDKs/MacOSX26.1.sdk/System/Library/Frameworks/IOKit.framework/Headers/hidsystem/IOLLEvent.h
/Applications/Xcode.app/Contents/Developer/Platforms/MacOSX.platform/Developer/SDKs/MacOSX26.1.sdk/System/Library/Frameworks/IOKit.framework/Headers/hid/IOHIDProperties.h
/Applications/Xcode.app/Contents/Developer/Platforms/MacOSX.platform/Developer/SDKs/MacOSX26.1.sdk/System/Library/Frameworks/IOKit.framework/Headers/hid/IOHIDEventServiceKeys.h
/Applications/Xcode.app/Contents/Developer/Platforms/MacOSX.platform/Developer/SDKs/MacOSX26.1.sdk/System/Library/Frameworks/IOKit.framework/Headers/hid/IOHIDDeviceTypes.h
/Applications/Xcode.app/Contents/Developer/Platforms/MacOSX.platform/Developer/SDKs/MacOSX26.1.sdk/System/Library/Frameworks/IOKit.framework/Headers/hid/IOHIDDeviceKeys.h
/Applications/Xcode.app/Contents/Developer/Platforms/MacOSX.platform/Developer/SDKs/MacOSX26.1.sdk/System/Library/Frameworks/IOKit.framework/Headers/hid/IOHIDQueue.h
/Applications/Xcode.app/Contents/Developer/Platforms/MacOSX.platform/Developer/SDKs/MacOSX26.1.sdk/System/Library/Frameworks/IOKit.framework/Headers/hid/IOHIDDevice.h
/Applications/Xcode.app/Contents/Developer/Platforms/MacOSX.platform/Developer/SDKs/MacOSX26.1.sdk/System/Library/Frameworks/IOKit.framework/Headers/hid/IOHIDLib.h
/Applications/Xcode.app/Contents/Developer/Platforms/MacOSX.platform/Developer/SDKs/MacOSX26.1.sdk/System/Library/Frameworks/IOKit.framework/Headers/hid/IOHIDElement.h
/Applications/Xcode.app/Contents/Developer/Platforms/MacOSX.platform/Developer/SDKs/MacOSX26.1.sdk/System/Library/Frameworks/IOKit.framework/Headers/hid/IOHIDLibObsolete.h
/Applications/Xcode.app/Contents/Developer/Platforms/MacOSX.platform/Developer/SDKs/MacOSX26.1.sdk/System/Library/Frameworks/IOKit.framework/Headers/hid/IOHIDManager.h
/Applications/Xcode.app/Contents/Developer/Platforms/MacOSX.platform/Developer/SDKs/MacOSX26.1.sdk/System/Library/Frameworks/IOKit.framework/Headers/hid/IOHIDUsageTables.h
/Applications/Xcode.app/Contents/Developer/Platforms/MacOSX.platform/Developer/SDKs/MacOSX26.1.sdk/System/Library/Frameworks/IOKit.framework/Headers/hid/IOHIDValue.h
/Applications/Xcode.app/Contents/Developer/Platforms/MacOSX.platform/Developer/SDKs/MacOSX26.1.sdk/System/Library/Frameworks/IOKit.framework/Headers/hid/IOHIDTransaction.h
/Applications/Xcode.app/Contents/Developer/Platforms/MacOSX.platform/Developer/SDKs/MacOSX26.1.sdk/System/Library/Frameworks/IOKit.framework/Headers/hid/IOHIDDevicePlugIn.h
/Applications/Xcode.app/Contents/Developer/Platforms/MacOSX.platform/Developer/SDKs/MacOSX26.1.sdk/System/Library/Frameworks/IOKit.framework/Headers/hid/IOHIDEventServiceTypes.h
/Applications/Xcode.app/Contents/Developer/Platforms/MacOSX.platform/Developer/SDKs/MacOSX26.1.sdk/System/Library/Frameworks/IOKit.framework/Headers/hidsystem/IOHIDLib.h
/Applications/Xcode.app/Contents/Developer/Platforms/MacOSX.platform/Developer/SDKs/MacOSX26.1.sdk/System/Library/Frameworks/IOKit.framework/Headers/hidsystem/IOHIDShared.h
/Applications/Xcode.app/Contents/Developer/Platforms/MacOSX.platform/Developer/SDKs/MacOSX26.1.sdk/System/Library/Frameworks/IOKit.framework/Headers/hidsystem/event_status_driver.h
/Applications/Xcode.app/Contents/Developer/Platforms/MacOSX.platform/Developer/SDKs/MacOSX26.1.sdk/System/Library/Frameworks/IOKit.framework/Headers/hidsystem/ev_keymap.h
/Applications/Xcode.app/Contents/Developer/Platforms/MacOSX.platform/Developer/SDKs/MacOSX26.1.sdk/System/Library/Frameworks/IOKit.framework/Headers/hidsystem/IOHIDEventSystemClient.h
/Applications/Xcode.app/Contents/Developer/Platforms/MacOSX.platform/Developer/SDKs/MacOSX26.1.sdk/System/Library/Frameworks/IOKit.framework/Headers/hidsystem/IOHIDServiceClient.h
/Applications/Xcode.app/Contents/Developer/Platforms/MacOSX.platform/Developer/SDKs/MacOSX26.1.sdk/System/Library/Frameworks/IOKit.framework/Headers/hidsystem/IOHIDUserDevice.h
/Applications/Xcode.app/Contents/Developer/Platforms/MacOSX.platform/Developer/SDKs/MacOSX26.1.sdk/System/Library/Frameworks/IOKit.framework/Headers/i2c/IOI2CInterface.h
/Applications/Xcode.app/Contents/Developer/Platforms/MacOSX.platform/Developer/SDKs/MacOSX26.1.sdk/System/Library/Frameworks/IOKit.framework/Headers/kext/KextManager.h
/Applications/Xcode.app/Contents/Developer/Platforms/MacOSX.platform/Developer/SDKs/MacOSX26.1.sdk/System/Library/Frameworks/IOKit.framework/Headers/network/IOEthernetController.h
/Applications/Xcode.app/Contents/Developer/Platforms/MacOSX.platform/Developer/SDKs/MacOSX26.1.sdk/System/Library/Frameworks/IOKit.framework/Headers/network/IONetworkController.h
/Applications/Xcode.app/Contents/Developer/Platforms/MacOSX.platform/Developer/SDKs/MacOSX26.1.sdk/System/Library/Frameworks/IOKit.framework/Headers/network/IONetworkData.h
/Applications/Xcode.app/Contents/Developer/Platforms/MacOSX.platform/Developer/SDKs/MacOSX26.1.sdk/System/Library/Frameworks/IOKit.framework/Headers/network/IONetworkStack.h
/Applications/Xcode.app/Contents/Developer/Platforms/MacOSX.platform/Developer/SDKs/MacOSX26.1.sdk/System/Library/Frameworks/IOKit.framework/Headers/network/IOEthernetInterface.h
/Applications/Xcode.app/Contents/Developer/Platforms/MacOSX.platform/Developer/SDKs/MacOSX26.1.sdk/System/Library/Frameworks/IOKit.framework/Headers/network/IONetworkInterface.h
/Applications/Xcode.app/Contents/Developer/Platforms/MacOSX.platform/Developer/SDKs/MacOSX26.1.sdk/System/Library/Frameworks/IOKit.framework/Headers/network/IONetworkStats.h
/Applications/Xcode.app/Contents/Developer/Platforms/MacOSX.platform/Developer/SDKs/MacOSX26.1.sdk/System/Library/Frameworks/IOKit.framework/Headers/network/IOEthernetStats.h
/Applications/Xcode.app/Contents/Developer/Platforms/MacOSX.platform/Developer/SDKs/MacOSX26.1.sdk/System/Library/Frameworks/IOKit.framework/Headers/network/IONetworkLib.h
/Applications/Xcode.app/Contents/Developer/Platforms/MacOSX.platform/Developer/SDKs/MacOSX26.1.sdk/System/Library/Frameworks/IOKit.framework/Headers/network/IONetworkMedium.h
/Applications/Xcode.app/Contents/Developer/Platforms/MacOSX.platform/Developer/SDKs/MacOSX26.1.sdk/System/Library/Frameworks/IOKit.framework/Headers/network/IONetworkUserClient.h
/Applications/Xcode.app/Contents/Developer/Platforms/MacOSX.platform/Developer/SDKs/MacOSX26.1.sdk/System/Library/Frameworks/IOKit.framework/Headers/ps/IOPSKeys.h
/Applications/Xcode.app/Contents/Developer/Platforms/MacOSX.platform/Developer/SDKs/MacOSX26.1.sdk/System/Library/Frameworks/IOKit.framework/Headers/ps/IOPowerSources.h
/Applications/Xcode.app/Contents/Developer/Platforms/MacOSX.platform/Developer/SDKs/MacOSX26.1.sdk/System/Library/Frameworks/IOKit.framework/Headers/ps/IOUPSPlugIn.h
/Applications/Xcode.app/Contents/Developer/Platforms/MacOSX.platform/Developer/SDKs/MacOSX26.1.sdk/System/Library/Frameworks/IOKit.framework/Headers/pwr_mgt/IOPM.h
/Applications/Xcode.app/Contents/Developer/Platforms/MacOSX.platform/Developer/SDKs/MacOSX26.1.sdk/System/Library/Frameworks/IOKit.framework/Headers/pwr_mgt/IOPMKeys.h
/Applications/Xcode.app/Contents/Developer/Platforms/MacOSX.platform/Developer/SDKs/MacOSX26.1.sdk/System/Library/Frameworks/IOKit.framework/Headers/pwr_mgt/IOPMLib.h
/Applications/Xcode.app/Contents/Developer/Platforms/MacOSX.platform/Developer/SDKs/MacOSX26.1.sdk/System/Library/Frameworks/IOKit.framework/Headers/pwr_mgt/IOPMLibDefs.h
/Applications/Xcode.app/Contents/Developer/Platforms/MacOSX.platform/Developer/SDKs/MacOSX26.1.sdk/System/Library/Frameworks/IOKit.framework/Headers/sbp2/IOFireWireSBP2Lib.h
/Applications/Xcode.app/Contents/Developer/Platforms/MacOSX.platform/Developer/SDKs/MacOSX26.1.sdk/System/Library/Frameworks/IOKit.framework/Headers/scsi/IOSCSIMultimediaCommandsDevice.h
/Applications/Xcode.app/Contents/Developer/Platforms/MacOSX.platform/Developer/SDKs/MacOSX26.1.sdk/System/Library/Frameworks/IOKit.framework/Headers/storage/IOStorageDeviceCharacteristics.h
/Applications/Xcode.app/Contents/Developer/Platforms/MacOSX.platform/Developer/SDKs/MacOSX26.1.sdk/System/Library/Frameworks/IOKit.framework/Headers/storage/IOStorageProtocolCharacteristics.h
/Applications/Xcode.app/Contents/Developer/Platforms/MacOSX.platform/Developer/SDKs/MacOSX26.1.sdk/System/Library/Frameworks/IOKit.framework/Headers/storage/IOStorageControllerCharacteristics.h
/Applications/Xcode.app/Contents/Developer/Platforms/MacOSX.platform/Developer/SDKs/MacOSX26.1.sdk/System/Library/Frameworks/IOKit.framework/Headers/scsi/SCSICmds_REQUEST_SENSE_Defs.h
/Applications/Xcode.app/Contents/Developer/Platforms/MacOSX.platform/Developer/SDKs/MacOSX26.1.sdk/System/Library/Frameworks/IOKit.framework/Headers/scsi/SCSICmds_INQUIRY_Definitions.h
/Applications/Xcode.app/Contents/Developer/Platforms/MacOSX.platform/Developer/SDKs/MacOSX26.1.sdk/System/Library/Frameworks/IOKit.framework/Headers/scsi/SCSICommandDefinitions.h
/Applications/Xcode.app/Contents/Developer/Platforms/MacOSX.platform/Developer/SDKs/MacOSX26.1.sdk/System/Library/Frameworks/IOKit.framework/Headers/scsi/SCSICmds_MODE_Definitions.h
/Applications/Xcode.app/Contents/Developer/Platforms/MacOSX.platform/Developer/SDKs/MacOSX26.1.sdk/System/Library/Frameworks/IOKit.framework/Headers/scsi/SCSICommandOperationCodes.h
/Applications/Xcode.app/Contents/Developer/Platforms/MacOSX.platform/Developer/SDKs/MacOSX26.1.sdk/System/Library/Frameworks/IOKit.framework/Headers/scsi/SCSICmds_READ_CAPACITY_Definitions.h
/Applications/Xcode.app/Contents/Developer/Platforms/MacOSX.platform/Developer/SDKs/MacOSX26.1.sdk/System/Library/Frameworks/IOKit.framework/Headers/scsi/SCSITask.h
/Applications/Xcode.app/Contents/Developer/Platforms/MacOSX.platform/Developer/SDKs/MacOSX26.1.sdk/System/Library/Frameworks/IOKit.framework/Headers/scsi/SCSICmds_REPORT_LUNS_Definitions.h
/Applications/Xcode.app/Contents/Developer/Platforms/MacOSX.platform/Developer/SDKs/MacOSX26.1.sdk/System/Library/Frameworks/IOKit.framework/Headers/scsi/SCSITaskLib.h
/Applications/Xcode.app/Contents/Developer/Platforms/MacOSX.platform/Developer/SDKs/MacOSX26.1.sdk/System/Library/Frameworks/IOKit.framework/Headers/serial/IOSerialKeys.h
/Applications/Xcode.app/Contents/Developer/Platforms/MacOSX.platform/Developer/SDKs/MacOSX26.1.sdk/System/Library/Frameworks/IOKit.framework/Headers/serial/ioss.h
/Applications/Xcode.app/Contents/Developer/Platforms/MacOSX.platform/Developer/SDKs/MacOSX26.1.sdk/System/Library/Frameworks/IOKit.framework/Headers/storage/IOAppleLabelScheme.h
/Applications/Xcode.app/Contents/Developer/Platforms/MacOSX.platform/Developer/SDKs/MacOSX26.1.sdk/System/Library/Frameworks/IOKit.framework/Headers/storage/IODVDMediaBSDClient.h
/Applications/Xcode.app/Contents/Developer/Platforms/MacOSX.platform/Developer/SDKs/MacOSX26.1.sdk/System/Library/Frameworks/IOKit.framework/Headers/storage/IODVDTypes.h
/Applications/Xcode.app/Contents/Developer/Platforms/MacOSX.platform/Developer/SDKs/MacOSX26.1.sdk/System/Library/Frameworks/IOKit.framework/Headers/storage/IOApplePartitionScheme.h
/Applications/Xcode.app/Contents/Developer/Platforms/MacOSX.platform/Developer/SDKs/MacOSX26.1.sdk/System/Library/Frameworks/IOKit.framework/Headers/storage/IOBDBlockStorageDevice.h
/Applications/Xcode.app/Contents/Developer/Platforms/MacOSX.platform/Developer/SDKs/MacOSX26.1.sdk/System/Library/Frameworks/IOKit.framework/Headers/storage/IOBDTypes.h
/Applications/Xcode.app/Contents/Developer/Platforms/MacOSX.platform/Developer/SDKs/MacOSX26.1.sdk/System/Library/Frameworks/IOKit.framework/Headers/storage/IOFDiskPartitionScheme.h
/Applications/Xcode.app/Contents/Developer/Platforms/MacOSX.platform/Developer/SDKs/MacOSX26.1.sdk/System/Library/Frameworks/IOKit.framework/Headers/storage/IOBDMedia.h
/Applications/Xcode.app/Contents/Developer/Platforms/MacOSX.platform/Developer/SDKs/MacOSX26.1.sdk/System/Library/Frameworks/IOKit.framework/Headers/storage/IOFilterScheme.h
/Applications/Xcode.app/Contents/Developer/Platforms/MacOSX.platform/Developer/SDKs/MacOSX26.1.sdk/System/Library/Frameworks/IOKit.framework/Headers/storage/IOBDMediaBSDClient.h
/Applications/Xcode.app/Contents/Developer/Platforms/MacOSX.platform/Developer/SDKs/MacOSX26.1.sdk/System/Library/Frameworks/IOKit.framework/Headers/storage/IOFireWireStorageCharacteristics.h
/Applications/Xcode.app/Contents/Developer/Platforms/MacOSX.platform/Developer/SDKs/MacOSX26.1.sdk/System/Library/Frameworks/IOKit.framework/Headers/storage/IOGUIDPartitionScheme.h
/Applications/Xcode.app/Contents/Developer/Platforms/MacOSX.platform/Developer/SDKs/MacOSX26.1.sdk/System/Library/Frameworks/IOKit.framework/Headers/storage/IOBlockStorageDevice.h
/Applications/Xcode.app/Contents/Developer/Platforms/MacOSX.platform/Developer/SDKs/MacOSX26.1.sdk/System/Library/Frameworks/IOKit.framework/Headers/storage/IOMedia.h
/Applications/Xcode.app/Contents/Developer/Platforms/MacOSX.platform/Developer/SDKs/MacOSX26.1.sdk/System/Library/Frameworks/IOKit.framework/Headers/storage/IOBlockStorageDriver.h
/Applications/Xcode.app/Contents/Developer/Platforms/MacOSX.platform/Developer/SDKs/MacOSX26.1.sdk/System/Library/Frameworks/IOKit.framework/Headers/storage/IOMediaBSDClient.h
/Applications/Xcode.app/Contents/Developer/Platforms/MacOSX.platform/Developer/SDKs/MacOSX26.1.sdk/System/Library/Frameworks/IOKit.framework/Headers/storage/IOCDBlockStorageDevice.h
/Applications/Xcode.app/Contents/Developer/Platforms/MacOSX.platform/Developer/SDKs/MacOSX26.1.sdk/System/Library/Frameworks/IOKit.framework/Headers/storage/IOCDTypes.h
/Applications/Xcode.app/Contents/Developer/Platforms/MacOSX.platform/Developer/SDKs/MacOSX26.1.sdk/System/Library/Frameworks/IOKit.framework/Headers/storage/IOPartitionScheme.h
/Applications/Xcode.app/Contents/Developer/Platforms/MacOSX.platform/Developer/SDKs/MacOSX26.1.sdk/System/Library/Frameworks/IOKit.framework/Headers/storage/IOCDMedia.h
/Applications/Xcode.app/Contents/Developer/Platforms/MacOSX.platform/Developer/SDKs/MacOSX26.1.sdk/System/Library/Frameworks/IOKit.framework/Headers/storage/IOStorage.h
/Applications/Xcode.app/Contents/Developer/Platforms/MacOSX.platform/Developer/SDKs/MacOSX26.1.sdk/System/Library/Frameworks/IOKit.framework/Headers/storage/IOCDMediaBSDClient.h
/Applications/Xcode.app/Contents/Developer/Platforms/MacOSX.platform/Developer/SDKs/MacOSX26.1.sdk/System/Library/Frameworks/IOKit.framework/Headers/storage/IOStorageCardCharacteristics.h
/Applications/Xcode.app/Contents/Developer/Platforms/MacOSX.platform/Developer/SDKs/MacOSX26.1.sdk/System/Library/Frameworks/IOKit.framework/Headers/storage/IOCDPartitionScheme.h
/Applications/Xcode.app/Contents/Developer/Platforms/MacOSX.platform/Developer/SDKs/MacOSX26.1.sdk/System/Library/Frameworks/IOKit.framework/Headers/storage/IODVDBlockStorageDevice.h
/Applications/Xcode.app/Contents/Developer/Platforms/MacOSX.platform/Developer/SDKs/MacOSX26.1.sdk/System/Library/Frameworks/IOKit.framework/Headers/storage/IODVDMedia.h
/Applications/Xcode.app/Contents/Developer/Platforms/MacOSX.platform/Developer/SDKs/MacOSX26.1.sdk/System/Library/Frameworks/IOKit.framework/Headers/storage/ata/ATASMARTLib.h
/Applications/Xcode.app/Contents/Developer/Platforms/MacOSX.platform/Developer/SDKs/MacOSX26.1.sdk/System/Library/Frameworks/IOKit.framework/Headers/storage/ata/IOATAStorageDefines.h
/Applications/Xcode.app/Contents/Developer/Platforms/MacOSX.platform/Developer/SDKs/MacOSX26.1.sdk/System/Library/Frameworks/IOKit.framework/Headers/stream/IOStreamLib.h
/Applications/Xcode.app/Contents/Developer/Platforms/MacOSX.platform/Developer/SDKs/MacOSX26.1.sdk/System/Library/Frameworks/IOKit.framework/Headers/stream/IOStreamShared.h
/Applications/Xcode.app/Contents/Developer/Platforms/MacOSX.platform/Developer/SDKs/MacOSX26.1.sdk/System/Library/Frameworks/IOKit.framework/Headers/usb/AppleUSBDefinitions.h
/Applications/Xcode.app/Contents/Developer/Platforms/MacOSX.platform/Developer/SDKs/MacOSX26.1.sdk/System/Library/Frameworks/IOKit.framework/Headers/usb/IOUSBHostFamilyDefinitions.h
/Applications/Xcode.app/Contents/Developer/Platforms/MacOSX.platform/Developer/SDKs/MacOSX26.1.sdk/System/Library/Frameworks/IOKit.framework/Headers/usb/IOUSBLib.h
/Applications/Xcode.app/Contents/Developer/Platforms/MacOSX.platform/Developer/SDKs/MacOSX26.1.sdk/System/Library/Frameworks/IOKit.framework/Headers/usb/USB.h
/Applications/Xcode.app/Contents/Developer/Platforms/MacOSX.platform/Developer/SDKs/MacOSX26.1.sdk/System/Library/Frameworks/IOKit.framework/Headers/usb/USBSpec.h
/Applications/Xcode.app/Contents/Developer/Platforms/MacOSX.platform/Developer/SDKs/MacOSX26.1.sdk/SDKSettings.json
/Applications/Xcode.app/Contents/Developer/Platforms/MacOSX.platform/Developer/SDKs/MacOSX26.1.sdk/System/Library/Frameworks/JavaScriptCore.framework/Modules/module.modulemap
/Applications/Xcode.app/Contents/Developer/Platforms/MacOSX.platform/Developer/SDKs/MacOSX26.1.sdk/System/Library/Frameworks/JavaScriptCore.framework/Headers/JavaScriptCore.h
/Applications/Xcode.app/Contents/Developer/Platforms/MacOSX.platform/Developer/SDKs/MacOSX26.1.sdk/System/Library/Frameworks/JavaScriptCore.framework/Headers/JavaScript.h
/Applications/Xcode.app/Contents/Developer/Platforms/MacOSX.platform/Developer/SDKs/MacOSX26.1.sdk/System/Library/Frameworks/JavaScriptCore.framework/Headers/JSBase.h
/Applications/Xcode.app/Contents/Developer/Toolchains/XcodeDefault.xctoolchain/usr/lib/swift/clang/include/module.modulemap
/Applications/Xcode.app/Contents/Developer/Platforms/MacOSX.platform/Developer/SDKs/MacOSX26.1.sdk/System/Library/Frameworks/Foundation.framework/Modules/module.modulemap
/Applications/Xcode.app/Contents/Developer/Platforms/MacOSX.platform/Developer/SDKs/MacOSX26.1.sdk/System/Library/Frameworks/JavaScriptCore.framework/Headers/JSContextRef.h
/Applications/Xcode.app/Contents/Developer/Platforms/MacOSX.platform/Developer/SDKs/MacOSX26.1.sdk/System/Library/Frameworks/JavaScriptCore.framework/Headers/JSObjectRef.h
/Applications/Xcode.app/Contents/Developer/Platforms/MacOSX.platform/Developer/SDKs/MacOSX26.1.sdk/System/Library/Frameworks/JavaScriptCore.framework/Headers/JSValueRef.h
/Applications/Xcode.app/Contents/Developer/Platforms/MacOSX.platform/Developer/SDKs/MacOSX26.1.sdk/System/Library/Frameworks/JavaScriptCore.framework/Headers/WebKitAvailability.h
/Applications/Xcode.app/Contents/Developer/Platforms/MacOSX.platform/Developer/SDKs/MacOSX26.1.sdk/usr/include/DarwinFoundation1.modulemap
/Applications/Xcode.app/Contents/Developer/Platforms/MacOSX.platform/Developer/SDKs/MacOSX26.1.sdk/System/Library/Frameworks/CoreFoundation.framework/Modules/module.modulemap
/Applications/Xcode.app/Contents/Developer/Toolchains/XcodeDefault.xctoolchain/usr/lib/swift/clang/include/stddef.h
/Applications/Xcode.app/Contents/Developer/Platforms/MacOSX.platform/Developer/SDKs/MacOSX26.1.sdk/System/Library/Frameworks/JavaScriptCore.framework/Headers/JSStringRef.h
/Applications/Xcode.app/Contents/Developer/Platforms/MacOSX.platform/Developer/SDKs/MacOSX26.1.sdk/System/Library/Frameworks/JavaScriptCore.framework/Headers/JSTypedArray.h
/Applications/Xcode.app/Contents/Developer/Platforms/MacOSX.platform/Developer/SDKs/MacOSX26.1.sdk/System/Library/Frameworks/JavaScriptCore.framework/Headers/JSStringRefCF.h
/Applications/Xcode.app/Contents/Developer/Platforms/MacOSX.platform/Developer/SDKs/MacOSX26.1.sdk/System/Library/Frameworks/JavaScriptCore.framework/Headers/JSContext.h
/Applications/Xcode.app/Contents/Developer/Platforms/MacOSX.platform/Developer/SDKs/MacOSX26.1.sdk/System/Library/Frameworks/JavaScriptCore.framework/Headers/JSValue.h
/Applications/Xcode.app/Contents/Developer/Platforms/MacOSX.platform/Developer/SDKs/MacOSX26.1.sdk/System/Library/Frameworks/CoreGraphics.framework/Modules/module.modulemap
/Applications/Xcode.app/Contents/Developer/Platforms/MacOSX.platform/Developer/SDKs/MacOSX26.1.sdk/System/Library/Frameworks/JavaScriptCore.framework/Headers/JSManagedValue.h
/Applications/Xcode.app/Contents/Developer/Platforms/MacOSX.platform/Developer/SDKs/MacOSX26.1.sdk/System/Library/Frameworks/JavaScriptCore.framework/Headers/JSVirtualMachine.h
/Applications/Xcode.app/Contents/Developer/Platforms/MacOSX.platform/Developer/SDKs/MacOSX26.1.sdk/System/Library/Frameworks/JavaScriptCore.framework/Headers/JSExport.h
/Applications/Xcode.app/Contents/Developer/Platforms/MacOSX.platform/Developer/SDKs/MacOSX26.1.sdk/SDKSettings.json
/Applications/Xcode.app/Contents/Developer/Platforms/MacOSX.platform/Developer/SDKs/MacOSX26.1.sdk/usr/include/DarwinBasic.modulemap
/Applications/Xcode.app/Contents/Developer/Platforms/MacOSX.platform/Developer/SDKs/MacOSX26.1.sdk/usr/include/Darwin.modulemap
/Applications/Xcode.app/Contents/Developer/Platforms/MacOSX.platform/Developer/SDKs/MacOSX26.1.sdk/usr/include/Darwin_C.modulemap
/Applications/Xcode.app/Contents/Developer/Platforms/MacOSX.platform/Developer/SDKs/MacOSX26.1.sdk/usr/include/Darwin_POSIX.modulemap
/Applications/Xcode.app/Contents/Developer/Platforms/MacOSX.platform/Developer/SDKs/MacOSX26.1.sdk/usr/include/net.modulemap
/Applications/Xcode.app/Contents/Developer/Platforms/MacOSX.platform/Developer/SDKs/MacOSX26.1.sdk/usr/include/netinet.modulemap
/Applications/Xcode.app/Contents/Developer/Platforms/MacOSX.platform/Developer/SDKs/MacOSX26.1.sdk/usr/include/bank.modulemap
/Applications/Xcode.app/Contents/Developer/Platforms/MacOSX.platform/Developer/SDKs/MacOSX26.1.sdk/usr/include/Darwin_Mach.modulemap
/Applications/Xcode.app/Contents/Developer/Platforms/MacOSX.platform/Developer/SDKs/MacOSX26.1.sdk/usr/include/Darwin_Mach_machine.modulemap
/Applications/Xcode.app/Contents/Developer/Platforms/MacOSX.platform/Developer/SDKs/MacOSX26.1.sdk/usr/include/mach_debug.modulemap
/Applications/Xcode.app/Contents/Developer/Platforms/MacOSX.platform/Developer/SDKs/MacOSX26.1.sdk/usr/include/device.modulemap
/Applications/Xcode.app/Contents/Developer/Platforms/MacOSX.platform/Developer/SDKs/MacOSX26.1.sdk/usr/include/Darwin_machine.modulemap
/Applications/Xcode.app/Contents/Developer/Platforms/MacOSX.platform/Developer/SDKs/MacOSX26.1.sdk/usr/include/ncurses.modulemap
/Applications/Xcode.app/Contents/Developer/Platforms/MacOSX.platform/Developer/SDKs/MacOSX26.1.sdk/usr/include/netinet6.modulemap
/Applications/Xcode.app/Contents/Developer/Platforms/MacOSX.platform/Developer/SDKs/MacOSX26.1.sdk/usr/include/Darwin_sys.modulemap
/Applications/Xcode.app/Contents/Developer/Platforms/MacOSX.platform/Developer/SDKs/MacOSX26.1.sdk/usr/include/uuid.modulemap
/Applications/Xcode.app/Contents/Developer/Platforms/MacOSX.platform/Developer/SDKs/MacOSX26.1.sdk/usr/include/DarwinFoundation2.modulemap
/Applications/Xcode.app/Contents/Developer/Platforms/MacOSX.platform/Developer/SDKs/MacOSX26.1.sdk/usr/include/DarwinFoundation3.modulemap
/Applications/Xcode.app/Contents/Developer/Platforms/MacOSX.platform/Developer/SDKs/MacOSX26.1.sdk/usr/include/DarwinFoundation1.modulemap
/Applications/Xcode.app/Contents/Developer/Platforms/MacOSX.platform/Developer/SDKs/MacOSX26.1.sdk/usr/include/mach-o/arch.h
/Applications/Xcode.app/Contents/Developer/Toolchains/XcodeDefault.xctoolchain/usr/lib/swift/clang/include/module.modulemap
/Applications/Xcode.app/Contents/Developer/Platforms/MacOSX.platform/Developer/SDKs/MacOSX26.1.sdk/usr/include/mach-o/arm/reloc.h
/Applications/Xcode.app/Contents/Developer/Platforms/MacOSX.platform/Developer/SDKs/MacOSX26.1.sdk/usr/include/mach-o/arm64/reloc.h
/Applications/Xcode.app/Contents/Developer/Platforms/MacOSX.platform/Developer/SDKs/MacOSX26.1.sdk/usr/include/mach-o/compact_unwind_encoding.h
/Applications/Xcode.app/Contents/Developer/Platforms/MacOSX.platform/Developer/SDKs/MacOSX26.1.sdk/usr/include/mach-o/dyld.h
/Applications/Xcode.app/Contents/Developer/Toolchains/XcodeDefault.xctoolchain/usr/lib/swift/clang/include/stddef.h
/Applications/Xcode.app/Contents/Developer/Platforms/MacOSX.platform/Developer/SDKs/MacOSX26.1.sdk/usr/include/mach-o/loader.h
/Applications/Xcode.app/Contents/Developer/Platforms/MacOSX.platform/Developer/SDKs/MacOSX26.1.sdk/usr/include/mach-o/dyld_images.h
/Applications/Xcode.app/Contents/Developer/Platforms/MacOSX.platform/Developer/SDKs/MacOSX26.1.sdk/usr/include/mach-o/fat.h
/Applications/Xcode.app/Contents/Developer/Platforms/MacOSX.platform/Developer/SDKs/MacOSX26.1.sdk/usr/include/mach-o/fixup-chains.h
/Applications/Xcode.app/Contents/Developer/Platforms/MacOSX.platform/Developer/SDKs/MacOSX26.1.sdk/usr/include/mach-o/getsect.h
/Applications/Xcode.app/Contents/Developer/Platforms/MacOSX.platform/Developer/SDKs/MacOSX26.1.sdk/usr/include/mach-o/ldsyms.h
/Applications/Xcode.app/Contents/Developer/Platforms/MacOSX.platform/Developer/SDKs/MacOSX26.1.sdk/usr/include/mach-o/nlist.h
/Applications/Xcode.app/Contents/Developer/Platforms/MacOSX.platform/Developer/SDKs/MacOSX26.1.sdk/usr/include/mach-o/ranlib.h
/Applications/Xcode.app/Contents/Developer/Platforms/MacOSX.platform/Developer/SDKs/MacOSX26.1.sdk/usr/include/mach-o/reloc.h
/Applications/Xcode.app/Contents/Developer/Platforms/MacOSX.platform/Developer/SDKs/MacOSX26.1.sdk/usr/include/mach-o/stab.h
/Applications/Xcode.app/Contents/Developer/Platforms/MacOSX.platform/Developer/SDKs/MacOSX26.1.sdk/usr/include/mach-o/swap.h
/Applications/Xcode.app/Contents/Developer/Platforms/MacOSX.platform/Developer/SDKs/MacOSX26.1.sdk/usr/include/mach-o/utils.h
/Applications/Xcode.app/Contents/Developer/Platforms/MacOSX.platform/Developer/SDKs/MacOSX26.1.sdk/usr/include/mach-o/x86_64/reloc.h
/Applications/Xcode.app/Contents/Developer/Platforms/MacOSX.platform/Developer/SDKs/MacOSX26.1.sdk/SDKSettings.json
/Applications/Xcode.app/Contents/Developer/Toolchains/XcodeDefault.xctoolchain/usr/lib/swift/macosx/prebuilt-modules/26.1/ObjectiveC.swiftmodule/arm64e-apple-macos.swiftmodule
/Applications/Xcode.app/Contents/Developer/Platforms/MacOSX.platform/Developer/SDKs/MacOSX26.1.sdk/usr/include/ObjectiveC.apinotes
/Applications/Xcode.app/Contents/Developer/Platforms/MacOSX.platform/Developer/SDKs/MacOSX26.1.sdk/usr/include/DarwinBasic.modulemap
/Applications/Xcode.app/Contents/Developer/Platforms/MacOSX.platform/Developer/SDKs/MacOSX26.1.sdk/usr/include/ObjectiveC.modulemap
/Applications/Xcode.app/Contents/Developer/Platforms/MacOSX.platform/Developer/SDKs/MacOSX26.1.sdk/usr/include/Darwin.modulemap
/Applications/Xcode.app/Contents/Developer/Platforms/MacOSX.platform/Developer/SDKs/MacOSX26.1.sdk/usr/include/Darwin_C.modulemap
/Applications/Xcode.app/Contents/Developer/Platforms/MacOSX.platform/Developer/SDKs/MacOSX26.1.sdk/usr/include/Darwin_POSIX.modulemap
/Applications/Xcode.app/Contents/Developer/Platforms/MacOSX.platform/Developer/SDKs/MacOSX26.1.sdk/usr/include/net.modulemap
/Applications/Xcode.app/Contents/Developer/Platforms/MacOSX.platform/Developer/SDKs/MacOSX26.1.sdk/usr/include/netinet.modulemap
/Applications/Xcode.app/Contents/Developer/Platforms/MacOSX.platform/Developer/SDKs/MacOSX26.1.sdk/usr/include/bank.modulemap
/Applications/Xcode.app/Contents/Developer/Platforms/MacOSX.platform/Developer/SDKs/MacOSX26.1.sdk/usr/include/Darwin_Mach.modulemap
/Applications/Xcode.app/Contents/Developer/Platforms/MacOSX.platform/Developer/SDKs/MacOSX26.1.sdk/usr/include/Darwin_Mach_machine.modulemap
/Applications/Xcode.app/Contents/Developer/Platforms/MacOSX.platform/Developer/SDKs/MacOSX26.1.sdk/usr/include/mach_debug.modulemap
/Applications/Xcode.app/Contents/Developer/Platforms/MacOSX.platform/Developer/SDKs/MacOSX26.1.sdk/usr/include/device.modulemap
/Applications/Xcode.app/Contents/Developer/Platforms/MacOSX.platform/Developer/SDKs/MacOSX26.1.sdk/usr/include/Darwin_machine.modulemap
/Applications/Xcode.app/Contents/Developer/Platforms/MacOSX.platform/Developer/SDKs/MacOSX26.1.sdk/usr/include/ncurses.modulemap
/Applications/Xcode.app/Contents/Developer/Platforms/MacOSX.platform/Developer/SDKs/MacOSX26.1.sdk/usr/include/netinet6.modulemap
/Applications/Xcode.app/Contents/Developer/Platforms/MacOSX.platform/Developer/SDKs/MacOSX26.1.sdk/usr/include/Darwin_sys.modulemap
/Applications/Xcode.app/Contents/Developer/Platforms/MacOSX.platform/Developer/SDKs/MacOSX26.1.sdk/usr/include/uuid.modulemap
/Applications/Xcode.app/Contents/Developer/Platforms/MacOSX.platform/Developer/SDKs/MacOSX26.1.sdk/usr/include/DarwinFoundation2.modulemap
/Applications/Xcode.app/Contents/Developer/Platforms/MacOSX.platform/Developer/SDKs/MacOSX26.1.sdk/usr/include/DarwinFoundation3.modulemap
/Applications/Xcode.app/Contents/Developer/Platforms/MacOSX.platform/Developer/SDKs/MacOSX26.1.sdk/usr/include/DarwinFoundation1.modulemap
/Applications/Xcode.app/Contents/Developer/Platforms/MacOSX.platform/Developer/SDKs/MacOSX26.1.sdk/usr/include/objc/List.h
/Applications/Xcode.app/Contents/Developer/Platforms/MacOSX.platform/Developer/SDKs/MacOSX26.1.sdk/usr/include/objc/NSObjCRuntime.h
/Applications/Xcode.app/Contents/Developer/Toolchains/XcodeDefault.xctoolchain/usr/lib/swift/clang/include/module.modulemap
/Applications/Xcode.app/Contents/Developer/Platforms/MacOSX.platform/Developer/SDKs/MacOSX26.1.sdk/usr/include/objc/objc.h
/Applications/Xcode.app/Contents/Developer/Platforms/MacOSX.platform/Developer/SDKs/MacOSX26.1.sdk/usr/include/stdlib.h
/Applications/Xcode.app/Contents/Developer/Platforms/MacOSX.platform/Developer/SDKs/MacOSX26.1.sdk/usr/include/objc/objc-api.h
/Applications/Xcode.app/Contents/Developer/Toolchains/XcodeDefault.xctoolchain/usr/lib/swift/clang/include/stddef.h
/Applications/Xcode.app/Contents/Developer/Platforms/MacOSX.platform/Developer/SDKs/MacOSX26.1.sdk/usr/include/objc/NSObject.h
/Applications/Xcode.app/Contents/Developer/Platforms/MacOSX.platform/Developer/SDKs/MacOSX26.1.sdk/usr/include/objc/Object.h
/Applications/Xcode.app/Contents/Developer/Toolchains/XcodeDefault.xctoolchain/usr/lib/swift/clang/include/stdarg.h
/Applications/Xcode.app/Contents/Developer/Platforms/MacOSX.platform/Developer/SDKs/MacOSX26.1.sdk/usr/include/objc/objc-runtime.h
/Applications/Xcode.app/Contents/Developer/Platforms/MacOSX.platform/Developer/SDKs/MacOSX26.1.sdk/usr/include/objc/runtime.h
/Applications/Xcode.app/Contents/Developer/Platforms/MacOSX.platform/Developer/SDKs/MacOSX26.1.sdk/usr/include/objc/message.h
/Applications/Xcode.app/Contents/Developer/Platforms/MacOSX.platform/Developer/SDKs/MacOSX26.1.sdk/usr/include/objc/Protocol.h
/Applications/Xcode.app/Contents/Developer/Platforms/MacOSX.platform/Developer/SDKs/MacOSX26.1.sdk/usr/include/objc/hashtable.h
/Applications/Xcode.app/Contents/Developer/Platforms/MacOSX.platform/Developer/SDKs/MacOSX26.1.sdk/usr/include/objc/hashtable2.h
/Applications/Xcode.app/Contents/Developer/Platforms/MacOSX.platform/Developer/SDKs/MacOSX26.1.sdk/usr/include/objc/objc-auto.h
/Applications/Xcode.app/Contents/Developer/Platforms/MacOSX.platform/Developer/SDKs/MacOSX26.1.sdk/usr/include/string.h
/Applications/Xcode.app/Contents/Developer/Platforms/MacOSX.platform/Developer/SDKs/MacOSX26.1.sdk/usr/include/objc/objc-class.h
/Applications/Xcode.app/Contents/Developer/Platforms/MacOSX.platform/Developer/SDKs/MacOSX26.1.sdk/usr/include/objc/objc-exception.h
/Applications/Xcode.app/Contents/Developer/Platforms/MacOSX.platform/Developer/SDKs/MacOSX26.1.sdk/usr/include/objc/objc-load.h
/Applications/Xcode.app/Contents/Developer/Platforms/MacOSX.platform/Developer/SDKs/MacOSX26.1.sdk/usr/include/objc/objc-sync.h
/Applications/Xcode.app/Contents/Developer/Platforms/MacOSX.platform/Developer/SDKs/MacOSX26.1.sdk/SDKSettings.json
/Applications/Xcode.app/Contents/Developer/Toolchains/XcodeDefault.xctoolchain/usr/lib/swift/macosx/prebuilt-modules/26.1/Observation.swiftmodule/arm64e-apple-macos.swiftmodule
/Applications/Xcode.app/Contents/Developer/Platforms/MacOSX.platform/Developer/SDKs/MacOSX26.1.sdk/System/Library/Frameworks/Security.framework/Headers/Security.apinotes
/Applications/Xcode.app/Contents/Developer/Platforms/MacOSX.platform/Developer/SDKs/MacOSX26.1.sdk/System/Library/Frameworks/Security.framework/Modules/module.modulemap
/Applications/Xcode.app/Contents/Developer/Platforms/MacOSX.platform/Developer/SDKs/MacOSX26.1.sdk/System/Library/Frameworks/Security.framework/Headers/Security.h
/Applications/Xcode.app/Contents/Developer/Platforms/MacOSX.platform/Developer/SDKs/MacOSX26.1.sdk/System/Library/Frameworks/Security.framework/Headers/SecBase.h
/Applications/Xcode.app/Contents/Developer/Platforms/MacOSX.platform/Developer/SDKs/MacOSX26.1.sdk/usr/include/xpc.modulemap
/Applications/Xcode.app/Contents/Developer/Platforms/MacOSX.platform/Developer/SDKs/MacOSX26.1.sdk/usr/include/dispatch.modulemap
/Applications/Xcode.app/Contents/Developer/Platforms/MacOSX.platform/Developer/SDKs/MacOSX26.1.sdk/usr/include/os.modulemap
/Applications/Xcode.app/Contents/Developer/Platforms/MacOSX.platform/Developer/SDKs/MacOSX26.1.sdk/usr/include/Darwin.modulemap
/Applications/Xcode.app/Contents/Developer/Platforms/MacOSX.platform/Developer/SDKs/MacOSX26.1.sdk/usr/include/Darwin_C.modulemap
/Applications/Xcode.app/Contents/Developer/Platforms/MacOSX.platform/Developer/SDKs/MacOSX26.1.sdk/usr/include/Darwin_POSIX.modulemap
/Applications/Xcode.app/Contents/Developer/Platforms/MacOSX.platform/Developer/SDKs/MacOSX26.1.sdk/usr/include/net.modulemap
/Applications/Xcode.app/Contents/Developer/Platforms/MacOSX.platform/Developer/SDKs/MacOSX26.1.sdk/usr/include/netinet.modulemap
/Applications/Xcode.app/Contents/Developer/Platforms/MacOSX.platform/Developer/SDKs/MacOSX26.1.sdk/usr/include/bank.modulemap
/Applications/Xcode.app/Contents/Developer/Platforms/MacOSX.platform/Developer/SDKs/MacOSX26.1.sdk/usr/include/Darwin_Mach.modulemap
/Applications/Xcode.app/Contents/Developer/Platforms/MacOSX.platform/Developer/SDKs/MacOSX26.1.sdk/usr/include/Darwin_Mach_machine.modulemap
/Applications/Xcode.app/Contents/Developer/Platforms/MacOSX.platform/Developer/SDKs/MacOSX26.1.sdk/usr/include/mach_debug.modulemap
/Applications/Xcode.app/Contents/Developer/Platforms/MacOSX.platform/Developer/SDKs/MacOSX26.1.sdk/usr/include/device.modulemap
/Applications/Xcode.app/Contents/Developer/Platforms/MacOSX.platform/Developer/SDKs/MacOSX26.1.sdk/usr/include/Darwin_machine.modulemap
/Applications/Xcode.app/Contents/Developer/Platforms/MacOSX.platform/Developer/SDKs/MacOSX26.1.sdk/usr/include/ncurses.modulemap
/Applications/Xcode.app/Contents/Developer/Platforms/MacOSX.platform/Developer/SDKs/MacOSX26.1.sdk/usr/include/netinet6.modulemap
/Applications/Xcode.app/Contents/Developer/Platforms/MacOSX.platform/Developer/SDKs/MacOSX26.1.sdk/usr/include/Darwin_sys.modulemap
/Applications/Xcode.app/Contents/Developer/Platforms/MacOSX.platform/Developer/SDKs/MacOSX26.1.sdk/usr/include/uuid.modulemap
/Applications/Xcode.app/Contents/Developer/Platforms/MacOSX.platform/Developer/SDKs/MacOSX26.1.sdk/usr/include/DarwinFoundation2.modulemap
/Applications/Xcode.app/Contents/Developer/Platforms/MacOSX.platform/Developer/SDKs/MacOSX26.1.sdk/usr/include/DarwinFoundation3.modulemap
/Applications/Xcode.app/Contents/Developer/Platforms/MacOSX.platform/Developer/SDKs/MacOSX26.1.sdk/usr/include/DarwinFoundation1.modulemap
/Applications/Xcode.app/Contents/Developer/Platforms/MacOSX.platform/Developer/SDKs/MacOSX26.1.sdk/System/Library/Frameworks/CoreFoundation.framework/Modules/module.modulemap
/Applications/Xcode.app/Contents/Developer/Platforms/MacOSX.platform/Developer/SDKs/MacOSX26.1.sdk/System/Library/Frameworks/Security.framework/Headers/SecCertificate.h
/Applications/Xcode.app/Contents/Developer/Platforms/MacOSX.platform/Developer/SDKs/MacOSX26.1.sdk/System/Library/Frameworks/Security.framework/Headers/cssmtype.h
/Applications/Xcode.app/Contents/Developer/Platforms/MacOSX.platform/Developer/SDKs/MacOSX26.1.sdk/System/Library/Frameworks/Security.framework/Headers/cssmconfig.h
/Applications/Xcode.app/Contents/Developer/Toolchains/XcodeDefault.xctoolchain/usr/lib/swift/clang/include/module.modulemap
/Applications/Xcode.app/Contents/Developer/Platforms/MacOSX.platform/Developer/SDKs/MacOSX26.1.sdk/System/Library/Frameworks/Security.framework/Headers/SecAsn1Types.h
/Applications/Xcode.app/Contents/Developer/Platforms/MacOSX.platform/Developer/SDKs/MacOSX26.1.sdk/System/Library/Frameworks/Security.framework/Headers/x509defs.h
/Applications/Xcode.app/Contents/Developer/Platforms/MacOSX.platform/Developer/SDKs/MacOSX26.1.sdk/System/Library/Frameworks/Security.framework/Headers/SecIdentity.h
/Applications/Xcode.app/Contents/Developer/Platforms/MacOSX.platform/Developer/SDKs/MacOSX26.1.sdk/System/Library/Frameworks/Security.framework/Headers/SecAccessControl.h
/Applications/Xcode.app/Contents/Developer/Platforms/MacOSX.platform/Developer/SDKs/MacOSX26.1.sdk/System/Library/Frameworks/Security.framework/Headers/SecItem.h
/Applications/Xcode.app/Contents/Developer/Platforms/MacOSX.platform/Developer/SDKs/MacOSX26.1.sdk/System/Library/Frameworks/Security.framework/Headers/SecKey.h
/Applications/Xcode.app/Contents/Developer/Platforms/MacOSX.platform/Developer/SDKs/MacOSX26.1.sdk/System/Library/Frameworks/Security.framework/Headers/SecAccess.h
/Applications/Xcode.app/Contents/Developer/Platforms/MacOSX.platform/Developer/SDKs/MacOSX26.1.sdk/System/Library/Frameworks/Security.framework/Headers/SecPolicy.h
/Applications/Xcode.app/Contents/Developer/Platforms/MacOSX.platform/Developer/SDKs/MacOSX26.1.sdk/System/Library/Frameworks/Security.framework/Headers/SecRandom.h
/Applications/Xcode.app/Contents/Developer/Platforms/MacOSX.platform/Developer/SDKs/MacOSX26.1.sdk/System/Library/Frameworks/Security.framework/Headers/SecImportExport.h
/Applications/Xcode.app/Contents/Developer/Platforms/MacOSX.platform/Developer/SDKs/MacOSX26.1.sdk/System/Library/Frameworks/Security.framework/Headers/SecKeychain.h
/Applications/Xcode.app/Contents/Developer/Platforms/MacOSX.platform/Developer/SDKs/MacOSX26.1.sdk/System/Library/Frameworks/Security.framework/Headers/cssmapple.h
/Applications/Xcode.app/Contents/Developer/Platforms/MacOSX.platform/Developer/SDKs/MacOSX26.1.sdk/System/Library/Frameworks/Security.framework/Headers/cssmerr.h
/Applications/Xcode.app/Contents/Developer/Platforms/MacOSX.platform/Developer/SDKs/MacOSX26.1.sdk/System/Library/Frameworks/Security.framework/Headers/certextensions.h
/Applications/Xcode.app/Contents/Developer/Platforms/MacOSX.platform/Developer/SDKs/MacOSX26.1.sdk/System/Library/Frameworks/Security.framework/Headers/SecTrust.h
/Applications/Xcode.app/Contents/Developer/Platforms/MacOSX.platform/Developer/SDKs/MacOSX26.1.sdk/System/Library/Frameworks/Security.framework/Headers/SecSharedCredential.h
/Applications/Xcode.app/Contents/Developer/Platforms/MacOSX.platform/Developer/SDKs/MacOSX26.1.sdk/System/Library/Frameworks/Security.framework/Headers/SecProtocolOptions.h
/Applications/Xcode.app/Contents/Developer/Platforms/MacOSX.platform/Developer/SDKs/MacOSX26.1.sdk/System/Library/Frameworks/Security.framework/Headers/SecProtocolObject.h
/Applications/Xcode.app/Contents/Developer/Platforms/MacOSX.platform/Developer/SDKs/MacOSX26.1.sdk/System/Library/Frameworks/Security.framework/Headers/SecProtocolTypes.h
/Applications/Xcode.app/Contents/Developer/Platforms/MacOSX.platform/Developer/SDKs/MacOSX26.1.sdk/System/Library/Frameworks/Security.framework/Headers/CipherSuite.h
/Applications/Xcode.app/Contents/Developer/Platforms/MacOSX.platform/Developer/SDKs/MacOSX26.1.sdk/System/Library/Frameworks/Security.framework/Headers/SecProtocolMetadata.h
/Applications/Xcode.app/Contents/Developer/Platforms/MacOSX.platform/Developer/SDKs/MacOSX26.1.sdk/System/Library/Frameworks/Security.framework/Headers/AuthSession.h
/Applications/Xcode.app/Contents/Developer/Platforms/MacOSX.platform/Developer/SDKs/MacOSX26.1.sdk/System/Library/Frameworks/Security.framework/Headers/Authorization.h
/Applications/Xcode.app/Contents/Developer/Platforms/MacOSX.platform/Developer/SDKs/MacOSX26.1.sdk/usr/include/stdio.h
/Applications/Xcode.app/Contents/Developer/Platforms/MacOSX.platform/Developer/SDKs/MacOSX26.1.sdk/System/Library/Frameworks/Security.framework/Headers/cssm.h
/Applications/Xcode.app/Contents/Developer/Platforms/MacOSX.platform/Developer/SDKs/MacOSX26.1.sdk/System/Library/Frameworks/Security.framework/Headers/emmtype.h
/Applications/Xcode.app/Contents/Developer/Platforms/MacOSX.platform/Developer/SDKs/MacOSX26.1.sdk/System/Library/Frameworks/Security.framework/Headers/cssmapi.h
/Applications/Xcode.app/Contents/Developer/Platforms/MacOSX.platform/Developer/SDKs/MacOSX26.1.sdk/System/Library/Frameworks/Security.framework/Headers/cssmaci.h
/Applications/Xcode.app/Contents/Developer/Platforms/MacOSX.platform/Developer/SDKs/MacOSX26.1.sdk/System/Library/Frameworks/Security.framework/Headers/cssmcli.h
/Applications/Xcode.app/Contents/Developer/Platforms/MacOSX.platform/Developer/SDKs/MacOSX26.1.sdk/System/Library/Frameworks/Security.framework/Headers/cssmcspi.h
/Applications/Xcode.app/Contents/Developer/Platforms/MacOSX.platform/Developer/SDKs/MacOSX26.1.sdk/System/Library/Frameworks/Security.framework/Headers/cssmspi.h
/Applications/Xcode.app/Contents/Developer/Platforms/MacOSX.platform/Developer/SDKs/MacOSX26.1.sdk/System/Library/Frameworks/Security.framework/Headers/cssmdli.h
/Applications/Xcode.app/Contents/Developer/Platforms/MacOSX.platform/Developer/SDKs/MacOSX26.1.sdk/System/Library/Frameworks/Security.framework/Headers/cssmkrapi.h
/Applications/Xcode.app/Contents/Developer/Platforms/MacOSX.platform/Developer/SDKs/MacOSX26.1.sdk/System/Library/Frameworks/Security.framework/Headers/cssmkrspi.h
/Applications/Xcode.app/Contents/Developer/Platforms/MacOSX.platform/Developer/SDKs/MacOSX26.1.sdk/System/Library/Frameworks/Security.framework/Headers/cssmtpi.h
/Applications/Xcode.app/Contents/Developer/Platforms/MacOSX.platform/Developer/SDKs/MacOSX26.1.sdk/System/Library/Frameworks/Security.framework/Headers/emmspi.h
/Applications/Xcode.app/Contents/Developer/Platforms/MacOSX.platform/Developer/SDKs/MacOSX26.1.sdk/System/Library/Frameworks/Security.framework/Headers/mds.h
/Applications/Xcode.app/Contents/Developer/Platforms/MacOSX.platform/Developer/SDKs/MacOSX26.1.sdk/System/Library/Frameworks/Security.framework/Headers/mds_schema.h
/Applications/Xcode.app/Contents/Developer/Platforms/MacOSX.platform/Developer/SDKs/MacOSX26.1.sdk/System/Library/Frameworks/Security.framework/Headers/oidsalg.h
/Applications/Xcode.app/Contents/Developer/Platforms/MacOSX.platform/Developer/SDKs/MacOSX26.1.sdk/System/Library/Frameworks/Security.framework/Headers/oidsattr.h
/Applications/Xcode.app/Contents/Developer/Platforms/MacOSX.platform/Developer/SDKs/MacOSX26.1.sdk/System/Library/Frameworks/Security.framework/Headers/oidsbase.h
/Applications/Xcode.app/Contents/Developer/Platforms/MacOSX.platform/Developer/SDKs/MacOSX26.1.sdk/System/Library/Frameworks/Security.framework/Headers/oidscert.h
/Applications/Xcode.app/Contents/Developer/Platforms/MacOSX.platform/Developer/SDKs/MacOSX26.1.sdk/System/Library/Frameworks/Security.framework/Headers/oidscrl.h
/Applications/Xcode.app/Contents/Developer/Platforms/MacOSX.platform/Developer/SDKs/MacOSX26.1.sdk/System/Library/Frameworks/Security.framework/Headers/SecACL.h
/Applications/Xcode.app/Contents/Developer/Platforms/MacOSX.platform/Developer/SDKs/MacOSX26.1.sdk/System/Library/Frameworks/Security.framework/Headers/SecCertificateOIDs.h
/Applications/Xcode.app/Contents/Developer/Platforms/MacOSX.platform/Developer/SDKs/MacOSX26.1.sdk/System/Library/Frameworks/Security.framework/Headers/SecIdentitySearch.h
/Applications/Xcode.app/Contents/Developer/Platforms/MacOSX.platform/Developer/SDKs/MacOSX26.1.sdk/System/Library/Frameworks/Security.framework/Headers/SecKeychainItem.h
/Applications/Xcode.app/Contents/Developer/Platforms/MacOSX.platform/Developer/SDKs/MacOSX26.1.sdk/System/Library/Frameworks/Security.framework/Headers/SecKeychainSearch.h
/Applications/Xcode.app/Contents/Developer/Platforms/MacOSX.platform/Developer/SDKs/MacOSX26.1.sdk/System/Library/Frameworks/Security.framework/Headers/SecPolicySearch.h
/Applications/Xcode.app/Contents/Developer/Platforms/MacOSX.platform/Developer/SDKs/MacOSX26.1.sdk/System/Library/Frameworks/Security.framework/Headers/SecTrustedApplication.h
/Applications/Xcode.app/Contents/Developer/Platforms/MacOSX.platform/Developer/SDKs/MacOSX26.1.sdk/System/Library/Frameworks/Security.framework/Headers/SecTrustSettings.h
/Applications/Xcode.app/Contents/Developer/Platforms/MacOSX.platform/Developer/SDKs/MacOSX26.1.sdk/System/Library/Frameworks/Security.framework/Headers/SecStaticCode.h
/Applications/Xcode.app/Contents/Developer/Platforms/MacOSX.platform/Developer/SDKs/MacOSX26.1.sdk/System/Library/Frameworks/Security.framework/Headers/CSCommon.h
/Applications/Xcode.app/Contents/Developer/Platforms/MacOSX.platform/Developer/SDKs/MacOSX26.1.sdk/System/Library/Frameworks/Security.framework/Headers/SecCode.h
/Applications/Xcode.app/Contents/Developer/Platforms/MacOSX.platform/Developer/SDKs/MacOSX26.1.sdk/System/Library/Frameworks/Security.framework/Headers/SecCodeHost.h
/Applications/Xcode.app/Contents/Developer/Platforms/MacOSX.platform/Developer/SDKs/MacOSX26.1.sdk/System/Library/Frameworks/Security.framework/Headers/SecRequirement.h
/Applications/Xcode.app/Contents/Developer/Platforms/MacOSX.platform/Developer/SDKs/MacOSX26.1.sdk/System/Library/Frameworks/Security.framework/Headers/SecTask.h
/Applications/Xcode.app/Contents/Developer/Platforms/MacOSX.platform/Developer/SDKs/MacOSX26.1.sdk/System/Library/Frameworks/Security.framework/Headers/AuthorizationTags.h
/Applications/Xcode.app/Contents/Developer/Platforms/MacOSX.platform/Developer/SDKs/MacOSX26.1.sdk/System/Library/Frameworks/Security.framework/Headers/AuthorizationDB.h
/Applications/Xcode.app/Contents/Developer/Platforms/MacOSX.platform/Developer/SDKs/MacOSX26.1.sdk/System/Library/Frameworks/Security.framework/Headers/CMSDecoder.h
/Applications/Xcode.app/Contents/Developer/Platforms/MacOSX.platform/Developer/SDKs/MacOSX26.1.sdk/System/Library/Frameworks/Security.framework/Headers/CMSEncoder.h
/Applications/Xcode.app/Contents/Developer/Platforms/MacOSX.platform/Developer/SDKs/MacOSX26.1.sdk/System/Library/Frameworks/Security.framework/Headers/SecureTransport.h
/Applications/Xcode.app/Contents/Developer/Platforms/MacOSX.platform/Developer/SDKs/MacOSX26.1.sdk/System/Library/Frameworks/Security.framework/Headers/SecTransform.h
/Applications/Xcode.app/Contents/Developer/Platforms/MacOSX.platform/Developer/SDKs/MacOSX26.1.sdk/System/Library/Frameworks/Security.framework/Headers/SecCustomTransform.h
/Applications/Xcode.app/Contents/Developer/Platforms/MacOSX.platform/Developer/SDKs/MacOSX26.1.sdk/System/Library/Frameworks/Security.framework/Headers/SecDecodeTransform.h
/Applications/Xcode.app/Contents/Developer/Platforms/MacOSX.platform/Developer/SDKs/MacOSX26.1.sdk/System/Library/Frameworks/Security.framework/Headers/SecEncodeTransform.h
/Applications/Xcode.app/Contents/Developer/Platforms/MacOSX.platform/Developer/SDKs/MacOSX26.1.sdk/System/Library/Frameworks/Security.framework/Headers/SecDigestTransform.h
/Applications/Xcode.app/Contents/Developer/Platforms/MacOSX.platform/Developer/SDKs/MacOSX26.1.sdk/System/Library/Frameworks/Security.framework/Headers/SecEncryptTransform.h
/Applications/Xcode.app/Contents/Developer/Platforms/MacOSX.platform/Developer/SDKs/MacOSX26.1.sdk/System/Library/Frameworks/Security.framework/Headers/SecSignVerifyTransform.h
/Applications/Xcode.app/Contents/Developer/Platforms/MacOSX.platform/Developer/SDKs/MacOSX26.1.sdk/System/Library/Frameworks/Security.framework/Headers/SecReadTransform.h
/Applications/Xcode.app/Contents/Developer/Platforms/MacOSX.platform/Developer/SDKs/MacOSX26.1.sdk/System/Library/Frameworks/Security.framework/Headers/SecTransformReadTransform.h
/Applications/Xcode.app/Contents/Developer/Platforms/MacOSX.platform/Developer/SDKs/MacOSX26.1.sdk/System/Library/Frameworks/Security.framework/Headers/oids.h
/Applications/Xcode.app/Contents/Developer/Platforms/MacOSX.platform/Developer/SDKs/MacOSX26.1.sdk/usr/include/libDER/module.modulemap
/Applications/Xcode.app/Contents/Developer/Platforms/MacOSX.platform/Developer/SDKs/MacOSX26.1.sdk/usr/include/string.h
/Applications/Xcode.app/Contents/Developer/Platforms/MacOSX.platform/Developer/SDKs/MacOSX26.1.sdk/System/Library/Frameworks/Security.framework/Headers/AuthorizationPlugin.h
/Applications/Xcode.app/Contents/Developer/Platforms/MacOSX.platform/Developer/SDKs/MacOSX26.1.sdk/System/Library/Frameworks/Security.framework/Headers/CodeSigning.h
/Applications/Xcode.app/Contents/Developer/Platforms/MacOSX.platform/Developer/SDKs/MacOSX26.1.sdk/System/Library/Frameworks/Security.framework/Headers/eisl.h
/Applications/Xcode.app/Contents/Developer/Platforms/MacOSX.platform/Developer/SDKs/MacOSX26.1.sdk/System/Library/Frameworks/Security.framework/Headers/SecAsn1Coder.h
/Applications/Xcode.app/Contents/Developer/Platforms/MacOSX.platform/Developer/SDKs/MacOSX26.1.sdk/System/Library/Frameworks/Security.framework/Headers/SecAsn1Templates.h
/Applications/Xcode.app/Contents/Developer/Platforms/MacOSX.platform/Developer/SDKs/MacOSX26.1.sdk/System/Library/Frameworks/Security.framework/Headers/SecureDownload.h
/Applications/Xcode.app/Contents/Developer/Platforms/MacOSX.platform/Developer/SDKs/MacOSX26.1.sdk/SDKSettings.json
/Applications/Xcode.app/Contents/Developer/Toolchains/XcodeDefault.xctoolchain/usr/lib/swift/macosx/prebuilt-modules/26.1/Swift.swiftmodule/arm64e-apple-macos.swiftmodule
/Applications/Xcode.app/Contents/Developer/Toolchains/XcodeDefault.xctoolchain/usr/lib/swift/macosx/prebuilt-modules/26.1/SwiftOnoneSupport.swiftmodule/arm64e-apple-macos.swiftmodule
/Applications/Xcode.app/Contents/Developer/Platforms/MacOSX.platform/Developer/SDKs/MacOSX26.1.sdk/usr/lib/swift/shims/module.modulemap
/Applications/Xcode.app/Contents/Developer/Platforms/MacOSX.platform/Developer/SDKs/MacOSX26.1.sdk/usr/lib/swift/shims/AssertionReporting.h
/Applications/Xcode.app/Contents/Developer/Platforms/MacOSX.platform/Developer/SDKs/MacOSX26.1.sdk/usr/lib/swift/shims/SwiftStdint.h
/Applications/Xcode.app/Contents/Developer/Platforms/MacOSX.platform/Developer/SDKs/MacOSX26.1.sdk/usr/lib/swift/shims/Visibility.h
/Applications/Xcode.app/Contents/Developer/Platforms/MacOSX.platform/Developer/SDKs/MacOSX26.1.sdk/usr/lib/swift/shims/CoreFoundationShims.h
/Applications/Xcode.app/Contents/Developer/Platforms/MacOSX.platform/Developer/SDKs/MacOSX26.1.sdk/usr/lib/swift/shims/ObjCShims.h
/Applications/Xcode.app/Contents/Developer/Platforms/MacOSX.platform/Developer/SDKs/MacOSX26.1.sdk/usr/lib/swift/shims/EmbeddedShims.h
/Applications/Xcode.app/Contents/Developer/Platforms/MacOSX.platform/Developer/SDKs/MacOSX26.1.sdk/usr/lib/swift/shims/SwiftStddef.h
/Applications/Xcode.app/Contents/Developer/Platforms/MacOSX.platform/Developer/SDKs/MacOSX26.1.sdk/usr/lib/swift/shims/FoundationShims.h
/Applications/Xcode.app/Contents/Developer/Platforms/MacOSX.platform/Developer/SDKs/MacOSX26.1.sdk/usr/lib/swift/shims/GlobalObjects.h
/Applications/Xcode.app/Contents/Developer/Platforms/MacOSX.platform/Developer/SDKs/MacOSX26.1.sdk/usr/lib/swift/shims/SwiftStdbool.h
/Applications/Xcode.app/Contents/Developer/Platforms/MacOSX.platform/Developer/SDKs/MacOSX26.1.sdk/usr/lib/swift/shims/HeapObject.h
/Applications/Xcode.app/Contents/Developer/Platforms/MacOSX.platform/Developer/SDKs/MacOSX26.1.sdk/usr/lib/swift/shims/RefCount.h
/Applications/Xcode.app/Contents/Developer/Platforms/MacOSX.platform/Developer/SDKs/MacOSX26.1.sdk/usr/lib/swift/shims/System.h
/Applications/Xcode.app/Contents/Developer/Platforms/MacOSX.platform/Developer/SDKs/MacOSX26.1.sdk/usr/lib/swift/shims/Target.h
/Applications/Xcode.app/Contents/Developer/Platforms/MacOSX.platform/Developer/SDKs/MacOSX26.1.sdk/usr/lib/swift/shims/KeyPath.h
/Applications/Xcode.app/Contents/Developer/Platforms/MacOSX.platform/Developer/SDKs/MacOSX26.1.sdk/usr/lib/swift/shims/LibcShims.h
/Applications/Xcode.app/Contents/Developer/Platforms/MacOSX.platform/Developer/SDKs/MacOSX26.1.sdk/usr/lib/swift/shims/MetadataSections.h
/Applications/Xcode.app/Contents/Developer/Platforms/MacOSX.platform/Developer/SDKs/MacOSX26.1.sdk/usr/lib/swift/shims/Random.h
/Applications/Xcode.app/Contents/Developer/Platforms/MacOSX.platform/Developer/SDKs/MacOSX26.1.sdk/usr/lib/swift/shims/Reflection.h
/Applications/Xcode.app/Contents/Developer/Platforms/MacOSX.platform/Developer/SDKs/MacOSX26.1.sdk/usr/lib/swift/shims/RuntimeShims.h
/Applications/Xcode.app/Contents/Developer/Platforms/MacOSX.platform/Developer/SDKs/MacOSX26.1.sdk/usr/lib/swift/shims/RuntimeStubs.h
/Applications/Xcode.app/Contents/Developer/Platforms/MacOSX.platform/Developer/SDKs/MacOSX26.1.sdk/usr/lib/swift/shims/ThreadLocalStorage.h
/Applications/Xcode.app/Contents/Developer/Platforms/MacOSX.platform/Developer/SDKs/MacOSX26.1.sdk/usr/lib/swift/shims/UnicodeData.h
/Applications/Xcode.app/Contents/Developer/Platforms/MacOSX.platform/Developer/SDKs/MacOSX26.1.sdk/SDKSettings.json
/Applications/Xcode.app/Contents/Developer/Toolchains/XcodeDefault.xctoolchain/usr/lib/swift/macosx/prebuilt-modules/26.1/System.swiftmodule/arm64e-apple-macos.swiftmodule
/Applications/Xcode.app/Contents/Developer/Toolchains/XcodeDefault.xctoolchain/usr/lib/swift/macosx/prebuilt-modules/26.1/XPC.swiftmodule/arm64e-apple-macos.swiftmodule
/Applications/Xcode.app/Contents/Developer/Platforms/MacOSX.platform/Developer/SDKs/MacOSX26.1.sdk/usr/include/XPC.apinotes
/Applications/Xcode.app/Contents/Developer/Platforms/MacOSX.platform/Developer/SDKs/MacOSX26.1.sdk/usr/include/launch.modulemap
/Applications/Xcode.app/Contents/Developer/Platforms/MacOSX.platform/Developer/SDKs/MacOSX26.1.sdk/usr/include/xpc.modulemap
/Applications/Xcode.app/Contents/Developer/Platforms/MacOSX.platform/Developer/SDKs/MacOSX26.1.sdk/usr/include/dispatch.modulemap
/Applications/Xcode.app/Contents/Developer/Platforms/MacOSX.platform/Developer/SDKs/MacOSX26.1.sdk/usr/include/os.modulemap
/Applications/Xcode.app/Contents/Developer/Platforms/MacOSX.platform/Developer/SDKs/MacOSX26.1.sdk/usr/include/Darwin.modulemap
/Applications/Xcode.app/Contents/Developer/Platforms/MacOSX.platform/Developer/SDKs/MacOSX26.1.sdk/usr/include/Darwin_C.modulemap
/Applications/Xcode.app/Contents/Developer/Platforms/MacOSX.platform/Developer/SDKs/MacOSX26.1.sdk/usr/include/Darwin_POSIX.modulemap
/Applications/Xcode.app/Contents/Developer/Platforms/MacOSX.platform/Developer/SDKs/MacOSX26.1.sdk/usr/include/net.modulemap
/Applications/Xcode.app/Contents/Developer/Platforms/MacOSX.platform/Developer/SDKs/MacOSX26.1.sdk/usr/include/netinet.modulemap
/Applications/Xcode.app/Contents/Developer/Platforms/MacOSX.platform/Developer/SDKs/MacOSX26.1.sdk/usr/include/bank.modulemap
/Applications/Xcode.app/Contents/Developer/Platforms/MacOSX.platform/Developer/SDKs/MacOSX26.1.sdk/usr/include/Darwin_Mach.modulemap
/Applications/Xcode.app/Contents/Developer/Platforms/MacOSX.platform/Developer/SDKs/MacOSX26.1.sdk/usr/include/Darwin_Mach_machine.modulemap
/Applications/Xcode.app/Contents/Developer/Platforms/MacOSX.platform/Developer/SDKs/MacOSX26.1.sdk/usr/include/mach_debug.modulemap
/Applications/Xcode.app/Contents/Developer/Platforms/MacOSX.platform/Developer/SDKs/MacOSX26.1.sdk/usr/include/device.modulemap
/Applications/Xcode.app/Contents/Developer/Platforms/MacOSX.platform/Developer/SDKs/MacOSX26.1.sdk/usr/include/Darwin_machine.modulemap
/Applications/Xcode.app/Contents/Developer/Platforms/MacOSX.platform/Developer/SDKs/MacOSX26.1.sdk/usr/include/ncurses.modulemap
/Applications/Xcode.app/Contents/Developer/Platforms/MacOSX.platform/Developer/SDKs/MacOSX26.1.sdk/usr/include/netinet6.modulemap
/Applications/Xcode.app/Contents/Developer/Platforms/MacOSX.platform/Developer/SDKs/MacOSX26.1.sdk/usr/include/Darwin_sys.modulemap
/Applications/Xcode.app/Contents/Developer/Platforms/MacOSX.platform/Developer/SDKs/MacOSX26.1.sdk/usr/include/uuid.modulemap
/Applications/Xcode.app/Contents/Developer/Platforms/MacOSX.platform/Developer/SDKs/MacOSX26.1.sdk/usr/include/DarwinFoundation2.modulemap
/Applications/Xcode.app/Contents/Developer/Platforms/MacOSX.platform/Developer/SDKs/MacOSX26.1.sdk/usr/include/DarwinFoundation3.modulemap
/Applications/Xcode.app/Contents/Developer/Platforms/MacOSX.platform/Developer/SDKs/MacOSX26.1.sdk/usr/include/DarwinFoundation1.modulemap
/Applications/Xcode.app/Contents/Developer/Platforms/MacOSX.platform/Developer/SDKs/MacOSX26.1.sdk/usr/include/xpc/xpc.h
/Applications/Xcode.app/Contents/Developer/Toolchains/XcodeDefault.xctoolchain/usr/lib/swift/clang/include/module.modulemap
/Applications/Xcode.app/Contents/Developer/Toolchains/XcodeDefault.xctoolchain/usr/lib/swift/clang/include/stdarg.h
/Applications/Xcode.app/Contents/Developer/Platforms/MacOSX.platform/Developer/SDKs/MacOSX26.1.sdk/usr/include/stdlib.h
/Applications/Xcode.app/Contents/Developer/Platforms/MacOSX.platform/Developer/SDKs/MacOSX26.1.sdk/usr/include/stdio.h
/Applications/Xcode.app/Contents/Developer/Platforms/MacOSX.platform/Developer/SDKs/MacOSX26.1.sdk/usr/include/string.h
/Applications/Xcode.app/Contents/Developer/Platforms/MacOSX.platform/Developer/SDKs/MacOSX26.1.sdk/usr/include/xpc/base.h
/Applications/Xcode.app/Contents/Developer/Platforms/MacOSX.platform/Developer/SDKs/MacOSX26.1.sdk/usr/include/xpc/availability.h
/Applications/Xcode.app/Contents/Developer/Platforms/MacOSX.platform/Developer/SDKs/MacOSX26.1.sdk/usr/include/xpc/endpoint.h
/Applications/Xcode.app/Contents/Developer/Platforms/MacOSX.platform/Developer/SDKs/MacOSX26.1.sdk/usr/include/xpc/debug.h
/Applications/Xcode.app/Contents/Developer/Platforms/MacOSX.platform/Developer/SDKs/MacOSX26.1.sdk/usr/include/xpc/activity.h
/Applications/Xcode.app/Contents/Developer/Platforms/MacOSX.platform/Developer/SDKs/MacOSX26.1.sdk/usr/include/xpc/peer_requirement.h
/Applications/Xcode.app/Contents/Developer/Platforms/MacOSX.platform/Developer/SDKs/MacOSX26.1.sdk/usr/include/xpc/connection.h
/Applications/Xcode.app/Contents/Developer/Platforms/MacOSX.platform/Developer/SDKs/MacOSX26.1.sdk/usr/include/xpc/rich_error.h
/Applications/Xcode.app/Contents/Developer/Platforms/MacOSX.platform/Developer/SDKs/MacOSX26.1.sdk/usr/include/xpc/session.h
/Applications/Xcode.app/Contents/Developer/Platforms/MacOSX.platform/Developer/SDKs/MacOSX26.1.sdk/usr/include/xpc/listener.h
/Applications/Xcode.app/Contents/Developer/Platforms/MacOSX.platform/Developer/SDKs/MacOSX26.1.sdk/SDKSettings.json
/Applications/Xcode.app/Contents/Developer/Platforms/MacOSX.platform/Developer/SDKs/MacOSX26.1.sdk/usr/include/DarwinFoundation1.modulemap
/Applications/Xcode.app/Contents/Developer/Platforms/MacOSX.platform/Developer/SDKs/MacOSX26.1.sdk/usr/include/AvailabilityInternal.h
/Applications/Xcode.app/Contents/Developer/Platforms/MacOSX.platform/Developer/SDKs/MacOSX26.1.sdk/usr/include/AvailabilityVersions.h
/Applications/Xcode.app/Contents/Developer/Platforms/MacOSX.platform/Developer/SDKs/MacOSX26.1.sdk/usr/include/AvailabilityInternalLegacy.h
/Applications/Xcode.app/Contents/Developer/Platforms/MacOSX.platform/Developer/SDKs/MacOSX26.1.sdk/SDKSettings.json
/Applications/Xcode.app/Contents/Developer/Toolchains/XcodeDefault.xctoolchain/usr/lib/swift/macosx/prebuilt-modules/26.1/_Builtin_float.swiftmodule/arm64e-apple-macos.swiftmodule
/Applications/Xcode.app/Contents/Developer/Toolchains/XcodeDefault.xctoolchain/usr/lib/swift/clang/include/module.modulemap
/Applications/Xcode.app/Contents/Developer/Toolchains/XcodeDefault.xctoolchain/usr/lib/swift/clang/include/float.h
/Applications/Xcode.app/Contents/Developer/Platforms/MacOSX.platform/Developer/SDKs/MacOSX26.1.sdk/SDKSettings.json
/Applications/Xcode.app/Contents/Developer/Toolchains/XcodeDefault.xctoolchain/usr/lib/swift/clang/include/module.modulemap
/Applications/Xcode.app/Contents/Developer/Toolchains/XcodeDefault.xctoolchain/usr/lib/swift/clang/include/inttypes.h
/Applications/Xcode.app/Contents/Developer/Platforms/MacOSX.platform/Developer/SDKs/MacOSX26.1.sdk/usr/include/DarwinFoundation3.modulemap
/Applications/Xcode.app/Contents/Developer/Platforms/MacOSX.platform/Developer/SDKs/MacOSX26.1.sdk/usr/include/inttypes.h
/Applications/Xcode.app/Contents/Developer/Platforms/MacOSX.platform/Developer/SDKs/MacOSX26.1.sdk/SDKSettings.json
/Applications/Xcode.app/Contents/Developer/Toolchains/XcodeDefault.xctoolchain/usr/lib/swift/clang/include/module.modulemap
/Applications/Xcode.app/Contents/Developer/Toolchains/XcodeDefault.xctoolchain/usr/lib/swift/clang/include/limits.h
/Applications/Xcode.app/Contents/Developer/Platforms/MacOSX.platform/Developer/SDKs/MacOSX26.1.sdk/usr/include/DarwinFoundation1.modulemap
/Applications/Xcode.app/Contents/Developer/Platforms/MacOSX.platform/Developer/SDKs/MacOSX26.1.sdk/SDKSettings.json
/Applications/Xcode.app/Contents/Developer/Toolchains/XcodeDefault.xctoolchain/usr/lib/swift/clang/include/module.modulemap
/Applications/Xcode.app/Contents/Developer/Toolchains/XcodeDefault.xctoolchain/usr/lib/swift/clang/include/__stdarg___gnuc_va_list.h
/Applications/Xcode.app/Contents/Developer/Toolchains/XcodeDefault.xctoolchain/usr/lib/swift/clang/include/__stdarg___va_copy.h
/Applications/Xcode.app/Contents/Developer/Toolchains/XcodeDefault.xctoolchain/usr/lib/swift/clang/include/__stdarg_header_macro.h
/Applications/Xcode.app/Contents/Developer/Toolchains/XcodeDefault.xctoolchain/usr/lib/swift/clang/include/__stdarg_va_arg.h
/Applications/Xcode.app/Contents/Developer/Toolchains/XcodeDefault.xctoolchain/usr/lib/swift/clang/include/__stdarg_va_copy.h
/Applications/Xcode.app/Contents/Developer/Toolchains/XcodeDefault.xctoolchain/usr/lib/swift/clang/include/__stdarg_va_list.h
/Applications/Xcode.app/Contents/Developer/Platforms/MacOSX.platform/Developer/SDKs/MacOSX26.1.sdk/SDKSettings.json
/Applications/Xcode.app/Contents/Developer/Toolchains/XcodeDefault.xctoolchain/usr/lib/swift/clang/include/module.modulemap
/Applications/Xcode.app/Contents/Developer/Toolchains/XcodeDefault.xctoolchain/usr/lib/swift/clang/include/stdbool.h
/Applications/Xcode.app/Contents/Developer/Platforms/MacOSX.platform/Developer/SDKs/MacOSX26.1.sdk/SDKSettings.json
/Applications/Xcode.app/Contents/Developer/Toolchains/XcodeDefault.xctoolchain/usr/lib/swift/clang/include/module.modulemap
/Applications/Xcode.app/Contents/Developer/Toolchains/XcodeDefault.xctoolchain/usr/lib/swift/clang/include/__stddef_header_macro.h
/Applications/Xcode.app/Contents/Developer/Toolchains/XcodeDefault.xctoolchain/usr/lib/swift/clang/include/__stddef_max_align_t.h
/Applications/Xcode.app/Contents/Developer/Toolchains/XcodeDefault.xctoolchain/usr/lib/swift/clang/include/__stddef_null.h
/Applications/Xcode.app/Contents/Developer/Toolchains/XcodeDefault.xctoolchain/usr/lib/swift/clang/include/__stddef_nullptr_t.h
/Applications/Xcode.app/Contents/Developer/Toolchains/XcodeDefault.xctoolchain/usr/lib/swift/clang/include/__stddef_offsetof.h
/Applications/Xcode.app/Contents/Developer/Toolchains/XcodeDefault.xctoolchain/usr/lib/swift/clang/include/__stddef_ptrdiff_t.h
/Applications/Xcode.app/Contents/Developer/Toolchains/XcodeDefault.xctoolchain/usr/lib/swift/clang/include/__stddef_rsize_t.h
/Applications/Xcode.app/Contents/Developer/Toolchains/XcodeDefault.xctoolchain/usr/lib/swift/clang/include/__stddef_size_t.h
/Applications/Xcode.app/Contents/Developer/Toolchains/XcodeDefault.xctoolchain/usr/lib/swift/clang/include/__stddef_unreachable.h
/Applications/Xcode.app/Contents/Developer/Toolchains/XcodeDefault.xctoolchain/usr/lib/swift/clang/include/__stddef_wchar_t.h
/Applications/Xcode.app/Contents/Developer/Platforms/MacOSX.platform/Developer/SDKs/MacOSX26.1.sdk/SDKSettings.json
/Applications/Xcode.app/Contents/Developer/Toolchains/XcodeDefault.xctoolchain/usr/lib/swift/clang/include/module.modulemap
/Applications/Xcode.app/Contents/Developer/Toolchains/XcodeDefault.xctoolchain/usr/lib/swift/clang/include/stdint.h
/Applications/Xcode.app/Contents/Developer/Platforms/MacOSX.platform/Developer/SDKs/MacOSX26.1.sdk/usr/include/DarwinFoundation2.modulemap
/Applications/Xcode.app/Contents/Developer/Platforms/MacOSX.platform/Developer/SDKs/MacOSX26.1.sdk/SDKSettings.json
/Applications/Xcode.app/Contents/Developer/Toolchains/XcodeDefault.xctoolchain/usr/lib/swift/macosx/prebuilt-modules/26.1/_Concurrency.swiftmodule/arm64e-apple-macos.swiftmodule
/Applications/Xcode.app/Contents/Developer/Toolchains/XcodeDefault.xctoolchain/usr/lib/swift/macosx/prebuilt-modules/26.1/_DarwinFoundation1.swiftmodule/arm64e-apple-macos.swiftmodule
/Applications/Xcode.app/Contents/Developer/Platforms/MacOSX.platform/Developer/SDKs/MacOSX26.1.sdk/usr/include/DarwinFoundation1.modulemap
/Applications/Xcode.app/Contents/Developer/Platforms/MacOSX.platform/Developer/SDKs/MacOSX26.1.sdk/usr/include/sys/appleapiopts.h
/Applications/Xcode.app/Contents/Developer/Platforms/MacOSX.platform/Developer/SDKs/MacOSX26.1.sdk/usr/include/os/availability.h
/Applications/Xcode.app/Contents/Developer/Platforms/MacOSX.platform/Developer/SDKs/MacOSX26.1.sdk/usr/include/Availability.h
/Applications/Xcode.app/Contents/Developer/Platforms/MacOSX.platform/Developer/SDKs/MacOSX26.1.sdk/usr/include/AvailabilityMacros.h
/Applications/Xcode.app/Contents/Developer/Platforms/MacOSX.platform/Developer/SDKs/MacOSX26.1.sdk/usr/include/TargetConditionals.h
/Applications/Xcode.app/Contents/Developer/Platforms/MacOSX.platform/Developer/SDKs/MacOSX26.1.sdk/usr/include/_bounds.h
/Applications/Xcode.app/Contents/Developer/Platforms/MacOSX.platform/Developer/SDKs/MacOSX26.1.sdk/usr/include/sys/cdefs.h
/Applications/Xcode.app/Contents/Developer/Platforms/MacOSX.platform/Developer/SDKs/MacOSX26.1.sdk/usr/include/sys/_symbol_aliasing.h
/Applications/Xcode.app/Contents/Developer/Platforms/MacOSX.platform/Developer/SDKs/MacOSX26.1.sdk/usr/include/sys/_posix_availability.h
/Applications/Xcode.app/Contents/Developer/Toolchains/XcodeDefault.xctoolchain/usr/lib/swift/clang/include/module.modulemap
/Applications/Xcode.app/Contents/Developer/Platforms/MacOSX.platform/Developer/SDKs/MacOSX26.1.sdk/usr/include/sys/qos.h
/Applications/Xcode.app/Contents/Developer/Platforms/MacOSX.platform/Developer/SDKs/MacOSX26.1.sdk/usr/include/machine/_endian.h
/Applications/Xcode.app/Contents/Developer/Platforms/MacOSX.platform/Developer/SDKs/MacOSX26.1.sdk/usr/include/arm/_endian.h
/Applications/Xcode.app/Contents/Developer/Platforms/MacOSX.platform/Developer/SDKs/MacOSX26.1.sdk/usr/include/sys/__endian.h
/Applications/Xcode.app/Contents/Developer/Platforms/MacOSX.platform/Developer/SDKs/MacOSX26.1.sdk/usr/include/i386/_endian.h
/Applications/Xcode.app/Contents/Developer/Platforms/MacOSX.platform/Developer/SDKs/MacOSX26.1.sdk/usr/include/__xlocale.h
/Applications/Xcode.app/Contents/Developer/Platforms/MacOSX.platform/Developer/SDKs/MacOSX26.1.sdk/usr/include/_mb_cur_max.h
/Applications/Xcode.app/Contents/Developer/Platforms/MacOSX.platform/Developer/SDKs/MacOSX26.1.sdk/usr/include/_types/_locale_t.h
/Applications/Xcode.app/Contents/Developer/Platforms/MacOSX.platform/Developer/SDKs/MacOSX26.1.sdk/usr/include/sys/_types/_u_char.h
/Applications/Xcode.app/Contents/Developer/Platforms/MacOSX.platform/Developer/SDKs/MacOSX26.1.sdk/usr/include/sys/_types/_u_short.h
/Applications/Xcode.app/Contents/Developer/Platforms/MacOSX.platform/Developer/SDKs/MacOSX26.1.sdk/usr/include/sys/_types/_u_int.h
/Applications/Xcode.app/Contents/Developer/Platforms/MacOSX.platform/Developer/SDKs/MacOSX26.1.sdk/usr/include/sys/_types/_u_int8_t.h
/Applications/Xcode.app/Contents/Developer/Platforms/MacOSX.platform/Developer/SDKs/MacOSX26.1.sdk/usr/include/sys/_types/_u_int16_t.h
/Applications/Xcode.app/Contents/Developer/Platforms/MacOSX.platform/Developer/SDKs/MacOSX26.1.sdk/usr/include/sys/_types/_u_int32_t.h
/Applications/Xcode.app/Contents/Developer/Platforms/MacOSX.platform/Developer/SDKs/MacOSX26.1.sdk/usr/include/sys/_types/_u_int64_t.h
/Applications/Xcode.app/Contents/Developer/Platforms/MacOSX.platform/Developer/SDKs/MacOSX26.1.sdk/usr/include/_assert.h
/Applications/Xcode.app/Contents/Developer/Platforms/MacOSX.platform/Developer/SDKs/MacOSX26.1.sdk/usr/include/_static_assert.h
/Applications/Xcode.app/Contents/Developer/Platforms/MacOSX.platform/Developer/SDKs/MacOSX26.1.sdk/usr/include/complex.h
/Applications/Xcode.app/Contents/Developer/Platforms/MacOSX.platform/Developer/SDKs/MacOSX26.1.sdk/usr/include/errno.h
/Applications/Xcode.app/Contents/Developer/Platforms/MacOSX.platform/Developer/SDKs/MacOSX26.1.sdk/usr/include/sys/errno.h
/Applications/Xcode.app/Contents/Developer/Platforms/MacOSX.platform/Developer/SDKs/MacOSX26.1.sdk/usr/include/sys/_types/_errno_t.h
/Applications/Xcode.app/Contents/Developer/Platforms/MacOSX.platform/Developer/SDKs/MacOSX26.1.sdk/usr/include/fenv.h
/Applications/Xcode.app/Contents/Developer/Platforms/MacOSX.platform/Developer/SDKs/MacOSX26.1.sdk/usr/include/limits.h
/Applications/Xcode.app/Contents/Developer/Platforms/MacOSX.platform/Developer/SDKs/MacOSX26.1.sdk/usr/include/machine/limits.h
/Applications/Xcode.app/Contents/Developer/Platforms/MacOSX.platform/Developer/SDKs/MacOSX26.1.sdk/usr/include/arm/limits.h
/Applications/Xcode.app/Contents/Developer/Platforms/MacOSX.platform/Developer/SDKs/MacOSX26.1.sdk/usr/include/arm/_limits.h
/Applications/Xcode.app/Contents/Developer/Platforms/MacOSX.platform/Developer/SDKs/MacOSX26.1.sdk/usr/include/sys/syslimits.h
/Applications/Xcode.app/Contents/Developer/Platforms/MacOSX.platform/Developer/SDKs/MacOSX26.1.sdk/usr/include/i386/limits.h
/Applications/Xcode.app/Contents/Developer/Platforms/MacOSX.platform/Developer/SDKs/MacOSX26.1.sdk/usr/include/machine/_limits.h
/Applications/Xcode.app/Contents/Developer/Platforms/MacOSX.platform/Developer/SDKs/MacOSX26.1.sdk/usr/include/i386/_limits.h
/Applications/Xcode.app/Contents/Developer/Platforms/MacOSX.platform/Developer/SDKs/MacOSX26.1.sdk/usr/include/math.h
/Applications/Xcode.app/Contents/Developer/Platforms/MacOSX.platform/Developer/SDKs/MacOSX26.1.sdk/usr/include/setjmp.h
/Applications/Xcode.app/Contents/Developer/Platforms/MacOSX.platform/Developer/SDKs/MacOSX26.1.sdk/SDKSettings.json
/Applications/Xcode.app/Contents/Developer/Platforms/MacOSX.platform/Developer/SDKs/MacOSX26.1.sdk/usr/include/_DarwinFoundation2.apinotes
/Applications/Xcode.app/Contents/Developer/Platforms/MacOSX.platform/Developer/SDKs/MacOSX26.1.sdk/usr/include/DarwinFoundation2.modulemap
/Applications/Xcode.app/Contents/Developer/Platforms/MacOSX.platform/Developer/SDKs/MacOSX26.1.sdk/usr/include/DarwinFoundation1.modulemap
/Applications/Xcode.app/Contents/Developer/Platforms/MacOSX.platform/Developer/SDKs/MacOSX26.1.sdk/usr/include/nl_types.h
/Applications/Xcode.app/Contents/Developer/Platforms/MacOSX.platform/Developer/SDKs/MacOSX26.1.sdk/usr/include/sys/types.h
/Applications/Xcode.app/Contents/Developer/Platforms/MacOSX.platform/Developer/SDKs/MacOSX26.1.sdk/usr/include/machine/types.h
/Applications/Xcode.app/Contents/Developer/Platforms/MacOSX.platform/Developer/SDKs/MacOSX26.1.sdk/usr/include/arm/types.h
/Applications/Xcode.app/Contents/Developer/Platforms/MacOSX.platform/Developer/SDKs/MacOSX26.1.sdk/usr/include/arm/_types.h
/Applications/Xcode.app/Contents/Developer/Platforms/MacOSX.platform/Developer/SDKs/MacOSX26.1.sdk/usr/include/sys/_types/_ptrdiff_t.h
/Applications/Xcode.app/Contents/Developer/Toolchains/XcodeDefault.xctoolchain/usr/lib/swift/clang/include/module.modulemap
/Applications/Xcode.app/Contents/Developer/Toolchains/XcodeDefault.xctoolchain/usr/lib/swift/clang/include/stddef.h
/Applications/Xcode.app/Contents/Developer/Platforms/MacOSX.platform/Developer/SDKs/MacOSX26.1.sdk/usr/include/sys/_types/_size_t.h
/Applications/Xcode.app/Contents/Developer/Platforms/MacOSX.platform/Developer/SDKs/MacOSX26.1.sdk/usr/include/sys/_types/_va_list.h
/Applications/Xcode.app/Contents/Developer/Toolchains/XcodeDefault.xctoolchain/usr/lib/swift/clang/include/stdarg.h
/Applications/Xcode.app/Contents/Developer/Platforms/MacOSX.platform/Developer/SDKs/MacOSX26.1.sdk/usr/include/sys/_types/_wchar_t.h
/Applications/Xcode.app/Contents/Developer/Platforms/MacOSX.platform/Developer/SDKs/MacOSX26.1.sdk/usr/include/sys/_types/_int8_t.h
/Applications/Xcode.app/Contents/Developer/Platforms/MacOSX.platform/Developer/SDKs/MacOSX26.1.sdk/usr/include/sys/_types/_int16_t.h
/Applications/Xcode.app/Contents/Developer/Platforms/MacOSX.platform/Developer/SDKs/MacOSX26.1.sdk/usr/include/sys/_types/_int32_t.h
/Applications/Xcode.app/Contents/Developer/Platforms/MacOSX.platform/Developer/SDKs/MacOSX26.1.sdk/usr/include/sys/_types/_int64_t.h
/Applications/Xcode.app/Contents/Developer/Platforms/MacOSX.platform/Developer/SDKs/MacOSX26.1.sdk/usr/include/sys/_types/_intptr_t.h
/Applications/Xcode.app/Contents/Developer/Platforms/MacOSX.platform/Developer/SDKs/MacOSX26.1.sdk/usr/include/machine/_types.h
/Applications/Xcode.app/Contents/Developer/Platforms/MacOSX.platform/Developer/SDKs/MacOSX26.1.sdk/usr/include/sys/_types/_uintptr_t.h
/Applications/Xcode.app/Contents/Developer/Platforms/MacOSX.platform/Developer/SDKs/MacOSX26.1.sdk/usr/include/sys/_types.h
/Applications/Xcode.app/Contents/Developer/Platforms/MacOSX.platform/Developer/SDKs/MacOSX26.1.sdk/usr/include/sys/_types/_null.h
/Applications/Xcode.app/Contents/Developer/Platforms/MacOSX.platform/Developer/SDKs/MacOSX26.1.sdk/usr/include/sys/_pthread/_pthread_types.h
/Applications/Xcode.app/Contents/Developer/Platforms/MacOSX.platform/Developer/SDKs/MacOSX26.1.sdk/usr/include/machine/endian.h
/Applications/Xcode.app/Contents/Developer/Platforms/MacOSX.platform/Developer/SDKs/MacOSX26.1.sdk/usr/include/arm/endian.h
/Applications/Xcode.app/Contents/Developer/Platforms/MacOSX.platform/Developer/SDKs/MacOSX26.1.sdk/usr/include/sys/_endian.h
/Applications/Xcode.app/Contents/Developer/Platforms/MacOSX.platform/Developer/SDKs/MacOSX26.1.sdk/usr/include/libkern/_OSByteOrder.h
/Applications/Xcode.app/Contents/Developer/Platforms/MacOSX.platform/Developer/SDKs/MacOSX26.1.sdk/usr/include/libkern/arm/_OSByteOrder.h
/Applications/Xcode.app/Contents/Developer/Platforms/MacOSX.platform/Developer/SDKs/MacOSX26.1.sdk/usr/include/sys/_types/_caddr_t.h
/Applications/Xcode.app/Contents/Developer/Platforms/MacOSX.platform/Developer/SDKs/MacOSX26.1.sdk/usr/include/sys/_types/_dev_t.h
/Applications/Xcode.app/Contents/Developer/Platforms/MacOSX.platform/Developer/SDKs/MacOSX26.1.sdk/usr/include/sys/_types/_blkcnt_t.h
/Applications/Xcode.app/Contents/Developer/Platforms/MacOSX.platform/Developer/SDKs/MacOSX26.1.sdk/usr/include/sys/_types/_blksize_t.h
/Applications/Xcode.app/Contents/Developer/Platforms/MacOSX.platform/Developer/SDKs/MacOSX26.1.sdk/usr/include/sys/_types/_gid_t.h
/Applications/Xcode.app/Contents/Developer/Platforms/MacOSX.platform/Developer/SDKs/MacOSX26.1.sdk/usr/include/sys/_types/_in_addr_t.h
/Applications/Xcode.app/Contents/Developer/Platforms/MacOSX.platform/Developer/SDKs/MacOSX26.1.sdk/usr/include/sys/_types/_in_port_t.h
/Applications/Xcode.app/Contents/Developer/Platforms/MacOSX.platform/Developer/SDKs/MacOSX26.1.sdk/usr/include/sys/_types/_ino_t.h
/Applications/Xcode.app/Contents/Developer/Platforms/MacOSX.platform/Developer/SDKs/MacOSX26.1.sdk/usr/include/sys/_types/_ino64_t.h
/Applications/Xcode.app/Contents/Developer/Platforms/MacOSX.platform/Developer/SDKs/MacOSX26.1.sdk/usr/include/sys/_types/_key_t.h
/Applications/Xcode.app/Contents/Developer/Platforms/MacOSX.platform/Developer/SDKs/MacOSX26.1.sdk/usr/include/sys/_types/_mode_t.h
/Applications/Xcode.app/Contents/Developer/Platforms/MacOSX.platform/Developer/SDKs/MacOSX26.1.sdk/usr/include/sys/_types/_nlink_t.h
/Applications/Xcode.app/Contents/Developer/Platforms/MacOSX.platform/Developer/SDKs/MacOSX26.1.sdk/usr/include/sys/_types/_id_t.h
/Applications/Xcode.app/Contents/Developer/Platforms/MacOSX.platform/Developer/SDKs/MacOSX26.1.sdk/usr/include/sys/_types/_pid_t.h
/Applications/Xcode.app/Contents/Developer/Platforms/MacOSX.platform/Developer/SDKs/MacOSX26.1.sdk/usr/include/sys/_types/_off_t.h
/Applications/Xcode.app/Contents/Developer/Platforms/MacOSX.platform/Developer/SDKs/MacOSX26.1.sdk/usr/include/sys/_types/_uid_t.h
/Applications/Xcode.app/Contents/Developer/Platforms/MacOSX.platform/Developer/SDKs/MacOSX26.1.sdk/usr/include/sys/_types/_clock_t.h
/Applications/Xcode.app/Contents/Developer/Platforms/MacOSX.platform/Developer/SDKs/MacOSX26.1.sdk/usr/include/sys/_types/_ssize_t.h
/Applications/Xcode.app/Contents/Developer/Platforms/MacOSX.platform/Developer/SDKs/MacOSX26.1.sdk/usr/include/sys/_types/_time_t.h
/Applications/Xcode.app/Contents/Developer/Platforms/MacOSX.platform/Developer/SDKs/MacOSX26.1.sdk/usr/include/sys/_types/_useconds_t.h
/Applications/Xcode.app/Contents/Developer/Platforms/MacOSX.platform/Developer/SDKs/MacOSX26.1.sdk/usr/include/sys/_types/_suseconds_t.h
/Applications/Xcode.app/Contents/Developer/Platforms/MacOSX.platform/Developer/SDKs/MacOSX26.1.sdk/usr/include/sys/_types/_rsize_t.h
/Applications/Xcode.app/Contents/Developer/Platforms/MacOSX.platform/Developer/SDKs/MacOSX26.1.sdk/usr/include/sys/_types/_fd_def.h
/Applications/Xcode.app/Contents/Developer/Platforms/MacOSX.platform/Developer/SDKs/MacOSX26.1.sdk/usr/include/sys/_types/_fd_setsize.h
/Applications/Xcode.app/Contents/Developer/Platforms/MacOSX.platform/Developer/SDKs/MacOSX26.1.sdk/usr/include/sys/_types/_fd_set.h
/Applications/Xcode.app/Contents/Developer/Platforms/MacOSX.platform/Developer/SDKs/MacOSX26.1.sdk/usr/include/sys/_types/_fd_clr.h
/Applications/Xcode.app/Contents/Developer/Platforms/MacOSX.platform/Developer/SDKs/MacOSX26.1.sdk/usr/include/sys/_types/_fd_zero.h
/Applications/Xcode.app/Contents/Developer/Platforms/MacOSX.platform/Developer/SDKs/MacOSX26.1.sdk/usr/include/sys/_types/_fd_isset.h
/Applications/Xcode.app/Contents/Developer/Platforms/MacOSX.platform/Developer/SDKs/MacOSX26.1.sdk/usr/include/sys/_types/_fd_copy.h
/Applications/Xcode.app/Contents/Developer/Platforms/MacOSX.platform/Developer/SDKs/MacOSX26.1.sdk/usr/include/sys/_pthread/_pthread_attr_t.h
/Applications/Xcode.app/Contents/Developer/Platforms/MacOSX.platform/Developer/SDKs/MacOSX26.1.sdk/usr/include/sys/_pthread/_pthread_cond_t.h
/Applications/Xcode.app/Contents/Developer/Platforms/MacOSX.platform/Developer/SDKs/MacOSX26.1.sdk/usr/include/sys/_pthread/_pthread_condattr_t.h
/Applications/Xcode.app/Contents/Developer/Platforms/MacOSX.platform/Developer/SDKs/MacOSX26.1.sdk/usr/include/sys/_pthread/_pthread_mutex_t.h
/Applications/Xcode.app/Contents/Developer/Platforms/MacOSX.platform/Developer/SDKs/MacOSX26.1.sdk/usr/include/sys/_pthread/_pthread_mutexattr_t.h
/Applications/Xcode.app/Contents/Developer/Platforms/MacOSX.platform/Developer/SDKs/MacOSX26.1.sdk/usr/include/sys/_pthread/_pthread_once_t.h
/Applications/Xcode.app/Contents/Developer/Platforms/MacOSX.platform/Developer/SDKs/MacOSX26.1.sdk/usr/include/sys/_pthread/_pthread_rwlock_t.h
/Applications/Xcode.app/Contents/Developer/Platforms/MacOSX.platform/Developer/SDKs/MacOSX26.1.sdk/usr/include/sys/_pthread/_pthread_rwlockattr_t.h
/Applications/Xcode.app/Contents/Developer/Platforms/MacOSX.platform/Developer/SDKs/MacOSX26.1.sdk/usr/include/sys/_pthread/_pthread_t.h
/Applications/Xcode.app/Contents/Developer/Platforms/MacOSX.platform/Developer/SDKs/MacOSX26.1.sdk/usr/include/sys/_pthread/_pthread_key_t.h
/Applications/Xcode.app/Contents/Developer/Platforms/MacOSX.platform/Developer/SDKs/MacOSX26.1.sdk/usr/include/sys/_types/_fsblkcnt_t.h
/Applications/Xcode.app/Contents/Developer/Platforms/MacOSX.platform/Developer/SDKs/MacOSX26.1.sdk/usr/include/sys/_types/_fsfilcnt_t.h
/Applications/Xcode.app/Contents/Developer/Platforms/MacOSX.platform/Developer/SDKs/MacOSX26.1.sdk/usr/include/_types.h
/Applications/Xcode.app/Contents/Developer/Platforms/MacOSX.platform/Developer/SDKs/MacOSX26.1.sdk/usr/include/_types/_nl_item.h
/Applications/Xcode.app/Contents/Developer/Platforms/MacOSX.platform/Developer/SDKs/MacOSX26.1.sdk/usr/include/runetype.h
/Applications/Xcode.app/Contents/Developer/Platforms/MacOSX.platform/Developer/SDKs/MacOSX26.1.sdk/usr/include/sys/_types/_ct_rune_t.h
/Applications/Xcode.app/Contents/Developer/Platforms/MacOSX.platform/Developer/SDKs/MacOSX26.1.sdk/usr/include/sys/_types/_rune_t.h
/Applications/Xcode.app/Contents/Developer/Platforms/MacOSX.platform/Developer/SDKs/MacOSX26.1.sdk/usr/include/sys/_types/_wint_t.h
/Applications/Xcode.app/Contents/Developer/Platforms/MacOSX.platform/Developer/SDKs/MacOSX26.1.sdk/usr/include/alloca.h
/Applications/Xcode.app/Contents/Developer/Platforms/MacOSX.platform/Developer/SDKs/MacOSX26.1.sdk/usr/include/i386/endian.h
/Applications/Xcode.app/Contents/Developer/Platforms/MacOSX.platform/Developer/SDKs/MacOSX26.1.sdk/usr/include/libkern/i386/_OSByteOrder.h
/Applications/Xcode.app/Contents/Developer/Platforms/MacOSX.platform/Developer/SDKs/MacOSX26.1.sdk/usr/include/secure/_common.h
/Applications/Xcode.app/Contents/Developer/Platforms/MacOSX.platform/Developer/SDKs/MacOSX26.1.sdk/usr/include/sys/_types/_mach_port_t.h
/Applications/Xcode.app/Contents/Developer/Platforms/MacOSX.platform/Developer/SDKs/MacOSX26.1.sdk/usr/include/sys/_types/_offsetof.h
/Applications/Xcode.app/Contents/Developer/Platforms/MacOSX.platform/Developer/SDKs/MacOSX26.1.sdk/usr/include/_strings.h
/Applications/Xcode.app/Contents/Developer/Platforms/MacOSX.platform/Developer/SDKs/MacOSX26.1.sdk/usr/include/secure/_strings.h
/Applications/Xcode.app/Contents/Developer/Platforms/MacOSX.platform/Developer/SDKs/MacOSX26.1.sdk/usr/include/sys/_types/_timeval.h
/Applications/Xcode.app/Contents/Developer/Platforms/MacOSX.platform/Developer/SDKs/MacOSX26.1.sdk/usr/include/sys/_types/_uuid_t.h
/Applications/Xcode.app/Contents/Developer/Platforms/MacOSX.platform/Developer/SDKs/MacOSX26.1.sdk/usr/include/i386/types.h
/Applications/Xcode.app/Contents/Developer/Platforms/MacOSX.platform/Developer/SDKs/MacOSX26.1.sdk/usr/include/i386/_types.h
/Applications/Xcode.app/Contents/Developer/Platforms/MacOSX.platform/Developer/SDKs/MacOSX26.1.sdk/usr/include/_ctype.h
/Applications/Xcode.app/Contents/Developer/Platforms/MacOSX.platform/Developer/SDKs/MacOSX26.1.sdk/usr/include/xlocale/_ctype.h
/Applications/Xcode.app/Contents/Developer/Platforms/MacOSX.platform/Developer/SDKs/MacOSX26.1.sdk/usr/include/locale.h
/Applications/Xcode.app/Contents/Developer/Platforms/MacOSX.platform/Developer/SDKs/MacOSX26.1.sdk/usr/include/_locale.h
/Applications/Xcode.app/Contents/Developer/Platforms/MacOSX.platform/Developer/SDKs/MacOSX26.1.sdk/usr/include/_locale_posix2008.h
/Applications/Xcode.app/Contents/Developer/Platforms/MacOSX.platform/Developer/SDKs/MacOSX26.1.sdk/usr/include/stdint.h
/Applications/Xcode.app/Contents/Developer/Platforms/MacOSX.platform/Developer/SDKs/MacOSX26.1.sdk/usr/include/_types/_uint8_t.h
/Applications/Xcode.app/Contents/Developer/Platforms/MacOSX.platform/Developer/SDKs/MacOSX26.1.sdk/usr/include/_types/_uint16_t.h
/Applications/Xcode.app/Contents/Developer/Platforms/MacOSX.platform/Developer/SDKs/MacOSX26.1.sdk/usr/include/_types/_uint32_t.h
/Applications/Xcode.app/Contents/Developer/Platforms/MacOSX.platform/Developer/SDKs/MacOSX26.1.sdk/usr/include/_types/_uint64_t.h
/Applications/Xcode.app/Contents/Developer/Platforms/MacOSX.platform/Developer/SDKs/MacOSX26.1.sdk/usr/include/_types/_intmax_t.h
/Applications/Xcode.app/Contents/Developer/Platforms/MacOSX.platform/Developer/SDKs/MacOSX26.1.sdk/usr/include/_types/_uintmax_t.h
/Applications/Xcode.app/Contents/Developer/Platforms/MacOSX.platform/Developer/SDKs/MacOSX26.1.sdk/usr/include/_stdio.h
/Applications/Xcode.app/Contents/Developer/Platforms/MacOSX.platform/Developer/SDKs/MacOSX26.1.sdk/usr/include/sys/stdio.h
/Applications/Xcode.app/Contents/Developer/Platforms/MacOSX.platform/Developer/SDKs/MacOSX26.1.sdk/usr/include/_printf.h
/Applications/Xcode.app/Contents/Developer/Platforms/MacOSX.platform/Developer/SDKs/MacOSX26.1.sdk/usr/include/sys/_types/_seek_set.h
/Applications/Xcode.app/Contents/Developer/Platforms/MacOSX.platform/Developer/SDKs/MacOSX26.1.sdk/usr/include/_ctermid.h
/Applications/Xcode.app/Contents/Developer/Platforms/MacOSX.platform/Developer/SDKs/MacOSX26.1.sdk/usr/include/secure/_stdio.h
/Applications/Xcode.app/Contents/Developer/Platforms/MacOSX.platform/Developer/SDKs/MacOSX26.1.sdk/usr/include/xlocale/_stdio.h
/Applications/Xcode.app/Contents/Developer/Platforms/MacOSX.platform/Developer/SDKs/MacOSX26.1.sdk/usr/include/_string.h
/Applications/Xcode.app/Contents/Developer/Platforms/MacOSX.platform/Developer/SDKs/MacOSX26.1.sdk/usr/include/secure/_string.h
/Applications/Xcode.app/Contents/Developer/Platforms/MacOSX.platform/Developer/SDKs/MacOSX26.1.sdk/usr/include/xlocale/_string.h
/Applications/Xcode.app/Contents/Developer/Platforms/MacOSX.platform/Developer/SDKs/MacOSX26.1.sdk/usr/include/tgmath.h
/Applications/Xcode.app/Contents/Developer/Platforms/MacOSX.platform/Developer/SDKs/MacOSX26.1.sdk/usr/include/_time.h
/Applications/Xcode.app/Contents/Developer/Platforms/MacOSX.platform/Developer/SDKs/MacOSX26.1.sdk/usr/include/sys/_types/_timespec.h
/Applications/Xcode.app/Contents/Developer/Platforms/MacOSX.platform/Developer/SDKs/MacOSX26.1.sdk/usr/include/xlocale/_time.h
/Applications/Xcode.app/Contents/Developer/Platforms/MacOSX.platform/Developer/SDKs/MacOSX26.1.sdk/SDKSettings.json
/Applications/Xcode.app/Contents/Developer/Toolchains/XcodeDefault.xctoolchain/usr/lib/swift/macosx/prebuilt-modules/26.1/_DarwinFoundation2.swiftmodule/arm64e-apple-macos.swiftmodule
/Applications/Xcode.app/Contents/Developer/Toolchains/XcodeDefault.xctoolchain/usr/lib/swift/macosx/prebuilt-modules/26.1/_DarwinFoundation3.swiftmodule/arm64e-apple-macos.swiftmodule
/Applications/Xcode.app/Contents/Developer/Platforms/MacOSX.platform/Developer/SDKs/MacOSX26.1.sdk/usr/include/DarwinFoundation2.modulemap
/Applications/Xcode.app/Contents/Developer/Platforms/MacOSX.platform/Developer/SDKs/MacOSX26.1.sdk/usr/include/DarwinFoundation3.modulemap
/Applications/Xcode.app/Contents/Developer/Platforms/MacOSX.platform/Developer/SDKs/MacOSX26.1.sdk/usr/include/DarwinFoundation1.modulemap
/Applications/Xcode.app/Contents/Developer/Platforms/MacOSX.platform/Developer/SDKs/MacOSX26.1.sdk/usr/include/pthread/pthread.h
/Applications/Xcode.app/Contents/Developer/Platforms/MacOSX.platform/Developer/SDKs/MacOSX26.1.sdk/usr/include/pthread/sched.h
/Applications/Xcode.app/Contents/Developer/Platforms/MacOSX.platform/Developer/SDKs/MacOSX26.1.sdk/usr/include/pthread/pthread_impl.h
/Applications/Xcode.app/Contents/Developer/Platforms/MacOSX.platform/Developer/SDKs/MacOSX26.1.sdk/usr/include/time.h
/Applications/Xcode.app/Contents/Developer/Platforms/MacOSX.platform/Developer/SDKs/MacOSX26.1.sdk/usr/include/pthread/qos.h
/Applications/Xcode.app/Contents/Developer/Platforms/MacOSX.platform/Developer/SDKs/MacOSX26.1.sdk/usr/include/sys/_types/_sigset_t.h
/Applications/Xcode.app/Contents/Developer/Platforms/MacOSX.platform/Developer/SDKs/MacOSX26.1.sdk/usr/include/sys/resource.h
/Applications/Xcode.app/Contents/Developer/Toolchains/XcodeDefault.xctoolchain/usr/lib/swift/clang/include/module.modulemap
/Applications/Xcode.app/Contents/Developer/Platforms/MacOSX.platform/Developer/SDKs/MacOSX26.1.sdk/usr/include/sys/select.h
/Applications/Xcode.app/Contents/Developer/Platforms/MacOSX.platform/Developer/SDKs/MacOSX26.1.sdk/usr/include/sys/_select.h
/Applications/Xcode.app/Contents/Developer/Platforms/MacOSX.platform/Developer/SDKs/MacOSX26.1.sdk/usr/include/sys/wait.h
/Applications/Xcode.app/Contents/Developer/Platforms/MacOSX.platform/Developer/SDKs/MacOSX26.1.sdk/usr/include/sys/signal.h
/Applications/Xcode.app/Contents/Developer/Platforms/MacOSX.platform/Developer/SDKs/MacOSX26.1.sdk/usr/include/machine/signal.h
/Applications/Xcode.app/Contents/Developer/Platforms/MacOSX.platform/Developer/SDKs/MacOSX26.1.sdk/usr/include/arm/signal.h
/Applications/Xcode.app/Contents/Developer/Platforms/MacOSX.platform/Developer/SDKs/MacOSX26.1.sdk/usr/include/machine/_mcontext.h
/Applications/Xcode.app/Contents/Developer/Platforms/MacOSX.platform/Developer/SDKs/MacOSX26.1.sdk/usr/include/arm/_mcontext.h
/Applications/Xcode.app/Contents/Developer/Platforms/MacOSX.platform/Developer/SDKs/MacOSX26.1.sdk/usr/include/mach/machine/_structs.h
/Applications/Xcode.app/Contents/Developer/Platforms/MacOSX.platform/Developer/SDKs/MacOSX26.1.sdk/usr/include/mach/arm/_structs.h
/Applications/Xcode.app/Contents/Developer/Platforms/MacOSX.platform/Developer/SDKs/MacOSX26.1.sdk/usr/include/sys/_types/_sigaltstack.h
/Applications/Xcode.app/Contents/Developer/Platforms/MacOSX.platform/Developer/SDKs/MacOSX26.1.sdk/usr/include/sys/_types/_ucontext.h
/Applications/Xcode.app/Contents/Developer/Platforms/MacOSX.platform/Developer/SDKs/MacOSX26.1.sdk/usr/include/unistd.h
/Applications/Xcode.app/Contents/Developer/Platforms/MacOSX.platform/Developer/SDKs/MacOSX26.1.sdk/usr/include/sys/unistd.h
/Applications/Xcode.app/Contents/Developer/Platforms/MacOSX.platform/Developer/SDKs/MacOSX26.1.sdk/usr/include/sys/_types/_posix_vdisable.h
/Applications/Xcode.app/Contents/Developer/Platforms/MacOSX.platform/Developer/SDKs/MacOSX26.1.sdk/usr/include/gethostuuid.h
/Applications/Xcode.app/Contents/Developer/Platforms/MacOSX.platform/Developer/SDKs/MacOSX26.1.sdk/usr/include/mach/i386/_structs.h
/Applications/Xcode.app/Contents/Developer/Platforms/MacOSX.platform/Developer/SDKs/MacOSX26.1.sdk/usr/include/_inttypes.h
/Applications/Xcode.app/Contents/Developer/Platforms/MacOSX.platform/Developer/SDKs/MacOSX26.1.sdk/usr/include/xlocale/_inttypes.h
/Applications/Xcode.app/Contents/Developer/Toolchains/XcodeDefault.xctoolchain/usr/lib/swift/clang/include/stddef.h
/Applications/Xcode.app/Contents/Developer/Platforms/MacOSX.platform/Developer/SDKs/MacOSX26.1.sdk/usr/include/signal.h
/Applications/Xcode.app/Contents/Developer/Platforms/MacOSX.platform/Developer/SDKs/MacOSX26.1.sdk/usr/include/i386/signal.h
/Applications/Xcode.app/Contents/Developer/Platforms/MacOSX.platform/Developer/SDKs/MacOSX26.1.sdk/usr/include/i386/_mcontext.h
/Applications/Xcode.app/Contents/Developer/Platforms/MacOSX.platform/Developer/SDKs/MacOSX26.1.sdk/usr/include/_stdlib.h
/Applications/Xcode.app/Contents/Developer/Platforms/MacOSX.platform/Developer/SDKs/MacOSX26.1.sdk/usr/include/malloc/_malloc.h
/Applications/Xcode.app/Contents/Developer/Platforms/MacOSX.platform/Developer/SDKs/MacOSX26.1.sdk/usr/include/malloc/_malloc_type.h
/Applications/Xcode.app/Contents/Developer/Platforms/MacOSX.platform/Developer/SDKs/MacOSX26.1.sdk/usr/include/malloc/_ptrcheck.h
/Applications/Xcode.app/Contents/Developer/Platforms/MacOSX.platform/Developer/SDKs/MacOSX26.1.sdk/usr/include/_abort.h
/Applications/Xcode.app/Contents/Developer/Platforms/MacOSX.platform/Developer/SDKs/MacOSX26.1.sdk/usr/include/xlocale/_stdlib.h
/Applications/Xcode.app/Contents/Developer/Platforms/MacOSX.platform/Developer/SDKs/MacOSX26.1.sdk/usr/include/_wchar.h
/Applications/Xcode.app/Contents/Developer/Platforms/MacOSX.platform/Developer/SDKs/MacOSX26.1.sdk/usr/include/sys/_types/_mbstate_t.h
/Applications/Xcode.app/Contents/Developer/Toolchains/XcodeDefault.xctoolchain/usr/lib/swift/clang/include/stdarg.h
/Applications/Xcode.app/Contents/Developer/Platforms/MacOSX.platform/Developer/SDKs/MacOSX26.1.sdk/usr/include/stdio.h
/Applications/Xcode.app/Contents/Developer/Platforms/MacOSX.platform/Developer/SDKs/MacOSX26.1.sdk/usr/include/__wctype.h
/Applications/Xcode.app/Contents/Developer/Platforms/MacOSX.platform/Developer/SDKs/MacOSX26.1.sdk/usr/include/___wctype.h
/Applications/Xcode.app/Contents/Developer/Platforms/MacOSX.platform/Developer/SDKs/MacOSX26.1.sdk/usr/include/_types/_wctype_t.h
/Applications/Xcode.app/Contents/Developer/Platforms/MacOSX.platform/Developer/SDKs/MacOSX26.1.sdk/usr/include/ctype.h
/Applications/Xcode.app/Contents/Developer/Platforms/MacOSX.platform/Developer/SDKs/MacOSX26.1.sdk/usr/include/xlocale/_wchar.h
/Applications/Xcode.app/Contents/Developer/Platforms/MacOSX.platform/Developer/SDKs/MacOSX26.1.sdk/usr/include/_wctype.h
/Applications/Xcode.app/Contents/Developer/Platforms/MacOSX.platform/Developer/SDKs/MacOSX26.1.sdk/usr/include/_types/_wctrans_t.h
/Applications/Xcode.app/Contents/Developer/Platforms/MacOSX.platform/Developer/SDKs/MacOSX26.1.sdk/usr/include/xlocale/_wctype.h
/Applications/Xcode.app/Contents/Developer/Platforms/MacOSX.platform/Developer/SDKs/MacOSX26.1.sdk/usr/include/xlocale/___wctype.h
/Applications/Xcode.app/Contents/Developer/Platforms/MacOSX.platform/Developer/SDKs/MacOSX26.1.sdk/SDKSettings.json
/Applications/Xcode.app/Contents/Developer/Toolchains/XcodeDefault.xctoolchain/usr/lib/swift/macosx/prebuilt-modules/26.1/_StringProcessing.swiftmodule/arm64e-apple-macos.swiftmodule
/Applications/Xcode.app/Contents/Developer/Platforms/MacOSX.platform/Developer/SDKs/MacOSX26.1.sdk/usr/lib/swift/shims/module.modulemap
/Applications/Xcode.app/Contents/Developer/Platforms/MacOSX.platform/Developer/SDKs/MacOSX26.1.sdk/usr/lib/swift/shims/_SwiftConcurrency.h
/Applications/Xcode.app/Contents/Developer/Platforms/MacOSX.platform/Developer/SDKs/MacOSX26.1.sdk/SDKSettings.json
/Applications/Xcode.app/Contents/Developer/Platforms/MacOSX.platform/Developer/SDKs/MacOSX26.1.sdk/usr/include/launch.modulemap
/Applications/Xcode.app/Contents/Developer/Platforms/MacOSX.platform/Developer/SDKs/MacOSX26.1.sdk/usr/include/Darwin.modulemap
/Applications/Xcode.app/Contents/Developer/Platforms/MacOSX.platform/Developer/SDKs/MacOSX26.1.sdk/usr/include/Darwin_C.modulemap
/Applications/Xcode.app/Contents/Developer/Platforms/MacOSX.platform/Developer/SDKs/MacOSX26.1.sdk/usr/include/Darwin_POSIX.modulemap
/Applications/Xcode.app/Contents/Developer/Platforms/MacOSX.platform/Developer/SDKs/MacOSX26.1.sdk/usr/include/net.modulemap
/Applications/Xcode.app/Contents/Developer/Platforms/MacOSX.platform/Developer/SDKs/MacOSX26.1.sdk/usr/include/netinet.modulemap
/Applications/Xcode.app/Contents/Developer/Platforms/MacOSX.platform/Developer/SDKs/MacOSX26.1.sdk/usr/include/bank.modulemap
/Applications/Xcode.app/Contents/Developer/Platforms/MacOSX.platform/Developer/SDKs/MacOSX26.1.sdk/usr/include/Darwin_Mach.modulemap
/Applications/Xcode.app/Contents/Developer/Platforms/MacOSX.platform/Developer/SDKs/MacOSX26.1.sdk/usr/include/Darwin_Mach_machine.modulemap
/Applications/Xcode.app/Contents/Developer/Platforms/MacOSX.platform/Developer/SDKs/MacOSX26.1.sdk/usr/include/mach_debug.modulemap
/Applications/Xcode.app/Contents/Developer/Platforms/MacOSX.platform/Developer/SDKs/MacOSX26.1.sdk/usr/include/device.modulemap
/Applications/Xcode.app/Contents/Developer/Platforms/MacOSX.platform/Developer/SDKs/MacOSX26.1.sdk/usr/include/Darwin_machine.modulemap
/Applications/Xcode.app/Contents/Developer/Platforms/MacOSX.platform/Developer/SDKs/MacOSX26.1.sdk/usr/include/ncurses.modulemap
/Applications/Xcode.app/Contents/Developer/Platforms/MacOSX.platform/Developer/SDKs/MacOSX26.1.sdk/usr/include/netinet6.modulemap
/Applications/Xcode.app/Contents/Developer/Platforms/MacOSX.platform/Developer/SDKs/MacOSX26.1.sdk/usr/include/Darwin_sys.modulemap
/Applications/Xcode.app/Contents/Developer/Platforms/MacOSX.platform/Developer/SDKs/MacOSX26.1.sdk/usr/include/uuid.modulemap
/Applications/Xcode.app/Contents/Developer/Platforms/MacOSX.platform/Developer/SDKs/MacOSX26.1.sdk/usr/include/DarwinFoundation1.modulemap
/Applications/Xcode.app/Contents/Developer/Platforms/MacOSX.platform/Developer/SDKs/MacOSX26.1.sdk/usr/include/launch.h
/Applications/Xcode.app/Contents/Developer/Toolchains/XcodeDefault.xctoolchain/usr/lib/swift/clang/include/module.modulemap
/Applications/Xcode.app/Contents/Developer/Toolchains/XcodeDefault.xctoolchain/usr/lib/swift/clang/include/stddef.h
/Applications/Xcode.app/Contents/Developer/Platforms/MacOSX.platform/Developer/SDKs/MacOSX26.1.sdk/SDKSettings.json
/Applications/Xcode.app/Contents/Developer/Platforms/MacOSX.platform/Developer/SDKs/MacOSX26.1.sdk/usr/include/libDER/module.modulemap
/Applications/Xcode.app/Contents/Developer/Platforms/MacOSX.platform/Developer/SDKs/MacOSX26.1.sdk/usr/include/libDER/DERItem.h
/Applications/Xcode.app/Contents/Developer/Platforms/MacOSX.platform/Developer/SDKs/MacOSX26.1.sdk/usr/include/libDER/libDER_config.h
/Applications/Xcode.app/Contents/Developer/Toolchains/XcodeDefault.xctoolchain/usr/lib/swift/clang/include/module.modulemap
/Applications/Xcode.app/Contents/Developer/Toolchains/XcodeDefault.xctoolchain/usr/lib/swift/clang/include/stddef.h
/Applications/Xcode.app/Contents/Developer/Platforms/MacOSX.platform/Developer/SDKs/MacOSX26.1.sdk/usr/include/DarwinFoundation2.modulemap
/Applications/Xcode.app/Contents/Developer/Platforms/MacOSX.platform/Developer/SDKs/MacOSX26.1.sdk/usr/include/DarwinFoundation1.modulemap
/Applications/Xcode.app/Contents/Developer/Platforms/MacOSX.platform/Developer/SDKs/MacOSX26.1.sdk/usr/include/string.h
/Applications/Xcode.app/Contents/Developer/Platforms/MacOSX.platform/Developer/SDKs/MacOSX26.1.sdk/SDKSettings.json
/Applications/Xcode.app/Contents/Developer/Platforms/MacOSX.platform/Developer/SDKs/MacOSX26.1.sdk/usr/include/libkern.modulemap
/Applications/Xcode.app/Contents/Developer/Platforms/MacOSX.platform/Developer/SDKs/MacOSX26.1.sdk/usr/include/Darwin.modulemap
/Applications/Xcode.app/Contents/Developer/Platforms/MacOSX.platform/Developer/SDKs/MacOSX26.1.sdk/usr/include/Darwin_C.modulemap
/Applications/Xcode.app/Contents/Developer/Platforms/MacOSX.platform/Developer/SDKs/MacOSX26.1.sdk/usr/include/Darwin_POSIX.modulemap
/Applications/Xcode.app/Contents/Developer/Platforms/MacOSX.platform/Developer/SDKs/MacOSX26.1.sdk/usr/include/net.modulemap
/Applications/Xcode.app/Contents/Developer/Platforms/MacOSX.platform/Developer/SDKs/MacOSX26.1.sdk/usr/include/netinet.modulemap
/Applications/Xcode.app/Contents/Developer/Platforms/MacOSX.platform/Developer/SDKs/MacOSX26.1.sdk/usr/include/bank.modulemap
/Applications/Xcode.app/Contents/Developer/Platforms/MacOSX.platform/Developer/SDKs/MacOSX26.1.sdk/usr/include/Darwin_Mach.modulemap
/Applications/Xcode.app/Contents/Developer/Platforms/MacOSX.platform/Developer/SDKs/MacOSX26.1.sdk/usr/include/Darwin_Mach_machine.modulemap
/Applications/Xcode.app/Contents/Developer/Platforms/MacOSX.platform/Developer/SDKs/MacOSX26.1.sdk/usr/include/mach_debug.modulemap
/Applications/Xcode.app/Contents/Developer/Platforms/MacOSX.platform/Developer/SDKs/MacOSX26.1.sdk/usr/include/device.modulemap
/Applications/Xcode.app/Contents/Developer/Platforms/MacOSX.platform/Developer/SDKs/MacOSX26.1.sdk/usr/include/Darwin_machine.modulemap
/Applications/Xcode.app/Contents/Developer/Platforms/MacOSX.platform/Developer/SDKs/MacOSX26.1.sdk/usr/include/ncurses.modulemap
/Applications/Xcode.app/Contents/Developer/Platforms/MacOSX.platform/Developer/SDKs/MacOSX26.1.sdk/usr/include/netinet6.modulemap
/Applications/Xcode.app/Contents/Developer/Platforms/MacOSX.platform/Developer/SDKs/MacOSX26.1.sdk/usr/include/Darwin_sys.modulemap
/Applications/Xcode.app/Contents/Developer/Platforms/MacOSX.platform/Developer/SDKs/MacOSX26.1.sdk/usr/include/uuid.modulemap
/Applications/Xcode.app/Contents/Developer/Platforms/MacOSX.platform/Developer/SDKs/MacOSX26.1.sdk/usr/include/DarwinFoundation1.modulemap
/Applications/Xcode.app/Contents/Developer/Platforms/MacOSX.platform/Developer/SDKs/MacOSX26.1.sdk/usr/include/libkern/OSCacheControl.h
/Applications/Xcode.app/Contents/Developer/Toolchains/XcodeDefault.xctoolchain/usr/lib/swift/clang/include/module.modulemap
/Applications/Xcode.app/Contents/Developer/Toolchains/XcodeDefault.xctoolchain/usr/lib/swift/clang/include/stddef.h
/Applications/Xcode.app/Contents/Developer/Platforms/MacOSX.platform/Developer/SDKs/MacOSX26.1.sdk/usr/include/libkern/OSDebug.h
/Applications/Xcode.app/Contents/Developer/Platforms/MacOSX.platform/Developer/SDKs/MacOSX26.1.sdk/usr/include/libkern/OSReturn.h
/Applications/Xcode.app/Contents/Developer/Platforms/MacOSX.platform/Developer/SDKs/MacOSX26.1.sdk/usr/include/libkern/OSThermalNotification.h
/Applications/Xcode.app/Contents/Developer/Platforms/MacOSX.platform/Developer/SDKs/MacOSX26.1.sdk/usr/include/libkern/OSTypes.h
/Applications/Xcode.app/Contents/Developer/Platforms/MacOSX.platform/Developer/SDKs/MacOSX26.1.sdk/usr/include/libkern/OSKextLib.h
/Applications/Xcode.app/Contents/Developer/Platforms/MacOSX.platform/Developer/SDKs/MacOSX26.1.sdk/SDKSettings.json
/Applications/Xcode.app/Contents/Developer/Platforms/MacOSX.platform/Developer/SDKs/MacOSX26.1.sdk/usr/include/os.modulemap
/Applications/Xcode.app/Contents/Developer/Platforms/MacOSX.platform/Developer/SDKs/MacOSX26.1.sdk/usr/include/ObjectiveC.modulemap
/Applications/Xcode.app/Contents/Developer/Platforms/MacOSX.platform/Developer/SDKs/MacOSX26.1.sdk/usr/include/Darwin.modulemap
/Applications/Xcode.app/Contents/Developer/Platforms/MacOSX.platform/Developer/SDKs/MacOSX26.1.sdk/usr/include/Darwin_C.modulemap
/Applications/Xcode.app/Contents/Developer/Platforms/MacOSX.platform/Developer/SDKs/MacOSX26.1.sdk/usr/include/Darwin_POSIX.modulemap
/Applications/Xcode.app/Contents/Developer/Platforms/MacOSX.platform/Developer/SDKs/MacOSX26.1.sdk/usr/include/net.modulemap
/Applications/Xcode.app/Contents/Developer/Platforms/MacOSX.platform/Developer/SDKs/MacOSX26.1.sdk/usr/include/netinet.modulemap
/Applications/Xcode.app/Contents/Developer/Platforms/MacOSX.platform/Developer/SDKs/MacOSX26.1.sdk/usr/include/bank.modulemap
/Applications/Xcode.app/Contents/Developer/Platforms/MacOSX.platform/Developer/SDKs/MacOSX26.1.sdk/usr/include/Darwin_Mach.modulemap
/Applications/Xcode.app/Contents/Developer/Platforms/MacOSX.platform/Developer/SDKs/MacOSX26.1.sdk/usr/include/Darwin_Mach_machine.modulemap
/Applications/Xcode.app/Contents/Developer/Platforms/MacOSX.platform/Developer/SDKs/MacOSX26.1.sdk/usr/include/mach_debug.modulemap
/Applications/Xcode.app/Contents/Developer/Platforms/MacOSX.platform/Developer/SDKs/MacOSX26.1.sdk/usr/include/device.modulemap
/Applications/Xcode.app/Contents/Developer/Platforms/MacOSX.platform/Developer/SDKs/MacOSX26.1.sdk/usr/include/Darwin_machine.modulemap
/Applications/Xcode.app/Contents/Developer/Platforms/MacOSX.platform/Developer/SDKs/MacOSX26.1.sdk/usr/include/ncurses.modulemap
/Applications/Xcode.app/Contents/Developer/Platforms/MacOSX.platform/Developer/SDKs/MacOSX26.1.sdk/usr/include/netinet6.modulemap
/Applications/Xcode.app/Contents/Developer/Platforms/MacOSX.platform/Developer/SDKs/MacOSX26.1.sdk/usr/include/Darwin_sys.modulemap
/Applications/Xcode.app/Contents/Developer/Platforms/MacOSX.platform/Developer/SDKs/MacOSX26.1.sdk/usr/include/uuid.modulemap
/Applications/Xcode.app/Contents/Developer/Platforms/MacOSX.platform/Developer/SDKs/MacOSX26.1.sdk/usr/include/DarwinFoundation1.modulemap
/Applications/Xcode.app/Contents/Developer/Platforms/MacOSX.platform/Developer/SDKs/MacOSX26.1.sdk/usr/include/os/object.h
/Applications/Xcode.app/Contents/Developer/Platforms/MacOSX.platform/Developer/SDKs/MacOSX26.1.sdk/SDKSettings.json
/Applications/Xcode.app/Contents/Developer/Platforms/MacOSX.platform/Developer/SDKs/MacOSX26.1.sdk/usr/include/os.modulemap
/Applications/Xcode.app/Contents/Developer/Platforms/MacOSX.platform/Developer/SDKs/MacOSX26.1.sdk/usr/include/Darwin.modulemap
/Applications/Xcode.app/Contents/Developer/Platforms/MacOSX.platform/Developer/SDKs/MacOSX26.1.sdk/usr/include/Darwin_C.modulemap
/Applications/Xcode.app/Contents/Developer/Platforms/MacOSX.platform/Developer/SDKs/MacOSX26.1.sdk/usr/include/Darwin_POSIX.modulemap
/Applications/Xcode.app/Contents/Developer/Platforms/MacOSX.platform/Developer/SDKs/MacOSX26.1.sdk/usr/include/net.modulemap
/Applications/Xcode.app/Contents/Developer/Platforms/MacOSX.platform/Developer/SDKs/MacOSX26.1.sdk/usr/include/netinet.modulemap
/Applications/Xcode.app/Contents/Developer/Platforms/MacOSX.platform/Developer/SDKs/MacOSX26.1.sdk/usr/include/bank.modulemap
/Applications/Xcode.app/Contents/Developer/Platforms/MacOSX.platform/Developer/SDKs/MacOSX26.1.sdk/usr/include/Darwin_Mach.modulemap
/Applications/Xcode.app/Contents/Developer/Platforms/MacOSX.platform/Developer/SDKs/MacOSX26.1.sdk/usr/include/Darwin_Mach_machine.modulemap
/Applications/Xcode.app/Contents/Developer/Platforms/MacOSX.platform/Developer/SDKs/MacOSX26.1.sdk/usr/include/mach_debug.modulemap
/Applications/Xcode.app/Contents/Developer/Platforms/MacOSX.platform/Developer/SDKs/MacOSX26.1.sdk/usr/include/device.modulemap
/Applications/Xcode.app/Contents/Developer/Platforms/MacOSX.platform/Developer/SDKs/MacOSX26.1.sdk/usr/include/Darwin_machine.modulemap
/Applications/Xcode.app/Contents/Developer/Platforms/MacOSX.platform/Developer/SDKs/MacOSX26.1.sdk/usr/include/ncurses.modulemap
/Applications/Xcode.app/Contents/Developer/Platforms/MacOSX.platform/Developer/SDKs/MacOSX26.1.sdk/usr/include/netinet6.modulemap
/Applications/Xcode.app/Contents/Developer/Platforms/MacOSX.platform/Developer/SDKs/MacOSX26.1.sdk/usr/include/Darwin_sys.modulemap
/Applications/Xcode.app/Contents/Developer/Platforms/MacOSX.platform/Developer/SDKs/MacOSX26.1.sdk/usr/include/uuid.modulemap
/Applications/Xcode.app/Contents/Developer/Platforms/MacOSX.platform/Developer/SDKs/MacOSX26.1.sdk/usr/include/DarwinFoundation2.modulemap
/Applications/Xcode.app/Contents/Developer/Platforms/MacOSX.platform/Developer/SDKs/MacOSX26.1.sdk/usr/include/DarwinFoundation3.modulemap
/Applications/Xcode.app/Contents/Developer/Platforms/MacOSX.platform/Developer/SDKs/MacOSX26.1.sdk/usr/include/DarwinFoundation1.modulemap
/Applications/Xcode.app/Contents/Developer/Platforms/MacOSX.platform/Developer/SDKs/MacOSX26.1.sdk/usr/include/os/workgroup.h
/Applications/Xcode.app/Contents/Developer/Platforms/MacOSX.platform/Developer/SDKs/MacOSX26.1.sdk/usr/include/os/workgroup_base.h
/Applications/Xcode.app/Contents/Developer/Toolchains/XcodeDefault.xctoolchain/usr/lib/swift/clang/include/module.modulemap
/Applications/Xcode.app/Contents/Developer/Toolchains/XcodeDefault.xctoolchain/usr/lib/swift/clang/include/stddef.h
/Applications/Xcode.app/Contents/Developer/Platforms/MacOSX.platform/Developer/SDKs/MacOSX26.1.sdk/usr/include/string.h
/Applications/Xcode.app/Contents/Developer/Platforms/MacOSX.platform/Developer/SDKs/MacOSX26.1.sdk/usr/include/stdlib.h
/Applications/Xcode.app/Contents/Developer/Platforms/MacOSX.platform/Developer/SDKs/MacOSX26.1.sdk/usr/include/os/workgroup_object.h
/Applications/Xcode.app/Contents/Developer/Platforms/MacOSX.platform/Developer/SDKs/MacOSX26.1.sdk/usr/include/os/workgroup_interval.h
/Applications/Xcode.app/Contents/Developer/Platforms/MacOSX.platform/Developer/SDKs/MacOSX26.1.sdk/usr/include/os/workgroup_parallel.h
/Applications/Xcode.app/Contents/Developer/Platforms/MacOSX.platform/Developer/SDKs/MacOSX26.1.sdk/SDKSettings.json
/Applications/Xcode.app/Contents/Developer/Toolchains/XcodeDefault.xctoolchain/usr/lib/swift/clang/include/module.modulemap
/Applications/Xcode.app/Contents/Developer/Toolchains/XcodeDefault.xctoolchain/usr/lib/swift/clang/include/ptrauth.h
/Applications/Xcode.app/Contents/Developer/Platforms/MacOSX.platform/Developer/SDKs/MacOSX26.1.sdk/SDKSettings.json
/Applications/Xcode.app/Contents/Developer/Toolchains/XcodeDefault.xctoolchain/usr/lib/swift/clang/include/module.modulemap
/Applications/Xcode.app/Contents/Developer/Toolchains/XcodeDefault.xctoolchain/usr/lib/swift/clang/include/ptrcheck.h
/Applications/Xcode.app/Contents/Developer/Platforms/MacOSX.platform/Developer/SDKs/MacOSX26.1.sdk/SDKSettings.json
/Applications/Xcode.app/Contents/Developer/Platforms/MacOSX.platform/Developer/SDKs/MacOSX26.1.sdk/usr/include/DarwinFoundation2.modulemap
/Applications/Xcode.app/Contents/Developer/Platforms/MacOSX.platform/Developer/SDKs/MacOSX26.1.sdk/usr/include/_modules/_sys_types.h
/Applications/Xcode.app/Contents/Developer/Platforms/MacOSX.platform/Developer/SDKs/MacOSX26.1.sdk/SDKSettings.json

SwiftDriverJobDiscovery normal arm64 Compiling Karatsuba.swift (in target 'BigInt' from project 'BigInt')

SwiftCompile normal arm64 Compiling\ ToomCook.swift /Users/rogerlin/Library/Developer/Xcode/DerivedData/FinancialCalculatorKit-ackorybalcxbfocbkqsfdzcfkgmn/SourcePackages/checkouts/BigInt/Sources/BigInt/ToomCook.swift (in target 'BigInt' from project 'BigInt')
/Applications/Xcode.app/Contents/Developer/Toolchains/XcodeDefault.xctoolchain/usr/bin/swift-frontend -frontend -c /Users/rogerlin/Library/Developer/Xcode/DerivedData/FinancialCalculatorKit-ackorybalcxbfocbkqsfdzcfkgmn/SourcePackages/checkouts/BigInt/Sources/BigInt/BigFrac.swift /Users/rogerlin/Library/Developer/Xcode/DerivedData/FinancialCalculatorKit-ackorybalcxbfocbkqsfdzcfkgmn/SourcePackages/checkouts/BigInt/Sources/BigInt/BigInt-Extensions.swift /Users/rogerlin/Library/Developer/Xcode/DerivedData/FinancialCalculatorKit-ackorybalcxbfocbkqsfdzcfkgmn/SourcePackages/checkouts/BigInt/Sources/BigInt/BigInt.swift /Users/rogerlin/Library/Developer/Xcode/DerivedData/FinancialCalculatorKit-ackorybalcxbfocbkqsfdzcfkgmn/SourcePackages/checkouts/BigInt/Sources/BigInt/BitSieve.swift /Users/rogerlin/Library/Developer/Xcode/DerivedData/FinancialCalculatorKit-ackorybalcxbfocbkqsfdzcfkgmn/SourcePackages/checkouts/BigInt/Sources/BigInt/BurnikelZiegler.swift /Users/rogerlin/Library/Developer/Xcode/DerivedData/FinancialCalculatorKit-ackorybalcxbfocbkqsfdzcfkgmn/SourcePackages/checkouts/BigInt/Sources/BigInt/CRT.swift /Users/rogerlin/Library/Developer/Xcode/DerivedData/FinancialCalculatorKit-ackorybalcxbfocbkqsfdzcfkgmn/SourcePackages/checkouts/BigInt/Sources/BigInt/ExpMod.swift /Users/rogerlin/Library/Developer/Xcode/DerivedData/FinancialCalculatorKit-ackorybalcxbfocbkqsfdzcfkgmn/SourcePackages/checkouts/BigInt/Sources/BigInt/FFT.swift /Users/rogerlin/Library/Developer/Xcode/DerivedData/FinancialCalculatorKit-ackorybalcxbfocbkqsfdzcfkgmn/SourcePackages/checkouts/BigInt/Sources/BigInt/Factorial.swift /Users/rogerlin/Library/Developer/Xcode/DerivedData/FinancialCalculatorKit-ackorybalcxbfocbkqsfdzcfkgmn/SourcePackages/checkouts/BigInt/Sources/BigInt/GCD.swift /Users/rogerlin/Library/Developer/Xcode/DerivedData/FinancialCalculatorKit-ackorybalcxbfocbkqsfdzcfkgmn/SourcePackages/checkouts/BigInt/Sources/BigInt/Karatsuba.swift /Users/rogerlin/Library/Developer/Xcode/DerivedData/FinancialCalculatorKit-ackorybalcxbfocbkqsfdzcfkgmn/SourcePackages/checkouts/BigInt/Sources/BigInt/Limbs.swift -primary-file /Users/rogerlin/Library/Developer/Xcode/DerivedData/FinancialCalculatorKit-ackorybalcxbfocbkqsfdzcfkgmn/SourcePackages/checkouts/BigInt/Sources/BigInt/ToomCook.swift -emit-dependencies-path /Users/rogerlin/Library/Developer/Xcode/DerivedData/FinancialCalculatorKit-ackorybalcxbfocbkqsfdzcfkgmn/Build/Intermediates.noindex/BigInt.build/Debug/BigInt.build/Objects-normal/arm64/ToomCook.d -emit-const-values-path /Users/rogerlin/Library/Developer/Xcode/DerivedData/FinancialCalculatorKit-ackorybalcxbfocbkqsfdzcfkgmn/Build/Intermediates.noindex/BigInt.build/Debug/BigInt.build/Objects-normal/arm64/ToomCook.swiftconstvalues -emit-reference-dependencies-path /Users/rogerlin/Library/Developer/Xcode/DerivedData/FinancialCalculatorKit-ackorybalcxbfocbkqsfdzcfkgmn/Build/Intermediates.noindex/BigInt.build/Debug/BigInt.build/Objects-normal/arm64/ToomCook.swiftdeps -serialize-diagnostics-path /Users/rogerlin/Library/Developer/Xcode/DerivedData/FinancialCalculatorKit-ackorybalcxbfocbkqsfdzcfkgmn/Build/Intermediates.noindex/BigInt.build/Debug/BigInt.build/Objects-normal/arm64/ToomCook.dia -target arm64-apple-macos13.3 -load-resolved-plugin /Applications/Xcode.app/Contents/Developer/Platforms/MacOSX.platform/Developer/usr/lib/swift/host/plugins/libFoundationMacros.dylib\#/Applications/Xcode.app/Contents/Developer/Platforms/MacOSX.platform/Developer/usr/bin/swift-plugin-server\#FoundationMacros -load-resolved-plugin /Applications/Xcode.app/Contents/Developer/Platforms/MacOSX.platform/Developer/usr/lib/swift/host/plugins/libObservationMacros.dylib\#/Applications/Xcode.app/Contents/Developer/Platforms/MacOSX.platform/Developer/usr/bin/swift-plugin-server\#ObservationMacros -load-resolved-plugin /Applications/Xcode.app/Contents/Developer/Platforms/MacOSX.platform/Developer/usr/lib/swift/host/plugins/libSwiftMacros.dylib\#/Applications/Xcode.app/Contents/Developer/Platforms/MacOSX.platform/Developer/usr/bin/swift-plugin-server\#SwiftMacros -disable-implicit-swift-modules -Xcc -fno-implicit-modules -Xcc -fno-implicit-module-maps -explicit-swift-module-map-file /Users/rogerlin/Library/Developer/Xcode/DerivedData/FinancialCalculatorKit-ackorybalcxbfocbkqsfdzcfkgmn/Build/Intermediates.noindex/BigInt.build/Debug/BigInt.build/Objects-normal/arm64/BigInt-dependencies-1.json -Xllvm -aarch64-use-tbi -enable-objc-interop -stack-check -sdk /Applications/Xcode.app/Contents/Developer/Platforms/MacOSX.platform/Developer/SDKs/MacOSX26.1.sdk -I /Users/rogerlin/Library/Developer/Xcode/DerivedData/FinancialCalculatorKit-ackorybalcxbfocbkqsfdzcfkgmn/Build/Products/Debug -Isystem /Applications/Xcode.app/Contents/Developer/Platforms/MacOSX.platform/Developer/usr/lib -F /Users/rogerlin/Library/Developer/Xcode/DerivedData/FinancialCalculatorKit-ackorybalcxbfocbkqsfdzcfkgmn/Build/Products/Debug -F /Applications/Xcode.app/Contents/Developer/Platforms/MacOSX.platform/Developer/Library/Frameworks -no-color-diagnostics -Xcc -fno-color-diagnostics -enable-testing -g -debug-info-format\=dwarf -dwarf-version\=4 -module-cache-path /Users/rogerlin/Library/Developer/Xcode/DerivedData/FinancialCalculatorKit-ackorybalcxbfocbkqsfdzcfkgmn/Build/Intermediates.noindex/SwiftExplicitPrecompiledModules -suppress-warnings -profile-generate -profile-coverage-mapping -swift-version 5 -enforce-exclusivity\=checked -Onone -D SWIFT_PACKAGE -D DEBUG -D SWIFT_MODULE_RESOURCE_BUNDLE_UNAVAILABLE -D Xcode -serialize-debugging-options -const-gather-protocols-file /Users/rogerlin/Library/Developer/Xcode/DerivedData/FinancialCalculatorKit-ackorybalcxbfocbkqsfdzcfkgmn/Build/Intermediates.noindex/BigInt.build/Debug/BigInt.build/Objects-normal/arm64/BigInt_const_extract_protocols.json -enable-experimental-feature DebugDescriptionMacro -empty-abi-descriptor -validate-clang-modules-once -clang-build-session-file /Users/rogerlin/Library/Developer/Xcode/DerivedData/ModuleCache.noindex/Session.modulevalidation -Xcc -working-directory -Xcc /Users/rogerlin/XCode-Projects/FinancialCalculatorKit-5.0-updated-accent-colors/FinancialCalculatorKit.xcodeproj -enable-anonymous-context-mangled-names -file-compilation-dir /Users/rogerlin/XCode-Projects/FinancialCalculatorKit-5.0-updated-accent-colors/FinancialCalculatorKit.xcodeproj -Xcc -D_LIBCPP_HARDENING_MODE\=_LIBCPP_HARDENING_MODE_DEBUG -Xcc -ivfsstatcache -Xcc /Users/rogerlin/Library/Developer/Xcode/DerivedData/SDKStatCaches.noindex/macosx26.1-25B74-3ae1261907bdadc328169391a47051a6.sdkstatcache -Xcc -I/Users/rogerlin/Library/Developer/Xcode/DerivedData/FinancialCalculatorKit-ackorybalcxbfocbkqsfdzcfkgmn/Build/Intermediates.noindex/BigInt.build/Debug/BigInt.build/swift-overrides.hmap -Xcc -I/Users/rogerlin/Library/Developer/Xcode/DerivedData/FinancialCalculatorKit-ackorybalcxbfocbkqsfdzcfkgmn/Build/Products/Debug/include -Xcc -I/Users/rogerlin/Library/Developer/Xcode/DerivedData/FinancialCalculatorKit-ackorybalcxbfocbkqsfdzcfkgmn/Build/Intermediates.noindex/BigInt.build/Debug/BigInt.build/DerivedSources-normal/arm64 -Xcc -I/Users/rogerlin/Library/Developer/Xcode/DerivedData/FinancialCalculatorKit-ackorybalcxbfocbkqsfdzcfkgmn/Build/Intermediates.noindex/BigInt.build/Debug/BigInt.build/DerivedSources/arm64 -Xcc -I/Users/rogerlin/Library/Developer/Xcode/DerivedData/FinancialCalculatorKit-ackorybalcxbfocbkqsfdzcfkgmn/Build/Intermediates.noindex/BigInt.build/Debug/BigInt.build/DerivedSources -Xcc -DSWIFT_PACKAGE -Xcc -DDEBUG\=1 -no-auto-bridging-header-chaining -module-name BigInt -package-name bigint -frontend-parseable-output -disable-clang-spi -target-sdk-version 26.1 -target-sdk-name macosx26.1 -clang-target arm64-apple-macos26.1 -in-process-plugin-server-path /Applications/Xcode.app/Contents/Developer/Toolchains/XcodeDefault.xctoolchain/usr/lib/swift/host/libSwiftInProcPluginServer.dylib -o /Users/rogerlin/Library/Developer/Xcode/DerivedData/FinancialCalculatorKit-ackorybalcxbfocbkqsfdzcfkgmn/Build/Intermediates.noindex/BigInt.build/Debug/BigInt.build/Objects-normal/arm64/ToomCook.o -index-unit-output-path /BigInt.build/Debug/BigInt.build/Objects-normal/arm64/ToomCook.o -index-store-path /Users/rogerlin/Library/Developer/Xcode/DerivedData/FinancialCalculatorKit-ackorybalcxbfocbkqsfdzcfkgmn/Index.noindex/DataStore -index-system-modules

SwiftCompile normal arm64 /Users/rogerlin/Library/Developer/Xcode/DerivedData/FinancialCalculatorKit-ackorybalcxbfocbkqsfdzcfkgmn/SourcePackages/checkouts/BigInt/Sources/BigInt/ToomCook.swift (in target 'BigInt' from project 'BigInt')
    cd /Users/rogerlin/XCode-Projects/FinancialCalculatorKit-5.0-updated-accent-colors/FinancialCalculatorKit.xcodeproj
    

SwiftDriverJobDiscovery normal arm64 Compiling Factorial.swift (in target 'BigInt' from project 'BigInt')

ExtractAppIntentsMetadata (in target 'UInt128' from project 'UInt128')
    cd /Users/rogerlin/Library/Developer/Xcode/DerivedData/FinancialCalculatorKit-ackorybalcxbfocbkqsfdzcfkgmn/SourcePackages/checkouts/UInt128
    /Applications/Xcode.app/Contents/Developer/Toolchains/XcodeDefault.xctoolchain/usr/bin/appintentsmetadataprocessor --toolchain-dir /Applications/Xcode.app/Contents/Developer/Toolchains/XcodeDefault.xctoolchain --module-name UInt128 --sdk-root /Applications/Xcode.app/Contents/Developer/Platforms/MacOSX.platform/Developer/SDKs/MacOSX26.1.sdk --xcode-version 17B55 --platform-family macOS --deployment-target 13.3 --bundle-identifier uint128.UInt128 --output /Users/rogerlin/Library/Developer/Xcode/DerivedData/FinancialCalculatorKit-ackorybalcxbfocbkqsfdzcfkgmn/Build/Products/Debug/UInt128.appintents --target-triple arm64-apple-macos13.3 --binary-file /Users/rogerlin/Library/Developer/Xcode/DerivedData/FinancialCalculatorKit-ackorybalcxbfocbkqsfdzcfkgmn/Build/Products/Debug/UInt128.o --dependency-file /Users/rogerlin/Library/Developer/Xcode/DerivedData/FinancialCalculatorKit-ackorybalcxbfocbkqsfdzcfkgmn/Build/Intermediates.noindex/UInt128.build/Debug/UInt128.build/Objects-normal/arm64/UInt128_dependency_info.dat --stringsdata-file /Users/rogerlin/Library/Developer/Xcode/DerivedData/FinancialCalculatorKit-ackorybalcxbfocbkqsfdzcfkgmn/Build/Intermediates.noindex/UInt128.build/Debug/UInt128.build/Objects-normal/arm64/ExtractedAppShortcutsMetadata.stringsdata --source-file-list /Users/rogerlin/Library/Developer/Xcode/DerivedData/FinancialCalculatorKit-ackorybalcxbfocbkqsfdzcfkgmn/Build/Intermediates.noindex/UInt128.build/Debug/UInt128.build/Objects-normal/arm64/UInt128.SwiftFileList --metadata-file-list /Users/rogerlin/Library/Developer/Xcode/DerivedData/FinancialCalculatorKit-ackorybalcxbfocbkqsfdzcfkgmn/Build/Intermediates.noindex/UInt128.build/Debug/UInt128.build/UInt128.DependencyMetadataFileList --static-metadata-file-list /Users/rogerlin/Library/Developer/Xcode/DerivedData/FinancialCalculatorKit-ackorybalcxbfocbkqsfdzcfkgmn/Build/Intermediates.noindex/UInt128.build/Debug/UInt128.build/UInt128.DependencyStaticMetadataFileList --swift-const-vals-list /Users/rogerlin/Library/Developer/Xcode/DerivedData/FinancialCalculatorKit-ackorybalcxbfocbkqsfdzcfkgmn/Build/Intermediates.noindex/UInt128.build/Debug/UInt128.build/Objects-normal/arm64/UInt128.SwiftConstValuesFileList --force --compile-time-extraction --deployment-aware-processing --validate-assistant-intents --no-app-shortcuts-localization

    Task input dependencies:
        /Users/rogerlin/Library/Developer/Xcode/DerivedData/FinancialCalculatorKit-ackorybalcxbfocbkqsfdzcfkgmn/SourcePackages/checkouts/UInt128/Sources/UInt128/Common.swift
        /Users/rogerlin/Library/Developer/Xcode/DerivedData/FinancialCalculatorKit-ackorybalcxbfocbkqsfdzcfkgmn/SourcePackages/checkouts/UInt128/Sources/UInt128/Int128.swift
        /Users/rogerlin/Library/Developer/Xcode/DerivedData/FinancialCalculatorKit-ackorybalcxbfocbkqsfdzcfkgmn/SourcePackages/checkouts/UInt128/Sources/UInt128/UInt128.swift
        /Users/rogerlin/Library/Developer/Xcode/DerivedData/FinancialCalculatorKit-ackorybalcxbfocbkqsfdzcfkgmn/Build/Intermediates.noindex/UInt128.build/Debug/UInt128.build/Objects-normal/arm64/Common.swiftconstvalues
        /Users/rogerlin/Library/Developer/Xcode/DerivedData/FinancialCalculatorKit-ackorybalcxbfocbkqsfdzcfkgmn/Build/Intermediates.noindex/UInt128.build/Debug/UInt128.build/Objects-normal/arm64/Int128.swiftconstvalues
        /Users/rogerlin/Library/Developer/Xcode/DerivedData/FinancialCalculatorKit-ackorybalcxbfocbkqsfdzcfkgmn/Build/Intermediates.noindex/UInt128.build/Debug/UInt128.build/Objects-normal/arm64/UInt128-b2e2aa60cd5beffe3d533073c94efc7d.swiftconstvalues
        /Users/rogerlin/Library/Developer/Xcode/DerivedData/FinancialCalculatorKit-ackorybalcxbfocbkqsfdzcfkgmn/Build/Products/Debug/UInt128.o
        /Users/rogerlin/Library/Developer/Xcode/DerivedData/FinancialCalculatorKit-ackorybalcxbfocbkqsfdzcfkgmn/Build/Intermediates.noindex/UInt128.build/Debug/UInt128.build/UInt128.DependencyMetadataFileList
        /Users/rogerlin/Library/Developer/Xcode/DerivedData/FinancialCalculatorKit-ackorybalcxbfocbkqsfdzcfkgmn/Build/Intermediates.noindex/UInt128.build/Debug/UInt128.build/UInt128.DependencyStaticMetadataFileList
        /Users/rogerlin/Library/Developer/Xcode/DerivedData/FinancialCalculatorKit-ackorybalcxbfocbkqsfdzcfkgmn/Build/Intermediates.noindex/UInt128.build/Debug/UInt128.build/Objects-normal/arm64/UInt128_dependency_info.dat
        /Users/rogerlin/Library/Developer/Xcode/DerivedData/FinancialCalculatorKit-ackorybalcxbfocbkqsfdzcfkgmn/Build/Intermediates.noindex/UInt128.build/Debug/UInt128.build/Objects-normal/arm64/UInt128.SwiftFileList
        /Users/rogerlin/Library/Developer/Xcode/DerivedData/FinancialCalculatorKit-ackorybalcxbfocbkqsfdzcfkgmn/Build/Intermediates.noindex/UInt128.build/Debug/UInt128.build/Objects-normal/arm64/UInt128.SwiftConstValuesFileList

    Task output dependencies:
        /Users/rogerlin/Library/Developer/Xcode/DerivedData/FinancialCalculatorKit-ackorybalcxbfocbkqsfdzcfkgmn/Build/Intermediates.noindex/UInt128.build/Debug/UInt128.build/Objects-normal/arm64/ExtractedAppShortcutsMetadata.stringsdata
2025-11-05 20:45:55.616 appintentsmetadataprocessor[13893:496393] Starting appintentsmetadataprocessor export
2025-11-05 20:45:55.738 appintentsmetadataprocessor[13893:496393] Extracted no relevant App Intents symbols, skipping writing output

Ld /Users/rogerlin/Library/Developer/Xcode/DerivedData/FinancialCalculatorKit-ackorybalcxbfocbkqsfdzcfkgmn/Build/Products/Debug/SwiftDrawDOM.o normal (in target 'SwiftDrawDOM' from project 'SwiftDraw')
    cd /Users/rogerlin/Library/Developer/Xcode/DerivedData/FinancialCalculatorKit-ackorybalcxbfocbkqsfdzcfkgmn/SourcePackages/checkouts/SwiftDraw
    /Applications/Xcode.app/Contents/Developer/Toolchains/XcodeDefault.xctoolchain/usr/bin/clang -Xlinker -reproducible -target arm64-apple-macos10.15 -r -isysroot /Applications/Xcode.app/Contents/Developer/Platforms/MacOSX.platform/Developer/SDKs/MacOSX26.1.sdk -O0 -w -L/Users/rogerlin/Library/Developer/Xcode/DerivedData/FinancialCalculatorKit-ackorybalcxbfocbkqsfdzcfkgmn/Build/Intermediates.noindex/EagerLinkingTBDs/Debug -L/Users/rogerlin/Library/Developer/Xcode/DerivedData/FinancialCalculatorKit-ackorybalcxbfocbkqsfdzcfkgmn/Build/Products/Debug -L/Applications/Xcode.app/Contents/Developer/Platforms/MacOSX.platform/Developer/usr/lib -F/Users/rogerlin/Library/Developer/Xcode/DerivedData/FinancialCalculatorKit-ackorybalcxbfocbkqsfdzcfkgmn/Build/Intermediates.noindex/EagerLinkingTBDs/Debug -F/Users/rogerlin/Library/Developer/Xcode/DerivedData/FinancialCalculatorKit-ackorybalcxbfocbkqsfdzcfkgmn/Build/Products/Debug -iframework /Applications/Xcode.app/Contents/Developer/Platforms/MacOSX.platform/Developer/Library/Frameworks -filelist /Users/rogerlin/Library/Developer/Xcode/DerivedData/FinancialCalculatorKit-ackorybalcxbfocbkqsfdzcfkgmn/Build/Intermediates.noindex/SwiftDraw.build/Debug/SwiftDrawDOM.build/Objects-normal/arm64/SwiftDrawDOM.LinkFileList -nostdlib -Xlinker -object_path_lto -Xlinker /Users/rogerlin/Library/Developer/Xcode/DerivedData/FinancialCalculatorKit-ackorybalcxbfocbkqsfdzcfkgmn/Build/Intermediates.noindex/SwiftDraw.build/Debug/SwiftDrawDOM.build/Objects-normal/arm64/SwiftDrawDOM_lto.o -rdynamic -Xlinker -no_deduplicate -Xlinker -debug_variant -Xlinker -dependency_info -Xlinker /Users/rogerlin/Library/Developer/Xcode/DerivedData/FinancialCalculatorKit-ackorybalcxbfocbkqsfdzcfkgmn/Build/Intermediates.noindex/SwiftDraw.build/Debug/SwiftDrawDOM.build/Objects-normal/arm64/SwiftDrawDOM_dependency_info.dat -fobjc-link-runtime -L/Applications/Xcode.app/Contents/Developer/Toolchains/XcodeDefault.xctoolchain/usr/lib/swift/macosx -L/usr/lib/swift -Xlinker -add_ast_path -Xlinker /Users/rogerlin/Library/Developer/Xcode/DerivedData/FinancialCalculatorKit-ackorybalcxbfocbkqsfdzcfkgmn/Build/Intermediates.noindex/SwiftDraw.build/Debug/SwiftDrawDOM.build/Objects-normal/arm64/SwiftDrawDOM.swiftmodule @/Users/rogerlin/Library/Developer/Xcode/DerivedData/FinancialCalculatorKit-ackorybalcxbfocbkqsfdzcfkgmn/Build/Intermediates.noindex/SwiftDraw.build/Debug/SwiftDrawDOM.build/Objects-normal/arm64/SwiftDrawDOM-linker-args.resp -o /Users/rogerlin/Library/Developer/Xcode/DerivedData/FinancialCalculatorKit-ackorybalcxbfocbkqsfdzcfkgmn/Build/Products/Debug/SwiftDrawDOM.o

    Task input dependencies:
        /Users/rogerlin/Library/Developer/Xcode/DerivedData/FinancialCalculatorKit-ackorybalcxbfocbkqsfdzcfkgmn/Build/Intermediates.noindex/SwiftDraw.build/Debug/SwiftDrawDOM.build/Objects-normal/arm64/DOM+Extensions.o
        /Users/rogerlin/Library/Developer/Xcode/DerivedData/FinancialCalculatorKit-ackorybalcxbfocbkqsfdzcfkgmn/Build/Intermediates.noindex/SwiftDraw.build/Debug/SwiftDrawDOM.build/Objects-normal/arm64/DOM.Color.o
        /Users/rogerlin/Library/Developer/Xcode/DerivedData/FinancialCalculatorKit-ackorybalcxbfocbkqsfdzcfkgmn/Build/Intermediates.noindex/SwiftDraw.build/Debug/SwiftDrawDOM.build/Objects-normal/arm64/DOM.Element.o
        /Users/rogerlin/Library/Developer/Xcode/DerivedData/FinancialCalculatorKit-ackorybalcxbfocbkqsfdzcfkgmn/Build/Intermediates.noindex/SwiftDraw.build/Debug/SwiftDrawDOM.build/Objects-normal/arm64/DOM.Filter.o
        /Users/rogerlin/Library/Developer/Xcode/DerivedData/FinancialCalculatorKit-ackorybalcxbfocbkqsfdzcfkgmn/Build/Intermediates.noindex/SwiftDraw.build/Debug/SwiftDrawDOM.build/Objects-normal/arm64/DOM.Image.o
        /Users/rogerlin/Library/Developer/Xcode/DerivedData/FinancialCalculatorKit-ackorybalcxbfocbkqsfdzcfkgmn/Build/Intermediates.noindex/SwiftDraw.build/Debug/SwiftDrawDOM.build/Objects-normal/arm64/DOM.LinearGradient.o
        /Users/rogerlin/Library/Developer/Xcode/DerivedData/FinancialCalculatorKit-ackorybalcxbfocbkqsfdzcfkgmn/Build/Intermediates.noindex/SwiftDraw.build/Debug/SwiftDrawDOM.build/Objects-normal/arm64/DOM.Path.o
        /Users/rogerlin/Library/Developer/Xcode/DerivedData/FinancialCalculatorKit-ackorybalcxbfocbkqsfdzcfkgmn/Build/Intermediates.noindex/SwiftDraw.build/Debug/SwiftDrawDOM.build/Objects-normal/arm64/DOM.Pattern.o
        /Users/rogerlin/Library/Developer/Xcode/DerivedData/FinancialCalculatorKit-ackorybalcxbfocbkqsfdzcfkgmn/Build/Intermediates.noindex/SwiftDraw.build/Debug/SwiftDrawDOM.build/Objects-normal/arm64/DOM.PresentationAttributes.o
        /Users/rogerlin/Library/Developer/Xcode/DerivedData/FinancialCalculatorKit-ackorybalcxbfocbkqsfdzcfkgmn/Build/Intermediates.noindex/SwiftDraw.build/Debug/SwiftDrawDOM.build/Objects-normal/arm64/DOM.RadialGradient.o
        /Users/rogerlin/Library/Developer/Xcode/DerivedData/FinancialCalculatorKit-ackorybalcxbfocbkqsfdzcfkgmn/Build/Intermediates.noindex/SwiftDraw.build/Debug/SwiftDrawDOM.build/Objects-normal/arm64/DOM.SVG+Parse.o
        /Users/rogerlin/Library/Developer/Xcode/DerivedData/FinancialCalculatorKit-ackorybalcxbfocbkqsfdzcfkgmn/Build/Intermediates.noindex/SwiftDraw.build/Debug/SwiftDrawDOM.build/Objects-normal/arm64/DOM.SVG.o
        /Users/rogerlin/Library/Developer/Xcode/DerivedData/FinancialCalculatorKit-ackorybalcxbfocbkqsfdzcfkgmn/Build/Intermediates.noindex/SwiftDraw.build/Debug/SwiftDrawDOM.build/Objects-normal/arm64/DOM.Switch.o
        /Users/rogerlin/Library/Developer/Xcode/DerivedData/FinancialCalculatorKit-ackorybalcxbfocbkqsfdzcfkgmn/Build/Intermediates.noindex/SwiftDraw.build/Debug/SwiftDrawDOM.build/Objects-normal/arm64/DOM.Text.o
        /Users/rogerlin/Library/Developer/Xcode/DerivedData/FinancialCalculatorKit-ackorybalcxbfocbkqsfdzcfkgmn/Build/Intermediates.noindex/SwiftDraw.build/Debug/SwiftDrawDOM.build/Objects-normal/arm64/DOM.Use.o
        /Users/rogerlin/Library/Developer/Xcode/DerivedData/FinancialCalculatorKit-ackorybalcxbfocbkqsfdzcfkgmn/Build/Intermediates.noindex/SwiftDraw.build/Debug/SwiftDrawDOM.build/Objects-normal/arm64/DOM.o
        /Users/rogerlin/Library/Developer/Xcode/DerivedData/FinancialCalculatorKit-ackorybalcxbfocbkqsfdzcfkgmn/Build/Intermediates.noindex/SwiftDraw.build/Debug/SwiftDrawDOM.build/Objects-normal/arm64/Parser.XML.Attributes.o
        /Users/rogerlin/Library/Developer/Xcode/DerivedData/FinancialCalculatorKit-ackorybalcxbfocbkqsfdzcfkgmn/Build/Intermediates.noindex/SwiftDraw.build/Debug/SwiftDrawDOM.build/Objects-normal/arm64/Parser.XML.Color.o
        /Users/rogerlin/Library/Developer/Xcode/DerivedData/FinancialCalculatorKit-ackorybalcxbfocbkqsfdzcfkgmn/Build/Intermediates.noindex/SwiftDraw.build/Debug/SwiftDrawDOM.build/Objects-normal/arm64/Parser.XML.Element.o
        /Users/rogerlin/Library/Developer/Xcode/DerivedData/FinancialCalculatorKit-ackorybalcxbfocbkqsfdzcfkgmn/Build/Intermediates.noindex/SwiftDraw.build/Debug/SwiftDrawDOM.build/Objects-normal/arm64/Parser.XML.Filter.o
        /Users/rogerlin/Library/Developer/Xcode/DerivedData/FinancialCalculatorKit-ackorybalcxbfocbkqsfdzcfkgmn/Build/Intermediates.noindex/SwiftDraw.build/Debug/SwiftDrawDOM.build/Objects-normal/arm64/Parser.XML.Image.o
        /Users/rogerlin/Library/Developer/Xcode/DerivedData/FinancialCalculatorKit-ackorybalcxbfocbkqsfdzcfkgmn/Build/Intermediates.noindex/SwiftDraw.build/Debug/SwiftDrawDOM.build/Objects-normal/arm64/Parser.XML.LinearGradient.o
        /Users/rogerlin/Library/Developer/Xcode/DerivedData/FinancialCalculatorKit-ackorybalcxbfocbkqsfdzcfkgmn/Build/Intermediates.noindex/SwiftDraw.build/Debug/SwiftDrawDOM.build/Objects-normal/arm64/Parser.XML.Path.o
        /Users/rogerlin/Library/Developer/Xcode/DerivedData/FinancialCalculatorKit-ackorybalcxbfocbkqsfdzcfkgmn/Build/Intermediates.noindex/SwiftDraw.build/Debug/SwiftDrawDOM.build/Objects-normal/arm64/Parser.XML.Pattern.o
        /Users/rogerlin/Library/Developer/Xcode/DerivedData/FinancialCalculatorKit-ackorybalcxbfocbkqsfdzcfkgmn/Build/Intermediates.noindex/SwiftDraw.build/Debug/SwiftDrawDOM.build/Objects-normal/arm64/Parser.XML.RadialGradient.o
        /Users/rogerlin/Library/Developer/Xcode/DerivedData/FinancialCalculatorKit-ackorybalcxbfocbkqsfdzcfkgmn/Build/Intermediates.noindex/SwiftDraw.build/Debug/SwiftDrawDOM.build/Objects-normal/arm64/Parser.XML.SVG.o
        /Users/rogerlin/Library/Developer/Xcode/DerivedData/FinancialCalculatorKit-ackorybalcxbfocbkqsfdzcfkgmn/Build/Intermediates.noindex/SwiftDraw.build/Debug/SwiftDrawDOM.build/Objects-normal/arm64/Parser.XML.Scanner.o
        /Users/rogerlin/Library/Developer/Xcode/DerivedData/FinancialCalculatorKit-ackorybalcxbfocbkqsfdzcfkgmn/Build/Intermediates.noindex/SwiftDraw.build/Debug/SwiftDrawDOM.build/Objects-normal/arm64/Parser.XML.StyleSheet.o
        /Users/rogerlin/Library/Developer/Xcode/DerivedData/FinancialCalculatorKit-ackorybalcxbfocbkqsfdzcfkgmn/Build/Intermediates.noindex/SwiftDraw.build/Debug/SwiftDrawDOM.build/Objects-normal/arm64/Parser.XML.Text.o
        /Users/rogerlin/Library/Developer/Xcode/DerivedData/FinancialCalculatorKit-ackorybalcxbfocbkqsfdzcfkgmn/Build/Intermediates.noindex/SwiftDraw.build/Debug/SwiftDrawDOM.build/Objects-normal/arm64/Parser.XML.Transform.o
        /Users/rogerlin/Library/Developer/Xcode/DerivedData/FinancialCalculatorKit-ackorybalcxbfocbkqsfdzcfkgmn/Build/Intermediates.noindex/SwiftDraw.build/Debug/SwiftDrawDOM.build/Objects-normal/arm64/Parser.XML.Use.o
        /Users/rogerlin/Library/Developer/Xcode/DerivedData/FinancialCalculatorKit-ackorybalcxbfocbkqsfdzcfkgmn/Build/Intermediates.noindex/SwiftDraw.build/Debug/SwiftDrawDOM.build/Objects-normal/arm64/Parser.XML.o
        /Users/rogerlin/Library/Developer/Xcode/DerivedData/FinancialCalculatorKit-ackorybalcxbfocbkqsfdzcfkgmn/Build/Intermediates.noindex/SwiftDraw.build/Debug/SwiftDrawDOM.build/Objects-normal/arm64/TextOutputStream+StandardError.o
        /Users/rogerlin/Library/Developer/Xcode/DerivedData/FinancialCalculatorKit-ackorybalcxbfocbkqsfdzcfkgmn/Build/Intermediates.noindex/SwiftDraw.build/Debug/SwiftDrawDOM.build/Objects-normal/arm64/URL+Data.o
        /Users/rogerlin/Library/Developer/Xcode/DerivedData/FinancialCalculatorKit-ackorybalcxbfocbkqsfdzcfkgmn/Build/Intermediates.noindex/SwiftDraw.build/Debug/SwiftDrawDOM.build/Objects-normal/arm64/URL+Fragment.o
        /Users/rogerlin/Library/Developer/Xcode/DerivedData/FinancialCalculatorKit-ackorybalcxbfocbkqsfdzcfkgmn/Build/Intermediates.noindex/SwiftDraw.build/Debug/SwiftDrawDOM.build/Objects-normal/arm64/XML.Element.o
        /Users/rogerlin/Library/Developer/Xcode/DerivedData/FinancialCalculatorKit-ackorybalcxbfocbkqsfdzcfkgmn/Build/Intermediates.noindex/SwiftDraw.build/Debug/SwiftDrawDOM.build/Objects-normal/arm64/XML.SAXParser.o
        /Users/rogerlin/Library/Developer/Xcode/DerivedData/FinancialCalculatorKit-ackorybalcxbfocbkqsfdzcfkgmn/Build/Intermediates.noindex/SwiftDraw.build/Debug/SwiftDrawDOM.build/Objects-normal/arm64/SwiftDrawDOM.LinkFileList
        /Users/rogerlin/Library/Developer/Xcode/DerivedData/FinancialCalculatorKit-ackorybalcxbfocbkqsfdzcfkgmn/Build/Products/Debug

    Task output dependencies:
        /Users/rogerlin/Library/Developer/Xcode/DerivedData/FinancialCalculatorKit-ackorybalcxbfocbkqsfdzcfkgmn/Build/Products/Debug/SwiftDrawDOM.o
        /Users/rogerlin/Library/Developer/Xcode/DerivedData/FinancialCalculatorKit-ackorybalcxbfocbkqsfdzcfkgmn/Build/Intermediates.noindex/SwiftDraw.build/Debug/SwiftDrawDOM.build/Objects-normal/arm64/SwiftDrawDOM_lto.o
        /Users/rogerlin/Library/Developer/Xcode/DerivedData/FinancialCalculatorKit-ackorybalcxbfocbkqsfdzcfkgmn/Build/Intermediates.noindex/SwiftDraw.build/Debug/SwiftDrawDOM.build/Objects-normal/arm64/SwiftDrawDOM_dependency_info.dat

SwiftDriverJobDiscovery normal arm64 Compiling CRT.swift (in target 'BigInt' from project 'BigInt')

SwiftDriverJobDiscovery normal arm64 Compiling IssueReporter.swift (in target 'IssueReporting' from project 'xctest-dynamic-overlay')

Ld /Users/rogerlin/Library/Developer/Xcode/DerivedData/FinancialCalculatorKit-ackorybalcxbfocbkqsfdzcfkgmn/Build/Products/Debug/MathJaxSwift.o normal (in target 'MathJaxSwift' from project 'MathJaxSwift')
    cd /Users/rogerlin/Library/Developer/Xcode/DerivedData/FinancialCalculatorKit-ackorybalcxbfocbkqsfdzcfkgmn/SourcePackages/checkouts/MathJaxSwift
    /Applications/Xcode.app/Contents/Developer/Toolchains/XcodeDefault.xctoolchain/usr/bin/clang -Xlinker -reproducible -target arm64-apple-macos10.15 -r -isysroot /Applications/Xcode.app/Contents/Developer/Platforms/MacOSX.platform/Developer/SDKs/MacOSX26.1.sdk -O0 -w -L/Users/rogerlin/Library/Developer/Xcode/DerivedData/FinancialCalculatorKit-ackorybalcxbfocbkqsfdzcfkgmn/Build/Intermediates.noindex/EagerLinkingTBDs/Debug -L/Users/rogerlin/Library/Developer/Xcode/DerivedData/FinancialCalculatorKit-ackorybalcxbfocbkqsfdzcfkgmn/Build/Products/Debug -L/Applications/Xcode.app/Contents/Developer/Platforms/MacOSX.platform/Developer/usr/lib -F/Users/rogerlin/Library/Developer/Xcode/DerivedData/FinancialCalculatorKit-ackorybalcxbfocbkqsfdzcfkgmn/Build/Intermediates.noindex/EagerLinkingTBDs/Debug -F/Users/rogerlin/Library/Developer/Xcode/DerivedData/FinancialCalculatorKit-ackorybalcxbfocbkqsfdzcfkgmn/Build/Products/Debug -iframework /Applications/Xcode.app/Contents/Developer/Platforms/MacOSX.platform/Developer/Library/Frameworks -filelist /Users/rogerlin/Library/Developer/Xcode/DerivedData/FinancialCalculatorKit-ackorybalcxbfocbkqsfdzcfkgmn/Build/Intermediates.noindex/MathJaxSwift.build/Debug/MathJaxSwift.build/Objects-normal/arm64/MathJaxSwift.LinkFileList -nostdlib -Xlinker -object_path_lto -Xlinker /Users/rogerlin/Library/Developer/Xcode/DerivedData/FinancialCalculatorKit-ackorybalcxbfocbkqsfdzcfkgmn/Build/Intermediates.noindex/MathJaxSwift.build/Debug/MathJaxSwift.build/Objects-normal/arm64/MathJaxSwift_lto.o -rdynamic -Xlinker -no_deduplicate -Xlinker -debug_variant -Xlinker -dependency_info -Xlinker /Users/rogerlin/Library/Developer/Xcode/DerivedData/FinancialCalculatorKit-ackorybalcxbfocbkqsfdzcfkgmn/Build/Intermediates.noindex/MathJaxSwift.build/Debug/MathJaxSwift.build/Objects-normal/arm64/MathJaxSwift_dependency_info.dat -fobjc-link-runtime -L/Applications/Xcode.app/Contents/Developer/Toolchains/XcodeDefault.xctoolchain/usr/lib/swift/macosx -L/usr/lib/swift -Xlinker -add_ast_path -Xlinker /Users/rogerlin/Library/Developer/Xcode/DerivedData/FinancialCalculatorKit-ackorybalcxbfocbkqsfdzcfkgmn/Build/Intermediates.noindex/MathJaxSwift.build/Debug/MathJaxSwift.build/Objects-normal/arm64/MathJaxSwift.swiftmodule @/Users/rogerlin/Library/Developer/Xcode/DerivedData/FinancialCalculatorKit-ackorybalcxbfocbkqsfdzcfkgmn/Build/Intermediates.noindex/MathJaxSwift.build/Debug/MathJaxSwift.build/Objects-normal/arm64/MathJaxSwift-linker-args.resp -o /Users/rogerlin/Library/Developer/Xcode/DerivedData/FinancialCalculatorKit-ackorybalcxbfocbkqsfdzcfkgmn/Build/Products/Debug/MathJaxSwift.o

    Task input dependencies:
        /Users/rogerlin/Library/Developer/Xcode/DerivedData/FinancialCalculatorKit-ackorybalcxbfocbkqsfdzcfkgmn/Build/Intermediates.noindex/MathJaxSwift.build/Debug/MathJaxSwift.build/Objects-normal/arm64/resource_bundle_accessor.o
        /Users/rogerlin/Library/Developer/Xcode/DerivedData/FinancialCalculatorKit-ackorybalcxbfocbkqsfdzcfkgmn/Build/Intermediates.noindex/MathJaxSwift.build/Debug/MathJaxSwift.build/Objects-normal/arm64/AM2CHTML.o
        /Users/rogerlin/Library/Developer/Xcode/DerivedData/FinancialCalculatorKit-ackorybalcxbfocbkqsfdzcfkgmn/Build/Intermediates.noindex/MathJaxSwift.build/Debug/MathJaxSwift.build/Objects-normal/arm64/AM2MML.o
        /Users/rogerlin/Library/Developer/Xcode/DerivedData/FinancialCalculatorKit-ackorybalcxbfocbkqsfdzcfkgmn/Build/Intermediates.noindex/MathJaxSwift.build/Debug/MathJaxSwift.build/Objects-normal/arm64/MML2CHTML.o
        /Users/rogerlin/Library/Developer/Xcode/DerivedData/FinancialCalculatorKit-ackorybalcxbfocbkqsfdzcfkgmn/Build/Intermediates.noindex/MathJaxSwift.build/Debug/MathJaxSwift.build/Objects-normal/arm64/MML2SVG.o
        /Users/rogerlin/Library/Developer/Xcode/DerivedData/FinancialCalculatorKit-ackorybalcxbfocbkqsfdzcfkgmn/Build/Intermediates.noindex/MathJaxSwift.build/Debug/MathJaxSwift.build/Objects-normal/arm64/TeX2CHTML.o
        /Users/rogerlin/Library/Developer/Xcode/DerivedData/FinancialCalculatorKit-ackorybalcxbfocbkqsfdzcfkgmn/Build/Intermediates.noindex/MathJaxSwift.build/Debug/MathJaxSwift.build/Objects-normal/arm64/TeX2MML.o
        /Users/rogerlin/Library/Developer/Xcode/DerivedData/FinancialCalculatorKit-ackorybalcxbfocbkqsfdzcfkgmn/Build/Intermediates.noindex/MathJaxSwift.build/Debug/MathJaxSwift.build/Objects-normal/arm64/TeX2SVG.o
        /Users/rogerlin/Library/Developer/Xcode/DerivedData/FinancialCalculatorKit-ackorybalcxbfocbkqsfdzcfkgmn/Build/Intermediates.noindex/MathJaxSwift.build/Debug/MathJaxSwift.build/Objects-normal/arm64/Constants.o
        /Users/rogerlin/Library/Developer/Xcode/DerivedData/FinancialCalculatorKit-ackorybalcxbfocbkqsfdzcfkgmn/Build/Intermediates.noindex/MathJaxSwift.build/Debug/MathJaxSwift.build/Objects-normal/arm64/Function.o
        /Users/rogerlin/Library/Developer/Xcode/DerivedData/FinancialCalculatorKit-ackorybalcxbfocbkqsfdzcfkgmn/Build/Intermediates.noindex/MathJaxSwift.build/Debug/MathJaxSwift.build/Objects-normal/arm64/MathJaxError.o
        /Users/rogerlin/Library/Developer/Xcode/DerivedData/FinancialCalculatorKit-ackorybalcxbfocbkqsfdzcfkgmn/Build/Intermediates.noindex/MathJaxSwift.build/Debug/MathJaxSwift.build/Objects-normal/arm64/PackageLock.o
        /Users/rogerlin/Library/Developer/Xcode/DerivedData/FinancialCalculatorKit-ackorybalcxbfocbkqsfdzcfkgmn/Build/Intermediates.noindex/MathJaxSwift.build/Debug/MathJaxSwift.build/Objects-normal/arm64/HTMLParser.o
        /Users/rogerlin/Library/Developer/Xcode/DerivedData/FinancialCalculatorKit-ackorybalcxbfocbkqsfdzcfkgmn/Build/Intermediates.noindex/MathJaxSwift.build/Debug/MathJaxSwift.build/Objects-normal/arm64/MMLParser.o
        /Users/rogerlin/Library/Developer/Xcode/DerivedData/FinancialCalculatorKit-ackorybalcxbfocbkqsfdzcfkgmn/Build/Intermediates.noindex/MathJaxSwift.build/Debug/MathJaxSwift.build/Objects-normal/arm64/Parser.o
        /Users/rogerlin/Library/Developer/Xcode/DerivedData/FinancialCalculatorKit-ackorybalcxbfocbkqsfdzcfkgmn/Build/Intermediates.noindex/MathJaxSwift.build/Debug/MathJaxSwift.build/Objects-normal/arm64/SVGParser.o
        /Users/rogerlin/Library/Developer/Xcode/DerivedData/FinancialCalculatorKit-ackorybalcxbfocbkqsfdzcfkgmn/Build/Intermediates.noindex/MathJaxSwift.build/Debug/MathJaxSwift.build/Objects-normal/arm64/MathJax.o
        /Users/rogerlin/Library/Developer/Xcode/DerivedData/FinancialCalculatorKit-ackorybalcxbfocbkqsfdzcfkgmn/Build/Intermediates.noindex/MathJaxSwift.build/Debug/MathJaxSwift.build/Objects-normal/arm64/ConversionOptions.o
        /Users/rogerlin/Library/Developer/Xcode/DerivedData/FinancialCalculatorKit-ackorybalcxbfocbkqsfdzcfkgmn/Build/Intermediates.noindex/MathJaxSwift.build/Debug/MathJaxSwift.build/Objects-normal/arm64/A11YOptions.o
        /Users/rogerlin/Library/Developer/Xcode/DerivedData/FinancialCalculatorKit-ackorybalcxbfocbkqsfdzcfkgmn/Build/Intermediates.noindex/MathJaxSwift.build/Debug/MathJaxSwift.build/Objects-normal/arm64/DocumentOptions.o
        /Users/rogerlin/Library/Developer/Xcode/DerivedData/FinancialCalculatorKit-ackorybalcxbfocbkqsfdzcfkgmn/Build/Intermediates.noindex/MathJaxSwift.build/Debug/MathJaxSwift.build/Objects-normal/arm64/MenuOptions.o
        /Users/rogerlin/Library/Developer/Xcode/DerivedData/FinancialCalculatorKit-ackorybalcxbfocbkqsfdzcfkgmn/Build/Intermediates.noindex/MathJaxSwift.build/Debug/MathJaxSwift.build/Objects-normal/arm64/MenuOptionsSettings.o
        /Users/rogerlin/Library/Developer/Xcode/DerivedData/FinancialCalculatorKit-ackorybalcxbfocbkqsfdzcfkgmn/Build/Intermediates.noindex/MathJaxSwift.build/Debug/MathJaxSwift.build/Objects-normal/arm64/SREOptions.o
        /Users/rogerlin/Library/Developer/Xcode/DerivedData/FinancialCalculatorKit-ackorybalcxbfocbkqsfdzcfkgmn/Build/Intermediates.noindex/MathJaxSwift.build/Debug/MathJaxSwift.build/Objects-normal/arm64/AllowOptions.o
        /Users/rogerlin/Library/Developer/Xcode/DerivedData/FinancialCalculatorKit-ackorybalcxbfocbkqsfdzcfkgmn/Build/Intermediates.noindex/MathJaxSwift.build/Debug/MathJaxSwift.build/Objects-normal/arm64/SafeOptions.o
        /Users/rogerlin/Library/Developer/Xcode/DerivedData/FinancialCalculatorKit-ackorybalcxbfocbkqsfdzcfkgmn/Build/Intermediates.noindex/MathJaxSwift.build/Debug/MathJaxSwift.build/Objects-normal/arm64/SafeProtocols.o
        /Users/rogerlin/Library/Developer/Xcode/DerivedData/FinancialCalculatorKit-ackorybalcxbfocbkqsfdzcfkgmn/Build/Intermediates.noindex/MathJaxSwift.build/Debug/MathJaxSwift.build/Objects-normal/arm64/SafeStyles.o
        /Users/rogerlin/Library/Developer/Xcode/DerivedData/FinancialCalculatorKit-ackorybalcxbfocbkqsfdzcfkgmn/Build/Intermediates.noindex/MathJaxSwift.build/Debug/MathJaxSwift.build/Objects-normal/arm64/AMInputProcessorOptions.o
        /Users/rogerlin/Library/Developer/Xcode/DerivedData/FinancialCalculatorKit-ackorybalcxbfocbkqsfdzcfkgmn/Build/Intermediates.noindex/MathJaxSwift.build/Debug/MathJaxSwift.build/Objects-normal/arm64/InputProcessorOptions.o
        /Users/rogerlin/Library/Developer/Xcode/DerivedData/FinancialCalculatorKit-ackorybalcxbfocbkqsfdzcfkgmn/Build/Intermediates.noindex/MathJaxSwift.build/Debug/MathJaxSwift.build/Objects-normal/arm64/MMLInputProcessorOptions.o
        /Users/rogerlin/Library/Developer/Xcode/DerivedData/FinancialCalculatorKit-ackorybalcxbfocbkqsfdzcfkgmn/Build/Intermediates.noindex/MathJaxSwift.build/Debug/MathJaxSwift.build/Objects-normal/arm64/AMSCDOptions.o
        /Users/rogerlin/Library/Developer/Xcode/DerivedData/FinancialCalculatorKit-ackorybalcxbfocbkqsfdzcfkgmn/Build/Intermediates.noindex/MathJaxSwift.build/Debug/MathJaxSwift.build/Objects-normal/arm64/AMSOptions.o
        /Users/rogerlin/Library/Developer/Xcode/DerivedData/FinancialCalculatorKit-ackorybalcxbfocbkqsfdzcfkgmn/Build/Intermediates.noindex/MathJaxSwift.build/Debug/MathJaxSwift.build/Objects-normal/arm64/AutoloadOptions.o
        /Users/rogerlin/Library/Developer/Xcode/DerivedData/FinancialCalculatorKit-ackorybalcxbfocbkqsfdzcfkgmn/Build/Intermediates.noindex/MathJaxSwift.build/Debug/MathJaxSwift.build/Objects-normal/arm64/ColorOptions.o
        /Users/rogerlin/Library/Developer/Xcode/DerivedData/FinancialCalculatorKit-ackorybalcxbfocbkqsfdzcfkgmn/Build/Intermediates.noindex/MathJaxSwift.build/Debug/MathJaxSwift.build/Objects-normal/arm64/MathtoolsOptions.o
        /Users/rogerlin/Library/Developer/Xcode/DerivedData/FinancialCalculatorKit-ackorybalcxbfocbkqsfdzcfkgmn/Build/Intermediates.noindex/MathJaxSwift.build/Debug/MathJaxSwift.build/Objects-normal/arm64/NoundefinedOptions.o
        /Users/rogerlin/Library/Developer/Xcode/DerivedData/FinancialCalculatorKit-ackorybalcxbfocbkqsfdzcfkgmn/Build/Intermediates.noindex/MathJaxSwift.build/Debug/MathJaxSwift.build/Objects-normal/arm64/PhysicsOptions.o
        /Users/rogerlin/Library/Developer/Xcode/DerivedData/FinancialCalculatorKit-ackorybalcxbfocbkqsfdzcfkgmn/Build/Intermediates.noindex/MathJaxSwift.build/Debug/MathJaxSwift.build/Objects-normal/arm64/RequireOptions.o
        /Users/rogerlin/Library/Developer/Xcode/DerivedData/FinancialCalculatorKit-ackorybalcxbfocbkqsfdzcfkgmn/Build/Intermediates.noindex/MathJaxSwift.build/Debug/MathJaxSwift.build/Objects-normal/arm64/SetOptions.o
        /Users/rogerlin/Library/Developer/Xcode/DerivedData/FinancialCalculatorKit-ackorybalcxbfocbkqsfdzcfkgmn/Build/Intermediates.noindex/MathJaxSwift.build/Debug/MathJaxSwift.build/Objects-normal/arm64/TagFormatOptions.o
        /Users/rogerlin/Library/Developer/Xcode/DerivedData/FinancialCalculatorKit-ackorybalcxbfocbkqsfdzcfkgmn/Build/Intermediates.noindex/MathJaxSwift.build/Debug/MathJaxSwift.build/Objects-normal/arm64/TeXInputProcessorOptions.o
        /Users/rogerlin/Library/Developer/Xcode/DerivedData/FinancialCalculatorKit-ackorybalcxbfocbkqsfdzcfkgmn/Build/Intermediates.noindex/MathJaxSwift.build/Debug/MathJaxSwift.build/Objects-normal/arm64/CHTMLOutputProcessorOptions.o
        /Users/rogerlin/Library/Developer/Xcode/DerivedData/FinancialCalculatorKit-ackorybalcxbfocbkqsfdzcfkgmn/Build/Intermediates.noindex/MathJaxSwift.build/Debug/MathJaxSwift.build/Objects-normal/arm64/OutputProcessorOptions.o
        /Users/rogerlin/Library/Developer/Xcode/DerivedData/FinancialCalculatorKit-ackorybalcxbfocbkqsfdzcfkgmn/Build/Intermediates.noindex/MathJaxSwift.build/Debug/MathJaxSwift.build/Objects-normal/arm64/SVGOutputProcessorOptions.o
        /Users/rogerlin/Library/Developer/Xcode/DerivedData/FinancialCalculatorKit-ackorybalcxbfocbkqsfdzcfkgmn/Build/Intermediates.noindex/MathJaxSwift.build/Debug/MathJaxSwift.build/Objects-normal/arm64/MathJaxSwift.LinkFileList
        /Users/rogerlin/Library/Developer/Xcode/DerivedData/FinancialCalculatorKit-ackorybalcxbfocbkqsfdzcfkgmn/Build/Products/Debug

    Task output dependencies:
        /Users/rogerlin/Library/Developer/Xcode/DerivedData/FinancialCalculatorKit-ackorybalcxbfocbkqsfdzcfkgmn/Build/Products/Debug/MathJaxSwift.o
        /Users/rogerlin/Library/Developer/Xcode/DerivedData/FinancialCalculatorKit-ackorybalcxbfocbkqsfdzcfkgmn/Build/Intermediates.noindex/MathJaxSwift.build/Debug/MathJaxSwift.build/Objects-normal/arm64/MathJaxSwift_lto.o
        /Users/rogerlin/Library/Developer/Xcode/DerivedData/FinancialCalculatorKit-ackorybalcxbfocbkqsfdzcfkgmn/Build/Intermediates.noindex/MathJaxSwift.build/Debug/MathJaxSwift.build/Objects-normal/arm64/MathJaxSwift_dependency_info.dat

ExtractAppIntentsMetadata (in target 'RealModule' from project 'swift-numerics')
    cd /Users/rogerlin/Library/Developer/Xcode/DerivedData/FinancialCalculatorKit-ackorybalcxbfocbkqsfdzcfkgmn/SourcePackages/checkouts/swift-numerics
    /Applications/Xcode.app/Contents/Developer/Toolchains/XcodeDefault.xctoolchain/usr/bin/appintentsmetadataprocessor --toolchain-dir /Applications/Xcode.app/Contents/Developer/Toolchains/XcodeDefault.xctoolchain --module-name RealModule --sdk-root /Applications/Xcode.app/Contents/Developer/Platforms/MacOSX.platform/Developer/SDKs/MacOSX26.1.sdk --xcode-version 17B55 --platform-family macOS --deployment-target 10.13 --bundle-identifier swift-numerics.RealModule --output /Users/rogerlin/Library/Developer/Xcode/DerivedData/FinancialCalculatorKit-ackorybalcxbfocbkqsfdzcfkgmn/Build/Products/Debug/RealModule.appintents --target-triple arm64-apple-macos10.13 --binary-file /Users/rogerlin/Library/Developer/Xcode/DerivedData/FinancialCalculatorKit-ackorybalcxbfocbkqsfdzcfkgmn/Build/Products/Debug/RealModule.o --dependency-file /Users/rogerlin/Library/Developer/Xcode/DerivedData/FinancialCalculatorKit-ackorybalcxbfocbkqsfdzcfkgmn/Build/Intermediates.noindex/swift-numerics.build/Debug/RealModule.build/Objects-normal/arm64/RealModule_dependency_info.dat --stringsdata-file /Users/rogerlin/Library/Developer/Xcode/DerivedData/FinancialCalculatorKit-ackorybalcxbfocbkqsfdzcfkgmn/Build/Intermediates.noindex/swift-numerics.build/Debug/RealModule.build/Objects-normal/arm64/ExtractedAppShortcutsMetadata.stringsdata --source-file-list /Users/rogerlin/Library/Developer/Xcode/DerivedData/FinancialCalculatorKit-ackorybalcxbfocbkqsfdzcfkgmn/Build/Intermediates.noindex/swift-numerics.build/Debug/RealModule.build/Objects-normal/arm64/RealModule.SwiftFileList --metadata-file-list /Users/rogerlin/Library/Developer/Xcode/DerivedData/FinancialCalculatorKit-ackorybalcxbfocbkqsfdzcfkgmn/Build/Intermediates.noindex/swift-numerics.build/Debug/RealModule.build/RealModule.DependencyMetadataFileList --static-metadata-file-list /Users/rogerlin/Library/Developer/Xcode/DerivedData/FinancialCalculatorKit-ackorybalcxbfocbkqsfdzcfkgmn/Build/Intermediates.noindex/swift-numerics.build/Debug/RealModule.build/RealModule.DependencyStaticMetadataFileList --swift-const-vals-list /Users/rogerlin/Library/Developer/Xcode/DerivedData/FinancialCalculatorKit-ackorybalcxbfocbkqsfdzcfkgmn/Build/Intermediates.noindex/swift-numerics.build/Debug/RealModule.build/Objects-normal/arm64/RealModule.SwiftConstValuesFileList --force --compile-time-extraction --deployment-aware-processing --validate-assistant-intents --no-app-shortcuts-localization

    Task input dependencies:
        /Users/rogerlin/Library/Developer/Xcode/DerivedData/FinancialCalculatorKit-ackorybalcxbfocbkqsfdzcfkgmn/SourcePackages/checkouts/swift-numerics/Sources/RealModule/AlgebraicField.swift
        /Users/rogerlin/Library/Developer/Xcode/DerivedData/FinancialCalculatorKit-ackorybalcxbfocbkqsfdzcfkgmn/SourcePackages/checkouts/swift-numerics/Sources/RealModule/ApproximateEquality.swift
        /Users/rogerlin/Library/Developer/Xcode/DerivedData/FinancialCalculatorKit-ackorybalcxbfocbkqsfdzcfkgmn/SourcePackages/checkouts/swift-numerics/Sources/RealModule/AugmentedArithmetic.swift
        /Users/rogerlin/Library/Developer/Xcode/DerivedData/FinancialCalculatorKit-ackorybalcxbfocbkqsfdzcfkgmn/SourcePackages/checkouts/swift-numerics/Sources/RealModule/Double+Real.swift
        /Users/rogerlin/Library/Developer/Xcode/DerivedData/FinancialCalculatorKit-ackorybalcxbfocbkqsfdzcfkgmn/SourcePackages/checkouts/swift-numerics/Sources/RealModule/ElementaryFunctions.swift
        /Users/rogerlin/Library/Developer/Xcode/DerivedData/FinancialCalculatorKit-ackorybalcxbfocbkqsfdzcfkgmn/SourcePackages/checkouts/swift-numerics/Sources/RealModule/Float+Real.swift
        /Users/rogerlin/Library/Developer/Xcode/DerivedData/FinancialCalculatorKit-ackorybalcxbfocbkqsfdzcfkgmn/SourcePackages/checkouts/swift-numerics/Sources/RealModule/Float16+Real.swift
        /Users/rogerlin/Library/Developer/Xcode/DerivedData/FinancialCalculatorKit-ackorybalcxbfocbkqsfdzcfkgmn/SourcePackages/checkouts/swift-numerics/Sources/RealModule/Float80+Real.swift
        /Users/rogerlin/Library/Developer/Xcode/DerivedData/FinancialCalculatorKit-ackorybalcxbfocbkqsfdzcfkgmn/SourcePackages/checkouts/swift-numerics/Sources/RealModule/Real.swift
        /Users/rogerlin/Library/Developer/Xcode/DerivedData/FinancialCalculatorKit-ackorybalcxbfocbkqsfdzcfkgmn/SourcePackages/checkouts/swift-numerics/Sources/RealModule/RealFunctions.swift
        /Users/rogerlin/Library/Developer/Xcode/DerivedData/FinancialCalculatorKit-ackorybalcxbfocbkqsfdzcfkgmn/Build/Intermediates.noindex/swift-numerics.build/Debug/RealModule.build/Objects-normal/arm64/AlgebraicField.swiftconstvalues
        /Users/rogerlin/Library/Developer/Xcode/DerivedData/FinancialCalculatorKit-ackorybalcxbfocbkqsfdzcfkgmn/Build/Intermediates.noindex/swift-numerics.build/Debug/RealModule.build/Objects-normal/arm64/ApproximateEquality.swiftconstvalues
        /Users/rogerlin/Library/Developer/Xcode/DerivedData/FinancialCalculatorKit-ackorybalcxbfocbkqsfdzcfkgmn/Build/Intermediates.noindex/swift-numerics.build/Debug/RealModule.build/Objects-normal/arm64/AugmentedArithmetic.swiftconstvalues
        /Users/rogerlin/Library/Developer/Xcode/DerivedData/FinancialCalculatorKit-ackorybalcxbfocbkqsfdzcfkgmn/Build/Intermediates.noindex/swift-numerics.build/Debug/RealModule.build/Objects-normal/arm64/Double+Real.swiftconstvalues
        /Users/rogerlin/Library/Developer/Xcode/DerivedData/FinancialCalculatorKit-ackorybalcxbfocbkqsfdzcfkgmn/Build/Intermediates.noindex/swift-numerics.build/Debug/RealModule.build/Objects-normal/arm64/ElementaryFunctions.swiftconstvalues
        /Users/rogerlin/Library/Developer/Xcode/DerivedData/FinancialCalculatorKit-ackorybalcxbfocbkqsfdzcfkgmn/Build/Intermediates.noindex/swift-numerics.build/Debug/RealModule.build/Objects-normal/arm64/Float+Real.swiftconstvalues
        /Users/rogerlin/Library/Developer/Xcode/DerivedData/FinancialCalculatorKit-ackorybalcxbfocbkqsfdzcfkgmn/Build/Intermediates.noindex/swift-numerics.build/Debug/RealModule.build/Objects-normal/arm64/Float16+Real.swiftconstvalues
        /Users/rogerlin/Library/Developer/Xcode/DerivedData/FinancialCalculatorKit-ackorybalcxbfocbkqsfdzcfkgmn/Build/Intermediates.noindex/swift-numerics.build/Debug/RealModule.build/Objects-normal/arm64/Float80+Real.swiftconstvalues
        /Users/rogerlin/Library/Developer/Xcode/DerivedData/FinancialCalculatorKit-ackorybalcxbfocbkqsfdzcfkgmn/Build/Intermediates.noindex/swift-numerics.build/Debug/RealModule.build/Objects-normal/arm64/Real.swiftconstvalues
        /Users/rogerlin/Library/Developer/Xcode/DerivedData/FinancialCalculatorKit-ackorybalcxbfocbkqsfdzcfkgmn/Build/Intermediates.noindex/swift-numerics.build/Debug/RealModule.build/Objects-normal/arm64/RealFunctions.swiftconstvalues
        /Users/rogerlin/Library/Developer/Xcode/DerivedData/FinancialCalculatorKit-ackorybalcxbfocbkqsfdzcfkgmn/Build/Products/Debug/RealModule.o
        /Users/rogerlin/Library/Developer/Xcode/DerivedData/FinancialCalculatorKit-ackorybalcxbfocbkqsfdzcfkgmn/Build/Intermediates.noindex/swift-numerics.build/Debug/RealModule.build/RealModule.DependencyMetadataFileList
        /Users/rogerlin/Library/Developer/Xcode/DerivedData/FinancialCalculatorKit-ackorybalcxbfocbkqsfdzcfkgmn/Build/Intermediates.noindex/swift-numerics.build/Debug/RealModule.build/RealModule.DependencyStaticMetadataFileList
        /Users/rogerlin/Library/Developer/Xcode/DerivedData/FinancialCalculatorKit-ackorybalcxbfocbkqsfdzcfkgmn/Build/Intermediates.noindex/swift-numerics.build/Debug/RealModule.build/Objects-normal/arm64/RealModule_dependency_info.dat
        /Users/rogerlin/Library/Developer/Xcode/DerivedData/FinancialCalculatorKit-ackorybalcxbfocbkqsfdzcfkgmn/Build/Intermediates.noindex/swift-numerics.build/Debug/RealModule.build/Objects-normal/arm64/RealModule.SwiftFileList
        /Users/rogerlin/Library/Developer/Xcode/DerivedData/FinancialCalculatorKit-ackorybalcxbfocbkqsfdzcfkgmn/Build/Intermediates.noindex/swift-numerics.build/Debug/RealModule.build/Objects-normal/arm64/RealModule.SwiftConstValuesFileList

    Task output dependencies:
        /Users/rogerlin/Library/Developer/Xcode/DerivedData/FinancialCalculatorKit-ackorybalcxbfocbkqsfdzcfkgmn/Build/Intermediates.noindex/swift-numerics.build/Debug/RealModule.build/Objects-normal/arm64/ExtractedAppShortcutsMetadata.stringsdata
2025-11-05 20:45:55.634 appintentsmetadataprocessor[13897:496398] Starting appintentsmetadataprocessor export
2025-11-05 20:45:55.737 appintentsmetadataprocessor[13897:496398] Extracted no relevant App Intents symbols, skipping writing output

SwiftDriverJobDiscovery normal arm64 Compiling ExpMod.swift (in target 'BigInt' from project 'BigInt')

SwiftDriverJobDiscovery normal arm64 Compiling ReportIssue.swift (in target 'IssueReporting' from project 'xctest-dynamic-overlay')

SwiftDriver XCTestDynamicOverlay normal arm64 com.apple.xcode.tools.swift.compiler (in target 'XCTestDynamicOverlay' from project 'xctest-dynamic-overlay')
    cd /Users/rogerlin/XCode-Projects/FinancialCalculatorKit-5.0-updated-accent-colors/FinancialCalculatorKit.xcodeproj
    builtin-SwiftDriver -- /Applications/Xcode.app/Contents/Developer/Toolchains/XcodeDefault.xctoolchain/usr/bin/swiftc -module-name XCTestDynamicOverlay -Onone -enforce-exclusivity\=checked @/Users/rogerlin/Library/Developer/Xcode/DerivedData/FinancialCalculatorKit-ackorybalcxbfocbkqsfdzcfkgmn/Build/Intermediates.noindex/xctest-dynamic-overlay.build/Debug/XCTestDynamicOverlay.build/Objects-normal/arm64/XCTestDynamicOverlay.SwiftFileList -DSWIFT_PACKAGE -DDEBUG -DSWIFT_MODULE_RESOURCE_BUNDLE_UNAVAILABLE -DXcode -plugin-path /Applications/Xcode.app/Contents/Developer/Toolchains/XcodeDefault.xctoolchain/usr/lib/swift/host/plugins/testing -enable-experimental-feature DebugDescriptionMacro -sdk /Applications/Xcode.app/Contents/Developer/Platforms/MacOSX.platform/Developer/SDKs/MacOSX26.1.sdk -target arm64-apple-macos10.15 -g -module-cache-path /Users/rogerlin/Library/Developer/Xcode/DerivedData/ModuleCache.noindex -Xfrontend -serialize-debugging-options -profile-coverage-mapping -profile-generate -enable-testing -suppress-warnings -index-store-path /Users/rogerlin/Library/Developer/Xcode/DerivedData/FinancialCalculatorKit-ackorybalcxbfocbkqsfdzcfkgmn/Index.noindex/DataStore -Xcc -D_LIBCPP_HARDENING_MODE\=_LIBCPP_HARDENING_MODE_DEBUG -swift-version 6 -I /Users/rogerlin/Library/Developer/Xcode/DerivedData/FinancialCalculatorKit-ackorybalcxbfocbkqsfdzcfkgmn/Build/Products/Debug -Isystem /Applications/Xcode.app/Contents/Developer/Platforms/MacOSX.platform/Developer/usr/lib -F /Users/rogerlin/Library/Developer/Xcode/DerivedData/FinancialCalculatorKit-ackorybalcxbfocbkqsfdzcfkgmn/Build/Products/Debug/PackageFrameworks -F /Users/rogerlin/Library/Developer/Xcode/DerivedData/FinancialCalculatorKit-ackorybalcxbfocbkqsfdzcfkgmn/Build/Products/Debug -F /Applications/Xcode.app/Contents/Developer/Platforms/MacOSX.platform/Developer/Library/Frameworks -c -j16 -enable-batch-mode -incremental -Xcc -ivfsstatcache -Xcc /Users/rogerlin/Library/Developer/Xcode/DerivedData/SDKStatCaches.noindex/macosx26.1-25B74-3ae1261907bdadc328169391a47051a6.sdkstatcache -output-file-map /Users/rogerlin/Library/Developer/Xcode/DerivedData/FinancialCalculatorKit-ackorybalcxbfocbkqsfdzcfkgmn/Build/Intermediates.noindex/xctest-dynamic-overlay.build/Debug/XCTestDynamicOverlay.build/Objects-normal/arm64/XCTestDynamicOverlay-OutputFileMap.json -use-frontend-parseable-output -save-temps -no-color-diagnostics -explicit-module-build -module-cache-path /Users/rogerlin/Library/Developer/Xcode/DerivedData/FinancialCalculatorKit-ackorybalcxbfocbkqsfdzcfkgmn/Build/Intermediates.noindex/SwiftExplicitPrecompiledModules -clang-scanner-module-cache-path /Users/rogerlin/Library/Developer/Xcode/DerivedData/ModuleCache.noindex -sdk-module-cache-path /Users/rogerlin/Library/Developer/Xcode/DerivedData/ModuleCache.noindex -serialize-diagnostics -emit-dependencies -emit-module -emit-module-path /Users/rogerlin/Library/Developer/Xcode/DerivedData/FinancialCalculatorKit-ackorybalcxbfocbkqsfdzcfkgmn/Build/Intermediates.noindex/xctest-dynamic-overlay.build/Debug/XCTestDynamicOverlay.build/Objects-normal/arm64/XCTestDynamicOverlay.swiftmodule -user-module-version 1.5.2 -validate-clang-modules-once -clang-build-session-file /Users/rogerlin/Library/Developer/Xcode/DerivedData/ModuleCache.noindex/Session.modulevalidation -package-name xctest_dynamic_overlay -Xcc -I/Users/rogerlin/Library/Developer/Xcode/DerivedData/FinancialCalculatorKit-ackorybalcxbfocbkqsfdzcfkgmn/Build/Intermediates.noindex/xctest-dynamic-overlay.build/Debug/XCTestDynamicOverlay.build/swift-overrides.hmap -emit-const-values -Xfrontend -const-gather-protocols-file -Xfrontend /Users/rogerlin/Library/Developer/Xcode/DerivedData/FinancialCalculatorKit-ackorybalcxbfocbkqsfdzcfkgmn/Build/Intermediates.noindex/xctest-dynamic-overlay.build/Debug/XCTestDynamicOverlay.build/Objects-normal/arm64/XCTestDynamicOverlay_const_extract_protocols.json -Xcc -I/Users/rogerlin/Library/Developer/Xcode/DerivedData/FinancialCalculatorKit-ackorybalcxbfocbkqsfdzcfkgmn/Build/Products/Debug/include -Xcc -I/Users/rogerlin/Library/Developer/Xcode/DerivedData/FinancialCalculatorKit-ackorybalcxbfocbkqsfdzcfkgmn/Build/Intermediates.noindex/xctest-dynamic-overlay.build/Debug/XCTestDynamicOverlay.build/DerivedSources-normal/arm64 -Xcc -I/Users/rogerlin/Library/Developer/Xcode/DerivedData/FinancialCalculatorKit-ackorybalcxbfocbkqsfdzcfkgmn/Build/Intermediates.noindex/xctest-dynamic-overlay.build/Debug/XCTestDynamicOverlay.build/DerivedSources/arm64 -Xcc -I/Users/rogerlin/Library/Developer/Xcode/DerivedData/FinancialCalculatorKit-ackorybalcxbfocbkqsfdzcfkgmn/Build/Intermediates.noindex/xctest-dynamic-overlay.build/Debug/XCTestDynamicOverlay.build/DerivedSources -Xcc -DSWIFT_PACKAGE -Xcc -DDEBUG\=1 -emit-objc-header -emit-objc-header-path /Users/rogerlin/Library/Developer/Xcode/DerivedData/FinancialCalculatorKit-ackorybalcxbfocbkqsfdzcfkgmn/Build/Intermediates.noindex/xctest-dynamic-overlay.build/Debug/XCTestDynamicOverlay.build/Objects-normal/arm64/XCTestDynamicOverlay-Swift.h -working-directory /Users/rogerlin/XCode-Projects/FinancialCalculatorKit-5.0-updated-accent-colors/FinancialCalculatorKit.xcodeproj -experimental-emit-module-separately -disable-cmo

    Task input dependencies:

    Task output dependencies:
note: Swift Driver planned jobs for target XCTestDynamicOverlay (arm64-normal):
	Explicit Modules:

	Compilation Requirements:
		<PlannedSwiftDriverJob [target(0)]:EmitModule XCTestDynamicOverlay dependencies=[]>
	Compilation:
		<PlannedSwiftDriverJob [target(1)]:Compile XCTestDynamicOverlay Deprecations.swift dependencies=[]>
		<PlannedSwiftDriverJob [target(2)]:Compile XCTestDynamicOverlay Exports.swift dependencies=[]>
	After Compilation:

	Verification:
 (in target 'XCTestDynamicOverlay' from project 'xctest-dynamic-overlay')

SwiftDriverJobDiscovery normal arm64 Compiling WithExpectedIssue.swift (in target 'IssueReporting' from project 'xctest-dynamic-overlay')

SwiftDriver SwiftDraw normal arm64 com.apple.xcode.tools.swift.compiler (in target 'SwiftDraw' from project 'SwiftDraw')
    cd /Users/rogerlin/XCode-Projects/FinancialCalculatorKit-5.0-updated-accent-colors/FinancialCalculatorKit.xcodeproj
    builtin-SwiftDriver -- /Applications/Xcode.app/Contents/Developer/Toolchains/XcodeDefault.xctoolchain/usr/bin/swiftc -module-name SwiftDraw -Onone -enforce-exclusivity\=checked @/Users/rogerlin/Library/Developer/Xcode/DerivedData/FinancialCalculatorKit-ackorybalcxbfocbkqsfdzcfkgmn/Build/Intermediates.noindex/SwiftDraw.build/Debug/SwiftDraw.build/Objects-normal/arm64/SwiftDraw.SwiftFileList -DSWIFT_PACKAGE -DDEBUG -DSWIFT_MODULE_RESOURCE_BUNDLE_UNAVAILABLE -DXcode -enable-upcoming-feature ExistentialAny -plugin-path /Applications/Xcode.app/Contents/Developer/Toolchains/XcodeDefault.xctoolchain/usr/lib/swift/host/plugins/testing -enable-experimental-feature DebugDescriptionMacro -sdk /Applications/Xcode.app/Contents/Developer/Platforms/MacOSX.platform/Developer/SDKs/MacOSX26.1.sdk -target arm64-apple-macos10.15 -g -module-cache-path /Users/rogerlin/Library/Developer/Xcode/DerivedData/ModuleCache.noindex -Xfrontend -serialize-debugging-options -profile-coverage-mapping -profile-generate -enable-testing -suppress-warnings -index-store-path /Users/rogerlin/Library/Developer/Xcode/DerivedData/FinancialCalculatorKit-ackorybalcxbfocbkqsfdzcfkgmn/Index.noindex/DataStore -Xcc -D_LIBCPP_HARDENING_MODE\=_LIBCPP_HARDENING_MODE_DEBUG -swift-version 6 -I /Users/rogerlin/Library/Developer/Xcode/DerivedData/FinancialCalculatorKit-ackorybalcxbfocbkqsfdzcfkgmn/Build/Products/Debug -Isystem /Applications/Xcode.app/Contents/Developer/Platforms/MacOSX.platform/Developer/usr/lib -F /Users/rogerlin/Library/Developer/Xcode/DerivedData/FinancialCalculatorKit-ackorybalcxbfocbkqsfdzcfkgmn/Build/Products/Debug/PackageFrameworks -F /Users/rogerlin/Library/Developer/Xcode/DerivedData/FinancialCalculatorKit-ackorybalcxbfocbkqsfdzcfkgmn/Build/Products/Debug -F /Applications/Xcode.app/Contents/Developer/Platforms/MacOSX.platform/Developer/Library/Frameworks -c -j16 -enable-batch-mode -incremental -Xcc -ivfsstatcache -Xcc /Users/rogerlin/Library/Developer/Xcode/DerivedData/SDKStatCaches.noindex/macosx26.1-25B74-3ae1261907bdadc328169391a47051a6.sdkstatcache -output-file-map /Users/rogerlin/Library/Developer/Xcode/DerivedData/FinancialCalculatorKit-ackorybalcxbfocbkqsfdzcfkgmn/Build/Intermediates.noindex/SwiftDraw.build/Debug/SwiftDraw.build/Objects-normal/arm64/SwiftDraw-OutputFileMap.json -use-frontend-parseable-output -save-temps -no-color-diagnostics -explicit-module-build -module-cache-path /Users/rogerlin/Library/Developer/Xcode/DerivedData/FinancialCalculatorKit-ackorybalcxbfocbkqsfdzcfkgmn/Build/Intermediates.noindex/SwiftExplicitPrecompiledModules -clang-scanner-module-cache-path /Users/rogerlin/Library/Developer/Xcode/DerivedData/ModuleCache.noindex -sdk-module-cache-path /Users/rogerlin/Library/Developer/Xcode/DerivedData/ModuleCache.noindex -serialize-diagnostics -emit-dependencies -emit-module -emit-module-path /Users/rogerlin/Library/Developer/Xcode/DerivedData/FinancialCalculatorKit-ackorybalcxbfocbkqsfdzcfkgmn/Build/Intermediates.noindex/SwiftDraw.build/Debug/SwiftDraw.build/Objects-normal/arm64/SwiftDraw.swiftmodule -user-module-version 0.22.0 -validate-clang-modules-once -clang-build-session-file /Users/rogerlin/Library/Developer/Xcode/DerivedData/ModuleCache.noindex/Session.modulevalidation -package-name swiftdraw -Xcc -I/Users/rogerlin/Library/Developer/Xcode/DerivedData/FinancialCalculatorKit-ackorybalcxbfocbkqsfdzcfkgmn/Build/Intermediates.noindex/SwiftDraw.build/Debug/SwiftDraw.build/swift-overrides.hmap -emit-const-values -Xfrontend -const-gather-protocols-file -Xfrontend /Users/rogerlin/Library/Developer/Xcode/DerivedData/FinancialCalculatorKit-ackorybalcxbfocbkqsfdzcfkgmn/Build/Intermediates.noindex/SwiftDraw.build/Debug/SwiftDraw.build/Objects-normal/arm64/SwiftDraw_const_extract_protocols.json -Xcc -I/Users/rogerlin/Library/Developer/Xcode/DerivedData/FinancialCalculatorKit-ackorybalcxbfocbkqsfdzcfkgmn/Build/Products/Debug/include -Xcc -I/Users/rogerlin/Library/Developer/Xcode/DerivedData/FinancialCalculatorKit-ackorybalcxbfocbkqsfdzcfkgmn/Build/Intermediates.noindex/SwiftDraw.build/Debug/SwiftDraw.build/DerivedSources-normal/arm64 -Xcc -I/Users/rogerlin/Library/Developer/Xcode/DerivedData/FinancialCalculatorKit-ackorybalcxbfocbkqsfdzcfkgmn/Build/Intermediates.noindex/SwiftDraw.build/Debug/SwiftDraw.build/DerivedSources/arm64 -Xcc -I/Users/rogerlin/Library/Developer/Xcode/DerivedData/FinancialCalculatorKit-ackorybalcxbfocbkqsfdzcfkgmn/Build/Intermediates.noindex/SwiftDraw.build/Debug/SwiftDraw.build/DerivedSources -Xcc -DSWIFT_PACKAGE -Xcc -DDEBUG\=1 -emit-objc-header -emit-objc-header-path /Users/rogerlin/Library/Developer/Xcode/DerivedData/FinancialCalculatorKit-ackorybalcxbfocbkqsfdzcfkgmn/Build/Intermediates.noindex/SwiftDraw.build/Debug/SwiftDraw.build/Objects-normal/arm64/SwiftDraw-Swift.h -working-directory /Users/rogerlin/XCode-Projects/FinancialCalculatorKit-5.0-updated-accent-colors/FinancialCalculatorKit.xcodeproj -experimental-emit-module-separately -disable-cmo

    Task input dependencies:

    Task output dependencies:
note: Swift Driver planned jobs for target SwiftDraw (arm64-normal):
	Explicit Modules:

	Compilation Requirements:
		<PlannedSwiftDriverJob [target(0)]:EmitModule SwiftDraw dependencies=[]>
	Compilation:
		<PlannedSwiftDriverJob [target(1)]:Compile SwiftDraw CGImage+Mask.swift CGPath+Segment.swift CGPattern+Closure.swift CGTextRenderer+Code.swift dependencies=[]>
		<PlannedSwiftDriverJob [target(2)]:Compile SwiftDraw CommandLine+Process.swift CommandLine.Arguments.swift CommandLine.Configuration.swift dependencies=[]>
		<PlannedSwiftDriverJob [target(3)]:Compile SwiftDraw CommandLine.swift CoordinateFormatter.swift LayerTree.Builder.Layer.swift dependencies=[]>
		<PlannedSwiftDriverJob [target(4)]:Compile SwiftDraw LayerTree.Builder.Path.Arc.swift LayerTree.Builder.Path.swift LayerTree.Builder.Shape.swift dependencies=[]>
		<PlannedSwiftDriverJob [target(5)]:Compile SwiftDraw LayerTree.Builder.Text.swift LayerTree.Builder.swift LayerTree.Color.swift dependencies=[]>
		<PlannedSwiftDriverJob [target(6)]:Compile SwiftDraw LayerTree.CommandGenerator.swift LayerTree.CommandOptimizer.swift LayerTree.Gradient.swift dependencies=[]>
		<PlannedSwiftDriverJob [target(7)]:Compile SwiftDraw LayerTree.Image.swift LayerTree.Layer.swift LayerTree.Path+Bounds.swift dependencies=[]>
		<PlannedSwiftDriverJob [target(8)]:Compile SwiftDraw LayerTree.Path+Reversed.swift LayerTree.Path+Subpath.swift LayerTree.Path.swift dependencies=[]>
		<PlannedSwiftDriverJob [target(9)]:Compile SwiftDraw LayerTree.Pattern.swift LayerTree.Shape.swift LayerTree.Transform.swift dependencies=[]>
		<PlannedSwiftDriverJob [target(10)]:Compile SwiftDraw LayerTree.swift NSImage+SVG.swift Renderer.CGText+Path.swift dependencies=[]>
		<PlannedSwiftDriverJob [target(11)]:Compile SwiftDraw Renderer.CGText.swift Renderer.CoreGraphics.swift Renderer.LayerTree.swift dependencies=[]>
		<PlannedSwiftDriverJob [target(12)]:Compile SwiftDraw Renderer.SFSymbol+CGPath.swift Renderer.SFSymbol.swift Renderer.SVG.swift dependencies=[]>
		<PlannedSwiftDriverJob [target(13)]:Compile SwiftDraw Renderer.swift SVG+CoreGraphics.swift SVG+Deprecated.swift dependencies=[]>
		<PlannedSwiftDriverJob [target(14)]:Compile SwiftDraw SVG+Hashable.swift SVG+Insets.swift SVG.swift dependencies=[]>
		<PlannedSwiftDriverJob [target(15)]:Compile SwiftDraw SVGView.swift Stack.swift UIImage+SVG.swift dependencies=[]>
		<PlannedSwiftDriverJob [target(16)]:Compile SwiftDraw PairedSequence.swift XML.Formatter.SVG.swift XML.Formatter.swift dependencies=[]>
	After Compilation:

	Verification:
 (in target 'SwiftDraw' from project 'SwiftDraw')

SwiftDriver Numerics normal arm64 com.apple.xcode.tools.swift.compiler (in target 'Numerics' from project 'swift-numerics')
    cd /Users/rogerlin/XCode-Projects/FinancialCalculatorKit-5.0-updated-accent-colors/FinancialCalculatorKit.xcodeproj
    builtin-SwiftDriver -- /Applications/Xcode.app/Contents/Developer/Toolchains/XcodeDefault.xctoolchain/usr/bin/swiftc -module-name Numerics -Onone -enforce-exclusivity\=checked @/Users/rogerlin/Library/Developer/Xcode/DerivedData/FinancialCalculatorKit-ackorybalcxbfocbkqsfdzcfkgmn/Build/Intermediates.noindex/swift-numerics.build/Debug/Numerics.build/Objects-normal/arm64/Numerics.SwiftFileList -DSWIFT_PACKAGE -DDEBUG -DSWIFT_MODULE_RESOURCE_BUNDLE_UNAVAILABLE -DXcode -plugin-path /Applications/Xcode.app/Contents/Developer/Toolchains/XcodeDefault.xctoolchain/usr/lib/swift/host/plugins/testing -enable-experimental-feature DebugDescriptionMacro -sdk /Applications/Xcode.app/Contents/Developer/Platforms/MacOSX.platform/Developer/SDKs/MacOSX26.1.sdk -target arm64-apple-macos10.13 -g -module-cache-path /Users/rogerlin/Library/Developer/Xcode/DerivedData/ModuleCache.noindex -Xfrontend -serialize-debugging-options -profile-coverage-mapping -profile-generate -enable-testing -suppress-warnings -index-store-path /Users/rogerlin/Library/Developer/Xcode/DerivedData/FinancialCalculatorKit-ackorybalcxbfocbkqsfdzcfkgmn/Index.noindex/DataStore -Xcc -D_LIBCPP_HARDENING_MODE\=_LIBCPP_HARDENING_MODE_DEBUG -swift-version 5 -I /Users/rogerlin/Library/Developer/Xcode/DerivedData/FinancialCalculatorKit-ackorybalcxbfocbkqsfdzcfkgmn/Build/Products/Debug -Isystem /Applications/Xcode.app/Contents/Developer/Platforms/MacOSX.platform/Developer/usr/lib -F /Users/rogerlin/Library/Developer/Xcode/DerivedData/FinancialCalculatorKit-ackorybalcxbfocbkqsfdzcfkgmn/Build/Products/Debug/PackageFrameworks -F /Users/rogerlin/Library/Developer/Xcode/DerivedData/FinancialCalculatorKit-ackorybalcxbfocbkqsfdzcfkgmn/Build/Products/Debug/PackageFrameworks -F /Users/rogerlin/Library/Developer/Xcode/DerivedData/FinancialCalculatorKit-ackorybalcxbfocbkqsfdzcfkgmn/Build/Products/Debug/PackageFrameworks -F /Users/rogerlin/Library/Developer/Xcode/DerivedData/FinancialCalculatorKit-ackorybalcxbfocbkqsfdzcfkgmn/Build/Products/Debug -F /Applications/Xcode.app/Contents/Developer/Platforms/MacOSX.platform/Developer/Library/Frameworks -parse-as-library -c -j16 -enable-batch-mode -incremental -Xcc -ivfsstatcache -Xcc /Users/rogerlin/Library/Developer/Xcode/DerivedData/SDKStatCaches.noindex/macosx26.1-25B74-3ae1261907bdadc328169391a47051a6.sdkstatcache -output-file-map /Users/rogerlin/Library/Developer/Xcode/DerivedData/FinancialCalculatorKit-ackorybalcxbfocbkqsfdzcfkgmn/Build/Intermediates.noindex/swift-numerics.build/Debug/Numerics.build/Objects-normal/arm64/Numerics-OutputFileMap.json -use-frontend-parseable-output -save-temps -no-color-diagnostics -explicit-module-build -module-cache-path /Users/rogerlin/Library/Developer/Xcode/DerivedData/FinancialCalculatorKit-ackorybalcxbfocbkqsfdzcfkgmn/Build/Intermediates.noindex/SwiftExplicitPrecompiledModules -clang-scanner-module-cache-path /Users/rogerlin/Library/Developer/Xcode/DerivedData/ModuleCache.noindex -sdk-module-cache-path /Users/rogerlin/Library/Developer/Xcode/DerivedData/ModuleCache.noindex -serialize-diagnostics -emit-dependencies -emit-module -emit-module-path /Users/rogerlin/Library/Developer/Xcode/DerivedData/FinancialCalculatorKit-ackorybalcxbfocbkqsfdzcfkgmn/Build/Intermediates.noindex/swift-numerics.build/Debug/Numerics.build/Objects-normal/arm64/Numerics.swiftmodule -validate-clang-modules-once -clang-build-session-file /Users/rogerlin/Library/Developer/Xcode/DerivedData/ModuleCache.noindex/Session.modulevalidation -Xcc -I/Users/rogerlin/Library/Developer/Xcode/DerivedData/FinancialCalculatorKit-ackorybalcxbfocbkqsfdzcfkgmn/Build/Intermediates.noindex/swift-numerics.build/Debug/Numerics.build/swift-overrides.hmap -emit-const-values -Xfrontend -const-gather-protocols-file -Xfrontend /Users/rogerlin/Library/Developer/Xcode/DerivedData/FinancialCalculatorKit-ackorybalcxbfocbkqsfdzcfkgmn/Build/Intermediates.noindex/swift-numerics.build/Debug/Numerics.build/Objects-normal/arm64/Numerics_const_extract_protocols.json -Xcc -I/Users/rogerlin/Library/Developer/Xcode/DerivedData/FinancialCalculatorKit-ackorybalcxbfocbkqsfdzcfkgmn/SourcePackages/checkouts/swift-numerics/Sources/_NumericsShims/include -Xcc -I/Users/rogerlin/Library/Developer/Xcode/DerivedData/FinancialCalculatorKit-ackorybalcxbfocbkqsfdzcfkgmn/Build/Products/Debug/include -Xcc -I/Users/rogerlin/Library/Developer/Xcode/DerivedData/FinancialCalculatorKit-ackorybalcxbfocbkqsfdzcfkgmn/Build/Intermediates.noindex/swift-numerics.build/Debug/Numerics.build/DerivedSources-normal/arm64 -Xcc -I/Users/rogerlin/Library/Developer/Xcode/DerivedData/FinancialCalculatorKit-ackorybalcxbfocbkqsfdzcfkgmn/Build/Intermediates.noindex/swift-numerics.build/Debug/Numerics.build/DerivedSources/arm64 -Xcc -I/Users/rogerlin/Library/Developer/Xcode/DerivedData/FinancialCalculatorKit-ackorybalcxbfocbkqsfdzcfkgmn/Build/Intermediates.noindex/swift-numerics.build/Debug/Numerics.build/DerivedSources -Xcc -DSWIFT_PACKAGE -Xcc -DDEBUG\=1 -emit-objc-header -emit-objc-header-path /Users/rogerlin/Library/Developer/Xcode/DerivedData/FinancialCalculatorKit-ackorybalcxbfocbkqsfdzcfkgmn/Build/Intermediates.noindex/swift-numerics.build/Debug/Numerics.build/Objects-normal/arm64/Numerics-Swift.h -working-directory /Users/rogerlin/XCode-Projects/FinancialCalculatorKit-5.0-updated-accent-colors/FinancialCalculatorKit.xcodeproj -experimental-emit-module-separately -disable-cmo

    Task input dependencies:

    Task output dependencies:
note: Swift Driver planned jobs for target Numerics (arm64-normal):
	Explicit Modules:

	Compilation Requirements:
		<PlannedSwiftDriverJob [target(0)]:EmitModule Numerics dependencies=[]>
	Compilation:
		<PlannedSwiftDriverJob [target(1)]:Compile Numerics Numerics.swift dependencies=[]>
	After Compilation:

	Verification:
 (in target 'Numerics' from project 'swift-numerics')

ExtractAppIntentsMetadata (in target 'SwiftDrawDOM' from project 'SwiftDraw')
    cd /Users/rogerlin/Library/Developer/Xcode/DerivedData/FinancialCalculatorKit-ackorybalcxbfocbkqsfdzcfkgmn/SourcePackages/checkouts/SwiftDraw
    /Applications/Xcode.app/Contents/Developer/Toolchains/XcodeDefault.xctoolchain/usr/bin/appintentsmetadataprocessor --toolchain-dir /Applications/Xcode.app/Contents/Developer/Toolchains/XcodeDefault.xctoolchain --module-name SwiftDrawDOM --sdk-root /Applications/Xcode.app/Contents/Developer/Platforms/MacOSX.platform/Developer/SDKs/MacOSX26.1.sdk --xcode-version 17B55 --platform-family macOS --deployment-target 10.15 --bundle-identifier swiftdraw.SwiftDrawDOM --output /Users/rogerlin/Library/Developer/Xcode/DerivedData/FinancialCalculatorKit-ackorybalcxbfocbkqsfdzcfkgmn/Build/Products/Debug/SwiftDrawDOM.appintents --target-triple arm64-apple-macos10.15 --binary-file /Users/rogerlin/Library/Developer/Xcode/DerivedData/FinancialCalculatorKit-ackorybalcxbfocbkqsfdzcfkgmn/Build/Products/Debug/SwiftDrawDOM.o --dependency-file /Users/rogerlin/Library/Developer/Xcode/DerivedData/FinancialCalculatorKit-ackorybalcxbfocbkqsfdzcfkgmn/Build/Intermediates.noindex/SwiftDraw.build/Debug/SwiftDrawDOM.build/Objects-normal/arm64/SwiftDrawDOM_dependency_info.dat --stringsdata-file /Users/rogerlin/Library/Developer/Xcode/DerivedData/FinancialCalculatorKit-ackorybalcxbfocbkqsfdzcfkgmn/Build/Intermediates.noindex/SwiftDraw.build/Debug/SwiftDrawDOM.build/Objects-normal/arm64/ExtractedAppShortcutsMetadata.stringsdata --source-file-list /Users/rogerlin/Library/Developer/Xcode/DerivedData/FinancialCalculatorKit-ackorybalcxbfocbkqsfdzcfkgmn/Build/Intermediates.noindex/SwiftDraw.build/Debug/SwiftDrawDOM.build/Objects-normal/arm64/SwiftDrawDOM.SwiftFileList --metadata-file-list /Users/rogerlin/Library/Developer/Xcode/DerivedData/FinancialCalculatorKit-ackorybalcxbfocbkqsfdzcfkgmn/Build/Intermediates.noindex/SwiftDraw.build/Debug/SwiftDrawDOM.build/SwiftDrawDOM.DependencyMetadataFileList --static-metadata-file-list /Users/rogerlin/Library/Developer/Xcode/DerivedData/FinancialCalculatorKit-ackorybalcxbfocbkqsfdzcfkgmn/Build/Intermediates.noindex/SwiftDraw.build/Debug/SwiftDrawDOM.build/SwiftDrawDOM.DependencyStaticMetadataFileList --swift-const-vals-list /Users/rogerlin/Library/Developer/Xcode/DerivedData/FinancialCalculatorKit-ackorybalcxbfocbkqsfdzcfkgmn/Build/Intermediates.noindex/SwiftDraw.build/Debug/SwiftDrawDOM.build/Objects-normal/arm64/SwiftDrawDOM.SwiftConstValuesFileList --force --compile-time-extraction --deployment-aware-processing --validate-assistant-intents --no-app-shortcuts-localization

    Task input dependencies:
        /Users/rogerlin/Library/Developer/Xcode/DerivedData/FinancialCalculatorKit-ackorybalcxbfocbkqsfdzcfkgmn/SourcePackages/checkouts/SwiftDraw/DOM/Sources/DOM+Extensions.swift
        /Users/rogerlin/Library/Developer/Xcode/DerivedData/FinancialCalculatorKit-ackorybalcxbfocbkqsfdzcfkgmn/SourcePackages/checkouts/SwiftDraw/DOM/Sources/DOM.Color.swift
        /Users/rogerlin/Library/Developer/Xcode/DerivedData/FinancialCalculatorKit-ackorybalcxbfocbkqsfdzcfkgmn/SourcePackages/checkouts/SwiftDraw/DOM/Sources/DOM.Element.swift
        /Users/rogerlin/Library/Developer/Xcode/DerivedData/FinancialCalculatorKit-ackorybalcxbfocbkqsfdzcfkgmn/SourcePackages/checkouts/SwiftDraw/DOM/Sources/DOM.Filter.swift
        /Users/rogerlin/Library/Developer/Xcode/DerivedData/FinancialCalculatorKit-ackorybalcxbfocbkqsfdzcfkgmn/SourcePackages/checkouts/SwiftDraw/DOM/Sources/DOM.Image.swift
        /Users/rogerlin/Library/Developer/Xcode/DerivedData/FinancialCalculatorKit-ackorybalcxbfocbkqsfdzcfkgmn/SourcePackages/checkouts/SwiftDraw/DOM/Sources/DOM.LinearGradient.swift
        /Users/rogerlin/Library/Developer/Xcode/DerivedData/FinancialCalculatorKit-ackorybalcxbfocbkqsfdzcfkgmn/SourcePackages/checkouts/SwiftDraw/DOM/Sources/DOM.Path.swift
        /Users/rogerlin/Library/Developer/Xcode/DerivedData/FinancialCalculatorKit-ackorybalcxbfocbkqsfdzcfkgmn/SourcePackages/checkouts/SwiftDraw/DOM/Sources/DOM.Pattern.swift
        /Users/rogerlin/Library/Developer/Xcode/DerivedData/FinancialCalculatorKit-ackorybalcxbfocbkqsfdzcfkgmn/SourcePackages/checkouts/SwiftDraw/DOM/Sources/DOM.PresentationAttributes.swift
        /Users/rogerlin/Library/Developer/Xcode/DerivedData/FinancialCalculatorKit-ackorybalcxbfocbkqsfdzcfkgmn/SourcePackages/checkouts/SwiftDraw/DOM/Sources/DOM.RadialGradient.swift
        /Users/rogerlin/Library/Developer/Xcode/DerivedData/FinancialCalculatorKit-ackorybalcxbfocbkqsfdzcfkgmn/SourcePackages/checkouts/SwiftDraw/DOM/Sources/DOM.SVG+Parse.swift
        /Users/rogerlin/Library/Developer/Xcode/DerivedData/FinancialCalculatorKit-ackorybalcxbfocbkqsfdzcfkgmn/SourcePackages/checkouts/SwiftDraw/DOM/Sources/DOM.SVG.swift
        /Users/rogerlin/Library/Developer/Xcode/DerivedData/FinancialCalculatorKit-ackorybalcxbfocbkqsfdzcfkgmn/SourcePackages/checkouts/SwiftDraw/DOM/Sources/DOM.Switch.swift
        /Users/rogerlin/Library/Developer/Xcode/DerivedData/FinancialCalculatorKit-ackorybalcxbfocbkqsfdzcfkgmn/SourcePackages/checkouts/SwiftDraw/DOM/Sources/DOM.Text.swift
        /Users/rogerlin/Library/Developer/Xcode/DerivedData/FinancialCalculatorKit-ackorybalcxbfocbkqsfdzcfkgmn/SourcePackages/checkouts/SwiftDraw/DOM/Sources/DOM.Use.swift
        /Users/rogerlin/Library/Developer/Xcode/DerivedData/FinancialCalculatorKit-ackorybalcxbfocbkqsfdzcfkgmn/SourcePackages/checkouts/SwiftDraw/DOM/Sources/DOM.swift
        /Users/rogerlin/Library/Developer/Xcode/DerivedData/FinancialCalculatorKit-ackorybalcxbfocbkqsfdzcfkgmn/SourcePackages/checkouts/SwiftDraw/DOM/Sources/Parser.XML.Attributes.swift
        /Users/rogerlin/Library/Developer/Xcode/DerivedData/FinancialCalculatorKit-ackorybalcxbfocbkqsfdzcfkgmn/SourcePackages/checkouts/SwiftDraw/DOM/Sources/Parser.XML.Color.swift
        /Users/rogerlin/Library/Developer/Xcode/DerivedData/FinancialCalculatorKit-ackorybalcxbfocbkqsfdzcfkgmn/SourcePackages/checkouts/SwiftDraw/DOM/Sources/Parser.XML.Element.swift
        /Users/rogerlin/Library/Developer/Xcode/DerivedData/FinancialCalculatorKit-ackorybalcxbfocbkqsfdzcfkgmn/SourcePackages/checkouts/SwiftDraw/DOM/Sources/Parser.XML.Filter.swift
        /Users/rogerlin/Library/Developer/Xcode/DerivedData/FinancialCalculatorKit-ackorybalcxbfocbkqsfdzcfkgmn/SourcePackages/checkouts/SwiftDraw/DOM/Sources/Parser.XML.Image.swift
        /Users/rogerlin/Library/Developer/Xcode/DerivedData/FinancialCalculatorKit-ackorybalcxbfocbkqsfdzcfkgmn/SourcePackages/checkouts/SwiftDraw/DOM/Sources/Parser.XML.LinearGradient.swift
        /Users/rogerlin/Library/Developer/Xcode/DerivedData/FinancialCalculatorKit-ackorybalcxbfocbkqsfdzcfkgmn/SourcePackages/checkouts/SwiftDraw/DOM/Sources/Parser.XML.Path.swift
        /Users/rogerlin/Library/Developer/Xcode/DerivedData/FinancialCalculatorKit-ackorybalcxbfocbkqsfdzcfkgmn/SourcePackages/checkouts/SwiftDraw/DOM/Sources/Parser.XML.Pattern.swift
        /Users/rogerlin/Library/Developer/Xcode/DerivedData/FinancialCalculatorKit-ackorybalcxbfocbkqsfdzcfkgmn/SourcePackages/checkouts/SwiftDraw/DOM/Sources/Parser.XML.RadialGradient.swift
        /Users/rogerlin/Library/Developer/Xcode/DerivedData/FinancialCalculatorKit-ackorybalcxbfocbkqsfdzcfkgmn/SourcePackages/checkouts/SwiftDraw/DOM/Sources/Parser.XML.SVG.swift
        /Users/rogerlin/Library/Developer/Xcode/DerivedData/FinancialCalculatorKit-ackorybalcxbfocbkqsfdzcfkgmn/SourcePackages/checkouts/SwiftDraw/DOM/Sources/Parser.XML.Scanner.swift
        /Users/rogerlin/Library/Developer/Xcode/DerivedData/FinancialCalculatorKit-ackorybalcxbfocbkqsfdzcfkgmn/SourcePackages/checkouts/SwiftDraw/DOM/Sources/Parser.XML.StyleSheet.swift
        /Users/rogerlin/Library/Developer/Xcode/DerivedData/FinancialCalculatorKit-ackorybalcxbfocbkqsfdzcfkgmn/SourcePackages/checkouts/SwiftDraw/DOM/Sources/Parser.XML.Text.swift
        /Users/rogerlin/Library/Developer/Xcode/DerivedData/FinancialCalculatorKit-ackorybalcxbfocbkqsfdzcfkgmn/SourcePackages/checkouts/SwiftDraw/DOM/Sources/Parser.XML.Transform.swift
        /Users/rogerlin/Library/Developer/Xcode/DerivedData/FinancialCalculatorKit-ackorybalcxbfocbkqsfdzcfkgmn/SourcePackages/checkouts/SwiftDraw/DOM/Sources/Parser.XML.Use.swift
        /Users/rogerlin/Library/Developer/Xcode/DerivedData/FinancialCalculatorKit-ackorybalcxbfocbkqsfdzcfkgmn/SourcePackages/checkouts/SwiftDraw/DOM/Sources/Parser.XML.swift
        /Users/rogerlin/Library/Developer/Xcode/DerivedData/FinancialCalculatorKit-ackorybalcxbfocbkqsfdzcfkgmn/SourcePackages/checkouts/SwiftDraw/DOM/Sources/TextOutputStream+StandardError.swift
        /Users/rogerlin/Library/Developer/Xcode/DerivedData/FinancialCalculatorKit-ackorybalcxbfocbkqsfdzcfkgmn/SourcePackages/checkouts/SwiftDraw/DOM/Sources/URL+Data.swift
        /Users/rogerlin/Library/Developer/Xcode/DerivedData/FinancialCalculatorKit-ackorybalcxbfocbkqsfdzcfkgmn/SourcePackages/checkouts/SwiftDraw/DOM/Sources/URL+Fragment.swift
        /Users/rogerlin/Library/Developer/Xcode/DerivedData/FinancialCalculatorKit-ackorybalcxbfocbkqsfdzcfkgmn/SourcePackages/checkouts/SwiftDraw/DOM/Sources/XML.Element.swift
        /Users/rogerlin/Library/Developer/Xcode/DerivedData/FinancialCalculatorKit-ackorybalcxbfocbkqsfdzcfkgmn/SourcePackages/checkouts/SwiftDraw/DOM/Sources/XML.SAXParser.swift
        /Users/rogerlin/Library/Developer/Xcode/DerivedData/FinancialCalculatorKit-ackorybalcxbfocbkqsfdzcfkgmn/Build/Intermediates.noindex/SwiftDraw.build/Debug/SwiftDrawDOM.build/Objects-normal/arm64/DOM+Extensions.swiftconstvalues
        /Users/rogerlin/Library/Developer/Xcode/DerivedData/FinancialCalculatorKit-ackorybalcxbfocbkqsfdzcfkgmn/Build/Intermediates.noindex/SwiftDraw.build/Debug/SwiftDrawDOM.build/Objects-normal/arm64/DOM.Color.swiftconstvalues
        /Users/rogerlin/Library/Developer/Xcode/DerivedData/FinancialCalculatorKit-ackorybalcxbfocbkqsfdzcfkgmn/Build/Intermediates.noindex/SwiftDraw.build/Debug/SwiftDrawDOM.build/Objects-normal/arm64/DOM.Element.swiftconstvalues
        /Users/rogerlin/Library/Developer/Xcode/DerivedData/FinancialCalculatorKit-ackorybalcxbfocbkqsfdzcfkgmn/Build/Intermediates.noindex/SwiftDraw.build/Debug/SwiftDrawDOM.build/Objects-normal/arm64/DOM.Filter.swiftconstvalues
        /Users/rogerlin/Library/Developer/Xcode/DerivedData/FinancialCalculatorKit-ackorybalcxbfocbkqsfdzcfkgmn/Build/Intermediates.noindex/SwiftDraw.build/Debug/SwiftDrawDOM.build/Objects-normal/arm64/DOM.Image.swiftconstvalues
        /Users/rogerlin/Library/Developer/Xcode/DerivedData/FinancialCalculatorKit-ackorybalcxbfocbkqsfdzcfkgmn/Build/Intermediates.noindex/SwiftDraw.build/Debug/SwiftDrawDOM.build/Objects-normal/arm64/DOM.LinearGradient.swiftconstvalues
        /Users/rogerlin/Library/Developer/Xcode/DerivedData/FinancialCalculatorKit-ackorybalcxbfocbkqsfdzcfkgmn/Build/Intermediates.noindex/SwiftDraw.build/Debug/SwiftDrawDOM.build/Objects-normal/arm64/DOM.Path.swiftconstvalues
        /Users/rogerlin/Library/Developer/Xcode/DerivedData/FinancialCalculatorKit-ackorybalcxbfocbkqsfdzcfkgmn/Build/Intermediates.noindex/SwiftDraw.build/Debug/SwiftDrawDOM.build/Objects-normal/arm64/DOM.Pattern.swiftconstvalues
        /Users/rogerlin/Library/Developer/Xcode/DerivedData/FinancialCalculatorKit-ackorybalcxbfocbkqsfdzcfkgmn/Build/Intermediates.noindex/SwiftDraw.build/Debug/SwiftDrawDOM.build/Objects-normal/arm64/DOM.PresentationAttributes.swiftconstvalues
        /Users/rogerlin/Library/Developer/Xcode/DerivedData/FinancialCalculatorKit-ackorybalcxbfocbkqsfdzcfkgmn/Build/Intermediates.noindex/SwiftDraw.build/Debug/SwiftDrawDOM.build/Objects-normal/arm64/DOM.RadialGradient.swiftconstvalues
        /Users/rogerlin/Library/Developer/Xcode/DerivedData/FinancialCalculatorKit-ackorybalcxbfocbkqsfdzcfkgmn/Build/Intermediates.noindex/SwiftDraw.build/Debug/SwiftDrawDOM.build/Objects-normal/arm64/DOM.SVG+Parse.swiftconstvalues
        /Users/rogerlin/Library/Developer/Xcode/DerivedData/FinancialCalculatorKit-ackorybalcxbfocbkqsfdzcfkgmn/Build/Intermediates.noindex/SwiftDraw.build/Debug/SwiftDrawDOM.build/Objects-normal/arm64/DOM.SVG.swiftconstvalues
        /Users/rogerlin/Library/Developer/Xcode/DerivedData/FinancialCalculatorKit-ackorybalcxbfocbkqsfdzcfkgmn/Build/Intermediates.noindex/SwiftDraw.build/Debug/SwiftDrawDOM.build/Objects-normal/arm64/DOM.Switch.swiftconstvalues
        /Users/rogerlin/Library/Developer/Xcode/DerivedData/FinancialCalculatorKit-ackorybalcxbfocbkqsfdzcfkgmn/Build/Intermediates.noindex/SwiftDraw.build/Debug/SwiftDrawDOM.build/Objects-normal/arm64/DOM.Text.swiftconstvalues
        /Users/rogerlin/Library/Developer/Xcode/DerivedData/FinancialCalculatorKit-ackorybalcxbfocbkqsfdzcfkgmn/Build/Intermediates.noindex/SwiftDraw.build/Debug/SwiftDrawDOM.build/Objects-normal/arm64/DOM.Use.swiftconstvalues
        /Users/rogerlin/Library/Developer/Xcode/DerivedData/FinancialCalculatorKit-ackorybalcxbfocbkqsfdzcfkgmn/Build/Intermediates.noindex/SwiftDraw.build/Debug/SwiftDrawDOM.build/Objects-normal/arm64/DOM.swiftconstvalues
        /Users/rogerlin/Library/Developer/Xcode/DerivedData/FinancialCalculatorKit-ackorybalcxbfocbkqsfdzcfkgmn/Build/Intermediates.noindex/SwiftDraw.build/Debug/SwiftDrawDOM.build/Objects-normal/arm64/Parser.XML.Attributes.swiftconstvalues
        /Users/rogerlin/Library/Developer/Xcode/DerivedData/FinancialCalculatorKit-ackorybalcxbfocbkqsfdzcfkgmn/Build/Intermediates.noindex/SwiftDraw.build/Debug/SwiftDrawDOM.build/Objects-normal/arm64/Parser.XML.Color.swiftconstvalues
        /Users/rogerlin/Library/Developer/Xcode/DerivedData/FinancialCalculatorKit-ackorybalcxbfocbkqsfdzcfkgmn/Build/Intermediates.noindex/SwiftDraw.build/Debug/SwiftDrawDOM.build/Objects-normal/arm64/Parser.XML.Element.swiftconstvalues
        /Users/rogerlin/Library/Developer/Xcode/DerivedData/FinancialCalculatorKit-ackorybalcxbfocbkqsfdzcfkgmn/Build/Intermediates.noindex/SwiftDraw.build/Debug/SwiftDrawDOM.build/Objects-normal/arm64/Parser.XML.Filter.swiftconstvalues
        /Users/rogerlin/Library/Developer/Xcode/DerivedData/FinancialCalculatorKit-ackorybalcxbfocbkqsfdzcfkgmn/Build/Intermediates.noindex/SwiftDraw.build/Debug/SwiftDrawDOM.build/Objects-normal/arm64/Parser.XML.Image.swiftconstvalues
        /Users/rogerlin/Library/Developer/Xcode/DerivedData/FinancialCalculatorKit-ackorybalcxbfocbkqsfdzcfkgmn/Build/Intermediates.noindex/SwiftDraw.build/Debug/SwiftDrawDOM.build/Objects-normal/arm64/Parser.XML.LinearGradient.swiftconstvalues
        /Users/rogerlin/Library/Developer/Xcode/DerivedData/FinancialCalculatorKit-ackorybalcxbfocbkqsfdzcfkgmn/Build/Intermediates.noindex/SwiftDraw.build/Debug/SwiftDrawDOM.build/Objects-normal/arm64/Parser.XML.Path.swiftconstvalues
        /Users/rogerlin/Library/Developer/Xcode/DerivedData/FinancialCalculatorKit-ackorybalcxbfocbkqsfdzcfkgmn/Build/Intermediates.noindex/SwiftDraw.build/Debug/SwiftDrawDOM.build/Objects-normal/arm64/Parser.XML.Pattern.swiftconstvalues
        /Users/rogerlin/Library/Developer/Xcode/DerivedData/FinancialCalculatorKit-ackorybalcxbfocbkqsfdzcfkgmn/Build/Intermediates.noindex/SwiftDraw.build/Debug/SwiftDrawDOM.build/Objects-normal/arm64/Parser.XML.RadialGradient.swiftconstvalues
        /Users/rogerlin/Library/Developer/Xcode/DerivedData/FinancialCalculatorKit-ackorybalcxbfocbkqsfdzcfkgmn/Build/Intermediates.noindex/SwiftDraw.build/Debug/SwiftDrawDOM.build/Objects-normal/arm64/Parser.XML.SVG.swiftconstvalues
        /Users/rogerlin/Library/Developer/Xcode/DerivedData/FinancialCalculatorKit-ackorybalcxbfocbkqsfdzcfkgmn/Build/Intermediates.noindex/SwiftDraw.build/Debug/SwiftDrawDOM.build/Objects-normal/arm64/Parser.XML.Scanner.swiftconstvalues
        /Users/rogerlin/Library/Developer/Xcode/DerivedData/FinancialCalculatorKit-ackorybalcxbfocbkqsfdzcfkgmn/Build/Intermediates.noindex/SwiftDraw.build/Debug/SwiftDrawDOM.build/Objects-normal/arm64/Parser.XML.StyleSheet.swiftconstvalues
        /Users/rogerlin/Library/Developer/Xcode/DerivedData/FinancialCalculatorKit-ackorybalcxbfocbkqsfdzcfkgmn/Build/Intermediates.noindex/SwiftDraw.build/Debug/SwiftDrawDOM.build/Objects-normal/arm64/Parser.XML.Text.swiftconstvalues
        /Users/rogerlin/Library/Developer/Xcode/DerivedData/FinancialCalculatorKit-ackorybalcxbfocbkqsfdzcfkgmn/Build/Intermediates.noindex/SwiftDraw.build/Debug/SwiftDrawDOM.build/Objects-normal/arm64/Parser.XML.Transform.swiftconstvalues
        /Users/rogerlin/Library/Developer/Xcode/DerivedData/FinancialCalculatorKit-ackorybalcxbfocbkqsfdzcfkgmn/Build/Intermediates.noindex/SwiftDraw.build/Debug/SwiftDrawDOM.build/Objects-normal/arm64/Parser.XML.Use.swiftconstvalues
        /Users/rogerlin/Library/Developer/Xcode/DerivedData/FinancialCalculatorKit-ackorybalcxbfocbkqsfdzcfkgmn/Build/Intermediates.noindex/SwiftDraw.build/Debug/SwiftDrawDOM.build/Objects-normal/arm64/Parser.XML.swiftconstvalues
        /Users/rogerlin/Library/Developer/Xcode/DerivedData/FinancialCalculatorKit-ackorybalcxbfocbkqsfdzcfkgmn/Build/Intermediates.noindex/SwiftDraw.build/Debug/SwiftDrawDOM.build/Objects-normal/arm64/TextOutputStream+StandardError.swiftconstvalues
        /Users/rogerlin/Library/Developer/Xcode/DerivedData/FinancialCalculatorKit-ackorybalcxbfocbkqsfdzcfkgmn/Build/Intermediates.noindex/SwiftDraw.build/Debug/SwiftDrawDOM.build/Objects-normal/arm64/URL+Data.swiftconstvalues
        /Users/rogerlin/Library/Developer/Xcode/DerivedData/FinancialCalculatorKit-ackorybalcxbfocbkqsfdzcfkgmn/Build/Intermediates.noindex/SwiftDraw.build/Debug/SwiftDrawDOM.build/Objects-normal/arm64/URL+Fragment.swiftconstvalues
        /Users/rogerlin/Library/Developer/Xcode/DerivedData/FinancialCalculatorKit-ackorybalcxbfocbkqsfdzcfkgmn/Build/Intermediates.noindex/SwiftDraw.build/Debug/SwiftDrawDOM.build/Objects-normal/arm64/XML.Element.swiftconstvalues
        /Users/rogerlin/Library/Developer/Xcode/DerivedData/FinancialCalculatorKit-ackorybalcxbfocbkqsfdzcfkgmn/Build/Intermediates.noindex/SwiftDraw.build/Debug/SwiftDrawDOM.build/Objects-normal/arm64/XML.SAXParser.swiftconstvalues
        /Users/rogerlin/Library/Developer/Xcode/DerivedData/FinancialCalculatorKit-ackorybalcxbfocbkqsfdzcfkgmn/Build/Products/Debug/SwiftDrawDOM.o
        /Users/rogerlin/Library/Developer/Xcode/DerivedData/FinancialCalculatorKit-ackorybalcxbfocbkqsfdzcfkgmn/Build/Intermediates.noindex/SwiftDraw.build/Debug/SwiftDrawDOM.build/SwiftDrawDOM.DependencyMetadataFileList
        /Users/rogerlin/Library/Developer/Xcode/DerivedData/FinancialCalculatorKit-ackorybalcxbfocbkqsfdzcfkgmn/Build/Intermediates.noindex/SwiftDraw.build/Debug/SwiftDrawDOM.build/SwiftDrawDOM.DependencyStaticMetadataFileList
        /Users/rogerlin/Library/Developer/Xcode/DerivedData/FinancialCalculatorKit-ackorybalcxbfocbkqsfdzcfkgmn/Build/Intermediates.noindex/SwiftDraw.build/Debug/SwiftDrawDOM.build/Objects-normal/arm64/SwiftDrawDOM_dependency_info.dat
        /Users/rogerlin/Library/Developer/Xcode/DerivedData/FinancialCalculatorKit-ackorybalcxbfocbkqsfdzcfkgmn/Build/Intermediates.noindex/SwiftDraw.build/Debug/SwiftDrawDOM.build/Objects-normal/arm64/SwiftDrawDOM.SwiftFileList
        /Users/rogerlin/Library/Developer/Xcode/DerivedData/FinancialCalculatorKit-ackorybalcxbfocbkqsfdzcfkgmn/Build/Intermediates.noindex/SwiftDraw.build/Debug/SwiftDrawDOM.build/Objects-normal/arm64/SwiftDrawDOM.SwiftConstValuesFileList

    Task output dependencies:
        /Users/rogerlin/Library/Developer/Xcode/DerivedData/FinancialCalculatorKit-ackorybalcxbfocbkqsfdzcfkgmn/Build/Intermediates.noindex/SwiftDraw.build/Debug/SwiftDrawDOM.build/Objects-normal/arm64/ExtractedAppShortcutsMetadata.stringsdata
2025-11-05 20:45:55.656 appintentsmetadataprocessor[13899:496438] Starting appintentsmetadataprocessor export
2025-11-05 20:45:55.764 appintentsmetadataprocessor[13899:496438] Extracted no relevant App Intents symbols, skipping writing output

SwiftDriverJobDiscovery normal arm64 Compiling BigInt-Extensions.swift (in target 'BigInt' from project 'BigInt')

RegisterExecutionPolicyException /Users/rogerlin/Library/Developer/Xcode/DerivedData/FinancialCalculatorKit-ackorybalcxbfocbkqsfdzcfkgmn/Build/Products/Debug/CasePathsMacros (in target 'CasePathsMacros' from project 'swift-case-paths')
    cd /Users/rogerlin/Library/Developer/Xcode/DerivedData/FinancialCalculatorKit-ackorybalcxbfocbkqsfdzcfkgmn/SourcePackages/checkouts/swift-case-paths
    builtin-RegisterExecutionPolicyException /Users/rogerlin/Library/Developer/Xcode/DerivedData/FinancialCalculatorKit-ackorybalcxbfocbkqsfdzcfkgmn/Build/Products/Debug/CasePathsMacros

    Task input dependencies:
        /Users/rogerlin/Library/Developer/Xcode/DerivedData/FinancialCalculatorKit-ackorybalcxbfocbkqsfdzcfkgmn/Build/Products/Debug/CasePathsMacros

    Task output dependencies:

ExtractAppIntentsMetadata (in target 'MathJaxSwift' from project 'MathJaxSwift')
    cd /Users/rogerlin/Library/Developer/Xcode/DerivedData/FinancialCalculatorKit-ackorybalcxbfocbkqsfdzcfkgmn/SourcePackages/checkouts/MathJaxSwift
    /Applications/Xcode.app/Contents/Developer/Toolchains/XcodeDefault.xctoolchain/usr/bin/appintentsmetadataprocessor --toolchain-dir /Applications/Xcode.app/Contents/Developer/Toolchains/XcodeDefault.xctoolchain --module-name MathJaxSwift --sdk-root /Applications/Xcode.app/Contents/Developer/Platforms/MacOSX.platform/Developer/SDKs/MacOSX26.1.sdk --xcode-version 17B55 --platform-family macOS --deployment-target 10.15 --bundle-identifier mathjaxswift.MathJaxSwift --output /Users/rogerlin/Library/Developer/Xcode/DerivedData/FinancialCalculatorKit-ackorybalcxbfocbkqsfdzcfkgmn/Build/Products/Debug/MathJaxSwift.appintents --target-triple arm64-apple-macos10.15 --binary-file /Users/rogerlin/Library/Developer/Xcode/DerivedData/FinancialCalculatorKit-ackorybalcxbfocbkqsfdzcfkgmn/Build/Products/Debug/MathJaxSwift.o --dependency-file /Users/rogerlin/Library/Developer/Xcode/DerivedData/FinancialCalculatorKit-ackorybalcxbfocbkqsfdzcfkgmn/Build/Intermediates.noindex/MathJaxSwift.build/Debug/MathJaxSwift.build/Objects-normal/arm64/MathJaxSwift_dependency_info.dat --stringsdata-file /Users/rogerlin/Library/Developer/Xcode/DerivedData/FinancialCalculatorKit-ackorybalcxbfocbkqsfdzcfkgmn/Build/Intermediates.noindex/MathJaxSwift.build/Debug/MathJaxSwift.build/Objects-normal/arm64/ExtractedAppShortcutsMetadata.stringsdata --source-file-list /Users/rogerlin/Library/Developer/Xcode/DerivedData/FinancialCalculatorKit-ackorybalcxbfocbkqsfdzcfkgmn/Build/Intermediates.noindex/MathJaxSwift.build/Debug/MathJaxSwift.build/Objects-normal/arm64/MathJaxSwift.SwiftFileList --metadata-file-list /Users/rogerlin/Library/Developer/Xcode/DerivedData/FinancialCalculatorKit-ackorybalcxbfocbkqsfdzcfkgmn/Build/Intermediates.noindex/MathJaxSwift.build/Debug/MathJaxSwift.build/MathJaxSwift.DependencyMetadataFileList --static-metadata-file-list /Users/rogerlin/Library/Developer/Xcode/DerivedData/FinancialCalculatorKit-ackorybalcxbfocbkqsfdzcfkgmn/Build/Intermediates.noindex/MathJaxSwift.build/Debug/MathJaxSwift.build/MathJaxSwift.DependencyStaticMetadataFileList --swift-const-vals-list /Users/rogerlin/Library/Developer/Xcode/DerivedData/FinancialCalculatorKit-ackorybalcxbfocbkqsfdzcfkgmn/Build/Intermediates.noindex/MathJaxSwift.build/Debug/MathJaxSwift.build/Objects-normal/arm64/MathJaxSwift.SwiftConstValuesFileList --force --compile-time-extraction --deployment-aware-processing --validate-assistant-intents --no-app-shortcuts-localization

    Task input dependencies:
        /Users/rogerlin/Library/Developer/Xcode/DerivedData/FinancialCalculatorKit-ackorybalcxbfocbkqsfdzcfkgmn/SourcePackages/checkouts/MathJaxSwift/Sources/MathJaxSwift/Conversions/AM/AM2CHTML.swift
        /Users/rogerlin/Library/Developer/Xcode/DerivedData/FinancialCalculatorKit-ackorybalcxbfocbkqsfdzcfkgmn/SourcePackages/checkouts/MathJaxSwift/Sources/MathJaxSwift/Conversions/AM/AM2MML.swift
        /Users/rogerlin/Library/Developer/Xcode/DerivedData/FinancialCalculatorKit-ackorybalcxbfocbkqsfdzcfkgmn/SourcePackages/checkouts/MathJaxSwift/Sources/MathJaxSwift/Conversions/MML/MML2CHTML.swift
        /Users/rogerlin/Library/Developer/Xcode/DerivedData/FinancialCalculatorKit-ackorybalcxbfocbkqsfdzcfkgmn/SourcePackages/checkouts/MathJaxSwift/Sources/MathJaxSwift/Conversions/MML/MML2SVG.swift
        /Users/rogerlin/Library/Developer/Xcode/DerivedData/FinancialCalculatorKit-ackorybalcxbfocbkqsfdzcfkgmn/SourcePackages/checkouts/MathJaxSwift/Sources/MathJaxSwift/Conversions/TeX/TeX2CHTML.swift
        /Users/rogerlin/Library/Developer/Xcode/DerivedData/FinancialCalculatorKit-ackorybalcxbfocbkqsfdzcfkgmn/SourcePackages/checkouts/MathJaxSwift/Sources/MathJaxSwift/Conversions/TeX/TeX2MML.swift
        /Users/rogerlin/Library/Developer/Xcode/DerivedData/FinancialCalculatorKit-ackorybalcxbfocbkqsfdzcfkgmn/SourcePackages/checkouts/MathJaxSwift/Sources/MathJaxSwift/Conversions/TeX/TeX2SVG.swift
        /Users/rogerlin/Library/Developer/Xcode/DerivedData/FinancialCalculatorKit-ackorybalcxbfocbkqsfdzcfkgmn/SourcePackages/checkouts/MathJaxSwift/Sources/MathJaxSwift/Internal/Constants.swift
        /Users/rogerlin/Library/Developer/Xcode/DerivedData/FinancialCalculatorKit-ackorybalcxbfocbkqsfdzcfkgmn/SourcePackages/checkouts/MathJaxSwift/Sources/MathJaxSwift/Internal/Function.swift
        /Users/rogerlin/Library/Developer/Xcode/DerivedData/FinancialCalculatorKit-ackorybalcxbfocbkqsfdzcfkgmn/SourcePackages/checkouts/MathJaxSwift/Sources/MathJaxSwift/Internal/MathJaxError.swift
        /Users/rogerlin/Library/Developer/Xcode/DerivedData/FinancialCalculatorKit-ackorybalcxbfocbkqsfdzcfkgmn/SourcePackages/checkouts/MathJaxSwift/Sources/MathJaxSwift/Internal/PackageLock.swift
        /Users/rogerlin/Library/Developer/Xcode/DerivedData/FinancialCalculatorKit-ackorybalcxbfocbkqsfdzcfkgmn/SourcePackages/checkouts/MathJaxSwift/Sources/MathJaxSwift/Internal/Parsing/HTMLParser.swift
        /Users/rogerlin/Library/Developer/Xcode/DerivedData/FinancialCalculatorKit-ackorybalcxbfocbkqsfdzcfkgmn/SourcePackages/checkouts/MathJaxSwift/Sources/MathJaxSwift/Internal/Parsing/MMLParser.swift
        /Users/rogerlin/Library/Developer/Xcode/DerivedData/FinancialCalculatorKit-ackorybalcxbfocbkqsfdzcfkgmn/SourcePackages/checkouts/MathJaxSwift/Sources/MathJaxSwift/Internal/Parsing/Parser.swift
        /Users/rogerlin/Library/Developer/Xcode/DerivedData/FinancialCalculatorKit-ackorybalcxbfocbkqsfdzcfkgmn/SourcePackages/checkouts/MathJaxSwift/Sources/MathJaxSwift/Internal/Parsing/SVGParser.swift
        /Users/rogerlin/Library/Developer/Xcode/DerivedData/FinancialCalculatorKit-ackorybalcxbfocbkqsfdzcfkgmn/SourcePackages/checkouts/MathJaxSwift/Sources/MathJaxSwift/MathJax.swift
        /Users/rogerlin/Library/Developer/Xcode/DerivedData/FinancialCalculatorKit-ackorybalcxbfocbkqsfdzcfkgmn/SourcePackages/checkouts/MathJaxSwift/Sources/MathJaxSwift/Options/ConversionOptions.swift
        /Users/rogerlin/Library/Developer/Xcode/DerivedData/FinancialCalculatorKit-ackorybalcxbfocbkqsfdzcfkgmn/SourcePackages/checkouts/MathJaxSwift/Sources/MathJaxSwift/Options/Document/A11YOptions.swift
        /Users/rogerlin/Library/Developer/Xcode/DerivedData/FinancialCalculatorKit-ackorybalcxbfocbkqsfdzcfkgmn/SourcePackages/checkouts/MathJaxSwift/Sources/MathJaxSwift/Options/Document/DocumentOptions.swift
        /Users/rogerlin/Library/Developer/Xcode/DerivedData/FinancialCalculatorKit-ackorybalcxbfocbkqsfdzcfkgmn/SourcePackages/checkouts/MathJaxSwift/Sources/MathJaxSwift/Options/Document/Menu/MenuOptions.swift
        /Users/rogerlin/Library/Developer/Xcode/DerivedData/FinancialCalculatorKit-ackorybalcxbfocbkqsfdzcfkgmn/SourcePackages/checkouts/MathJaxSwift/Sources/MathJaxSwift/Options/Document/Menu/MenuOptionsSettings.swift
        /Users/rogerlin/Library/Developer/Xcode/DerivedData/FinancialCalculatorKit-ackorybalcxbfocbkqsfdzcfkgmn/SourcePackages/checkouts/MathJaxSwift/Sources/MathJaxSwift/Options/Document/SREOptions.swift
        /Users/rogerlin/Library/Developer/Xcode/DerivedData/FinancialCalculatorKit-ackorybalcxbfocbkqsfdzcfkgmn/SourcePackages/checkouts/MathJaxSwift/Sources/MathJaxSwift/Options/Document/Safe/AllowOptions.swift
        /Users/rogerlin/Library/Developer/Xcode/DerivedData/FinancialCalculatorKit-ackorybalcxbfocbkqsfdzcfkgmn/SourcePackages/checkouts/MathJaxSwift/Sources/MathJaxSwift/Options/Document/Safe/SafeOptions.swift
        /Users/rogerlin/Library/Developer/Xcode/DerivedData/FinancialCalculatorKit-ackorybalcxbfocbkqsfdzcfkgmn/SourcePackages/checkouts/MathJaxSwift/Sources/MathJaxSwift/Options/Document/Safe/SafeProtocols.swift
        /Users/rogerlin/Library/Developer/Xcode/DerivedData/FinancialCalculatorKit-ackorybalcxbfocbkqsfdzcfkgmn/SourcePackages/checkouts/MathJaxSwift/Sources/MathJaxSwift/Options/Document/Safe/SafeStyles.swift
        /Users/rogerlin/Library/Developer/Xcode/DerivedData/FinancialCalculatorKit-ackorybalcxbfocbkqsfdzcfkgmn/SourcePackages/checkouts/MathJaxSwift/Sources/MathJaxSwift/Options/Input/AMInputProcessorOptions.swift
        /Users/rogerlin/Library/Developer/Xcode/DerivedData/FinancialCalculatorKit-ackorybalcxbfocbkqsfdzcfkgmn/SourcePackages/checkouts/MathJaxSwift/Sources/MathJaxSwift/Options/Input/InputProcessorOptions.swift
        /Users/rogerlin/Library/Developer/Xcode/DerivedData/FinancialCalculatorKit-ackorybalcxbfocbkqsfdzcfkgmn/SourcePackages/checkouts/MathJaxSwift/Sources/MathJaxSwift/Options/Input/MMLInputProcessorOptions.swift
        /Users/rogerlin/Library/Developer/Xcode/DerivedData/FinancialCalculatorKit-ackorybalcxbfocbkqsfdzcfkgmn/SourcePackages/checkouts/MathJaxSwift/Sources/MathJaxSwift/Options/Input/TeX Packages/AMSCDOptions.swift
        /Users/rogerlin/Library/Developer/Xcode/DerivedData/FinancialCalculatorKit-ackorybalcxbfocbkqsfdzcfkgmn/SourcePackages/checkouts/MathJaxSwift/Sources/MathJaxSwift/Options/Input/TeX Packages/AMSOptions.swift
        /Users/rogerlin/Library/Developer/Xcode/DerivedData/FinancialCalculatorKit-ackorybalcxbfocbkqsfdzcfkgmn/SourcePackages/checkouts/MathJaxSwift/Sources/MathJaxSwift/Options/Input/TeX Packages/AutoloadOptions.swift
        /Users/rogerlin/Library/Developer/Xcode/DerivedData/FinancialCalculatorKit-ackorybalcxbfocbkqsfdzcfkgmn/SourcePackages/checkouts/MathJaxSwift/Sources/MathJaxSwift/Options/Input/TeX Packages/ColorOptions.swift
        /Users/rogerlin/Library/Developer/Xcode/DerivedData/FinancialCalculatorKit-ackorybalcxbfocbkqsfdzcfkgmn/SourcePackages/checkouts/MathJaxSwift/Sources/MathJaxSwift/Options/Input/TeX Packages/MathtoolsOptions.swift
        /Users/rogerlin/Library/Developer/Xcode/DerivedData/FinancialCalculatorKit-ackorybalcxbfocbkqsfdzcfkgmn/SourcePackages/checkouts/MathJaxSwift/Sources/MathJaxSwift/Options/Input/TeX Packages/NoundefinedOptions.swift
        /Users/rogerlin/Library/Developer/Xcode/DerivedData/FinancialCalculatorKit-ackorybalcxbfocbkqsfdzcfkgmn/SourcePackages/checkouts/MathJaxSwift/Sources/MathJaxSwift/Options/Input/TeX Packages/PhysicsOptions.swift
        /Users/rogerlin/Library/Developer/Xcode/DerivedData/FinancialCalculatorKit-ackorybalcxbfocbkqsfdzcfkgmn/SourcePackages/checkouts/MathJaxSwift/Sources/MathJaxSwift/Options/Input/TeX Packages/RequireOptions.swift
        /Users/rogerlin/Library/Developer/Xcode/DerivedData/FinancialCalculatorKit-ackorybalcxbfocbkqsfdzcfkgmn/SourcePackages/checkouts/MathJaxSwift/Sources/MathJaxSwift/Options/Input/TeX Packages/SetOptions.swift
        /Users/rogerlin/Library/Developer/Xcode/DerivedData/FinancialCalculatorKit-ackorybalcxbfocbkqsfdzcfkgmn/SourcePackages/checkouts/MathJaxSwift/Sources/MathJaxSwift/Options/Input/TeX Packages/TagFormatOptions.swift
        /Users/rogerlin/Library/Developer/Xcode/DerivedData/FinancialCalculatorKit-ackorybalcxbfocbkqsfdzcfkgmn/SourcePackages/checkouts/MathJaxSwift/Sources/MathJaxSwift/Options/Input/TeXInputProcessorOptions.swift
        /Users/rogerlin/Library/Developer/Xcode/DerivedData/FinancialCalculatorKit-ackorybalcxbfocbkqsfdzcfkgmn/SourcePackages/checkouts/MathJaxSwift/Sources/MathJaxSwift/Options/Output/CHTMLOutputProcessorOptions.swift
        /Users/rogerlin/Library/Developer/Xcode/DerivedData/FinancialCalculatorKit-ackorybalcxbfocbkqsfdzcfkgmn/SourcePackages/checkouts/MathJaxSwift/Sources/MathJaxSwift/Options/Output/OutputProcessorOptions.swift
        /Users/rogerlin/Library/Developer/Xcode/DerivedData/FinancialCalculatorKit-ackorybalcxbfocbkqsfdzcfkgmn/SourcePackages/checkouts/MathJaxSwift/Sources/MathJaxSwift/Options/Output/SVGOutputProcessorOptions.swift
        /Users/rogerlin/Library/Developer/Xcode/DerivedData/FinancialCalculatorKit-ackorybalcxbfocbkqsfdzcfkgmn/Build/Intermediates.noindex/MathJaxSwift.build/Debug/MathJaxSwift.build/Objects-normal/arm64/resource_bundle_accessor.swiftconstvalues
        /Users/rogerlin/Library/Developer/Xcode/DerivedData/FinancialCalculatorKit-ackorybalcxbfocbkqsfdzcfkgmn/Build/Intermediates.noindex/MathJaxSwift.build/Debug/MathJaxSwift.build/Objects-normal/arm64/AM2CHTML.swiftconstvalues
        /Users/rogerlin/Library/Developer/Xcode/DerivedData/FinancialCalculatorKit-ackorybalcxbfocbkqsfdzcfkgmn/Build/Intermediates.noindex/MathJaxSwift.build/Debug/MathJaxSwift.build/Objects-normal/arm64/AM2MML.swiftconstvalues
        /Users/rogerlin/Library/Developer/Xcode/DerivedData/FinancialCalculatorKit-ackorybalcxbfocbkqsfdzcfkgmn/Build/Intermediates.noindex/MathJaxSwift.build/Debug/MathJaxSwift.build/Objects-normal/arm64/MML2CHTML.swiftconstvalues
        /Users/rogerlin/Library/Developer/Xcode/DerivedData/FinancialCalculatorKit-ackorybalcxbfocbkqsfdzcfkgmn/Build/Intermediates.noindex/MathJaxSwift.build/Debug/MathJaxSwift.build/Objects-normal/arm64/MML2SVG.swiftconstvalues
        /Users/rogerlin/Library/Developer/Xcode/DerivedData/FinancialCalculatorKit-ackorybalcxbfocbkqsfdzcfkgmn/Build/Intermediates.noindex/MathJaxSwift.build/Debug/MathJaxSwift.build/Objects-normal/arm64/TeX2CHTML.swiftconstvalues
        /Users/rogerlin/Library/Developer/Xcode/DerivedData/FinancialCalculatorKit-ackorybalcxbfocbkqsfdzcfkgmn/Build/Intermediates.noindex/MathJaxSwift.build/Debug/MathJaxSwift.build/Objects-normal/arm64/TeX2MML.swiftconstvalues
        /Users/rogerlin/Library/Developer/Xcode/DerivedData/FinancialCalculatorKit-ackorybalcxbfocbkqsfdzcfkgmn/Build/Intermediates.noindex/MathJaxSwift.build/Debug/MathJaxSwift.build/Objects-normal/arm64/TeX2SVG.swiftconstvalues
        /Users/rogerlin/Library/Developer/Xcode/DerivedData/FinancialCalculatorKit-ackorybalcxbfocbkqsfdzcfkgmn/Build/Intermediates.noindex/MathJaxSwift.build/Debug/MathJaxSwift.build/Objects-normal/arm64/Constants.swiftconstvalues
        /Users/rogerlin/Library/Developer/Xcode/DerivedData/FinancialCalculatorKit-ackorybalcxbfocbkqsfdzcfkgmn/Build/Intermediates.noindex/MathJaxSwift.build/Debug/MathJaxSwift.build/Objects-normal/arm64/Function.swiftconstvalues
        /Users/rogerlin/Library/Developer/Xcode/DerivedData/FinancialCalculatorKit-ackorybalcxbfocbkqsfdzcfkgmn/Build/Intermediates.noindex/MathJaxSwift.build/Debug/MathJaxSwift.build/Objects-normal/arm64/MathJaxError.swiftconstvalues
        /Users/rogerlin/Library/Developer/Xcode/DerivedData/FinancialCalculatorKit-ackorybalcxbfocbkqsfdzcfkgmn/Build/Intermediates.noindex/MathJaxSwift.build/Debug/MathJaxSwift.build/Objects-normal/arm64/PackageLock.swiftconstvalues
        /Users/rogerlin/Library/Developer/Xcode/DerivedData/FinancialCalculatorKit-ackorybalcxbfocbkqsfdzcfkgmn/Build/Intermediates.noindex/MathJaxSwift.build/Debug/MathJaxSwift.build/Objects-normal/arm64/HTMLParser.swiftconstvalues
        /Users/rogerlin/Library/Developer/Xcode/DerivedData/FinancialCalculatorKit-ackorybalcxbfocbkqsfdzcfkgmn/Build/Intermediates.noindex/MathJaxSwift.build/Debug/MathJaxSwift.build/Objects-normal/arm64/MMLParser.swiftconstvalues
        /Users/rogerlin/Library/Developer/Xcode/DerivedData/FinancialCalculatorKit-ackorybalcxbfocbkqsfdzcfkgmn/Build/Intermediates.noindex/MathJaxSwift.build/Debug/MathJaxSwift.build/Objects-normal/arm64/Parser.swiftconstvalues
        /Users/rogerlin/Library/Developer/Xcode/DerivedData/FinancialCalculatorKit-ackorybalcxbfocbkqsfdzcfkgmn/Build/Intermediates.noindex/MathJaxSwift.build/Debug/MathJaxSwift.build/Objects-normal/arm64/SVGParser.swiftconstvalues
        /Users/rogerlin/Library/Developer/Xcode/DerivedData/FinancialCalculatorKit-ackorybalcxbfocbkqsfdzcfkgmn/Build/Intermediates.noindex/MathJaxSwift.build/Debug/MathJaxSwift.build/Objects-normal/arm64/MathJax.swiftconstvalues
        /Users/rogerlin/Library/Developer/Xcode/DerivedData/FinancialCalculatorKit-ackorybalcxbfocbkqsfdzcfkgmn/Build/Intermediates.noindex/MathJaxSwift.build/Debug/MathJaxSwift.build/Objects-normal/arm64/ConversionOptions.swiftconstvalues
        /Users/rogerlin/Library/Developer/Xcode/DerivedData/FinancialCalculatorKit-ackorybalcxbfocbkqsfdzcfkgmn/Build/Intermediates.noindex/MathJaxSwift.build/Debug/MathJaxSwift.build/Objects-normal/arm64/A11YOptions.swiftconstvalues
        /Users/rogerlin/Library/Developer/Xcode/DerivedData/FinancialCalculatorKit-ackorybalcxbfocbkqsfdzcfkgmn/Build/Intermediates.noindex/MathJaxSwift.build/Debug/MathJaxSwift.build/Objects-normal/arm64/DocumentOptions.swiftconstvalues
        /Users/rogerlin/Library/Developer/Xcode/DerivedData/FinancialCalculatorKit-ackorybalcxbfocbkqsfdzcfkgmn/Build/Intermediates.noindex/MathJaxSwift.build/Debug/MathJaxSwift.build/Objects-normal/arm64/MenuOptions.swiftconstvalues
        /Users/rogerlin/Library/Developer/Xcode/DerivedData/FinancialCalculatorKit-ackorybalcxbfocbkqsfdzcfkgmn/Build/Intermediates.noindex/MathJaxSwift.build/Debug/MathJaxSwift.build/Objects-normal/arm64/MenuOptionsSettings.swiftconstvalues
        /Users/rogerlin/Library/Developer/Xcode/DerivedData/FinancialCalculatorKit-ackorybalcxbfocbkqsfdzcfkgmn/Build/Intermediates.noindex/MathJaxSwift.build/Debug/MathJaxSwift.build/Objects-normal/arm64/SREOptions.swiftconstvalues
        /Users/rogerlin/Library/Developer/Xcode/DerivedData/FinancialCalculatorKit-ackorybalcxbfocbkqsfdzcfkgmn/Build/Intermediates.noindex/MathJaxSwift.build/Debug/MathJaxSwift.build/Objects-normal/arm64/AllowOptions.swiftconstvalues
        /Users/rogerlin/Library/Developer/Xcode/DerivedData/FinancialCalculatorKit-ackorybalcxbfocbkqsfdzcfkgmn/Build/Intermediates.noindex/MathJaxSwift.build/Debug/MathJaxSwift.build/Objects-normal/arm64/SafeOptions.swiftconstvalues
        /Users/rogerlin/Library/Developer/Xcode/DerivedData/FinancialCalculatorKit-ackorybalcxbfocbkqsfdzcfkgmn/Build/Intermediates.noindex/MathJaxSwift.build/Debug/MathJaxSwift.build/Objects-normal/arm64/SafeProtocols.swiftconstvalues
        /Users/rogerlin/Library/Developer/Xcode/DerivedData/FinancialCalculatorKit-ackorybalcxbfocbkqsfdzcfkgmn/Build/Intermediates.noindex/MathJaxSwift.build/Debug/MathJaxSwift.build/Objects-normal/arm64/SafeStyles.swiftconstvalues
        /Users/rogerlin/Library/Developer/Xcode/DerivedData/FinancialCalculatorKit-ackorybalcxbfocbkqsfdzcfkgmn/Build/Intermediates.noindex/MathJaxSwift.build/Debug/MathJaxSwift.build/Objects-normal/arm64/AMInputProcessorOptions.swiftconstvalues
        /Users/rogerlin/Library/Developer/Xcode/DerivedData/FinancialCalculatorKit-ackorybalcxbfocbkqsfdzcfkgmn/Build/Intermediates.noindex/MathJaxSwift.build/Debug/MathJaxSwift.build/Objects-normal/arm64/InputProcessorOptions.swiftconstvalues
        /Users/rogerlin/Library/Developer/Xcode/DerivedData/FinancialCalculatorKit-ackorybalcxbfocbkqsfdzcfkgmn/Build/Intermediates.noindex/MathJaxSwift.build/Debug/MathJaxSwift.build/Objects-normal/arm64/MMLInputProcessorOptions.swiftconstvalues
        /Users/rogerlin/Library/Developer/Xcode/DerivedData/FinancialCalculatorKit-ackorybalcxbfocbkqsfdzcfkgmn/Build/Intermediates.noindex/MathJaxSwift.build/Debug/MathJaxSwift.build/Objects-normal/arm64/AMSCDOptions.swiftconstvalues
        /Users/rogerlin/Library/Developer/Xcode/DerivedData/FinancialCalculatorKit-ackorybalcxbfocbkqsfdzcfkgmn/Build/Intermediates.noindex/MathJaxSwift.build/Debug/MathJaxSwift.build/Objects-normal/arm64/AMSOptions.swiftconstvalues
        /Users/rogerlin/Library/Developer/Xcode/DerivedData/FinancialCalculatorKit-ackorybalcxbfocbkqsfdzcfkgmn/Build/Intermediates.noindex/MathJaxSwift.build/Debug/MathJaxSwift.build/Objects-normal/arm64/AutoloadOptions.swiftconstvalues
        /Users/rogerlin/Library/Developer/Xcode/DerivedData/FinancialCalculatorKit-ackorybalcxbfocbkqsfdzcfkgmn/Build/Intermediates.noindex/MathJaxSwift.build/Debug/MathJaxSwift.build/Objects-normal/arm64/ColorOptions.swiftconstvalues
        /Users/rogerlin/Library/Developer/Xcode/DerivedData/FinancialCalculatorKit-ackorybalcxbfocbkqsfdzcfkgmn/Build/Intermediates.noindex/MathJaxSwift.build/Debug/MathJaxSwift.build/Objects-normal/arm64/MathtoolsOptions.swiftconstvalues
        /Users/rogerlin/Library/Developer/Xcode/DerivedData/FinancialCalculatorKit-ackorybalcxbfocbkqsfdzcfkgmn/Build/Intermediates.noindex/MathJaxSwift.build/Debug/MathJaxSwift.build/Objects-normal/arm64/NoundefinedOptions.swiftconstvalues
        /Users/rogerlin/Library/Developer/Xcode/DerivedData/FinancialCalculatorKit-ackorybalcxbfocbkqsfdzcfkgmn/Build/Intermediates.noindex/MathJaxSwift.build/Debug/MathJaxSwift.build/Objects-normal/arm64/PhysicsOptions.swiftconstvalues
        /Users/rogerlin/Library/Developer/Xcode/DerivedData/FinancialCalculatorKit-ackorybalcxbfocbkqsfdzcfkgmn/Build/Intermediates.noindex/MathJaxSwift.build/Debug/MathJaxSwift.build/Objects-normal/arm64/RequireOptions.swiftconstvalues
        /Users/rogerlin/Library/Developer/Xcode/DerivedData/FinancialCalculatorKit-ackorybalcxbfocbkqsfdzcfkgmn/Build/Intermediates.noindex/MathJaxSwift.build/Debug/MathJaxSwift.build/Objects-normal/arm64/SetOptions.swiftconstvalues
        /Users/rogerlin/Library/Developer/Xcode/DerivedData/FinancialCalculatorKit-ackorybalcxbfocbkqsfdzcfkgmn/Build/Intermediates.noindex/MathJaxSwift.build/Debug/MathJaxSwift.build/Objects-normal/arm64/TagFormatOptions.swiftconstvalues
        /Users/rogerlin/Library/Developer/Xcode/DerivedData/FinancialCalculatorKit-ackorybalcxbfocbkqsfdzcfkgmn/Build/Intermediates.noindex/MathJaxSwift.build/Debug/MathJaxSwift.build/Objects-normal/arm64/TeXInputProcessorOptions.swiftconstvalues
        /Users/rogerlin/Library/Developer/Xcode/DerivedData/FinancialCalculatorKit-ackorybalcxbfocbkqsfdzcfkgmn/Build/Intermediates.noindex/MathJaxSwift.build/Debug/MathJaxSwift.build/Objects-normal/arm64/CHTMLOutputProcessorOptions.swiftconstvalues
        /Users/rogerlin/Library/Developer/Xcode/DerivedData/FinancialCalculatorKit-ackorybalcxbfocbkqsfdzcfkgmn/Build/Intermediates.noindex/MathJaxSwift.build/Debug/MathJaxSwift.build/Objects-normal/arm64/OutputProcessorOptions.swiftconstvalues
        /Users/rogerlin/Library/Developer/Xcode/DerivedData/FinancialCalculatorKit-ackorybalcxbfocbkqsfdzcfkgmn/Build/Intermediates.noindex/MathJaxSwift.build/Debug/MathJaxSwift.build/Objects-normal/arm64/SVGOutputProcessorOptions.swiftconstvalues
        /Users/rogerlin/Library/Developer/Xcode/DerivedData/FinancialCalculatorKit-ackorybalcxbfocbkqsfdzcfkgmn/Build/Products/Debug/MathJaxSwift.o
        /Users/rogerlin/Library/Developer/Xcode/DerivedData/FinancialCalculatorKit-ackorybalcxbfocbkqsfdzcfkgmn/Build/Intermediates.noindex/MathJaxSwift.build/Debug/MathJaxSwift.build/MathJaxSwift.DependencyMetadataFileList
        /Users/rogerlin/Library/Developer/Xcode/DerivedData/FinancialCalculatorKit-ackorybalcxbfocbkqsfdzcfkgmn/Build/Intermediates.noindex/MathJaxSwift.build/Debug/MathJaxSwift.build/MathJaxSwift.DependencyStaticMetadataFileList
        /Users/rogerlin/Library/Developer/Xcode/DerivedData/FinancialCalculatorKit-ackorybalcxbfocbkqsfdzcfkgmn/Build/Intermediates.noindex/MathJaxSwift.build/Debug/MathJaxSwift.build/Objects-normal/arm64/MathJaxSwift_dependency_info.dat
        /Users/rogerlin/Library/Developer/Xcode/DerivedData/FinancialCalculatorKit-ackorybalcxbfocbkqsfdzcfkgmn/Build/Intermediates.noindex/MathJaxSwift.build/Debug/MathJaxSwift.build/Objects-normal/arm64/MathJaxSwift.SwiftFileList
        /Users/rogerlin/Library/Developer/Xcode/DerivedData/FinancialCalculatorKit-ackorybalcxbfocbkqsfdzcfkgmn/Build/Intermediates.noindex/MathJaxSwift.build/Debug/MathJaxSwift.build/Objects-normal/arm64/MathJaxSwift.SwiftConstValuesFileList

    Task output dependencies:
        /Users/rogerlin/Library/Developer/Xcode/DerivedData/FinancialCalculatorKit-ackorybalcxbfocbkqsfdzcfkgmn/Build/Intermediates.noindex/MathJaxSwift.build/Debug/MathJaxSwift.build/Objects-normal/arm64/ExtractedAppShortcutsMetadata.stringsdata
2025-11-05 20:45:55.669 appintentsmetadataprocessor[13900:496439] Starting appintentsmetadataprocessor export
2025-11-05 20:45:55.807 appintentsmetadataprocessor[13900:496439] Extracted no relevant App Intents symbols, skipping writing output

SwiftDriverJobDiscovery normal arm64 Compiling BitSieve.swift (in target 'BigInt' from project 'BigInt')

SwiftDriverJobDiscovery normal arm64 Compiling GCD.swift (in target 'BigInt' from project 'BigInt')

SwiftEmitModule normal arm64 Emitting\ module\ for\ Numerics (in target 'Numerics' from project 'swift-numerics')
/Applications/Xcode.app/Contents/Developer/Toolchains/XcodeDefault.xctoolchain/usr/bin/swift-frontend -frontend -emit-module -experimental-skip-non-inlinable-function-bodies-without-types /Users/rogerlin/Library/Developer/Xcode/DerivedData/FinancialCalculatorKit-ackorybalcxbfocbkqsfdzcfkgmn/SourcePackages/checkouts/swift-numerics/Sources/Numerics/Numerics.swift -target arm64-apple-macos10.13 -load-resolved-plugin /Applications/Xcode.app/Contents/Developer/Platforms/MacOSX.platform/Developer/usr/lib/swift/host/plugins/libSwiftMacros.dylib\#/Applications/Xcode.app/Contents/Developer/Platforms/MacOSX.platform/Developer/usr/bin/swift-plugin-server\#SwiftMacros -disable-implicit-swift-modules -Xcc -fno-implicit-modules -Xcc -fno-implicit-module-maps -explicit-swift-module-map-file /Users/rogerlin/Library/Developer/Xcode/DerivedData/FinancialCalculatorKit-ackorybalcxbfocbkqsfdzcfkgmn/Build/Intermediates.noindex/swift-numerics.build/Debug/Numerics.build/Objects-normal/arm64/Numerics-dependencies-1.json -Xllvm -aarch64-use-tbi -enable-objc-interop -sdk /Applications/Xcode.app/Contents/Developer/Platforms/MacOSX.platform/Developer/SDKs/MacOSX26.1.sdk -I /Users/rogerlin/Library/Developer/Xcode/DerivedData/FinancialCalculatorKit-ackorybalcxbfocbkqsfdzcfkgmn/Build/Products/Debug -Isystem /Applications/Xcode.app/Contents/Developer/Platforms/MacOSX.platform/Developer/usr/lib -F /Users/rogerlin/Library/Developer/Xcode/DerivedData/FinancialCalculatorKit-ackorybalcxbfocbkqsfdzcfkgmn/Build/Products/Debug/PackageFrameworks -F /Users/rogerlin/Library/Developer/Xcode/DerivedData/FinancialCalculatorKit-ackorybalcxbfocbkqsfdzcfkgmn/Build/Products/Debug/PackageFrameworks -F /Users/rogerlin/Library/Developer/Xcode/DerivedData/FinancialCalculatorKit-ackorybalcxbfocbkqsfdzcfkgmn/Build/Products/Debug/PackageFrameworks -F /Users/rogerlin/Library/Developer/Xcode/DerivedData/FinancialCalculatorKit-ackorybalcxbfocbkqsfdzcfkgmn/Build/Products/Debug -F /Applications/Xcode.app/Contents/Developer/Platforms/MacOSX.platform/Developer/Library/Frameworks -no-color-diagnostics -Xcc -fno-color-diagnostics -enable-testing -g -debug-info-format\=dwarf -dwarf-version\=4 -module-cache-path /Users/rogerlin/Library/Developer/Xcode/DerivedData/FinancialCalculatorKit-ackorybalcxbfocbkqsfdzcfkgmn/Build/Intermediates.noindex/SwiftExplicitPrecompiledModules -suppress-warnings -profile-generate -profile-coverage-mapping -swift-version 5 -enforce-exclusivity\=checked -Onone -D SWIFT_PACKAGE -D DEBUG -D SWIFT_MODULE_RESOURCE_BUNDLE_UNAVAILABLE -D Xcode -serialize-debugging-options -const-gather-protocols-file /Users/rogerlin/Library/Developer/Xcode/DerivedData/FinancialCalculatorKit-ackorybalcxbfocbkqsfdzcfkgmn/Build/Intermediates.noindex/swift-numerics.build/Debug/Numerics.build/Objects-normal/arm64/Numerics_const_extract_protocols.json -enable-experimental-feature DebugDescriptionMacro -empty-abi-descriptor -validate-clang-modules-once -clang-build-session-file /Users/rogerlin/Library/Developer/Xcode/DerivedData/ModuleCache.noindex/Session.modulevalidation -Xcc -working-directory -Xcc /Users/rogerlin/XCode-Projects/FinancialCalculatorKit-5.0-updated-accent-colors/FinancialCalculatorKit.xcodeproj -enable-anonymous-context-mangled-names -file-compilation-dir /Users/rogerlin/XCode-Projects/FinancialCalculatorKit-5.0-updated-accent-colors/FinancialCalculatorKit.xcodeproj -Xcc -D_LIBCPP_HARDENING_MODE\=_LIBCPP_HARDENING_MODE_DEBUG -Xcc -ivfsstatcache -Xcc /Users/rogerlin/Library/Developer/Xcode/DerivedData/SDKStatCaches.noindex/macosx26.1-25B74-3ae1261907bdadc328169391a47051a6.sdkstatcache -Xcc -I/Users/rogerlin/Library/Developer/Xcode/DerivedData/FinancialCalculatorKit-ackorybalcxbfocbkqsfdzcfkgmn/Build/Intermediates.noindex/swift-numerics.build/Debug/Numerics.build/swift-overrides.hmap -Xcc -I/Users/rogerlin/Library/Developer/Xcode/DerivedData/FinancialCalculatorKit-ackorybalcxbfocbkqsfdzcfkgmn/SourcePackages/checkouts/swift-numerics/Sources/_NumericsShims/include -Xcc -I/Users/rogerlin/Library/Developer/Xcode/DerivedData/FinancialCalculatorKit-ackorybalcxbfocbkqsfdzcfkgmn/Build/Products/Debug/include -Xcc -I/Users/rogerlin/Library/Developer/Xcode/DerivedData/FinancialCalculatorKit-ackorybalcxbfocbkqsfdzcfkgmn/Build/Intermediates.noindex/swift-numerics.build/Debug/Numerics.build/DerivedSources-normal/arm64 -Xcc -I/Users/rogerlin/Library/Developer/Xcode/DerivedData/FinancialCalculatorKit-ackorybalcxbfocbkqsfdzcfkgmn/Build/Intermediates.noindex/swift-numerics.build/Debug/Numerics.build/DerivedSources/arm64 -Xcc -I/Users/rogerlin/Library/Developer/Xcode/DerivedData/FinancialCalculatorKit-ackorybalcxbfocbkqsfdzcfkgmn/Build/Intermediates.noindex/swift-numerics.build/Debug/Numerics.build/DerivedSources -Xcc -DSWIFT_PACKAGE -Xcc -DDEBUG\=1 -no-auto-bridging-header-chaining -module-name Numerics -frontend-parseable-output -disable-clang-spi -target-sdk-version 26.1 -target-sdk-name macosx26.1 -clang-target arm64-apple-macos26.1 -in-process-plugin-server-path /Applications/Xcode.app/Contents/Developer/Toolchains/XcodeDefault.xctoolchain/usr/lib/swift/host/libSwiftInProcPluginServer.dylib -emit-module-doc-path /Users/rogerlin/Library/Developer/Xcode/DerivedData/FinancialCalculatorKit-ackorybalcxbfocbkqsfdzcfkgmn/Build/Intermediates.noindex/swift-numerics.build/Debug/Numerics.build/Objects-normal/arm64/Numerics.swiftdoc -emit-module-source-info-path /Users/rogerlin/Library/Developer/Xcode/DerivedData/FinancialCalculatorKit-ackorybalcxbfocbkqsfdzcfkgmn/Build/Intermediates.noindex/swift-numerics.build/Debug/Numerics.build/Objects-normal/arm64/Numerics.swiftsourceinfo -emit-objc-header-path /Users/rogerlin/Library/Developer/Xcode/DerivedData/FinancialCalculatorKit-ackorybalcxbfocbkqsfdzcfkgmn/Build/Intermediates.noindex/swift-numerics.build/Debug/Numerics.build/Objects-normal/arm64/Numerics-Swift.h -serialize-diagnostics-path /Users/rogerlin/Library/Developer/Xcode/DerivedData/FinancialCalculatorKit-ackorybalcxbfocbkqsfdzcfkgmn/Build/Intermediates.noindex/swift-numerics.build/Debug/Numerics.build/Objects-normal/arm64/Numerics-primary-emit-module.dia -emit-dependencies-path /Users/rogerlin/Library/Developer/Xcode/DerivedData/FinancialCalculatorKit-ackorybalcxbfocbkqsfdzcfkgmn/Build/Intermediates.noindex/swift-numerics.build/Debug/Numerics.build/Objects-normal/arm64/Numerics-primary-emit-module.d -parse-as-library -o /Users/rogerlin/Library/Developer/Xcode/DerivedData/FinancialCalculatorKit-ackorybalcxbfocbkqsfdzcfkgmn/Build/Intermediates.noindex/swift-numerics.build/Debug/Numerics.build/Objects-normal/arm64/Numerics.swiftmodule -emit-abi-descriptor-path /Users/rogerlin/Library/Developer/Xcode/DerivedData/FinancialCalculatorKit-ackorybalcxbfocbkqsfdzcfkgmn/Build/Intermediates.noindex/swift-numerics.build/Debug/Numerics.build/Objects-normal/arm64/Numerics.abi.json

SwiftCompile normal arm64 /Users/rogerlin/Library/Developer/Xcode/DerivedData/FinancialCalculatorKit-ackorybalcxbfocbkqsfdzcfkgmn/SourcePackages/checkouts/swift-numerics/Sources/Numerics/Numerics.swift (in target 'Numerics' from project 'swift-numerics')
    cd /Users/rogerlin/XCode-Projects/FinancialCalculatorKit-5.0-updated-accent-colors/FinancialCalculatorKit.xcodeproj
    

SwiftCompile normal arm64 Compiling\ Numerics.swift /Users/rogerlin/Library/Developer/Xcode/DerivedData/FinancialCalculatorKit-ackorybalcxbfocbkqsfdzcfkgmn/SourcePackages/checkouts/swift-numerics/Sources/Numerics/Numerics.swift (in target 'Numerics' from project 'swift-numerics')
/Applications/Xcode.app/Contents/Developer/Toolchains/XcodeDefault.xctoolchain/usr/bin/swift-frontend -frontend -c -primary-file /Users/rogerlin/Library/Developer/Xcode/DerivedData/FinancialCalculatorKit-ackorybalcxbfocbkqsfdzcfkgmn/SourcePackages/checkouts/swift-numerics/Sources/Numerics/Numerics.swift -emit-dependencies-path /Users/rogerlin/Library/Developer/Xcode/DerivedData/FinancialCalculatorKit-ackorybalcxbfocbkqsfdzcfkgmn/Build/Intermediates.noindex/swift-numerics.build/Debug/Numerics.build/Objects-normal/arm64/Numerics.d -emit-const-values-path /Users/rogerlin/Library/Developer/Xcode/DerivedData/FinancialCalculatorKit-ackorybalcxbfocbkqsfdzcfkgmn/Build/Intermediates.noindex/swift-numerics.build/Debug/Numerics.build/Objects-normal/arm64/Numerics.swiftconstvalues -emit-reference-dependencies-path /Users/rogerlin/Library/Developer/Xcode/DerivedData/FinancialCalculatorKit-ackorybalcxbfocbkqsfdzcfkgmn/Build/Intermediates.noindex/swift-numerics.build/Debug/Numerics.build/Objects-normal/arm64/Numerics.swiftdeps -serialize-diagnostics-path /Users/rogerlin/Library/Developer/Xcode/DerivedData/FinancialCalculatorKit-ackorybalcxbfocbkqsfdzcfkgmn/Build/Intermediates.noindex/swift-numerics.build/Debug/Numerics.build/Objects-normal/arm64/Numerics.dia -target arm64-apple-macos10.13 -load-resolved-plugin /Applications/Xcode.app/Contents/Developer/Platforms/MacOSX.platform/Developer/usr/lib/swift/host/plugins/libSwiftMacros.dylib\#/Applications/Xcode.app/Contents/Developer/Platforms/MacOSX.platform/Developer/usr/bin/swift-plugin-server\#SwiftMacros -disable-implicit-swift-modules -Xcc -fno-implicit-modules -Xcc -fno-implicit-module-maps -explicit-swift-module-map-file /Users/rogerlin/Library/Developer/Xcode/DerivedData/FinancialCalculatorKit-ackorybalcxbfocbkqsfdzcfkgmn/Build/Intermediates.noindex/swift-numerics.build/Debug/Numerics.build/Objects-normal/arm64/Numerics-dependencies-1.json -Xllvm -aarch64-use-tbi -enable-objc-interop -sdk /Applications/Xcode.app/Contents/Developer/Platforms/MacOSX.platform/Developer/SDKs/MacOSX26.1.sdk -I /Users/rogerlin/Library/Developer/Xcode/DerivedData/FinancialCalculatorKit-ackorybalcxbfocbkqsfdzcfkgmn/Build/Products/Debug -Isystem /Applications/Xcode.app/Contents/Developer/Platforms/MacOSX.platform/Developer/usr/lib -F /Users/rogerlin/Library/Developer/Xcode/DerivedData/FinancialCalculatorKit-ackorybalcxbfocbkqsfdzcfkgmn/Build/Products/Debug/PackageFrameworks -F /Users/rogerlin/Library/Developer/Xcode/DerivedData/FinancialCalculatorKit-ackorybalcxbfocbkqsfdzcfkgmn/Build/Products/Debug/PackageFrameworks -F /Users/rogerlin/Library/Developer/Xcode/DerivedData/FinancialCalculatorKit-ackorybalcxbfocbkqsfdzcfkgmn/Build/Products/Debug/PackageFrameworks -F /Users/rogerlin/Library/Developer/Xcode/DerivedData/FinancialCalculatorKit-ackorybalcxbfocbkqsfdzcfkgmn/Build/Products/Debug -F /Applications/Xcode.app/Contents/Developer/Platforms/MacOSX.platform/Developer/Library/Frameworks -no-color-diagnostics -Xcc -fno-color-diagnostics -enable-testing -g -debug-info-format\=dwarf -dwarf-version\=4 -module-cache-path /Users/rogerlin/Library/Developer/Xcode/DerivedData/FinancialCalculatorKit-ackorybalcxbfocbkqsfdzcfkgmn/Build/Intermediates.noindex/SwiftExplicitPrecompiledModules -suppress-warnings -profile-generate -profile-coverage-mapping -swift-version 5 -enforce-exclusivity\=checked -Onone -D SWIFT_PACKAGE -D DEBUG -D SWIFT_MODULE_RESOURCE_BUNDLE_UNAVAILABLE -D Xcode -serialize-debugging-options -const-gather-protocols-file /Users/rogerlin/Library/Developer/Xcode/DerivedData/FinancialCalculatorKit-ackorybalcxbfocbkqsfdzcfkgmn/Build/Intermediates.noindex/swift-numerics.build/Debug/Numerics.build/Objects-normal/arm64/Numerics_const_extract_protocols.json -enable-experimental-feature DebugDescriptionMacro -empty-abi-descriptor -validate-clang-modules-once -clang-build-session-file /Users/rogerlin/Library/Developer/Xcode/DerivedData/ModuleCache.noindex/Session.modulevalidation -Xcc -working-directory -Xcc /Users/rogerlin/XCode-Projects/FinancialCalculatorKit-5.0-updated-accent-colors/FinancialCalculatorKit.xcodeproj -enable-anonymous-context-mangled-names -file-compilation-dir /Users/rogerlin/XCode-Projects/FinancialCalculatorKit-5.0-updated-accent-colors/FinancialCalculatorKit.xcodeproj -Xcc -D_LIBCPP_HARDENING_MODE\=_LIBCPP_HARDENING_MODE_DEBUG -Xcc -ivfsstatcache -Xcc /Users/rogerlin/Library/Developer/Xcode/DerivedData/SDKStatCaches.noindex/macosx26.1-25B74-3ae1261907bdadc328169391a47051a6.sdkstatcache -Xcc -I/Users/rogerlin/Library/Developer/Xcode/DerivedData/FinancialCalculatorKit-ackorybalcxbfocbkqsfdzcfkgmn/Build/Intermediates.noindex/swift-numerics.build/Debug/Numerics.build/swift-overrides.hmap -Xcc -I/Users/rogerlin/Library/Developer/Xcode/DerivedData/FinancialCalculatorKit-ackorybalcxbfocbkqsfdzcfkgmn/SourcePackages/checkouts/swift-numerics/Sources/_NumericsShims/include -Xcc -I/Users/rogerlin/Library/Developer/Xcode/DerivedData/FinancialCalculatorKit-ackorybalcxbfocbkqsfdzcfkgmn/Build/Products/Debug/include -Xcc -I/Users/rogerlin/Library/Developer/Xcode/DerivedData/FinancialCalculatorKit-ackorybalcxbfocbkqsfdzcfkgmn/Build/Intermediates.noindex/swift-numerics.build/Debug/Numerics.build/DerivedSources-normal/arm64 -Xcc -I/Users/rogerlin/Library/Developer/Xcode/DerivedData/FinancialCalculatorKit-ackorybalcxbfocbkqsfdzcfkgmn/Build/Intermediates.noindex/swift-numerics.build/Debug/Numerics.build/DerivedSources/arm64 -Xcc -I/Users/rogerlin/Library/Developer/Xcode/DerivedData/FinancialCalculatorKit-ackorybalcxbfocbkqsfdzcfkgmn/Build/Intermediates.noindex/swift-numerics.build/Debug/Numerics.build/DerivedSources -Xcc -DSWIFT_PACKAGE -Xcc -DDEBUG\=1 -no-auto-bridging-header-chaining -module-name Numerics -frontend-parseable-output -disable-clang-spi -target-sdk-version 26.1 -target-sdk-name macosx26.1 -clang-target arm64-apple-macos26.1 -in-process-plugin-server-path /Applications/Xcode.app/Contents/Developer/Toolchains/XcodeDefault.xctoolchain/usr/lib/swift/host/libSwiftInProcPluginServer.dylib -parse-as-library -o /Users/rogerlin/Library/Developer/Xcode/DerivedData/FinancialCalculatorKit-ackorybalcxbfocbkqsfdzcfkgmn/Build/Intermediates.noindex/swift-numerics.build/Debug/Numerics.build/Objects-normal/arm64/Numerics.o -index-unit-output-path /swift-numerics.build/Debug/Numerics.build/Objects-normal/arm64/Numerics.o -index-store-path /Users/rogerlin/Library/Developer/Xcode/DerivedData/FinancialCalculatorKit-ackorybalcxbfocbkqsfdzcfkgmn/Index.noindex/DataStore -index-system-modules

SwiftCompile normal arm64 /Users/rogerlin/Library/Developer/Xcode/DerivedData/FinancialCalculatorKit-ackorybalcxbfocbkqsfdzcfkgmn/SourcePackages/checkouts/swift-numerics/Sources/Numerics/Numerics.swift (in target 'Numerics' from project 'swift-numerics')
    cd /Users/rogerlin/XCode-Projects/FinancialCalculatorKit-5.0-updated-accent-colors/FinancialCalculatorKit.xcodeproj
    

SwiftDriverJobDiscovery normal arm64 Compiling SwiftTesting.swift, UncheckedSendable.swift (in target 'IssueReporting' from project 'xctest-dynamic-overlay')

SwiftDriver\ Compilation IssueReporting normal arm64 com.apple.xcode.tools.swift.compiler (in target 'IssueReporting' from project 'xctest-dynamic-overlay')
    cd /Users/rogerlin/XCode-Projects/FinancialCalculatorKit-5.0-updated-accent-colors/FinancialCalculatorKit.xcodeproj
    builtin-Swift-Compilation -- /Applications/Xcode.app/Contents/Developer/Toolchains/XcodeDefault.xctoolchain/usr/bin/swiftc -module-name IssueReporting -Onone -enforce-exclusivity\=checked @/Users/rogerlin/Library/Developer/Xcode/DerivedData/FinancialCalculatorKit-ackorybalcxbfocbkqsfdzcfkgmn/Build/Intermediates.noindex/xctest-dynamic-overlay.build/Debug/IssueReporting.build/Objects-normal/arm64/IssueReporting.SwiftFileList -DSWIFT_PACKAGE -DDEBUG -DSWIFT_MODULE_RESOURCE_BUNDLE_UNAVAILABLE -DXcode -plugin-path /Applications/Xcode.app/Contents/Developer/Toolchains/XcodeDefault.xctoolchain/usr/lib/swift/host/plugins/testing -enable-experimental-feature DebugDescriptionMacro -sdk /Applications/Xcode.app/Contents/Developer/Platforms/MacOSX.platform/Developer/SDKs/MacOSX26.1.sdk -target arm64-apple-macos10.15 -g -module-cache-path /Users/rogerlin/Library/Developer/Xcode/DerivedData/ModuleCache.noindex -Xfrontend -serialize-debugging-options -profile-coverage-mapping -profile-generate -enable-testing -suppress-warnings -index-store-path /Users/rogerlin/Library/Developer/Xcode/DerivedData/FinancialCalculatorKit-ackorybalcxbfocbkqsfdzcfkgmn/Index.noindex/DataStore -Xcc -D_LIBCPP_HARDENING_MODE\=_LIBCPP_HARDENING_MODE_DEBUG -swift-version 6 -I /Users/rogerlin/Library/Developer/Xcode/DerivedData/FinancialCalculatorKit-ackorybalcxbfocbkqsfdzcfkgmn/Build/Products/Debug -Isystem /Applications/Xcode.app/Contents/Developer/Platforms/MacOSX.platform/Developer/usr/lib -F /Users/rogerlin/Library/Developer/Xcode/DerivedData/FinancialCalculatorKit-ackorybalcxbfocbkqsfdzcfkgmn/Build/Products/Debug -F /Applications/Xcode.app/Contents/Developer/Platforms/MacOSX.platform/Developer/Library/Frameworks -c -j16 -enable-batch-mode -incremental -Xcc -ivfsstatcache -Xcc /Users/rogerlin/Library/Developer/Xcode/DerivedData/SDKStatCaches.noindex/macosx26.1-25B74-3ae1261907bdadc328169391a47051a6.sdkstatcache -output-file-map /Users/rogerlin/Library/Developer/Xcode/DerivedData/FinancialCalculatorKit-ackorybalcxbfocbkqsfdzcfkgmn/Build/Intermediates.noindex/xctest-dynamic-overlay.build/Debug/IssueReporting.build/Objects-normal/arm64/IssueReporting-OutputFileMap.json -use-frontend-parseable-output -save-temps -no-color-diagnostics -explicit-module-build -module-cache-path /Users/rogerlin/Library/Developer/Xcode/DerivedData/FinancialCalculatorKit-ackorybalcxbfocbkqsfdzcfkgmn/Build/Intermediates.noindex/SwiftExplicitPrecompiledModules -clang-scanner-module-cache-path /Users/rogerlin/Library/Developer/Xcode/DerivedData/ModuleCache.noindex -sdk-module-cache-path /Users/rogerlin/Library/Developer/Xcode/DerivedData/ModuleCache.noindex -serialize-diagnostics -emit-dependencies -emit-module -emit-module-path /Users/rogerlin/Library/Developer/Xcode/DerivedData/FinancialCalculatorKit-ackorybalcxbfocbkqsfdzcfkgmn/Build/Intermediates.noindex/xctest-dynamic-overlay.build/Debug/IssueReporting.build/Objects-normal/arm64/IssueReporting.swiftmodule -user-module-version 1.5.2 -validate-clang-modules-once -clang-build-session-file /Users/rogerlin/Library/Developer/Xcode/DerivedData/ModuleCache.noindex/Session.modulevalidation -package-name xctest_dynamic_overlay -Xcc -I/Users/rogerlin/Library/Developer/Xcode/DerivedData/FinancialCalculatorKit-ackorybalcxbfocbkqsfdzcfkgmn/Build/Intermediates.noindex/xctest-dynamic-overlay.build/Debug/IssueReporting.build/swift-overrides.hmap -emit-const-values -Xfrontend -const-gather-protocols-file -Xfrontend /Users/rogerlin/Library/Developer/Xcode/DerivedData/FinancialCalculatorKit-ackorybalcxbfocbkqsfdzcfkgmn/Build/Intermediates.noindex/xctest-dynamic-overlay.build/Debug/IssueReporting.build/Objects-normal/arm64/IssueReporting_const_extract_protocols.json -Xcc -I/Users/rogerlin/Library/Developer/Xcode/DerivedData/FinancialCalculatorKit-ackorybalcxbfocbkqsfdzcfkgmn/Build/Products/Debug/include -Xcc -I/Users/rogerlin/Library/Developer/Xcode/DerivedData/FinancialCalculatorKit-ackorybalcxbfocbkqsfdzcfkgmn/Build/Intermediates.noindex/xctest-dynamic-overlay.build/Debug/IssueReporting.build/DerivedSources-normal/arm64 -Xcc -I/Users/rogerlin/Library/Developer/Xcode/DerivedData/FinancialCalculatorKit-ackorybalcxbfocbkqsfdzcfkgmn/Build/Intermediates.noindex/xctest-dynamic-overlay.build/Debug/IssueReporting.build/DerivedSources/arm64 -Xcc -I/Users/rogerlin/Library/Developer/Xcode/DerivedData/FinancialCalculatorKit-ackorybalcxbfocbkqsfdzcfkgmn/Build/Intermediates.noindex/xctest-dynamic-overlay.build/Debug/IssueReporting.build/DerivedSources -Xcc -DSWIFT_PACKAGE -Xcc -DDEBUG\=1 -emit-objc-header -emit-objc-header-path /Users/rogerlin/Library/Developer/Xcode/DerivedData/FinancialCalculatorKit-ackorybalcxbfocbkqsfdzcfkgmn/Build/Intermediates.noindex/xctest-dynamic-overlay.build/Debug/IssueReporting.build/Objects-normal/arm64/IssueReporting-Swift.h -working-directory /Users/rogerlin/XCode-Projects/FinancialCalculatorKit-5.0-updated-accent-colors/FinancialCalculatorKit.xcodeproj -experimental-emit-module-separately -disable-cmo

    Task input dependencies:
        /Users/rogerlin/Library/Developer/Xcode/DerivedData/FinancialCalculatorKit-ackorybalcxbfocbkqsfdzcfkgmn/SourcePackages/checkouts/xctest-dynamic-overlay/Sources/IssueReporting/ErrorReporting.swift
        /Users/rogerlin/Library/Developer/Xcode/DerivedData/FinancialCalculatorKit-ackorybalcxbfocbkqsfdzcfkgmn/SourcePackages/checkouts/xctest-dynamic-overlay/Sources/IssueReporting/Internal/AppHostWarning.swift
        /Users/rogerlin/Library/Developer/Xcode/DerivedData/FinancialCalculatorKit-ackorybalcxbfocbkqsfdzcfkgmn/SourcePackages/checkouts/xctest-dynamic-overlay/Sources/IssueReporting/Internal/Deprecations.swift
        /Users/rogerlin/Library/Developer/Xcode/DerivedData/FinancialCalculatorKit-ackorybalcxbfocbkqsfdzcfkgmn/SourcePackages/checkouts/xctest-dynamic-overlay/Sources/IssueReporting/Internal/FailureObserver.swift
        /Users/rogerlin/Library/Developer/Xcode/DerivedData/FinancialCalculatorKit-ackorybalcxbfocbkqsfdzcfkgmn/SourcePackages/checkouts/xctest-dynamic-overlay/Sources/IssueReporting/Internal/LockIsolated.swift
        /Users/rogerlin/Library/Developer/Xcode/DerivedData/FinancialCalculatorKit-ackorybalcxbfocbkqsfdzcfkgmn/SourcePackages/checkouts/xctest-dynamic-overlay/Sources/IssueReporting/Internal/Rethrows.swift
        /Users/rogerlin/Library/Developer/Xcode/DerivedData/FinancialCalculatorKit-ackorybalcxbfocbkqsfdzcfkgmn/SourcePackages/checkouts/xctest-dynamic-overlay/Sources/IssueReporting/Internal/SwiftTesting.swift
        /Users/rogerlin/Library/Developer/Xcode/DerivedData/FinancialCalculatorKit-ackorybalcxbfocbkqsfdzcfkgmn/SourcePackages/checkouts/xctest-dynamic-overlay/Sources/IssueReporting/Internal/UncheckedSendable.swift
        /Users/rogerlin/Library/Developer/Xcode/DerivedData/FinancialCalculatorKit-ackorybalcxbfocbkqsfdzcfkgmn/SourcePackages/checkouts/xctest-dynamic-overlay/Sources/IssueReporting/Internal/Warn.swift
        /Users/rogerlin/Library/Developer/Xcode/DerivedData/FinancialCalculatorKit-ackorybalcxbfocbkqsfdzcfkgmn/SourcePackages/checkouts/xctest-dynamic-overlay/Sources/IssueReporting/Internal/XCTest.swift
        /Users/rogerlin/Library/Developer/Xcode/DerivedData/FinancialCalculatorKit-ackorybalcxbfocbkqsfdzcfkgmn/SourcePackages/checkouts/xctest-dynamic-overlay/Sources/IssueReporting/IsTesting.swift
        /Users/rogerlin/Library/Developer/Xcode/DerivedData/FinancialCalculatorKit-ackorybalcxbfocbkqsfdzcfkgmn/SourcePackages/checkouts/xctest-dynamic-overlay/Sources/IssueReporting/IssueReporter.swift
        /Users/rogerlin/Library/Developer/Xcode/DerivedData/FinancialCalculatorKit-ackorybalcxbfocbkqsfdzcfkgmn/SourcePackages/checkouts/xctest-dynamic-overlay/Sources/IssueReporting/IssueReporters/BreakpointReporter.swift
        /Users/rogerlin/Library/Developer/Xcode/DerivedData/FinancialCalculatorKit-ackorybalcxbfocbkqsfdzcfkgmn/SourcePackages/checkouts/xctest-dynamic-overlay/Sources/IssueReporting/IssueReporters/FatalErrorReporter.swift
        /Users/rogerlin/Library/Developer/Xcode/DerivedData/FinancialCalculatorKit-ackorybalcxbfocbkqsfdzcfkgmn/SourcePackages/checkouts/xctest-dynamic-overlay/Sources/IssueReporting/IssueReporters/RuntimeWarningReporter.swift
        /Users/rogerlin/Library/Developer/Xcode/DerivedData/FinancialCalculatorKit-ackorybalcxbfocbkqsfdzcfkgmn/SourcePackages/checkouts/xctest-dynamic-overlay/Sources/IssueReporting/ReportIssue.swift
        /Users/rogerlin/Library/Developer/Xcode/DerivedData/FinancialCalculatorKit-ackorybalcxbfocbkqsfdzcfkgmn/SourcePackages/checkouts/xctest-dynamic-overlay/Sources/IssueReporting/TestContext.swift
        /Users/rogerlin/Library/Developer/Xcode/DerivedData/FinancialCalculatorKit-ackorybalcxbfocbkqsfdzcfkgmn/SourcePackages/checkouts/xctest-dynamic-overlay/Sources/IssueReporting/Unimplemented.swift
        /Users/rogerlin/Library/Developer/Xcode/DerivedData/FinancialCalculatorKit-ackorybalcxbfocbkqsfdzcfkgmn/SourcePackages/checkouts/xctest-dynamic-overlay/Sources/IssueReporting/WithExpectedIssue.swift
        /Users/rogerlin/Library/Developer/Xcode/DerivedData/FinancialCalculatorKit-ackorybalcxbfocbkqsfdzcfkgmn/SourcePackages/checkouts/xctest-dynamic-overlay/Sources/IssueReporting/WithIssueContext.swift
        /Users/rogerlin/Library/Developer/Xcode/DerivedData/FinancialCalculatorKit-ackorybalcxbfocbkqsfdzcfkgmn/Build/Intermediates.noindex/xctest-dynamic-overlay.build/Debug/IssueReporting.build/Objects-normal/arm64/IssueReporting.SwiftFileList
        /Users/rogerlin/Library/Developer/Xcode/DerivedData/FinancialCalculatorKit-ackorybalcxbfocbkqsfdzcfkgmn/Build/Intermediates.noindex/xctest-dynamic-overlay.build/Debug/IssueReporting.build/Objects-normal/arm64/IssueReporting-OutputFileMap.json
        /Users/rogerlin/Library/Developer/Xcode/DerivedData/FinancialCalculatorKit-ackorybalcxbfocbkqsfdzcfkgmn/Build/Intermediates.noindex/xctest-dynamic-overlay.build/Debug/IssueReporting.build/Objects-normal/arm64/IssueReporting_const_extract_protocols.json
        /Users/rogerlin/Library/Developer/Xcode/DerivedData/FinancialCalculatorKit-ackorybalcxbfocbkqsfdzcfkgmn/Build/Intermediates.noindex/GeneratedModuleMaps/IssueReporting.modulemap
        /Users/rogerlin/Library/Developer/Xcode/DerivedData/FinancialCalculatorKit-ackorybalcxbfocbkqsfdzcfkgmn/SourcePackages/checkouts/xctest-dynamic-overlay/Sources/IssueReporting/ErrorReporting.swift
        /Users/rogerlin/Library/Developer/Xcode/DerivedData/FinancialCalculatorKit-ackorybalcxbfocbkqsfdzcfkgmn/SourcePackages/checkouts/xctest-dynamic-overlay/Sources/IssueReporting/Internal/AppHostWarning.swift
        /Users/rogerlin/Library/Developer/Xcode/DerivedData/FinancialCalculatorKit-ackorybalcxbfocbkqsfdzcfkgmn/SourcePackages/checkouts/xctest-dynamic-overlay/Sources/IssueReporting/Internal/Deprecations.swift
        /Users/rogerlin/Library/Developer/Xcode/DerivedData/FinancialCalculatorKit-ackorybalcxbfocbkqsfdzcfkgmn/SourcePackages/checkouts/xctest-dynamic-overlay/Sources/IssueReporting/Internal/FailureObserver.swift
        /Users/rogerlin/Library/Developer/Xcode/DerivedData/FinancialCalculatorKit-ackorybalcxbfocbkqsfdzcfkgmn/SourcePackages/checkouts/xctest-dynamic-overlay/Sources/IssueReporting/Internal/LockIsolated.swift
        /Users/rogerlin/Library/Developer/Xcode/DerivedData/FinancialCalculatorKit-ackorybalcxbfocbkqsfdzcfkgmn/SourcePackages/checkouts/xctest-dynamic-overlay/Sources/IssueReporting/Internal/Rethrows.swift
        /Users/rogerlin/Library/Developer/Xcode/DerivedData/FinancialCalculatorKit-ackorybalcxbfocbkqsfdzcfkgmn/SourcePackages/checkouts/xctest-dynamic-overlay/Sources/IssueReporting/Internal/SwiftTesting.swift
        /Users/rogerlin/Library/Developer/Xcode/DerivedData/FinancialCalculatorKit-ackorybalcxbfocbkqsfdzcfkgmn/SourcePackages/checkouts/xctest-dynamic-overlay/Sources/IssueReporting/Internal/UncheckedSendable.swift
        /Users/rogerlin/Library/Developer/Xcode/DerivedData/FinancialCalculatorKit-ackorybalcxbfocbkqsfdzcfkgmn/SourcePackages/checkouts/xctest-dynamic-overlay/Sources/IssueReporting/Internal/Warn.swift
        /Users/rogerlin/Library/Developer/Xcode/DerivedData/FinancialCalculatorKit-ackorybalcxbfocbkqsfdzcfkgmn/SourcePackages/checkouts/xctest-dynamic-overlay/Sources/IssueReporting/Internal/XCTest.swift
        /Users/rogerlin/Library/Developer/Xcode/DerivedData/FinancialCalculatorKit-ackorybalcxbfocbkqsfdzcfkgmn/SourcePackages/checkouts/xctest-dynamic-overlay/Sources/IssueReporting/IsTesting.swift
        /Users/rogerlin/Library/Developer/Xcode/DerivedData/FinancialCalculatorKit-ackorybalcxbfocbkqsfdzcfkgmn/SourcePackages/checkouts/xctest-dynamic-overlay/Sources/IssueReporting/IssueReporter.swift
        /Users/rogerlin/Library/Developer/Xcode/DerivedData/FinancialCalculatorKit-ackorybalcxbfocbkqsfdzcfkgmn/SourcePackages/checkouts/xctest-dynamic-overlay/Sources/IssueReporting/IssueReporters/BreakpointReporter.swift
        /Users/rogerlin/Library/Developer/Xcode/DerivedData/FinancialCalculatorKit-ackorybalcxbfocbkqsfdzcfkgmn/SourcePackages/checkouts/xctest-dynamic-overlay/Sources/IssueReporting/IssueReporters/FatalErrorReporter.swift
        /Users/rogerlin/Library/Developer/Xcode/DerivedData/FinancialCalculatorKit-ackorybalcxbfocbkqsfdzcfkgmn/SourcePackages/checkouts/xctest-dynamic-overlay/Sources/IssueReporting/IssueReporters/RuntimeWarningReporter.swift
        /Users/rogerlin/Library/Developer/Xcode/DerivedData/FinancialCalculatorKit-ackorybalcxbfocbkqsfdzcfkgmn/SourcePackages/checkouts/xctest-dynamic-overlay/Sources/IssueReporting/ReportIssue.swift
        /Users/rogerlin/Library/Developer/Xcode/DerivedData/FinancialCalculatorKit-ackorybalcxbfocbkqsfdzcfkgmn/SourcePackages/checkouts/xctest-dynamic-overlay/Sources/IssueReporting/TestContext.swift
        /Users/rogerlin/Library/Developer/Xcode/DerivedData/FinancialCalculatorKit-ackorybalcxbfocbkqsfdzcfkgmn/SourcePackages/checkouts/xctest-dynamic-overlay/Sources/IssueReporting/Unimplemented.swift
        /Users/rogerlin/Library/Developer/Xcode/DerivedData/FinancialCalculatorKit-ackorybalcxbfocbkqsfdzcfkgmn/SourcePackages/checkouts/xctest-dynamic-overlay/Sources/IssueReporting/WithExpectedIssue.swift
        /Users/rogerlin/Library/Developer/Xcode/DerivedData/FinancialCalculatorKit-ackorybalcxbfocbkqsfdzcfkgmn/SourcePackages/checkouts/xctest-dynamic-overlay/Sources/IssueReporting/WithIssueContext.swift
        /Users/rogerlin/Library/Developer/Xcode/DerivedData/FinancialCalculatorKit-ackorybalcxbfocbkqsfdzcfkgmn/Build/Intermediates.noindex/xctest-dynamic-overlay.build/Debug/IssueReporting.build/Objects-normal/arm64/IssueReporting.SwiftFileList
        /Users/rogerlin/Library/Developer/Xcode/DerivedData/FinancialCalculatorKit-ackorybalcxbfocbkqsfdzcfkgmn/Build/Intermediates.noindex/xctest-dynamic-overlay.build/Debug/IssueReporting.build/Objects-normal/arm64/IssueReporting-OutputFileMap.json
        /Users/rogerlin/Library/Developer/Xcode/DerivedData/FinancialCalculatorKit-ackorybalcxbfocbkqsfdzcfkgmn/Build/Intermediates.noindex/xctest-dynamic-overlay.build/Debug/IssueReporting.build/Objects-normal/arm64/IssueReporting_const_extract_protocols.json
        /Users/rogerlin/Library/Developer/Xcode/DerivedData/FinancialCalculatorKit-ackorybalcxbfocbkqsfdzcfkgmn/Build/Intermediates.noindex/GeneratedModuleMaps/IssueReporting.modulemap
        <ClangStatCache /Users/rogerlin/Library/Developer/Xcode/DerivedData/SDKStatCaches.noindex/macosx26.1-25B74-3ae1261907bdadc328169391a47051a6.sdkstatcache>
        <target-IssueReporting-PACKAGE-TARGET:IssueReporting-SDKROOT:macosx:SDK_VARIANT:macos-generated-headers>
        <target-IssueReporting-PACKAGE-TARGET:IssueReporting-SDKROOT:macosx:SDK_VARIANT:macos-copy-headers-completion>
        <target-IssueReporting-PACKAGE-TARGET:IssueReporting-SDKROOT:macosx:SDK_VARIANT:macos-ModuleVerifierTaskProducer>
        <target-IssueReporting-PACKAGE-TARGET:IssueReporting-SDKROOT:macosx:SDK_VARIANT:macos-begin-compiling>
        <WorkspaceHeaderMapVFSFilesWritten>

    Task output dependencies:
        /Users/rogerlin/Library/Developer/Xcode/DerivedData/FinancialCalculatorKit-ackorybalcxbfocbkqsfdzcfkgmn/Build/Intermediates.noindex/xctest-dynamic-overlay.build/Debug/IssueReporting.build/Objects-normal/arm64/IssueReporting Swift Compilation Finished
        /Users/rogerlin/Library/Developer/Xcode/DerivedData/FinancialCalculatorKit-ackorybalcxbfocbkqsfdzcfkgmn/Build/Intermediates.noindex/xctest-dynamic-overlay.build/Debug/IssueReporting.build/Objects-normal/arm64/ErrorReporting.o
        /Users/rogerlin/Library/Developer/Xcode/DerivedData/FinancialCalculatorKit-ackorybalcxbfocbkqsfdzcfkgmn/Build/Intermediates.noindex/xctest-dynamic-overlay.build/Debug/IssueReporting.build/Objects-normal/arm64/AppHostWarning.o
        /Users/rogerlin/Library/Developer/Xcode/DerivedData/FinancialCalculatorKit-ackorybalcxbfocbkqsfdzcfkgmn/Build/Intermediates.noindex/xctest-dynamic-overlay.build/Debug/IssueReporting.build/Objects-normal/arm64/Deprecations.o
        /Users/rogerlin/Library/Developer/Xcode/DerivedData/FinancialCalculatorKit-ackorybalcxbfocbkqsfdzcfkgmn/Build/Intermediates.noindex/xctest-dynamic-overlay.build/Debug/IssueReporting.build/Objects-normal/arm64/FailureObserver.o
        /Users/rogerlin/Library/Developer/Xcode/DerivedData/FinancialCalculatorKit-ackorybalcxbfocbkqsfdzcfkgmn/Build/Intermediates.noindex/xctest-dynamic-overlay.build/Debug/IssueReporting.build/Objects-normal/arm64/LockIsolated.o
        /Users/rogerlin/Library/Developer/Xcode/DerivedData/FinancialCalculatorKit-ackorybalcxbfocbkqsfdzcfkgmn/Build/Intermediates.noindex/xctest-dynamic-overlay.build/Debug/IssueReporting.build/Objects-normal/arm64/Rethrows.o
        /Users/rogerlin/Library/Developer/Xcode/DerivedData/FinancialCalculatorKit-ackorybalcxbfocbkqsfdzcfkgmn/Build/Intermediates.noindex/xctest-dynamic-overlay.build/Debug/IssueReporting.build/Objects-normal/arm64/SwiftTesting.o
        /Users/rogerlin/Library/Developer/Xcode/DerivedData/FinancialCalculatorKit-ackorybalcxbfocbkqsfdzcfkgmn/Build/Intermediates.noindex/xctest-dynamic-overlay.build/Debug/IssueReporting.build/Objects-normal/arm64/UncheckedSendable.o
        /Users/rogerlin/Library/Developer/Xcode/DerivedData/FinancialCalculatorKit-ackorybalcxbfocbkqsfdzcfkgmn/Build/Intermediates.noindex/xctest-dynamic-overlay.build/Debug/IssueReporting.build/Objects-normal/arm64/Warn.o
        /Users/rogerlin/Library/Developer/Xcode/DerivedData/FinancialCalculatorKit-ackorybalcxbfocbkqsfdzcfkgmn/Build/Intermediates.noindex/xctest-dynamic-overlay.build/Debug/IssueReporting.build/Objects-normal/arm64/XCTest.o
        /Users/rogerlin/Library/Developer/Xcode/DerivedData/FinancialCalculatorKit-ackorybalcxbfocbkqsfdzcfkgmn/Build/Intermediates.noindex/xctest-dynamic-overlay.build/Debug/IssueReporting.build/Objects-normal/arm64/IsTesting.o
        /Users/rogerlin/Library/Developer/Xcode/DerivedData/FinancialCalculatorKit-ackorybalcxbfocbkqsfdzcfkgmn/Build/Intermediates.noindex/xctest-dynamic-overlay.build/Debug/IssueReporting.build/Objects-normal/arm64/IssueReporter.o
        /Users/rogerlin/Library/Developer/Xcode/DerivedData/FinancialCalculatorKit-ackorybalcxbfocbkqsfdzcfkgmn/Build/Intermediates.noindex/xctest-dynamic-overlay.build/Debug/IssueReporting.build/Objects-normal/arm64/BreakpointReporter.o
        /Users/rogerlin/Library/Developer/Xcode/DerivedData/FinancialCalculatorKit-ackorybalcxbfocbkqsfdzcfkgmn/Build/Intermediates.noindex/xctest-dynamic-overlay.build/Debug/IssueReporting.build/Objects-normal/arm64/FatalErrorReporter.o
        /Users/rogerlin/Library/Developer/Xcode/DerivedData/FinancialCalculatorKit-ackorybalcxbfocbkqsfdzcfkgmn/Build/Intermediates.noindex/xctest-dynamic-overlay.build/Debug/IssueReporting.build/Objects-normal/arm64/RuntimeWarningReporter.o
        /Users/rogerlin/Library/Developer/Xcode/DerivedData/FinancialCalculatorKit-ackorybalcxbfocbkqsfdzcfkgmn/Build/Intermediates.noindex/xctest-dynamic-overlay.build/Debug/IssueReporting.build/Objects-normal/arm64/ReportIssue.o
        /Users/rogerlin/Library/Developer/Xcode/DerivedData/FinancialCalculatorKit-ackorybalcxbfocbkqsfdzcfkgmn/Build/Intermediates.noindex/xctest-dynamic-overlay.build/Debug/IssueReporting.build/Objects-normal/arm64/TestContext.o
        /Users/rogerlin/Library/Developer/Xcode/DerivedData/FinancialCalculatorKit-ackorybalcxbfocbkqsfdzcfkgmn/Build/Intermediates.noindex/xctest-dynamic-overlay.build/Debug/IssueReporting.build/Objects-normal/arm64/Unimplemented.o
        /Users/rogerlin/Library/Developer/Xcode/DerivedData/FinancialCalculatorKit-ackorybalcxbfocbkqsfdzcfkgmn/Build/Intermediates.noindex/xctest-dynamic-overlay.build/Debug/IssueReporting.build/Objects-normal/arm64/WithExpectedIssue.o
        /Users/rogerlin/Library/Developer/Xcode/DerivedData/FinancialCalculatorKit-ackorybalcxbfocbkqsfdzcfkgmn/Build/Intermediates.noindex/xctest-dynamic-overlay.build/Debug/IssueReporting.build/Objects-normal/arm64/WithIssueContext.o
        /Users/rogerlin/Library/Developer/Xcode/DerivedData/FinancialCalculatorKit-ackorybalcxbfocbkqsfdzcfkgmn/Build/Intermediates.noindex/xctest-dynamic-overlay.build/Debug/IssueReporting.build/Objects-normal/arm64/ErrorReporting.swiftconstvalues
        /Users/rogerlin/Library/Developer/Xcode/DerivedData/FinancialCalculatorKit-ackorybalcxbfocbkqsfdzcfkgmn/Build/Intermediates.noindex/xctest-dynamic-overlay.build/Debug/IssueReporting.build/Objects-normal/arm64/AppHostWarning.swiftconstvalues
        /Users/rogerlin/Library/Developer/Xcode/DerivedData/FinancialCalculatorKit-ackorybalcxbfocbkqsfdzcfkgmn/Build/Intermediates.noindex/xctest-dynamic-overlay.build/Debug/IssueReporting.build/Objects-normal/arm64/Deprecations.swiftconstvalues
        /Users/rogerlin/Library/Developer/Xcode/DerivedData/FinancialCalculatorKit-ackorybalcxbfocbkqsfdzcfkgmn/Build/Intermediates.noindex/xctest-dynamic-overlay.build/Debug/IssueReporting.build/Objects-normal/arm64/FailureObserver.swiftconstvalues
        /Users/rogerlin/Library/Developer/Xcode/DerivedData/FinancialCalculatorKit-ackorybalcxbfocbkqsfdzcfkgmn/Build/Intermediates.noindex/xctest-dynamic-overlay.build/Debug/IssueReporting.build/Objects-normal/arm64/LockIsolated.swiftconstvalues
        /Users/rogerlin/Library/Developer/Xcode/DerivedData/FinancialCalculatorKit-ackorybalcxbfocbkqsfdzcfkgmn/Build/Intermediates.noindex/xctest-dynamic-overlay.build/Debug/IssueReporting.build/Objects-normal/arm64/Rethrows.swiftconstvalues
        /Users/rogerlin/Library/Developer/Xcode/DerivedData/FinancialCalculatorKit-ackorybalcxbfocbkqsfdzcfkgmn/Build/Intermediates.noindex/xctest-dynamic-overlay.build/Debug/IssueReporting.build/Objects-normal/arm64/SwiftTesting.swiftconstvalues
        /Users/rogerlin/Library/Developer/Xcode/DerivedData/FinancialCalculatorKit-ackorybalcxbfocbkqsfdzcfkgmn/Build/Intermediates.noindex/xctest-dynamic-overlay.build/Debug/IssueReporting.build/Objects-normal/arm64/UncheckedSendable.swiftconstvalues
        /Users/rogerlin/Library/Developer/Xcode/DerivedData/FinancialCalculatorKit-ackorybalcxbfocbkqsfdzcfkgmn/Build/Intermediates.noindex/xctest-dynamic-overlay.build/Debug/IssueReporting.build/Objects-normal/arm64/Warn.swiftconstvalues
        /Users/rogerlin/Library/Developer/Xcode/DerivedData/FinancialCalculatorKit-ackorybalcxbfocbkqsfdzcfkgmn/Build/Intermediates.noindex/xctest-dynamic-overlay.build/Debug/IssueReporting.build/Objects-normal/arm64/XCTest.swiftconstvalues
        /Users/rogerlin/Library/Developer/Xcode/DerivedData/FinancialCalculatorKit-ackorybalcxbfocbkqsfdzcfkgmn/Build/Intermediates.noindex/xctest-dynamic-overlay.build/Debug/IssueReporting.build/Objects-normal/arm64/IsTesting.swiftconstvalues
        /Users/rogerlin/Library/Developer/Xcode/DerivedData/FinancialCalculatorKit-ackorybalcxbfocbkqsfdzcfkgmn/Build/Intermediates.noindex/xctest-dynamic-overlay.build/Debug/IssueReporting.build/Objects-normal/arm64/IssueReporter.swiftconstvalues
        /Users/rogerlin/Library/Developer/Xcode/DerivedData/FinancialCalculatorKit-ackorybalcxbfocbkqsfdzcfkgmn/Build/Intermediates.noindex/xctest-dynamic-overlay.build/Debug/IssueReporting.build/Objects-normal/arm64/BreakpointReporter.swiftconstvalues
        /Users/rogerlin/Library/Developer/Xcode/DerivedData/FinancialCalculatorKit-ackorybalcxbfocbkqsfdzcfkgmn/Build/Intermediates.noindex/xctest-dynamic-overlay.build/Debug/IssueReporting.build/Objects-normal/arm64/FatalErrorReporter.swiftconstvalues
        /Users/rogerlin/Library/Developer/Xcode/DerivedData/FinancialCalculatorKit-ackorybalcxbfocbkqsfdzcfkgmn/Build/Intermediates.noindex/xctest-dynamic-overlay.build/Debug/IssueReporting.build/Objects-normal/arm64/RuntimeWarningReporter.swiftconstvalues
        /Users/rogerlin/Library/Developer/Xcode/DerivedData/FinancialCalculatorKit-ackorybalcxbfocbkqsfdzcfkgmn/Build/Intermediates.noindex/xctest-dynamic-overlay.build/Debug/IssueReporting.build/Objects-normal/arm64/ReportIssue.swiftconstvalues
        /Users/rogerlin/Library/Developer/Xcode/DerivedData/FinancialCalculatorKit-ackorybalcxbfocbkqsfdzcfkgmn/Build/Intermediates.noindex/xctest-dynamic-overlay.build/Debug/IssueReporting.build/Objects-normal/arm64/TestContext.swiftconstvalues
        /Users/rogerlin/Library/Developer/Xcode/DerivedData/FinancialCalculatorKit-ackorybalcxbfocbkqsfdzcfkgmn/Build/Intermediates.noindex/xctest-dynamic-overlay.build/Debug/IssueReporting.build/Objects-normal/arm64/Unimplemented.swiftconstvalues
        /Users/rogerlin/Library/Developer/Xcode/DerivedData/FinancialCalculatorKit-ackorybalcxbfocbkqsfdzcfkgmn/Build/Intermediates.noindex/xctest-dynamic-overlay.build/Debug/IssueReporting.build/Objects-normal/arm64/WithExpectedIssue.swiftconstvalues
        /Users/rogerlin/Library/Developer/Xcode/DerivedData/FinancialCalculatorKit-ackorybalcxbfocbkqsfdzcfkgmn/Build/Intermediates.noindex/xctest-dynamic-overlay.build/Debug/IssueReporting.build/Objects-normal/arm64/WithIssueContext.swiftconstvalues
Discovered dependency nodes:
/Applications/Xcode.app/Contents/Developer/Platforms/MacOSX.platform/Developer/SDKs/MacOSX26.1.sdk/System/Library/Frameworks/CFNetwork.framework/Modules/module.modulemap
/Applications/Xcode.app/Contents/Developer/Platforms/MacOSX.platform/Developer/SDKs/MacOSX26.1.sdk/System/Library/Frameworks/CFNetwork.framework/Headers/CFNetwork.h
/Applications/Xcode.app/Contents/Developer/Platforms/MacOSX.platform/Developer/SDKs/MacOSX26.1.sdk/System/Library/Frameworks/CoreFoundation.framework/Modules/module.modulemap
/Applications/Xcode.app/Contents/Developer/Platforms/MacOSX.platform/Developer/SDKs/MacOSX26.1.sdk/System/Library/Frameworks/CFNetwork.framework/Headers/CFNetworkDefs.h
/Applications/Xcode.app/Contents/Developer/Platforms/MacOSX.platform/Developer/SDKs/MacOSX26.1.sdk/usr/include/Darwin.modulemap
/Applications/Xcode.app/Contents/Developer/Platforms/MacOSX.platform/Developer/SDKs/MacOSX26.1.sdk/System/Library/Frameworks/CFNetwork.framework/Headers/CFNetworkErrors.h
/Applications/Xcode.app/Contents/Developer/Platforms/MacOSX.platform/Developer/SDKs/MacOSX26.1.sdk/System/Library/Frameworks/CFNetwork.framework/Headers/CFSocketStream.h
/Applications/Xcode.app/Contents/Developer/Platforms/MacOSX.platform/Developer/SDKs/MacOSX26.1.sdk/System/Library/Frameworks/CFNetwork.framework/Headers/CFHost.h
/Applications/Xcode.app/Contents/Developer/Platforms/MacOSX.platform/Developer/SDKs/MacOSX26.1.sdk/System/Library/Frameworks/CFNetwork.framework/Headers/CFNetServices.h
/Applications/Xcode.app/Contents/Developer/Platforms/MacOSX.platform/Developer/SDKs/MacOSX26.1.sdk/System/Library/Frameworks/CFNetwork.framework/Headers/CFFTPStream.h
/Applications/Xcode.app/Contents/Developer/Platforms/MacOSX.platform/Developer/SDKs/MacOSX26.1.sdk/System/Library/Frameworks/CFNetwork.framework/Headers/CFHTTPMessage.h
/Applications/Xcode.app/Contents/Developer/Platforms/MacOSX.platform/Developer/SDKs/MacOSX26.1.sdk/System/Library/Frameworks/CFNetwork.framework/Headers/CFHTTPStream.h
/Applications/Xcode.app/Contents/Developer/Platforms/MacOSX.platform/Developer/SDKs/MacOSX26.1.sdk/System/Library/Frameworks/CFNetwork.framework/Headers/CFHTTPAuthentication.h
/Applications/Xcode.app/Contents/Developer/Platforms/MacOSX.platform/Developer/SDKs/MacOSX26.1.sdk/System/Library/Frameworks/CFNetwork.framework/Headers/CFNetDiagnostics.h
/Applications/Xcode.app/Contents/Developer/Toolchains/XcodeDefault.xctoolchain/usr/lib/swift/clang/include/module.modulemap
/Applications/Xcode.app/Contents/Developer/Platforms/MacOSX.platform/Developer/SDKs/MacOSX26.1.sdk/System/Library/Frameworks/CFNetwork.framework/Headers/CFProxySupport.h
/Applications/Xcode.app/Contents/Developer/Platforms/MacOSX.platform/Developer/SDKs/MacOSX26.1.sdk/SDKSettings.json
/Applications/Xcode.app/Contents/Developer/Toolchains/XcodeDefault.xctoolchain/usr/lib/swift/macosx/prebuilt-modules/26.1/Combine.swiftmodule/arm64e-apple-macos.swiftmodule
/Applications/Xcode.app/Contents/Developer/Platforms/MacOSX.platform/Developer/SDKs/MacOSX26.1.sdk/System/Library/Frameworks/CoreFoundation.framework/Modules/module.modulemap
/Applications/Xcode.app/Contents/Developer/Platforms/MacOSX.platform/Developer/SDKs/MacOSX26.1.sdk/System/Library/Frameworks/CoreFoundation.framework/Headers/CoreFoundation.h
/Applications/Xcode.app/Contents/Developer/Platforms/MacOSX.platform/Developer/SDKs/MacOSX26.1.sdk/usr/include/dispatch.modulemap
/Applications/Xcode.app/Contents/Developer/Platforms/MacOSX.platform/Developer/SDKs/MacOSX26.1.sdk/usr/include/Darwin.modulemap
/Applications/Xcode.app/Contents/Developer/Platforms/MacOSX.platform/Developer/SDKs/MacOSX26.1.sdk/usr/include/Darwin_C.modulemap
/Applications/Xcode.app/Contents/Developer/Platforms/MacOSX.platform/Developer/SDKs/MacOSX26.1.sdk/usr/include/Darwin_POSIX.modulemap
/Applications/Xcode.app/Contents/Developer/Platforms/MacOSX.platform/Developer/SDKs/MacOSX26.1.sdk/usr/include/net.modulemap
/Applications/Xcode.app/Contents/Developer/Platforms/MacOSX.platform/Developer/SDKs/MacOSX26.1.sdk/usr/include/netinet.modulemap
/Applications/Xcode.app/Contents/Developer/Platforms/MacOSX.platform/Developer/SDKs/MacOSX26.1.sdk/usr/include/bank.modulemap
/Applications/Xcode.app/Contents/Developer/Platforms/MacOSX.platform/Developer/SDKs/MacOSX26.1.sdk/usr/include/Darwin_Mach.modulemap
/Applications/Xcode.app/Contents/Developer/Platforms/MacOSX.platform/Developer/SDKs/MacOSX26.1.sdk/usr/include/Darwin_Mach_machine.modulemap
/Applications/Xcode.app/Contents/Developer/Platforms/MacOSX.platform/Developer/SDKs/MacOSX26.1.sdk/usr/include/mach_debug.modulemap
/Applications/Xcode.app/Contents/Developer/Platforms/MacOSX.platform/Developer/SDKs/MacOSX26.1.sdk/usr/include/device.modulemap
/Applications/Xcode.app/Contents/Developer/Platforms/MacOSX.platform/Developer/SDKs/MacOSX26.1.sdk/usr/include/Darwin_machine.modulemap
/Applications/Xcode.app/Contents/Developer/Platforms/MacOSX.platform/Developer/SDKs/MacOSX26.1.sdk/usr/include/ncurses.modulemap
/Applications/Xcode.app/Contents/Developer/Platforms/MacOSX.platform/Developer/SDKs/MacOSX26.1.sdk/usr/include/netinet6.modulemap
/Applications/Xcode.app/Contents/Developer/Platforms/MacOSX.platform/Developer/SDKs/MacOSX26.1.sdk/usr/include/Darwin_sys.modulemap
/Applications/Xcode.app/Contents/Developer/Platforms/MacOSX.platform/Developer/SDKs/MacOSX26.1.sdk/usr/include/uuid.modulemap
/Applications/Xcode.app/Contents/Developer/Platforms/MacOSX.platform/Developer/SDKs/MacOSX26.1.sdk/usr/include/DarwinFoundation2.modulemap
/Applications/Xcode.app/Contents/Developer/Platforms/MacOSX.platform/Developer/SDKs/MacOSX26.1.sdk/usr/include/DarwinFoundation3.modulemap
/Applications/Xcode.app/Contents/Developer/Platforms/MacOSX.platform/Developer/SDKs/MacOSX26.1.sdk/usr/include/DarwinFoundation1.modulemap
/Applications/Xcode.app/Contents/Developer/Toolchains/XcodeDefault.xctoolchain/usr/lib/swift/clang/include/module.modulemap
/Applications/Xcode.app/Contents/Developer/Toolchains/XcodeDefault.xctoolchain/usr/lib/swift/clang/include/stdarg.h
/Applications/Xcode.app/Contents/Developer/Platforms/MacOSX.platform/Developer/SDKs/MacOSX26.1.sdk/usr/include/assert.h
/Applications/Xcode.app/Contents/Developer/Platforms/MacOSX.platform/Developer/SDKs/MacOSX26.1.sdk/usr/include/ctype.h
/Applications/Xcode.app/Contents/Developer/Toolchains/XcodeDefault.xctoolchain/usr/lib/swift/clang/include/stddef.h
/Applications/Xcode.app/Contents/Developer/Platforms/MacOSX.platform/Developer/SDKs/MacOSX26.1.sdk/usr/include/stdio.h
/Applications/Xcode.app/Contents/Developer/Platforms/MacOSX.platform/Developer/SDKs/MacOSX26.1.sdk/usr/include/stdlib.h
/Applications/Xcode.app/Contents/Developer/Platforms/MacOSX.platform/Developer/SDKs/MacOSX26.1.sdk/usr/include/string.h
/Applications/Xcode.app/Contents/Developer/Platforms/MacOSX.platform/Developer/SDKs/MacOSX26.1.sdk/usr/include/time.h
/Applications/Xcode.app/Contents/Developer/Platforms/MacOSX.platform/Developer/SDKs/MacOSX26.1.sdk/System/Library/Frameworks/CoreFoundation.framework/Headers/CFBase.h
/Applications/Xcode.app/Contents/Developer/Platforms/MacOSX.platform/Developer/SDKs/MacOSX26.1.sdk/System/Library/Frameworks/CoreFoundation.framework/Headers/CFAvailability.h
/Applications/Xcode.app/Contents/Developer/Platforms/MacOSX.platform/Developer/SDKs/MacOSX26.1.sdk/System/Library/Frameworks/CoreFoundation.framework/Headers/CFArray.h
/Applications/Xcode.app/Contents/Developer/Platforms/MacOSX.platform/Developer/SDKs/MacOSX26.1.sdk/System/Library/Frameworks/CoreFoundation.framework/Headers/CFBag.h
/Applications/Xcode.app/Contents/Developer/Platforms/MacOSX.platform/Developer/SDKs/MacOSX26.1.sdk/System/Library/Frameworks/CoreFoundation.framework/Headers/CFBinaryHeap.h
/Applications/Xcode.app/Contents/Developer/Platforms/MacOSX.platform/Developer/SDKs/MacOSX26.1.sdk/System/Library/Frameworks/CoreFoundation.framework/Headers/CFBitVector.h
/Applications/Xcode.app/Contents/Developer/Platforms/MacOSX.platform/Developer/SDKs/MacOSX26.1.sdk/System/Library/Frameworks/CoreFoundation.framework/Headers/CFByteOrder.h
/Applications/Xcode.app/Contents/Developer/Platforms/MacOSX.platform/Developer/SDKs/MacOSX26.1.sdk/System/Library/Frameworks/CoreFoundation.framework/Headers/CFCalendar.h
/Applications/Xcode.app/Contents/Developer/Platforms/MacOSX.platform/Developer/SDKs/MacOSX26.1.sdk/System/Library/Frameworks/CoreFoundation.framework/Headers/CFLocale.h
/Applications/Xcode.app/Contents/Developer/Platforms/MacOSX.platform/Developer/SDKs/MacOSX26.1.sdk/System/Library/Frameworks/CoreFoundation.framework/Headers/CFDictionary.h
/Applications/Xcode.app/Contents/Developer/Platforms/MacOSX.platform/Developer/SDKs/MacOSX26.1.sdk/System/Library/Frameworks/CoreFoundation.framework/Headers/CFNotificationCenter.h
/Applications/Xcode.app/Contents/Developer/Platforms/MacOSX.platform/Developer/SDKs/MacOSX26.1.sdk/System/Library/Frameworks/CoreFoundation.framework/Headers/CFDate.h
/Applications/Xcode.app/Contents/Developer/Platforms/MacOSX.platform/Developer/SDKs/MacOSX26.1.sdk/System/Library/Frameworks/CoreFoundation.framework/Headers/CFTimeZone.h
/Applications/Xcode.app/Contents/Developer/Platforms/MacOSX.platform/Developer/SDKs/MacOSX26.1.sdk/System/Library/Frameworks/CoreFoundation.framework/Headers/CFData.h
/Applications/Xcode.app/Contents/Developer/Platforms/MacOSX.platform/Developer/SDKs/MacOSX26.1.sdk/System/Library/Frameworks/CoreFoundation.framework/Headers/CFString.h
/Applications/Xcode.app/Contents/Developer/Platforms/MacOSX.platform/Developer/SDKs/MacOSX26.1.sdk/System/Library/Frameworks/CoreFoundation.framework/Headers/CFCharacterSet.h
/Applications/Xcode.app/Contents/Developer/Platforms/MacOSX.platform/Developer/SDKs/MacOSX26.1.sdk/System/Library/Frameworks/CoreFoundation.framework/Headers/CFError.h
/Applications/Xcode.app/Contents/Developer/Platforms/MacOSX.platform/Developer/SDKs/MacOSX26.1.sdk/System/Library/Frameworks/CoreFoundation.framework/Headers/CFCGTypes.h
/Applications/Xcode.app/Contents/Developer/Platforms/MacOSX.platform/Developer/SDKs/MacOSX26.1.sdk/System/Library/Frameworks/CoreFoundation.framework/Headers/CFDateFormatter.h
/Applications/Xcode.app/Contents/Developer/Platforms/MacOSX.platform/Developer/SDKs/MacOSX26.1.sdk/System/Library/Frameworks/CoreFoundation.framework/Headers/CFNumber.h
/Applications/Xcode.app/Contents/Developer/Platforms/MacOSX.platform/Developer/SDKs/MacOSX26.1.sdk/System/Library/Frameworks/CoreFoundation.framework/Headers/CFNumberFormatter.h
/Applications/Xcode.app/Contents/Developer/Platforms/MacOSX.platform/Developer/SDKs/MacOSX26.1.sdk/System/Library/Frameworks/CoreFoundation.framework/Headers/CFPreferences.h
/Applications/Xcode.app/Contents/Developer/Platforms/MacOSX.platform/Developer/SDKs/MacOSX26.1.sdk/System/Library/Frameworks/CoreFoundation.framework/Headers/CFPropertyList.h
/Applications/Xcode.app/Contents/Developer/Platforms/MacOSX.platform/Developer/SDKs/MacOSX26.1.sdk/System/Library/Frameworks/CoreFoundation.framework/Headers/CFStream.h
/Applications/Xcode.app/Contents/Developer/Platforms/MacOSX.platform/Developer/SDKs/MacOSX26.1.sdk/System/Library/Frameworks/CoreFoundation.framework/Headers/CFURL.h
/Applications/Xcode.app/Contents/Developer/Platforms/MacOSX.platform/Developer/SDKs/MacOSX26.1.sdk/System/Library/Frameworks/CoreFoundation.framework/Headers/CFRunLoop.h
/Applications/Xcode.app/Contents/Developer/Platforms/MacOSX.platform/Developer/SDKs/MacOSX26.1.sdk/System/Library/Frameworks/CoreFoundation.framework/Headers/CFSocket.h
/Applications/Xcode.app/Contents/Developer/Platforms/MacOSX.platform/Developer/SDKs/MacOSX26.1.sdk/System/Library/Frameworks/CoreFoundation.framework/Headers/CFSet.h
/Applications/Xcode.app/Contents/Developer/Platforms/MacOSX.platform/Developer/SDKs/MacOSX26.1.sdk/System/Library/Frameworks/CoreFoundation.framework/Headers/CFStringEncodingExt.h
/Applications/Xcode.app/Contents/Developer/Platforms/MacOSX.platform/Developer/SDKs/MacOSX26.1.sdk/System/Library/Frameworks/CoreFoundation.framework/Headers/CFTree.h
/Applications/Xcode.app/Contents/Developer/Platforms/MacOSX.platform/Developer/SDKs/MacOSX26.1.sdk/System/Library/Frameworks/CoreFoundation.framework/Headers/CFURLAccess.h
/Applications/Xcode.app/Contents/Developer/Platforms/MacOSX.platform/Developer/SDKs/MacOSX26.1.sdk/System/Library/Frameworks/CoreFoundation.framework/Headers/CFUUID.h
/Applications/Xcode.app/Contents/Developer/Platforms/MacOSX.platform/Developer/SDKs/MacOSX26.1.sdk/System/Library/Frameworks/CoreFoundation.framework/Headers/CFUtilities.h
/Applications/Xcode.app/Contents/Developer/Platforms/MacOSX.platform/Developer/SDKs/MacOSX26.1.sdk/System/Library/Frameworks/CoreFoundation.framework/Headers/CFBundle.h
/Applications/Xcode.app/Contents/Developer/Platforms/MacOSX.platform/Developer/SDKs/MacOSX26.1.sdk/System/Library/Frameworks/CoreFoundation.framework/Headers/CFMessagePort.h
/Applications/Xcode.app/Contents/Developer/Platforms/MacOSX.platform/Developer/SDKs/MacOSX26.1.sdk/System/Library/Frameworks/CoreFoundation.framework/Headers/CFPlugIn.h
/Applications/Xcode.app/Contents/Developer/Platforms/MacOSX.platform/Developer/SDKs/MacOSX26.1.sdk/System/Library/Frameworks/CoreFoundation.framework/Headers/CFMachPort.h
/Applications/Xcode.app/Contents/Developer/Platforms/MacOSX.platform/Developer/SDKs/MacOSX26.1.sdk/System/Library/Frameworks/CoreFoundation.framework/Headers/CFAttributedString.h
/Applications/Xcode.app/Contents/Developer/Platforms/MacOSX.platform/Developer/SDKs/MacOSX26.1.sdk/System/Library/Frameworks/CoreFoundation.framework/Headers/CFURLEnumerator.h
/Applications/Xcode.app/Contents/Developer/Platforms/MacOSX.platform/Developer/SDKs/MacOSX26.1.sdk/System/Library/Frameworks/CoreFoundation.framework/Headers/CFFileSecurity.h
/Applications/Xcode.app/Contents/Developer/Platforms/MacOSX.platform/Developer/SDKs/MacOSX26.1.sdk/System/Library/Frameworks/CoreFoundation.framework/Headers/CFStringTokenizer.h
/Applications/Xcode.app/Contents/Developer/Platforms/MacOSX.platform/Developer/SDKs/MacOSX26.1.sdk/System/Library/Frameworks/CoreFoundation.framework/Headers/CFFileDescriptor.h
/Applications/Xcode.app/Contents/Developer/Platforms/MacOSX.platform/Developer/SDKs/MacOSX26.1.sdk/System/Library/Frameworks/CoreFoundation.framework/Headers/CFUserNotification.h
/Applications/Xcode.app/Contents/Developer/Platforms/MacOSX.platform/Developer/SDKs/MacOSX26.1.sdk/System/Library/Frameworks/CoreFoundation.framework/Headers/CFXMLNode.h
/Applications/Xcode.app/Contents/Developer/Platforms/MacOSX.platform/Developer/SDKs/MacOSX26.1.sdk/System/Library/Frameworks/CoreFoundation.framework/Headers/CFXMLParser.h
/Applications/Xcode.app/Contents/Developer/Platforms/MacOSX.platform/Developer/SDKs/MacOSX26.1.sdk/System/Library/Frameworks/CoreFoundation.framework/Headers/CFPlugInCOM.h
/Applications/Xcode.app/Contents/Developer/Platforms/MacOSX.platform/Developer/SDKs/MacOSX26.1.sdk/SDKSettings.json
/Applications/Xcode.app/Contents/Developer/Toolchains/XcodeDefault.xctoolchain/usr/lib/swift/macosx/prebuilt-modules/26.1/CoreFoundation.swiftmodule/arm64e-apple-macos.swiftmodule
/Applications/Xcode.app/Contents/Developer/Platforms/MacOSX.platform/Developer/SDKs/MacOSX26.1.sdk/System/Library/Frameworks/CoreServices.framework/Modules/module.modulemap
/Applications/Xcode.app/Contents/Developer/Platforms/MacOSX.platform/Developer/SDKs/MacOSX26.1.sdk/System/Library/Frameworks/CoreServices.framework/Headers/CoreServices.h
/Applications/Xcode.app/Contents/Developer/Platforms/MacOSX.platform/Developer/SDKs/MacOSX26.1.sdk/System/Library/Frameworks/CoreFoundation.framework/Modules/module.modulemap
/Applications/Xcode.app/Contents/Developer/Platforms/MacOSX.platform/Developer/SDKs/MacOSX26.1.sdk/System/Library/Frameworks/CoreServices.framework/Frameworks/AE.framework/Headers/AE.h
/Applications/Xcode.app/Contents/Developer/Platforms/MacOSX.platform/Developer/SDKs/MacOSX26.1.sdk/System/Library/Frameworks/CoreServices.framework/Frameworks/CarbonCore.framework/Headers/CarbonCore.h
/Applications/Xcode.app/Contents/Developer/Platforms/MacOSX.platform/Developer/SDKs/MacOSX26.1.sdk/System/Library/Frameworks/CoreServices.framework/Frameworks/CarbonCore.framework/Headers/Finder.h
/Applications/Xcode.app/Contents/Developer/Platforms/MacOSX.platform/Developer/SDKs/MacOSX26.1.sdk/usr/include/dispatch.modulemap
/Applications/Xcode.app/Contents/Developer/Platforms/MacOSX.platform/Developer/SDKs/MacOSX26.1.sdk/usr/include/Darwin.modulemap
/Applications/Xcode.app/Contents/Developer/Platforms/MacOSX.platform/Developer/SDKs/MacOSX26.1.sdk/usr/include/DarwinFoundation2.modulemap
/Applications/Xcode.app/Contents/Developer/Platforms/MacOSX.platform/Developer/SDKs/MacOSX26.1.sdk/usr/include/DarwinFoundation1.modulemap
/Applications/Xcode.app/Contents/Developer/Platforms/MacOSX.platform/Developer/SDKs/MacOSX26.1.sdk/System/Library/Frameworks/CoreServices.framework/Frameworks/CarbonCore.framework/Headers/FixMath.h
/Applications/Xcode.app/Contents/Developer/Platforms/MacOSX.platform/Developer/SDKs/MacOSX26.1.sdk/System/Library/Frameworks/CoreServices.framework/Frameworks/CarbonCore.framework/Headers/Script.h
/Applications/Xcode.app/Contents/Developer/Platforms/MacOSX.platform/Developer/SDKs/MacOSX26.1.sdk/System/Library/Frameworks/CoreServices.framework/Frameworks/CarbonCore.framework/Headers/IntlResources.h
/Applications/Xcode.app/Contents/Developer/Platforms/MacOSX.platform/Developer/SDKs/MacOSX26.1.sdk/System/Library/Frameworks/CoreServices.framework/Frameworks/CarbonCore.framework/Headers/UTCUtils.h
/Applications/Xcode.app/Contents/Developer/Platforms/MacOSX.platform/Developer/SDKs/MacOSX26.1.sdk/System/Library/Frameworks/CoreServices.framework/Frameworks/CarbonCore.framework/Headers/MacErrors.h
/Applications/Xcode.app/Contents/Developer/Platforms/MacOSX.platform/Developer/SDKs/MacOSX26.1.sdk/System/Library/Frameworks/CoreServices.framework/Frameworks/CarbonCore.framework/Headers/TextCommon.h
/Applications/Xcode.app/Contents/Developer/Platforms/MacOSX.platform/Developer/SDKs/MacOSX26.1.sdk/System/Library/Frameworks/CoreServices.framework/Frameworks/CarbonCore.framework/Headers/Collections.h
/Applications/Xcode.app/Contents/Developer/Platforms/MacOSX.platform/Developer/SDKs/MacOSX26.1.sdk/System/Library/Frameworks/CoreServices.framework/Frameworks/CarbonCore.framework/Headers/MixedMode.h
/Applications/Xcode.app/Contents/Developer/Platforms/MacOSX.platform/Developer/SDKs/MacOSX26.1.sdk/System/Library/Frameworks/CoreServices.framework/Frameworks/CarbonCore.framework/Headers/Endian.h
/Applications/Xcode.app/Contents/Developer/Platforms/MacOSX.platform/Developer/SDKs/MacOSX26.1.sdk/System/Library/Frameworks/CoreServices.framework/Frameworks/CarbonCore.framework/Headers/Gestalt.h
/Applications/Xcode.app/Contents/Developer/Platforms/MacOSX.platform/Developer/SDKs/MacOSX26.1.sdk/System/Library/Frameworks/CoreServices.framework/Frameworks/CarbonCore.framework/Headers/MacMemory.h
/Applications/Xcode.app/Contents/Developer/Platforms/MacOSX.platform/Developer/SDKs/MacOSX26.1.sdk/System/Library/Frameworks/CoreServices.framework/Frameworks/CarbonCore.framework/Headers/Math64.h
/Applications/Xcode.app/Contents/Developer/Platforms/MacOSX.platform/Developer/SDKs/MacOSX26.1.sdk/System/Library/Frameworks/CoreServices.framework/Frameworks/CarbonCore.framework/Headers/BackupCore.h
/Applications/Xcode.app/Contents/Developer/Platforms/MacOSX.platform/Developer/SDKs/MacOSX26.1.sdk/System/Library/Frameworks/CoreServices.framework/Frameworks/CarbonCore.framework/Headers/DiskSpaceRecovery.h
/Applications/Xcode.app/Contents/Developer/Platforms/MacOSX.platform/Developer/SDKs/MacOSX26.1.sdk/System/Library/Frameworks/CoreServices.framework/Frameworks/CarbonCore.framework/Headers/Components.h
/Applications/Xcode.app/Contents/Developer/Platforms/MacOSX.platform/Developer/SDKs/MacOSX26.1.sdk/System/Library/Frameworks/CoreServices.framework/Frameworks/CarbonCore.framework/Headers/Files.h
/Applications/Xcode.app/Contents/Developer/Platforms/MacOSX.platform/Developer/SDKs/MacOSX26.1.sdk/System/Library/Frameworks/CoreServices.framework/Frameworks/CarbonCore.framework/Headers/OSUtils.h
/Applications/Xcode.app/Contents/Developer/Platforms/MacOSX.platform/Developer/SDKs/MacOSX26.1.sdk/System/Library/Frameworks/CoreServices.framework/Frameworks/CarbonCore.framework/Headers/DateTimeUtils.h
/Applications/Xcode.app/Contents/Developer/Platforms/MacOSX.platform/Developer/SDKs/MacOSX26.1.sdk/System/Library/Frameworks/DiskArbitration.framework/Modules/module.modulemap
/Applications/Xcode.app/Contents/Developer/Platforms/MacOSX.platform/Developer/SDKs/MacOSX26.1.sdk/System/Library/Frameworks/CoreServices.framework/Frameworks/CarbonCore.framework/Headers/Resources.h
/Applications/Xcode.app/Contents/Developer/Platforms/MacOSX.platform/Developer/SDKs/MacOSX26.1.sdk/System/Library/Frameworks/CoreServices.framework/Frameworks/CarbonCore.framework/Headers/CodeFragments.h
/Applications/Xcode.app/Contents/Developer/Platforms/MacOSX.platform/Developer/SDKs/MacOSX26.1.sdk/System/Library/Frameworks/CoreServices.framework/Frameworks/CarbonCore.framework/Headers/Multiprocessing.h
/Applications/Xcode.app/Contents/Developer/Platforms/MacOSX.platform/Developer/SDKs/MacOSX26.1.sdk/System/Library/Frameworks/CoreServices.framework/Frameworks/CarbonCore.framework/Headers/Aliases.h
/Applications/Xcode.app/Contents/Developer/Platforms/MacOSX.platform/Developer/SDKs/MacOSX26.1.sdk/System/Library/Frameworks/CoreServices.framework/Frameworks/CarbonCore.framework/Headers/MacLocales.h
/Applications/Xcode.app/Contents/Developer/Platforms/MacOSX.platform/Developer/SDKs/MacOSX26.1.sdk/System/Library/Frameworks/CoreServices.framework/Frameworks/CarbonCore.framework/Headers/Debugging.h
/Applications/Xcode.app/Contents/Developer/Platforms/MacOSX.platform/Developer/SDKs/MacOSX26.1.sdk/System/Library/Frameworks/CoreServices.framework/Frameworks/CarbonCore.framework/Headers/PLStringFuncs.h
/Applications/Xcode.app/Contents/Developer/Platforms/MacOSX.platform/Developer/SDKs/MacOSX26.1.sdk/System/Library/Frameworks/CoreServices.framework/Frameworks/CarbonCore.framework/Headers/DriverSynchronization.h
/Applications/Xcode.app/Contents/Developer/Platforms/MacOSX.platform/Developer/SDKs/MacOSX26.1.sdk/System/Library/Frameworks/CoreServices.framework/Frameworks/CarbonCore.framework/Headers/DriverServices.h
/Applications/Xcode.app/Contents/Developer/Platforms/MacOSX.platform/Developer/SDKs/MacOSX26.1.sdk/System/Library/Frameworks/CoreServices.framework/Frameworks/CarbonCore.framework/Headers/MachineExceptions.h
/Applications/Xcode.app/Contents/Developer/Platforms/MacOSX.platform/Developer/SDKs/MacOSX26.1.sdk/System/Library/Frameworks/CoreServices.framework/Frameworks/CarbonCore.framework/Headers/NumberFormatting.h
/Applications/Xcode.app/Contents/Developer/Platforms/MacOSX.platform/Developer/SDKs/MacOSX26.1.sdk/System/Library/Frameworks/CoreServices.framework/Frameworks/CarbonCore.framework/Headers/StringCompare.h
/Applications/Xcode.app/Contents/Developer/Platforms/MacOSX.platform/Developer/SDKs/MacOSX26.1.sdk/System/Library/Frameworks/CoreServices.framework/Frameworks/CarbonCore.framework/Headers/TextUtils.h
/Applications/Xcode.app/Contents/Developer/Platforms/MacOSX.platform/Developer/SDKs/MacOSX26.1.sdk/System/Library/Frameworks/CoreServices.framework/Frameworks/CarbonCore.framework/Headers/ToolUtils.h
/Applications/Xcode.app/Contents/Developer/Platforms/MacOSX.platform/Developer/SDKs/MacOSX26.1.sdk/System/Library/Frameworks/CoreServices.framework/Frameworks/CarbonCore.framework/Headers/UnicodeUtilities.h
/Applications/Xcode.app/Contents/Developer/Platforms/MacOSX.platform/Developer/SDKs/MacOSX26.1.sdk/System/Library/Frameworks/CoreServices.framework/Frameworks/CarbonCore.framework/Headers/fp.h
/Applications/Xcode.app/Contents/Developer/Platforms/MacOSX.platform/Developer/SDKs/MacOSX26.1.sdk/System/Library/Frameworks/CoreServices.framework/Frameworks/CarbonCore.framework/Headers/TextEncodingConverter.h
/Applications/Xcode.app/Contents/Developer/Platforms/MacOSX.platform/Developer/SDKs/MacOSX26.1.sdk/System/Library/Frameworks/CoreServices.framework/Frameworks/CarbonCore.framework/Headers/UnicodeConverter.h
/Applications/Xcode.app/Contents/Developer/Platforms/MacOSX.platform/Developer/SDKs/MacOSX26.1.sdk/System/Library/Frameworks/CoreServices.framework/Frameworks/CarbonCore.framework/Headers/Threads.h
/Applications/Xcode.app/Contents/Developer/Platforms/MacOSX.platform/Developer/SDKs/MacOSX26.1.sdk/System/Library/Frameworks/CoreServices.framework/Frameworks/CarbonCore.framework/Headers/Folders.h
/Applications/Xcode.app/Contents/Developer/Platforms/MacOSX.platform/Developer/SDKs/MacOSX26.1.sdk/System/Library/Frameworks/CoreServices.framework/Frameworks/CarbonCore.framework/Headers/Timer.h
/Applications/Xcode.app/Contents/Developer/Platforms/MacOSX.platform/Developer/SDKs/MacOSX26.1.sdk/System/Library/Frameworks/CoreServices.framework/Frameworks/CarbonCore.framework/Headers/MultiprocessingInfo.h
/Applications/Xcode.app/Contents/Developer/Platforms/MacOSX.platform/Developer/SDKs/MacOSX26.1.sdk/System/Library/Frameworks/CoreServices.framework/Frameworks/CarbonCore.framework/Headers/LowMem.h
/Applications/Xcode.app/Contents/Developer/Platforms/MacOSX.platform/Developer/SDKs/MacOSX26.1.sdk/System/Library/Frameworks/CoreServices.framework/Frameworks/CarbonCore.framework/Headers/AVLTree.h
/Applications/Xcode.app/Contents/Developer/Platforms/MacOSX.platform/Developer/SDKs/MacOSX26.1.sdk/System/Library/Frameworks/CoreServices.framework/Frameworks/CarbonCore.framework/Headers/PEFBinaryFormat.h
/Applications/Xcode.app/Contents/Developer/Platforms/MacOSX.platform/Developer/SDKs/MacOSX26.1.sdk/System/Library/Frameworks/CoreServices.framework/Frameworks/CarbonCore.framework/Headers/HFSVolumes.h
/Applications/Xcode.app/Contents/Developer/Platforms/MacOSX.platform/Developer/SDKs/MacOSX26.1.sdk/System/Library/Frameworks/CoreServices.framework/Frameworks/CarbonCore.framework/Headers/AIFF.h
/Applications/Xcode.app/Contents/Developer/Toolchains/XcodeDefault.xctoolchain/usr/lib/swift/clang/include/module.modulemap
/Applications/Xcode.app/Contents/Developer/Platforms/MacOSX.platform/Developer/SDKs/MacOSX26.1.sdk/System/Library/Frameworks/CoreServices.framework/Frameworks/CarbonCore.framework/Headers/TextEncodingPlugin.h
/Applications/Xcode.app/Contents/Developer/Platforms/MacOSX.platform/Developer/SDKs/MacOSX26.1.sdk/System/Library/Frameworks/CoreServices.framework/Frameworks/AE.framework/Headers/AEDataModel.h
/Applications/Xcode.app/Contents/Developer/Platforms/MacOSX.platform/Developer/SDKs/MacOSX26.1.sdk/System/Library/Frameworks/CoreServices.framework/Frameworks/AE.framework/Headers/AppleEvents.h
/Applications/Xcode.app/Contents/Developer/Platforms/MacOSX.platform/Developer/SDKs/MacOSX26.1.sdk/System/Library/Frameworks/CoreServices.framework/Frameworks/AE.framework/Headers/AEPackObject.h
/Applications/Xcode.app/Contents/Developer/Platforms/MacOSX.platform/Developer/SDKs/MacOSX26.1.sdk/System/Library/Frameworks/CoreServices.framework/Frameworks/AE.framework/Headers/AEObjects.h
/Applications/Xcode.app/Contents/Developer/Platforms/MacOSX.platform/Developer/SDKs/MacOSX26.1.sdk/System/Library/Frameworks/CoreServices.framework/Frameworks/AE.framework/Headers/AERegistry.h
/Applications/Xcode.app/Contents/Developer/Platforms/MacOSX.platform/Developer/SDKs/MacOSX26.1.sdk/System/Library/Frameworks/CoreServices.framework/Frameworks/AE.framework/Headers/AEUserTermTypes.h
/Applications/Xcode.app/Contents/Developer/Platforms/MacOSX.platform/Developer/SDKs/MacOSX26.1.sdk/System/Library/Frameworks/CoreServices.framework/Frameworks/AE.framework/Headers/AEHelpers.h
/Applications/Xcode.app/Contents/Developer/Toolchains/XcodeDefault.xctoolchain/usr/lib/swift/clang/include/stdarg.h
/Applications/Xcode.app/Contents/Developer/Platforms/MacOSX.platform/Developer/SDKs/MacOSX26.1.sdk/System/Library/Frameworks/CoreServices.framework/Frameworks/AE.framework/Headers/AEMach.h
/Applications/Xcode.app/Contents/Developer/Platforms/MacOSX.platform/Developer/SDKs/MacOSX26.1.sdk/System/Library/Frameworks/CFNetwork.framework/Modules/module.modulemap
/Applications/Xcode.app/Contents/Developer/Platforms/MacOSX.platform/Developer/SDKs/MacOSX26.1.sdk/System/Library/Frameworks/CoreServices.framework/Frameworks/DictionaryServices.framework/Headers/DictionaryServices.h
/Applications/Xcode.app/Contents/Developer/Platforms/MacOSX.platform/Developer/SDKs/MacOSX26.1.sdk/System/Library/Frameworks/CoreServices.framework/Frameworks/LaunchServices.framework/Headers/LaunchServices.h
/Applications/Xcode.app/Contents/Developer/Platforms/MacOSX.platform/Developer/SDKs/MacOSX26.1.sdk/System/Library/Frameworks/CoreServices.framework/Frameworks/LaunchServices.framework/Headers/IconsCore.h
/Applications/Xcode.app/Contents/Developer/Platforms/MacOSX.platform/Developer/SDKs/MacOSX26.1.sdk/System/Library/Frameworks/CoreServices.framework/Frameworks/OSServices.framework/Headers/OSServices.h
/Applications/Xcode.app/Contents/Developer/Platforms/MacOSX.platform/Developer/SDKs/MacOSX26.1.sdk/System/Library/Frameworks/CoreServices.framework/Frameworks/OSServices.framework/Headers/CSIdentity.h
/Applications/Xcode.app/Contents/Developer/Platforms/MacOSX.platform/Developer/SDKs/MacOSX26.1.sdk/System/Library/Frameworks/CoreServices.framework/Frameworks/OSServices.framework/Headers/CSIdentityBase.h
/Applications/Xcode.app/Contents/Developer/Platforms/MacOSX.platform/Developer/SDKs/MacOSX26.1.sdk/System/Library/Frameworks/Security.framework/Modules/module.modulemap
/Applications/Xcode.app/Contents/Developer/Platforms/MacOSX.platform/Developer/SDKs/MacOSX26.1.sdk/System/Library/Frameworks/CoreServices.framework/Frameworks/OSServices.framework/Headers/CSIdentityAuthority.h
/Applications/Xcode.app/Contents/Developer/Platforms/MacOSX.platform/Developer/SDKs/MacOSX26.1.sdk/System/Library/Frameworks/CoreServices.framework/Frameworks/OSServices.framework/Headers/CSIdentityQuery.h
/Applications/Xcode.app/Contents/Developer/Platforms/MacOSX.platform/Developer/SDKs/MacOSX26.1.sdk/System/Library/Frameworks/CoreServices.framework/Frameworks/OSServices.framework/Headers/IconStorage.h
/Applications/Xcode.app/Contents/Developer/Platforms/MacOSX.platform/Developer/SDKs/MacOSX26.1.sdk/System/Library/Frameworks/CoreServices.framework/Frameworks/OSServices.framework/Headers/Power.h
/Applications/Xcode.app/Contents/Developer/Platforms/MacOSX.platform/Developer/SDKs/MacOSX26.1.sdk/System/Library/Frameworks/CoreServices.framework/Frameworks/OSServices.framework/Headers/SecurityCore.h
/Applications/Xcode.app/Contents/Developer/Platforms/MacOSX.platform/Developer/SDKs/MacOSX26.1.sdk/System/Library/Frameworks/CoreServices.framework/Frameworks/OSServices.framework/Headers/KeychainCore.h
/Applications/Xcode.app/Contents/Developer/Platforms/MacOSX.platform/Developer/SDKs/MacOSX26.1.sdk/System/Library/Frameworks/CoreServices.framework/Frameworks/OSServices.framework/Headers/WSMethodInvocation.h
/Applications/Xcode.app/Contents/Developer/Platforms/MacOSX.platform/Developer/SDKs/MacOSX26.1.sdk/System/Library/Frameworks/CoreServices.framework/Frameworks/OSServices.framework/Headers/WSTypes.h
/Applications/Xcode.app/Contents/Developer/Platforms/MacOSX.platform/Developer/SDKs/MacOSX26.1.sdk/System/Library/Frameworks/CoreServices.framework/Frameworks/OSServices.framework/Headers/WSProtocolHandler.h
/Applications/Xcode.app/Contents/Developer/Platforms/MacOSX.platform/Developer/SDKs/MacOSX26.1.sdk/System/Library/Frameworks/CoreServices.framework/Frameworks/LaunchServices.framework/Headers/LSConstants.h
/Applications/Xcode.app/Contents/Developer/Platforms/MacOSX.platform/Developer/SDKs/MacOSX26.1.sdk/System/Library/Frameworks/CoreServices.framework/Frameworks/LaunchServices.framework/Headers/LSInfo.h
/Applications/Xcode.app/Contents/Developer/Platforms/MacOSX.platform/Developer/SDKs/MacOSX26.1.sdk/System/Library/Frameworks/CoreServices.framework/Frameworks/LaunchServices.framework/Headers/LSInfoDeprecated.h
/Applications/Xcode.app/Contents/Developer/Platforms/MacOSX.platform/Developer/SDKs/MacOSX26.1.sdk/System/Library/Frameworks/CoreServices.framework/Frameworks/LaunchServices.framework/Headers/LSOpen.h
/Applications/Xcode.app/Contents/Developer/Platforms/MacOSX.platform/Developer/SDKs/MacOSX26.1.sdk/System/Library/Frameworks/CoreServices.framework/Frameworks/LaunchServices.framework/Headers/LSOpenDeprecated.h
/Applications/Xcode.app/Contents/Developer/Platforms/MacOSX.platform/Developer/SDKs/MacOSX26.1.sdk/System/Library/Frameworks/CoreServices.framework/Frameworks/LaunchServices.framework/Headers/LSQuarantine.h
/Applications/Xcode.app/Contents/Developer/Platforms/MacOSX.platform/Developer/SDKs/MacOSX26.1.sdk/System/Library/Frameworks/CoreServices.framework/Frameworks/LaunchServices.framework/Headers/UTCoreTypes.h
/Applications/Xcode.app/Contents/Developer/Platforms/MacOSX.platform/Developer/SDKs/MacOSX26.1.sdk/System/Library/Frameworks/CoreServices.framework/Frameworks/LaunchServices.framework/Headers/UTType.h
/Applications/Xcode.app/Contents/Developer/Platforms/MacOSX.platform/Developer/SDKs/MacOSX26.1.sdk/System/Library/Frameworks/CoreServices.framework/Frameworks/Metadata.framework/Headers/Metadata.h
/Applications/Xcode.app/Contents/Developer/Platforms/MacOSX.platform/Developer/SDKs/MacOSX26.1.sdk/System/Library/Frameworks/CoreServices.framework/Frameworks/Metadata.framework/Headers/MDItem.h
/Applications/Xcode.app/Contents/Developer/Platforms/MacOSX.platform/Developer/SDKs/MacOSX26.1.sdk/System/Library/Frameworks/CoreServices.framework/Frameworks/Metadata.framework/Headers/MDLabel.h
/Applications/Xcode.app/Contents/Developer/Platforms/MacOSX.platform/Developer/SDKs/MacOSX26.1.sdk/System/Library/Frameworks/CoreServices.framework/Frameworks/Metadata.framework/Headers/MDQuery.h
/Applications/Xcode.app/Contents/Developer/Platforms/MacOSX.platform/Developer/SDKs/MacOSX26.1.sdk/System/Library/Frameworks/CoreServices.framework/Frameworks/Metadata.framework/Headers/MDSchema.h
/Applications/Xcode.app/Contents/Developer/Platforms/MacOSX.platform/Developer/SDKs/MacOSX26.1.sdk/System/Library/Frameworks/CoreServices.framework/Frameworks/Metadata.framework/Headers/MDImporter.h
/Applications/Xcode.app/Contents/Developer/Platforms/MacOSX.platform/Developer/SDKs/MacOSX26.1.sdk/System/Library/Frameworks/CoreServices.framework/Frameworks/SearchKit.framework/Headers/SearchKit.h
/Applications/Xcode.app/Contents/Developer/Platforms/MacOSX.platform/Developer/SDKs/MacOSX26.1.sdk/System/Library/Frameworks/CoreServices.framework/Frameworks/SearchKit.framework/Headers/SKDocument.h
/Applications/Xcode.app/Contents/Developer/Platforms/MacOSX.platform/Developer/SDKs/MacOSX26.1.sdk/System/Library/Frameworks/CoreServices.framework/Frameworks/SearchKit.framework/Headers/SKAnalysis.h
/Applications/Xcode.app/Contents/Developer/Platforms/MacOSX.platform/Developer/SDKs/MacOSX26.1.sdk/System/Library/Frameworks/CoreServices.framework/Frameworks/SearchKit.framework/Headers/SKIndex.h
/Applications/Xcode.app/Contents/Developer/Platforms/MacOSX.platform/Developer/SDKs/MacOSX26.1.sdk/System/Library/Frameworks/CoreServices.framework/Frameworks/SearchKit.framework/Headers/SKSearch.h
/Applications/Xcode.app/Contents/Developer/Platforms/MacOSX.platform/Developer/SDKs/MacOSX26.1.sdk/System/Library/Frameworks/CoreServices.framework/Frameworks/SearchKit.framework/Headers/SKSummary.h
/Applications/Xcode.app/Contents/Developer/Platforms/MacOSX.platform/Developer/SDKs/MacOSX26.1.sdk/System/Library/Frameworks/CoreServices.framework/Frameworks/FSEvents.framework/Headers/FSEvents.h
/Applications/Xcode.app/Contents/Developer/Platforms/MacOSX.platform/Developer/SDKs/MacOSX26.1.sdk/System/Library/Frameworks/CoreServices.framework/Frameworks/SharedFileList.framework/Headers/SharedFileList.h
/Applications/Xcode.app/Contents/Developer/Platforms/MacOSX.platform/Developer/SDKs/MacOSX26.1.sdk/System/Library/Frameworks/CoreServices.framework/Frameworks/SharedFileList.framework/Headers/LSSharedFileList.h
/Applications/Xcode.app/Contents/Developer/Platforms/MacOSX.platform/Developer/SDKs/MacOSX26.1.sdk/SDKSettings.json
/Applications/Xcode.app/Contents/Developer/Platforms/MacOSX.platform/Developer/SDKs/MacOSX26.1.sdk/usr/include/Darwin.modulemap
/Applications/Xcode.app/Contents/Developer/Platforms/MacOSX.platform/Developer/SDKs/MacOSX26.1.sdk/usr/include/Darwin_C.modulemap
/Applications/Xcode.app/Contents/Developer/Platforms/MacOSX.platform/Developer/SDKs/MacOSX26.1.sdk/usr/include/Darwin_POSIX.modulemap
/Applications/Xcode.app/Contents/Developer/Platforms/MacOSX.platform/Developer/SDKs/MacOSX26.1.sdk/usr/include/net.modulemap
/Applications/Xcode.app/Contents/Developer/Platforms/MacOSX.platform/Developer/SDKs/MacOSX26.1.sdk/usr/include/netinet.modulemap
/Applications/Xcode.app/Contents/Developer/Platforms/MacOSX.platform/Developer/SDKs/MacOSX26.1.sdk/usr/include/bank.modulemap
/Applications/Xcode.app/Contents/Developer/Platforms/MacOSX.platform/Developer/SDKs/MacOSX26.1.sdk/usr/include/Darwin_Mach.modulemap
/Applications/Xcode.app/Contents/Developer/Platforms/MacOSX.platform/Developer/SDKs/MacOSX26.1.sdk/usr/include/Darwin_Mach_machine.modulemap
/Applications/Xcode.app/Contents/Developer/Platforms/MacOSX.platform/Developer/SDKs/MacOSX26.1.sdk/usr/include/mach_debug.modulemap
/Applications/Xcode.app/Contents/Developer/Platforms/MacOSX.platform/Developer/SDKs/MacOSX26.1.sdk/usr/include/device.modulemap
/Applications/Xcode.app/Contents/Developer/Platforms/MacOSX.platform/Developer/SDKs/MacOSX26.1.sdk/usr/include/Darwin_machine.modulemap
/Applications/Xcode.app/Contents/Developer/Platforms/MacOSX.platform/Developer/SDKs/MacOSX26.1.sdk/usr/include/ncurses.modulemap
/Applications/Xcode.app/Contents/Developer/Platforms/MacOSX.platform/Developer/SDKs/MacOSX26.1.sdk/usr/include/netinet6.modulemap
/Applications/Xcode.app/Contents/Developer/Platforms/MacOSX.platform/Developer/SDKs/MacOSX26.1.sdk/usr/include/Darwin_sys.modulemap
/Applications/Xcode.app/Contents/Developer/Platforms/MacOSX.platform/Developer/SDKs/MacOSX26.1.sdk/usr/include/uuid.modulemap
/Applications/Xcode.app/Contents/Developer/Platforms/MacOSX.platform/Developer/SDKs/MacOSX26.1.sdk/usr/include/DarwinFoundation2.modulemap
/Applications/Xcode.app/Contents/Developer/Platforms/MacOSX.platform/Developer/SDKs/MacOSX26.1.sdk/usr/include/DarwinFoundation3.modulemap
/Applications/Xcode.app/Contents/Developer/Platforms/MacOSX.platform/Developer/SDKs/MacOSX26.1.sdk/usr/include/DarwinFoundation1.modulemap
/Applications/Xcode.app/Contents/Developer/Platforms/MacOSX.platform/Developer/SDKs/MacOSX26.1.sdk/usr/include/copyfile.h
/Applications/Xcode.app/Contents/Developer/Toolchains/XcodeDefault.xctoolchain/usr/lib/swift/clang/include/module.modulemap
/Applications/Xcode.app/Contents/Developer/Platforms/MacOSX.platform/Developer/SDKs/MacOSX26.1.sdk/usr/include/err.h
/Applications/Xcode.app/Contents/Developer/Platforms/MacOSX.platform/Developer/SDKs/MacOSX26.1.sdk/usr/include/readpassphrase.h
/Applications/Xcode.app/Contents/Developer/Platforms/MacOSX.platform/Developer/SDKs/MacOSX26.1.sdk/usr/include/util.h
/Applications/Xcode.app/Contents/Developer/Platforms/MacOSX.platform/Developer/SDKs/MacOSX26.1.sdk/usr/include/sys/ttycom.h
/Applications/Xcode.app/Contents/Developer/Platforms/MacOSX.platform/Developer/SDKs/MacOSX26.1.sdk/usr/include/sys/ioccom.h
/Applications/Xcode.app/Contents/Developer/Platforms/MacOSX.platform/Developer/SDKs/MacOSX26.1.sdk/usr/include/stdio.h
/Applications/Xcode.app/Contents/Developer/Platforms/MacOSX.platform/Developer/SDKs/MacOSX26.1.sdk/usr/include/pwd.h
/Applications/Xcode.app/Contents/Developer/Platforms/MacOSX.platform/Developer/SDKs/MacOSX26.1.sdk/usr/include/uuid/uuid.h
/Applications/Xcode.app/Contents/Developer/Platforms/MacOSX.platform/Developer/SDKs/MacOSX26.1.sdk/usr/include/termios.h
/Applications/Xcode.app/Contents/Developer/Platforms/MacOSX.platform/Developer/SDKs/MacOSX26.1.sdk/usr/include/sys/termios.h
/Applications/Xcode.app/Contents/Developer/Platforms/MacOSX.platform/Developer/SDKs/MacOSX26.1.sdk/usr/include/sys/ttydefaults.h
/Applications/Xcode.app/Contents/Developer/Platforms/MacOSX.platform/Developer/SDKs/MacOSX26.1.sdk/usr/include/utmp.h
/Applications/Xcode.app/Contents/Developer/Platforms/MacOSX.platform/Developer/SDKs/MacOSX26.1.sdk/usr/include/xattr_flags.h
/Applications/Xcode.app/Contents/Developer/Platforms/MacOSX.platform/Developer/SDKs/MacOSX26.1.sdk/usr/include/_modules/_darwin_c_ctype.h
/Applications/Xcode.app/Contents/Developer/Platforms/MacOSX.platform/Developer/SDKs/MacOSX26.1.sdk/usr/include/ctype.h
/Applications/Xcode.app/Contents/Developer/Platforms/MacOSX.platform/Developer/SDKs/MacOSX26.1.sdk/usr/include/_modules/_darwin_c_errno.h
/Applications/Xcode.app/Contents/Developer/Platforms/MacOSX.platform/Developer/SDKs/MacOSX26.1.sdk/usr/include/_modules/_darwin_c_inttypes.h
/Applications/Xcode.app/Contents/Developer/Platforms/MacOSX.platform/Developer/SDKs/MacOSX26.1.sdk/usr/include/_modules/_darwin_c_limits.h
/Applications/Xcode.app/Contents/Developer/Platforms/MacOSX.platform/Developer/SDKs/MacOSX26.1.sdk/usr/include/_modules/_darwin_c_signal.h
/Applications/Xcode.app/Contents/Developer/Platforms/MacOSX.platform/Developer/SDKs/MacOSX26.1.sdk/usr/include/_modules/_darwin_c_stdarg.h
/Applications/Xcode.app/Contents/Developer/Toolchains/XcodeDefault.xctoolchain/usr/lib/swift/clang/include/stdarg.h
/Applications/Xcode.app/Contents/Developer/Platforms/MacOSX.platform/Developer/SDKs/MacOSX26.1.sdk/usr/include/_modules/_darwin_c_stdbool.h
/Applications/Xcode.app/Contents/Developer/Platforms/MacOSX.platform/Developer/SDKs/MacOSX26.1.sdk/usr/include/_modules/_darwin_c_stddef.h
/Applications/Xcode.app/Contents/Developer/Toolchains/XcodeDefault.xctoolchain/usr/lib/swift/clang/include/stddef.h
/Applications/Xcode.app/Contents/Developer/Platforms/MacOSX.platform/Developer/SDKs/MacOSX26.1.sdk/usr/include/_modules/_darwin_c_stdint.h
/Applications/Xcode.app/Contents/Developer/Platforms/MacOSX.platform/Developer/SDKs/MacOSX26.1.sdk/usr/include/_modules/_darwin_c_stdio.h
/Applications/Xcode.app/Contents/Developer/Platforms/MacOSX.platform/Developer/SDKs/MacOSX26.1.sdk/usr/include/_modules/_darwin_c_stdlib.h
/Applications/Xcode.app/Contents/Developer/Platforms/MacOSX.platform/Developer/SDKs/MacOSX26.1.sdk/usr/include/stdlib.h
/Applications/Xcode.app/Contents/Developer/Platforms/MacOSX.platform/Developer/SDKs/MacOSX26.1.sdk/usr/include/_modules/_darwin_c_string.h
/Applications/Xcode.app/Contents/Developer/Platforms/MacOSX.platform/Developer/SDKs/MacOSX26.1.sdk/usr/include/string.h
/Applications/Xcode.app/Contents/Developer/Platforms/MacOSX.platform/Developer/SDKs/MacOSX26.1.sdk/usr/include/_modules/_darwin_c_time.h
/Applications/Xcode.app/Contents/Developer/Platforms/MacOSX.platform/Developer/SDKs/MacOSX26.1.sdk/usr/include/time.h
/Applications/Xcode.app/Contents/Developer/Platforms/MacOSX.platform/Developer/SDKs/MacOSX26.1.sdk/usr/include/_modules/_darwin_c_wchar.h
/Applications/Xcode.app/Contents/Developer/Platforms/MacOSX.platform/Developer/SDKs/MacOSX26.1.sdk/usr/include/wchar.h
/Applications/Xcode.app/Contents/Developer/Platforms/MacOSX.platform/Developer/SDKs/MacOSX26.1.sdk/usr/include/aio.h
/Applications/Xcode.app/Contents/Developer/Platforms/MacOSX.platform/Developer/SDKs/MacOSX26.1.sdk/usr/include/sys/aio.h
/Applications/Xcode.app/Contents/Developer/Platforms/MacOSX.platform/Developer/SDKs/MacOSX26.1.sdk/usr/include/sys/_types/_o_sync.h
/Applications/Xcode.app/Contents/Developer/Platforms/MacOSX.platform/Developer/SDKs/MacOSX26.1.sdk/usr/include/sys/_types/_o_dsync.h
/Applications/Xcode.app/Contents/Developer/Platforms/MacOSX.platform/Developer/SDKs/MacOSX26.1.sdk/usr/include/arpa/inet.h
/Applications/Xcode.app/Contents/Developer/Platforms/MacOSX.platform/Developer/SDKs/MacOSX26.1.sdk/usr/include/netinet/in.h
/Applications/Xcode.app/Contents/Developer/Platforms/MacOSX.platform/Developer/SDKs/MacOSX26.1.sdk/usr/include/sys/socket.h
/Applications/Xcode.app/Contents/Developer/Platforms/MacOSX.platform/Developer/SDKs/MacOSX26.1.sdk/usr/include/sys/constrained_ctypes.h
/Applications/Xcode.app/Contents/Developer/Platforms/MacOSX.platform/Developer/SDKs/MacOSX26.1.sdk/usr/include/machine/_param.h
/Applications/Xcode.app/Contents/Developer/Platforms/MacOSX.platform/Developer/SDKs/MacOSX26.1.sdk/usr/include/arm/_param.h
/Applications/Xcode.app/Contents/Developer/Platforms/MacOSX.platform/Developer/SDKs/MacOSX26.1.sdk/usr/include/net/net_kev.h
/Applications/Xcode.app/Contents/Developer/Platforms/MacOSX.platform/Developer/SDKs/MacOSX26.1.sdk/usr/include/sys/_types/_sa_family_t.h
/Applications/Xcode.app/Contents/Developer/Platforms/MacOSX.platform/Developer/SDKs/MacOSX26.1.sdk/usr/include/sys/_types/_socklen_t.h
/Applications/Xcode.app/Contents/Developer/Platforms/MacOSX.platform/Developer/SDKs/MacOSX26.1.sdk/usr/include/sys/_types/_iovec_t.h
/Applications/Xcode.app/Contents/Developer/Platforms/MacOSX.platform/Developer/SDKs/MacOSX26.1.sdk/usr/include/netinet6/in6.h
/Applications/Xcode.app/Contents/Developer/Platforms/MacOSX.platform/Developer/SDKs/MacOSX26.1.sdk/usr/include/cpio.h
/Applications/Xcode.app/Contents/Developer/Platforms/MacOSX.platform/Developer/SDKs/MacOSX26.1.sdk/usr/include/dirent.h
/Applications/Xcode.app/Contents/Developer/Platforms/MacOSX.platform/Developer/SDKs/MacOSX26.1.sdk/usr/include/sys/dirent.h
/Applications/Xcode.app/Contents/Developer/Platforms/MacOSX.platform/Developer/SDKs/MacOSX26.1.sdk/usr/include/sys/dir.h
/Applications/Xcode.app/Contents/Developer/Platforms/MacOSX.platform/Developer/SDKs/MacOSX26.1.sdk/usr/include/dlfcn.h
/Applications/Xcode.app/Contents/Developer/Platforms/MacOSX.platform/Developer/SDKs/MacOSX26.1.sdk/usr/include/fcntl.h
/Applications/Xcode.app/Contents/Developer/Platforms/MacOSX.platform/Developer/SDKs/MacOSX26.1.sdk/usr/include/sys/fcntl.h
/Applications/Xcode.app/Contents/Developer/Platforms/MacOSX.platform/Developer/SDKs/MacOSX26.1.sdk/usr/include/sys/_types/_s_ifmt.h
/Applications/Xcode.app/Contents/Developer/Platforms/MacOSX.platform/Developer/SDKs/MacOSX26.1.sdk/usr/include/sys/_types/_filesec_t.h
/Applications/Xcode.app/Contents/Developer/Platforms/MacOSX.platform/Developer/SDKs/MacOSX26.1.sdk/usr/include/fmtmsg.h
/Applications/Xcode.app/Contents/Developer/Platforms/MacOSX.platform/Developer/SDKs/MacOSX26.1.sdk/usr/include/fnmatch.h
/Applications/Xcode.app/Contents/Developer/Platforms/MacOSX.platform/Developer/SDKs/MacOSX26.1.sdk/usr/include/ftw.h
/Applications/Xcode.app/Contents/Developer/Platforms/MacOSX.platform/Developer/SDKs/MacOSX26.1.sdk/usr/include/sys/stat.h
/Applications/Xcode.app/Contents/Developer/Platforms/MacOSX.platform/Developer/SDKs/MacOSX26.1.sdk/usr/include/glob.h
/Applications/Xcode.app/Contents/Developer/Platforms/MacOSX.platform/Developer/SDKs/MacOSX26.1.sdk/usr/include/grp.h
/Applications/Xcode.app/Contents/Developer/Platforms/MacOSX.platform/Developer/SDKs/MacOSX26.1.sdk/usr/include/iconv.h
/Applications/Xcode.app/Contents/Developer/Platforms/MacOSX.platform/Developer/SDKs/MacOSX26.1.sdk/usr/include/ifaddrs.h
/Applications/Xcode.app/Contents/Developer/Platforms/MacOSX.platform/Developer/SDKs/MacOSX26.1.sdk/usr/include/sys/ioctl.h
/Applications/Xcode.app/Contents/Developer/Platforms/MacOSX.platform/Developer/SDKs/MacOSX26.1.sdk/usr/include/sys/filio.h
/Applications/Xcode.app/Contents/Developer/Platforms/MacOSX.platform/Developer/SDKs/MacOSX26.1.sdk/usr/include/sys/sockio.h
/Applications/Xcode.app/Contents/Developer/Platforms/MacOSX.platform/Developer/SDKs/MacOSX26.1.sdk/usr/include/net/if.h
/Applications/Xcode.app/Contents/Developer/Platforms/MacOSX.platform/Developer/SDKs/MacOSX26.1.sdk/usr/include/net/if_var.h
/Applications/Xcode.app/Contents/Developer/Platforms/MacOSX.platform/Developer/SDKs/MacOSX26.1.sdk/usr/include/sys/time.h
/Applications/Xcode.app/Contents/Developer/Platforms/MacOSX.platform/Developer/SDKs/MacOSX26.1.sdk/usr/include/sys/_types/_timeval64.h
/Applications/Xcode.app/Contents/Developer/Platforms/MacOSX.platform/Developer/SDKs/MacOSX26.1.sdk/usr/include/sys/_types/_timeval32.h
/Applications/Xcode.app/Contents/Developer/Platforms/MacOSX.platform/Developer/SDKs/MacOSX26.1.sdk/usr/include/_langinfo.h
/Applications/Xcode.app/Contents/Developer/Platforms/MacOSX.platform/Developer/SDKs/MacOSX26.1.sdk/usr/include/xlocale/_langinfo.h
/Applications/Xcode.app/Contents/Developer/Platforms/MacOSX.platform/Developer/SDKs/MacOSX26.1.sdk/usr/include/libgen.h
/Applications/Xcode.app/Contents/Developer/Platforms/MacOSX.platform/Developer/SDKs/MacOSX26.1.sdk/usr/include/_monetary.h
/Applications/Xcode.app/Contents/Developer/Platforms/MacOSX.platform/Developer/SDKs/MacOSX26.1.sdk/usr/include/xlocale/_monetary.h
/Applications/Xcode.app/Contents/Developer/Platforms/MacOSX.platform/Developer/SDKs/MacOSX26.1.sdk/usr/include/ndbm.h
/Applications/Xcode.app/Contents/Developer/Platforms/MacOSX.platform/Developer/SDKs/MacOSX26.1.sdk/usr/include/netdb.h
/Applications/Xcode.app/Contents/Developer/Platforms/MacOSX.platform/Developer/SDKs/MacOSX26.1.sdk/usr/include/net/if_dl.h
/Applications/Xcode.app/Contents/Developer/Platforms/MacOSX.platform/Developer/SDKs/MacOSX26.1.sdk/usr/include/net/if_types.h
/Applications/Xcode.app/Contents/Developer/Platforms/MacOSX.platform/Developer/SDKs/MacOSX26.1.sdk/usr/include/netinet/tcp.h
/Applications/Xcode.app/Contents/Developer/Platforms/MacOSX.platform/Developer/SDKs/MacOSX26.1.sdk/usr/include/poll.h
/Applications/Xcode.app/Contents/Developer/Platforms/MacOSX.platform/Developer/SDKs/MacOSX26.1.sdk/usr/include/sys/poll.h
/Applications/Xcode.app/Contents/Developer/Platforms/MacOSX.platform/Developer/SDKs/MacOSX26.1.sdk/usr/include/pthread/spawn.h
/Applications/Xcode.app/Contents/Developer/Platforms/MacOSX.platform/Developer/SDKs/MacOSX26.1.sdk/usr/include/spawn.h
/Applications/Xcode.app/Contents/Developer/Platforms/MacOSX.platform/Developer/SDKs/MacOSX26.1.sdk/usr/include/sys/spawn.h
/Applications/Xcode.app/Contents/Developer/Platforms/MacOSX.platform/Developer/SDKs/MacOSX26.1.sdk/usr/include/mach/exception_types.h
/Applications/Xcode.app/Contents/Developer/Platforms/MacOSX.platform/Developer/SDKs/MacOSX26.1.sdk/usr/include/mach/machine/exception.h
/Applications/Xcode.app/Contents/Developer/Platforms/MacOSX.platform/Developer/SDKs/MacOSX26.1.sdk/usr/include/mach/arm/exception.h
/Applications/Xcode.app/Contents/Developer/Platforms/MacOSX.platform/Developer/SDKs/MacOSX26.1.sdk/usr/include/mach/port.h
/Applications/Xcode.app/Contents/Developer/Platforms/MacOSX.platform/Developer/SDKs/MacOSX26.1.sdk/usr/include/mach/boolean.h
/Applications/Xcode.app/Contents/Developer/Platforms/MacOSX.platform/Developer/SDKs/MacOSX26.1.sdk/usr/include/mach/machine/boolean.h
/Applications/Xcode.app/Contents/Developer/Platforms/MacOSX.platform/Developer/SDKs/MacOSX26.1.sdk/usr/include/mach/arm/boolean.h
/Applications/Xcode.app/Contents/Developer/Platforms/MacOSX.platform/Developer/SDKs/MacOSX26.1.sdk/usr/include/mach/machine/vm_types.h
/Applications/Xcode.app/Contents/Developer/Platforms/MacOSX.platform/Developer/SDKs/MacOSX26.1.sdk/usr/include/mach/arm/vm_types.h
/Applications/Xcode.app/Contents/Developer/Platforms/MacOSX.platform/Developer/SDKs/MacOSX26.1.sdk/usr/include/mach/thread_status.h
/Applications/Xcode.app/Contents/Developer/Platforms/MacOSX.platform/Developer/SDKs/MacOSX26.1.sdk/usr/include/mach/machine/thread_status.h
/Applications/Xcode.app/Contents/Developer/Platforms/MacOSX.platform/Developer/SDKs/MacOSX26.1.sdk/usr/include/mach/arm/thread_status.h
/Applications/Xcode.app/Contents/Developer/Platforms/MacOSX.platform/Developer/SDKs/MacOSX26.1.sdk/usr/include/mach/machine/thread_state.h
/Applications/Xcode.app/Contents/Developer/Platforms/MacOSX.platform/Developer/SDKs/MacOSX26.1.sdk/usr/include/mach/arm/thread_state.h
/Applications/Xcode.app/Contents/Developer/Platforms/MacOSX.platform/Developer/SDKs/MacOSX26.1.sdk/usr/include/mach/message.h
/Applications/Xcode.app/Contents/Developer/Platforms/MacOSX.platform/Developer/SDKs/MacOSX26.1.sdk/usr/include/mach/kern_return.h
/Applications/Xcode.app/Contents/Developer/Platforms/MacOSX.platform/Developer/SDKs/MacOSX26.1.sdk/usr/include/mach/machine/kern_return.h
/Applications/Xcode.app/Contents/Developer/Platforms/MacOSX.platform/Developer/SDKs/MacOSX26.1.sdk/usr/include/mach/arm/kern_return.h
/Applications/Xcode.app/Contents/Developer/Platforms/MacOSX.platform/Developer/SDKs/MacOSX26.1.sdk/usr/include/mach/vm_types.h
/Applications/Xcode.app/Contents/Developer/Platforms/MacOSX.platform/Developer/SDKs/MacOSX26.1.sdk/usr/include/mach_debug/ipc_info.h
/Applications/Xcode.app/Contents/Developer/Platforms/MacOSX.platform/Developer/SDKs/MacOSX26.1.sdk/usr/include/mach/machine.h
/Applications/Xcode.app/Contents/Developer/Platforms/MacOSX.platform/Developer/SDKs/MacOSX26.1.sdk/usr/include/pthread/pthread_spis.h
/Applications/Xcode.app/Contents/Developer/Platforms/MacOSX.platform/Developer/SDKs/MacOSX26.1.sdk/usr/include/_modules/_darwin_posix_pthread_pthread.h
/Applications/Xcode.app/Contents/Developer/Platforms/MacOSX.platform/Developer/SDKs/MacOSX26.1.sdk/usr/include/_regex.h
/Applications/Xcode.app/Contents/Developer/Platforms/MacOSX.platform/Developer/SDKs/MacOSX26.1.sdk/usr/include/xlocale/_regex.h
/Applications/Xcode.app/Contents/Developer/Platforms/MacOSX.platform/Developer/SDKs/MacOSX26.1.sdk/usr/include/search.h
/Applications/Xcode.app/Contents/Developer/Platforms/MacOSX.platform/Developer/SDKs/MacOSX26.1.sdk/usr/include/semaphore.h
/Applications/Xcode.app/Contents/Developer/Platforms/MacOSX.platform/Developer/SDKs/MacOSX26.1.sdk/usr/include/sys/semaphore.h
/Applications/Xcode.app/Contents/Developer/Platforms/MacOSX.platform/Developer/SDKs/MacOSX26.1.sdk/usr/include/sys/posix_sem.h
/Applications/Xcode.app/Contents/Developer/Platforms/MacOSX.platform/Developer/SDKs/MacOSX26.1.sdk/usr/include/sys/proc.h
/Applications/Xcode.app/Contents/Developer/Platforms/MacOSX.platform/Developer/SDKs/MacOSX26.1.sdk/usr/include/sys/queue.h
/Applications/Xcode.app/Contents/Developer/Platforms/MacOSX.platform/Developer/SDKs/MacOSX26.1.sdk/usr/include/sys/lock.h
/Applications/Xcode.app/Contents/Developer/Platforms/MacOSX.platform/Developer/SDKs/MacOSX26.1.sdk/usr/include/sys/param.h
/Applications/Xcode.app/Contents/Developer/Platforms/MacOSX.platform/Developer/SDKs/MacOSX26.1.sdk/usr/include/machine/param.h
/Applications/Xcode.app/Contents/Developer/Platforms/MacOSX.platform/Developer/SDKs/MacOSX26.1.sdk/usr/include/arm/param.h
/Applications/Xcode.app/Contents/Developer/Platforms/MacOSX.platform/Developer/SDKs/MacOSX26.1.sdk/usr/include/sys/event.h
/Applications/Xcode.app/Contents/Developer/Platforms/MacOSX.platform/Developer/SDKs/MacOSX26.1.sdk/usr/include/strings.h
/Applications/Xcode.app/Contents/Developer/Platforms/MacOSX.platform/Developer/SDKs/MacOSX26.1.sdk/usr/include/sys/ipc.h
/Applications/Xcode.app/Contents/Developer/Platforms/MacOSX.platform/Developer/SDKs/MacOSX26.1.sdk/usr/include/sys/mman.h
/Applications/Xcode.app/Contents/Developer/Platforms/MacOSX.platform/Developer/SDKs/MacOSX26.1.sdk/usr/include/sys/msg.h
/Applications/Xcode.app/Contents/Developer/Platforms/MacOSX.platform/Developer/SDKs/MacOSX26.1.sdk/usr/include/sys/sem.h
/Applications/Xcode.app/Contents/Developer/Platforms/MacOSX.platform/Developer/SDKs/MacOSX26.1.sdk/usr/include/sys/shm.h
/Applications/Xcode.app/Contents/Developer/Platforms/MacOSX.platform/Developer/SDKs/MacOSX26.1.sdk/usr/include/sys/posix_shm.h
/Applications/Xcode.app/Contents/Developer/Platforms/MacOSX.platform/Developer/SDKs/MacOSX26.1.sdk/usr/include/sys/statvfs.h
/Applications/Xcode.app/Contents/Developer/Platforms/MacOSX.platform/Developer/SDKs/MacOSX26.1.sdk/usr/include/sys/times.h
/Applications/Xcode.app/Contents/Developer/Platforms/MacOSX.platform/Developer/SDKs/MacOSX26.1.sdk/usr/include/sys/_types/_fsid_t.h
/Applications/Xcode.app/Contents/Developer/Platforms/MacOSX.platform/Developer/SDKs/MacOSX26.1.sdk/usr/include/sys/_types/_fsobj_id_t.h
/Applications/Xcode.app/Contents/Developer/Platforms/MacOSX.platform/Developer/SDKs/MacOSX26.1.sdk/usr/include/sys/_types/_graftdmg_un.h
/Applications/Xcode.app/Contents/Developer/Platforms/MacOSX.platform/Developer/SDKs/MacOSX26.1.sdk/usr/include/sys/_types/_guid_t.h
/Applications/Xcode.app/Contents/Developer/Platforms/MacOSX.platform/Developer/SDKs/MacOSX26.1.sdk/usr/include/sys/_types/_mount_t.h
/Applications/Xcode.app/Contents/Developer/Platforms/MacOSX.platform/Developer/SDKs/MacOSX26.1.sdk/usr/include/sys/_types/_os_inline.h
/Applications/Xcode.app/Contents/Developer/Platforms/MacOSX.platform/Developer/SDKs/MacOSX26.1.sdk/usr/include/sys/_types/_ucontext64.h
/Applications/Xcode.app/Contents/Developer/Platforms/MacOSX.platform/Developer/SDKs/MacOSX26.1.sdk/usr/include/sys/_types/_vnode_t.h
/Applications/Xcode.app/Contents/Developer/Platforms/MacOSX.platform/Developer/SDKs/MacOSX26.1.sdk/usr/include/sys/uio.h
/Applications/Xcode.app/Contents/Developer/Platforms/MacOSX.platform/Developer/SDKs/MacOSX26.1.sdk/usr/include/sys/un.h
/Applications/Xcode.app/Contents/Developer/Platforms/MacOSX.platform/Developer/SDKs/MacOSX26.1.sdk/usr/include/sys/utsname.h
/Applications/Xcode.app/Contents/Developer/Platforms/MacOSX.platform/Developer/SDKs/MacOSX26.1.sdk/usr/include/sys/vsock.h
/Applications/Xcode.app/Contents/Developer/Platforms/MacOSX.platform/Developer/SDKs/MacOSX26.1.sdk/usr/include/sys/ucred.h
/Applications/Xcode.app/Contents/Developer/Platforms/MacOSX.platform/Developer/SDKs/MacOSX26.1.sdk/usr/include/bsm/audit.h
/Applications/Xcode.app/Contents/Developer/Platforms/MacOSX.platform/Developer/SDKs/MacOSX26.1.sdk/usr/include/sys/socketvar.h
/Applications/Xcode.app/Contents/Developer/Platforms/MacOSX.platform/Developer/SDKs/MacOSX26.1.sdk/usr/include/sys/xattr.h
/Applications/Xcode.app/Contents/Developer/Platforms/MacOSX.platform/Developer/SDKs/MacOSX26.1.sdk/usr/include/_modules/_darwin_posix_sys_resource.h
/Applications/Xcode.app/Contents/Developer/Platforms/MacOSX.platform/Developer/SDKs/MacOSX26.1.sdk/usr/include/_modules/_darwin_posix_sys_select.h
/Applications/Xcode.app/Contents/Developer/Platforms/MacOSX.platform/Developer/SDKs/MacOSX26.1.sdk/usr/include/_modules/_darwin_posix_sys_wait.h
/Applications/Xcode.app/Contents/Developer/Platforms/MacOSX.platform/Developer/SDKs/MacOSX26.1.sdk/usr/include/syslog.h
/Applications/Xcode.app/Contents/Developer/Platforms/MacOSX.platform/Developer/SDKs/MacOSX26.1.sdk/usr/include/sys/syslog.h
/Applications/Xcode.app/Contents/Developer/Platforms/MacOSX.platform/Developer/SDKs/MacOSX26.1.sdk/usr/include/tar.h
/Applications/Xcode.app/Contents/Developer/Platforms/MacOSX.platform/Developer/SDKs/MacOSX26.1.sdk/usr/include/ulimit.h
/Applications/Xcode.app/Contents/Developer/Platforms/MacOSX.platform/Developer/SDKs/MacOSX26.1.sdk/usr/include/utime.h
/Applications/Xcode.app/Contents/Developer/Platforms/MacOSX.platform/Developer/SDKs/MacOSX26.1.sdk/usr/include/utmpx.h
/Applications/Xcode.app/Contents/Developer/Platforms/MacOSX.platform/Developer/SDKs/MacOSX26.1.sdk/usr/include/wordexp.h
/Applications/Xcode.app/Contents/Developer/Platforms/MacOSX.platform/Developer/SDKs/MacOSX26.1.sdk/usr/include/_modules/_darwin_posix_nl_types.h
/Applications/Xcode.app/Contents/Developer/Platforms/MacOSX.platform/Developer/SDKs/MacOSX26.1.sdk/usr/include/_modules/_darwin_posix_sched.h
/Applications/Xcode.app/Contents/Developer/Platforms/MacOSX.platform/Developer/SDKs/MacOSX26.1.sdk/usr/include/_modules/_darwin_posix_unistd.h
/Applications/Xcode.app/Contents/Developer/Platforms/MacOSX.platform/Developer/SDKs/MacOSX26.1.sdk/usr/include/net/bpf.h
/Applications/Xcode.app/Contents/Developer/Platforms/MacOSX.platform/Developer/SDKs/MacOSX26.1.sdk/usr/include/net/dlil.h
/Applications/Xcode.app/Contents/Developer/Platforms/MacOSX.platform/Developer/SDKs/MacOSX26.1.sdk/usr/include/net/ethernet.h
/Applications/Xcode.app/Contents/Developer/Platforms/MacOSX.platform/Developer/SDKs/MacOSX26.1.sdk/usr/include/net/if_arp.h
/Applications/Xcode.app/Contents/Developer/Platforms/MacOSX.platform/Developer/SDKs/MacOSX26.1.sdk/usr/include/net/if_llc.h
/Applications/Xcode.app/Contents/Developer/Platforms/MacOSX.platform/Developer/SDKs/MacOSX26.1.sdk/usr/include/net/if_media.h
/Applications/Xcode.app/Contents/Developer/Platforms/MacOSX.platform/Developer/SDKs/MacOSX26.1.sdk/usr/include/net/if_mib.h
/Applications/Xcode.app/Contents/Developer/Platforms/MacOSX.platform/Developer/SDKs/MacOSX26.1.sdk/usr/include/net/if_utun.h
/Applications/Xcode.app/Contents/Developer/Platforms/MacOSX.platform/Developer/SDKs/MacOSX26.1.sdk/usr/include/net/if_var_status.h
/Applications/Xcode.app/Contents/Developer/Platforms/MacOSX.platform/Developer/SDKs/MacOSX26.1.sdk/usr/include/net/kext_net.h
/Applications/Xcode.app/Contents/Developer/Platforms/MacOSX.platform/Developer/SDKs/MacOSX26.1.sdk/usr/include/net/ndrv.h
/Applications/Xcode.app/Contents/Developer/Platforms/MacOSX.platform/Developer/SDKs/MacOSX26.1.sdk/usr/include/net/pfkeyv2.h
/Applications/Xcode.app/Contents/Developer/Platforms/MacOSX.platform/Developer/SDKs/MacOSX26.1.sdk/usr/include/net/route.h
/Applications/Xcode.app/Contents/Developer/Platforms/MacOSX.platform/Developer/SDKs/MacOSX26.1.sdk/usr/include/netinet/bootp.h
/Applications/Xcode.app/Contents/Developer/Platforms/MacOSX.platform/Developer/SDKs/MacOSX26.1.sdk/usr/include/netinet/ip.h
/Applications/Xcode.app/Contents/Developer/Platforms/MacOSX.platform/Developer/SDKs/MacOSX26.1.sdk/usr/include/netinet/in_systm.h
/Applications/Xcode.app/Contents/Developer/Platforms/MacOSX.platform/Developer/SDKs/MacOSX26.1.sdk/usr/include/netinet/udp.h
/Applications/Xcode.app/Contents/Developer/Platforms/MacOSX.platform/Developer/SDKs/MacOSX26.1.sdk/usr/include/netinet/icmp6.h
/Applications/Xcode.app/Contents/Developer/Platforms/MacOSX.platform/Developer/SDKs/MacOSX26.1.sdk/usr/include/netinet/icmp_var.h
/Applications/Xcode.app/Contents/Developer/Platforms/MacOSX.platform/Developer/SDKs/MacOSX26.1.sdk/usr/include/netinet/ip_icmp.h
/Applications/Xcode.app/Contents/Developer/Platforms/MacOSX.platform/Developer/SDKs/MacOSX26.1.sdk/usr/include/netinet/if_ether.h
/Applications/Xcode.app/Contents/Developer/Platforms/MacOSX.platform/Developer/SDKs/MacOSX26.1.sdk/usr/include/netinet/igmp.h
/Applications/Xcode.app/Contents/Developer/Platforms/MacOSX.platform/Developer/SDKs/MacOSX26.1.sdk/usr/include/netinet/igmp_var.h
/Applications/Xcode.app/Contents/Developer/Platforms/MacOSX.platform/Developer/SDKs/MacOSX26.1.sdk/usr/include/netinet/in_pcb.h
/Applications/Xcode.app/Contents/Developer/Platforms/MacOSX.platform/Developer/SDKs/MacOSX26.1.sdk/usr/include/netinet/in_var.h
/Applications/Xcode.app/Contents/Developer/Platforms/MacOSX.platform/Developer/SDKs/MacOSX26.1.sdk/usr/include/sys/protosw.h
/Applications/Xcode.app/Contents/Developer/Platforms/MacOSX.platform/Developer/SDKs/MacOSX26.1.sdk/usr/include/sys/kern_event.h
/Applications/Xcode.app/Contents/Developer/Platforms/MacOSX.platform/Developer/SDKs/MacOSX26.1.sdk/usr/include/sys/sys_domain.h
/Applications/Xcode.app/Contents/Developer/Platforms/MacOSX.platform/Developer/SDKs/MacOSX26.1.sdk/usr/include/netinet6/in6_var.h
/Applications/Xcode.app/Contents/Developer/Platforms/MacOSX.platform/Developer/SDKs/MacOSX26.1.sdk/usr/include/netinet6/scope6_var.h
/Applications/Xcode.app/Contents/Developer/Platforms/MacOSX.platform/Developer/SDKs/MacOSX26.1.sdk/usr/include/netinet/ip6.h
/Applications/Xcode.app/Contents/Developer/Platforms/MacOSX.platform/Developer/SDKs/MacOSX26.1.sdk/usr/include/netinet/ip_var.h
/Applications/Xcode.app/Contents/Developer/Platforms/MacOSX.platform/Developer/SDKs/MacOSX26.1.sdk/usr/include/netinet/tcp_fsm.h
/Applications/Xcode.app/Contents/Developer/Platforms/MacOSX.platform/Developer/SDKs/MacOSX26.1.sdk/usr/include/netinet/tcp_seq.h
/Applications/Xcode.app/Contents/Developer/Platforms/MacOSX.platform/Developer/SDKs/MacOSX26.1.sdk/usr/include/netinet/tcp_timer.h
/Applications/Xcode.app/Contents/Developer/Platforms/MacOSX.platform/Developer/SDKs/MacOSX26.1.sdk/usr/include/netinet/tcp_var.h
/Applications/Xcode.app/Contents/Developer/Platforms/MacOSX.platform/Developer/SDKs/MacOSX26.1.sdk/usr/include/netinet/tcpip.h
/Applications/Xcode.app/Contents/Developer/Platforms/MacOSX.platform/Developer/SDKs/MacOSX26.1.sdk/usr/include/netinet/udp_var.h
/Applications/Xcode.app/Contents/Developer/Platforms/MacOSX.platform/Developer/SDKs/MacOSX26.1.sdk/usr/include/sys/sysctl.h
/Applications/Xcode.app/Contents/Developer/Platforms/MacOSX.platform/Developer/SDKs/MacOSX26.1.sdk/usr/include/sys/vm.h
/Applications/Xcode.app/Contents/Developer/Platforms/MacOSX.platform/Developer/SDKs/MacOSX26.1.sdk/usr/include/ar.h
/Applications/Xcode.app/Contents/Developer/Platforms/MacOSX.platform/Developer/SDKs/MacOSX26.1.sdk/usr/include/bank/bank_types.h
/Applications/Xcode.app/Contents/Developer/Platforms/MacOSX.platform/Developer/SDKs/MacOSX26.1.sdk/usr/include/os/base.h
/Applications/Xcode.app/Contents/Developer/Platforms/MacOSX.platform/Developer/SDKs/MacOSX26.1.sdk/usr/include/mach/mach_types.h
/Applications/Xcode.app/Contents/Developer/Platforms/MacOSX.platform/Developer/SDKs/MacOSX26.1.sdk/usr/include/mach/host_info.h
/Applications/Xcode.app/Contents/Developer/Platforms/MacOSX.platform/Developer/SDKs/MacOSX26.1.sdk/usr/include/mach/vm_statistics.h
/Applications/Xcode.app/Contents/Developer/Platforms/MacOSX.platform/Developer/SDKs/MacOSX26.1.sdk/usr/include/mach/time_value.h
/Applications/Xcode.app/Contents/Developer/Platforms/MacOSX.platform/Developer/SDKs/MacOSX26.1.sdk/usr/include/mach/host_notify.h
/Applications/Xcode.app/Contents/Developer/Platforms/MacOSX.platform/Developer/SDKs/MacOSX26.1.sdk/usr/include/mach/host_special_ports.h
/Applications/Xcode.app/Contents/Developer/Platforms/MacOSX.platform/Developer/SDKs/MacOSX26.1.sdk/usr/include/mach/memory_object_types.h
/Applications/Xcode.app/Contents/Developer/Platforms/MacOSX.platform/Developer/SDKs/MacOSX26.1.sdk/usr/include/mach/vm_prot.h
/Applications/Xcode.app/Contents/Developer/Platforms/MacOSX.platform/Developer/SDKs/MacOSX26.1.sdk/usr/include/mach/vm_sync.h
/Applications/Xcode.app/Contents/Developer/Platforms/MacOSX.platform/Developer/SDKs/MacOSX26.1.sdk/usr/include/mach/mach_voucher_types.h
/Applications/Xcode.app/Contents/Developer/Platforms/MacOSX.platform/Developer/SDKs/MacOSX26.1.sdk/usr/include/mach/std_types.h
/Applications/Xcode.app/Contents/Developer/Platforms/MacOSX.platform/Developer/SDKs/MacOSX26.1.sdk/usr/include/mach/processor_info.h
/Applications/Xcode.app/Contents/Developer/Platforms/MacOSX.platform/Developer/SDKs/MacOSX26.1.sdk/usr/include/mach/machine/processor_info.h
/Applications/Xcode.app/Contents/Developer/Platforms/MacOSX.platform/Developer/SDKs/MacOSX26.1.sdk/usr/include/mach/arm/processor_info.h
/Applications/Xcode.app/Contents/Developer/Platforms/MacOSX.platform/Developer/SDKs/MacOSX26.1.sdk/usr/include/mach/task_info.h
/Applications/Xcode.app/Contents/Developer/Platforms/MacOSX.platform/Developer/SDKs/MacOSX26.1.sdk/usr/include/mach/policy.h
/Applications/Xcode.app/Contents/Developer/Platforms/MacOSX.platform/Developer/SDKs/MacOSX26.1.sdk/usr/include/mach/task_inspect.h
/Applications/Xcode.app/Contents/Developer/Platforms/MacOSX.platform/Developer/SDKs/MacOSX26.1.sdk/usr/include/mach/task_policy.h
/Applications/Xcode.app/Contents/Developer/Platforms/MacOSX.platform/Developer/SDKs/MacOSX26.1.sdk/usr/include/mach/task_special_ports.h
/Applications/Xcode.app/Contents/Developer/Platforms/MacOSX.platform/Developer/SDKs/MacOSX26.1.sdk/usr/include/mach/thread_info.h
/Applications/Xcode.app/Contents/Developer/Platforms/MacOSX.platform/Developer/SDKs/MacOSX26.1.sdk/usr/include/mach/thread_policy.h
/Applications/Xcode.app/Contents/Developer/Platforms/MacOSX.platform/Developer/SDKs/MacOSX26.1.sdk/usr/include/mach/thread_special_ports.h
/Applications/Xcode.app/Contents/Developer/Platforms/MacOSX.platform/Developer/SDKs/MacOSX26.1.sdk/usr/include/mach/clock_types.h
/Applications/Xcode.app/Contents/Developer/Platforms/MacOSX.platform/Developer/SDKs/MacOSX26.1.sdk/usr/include/mach/vm_attributes.h
/Applications/Xcode.app/Contents/Developer/Platforms/MacOSX.platform/Developer/SDKs/MacOSX26.1.sdk/usr/include/mach/vm_inherit.h
/Applications/Xcode.app/Contents/Developer/Platforms/MacOSX.platform/Developer/SDKs/MacOSX26.1.sdk/usr/include/mach/vm_purgable.h
/Applications/Xcode.app/Contents/Developer/Platforms/MacOSX.platform/Developer/SDKs/MacOSX26.1.sdk/usr/include/mach/vm_behavior.h
/Applications/Xcode.app/Contents/Developer/Platforms/MacOSX.platform/Developer/SDKs/MacOSX26.1.sdk/usr/include/mach/vm_region.h
/Applications/Xcode.app/Contents/Developer/Platforms/MacOSX.platform/Developer/SDKs/MacOSX26.1.sdk/usr/include/mach/machine/vm_param.h
/Applications/Xcode.app/Contents/Developer/Platforms/MacOSX.platform/Developer/SDKs/MacOSX26.1.sdk/usr/include/mach/arm/vm_param.h
/Applications/Xcode.app/Contents/Developer/Platforms/MacOSX.platform/Developer/SDKs/MacOSX26.1.sdk/usr/include/mach/vm_page_size.h
/Applications/Xcode.app/Contents/Developer/Platforms/MacOSX.platform/Developer/SDKs/MacOSX26.1.sdk/usr/include/mach/kmod.h
/Applications/Xcode.app/Contents/Developer/Platforms/MacOSX.platform/Developer/SDKs/MacOSX26.1.sdk/usr/include/mach/dyld_kernel.h
/Applications/Xcode.app/Contents/Developer/Platforms/MacOSX.platform/Developer/SDKs/MacOSX26.1.sdk/usr/include/ConditionalMacros.h
/Applications/Xcode.app/Contents/Developer/Platforms/MacOSX.platform/Developer/SDKs/MacOSX26.1.sdk/usr/include/crt_externs.h
/Applications/Xcode.app/Contents/Developer/Platforms/MacOSX.platform/Developer/SDKs/MacOSX26.1.sdk/usr/include/fts.h
/Applications/Xcode.app/Contents/Developer/Platforms/MacOSX.platform/Developer/SDKs/MacOSX26.1.sdk/usr/include/getopt.h
/Applications/Xcode.app/Contents/Developer/Platforms/MacOSX.platform/Developer/SDKs/MacOSX26.1.sdk/usr/include/AssertMacros.h
/Applications/Xcode.app/Contents/Developer/Platforms/MacOSX.platform/Developer/SDKs/MacOSX26.1.sdk/usr/include/MacTypes.h
/Applications/Xcode.app/Contents/Developer/Platforms/MacOSX.platform/Developer/SDKs/MacOSX26.1.sdk/usr/include/mach/mach.h
/Applications/Xcode.app/Contents/Developer/Platforms/MacOSX.platform/Developer/SDKs/MacOSX26.1.sdk/usr/include/mach/mach_interface.h
/Applications/Xcode.app/Contents/Developer/Platforms/MacOSX.platform/Developer/SDKs/MacOSX26.1.sdk/usr/include/mach/clock_priv.h
/Applications/Xcode.app/Contents/Developer/Platforms/MacOSX.platform/Developer/SDKs/MacOSX26.1.sdk/usr/include/mach/ndr.h
/Applications/Xcode.app/Contents/Developer/Platforms/MacOSX.platform/Developer/SDKs/MacOSX26.1.sdk/usr/include/libkern/OSByteOrder.h
/Applications/Xcode.app/Contents/Developer/Platforms/MacOSX.platform/Developer/SDKs/MacOSX26.1.sdk/usr/include/libkern/arm/OSByteOrder.h
/Applications/Xcode.app/Contents/Developer/Platforms/MacOSX.platform/Developer/SDKs/MacOSX26.1.sdk/usr/include/arm/arch.h
/Applications/Xcode.app/Contents/Developer/Platforms/MacOSX.platform/Developer/SDKs/MacOSX26.1.sdk/usr/include/mach/notify.h
/Applications/Xcode.app/Contents/Developer/Platforms/MacOSX.platform/Developer/SDKs/MacOSX26.1.sdk/usr/include/mach/mig_errors.h
/Applications/Xcode.app/Contents/Developer/Platforms/MacOSX.platform/Developer/SDKs/MacOSX26.1.sdk/usr/include/mach/mig.h
/Applications/Xcode.app/Contents/Developer/Platforms/MacOSX.platform/Developer/SDKs/MacOSX26.1.sdk/usr/include/mach/host_priv.h
/Applications/Xcode.app/Contents/Developer/Platforms/MacOSX.platform/Developer/SDKs/MacOSX26.1.sdk/usr/include/mach_debug/mach_debug_types.h
/Applications/Xcode.app/Contents/Developer/Platforms/MacOSX.platform/Developer/SDKs/MacOSX26.1.sdk/usr/include/mach_debug/vm_info.h
/Applications/Xcode.app/Contents/Developer/Platforms/MacOSX.platform/Developer/SDKs/MacOSX26.1.sdk/usr/include/mach_debug/zone_info.h
/Applications/Xcode.app/Contents/Developer/Platforms/MacOSX.platform/Developer/SDKs/MacOSX26.1.sdk/usr/include/mach_debug/page_info.h
/Applications/Xcode.app/Contents/Developer/Platforms/MacOSX.platform/Developer/SDKs/MacOSX26.1.sdk/usr/include/mach_debug/hash_info.h
/Applications/Xcode.app/Contents/Developer/Platforms/MacOSX.platform/Developer/SDKs/MacOSX26.1.sdk/usr/include/mach_debug/lockgroup_info.h
/Applications/Xcode.app/Contents/Developer/Platforms/MacOSX.platform/Developer/SDKs/MacOSX26.1.sdk/usr/include/mach/host_security.h
/Applications/Xcode.app/Contents/Developer/Platforms/MacOSX.platform/Developer/SDKs/MacOSX26.1.sdk/usr/include/mach/processor.h
/Applications/Xcode.app/Contents/Developer/Platforms/MacOSX.platform/Developer/SDKs/MacOSX26.1.sdk/usr/include/mach/processor_set.h
/Applications/Xcode.app/Contents/Developer/Platforms/MacOSX.platform/Developer/SDKs/MacOSX26.1.sdk/usr/include/mach/semaphore.h
/Applications/Xcode.app/Contents/Developer/Platforms/MacOSX.platform/Developer/SDKs/MacOSX26.1.sdk/usr/include/mach/sync_policy.h
/Applications/Xcode.app/Contents/Developer/Platforms/MacOSX.platform/Developer/SDKs/MacOSX26.1.sdk/usr/include/mach/task.h
/Applications/Xcode.app/Contents/Developer/Platforms/MacOSX.platform/Developer/SDKs/MacOSX26.1.sdk/usr/include/mach/thread_act.h
/Applications/Xcode.app/Contents/Developer/Platforms/MacOSX.platform/Developer/SDKs/MacOSX26.1.sdk/usr/include/mach/vm_map.h
/Applications/Xcode.app/Contents/Developer/Platforms/MacOSX.platform/Developer/SDKs/MacOSX26.1.sdk/usr/include/mach/mach_port.h
/Applications/Xcode.app/Contents/Developer/Platforms/MacOSX.platform/Developer/SDKs/MacOSX26.1.sdk/usr/include/mach/mach_init.h
/Applications/Xcode.app/Contents/Developer/Platforms/MacOSX.platform/Developer/SDKs/MacOSX26.1.sdk/usr/include/mach/mach_traps.h
/Applications/Xcode.app/Contents/Developer/Platforms/MacOSX.platform/Developer/SDKs/MacOSX26.1.sdk/usr/include/mach/error.h
/Applications/Xcode.app/Contents/Developer/Platforms/MacOSX.platform/Developer/SDKs/MacOSX26.1.sdk/usr/include/mach/mach_host.h
/Applications/Xcode.app/Contents/Developer/Platforms/MacOSX.platform/Developer/SDKs/MacOSX26.1.sdk/usr/include/mach/thread_switch.h
/Applications/Xcode.app/Contents/Developer/Platforms/MacOSX.platform/Developer/SDKs/MacOSX26.1.sdk/usr/include/mach/rpc.h
/Applications/Xcode.app/Contents/Developer/Platforms/MacOSX.platform/Developer/SDKs/MacOSX26.1.sdk/usr/include/mach/machine/rpc.h
/Applications/Xcode.app/Contents/Developer/Platforms/MacOSX.platform/Developer/SDKs/MacOSX26.1.sdk/usr/include/mach/arm/rpc.h
/Applications/Xcode.app/Contents/Developer/Platforms/MacOSX.platform/Developer/SDKs/MacOSX26.1.sdk/usr/include/mach/mach_error.h
/Applications/Xcode.app/Contents/Developer/Platforms/MacOSX.platform/Developer/SDKs/MacOSX26.1.sdk/usr/include/mach/audit_triggers_types.h
/Applications/Xcode.app/Contents/Developer/Platforms/MacOSX.platform/Developer/SDKs/MacOSX26.1.sdk/usr/include/mach/bootstrap.h
/Applications/Xcode.app/Contents/Developer/Platforms/MacOSX.platform/Developer/SDKs/MacOSX26.1.sdk/usr/include/mach/clock.h
/Applications/Xcode.app/Contents/Developer/Platforms/MacOSX.platform/Developer/SDKs/MacOSX26.1.sdk/usr/include/mach/clock_reply.h
/Applications/Xcode.app/Contents/Developer/Platforms/MacOSX.platform/Developer/SDKs/MacOSX26.1.sdk/usr/include/mach/exc.h
/Applications/Xcode.app/Contents/Developer/Platforms/MacOSX.platform/Developer/SDKs/MacOSX26.1.sdk/usr/include/mach/exception.h
/Applications/Xcode.app/Contents/Developer/Platforms/MacOSX.platform/Developer/SDKs/MacOSX26.1.sdk/usr/include/mach/host_reboot.h
/Applications/Xcode.app/Contents/Developer/Platforms/MacOSX.platform/Developer/SDKs/MacOSX26.1.sdk/usr/include/arm64/hv/hv_kern_types.h
/Applications/Xcode.app/Contents/Developer/Platforms/MacOSX.platform/Developer/SDKs/MacOSX26.1.sdk/usr/include/mach/mach_param.h
/Applications/Xcode.app/Contents/Developer/Platforms/MacOSX.platform/Developer/SDKs/MacOSX26.1.sdk/usr/include/mach/mach_right.h
/Applications/Xcode.app/Contents/Developer/Platforms/MacOSX.platform/Developer/SDKs/MacOSX26.1.sdk/usr/include/mach/mach_syscalls.h
/Applications/Xcode.app/Contents/Developer/Platforms/MacOSX.platform/Developer/SDKs/MacOSX26.1.sdk/usr/include/mach/mach_time.h
/Applications/Xcode.app/Contents/Developer/Platforms/MacOSX.platform/Developer/SDKs/MacOSX26.1.sdk/usr/include/mach/mach_vm.h
/Applications/Xcode.app/Contents/Developer/Platforms/MacOSX.platform/Developer/SDKs/MacOSX26.1.sdk/usr/include/mach/mach_voucher.h
/Applications/Xcode.app/Contents/Developer/Platforms/MacOSX.platform/Developer/SDKs/MacOSX26.1.sdk/usr/include/mach/memory_entry.h
/Applications/Xcode.app/Contents/Developer/Platforms/MacOSX.platform/Developer/SDKs/MacOSX26.1.sdk/usr/include/mach/mig_strncpy_zerofill_support.h
/Applications/Xcode.app/Contents/Developer/Platforms/MacOSX.platform/Developer/SDKs/MacOSX26.1.sdk/usr/include/mach/mig_voucher_support.h
/Applications/Xcode.app/Contents/Developer/Platforms/MacOSX.platform/Developer/SDKs/MacOSX26.1.sdk/usr/include/mach/port_obj.h
/Applications/Xcode.app/Contents/Developer/Platforms/MacOSX.platform/Developer/SDKs/MacOSX26.1.sdk/usr/include/mach/sdt.h
/Applications/Xcode.app/Contents/Developer/Platforms/MacOSX.platform/Developer/SDKs/MacOSX26.1.sdk/usr/include/mach/machine/sdt.h
/Applications/Xcode.app/Contents/Developer/Platforms/MacOSX.platform/Developer/SDKs/MacOSX26.1.sdk/usr/include/sys/sdt.h
/Applications/Xcode.app/Contents/Developer/Platforms/MacOSX.platform/Developer/SDKs/MacOSX26.1.sdk/usr/include/mach/shared_region.h
/Applications/Xcode.app/Contents/Developer/Platforms/MacOSX.platform/Developer/SDKs/MacOSX26.1.sdk/usr/include/mach/sync.h
/Applications/Xcode.app/Contents/Developer/Platforms/MacOSX.platform/Developer/SDKs/MacOSX26.1.sdk/usr/include/mach/thread_state.h
/Applications/Xcode.app/Contents/Developer/Platforms/MacOSX.platform/Developer/SDKs/MacOSX26.1.sdk/usr/include/mach/vm_param.h
/Applications/Xcode.app/Contents/Developer/Platforms/MacOSX.platform/Developer/SDKs/MacOSX26.1.sdk/usr/include/mach/vm_task.h
/Applications/Xcode.app/Contents/Developer/Platforms/MacOSX.platform/Developer/SDKs/MacOSX26.1.sdk/usr/include/mach/machine/asm.h
/Applications/Xcode.app/Contents/Developer/Platforms/MacOSX.platform/Developer/SDKs/MacOSX26.1.sdk/usr/include/mach/arm64/asm.h
/Applications/Xcode.app/Contents/Developer/Platforms/MacOSX.platform/Developer/SDKs/MacOSX26.1.sdk/usr/include/mach/i386/asm.h
/Applications/Xcode.app/Contents/Developer/Platforms/MacOSX.platform/Developer/SDKs/MacOSX26.1.sdk/usr/include/mach/arm/asm.h
/Applications/Xcode.app/Contents/Developer/Platforms/MacOSX.platform/Developer/SDKs/MacOSX26.1.sdk/usr/include/mach/i386/boolean.h
/Applications/Xcode.app/Contents/Developer/Platforms/MacOSX.platform/Developer/SDKs/MacOSX26.1.sdk/usr/include/mach/i386/exception.h
/Applications/Xcode.app/Contents/Developer/Platforms/MacOSX.platform/Developer/SDKs/MacOSX26.1.sdk/usr/include/mach/i386/fp_reg.h
/Applications/Xcode.app/Contents/Developer/Platforms/MacOSX.platform/Developer/SDKs/MacOSX26.1.sdk/usr/include/mach/i386/kern_return.h
/Applications/Xcode.app/Contents/Developer/Platforms/MacOSX.platform/Developer/SDKs/MacOSX26.1.sdk/usr/include/mach/machine/ndr_def.h
/Applications/Xcode.app/Contents/Developer/Platforms/MacOSX.platform/Developer/SDKs/MacOSX26.1.sdk/usr/include/mach/arm/ndr_def.h
/Applications/Xcode.app/Contents/Developer/Platforms/MacOSX.platform/Developer/SDKs/MacOSX26.1.sdk/usr/include/mach/i386/processor_info.h
/Applications/Xcode.app/Contents/Developer/Platforms/MacOSX.platform/Developer/SDKs/MacOSX26.1.sdk/usr/include/mach/i386/rpc.h
/Applications/Xcode.app/Contents/Developer/Platforms/MacOSX.platform/Developer/SDKs/MacOSX26.1.sdk/usr/include/mach/machine/sdt_isa.h
/Applications/Xcode.app/Contents/Developer/Platforms/MacOSX.platform/Developer/SDKs/MacOSX26.1.sdk/usr/include/mach/arm/sdt_isa.h
/Applications/Xcode.app/Contents/Developer/Platforms/MacOSX.platform/Developer/SDKs/MacOSX26.1.sdk/usr/include/mach/i386/sdt_isa.h
/Applications/Xcode.app/Contents/Developer/Platforms/MacOSX.platform/Developer/SDKs/MacOSX26.1.sdk/usr/include/mach/i386/thread_state.h
/Applications/Xcode.app/Contents/Developer/Platforms/MacOSX.platform/Developer/SDKs/MacOSX26.1.sdk/usr/include/mach/i386/thread_status.h
/Applications/Xcode.app/Contents/Developer/Platforms/MacOSX.platform/Developer/SDKs/MacOSX26.1.sdk/usr/include/mach/arm/traps.h
/Applications/Xcode.app/Contents/Developer/Platforms/MacOSX.platform/Developer/SDKs/MacOSX26.1.sdk/usr/include/mach/i386/vm_param.h
/Applications/Xcode.app/Contents/Developer/Platforms/MacOSX.platform/Developer/SDKs/MacOSX26.1.sdk/usr/include/mach/i386/vm_types.h
/Applications/Xcode.app/Contents/Developer/Platforms/MacOSX.platform/Developer/SDKs/MacOSX26.1.sdk/usr/include/mach_debug/mach_debug.h
/Applications/Xcode.app/Contents/Developer/Platforms/MacOSX.platform/Developer/SDKs/MacOSX26.1.sdk/usr/include/device/device_types.h
/Applications/Xcode.app/Contents/Developer/Platforms/MacOSX.platform/Developer/SDKs/MacOSX26.1.sdk/usr/include/device/device_port.h
/Applications/Xcode.app/Contents/Developer/Platforms/MacOSX.platform/Developer/SDKs/MacOSX26.1.sdk/usr/include/libkern/OSAtomic.h
/Applications/Xcode.app/Contents/Developer/Platforms/MacOSX.platform/Developer/SDKs/MacOSX26.1.sdk/usr/include/libkern/OSAtomicDeprecated.h
/Applications/Xcode.app/Contents/Developer/Platforms/MacOSX.platform/Developer/SDKs/MacOSX26.1.sdk/usr/include/libkern/OSSpinLockDeprecated.h
/Applications/Xcode.app/Contents/Developer/Platforms/MacOSX.platform/Developer/SDKs/MacOSX26.1.sdk/usr/include/libkern/OSAtomicQueue.h
/Applications/Xcode.app/Contents/Developer/Platforms/MacOSX.platform/Developer/SDKs/MacOSX26.1.sdk/usr/include/libkern/machine/OSByteOrder.h
/Applications/Xcode.app/Contents/Developer/Platforms/MacOSX.platform/Developer/SDKs/MacOSX26.1.sdk/usr/include/libkern/i386/OSByteOrder.h
/Applications/Xcode.app/Contents/Developer/Platforms/MacOSX.platform/Developer/SDKs/MacOSX26.1.sdk/usr/include/libproc.h
/Applications/Xcode.app/Contents/Developer/Platforms/MacOSX.platform/Developer/SDKs/MacOSX26.1.sdk/usr/include/sys/mount.h
/Applications/Xcode.app/Contents/Developer/Platforms/MacOSX.platform/Developer/SDKs/MacOSX26.1.sdk/usr/include/sys/attr.h
/Applications/Xcode.app/Contents/Developer/Platforms/MacOSX.platform/Developer/SDKs/MacOSX26.1.sdk/usr/include/sys/proc_info.h
/Applications/Xcode.app/Contents/Developer/Platforms/MacOSX.platform/Developer/SDKs/MacOSX26.1.sdk/usr/include/sys/kern_control.h
/Applications/Xcode.app/Contents/Developer/Platforms/MacOSX.platform/Developer/SDKs/MacOSX26.1.sdk/usr/include/os/clock.h
/Applications/Xcode.app/Contents/Developer/Platforms/MacOSX.platform/Developer/SDKs/MacOSX26.1.sdk/usr/include/os/lock.h
/Applications/Xcode.app/Contents/Developer/Platforms/MacOSX.platform/Developer/SDKs/MacOSX26.1.sdk/usr/include/os/proc.h
/Applications/Xcode.app/Contents/Developer/Platforms/MacOSX.platform/Developer/SDKs/MacOSX26.1.sdk/usr/include/malloc/malloc.h
/Applications/Xcode.app/Contents/Developer/Platforms/MacOSX.platform/Developer/SDKs/MacOSX26.1.sdk/usr/include/malloc/_platform.h
/Applications/Xcode.app/Contents/Developer/Platforms/MacOSX.platform/Developer/SDKs/MacOSX26.1.sdk/usr/include/sys/malloc.h
/Applications/Xcode.app/Contents/Developer/Platforms/MacOSX.platform/Developer/SDKs/MacOSX26.1.sdk/usr/include/i386/_param.h
/Applications/Xcode.app/Contents/Developer/Platforms/MacOSX.platform/Developer/SDKs/MacOSX26.1.sdk/usr/include/machine/byte_order.h
/Applications/Xcode.app/Contents/Developer/Platforms/MacOSX.platform/Developer/SDKs/MacOSX26.1.sdk/usr/include/architecture/byte_order.h
/Applications/Xcode.app/Contents/Developer/Platforms/MacOSX.platform/Developer/SDKs/MacOSX26.1.sdk/usr/include/i386/eflags.h
/Applications/Xcode.app/Contents/Developer/Platforms/MacOSX.platform/Developer/SDKs/MacOSX26.1.sdk/usr/include/machine/fasttrap_isa.h
/Applications/Xcode.app/Contents/Developer/Platforms/MacOSX.platform/Developer/SDKs/MacOSX26.1.sdk/usr/include/arm/fasttrap_isa.h
/Applications/Xcode.app/Contents/Developer/Platforms/MacOSX.platform/Developer/SDKs/MacOSX26.1.sdk/usr/include/i386/fasttrap_isa.h
/Applications/Xcode.app/Contents/Developer/Platforms/MacOSX.platform/Developer/SDKs/MacOSX26.1.sdk/usr/include/i386/param.h
/Applications/Xcode.app/Contents/Developer/Platforms/MacOSX.platform/Developer/SDKs/MacOSX26.1.sdk/usr/include/machine/profile.h
/Applications/Xcode.app/Contents/Developer/Platforms/MacOSX.platform/Developer/SDKs/MacOSX26.1.sdk/usr/include/arm/profile.h
/Applications/Xcode.app/Contents/Developer/Platforms/MacOSX.platform/Developer/SDKs/MacOSX26.1.sdk/usr/include/i386/profile.h
/Applications/Xcode.app/Contents/Developer/Platforms/MacOSX.platform/Developer/SDKs/MacOSX26.1.sdk/usr/include/i386/user_ldt.h
/Applications/Xcode.app/Contents/Developer/Platforms/MacOSX.platform/Developer/SDKs/MacOSX26.1.sdk/usr/include/machine/vmparam.h
/Applications/Xcode.app/Contents/Developer/Platforms/MacOSX.platform/Developer/SDKs/MacOSX26.1.sdk/usr/include/arm/vmparam.h
/Applications/Xcode.app/Contents/Developer/Platforms/MacOSX.platform/Developer/SDKs/MacOSX26.1.sdk/usr/include/i386/vmparam.h
/Applications/Xcode.app/Contents/Developer/Platforms/MacOSX.platform/Developer/SDKs/MacOSX26.1.sdk/usr/include/aliasdb.h
/Applications/Xcode.app/Contents/Developer/Platforms/MacOSX.platform/Developer/SDKs/MacOSX26.1.sdk/usr/include/bootparams.h
/Applications/Xcode.app/Contents/Developer/Platforms/MacOSX.platform/Developer/SDKs/MacOSX26.1.sdk/usr/include/Block.h
/Applications/Xcode.app/Contents/Developer/Platforms/MacOSX.platform/Developer/SDKs/MacOSX26.1.sdk/usr/include/bsm/audit_domain.h
/Applications/Xcode.app/Contents/Developer/Platforms/MacOSX.platform/Developer/SDKs/MacOSX26.1.sdk/usr/include/bsm/audit_errno.h
/Applications/Xcode.app/Contents/Developer/Platforms/MacOSX.platform/Developer/SDKs/MacOSX26.1.sdk/usr/include/bsm/audit_fcntl.h
/Applications/Xcode.app/Contents/Developer/Platforms/MacOSX.platform/Developer/SDKs/MacOSX26.1.sdk/usr/include/bsm/audit_filter.h
/Applications/Xcode.app/Contents/Developer/Platforms/MacOSX.platform/Developer/SDKs/MacOSX26.1.sdk/usr/include/bsm/libbsm.h
/Applications/Xcode.app/Contents/Developer/Platforms/MacOSX.platform/Developer/SDKs/MacOSX26.1.sdk/usr/include/bsm/audit_record.h
/Applications/Xcode.app/Contents/Developer/Platforms/MacOSX.platform/Developer/SDKs/MacOSX26.1.sdk/usr/include/bsm/audit_internal.h
/Applications/Xcode.app/Contents/Developer/Platforms/MacOSX.platform/Developer/SDKs/MacOSX26.1.sdk/usr/include/bsm/audit_kevents.h
/Applications/Xcode.app/Contents/Developer/Platforms/MacOSX.platform/Developer/SDKs/MacOSX26.1.sdk/usr/include/bsm/audit_session.h
/Applications/Xcode.app/Contents/Developer/Platforms/MacOSX.platform/Developer/SDKs/MacOSX26.1.sdk/usr/include/bsm/audit_socket_type.h
/Applications/Xcode.app/Contents/Developer/Platforms/MacOSX.platform/Developer/SDKs/MacOSX26.1.sdk/usr/include/bsm/audit_uevents.h
/Applications/Xcode.app/Contents/Developer/Platforms/MacOSX.platform/Developer/SDKs/MacOSX26.1.sdk/usr/include/execinfo.h
/Applications/Xcode.app/Contents/Developer/Platforms/MacOSX.platform/Developer/SDKs/MacOSX26.1.sdk/usr/include/fstab.h
/Applications/Xcode.app/Contents/Developer/Platforms/MacOSX.platform/Developer/SDKs/MacOSX26.1.sdk/usr/include/hfs/hfs_format.h
/Applications/Xcode.app/Contents/Developer/Platforms/MacOSX.platform/Developer/SDKs/MacOSX26.1.sdk/usr/include/hfs/hfs_unistr.h
/Applications/Xcode.app/Contents/Developer/Platforms/MacOSX.platform/Developer/SDKs/MacOSX26.1.sdk/usr/include/hfs/hfs_mount.h
/Applications/Xcode.app/Contents/Developer/Platforms/MacOSX.platform/Developer/SDKs/MacOSX26.1.sdk/usr/include/membership.h
/Applications/Xcode.app/Contents/Developer/Platforms/MacOSX.platform/Developer/SDKs/MacOSX26.1.sdk/usr/include/ntsid.h
/Applications/Xcode.app/Contents/Developer/Platforms/MacOSX.platform/Developer/SDKs/MacOSX26.1.sdk/usr/include/curses.h
/Applications/Xcode.app/Contents/Developer/Platforms/MacOSX.platform/Developer/SDKs/MacOSX26.1.sdk/usr/include/ncurses_dll.h
/Applications/Xcode.app/Contents/Developer/Platforms/MacOSX.platform/Developer/SDKs/MacOSX26.1.sdk/usr/include/unctrl.h
/Applications/Xcode.app/Contents/Developer/Platforms/MacOSX.platform/Developer/SDKs/MacOSX26.1.sdk/usr/include/eti.h
/Applications/Xcode.app/Contents/Developer/Platforms/MacOSX.platform/Developer/SDKs/MacOSX26.1.sdk/usr/include/nc_tparm.h
/Applications/Xcode.app/Contents/Developer/Platforms/MacOSX.platform/Developer/SDKs/MacOSX26.1.sdk/usr/include/form.h
/Applications/Xcode.app/Contents/Developer/Platforms/MacOSX.platform/Developer/SDKs/MacOSX26.1.sdk/usr/include/menu.h
/Applications/Xcode.app/Contents/Developer/Platforms/MacOSX.platform/Developer/SDKs/MacOSX26.1.sdk/usr/include/panel.h
/Applications/Xcode.app/Contents/Developer/Platforms/MacOSX.platform/Developer/SDKs/MacOSX26.1.sdk/usr/include/netinet6/ah.h
/Applications/Xcode.app/Contents/Developer/Platforms/MacOSX.platform/Developer/SDKs/MacOSX26.1.sdk/usr/include/netinet6/esp.h
/Applications/Xcode.app/Contents/Developer/Platforms/MacOSX.platform/Developer/SDKs/MacOSX26.1.sdk/usr/include/netinet6/ipcomp.h
/Applications/Xcode.app/Contents/Developer/Platforms/MacOSX.platform/Developer/SDKs/MacOSX26.1.sdk/usr/include/netinet6/ipsec.h
/Applications/Xcode.app/Contents/Developer/Platforms/MacOSX.platform/Developer/SDKs/MacOSX26.1.sdk/usr/include/netinet6/raw_ip6.h
/Applications/Xcode.app/Contents/Developer/Platforms/MacOSX.platform/Developer/SDKs/MacOSX26.1.sdk/usr/include/printerdb.h
/Applications/Xcode.app/Contents/Developer/Platforms/MacOSX.platform/Developer/SDKs/MacOSX26.1.sdk/usr/include/sys/_structs.h
/Applications/Xcode.app/Contents/Developer/Platforms/MacOSX.platform/Developer/SDKs/MacOSX26.1.sdk/usr/include/sys/acct.h
/Applications/Xcode.app/Contents/Developer/Platforms/MacOSX.platform/Developer/SDKs/MacOSX26.1.sdk/usr/include/sys/acl.h
/Applications/Xcode.app/Contents/Developer/Platforms/MacOSX.platform/Developer/SDKs/MacOSX26.1.sdk/usr/include/sys/kauth.h
/Applications/Xcode.app/Contents/Developer/Platforms/MacOSX.platform/Developer/SDKs/MacOSX26.1.sdk/usr/include/sys/buf.h
/Applications/Xcode.app/Contents/Developer/Platforms/MacOSX.platform/Developer/SDKs/MacOSX26.1.sdk/usr/include/sys/kernel_types.h
/Applications/Xcode.app/Contents/Developer/Platforms/MacOSX.platform/Developer/SDKs/MacOSX26.1.sdk/usr/include/sys/clonefile.h
/Applications/Xcode.app/Contents/Developer/Platforms/MacOSX.platform/Developer/SDKs/MacOSX26.1.sdk/usr/include/sys/commpage.h
/Applications/Xcode.app/Contents/Developer/Platforms/MacOSX.platform/Developer/SDKs/MacOSX26.1.sdk/usr/include/sys/conf.h
/Applications/Xcode.app/Contents/Developer/Platforms/MacOSX.platform/Developer/SDKs/MacOSX26.1.sdk/usr/include/sys/disk.h
/Applications/Xcode.app/Contents/Developer/Platforms/MacOSX.platform/Developer/SDKs/MacOSX26.1.sdk/usr/include/sys/dkstat.h
/Applications/Xcode.app/Contents/Developer/Platforms/MacOSX.platform/Developer/SDKs/MacOSX26.1.sdk/usr/include/sys/domain.h
/Applications/Xcode.app/Contents/Developer/Platforms/MacOSX.platform/Developer/SDKs/MacOSX26.1.sdk/usr/include/sys/ev.h
/Applications/Xcode.app/Contents/Developer/Platforms/MacOSX.platform/Developer/SDKs/MacOSX26.1.sdk/usr/include/sys/file.h
/Applications/Xcode.app/Contents/Developer/Platforms/MacOSX.platform/Developer/SDKs/MacOSX26.1.sdk/usr/include/sys/filedesc.h
/Applications/Xcode.app/Contents/Developer/Platforms/MacOSX.platform/Developer/SDKs/MacOSX26.1.sdk/usr/include/sys/fileport.h
/Applications/Xcode.app/Contents/Developer/Platforms/MacOSX.platform/Developer/SDKs/MacOSX26.1.sdk/usr/include/sys/fsgetpath.h
/Applications/Xcode.app/Contents/Developer/Platforms/MacOSX.platform/Developer/SDKs/MacOSX26.1.sdk/usr/include/sys/gmon.h
/Applications/Xcode.app/Contents/Developer/Platforms/MacOSX.platform/Developer/SDKs/MacOSX26.1.sdk/usr/include/sys/ioctl_compat.h
/Applications/Xcode.app/Contents/Developer/Platforms/MacOSX.platform/Developer/SDKs/MacOSX26.1.sdk/usr/include/sys/ttychars.h
/Applications/Xcode.app/Contents/Developer/Platforms/MacOSX.platform/Developer/SDKs/MacOSX26.1.sdk/usr/include/sys/ttydev.h
/Applications/Xcode.app/Contents/Developer/Platforms/MacOSX.platform/Developer/SDKs/MacOSX26.1.sdk/usr/include/sys/kdebug.h
/Applications/Xcode.app/Contents/Developer/Platforms/MacOSX.platform/Developer/SDKs/MacOSX26.1.sdk/usr/include/sys/kdebug_signpost.h
/Applications/Xcode.app/Contents/Developer/Platforms/MacOSX.platform/Developer/SDKs/MacOSX26.1.sdk/usr/include/sys/lctx.h
/Applications/Xcode.app/Contents/Developer/Platforms/MacOSX.platform/Developer/SDKs/MacOSX26.1.sdk/usr/include/sys/mbuf.h
/Applications/Xcode.app/Contents/Developer/Platforms/MacOSX.platform/Developer/SDKs/MacOSX26.1.sdk/usr/include/sys/msgbuf.h
/Applications/Xcode.app/Contents/Developer/Platforms/MacOSX.platform/Developer/SDKs/MacOSX26.1.sdk/usr/include/sys/netport.h
/Applications/Xcode.app/Contents/Developer/Platforms/MacOSX.platform/Developer/SDKs/MacOSX26.1.sdk/usr/include/sys/paths.h
/Applications/Xcode.app/Contents/Developer/Platforms/MacOSX.platform/Developer/SDKs/MacOSX26.1.sdk/usr/include/sys/pipe.h
/Applications/Xcode.app/Contents/Developer/Platforms/MacOSX.platform/Developer/SDKs/MacOSX26.1.sdk/usr/include/sys/quota.h
/Applications/Xcode.app/Contents/Developer/Platforms/MacOSX.platform/Developer/SDKs/MacOSX26.1.sdk/usr/include/sys/rbtree.h
/Applications/Xcode.app/Contents/Developer/Platforms/MacOSX.platform/Developer/SDKs/MacOSX26.1.sdk/usr/include/sys/reboot.h
/Applications/Xcode.app/Contents/Developer/Platforms/MacOSX.platform/Developer/SDKs/MacOSX26.1.sdk/usr/include/sys/resourcevar.h
/Applications/Xcode.app/Contents/Developer/Platforms/MacOSX.platform/Developer/SDKs/MacOSX26.1.sdk/usr/include/sys/sbuf.h
/Applications/Xcode.app/Contents/Developer/Platforms/MacOSX.platform/Developer/SDKs/MacOSX26.1.sdk/usr/include/sys/signalvar.h
/Applications/Xcode.app/Contents/Developer/Platforms/MacOSX.platform/Developer/SDKs/MacOSX26.1.sdk/usr/include/sys/syscall.h
/Applications/Xcode.app/Contents/Developer/Platforms/MacOSX.platform/Developer/SDKs/MacOSX26.1.sdk/usr/include/sys/timeb.h
/Applications/Xcode.app/Contents/Developer/Platforms/MacOSX.platform/Developer/SDKs/MacOSX26.1.sdk/usr/include/sys/trace.h
/Applications/Xcode.app/Contents/Developer/Platforms/MacOSX.platform/Developer/SDKs/MacOSX26.1.sdk/usr/include/sys/tty.h
/Applications/Xcode.app/Contents/Developer/Platforms/MacOSX.platform/Developer/SDKs/MacOSX26.1.sdk/usr/include/sys/ucontext.h
/Applications/Xcode.app/Contents/Developer/Platforms/MacOSX.platform/Developer/SDKs/MacOSX26.1.sdk/usr/include/sys/unpcb.h
/Applications/Xcode.app/Contents/Developer/Platforms/MacOSX.platform/Developer/SDKs/MacOSX26.1.sdk/usr/include/sys/user.h
/Applications/Xcode.app/Contents/Developer/Platforms/MacOSX.platform/Developer/SDKs/MacOSX26.1.sdk/usr/include/sys/utfconv.h
/Applications/Xcode.app/Contents/Developer/Platforms/MacOSX.platform/Developer/SDKs/MacOSX26.1.sdk/usr/include/sys/vcmd.h
/Applications/Xcode.app/Contents/Developer/Platforms/MacOSX.platform/Developer/SDKs/MacOSX26.1.sdk/usr/include/sys/vnode.h
/Applications/Xcode.app/Contents/Developer/Platforms/MacOSX.platform/Developer/SDKs/MacOSX26.1.sdk/usr/include/_modules/_darwin_sys_signal.h
/Applications/Xcode.app/Contents/Developer/Platforms/MacOSX.platform/Developer/SDKs/MacOSX26.1.sdk/usr/include/sysdir.h
/Applications/Xcode.app/Contents/Developer/Platforms/MacOSX.platform/Developer/SDKs/MacOSX26.1.sdk/usr/include/libc.h
/Applications/Xcode.app/Contents/Developer/Platforms/MacOSX.platform/Developer/SDKs/MacOSX26.1.sdk/usr/include/paths.h
/Applications/Xcode.app/Contents/Developer/Platforms/MacOSX.platform/Developer/SDKs/MacOSX26.1.sdk/usr/include/sysexits.h
/Applications/Xcode.app/Contents/Developer/Platforms/MacOSX.platform/Developer/SDKs/MacOSX26.1.sdk/SDKSettings.json
/Applications/Xcode.app/Contents/Developer/Toolchains/XcodeDefault.xctoolchain/usr/lib/swift/macosx/prebuilt-modules/26.1/Darwin.swiftmodule/arm64e-apple-macos.swiftmodule
/Applications/Xcode.app/Contents/Developer/Platforms/MacOSX.platform/Developer/SDKs/MacOSX26.1.sdk/System/Library/Frameworks/DiskArbitration.framework/Modules/module.modulemap
/Applications/Xcode.app/Contents/Developer/Platforms/MacOSX.platform/Developer/SDKs/MacOSX26.1.sdk/System/Library/Frameworks/DiskArbitration.framework/Headers/DiskArbitration.h
/Applications/Xcode.app/Contents/Developer/Platforms/MacOSX.platform/Developer/SDKs/MacOSX26.1.sdk/System/Library/Frameworks/CoreFoundation.framework/Modules/module.modulemap
/Applications/Xcode.app/Contents/Developer/Platforms/MacOSX.platform/Developer/SDKs/MacOSX26.1.sdk/usr/include/Darwin.modulemap
/Applications/Xcode.app/Contents/Developer/Platforms/MacOSX.platform/Developer/SDKs/MacOSX26.1.sdk/usr/include/DarwinFoundation1.modulemap
/Applications/Xcode.app/Contents/Developer/Platforms/MacOSX.platform/Developer/SDKs/MacOSX26.1.sdk/System/Library/Frameworks/DiskArbitration.framework/Headers/DADisk.h
/Applications/Xcode.app/Contents/Developer/Platforms/MacOSX.platform/Developer/SDKs/MacOSX26.1.sdk/System/Library/Frameworks/IOKit.framework/Modules/module.modulemap
/Applications/Xcode.app/Contents/Developer/Platforms/MacOSX.platform/Developer/SDKs/MacOSX26.1.sdk/System/Library/Frameworks/DiskArbitration.framework/Headers/DASession.h
/Applications/Xcode.app/Contents/Developer/Platforms/MacOSX.platform/Developer/SDKs/MacOSX26.1.sdk/System/Library/Frameworks/DiskArbitration.framework/Headers/DADissenter.h
/Applications/Xcode.app/Contents/Developer/Platforms/MacOSX.platform/Developer/SDKs/MacOSX26.1.sdk/SDKSettings.json
/Applications/Xcode.app/Contents/Developer/Toolchains/XcodeDefault.xctoolchain/usr/lib/swift/macosx/prebuilt-modules/26.1/Dispatch.swiftmodule/arm64e-apple-macos.swiftmodule
/Applications/Xcode.app/Contents/Developer/Platforms/MacOSX.platform/Developer/SDKs/MacOSX26.1.sdk/usr/include/Dispatch.apinotes
/Applications/Xcode.app/Contents/Developer/Platforms/MacOSX.platform/Developer/SDKs/MacOSX26.1.sdk/usr/include/dispatch.modulemap
/Applications/Xcode.app/Contents/Developer/Platforms/MacOSX.platform/Developer/SDKs/MacOSX26.1.sdk/usr/include/os.modulemap
/Applications/Xcode.app/Contents/Developer/Platforms/MacOSX.platform/Developer/SDKs/MacOSX26.1.sdk/usr/include/Darwin.modulemap
/Applications/Xcode.app/Contents/Developer/Platforms/MacOSX.platform/Developer/SDKs/MacOSX26.1.sdk/usr/include/Darwin_C.modulemap
/Applications/Xcode.app/Contents/Developer/Platforms/MacOSX.platform/Developer/SDKs/MacOSX26.1.sdk/usr/include/Darwin_POSIX.modulemap
/Applications/Xcode.app/Contents/Developer/Platforms/MacOSX.platform/Developer/SDKs/MacOSX26.1.sdk/usr/include/net.modulemap
/Applications/Xcode.app/Contents/Developer/Platforms/MacOSX.platform/Developer/SDKs/MacOSX26.1.sdk/usr/include/netinet.modulemap
/Applications/Xcode.app/Contents/Developer/Platforms/MacOSX.platform/Developer/SDKs/MacOSX26.1.sdk/usr/include/bank.modulemap
/Applications/Xcode.app/Contents/Developer/Platforms/MacOSX.platform/Developer/SDKs/MacOSX26.1.sdk/usr/include/Darwin_Mach.modulemap
/Applications/Xcode.app/Contents/Developer/Platforms/MacOSX.platform/Developer/SDKs/MacOSX26.1.sdk/usr/include/Darwin_Mach_machine.modulemap
/Applications/Xcode.app/Contents/Developer/Platforms/MacOSX.platform/Developer/SDKs/MacOSX26.1.sdk/usr/include/mach_debug.modulemap
/Applications/Xcode.app/Contents/Developer/Platforms/MacOSX.platform/Developer/SDKs/MacOSX26.1.sdk/usr/include/device.modulemap
/Applications/Xcode.app/Contents/Developer/Platforms/MacOSX.platform/Developer/SDKs/MacOSX26.1.sdk/usr/include/Darwin_machine.modulemap
/Applications/Xcode.app/Contents/Developer/Platforms/MacOSX.platform/Developer/SDKs/MacOSX26.1.sdk/usr/include/ncurses.modulemap
/Applications/Xcode.app/Contents/Developer/Platforms/MacOSX.platform/Developer/SDKs/MacOSX26.1.sdk/usr/include/netinet6.modulemap
/Applications/Xcode.app/Contents/Developer/Platforms/MacOSX.platform/Developer/SDKs/MacOSX26.1.sdk/usr/include/Darwin_sys.modulemap
/Applications/Xcode.app/Contents/Developer/Platforms/MacOSX.platform/Developer/SDKs/MacOSX26.1.sdk/usr/include/uuid.modulemap
/Applications/Xcode.app/Contents/Developer/Platforms/MacOSX.platform/Developer/SDKs/MacOSX26.1.sdk/usr/include/DarwinFoundation2.modulemap
/Applications/Xcode.app/Contents/Developer/Platforms/MacOSX.platform/Developer/SDKs/MacOSX26.1.sdk/usr/include/DarwinFoundation3.modulemap
/Applications/Xcode.app/Contents/Developer/Platforms/MacOSX.platform/Developer/SDKs/MacOSX26.1.sdk/usr/include/DarwinFoundation1.modulemap
/Applications/Xcode.app/Contents/Developer/Platforms/MacOSX.platform/Developer/SDKs/MacOSX26.1.sdk/usr/include/dispatch/dispatch.h
/Applications/Xcode.app/Contents/Developer/Toolchains/XcodeDefault.xctoolchain/usr/lib/swift/clang/include/module.modulemap
/Applications/Xcode.app/Contents/Developer/Toolchains/XcodeDefault.xctoolchain/usr/lib/swift/clang/include/stddef.h
/Applications/Xcode.app/Contents/Developer/Toolchains/XcodeDefault.xctoolchain/usr/lib/swift/clang/include/stdarg.h
/Applications/Xcode.app/Contents/Developer/Platforms/MacOSX.platform/Developer/SDKs/MacOSX26.1.sdk/usr/include/string.h
/Applications/Xcode.app/Contents/Developer/Platforms/MacOSX.platform/Developer/SDKs/MacOSX26.1.sdk/usr/include/dispatch/base.h
/Applications/Xcode.app/Contents/Developer/Platforms/MacOSX.platform/Developer/SDKs/MacOSX26.1.sdk/usr/include/dispatch/time.h
/Applications/Xcode.app/Contents/Developer/Platforms/MacOSX.platform/Developer/SDKs/MacOSX26.1.sdk/usr/include/dispatch/object.h
/Applications/Xcode.app/Contents/Developer/Platforms/MacOSX.platform/Developer/SDKs/MacOSX26.1.sdk/usr/include/dispatch/queue.h
/Applications/Xcode.app/Contents/Developer/Platforms/MacOSX.platform/Developer/SDKs/MacOSX26.1.sdk/usr/include/dispatch/block.h
/Applications/Xcode.app/Contents/Developer/Platforms/MacOSX.platform/Developer/SDKs/MacOSX26.1.sdk/usr/include/dispatch/source.h
/Applications/Xcode.app/Contents/Developer/Platforms/MacOSX.platform/Developer/SDKs/MacOSX26.1.sdk/usr/include/dispatch/group.h
/Applications/Xcode.app/Contents/Developer/Platforms/MacOSX.platform/Developer/SDKs/MacOSX26.1.sdk/usr/include/dispatch/semaphore.h
/Applications/Xcode.app/Contents/Developer/Platforms/MacOSX.platform/Developer/SDKs/MacOSX26.1.sdk/usr/include/dispatch/once.h
/Applications/Xcode.app/Contents/Developer/Platforms/MacOSX.platform/Developer/SDKs/MacOSX26.1.sdk/usr/include/dispatch/data.h
/Applications/Xcode.app/Contents/Developer/Platforms/MacOSX.platform/Developer/SDKs/MacOSX26.1.sdk/usr/include/dispatch/io.h
/Applications/Xcode.app/Contents/Developer/Platforms/MacOSX.platform/Developer/SDKs/MacOSX26.1.sdk/usr/include/dispatch/workloop.h
/Applications/Xcode.app/Contents/Developer/Platforms/MacOSX.platform/Developer/SDKs/MacOSX26.1.sdk/usr/include/dispatch/dispatch_swift_shims.h
/Applications/Xcode.app/Contents/Developer/Platforms/MacOSX.platform/Developer/SDKs/MacOSX26.1.sdk/SDKSettings.json
/Applications/Xcode.app/Contents/Developer/Toolchains/XcodeDefault.xctoolchain/usr/lib/swift/macosx/prebuilt-modules/26.1/Foundation.swiftmodule/arm64e-apple-macos.swiftmodule
/Applications/Xcode.app/Contents/Developer/Platforms/MacOSX.platform/Developer/SDKs/MacOSX26.1.sdk/System/Library/Frameworks/Foundation.framework/Headers/Foundation.apinotes
/Applications/Xcode.app/Contents/Developer/Platforms/MacOSX.platform/Developer/SDKs/MacOSX26.1.sdk/System/Library/Frameworks/Foundation.framework/Modules/module.modulemap
/Applications/Xcode.app/Contents/Developer/Platforms/MacOSX.platform/Developer/SDKs/MacOSX26.1.sdk/System/Library/Frameworks/Foundation.framework/Headers/Foundation.h
/Applications/Xcode.app/Contents/Developer/Platforms/MacOSX.platform/Developer/SDKs/MacOSX26.1.sdk/System/Library/Frameworks/CoreFoundation.framework/Modules/module.modulemap
/Applications/Xcode.app/Contents/Developer/Platforms/MacOSX.platform/Developer/SDKs/MacOSX26.1.sdk/System/Library/Frameworks/Foundation.framework/Headers/NSObjCRuntime.h
/Applications/Xcode.app/Contents/Developer/Platforms/MacOSX.platform/Developer/SDKs/MacOSX26.1.sdk/usr/include/xpc.modulemap
/Applications/Xcode.app/Contents/Developer/Platforms/MacOSX.platform/Developer/SDKs/MacOSX26.1.sdk/usr/include/dispatch.modulemap
/Applications/Xcode.app/Contents/Developer/Platforms/MacOSX.platform/Developer/SDKs/MacOSX26.1.sdk/usr/include/ObjectiveC.modulemap
/Applications/Xcode.app/Contents/Developer/Platforms/MacOSX.platform/Developer/SDKs/MacOSX26.1.sdk/usr/include/Darwin.modulemap
/Applications/Xcode.app/Contents/Developer/Platforms/MacOSX.platform/Developer/SDKs/MacOSX26.1.sdk/usr/include/DarwinFoundation1.modulemap
/Applications/Xcode.app/Contents/Developer/Toolchains/XcodeDefault.xctoolchain/usr/lib/swift/clang/include/module.modulemap
/Applications/Xcode.app/Contents/Developer/Toolchains/XcodeDefault.xctoolchain/usr/lib/swift/clang/include/stdarg.h
/Applications/Xcode.app/Contents/Developer/Platforms/MacOSX.platform/Developer/SDKs/MacOSX26.1.sdk/System/Library/Frameworks/Foundation.framework/Headers/NSArray.h
/Applications/Xcode.app/Contents/Developer/Platforms/MacOSX.platform/Developer/SDKs/MacOSX26.1.sdk/System/Library/Frameworks/Foundation.framework/Headers/NSObject.h
/Applications/Xcode.app/Contents/Developer/Platforms/MacOSX.platform/Developer/SDKs/MacOSX26.1.sdk/System/Library/Frameworks/Foundation.framework/Headers/NSZone.h
/Applications/Xcode.app/Contents/Developer/Toolchains/XcodeDefault.xctoolchain/usr/lib/swift/clang/include/stddef.h
/Applications/Xcode.app/Contents/Developer/Platforms/MacOSX.platform/Developer/SDKs/MacOSX26.1.sdk/System/Library/Frameworks/Foundation.framework/Headers/NSEnumerator.h
/Applications/Xcode.app/Contents/Developer/Platforms/MacOSX.platform/Developer/SDKs/MacOSX26.1.sdk/System/Library/Frameworks/Foundation.framework/Headers/NSRange.h
/Applications/Xcode.app/Contents/Developer/Platforms/MacOSX.platform/Developer/SDKs/MacOSX26.1.sdk/System/Library/Frameworks/Foundation.framework/Headers/NSValue.h
/Applications/Xcode.app/Contents/Developer/Platforms/MacOSX.platform/Developer/SDKs/MacOSX26.1.sdk/System/Library/Frameworks/Foundation.framework/Headers/NSOrderedCollectionDifference.h
/Applications/Xcode.app/Contents/Developer/Platforms/MacOSX.platform/Developer/SDKs/MacOSX26.1.sdk/System/Library/Frameworks/Foundation.framework/Headers/NSOrderedCollectionChange.h
/Applications/Xcode.app/Contents/Developer/Platforms/MacOSX.platform/Developer/SDKs/MacOSX26.1.sdk/System/Library/Frameworks/Foundation.framework/Headers/NSIndexSet.h
/Applications/Xcode.app/Contents/Developer/Platforms/MacOSX.platform/Developer/SDKs/MacOSX26.1.sdk/System/Library/Frameworks/Foundation.framework/Headers/NSAutoreleasePool.h
/Applications/Xcode.app/Contents/Developer/Platforms/MacOSX.platform/Developer/SDKs/MacOSX26.1.sdk/System/Library/Frameworks/Foundation.framework/Headers/NSBundle.h
/Applications/Xcode.app/Contents/Developer/Platforms/MacOSX.platform/Developer/SDKs/MacOSX26.1.sdk/System/Library/Frameworks/Foundation.framework/Headers/NSString.h
/Applications/Xcode.app/Contents/Developer/Platforms/MacOSX.platform/Developer/SDKs/MacOSX26.1.sdk/System/Library/Frameworks/Foundation.framework/Headers/NSItemProvider.h
/Applications/Xcode.app/Contents/Developer/Platforms/MacOSX.platform/Developer/SDKs/MacOSX26.1.sdk/System/Library/Frameworks/Foundation.framework/Headers/NSDictionary.h
/Applications/Xcode.app/Contents/Developer/Platforms/MacOSX.platform/Developer/SDKs/MacOSX26.1.sdk/System/Library/Frameworks/Foundation.framework/Headers/NSSet.h
/Applications/Xcode.app/Contents/Developer/Platforms/MacOSX.platform/Developer/SDKs/MacOSX26.1.sdk/System/Library/Frameworks/Foundation.framework/Headers/NSProgress.h
/Applications/Xcode.app/Contents/Developer/Platforms/MacOSX.platform/Developer/SDKs/MacOSX26.1.sdk/System/Library/Frameworks/Foundation.framework/Headers/NSNotification.h
/Applications/Xcode.app/Contents/Developer/Platforms/MacOSX.platform/Developer/SDKs/MacOSX26.1.sdk/System/Library/Frameworks/Foundation.framework/Headers/NSByteOrder.h
/Applications/Xcode.app/Contents/Developer/Platforms/MacOSX.platform/Developer/SDKs/MacOSX26.1.sdk/System/Library/Frameworks/Foundation.framework/Headers/NSCalendar.h
/Applications/Xcode.app/Contents/Developer/Platforms/MacOSX.platform/Developer/SDKs/MacOSX26.1.sdk/System/Library/Frameworks/Foundation.framework/Headers/NSDate.h
/Applications/Xcode.app/Contents/Developer/Platforms/MacOSX.platform/Developer/SDKs/MacOSX26.1.sdk/System/Library/Frameworks/Foundation.framework/Headers/NSCharacterSet.h
/Applications/Xcode.app/Contents/Developer/Platforms/MacOSX.platform/Developer/SDKs/MacOSX26.1.sdk/System/Library/Frameworks/Foundation.framework/Headers/NSCoder.h
/Applications/Xcode.app/Contents/Developer/Platforms/MacOSX.platform/Developer/SDKs/MacOSX26.1.sdk/System/Library/Frameworks/Foundation.framework/Headers/NSData.h
/Applications/Xcode.app/Contents/Developer/Platforms/MacOSX.platform/Developer/SDKs/MacOSX26.1.sdk/System/Library/Frameworks/Foundation.framework/Headers/NSDateInterval.h
/Applications/Xcode.app/Contents/Developer/Platforms/MacOSX.platform/Developer/SDKs/MacOSX26.1.sdk/System/Library/Frameworks/Foundation.framework/Headers/NSDateFormatter.h
/Applications/Xcode.app/Contents/Developer/Platforms/MacOSX.platform/Developer/SDKs/MacOSX26.1.sdk/System/Library/Frameworks/Foundation.framework/Headers/NSFormatter.h
/Applications/Xcode.app/Contents/Developer/Platforms/MacOSX.platform/Developer/SDKs/MacOSX26.1.sdk/System/Library/Frameworks/Foundation.framework/Headers/NSAttributedString.h
/Applications/Xcode.app/Contents/Developer/Platforms/MacOSX.platform/Developer/SDKs/MacOSX26.1.sdk/System/Library/Frameworks/Foundation.framework/Headers/NSDateIntervalFormatter.h
/Applications/Xcode.app/Contents/Developer/Platforms/MacOSX.platform/Developer/SDKs/MacOSX26.1.sdk/System/Library/Frameworks/Foundation.framework/Headers/NSISO8601DateFormatter.h
/Applications/Xcode.app/Contents/Developer/Platforms/MacOSX.platform/Developer/SDKs/MacOSX26.1.sdk/System/Library/Frameworks/Foundation.framework/Headers/NSMassFormatter.h
/Applications/Xcode.app/Contents/Developer/Platforms/MacOSX.platform/Developer/SDKs/MacOSX26.1.sdk/System/Library/Frameworks/Foundation.framework/Headers/NSLengthFormatter.h
/Applications/Xcode.app/Contents/Developer/Platforms/MacOSX.platform/Developer/SDKs/MacOSX26.1.sdk/System/Library/Frameworks/Foundation.framework/Headers/NSEnergyFormatter.h
/Applications/Xcode.app/Contents/Developer/Platforms/MacOSX.platform/Developer/SDKs/MacOSX26.1.sdk/System/Library/Frameworks/Foundation.framework/Headers/NSMeasurementFormatter.h
/Applications/Xcode.app/Contents/Developer/Platforms/MacOSX.platform/Developer/SDKs/MacOSX26.1.sdk/System/Library/Frameworks/Foundation.framework/Headers/NSNumberFormatter.h
/Applications/Xcode.app/Contents/Developer/Platforms/MacOSX.platform/Developer/SDKs/MacOSX26.1.sdk/System/Library/Frameworks/Foundation.framework/Headers/NSMeasurement.h
/Applications/Xcode.app/Contents/Developer/Platforms/MacOSX.platform/Developer/SDKs/MacOSX26.1.sdk/System/Library/Frameworks/Foundation.framework/Headers/NSUnit.h
/Applications/Xcode.app/Contents/Developer/Platforms/MacOSX.platform/Developer/SDKs/MacOSX26.1.sdk/System/Library/Frameworks/Foundation.framework/Headers/NSLocale.h
/Applications/Xcode.app/Contents/Developer/Platforms/MacOSX.platform/Developer/SDKs/MacOSX26.1.sdk/System/Library/Frameworks/Foundation.framework/Headers/NSPersonNameComponents.h
/Applications/Xcode.app/Contents/Developer/Platforms/MacOSX.platform/Developer/SDKs/MacOSX26.1.sdk/System/Library/Frameworks/Foundation.framework/Headers/NSPersonNameComponentsFormatter.h
/Applications/Xcode.app/Contents/Developer/Platforms/MacOSX.platform/Developer/SDKs/MacOSX26.1.sdk/System/Library/Frameworks/Foundation.framework/Headers/NSRelativeDateTimeFormatter.h
/Applications/Xcode.app/Contents/Developer/Platforms/MacOSX.platform/Developer/SDKs/MacOSX26.1.sdk/System/Library/Frameworks/Foundation.framework/Headers/NSListFormatter.h
/Applications/Xcode.app/Contents/Developer/Platforms/MacOSX.platform/Developer/SDKs/MacOSX26.1.sdk/System/Library/Frameworks/Foundation.framework/Headers/NSDecimal.h
/Applications/Xcode.app/Contents/Developer/Platforms/MacOSX.platform/Developer/SDKs/MacOSX26.1.sdk/System/Library/Frameworks/Foundation.framework/Headers/NSDecimalNumber.h
/Applications/Xcode.app/Contents/Developer/Platforms/MacOSX.platform/Developer/SDKs/MacOSX26.1.sdk/System/Library/Frameworks/Foundation.framework/Headers/NSScanner.h
/Applications/Xcode.app/Contents/Developer/Platforms/MacOSX.platform/Developer/SDKs/MacOSX26.1.sdk/System/Library/Frameworks/Foundation.framework/Headers/NSException.h
/Applications/Xcode.app/Contents/Developer/Platforms/MacOSX.platform/Developer/SDKs/MacOSX26.1.sdk/System/Library/Frameworks/Foundation.framework/Headers/NSError.h
/Applications/Xcode.app/Contents/Developer/Platforms/MacOSX.platform/Developer/SDKs/MacOSX26.1.sdk/System/Library/Frameworks/Foundation.framework/Headers/NSFileHandle.h
/Applications/Xcode.app/Contents/Developer/Platforms/MacOSX.platform/Developer/SDKs/MacOSX26.1.sdk/System/Library/Frameworks/Foundation.framework/Headers/NSRunLoop.h
/Applications/Xcode.app/Contents/Developer/Platforms/MacOSX.platform/Developer/SDKs/MacOSX26.1.sdk/System/Library/Frameworks/Foundation.framework/Headers/NSFileManager.h
/Applications/Xcode.app/Contents/Developer/Platforms/MacOSX.platform/Developer/SDKs/MacOSX26.1.sdk/System/Library/Frameworks/Foundation.framework/Headers/NSPathUtilities.h
/Applications/Xcode.app/Contents/Developer/Platforms/MacOSX.platform/Developer/SDKs/MacOSX26.1.sdk/System/Library/Frameworks/Foundation.framework/Headers/NSURL.h
/Applications/Xcode.app/Contents/Developer/Platforms/MacOSX.platform/Developer/SDKs/MacOSX26.1.sdk/System/Library/Frameworks/Foundation.framework/Headers/NSURLHandle.h
/Applications/Xcode.app/Contents/Developer/Platforms/MacOSX.platform/Developer/SDKs/MacOSX26.1.sdk/System/Library/Frameworks/Foundation.framework/Headers/NSHashTable.h
/Applications/Xcode.app/Contents/Developer/Platforms/MacOSX.platform/Developer/SDKs/MacOSX26.1.sdk/System/Library/Frameworks/Foundation.framework/Headers/NSPointerFunctions.h
/Applications/Xcode.app/Contents/Developer/Platforms/MacOSX.platform/Developer/SDKs/MacOSX26.1.sdk/System/Library/Frameworks/Foundation.framework/Headers/NSHTTPCookie.h
/Applications/Xcode.app/Contents/Developer/Platforms/MacOSX.platform/Developer/SDKs/MacOSX26.1.sdk/System/Library/Frameworks/Foundation.framework/Headers/NSHTTPCookieStorage.h
/Applications/Xcode.app/Contents/Developer/Platforms/MacOSX.platform/Developer/SDKs/MacOSX26.1.sdk/System/Library/Frameworks/Foundation.framework/Headers/NSIndexPath.h
/Applications/Xcode.app/Contents/Developer/Platforms/MacOSX.platform/Developer/SDKs/MacOSX26.1.sdk/System/Library/Frameworks/Foundation.framework/Headers/NSInflectionRule.h
/Applications/Xcode.app/Contents/Developer/Platforms/MacOSX.platform/Developer/SDKs/MacOSX26.1.sdk/System/Library/Frameworks/Foundation.framework/Headers/NSInvocation.h
/Applications/Xcode.app/Contents/Developer/Platforms/MacOSX.platform/Developer/SDKs/MacOSX26.1.sdk/System/Library/Frameworks/Foundation.framework/Headers/NSJSONSerialization.h
/Applications/Xcode.app/Contents/Developer/Platforms/MacOSX.platform/Developer/SDKs/MacOSX26.1.sdk/System/Library/Frameworks/Foundation.framework/Headers/NSKeyValueCoding.h
/Applications/Xcode.app/Contents/Developer/Platforms/MacOSX.platform/Developer/SDKs/MacOSX26.1.sdk/System/Library/Frameworks/Foundation.framework/Headers/NSOrderedSet.h
/Applications/Xcode.app/Contents/Developer/Platforms/MacOSX.platform/Developer/SDKs/MacOSX26.1.sdk/System/Library/Frameworks/Foundation.framework/Headers/NSKeyValueObserving.h
/Applications/Xcode.app/Contents/Developer/Platforms/MacOSX.platform/Developer/SDKs/MacOSX26.1.sdk/System/Library/Frameworks/Foundation.framework/Headers/NSKeyValueSharedObservers.h
/Applications/Xcode.app/Contents/Developer/Platforms/MacOSX.platform/Developer/SDKs/MacOSX26.1.sdk/System/Library/Frameworks/Foundation.framework/Headers/NSKeyedArchiver.h
/Applications/Xcode.app/Contents/Developer/Platforms/MacOSX.platform/Developer/SDKs/MacOSX26.1.sdk/System/Library/Frameworks/Foundation.framework/Headers/NSPropertyList.h
/Applications/Xcode.app/Contents/Developer/Platforms/MacOSX.platform/Developer/SDKs/MacOSX26.1.sdk/System/Library/Frameworks/Foundation.framework/Headers/NSGeometry.h
/Applications/Xcode.app/Contents/Developer/Platforms/MacOSX.platform/Developer/SDKs/MacOSX26.1.sdk/System/Library/Frameworks/Foundation.framework/Headers/NSLock.h
/Applications/Xcode.app/Contents/Developer/Platforms/MacOSX.platform/Developer/SDKs/MacOSX26.1.sdk/System/Library/Frameworks/Foundation.framework/Headers/NSMapTable.h
/Applications/Xcode.app/Contents/Developer/Platforms/MacOSX.platform/Developer/SDKs/MacOSX26.1.sdk/System/Library/Frameworks/Foundation.framework/Headers/NSMethodSignature.h
/Applications/Xcode.app/Contents/Developer/Platforms/MacOSX.platform/Developer/SDKs/MacOSX26.1.sdk/System/Library/Frameworks/Foundation.framework/Headers/NSMorphology.h
/Applications/Xcode.app/Contents/Developer/Platforms/MacOSX.platform/Developer/SDKs/MacOSX26.1.sdk/System/Library/Frameworks/Foundation.framework/Headers/NSTermOfAddress.h
/Applications/Xcode.app/Contents/Developer/Platforms/MacOSX.platform/Developer/SDKs/MacOSX26.1.sdk/System/Library/Frameworks/Foundation.framework/Headers/NSNotificationQueue.h
/Applications/Xcode.app/Contents/Developer/Platforms/MacOSX.platform/Developer/SDKs/MacOSX26.1.sdk/System/Library/Frameworks/Foundation.framework/Headers/NSNull.h
/Applications/Xcode.app/Contents/Developer/Platforms/MacOSX.platform/Developer/SDKs/MacOSX26.1.sdk/System/Library/Frameworks/Foundation.framework/Headers/NSLocalizedNumberFormatRule.h
/Applications/Xcode.app/Contents/Developer/Platforms/MacOSX.platform/Developer/SDKs/MacOSX26.1.sdk/System/Library/Frameworks/Foundation.framework/Headers/NSOperation.h
/Applications/Xcode.app/Contents/Developer/Platforms/MacOSX.platform/Developer/SDKs/MacOSX26.1.sdk/System/Library/Frameworks/Foundation.framework/Headers/NSOrthography.h
/Applications/Xcode.app/Contents/Developer/Platforms/MacOSX.platform/Developer/SDKs/MacOSX26.1.sdk/System/Library/Frameworks/Foundation.framework/Headers/NSPointerArray.h
/Applications/Xcode.app/Contents/Developer/Platforms/MacOSX.platform/Developer/SDKs/MacOSX26.1.sdk/System/Library/Frameworks/Foundation.framework/Headers/NSPort.h
/Applications/Xcode.app/Contents/Developer/Platforms/MacOSX.platform/Developer/SDKs/MacOSX26.1.sdk/System/Library/Frameworks/Foundation.framework/Headers/NSProcessInfo.h
/Applications/Xcode.app/Contents/Developer/Platforms/MacOSX.platform/Developer/SDKs/MacOSX26.1.sdk/System/Library/Frameworks/Foundation.framework/Headers/NSProxy.h
/Applications/Xcode.app/Contents/Developer/Platforms/MacOSX.platform/Developer/SDKs/MacOSX26.1.sdk/System/Library/Frameworks/Foundation.framework/Headers/NSRegularExpression.h
/Applications/Xcode.app/Contents/Developer/Platforms/MacOSX.platform/Developer/SDKs/MacOSX26.1.sdk/System/Library/Frameworks/Foundation.framework/Headers/NSTextCheckingResult.h
/Applications/Xcode.app/Contents/Developer/Platforms/MacOSX.platform/Developer/SDKs/MacOSX26.1.sdk/System/Library/Frameworks/Foundation.framework/Headers/NSSortDescriptor.h
/Applications/Xcode.app/Contents/Developer/Platforms/MacOSX.platform/Developer/SDKs/MacOSX26.1.sdk/System/Library/Frameworks/Foundation.framework/Headers/NSStream.h
/Applications/Xcode.app/Contents/Developer/Platforms/MacOSX.platform/Developer/SDKs/MacOSX26.1.sdk/System/Library/Frameworks/Foundation.framework/Headers/NSThread.h
/Applications/Xcode.app/Contents/Developer/Platforms/MacOSX.platform/Developer/SDKs/MacOSX26.1.sdk/System/Library/Frameworks/Foundation.framework/Headers/NSTimeZone.h
/Applications/Xcode.app/Contents/Developer/Platforms/MacOSX.platform/Developer/SDKs/MacOSX26.1.sdk/System/Library/Frameworks/Foundation.framework/Headers/NSTimer.h
/Applications/Xcode.app/Contents/Developer/Platforms/MacOSX.platform/Developer/SDKs/MacOSX26.1.sdk/System/Library/Frameworks/Foundation.framework/Headers/NSURLAuthenticationChallenge.h
/Applications/Xcode.app/Contents/Developer/Platforms/MacOSX.platform/Developer/SDKs/MacOSX26.1.sdk/System/Library/Frameworks/Foundation.framework/Headers/NSURLCache.h
/Applications/Xcode.app/Contents/Developer/Platforms/MacOSX.platform/Developer/SDKs/MacOSX26.1.sdk/System/Library/Frameworks/Foundation.framework/Headers/NSURLConnection.h
/Applications/Xcode.app/Contents/Developer/Platforms/MacOSX.platform/Developer/SDKs/MacOSX26.1.sdk/System/Library/Frameworks/Foundation.framework/Headers/NSURLCredential.h
/Applications/Xcode.app/Contents/Developer/Platforms/MacOSX.platform/Developer/SDKs/MacOSX26.1.sdk/System/Library/Frameworks/Security.framework/Modules/module.modulemap
/Applications/Xcode.app/Contents/Developer/Platforms/MacOSX.platform/Developer/SDKs/MacOSX26.1.sdk/System/Library/Frameworks/Foundation.framework/Headers/NSURLCredentialStorage.h
/Applications/Xcode.app/Contents/Developer/Platforms/MacOSX.platform/Developer/SDKs/MacOSX26.1.sdk/System/Library/Frameworks/Foundation.framework/Headers/NSURLProtectionSpace.h
/Applications/Xcode.app/Contents/Developer/Platforms/MacOSX.platform/Developer/SDKs/MacOSX26.1.sdk/System/Library/Frameworks/Foundation.framework/Headers/NSURLError.h
/Applications/Xcode.app/Contents/Developer/Platforms/MacOSX.platform/Developer/SDKs/MacOSX26.1.sdk/System/Library/Frameworks/CoreServices.framework/Modules/module.modulemap
/Applications/Xcode.app/Contents/Developer/Platforms/MacOSX.platform/Developer/SDKs/MacOSX26.1.sdk/System/Library/Frameworks/Foundation.framework/Headers/NSURLProtocol.h
/Applications/Xcode.app/Contents/Developer/Platforms/MacOSX.platform/Developer/SDKs/MacOSX26.1.sdk/System/Library/Frameworks/Foundation.framework/Headers/NSURLRequest.h
/Applications/Xcode.app/Contents/Developer/Platforms/MacOSX.platform/Developer/SDKs/MacOSX26.1.sdk/System/Library/Frameworks/Foundation.framework/Headers/NSURLResponse.h
/Applications/Xcode.app/Contents/Developer/Platforms/MacOSX.platform/Developer/SDKs/MacOSX26.1.sdk/System/Library/Frameworks/Foundation.framework/Headers/NSUserDefaults.h
/Applications/Xcode.app/Contents/Developer/Platforms/MacOSX.platform/Developer/SDKs/MacOSX26.1.sdk/System/Library/Frameworks/Foundation.framework/Headers/NSValueTransformer.h
/Applications/Xcode.app/Contents/Developer/Platforms/MacOSX.platform/Developer/SDKs/MacOSX26.1.sdk/System/Library/Frameworks/Foundation.framework/Headers/NSXMLParser.h
/Applications/Xcode.app/Contents/Developer/Platforms/MacOSX.platform/Developer/SDKs/MacOSX26.1.sdk/System/Library/Frameworks/Foundation.framework/Headers/NSXPCConnection.h
/Applications/Xcode.app/Contents/Developer/Platforms/MacOSX.platform/Developer/SDKs/MacOSX26.1.sdk/System/Library/Frameworks/Foundation.framework/Headers/FoundationErrors.h
/Applications/Xcode.app/Contents/Developer/Platforms/MacOSX.platform/Developer/SDKs/MacOSX26.1.sdk/System/Library/Frameworks/Foundation.framework/Headers/NSByteCountFormatter.h
/Applications/Xcode.app/Contents/Developer/Platforms/MacOSX.platform/Developer/SDKs/MacOSX26.1.sdk/System/Library/Frameworks/Foundation.framework/Headers/NSCache.h
/Applications/Xcode.app/Contents/Developer/Platforms/MacOSX.platform/Developer/SDKs/MacOSX26.1.sdk/System/Library/Frameworks/Foundation.framework/Headers/NSComparisonPredicate.h
/Applications/Xcode.app/Contents/Developer/Platforms/MacOSX.platform/Developer/SDKs/MacOSX26.1.sdk/System/Library/Frameworks/Foundation.framework/Headers/NSPredicate.h
/Applications/Xcode.app/Contents/Developer/Platforms/MacOSX.platform/Developer/SDKs/MacOSX26.1.sdk/System/Library/Frameworks/Foundation.framework/Headers/NSCompoundPredicate.h
/Applications/Xcode.app/Contents/Developer/Platforms/MacOSX.platform/Developer/SDKs/MacOSX26.1.sdk/System/Library/Frameworks/Foundation.framework/Headers/NSDateComponentsFormatter.h
/Applications/Xcode.app/Contents/Developer/Platforms/MacOSX.platform/Developer/SDKs/MacOSX26.1.sdk/System/Library/Frameworks/Foundation.framework/Headers/NSExpression.h
/Applications/Xcode.app/Contents/Developer/Platforms/MacOSX.platform/Developer/SDKs/MacOSX26.1.sdk/System/Library/Frameworks/Foundation.framework/Headers/NSExtensionContext.h
/Applications/Xcode.app/Contents/Developer/Platforms/MacOSX.platform/Developer/SDKs/MacOSX26.1.sdk/System/Library/Frameworks/Foundation.framework/Headers/NSExtensionItem.h
/Applications/Xcode.app/Contents/Developer/Platforms/MacOSX.platform/Developer/SDKs/MacOSX26.1.sdk/System/Library/Frameworks/Foundation.framework/Headers/NSExtensionRequestHandling.h
/Applications/Xcode.app/Contents/Developer/Platforms/MacOSX.platform/Developer/SDKs/MacOSX26.1.sdk/System/Library/Frameworks/Foundation.framework/Headers/NSFileCoordinator.h
/Applications/Xcode.app/Contents/Developer/Platforms/MacOSX.platform/Developer/SDKs/MacOSX26.1.sdk/System/Library/Frameworks/Foundation.framework/Headers/NSFilePresenter.h
/Applications/Xcode.app/Contents/Developer/Platforms/MacOSX.platform/Developer/SDKs/MacOSX26.1.sdk/System/Library/Frameworks/Foundation.framework/Headers/NSFileVersion.h
/Applications/Xcode.app/Contents/Developer/Platforms/MacOSX.platform/Developer/SDKs/MacOSX26.1.sdk/System/Library/Frameworks/Foundation.framework/Headers/NSFileWrapper.h
/Applications/Xcode.app/Contents/Developer/Platforms/MacOSX.platform/Developer/SDKs/MacOSX26.1.sdk/System/Library/Frameworks/Foundation.framework/Headers/NSLinguisticTagger.h
/Applications/Xcode.app/Contents/Developer/Platforms/MacOSX.platform/Developer/SDKs/MacOSX26.1.sdk/System/Library/Frameworks/Foundation.framework/Headers/NSMetadata.h
/Applications/Xcode.app/Contents/Developer/Platforms/MacOSX.platform/Developer/SDKs/MacOSX26.1.sdk/System/Library/Frameworks/Foundation.framework/Headers/NSMetadataAttributes.h
/Applications/Xcode.app/Contents/Developer/Platforms/MacOSX.platform/Developer/SDKs/MacOSX26.1.sdk/System/Library/Frameworks/Foundation.framework/Headers/NSNetServices.h
/Applications/Xcode.app/Contents/Developer/Platforms/MacOSX.platform/Developer/SDKs/MacOSX26.1.sdk/System/Library/Frameworks/Foundation.framework/Headers/NSUbiquitousKeyValueStore.h
/Applications/Xcode.app/Contents/Developer/Platforms/MacOSX.platform/Developer/SDKs/MacOSX26.1.sdk/System/Library/Frameworks/Foundation.framework/Headers/NSUndoManager.h
/Applications/Xcode.app/Contents/Developer/Platforms/MacOSX.platform/Developer/SDKs/MacOSX26.1.sdk/System/Library/Frameworks/Foundation.framework/Headers/NSURLSession.h
/Applications/Xcode.app/Contents/Developer/Platforms/MacOSX.platform/Developer/SDKs/MacOSX26.1.sdk/System/Library/Frameworks/Foundation.framework/Headers/NSUserActivity.h
/Applications/Xcode.app/Contents/Developer/Platforms/MacOSX.platform/Developer/SDKs/MacOSX26.1.sdk/System/Library/Frameworks/Foundation.framework/Headers/NSUUID.h
/Applications/Xcode.app/Contents/Developer/Platforms/MacOSX.platform/Developer/SDKs/MacOSX26.1.sdk/System/Library/Frameworks/Foundation.framework/Headers/NSAffineTransform.h
/Applications/Xcode.app/Contents/Developer/Platforms/MacOSX.platform/Developer/SDKs/MacOSX26.1.sdk/System/Library/Frameworks/Foundation.framework/Headers/NSAppleScript.h
/Applications/Xcode.app/Contents/Developer/Platforms/MacOSX.platform/Developer/SDKs/MacOSX26.1.sdk/System/Library/Frameworks/Foundation.framework/Headers/NSArchiver.h
/Applications/Xcode.app/Contents/Developer/Platforms/MacOSX.platform/Developer/SDKs/MacOSX26.1.sdk/System/Library/Frameworks/Foundation.framework/Headers/NSBackgroundActivityScheduler.h
/Applications/Xcode.app/Contents/Developer/Platforms/MacOSX.platform/Developer/SDKs/MacOSX26.1.sdk/System/Library/Frameworks/Foundation.framework/Headers/NSCalendarDate.h
/Applications/Xcode.app/Contents/Developer/Platforms/MacOSX.platform/Developer/SDKs/MacOSX26.1.sdk/System/Library/Frameworks/Foundation.framework/Headers/NSConnection.h
/Applications/Xcode.app/Contents/Developer/Platforms/MacOSX.platform/Developer/SDKs/MacOSX26.1.sdk/System/Library/Frameworks/Foundation.framework/Headers/NSDistantObject.h
/Applications/Xcode.app/Contents/Developer/Platforms/MacOSX.platform/Developer/SDKs/MacOSX26.1.sdk/System/Library/Frameworks/Foundation.framework/Headers/NSDistributedNotificationCenter.h
/Applications/Xcode.app/Contents/Developer/Platforms/MacOSX.platform/Developer/SDKs/MacOSX26.1.sdk/System/Library/Frameworks/Foundation.framework/Headers/NSPortCoder.h
/Applications/Xcode.app/Contents/Developer/Platforms/MacOSX.platform/Developer/SDKs/MacOSX26.1.sdk/System/Library/Frameworks/Foundation.framework/Headers/NSPortMessage.h
/Applications/Xcode.app/Contents/Developer/Platforms/MacOSX.platform/Developer/SDKs/MacOSX26.1.sdk/System/Library/Frameworks/Foundation.framework/Headers/NSPortNameServer.h
/Applications/Xcode.app/Contents/Developer/Platforms/MacOSX.platform/Developer/SDKs/MacOSX26.1.sdk/System/Library/Frameworks/Foundation.framework/Headers/NSProtocolChecker.h
/Applications/Xcode.app/Contents/Developer/Platforms/MacOSX.platform/Developer/SDKs/MacOSX26.1.sdk/System/Library/Frameworks/Foundation.framework/Headers/NSTask.h
/Applications/Xcode.app/Contents/Developer/Platforms/MacOSX.platform/Developer/SDKs/MacOSX26.1.sdk/System/Library/Frameworks/Foundation.framework/Headers/NSXMLDTD.h
/Applications/Xcode.app/Contents/Developer/Platforms/MacOSX.platform/Developer/SDKs/MacOSX26.1.sdk/System/Library/Frameworks/Foundation.framework/Headers/NSXMLNode.h
/Applications/Xcode.app/Contents/Developer/Platforms/MacOSX.platform/Developer/SDKs/MacOSX26.1.sdk/System/Library/Frameworks/Foundation.framework/Headers/NSXMLNodeOptions.h
/Applications/Xcode.app/Contents/Developer/Platforms/MacOSX.platform/Developer/SDKs/MacOSX26.1.sdk/System/Library/Frameworks/Foundation.framework/Headers/NSXMLDTDNode.h
/Applications/Xcode.app/Contents/Developer/Platforms/MacOSX.platform/Developer/SDKs/MacOSX26.1.sdk/System/Library/Frameworks/Foundation.framework/Headers/NSXMLDocument.h
/Applications/Xcode.app/Contents/Developer/Platforms/MacOSX.platform/Developer/SDKs/MacOSX26.1.sdk/System/Library/Frameworks/Foundation.framework/Headers/NSXMLElement.h
/Applications/Xcode.app/Contents/Developer/Platforms/MacOSX.platform/Developer/SDKs/MacOSX26.1.sdk/System/Library/Frameworks/Foundation.framework/Headers/NSURLDownload.h
/Applications/Xcode.app/Contents/Developer/Platforms/MacOSX.platform/Developer/SDKs/MacOSX26.1.sdk/System/Library/Frameworks/Foundation.framework/Headers/NSAppleEventDescriptor.h
/Applications/Xcode.app/Contents/Developer/Platforms/MacOSX.platform/Developer/SDKs/MacOSX26.1.sdk/System/Library/Frameworks/Foundation.framework/Headers/NSAppleEventManager.h
/Applications/Xcode.app/Contents/Developer/Platforms/MacOSX.platform/Developer/SDKs/MacOSX26.1.sdk/System/Library/Frameworks/Foundation.framework/Headers/NSClassDescription.h
/Applications/Xcode.app/Contents/Developer/Platforms/MacOSX.platform/Developer/SDKs/MacOSX26.1.sdk/System/Library/Frameworks/Foundation.framework/Headers/NSDistributedLock.h
/Applications/Xcode.app/Contents/Developer/Platforms/MacOSX.platform/Developer/SDKs/MacOSX26.1.sdk/System/Library/Frameworks/Foundation.framework/Headers/NSGarbageCollector.h
/Applications/Xcode.app/Contents/Developer/Platforms/MacOSX.platform/Developer/SDKs/MacOSX26.1.sdk/System/Library/Frameworks/Foundation.framework/Headers/NSHFSFileTypes.h
/Applications/Xcode.app/Contents/Developer/Platforms/MacOSX.platform/Developer/SDKs/MacOSX26.1.sdk/System/Library/Frameworks/Foundation.framework/Headers/NSHost.h
/Applications/Xcode.app/Contents/Developer/Platforms/MacOSX.platform/Developer/SDKs/MacOSX26.1.sdk/System/Library/Frameworks/Foundation.framework/Headers/NSObjectScripting.h
/Applications/Xcode.app/Contents/Developer/Platforms/MacOSX.platform/Developer/SDKs/MacOSX26.1.sdk/System/Library/Frameworks/Foundation.framework/Headers/NSScriptClassDescription.h
/Applications/Xcode.app/Contents/Developer/Platforms/MacOSX.platform/Developer/SDKs/MacOSX26.1.sdk/System/Library/Frameworks/Foundation.framework/Headers/NSScriptCoercionHandler.h
/Applications/Xcode.app/Contents/Developer/Platforms/MacOSX.platform/Developer/SDKs/MacOSX26.1.sdk/System/Library/Frameworks/Foundation.framework/Headers/NSScriptCommand.h
/Applications/Xcode.app/Contents/Developer/Platforms/MacOSX.platform/Developer/SDKs/MacOSX26.1.sdk/System/Library/Frameworks/Foundation.framework/Headers/NSScriptCommandDescription.h
/Applications/Xcode.app/Contents/Developer/Platforms/MacOSX.platform/Developer/SDKs/MacOSX26.1.sdk/System/Library/Frameworks/Foundation.framework/Headers/NSScriptExecutionContext.h
/Applications/Xcode.app/Contents/Developer/Platforms/MacOSX.platform/Developer/SDKs/MacOSX26.1.sdk/System/Library/Frameworks/Foundation.framework/Headers/NSScriptKeyValueCoding.h
/Applications/Xcode.app/Contents/Developer/Platforms/MacOSX.platform/Developer/SDKs/MacOSX26.1.sdk/System/Library/Frameworks/Foundation.framework/Headers/NSScriptObjectSpecifiers.h
/Applications/Xcode.app/Contents/Developer/Platforms/MacOSX.platform/Developer/SDKs/MacOSX26.1.sdk/System/Library/Frameworks/Foundation.framework/Headers/NSScriptStandardSuiteCommands.h
/Applications/Xcode.app/Contents/Developer/Platforms/MacOSX.platform/Developer/SDKs/MacOSX26.1.sdk/System/Library/Frameworks/Foundation.framework/Headers/NSScriptSuiteRegistry.h
/Applications/Xcode.app/Contents/Developer/Platforms/MacOSX.platform/Developer/SDKs/MacOSX26.1.sdk/System/Library/Frameworks/Foundation.framework/Headers/NSScriptWhoseTests.h
/Applications/Xcode.app/Contents/Developer/Platforms/MacOSX.platform/Developer/SDKs/MacOSX26.1.sdk/System/Library/Frameworks/Foundation.framework/Headers/NSSpellServer.h
/Applications/Xcode.app/Contents/Developer/Platforms/MacOSX.platform/Developer/SDKs/MacOSX26.1.sdk/System/Library/Frameworks/Foundation.framework/Headers/NSUserNotification.h
/Applications/Xcode.app/Contents/Developer/Platforms/MacOSX.platform/Developer/SDKs/MacOSX26.1.sdk/System/Library/Frameworks/Foundation.framework/Headers/NSUserScriptTask.h
/Applications/Xcode.app/Contents/Developer/Platforms/MacOSX.platform/Developer/SDKs/MacOSX26.1.sdk/System/Library/Frameworks/Foundation.framework/Headers/FoundationLegacySwiftCompatibility.h
/Applications/Xcode.app/Contents/Developer/Platforms/MacOSX.platform/Developer/SDKs/MacOSX26.1.sdk/System/Library/Frameworks/Foundation.framework/Headers/NSDebug.h
/Applications/Xcode.app/Contents/Developer/Platforms/MacOSX.platform/Developer/SDKs/MacOSX26.1.sdk/SDKSettings.json
/Applications/Xcode.app/Contents/Developer/Toolchains/XcodeDefault.xctoolchain/usr/lib/swift/macosx/prebuilt-modules/26.1/IOKit.swiftmodule/arm64e-apple-macos.swiftmodule
/Applications/Xcode.app/Contents/Developer/Platforms/MacOSX.platform/Developer/SDKs/MacOSX26.1.sdk/System/Library/Frameworks/IOKit.framework/Modules/module.modulemap
/Applications/Xcode.app/Contents/Developer/Platforms/MacOSX.platform/Developer/SDKs/MacOSX26.1.sdk/System/Library/Frameworks/IOKit.framework/Headers/IOReturn.h
/Applications/Xcode.app/Contents/Developer/Platforms/MacOSX.platform/Developer/SDKs/MacOSX26.1.sdk/usr/include/dispatch.modulemap
/Applications/Xcode.app/Contents/Developer/Platforms/MacOSX.platform/Developer/SDKs/MacOSX26.1.sdk/usr/include/libkern.modulemap
/Applications/Xcode.app/Contents/Developer/Platforms/MacOSX.platform/Developer/SDKs/MacOSX26.1.sdk/usr/include/Darwin.modulemap
/Applications/Xcode.app/Contents/Developer/Platforms/MacOSX.platform/Developer/SDKs/MacOSX26.1.sdk/usr/include/Darwin_C.modulemap
/Applications/Xcode.app/Contents/Developer/Platforms/MacOSX.platform/Developer/SDKs/MacOSX26.1.sdk/usr/include/Darwin_POSIX.modulemap
/Applications/Xcode.app/Contents/Developer/Platforms/MacOSX.platform/Developer/SDKs/MacOSX26.1.sdk/usr/include/net.modulemap
/Applications/Xcode.app/Contents/Developer/Platforms/MacOSX.platform/Developer/SDKs/MacOSX26.1.sdk/usr/include/netinet.modulemap
/Applications/Xcode.app/Contents/Developer/Platforms/MacOSX.platform/Developer/SDKs/MacOSX26.1.sdk/usr/include/bank.modulemap
/Applications/Xcode.app/Contents/Developer/Platforms/MacOSX.platform/Developer/SDKs/MacOSX26.1.sdk/usr/include/Darwin_Mach.modulemap
/Applications/Xcode.app/Contents/Developer/Platforms/MacOSX.platform/Developer/SDKs/MacOSX26.1.sdk/usr/include/Darwin_Mach_machine.modulemap
/Applications/Xcode.app/Contents/Developer/Platforms/MacOSX.platform/Developer/SDKs/MacOSX26.1.sdk/usr/include/mach_debug.modulemap
/Applications/Xcode.app/Contents/Developer/Platforms/MacOSX.platform/Developer/SDKs/MacOSX26.1.sdk/usr/include/device.modulemap
/Applications/Xcode.app/Contents/Developer/Platforms/MacOSX.platform/Developer/SDKs/MacOSX26.1.sdk/usr/include/Darwin_machine.modulemap
/Applications/Xcode.app/Contents/Developer/Platforms/MacOSX.platform/Developer/SDKs/MacOSX26.1.sdk/usr/include/ncurses.modulemap
/Applications/Xcode.app/Contents/Developer/Platforms/MacOSX.platform/Developer/SDKs/MacOSX26.1.sdk/usr/include/netinet6.modulemap
/Applications/Xcode.app/Contents/Developer/Platforms/MacOSX.platform/Developer/SDKs/MacOSX26.1.sdk/usr/include/Darwin_sys.modulemap
/Applications/Xcode.app/Contents/Developer/Platforms/MacOSX.platform/Developer/SDKs/MacOSX26.1.sdk/usr/include/uuid.modulemap
/Applications/Xcode.app/Contents/Developer/Platforms/MacOSX.platform/Developer/SDKs/MacOSX26.1.sdk/usr/include/DarwinFoundation2.modulemap
/Applications/Xcode.app/Contents/Developer/Platforms/MacOSX.platform/Developer/SDKs/MacOSX26.1.sdk/usr/include/DarwinFoundation1.modulemap
/Applications/Xcode.app/Contents/Developer/Platforms/MacOSX.platform/Developer/SDKs/MacOSX26.1.sdk/System/Library/Frameworks/IOKit.framework/Headers/IOMapTypes.h
/Applications/Xcode.app/Contents/Developer/Platforms/MacOSX.platform/Developer/SDKs/MacOSX26.1.sdk/System/Library/Frameworks/IOKit.framework/Headers/IOTypes.h
/Applications/Xcode.app/Contents/Developer/Toolchains/XcodeDefault.xctoolchain/usr/lib/swift/clang/include/module.modulemap
/Applications/Xcode.app/Contents/Developer/Platforms/MacOSX.platform/Developer/SDKs/MacOSX26.1.sdk/System/Library/Frameworks/IOKit.framework/Headers/IOKitKeys.h
/Applications/Xcode.app/Contents/Developer/Platforms/MacOSX.platform/Developer/SDKs/MacOSX26.1.sdk/System/Library/Frameworks/IOKit.framework/Headers/OSMessageNotification.h
/Applications/Xcode.app/Contents/Developer/Platforms/MacOSX.platform/Developer/SDKs/MacOSX26.1.sdk/System/Library/Frameworks/IOKit.framework/Headers/IOKitLib.h
/Applications/Xcode.app/Contents/Developer/Platforms/MacOSX.platform/Developer/SDKs/MacOSX26.1.sdk/System/Library/Frameworks/CoreFoundation.framework/Modules/module.modulemap
/Applications/Xcode.app/Contents/Developer/Platforms/MacOSX.platform/Developer/SDKs/MacOSX26.1.sdk/System/Library/Frameworks/IOKit.framework/Headers/IOBSD.h
/Applications/Xcode.app/Contents/Developer/Platforms/MacOSX.platform/Developer/SDKs/MacOSX26.1.sdk/System/Library/Frameworks/IOKit.framework/Headers/IODataQueueClient.h
/Applications/Xcode.app/Contents/Developer/Platforms/MacOSX.platform/Developer/SDKs/MacOSX26.1.sdk/System/Library/Frameworks/IOKit.framework/Headers/IODataQueueShared.h
/Applications/Xcode.app/Contents/Developer/Platforms/MacOSX.platform/Developer/SDKs/MacOSX26.1.sdk/System/Library/Frameworks/IOKit.framework/Headers/IOCFBundle.h
/Applications/Xcode.app/Contents/Developer/Platforms/MacOSX.platform/Developer/SDKs/MacOSX26.1.sdk/System/Library/Frameworks/IOKit.framework/Headers/IOSharedLock.h
/Applications/Xcode.app/Contents/Developer/Platforms/MacOSX.platform/Developer/SDKs/MacOSX26.1.sdk/System/Library/Frameworks/IOKit.framework/Headers/IOCFPlugIn.h
/Applications/Xcode.app/Contents/Developer/Platforms/MacOSX.platform/Developer/SDKs/MacOSX26.1.sdk/System/Library/Frameworks/IOKit.framework/Headers/IOCFSerialize.h
/Applications/Xcode.app/Contents/Developer/Platforms/MacOSX.platform/Developer/SDKs/MacOSX26.1.sdk/System/Library/Frameworks/IOKit.framework/Headers/IOCFURLAccess.h
/Applications/Xcode.app/Contents/Developer/Platforms/MacOSX.platform/Developer/SDKs/MacOSX26.1.sdk/System/Library/Frameworks/IOKit.framework/Headers/IOKitServer.h
/Applications/Xcode.app/Contents/Developer/Platforms/MacOSX.platform/Developer/SDKs/MacOSX26.1.sdk/System/Library/Frameworks/IOKit.framework/Headers/IOCFUnserialize.h
/Applications/Xcode.app/Contents/Developer/Platforms/MacOSX.platform/Developer/SDKs/MacOSX26.1.sdk/System/Library/Frameworks/IOKit.framework/Headers/IOMessage.h
/Applications/Xcode.app/Contents/Developer/Platforms/MacOSX.platform/Developer/SDKs/MacOSX26.1.sdk/System/Library/Frameworks/IOKit.framework/Headers/IORPC.h
/Applications/Xcode.app/Contents/Developer/Platforms/MacOSX.platform/Developer/SDKs/MacOSX26.1.sdk/System/Library/Frameworks/IOKit.framework/Headers/IOUserServer.h
/Applications/Xcode.app/Contents/Developer/Platforms/MacOSX.platform/Developer/SDKs/MacOSX26.1.sdk/System/Library/Frameworks/IOKit.framework/Headers/audio/IOAudioDefines.h
/Applications/Xcode.app/Contents/Developer/Platforms/MacOSX.platform/Developer/SDKs/MacOSX26.1.sdk/System/Library/Frameworks/IOKit.framework/Headers/audio/IOAudioLib.h
/Applications/Xcode.app/Contents/Developer/Platforms/MacOSX.platform/Developer/SDKs/MacOSX26.1.sdk/System/Library/Frameworks/IOKit.framework/Headers/audio/IOAudioTypes.h
/Applications/Xcode.app/Contents/Developer/Platforms/MacOSX.platform/Developer/SDKs/MacOSX26.1.sdk/System/Library/Frameworks/IOKit.framework/Headers/avc/IOFireWireAVCConsts.h
/Applications/Xcode.app/Contents/Developer/Platforms/MacOSX.platform/Developer/SDKs/MacOSX26.1.sdk/System/Library/Frameworks/IOKit.framework/Headers/avc/IOFireWireAVCLib.h
/Applications/Xcode.app/Contents/Developer/Platforms/MacOSX.platform/Developer/SDKs/MacOSX26.1.sdk/System/Library/Frameworks/IOKit.framework/Headers/firewire/IOFireWireFamilyCommon.h
/Applications/Xcode.app/Contents/Developer/Platforms/MacOSX.platform/Developer/SDKs/MacOSX26.1.sdk/System/Library/Frameworks/IOKit.framework/Headers/firewire/IOFireWireLib.h
/Applications/Xcode.app/Contents/Developer/Platforms/MacOSX.platform/Developer/SDKs/MacOSX26.1.sdk/System/Library/Frameworks/IOKit.framework/Headers/firewire/IOFireWireLibIsoch.h
/Applications/Xcode.app/Contents/Developer/Platforms/MacOSX.platform/Developer/SDKs/MacOSX26.1.sdk/System/Library/Frameworks/IOKit.framework/Headers/graphics/IOAccelClientConnect.h
/Applications/Xcode.app/Contents/Developer/Platforms/MacOSX.platform/Developer/SDKs/MacOSX26.1.sdk/System/Library/Frameworks/IOKit.framework/Headers/graphics/IOGraphicsInterface.h
/Applications/Xcode.app/Contents/Developer/Platforms/MacOSX.platform/Developer/SDKs/MacOSX26.1.sdk/System/Library/Frameworks/IOKit.framework/Headers/graphics/IOGraphicsInterfaceTypes.h
/Applications/Xcode.app/Contents/Developer/Platforms/MacOSX.platform/Developer/SDKs/MacOSX26.1.sdk/System/Library/Frameworks/IOKit.framework/Headers/graphics/IOAccelSurfaceConnect.h
/Applications/Xcode.app/Contents/Developer/Platforms/MacOSX.platform/Developer/SDKs/MacOSX26.1.sdk/System/Library/Frameworks/IOKit.framework/Headers/graphics/IOAccelTypes.h
/Applications/Xcode.app/Contents/Developer/Platforms/MacOSX.platform/Developer/SDKs/MacOSX26.1.sdk/System/Library/Frameworks/IOKit.framework/Headers/graphics/IOGraphicsLib.h
/Applications/Xcode.app/Contents/Developer/Platforms/MacOSX.platform/Developer/SDKs/MacOSX26.1.sdk/System/Library/Frameworks/IOKit.framework/Headers/graphics/IOFramebufferShared.h
/Applications/Xcode.app/Contents/Developer/Platforms/MacOSX.platform/Developer/SDKs/MacOSX26.1.sdk/System/Library/Frameworks/IOKit.framework/Headers/hidsystem/IOHIDTypes.h
/Applications/Xcode.app/Contents/Developer/Platforms/MacOSX.platform/Developer/SDKs/MacOSX26.1.sdk/System/Library/Frameworks/IOKit.framework/Headers/graphics/IOGraphicsTypes.h
/Applications/Xcode.app/Contents/Developer/Platforms/MacOSX.platform/Developer/SDKs/MacOSX26.1.sdk/System/Library/Frameworks/IOKit.framework/Headers/graphics/IOGraphicsEngine.h
/Applications/Xcode.app/Contents/Developer/Platforms/MacOSX.platform/Developer/SDKs/MacOSX26.1.sdk/System/Library/Frameworks/IOKit.framework/Headers/hid/IOHIDBase.h
/Applications/Xcode.app/Contents/Developer/Platforms/MacOSX.platform/Developer/SDKs/MacOSX26.1.sdk/System/Library/Frameworks/IOKit.framework/Headers/hid/IOHIDKeys.h
/Applications/Xcode.app/Contents/Developer/Platforms/MacOSX.platform/Developer/SDKs/MacOSX26.1.sdk/System/Library/Frameworks/IOKit.framework/Headers/hidsystem/IOHIDParameter.h
/Applications/Xcode.app/Contents/Developer/Platforms/MacOSX.platform/Developer/SDKs/MacOSX26.1.sdk/System/Library/Frameworks/IOKit.framework/Headers/hidsystem/IOLLEvent.h
/Applications/Xcode.app/Contents/Developer/Platforms/MacOSX.platform/Developer/SDKs/MacOSX26.1.sdk/System/Library/Frameworks/IOKit.framework/Headers/hid/IOHIDProperties.h
/Applications/Xcode.app/Contents/Developer/Platforms/MacOSX.platform/Developer/SDKs/MacOSX26.1.sdk/System/Library/Frameworks/IOKit.framework/Headers/hid/IOHIDEventServiceKeys.h
/Applications/Xcode.app/Contents/Developer/Platforms/MacOSX.platform/Developer/SDKs/MacOSX26.1.sdk/System/Library/Frameworks/IOKit.framework/Headers/hid/IOHIDDeviceTypes.h
/Applications/Xcode.app/Contents/Developer/Platforms/MacOSX.platform/Developer/SDKs/MacOSX26.1.sdk/System/Library/Frameworks/IOKit.framework/Headers/hid/IOHIDDeviceKeys.h
/Applications/Xcode.app/Contents/Developer/Platforms/MacOSX.platform/Developer/SDKs/MacOSX26.1.sdk/System/Library/Frameworks/IOKit.framework/Headers/hid/IOHIDQueue.h
/Applications/Xcode.app/Contents/Developer/Platforms/MacOSX.platform/Developer/SDKs/MacOSX26.1.sdk/System/Library/Frameworks/IOKit.framework/Headers/hid/IOHIDDevice.h
/Applications/Xcode.app/Contents/Developer/Platforms/MacOSX.platform/Developer/SDKs/MacOSX26.1.sdk/System/Library/Frameworks/IOKit.framework/Headers/hid/IOHIDLib.h
/Applications/Xcode.app/Contents/Developer/Platforms/MacOSX.platform/Developer/SDKs/MacOSX26.1.sdk/System/Library/Frameworks/IOKit.framework/Headers/hid/IOHIDElement.h
/Applications/Xcode.app/Contents/Developer/Platforms/MacOSX.platform/Developer/SDKs/MacOSX26.1.sdk/System/Library/Frameworks/IOKit.framework/Headers/hid/IOHIDLibObsolete.h
/Applications/Xcode.app/Contents/Developer/Platforms/MacOSX.platform/Developer/SDKs/MacOSX26.1.sdk/System/Library/Frameworks/IOKit.framework/Headers/hid/IOHIDManager.h
/Applications/Xcode.app/Contents/Developer/Platforms/MacOSX.platform/Developer/SDKs/MacOSX26.1.sdk/System/Library/Frameworks/IOKit.framework/Headers/hid/IOHIDUsageTables.h
/Applications/Xcode.app/Contents/Developer/Platforms/MacOSX.platform/Developer/SDKs/MacOSX26.1.sdk/System/Library/Frameworks/IOKit.framework/Headers/hid/IOHIDValue.h
/Applications/Xcode.app/Contents/Developer/Platforms/MacOSX.platform/Developer/SDKs/MacOSX26.1.sdk/System/Library/Frameworks/IOKit.framework/Headers/hid/IOHIDTransaction.h
/Applications/Xcode.app/Contents/Developer/Platforms/MacOSX.platform/Developer/SDKs/MacOSX26.1.sdk/System/Library/Frameworks/IOKit.framework/Headers/hid/IOHIDDevicePlugIn.h
/Applications/Xcode.app/Contents/Developer/Platforms/MacOSX.platform/Developer/SDKs/MacOSX26.1.sdk/System/Library/Frameworks/IOKit.framework/Headers/hid/IOHIDEventServiceTypes.h
/Applications/Xcode.app/Contents/Developer/Platforms/MacOSX.platform/Developer/SDKs/MacOSX26.1.sdk/System/Library/Frameworks/IOKit.framework/Headers/hidsystem/IOHIDLib.h
/Applications/Xcode.app/Contents/Developer/Platforms/MacOSX.platform/Developer/SDKs/MacOSX26.1.sdk/System/Library/Frameworks/IOKit.framework/Headers/hidsystem/IOHIDShared.h
/Applications/Xcode.app/Contents/Developer/Platforms/MacOSX.platform/Developer/SDKs/MacOSX26.1.sdk/System/Library/Frameworks/IOKit.framework/Headers/hidsystem/event_status_driver.h
/Applications/Xcode.app/Contents/Developer/Platforms/MacOSX.platform/Developer/SDKs/MacOSX26.1.sdk/System/Library/Frameworks/IOKit.framework/Headers/hidsystem/ev_keymap.h
/Applications/Xcode.app/Contents/Developer/Platforms/MacOSX.platform/Developer/SDKs/MacOSX26.1.sdk/System/Library/Frameworks/IOKit.framework/Headers/hidsystem/IOHIDEventSystemClient.h
/Applications/Xcode.app/Contents/Developer/Platforms/MacOSX.platform/Developer/SDKs/MacOSX26.1.sdk/System/Library/Frameworks/IOKit.framework/Headers/hidsystem/IOHIDServiceClient.h
/Applications/Xcode.app/Contents/Developer/Platforms/MacOSX.platform/Developer/SDKs/MacOSX26.1.sdk/System/Library/Frameworks/IOKit.framework/Headers/hidsystem/IOHIDUserDevice.h
/Applications/Xcode.app/Contents/Developer/Platforms/MacOSX.platform/Developer/SDKs/MacOSX26.1.sdk/System/Library/Frameworks/IOKit.framework/Headers/i2c/IOI2CInterface.h
/Applications/Xcode.app/Contents/Developer/Platforms/MacOSX.platform/Developer/SDKs/MacOSX26.1.sdk/System/Library/Frameworks/IOKit.framework/Headers/kext/KextManager.h
/Applications/Xcode.app/Contents/Developer/Platforms/MacOSX.platform/Developer/SDKs/MacOSX26.1.sdk/System/Library/Frameworks/IOKit.framework/Headers/network/IOEthernetController.h
/Applications/Xcode.app/Contents/Developer/Platforms/MacOSX.platform/Developer/SDKs/MacOSX26.1.sdk/System/Library/Frameworks/IOKit.framework/Headers/network/IONetworkController.h
/Applications/Xcode.app/Contents/Developer/Platforms/MacOSX.platform/Developer/SDKs/MacOSX26.1.sdk/System/Library/Frameworks/IOKit.framework/Headers/network/IONetworkData.h
/Applications/Xcode.app/Contents/Developer/Platforms/MacOSX.platform/Developer/SDKs/MacOSX26.1.sdk/System/Library/Frameworks/IOKit.framework/Headers/network/IONetworkStack.h
/Applications/Xcode.app/Contents/Developer/Platforms/MacOSX.platform/Developer/SDKs/MacOSX26.1.sdk/System/Library/Frameworks/IOKit.framework/Headers/network/IOEthernetInterface.h
/Applications/Xcode.app/Contents/Developer/Platforms/MacOSX.platform/Developer/SDKs/MacOSX26.1.sdk/System/Library/Frameworks/IOKit.framework/Headers/network/IONetworkInterface.h
/Applications/Xcode.app/Contents/Developer/Platforms/MacOSX.platform/Developer/SDKs/MacOSX26.1.sdk/System/Library/Frameworks/IOKit.framework/Headers/network/IONetworkStats.h
/Applications/Xcode.app/Contents/Developer/Platforms/MacOSX.platform/Developer/SDKs/MacOSX26.1.sdk/System/Library/Frameworks/IOKit.framework/Headers/network/IOEthernetStats.h
/Applications/Xcode.app/Contents/Developer/Platforms/MacOSX.platform/Developer/SDKs/MacOSX26.1.sdk/System/Library/Frameworks/IOKit.framework/Headers/network/IONetworkLib.h
/Applications/Xcode.app/Contents/Developer/Platforms/MacOSX.platform/Developer/SDKs/MacOSX26.1.sdk/System/Library/Frameworks/IOKit.framework/Headers/network/IONetworkMedium.h
/Applications/Xcode.app/Contents/Developer/Platforms/MacOSX.platform/Developer/SDKs/MacOSX26.1.sdk/System/Library/Frameworks/IOKit.framework/Headers/network/IONetworkUserClient.h
/Applications/Xcode.app/Contents/Developer/Platforms/MacOSX.platform/Developer/SDKs/MacOSX26.1.sdk/System/Library/Frameworks/IOKit.framework/Headers/ps/IOPSKeys.h
/Applications/Xcode.app/Contents/Developer/Platforms/MacOSX.platform/Developer/SDKs/MacOSX26.1.sdk/System/Library/Frameworks/IOKit.framework/Headers/ps/IOPowerSources.h
/Applications/Xcode.app/Contents/Developer/Platforms/MacOSX.platform/Developer/SDKs/MacOSX26.1.sdk/System/Library/Frameworks/IOKit.framework/Headers/ps/IOUPSPlugIn.h
/Applications/Xcode.app/Contents/Developer/Platforms/MacOSX.platform/Developer/SDKs/MacOSX26.1.sdk/System/Library/Frameworks/IOKit.framework/Headers/pwr_mgt/IOPM.h
/Applications/Xcode.app/Contents/Developer/Platforms/MacOSX.platform/Developer/SDKs/MacOSX26.1.sdk/System/Library/Frameworks/IOKit.framework/Headers/pwr_mgt/IOPMKeys.h
/Applications/Xcode.app/Contents/Developer/Platforms/MacOSX.platform/Developer/SDKs/MacOSX26.1.sdk/System/Library/Frameworks/IOKit.framework/Headers/pwr_mgt/IOPMLib.h
/Applications/Xcode.app/Contents/Developer/Platforms/MacOSX.platform/Developer/SDKs/MacOSX26.1.sdk/System/Library/Frameworks/IOKit.framework/Headers/pwr_mgt/IOPMLibDefs.h
/Applications/Xcode.app/Contents/Developer/Platforms/MacOSX.platform/Developer/SDKs/MacOSX26.1.sdk/System/Library/Frameworks/IOKit.framework/Headers/sbp2/IOFireWireSBP2Lib.h
/Applications/Xcode.app/Contents/Developer/Platforms/MacOSX.platform/Developer/SDKs/MacOSX26.1.sdk/System/Library/Frameworks/IOKit.framework/Headers/scsi/IOSCSIMultimediaCommandsDevice.h
/Applications/Xcode.app/Contents/Developer/Platforms/MacOSX.platform/Developer/SDKs/MacOSX26.1.sdk/System/Library/Frameworks/IOKit.framework/Headers/storage/IOStorageDeviceCharacteristics.h
/Applications/Xcode.app/Contents/Developer/Platforms/MacOSX.platform/Developer/SDKs/MacOSX26.1.sdk/System/Library/Frameworks/IOKit.framework/Headers/storage/IOStorageProtocolCharacteristics.h
/Applications/Xcode.app/Contents/Developer/Platforms/MacOSX.platform/Developer/SDKs/MacOSX26.1.sdk/System/Library/Frameworks/IOKit.framework/Headers/storage/IOStorageControllerCharacteristics.h
/Applications/Xcode.app/Contents/Developer/Platforms/MacOSX.platform/Developer/SDKs/MacOSX26.1.sdk/System/Library/Frameworks/IOKit.framework/Headers/scsi/SCSICmds_REQUEST_SENSE_Defs.h
/Applications/Xcode.app/Contents/Developer/Platforms/MacOSX.platform/Developer/SDKs/MacOSX26.1.sdk/System/Library/Frameworks/IOKit.framework/Headers/scsi/SCSICmds_INQUIRY_Definitions.h
/Applications/Xcode.app/Contents/Developer/Platforms/MacOSX.platform/Developer/SDKs/MacOSX26.1.sdk/System/Library/Frameworks/IOKit.framework/Headers/scsi/SCSICommandDefinitions.h
/Applications/Xcode.app/Contents/Developer/Platforms/MacOSX.platform/Developer/SDKs/MacOSX26.1.sdk/System/Library/Frameworks/IOKit.framework/Headers/scsi/SCSICmds_MODE_Definitions.h
/Applications/Xcode.app/Contents/Developer/Platforms/MacOSX.platform/Developer/SDKs/MacOSX26.1.sdk/System/Library/Frameworks/IOKit.framework/Headers/scsi/SCSICommandOperationCodes.h
/Applications/Xcode.app/Contents/Developer/Platforms/MacOSX.platform/Developer/SDKs/MacOSX26.1.sdk/System/Library/Frameworks/IOKit.framework/Headers/scsi/SCSICmds_READ_CAPACITY_Definitions.h
/Applications/Xcode.app/Contents/Developer/Platforms/MacOSX.platform/Developer/SDKs/MacOSX26.1.sdk/System/Library/Frameworks/IOKit.framework/Headers/scsi/SCSITask.h
/Applications/Xcode.app/Contents/Developer/Platforms/MacOSX.platform/Developer/SDKs/MacOSX26.1.sdk/System/Library/Frameworks/IOKit.framework/Headers/scsi/SCSICmds_REPORT_LUNS_Definitions.h
/Applications/Xcode.app/Contents/Developer/Platforms/MacOSX.platform/Developer/SDKs/MacOSX26.1.sdk/System/Library/Frameworks/IOKit.framework/Headers/scsi/SCSITaskLib.h
/Applications/Xcode.app/Contents/Developer/Platforms/MacOSX.platform/Developer/SDKs/MacOSX26.1.sdk/System/Library/Frameworks/IOKit.framework/Headers/serial/IOSerialKeys.h
/Applications/Xcode.app/Contents/Developer/Platforms/MacOSX.platform/Developer/SDKs/MacOSX26.1.sdk/System/Library/Frameworks/IOKit.framework/Headers/serial/ioss.h
/Applications/Xcode.app/Contents/Developer/Platforms/MacOSX.platform/Developer/SDKs/MacOSX26.1.sdk/System/Library/Frameworks/IOKit.framework/Headers/storage/IOAppleLabelScheme.h
/Applications/Xcode.app/Contents/Developer/Platforms/MacOSX.platform/Developer/SDKs/MacOSX26.1.sdk/System/Library/Frameworks/IOKit.framework/Headers/storage/IODVDMediaBSDClient.h
/Applications/Xcode.app/Contents/Developer/Platforms/MacOSX.platform/Developer/SDKs/MacOSX26.1.sdk/System/Library/Frameworks/IOKit.framework/Headers/storage/IODVDTypes.h
/Applications/Xcode.app/Contents/Developer/Platforms/MacOSX.platform/Developer/SDKs/MacOSX26.1.sdk/System/Library/Frameworks/IOKit.framework/Headers/storage/IOApplePartitionScheme.h
/Applications/Xcode.app/Contents/Developer/Platforms/MacOSX.platform/Developer/SDKs/MacOSX26.1.sdk/System/Library/Frameworks/IOKit.framework/Headers/storage/IOBDBlockStorageDevice.h
/Applications/Xcode.app/Contents/Developer/Platforms/MacOSX.platform/Developer/SDKs/MacOSX26.1.sdk/System/Library/Frameworks/IOKit.framework/Headers/storage/IOBDTypes.h
/Applications/Xcode.app/Contents/Developer/Platforms/MacOSX.platform/Developer/SDKs/MacOSX26.1.sdk/System/Library/Frameworks/IOKit.framework/Headers/storage/IOFDiskPartitionScheme.h
/Applications/Xcode.app/Contents/Developer/Platforms/MacOSX.platform/Developer/SDKs/MacOSX26.1.sdk/System/Library/Frameworks/IOKit.framework/Headers/storage/IOBDMedia.h
/Applications/Xcode.app/Contents/Developer/Platforms/MacOSX.platform/Developer/SDKs/MacOSX26.1.sdk/System/Library/Frameworks/IOKit.framework/Headers/storage/IOFilterScheme.h
/Applications/Xcode.app/Contents/Developer/Platforms/MacOSX.platform/Developer/SDKs/MacOSX26.1.sdk/System/Library/Frameworks/IOKit.framework/Headers/storage/IOBDMediaBSDClient.h
/Applications/Xcode.app/Contents/Developer/Platforms/MacOSX.platform/Developer/SDKs/MacOSX26.1.sdk/System/Library/Frameworks/IOKit.framework/Headers/storage/IOFireWireStorageCharacteristics.h
/Applications/Xcode.app/Contents/Developer/Platforms/MacOSX.platform/Developer/SDKs/MacOSX26.1.sdk/System/Library/Frameworks/IOKit.framework/Headers/storage/IOGUIDPartitionScheme.h
/Applications/Xcode.app/Contents/Developer/Platforms/MacOSX.platform/Developer/SDKs/MacOSX26.1.sdk/System/Library/Frameworks/IOKit.framework/Headers/storage/IOBlockStorageDevice.h
/Applications/Xcode.app/Contents/Developer/Platforms/MacOSX.platform/Developer/SDKs/MacOSX26.1.sdk/System/Library/Frameworks/IOKit.framework/Headers/storage/IOMedia.h
/Applications/Xcode.app/Contents/Developer/Platforms/MacOSX.platform/Developer/SDKs/MacOSX26.1.sdk/System/Library/Frameworks/IOKit.framework/Headers/storage/IOBlockStorageDriver.h
/Applications/Xcode.app/Contents/Developer/Platforms/MacOSX.platform/Developer/SDKs/MacOSX26.1.sdk/System/Library/Frameworks/IOKit.framework/Headers/storage/IOMediaBSDClient.h
/Applications/Xcode.app/Contents/Developer/Platforms/MacOSX.platform/Developer/SDKs/MacOSX26.1.sdk/System/Library/Frameworks/IOKit.framework/Headers/storage/IOCDBlockStorageDevice.h
/Applications/Xcode.app/Contents/Developer/Platforms/MacOSX.platform/Developer/SDKs/MacOSX26.1.sdk/System/Library/Frameworks/IOKit.framework/Headers/storage/IOCDTypes.h
/Applications/Xcode.app/Contents/Developer/Platforms/MacOSX.platform/Developer/SDKs/MacOSX26.1.sdk/System/Library/Frameworks/IOKit.framework/Headers/storage/IOPartitionScheme.h
/Applications/Xcode.app/Contents/Developer/Platforms/MacOSX.platform/Developer/SDKs/MacOSX26.1.sdk/System/Library/Frameworks/IOKit.framework/Headers/storage/IOCDMedia.h
/Applications/Xcode.app/Contents/Developer/Platforms/MacOSX.platform/Developer/SDKs/MacOSX26.1.sdk/System/Library/Frameworks/IOKit.framework/Headers/storage/IOStorage.h
/Applications/Xcode.app/Contents/Developer/Platforms/MacOSX.platform/Developer/SDKs/MacOSX26.1.sdk/System/Library/Frameworks/IOKit.framework/Headers/storage/IOCDMediaBSDClient.h
/Applications/Xcode.app/Contents/Developer/Platforms/MacOSX.platform/Developer/SDKs/MacOSX26.1.sdk/System/Library/Frameworks/IOKit.framework/Headers/storage/IOStorageCardCharacteristics.h
/Applications/Xcode.app/Contents/Developer/Platforms/MacOSX.platform/Developer/SDKs/MacOSX26.1.sdk/System/Library/Frameworks/IOKit.framework/Headers/storage/IOCDPartitionScheme.h
/Applications/Xcode.app/Contents/Developer/Platforms/MacOSX.platform/Developer/SDKs/MacOSX26.1.sdk/System/Library/Frameworks/IOKit.framework/Headers/storage/IODVDBlockStorageDevice.h
/Applications/Xcode.app/Contents/Developer/Platforms/MacOSX.platform/Developer/SDKs/MacOSX26.1.sdk/System/Library/Frameworks/IOKit.framework/Headers/storage/IODVDMedia.h
/Applications/Xcode.app/Contents/Developer/Platforms/MacOSX.platform/Developer/SDKs/MacOSX26.1.sdk/System/Library/Frameworks/IOKit.framework/Headers/storage/ata/ATASMARTLib.h
/Applications/Xcode.app/Contents/Developer/Platforms/MacOSX.platform/Developer/SDKs/MacOSX26.1.sdk/System/Library/Frameworks/IOKit.framework/Headers/storage/ata/IOATAStorageDefines.h
/Applications/Xcode.app/Contents/Developer/Platforms/MacOSX.platform/Developer/SDKs/MacOSX26.1.sdk/System/Library/Frameworks/IOKit.framework/Headers/stream/IOStreamLib.h
/Applications/Xcode.app/Contents/Developer/Platforms/MacOSX.platform/Developer/SDKs/MacOSX26.1.sdk/System/Library/Frameworks/IOKit.framework/Headers/stream/IOStreamShared.h
/Applications/Xcode.app/Contents/Developer/Platforms/MacOSX.platform/Developer/SDKs/MacOSX26.1.sdk/System/Library/Frameworks/IOKit.framework/Headers/usb/AppleUSBDefinitions.h
/Applications/Xcode.app/Contents/Developer/Platforms/MacOSX.platform/Developer/SDKs/MacOSX26.1.sdk/System/Library/Frameworks/IOKit.framework/Headers/usb/IOUSBHostFamilyDefinitions.h
/Applications/Xcode.app/Contents/Developer/Platforms/MacOSX.platform/Developer/SDKs/MacOSX26.1.sdk/System/Library/Frameworks/IOKit.framework/Headers/usb/IOUSBLib.h
/Applications/Xcode.app/Contents/Developer/Platforms/MacOSX.platform/Developer/SDKs/MacOSX26.1.sdk/System/Library/Frameworks/IOKit.framework/Headers/usb/USB.h
/Applications/Xcode.app/Contents/Developer/Platforms/MacOSX.platform/Developer/SDKs/MacOSX26.1.sdk/System/Library/Frameworks/IOKit.framework/Headers/usb/USBSpec.h
/Applications/Xcode.app/Contents/Developer/Platforms/MacOSX.platform/Developer/SDKs/MacOSX26.1.sdk/SDKSettings.json
/Applications/Xcode.app/Contents/Developer/Platforms/MacOSX.platform/Developer/SDKs/MacOSX26.1.sdk/usr/include/DarwinBasic.modulemap
/Applications/Xcode.app/Contents/Developer/Platforms/MacOSX.platform/Developer/SDKs/MacOSX26.1.sdk/usr/include/Darwin.modulemap
/Applications/Xcode.app/Contents/Developer/Platforms/MacOSX.platform/Developer/SDKs/MacOSX26.1.sdk/usr/include/Darwin_C.modulemap
/Applications/Xcode.app/Contents/Developer/Platforms/MacOSX.platform/Developer/SDKs/MacOSX26.1.sdk/usr/include/Darwin_POSIX.modulemap
/Applications/Xcode.app/Contents/Developer/Platforms/MacOSX.platform/Developer/SDKs/MacOSX26.1.sdk/usr/include/net.modulemap
/Applications/Xcode.app/Contents/Developer/Platforms/MacOSX.platform/Developer/SDKs/MacOSX26.1.sdk/usr/include/netinet.modulemap
/Applications/Xcode.app/Contents/Developer/Platforms/MacOSX.platform/Developer/SDKs/MacOSX26.1.sdk/usr/include/bank.modulemap
/Applications/Xcode.app/Contents/Developer/Platforms/MacOSX.platform/Developer/SDKs/MacOSX26.1.sdk/usr/include/Darwin_Mach.modulemap
/Applications/Xcode.app/Contents/Developer/Platforms/MacOSX.platform/Developer/SDKs/MacOSX26.1.sdk/usr/include/Darwin_Mach_machine.modulemap
/Applications/Xcode.app/Contents/Developer/Platforms/MacOSX.platform/Developer/SDKs/MacOSX26.1.sdk/usr/include/mach_debug.modulemap
/Applications/Xcode.app/Contents/Developer/Platforms/MacOSX.platform/Developer/SDKs/MacOSX26.1.sdk/usr/include/device.modulemap
/Applications/Xcode.app/Contents/Developer/Platforms/MacOSX.platform/Developer/SDKs/MacOSX26.1.sdk/usr/include/Darwin_machine.modulemap
/Applications/Xcode.app/Contents/Developer/Platforms/MacOSX.platform/Developer/SDKs/MacOSX26.1.sdk/usr/include/ncurses.modulemap
/Applications/Xcode.app/Contents/Developer/Platforms/MacOSX.platform/Developer/SDKs/MacOSX26.1.sdk/usr/include/netinet6.modulemap
/Applications/Xcode.app/Contents/Developer/Platforms/MacOSX.platform/Developer/SDKs/MacOSX26.1.sdk/usr/include/Darwin_sys.modulemap
/Applications/Xcode.app/Contents/Developer/Platforms/MacOSX.platform/Developer/SDKs/MacOSX26.1.sdk/usr/include/uuid.modulemap
/Applications/Xcode.app/Contents/Developer/Platforms/MacOSX.platform/Developer/SDKs/MacOSX26.1.sdk/usr/include/DarwinFoundation2.modulemap
/Applications/Xcode.app/Contents/Developer/Platforms/MacOSX.platform/Developer/SDKs/MacOSX26.1.sdk/usr/include/DarwinFoundation3.modulemap
/Applications/Xcode.app/Contents/Developer/Platforms/MacOSX.platform/Developer/SDKs/MacOSX26.1.sdk/usr/include/DarwinFoundation1.modulemap
/Applications/Xcode.app/Contents/Developer/Platforms/MacOSX.platform/Developer/SDKs/MacOSX26.1.sdk/usr/include/mach-o/arch.h
/Applications/Xcode.app/Contents/Developer/Toolchains/XcodeDefault.xctoolchain/usr/lib/swift/clang/include/module.modulemap
/Applications/Xcode.app/Contents/Developer/Platforms/MacOSX.platform/Developer/SDKs/MacOSX26.1.sdk/usr/include/mach-o/arm/reloc.h
/Applications/Xcode.app/Contents/Developer/Platforms/MacOSX.platform/Developer/SDKs/MacOSX26.1.sdk/usr/include/mach-o/arm64/reloc.h
/Applications/Xcode.app/Contents/Developer/Platforms/MacOSX.platform/Developer/SDKs/MacOSX26.1.sdk/usr/include/mach-o/compact_unwind_encoding.h
/Applications/Xcode.app/Contents/Developer/Platforms/MacOSX.platform/Developer/SDKs/MacOSX26.1.sdk/usr/include/mach-o/dyld.h
/Applications/Xcode.app/Contents/Developer/Toolchains/XcodeDefault.xctoolchain/usr/lib/swift/clang/include/stddef.h
/Applications/Xcode.app/Contents/Developer/Platforms/MacOSX.platform/Developer/SDKs/MacOSX26.1.sdk/usr/include/mach-o/loader.h
/Applications/Xcode.app/Contents/Developer/Platforms/MacOSX.platform/Developer/SDKs/MacOSX26.1.sdk/usr/include/mach-o/dyld_images.h
/Applications/Xcode.app/Contents/Developer/Platforms/MacOSX.platform/Developer/SDKs/MacOSX26.1.sdk/usr/include/mach-o/fat.h
/Applications/Xcode.app/Contents/Developer/Platforms/MacOSX.platform/Developer/SDKs/MacOSX26.1.sdk/usr/include/mach-o/fixup-chains.h
/Applications/Xcode.app/Contents/Developer/Platforms/MacOSX.platform/Developer/SDKs/MacOSX26.1.sdk/usr/include/mach-o/getsect.h
/Applications/Xcode.app/Contents/Developer/Platforms/MacOSX.platform/Developer/SDKs/MacOSX26.1.sdk/usr/include/mach-o/ldsyms.h
/Applications/Xcode.app/Contents/Developer/Platforms/MacOSX.platform/Developer/SDKs/MacOSX26.1.sdk/usr/include/mach-o/nlist.h
/Applications/Xcode.app/Contents/Developer/Platforms/MacOSX.platform/Developer/SDKs/MacOSX26.1.sdk/usr/include/mach-o/ranlib.h
/Applications/Xcode.app/Contents/Developer/Platforms/MacOSX.platform/Developer/SDKs/MacOSX26.1.sdk/usr/include/mach-o/reloc.h
/Applications/Xcode.app/Contents/Developer/Platforms/MacOSX.platform/Developer/SDKs/MacOSX26.1.sdk/usr/include/mach-o/stab.h
/Applications/Xcode.app/Contents/Developer/Platforms/MacOSX.platform/Developer/SDKs/MacOSX26.1.sdk/usr/include/mach-o/swap.h
/Applications/Xcode.app/Contents/Developer/Platforms/MacOSX.platform/Developer/SDKs/MacOSX26.1.sdk/usr/include/mach-o/utils.h
/Applications/Xcode.app/Contents/Developer/Platforms/MacOSX.platform/Developer/SDKs/MacOSX26.1.sdk/usr/include/mach-o/x86_64/reloc.h
/Applications/Xcode.app/Contents/Developer/Platforms/MacOSX.platform/Developer/SDKs/MacOSX26.1.sdk/SDKSettings.json
/Applications/Xcode.app/Contents/Developer/Platforms/MacOSX.platform/Developer/SDKs/MacOSX26.1.sdk/usr/include/ObjectiveC.apinotes
/Applications/Xcode.app/Contents/Developer/Platforms/MacOSX.platform/Developer/SDKs/MacOSX26.1.sdk/usr/include/DarwinBasic.modulemap
/Applications/Xcode.app/Contents/Developer/Platforms/MacOSX.platform/Developer/SDKs/MacOSX26.1.sdk/usr/include/ObjectiveC.modulemap
/Applications/Xcode.app/Contents/Developer/Platforms/MacOSX.platform/Developer/SDKs/MacOSX26.1.sdk/usr/include/Darwin.modulemap
/Applications/Xcode.app/Contents/Developer/Platforms/MacOSX.platform/Developer/SDKs/MacOSX26.1.sdk/usr/include/Darwin_C.modulemap
/Applications/Xcode.app/Contents/Developer/Platforms/MacOSX.platform/Developer/SDKs/MacOSX26.1.sdk/usr/include/Darwin_POSIX.modulemap
/Applications/Xcode.app/Contents/Developer/Platforms/MacOSX.platform/Developer/SDKs/MacOSX26.1.sdk/usr/include/net.modulemap
/Applications/Xcode.app/Contents/Developer/Platforms/MacOSX.platform/Developer/SDKs/MacOSX26.1.sdk/usr/include/netinet.modulemap
/Applications/Xcode.app/Contents/Developer/Platforms/MacOSX.platform/Developer/SDKs/MacOSX26.1.sdk/usr/include/bank.modulemap
/Applications/Xcode.app/Contents/Developer/Platforms/MacOSX.platform/Developer/SDKs/MacOSX26.1.sdk/usr/include/Darwin_Mach.modulemap
/Applications/Xcode.app/Contents/Developer/Platforms/MacOSX.platform/Developer/SDKs/MacOSX26.1.sdk/usr/include/Darwin_Mach_machine.modulemap
/Applications/Xcode.app/Contents/Developer/Platforms/MacOSX.platform/Developer/SDKs/MacOSX26.1.sdk/usr/include/mach_debug.modulemap
/Applications/Xcode.app/Contents/Developer/Platforms/MacOSX.platform/Developer/SDKs/MacOSX26.1.sdk/usr/include/device.modulemap
/Applications/Xcode.app/Contents/Developer/Platforms/MacOSX.platform/Developer/SDKs/MacOSX26.1.sdk/usr/include/Darwin_machine.modulemap
/Applications/Xcode.app/Contents/Developer/Platforms/MacOSX.platform/Developer/SDKs/MacOSX26.1.sdk/usr/include/ncurses.modulemap
/Applications/Xcode.app/Contents/Developer/Platforms/MacOSX.platform/Developer/SDKs/MacOSX26.1.sdk/usr/include/netinet6.modulemap
/Applications/Xcode.app/Contents/Developer/Platforms/MacOSX.platform/Developer/SDKs/MacOSX26.1.sdk/usr/include/Darwin_sys.modulemap
/Applications/Xcode.app/Contents/Developer/Platforms/MacOSX.platform/Developer/SDKs/MacOSX26.1.sdk/usr/include/uuid.modulemap
/Applications/Xcode.app/Contents/Developer/Platforms/MacOSX.platform/Developer/SDKs/MacOSX26.1.sdk/usr/include/DarwinFoundation2.modulemap
/Applications/Xcode.app/Contents/Developer/Platforms/MacOSX.platform/Developer/SDKs/MacOSX26.1.sdk/usr/include/DarwinFoundation3.modulemap
/Applications/Xcode.app/Contents/Developer/Platforms/MacOSX.platform/Developer/SDKs/MacOSX26.1.sdk/usr/include/DarwinFoundation1.modulemap
/Applications/Xcode.app/Contents/Developer/Platforms/MacOSX.platform/Developer/SDKs/MacOSX26.1.sdk/usr/include/objc/List.h
/Applications/Xcode.app/Contents/Developer/Platforms/MacOSX.platform/Developer/SDKs/MacOSX26.1.sdk/usr/include/objc/NSObjCRuntime.h
/Applications/Xcode.app/Contents/Developer/Toolchains/XcodeDefault.xctoolchain/usr/lib/swift/clang/include/module.modulemap
/Applications/Xcode.app/Contents/Developer/Platforms/MacOSX.platform/Developer/SDKs/MacOSX26.1.sdk/usr/include/objc/objc.h
/Applications/Xcode.app/Contents/Developer/Platforms/MacOSX.platform/Developer/SDKs/MacOSX26.1.sdk/usr/include/stdlib.h
/Applications/Xcode.app/Contents/Developer/Platforms/MacOSX.platform/Developer/SDKs/MacOSX26.1.sdk/usr/include/objc/objc-api.h
/Applications/Xcode.app/Contents/Developer/Toolchains/XcodeDefault.xctoolchain/usr/lib/swift/clang/include/stddef.h
/Applications/Xcode.app/Contents/Developer/Platforms/MacOSX.platform/Developer/SDKs/MacOSX26.1.sdk/usr/include/objc/NSObject.h
/Applications/Xcode.app/Contents/Developer/Platforms/MacOSX.platform/Developer/SDKs/MacOSX26.1.sdk/usr/include/objc/Object.h
/Applications/Xcode.app/Contents/Developer/Toolchains/XcodeDefault.xctoolchain/usr/lib/swift/clang/include/stdarg.h
/Applications/Xcode.app/Contents/Developer/Platforms/MacOSX.platform/Developer/SDKs/MacOSX26.1.sdk/usr/include/objc/objc-runtime.h
/Applications/Xcode.app/Contents/Developer/Platforms/MacOSX.platform/Developer/SDKs/MacOSX26.1.sdk/usr/include/objc/runtime.h
/Applications/Xcode.app/Contents/Developer/Platforms/MacOSX.platform/Developer/SDKs/MacOSX26.1.sdk/usr/include/objc/message.h
/Applications/Xcode.app/Contents/Developer/Platforms/MacOSX.platform/Developer/SDKs/MacOSX26.1.sdk/usr/include/objc/Protocol.h
/Applications/Xcode.app/Contents/Developer/Platforms/MacOSX.platform/Developer/SDKs/MacOSX26.1.sdk/usr/include/objc/hashtable.h
/Applications/Xcode.app/Contents/Developer/Platforms/MacOSX.platform/Developer/SDKs/MacOSX26.1.sdk/usr/include/objc/hashtable2.h
/Applications/Xcode.app/Contents/Developer/Platforms/MacOSX.platform/Developer/SDKs/MacOSX26.1.sdk/usr/include/objc/objc-auto.h
/Applications/Xcode.app/Contents/Developer/Platforms/MacOSX.platform/Developer/SDKs/MacOSX26.1.sdk/usr/include/string.h
/Applications/Xcode.app/Contents/Developer/Platforms/MacOSX.platform/Developer/SDKs/MacOSX26.1.sdk/usr/include/objc/objc-class.h
/Applications/Xcode.app/Contents/Developer/Platforms/MacOSX.platform/Developer/SDKs/MacOSX26.1.sdk/usr/include/objc/objc-exception.h
/Applications/Xcode.app/Contents/Developer/Platforms/MacOSX.platform/Developer/SDKs/MacOSX26.1.sdk/usr/include/objc/objc-load.h
/Applications/Xcode.app/Contents/Developer/Platforms/MacOSX.platform/Developer/SDKs/MacOSX26.1.sdk/usr/include/objc/objc-sync.h
/Applications/Xcode.app/Contents/Developer/Platforms/MacOSX.platform/Developer/SDKs/MacOSX26.1.sdk/SDKSettings.json
/Applications/Xcode.app/Contents/Developer/Toolchains/XcodeDefault.xctoolchain/usr/lib/swift/macosx/prebuilt-modules/26.1/ObjectiveC.swiftmodule/arm64e-apple-macos.swiftmodule
/Applications/Xcode.app/Contents/Developer/Toolchains/XcodeDefault.xctoolchain/usr/lib/swift/macosx/prebuilt-modules/26.1/Observation.swiftmodule/arm64e-apple-macos.swiftmodule
/Applications/Xcode.app/Contents/Developer/Platforms/MacOSX.platform/Developer/SDKs/MacOSX26.1.sdk/System/Library/Frameworks/Security.framework/Headers/Security.apinotes
/Applications/Xcode.app/Contents/Developer/Platforms/MacOSX.platform/Developer/SDKs/MacOSX26.1.sdk/System/Library/Frameworks/Security.framework/Modules/module.modulemap
/Applications/Xcode.app/Contents/Developer/Platforms/MacOSX.platform/Developer/SDKs/MacOSX26.1.sdk/System/Library/Frameworks/Security.framework/Headers/Security.h
/Applications/Xcode.app/Contents/Developer/Platforms/MacOSX.platform/Developer/SDKs/MacOSX26.1.sdk/System/Library/Frameworks/Security.framework/Headers/SecBase.h
/Applications/Xcode.app/Contents/Developer/Platforms/MacOSX.platform/Developer/SDKs/MacOSX26.1.sdk/usr/include/xpc.modulemap
/Applications/Xcode.app/Contents/Developer/Platforms/MacOSX.platform/Developer/SDKs/MacOSX26.1.sdk/usr/include/dispatch.modulemap
/Applications/Xcode.app/Contents/Developer/Platforms/MacOSX.platform/Developer/SDKs/MacOSX26.1.sdk/usr/include/os.modulemap
/Applications/Xcode.app/Contents/Developer/Platforms/MacOSX.platform/Developer/SDKs/MacOSX26.1.sdk/usr/include/Darwin.modulemap
/Applications/Xcode.app/Contents/Developer/Platforms/MacOSX.platform/Developer/SDKs/MacOSX26.1.sdk/usr/include/Darwin_C.modulemap
/Applications/Xcode.app/Contents/Developer/Platforms/MacOSX.platform/Developer/SDKs/MacOSX26.1.sdk/usr/include/Darwin_POSIX.modulemap
/Applications/Xcode.app/Contents/Developer/Platforms/MacOSX.platform/Developer/SDKs/MacOSX26.1.sdk/usr/include/net.modulemap
/Applications/Xcode.app/Contents/Developer/Platforms/MacOSX.platform/Developer/SDKs/MacOSX26.1.sdk/usr/include/netinet.modulemap
/Applications/Xcode.app/Contents/Developer/Platforms/MacOSX.platform/Developer/SDKs/MacOSX26.1.sdk/usr/include/bank.modulemap
/Applications/Xcode.app/Contents/Developer/Platforms/MacOSX.platform/Developer/SDKs/MacOSX26.1.sdk/usr/include/Darwin_Mach.modulemap
/Applications/Xcode.app/Contents/Developer/Platforms/MacOSX.platform/Developer/SDKs/MacOSX26.1.sdk/usr/include/Darwin_Mach_machine.modulemap
/Applications/Xcode.app/Contents/Developer/Platforms/MacOSX.platform/Developer/SDKs/MacOSX26.1.sdk/usr/include/mach_debug.modulemap
/Applications/Xcode.app/Contents/Developer/Platforms/MacOSX.platform/Developer/SDKs/MacOSX26.1.sdk/usr/include/device.modulemap
/Applications/Xcode.app/Contents/Developer/Platforms/MacOSX.platform/Developer/SDKs/MacOSX26.1.sdk/usr/include/Darwin_machine.modulemap
/Applications/Xcode.app/Contents/Developer/Platforms/MacOSX.platform/Developer/SDKs/MacOSX26.1.sdk/usr/include/ncurses.modulemap
/Applications/Xcode.app/Contents/Developer/Platforms/MacOSX.platform/Developer/SDKs/MacOSX26.1.sdk/usr/include/netinet6.modulemap
/Applications/Xcode.app/Contents/Developer/Platforms/MacOSX.platform/Developer/SDKs/MacOSX26.1.sdk/usr/include/Darwin_sys.modulemap
/Applications/Xcode.app/Contents/Developer/Platforms/MacOSX.platform/Developer/SDKs/MacOSX26.1.sdk/usr/include/uuid.modulemap
/Applications/Xcode.app/Contents/Developer/Platforms/MacOSX.platform/Developer/SDKs/MacOSX26.1.sdk/usr/include/DarwinFoundation2.modulemap
/Applications/Xcode.app/Contents/Developer/Platforms/MacOSX.platform/Developer/SDKs/MacOSX26.1.sdk/usr/include/DarwinFoundation3.modulemap
/Applications/Xcode.app/Contents/Developer/Platforms/MacOSX.platform/Developer/SDKs/MacOSX26.1.sdk/usr/include/DarwinFoundation1.modulemap
/Applications/Xcode.app/Contents/Developer/Platforms/MacOSX.platform/Developer/SDKs/MacOSX26.1.sdk/System/Library/Frameworks/CoreFoundation.framework/Modules/module.modulemap
/Applications/Xcode.app/Contents/Developer/Platforms/MacOSX.platform/Developer/SDKs/MacOSX26.1.sdk/System/Library/Frameworks/Security.framework/Headers/SecCertificate.h
/Applications/Xcode.app/Contents/Developer/Platforms/MacOSX.platform/Developer/SDKs/MacOSX26.1.sdk/System/Library/Frameworks/Security.framework/Headers/cssmtype.h
/Applications/Xcode.app/Contents/Developer/Platforms/MacOSX.platform/Developer/SDKs/MacOSX26.1.sdk/System/Library/Frameworks/Security.framework/Headers/cssmconfig.h
/Applications/Xcode.app/Contents/Developer/Toolchains/XcodeDefault.xctoolchain/usr/lib/swift/clang/include/module.modulemap
/Applications/Xcode.app/Contents/Developer/Platforms/MacOSX.platform/Developer/SDKs/MacOSX26.1.sdk/System/Library/Frameworks/Security.framework/Headers/SecAsn1Types.h
/Applications/Xcode.app/Contents/Developer/Platforms/MacOSX.platform/Developer/SDKs/MacOSX26.1.sdk/System/Library/Frameworks/Security.framework/Headers/x509defs.h
/Applications/Xcode.app/Contents/Developer/Platforms/MacOSX.platform/Developer/SDKs/MacOSX26.1.sdk/System/Library/Frameworks/Security.framework/Headers/SecIdentity.h
/Applications/Xcode.app/Contents/Developer/Platforms/MacOSX.platform/Developer/SDKs/MacOSX26.1.sdk/System/Library/Frameworks/Security.framework/Headers/SecAccessControl.h
/Applications/Xcode.app/Contents/Developer/Platforms/MacOSX.platform/Developer/SDKs/MacOSX26.1.sdk/System/Library/Frameworks/Security.framework/Headers/SecItem.h
/Applications/Xcode.app/Contents/Developer/Platforms/MacOSX.platform/Developer/SDKs/MacOSX26.1.sdk/System/Library/Frameworks/Security.framework/Headers/SecKey.h
/Applications/Xcode.app/Contents/Developer/Platforms/MacOSX.platform/Developer/SDKs/MacOSX26.1.sdk/System/Library/Frameworks/Security.framework/Headers/SecAccess.h
/Applications/Xcode.app/Contents/Developer/Platforms/MacOSX.platform/Developer/SDKs/MacOSX26.1.sdk/System/Library/Frameworks/Security.framework/Headers/SecPolicy.h
/Applications/Xcode.app/Contents/Developer/Platforms/MacOSX.platform/Developer/SDKs/MacOSX26.1.sdk/System/Library/Frameworks/Security.framework/Headers/SecRandom.h
/Applications/Xcode.app/Contents/Developer/Platforms/MacOSX.platform/Developer/SDKs/MacOSX26.1.sdk/System/Library/Frameworks/Security.framework/Headers/SecImportExport.h
/Applications/Xcode.app/Contents/Developer/Platforms/MacOSX.platform/Developer/SDKs/MacOSX26.1.sdk/System/Library/Frameworks/Security.framework/Headers/SecKeychain.h
/Applications/Xcode.app/Contents/Developer/Platforms/MacOSX.platform/Developer/SDKs/MacOSX26.1.sdk/System/Library/Frameworks/Security.framework/Headers/cssmapple.h
/Applications/Xcode.app/Contents/Developer/Platforms/MacOSX.platform/Developer/SDKs/MacOSX26.1.sdk/System/Library/Frameworks/Security.framework/Headers/cssmerr.h
/Applications/Xcode.app/Contents/Developer/Platforms/MacOSX.platform/Developer/SDKs/MacOSX26.1.sdk/System/Library/Frameworks/Security.framework/Headers/certextensions.h
/Applications/Xcode.app/Contents/Developer/Platforms/MacOSX.platform/Developer/SDKs/MacOSX26.1.sdk/System/Library/Frameworks/Security.framework/Headers/SecTrust.h
/Applications/Xcode.app/Contents/Developer/Platforms/MacOSX.platform/Developer/SDKs/MacOSX26.1.sdk/System/Library/Frameworks/Security.framework/Headers/SecSharedCredential.h
/Applications/Xcode.app/Contents/Developer/Platforms/MacOSX.platform/Developer/SDKs/MacOSX26.1.sdk/System/Library/Frameworks/Security.framework/Headers/SecProtocolOptions.h
/Applications/Xcode.app/Contents/Developer/Platforms/MacOSX.platform/Developer/SDKs/MacOSX26.1.sdk/System/Library/Frameworks/Security.framework/Headers/SecProtocolObject.h
/Applications/Xcode.app/Contents/Developer/Platforms/MacOSX.platform/Developer/SDKs/MacOSX26.1.sdk/System/Library/Frameworks/Security.framework/Headers/SecProtocolTypes.h
/Applications/Xcode.app/Contents/Developer/Platforms/MacOSX.platform/Developer/SDKs/MacOSX26.1.sdk/System/Library/Frameworks/Security.framework/Headers/CipherSuite.h
/Applications/Xcode.app/Contents/Developer/Platforms/MacOSX.platform/Developer/SDKs/MacOSX26.1.sdk/System/Library/Frameworks/Security.framework/Headers/SecProtocolMetadata.h
/Applications/Xcode.app/Contents/Developer/Platforms/MacOSX.platform/Developer/SDKs/MacOSX26.1.sdk/System/Library/Frameworks/Security.framework/Headers/AuthSession.h
/Applications/Xcode.app/Contents/Developer/Platforms/MacOSX.platform/Developer/SDKs/MacOSX26.1.sdk/System/Library/Frameworks/Security.framework/Headers/Authorization.h
/Applications/Xcode.app/Contents/Developer/Platforms/MacOSX.platform/Developer/SDKs/MacOSX26.1.sdk/usr/include/stdio.h
/Applications/Xcode.app/Contents/Developer/Platforms/MacOSX.platform/Developer/SDKs/MacOSX26.1.sdk/System/Library/Frameworks/Security.framework/Headers/cssm.h
/Applications/Xcode.app/Contents/Developer/Platforms/MacOSX.platform/Developer/SDKs/MacOSX26.1.sdk/System/Library/Frameworks/Security.framework/Headers/emmtype.h
/Applications/Xcode.app/Contents/Developer/Platforms/MacOSX.platform/Developer/SDKs/MacOSX26.1.sdk/System/Library/Frameworks/Security.framework/Headers/cssmapi.h
/Applications/Xcode.app/Contents/Developer/Platforms/MacOSX.platform/Developer/SDKs/MacOSX26.1.sdk/System/Library/Frameworks/Security.framework/Headers/cssmaci.h
/Applications/Xcode.app/Contents/Developer/Platforms/MacOSX.platform/Developer/SDKs/MacOSX26.1.sdk/System/Library/Frameworks/Security.framework/Headers/cssmcli.h
/Applications/Xcode.app/Contents/Developer/Platforms/MacOSX.platform/Developer/SDKs/MacOSX26.1.sdk/System/Library/Frameworks/Security.framework/Headers/cssmcspi.h
/Applications/Xcode.app/Contents/Developer/Platforms/MacOSX.platform/Developer/SDKs/MacOSX26.1.sdk/System/Library/Frameworks/Security.framework/Headers/cssmspi.h
/Applications/Xcode.app/Contents/Developer/Platforms/MacOSX.platform/Developer/SDKs/MacOSX26.1.sdk/System/Library/Frameworks/Security.framework/Headers/cssmdli.h
/Applications/Xcode.app/Contents/Developer/Platforms/MacOSX.platform/Developer/SDKs/MacOSX26.1.sdk/System/Library/Frameworks/Security.framework/Headers/cssmkrapi.h
/Applications/Xcode.app/Contents/Developer/Platforms/MacOSX.platform/Developer/SDKs/MacOSX26.1.sdk/System/Library/Frameworks/Security.framework/Headers/cssmkrspi.h
/Applications/Xcode.app/Contents/Developer/Platforms/MacOSX.platform/Developer/SDKs/MacOSX26.1.sdk/System/Library/Frameworks/Security.framework/Headers/cssmtpi.h
/Applications/Xcode.app/Contents/Developer/Platforms/MacOSX.platform/Developer/SDKs/MacOSX26.1.sdk/System/Library/Frameworks/Security.framework/Headers/emmspi.h
/Applications/Xcode.app/Contents/Developer/Platforms/MacOSX.platform/Developer/SDKs/MacOSX26.1.sdk/System/Library/Frameworks/Security.framework/Headers/mds.h
/Applications/Xcode.app/Contents/Developer/Platforms/MacOSX.platform/Developer/SDKs/MacOSX26.1.sdk/System/Library/Frameworks/Security.framework/Headers/mds_schema.h
/Applications/Xcode.app/Contents/Developer/Platforms/MacOSX.platform/Developer/SDKs/MacOSX26.1.sdk/System/Library/Frameworks/Security.framework/Headers/oidsalg.h
/Applications/Xcode.app/Contents/Developer/Platforms/MacOSX.platform/Developer/SDKs/MacOSX26.1.sdk/System/Library/Frameworks/Security.framework/Headers/oidsattr.h
/Applications/Xcode.app/Contents/Developer/Platforms/MacOSX.platform/Developer/SDKs/MacOSX26.1.sdk/System/Library/Frameworks/Security.framework/Headers/oidsbase.h
/Applications/Xcode.app/Contents/Developer/Platforms/MacOSX.platform/Developer/SDKs/MacOSX26.1.sdk/System/Library/Frameworks/Security.framework/Headers/oidscert.h
/Applications/Xcode.app/Contents/Developer/Platforms/MacOSX.platform/Developer/SDKs/MacOSX26.1.sdk/System/Library/Frameworks/Security.framework/Headers/oidscrl.h
/Applications/Xcode.app/Contents/Developer/Platforms/MacOSX.platform/Developer/SDKs/MacOSX26.1.sdk/System/Library/Frameworks/Security.framework/Headers/SecACL.h
/Applications/Xcode.app/Contents/Developer/Platforms/MacOSX.platform/Developer/SDKs/MacOSX26.1.sdk/System/Library/Frameworks/Security.framework/Headers/SecCertificateOIDs.h
/Applications/Xcode.app/Contents/Developer/Platforms/MacOSX.platform/Developer/SDKs/MacOSX26.1.sdk/System/Library/Frameworks/Security.framework/Headers/SecIdentitySearch.h
/Applications/Xcode.app/Contents/Developer/Platforms/MacOSX.platform/Developer/SDKs/MacOSX26.1.sdk/System/Library/Frameworks/Security.framework/Headers/SecKeychainItem.h
/Applications/Xcode.app/Contents/Developer/Platforms/MacOSX.platform/Developer/SDKs/MacOSX26.1.sdk/System/Library/Frameworks/Security.framework/Headers/SecKeychainSearch.h
/Applications/Xcode.app/Contents/Developer/Platforms/MacOSX.platform/Developer/SDKs/MacOSX26.1.sdk/System/Library/Frameworks/Security.framework/Headers/SecPolicySearch.h
/Applications/Xcode.app/Contents/Developer/Platforms/MacOSX.platform/Developer/SDKs/MacOSX26.1.sdk/System/Library/Frameworks/Security.framework/Headers/SecTrustedApplication.h
/Applications/Xcode.app/Contents/Developer/Platforms/MacOSX.platform/Developer/SDKs/MacOSX26.1.sdk/System/Library/Frameworks/Security.framework/Headers/SecTrustSettings.h
/Applications/Xcode.app/Contents/Developer/Platforms/MacOSX.platform/Developer/SDKs/MacOSX26.1.sdk/System/Library/Frameworks/Security.framework/Headers/SecStaticCode.h
/Applications/Xcode.app/Contents/Developer/Platforms/MacOSX.platform/Developer/SDKs/MacOSX26.1.sdk/System/Library/Frameworks/Security.framework/Headers/CSCommon.h
/Applications/Xcode.app/Contents/Developer/Platforms/MacOSX.platform/Developer/SDKs/MacOSX26.1.sdk/System/Library/Frameworks/Security.framework/Headers/SecCode.h
/Applications/Xcode.app/Contents/Developer/Platforms/MacOSX.platform/Developer/SDKs/MacOSX26.1.sdk/System/Library/Frameworks/Security.framework/Headers/SecCodeHost.h
/Applications/Xcode.app/Contents/Developer/Platforms/MacOSX.platform/Developer/SDKs/MacOSX26.1.sdk/System/Library/Frameworks/Security.framework/Headers/SecRequirement.h
/Applications/Xcode.app/Contents/Developer/Platforms/MacOSX.platform/Developer/SDKs/MacOSX26.1.sdk/System/Library/Frameworks/Security.framework/Headers/SecTask.h
/Applications/Xcode.app/Contents/Developer/Platforms/MacOSX.platform/Developer/SDKs/MacOSX26.1.sdk/System/Library/Frameworks/Security.framework/Headers/AuthorizationTags.h
/Applications/Xcode.app/Contents/Developer/Platforms/MacOSX.platform/Developer/SDKs/MacOSX26.1.sdk/System/Library/Frameworks/Security.framework/Headers/AuthorizationDB.h
/Applications/Xcode.app/Contents/Developer/Platforms/MacOSX.platform/Developer/SDKs/MacOSX26.1.sdk/System/Library/Frameworks/Security.framework/Headers/CMSDecoder.h
/Applications/Xcode.app/Contents/Developer/Platforms/MacOSX.platform/Developer/SDKs/MacOSX26.1.sdk/System/Library/Frameworks/Security.framework/Headers/CMSEncoder.h
/Applications/Xcode.app/Contents/Developer/Platforms/MacOSX.platform/Developer/SDKs/MacOSX26.1.sdk/System/Library/Frameworks/Security.framework/Headers/SecureTransport.h
/Applications/Xcode.app/Contents/Developer/Platforms/MacOSX.platform/Developer/SDKs/MacOSX26.1.sdk/System/Library/Frameworks/Security.framework/Headers/SecTransform.h
/Applications/Xcode.app/Contents/Developer/Platforms/MacOSX.platform/Developer/SDKs/MacOSX26.1.sdk/System/Library/Frameworks/Security.framework/Headers/SecCustomTransform.h
/Applications/Xcode.app/Contents/Developer/Platforms/MacOSX.platform/Developer/SDKs/MacOSX26.1.sdk/System/Library/Frameworks/Security.framework/Headers/SecDecodeTransform.h
/Applications/Xcode.app/Contents/Developer/Platforms/MacOSX.platform/Developer/SDKs/MacOSX26.1.sdk/System/Library/Frameworks/Security.framework/Headers/SecEncodeTransform.h
/Applications/Xcode.app/Contents/Developer/Platforms/MacOSX.platform/Developer/SDKs/MacOSX26.1.sdk/System/Library/Frameworks/Security.framework/Headers/SecDigestTransform.h
/Applications/Xcode.app/Contents/Developer/Platforms/MacOSX.platform/Developer/SDKs/MacOSX26.1.sdk/System/Library/Frameworks/Security.framework/Headers/SecEncryptTransform.h
/Applications/Xcode.app/Contents/Developer/Platforms/MacOSX.platform/Developer/SDKs/MacOSX26.1.sdk/System/Library/Frameworks/Security.framework/Headers/SecSignVerifyTransform.h
/Applications/Xcode.app/Contents/Developer/Platforms/MacOSX.platform/Developer/SDKs/MacOSX26.1.sdk/System/Library/Frameworks/Security.framework/Headers/SecReadTransform.h
/Applications/Xcode.app/Contents/Developer/Platforms/MacOSX.platform/Developer/SDKs/MacOSX26.1.sdk/System/Library/Frameworks/Security.framework/Headers/SecTransformReadTransform.h
/Applications/Xcode.app/Contents/Developer/Platforms/MacOSX.platform/Developer/SDKs/MacOSX26.1.sdk/System/Library/Frameworks/Security.framework/Headers/oids.h
/Applications/Xcode.app/Contents/Developer/Platforms/MacOSX.platform/Developer/SDKs/MacOSX26.1.sdk/usr/include/libDER/module.modulemap
/Applications/Xcode.app/Contents/Developer/Platforms/MacOSX.platform/Developer/SDKs/MacOSX26.1.sdk/usr/include/string.h
/Applications/Xcode.app/Contents/Developer/Platforms/MacOSX.platform/Developer/SDKs/MacOSX26.1.sdk/System/Library/Frameworks/Security.framework/Headers/AuthorizationPlugin.h
/Applications/Xcode.app/Contents/Developer/Platforms/MacOSX.platform/Developer/SDKs/MacOSX26.1.sdk/System/Library/Frameworks/Security.framework/Headers/CodeSigning.h
/Applications/Xcode.app/Contents/Developer/Platforms/MacOSX.platform/Developer/SDKs/MacOSX26.1.sdk/System/Library/Frameworks/Security.framework/Headers/eisl.h
/Applications/Xcode.app/Contents/Developer/Platforms/MacOSX.platform/Developer/SDKs/MacOSX26.1.sdk/System/Library/Frameworks/Security.framework/Headers/SecAsn1Coder.h
/Applications/Xcode.app/Contents/Developer/Platforms/MacOSX.platform/Developer/SDKs/MacOSX26.1.sdk/System/Library/Frameworks/Security.framework/Headers/SecAsn1Templates.h
/Applications/Xcode.app/Contents/Developer/Platforms/MacOSX.platform/Developer/SDKs/MacOSX26.1.sdk/System/Library/Frameworks/Security.framework/Headers/SecureDownload.h
/Applications/Xcode.app/Contents/Developer/Platforms/MacOSX.platform/Developer/SDKs/MacOSX26.1.sdk/SDKSettings.json
/Applications/Xcode.app/Contents/Developer/Toolchains/XcodeDefault.xctoolchain/usr/lib/swift/macosx/prebuilt-modules/26.1/Swift.swiftmodule/arm64e-apple-macos.swiftmodule
/Applications/Xcode.app/Contents/Developer/Toolchains/XcodeDefault.xctoolchain/usr/lib/swift/macosx/prebuilt-modules/26.1/SwiftOnoneSupport.swiftmodule/arm64e-apple-macos.swiftmodule
/Applications/Xcode.app/Contents/Developer/Platforms/MacOSX.platform/Developer/SDKs/MacOSX26.1.sdk/usr/lib/swift/shims/module.modulemap
/Applications/Xcode.app/Contents/Developer/Platforms/MacOSX.platform/Developer/SDKs/MacOSX26.1.sdk/usr/lib/swift/shims/AssertionReporting.h
/Applications/Xcode.app/Contents/Developer/Platforms/MacOSX.platform/Developer/SDKs/MacOSX26.1.sdk/usr/lib/swift/shims/SwiftStdint.h
/Applications/Xcode.app/Contents/Developer/Platforms/MacOSX.platform/Developer/SDKs/MacOSX26.1.sdk/usr/lib/swift/shims/Visibility.h
/Applications/Xcode.app/Contents/Developer/Platforms/MacOSX.platform/Developer/SDKs/MacOSX26.1.sdk/usr/lib/swift/shims/CoreFoundationShims.h
/Applications/Xcode.app/Contents/Developer/Platforms/MacOSX.platform/Developer/SDKs/MacOSX26.1.sdk/usr/lib/swift/shims/ObjCShims.h
/Applications/Xcode.app/Contents/Developer/Platforms/MacOSX.platform/Developer/SDKs/MacOSX26.1.sdk/usr/lib/swift/shims/EmbeddedShims.h
/Applications/Xcode.app/Contents/Developer/Platforms/MacOSX.platform/Developer/SDKs/MacOSX26.1.sdk/usr/lib/swift/shims/SwiftStddef.h
/Applications/Xcode.app/Contents/Developer/Platforms/MacOSX.platform/Developer/SDKs/MacOSX26.1.sdk/usr/lib/swift/shims/FoundationShims.h
/Applications/Xcode.app/Contents/Developer/Platforms/MacOSX.platform/Developer/SDKs/MacOSX26.1.sdk/usr/lib/swift/shims/GlobalObjects.h
/Applications/Xcode.app/Contents/Developer/Platforms/MacOSX.platform/Developer/SDKs/MacOSX26.1.sdk/usr/lib/swift/shims/SwiftStdbool.h
/Applications/Xcode.app/Contents/Developer/Platforms/MacOSX.platform/Developer/SDKs/MacOSX26.1.sdk/usr/lib/swift/shims/HeapObject.h
/Applications/Xcode.app/Contents/Developer/Platforms/MacOSX.platform/Developer/SDKs/MacOSX26.1.sdk/usr/lib/swift/shims/RefCount.h
/Applications/Xcode.app/Contents/Developer/Platforms/MacOSX.platform/Developer/SDKs/MacOSX26.1.sdk/usr/lib/swift/shims/System.h
/Applications/Xcode.app/Contents/Developer/Platforms/MacOSX.platform/Developer/SDKs/MacOSX26.1.sdk/usr/lib/swift/shims/Target.h
/Applications/Xcode.app/Contents/Developer/Platforms/MacOSX.platform/Developer/SDKs/MacOSX26.1.sdk/usr/lib/swift/shims/KeyPath.h
/Applications/Xcode.app/Contents/Developer/Platforms/MacOSX.platform/Developer/SDKs/MacOSX26.1.sdk/usr/lib/swift/shims/LibcShims.h
/Applications/Xcode.app/Contents/Developer/Platforms/MacOSX.platform/Developer/SDKs/MacOSX26.1.sdk/usr/lib/swift/shims/MetadataSections.h
/Applications/Xcode.app/Contents/Developer/Platforms/MacOSX.platform/Developer/SDKs/MacOSX26.1.sdk/usr/lib/swift/shims/Random.h
/Applications/Xcode.app/Contents/Developer/Platforms/MacOSX.platform/Developer/SDKs/MacOSX26.1.sdk/usr/lib/swift/shims/Reflection.h
/Applications/Xcode.app/Contents/Developer/Platforms/MacOSX.platform/Developer/SDKs/MacOSX26.1.sdk/usr/lib/swift/shims/RuntimeShims.h
/Applications/Xcode.app/Contents/Developer/Platforms/MacOSX.platform/Developer/SDKs/MacOSX26.1.sdk/usr/lib/swift/shims/RuntimeStubs.h
/Applications/Xcode.app/Contents/Developer/Platforms/MacOSX.platform/Developer/SDKs/MacOSX26.1.sdk/usr/lib/swift/shims/ThreadLocalStorage.h
/Applications/Xcode.app/Contents/Developer/Platforms/MacOSX.platform/Developer/SDKs/MacOSX26.1.sdk/usr/lib/swift/shims/UnicodeData.h
/Applications/Xcode.app/Contents/Developer/Platforms/MacOSX.platform/Developer/SDKs/MacOSX26.1.sdk/SDKSettings.json
/Applications/Xcode.app/Contents/Developer/Toolchains/XcodeDefault.xctoolchain/usr/lib/swift/macosx/prebuilt-modules/26.1/System.swiftmodule/arm64e-apple-macos.swiftmodule
/Applications/Xcode.app/Contents/Developer/Platforms/MacOSX.platform/Developer/SDKs/MacOSX26.1.sdk/usr/include/XPC.apinotes
/Applications/Xcode.app/Contents/Developer/Platforms/MacOSX.platform/Developer/SDKs/MacOSX26.1.sdk/usr/include/launch.modulemap
/Applications/Xcode.app/Contents/Developer/Platforms/MacOSX.platform/Developer/SDKs/MacOSX26.1.sdk/usr/include/xpc.modulemap
/Applications/Xcode.app/Contents/Developer/Platforms/MacOSX.platform/Developer/SDKs/MacOSX26.1.sdk/usr/include/dispatch.modulemap
/Applications/Xcode.app/Contents/Developer/Platforms/MacOSX.platform/Developer/SDKs/MacOSX26.1.sdk/usr/include/os.modulemap
/Applications/Xcode.app/Contents/Developer/Platforms/MacOSX.platform/Developer/SDKs/MacOSX26.1.sdk/usr/include/Darwin.modulemap
/Applications/Xcode.app/Contents/Developer/Platforms/MacOSX.platform/Developer/SDKs/MacOSX26.1.sdk/usr/include/Darwin_C.modulemap
/Applications/Xcode.app/Contents/Developer/Platforms/MacOSX.platform/Developer/SDKs/MacOSX26.1.sdk/usr/include/Darwin_POSIX.modulemap
/Applications/Xcode.app/Contents/Developer/Platforms/MacOSX.platform/Developer/SDKs/MacOSX26.1.sdk/usr/include/net.modulemap
/Applications/Xcode.app/Contents/Developer/Platforms/MacOSX.platform/Developer/SDKs/MacOSX26.1.sdk/usr/include/netinet.modulemap
/Applications/Xcode.app/Contents/Developer/Platforms/MacOSX.platform/Developer/SDKs/MacOSX26.1.sdk/usr/include/bank.modulemap
/Applications/Xcode.app/Contents/Developer/Platforms/MacOSX.platform/Developer/SDKs/MacOSX26.1.sdk/usr/include/Darwin_Mach.modulemap
/Applications/Xcode.app/Contents/Developer/Platforms/MacOSX.platform/Developer/SDKs/MacOSX26.1.sdk/usr/include/Darwin_Mach_machine.modulemap
/Applications/Xcode.app/Contents/Developer/Platforms/MacOSX.platform/Developer/SDKs/MacOSX26.1.sdk/usr/include/mach_debug.modulemap
/Applications/Xcode.app/Contents/Developer/Platforms/MacOSX.platform/Developer/SDKs/MacOSX26.1.sdk/usr/include/device.modulemap
/Applications/Xcode.app/Contents/Developer/Platforms/MacOSX.platform/Developer/SDKs/MacOSX26.1.sdk/usr/include/Darwin_machine.modulemap
/Applications/Xcode.app/Contents/Developer/Platforms/MacOSX.platform/Developer/SDKs/MacOSX26.1.sdk/usr/include/ncurses.modulemap
/Applications/Xcode.app/Contents/Developer/Platforms/MacOSX.platform/Developer/SDKs/MacOSX26.1.sdk/usr/include/netinet6.modulemap
/Applications/Xcode.app/Contents/Developer/Platforms/MacOSX.platform/Developer/SDKs/MacOSX26.1.sdk/usr/include/Darwin_sys.modulemap
/Applications/Xcode.app/Contents/Developer/Platforms/MacOSX.platform/Developer/SDKs/MacOSX26.1.sdk/usr/include/uuid.modulemap
/Applications/Xcode.app/Contents/Developer/Platforms/MacOSX.platform/Developer/SDKs/MacOSX26.1.sdk/usr/include/DarwinFoundation2.modulemap
/Applications/Xcode.app/Contents/Developer/Platforms/MacOSX.platform/Developer/SDKs/MacOSX26.1.sdk/usr/include/DarwinFoundation3.modulemap
/Applications/Xcode.app/Contents/Developer/Platforms/MacOSX.platform/Developer/SDKs/MacOSX26.1.sdk/usr/include/DarwinFoundation1.modulemap
/Applications/Xcode.app/Contents/Developer/Platforms/MacOSX.platform/Developer/SDKs/MacOSX26.1.sdk/usr/include/xpc/xpc.h
/Applications/Xcode.app/Contents/Developer/Toolchains/XcodeDefault.xctoolchain/usr/lib/swift/clang/include/module.modulemap
/Applications/Xcode.app/Contents/Developer/Toolchains/XcodeDefault.xctoolchain/usr/lib/swift/clang/include/stdarg.h
/Applications/Xcode.app/Contents/Developer/Platforms/MacOSX.platform/Developer/SDKs/MacOSX26.1.sdk/usr/include/stdlib.h
/Applications/Xcode.app/Contents/Developer/Platforms/MacOSX.platform/Developer/SDKs/MacOSX26.1.sdk/usr/include/stdio.h
/Applications/Xcode.app/Contents/Developer/Platforms/MacOSX.platform/Developer/SDKs/MacOSX26.1.sdk/usr/include/string.h
/Applications/Xcode.app/Contents/Developer/Platforms/MacOSX.platform/Developer/SDKs/MacOSX26.1.sdk/usr/include/xpc/base.h
/Applications/Xcode.app/Contents/Developer/Platforms/MacOSX.platform/Developer/SDKs/MacOSX26.1.sdk/usr/include/xpc/availability.h
/Applications/Xcode.app/Contents/Developer/Platforms/MacOSX.platform/Developer/SDKs/MacOSX26.1.sdk/usr/include/xpc/endpoint.h
/Applications/Xcode.app/Contents/Developer/Platforms/MacOSX.platform/Developer/SDKs/MacOSX26.1.sdk/usr/include/xpc/debug.h
/Applications/Xcode.app/Contents/Developer/Platforms/MacOSX.platform/Developer/SDKs/MacOSX26.1.sdk/usr/include/xpc/activity.h
/Applications/Xcode.app/Contents/Developer/Platforms/MacOSX.platform/Developer/SDKs/MacOSX26.1.sdk/usr/include/xpc/peer_requirement.h
/Applications/Xcode.app/Contents/Developer/Platforms/MacOSX.platform/Developer/SDKs/MacOSX26.1.sdk/usr/include/xpc/connection.h
/Applications/Xcode.app/Contents/Developer/Platforms/MacOSX.platform/Developer/SDKs/MacOSX26.1.sdk/usr/include/xpc/rich_error.h
/Applications/Xcode.app/Contents/Developer/Platforms/MacOSX.platform/Developer/SDKs/MacOSX26.1.sdk/usr/include/xpc/session.h
/Applications/Xcode.app/Contents/Developer/Platforms/MacOSX.platform/Developer/SDKs/MacOSX26.1.sdk/usr/include/xpc/listener.h
/Applications/Xcode.app/Contents/Developer/Platforms/MacOSX.platform/Developer/SDKs/MacOSX26.1.sdk/SDKSettings.json
/Applications/Xcode.app/Contents/Developer/Toolchains/XcodeDefault.xctoolchain/usr/lib/swift/macosx/prebuilt-modules/26.1/XPC.swiftmodule/arm64e-apple-macos.swiftmodule
/Applications/Xcode.app/Contents/Developer/Platforms/MacOSX.platform/Developer/SDKs/MacOSX26.1.sdk/usr/include/DarwinFoundation1.modulemap
/Applications/Xcode.app/Contents/Developer/Platforms/MacOSX.platform/Developer/SDKs/MacOSX26.1.sdk/usr/include/AvailabilityInternal.h
/Applications/Xcode.app/Contents/Developer/Platforms/MacOSX.platform/Developer/SDKs/MacOSX26.1.sdk/usr/include/AvailabilityVersions.h
/Applications/Xcode.app/Contents/Developer/Platforms/MacOSX.platform/Developer/SDKs/MacOSX26.1.sdk/usr/include/AvailabilityInternalLegacy.h
/Applications/Xcode.app/Contents/Developer/Platforms/MacOSX.platform/Developer/SDKs/MacOSX26.1.sdk/SDKSettings.json
/Applications/Xcode.app/Contents/Developer/Toolchains/XcodeDefault.xctoolchain/usr/lib/swift/clang/include/module.modulemap
/Applications/Xcode.app/Contents/Developer/Toolchains/XcodeDefault.xctoolchain/usr/lib/swift/clang/include/float.h
/Applications/Xcode.app/Contents/Developer/Platforms/MacOSX.platform/Developer/SDKs/MacOSX26.1.sdk/SDKSettings.json
/Applications/Xcode.app/Contents/Developer/Toolchains/XcodeDefault.xctoolchain/usr/lib/swift/macosx/prebuilt-modules/26.1/_Builtin_float.swiftmodule/arm64e-apple-macos.swiftmodule
/Applications/Xcode.app/Contents/Developer/Toolchains/XcodeDefault.xctoolchain/usr/lib/swift/clang/include/module.modulemap
/Applications/Xcode.app/Contents/Developer/Toolchains/XcodeDefault.xctoolchain/usr/lib/swift/clang/include/inttypes.h
/Applications/Xcode.app/Contents/Developer/Platforms/MacOSX.platform/Developer/SDKs/MacOSX26.1.sdk/usr/include/DarwinFoundation3.modulemap
/Applications/Xcode.app/Contents/Developer/Platforms/MacOSX.platform/Developer/SDKs/MacOSX26.1.sdk/usr/include/inttypes.h
/Applications/Xcode.app/Contents/Developer/Platforms/MacOSX.platform/Developer/SDKs/MacOSX26.1.sdk/SDKSettings.json
/Applications/Xcode.app/Contents/Developer/Toolchains/XcodeDefault.xctoolchain/usr/lib/swift/clang/include/module.modulemap
/Applications/Xcode.app/Contents/Developer/Toolchains/XcodeDefault.xctoolchain/usr/lib/swift/clang/include/limits.h
/Applications/Xcode.app/Contents/Developer/Platforms/MacOSX.platform/Developer/SDKs/MacOSX26.1.sdk/usr/include/DarwinFoundation1.modulemap
/Applications/Xcode.app/Contents/Developer/Platforms/MacOSX.platform/Developer/SDKs/MacOSX26.1.sdk/SDKSettings.json
/Applications/Xcode.app/Contents/Developer/Toolchains/XcodeDefault.xctoolchain/usr/lib/swift/clang/include/module.modulemap
/Applications/Xcode.app/Contents/Developer/Toolchains/XcodeDefault.xctoolchain/usr/lib/swift/clang/include/__stdarg___gnuc_va_list.h
/Applications/Xcode.app/Contents/Developer/Toolchains/XcodeDefault.xctoolchain/usr/lib/swift/clang/include/__stdarg___va_copy.h
/Applications/Xcode.app/Contents/Developer/Toolchains/XcodeDefault.xctoolchain/usr/lib/swift/clang/include/__stdarg_header_macro.h
/Applications/Xcode.app/Contents/Developer/Toolchains/XcodeDefault.xctoolchain/usr/lib/swift/clang/include/__stdarg_va_arg.h
/Applications/Xcode.app/Contents/Developer/Toolchains/XcodeDefault.xctoolchain/usr/lib/swift/clang/include/__stdarg_va_copy.h
/Applications/Xcode.app/Contents/Developer/Toolchains/XcodeDefault.xctoolchain/usr/lib/swift/clang/include/__stdarg_va_list.h
/Applications/Xcode.app/Contents/Developer/Platforms/MacOSX.platform/Developer/SDKs/MacOSX26.1.sdk/SDKSettings.json
/Applications/Xcode.app/Contents/Developer/Toolchains/XcodeDefault.xctoolchain/usr/lib/swift/clang/include/module.modulemap
/Applications/Xcode.app/Contents/Developer/Toolchains/XcodeDefault.xctoolchain/usr/lib/swift/clang/include/stdatomic.h
/Applications/Xcode.app/Contents/Developer/Toolchains/XcodeDefault.xctoolchain/usr/lib/swift/clang/include/stddef.h
/Applications/Xcode.app/Contents/Developer/Platforms/MacOSX.platform/Developer/SDKs/MacOSX26.1.sdk/SDKSettings.json
/Applications/Xcode.app/Contents/Developer/Toolchains/XcodeDefault.xctoolchain/usr/lib/swift/clang/include/module.modulemap
/Applications/Xcode.app/Contents/Developer/Toolchains/XcodeDefault.xctoolchain/usr/lib/swift/clang/include/stdbool.h
/Applications/Xcode.app/Contents/Developer/Platforms/MacOSX.platform/Developer/SDKs/MacOSX26.1.sdk/SDKSettings.json
/Applications/Xcode.app/Contents/Developer/Toolchains/XcodeDefault.xctoolchain/usr/lib/swift/clang/include/module.modulemap
/Applications/Xcode.app/Contents/Developer/Toolchains/XcodeDefault.xctoolchain/usr/lib/swift/clang/include/__stddef_header_macro.h
/Applications/Xcode.app/Contents/Developer/Toolchains/XcodeDefault.xctoolchain/usr/lib/swift/clang/include/__stddef_max_align_t.h
/Applications/Xcode.app/Contents/Developer/Toolchains/XcodeDefault.xctoolchain/usr/lib/swift/clang/include/__stddef_null.h
/Applications/Xcode.app/Contents/Developer/Toolchains/XcodeDefault.xctoolchain/usr/lib/swift/clang/include/__stddef_nullptr_t.h
/Applications/Xcode.app/Contents/Developer/Toolchains/XcodeDefault.xctoolchain/usr/lib/swift/clang/include/__stddef_offsetof.h
/Applications/Xcode.app/Contents/Developer/Toolchains/XcodeDefault.xctoolchain/usr/lib/swift/clang/include/__stddef_ptrdiff_t.h
/Applications/Xcode.app/Contents/Developer/Toolchains/XcodeDefault.xctoolchain/usr/lib/swift/clang/include/__stddef_rsize_t.h
/Applications/Xcode.app/Contents/Developer/Toolchains/XcodeDefault.xctoolchain/usr/lib/swift/clang/include/__stddef_size_t.h
/Applications/Xcode.app/Contents/Developer/Toolchains/XcodeDefault.xctoolchain/usr/lib/swift/clang/include/__stddef_unreachable.h
/Applications/Xcode.app/Contents/Developer/Toolchains/XcodeDefault.xctoolchain/usr/lib/swift/clang/include/__stddef_wchar_t.h
/Applications/Xcode.app/Contents/Developer/Platforms/MacOSX.platform/Developer/SDKs/MacOSX26.1.sdk/SDKSettings.json
/Applications/Xcode.app/Contents/Developer/Toolchains/XcodeDefault.xctoolchain/usr/lib/swift/clang/include/module.modulemap
/Applications/Xcode.app/Contents/Developer/Toolchains/XcodeDefault.xctoolchain/usr/lib/swift/clang/include/stdint.h
/Applications/Xcode.app/Contents/Developer/Platforms/MacOSX.platform/Developer/SDKs/MacOSX26.1.sdk/usr/include/DarwinFoundation2.modulemap
/Applications/Xcode.app/Contents/Developer/Platforms/MacOSX.platform/Developer/SDKs/MacOSX26.1.sdk/SDKSettings.json
/Applications/Xcode.app/Contents/Developer/Toolchains/XcodeDefault.xctoolchain/usr/lib/swift/macosx/prebuilt-modules/26.1/_Concurrency.swiftmodule/arm64e-apple-macos.swiftmodule
/Applications/Xcode.app/Contents/Developer/Platforms/MacOSX.platform/Developer/SDKs/MacOSX26.1.sdk/usr/include/DarwinFoundation1.modulemap
/Applications/Xcode.app/Contents/Developer/Platforms/MacOSX.platform/Developer/SDKs/MacOSX26.1.sdk/usr/include/sys/appleapiopts.h
/Applications/Xcode.app/Contents/Developer/Platforms/MacOSX.platform/Developer/SDKs/MacOSX26.1.sdk/usr/include/os/availability.h
/Applications/Xcode.app/Contents/Developer/Platforms/MacOSX.platform/Developer/SDKs/MacOSX26.1.sdk/usr/include/Availability.h
/Applications/Xcode.app/Contents/Developer/Platforms/MacOSX.platform/Developer/SDKs/MacOSX26.1.sdk/usr/include/AvailabilityMacros.h
/Applications/Xcode.app/Contents/Developer/Platforms/MacOSX.platform/Developer/SDKs/MacOSX26.1.sdk/usr/include/TargetConditionals.h
/Applications/Xcode.app/Contents/Developer/Platforms/MacOSX.platform/Developer/SDKs/MacOSX26.1.sdk/usr/include/_bounds.h
/Applications/Xcode.app/Contents/Developer/Platforms/MacOSX.platform/Developer/SDKs/MacOSX26.1.sdk/usr/include/sys/cdefs.h
/Applications/Xcode.app/Contents/Developer/Platforms/MacOSX.platform/Developer/SDKs/MacOSX26.1.sdk/usr/include/sys/_symbol_aliasing.h
/Applications/Xcode.app/Contents/Developer/Platforms/MacOSX.platform/Developer/SDKs/MacOSX26.1.sdk/usr/include/sys/_posix_availability.h
/Applications/Xcode.app/Contents/Developer/Toolchains/XcodeDefault.xctoolchain/usr/lib/swift/clang/include/module.modulemap
/Applications/Xcode.app/Contents/Developer/Platforms/MacOSX.platform/Developer/SDKs/MacOSX26.1.sdk/usr/include/sys/qos.h
/Applications/Xcode.app/Contents/Developer/Platforms/MacOSX.platform/Developer/SDKs/MacOSX26.1.sdk/usr/include/machine/_endian.h
/Applications/Xcode.app/Contents/Developer/Platforms/MacOSX.platform/Developer/SDKs/MacOSX26.1.sdk/usr/include/arm/_endian.h
/Applications/Xcode.app/Contents/Developer/Platforms/MacOSX.platform/Developer/SDKs/MacOSX26.1.sdk/usr/include/sys/__endian.h
/Applications/Xcode.app/Contents/Developer/Platforms/MacOSX.platform/Developer/SDKs/MacOSX26.1.sdk/usr/include/i386/_endian.h
/Applications/Xcode.app/Contents/Developer/Platforms/MacOSX.platform/Developer/SDKs/MacOSX26.1.sdk/usr/include/__xlocale.h
/Applications/Xcode.app/Contents/Developer/Platforms/MacOSX.platform/Developer/SDKs/MacOSX26.1.sdk/usr/include/_mb_cur_max.h
/Applications/Xcode.app/Contents/Developer/Platforms/MacOSX.platform/Developer/SDKs/MacOSX26.1.sdk/usr/include/_types/_locale_t.h
/Applications/Xcode.app/Contents/Developer/Platforms/MacOSX.platform/Developer/SDKs/MacOSX26.1.sdk/usr/include/sys/_types/_u_char.h
/Applications/Xcode.app/Contents/Developer/Platforms/MacOSX.platform/Developer/SDKs/MacOSX26.1.sdk/usr/include/sys/_types/_u_short.h
/Applications/Xcode.app/Contents/Developer/Platforms/MacOSX.platform/Developer/SDKs/MacOSX26.1.sdk/usr/include/sys/_types/_u_int.h
/Applications/Xcode.app/Contents/Developer/Platforms/MacOSX.platform/Developer/SDKs/MacOSX26.1.sdk/usr/include/sys/_types/_u_int8_t.h
/Applications/Xcode.app/Contents/Developer/Platforms/MacOSX.platform/Developer/SDKs/MacOSX26.1.sdk/usr/include/sys/_types/_u_int16_t.h
/Applications/Xcode.app/Contents/Developer/Platforms/MacOSX.platform/Developer/SDKs/MacOSX26.1.sdk/usr/include/sys/_types/_u_int32_t.h
/Applications/Xcode.app/Contents/Developer/Platforms/MacOSX.platform/Developer/SDKs/MacOSX26.1.sdk/usr/include/sys/_types/_u_int64_t.h
/Applications/Xcode.app/Contents/Developer/Platforms/MacOSX.platform/Developer/SDKs/MacOSX26.1.sdk/usr/include/_assert.h
/Applications/Xcode.app/Contents/Developer/Platforms/MacOSX.platform/Developer/SDKs/MacOSX26.1.sdk/usr/include/_static_assert.h
/Applications/Xcode.app/Contents/Developer/Platforms/MacOSX.platform/Developer/SDKs/MacOSX26.1.sdk/usr/include/complex.h
/Applications/Xcode.app/Contents/Developer/Platforms/MacOSX.platform/Developer/SDKs/MacOSX26.1.sdk/usr/include/errno.h
/Applications/Xcode.app/Contents/Developer/Platforms/MacOSX.platform/Developer/SDKs/MacOSX26.1.sdk/usr/include/sys/errno.h
/Applications/Xcode.app/Contents/Developer/Platforms/MacOSX.platform/Developer/SDKs/MacOSX26.1.sdk/usr/include/sys/_types/_errno_t.h
/Applications/Xcode.app/Contents/Developer/Platforms/MacOSX.platform/Developer/SDKs/MacOSX26.1.sdk/usr/include/fenv.h
/Applications/Xcode.app/Contents/Developer/Platforms/MacOSX.platform/Developer/SDKs/MacOSX26.1.sdk/usr/include/limits.h
/Applications/Xcode.app/Contents/Developer/Platforms/MacOSX.platform/Developer/SDKs/MacOSX26.1.sdk/usr/include/machine/limits.h
/Applications/Xcode.app/Contents/Developer/Platforms/MacOSX.platform/Developer/SDKs/MacOSX26.1.sdk/usr/include/arm/limits.h
/Applications/Xcode.app/Contents/Developer/Platforms/MacOSX.platform/Developer/SDKs/MacOSX26.1.sdk/usr/include/arm/_limits.h
/Applications/Xcode.app/Contents/Developer/Platforms/MacOSX.platform/Developer/SDKs/MacOSX26.1.sdk/usr/include/sys/syslimits.h
/Applications/Xcode.app/Contents/Developer/Platforms/MacOSX.platform/Developer/SDKs/MacOSX26.1.sdk/usr/include/i386/limits.h
/Applications/Xcode.app/Contents/Developer/Platforms/MacOSX.platform/Developer/SDKs/MacOSX26.1.sdk/usr/include/machine/_limits.h
/Applications/Xcode.app/Contents/Developer/Platforms/MacOSX.platform/Developer/SDKs/MacOSX26.1.sdk/usr/include/i386/_limits.h
/Applications/Xcode.app/Contents/Developer/Platforms/MacOSX.platform/Developer/SDKs/MacOSX26.1.sdk/usr/include/math.h
/Applications/Xcode.app/Contents/Developer/Platforms/MacOSX.platform/Developer/SDKs/MacOSX26.1.sdk/usr/include/setjmp.h
/Applications/Xcode.app/Contents/Developer/Platforms/MacOSX.platform/Developer/SDKs/MacOSX26.1.sdk/SDKSettings.json
/Applications/Xcode.app/Contents/Developer/Toolchains/XcodeDefault.xctoolchain/usr/lib/swift/macosx/prebuilt-modules/26.1/_DarwinFoundation1.swiftmodule/arm64e-apple-macos.swiftmodule
/Applications/Xcode.app/Contents/Developer/Toolchains/XcodeDefault.xctoolchain/usr/lib/swift/macosx/prebuilt-modules/26.1/_DarwinFoundation2.swiftmodule/arm64e-apple-macos.swiftmodule
/Applications/Xcode.app/Contents/Developer/Platforms/MacOSX.platform/Developer/SDKs/MacOSX26.1.sdk/usr/include/_DarwinFoundation2.apinotes
/Applications/Xcode.app/Contents/Developer/Platforms/MacOSX.platform/Developer/SDKs/MacOSX26.1.sdk/usr/include/DarwinFoundation2.modulemap
/Applications/Xcode.app/Contents/Developer/Platforms/MacOSX.platform/Developer/SDKs/MacOSX26.1.sdk/usr/include/DarwinFoundation1.modulemap
/Applications/Xcode.app/Contents/Developer/Platforms/MacOSX.platform/Developer/SDKs/MacOSX26.1.sdk/usr/include/nl_types.h
/Applications/Xcode.app/Contents/Developer/Platforms/MacOSX.platform/Developer/SDKs/MacOSX26.1.sdk/usr/include/sys/types.h
/Applications/Xcode.app/Contents/Developer/Platforms/MacOSX.platform/Developer/SDKs/MacOSX26.1.sdk/usr/include/machine/types.h
/Applications/Xcode.app/Contents/Developer/Platforms/MacOSX.platform/Developer/SDKs/MacOSX26.1.sdk/usr/include/arm/types.h
/Applications/Xcode.app/Contents/Developer/Platforms/MacOSX.platform/Developer/SDKs/MacOSX26.1.sdk/usr/include/arm/_types.h
/Applications/Xcode.app/Contents/Developer/Platforms/MacOSX.platform/Developer/SDKs/MacOSX26.1.sdk/usr/include/sys/_types/_ptrdiff_t.h
/Applications/Xcode.app/Contents/Developer/Toolchains/XcodeDefault.xctoolchain/usr/lib/swift/clang/include/module.modulemap
/Applications/Xcode.app/Contents/Developer/Toolchains/XcodeDefault.xctoolchain/usr/lib/swift/clang/include/stddef.h
/Applications/Xcode.app/Contents/Developer/Platforms/MacOSX.platform/Developer/SDKs/MacOSX26.1.sdk/usr/include/sys/_types/_size_t.h
/Applications/Xcode.app/Contents/Developer/Platforms/MacOSX.platform/Developer/SDKs/MacOSX26.1.sdk/usr/include/sys/_types/_va_list.h
/Applications/Xcode.app/Contents/Developer/Toolchains/XcodeDefault.xctoolchain/usr/lib/swift/clang/include/stdarg.h
/Applications/Xcode.app/Contents/Developer/Platforms/MacOSX.platform/Developer/SDKs/MacOSX26.1.sdk/usr/include/sys/_types/_wchar_t.h
/Applications/Xcode.app/Contents/Developer/Platforms/MacOSX.platform/Developer/SDKs/MacOSX26.1.sdk/usr/include/sys/_types/_int8_t.h
/Applications/Xcode.app/Contents/Developer/Platforms/MacOSX.platform/Developer/SDKs/MacOSX26.1.sdk/usr/include/sys/_types/_int16_t.h
/Applications/Xcode.app/Contents/Developer/Platforms/MacOSX.platform/Developer/SDKs/MacOSX26.1.sdk/usr/include/sys/_types/_int32_t.h
/Applications/Xcode.app/Contents/Developer/Platforms/MacOSX.platform/Developer/SDKs/MacOSX26.1.sdk/usr/include/sys/_types/_int64_t.h
/Applications/Xcode.app/Contents/Developer/Platforms/MacOSX.platform/Developer/SDKs/MacOSX26.1.sdk/usr/include/sys/_types/_intptr_t.h
/Applications/Xcode.app/Contents/Developer/Platforms/MacOSX.platform/Developer/SDKs/MacOSX26.1.sdk/usr/include/machine/_types.h
/Applications/Xcode.app/Contents/Developer/Platforms/MacOSX.platform/Developer/SDKs/MacOSX26.1.sdk/usr/include/sys/_types/_uintptr_t.h
/Applications/Xcode.app/Contents/Developer/Platforms/MacOSX.platform/Developer/SDKs/MacOSX26.1.sdk/usr/include/sys/_types.h
/Applications/Xcode.app/Contents/Developer/Platforms/MacOSX.platform/Developer/SDKs/MacOSX26.1.sdk/usr/include/sys/_types/_null.h
/Applications/Xcode.app/Contents/Developer/Platforms/MacOSX.platform/Developer/SDKs/MacOSX26.1.sdk/usr/include/sys/_pthread/_pthread_types.h
/Applications/Xcode.app/Contents/Developer/Platforms/MacOSX.platform/Developer/SDKs/MacOSX26.1.sdk/usr/include/machine/endian.h
/Applications/Xcode.app/Contents/Developer/Platforms/MacOSX.platform/Developer/SDKs/MacOSX26.1.sdk/usr/include/arm/endian.h
/Applications/Xcode.app/Contents/Developer/Platforms/MacOSX.platform/Developer/SDKs/MacOSX26.1.sdk/usr/include/sys/_endian.h
/Applications/Xcode.app/Contents/Developer/Platforms/MacOSX.platform/Developer/SDKs/MacOSX26.1.sdk/usr/include/libkern/_OSByteOrder.h
/Applications/Xcode.app/Contents/Developer/Platforms/MacOSX.platform/Developer/SDKs/MacOSX26.1.sdk/usr/include/libkern/arm/_OSByteOrder.h
/Applications/Xcode.app/Contents/Developer/Platforms/MacOSX.platform/Developer/SDKs/MacOSX26.1.sdk/usr/include/sys/_types/_caddr_t.h
/Applications/Xcode.app/Contents/Developer/Platforms/MacOSX.platform/Developer/SDKs/MacOSX26.1.sdk/usr/include/sys/_types/_dev_t.h
/Applications/Xcode.app/Contents/Developer/Platforms/MacOSX.platform/Developer/SDKs/MacOSX26.1.sdk/usr/include/sys/_types/_blkcnt_t.h
/Applications/Xcode.app/Contents/Developer/Platforms/MacOSX.platform/Developer/SDKs/MacOSX26.1.sdk/usr/include/sys/_types/_blksize_t.h
/Applications/Xcode.app/Contents/Developer/Platforms/MacOSX.platform/Developer/SDKs/MacOSX26.1.sdk/usr/include/sys/_types/_gid_t.h
/Applications/Xcode.app/Contents/Developer/Platforms/MacOSX.platform/Developer/SDKs/MacOSX26.1.sdk/usr/include/sys/_types/_in_addr_t.h
/Applications/Xcode.app/Contents/Developer/Platforms/MacOSX.platform/Developer/SDKs/MacOSX26.1.sdk/usr/include/sys/_types/_in_port_t.h
/Applications/Xcode.app/Contents/Developer/Platforms/MacOSX.platform/Developer/SDKs/MacOSX26.1.sdk/usr/include/sys/_types/_ino_t.h
/Applications/Xcode.app/Contents/Developer/Platforms/MacOSX.platform/Developer/SDKs/MacOSX26.1.sdk/usr/include/sys/_types/_ino64_t.h
/Applications/Xcode.app/Contents/Developer/Platforms/MacOSX.platform/Developer/SDKs/MacOSX26.1.sdk/usr/include/sys/_types/_key_t.h
/Applications/Xcode.app/Contents/Developer/Platforms/MacOSX.platform/Developer/SDKs/MacOSX26.1.sdk/usr/include/sys/_types/_mode_t.h
/Applications/Xcode.app/Contents/Developer/Platforms/MacOSX.platform/Developer/SDKs/MacOSX26.1.sdk/usr/include/sys/_types/_nlink_t.h
/Applications/Xcode.app/Contents/Developer/Platforms/MacOSX.platform/Developer/SDKs/MacOSX26.1.sdk/usr/include/sys/_types/_id_t.h
/Applications/Xcode.app/Contents/Developer/Platforms/MacOSX.platform/Developer/SDKs/MacOSX26.1.sdk/usr/include/sys/_types/_pid_t.h
/Applications/Xcode.app/Contents/Developer/Platforms/MacOSX.platform/Developer/SDKs/MacOSX26.1.sdk/usr/include/sys/_types/_off_t.h
/Applications/Xcode.app/Contents/Developer/Platforms/MacOSX.platform/Developer/SDKs/MacOSX26.1.sdk/usr/include/sys/_types/_uid_t.h
/Applications/Xcode.app/Contents/Developer/Platforms/MacOSX.platform/Developer/SDKs/MacOSX26.1.sdk/usr/include/sys/_types/_clock_t.h
/Applications/Xcode.app/Contents/Developer/Platforms/MacOSX.platform/Developer/SDKs/MacOSX26.1.sdk/usr/include/sys/_types/_ssize_t.h
/Applications/Xcode.app/Contents/Developer/Platforms/MacOSX.platform/Developer/SDKs/MacOSX26.1.sdk/usr/include/sys/_types/_time_t.h
/Applications/Xcode.app/Contents/Developer/Platforms/MacOSX.platform/Developer/SDKs/MacOSX26.1.sdk/usr/include/sys/_types/_useconds_t.h
/Applications/Xcode.app/Contents/Developer/Platforms/MacOSX.platform/Developer/SDKs/MacOSX26.1.sdk/usr/include/sys/_types/_suseconds_t.h
/Applications/Xcode.app/Contents/Developer/Platforms/MacOSX.platform/Developer/SDKs/MacOSX26.1.sdk/usr/include/sys/_types/_rsize_t.h
/Applications/Xcode.app/Contents/Developer/Platforms/MacOSX.platform/Developer/SDKs/MacOSX26.1.sdk/usr/include/sys/_types/_fd_def.h
/Applications/Xcode.app/Contents/Developer/Platforms/MacOSX.platform/Developer/SDKs/MacOSX26.1.sdk/usr/include/sys/_types/_fd_setsize.h
/Applications/Xcode.app/Contents/Developer/Platforms/MacOSX.platform/Developer/SDKs/MacOSX26.1.sdk/usr/include/sys/_types/_fd_set.h
/Applications/Xcode.app/Contents/Developer/Platforms/MacOSX.platform/Developer/SDKs/MacOSX26.1.sdk/usr/include/sys/_types/_fd_clr.h
/Applications/Xcode.app/Contents/Developer/Platforms/MacOSX.platform/Developer/SDKs/MacOSX26.1.sdk/usr/include/sys/_types/_fd_zero.h
/Applications/Xcode.app/Contents/Developer/Platforms/MacOSX.platform/Developer/SDKs/MacOSX26.1.sdk/usr/include/sys/_types/_fd_isset.h
/Applications/Xcode.app/Contents/Developer/Platforms/MacOSX.platform/Developer/SDKs/MacOSX26.1.sdk/usr/include/sys/_types/_fd_copy.h
/Applications/Xcode.app/Contents/Developer/Platforms/MacOSX.platform/Developer/SDKs/MacOSX26.1.sdk/usr/include/sys/_pthread/_pthread_attr_t.h
/Applications/Xcode.app/Contents/Developer/Platforms/MacOSX.platform/Developer/SDKs/MacOSX26.1.sdk/usr/include/sys/_pthread/_pthread_cond_t.h
/Applications/Xcode.app/Contents/Developer/Platforms/MacOSX.platform/Developer/SDKs/MacOSX26.1.sdk/usr/include/sys/_pthread/_pthread_condattr_t.h
/Applications/Xcode.app/Contents/Developer/Platforms/MacOSX.platform/Developer/SDKs/MacOSX26.1.sdk/usr/include/sys/_pthread/_pthread_mutex_t.h
/Applications/Xcode.app/Contents/Developer/Platforms/MacOSX.platform/Developer/SDKs/MacOSX26.1.sdk/usr/include/sys/_pthread/_pthread_mutexattr_t.h
/Applications/Xcode.app/Contents/Developer/Platforms/MacOSX.platform/Developer/SDKs/MacOSX26.1.sdk/usr/include/sys/_pthread/_pthread_once_t.h
/Applications/Xcode.app/Contents/Developer/Platforms/MacOSX.platform/Developer/SDKs/MacOSX26.1.sdk/usr/include/sys/_pthread/_pthread_rwlock_t.h
/Applications/Xcode.app/Contents/Developer/Platforms/MacOSX.platform/Developer/SDKs/MacOSX26.1.sdk/usr/include/sys/_pthread/_pthread_rwlockattr_t.h
/Applications/Xcode.app/Contents/Developer/Platforms/MacOSX.platform/Developer/SDKs/MacOSX26.1.sdk/usr/include/sys/_pthread/_pthread_t.h
/Applications/Xcode.app/Contents/Developer/Platforms/MacOSX.platform/Developer/SDKs/MacOSX26.1.sdk/usr/include/sys/_pthread/_pthread_key_t.h
/Applications/Xcode.app/Contents/Developer/Platforms/MacOSX.platform/Developer/SDKs/MacOSX26.1.sdk/usr/include/sys/_types/_fsblkcnt_t.h
/Applications/Xcode.app/Contents/Developer/Platforms/MacOSX.platform/Developer/SDKs/MacOSX26.1.sdk/usr/include/sys/_types/_fsfilcnt_t.h
/Applications/Xcode.app/Contents/Developer/Platforms/MacOSX.platform/Developer/SDKs/MacOSX26.1.sdk/usr/include/_types.h
/Applications/Xcode.app/Contents/Developer/Platforms/MacOSX.platform/Developer/SDKs/MacOSX26.1.sdk/usr/include/_types/_nl_item.h
/Applications/Xcode.app/Contents/Developer/Platforms/MacOSX.platform/Developer/SDKs/MacOSX26.1.sdk/usr/include/runetype.h
/Applications/Xcode.app/Contents/Developer/Platforms/MacOSX.platform/Developer/SDKs/MacOSX26.1.sdk/usr/include/sys/_types/_ct_rune_t.h
/Applications/Xcode.app/Contents/Developer/Platforms/MacOSX.platform/Developer/SDKs/MacOSX26.1.sdk/usr/include/sys/_types/_rune_t.h
/Applications/Xcode.app/Contents/Developer/Platforms/MacOSX.platform/Developer/SDKs/MacOSX26.1.sdk/usr/include/sys/_types/_wint_t.h
/Applications/Xcode.app/Contents/Developer/Platforms/MacOSX.platform/Developer/SDKs/MacOSX26.1.sdk/usr/include/alloca.h
/Applications/Xcode.app/Contents/Developer/Platforms/MacOSX.platform/Developer/SDKs/MacOSX26.1.sdk/usr/include/i386/endian.h
/Applications/Xcode.app/Contents/Developer/Platforms/MacOSX.platform/Developer/SDKs/MacOSX26.1.sdk/usr/include/libkern/i386/_OSByteOrder.h
/Applications/Xcode.app/Contents/Developer/Platforms/MacOSX.platform/Developer/SDKs/MacOSX26.1.sdk/usr/include/secure/_common.h
/Applications/Xcode.app/Contents/Developer/Platforms/MacOSX.platform/Developer/SDKs/MacOSX26.1.sdk/usr/include/sys/_types/_mach_port_t.h
/Applications/Xcode.app/Contents/Developer/Platforms/MacOSX.platform/Developer/SDKs/MacOSX26.1.sdk/usr/include/sys/_types/_offsetof.h
/Applications/Xcode.app/Contents/Developer/Platforms/MacOSX.platform/Developer/SDKs/MacOSX26.1.sdk/usr/include/_strings.h
/Applications/Xcode.app/Contents/Developer/Platforms/MacOSX.platform/Developer/SDKs/MacOSX26.1.sdk/usr/include/secure/_strings.h
/Applications/Xcode.app/Contents/Developer/Platforms/MacOSX.platform/Developer/SDKs/MacOSX26.1.sdk/usr/include/sys/_types/_timeval.h
/Applications/Xcode.app/Contents/Developer/Platforms/MacOSX.platform/Developer/SDKs/MacOSX26.1.sdk/usr/include/sys/_types/_uuid_t.h
/Applications/Xcode.app/Contents/Developer/Platforms/MacOSX.platform/Developer/SDKs/MacOSX26.1.sdk/usr/include/i386/types.h
/Applications/Xcode.app/Contents/Developer/Platforms/MacOSX.platform/Developer/SDKs/MacOSX26.1.sdk/usr/include/i386/_types.h
/Applications/Xcode.app/Contents/Developer/Platforms/MacOSX.platform/Developer/SDKs/MacOSX26.1.sdk/usr/include/_ctype.h
/Applications/Xcode.app/Contents/Developer/Platforms/MacOSX.platform/Developer/SDKs/MacOSX26.1.sdk/usr/include/xlocale/_ctype.h
/Applications/Xcode.app/Contents/Developer/Platforms/MacOSX.platform/Developer/SDKs/MacOSX26.1.sdk/usr/include/locale.h
/Applications/Xcode.app/Contents/Developer/Platforms/MacOSX.platform/Developer/SDKs/MacOSX26.1.sdk/usr/include/_locale.h
/Applications/Xcode.app/Contents/Developer/Platforms/MacOSX.platform/Developer/SDKs/MacOSX26.1.sdk/usr/include/_locale_posix2008.h
/Applications/Xcode.app/Contents/Developer/Platforms/MacOSX.platform/Developer/SDKs/MacOSX26.1.sdk/usr/include/stdint.h
/Applications/Xcode.app/Contents/Developer/Platforms/MacOSX.platform/Developer/SDKs/MacOSX26.1.sdk/usr/include/_types/_uint8_t.h
/Applications/Xcode.app/Contents/Developer/Platforms/MacOSX.platform/Developer/SDKs/MacOSX26.1.sdk/usr/include/_types/_uint16_t.h
/Applications/Xcode.app/Contents/Developer/Platforms/MacOSX.platform/Developer/SDKs/MacOSX26.1.sdk/usr/include/_types/_uint32_t.h
/Applications/Xcode.app/Contents/Developer/Platforms/MacOSX.platform/Developer/SDKs/MacOSX26.1.sdk/usr/include/_types/_uint64_t.h
/Applications/Xcode.app/Contents/Developer/Platforms/MacOSX.platform/Developer/SDKs/MacOSX26.1.sdk/usr/include/_types/_intmax_t.h
/Applications/Xcode.app/Contents/Developer/Platforms/MacOSX.platform/Developer/SDKs/MacOSX26.1.sdk/usr/include/_types/_uintmax_t.h
/Applications/Xcode.app/Contents/Developer/Platforms/MacOSX.platform/Developer/SDKs/MacOSX26.1.sdk/usr/include/_stdio.h
/Applications/Xcode.app/Contents/Developer/Platforms/MacOSX.platform/Developer/SDKs/MacOSX26.1.sdk/usr/include/sys/stdio.h
/Applications/Xcode.app/Contents/Developer/Platforms/MacOSX.platform/Developer/SDKs/MacOSX26.1.sdk/usr/include/_printf.h
/Applications/Xcode.app/Contents/Developer/Platforms/MacOSX.platform/Developer/SDKs/MacOSX26.1.sdk/usr/include/sys/_types/_seek_set.h
/Applications/Xcode.app/Contents/Developer/Platforms/MacOSX.platform/Developer/SDKs/MacOSX26.1.sdk/usr/include/_ctermid.h
/Applications/Xcode.app/Contents/Developer/Platforms/MacOSX.platform/Developer/SDKs/MacOSX26.1.sdk/usr/include/secure/_stdio.h
/Applications/Xcode.app/Contents/Developer/Platforms/MacOSX.platform/Developer/SDKs/MacOSX26.1.sdk/usr/include/xlocale/_stdio.h
/Applications/Xcode.app/Contents/Developer/Platforms/MacOSX.platform/Developer/SDKs/MacOSX26.1.sdk/usr/include/_string.h
/Applications/Xcode.app/Contents/Developer/Platforms/MacOSX.platform/Developer/SDKs/MacOSX26.1.sdk/usr/include/secure/_string.h
/Applications/Xcode.app/Contents/Developer/Platforms/MacOSX.platform/Developer/SDKs/MacOSX26.1.sdk/usr/include/xlocale/_string.h
/Applications/Xcode.app/Contents/Developer/Platforms/MacOSX.platform/Developer/SDKs/MacOSX26.1.sdk/usr/include/tgmath.h
/Applications/Xcode.app/Contents/Developer/Platforms/MacOSX.platform/Developer/SDKs/MacOSX26.1.sdk/usr/include/_time.h
/Applications/Xcode.app/Contents/Developer/Platforms/MacOSX.platform/Developer/SDKs/MacOSX26.1.sdk/usr/include/sys/_types/_timespec.h
/Applications/Xcode.app/Contents/Developer/Platforms/MacOSX.platform/Developer/SDKs/MacOSX26.1.sdk/usr/include/xlocale/_time.h
/Applications/Xcode.app/Contents/Developer/Platforms/MacOSX.platform/Developer/SDKs/MacOSX26.1.sdk/SDKSettings.json
/Applications/Xcode.app/Contents/Developer/Platforms/MacOSX.platform/Developer/SDKs/MacOSX26.1.sdk/usr/include/DarwinFoundation2.modulemap
/Applications/Xcode.app/Contents/Developer/Platforms/MacOSX.platform/Developer/SDKs/MacOSX26.1.sdk/usr/include/DarwinFoundation3.modulemap
/Applications/Xcode.app/Contents/Developer/Platforms/MacOSX.platform/Developer/SDKs/MacOSX26.1.sdk/usr/include/DarwinFoundation1.modulemap
/Applications/Xcode.app/Contents/Developer/Platforms/MacOSX.platform/Developer/SDKs/MacOSX26.1.sdk/usr/include/pthread/pthread.h
/Applications/Xcode.app/Contents/Developer/Platforms/MacOSX.platform/Developer/SDKs/MacOSX26.1.sdk/usr/include/pthread/sched.h
/Applications/Xcode.app/Contents/Developer/Platforms/MacOSX.platform/Developer/SDKs/MacOSX26.1.sdk/usr/include/pthread/pthread_impl.h
/Applications/Xcode.app/Contents/Developer/Platforms/MacOSX.platform/Developer/SDKs/MacOSX26.1.sdk/usr/include/time.h
/Applications/Xcode.app/Contents/Developer/Platforms/MacOSX.platform/Developer/SDKs/MacOSX26.1.sdk/usr/include/pthread/qos.h
/Applications/Xcode.app/Contents/Developer/Platforms/MacOSX.platform/Developer/SDKs/MacOSX26.1.sdk/usr/include/sys/_types/_sigset_t.h
/Applications/Xcode.app/Contents/Developer/Platforms/MacOSX.platform/Developer/SDKs/MacOSX26.1.sdk/usr/include/sys/resource.h
/Applications/Xcode.app/Contents/Developer/Toolchains/XcodeDefault.xctoolchain/usr/lib/swift/clang/include/module.modulemap
/Applications/Xcode.app/Contents/Developer/Platforms/MacOSX.platform/Developer/SDKs/MacOSX26.1.sdk/usr/include/sys/select.h
/Applications/Xcode.app/Contents/Developer/Platforms/MacOSX.platform/Developer/SDKs/MacOSX26.1.sdk/usr/include/sys/_select.h
/Applications/Xcode.app/Contents/Developer/Platforms/MacOSX.platform/Developer/SDKs/MacOSX26.1.sdk/usr/include/sys/wait.h
/Applications/Xcode.app/Contents/Developer/Platforms/MacOSX.platform/Developer/SDKs/MacOSX26.1.sdk/usr/include/sys/signal.h
/Applications/Xcode.app/Contents/Developer/Platforms/MacOSX.platform/Developer/SDKs/MacOSX26.1.sdk/usr/include/machine/signal.h
/Applications/Xcode.app/Contents/Developer/Platforms/MacOSX.platform/Developer/SDKs/MacOSX26.1.sdk/usr/include/arm/signal.h
/Applications/Xcode.app/Contents/Developer/Platforms/MacOSX.platform/Developer/SDKs/MacOSX26.1.sdk/usr/include/machine/_mcontext.h
/Applications/Xcode.app/Contents/Developer/Platforms/MacOSX.platform/Developer/SDKs/MacOSX26.1.sdk/usr/include/arm/_mcontext.h
/Applications/Xcode.app/Contents/Developer/Platforms/MacOSX.platform/Developer/SDKs/MacOSX26.1.sdk/usr/include/mach/machine/_structs.h
/Applications/Xcode.app/Contents/Developer/Platforms/MacOSX.platform/Developer/SDKs/MacOSX26.1.sdk/usr/include/mach/arm/_structs.h
/Applications/Xcode.app/Contents/Developer/Platforms/MacOSX.platform/Developer/SDKs/MacOSX26.1.sdk/usr/include/sys/_types/_sigaltstack.h
/Applications/Xcode.app/Contents/Developer/Platforms/MacOSX.platform/Developer/SDKs/MacOSX26.1.sdk/usr/include/sys/_types/_ucontext.h
/Applications/Xcode.app/Contents/Developer/Platforms/MacOSX.platform/Developer/SDKs/MacOSX26.1.sdk/usr/include/unistd.h
/Applications/Xcode.app/Contents/Developer/Platforms/MacOSX.platform/Developer/SDKs/MacOSX26.1.sdk/usr/include/sys/unistd.h
/Applications/Xcode.app/Contents/Developer/Platforms/MacOSX.platform/Developer/SDKs/MacOSX26.1.sdk/usr/include/sys/_types/_posix_vdisable.h
/Applications/Xcode.app/Contents/Developer/Platforms/MacOSX.platform/Developer/SDKs/MacOSX26.1.sdk/usr/include/gethostuuid.h
/Applications/Xcode.app/Contents/Developer/Platforms/MacOSX.platform/Developer/SDKs/MacOSX26.1.sdk/usr/include/mach/i386/_structs.h
/Applications/Xcode.app/Contents/Developer/Platforms/MacOSX.platform/Developer/SDKs/MacOSX26.1.sdk/usr/include/_inttypes.h
/Applications/Xcode.app/Contents/Developer/Platforms/MacOSX.platform/Developer/SDKs/MacOSX26.1.sdk/usr/include/xlocale/_inttypes.h
/Applications/Xcode.app/Contents/Developer/Toolchains/XcodeDefault.xctoolchain/usr/lib/swift/clang/include/stddef.h
/Applications/Xcode.app/Contents/Developer/Platforms/MacOSX.platform/Developer/SDKs/MacOSX26.1.sdk/usr/include/signal.h
/Applications/Xcode.app/Contents/Developer/Platforms/MacOSX.platform/Developer/SDKs/MacOSX26.1.sdk/usr/include/i386/signal.h
/Applications/Xcode.app/Contents/Developer/Platforms/MacOSX.platform/Developer/SDKs/MacOSX26.1.sdk/usr/include/i386/_mcontext.h
/Applications/Xcode.app/Contents/Developer/Platforms/MacOSX.platform/Developer/SDKs/MacOSX26.1.sdk/usr/include/_stdlib.h
/Applications/Xcode.app/Contents/Developer/Platforms/MacOSX.platform/Developer/SDKs/MacOSX26.1.sdk/usr/include/malloc/_malloc.h
/Applications/Xcode.app/Contents/Developer/Platforms/MacOSX.platform/Developer/SDKs/MacOSX26.1.sdk/usr/include/malloc/_malloc_type.h
/Applications/Xcode.app/Contents/Developer/Platforms/MacOSX.platform/Developer/SDKs/MacOSX26.1.sdk/usr/include/malloc/_ptrcheck.h
/Applications/Xcode.app/Contents/Developer/Platforms/MacOSX.platform/Developer/SDKs/MacOSX26.1.sdk/usr/include/_abort.h
/Applications/Xcode.app/Contents/Developer/Platforms/MacOSX.platform/Developer/SDKs/MacOSX26.1.sdk/usr/include/xlocale/_stdlib.h
/Applications/Xcode.app/Contents/Developer/Platforms/MacOSX.platform/Developer/SDKs/MacOSX26.1.sdk/usr/include/_wchar.h
/Applications/Xcode.app/Contents/Developer/Platforms/MacOSX.platform/Developer/SDKs/MacOSX26.1.sdk/usr/include/sys/_types/_mbstate_t.h
/Applications/Xcode.app/Contents/Developer/Toolchains/XcodeDefault.xctoolchain/usr/lib/swift/clang/include/stdarg.h
/Applications/Xcode.app/Contents/Developer/Platforms/MacOSX.platform/Developer/SDKs/MacOSX26.1.sdk/usr/include/stdio.h
/Applications/Xcode.app/Contents/Developer/Platforms/MacOSX.platform/Developer/SDKs/MacOSX26.1.sdk/usr/include/__wctype.h
/Applications/Xcode.app/Contents/Developer/Platforms/MacOSX.platform/Developer/SDKs/MacOSX26.1.sdk/usr/include/___wctype.h
/Applications/Xcode.app/Contents/Developer/Platforms/MacOSX.platform/Developer/SDKs/MacOSX26.1.sdk/usr/include/_types/_wctype_t.h
/Applications/Xcode.app/Contents/Developer/Platforms/MacOSX.platform/Developer/SDKs/MacOSX26.1.sdk/usr/include/ctype.h
/Applications/Xcode.app/Contents/Developer/Platforms/MacOSX.platform/Developer/SDKs/MacOSX26.1.sdk/usr/include/xlocale/_wchar.h
/Applications/Xcode.app/Contents/Developer/Platforms/MacOSX.platform/Developer/SDKs/MacOSX26.1.sdk/usr/include/_wctype.h
/Applications/Xcode.app/Contents/Developer/Platforms/MacOSX.platform/Developer/SDKs/MacOSX26.1.sdk/usr/include/_types/_wctrans_t.h
/Applications/Xcode.app/Contents/Developer/Platforms/MacOSX.platform/Developer/SDKs/MacOSX26.1.sdk/usr/include/xlocale/_wctype.h
/Applications/Xcode.app/Contents/Developer/Platforms/MacOSX.platform/Developer/SDKs/MacOSX26.1.sdk/usr/include/xlocale/___wctype.h
/Applications/Xcode.app/Contents/Developer/Platforms/MacOSX.platform/Developer/SDKs/MacOSX26.1.sdk/SDKSettings.json
/Applications/Xcode.app/Contents/Developer/Toolchains/XcodeDefault.xctoolchain/usr/lib/swift/macosx/prebuilt-modules/26.1/_DarwinFoundation3.swiftmodule/arm64e-apple-macos.swiftmodule
/Applications/Xcode.app/Contents/Developer/Toolchains/XcodeDefault.xctoolchain/usr/lib/swift/macosx/prebuilt-modules/26.1/_StringProcessing.swiftmodule/arm64e-apple-macos.swiftmodule
/Applications/Xcode.app/Contents/Developer/Platforms/MacOSX.platform/Developer/SDKs/MacOSX26.1.sdk/usr/lib/swift/shims/module.modulemap
/Applications/Xcode.app/Contents/Developer/Platforms/MacOSX.platform/Developer/SDKs/MacOSX26.1.sdk/usr/lib/swift/shims/_SwiftConcurrency.h
/Applications/Xcode.app/Contents/Developer/Platforms/MacOSX.platform/Developer/SDKs/MacOSX26.1.sdk/SDKSettings.json
/Applications/Xcode.app/Contents/Developer/Platforms/MacOSX.platform/Developer/SDKs/MacOSX26.1.sdk/usr/include/launch.modulemap
/Applications/Xcode.app/Contents/Developer/Platforms/MacOSX.platform/Developer/SDKs/MacOSX26.1.sdk/usr/include/Darwin.modulemap
/Applications/Xcode.app/Contents/Developer/Platforms/MacOSX.platform/Developer/SDKs/MacOSX26.1.sdk/usr/include/Darwin_C.modulemap
/Applications/Xcode.app/Contents/Developer/Platforms/MacOSX.platform/Developer/SDKs/MacOSX26.1.sdk/usr/include/Darwin_POSIX.modulemap
/Applications/Xcode.app/Contents/Developer/Platforms/MacOSX.platform/Developer/SDKs/MacOSX26.1.sdk/usr/include/net.modulemap
/Applications/Xcode.app/Contents/Developer/Platforms/MacOSX.platform/Developer/SDKs/MacOSX26.1.sdk/usr/include/netinet.modulemap
/Applications/Xcode.app/Contents/Developer/Platforms/MacOSX.platform/Developer/SDKs/MacOSX26.1.sdk/usr/include/bank.modulemap
/Applications/Xcode.app/Contents/Developer/Platforms/MacOSX.platform/Developer/SDKs/MacOSX26.1.sdk/usr/include/Darwin_Mach.modulemap
/Applications/Xcode.app/Contents/Developer/Platforms/MacOSX.platform/Developer/SDKs/MacOSX26.1.sdk/usr/include/Darwin_Mach_machine.modulemap
/Applications/Xcode.app/Contents/Developer/Platforms/MacOSX.platform/Developer/SDKs/MacOSX26.1.sdk/usr/include/mach_debug.modulemap
/Applications/Xcode.app/Contents/Developer/Platforms/MacOSX.platform/Developer/SDKs/MacOSX26.1.sdk/usr/include/device.modulemap
/Applications/Xcode.app/Contents/Developer/Platforms/MacOSX.platform/Developer/SDKs/MacOSX26.1.sdk/usr/include/Darwin_machine.modulemap
/Applications/Xcode.app/Contents/Developer/Platforms/MacOSX.platform/Developer/SDKs/MacOSX26.1.sdk/usr/include/ncurses.modulemap
/Applications/Xcode.app/Contents/Developer/Platforms/MacOSX.platform/Developer/SDKs/MacOSX26.1.sdk/usr/include/netinet6.modulemap
/Applications/Xcode.app/Contents/Developer/Platforms/MacOSX.platform/Developer/SDKs/MacOSX26.1.sdk/usr/include/Darwin_sys.modulemap
/Applications/Xcode.app/Contents/Developer/Platforms/MacOSX.platform/Developer/SDKs/MacOSX26.1.sdk/usr/include/uuid.modulemap
/Applications/Xcode.app/Contents/Developer/Platforms/MacOSX.platform/Developer/SDKs/MacOSX26.1.sdk/usr/include/DarwinFoundation1.modulemap
/Applications/Xcode.app/Contents/Developer/Platforms/MacOSX.platform/Developer/SDKs/MacOSX26.1.sdk/usr/include/launch.h
/Applications/Xcode.app/Contents/Developer/Toolchains/XcodeDefault.xctoolchain/usr/lib/swift/clang/include/module.modulemap
/Applications/Xcode.app/Contents/Developer/Toolchains/XcodeDefault.xctoolchain/usr/lib/swift/clang/include/stddef.h
/Applications/Xcode.app/Contents/Developer/Platforms/MacOSX.platform/Developer/SDKs/MacOSX26.1.sdk/SDKSettings.json
/Applications/Xcode.app/Contents/Developer/Platforms/MacOSX.platform/Developer/SDKs/MacOSX26.1.sdk/usr/include/libDER/module.modulemap
/Applications/Xcode.app/Contents/Developer/Platforms/MacOSX.platform/Developer/SDKs/MacOSX26.1.sdk/usr/include/libDER/DERItem.h
/Applications/Xcode.app/Contents/Developer/Platforms/MacOSX.platform/Developer/SDKs/MacOSX26.1.sdk/usr/include/libDER/libDER_config.h
/Applications/Xcode.app/Contents/Developer/Toolchains/XcodeDefault.xctoolchain/usr/lib/swift/clang/include/module.modulemap
/Applications/Xcode.app/Contents/Developer/Toolchains/XcodeDefault.xctoolchain/usr/lib/swift/clang/include/stddef.h
/Applications/Xcode.app/Contents/Developer/Platforms/MacOSX.platform/Developer/SDKs/MacOSX26.1.sdk/usr/include/DarwinFoundation2.modulemap
/Applications/Xcode.app/Contents/Developer/Platforms/MacOSX.platform/Developer/SDKs/MacOSX26.1.sdk/usr/include/DarwinFoundation1.modulemap
/Applications/Xcode.app/Contents/Developer/Platforms/MacOSX.platform/Developer/SDKs/MacOSX26.1.sdk/usr/include/string.h
/Applications/Xcode.app/Contents/Developer/Platforms/MacOSX.platform/Developer/SDKs/MacOSX26.1.sdk/SDKSettings.json
/Applications/Xcode.app/Contents/Developer/Platforms/MacOSX.platform/Developer/SDKs/MacOSX26.1.sdk/usr/include/libkern.modulemap
/Applications/Xcode.app/Contents/Developer/Platforms/MacOSX.platform/Developer/SDKs/MacOSX26.1.sdk/usr/include/Darwin.modulemap
/Applications/Xcode.app/Contents/Developer/Platforms/MacOSX.platform/Developer/SDKs/MacOSX26.1.sdk/usr/include/Darwin_C.modulemap
/Applications/Xcode.app/Contents/Developer/Platforms/MacOSX.platform/Developer/SDKs/MacOSX26.1.sdk/usr/include/Darwin_POSIX.modulemap
/Applications/Xcode.app/Contents/Developer/Platforms/MacOSX.platform/Developer/SDKs/MacOSX26.1.sdk/usr/include/net.modulemap
/Applications/Xcode.app/Contents/Developer/Platforms/MacOSX.platform/Developer/SDKs/MacOSX26.1.sdk/usr/include/netinet.modulemap
/Applications/Xcode.app/Contents/Developer/Platforms/MacOSX.platform/Developer/SDKs/MacOSX26.1.sdk/usr/include/bank.modulemap
/Applications/Xcode.app/Contents/Developer/Platforms/MacOSX.platform/Developer/SDKs/MacOSX26.1.sdk/usr/include/Darwin_Mach.modulemap
/Applications/Xcode.app/Contents/Developer/Platforms/MacOSX.platform/Developer/SDKs/MacOSX26.1.sdk/usr/include/Darwin_Mach_machine.modulemap
/Applications/Xcode.app/Contents/Developer/Platforms/MacOSX.platform/Developer/SDKs/MacOSX26.1.sdk/usr/include/mach_debug.modulemap
/Applications/Xcode.app/Contents/Developer/Platforms/MacOSX.platform/Developer/SDKs/MacOSX26.1.sdk/usr/include/device.modulemap
/Applications/Xcode.app/Contents/Developer/Platforms/MacOSX.platform/Developer/SDKs/MacOSX26.1.sdk/usr/include/Darwin_machine.modulemap
/Applications/Xcode.app/Contents/Developer/Platforms/MacOSX.platform/Developer/SDKs/MacOSX26.1.sdk/usr/include/ncurses.modulemap
/Applications/Xcode.app/Contents/Developer/Platforms/MacOSX.platform/Developer/SDKs/MacOSX26.1.sdk/usr/include/netinet6.modulemap
/Applications/Xcode.app/Contents/Developer/Platforms/MacOSX.platform/Developer/SDKs/MacOSX26.1.sdk/usr/include/Darwin_sys.modulemap
/Applications/Xcode.app/Contents/Developer/Platforms/MacOSX.platform/Developer/SDKs/MacOSX26.1.sdk/usr/include/uuid.modulemap
/Applications/Xcode.app/Contents/Developer/Platforms/MacOSX.platform/Developer/SDKs/MacOSX26.1.sdk/usr/include/DarwinFoundation1.modulemap
/Applications/Xcode.app/Contents/Developer/Platforms/MacOSX.platform/Developer/SDKs/MacOSX26.1.sdk/usr/include/libkern/OSCacheControl.h
/Applications/Xcode.app/Contents/Developer/Toolchains/XcodeDefault.xctoolchain/usr/lib/swift/clang/include/module.modulemap
/Applications/Xcode.app/Contents/Developer/Toolchains/XcodeDefault.xctoolchain/usr/lib/swift/clang/include/stddef.h
/Applications/Xcode.app/Contents/Developer/Platforms/MacOSX.platform/Developer/SDKs/MacOSX26.1.sdk/usr/include/libkern/OSDebug.h
/Applications/Xcode.app/Contents/Developer/Platforms/MacOSX.platform/Developer/SDKs/MacOSX26.1.sdk/usr/include/libkern/OSReturn.h
/Applications/Xcode.app/Contents/Developer/Platforms/MacOSX.platform/Developer/SDKs/MacOSX26.1.sdk/usr/include/libkern/OSThermalNotification.h
/Applications/Xcode.app/Contents/Developer/Platforms/MacOSX.platform/Developer/SDKs/MacOSX26.1.sdk/usr/include/libkern/OSTypes.h
/Applications/Xcode.app/Contents/Developer/Platforms/MacOSX.platform/Developer/SDKs/MacOSX26.1.sdk/usr/include/libkern/OSKextLib.h
/Applications/Xcode.app/Contents/Developer/Platforms/MacOSX.platform/Developer/SDKs/MacOSX26.1.sdk/SDKSettings.json
/Applications/Xcode.app/Contents/Developer/Toolchains/XcodeDefault.xctoolchain/usr/lib/swift/macosx/prebuilt-modules/26.1/os.swiftmodule/arm64e-apple-macos.swiftmodule
/Applications/Xcode.app/Contents/Developer/Platforms/MacOSX.platform/Developer/SDKs/MacOSX26.1.sdk/usr/include/os.apinotes
/Applications/Xcode.app/Contents/Developer/Platforms/MacOSX.platform/Developer/SDKs/MacOSX26.1.sdk/usr/include/xpc.modulemap
/Applications/Xcode.app/Contents/Developer/Platforms/MacOSX.platform/Developer/SDKs/MacOSX26.1.sdk/usr/include/DarwinBasic.modulemap
/Applications/Xcode.app/Contents/Developer/Platforms/MacOSX.platform/Developer/SDKs/MacOSX26.1.sdk/usr/include/os.modulemap
/Applications/Xcode.app/Contents/Developer/Platforms/MacOSX.platform/Developer/SDKs/MacOSX26.1.sdk/usr/include/Darwin.modulemap
/Applications/Xcode.app/Contents/Developer/Platforms/MacOSX.platform/Developer/SDKs/MacOSX26.1.sdk/usr/include/Darwin_C.modulemap
/Applications/Xcode.app/Contents/Developer/Platforms/MacOSX.platform/Developer/SDKs/MacOSX26.1.sdk/usr/include/Darwin_POSIX.modulemap
/Applications/Xcode.app/Contents/Developer/Platforms/MacOSX.platform/Developer/SDKs/MacOSX26.1.sdk/usr/include/net.modulemap
/Applications/Xcode.app/Contents/Developer/Platforms/MacOSX.platform/Developer/SDKs/MacOSX26.1.sdk/usr/include/netinet.modulemap
/Applications/Xcode.app/Contents/Developer/Platforms/MacOSX.platform/Developer/SDKs/MacOSX26.1.sdk/usr/include/bank.modulemap
/Applications/Xcode.app/Contents/Developer/Platforms/MacOSX.platform/Developer/SDKs/MacOSX26.1.sdk/usr/include/Darwin_Mach.modulemap
/Applications/Xcode.app/Contents/Developer/Platforms/MacOSX.platform/Developer/SDKs/MacOSX26.1.sdk/usr/include/Darwin_Mach_machine.modulemap
/Applications/Xcode.app/Contents/Developer/Platforms/MacOSX.platform/Developer/SDKs/MacOSX26.1.sdk/usr/include/mach_debug.modulemap
/Applications/Xcode.app/Contents/Developer/Platforms/MacOSX.platform/Developer/SDKs/MacOSX26.1.sdk/usr/include/device.modulemap
/Applications/Xcode.app/Contents/Developer/Platforms/MacOSX.platform/Developer/SDKs/MacOSX26.1.sdk/usr/include/Darwin_machine.modulemap
/Applications/Xcode.app/Contents/Developer/Platforms/MacOSX.platform/Developer/SDKs/MacOSX26.1.sdk/usr/include/ncurses.modulemap
/Applications/Xcode.app/Contents/Developer/Platforms/MacOSX.platform/Developer/SDKs/MacOSX26.1.sdk/usr/include/netinet6.modulemap
/Applications/Xcode.app/Contents/Developer/Platforms/MacOSX.platform/Developer/SDKs/MacOSX26.1.sdk/usr/include/Darwin_sys.modulemap
/Applications/Xcode.app/Contents/Developer/Platforms/MacOSX.platform/Developer/SDKs/MacOSX26.1.sdk/usr/include/uuid.modulemap
/Applications/Xcode.app/Contents/Developer/Platforms/MacOSX.platform/Developer/SDKs/MacOSX26.1.sdk/usr/include/DarwinFoundation2.modulemap
/Applications/Xcode.app/Contents/Developer/Platforms/MacOSX.platform/Developer/SDKs/MacOSX26.1.sdk/usr/include/DarwinFoundation3.modulemap
/Applications/Xcode.app/Contents/Developer/Platforms/MacOSX.platform/Developer/SDKs/MacOSX26.1.sdk/usr/include/DarwinFoundation1.modulemap
/Applications/Xcode.app/Contents/Developer/Platforms/MacOSX.platform/Developer/SDKs/MacOSX26.1.sdk/usr/include/os/atomic.h
/Applications/Xcode.app/Contents/Developer/Toolchains/XcodeDefault.xctoolchain/usr/lib/swift/clang/include/module.modulemap
/Applications/Xcode.app/Contents/Developer/Platforms/MacOSX.platform/Developer/SDKs/MacOSX26.1.sdk/usr/include/os/overflow.h
/Applications/Xcode.app/Contents/Developer/Platforms/MacOSX.platform/Developer/SDKs/MacOSX26.1.sdk/usr/include/os/trace_base.h
/Applications/Xcode.app/Contents/Developer/Toolchains/XcodeDefault.xctoolchain/usr/lib/swift/clang/include/stdarg.h
/Applications/Xcode.app/Contents/Developer/Platforms/MacOSX.platform/Developer/SDKs/MacOSX26.1.sdk/usr/include/os/activity.h
/Applications/Xcode.app/Contents/Developer/Platforms/MacOSX.platform/Developer/SDKs/MacOSX26.1.sdk/usr/include/os/log.h
/Applications/Xcode.app/Contents/Developer/Platforms/MacOSX.platform/Developer/SDKs/MacOSX26.1.sdk/usr/include/os/trace.h
/Applications/Xcode.app/Contents/Developer/Platforms/MacOSX.platform/Developer/SDKs/MacOSX26.1.sdk/usr/include/os/signpost.h
/Applications/Xcode.app/Contents/Developer/Platforms/MacOSX.platform/Developer/SDKs/MacOSX26.1.sdk/usr/include/_modules/_os_lock.h
/Applications/Xcode.app/Contents/Developer/Platforms/MacOSX.platform/Developer/SDKs/MacOSX26.1.sdk/usr/include/_modules/_os_object.h
/Applications/Xcode.app/Contents/Developer/Platforms/MacOSX.platform/Developer/SDKs/MacOSX26.1.sdk/usr/include/_modules/_os_workgroup.h
/Applications/Xcode.app/Contents/Developer/Platforms/MacOSX.platform/Developer/SDKs/MacOSX26.1.sdk/SDKSettings.json
/Applications/Xcode.app/Contents/Developer/Platforms/MacOSX.platform/Developer/SDKs/MacOSX26.1.sdk/usr/include/os.modulemap
/Applications/Xcode.app/Contents/Developer/Platforms/MacOSX.platform/Developer/SDKs/MacOSX26.1.sdk/usr/include/ObjectiveC.modulemap
/Applications/Xcode.app/Contents/Developer/Platforms/MacOSX.platform/Developer/SDKs/MacOSX26.1.sdk/usr/include/Darwin.modulemap
/Applications/Xcode.app/Contents/Developer/Platforms/MacOSX.platform/Developer/SDKs/MacOSX26.1.sdk/usr/include/Darwin_C.modulemap
/Applications/Xcode.app/Contents/Developer/Platforms/MacOSX.platform/Developer/SDKs/MacOSX26.1.sdk/usr/include/Darwin_POSIX.modulemap
/Applications/Xcode.app/Contents/Developer/Platforms/MacOSX.platform/Developer/SDKs/MacOSX26.1.sdk/usr/include/net.modulemap
/Applications/Xcode.app/Contents/Developer/Platforms/MacOSX.platform/Developer/SDKs/MacOSX26.1.sdk/usr/include/netinet.modulemap
/Applications/Xcode.app/Contents/Developer/Platforms/MacOSX.platform/Developer/SDKs/MacOSX26.1.sdk/usr/include/bank.modulemap
/Applications/Xcode.app/Contents/Developer/Platforms/MacOSX.platform/Developer/SDKs/MacOSX26.1.sdk/usr/include/Darwin_Mach.modulemap
/Applications/Xcode.app/Contents/Developer/Platforms/MacOSX.platform/Developer/SDKs/MacOSX26.1.sdk/usr/include/Darwin_Mach_machine.modulemap
/Applications/Xcode.app/Contents/Developer/Platforms/MacOSX.platform/Developer/SDKs/MacOSX26.1.sdk/usr/include/mach_debug.modulemap
/Applications/Xcode.app/Contents/Developer/Platforms/MacOSX.platform/Developer/SDKs/MacOSX26.1.sdk/usr/include/device.modulemap
/Applications/Xcode.app/Contents/Developer/Platforms/MacOSX.platform/Developer/SDKs/MacOSX26.1.sdk/usr/include/Darwin_machine.modulemap
/Applications/Xcode.app/Contents/Developer/Platforms/MacOSX.platform/Developer/SDKs/MacOSX26.1.sdk/usr/include/ncurses.modulemap
/Applications/Xcode.app/Contents/Developer/Platforms/MacOSX.platform/Developer/SDKs/MacOSX26.1.sdk/usr/include/netinet6.modulemap
/Applications/Xcode.app/Contents/Developer/Platforms/MacOSX.platform/Developer/SDKs/MacOSX26.1.sdk/usr/include/Darwin_sys.modulemap
/Applications/Xcode.app/Contents/Developer/Platforms/MacOSX.platform/Developer/SDKs/MacOSX26.1.sdk/usr/include/uuid.modulemap
/Applications/Xcode.app/Contents/Developer/Platforms/MacOSX.platform/Developer/SDKs/MacOSX26.1.sdk/usr/include/DarwinFoundation1.modulemap
/Applications/Xcode.app/Contents/Developer/Platforms/MacOSX.platform/Developer/SDKs/MacOSX26.1.sdk/usr/include/os/object.h
/Applications/Xcode.app/Contents/Developer/Platforms/MacOSX.platform/Developer/SDKs/MacOSX26.1.sdk/SDKSettings.json
/Applications/Xcode.app/Contents/Developer/Platforms/MacOSX.platform/Developer/SDKs/MacOSX26.1.sdk/usr/include/os.modulemap
/Applications/Xcode.app/Contents/Developer/Platforms/MacOSX.platform/Developer/SDKs/MacOSX26.1.sdk/usr/include/Darwin.modulemap
/Applications/Xcode.app/Contents/Developer/Platforms/MacOSX.platform/Developer/SDKs/MacOSX26.1.sdk/usr/include/Darwin_C.modulemap
/Applications/Xcode.app/Contents/Developer/Platforms/MacOSX.platform/Developer/SDKs/MacOSX26.1.sdk/usr/include/Darwin_POSIX.modulemap
/Applications/Xcode.app/Contents/Developer/Platforms/MacOSX.platform/Developer/SDKs/MacOSX26.1.sdk/usr/include/net.modulemap
/Applications/Xcode.app/Contents/Developer/Platforms/MacOSX.platform/Developer/SDKs/MacOSX26.1.sdk/usr/include/netinet.modulemap
/Applications/Xcode.app/Contents/Developer/Platforms/MacOSX.platform/Developer/SDKs/MacOSX26.1.sdk/usr/include/bank.modulemap
/Applications/Xcode.app/Contents/Developer/Platforms/MacOSX.platform/Developer/SDKs/MacOSX26.1.sdk/usr/include/Darwin_Mach.modulemap
/Applications/Xcode.app/Contents/Developer/Platforms/MacOSX.platform/Developer/SDKs/MacOSX26.1.sdk/usr/include/Darwin_Mach_machine.modulemap
/Applications/Xcode.app/Contents/Developer/Platforms/MacOSX.platform/Developer/SDKs/MacOSX26.1.sdk/usr/include/mach_debug.modulemap
/Applications/Xcode.app/Contents/Developer/Platforms/MacOSX.platform/Developer/SDKs/MacOSX26.1.sdk/usr/include/device.modulemap
/Applications/Xcode.app/Contents/Developer/Platforms/MacOSX.platform/Developer/SDKs/MacOSX26.1.sdk/usr/include/Darwin_machine.modulemap
/Applications/Xcode.app/Contents/Developer/Platforms/MacOSX.platform/Developer/SDKs/MacOSX26.1.sdk/usr/include/ncurses.modulemap
/Applications/Xcode.app/Contents/Developer/Platforms/MacOSX.platform/Developer/SDKs/MacOSX26.1.sdk/usr/include/netinet6.modulemap
/Applications/Xcode.app/Contents/Developer/Platforms/MacOSX.platform/Developer/SDKs/MacOSX26.1.sdk/usr/include/Darwin_sys.modulemap
/Applications/Xcode.app/Contents/Developer/Platforms/MacOSX.platform/Developer/SDKs/MacOSX26.1.sdk/usr/include/uuid.modulemap
/Applications/Xcode.app/Contents/Developer/Platforms/MacOSX.platform/Developer/SDKs/MacOSX26.1.sdk/usr/include/DarwinFoundation2.modulemap
/Applications/Xcode.app/Contents/Developer/Platforms/MacOSX.platform/Developer/SDKs/MacOSX26.1.sdk/usr/include/DarwinFoundation3.modulemap
/Applications/Xcode.app/Contents/Developer/Platforms/MacOSX.platform/Developer/SDKs/MacOSX26.1.sdk/usr/include/DarwinFoundation1.modulemap
/Applications/Xcode.app/Contents/Developer/Platforms/MacOSX.platform/Developer/SDKs/MacOSX26.1.sdk/usr/include/os/workgroup.h
/Applications/Xcode.app/Contents/Developer/Platforms/MacOSX.platform/Developer/SDKs/MacOSX26.1.sdk/usr/include/os/workgroup_base.h
/Applications/Xcode.app/Contents/Developer/Toolchains/XcodeDefault.xctoolchain/usr/lib/swift/clang/include/module.modulemap
/Applications/Xcode.app/Contents/Developer/Toolchains/XcodeDefault.xctoolchain/usr/lib/swift/clang/include/stddef.h
/Applications/Xcode.app/Contents/Developer/Platforms/MacOSX.platform/Developer/SDKs/MacOSX26.1.sdk/usr/include/string.h
/Applications/Xcode.app/Contents/Developer/Platforms/MacOSX.platform/Developer/SDKs/MacOSX26.1.sdk/usr/include/stdlib.h
/Applications/Xcode.app/Contents/Developer/Platforms/MacOSX.platform/Developer/SDKs/MacOSX26.1.sdk/usr/include/os/workgroup_object.h
/Applications/Xcode.app/Contents/Developer/Platforms/MacOSX.platform/Developer/SDKs/MacOSX26.1.sdk/usr/include/os/workgroup_interval.h
/Applications/Xcode.app/Contents/Developer/Platforms/MacOSX.platform/Developer/SDKs/MacOSX26.1.sdk/usr/include/os/workgroup_parallel.h
/Applications/Xcode.app/Contents/Developer/Platforms/MacOSX.platform/Developer/SDKs/MacOSX26.1.sdk/SDKSettings.json
/Applications/Xcode.app/Contents/Developer/Toolchains/XcodeDefault.xctoolchain/usr/lib/swift/clang/include/module.modulemap
/Applications/Xcode.app/Contents/Developer/Toolchains/XcodeDefault.xctoolchain/usr/lib/swift/clang/include/ptrauth.h
/Applications/Xcode.app/Contents/Developer/Platforms/MacOSX.platform/Developer/SDKs/MacOSX26.1.sdk/SDKSettings.json
/Applications/Xcode.app/Contents/Developer/Toolchains/XcodeDefault.xctoolchain/usr/lib/swift/clang/include/module.modulemap
/Applications/Xcode.app/Contents/Developer/Toolchains/XcodeDefault.xctoolchain/usr/lib/swift/clang/include/ptrcheck.h
/Applications/Xcode.app/Contents/Developer/Platforms/MacOSX.platform/Developer/SDKs/MacOSX26.1.sdk/SDKSettings.json
/Applications/Xcode.app/Contents/Developer/Platforms/MacOSX.platform/Developer/SDKs/MacOSX26.1.sdk/usr/include/DarwinFoundation2.modulemap
/Applications/Xcode.app/Contents/Developer/Platforms/MacOSX.platform/Developer/SDKs/MacOSX26.1.sdk/usr/include/_modules/_sys_types.h
/Applications/Xcode.app/Contents/Developer/Platforms/MacOSX.platform/Developer/SDKs/MacOSX26.1.sdk/SDKSettings.json

Ld /Users/rogerlin/Library/Developer/Xcode/DerivedData/FinancialCalculatorKit-ackorybalcxbfocbkqsfdzcfkgmn/Build/Products/Debug/IssueReporting.o normal (in target 'IssueReporting' from project 'xctest-dynamic-overlay')
    cd /Users/rogerlin/Library/Developer/Xcode/DerivedData/FinancialCalculatorKit-ackorybalcxbfocbkqsfdzcfkgmn/SourcePackages/checkouts/xctest-dynamic-overlay
    /Applications/Xcode.app/Contents/Developer/Toolchains/XcodeDefault.xctoolchain/usr/bin/clang -Xlinker -reproducible -target arm64-apple-macos10.15 -r -isysroot /Applications/Xcode.app/Contents/Developer/Platforms/MacOSX.platform/Developer/SDKs/MacOSX26.1.sdk -O0 -w -L/Users/rogerlin/Library/Developer/Xcode/DerivedData/FinancialCalculatorKit-ackorybalcxbfocbkqsfdzcfkgmn/Build/Intermediates.noindex/EagerLinkingTBDs/Debug -L/Users/rogerlin/Library/Developer/Xcode/DerivedData/FinancialCalculatorKit-ackorybalcxbfocbkqsfdzcfkgmn/Build/Products/Debug -L/Applications/Xcode.app/Contents/Developer/Platforms/MacOSX.platform/Developer/usr/lib -F/Users/rogerlin/Library/Developer/Xcode/DerivedData/FinancialCalculatorKit-ackorybalcxbfocbkqsfdzcfkgmn/Build/Intermediates.noindex/EagerLinkingTBDs/Debug -F/Users/rogerlin/Library/Developer/Xcode/DerivedData/FinancialCalculatorKit-ackorybalcxbfocbkqsfdzcfkgmn/Build/Products/Debug -iframework /Applications/Xcode.app/Contents/Developer/Platforms/MacOSX.platform/Developer/Library/Frameworks -filelist /Users/rogerlin/Library/Developer/Xcode/DerivedData/FinancialCalculatorKit-ackorybalcxbfocbkqsfdzcfkgmn/Build/Intermediates.noindex/xctest-dynamic-overlay.build/Debug/IssueReporting.build/Objects-normal/arm64/IssueReporting.LinkFileList -nostdlib -Xlinker -object_path_lto -Xlinker /Users/rogerlin/Library/Developer/Xcode/DerivedData/FinancialCalculatorKit-ackorybalcxbfocbkqsfdzcfkgmn/Build/Intermediates.noindex/xctest-dynamic-overlay.build/Debug/IssueReporting.build/Objects-normal/arm64/IssueReporting_lto.o -rdynamic -Xlinker -no_deduplicate -Xlinker -debug_variant -Xlinker -dependency_info -Xlinker /Users/rogerlin/Library/Developer/Xcode/DerivedData/FinancialCalculatorKit-ackorybalcxbfocbkqsfdzcfkgmn/Build/Intermediates.noindex/xctest-dynamic-overlay.build/Debug/IssueReporting.build/Objects-normal/arm64/IssueReporting_dependency_info.dat -fobjc-link-runtime -L/Applications/Xcode.app/Contents/Developer/Toolchains/XcodeDefault.xctoolchain/usr/lib/swift/macosx -L/usr/lib/swift -Xlinker -add_ast_path -Xlinker /Users/rogerlin/Library/Developer/Xcode/DerivedData/FinancialCalculatorKit-ackorybalcxbfocbkqsfdzcfkgmn/Build/Intermediates.noindex/xctest-dynamic-overlay.build/Debug/IssueReporting.build/Objects-normal/arm64/IssueReporting.swiftmodule @/Users/rogerlin/Library/Developer/Xcode/DerivedData/FinancialCalculatorKit-ackorybalcxbfocbkqsfdzcfkgmn/Build/Intermediates.noindex/xctest-dynamic-overlay.build/Debug/IssueReporting.build/Objects-normal/arm64/IssueReporting-linker-args.resp -o /Users/rogerlin/Library/Developer/Xcode/DerivedData/FinancialCalculatorKit-ackorybalcxbfocbkqsfdzcfkgmn/Build/Products/Debug/IssueReporting.o

    Task input dependencies:
        /Users/rogerlin/Library/Developer/Xcode/DerivedData/FinancialCalculatorKit-ackorybalcxbfocbkqsfdzcfkgmn/Build/Intermediates.noindex/xctest-dynamic-overlay.build/Debug/IssueReporting.build/Objects-normal/arm64/ErrorReporting.o
        /Users/rogerlin/Library/Developer/Xcode/DerivedData/FinancialCalculatorKit-ackorybalcxbfocbkqsfdzcfkgmn/Build/Intermediates.noindex/xctest-dynamic-overlay.build/Debug/IssueReporting.build/Objects-normal/arm64/AppHostWarning.o
        /Users/rogerlin/Library/Developer/Xcode/DerivedData/FinancialCalculatorKit-ackorybalcxbfocbkqsfdzcfkgmn/Build/Intermediates.noindex/xctest-dynamic-overlay.build/Debug/IssueReporting.build/Objects-normal/arm64/Deprecations.o
        /Users/rogerlin/Library/Developer/Xcode/DerivedData/FinancialCalculatorKit-ackorybalcxbfocbkqsfdzcfkgmn/Build/Intermediates.noindex/xctest-dynamic-overlay.build/Debug/IssueReporting.build/Objects-normal/arm64/FailureObserver.o
        /Users/rogerlin/Library/Developer/Xcode/DerivedData/FinancialCalculatorKit-ackorybalcxbfocbkqsfdzcfkgmn/Build/Intermediates.noindex/xctest-dynamic-overlay.build/Debug/IssueReporting.build/Objects-normal/arm64/LockIsolated.o
        /Users/rogerlin/Library/Developer/Xcode/DerivedData/FinancialCalculatorKit-ackorybalcxbfocbkqsfdzcfkgmn/Build/Intermediates.noindex/xctest-dynamic-overlay.build/Debug/IssueReporting.build/Objects-normal/arm64/Rethrows.o
        /Users/rogerlin/Library/Developer/Xcode/DerivedData/FinancialCalculatorKit-ackorybalcxbfocbkqsfdzcfkgmn/Build/Intermediates.noindex/xctest-dynamic-overlay.build/Debug/IssueReporting.build/Objects-normal/arm64/SwiftTesting.o
        /Users/rogerlin/Library/Developer/Xcode/DerivedData/FinancialCalculatorKit-ackorybalcxbfocbkqsfdzcfkgmn/Build/Intermediates.noindex/xctest-dynamic-overlay.build/Debug/IssueReporting.build/Objects-normal/arm64/UncheckedSendable.o
        /Users/rogerlin/Library/Developer/Xcode/DerivedData/FinancialCalculatorKit-ackorybalcxbfocbkqsfdzcfkgmn/Build/Intermediates.noindex/xctest-dynamic-overlay.build/Debug/IssueReporting.build/Objects-normal/arm64/Warn.o
        /Users/rogerlin/Library/Developer/Xcode/DerivedData/FinancialCalculatorKit-ackorybalcxbfocbkqsfdzcfkgmn/Build/Intermediates.noindex/xctest-dynamic-overlay.build/Debug/IssueReporting.build/Objects-normal/arm64/XCTest.o
        /Users/rogerlin/Library/Developer/Xcode/DerivedData/FinancialCalculatorKit-ackorybalcxbfocbkqsfdzcfkgmn/Build/Intermediates.noindex/xctest-dynamic-overlay.build/Debug/IssueReporting.build/Objects-normal/arm64/IsTesting.o
        /Users/rogerlin/Library/Developer/Xcode/DerivedData/FinancialCalculatorKit-ackorybalcxbfocbkqsfdzcfkgmn/Build/Intermediates.noindex/xctest-dynamic-overlay.build/Debug/IssueReporting.build/Objects-normal/arm64/IssueReporter.o
        /Users/rogerlin/Library/Developer/Xcode/DerivedData/FinancialCalculatorKit-ackorybalcxbfocbkqsfdzcfkgmn/Build/Intermediates.noindex/xctest-dynamic-overlay.build/Debug/IssueReporting.build/Objects-normal/arm64/BreakpointReporter.o
        /Users/rogerlin/Library/Developer/Xcode/DerivedData/FinancialCalculatorKit-ackorybalcxbfocbkqsfdzcfkgmn/Build/Intermediates.noindex/xctest-dynamic-overlay.build/Debug/IssueReporting.build/Objects-normal/arm64/FatalErrorReporter.o
        /Users/rogerlin/Library/Developer/Xcode/DerivedData/FinancialCalculatorKit-ackorybalcxbfocbkqsfdzcfkgmn/Build/Intermediates.noindex/xctest-dynamic-overlay.build/Debug/IssueReporting.build/Objects-normal/arm64/RuntimeWarningReporter.o
        /Users/rogerlin/Library/Developer/Xcode/DerivedData/FinancialCalculatorKit-ackorybalcxbfocbkqsfdzcfkgmn/Build/Intermediates.noindex/xctest-dynamic-overlay.build/Debug/IssueReporting.build/Objects-normal/arm64/ReportIssue.o
        /Users/rogerlin/Library/Developer/Xcode/DerivedData/FinancialCalculatorKit-ackorybalcxbfocbkqsfdzcfkgmn/Build/Intermediates.noindex/xctest-dynamic-overlay.build/Debug/IssueReporting.build/Objects-normal/arm64/TestContext.o
        /Users/rogerlin/Library/Developer/Xcode/DerivedData/FinancialCalculatorKit-ackorybalcxbfocbkqsfdzcfkgmn/Build/Intermediates.noindex/xctest-dynamic-overlay.build/Debug/IssueReporting.build/Objects-normal/arm64/Unimplemented.o
        /Users/rogerlin/Library/Developer/Xcode/DerivedData/FinancialCalculatorKit-ackorybalcxbfocbkqsfdzcfkgmn/Build/Intermediates.noindex/xctest-dynamic-overlay.build/Debug/IssueReporting.build/Objects-normal/arm64/WithExpectedIssue.o
        /Users/rogerlin/Library/Developer/Xcode/DerivedData/FinancialCalculatorKit-ackorybalcxbfocbkqsfdzcfkgmn/Build/Intermediates.noindex/xctest-dynamic-overlay.build/Debug/IssueReporting.build/Objects-normal/arm64/WithIssueContext.o
        /Users/rogerlin/Library/Developer/Xcode/DerivedData/FinancialCalculatorKit-ackorybalcxbfocbkqsfdzcfkgmn/Build/Intermediates.noindex/xctest-dynamic-overlay.build/Debug/IssueReporting.build/Objects-normal/arm64/IssueReporting.LinkFileList
        /Users/rogerlin/Library/Developer/Xcode/DerivedData/FinancialCalculatorKit-ackorybalcxbfocbkqsfdzcfkgmn/Build/Products/Debug

    Task output dependencies:
        /Users/rogerlin/Library/Developer/Xcode/DerivedData/FinancialCalculatorKit-ackorybalcxbfocbkqsfdzcfkgmn/Build/Products/Debug/IssueReporting.o
        /Users/rogerlin/Library/Developer/Xcode/DerivedData/FinancialCalculatorKit-ackorybalcxbfocbkqsfdzcfkgmn/Build/Intermediates.noindex/xctest-dynamic-overlay.build/Debug/IssueReporting.build/Objects-normal/arm64/IssueReporting_lto.o
        /Users/rogerlin/Library/Developer/Xcode/DerivedData/FinancialCalculatorKit-ackorybalcxbfocbkqsfdzcfkgmn/Build/Intermediates.noindex/xctest-dynamic-overlay.build/Debug/IssueReporting.build/Objects-normal/arm64/IssueReporting_dependency_info.dat

SwiftDriverJobDiscovery normal arm64 Compiling Numerics.swift (in target 'Numerics' from project 'swift-numerics')

SwiftDriverJobDiscovery normal arm64 Emitting module for Numerics (in target 'Numerics' from project 'swift-numerics')

SwiftDriver\ Compilation Numerics normal arm64 com.apple.xcode.tools.swift.compiler (in target 'Numerics' from project 'swift-numerics')
    cd /Users/rogerlin/XCode-Projects/FinancialCalculatorKit-5.0-updated-accent-colors/FinancialCalculatorKit.xcodeproj
    builtin-Swift-Compilation -- /Applications/Xcode.app/Contents/Developer/Toolchains/XcodeDefault.xctoolchain/usr/bin/swiftc -module-name Numerics -Onone -enforce-exclusivity\=checked @/Users/rogerlin/Library/Developer/Xcode/DerivedData/FinancialCalculatorKit-ackorybalcxbfocbkqsfdzcfkgmn/Build/Intermediates.noindex/swift-numerics.build/Debug/Numerics.build/Objects-normal/arm64/Numerics.SwiftFileList -DSWIFT_PACKAGE -DDEBUG -DSWIFT_MODULE_RESOURCE_BUNDLE_UNAVAILABLE -DXcode -plugin-path /Applications/Xcode.app/Contents/Developer/Toolchains/XcodeDefault.xctoolchain/usr/lib/swift/host/plugins/testing -enable-experimental-feature DebugDescriptionMacro -sdk /Applications/Xcode.app/Contents/Developer/Platforms/MacOSX.platform/Developer/SDKs/MacOSX26.1.sdk -target arm64-apple-macos10.13 -g -module-cache-path /Users/rogerlin/Library/Developer/Xcode/DerivedData/ModuleCache.noindex -Xfrontend -serialize-debugging-options -profile-coverage-mapping -profile-generate -enable-testing -suppress-warnings -index-store-path /Users/rogerlin/Library/Developer/Xcode/DerivedData/FinancialCalculatorKit-ackorybalcxbfocbkqsfdzcfkgmn/Index.noindex/DataStore -Xcc -D_LIBCPP_HARDENING_MODE\=_LIBCPP_HARDENING_MODE_DEBUG -swift-version 5 -I /Users/rogerlin/Library/Developer/Xcode/DerivedData/FinancialCalculatorKit-ackorybalcxbfocbkqsfdzcfkgmn/Build/Products/Debug -Isystem /Applications/Xcode.app/Contents/Developer/Platforms/MacOSX.platform/Developer/usr/lib -F /Users/rogerlin/Library/Developer/Xcode/DerivedData/FinancialCalculatorKit-ackorybalcxbfocbkqsfdzcfkgmn/Build/Products/Debug/PackageFrameworks -F /Users/rogerlin/Library/Developer/Xcode/DerivedData/FinancialCalculatorKit-ackorybalcxbfocbkqsfdzcfkgmn/Build/Products/Debug/PackageFrameworks -F /Users/rogerlin/Library/Developer/Xcode/DerivedData/FinancialCalculatorKit-ackorybalcxbfocbkqsfdzcfkgmn/Build/Products/Debug/PackageFrameworks -F /Users/rogerlin/Library/Developer/Xcode/DerivedData/FinancialCalculatorKit-ackorybalcxbfocbkqsfdzcfkgmn/Build/Products/Debug -F /Applications/Xcode.app/Contents/Developer/Platforms/MacOSX.platform/Developer/Library/Frameworks -parse-as-library -c -j16 -enable-batch-mode -incremental -Xcc -ivfsstatcache -Xcc /Users/rogerlin/Library/Developer/Xcode/DerivedData/SDKStatCaches.noindex/macosx26.1-25B74-3ae1261907bdadc328169391a47051a6.sdkstatcache -output-file-map /Users/rogerlin/Library/Developer/Xcode/DerivedData/FinancialCalculatorKit-ackorybalcxbfocbkqsfdzcfkgmn/Build/Intermediates.noindex/swift-numerics.build/Debug/Numerics.build/Objects-normal/arm64/Numerics-OutputFileMap.json -use-frontend-parseable-output -save-temps -no-color-diagnostics -explicit-module-build -module-cache-path /Users/rogerlin/Library/Developer/Xcode/DerivedData/FinancialCalculatorKit-ackorybalcxbfocbkqsfdzcfkgmn/Build/Intermediates.noindex/SwiftExplicitPrecompiledModules -clang-scanner-module-cache-path /Users/rogerlin/Library/Developer/Xcode/DerivedData/ModuleCache.noindex -sdk-module-cache-path /Users/rogerlin/Library/Developer/Xcode/DerivedData/ModuleCache.noindex -serialize-diagnostics -emit-dependencies -emit-module -emit-module-path /Users/rogerlin/Library/Developer/Xcode/DerivedData/FinancialCalculatorKit-ackorybalcxbfocbkqsfdzcfkgmn/Build/Intermediates.noindex/swift-numerics.build/Debug/Numerics.build/Objects-normal/arm64/Numerics.swiftmodule -validate-clang-modules-once -clang-build-session-file /Users/rogerlin/Library/Developer/Xcode/DerivedData/ModuleCache.noindex/Session.modulevalidation -Xcc -I/Users/rogerlin/Library/Developer/Xcode/DerivedData/FinancialCalculatorKit-ackorybalcxbfocbkqsfdzcfkgmn/Build/Intermediates.noindex/swift-numerics.build/Debug/Numerics.build/swift-overrides.hmap -emit-const-values -Xfrontend -const-gather-protocols-file -Xfrontend /Users/rogerlin/Library/Developer/Xcode/DerivedData/FinancialCalculatorKit-ackorybalcxbfocbkqsfdzcfkgmn/Build/Intermediates.noindex/swift-numerics.build/Debug/Numerics.build/Objects-normal/arm64/Numerics_const_extract_protocols.json -Xcc -I/Users/rogerlin/Library/Developer/Xcode/DerivedData/FinancialCalculatorKit-ackorybalcxbfocbkqsfdzcfkgmn/SourcePackages/checkouts/swift-numerics/Sources/_NumericsShims/include -Xcc -I/Users/rogerlin/Library/Developer/Xcode/DerivedData/FinancialCalculatorKit-ackorybalcxbfocbkqsfdzcfkgmn/Build/Products/Debug/include -Xcc -I/Users/rogerlin/Library/Developer/Xcode/DerivedData/FinancialCalculatorKit-ackorybalcxbfocbkqsfdzcfkgmn/Build/Intermediates.noindex/swift-numerics.build/Debug/Numerics.build/DerivedSources-normal/arm64 -Xcc -I/Users/rogerlin/Library/Developer/Xcode/DerivedData/FinancialCalculatorKit-ackorybalcxbfocbkqsfdzcfkgmn/Build/Intermediates.noindex/swift-numerics.build/Debug/Numerics.build/DerivedSources/arm64 -Xcc -I/Users/rogerlin/Library/Developer/Xcode/DerivedData/FinancialCalculatorKit-ackorybalcxbfocbkqsfdzcfkgmn/Build/Intermediates.noindex/swift-numerics.build/Debug/Numerics.build/DerivedSources -Xcc -DSWIFT_PACKAGE -Xcc -DDEBUG\=1 -emit-objc-header -emit-objc-header-path /Users/rogerlin/Library/Developer/Xcode/DerivedData/FinancialCalculatorKit-ackorybalcxbfocbkqsfdzcfkgmn/Build/Intermediates.noindex/swift-numerics.build/Debug/Numerics.build/Objects-normal/arm64/Numerics-Swift.h -working-directory /Users/rogerlin/XCode-Projects/FinancialCalculatorKit-5.0-updated-accent-colors/FinancialCalculatorKit.xcodeproj -experimental-emit-module-separately -disable-cmo

    Task input dependencies:
        /Users/rogerlin/Library/Developer/Xcode/DerivedData/FinancialCalculatorKit-ackorybalcxbfocbkqsfdzcfkgmn/SourcePackages/checkouts/swift-numerics/Sources/Numerics/Numerics.swift
        /Users/rogerlin/Library/Developer/Xcode/DerivedData/FinancialCalculatorKit-ackorybalcxbfocbkqsfdzcfkgmn/Build/Intermediates.noindex/swift-numerics.build/Debug/Numerics.build/Objects-normal/arm64/Numerics.SwiftFileList
        /Users/rogerlin/Library/Developer/Xcode/DerivedData/FinancialCalculatorKit-ackorybalcxbfocbkqsfdzcfkgmn/Build/Intermediates.noindex/swift-numerics.build/Debug/Numerics.build/Objects-normal/arm64/Numerics-OutputFileMap.json
        /Users/rogerlin/Library/Developer/Xcode/DerivedData/FinancialCalculatorKit-ackorybalcxbfocbkqsfdzcfkgmn/Build/Intermediates.noindex/swift-numerics.build/Debug/Numerics.build/Objects-normal/arm64/Numerics_const_extract_protocols.json
        /Users/rogerlin/Library/Developer/Xcode/DerivedData/FinancialCalculatorKit-ackorybalcxbfocbkqsfdzcfkgmn/Build/Intermediates.noindex/GeneratedModuleMaps/Numerics.modulemap
        /Users/rogerlin/Library/Developer/Xcode/DerivedData/FinancialCalculatorKit-ackorybalcxbfocbkqsfdzcfkgmn/SourcePackages/checkouts/swift-numerics/Sources/Numerics/Numerics.swift
        /Users/rogerlin/Library/Developer/Xcode/DerivedData/FinancialCalculatorKit-ackorybalcxbfocbkqsfdzcfkgmn/Build/Intermediates.noindex/swift-numerics.build/Debug/Numerics.build/Objects-normal/arm64/Numerics.SwiftFileList
        /Users/rogerlin/Library/Developer/Xcode/DerivedData/FinancialCalculatorKit-ackorybalcxbfocbkqsfdzcfkgmn/Build/Intermediates.noindex/swift-numerics.build/Debug/Numerics.build/Objects-normal/arm64/Numerics-OutputFileMap.json
        /Users/rogerlin/Library/Developer/Xcode/DerivedData/FinancialCalculatorKit-ackorybalcxbfocbkqsfdzcfkgmn/Build/Intermediates.noindex/swift-numerics.build/Debug/Numerics.build/Objects-normal/arm64/Numerics_const_extract_protocols.json
        /Users/rogerlin/Library/Developer/Xcode/DerivedData/FinancialCalculatorKit-ackorybalcxbfocbkqsfdzcfkgmn/Build/Intermediates.noindex/GeneratedModuleMaps/Numerics.modulemap
        <ClangStatCache /Users/rogerlin/Library/Developer/Xcode/DerivedData/SDKStatCaches.noindex/macosx26.1-25B74-3ae1261907bdadc328169391a47051a6.sdkstatcache>
        <target-Numerics-PACKAGE-TARGET:Numerics-SDKROOT:macosx:SDK_VARIANT:macos-generated-headers>
        <target-Numerics-PACKAGE-TARGET:Numerics-SDKROOT:macosx:SDK_VARIANT:macos-copy-headers-completion>
        <target-Numerics-PACKAGE-TARGET:Numerics-SDKROOT:macosx:SDK_VARIANT:macos-ModuleVerifierTaskProducer>
        <target-Numerics-PACKAGE-TARGET:Numerics-SDKROOT:macosx:SDK_VARIANT:macos-begin-compiling>
        <WorkspaceHeaderMapVFSFilesWritten>

    Task output dependencies:
        /Users/rogerlin/Library/Developer/Xcode/DerivedData/FinancialCalculatorKit-ackorybalcxbfocbkqsfdzcfkgmn/Build/Intermediates.noindex/swift-numerics.build/Debug/Numerics.build/Objects-normal/arm64/Numerics Swift Compilation Finished
        /Users/rogerlin/Library/Developer/Xcode/DerivedData/FinancialCalculatorKit-ackorybalcxbfocbkqsfdzcfkgmn/Build/Intermediates.noindex/swift-numerics.build/Debug/Numerics.build/Objects-normal/arm64/Numerics.o
        /Users/rogerlin/Library/Developer/Xcode/DerivedData/FinancialCalculatorKit-ackorybalcxbfocbkqsfdzcfkgmn/Build/Intermediates.noindex/swift-numerics.build/Debug/Numerics.build/Objects-normal/arm64/Numerics.swiftconstvalues
Discovered dependency nodes:
/Users/rogerlin/Library/Developer/Xcode/DerivedData/FinancialCalculatorKit-ackorybalcxbfocbkqsfdzcfkgmn/Build/Products/Debug/ComplexModule.swiftmodule/arm64-apple-macos.swiftmodule
/Users/rogerlin/Library/Developer/Xcode/DerivedData/FinancialCalculatorKit-ackorybalcxbfocbkqsfdzcfkgmn/Build/Products/Debug/RealModule.swiftmodule/arm64-apple-macos.swiftmodule
/Applications/Xcode.app/Contents/Developer/Toolchains/XcodeDefault.xctoolchain/usr/lib/swift/macosx/prebuilt-modules/26.1/Swift.swiftmodule/arm64e-apple-macos.swiftmodule
/Applications/Xcode.app/Contents/Developer/Toolchains/XcodeDefault.xctoolchain/usr/lib/swift/macosx/prebuilt-modules/26.1/SwiftOnoneSupport.swiftmodule/arm64e-apple-macos.swiftmodule
/Applications/Xcode.app/Contents/Developer/Platforms/MacOSX.platform/Developer/SDKs/MacOSX26.1.sdk/usr/lib/swift/shims/module.modulemap
/Applications/Xcode.app/Contents/Developer/Platforms/MacOSX.platform/Developer/SDKs/MacOSX26.1.sdk/usr/lib/swift/shims/AssertionReporting.h
/Applications/Xcode.app/Contents/Developer/Platforms/MacOSX.platform/Developer/SDKs/MacOSX26.1.sdk/usr/lib/swift/shims/SwiftStdint.h
/Applications/Xcode.app/Contents/Developer/Platforms/MacOSX.platform/Developer/SDKs/MacOSX26.1.sdk/usr/lib/swift/shims/Visibility.h
/Applications/Xcode.app/Contents/Developer/Platforms/MacOSX.platform/Developer/SDKs/MacOSX26.1.sdk/usr/lib/swift/shims/CoreFoundationShims.h
/Applications/Xcode.app/Contents/Developer/Platforms/MacOSX.platform/Developer/SDKs/MacOSX26.1.sdk/usr/lib/swift/shims/ObjCShims.h
/Applications/Xcode.app/Contents/Developer/Platforms/MacOSX.platform/Developer/SDKs/MacOSX26.1.sdk/usr/lib/swift/shims/EmbeddedShims.h
/Applications/Xcode.app/Contents/Developer/Platforms/MacOSX.platform/Developer/SDKs/MacOSX26.1.sdk/usr/lib/swift/shims/SwiftStddef.h
/Applications/Xcode.app/Contents/Developer/Platforms/MacOSX.platform/Developer/SDKs/MacOSX26.1.sdk/usr/lib/swift/shims/FoundationShims.h
/Applications/Xcode.app/Contents/Developer/Platforms/MacOSX.platform/Developer/SDKs/MacOSX26.1.sdk/usr/lib/swift/shims/GlobalObjects.h
/Applications/Xcode.app/Contents/Developer/Platforms/MacOSX.platform/Developer/SDKs/MacOSX26.1.sdk/usr/lib/swift/shims/SwiftStdbool.h
/Applications/Xcode.app/Contents/Developer/Platforms/MacOSX.platform/Developer/SDKs/MacOSX26.1.sdk/usr/lib/swift/shims/HeapObject.h
/Applications/Xcode.app/Contents/Developer/Platforms/MacOSX.platform/Developer/SDKs/MacOSX26.1.sdk/usr/lib/swift/shims/RefCount.h
/Applications/Xcode.app/Contents/Developer/Platforms/MacOSX.platform/Developer/SDKs/MacOSX26.1.sdk/usr/lib/swift/shims/System.h
/Applications/Xcode.app/Contents/Developer/Platforms/MacOSX.platform/Developer/SDKs/MacOSX26.1.sdk/usr/lib/swift/shims/Target.h
/Applications/Xcode.app/Contents/Developer/Platforms/MacOSX.platform/Developer/SDKs/MacOSX26.1.sdk/usr/lib/swift/shims/KeyPath.h
/Applications/Xcode.app/Contents/Developer/Platforms/MacOSX.platform/Developer/SDKs/MacOSX26.1.sdk/usr/lib/swift/shims/LibcShims.h
/Applications/Xcode.app/Contents/Developer/Platforms/MacOSX.platform/Developer/SDKs/MacOSX26.1.sdk/usr/lib/swift/shims/MetadataSections.h
/Applications/Xcode.app/Contents/Developer/Platforms/MacOSX.platform/Developer/SDKs/MacOSX26.1.sdk/usr/lib/swift/shims/Random.h
/Applications/Xcode.app/Contents/Developer/Platforms/MacOSX.platform/Developer/SDKs/MacOSX26.1.sdk/usr/lib/swift/shims/Reflection.h
/Applications/Xcode.app/Contents/Developer/Platforms/MacOSX.platform/Developer/SDKs/MacOSX26.1.sdk/usr/lib/swift/shims/RuntimeShims.h
/Applications/Xcode.app/Contents/Developer/Platforms/MacOSX.platform/Developer/SDKs/MacOSX26.1.sdk/usr/lib/swift/shims/RuntimeStubs.h
/Applications/Xcode.app/Contents/Developer/Platforms/MacOSX.platform/Developer/SDKs/MacOSX26.1.sdk/usr/lib/swift/shims/ThreadLocalStorage.h
/Applications/Xcode.app/Contents/Developer/Platforms/MacOSX.platform/Developer/SDKs/MacOSX26.1.sdk/usr/lib/swift/shims/UnicodeData.h
/Applications/Xcode.app/Contents/Developer/Platforms/MacOSX.platform/Developer/SDKs/MacOSX26.1.sdk/SDKSettings.json
/Applications/Xcode.app/Contents/Developer/Toolchains/XcodeDefault.xctoolchain/usr/lib/swift/macosx/prebuilt-modules/26.1/_Concurrency.swiftmodule/arm64e-apple-macos.swiftmodule
/Users/rogerlin/Library/Developer/Xcode/DerivedData/FinancialCalculatorKit-ackorybalcxbfocbkqsfdzcfkgmn/SourcePackages/checkouts/swift-numerics/Sources/_NumericsShims/include/module.modulemap
/Users/rogerlin/Library/Developer/Xcode/DerivedData/FinancialCalculatorKit-ackorybalcxbfocbkqsfdzcfkgmn/SourcePackages/checkouts/swift-numerics/Sources/_NumericsShims/include/_NumericsShims.h
/Applications/Xcode.app/Contents/Developer/Platforms/MacOSX.platform/Developer/SDKs/MacOSX26.1.sdk/SDKSettings.json
/Applications/Xcode.app/Contents/Developer/Toolchains/XcodeDefault.xctoolchain/usr/lib/swift/macosx/prebuilt-modules/26.1/_StringProcessing.swiftmodule/arm64e-apple-macos.swiftmodule
/Applications/Xcode.app/Contents/Developer/Platforms/MacOSX.platform/Developer/SDKs/MacOSX26.1.sdk/usr/lib/swift/shims/module.modulemap
/Applications/Xcode.app/Contents/Developer/Platforms/MacOSX.platform/Developer/SDKs/MacOSX26.1.sdk/usr/lib/swift/shims/_SwiftConcurrency.h
/Applications/Xcode.app/Contents/Developer/Platforms/MacOSX.platform/Developer/SDKs/MacOSX26.1.sdk/SDKSettings.json

SwiftDriver\ Compilation\ Requirements Numerics normal arm64 com.apple.xcode.tools.swift.compiler (in target 'Numerics' from project 'swift-numerics')
    cd /Users/rogerlin/XCode-Projects/FinancialCalculatorKit-5.0-updated-accent-colors/FinancialCalculatorKit.xcodeproj
    builtin-Swift-Compilation-Requirements -- /Applications/Xcode.app/Contents/Developer/Toolchains/XcodeDefault.xctoolchain/usr/bin/swiftc -module-name Numerics -Onone -enforce-exclusivity\=checked @/Users/rogerlin/Library/Developer/Xcode/DerivedData/FinancialCalculatorKit-ackorybalcxbfocbkqsfdzcfkgmn/Build/Intermediates.noindex/swift-numerics.build/Debug/Numerics.build/Objects-normal/arm64/Numerics.SwiftFileList -DSWIFT_PACKAGE -DDEBUG -DSWIFT_MODULE_RESOURCE_BUNDLE_UNAVAILABLE -DXcode -plugin-path /Applications/Xcode.app/Contents/Developer/Toolchains/XcodeDefault.xctoolchain/usr/lib/swift/host/plugins/testing -enable-experimental-feature DebugDescriptionMacro -sdk /Applications/Xcode.app/Contents/Developer/Platforms/MacOSX.platform/Developer/SDKs/MacOSX26.1.sdk -target arm64-apple-macos10.13 -g -module-cache-path /Users/rogerlin/Library/Developer/Xcode/DerivedData/ModuleCache.noindex -Xfrontend -serialize-debugging-options -profile-coverage-mapping -profile-generate -enable-testing -suppress-warnings -index-store-path /Users/rogerlin/Library/Developer/Xcode/DerivedData/FinancialCalculatorKit-ackorybalcxbfocbkqsfdzcfkgmn/Index.noindex/DataStore -Xcc -D_LIBCPP_HARDENING_MODE\=_LIBCPP_HARDENING_MODE_DEBUG -swift-version 5 -I /Users/rogerlin/Library/Developer/Xcode/DerivedData/FinancialCalculatorKit-ackorybalcxbfocbkqsfdzcfkgmn/Build/Products/Debug -Isystem /Applications/Xcode.app/Contents/Developer/Platforms/MacOSX.platform/Developer/usr/lib -F /Users/rogerlin/Library/Developer/Xcode/DerivedData/FinancialCalculatorKit-ackorybalcxbfocbkqsfdzcfkgmn/Build/Products/Debug/PackageFrameworks -F /Users/rogerlin/Library/Developer/Xcode/DerivedData/FinancialCalculatorKit-ackorybalcxbfocbkqsfdzcfkgmn/Build/Products/Debug/PackageFrameworks -F /Users/rogerlin/Library/Developer/Xcode/DerivedData/FinancialCalculatorKit-ackorybalcxbfocbkqsfdzcfkgmn/Build/Products/Debug/PackageFrameworks -F /Users/rogerlin/Library/Developer/Xcode/DerivedData/FinancialCalculatorKit-ackorybalcxbfocbkqsfdzcfkgmn/Build/Products/Debug -F /Applications/Xcode.app/Contents/Developer/Platforms/MacOSX.platform/Developer/Library/Frameworks -parse-as-library -c -j16 -enable-batch-mode -incremental -Xcc -ivfsstatcache -Xcc /Users/rogerlin/Library/Developer/Xcode/DerivedData/SDKStatCaches.noindex/macosx26.1-25B74-3ae1261907bdadc328169391a47051a6.sdkstatcache -output-file-map /Users/rogerlin/Library/Developer/Xcode/DerivedData/FinancialCalculatorKit-ackorybalcxbfocbkqsfdzcfkgmn/Build/Intermediates.noindex/swift-numerics.build/Debug/Numerics.build/Objects-normal/arm64/Numerics-OutputFileMap.json -use-frontend-parseable-output -save-temps -no-color-diagnostics -explicit-module-build -module-cache-path /Users/rogerlin/Library/Developer/Xcode/DerivedData/FinancialCalculatorKit-ackorybalcxbfocbkqsfdzcfkgmn/Build/Intermediates.noindex/SwiftExplicitPrecompiledModules -clang-scanner-module-cache-path /Users/rogerlin/Library/Developer/Xcode/DerivedData/ModuleCache.noindex -sdk-module-cache-path /Users/rogerlin/Library/Developer/Xcode/DerivedData/ModuleCache.noindex -serialize-diagnostics -emit-dependencies -emit-module -emit-module-path /Users/rogerlin/Library/Developer/Xcode/DerivedData/FinancialCalculatorKit-ackorybalcxbfocbkqsfdzcfkgmn/Build/Intermediates.noindex/swift-numerics.build/Debug/Numerics.build/Objects-normal/arm64/Numerics.swiftmodule -validate-clang-modules-once -clang-build-session-file /Users/rogerlin/Library/Developer/Xcode/DerivedData/ModuleCache.noindex/Session.modulevalidation -Xcc -I/Users/rogerlin/Library/Developer/Xcode/DerivedData/FinancialCalculatorKit-ackorybalcxbfocbkqsfdzcfkgmn/Build/Intermediates.noindex/swift-numerics.build/Debug/Numerics.build/swift-overrides.hmap -emit-const-values -Xfrontend -const-gather-protocols-file -Xfrontend /Users/rogerlin/Library/Developer/Xcode/DerivedData/FinancialCalculatorKit-ackorybalcxbfocbkqsfdzcfkgmn/Build/Intermediates.noindex/swift-numerics.build/Debug/Numerics.build/Objects-normal/arm64/Numerics_const_extract_protocols.json -Xcc -I/Users/rogerlin/Library/Developer/Xcode/DerivedData/FinancialCalculatorKit-ackorybalcxbfocbkqsfdzcfkgmn/SourcePackages/checkouts/swift-numerics/Sources/_NumericsShims/include -Xcc -I/Users/rogerlin/Library/Developer/Xcode/DerivedData/FinancialCalculatorKit-ackorybalcxbfocbkqsfdzcfkgmn/Build/Products/Debug/include -Xcc -I/Users/rogerlin/Library/Developer/Xcode/DerivedData/FinancialCalculatorKit-ackorybalcxbfocbkqsfdzcfkgmn/Build/Intermediates.noindex/swift-numerics.build/Debug/Numerics.build/DerivedSources-normal/arm64 -Xcc -I/Users/rogerlin/Library/Developer/Xcode/DerivedData/FinancialCalculatorKit-ackorybalcxbfocbkqsfdzcfkgmn/Build/Intermediates.noindex/swift-numerics.build/Debug/Numerics.build/DerivedSources/arm64 -Xcc -I/Users/rogerlin/Library/Developer/Xcode/DerivedData/FinancialCalculatorKit-ackorybalcxbfocbkqsfdzcfkgmn/Build/Intermediates.noindex/swift-numerics.build/Debug/Numerics.build/DerivedSources -Xcc -DSWIFT_PACKAGE -Xcc -DDEBUG\=1 -emit-objc-header -emit-objc-header-path /Users/rogerlin/Library/Developer/Xcode/DerivedData/FinancialCalculatorKit-ackorybalcxbfocbkqsfdzcfkgmn/Build/Intermediates.noindex/swift-numerics.build/Debug/Numerics.build/Objects-normal/arm64/Numerics-Swift.h -working-directory /Users/rogerlin/XCode-Projects/FinancialCalculatorKit-5.0-updated-accent-colors/FinancialCalculatorKit.xcodeproj -experimental-emit-module-separately -disable-cmo

    Task input dependencies:
        /Users/rogerlin/Library/Developer/Xcode/DerivedData/FinancialCalculatorKit-ackorybalcxbfocbkqsfdzcfkgmn/SourcePackages/checkouts/swift-numerics/Sources/Numerics/Numerics.swift
        /Users/rogerlin/Library/Developer/Xcode/DerivedData/FinancialCalculatorKit-ackorybalcxbfocbkqsfdzcfkgmn/Build/Intermediates.noindex/swift-numerics.build/Debug/Numerics.build/Objects-normal/arm64/Numerics.SwiftFileList
        /Users/rogerlin/Library/Developer/Xcode/DerivedData/FinancialCalculatorKit-ackorybalcxbfocbkqsfdzcfkgmn/Build/Intermediates.noindex/swift-numerics.build/Debug/Numerics.build/Objects-normal/arm64/Numerics-OutputFileMap.json
        /Users/rogerlin/Library/Developer/Xcode/DerivedData/FinancialCalculatorKit-ackorybalcxbfocbkqsfdzcfkgmn/Build/Intermediates.noindex/swift-numerics.build/Debug/Numerics.build/Objects-normal/arm64/Numerics_const_extract_protocols.json
        /Users/rogerlin/Library/Developer/Xcode/DerivedData/FinancialCalculatorKit-ackorybalcxbfocbkqsfdzcfkgmn/Build/Intermediates.noindex/GeneratedModuleMaps/Numerics.modulemap
        /Users/rogerlin/Library/Developer/Xcode/DerivedData/FinancialCalculatorKit-ackorybalcxbfocbkqsfdzcfkgmn/SourcePackages/checkouts/swift-numerics/Sources/Numerics/Numerics.swift
        /Users/rogerlin/Library/Developer/Xcode/DerivedData/FinancialCalculatorKit-ackorybalcxbfocbkqsfdzcfkgmn/Build/Intermediates.noindex/swift-numerics.build/Debug/Numerics.build/Objects-normal/arm64/Numerics.SwiftFileList
        /Users/rogerlin/Library/Developer/Xcode/DerivedData/FinancialCalculatorKit-ackorybalcxbfocbkqsfdzcfkgmn/Build/Intermediates.noindex/swift-numerics.build/Debug/Numerics.build/Objects-normal/arm64/Numerics-OutputFileMap.json
        /Users/rogerlin/Library/Developer/Xcode/DerivedData/FinancialCalculatorKit-ackorybalcxbfocbkqsfdzcfkgmn/Build/Intermediates.noindex/swift-numerics.build/Debug/Numerics.build/Objects-normal/arm64/Numerics_const_extract_protocols.json
        /Users/rogerlin/Library/Developer/Xcode/DerivedData/FinancialCalculatorKit-ackorybalcxbfocbkqsfdzcfkgmn/Build/Intermediates.noindex/GeneratedModuleMaps/Numerics.modulemap
        <ClangStatCache /Users/rogerlin/Library/Developer/Xcode/DerivedData/SDKStatCaches.noindex/macosx26.1-25B74-3ae1261907bdadc328169391a47051a6.sdkstatcache>
        <target-Numerics-PACKAGE-TARGET:Numerics-SDKROOT:macosx:SDK_VARIANT:macos-copy-headers-completion>
        <target-Numerics-PACKAGE-TARGET:Numerics-SDKROOT:macosx:SDK_VARIANT:macos-ModuleVerifierTaskProducer>
        <target-Numerics-PACKAGE-TARGET:Numerics-SDKROOT:macosx:SDK_VARIANT:macos-begin-compiling>
        <WorkspaceHeaderMapVFSFilesWritten>

    Task output dependencies:
        /Users/rogerlin/Library/Developer/Xcode/DerivedData/FinancialCalculatorKit-ackorybalcxbfocbkqsfdzcfkgmn/Build/Intermediates.noindex/swift-numerics.build/Debug/Numerics.build/Objects-normal/arm64/Numerics Swift Compilation Requirements Finished
        /Users/rogerlin/Library/Developer/Xcode/DerivedData/FinancialCalculatorKit-ackorybalcxbfocbkqsfdzcfkgmn/Build/Intermediates.noindex/swift-numerics.build/Debug/Numerics.build/Objects-normal/arm64/Numerics.swiftmodule
        /Users/rogerlin/Library/Developer/Xcode/DerivedData/FinancialCalculatorKit-ackorybalcxbfocbkqsfdzcfkgmn/Build/Intermediates.noindex/swift-numerics.build/Debug/Numerics.build/Objects-normal/arm64/Numerics-linker-args.resp
        /Users/rogerlin/Library/Developer/Xcode/DerivedData/FinancialCalculatorKit-ackorybalcxbfocbkqsfdzcfkgmn/Build/Intermediates.noindex/swift-numerics.build/Debug/Numerics.build/Objects-normal/arm64/Numerics.swiftsourceinfo
        /Users/rogerlin/Library/Developer/Xcode/DerivedData/FinancialCalculatorKit-ackorybalcxbfocbkqsfdzcfkgmn/Build/Intermediates.noindex/swift-numerics.build/Debug/Numerics.build/Objects-normal/arm64/Numerics.abi.json
        /Users/rogerlin/Library/Developer/Xcode/DerivedData/FinancialCalculatorKit-ackorybalcxbfocbkqsfdzcfkgmn/Build/Intermediates.noindex/swift-numerics.build/Debug/Numerics.build/Objects-normal/arm64/Numerics-Swift.h
        /Users/rogerlin/Library/Developer/Xcode/DerivedData/FinancialCalculatorKit-ackorybalcxbfocbkqsfdzcfkgmn/Build/Intermediates.noindex/swift-numerics.build/Debug/Numerics.build/Objects-normal/arm64/Numerics.swiftdoc
Discovered dependency nodes:
/Users/rogerlin/Library/Developer/Xcode/DerivedData/FinancialCalculatorKit-ackorybalcxbfocbkqsfdzcfkgmn/Build/Products/Debug/ComplexModule.swiftmodule/arm64-apple-macos.swiftmodule
/Users/rogerlin/Library/Developer/Xcode/DerivedData/FinancialCalculatorKit-ackorybalcxbfocbkqsfdzcfkgmn/Build/Products/Debug/RealModule.swiftmodule/arm64-apple-macos.swiftmodule
/Applications/Xcode.app/Contents/Developer/Toolchains/XcodeDefault.xctoolchain/usr/lib/swift/macosx/prebuilt-modules/26.1/Swift.swiftmodule/arm64e-apple-macos.swiftmodule
/Applications/Xcode.app/Contents/Developer/Toolchains/XcodeDefault.xctoolchain/usr/lib/swift/macosx/prebuilt-modules/26.1/SwiftOnoneSupport.swiftmodule/arm64e-apple-macos.swiftmodule
/Applications/Xcode.app/Contents/Developer/Platforms/MacOSX.platform/Developer/SDKs/MacOSX26.1.sdk/usr/lib/swift/shims/module.modulemap
/Applications/Xcode.app/Contents/Developer/Platforms/MacOSX.platform/Developer/SDKs/MacOSX26.1.sdk/usr/lib/swift/shims/AssertionReporting.h
/Applications/Xcode.app/Contents/Developer/Platforms/MacOSX.platform/Developer/SDKs/MacOSX26.1.sdk/usr/lib/swift/shims/SwiftStdint.h
/Applications/Xcode.app/Contents/Developer/Platforms/MacOSX.platform/Developer/SDKs/MacOSX26.1.sdk/usr/lib/swift/shims/Visibility.h
/Applications/Xcode.app/Contents/Developer/Platforms/MacOSX.platform/Developer/SDKs/MacOSX26.1.sdk/usr/lib/swift/shims/CoreFoundationShims.h
/Applications/Xcode.app/Contents/Developer/Platforms/MacOSX.platform/Developer/SDKs/MacOSX26.1.sdk/usr/lib/swift/shims/ObjCShims.h
/Applications/Xcode.app/Contents/Developer/Platforms/MacOSX.platform/Developer/SDKs/MacOSX26.1.sdk/usr/lib/swift/shims/EmbeddedShims.h
/Applications/Xcode.app/Contents/Developer/Platforms/MacOSX.platform/Developer/SDKs/MacOSX26.1.sdk/usr/lib/swift/shims/SwiftStddef.h
/Applications/Xcode.app/Contents/Developer/Platforms/MacOSX.platform/Developer/SDKs/MacOSX26.1.sdk/usr/lib/swift/shims/FoundationShims.h
/Applications/Xcode.app/Contents/Developer/Platforms/MacOSX.platform/Developer/SDKs/MacOSX26.1.sdk/usr/lib/swift/shims/GlobalObjects.h
/Applications/Xcode.app/Contents/Developer/Platforms/MacOSX.platform/Developer/SDKs/MacOSX26.1.sdk/usr/lib/swift/shims/SwiftStdbool.h
/Applications/Xcode.app/Contents/Developer/Platforms/MacOSX.platform/Developer/SDKs/MacOSX26.1.sdk/usr/lib/swift/shims/HeapObject.h
/Applications/Xcode.app/Contents/Developer/Platforms/MacOSX.platform/Developer/SDKs/MacOSX26.1.sdk/usr/lib/swift/shims/RefCount.h
/Applications/Xcode.app/Contents/Developer/Platforms/MacOSX.platform/Developer/SDKs/MacOSX26.1.sdk/usr/lib/swift/shims/System.h
/Applications/Xcode.app/Contents/Developer/Platforms/MacOSX.platform/Developer/SDKs/MacOSX26.1.sdk/usr/lib/swift/shims/Target.h
/Applications/Xcode.app/Contents/Developer/Platforms/MacOSX.platform/Developer/SDKs/MacOSX26.1.sdk/usr/lib/swift/shims/KeyPath.h
/Applications/Xcode.app/Contents/Developer/Platforms/MacOSX.platform/Developer/SDKs/MacOSX26.1.sdk/usr/lib/swift/shims/LibcShims.h
/Applications/Xcode.app/Contents/Developer/Platforms/MacOSX.platform/Developer/SDKs/MacOSX26.1.sdk/usr/lib/swift/shims/MetadataSections.h
/Applications/Xcode.app/Contents/Developer/Platforms/MacOSX.platform/Developer/SDKs/MacOSX26.1.sdk/usr/lib/swift/shims/Random.h
/Applications/Xcode.app/Contents/Developer/Platforms/MacOSX.platform/Developer/SDKs/MacOSX26.1.sdk/usr/lib/swift/shims/Reflection.h
/Applications/Xcode.app/Contents/Developer/Platforms/MacOSX.platform/Developer/SDKs/MacOSX26.1.sdk/usr/lib/swift/shims/RuntimeShims.h
/Applications/Xcode.app/Contents/Developer/Platforms/MacOSX.platform/Developer/SDKs/MacOSX26.1.sdk/usr/lib/swift/shims/RuntimeStubs.h
/Applications/Xcode.app/Contents/Developer/Platforms/MacOSX.platform/Developer/SDKs/MacOSX26.1.sdk/usr/lib/swift/shims/ThreadLocalStorage.h
/Applications/Xcode.app/Contents/Developer/Platforms/MacOSX.platform/Developer/SDKs/MacOSX26.1.sdk/usr/lib/swift/shims/UnicodeData.h
/Applications/Xcode.app/Contents/Developer/Platforms/MacOSX.platform/Developer/SDKs/MacOSX26.1.sdk/SDKSettings.json
/Applications/Xcode.app/Contents/Developer/Toolchains/XcodeDefault.xctoolchain/usr/lib/swift/macosx/prebuilt-modules/26.1/_Concurrency.swiftmodule/arm64e-apple-macos.swiftmodule
/Users/rogerlin/Library/Developer/Xcode/DerivedData/FinancialCalculatorKit-ackorybalcxbfocbkqsfdzcfkgmn/SourcePackages/checkouts/swift-numerics/Sources/_NumericsShims/include/module.modulemap
/Users/rogerlin/Library/Developer/Xcode/DerivedData/FinancialCalculatorKit-ackorybalcxbfocbkqsfdzcfkgmn/SourcePackages/checkouts/swift-numerics/Sources/_NumericsShims/include/_NumericsShims.h
/Applications/Xcode.app/Contents/Developer/Platforms/MacOSX.platform/Developer/SDKs/MacOSX26.1.sdk/SDKSettings.json
/Applications/Xcode.app/Contents/Developer/Toolchains/XcodeDefault.xctoolchain/usr/lib/swift/macosx/prebuilt-modules/26.1/_StringProcessing.swiftmodule/arm64e-apple-macos.swiftmodule
/Applications/Xcode.app/Contents/Developer/Platforms/MacOSX.platform/Developer/SDKs/MacOSX26.1.sdk/usr/lib/swift/shims/module.modulemap
/Applications/Xcode.app/Contents/Developer/Platforms/MacOSX.platform/Developer/SDKs/MacOSX26.1.sdk/usr/lib/swift/shims/_SwiftConcurrency.h
/Applications/Xcode.app/Contents/Developer/Platforms/MacOSX.platform/Developer/SDKs/MacOSX26.1.sdk/SDKSettings.json

SwiftMergeGeneratedHeaders /Users/rogerlin/Library/Developer/Xcode/DerivedData/FinancialCalculatorKit-ackorybalcxbfocbkqsfdzcfkgmn/Build/Intermediates.noindex/GeneratedModuleMaps/Numerics-Swift.h /Users/rogerlin/Library/Developer/Xcode/DerivedData/FinancialCalculatorKit-ackorybalcxbfocbkqsfdzcfkgmn/Build/Intermediates.noindex/swift-numerics.build/Debug/Numerics.build/Objects-normal/arm64/Numerics-Swift.h (in target 'Numerics' from project 'swift-numerics')
    cd /Users/rogerlin/Library/Developer/Xcode/DerivedData/FinancialCalculatorKit-ackorybalcxbfocbkqsfdzcfkgmn/SourcePackages/checkouts/swift-numerics
    builtin-swiftHeaderTool -arch arm64 /Users/rogerlin/Library/Developer/Xcode/DerivedData/FinancialCalculatorKit-ackorybalcxbfocbkqsfdzcfkgmn/Build/Intermediates.noindex/swift-numerics.build/Debug/Numerics.build/Objects-normal/arm64/Numerics-Swift.h -o /Users/rogerlin/Library/Developer/Xcode/DerivedData/FinancialCalculatorKit-ackorybalcxbfocbkqsfdzcfkgmn/Build/Intermediates.noindex/GeneratedModuleMaps/Numerics-Swift.h

    Task input dependencies:
        /Users/rogerlin/Library/Developer/Xcode/DerivedData/FinancialCalculatorKit-ackorybalcxbfocbkqsfdzcfkgmn/Build/Intermediates.noindex/swift-numerics.build/Debug/Numerics.build/Objects-normal/arm64/Numerics-Swift.h

    Task output dependencies:
        /Users/rogerlin/Library/Developer/Xcode/DerivedData/FinancialCalculatorKit-ackorybalcxbfocbkqsfdzcfkgmn/Build/Intermediates.noindex/GeneratedModuleMaps/Numerics-Swift.h

Copy /Users/rogerlin/Library/Developer/Xcode/DerivedData/FinancialCalculatorKit-ackorybalcxbfocbkqsfdzcfkgmn/Build/Products/Debug/Numerics.swiftmodule/arm64-apple-macos.swiftmodule /Users/rogerlin/Library/Developer/Xcode/DerivedData/FinancialCalculatorKit-ackorybalcxbfocbkqsfdzcfkgmn/Build/Intermediates.noindex/swift-numerics.build/Debug/Numerics.build/Objects-normal/arm64/Numerics.swiftmodule (in target 'Numerics' from project 'swift-numerics')
    cd /Users/rogerlin/Library/Developer/Xcode/DerivedData/FinancialCalculatorKit-ackorybalcxbfocbkqsfdzcfkgmn/SourcePackages/checkouts/swift-numerics
    builtin-copy -exclude .DS_Store -exclude CVS -exclude .svn -exclude .git -exclude .hg -resolve-src-symlinks -rename /Users/rogerlin/Library/Developer/Xcode/DerivedData/FinancialCalculatorKit-ackorybalcxbfocbkqsfdzcfkgmn/Build/Intermediates.noindex/swift-numerics.build/Debug/Numerics.build/Objects-normal/arm64/Numerics.swiftmodule /Users/rogerlin/Library/Developer/Xcode/DerivedData/FinancialCalculatorKit-ackorybalcxbfocbkqsfdzcfkgmn/Build/Products/Debug/Numerics.swiftmodule/arm64-apple-macos.swiftmodule

    Task input dependencies:
        /Users/rogerlin/Library/Developer/Xcode/DerivedData/FinancialCalculatorKit-ackorybalcxbfocbkqsfdzcfkgmn/Build/Intermediates.noindex/swift-numerics.build/Debug/Numerics.build/Objects-normal/arm64/Numerics.swiftmodule/

    Task output dependencies:
        /Users/rogerlin/Library/Developer/Xcode/DerivedData/FinancialCalculatorKit-ackorybalcxbfocbkqsfdzcfkgmn/Build/Products/Debug/Numerics.swiftmodule/arm64-apple-macos.swiftmodule

Copy /Users/rogerlin/Library/Developer/Xcode/DerivedData/FinancialCalculatorKit-ackorybalcxbfocbkqsfdzcfkgmn/Build/Products/Debug/Numerics.swiftmodule/arm64-apple-macos.swiftdoc /Users/rogerlin/Library/Developer/Xcode/DerivedData/FinancialCalculatorKit-ackorybalcxbfocbkqsfdzcfkgmn/Build/Intermediates.noindex/swift-numerics.build/Debug/Numerics.build/Objects-normal/arm64/Numerics.swiftdoc (in target 'Numerics' from project 'swift-numerics')
    cd /Users/rogerlin/Library/Developer/Xcode/DerivedData/FinancialCalculatorKit-ackorybalcxbfocbkqsfdzcfkgmn/SourcePackages/checkouts/swift-numerics
    builtin-copy -exclude .DS_Store -exclude CVS -exclude .svn -exclude .git -exclude .hg -resolve-src-symlinks -rename /Users/rogerlin/Library/Developer/Xcode/DerivedData/FinancialCalculatorKit-ackorybalcxbfocbkqsfdzcfkgmn/Build/Intermediates.noindex/swift-numerics.build/Debug/Numerics.build/Objects-normal/arm64/Numerics.swiftdoc /Users/rogerlin/Library/Developer/Xcode/DerivedData/FinancialCalculatorKit-ackorybalcxbfocbkqsfdzcfkgmn/Build/Products/Debug/Numerics.swiftmodule/arm64-apple-macos.swiftdoc

    Task input dependencies:
        /Users/rogerlin/Library/Developer/Xcode/DerivedData/FinancialCalculatorKit-ackorybalcxbfocbkqsfdzcfkgmn/Build/Intermediates.noindex/swift-numerics.build/Debug/Numerics.build/Objects-normal/arm64/Numerics.swiftdoc/

    Task output dependencies:
        /Users/rogerlin/Library/Developer/Xcode/DerivedData/FinancialCalculatorKit-ackorybalcxbfocbkqsfdzcfkgmn/Build/Products/Debug/Numerics.swiftmodule/arm64-apple-macos.swiftdoc

Copy /Users/rogerlin/Library/Developer/Xcode/DerivedData/FinancialCalculatorKit-ackorybalcxbfocbkqsfdzcfkgmn/Build/Products/Debug/Numerics.swiftmodule/arm64-apple-macos.abi.json /Users/rogerlin/Library/Developer/Xcode/DerivedData/FinancialCalculatorKit-ackorybalcxbfocbkqsfdzcfkgmn/Build/Intermediates.noindex/swift-numerics.build/Debug/Numerics.build/Objects-normal/arm64/Numerics.abi.json (in target 'Numerics' from project 'swift-numerics')
    cd /Users/rogerlin/Library/Developer/Xcode/DerivedData/FinancialCalculatorKit-ackorybalcxbfocbkqsfdzcfkgmn/SourcePackages/checkouts/swift-numerics
    builtin-copy -exclude .DS_Store -exclude CVS -exclude .svn -exclude .git -exclude .hg -resolve-src-symlinks -rename /Users/rogerlin/Library/Developer/Xcode/DerivedData/FinancialCalculatorKit-ackorybalcxbfocbkqsfdzcfkgmn/Build/Intermediates.noindex/swift-numerics.build/Debug/Numerics.build/Objects-normal/arm64/Numerics.abi.json /Users/rogerlin/Library/Developer/Xcode/DerivedData/FinancialCalculatorKit-ackorybalcxbfocbkqsfdzcfkgmn/Build/Products/Debug/Numerics.swiftmodule/arm64-apple-macos.abi.json

    Task input dependencies:
        /Users/rogerlin/Library/Developer/Xcode/DerivedData/FinancialCalculatorKit-ackorybalcxbfocbkqsfdzcfkgmn/Build/Intermediates.noindex/swift-numerics.build/Debug/Numerics.build/Objects-normal/arm64/Numerics.abi.json/

    Task output dependencies:
        /Users/rogerlin/Library/Developer/Xcode/DerivedData/FinancialCalculatorKit-ackorybalcxbfocbkqsfdzcfkgmn/Build/Products/Debug/Numerics.swiftmodule/arm64-apple-macos.abi.json

Copy /Users/rogerlin/Library/Developer/Xcode/DerivedData/FinancialCalculatorKit-ackorybalcxbfocbkqsfdzcfkgmn/Build/Products/Debug/Numerics.swiftmodule/Project/arm64-apple-macos.swiftsourceinfo /Users/rogerlin/Library/Developer/Xcode/DerivedData/FinancialCalculatorKit-ackorybalcxbfocbkqsfdzcfkgmn/Build/Intermediates.noindex/swift-numerics.build/Debug/Numerics.build/Objects-normal/arm64/Numerics.swiftsourceinfo (in target 'Numerics' from project 'swift-numerics')
    cd /Users/rogerlin/Library/Developer/Xcode/DerivedData/FinancialCalculatorKit-ackorybalcxbfocbkqsfdzcfkgmn/SourcePackages/checkouts/swift-numerics
    builtin-copy -exclude .DS_Store -exclude CVS -exclude .svn -exclude .git -exclude .hg -resolve-src-symlinks -rename /Users/rogerlin/Library/Developer/Xcode/DerivedData/FinancialCalculatorKit-ackorybalcxbfocbkqsfdzcfkgmn/Build/Intermediates.noindex/swift-numerics.build/Debug/Numerics.build/Objects-normal/arm64/Numerics.swiftsourceinfo /Users/rogerlin/Library/Developer/Xcode/DerivedData/FinancialCalculatorKit-ackorybalcxbfocbkqsfdzcfkgmn/Build/Products/Debug/Numerics.swiftmodule/Project/arm64-apple-macos.swiftsourceinfo

    Task input dependencies:
        /Users/rogerlin/Library/Developer/Xcode/DerivedData/FinancialCalculatorKit-ackorybalcxbfocbkqsfdzcfkgmn/Build/Intermediates.noindex/swift-numerics.build/Debug/Numerics.build/Objects-normal/arm64/Numerics.swiftsourceinfo/

    Task output dependencies:
        /Users/rogerlin/Library/Developer/Xcode/DerivedData/FinancialCalculatorKit-ackorybalcxbfocbkqsfdzcfkgmn/Build/Products/Debug/Numerics.swiftmodule/Project/arm64-apple-macos.swiftsourceinfo

RegisterExecutionPolicyException /Users/rogerlin/Library/Developer/Xcode/DerivedData/FinancialCalculatorKit-ackorybalcxbfocbkqsfdzcfkgmn/Build/Products/Debug/RealModule.o (in target 'RealModule' from project 'swift-numerics')
    cd /Users/rogerlin/Library/Developer/Xcode/DerivedData/FinancialCalculatorKit-ackorybalcxbfocbkqsfdzcfkgmn/SourcePackages/checkouts/swift-numerics
    builtin-RegisterExecutionPolicyException /Users/rogerlin/Library/Developer/Xcode/DerivedData/FinancialCalculatorKit-ackorybalcxbfocbkqsfdzcfkgmn/Build/Products/Debug/RealModule.o

    Task input dependencies:
        /Users/rogerlin/Library/Developer/Xcode/DerivedData/FinancialCalculatorKit-ackorybalcxbfocbkqsfdzcfkgmn/Build/Products/Debug/RealModule.o

    Task output dependencies:

SwiftDriver BigDecimal normal arm64 com.apple.xcode.tools.swift.compiler (in target 'BigDecimal' from project 'BigDecimal')
    cd /Users/rogerlin/XCode-Projects/FinancialCalculatorKit-5.0-updated-accent-colors/FinancialCalculatorKit.xcodeproj
    builtin-SwiftDriver -- /Applications/Xcode.app/Contents/Developer/Toolchains/XcodeDefault.xctoolchain/usr/bin/swiftc -module-name BigDecimal -Onone -enforce-exclusivity\=checked @/Users/rogerlin/Library/Developer/Xcode/DerivedData/FinancialCalculatorKit-ackorybalcxbfocbkqsfdzcfkgmn/Build/Intermediates.noindex/BigDecimal.build/Debug/BigDecimal.build/Objects-normal/arm64/BigDecimal.SwiftFileList -DSWIFT_PACKAGE -DDEBUG -DSWIFT_MODULE_RESOURCE_BUNDLE_UNAVAILABLE -DXcode -plugin-path /Applications/Xcode.app/Contents/Developer/Toolchains/XcodeDefault.xctoolchain/usr/lib/swift/host/plugins/testing -enable-experimental-feature DebugDescriptionMacro -sdk /Applications/Xcode.app/Contents/Developer/Platforms/MacOSX.platform/Developer/SDKs/MacOSX26.1.sdk -target arm64-apple-macos13.3 -g -module-cache-path /Users/rogerlin/Library/Developer/Xcode/DerivedData/ModuleCache.noindex -Xfrontend -serialize-debugging-options -profile-coverage-mapping -profile-generate -enable-testing -suppress-warnings -index-store-path /Users/rogerlin/Library/Developer/Xcode/DerivedData/FinancialCalculatorKit-ackorybalcxbfocbkqsfdzcfkgmn/Index.noindex/DataStore -Xcc -D_LIBCPP_HARDENING_MODE\=_LIBCPP_HARDENING_MODE_DEBUG -swift-version 5 -I /Users/rogerlin/Library/Developer/Xcode/DerivedData/FinancialCalculatorKit-ackorybalcxbfocbkqsfdzcfkgmn/Build/Products/Debug -Isystem /Applications/Xcode.app/Contents/Developer/Platforms/MacOSX.platform/Developer/usr/lib -F /Users/rogerlin/Library/Developer/Xcode/DerivedData/FinancialCalculatorKit-ackorybalcxbfocbkqsfdzcfkgmn/Build/Products/Debug/PackageFrameworks -F /Users/rogerlin/Library/Developer/Xcode/DerivedData/FinancialCalculatorKit-ackorybalcxbfocbkqsfdzcfkgmn/Build/Products/Debug/PackageFrameworks -F /Users/rogerlin/Library/Developer/Xcode/DerivedData/FinancialCalculatorKit-ackorybalcxbfocbkqsfdzcfkgmn/Build/Products/Debug/PackageFrameworks -F /Users/rogerlin/Library/Developer/Xcode/DerivedData/FinancialCalculatorKit-ackorybalcxbfocbkqsfdzcfkgmn/Build/Products/Debug/PackageFrameworks -F /Users/rogerlin/Library/Developer/Xcode/DerivedData/FinancialCalculatorKit-ackorybalcxbfocbkqsfdzcfkgmn/Build/Products/Debug/PackageFrameworks -F /Users/rogerlin/Library/Developer/Xcode/DerivedData/FinancialCalculatorKit-ackorybalcxbfocbkqsfdzcfkgmn/Build/Products/Debug/PackageFrameworks -F /Users/rogerlin/Library/Developer/Xcode/DerivedData/FinancialCalculatorKit-ackorybalcxbfocbkqsfdzcfkgmn/Build/Products/Debug -F /Applications/Xcode.app/Contents/Developer/Platforms/MacOSX.platform/Developer/Library/Frameworks -c -j16 -enable-batch-mode -incremental -Xcc -ivfsstatcache -Xcc /Users/rogerlin/Library/Developer/Xcode/DerivedData/SDKStatCaches.noindex/macosx26.1-25B74-3ae1261907bdadc328169391a47051a6.sdkstatcache -output-file-map /Users/rogerlin/Library/Developer/Xcode/DerivedData/FinancialCalculatorKit-ackorybalcxbfocbkqsfdzcfkgmn/Build/Intermediates.noindex/BigDecimal.build/Debug/BigDecimal.build/Objects-normal/arm64/BigDecimal-OutputFileMap.json -use-frontend-parseable-output -save-temps -no-color-diagnostics -explicit-module-build -module-cache-path /Users/rogerlin/Library/Developer/Xcode/DerivedData/FinancialCalculatorKit-ackorybalcxbfocbkqsfdzcfkgmn/Build/Intermediates.noindex/SwiftExplicitPrecompiledModules -clang-scanner-module-cache-path /Users/rogerlin/Library/Developer/Xcode/DerivedData/ModuleCache.noindex -sdk-module-cache-path /Users/rogerlin/Library/Developer/Xcode/DerivedData/ModuleCache.noindex -serialize-diagnostics -emit-dependencies -emit-module -emit-module-path /Users/rogerlin/Library/Developer/Xcode/DerivedData/FinancialCalculatorKit-ackorybalcxbfocbkqsfdzcfkgmn/Build/Intermediates.noindex/BigDecimal.build/Debug/BigDecimal.build/Objects-normal/arm64/BigDecimal.swiftmodule -validate-clang-modules-once -clang-build-session-file /Users/rogerlin/Library/Developer/Xcode/DerivedData/ModuleCache.noindex/Session.modulevalidation -package-name bigdecimal -Xcc -I/Users/rogerlin/Library/Developer/Xcode/DerivedData/FinancialCalculatorKit-ackorybalcxbfocbkqsfdzcfkgmn/Build/Intermediates.noindex/BigDecimal.build/Debug/BigDecimal.build/swift-overrides.hmap -emit-const-values -Xfrontend -const-gather-protocols-file -Xfrontend /Users/rogerlin/Library/Developer/Xcode/DerivedData/FinancialCalculatorKit-ackorybalcxbfocbkqsfdzcfkgmn/Build/Intermediates.noindex/BigDecimal.build/Debug/BigDecimal.build/Objects-normal/arm64/BigDecimal_const_extract_protocols.json -Xcc -I/Users/rogerlin/Library/Developer/Xcode/DerivedData/FinancialCalculatorKit-ackorybalcxbfocbkqsfdzcfkgmn/SourcePackages/checkouts/swift-numerics/Sources/_NumericsShims/include -Xcc -I/Users/rogerlin/Library/Developer/Xcode/DerivedData/FinancialCalculatorKit-ackorybalcxbfocbkqsfdzcfkgmn/Build/Products/Debug/include -Xcc -I/Users/rogerlin/Library/Developer/Xcode/DerivedData/FinancialCalculatorKit-ackorybalcxbfocbkqsfdzcfkgmn/Build/Intermediates.noindex/BigDecimal.build/Debug/BigDecimal.build/DerivedSources-normal/arm64 -Xcc -I/Users/rogerlin/Library/Developer/Xcode/DerivedData/FinancialCalculatorKit-ackorybalcxbfocbkqsfdzcfkgmn/Build/Intermediates.noindex/BigDecimal.build/Debug/BigDecimal.build/DerivedSources/arm64 -Xcc -I/Users/rogerlin/Library/Developer/Xcode/DerivedData/FinancialCalculatorKit-ackorybalcxbfocbkqsfdzcfkgmn/Build/Intermediates.noindex/BigDecimal.build/Debug/BigDecimal.build/DerivedSources -Xcc -DSWIFT_PACKAGE -Xcc -DDEBUG\=1 -emit-objc-header -emit-objc-header-path /Users/rogerlin/Library/Developer/Xcode/DerivedData/FinancialCalculatorKit-ackorybalcxbfocbkqsfdzcfkgmn/Build/Intermediates.noindex/BigDecimal.build/Debug/BigDecimal.build/Objects-normal/arm64/BigDecimal-Swift.h -working-directory /Users/rogerlin/XCode-Projects/FinancialCalculatorKit-5.0-updated-accent-colors/FinancialCalculatorKit.xcodeproj -experimental-emit-module-separately -disable-cmo

    Task input dependencies:

    Task output dependencies:
note: Swift Driver planned jobs for target BigDecimal (arm64-normal):
	Explicit Modules:

	Compilation Requirements:
		<PlannedSwiftDriverJob [target(0)]:EmitModule BigDecimal dependencies=[]>
	Compilation:
		<PlannedSwiftDriverJob [target(1)]:Compile BigDecimal BigDecimal.swift CBDecimal.swift dependencies=[]>
		<PlannedSwiftDriverJob [target(2)]:Compile BigDecimal Decimal.swift Decimal128.swift dependencies=[]>
		<PlannedSwiftDriverJob [target(3)]:Compile BigDecimal Decimal32.swift Decimal64.swift dependencies=[]>
		<PlannedSwiftDriverJob [target(4)]:Compile BigDecimal AsinCalculator.swift dependencies=[]>
		<PlannedSwiftDriverJob [target(5)]:Compile BigDecimal CosCalculator.swift dependencies=[]>
		<PlannedSwiftDriverJob [target(6)]:Compile BigDecimal CoshCalculator.swift dependencies=[]>
		<PlannedSwiftDriverJob [target(7)]:Compile BigDecimal DecimalMath-Simple.swift dependencies=[]>
		<PlannedSwiftDriverJob [target(8)]:Compile BigDecimal DecimalMath.swift dependencies=[]>
		<PlannedSwiftDriverJob [target(9)]:Compile BigDecimal ExponentCalculator.swift dependencies=[]>
		<PlannedSwiftDriverJob [target(10)]:Compile BigDecimal SeriesCalculator.swift dependencies=[]>
		<PlannedSwiftDriverJob [target(11)]:Compile BigDecimal SinCalculator.swift dependencies=[]>
		<PlannedSwiftDriverJob [target(12)]:Compile BigDecimal SinhCalculator.swift dependencies=[]>
		<PlannedSwiftDriverJob [target(13)]:Compile BigDecimal DecimalFloatingPoint.swift dependencies=[]>
		<PlannedSwiftDriverJob [target(14)]:Compile BigDecimal DecimalLogic.swift dependencies=[]>
		<PlannedSwiftDriverJob [target(15)]:Compile BigDecimal Extensions.swift dependencies=[]>
		<PlannedSwiftDriverJob [target(16)]:Compile BigDecimal Rounding.swift dependencies=[]>
	After Compilation:

	Verification:
 (in target 'BigDecimal' from project 'BigDecimal')

ExtractAppIntentsMetadata (in target 'IssueReporting' from project 'xctest-dynamic-overlay')
    cd /Users/rogerlin/Library/Developer/Xcode/DerivedData/FinancialCalculatorKit-ackorybalcxbfocbkqsfdzcfkgmn/SourcePackages/checkouts/xctest-dynamic-overlay
    /Applications/Xcode.app/Contents/Developer/Toolchains/XcodeDefault.xctoolchain/usr/bin/appintentsmetadataprocessor --toolchain-dir /Applications/Xcode.app/Contents/Developer/Toolchains/XcodeDefault.xctoolchain --module-name IssueReporting --sdk-root /Applications/Xcode.app/Contents/Developer/Platforms/MacOSX.platform/Developer/SDKs/MacOSX26.1.sdk --xcode-version 17B55 --platform-family macOS --deployment-target 10.15 --bundle-identifier xctest-dynamic-overlay.IssueReporting --output /Users/rogerlin/Library/Developer/Xcode/DerivedData/FinancialCalculatorKit-ackorybalcxbfocbkqsfdzcfkgmn/Build/Products/Debug/IssueReporting.appintents --target-triple arm64-apple-macos10.15 --binary-file /Users/rogerlin/Library/Developer/Xcode/DerivedData/FinancialCalculatorKit-ackorybalcxbfocbkqsfdzcfkgmn/Build/Products/Debug/IssueReporting.o --dependency-file /Users/rogerlin/Library/Developer/Xcode/DerivedData/FinancialCalculatorKit-ackorybalcxbfocbkqsfdzcfkgmn/Build/Intermediates.noindex/xctest-dynamic-overlay.build/Debug/IssueReporting.build/Objects-normal/arm64/IssueReporting_dependency_info.dat --stringsdata-file /Users/rogerlin/Library/Developer/Xcode/DerivedData/FinancialCalculatorKit-ackorybalcxbfocbkqsfdzcfkgmn/Build/Intermediates.noindex/xctest-dynamic-overlay.build/Debug/IssueReporting.build/Objects-normal/arm64/ExtractedAppShortcutsMetadata.stringsdata --source-file-list /Users/rogerlin/Library/Developer/Xcode/DerivedData/FinancialCalculatorKit-ackorybalcxbfocbkqsfdzcfkgmn/Build/Intermediates.noindex/xctest-dynamic-overlay.build/Debug/IssueReporting.build/Objects-normal/arm64/IssueReporting.SwiftFileList --metadata-file-list /Users/rogerlin/Library/Developer/Xcode/DerivedData/FinancialCalculatorKit-ackorybalcxbfocbkqsfdzcfkgmn/Build/Intermediates.noindex/xctest-dynamic-overlay.build/Debug/IssueReporting.build/IssueReporting.DependencyMetadataFileList --static-metadata-file-list /Users/rogerlin/Library/Developer/Xcode/DerivedData/FinancialCalculatorKit-ackorybalcxbfocbkqsfdzcfkgmn/Build/Intermediates.noindex/xctest-dynamic-overlay.build/Debug/IssueReporting.build/IssueReporting.DependencyStaticMetadataFileList --swift-const-vals-list /Users/rogerlin/Library/Developer/Xcode/DerivedData/FinancialCalculatorKit-ackorybalcxbfocbkqsfdzcfkgmn/Build/Intermediates.noindex/xctest-dynamic-overlay.build/Debug/IssueReporting.build/Objects-normal/arm64/IssueReporting.SwiftConstValuesFileList --force --compile-time-extraction --deployment-aware-processing --validate-assistant-intents --no-app-shortcuts-localization

    Task input dependencies:
        /Users/rogerlin/Library/Developer/Xcode/DerivedData/FinancialCalculatorKit-ackorybalcxbfocbkqsfdzcfkgmn/SourcePackages/checkouts/xctest-dynamic-overlay/Sources/IssueReporting/ErrorReporting.swift
        /Users/rogerlin/Library/Developer/Xcode/DerivedData/FinancialCalculatorKit-ackorybalcxbfocbkqsfdzcfkgmn/SourcePackages/checkouts/xctest-dynamic-overlay/Sources/IssueReporting/Internal/AppHostWarning.swift
        /Users/rogerlin/Library/Developer/Xcode/DerivedData/FinancialCalculatorKit-ackorybalcxbfocbkqsfdzcfkgmn/SourcePackages/checkouts/xctest-dynamic-overlay/Sources/IssueReporting/Internal/Deprecations.swift
        /Users/rogerlin/Library/Developer/Xcode/DerivedData/FinancialCalculatorKit-ackorybalcxbfocbkqsfdzcfkgmn/SourcePackages/checkouts/xctest-dynamic-overlay/Sources/IssueReporting/Internal/FailureObserver.swift
        /Users/rogerlin/Library/Developer/Xcode/DerivedData/FinancialCalculatorKit-ackorybalcxbfocbkqsfdzcfkgmn/SourcePackages/checkouts/xctest-dynamic-overlay/Sources/IssueReporting/Internal/LockIsolated.swift
        /Users/rogerlin/Library/Developer/Xcode/DerivedData/FinancialCalculatorKit-ackorybalcxbfocbkqsfdzcfkgmn/SourcePackages/checkouts/xctest-dynamic-overlay/Sources/IssueReporting/Internal/Rethrows.swift
        /Users/rogerlin/Library/Developer/Xcode/DerivedData/FinancialCalculatorKit-ackorybalcxbfocbkqsfdzcfkgmn/SourcePackages/checkouts/xctest-dynamic-overlay/Sources/IssueReporting/Internal/SwiftTesting.swift
        /Users/rogerlin/Library/Developer/Xcode/DerivedData/FinancialCalculatorKit-ackorybalcxbfocbkqsfdzcfkgmn/SourcePackages/checkouts/xctest-dynamic-overlay/Sources/IssueReporting/Internal/UncheckedSendable.swift
        /Users/rogerlin/Library/Developer/Xcode/DerivedData/FinancialCalculatorKit-ackorybalcxbfocbkqsfdzcfkgmn/SourcePackages/checkouts/xctest-dynamic-overlay/Sources/IssueReporting/Internal/Warn.swift
        /Users/rogerlin/Library/Developer/Xcode/DerivedData/FinancialCalculatorKit-ackorybalcxbfocbkqsfdzcfkgmn/SourcePackages/checkouts/xctest-dynamic-overlay/Sources/IssueReporting/Internal/XCTest.swift
        /Users/rogerlin/Library/Developer/Xcode/DerivedData/FinancialCalculatorKit-ackorybalcxbfocbkqsfdzcfkgmn/SourcePackages/checkouts/xctest-dynamic-overlay/Sources/IssueReporting/IsTesting.swift
        /Users/rogerlin/Library/Developer/Xcode/DerivedData/FinancialCalculatorKit-ackorybalcxbfocbkqsfdzcfkgmn/SourcePackages/checkouts/xctest-dynamic-overlay/Sources/IssueReporting/IssueReporter.swift
        /Users/rogerlin/Library/Developer/Xcode/DerivedData/FinancialCalculatorKit-ackorybalcxbfocbkqsfdzcfkgmn/SourcePackages/checkouts/xctest-dynamic-overlay/Sources/IssueReporting/IssueReporters/BreakpointReporter.swift
        /Users/rogerlin/Library/Developer/Xcode/DerivedData/FinancialCalculatorKit-ackorybalcxbfocbkqsfdzcfkgmn/SourcePackages/checkouts/xctest-dynamic-overlay/Sources/IssueReporting/IssueReporters/FatalErrorReporter.swift
        /Users/rogerlin/Library/Developer/Xcode/DerivedData/FinancialCalculatorKit-ackorybalcxbfocbkqsfdzcfkgmn/SourcePackages/checkouts/xctest-dynamic-overlay/Sources/IssueReporting/IssueReporters/RuntimeWarningReporter.swift
        /Users/rogerlin/Library/Developer/Xcode/DerivedData/FinancialCalculatorKit-ackorybalcxbfocbkqsfdzcfkgmn/SourcePackages/checkouts/xctest-dynamic-overlay/Sources/IssueReporting/ReportIssue.swift
        /Users/rogerlin/Library/Developer/Xcode/DerivedData/FinancialCalculatorKit-ackorybalcxbfocbkqsfdzcfkgmn/SourcePackages/checkouts/xctest-dynamic-overlay/Sources/IssueReporting/TestContext.swift
        /Users/rogerlin/Library/Developer/Xcode/DerivedData/FinancialCalculatorKit-ackorybalcxbfocbkqsfdzcfkgmn/SourcePackages/checkouts/xctest-dynamic-overlay/Sources/IssueReporting/Unimplemented.swift
        /Users/rogerlin/Library/Developer/Xcode/DerivedData/FinancialCalculatorKit-ackorybalcxbfocbkqsfdzcfkgmn/SourcePackages/checkouts/xctest-dynamic-overlay/Sources/IssueReporting/WithExpectedIssue.swift
        /Users/rogerlin/Library/Developer/Xcode/DerivedData/FinancialCalculatorKit-ackorybalcxbfocbkqsfdzcfkgmn/SourcePackages/checkouts/xctest-dynamic-overlay/Sources/IssueReporting/WithIssueContext.swift
        /Users/rogerlin/Library/Developer/Xcode/DerivedData/FinancialCalculatorKit-ackorybalcxbfocbkqsfdzcfkgmn/Build/Intermediates.noindex/xctest-dynamic-overlay.build/Debug/IssueReporting.build/Objects-normal/arm64/ErrorReporting.swiftconstvalues
        /Users/rogerlin/Library/Developer/Xcode/DerivedData/FinancialCalculatorKit-ackorybalcxbfocbkqsfdzcfkgmn/Build/Intermediates.noindex/xctest-dynamic-overlay.build/Debug/IssueReporting.build/Objects-normal/arm64/AppHostWarning.swiftconstvalues
        /Users/rogerlin/Library/Developer/Xcode/DerivedData/FinancialCalculatorKit-ackorybalcxbfocbkqsfdzcfkgmn/Build/Intermediates.noindex/xctest-dynamic-overlay.build/Debug/IssueReporting.build/Objects-normal/arm64/Deprecations.swiftconstvalues
        /Users/rogerlin/Library/Developer/Xcode/DerivedData/FinancialCalculatorKit-ackorybalcxbfocbkqsfdzcfkgmn/Build/Intermediates.noindex/xctest-dynamic-overlay.build/Debug/IssueReporting.build/Objects-normal/arm64/FailureObserver.swiftconstvalues
        /Users/rogerlin/Library/Developer/Xcode/DerivedData/FinancialCalculatorKit-ackorybalcxbfocbkqsfdzcfkgmn/Build/Intermediates.noindex/xctest-dynamic-overlay.build/Debug/IssueReporting.build/Objects-normal/arm64/LockIsolated.swiftconstvalues
        /Users/rogerlin/Library/Developer/Xcode/DerivedData/FinancialCalculatorKit-ackorybalcxbfocbkqsfdzcfkgmn/Build/Intermediates.noindex/xctest-dynamic-overlay.build/Debug/IssueReporting.build/Objects-normal/arm64/Rethrows.swiftconstvalues
        /Users/rogerlin/Library/Developer/Xcode/DerivedData/FinancialCalculatorKit-ackorybalcxbfocbkqsfdzcfkgmn/Build/Intermediates.noindex/xctest-dynamic-overlay.build/Debug/IssueReporting.build/Objects-normal/arm64/SwiftTesting.swiftconstvalues
        /Users/rogerlin/Library/Developer/Xcode/DerivedData/FinancialCalculatorKit-ackorybalcxbfocbkqsfdzcfkgmn/Build/Intermediates.noindex/xctest-dynamic-overlay.build/Debug/IssueReporting.build/Objects-normal/arm64/UncheckedSendable.swiftconstvalues
        /Users/rogerlin/Library/Developer/Xcode/DerivedData/FinancialCalculatorKit-ackorybalcxbfocbkqsfdzcfkgmn/Build/Intermediates.noindex/xctest-dynamic-overlay.build/Debug/IssueReporting.build/Objects-normal/arm64/Warn.swiftconstvalues
        /Users/rogerlin/Library/Developer/Xcode/DerivedData/FinancialCalculatorKit-ackorybalcxbfocbkqsfdzcfkgmn/Build/Intermediates.noindex/xctest-dynamic-overlay.build/Debug/IssueReporting.build/Objects-normal/arm64/XCTest.swiftconstvalues
        /Users/rogerlin/Library/Developer/Xcode/DerivedData/FinancialCalculatorKit-ackorybalcxbfocbkqsfdzcfkgmn/Build/Intermediates.noindex/xctest-dynamic-overlay.build/Debug/IssueReporting.build/Objects-normal/arm64/IsTesting.swiftconstvalues
        /Users/rogerlin/Library/Developer/Xcode/DerivedData/FinancialCalculatorKit-ackorybalcxbfocbkqsfdzcfkgmn/Build/Intermediates.noindex/xctest-dynamic-overlay.build/Debug/IssueReporting.build/Objects-normal/arm64/IssueReporter.swiftconstvalues
        /Users/rogerlin/Library/Developer/Xcode/DerivedData/FinancialCalculatorKit-ackorybalcxbfocbkqsfdzcfkgmn/Build/Intermediates.noindex/xctest-dynamic-overlay.build/Debug/IssueReporting.build/Objects-normal/arm64/BreakpointReporter.swiftconstvalues
        /Users/rogerlin/Library/Developer/Xcode/DerivedData/FinancialCalculatorKit-ackorybalcxbfocbkqsfdzcfkgmn/Build/Intermediates.noindex/xctest-dynamic-overlay.build/Debug/IssueReporting.build/Objects-normal/arm64/FatalErrorReporter.swiftconstvalues
        /Users/rogerlin/Library/Developer/Xcode/DerivedData/FinancialCalculatorKit-ackorybalcxbfocbkqsfdzcfkgmn/Build/Intermediates.noindex/xctest-dynamic-overlay.build/Debug/IssueReporting.build/Objects-normal/arm64/RuntimeWarningReporter.swiftconstvalues
        /Users/rogerlin/Library/Developer/Xcode/DerivedData/FinancialCalculatorKit-ackorybalcxbfocbkqsfdzcfkgmn/Build/Intermediates.noindex/xctest-dynamic-overlay.build/Debug/IssueReporting.build/Objects-normal/arm64/ReportIssue.swiftconstvalues
        /Users/rogerlin/Library/Developer/Xcode/DerivedData/FinancialCalculatorKit-ackorybalcxbfocbkqsfdzcfkgmn/Build/Intermediates.noindex/xctest-dynamic-overlay.build/Debug/IssueReporting.build/Objects-normal/arm64/TestContext.swiftconstvalues
        /Users/rogerlin/Library/Developer/Xcode/DerivedData/FinancialCalculatorKit-ackorybalcxbfocbkqsfdzcfkgmn/Build/Intermediates.noindex/xctest-dynamic-overlay.build/Debug/IssueReporting.build/Objects-normal/arm64/Unimplemented.swiftconstvalues
        /Users/rogerlin/Library/Developer/Xcode/DerivedData/FinancialCalculatorKit-ackorybalcxbfocbkqsfdzcfkgmn/Build/Intermediates.noindex/xctest-dynamic-overlay.build/Debug/IssueReporting.build/Objects-normal/arm64/WithExpectedIssue.swiftconstvalues
        /Users/rogerlin/Library/Developer/Xcode/DerivedData/FinancialCalculatorKit-ackorybalcxbfocbkqsfdzcfkgmn/Build/Intermediates.noindex/xctest-dynamic-overlay.build/Debug/IssueReporting.build/Objects-normal/arm64/WithIssueContext.swiftconstvalues
        /Users/rogerlin/Library/Developer/Xcode/DerivedData/FinancialCalculatorKit-ackorybalcxbfocbkqsfdzcfkgmn/Build/Products/Debug/IssueReporting.o
        /Users/rogerlin/Library/Developer/Xcode/DerivedData/FinancialCalculatorKit-ackorybalcxbfocbkqsfdzcfkgmn/Build/Intermediates.noindex/xctest-dynamic-overlay.build/Debug/IssueReporting.build/IssueReporting.DependencyMetadataFileList
        /Users/rogerlin/Library/Developer/Xcode/DerivedData/FinancialCalculatorKit-ackorybalcxbfocbkqsfdzcfkgmn/Build/Intermediates.noindex/xctest-dynamic-overlay.build/Debug/IssueReporting.build/IssueReporting.DependencyStaticMetadataFileList
        /Users/rogerlin/Library/Developer/Xcode/DerivedData/FinancialCalculatorKit-ackorybalcxbfocbkqsfdzcfkgmn/Build/Intermediates.noindex/xctest-dynamic-overlay.build/Debug/IssueReporting.build/Objects-normal/arm64/IssueReporting_dependency_info.dat
        /Users/rogerlin/Library/Developer/Xcode/DerivedData/FinancialCalculatorKit-ackorybalcxbfocbkqsfdzcfkgmn/Build/Intermediates.noindex/xctest-dynamic-overlay.build/Debug/IssueReporting.build/Objects-normal/arm64/IssueReporting.SwiftFileList
        /Users/rogerlin/Library/Developer/Xcode/DerivedData/FinancialCalculatorKit-ackorybalcxbfocbkqsfdzcfkgmn/Build/Intermediates.noindex/xctest-dynamic-overlay.build/Debug/IssueReporting.build/Objects-normal/arm64/IssueReporting.SwiftConstValuesFileList

    Task output dependencies:
        /Users/rogerlin/Library/Developer/Xcode/DerivedData/FinancialCalculatorKit-ackorybalcxbfocbkqsfdzcfkgmn/Build/Intermediates.noindex/xctest-dynamic-overlay.build/Debug/IssueReporting.build/Objects-normal/arm64/ExtractedAppShortcutsMetadata.stringsdata
2025-11-05 20:45:55.761 appintentsmetadataprocessor[13905:496511] Starting appintentsmetadataprocessor export
2025-11-05 20:45:55.863 appintentsmetadataprocessor[13905:496511] Extracted no relevant App Intents symbols, skipping writing output

RegisterExecutionPolicyException /Users/rogerlin/Library/Developer/Xcode/DerivedData/FinancialCalculatorKit-ackorybalcxbfocbkqsfdzcfkgmn/Build/Products/Debug/UInt128.o (in target 'UInt128' from project 'UInt128')
    cd /Users/rogerlin/Library/Developer/Xcode/DerivedData/FinancialCalculatorKit-ackorybalcxbfocbkqsfdzcfkgmn/SourcePackages/checkouts/UInt128
    builtin-RegisterExecutionPolicyException /Users/rogerlin/Library/Developer/Xcode/DerivedData/FinancialCalculatorKit-ackorybalcxbfocbkqsfdzcfkgmn/Build/Products/Debug/UInt128.o

    Task input dependencies:
        /Users/rogerlin/Library/Developer/Xcode/DerivedData/FinancialCalculatorKit-ackorybalcxbfocbkqsfdzcfkgmn/Build/Products/Debug/UInt128.o

    Task output dependencies:

Ld /Users/rogerlin/Library/Developer/Xcode/DerivedData/FinancialCalculatorKit-ackorybalcxbfocbkqsfdzcfkgmn/Build/Products/Debug/ComplexModule.o normal (in target 'ComplexModule' from project 'swift-numerics')
    cd /Users/rogerlin/Library/Developer/Xcode/DerivedData/FinancialCalculatorKit-ackorybalcxbfocbkqsfdzcfkgmn/SourcePackages/checkouts/swift-numerics
    /Applications/Xcode.app/Contents/Developer/Toolchains/XcodeDefault.xctoolchain/usr/bin/clang -Xlinker -reproducible -target arm64-apple-macos10.13 -r -isysroot /Applications/Xcode.app/Contents/Developer/Platforms/MacOSX.platform/Developer/SDKs/MacOSX26.1.sdk -O0 -w -L/Users/rogerlin/Library/Developer/Xcode/DerivedData/FinancialCalculatorKit-ackorybalcxbfocbkqsfdzcfkgmn/Build/Intermediates.noindex/EagerLinkingTBDs/Debug -L/Users/rogerlin/Library/Developer/Xcode/DerivedData/FinancialCalculatorKit-ackorybalcxbfocbkqsfdzcfkgmn/Build/Products/Debug -L/Applications/Xcode.app/Contents/Developer/Platforms/MacOSX.platform/Developer/usr/lib -F/Users/rogerlin/Library/Developer/Xcode/DerivedData/FinancialCalculatorKit-ackorybalcxbfocbkqsfdzcfkgmn/Build/Intermediates.noindex/EagerLinkingTBDs/Debug -F/Users/rogerlin/Library/Developer/Xcode/DerivedData/FinancialCalculatorKit-ackorybalcxbfocbkqsfdzcfkgmn/Build/Products/Debug/PackageFrameworks -F/Users/rogerlin/Library/Developer/Xcode/DerivedData/FinancialCalculatorKit-ackorybalcxbfocbkqsfdzcfkgmn/Build/Products/Debug/PackageFrameworks -F/Users/rogerlin/Library/Developer/Xcode/DerivedData/FinancialCalculatorKit-ackorybalcxbfocbkqsfdzcfkgmn/Build/Products/Debug -iframework /Applications/Xcode.app/Contents/Developer/Platforms/MacOSX.platform/Developer/Library/Frameworks -filelist /Users/rogerlin/Library/Developer/Xcode/DerivedData/FinancialCalculatorKit-ackorybalcxbfocbkqsfdzcfkgmn/Build/Intermediates.noindex/swift-numerics.build/Debug/ComplexModule.build/Objects-normal/arm64/ComplexModule.LinkFileList -nostdlib -Xlinker -object_path_lto -Xlinker /Users/rogerlin/Library/Developer/Xcode/DerivedData/FinancialCalculatorKit-ackorybalcxbfocbkqsfdzcfkgmn/Build/Intermediates.noindex/swift-numerics.build/Debug/ComplexModule.build/Objects-normal/arm64/ComplexModule_lto.o -rdynamic -Xlinker -no_deduplicate -Xlinker -debug_variant -Xlinker -dependency_info -Xlinker /Users/rogerlin/Library/Developer/Xcode/DerivedData/FinancialCalculatorKit-ackorybalcxbfocbkqsfdzcfkgmn/Build/Intermediates.noindex/swift-numerics.build/Debug/ComplexModule.build/Objects-normal/arm64/ComplexModule_dependency_info.dat -fobjc-link-runtime -L/Applications/Xcode.app/Contents/Developer/Toolchains/XcodeDefault.xctoolchain/usr/lib/swift/macosx -L/usr/lib/swift -Xlinker -add_ast_path -Xlinker /Users/rogerlin/Library/Developer/Xcode/DerivedData/FinancialCalculatorKit-ackorybalcxbfocbkqsfdzcfkgmn/Build/Intermediates.noindex/swift-numerics.build/Debug/ComplexModule.build/Objects-normal/arm64/ComplexModule.swiftmodule @/Users/rogerlin/Library/Developer/Xcode/DerivedData/FinancialCalculatorKit-ackorybalcxbfocbkqsfdzcfkgmn/Build/Intermediates.noindex/swift-numerics.build/Debug/ComplexModule.build/Objects-normal/arm64/ComplexModule-linker-args.resp -o /Users/rogerlin/Library/Developer/Xcode/DerivedData/FinancialCalculatorKit-ackorybalcxbfocbkqsfdzcfkgmn/Build/Products/Debug/ComplexModule.o

    Task input dependencies:
        /Users/rogerlin/Library/Developer/Xcode/DerivedData/FinancialCalculatorKit-ackorybalcxbfocbkqsfdzcfkgmn/Build/Intermediates.noindex/swift-numerics.build/Debug/ComplexModule.build/Objects-normal/arm64/Arithmetic.o
        /Users/rogerlin/Library/Developer/Xcode/DerivedData/FinancialCalculatorKit-ackorybalcxbfocbkqsfdzcfkgmn/Build/Intermediates.noindex/swift-numerics.build/Debug/ComplexModule.build/Objects-normal/arm64/Complex.o
        /Users/rogerlin/Library/Developer/Xcode/DerivedData/FinancialCalculatorKit-ackorybalcxbfocbkqsfdzcfkgmn/Build/Intermediates.noindex/swift-numerics.build/Debug/ComplexModule.build/Objects-normal/arm64/Differentiable.o
        /Users/rogerlin/Library/Developer/Xcode/DerivedData/FinancialCalculatorKit-ackorybalcxbfocbkqsfdzcfkgmn/Build/Intermediates.noindex/swift-numerics.build/Debug/ComplexModule.build/Objects-normal/arm64/ElementaryFunctions.o
        /Users/rogerlin/Library/Developer/Xcode/DerivedData/FinancialCalculatorKit-ackorybalcxbfocbkqsfdzcfkgmn/Build/Intermediates.noindex/swift-numerics.build/Debug/ComplexModule.build/Objects-normal/arm64/ComplexModule.LinkFileList
        /Users/rogerlin/Library/Developer/Xcode/DerivedData/FinancialCalculatorKit-ackorybalcxbfocbkqsfdzcfkgmn/Build/Products/Debug
        /Users/rogerlin/Library/Developer/Xcode/DerivedData/FinancialCalculatorKit-ackorybalcxbfocbkqsfdzcfkgmn/Build/Products/Debug/PackageFrameworks

    Task output dependencies:
        /Users/rogerlin/Library/Developer/Xcode/DerivedData/FinancialCalculatorKit-ackorybalcxbfocbkqsfdzcfkgmn/Build/Products/Debug/ComplexModule.o
        /Users/rogerlin/Library/Developer/Xcode/DerivedData/FinancialCalculatorKit-ackorybalcxbfocbkqsfdzcfkgmn/Build/Intermediates.noindex/swift-numerics.build/Debug/ComplexModule.build/Objects-normal/arm64/ComplexModule_lto.o
        /Users/rogerlin/Library/Developer/Xcode/DerivedData/FinancialCalculatorKit-ackorybalcxbfocbkqsfdzcfkgmn/Build/Intermediates.noindex/swift-numerics.build/Debug/ComplexModule.build/Objects-normal/arm64/ComplexModule_dependency_info.dat

RegisterExecutionPolicyException /Users/rogerlin/Library/Developer/Xcode/DerivedData/FinancialCalculatorKit-ackorybalcxbfocbkqsfdzcfkgmn/Build/Products/Debug/SwiftDrawDOM.o (in target 'SwiftDrawDOM' from project 'SwiftDraw')
    cd /Users/rogerlin/Library/Developer/Xcode/DerivedData/FinancialCalculatorKit-ackorybalcxbfocbkqsfdzcfkgmn/SourcePackages/checkouts/SwiftDraw
    builtin-RegisterExecutionPolicyException /Users/rogerlin/Library/Developer/Xcode/DerivedData/FinancialCalculatorKit-ackorybalcxbfocbkqsfdzcfkgmn/Build/Products/Debug/SwiftDrawDOM.o

    Task input dependencies:
        /Users/rogerlin/Library/Developer/Xcode/DerivedData/FinancialCalculatorKit-ackorybalcxbfocbkqsfdzcfkgmn/Build/Products/Debug/SwiftDrawDOM.o

    Task output dependencies:

RegisterExecutionPolicyException /Users/rogerlin/Library/Developer/Xcode/DerivedData/FinancialCalculatorKit-ackorybalcxbfocbkqsfdzcfkgmn/Build/Products/Debug/MathJaxSwift.o (in target 'MathJaxSwift' from project 'MathJaxSwift')
    cd /Users/rogerlin/Library/Developer/Xcode/DerivedData/FinancialCalculatorKit-ackorybalcxbfocbkqsfdzcfkgmn/SourcePackages/checkouts/MathJaxSwift
    builtin-RegisterExecutionPolicyException /Users/rogerlin/Library/Developer/Xcode/DerivedData/FinancialCalculatorKit-ackorybalcxbfocbkqsfdzcfkgmn/Build/Products/Debug/MathJaxSwift.o

    Task input dependencies:
        /Users/rogerlin/Library/Developer/Xcode/DerivedData/FinancialCalculatorKit-ackorybalcxbfocbkqsfdzcfkgmn/Build/Products/Debug/MathJaxSwift.o

    Task output dependencies:

SwiftEmitModule normal arm64 Emitting\ module\ for\ XCTestDynamicOverlay (in target 'XCTestDynamicOverlay' from project 'xctest-dynamic-overlay')
/Applications/Xcode.app/Contents/Developer/Toolchains/XcodeDefault.xctoolchain/usr/bin/swift-frontend -frontend -emit-module -experimental-skip-non-inlinable-function-bodies-without-types /Users/rogerlin/Library/Developer/Xcode/DerivedData/FinancialCalculatorKit-ackorybalcxbfocbkqsfdzcfkgmn/SourcePackages/checkouts/xctest-dynamic-overlay/Sources/XCTestDynamicOverlay/Internal/Deprecations.swift /Users/rogerlin/Library/Developer/Xcode/DerivedData/FinancialCalculatorKit-ackorybalcxbfocbkqsfdzcfkgmn/SourcePackages/checkouts/xctest-dynamic-overlay/Sources/XCTestDynamicOverlay/Internal/Exports.swift -target arm64-apple-macos10.15 -module-can-import-version Foundation 4109.1.401 4109.1.255 -load-resolved-plugin /Applications/Xcode.app/Contents/Developer/Platforms/MacOSX.platform/Developer/usr/lib/swift/host/plugins/libFoundationMacros.dylib\#/Applications/Xcode.app/Contents/Developer/Platforms/MacOSX.platform/Developer/usr/bin/swift-plugin-server\#FoundationMacros -load-resolved-plugin /Applications/Xcode.app/Contents/Developer/Platforms/MacOSX.platform/Developer/usr/lib/swift/host/plugins/libObservationMacros.dylib\#/Applications/Xcode.app/Contents/Developer/Platforms/MacOSX.platform/Developer/usr/bin/swift-plugin-server\#ObservationMacros -load-resolved-plugin /Applications/Xcode.app/Contents/Developer/Platforms/MacOSX.platform/Developer/usr/lib/swift/host/plugins/libSwiftMacros.dylib\#/Applications/Xcode.app/Contents/Developer/Platforms/MacOSX.platform/Developer/usr/bin/swift-plugin-server\#SwiftMacros -disable-implicit-swift-modules -Xcc -fno-implicit-modules -Xcc -fno-implicit-module-maps -explicit-swift-module-map-file /Users/rogerlin/Library/Developer/Xcode/DerivedData/FinancialCalculatorKit-ackorybalcxbfocbkqsfdzcfkgmn/Build/Intermediates.noindex/xctest-dynamic-overlay.build/Debug/XCTestDynamicOverlay.build/Objects-normal/arm64/XCTestDynamicOverlay-dependencies-1.json -Xllvm -aarch64-use-tbi -enable-objc-interop -stack-check -sdk /Applications/Xcode.app/Contents/Developer/Platforms/MacOSX.platform/Developer/SDKs/MacOSX26.1.sdk -I /Users/rogerlin/Library/Developer/Xcode/DerivedData/FinancialCalculatorKit-ackorybalcxbfocbkqsfdzcfkgmn/Build/Products/Debug -Isystem /Applications/Xcode.app/Contents/Developer/Platforms/MacOSX.platform/Developer/usr/lib -F /Users/rogerlin/Library/Developer/Xcode/DerivedData/FinancialCalculatorKit-ackorybalcxbfocbkqsfdzcfkgmn/Build/Products/Debug/PackageFrameworks -F /Users/rogerlin/Library/Developer/Xcode/DerivedData/FinancialCalculatorKit-ackorybalcxbfocbkqsfdzcfkgmn/Build/Products/Debug -F /Applications/Xcode.app/Contents/Developer/Platforms/MacOSX.platform/Developer/Library/Frameworks -no-color-diagnostics -Xcc -fno-color-diagnostics -enable-testing -g -debug-info-format\=dwarf -dwarf-version\=4 -module-cache-path /Users/rogerlin/Library/Developer/Xcode/DerivedData/FinancialCalculatorKit-ackorybalcxbfocbkqsfdzcfkgmn/Build/Intermediates.noindex/SwiftExplicitPrecompiledModules -suppress-warnings -profile-generate -profile-coverage-mapping -swift-version 6 -enforce-exclusivity\=checked -Onone -D SWIFT_PACKAGE -D DEBUG -D SWIFT_MODULE_RESOURCE_BUNDLE_UNAVAILABLE -D Xcode -serialize-debugging-options -const-gather-protocols-file /Users/rogerlin/Library/Developer/Xcode/DerivedData/FinancialCalculatorKit-ackorybalcxbfocbkqsfdzcfkgmn/Build/Intermediates.noindex/xctest-dynamic-overlay.build/Debug/XCTestDynamicOverlay.build/Objects-normal/arm64/XCTestDynamicOverlay_const_extract_protocols.json -enable-experimental-feature DebugDescriptionMacro -empty-abi-descriptor -user-module-version 1.5.2 -validate-clang-modules-once -clang-build-session-file /Users/rogerlin/Library/Developer/Xcode/DerivedData/ModuleCache.noindex/Session.modulevalidation -Xcc -working-directory -Xcc /Users/rogerlin/XCode-Projects/FinancialCalculatorKit-5.0-updated-accent-colors/FinancialCalculatorKit.xcodeproj -enable-anonymous-context-mangled-names -file-compilation-dir /Users/rogerlin/XCode-Projects/FinancialCalculatorKit-5.0-updated-accent-colors/FinancialCalculatorKit.xcodeproj -Xcc -D_LIBCPP_HARDENING_MODE\=_LIBCPP_HARDENING_MODE_DEBUG -Xcc -ivfsstatcache -Xcc /Users/rogerlin/Library/Developer/Xcode/DerivedData/SDKStatCaches.noindex/macosx26.1-25B74-3ae1261907bdadc328169391a47051a6.sdkstatcache -Xcc -I/Users/rogerlin/Library/Developer/Xcode/DerivedData/FinancialCalculatorKit-ackorybalcxbfocbkqsfdzcfkgmn/Build/Intermediates.noindex/xctest-dynamic-overlay.build/Debug/XCTestDynamicOverlay.build/swift-overrides.hmap -Xcc -I/Users/rogerlin/Library/Developer/Xcode/DerivedData/FinancialCalculatorKit-ackorybalcxbfocbkqsfdzcfkgmn/Build/Products/Debug/include -Xcc -I/Users/rogerlin/Library/Developer/Xcode/DerivedData/FinancialCalculatorKit-ackorybalcxbfocbkqsfdzcfkgmn/Build/Intermediates.noindex/xctest-dynamic-overlay.build/Debug/XCTestDynamicOverlay.build/DerivedSources-normal/arm64 -Xcc -I/Users/rogerlin/Library/Developer/Xcode/DerivedData/FinancialCalculatorKit-ackorybalcxbfocbkqsfdzcfkgmn/Build/Intermediates.noindex/xctest-dynamic-overlay.build/Debug/XCTestDynamicOverlay.build/DerivedSources/arm64 -Xcc -I/Users/rogerlin/Library/Developer/Xcode/DerivedData/FinancialCalculatorKit-ackorybalcxbfocbkqsfdzcfkgmn/Build/Intermediates.noindex/xctest-dynamic-overlay.build/Debug/XCTestDynamicOverlay.build/DerivedSources -Xcc -DSWIFT_PACKAGE -Xcc -DDEBUG\=1 -no-auto-bridging-header-chaining -module-name XCTestDynamicOverlay -package-name xctest_dynamic_overlay -frontend-parseable-output -disable-clang-spi -target-sdk-version 26.1 -target-sdk-name macosx26.1 -clang-target arm64-apple-macos26.1 -in-process-plugin-server-path /Applications/Xcode.app/Contents/Developer/Toolchains/XcodeDefault.xctoolchain/usr/lib/swift/host/libSwiftInProcPluginServer.dylib -emit-module-doc-path /Users/rogerlin/Library/Developer/Xcode/DerivedData/FinancialCalculatorKit-ackorybalcxbfocbkqsfdzcfkgmn/Build/Intermediates.noindex/xctest-dynamic-overlay.build/Debug/XCTestDynamicOverlay.build/Objects-normal/arm64/XCTestDynamicOverlay.swiftdoc -emit-module-source-info-path /Users/rogerlin/Library/Developer/Xcode/DerivedData/FinancialCalculatorKit-ackorybalcxbfocbkqsfdzcfkgmn/Build/Intermediates.noindex/xctest-dynamic-overlay.build/Debug/XCTestDynamicOverlay.build/Objects-normal/arm64/XCTestDynamicOverlay.swiftsourceinfo -emit-objc-header-path /Users/rogerlin/Library/Developer/Xcode/DerivedData/FinancialCalculatorKit-ackorybalcxbfocbkqsfdzcfkgmn/Build/Intermediates.noindex/xctest-dynamic-overlay.build/Debug/XCTestDynamicOverlay.build/Objects-normal/arm64/XCTestDynamicOverlay-Swift.h -serialize-diagnostics-path /Users/rogerlin/Library/Developer/Xcode/DerivedData/FinancialCalculatorKit-ackorybalcxbfocbkqsfdzcfkgmn/Build/Intermediates.noindex/xctest-dynamic-overlay.build/Debug/XCTestDynamicOverlay.build/Objects-normal/arm64/XCTestDynamicOverlay-primary-emit-module.dia -emit-dependencies-path /Users/rogerlin/Library/Developer/Xcode/DerivedData/FinancialCalculatorKit-ackorybalcxbfocbkqsfdzcfkgmn/Build/Intermediates.noindex/xctest-dynamic-overlay.build/Debug/XCTestDynamicOverlay.build/Objects-normal/arm64/XCTestDynamicOverlay-primary-emit-module.d -o /Users/rogerlin/Library/Developer/Xcode/DerivedData/FinancialCalculatorKit-ackorybalcxbfocbkqsfdzcfkgmn/Build/Intermediates.noindex/xctest-dynamic-overlay.build/Debug/XCTestDynamicOverlay.build/Objects-normal/arm64/XCTestDynamicOverlay.swiftmodule -emit-abi-descriptor-path /Users/rogerlin/Library/Developer/Xcode/DerivedData/FinancialCalculatorKit-ackorybalcxbfocbkqsfdzcfkgmn/Build/Intermediates.noindex/xctest-dynamic-overlay.build/Debug/XCTestDynamicOverlay.build/Objects-normal/arm64/XCTestDynamicOverlay.abi.json

EmitSwiftModule normal arm64 (in target 'XCTestDynamicOverlay' from project 'xctest-dynamic-overlay')
    cd /Users/rogerlin/XCode-Projects/FinancialCalculatorKit-5.0-updated-accent-colors/FinancialCalculatorKit.xcodeproj
    

SwiftCompile normal arm64 Compiling\ Exports.swift /Users/rogerlin/Library/Developer/Xcode/DerivedData/FinancialCalculatorKit-ackorybalcxbfocbkqsfdzcfkgmn/SourcePackages/checkouts/xctest-dynamic-overlay/Sources/XCTestDynamicOverlay/Internal/Exports.swift (in target 'XCTestDynamicOverlay' from project 'xctest-dynamic-overlay')
/Applications/Xcode.app/Contents/Developer/Toolchains/XcodeDefault.xctoolchain/usr/bin/swift-frontend -frontend -c /Users/rogerlin/Library/Developer/Xcode/DerivedData/FinancialCalculatorKit-ackorybalcxbfocbkqsfdzcfkgmn/SourcePackages/checkouts/xctest-dynamic-overlay/Sources/XCTestDynamicOverlay/Internal/Deprecations.swift -primary-file /Users/rogerlin/Library/Developer/Xcode/DerivedData/FinancialCalculatorKit-ackorybalcxbfocbkqsfdzcfkgmn/SourcePackages/checkouts/xctest-dynamic-overlay/Sources/XCTestDynamicOverlay/Internal/Exports.swift -emit-dependencies-path /Users/rogerlin/Library/Developer/Xcode/DerivedData/FinancialCalculatorKit-ackorybalcxbfocbkqsfdzcfkgmn/Build/Intermediates.noindex/xctest-dynamic-overlay.build/Debug/XCTestDynamicOverlay.build/Objects-normal/arm64/Exports.d -emit-const-values-path /Users/rogerlin/Library/Developer/Xcode/DerivedData/FinancialCalculatorKit-ackorybalcxbfocbkqsfdzcfkgmn/Build/Intermediates.noindex/xctest-dynamic-overlay.build/Debug/XCTestDynamicOverlay.build/Objects-normal/arm64/Exports.swiftconstvalues -emit-reference-dependencies-path /Users/rogerlin/Library/Developer/Xcode/DerivedData/FinancialCalculatorKit-ackorybalcxbfocbkqsfdzcfkgmn/Build/Intermediates.noindex/xctest-dynamic-overlay.build/Debug/XCTestDynamicOverlay.build/Objects-normal/arm64/Exports.swiftdeps -serialize-diagnostics-path /Users/rogerlin/Library/Developer/Xcode/DerivedData/FinancialCalculatorKit-ackorybalcxbfocbkqsfdzcfkgmn/Build/Intermediates.noindex/xctest-dynamic-overlay.build/Debug/XCTestDynamicOverlay.build/Objects-normal/arm64/Exports.dia -target arm64-apple-macos10.15 -module-can-import-version Foundation 4109.1.401 4109.1.255 -load-resolved-plugin /Applications/Xcode.app/Contents/Developer/Platforms/MacOSX.platform/Developer/usr/lib/swift/host/plugins/libFoundationMacros.dylib\#/Applications/Xcode.app/Contents/Developer/Platforms/MacOSX.platform/Developer/usr/bin/swift-plugin-server\#FoundationMacros -load-resolved-plugin /Applications/Xcode.app/Contents/Developer/Platforms/MacOSX.platform/Developer/usr/lib/swift/host/plugins/libObservationMacros.dylib\#/Applications/Xcode.app/Contents/Developer/Platforms/MacOSX.platform/Developer/usr/bin/swift-plugin-server\#ObservationMacros -load-resolved-plugin /Applications/Xcode.app/Contents/Developer/Platforms/MacOSX.platform/Developer/usr/lib/swift/host/plugins/libSwiftMacros.dylib\#/Applications/Xcode.app/Contents/Developer/Platforms/MacOSX.platform/Developer/usr/bin/swift-plugin-server\#SwiftMacros -disable-implicit-swift-modules -Xcc -fno-implicit-modules -Xcc -fno-implicit-module-maps -explicit-swift-module-map-file /Users/rogerlin/Library/Developer/Xcode/DerivedData/FinancialCalculatorKit-ackorybalcxbfocbkqsfdzcfkgmn/Build/Intermediates.noindex/xctest-dynamic-overlay.build/Debug/XCTestDynamicOverlay.build/Objects-normal/arm64/XCTestDynamicOverlay-dependencies-1.json -Xllvm -aarch64-use-tbi -enable-objc-interop -stack-check -sdk /Applications/Xcode.app/Contents/Developer/Platforms/MacOSX.platform/Developer/SDKs/MacOSX26.1.sdk -I /Users/rogerlin/Library/Developer/Xcode/DerivedData/FinancialCalculatorKit-ackorybalcxbfocbkqsfdzcfkgmn/Build/Products/Debug -Isystem /Applications/Xcode.app/Contents/Developer/Platforms/MacOSX.platform/Developer/usr/lib -F /Users/rogerlin/Library/Developer/Xcode/DerivedData/FinancialCalculatorKit-ackorybalcxbfocbkqsfdzcfkgmn/Build/Products/Debug/PackageFrameworks -F /Users/rogerlin/Library/Developer/Xcode/DerivedData/FinancialCalculatorKit-ackorybalcxbfocbkqsfdzcfkgmn/Build/Products/Debug -F /Applications/Xcode.app/Contents/Developer/Platforms/MacOSX.platform/Developer/Library/Frameworks -no-color-diagnostics -Xcc -fno-color-diagnostics -enable-testing -g -debug-info-format\=dwarf -dwarf-version\=4 -module-cache-path /Users/rogerlin/Library/Developer/Xcode/DerivedData/FinancialCalculatorKit-ackorybalcxbfocbkqsfdzcfkgmn/Build/Intermediates.noindex/SwiftExplicitPrecompiledModules -suppress-warnings -profile-generate -profile-coverage-mapping -swift-version 6 -enforce-exclusivity\=checked -Onone -D SWIFT_PACKAGE -D DEBUG -D SWIFT_MODULE_RESOURCE_BUNDLE_UNAVAILABLE -D Xcode -serialize-debugging-options -const-gather-protocols-file /Users/rogerlin/Library/Developer/Xcode/DerivedData/FinancialCalculatorKit-ackorybalcxbfocbkqsfdzcfkgmn/Build/Intermediates.noindex/xctest-dynamic-overlay.build/Debug/XCTestDynamicOverlay.build/Objects-normal/arm64/XCTestDynamicOverlay_const_extract_protocols.json -enable-experimental-feature DebugDescriptionMacro -empty-abi-descriptor -user-module-version 1.5.2 -validate-clang-modules-once -clang-build-session-file /Users/rogerlin/Library/Developer/Xcode/DerivedData/ModuleCache.noindex/Session.modulevalidation -Xcc -working-directory -Xcc /Users/rogerlin/XCode-Projects/FinancialCalculatorKit-5.0-updated-accent-colors/FinancialCalculatorKit.xcodeproj -enable-anonymous-context-mangled-names -file-compilation-dir /Users/rogerlin/XCode-Projects/FinancialCalculatorKit-5.0-updated-accent-colors/FinancialCalculatorKit.xcodeproj -Xcc -D_LIBCPP_HARDENING_MODE\=_LIBCPP_HARDENING_MODE_DEBUG -Xcc -ivfsstatcache -Xcc /Users/rogerlin/Library/Developer/Xcode/DerivedData/SDKStatCaches.noindex/macosx26.1-25B74-3ae1261907bdadc328169391a47051a6.sdkstatcache -Xcc -I/Users/rogerlin/Library/Developer/Xcode/DerivedData/FinancialCalculatorKit-ackorybalcxbfocbkqsfdzcfkgmn/Build/Intermediates.noindex/xctest-dynamic-overlay.build/Debug/XCTestDynamicOverlay.build/swift-overrides.hmap -Xcc -I/Users/rogerlin/Library/Developer/Xcode/DerivedData/FinancialCalculatorKit-ackorybalcxbfocbkqsfdzcfkgmn/Build/Products/Debug/include -Xcc -I/Users/rogerlin/Library/Developer/Xcode/DerivedData/FinancialCalculatorKit-ackorybalcxbfocbkqsfdzcfkgmn/Build/Intermediates.noindex/xctest-dynamic-overlay.build/Debug/XCTestDynamicOverlay.build/DerivedSources-normal/arm64 -Xcc -I/Users/rogerlin/Library/Developer/Xcode/DerivedData/FinancialCalculatorKit-ackorybalcxbfocbkqsfdzcfkgmn/Build/Intermediates.noindex/xctest-dynamic-overlay.build/Debug/XCTestDynamicOverlay.build/DerivedSources/arm64 -Xcc -I/Users/rogerlin/Library/Developer/Xcode/DerivedData/FinancialCalculatorKit-ackorybalcxbfocbkqsfdzcfkgmn/Build/Intermediates.noindex/xctest-dynamic-overlay.build/Debug/XCTestDynamicOverlay.build/DerivedSources -Xcc -DSWIFT_PACKAGE -Xcc -DDEBUG\=1 -no-auto-bridging-header-chaining -module-name XCTestDynamicOverlay -package-name xctest_dynamic_overlay -frontend-parseable-output -disable-clang-spi -target-sdk-version 26.1 -target-sdk-name macosx26.1 -clang-target arm64-apple-macos26.1 -in-process-plugin-server-path /Applications/Xcode.app/Contents/Developer/Toolchains/XcodeDefault.xctoolchain/usr/lib/swift/host/libSwiftInProcPluginServer.dylib -o /Users/rogerlin/Library/Developer/Xcode/DerivedData/FinancialCalculatorKit-ackorybalcxbfocbkqsfdzcfkgmn/Build/Intermediates.noindex/xctest-dynamic-overlay.build/Debug/XCTestDynamicOverlay.build/Objects-normal/arm64/Exports.o -index-unit-output-path /xctest-dynamic-overlay.build/Debug/XCTestDynamicOverlay.build/Objects-normal/arm64/Exports.o -index-store-path /Users/rogerlin/Library/Developer/Xcode/DerivedData/FinancialCalculatorKit-ackorybalcxbfocbkqsfdzcfkgmn/Index.noindex/DataStore -index-system-modules

SwiftCompile normal arm64 /Users/rogerlin/Library/Developer/Xcode/DerivedData/FinancialCalculatorKit-ackorybalcxbfocbkqsfdzcfkgmn/SourcePackages/checkouts/xctest-dynamic-overlay/Sources/XCTestDynamicOverlay/Internal/Exports.swift (in target 'XCTestDynamicOverlay' from project 'xctest-dynamic-overlay')
    cd /Users/rogerlin/XCode-Projects/FinancialCalculatorKit-5.0-updated-accent-colors/FinancialCalculatorKit.xcodeproj
    

SwiftCompile normal arm64 Compiling\ Deprecations.swift /Users/rogerlin/Library/Developer/Xcode/DerivedData/FinancialCalculatorKit-ackorybalcxbfocbkqsfdzcfkgmn/SourcePackages/checkouts/xctest-dynamic-overlay/Sources/XCTestDynamicOverlay/Internal/Deprecations.swift (in target 'XCTestDynamicOverlay' from project 'xctest-dynamic-overlay')
/Applications/Xcode.app/Contents/Developer/Toolchains/XcodeDefault.xctoolchain/usr/bin/swift-frontend -frontend -c -primary-file /Users/rogerlin/Library/Developer/Xcode/DerivedData/FinancialCalculatorKit-ackorybalcxbfocbkqsfdzcfkgmn/SourcePackages/checkouts/xctest-dynamic-overlay/Sources/XCTestDynamicOverlay/Internal/Deprecations.swift /Users/rogerlin/Library/Developer/Xcode/DerivedData/FinancialCalculatorKit-ackorybalcxbfocbkqsfdzcfkgmn/SourcePackages/checkouts/xctest-dynamic-overlay/Sources/XCTestDynamicOverlay/Internal/Exports.swift -emit-dependencies-path /Users/rogerlin/Library/Developer/Xcode/DerivedData/FinancialCalculatorKit-ackorybalcxbfocbkqsfdzcfkgmn/Build/Intermediates.noindex/xctest-dynamic-overlay.build/Debug/XCTestDynamicOverlay.build/Objects-normal/arm64/Deprecations.d -emit-const-values-path /Users/rogerlin/Library/Developer/Xcode/DerivedData/FinancialCalculatorKit-ackorybalcxbfocbkqsfdzcfkgmn/Build/Intermediates.noindex/xctest-dynamic-overlay.build/Debug/XCTestDynamicOverlay.build/Objects-normal/arm64/Deprecations.swiftconstvalues -emit-reference-dependencies-path /Users/rogerlin/Library/Developer/Xcode/DerivedData/FinancialCalculatorKit-ackorybalcxbfocbkqsfdzcfkgmn/Build/Intermediates.noindex/xctest-dynamic-overlay.build/Debug/XCTestDynamicOverlay.build/Objects-normal/arm64/Deprecations.swiftdeps -serialize-diagnostics-path /Users/rogerlin/Library/Developer/Xcode/DerivedData/FinancialCalculatorKit-ackorybalcxbfocbkqsfdzcfkgmn/Build/Intermediates.noindex/xctest-dynamic-overlay.build/Debug/XCTestDynamicOverlay.build/Objects-normal/arm64/Deprecations.dia -target arm64-apple-macos10.15 -module-can-import-version Foundation 4109.1.401 4109.1.255 -load-resolved-plugin /Applications/Xcode.app/Contents/Developer/Platforms/MacOSX.platform/Developer/usr/lib/swift/host/plugins/libFoundationMacros.dylib\#/Applications/Xcode.app/Contents/Developer/Platforms/MacOSX.platform/Developer/usr/bin/swift-plugin-server\#FoundationMacros -load-resolved-plugin /Applications/Xcode.app/Contents/Developer/Platforms/MacOSX.platform/Developer/usr/lib/swift/host/plugins/libObservationMacros.dylib\#/Applications/Xcode.app/Contents/Developer/Platforms/MacOSX.platform/Developer/usr/bin/swift-plugin-server\#ObservationMacros -load-resolved-plugin /Applications/Xcode.app/Contents/Developer/Platforms/MacOSX.platform/Developer/usr/lib/swift/host/plugins/libSwiftMacros.dylib\#/Applications/Xcode.app/Contents/Developer/Platforms/MacOSX.platform/Developer/usr/bin/swift-plugin-server\#SwiftMacros -disable-implicit-swift-modules -Xcc -fno-implicit-modules -Xcc -fno-implicit-module-maps -explicit-swift-module-map-file /Users/rogerlin/Library/Developer/Xcode/DerivedData/FinancialCalculatorKit-ackorybalcxbfocbkqsfdzcfkgmn/Build/Intermediates.noindex/xctest-dynamic-overlay.build/Debug/XCTestDynamicOverlay.build/Objects-normal/arm64/XCTestDynamicOverlay-dependencies-1.json -Xllvm -aarch64-use-tbi -enable-objc-interop -stack-check -sdk /Applications/Xcode.app/Contents/Developer/Platforms/MacOSX.platform/Developer/SDKs/MacOSX26.1.sdk -I /Users/rogerlin/Library/Developer/Xcode/DerivedData/FinancialCalculatorKit-ackorybalcxbfocbkqsfdzcfkgmn/Build/Products/Debug -Isystem /Applications/Xcode.app/Contents/Developer/Platforms/MacOSX.platform/Developer/usr/lib -F /Users/rogerlin/Library/Developer/Xcode/DerivedData/FinancialCalculatorKit-ackorybalcxbfocbkqsfdzcfkgmn/Build/Products/Debug/PackageFrameworks -F /Users/rogerlin/Library/Developer/Xcode/DerivedData/FinancialCalculatorKit-ackorybalcxbfocbkqsfdzcfkgmn/Build/Products/Debug -F /Applications/Xcode.app/Contents/Developer/Platforms/MacOSX.platform/Developer/Library/Frameworks -no-color-diagnostics -Xcc -fno-color-diagnostics -enable-testing -g -debug-info-format\=dwarf -dwarf-version\=4 -module-cache-path /Users/rogerlin/Library/Developer/Xcode/DerivedData/FinancialCalculatorKit-ackorybalcxbfocbkqsfdzcfkgmn/Build/Intermediates.noindex/SwiftExplicitPrecompiledModules -suppress-warnings -profile-generate -profile-coverage-mapping -swift-version 6 -enforce-exclusivity\=checked -Onone -D SWIFT_PACKAGE -D DEBUG -D SWIFT_MODULE_RESOURCE_BUNDLE_UNAVAILABLE -D Xcode -serialize-debugging-options -const-gather-protocols-file /Users/rogerlin/Library/Developer/Xcode/DerivedData/FinancialCalculatorKit-ackorybalcxbfocbkqsfdzcfkgmn/Build/Intermediates.noindex/xctest-dynamic-overlay.build/Debug/XCTestDynamicOverlay.build/Objects-normal/arm64/XCTestDynamicOverlay_const_extract_protocols.json -enable-experimental-feature DebugDescriptionMacro -empty-abi-descriptor -user-module-version 1.5.2 -validate-clang-modules-once -clang-build-session-file /Users/rogerlin/Library/Developer/Xcode/DerivedData/ModuleCache.noindex/Session.modulevalidation -Xcc -working-directory -Xcc /Users/rogerlin/XCode-Projects/FinancialCalculatorKit-5.0-updated-accent-colors/FinancialCalculatorKit.xcodeproj -enable-anonymous-context-mangled-names -file-compilation-dir /Users/rogerlin/XCode-Projects/FinancialCalculatorKit-5.0-updated-accent-colors/FinancialCalculatorKit.xcodeproj -Xcc -D_LIBCPP_HARDENING_MODE\=_LIBCPP_HARDENING_MODE_DEBUG -Xcc -ivfsstatcache -Xcc /Users/rogerlin/Library/Developer/Xcode/DerivedData/SDKStatCaches.noindex/macosx26.1-25B74-3ae1261907bdadc328169391a47051a6.sdkstatcache -Xcc -I/Users/rogerlin/Library/Developer/Xcode/DerivedData/FinancialCalculatorKit-ackorybalcxbfocbkqsfdzcfkgmn/Build/Intermediates.noindex/xctest-dynamic-overlay.build/Debug/XCTestDynamicOverlay.build/swift-overrides.hmap -Xcc -I/Users/rogerlin/Library/Developer/Xcode/DerivedData/FinancialCalculatorKit-ackorybalcxbfocbkqsfdzcfkgmn/Build/Products/Debug/include -Xcc -I/Users/rogerlin/Library/Developer/Xcode/DerivedData/FinancialCalculatorKit-ackorybalcxbfocbkqsfdzcfkgmn/Build/Intermediates.noindex/xctest-dynamic-overlay.build/Debug/XCTestDynamicOverlay.build/DerivedSources-normal/arm64 -Xcc -I/Users/rogerlin/Library/Developer/Xcode/DerivedData/FinancialCalculatorKit-ackorybalcxbfocbkqsfdzcfkgmn/Build/Intermediates.noindex/xctest-dynamic-overlay.build/Debug/XCTestDynamicOverlay.build/DerivedSources/arm64 -Xcc -I/Users/rogerlin/Library/Developer/Xcode/DerivedData/FinancialCalculatorKit-ackorybalcxbfocbkqsfdzcfkgmn/Build/Intermediates.noindex/xctest-dynamic-overlay.build/Debug/XCTestDynamicOverlay.build/DerivedSources -Xcc -DSWIFT_PACKAGE -Xcc -DDEBUG\=1 -no-auto-bridging-header-chaining -module-name XCTestDynamicOverlay -package-name xctest_dynamic_overlay -frontend-parseable-output -disable-clang-spi -target-sdk-version 26.1 -target-sdk-name macosx26.1 -clang-target arm64-apple-macos26.1 -in-process-plugin-server-path /Applications/Xcode.app/Contents/Developer/Toolchains/XcodeDefault.xctoolchain/usr/lib/swift/host/libSwiftInProcPluginServer.dylib -o /Users/rogerlin/Library/Developer/Xcode/DerivedData/FinancialCalculatorKit-ackorybalcxbfocbkqsfdzcfkgmn/Build/Intermediates.noindex/xctest-dynamic-overlay.build/Debug/XCTestDynamicOverlay.build/Objects-normal/arm64/Deprecations.o -index-unit-output-path /xctest-dynamic-overlay.build/Debug/XCTestDynamicOverlay.build/Objects-normal/arm64/Deprecations.o -index-store-path /Users/rogerlin/Library/Developer/Xcode/DerivedData/FinancialCalculatorKit-ackorybalcxbfocbkqsfdzcfkgmn/Index.noindex/DataStore -index-system-modules

SwiftCompile normal arm64 /Users/rogerlin/Library/Developer/Xcode/DerivedData/FinancialCalculatorKit-ackorybalcxbfocbkqsfdzcfkgmn/SourcePackages/checkouts/xctest-dynamic-overlay/Sources/XCTestDynamicOverlay/Internal/Deprecations.swift (in target 'XCTestDynamicOverlay' from project 'xctest-dynamic-overlay')
    cd /Users/rogerlin/XCode-Projects/FinancialCalculatorKit-5.0-updated-accent-colors/FinancialCalculatorKit.xcodeproj
    

ExtractAppIntentsMetadata (in target 'ComplexModule' from project 'swift-numerics')
    cd /Users/rogerlin/Library/Developer/Xcode/DerivedData/FinancialCalculatorKit-ackorybalcxbfocbkqsfdzcfkgmn/SourcePackages/checkouts/swift-numerics
    /Applications/Xcode.app/Contents/Developer/Toolchains/XcodeDefault.xctoolchain/usr/bin/appintentsmetadataprocessor --toolchain-dir /Applications/Xcode.app/Contents/Developer/Toolchains/XcodeDefault.xctoolchain --module-name ComplexModule --sdk-root /Applications/Xcode.app/Contents/Developer/Platforms/MacOSX.platform/Developer/SDKs/MacOSX26.1.sdk --xcode-version 17B55 --platform-family macOS --deployment-target 10.13 --bundle-identifier swift-numerics.ComplexModule --output /Users/rogerlin/Library/Developer/Xcode/DerivedData/FinancialCalculatorKit-ackorybalcxbfocbkqsfdzcfkgmn/Build/Products/Debug/ComplexModule.appintents --target-triple arm64-apple-macos10.13 --binary-file /Users/rogerlin/Library/Developer/Xcode/DerivedData/FinancialCalculatorKit-ackorybalcxbfocbkqsfdzcfkgmn/Build/Products/Debug/ComplexModule.o --dependency-file /Users/rogerlin/Library/Developer/Xcode/DerivedData/FinancialCalculatorKit-ackorybalcxbfocbkqsfdzcfkgmn/Build/Intermediates.noindex/swift-numerics.build/Debug/ComplexModule.build/Objects-normal/arm64/ComplexModule_dependency_info.dat --stringsdata-file /Users/rogerlin/Library/Developer/Xcode/DerivedData/FinancialCalculatorKit-ackorybalcxbfocbkqsfdzcfkgmn/Build/Intermediates.noindex/swift-numerics.build/Debug/ComplexModule.build/Objects-normal/arm64/ExtractedAppShortcutsMetadata.stringsdata --source-file-list /Users/rogerlin/Library/Developer/Xcode/DerivedData/FinancialCalculatorKit-ackorybalcxbfocbkqsfdzcfkgmn/Build/Intermediates.noindex/swift-numerics.build/Debug/ComplexModule.build/Objects-normal/arm64/ComplexModule.SwiftFileList --metadata-file-list /Users/rogerlin/Library/Developer/Xcode/DerivedData/FinancialCalculatorKit-ackorybalcxbfocbkqsfdzcfkgmn/Build/Intermediates.noindex/swift-numerics.build/Debug/ComplexModule.build/ComplexModule.DependencyMetadataFileList --static-metadata-file-list /Users/rogerlin/Library/Developer/Xcode/DerivedData/FinancialCalculatorKit-ackorybalcxbfocbkqsfdzcfkgmn/Build/Intermediates.noindex/swift-numerics.build/Debug/ComplexModule.build/ComplexModule.DependencyStaticMetadataFileList --swift-const-vals-list /Users/rogerlin/Library/Developer/Xcode/DerivedData/FinancialCalculatorKit-ackorybalcxbfocbkqsfdzcfkgmn/Build/Intermediates.noindex/swift-numerics.build/Debug/ComplexModule.build/Objects-normal/arm64/ComplexModule.SwiftConstValuesFileList --force --compile-time-extraction --deployment-aware-processing --validate-assistant-intents --no-app-shortcuts-localization

    Task input dependencies:
        /Users/rogerlin/Library/Developer/Xcode/DerivedData/FinancialCalculatorKit-ackorybalcxbfocbkqsfdzcfkgmn/SourcePackages/checkouts/swift-numerics/Sources/ComplexModule/Arithmetic.swift
        /Users/rogerlin/Library/Developer/Xcode/DerivedData/FinancialCalculatorKit-ackorybalcxbfocbkqsfdzcfkgmn/SourcePackages/checkouts/swift-numerics/Sources/ComplexModule/Complex.swift
        /Users/rogerlin/Library/Developer/Xcode/DerivedData/FinancialCalculatorKit-ackorybalcxbfocbkqsfdzcfkgmn/SourcePackages/checkouts/swift-numerics/Sources/ComplexModule/Differentiable.swift
        /Users/rogerlin/Library/Developer/Xcode/DerivedData/FinancialCalculatorKit-ackorybalcxbfocbkqsfdzcfkgmn/SourcePackages/checkouts/swift-numerics/Sources/ComplexModule/ElementaryFunctions.swift
        /Users/rogerlin/Library/Developer/Xcode/DerivedData/FinancialCalculatorKit-ackorybalcxbfocbkqsfdzcfkgmn/Build/Intermediates.noindex/swift-numerics.build/Debug/ComplexModule.build/Objects-normal/arm64/Arithmetic.swiftconstvalues
        /Users/rogerlin/Library/Developer/Xcode/DerivedData/FinancialCalculatorKit-ackorybalcxbfocbkqsfdzcfkgmn/Build/Intermediates.noindex/swift-numerics.build/Debug/ComplexModule.build/Objects-normal/arm64/Complex.swiftconstvalues
        /Users/rogerlin/Library/Developer/Xcode/DerivedData/FinancialCalculatorKit-ackorybalcxbfocbkqsfdzcfkgmn/Build/Intermediates.noindex/swift-numerics.build/Debug/ComplexModule.build/Objects-normal/arm64/Differentiable.swiftconstvalues
        /Users/rogerlin/Library/Developer/Xcode/DerivedData/FinancialCalculatorKit-ackorybalcxbfocbkqsfdzcfkgmn/Build/Intermediates.noindex/swift-numerics.build/Debug/ComplexModule.build/Objects-normal/arm64/ElementaryFunctions.swiftconstvalues
        /Users/rogerlin/Library/Developer/Xcode/DerivedData/FinancialCalculatorKit-ackorybalcxbfocbkqsfdzcfkgmn/Build/Products/Debug/ComplexModule.o
        /Users/rogerlin/Library/Developer/Xcode/DerivedData/FinancialCalculatorKit-ackorybalcxbfocbkqsfdzcfkgmn/Build/Intermediates.noindex/swift-numerics.build/Debug/ComplexModule.build/ComplexModule.DependencyMetadataFileList
        /Users/rogerlin/Library/Developer/Xcode/DerivedData/FinancialCalculatorKit-ackorybalcxbfocbkqsfdzcfkgmn/Build/Intermediates.noindex/swift-numerics.build/Debug/ComplexModule.build/ComplexModule.DependencyStaticMetadataFileList
        /Users/rogerlin/Library/Developer/Xcode/DerivedData/FinancialCalculatorKit-ackorybalcxbfocbkqsfdzcfkgmn/Build/Intermediates.noindex/swift-numerics.build/Debug/ComplexModule.build/Objects-normal/arm64/ComplexModule_dependency_info.dat
        /Users/rogerlin/Library/Developer/Xcode/DerivedData/FinancialCalculatorKit-ackorybalcxbfocbkqsfdzcfkgmn/Build/Intermediates.noindex/swift-numerics.build/Debug/ComplexModule.build/Objects-normal/arm64/ComplexModule.SwiftFileList
        /Users/rogerlin/Library/Developer/Xcode/DerivedData/FinancialCalculatorKit-ackorybalcxbfocbkqsfdzcfkgmn/Build/Intermediates.noindex/swift-numerics.build/Debug/ComplexModule.build/Objects-normal/arm64/ComplexModule.SwiftConstValuesFileList

    Task output dependencies:
        /Users/rogerlin/Library/Developer/Xcode/DerivedData/FinancialCalculatorKit-ackorybalcxbfocbkqsfdzcfkgmn/Build/Intermediates.noindex/swift-numerics.build/Debug/ComplexModule.build/Objects-normal/arm64/ExtractedAppShortcutsMetadata.stringsdata
2025-11-05 20:45:55.828 appintentsmetadataprocessor[13911:496559] Starting appintentsmetadataprocessor export
2025-11-05 20:45:55.915 appintentsmetadataprocessor[13911:496559] Extracted no relevant App Intents symbols, skipping writing output

SwiftDriverJobDiscovery normal arm64 Compiling ToomCook.swift (in target 'BigInt' from project 'BigInt')

SwiftEmitModule normal arm64 Emitting\ module\ for\ BigDecimal (in target 'BigDecimal' from project 'BigDecimal')
/Applications/Xcode.app/Contents/Developer/Toolchains/XcodeDefault.xctoolchain/usr/bin/swift-frontend -frontend -emit-module -experimental-skip-non-inlinable-function-bodies-without-types /Users/rogerlin/Library/Developer/Xcode/DerivedData/FinancialCalculatorKit-ackorybalcxbfocbkqsfdzcfkgmn/SourcePackages/checkouts/BigDecimal/Sources/BigDecimal/BigDecimal.swift /Users/rogerlin/Library/Developer/Xcode/DerivedData/FinancialCalculatorKit-ackorybalcxbfocbkqsfdzcfkgmn/SourcePackages/checkouts/BigDecimal/Sources/BigDecimal/CBDecimal.swift /Users/rogerlin/Library/Developer/Xcode/DerivedData/FinancialCalculatorKit-ackorybalcxbfocbkqsfdzcfkgmn/SourcePackages/checkouts/BigDecimal/Sources/BigDecimal/Decimal.swift /Users/rogerlin/Library/Developer/Xcode/DerivedData/FinancialCalculatorKit-ackorybalcxbfocbkqsfdzcfkgmn/SourcePackages/checkouts/BigDecimal/Sources/BigDecimal/Decimal128.swift /Users/rogerlin/Library/Developer/Xcode/DerivedData/FinancialCalculatorKit-ackorybalcxbfocbkqsfdzcfkgmn/SourcePackages/checkouts/BigDecimal/Sources/BigDecimal/Decimal32.swift /Users/rogerlin/Library/Developer/Xcode/DerivedData/FinancialCalculatorKit-ackorybalcxbfocbkqsfdzcfkgmn/SourcePackages/checkouts/BigDecimal/Sources/BigDecimal/Decimal64.swift /Users/rogerlin/Library/Developer/Xcode/DerivedData/FinancialCalculatorKit-ackorybalcxbfocbkqsfdzcfkgmn/SourcePackages/checkouts/BigDecimal/Sources/BigDecimal/DecimalMath/AsinCalculator.swift /Users/rogerlin/Library/Developer/Xcode/DerivedData/FinancialCalculatorKit-ackorybalcxbfocbkqsfdzcfkgmn/SourcePackages/checkouts/BigDecimal/Sources/BigDecimal/DecimalMath/CosCalculator.swift /Users/rogerlin/Library/Developer/Xcode/DerivedData/FinancialCalculatorKit-ackorybalcxbfocbkqsfdzcfkgmn/SourcePackages/checkouts/BigDecimal/Sources/BigDecimal/DecimalMath/CoshCalculator.swift /Users/rogerlin/Library/Developer/Xcode/DerivedData/FinancialCalculatorKit-ackorybalcxbfocbkqsfdzcfkgmn/SourcePackages/checkouts/BigDecimal/Sources/BigDecimal/DecimalMath/DecimalMath-Simple.swift /Users/rogerlin/Library/Developer/Xcode/DerivedData/FinancialCalculatorKit-ackorybalcxbfocbkqsfdzcfkgmn/SourcePackages/checkouts/BigDecimal/Sources/BigDecimal/DecimalMath/DecimalMath.swift /Users/rogerlin/Library/Developer/Xcode/DerivedData/FinancialCalculatorKit-ackorybalcxbfocbkqsfdzcfkgmn/SourcePackages/checkouts/BigDecimal/Sources/BigDecimal/DecimalMath/ExponentCalculator.swift /Users/rogerlin/Library/Developer/Xcode/DerivedData/FinancialCalculatorKit-ackorybalcxbfocbkqsfdzcfkgmn/SourcePackages/checkouts/BigDecimal/Sources/BigDecimal/DecimalMath/SeriesCalculator.swift /Users/rogerlin/Library/Developer/Xcode/DerivedData/FinancialCalculatorKit-ackorybalcxbfocbkqsfdzcfkgmn/SourcePackages/checkouts/BigDecimal/Sources/BigDecimal/DecimalMath/SinCalculator.swift /Users/rogerlin/Library/Developer/Xcode/DerivedData/FinancialCalculatorKit-ackorybalcxbfocbkqsfdzcfkgmn/SourcePackages/checkouts/BigDecimal/Sources/BigDecimal/DecimalMath/SinhCalculator.swift /Users/rogerlin/Library/Developer/Xcode/DerivedData/FinancialCalculatorKit-ackorybalcxbfocbkqsfdzcfkgmn/SourcePackages/checkouts/BigDecimal/Sources/BigDecimal/Support/DecimalFloatingPoint.swift /Users/rogerlin/Library/Developer/Xcode/DerivedData/FinancialCalculatorKit-ackorybalcxbfocbkqsfdzcfkgmn/SourcePackages/checkouts/BigDecimal/Sources/BigDecimal/Support/DecimalLogic.swift /Users/rogerlin/Library/Developer/Xcode/DerivedData/FinancialCalculatorKit-ackorybalcxbfocbkqsfdzcfkgmn/SourcePackages/checkouts/BigDecimal/Sources/BigDecimal/Support/Extensions.swift /Users/rogerlin/Library/Developer/Xcode/DerivedData/FinancialCalculatorKit-ackorybalcxbfocbkqsfdzcfkgmn/SourcePackages/checkouts/BigDecimal/Sources/BigDecimal/Support/Rounding.swift -target arm64-apple-macos13.3 -load-resolved-plugin /Applications/Xcode.app/Contents/Developer/Platforms/MacOSX.platform/Developer/usr/lib/swift/host/plugins/libFoundationMacros.dylib\#/Applications/Xcode.app/Contents/Developer/Platforms/MacOSX.platform/Developer/usr/bin/swift-plugin-server\#FoundationMacros -load-resolved-plugin /Applications/Xcode.app/Contents/Developer/Platforms/MacOSX.platform/Developer/usr/lib/swift/host/plugins/libObservationMacros.dylib\#/Applications/Xcode.app/Contents/Developer/Platforms/MacOSX.platform/Developer/usr/bin/swift-plugin-server\#ObservationMacros -load-resolved-plugin /Applications/Xcode.app/Contents/Developer/Platforms/MacOSX.platform/Developer/usr/lib/swift/host/plugins/libSwiftMacros.dylib\#/Applications/Xcode.app/Contents/Developer/Platforms/MacOSX.platform/Developer/usr/bin/swift-plugin-server\#SwiftMacros -disable-implicit-swift-modules -Xcc -fno-implicit-modules -Xcc -fno-implicit-module-maps -explicit-swift-module-map-file /Users/rogerlin/Library/Developer/Xcode/DerivedData/FinancialCalculatorKit-ackorybalcxbfocbkqsfdzcfkgmn/Build/Intermediates.noindex/BigDecimal.build/Debug/BigDecimal.build/Objects-normal/arm64/BigDecimal-dependencies-1.json -Xllvm -aarch64-use-tbi -enable-objc-interop -stack-check -sdk /Applications/Xcode.app/Contents/Developer/Platforms/MacOSX.platform/Developer/SDKs/MacOSX26.1.sdk -I /Users/rogerlin/Library/Developer/Xcode/DerivedData/FinancialCalculatorKit-ackorybalcxbfocbkqsfdzcfkgmn/Build/Products/Debug -Isystem /Applications/Xcode.app/Contents/Developer/Platforms/MacOSX.platform/Developer/usr/lib -F /Users/rogerlin/Library/Developer/Xcode/DerivedData/FinancialCalculatorKit-ackorybalcxbfocbkqsfdzcfkgmn/Build/Products/Debug/PackageFrameworks -F /Users/rogerlin/Library/Developer/Xcode/DerivedData/FinancialCalculatorKit-ackorybalcxbfocbkqsfdzcfkgmn/Build/Products/Debug/PackageFrameworks -F /Users/rogerlin/Library/Developer/Xcode/DerivedData/FinancialCalculatorKit-ackorybalcxbfocbkqsfdzcfkgmn/Build/Products/Debug/PackageFrameworks -F /Users/rogerlin/Library/Developer/Xcode/DerivedData/FinancialCalculatorKit-ackorybalcxbfocbkqsfdzcfkgmn/Build/Products/Debug/PackageFrameworks -F /Users/rogerlin/Library/Developer/Xcode/DerivedData/FinancialCalculatorKit-ackorybalcxbfocbkqsfdzcfkgmn/Build/Products/Debug/PackageFrameworks -F /Users/rogerlin/Library/Developer/Xcode/DerivedData/FinancialCalculatorKit-ackorybalcxbfocbkqsfdzcfkgmn/Build/Products/Debug/PackageFrameworks -F /Users/rogerlin/Library/Developer/Xcode/DerivedData/FinancialCalculatorKit-ackorybalcxbfocbkqsfdzcfkgmn/Build/Products/Debug -F /Applications/Xcode.app/Contents/Developer/Platforms/MacOSX.platform/Developer/Library/Frameworks -no-color-diagnostics -Xcc -fno-color-diagnostics -enable-testing -g -debug-info-format\=dwarf -dwarf-version\=4 -module-cache-path /Users/rogerlin/Library/Developer/Xcode/DerivedData/FinancialCalculatorKit-ackorybalcxbfocbkqsfdzcfkgmn/Build/Intermediates.noindex/SwiftExplicitPrecompiledModules -suppress-warnings -profile-generate -profile-coverage-mapping -swift-version 5 -enforce-exclusivity\=checked -Onone -D SWIFT_PACKAGE -D DEBUG -D SWIFT_MODULE_RESOURCE_BUNDLE_UNAVAILABLE -D Xcode -serialize-debugging-options -const-gather-protocols-file /Users/rogerlin/Library/Developer/Xcode/DerivedData/FinancialCalculatorKit-ackorybalcxbfocbkqsfdzcfkgmn/Build/Intermediates.noindex/BigDecimal.build/Debug/BigDecimal.build/Objects-normal/arm64/BigDecimal_const_extract_protocols.json -enable-experimental-feature DebugDescriptionMacro -empty-abi-descriptor -validate-clang-modules-once -clang-build-session-file /Users/rogerlin/Library/Developer/Xcode/DerivedData/ModuleCache.noindex/Session.modulevalidation -Xcc -working-directory -Xcc /Users/rogerlin/XCode-Projects/FinancialCalculatorKit-5.0-updated-accent-colors/FinancialCalculatorKit.xcodeproj -enable-anonymous-context-mangled-names -file-compilation-dir /Users/rogerlin/XCode-Projects/FinancialCalculatorKit-5.0-updated-accent-colors/FinancialCalculatorKit.xcodeproj -Xcc -D_LIBCPP_HARDENING_MODE\=_LIBCPP_HARDENING_MODE_DEBUG -Xcc -ivfsstatcache -Xcc /Users/rogerlin/Library/Developer/Xcode/DerivedData/SDKStatCaches.noindex/macosx26.1-25B74-3ae1261907bdadc328169391a47051a6.sdkstatcache -Xcc -I/Users/rogerlin/Library/Developer/Xcode/DerivedData/FinancialCalculatorKit-ackorybalcxbfocbkqsfdzcfkgmn/Build/Intermediates.noindex/BigDecimal.build/Debug/BigDecimal.build/swift-overrides.hmap -Xcc -I/Users/rogerlin/Library/Developer/Xcode/DerivedData/FinancialCalculatorKit-ackorybalcxbfocbkqsfdzcfkgmn/SourcePackages/checkouts/swift-numerics/Sources/_NumericsShims/include -Xcc -I/Users/rogerlin/Library/Developer/Xcode/DerivedData/FinancialCalculatorKit-ackorybalcxbfocbkqsfdzcfkgmn/Build/Products/Debug/include -Xcc -I/Users/rogerlin/Library/Developer/Xcode/DerivedData/FinancialCalculatorKit-ackorybalcxbfocbkqsfdzcfkgmn/Build/Intermediates.noindex/BigDecimal.build/Debug/BigDecimal.build/DerivedSources-normal/arm64 -Xcc -I/Users/rogerlin/Library/Developer/Xcode/DerivedData/FinancialCalculatorKit-ackorybalcxbfocbkqsfdzcfkgmn/Build/Intermediates.noindex/BigDecimal.build/Debug/BigDecimal.build/DerivedSources/arm64 -Xcc -I/Users/rogerlin/Library/Developer/Xcode/DerivedData/FinancialCalculatorKit-ackorybalcxbfocbkqsfdzcfkgmn/Build/Intermediates.noindex/BigDecimal.build/Debug/BigDecimal.build/DerivedSources -Xcc -DSWIFT_PACKAGE -Xcc -DDEBUG\=1 -no-auto-bridging-header-chaining -module-name BigDecimal -package-name bigdecimal -frontend-parseable-output -disable-clang-spi -target-sdk-version 26.1 -target-sdk-name macosx26.1 -clang-target arm64-apple-macos26.1 -in-process-plugin-server-path /Applications/Xcode.app/Contents/Developer/Toolchains/XcodeDefault.xctoolchain/usr/lib/swift/host/libSwiftInProcPluginServer.dylib -emit-module-doc-path /Users/rogerlin/Library/Developer/Xcode/DerivedData/FinancialCalculatorKit-ackorybalcxbfocbkqsfdzcfkgmn/Build/Intermediates.noindex/BigDecimal.build/Debug/BigDecimal.build/Objects-normal/arm64/BigDecimal.swiftdoc -emit-module-source-info-path /Users/rogerlin/Library/Developer/Xcode/DerivedData/FinancialCalculatorKit-ackorybalcxbfocbkqsfdzcfkgmn/Build/Intermediates.noindex/BigDecimal.build/Debug/BigDecimal.build/Objects-normal/arm64/BigDecimal.swiftsourceinfo -emit-objc-header-path /Users/rogerlin/Library/Developer/Xcode/DerivedData/FinancialCalculatorKit-ackorybalcxbfocbkqsfdzcfkgmn/Build/Intermediates.noindex/BigDecimal.build/Debug/BigDecimal.build/Objects-normal/arm64/BigDecimal-Swift.h -serialize-diagnostics-path /Users/rogerlin/Library/Developer/Xcode/DerivedData/FinancialCalculatorKit-ackorybalcxbfocbkqsfdzcfkgmn/Build/Intermediates.noindex/BigDecimal.build/Debug/BigDecimal.build/Objects-normal/arm64/BigDecimal-primary-emit-module.dia -emit-dependencies-path /Users/rogerlin/Library/Developer/Xcode/DerivedData/FinancialCalculatorKit-ackorybalcxbfocbkqsfdzcfkgmn/Build/Intermediates.noindex/BigDecimal.build/Debug/BigDecimal.build/Objects-normal/arm64/BigDecimal-primary-emit-module.d -o /Users/rogerlin/Library/Developer/Xcode/DerivedData/FinancialCalculatorKit-ackorybalcxbfocbkqsfdzcfkgmn/Build/Intermediates.noindex/BigDecimal.build/Debug/BigDecimal.build/Objects-normal/arm64/BigDecimal.swiftmodule -emit-abi-descriptor-path /Users/rogerlin/Library/Developer/Xcode/DerivedData/FinancialCalculatorKit-ackorybalcxbfocbkqsfdzcfkgmn/Build/Intermediates.noindex/BigDecimal.build/Debug/BigDecimal.build/Objects-normal/arm64/BigDecimal.abi.json

EmitSwiftModule normal arm64 (in target 'BigDecimal' from project 'BigDecimal')
    cd /Users/rogerlin/XCode-Projects/FinancialCalculatorKit-5.0-updated-accent-colors/FinancialCalculatorKit.xcodeproj
    

SwiftCompile normal arm64 Compiling\ BigDecimal.swift,\ CBDecimal.swift /Users/rogerlin/Library/Developer/Xcode/DerivedData/FinancialCalculatorKit-ackorybalcxbfocbkqsfdzcfkgmn/SourcePackages/checkouts/BigDecimal/Sources/BigDecimal/BigDecimal.swift /Users/rogerlin/Library/Developer/Xcode/DerivedData/FinancialCalculatorKit-ackorybalcxbfocbkqsfdzcfkgmn/SourcePackages/checkouts/BigDecimal/Sources/BigDecimal/CBDecimal.swift (in target 'BigDecimal' from project 'BigDecimal')
/Applications/Xcode.app/Contents/Developer/Toolchains/XcodeDefault.xctoolchain/usr/bin/swift-frontend -frontend -c -primary-file /Users/rogerlin/Library/Developer/Xcode/DerivedData/FinancialCalculatorKit-ackorybalcxbfocbkqsfdzcfkgmn/SourcePackages/checkouts/BigDecimal/Sources/BigDecimal/BigDecimal.swift -primary-file /Users/rogerlin/Library/Developer/Xcode/DerivedData/FinancialCalculatorKit-ackorybalcxbfocbkqsfdzcfkgmn/SourcePackages/checkouts/BigDecimal/Sources/BigDecimal/CBDecimal.swift /Users/rogerlin/Library/Developer/Xcode/DerivedData/FinancialCalculatorKit-ackorybalcxbfocbkqsfdzcfkgmn/SourcePackages/checkouts/BigDecimal/Sources/BigDecimal/Decimal.swift /Users/rogerlin/Library/Developer/Xcode/DerivedData/FinancialCalculatorKit-ackorybalcxbfocbkqsfdzcfkgmn/SourcePackages/checkouts/BigDecimal/Sources/BigDecimal/Decimal128.swift /Users/rogerlin/Library/Developer/Xcode/DerivedData/FinancialCalculatorKit-ackorybalcxbfocbkqsfdzcfkgmn/SourcePackages/checkouts/BigDecimal/Sources/BigDecimal/Decimal32.swift /Users/rogerlin/Library/Developer/Xcode/DerivedData/FinancialCalculatorKit-ackorybalcxbfocbkqsfdzcfkgmn/SourcePackages/checkouts/BigDecimal/Sources/BigDecimal/Decimal64.swift /Users/rogerlin/Library/Developer/Xcode/DerivedData/FinancialCalculatorKit-ackorybalcxbfocbkqsfdzcfkgmn/SourcePackages/checkouts/BigDecimal/Sources/BigDecimal/DecimalMath/AsinCalculator.swift /Users/rogerlin/Library/Developer/Xcode/DerivedData/FinancialCalculatorKit-ackorybalcxbfocbkqsfdzcfkgmn/SourcePackages/checkouts/BigDecimal/Sources/BigDecimal/DecimalMath/CosCalculator.swift /Users/rogerlin/Library/Developer/Xcode/DerivedData/FinancialCalculatorKit-ackorybalcxbfocbkqsfdzcfkgmn/SourcePackages/checkouts/BigDecimal/Sources/BigDecimal/DecimalMath/CoshCalculator.swift /Users/rogerlin/Library/Developer/Xcode/DerivedData/FinancialCalculatorKit-ackorybalcxbfocbkqsfdzcfkgmn/SourcePackages/checkouts/BigDecimal/Sources/BigDecimal/DecimalMath/DecimalMath-Simple.swift /Users/rogerlin/Library/Developer/Xcode/DerivedData/FinancialCalculatorKit-ackorybalcxbfocbkqsfdzcfkgmn/SourcePackages/checkouts/BigDecimal/Sources/BigDecimal/DecimalMath/DecimalMath.swift /Users/rogerlin/Library/Developer/Xcode/DerivedData/FinancialCalculatorKit-ackorybalcxbfocbkqsfdzcfkgmn/SourcePackages/checkouts/BigDecimal/Sources/BigDecimal/DecimalMath/ExponentCalculator.swift /Users/rogerlin/Library/Developer/Xcode/DerivedData/FinancialCalculatorKit-ackorybalcxbfocbkqsfdzcfkgmn/SourcePackages/checkouts/BigDecimal/Sources/BigDecimal/DecimalMath/SeriesCalculator.swift /Users/rogerlin/Library/Developer/Xcode/DerivedData/FinancialCalculatorKit-ackorybalcxbfocbkqsfdzcfkgmn/SourcePackages/checkouts/BigDecimal/Sources/BigDecimal/DecimalMath/SinCalculator.swift /Users/rogerlin/Library/Developer/Xcode/DerivedData/FinancialCalculatorKit-ackorybalcxbfocbkqsfdzcfkgmn/SourcePackages/checkouts/BigDecimal/Sources/BigDecimal/DecimalMath/SinhCalculator.swift /Users/rogerlin/Library/Developer/Xcode/DerivedData/FinancialCalculatorKit-ackorybalcxbfocbkqsfdzcfkgmn/SourcePackages/checkouts/BigDecimal/Sources/BigDecimal/Support/DecimalFloatingPoint.swift /Users/rogerlin/Library/Developer/Xcode/DerivedData/FinancialCalculatorKit-ackorybalcxbfocbkqsfdzcfkgmn/SourcePackages/checkouts/BigDecimal/Sources/BigDecimal/Support/DecimalLogic.swift /Users/rogerlin/Library/Developer/Xcode/DerivedData/FinancialCalculatorKit-ackorybalcxbfocbkqsfdzcfkgmn/SourcePackages/checkouts/BigDecimal/Sources/BigDecimal/Support/Extensions.swift /Users/rogerlin/Library/Developer/Xcode/DerivedData/FinancialCalculatorKit-ackorybalcxbfocbkqsfdzcfkgmn/SourcePackages/checkouts/BigDecimal/Sources/BigDecimal/Support/Rounding.swift -emit-dependencies-path /Users/rogerlin/Library/Developer/Xcode/DerivedData/FinancialCalculatorKit-ackorybalcxbfocbkqsfdzcfkgmn/Build/Intermediates.noindex/BigDecimal.build/Debug/BigDecimal.build/Objects-normal/arm64/BigDecimal-e1a089ac5ea41b6909b7e4c93a151285.d -emit-const-values-path /Users/rogerlin/Library/Developer/Xcode/DerivedData/FinancialCalculatorKit-ackorybalcxbfocbkqsfdzcfkgmn/Build/Intermediates.noindex/BigDecimal.build/Debug/BigDecimal.build/Objects-normal/arm64/BigDecimal-e1a089ac5ea41b6909b7e4c93a151285.swiftconstvalues -emit-reference-dependencies-path /Users/rogerlin/Library/Developer/Xcode/DerivedData/FinancialCalculatorKit-ackorybalcxbfocbkqsfdzcfkgmn/Build/Intermediates.noindex/BigDecimal.build/Debug/BigDecimal.build/Objects-normal/arm64/BigDecimal-e1a089ac5ea41b6909b7e4c93a151285.swiftdeps -serialize-diagnostics-path /Users/rogerlin/Library/Developer/Xcode/DerivedData/FinancialCalculatorKit-ackorybalcxbfocbkqsfdzcfkgmn/Build/Intermediates.noindex/BigDecimal.build/Debug/BigDecimal.build/Objects-normal/arm64/BigDecimal-e1a089ac5ea41b6909b7e4c93a151285.dia -emit-dependencies-path /Users/rogerlin/Library/Developer/Xcode/DerivedData/FinancialCalculatorKit-ackorybalcxbfocbkqsfdzcfkgmn/Build/Intermediates.noindex/BigDecimal.build/Debug/BigDecimal.build/Objects-normal/arm64/CBDecimal.d -emit-const-values-path /Users/rogerlin/Library/Developer/Xcode/DerivedData/FinancialCalculatorKit-ackorybalcxbfocbkqsfdzcfkgmn/Build/Intermediates.noindex/BigDecimal.build/Debug/BigDecimal.build/Objects-normal/arm64/CBDecimal.swiftconstvalues -emit-reference-dependencies-path /Users/rogerlin/Library/Developer/Xcode/DerivedData/FinancialCalculatorKit-ackorybalcxbfocbkqsfdzcfkgmn/Build/Intermediates.noindex/BigDecimal.build/Debug/BigDecimal.build/Objects-normal/arm64/CBDecimal.swiftdeps -serialize-diagnostics-path /Users/rogerlin/Library/Developer/Xcode/DerivedData/FinancialCalculatorKit-ackorybalcxbfocbkqsfdzcfkgmn/Build/Intermediates.noindex/BigDecimal.build/Debug/BigDecimal.build/Objects-normal/arm64/CBDecimal.dia -target arm64-apple-macos13.3 -load-resolved-plugin /Applications/Xcode.app/Contents/Developer/Platforms/MacOSX.platform/Developer/usr/lib/swift/host/plugins/libFoundationMacros.dylib\#/Applications/Xcode.app/Contents/Developer/Platforms/MacOSX.platform/Developer/usr/bin/swift-plugin-server\#FoundationMacros -load-resolved-plugin /Applications/Xcode.app/Contents/Developer/Platforms/MacOSX.platform/Developer/usr/lib/swift/host/plugins/libObservationMacros.dylib\#/Applications/Xcode.app/Contents/Developer/Platforms/MacOSX.platform/Developer/usr/bin/swift-plugin-server\#ObservationMacros -load-resolved-plugin /Applications/Xcode.app/Contents/Developer/Platforms/MacOSX.platform/Developer/usr/lib/swift/host/plugins/libSwiftMacros.dylib\#/Applications/Xcode.app/Contents/Developer/Platforms/MacOSX.platform/Developer/usr/bin/swift-plugin-server\#SwiftMacros -disable-implicit-swift-modules -Xcc -fno-implicit-modules -Xcc -fno-implicit-module-maps -explicit-swift-module-map-file /Users/rogerlin/Library/Developer/Xcode/DerivedData/FinancialCalculatorKit-ackorybalcxbfocbkqsfdzcfkgmn/Build/Intermediates.noindex/BigDecimal.build/Debug/BigDecimal.build/Objects-normal/arm64/BigDecimal-dependencies-1.json -Xllvm -aarch64-use-tbi -enable-objc-interop -stack-check -sdk /Applications/Xcode.app/Contents/Developer/Platforms/MacOSX.platform/Developer/SDKs/MacOSX26.1.sdk -I /Users/rogerlin/Library/Developer/Xcode/DerivedData/FinancialCalculatorKit-ackorybalcxbfocbkqsfdzcfkgmn/Build/Products/Debug -Isystem /Applications/Xcode.app/Contents/Developer/Platforms/MacOSX.platform/Developer/usr/lib -F /Users/rogerlin/Library/Developer/Xcode/DerivedData/FinancialCalculatorKit-ackorybalcxbfocbkqsfdzcfkgmn/Build/Products/Debug/PackageFrameworks -F /Users/rogerlin/Library/Developer/Xcode/DerivedData/FinancialCalculatorKit-ackorybalcxbfocbkqsfdzcfkgmn/Build/Products/Debug/PackageFrameworks -F /Users/rogerlin/Library/Developer/Xcode/DerivedData/FinancialCalculatorKit-ackorybalcxbfocbkqsfdzcfkgmn/Build/Products/Debug/PackageFrameworks -F /Users/rogerlin/Library/Developer/Xcode/DerivedData/FinancialCalculatorKit-ackorybalcxbfocbkqsfdzcfkgmn/Build/Products/Debug/PackageFrameworks -F /Users/rogerlin/Library/Developer/Xcode/DerivedData/FinancialCalculatorKit-ackorybalcxbfocbkqsfdzcfkgmn/Build/Products/Debug/PackageFrameworks -F /Users/rogerlin/Library/Developer/Xcode/DerivedData/FinancialCalculatorKit-ackorybalcxbfocbkqsfdzcfkgmn/Build/Products/Debug/PackageFrameworks -F /Users/rogerlin/Library/Developer/Xcode/DerivedData/FinancialCalculatorKit-ackorybalcxbfocbkqsfdzcfkgmn/Build/Products/Debug -F /Applications/Xcode.app/Contents/Developer/Platforms/MacOSX.platform/Developer/Library/Frameworks -no-color-diagnostics -Xcc -fno-color-diagnostics -enable-testing -g -debug-info-format\=dwarf -dwarf-version\=4 -module-cache-path /Users/rogerlin/Library/Developer/Xcode/DerivedData/FinancialCalculatorKit-ackorybalcxbfocbkqsfdzcfkgmn/Build/Intermediates.noindex/SwiftExplicitPrecompiledModules -suppress-warnings -profile-generate -profile-coverage-mapping -swift-version 5 -enforce-exclusivity\=checked -Onone -D SWIFT_PACKAGE -D DEBUG -D SWIFT_MODULE_RESOURCE_BUNDLE_UNAVAILABLE -D Xcode -serialize-debugging-options -const-gather-protocols-file /Users/rogerlin/Library/Developer/Xcode/DerivedData/FinancialCalculatorKit-ackorybalcxbfocbkqsfdzcfkgmn/Build/Intermediates.noindex/BigDecimal.build/Debug/BigDecimal.build/Objects-normal/arm64/BigDecimal_const_extract_protocols.json -enable-experimental-feature DebugDescriptionMacro -empty-abi-descriptor -validate-clang-modules-once -clang-build-session-file /Users/rogerlin/Library/Developer/Xcode/DerivedData/ModuleCache.noindex/Session.modulevalidation -Xcc -working-directory -Xcc /Users/rogerlin/XCode-Projects/FinancialCalculatorKit-5.0-updated-accent-colors/FinancialCalculatorKit.xcodeproj -enable-anonymous-context-mangled-names -file-compilation-dir /Users/rogerlin/XCode-Projects/FinancialCalculatorKit-5.0-updated-accent-colors/FinancialCalculatorKit.xcodeproj -Xcc -D_LIBCPP_HARDENING_MODE\=_LIBCPP_HARDENING_MODE_DEBUG -Xcc -ivfsstatcache -Xcc /Users/rogerlin/Library/Developer/Xcode/DerivedData/SDKStatCaches.noindex/macosx26.1-25B74-3ae1261907bdadc328169391a47051a6.sdkstatcache -Xcc -I/Users/rogerlin/Library/Developer/Xcode/DerivedData/FinancialCalculatorKit-ackorybalcxbfocbkqsfdzcfkgmn/Build/Intermediates.noindex/BigDecimal.build/Debug/BigDecimal.build/swift-overrides.hmap -Xcc -I/Users/rogerlin/Library/Developer/Xcode/DerivedData/FinancialCalculatorKit-ackorybalcxbfocbkqsfdzcfkgmn/SourcePackages/checkouts/swift-numerics/Sources/_NumericsShims/include -Xcc -I/Users/rogerlin/Library/Developer/Xcode/DerivedData/FinancialCalculatorKit-ackorybalcxbfocbkqsfdzcfkgmn/Build/Products/Debug/include -Xcc -I/Users/rogerlin/Library/Developer/Xcode/DerivedData/FinancialCalculatorKit-ackorybalcxbfocbkqsfdzcfkgmn/Build/Intermediates.noindex/BigDecimal.build/Debug/BigDecimal.build/DerivedSources-normal/arm64 -Xcc -I/Users/rogerlin/Library/Developer/Xcode/DerivedData/FinancialCalculatorKit-ackorybalcxbfocbkqsfdzcfkgmn/Build/Intermediates.noindex/BigDecimal.build/Debug/BigDecimal.build/DerivedSources/arm64 -Xcc -I/Users/rogerlin/Library/Developer/Xcode/DerivedData/FinancialCalculatorKit-ackorybalcxbfocbkqsfdzcfkgmn/Build/Intermediates.noindex/BigDecimal.build/Debug/BigDecimal.build/DerivedSources -Xcc -DSWIFT_PACKAGE -Xcc -DDEBUG\=1 -no-auto-bridging-header-chaining -module-name BigDecimal -package-name bigdecimal -frontend-parseable-output -disable-clang-spi -target-sdk-version 26.1 -target-sdk-name macosx26.1 -clang-target arm64-apple-macos26.1 -in-process-plugin-server-path /Applications/Xcode.app/Contents/Developer/Toolchains/XcodeDefault.xctoolchain/usr/lib/swift/host/libSwiftInProcPluginServer.dylib -o /Users/rogerlin/Library/Developer/Xcode/DerivedData/FinancialCalculatorKit-ackorybalcxbfocbkqsfdzcfkgmn/Build/Intermediates.noindex/BigDecimal.build/Debug/BigDecimal.build/Objects-normal/arm64/BigDecimal-e1a089ac5ea41b6909b7e4c93a151285.o -o /Users/rogerlin/Library/Developer/Xcode/DerivedData/FinancialCalculatorKit-ackorybalcxbfocbkqsfdzcfkgmn/Build/Intermediates.noindex/BigDecimal.build/Debug/BigDecimal.build/Objects-normal/arm64/CBDecimal.o -index-unit-output-path /BigDecimal.build/Debug/BigDecimal.build/Objects-normal/arm64/BigDecimal-e1a089ac5ea41b6909b7e4c93a151285.o -index-unit-output-path /BigDecimal.build/Debug/BigDecimal.build/Objects-normal/arm64/CBDecimal.o -index-store-path /Users/rogerlin/Library/Developer/Xcode/DerivedData/FinancialCalculatorKit-ackorybalcxbfocbkqsfdzcfkgmn/Index.noindex/DataStore -index-system-modules

SwiftCompile normal arm64 /Users/rogerlin/Library/Developer/Xcode/DerivedData/FinancialCalculatorKit-ackorybalcxbfocbkqsfdzcfkgmn/SourcePackages/checkouts/BigDecimal/Sources/BigDecimal/BigDecimal.swift (in target 'BigDecimal' from project 'BigDecimal')
    cd /Users/rogerlin/XCode-Projects/FinancialCalculatorKit-5.0-updated-accent-colors/FinancialCalculatorKit.xcodeproj
    

SwiftCompile normal arm64 /Users/rogerlin/Library/Developer/Xcode/DerivedData/FinancialCalculatorKit-ackorybalcxbfocbkqsfdzcfkgmn/SourcePackages/checkouts/BigDecimal/Sources/BigDecimal/CBDecimal.swift (in target 'BigDecimal' from project 'BigDecimal')
    cd /Users/rogerlin/XCode-Projects/FinancialCalculatorKit-5.0-updated-accent-colors/FinancialCalculatorKit.xcodeproj
    

SwiftCompile normal arm64 Compiling\ DecimalFloatingPoint.swift /Users/rogerlin/Library/Developer/Xcode/DerivedData/FinancialCalculatorKit-ackorybalcxbfocbkqsfdzcfkgmn/SourcePackages/checkouts/BigDecimal/Sources/BigDecimal/Support/DecimalFloatingPoint.swift (in target 'BigDecimal' from project 'BigDecimal')
/Applications/Xcode.app/Contents/Developer/Toolchains/XcodeDefault.xctoolchain/usr/bin/swift-frontend -frontend -c /Users/rogerlin/Library/Developer/Xcode/DerivedData/FinancialCalculatorKit-ackorybalcxbfocbkqsfdzcfkgmn/SourcePackages/checkouts/BigDecimal/Sources/BigDecimal/BigDecimal.swift /Users/rogerlin/Library/Developer/Xcode/DerivedData/FinancialCalculatorKit-ackorybalcxbfocbkqsfdzcfkgmn/SourcePackages/checkouts/BigDecimal/Sources/BigDecimal/CBDecimal.swift /Users/rogerlin/Library/Developer/Xcode/DerivedData/FinancialCalculatorKit-ackorybalcxbfocbkqsfdzcfkgmn/SourcePackages/checkouts/BigDecimal/Sources/BigDecimal/Decimal.swift /Users/rogerlin/Library/Developer/Xcode/DerivedData/FinancialCalculatorKit-ackorybalcxbfocbkqsfdzcfkgmn/SourcePackages/checkouts/BigDecimal/Sources/BigDecimal/Decimal128.swift /Users/rogerlin/Library/Developer/Xcode/DerivedData/FinancialCalculatorKit-ackorybalcxbfocbkqsfdzcfkgmn/SourcePackages/checkouts/BigDecimal/Sources/BigDecimal/Decimal32.swift /Users/rogerlin/Library/Developer/Xcode/DerivedData/FinancialCalculatorKit-ackorybalcxbfocbkqsfdzcfkgmn/SourcePackages/checkouts/BigDecimal/Sources/BigDecimal/Decimal64.swift /Users/rogerlin/Library/Developer/Xcode/DerivedData/FinancialCalculatorKit-ackorybalcxbfocbkqsfdzcfkgmn/SourcePackages/checkouts/BigDecimal/Sources/BigDecimal/DecimalMath/AsinCalculator.swift /Users/rogerlin/Library/Developer/Xcode/DerivedData/FinancialCalculatorKit-ackorybalcxbfocbkqsfdzcfkgmn/SourcePackages/checkouts/BigDecimal/Sources/BigDecimal/DecimalMath/CosCalculator.swift /Users/rogerlin/Library/Developer/Xcode/DerivedData/FinancialCalculatorKit-ackorybalcxbfocbkqsfdzcfkgmn/SourcePackages/checkouts/BigDecimal/Sources/BigDecimal/DecimalMath/CoshCalculator.swift /Users/rogerlin/Library/Developer/Xcode/DerivedData/FinancialCalculatorKit-ackorybalcxbfocbkqsfdzcfkgmn/SourcePackages/checkouts/BigDecimal/Sources/BigDecimal/DecimalMath/DecimalMath-Simple.swift /Users/rogerlin/Library/Developer/Xcode/DerivedData/FinancialCalculatorKit-ackorybalcxbfocbkqsfdzcfkgmn/SourcePackages/checkouts/BigDecimal/Sources/BigDecimal/DecimalMath/DecimalMath.swift /Users/rogerlin/Library/Developer/Xcode/DerivedData/FinancialCalculatorKit-ackorybalcxbfocbkqsfdzcfkgmn/SourcePackages/checkouts/BigDecimal/Sources/BigDecimal/DecimalMath/ExponentCalculator.swift /Users/rogerlin/Library/Developer/Xcode/DerivedData/FinancialCalculatorKit-ackorybalcxbfocbkqsfdzcfkgmn/SourcePackages/checkouts/BigDecimal/Sources/BigDecimal/DecimalMath/SeriesCalculator.swift /Users/rogerlin/Library/Developer/Xcode/DerivedData/FinancialCalculatorKit-ackorybalcxbfocbkqsfdzcfkgmn/SourcePackages/checkouts/BigDecimal/Sources/BigDecimal/DecimalMath/SinCalculator.swift /Users/rogerlin/Library/Developer/Xcode/DerivedData/FinancialCalculatorKit-ackorybalcxbfocbkqsfdzcfkgmn/SourcePackages/checkouts/BigDecimal/Sources/BigDecimal/DecimalMath/SinhCalculator.swift -primary-file /Users/rogerlin/Library/Developer/Xcode/DerivedData/FinancialCalculatorKit-ackorybalcxbfocbkqsfdzcfkgmn/SourcePackages/checkouts/BigDecimal/Sources/BigDecimal/Support/DecimalFloatingPoint.swift /Users/rogerlin/Library/Developer/Xcode/DerivedData/FinancialCalculatorKit-ackorybalcxbfocbkqsfdzcfkgmn/SourcePackages/checkouts/BigDecimal/Sources/BigDecimal/Support/DecimalLogic.swift /Users/rogerlin/Library/Developer/Xcode/DerivedData/FinancialCalculatorKit-ackorybalcxbfocbkqsfdzcfkgmn/SourcePackages/checkouts/BigDecimal/Sources/BigDecimal/Support/Extensions.swift /Users/rogerlin/Library/Developer/Xcode/DerivedData/FinancialCalculatorKit-ackorybalcxbfocbkqsfdzcfkgmn/SourcePackages/checkouts/BigDecimal/Sources/BigDecimal/Support/Rounding.swift -emit-dependencies-path /Users/rogerlin/Library/Developer/Xcode/DerivedData/FinancialCalculatorKit-ackorybalcxbfocbkqsfdzcfkgmn/Build/Intermediates.noindex/BigDecimal.build/Debug/BigDecimal.build/Objects-normal/arm64/DecimalFloatingPoint.d -emit-const-values-path /Users/rogerlin/Library/Developer/Xcode/DerivedData/FinancialCalculatorKit-ackorybalcxbfocbkqsfdzcfkgmn/Build/Intermediates.noindex/BigDecimal.build/Debug/BigDecimal.build/Objects-normal/arm64/DecimalFloatingPoint.swiftconstvalues -emit-reference-dependencies-path /Users/rogerlin/Library/Developer/Xcode/DerivedData/FinancialCalculatorKit-ackorybalcxbfocbkqsfdzcfkgmn/Build/Intermediates.noindex/BigDecimal.build/Debug/BigDecimal.build/Objects-normal/arm64/DecimalFloatingPoint.swiftdeps -serialize-diagnostics-path /Users/rogerlin/Library/Developer/Xcode/DerivedData/FinancialCalculatorKit-ackorybalcxbfocbkqsfdzcfkgmn/Build/Intermediates.noindex/BigDecimal.build/Debug/BigDecimal.build/Objects-normal/arm64/DecimalFloatingPoint.dia -target arm64-apple-macos13.3 -load-resolved-plugin /Applications/Xcode.app/Contents/Developer/Platforms/MacOSX.platform/Developer/usr/lib/swift/host/plugins/libFoundationMacros.dylib\#/Applications/Xcode.app/Contents/Developer/Platforms/MacOSX.platform/Developer/usr/bin/swift-plugin-server\#FoundationMacros -load-resolved-plugin /Applications/Xcode.app/Contents/Developer/Platforms/MacOSX.platform/Developer/usr/lib/swift/host/plugins/libObservationMacros.dylib\#/Applications/Xcode.app/Contents/Developer/Platforms/MacOSX.platform/Developer/usr/bin/swift-plugin-server\#ObservationMacros -load-resolved-plugin /Applications/Xcode.app/Contents/Developer/Platforms/MacOSX.platform/Developer/usr/lib/swift/host/plugins/libSwiftMacros.dylib\#/Applications/Xcode.app/Contents/Developer/Platforms/MacOSX.platform/Developer/usr/bin/swift-plugin-server\#SwiftMacros -disable-implicit-swift-modules -Xcc -fno-implicit-modules -Xcc -fno-implicit-module-maps -explicit-swift-module-map-file /Users/rogerlin/Library/Developer/Xcode/DerivedData/FinancialCalculatorKit-ackorybalcxbfocbkqsfdzcfkgmn/Build/Intermediates.noindex/BigDecimal.build/Debug/BigDecimal.build/Objects-normal/arm64/BigDecimal-dependencies-1.json -Xllvm -aarch64-use-tbi -enable-objc-interop -stack-check -sdk /Applications/Xcode.app/Contents/Developer/Platforms/MacOSX.platform/Developer/SDKs/MacOSX26.1.sdk -I /Users/rogerlin/Library/Developer/Xcode/DerivedData/FinancialCalculatorKit-ackorybalcxbfocbkqsfdzcfkgmn/Build/Products/Debug -Isystem /Applications/Xcode.app/Contents/Developer/Platforms/MacOSX.platform/Developer/usr/lib -F /Users/rogerlin/Library/Developer/Xcode/DerivedData/FinancialCalculatorKit-ackorybalcxbfocbkqsfdzcfkgmn/Build/Products/Debug/PackageFrameworks -F /Users/rogerlin/Library/Developer/Xcode/DerivedData/FinancialCalculatorKit-ackorybalcxbfocbkqsfdzcfkgmn/Build/Products/Debug/PackageFrameworks -F /Users/rogerlin/Library/Developer/Xcode/DerivedData/FinancialCalculatorKit-ackorybalcxbfocbkqsfdzcfkgmn/Build/Products/Debug/PackageFrameworks -F /Users/rogerlin/Library/Developer/Xcode/DerivedData/FinancialCalculatorKit-ackorybalcxbfocbkqsfdzcfkgmn/Build/Products/Debug/PackageFrameworks -F /Users/rogerlin/Library/Developer/Xcode/DerivedData/FinancialCalculatorKit-ackorybalcxbfocbkqsfdzcfkgmn/Build/Products/Debug/PackageFrameworks -F /Users/rogerlin/Library/Developer/Xcode/DerivedData/FinancialCalculatorKit-ackorybalcxbfocbkqsfdzcfkgmn/Build/Products/Debug/PackageFrameworks -F /Users/rogerlin/Library/Developer/Xcode/DerivedData/FinancialCalculatorKit-ackorybalcxbfocbkqsfdzcfkgmn/Build/Products/Debug -F /Applications/Xcode.app/Contents/Developer/Platforms/MacOSX.platform/Developer/Library/Frameworks -no-color-diagnostics -Xcc -fno-color-diagnostics -enable-testing -g -debug-info-format\=dwarf -dwarf-version\=4 -module-cache-path /Users/rogerlin/Library/Developer/Xcode/DerivedData/FinancialCalculatorKit-ackorybalcxbfocbkqsfdzcfkgmn/Build/Intermediates.noindex/SwiftExplicitPrecompiledModules -suppress-warnings -profile-generate -profile-coverage-mapping -swift-version 5 -enforce-exclusivity\=checked -Onone -D SWIFT_PACKAGE -D DEBUG -D SWIFT_MODULE_RESOURCE_BUNDLE_UNAVAILABLE -D Xcode -serialize-debugging-options -const-gather-protocols-file /Users/rogerlin/Library/Developer/Xcode/DerivedData/FinancialCalculatorKit-ackorybalcxbfocbkqsfdzcfkgmn/Build/Intermediates.noindex/BigDecimal.build/Debug/BigDecimal.build/Objects-normal/arm64/BigDecimal_const_extract_protocols.json -enable-experimental-feature DebugDescriptionMacro -empty-abi-descriptor -validate-clang-modules-once -clang-build-session-file /Users/rogerlin/Library/Developer/Xcode/DerivedData/ModuleCache.noindex/Session.modulevalidation -Xcc -working-directory -Xcc /Users/rogerlin/XCode-Projects/FinancialCalculatorKit-5.0-updated-accent-colors/FinancialCalculatorKit.xcodeproj -enable-anonymous-context-mangled-names -file-compilation-dir /Users/rogerlin/XCode-Projects/FinancialCalculatorKit-5.0-updated-accent-colors/FinancialCalculatorKit.xcodeproj -Xcc -D_LIBCPP_HARDENING_MODE\=_LIBCPP_HARDENING_MODE_DEBUG -Xcc -ivfsstatcache -Xcc /Users/rogerlin/Library/Developer/Xcode/DerivedData/SDKStatCaches.noindex/macosx26.1-25B74-3ae1261907bdadc328169391a47051a6.sdkstatcache -Xcc -I/Users/rogerlin/Library/Developer/Xcode/DerivedData/FinancialCalculatorKit-ackorybalcxbfocbkqsfdzcfkgmn/Build/Intermediates.noindex/BigDecimal.build/Debug/BigDecimal.build/swift-overrides.hmap -Xcc -I/Users/rogerlin/Library/Developer/Xcode/DerivedData/FinancialCalculatorKit-ackorybalcxbfocbkqsfdzcfkgmn/SourcePackages/checkouts/swift-numerics/Sources/_NumericsShims/include -Xcc -I/Users/rogerlin/Library/Developer/Xcode/DerivedData/FinancialCalculatorKit-ackorybalcxbfocbkqsfdzcfkgmn/Build/Products/Debug/include -Xcc -I/Users/rogerlin/Library/Developer/Xcode/DerivedData/FinancialCalculatorKit-ackorybalcxbfocbkqsfdzcfkgmn/Build/Intermediates.noindex/BigDecimal.build/Debug/BigDecimal.build/DerivedSources-normal/arm64 -Xcc -I/Users/rogerlin/Library/Developer/Xcode/DerivedData/FinancialCalculatorKit-ackorybalcxbfocbkqsfdzcfkgmn/Build/Intermediates.noindex/BigDecimal.build/Debug/BigDecimal.build/DerivedSources/arm64 -Xcc -I/Users/rogerlin/Library/Developer/Xcode/DerivedData/FinancialCalculatorKit-ackorybalcxbfocbkqsfdzcfkgmn/Build/Intermediates.noindex/BigDecimal.build/Debug/BigDecimal.build/DerivedSources -Xcc -DSWIFT_PACKAGE -Xcc -DDEBUG\=1 -no-auto-bridging-header-chaining -module-name BigDecimal -package-name bigdecimal -frontend-parseable-output -disable-clang-spi -target-sdk-version 26.1 -target-sdk-name macosx26.1 -clang-target arm64-apple-macos26.1 -in-process-plugin-server-path /Applications/Xcode.app/Contents/Developer/Toolchains/XcodeDefault.xctoolchain/usr/lib/swift/host/libSwiftInProcPluginServer.dylib -o /Users/rogerlin/Library/Developer/Xcode/DerivedData/FinancialCalculatorKit-ackorybalcxbfocbkqsfdzcfkgmn/Build/Intermediates.noindex/BigDecimal.build/Debug/BigDecimal.build/Objects-normal/arm64/DecimalFloatingPoint.o -index-unit-output-path /BigDecimal.build/Debug/BigDecimal.build/Objects-normal/arm64/DecimalFloatingPoint.o -index-store-path /Users/rogerlin/Library/Developer/Xcode/DerivedData/FinancialCalculatorKit-ackorybalcxbfocbkqsfdzcfkgmn/Index.noindex/DataStore -index-system-modules

SwiftCompile normal arm64 /Users/rogerlin/Library/Developer/Xcode/DerivedData/FinancialCalculatorKit-ackorybalcxbfocbkqsfdzcfkgmn/SourcePackages/checkouts/BigDecimal/Sources/BigDecimal/Support/DecimalFloatingPoint.swift (in target 'BigDecimal' from project 'BigDecimal')
    cd /Users/rogerlin/XCode-Projects/FinancialCalculatorKit-5.0-updated-accent-colors/FinancialCalculatorKit.xcodeproj
    

SwiftCompile normal arm64 Compiling\ CoshCalculator.swift /Users/rogerlin/Library/Developer/Xcode/DerivedData/FinancialCalculatorKit-ackorybalcxbfocbkqsfdzcfkgmn/SourcePackages/checkouts/BigDecimal/Sources/BigDecimal/DecimalMath/CoshCalculator.swift (in target 'BigDecimal' from project 'BigDecimal')
/Applications/Xcode.app/Contents/Developer/Toolchains/XcodeDefault.xctoolchain/usr/bin/swift-frontend -frontend -c /Users/rogerlin/Library/Developer/Xcode/DerivedData/FinancialCalculatorKit-ackorybalcxbfocbkqsfdzcfkgmn/SourcePackages/checkouts/BigDecimal/Sources/BigDecimal/BigDecimal.swift /Users/rogerlin/Library/Developer/Xcode/DerivedData/FinancialCalculatorKit-ackorybalcxbfocbkqsfdzcfkgmn/SourcePackages/checkouts/BigDecimal/Sources/BigDecimal/CBDecimal.swift /Users/rogerlin/Library/Developer/Xcode/DerivedData/FinancialCalculatorKit-ackorybalcxbfocbkqsfdzcfkgmn/SourcePackages/checkouts/BigDecimal/Sources/BigDecimal/Decimal.swift /Users/rogerlin/Library/Developer/Xcode/DerivedData/FinancialCalculatorKit-ackorybalcxbfocbkqsfdzcfkgmn/SourcePackages/checkouts/BigDecimal/Sources/BigDecimal/Decimal128.swift /Users/rogerlin/Library/Developer/Xcode/DerivedData/FinancialCalculatorKit-ackorybalcxbfocbkqsfdzcfkgmn/SourcePackages/checkouts/BigDecimal/Sources/BigDecimal/Decimal32.swift /Users/rogerlin/Library/Developer/Xcode/DerivedData/FinancialCalculatorKit-ackorybalcxbfocbkqsfdzcfkgmn/SourcePackages/checkouts/BigDecimal/Sources/BigDecimal/Decimal64.swift /Users/rogerlin/Library/Developer/Xcode/DerivedData/FinancialCalculatorKit-ackorybalcxbfocbkqsfdzcfkgmn/SourcePackages/checkouts/BigDecimal/Sources/BigDecimal/DecimalMath/AsinCalculator.swift /Users/rogerlin/Library/Developer/Xcode/DerivedData/FinancialCalculatorKit-ackorybalcxbfocbkqsfdzcfkgmn/SourcePackages/checkouts/BigDecimal/Sources/BigDecimal/DecimalMath/CosCalculator.swift -primary-file /Users/rogerlin/Library/Developer/Xcode/DerivedData/FinancialCalculatorKit-ackorybalcxbfocbkqsfdzcfkgmn/SourcePackages/checkouts/BigDecimal/Sources/BigDecimal/DecimalMath/CoshCalculator.swift /Users/rogerlin/Library/Developer/Xcode/DerivedData/FinancialCalculatorKit-ackorybalcxbfocbkqsfdzcfkgmn/SourcePackages/checkouts/BigDecimal/Sources/BigDecimal/DecimalMath/DecimalMath-Simple.swift /Users/rogerlin/Library/Developer/Xcode/DerivedData/FinancialCalculatorKit-ackorybalcxbfocbkqsfdzcfkgmn/SourcePackages/checkouts/BigDecimal/Sources/BigDecimal/DecimalMath/DecimalMath.swift /Users/rogerlin/Library/Developer/Xcode/DerivedData/FinancialCalculatorKit-ackorybalcxbfocbkqsfdzcfkgmn/SourcePackages/checkouts/BigDecimal/Sources/BigDecimal/DecimalMath/ExponentCalculator.swift /Users/rogerlin/Library/Developer/Xcode/DerivedData/FinancialCalculatorKit-ackorybalcxbfocbkqsfdzcfkgmn/SourcePackages/checkouts/BigDecimal/Sources/BigDecimal/DecimalMath/SeriesCalculator.swift /Users/rogerlin/Library/Developer/Xcode/DerivedData/FinancialCalculatorKit-ackorybalcxbfocbkqsfdzcfkgmn/SourcePackages/checkouts/BigDecimal/Sources/BigDecimal/DecimalMath/SinCalculator.swift /Users/rogerlin/Library/Developer/Xcode/DerivedData/FinancialCalculatorKit-ackorybalcxbfocbkqsfdzcfkgmn/SourcePackages/checkouts/BigDecimal/Sources/BigDecimal/DecimalMath/SinhCalculator.swift /Users/rogerlin/Library/Developer/Xcode/DerivedData/FinancialCalculatorKit-ackorybalcxbfocbkqsfdzcfkgmn/SourcePackages/checkouts/BigDecimal/Sources/BigDecimal/Support/DecimalFloatingPoint.swift /Users/rogerlin/Library/Developer/Xcode/DerivedData/FinancialCalculatorKit-ackorybalcxbfocbkqsfdzcfkgmn/SourcePackages/checkouts/BigDecimal/Sources/BigDecimal/Support/DecimalLogic.swift /Users/rogerlin/Library/Developer/Xcode/DerivedData/FinancialCalculatorKit-ackorybalcxbfocbkqsfdzcfkgmn/SourcePackages/checkouts/BigDecimal/Sources/BigDecimal/Support/Extensions.swift /Users/rogerlin/Library/Developer/Xcode/DerivedData/FinancialCalculatorKit-ackorybalcxbfocbkqsfdzcfkgmn/SourcePackages/checkouts/BigDecimal/Sources/BigDecimal/Support/Rounding.swift -emit-dependencies-path /Users/rogerlin/Library/Developer/Xcode/DerivedData/FinancialCalculatorKit-ackorybalcxbfocbkqsfdzcfkgmn/Build/Intermediates.noindex/BigDecimal.build/Debug/BigDecimal.build/Objects-normal/arm64/CoshCalculator.d -emit-const-values-path /Users/rogerlin/Library/Developer/Xcode/DerivedData/FinancialCalculatorKit-ackorybalcxbfocbkqsfdzcfkgmn/Build/Intermediates.noindex/BigDecimal.build/Debug/BigDecimal.build/Objects-normal/arm64/CoshCalculator.swiftconstvalues -emit-reference-dependencies-path /Users/rogerlin/Library/Developer/Xcode/DerivedData/FinancialCalculatorKit-ackorybalcxbfocbkqsfdzcfkgmn/Build/Intermediates.noindex/BigDecimal.build/Debug/BigDecimal.build/Objects-normal/arm64/CoshCalculator.swiftdeps -serialize-diagnostics-path /Users/rogerlin/Library/Developer/Xcode/DerivedData/FinancialCalculatorKit-ackorybalcxbfocbkqsfdzcfkgmn/Build/Intermediates.noindex/BigDecimal.build/Debug/BigDecimal.build/Objects-normal/arm64/CoshCalculator.dia -target arm64-apple-macos13.3 -load-resolved-plugin /Applications/Xcode.app/Contents/Developer/Platforms/MacOSX.platform/Developer/usr/lib/swift/host/plugins/libFoundationMacros.dylib\#/Applications/Xcode.app/Contents/Developer/Platforms/MacOSX.platform/Developer/usr/bin/swift-plugin-server\#FoundationMacros -load-resolved-plugin /Applications/Xcode.app/Contents/Developer/Platforms/MacOSX.platform/Developer/usr/lib/swift/host/plugins/libObservationMacros.dylib\#/Applications/Xcode.app/Contents/Developer/Platforms/MacOSX.platform/Developer/usr/bin/swift-plugin-server\#ObservationMacros -load-resolved-plugin /Applications/Xcode.app/Contents/Developer/Platforms/MacOSX.platform/Developer/usr/lib/swift/host/plugins/libSwiftMacros.dylib\#/Applications/Xcode.app/Contents/Developer/Platforms/MacOSX.platform/Developer/usr/bin/swift-plugin-server\#SwiftMacros -disable-implicit-swift-modules -Xcc -fno-implicit-modules -Xcc -fno-implicit-module-maps -explicit-swift-module-map-file /Users/rogerlin/Library/Developer/Xcode/DerivedData/FinancialCalculatorKit-ackorybalcxbfocbkqsfdzcfkgmn/Build/Intermediates.noindex/BigDecimal.build/Debug/BigDecimal.build/Objects-normal/arm64/BigDecimal-dependencies-1.json -Xllvm -aarch64-use-tbi -enable-objc-interop -stack-check -sdk /Applications/Xcode.app/Contents/Developer/Platforms/MacOSX.platform/Developer/SDKs/MacOSX26.1.sdk -I /Users/rogerlin/Library/Developer/Xcode/DerivedData/FinancialCalculatorKit-ackorybalcxbfocbkqsfdzcfkgmn/Build/Products/Debug -Isystem /Applications/Xcode.app/Contents/Developer/Platforms/MacOSX.platform/Developer/usr/lib -F /Users/rogerlin/Library/Developer/Xcode/DerivedData/FinancialCalculatorKit-ackorybalcxbfocbkqsfdzcfkgmn/Build/Products/Debug/PackageFrameworks -F /Users/rogerlin/Library/Developer/Xcode/DerivedData/FinancialCalculatorKit-ackorybalcxbfocbkqsfdzcfkgmn/Build/Products/Debug/PackageFrameworks -F /Users/rogerlin/Library/Developer/Xcode/DerivedData/FinancialCalculatorKit-ackorybalcxbfocbkqsfdzcfkgmn/Build/Products/Debug/PackageFrameworks -F /Users/rogerlin/Library/Developer/Xcode/DerivedData/FinancialCalculatorKit-ackorybalcxbfocbkqsfdzcfkgmn/Build/Products/Debug/PackageFrameworks -F /Users/rogerlin/Library/Developer/Xcode/DerivedData/FinancialCalculatorKit-ackorybalcxbfocbkqsfdzcfkgmn/Build/Products/Debug/PackageFrameworks -F /Users/rogerlin/Library/Developer/Xcode/DerivedData/FinancialCalculatorKit-ackorybalcxbfocbkqsfdzcfkgmn/Build/Products/Debug/PackageFrameworks -F /Users/rogerlin/Library/Developer/Xcode/DerivedData/FinancialCalculatorKit-ackorybalcxbfocbkqsfdzcfkgmn/Build/Products/Debug -F /Applications/Xcode.app/Contents/Developer/Platforms/MacOSX.platform/Developer/Library/Frameworks -no-color-diagnostics -Xcc -fno-color-diagnostics -enable-testing -g -debug-info-format\=dwarf -dwarf-version\=4 -module-cache-path /Users/rogerlin/Library/Developer/Xcode/DerivedData/FinancialCalculatorKit-ackorybalcxbfocbkqsfdzcfkgmn/Build/Intermediates.noindex/SwiftExplicitPrecompiledModules -suppress-warnings -profile-generate -profile-coverage-mapping -swift-version 5 -enforce-exclusivity\=checked -Onone -D SWIFT_PACKAGE -D DEBUG -D SWIFT_MODULE_RESOURCE_BUNDLE_UNAVAILABLE -D Xcode -serialize-debugging-options -const-gather-protocols-file /Users/rogerlin/Library/Developer/Xcode/DerivedData/FinancialCalculatorKit-ackorybalcxbfocbkqsfdzcfkgmn/Build/Intermediates.noindex/BigDecimal.build/Debug/BigDecimal.build/Objects-normal/arm64/BigDecimal_const_extract_protocols.json -enable-experimental-feature DebugDescriptionMacro -empty-abi-descriptor -validate-clang-modules-once -clang-build-session-file /Users/rogerlin/Library/Developer/Xcode/DerivedData/ModuleCache.noindex/Session.modulevalidation -Xcc -working-directory -Xcc /Users/rogerlin/XCode-Projects/FinancialCalculatorKit-5.0-updated-accent-colors/FinancialCalculatorKit.xcodeproj -enable-anonymous-context-mangled-names -file-compilation-dir /Users/rogerlin/XCode-Projects/FinancialCalculatorKit-5.0-updated-accent-colors/FinancialCalculatorKit.xcodeproj -Xcc -D_LIBCPP_HARDENING_MODE\=_LIBCPP_HARDENING_MODE_DEBUG -Xcc -ivfsstatcache -Xcc /Users/rogerlin/Library/Developer/Xcode/DerivedData/SDKStatCaches.noindex/macosx26.1-25B74-3ae1261907bdadc328169391a47051a6.sdkstatcache -Xcc -I/Users/rogerlin/Library/Developer/Xcode/DerivedData/FinancialCalculatorKit-ackorybalcxbfocbkqsfdzcfkgmn/Build/Intermediates.noindex/BigDecimal.build/Debug/BigDecimal.build/swift-overrides.hmap -Xcc -I/Users/rogerlin/Library/Developer/Xcode/DerivedData/FinancialCalculatorKit-ackorybalcxbfocbkqsfdzcfkgmn/SourcePackages/checkouts/swift-numerics/Sources/_NumericsShims/include -Xcc -I/Users/rogerlin/Library/Developer/Xcode/DerivedData/FinancialCalculatorKit-ackorybalcxbfocbkqsfdzcfkgmn/Build/Products/Debug/include -Xcc -I/Users/rogerlin/Library/Developer/Xcode/DerivedData/FinancialCalculatorKit-ackorybalcxbfocbkqsfdzcfkgmn/Build/Intermediates.noindex/BigDecimal.build/Debug/BigDecimal.build/DerivedSources-normal/arm64 -Xcc -I/Users/rogerlin/Library/Developer/Xcode/DerivedData/FinancialCalculatorKit-ackorybalcxbfocbkqsfdzcfkgmn/Build/Intermediates.noindex/BigDecimal.build/Debug/BigDecimal.build/DerivedSources/arm64 -Xcc -I/Users/rogerlin/Library/Developer/Xcode/DerivedData/FinancialCalculatorKit-ackorybalcxbfocbkqsfdzcfkgmn/Build/Intermediates.noindex/BigDecimal.build/Debug/BigDecimal.build/DerivedSources -Xcc -DSWIFT_PACKAGE -Xcc -DDEBUG\=1 -no-auto-bridging-header-chaining -module-name BigDecimal -package-name bigdecimal -frontend-parseable-output -disable-clang-spi -target-sdk-version 26.1 -target-sdk-name macosx26.1 -clang-target arm64-apple-macos26.1 -in-process-plugin-server-path /Applications/Xcode.app/Contents/Developer/Toolchains/XcodeDefault.xctoolchain/usr/lib/swift/host/libSwiftInProcPluginServer.dylib -o /Users/rogerlin/Library/Developer/Xcode/DerivedData/FinancialCalculatorKit-ackorybalcxbfocbkqsfdzcfkgmn/Build/Intermediates.noindex/BigDecimal.build/Debug/BigDecimal.build/Objects-normal/arm64/CoshCalculator.o -index-unit-output-path /BigDecimal.build/Debug/BigDecimal.build/Objects-normal/arm64/CoshCalculator.o -index-store-path /Users/rogerlin/Library/Developer/Xcode/DerivedData/FinancialCalculatorKit-ackorybalcxbfocbkqsfdzcfkgmn/Index.noindex/DataStore -index-system-modules

SwiftCompile normal arm64 /Users/rogerlin/Library/Developer/Xcode/DerivedData/FinancialCalculatorKit-ackorybalcxbfocbkqsfdzcfkgmn/SourcePackages/checkouts/BigDecimal/Sources/BigDecimal/DecimalMath/CoshCalculator.swift (in target 'BigDecimal' from project 'BigDecimal')
    cd /Users/rogerlin/XCode-Projects/FinancialCalculatorKit-5.0-updated-accent-colors/FinancialCalculatorKit.xcodeproj
    

SwiftCompile normal arm64 Compiling\ SeriesCalculator.swift /Users/rogerlin/Library/Developer/Xcode/DerivedData/FinancialCalculatorKit-ackorybalcxbfocbkqsfdzcfkgmn/SourcePackages/checkouts/BigDecimal/Sources/BigDecimal/DecimalMath/SeriesCalculator.swift (in target 'BigDecimal' from project 'BigDecimal')
/Applications/Xcode.app/Contents/Developer/Toolchains/XcodeDefault.xctoolchain/usr/bin/swift-frontend -frontend -c /Users/rogerlin/Library/Developer/Xcode/DerivedData/FinancialCalculatorKit-ackorybalcxbfocbkqsfdzcfkgmn/SourcePackages/checkouts/BigDecimal/Sources/BigDecimal/BigDecimal.swift /Users/rogerlin/Library/Developer/Xcode/DerivedData/FinancialCalculatorKit-ackorybalcxbfocbkqsfdzcfkgmn/SourcePackages/checkouts/BigDecimal/Sources/BigDecimal/CBDecimal.swift /Users/rogerlin/Library/Developer/Xcode/DerivedData/FinancialCalculatorKit-ackorybalcxbfocbkqsfdzcfkgmn/SourcePackages/checkouts/BigDecimal/Sources/BigDecimal/Decimal.swift /Users/rogerlin/Library/Developer/Xcode/DerivedData/FinancialCalculatorKit-ackorybalcxbfocbkqsfdzcfkgmn/SourcePackages/checkouts/BigDecimal/Sources/BigDecimal/Decimal128.swift /Users/rogerlin/Library/Developer/Xcode/DerivedData/FinancialCalculatorKit-ackorybalcxbfocbkqsfdzcfkgmn/SourcePackages/checkouts/BigDecimal/Sources/BigDecimal/Decimal32.swift /Users/rogerlin/Library/Developer/Xcode/DerivedData/FinancialCalculatorKit-ackorybalcxbfocbkqsfdzcfkgmn/SourcePackages/checkouts/BigDecimal/Sources/BigDecimal/Decimal64.swift /Users/rogerlin/Library/Developer/Xcode/DerivedData/FinancialCalculatorKit-ackorybalcxbfocbkqsfdzcfkgmn/SourcePackages/checkouts/BigDecimal/Sources/BigDecimal/DecimalMath/AsinCalculator.swift /Users/rogerlin/Library/Developer/Xcode/DerivedData/FinancialCalculatorKit-ackorybalcxbfocbkqsfdzcfkgmn/SourcePackages/checkouts/BigDecimal/Sources/BigDecimal/DecimalMath/CosCalculator.swift /Users/rogerlin/Library/Developer/Xcode/DerivedData/FinancialCalculatorKit-ackorybalcxbfocbkqsfdzcfkgmn/SourcePackages/checkouts/BigDecimal/Sources/BigDecimal/DecimalMath/CoshCalculator.swift /Users/rogerlin/Library/Developer/Xcode/DerivedData/FinancialCalculatorKit-ackorybalcxbfocbkqsfdzcfkgmn/SourcePackages/checkouts/BigDecimal/Sources/BigDecimal/DecimalMath/DecimalMath-Simple.swift /Users/rogerlin/Library/Developer/Xcode/DerivedData/FinancialCalculatorKit-ackorybalcxbfocbkqsfdzcfkgmn/SourcePackages/checkouts/BigDecimal/Sources/BigDecimal/DecimalMath/DecimalMath.swift /Users/rogerlin/Library/Developer/Xcode/DerivedData/FinancialCalculatorKit-ackorybalcxbfocbkqsfdzcfkgmn/SourcePackages/checkouts/BigDecimal/Sources/BigDecimal/DecimalMath/ExponentCalculator.swift -primary-file /Users/rogerlin/Library/Developer/Xcode/DerivedData/FinancialCalculatorKit-ackorybalcxbfocbkqsfdzcfkgmn/SourcePackages/checkouts/BigDecimal/Sources/BigDecimal/DecimalMath/SeriesCalculator.swift /Users/rogerlin/Library/Developer/Xcode/DerivedData/FinancialCalculatorKit-ackorybalcxbfocbkqsfdzcfkgmn/SourcePackages/checkouts/BigDecimal/Sources/BigDecimal/DecimalMath/SinCalculator.swift /Users/rogerlin/Library/Developer/Xcode/DerivedData/FinancialCalculatorKit-ackorybalcxbfocbkqsfdzcfkgmn/SourcePackages/checkouts/BigDecimal/Sources/BigDecimal/DecimalMath/SinhCalculator.swift /Users/rogerlin/Library/Developer/Xcode/DerivedData/FinancialCalculatorKit-ackorybalcxbfocbkqsfdzcfkgmn/SourcePackages/checkouts/BigDecimal/Sources/BigDecimal/Support/DecimalFloatingPoint.swift /Users/rogerlin/Library/Developer/Xcode/DerivedData/FinancialCalculatorKit-ackorybalcxbfocbkqsfdzcfkgmn/SourcePackages/checkouts/BigDecimal/Sources/BigDecimal/Support/DecimalLogic.swift /Users/rogerlin/Library/Developer/Xcode/DerivedData/FinancialCalculatorKit-ackorybalcxbfocbkqsfdzcfkgmn/SourcePackages/checkouts/BigDecimal/Sources/BigDecimal/Support/Extensions.swift /Users/rogerlin/Library/Developer/Xcode/DerivedData/FinancialCalculatorKit-ackorybalcxbfocbkqsfdzcfkgmn/SourcePackages/checkouts/BigDecimal/Sources/BigDecimal/Support/Rounding.swift -emit-dependencies-path /Users/rogerlin/Library/Developer/Xcode/DerivedData/FinancialCalculatorKit-ackorybalcxbfocbkqsfdzcfkgmn/Build/Intermediates.noindex/BigDecimal.build/Debug/BigDecimal.build/Objects-normal/arm64/SeriesCalculator.d -emit-const-values-path /Users/rogerlin/Library/Developer/Xcode/DerivedData/FinancialCalculatorKit-ackorybalcxbfocbkqsfdzcfkgmn/Build/Intermediates.noindex/BigDecimal.build/Debug/BigDecimal.build/Objects-normal/arm64/SeriesCalculator.swiftconstvalues -emit-reference-dependencies-path /Users/rogerlin/Library/Developer/Xcode/DerivedData/FinancialCalculatorKit-ackorybalcxbfocbkqsfdzcfkgmn/Build/Intermediates.noindex/BigDecimal.build/Debug/BigDecimal.build/Objects-normal/arm64/SeriesCalculator.swiftdeps -serialize-diagnostics-path /Users/rogerlin/Library/Developer/Xcode/DerivedData/FinancialCalculatorKit-ackorybalcxbfocbkqsfdzcfkgmn/Build/Intermediates.noindex/BigDecimal.build/Debug/BigDecimal.build/Objects-normal/arm64/SeriesCalculator.dia -target arm64-apple-macos13.3 -load-resolved-plugin /Applications/Xcode.app/Contents/Developer/Platforms/MacOSX.platform/Developer/usr/lib/swift/host/plugins/libFoundationMacros.dylib\#/Applications/Xcode.app/Contents/Developer/Platforms/MacOSX.platform/Developer/usr/bin/swift-plugin-server\#FoundationMacros -load-resolved-plugin /Applications/Xcode.app/Contents/Developer/Platforms/MacOSX.platform/Developer/usr/lib/swift/host/plugins/libObservationMacros.dylib\#/Applications/Xcode.app/Contents/Developer/Platforms/MacOSX.platform/Developer/usr/bin/swift-plugin-server\#ObservationMacros -load-resolved-plugin /Applications/Xcode.app/Contents/Developer/Platforms/MacOSX.platform/Developer/usr/lib/swift/host/plugins/libSwiftMacros.dylib\#/Applications/Xcode.app/Contents/Developer/Platforms/MacOSX.platform/Developer/usr/bin/swift-plugin-server\#SwiftMacros -disable-implicit-swift-modules -Xcc -fno-implicit-modules -Xcc -fno-implicit-module-maps -explicit-swift-module-map-file /Users/rogerlin/Library/Developer/Xcode/DerivedData/FinancialCalculatorKit-ackorybalcxbfocbkqsfdzcfkgmn/Build/Intermediates.noindex/BigDecimal.build/Debug/BigDecimal.build/Objects-normal/arm64/BigDecimal-dependencies-1.json -Xllvm -aarch64-use-tbi -enable-objc-interop -stack-check -sdk /Applications/Xcode.app/Contents/Developer/Platforms/MacOSX.platform/Developer/SDKs/MacOSX26.1.sdk -I /Users/rogerlin/Library/Developer/Xcode/DerivedData/FinancialCalculatorKit-ackorybalcxbfocbkqsfdzcfkgmn/Build/Products/Debug -Isystem /Applications/Xcode.app/Contents/Developer/Platforms/MacOSX.platform/Developer/usr/lib -F /Users/rogerlin/Library/Developer/Xcode/DerivedData/FinancialCalculatorKit-ackorybalcxbfocbkqsfdzcfkgmn/Build/Products/Debug/PackageFrameworks -F /Users/rogerlin/Library/Developer/Xcode/DerivedData/FinancialCalculatorKit-ackorybalcxbfocbkqsfdzcfkgmn/Build/Products/Debug/PackageFrameworks -F /Users/rogerlin/Library/Developer/Xcode/DerivedData/FinancialCalculatorKit-ackorybalcxbfocbkqsfdzcfkgmn/Build/Products/Debug/PackageFrameworks -F /Users/rogerlin/Library/Developer/Xcode/DerivedData/FinancialCalculatorKit-ackorybalcxbfocbkqsfdzcfkgmn/Build/Products/Debug/PackageFrameworks -F /Users/rogerlin/Library/Developer/Xcode/DerivedData/FinancialCalculatorKit-ackorybalcxbfocbkqsfdzcfkgmn/Build/Products/Debug/PackageFrameworks -F /Users/rogerlin/Library/Developer/Xcode/DerivedData/FinancialCalculatorKit-ackorybalcxbfocbkqsfdzcfkgmn/Build/Products/Debug/PackageFrameworks -F /Users/rogerlin/Library/Developer/Xcode/DerivedData/FinancialCalculatorKit-ackorybalcxbfocbkqsfdzcfkgmn/Build/Products/Debug -F /Applications/Xcode.app/Contents/Developer/Platforms/MacOSX.platform/Developer/Library/Frameworks -no-color-diagnostics -Xcc -fno-color-diagnostics -enable-testing -g -debug-info-format\=dwarf -dwarf-version\=4 -module-cache-path /Users/rogerlin/Library/Developer/Xcode/DerivedData/FinancialCalculatorKit-ackorybalcxbfocbkqsfdzcfkgmn/Build/Intermediates.noindex/SwiftExplicitPrecompiledModules -suppress-warnings -profile-generate -profile-coverage-mapping -swift-version 5 -enforce-exclusivity\=checked -Onone -D SWIFT_PACKAGE -D DEBUG -D SWIFT_MODULE_RESOURCE_BUNDLE_UNAVAILABLE -D Xcode -serialize-debugging-options -const-gather-protocols-file /Users/rogerlin/Library/Developer/Xcode/DerivedData/FinancialCalculatorKit-ackorybalcxbfocbkqsfdzcfkgmn/Build/Intermediates.noindex/BigDecimal.build/Debug/BigDecimal.build/Objects-normal/arm64/BigDecimal_const_extract_protocols.json -enable-experimental-feature DebugDescriptionMacro -empty-abi-descriptor -validate-clang-modules-once -clang-build-session-file /Users/rogerlin/Library/Developer/Xcode/DerivedData/ModuleCache.noindex/Session.modulevalidation -Xcc -working-directory -Xcc /Users/rogerlin/XCode-Projects/FinancialCalculatorKit-5.0-updated-accent-colors/FinancialCalculatorKit.xcodeproj -enable-anonymous-context-mangled-names -file-compilation-dir /Users/rogerlin/XCode-Projects/FinancialCalculatorKit-5.0-updated-accent-colors/FinancialCalculatorKit.xcodeproj -Xcc -D_LIBCPP_HARDENING_MODE\=_LIBCPP_HARDENING_MODE_DEBUG -Xcc -ivfsstatcache -Xcc /Users/rogerlin/Library/Developer/Xcode/DerivedData/SDKStatCaches.noindex/macosx26.1-25B74-3ae1261907bdadc328169391a47051a6.sdkstatcache -Xcc -I/Users/rogerlin/Library/Developer/Xcode/DerivedData/FinancialCalculatorKit-ackorybalcxbfocbkqsfdzcfkgmn/Build/Intermediates.noindex/BigDecimal.build/Debug/BigDecimal.build/swift-overrides.hmap -Xcc -I/Users/rogerlin/Library/Developer/Xcode/DerivedData/FinancialCalculatorKit-ackorybalcxbfocbkqsfdzcfkgmn/SourcePackages/checkouts/swift-numerics/Sources/_NumericsShims/include -Xcc -I/Users/rogerlin/Library/Developer/Xcode/DerivedData/FinancialCalculatorKit-ackorybalcxbfocbkqsfdzcfkgmn/Build/Products/Debug/include -Xcc -I/Users/rogerlin/Library/Developer/Xcode/DerivedData/FinancialCalculatorKit-ackorybalcxbfocbkqsfdzcfkgmn/Build/Intermediates.noindex/BigDecimal.build/Debug/BigDecimal.build/DerivedSources-normal/arm64 -Xcc -I/Users/rogerlin/Library/Developer/Xcode/DerivedData/FinancialCalculatorKit-ackorybalcxbfocbkqsfdzcfkgmn/Build/Intermediates.noindex/BigDecimal.build/Debug/BigDecimal.build/DerivedSources/arm64 -Xcc -I/Users/rogerlin/Library/Developer/Xcode/DerivedData/FinancialCalculatorKit-ackorybalcxbfocbkqsfdzcfkgmn/Build/Intermediates.noindex/BigDecimal.build/Debug/BigDecimal.build/DerivedSources -Xcc -DSWIFT_PACKAGE -Xcc -DDEBUG\=1 -no-auto-bridging-header-chaining -module-name BigDecimal -package-name bigdecimal -frontend-parseable-output -disable-clang-spi -target-sdk-version 26.1 -target-sdk-name macosx26.1 -clang-target arm64-apple-macos26.1 -in-process-plugin-server-path /Applications/Xcode.app/Contents/Developer/Toolchains/XcodeDefault.xctoolchain/usr/lib/swift/host/libSwiftInProcPluginServer.dylib -o /Users/rogerlin/Library/Developer/Xcode/DerivedData/FinancialCalculatorKit-ackorybalcxbfocbkqsfdzcfkgmn/Build/Intermediates.noindex/BigDecimal.build/Debug/BigDecimal.build/Objects-normal/arm64/SeriesCalculator.o -index-unit-output-path /BigDecimal.build/Debug/BigDecimal.build/Objects-normal/arm64/SeriesCalculator.o -index-store-path /Users/rogerlin/Library/Developer/Xcode/DerivedData/FinancialCalculatorKit-ackorybalcxbfocbkqsfdzcfkgmn/Index.noindex/DataStore -index-system-modules

SwiftCompile normal arm64 /Users/rogerlin/Library/Developer/Xcode/DerivedData/FinancialCalculatorKit-ackorybalcxbfocbkqsfdzcfkgmn/SourcePackages/checkouts/BigDecimal/Sources/BigDecimal/DecimalMath/SeriesCalculator.swift (in target 'BigDecimal' from project 'BigDecimal')
    cd /Users/rogerlin/XCode-Projects/FinancialCalculatorKit-5.0-updated-accent-colors/FinancialCalculatorKit.xcodeproj
    

SwiftCompile normal arm64 Compiling\ CosCalculator.swift /Users/rogerlin/Library/Developer/Xcode/DerivedData/FinancialCalculatorKit-ackorybalcxbfocbkqsfdzcfkgmn/SourcePackages/checkouts/BigDecimal/Sources/BigDecimal/DecimalMath/CosCalculator.swift (in target 'BigDecimal' from project 'BigDecimal')
/Applications/Xcode.app/Contents/Developer/Toolchains/XcodeDefault.xctoolchain/usr/bin/swift-frontend -frontend -c /Users/rogerlin/Library/Developer/Xcode/DerivedData/FinancialCalculatorKit-ackorybalcxbfocbkqsfdzcfkgmn/SourcePackages/checkouts/BigDecimal/Sources/BigDecimal/BigDecimal.swift /Users/rogerlin/Library/Developer/Xcode/DerivedData/FinancialCalculatorKit-ackorybalcxbfocbkqsfdzcfkgmn/SourcePackages/checkouts/BigDecimal/Sources/BigDecimal/CBDecimal.swift /Users/rogerlin/Library/Developer/Xcode/DerivedData/FinancialCalculatorKit-ackorybalcxbfocbkqsfdzcfkgmn/SourcePackages/checkouts/BigDecimal/Sources/BigDecimal/Decimal.swift /Users/rogerlin/Library/Developer/Xcode/DerivedData/FinancialCalculatorKit-ackorybalcxbfocbkqsfdzcfkgmn/SourcePackages/checkouts/BigDecimal/Sources/BigDecimal/Decimal128.swift /Users/rogerlin/Library/Developer/Xcode/DerivedData/FinancialCalculatorKit-ackorybalcxbfocbkqsfdzcfkgmn/SourcePackages/checkouts/BigDecimal/Sources/BigDecimal/Decimal32.swift /Users/rogerlin/Library/Developer/Xcode/DerivedData/FinancialCalculatorKit-ackorybalcxbfocbkqsfdzcfkgmn/SourcePackages/checkouts/BigDecimal/Sources/BigDecimal/Decimal64.swift /Users/rogerlin/Library/Developer/Xcode/DerivedData/FinancialCalculatorKit-ackorybalcxbfocbkqsfdzcfkgmn/SourcePackages/checkouts/BigDecimal/Sources/BigDecimal/DecimalMath/AsinCalculator.swift -primary-file /Users/rogerlin/Library/Developer/Xcode/DerivedData/FinancialCalculatorKit-ackorybalcxbfocbkqsfdzcfkgmn/SourcePackages/checkouts/BigDecimal/Sources/BigDecimal/DecimalMath/CosCalculator.swift /Users/rogerlin/Library/Developer/Xcode/DerivedData/FinancialCalculatorKit-ackorybalcxbfocbkqsfdzcfkgmn/SourcePackages/checkouts/BigDecimal/Sources/BigDecimal/DecimalMath/CoshCalculator.swift /Users/rogerlin/Library/Developer/Xcode/DerivedData/FinancialCalculatorKit-ackorybalcxbfocbkqsfdzcfkgmn/SourcePackages/checkouts/BigDecimal/Sources/BigDecimal/DecimalMath/DecimalMath-Simple.swift /Users/rogerlin/Library/Developer/Xcode/DerivedData/FinancialCalculatorKit-ackorybalcxbfocbkqsfdzcfkgmn/SourcePackages/checkouts/BigDecimal/Sources/BigDecimal/DecimalMath/DecimalMath.swift /Users/rogerlin/Library/Developer/Xcode/DerivedData/FinancialCalculatorKit-ackorybalcxbfocbkqsfdzcfkgmn/SourcePackages/checkouts/BigDecimal/Sources/BigDecimal/DecimalMath/ExponentCalculator.swift /Users/rogerlin/Library/Developer/Xcode/DerivedData/FinancialCalculatorKit-ackorybalcxbfocbkqsfdzcfkgmn/SourcePackages/checkouts/BigDecimal/Sources/BigDecimal/DecimalMath/SeriesCalculator.swift /Users/rogerlin/Library/Developer/Xcode/DerivedData/FinancialCalculatorKit-ackorybalcxbfocbkqsfdzcfkgmn/SourcePackages/checkouts/BigDecimal/Sources/BigDecimal/DecimalMath/SinCalculator.swift /Users/rogerlin/Library/Developer/Xcode/DerivedData/FinancialCalculatorKit-ackorybalcxbfocbkqsfdzcfkgmn/SourcePackages/checkouts/BigDecimal/Sources/BigDecimal/DecimalMath/SinhCalculator.swift /Users/rogerlin/Library/Developer/Xcode/DerivedData/FinancialCalculatorKit-ackorybalcxbfocbkqsfdzcfkgmn/SourcePackages/checkouts/BigDecimal/Sources/BigDecimal/Support/DecimalFloatingPoint.swift /Users/rogerlin/Library/Developer/Xcode/DerivedData/FinancialCalculatorKit-ackorybalcxbfocbkqsfdzcfkgmn/SourcePackages/checkouts/BigDecimal/Sources/BigDecimal/Support/DecimalLogic.swift /Users/rogerlin/Library/Developer/Xcode/DerivedData/FinancialCalculatorKit-ackorybalcxbfocbkqsfdzcfkgmn/SourcePackages/checkouts/BigDecimal/Sources/BigDecimal/Support/Extensions.swift /Users/rogerlin/Library/Developer/Xcode/DerivedData/FinancialCalculatorKit-ackorybalcxbfocbkqsfdzcfkgmn/SourcePackages/checkouts/BigDecimal/Sources/BigDecimal/Support/Rounding.swift -emit-dependencies-path /Users/rogerlin/Library/Developer/Xcode/DerivedData/FinancialCalculatorKit-ackorybalcxbfocbkqsfdzcfkgmn/Build/Intermediates.noindex/BigDecimal.build/Debug/BigDecimal.build/Objects-normal/arm64/CosCalculator.d -emit-const-values-path /Users/rogerlin/Library/Developer/Xcode/DerivedData/FinancialCalculatorKit-ackorybalcxbfocbkqsfdzcfkgmn/Build/Intermediates.noindex/BigDecimal.build/Debug/BigDecimal.build/Objects-normal/arm64/CosCalculator.swiftconstvalues -emit-reference-dependencies-path /Users/rogerlin/Library/Developer/Xcode/DerivedData/FinancialCalculatorKit-ackorybalcxbfocbkqsfdzcfkgmn/Build/Intermediates.noindex/BigDecimal.build/Debug/BigDecimal.build/Objects-normal/arm64/CosCalculator.swiftdeps -serialize-diagnostics-path /Users/rogerlin/Library/Developer/Xcode/DerivedData/FinancialCalculatorKit-ackorybalcxbfocbkqsfdzcfkgmn/Build/Intermediates.noindex/BigDecimal.build/Debug/BigDecimal.build/Objects-normal/arm64/CosCalculator.dia -target arm64-apple-macos13.3 -load-resolved-plugin /Applications/Xcode.app/Contents/Developer/Platforms/MacOSX.platform/Developer/usr/lib/swift/host/plugins/libFoundationMacros.dylib\#/Applications/Xcode.app/Contents/Developer/Platforms/MacOSX.platform/Developer/usr/bin/swift-plugin-server\#FoundationMacros -load-resolved-plugin /Applications/Xcode.app/Contents/Developer/Platforms/MacOSX.platform/Developer/usr/lib/swift/host/plugins/libObservationMacros.dylib\#/Applications/Xcode.app/Contents/Developer/Platforms/MacOSX.platform/Developer/usr/bin/swift-plugin-server\#ObservationMacros -load-resolved-plugin /Applications/Xcode.app/Contents/Developer/Platforms/MacOSX.platform/Developer/usr/lib/swift/host/plugins/libSwiftMacros.dylib\#/Applications/Xcode.app/Contents/Developer/Platforms/MacOSX.platform/Developer/usr/bin/swift-plugin-server\#SwiftMacros -disable-implicit-swift-modules -Xcc -fno-implicit-modules -Xcc -fno-implicit-module-maps -explicit-swift-module-map-file /Users/rogerlin/Library/Developer/Xcode/DerivedData/FinancialCalculatorKit-ackorybalcxbfocbkqsfdzcfkgmn/Build/Intermediates.noindex/BigDecimal.build/Debug/BigDecimal.build/Objects-normal/arm64/BigDecimal-dependencies-1.json -Xllvm -aarch64-use-tbi -enable-objc-interop -stack-check -sdk /Applications/Xcode.app/Contents/Developer/Platforms/MacOSX.platform/Developer/SDKs/MacOSX26.1.sdk -I /Users/rogerlin/Library/Developer/Xcode/DerivedData/FinancialCalculatorKit-ackorybalcxbfocbkqsfdzcfkgmn/Build/Products/Debug -Isystem /Applications/Xcode.app/Contents/Developer/Platforms/MacOSX.platform/Developer/usr/lib -F /Users/rogerlin/Library/Developer/Xcode/DerivedData/FinancialCalculatorKit-ackorybalcxbfocbkqsfdzcfkgmn/Build/Products/Debug/PackageFrameworks -F /Users/rogerlin/Library/Developer/Xcode/DerivedData/FinancialCalculatorKit-ackorybalcxbfocbkqsfdzcfkgmn/Build/Products/Debug/PackageFrameworks -F /Users/rogerlin/Library/Developer/Xcode/DerivedData/FinancialCalculatorKit-ackorybalcxbfocbkqsfdzcfkgmn/Build/Products/Debug/PackageFrameworks -F /Users/rogerlin/Library/Developer/Xcode/DerivedData/FinancialCalculatorKit-ackorybalcxbfocbkqsfdzcfkgmn/Build/Products/Debug/PackageFrameworks -F /Users/rogerlin/Library/Developer/Xcode/DerivedData/FinancialCalculatorKit-ackorybalcxbfocbkqsfdzcfkgmn/Build/Products/Debug/PackageFrameworks -F /Users/rogerlin/Library/Developer/Xcode/DerivedData/FinancialCalculatorKit-ackorybalcxbfocbkqsfdzcfkgmn/Build/Products/Debug/PackageFrameworks -F /Users/rogerlin/Library/Developer/Xcode/DerivedData/FinancialCalculatorKit-ackorybalcxbfocbkqsfdzcfkgmn/Build/Products/Debug -F /Applications/Xcode.app/Contents/Developer/Platforms/MacOSX.platform/Developer/Library/Frameworks -no-color-diagnostics -Xcc -fno-color-diagnostics -enable-testing -g -debug-info-format\=dwarf -dwarf-version\=4 -module-cache-path /Users/rogerlin/Library/Developer/Xcode/DerivedData/FinancialCalculatorKit-ackorybalcxbfocbkqsfdzcfkgmn/Build/Intermediates.noindex/SwiftExplicitPrecompiledModules -suppress-warnings -profile-generate -profile-coverage-mapping -swift-version 5 -enforce-exclusivity\=checked -Onone -D SWIFT_PACKAGE -D DEBUG -D SWIFT_MODULE_RESOURCE_BUNDLE_UNAVAILABLE -D Xcode -serialize-debugging-options -const-gather-protocols-file /Users/rogerlin/Library/Developer/Xcode/DerivedData/FinancialCalculatorKit-ackorybalcxbfocbkqsfdzcfkgmn/Build/Intermediates.noindex/BigDecimal.build/Debug/BigDecimal.build/Objects-normal/arm64/BigDecimal_const_extract_protocols.json -enable-experimental-feature DebugDescriptionMacro -empty-abi-descriptor -validate-clang-modules-once -clang-build-session-file /Users/rogerlin/Library/Developer/Xcode/DerivedData/ModuleCache.noindex/Session.modulevalidation -Xcc -working-directory -Xcc /Users/rogerlin/XCode-Projects/FinancialCalculatorKit-5.0-updated-accent-colors/FinancialCalculatorKit.xcodeproj -enable-anonymous-context-mangled-names -file-compilation-dir /Users/rogerlin/XCode-Projects/FinancialCalculatorKit-5.0-updated-accent-colors/FinancialCalculatorKit.xcodeproj -Xcc -D_LIBCPP_HARDENING_MODE\=_LIBCPP_HARDENING_MODE_DEBUG -Xcc -ivfsstatcache -Xcc /Users/rogerlin/Library/Developer/Xcode/DerivedData/SDKStatCaches.noindex/macosx26.1-25B74-3ae1261907bdadc328169391a47051a6.sdkstatcache -Xcc -I/Users/rogerlin/Library/Developer/Xcode/DerivedData/FinancialCalculatorKit-ackorybalcxbfocbkqsfdzcfkgmn/Build/Intermediates.noindex/BigDecimal.build/Debug/BigDecimal.build/swift-overrides.hmap -Xcc -I/Users/rogerlin/Library/Developer/Xcode/DerivedData/FinancialCalculatorKit-ackorybalcxbfocbkqsfdzcfkgmn/SourcePackages/checkouts/swift-numerics/Sources/_NumericsShims/include -Xcc -I/Users/rogerlin/Library/Developer/Xcode/DerivedData/FinancialCalculatorKit-ackorybalcxbfocbkqsfdzcfkgmn/Build/Products/Debug/include -Xcc -I/Users/rogerlin/Library/Developer/Xcode/DerivedData/FinancialCalculatorKit-ackorybalcxbfocbkqsfdzcfkgmn/Build/Intermediates.noindex/BigDecimal.build/Debug/BigDecimal.build/DerivedSources-normal/arm64 -Xcc -I/Users/rogerlin/Library/Developer/Xcode/DerivedData/FinancialCalculatorKit-ackorybalcxbfocbkqsfdzcfkgmn/Build/Intermediates.noindex/BigDecimal.build/Debug/BigDecimal.build/DerivedSources/arm64 -Xcc -I/Users/rogerlin/Library/Developer/Xcode/DerivedData/FinancialCalculatorKit-ackorybalcxbfocbkqsfdzcfkgmn/Build/Intermediates.noindex/BigDecimal.build/Debug/BigDecimal.build/DerivedSources -Xcc -DSWIFT_PACKAGE -Xcc -DDEBUG\=1 -no-auto-bridging-header-chaining -module-name BigDecimal -package-name bigdecimal -frontend-parseable-output -disable-clang-spi -target-sdk-version 26.1 -target-sdk-name macosx26.1 -clang-target arm64-apple-macos26.1 -in-process-plugin-server-path /Applications/Xcode.app/Contents/Developer/Toolchains/XcodeDefault.xctoolchain/usr/lib/swift/host/libSwiftInProcPluginServer.dylib -o /Users/rogerlin/Library/Developer/Xcode/DerivedData/FinancialCalculatorKit-ackorybalcxbfocbkqsfdzcfkgmn/Build/Intermediates.noindex/BigDecimal.build/Debug/BigDecimal.build/Objects-normal/arm64/CosCalculator.o -index-unit-output-path /BigDecimal.build/Debug/BigDecimal.build/Objects-normal/arm64/CosCalculator.o -index-store-path /Users/rogerlin/Library/Developer/Xcode/DerivedData/FinancialCalculatorKit-ackorybalcxbfocbkqsfdzcfkgmn/Index.noindex/DataStore -index-system-modules

SwiftCompile normal arm64 /Users/rogerlin/Library/Developer/Xcode/DerivedData/FinancialCalculatorKit-ackorybalcxbfocbkqsfdzcfkgmn/SourcePackages/checkouts/BigDecimal/Sources/BigDecimal/DecimalMath/CosCalculator.swift (in target 'BigDecimal' from project 'BigDecimal')
    cd /Users/rogerlin/XCode-Projects/FinancialCalculatorKit-5.0-updated-accent-colors/FinancialCalculatorKit.xcodeproj
    

SwiftCompile normal arm64 Compiling\ SinCalculator.swift /Users/rogerlin/Library/Developer/Xcode/DerivedData/FinancialCalculatorKit-ackorybalcxbfocbkqsfdzcfkgmn/SourcePackages/checkouts/BigDecimal/Sources/BigDecimal/DecimalMath/SinCalculator.swift (in target 'BigDecimal' from project 'BigDecimal')
/Applications/Xcode.app/Contents/Developer/Toolchains/XcodeDefault.xctoolchain/usr/bin/swift-frontend -frontend -c /Users/rogerlin/Library/Developer/Xcode/DerivedData/FinancialCalculatorKit-ackorybalcxbfocbkqsfdzcfkgmn/SourcePackages/checkouts/BigDecimal/Sources/BigDecimal/BigDecimal.swift /Users/rogerlin/Library/Developer/Xcode/DerivedData/FinancialCalculatorKit-ackorybalcxbfocbkqsfdzcfkgmn/SourcePackages/checkouts/BigDecimal/Sources/BigDecimal/CBDecimal.swift /Users/rogerlin/Library/Developer/Xcode/DerivedData/FinancialCalculatorKit-ackorybalcxbfocbkqsfdzcfkgmn/SourcePackages/checkouts/BigDecimal/Sources/BigDecimal/Decimal.swift /Users/rogerlin/Library/Developer/Xcode/DerivedData/FinancialCalculatorKit-ackorybalcxbfocbkqsfdzcfkgmn/SourcePackages/checkouts/BigDecimal/Sources/BigDecimal/Decimal128.swift /Users/rogerlin/Library/Developer/Xcode/DerivedData/FinancialCalculatorKit-ackorybalcxbfocbkqsfdzcfkgmn/SourcePackages/checkouts/BigDecimal/Sources/BigDecimal/Decimal32.swift /Users/rogerlin/Library/Developer/Xcode/DerivedData/FinancialCalculatorKit-ackorybalcxbfocbkqsfdzcfkgmn/SourcePackages/checkouts/BigDecimal/Sources/BigDecimal/Decimal64.swift /Users/rogerlin/Library/Developer/Xcode/DerivedData/FinancialCalculatorKit-ackorybalcxbfocbkqsfdzcfkgmn/SourcePackages/checkouts/BigDecimal/Sources/BigDecimal/DecimalMath/AsinCalculator.swift /Users/rogerlin/Library/Developer/Xcode/DerivedData/FinancialCalculatorKit-ackorybalcxbfocbkqsfdzcfkgmn/SourcePackages/checkouts/BigDecimal/Sources/BigDecimal/DecimalMath/CosCalculator.swift /Users/rogerlin/Library/Developer/Xcode/DerivedData/FinancialCalculatorKit-ackorybalcxbfocbkqsfdzcfkgmn/SourcePackages/checkouts/BigDecimal/Sources/BigDecimal/DecimalMath/CoshCalculator.swift /Users/rogerlin/Library/Developer/Xcode/DerivedData/FinancialCalculatorKit-ackorybalcxbfocbkqsfdzcfkgmn/SourcePackages/checkouts/BigDecimal/Sources/BigDecimal/DecimalMath/DecimalMath-Simple.swift /Users/rogerlin/Library/Developer/Xcode/DerivedData/FinancialCalculatorKit-ackorybalcxbfocbkqsfdzcfkgmn/SourcePackages/checkouts/BigDecimal/Sources/BigDecimal/DecimalMath/DecimalMath.swift /Users/rogerlin/Library/Developer/Xcode/DerivedData/FinancialCalculatorKit-ackorybalcxbfocbkqsfdzcfkgmn/SourcePackages/checkouts/BigDecimal/Sources/BigDecimal/DecimalMath/ExponentCalculator.swift /Users/rogerlin/Library/Developer/Xcode/DerivedData/FinancialCalculatorKit-ackorybalcxbfocbkqsfdzcfkgmn/SourcePackages/checkouts/BigDecimal/Sources/BigDecimal/DecimalMath/SeriesCalculator.swift -primary-file /Users/rogerlin/Library/Developer/Xcode/DerivedData/FinancialCalculatorKit-ackorybalcxbfocbkqsfdzcfkgmn/SourcePackages/checkouts/BigDecimal/Sources/BigDecimal/DecimalMath/SinCalculator.swift /Users/rogerlin/Library/Developer/Xcode/DerivedData/FinancialCalculatorKit-ackorybalcxbfocbkqsfdzcfkgmn/SourcePackages/checkouts/BigDecimal/Sources/BigDecimal/DecimalMath/SinhCalculator.swift /Users/rogerlin/Library/Developer/Xcode/DerivedData/FinancialCalculatorKit-ackorybalcxbfocbkqsfdzcfkgmn/SourcePackages/checkouts/BigDecimal/Sources/BigDecimal/Support/DecimalFloatingPoint.swift /Users/rogerlin/Library/Developer/Xcode/DerivedData/FinancialCalculatorKit-ackorybalcxbfocbkqsfdzcfkgmn/SourcePackages/checkouts/BigDecimal/Sources/BigDecimal/Support/DecimalLogic.swift /Users/rogerlin/Library/Developer/Xcode/DerivedData/FinancialCalculatorKit-ackorybalcxbfocbkqsfdzcfkgmn/SourcePackages/checkouts/BigDecimal/Sources/BigDecimal/Support/Extensions.swift /Users/rogerlin/Library/Developer/Xcode/DerivedData/FinancialCalculatorKit-ackorybalcxbfocbkqsfdzcfkgmn/SourcePackages/checkouts/BigDecimal/Sources/BigDecimal/Support/Rounding.swift -emit-dependencies-path /Users/rogerlin/Library/Developer/Xcode/DerivedData/FinancialCalculatorKit-ackorybalcxbfocbkqsfdzcfkgmn/Build/Intermediates.noindex/BigDecimal.build/Debug/BigDecimal.build/Objects-normal/arm64/SinCalculator.d -emit-const-values-path /Users/rogerlin/Library/Developer/Xcode/DerivedData/FinancialCalculatorKit-ackorybalcxbfocbkqsfdzcfkgmn/Build/Intermediates.noindex/BigDecimal.build/Debug/BigDecimal.build/Objects-normal/arm64/SinCalculator.swiftconstvalues -emit-reference-dependencies-path /Users/rogerlin/Library/Developer/Xcode/DerivedData/FinancialCalculatorKit-ackorybalcxbfocbkqsfdzcfkgmn/Build/Intermediates.noindex/BigDecimal.build/Debug/BigDecimal.build/Objects-normal/arm64/SinCalculator.swiftdeps -serialize-diagnostics-path /Users/rogerlin/Library/Developer/Xcode/DerivedData/FinancialCalculatorKit-ackorybalcxbfocbkqsfdzcfkgmn/Build/Intermediates.noindex/BigDecimal.build/Debug/BigDecimal.build/Objects-normal/arm64/SinCalculator.dia -target arm64-apple-macos13.3 -load-resolved-plugin /Applications/Xcode.app/Contents/Developer/Platforms/MacOSX.platform/Developer/usr/lib/swift/host/plugins/libFoundationMacros.dylib\#/Applications/Xcode.app/Contents/Developer/Platforms/MacOSX.platform/Developer/usr/bin/swift-plugin-server\#FoundationMacros -load-resolved-plugin /Applications/Xcode.app/Contents/Developer/Platforms/MacOSX.platform/Developer/usr/lib/swift/host/plugins/libObservationMacros.dylib\#/Applications/Xcode.app/Contents/Developer/Platforms/MacOSX.platform/Developer/usr/bin/swift-plugin-server\#ObservationMacros -load-resolved-plugin /Applications/Xcode.app/Contents/Developer/Platforms/MacOSX.platform/Developer/usr/lib/swift/host/plugins/libSwiftMacros.dylib\#/Applications/Xcode.app/Contents/Developer/Platforms/MacOSX.platform/Developer/usr/bin/swift-plugin-server\#SwiftMacros -disable-implicit-swift-modules -Xcc -fno-implicit-modules -Xcc -fno-implicit-module-maps -explicit-swift-module-map-file /Users/rogerlin/Library/Developer/Xcode/DerivedData/FinancialCalculatorKit-ackorybalcxbfocbkqsfdzcfkgmn/Build/Intermediates.noindex/BigDecimal.build/Debug/BigDecimal.build/Objects-normal/arm64/BigDecimal-dependencies-1.json -Xllvm -aarch64-use-tbi -enable-objc-interop -stack-check -sdk /Applications/Xcode.app/Contents/Developer/Platforms/MacOSX.platform/Developer/SDKs/MacOSX26.1.sdk -I /Users/rogerlin/Library/Developer/Xcode/DerivedData/FinancialCalculatorKit-ackorybalcxbfocbkqsfdzcfkgmn/Build/Products/Debug -Isystem /Applications/Xcode.app/Contents/Developer/Platforms/MacOSX.platform/Developer/usr/lib -F /Users/rogerlin/Library/Developer/Xcode/DerivedData/FinancialCalculatorKit-ackorybalcxbfocbkqsfdzcfkgmn/Build/Products/Debug/PackageFrameworks -F /Users/rogerlin/Library/Developer/Xcode/DerivedData/FinancialCalculatorKit-ackorybalcxbfocbkqsfdzcfkgmn/Build/Products/Debug/PackageFrameworks -F /Users/rogerlin/Library/Developer/Xcode/DerivedData/FinancialCalculatorKit-ackorybalcxbfocbkqsfdzcfkgmn/Build/Products/Debug/PackageFrameworks -F /Users/rogerlin/Library/Developer/Xcode/DerivedData/FinancialCalculatorKit-ackorybalcxbfocbkqsfdzcfkgmn/Build/Products/Debug/PackageFrameworks -F /Users/rogerlin/Library/Developer/Xcode/DerivedData/FinancialCalculatorKit-ackorybalcxbfocbkqsfdzcfkgmn/Build/Products/Debug/PackageFrameworks -F /Users/rogerlin/Library/Developer/Xcode/DerivedData/FinancialCalculatorKit-ackorybalcxbfocbkqsfdzcfkgmn/Build/Products/Debug/PackageFrameworks -F /Users/rogerlin/Library/Developer/Xcode/DerivedData/FinancialCalculatorKit-ackorybalcxbfocbkqsfdzcfkgmn/Build/Products/Debug -F /Applications/Xcode.app/Contents/Developer/Platforms/MacOSX.platform/Developer/Library/Frameworks -no-color-diagnostics -Xcc -fno-color-diagnostics -enable-testing -g -debug-info-format\=dwarf -dwarf-version\=4 -module-cache-path /Users/rogerlin/Library/Developer/Xcode/DerivedData/FinancialCalculatorKit-ackorybalcxbfocbkqsfdzcfkgmn/Build/Intermediates.noindex/SwiftExplicitPrecompiledModules -suppress-warnings -profile-generate -profile-coverage-mapping -swift-version 5 -enforce-exclusivity\=checked -Onone -D SWIFT_PACKAGE -D DEBUG -D SWIFT_MODULE_RESOURCE_BUNDLE_UNAVAILABLE -D Xcode -serialize-debugging-options -const-gather-protocols-file /Users/rogerlin/Library/Developer/Xcode/DerivedData/FinancialCalculatorKit-ackorybalcxbfocbkqsfdzcfkgmn/Build/Intermediates.noindex/BigDecimal.build/Debug/BigDecimal.build/Objects-normal/arm64/BigDecimal_const_extract_protocols.json -enable-experimental-feature DebugDescriptionMacro -empty-abi-descriptor -validate-clang-modules-once -clang-build-session-file /Users/rogerlin/Library/Developer/Xcode/DerivedData/ModuleCache.noindex/Session.modulevalidation -Xcc -working-directory -Xcc /Users/rogerlin/XCode-Projects/FinancialCalculatorKit-5.0-updated-accent-colors/FinancialCalculatorKit.xcodeproj -enable-anonymous-context-mangled-names -file-compilation-dir /Users/rogerlin/XCode-Projects/FinancialCalculatorKit-5.0-updated-accent-colors/FinancialCalculatorKit.xcodeproj -Xcc -D_LIBCPP_HARDENING_MODE\=_LIBCPP_HARDENING_MODE_DEBUG -Xcc -ivfsstatcache -Xcc /Users/rogerlin/Library/Developer/Xcode/DerivedData/SDKStatCaches.noindex/macosx26.1-25B74-3ae1261907bdadc328169391a47051a6.sdkstatcache -Xcc -I/Users/rogerlin/Library/Developer/Xcode/DerivedData/FinancialCalculatorKit-ackorybalcxbfocbkqsfdzcfkgmn/Build/Intermediates.noindex/BigDecimal.build/Debug/BigDecimal.build/swift-overrides.hmap -Xcc -I/Users/rogerlin/Library/Developer/Xcode/DerivedData/FinancialCalculatorKit-ackorybalcxbfocbkqsfdzcfkgmn/SourcePackages/checkouts/swift-numerics/Sources/_NumericsShims/include -Xcc -I/Users/rogerlin/Library/Developer/Xcode/DerivedData/FinancialCalculatorKit-ackorybalcxbfocbkqsfdzcfkgmn/Build/Products/Debug/include -Xcc -I/Users/rogerlin/Library/Developer/Xcode/DerivedData/FinancialCalculatorKit-ackorybalcxbfocbkqsfdzcfkgmn/Build/Intermediates.noindex/BigDecimal.build/Debug/BigDecimal.build/DerivedSources-normal/arm64 -Xcc -I/Users/rogerlin/Library/Developer/Xcode/DerivedData/FinancialCalculatorKit-ackorybalcxbfocbkqsfdzcfkgmn/Build/Intermediates.noindex/BigDecimal.build/Debug/BigDecimal.build/DerivedSources/arm64 -Xcc -I/Users/rogerlin/Library/Developer/Xcode/DerivedData/FinancialCalculatorKit-ackorybalcxbfocbkqsfdzcfkgmn/Build/Intermediates.noindex/BigDecimal.build/Debug/BigDecimal.build/DerivedSources -Xcc -DSWIFT_PACKAGE -Xcc -DDEBUG\=1 -no-auto-bridging-header-chaining -module-name BigDecimal -package-name bigdecimal -frontend-parseable-output -disable-clang-spi -target-sdk-version 26.1 -target-sdk-name macosx26.1 -clang-target arm64-apple-macos26.1 -in-process-plugin-server-path /Applications/Xcode.app/Contents/Developer/Toolchains/XcodeDefault.xctoolchain/usr/lib/swift/host/libSwiftInProcPluginServer.dylib -o /Users/rogerlin/Library/Developer/Xcode/DerivedData/FinancialCalculatorKit-ackorybalcxbfocbkqsfdzcfkgmn/Build/Intermediates.noindex/BigDecimal.build/Debug/BigDecimal.build/Objects-normal/arm64/SinCalculator.o -index-unit-output-path /BigDecimal.build/Debug/BigDecimal.build/Objects-normal/arm64/SinCalculator.o -index-store-path /Users/rogerlin/Library/Developer/Xcode/DerivedData/FinancialCalculatorKit-ackorybalcxbfocbkqsfdzcfkgmn/Index.noindex/DataStore -index-system-modules

SwiftCompile normal arm64 /Users/rogerlin/Library/Developer/Xcode/DerivedData/FinancialCalculatorKit-ackorybalcxbfocbkqsfdzcfkgmn/SourcePackages/checkouts/BigDecimal/Sources/BigDecimal/DecimalMath/SinCalculator.swift (in target 'BigDecimal' from project 'BigDecimal')
    cd /Users/rogerlin/XCode-Projects/FinancialCalculatorKit-5.0-updated-accent-colors/FinancialCalculatorKit.xcodeproj
    

SwiftCompile normal arm64 Compiling\ Extensions.swift /Users/rogerlin/Library/Developer/Xcode/DerivedData/FinancialCalculatorKit-ackorybalcxbfocbkqsfdzcfkgmn/SourcePackages/checkouts/BigDecimal/Sources/BigDecimal/Support/Extensions.swift (in target 'BigDecimal' from project 'BigDecimal')
/Applications/Xcode.app/Contents/Developer/Toolchains/XcodeDefault.xctoolchain/usr/bin/swift-frontend -frontend -c /Users/rogerlin/Library/Developer/Xcode/DerivedData/FinancialCalculatorKit-ackorybalcxbfocbkqsfdzcfkgmn/SourcePackages/checkouts/BigDecimal/Sources/BigDecimal/BigDecimal.swift /Users/rogerlin/Library/Developer/Xcode/DerivedData/FinancialCalculatorKit-ackorybalcxbfocbkqsfdzcfkgmn/SourcePackages/checkouts/BigDecimal/Sources/BigDecimal/CBDecimal.swift /Users/rogerlin/Library/Developer/Xcode/DerivedData/FinancialCalculatorKit-ackorybalcxbfocbkqsfdzcfkgmn/SourcePackages/checkouts/BigDecimal/Sources/BigDecimal/Decimal.swift /Users/rogerlin/Library/Developer/Xcode/DerivedData/FinancialCalculatorKit-ackorybalcxbfocbkqsfdzcfkgmn/SourcePackages/checkouts/BigDecimal/Sources/BigDecimal/Decimal128.swift /Users/rogerlin/Library/Developer/Xcode/DerivedData/FinancialCalculatorKit-ackorybalcxbfocbkqsfdzcfkgmn/SourcePackages/checkouts/BigDecimal/Sources/BigDecimal/Decimal32.swift /Users/rogerlin/Library/Developer/Xcode/DerivedData/FinancialCalculatorKit-ackorybalcxbfocbkqsfdzcfkgmn/SourcePackages/checkouts/BigDecimal/Sources/BigDecimal/Decimal64.swift /Users/rogerlin/Library/Developer/Xcode/DerivedData/FinancialCalculatorKit-ackorybalcxbfocbkqsfdzcfkgmn/SourcePackages/checkouts/BigDecimal/Sources/BigDecimal/DecimalMath/AsinCalculator.swift /Users/rogerlin/Library/Developer/Xcode/DerivedData/FinancialCalculatorKit-ackorybalcxbfocbkqsfdzcfkgmn/SourcePackages/checkouts/BigDecimal/Sources/BigDecimal/DecimalMath/CosCalculator.swift /Users/rogerlin/Library/Developer/Xcode/DerivedData/FinancialCalculatorKit-ackorybalcxbfocbkqsfdzcfkgmn/SourcePackages/checkouts/BigDecimal/Sources/BigDecimal/DecimalMath/CoshCalculator.swift /Users/rogerlin/Library/Developer/Xcode/DerivedData/FinancialCalculatorKit-ackorybalcxbfocbkqsfdzcfkgmn/SourcePackages/checkouts/BigDecimal/Sources/BigDecimal/DecimalMath/DecimalMath-Simple.swift /Users/rogerlin/Library/Developer/Xcode/DerivedData/FinancialCalculatorKit-ackorybalcxbfocbkqsfdzcfkgmn/SourcePackages/checkouts/BigDecimal/Sources/BigDecimal/DecimalMath/DecimalMath.swift /Users/rogerlin/Library/Developer/Xcode/DerivedData/FinancialCalculatorKit-ackorybalcxbfocbkqsfdzcfkgmn/SourcePackages/checkouts/BigDecimal/Sources/BigDecimal/DecimalMath/ExponentCalculator.swift /Users/rogerlin/Library/Developer/Xcode/DerivedData/FinancialCalculatorKit-ackorybalcxbfocbkqsfdzcfkgmn/SourcePackages/checkouts/BigDecimal/Sources/BigDecimal/DecimalMath/SeriesCalculator.swift /Users/rogerlin/Library/Developer/Xcode/DerivedData/FinancialCalculatorKit-ackorybalcxbfocbkqsfdzcfkgmn/SourcePackages/checkouts/BigDecimal/Sources/BigDecimal/DecimalMath/SinCalculator.swift /Users/rogerlin/Library/Developer/Xcode/DerivedData/FinancialCalculatorKit-ackorybalcxbfocbkqsfdzcfkgmn/SourcePackages/checkouts/BigDecimal/Sources/BigDecimal/DecimalMath/SinhCalculator.swift /Users/rogerlin/Library/Developer/Xcode/DerivedData/FinancialCalculatorKit-ackorybalcxbfocbkqsfdzcfkgmn/SourcePackages/checkouts/BigDecimal/Sources/BigDecimal/Support/DecimalFloatingPoint.swift /Users/rogerlin/Library/Developer/Xcode/DerivedData/FinancialCalculatorKit-ackorybalcxbfocbkqsfdzcfkgmn/SourcePackages/checkouts/BigDecimal/Sources/BigDecimal/Support/DecimalLogic.swift -primary-file /Users/rogerlin/Library/Developer/Xcode/DerivedData/FinancialCalculatorKit-ackorybalcxbfocbkqsfdzcfkgmn/SourcePackages/checkouts/BigDecimal/Sources/BigDecimal/Support/Extensions.swift /Users/rogerlin/Library/Developer/Xcode/DerivedData/FinancialCalculatorKit-ackorybalcxbfocbkqsfdzcfkgmn/SourcePackages/checkouts/BigDecimal/Sources/BigDecimal/Support/Rounding.swift -emit-dependencies-path /Users/rogerlin/Library/Developer/Xcode/DerivedData/FinancialCalculatorKit-ackorybalcxbfocbkqsfdzcfkgmn/Build/Intermediates.noindex/BigDecimal.build/Debug/BigDecimal.build/Objects-normal/arm64/Extensions.d -emit-const-values-path /Users/rogerlin/Library/Developer/Xcode/DerivedData/FinancialCalculatorKit-ackorybalcxbfocbkqsfdzcfkgmn/Build/Intermediates.noindex/BigDecimal.build/Debug/BigDecimal.build/Objects-normal/arm64/Extensions.swiftconstvalues -emit-reference-dependencies-path /Users/rogerlin/Library/Developer/Xcode/DerivedData/FinancialCalculatorKit-ackorybalcxbfocbkqsfdzcfkgmn/Build/Intermediates.noindex/BigDecimal.build/Debug/BigDecimal.build/Objects-normal/arm64/Extensions.swiftdeps -serialize-diagnostics-path /Users/rogerlin/Library/Developer/Xcode/DerivedData/FinancialCalculatorKit-ackorybalcxbfocbkqsfdzcfkgmn/Build/Intermediates.noindex/BigDecimal.build/Debug/BigDecimal.build/Objects-normal/arm64/Extensions.dia -target arm64-apple-macos13.3 -load-resolved-plugin /Applications/Xcode.app/Contents/Developer/Platforms/MacOSX.platform/Developer/usr/lib/swift/host/plugins/libFoundationMacros.dylib\#/Applications/Xcode.app/Contents/Developer/Platforms/MacOSX.platform/Developer/usr/bin/swift-plugin-server\#FoundationMacros -load-resolved-plugin /Applications/Xcode.app/Contents/Developer/Platforms/MacOSX.platform/Developer/usr/lib/swift/host/plugins/libObservationMacros.dylib\#/Applications/Xcode.app/Contents/Developer/Platforms/MacOSX.platform/Developer/usr/bin/swift-plugin-server\#ObservationMacros -load-resolved-plugin /Applications/Xcode.app/Contents/Developer/Platforms/MacOSX.platform/Developer/usr/lib/swift/host/plugins/libSwiftMacros.dylib\#/Applications/Xcode.app/Contents/Developer/Platforms/MacOSX.platform/Developer/usr/bin/swift-plugin-server\#SwiftMacros -disable-implicit-swift-modules -Xcc -fno-implicit-modules -Xcc -fno-implicit-module-maps -explicit-swift-module-map-file /Users/rogerlin/Library/Developer/Xcode/DerivedData/FinancialCalculatorKit-ackorybalcxbfocbkqsfdzcfkgmn/Build/Intermediates.noindex/BigDecimal.build/Debug/BigDecimal.build/Objects-normal/arm64/BigDecimal-dependencies-1.json -Xllvm -aarch64-use-tbi -enable-objc-interop -stack-check -sdk /Applications/Xcode.app/Contents/Developer/Platforms/MacOSX.platform/Developer/SDKs/MacOSX26.1.sdk -I /Users/rogerlin/Library/Developer/Xcode/DerivedData/FinancialCalculatorKit-ackorybalcxbfocbkqsfdzcfkgmn/Build/Products/Debug -Isystem /Applications/Xcode.app/Contents/Developer/Platforms/MacOSX.platform/Developer/usr/lib -F /Users/rogerlin/Library/Developer/Xcode/DerivedData/FinancialCalculatorKit-ackorybalcxbfocbkqsfdzcfkgmn/Build/Products/Debug/PackageFrameworks -F /Users/rogerlin/Library/Developer/Xcode/DerivedData/FinancialCalculatorKit-ackorybalcxbfocbkqsfdzcfkgmn/Build/Products/Debug/PackageFrameworks -F /Users/rogerlin/Library/Developer/Xcode/DerivedData/FinancialCalculatorKit-ackorybalcxbfocbkqsfdzcfkgmn/Build/Products/Debug/PackageFrameworks -F /Users/rogerlin/Library/Developer/Xcode/DerivedData/FinancialCalculatorKit-ackorybalcxbfocbkqsfdzcfkgmn/Build/Products/Debug/PackageFrameworks -F /Users/rogerlin/Library/Developer/Xcode/DerivedData/FinancialCalculatorKit-ackorybalcxbfocbkqsfdzcfkgmn/Build/Products/Debug/PackageFrameworks -F /Users/rogerlin/Library/Developer/Xcode/DerivedData/FinancialCalculatorKit-ackorybalcxbfocbkqsfdzcfkgmn/Build/Products/Debug/PackageFrameworks -F /Users/rogerlin/Library/Developer/Xcode/DerivedData/FinancialCalculatorKit-ackorybalcxbfocbkqsfdzcfkgmn/Build/Products/Debug -F /Applications/Xcode.app/Contents/Developer/Platforms/MacOSX.platform/Developer/Library/Frameworks -no-color-diagnostics -Xcc -fno-color-diagnostics -enable-testing -g -debug-info-format\=dwarf -dwarf-version\=4 -module-cache-path /Users/rogerlin/Library/Developer/Xcode/DerivedData/FinancialCalculatorKit-ackorybalcxbfocbkqsfdzcfkgmn/Build/Intermediates.noindex/SwiftExplicitPrecompiledModules -suppress-warnings -profile-generate -profile-coverage-mapping -swift-version 5 -enforce-exclusivity\=checked -Onone -D SWIFT_PACKAGE -D DEBUG -D SWIFT_MODULE_RESOURCE_BUNDLE_UNAVAILABLE -D Xcode -serialize-debugging-options -const-gather-protocols-file /Users/rogerlin/Library/Developer/Xcode/DerivedData/FinancialCalculatorKit-ackorybalcxbfocbkqsfdzcfkgmn/Build/Intermediates.noindex/BigDecimal.build/Debug/BigDecimal.build/Objects-normal/arm64/BigDecimal_const_extract_protocols.json -enable-experimental-feature DebugDescriptionMacro -empty-abi-descriptor -validate-clang-modules-once -clang-build-session-file /Users/rogerlin/Library/Developer/Xcode/DerivedData/ModuleCache.noindex/Session.modulevalidation -Xcc -working-directory -Xcc /Users/rogerlin/XCode-Projects/FinancialCalculatorKit-5.0-updated-accent-colors/FinancialCalculatorKit.xcodeproj -enable-anonymous-context-mangled-names -file-compilation-dir /Users/rogerlin/XCode-Projects/FinancialCalculatorKit-5.0-updated-accent-colors/FinancialCalculatorKit.xcodeproj -Xcc -D_LIBCPP_HARDENING_MODE\=_LIBCPP_HARDENING_MODE_DEBUG -Xcc -ivfsstatcache -Xcc /Users/rogerlin/Library/Developer/Xcode/DerivedData/SDKStatCaches.noindex/macosx26.1-25B74-3ae1261907bdadc328169391a47051a6.sdkstatcache -Xcc -I/Users/rogerlin/Library/Developer/Xcode/DerivedData/FinancialCalculatorKit-ackorybalcxbfocbkqsfdzcfkgmn/Build/Intermediates.noindex/BigDecimal.build/Debug/BigDecimal.build/swift-overrides.hmap -Xcc -I/Users/rogerlin/Library/Developer/Xcode/DerivedData/FinancialCalculatorKit-ackorybalcxbfocbkqsfdzcfkgmn/SourcePackages/checkouts/swift-numerics/Sources/_NumericsShims/include -Xcc -I/Users/rogerlin/Library/Developer/Xcode/DerivedData/FinancialCalculatorKit-ackorybalcxbfocbkqsfdzcfkgmn/Build/Products/Debug/include -Xcc -I/Users/rogerlin/Library/Developer/Xcode/DerivedData/FinancialCalculatorKit-ackorybalcxbfocbkqsfdzcfkgmn/Build/Intermediates.noindex/BigDecimal.build/Debug/BigDecimal.build/DerivedSources-normal/arm64 -Xcc -I/Users/rogerlin/Library/Developer/Xcode/DerivedData/FinancialCalculatorKit-ackorybalcxbfocbkqsfdzcfkgmn/Build/Intermediates.noindex/BigDecimal.build/Debug/BigDecimal.build/DerivedSources/arm64 -Xcc -I/Users/rogerlin/Library/Developer/Xcode/DerivedData/FinancialCalculatorKit-ackorybalcxbfocbkqsfdzcfkgmn/Build/Intermediates.noindex/BigDecimal.build/Debug/BigDecimal.build/DerivedSources -Xcc -DSWIFT_PACKAGE -Xcc -DDEBUG\=1 -no-auto-bridging-header-chaining -module-name BigDecimal -package-name bigdecimal -frontend-parseable-output -disable-clang-spi -target-sdk-version 26.1 -target-sdk-name macosx26.1 -clang-target arm64-apple-macos26.1 -in-process-plugin-server-path /Applications/Xcode.app/Contents/Developer/Toolchains/XcodeDefault.xctoolchain/usr/lib/swift/host/libSwiftInProcPluginServer.dylib -o /Users/rogerlin/Library/Developer/Xcode/DerivedData/FinancialCalculatorKit-ackorybalcxbfocbkqsfdzcfkgmn/Build/Intermediates.noindex/BigDecimal.build/Debug/BigDecimal.build/Objects-normal/arm64/Extensions.o -index-unit-output-path /BigDecimal.build/Debug/BigDecimal.build/Objects-normal/arm64/Extensions.o -index-store-path /Users/rogerlin/Library/Developer/Xcode/DerivedData/FinancialCalculatorKit-ackorybalcxbfocbkqsfdzcfkgmn/Index.noindex/DataStore -index-system-modules

SwiftCompile normal arm64 /Users/rogerlin/Library/Developer/Xcode/DerivedData/FinancialCalculatorKit-ackorybalcxbfocbkqsfdzcfkgmn/SourcePackages/checkouts/BigDecimal/Sources/BigDecimal/Support/Extensions.swift (in target 'BigDecimal' from project 'BigDecimal')
    cd /Users/rogerlin/XCode-Projects/FinancialCalculatorKit-5.0-updated-accent-colors/FinancialCalculatorKit.xcodeproj
    

SwiftDriverJobDiscovery normal arm64 Compiling Exports.swift (in target 'XCTestDynamicOverlay' from project 'xctest-dynamic-overlay')

SwiftCompile normal arm64 Compiling\ DecimalLogic.swift /Users/rogerlin/Library/Developer/Xcode/DerivedData/FinancialCalculatorKit-ackorybalcxbfocbkqsfdzcfkgmn/SourcePackages/checkouts/BigDecimal/Sources/BigDecimal/Support/DecimalLogic.swift (in target 'BigDecimal' from project 'BigDecimal')
/Applications/Xcode.app/Contents/Developer/Toolchains/XcodeDefault.xctoolchain/usr/bin/swift-frontend -frontend -c /Users/rogerlin/Library/Developer/Xcode/DerivedData/FinancialCalculatorKit-ackorybalcxbfocbkqsfdzcfkgmn/SourcePackages/checkouts/BigDecimal/Sources/BigDecimal/BigDecimal.swift /Users/rogerlin/Library/Developer/Xcode/DerivedData/FinancialCalculatorKit-ackorybalcxbfocbkqsfdzcfkgmn/SourcePackages/checkouts/BigDecimal/Sources/BigDecimal/CBDecimal.swift /Users/rogerlin/Library/Developer/Xcode/DerivedData/FinancialCalculatorKit-ackorybalcxbfocbkqsfdzcfkgmn/SourcePackages/checkouts/BigDecimal/Sources/BigDecimal/Decimal.swift /Users/rogerlin/Library/Developer/Xcode/DerivedData/FinancialCalculatorKit-ackorybalcxbfocbkqsfdzcfkgmn/SourcePackages/checkouts/BigDecimal/Sources/BigDecimal/Decimal128.swift /Users/rogerlin/Library/Developer/Xcode/DerivedData/FinancialCalculatorKit-ackorybalcxbfocbkqsfdzcfkgmn/SourcePackages/checkouts/BigDecimal/Sources/BigDecimal/Decimal32.swift /Users/rogerlin/Library/Developer/Xcode/DerivedData/FinancialCalculatorKit-ackorybalcxbfocbkqsfdzcfkgmn/SourcePackages/checkouts/BigDecimal/Sources/BigDecimal/Decimal64.swift /Users/rogerlin/Library/Developer/Xcode/DerivedData/FinancialCalculatorKit-ackorybalcxbfocbkqsfdzcfkgmn/SourcePackages/checkouts/BigDecimal/Sources/BigDecimal/DecimalMath/AsinCalculator.swift /Users/rogerlin/Library/Developer/Xcode/DerivedData/FinancialCalculatorKit-ackorybalcxbfocbkqsfdzcfkgmn/SourcePackages/checkouts/BigDecimal/Sources/BigDecimal/DecimalMath/CosCalculator.swift /Users/rogerlin/Library/Developer/Xcode/DerivedData/FinancialCalculatorKit-ackorybalcxbfocbkqsfdzcfkgmn/SourcePackages/checkouts/BigDecimal/Sources/BigDecimal/DecimalMath/CoshCalculator.swift /Users/rogerlin/Library/Developer/Xcode/DerivedData/FinancialCalculatorKit-ackorybalcxbfocbkqsfdzcfkgmn/SourcePackages/checkouts/BigDecimal/Sources/BigDecimal/DecimalMath/DecimalMath-Simple.swift /Users/rogerlin/Library/Developer/Xcode/DerivedData/FinancialCalculatorKit-ackorybalcxbfocbkqsfdzcfkgmn/SourcePackages/checkouts/BigDecimal/Sources/BigDecimal/DecimalMath/DecimalMath.swift /Users/rogerlin/Library/Developer/Xcode/DerivedData/FinancialCalculatorKit-ackorybalcxbfocbkqsfdzcfkgmn/SourcePackages/checkouts/BigDecimal/Sources/BigDecimal/DecimalMath/ExponentCalculator.swift /Users/rogerlin/Library/Developer/Xcode/DerivedData/FinancialCalculatorKit-ackorybalcxbfocbkqsfdzcfkgmn/SourcePackages/checkouts/BigDecimal/Sources/BigDecimal/DecimalMath/SeriesCalculator.swift /Users/rogerlin/Library/Developer/Xcode/DerivedData/FinancialCalculatorKit-ackorybalcxbfocbkqsfdzcfkgmn/SourcePackages/checkouts/BigDecimal/Sources/BigDecimal/DecimalMath/SinCalculator.swift /Users/rogerlin/Library/Developer/Xcode/DerivedData/FinancialCalculatorKit-ackorybalcxbfocbkqsfdzcfkgmn/SourcePackages/checkouts/BigDecimal/Sources/BigDecimal/DecimalMath/SinhCalculator.swift /Users/rogerlin/Library/Developer/Xcode/DerivedData/FinancialCalculatorKit-ackorybalcxbfocbkqsfdzcfkgmn/SourcePackages/checkouts/BigDecimal/Sources/BigDecimal/Support/DecimalFloatingPoint.swift -primary-file /Users/rogerlin/Library/Developer/Xcode/DerivedData/FinancialCalculatorKit-ackorybalcxbfocbkqsfdzcfkgmn/SourcePackages/checkouts/BigDecimal/Sources/BigDecimal/Support/DecimalLogic.swift /Users/rogerlin/Library/Developer/Xcode/DerivedData/FinancialCalculatorKit-ackorybalcxbfocbkqsfdzcfkgmn/SourcePackages/checkouts/BigDecimal/Sources/BigDecimal/Support/Extensions.swift /Users/rogerlin/Library/Developer/Xcode/DerivedData/FinancialCalculatorKit-ackorybalcxbfocbkqsfdzcfkgmn/SourcePackages/checkouts/BigDecimal/Sources/BigDecimal/Support/Rounding.swift -emit-dependencies-path /Users/rogerlin/Library/Developer/Xcode/DerivedData/FinancialCalculatorKit-ackorybalcxbfocbkqsfdzcfkgmn/Build/Intermediates.noindex/BigDecimal.build/Debug/BigDecimal.build/Objects-normal/arm64/DecimalLogic.d -emit-const-values-path /Users/rogerlin/Library/Developer/Xcode/DerivedData/FinancialCalculatorKit-ackorybalcxbfocbkqsfdzcfkgmn/Build/Intermediates.noindex/BigDecimal.build/Debug/BigDecimal.build/Objects-normal/arm64/DecimalLogic.swiftconstvalues -emit-reference-dependencies-path /Users/rogerlin/Library/Developer/Xcode/DerivedData/FinancialCalculatorKit-ackorybalcxbfocbkqsfdzcfkgmn/Build/Intermediates.noindex/BigDecimal.build/Debug/BigDecimal.build/Objects-normal/arm64/DecimalLogic.swiftdeps -serialize-diagnostics-path /Users/rogerlin/Library/Developer/Xcode/DerivedData/FinancialCalculatorKit-ackorybalcxbfocbkqsfdzcfkgmn/Build/Intermediates.noindex/BigDecimal.build/Debug/BigDecimal.build/Objects-normal/arm64/DecimalLogic.dia -target arm64-apple-macos13.3 -load-resolved-plugin /Applications/Xcode.app/Contents/Developer/Platforms/MacOSX.platform/Developer/usr/lib/swift/host/plugins/libFoundationMacros.dylib\#/Applications/Xcode.app/Contents/Developer/Platforms/MacOSX.platform/Developer/usr/bin/swift-plugin-server\#FoundationMacros -load-resolved-plugin /Applications/Xcode.app/Contents/Developer/Platforms/MacOSX.platform/Developer/usr/lib/swift/host/plugins/libObservationMacros.dylib\#/Applications/Xcode.app/Contents/Developer/Platforms/MacOSX.platform/Developer/usr/bin/swift-plugin-server\#ObservationMacros -load-resolved-plugin /Applications/Xcode.app/Contents/Developer/Platforms/MacOSX.platform/Developer/usr/lib/swift/host/plugins/libSwiftMacros.dylib\#/Applications/Xcode.app/Contents/Developer/Platforms/MacOSX.platform/Developer/usr/bin/swift-plugin-server\#SwiftMacros -disable-implicit-swift-modules -Xcc -fno-implicit-modules -Xcc -fno-implicit-module-maps -explicit-swift-module-map-file /Users/rogerlin/Library/Developer/Xcode/DerivedData/FinancialCalculatorKit-ackorybalcxbfocbkqsfdzcfkgmn/Build/Intermediates.noindex/BigDecimal.build/Debug/BigDecimal.build/Objects-normal/arm64/BigDecimal-dependencies-1.json -Xllvm -aarch64-use-tbi -enable-objc-interop -stack-check -sdk /Applications/Xcode.app/Contents/Developer/Platforms/MacOSX.platform/Developer/SDKs/MacOSX26.1.sdk -I /Users/rogerlin/Library/Developer/Xcode/DerivedData/FinancialCalculatorKit-ackorybalcxbfocbkqsfdzcfkgmn/Build/Products/Debug -Isystem /Applications/Xcode.app/Contents/Developer/Platforms/MacOSX.platform/Developer/usr/lib -F /Users/rogerlin/Library/Developer/Xcode/DerivedData/FinancialCalculatorKit-ackorybalcxbfocbkqsfdzcfkgmn/Build/Products/Debug/PackageFrameworks -F /Users/rogerlin/Library/Developer/Xcode/DerivedData/FinancialCalculatorKit-ackorybalcxbfocbkqsfdzcfkgmn/Build/Products/Debug/PackageFrameworks -F /Users/rogerlin/Library/Developer/Xcode/DerivedData/FinancialCalculatorKit-ackorybalcxbfocbkqsfdzcfkgmn/Build/Products/Debug/PackageFrameworks -F /Users/rogerlin/Library/Developer/Xcode/DerivedData/FinancialCalculatorKit-ackorybalcxbfocbkqsfdzcfkgmn/Build/Products/Debug/PackageFrameworks -F /Users/rogerlin/Library/Developer/Xcode/DerivedData/FinancialCalculatorKit-ackorybalcxbfocbkqsfdzcfkgmn/Build/Products/Debug/PackageFrameworks -F /Users/rogerlin/Library/Developer/Xcode/DerivedData/FinancialCalculatorKit-ackorybalcxbfocbkqsfdzcfkgmn/Build/Products/Debug/PackageFrameworks -F /Users/rogerlin/Library/Developer/Xcode/DerivedData/FinancialCalculatorKit-ackorybalcxbfocbkqsfdzcfkgmn/Build/Products/Debug -F /Applications/Xcode.app/Contents/Developer/Platforms/MacOSX.platform/Developer/Library/Frameworks -no-color-diagnostics -Xcc -fno-color-diagnostics -enable-testing -g -debug-info-format\=dwarf -dwarf-version\=4 -module-cache-path /Users/rogerlin/Library/Developer/Xcode/DerivedData/FinancialCalculatorKit-ackorybalcxbfocbkqsfdzcfkgmn/Build/Intermediates.noindex/SwiftExplicitPrecompiledModules -suppress-warnings -profile-generate -profile-coverage-mapping -swift-version 5 -enforce-exclusivity\=checked -Onone -D SWIFT_PACKAGE -D DEBUG -D SWIFT_MODULE_RESOURCE_BUNDLE_UNAVAILABLE -D Xcode -serialize-debugging-options -const-gather-protocols-file /Users/rogerlin/Library/Developer/Xcode/DerivedData/FinancialCalculatorKit-ackorybalcxbfocbkqsfdzcfkgmn/Build/Intermediates.noindex/BigDecimal.build/Debug/BigDecimal.build/Objects-normal/arm64/BigDecimal_const_extract_protocols.json -enable-experimental-feature DebugDescriptionMacro -empty-abi-descriptor -validate-clang-modules-once -clang-build-session-file /Users/rogerlin/Library/Developer/Xcode/DerivedData/ModuleCache.noindex/Session.modulevalidation -Xcc -working-directory -Xcc /Users/rogerlin/XCode-Projects/FinancialCalculatorKit-5.0-updated-accent-colors/FinancialCalculatorKit.xcodeproj -enable-anonymous-context-mangled-names -file-compilation-dir /Users/rogerlin/XCode-Projects/FinancialCalculatorKit-5.0-updated-accent-colors/FinancialCalculatorKit.xcodeproj -Xcc -D_LIBCPP_HARDENING_MODE\=_LIBCPP_HARDENING_MODE_DEBUG -Xcc -ivfsstatcache -Xcc /Users/rogerlin/Library/Developer/Xcode/DerivedData/SDKStatCaches.noindex/macosx26.1-25B74-3ae1261907bdadc328169391a47051a6.sdkstatcache -Xcc -I/Users/rogerlin/Library/Developer/Xcode/DerivedData/FinancialCalculatorKit-ackorybalcxbfocbkqsfdzcfkgmn/Build/Intermediates.noindex/BigDecimal.build/Debug/BigDecimal.build/swift-overrides.hmap -Xcc -I/Users/rogerlin/Library/Developer/Xcode/DerivedData/FinancialCalculatorKit-ackorybalcxbfocbkqsfdzcfkgmn/SourcePackages/checkouts/swift-numerics/Sources/_NumericsShims/include -Xcc -I/Users/rogerlin/Library/Developer/Xcode/DerivedData/FinancialCalculatorKit-ackorybalcxbfocbkqsfdzcfkgmn/Build/Products/Debug/include -Xcc -I/Users/rogerlin/Library/Developer/Xcode/DerivedData/FinancialCalculatorKit-ackorybalcxbfocbkqsfdzcfkgmn/Build/Intermediates.noindex/BigDecimal.build/Debug/BigDecimal.build/DerivedSources-normal/arm64 -Xcc -I/Users/rogerlin/Library/Developer/Xcode/DerivedData/FinancialCalculatorKit-ackorybalcxbfocbkqsfdzcfkgmn/Build/Intermediates.noindex/BigDecimal.build/Debug/BigDecimal.build/DerivedSources/arm64 -Xcc -I/Users/rogerlin/Library/Developer/Xcode/DerivedData/FinancialCalculatorKit-ackorybalcxbfocbkqsfdzcfkgmn/Build/Intermediates.noindex/BigDecimal.build/Debug/BigDecimal.build/DerivedSources -Xcc -DSWIFT_PACKAGE -Xcc -DDEBUG\=1 -no-auto-bridging-header-chaining -module-name BigDecimal -package-name bigdecimal -frontend-parseable-output -disable-clang-spi -target-sdk-version 26.1 -target-sdk-name macosx26.1 -clang-target arm64-apple-macos26.1 -in-process-plugin-server-path /Applications/Xcode.app/Contents/Developer/Toolchains/XcodeDefault.xctoolchain/usr/lib/swift/host/libSwiftInProcPluginServer.dylib -o /Users/rogerlin/Library/Developer/Xcode/DerivedData/FinancialCalculatorKit-ackorybalcxbfocbkqsfdzcfkgmn/Build/Intermediates.noindex/BigDecimal.build/Debug/BigDecimal.build/Objects-normal/arm64/DecimalLogic.o -index-unit-output-path /BigDecimal.build/Debug/BigDecimal.build/Objects-normal/arm64/DecimalLogic.o -index-store-path /Users/rogerlin/Library/Developer/Xcode/DerivedData/FinancialCalculatorKit-ackorybalcxbfocbkqsfdzcfkgmn/Index.noindex/DataStore -index-system-modules

SwiftCompile normal arm64 /Users/rogerlin/Library/Developer/Xcode/DerivedData/FinancialCalculatorKit-ackorybalcxbfocbkqsfdzcfkgmn/SourcePackages/checkouts/BigDecimal/Sources/BigDecimal/Support/DecimalLogic.swift (in target 'BigDecimal' from project 'BigDecimal')
    cd /Users/rogerlin/XCode-Projects/FinancialCalculatorKit-5.0-updated-accent-colors/FinancialCalculatorKit.xcodeproj
    

SwiftDriverJobDiscovery normal arm64 Compiling FFT.swift (in target 'BigInt' from project 'BigInt')

SwiftCompile normal arm64 Compiling\ Decimal32.swift,\ Decimal64.swift /Users/rogerlin/Library/Developer/Xcode/DerivedData/FinancialCalculatorKit-ackorybalcxbfocbkqsfdzcfkgmn/SourcePackages/checkouts/BigDecimal/Sources/BigDecimal/Decimal32.swift /Users/rogerlin/Library/Developer/Xcode/DerivedData/FinancialCalculatorKit-ackorybalcxbfocbkqsfdzcfkgmn/SourcePackages/checkouts/BigDecimal/Sources/BigDecimal/Decimal64.swift (in target 'BigDecimal' from project 'BigDecimal')
/Applications/Xcode.app/Contents/Developer/Toolchains/XcodeDefault.xctoolchain/usr/bin/swift-frontend -frontend -c /Users/rogerlin/Library/Developer/Xcode/DerivedData/FinancialCalculatorKit-ackorybalcxbfocbkqsfdzcfkgmn/SourcePackages/checkouts/BigDecimal/Sources/BigDecimal/BigDecimal.swift /Users/rogerlin/Library/Developer/Xcode/DerivedData/FinancialCalculatorKit-ackorybalcxbfocbkqsfdzcfkgmn/SourcePackages/checkouts/BigDecimal/Sources/BigDecimal/CBDecimal.swift /Users/rogerlin/Library/Developer/Xcode/DerivedData/FinancialCalculatorKit-ackorybalcxbfocbkqsfdzcfkgmn/SourcePackages/checkouts/BigDecimal/Sources/BigDecimal/Decimal.swift /Users/rogerlin/Library/Developer/Xcode/DerivedData/FinancialCalculatorKit-ackorybalcxbfocbkqsfdzcfkgmn/SourcePackages/checkouts/BigDecimal/Sources/BigDecimal/Decimal128.swift -primary-file /Users/rogerlin/Library/Developer/Xcode/DerivedData/FinancialCalculatorKit-ackorybalcxbfocbkqsfdzcfkgmn/SourcePackages/checkouts/BigDecimal/Sources/BigDecimal/Decimal32.swift -primary-file /Users/rogerlin/Library/Developer/Xcode/DerivedData/FinancialCalculatorKit-ackorybalcxbfocbkqsfdzcfkgmn/SourcePackages/checkouts/BigDecimal/Sources/BigDecimal/Decimal64.swift /Users/rogerlin/Library/Developer/Xcode/DerivedData/FinancialCalculatorKit-ackorybalcxbfocbkqsfdzcfkgmn/SourcePackages/checkouts/BigDecimal/Sources/BigDecimal/DecimalMath/AsinCalculator.swift /Users/rogerlin/Library/Developer/Xcode/DerivedData/FinancialCalculatorKit-ackorybalcxbfocbkqsfdzcfkgmn/SourcePackages/checkouts/BigDecimal/Sources/BigDecimal/DecimalMath/CosCalculator.swift /Users/rogerlin/Library/Developer/Xcode/DerivedData/FinancialCalculatorKit-ackorybalcxbfocbkqsfdzcfkgmn/SourcePackages/checkouts/BigDecimal/Sources/BigDecimal/DecimalMath/CoshCalculator.swift /Users/rogerlin/Library/Developer/Xcode/DerivedData/FinancialCalculatorKit-ackorybalcxbfocbkqsfdzcfkgmn/SourcePackages/checkouts/BigDecimal/Sources/BigDecimal/DecimalMath/DecimalMath-Simple.swift /Users/rogerlin/Library/Developer/Xcode/DerivedData/FinancialCalculatorKit-ackorybalcxbfocbkqsfdzcfkgmn/SourcePackages/checkouts/BigDecimal/Sources/BigDecimal/DecimalMath/DecimalMath.swift /Users/rogerlin/Library/Developer/Xcode/DerivedData/FinancialCalculatorKit-ackorybalcxbfocbkqsfdzcfkgmn/SourcePackages/checkouts/BigDecimal/Sources/BigDecimal/DecimalMath/ExponentCalculator.swift /Users/rogerlin/Library/Developer/Xcode/DerivedData/FinancialCalculatorKit-ackorybalcxbfocbkqsfdzcfkgmn/SourcePackages/checkouts/BigDecimal/Sources/BigDecimal/DecimalMath/SeriesCalculator.swift /Users/rogerlin/Library/Developer/Xcode/DerivedData/FinancialCalculatorKit-ackorybalcxbfocbkqsfdzcfkgmn/SourcePackages/checkouts/BigDecimal/Sources/BigDecimal/DecimalMath/SinCalculator.swift /Users/rogerlin/Library/Developer/Xcode/DerivedData/FinancialCalculatorKit-ackorybalcxbfocbkqsfdzcfkgmn/SourcePackages/checkouts/BigDecimal/Sources/BigDecimal/DecimalMath/SinhCalculator.swift /Users/rogerlin/Library/Developer/Xcode/DerivedData/FinancialCalculatorKit-ackorybalcxbfocbkqsfdzcfkgmn/SourcePackages/checkouts/BigDecimal/Sources/BigDecimal/Support/DecimalFloatingPoint.swift /Users/rogerlin/Library/Developer/Xcode/DerivedData/FinancialCalculatorKit-ackorybalcxbfocbkqsfdzcfkgmn/SourcePackages/checkouts/BigDecimal/Sources/BigDecimal/Support/DecimalLogic.swift /Users/rogerlin/Library/Developer/Xcode/DerivedData/FinancialCalculatorKit-ackorybalcxbfocbkqsfdzcfkgmn/SourcePackages/checkouts/BigDecimal/Sources/BigDecimal/Support/Extensions.swift /Users/rogerlin/Library/Developer/Xcode/DerivedData/FinancialCalculatorKit-ackorybalcxbfocbkqsfdzcfkgmn/SourcePackages/checkouts/BigDecimal/Sources/BigDecimal/Support/Rounding.swift -emit-dependencies-path /Users/rogerlin/Library/Developer/Xcode/DerivedData/FinancialCalculatorKit-ackorybalcxbfocbkqsfdzcfkgmn/Build/Intermediates.noindex/BigDecimal.build/Debug/BigDecimal.build/Objects-normal/arm64/Decimal32.d -emit-const-values-path /Users/rogerlin/Library/Developer/Xcode/DerivedData/FinancialCalculatorKit-ackorybalcxbfocbkqsfdzcfkgmn/Build/Intermediates.noindex/BigDecimal.build/Debug/BigDecimal.build/Objects-normal/arm64/Decimal32.swiftconstvalues -emit-reference-dependencies-path /Users/rogerlin/Library/Developer/Xcode/DerivedData/FinancialCalculatorKit-ackorybalcxbfocbkqsfdzcfkgmn/Build/Intermediates.noindex/BigDecimal.build/Debug/BigDecimal.build/Objects-normal/arm64/Decimal32.swiftdeps -serialize-diagnostics-path /Users/rogerlin/Library/Developer/Xcode/DerivedData/FinancialCalculatorKit-ackorybalcxbfocbkqsfdzcfkgmn/Build/Intermediates.noindex/BigDecimal.build/Debug/BigDecimal.build/Objects-normal/arm64/Decimal32.dia -emit-dependencies-path /Users/rogerlin/Library/Developer/Xcode/DerivedData/FinancialCalculatorKit-ackorybalcxbfocbkqsfdzcfkgmn/Build/Intermediates.noindex/BigDecimal.build/Debug/BigDecimal.build/Objects-normal/arm64/Decimal64.d -emit-const-values-path /Users/rogerlin/Library/Developer/Xcode/DerivedData/FinancialCalculatorKit-ackorybalcxbfocbkqsfdzcfkgmn/Build/Intermediates.noindex/BigDecimal.build/Debug/BigDecimal.build/Objects-normal/arm64/Decimal64.swiftconstvalues -emit-reference-dependencies-path /Users/rogerlin/Library/Developer/Xcode/DerivedData/FinancialCalculatorKit-ackorybalcxbfocbkqsfdzcfkgmn/Build/Intermediates.noindex/BigDecimal.build/Debug/BigDecimal.build/Objects-normal/arm64/Decimal64.swiftdeps -serialize-diagnostics-path /Users/rogerlin/Library/Developer/Xcode/DerivedData/FinancialCalculatorKit-ackorybalcxbfocbkqsfdzcfkgmn/Build/Intermediates.noindex/BigDecimal.build/Debug/BigDecimal.build/Objects-normal/arm64/Decimal64.dia -target arm64-apple-macos13.3 -load-resolved-plugin /Applications/Xcode.app/Contents/Developer/Platforms/MacOSX.platform/Developer/usr/lib/swift/host/plugins/libFoundationMacros.dylib\#/Applications/Xcode.app/Contents/Developer/Platforms/MacOSX.platform/Developer/usr/bin/swift-plugin-server\#FoundationMacros -load-resolved-plugin /Applications/Xcode.app/Contents/Developer/Platforms/MacOSX.platform/Developer/usr/lib/swift/host/plugins/libObservationMacros.dylib\#/Applications/Xcode.app/Contents/Developer/Platforms/MacOSX.platform/Developer/usr/bin/swift-plugin-server\#ObservationMacros -load-resolved-plugin /Applications/Xcode.app/Contents/Developer/Platforms/MacOSX.platform/Developer/usr/lib/swift/host/plugins/libSwiftMacros.dylib\#/Applications/Xcode.app/Contents/Developer/Platforms/MacOSX.platform/Developer/usr/bin/swift-plugin-server\#SwiftMacros -disable-implicit-swift-modules -Xcc -fno-implicit-modules -Xcc -fno-implicit-module-maps -explicit-swift-module-map-file /Users/rogerlin/Library/Developer/Xcode/DerivedData/FinancialCalculatorKit-ackorybalcxbfocbkqsfdzcfkgmn/Build/Intermediates.noindex/BigDecimal.build/Debug/BigDecimal.build/Objects-normal/arm64/BigDecimal-dependencies-1.json -Xllvm -aarch64-use-tbi -enable-objc-interop -stack-check -sdk /Applications/Xcode.app/Contents/Developer/Platforms/MacOSX.platform/Developer/SDKs/MacOSX26.1.sdk -I /Users/rogerlin/Library/Developer/Xcode/DerivedData/FinancialCalculatorKit-ackorybalcxbfocbkqsfdzcfkgmn/Build/Products/Debug -Isystem /Applications/Xcode.app/Contents/Developer/Platforms/MacOSX.platform/Developer/usr/lib -F /Users/rogerlin/Library/Developer/Xcode/DerivedData/FinancialCalculatorKit-ackorybalcxbfocbkqsfdzcfkgmn/Build/Products/Debug/PackageFrameworks -F /Users/rogerlin/Library/Developer/Xcode/DerivedData/FinancialCalculatorKit-ackorybalcxbfocbkqsfdzcfkgmn/Build/Products/Debug/PackageFrameworks -F /Users/rogerlin/Library/Developer/Xcode/DerivedData/FinancialCalculatorKit-ackorybalcxbfocbkqsfdzcfkgmn/Build/Products/Debug/PackageFrameworks -F /Users/rogerlin/Library/Developer/Xcode/DerivedData/FinancialCalculatorKit-ackorybalcxbfocbkqsfdzcfkgmn/Build/Products/Debug/PackageFrameworks -F /Users/rogerlin/Library/Developer/Xcode/DerivedData/FinancialCalculatorKit-ackorybalcxbfocbkqsfdzcfkgmn/Build/Products/Debug/PackageFrameworks -F /Users/rogerlin/Library/Developer/Xcode/DerivedData/FinancialCalculatorKit-ackorybalcxbfocbkqsfdzcfkgmn/Build/Products/Debug/PackageFrameworks -F /Users/rogerlin/Library/Developer/Xcode/DerivedData/FinancialCalculatorKit-ackorybalcxbfocbkqsfdzcfkgmn/Build/Products/Debug -F /Applications/Xcode.app/Contents/Developer/Platforms/MacOSX.platform/Developer/Library/Frameworks -no-color-diagnostics -Xcc -fno-color-diagnostics -enable-testing -g -debug-info-format\=dwarf -dwarf-version\=4 -module-cache-path /Users/rogerlin/Library/Developer/Xcode/DerivedData/FinancialCalculatorKit-ackorybalcxbfocbkqsfdzcfkgmn/Build/Intermediates.noindex/SwiftExplicitPrecompiledModules -suppress-warnings -profile-generate -profile-coverage-mapping -swift-version 5 -enforce-exclusivity\=checked -Onone -D SWIFT_PACKAGE -D DEBUG -D SWIFT_MODULE_RESOURCE_BUNDLE_UNAVAILABLE -D Xcode -serialize-debugging-options -const-gather-protocols-file /Users/rogerlin/Library/Developer/Xcode/DerivedData/FinancialCalculatorKit-ackorybalcxbfocbkqsfdzcfkgmn/Build/Intermediates.noindex/BigDecimal.build/Debug/BigDecimal.build/Objects-normal/arm64/BigDecimal_const_extract_protocols.json -enable-experimental-feature DebugDescriptionMacro -empty-abi-descriptor -validate-clang-modules-once -clang-build-session-file /Users/rogerlin/Library/Developer/Xcode/DerivedData/ModuleCache.noindex/Session.modulevalidation -Xcc -working-directory -Xcc /Users/rogerlin/XCode-Projects/FinancialCalculatorKit-5.0-updated-accent-colors/FinancialCalculatorKit.xcodeproj -enable-anonymous-context-mangled-names -file-compilation-dir /Users/rogerlin/XCode-Projects/FinancialCalculatorKit-5.0-updated-accent-colors/FinancialCalculatorKit.xcodeproj -Xcc -D_LIBCPP_HARDENING_MODE\=_LIBCPP_HARDENING_MODE_DEBUG -Xcc -ivfsstatcache -Xcc /Users/rogerlin/Library/Developer/Xcode/DerivedData/SDKStatCaches.noindex/macosx26.1-25B74-3ae1261907bdadc328169391a47051a6.sdkstatcache -Xcc -I/Users/rogerlin/Library/Developer/Xcode/DerivedData/FinancialCalculatorKit-ackorybalcxbfocbkqsfdzcfkgmn/Build/Intermediates.noindex/BigDecimal.build/Debug/BigDecimal.build/swift-overrides.hmap -Xcc -I/Users/rogerlin/Library/Developer/Xcode/DerivedData/FinancialCalculatorKit-ackorybalcxbfocbkqsfdzcfkgmn/SourcePackages/checkouts/swift-numerics/Sources/_NumericsShims/include -Xcc -I/Users/rogerlin/Library/Developer/Xcode/DerivedData/FinancialCalculatorKit-ackorybalcxbfocbkqsfdzcfkgmn/Build/Products/Debug/include -Xcc -I/Users/rogerlin/Library/Developer/Xcode/DerivedData/FinancialCalculatorKit-ackorybalcxbfocbkqsfdzcfkgmn/Build/Intermediates.noindex/BigDecimal.build/Debug/BigDecimal.build/DerivedSources-normal/arm64 -Xcc -I/Users/rogerlin/Library/Developer/Xcode/DerivedData/FinancialCalculatorKit-ackorybalcxbfocbkqsfdzcfkgmn/Build/Intermediates.noindex/BigDecimal.build/Debug/BigDecimal.build/DerivedSources/arm64 -Xcc -I/Users/rogerlin/Library/Developer/Xcode/DerivedData/FinancialCalculatorKit-ackorybalcxbfocbkqsfdzcfkgmn/Build/Intermediates.noindex/BigDecimal.build/Debug/BigDecimal.build/DerivedSources -Xcc -DSWIFT_PACKAGE -Xcc -DDEBUG\=1 -no-auto-bridging-header-chaining -module-name BigDecimal -package-name bigdecimal -frontend-parseable-output -disable-clang-spi -target-sdk-version 26.1 -target-sdk-name macosx26.1 -clang-target arm64-apple-macos26.1 -in-process-plugin-server-path /Applications/Xcode.app/Contents/Developer/Toolchains/XcodeDefault.xctoolchain/usr/lib/swift/host/libSwiftInProcPluginServer.dylib -o /Users/rogerlin/Library/Developer/Xcode/DerivedData/FinancialCalculatorKit-ackorybalcxbfocbkqsfdzcfkgmn/Build/Intermediates.noindex/BigDecimal.build/Debug/BigDecimal.build/Objects-normal/arm64/Decimal32.o -o /Users/rogerlin/Library/Developer/Xcode/DerivedData/FinancialCalculatorKit-ackorybalcxbfocbkqsfdzcfkgmn/Build/Intermediates.noindex/BigDecimal.build/Debug/BigDecimal.build/Objects-normal/arm64/Decimal64.o -index-unit-output-path /BigDecimal.build/Debug/BigDecimal.build/Objects-normal/arm64/Decimal32.o -index-unit-output-path /BigDecimal.build/Debug/BigDecimal.build/Objects-normal/arm64/Decimal64.o -index-store-path /Users/rogerlin/Library/Developer/Xcode/DerivedData/FinancialCalculatorKit-ackorybalcxbfocbkqsfdzcfkgmn/Index.noindex/DataStore -index-system-modules

SwiftCompile normal arm64 /Users/rogerlin/Library/Developer/Xcode/DerivedData/FinancialCalculatorKit-ackorybalcxbfocbkqsfdzcfkgmn/SourcePackages/checkouts/BigDecimal/Sources/BigDecimal/Decimal32.swift (in target 'BigDecimal' from project 'BigDecimal')
    cd /Users/rogerlin/XCode-Projects/FinancialCalculatorKit-5.0-updated-accent-colors/FinancialCalculatorKit.xcodeproj
    

SwiftCompile normal arm64 /Users/rogerlin/Library/Developer/Xcode/DerivedData/FinancialCalculatorKit-ackorybalcxbfocbkqsfdzcfkgmn/SourcePackages/checkouts/BigDecimal/Sources/BigDecimal/Decimal64.swift (in target 'BigDecimal' from project 'BigDecimal')
    cd /Users/rogerlin/XCode-Projects/FinancialCalculatorKit-5.0-updated-accent-colors/FinancialCalculatorKit.xcodeproj
    

SwiftCompile normal arm64 Compiling\ ExponentCalculator.swift /Users/rogerlin/Library/Developer/Xcode/DerivedData/FinancialCalculatorKit-ackorybalcxbfocbkqsfdzcfkgmn/SourcePackages/checkouts/BigDecimal/Sources/BigDecimal/DecimalMath/ExponentCalculator.swift (in target 'BigDecimal' from project 'BigDecimal')
/Applications/Xcode.app/Contents/Developer/Toolchains/XcodeDefault.xctoolchain/usr/bin/swift-frontend -frontend -c /Users/rogerlin/Library/Developer/Xcode/DerivedData/FinancialCalculatorKit-ackorybalcxbfocbkqsfdzcfkgmn/SourcePackages/checkouts/BigDecimal/Sources/BigDecimal/BigDecimal.swift /Users/rogerlin/Library/Developer/Xcode/DerivedData/FinancialCalculatorKit-ackorybalcxbfocbkqsfdzcfkgmn/SourcePackages/checkouts/BigDecimal/Sources/BigDecimal/CBDecimal.swift /Users/rogerlin/Library/Developer/Xcode/DerivedData/FinancialCalculatorKit-ackorybalcxbfocbkqsfdzcfkgmn/SourcePackages/checkouts/BigDecimal/Sources/BigDecimal/Decimal.swift /Users/rogerlin/Library/Developer/Xcode/DerivedData/FinancialCalculatorKit-ackorybalcxbfocbkqsfdzcfkgmn/SourcePackages/checkouts/BigDecimal/Sources/BigDecimal/Decimal128.swift /Users/rogerlin/Library/Developer/Xcode/DerivedData/FinancialCalculatorKit-ackorybalcxbfocbkqsfdzcfkgmn/SourcePackages/checkouts/BigDecimal/Sources/BigDecimal/Decimal32.swift /Users/rogerlin/Library/Developer/Xcode/DerivedData/FinancialCalculatorKit-ackorybalcxbfocbkqsfdzcfkgmn/SourcePackages/checkouts/BigDecimal/Sources/BigDecimal/Decimal64.swift /Users/rogerlin/Library/Developer/Xcode/DerivedData/FinancialCalculatorKit-ackorybalcxbfocbkqsfdzcfkgmn/SourcePackages/checkouts/BigDecimal/Sources/BigDecimal/DecimalMath/AsinCalculator.swift /Users/rogerlin/Library/Developer/Xcode/DerivedData/FinancialCalculatorKit-ackorybalcxbfocbkqsfdzcfkgmn/SourcePackages/checkouts/BigDecimal/Sources/BigDecimal/DecimalMath/CosCalculator.swift /Users/rogerlin/Library/Developer/Xcode/DerivedData/FinancialCalculatorKit-ackorybalcxbfocbkqsfdzcfkgmn/SourcePackages/checkouts/BigDecimal/Sources/BigDecimal/DecimalMath/CoshCalculator.swift /Users/rogerlin/Library/Developer/Xcode/DerivedData/FinancialCalculatorKit-ackorybalcxbfocbkqsfdzcfkgmn/SourcePackages/checkouts/BigDecimal/Sources/BigDecimal/DecimalMath/DecimalMath-Simple.swift /Users/rogerlin/Library/Developer/Xcode/DerivedData/FinancialCalculatorKit-ackorybalcxbfocbkqsfdzcfkgmn/SourcePackages/checkouts/BigDecimal/Sources/BigDecimal/DecimalMath/DecimalMath.swift -primary-file /Users/rogerlin/Library/Developer/Xcode/DerivedData/FinancialCalculatorKit-ackorybalcxbfocbkqsfdzcfkgmn/SourcePackages/checkouts/BigDecimal/Sources/BigDecimal/DecimalMath/ExponentCalculator.swift /Users/rogerlin/Library/Developer/Xcode/DerivedData/FinancialCalculatorKit-ackorybalcxbfocbkqsfdzcfkgmn/SourcePackages/checkouts/BigDecimal/Sources/BigDecimal/DecimalMath/SeriesCalculator.swift /Users/rogerlin/Library/Developer/Xcode/DerivedData/FinancialCalculatorKit-ackorybalcxbfocbkqsfdzcfkgmn/SourcePackages/checkouts/BigDecimal/Sources/BigDecimal/DecimalMath/SinCalculator.swift /Users/rogerlin/Library/Developer/Xcode/DerivedData/FinancialCalculatorKit-ackorybalcxbfocbkqsfdzcfkgmn/SourcePackages/checkouts/BigDecimal/Sources/BigDecimal/DecimalMath/SinhCalculator.swift /Users/rogerlin/Library/Developer/Xcode/DerivedData/FinancialCalculatorKit-ackorybalcxbfocbkqsfdzcfkgmn/SourcePackages/checkouts/BigDecimal/Sources/BigDecimal/Support/DecimalFloatingPoint.swift /Users/rogerlin/Library/Developer/Xcode/DerivedData/FinancialCalculatorKit-ackorybalcxbfocbkqsfdzcfkgmn/SourcePackages/checkouts/BigDecimal/Sources/BigDecimal/Support/DecimalLogic.swift /Users/rogerlin/Library/Developer/Xcode/DerivedData/FinancialCalculatorKit-ackorybalcxbfocbkqsfdzcfkgmn/SourcePackages/checkouts/BigDecimal/Sources/BigDecimal/Support/Extensions.swift /Users/rogerlin/Library/Developer/Xcode/DerivedData/FinancialCalculatorKit-ackorybalcxbfocbkqsfdzcfkgmn/SourcePackages/checkouts/BigDecimal/Sources/BigDecimal/Support/Rounding.swift -emit-dependencies-path /Users/rogerlin/Library/Developer/Xcode/DerivedData/FinancialCalculatorKit-ackorybalcxbfocbkqsfdzcfkgmn/Build/Intermediates.noindex/BigDecimal.build/Debug/BigDecimal.build/Objects-normal/arm64/ExponentCalculator.d -emit-const-values-path /Users/rogerlin/Library/Developer/Xcode/DerivedData/FinancialCalculatorKit-ackorybalcxbfocbkqsfdzcfkgmn/Build/Intermediates.noindex/BigDecimal.build/Debug/BigDecimal.build/Objects-normal/arm64/ExponentCalculator.swiftconstvalues -emit-reference-dependencies-path /Users/rogerlin/Library/Developer/Xcode/DerivedData/FinancialCalculatorKit-ackorybalcxbfocbkqsfdzcfkgmn/Build/Intermediates.noindex/BigDecimal.build/Debug/BigDecimal.build/Objects-normal/arm64/ExponentCalculator.swiftdeps -serialize-diagnostics-path /Users/rogerlin/Library/Developer/Xcode/DerivedData/FinancialCalculatorKit-ackorybalcxbfocbkqsfdzcfkgmn/Build/Intermediates.noindex/BigDecimal.build/Debug/BigDecimal.build/Objects-normal/arm64/ExponentCalculator.dia -target arm64-apple-macos13.3 -load-resolved-plugin /Applications/Xcode.app/Contents/Developer/Platforms/MacOSX.platform/Developer/usr/lib/swift/host/plugins/libFoundationMacros.dylib\#/Applications/Xcode.app/Contents/Developer/Platforms/MacOSX.platform/Developer/usr/bin/swift-plugin-server\#FoundationMacros -load-resolved-plugin /Applications/Xcode.app/Contents/Developer/Platforms/MacOSX.platform/Developer/usr/lib/swift/host/plugins/libObservationMacros.dylib\#/Applications/Xcode.app/Contents/Developer/Platforms/MacOSX.platform/Developer/usr/bin/swift-plugin-server\#ObservationMacros -load-resolved-plugin /Applications/Xcode.app/Contents/Developer/Platforms/MacOSX.platform/Developer/usr/lib/swift/host/plugins/libSwiftMacros.dylib\#/Applications/Xcode.app/Contents/Developer/Platforms/MacOSX.platform/Developer/usr/bin/swift-plugin-server\#SwiftMacros -disable-implicit-swift-modules -Xcc -fno-implicit-modules -Xcc -fno-implicit-module-maps -explicit-swift-module-map-file /Users/rogerlin/Library/Developer/Xcode/DerivedData/FinancialCalculatorKit-ackorybalcxbfocbkqsfdzcfkgmn/Build/Intermediates.noindex/BigDecimal.build/Debug/BigDecimal.build/Objects-normal/arm64/BigDecimal-dependencies-1.json -Xllvm -aarch64-use-tbi -enable-objc-interop -stack-check -sdk /Applications/Xcode.app/Contents/Developer/Platforms/MacOSX.platform/Developer/SDKs/MacOSX26.1.sdk -I /Users/rogerlin/Library/Developer/Xcode/DerivedData/FinancialCalculatorKit-ackorybalcxbfocbkqsfdzcfkgmn/Build/Products/Debug -Isystem /Applications/Xcode.app/Contents/Developer/Platforms/MacOSX.platform/Developer/usr/lib -F /Users/rogerlin/Library/Developer/Xcode/DerivedData/FinancialCalculatorKit-ackorybalcxbfocbkqsfdzcfkgmn/Build/Products/Debug/PackageFrameworks -F /Users/rogerlin/Library/Developer/Xcode/DerivedData/FinancialCalculatorKit-ackorybalcxbfocbkqsfdzcfkgmn/Build/Products/Debug/PackageFrameworks -F /Users/rogerlin/Library/Developer/Xcode/DerivedData/FinancialCalculatorKit-ackorybalcxbfocbkqsfdzcfkgmn/Build/Products/Debug/PackageFrameworks -F /Users/rogerlin/Library/Developer/Xcode/DerivedData/FinancialCalculatorKit-ackorybalcxbfocbkqsfdzcfkgmn/Build/Products/Debug/PackageFrameworks -F /Users/rogerlin/Library/Developer/Xcode/DerivedData/FinancialCalculatorKit-ackorybalcxbfocbkqsfdzcfkgmn/Build/Products/Debug/PackageFrameworks -F /Users/rogerlin/Library/Developer/Xcode/DerivedData/FinancialCalculatorKit-ackorybalcxbfocbkqsfdzcfkgmn/Build/Products/Debug/PackageFrameworks -F /Users/rogerlin/Library/Developer/Xcode/DerivedData/FinancialCalculatorKit-ackorybalcxbfocbkqsfdzcfkgmn/Build/Products/Debug -F /Applications/Xcode.app/Contents/Developer/Platforms/MacOSX.platform/Developer/Library/Frameworks -no-color-diagnostics -Xcc -fno-color-diagnostics -enable-testing -g -debug-info-format\=dwarf -dwarf-version\=4 -module-cache-path /Users/rogerlin/Library/Developer/Xcode/DerivedData/FinancialCalculatorKit-ackorybalcxbfocbkqsfdzcfkgmn/Build/Intermediates.noindex/SwiftExplicitPrecompiledModules -suppress-warnings -profile-generate -profile-coverage-mapping -swift-version 5 -enforce-exclusivity\=checked -Onone -D SWIFT_PACKAGE -D DEBUG -D SWIFT_MODULE_RESOURCE_BUNDLE_UNAVAILABLE -D Xcode -serialize-debugging-options -const-gather-protocols-file /Users/rogerlin/Library/Developer/Xcode/DerivedData/FinancialCalculatorKit-ackorybalcxbfocbkqsfdzcfkgmn/Build/Intermediates.noindex/BigDecimal.build/Debug/BigDecimal.build/Objects-normal/arm64/BigDecimal_const_extract_protocols.json -enable-experimental-feature DebugDescriptionMacro -empty-abi-descriptor -validate-clang-modules-once -clang-build-session-file /Users/rogerlin/Library/Developer/Xcode/DerivedData/ModuleCache.noindex/Session.modulevalidation -Xcc -working-directory -Xcc /Users/rogerlin/XCode-Projects/FinancialCalculatorKit-5.0-updated-accent-colors/FinancialCalculatorKit.xcodeproj -enable-anonymous-context-mangled-names -file-compilation-dir /Users/rogerlin/XCode-Projects/FinancialCalculatorKit-5.0-updated-accent-colors/FinancialCalculatorKit.xcodeproj -Xcc -D_LIBCPP_HARDENING_MODE\=_LIBCPP_HARDENING_MODE_DEBUG -Xcc -ivfsstatcache -Xcc /Users/rogerlin/Library/Developer/Xcode/DerivedData/SDKStatCaches.noindex/macosx26.1-25B74-3ae1261907bdadc328169391a47051a6.sdkstatcache -Xcc -I/Users/rogerlin/Library/Developer/Xcode/DerivedData/FinancialCalculatorKit-ackorybalcxbfocbkqsfdzcfkgmn/Build/Intermediates.noindex/BigDecimal.build/Debug/BigDecimal.build/swift-overrides.hmap -Xcc -I/Users/rogerlin/Library/Developer/Xcode/DerivedData/FinancialCalculatorKit-ackorybalcxbfocbkqsfdzcfkgmn/SourcePackages/checkouts/swift-numerics/Sources/_NumericsShims/include -Xcc -I/Users/rogerlin/Library/Developer/Xcode/DerivedData/FinancialCalculatorKit-ackorybalcxbfocbkqsfdzcfkgmn/Build/Products/Debug/include -Xcc -I/Users/rogerlin/Library/Developer/Xcode/DerivedData/FinancialCalculatorKit-ackorybalcxbfocbkqsfdzcfkgmn/Build/Intermediates.noindex/BigDecimal.build/Debug/BigDecimal.build/DerivedSources-normal/arm64 -Xcc -I/Users/rogerlin/Library/Developer/Xcode/DerivedData/FinancialCalculatorKit-ackorybalcxbfocbkqsfdzcfkgmn/Build/Intermediates.noindex/BigDecimal.build/Debug/BigDecimal.build/DerivedSources/arm64 -Xcc -I/Users/rogerlin/Library/Developer/Xcode/DerivedData/FinancialCalculatorKit-ackorybalcxbfocbkqsfdzcfkgmn/Build/Intermediates.noindex/BigDecimal.build/Debug/BigDecimal.build/DerivedSources -Xcc -DSWIFT_PACKAGE -Xcc -DDEBUG\=1 -no-auto-bridging-header-chaining -module-name BigDecimal -package-name bigdecimal -frontend-parseable-output -disable-clang-spi -target-sdk-version 26.1 -target-sdk-name macosx26.1 -clang-target arm64-apple-macos26.1 -in-process-plugin-server-path /Applications/Xcode.app/Contents/Developer/Toolchains/XcodeDefault.xctoolchain/usr/lib/swift/host/libSwiftInProcPluginServer.dylib -o /Users/rogerlin/Library/Developer/Xcode/DerivedData/FinancialCalculatorKit-ackorybalcxbfocbkqsfdzcfkgmn/Build/Intermediates.noindex/BigDecimal.build/Debug/BigDecimal.build/Objects-normal/arm64/ExponentCalculator.o -index-unit-output-path /BigDecimal.build/Debug/BigDecimal.build/Objects-normal/arm64/ExponentCalculator.o -index-store-path /Users/rogerlin/Library/Developer/Xcode/DerivedData/FinancialCalculatorKit-ackorybalcxbfocbkqsfdzcfkgmn/Index.noindex/DataStore -index-system-modules

SwiftCompile normal arm64 /Users/rogerlin/Library/Developer/Xcode/DerivedData/FinancialCalculatorKit-ackorybalcxbfocbkqsfdzcfkgmn/SourcePackages/checkouts/BigDecimal/Sources/BigDecimal/DecimalMath/ExponentCalculator.swift (in target 'BigDecimal' from project 'BigDecimal')
    cd /Users/rogerlin/XCode-Projects/FinancialCalculatorKit-5.0-updated-accent-colors/FinancialCalculatorKit.xcodeproj
    

SwiftEmitModule normal arm64 Emitting\ module\ for\ SwiftDraw (in target 'SwiftDraw' from project 'SwiftDraw')
/Applications/Xcode.app/Contents/Developer/Toolchains/XcodeDefault.xctoolchain/usr/bin/swift-frontend -frontend -emit-module -experimental-skip-non-inlinable-function-bodies-without-types /Users/rogerlin/Library/Developer/Xcode/DerivedData/FinancialCalculatorKit-ackorybalcxbfocbkqsfdzcfkgmn/SourcePackages/checkouts/SwiftDraw/SwiftDraw/CGImage+Mask.swift /Users/rogerlin/Library/Developer/Xcode/DerivedData/FinancialCalculatorKit-ackorybalcxbfocbkqsfdzcfkgmn/SourcePackages/checkouts/SwiftDraw/SwiftDraw/CGPath+Segment.swift /Users/rogerlin/Library/Developer/Xcode/DerivedData/FinancialCalculatorKit-ackorybalcxbfocbkqsfdzcfkgmn/SourcePackages/checkouts/SwiftDraw/SwiftDraw/CGPattern+Closure.swift /Users/rogerlin/Library/Developer/Xcode/DerivedData/FinancialCalculatorKit-ackorybalcxbfocbkqsfdzcfkgmn/SourcePackages/checkouts/SwiftDraw/SwiftDraw/CGTextRenderer+Code.swift /Users/rogerlin/Library/Developer/Xcode/DerivedData/FinancialCalculatorKit-ackorybalcxbfocbkqsfdzcfkgmn/SourcePackages/checkouts/SwiftDraw/SwiftDraw/CommandLine+Process.swift /Users/rogerlin/Library/Developer/Xcode/DerivedData/FinancialCalculatorKit-ackorybalcxbfocbkqsfdzcfkgmn/SourcePackages/checkouts/SwiftDraw/SwiftDraw/CommandLine.Arguments.swift /Users/rogerlin/Library/Developer/Xcode/DerivedData/FinancialCalculatorKit-ackorybalcxbfocbkqsfdzcfkgmn/SourcePackages/checkouts/SwiftDraw/SwiftDraw/CommandLine.Configuration.swift /Users/rogerlin/Library/Developer/Xcode/DerivedData/FinancialCalculatorKit-ackorybalcxbfocbkqsfdzcfkgmn/SourcePackages/checkouts/SwiftDraw/SwiftDraw/CommandLine.swift /Users/rogerlin/Library/Developer/Xcode/DerivedData/FinancialCalculatorKit-ackorybalcxbfocbkqsfdzcfkgmn/SourcePackages/checkouts/SwiftDraw/SwiftDraw/CoordinateFormatter.swift /Users/rogerlin/Library/Developer/Xcode/DerivedData/FinancialCalculatorKit-ackorybalcxbfocbkqsfdzcfkgmn/SourcePackages/checkouts/SwiftDraw/SwiftDraw/LayerTree.Builder.Layer.swift /Users/rogerlin/Library/Developer/Xcode/DerivedData/FinancialCalculatorKit-ackorybalcxbfocbkqsfdzcfkgmn/SourcePackages/checkouts/SwiftDraw/SwiftDraw/LayerTree.Builder.Path.Arc.swift /Users/rogerlin/Library/Developer/Xcode/DerivedData/FinancialCalculatorKit-ackorybalcxbfocbkqsfdzcfkgmn/SourcePackages/checkouts/SwiftDraw/SwiftDraw/LayerTree.Builder.Path.swift /Users/rogerlin/Library/Developer/Xcode/DerivedData/FinancialCalculatorKit-ackorybalcxbfocbkqsfdzcfkgmn/SourcePackages/checkouts/SwiftDraw/SwiftDraw/LayerTree.Builder.Shape.swift /Users/rogerlin/Library/Developer/Xcode/DerivedData/FinancialCalculatorKit-ackorybalcxbfocbkqsfdzcfkgmn/SourcePackages/checkouts/SwiftDraw/SwiftDraw/LayerTree.Builder.Text.swift /Users/rogerlin/Library/Developer/Xcode/DerivedData/FinancialCalculatorKit-ackorybalcxbfocbkqsfdzcfkgmn/SourcePackages/checkouts/SwiftDraw/SwiftDraw/LayerTree.Builder.swift /Users/rogerlin/Library/Developer/Xcode/DerivedData/FinancialCalculatorKit-ackorybalcxbfocbkqsfdzcfkgmn/SourcePackages/checkouts/SwiftDraw/SwiftDraw/LayerTree.Color.swift /Users/rogerlin/Library/Developer/Xcode/DerivedData/FinancialCalculatorKit-ackorybalcxbfocbkqsfdzcfkgmn/SourcePackages/checkouts/SwiftDraw/SwiftDraw/LayerTree.CommandGenerator.swift /Users/rogerlin/Library/Developer/Xcode/DerivedData/FinancialCalculatorKit-ackorybalcxbfocbkqsfdzcfkgmn/SourcePackages/checkouts/SwiftDraw/SwiftDraw/LayerTree.CommandOptimizer.swift /Users/rogerlin/Library/Developer/Xcode/DerivedData/FinancialCalculatorKit-ackorybalcxbfocbkqsfdzcfkgmn/SourcePackages/checkouts/SwiftDraw/SwiftDraw/LayerTree.Gradient.swift /Users/rogerlin/Library/Developer/Xcode/DerivedData/FinancialCalculatorKit-ackorybalcxbfocbkqsfdzcfkgmn/SourcePackages/checkouts/SwiftDraw/SwiftDraw/LayerTree.Image.swift /Users/rogerlin/Library/Developer/Xcode/DerivedData/FinancialCalculatorKit-ackorybalcxbfocbkqsfdzcfkgmn/SourcePackages/checkouts/SwiftDraw/SwiftDraw/LayerTree.Layer.swift /Users/rogerlin/Library/Developer/Xcode/DerivedData/FinancialCalculatorKit-ackorybalcxbfocbkqsfdzcfkgmn/SourcePackages/checkouts/SwiftDraw/SwiftDraw/LayerTree.Path+Bounds.swift /Users/rogerlin/Library/Developer/Xcode/DerivedData/FinancialCalculatorKit-ackorybalcxbfocbkqsfdzcfkgmn/SourcePackages/checkouts/SwiftDraw/SwiftDraw/LayerTree.Path+Reversed.swift /Users/rogerlin/Library/Developer/Xcode/DerivedData/FinancialCalculatorKit-ackorybalcxbfocbkqsfdzcfkgmn/SourcePackages/checkouts/SwiftDraw/SwiftDraw/LayerTree.Path+Subpath.swift /Users/rogerlin/Library/Developer/Xcode/DerivedData/FinancialCalculatorKit-ackorybalcxbfocbkqsfdzcfkgmn/SourcePackages/checkouts/SwiftDraw/SwiftDraw/LayerTree.Path.swift /Users/rogerlin/Library/Developer/Xcode/DerivedData/FinancialCalculatorKit-ackorybalcxbfocbkqsfdzcfkgmn/SourcePackages/checkouts/SwiftDraw/SwiftDraw/LayerTree.Pattern.swift /Users/rogerlin/Library/Developer/Xcode/DerivedData/FinancialCalculatorKit-ackorybalcxbfocbkqsfdzcfkgmn/SourcePackages/checkouts/SwiftDraw/SwiftDraw/LayerTree.Shape.swift /Users/rogerlin/Library/Developer/Xcode/DerivedData/FinancialCalculatorKit-ackorybalcxbfocbkqsfdzcfkgmn/SourcePackages/checkouts/SwiftDraw/SwiftDraw/LayerTree.Transform.swift /Users/rogerlin/Library/Developer/Xcode/DerivedData/FinancialCalculatorKit-ackorybalcxbfocbkqsfdzcfkgmn/SourcePackages/checkouts/SwiftDraw/SwiftDraw/LayerTree.swift /Users/rogerlin/Library/Developer/Xcode/DerivedData/FinancialCalculatorKit-ackorybalcxbfocbkqsfdzcfkgmn/SourcePackages/checkouts/SwiftDraw/SwiftDraw/NSImage+SVG.swift /Users/rogerlin/Library/Developer/Xcode/DerivedData/FinancialCalculatorKit-ackorybalcxbfocbkqsfdzcfkgmn/SourcePackages/checkouts/SwiftDraw/SwiftDraw/Renderer.CGText+Path.swift /Users/rogerlin/Library/Developer/Xcode/DerivedData/FinancialCalculatorKit-ackorybalcxbfocbkqsfdzcfkgmn/SourcePackages/checkouts/SwiftDraw/SwiftDraw/Renderer.CGText.swift /Users/rogerlin/Library/Developer/Xcode/DerivedData/FinancialCalculatorKit-ackorybalcxbfocbkqsfdzcfkgmn/SourcePackages/checkouts/SwiftDraw/SwiftDraw/Renderer.CoreGraphics.swift /Users/rogerlin/Library/Developer/Xcode/DerivedData/FinancialCalculatorKit-ackorybalcxbfocbkqsfdzcfkgmn/SourcePackages/checkouts/SwiftDraw/SwiftDraw/Renderer.LayerTree.swift /Users/rogerlin/Library/Developer/Xcode/DerivedData/FinancialCalculatorKit-ackorybalcxbfocbkqsfdzcfkgmn/SourcePackages/checkouts/SwiftDraw/SwiftDraw/Renderer.SFSymbol+CGPath.swift /Users/rogerlin/Library/Developer/Xcode/DerivedData/FinancialCalculatorKit-ackorybalcxbfocbkqsfdzcfkgmn/SourcePackages/checkouts/SwiftDraw/SwiftDraw/Renderer.SFSymbol.swift /Users/rogerlin/Library/Developer/Xcode/DerivedData/FinancialCalculatorKit-ackorybalcxbfocbkqsfdzcfkgmn/SourcePackages/checkouts/SwiftDraw/SwiftDraw/Renderer.SVG.swift /Users/rogerlin/Library/Developer/Xcode/DerivedData/FinancialCalculatorKit-ackorybalcxbfocbkqsfdzcfkgmn/SourcePackages/checkouts/SwiftDraw/SwiftDraw/Renderer.swift /Users/rogerlin/Library/Developer/Xcode/DerivedData/FinancialCalculatorKit-ackorybalcxbfocbkqsfdzcfkgmn/SourcePackages/checkouts/SwiftDraw/SwiftDraw/SVG+CoreGraphics.swift /Users/rogerlin/Library/Developer/Xcode/DerivedData/FinancialCalculatorKit-ackorybalcxbfocbkqsfdzcfkgmn/SourcePackages/checkouts/SwiftDraw/SwiftDraw/SVG+Deprecated.swift /Users/rogerlin/Library/Developer/Xcode/DerivedData/FinancialCalculatorKit-ackorybalcxbfocbkqsfdzcfkgmn/SourcePackages/checkouts/SwiftDraw/SwiftDraw/SVG+Hashable.swift /Users/rogerlin/Library/Developer/Xcode/DerivedData/FinancialCalculatorKit-ackorybalcxbfocbkqsfdzcfkgmn/SourcePackages/checkouts/SwiftDraw/SwiftDraw/SVG+Insets.swift /Users/rogerlin/Library/Developer/Xcode/DerivedData/FinancialCalculatorKit-ackorybalcxbfocbkqsfdzcfkgmn/SourcePackages/checkouts/SwiftDraw/SwiftDraw/SVG.swift /Users/rogerlin/Library/Developer/Xcode/DerivedData/FinancialCalculatorKit-ackorybalcxbfocbkqsfdzcfkgmn/SourcePackages/checkouts/SwiftDraw/SwiftDraw/SVGView.swift /Users/rogerlin/Library/Developer/Xcode/DerivedData/FinancialCalculatorKit-ackorybalcxbfocbkqsfdzcfkgmn/SourcePackages/checkouts/SwiftDraw/SwiftDraw/Stack.swift /Users/rogerlin/Library/Developer/Xcode/DerivedData/FinancialCalculatorKit-ackorybalcxbfocbkqsfdzcfkgmn/SourcePackages/checkouts/SwiftDraw/SwiftDraw/UIImage+SVG.swift /Users/rogerlin/Library/Developer/Xcode/DerivedData/FinancialCalculatorKit-ackorybalcxbfocbkqsfdzcfkgmn/SourcePackages/checkouts/SwiftDraw/SwiftDraw/Utilities/PairedSequence.swift /Users/rogerlin/Library/Developer/Xcode/DerivedData/FinancialCalculatorKit-ackorybalcxbfocbkqsfdzcfkgmn/SourcePackages/checkouts/SwiftDraw/SwiftDraw/XML.Formatter.SVG.swift /Users/rogerlin/Library/Developer/Xcode/DerivedData/FinancialCalculatorKit-ackorybalcxbfocbkqsfdzcfkgmn/SourcePackages/checkouts/SwiftDraw/SwiftDraw/XML.Formatter.swift -target arm64-apple-macos10.15 -module-can-import-version AppKit 2685.20.119 2685.20.119 -module-can-import-version CoreGraphics 1965.1.4 1965.1.4 -module-can-import-version CoreText 877.1.0.5 877.1.0 -module-can-import-version Darwin 347.40.2 0 -module-can-import-version SwiftUI 7.1.13.1 7.1.13 -load-resolved-plugin /Applications/Xcode.app/Contents/Developer/Platforms/MacOSX.platform/Developer/usr/lib/swift/host/plugins/libFoundationMacros.dylib\#/Applications/Xcode.app/Contents/Developer/Platforms/MacOSX.platform/Developer/usr/bin/swift-plugin-server\#FoundationMacros -load-resolved-plugin /Applications/Xcode.app/Contents/Developer/Platforms/MacOSX.platform/Developer/usr/lib/swift/host/plugins/libObservationMacros.dylib\#/Applications/Xcode.app/Contents/Developer/Platforms/MacOSX.platform/Developer/usr/bin/swift-plugin-server\#ObservationMacros -load-resolved-plugin /Applications/Xcode.app/Contents/Developer/Platforms/MacOSX.platform/Developer/usr/lib/swift/host/plugins/libPreviewsMacros.dylib\#/Applications/Xcode.app/Contents/Developer/Platforms/MacOSX.platform/Developer/usr/bin/swift-plugin-server\#PreviewsMacros -load-resolved-plugin /Applications/Xcode.app/Contents/Developer/Platforms/MacOSX.platform/Developer/usr/lib/swift/host/plugins/libSwiftMacros.dylib\#/Applications/Xcode.app/Contents/Developer/Platforms/MacOSX.platform/Developer/usr/bin/swift-plugin-server\#SwiftMacros -load-resolved-plugin /Applications/Xcode.app/Contents/Developer/Platforms/MacOSX.platform/Developer/usr/lib/swift/host/plugins/libSwiftUIMacros.dylib\#/Applications/Xcode.app/Contents/Developer/Platforms/MacOSX.platform/Developer/usr/bin/swift-plugin-server\#SwiftUIMacros -disable-implicit-swift-modules -Xcc -fno-implicit-modules -Xcc -fno-implicit-module-maps -explicit-swift-module-map-file /Users/rogerlin/Library/Developer/Xcode/DerivedData/FinancialCalculatorKit-ackorybalcxbfocbkqsfdzcfkgmn/Build/Intermediates.noindex/SwiftDraw.build/Debug/SwiftDraw.build/Objects-normal/arm64/SwiftDraw-dependencies-1.json -Xllvm -aarch64-use-tbi -enable-objc-interop -stack-check -sdk /Applications/Xcode.app/Contents/Developer/Platforms/MacOSX.platform/Developer/SDKs/MacOSX26.1.sdk -I /Users/rogerlin/Library/Developer/Xcode/DerivedData/FinancialCalculatorKit-ackorybalcxbfocbkqsfdzcfkgmn/Build/Products/Debug -Isystem /Applications/Xcode.app/Contents/Developer/Platforms/MacOSX.platform/Developer/usr/lib -F /Users/rogerlin/Library/Developer/Xcode/DerivedData/FinancialCalculatorKit-ackorybalcxbfocbkqsfdzcfkgmn/Build/Products/Debug/PackageFrameworks -F /Users/rogerlin/Library/Developer/Xcode/DerivedData/FinancialCalculatorKit-ackorybalcxbfocbkqsfdzcfkgmn/Build/Products/Debug -F /Applications/Xcode.app/Contents/Developer/Platforms/MacOSX.platform/Developer/Library/Frameworks -no-color-diagnostics -Xcc -fno-color-diagnostics -enable-testing -g -debug-info-format\=dwarf -dwarf-version\=4 -module-cache-path /Users/rogerlin/Library/Developer/Xcode/DerivedData/FinancialCalculatorKit-ackorybalcxbfocbkqsfdzcfkgmn/Build/Intermediates.noindex/SwiftExplicitPrecompiledModules -suppress-warnings -profile-generate -profile-coverage-mapping -swift-version 6 -enforce-exclusivity\=checked -Onone -D SWIFT_PACKAGE -D DEBUG -D SWIFT_MODULE_RESOURCE_BUNDLE_UNAVAILABLE -D Xcode -serialize-debugging-options -const-gather-protocols-file /Users/rogerlin/Library/Developer/Xcode/DerivedData/FinancialCalculatorKit-ackorybalcxbfocbkqsfdzcfkgmn/Build/Intermediates.noindex/SwiftDraw.build/Debug/SwiftDraw.build/Objects-normal/arm64/SwiftDraw_const_extract_protocols.json -enable-upcoming-feature ExistentialAny -enable-experimental-feature DebugDescriptionMacro -empty-abi-descriptor -user-module-version 0.22.0 -validate-clang-modules-once -clang-build-session-file /Users/rogerlin/Library/Developer/Xcode/DerivedData/ModuleCache.noindex/Session.modulevalidation -Xcc -working-directory -Xcc /Users/rogerlin/XCode-Projects/FinancialCalculatorKit-5.0-updated-accent-colors/FinancialCalculatorKit.xcodeproj -enable-anonymous-context-mangled-names -file-compilation-dir /Users/rogerlin/XCode-Projects/FinancialCalculatorKit-5.0-updated-accent-colors/FinancialCalculatorKit.xcodeproj -Xcc -D_LIBCPP_HARDENING_MODE\=_LIBCPP_HARDENING_MODE_DEBUG -Xcc -ivfsstatcache -Xcc /Users/rogerlin/Library/Developer/Xcode/DerivedData/SDKStatCaches.noindex/macosx26.1-25B74-3ae1261907bdadc328169391a47051a6.sdkstatcache -Xcc -I/Users/rogerlin/Library/Developer/Xcode/DerivedData/FinancialCalculatorKit-ackorybalcxbfocbkqsfdzcfkgmn/Build/Intermediates.noindex/SwiftDraw.build/Debug/SwiftDraw.build/swift-overrides.hmap -Xcc -I/Users/rogerlin/Library/Developer/Xcode/DerivedData/FinancialCalculatorKit-ackorybalcxbfocbkqsfdzcfkgmn/Build/Products/Debug/include -Xcc -I/Users/rogerlin/Library/Developer/Xcode/DerivedData/FinancialCalculatorKit-ackorybalcxbfocbkqsfdzcfkgmn/Build/Intermediates.noindex/SwiftDraw.build/Debug/SwiftDraw.build/DerivedSources-normal/arm64 -Xcc -I/Users/rogerlin/Library/Developer/Xcode/DerivedData/FinancialCalculatorKit-ackorybalcxbfocbkqsfdzcfkgmn/Build/Intermediates.noindex/SwiftDraw.build/Debug/SwiftDraw.build/DerivedSources/arm64 -Xcc -I/Users/rogerlin/Library/Developer/Xcode/DerivedData/FinancialCalculatorKit-ackorybalcxbfocbkqsfdzcfkgmn/Build/Intermediates.noindex/SwiftDraw.build/Debug/SwiftDraw.build/DerivedSources -Xcc -DSWIFT_PACKAGE -Xcc -DDEBUG\=1 -no-auto-bridging-header-chaining -module-name SwiftDraw -package-name swiftdraw -frontend-parseable-output -disable-clang-spi -target-sdk-version 26.1 -target-sdk-name macosx26.1 -clang-target arm64-apple-macos26.1 -in-process-plugin-server-path /Applications/Xcode.app/Contents/Developer/Toolchains/XcodeDefault.xctoolchain/usr/lib/swift/host/libSwiftInProcPluginServer.dylib -emit-module-doc-path /Users/rogerlin/Library/Developer/Xcode/DerivedData/FinancialCalculatorKit-ackorybalcxbfocbkqsfdzcfkgmn/Build/Intermediates.noindex/SwiftDraw.build/Debug/SwiftDraw.build/Objects-normal/arm64/SwiftDraw.swiftdoc -emit-module-source-info-path /Users/rogerlin/Library/Developer/Xcode/DerivedData/FinancialCalculatorKit-ackorybalcxbfocbkqsfdzcfkgmn/Build/Intermediates.noindex/SwiftDraw.build/Debug/SwiftDraw.build/Objects-normal/arm64/SwiftDraw.swiftsourceinfo -emit-objc-header-path /Users/rogerlin/Library/Developer/Xcode/DerivedData/FinancialCalculatorKit-ackorybalcxbfocbkqsfdzcfkgmn/Build/Intermediates.noindex/SwiftDraw.build/Debug/SwiftDraw.build/Objects-normal/arm64/SwiftDraw-Swift.h -serialize-diagnostics-path /Users/rogerlin/Library/Developer/Xcode/DerivedData/FinancialCalculatorKit-ackorybalcxbfocbkqsfdzcfkgmn/Build/Intermediates.noindex/SwiftDraw.build/Debug/SwiftDraw.build/Objects-normal/arm64/SwiftDraw-primary-emit-module.dia -emit-dependencies-path /Users/rogerlin/Library/Developer/Xcode/DerivedData/FinancialCalculatorKit-ackorybalcxbfocbkqsfdzcfkgmn/Build/Intermediates.noindex/SwiftDraw.build/Debug/SwiftDraw.build/Objects-normal/arm64/SwiftDraw-primary-emit-module.d -o /Users/rogerlin/Library/Developer/Xcode/DerivedData/FinancialCalculatorKit-ackorybalcxbfocbkqsfdzcfkgmn/Build/Intermediates.noindex/SwiftDraw.build/Debug/SwiftDraw.build/Objects-normal/arm64/SwiftDraw.swiftmodule -emit-abi-descriptor-path /Users/rogerlin/Library/Developer/Xcode/DerivedData/FinancialCalculatorKit-ackorybalcxbfocbkqsfdzcfkgmn/Build/Intermediates.noindex/SwiftDraw.build/Debug/SwiftDraw.build/Objects-normal/arm64/SwiftDraw.abi.json

EmitSwiftModule normal arm64 (in target 'SwiftDraw' from project 'SwiftDraw')
    cd /Users/rogerlin/XCode-Projects/FinancialCalculatorKit-5.0-updated-accent-colors/FinancialCalculatorKit.xcodeproj
    

SwiftDriverJobDiscovery normal arm64 Compiling BigInt.swift (in target 'BigInt' from project 'BigInt')

SwiftCompile normal arm64 Compiling\ PairedSequence.swift,\ XML.Formatter.SVG.swift,\ XML.Formatter.swift /Users/rogerlin/Library/Developer/Xcode/DerivedData/FinancialCalculatorKit-ackorybalcxbfocbkqsfdzcfkgmn/SourcePackages/checkouts/SwiftDraw/SwiftDraw/Utilities/PairedSequence.swift /Users/rogerlin/Library/Developer/Xcode/DerivedData/FinancialCalculatorKit-ackorybalcxbfocbkqsfdzcfkgmn/SourcePackages/checkouts/SwiftDraw/SwiftDraw/XML.Formatter.SVG.swift /Users/rogerlin/Library/Developer/Xcode/DerivedData/FinancialCalculatorKit-ackorybalcxbfocbkqsfdzcfkgmn/SourcePackages/checkouts/SwiftDraw/SwiftDraw/XML.Formatter.swift (in target 'SwiftDraw' from project 'SwiftDraw')
/Applications/Xcode.app/Contents/Developer/Toolchains/XcodeDefault.xctoolchain/usr/bin/swift-frontend -frontend -c /Users/rogerlin/Library/Developer/Xcode/DerivedData/FinancialCalculatorKit-ackorybalcxbfocbkqsfdzcfkgmn/SourcePackages/checkouts/SwiftDraw/SwiftDraw/CGImage+Mask.swift /Users/rogerlin/Library/Developer/Xcode/DerivedData/FinancialCalculatorKit-ackorybalcxbfocbkqsfdzcfkgmn/SourcePackages/checkouts/SwiftDraw/SwiftDraw/CGPath+Segment.swift /Users/rogerlin/Library/Developer/Xcode/DerivedData/FinancialCalculatorKit-ackorybalcxbfocbkqsfdzcfkgmn/SourcePackages/checkouts/SwiftDraw/SwiftDraw/CGPattern+Closure.swift /Users/rogerlin/Library/Developer/Xcode/DerivedData/FinancialCalculatorKit-ackorybalcxbfocbkqsfdzcfkgmn/SourcePackages/checkouts/SwiftDraw/SwiftDraw/CGTextRenderer+Code.swift /Users/rogerlin/Library/Developer/Xcode/DerivedData/FinancialCalculatorKit-ackorybalcxbfocbkqsfdzcfkgmn/SourcePackages/checkouts/SwiftDraw/SwiftDraw/CommandLine+Process.swift /Users/rogerlin/Library/Developer/Xcode/DerivedData/FinancialCalculatorKit-ackorybalcxbfocbkqsfdzcfkgmn/SourcePackages/checkouts/SwiftDraw/SwiftDraw/CommandLine.Arguments.swift /Users/rogerlin/Library/Developer/Xcode/DerivedData/FinancialCalculatorKit-ackorybalcxbfocbkqsfdzcfkgmn/SourcePackages/checkouts/SwiftDraw/SwiftDraw/CommandLine.Configuration.swift /Users/rogerlin/Library/Developer/Xcode/DerivedData/FinancialCalculatorKit-ackorybalcxbfocbkqsfdzcfkgmn/SourcePackages/checkouts/SwiftDraw/SwiftDraw/CommandLine.swift /Users/rogerlin/Library/Developer/Xcode/DerivedData/FinancialCalculatorKit-ackorybalcxbfocbkqsfdzcfkgmn/SourcePackages/checkouts/SwiftDraw/SwiftDraw/CoordinateFormatter.swift /Users/rogerlin/Library/Developer/Xcode/DerivedData/FinancialCalculatorKit-ackorybalcxbfocbkqsfdzcfkgmn/SourcePackages/checkouts/SwiftDraw/SwiftDraw/LayerTree.Builder.Layer.swift /Users/rogerlin/Library/Developer/Xcode/DerivedData/FinancialCalculatorKit-ackorybalcxbfocbkqsfdzcfkgmn/SourcePackages/checkouts/SwiftDraw/SwiftDraw/LayerTree.Builder.Path.Arc.swift /Users/rogerlin/Library/Developer/Xcode/DerivedData/FinancialCalculatorKit-ackorybalcxbfocbkqsfdzcfkgmn/SourcePackages/checkouts/SwiftDraw/SwiftDraw/LayerTree.Builder.Path.swift /Users/rogerlin/Library/Developer/Xcode/DerivedData/FinancialCalculatorKit-ackorybalcxbfocbkqsfdzcfkgmn/SourcePackages/checkouts/SwiftDraw/SwiftDraw/LayerTree.Builder.Shape.swift /Users/rogerlin/Library/Developer/Xcode/DerivedData/FinancialCalculatorKit-ackorybalcxbfocbkqsfdzcfkgmn/SourcePackages/checkouts/SwiftDraw/SwiftDraw/LayerTree.Builder.Text.swift /Users/rogerlin/Library/Developer/Xcode/DerivedData/FinancialCalculatorKit-ackorybalcxbfocbkqsfdzcfkgmn/SourcePackages/checkouts/SwiftDraw/SwiftDraw/LayerTree.Builder.swift /Users/rogerlin/Library/Developer/Xcode/DerivedData/FinancialCalculatorKit-ackorybalcxbfocbkqsfdzcfkgmn/SourcePackages/checkouts/SwiftDraw/SwiftDraw/LayerTree.Color.swift /Users/rogerlin/Library/Developer/Xcode/DerivedData/FinancialCalculatorKit-ackorybalcxbfocbkqsfdzcfkgmn/SourcePackages/checkouts/SwiftDraw/SwiftDraw/LayerTree.CommandGenerator.swift /Users/rogerlin/Library/Developer/Xcode/DerivedData/FinancialCalculatorKit-ackorybalcxbfocbkqsfdzcfkgmn/SourcePackages/checkouts/SwiftDraw/SwiftDraw/LayerTree.CommandOptimizer.swift /Users/rogerlin/Library/Developer/Xcode/DerivedData/FinancialCalculatorKit-ackorybalcxbfocbkqsfdzcfkgmn/SourcePackages/checkouts/SwiftDraw/SwiftDraw/LayerTree.Gradient.swift /Users/rogerlin/Library/Developer/Xcode/DerivedData/FinancialCalculatorKit-ackorybalcxbfocbkqsfdzcfkgmn/SourcePackages/checkouts/SwiftDraw/SwiftDraw/LayerTree.Image.swift /Users/rogerlin/Library/Developer/Xcode/DerivedData/FinancialCalculatorKit-ackorybalcxbfocbkqsfdzcfkgmn/SourcePackages/checkouts/SwiftDraw/SwiftDraw/LayerTree.Layer.swift /Users/rogerlin/Library/Developer/Xcode/DerivedData/FinancialCalculatorKit-ackorybalcxbfocbkqsfdzcfkgmn/SourcePackages/checkouts/SwiftDraw/SwiftDraw/LayerTree.Path+Bounds.swift /Users/rogerlin/Library/Developer/Xcode/DerivedData/FinancialCalculatorKit-ackorybalcxbfocbkqsfdzcfkgmn/SourcePackages/checkouts/SwiftDraw/SwiftDraw/LayerTree.Path+Reversed.swift /Users/rogerlin/Library/Developer/Xcode/DerivedData/FinancialCalculatorKit-ackorybalcxbfocbkqsfdzcfkgmn/SourcePackages/checkouts/SwiftDraw/SwiftDraw/LayerTree.Path+Subpath.swift /Users/rogerlin/Library/Developer/Xcode/DerivedData/FinancialCalculatorKit-ackorybalcxbfocbkqsfdzcfkgmn/SourcePackages/checkouts/SwiftDraw/SwiftDraw/LayerTree.Path.swift /Users/rogerlin/Library/Developer/Xcode/DerivedData/FinancialCalculatorKit-ackorybalcxbfocbkqsfdzcfkgmn/SourcePackages/checkouts/SwiftDraw/SwiftDraw/LayerTree.Pattern.swift /Users/rogerlin/Library/Developer/Xcode/DerivedData/FinancialCalculatorKit-ackorybalcxbfocbkqsfdzcfkgmn/SourcePackages/checkouts/SwiftDraw/SwiftDraw/LayerTree.Shape.swift /Users/rogerlin/Library/Developer/Xcode/DerivedData/FinancialCalculatorKit-ackorybalcxbfocbkqsfdzcfkgmn/SourcePackages/checkouts/SwiftDraw/SwiftDraw/LayerTree.Transform.swift /Users/rogerlin/Library/Developer/Xcode/DerivedData/FinancialCalculatorKit-ackorybalcxbfocbkqsfdzcfkgmn/SourcePackages/checkouts/SwiftDraw/SwiftDraw/LayerTree.swift /Users/rogerlin/Library/Developer/Xcode/DerivedData/FinancialCalculatorKit-ackorybalcxbfocbkqsfdzcfkgmn/SourcePackages/checkouts/SwiftDraw/SwiftDraw/NSImage+SVG.swift /Users/rogerlin/Library/Developer/Xcode/DerivedData/FinancialCalculatorKit-ackorybalcxbfocbkqsfdzcfkgmn/SourcePackages/checkouts/SwiftDraw/SwiftDraw/Renderer.CGText+Path.swift /Users/rogerlin/Library/Developer/Xcode/DerivedData/FinancialCalculatorKit-ackorybalcxbfocbkqsfdzcfkgmn/SourcePackages/checkouts/SwiftDraw/SwiftDraw/Renderer.CGText.swift /Users/rogerlin/Library/Developer/Xcode/DerivedData/FinancialCalculatorKit-ackorybalcxbfocbkqsfdzcfkgmn/SourcePackages/checkouts/SwiftDraw/SwiftDraw/Renderer.CoreGraphics.swift /Users/rogerlin/Library/Developer/Xcode/DerivedData/FinancialCalculatorKit-ackorybalcxbfocbkqsfdzcfkgmn/SourcePackages/checkouts/SwiftDraw/SwiftDraw/Renderer.LayerTree.swift /Users/rogerlin/Library/Developer/Xcode/DerivedData/FinancialCalculatorKit-ackorybalcxbfocbkqsfdzcfkgmn/SourcePackages/checkouts/SwiftDraw/SwiftDraw/Renderer.SFSymbol+CGPath.swift /Users/rogerlin/Library/Developer/Xcode/DerivedData/FinancialCalculatorKit-ackorybalcxbfocbkqsfdzcfkgmn/SourcePackages/checkouts/SwiftDraw/SwiftDraw/Renderer.SFSymbol.swift /Users/rogerlin/Library/Developer/Xcode/DerivedData/FinancialCalculatorKit-ackorybalcxbfocbkqsfdzcfkgmn/SourcePackages/checkouts/SwiftDraw/SwiftDraw/Renderer.SVG.swift /Users/rogerlin/Library/Developer/Xcode/DerivedData/FinancialCalculatorKit-ackorybalcxbfocbkqsfdzcfkgmn/SourcePackages/checkouts/SwiftDraw/SwiftDraw/Renderer.swift /Users/rogerlin/Library/Developer/Xcode/DerivedData/FinancialCalculatorKit-ackorybalcxbfocbkqsfdzcfkgmn/SourcePackages/checkouts/SwiftDraw/SwiftDraw/SVG+CoreGraphics.swift /Users/rogerlin/Library/Developer/Xcode/DerivedData/FinancialCalculatorKit-ackorybalcxbfocbkqsfdzcfkgmn/SourcePackages/checkouts/SwiftDraw/SwiftDraw/SVG+Deprecated.swift /Users/rogerlin/Library/Developer/Xcode/DerivedData/FinancialCalculatorKit-ackorybalcxbfocbkqsfdzcfkgmn/SourcePackages/checkouts/SwiftDraw/SwiftDraw/SVG+Hashable.swift /Users/rogerlin/Library/Developer/Xcode/DerivedData/FinancialCalculatorKit-ackorybalcxbfocbkqsfdzcfkgmn/SourcePackages/checkouts/SwiftDraw/SwiftDraw/SVG+Insets.swift /Users/rogerlin/Library/Developer/Xcode/DerivedData/FinancialCalculatorKit-ackorybalcxbfocbkqsfdzcfkgmn/SourcePackages/checkouts/SwiftDraw/SwiftDraw/SVG.swift /Users/rogerlin/Library/Developer/Xcode/DerivedData/FinancialCalculatorKit-ackorybalcxbfocbkqsfdzcfkgmn/SourcePackages/checkouts/SwiftDraw/SwiftDraw/SVGView.swift /Users/rogerlin/Library/Developer/Xcode/DerivedData/FinancialCalculatorKit-ackorybalcxbfocbkqsfdzcfkgmn/SourcePackages/checkouts/SwiftDraw/SwiftDraw/Stack.swift /Users/rogerlin/Library/Developer/Xcode/DerivedData/FinancialCalculatorKit-ackorybalcxbfocbkqsfdzcfkgmn/SourcePackages/checkouts/SwiftDraw/SwiftDraw/UIImage+SVG.swift -primary-file /Users/rogerlin/Library/Developer/Xcode/DerivedData/FinancialCalculatorKit-ackorybalcxbfocbkqsfdzcfkgmn/SourcePackages/checkouts/SwiftDraw/SwiftDraw/Utilities/PairedSequence.swift -primary-file /Users/rogerlin/Library/Developer/Xcode/DerivedData/FinancialCalculatorKit-ackorybalcxbfocbkqsfdzcfkgmn/SourcePackages/checkouts/SwiftDraw/SwiftDraw/XML.Formatter.SVG.swift -primary-file /Users/rogerlin/Library/Developer/Xcode/DerivedData/FinancialCalculatorKit-ackorybalcxbfocbkqsfdzcfkgmn/SourcePackages/checkouts/SwiftDraw/SwiftDraw/XML.Formatter.swift -supplementary-output-file-map /Users/rogerlin/Library/Developer/Xcode/DerivedData/FinancialCalculatorKit-ackorybalcxbfocbkqsfdzcfkgmn/Build/Intermediates.noindex/SwiftDraw.build/Debug/SwiftDraw.build/Objects-normal/arm64/supplementaryOutputs-33 -target arm64-apple-macos10.15 -module-can-import-version AppKit 2685.20.119 2685.20.119 -module-can-import-version CoreGraphics 1965.1.4 1965.1.4 -module-can-import-version CoreText 877.1.0.5 877.1.0 -module-can-import-version Darwin 347.40.2 0 -module-can-import-version SwiftUI 7.1.13.1 7.1.13 -load-resolved-plugin /Applications/Xcode.app/Contents/Developer/Platforms/MacOSX.platform/Developer/usr/lib/swift/host/plugins/libFoundationMacros.dylib\#/Applications/Xcode.app/Contents/Developer/Platforms/MacOSX.platform/Developer/usr/bin/swift-plugin-server\#FoundationMacros -load-resolved-plugin /Applications/Xcode.app/Contents/Developer/Platforms/MacOSX.platform/Developer/usr/lib/swift/host/plugins/libObservationMacros.dylib\#/Applications/Xcode.app/Contents/Developer/Platforms/MacOSX.platform/Developer/usr/bin/swift-plugin-server\#ObservationMacros -load-resolved-plugin /Applications/Xcode.app/Contents/Developer/Platforms/MacOSX.platform/Developer/usr/lib/swift/host/plugins/libPreviewsMacros.dylib\#/Applications/Xcode.app/Contents/Developer/Platforms/MacOSX.platform/Developer/usr/bin/swift-plugin-server\#PreviewsMacros -load-resolved-plugin /Applications/Xcode.app/Contents/Developer/Platforms/MacOSX.platform/Developer/usr/lib/swift/host/plugins/libSwiftMacros.dylib\#/Applications/Xcode.app/Contents/Developer/Platforms/MacOSX.platform/Developer/usr/bin/swift-plugin-server\#SwiftMacros -load-resolved-plugin /Applications/Xcode.app/Contents/Developer/Platforms/MacOSX.platform/Developer/usr/lib/swift/host/plugins/libSwiftUIMacros.dylib\#/Applications/Xcode.app/Contents/Developer/Platforms/MacOSX.platform/Developer/usr/bin/swift-plugin-server\#SwiftUIMacros -disable-implicit-swift-modules -Xcc -fno-implicit-modules -Xcc -fno-implicit-module-maps -explicit-swift-module-map-file /Users/rogerlin/Library/Developer/Xcode/DerivedData/FinancialCalculatorKit-ackorybalcxbfocbkqsfdzcfkgmn/Build/Intermediates.noindex/SwiftDraw.build/Debug/SwiftDraw.build/Objects-normal/arm64/SwiftDraw-dependencies-1.json -Xllvm -aarch64-use-tbi -enable-objc-interop -stack-check -sdk /Applications/Xcode.app/Contents/Developer/Platforms/MacOSX.platform/Developer/SDKs/MacOSX26.1.sdk -I /Users/rogerlin/Library/Developer/Xcode/DerivedData/FinancialCalculatorKit-ackorybalcxbfocbkqsfdzcfkgmn/Build/Products/Debug -Isystem /Applications/Xcode.app/Contents/Developer/Platforms/MacOSX.platform/Developer/usr/lib -F /Users/rogerlin/Library/Developer/Xcode/DerivedData/FinancialCalculatorKit-ackorybalcxbfocbkqsfdzcfkgmn/Build/Products/Debug/PackageFrameworks -F /Users/rogerlin/Library/Developer/Xcode/DerivedData/FinancialCalculatorKit-ackorybalcxbfocbkqsfdzcfkgmn/Build/Products/Debug -F /Applications/Xcode.app/Contents/Developer/Platforms/MacOSX.platform/Developer/Library/Frameworks -no-color-diagnostics -Xcc -fno-color-diagnostics -enable-testing -g -debug-info-format\=dwarf -dwarf-version\=4 -module-cache-path /Users/rogerlin/Library/Developer/Xcode/DerivedData/FinancialCalculatorKit-ackorybalcxbfocbkqsfdzcfkgmn/Build/Intermediates.noindex/SwiftExplicitPrecompiledModules -suppress-warnings -profile-generate -profile-coverage-mapping -swift-version 6 -enforce-exclusivity\=checked -Onone -D SWIFT_PACKAGE -D DEBUG -D SWIFT_MODULE_RESOURCE_BUNDLE_UNAVAILABLE -D Xcode -serialize-debugging-options -const-gather-protocols-file /Users/rogerlin/Library/Developer/Xcode/DerivedData/FinancialCalculatorKit-ackorybalcxbfocbkqsfdzcfkgmn/Build/Intermediates.noindex/SwiftDraw.build/Debug/SwiftDraw.build/Objects-normal/arm64/SwiftDraw_const_extract_protocols.json -enable-upcoming-feature ExistentialAny -enable-experimental-feature DebugDescriptionMacro -empty-abi-descriptor -user-module-version 0.22.0 -validate-clang-modules-once -clang-build-session-file /Users/rogerlin/Library/Developer/Xcode/DerivedData/ModuleCache.noindex/Session.modulevalidation -Xcc -working-directory -Xcc /Users/rogerlin/XCode-Projects/FinancialCalculatorKit-5.0-updated-accent-colors/FinancialCalculatorKit.xcodeproj -enable-anonymous-context-mangled-names -file-compilation-dir /Users/rogerlin/XCode-Projects/FinancialCalculatorKit-5.0-updated-accent-colors/FinancialCalculatorKit.xcodeproj -Xcc -D_LIBCPP_HARDENING_MODE\=_LIBCPP_HARDENING_MODE_DEBUG -Xcc -ivfsstatcache -Xcc /Users/rogerlin/Library/Developer/Xcode/DerivedData/SDKStatCaches.noindex/macosx26.1-25B74-3ae1261907bdadc328169391a47051a6.sdkstatcache -Xcc -I/Users/rogerlin/Library/Developer/Xcode/DerivedData/FinancialCalculatorKit-ackorybalcxbfocbkqsfdzcfkgmn/Build/Intermediates.noindex/SwiftDraw.build/Debug/SwiftDraw.build/swift-overrides.hmap -Xcc -I/Users/rogerlin/Library/Developer/Xcode/DerivedData/FinancialCalculatorKit-ackorybalcxbfocbkqsfdzcfkgmn/Build/Products/Debug/include -Xcc -I/Users/rogerlin/Library/Developer/Xcode/DerivedData/FinancialCalculatorKit-ackorybalcxbfocbkqsfdzcfkgmn/Build/Intermediates.noindex/SwiftDraw.build/Debug/SwiftDraw.build/DerivedSources-normal/arm64 -Xcc -I/Users/rogerlin/Library/Developer/Xcode/DerivedData/FinancialCalculatorKit-ackorybalcxbfocbkqsfdzcfkgmn/Build/Intermediates.noindex/SwiftDraw.build/Debug/SwiftDraw.build/DerivedSources/arm64 -Xcc -I/Users/rogerlin/Library/Developer/Xcode/DerivedData/FinancialCalculatorKit-ackorybalcxbfocbkqsfdzcfkgmn/Build/Intermediates.noindex/SwiftDraw.build/Debug/SwiftDraw.build/DerivedSources -Xcc -DSWIFT_PACKAGE -Xcc -DDEBUG\=1 -no-auto-bridging-header-chaining -module-name SwiftDraw -package-name swiftdraw -frontend-parseable-output -disable-clang-spi -target-sdk-version 26.1 -target-sdk-name macosx26.1 -clang-target arm64-apple-macos26.1 -in-process-plugin-server-path /Applications/Xcode.app/Contents/Developer/Toolchains/XcodeDefault.xctoolchain/usr/lib/swift/host/libSwiftInProcPluginServer.dylib -o /Users/rogerlin/Library/Developer/Xcode/DerivedData/FinancialCalculatorKit-ackorybalcxbfocbkqsfdzcfkgmn/Build/Intermediates.noindex/SwiftDraw.build/Debug/SwiftDraw.build/Objects-normal/arm64/PairedSequence.o -o /Users/rogerlin/Library/Developer/Xcode/DerivedData/FinancialCalculatorKit-ackorybalcxbfocbkqsfdzcfkgmn/Build/Intermediates.noindex/SwiftDraw.build/Debug/SwiftDraw.build/Objects-normal/arm64/XML.Formatter.SVG.o -o /Users/rogerlin/Library/Developer/Xcode/DerivedData/FinancialCalculatorKit-ackorybalcxbfocbkqsfdzcfkgmn/Build/Intermediates.noindex/SwiftDraw.build/Debug/SwiftDraw.build/Objects-normal/arm64/XML.Formatter.o -index-unit-output-path /SwiftDraw.build/Debug/SwiftDraw.build/Objects-normal/arm64/PairedSequence.o -index-unit-output-path /SwiftDraw.build/Debug/SwiftDraw.build/Objects-normal/arm64/XML.Formatter.SVG.o -index-unit-output-path /SwiftDraw.build/Debug/SwiftDraw.build/Objects-normal/arm64/XML.Formatter.o -index-store-path /Users/rogerlin/Library/Developer/Xcode/DerivedData/FinancialCalculatorKit-ackorybalcxbfocbkqsfdzcfkgmn/Index.noindex/DataStore -index-system-modules

SwiftCompile normal arm64 /Users/rogerlin/Library/Developer/Xcode/DerivedData/FinancialCalculatorKit-ackorybalcxbfocbkqsfdzcfkgmn/SourcePackages/checkouts/SwiftDraw/SwiftDraw/Utilities/PairedSequence.swift (in target 'SwiftDraw' from project 'SwiftDraw')
    cd /Users/rogerlin/XCode-Projects/FinancialCalculatorKit-5.0-updated-accent-colors/FinancialCalculatorKit.xcodeproj
    

SwiftCompile normal arm64 /Users/rogerlin/Library/Developer/Xcode/DerivedData/FinancialCalculatorKit-ackorybalcxbfocbkqsfdzcfkgmn/SourcePackages/checkouts/SwiftDraw/SwiftDraw/XML.Formatter.SVG.swift (in target 'SwiftDraw' from project 'SwiftDraw')
    cd /Users/rogerlin/XCode-Projects/FinancialCalculatorKit-5.0-updated-accent-colors/FinancialCalculatorKit.xcodeproj
    

SwiftCompile normal arm64 /Users/rogerlin/Library/Developer/Xcode/DerivedData/FinancialCalculatorKit-ackorybalcxbfocbkqsfdzcfkgmn/SourcePackages/checkouts/SwiftDraw/SwiftDraw/XML.Formatter.swift (in target 'SwiftDraw' from project 'SwiftDraw')
    cd /Users/rogerlin/XCode-Projects/FinancialCalculatorKit-5.0-updated-accent-colors/FinancialCalculatorKit.xcodeproj
    

SwiftDriverJobDiscovery normal arm64 Emitting module for XCTestDynamicOverlay (in target 'XCTestDynamicOverlay' from project 'xctest-dynamic-overlay')

SwiftDriver\ Compilation\ Requirements XCTestDynamicOverlay normal arm64 com.apple.xcode.tools.swift.compiler (in target 'XCTestDynamicOverlay' from project 'xctest-dynamic-overlay')
    cd /Users/rogerlin/XCode-Projects/FinancialCalculatorKit-5.0-updated-accent-colors/FinancialCalculatorKit.xcodeproj
    builtin-Swift-Compilation-Requirements -- /Applications/Xcode.app/Contents/Developer/Toolchains/XcodeDefault.xctoolchain/usr/bin/swiftc -module-name XCTestDynamicOverlay -Onone -enforce-exclusivity\=checked @/Users/rogerlin/Library/Developer/Xcode/DerivedData/FinancialCalculatorKit-ackorybalcxbfocbkqsfdzcfkgmn/Build/Intermediates.noindex/xctest-dynamic-overlay.build/Debug/XCTestDynamicOverlay.build/Objects-normal/arm64/XCTestDynamicOverlay.SwiftFileList -DSWIFT_PACKAGE -DDEBUG -DSWIFT_MODULE_RESOURCE_BUNDLE_UNAVAILABLE -DXcode -plugin-path /Applications/Xcode.app/Contents/Developer/Toolchains/XcodeDefault.xctoolchain/usr/lib/swift/host/plugins/testing -enable-experimental-feature DebugDescriptionMacro -sdk /Applications/Xcode.app/Contents/Developer/Platforms/MacOSX.platform/Developer/SDKs/MacOSX26.1.sdk -target arm64-apple-macos10.15 -g -module-cache-path /Users/rogerlin/Library/Developer/Xcode/DerivedData/ModuleCache.noindex -Xfrontend -serialize-debugging-options -profile-coverage-mapping -profile-generate -enable-testing -suppress-warnings -index-store-path /Users/rogerlin/Library/Developer/Xcode/DerivedData/FinancialCalculatorKit-ackorybalcxbfocbkqsfdzcfkgmn/Index.noindex/DataStore -Xcc -D_LIBCPP_HARDENING_MODE\=_LIBCPP_HARDENING_MODE_DEBUG -swift-version 6 -I /Users/rogerlin/Library/Developer/Xcode/DerivedData/FinancialCalculatorKit-ackorybalcxbfocbkqsfdzcfkgmn/Build/Products/Debug -Isystem /Applications/Xcode.app/Contents/Developer/Platforms/MacOSX.platform/Developer/usr/lib -F /Users/rogerlin/Library/Developer/Xcode/DerivedData/FinancialCalculatorKit-ackorybalcxbfocbkqsfdzcfkgmn/Build/Products/Debug/PackageFrameworks -F /Users/rogerlin/Library/Developer/Xcode/DerivedData/FinancialCalculatorKit-ackorybalcxbfocbkqsfdzcfkgmn/Build/Products/Debug -F /Applications/Xcode.app/Contents/Developer/Platforms/MacOSX.platform/Developer/Library/Frameworks -c -j16 -enable-batch-mode -incremental -Xcc -ivfsstatcache -Xcc /Users/rogerlin/Library/Developer/Xcode/DerivedData/SDKStatCaches.noindex/macosx26.1-25B74-3ae1261907bdadc328169391a47051a6.sdkstatcache -output-file-map /Users/rogerlin/Library/Developer/Xcode/DerivedData/FinancialCalculatorKit-ackorybalcxbfocbkqsfdzcfkgmn/Build/Intermediates.noindex/xctest-dynamic-overlay.build/Debug/XCTestDynamicOverlay.build/Objects-normal/arm64/XCTestDynamicOverlay-OutputFileMap.json -use-frontend-parseable-output -save-temps -no-color-diagnostics -explicit-module-build -module-cache-path /Users/rogerlin/Library/Developer/Xcode/DerivedData/FinancialCalculatorKit-ackorybalcxbfocbkqsfdzcfkgmn/Build/Intermediates.noindex/SwiftExplicitPrecompiledModules -clang-scanner-module-cache-path /Users/rogerlin/Library/Developer/Xcode/DerivedData/ModuleCache.noindex -sdk-module-cache-path /Users/rogerlin/Library/Developer/Xcode/DerivedData/ModuleCache.noindex -serialize-diagnostics -emit-dependencies -emit-module -emit-module-path /Users/rogerlin/Library/Developer/Xcode/DerivedData/FinancialCalculatorKit-ackorybalcxbfocbkqsfdzcfkgmn/Build/Intermediates.noindex/xctest-dynamic-overlay.build/Debug/XCTestDynamicOverlay.build/Objects-normal/arm64/XCTestDynamicOverlay.swiftmodule -user-module-version 1.5.2 -validate-clang-modules-once -clang-build-session-file /Users/rogerlin/Library/Developer/Xcode/DerivedData/ModuleCache.noindex/Session.modulevalidation -package-name xctest_dynamic_overlay -Xcc -I/Users/rogerlin/Library/Developer/Xcode/DerivedData/FinancialCalculatorKit-ackorybalcxbfocbkqsfdzcfkgmn/Build/Intermediates.noindex/xctest-dynamic-overlay.build/Debug/XCTestDynamicOverlay.build/swift-overrides.hmap -emit-const-values -Xfrontend -const-gather-protocols-file -Xfrontend /Users/rogerlin/Library/Developer/Xcode/DerivedData/FinancialCalculatorKit-ackorybalcxbfocbkqsfdzcfkgmn/Build/Intermediates.noindex/xctest-dynamic-overlay.build/Debug/XCTestDynamicOverlay.build/Objects-normal/arm64/XCTestDynamicOverlay_const_extract_protocols.json -Xcc -I/Users/rogerlin/Library/Developer/Xcode/DerivedData/FinancialCalculatorKit-ackorybalcxbfocbkqsfdzcfkgmn/Build/Products/Debug/include -Xcc -I/Users/rogerlin/Library/Developer/Xcode/DerivedData/FinancialCalculatorKit-ackorybalcxbfocbkqsfdzcfkgmn/Build/Intermediates.noindex/xctest-dynamic-overlay.build/Debug/XCTestDynamicOverlay.build/DerivedSources-normal/arm64 -Xcc -I/Users/rogerlin/Library/Developer/Xcode/DerivedData/FinancialCalculatorKit-ackorybalcxbfocbkqsfdzcfkgmn/Build/Intermediates.noindex/xctest-dynamic-overlay.build/Debug/XCTestDynamicOverlay.build/DerivedSources/arm64 -Xcc -I/Users/rogerlin/Library/Developer/Xcode/DerivedData/FinancialCalculatorKit-ackorybalcxbfocbkqsfdzcfkgmn/Build/Intermediates.noindex/xctest-dynamic-overlay.build/Debug/XCTestDynamicOverlay.build/DerivedSources -Xcc -DSWIFT_PACKAGE -Xcc -DDEBUG\=1 -emit-objc-header -emit-objc-header-path /Users/rogerlin/Library/Developer/Xcode/DerivedData/FinancialCalculatorKit-ackorybalcxbfocbkqsfdzcfkgmn/Build/Intermediates.noindex/xctest-dynamic-overlay.build/Debug/XCTestDynamicOverlay.build/Objects-normal/arm64/XCTestDynamicOverlay-Swift.h -working-directory /Users/rogerlin/XCode-Projects/FinancialCalculatorKit-5.0-updated-accent-colors/FinancialCalculatorKit.xcodeproj -experimental-emit-module-separately -disable-cmo

    Task input dependencies:
        /Users/rogerlin/Library/Developer/Xcode/DerivedData/FinancialCalculatorKit-ackorybalcxbfocbkqsfdzcfkgmn/SourcePackages/checkouts/xctest-dynamic-overlay/Sources/XCTestDynamicOverlay/Internal/Deprecations.swift
        /Users/rogerlin/Library/Developer/Xcode/DerivedData/FinancialCalculatorKit-ackorybalcxbfocbkqsfdzcfkgmn/SourcePackages/checkouts/xctest-dynamic-overlay/Sources/XCTestDynamicOverlay/Internal/Exports.swift
        /Users/rogerlin/Library/Developer/Xcode/DerivedData/FinancialCalculatorKit-ackorybalcxbfocbkqsfdzcfkgmn/Build/Intermediates.noindex/xctest-dynamic-overlay.build/Debug/XCTestDynamicOverlay.build/Objects-normal/arm64/XCTestDynamicOverlay.SwiftFileList
        /Users/rogerlin/Library/Developer/Xcode/DerivedData/FinancialCalculatorKit-ackorybalcxbfocbkqsfdzcfkgmn/Build/Intermediates.noindex/xctest-dynamic-overlay.build/Debug/XCTestDynamicOverlay.build/Objects-normal/arm64/XCTestDynamicOverlay-OutputFileMap.json
        /Users/rogerlin/Library/Developer/Xcode/DerivedData/FinancialCalculatorKit-ackorybalcxbfocbkqsfdzcfkgmn/Build/Intermediates.noindex/xctest-dynamic-overlay.build/Debug/XCTestDynamicOverlay.build/Objects-normal/arm64/XCTestDynamicOverlay_const_extract_protocols.json
        /Users/rogerlin/Library/Developer/Xcode/DerivedData/FinancialCalculatorKit-ackorybalcxbfocbkqsfdzcfkgmn/Build/Intermediates.noindex/GeneratedModuleMaps/XCTestDynamicOverlay.modulemap
        /Users/rogerlin/Library/Developer/Xcode/DerivedData/FinancialCalculatorKit-ackorybalcxbfocbkqsfdzcfkgmn/SourcePackages/checkouts/xctest-dynamic-overlay/Sources/XCTestDynamicOverlay/Internal/Deprecations.swift
        /Users/rogerlin/Library/Developer/Xcode/DerivedData/FinancialCalculatorKit-ackorybalcxbfocbkqsfdzcfkgmn/SourcePackages/checkouts/xctest-dynamic-overlay/Sources/XCTestDynamicOverlay/Internal/Exports.swift
        /Users/rogerlin/Library/Developer/Xcode/DerivedData/FinancialCalculatorKit-ackorybalcxbfocbkqsfdzcfkgmn/Build/Intermediates.noindex/xctest-dynamic-overlay.build/Debug/XCTestDynamicOverlay.build/Objects-normal/arm64/XCTestDynamicOverlay.SwiftFileList
        /Users/rogerlin/Library/Developer/Xcode/DerivedData/FinancialCalculatorKit-ackorybalcxbfocbkqsfdzcfkgmn/Build/Intermediates.noindex/xctest-dynamic-overlay.build/Debug/XCTestDynamicOverlay.build/Objects-normal/arm64/XCTestDynamicOverlay-OutputFileMap.json
        /Users/rogerlin/Library/Developer/Xcode/DerivedData/FinancialCalculatorKit-ackorybalcxbfocbkqsfdzcfkgmn/Build/Intermediates.noindex/xctest-dynamic-overlay.build/Debug/XCTestDynamicOverlay.build/Objects-normal/arm64/XCTestDynamicOverlay_const_extract_protocols.json
        /Users/rogerlin/Library/Developer/Xcode/DerivedData/FinancialCalculatorKit-ackorybalcxbfocbkqsfdzcfkgmn/Build/Intermediates.noindex/GeneratedModuleMaps/XCTestDynamicOverlay.modulemap
        <ClangStatCache /Users/rogerlin/Library/Developer/Xcode/DerivedData/SDKStatCaches.noindex/macosx26.1-25B74-3ae1261907bdadc328169391a47051a6.sdkstatcache>
        <target-XCTestDynamicOverlay-PACKAGE-TARGET:XCTestDynamicOverlay-SDKROOT:macosx:SDK_VARIANT:macos-copy-headers-completion>
        <target-XCTestDynamicOverlay-PACKAGE-TARGET:XCTestDynamicOverlay-SDKROOT:macosx:SDK_VARIANT:macos-ModuleVerifierTaskProducer>
        <target-XCTestDynamicOverlay-PACKAGE-TARGET:XCTestDynamicOverlay-SDKROOT:macosx:SDK_VARIANT:macos-begin-compiling>
        <WorkspaceHeaderMapVFSFilesWritten>

    Task output dependencies:
        /Users/rogerlin/Library/Developer/Xcode/DerivedData/FinancialCalculatorKit-ackorybalcxbfocbkqsfdzcfkgmn/Build/Intermediates.noindex/xctest-dynamic-overlay.build/Debug/XCTestDynamicOverlay.build/Objects-normal/arm64/XCTestDynamicOverlay Swift Compilation Requirements Finished
        /Users/rogerlin/Library/Developer/Xcode/DerivedData/FinancialCalculatorKit-ackorybalcxbfocbkqsfdzcfkgmn/Build/Intermediates.noindex/xctest-dynamic-overlay.build/Debug/XCTestDynamicOverlay.build/Objects-normal/arm64/XCTestDynamicOverlay.swiftmodule
        /Users/rogerlin/Library/Developer/Xcode/DerivedData/FinancialCalculatorKit-ackorybalcxbfocbkqsfdzcfkgmn/Build/Intermediates.noindex/xctest-dynamic-overlay.build/Debug/XCTestDynamicOverlay.build/Objects-normal/arm64/XCTestDynamicOverlay-linker-args.resp
        /Users/rogerlin/Library/Developer/Xcode/DerivedData/FinancialCalculatorKit-ackorybalcxbfocbkqsfdzcfkgmn/Build/Intermediates.noindex/xctest-dynamic-overlay.build/Debug/XCTestDynamicOverlay.build/Objects-normal/arm64/XCTestDynamicOverlay.swiftsourceinfo
        /Users/rogerlin/Library/Developer/Xcode/DerivedData/FinancialCalculatorKit-ackorybalcxbfocbkqsfdzcfkgmn/Build/Intermediates.noindex/xctest-dynamic-overlay.build/Debug/XCTestDynamicOverlay.build/Objects-normal/arm64/XCTestDynamicOverlay.abi.json
        /Users/rogerlin/Library/Developer/Xcode/DerivedData/FinancialCalculatorKit-ackorybalcxbfocbkqsfdzcfkgmn/Build/Intermediates.noindex/xctest-dynamic-overlay.build/Debug/XCTestDynamicOverlay.build/Objects-normal/arm64/XCTestDynamicOverlay-Swift.h
        /Users/rogerlin/Library/Developer/Xcode/DerivedData/FinancialCalculatorKit-ackorybalcxbfocbkqsfdzcfkgmn/Build/Intermediates.noindex/xctest-dynamic-overlay.build/Debug/XCTestDynamicOverlay.build/Objects-normal/arm64/XCTestDynamicOverlay.swiftdoc
Discovered dependency nodes:
/Applications/Xcode.app/Contents/Developer/Platforms/MacOSX.platform/Developer/SDKs/MacOSX26.1.sdk/System/Library/Frameworks/CFNetwork.framework/Modules/module.modulemap
/Applications/Xcode.app/Contents/Developer/Platforms/MacOSX.platform/Developer/SDKs/MacOSX26.1.sdk/System/Library/Frameworks/CFNetwork.framework/Headers/CFNetwork.h
/Applications/Xcode.app/Contents/Developer/Platforms/MacOSX.platform/Developer/SDKs/MacOSX26.1.sdk/System/Library/Frameworks/CoreFoundation.framework/Modules/module.modulemap
/Applications/Xcode.app/Contents/Developer/Platforms/MacOSX.platform/Developer/SDKs/MacOSX26.1.sdk/System/Library/Frameworks/CFNetwork.framework/Headers/CFNetworkDefs.h
/Applications/Xcode.app/Contents/Developer/Platforms/MacOSX.platform/Developer/SDKs/MacOSX26.1.sdk/usr/include/Darwin.modulemap
/Applications/Xcode.app/Contents/Developer/Platforms/MacOSX.platform/Developer/SDKs/MacOSX26.1.sdk/System/Library/Frameworks/CFNetwork.framework/Headers/CFNetworkErrors.h
/Applications/Xcode.app/Contents/Developer/Platforms/MacOSX.platform/Developer/SDKs/MacOSX26.1.sdk/System/Library/Frameworks/CFNetwork.framework/Headers/CFSocketStream.h
/Applications/Xcode.app/Contents/Developer/Platforms/MacOSX.platform/Developer/SDKs/MacOSX26.1.sdk/System/Library/Frameworks/CFNetwork.framework/Headers/CFHost.h
/Applications/Xcode.app/Contents/Developer/Platforms/MacOSX.platform/Developer/SDKs/MacOSX26.1.sdk/System/Library/Frameworks/CFNetwork.framework/Headers/CFNetServices.h
/Applications/Xcode.app/Contents/Developer/Platforms/MacOSX.platform/Developer/SDKs/MacOSX26.1.sdk/System/Library/Frameworks/CFNetwork.framework/Headers/CFFTPStream.h
/Applications/Xcode.app/Contents/Developer/Platforms/MacOSX.platform/Developer/SDKs/MacOSX26.1.sdk/System/Library/Frameworks/CFNetwork.framework/Headers/CFHTTPMessage.h
/Applications/Xcode.app/Contents/Developer/Platforms/MacOSX.platform/Developer/SDKs/MacOSX26.1.sdk/System/Library/Frameworks/CFNetwork.framework/Headers/CFHTTPStream.h
/Applications/Xcode.app/Contents/Developer/Platforms/MacOSX.platform/Developer/SDKs/MacOSX26.1.sdk/System/Library/Frameworks/CFNetwork.framework/Headers/CFHTTPAuthentication.h
/Applications/Xcode.app/Contents/Developer/Platforms/MacOSX.platform/Developer/SDKs/MacOSX26.1.sdk/System/Library/Frameworks/CFNetwork.framework/Headers/CFNetDiagnostics.h
/Applications/Xcode.app/Contents/Developer/Toolchains/XcodeDefault.xctoolchain/usr/lib/swift/clang/include/module.modulemap
/Applications/Xcode.app/Contents/Developer/Platforms/MacOSX.platform/Developer/SDKs/MacOSX26.1.sdk/System/Library/Frameworks/CFNetwork.framework/Headers/CFProxySupport.h
/Applications/Xcode.app/Contents/Developer/Platforms/MacOSX.platform/Developer/SDKs/MacOSX26.1.sdk/SDKSettings.json
/Applications/Xcode.app/Contents/Developer/Toolchains/XcodeDefault.xctoolchain/usr/lib/swift/macosx/prebuilt-modules/26.1/Combine.swiftmodule/arm64e-apple-macos.swiftmodule
/Applications/Xcode.app/Contents/Developer/Toolchains/XcodeDefault.xctoolchain/usr/lib/swift/macosx/prebuilt-modules/26.1/CoreFoundation.swiftmodule/arm64e-apple-macos.swiftmodule
/Applications/Xcode.app/Contents/Developer/Platforms/MacOSX.platform/Developer/SDKs/MacOSX26.1.sdk/System/Library/Frameworks/CoreFoundation.framework/Modules/module.modulemap
/Applications/Xcode.app/Contents/Developer/Platforms/MacOSX.platform/Developer/SDKs/MacOSX26.1.sdk/System/Library/Frameworks/CoreFoundation.framework/Headers/CoreFoundation.h
/Applications/Xcode.app/Contents/Developer/Platforms/MacOSX.platform/Developer/SDKs/MacOSX26.1.sdk/usr/include/dispatch.modulemap
/Applications/Xcode.app/Contents/Developer/Platforms/MacOSX.platform/Developer/SDKs/MacOSX26.1.sdk/usr/include/Darwin.modulemap
/Applications/Xcode.app/Contents/Developer/Platforms/MacOSX.platform/Developer/SDKs/MacOSX26.1.sdk/usr/include/Darwin_C.modulemap
/Applications/Xcode.app/Contents/Developer/Platforms/MacOSX.platform/Developer/SDKs/MacOSX26.1.sdk/usr/include/Darwin_POSIX.modulemap
/Applications/Xcode.app/Contents/Developer/Platforms/MacOSX.platform/Developer/SDKs/MacOSX26.1.sdk/usr/include/net.modulemap
/Applications/Xcode.app/Contents/Developer/Platforms/MacOSX.platform/Developer/SDKs/MacOSX26.1.sdk/usr/include/netinet.modulemap
/Applications/Xcode.app/Contents/Developer/Platforms/MacOSX.platform/Developer/SDKs/MacOSX26.1.sdk/usr/include/bank.modulemap
/Applications/Xcode.app/Contents/Developer/Platforms/MacOSX.platform/Developer/SDKs/MacOSX26.1.sdk/usr/include/Darwin_Mach.modulemap
/Applications/Xcode.app/Contents/Developer/Platforms/MacOSX.platform/Developer/SDKs/MacOSX26.1.sdk/usr/include/Darwin_Mach_machine.modulemap
/Applications/Xcode.app/Contents/Developer/Platforms/MacOSX.platform/Developer/SDKs/MacOSX26.1.sdk/usr/include/mach_debug.modulemap
/Applications/Xcode.app/Contents/Developer/Platforms/MacOSX.platform/Developer/SDKs/MacOSX26.1.sdk/usr/include/device.modulemap
/Applications/Xcode.app/Contents/Developer/Platforms/MacOSX.platform/Developer/SDKs/MacOSX26.1.sdk/usr/include/Darwin_machine.modulemap
/Applications/Xcode.app/Contents/Developer/Platforms/MacOSX.platform/Developer/SDKs/MacOSX26.1.sdk/usr/include/ncurses.modulemap
/Applications/Xcode.app/Contents/Developer/Platforms/MacOSX.platform/Developer/SDKs/MacOSX26.1.sdk/usr/include/netinet6.modulemap
/Applications/Xcode.app/Contents/Developer/Platforms/MacOSX.platform/Developer/SDKs/MacOSX26.1.sdk/usr/include/Darwin_sys.modulemap
/Applications/Xcode.app/Contents/Developer/Platforms/MacOSX.platform/Developer/SDKs/MacOSX26.1.sdk/usr/include/uuid.modulemap
/Applications/Xcode.app/Contents/Developer/Platforms/MacOSX.platform/Developer/SDKs/MacOSX26.1.sdk/usr/include/DarwinFoundation2.modulemap
/Applications/Xcode.app/Contents/Developer/Platforms/MacOSX.platform/Developer/SDKs/MacOSX26.1.sdk/usr/include/DarwinFoundation3.modulemap
/Applications/Xcode.app/Contents/Developer/Platforms/MacOSX.platform/Developer/SDKs/MacOSX26.1.sdk/usr/include/DarwinFoundation1.modulemap
/Applications/Xcode.app/Contents/Developer/Toolchains/XcodeDefault.xctoolchain/usr/lib/swift/clang/include/module.modulemap
/Applications/Xcode.app/Contents/Developer/Toolchains/XcodeDefault.xctoolchain/usr/lib/swift/clang/include/stdarg.h
/Applications/Xcode.app/Contents/Developer/Platforms/MacOSX.platform/Developer/SDKs/MacOSX26.1.sdk/usr/include/assert.h
/Applications/Xcode.app/Contents/Developer/Platforms/MacOSX.platform/Developer/SDKs/MacOSX26.1.sdk/usr/include/ctype.h
/Applications/Xcode.app/Contents/Developer/Toolchains/XcodeDefault.xctoolchain/usr/lib/swift/clang/include/stddef.h
/Applications/Xcode.app/Contents/Developer/Platforms/MacOSX.platform/Developer/SDKs/MacOSX26.1.sdk/usr/include/stdio.h
/Applications/Xcode.app/Contents/Developer/Platforms/MacOSX.platform/Developer/SDKs/MacOSX26.1.sdk/usr/include/stdlib.h
/Applications/Xcode.app/Contents/Developer/Platforms/MacOSX.platform/Developer/SDKs/MacOSX26.1.sdk/usr/include/string.h
/Applications/Xcode.app/Contents/Developer/Platforms/MacOSX.platform/Developer/SDKs/MacOSX26.1.sdk/usr/include/time.h
/Applications/Xcode.app/Contents/Developer/Platforms/MacOSX.platform/Developer/SDKs/MacOSX26.1.sdk/System/Library/Frameworks/CoreFoundation.framework/Headers/CFBase.h
/Applications/Xcode.app/Contents/Developer/Platforms/MacOSX.platform/Developer/SDKs/MacOSX26.1.sdk/System/Library/Frameworks/CoreFoundation.framework/Headers/CFAvailability.h
/Applications/Xcode.app/Contents/Developer/Platforms/MacOSX.platform/Developer/SDKs/MacOSX26.1.sdk/System/Library/Frameworks/CoreFoundation.framework/Headers/CFArray.h
/Applications/Xcode.app/Contents/Developer/Platforms/MacOSX.platform/Developer/SDKs/MacOSX26.1.sdk/System/Library/Frameworks/CoreFoundation.framework/Headers/CFBag.h
/Applications/Xcode.app/Contents/Developer/Platforms/MacOSX.platform/Developer/SDKs/MacOSX26.1.sdk/System/Library/Frameworks/CoreFoundation.framework/Headers/CFBinaryHeap.h
/Applications/Xcode.app/Contents/Developer/Platforms/MacOSX.platform/Developer/SDKs/MacOSX26.1.sdk/System/Library/Frameworks/CoreFoundation.framework/Headers/CFBitVector.h
/Applications/Xcode.app/Contents/Developer/Platforms/MacOSX.platform/Developer/SDKs/MacOSX26.1.sdk/System/Library/Frameworks/CoreFoundation.framework/Headers/CFByteOrder.h
/Applications/Xcode.app/Contents/Developer/Platforms/MacOSX.platform/Developer/SDKs/MacOSX26.1.sdk/System/Library/Frameworks/CoreFoundation.framework/Headers/CFCalendar.h
/Applications/Xcode.app/Contents/Developer/Platforms/MacOSX.platform/Developer/SDKs/MacOSX26.1.sdk/System/Library/Frameworks/CoreFoundation.framework/Headers/CFLocale.h
/Applications/Xcode.app/Contents/Developer/Platforms/MacOSX.platform/Developer/SDKs/MacOSX26.1.sdk/System/Library/Frameworks/CoreFoundation.framework/Headers/CFDictionary.h
/Applications/Xcode.app/Contents/Developer/Platforms/MacOSX.platform/Developer/SDKs/MacOSX26.1.sdk/System/Library/Frameworks/CoreFoundation.framework/Headers/CFNotificationCenter.h
/Applications/Xcode.app/Contents/Developer/Platforms/MacOSX.platform/Developer/SDKs/MacOSX26.1.sdk/System/Library/Frameworks/CoreFoundation.framework/Headers/CFDate.h
/Applications/Xcode.app/Contents/Developer/Platforms/MacOSX.platform/Developer/SDKs/MacOSX26.1.sdk/System/Library/Frameworks/CoreFoundation.framework/Headers/CFTimeZone.h
/Applications/Xcode.app/Contents/Developer/Platforms/MacOSX.platform/Developer/SDKs/MacOSX26.1.sdk/System/Library/Frameworks/CoreFoundation.framework/Headers/CFData.h
/Applications/Xcode.app/Contents/Developer/Platforms/MacOSX.platform/Developer/SDKs/MacOSX26.1.sdk/System/Library/Frameworks/CoreFoundation.framework/Headers/CFString.h
/Applications/Xcode.app/Contents/Developer/Platforms/MacOSX.platform/Developer/SDKs/MacOSX26.1.sdk/System/Library/Frameworks/CoreFoundation.framework/Headers/CFCharacterSet.h
/Applications/Xcode.app/Contents/Developer/Platforms/MacOSX.platform/Developer/SDKs/MacOSX26.1.sdk/System/Library/Frameworks/CoreFoundation.framework/Headers/CFError.h
/Applications/Xcode.app/Contents/Developer/Platforms/MacOSX.platform/Developer/SDKs/MacOSX26.1.sdk/System/Library/Frameworks/CoreFoundation.framework/Headers/CFCGTypes.h
/Applications/Xcode.app/Contents/Developer/Platforms/MacOSX.platform/Developer/SDKs/MacOSX26.1.sdk/System/Library/Frameworks/CoreFoundation.framework/Headers/CFDateFormatter.h
/Applications/Xcode.app/Contents/Developer/Platforms/MacOSX.platform/Developer/SDKs/MacOSX26.1.sdk/System/Library/Frameworks/CoreFoundation.framework/Headers/CFNumber.h
/Applications/Xcode.app/Contents/Developer/Platforms/MacOSX.platform/Developer/SDKs/MacOSX26.1.sdk/System/Library/Frameworks/CoreFoundation.framework/Headers/CFNumberFormatter.h
/Applications/Xcode.app/Contents/Developer/Platforms/MacOSX.platform/Developer/SDKs/MacOSX26.1.sdk/System/Library/Frameworks/CoreFoundation.framework/Headers/CFPreferences.h
/Applications/Xcode.app/Contents/Developer/Platforms/MacOSX.platform/Developer/SDKs/MacOSX26.1.sdk/System/Library/Frameworks/CoreFoundation.framework/Headers/CFPropertyList.h
/Applications/Xcode.app/Contents/Developer/Platforms/MacOSX.platform/Developer/SDKs/MacOSX26.1.sdk/System/Library/Frameworks/CoreFoundation.framework/Headers/CFStream.h
/Applications/Xcode.app/Contents/Developer/Platforms/MacOSX.platform/Developer/SDKs/MacOSX26.1.sdk/System/Library/Frameworks/CoreFoundation.framework/Headers/CFURL.h
/Applications/Xcode.app/Contents/Developer/Platforms/MacOSX.platform/Developer/SDKs/MacOSX26.1.sdk/System/Library/Frameworks/CoreFoundation.framework/Headers/CFRunLoop.h
/Applications/Xcode.app/Contents/Developer/Platforms/MacOSX.platform/Developer/SDKs/MacOSX26.1.sdk/System/Library/Frameworks/CoreFoundation.framework/Headers/CFSocket.h
/Applications/Xcode.app/Contents/Developer/Platforms/MacOSX.platform/Developer/SDKs/MacOSX26.1.sdk/System/Library/Frameworks/CoreFoundation.framework/Headers/CFSet.h
/Applications/Xcode.app/Contents/Developer/Platforms/MacOSX.platform/Developer/SDKs/MacOSX26.1.sdk/System/Library/Frameworks/CoreFoundation.framework/Headers/CFStringEncodingExt.h
/Applications/Xcode.app/Contents/Developer/Platforms/MacOSX.platform/Developer/SDKs/MacOSX26.1.sdk/System/Library/Frameworks/CoreFoundation.framework/Headers/CFTree.h
/Applications/Xcode.app/Contents/Developer/Platforms/MacOSX.platform/Developer/SDKs/MacOSX26.1.sdk/System/Library/Frameworks/CoreFoundation.framework/Headers/CFURLAccess.h
/Applications/Xcode.app/Contents/Developer/Platforms/MacOSX.platform/Developer/SDKs/MacOSX26.1.sdk/System/Library/Frameworks/CoreFoundation.framework/Headers/CFUUID.h
/Applications/Xcode.app/Contents/Developer/Platforms/MacOSX.platform/Developer/SDKs/MacOSX26.1.sdk/System/Library/Frameworks/CoreFoundation.framework/Headers/CFUtilities.h
/Applications/Xcode.app/Contents/Developer/Platforms/MacOSX.platform/Developer/SDKs/MacOSX26.1.sdk/System/Library/Frameworks/CoreFoundation.framework/Headers/CFBundle.h
/Applications/Xcode.app/Contents/Developer/Platforms/MacOSX.platform/Developer/SDKs/MacOSX26.1.sdk/System/Library/Frameworks/CoreFoundation.framework/Headers/CFMessagePort.h
/Applications/Xcode.app/Contents/Developer/Platforms/MacOSX.platform/Developer/SDKs/MacOSX26.1.sdk/System/Library/Frameworks/CoreFoundation.framework/Headers/CFPlugIn.h
/Applications/Xcode.app/Contents/Developer/Platforms/MacOSX.platform/Developer/SDKs/MacOSX26.1.sdk/System/Library/Frameworks/CoreFoundation.framework/Headers/CFMachPort.h
/Applications/Xcode.app/Contents/Developer/Platforms/MacOSX.platform/Developer/SDKs/MacOSX26.1.sdk/System/Library/Frameworks/CoreFoundation.framework/Headers/CFAttributedString.h
/Applications/Xcode.app/Contents/Developer/Platforms/MacOSX.platform/Developer/SDKs/MacOSX26.1.sdk/System/Library/Frameworks/CoreFoundation.framework/Headers/CFURLEnumerator.h
/Applications/Xcode.app/Contents/Developer/Platforms/MacOSX.platform/Developer/SDKs/MacOSX26.1.sdk/System/Library/Frameworks/CoreFoundation.framework/Headers/CFFileSecurity.h
/Applications/Xcode.app/Contents/Developer/Platforms/MacOSX.platform/Developer/SDKs/MacOSX26.1.sdk/System/Library/Frameworks/CoreFoundation.framework/Headers/CFStringTokenizer.h
/Applications/Xcode.app/Contents/Developer/Platforms/MacOSX.platform/Developer/SDKs/MacOSX26.1.sdk/System/Library/Frameworks/CoreFoundation.framework/Headers/CFFileDescriptor.h
/Applications/Xcode.app/Contents/Developer/Platforms/MacOSX.platform/Developer/SDKs/MacOSX26.1.sdk/System/Library/Frameworks/CoreFoundation.framework/Headers/CFUserNotification.h
/Applications/Xcode.app/Contents/Developer/Platforms/MacOSX.platform/Developer/SDKs/MacOSX26.1.sdk/System/Library/Frameworks/CoreFoundation.framework/Headers/CFXMLNode.h
/Applications/Xcode.app/Contents/Developer/Platforms/MacOSX.platform/Developer/SDKs/MacOSX26.1.sdk/System/Library/Frameworks/CoreFoundation.framework/Headers/CFXMLParser.h
/Applications/Xcode.app/Contents/Developer/Platforms/MacOSX.platform/Developer/SDKs/MacOSX26.1.sdk/System/Library/Frameworks/CoreFoundation.framework/Headers/CFPlugInCOM.h
/Applications/Xcode.app/Contents/Developer/Platforms/MacOSX.platform/Developer/SDKs/MacOSX26.1.sdk/SDKSettings.json
/Applications/Xcode.app/Contents/Developer/Platforms/MacOSX.platform/Developer/SDKs/MacOSX26.1.sdk/System/Library/Frameworks/CoreServices.framework/Modules/module.modulemap
/Applications/Xcode.app/Contents/Developer/Platforms/MacOSX.platform/Developer/SDKs/MacOSX26.1.sdk/System/Library/Frameworks/CoreServices.framework/Headers/CoreServices.h
/Applications/Xcode.app/Contents/Developer/Platforms/MacOSX.platform/Developer/SDKs/MacOSX26.1.sdk/System/Library/Frameworks/CoreFoundation.framework/Modules/module.modulemap
/Applications/Xcode.app/Contents/Developer/Platforms/MacOSX.platform/Developer/SDKs/MacOSX26.1.sdk/System/Library/Frameworks/CoreServices.framework/Frameworks/AE.framework/Headers/AE.h
/Applications/Xcode.app/Contents/Developer/Platforms/MacOSX.platform/Developer/SDKs/MacOSX26.1.sdk/System/Library/Frameworks/CoreServices.framework/Frameworks/CarbonCore.framework/Headers/CarbonCore.h
/Applications/Xcode.app/Contents/Developer/Platforms/MacOSX.platform/Developer/SDKs/MacOSX26.1.sdk/System/Library/Frameworks/CoreServices.framework/Frameworks/CarbonCore.framework/Headers/Finder.h
/Applications/Xcode.app/Contents/Developer/Platforms/MacOSX.platform/Developer/SDKs/MacOSX26.1.sdk/usr/include/dispatch.modulemap
/Applications/Xcode.app/Contents/Developer/Platforms/MacOSX.platform/Developer/SDKs/MacOSX26.1.sdk/usr/include/Darwin.modulemap
/Applications/Xcode.app/Contents/Developer/Platforms/MacOSX.platform/Developer/SDKs/MacOSX26.1.sdk/usr/include/DarwinFoundation2.modulemap
/Applications/Xcode.app/Contents/Developer/Platforms/MacOSX.platform/Developer/SDKs/MacOSX26.1.sdk/usr/include/DarwinFoundation1.modulemap
/Applications/Xcode.app/Contents/Developer/Platforms/MacOSX.platform/Developer/SDKs/MacOSX26.1.sdk/System/Library/Frameworks/CoreServices.framework/Frameworks/CarbonCore.framework/Headers/FixMath.h
/Applications/Xcode.app/Contents/Developer/Platforms/MacOSX.platform/Developer/SDKs/MacOSX26.1.sdk/System/Library/Frameworks/CoreServices.framework/Frameworks/CarbonCore.framework/Headers/Script.h
/Applications/Xcode.app/Contents/Developer/Platforms/MacOSX.platform/Developer/SDKs/MacOSX26.1.sdk/System/Library/Frameworks/CoreServices.framework/Frameworks/CarbonCore.framework/Headers/IntlResources.h
/Applications/Xcode.app/Contents/Developer/Platforms/MacOSX.platform/Developer/SDKs/MacOSX26.1.sdk/System/Library/Frameworks/CoreServices.framework/Frameworks/CarbonCore.framework/Headers/UTCUtils.h
/Applications/Xcode.app/Contents/Developer/Platforms/MacOSX.platform/Developer/SDKs/MacOSX26.1.sdk/System/Library/Frameworks/CoreServices.framework/Frameworks/CarbonCore.framework/Headers/MacErrors.h
/Applications/Xcode.app/Contents/Developer/Platforms/MacOSX.platform/Developer/SDKs/MacOSX26.1.sdk/System/Library/Frameworks/CoreServices.framework/Frameworks/CarbonCore.framework/Headers/TextCommon.h
/Applications/Xcode.app/Contents/Developer/Platforms/MacOSX.platform/Developer/SDKs/MacOSX26.1.sdk/System/Library/Frameworks/CoreServices.framework/Frameworks/CarbonCore.framework/Headers/Collections.h
/Applications/Xcode.app/Contents/Developer/Platforms/MacOSX.platform/Developer/SDKs/MacOSX26.1.sdk/System/Library/Frameworks/CoreServices.framework/Frameworks/CarbonCore.framework/Headers/MixedMode.h
/Applications/Xcode.app/Contents/Developer/Platforms/MacOSX.platform/Developer/SDKs/MacOSX26.1.sdk/System/Library/Frameworks/CoreServices.framework/Frameworks/CarbonCore.framework/Headers/Endian.h
/Applications/Xcode.app/Contents/Developer/Platforms/MacOSX.platform/Developer/SDKs/MacOSX26.1.sdk/System/Library/Frameworks/CoreServices.framework/Frameworks/CarbonCore.framework/Headers/Gestalt.h
/Applications/Xcode.app/Contents/Developer/Platforms/MacOSX.platform/Developer/SDKs/MacOSX26.1.sdk/System/Library/Frameworks/CoreServices.framework/Frameworks/CarbonCore.framework/Headers/MacMemory.h
/Applications/Xcode.app/Contents/Developer/Platforms/MacOSX.platform/Developer/SDKs/MacOSX26.1.sdk/System/Library/Frameworks/CoreServices.framework/Frameworks/CarbonCore.framework/Headers/Math64.h
/Applications/Xcode.app/Contents/Developer/Platforms/MacOSX.platform/Developer/SDKs/MacOSX26.1.sdk/System/Library/Frameworks/CoreServices.framework/Frameworks/CarbonCore.framework/Headers/BackupCore.h
/Applications/Xcode.app/Contents/Developer/Platforms/MacOSX.platform/Developer/SDKs/MacOSX26.1.sdk/System/Library/Frameworks/CoreServices.framework/Frameworks/CarbonCore.framework/Headers/DiskSpaceRecovery.h
/Applications/Xcode.app/Contents/Developer/Platforms/MacOSX.platform/Developer/SDKs/MacOSX26.1.sdk/System/Library/Frameworks/CoreServices.framework/Frameworks/CarbonCore.framework/Headers/Components.h
/Applications/Xcode.app/Contents/Developer/Platforms/MacOSX.platform/Developer/SDKs/MacOSX26.1.sdk/System/Library/Frameworks/CoreServices.framework/Frameworks/CarbonCore.framework/Headers/Files.h
/Applications/Xcode.app/Contents/Developer/Platforms/MacOSX.platform/Developer/SDKs/MacOSX26.1.sdk/System/Library/Frameworks/CoreServices.framework/Frameworks/CarbonCore.framework/Headers/OSUtils.h
/Applications/Xcode.app/Contents/Developer/Platforms/MacOSX.platform/Developer/SDKs/MacOSX26.1.sdk/System/Library/Frameworks/CoreServices.framework/Frameworks/CarbonCore.framework/Headers/DateTimeUtils.h
/Applications/Xcode.app/Contents/Developer/Platforms/MacOSX.platform/Developer/SDKs/MacOSX26.1.sdk/System/Library/Frameworks/DiskArbitration.framework/Modules/module.modulemap
/Applications/Xcode.app/Contents/Developer/Platforms/MacOSX.platform/Developer/SDKs/MacOSX26.1.sdk/System/Library/Frameworks/CoreServices.framework/Frameworks/CarbonCore.framework/Headers/Resources.h
/Applications/Xcode.app/Contents/Developer/Platforms/MacOSX.platform/Developer/SDKs/MacOSX26.1.sdk/System/Library/Frameworks/CoreServices.framework/Frameworks/CarbonCore.framework/Headers/CodeFragments.h
/Applications/Xcode.app/Contents/Developer/Platforms/MacOSX.platform/Developer/SDKs/MacOSX26.1.sdk/System/Library/Frameworks/CoreServices.framework/Frameworks/CarbonCore.framework/Headers/Multiprocessing.h
/Applications/Xcode.app/Contents/Developer/Platforms/MacOSX.platform/Developer/SDKs/MacOSX26.1.sdk/System/Library/Frameworks/CoreServices.framework/Frameworks/CarbonCore.framework/Headers/Aliases.h
/Applications/Xcode.app/Contents/Developer/Platforms/MacOSX.platform/Developer/SDKs/MacOSX26.1.sdk/System/Library/Frameworks/CoreServices.framework/Frameworks/CarbonCore.framework/Headers/MacLocales.h
/Applications/Xcode.app/Contents/Developer/Platforms/MacOSX.platform/Developer/SDKs/MacOSX26.1.sdk/System/Library/Frameworks/CoreServices.framework/Frameworks/CarbonCore.framework/Headers/Debugging.h
/Applications/Xcode.app/Contents/Developer/Platforms/MacOSX.platform/Developer/SDKs/MacOSX26.1.sdk/System/Library/Frameworks/CoreServices.framework/Frameworks/CarbonCore.framework/Headers/PLStringFuncs.h
/Applications/Xcode.app/Contents/Developer/Platforms/MacOSX.platform/Developer/SDKs/MacOSX26.1.sdk/System/Library/Frameworks/CoreServices.framework/Frameworks/CarbonCore.framework/Headers/DriverSynchronization.h
/Applications/Xcode.app/Contents/Developer/Platforms/MacOSX.platform/Developer/SDKs/MacOSX26.1.sdk/System/Library/Frameworks/CoreServices.framework/Frameworks/CarbonCore.framework/Headers/DriverServices.h
/Applications/Xcode.app/Contents/Developer/Platforms/MacOSX.platform/Developer/SDKs/MacOSX26.1.sdk/System/Library/Frameworks/CoreServices.framework/Frameworks/CarbonCore.framework/Headers/MachineExceptions.h
/Applications/Xcode.app/Contents/Developer/Platforms/MacOSX.platform/Developer/SDKs/MacOSX26.1.sdk/System/Library/Frameworks/CoreServices.framework/Frameworks/CarbonCore.framework/Headers/NumberFormatting.h
/Applications/Xcode.app/Contents/Developer/Platforms/MacOSX.platform/Developer/SDKs/MacOSX26.1.sdk/System/Library/Frameworks/CoreServices.framework/Frameworks/CarbonCore.framework/Headers/StringCompare.h
/Applications/Xcode.app/Contents/Developer/Platforms/MacOSX.platform/Developer/SDKs/MacOSX26.1.sdk/System/Library/Frameworks/CoreServices.framework/Frameworks/CarbonCore.framework/Headers/TextUtils.h
/Applications/Xcode.app/Contents/Developer/Platforms/MacOSX.platform/Developer/SDKs/MacOSX26.1.sdk/System/Library/Frameworks/CoreServices.framework/Frameworks/CarbonCore.framework/Headers/ToolUtils.h
/Applications/Xcode.app/Contents/Developer/Platforms/MacOSX.platform/Developer/SDKs/MacOSX26.1.sdk/System/Library/Frameworks/CoreServices.framework/Frameworks/CarbonCore.framework/Headers/UnicodeUtilities.h
/Applications/Xcode.app/Contents/Developer/Platforms/MacOSX.platform/Developer/SDKs/MacOSX26.1.sdk/System/Library/Frameworks/CoreServices.framework/Frameworks/CarbonCore.framework/Headers/fp.h
/Applications/Xcode.app/Contents/Developer/Platforms/MacOSX.platform/Developer/SDKs/MacOSX26.1.sdk/System/Library/Frameworks/CoreServices.framework/Frameworks/CarbonCore.framework/Headers/TextEncodingConverter.h
/Applications/Xcode.app/Contents/Developer/Platforms/MacOSX.platform/Developer/SDKs/MacOSX26.1.sdk/System/Library/Frameworks/CoreServices.framework/Frameworks/CarbonCore.framework/Headers/UnicodeConverter.h
/Applications/Xcode.app/Contents/Developer/Platforms/MacOSX.platform/Developer/SDKs/MacOSX26.1.sdk/System/Library/Frameworks/CoreServices.framework/Frameworks/CarbonCore.framework/Headers/Threads.h
/Applications/Xcode.app/Contents/Developer/Platforms/MacOSX.platform/Developer/SDKs/MacOSX26.1.sdk/System/Library/Frameworks/CoreServices.framework/Frameworks/CarbonCore.framework/Headers/Folders.h
/Applications/Xcode.app/Contents/Developer/Platforms/MacOSX.platform/Developer/SDKs/MacOSX26.1.sdk/System/Library/Frameworks/CoreServices.framework/Frameworks/CarbonCore.framework/Headers/Timer.h
/Applications/Xcode.app/Contents/Developer/Platforms/MacOSX.platform/Developer/SDKs/MacOSX26.1.sdk/System/Library/Frameworks/CoreServices.framework/Frameworks/CarbonCore.framework/Headers/MultiprocessingInfo.h
/Applications/Xcode.app/Contents/Developer/Platforms/MacOSX.platform/Developer/SDKs/MacOSX26.1.sdk/System/Library/Frameworks/CoreServices.framework/Frameworks/CarbonCore.framework/Headers/LowMem.h
/Applications/Xcode.app/Contents/Developer/Platforms/MacOSX.platform/Developer/SDKs/MacOSX26.1.sdk/System/Library/Frameworks/CoreServices.framework/Frameworks/CarbonCore.framework/Headers/AVLTree.h
/Applications/Xcode.app/Contents/Developer/Platforms/MacOSX.platform/Developer/SDKs/MacOSX26.1.sdk/System/Library/Frameworks/CoreServices.framework/Frameworks/CarbonCore.framework/Headers/PEFBinaryFormat.h
/Applications/Xcode.app/Contents/Developer/Platforms/MacOSX.platform/Developer/SDKs/MacOSX26.1.sdk/System/Library/Frameworks/CoreServices.framework/Frameworks/CarbonCore.framework/Headers/HFSVolumes.h
/Applications/Xcode.app/Contents/Developer/Platforms/MacOSX.platform/Developer/SDKs/MacOSX26.1.sdk/System/Library/Frameworks/CoreServices.framework/Frameworks/CarbonCore.framework/Headers/AIFF.h
/Applications/Xcode.app/Contents/Developer/Toolchains/XcodeDefault.xctoolchain/usr/lib/swift/clang/include/module.modulemap
/Applications/Xcode.app/Contents/Developer/Platforms/MacOSX.platform/Developer/SDKs/MacOSX26.1.sdk/System/Library/Frameworks/CoreServices.framework/Frameworks/CarbonCore.framework/Headers/TextEncodingPlugin.h
/Applications/Xcode.app/Contents/Developer/Platforms/MacOSX.platform/Developer/SDKs/MacOSX26.1.sdk/System/Library/Frameworks/CoreServices.framework/Frameworks/AE.framework/Headers/AEDataModel.h
/Applications/Xcode.app/Contents/Developer/Platforms/MacOSX.platform/Developer/SDKs/MacOSX26.1.sdk/System/Library/Frameworks/CoreServices.framework/Frameworks/AE.framework/Headers/AppleEvents.h
/Applications/Xcode.app/Contents/Developer/Platforms/MacOSX.platform/Developer/SDKs/MacOSX26.1.sdk/System/Library/Frameworks/CoreServices.framework/Frameworks/AE.framework/Headers/AEPackObject.h
/Applications/Xcode.app/Contents/Developer/Platforms/MacOSX.platform/Developer/SDKs/MacOSX26.1.sdk/System/Library/Frameworks/CoreServices.framework/Frameworks/AE.framework/Headers/AEObjects.h
/Applications/Xcode.app/Contents/Developer/Platforms/MacOSX.platform/Developer/SDKs/MacOSX26.1.sdk/System/Library/Frameworks/CoreServices.framework/Frameworks/AE.framework/Headers/AERegistry.h
/Applications/Xcode.app/Contents/Developer/Platforms/MacOSX.platform/Developer/SDKs/MacOSX26.1.sdk/System/Library/Frameworks/CoreServices.framework/Frameworks/AE.framework/Headers/AEUserTermTypes.h
/Applications/Xcode.app/Contents/Developer/Platforms/MacOSX.platform/Developer/SDKs/MacOSX26.1.sdk/System/Library/Frameworks/CoreServices.framework/Frameworks/AE.framework/Headers/AEHelpers.h
/Applications/Xcode.app/Contents/Developer/Toolchains/XcodeDefault.xctoolchain/usr/lib/swift/clang/include/stdarg.h
/Applications/Xcode.app/Contents/Developer/Platforms/MacOSX.platform/Developer/SDKs/MacOSX26.1.sdk/System/Library/Frameworks/CoreServices.framework/Frameworks/AE.framework/Headers/AEMach.h
/Applications/Xcode.app/Contents/Developer/Platforms/MacOSX.platform/Developer/SDKs/MacOSX26.1.sdk/System/Library/Frameworks/CFNetwork.framework/Modules/module.modulemap
/Applications/Xcode.app/Contents/Developer/Platforms/MacOSX.platform/Developer/SDKs/MacOSX26.1.sdk/System/Library/Frameworks/CoreServices.framework/Frameworks/DictionaryServices.framework/Headers/DictionaryServices.h
/Applications/Xcode.app/Contents/Developer/Platforms/MacOSX.platform/Developer/SDKs/MacOSX26.1.sdk/System/Library/Frameworks/CoreServices.framework/Frameworks/LaunchServices.framework/Headers/LaunchServices.h
/Applications/Xcode.app/Contents/Developer/Platforms/MacOSX.platform/Developer/SDKs/MacOSX26.1.sdk/System/Library/Frameworks/CoreServices.framework/Frameworks/LaunchServices.framework/Headers/IconsCore.h
/Applications/Xcode.app/Contents/Developer/Platforms/MacOSX.platform/Developer/SDKs/MacOSX26.1.sdk/System/Library/Frameworks/CoreServices.framework/Frameworks/OSServices.framework/Headers/OSServices.h
/Applications/Xcode.app/Contents/Developer/Platforms/MacOSX.platform/Developer/SDKs/MacOSX26.1.sdk/System/Library/Frameworks/CoreServices.framework/Frameworks/OSServices.framework/Headers/CSIdentity.h
/Applications/Xcode.app/Contents/Developer/Platforms/MacOSX.platform/Developer/SDKs/MacOSX26.1.sdk/System/Library/Frameworks/CoreServices.framework/Frameworks/OSServices.framework/Headers/CSIdentityBase.h
/Applications/Xcode.app/Contents/Developer/Platforms/MacOSX.platform/Developer/SDKs/MacOSX26.1.sdk/System/Library/Frameworks/Security.framework/Modules/module.modulemap
/Applications/Xcode.app/Contents/Developer/Platforms/MacOSX.platform/Developer/SDKs/MacOSX26.1.sdk/System/Library/Frameworks/CoreServices.framework/Frameworks/OSServices.framework/Headers/CSIdentityAuthority.h
/Applications/Xcode.app/Contents/Developer/Platforms/MacOSX.platform/Developer/SDKs/MacOSX26.1.sdk/System/Library/Frameworks/CoreServices.framework/Frameworks/OSServices.framework/Headers/CSIdentityQuery.h
/Applications/Xcode.app/Contents/Developer/Platforms/MacOSX.platform/Developer/SDKs/MacOSX26.1.sdk/System/Library/Frameworks/CoreServices.framework/Frameworks/OSServices.framework/Headers/IconStorage.h
/Applications/Xcode.app/Contents/Developer/Platforms/MacOSX.platform/Developer/SDKs/MacOSX26.1.sdk/System/Library/Frameworks/CoreServices.framework/Frameworks/OSServices.framework/Headers/Power.h
/Applications/Xcode.app/Contents/Developer/Platforms/MacOSX.platform/Developer/SDKs/MacOSX26.1.sdk/System/Library/Frameworks/CoreServices.framework/Frameworks/OSServices.framework/Headers/SecurityCore.h
/Applications/Xcode.app/Contents/Developer/Platforms/MacOSX.platform/Developer/SDKs/MacOSX26.1.sdk/System/Library/Frameworks/CoreServices.framework/Frameworks/OSServices.framework/Headers/KeychainCore.h
/Applications/Xcode.app/Contents/Developer/Platforms/MacOSX.platform/Developer/SDKs/MacOSX26.1.sdk/System/Library/Frameworks/CoreServices.framework/Frameworks/OSServices.framework/Headers/WSMethodInvocation.h
/Applications/Xcode.app/Contents/Developer/Platforms/MacOSX.platform/Developer/SDKs/MacOSX26.1.sdk/System/Library/Frameworks/CoreServices.framework/Frameworks/OSServices.framework/Headers/WSTypes.h
/Applications/Xcode.app/Contents/Developer/Platforms/MacOSX.platform/Developer/SDKs/MacOSX26.1.sdk/System/Library/Frameworks/CoreServices.framework/Frameworks/OSServices.framework/Headers/WSProtocolHandler.h
/Applications/Xcode.app/Contents/Developer/Platforms/MacOSX.platform/Developer/SDKs/MacOSX26.1.sdk/System/Library/Frameworks/CoreServices.framework/Frameworks/LaunchServices.framework/Headers/LSConstants.h
/Applications/Xcode.app/Contents/Developer/Platforms/MacOSX.platform/Developer/SDKs/MacOSX26.1.sdk/System/Library/Frameworks/CoreServices.framework/Frameworks/LaunchServices.framework/Headers/LSInfo.h
/Applications/Xcode.app/Contents/Developer/Platforms/MacOSX.platform/Developer/SDKs/MacOSX26.1.sdk/System/Library/Frameworks/CoreServices.framework/Frameworks/LaunchServices.framework/Headers/LSInfoDeprecated.h
/Applications/Xcode.app/Contents/Developer/Platforms/MacOSX.platform/Developer/SDKs/MacOSX26.1.sdk/System/Library/Frameworks/CoreServices.framework/Frameworks/LaunchServices.framework/Headers/LSOpen.h
/Applications/Xcode.app/Contents/Developer/Platforms/MacOSX.platform/Developer/SDKs/MacOSX26.1.sdk/System/Library/Frameworks/CoreServices.framework/Frameworks/LaunchServices.framework/Headers/LSOpenDeprecated.h
/Applications/Xcode.app/Contents/Developer/Platforms/MacOSX.platform/Developer/SDKs/MacOSX26.1.sdk/System/Library/Frameworks/CoreServices.framework/Frameworks/LaunchServices.framework/Headers/LSQuarantine.h
/Applications/Xcode.app/Contents/Developer/Platforms/MacOSX.platform/Developer/SDKs/MacOSX26.1.sdk/System/Library/Frameworks/CoreServices.framework/Frameworks/LaunchServices.framework/Headers/UTCoreTypes.h
/Applications/Xcode.app/Contents/Developer/Platforms/MacOSX.platform/Developer/SDKs/MacOSX26.1.sdk/System/Library/Frameworks/CoreServices.framework/Frameworks/LaunchServices.framework/Headers/UTType.h
/Applications/Xcode.app/Contents/Developer/Platforms/MacOSX.platform/Developer/SDKs/MacOSX26.1.sdk/System/Library/Frameworks/CoreServices.framework/Frameworks/Metadata.framework/Headers/Metadata.h
/Applications/Xcode.app/Contents/Developer/Platforms/MacOSX.platform/Developer/SDKs/MacOSX26.1.sdk/System/Library/Frameworks/CoreServices.framework/Frameworks/Metadata.framework/Headers/MDItem.h
/Applications/Xcode.app/Contents/Developer/Platforms/MacOSX.platform/Developer/SDKs/MacOSX26.1.sdk/System/Library/Frameworks/CoreServices.framework/Frameworks/Metadata.framework/Headers/MDLabel.h
/Applications/Xcode.app/Contents/Developer/Platforms/MacOSX.platform/Developer/SDKs/MacOSX26.1.sdk/System/Library/Frameworks/CoreServices.framework/Frameworks/Metadata.framework/Headers/MDQuery.h
/Applications/Xcode.app/Contents/Developer/Platforms/MacOSX.platform/Developer/SDKs/MacOSX26.1.sdk/System/Library/Frameworks/CoreServices.framework/Frameworks/Metadata.framework/Headers/MDSchema.h
/Applications/Xcode.app/Contents/Developer/Platforms/MacOSX.platform/Developer/SDKs/MacOSX26.1.sdk/System/Library/Frameworks/CoreServices.framework/Frameworks/Metadata.framework/Headers/MDImporter.h
/Applications/Xcode.app/Contents/Developer/Platforms/MacOSX.platform/Developer/SDKs/MacOSX26.1.sdk/System/Library/Frameworks/CoreServices.framework/Frameworks/SearchKit.framework/Headers/SearchKit.h
/Applications/Xcode.app/Contents/Developer/Platforms/MacOSX.platform/Developer/SDKs/MacOSX26.1.sdk/System/Library/Frameworks/CoreServices.framework/Frameworks/SearchKit.framework/Headers/SKDocument.h
/Applications/Xcode.app/Contents/Developer/Platforms/MacOSX.platform/Developer/SDKs/MacOSX26.1.sdk/System/Library/Frameworks/CoreServices.framework/Frameworks/SearchKit.framework/Headers/SKAnalysis.h
/Applications/Xcode.app/Contents/Developer/Platforms/MacOSX.platform/Developer/SDKs/MacOSX26.1.sdk/System/Library/Frameworks/CoreServices.framework/Frameworks/SearchKit.framework/Headers/SKIndex.h
/Applications/Xcode.app/Contents/Developer/Platforms/MacOSX.platform/Developer/SDKs/MacOSX26.1.sdk/System/Library/Frameworks/CoreServices.framework/Frameworks/SearchKit.framework/Headers/SKSearch.h
/Applications/Xcode.app/Contents/Developer/Platforms/MacOSX.platform/Developer/SDKs/MacOSX26.1.sdk/System/Library/Frameworks/CoreServices.framework/Frameworks/SearchKit.framework/Headers/SKSummary.h
/Applications/Xcode.app/Contents/Developer/Platforms/MacOSX.platform/Developer/SDKs/MacOSX26.1.sdk/System/Library/Frameworks/CoreServices.framework/Frameworks/FSEvents.framework/Headers/FSEvents.h
/Applications/Xcode.app/Contents/Developer/Platforms/MacOSX.platform/Developer/SDKs/MacOSX26.1.sdk/System/Library/Frameworks/CoreServices.framework/Frameworks/SharedFileList.framework/Headers/SharedFileList.h
/Applications/Xcode.app/Contents/Developer/Platforms/MacOSX.platform/Developer/SDKs/MacOSX26.1.sdk/System/Library/Frameworks/CoreServices.framework/Frameworks/SharedFileList.framework/Headers/LSSharedFileList.h
/Applications/Xcode.app/Contents/Developer/Platforms/MacOSX.platform/Developer/SDKs/MacOSX26.1.sdk/SDKSettings.json
/Applications/Xcode.app/Contents/Developer/Platforms/MacOSX.platform/Developer/SDKs/MacOSX26.1.sdk/usr/include/Darwin.modulemap
/Applications/Xcode.app/Contents/Developer/Platforms/MacOSX.platform/Developer/SDKs/MacOSX26.1.sdk/usr/include/Darwin_C.modulemap
/Applications/Xcode.app/Contents/Developer/Platforms/MacOSX.platform/Developer/SDKs/MacOSX26.1.sdk/usr/include/Darwin_POSIX.modulemap
/Applications/Xcode.app/Contents/Developer/Platforms/MacOSX.platform/Developer/SDKs/MacOSX26.1.sdk/usr/include/net.modulemap
/Applications/Xcode.app/Contents/Developer/Platforms/MacOSX.platform/Developer/SDKs/MacOSX26.1.sdk/usr/include/netinet.modulemap
/Applications/Xcode.app/Contents/Developer/Platforms/MacOSX.platform/Developer/SDKs/MacOSX26.1.sdk/usr/include/bank.modulemap
/Applications/Xcode.app/Contents/Developer/Platforms/MacOSX.platform/Developer/SDKs/MacOSX26.1.sdk/usr/include/Darwin_Mach.modulemap
/Applications/Xcode.app/Contents/Developer/Platforms/MacOSX.platform/Developer/SDKs/MacOSX26.1.sdk/usr/include/Darwin_Mach_machine.modulemap
/Applications/Xcode.app/Contents/Developer/Platforms/MacOSX.platform/Developer/SDKs/MacOSX26.1.sdk/usr/include/mach_debug.modulemap
/Applications/Xcode.app/Contents/Developer/Platforms/MacOSX.platform/Developer/SDKs/MacOSX26.1.sdk/usr/include/device.modulemap
/Applications/Xcode.app/Contents/Developer/Platforms/MacOSX.platform/Developer/SDKs/MacOSX26.1.sdk/usr/include/Darwin_machine.modulemap
/Applications/Xcode.app/Contents/Developer/Platforms/MacOSX.platform/Developer/SDKs/MacOSX26.1.sdk/usr/include/ncurses.modulemap
/Applications/Xcode.app/Contents/Developer/Platforms/MacOSX.platform/Developer/SDKs/MacOSX26.1.sdk/usr/include/netinet6.modulemap
/Applications/Xcode.app/Contents/Developer/Platforms/MacOSX.platform/Developer/SDKs/MacOSX26.1.sdk/usr/include/Darwin_sys.modulemap
/Applications/Xcode.app/Contents/Developer/Platforms/MacOSX.platform/Developer/SDKs/MacOSX26.1.sdk/usr/include/uuid.modulemap
/Applications/Xcode.app/Contents/Developer/Platforms/MacOSX.platform/Developer/SDKs/MacOSX26.1.sdk/usr/include/DarwinFoundation2.modulemap
/Applications/Xcode.app/Contents/Developer/Platforms/MacOSX.platform/Developer/SDKs/MacOSX26.1.sdk/usr/include/DarwinFoundation3.modulemap
/Applications/Xcode.app/Contents/Developer/Platforms/MacOSX.platform/Developer/SDKs/MacOSX26.1.sdk/usr/include/DarwinFoundation1.modulemap
/Applications/Xcode.app/Contents/Developer/Platforms/MacOSX.platform/Developer/SDKs/MacOSX26.1.sdk/usr/include/copyfile.h
/Applications/Xcode.app/Contents/Developer/Toolchains/XcodeDefault.xctoolchain/usr/lib/swift/clang/include/module.modulemap
/Applications/Xcode.app/Contents/Developer/Platforms/MacOSX.platform/Developer/SDKs/MacOSX26.1.sdk/usr/include/err.h
/Applications/Xcode.app/Contents/Developer/Platforms/MacOSX.platform/Developer/SDKs/MacOSX26.1.sdk/usr/include/readpassphrase.h
/Applications/Xcode.app/Contents/Developer/Platforms/MacOSX.platform/Developer/SDKs/MacOSX26.1.sdk/usr/include/util.h
/Applications/Xcode.app/Contents/Developer/Platforms/MacOSX.platform/Developer/SDKs/MacOSX26.1.sdk/usr/include/sys/ttycom.h
/Applications/Xcode.app/Contents/Developer/Platforms/MacOSX.platform/Developer/SDKs/MacOSX26.1.sdk/usr/include/sys/ioccom.h
/Applications/Xcode.app/Contents/Developer/Platforms/MacOSX.platform/Developer/SDKs/MacOSX26.1.sdk/usr/include/stdio.h
/Applications/Xcode.app/Contents/Developer/Platforms/MacOSX.platform/Developer/SDKs/MacOSX26.1.sdk/usr/include/pwd.h
/Applications/Xcode.app/Contents/Developer/Platforms/MacOSX.platform/Developer/SDKs/MacOSX26.1.sdk/usr/include/uuid/uuid.h
/Applications/Xcode.app/Contents/Developer/Platforms/MacOSX.platform/Developer/SDKs/MacOSX26.1.sdk/usr/include/termios.h
/Applications/Xcode.app/Contents/Developer/Platforms/MacOSX.platform/Developer/SDKs/MacOSX26.1.sdk/usr/include/sys/termios.h
/Applications/Xcode.app/Contents/Developer/Platforms/MacOSX.platform/Developer/SDKs/MacOSX26.1.sdk/usr/include/sys/ttydefaults.h
/Applications/Xcode.app/Contents/Developer/Platforms/MacOSX.platform/Developer/SDKs/MacOSX26.1.sdk/usr/include/utmp.h
/Applications/Xcode.app/Contents/Developer/Platforms/MacOSX.platform/Developer/SDKs/MacOSX26.1.sdk/usr/include/xattr_flags.h
/Applications/Xcode.app/Contents/Developer/Platforms/MacOSX.platform/Developer/SDKs/MacOSX26.1.sdk/usr/include/_modules/_darwin_c_ctype.h
/Applications/Xcode.app/Contents/Developer/Platforms/MacOSX.platform/Developer/SDKs/MacOSX26.1.sdk/usr/include/ctype.h
/Applications/Xcode.app/Contents/Developer/Platforms/MacOSX.platform/Developer/SDKs/MacOSX26.1.sdk/usr/include/_modules/_darwin_c_errno.h
/Applications/Xcode.app/Contents/Developer/Platforms/MacOSX.platform/Developer/SDKs/MacOSX26.1.sdk/usr/include/_modules/_darwin_c_inttypes.h
/Applications/Xcode.app/Contents/Developer/Platforms/MacOSX.platform/Developer/SDKs/MacOSX26.1.sdk/usr/include/_modules/_darwin_c_limits.h
/Applications/Xcode.app/Contents/Developer/Platforms/MacOSX.platform/Developer/SDKs/MacOSX26.1.sdk/usr/include/_modules/_darwin_c_signal.h
/Applications/Xcode.app/Contents/Developer/Platforms/MacOSX.platform/Developer/SDKs/MacOSX26.1.sdk/usr/include/_modules/_darwin_c_stdarg.h
/Applications/Xcode.app/Contents/Developer/Toolchains/XcodeDefault.xctoolchain/usr/lib/swift/clang/include/stdarg.h
/Applications/Xcode.app/Contents/Developer/Platforms/MacOSX.platform/Developer/SDKs/MacOSX26.1.sdk/usr/include/_modules/_darwin_c_stdbool.h
/Applications/Xcode.app/Contents/Developer/Platforms/MacOSX.platform/Developer/SDKs/MacOSX26.1.sdk/usr/include/_modules/_darwin_c_stddef.h
/Applications/Xcode.app/Contents/Developer/Toolchains/XcodeDefault.xctoolchain/usr/lib/swift/clang/include/stddef.h
/Applications/Xcode.app/Contents/Developer/Platforms/MacOSX.platform/Developer/SDKs/MacOSX26.1.sdk/usr/include/_modules/_darwin_c_stdint.h
/Applications/Xcode.app/Contents/Developer/Platforms/MacOSX.platform/Developer/SDKs/MacOSX26.1.sdk/usr/include/_modules/_darwin_c_stdio.h
/Applications/Xcode.app/Contents/Developer/Platforms/MacOSX.platform/Developer/SDKs/MacOSX26.1.sdk/usr/include/_modules/_darwin_c_stdlib.h
/Applications/Xcode.app/Contents/Developer/Platforms/MacOSX.platform/Developer/SDKs/MacOSX26.1.sdk/usr/include/stdlib.h
/Applications/Xcode.app/Contents/Developer/Platforms/MacOSX.platform/Developer/SDKs/MacOSX26.1.sdk/usr/include/_modules/_darwin_c_string.h
/Applications/Xcode.app/Contents/Developer/Platforms/MacOSX.platform/Developer/SDKs/MacOSX26.1.sdk/usr/include/string.h
/Applications/Xcode.app/Contents/Developer/Platforms/MacOSX.platform/Developer/SDKs/MacOSX26.1.sdk/usr/include/_modules/_darwin_c_time.h
/Applications/Xcode.app/Contents/Developer/Platforms/MacOSX.platform/Developer/SDKs/MacOSX26.1.sdk/usr/include/time.h
/Applications/Xcode.app/Contents/Developer/Platforms/MacOSX.platform/Developer/SDKs/MacOSX26.1.sdk/usr/include/_modules/_darwin_c_wchar.h
/Applications/Xcode.app/Contents/Developer/Platforms/MacOSX.platform/Developer/SDKs/MacOSX26.1.sdk/usr/include/wchar.h
/Applications/Xcode.app/Contents/Developer/Platforms/MacOSX.platform/Developer/SDKs/MacOSX26.1.sdk/usr/include/aio.h
/Applications/Xcode.app/Contents/Developer/Platforms/MacOSX.platform/Developer/SDKs/MacOSX26.1.sdk/usr/include/sys/aio.h
/Applications/Xcode.app/Contents/Developer/Platforms/MacOSX.platform/Developer/SDKs/MacOSX26.1.sdk/usr/include/sys/_types/_o_sync.h
/Applications/Xcode.app/Contents/Developer/Platforms/MacOSX.platform/Developer/SDKs/MacOSX26.1.sdk/usr/include/sys/_types/_o_dsync.h
/Applications/Xcode.app/Contents/Developer/Platforms/MacOSX.platform/Developer/SDKs/MacOSX26.1.sdk/usr/include/arpa/inet.h
/Applications/Xcode.app/Contents/Developer/Platforms/MacOSX.platform/Developer/SDKs/MacOSX26.1.sdk/usr/include/netinet/in.h
/Applications/Xcode.app/Contents/Developer/Platforms/MacOSX.platform/Developer/SDKs/MacOSX26.1.sdk/usr/include/sys/socket.h
/Applications/Xcode.app/Contents/Developer/Platforms/MacOSX.platform/Developer/SDKs/MacOSX26.1.sdk/usr/include/sys/constrained_ctypes.h
/Applications/Xcode.app/Contents/Developer/Platforms/MacOSX.platform/Developer/SDKs/MacOSX26.1.sdk/usr/include/machine/_param.h
/Applications/Xcode.app/Contents/Developer/Platforms/MacOSX.platform/Developer/SDKs/MacOSX26.1.sdk/usr/include/arm/_param.h
/Applications/Xcode.app/Contents/Developer/Platforms/MacOSX.platform/Developer/SDKs/MacOSX26.1.sdk/usr/include/net/net_kev.h
/Applications/Xcode.app/Contents/Developer/Platforms/MacOSX.platform/Developer/SDKs/MacOSX26.1.sdk/usr/include/sys/_types/_sa_family_t.h
/Applications/Xcode.app/Contents/Developer/Platforms/MacOSX.platform/Developer/SDKs/MacOSX26.1.sdk/usr/include/sys/_types/_socklen_t.h
/Applications/Xcode.app/Contents/Developer/Platforms/MacOSX.platform/Developer/SDKs/MacOSX26.1.sdk/usr/include/sys/_types/_iovec_t.h
/Applications/Xcode.app/Contents/Developer/Platforms/MacOSX.platform/Developer/SDKs/MacOSX26.1.sdk/usr/include/netinet6/in6.h
/Applications/Xcode.app/Contents/Developer/Platforms/MacOSX.platform/Developer/SDKs/MacOSX26.1.sdk/usr/include/cpio.h
/Applications/Xcode.app/Contents/Developer/Platforms/MacOSX.platform/Developer/SDKs/MacOSX26.1.sdk/usr/include/dirent.h
/Applications/Xcode.app/Contents/Developer/Platforms/MacOSX.platform/Developer/SDKs/MacOSX26.1.sdk/usr/include/sys/dirent.h
/Applications/Xcode.app/Contents/Developer/Platforms/MacOSX.platform/Developer/SDKs/MacOSX26.1.sdk/usr/include/sys/dir.h
/Applications/Xcode.app/Contents/Developer/Platforms/MacOSX.platform/Developer/SDKs/MacOSX26.1.sdk/usr/include/dlfcn.h
/Applications/Xcode.app/Contents/Developer/Platforms/MacOSX.platform/Developer/SDKs/MacOSX26.1.sdk/usr/include/fcntl.h
/Applications/Xcode.app/Contents/Developer/Platforms/MacOSX.platform/Developer/SDKs/MacOSX26.1.sdk/usr/include/sys/fcntl.h
/Applications/Xcode.app/Contents/Developer/Platforms/MacOSX.platform/Developer/SDKs/MacOSX26.1.sdk/usr/include/sys/_types/_s_ifmt.h
/Applications/Xcode.app/Contents/Developer/Platforms/MacOSX.platform/Developer/SDKs/MacOSX26.1.sdk/usr/include/sys/_types/_filesec_t.h
/Applications/Xcode.app/Contents/Developer/Platforms/MacOSX.platform/Developer/SDKs/MacOSX26.1.sdk/usr/include/fmtmsg.h
/Applications/Xcode.app/Contents/Developer/Platforms/MacOSX.platform/Developer/SDKs/MacOSX26.1.sdk/usr/include/fnmatch.h
/Applications/Xcode.app/Contents/Developer/Platforms/MacOSX.platform/Developer/SDKs/MacOSX26.1.sdk/usr/include/ftw.h
/Applications/Xcode.app/Contents/Developer/Platforms/MacOSX.platform/Developer/SDKs/MacOSX26.1.sdk/usr/include/sys/stat.h
/Applications/Xcode.app/Contents/Developer/Platforms/MacOSX.platform/Developer/SDKs/MacOSX26.1.sdk/usr/include/glob.h
/Applications/Xcode.app/Contents/Developer/Platforms/MacOSX.platform/Developer/SDKs/MacOSX26.1.sdk/usr/include/grp.h
/Applications/Xcode.app/Contents/Developer/Platforms/MacOSX.platform/Developer/SDKs/MacOSX26.1.sdk/usr/include/iconv.h
/Applications/Xcode.app/Contents/Developer/Platforms/MacOSX.platform/Developer/SDKs/MacOSX26.1.sdk/usr/include/ifaddrs.h
/Applications/Xcode.app/Contents/Developer/Platforms/MacOSX.platform/Developer/SDKs/MacOSX26.1.sdk/usr/include/sys/ioctl.h
/Applications/Xcode.app/Contents/Developer/Platforms/MacOSX.platform/Developer/SDKs/MacOSX26.1.sdk/usr/include/sys/filio.h
/Applications/Xcode.app/Contents/Developer/Platforms/MacOSX.platform/Developer/SDKs/MacOSX26.1.sdk/usr/include/sys/sockio.h
/Applications/Xcode.app/Contents/Developer/Platforms/MacOSX.platform/Developer/SDKs/MacOSX26.1.sdk/usr/include/net/if.h
/Applications/Xcode.app/Contents/Developer/Platforms/MacOSX.platform/Developer/SDKs/MacOSX26.1.sdk/usr/include/net/if_var.h
/Applications/Xcode.app/Contents/Developer/Platforms/MacOSX.platform/Developer/SDKs/MacOSX26.1.sdk/usr/include/sys/time.h
/Applications/Xcode.app/Contents/Developer/Platforms/MacOSX.platform/Developer/SDKs/MacOSX26.1.sdk/usr/include/sys/_types/_timeval64.h
/Applications/Xcode.app/Contents/Developer/Platforms/MacOSX.platform/Developer/SDKs/MacOSX26.1.sdk/usr/include/sys/_types/_timeval32.h
/Applications/Xcode.app/Contents/Developer/Platforms/MacOSX.platform/Developer/SDKs/MacOSX26.1.sdk/usr/include/_langinfo.h
/Applications/Xcode.app/Contents/Developer/Platforms/MacOSX.platform/Developer/SDKs/MacOSX26.1.sdk/usr/include/xlocale/_langinfo.h
/Applications/Xcode.app/Contents/Developer/Platforms/MacOSX.platform/Developer/SDKs/MacOSX26.1.sdk/usr/include/libgen.h
/Applications/Xcode.app/Contents/Developer/Platforms/MacOSX.platform/Developer/SDKs/MacOSX26.1.sdk/usr/include/_monetary.h
/Applications/Xcode.app/Contents/Developer/Platforms/MacOSX.platform/Developer/SDKs/MacOSX26.1.sdk/usr/include/xlocale/_monetary.h
/Applications/Xcode.app/Contents/Developer/Platforms/MacOSX.platform/Developer/SDKs/MacOSX26.1.sdk/usr/include/ndbm.h
/Applications/Xcode.app/Contents/Developer/Platforms/MacOSX.platform/Developer/SDKs/MacOSX26.1.sdk/usr/include/netdb.h
/Applications/Xcode.app/Contents/Developer/Platforms/MacOSX.platform/Developer/SDKs/MacOSX26.1.sdk/usr/include/net/if_dl.h
/Applications/Xcode.app/Contents/Developer/Platforms/MacOSX.platform/Developer/SDKs/MacOSX26.1.sdk/usr/include/net/if_types.h
/Applications/Xcode.app/Contents/Developer/Platforms/MacOSX.platform/Developer/SDKs/MacOSX26.1.sdk/usr/include/netinet/tcp.h
/Applications/Xcode.app/Contents/Developer/Platforms/MacOSX.platform/Developer/SDKs/MacOSX26.1.sdk/usr/include/poll.h
/Applications/Xcode.app/Contents/Developer/Platforms/MacOSX.platform/Developer/SDKs/MacOSX26.1.sdk/usr/include/sys/poll.h
/Applications/Xcode.app/Contents/Developer/Platforms/MacOSX.platform/Developer/SDKs/MacOSX26.1.sdk/usr/include/pthread/spawn.h
/Applications/Xcode.app/Contents/Developer/Platforms/MacOSX.platform/Developer/SDKs/MacOSX26.1.sdk/usr/include/spawn.h
/Applications/Xcode.app/Contents/Developer/Platforms/MacOSX.platform/Developer/SDKs/MacOSX26.1.sdk/usr/include/sys/spawn.h
/Applications/Xcode.app/Contents/Developer/Platforms/MacOSX.platform/Developer/SDKs/MacOSX26.1.sdk/usr/include/mach/exception_types.h
/Applications/Xcode.app/Contents/Developer/Platforms/MacOSX.platform/Developer/SDKs/MacOSX26.1.sdk/usr/include/mach/machine/exception.h
/Applications/Xcode.app/Contents/Developer/Platforms/MacOSX.platform/Developer/SDKs/MacOSX26.1.sdk/usr/include/mach/arm/exception.h
/Applications/Xcode.app/Contents/Developer/Platforms/MacOSX.platform/Developer/SDKs/MacOSX26.1.sdk/usr/include/mach/port.h
/Applications/Xcode.app/Contents/Developer/Platforms/MacOSX.platform/Developer/SDKs/MacOSX26.1.sdk/usr/include/mach/boolean.h
/Applications/Xcode.app/Contents/Developer/Platforms/MacOSX.platform/Developer/SDKs/MacOSX26.1.sdk/usr/include/mach/machine/boolean.h
/Applications/Xcode.app/Contents/Developer/Platforms/MacOSX.platform/Developer/SDKs/MacOSX26.1.sdk/usr/include/mach/arm/boolean.h
/Applications/Xcode.app/Contents/Developer/Platforms/MacOSX.platform/Developer/SDKs/MacOSX26.1.sdk/usr/include/mach/machine/vm_types.h
/Applications/Xcode.app/Contents/Developer/Platforms/MacOSX.platform/Developer/SDKs/MacOSX26.1.sdk/usr/include/mach/arm/vm_types.h
/Applications/Xcode.app/Contents/Developer/Platforms/MacOSX.platform/Developer/SDKs/MacOSX26.1.sdk/usr/include/mach/thread_status.h
/Applications/Xcode.app/Contents/Developer/Platforms/MacOSX.platform/Developer/SDKs/MacOSX26.1.sdk/usr/include/mach/machine/thread_status.h
/Applications/Xcode.app/Contents/Developer/Platforms/MacOSX.platform/Developer/SDKs/MacOSX26.1.sdk/usr/include/mach/arm/thread_status.h
/Applications/Xcode.app/Contents/Developer/Platforms/MacOSX.platform/Developer/SDKs/MacOSX26.1.sdk/usr/include/mach/machine/thread_state.h
/Applications/Xcode.app/Contents/Developer/Platforms/MacOSX.platform/Developer/SDKs/MacOSX26.1.sdk/usr/include/mach/arm/thread_state.h
/Applications/Xcode.app/Contents/Developer/Platforms/MacOSX.platform/Developer/SDKs/MacOSX26.1.sdk/usr/include/mach/message.h
/Applications/Xcode.app/Contents/Developer/Platforms/MacOSX.platform/Developer/SDKs/MacOSX26.1.sdk/usr/include/mach/kern_return.h
/Applications/Xcode.app/Contents/Developer/Platforms/MacOSX.platform/Developer/SDKs/MacOSX26.1.sdk/usr/include/mach/machine/kern_return.h
/Applications/Xcode.app/Contents/Developer/Platforms/MacOSX.platform/Developer/SDKs/MacOSX26.1.sdk/usr/include/mach/arm/kern_return.h
/Applications/Xcode.app/Contents/Developer/Platforms/MacOSX.platform/Developer/SDKs/MacOSX26.1.sdk/usr/include/mach/vm_types.h
/Applications/Xcode.app/Contents/Developer/Platforms/MacOSX.platform/Developer/SDKs/MacOSX26.1.sdk/usr/include/mach_debug/ipc_info.h
/Applications/Xcode.app/Contents/Developer/Platforms/MacOSX.platform/Developer/SDKs/MacOSX26.1.sdk/usr/include/mach/machine.h
/Applications/Xcode.app/Contents/Developer/Platforms/MacOSX.platform/Developer/SDKs/MacOSX26.1.sdk/usr/include/pthread/pthread_spis.h
/Applications/Xcode.app/Contents/Developer/Platforms/MacOSX.platform/Developer/SDKs/MacOSX26.1.sdk/usr/include/_modules/_darwin_posix_pthread_pthread.h
/Applications/Xcode.app/Contents/Developer/Platforms/MacOSX.platform/Developer/SDKs/MacOSX26.1.sdk/usr/include/_regex.h
/Applications/Xcode.app/Contents/Developer/Platforms/MacOSX.platform/Developer/SDKs/MacOSX26.1.sdk/usr/include/xlocale/_regex.h
/Applications/Xcode.app/Contents/Developer/Platforms/MacOSX.platform/Developer/SDKs/MacOSX26.1.sdk/usr/include/search.h
/Applications/Xcode.app/Contents/Developer/Platforms/MacOSX.platform/Developer/SDKs/MacOSX26.1.sdk/usr/include/semaphore.h
/Applications/Xcode.app/Contents/Developer/Platforms/MacOSX.platform/Developer/SDKs/MacOSX26.1.sdk/usr/include/sys/semaphore.h
/Applications/Xcode.app/Contents/Developer/Platforms/MacOSX.platform/Developer/SDKs/MacOSX26.1.sdk/usr/include/sys/posix_sem.h
/Applications/Xcode.app/Contents/Developer/Platforms/MacOSX.platform/Developer/SDKs/MacOSX26.1.sdk/usr/include/sys/proc.h
/Applications/Xcode.app/Contents/Developer/Platforms/MacOSX.platform/Developer/SDKs/MacOSX26.1.sdk/usr/include/sys/queue.h
/Applications/Xcode.app/Contents/Developer/Platforms/MacOSX.platform/Developer/SDKs/MacOSX26.1.sdk/usr/include/sys/lock.h
/Applications/Xcode.app/Contents/Developer/Platforms/MacOSX.platform/Developer/SDKs/MacOSX26.1.sdk/usr/include/sys/param.h
/Applications/Xcode.app/Contents/Developer/Platforms/MacOSX.platform/Developer/SDKs/MacOSX26.1.sdk/usr/include/machine/param.h
/Applications/Xcode.app/Contents/Developer/Platforms/MacOSX.platform/Developer/SDKs/MacOSX26.1.sdk/usr/include/arm/param.h
/Applications/Xcode.app/Contents/Developer/Platforms/MacOSX.platform/Developer/SDKs/MacOSX26.1.sdk/usr/include/sys/event.h
/Applications/Xcode.app/Contents/Developer/Platforms/MacOSX.platform/Developer/SDKs/MacOSX26.1.sdk/usr/include/strings.h
/Applications/Xcode.app/Contents/Developer/Platforms/MacOSX.platform/Developer/SDKs/MacOSX26.1.sdk/usr/include/sys/ipc.h
/Applications/Xcode.app/Contents/Developer/Platforms/MacOSX.platform/Developer/SDKs/MacOSX26.1.sdk/usr/include/sys/mman.h
/Applications/Xcode.app/Contents/Developer/Platforms/MacOSX.platform/Developer/SDKs/MacOSX26.1.sdk/usr/include/sys/msg.h
/Applications/Xcode.app/Contents/Developer/Platforms/MacOSX.platform/Developer/SDKs/MacOSX26.1.sdk/usr/include/sys/sem.h
/Applications/Xcode.app/Contents/Developer/Platforms/MacOSX.platform/Developer/SDKs/MacOSX26.1.sdk/usr/include/sys/shm.h
/Applications/Xcode.app/Contents/Developer/Platforms/MacOSX.platform/Developer/SDKs/MacOSX26.1.sdk/usr/include/sys/posix_shm.h
/Applications/Xcode.app/Contents/Developer/Platforms/MacOSX.platform/Developer/SDKs/MacOSX26.1.sdk/usr/include/sys/statvfs.h
/Applications/Xcode.app/Contents/Developer/Platforms/MacOSX.platform/Developer/SDKs/MacOSX26.1.sdk/usr/include/sys/times.h
/Applications/Xcode.app/Contents/Developer/Platforms/MacOSX.platform/Developer/SDKs/MacOSX26.1.sdk/usr/include/sys/_types/_fsid_t.h
/Applications/Xcode.app/Contents/Developer/Platforms/MacOSX.platform/Developer/SDKs/MacOSX26.1.sdk/usr/include/sys/_types/_fsobj_id_t.h
/Applications/Xcode.app/Contents/Developer/Platforms/MacOSX.platform/Developer/SDKs/MacOSX26.1.sdk/usr/include/sys/_types/_graftdmg_un.h
/Applications/Xcode.app/Contents/Developer/Platforms/MacOSX.platform/Developer/SDKs/MacOSX26.1.sdk/usr/include/sys/_types/_guid_t.h
/Applications/Xcode.app/Contents/Developer/Platforms/MacOSX.platform/Developer/SDKs/MacOSX26.1.sdk/usr/include/sys/_types/_mount_t.h
/Applications/Xcode.app/Contents/Developer/Platforms/MacOSX.platform/Developer/SDKs/MacOSX26.1.sdk/usr/include/sys/_types/_os_inline.h
/Applications/Xcode.app/Contents/Developer/Platforms/MacOSX.platform/Developer/SDKs/MacOSX26.1.sdk/usr/include/sys/_types/_ucontext64.h
/Applications/Xcode.app/Contents/Developer/Platforms/MacOSX.platform/Developer/SDKs/MacOSX26.1.sdk/usr/include/sys/_types/_vnode_t.h
/Applications/Xcode.app/Contents/Developer/Platforms/MacOSX.platform/Developer/SDKs/MacOSX26.1.sdk/usr/include/sys/uio.h
/Applications/Xcode.app/Contents/Developer/Platforms/MacOSX.platform/Developer/SDKs/MacOSX26.1.sdk/usr/include/sys/un.h
/Applications/Xcode.app/Contents/Developer/Platforms/MacOSX.platform/Developer/SDKs/MacOSX26.1.sdk/usr/include/sys/utsname.h
/Applications/Xcode.app/Contents/Developer/Platforms/MacOSX.platform/Developer/SDKs/MacOSX26.1.sdk/usr/include/sys/vsock.h
/Applications/Xcode.app/Contents/Developer/Platforms/MacOSX.platform/Developer/SDKs/MacOSX26.1.sdk/usr/include/sys/ucred.h
/Applications/Xcode.app/Contents/Developer/Platforms/MacOSX.platform/Developer/SDKs/MacOSX26.1.sdk/usr/include/bsm/audit.h
/Applications/Xcode.app/Contents/Developer/Platforms/MacOSX.platform/Developer/SDKs/MacOSX26.1.sdk/usr/include/sys/socketvar.h
/Applications/Xcode.app/Contents/Developer/Platforms/MacOSX.platform/Developer/SDKs/MacOSX26.1.sdk/usr/include/sys/xattr.h
/Applications/Xcode.app/Contents/Developer/Platforms/MacOSX.platform/Developer/SDKs/MacOSX26.1.sdk/usr/include/_modules/_darwin_posix_sys_resource.h
/Applications/Xcode.app/Contents/Developer/Platforms/MacOSX.platform/Developer/SDKs/MacOSX26.1.sdk/usr/include/_modules/_darwin_posix_sys_select.h
/Applications/Xcode.app/Contents/Developer/Platforms/MacOSX.platform/Developer/SDKs/MacOSX26.1.sdk/usr/include/_modules/_darwin_posix_sys_wait.h
/Applications/Xcode.app/Contents/Developer/Platforms/MacOSX.platform/Developer/SDKs/MacOSX26.1.sdk/usr/include/syslog.h
/Applications/Xcode.app/Contents/Developer/Platforms/MacOSX.platform/Developer/SDKs/MacOSX26.1.sdk/usr/include/sys/syslog.h
/Applications/Xcode.app/Contents/Developer/Platforms/MacOSX.platform/Developer/SDKs/MacOSX26.1.sdk/usr/include/tar.h
/Applications/Xcode.app/Contents/Developer/Platforms/MacOSX.platform/Developer/SDKs/MacOSX26.1.sdk/usr/include/ulimit.h
/Applications/Xcode.app/Contents/Developer/Platforms/MacOSX.platform/Developer/SDKs/MacOSX26.1.sdk/usr/include/utime.h
/Applications/Xcode.app/Contents/Developer/Platforms/MacOSX.platform/Developer/SDKs/MacOSX26.1.sdk/usr/include/utmpx.h
/Applications/Xcode.app/Contents/Developer/Platforms/MacOSX.platform/Developer/SDKs/MacOSX26.1.sdk/usr/include/wordexp.h
/Applications/Xcode.app/Contents/Developer/Platforms/MacOSX.platform/Developer/SDKs/MacOSX26.1.sdk/usr/include/_modules/_darwin_posix_nl_types.h
/Applications/Xcode.app/Contents/Developer/Platforms/MacOSX.platform/Developer/SDKs/MacOSX26.1.sdk/usr/include/_modules/_darwin_posix_sched.h
/Applications/Xcode.app/Contents/Developer/Platforms/MacOSX.platform/Developer/SDKs/MacOSX26.1.sdk/usr/include/_modules/_darwin_posix_unistd.h
/Applications/Xcode.app/Contents/Developer/Platforms/MacOSX.platform/Developer/SDKs/MacOSX26.1.sdk/usr/include/net/bpf.h
/Applications/Xcode.app/Contents/Developer/Platforms/MacOSX.platform/Developer/SDKs/MacOSX26.1.sdk/usr/include/net/dlil.h
/Applications/Xcode.app/Contents/Developer/Platforms/MacOSX.platform/Developer/SDKs/MacOSX26.1.sdk/usr/include/net/ethernet.h
/Applications/Xcode.app/Contents/Developer/Platforms/MacOSX.platform/Developer/SDKs/MacOSX26.1.sdk/usr/include/net/if_arp.h
/Applications/Xcode.app/Contents/Developer/Platforms/MacOSX.platform/Developer/SDKs/MacOSX26.1.sdk/usr/include/net/if_llc.h
/Applications/Xcode.app/Contents/Developer/Platforms/MacOSX.platform/Developer/SDKs/MacOSX26.1.sdk/usr/include/net/if_media.h
/Applications/Xcode.app/Contents/Developer/Platforms/MacOSX.platform/Developer/SDKs/MacOSX26.1.sdk/usr/include/net/if_mib.h
/Applications/Xcode.app/Contents/Developer/Platforms/MacOSX.platform/Developer/SDKs/MacOSX26.1.sdk/usr/include/net/if_utun.h
/Applications/Xcode.app/Contents/Developer/Platforms/MacOSX.platform/Developer/SDKs/MacOSX26.1.sdk/usr/include/net/if_var_status.h
/Applications/Xcode.app/Contents/Developer/Platforms/MacOSX.platform/Developer/SDKs/MacOSX26.1.sdk/usr/include/net/kext_net.h
/Applications/Xcode.app/Contents/Developer/Platforms/MacOSX.platform/Developer/SDKs/MacOSX26.1.sdk/usr/include/net/ndrv.h
/Applications/Xcode.app/Contents/Developer/Platforms/MacOSX.platform/Developer/SDKs/MacOSX26.1.sdk/usr/include/net/pfkeyv2.h
/Applications/Xcode.app/Contents/Developer/Platforms/MacOSX.platform/Developer/SDKs/MacOSX26.1.sdk/usr/include/net/route.h
/Applications/Xcode.app/Contents/Developer/Platforms/MacOSX.platform/Developer/SDKs/MacOSX26.1.sdk/usr/include/netinet/bootp.h
/Applications/Xcode.app/Contents/Developer/Platforms/MacOSX.platform/Developer/SDKs/MacOSX26.1.sdk/usr/include/netinet/ip.h
/Applications/Xcode.app/Contents/Developer/Platforms/MacOSX.platform/Developer/SDKs/MacOSX26.1.sdk/usr/include/netinet/in_systm.h
/Applications/Xcode.app/Contents/Developer/Platforms/MacOSX.platform/Developer/SDKs/MacOSX26.1.sdk/usr/include/netinet/udp.h
/Applications/Xcode.app/Contents/Developer/Platforms/MacOSX.platform/Developer/SDKs/MacOSX26.1.sdk/usr/include/netinet/icmp6.h
/Applications/Xcode.app/Contents/Developer/Platforms/MacOSX.platform/Developer/SDKs/MacOSX26.1.sdk/usr/include/netinet/icmp_var.h
/Applications/Xcode.app/Contents/Developer/Platforms/MacOSX.platform/Developer/SDKs/MacOSX26.1.sdk/usr/include/netinet/ip_icmp.h
/Applications/Xcode.app/Contents/Developer/Platforms/MacOSX.platform/Developer/SDKs/MacOSX26.1.sdk/usr/include/netinet/if_ether.h
/Applications/Xcode.app/Contents/Developer/Platforms/MacOSX.platform/Developer/SDKs/MacOSX26.1.sdk/usr/include/netinet/igmp.h
/Applications/Xcode.app/Contents/Developer/Platforms/MacOSX.platform/Developer/SDKs/MacOSX26.1.sdk/usr/include/netinet/igmp_var.h
/Applications/Xcode.app/Contents/Developer/Platforms/MacOSX.platform/Developer/SDKs/MacOSX26.1.sdk/usr/include/netinet/in_pcb.h
/Applications/Xcode.app/Contents/Developer/Platforms/MacOSX.platform/Developer/SDKs/MacOSX26.1.sdk/usr/include/netinet/in_var.h
/Applications/Xcode.app/Contents/Developer/Platforms/MacOSX.platform/Developer/SDKs/MacOSX26.1.sdk/usr/include/sys/protosw.h
/Applications/Xcode.app/Contents/Developer/Platforms/MacOSX.platform/Developer/SDKs/MacOSX26.1.sdk/usr/include/sys/kern_event.h
/Applications/Xcode.app/Contents/Developer/Platforms/MacOSX.platform/Developer/SDKs/MacOSX26.1.sdk/usr/include/sys/sys_domain.h
/Applications/Xcode.app/Contents/Developer/Platforms/MacOSX.platform/Developer/SDKs/MacOSX26.1.sdk/usr/include/netinet6/in6_var.h
/Applications/Xcode.app/Contents/Developer/Platforms/MacOSX.platform/Developer/SDKs/MacOSX26.1.sdk/usr/include/netinet6/scope6_var.h
/Applications/Xcode.app/Contents/Developer/Platforms/MacOSX.platform/Developer/SDKs/MacOSX26.1.sdk/usr/include/netinet/ip6.h
/Applications/Xcode.app/Contents/Developer/Platforms/MacOSX.platform/Developer/SDKs/MacOSX26.1.sdk/usr/include/netinet/ip_var.h
/Applications/Xcode.app/Contents/Developer/Platforms/MacOSX.platform/Developer/SDKs/MacOSX26.1.sdk/usr/include/netinet/tcp_fsm.h
/Applications/Xcode.app/Contents/Developer/Platforms/MacOSX.platform/Developer/SDKs/MacOSX26.1.sdk/usr/include/netinet/tcp_seq.h
/Applications/Xcode.app/Contents/Developer/Platforms/MacOSX.platform/Developer/SDKs/MacOSX26.1.sdk/usr/include/netinet/tcp_timer.h
/Applications/Xcode.app/Contents/Developer/Platforms/MacOSX.platform/Developer/SDKs/MacOSX26.1.sdk/usr/include/netinet/tcp_var.h
/Applications/Xcode.app/Contents/Developer/Platforms/MacOSX.platform/Developer/SDKs/MacOSX26.1.sdk/usr/include/netinet/tcpip.h
/Applications/Xcode.app/Contents/Developer/Platforms/MacOSX.platform/Developer/SDKs/MacOSX26.1.sdk/usr/include/netinet/udp_var.h
/Applications/Xcode.app/Contents/Developer/Platforms/MacOSX.platform/Developer/SDKs/MacOSX26.1.sdk/usr/include/sys/sysctl.h
/Applications/Xcode.app/Contents/Developer/Platforms/MacOSX.platform/Developer/SDKs/MacOSX26.1.sdk/usr/include/sys/vm.h
/Applications/Xcode.app/Contents/Developer/Platforms/MacOSX.platform/Developer/SDKs/MacOSX26.1.sdk/usr/include/ar.h
/Applications/Xcode.app/Contents/Developer/Platforms/MacOSX.platform/Developer/SDKs/MacOSX26.1.sdk/usr/include/bank/bank_types.h
/Applications/Xcode.app/Contents/Developer/Platforms/MacOSX.platform/Developer/SDKs/MacOSX26.1.sdk/usr/include/os/base.h
/Applications/Xcode.app/Contents/Developer/Platforms/MacOSX.platform/Developer/SDKs/MacOSX26.1.sdk/usr/include/mach/mach_types.h
/Applications/Xcode.app/Contents/Developer/Platforms/MacOSX.platform/Developer/SDKs/MacOSX26.1.sdk/usr/include/mach/host_info.h
/Applications/Xcode.app/Contents/Developer/Platforms/MacOSX.platform/Developer/SDKs/MacOSX26.1.sdk/usr/include/mach/vm_statistics.h
/Applications/Xcode.app/Contents/Developer/Platforms/MacOSX.platform/Developer/SDKs/MacOSX26.1.sdk/usr/include/mach/time_value.h
/Applications/Xcode.app/Contents/Developer/Platforms/MacOSX.platform/Developer/SDKs/MacOSX26.1.sdk/usr/include/mach/host_notify.h
/Applications/Xcode.app/Contents/Developer/Platforms/MacOSX.platform/Developer/SDKs/MacOSX26.1.sdk/usr/include/mach/host_special_ports.h
/Applications/Xcode.app/Contents/Developer/Platforms/MacOSX.platform/Developer/SDKs/MacOSX26.1.sdk/usr/include/mach/memory_object_types.h
/Applications/Xcode.app/Contents/Developer/Platforms/MacOSX.platform/Developer/SDKs/MacOSX26.1.sdk/usr/include/mach/vm_prot.h
/Applications/Xcode.app/Contents/Developer/Platforms/MacOSX.platform/Developer/SDKs/MacOSX26.1.sdk/usr/include/mach/vm_sync.h
/Applications/Xcode.app/Contents/Developer/Platforms/MacOSX.platform/Developer/SDKs/MacOSX26.1.sdk/usr/include/mach/mach_voucher_types.h
/Applications/Xcode.app/Contents/Developer/Platforms/MacOSX.platform/Developer/SDKs/MacOSX26.1.sdk/usr/include/mach/std_types.h
/Applications/Xcode.app/Contents/Developer/Platforms/MacOSX.platform/Developer/SDKs/MacOSX26.1.sdk/usr/include/mach/processor_info.h
/Applications/Xcode.app/Contents/Developer/Platforms/MacOSX.platform/Developer/SDKs/MacOSX26.1.sdk/usr/include/mach/machine/processor_info.h
/Applications/Xcode.app/Contents/Developer/Platforms/MacOSX.platform/Developer/SDKs/MacOSX26.1.sdk/usr/include/mach/arm/processor_info.h
/Applications/Xcode.app/Contents/Developer/Platforms/MacOSX.platform/Developer/SDKs/MacOSX26.1.sdk/usr/include/mach/task_info.h
/Applications/Xcode.app/Contents/Developer/Platforms/MacOSX.platform/Developer/SDKs/MacOSX26.1.sdk/usr/include/mach/policy.h
/Applications/Xcode.app/Contents/Developer/Platforms/MacOSX.platform/Developer/SDKs/MacOSX26.1.sdk/usr/include/mach/task_inspect.h
/Applications/Xcode.app/Contents/Developer/Platforms/MacOSX.platform/Developer/SDKs/MacOSX26.1.sdk/usr/include/mach/task_policy.h
/Applications/Xcode.app/Contents/Developer/Platforms/MacOSX.platform/Developer/SDKs/MacOSX26.1.sdk/usr/include/mach/task_special_ports.h
/Applications/Xcode.app/Contents/Developer/Platforms/MacOSX.platform/Developer/SDKs/MacOSX26.1.sdk/usr/include/mach/thread_info.h
/Applications/Xcode.app/Contents/Developer/Platforms/MacOSX.platform/Developer/SDKs/MacOSX26.1.sdk/usr/include/mach/thread_policy.h
/Applications/Xcode.app/Contents/Developer/Platforms/MacOSX.platform/Developer/SDKs/MacOSX26.1.sdk/usr/include/mach/thread_special_ports.h
/Applications/Xcode.app/Contents/Developer/Platforms/MacOSX.platform/Developer/SDKs/MacOSX26.1.sdk/usr/include/mach/clock_types.h
/Applications/Xcode.app/Contents/Developer/Platforms/MacOSX.platform/Developer/SDKs/MacOSX26.1.sdk/usr/include/mach/vm_attributes.h
/Applications/Xcode.app/Contents/Developer/Platforms/MacOSX.platform/Developer/SDKs/MacOSX26.1.sdk/usr/include/mach/vm_inherit.h
/Applications/Xcode.app/Contents/Developer/Platforms/MacOSX.platform/Developer/SDKs/MacOSX26.1.sdk/usr/include/mach/vm_purgable.h
/Applications/Xcode.app/Contents/Developer/Platforms/MacOSX.platform/Developer/SDKs/MacOSX26.1.sdk/usr/include/mach/vm_behavior.h
/Applications/Xcode.app/Contents/Developer/Platforms/MacOSX.platform/Developer/SDKs/MacOSX26.1.sdk/usr/include/mach/vm_region.h
/Applications/Xcode.app/Contents/Developer/Platforms/MacOSX.platform/Developer/SDKs/MacOSX26.1.sdk/usr/include/mach/machine/vm_param.h
/Applications/Xcode.app/Contents/Developer/Platforms/MacOSX.platform/Developer/SDKs/MacOSX26.1.sdk/usr/include/mach/arm/vm_param.h
/Applications/Xcode.app/Contents/Developer/Platforms/MacOSX.platform/Developer/SDKs/MacOSX26.1.sdk/usr/include/mach/vm_page_size.h
/Applications/Xcode.app/Contents/Developer/Platforms/MacOSX.platform/Developer/SDKs/MacOSX26.1.sdk/usr/include/mach/kmod.h
/Applications/Xcode.app/Contents/Developer/Platforms/MacOSX.platform/Developer/SDKs/MacOSX26.1.sdk/usr/include/mach/dyld_kernel.h
/Applications/Xcode.app/Contents/Developer/Platforms/MacOSX.platform/Developer/SDKs/MacOSX26.1.sdk/usr/include/ConditionalMacros.h
/Applications/Xcode.app/Contents/Developer/Platforms/MacOSX.platform/Developer/SDKs/MacOSX26.1.sdk/usr/include/crt_externs.h
/Applications/Xcode.app/Contents/Developer/Platforms/MacOSX.platform/Developer/SDKs/MacOSX26.1.sdk/usr/include/fts.h
/Applications/Xcode.app/Contents/Developer/Platforms/MacOSX.platform/Developer/SDKs/MacOSX26.1.sdk/usr/include/getopt.h
/Applications/Xcode.app/Contents/Developer/Platforms/MacOSX.platform/Developer/SDKs/MacOSX26.1.sdk/usr/include/AssertMacros.h
/Applications/Xcode.app/Contents/Developer/Platforms/MacOSX.platform/Developer/SDKs/MacOSX26.1.sdk/usr/include/MacTypes.h
/Applications/Xcode.app/Contents/Developer/Platforms/MacOSX.platform/Developer/SDKs/MacOSX26.1.sdk/usr/include/mach/mach.h
/Applications/Xcode.app/Contents/Developer/Platforms/MacOSX.platform/Developer/SDKs/MacOSX26.1.sdk/usr/include/mach/mach_interface.h
/Applications/Xcode.app/Contents/Developer/Platforms/MacOSX.platform/Developer/SDKs/MacOSX26.1.sdk/usr/include/mach/clock_priv.h
/Applications/Xcode.app/Contents/Developer/Platforms/MacOSX.platform/Developer/SDKs/MacOSX26.1.sdk/usr/include/mach/ndr.h
/Applications/Xcode.app/Contents/Developer/Platforms/MacOSX.platform/Developer/SDKs/MacOSX26.1.sdk/usr/include/libkern/OSByteOrder.h
/Applications/Xcode.app/Contents/Developer/Platforms/MacOSX.platform/Developer/SDKs/MacOSX26.1.sdk/usr/include/libkern/arm/OSByteOrder.h
/Applications/Xcode.app/Contents/Developer/Platforms/MacOSX.platform/Developer/SDKs/MacOSX26.1.sdk/usr/include/arm/arch.h
/Applications/Xcode.app/Contents/Developer/Platforms/MacOSX.platform/Developer/SDKs/MacOSX26.1.sdk/usr/include/mach/notify.h
/Applications/Xcode.app/Contents/Developer/Platforms/MacOSX.platform/Developer/SDKs/MacOSX26.1.sdk/usr/include/mach/mig_errors.h
/Applications/Xcode.app/Contents/Developer/Platforms/MacOSX.platform/Developer/SDKs/MacOSX26.1.sdk/usr/include/mach/mig.h
/Applications/Xcode.app/Contents/Developer/Platforms/MacOSX.platform/Developer/SDKs/MacOSX26.1.sdk/usr/include/mach/host_priv.h
/Applications/Xcode.app/Contents/Developer/Platforms/MacOSX.platform/Developer/SDKs/MacOSX26.1.sdk/usr/include/mach_debug/mach_debug_types.h
/Applications/Xcode.app/Contents/Developer/Platforms/MacOSX.platform/Developer/SDKs/MacOSX26.1.sdk/usr/include/mach_debug/vm_info.h
/Applications/Xcode.app/Contents/Developer/Platforms/MacOSX.platform/Developer/SDKs/MacOSX26.1.sdk/usr/include/mach_debug/zone_info.h
/Applications/Xcode.app/Contents/Developer/Platforms/MacOSX.platform/Developer/SDKs/MacOSX26.1.sdk/usr/include/mach_debug/page_info.h
/Applications/Xcode.app/Contents/Developer/Platforms/MacOSX.platform/Developer/SDKs/MacOSX26.1.sdk/usr/include/mach_debug/hash_info.h
/Applications/Xcode.app/Contents/Developer/Platforms/MacOSX.platform/Developer/SDKs/MacOSX26.1.sdk/usr/include/mach_debug/lockgroup_info.h
/Applications/Xcode.app/Contents/Developer/Platforms/MacOSX.platform/Developer/SDKs/MacOSX26.1.sdk/usr/include/mach/host_security.h
/Applications/Xcode.app/Contents/Developer/Platforms/MacOSX.platform/Developer/SDKs/MacOSX26.1.sdk/usr/include/mach/processor.h
/Applications/Xcode.app/Contents/Developer/Platforms/MacOSX.platform/Developer/SDKs/MacOSX26.1.sdk/usr/include/mach/processor_set.h
/Applications/Xcode.app/Contents/Developer/Platforms/MacOSX.platform/Developer/SDKs/MacOSX26.1.sdk/usr/include/mach/semaphore.h
/Applications/Xcode.app/Contents/Developer/Platforms/MacOSX.platform/Developer/SDKs/MacOSX26.1.sdk/usr/include/mach/sync_policy.h
/Applications/Xcode.app/Contents/Developer/Platforms/MacOSX.platform/Developer/SDKs/MacOSX26.1.sdk/usr/include/mach/task.h
/Applications/Xcode.app/Contents/Developer/Platforms/MacOSX.platform/Developer/SDKs/MacOSX26.1.sdk/usr/include/mach/thread_act.h
/Applications/Xcode.app/Contents/Developer/Platforms/MacOSX.platform/Developer/SDKs/MacOSX26.1.sdk/usr/include/mach/vm_map.h
/Applications/Xcode.app/Contents/Developer/Platforms/MacOSX.platform/Developer/SDKs/MacOSX26.1.sdk/usr/include/mach/mach_port.h
/Applications/Xcode.app/Contents/Developer/Platforms/MacOSX.platform/Developer/SDKs/MacOSX26.1.sdk/usr/include/mach/mach_init.h
/Applications/Xcode.app/Contents/Developer/Platforms/MacOSX.platform/Developer/SDKs/MacOSX26.1.sdk/usr/include/mach/mach_traps.h
/Applications/Xcode.app/Contents/Developer/Platforms/MacOSX.platform/Developer/SDKs/MacOSX26.1.sdk/usr/include/mach/error.h
/Applications/Xcode.app/Contents/Developer/Platforms/MacOSX.platform/Developer/SDKs/MacOSX26.1.sdk/usr/include/mach/mach_host.h
/Applications/Xcode.app/Contents/Developer/Platforms/MacOSX.platform/Developer/SDKs/MacOSX26.1.sdk/usr/include/mach/thread_switch.h
/Applications/Xcode.app/Contents/Developer/Platforms/MacOSX.platform/Developer/SDKs/MacOSX26.1.sdk/usr/include/mach/rpc.h
/Applications/Xcode.app/Contents/Developer/Platforms/MacOSX.platform/Developer/SDKs/MacOSX26.1.sdk/usr/include/mach/machine/rpc.h
/Applications/Xcode.app/Contents/Developer/Platforms/MacOSX.platform/Developer/SDKs/MacOSX26.1.sdk/usr/include/mach/arm/rpc.h
/Applications/Xcode.app/Contents/Developer/Platforms/MacOSX.platform/Developer/SDKs/MacOSX26.1.sdk/usr/include/mach/mach_error.h
/Applications/Xcode.app/Contents/Developer/Platforms/MacOSX.platform/Developer/SDKs/MacOSX26.1.sdk/usr/include/mach/audit_triggers_types.h
/Applications/Xcode.app/Contents/Developer/Platforms/MacOSX.platform/Developer/SDKs/MacOSX26.1.sdk/usr/include/mach/bootstrap.h
/Applications/Xcode.app/Contents/Developer/Platforms/MacOSX.platform/Developer/SDKs/MacOSX26.1.sdk/usr/include/mach/clock.h
/Applications/Xcode.app/Contents/Developer/Platforms/MacOSX.platform/Developer/SDKs/MacOSX26.1.sdk/usr/include/mach/clock_reply.h
/Applications/Xcode.app/Contents/Developer/Platforms/MacOSX.platform/Developer/SDKs/MacOSX26.1.sdk/usr/include/mach/exc.h
/Applications/Xcode.app/Contents/Developer/Platforms/MacOSX.platform/Developer/SDKs/MacOSX26.1.sdk/usr/include/mach/exception.h
/Applications/Xcode.app/Contents/Developer/Platforms/MacOSX.platform/Developer/SDKs/MacOSX26.1.sdk/usr/include/mach/host_reboot.h
/Applications/Xcode.app/Contents/Developer/Platforms/MacOSX.platform/Developer/SDKs/MacOSX26.1.sdk/usr/include/arm64/hv/hv_kern_types.h
/Applications/Xcode.app/Contents/Developer/Platforms/MacOSX.platform/Developer/SDKs/MacOSX26.1.sdk/usr/include/mach/mach_param.h
/Applications/Xcode.app/Contents/Developer/Platforms/MacOSX.platform/Developer/SDKs/MacOSX26.1.sdk/usr/include/mach/mach_right.h
/Applications/Xcode.app/Contents/Developer/Platforms/MacOSX.platform/Developer/SDKs/MacOSX26.1.sdk/usr/include/mach/mach_syscalls.h
/Applications/Xcode.app/Contents/Developer/Platforms/MacOSX.platform/Developer/SDKs/MacOSX26.1.sdk/usr/include/mach/mach_time.h
/Applications/Xcode.app/Contents/Developer/Platforms/MacOSX.platform/Developer/SDKs/MacOSX26.1.sdk/usr/include/mach/mach_vm.h
/Applications/Xcode.app/Contents/Developer/Platforms/MacOSX.platform/Developer/SDKs/MacOSX26.1.sdk/usr/include/mach/mach_voucher.h
/Applications/Xcode.app/Contents/Developer/Platforms/MacOSX.platform/Developer/SDKs/MacOSX26.1.sdk/usr/include/mach/memory_entry.h
/Applications/Xcode.app/Contents/Developer/Platforms/MacOSX.platform/Developer/SDKs/MacOSX26.1.sdk/usr/include/mach/mig_strncpy_zerofill_support.h
/Applications/Xcode.app/Contents/Developer/Platforms/MacOSX.platform/Developer/SDKs/MacOSX26.1.sdk/usr/include/mach/mig_voucher_support.h
/Applications/Xcode.app/Contents/Developer/Platforms/MacOSX.platform/Developer/SDKs/MacOSX26.1.sdk/usr/include/mach/port_obj.h
/Applications/Xcode.app/Contents/Developer/Platforms/MacOSX.platform/Developer/SDKs/MacOSX26.1.sdk/usr/include/mach/sdt.h
/Applications/Xcode.app/Contents/Developer/Platforms/MacOSX.platform/Developer/SDKs/MacOSX26.1.sdk/usr/include/mach/machine/sdt.h
/Applications/Xcode.app/Contents/Developer/Platforms/MacOSX.platform/Developer/SDKs/MacOSX26.1.sdk/usr/include/sys/sdt.h
/Applications/Xcode.app/Contents/Developer/Platforms/MacOSX.platform/Developer/SDKs/MacOSX26.1.sdk/usr/include/mach/shared_region.h
/Applications/Xcode.app/Contents/Developer/Platforms/MacOSX.platform/Developer/SDKs/MacOSX26.1.sdk/usr/include/mach/sync.h
/Applications/Xcode.app/Contents/Developer/Platforms/MacOSX.platform/Developer/SDKs/MacOSX26.1.sdk/usr/include/mach/thread_state.h
/Applications/Xcode.app/Contents/Developer/Platforms/MacOSX.platform/Developer/SDKs/MacOSX26.1.sdk/usr/include/mach/vm_param.h
/Applications/Xcode.app/Contents/Developer/Platforms/MacOSX.platform/Developer/SDKs/MacOSX26.1.sdk/usr/include/mach/vm_task.h
/Applications/Xcode.app/Contents/Developer/Platforms/MacOSX.platform/Developer/SDKs/MacOSX26.1.sdk/usr/include/mach/machine/asm.h
/Applications/Xcode.app/Contents/Developer/Platforms/MacOSX.platform/Developer/SDKs/MacOSX26.1.sdk/usr/include/mach/arm64/asm.h
/Applications/Xcode.app/Contents/Developer/Platforms/MacOSX.platform/Developer/SDKs/MacOSX26.1.sdk/usr/include/mach/i386/asm.h
/Applications/Xcode.app/Contents/Developer/Platforms/MacOSX.platform/Developer/SDKs/MacOSX26.1.sdk/usr/include/mach/arm/asm.h
/Applications/Xcode.app/Contents/Developer/Platforms/MacOSX.platform/Developer/SDKs/MacOSX26.1.sdk/usr/include/mach/i386/boolean.h
/Applications/Xcode.app/Contents/Developer/Platforms/MacOSX.platform/Developer/SDKs/MacOSX26.1.sdk/usr/include/mach/i386/exception.h
/Applications/Xcode.app/Contents/Developer/Platforms/MacOSX.platform/Developer/SDKs/MacOSX26.1.sdk/usr/include/mach/i386/fp_reg.h
/Applications/Xcode.app/Contents/Developer/Platforms/MacOSX.platform/Developer/SDKs/MacOSX26.1.sdk/usr/include/mach/i386/kern_return.h
/Applications/Xcode.app/Contents/Developer/Platforms/MacOSX.platform/Developer/SDKs/MacOSX26.1.sdk/usr/include/mach/machine/ndr_def.h
/Applications/Xcode.app/Contents/Developer/Platforms/MacOSX.platform/Developer/SDKs/MacOSX26.1.sdk/usr/include/mach/arm/ndr_def.h
/Applications/Xcode.app/Contents/Developer/Platforms/MacOSX.platform/Developer/SDKs/MacOSX26.1.sdk/usr/include/mach/i386/processor_info.h
/Applications/Xcode.app/Contents/Developer/Platforms/MacOSX.platform/Developer/SDKs/MacOSX26.1.sdk/usr/include/mach/i386/rpc.h
/Applications/Xcode.app/Contents/Developer/Platforms/MacOSX.platform/Developer/SDKs/MacOSX26.1.sdk/usr/include/mach/machine/sdt_isa.h
/Applications/Xcode.app/Contents/Developer/Platforms/MacOSX.platform/Developer/SDKs/MacOSX26.1.sdk/usr/include/mach/arm/sdt_isa.h
/Applications/Xcode.app/Contents/Developer/Platforms/MacOSX.platform/Developer/SDKs/MacOSX26.1.sdk/usr/include/mach/i386/sdt_isa.h
/Applications/Xcode.app/Contents/Developer/Platforms/MacOSX.platform/Developer/SDKs/MacOSX26.1.sdk/usr/include/mach/i386/thread_state.h
/Applications/Xcode.app/Contents/Developer/Platforms/MacOSX.platform/Developer/SDKs/MacOSX26.1.sdk/usr/include/mach/i386/thread_status.h
/Applications/Xcode.app/Contents/Developer/Platforms/MacOSX.platform/Developer/SDKs/MacOSX26.1.sdk/usr/include/mach/arm/traps.h
/Applications/Xcode.app/Contents/Developer/Platforms/MacOSX.platform/Developer/SDKs/MacOSX26.1.sdk/usr/include/mach/i386/vm_param.h
/Applications/Xcode.app/Contents/Developer/Platforms/MacOSX.platform/Developer/SDKs/MacOSX26.1.sdk/usr/include/mach/i386/vm_types.h
/Applications/Xcode.app/Contents/Developer/Platforms/MacOSX.platform/Developer/SDKs/MacOSX26.1.sdk/usr/include/mach_debug/mach_debug.h
/Applications/Xcode.app/Contents/Developer/Platforms/MacOSX.platform/Developer/SDKs/MacOSX26.1.sdk/usr/include/device/device_types.h
/Applications/Xcode.app/Contents/Developer/Platforms/MacOSX.platform/Developer/SDKs/MacOSX26.1.sdk/usr/include/device/device_port.h
/Applications/Xcode.app/Contents/Developer/Platforms/MacOSX.platform/Developer/SDKs/MacOSX26.1.sdk/usr/include/libkern/OSAtomic.h
/Applications/Xcode.app/Contents/Developer/Platforms/MacOSX.platform/Developer/SDKs/MacOSX26.1.sdk/usr/include/libkern/OSAtomicDeprecated.h
/Applications/Xcode.app/Contents/Developer/Platforms/MacOSX.platform/Developer/SDKs/MacOSX26.1.sdk/usr/include/libkern/OSSpinLockDeprecated.h
/Applications/Xcode.app/Contents/Developer/Platforms/MacOSX.platform/Developer/SDKs/MacOSX26.1.sdk/usr/include/libkern/OSAtomicQueue.h
/Applications/Xcode.app/Contents/Developer/Platforms/MacOSX.platform/Developer/SDKs/MacOSX26.1.sdk/usr/include/libkern/machine/OSByteOrder.h
/Applications/Xcode.app/Contents/Developer/Platforms/MacOSX.platform/Developer/SDKs/MacOSX26.1.sdk/usr/include/libkern/i386/OSByteOrder.h
/Applications/Xcode.app/Contents/Developer/Platforms/MacOSX.platform/Developer/SDKs/MacOSX26.1.sdk/usr/include/libproc.h
/Applications/Xcode.app/Contents/Developer/Platforms/MacOSX.platform/Developer/SDKs/MacOSX26.1.sdk/usr/include/sys/mount.h
/Applications/Xcode.app/Contents/Developer/Platforms/MacOSX.platform/Developer/SDKs/MacOSX26.1.sdk/usr/include/sys/attr.h
/Applications/Xcode.app/Contents/Developer/Platforms/MacOSX.platform/Developer/SDKs/MacOSX26.1.sdk/usr/include/sys/proc_info.h
/Applications/Xcode.app/Contents/Developer/Platforms/MacOSX.platform/Developer/SDKs/MacOSX26.1.sdk/usr/include/sys/kern_control.h
/Applications/Xcode.app/Contents/Developer/Platforms/MacOSX.platform/Developer/SDKs/MacOSX26.1.sdk/usr/include/os/clock.h
/Applications/Xcode.app/Contents/Developer/Platforms/MacOSX.platform/Developer/SDKs/MacOSX26.1.sdk/usr/include/os/lock.h
/Applications/Xcode.app/Contents/Developer/Platforms/MacOSX.platform/Developer/SDKs/MacOSX26.1.sdk/usr/include/os/proc.h
/Applications/Xcode.app/Contents/Developer/Platforms/MacOSX.platform/Developer/SDKs/MacOSX26.1.sdk/usr/include/malloc/malloc.h
/Applications/Xcode.app/Contents/Developer/Platforms/MacOSX.platform/Developer/SDKs/MacOSX26.1.sdk/usr/include/malloc/_platform.h
/Applications/Xcode.app/Contents/Developer/Platforms/MacOSX.platform/Developer/SDKs/MacOSX26.1.sdk/usr/include/sys/malloc.h
/Applications/Xcode.app/Contents/Developer/Platforms/MacOSX.platform/Developer/SDKs/MacOSX26.1.sdk/usr/include/i386/_param.h
/Applications/Xcode.app/Contents/Developer/Platforms/MacOSX.platform/Developer/SDKs/MacOSX26.1.sdk/usr/include/machine/byte_order.h
/Applications/Xcode.app/Contents/Developer/Platforms/MacOSX.platform/Developer/SDKs/MacOSX26.1.sdk/usr/include/architecture/byte_order.h
/Applications/Xcode.app/Contents/Developer/Platforms/MacOSX.platform/Developer/SDKs/MacOSX26.1.sdk/usr/include/i386/eflags.h
/Applications/Xcode.app/Contents/Developer/Platforms/MacOSX.platform/Developer/SDKs/MacOSX26.1.sdk/usr/include/machine/fasttrap_isa.h
/Applications/Xcode.app/Contents/Developer/Platforms/MacOSX.platform/Developer/SDKs/MacOSX26.1.sdk/usr/include/arm/fasttrap_isa.h
/Applications/Xcode.app/Contents/Developer/Platforms/MacOSX.platform/Developer/SDKs/MacOSX26.1.sdk/usr/include/i386/fasttrap_isa.h
/Applications/Xcode.app/Contents/Developer/Platforms/MacOSX.platform/Developer/SDKs/MacOSX26.1.sdk/usr/include/i386/param.h
/Applications/Xcode.app/Contents/Developer/Platforms/MacOSX.platform/Developer/SDKs/MacOSX26.1.sdk/usr/include/machine/profile.h
/Applications/Xcode.app/Contents/Developer/Platforms/MacOSX.platform/Developer/SDKs/MacOSX26.1.sdk/usr/include/arm/profile.h
/Applications/Xcode.app/Contents/Developer/Platforms/MacOSX.platform/Developer/SDKs/MacOSX26.1.sdk/usr/include/i386/profile.h
/Applications/Xcode.app/Contents/Developer/Platforms/MacOSX.platform/Developer/SDKs/MacOSX26.1.sdk/usr/include/i386/user_ldt.h
/Applications/Xcode.app/Contents/Developer/Platforms/MacOSX.platform/Developer/SDKs/MacOSX26.1.sdk/usr/include/machine/vmparam.h
/Applications/Xcode.app/Contents/Developer/Platforms/MacOSX.platform/Developer/SDKs/MacOSX26.1.sdk/usr/include/arm/vmparam.h
/Applications/Xcode.app/Contents/Developer/Platforms/MacOSX.platform/Developer/SDKs/MacOSX26.1.sdk/usr/include/i386/vmparam.h
/Applications/Xcode.app/Contents/Developer/Platforms/MacOSX.platform/Developer/SDKs/MacOSX26.1.sdk/usr/include/aliasdb.h
/Applications/Xcode.app/Contents/Developer/Platforms/MacOSX.platform/Developer/SDKs/MacOSX26.1.sdk/usr/include/bootparams.h
/Applications/Xcode.app/Contents/Developer/Platforms/MacOSX.platform/Developer/SDKs/MacOSX26.1.sdk/usr/include/Block.h
/Applications/Xcode.app/Contents/Developer/Platforms/MacOSX.platform/Developer/SDKs/MacOSX26.1.sdk/usr/include/bsm/audit_domain.h
/Applications/Xcode.app/Contents/Developer/Platforms/MacOSX.platform/Developer/SDKs/MacOSX26.1.sdk/usr/include/bsm/audit_errno.h
/Applications/Xcode.app/Contents/Developer/Platforms/MacOSX.platform/Developer/SDKs/MacOSX26.1.sdk/usr/include/bsm/audit_fcntl.h
/Applications/Xcode.app/Contents/Developer/Platforms/MacOSX.platform/Developer/SDKs/MacOSX26.1.sdk/usr/include/bsm/audit_filter.h
/Applications/Xcode.app/Contents/Developer/Platforms/MacOSX.platform/Developer/SDKs/MacOSX26.1.sdk/usr/include/bsm/libbsm.h
/Applications/Xcode.app/Contents/Developer/Platforms/MacOSX.platform/Developer/SDKs/MacOSX26.1.sdk/usr/include/bsm/audit_record.h
/Applications/Xcode.app/Contents/Developer/Platforms/MacOSX.platform/Developer/SDKs/MacOSX26.1.sdk/usr/include/bsm/audit_internal.h
/Applications/Xcode.app/Contents/Developer/Platforms/MacOSX.platform/Developer/SDKs/MacOSX26.1.sdk/usr/include/bsm/audit_kevents.h
/Applications/Xcode.app/Contents/Developer/Platforms/MacOSX.platform/Developer/SDKs/MacOSX26.1.sdk/usr/include/bsm/audit_session.h
/Applications/Xcode.app/Contents/Developer/Platforms/MacOSX.platform/Developer/SDKs/MacOSX26.1.sdk/usr/include/bsm/audit_socket_type.h
/Applications/Xcode.app/Contents/Developer/Platforms/MacOSX.platform/Developer/SDKs/MacOSX26.1.sdk/usr/include/bsm/audit_uevents.h
/Applications/Xcode.app/Contents/Developer/Platforms/MacOSX.platform/Developer/SDKs/MacOSX26.1.sdk/usr/include/execinfo.h
/Applications/Xcode.app/Contents/Developer/Platforms/MacOSX.platform/Developer/SDKs/MacOSX26.1.sdk/usr/include/fstab.h
/Applications/Xcode.app/Contents/Developer/Platforms/MacOSX.platform/Developer/SDKs/MacOSX26.1.sdk/usr/include/hfs/hfs_format.h
/Applications/Xcode.app/Contents/Developer/Platforms/MacOSX.platform/Developer/SDKs/MacOSX26.1.sdk/usr/include/hfs/hfs_unistr.h
/Applications/Xcode.app/Contents/Developer/Platforms/MacOSX.platform/Developer/SDKs/MacOSX26.1.sdk/usr/include/hfs/hfs_mount.h
/Applications/Xcode.app/Contents/Developer/Platforms/MacOSX.platform/Developer/SDKs/MacOSX26.1.sdk/usr/include/membership.h
/Applications/Xcode.app/Contents/Developer/Platforms/MacOSX.platform/Developer/SDKs/MacOSX26.1.sdk/usr/include/ntsid.h
/Applications/Xcode.app/Contents/Developer/Platforms/MacOSX.platform/Developer/SDKs/MacOSX26.1.sdk/usr/include/curses.h
/Applications/Xcode.app/Contents/Developer/Platforms/MacOSX.platform/Developer/SDKs/MacOSX26.1.sdk/usr/include/ncurses_dll.h
/Applications/Xcode.app/Contents/Developer/Platforms/MacOSX.platform/Developer/SDKs/MacOSX26.1.sdk/usr/include/unctrl.h
/Applications/Xcode.app/Contents/Developer/Platforms/MacOSX.platform/Developer/SDKs/MacOSX26.1.sdk/usr/include/eti.h
/Applications/Xcode.app/Contents/Developer/Platforms/MacOSX.platform/Developer/SDKs/MacOSX26.1.sdk/usr/include/nc_tparm.h
/Applications/Xcode.app/Contents/Developer/Platforms/MacOSX.platform/Developer/SDKs/MacOSX26.1.sdk/usr/include/form.h
/Applications/Xcode.app/Contents/Developer/Platforms/MacOSX.platform/Developer/SDKs/MacOSX26.1.sdk/usr/include/menu.h
/Applications/Xcode.app/Contents/Developer/Platforms/MacOSX.platform/Developer/SDKs/MacOSX26.1.sdk/usr/include/panel.h
/Applications/Xcode.app/Contents/Developer/Platforms/MacOSX.platform/Developer/SDKs/MacOSX26.1.sdk/usr/include/netinet6/ah.h
/Applications/Xcode.app/Contents/Developer/Platforms/MacOSX.platform/Developer/SDKs/MacOSX26.1.sdk/usr/include/netinet6/esp.h
/Applications/Xcode.app/Contents/Developer/Platforms/MacOSX.platform/Developer/SDKs/MacOSX26.1.sdk/usr/include/netinet6/ipcomp.h
/Applications/Xcode.app/Contents/Developer/Platforms/MacOSX.platform/Developer/SDKs/MacOSX26.1.sdk/usr/include/netinet6/ipsec.h
/Applications/Xcode.app/Contents/Developer/Platforms/MacOSX.platform/Developer/SDKs/MacOSX26.1.sdk/usr/include/netinet6/raw_ip6.h
/Applications/Xcode.app/Contents/Developer/Platforms/MacOSX.platform/Developer/SDKs/MacOSX26.1.sdk/usr/include/printerdb.h
/Applications/Xcode.app/Contents/Developer/Platforms/MacOSX.platform/Developer/SDKs/MacOSX26.1.sdk/usr/include/sys/_structs.h
/Applications/Xcode.app/Contents/Developer/Platforms/MacOSX.platform/Developer/SDKs/MacOSX26.1.sdk/usr/include/sys/acct.h
/Applications/Xcode.app/Contents/Developer/Platforms/MacOSX.platform/Developer/SDKs/MacOSX26.1.sdk/usr/include/sys/acl.h
/Applications/Xcode.app/Contents/Developer/Platforms/MacOSX.platform/Developer/SDKs/MacOSX26.1.sdk/usr/include/sys/kauth.h
/Applications/Xcode.app/Contents/Developer/Platforms/MacOSX.platform/Developer/SDKs/MacOSX26.1.sdk/usr/include/sys/buf.h
/Applications/Xcode.app/Contents/Developer/Platforms/MacOSX.platform/Developer/SDKs/MacOSX26.1.sdk/usr/include/sys/kernel_types.h
/Applications/Xcode.app/Contents/Developer/Platforms/MacOSX.platform/Developer/SDKs/MacOSX26.1.sdk/usr/include/sys/clonefile.h
/Applications/Xcode.app/Contents/Developer/Platforms/MacOSX.platform/Developer/SDKs/MacOSX26.1.sdk/usr/include/sys/commpage.h
/Applications/Xcode.app/Contents/Developer/Platforms/MacOSX.platform/Developer/SDKs/MacOSX26.1.sdk/usr/include/sys/conf.h
/Applications/Xcode.app/Contents/Developer/Platforms/MacOSX.platform/Developer/SDKs/MacOSX26.1.sdk/usr/include/sys/disk.h
/Applications/Xcode.app/Contents/Developer/Platforms/MacOSX.platform/Developer/SDKs/MacOSX26.1.sdk/usr/include/sys/dkstat.h
/Applications/Xcode.app/Contents/Developer/Platforms/MacOSX.platform/Developer/SDKs/MacOSX26.1.sdk/usr/include/sys/domain.h
/Applications/Xcode.app/Contents/Developer/Platforms/MacOSX.platform/Developer/SDKs/MacOSX26.1.sdk/usr/include/sys/ev.h
/Applications/Xcode.app/Contents/Developer/Platforms/MacOSX.platform/Developer/SDKs/MacOSX26.1.sdk/usr/include/sys/file.h
/Applications/Xcode.app/Contents/Developer/Platforms/MacOSX.platform/Developer/SDKs/MacOSX26.1.sdk/usr/include/sys/filedesc.h
/Applications/Xcode.app/Contents/Developer/Platforms/MacOSX.platform/Developer/SDKs/MacOSX26.1.sdk/usr/include/sys/fileport.h
/Applications/Xcode.app/Contents/Developer/Platforms/MacOSX.platform/Developer/SDKs/MacOSX26.1.sdk/usr/include/sys/fsgetpath.h
/Applications/Xcode.app/Contents/Developer/Platforms/MacOSX.platform/Developer/SDKs/MacOSX26.1.sdk/usr/include/sys/gmon.h
/Applications/Xcode.app/Contents/Developer/Platforms/MacOSX.platform/Developer/SDKs/MacOSX26.1.sdk/usr/include/sys/ioctl_compat.h
/Applications/Xcode.app/Contents/Developer/Platforms/MacOSX.platform/Developer/SDKs/MacOSX26.1.sdk/usr/include/sys/ttychars.h
/Applications/Xcode.app/Contents/Developer/Platforms/MacOSX.platform/Developer/SDKs/MacOSX26.1.sdk/usr/include/sys/ttydev.h
/Applications/Xcode.app/Contents/Developer/Platforms/MacOSX.platform/Developer/SDKs/MacOSX26.1.sdk/usr/include/sys/kdebug.h
/Applications/Xcode.app/Contents/Developer/Platforms/MacOSX.platform/Developer/SDKs/MacOSX26.1.sdk/usr/include/sys/kdebug_signpost.h
/Applications/Xcode.app/Contents/Developer/Platforms/MacOSX.platform/Developer/SDKs/MacOSX26.1.sdk/usr/include/sys/lctx.h
/Applications/Xcode.app/Contents/Developer/Platforms/MacOSX.platform/Developer/SDKs/MacOSX26.1.sdk/usr/include/sys/mbuf.h
/Applications/Xcode.app/Contents/Developer/Platforms/MacOSX.platform/Developer/SDKs/MacOSX26.1.sdk/usr/include/sys/msgbuf.h
/Applications/Xcode.app/Contents/Developer/Platforms/MacOSX.platform/Developer/SDKs/MacOSX26.1.sdk/usr/include/sys/netport.h
/Applications/Xcode.app/Contents/Developer/Platforms/MacOSX.platform/Developer/SDKs/MacOSX26.1.sdk/usr/include/sys/paths.h
/Applications/Xcode.app/Contents/Developer/Platforms/MacOSX.platform/Developer/SDKs/MacOSX26.1.sdk/usr/include/sys/pipe.h
/Applications/Xcode.app/Contents/Developer/Platforms/MacOSX.platform/Developer/SDKs/MacOSX26.1.sdk/usr/include/sys/quota.h
/Applications/Xcode.app/Contents/Developer/Platforms/MacOSX.platform/Developer/SDKs/MacOSX26.1.sdk/usr/include/sys/rbtree.h
/Applications/Xcode.app/Contents/Developer/Platforms/MacOSX.platform/Developer/SDKs/MacOSX26.1.sdk/usr/include/sys/reboot.h
/Applications/Xcode.app/Contents/Developer/Platforms/MacOSX.platform/Developer/SDKs/MacOSX26.1.sdk/usr/include/sys/resourcevar.h
/Applications/Xcode.app/Contents/Developer/Platforms/MacOSX.platform/Developer/SDKs/MacOSX26.1.sdk/usr/include/sys/sbuf.h
/Applications/Xcode.app/Contents/Developer/Platforms/MacOSX.platform/Developer/SDKs/MacOSX26.1.sdk/usr/include/sys/signalvar.h
/Applications/Xcode.app/Contents/Developer/Platforms/MacOSX.platform/Developer/SDKs/MacOSX26.1.sdk/usr/include/sys/syscall.h
/Applications/Xcode.app/Contents/Developer/Platforms/MacOSX.platform/Developer/SDKs/MacOSX26.1.sdk/usr/include/sys/timeb.h
/Applications/Xcode.app/Contents/Developer/Platforms/MacOSX.platform/Developer/SDKs/MacOSX26.1.sdk/usr/include/sys/trace.h
/Applications/Xcode.app/Contents/Developer/Platforms/MacOSX.platform/Developer/SDKs/MacOSX26.1.sdk/usr/include/sys/tty.h
/Applications/Xcode.app/Contents/Developer/Platforms/MacOSX.platform/Developer/SDKs/MacOSX26.1.sdk/usr/include/sys/ucontext.h
/Applications/Xcode.app/Contents/Developer/Platforms/MacOSX.platform/Developer/SDKs/MacOSX26.1.sdk/usr/include/sys/unpcb.h
/Applications/Xcode.app/Contents/Developer/Platforms/MacOSX.platform/Developer/SDKs/MacOSX26.1.sdk/usr/include/sys/user.h
/Applications/Xcode.app/Contents/Developer/Platforms/MacOSX.platform/Developer/SDKs/MacOSX26.1.sdk/usr/include/sys/utfconv.h
/Applications/Xcode.app/Contents/Developer/Platforms/MacOSX.platform/Developer/SDKs/MacOSX26.1.sdk/usr/include/sys/vcmd.h
/Applications/Xcode.app/Contents/Developer/Platforms/MacOSX.platform/Developer/SDKs/MacOSX26.1.sdk/usr/include/sys/vnode.h
/Applications/Xcode.app/Contents/Developer/Platforms/MacOSX.platform/Developer/SDKs/MacOSX26.1.sdk/usr/include/_modules/_darwin_sys_signal.h
/Applications/Xcode.app/Contents/Developer/Platforms/MacOSX.platform/Developer/SDKs/MacOSX26.1.sdk/usr/include/sysdir.h
/Applications/Xcode.app/Contents/Developer/Platforms/MacOSX.platform/Developer/SDKs/MacOSX26.1.sdk/usr/include/libc.h
/Applications/Xcode.app/Contents/Developer/Platforms/MacOSX.platform/Developer/SDKs/MacOSX26.1.sdk/usr/include/paths.h
/Applications/Xcode.app/Contents/Developer/Platforms/MacOSX.platform/Developer/SDKs/MacOSX26.1.sdk/usr/include/sysexits.h
/Applications/Xcode.app/Contents/Developer/Platforms/MacOSX.platform/Developer/SDKs/MacOSX26.1.sdk/SDKSettings.json
/Applications/Xcode.app/Contents/Developer/Toolchains/XcodeDefault.xctoolchain/usr/lib/swift/macosx/prebuilt-modules/26.1/Darwin.swiftmodule/arm64e-apple-macos.swiftmodule
/Applications/Xcode.app/Contents/Developer/Platforms/MacOSX.platform/Developer/SDKs/MacOSX26.1.sdk/System/Library/Frameworks/DiskArbitration.framework/Modules/module.modulemap
/Applications/Xcode.app/Contents/Developer/Platforms/MacOSX.platform/Developer/SDKs/MacOSX26.1.sdk/System/Library/Frameworks/DiskArbitration.framework/Headers/DiskArbitration.h
/Applications/Xcode.app/Contents/Developer/Platforms/MacOSX.platform/Developer/SDKs/MacOSX26.1.sdk/System/Library/Frameworks/CoreFoundation.framework/Modules/module.modulemap
/Applications/Xcode.app/Contents/Developer/Platforms/MacOSX.platform/Developer/SDKs/MacOSX26.1.sdk/usr/include/Darwin.modulemap
/Applications/Xcode.app/Contents/Developer/Platforms/MacOSX.platform/Developer/SDKs/MacOSX26.1.sdk/usr/include/DarwinFoundation1.modulemap
/Applications/Xcode.app/Contents/Developer/Platforms/MacOSX.platform/Developer/SDKs/MacOSX26.1.sdk/System/Library/Frameworks/DiskArbitration.framework/Headers/DADisk.h
/Applications/Xcode.app/Contents/Developer/Platforms/MacOSX.platform/Developer/SDKs/MacOSX26.1.sdk/System/Library/Frameworks/IOKit.framework/Modules/module.modulemap
/Applications/Xcode.app/Contents/Developer/Platforms/MacOSX.platform/Developer/SDKs/MacOSX26.1.sdk/System/Library/Frameworks/DiskArbitration.framework/Headers/DASession.h
/Applications/Xcode.app/Contents/Developer/Platforms/MacOSX.platform/Developer/SDKs/MacOSX26.1.sdk/System/Library/Frameworks/DiskArbitration.framework/Headers/DADissenter.h
/Applications/Xcode.app/Contents/Developer/Platforms/MacOSX.platform/Developer/SDKs/MacOSX26.1.sdk/SDKSettings.json
/Applications/Xcode.app/Contents/Developer/Platforms/MacOSX.platform/Developer/SDKs/MacOSX26.1.sdk/usr/include/Dispatch.apinotes
/Applications/Xcode.app/Contents/Developer/Platforms/MacOSX.platform/Developer/SDKs/MacOSX26.1.sdk/usr/include/dispatch.modulemap
/Applications/Xcode.app/Contents/Developer/Platforms/MacOSX.platform/Developer/SDKs/MacOSX26.1.sdk/usr/include/os.modulemap
/Applications/Xcode.app/Contents/Developer/Platforms/MacOSX.platform/Developer/SDKs/MacOSX26.1.sdk/usr/include/Darwin.modulemap
/Applications/Xcode.app/Contents/Developer/Platforms/MacOSX.platform/Developer/SDKs/MacOSX26.1.sdk/usr/include/Darwin_C.modulemap
/Applications/Xcode.app/Contents/Developer/Platforms/MacOSX.platform/Developer/SDKs/MacOSX26.1.sdk/usr/include/Darwin_POSIX.modulemap
/Applications/Xcode.app/Contents/Developer/Platforms/MacOSX.platform/Developer/SDKs/MacOSX26.1.sdk/usr/include/net.modulemap
/Applications/Xcode.app/Contents/Developer/Platforms/MacOSX.platform/Developer/SDKs/MacOSX26.1.sdk/usr/include/netinet.modulemap
/Applications/Xcode.app/Contents/Developer/Platforms/MacOSX.platform/Developer/SDKs/MacOSX26.1.sdk/usr/include/bank.modulemap
/Applications/Xcode.app/Contents/Developer/Platforms/MacOSX.platform/Developer/SDKs/MacOSX26.1.sdk/usr/include/Darwin_Mach.modulemap
/Applications/Xcode.app/Contents/Developer/Platforms/MacOSX.platform/Developer/SDKs/MacOSX26.1.sdk/usr/include/Darwin_Mach_machine.modulemap
/Applications/Xcode.app/Contents/Developer/Platforms/MacOSX.platform/Developer/SDKs/MacOSX26.1.sdk/usr/include/mach_debug.modulemap
/Applications/Xcode.app/Contents/Developer/Platforms/MacOSX.platform/Developer/SDKs/MacOSX26.1.sdk/usr/include/device.modulemap
/Applications/Xcode.app/Contents/Developer/Platforms/MacOSX.platform/Developer/SDKs/MacOSX26.1.sdk/usr/include/Darwin_machine.modulemap
/Applications/Xcode.app/Contents/Developer/Platforms/MacOSX.platform/Developer/SDKs/MacOSX26.1.sdk/usr/include/ncurses.modulemap
/Applications/Xcode.app/Contents/Developer/Platforms/MacOSX.platform/Developer/SDKs/MacOSX26.1.sdk/usr/include/netinet6.modulemap
/Applications/Xcode.app/Contents/Developer/Platforms/MacOSX.platform/Developer/SDKs/MacOSX26.1.sdk/usr/include/Darwin_sys.modulemap
/Applications/Xcode.app/Contents/Developer/Platforms/MacOSX.platform/Developer/SDKs/MacOSX26.1.sdk/usr/include/uuid.modulemap
/Applications/Xcode.app/Contents/Developer/Platforms/MacOSX.platform/Developer/SDKs/MacOSX26.1.sdk/usr/include/DarwinFoundation2.modulemap
/Applications/Xcode.app/Contents/Developer/Platforms/MacOSX.platform/Developer/SDKs/MacOSX26.1.sdk/usr/include/DarwinFoundation3.modulemap
/Applications/Xcode.app/Contents/Developer/Platforms/MacOSX.platform/Developer/SDKs/MacOSX26.1.sdk/usr/include/DarwinFoundation1.modulemap
/Applications/Xcode.app/Contents/Developer/Platforms/MacOSX.platform/Developer/SDKs/MacOSX26.1.sdk/usr/include/dispatch/dispatch.h
/Applications/Xcode.app/Contents/Developer/Toolchains/XcodeDefault.xctoolchain/usr/lib/swift/clang/include/module.modulemap
/Applications/Xcode.app/Contents/Developer/Toolchains/XcodeDefault.xctoolchain/usr/lib/swift/clang/include/stddef.h
/Applications/Xcode.app/Contents/Developer/Toolchains/XcodeDefault.xctoolchain/usr/lib/swift/clang/include/stdarg.h
/Applications/Xcode.app/Contents/Developer/Platforms/MacOSX.platform/Developer/SDKs/MacOSX26.1.sdk/usr/include/string.h
/Applications/Xcode.app/Contents/Developer/Platforms/MacOSX.platform/Developer/SDKs/MacOSX26.1.sdk/usr/include/dispatch/base.h
/Applications/Xcode.app/Contents/Developer/Platforms/MacOSX.platform/Developer/SDKs/MacOSX26.1.sdk/usr/include/dispatch/time.h
/Applications/Xcode.app/Contents/Developer/Platforms/MacOSX.platform/Developer/SDKs/MacOSX26.1.sdk/usr/include/dispatch/object.h
/Applications/Xcode.app/Contents/Developer/Platforms/MacOSX.platform/Developer/SDKs/MacOSX26.1.sdk/usr/include/dispatch/queue.h
/Applications/Xcode.app/Contents/Developer/Platforms/MacOSX.platform/Developer/SDKs/MacOSX26.1.sdk/usr/include/dispatch/block.h
/Applications/Xcode.app/Contents/Developer/Platforms/MacOSX.platform/Developer/SDKs/MacOSX26.1.sdk/usr/include/dispatch/source.h
/Applications/Xcode.app/Contents/Developer/Platforms/MacOSX.platform/Developer/SDKs/MacOSX26.1.sdk/usr/include/dispatch/group.h
/Applications/Xcode.app/Contents/Developer/Platforms/MacOSX.platform/Developer/SDKs/MacOSX26.1.sdk/usr/include/dispatch/semaphore.h
/Applications/Xcode.app/Contents/Developer/Platforms/MacOSX.platform/Developer/SDKs/MacOSX26.1.sdk/usr/include/dispatch/once.h
/Applications/Xcode.app/Contents/Developer/Platforms/MacOSX.platform/Developer/SDKs/MacOSX26.1.sdk/usr/include/dispatch/data.h
/Applications/Xcode.app/Contents/Developer/Platforms/MacOSX.platform/Developer/SDKs/MacOSX26.1.sdk/usr/include/dispatch/io.h
/Applications/Xcode.app/Contents/Developer/Platforms/MacOSX.platform/Developer/SDKs/MacOSX26.1.sdk/usr/include/dispatch/workloop.h
/Applications/Xcode.app/Contents/Developer/Platforms/MacOSX.platform/Developer/SDKs/MacOSX26.1.sdk/usr/include/dispatch/dispatch_swift_shims.h
/Applications/Xcode.app/Contents/Developer/Platforms/MacOSX.platform/Developer/SDKs/MacOSX26.1.sdk/SDKSettings.json
/Applications/Xcode.app/Contents/Developer/Toolchains/XcodeDefault.xctoolchain/usr/lib/swift/macosx/prebuilt-modules/26.1/Dispatch.swiftmodule/arm64e-apple-macos.swiftmodule
/Applications/Xcode.app/Contents/Developer/Toolchains/XcodeDefault.xctoolchain/usr/lib/swift/macosx/prebuilt-modules/26.1/Foundation.swiftmodule/arm64e-apple-macos.swiftmodule
/Applications/Xcode.app/Contents/Developer/Platforms/MacOSX.platform/Developer/SDKs/MacOSX26.1.sdk/System/Library/Frameworks/Foundation.framework/Headers/Foundation.apinotes
/Applications/Xcode.app/Contents/Developer/Platforms/MacOSX.platform/Developer/SDKs/MacOSX26.1.sdk/System/Library/Frameworks/Foundation.framework/Modules/module.modulemap
/Applications/Xcode.app/Contents/Developer/Platforms/MacOSX.platform/Developer/SDKs/MacOSX26.1.sdk/System/Library/Frameworks/Foundation.framework/Headers/Foundation.h
/Applications/Xcode.app/Contents/Developer/Platforms/MacOSX.platform/Developer/SDKs/MacOSX26.1.sdk/System/Library/Frameworks/CoreFoundation.framework/Modules/module.modulemap
/Applications/Xcode.app/Contents/Developer/Platforms/MacOSX.platform/Developer/SDKs/MacOSX26.1.sdk/System/Library/Frameworks/Foundation.framework/Headers/NSObjCRuntime.h
/Applications/Xcode.app/Contents/Developer/Platforms/MacOSX.platform/Developer/SDKs/MacOSX26.1.sdk/usr/include/xpc.modulemap
/Applications/Xcode.app/Contents/Developer/Platforms/MacOSX.platform/Developer/SDKs/MacOSX26.1.sdk/usr/include/dispatch.modulemap
/Applications/Xcode.app/Contents/Developer/Platforms/MacOSX.platform/Developer/SDKs/MacOSX26.1.sdk/usr/include/ObjectiveC.modulemap
/Applications/Xcode.app/Contents/Developer/Platforms/MacOSX.platform/Developer/SDKs/MacOSX26.1.sdk/usr/include/Darwin.modulemap
/Applications/Xcode.app/Contents/Developer/Platforms/MacOSX.platform/Developer/SDKs/MacOSX26.1.sdk/usr/include/DarwinFoundation1.modulemap
/Applications/Xcode.app/Contents/Developer/Toolchains/XcodeDefault.xctoolchain/usr/lib/swift/clang/include/module.modulemap
/Applications/Xcode.app/Contents/Developer/Toolchains/XcodeDefault.xctoolchain/usr/lib/swift/clang/include/stdarg.h
/Applications/Xcode.app/Contents/Developer/Platforms/MacOSX.platform/Developer/SDKs/MacOSX26.1.sdk/System/Library/Frameworks/Foundation.framework/Headers/NSArray.h
/Applications/Xcode.app/Contents/Developer/Platforms/MacOSX.platform/Developer/SDKs/MacOSX26.1.sdk/System/Library/Frameworks/Foundation.framework/Headers/NSObject.h
/Applications/Xcode.app/Contents/Developer/Platforms/MacOSX.platform/Developer/SDKs/MacOSX26.1.sdk/System/Library/Frameworks/Foundation.framework/Headers/NSZone.h
/Applications/Xcode.app/Contents/Developer/Toolchains/XcodeDefault.xctoolchain/usr/lib/swift/clang/include/stddef.h
/Applications/Xcode.app/Contents/Developer/Platforms/MacOSX.platform/Developer/SDKs/MacOSX26.1.sdk/System/Library/Frameworks/Foundation.framework/Headers/NSEnumerator.h
/Applications/Xcode.app/Contents/Developer/Platforms/MacOSX.platform/Developer/SDKs/MacOSX26.1.sdk/System/Library/Frameworks/Foundation.framework/Headers/NSRange.h
/Applications/Xcode.app/Contents/Developer/Platforms/MacOSX.platform/Developer/SDKs/MacOSX26.1.sdk/System/Library/Frameworks/Foundation.framework/Headers/NSValue.h
/Applications/Xcode.app/Contents/Developer/Platforms/MacOSX.platform/Developer/SDKs/MacOSX26.1.sdk/System/Library/Frameworks/Foundation.framework/Headers/NSOrderedCollectionDifference.h
/Applications/Xcode.app/Contents/Developer/Platforms/MacOSX.platform/Developer/SDKs/MacOSX26.1.sdk/System/Library/Frameworks/Foundation.framework/Headers/NSOrderedCollectionChange.h
/Applications/Xcode.app/Contents/Developer/Platforms/MacOSX.platform/Developer/SDKs/MacOSX26.1.sdk/System/Library/Frameworks/Foundation.framework/Headers/NSIndexSet.h
/Applications/Xcode.app/Contents/Developer/Platforms/MacOSX.platform/Developer/SDKs/MacOSX26.1.sdk/System/Library/Frameworks/Foundation.framework/Headers/NSAutoreleasePool.h
/Applications/Xcode.app/Contents/Developer/Platforms/MacOSX.platform/Developer/SDKs/MacOSX26.1.sdk/System/Library/Frameworks/Foundation.framework/Headers/NSBundle.h
/Applications/Xcode.app/Contents/Developer/Platforms/MacOSX.platform/Developer/SDKs/MacOSX26.1.sdk/System/Library/Frameworks/Foundation.framework/Headers/NSString.h
/Applications/Xcode.app/Contents/Developer/Platforms/MacOSX.platform/Developer/SDKs/MacOSX26.1.sdk/System/Library/Frameworks/Foundation.framework/Headers/NSItemProvider.h
/Applications/Xcode.app/Contents/Developer/Platforms/MacOSX.platform/Developer/SDKs/MacOSX26.1.sdk/System/Library/Frameworks/Foundation.framework/Headers/NSDictionary.h
/Applications/Xcode.app/Contents/Developer/Platforms/MacOSX.platform/Developer/SDKs/MacOSX26.1.sdk/System/Library/Frameworks/Foundation.framework/Headers/NSSet.h
/Applications/Xcode.app/Contents/Developer/Platforms/MacOSX.platform/Developer/SDKs/MacOSX26.1.sdk/System/Library/Frameworks/Foundation.framework/Headers/NSProgress.h
/Applications/Xcode.app/Contents/Developer/Platforms/MacOSX.platform/Developer/SDKs/MacOSX26.1.sdk/System/Library/Frameworks/Foundation.framework/Headers/NSNotification.h
/Applications/Xcode.app/Contents/Developer/Platforms/MacOSX.platform/Developer/SDKs/MacOSX26.1.sdk/System/Library/Frameworks/Foundation.framework/Headers/NSByteOrder.h
/Applications/Xcode.app/Contents/Developer/Platforms/MacOSX.platform/Developer/SDKs/MacOSX26.1.sdk/System/Library/Frameworks/Foundation.framework/Headers/NSCalendar.h
/Applications/Xcode.app/Contents/Developer/Platforms/MacOSX.platform/Developer/SDKs/MacOSX26.1.sdk/System/Library/Frameworks/Foundation.framework/Headers/NSDate.h
/Applications/Xcode.app/Contents/Developer/Platforms/MacOSX.platform/Developer/SDKs/MacOSX26.1.sdk/System/Library/Frameworks/Foundation.framework/Headers/NSCharacterSet.h
/Applications/Xcode.app/Contents/Developer/Platforms/MacOSX.platform/Developer/SDKs/MacOSX26.1.sdk/System/Library/Frameworks/Foundation.framework/Headers/NSCoder.h
/Applications/Xcode.app/Contents/Developer/Platforms/MacOSX.platform/Developer/SDKs/MacOSX26.1.sdk/System/Library/Frameworks/Foundation.framework/Headers/NSData.h
/Applications/Xcode.app/Contents/Developer/Platforms/MacOSX.platform/Developer/SDKs/MacOSX26.1.sdk/System/Library/Frameworks/Foundation.framework/Headers/NSDateInterval.h
/Applications/Xcode.app/Contents/Developer/Platforms/MacOSX.platform/Developer/SDKs/MacOSX26.1.sdk/System/Library/Frameworks/Foundation.framework/Headers/NSDateFormatter.h
/Applications/Xcode.app/Contents/Developer/Platforms/MacOSX.platform/Developer/SDKs/MacOSX26.1.sdk/System/Library/Frameworks/Foundation.framework/Headers/NSFormatter.h
/Applications/Xcode.app/Contents/Developer/Platforms/MacOSX.platform/Developer/SDKs/MacOSX26.1.sdk/System/Library/Frameworks/Foundation.framework/Headers/NSAttributedString.h
/Applications/Xcode.app/Contents/Developer/Platforms/MacOSX.platform/Developer/SDKs/MacOSX26.1.sdk/System/Library/Frameworks/Foundation.framework/Headers/NSDateIntervalFormatter.h
/Applications/Xcode.app/Contents/Developer/Platforms/MacOSX.platform/Developer/SDKs/MacOSX26.1.sdk/System/Library/Frameworks/Foundation.framework/Headers/NSISO8601DateFormatter.h
/Applications/Xcode.app/Contents/Developer/Platforms/MacOSX.platform/Developer/SDKs/MacOSX26.1.sdk/System/Library/Frameworks/Foundation.framework/Headers/NSMassFormatter.h
/Applications/Xcode.app/Contents/Developer/Platforms/MacOSX.platform/Developer/SDKs/MacOSX26.1.sdk/System/Library/Frameworks/Foundation.framework/Headers/NSLengthFormatter.h
/Applications/Xcode.app/Contents/Developer/Platforms/MacOSX.platform/Developer/SDKs/MacOSX26.1.sdk/System/Library/Frameworks/Foundation.framework/Headers/NSEnergyFormatter.h
/Applications/Xcode.app/Contents/Developer/Platforms/MacOSX.platform/Developer/SDKs/MacOSX26.1.sdk/System/Library/Frameworks/Foundation.framework/Headers/NSMeasurementFormatter.h
/Applications/Xcode.app/Contents/Developer/Platforms/MacOSX.platform/Developer/SDKs/MacOSX26.1.sdk/System/Library/Frameworks/Foundation.framework/Headers/NSNumberFormatter.h
/Applications/Xcode.app/Contents/Developer/Platforms/MacOSX.platform/Developer/SDKs/MacOSX26.1.sdk/System/Library/Frameworks/Foundation.framework/Headers/NSMeasurement.h
/Applications/Xcode.app/Contents/Developer/Platforms/MacOSX.platform/Developer/SDKs/MacOSX26.1.sdk/System/Library/Frameworks/Foundation.framework/Headers/NSUnit.h
/Applications/Xcode.app/Contents/Developer/Platforms/MacOSX.platform/Developer/SDKs/MacOSX26.1.sdk/System/Library/Frameworks/Foundation.framework/Headers/NSLocale.h
/Applications/Xcode.app/Contents/Developer/Platforms/MacOSX.platform/Developer/SDKs/MacOSX26.1.sdk/System/Library/Frameworks/Foundation.framework/Headers/NSPersonNameComponents.h
/Applications/Xcode.app/Contents/Developer/Platforms/MacOSX.platform/Developer/SDKs/MacOSX26.1.sdk/System/Library/Frameworks/Foundation.framework/Headers/NSPersonNameComponentsFormatter.h
/Applications/Xcode.app/Contents/Developer/Platforms/MacOSX.platform/Developer/SDKs/MacOSX26.1.sdk/System/Library/Frameworks/Foundation.framework/Headers/NSRelativeDateTimeFormatter.h
/Applications/Xcode.app/Contents/Developer/Platforms/MacOSX.platform/Developer/SDKs/MacOSX26.1.sdk/System/Library/Frameworks/Foundation.framework/Headers/NSListFormatter.h
/Applications/Xcode.app/Contents/Developer/Platforms/MacOSX.platform/Developer/SDKs/MacOSX26.1.sdk/System/Library/Frameworks/Foundation.framework/Headers/NSDecimal.h
/Applications/Xcode.app/Contents/Developer/Platforms/MacOSX.platform/Developer/SDKs/MacOSX26.1.sdk/System/Library/Frameworks/Foundation.framework/Headers/NSDecimalNumber.h
/Applications/Xcode.app/Contents/Developer/Platforms/MacOSX.platform/Developer/SDKs/MacOSX26.1.sdk/System/Library/Frameworks/Foundation.framework/Headers/NSScanner.h
/Applications/Xcode.app/Contents/Developer/Platforms/MacOSX.platform/Developer/SDKs/MacOSX26.1.sdk/System/Library/Frameworks/Foundation.framework/Headers/NSException.h
/Applications/Xcode.app/Contents/Developer/Platforms/MacOSX.platform/Developer/SDKs/MacOSX26.1.sdk/System/Library/Frameworks/Foundation.framework/Headers/NSError.h
/Applications/Xcode.app/Contents/Developer/Platforms/MacOSX.platform/Developer/SDKs/MacOSX26.1.sdk/System/Library/Frameworks/Foundation.framework/Headers/NSFileHandle.h
/Applications/Xcode.app/Contents/Developer/Platforms/MacOSX.platform/Developer/SDKs/MacOSX26.1.sdk/System/Library/Frameworks/Foundation.framework/Headers/NSRunLoop.h
/Applications/Xcode.app/Contents/Developer/Platforms/MacOSX.platform/Developer/SDKs/MacOSX26.1.sdk/System/Library/Frameworks/Foundation.framework/Headers/NSFileManager.h
/Applications/Xcode.app/Contents/Developer/Platforms/MacOSX.platform/Developer/SDKs/MacOSX26.1.sdk/System/Library/Frameworks/Foundation.framework/Headers/NSPathUtilities.h
/Applications/Xcode.app/Contents/Developer/Platforms/MacOSX.platform/Developer/SDKs/MacOSX26.1.sdk/System/Library/Frameworks/Foundation.framework/Headers/NSURL.h
/Applications/Xcode.app/Contents/Developer/Platforms/MacOSX.platform/Developer/SDKs/MacOSX26.1.sdk/System/Library/Frameworks/Foundation.framework/Headers/NSURLHandle.h
/Applications/Xcode.app/Contents/Developer/Platforms/MacOSX.platform/Developer/SDKs/MacOSX26.1.sdk/System/Library/Frameworks/Foundation.framework/Headers/NSHashTable.h
/Applications/Xcode.app/Contents/Developer/Platforms/MacOSX.platform/Developer/SDKs/MacOSX26.1.sdk/System/Library/Frameworks/Foundation.framework/Headers/NSPointerFunctions.h
/Applications/Xcode.app/Contents/Developer/Platforms/MacOSX.platform/Developer/SDKs/MacOSX26.1.sdk/System/Library/Frameworks/Foundation.framework/Headers/NSHTTPCookie.h
/Applications/Xcode.app/Contents/Developer/Platforms/MacOSX.platform/Developer/SDKs/MacOSX26.1.sdk/System/Library/Frameworks/Foundation.framework/Headers/NSHTTPCookieStorage.h
/Applications/Xcode.app/Contents/Developer/Platforms/MacOSX.platform/Developer/SDKs/MacOSX26.1.sdk/System/Library/Frameworks/Foundation.framework/Headers/NSIndexPath.h
/Applications/Xcode.app/Contents/Developer/Platforms/MacOSX.platform/Developer/SDKs/MacOSX26.1.sdk/System/Library/Frameworks/Foundation.framework/Headers/NSInflectionRule.h
/Applications/Xcode.app/Contents/Developer/Platforms/MacOSX.platform/Developer/SDKs/MacOSX26.1.sdk/System/Library/Frameworks/Foundation.framework/Headers/NSInvocation.h
/Applications/Xcode.app/Contents/Developer/Platforms/MacOSX.platform/Developer/SDKs/MacOSX26.1.sdk/System/Library/Frameworks/Foundation.framework/Headers/NSJSONSerialization.h
/Applications/Xcode.app/Contents/Developer/Platforms/MacOSX.platform/Developer/SDKs/MacOSX26.1.sdk/System/Library/Frameworks/Foundation.framework/Headers/NSKeyValueCoding.h
/Applications/Xcode.app/Contents/Developer/Platforms/MacOSX.platform/Developer/SDKs/MacOSX26.1.sdk/System/Library/Frameworks/Foundation.framework/Headers/NSOrderedSet.h
/Applications/Xcode.app/Contents/Developer/Platforms/MacOSX.platform/Developer/SDKs/MacOSX26.1.sdk/System/Library/Frameworks/Foundation.framework/Headers/NSKeyValueObserving.h
/Applications/Xcode.app/Contents/Developer/Platforms/MacOSX.platform/Developer/SDKs/MacOSX26.1.sdk/System/Library/Frameworks/Foundation.framework/Headers/NSKeyValueSharedObservers.h
/Applications/Xcode.app/Contents/Developer/Platforms/MacOSX.platform/Developer/SDKs/MacOSX26.1.sdk/System/Library/Frameworks/Foundation.framework/Headers/NSKeyedArchiver.h
/Applications/Xcode.app/Contents/Developer/Platforms/MacOSX.platform/Developer/SDKs/MacOSX26.1.sdk/System/Library/Frameworks/Foundation.framework/Headers/NSPropertyList.h
/Applications/Xcode.app/Contents/Developer/Platforms/MacOSX.platform/Developer/SDKs/MacOSX26.1.sdk/System/Library/Frameworks/Foundation.framework/Headers/NSGeometry.h
/Applications/Xcode.app/Contents/Developer/Platforms/MacOSX.platform/Developer/SDKs/MacOSX26.1.sdk/System/Library/Frameworks/Foundation.framework/Headers/NSLock.h
/Applications/Xcode.app/Contents/Developer/Platforms/MacOSX.platform/Developer/SDKs/MacOSX26.1.sdk/System/Library/Frameworks/Foundation.framework/Headers/NSMapTable.h
/Applications/Xcode.app/Contents/Developer/Platforms/MacOSX.platform/Developer/SDKs/MacOSX26.1.sdk/System/Library/Frameworks/Foundation.framework/Headers/NSMethodSignature.h
/Applications/Xcode.app/Contents/Developer/Platforms/MacOSX.platform/Developer/SDKs/MacOSX26.1.sdk/System/Library/Frameworks/Foundation.framework/Headers/NSMorphology.h
/Applications/Xcode.app/Contents/Developer/Platforms/MacOSX.platform/Developer/SDKs/MacOSX26.1.sdk/System/Library/Frameworks/Foundation.framework/Headers/NSTermOfAddress.h
/Applications/Xcode.app/Contents/Developer/Platforms/MacOSX.platform/Developer/SDKs/MacOSX26.1.sdk/System/Library/Frameworks/Foundation.framework/Headers/NSNotificationQueue.h
/Applications/Xcode.app/Contents/Developer/Platforms/MacOSX.platform/Developer/SDKs/MacOSX26.1.sdk/System/Library/Frameworks/Foundation.framework/Headers/NSNull.h
/Applications/Xcode.app/Contents/Developer/Platforms/MacOSX.platform/Developer/SDKs/MacOSX26.1.sdk/System/Library/Frameworks/Foundation.framework/Headers/NSLocalizedNumberFormatRule.h
/Applications/Xcode.app/Contents/Developer/Platforms/MacOSX.platform/Developer/SDKs/MacOSX26.1.sdk/System/Library/Frameworks/Foundation.framework/Headers/NSOperation.h
/Applications/Xcode.app/Contents/Developer/Platforms/MacOSX.platform/Developer/SDKs/MacOSX26.1.sdk/System/Library/Frameworks/Foundation.framework/Headers/NSOrthography.h
/Applications/Xcode.app/Contents/Developer/Platforms/MacOSX.platform/Developer/SDKs/MacOSX26.1.sdk/System/Library/Frameworks/Foundation.framework/Headers/NSPointerArray.h
/Applications/Xcode.app/Contents/Developer/Platforms/MacOSX.platform/Developer/SDKs/MacOSX26.1.sdk/System/Library/Frameworks/Foundation.framework/Headers/NSPort.h
/Applications/Xcode.app/Contents/Developer/Platforms/MacOSX.platform/Developer/SDKs/MacOSX26.1.sdk/System/Library/Frameworks/Foundation.framework/Headers/NSProcessInfo.h
/Applications/Xcode.app/Contents/Developer/Platforms/MacOSX.platform/Developer/SDKs/MacOSX26.1.sdk/System/Library/Frameworks/Foundation.framework/Headers/NSProxy.h
/Applications/Xcode.app/Contents/Developer/Platforms/MacOSX.platform/Developer/SDKs/MacOSX26.1.sdk/System/Library/Frameworks/Foundation.framework/Headers/NSRegularExpression.h
/Applications/Xcode.app/Contents/Developer/Platforms/MacOSX.platform/Developer/SDKs/MacOSX26.1.sdk/System/Library/Frameworks/Foundation.framework/Headers/NSTextCheckingResult.h
/Applications/Xcode.app/Contents/Developer/Platforms/MacOSX.platform/Developer/SDKs/MacOSX26.1.sdk/System/Library/Frameworks/Foundation.framework/Headers/NSSortDescriptor.h
/Applications/Xcode.app/Contents/Developer/Platforms/MacOSX.platform/Developer/SDKs/MacOSX26.1.sdk/System/Library/Frameworks/Foundation.framework/Headers/NSStream.h
/Applications/Xcode.app/Contents/Developer/Platforms/MacOSX.platform/Developer/SDKs/MacOSX26.1.sdk/System/Library/Frameworks/Foundation.framework/Headers/NSThread.h
/Applications/Xcode.app/Contents/Developer/Platforms/MacOSX.platform/Developer/SDKs/MacOSX26.1.sdk/System/Library/Frameworks/Foundation.framework/Headers/NSTimeZone.h
/Applications/Xcode.app/Contents/Developer/Platforms/MacOSX.platform/Developer/SDKs/MacOSX26.1.sdk/System/Library/Frameworks/Foundation.framework/Headers/NSTimer.h
/Applications/Xcode.app/Contents/Developer/Platforms/MacOSX.platform/Developer/SDKs/MacOSX26.1.sdk/System/Library/Frameworks/Foundation.framework/Headers/NSURLAuthenticationChallenge.h
/Applications/Xcode.app/Contents/Developer/Platforms/MacOSX.platform/Developer/SDKs/MacOSX26.1.sdk/System/Library/Frameworks/Foundation.framework/Headers/NSURLCache.h
/Applications/Xcode.app/Contents/Developer/Platforms/MacOSX.platform/Developer/SDKs/MacOSX26.1.sdk/System/Library/Frameworks/Foundation.framework/Headers/NSURLConnection.h
/Applications/Xcode.app/Contents/Developer/Platforms/MacOSX.platform/Developer/SDKs/MacOSX26.1.sdk/System/Library/Frameworks/Foundation.framework/Headers/NSURLCredential.h
/Applications/Xcode.app/Contents/Developer/Platforms/MacOSX.platform/Developer/SDKs/MacOSX26.1.sdk/System/Library/Frameworks/Security.framework/Modules/module.modulemap
/Applications/Xcode.app/Contents/Developer/Platforms/MacOSX.platform/Developer/SDKs/MacOSX26.1.sdk/System/Library/Frameworks/Foundation.framework/Headers/NSURLCredentialStorage.h
/Applications/Xcode.app/Contents/Developer/Platforms/MacOSX.platform/Developer/SDKs/MacOSX26.1.sdk/System/Library/Frameworks/Foundation.framework/Headers/NSURLProtectionSpace.h
/Applications/Xcode.app/Contents/Developer/Platforms/MacOSX.platform/Developer/SDKs/MacOSX26.1.sdk/System/Library/Frameworks/Foundation.framework/Headers/NSURLError.h
/Applications/Xcode.app/Contents/Developer/Platforms/MacOSX.platform/Developer/SDKs/MacOSX26.1.sdk/System/Library/Frameworks/CoreServices.framework/Modules/module.modulemap
/Applications/Xcode.app/Contents/Developer/Platforms/MacOSX.platform/Developer/SDKs/MacOSX26.1.sdk/System/Library/Frameworks/Foundation.framework/Headers/NSURLProtocol.h
/Applications/Xcode.app/Contents/Developer/Platforms/MacOSX.platform/Developer/SDKs/MacOSX26.1.sdk/System/Library/Frameworks/Foundation.framework/Headers/NSURLRequest.h
/Applications/Xcode.app/Contents/Developer/Platforms/MacOSX.platform/Developer/SDKs/MacOSX26.1.sdk/System/Library/Frameworks/Foundation.framework/Headers/NSURLResponse.h
/Applications/Xcode.app/Contents/Developer/Platforms/MacOSX.platform/Developer/SDKs/MacOSX26.1.sdk/System/Library/Frameworks/Foundation.framework/Headers/NSUserDefaults.h
/Applications/Xcode.app/Contents/Developer/Platforms/MacOSX.platform/Developer/SDKs/MacOSX26.1.sdk/System/Library/Frameworks/Foundation.framework/Headers/NSValueTransformer.h
/Applications/Xcode.app/Contents/Developer/Platforms/MacOSX.platform/Developer/SDKs/MacOSX26.1.sdk/System/Library/Frameworks/Foundation.framework/Headers/NSXMLParser.h
/Applications/Xcode.app/Contents/Developer/Platforms/MacOSX.platform/Developer/SDKs/MacOSX26.1.sdk/System/Library/Frameworks/Foundation.framework/Headers/NSXPCConnection.h
/Applications/Xcode.app/Contents/Developer/Platforms/MacOSX.platform/Developer/SDKs/MacOSX26.1.sdk/System/Library/Frameworks/Foundation.framework/Headers/FoundationErrors.h
/Applications/Xcode.app/Contents/Developer/Platforms/MacOSX.platform/Developer/SDKs/MacOSX26.1.sdk/System/Library/Frameworks/Foundation.framework/Headers/NSByteCountFormatter.h
/Applications/Xcode.app/Contents/Developer/Platforms/MacOSX.platform/Developer/SDKs/MacOSX26.1.sdk/System/Library/Frameworks/Foundation.framework/Headers/NSCache.h
/Applications/Xcode.app/Contents/Developer/Platforms/MacOSX.platform/Developer/SDKs/MacOSX26.1.sdk/System/Library/Frameworks/Foundation.framework/Headers/NSComparisonPredicate.h
/Applications/Xcode.app/Contents/Developer/Platforms/MacOSX.platform/Developer/SDKs/MacOSX26.1.sdk/System/Library/Frameworks/Foundation.framework/Headers/NSPredicate.h
/Applications/Xcode.app/Contents/Developer/Platforms/MacOSX.platform/Developer/SDKs/MacOSX26.1.sdk/System/Library/Frameworks/Foundation.framework/Headers/NSCompoundPredicate.h
/Applications/Xcode.app/Contents/Developer/Platforms/MacOSX.platform/Developer/SDKs/MacOSX26.1.sdk/System/Library/Frameworks/Foundation.framework/Headers/NSDateComponentsFormatter.h
/Applications/Xcode.app/Contents/Developer/Platforms/MacOSX.platform/Developer/SDKs/MacOSX26.1.sdk/System/Library/Frameworks/Foundation.framework/Headers/NSExpression.h
/Applications/Xcode.app/Contents/Developer/Platforms/MacOSX.platform/Developer/SDKs/MacOSX26.1.sdk/System/Library/Frameworks/Foundation.framework/Headers/NSExtensionContext.h
/Applications/Xcode.app/Contents/Developer/Platforms/MacOSX.platform/Developer/SDKs/MacOSX26.1.sdk/System/Library/Frameworks/Foundation.framework/Headers/NSExtensionItem.h
/Applications/Xcode.app/Contents/Developer/Platforms/MacOSX.platform/Developer/SDKs/MacOSX26.1.sdk/System/Library/Frameworks/Foundation.framework/Headers/NSExtensionRequestHandling.h
/Applications/Xcode.app/Contents/Developer/Platforms/MacOSX.platform/Developer/SDKs/MacOSX26.1.sdk/System/Library/Frameworks/Foundation.framework/Headers/NSFileCoordinator.h
/Applications/Xcode.app/Contents/Developer/Platforms/MacOSX.platform/Developer/SDKs/MacOSX26.1.sdk/System/Library/Frameworks/Foundation.framework/Headers/NSFilePresenter.h
/Applications/Xcode.app/Contents/Developer/Platforms/MacOSX.platform/Developer/SDKs/MacOSX26.1.sdk/System/Library/Frameworks/Foundation.framework/Headers/NSFileVersion.h
/Applications/Xcode.app/Contents/Developer/Platforms/MacOSX.platform/Developer/SDKs/MacOSX26.1.sdk/System/Library/Frameworks/Foundation.framework/Headers/NSFileWrapper.h
/Applications/Xcode.app/Contents/Developer/Platforms/MacOSX.platform/Developer/SDKs/MacOSX26.1.sdk/System/Library/Frameworks/Foundation.framework/Headers/NSLinguisticTagger.h
/Applications/Xcode.app/Contents/Developer/Platforms/MacOSX.platform/Developer/SDKs/MacOSX26.1.sdk/System/Library/Frameworks/Foundation.framework/Headers/NSMetadata.h
/Applications/Xcode.app/Contents/Developer/Platforms/MacOSX.platform/Developer/SDKs/MacOSX26.1.sdk/System/Library/Frameworks/Foundation.framework/Headers/NSMetadataAttributes.h
/Applications/Xcode.app/Contents/Developer/Platforms/MacOSX.platform/Developer/SDKs/MacOSX26.1.sdk/System/Library/Frameworks/Foundation.framework/Headers/NSNetServices.h
/Applications/Xcode.app/Contents/Developer/Platforms/MacOSX.platform/Developer/SDKs/MacOSX26.1.sdk/System/Library/Frameworks/Foundation.framework/Headers/NSUbiquitousKeyValueStore.h
/Applications/Xcode.app/Contents/Developer/Platforms/MacOSX.platform/Developer/SDKs/MacOSX26.1.sdk/System/Library/Frameworks/Foundation.framework/Headers/NSUndoManager.h
/Applications/Xcode.app/Contents/Developer/Platforms/MacOSX.platform/Developer/SDKs/MacOSX26.1.sdk/System/Library/Frameworks/Foundation.framework/Headers/NSURLSession.h
/Applications/Xcode.app/Contents/Developer/Platforms/MacOSX.platform/Developer/SDKs/MacOSX26.1.sdk/System/Library/Frameworks/Foundation.framework/Headers/NSUserActivity.h
/Applications/Xcode.app/Contents/Developer/Platforms/MacOSX.platform/Developer/SDKs/MacOSX26.1.sdk/System/Library/Frameworks/Foundation.framework/Headers/NSUUID.h
/Applications/Xcode.app/Contents/Developer/Platforms/MacOSX.platform/Developer/SDKs/MacOSX26.1.sdk/System/Library/Frameworks/Foundation.framework/Headers/NSAffineTransform.h
/Applications/Xcode.app/Contents/Developer/Platforms/MacOSX.platform/Developer/SDKs/MacOSX26.1.sdk/System/Library/Frameworks/Foundation.framework/Headers/NSAppleScript.h
/Applications/Xcode.app/Contents/Developer/Platforms/MacOSX.platform/Developer/SDKs/MacOSX26.1.sdk/System/Library/Frameworks/Foundation.framework/Headers/NSArchiver.h
/Applications/Xcode.app/Contents/Developer/Platforms/MacOSX.platform/Developer/SDKs/MacOSX26.1.sdk/System/Library/Frameworks/Foundation.framework/Headers/NSBackgroundActivityScheduler.h
/Applications/Xcode.app/Contents/Developer/Platforms/MacOSX.platform/Developer/SDKs/MacOSX26.1.sdk/System/Library/Frameworks/Foundation.framework/Headers/NSCalendarDate.h
/Applications/Xcode.app/Contents/Developer/Platforms/MacOSX.platform/Developer/SDKs/MacOSX26.1.sdk/System/Library/Frameworks/Foundation.framework/Headers/NSConnection.h
/Applications/Xcode.app/Contents/Developer/Platforms/MacOSX.platform/Developer/SDKs/MacOSX26.1.sdk/System/Library/Frameworks/Foundation.framework/Headers/NSDistantObject.h
/Applications/Xcode.app/Contents/Developer/Platforms/MacOSX.platform/Developer/SDKs/MacOSX26.1.sdk/System/Library/Frameworks/Foundation.framework/Headers/NSDistributedNotificationCenter.h
/Applications/Xcode.app/Contents/Developer/Platforms/MacOSX.platform/Developer/SDKs/MacOSX26.1.sdk/System/Library/Frameworks/Foundation.framework/Headers/NSPortCoder.h
/Applications/Xcode.app/Contents/Developer/Platforms/MacOSX.platform/Developer/SDKs/MacOSX26.1.sdk/System/Library/Frameworks/Foundation.framework/Headers/NSPortMessage.h
/Applications/Xcode.app/Contents/Developer/Platforms/MacOSX.platform/Developer/SDKs/MacOSX26.1.sdk/System/Library/Frameworks/Foundation.framework/Headers/NSPortNameServer.h
/Applications/Xcode.app/Contents/Developer/Platforms/MacOSX.platform/Developer/SDKs/MacOSX26.1.sdk/System/Library/Frameworks/Foundation.framework/Headers/NSProtocolChecker.h
/Applications/Xcode.app/Contents/Developer/Platforms/MacOSX.platform/Developer/SDKs/MacOSX26.1.sdk/System/Library/Frameworks/Foundation.framework/Headers/NSTask.h
/Applications/Xcode.app/Contents/Developer/Platforms/MacOSX.platform/Developer/SDKs/MacOSX26.1.sdk/System/Library/Frameworks/Foundation.framework/Headers/NSXMLDTD.h
/Applications/Xcode.app/Contents/Developer/Platforms/MacOSX.platform/Developer/SDKs/MacOSX26.1.sdk/System/Library/Frameworks/Foundation.framework/Headers/NSXMLNode.h
/Applications/Xcode.app/Contents/Developer/Platforms/MacOSX.platform/Developer/SDKs/MacOSX26.1.sdk/System/Library/Frameworks/Foundation.framework/Headers/NSXMLNodeOptions.h
/Applications/Xcode.app/Contents/Developer/Platforms/MacOSX.platform/Developer/SDKs/MacOSX26.1.sdk/System/Library/Frameworks/Foundation.framework/Headers/NSXMLDTDNode.h
/Applications/Xcode.app/Contents/Developer/Platforms/MacOSX.platform/Developer/SDKs/MacOSX26.1.sdk/System/Library/Frameworks/Foundation.framework/Headers/NSXMLDocument.h
/Applications/Xcode.app/Contents/Developer/Platforms/MacOSX.platform/Developer/SDKs/MacOSX26.1.sdk/System/Library/Frameworks/Foundation.framework/Headers/NSXMLElement.h
/Applications/Xcode.app/Contents/Developer/Platforms/MacOSX.platform/Developer/SDKs/MacOSX26.1.sdk/System/Library/Frameworks/Foundation.framework/Headers/NSURLDownload.h
/Applications/Xcode.app/Contents/Developer/Platforms/MacOSX.platform/Developer/SDKs/MacOSX26.1.sdk/System/Library/Frameworks/Foundation.framework/Headers/NSAppleEventDescriptor.h
/Applications/Xcode.app/Contents/Developer/Platforms/MacOSX.platform/Developer/SDKs/MacOSX26.1.sdk/System/Library/Frameworks/Foundation.framework/Headers/NSAppleEventManager.h
/Applications/Xcode.app/Contents/Developer/Platforms/MacOSX.platform/Developer/SDKs/MacOSX26.1.sdk/System/Library/Frameworks/Foundation.framework/Headers/NSClassDescription.h
/Applications/Xcode.app/Contents/Developer/Platforms/MacOSX.platform/Developer/SDKs/MacOSX26.1.sdk/System/Library/Frameworks/Foundation.framework/Headers/NSDistributedLock.h
/Applications/Xcode.app/Contents/Developer/Platforms/MacOSX.platform/Developer/SDKs/MacOSX26.1.sdk/System/Library/Frameworks/Foundation.framework/Headers/NSGarbageCollector.h
/Applications/Xcode.app/Contents/Developer/Platforms/MacOSX.platform/Developer/SDKs/MacOSX26.1.sdk/System/Library/Frameworks/Foundation.framework/Headers/NSHFSFileTypes.h
/Applications/Xcode.app/Contents/Developer/Platforms/MacOSX.platform/Developer/SDKs/MacOSX26.1.sdk/System/Library/Frameworks/Foundation.framework/Headers/NSHost.h
/Applications/Xcode.app/Contents/Developer/Platforms/MacOSX.platform/Developer/SDKs/MacOSX26.1.sdk/System/Library/Frameworks/Foundation.framework/Headers/NSObjectScripting.h
/Applications/Xcode.app/Contents/Developer/Platforms/MacOSX.platform/Developer/SDKs/MacOSX26.1.sdk/System/Library/Frameworks/Foundation.framework/Headers/NSScriptClassDescription.h
/Applications/Xcode.app/Contents/Developer/Platforms/MacOSX.platform/Developer/SDKs/MacOSX26.1.sdk/System/Library/Frameworks/Foundation.framework/Headers/NSScriptCoercionHandler.h
/Applications/Xcode.app/Contents/Developer/Platforms/MacOSX.platform/Developer/SDKs/MacOSX26.1.sdk/System/Library/Frameworks/Foundation.framework/Headers/NSScriptCommand.h
/Applications/Xcode.app/Contents/Developer/Platforms/MacOSX.platform/Developer/SDKs/MacOSX26.1.sdk/System/Library/Frameworks/Foundation.framework/Headers/NSScriptCommandDescription.h
/Applications/Xcode.app/Contents/Developer/Platforms/MacOSX.platform/Developer/SDKs/MacOSX26.1.sdk/System/Library/Frameworks/Foundation.framework/Headers/NSScriptExecutionContext.h
/Applications/Xcode.app/Contents/Developer/Platforms/MacOSX.platform/Developer/SDKs/MacOSX26.1.sdk/System/Library/Frameworks/Foundation.framework/Headers/NSScriptKeyValueCoding.h
/Applications/Xcode.app/Contents/Developer/Platforms/MacOSX.platform/Developer/SDKs/MacOSX26.1.sdk/System/Library/Frameworks/Foundation.framework/Headers/NSScriptObjectSpecifiers.h
/Applications/Xcode.app/Contents/Developer/Platforms/MacOSX.platform/Developer/SDKs/MacOSX26.1.sdk/System/Library/Frameworks/Foundation.framework/Headers/NSScriptStandardSuiteCommands.h
/Applications/Xcode.app/Contents/Developer/Platforms/MacOSX.platform/Developer/SDKs/MacOSX26.1.sdk/System/Library/Frameworks/Foundation.framework/Headers/NSScriptSuiteRegistry.h
/Applications/Xcode.app/Contents/Developer/Platforms/MacOSX.platform/Developer/SDKs/MacOSX26.1.sdk/System/Library/Frameworks/Foundation.framework/Headers/NSScriptWhoseTests.h
/Applications/Xcode.app/Contents/Developer/Platforms/MacOSX.platform/Developer/SDKs/MacOSX26.1.sdk/System/Library/Frameworks/Foundation.framework/Headers/NSSpellServer.h
/Applications/Xcode.app/Contents/Developer/Platforms/MacOSX.platform/Developer/SDKs/MacOSX26.1.sdk/System/Library/Frameworks/Foundation.framework/Headers/NSUserNotification.h
/Applications/Xcode.app/Contents/Developer/Platforms/MacOSX.platform/Developer/SDKs/MacOSX26.1.sdk/System/Library/Frameworks/Foundation.framework/Headers/NSUserScriptTask.h
/Applications/Xcode.app/Contents/Developer/Platforms/MacOSX.platform/Developer/SDKs/MacOSX26.1.sdk/System/Library/Frameworks/Foundation.framework/Headers/FoundationLegacySwiftCompatibility.h
/Applications/Xcode.app/Contents/Developer/Platforms/MacOSX.platform/Developer/SDKs/MacOSX26.1.sdk/System/Library/Frameworks/Foundation.framework/Headers/NSDebug.h
/Applications/Xcode.app/Contents/Developer/Platforms/MacOSX.platform/Developer/SDKs/MacOSX26.1.sdk/SDKSettings.json
/Applications/Xcode.app/Contents/Developer/Platforms/MacOSX.platform/Developer/SDKs/MacOSX26.1.sdk/System/Library/Frameworks/IOKit.framework/Modules/module.modulemap
/Applications/Xcode.app/Contents/Developer/Platforms/MacOSX.platform/Developer/SDKs/MacOSX26.1.sdk/System/Library/Frameworks/IOKit.framework/Headers/IOReturn.h
/Applications/Xcode.app/Contents/Developer/Platforms/MacOSX.platform/Developer/SDKs/MacOSX26.1.sdk/usr/include/dispatch.modulemap
/Applications/Xcode.app/Contents/Developer/Platforms/MacOSX.platform/Developer/SDKs/MacOSX26.1.sdk/usr/include/libkern.modulemap
/Applications/Xcode.app/Contents/Developer/Platforms/MacOSX.platform/Developer/SDKs/MacOSX26.1.sdk/usr/include/Darwin.modulemap
/Applications/Xcode.app/Contents/Developer/Platforms/MacOSX.platform/Developer/SDKs/MacOSX26.1.sdk/usr/include/Darwin_C.modulemap
/Applications/Xcode.app/Contents/Developer/Platforms/MacOSX.platform/Developer/SDKs/MacOSX26.1.sdk/usr/include/Darwin_POSIX.modulemap
/Applications/Xcode.app/Contents/Developer/Platforms/MacOSX.platform/Developer/SDKs/MacOSX26.1.sdk/usr/include/net.modulemap
/Applications/Xcode.app/Contents/Developer/Platforms/MacOSX.platform/Developer/SDKs/MacOSX26.1.sdk/usr/include/netinet.modulemap
/Applications/Xcode.app/Contents/Developer/Platforms/MacOSX.platform/Developer/SDKs/MacOSX26.1.sdk/usr/include/bank.modulemap
/Applications/Xcode.app/Contents/Developer/Platforms/MacOSX.platform/Developer/SDKs/MacOSX26.1.sdk/usr/include/Darwin_Mach.modulemap
/Applications/Xcode.app/Contents/Developer/Platforms/MacOSX.platform/Developer/SDKs/MacOSX26.1.sdk/usr/include/Darwin_Mach_machine.modulemap
/Applications/Xcode.app/Contents/Developer/Platforms/MacOSX.platform/Developer/SDKs/MacOSX26.1.sdk/usr/include/mach_debug.modulemap
/Applications/Xcode.app/Contents/Developer/Platforms/MacOSX.platform/Developer/SDKs/MacOSX26.1.sdk/usr/include/device.modulemap
/Applications/Xcode.app/Contents/Developer/Platforms/MacOSX.platform/Developer/SDKs/MacOSX26.1.sdk/usr/include/Darwin_machine.modulemap
/Applications/Xcode.app/Contents/Developer/Platforms/MacOSX.platform/Developer/SDKs/MacOSX26.1.sdk/usr/include/ncurses.modulemap
/Applications/Xcode.app/Contents/Developer/Platforms/MacOSX.platform/Developer/SDKs/MacOSX26.1.sdk/usr/include/netinet6.modulemap
/Applications/Xcode.app/Contents/Developer/Platforms/MacOSX.platform/Developer/SDKs/MacOSX26.1.sdk/usr/include/Darwin_sys.modulemap
/Applications/Xcode.app/Contents/Developer/Platforms/MacOSX.platform/Developer/SDKs/MacOSX26.1.sdk/usr/include/uuid.modulemap
/Applications/Xcode.app/Contents/Developer/Platforms/MacOSX.platform/Developer/SDKs/MacOSX26.1.sdk/usr/include/DarwinFoundation2.modulemap
/Applications/Xcode.app/Contents/Developer/Platforms/MacOSX.platform/Developer/SDKs/MacOSX26.1.sdk/usr/include/DarwinFoundation1.modulemap
/Applications/Xcode.app/Contents/Developer/Platforms/MacOSX.platform/Developer/SDKs/MacOSX26.1.sdk/System/Library/Frameworks/IOKit.framework/Headers/IOMapTypes.h
/Applications/Xcode.app/Contents/Developer/Platforms/MacOSX.platform/Developer/SDKs/MacOSX26.1.sdk/System/Library/Frameworks/IOKit.framework/Headers/IOTypes.h
/Applications/Xcode.app/Contents/Developer/Toolchains/XcodeDefault.xctoolchain/usr/lib/swift/clang/include/module.modulemap
/Applications/Xcode.app/Contents/Developer/Platforms/MacOSX.platform/Developer/SDKs/MacOSX26.1.sdk/System/Library/Frameworks/IOKit.framework/Headers/IOKitKeys.h
/Applications/Xcode.app/Contents/Developer/Platforms/MacOSX.platform/Developer/SDKs/MacOSX26.1.sdk/System/Library/Frameworks/IOKit.framework/Headers/OSMessageNotification.h
/Applications/Xcode.app/Contents/Developer/Platforms/MacOSX.platform/Developer/SDKs/MacOSX26.1.sdk/System/Library/Frameworks/IOKit.framework/Headers/IOKitLib.h
/Applications/Xcode.app/Contents/Developer/Platforms/MacOSX.platform/Developer/SDKs/MacOSX26.1.sdk/System/Library/Frameworks/CoreFoundation.framework/Modules/module.modulemap
/Applications/Xcode.app/Contents/Developer/Platforms/MacOSX.platform/Developer/SDKs/MacOSX26.1.sdk/System/Library/Frameworks/IOKit.framework/Headers/IOBSD.h
/Applications/Xcode.app/Contents/Developer/Platforms/MacOSX.platform/Developer/SDKs/MacOSX26.1.sdk/System/Library/Frameworks/IOKit.framework/Headers/IODataQueueClient.h
/Applications/Xcode.app/Contents/Developer/Platforms/MacOSX.platform/Developer/SDKs/MacOSX26.1.sdk/System/Library/Frameworks/IOKit.framework/Headers/IODataQueueShared.h
/Applications/Xcode.app/Contents/Developer/Platforms/MacOSX.platform/Developer/SDKs/MacOSX26.1.sdk/System/Library/Frameworks/IOKit.framework/Headers/IOCFBundle.h
/Applications/Xcode.app/Contents/Developer/Platforms/MacOSX.platform/Developer/SDKs/MacOSX26.1.sdk/System/Library/Frameworks/IOKit.framework/Headers/IOSharedLock.h
/Applications/Xcode.app/Contents/Developer/Platforms/MacOSX.platform/Developer/SDKs/MacOSX26.1.sdk/System/Library/Frameworks/IOKit.framework/Headers/IOCFPlugIn.h
/Applications/Xcode.app/Contents/Developer/Platforms/MacOSX.platform/Developer/SDKs/MacOSX26.1.sdk/System/Library/Frameworks/IOKit.framework/Headers/IOCFSerialize.h
/Applications/Xcode.app/Contents/Developer/Platforms/MacOSX.platform/Developer/SDKs/MacOSX26.1.sdk/System/Library/Frameworks/IOKit.framework/Headers/IOCFURLAccess.h
/Applications/Xcode.app/Contents/Developer/Platforms/MacOSX.platform/Developer/SDKs/MacOSX26.1.sdk/System/Library/Frameworks/IOKit.framework/Headers/IOKitServer.h
/Applications/Xcode.app/Contents/Developer/Platforms/MacOSX.platform/Developer/SDKs/MacOSX26.1.sdk/System/Library/Frameworks/IOKit.framework/Headers/IOCFUnserialize.h
/Applications/Xcode.app/Contents/Developer/Platforms/MacOSX.platform/Developer/SDKs/MacOSX26.1.sdk/System/Library/Frameworks/IOKit.framework/Headers/IOMessage.h
/Applications/Xcode.app/Contents/Developer/Platforms/MacOSX.platform/Developer/SDKs/MacOSX26.1.sdk/System/Library/Frameworks/IOKit.framework/Headers/IORPC.h
/Applications/Xcode.app/Contents/Developer/Platforms/MacOSX.platform/Developer/SDKs/MacOSX26.1.sdk/System/Library/Frameworks/IOKit.framework/Headers/IOUserServer.h
/Applications/Xcode.app/Contents/Developer/Platforms/MacOSX.platform/Developer/SDKs/MacOSX26.1.sdk/System/Library/Frameworks/IOKit.framework/Headers/audio/IOAudioDefines.h
/Applications/Xcode.app/Contents/Developer/Platforms/MacOSX.platform/Developer/SDKs/MacOSX26.1.sdk/System/Library/Frameworks/IOKit.framework/Headers/audio/IOAudioLib.h
/Applications/Xcode.app/Contents/Developer/Platforms/MacOSX.platform/Developer/SDKs/MacOSX26.1.sdk/System/Library/Frameworks/IOKit.framework/Headers/audio/IOAudioTypes.h
/Applications/Xcode.app/Contents/Developer/Platforms/MacOSX.platform/Developer/SDKs/MacOSX26.1.sdk/System/Library/Frameworks/IOKit.framework/Headers/avc/IOFireWireAVCConsts.h
/Applications/Xcode.app/Contents/Developer/Platforms/MacOSX.platform/Developer/SDKs/MacOSX26.1.sdk/System/Library/Frameworks/IOKit.framework/Headers/avc/IOFireWireAVCLib.h
/Applications/Xcode.app/Contents/Developer/Platforms/MacOSX.platform/Developer/SDKs/MacOSX26.1.sdk/System/Library/Frameworks/IOKit.framework/Headers/firewire/IOFireWireFamilyCommon.h
/Applications/Xcode.app/Contents/Developer/Platforms/MacOSX.platform/Developer/SDKs/MacOSX26.1.sdk/System/Library/Frameworks/IOKit.framework/Headers/firewire/IOFireWireLib.h
/Applications/Xcode.app/Contents/Developer/Platforms/MacOSX.platform/Developer/SDKs/MacOSX26.1.sdk/System/Library/Frameworks/IOKit.framework/Headers/firewire/IOFireWireLibIsoch.h
/Applications/Xcode.app/Contents/Developer/Platforms/MacOSX.platform/Developer/SDKs/MacOSX26.1.sdk/System/Library/Frameworks/IOKit.framework/Headers/graphics/IOAccelClientConnect.h
/Applications/Xcode.app/Contents/Developer/Platforms/MacOSX.platform/Developer/SDKs/MacOSX26.1.sdk/System/Library/Frameworks/IOKit.framework/Headers/graphics/IOGraphicsInterface.h
/Applications/Xcode.app/Contents/Developer/Platforms/MacOSX.platform/Developer/SDKs/MacOSX26.1.sdk/System/Library/Frameworks/IOKit.framework/Headers/graphics/IOGraphicsInterfaceTypes.h
/Applications/Xcode.app/Contents/Developer/Platforms/MacOSX.platform/Developer/SDKs/MacOSX26.1.sdk/System/Library/Frameworks/IOKit.framework/Headers/graphics/IOAccelSurfaceConnect.h
/Applications/Xcode.app/Contents/Developer/Platforms/MacOSX.platform/Developer/SDKs/MacOSX26.1.sdk/System/Library/Frameworks/IOKit.framework/Headers/graphics/IOAccelTypes.h
/Applications/Xcode.app/Contents/Developer/Platforms/MacOSX.platform/Developer/SDKs/MacOSX26.1.sdk/System/Library/Frameworks/IOKit.framework/Headers/graphics/IOGraphicsLib.h
/Applications/Xcode.app/Contents/Developer/Platforms/MacOSX.platform/Developer/SDKs/MacOSX26.1.sdk/System/Library/Frameworks/IOKit.framework/Headers/graphics/IOFramebufferShared.h
/Applications/Xcode.app/Contents/Developer/Platforms/MacOSX.platform/Developer/SDKs/MacOSX26.1.sdk/System/Library/Frameworks/IOKit.framework/Headers/hidsystem/IOHIDTypes.h
/Applications/Xcode.app/Contents/Developer/Platforms/MacOSX.platform/Developer/SDKs/MacOSX26.1.sdk/System/Library/Frameworks/IOKit.framework/Headers/graphics/IOGraphicsTypes.h
/Applications/Xcode.app/Contents/Developer/Platforms/MacOSX.platform/Developer/SDKs/MacOSX26.1.sdk/System/Library/Frameworks/IOKit.framework/Headers/graphics/IOGraphicsEngine.h
/Applications/Xcode.app/Contents/Developer/Platforms/MacOSX.platform/Developer/SDKs/MacOSX26.1.sdk/System/Library/Frameworks/IOKit.framework/Headers/hid/IOHIDBase.h
/Applications/Xcode.app/Contents/Developer/Platforms/MacOSX.platform/Developer/SDKs/MacOSX26.1.sdk/System/Library/Frameworks/IOKit.framework/Headers/hid/IOHIDKeys.h
/Applications/Xcode.app/Contents/Developer/Platforms/MacOSX.platform/Developer/SDKs/MacOSX26.1.sdk/System/Library/Frameworks/IOKit.framework/Headers/hidsystem/IOHIDParameter.h
/Applications/Xcode.app/Contents/Developer/Platforms/MacOSX.platform/Developer/SDKs/MacOSX26.1.sdk/System/Library/Frameworks/IOKit.framework/Headers/hidsystem/IOLLEvent.h
/Applications/Xcode.app/Contents/Developer/Platforms/MacOSX.platform/Developer/SDKs/MacOSX26.1.sdk/System/Library/Frameworks/IOKit.framework/Headers/hid/IOHIDProperties.h
/Applications/Xcode.app/Contents/Developer/Platforms/MacOSX.platform/Developer/SDKs/MacOSX26.1.sdk/System/Library/Frameworks/IOKit.framework/Headers/hid/IOHIDEventServiceKeys.h
/Applications/Xcode.app/Contents/Developer/Platforms/MacOSX.platform/Developer/SDKs/MacOSX26.1.sdk/System/Library/Frameworks/IOKit.framework/Headers/hid/IOHIDDeviceTypes.h
/Applications/Xcode.app/Contents/Developer/Platforms/MacOSX.platform/Developer/SDKs/MacOSX26.1.sdk/System/Library/Frameworks/IOKit.framework/Headers/hid/IOHIDDeviceKeys.h
/Applications/Xcode.app/Contents/Developer/Platforms/MacOSX.platform/Developer/SDKs/MacOSX26.1.sdk/System/Library/Frameworks/IOKit.framework/Headers/hid/IOHIDQueue.h
/Applications/Xcode.app/Contents/Developer/Platforms/MacOSX.platform/Developer/SDKs/MacOSX26.1.sdk/System/Library/Frameworks/IOKit.framework/Headers/hid/IOHIDDevice.h
/Applications/Xcode.app/Contents/Developer/Platforms/MacOSX.platform/Developer/SDKs/MacOSX26.1.sdk/System/Library/Frameworks/IOKit.framework/Headers/hid/IOHIDLib.h
/Applications/Xcode.app/Contents/Developer/Platforms/MacOSX.platform/Developer/SDKs/MacOSX26.1.sdk/System/Library/Frameworks/IOKit.framework/Headers/hid/IOHIDElement.h
/Applications/Xcode.app/Contents/Developer/Platforms/MacOSX.platform/Developer/SDKs/MacOSX26.1.sdk/System/Library/Frameworks/IOKit.framework/Headers/hid/IOHIDLibObsolete.h
/Applications/Xcode.app/Contents/Developer/Platforms/MacOSX.platform/Developer/SDKs/MacOSX26.1.sdk/System/Library/Frameworks/IOKit.framework/Headers/hid/IOHIDManager.h
/Applications/Xcode.app/Contents/Developer/Platforms/MacOSX.platform/Developer/SDKs/MacOSX26.1.sdk/System/Library/Frameworks/IOKit.framework/Headers/hid/IOHIDUsageTables.h
/Applications/Xcode.app/Contents/Developer/Platforms/MacOSX.platform/Developer/SDKs/MacOSX26.1.sdk/System/Library/Frameworks/IOKit.framework/Headers/hid/IOHIDValue.h
/Applications/Xcode.app/Contents/Developer/Platforms/MacOSX.platform/Developer/SDKs/MacOSX26.1.sdk/System/Library/Frameworks/IOKit.framework/Headers/hid/IOHIDTransaction.h
/Applications/Xcode.app/Contents/Developer/Platforms/MacOSX.platform/Developer/SDKs/MacOSX26.1.sdk/System/Library/Frameworks/IOKit.framework/Headers/hid/IOHIDDevicePlugIn.h
/Applications/Xcode.app/Contents/Developer/Platforms/MacOSX.platform/Developer/SDKs/MacOSX26.1.sdk/System/Library/Frameworks/IOKit.framework/Headers/hid/IOHIDEventServiceTypes.h
/Applications/Xcode.app/Contents/Developer/Platforms/MacOSX.platform/Developer/SDKs/MacOSX26.1.sdk/System/Library/Frameworks/IOKit.framework/Headers/hidsystem/IOHIDLib.h
/Applications/Xcode.app/Contents/Developer/Platforms/MacOSX.platform/Developer/SDKs/MacOSX26.1.sdk/System/Library/Frameworks/IOKit.framework/Headers/hidsystem/IOHIDShared.h
/Applications/Xcode.app/Contents/Developer/Platforms/MacOSX.platform/Developer/SDKs/MacOSX26.1.sdk/System/Library/Frameworks/IOKit.framework/Headers/hidsystem/event_status_driver.h
/Applications/Xcode.app/Contents/Developer/Platforms/MacOSX.platform/Developer/SDKs/MacOSX26.1.sdk/System/Library/Frameworks/IOKit.framework/Headers/hidsystem/ev_keymap.h
/Applications/Xcode.app/Contents/Developer/Platforms/MacOSX.platform/Developer/SDKs/MacOSX26.1.sdk/System/Library/Frameworks/IOKit.framework/Headers/hidsystem/IOHIDEventSystemClient.h
/Applications/Xcode.app/Contents/Developer/Platforms/MacOSX.platform/Developer/SDKs/MacOSX26.1.sdk/System/Library/Frameworks/IOKit.framework/Headers/hidsystem/IOHIDServiceClient.h
/Applications/Xcode.app/Contents/Developer/Platforms/MacOSX.platform/Developer/SDKs/MacOSX26.1.sdk/System/Library/Frameworks/IOKit.framework/Headers/hidsystem/IOHIDUserDevice.h
/Applications/Xcode.app/Contents/Developer/Platforms/MacOSX.platform/Developer/SDKs/MacOSX26.1.sdk/System/Library/Frameworks/IOKit.framework/Headers/i2c/IOI2CInterface.h
/Applications/Xcode.app/Contents/Developer/Platforms/MacOSX.platform/Developer/SDKs/MacOSX26.1.sdk/System/Library/Frameworks/IOKit.framework/Headers/kext/KextManager.h
/Applications/Xcode.app/Contents/Developer/Platforms/MacOSX.platform/Developer/SDKs/MacOSX26.1.sdk/System/Library/Frameworks/IOKit.framework/Headers/network/IOEthernetController.h
/Applications/Xcode.app/Contents/Developer/Platforms/MacOSX.platform/Developer/SDKs/MacOSX26.1.sdk/System/Library/Frameworks/IOKit.framework/Headers/network/IONetworkController.h
/Applications/Xcode.app/Contents/Developer/Platforms/MacOSX.platform/Developer/SDKs/MacOSX26.1.sdk/System/Library/Frameworks/IOKit.framework/Headers/network/IONetworkData.h
/Applications/Xcode.app/Contents/Developer/Platforms/MacOSX.platform/Developer/SDKs/MacOSX26.1.sdk/System/Library/Frameworks/IOKit.framework/Headers/network/IONetworkStack.h
/Applications/Xcode.app/Contents/Developer/Platforms/MacOSX.platform/Developer/SDKs/MacOSX26.1.sdk/System/Library/Frameworks/IOKit.framework/Headers/network/IOEthernetInterface.h
/Applications/Xcode.app/Contents/Developer/Platforms/MacOSX.platform/Developer/SDKs/MacOSX26.1.sdk/System/Library/Frameworks/IOKit.framework/Headers/network/IONetworkInterface.h
/Applications/Xcode.app/Contents/Developer/Platforms/MacOSX.platform/Developer/SDKs/MacOSX26.1.sdk/System/Library/Frameworks/IOKit.framework/Headers/network/IONetworkStats.h
/Applications/Xcode.app/Contents/Developer/Platforms/MacOSX.platform/Developer/SDKs/MacOSX26.1.sdk/System/Library/Frameworks/IOKit.framework/Headers/network/IOEthernetStats.h
/Applications/Xcode.app/Contents/Developer/Platforms/MacOSX.platform/Developer/SDKs/MacOSX26.1.sdk/System/Library/Frameworks/IOKit.framework/Headers/network/IONetworkLib.h
/Applications/Xcode.app/Contents/Developer/Platforms/MacOSX.platform/Developer/SDKs/MacOSX26.1.sdk/System/Library/Frameworks/IOKit.framework/Headers/network/IONetworkMedium.h
/Applications/Xcode.app/Contents/Developer/Platforms/MacOSX.platform/Developer/SDKs/MacOSX26.1.sdk/System/Library/Frameworks/IOKit.framework/Headers/network/IONetworkUserClient.h
/Applications/Xcode.app/Contents/Developer/Platforms/MacOSX.platform/Developer/SDKs/MacOSX26.1.sdk/System/Library/Frameworks/IOKit.framework/Headers/ps/IOPSKeys.h
/Applications/Xcode.app/Contents/Developer/Platforms/MacOSX.platform/Developer/SDKs/MacOSX26.1.sdk/System/Library/Frameworks/IOKit.framework/Headers/ps/IOPowerSources.h
/Applications/Xcode.app/Contents/Developer/Platforms/MacOSX.platform/Developer/SDKs/MacOSX26.1.sdk/System/Library/Frameworks/IOKit.framework/Headers/ps/IOUPSPlugIn.h
/Applications/Xcode.app/Contents/Developer/Platforms/MacOSX.platform/Developer/SDKs/MacOSX26.1.sdk/System/Library/Frameworks/IOKit.framework/Headers/pwr_mgt/IOPM.h
/Applications/Xcode.app/Contents/Developer/Platforms/MacOSX.platform/Developer/SDKs/MacOSX26.1.sdk/System/Library/Frameworks/IOKit.framework/Headers/pwr_mgt/IOPMKeys.h
/Applications/Xcode.app/Contents/Developer/Platforms/MacOSX.platform/Developer/SDKs/MacOSX26.1.sdk/System/Library/Frameworks/IOKit.framework/Headers/pwr_mgt/IOPMLib.h
/Applications/Xcode.app/Contents/Developer/Platforms/MacOSX.platform/Developer/SDKs/MacOSX26.1.sdk/System/Library/Frameworks/IOKit.framework/Headers/pwr_mgt/IOPMLibDefs.h
/Applications/Xcode.app/Contents/Developer/Platforms/MacOSX.platform/Developer/SDKs/MacOSX26.1.sdk/System/Library/Frameworks/IOKit.framework/Headers/sbp2/IOFireWireSBP2Lib.h
/Applications/Xcode.app/Contents/Developer/Platforms/MacOSX.platform/Developer/SDKs/MacOSX26.1.sdk/System/Library/Frameworks/IOKit.framework/Headers/scsi/IOSCSIMultimediaCommandsDevice.h
/Applications/Xcode.app/Contents/Developer/Platforms/MacOSX.platform/Developer/SDKs/MacOSX26.1.sdk/System/Library/Frameworks/IOKit.framework/Headers/storage/IOStorageDeviceCharacteristics.h
/Applications/Xcode.app/Contents/Developer/Platforms/MacOSX.platform/Developer/SDKs/MacOSX26.1.sdk/System/Library/Frameworks/IOKit.framework/Headers/storage/IOStorageProtocolCharacteristics.h
/Applications/Xcode.app/Contents/Developer/Platforms/MacOSX.platform/Developer/SDKs/MacOSX26.1.sdk/System/Library/Frameworks/IOKit.framework/Headers/storage/IOStorageControllerCharacteristics.h
/Applications/Xcode.app/Contents/Developer/Platforms/MacOSX.platform/Developer/SDKs/MacOSX26.1.sdk/System/Library/Frameworks/IOKit.framework/Headers/scsi/SCSICmds_REQUEST_SENSE_Defs.h
/Applications/Xcode.app/Contents/Developer/Platforms/MacOSX.platform/Developer/SDKs/MacOSX26.1.sdk/System/Library/Frameworks/IOKit.framework/Headers/scsi/SCSICmds_INQUIRY_Definitions.h
/Applications/Xcode.app/Contents/Developer/Platforms/MacOSX.platform/Developer/SDKs/MacOSX26.1.sdk/System/Library/Frameworks/IOKit.framework/Headers/scsi/SCSICommandDefinitions.h
/Applications/Xcode.app/Contents/Developer/Platforms/MacOSX.platform/Developer/SDKs/MacOSX26.1.sdk/System/Library/Frameworks/IOKit.framework/Headers/scsi/SCSICmds_MODE_Definitions.h
/Applications/Xcode.app/Contents/Developer/Platforms/MacOSX.platform/Developer/SDKs/MacOSX26.1.sdk/System/Library/Frameworks/IOKit.framework/Headers/scsi/SCSICommandOperationCodes.h
/Applications/Xcode.app/Contents/Developer/Platforms/MacOSX.platform/Developer/SDKs/MacOSX26.1.sdk/System/Library/Frameworks/IOKit.framework/Headers/scsi/SCSICmds_READ_CAPACITY_Definitions.h
/Applications/Xcode.app/Contents/Developer/Platforms/MacOSX.platform/Developer/SDKs/MacOSX26.1.sdk/System/Library/Frameworks/IOKit.framework/Headers/scsi/SCSITask.h
/Applications/Xcode.app/Contents/Developer/Platforms/MacOSX.platform/Developer/SDKs/MacOSX26.1.sdk/System/Library/Frameworks/IOKit.framework/Headers/scsi/SCSICmds_REPORT_LUNS_Definitions.h
/Applications/Xcode.app/Contents/Developer/Platforms/MacOSX.platform/Developer/SDKs/MacOSX26.1.sdk/System/Library/Frameworks/IOKit.framework/Headers/scsi/SCSITaskLib.h
/Applications/Xcode.app/Contents/Developer/Platforms/MacOSX.platform/Developer/SDKs/MacOSX26.1.sdk/System/Library/Frameworks/IOKit.framework/Headers/serial/IOSerialKeys.h
/Applications/Xcode.app/Contents/Developer/Platforms/MacOSX.platform/Developer/SDKs/MacOSX26.1.sdk/System/Library/Frameworks/IOKit.framework/Headers/serial/ioss.h
/Applications/Xcode.app/Contents/Developer/Platforms/MacOSX.platform/Developer/SDKs/MacOSX26.1.sdk/System/Library/Frameworks/IOKit.framework/Headers/storage/IOAppleLabelScheme.h
/Applications/Xcode.app/Contents/Developer/Platforms/MacOSX.platform/Developer/SDKs/MacOSX26.1.sdk/System/Library/Frameworks/IOKit.framework/Headers/storage/IODVDMediaBSDClient.h
/Applications/Xcode.app/Contents/Developer/Platforms/MacOSX.platform/Developer/SDKs/MacOSX26.1.sdk/System/Library/Frameworks/IOKit.framework/Headers/storage/IODVDTypes.h
/Applications/Xcode.app/Contents/Developer/Platforms/MacOSX.platform/Developer/SDKs/MacOSX26.1.sdk/System/Library/Frameworks/IOKit.framework/Headers/storage/IOApplePartitionScheme.h
/Applications/Xcode.app/Contents/Developer/Platforms/MacOSX.platform/Developer/SDKs/MacOSX26.1.sdk/System/Library/Frameworks/IOKit.framework/Headers/storage/IOBDBlockStorageDevice.h
/Applications/Xcode.app/Contents/Developer/Platforms/MacOSX.platform/Developer/SDKs/MacOSX26.1.sdk/System/Library/Frameworks/IOKit.framework/Headers/storage/IOBDTypes.h
/Applications/Xcode.app/Contents/Developer/Platforms/MacOSX.platform/Developer/SDKs/MacOSX26.1.sdk/System/Library/Frameworks/IOKit.framework/Headers/storage/IOFDiskPartitionScheme.h
/Applications/Xcode.app/Contents/Developer/Platforms/MacOSX.platform/Developer/SDKs/MacOSX26.1.sdk/System/Library/Frameworks/IOKit.framework/Headers/storage/IOBDMedia.h
/Applications/Xcode.app/Contents/Developer/Platforms/MacOSX.platform/Developer/SDKs/MacOSX26.1.sdk/System/Library/Frameworks/IOKit.framework/Headers/storage/IOFilterScheme.h
/Applications/Xcode.app/Contents/Developer/Platforms/MacOSX.platform/Developer/SDKs/MacOSX26.1.sdk/System/Library/Frameworks/IOKit.framework/Headers/storage/IOBDMediaBSDClient.h
/Applications/Xcode.app/Contents/Developer/Platforms/MacOSX.platform/Developer/SDKs/MacOSX26.1.sdk/System/Library/Frameworks/IOKit.framework/Headers/storage/IOFireWireStorageCharacteristics.h
/Applications/Xcode.app/Contents/Developer/Platforms/MacOSX.platform/Developer/SDKs/MacOSX26.1.sdk/System/Library/Frameworks/IOKit.framework/Headers/storage/IOGUIDPartitionScheme.h
/Applications/Xcode.app/Contents/Developer/Platforms/MacOSX.platform/Developer/SDKs/MacOSX26.1.sdk/System/Library/Frameworks/IOKit.framework/Headers/storage/IOBlockStorageDevice.h
/Applications/Xcode.app/Contents/Developer/Platforms/MacOSX.platform/Developer/SDKs/MacOSX26.1.sdk/System/Library/Frameworks/IOKit.framework/Headers/storage/IOMedia.h
/Applications/Xcode.app/Contents/Developer/Platforms/MacOSX.platform/Developer/SDKs/MacOSX26.1.sdk/System/Library/Frameworks/IOKit.framework/Headers/storage/IOBlockStorageDriver.h
/Applications/Xcode.app/Contents/Developer/Platforms/MacOSX.platform/Developer/SDKs/MacOSX26.1.sdk/System/Library/Frameworks/IOKit.framework/Headers/storage/IOMediaBSDClient.h
/Applications/Xcode.app/Contents/Developer/Platforms/MacOSX.platform/Developer/SDKs/MacOSX26.1.sdk/System/Library/Frameworks/IOKit.framework/Headers/storage/IOCDBlockStorageDevice.h
/Applications/Xcode.app/Contents/Developer/Platforms/MacOSX.platform/Developer/SDKs/MacOSX26.1.sdk/System/Library/Frameworks/IOKit.framework/Headers/storage/IOCDTypes.h
/Applications/Xcode.app/Contents/Developer/Platforms/MacOSX.platform/Developer/SDKs/MacOSX26.1.sdk/System/Library/Frameworks/IOKit.framework/Headers/storage/IOPartitionScheme.h
/Applications/Xcode.app/Contents/Developer/Platforms/MacOSX.platform/Developer/SDKs/MacOSX26.1.sdk/System/Library/Frameworks/IOKit.framework/Headers/storage/IOCDMedia.h
/Applications/Xcode.app/Contents/Developer/Platforms/MacOSX.platform/Developer/SDKs/MacOSX26.1.sdk/System/Library/Frameworks/IOKit.framework/Headers/storage/IOStorage.h
/Applications/Xcode.app/Contents/Developer/Platforms/MacOSX.platform/Developer/SDKs/MacOSX26.1.sdk/System/Library/Frameworks/IOKit.framework/Headers/storage/IOCDMediaBSDClient.h
/Applications/Xcode.app/Contents/Developer/Platforms/MacOSX.platform/Developer/SDKs/MacOSX26.1.sdk/System/Library/Frameworks/IOKit.framework/Headers/storage/IOStorageCardCharacteristics.h
/Applications/Xcode.app/Contents/Developer/Platforms/MacOSX.platform/Developer/SDKs/MacOSX26.1.sdk/System/Library/Frameworks/IOKit.framework/Headers/storage/IOCDPartitionScheme.h
/Applications/Xcode.app/Contents/Developer/Platforms/MacOSX.platform/Developer/SDKs/MacOSX26.1.sdk/System/Library/Frameworks/IOKit.framework/Headers/storage/IODVDBlockStorageDevice.h
/Applications/Xcode.app/Contents/Developer/Platforms/MacOSX.platform/Developer/SDKs/MacOSX26.1.sdk/System/Library/Frameworks/IOKit.framework/Headers/storage/IODVDMedia.h
/Applications/Xcode.app/Contents/Developer/Platforms/MacOSX.platform/Developer/SDKs/MacOSX26.1.sdk/System/Library/Frameworks/IOKit.framework/Headers/storage/ata/ATASMARTLib.h
/Applications/Xcode.app/Contents/Developer/Platforms/MacOSX.platform/Developer/SDKs/MacOSX26.1.sdk/System/Library/Frameworks/IOKit.framework/Headers/storage/ata/IOATAStorageDefines.h
/Applications/Xcode.app/Contents/Developer/Platforms/MacOSX.platform/Developer/SDKs/MacOSX26.1.sdk/System/Library/Frameworks/IOKit.framework/Headers/stream/IOStreamLib.h
/Applications/Xcode.app/Contents/Developer/Platforms/MacOSX.platform/Developer/SDKs/MacOSX26.1.sdk/System/Library/Frameworks/IOKit.framework/Headers/stream/IOStreamShared.h
/Applications/Xcode.app/Contents/Developer/Platforms/MacOSX.platform/Developer/SDKs/MacOSX26.1.sdk/System/Library/Frameworks/IOKit.framework/Headers/usb/AppleUSBDefinitions.h
/Applications/Xcode.app/Contents/Developer/Platforms/MacOSX.platform/Developer/SDKs/MacOSX26.1.sdk/System/Library/Frameworks/IOKit.framework/Headers/usb/IOUSBHostFamilyDefinitions.h
/Applications/Xcode.app/Contents/Developer/Platforms/MacOSX.platform/Developer/SDKs/MacOSX26.1.sdk/System/Library/Frameworks/IOKit.framework/Headers/usb/IOUSBLib.h
/Applications/Xcode.app/Contents/Developer/Platforms/MacOSX.platform/Developer/SDKs/MacOSX26.1.sdk/System/Library/Frameworks/IOKit.framework/Headers/usb/USB.h
/Applications/Xcode.app/Contents/Developer/Platforms/MacOSX.platform/Developer/SDKs/MacOSX26.1.sdk/System/Library/Frameworks/IOKit.framework/Headers/usb/USBSpec.h
/Applications/Xcode.app/Contents/Developer/Platforms/MacOSX.platform/Developer/SDKs/MacOSX26.1.sdk/SDKSettings.json
/Applications/Xcode.app/Contents/Developer/Toolchains/XcodeDefault.xctoolchain/usr/lib/swift/macosx/prebuilt-modules/26.1/IOKit.swiftmodule/arm64e-apple-macos.swiftmodule
/Users/rogerlin/Library/Developer/Xcode/DerivedData/FinancialCalculatorKit-ackorybalcxbfocbkqsfdzcfkgmn/Build/Products/Debug/IssueReporting.swiftmodule/arm64-apple-macos.swiftmodule
/Applications/Xcode.app/Contents/Developer/Platforms/MacOSX.platform/Developer/SDKs/MacOSX26.1.sdk/usr/include/DarwinBasic.modulemap
/Applications/Xcode.app/Contents/Developer/Platforms/MacOSX.platform/Developer/SDKs/MacOSX26.1.sdk/usr/include/Darwin.modulemap
/Applications/Xcode.app/Contents/Developer/Platforms/MacOSX.platform/Developer/SDKs/MacOSX26.1.sdk/usr/include/Darwin_C.modulemap
/Applications/Xcode.app/Contents/Developer/Platforms/MacOSX.platform/Developer/SDKs/MacOSX26.1.sdk/usr/include/Darwin_POSIX.modulemap
/Applications/Xcode.app/Contents/Developer/Platforms/MacOSX.platform/Developer/SDKs/MacOSX26.1.sdk/usr/include/net.modulemap
/Applications/Xcode.app/Contents/Developer/Platforms/MacOSX.platform/Developer/SDKs/MacOSX26.1.sdk/usr/include/netinet.modulemap
/Applications/Xcode.app/Contents/Developer/Platforms/MacOSX.platform/Developer/SDKs/MacOSX26.1.sdk/usr/include/bank.modulemap
/Applications/Xcode.app/Contents/Developer/Platforms/MacOSX.platform/Developer/SDKs/MacOSX26.1.sdk/usr/include/Darwin_Mach.modulemap
/Applications/Xcode.app/Contents/Developer/Platforms/MacOSX.platform/Developer/SDKs/MacOSX26.1.sdk/usr/include/Darwin_Mach_machine.modulemap
/Applications/Xcode.app/Contents/Developer/Platforms/MacOSX.platform/Developer/SDKs/MacOSX26.1.sdk/usr/include/mach_debug.modulemap
/Applications/Xcode.app/Contents/Developer/Platforms/MacOSX.platform/Developer/SDKs/MacOSX26.1.sdk/usr/include/device.modulemap
/Applications/Xcode.app/Contents/Developer/Platforms/MacOSX.platform/Developer/SDKs/MacOSX26.1.sdk/usr/include/Darwin_machine.modulemap
/Applications/Xcode.app/Contents/Developer/Platforms/MacOSX.platform/Developer/SDKs/MacOSX26.1.sdk/usr/include/ncurses.modulemap
/Applications/Xcode.app/Contents/Developer/Platforms/MacOSX.platform/Developer/SDKs/MacOSX26.1.sdk/usr/include/netinet6.modulemap
/Applications/Xcode.app/Contents/Developer/Platforms/MacOSX.platform/Developer/SDKs/MacOSX26.1.sdk/usr/include/Darwin_sys.modulemap
/Applications/Xcode.app/Contents/Developer/Platforms/MacOSX.platform/Developer/SDKs/MacOSX26.1.sdk/usr/include/uuid.modulemap
/Applications/Xcode.app/Contents/Developer/Platforms/MacOSX.platform/Developer/SDKs/MacOSX26.1.sdk/usr/include/DarwinFoundation2.modulemap
/Applications/Xcode.app/Contents/Developer/Platforms/MacOSX.platform/Developer/SDKs/MacOSX26.1.sdk/usr/include/DarwinFoundation3.modulemap
/Applications/Xcode.app/Contents/Developer/Platforms/MacOSX.platform/Developer/SDKs/MacOSX26.1.sdk/usr/include/DarwinFoundation1.modulemap
/Applications/Xcode.app/Contents/Developer/Platforms/MacOSX.platform/Developer/SDKs/MacOSX26.1.sdk/usr/include/mach-o/arch.h
/Applications/Xcode.app/Contents/Developer/Toolchains/XcodeDefault.xctoolchain/usr/lib/swift/clang/include/module.modulemap
/Applications/Xcode.app/Contents/Developer/Platforms/MacOSX.platform/Developer/SDKs/MacOSX26.1.sdk/usr/include/mach-o/arm/reloc.h
/Applications/Xcode.app/Contents/Developer/Platforms/MacOSX.platform/Developer/SDKs/MacOSX26.1.sdk/usr/include/mach-o/arm64/reloc.h
/Applications/Xcode.app/Contents/Developer/Platforms/MacOSX.platform/Developer/SDKs/MacOSX26.1.sdk/usr/include/mach-o/compact_unwind_encoding.h
/Applications/Xcode.app/Contents/Developer/Platforms/MacOSX.platform/Developer/SDKs/MacOSX26.1.sdk/usr/include/mach-o/dyld.h
/Applications/Xcode.app/Contents/Developer/Toolchains/XcodeDefault.xctoolchain/usr/lib/swift/clang/include/stddef.h
/Applications/Xcode.app/Contents/Developer/Platforms/MacOSX.platform/Developer/SDKs/MacOSX26.1.sdk/usr/include/mach-o/loader.h
/Applications/Xcode.app/Contents/Developer/Platforms/MacOSX.platform/Developer/SDKs/MacOSX26.1.sdk/usr/include/mach-o/dyld_images.h
/Applications/Xcode.app/Contents/Developer/Platforms/MacOSX.platform/Developer/SDKs/MacOSX26.1.sdk/usr/include/mach-o/fat.h
/Applications/Xcode.app/Contents/Developer/Platforms/MacOSX.platform/Developer/SDKs/MacOSX26.1.sdk/usr/include/mach-o/fixup-chains.h
/Applications/Xcode.app/Contents/Developer/Platforms/MacOSX.platform/Developer/SDKs/MacOSX26.1.sdk/usr/include/mach-o/getsect.h
/Applications/Xcode.app/Contents/Developer/Platforms/MacOSX.platform/Developer/SDKs/MacOSX26.1.sdk/usr/include/mach-o/ldsyms.h
/Applications/Xcode.app/Contents/Developer/Platforms/MacOSX.platform/Developer/SDKs/MacOSX26.1.sdk/usr/include/mach-o/nlist.h
/Applications/Xcode.app/Contents/Developer/Platforms/MacOSX.platform/Developer/SDKs/MacOSX26.1.sdk/usr/include/mach-o/ranlib.h
/Applications/Xcode.app/Contents/Developer/Platforms/MacOSX.platform/Developer/SDKs/MacOSX26.1.sdk/usr/include/mach-o/reloc.h
/Applications/Xcode.app/Contents/Developer/Platforms/MacOSX.platform/Developer/SDKs/MacOSX26.1.sdk/usr/include/mach-o/stab.h
/Applications/Xcode.app/Contents/Developer/Platforms/MacOSX.platform/Developer/SDKs/MacOSX26.1.sdk/usr/include/mach-o/swap.h
/Applications/Xcode.app/Contents/Developer/Platforms/MacOSX.platform/Developer/SDKs/MacOSX26.1.sdk/usr/include/mach-o/utils.h
/Applications/Xcode.app/Contents/Developer/Platforms/MacOSX.platform/Developer/SDKs/MacOSX26.1.sdk/usr/include/mach-o/x86_64/reloc.h
/Applications/Xcode.app/Contents/Developer/Platforms/MacOSX.platform/Developer/SDKs/MacOSX26.1.sdk/SDKSettings.json
/Applications/Xcode.app/Contents/Developer/Platforms/MacOSX.platform/Developer/SDKs/MacOSX26.1.sdk/usr/include/ObjectiveC.apinotes
/Applications/Xcode.app/Contents/Developer/Platforms/MacOSX.platform/Developer/SDKs/MacOSX26.1.sdk/usr/include/DarwinBasic.modulemap
/Applications/Xcode.app/Contents/Developer/Platforms/MacOSX.platform/Developer/SDKs/MacOSX26.1.sdk/usr/include/ObjectiveC.modulemap
/Applications/Xcode.app/Contents/Developer/Platforms/MacOSX.platform/Developer/SDKs/MacOSX26.1.sdk/usr/include/Darwin.modulemap
/Applications/Xcode.app/Contents/Developer/Platforms/MacOSX.platform/Developer/SDKs/MacOSX26.1.sdk/usr/include/Darwin_C.modulemap
/Applications/Xcode.app/Contents/Developer/Platforms/MacOSX.platform/Developer/SDKs/MacOSX26.1.sdk/usr/include/Darwin_POSIX.modulemap
/Applications/Xcode.app/Contents/Developer/Platforms/MacOSX.platform/Developer/SDKs/MacOSX26.1.sdk/usr/include/net.modulemap
/Applications/Xcode.app/Contents/Developer/Platforms/MacOSX.platform/Developer/SDKs/MacOSX26.1.sdk/usr/include/netinet.modulemap
/Applications/Xcode.app/Contents/Developer/Platforms/MacOSX.platform/Developer/SDKs/MacOSX26.1.sdk/usr/include/bank.modulemap
/Applications/Xcode.app/Contents/Developer/Platforms/MacOSX.platform/Developer/SDKs/MacOSX26.1.sdk/usr/include/Darwin_Mach.modulemap
/Applications/Xcode.app/Contents/Developer/Platforms/MacOSX.platform/Developer/SDKs/MacOSX26.1.sdk/usr/include/Darwin_Mach_machine.modulemap
/Applications/Xcode.app/Contents/Developer/Platforms/MacOSX.platform/Developer/SDKs/MacOSX26.1.sdk/usr/include/mach_debug.modulemap
/Applications/Xcode.app/Contents/Developer/Platforms/MacOSX.platform/Developer/SDKs/MacOSX26.1.sdk/usr/include/device.modulemap
/Applications/Xcode.app/Contents/Developer/Platforms/MacOSX.platform/Developer/SDKs/MacOSX26.1.sdk/usr/include/Darwin_machine.modulemap
/Applications/Xcode.app/Contents/Developer/Platforms/MacOSX.platform/Developer/SDKs/MacOSX26.1.sdk/usr/include/ncurses.modulemap
/Applications/Xcode.app/Contents/Developer/Platforms/MacOSX.platform/Developer/SDKs/MacOSX26.1.sdk/usr/include/netinet6.modulemap
/Applications/Xcode.app/Contents/Developer/Platforms/MacOSX.platform/Developer/SDKs/MacOSX26.1.sdk/usr/include/Darwin_sys.modulemap
/Applications/Xcode.app/Contents/Developer/Platforms/MacOSX.platform/Developer/SDKs/MacOSX26.1.sdk/usr/include/uuid.modulemap
/Applications/Xcode.app/Contents/Developer/Platforms/MacOSX.platform/Developer/SDKs/MacOSX26.1.sdk/usr/include/DarwinFoundation2.modulemap
/Applications/Xcode.app/Contents/Developer/Platforms/MacOSX.platform/Developer/SDKs/MacOSX26.1.sdk/usr/include/DarwinFoundation3.modulemap
/Applications/Xcode.app/Contents/Developer/Platforms/MacOSX.platform/Developer/SDKs/MacOSX26.1.sdk/usr/include/DarwinFoundation1.modulemap
/Applications/Xcode.app/Contents/Developer/Platforms/MacOSX.platform/Developer/SDKs/MacOSX26.1.sdk/usr/include/objc/List.h
/Applications/Xcode.app/Contents/Developer/Platforms/MacOSX.platform/Developer/SDKs/MacOSX26.1.sdk/usr/include/objc/NSObjCRuntime.h
/Applications/Xcode.app/Contents/Developer/Toolchains/XcodeDefault.xctoolchain/usr/lib/swift/clang/include/module.modulemap
/Applications/Xcode.app/Contents/Developer/Platforms/MacOSX.platform/Developer/SDKs/MacOSX26.1.sdk/usr/include/objc/objc.h
/Applications/Xcode.app/Contents/Developer/Platforms/MacOSX.platform/Developer/SDKs/MacOSX26.1.sdk/usr/include/stdlib.h
/Applications/Xcode.app/Contents/Developer/Platforms/MacOSX.platform/Developer/SDKs/MacOSX26.1.sdk/usr/include/objc/objc-api.h
/Applications/Xcode.app/Contents/Developer/Toolchains/XcodeDefault.xctoolchain/usr/lib/swift/clang/include/stddef.h
/Applications/Xcode.app/Contents/Developer/Platforms/MacOSX.platform/Developer/SDKs/MacOSX26.1.sdk/usr/include/objc/NSObject.h
/Applications/Xcode.app/Contents/Developer/Platforms/MacOSX.platform/Developer/SDKs/MacOSX26.1.sdk/usr/include/objc/Object.h
/Applications/Xcode.app/Contents/Developer/Toolchains/XcodeDefault.xctoolchain/usr/lib/swift/clang/include/stdarg.h
/Applications/Xcode.app/Contents/Developer/Platforms/MacOSX.platform/Developer/SDKs/MacOSX26.1.sdk/usr/include/objc/objc-runtime.h
/Applications/Xcode.app/Contents/Developer/Platforms/MacOSX.platform/Developer/SDKs/MacOSX26.1.sdk/usr/include/objc/runtime.h
/Applications/Xcode.app/Contents/Developer/Platforms/MacOSX.platform/Developer/SDKs/MacOSX26.1.sdk/usr/include/objc/message.h
/Applications/Xcode.app/Contents/Developer/Platforms/MacOSX.platform/Developer/SDKs/MacOSX26.1.sdk/usr/include/objc/Protocol.h
/Applications/Xcode.app/Contents/Developer/Platforms/MacOSX.platform/Developer/SDKs/MacOSX26.1.sdk/usr/include/objc/hashtable.h
/Applications/Xcode.app/Contents/Developer/Platforms/MacOSX.platform/Developer/SDKs/MacOSX26.1.sdk/usr/include/objc/hashtable2.h
/Applications/Xcode.app/Contents/Developer/Platforms/MacOSX.platform/Developer/SDKs/MacOSX26.1.sdk/usr/include/objc/objc-auto.h
/Applications/Xcode.app/Contents/Developer/Platforms/MacOSX.platform/Developer/SDKs/MacOSX26.1.sdk/usr/include/string.h
/Applications/Xcode.app/Contents/Developer/Platforms/MacOSX.platform/Developer/SDKs/MacOSX26.1.sdk/usr/include/objc/objc-class.h
/Applications/Xcode.app/Contents/Developer/Platforms/MacOSX.platform/Developer/SDKs/MacOSX26.1.sdk/usr/include/objc/objc-exception.h
/Applications/Xcode.app/Contents/Developer/Platforms/MacOSX.platform/Developer/SDKs/MacOSX26.1.sdk/usr/include/objc/objc-load.h
/Applications/Xcode.app/Contents/Developer/Platforms/MacOSX.platform/Developer/SDKs/MacOSX26.1.sdk/usr/include/objc/objc-sync.h
/Applications/Xcode.app/Contents/Developer/Platforms/MacOSX.platform/Developer/SDKs/MacOSX26.1.sdk/SDKSettings.json
/Applications/Xcode.app/Contents/Developer/Toolchains/XcodeDefault.xctoolchain/usr/lib/swift/macosx/prebuilt-modules/26.1/ObjectiveC.swiftmodule/arm64e-apple-macos.swiftmodule
/Applications/Xcode.app/Contents/Developer/Toolchains/XcodeDefault.xctoolchain/usr/lib/swift/macosx/prebuilt-modules/26.1/Observation.swiftmodule/arm64e-apple-macos.swiftmodule
/Applications/Xcode.app/Contents/Developer/Platforms/MacOSX.platform/Developer/SDKs/MacOSX26.1.sdk/System/Library/Frameworks/Security.framework/Headers/Security.apinotes
/Applications/Xcode.app/Contents/Developer/Platforms/MacOSX.platform/Developer/SDKs/MacOSX26.1.sdk/System/Library/Frameworks/Security.framework/Modules/module.modulemap
/Applications/Xcode.app/Contents/Developer/Platforms/MacOSX.platform/Developer/SDKs/MacOSX26.1.sdk/System/Library/Frameworks/Security.framework/Headers/Security.h
/Applications/Xcode.app/Contents/Developer/Platforms/MacOSX.platform/Developer/SDKs/MacOSX26.1.sdk/System/Library/Frameworks/Security.framework/Headers/SecBase.h
/Applications/Xcode.app/Contents/Developer/Platforms/MacOSX.platform/Developer/SDKs/MacOSX26.1.sdk/usr/include/xpc.modulemap
/Applications/Xcode.app/Contents/Developer/Platforms/MacOSX.platform/Developer/SDKs/MacOSX26.1.sdk/usr/include/dispatch.modulemap
/Applications/Xcode.app/Contents/Developer/Platforms/MacOSX.platform/Developer/SDKs/MacOSX26.1.sdk/usr/include/os.modulemap
/Applications/Xcode.app/Contents/Developer/Platforms/MacOSX.platform/Developer/SDKs/MacOSX26.1.sdk/usr/include/Darwin.modulemap
/Applications/Xcode.app/Contents/Developer/Platforms/MacOSX.platform/Developer/SDKs/MacOSX26.1.sdk/usr/include/Darwin_C.modulemap
/Applications/Xcode.app/Contents/Developer/Platforms/MacOSX.platform/Developer/SDKs/MacOSX26.1.sdk/usr/include/Darwin_POSIX.modulemap
/Applications/Xcode.app/Contents/Developer/Platforms/MacOSX.platform/Developer/SDKs/MacOSX26.1.sdk/usr/include/net.modulemap
/Applications/Xcode.app/Contents/Developer/Platforms/MacOSX.platform/Developer/SDKs/MacOSX26.1.sdk/usr/include/netinet.modulemap
/Applications/Xcode.app/Contents/Developer/Platforms/MacOSX.platform/Developer/SDKs/MacOSX26.1.sdk/usr/include/bank.modulemap
/Applications/Xcode.app/Contents/Developer/Platforms/MacOSX.platform/Developer/SDKs/MacOSX26.1.sdk/usr/include/Darwin_Mach.modulemap
/Applications/Xcode.app/Contents/Developer/Platforms/MacOSX.platform/Developer/SDKs/MacOSX26.1.sdk/usr/include/Darwin_Mach_machine.modulemap
/Applications/Xcode.app/Contents/Developer/Platforms/MacOSX.platform/Developer/SDKs/MacOSX26.1.sdk/usr/include/mach_debug.modulemap
/Applications/Xcode.app/Contents/Developer/Platforms/MacOSX.platform/Developer/SDKs/MacOSX26.1.sdk/usr/include/device.modulemap
/Applications/Xcode.app/Contents/Developer/Platforms/MacOSX.platform/Developer/SDKs/MacOSX26.1.sdk/usr/include/Darwin_machine.modulemap
/Applications/Xcode.app/Contents/Developer/Platforms/MacOSX.platform/Developer/SDKs/MacOSX26.1.sdk/usr/include/ncurses.modulemap
/Applications/Xcode.app/Contents/Developer/Platforms/MacOSX.platform/Developer/SDKs/MacOSX26.1.sdk/usr/include/netinet6.modulemap
/Applications/Xcode.app/Contents/Developer/Platforms/MacOSX.platform/Developer/SDKs/MacOSX26.1.sdk/usr/include/Darwin_sys.modulemap
/Applications/Xcode.app/Contents/Developer/Platforms/MacOSX.platform/Developer/SDKs/MacOSX26.1.sdk/usr/include/uuid.modulemap
/Applications/Xcode.app/Contents/Developer/Platforms/MacOSX.platform/Developer/SDKs/MacOSX26.1.sdk/usr/include/DarwinFoundation2.modulemap
/Applications/Xcode.app/Contents/Developer/Platforms/MacOSX.platform/Developer/SDKs/MacOSX26.1.sdk/usr/include/DarwinFoundation3.modulemap
/Applications/Xcode.app/Contents/Developer/Platforms/MacOSX.platform/Developer/SDKs/MacOSX26.1.sdk/usr/include/DarwinFoundation1.modulemap
/Applications/Xcode.app/Contents/Developer/Platforms/MacOSX.platform/Developer/SDKs/MacOSX26.1.sdk/System/Library/Frameworks/CoreFoundation.framework/Modules/module.modulemap
/Applications/Xcode.app/Contents/Developer/Platforms/MacOSX.platform/Developer/SDKs/MacOSX26.1.sdk/System/Library/Frameworks/Security.framework/Headers/SecCertificate.h
/Applications/Xcode.app/Contents/Developer/Platforms/MacOSX.platform/Developer/SDKs/MacOSX26.1.sdk/System/Library/Frameworks/Security.framework/Headers/cssmtype.h
/Applications/Xcode.app/Contents/Developer/Platforms/MacOSX.platform/Developer/SDKs/MacOSX26.1.sdk/System/Library/Frameworks/Security.framework/Headers/cssmconfig.h
/Applications/Xcode.app/Contents/Developer/Toolchains/XcodeDefault.xctoolchain/usr/lib/swift/clang/include/module.modulemap
/Applications/Xcode.app/Contents/Developer/Platforms/MacOSX.platform/Developer/SDKs/MacOSX26.1.sdk/System/Library/Frameworks/Security.framework/Headers/SecAsn1Types.h
/Applications/Xcode.app/Contents/Developer/Platforms/MacOSX.platform/Developer/SDKs/MacOSX26.1.sdk/System/Library/Frameworks/Security.framework/Headers/x509defs.h
/Applications/Xcode.app/Contents/Developer/Platforms/MacOSX.platform/Developer/SDKs/MacOSX26.1.sdk/System/Library/Frameworks/Security.framework/Headers/SecIdentity.h
/Applications/Xcode.app/Contents/Developer/Platforms/MacOSX.platform/Developer/SDKs/MacOSX26.1.sdk/System/Library/Frameworks/Security.framework/Headers/SecAccessControl.h
/Applications/Xcode.app/Contents/Developer/Platforms/MacOSX.platform/Developer/SDKs/MacOSX26.1.sdk/System/Library/Frameworks/Security.framework/Headers/SecItem.h
/Applications/Xcode.app/Contents/Developer/Platforms/MacOSX.platform/Developer/SDKs/MacOSX26.1.sdk/System/Library/Frameworks/Security.framework/Headers/SecKey.h
/Applications/Xcode.app/Contents/Developer/Platforms/MacOSX.platform/Developer/SDKs/MacOSX26.1.sdk/System/Library/Frameworks/Security.framework/Headers/SecAccess.h
/Applications/Xcode.app/Contents/Developer/Platforms/MacOSX.platform/Developer/SDKs/MacOSX26.1.sdk/System/Library/Frameworks/Security.framework/Headers/SecPolicy.h
/Applications/Xcode.app/Contents/Developer/Platforms/MacOSX.platform/Developer/SDKs/MacOSX26.1.sdk/System/Library/Frameworks/Security.framework/Headers/SecRandom.h
/Applications/Xcode.app/Contents/Developer/Platforms/MacOSX.platform/Developer/SDKs/MacOSX26.1.sdk/System/Library/Frameworks/Security.framework/Headers/SecImportExport.h
/Applications/Xcode.app/Contents/Developer/Platforms/MacOSX.platform/Developer/SDKs/MacOSX26.1.sdk/System/Library/Frameworks/Security.framework/Headers/SecKeychain.h
/Applications/Xcode.app/Contents/Developer/Platforms/MacOSX.platform/Developer/SDKs/MacOSX26.1.sdk/System/Library/Frameworks/Security.framework/Headers/cssmapple.h
/Applications/Xcode.app/Contents/Developer/Platforms/MacOSX.platform/Developer/SDKs/MacOSX26.1.sdk/System/Library/Frameworks/Security.framework/Headers/cssmerr.h
/Applications/Xcode.app/Contents/Developer/Platforms/MacOSX.platform/Developer/SDKs/MacOSX26.1.sdk/System/Library/Frameworks/Security.framework/Headers/certextensions.h
/Applications/Xcode.app/Contents/Developer/Platforms/MacOSX.platform/Developer/SDKs/MacOSX26.1.sdk/System/Library/Frameworks/Security.framework/Headers/SecTrust.h
/Applications/Xcode.app/Contents/Developer/Platforms/MacOSX.platform/Developer/SDKs/MacOSX26.1.sdk/System/Library/Frameworks/Security.framework/Headers/SecSharedCredential.h
/Applications/Xcode.app/Contents/Developer/Platforms/MacOSX.platform/Developer/SDKs/MacOSX26.1.sdk/System/Library/Frameworks/Security.framework/Headers/SecProtocolOptions.h
/Applications/Xcode.app/Contents/Developer/Platforms/MacOSX.platform/Developer/SDKs/MacOSX26.1.sdk/System/Library/Frameworks/Security.framework/Headers/SecProtocolObject.h
/Applications/Xcode.app/Contents/Developer/Platforms/MacOSX.platform/Developer/SDKs/MacOSX26.1.sdk/System/Library/Frameworks/Security.framework/Headers/SecProtocolTypes.h
/Applications/Xcode.app/Contents/Developer/Platforms/MacOSX.platform/Developer/SDKs/MacOSX26.1.sdk/System/Library/Frameworks/Security.framework/Headers/CipherSuite.h
/Applications/Xcode.app/Contents/Developer/Platforms/MacOSX.platform/Developer/SDKs/MacOSX26.1.sdk/System/Library/Frameworks/Security.framework/Headers/SecProtocolMetadata.h
/Applications/Xcode.app/Contents/Developer/Platforms/MacOSX.platform/Developer/SDKs/MacOSX26.1.sdk/System/Library/Frameworks/Security.framework/Headers/AuthSession.h
/Applications/Xcode.app/Contents/Developer/Platforms/MacOSX.platform/Developer/SDKs/MacOSX26.1.sdk/System/Library/Frameworks/Security.framework/Headers/Authorization.h
/Applications/Xcode.app/Contents/Developer/Platforms/MacOSX.platform/Developer/SDKs/MacOSX26.1.sdk/usr/include/stdio.h
/Applications/Xcode.app/Contents/Developer/Platforms/MacOSX.platform/Developer/SDKs/MacOSX26.1.sdk/System/Library/Frameworks/Security.framework/Headers/cssm.h
/Applications/Xcode.app/Contents/Developer/Platforms/MacOSX.platform/Developer/SDKs/MacOSX26.1.sdk/System/Library/Frameworks/Security.framework/Headers/emmtype.h
/Applications/Xcode.app/Contents/Developer/Platforms/MacOSX.platform/Developer/SDKs/MacOSX26.1.sdk/System/Library/Frameworks/Security.framework/Headers/cssmapi.h
/Applications/Xcode.app/Contents/Developer/Platforms/MacOSX.platform/Developer/SDKs/MacOSX26.1.sdk/System/Library/Frameworks/Security.framework/Headers/cssmaci.h
/Applications/Xcode.app/Contents/Developer/Platforms/MacOSX.platform/Developer/SDKs/MacOSX26.1.sdk/System/Library/Frameworks/Security.framework/Headers/cssmcli.h
/Applications/Xcode.app/Contents/Developer/Platforms/MacOSX.platform/Developer/SDKs/MacOSX26.1.sdk/System/Library/Frameworks/Security.framework/Headers/cssmcspi.h
/Applications/Xcode.app/Contents/Developer/Platforms/MacOSX.platform/Developer/SDKs/MacOSX26.1.sdk/System/Library/Frameworks/Security.framework/Headers/cssmspi.h
/Applications/Xcode.app/Contents/Developer/Platforms/MacOSX.platform/Developer/SDKs/MacOSX26.1.sdk/System/Library/Frameworks/Security.framework/Headers/cssmdli.h
/Applications/Xcode.app/Contents/Developer/Platforms/MacOSX.platform/Developer/SDKs/MacOSX26.1.sdk/System/Library/Frameworks/Security.framework/Headers/cssmkrapi.h
/Applications/Xcode.app/Contents/Developer/Platforms/MacOSX.platform/Developer/SDKs/MacOSX26.1.sdk/System/Library/Frameworks/Security.framework/Headers/cssmkrspi.h
/Applications/Xcode.app/Contents/Developer/Platforms/MacOSX.platform/Developer/SDKs/MacOSX26.1.sdk/System/Library/Frameworks/Security.framework/Headers/cssmtpi.h
/Applications/Xcode.app/Contents/Developer/Platforms/MacOSX.platform/Developer/SDKs/MacOSX26.1.sdk/System/Library/Frameworks/Security.framework/Headers/emmspi.h
/Applications/Xcode.app/Contents/Developer/Platforms/MacOSX.platform/Developer/SDKs/MacOSX26.1.sdk/System/Library/Frameworks/Security.framework/Headers/mds.h
/Applications/Xcode.app/Contents/Developer/Platforms/MacOSX.platform/Developer/SDKs/MacOSX26.1.sdk/System/Library/Frameworks/Security.framework/Headers/mds_schema.h
/Applications/Xcode.app/Contents/Developer/Platforms/MacOSX.platform/Developer/SDKs/MacOSX26.1.sdk/System/Library/Frameworks/Security.framework/Headers/oidsalg.h
/Applications/Xcode.app/Contents/Developer/Platforms/MacOSX.platform/Developer/SDKs/MacOSX26.1.sdk/System/Library/Frameworks/Security.framework/Headers/oidsattr.h
/Applications/Xcode.app/Contents/Developer/Platforms/MacOSX.platform/Developer/SDKs/MacOSX26.1.sdk/System/Library/Frameworks/Security.framework/Headers/oidsbase.h
/Applications/Xcode.app/Contents/Developer/Platforms/MacOSX.platform/Developer/SDKs/MacOSX26.1.sdk/System/Library/Frameworks/Security.framework/Headers/oidscert.h
/Applications/Xcode.app/Contents/Developer/Platforms/MacOSX.platform/Developer/SDKs/MacOSX26.1.sdk/System/Library/Frameworks/Security.framework/Headers/oidscrl.h
/Applications/Xcode.app/Contents/Developer/Platforms/MacOSX.platform/Developer/SDKs/MacOSX26.1.sdk/System/Library/Frameworks/Security.framework/Headers/SecACL.h
/Applications/Xcode.app/Contents/Developer/Platforms/MacOSX.platform/Developer/SDKs/MacOSX26.1.sdk/System/Library/Frameworks/Security.framework/Headers/SecCertificateOIDs.h
/Applications/Xcode.app/Contents/Developer/Platforms/MacOSX.platform/Developer/SDKs/MacOSX26.1.sdk/System/Library/Frameworks/Security.framework/Headers/SecIdentitySearch.h
/Applications/Xcode.app/Contents/Developer/Platforms/MacOSX.platform/Developer/SDKs/MacOSX26.1.sdk/System/Library/Frameworks/Security.framework/Headers/SecKeychainItem.h
/Applications/Xcode.app/Contents/Developer/Platforms/MacOSX.platform/Developer/SDKs/MacOSX26.1.sdk/System/Library/Frameworks/Security.framework/Headers/SecKeychainSearch.h
/Applications/Xcode.app/Contents/Developer/Platforms/MacOSX.platform/Developer/SDKs/MacOSX26.1.sdk/System/Library/Frameworks/Security.framework/Headers/SecPolicySearch.h
/Applications/Xcode.app/Contents/Developer/Platforms/MacOSX.platform/Developer/SDKs/MacOSX26.1.sdk/System/Library/Frameworks/Security.framework/Headers/SecTrustedApplication.h
/Applications/Xcode.app/Contents/Developer/Platforms/MacOSX.platform/Developer/SDKs/MacOSX26.1.sdk/System/Library/Frameworks/Security.framework/Headers/SecTrustSettings.h
/Applications/Xcode.app/Contents/Developer/Platforms/MacOSX.platform/Developer/SDKs/MacOSX26.1.sdk/System/Library/Frameworks/Security.framework/Headers/SecStaticCode.h
/Applications/Xcode.app/Contents/Developer/Platforms/MacOSX.platform/Developer/SDKs/MacOSX26.1.sdk/System/Library/Frameworks/Security.framework/Headers/CSCommon.h
/Applications/Xcode.app/Contents/Developer/Platforms/MacOSX.platform/Developer/SDKs/MacOSX26.1.sdk/System/Library/Frameworks/Security.framework/Headers/SecCode.h
/Applications/Xcode.app/Contents/Developer/Platforms/MacOSX.platform/Developer/SDKs/MacOSX26.1.sdk/System/Library/Frameworks/Security.framework/Headers/SecCodeHost.h
/Applications/Xcode.app/Contents/Developer/Platforms/MacOSX.platform/Developer/SDKs/MacOSX26.1.sdk/System/Library/Frameworks/Security.framework/Headers/SecRequirement.h
/Applications/Xcode.app/Contents/Developer/Platforms/MacOSX.platform/Developer/SDKs/MacOSX26.1.sdk/System/Library/Frameworks/Security.framework/Headers/SecTask.h
/Applications/Xcode.app/Contents/Developer/Platforms/MacOSX.platform/Developer/SDKs/MacOSX26.1.sdk/System/Library/Frameworks/Security.framework/Headers/AuthorizationTags.h
/Applications/Xcode.app/Contents/Developer/Platforms/MacOSX.platform/Developer/SDKs/MacOSX26.1.sdk/System/Library/Frameworks/Security.framework/Headers/AuthorizationDB.h
/Applications/Xcode.app/Contents/Developer/Platforms/MacOSX.platform/Developer/SDKs/MacOSX26.1.sdk/System/Library/Frameworks/Security.framework/Headers/CMSDecoder.h
/Applications/Xcode.app/Contents/Developer/Platforms/MacOSX.platform/Developer/SDKs/MacOSX26.1.sdk/System/Library/Frameworks/Security.framework/Headers/CMSEncoder.h
/Applications/Xcode.app/Contents/Developer/Platforms/MacOSX.platform/Developer/SDKs/MacOSX26.1.sdk/System/Library/Frameworks/Security.framework/Headers/SecureTransport.h
/Applications/Xcode.app/Contents/Developer/Platforms/MacOSX.platform/Developer/SDKs/MacOSX26.1.sdk/System/Library/Frameworks/Security.framework/Headers/SecTransform.h
/Applications/Xcode.app/Contents/Developer/Platforms/MacOSX.platform/Developer/SDKs/MacOSX26.1.sdk/System/Library/Frameworks/Security.framework/Headers/SecCustomTransform.h
/Applications/Xcode.app/Contents/Developer/Platforms/MacOSX.platform/Developer/SDKs/MacOSX26.1.sdk/System/Library/Frameworks/Security.framework/Headers/SecDecodeTransform.h
/Applications/Xcode.app/Contents/Developer/Platforms/MacOSX.platform/Developer/SDKs/MacOSX26.1.sdk/System/Library/Frameworks/Security.framework/Headers/SecEncodeTransform.h
/Applications/Xcode.app/Contents/Developer/Platforms/MacOSX.platform/Developer/SDKs/MacOSX26.1.sdk/System/Library/Frameworks/Security.framework/Headers/SecDigestTransform.h
/Applications/Xcode.app/Contents/Developer/Platforms/MacOSX.platform/Developer/SDKs/MacOSX26.1.sdk/System/Library/Frameworks/Security.framework/Headers/SecEncryptTransform.h
/Applications/Xcode.app/Contents/Developer/Platforms/MacOSX.platform/Developer/SDKs/MacOSX26.1.sdk/System/Library/Frameworks/Security.framework/Headers/SecSignVerifyTransform.h
/Applications/Xcode.app/Contents/Developer/Platforms/MacOSX.platform/Developer/SDKs/MacOSX26.1.sdk/System/Library/Frameworks/Security.framework/Headers/SecReadTransform.h
/Applications/Xcode.app/Contents/Developer/Platforms/MacOSX.platform/Developer/SDKs/MacOSX26.1.sdk/System/Library/Frameworks/Security.framework/Headers/SecTransformReadTransform.h
/Applications/Xcode.app/Contents/Developer/Platforms/MacOSX.platform/Developer/SDKs/MacOSX26.1.sdk/System/Library/Frameworks/Security.framework/Headers/oids.h
/Applications/Xcode.app/Contents/Developer/Platforms/MacOSX.platform/Developer/SDKs/MacOSX26.1.sdk/usr/include/libDER/module.modulemap
/Applications/Xcode.app/Contents/Developer/Platforms/MacOSX.platform/Developer/SDKs/MacOSX26.1.sdk/usr/include/string.h
/Applications/Xcode.app/Contents/Developer/Platforms/MacOSX.platform/Developer/SDKs/MacOSX26.1.sdk/System/Library/Frameworks/Security.framework/Headers/AuthorizationPlugin.h
/Applications/Xcode.app/Contents/Developer/Platforms/MacOSX.platform/Developer/SDKs/MacOSX26.1.sdk/System/Library/Frameworks/Security.framework/Headers/CodeSigning.h
/Applications/Xcode.app/Contents/Developer/Platforms/MacOSX.platform/Developer/SDKs/MacOSX26.1.sdk/System/Library/Frameworks/Security.framework/Headers/eisl.h
/Applications/Xcode.app/Contents/Developer/Platforms/MacOSX.platform/Developer/SDKs/MacOSX26.1.sdk/System/Library/Frameworks/Security.framework/Headers/SecAsn1Coder.h
/Applications/Xcode.app/Contents/Developer/Platforms/MacOSX.platform/Developer/SDKs/MacOSX26.1.sdk/System/Library/Frameworks/Security.framework/Headers/SecAsn1Templates.h
/Applications/Xcode.app/Contents/Developer/Platforms/MacOSX.platform/Developer/SDKs/MacOSX26.1.sdk/System/Library/Frameworks/Security.framework/Headers/SecureDownload.h
/Applications/Xcode.app/Contents/Developer/Platforms/MacOSX.platform/Developer/SDKs/MacOSX26.1.sdk/SDKSettings.json
/Applications/Xcode.app/Contents/Developer/Toolchains/XcodeDefault.xctoolchain/usr/lib/swift/macosx/prebuilt-modules/26.1/Swift.swiftmodule/arm64e-apple-macos.swiftmodule
/Applications/Xcode.app/Contents/Developer/Toolchains/XcodeDefault.xctoolchain/usr/lib/swift/macosx/prebuilt-modules/26.1/SwiftOnoneSupport.swiftmodule/arm64e-apple-macos.swiftmodule
/Applications/Xcode.app/Contents/Developer/Platforms/MacOSX.platform/Developer/SDKs/MacOSX26.1.sdk/usr/lib/swift/shims/module.modulemap
/Applications/Xcode.app/Contents/Developer/Platforms/MacOSX.platform/Developer/SDKs/MacOSX26.1.sdk/usr/lib/swift/shims/AssertionReporting.h
/Applications/Xcode.app/Contents/Developer/Platforms/MacOSX.platform/Developer/SDKs/MacOSX26.1.sdk/usr/lib/swift/shims/SwiftStdint.h
/Applications/Xcode.app/Contents/Developer/Platforms/MacOSX.platform/Developer/SDKs/MacOSX26.1.sdk/usr/lib/swift/shims/Visibility.h
/Applications/Xcode.app/Contents/Developer/Platforms/MacOSX.platform/Developer/SDKs/MacOSX26.1.sdk/usr/lib/swift/shims/CoreFoundationShims.h
/Applications/Xcode.app/Contents/Developer/Platforms/MacOSX.platform/Developer/SDKs/MacOSX26.1.sdk/usr/lib/swift/shims/ObjCShims.h
/Applications/Xcode.app/Contents/Developer/Platforms/MacOSX.platform/Developer/SDKs/MacOSX26.1.sdk/usr/lib/swift/shims/EmbeddedShims.h
/Applications/Xcode.app/Contents/Developer/Platforms/MacOSX.platform/Developer/SDKs/MacOSX26.1.sdk/usr/lib/swift/shims/SwiftStddef.h
/Applications/Xcode.app/Contents/Developer/Platforms/MacOSX.platform/Developer/SDKs/MacOSX26.1.sdk/usr/lib/swift/shims/FoundationShims.h
/Applications/Xcode.app/Contents/Developer/Platforms/MacOSX.platform/Developer/SDKs/MacOSX26.1.sdk/usr/lib/swift/shims/GlobalObjects.h
/Applications/Xcode.app/Contents/Developer/Platforms/MacOSX.platform/Developer/SDKs/MacOSX26.1.sdk/usr/lib/swift/shims/SwiftStdbool.h
/Applications/Xcode.app/Contents/Developer/Platforms/MacOSX.platform/Developer/SDKs/MacOSX26.1.sdk/usr/lib/swift/shims/HeapObject.h
/Applications/Xcode.app/Contents/Developer/Platforms/MacOSX.platform/Developer/SDKs/MacOSX26.1.sdk/usr/lib/swift/shims/RefCount.h
/Applications/Xcode.app/Contents/Developer/Platforms/MacOSX.platform/Developer/SDKs/MacOSX26.1.sdk/usr/lib/swift/shims/System.h
/Applications/Xcode.app/Contents/Developer/Platforms/MacOSX.platform/Developer/SDKs/MacOSX26.1.sdk/usr/lib/swift/shims/Target.h
/Applications/Xcode.app/Contents/Developer/Platforms/MacOSX.platform/Developer/SDKs/MacOSX26.1.sdk/usr/lib/swift/shims/KeyPath.h
/Applications/Xcode.app/Contents/Developer/Platforms/MacOSX.platform/Developer/SDKs/MacOSX26.1.sdk/usr/lib/swift/shims/LibcShims.h
/Applications/Xcode.app/Contents/Developer/Platforms/MacOSX.platform/Developer/SDKs/MacOSX26.1.sdk/usr/lib/swift/shims/MetadataSections.h
/Applications/Xcode.app/Contents/Developer/Platforms/MacOSX.platform/Developer/SDKs/MacOSX26.1.sdk/usr/lib/swift/shims/Random.h
/Applications/Xcode.app/Contents/Developer/Platforms/MacOSX.platform/Developer/SDKs/MacOSX26.1.sdk/usr/lib/swift/shims/Reflection.h
/Applications/Xcode.app/Contents/Developer/Platforms/MacOSX.platform/Developer/SDKs/MacOSX26.1.sdk/usr/lib/swift/shims/RuntimeShims.h
/Applications/Xcode.app/Contents/Developer/Platforms/MacOSX.platform/Developer/SDKs/MacOSX26.1.sdk/usr/lib/swift/shims/RuntimeStubs.h
/Applications/Xcode.app/Contents/Developer/Platforms/MacOSX.platform/Developer/SDKs/MacOSX26.1.sdk/usr/lib/swift/shims/ThreadLocalStorage.h
/Applications/Xcode.app/Contents/Developer/Platforms/MacOSX.platform/Developer/SDKs/MacOSX26.1.sdk/usr/lib/swift/shims/UnicodeData.h
/Applications/Xcode.app/Contents/Developer/Platforms/MacOSX.platform/Developer/SDKs/MacOSX26.1.sdk/SDKSettings.json
/Applications/Xcode.app/Contents/Developer/Toolchains/XcodeDefault.xctoolchain/usr/lib/swift/macosx/prebuilt-modules/26.1/System.swiftmodule/arm64e-apple-macos.swiftmodule
/Applications/Xcode.app/Contents/Developer/Toolchains/XcodeDefault.xctoolchain/usr/lib/swift/macosx/prebuilt-modules/26.1/XPC.swiftmodule/arm64e-apple-macos.swiftmodule
/Applications/Xcode.app/Contents/Developer/Platforms/MacOSX.platform/Developer/SDKs/MacOSX26.1.sdk/usr/include/XPC.apinotes
/Applications/Xcode.app/Contents/Developer/Platforms/MacOSX.platform/Developer/SDKs/MacOSX26.1.sdk/usr/include/launch.modulemap
/Applications/Xcode.app/Contents/Developer/Platforms/MacOSX.platform/Developer/SDKs/MacOSX26.1.sdk/usr/include/xpc.modulemap
/Applications/Xcode.app/Contents/Developer/Platforms/MacOSX.platform/Developer/SDKs/MacOSX26.1.sdk/usr/include/dispatch.modulemap
/Applications/Xcode.app/Contents/Developer/Platforms/MacOSX.platform/Developer/SDKs/MacOSX26.1.sdk/usr/include/os.modulemap
/Applications/Xcode.app/Contents/Developer/Platforms/MacOSX.platform/Developer/SDKs/MacOSX26.1.sdk/usr/include/Darwin.modulemap
/Applications/Xcode.app/Contents/Developer/Platforms/MacOSX.platform/Developer/SDKs/MacOSX26.1.sdk/usr/include/Darwin_C.modulemap
/Applications/Xcode.app/Contents/Developer/Platforms/MacOSX.platform/Developer/SDKs/MacOSX26.1.sdk/usr/include/Darwin_POSIX.modulemap
/Applications/Xcode.app/Contents/Developer/Platforms/MacOSX.platform/Developer/SDKs/MacOSX26.1.sdk/usr/include/net.modulemap
/Applications/Xcode.app/Contents/Developer/Platforms/MacOSX.platform/Developer/SDKs/MacOSX26.1.sdk/usr/include/netinet.modulemap
/Applications/Xcode.app/Contents/Developer/Platforms/MacOSX.platform/Developer/SDKs/MacOSX26.1.sdk/usr/include/bank.modulemap
/Applications/Xcode.app/Contents/Developer/Platforms/MacOSX.platform/Developer/SDKs/MacOSX26.1.sdk/usr/include/Darwin_Mach.modulemap
/Applications/Xcode.app/Contents/Developer/Platforms/MacOSX.platform/Developer/SDKs/MacOSX26.1.sdk/usr/include/Darwin_Mach_machine.modulemap
/Applications/Xcode.app/Contents/Developer/Platforms/MacOSX.platform/Developer/SDKs/MacOSX26.1.sdk/usr/include/mach_debug.modulemap
/Applications/Xcode.app/Contents/Developer/Platforms/MacOSX.platform/Developer/SDKs/MacOSX26.1.sdk/usr/include/device.modulemap
/Applications/Xcode.app/Contents/Developer/Platforms/MacOSX.platform/Developer/SDKs/MacOSX26.1.sdk/usr/include/Darwin_machine.modulemap
/Applications/Xcode.app/Contents/Developer/Platforms/MacOSX.platform/Developer/SDKs/MacOSX26.1.sdk/usr/include/ncurses.modulemap
/Applications/Xcode.app/Contents/Developer/Platforms/MacOSX.platform/Developer/SDKs/MacOSX26.1.sdk/usr/include/netinet6.modulemap
/Applications/Xcode.app/Contents/Developer/Platforms/MacOSX.platform/Developer/SDKs/MacOSX26.1.sdk/usr/include/Darwin_sys.modulemap
/Applications/Xcode.app/Contents/Developer/Platforms/MacOSX.platform/Developer/SDKs/MacOSX26.1.sdk/usr/include/uuid.modulemap
/Applications/Xcode.app/Contents/Developer/Platforms/MacOSX.platform/Developer/SDKs/MacOSX26.1.sdk/usr/include/DarwinFoundation2.modulemap
/Applications/Xcode.app/Contents/Developer/Platforms/MacOSX.platform/Developer/SDKs/MacOSX26.1.sdk/usr/include/DarwinFoundation3.modulemap
/Applications/Xcode.app/Contents/Developer/Platforms/MacOSX.platform/Developer/SDKs/MacOSX26.1.sdk/usr/include/DarwinFoundation1.modulemap
/Applications/Xcode.app/Contents/Developer/Platforms/MacOSX.platform/Developer/SDKs/MacOSX26.1.sdk/usr/include/xpc/xpc.h
/Applications/Xcode.app/Contents/Developer/Toolchains/XcodeDefault.xctoolchain/usr/lib/swift/clang/include/module.modulemap
/Applications/Xcode.app/Contents/Developer/Toolchains/XcodeDefault.xctoolchain/usr/lib/swift/clang/include/stdarg.h
/Applications/Xcode.app/Contents/Developer/Platforms/MacOSX.platform/Developer/SDKs/MacOSX26.1.sdk/usr/include/stdlib.h
/Applications/Xcode.app/Contents/Developer/Platforms/MacOSX.platform/Developer/SDKs/MacOSX26.1.sdk/usr/include/stdio.h
/Applications/Xcode.app/Contents/Developer/Platforms/MacOSX.platform/Developer/SDKs/MacOSX26.1.sdk/usr/include/string.h
/Applications/Xcode.app/Contents/Developer/Platforms/MacOSX.platform/Developer/SDKs/MacOSX26.1.sdk/usr/include/xpc/base.h
/Applications/Xcode.app/Contents/Developer/Platforms/MacOSX.platform/Developer/SDKs/MacOSX26.1.sdk/usr/include/xpc/availability.h
/Applications/Xcode.app/Contents/Developer/Platforms/MacOSX.platform/Developer/SDKs/MacOSX26.1.sdk/usr/include/xpc/endpoint.h
/Applications/Xcode.app/Contents/Developer/Platforms/MacOSX.platform/Developer/SDKs/MacOSX26.1.sdk/usr/include/xpc/debug.h
/Applications/Xcode.app/Contents/Developer/Platforms/MacOSX.platform/Developer/SDKs/MacOSX26.1.sdk/usr/include/xpc/activity.h
/Applications/Xcode.app/Contents/Developer/Platforms/MacOSX.platform/Developer/SDKs/MacOSX26.1.sdk/usr/include/xpc/peer_requirement.h
/Applications/Xcode.app/Contents/Developer/Platforms/MacOSX.platform/Developer/SDKs/MacOSX26.1.sdk/usr/include/xpc/connection.h
/Applications/Xcode.app/Contents/Developer/Platforms/MacOSX.platform/Developer/SDKs/MacOSX26.1.sdk/usr/include/xpc/rich_error.h
/Applications/Xcode.app/Contents/Developer/Platforms/MacOSX.platform/Developer/SDKs/MacOSX26.1.sdk/usr/include/xpc/session.h
/Applications/Xcode.app/Contents/Developer/Platforms/MacOSX.platform/Developer/SDKs/MacOSX26.1.sdk/usr/include/xpc/listener.h
/Applications/Xcode.app/Contents/Developer/Platforms/MacOSX.platform/Developer/SDKs/MacOSX26.1.sdk/SDKSettings.json
/Applications/Xcode.app/Contents/Developer/Platforms/MacOSX.platform/Developer/SDKs/MacOSX26.1.sdk/usr/include/DarwinFoundation1.modulemap
/Applications/Xcode.app/Contents/Developer/Platforms/MacOSX.platform/Developer/SDKs/MacOSX26.1.sdk/usr/include/AvailabilityInternal.h
/Applications/Xcode.app/Contents/Developer/Platforms/MacOSX.platform/Developer/SDKs/MacOSX26.1.sdk/usr/include/AvailabilityVersions.h
/Applications/Xcode.app/Contents/Developer/Platforms/MacOSX.platform/Developer/SDKs/MacOSX26.1.sdk/usr/include/AvailabilityInternalLegacy.h
/Applications/Xcode.app/Contents/Developer/Platforms/MacOSX.platform/Developer/SDKs/MacOSX26.1.sdk/SDKSettings.json
/Applications/Xcode.app/Contents/Developer/Toolchains/XcodeDefault.xctoolchain/usr/lib/swift/clang/include/module.modulemap
/Applications/Xcode.app/Contents/Developer/Toolchains/XcodeDefault.xctoolchain/usr/lib/swift/clang/include/float.h
/Applications/Xcode.app/Contents/Developer/Platforms/MacOSX.platform/Developer/SDKs/MacOSX26.1.sdk/SDKSettings.json
/Applications/Xcode.app/Contents/Developer/Toolchains/XcodeDefault.xctoolchain/usr/lib/swift/macosx/prebuilt-modules/26.1/_Builtin_float.swiftmodule/arm64e-apple-macos.swiftmodule
/Applications/Xcode.app/Contents/Developer/Toolchains/XcodeDefault.xctoolchain/usr/lib/swift/clang/include/module.modulemap
/Applications/Xcode.app/Contents/Developer/Toolchains/XcodeDefault.xctoolchain/usr/lib/swift/clang/include/inttypes.h
/Applications/Xcode.app/Contents/Developer/Platforms/MacOSX.platform/Developer/SDKs/MacOSX26.1.sdk/usr/include/DarwinFoundation3.modulemap
/Applications/Xcode.app/Contents/Developer/Platforms/MacOSX.platform/Developer/SDKs/MacOSX26.1.sdk/usr/include/inttypes.h
/Applications/Xcode.app/Contents/Developer/Platforms/MacOSX.platform/Developer/SDKs/MacOSX26.1.sdk/SDKSettings.json
/Applications/Xcode.app/Contents/Developer/Toolchains/XcodeDefault.xctoolchain/usr/lib/swift/clang/include/module.modulemap
/Applications/Xcode.app/Contents/Developer/Toolchains/XcodeDefault.xctoolchain/usr/lib/swift/clang/include/limits.h
/Applications/Xcode.app/Contents/Developer/Platforms/MacOSX.platform/Developer/SDKs/MacOSX26.1.sdk/usr/include/DarwinFoundation1.modulemap
/Applications/Xcode.app/Contents/Developer/Platforms/MacOSX.platform/Developer/SDKs/MacOSX26.1.sdk/SDKSettings.json
/Applications/Xcode.app/Contents/Developer/Toolchains/XcodeDefault.xctoolchain/usr/lib/swift/clang/include/module.modulemap
/Applications/Xcode.app/Contents/Developer/Toolchains/XcodeDefault.xctoolchain/usr/lib/swift/clang/include/__stdarg___gnuc_va_list.h
/Applications/Xcode.app/Contents/Developer/Toolchains/XcodeDefault.xctoolchain/usr/lib/swift/clang/include/__stdarg___va_copy.h
/Applications/Xcode.app/Contents/Developer/Toolchains/XcodeDefault.xctoolchain/usr/lib/swift/clang/include/__stdarg_header_macro.h
/Applications/Xcode.app/Contents/Developer/Toolchains/XcodeDefault.xctoolchain/usr/lib/swift/clang/include/__stdarg_va_arg.h
/Applications/Xcode.app/Contents/Developer/Toolchains/XcodeDefault.xctoolchain/usr/lib/swift/clang/include/__stdarg_va_copy.h
/Applications/Xcode.app/Contents/Developer/Toolchains/XcodeDefault.xctoolchain/usr/lib/swift/clang/include/__stdarg_va_list.h
/Applications/Xcode.app/Contents/Developer/Platforms/MacOSX.platform/Developer/SDKs/MacOSX26.1.sdk/SDKSettings.json
/Applications/Xcode.app/Contents/Developer/Toolchains/XcodeDefault.xctoolchain/usr/lib/swift/clang/include/module.modulemap
/Applications/Xcode.app/Contents/Developer/Toolchains/XcodeDefault.xctoolchain/usr/lib/swift/clang/include/stdatomic.h
/Applications/Xcode.app/Contents/Developer/Toolchains/XcodeDefault.xctoolchain/usr/lib/swift/clang/include/stddef.h
/Applications/Xcode.app/Contents/Developer/Platforms/MacOSX.platform/Developer/SDKs/MacOSX26.1.sdk/SDKSettings.json
/Applications/Xcode.app/Contents/Developer/Toolchains/XcodeDefault.xctoolchain/usr/lib/swift/clang/include/module.modulemap
/Applications/Xcode.app/Contents/Developer/Toolchains/XcodeDefault.xctoolchain/usr/lib/swift/clang/include/stdbool.h
/Applications/Xcode.app/Contents/Developer/Platforms/MacOSX.platform/Developer/SDKs/MacOSX26.1.sdk/SDKSettings.json
/Applications/Xcode.app/Contents/Developer/Toolchains/XcodeDefault.xctoolchain/usr/lib/swift/clang/include/module.modulemap
/Applications/Xcode.app/Contents/Developer/Toolchains/XcodeDefault.xctoolchain/usr/lib/swift/clang/include/__stddef_header_macro.h
/Applications/Xcode.app/Contents/Developer/Toolchains/XcodeDefault.xctoolchain/usr/lib/swift/clang/include/__stddef_max_align_t.h
/Applications/Xcode.app/Contents/Developer/Toolchains/XcodeDefault.xctoolchain/usr/lib/swift/clang/include/__stddef_null.h
/Applications/Xcode.app/Contents/Developer/Toolchains/XcodeDefault.xctoolchain/usr/lib/swift/clang/include/__stddef_nullptr_t.h
/Applications/Xcode.app/Contents/Developer/Toolchains/XcodeDefault.xctoolchain/usr/lib/swift/clang/include/__stddef_offsetof.h
/Applications/Xcode.app/Contents/Developer/Toolchains/XcodeDefault.xctoolchain/usr/lib/swift/clang/include/__stddef_ptrdiff_t.h
/Applications/Xcode.app/Contents/Developer/Toolchains/XcodeDefault.xctoolchain/usr/lib/swift/clang/include/__stddef_rsize_t.h
/Applications/Xcode.app/Contents/Developer/Toolchains/XcodeDefault.xctoolchain/usr/lib/swift/clang/include/__stddef_size_t.h
/Applications/Xcode.app/Contents/Developer/Toolchains/XcodeDefault.xctoolchain/usr/lib/swift/clang/include/__stddef_unreachable.h
/Applications/Xcode.app/Contents/Developer/Toolchains/XcodeDefault.xctoolchain/usr/lib/swift/clang/include/__stddef_wchar_t.h
/Applications/Xcode.app/Contents/Developer/Platforms/MacOSX.platform/Developer/SDKs/MacOSX26.1.sdk/SDKSettings.json
/Applications/Xcode.app/Contents/Developer/Toolchains/XcodeDefault.xctoolchain/usr/lib/swift/clang/include/module.modulemap
/Applications/Xcode.app/Contents/Developer/Toolchains/XcodeDefault.xctoolchain/usr/lib/swift/clang/include/stdint.h
/Applications/Xcode.app/Contents/Developer/Platforms/MacOSX.platform/Developer/SDKs/MacOSX26.1.sdk/usr/include/DarwinFoundation2.modulemap
/Applications/Xcode.app/Contents/Developer/Platforms/MacOSX.platform/Developer/SDKs/MacOSX26.1.sdk/SDKSettings.json
/Applications/Xcode.app/Contents/Developer/Toolchains/XcodeDefault.xctoolchain/usr/lib/swift/macosx/prebuilt-modules/26.1/_Concurrency.swiftmodule/arm64e-apple-macos.swiftmodule
/Applications/Xcode.app/Contents/Developer/Toolchains/XcodeDefault.xctoolchain/usr/lib/swift/macosx/prebuilt-modules/26.1/_DarwinFoundation1.swiftmodule/arm64e-apple-macos.swiftmodule
/Applications/Xcode.app/Contents/Developer/Platforms/MacOSX.platform/Developer/SDKs/MacOSX26.1.sdk/usr/include/DarwinFoundation1.modulemap
/Applications/Xcode.app/Contents/Developer/Platforms/MacOSX.platform/Developer/SDKs/MacOSX26.1.sdk/usr/include/sys/appleapiopts.h
/Applications/Xcode.app/Contents/Developer/Platforms/MacOSX.platform/Developer/SDKs/MacOSX26.1.sdk/usr/include/os/availability.h
/Applications/Xcode.app/Contents/Developer/Platforms/MacOSX.platform/Developer/SDKs/MacOSX26.1.sdk/usr/include/Availability.h
/Applications/Xcode.app/Contents/Developer/Platforms/MacOSX.platform/Developer/SDKs/MacOSX26.1.sdk/usr/include/AvailabilityMacros.h
/Applications/Xcode.app/Contents/Developer/Platforms/MacOSX.platform/Developer/SDKs/MacOSX26.1.sdk/usr/include/TargetConditionals.h
/Applications/Xcode.app/Contents/Developer/Platforms/MacOSX.platform/Developer/SDKs/MacOSX26.1.sdk/usr/include/_bounds.h
/Applications/Xcode.app/Contents/Developer/Platforms/MacOSX.platform/Developer/SDKs/MacOSX26.1.sdk/usr/include/sys/cdefs.h
/Applications/Xcode.app/Contents/Developer/Platforms/MacOSX.platform/Developer/SDKs/MacOSX26.1.sdk/usr/include/sys/_symbol_aliasing.h
/Applications/Xcode.app/Contents/Developer/Platforms/MacOSX.platform/Developer/SDKs/MacOSX26.1.sdk/usr/include/sys/_posix_availability.h
/Applications/Xcode.app/Contents/Developer/Toolchains/XcodeDefault.xctoolchain/usr/lib/swift/clang/include/module.modulemap
/Applications/Xcode.app/Contents/Developer/Platforms/MacOSX.platform/Developer/SDKs/MacOSX26.1.sdk/usr/include/sys/qos.h
/Applications/Xcode.app/Contents/Developer/Platforms/MacOSX.platform/Developer/SDKs/MacOSX26.1.sdk/usr/include/machine/_endian.h
/Applications/Xcode.app/Contents/Developer/Platforms/MacOSX.platform/Developer/SDKs/MacOSX26.1.sdk/usr/include/arm/_endian.h
/Applications/Xcode.app/Contents/Developer/Platforms/MacOSX.platform/Developer/SDKs/MacOSX26.1.sdk/usr/include/sys/__endian.h
/Applications/Xcode.app/Contents/Developer/Platforms/MacOSX.platform/Developer/SDKs/MacOSX26.1.sdk/usr/include/i386/_endian.h
/Applications/Xcode.app/Contents/Developer/Platforms/MacOSX.platform/Developer/SDKs/MacOSX26.1.sdk/usr/include/__xlocale.h
/Applications/Xcode.app/Contents/Developer/Platforms/MacOSX.platform/Developer/SDKs/MacOSX26.1.sdk/usr/include/_mb_cur_max.h
/Applications/Xcode.app/Contents/Developer/Platforms/MacOSX.platform/Developer/SDKs/MacOSX26.1.sdk/usr/include/_types/_locale_t.h
/Applications/Xcode.app/Contents/Developer/Platforms/MacOSX.platform/Developer/SDKs/MacOSX26.1.sdk/usr/include/sys/_types/_u_char.h
/Applications/Xcode.app/Contents/Developer/Platforms/MacOSX.platform/Developer/SDKs/MacOSX26.1.sdk/usr/include/sys/_types/_u_short.h
/Applications/Xcode.app/Contents/Developer/Platforms/MacOSX.platform/Developer/SDKs/MacOSX26.1.sdk/usr/include/sys/_types/_u_int.h
/Applications/Xcode.app/Contents/Developer/Platforms/MacOSX.platform/Developer/SDKs/MacOSX26.1.sdk/usr/include/sys/_types/_u_int8_t.h
/Applications/Xcode.app/Contents/Developer/Platforms/MacOSX.platform/Developer/SDKs/MacOSX26.1.sdk/usr/include/sys/_types/_u_int16_t.h
/Applications/Xcode.app/Contents/Developer/Platforms/MacOSX.platform/Developer/SDKs/MacOSX26.1.sdk/usr/include/sys/_types/_u_int32_t.h
/Applications/Xcode.app/Contents/Developer/Platforms/MacOSX.platform/Developer/SDKs/MacOSX26.1.sdk/usr/include/sys/_types/_u_int64_t.h
/Applications/Xcode.app/Contents/Developer/Platforms/MacOSX.platform/Developer/SDKs/MacOSX26.1.sdk/usr/include/_assert.h
/Applications/Xcode.app/Contents/Developer/Platforms/MacOSX.platform/Developer/SDKs/MacOSX26.1.sdk/usr/include/_static_assert.h
/Applications/Xcode.app/Contents/Developer/Platforms/MacOSX.platform/Developer/SDKs/MacOSX26.1.sdk/usr/include/complex.h
/Applications/Xcode.app/Contents/Developer/Platforms/MacOSX.platform/Developer/SDKs/MacOSX26.1.sdk/usr/include/errno.h
/Applications/Xcode.app/Contents/Developer/Platforms/MacOSX.platform/Developer/SDKs/MacOSX26.1.sdk/usr/include/sys/errno.h
/Applications/Xcode.app/Contents/Developer/Platforms/MacOSX.platform/Developer/SDKs/MacOSX26.1.sdk/usr/include/sys/_types/_errno_t.h
/Applications/Xcode.app/Contents/Developer/Platforms/MacOSX.platform/Developer/SDKs/MacOSX26.1.sdk/usr/include/fenv.h
/Applications/Xcode.app/Contents/Developer/Platforms/MacOSX.platform/Developer/SDKs/MacOSX26.1.sdk/usr/include/limits.h
/Applications/Xcode.app/Contents/Developer/Platforms/MacOSX.platform/Developer/SDKs/MacOSX26.1.sdk/usr/include/machine/limits.h
/Applications/Xcode.app/Contents/Developer/Platforms/MacOSX.platform/Developer/SDKs/MacOSX26.1.sdk/usr/include/arm/limits.h
/Applications/Xcode.app/Contents/Developer/Platforms/MacOSX.platform/Developer/SDKs/MacOSX26.1.sdk/usr/include/arm/_limits.h
/Applications/Xcode.app/Contents/Developer/Platforms/MacOSX.platform/Developer/SDKs/MacOSX26.1.sdk/usr/include/sys/syslimits.h
/Applications/Xcode.app/Contents/Developer/Platforms/MacOSX.platform/Developer/SDKs/MacOSX26.1.sdk/usr/include/i386/limits.h
/Applications/Xcode.app/Contents/Developer/Platforms/MacOSX.platform/Developer/SDKs/MacOSX26.1.sdk/usr/include/machine/_limits.h
/Applications/Xcode.app/Contents/Developer/Platforms/MacOSX.platform/Developer/SDKs/MacOSX26.1.sdk/usr/include/i386/_limits.h
/Applications/Xcode.app/Contents/Developer/Platforms/MacOSX.platform/Developer/SDKs/MacOSX26.1.sdk/usr/include/math.h
/Applications/Xcode.app/Contents/Developer/Platforms/MacOSX.platform/Developer/SDKs/MacOSX26.1.sdk/usr/include/setjmp.h
/Applications/Xcode.app/Contents/Developer/Platforms/MacOSX.platform/Developer/SDKs/MacOSX26.1.sdk/SDKSettings.json
/Applications/Xcode.app/Contents/Developer/Toolchains/XcodeDefault.xctoolchain/usr/lib/swift/macosx/prebuilt-modules/26.1/_DarwinFoundation2.swiftmodule/arm64e-apple-macos.swiftmodule
/Applications/Xcode.app/Contents/Developer/Platforms/MacOSX.platform/Developer/SDKs/MacOSX26.1.sdk/usr/include/_DarwinFoundation2.apinotes
/Applications/Xcode.app/Contents/Developer/Platforms/MacOSX.platform/Developer/SDKs/MacOSX26.1.sdk/usr/include/DarwinFoundation2.modulemap
/Applications/Xcode.app/Contents/Developer/Platforms/MacOSX.platform/Developer/SDKs/MacOSX26.1.sdk/usr/include/DarwinFoundation1.modulemap
/Applications/Xcode.app/Contents/Developer/Platforms/MacOSX.platform/Developer/SDKs/MacOSX26.1.sdk/usr/include/nl_types.h
/Applications/Xcode.app/Contents/Developer/Platforms/MacOSX.platform/Developer/SDKs/MacOSX26.1.sdk/usr/include/sys/types.h
/Applications/Xcode.app/Contents/Developer/Platforms/MacOSX.platform/Developer/SDKs/MacOSX26.1.sdk/usr/include/machine/types.h
/Applications/Xcode.app/Contents/Developer/Platforms/MacOSX.platform/Developer/SDKs/MacOSX26.1.sdk/usr/include/arm/types.h
/Applications/Xcode.app/Contents/Developer/Platforms/MacOSX.platform/Developer/SDKs/MacOSX26.1.sdk/usr/include/arm/_types.h
/Applications/Xcode.app/Contents/Developer/Platforms/MacOSX.platform/Developer/SDKs/MacOSX26.1.sdk/usr/include/sys/_types/_ptrdiff_t.h
/Applications/Xcode.app/Contents/Developer/Toolchains/XcodeDefault.xctoolchain/usr/lib/swift/clang/include/module.modulemap
/Applications/Xcode.app/Contents/Developer/Toolchains/XcodeDefault.xctoolchain/usr/lib/swift/clang/include/stddef.h
/Applications/Xcode.app/Contents/Developer/Platforms/MacOSX.platform/Developer/SDKs/MacOSX26.1.sdk/usr/include/sys/_types/_size_t.h
/Applications/Xcode.app/Contents/Developer/Platforms/MacOSX.platform/Developer/SDKs/MacOSX26.1.sdk/usr/include/sys/_types/_va_list.h
/Applications/Xcode.app/Contents/Developer/Toolchains/XcodeDefault.xctoolchain/usr/lib/swift/clang/include/stdarg.h
/Applications/Xcode.app/Contents/Developer/Platforms/MacOSX.platform/Developer/SDKs/MacOSX26.1.sdk/usr/include/sys/_types/_wchar_t.h
/Applications/Xcode.app/Contents/Developer/Platforms/MacOSX.platform/Developer/SDKs/MacOSX26.1.sdk/usr/include/sys/_types/_int8_t.h
/Applications/Xcode.app/Contents/Developer/Platforms/MacOSX.platform/Developer/SDKs/MacOSX26.1.sdk/usr/include/sys/_types/_int16_t.h
/Applications/Xcode.app/Contents/Developer/Platforms/MacOSX.platform/Developer/SDKs/MacOSX26.1.sdk/usr/include/sys/_types/_int32_t.h
/Applications/Xcode.app/Contents/Developer/Platforms/MacOSX.platform/Developer/SDKs/MacOSX26.1.sdk/usr/include/sys/_types/_int64_t.h
/Applications/Xcode.app/Contents/Developer/Platforms/MacOSX.platform/Developer/SDKs/MacOSX26.1.sdk/usr/include/sys/_types/_intptr_t.h
/Applications/Xcode.app/Contents/Developer/Platforms/MacOSX.platform/Developer/SDKs/MacOSX26.1.sdk/usr/include/machine/_types.h
/Applications/Xcode.app/Contents/Developer/Platforms/MacOSX.platform/Developer/SDKs/MacOSX26.1.sdk/usr/include/sys/_types/_uintptr_t.h
/Applications/Xcode.app/Contents/Developer/Platforms/MacOSX.platform/Developer/SDKs/MacOSX26.1.sdk/usr/include/sys/_types.h
/Applications/Xcode.app/Contents/Developer/Platforms/MacOSX.platform/Developer/SDKs/MacOSX26.1.sdk/usr/include/sys/_types/_null.h
/Applications/Xcode.app/Contents/Developer/Platforms/MacOSX.platform/Developer/SDKs/MacOSX26.1.sdk/usr/include/sys/_pthread/_pthread_types.h
/Applications/Xcode.app/Contents/Developer/Platforms/MacOSX.platform/Developer/SDKs/MacOSX26.1.sdk/usr/include/machine/endian.h
/Applications/Xcode.app/Contents/Developer/Platforms/MacOSX.platform/Developer/SDKs/MacOSX26.1.sdk/usr/include/arm/endian.h
/Applications/Xcode.app/Contents/Developer/Platforms/MacOSX.platform/Developer/SDKs/MacOSX26.1.sdk/usr/include/sys/_endian.h
/Applications/Xcode.app/Contents/Developer/Platforms/MacOSX.platform/Developer/SDKs/MacOSX26.1.sdk/usr/include/libkern/_OSByteOrder.h
/Applications/Xcode.app/Contents/Developer/Platforms/MacOSX.platform/Developer/SDKs/MacOSX26.1.sdk/usr/include/libkern/arm/_OSByteOrder.h
/Applications/Xcode.app/Contents/Developer/Platforms/MacOSX.platform/Developer/SDKs/MacOSX26.1.sdk/usr/include/sys/_types/_caddr_t.h
/Applications/Xcode.app/Contents/Developer/Platforms/MacOSX.platform/Developer/SDKs/MacOSX26.1.sdk/usr/include/sys/_types/_dev_t.h
/Applications/Xcode.app/Contents/Developer/Platforms/MacOSX.platform/Developer/SDKs/MacOSX26.1.sdk/usr/include/sys/_types/_blkcnt_t.h
/Applications/Xcode.app/Contents/Developer/Platforms/MacOSX.platform/Developer/SDKs/MacOSX26.1.sdk/usr/include/sys/_types/_blksize_t.h
/Applications/Xcode.app/Contents/Developer/Platforms/MacOSX.platform/Developer/SDKs/MacOSX26.1.sdk/usr/include/sys/_types/_gid_t.h
/Applications/Xcode.app/Contents/Developer/Platforms/MacOSX.platform/Developer/SDKs/MacOSX26.1.sdk/usr/include/sys/_types/_in_addr_t.h
/Applications/Xcode.app/Contents/Developer/Platforms/MacOSX.platform/Developer/SDKs/MacOSX26.1.sdk/usr/include/sys/_types/_in_port_t.h
/Applications/Xcode.app/Contents/Developer/Platforms/MacOSX.platform/Developer/SDKs/MacOSX26.1.sdk/usr/include/sys/_types/_ino_t.h
/Applications/Xcode.app/Contents/Developer/Platforms/MacOSX.platform/Developer/SDKs/MacOSX26.1.sdk/usr/include/sys/_types/_ino64_t.h
/Applications/Xcode.app/Contents/Developer/Platforms/MacOSX.platform/Developer/SDKs/MacOSX26.1.sdk/usr/include/sys/_types/_key_t.h
/Applications/Xcode.app/Contents/Developer/Platforms/MacOSX.platform/Developer/SDKs/MacOSX26.1.sdk/usr/include/sys/_types/_mode_t.h
/Applications/Xcode.app/Contents/Developer/Platforms/MacOSX.platform/Developer/SDKs/MacOSX26.1.sdk/usr/include/sys/_types/_nlink_t.h
/Applications/Xcode.app/Contents/Developer/Platforms/MacOSX.platform/Developer/SDKs/MacOSX26.1.sdk/usr/include/sys/_types/_id_t.h
/Applications/Xcode.app/Contents/Developer/Platforms/MacOSX.platform/Developer/SDKs/MacOSX26.1.sdk/usr/include/sys/_types/_pid_t.h
/Applications/Xcode.app/Contents/Developer/Platforms/MacOSX.platform/Developer/SDKs/MacOSX26.1.sdk/usr/include/sys/_types/_off_t.h
/Applications/Xcode.app/Contents/Developer/Platforms/MacOSX.platform/Developer/SDKs/MacOSX26.1.sdk/usr/include/sys/_types/_uid_t.h
/Applications/Xcode.app/Contents/Developer/Platforms/MacOSX.platform/Developer/SDKs/MacOSX26.1.sdk/usr/include/sys/_types/_clock_t.h
/Applications/Xcode.app/Contents/Developer/Platforms/MacOSX.platform/Developer/SDKs/MacOSX26.1.sdk/usr/include/sys/_types/_ssize_t.h
/Applications/Xcode.app/Contents/Developer/Platforms/MacOSX.platform/Developer/SDKs/MacOSX26.1.sdk/usr/include/sys/_types/_time_t.h
/Applications/Xcode.app/Contents/Developer/Platforms/MacOSX.platform/Developer/SDKs/MacOSX26.1.sdk/usr/include/sys/_types/_useconds_t.h
/Applications/Xcode.app/Contents/Developer/Platforms/MacOSX.platform/Developer/SDKs/MacOSX26.1.sdk/usr/include/sys/_types/_suseconds_t.h
/Applications/Xcode.app/Contents/Developer/Platforms/MacOSX.platform/Developer/SDKs/MacOSX26.1.sdk/usr/include/sys/_types/_rsize_t.h
/Applications/Xcode.app/Contents/Developer/Platforms/MacOSX.platform/Developer/SDKs/MacOSX26.1.sdk/usr/include/sys/_types/_fd_def.h
/Applications/Xcode.app/Contents/Developer/Platforms/MacOSX.platform/Developer/SDKs/MacOSX26.1.sdk/usr/include/sys/_types/_fd_setsize.h
/Applications/Xcode.app/Contents/Developer/Platforms/MacOSX.platform/Developer/SDKs/MacOSX26.1.sdk/usr/include/sys/_types/_fd_set.h
/Applications/Xcode.app/Contents/Developer/Platforms/MacOSX.platform/Developer/SDKs/MacOSX26.1.sdk/usr/include/sys/_types/_fd_clr.h
/Applications/Xcode.app/Contents/Developer/Platforms/MacOSX.platform/Developer/SDKs/MacOSX26.1.sdk/usr/include/sys/_types/_fd_zero.h
/Applications/Xcode.app/Contents/Developer/Platforms/MacOSX.platform/Developer/SDKs/MacOSX26.1.sdk/usr/include/sys/_types/_fd_isset.h
/Applications/Xcode.app/Contents/Developer/Platforms/MacOSX.platform/Developer/SDKs/MacOSX26.1.sdk/usr/include/sys/_types/_fd_copy.h
/Applications/Xcode.app/Contents/Developer/Platforms/MacOSX.platform/Developer/SDKs/MacOSX26.1.sdk/usr/include/sys/_pthread/_pthread_attr_t.h
/Applications/Xcode.app/Contents/Developer/Platforms/MacOSX.platform/Developer/SDKs/MacOSX26.1.sdk/usr/include/sys/_pthread/_pthread_cond_t.h
/Applications/Xcode.app/Contents/Developer/Platforms/MacOSX.platform/Developer/SDKs/MacOSX26.1.sdk/usr/include/sys/_pthread/_pthread_condattr_t.h
/Applications/Xcode.app/Contents/Developer/Platforms/MacOSX.platform/Developer/SDKs/MacOSX26.1.sdk/usr/include/sys/_pthread/_pthread_mutex_t.h
/Applications/Xcode.app/Contents/Developer/Platforms/MacOSX.platform/Developer/SDKs/MacOSX26.1.sdk/usr/include/sys/_pthread/_pthread_mutexattr_t.h
/Applications/Xcode.app/Contents/Developer/Platforms/MacOSX.platform/Developer/SDKs/MacOSX26.1.sdk/usr/include/sys/_pthread/_pthread_once_t.h
/Applications/Xcode.app/Contents/Developer/Platforms/MacOSX.platform/Developer/SDKs/MacOSX26.1.sdk/usr/include/sys/_pthread/_pthread_rwlock_t.h
/Applications/Xcode.app/Contents/Developer/Platforms/MacOSX.platform/Developer/SDKs/MacOSX26.1.sdk/usr/include/sys/_pthread/_pthread_rwlockattr_t.h
/Applications/Xcode.app/Contents/Developer/Platforms/MacOSX.platform/Developer/SDKs/MacOSX26.1.sdk/usr/include/sys/_pthread/_pthread_t.h
/Applications/Xcode.app/Contents/Developer/Platforms/MacOSX.platform/Developer/SDKs/MacOSX26.1.sdk/usr/include/sys/_pthread/_pthread_key_t.h
/Applications/Xcode.app/Contents/Developer/Platforms/MacOSX.platform/Developer/SDKs/MacOSX26.1.sdk/usr/include/sys/_types/_fsblkcnt_t.h
/Applications/Xcode.app/Contents/Developer/Platforms/MacOSX.platform/Developer/SDKs/MacOSX26.1.sdk/usr/include/sys/_types/_fsfilcnt_t.h
/Applications/Xcode.app/Contents/Developer/Platforms/MacOSX.platform/Developer/SDKs/MacOSX26.1.sdk/usr/include/_types.h
/Applications/Xcode.app/Contents/Developer/Platforms/MacOSX.platform/Developer/SDKs/MacOSX26.1.sdk/usr/include/_types/_nl_item.h
/Applications/Xcode.app/Contents/Developer/Platforms/MacOSX.platform/Developer/SDKs/MacOSX26.1.sdk/usr/include/runetype.h
/Applications/Xcode.app/Contents/Developer/Platforms/MacOSX.platform/Developer/SDKs/MacOSX26.1.sdk/usr/include/sys/_types/_ct_rune_t.h
/Applications/Xcode.app/Contents/Developer/Platforms/MacOSX.platform/Developer/SDKs/MacOSX26.1.sdk/usr/include/sys/_types/_rune_t.h
/Applications/Xcode.app/Contents/Developer/Platforms/MacOSX.platform/Developer/SDKs/MacOSX26.1.sdk/usr/include/sys/_types/_wint_t.h
/Applications/Xcode.app/Contents/Developer/Platforms/MacOSX.platform/Developer/SDKs/MacOSX26.1.sdk/usr/include/alloca.h
/Applications/Xcode.app/Contents/Developer/Platforms/MacOSX.platform/Developer/SDKs/MacOSX26.1.sdk/usr/include/i386/endian.h
/Applications/Xcode.app/Contents/Developer/Platforms/MacOSX.platform/Developer/SDKs/MacOSX26.1.sdk/usr/include/libkern/i386/_OSByteOrder.h
/Applications/Xcode.app/Contents/Developer/Platforms/MacOSX.platform/Developer/SDKs/MacOSX26.1.sdk/usr/include/secure/_common.h
/Applications/Xcode.app/Contents/Developer/Platforms/MacOSX.platform/Developer/SDKs/MacOSX26.1.sdk/usr/include/sys/_types/_mach_port_t.h
/Applications/Xcode.app/Contents/Developer/Platforms/MacOSX.platform/Developer/SDKs/MacOSX26.1.sdk/usr/include/sys/_types/_offsetof.h
/Applications/Xcode.app/Contents/Developer/Platforms/MacOSX.platform/Developer/SDKs/MacOSX26.1.sdk/usr/include/_strings.h
/Applications/Xcode.app/Contents/Developer/Platforms/MacOSX.platform/Developer/SDKs/MacOSX26.1.sdk/usr/include/secure/_strings.h
/Applications/Xcode.app/Contents/Developer/Platforms/MacOSX.platform/Developer/SDKs/MacOSX26.1.sdk/usr/include/sys/_types/_timeval.h
/Applications/Xcode.app/Contents/Developer/Platforms/MacOSX.platform/Developer/SDKs/MacOSX26.1.sdk/usr/include/sys/_types/_uuid_t.h
/Applications/Xcode.app/Contents/Developer/Platforms/MacOSX.platform/Developer/SDKs/MacOSX26.1.sdk/usr/include/i386/types.h
/Applications/Xcode.app/Contents/Developer/Platforms/MacOSX.platform/Developer/SDKs/MacOSX26.1.sdk/usr/include/i386/_types.h
/Applications/Xcode.app/Contents/Developer/Platforms/MacOSX.platform/Developer/SDKs/MacOSX26.1.sdk/usr/include/_ctype.h
/Applications/Xcode.app/Contents/Developer/Platforms/MacOSX.platform/Developer/SDKs/MacOSX26.1.sdk/usr/include/xlocale/_ctype.h
/Applications/Xcode.app/Contents/Developer/Platforms/MacOSX.platform/Developer/SDKs/MacOSX26.1.sdk/usr/include/locale.h
/Applications/Xcode.app/Contents/Developer/Platforms/MacOSX.platform/Developer/SDKs/MacOSX26.1.sdk/usr/include/_locale.h
/Applications/Xcode.app/Contents/Developer/Platforms/MacOSX.platform/Developer/SDKs/MacOSX26.1.sdk/usr/include/_locale_posix2008.h
/Applications/Xcode.app/Contents/Developer/Platforms/MacOSX.platform/Developer/SDKs/MacOSX26.1.sdk/usr/include/stdint.h
/Applications/Xcode.app/Contents/Developer/Platforms/MacOSX.platform/Developer/SDKs/MacOSX26.1.sdk/usr/include/_types/_uint8_t.h
/Applications/Xcode.app/Contents/Developer/Platforms/MacOSX.platform/Developer/SDKs/MacOSX26.1.sdk/usr/include/_types/_uint16_t.h
/Applications/Xcode.app/Contents/Developer/Platforms/MacOSX.platform/Developer/SDKs/MacOSX26.1.sdk/usr/include/_types/_uint32_t.h
/Applications/Xcode.app/Contents/Developer/Platforms/MacOSX.platform/Developer/SDKs/MacOSX26.1.sdk/usr/include/_types/_uint64_t.h
/Applications/Xcode.app/Contents/Developer/Platforms/MacOSX.platform/Developer/SDKs/MacOSX26.1.sdk/usr/include/_types/_intmax_t.h
/Applications/Xcode.app/Contents/Developer/Platforms/MacOSX.platform/Developer/SDKs/MacOSX26.1.sdk/usr/include/_types/_uintmax_t.h
/Applications/Xcode.app/Contents/Developer/Platforms/MacOSX.platform/Developer/SDKs/MacOSX26.1.sdk/usr/include/_stdio.h
/Applications/Xcode.app/Contents/Developer/Platforms/MacOSX.platform/Developer/SDKs/MacOSX26.1.sdk/usr/include/sys/stdio.h
/Applications/Xcode.app/Contents/Developer/Platforms/MacOSX.platform/Developer/SDKs/MacOSX26.1.sdk/usr/include/_printf.h
/Applications/Xcode.app/Contents/Developer/Platforms/MacOSX.platform/Developer/SDKs/MacOSX26.1.sdk/usr/include/sys/_types/_seek_set.h
/Applications/Xcode.app/Contents/Developer/Platforms/MacOSX.platform/Developer/SDKs/MacOSX26.1.sdk/usr/include/_ctermid.h
/Applications/Xcode.app/Contents/Developer/Platforms/MacOSX.platform/Developer/SDKs/MacOSX26.1.sdk/usr/include/secure/_stdio.h
/Applications/Xcode.app/Contents/Developer/Platforms/MacOSX.platform/Developer/SDKs/MacOSX26.1.sdk/usr/include/xlocale/_stdio.h
/Applications/Xcode.app/Contents/Developer/Platforms/MacOSX.platform/Developer/SDKs/MacOSX26.1.sdk/usr/include/_string.h
/Applications/Xcode.app/Contents/Developer/Platforms/MacOSX.platform/Developer/SDKs/MacOSX26.1.sdk/usr/include/secure/_string.h
/Applications/Xcode.app/Contents/Developer/Platforms/MacOSX.platform/Developer/SDKs/MacOSX26.1.sdk/usr/include/xlocale/_string.h
/Applications/Xcode.app/Contents/Developer/Platforms/MacOSX.platform/Developer/SDKs/MacOSX26.1.sdk/usr/include/tgmath.h
/Applications/Xcode.app/Contents/Developer/Platforms/MacOSX.platform/Developer/SDKs/MacOSX26.1.sdk/usr/include/_time.h
/Applications/Xcode.app/Contents/Developer/Platforms/MacOSX.platform/Developer/SDKs/MacOSX26.1.sdk/usr/include/sys/_types/_timespec.h
/Applications/Xcode.app/Contents/Developer/Platforms/MacOSX.platform/Developer/SDKs/MacOSX26.1.sdk/usr/include/xlocale/_time.h
/Applications/Xcode.app/Contents/Developer/Platforms/MacOSX.platform/Developer/SDKs/MacOSX26.1.sdk/SDKSettings.json
/Applications/Xcode.app/Contents/Developer/Toolchains/XcodeDefault.xctoolchain/usr/lib/swift/macosx/prebuilt-modules/26.1/_DarwinFoundation3.swiftmodule/arm64e-apple-macos.swiftmodule
/Applications/Xcode.app/Contents/Developer/Platforms/MacOSX.platform/Developer/SDKs/MacOSX26.1.sdk/usr/include/DarwinFoundation2.modulemap
/Applications/Xcode.app/Contents/Developer/Platforms/MacOSX.platform/Developer/SDKs/MacOSX26.1.sdk/usr/include/DarwinFoundation3.modulemap
/Applications/Xcode.app/Contents/Developer/Platforms/MacOSX.platform/Developer/SDKs/MacOSX26.1.sdk/usr/include/DarwinFoundation1.modulemap
/Applications/Xcode.app/Contents/Developer/Platforms/MacOSX.platform/Developer/SDKs/MacOSX26.1.sdk/usr/include/pthread/pthread.h
/Applications/Xcode.app/Contents/Developer/Platforms/MacOSX.platform/Developer/SDKs/MacOSX26.1.sdk/usr/include/pthread/sched.h
/Applications/Xcode.app/Contents/Developer/Platforms/MacOSX.platform/Developer/SDKs/MacOSX26.1.sdk/usr/include/pthread/pthread_impl.h
/Applications/Xcode.app/Contents/Developer/Platforms/MacOSX.platform/Developer/SDKs/MacOSX26.1.sdk/usr/include/time.h
/Applications/Xcode.app/Contents/Developer/Platforms/MacOSX.platform/Developer/SDKs/MacOSX26.1.sdk/usr/include/pthread/qos.h
/Applications/Xcode.app/Contents/Developer/Platforms/MacOSX.platform/Developer/SDKs/MacOSX26.1.sdk/usr/include/sys/_types/_sigset_t.h
/Applications/Xcode.app/Contents/Developer/Platforms/MacOSX.platform/Developer/SDKs/MacOSX26.1.sdk/usr/include/sys/resource.h
/Applications/Xcode.app/Contents/Developer/Toolchains/XcodeDefault.xctoolchain/usr/lib/swift/clang/include/module.modulemap
/Applications/Xcode.app/Contents/Developer/Platforms/MacOSX.platform/Developer/SDKs/MacOSX26.1.sdk/usr/include/sys/select.h
/Applications/Xcode.app/Contents/Developer/Platforms/MacOSX.platform/Developer/SDKs/MacOSX26.1.sdk/usr/include/sys/_select.h
/Applications/Xcode.app/Contents/Developer/Platforms/MacOSX.platform/Developer/SDKs/MacOSX26.1.sdk/usr/include/sys/wait.h
/Applications/Xcode.app/Contents/Developer/Platforms/MacOSX.platform/Developer/SDKs/MacOSX26.1.sdk/usr/include/sys/signal.h
/Applications/Xcode.app/Contents/Developer/Platforms/MacOSX.platform/Developer/SDKs/MacOSX26.1.sdk/usr/include/machine/signal.h
/Applications/Xcode.app/Contents/Developer/Platforms/MacOSX.platform/Developer/SDKs/MacOSX26.1.sdk/usr/include/arm/signal.h
/Applications/Xcode.app/Contents/Developer/Platforms/MacOSX.platform/Developer/SDKs/MacOSX26.1.sdk/usr/include/machine/_mcontext.h
/Applications/Xcode.app/Contents/Developer/Platforms/MacOSX.platform/Developer/SDKs/MacOSX26.1.sdk/usr/include/arm/_mcontext.h
/Applications/Xcode.app/Contents/Developer/Platforms/MacOSX.platform/Developer/SDKs/MacOSX26.1.sdk/usr/include/mach/machine/_structs.h
/Applications/Xcode.app/Contents/Developer/Platforms/MacOSX.platform/Developer/SDKs/MacOSX26.1.sdk/usr/include/mach/arm/_structs.h
/Applications/Xcode.app/Contents/Developer/Platforms/MacOSX.platform/Developer/SDKs/MacOSX26.1.sdk/usr/include/sys/_types/_sigaltstack.h
/Applications/Xcode.app/Contents/Developer/Platforms/MacOSX.platform/Developer/SDKs/MacOSX26.1.sdk/usr/include/sys/_types/_ucontext.h
/Applications/Xcode.app/Contents/Developer/Platforms/MacOSX.platform/Developer/SDKs/MacOSX26.1.sdk/usr/include/unistd.h
/Applications/Xcode.app/Contents/Developer/Platforms/MacOSX.platform/Developer/SDKs/MacOSX26.1.sdk/usr/include/sys/unistd.h
/Applications/Xcode.app/Contents/Developer/Platforms/MacOSX.platform/Developer/SDKs/MacOSX26.1.sdk/usr/include/sys/_types/_posix_vdisable.h
/Applications/Xcode.app/Contents/Developer/Platforms/MacOSX.platform/Developer/SDKs/MacOSX26.1.sdk/usr/include/gethostuuid.h
/Applications/Xcode.app/Contents/Developer/Platforms/MacOSX.platform/Developer/SDKs/MacOSX26.1.sdk/usr/include/mach/i386/_structs.h
/Applications/Xcode.app/Contents/Developer/Platforms/MacOSX.platform/Developer/SDKs/MacOSX26.1.sdk/usr/include/_inttypes.h
/Applications/Xcode.app/Contents/Developer/Platforms/MacOSX.platform/Developer/SDKs/MacOSX26.1.sdk/usr/include/xlocale/_inttypes.h
/Applications/Xcode.app/Contents/Developer/Toolchains/XcodeDefault.xctoolchain/usr/lib/swift/clang/include/stddef.h
/Applications/Xcode.app/Contents/Developer/Platforms/MacOSX.platform/Developer/SDKs/MacOSX26.1.sdk/usr/include/signal.h
/Applications/Xcode.app/Contents/Developer/Platforms/MacOSX.platform/Developer/SDKs/MacOSX26.1.sdk/usr/include/i386/signal.h
/Applications/Xcode.app/Contents/Developer/Platforms/MacOSX.platform/Developer/SDKs/MacOSX26.1.sdk/usr/include/i386/_mcontext.h
/Applications/Xcode.app/Contents/Developer/Platforms/MacOSX.platform/Developer/SDKs/MacOSX26.1.sdk/usr/include/_stdlib.h
/Applications/Xcode.app/Contents/Developer/Platforms/MacOSX.platform/Developer/SDKs/MacOSX26.1.sdk/usr/include/malloc/_malloc.h
/Applications/Xcode.app/Contents/Developer/Platforms/MacOSX.platform/Developer/SDKs/MacOSX26.1.sdk/usr/include/malloc/_malloc_type.h
/Applications/Xcode.app/Contents/Developer/Platforms/MacOSX.platform/Developer/SDKs/MacOSX26.1.sdk/usr/include/malloc/_ptrcheck.h
/Applications/Xcode.app/Contents/Developer/Platforms/MacOSX.platform/Developer/SDKs/MacOSX26.1.sdk/usr/include/_abort.h
/Applications/Xcode.app/Contents/Developer/Platforms/MacOSX.platform/Developer/SDKs/MacOSX26.1.sdk/usr/include/xlocale/_stdlib.h
/Applications/Xcode.app/Contents/Developer/Platforms/MacOSX.platform/Developer/SDKs/MacOSX26.1.sdk/usr/include/_wchar.h
/Applications/Xcode.app/Contents/Developer/Platforms/MacOSX.platform/Developer/SDKs/MacOSX26.1.sdk/usr/include/sys/_types/_mbstate_t.h
/Applications/Xcode.app/Contents/Developer/Toolchains/XcodeDefault.xctoolchain/usr/lib/swift/clang/include/stdarg.h
/Applications/Xcode.app/Contents/Developer/Platforms/MacOSX.platform/Developer/SDKs/MacOSX26.1.sdk/usr/include/stdio.h
/Applications/Xcode.app/Contents/Developer/Platforms/MacOSX.platform/Developer/SDKs/MacOSX26.1.sdk/usr/include/__wctype.h
/Applications/Xcode.app/Contents/Developer/Platforms/MacOSX.platform/Developer/SDKs/MacOSX26.1.sdk/usr/include/___wctype.h
/Applications/Xcode.app/Contents/Developer/Platforms/MacOSX.platform/Developer/SDKs/MacOSX26.1.sdk/usr/include/_types/_wctype_t.h
/Applications/Xcode.app/Contents/Developer/Platforms/MacOSX.platform/Developer/SDKs/MacOSX26.1.sdk/usr/include/ctype.h
/Applications/Xcode.app/Contents/Developer/Platforms/MacOSX.platform/Developer/SDKs/MacOSX26.1.sdk/usr/include/xlocale/_wchar.h
/Applications/Xcode.app/Contents/Developer/Platforms/MacOSX.platform/Developer/SDKs/MacOSX26.1.sdk/usr/include/_wctype.h
/Applications/Xcode.app/Contents/Developer/Platforms/MacOSX.platform/Developer/SDKs/MacOSX26.1.sdk/usr/include/_types/_wctrans_t.h
/Applications/Xcode.app/Contents/Developer/Platforms/MacOSX.platform/Developer/SDKs/MacOSX26.1.sdk/usr/include/xlocale/_wctype.h
/Applications/Xcode.app/Contents/Developer/Platforms/MacOSX.platform/Developer/SDKs/MacOSX26.1.sdk/usr/include/xlocale/___wctype.h
/Applications/Xcode.app/Contents/Developer/Platforms/MacOSX.platform/Developer/SDKs/MacOSX26.1.sdk/SDKSettings.json
/Applications/Xcode.app/Contents/Developer/Toolchains/XcodeDefault.xctoolchain/usr/lib/swift/macosx/prebuilt-modules/26.1/_StringProcessing.swiftmodule/arm64e-apple-macos.swiftmodule
/Applications/Xcode.app/Contents/Developer/Platforms/MacOSX.platform/Developer/SDKs/MacOSX26.1.sdk/usr/lib/swift/shims/module.modulemap
/Applications/Xcode.app/Contents/Developer/Platforms/MacOSX.platform/Developer/SDKs/MacOSX26.1.sdk/usr/lib/swift/shims/_SwiftConcurrency.h
/Applications/Xcode.app/Contents/Developer/Platforms/MacOSX.platform/Developer/SDKs/MacOSX26.1.sdk/SDKSettings.json
/Applications/Xcode.app/Contents/Developer/Platforms/MacOSX.platform/Developer/SDKs/MacOSX26.1.sdk/usr/include/launch.modulemap
/Applications/Xcode.app/Contents/Developer/Platforms/MacOSX.platform/Developer/SDKs/MacOSX26.1.sdk/usr/include/Darwin.modulemap
/Applications/Xcode.app/Contents/Developer/Platforms/MacOSX.platform/Developer/SDKs/MacOSX26.1.sdk/usr/include/Darwin_C.modulemap
/Applications/Xcode.app/Contents/Developer/Platforms/MacOSX.platform/Developer/SDKs/MacOSX26.1.sdk/usr/include/Darwin_POSIX.modulemap
/Applications/Xcode.app/Contents/Developer/Platforms/MacOSX.platform/Developer/SDKs/MacOSX26.1.sdk/usr/include/net.modulemap
/Applications/Xcode.app/Contents/Developer/Platforms/MacOSX.platform/Developer/SDKs/MacOSX26.1.sdk/usr/include/netinet.modulemap
/Applications/Xcode.app/Contents/Developer/Platforms/MacOSX.platform/Developer/SDKs/MacOSX26.1.sdk/usr/include/bank.modulemap
/Applications/Xcode.app/Contents/Developer/Platforms/MacOSX.platform/Developer/SDKs/MacOSX26.1.sdk/usr/include/Darwin_Mach.modulemap
/Applications/Xcode.app/Contents/Developer/Platforms/MacOSX.platform/Developer/SDKs/MacOSX26.1.sdk/usr/include/Darwin_Mach_machine.modulemap
/Applications/Xcode.app/Contents/Developer/Platforms/MacOSX.platform/Developer/SDKs/MacOSX26.1.sdk/usr/include/mach_debug.modulemap
/Applications/Xcode.app/Contents/Developer/Platforms/MacOSX.platform/Developer/SDKs/MacOSX26.1.sdk/usr/include/device.modulemap
/Applications/Xcode.app/Contents/Developer/Platforms/MacOSX.platform/Developer/SDKs/MacOSX26.1.sdk/usr/include/Darwin_machine.modulemap
/Applications/Xcode.app/Contents/Developer/Platforms/MacOSX.platform/Developer/SDKs/MacOSX26.1.sdk/usr/include/ncurses.modulemap
/Applications/Xcode.app/Contents/Developer/Platforms/MacOSX.platform/Developer/SDKs/MacOSX26.1.sdk/usr/include/netinet6.modulemap
/Applications/Xcode.app/Contents/Developer/Platforms/MacOSX.platform/Developer/SDKs/MacOSX26.1.sdk/usr/include/Darwin_sys.modulemap
/Applications/Xcode.app/Contents/Developer/Platforms/MacOSX.platform/Developer/SDKs/MacOSX26.1.sdk/usr/include/uuid.modulemap
/Applications/Xcode.app/Contents/Developer/Platforms/MacOSX.platform/Developer/SDKs/MacOSX26.1.sdk/usr/include/DarwinFoundation1.modulemap
/Applications/Xcode.app/Contents/Developer/Platforms/MacOSX.platform/Developer/SDKs/MacOSX26.1.sdk/usr/include/launch.h
/Applications/Xcode.app/Contents/Developer/Toolchains/XcodeDefault.xctoolchain/usr/lib/swift/clang/include/module.modulemap
/Applications/Xcode.app/Contents/Developer/Toolchains/XcodeDefault.xctoolchain/usr/lib/swift/clang/include/stddef.h
/Applications/Xcode.app/Contents/Developer/Platforms/MacOSX.platform/Developer/SDKs/MacOSX26.1.sdk/SDKSettings.json
/Applications/Xcode.app/Contents/Developer/Platforms/MacOSX.platform/Developer/SDKs/MacOSX26.1.sdk/usr/include/libDER/module.modulemap
/Applications/Xcode.app/Contents/Developer/Platforms/MacOSX.platform/Developer/SDKs/MacOSX26.1.sdk/usr/include/libDER/DERItem.h
/Applications/Xcode.app/Contents/Developer/Platforms/MacOSX.platform/Developer/SDKs/MacOSX26.1.sdk/usr/include/libDER/libDER_config.h
/Applications/Xcode.app/Contents/Developer/Toolchains/XcodeDefault.xctoolchain/usr/lib/swift/clang/include/module.modulemap
/Applications/Xcode.app/Contents/Developer/Toolchains/XcodeDefault.xctoolchain/usr/lib/swift/clang/include/stddef.h
/Applications/Xcode.app/Contents/Developer/Platforms/MacOSX.platform/Developer/SDKs/MacOSX26.1.sdk/usr/include/DarwinFoundation2.modulemap
/Applications/Xcode.app/Contents/Developer/Platforms/MacOSX.platform/Developer/SDKs/MacOSX26.1.sdk/usr/include/DarwinFoundation1.modulemap
/Applications/Xcode.app/Contents/Developer/Platforms/MacOSX.platform/Developer/SDKs/MacOSX26.1.sdk/usr/include/string.h
/Applications/Xcode.app/Contents/Developer/Platforms/MacOSX.platform/Developer/SDKs/MacOSX26.1.sdk/SDKSettings.json
/Applications/Xcode.app/Contents/Developer/Platforms/MacOSX.platform/Developer/SDKs/MacOSX26.1.sdk/usr/include/libkern.modulemap
/Applications/Xcode.app/Contents/Developer/Platforms/MacOSX.platform/Developer/SDKs/MacOSX26.1.sdk/usr/include/Darwin.modulemap
/Applications/Xcode.app/Contents/Developer/Platforms/MacOSX.platform/Developer/SDKs/MacOSX26.1.sdk/usr/include/Darwin_C.modulemap
/Applications/Xcode.app/Contents/Developer/Platforms/MacOSX.platform/Developer/SDKs/MacOSX26.1.sdk/usr/include/Darwin_POSIX.modulemap
/Applications/Xcode.app/Contents/Developer/Platforms/MacOSX.platform/Developer/SDKs/MacOSX26.1.sdk/usr/include/net.modulemap
/Applications/Xcode.app/Contents/Developer/Platforms/MacOSX.platform/Developer/SDKs/MacOSX26.1.sdk/usr/include/netinet.modulemap
/Applications/Xcode.app/Contents/Developer/Platforms/MacOSX.platform/Developer/SDKs/MacOSX26.1.sdk/usr/include/bank.modulemap
/Applications/Xcode.app/Contents/Developer/Platforms/MacOSX.platform/Developer/SDKs/MacOSX26.1.sdk/usr/include/Darwin_Mach.modulemap
/Applications/Xcode.app/Contents/Developer/Platforms/MacOSX.platform/Developer/SDKs/MacOSX26.1.sdk/usr/include/Darwin_Mach_machine.modulemap
/Applications/Xcode.app/Contents/Developer/Platforms/MacOSX.platform/Developer/SDKs/MacOSX26.1.sdk/usr/include/mach_debug.modulemap
/Applications/Xcode.app/Contents/Developer/Platforms/MacOSX.platform/Developer/SDKs/MacOSX26.1.sdk/usr/include/device.modulemap
/Applications/Xcode.app/Contents/Developer/Platforms/MacOSX.platform/Developer/SDKs/MacOSX26.1.sdk/usr/include/Darwin_machine.modulemap
/Applications/Xcode.app/Contents/Developer/Platforms/MacOSX.platform/Developer/SDKs/MacOSX26.1.sdk/usr/include/ncurses.modulemap
/Applications/Xcode.app/Contents/Developer/Platforms/MacOSX.platform/Developer/SDKs/MacOSX26.1.sdk/usr/include/netinet6.modulemap
/Applications/Xcode.app/Contents/Developer/Platforms/MacOSX.platform/Developer/SDKs/MacOSX26.1.sdk/usr/include/Darwin_sys.modulemap
/Applications/Xcode.app/Contents/Developer/Platforms/MacOSX.platform/Developer/SDKs/MacOSX26.1.sdk/usr/include/uuid.modulemap
/Applications/Xcode.app/Contents/Developer/Platforms/MacOSX.platform/Developer/SDKs/MacOSX26.1.sdk/usr/include/DarwinFoundation1.modulemap
/Applications/Xcode.app/Contents/Developer/Platforms/MacOSX.platform/Developer/SDKs/MacOSX26.1.sdk/usr/include/libkern/OSCacheControl.h
/Applications/Xcode.app/Contents/Developer/Toolchains/XcodeDefault.xctoolchain/usr/lib/swift/clang/include/module.modulemap
/Applications/Xcode.app/Contents/Developer/Toolchains/XcodeDefault.xctoolchain/usr/lib/swift/clang/include/stddef.h
/Applications/Xcode.app/Contents/Developer/Platforms/MacOSX.platform/Developer/SDKs/MacOSX26.1.sdk/usr/include/libkern/OSDebug.h
/Applications/Xcode.app/Contents/Developer/Platforms/MacOSX.platform/Developer/SDKs/MacOSX26.1.sdk/usr/include/libkern/OSReturn.h
/Applications/Xcode.app/Contents/Developer/Platforms/MacOSX.platform/Developer/SDKs/MacOSX26.1.sdk/usr/include/libkern/OSThermalNotification.h
/Applications/Xcode.app/Contents/Developer/Platforms/MacOSX.platform/Developer/SDKs/MacOSX26.1.sdk/usr/include/libkern/OSTypes.h
/Applications/Xcode.app/Contents/Developer/Platforms/MacOSX.platform/Developer/SDKs/MacOSX26.1.sdk/usr/include/libkern/OSKextLib.h
/Applications/Xcode.app/Contents/Developer/Platforms/MacOSX.platform/Developer/SDKs/MacOSX26.1.sdk/SDKSettings.json
/Applications/Xcode.app/Contents/Developer/Platforms/MacOSX.platform/Developer/SDKs/MacOSX26.1.sdk/usr/include/os.apinotes
/Applications/Xcode.app/Contents/Developer/Platforms/MacOSX.platform/Developer/SDKs/MacOSX26.1.sdk/usr/include/xpc.modulemap
/Applications/Xcode.app/Contents/Developer/Platforms/MacOSX.platform/Developer/SDKs/MacOSX26.1.sdk/usr/include/DarwinBasic.modulemap
/Applications/Xcode.app/Contents/Developer/Platforms/MacOSX.platform/Developer/SDKs/MacOSX26.1.sdk/usr/include/os.modulemap
/Applications/Xcode.app/Contents/Developer/Platforms/MacOSX.platform/Developer/SDKs/MacOSX26.1.sdk/usr/include/Darwin.modulemap
/Applications/Xcode.app/Contents/Developer/Platforms/MacOSX.platform/Developer/SDKs/MacOSX26.1.sdk/usr/include/Darwin_C.modulemap
/Applications/Xcode.app/Contents/Developer/Platforms/MacOSX.platform/Developer/SDKs/MacOSX26.1.sdk/usr/include/Darwin_POSIX.modulemap
/Applications/Xcode.app/Contents/Developer/Platforms/MacOSX.platform/Developer/SDKs/MacOSX26.1.sdk/usr/include/net.modulemap
/Applications/Xcode.app/Contents/Developer/Platforms/MacOSX.platform/Developer/SDKs/MacOSX26.1.sdk/usr/include/netinet.modulemap
/Applications/Xcode.app/Contents/Developer/Platforms/MacOSX.platform/Developer/SDKs/MacOSX26.1.sdk/usr/include/bank.modulemap
/Applications/Xcode.app/Contents/Developer/Platforms/MacOSX.platform/Developer/SDKs/MacOSX26.1.sdk/usr/include/Darwin_Mach.modulemap
/Applications/Xcode.app/Contents/Developer/Platforms/MacOSX.platform/Developer/SDKs/MacOSX26.1.sdk/usr/include/Darwin_Mach_machine.modulemap
/Applications/Xcode.app/Contents/Developer/Platforms/MacOSX.platform/Developer/SDKs/MacOSX26.1.sdk/usr/include/mach_debug.modulemap
/Applications/Xcode.app/Contents/Developer/Platforms/MacOSX.platform/Developer/SDKs/MacOSX26.1.sdk/usr/include/device.modulemap
/Applications/Xcode.app/Contents/Developer/Platforms/MacOSX.platform/Developer/SDKs/MacOSX26.1.sdk/usr/include/Darwin_machine.modulemap
/Applications/Xcode.app/Contents/Developer/Platforms/MacOSX.platform/Developer/SDKs/MacOSX26.1.sdk/usr/include/ncurses.modulemap
/Applications/Xcode.app/Contents/Developer/Platforms/MacOSX.platform/Developer/SDKs/MacOSX26.1.sdk/usr/include/netinet6.modulemap
/Applications/Xcode.app/Contents/Developer/Platforms/MacOSX.platform/Developer/SDKs/MacOSX26.1.sdk/usr/include/Darwin_sys.modulemap
/Applications/Xcode.app/Contents/Developer/Platforms/MacOSX.platform/Developer/SDKs/MacOSX26.1.sdk/usr/include/uuid.modulemap
/Applications/Xcode.app/Contents/Developer/Platforms/MacOSX.platform/Developer/SDKs/MacOSX26.1.sdk/usr/include/DarwinFoundation2.modulemap
/Applications/Xcode.app/Contents/Developer/Platforms/MacOSX.platform/Developer/SDKs/MacOSX26.1.sdk/usr/include/DarwinFoundation3.modulemap
/Applications/Xcode.app/Contents/Developer/Platforms/MacOSX.platform/Developer/SDKs/MacOSX26.1.sdk/usr/include/DarwinFoundation1.modulemap
/Applications/Xcode.app/Contents/Developer/Platforms/MacOSX.platform/Developer/SDKs/MacOSX26.1.sdk/usr/include/os/atomic.h
/Applications/Xcode.app/Contents/Developer/Toolchains/XcodeDefault.xctoolchain/usr/lib/swift/clang/include/module.modulemap
/Applications/Xcode.app/Contents/Developer/Platforms/MacOSX.platform/Developer/SDKs/MacOSX26.1.sdk/usr/include/os/overflow.h
/Applications/Xcode.app/Contents/Developer/Platforms/MacOSX.platform/Developer/SDKs/MacOSX26.1.sdk/usr/include/os/trace_base.h
/Applications/Xcode.app/Contents/Developer/Toolchains/XcodeDefault.xctoolchain/usr/lib/swift/clang/include/stdarg.h
/Applications/Xcode.app/Contents/Developer/Platforms/MacOSX.platform/Developer/SDKs/MacOSX26.1.sdk/usr/include/os/activity.h
/Applications/Xcode.app/Contents/Developer/Platforms/MacOSX.platform/Developer/SDKs/MacOSX26.1.sdk/usr/include/os/log.h
/Applications/Xcode.app/Contents/Developer/Platforms/MacOSX.platform/Developer/SDKs/MacOSX26.1.sdk/usr/include/os/trace.h
/Applications/Xcode.app/Contents/Developer/Platforms/MacOSX.platform/Developer/SDKs/MacOSX26.1.sdk/usr/include/os/signpost.h
/Applications/Xcode.app/Contents/Developer/Platforms/MacOSX.platform/Developer/SDKs/MacOSX26.1.sdk/usr/include/_modules/_os_lock.h
/Applications/Xcode.app/Contents/Developer/Platforms/MacOSX.platform/Developer/SDKs/MacOSX26.1.sdk/usr/include/_modules/_os_object.h
/Applications/Xcode.app/Contents/Developer/Platforms/MacOSX.platform/Developer/SDKs/MacOSX26.1.sdk/usr/include/_modules/_os_workgroup.h
/Applications/Xcode.app/Contents/Developer/Platforms/MacOSX.platform/Developer/SDKs/MacOSX26.1.sdk/SDKSettings.json
/Applications/Xcode.app/Contents/Developer/Toolchains/XcodeDefault.xctoolchain/usr/lib/swift/macosx/prebuilt-modules/26.1/os.swiftmodule/arm64e-apple-macos.swiftmodule
/Applications/Xcode.app/Contents/Developer/Platforms/MacOSX.platform/Developer/SDKs/MacOSX26.1.sdk/usr/include/os.modulemap
/Applications/Xcode.app/Contents/Developer/Platforms/MacOSX.platform/Developer/SDKs/MacOSX26.1.sdk/usr/include/ObjectiveC.modulemap
/Applications/Xcode.app/Contents/Developer/Platforms/MacOSX.platform/Developer/SDKs/MacOSX26.1.sdk/usr/include/Darwin.modulemap
/Applications/Xcode.app/Contents/Developer/Platforms/MacOSX.platform/Developer/SDKs/MacOSX26.1.sdk/usr/include/Darwin_C.modulemap
/Applications/Xcode.app/Contents/Developer/Platforms/MacOSX.platform/Developer/SDKs/MacOSX26.1.sdk/usr/include/Darwin_POSIX.modulemap
/Applications/Xcode.app/Contents/Developer/Platforms/MacOSX.platform/Developer/SDKs/MacOSX26.1.sdk/usr/include/net.modulemap
/Applications/Xcode.app/Contents/Developer/Platforms/MacOSX.platform/Developer/SDKs/MacOSX26.1.sdk/usr/include/netinet.modulemap
/Applications/Xcode.app/Contents/Developer/Platforms/MacOSX.platform/Developer/SDKs/MacOSX26.1.sdk/usr/include/bank.modulemap
/Applications/Xcode.app/Contents/Developer/Platforms/MacOSX.platform/Developer/SDKs/MacOSX26.1.sdk/usr/include/Darwin_Mach.modulemap
/Applications/Xcode.app/Contents/Developer/Platforms/MacOSX.platform/Developer/SDKs/MacOSX26.1.sdk/usr/include/Darwin_Mach_machine.modulemap
/Applications/Xcode.app/Contents/Developer/Platforms/MacOSX.platform/Developer/SDKs/MacOSX26.1.sdk/usr/include/mach_debug.modulemap
/Applications/Xcode.app/Contents/Developer/Platforms/MacOSX.platform/Developer/SDKs/MacOSX26.1.sdk/usr/include/device.modulemap
/Applications/Xcode.app/Contents/Developer/Platforms/MacOSX.platform/Developer/SDKs/MacOSX26.1.sdk/usr/include/Darwin_machine.modulemap
/Applications/Xcode.app/Contents/Developer/Platforms/MacOSX.platform/Developer/SDKs/MacOSX26.1.sdk/usr/include/ncurses.modulemap
/Applications/Xcode.app/Contents/Developer/Platforms/MacOSX.platform/Developer/SDKs/MacOSX26.1.sdk/usr/include/netinet6.modulemap
/Applications/Xcode.app/Contents/Developer/Platforms/MacOSX.platform/Developer/SDKs/MacOSX26.1.sdk/usr/include/Darwin_sys.modulemap
/Applications/Xcode.app/Contents/Developer/Platforms/MacOSX.platform/Developer/SDKs/MacOSX26.1.sdk/usr/include/uuid.modulemap
/Applications/Xcode.app/Contents/Developer/Platforms/MacOSX.platform/Developer/SDKs/MacOSX26.1.sdk/usr/include/DarwinFoundation1.modulemap
/Applications/Xcode.app/Contents/Developer/Platforms/MacOSX.platform/Developer/SDKs/MacOSX26.1.sdk/usr/include/os/object.h
/Applications/Xcode.app/Contents/Developer/Platforms/MacOSX.platform/Developer/SDKs/MacOSX26.1.sdk/SDKSettings.json
/Applications/Xcode.app/Contents/Developer/Platforms/MacOSX.platform/Developer/SDKs/MacOSX26.1.sdk/usr/include/os.modulemap
/Applications/Xcode.app/Contents/Developer/Platforms/MacOSX.platform/Developer/SDKs/MacOSX26.1.sdk/usr/include/Darwin.modulemap
/Applications/Xcode.app/Contents/Developer/Platforms/MacOSX.platform/Developer/SDKs/MacOSX26.1.sdk/usr/include/Darwin_C.modulemap
/Applications/Xcode.app/Contents/Developer/Platforms/MacOSX.platform/Developer/SDKs/MacOSX26.1.sdk/usr/include/Darwin_POSIX.modulemap
/Applications/Xcode.app/Contents/Developer/Platforms/MacOSX.platform/Developer/SDKs/MacOSX26.1.sdk/usr/include/net.modulemap
/Applications/Xcode.app/Contents/Developer/Platforms/MacOSX.platform/Developer/SDKs/MacOSX26.1.sdk/usr/include/netinet.modulemap
/Applications/Xcode.app/Contents/Developer/Platforms/MacOSX.platform/Developer/SDKs/MacOSX26.1.sdk/usr/include/bank.modulemap
/Applications/Xcode.app/Contents/Developer/Platforms/MacOSX.platform/Developer/SDKs/MacOSX26.1.sdk/usr/include/Darwin_Mach.modulemap
/Applications/Xcode.app/Contents/Developer/Platforms/MacOSX.platform/Developer/SDKs/MacOSX26.1.sdk/usr/include/Darwin_Mach_machine.modulemap
/Applications/Xcode.app/Contents/Developer/Platforms/MacOSX.platform/Developer/SDKs/MacOSX26.1.sdk/usr/include/mach_debug.modulemap
/Applications/Xcode.app/Contents/Developer/Platforms/MacOSX.platform/Developer/SDKs/MacOSX26.1.sdk/usr/include/device.modulemap
/Applications/Xcode.app/Contents/Developer/Platforms/MacOSX.platform/Developer/SDKs/MacOSX26.1.sdk/usr/include/Darwin_machine.modulemap
/Applications/Xcode.app/Contents/Developer/Platforms/MacOSX.platform/Developer/SDKs/MacOSX26.1.sdk/usr/include/ncurses.modulemap
/Applications/Xcode.app/Contents/Developer/Platforms/MacOSX.platform/Developer/SDKs/MacOSX26.1.sdk/usr/include/netinet6.modulemap
/Applications/Xcode.app/Contents/Developer/Platforms/MacOSX.platform/Developer/SDKs/MacOSX26.1.sdk/usr/include/Darwin_sys.modulemap
/Applications/Xcode.app/Contents/Developer/Platforms/MacOSX.platform/Developer/SDKs/MacOSX26.1.sdk/usr/include/uuid.modulemap
/Applications/Xcode.app/Contents/Developer/Platforms/MacOSX.platform/Developer/SDKs/MacOSX26.1.sdk/usr/include/DarwinFoundation2.modulemap
/Applications/Xcode.app/Contents/Developer/Platforms/MacOSX.platform/Developer/SDKs/MacOSX26.1.sdk/usr/include/DarwinFoundation3.modulemap
/Applications/Xcode.app/Contents/Developer/Platforms/MacOSX.platform/Developer/SDKs/MacOSX26.1.sdk/usr/include/DarwinFoundation1.modulemap
/Applications/Xcode.app/Contents/Developer/Platforms/MacOSX.platform/Developer/SDKs/MacOSX26.1.sdk/usr/include/os/workgroup.h
/Applications/Xcode.app/Contents/Developer/Platforms/MacOSX.platform/Developer/SDKs/MacOSX26.1.sdk/usr/include/os/workgroup_base.h
/Applications/Xcode.app/Contents/Developer/Toolchains/XcodeDefault.xctoolchain/usr/lib/swift/clang/include/module.modulemap
/Applications/Xcode.app/Contents/Developer/Toolchains/XcodeDefault.xctoolchain/usr/lib/swift/clang/include/stddef.h
/Applications/Xcode.app/Contents/Developer/Platforms/MacOSX.platform/Developer/SDKs/MacOSX26.1.sdk/usr/include/string.h
/Applications/Xcode.app/Contents/Developer/Platforms/MacOSX.platform/Developer/SDKs/MacOSX26.1.sdk/usr/include/stdlib.h
/Applications/Xcode.app/Contents/Developer/Platforms/MacOSX.platform/Developer/SDKs/MacOSX26.1.sdk/usr/include/os/workgroup_object.h
/Applications/Xcode.app/Contents/Developer/Platforms/MacOSX.platform/Developer/SDKs/MacOSX26.1.sdk/usr/include/os/workgroup_interval.h
/Applications/Xcode.app/Contents/Developer/Platforms/MacOSX.platform/Developer/SDKs/MacOSX26.1.sdk/usr/include/os/workgroup_parallel.h
/Applications/Xcode.app/Contents/Developer/Platforms/MacOSX.platform/Developer/SDKs/MacOSX26.1.sdk/SDKSettings.json
/Applications/Xcode.app/Contents/Developer/Toolchains/XcodeDefault.xctoolchain/usr/lib/swift/clang/include/module.modulemap
/Applications/Xcode.app/Contents/Developer/Toolchains/XcodeDefault.xctoolchain/usr/lib/swift/clang/include/ptrauth.h
/Applications/Xcode.app/Contents/Developer/Platforms/MacOSX.platform/Developer/SDKs/MacOSX26.1.sdk/SDKSettings.json
/Applications/Xcode.app/Contents/Developer/Toolchains/XcodeDefault.xctoolchain/usr/lib/swift/clang/include/module.modulemap
/Applications/Xcode.app/Contents/Developer/Toolchains/XcodeDefault.xctoolchain/usr/lib/swift/clang/include/ptrcheck.h
/Applications/Xcode.app/Contents/Developer/Platforms/MacOSX.platform/Developer/SDKs/MacOSX26.1.sdk/SDKSettings.json
/Applications/Xcode.app/Contents/Developer/Platforms/MacOSX.platform/Developer/SDKs/MacOSX26.1.sdk/usr/include/DarwinFoundation2.modulemap
/Applications/Xcode.app/Contents/Developer/Platforms/MacOSX.platform/Developer/SDKs/MacOSX26.1.sdk/usr/include/_modules/_sys_types.h
/Applications/Xcode.app/Contents/Developer/Platforms/MacOSX.platform/Developer/SDKs/MacOSX26.1.sdk/SDKSettings.json

SwiftDriverJobDiscovery normal arm64 Compiling CoshCalculator.swift (in target 'BigDecimal' from project 'BigDecimal')

SwiftCompile normal arm64 Compiling\ LayerTree.swift,\ NSImage+SVG.swift,\ Renderer.CGText+Path.swift /Users/rogerlin/Library/Developer/Xcode/DerivedData/FinancialCalculatorKit-ackorybalcxbfocbkqsfdzcfkgmn/SourcePackages/checkouts/SwiftDraw/SwiftDraw/LayerTree.swift /Users/rogerlin/Library/Developer/Xcode/DerivedData/FinancialCalculatorKit-ackorybalcxbfocbkqsfdzcfkgmn/SourcePackages/checkouts/SwiftDraw/SwiftDraw/NSImage+SVG.swift /Users/rogerlin/Library/Developer/Xcode/DerivedData/FinancialCalculatorKit-ackorybalcxbfocbkqsfdzcfkgmn/SourcePackages/checkouts/SwiftDraw/SwiftDraw/Renderer.CGText+Path.swift (in target 'SwiftDraw' from project 'SwiftDraw')
/Applications/Xcode.app/Contents/Developer/Toolchains/XcodeDefault.xctoolchain/usr/bin/swift-frontend -frontend -c /Users/rogerlin/Library/Developer/Xcode/DerivedData/FinancialCalculatorKit-ackorybalcxbfocbkqsfdzcfkgmn/SourcePackages/checkouts/SwiftDraw/SwiftDraw/CGImage+Mask.swift /Users/rogerlin/Library/Developer/Xcode/DerivedData/FinancialCalculatorKit-ackorybalcxbfocbkqsfdzcfkgmn/SourcePackages/checkouts/SwiftDraw/SwiftDraw/CGPath+Segment.swift /Users/rogerlin/Library/Developer/Xcode/DerivedData/FinancialCalculatorKit-ackorybalcxbfocbkqsfdzcfkgmn/SourcePackages/checkouts/SwiftDraw/SwiftDraw/CGPattern+Closure.swift /Users/rogerlin/Library/Developer/Xcode/DerivedData/FinancialCalculatorKit-ackorybalcxbfocbkqsfdzcfkgmn/SourcePackages/checkouts/SwiftDraw/SwiftDraw/CGTextRenderer+Code.swift /Users/rogerlin/Library/Developer/Xcode/DerivedData/FinancialCalculatorKit-ackorybalcxbfocbkqsfdzcfkgmn/SourcePackages/checkouts/SwiftDraw/SwiftDraw/CommandLine+Process.swift /Users/rogerlin/Library/Developer/Xcode/DerivedData/FinancialCalculatorKit-ackorybalcxbfocbkqsfdzcfkgmn/SourcePackages/checkouts/SwiftDraw/SwiftDraw/CommandLine.Arguments.swift /Users/rogerlin/Library/Developer/Xcode/DerivedData/FinancialCalculatorKit-ackorybalcxbfocbkqsfdzcfkgmn/SourcePackages/checkouts/SwiftDraw/SwiftDraw/CommandLine.Configuration.swift /Users/rogerlin/Library/Developer/Xcode/DerivedData/FinancialCalculatorKit-ackorybalcxbfocbkqsfdzcfkgmn/SourcePackages/checkouts/SwiftDraw/SwiftDraw/CommandLine.swift /Users/rogerlin/Library/Developer/Xcode/DerivedData/FinancialCalculatorKit-ackorybalcxbfocbkqsfdzcfkgmn/SourcePackages/checkouts/SwiftDraw/SwiftDraw/CoordinateFormatter.swift /Users/rogerlin/Library/Developer/Xcode/DerivedData/FinancialCalculatorKit-ackorybalcxbfocbkqsfdzcfkgmn/SourcePackages/checkouts/SwiftDraw/SwiftDraw/LayerTree.Builder.Layer.swift /Users/rogerlin/Library/Developer/Xcode/DerivedData/FinancialCalculatorKit-ackorybalcxbfocbkqsfdzcfkgmn/SourcePackages/checkouts/SwiftDraw/SwiftDraw/LayerTree.Builder.Path.Arc.swift /Users/rogerlin/Library/Developer/Xcode/DerivedData/FinancialCalculatorKit-ackorybalcxbfocbkqsfdzcfkgmn/SourcePackages/checkouts/SwiftDraw/SwiftDraw/LayerTree.Builder.Path.swift /Users/rogerlin/Library/Developer/Xcode/DerivedData/FinancialCalculatorKit-ackorybalcxbfocbkqsfdzcfkgmn/SourcePackages/checkouts/SwiftDraw/SwiftDraw/LayerTree.Builder.Shape.swift /Users/rogerlin/Library/Developer/Xcode/DerivedData/FinancialCalculatorKit-ackorybalcxbfocbkqsfdzcfkgmn/SourcePackages/checkouts/SwiftDraw/SwiftDraw/LayerTree.Builder.Text.swift /Users/rogerlin/Library/Developer/Xcode/DerivedData/FinancialCalculatorKit-ackorybalcxbfocbkqsfdzcfkgmn/SourcePackages/checkouts/SwiftDraw/SwiftDraw/LayerTree.Builder.swift /Users/rogerlin/Library/Developer/Xcode/DerivedData/FinancialCalculatorKit-ackorybalcxbfocbkqsfdzcfkgmn/SourcePackages/checkouts/SwiftDraw/SwiftDraw/LayerTree.Color.swift /Users/rogerlin/Library/Developer/Xcode/DerivedData/FinancialCalculatorKit-ackorybalcxbfocbkqsfdzcfkgmn/SourcePackages/checkouts/SwiftDraw/SwiftDraw/LayerTree.CommandGenerator.swift /Users/rogerlin/Library/Developer/Xcode/DerivedData/FinancialCalculatorKit-ackorybalcxbfocbkqsfdzcfkgmn/SourcePackages/checkouts/SwiftDraw/SwiftDraw/LayerTree.CommandOptimizer.swift /Users/rogerlin/Library/Developer/Xcode/DerivedData/FinancialCalculatorKit-ackorybalcxbfocbkqsfdzcfkgmn/SourcePackages/checkouts/SwiftDraw/SwiftDraw/LayerTree.Gradient.swift /Users/rogerlin/Library/Developer/Xcode/DerivedData/FinancialCalculatorKit-ackorybalcxbfocbkqsfdzcfkgmn/SourcePackages/checkouts/SwiftDraw/SwiftDraw/LayerTree.Image.swift /Users/rogerlin/Library/Developer/Xcode/DerivedData/FinancialCalculatorKit-ackorybalcxbfocbkqsfdzcfkgmn/SourcePackages/checkouts/SwiftDraw/SwiftDraw/LayerTree.Layer.swift /Users/rogerlin/Library/Developer/Xcode/DerivedData/FinancialCalculatorKit-ackorybalcxbfocbkqsfdzcfkgmn/SourcePackages/checkouts/SwiftDraw/SwiftDraw/LayerTree.Path+Bounds.swift /Users/rogerlin/Library/Developer/Xcode/DerivedData/FinancialCalculatorKit-ackorybalcxbfocbkqsfdzcfkgmn/SourcePackages/checkouts/SwiftDraw/SwiftDraw/LayerTree.Path+Reversed.swift /Users/rogerlin/Library/Developer/Xcode/DerivedData/FinancialCalculatorKit-ackorybalcxbfocbkqsfdzcfkgmn/SourcePackages/checkouts/SwiftDraw/SwiftDraw/LayerTree.Path+Subpath.swift /Users/rogerlin/Library/Developer/Xcode/DerivedData/FinancialCalculatorKit-ackorybalcxbfocbkqsfdzcfkgmn/SourcePackages/checkouts/SwiftDraw/SwiftDraw/LayerTree.Path.swift /Users/rogerlin/Library/Developer/Xcode/DerivedData/FinancialCalculatorKit-ackorybalcxbfocbkqsfdzcfkgmn/SourcePackages/checkouts/SwiftDraw/SwiftDraw/LayerTree.Pattern.swift /Users/rogerlin/Library/Developer/Xcode/DerivedData/FinancialCalculatorKit-ackorybalcxbfocbkqsfdzcfkgmn/SourcePackages/checkouts/SwiftDraw/SwiftDraw/LayerTree.Shape.swift /Users/rogerlin/Library/Developer/Xcode/DerivedData/FinancialCalculatorKit-ackorybalcxbfocbkqsfdzcfkgmn/SourcePackages/checkouts/SwiftDraw/SwiftDraw/LayerTree.Transform.swift -primary-file /Users/rogerlin/Library/Developer/Xcode/DerivedData/FinancialCalculatorKit-ackorybalcxbfocbkqsfdzcfkgmn/SourcePackages/checkouts/SwiftDraw/SwiftDraw/LayerTree.swift -primary-file /Users/rogerlin/Library/Developer/Xcode/DerivedData/FinancialCalculatorKit-ackorybalcxbfocbkqsfdzcfkgmn/SourcePackages/checkouts/SwiftDraw/SwiftDraw/NSImage+SVG.swift -primary-file /Users/rogerlin/Library/Developer/Xcode/DerivedData/FinancialCalculatorKit-ackorybalcxbfocbkqsfdzcfkgmn/SourcePackages/checkouts/SwiftDraw/SwiftDraw/Renderer.CGText+Path.swift /Users/rogerlin/Library/Developer/Xcode/DerivedData/FinancialCalculatorKit-ackorybalcxbfocbkqsfdzcfkgmn/SourcePackages/checkouts/SwiftDraw/SwiftDraw/Renderer.CGText.swift /Users/rogerlin/Library/Developer/Xcode/DerivedData/FinancialCalculatorKit-ackorybalcxbfocbkqsfdzcfkgmn/SourcePackages/checkouts/SwiftDraw/SwiftDraw/Renderer.CoreGraphics.swift /Users/rogerlin/Library/Developer/Xcode/DerivedData/FinancialCalculatorKit-ackorybalcxbfocbkqsfdzcfkgmn/SourcePackages/checkouts/SwiftDraw/SwiftDraw/Renderer.LayerTree.swift /Users/rogerlin/Library/Developer/Xcode/DerivedData/FinancialCalculatorKit-ackorybalcxbfocbkqsfdzcfkgmn/SourcePackages/checkouts/SwiftDraw/SwiftDraw/Renderer.SFSymbol+CGPath.swift /Users/rogerlin/Library/Developer/Xcode/DerivedData/FinancialCalculatorKit-ackorybalcxbfocbkqsfdzcfkgmn/SourcePackages/checkouts/SwiftDraw/SwiftDraw/Renderer.SFSymbol.swift /Users/rogerlin/Library/Developer/Xcode/DerivedData/FinancialCalculatorKit-ackorybalcxbfocbkqsfdzcfkgmn/SourcePackages/checkouts/SwiftDraw/SwiftDraw/Renderer.SVG.swift /Users/rogerlin/Library/Developer/Xcode/DerivedData/FinancialCalculatorKit-ackorybalcxbfocbkqsfdzcfkgmn/SourcePackages/checkouts/SwiftDraw/SwiftDraw/Renderer.swift /Users/rogerlin/Library/Developer/Xcode/DerivedData/FinancialCalculatorKit-ackorybalcxbfocbkqsfdzcfkgmn/SourcePackages/checkouts/SwiftDraw/SwiftDraw/SVG+CoreGraphics.swift /Users/rogerlin/Library/Developer/Xcode/DerivedData/FinancialCalculatorKit-ackorybalcxbfocbkqsfdzcfkgmn/SourcePackages/checkouts/SwiftDraw/SwiftDraw/SVG+Deprecated.swift /Users/rogerlin/Library/Developer/Xcode/DerivedData/FinancialCalculatorKit-ackorybalcxbfocbkqsfdzcfkgmn/SourcePackages/checkouts/SwiftDraw/SwiftDraw/SVG+Hashable.swift /Users/rogerlin/Library/Developer/Xcode/DerivedData/FinancialCalculatorKit-ackorybalcxbfocbkqsfdzcfkgmn/SourcePackages/checkouts/SwiftDraw/SwiftDraw/SVG+Insets.swift /Users/rogerlin/Library/Developer/Xcode/DerivedData/FinancialCalculatorKit-ackorybalcxbfocbkqsfdzcfkgmn/SourcePackages/checkouts/SwiftDraw/SwiftDraw/SVG.swift /Users/rogerlin/Library/Developer/Xcode/DerivedData/FinancialCalculatorKit-ackorybalcxbfocbkqsfdzcfkgmn/SourcePackages/checkouts/SwiftDraw/SwiftDraw/SVGView.swift /Users/rogerlin/Library/Developer/Xcode/DerivedData/FinancialCalculatorKit-ackorybalcxbfocbkqsfdzcfkgmn/SourcePackages/checkouts/SwiftDraw/SwiftDraw/Stack.swift /Users/rogerlin/Library/Developer/Xcode/DerivedData/FinancialCalculatorKit-ackorybalcxbfocbkqsfdzcfkgmn/SourcePackages/checkouts/SwiftDraw/SwiftDraw/UIImage+SVG.swift /Users/rogerlin/Library/Developer/Xcode/DerivedData/FinancialCalculatorKit-ackorybalcxbfocbkqsfdzcfkgmn/SourcePackages/checkouts/SwiftDraw/SwiftDraw/Utilities/PairedSequence.swift /Users/rogerlin/Library/Developer/Xcode/DerivedData/FinancialCalculatorKit-ackorybalcxbfocbkqsfdzcfkgmn/SourcePackages/checkouts/SwiftDraw/SwiftDraw/XML.Formatter.SVG.swift /Users/rogerlin/Library/Developer/Xcode/DerivedData/FinancialCalculatorKit-ackorybalcxbfocbkqsfdzcfkgmn/SourcePackages/checkouts/SwiftDraw/SwiftDraw/XML.Formatter.swift -supplementary-output-file-map /Users/rogerlin/Library/Developer/Xcode/DerivedData/FinancialCalculatorKit-ackorybalcxbfocbkqsfdzcfkgmn/Build/Intermediates.noindex/SwiftDraw.build/Debug/SwiftDraw.build/Objects-normal/arm64/supplementaryOutputs-27 -target arm64-apple-macos10.15 -module-can-import-version AppKit 2685.20.119 2685.20.119 -module-can-import-version CoreGraphics 1965.1.4 1965.1.4 -module-can-import-version CoreText 877.1.0.5 877.1.0 -module-can-import-version Darwin 347.40.2 0 -module-can-import-version SwiftUI 7.1.13.1 7.1.13 -load-resolved-plugin /Applications/Xcode.app/Contents/Developer/Platforms/MacOSX.platform/Developer/usr/lib/swift/host/plugins/libFoundationMacros.dylib\#/Applications/Xcode.app/Contents/Developer/Platforms/MacOSX.platform/Developer/usr/bin/swift-plugin-server\#FoundationMacros -load-resolved-plugin /Applications/Xcode.app/Contents/Developer/Platforms/MacOSX.platform/Developer/usr/lib/swift/host/plugins/libObservationMacros.dylib\#/Applications/Xcode.app/Contents/Developer/Platforms/MacOSX.platform/Developer/usr/bin/swift-plugin-server\#ObservationMacros -load-resolved-plugin /Applications/Xcode.app/Contents/Developer/Platforms/MacOSX.platform/Developer/usr/lib/swift/host/plugins/libPreviewsMacros.dylib\#/Applications/Xcode.app/Contents/Developer/Platforms/MacOSX.platform/Developer/usr/bin/swift-plugin-server\#PreviewsMacros -load-resolved-plugin /Applications/Xcode.app/Contents/Developer/Platforms/MacOSX.platform/Developer/usr/lib/swift/host/plugins/libSwiftMacros.dylib\#/Applications/Xcode.app/Contents/Developer/Platforms/MacOSX.platform/Developer/usr/bin/swift-plugin-server\#SwiftMacros -load-resolved-plugin /Applications/Xcode.app/Contents/Developer/Platforms/MacOSX.platform/Developer/usr/lib/swift/host/plugins/libSwiftUIMacros.dylib\#/Applications/Xcode.app/Contents/Developer/Platforms/MacOSX.platform/Developer/usr/bin/swift-plugin-server\#SwiftUIMacros -disable-implicit-swift-modules -Xcc -fno-implicit-modules -Xcc -fno-implicit-module-maps -explicit-swift-module-map-file /Users/rogerlin/Library/Developer/Xcode/DerivedData/FinancialCalculatorKit-ackorybalcxbfocbkqsfdzcfkgmn/Build/Intermediates.noindex/SwiftDraw.build/Debug/SwiftDraw.build/Objects-normal/arm64/SwiftDraw-dependencies-1.json -Xllvm -aarch64-use-tbi -enable-objc-interop -stack-check -sdk /Applications/Xcode.app/Contents/Developer/Platforms/MacOSX.platform/Developer/SDKs/MacOSX26.1.sdk -I /Users/rogerlin/Library/Developer/Xcode/DerivedData/FinancialCalculatorKit-ackorybalcxbfocbkqsfdzcfkgmn/Build/Products/Debug -Isystem /Applications/Xcode.app/Contents/Developer/Platforms/MacOSX.platform/Developer/usr/lib -F /Users/rogerlin/Library/Developer/Xcode/DerivedData/FinancialCalculatorKit-ackorybalcxbfocbkqsfdzcfkgmn/Build/Products/Debug/PackageFrameworks -F /Users/rogerlin/Library/Developer/Xcode/DerivedData/FinancialCalculatorKit-ackorybalcxbfocbkqsfdzcfkgmn/Build/Products/Debug -F /Applications/Xcode.app/Contents/Developer/Platforms/MacOSX.platform/Developer/Library/Frameworks -no-color-diagnostics -Xcc -fno-color-diagnostics -enable-testing -g -debug-info-format\=dwarf -dwarf-version\=4 -module-cache-path /Users/rogerlin/Library/Developer/Xcode/DerivedData/FinancialCalculatorKit-ackorybalcxbfocbkqsfdzcfkgmn/Build/Intermediates.noindex/SwiftExplicitPrecompiledModules -suppress-warnings -profile-generate -profile-coverage-mapping -swift-version 6 -enforce-exclusivity\=checked -Onone -D SWIFT_PACKAGE -D DEBUG -D SWIFT_MODULE_RESOURCE_BUNDLE_UNAVAILABLE -D Xcode -serialize-debugging-options -const-gather-protocols-file /Users/rogerlin/Library/Developer/Xcode/DerivedData/FinancialCalculatorKit-ackorybalcxbfocbkqsfdzcfkgmn/Build/Intermediates.noindex/SwiftDraw.build/Debug/SwiftDraw.build/Objects-normal/arm64/SwiftDraw_const_extract_protocols.json -enable-upcoming-feature ExistentialAny -enable-experimental-feature DebugDescriptionMacro -empty-abi-descriptor -user-module-version 0.22.0 -validate-clang-modules-once -clang-build-session-file /Users/rogerlin/Library/Developer/Xcode/DerivedData/ModuleCache.noindex/Session.modulevalidation -Xcc -working-directory -Xcc /Users/rogerlin/XCode-Projects/FinancialCalculatorKit-5.0-updated-accent-colors/FinancialCalculatorKit.xcodeproj -enable-anonymous-context-mangled-names -file-compilation-dir /Users/rogerlin/XCode-Projects/FinancialCalculatorKit-5.0-updated-accent-colors/FinancialCalculatorKit.xcodeproj -Xcc -D_LIBCPP_HARDENING_MODE\=_LIBCPP_HARDENING_MODE_DEBUG -Xcc -ivfsstatcache -Xcc /Users/rogerlin/Library/Developer/Xcode/DerivedData/SDKStatCaches.noindex/macosx26.1-25B74-3ae1261907bdadc328169391a47051a6.sdkstatcache -Xcc -I/Users/rogerlin/Library/Developer/Xcode/DerivedData/FinancialCalculatorKit-ackorybalcxbfocbkqsfdzcfkgmn/Build/Intermediates.noindex/SwiftDraw.build/Debug/SwiftDraw.build/swift-overrides.hmap -Xcc -I/Users/rogerlin/Library/Developer/Xcode/DerivedData/FinancialCalculatorKit-ackorybalcxbfocbkqsfdzcfkgmn/Build/Products/Debug/include -Xcc -I/Users/rogerlin/Library/Developer/Xcode/DerivedData/FinancialCalculatorKit-ackorybalcxbfocbkqsfdzcfkgmn/Build/Intermediates.noindex/SwiftDraw.build/Debug/SwiftDraw.build/DerivedSources-normal/arm64 -Xcc -I/Users/rogerlin/Library/Developer/Xcode/DerivedData/FinancialCalculatorKit-ackorybalcxbfocbkqsfdzcfkgmn/Build/Intermediates.noindex/SwiftDraw.build/Debug/SwiftDraw.build/DerivedSources/arm64 -Xcc -I/Users/rogerlin/Library/Developer/Xcode/DerivedData/FinancialCalculatorKit-ackorybalcxbfocbkqsfdzcfkgmn/Build/Intermediates.noindex/SwiftDraw.build/Debug/SwiftDraw.build/DerivedSources -Xcc -DSWIFT_PACKAGE -Xcc -DDEBUG\=1 -no-auto-bridging-header-chaining -module-name SwiftDraw -package-name swiftdraw -frontend-parseable-output -disable-clang-spi -target-sdk-version 26.1 -target-sdk-name macosx26.1 -clang-target arm64-apple-macos26.1 -in-process-plugin-server-path /Applications/Xcode.app/Contents/Developer/Toolchains/XcodeDefault.xctoolchain/usr/lib/swift/host/libSwiftInProcPluginServer.dylib -o /Users/rogerlin/Library/Developer/Xcode/DerivedData/FinancialCalculatorKit-ackorybalcxbfocbkqsfdzcfkgmn/Build/Intermediates.noindex/SwiftDraw.build/Debug/SwiftDraw.build/Objects-normal/arm64/LayerTree.o -o /Users/rogerlin/Library/Developer/Xcode/DerivedData/FinancialCalculatorKit-ackorybalcxbfocbkqsfdzcfkgmn/Build/Intermediates.noindex/SwiftDraw.build/Debug/SwiftDraw.build/Objects-normal/arm64/NSImage+SVG.o -o /Users/rogerlin/Library/Developer/Xcode/DerivedData/FinancialCalculatorKit-ackorybalcxbfocbkqsfdzcfkgmn/Build/Intermediates.noindex/SwiftDraw.build/Debug/SwiftDraw.build/Objects-normal/arm64/Renderer.CGText+Path.o -index-unit-output-path /SwiftDraw.build/Debug/SwiftDraw.build/Objects-normal/arm64/LayerTree.o -index-unit-output-path /SwiftDraw.build/Debug/SwiftDraw.build/Objects-normal/arm64/NSImage+SVG.o -index-unit-output-path /SwiftDraw.build/Debug/SwiftDraw.build/Objects-normal/arm64/Renderer.CGText+Path.o -index-store-path /Users/rogerlin/Library/Developer/Xcode/DerivedData/FinancialCalculatorKit-ackorybalcxbfocbkqsfdzcfkgmn/Index.noindex/DataStore -index-system-modules

SwiftCompile normal arm64 /Users/rogerlin/Library/Developer/Xcode/DerivedData/FinancialCalculatorKit-ackorybalcxbfocbkqsfdzcfkgmn/SourcePackages/checkouts/SwiftDraw/SwiftDraw/LayerTree.swift (in target 'SwiftDraw' from project 'SwiftDraw')
    cd /Users/rogerlin/XCode-Projects/FinancialCalculatorKit-5.0-updated-accent-colors/FinancialCalculatorKit.xcodeproj
    

SwiftCompile normal arm64 /Users/rogerlin/Library/Developer/Xcode/DerivedData/FinancialCalculatorKit-ackorybalcxbfocbkqsfdzcfkgmn/SourcePackages/checkouts/SwiftDraw/SwiftDraw/NSImage+SVG.swift (in target 'SwiftDraw' from project 'SwiftDraw')
    cd /Users/rogerlin/XCode-Projects/FinancialCalculatorKit-5.0-updated-accent-colors/FinancialCalculatorKit.xcodeproj
    

SwiftCompile normal arm64 /Users/rogerlin/Library/Developer/Xcode/DerivedData/FinancialCalculatorKit-ackorybalcxbfocbkqsfdzcfkgmn/SourcePackages/checkouts/SwiftDraw/SwiftDraw/Renderer.CGText+Path.swift (in target 'SwiftDraw' from project 'SwiftDraw')
    cd /Users/rogerlin/XCode-Projects/FinancialCalculatorKit-5.0-updated-accent-colors/FinancialCalculatorKit.xcodeproj
    

SwiftCompile normal arm64 Compiling\ CGImage+Mask.swift,\ CGPath+Segment.swift,\ CGPattern+Closure.swift,\ CGTextRenderer+Code.swift /Users/rogerlin/Library/Developer/Xcode/DerivedData/FinancialCalculatorKit-ackorybalcxbfocbkqsfdzcfkgmn/SourcePackages/checkouts/SwiftDraw/SwiftDraw/CGImage+Mask.swift /Users/rogerlin/Library/Developer/Xcode/DerivedData/FinancialCalculatorKit-ackorybalcxbfocbkqsfdzcfkgmn/SourcePackages/checkouts/SwiftDraw/SwiftDraw/CGPath+Segment.swift /Users/rogerlin/Library/Developer/Xcode/DerivedData/FinancialCalculatorKit-ackorybalcxbfocbkqsfdzcfkgmn/SourcePackages/checkouts/SwiftDraw/SwiftDraw/CGPattern+Closure.swift /Users/rogerlin/Library/Developer/Xcode/DerivedData/FinancialCalculatorKit-ackorybalcxbfocbkqsfdzcfkgmn/SourcePackages/checkouts/SwiftDraw/SwiftDraw/CGTextRenderer+Code.swift (in target 'SwiftDraw' from project 'SwiftDraw')
/Applications/Xcode.app/Contents/Developer/Toolchains/XcodeDefault.xctoolchain/usr/bin/swift-frontend -frontend -c -primary-file /Users/rogerlin/Library/Developer/Xcode/DerivedData/FinancialCalculatorKit-ackorybalcxbfocbkqsfdzcfkgmn/SourcePackages/checkouts/SwiftDraw/SwiftDraw/CGImage+Mask.swift -primary-file /Users/rogerlin/Library/Developer/Xcode/DerivedData/FinancialCalculatorKit-ackorybalcxbfocbkqsfdzcfkgmn/SourcePackages/checkouts/SwiftDraw/SwiftDraw/CGPath+Segment.swift -primary-file /Users/rogerlin/Library/Developer/Xcode/DerivedData/FinancialCalculatorKit-ackorybalcxbfocbkqsfdzcfkgmn/SourcePackages/checkouts/SwiftDraw/SwiftDraw/CGPattern+Closure.swift -primary-file /Users/rogerlin/Library/Developer/Xcode/DerivedData/FinancialCalculatorKit-ackorybalcxbfocbkqsfdzcfkgmn/SourcePackages/checkouts/SwiftDraw/SwiftDraw/CGTextRenderer+Code.swift /Users/rogerlin/Library/Developer/Xcode/DerivedData/FinancialCalculatorKit-ackorybalcxbfocbkqsfdzcfkgmn/SourcePackages/checkouts/SwiftDraw/SwiftDraw/CommandLine+Process.swift /Users/rogerlin/Library/Developer/Xcode/DerivedData/FinancialCalculatorKit-ackorybalcxbfocbkqsfdzcfkgmn/SourcePackages/checkouts/SwiftDraw/SwiftDraw/CommandLine.Arguments.swift /Users/rogerlin/Library/Developer/Xcode/DerivedData/FinancialCalculatorKit-ackorybalcxbfocbkqsfdzcfkgmn/SourcePackages/checkouts/SwiftDraw/SwiftDraw/CommandLine.Configuration.swift /Users/rogerlin/Library/Developer/Xcode/DerivedData/FinancialCalculatorKit-ackorybalcxbfocbkqsfdzcfkgmn/SourcePackages/checkouts/SwiftDraw/SwiftDraw/CommandLine.swift /Users/rogerlin/Library/Developer/Xcode/DerivedData/FinancialCalculatorKit-ackorybalcxbfocbkqsfdzcfkgmn/SourcePackages/checkouts/SwiftDraw/SwiftDraw/CoordinateFormatter.swift /Users/rogerlin/Library/Developer/Xcode/DerivedData/FinancialCalculatorKit-ackorybalcxbfocbkqsfdzcfkgmn/SourcePackages/checkouts/SwiftDraw/SwiftDraw/LayerTree.Builder.Layer.swift /Users/rogerlin/Library/Developer/Xcode/DerivedData/FinancialCalculatorKit-ackorybalcxbfocbkqsfdzcfkgmn/SourcePackages/checkouts/SwiftDraw/SwiftDraw/LayerTree.Builder.Path.Arc.swift /Users/rogerlin/Library/Developer/Xcode/DerivedData/FinancialCalculatorKit-ackorybalcxbfocbkqsfdzcfkgmn/SourcePackages/checkouts/SwiftDraw/SwiftDraw/LayerTree.Builder.Path.swift /Users/rogerlin/Library/Developer/Xcode/DerivedData/FinancialCalculatorKit-ackorybalcxbfocbkqsfdzcfkgmn/SourcePackages/checkouts/SwiftDraw/SwiftDraw/LayerTree.Builder.Shape.swift /Users/rogerlin/Library/Developer/Xcode/DerivedData/FinancialCalculatorKit-ackorybalcxbfocbkqsfdzcfkgmn/SourcePackages/checkouts/SwiftDraw/SwiftDraw/LayerTree.Builder.Text.swift /Users/rogerlin/Library/Developer/Xcode/DerivedData/FinancialCalculatorKit-ackorybalcxbfocbkqsfdzcfkgmn/SourcePackages/checkouts/SwiftDraw/SwiftDraw/LayerTree.Builder.swift /Users/rogerlin/Library/Developer/Xcode/DerivedData/FinancialCalculatorKit-ackorybalcxbfocbkqsfdzcfkgmn/SourcePackages/checkouts/SwiftDraw/SwiftDraw/LayerTree.Color.swift /Users/rogerlin/Library/Developer/Xcode/DerivedData/FinancialCalculatorKit-ackorybalcxbfocbkqsfdzcfkgmn/SourcePackages/checkouts/SwiftDraw/SwiftDraw/LayerTree.CommandGenerator.swift /Users/rogerlin/Library/Developer/Xcode/DerivedData/FinancialCalculatorKit-ackorybalcxbfocbkqsfdzcfkgmn/SourcePackages/checkouts/SwiftDraw/SwiftDraw/LayerTree.CommandOptimizer.swift /Users/rogerlin/Library/Developer/Xcode/DerivedData/FinancialCalculatorKit-ackorybalcxbfocbkqsfdzcfkgmn/SourcePackages/checkouts/SwiftDraw/SwiftDraw/LayerTree.Gradient.swift /Users/rogerlin/Library/Developer/Xcode/DerivedData/FinancialCalculatorKit-ackorybalcxbfocbkqsfdzcfkgmn/SourcePackages/checkouts/SwiftDraw/SwiftDraw/LayerTree.Image.swift /Users/rogerlin/Library/Developer/Xcode/DerivedData/FinancialCalculatorKit-ackorybalcxbfocbkqsfdzcfkgmn/SourcePackages/checkouts/SwiftDraw/SwiftDraw/LayerTree.Layer.swift /Users/rogerlin/Library/Developer/Xcode/DerivedData/FinancialCalculatorKit-ackorybalcxbfocbkqsfdzcfkgmn/SourcePackages/checkouts/SwiftDraw/SwiftDraw/LayerTree.Path+Bounds.swift /Users/rogerlin/Library/Developer/Xcode/DerivedData/FinancialCalculatorKit-ackorybalcxbfocbkqsfdzcfkgmn/SourcePackages/checkouts/SwiftDraw/SwiftDraw/LayerTree.Path+Reversed.swift /Users/rogerlin/Library/Developer/Xcode/DerivedData/FinancialCalculatorKit-ackorybalcxbfocbkqsfdzcfkgmn/SourcePackages/checkouts/SwiftDraw/SwiftDraw/LayerTree.Path+Subpath.swift /Users/rogerlin/Library/Developer/Xcode/DerivedData/FinancialCalculatorKit-ackorybalcxbfocbkqsfdzcfkgmn/SourcePackages/checkouts/SwiftDraw/SwiftDraw/LayerTree.Path.swift /Users/rogerlin/Library/Developer/Xcode/DerivedData/FinancialCalculatorKit-ackorybalcxbfocbkqsfdzcfkgmn/SourcePackages/checkouts/SwiftDraw/SwiftDraw/LayerTree.Pattern.swift /Users/rogerlin/Library/Developer/Xcode/DerivedData/FinancialCalculatorKit-ackorybalcxbfocbkqsfdzcfkgmn/SourcePackages/checkouts/SwiftDraw/SwiftDraw/LayerTree.Shape.swift /Users/rogerlin/Library/Developer/Xcode/DerivedData/FinancialCalculatorKit-ackorybalcxbfocbkqsfdzcfkgmn/SourcePackages/checkouts/SwiftDraw/SwiftDraw/LayerTree.Transform.swift /Users/rogerlin/Library/Developer/Xcode/DerivedData/FinancialCalculatorKit-ackorybalcxbfocbkqsfdzcfkgmn/SourcePackages/checkouts/SwiftDraw/SwiftDraw/LayerTree.swift /Users/rogerlin/Library/Developer/Xcode/DerivedData/FinancialCalculatorKit-ackorybalcxbfocbkqsfdzcfkgmn/SourcePackages/checkouts/SwiftDraw/SwiftDraw/NSImage+SVG.swift /Users/rogerlin/Library/Developer/Xcode/DerivedData/FinancialCalculatorKit-ackorybalcxbfocbkqsfdzcfkgmn/SourcePackages/checkouts/SwiftDraw/SwiftDraw/Renderer.CGText+Path.swift /Users/rogerlin/Library/Developer/Xcode/DerivedData/FinancialCalculatorKit-ackorybalcxbfocbkqsfdzcfkgmn/SourcePackages/checkouts/SwiftDraw/SwiftDraw/Renderer.CGText.swift /Users/rogerlin/Library/Developer/Xcode/DerivedData/FinancialCalculatorKit-ackorybalcxbfocbkqsfdzcfkgmn/SourcePackages/checkouts/SwiftDraw/SwiftDraw/Renderer.CoreGraphics.swift /Users/rogerlin/Library/Developer/Xcode/DerivedData/FinancialCalculatorKit-ackorybalcxbfocbkqsfdzcfkgmn/SourcePackages/checkouts/SwiftDraw/SwiftDraw/Renderer.LayerTree.swift /Users/rogerlin/Library/Developer/Xcode/DerivedData/FinancialCalculatorKit-ackorybalcxbfocbkqsfdzcfkgmn/SourcePackages/checkouts/SwiftDraw/SwiftDraw/Renderer.SFSymbol+CGPath.swift /Users/rogerlin/Library/Developer/Xcode/DerivedData/FinancialCalculatorKit-ackorybalcxbfocbkqsfdzcfkgmn/SourcePackages/checkouts/SwiftDraw/SwiftDraw/Renderer.SFSymbol.swift /Users/rogerlin/Library/Developer/Xcode/DerivedData/FinancialCalculatorKit-ackorybalcxbfocbkqsfdzcfkgmn/SourcePackages/checkouts/SwiftDraw/SwiftDraw/Renderer.SVG.swift /Users/rogerlin/Library/Developer/Xcode/DerivedData/FinancialCalculatorKit-ackorybalcxbfocbkqsfdzcfkgmn/SourcePackages/checkouts/SwiftDraw/SwiftDraw/Renderer.swift /Users/rogerlin/Library/Developer/Xcode/DerivedData/FinancialCalculatorKit-ackorybalcxbfocbkqsfdzcfkgmn/SourcePackages/checkouts/SwiftDraw/SwiftDraw/SVG+CoreGraphics.swift /Users/rogerlin/Library/Developer/Xcode/DerivedData/FinancialCalculatorKit-ackorybalcxbfocbkqsfdzcfkgmn/SourcePackages/checkouts/SwiftDraw/SwiftDraw/SVG+Deprecated.swift /Users/rogerlin/Library/Developer/Xcode/DerivedData/FinancialCalculatorKit-ackorybalcxbfocbkqsfdzcfkgmn/SourcePackages/checkouts/SwiftDraw/SwiftDraw/SVG+Hashable.swift /Users/rogerlin/Library/Developer/Xcode/DerivedData/FinancialCalculatorKit-ackorybalcxbfocbkqsfdzcfkgmn/SourcePackages/checkouts/SwiftDraw/SwiftDraw/SVG+Insets.swift /Users/rogerlin/Library/Developer/Xcode/DerivedData/FinancialCalculatorKit-ackorybalcxbfocbkqsfdzcfkgmn/SourcePackages/checkouts/SwiftDraw/SwiftDraw/SVG.swift /Users/rogerlin/Library/Developer/Xcode/DerivedData/FinancialCalculatorKit-ackorybalcxbfocbkqsfdzcfkgmn/SourcePackages/checkouts/SwiftDraw/SwiftDraw/SVGView.swift /Users/rogerlin/Library/Developer/Xcode/DerivedData/FinancialCalculatorKit-ackorybalcxbfocbkqsfdzcfkgmn/SourcePackages/checkouts/SwiftDraw/SwiftDraw/Stack.swift /Users/rogerlin/Library/Developer/Xcode/DerivedData/FinancialCalculatorKit-ackorybalcxbfocbkqsfdzcfkgmn/SourcePackages/checkouts/SwiftDraw/SwiftDraw/UIImage+SVG.swift /Users/rogerlin/Library/Developer/Xcode/DerivedData/FinancialCalculatorKit-ackorybalcxbfocbkqsfdzcfkgmn/SourcePackages/checkouts/SwiftDraw/SwiftDraw/Utilities/PairedSequence.swift /Users/rogerlin/Library/Developer/Xcode/DerivedData/FinancialCalculatorKit-ackorybalcxbfocbkqsfdzcfkgmn/SourcePackages/checkouts/SwiftDraw/SwiftDraw/XML.Formatter.SVG.swift /Users/rogerlin/Library/Developer/Xcode/DerivedData/FinancialCalculatorKit-ackorybalcxbfocbkqsfdzcfkgmn/SourcePackages/checkouts/SwiftDraw/SwiftDraw/XML.Formatter.swift -supplementary-output-file-map /Users/rogerlin/Library/Developer/Xcode/DerivedData/FinancialCalculatorKit-ackorybalcxbfocbkqsfdzcfkgmn/Build/Intermediates.noindex/SwiftDraw.build/Debug/SwiftDraw.build/Objects-normal/arm64/supplementaryOutputs-18 -target arm64-apple-macos10.15 -module-can-import-version AppKit 2685.20.119 2685.20.119 -module-can-import-version CoreGraphics 1965.1.4 1965.1.4 -module-can-import-version CoreText 877.1.0.5 877.1.0 -module-can-import-version Darwin 347.40.2 0 -module-can-import-version SwiftUI 7.1.13.1 7.1.13 -load-resolved-plugin /Applications/Xcode.app/Contents/Developer/Platforms/MacOSX.platform/Developer/usr/lib/swift/host/plugins/libFoundationMacros.dylib\#/Applications/Xcode.app/Contents/Developer/Platforms/MacOSX.platform/Developer/usr/bin/swift-plugin-server\#FoundationMacros -load-resolved-plugin /Applications/Xcode.app/Contents/Developer/Platforms/MacOSX.platform/Developer/usr/lib/swift/host/plugins/libObservationMacros.dylib\#/Applications/Xcode.app/Contents/Developer/Platforms/MacOSX.platform/Developer/usr/bin/swift-plugin-server\#ObservationMacros -load-resolved-plugin /Applications/Xcode.app/Contents/Developer/Platforms/MacOSX.platform/Developer/usr/lib/swift/host/plugins/libPreviewsMacros.dylib\#/Applications/Xcode.app/Contents/Developer/Platforms/MacOSX.platform/Developer/usr/bin/swift-plugin-server\#PreviewsMacros -load-resolved-plugin /Applications/Xcode.app/Contents/Developer/Platforms/MacOSX.platform/Developer/usr/lib/swift/host/plugins/libSwiftMacros.dylib\#/Applications/Xcode.app/Contents/Developer/Platforms/MacOSX.platform/Developer/usr/bin/swift-plugin-server\#SwiftMacros -load-resolved-plugin /Applications/Xcode.app/Contents/Developer/Platforms/MacOSX.platform/Developer/usr/lib/swift/host/plugins/libSwiftUIMacros.dylib\#/Applications/Xcode.app/Contents/Developer/Platforms/MacOSX.platform/Developer/usr/bin/swift-plugin-server\#SwiftUIMacros -disable-implicit-swift-modules -Xcc -fno-implicit-modules -Xcc -fno-implicit-module-maps -explicit-swift-module-map-file /Users/rogerlin/Library/Developer/Xcode/DerivedData/FinancialCalculatorKit-ackorybalcxbfocbkqsfdzcfkgmn/Build/Intermediates.noindex/SwiftDraw.build/Debug/SwiftDraw.build/Objects-normal/arm64/SwiftDraw-dependencies-1.json -Xllvm -aarch64-use-tbi -enable-objc-interop -stack-check -sdk /Applications/Xcode.app/Contents/Developer/Platforms/MacOSX.platform/Developer/SDKs/MacOSX26.1.sdk -I /Users/rogerlin/Library/Developer/Xcode/DerivedData/FinancialCalculatorKit-ackorybalcxbfocbkqsfdzcfkgmn/Build/Products/Debug -Isystem /Applications/Xcode.app/Contents/Developer/Platforms/MacOSX.platform/Developer/usr/lib -F /Users/rogerlin/Library/Developer/Xcode/DerivedData/FinancialCalculatorKit-ackorybalcxbfocbkqsfdzcfkgmn/Build/Products/Debug/PackageFrameworks -F /Users/rogerlin/Library/Developer/Xcode/DerivedData/FinancialCalculatorKit-ackorybalcxbfocbkqsfdzcfkgmn/Build/Products/Debug -F /Applications/Xcode.app/Contents/Developer/Platforms/MacOSX.platform/Developer/Library/Frameworks -no-color-diagnostics -Xcc -fno-color-diagnostics -enable-testing -g -debug-info-format\=dwarf -dwarf-version\=4 -module-cache-path /Users/rogerlin/Library/Developer/Xcode/DerivedData/FinancialCalculatorKit-ackorybalcxbfocbkqsfdzcfkgmn/Build/Intermediates.noindex/SwiftExplicitPrecompiledModules -suppress-warnings -profile-generate -profile-coverage-mapping -swift-version 6 -enforce-exclusivity\=checked -Onone -D SWIFT_PACKAGE -D DEBUG -D SWIFT_MODULE_RESOURCE_BUNDLE_UNAVAILABLE -D Xcode -serialize-debugging-options -const-gather-protocols-file /Users/rogerlin/Library/Developer/Xcode/DerivedData/FinancialCalculatorKit-ackorybalcxbfocbkqsfdzcfkgmn/Build/Intermediates.noindex/SwiftDraw.build/Debug/SwiftDraw.build/Objects-normal/arm64/SwiftDraw_const_extract_protocols.json -enable-upcoming-feature ExistentialAny -enable-experimental-feature DebugDescriptionMacro -empty-abi-descriptor -user-module-version 0.22.0 -validate-clang-modules-once -clang-build-session-file /Users/rogerlin/Library/Developer/Xcode/DerivedData/ModuleCache.noindex/Session.modulevalidation -Xcc -working-directory -Xcc /Users/rogerlin/XCode-Projects/FinancialCalculatorKit-5.0-updated-accent-colors/FinancialCalculatorKit.xcodeproj -enable-anonymous-context-mangled-names -file-compilation-dir /Users/rogerlin/XCode-Projects/FinancialCalculatorKit-5.0-updated-accent-colors/FinancialCalculatorKit.xcodeproj -Xcc -D_LIBCPP_HARDENING_MODE\=_LIBCPP_HARDENING_MODE_DEBUG -Xcc -ivfsstatcache -Xcc /Users/rogerlin/Library/Developer/Xcode/DerivedData/SDKStatCaches.noindex/macosx26.1-25B74-3ae1261907bdadc328169391a47051a6.sdkstatcache -Xcc -I/Users/rogerlin/Library/Developer/Xcode/DerivedData/FinancialCalculatorKit-ackorybalcxbfocbkqsfdzcfkgmn/Build/Intermediates.noindex/SwiftDraw.build/Debug/SwiftDraw.build/swift-overrides.hmap -Xcc -I/Users/rogerlin/Library/Developer/Xcode/DerivedData/FinancialCalculatorKit-ackorybalcxbfocbkqsfdzcfkgmn/Build/Products/Debug/include -Xcc -I/Users/rogerlin/Library/Developer/Xcode/DerivedData/FinancialCalculatorKit-ackorybalcxbfocbkqsfdzcfkgmn/Build/Intermediates.noindex/SwiftDraw.build/Debug/SwiftDraw.build/DerivedSources-normal/arm64 -Xcc -I/Users/rogerlin/Library/Developer/Xcode/DerivedData/FinancialCalculatorKit-ackorybalcxbfocbkqsfdzcfkgmn/Build/Intermediates.noindex/SwiftDraw.build/Debug/SwiftDraw.build/DerivedSources/arm64 -Xcc -I/Users/rogerlin/Library/Developer/Xcode/DerivedData/FinancialCalculatorKit-ackorybalcxbfocbkqsfdzcfkgmn/Build/Intermediates.noindex/SwiftDraw.build/Debug/SwiftDraw.build/DerivedSources -Xcc -DSWIFT_PACKAGE -Xcc -DDEBUG\=1 -no-auto-bridging-header-chaining -module-name SwiftDraw -package-name swiftdraw -frontend-parseable-output -disable-clang-spi -target-sdk-version 26.1 -target-sdk-name macosx26.1 -clang-target arm64-apple-macos26.1 -in-process-plugin-server-path /Applications/Xcode.app/Contents/Developer/Toolchains/XcodeDefault.xctoolchain/usr/lib/swift/host/libSwiftInProcPluginServer.dylib -o /Users/rogerlin/Library/Developer/Xcode/DerivedData/FinancialCalculatorKit-ackorybalcxbfocbkqsfdzcfkgmn/Build/Intermediates.noindex/SwiftDraw.build/Debug/SwiftDraw.build/Objects-normal/arm64/CGImage+Mask.o -o /Users/rogerlin/Library/Developer/Xcode/DerivedData/FinancialCalculatorKit-ackorybalcxbfocbkqsfdzcfkgmn/Build/Intermediates.noindex/SwiftDraw.build/Debug/SwiftDraw.build/Objects-normal/arm64/CGPath+Segment.o -o /Users/rogerlin/Library/Developer/Xcode/DerivedData/FinancialCalculatorKit-ackorybalcxbfocbkqsfdzcfkgmn/Build/Intermediates.noindex/SwiftDraw.build/Debug/SwiftDraw.build/Objects-normal/arm64/CGPattern+Closure.o -o /Users/rogerlin/Library/Developer/Xcode/DerivedData/FinancialCalculatorKit-ackorybalcxbfocbkqsfdzcfkgmn/Build/Intermediates.noindex/SwiftDraw.build/Debug/SwiftDraw.build/Objects-normal/arm64/CGTextRenderer+Code.o -index-unit-output-path /SwiftDraw.build/Debug/SwiftDraw.build/Objects-normal/arm64/CGImage+Mask.o -index-unit-output-path /SwiftDraw.build/Debug/SwiftDraw.build/Objects-normal/arm64/CGPath+Segment.o -index-unit-output-path /SwiftDraw.build/Debug/SwiftDraw.build/Objects-normal/arm64/CGPattern+Closure.o -index-unit-output-path /SwiftDraw.build/Debug/SwiftDraw.build/Objects-normal/arm64/CGTextRenderer+Code.o -index-store-path /Users/rogerlin/Library/Developer/Xcode/DerivedData/FinancialCalculatorKit-ackorybalcxbfocbkqsfdzcfkgmn/Index.noindex/DataStore -index-system-modules

SwiftCompile normal arm64 /Users/rogerlin/Library/Developer/Xcode/DerivedData/FinancialCalculatorKit-ackorybalcxbfocbkqsfdzcfkgmn/SourcePackages/checkouts/SwiftDraw/SwiftDraw/CGImage+Mask.swift (in target 'SwiftDraw' from project 'SwiftDraw')
    cd /Users/rogerlin/XCode-Projects/FinancialCalculatorKit-5.0-updated-accent-colors/FinancialCalculatorKit.xcodeproj
    

SwiftCompile normal arm64 /Users/rogerlin/Library/Developer/Xcode/DerivedData/FinancialCalculatorKit-ackorybalcxbfocbkqsfdzcfkgmn/SourcePackages/checkouts/SwiftDraw/SwiftDraw/CGPath+Segment.swift (in target 'SwiftDraw' from project 'SwiftDraw')
    cd /Users/rogerlin/XCode-Projects/FinancialCalculatorKit-5.0-updated-accent-colors/FinancialCalculatorKit.xcodeproj
    

SwiftCompile normal arm64 /Users/rogerlin/Library/Developer/Xcode/DerivedData/FinancialCalculatorKit-ackorybalcxbfocbkqsfdzcfkgmn/SourcePackages/checkouts/SwiftDraw/SwiftDraw/CGPattern+Closure.swift (in target 'SwiftDraw' from project 'SwiftDraw')
    cd /Users/rogerlin/XCode-Projects/FinancialCalculatorKit-5.0-updated-accent-colors/FinancialCalculatorKit.xcodeproj
    

SwiftCompile normal arm64 /Users/rogerlin/Library/Developer/Xcode/DerivedData/FinancialCalculatorKit-ackorybalcxbfocbkqsfdzcfkgmn/SourcePackages/checkouts/SwiftDraw/SwiftDraw/CGTextRenderer+Code.swift (in target 'SwiftDraw' from project 'SwiftDraw')
    cd /Users/rogerlin/XCode-Projects/FinancialCalculatorKit-5.0-updated-accent-colors/FinancialCalculatorKit.xcodeproj
    

SwiftCompile normal arm64 Compiling\ LayerTree.Path+Reversed.swift,\ LayerTree.Path+Subpath.swift,\ LayerTree.Path.swift /Users/rogerlin/Library/Developer/Xcode/DerivedData/FinancialCalculatorKit-ackorybalcxbfocbkqsfdzcfkgmn/SourcePackages/checkouts/SwiftDraw/SwiftDraw/LayerTree.Path+Reversed.swift /Users/rogerlin/Library/Developer/Xcode/DerivedData/FinancialCalculatorKit-ackorybalcxbfocbkqsfdzcfkgmn/SourcePackages/checkouts/SwiftDraw/SwiftDraw/LayerTree.Path+Subpath.swift /Users/rogerlin/Library/Developer/Xcode/DerivedData/FinancialCalculatorKit-ackorybalcxbfocbkqsfdzcfkgmn/SourcePackages/checkouts/SwiftDraw/SwiftDraw/LayerTree.Path.swift (in target 'SwiftDraw' from project 'SwiftDraw')
/Applications/Xcode.app/Contents/Developer/Toolchains/XcodeDefault.xctoolchain/usr/bin/swift-frontend -frontend -c /Users/rogerlin/Library/Developer/Xcode/DerivedData/FinancialCalculatorKit-ackorybalcxbfocbkqsfdzcfkgmn/SourcePackages/checkouts/SwiftDraw/SwiftDraw/CGImage+Mask.swift /Users/rogerlin/Library/Developer/Xcode/DerivedData/FinancialCalculatorKit-ackorybalcxbfocbkqsfdzcfkgmn/SourcePackages/checkouts/SwiftDraw/SwiftDraw/CGPath+Segment.swift /Users/rogerlin/Library/Developer/Xcode/DerivedData/FinancialCalculatorKit-ackorybalcxbfocbkqsfdzcfkgmn/SourcePackages/checkouts/SwiftDraw/SwiftDraw/CGPattern+Closure.swift /Users/rogerlin/Library/Developer/Xcode/DerivedData/FinancialCalculatorKit-ackorybalcxbfocbkqsfdzcfkgmn/SourcePackages/checkouts/SwiftDraw/SwiftDraw/CGTextRenderer+Code.swift /Users/rogerlin/Library/Developer/Xcode/DerivedData/FinancialCalculatorKit-ackorybalcxbfocbkqsfdzcfkgmn/SourcePackages/checkouts/SwiftDraw/SwiftDraw/CommandLine+Process.swift /Users/rogerlin/Library/Developer/Xcode/DerivedData/FinancialCalculatorKit-ackorybalcxbfocbkqsfdzcfkgmn/SourcePackages/checkouts/SwiftDraw/SwiftDraw/CommandLine.Arguments.swift /Users/rogerlin/Library/Developer/Xcode/DerivedData/FinancialCalculatorKit-ackorybalcxbfocbkqsfdzcfkgmn/SourcePackages/checkouts/SwiftDraw/SwiftDraw/CommandLine.Configuration.swift /Users/rogerlin/Library/Developer/Xcode/DerivedData/FinancialCalculatorKit-ackorybalcxbfocbkqsfdzcfkgmn/SourcePackages/checkouts/SwiftDraw/SwiftDraw/CommandLine.swift /Users/rogerlin/Library/Developer/Xcode/DerivedData/FinancialCalculatorKit-ackorybalcxbfocbkqsfdzcfkgmn/SourcePackages/checkouts/SwiftDraw/SwiftDraw/CoordinateFormatter.swift /Users/rogerlin/Library/Developer/Xcode/DerivedData/FinancialCalculatorKit-ackorybalcxbfocbkqsfdzcfkgmn/SourcePackages/checkouts/SwiftDraw/SwiftDraw/LayerTree.Builder.Layer.swift /Users/rogerlin/Library/Developer/Xcode/DerivedData/FinancialCalculatorKit-ackorybalcxbfocbkqsfdzcfkgmn/SourcePackages/checkouts/SwiftDraw/SwiftDraw/LayerTree.Builder.Path.Arc.swift /Users/rogerlin/Library/Developer/Xcode/DerivedData/FinancialCalculatorKit-ackorybalcxbfocbkqsfdzcfkgmn/SourcePackages/checkouts/SwiftDraw/SwiftDraw/LayerTree.Builder.Path.swift /Users/rogerlin/Library/Developer/Xcode/DerivedData/FinancialCalculatorKit-ackorybalcxbfocbkqsfdzcfkgmn/SourcePackages/checkouts/SwiftDraw/SwiftDraw/LayerTree.Builder.Shape.swift /Users/rogerlin/Library/Developer/Xcode/DerivedData/FinancialCalculatorKit-ackorybalcxbfocbkqsfdzcfkgmn/SourcePackages/checkouts/SwiftDraw/SwiftDraw/LayerTree.Builder.Text.swift /Users/rogerlin/Library/Developer/Xcode/DerivedData/FinancialCalculatorKit-ackorybalcxbfocbkqsfdzcfkgmn/SourcePackages/checkouts/SwiftDraw/SwiftDraw/LayerTree.Builder.swift /Users/rogerlin/Library/Developer/Xcode/DerivedData/FinancialCalculatorKit-ackorybalcxbfocbkqsfdzcfkgmn/SourcePackages/checkouts/SwiftDraw/SwiftDraw/LayerTree.Color.swift /Users/rogerlin/Library/Developer/Xcode/DerivedData/FinancialCalculatorKit-ackorybalcxbfocbkqsfdzcfkgmn/SourcePackages/checkouts/SwiftDraw/SwiftDraw/LayerTree.CommandGenerator.swift /Users/rogerlin/Library/Developer/Xcode/DerivedData/FinancialCalculatorKit-ackorybalcxbfocbkqsfdzcfkgmn/SourcePackages/checkouts/SwiftDraw/SwiftDraw/LayerTree.CommandOptimizer.swift /Users/rogerlin/Library/Developer/Xcode/DerivedData/FinancialCalculatorKit-ackorybalcxbfocbkqsfdzcfkgmn/SourcePackages/checkouts/SwiftDraw/SwiftDraw/LayerTree.Gradient.swift /Users/rogerlin/Library/Developer/Xcode/DerivedData/FinancialCalculatorKit-ackorybalcxbfocbkqsfdzcfkgmn/SourcePackages/checkouts/SwiftDraw/SwiftDraw/LayerTree.Image.swift /Users/rogerlin/Library/Developer/Xcode/DerivedData/FinancialCalculatorKit-ackorybalcxbfocbkqsfdzcfkgmn/SourcePackages/checkouts/SwiftDraw/SwiftDraw/LayerTree.Layer.swift /Users/rogerlin/Library/Developer/Xcode/DerivedData/FinancialCalculatorKit-ackorybalcxbfocbkqsfdzcfkgmn/SourcePackages/checkouts/SwiftDraw/SwiftDraw/LayerTree.Path+Bounds.swift -primary-file /Users/rogerlin/Library/Developer/Xcode/DerivedData/FinancialCalculatorKit-ackorybalcxbfocbkqsfdzcfkgmn/SourcePackages/checkouts/SwiftDraw/SwiftDraw/LayerTree.Path+Reversed.swift -primary-file /Users/rogerlin/Library/Developer/Xcode/DerivedData/FinancialCalculatorKit-ackorybalcxbfocbkqsfdzcfkgmn/SourcePackages/checkouts/SwiftDraw/SwiftDraw/LayerTree.Path+Subpath.swift -primary-file /Users/rogerlin/Library/Developer/Xcode/DerivedData/FinancialCalculatorKit-ackorybalcxbfocbkqsfdzcfkgmn/SourcePackages/checkouts/SwiftDraw/SwiftDraw/LayerTree.Path.swift /Users/rogerlin/Library/Developer/Xcode/DerivedData/FinancialCalculatorKit-ackorybalcxbfocbkqsfdzcfkgmn/SourcePackages/checkouts/SwiftDraw/SwiftDraw/LayerTree.Pattern.swift /Users/rogerlin/Library/Developer/Xcode/DerivedData/FinancialCalculatorKit-ackorybalcxbfocbkqsfdzcfkgmn/SourcePackages/checkouts/SwiftDraw/SwiftDraw/LayerTree.Shape.swift /Users/rogerlin/Library/Developer/Xcode/DerivedData/FinancialCalculatorKit-ackorybalcxbfocbkqsfdzcfkgmn/SourcePackages/checkouts/SwiftDraw/SwiftDraw/LayerTree.Transform.swift /Users/rogerlin/Library/Developer/Xcode/DerivedData/FinancialCalculatorKit-ackorybalcxbfocbkqsfdzcfkgmn/SourcePackages/checkouts/SwiftDraw/SwiftDraw/LayerTree.swift /Users/rogerlin/Library/Developer/Xcode/DerivedData/FinancialCalculatorKit-ackorybalcxbfocbkqsfdzcfkgmn/SourcePackages/checkouts/SwiftDraw/SwiftDraw/NSImage+SVG.swift /Users/rogerlin/Library/Developer/Xcode/DerivedData/FinancialCalculatorKit-ackorybalcxbfocbkqsfdzcfkgmn/SourcePackages/checkouts/SwiftDraw/SwiftDraw/Renderer.CGText+Path.swift /Users/rogerlin/Library/Developer/Xcode/DerivedData/FinancialCalculatorKit-ackorybalcxbfocbkqsfdzcfkgmn/SourcePackages/checkouts/SwiftDraw/SwiftDraw/Renderer.CGText.swift /Users/rogerlin/Library/Developer/Xcode/DerivedData/FinancialCalculatorKit-ackorybalcxbfocbkqsfdzcfkgmn/SourcePackages/checkouts/SwiftDraw/SwiftDraw/Renderer.CoreGraphics.swift /Users/rogerlin/Library/Developer/Xcode/DerivedData/FinancialCalculatorKit-ackorybalcxbfocbkqsfdzcfkgmn/SourcePackages/checkouts/SwiftDraw/SwiftDraw/Renderer.LayerTree.swift /Users/rogerlin/Library/Developer/Xcode/DerivedData/FinancialCalculatorKit-ackorybalcxbfocbkqsfdzcfkgmn/SourcePackages/checkouts/SwiftDraw/SwiftDraw/Renderer.SFSymbol+CGPath.swift /Users/rogerlin/Library/Developer/Xcode/DerivedData/FinancialCalculatorKit-ackorybalcxbfocbkqsfdzcfkgmn/SourcePackages/checkouts/SwiftDraw/SwiftDraw/Renderer.SFSymbol.swift /Users/rogerlin/Library/Developer/Xcode/DerivedData/FinancialCalculatorKit-ackorybalcxbfocbkqsfdzcfkgmn/SourcePackages/checkouts/SwiftDraw/SwiftDraw/Renderer.SVG.swift /Users/rogerlin/Library/Developer/Xcode/DerivedData/FinancialCalculatorKit-ackorybalcxbfocbkqsfdzcfkgmn/SourcePackages/checkouts/SwiftDraw/SwiftDraw/Renderer.swift /Users/rogerlin/Library/Developer/Xcode/DerivedData/FinancialCalculatorKit-ackorybalcxbfocbkqsfdzcfkgmn/SourcePackages/checkouts/SwiftDraw/SwiftDraw/SVG+CoreGraphics.swift /Users/rogerlin/Library/Developer/Xcode/DerivedData/FinancialCalculatorKit-ackorybalcxbfocbkqsfdzcfkgmn/SourcePackages/checkouts/SwiftDraw/SwiftDraw/SVG+Deprecated.swift /Users/rogerlin/Library/Developer/Xcode/DerivedData/FinancialCalculatorKit-ackorybalcxbfocbkqsfdzcfkgmn/SourcePackages/checkouts/SwiftDraw/SwiftDraw/SVG+Hashable.swift /Users/rogerlin/Library/Developer/Xcode/DerivedData/FinancialCalculatorKit-ackorybalcxbfocbkqsfdzcfkgmn/SourcePackages/checkouts/SwiftDraw/SwiftDraw/SVG+Insets.swift /Users/rogerlin/Library/Developer/Xcode/DerivedData/FinancialCalculatorKit-ackorybalcxbfocbkqsfdzcfkgmn/SourcePackages/checkouts/SwiftDraw/SwiftDraw/SVG.swift /Users/rogerlin/Library/Developer/Xcode/DerivedData/FinancialCalculatorKit-ackorybalcxbfocbkqsfdzcfkgmn/SourcePackages/checkouts/SwiftDraw/SwiftDraw/SVGView.swift /Users/rogerlin/Library/Developer/Xcode/DerivedData/FinancialCalculatorKit-ackorybalcxbfocbkqsfdzcfkgmn/SourcePackages/checkouts/SwiftDraw/SwiftDraw/Stack.swift /Users/rogerlin/Library/Developer/Xcode/DerivedData/FinancialCalculatorKit-ackorybalcxbfocbkqsfdzcfkgmn/SourcePackages/checkouts/SwiftDraw/SwiftDraw/UIImage+SVG.swift /Users/rogerlin/Library/Developer/Xcode/DerivedData/FinancialCalculatorKit-ackorybalcxbfocbkqsfdzcfkgmn/SourcePackages/checkouts/SwiftDraw/SwiftDraw/Utilities/PairedSequence.swift /Users/rogerlin/Library/Developer/Xcode/DerivedData/FinancialCalculatorKit-ackorybalcxbfocbkqsfdzcfkgmn/SourcePackages/checkouts/SwiftDraw/SwiftDraw/XML.Formatter.SVG.swift /Users/rogerlin/Library/Developer/Xcode/DerivedData/FinancialCalculatorKit-ackorybalcxbfocbkqsfdzcfkgmn/SourcePackages/checkouts/SwiftDraw/SwiftDraw/XML.Formatter.swift -supplementary-output-file-map /Users/rogerlin/Library/Developer/Xcode/DerivedData/FinancialCalculatorKit-ackorybalcxbfocbkqsfdzcfkgmn/Build/Intermediates.noindex/SwiftDraw.build/Debug/SwiftDraw.build/Objects-normal/arm64/supplementaryOutputs-25 -target arm64-apple-macos10.15 -module-can-import-version AppKit 2685.20.119 2685.20.119 -module-can-import-version CoreGraphics 1965.1.4 1965.1.4 -module-can-import-version CoreText 877.1.0.5 877.1.0 -module-can-import-version Darwin 347.40.2 0 -module-can-import-version SwiftUI 7.1.13.1 7.1.13 -load-resolved-plugin /Applications/Xcode.app/Contents/Developer/Platforms/MacOSX.platform/Developer/usr/lib/swift/host/plugins/libFoundationMacros.dylib\#/Applications/Xcode.app/Contents/Developer/Platforms/MacOSX.platform/Developer/usr/bin/swift-plugin-server\#FoundationMacros -load-resolved-plugin /Applications/Xcode.app/Contents/Developer/Platforms/MacOSX.platform/Developer/usr/lib/swift/host/plugins/libObservationMacros.dylib\#/Applications/Xcode.app/Contents/Developer/Platforms/MacOSX.platform/Developer/usr/bin/swift-plugin-server\#ObservationMacros -load-resolved-plugin /Applications/Xcode.app/Contents/Developer/Platforms/MacOSX.platform/Developer/usr/lib/swift/host/plugins/libPreviewsMacros.dylib\#/Applications/Xcode.app/Contents/Developer/Platforms/MacOSX.platform/Developer/usr/bin/swift-plugin-server\#PreviewsMacros -load-resolved-plugin /Applications/Xcode.app/Contents/Developer/Platforms/MacOSX.platform/Developer/usr/lib/swift/host/plugins/libSwiftMacros.dylib\#/Applications/Xcode.app/Contents/Developer/Platforms/MacOSX.platform/Developer/usr/bin/swift-plugin-server\#SwiftMacros -load-resolved-plugin /Applications/Xcode.app/Contents/Developer/Platforms/MacOSX.platform/Developer/usr/lib/swift/host/plugins/libSwiftUIMacros.dylib\#/Applications/Xcode.app/Contents/Developer/Platforms/MacOSX.platform/Developer/usr/bin/swift-plugin-server\#SwiftUIMacros -disable-implicit-swift-modules -Xcc -fno-implicit-modules -Xcc -fno-implicit-module-maps -explicit-swift-module-map-file /Users/rogerlin/Library/Developer/Xcode/DerivedData/FinancialCalculatorKit-ackorybalcxbfocbkqsfdzcfkgmn/Build/Intermediates.noindex/SwiftDraw.build/Debug/SwiftDraw.build/Objects-normal/arm64/SwiftDraw-dependencies-1.json -Xllvm -aarch64-use-tbi -enable-objc-interop -stack-check -sdk /Applications/Xcode.app/Contents/Developer/Platforms/MacOSX.platform/Developer/SDKs/MacOSX26.1.sdk -I /Users/rogerlin/Library/Developer/Xcode/DerivedData/FinancialCalculatorKit-ackorybalcxbfocbkqsfdzcfkgmn/Build/Products/Debug -Isystem /Applications/Xcode.app/Contents/Developer/Platforms/MacOSX.platform/Developer/usr/lib -F /Users/rogerlin/Library/Developer/Xcode/DerivedData/FinancialCalculatorKit-ackorybalcxbfocbkqsfdzcfkgmn/Build/Products/Debug/PackageFrameworks -F /Users/rogerlin/Library/Developer/Xcode/DerivedData/FinancialCalculatorKit-ackorybalcxbfocbkqsfdzcfkgmn/Build/Products/Debug -F /Applications/Xcode.app/Contents/Developer/Platforms/MacOSX.platform/Developer/Library/Frameworks -no-color-diagnostics -Xcc -fno-color-diagnostics -enable-testing -g -debug-info-format\=dwarf -dwarf-version\=4 -module-cache-path /Users/rogerlin/Library/Developer/Xcode/DerivedData/FinancialCalculatorKit-ackorybalcxbfocbkqsfdzcfkgmn/Build/Intermediates.noindex/SwiftExplicitPrecompiledModules -suppress-warnings -profile-generate -profile-coverage-mapping -swift-version 6 -enforce-exclusivity\=checked -Onone -D SWIFT_PACKAGE -D DEBUG -D SWIFT_MODULE_RESOURCE_BUNDLE_UNAVAILABLE -D Xcode -serialize-debugging-options -const-gather-protocols-file /Users/rogerlin/Library/Developer/Xcode/DerivedData/FinancialCalculatorKit-ackorybalcxbfocbkqsfdzcfkgmn/Build/Intermediates.noindex/SwiftDraw.build/Debug/SwiftDraw.build/Objects-normal/arm64/SwiftDraw_const_extract_protocols.json -enable-upcoming-feature ExistentialAny -enable-experimental-feature DebugDescriptionMacro -empty-abi-descriptor -user-module-version 0.22.0 -validate-clang-modules-once -clang-build-session-file /Users/rogerlin/Library/Developer/Xcode/DerivedData/ModuleCache.noindex/Session.modulevalidation -Xcc -working-directory -Xcc /Users/rogerlin/XCode-Projects/FinancialCalculatorKit-5.0-updated-accent-colors/FinancialCalculatorKit.xcodeproj -enable-anonymous-context-mangled-names -file-compilation-dir /Users/rogerlin/XCode-Projects/FinancialCalculatorKit-5.0-updated-accent-colors/FinancialCalculatorKit.xcodeproj -Xcc -D_LIBCPP_HARDENING_MODE\=_LIBCPP_HARDENING_MODE_DEBUG -Xcc -ivfsstatcache -Xcc /Users/rogerlin/Library/Developer/Xcode/DerivedData/SDKStatCaches.noindex/macosx26.1-25B74-3ae1261907bdadc328169391a47051a6.sdkstatcache -Xcc -I/Users/rogerlin/Library/Developer/Xcode/DerivedData/FinancialCalculatorKit-ackorybalcxbfocbkqsfdzcfkgmn/Build/Intermediates.noindex/SwiftDraw.build/Debug/SwiftDraw.build/swift-overrides.hmap -Xcc -I/Users/rogerlin/Library/Developer/Xcode/DerivedData/FinancialCalculatorKit-ackorybalcxbfocbkqsfdzcfkgmn/Build/Products/Debug/include -Xcc -I/Users/rogerlin/Library/Developer/Xcode/DerivedData/FinancialCalculatorKit-ackorybalcxbfocbkqsfdzcfkgmn/Build/Intermediates.noindex/SwiftDraw.build/Debug/SwiftDraw.build/DerivedSources-normal/arm64 -Xcc -I/Users/rogerlin/Library/Developer/Xcode/DerivedData/FinancialCalculatorKit-ackorybalcxbfocbkqsfdzcfkgmn/Build/Intermediates.noindex/SwiftDraw.build/Debug/SwiftDraw.build/DerivedSources/arm64 -Xcc -I/Users/rogerlin/Library/Developer/Xcode/DerivedData/FinancialCalculatorKit-ackorybalcxbfocbkqsfdzcfkgmn/Build/Intermediates.noindex/SwiftDraw.build/Debug/SwiftDraw.build/DerivedSources -Xcc -DSWIFT_PACKAGE -Xcc -DDEBUG\=1 -no-auto-bridging-header-chaining -module-name SwiftDraw -package-name swiftdraw -frontend-parseable-output -disable-clang-spi -target-sdk-version 26.1 -target-sdk-name macosx26.1 -clang-target arm64-apple-macos26.1 -in-process-plugin-server-path /Applications/Xcode.app/Contents/Developer/Toolchains/XcodeDefault.xctoolchain/usr/lib/swift/host/libSwiftInProcPluginServer.dylib -o /Users/rogerlin/Library/Developer/Xcode/DerivedData/FinancialCalculatorKit-ackorybalcxbfocbkqsfdzcfkgmn/Build/Intermediates.noindex/SwiftDraw.build/Debug/SwiftDraw.build/Objects-normal/arm64/LayerTree.Path+Reversed.o -o /Users/rogerlin/Library/Developer/Xcode/DerivedData/FinancialCalculatorKit-ackorybalcxbfocbkqsfdzcfkgmn/Build/Intermediates.noindex/SwiftDraw.build/Debug/SwiftDraw.build/Objects-normal/arm64/LayerTree.Path+Subpath.o -o /Users/rogerlin/Library/Developer/Xcode/DerivedData/FinancialCalculatorKit-ackorybalcxbfocbkqsfdzcfkgmn/Build/Intermediates.noindex/SwiftDraw.build/Debug/SwiftDraw.build/Objects-normal/arm64/LayerTree.Path.o -index-unit-output-path /SwiftDraw.build/Debug/SwiftDraw.build/Objects-normal/arm64/LayerTree.Path+Reversed.o -index-unit-output-path /SwiftDraw.build/Debug/SwiftDraw.build/Objects-normal/arm64/LayerTree.Path+Subpath.o -index-unit-output-path /SwiftDraw.build/Debug/SwiftDraw.build/Objects-normal/arm64/LayerTree.Path.o -index-store-path /Users/rogerlin/Library/Developer/Xcode/DerivedData/FinancialCalculatorKit-ackorybalcxbfocbkqsfdzcfkgmn/Index.noindex/DataStore -index-system-modules

SwiftCompile normal arm64 /Users/rogerlin/Library/Developer/Xcode/DerivedData/FinancialCalculatorKit-ackorybalcxbfocbkqsfdzcfkgmn/SourcePackages/checkouts/SwiftDraw/SwiftDraw/LayerTree.Path+Reversed.swift (in target 'SwiftDraw' from project 'SwiftDraw')
    cd /Users/rogerlin/XCode-Projects/FinancialCalculatorKit-5.0-updated-accent-colors/FinancialCalculatorKit.xcodeproj
    

SwiftCompile normal arm64 /Users/rogerlin/Library/Developer/Xcode/DerivedData/FinancialCalculatorKit-ackorybalcxbfocbkqsfdzcfkgmn/SourcePackages/checkouts/SwiftDraw/SwiftDraw/LayerTree.Path+Subpath.swift (in target 'SwiftDraw' from project 'SwiftDraw')
    cd /Users/rogerlin/XCode-Projects/FinancialCalculatorKit-5.0-updated-accent-colors/FinancialCalculatorKit.xcodeproj
    

SwiftCompile normal arm64 /Users/rogerlin/Library/Developer/Xcode/DerivedData/FinancialCalculatorKit-ackorybalcxbfocbkqsfdzcfkgmn/SourcePackages/checkouts/SwiftDraw/SwiftDraw/LayerTree.Path.swift (in target 'SwiftDraw' from project 'SwiftDraw')
    cd /Users/rogerlin/XCode-Projects/FinancialCalculatorKit-5.0-updated-accent-colors/FinancialCalculatorKit.xcodeproj
    

SwiftDriverJobDiscovery normal arm64 Compiling SinCalculator.swift (in target 'BigDecimal' from project 'BigDecimal')

SwiftDriverJobDiscovery normal arm64 Compiling CosCalculator.swift (in target 'BigDecimal' from project 'BigDecimal')

SwiftMergeGeneratedHeaders /Users/rogerlin/Library/Developer/Xcode/DerivedData/FinancialCalculatorKit-ackorybalcxbfocbkqsfdzcfkgmn/Build/Intermediates.noindex/GeneratedModuleMaps/XCTestDynamicOverlay-Swift.h /Users/rogerlin/Library/Developer/Xcode/DerivedData/FinancialCalculatorKit-ackorybalcxbfocbkqsfdzcfkgmn/Build/Intermediates.noindex/xctest-dynamic-overlay.build/Debug/XCTestDynamicOverlay.build/Objects-normal/arm64/XCTestDynamicOverlay-Swift.h (in target 'XCTestDynamicOverlay' from project 'xctest-dynamic-overlay')
    cd /Users/rogerlin/Library/Developer/Xcode/DerivedData/FinancialCalculatorKit-ackorybalcxbfocbkqsfdzcfkgmn/SourcePackages/checkouts/xctest-dynamic-overlay
    builtin-swiftHeaderTool -arch arm64 /Users/rogerlin/Library/Developer/Xcode/DerivedData/FinancialCalculatorKit-ackorybalcxbfocbkqsfdzcfkgmn/Build/Intermediates.noindex/xctest-dynamic-overlay.build/Debug/XCTestDynamicOverlay.build/Objects-normal/arm64/XCTestDynamicOverlay-Swift.h -o /Users/rogerlin/Library/Developer/Xcode/DerivedData/FinancialCalculatorKit-ackorybalcxbfocbkqsfdzcfkgmn/Build/Intermediates.noindex/GeneratedModuleMaps/XCTestDynamicOverlay-Swift.h

    Task input dependencies:
        /Users/rogerlin/Library/Developer/Xcode/DerivedData/FinancialCalculatorKit-ackorybalcxbfocbkqsfdzcfkgmn/Build/Intermediates.noindex/xctest-dynamic-overlay.build/Debug/XCTestDynamicOverlay.build/Objects-normal/arm64/XCTestDynamicOverlay-Swift.h

    Task output dependencies:
        /Users/rogerlin/Library/Developer/Xcode/DerivedData/FinancialCalculatorKit-ackorybalcxbfocbkqsfdzcfkgmn/Build/Intermediates.noindex/GeneratedModuleMaps/XCTestDynamicOverlay-Swift.h

SwiftDriverJobDiscovery normal arm64 Compiling BigFrac.swift (in target 'BigInt' from project 'BigInt')

Copy /Users/rogerlin/Library/Developer/Xcode/DerivedData/FinancialCalculatorKit-ackorybalcxbfocbkqsfdzcfkgmn/Build/Products/Debug/XCTestDynamicOverlay.swiftmodule/arm64-apple-macos.swiftmodule /Users/rogerlin/Library/Developer/Xcode/DerivedData/FinancialCalculatorKit-ackorybalcxbfocbkqsfdzcfkgmn/Build/Intermediates.noindex/xctest-dynamic-overlay.build/Debug/XCTestDynamicOverlay.build/Objects-normal/arm64/XCTestDynamicOverlay.swiftmodule (in target 'XCTestDynamicOverlay' from project 'xctest-dynamic-overlay')
    cd /Users/rogerlin/Library/Developer/Xcode/DerivedData/FinancialCalculatorKit-ackorybalcxbfocbkqsfdzcfkgmn/SourcePackages/checkouts/xctest-dynamic-overlay
    builtin-copy -exclude .DS_Store -exclude CVS -exclude .svn -exclude .git -exclude .hg -resolve-src-symlinks -rename /Users/rogerlin/Library/Developer/Xcode/DerivedData/FinancialCalculatorKit-ackorybalcxbfocbkqsfdzcfkgmn/Build/Intermediates.noindex/xctest-dynamic-overlay.build/Debug/XCTestDynamicOverlay.build/Objects-normal/arm64/XCTestDynamicOverlay.swiftmodule /Users/rogerlin/Library/Developer/Xcode/DerivedData/FinancialCalculatorKit-ackorybalcxbfocbkqsfdzcfkgmn/Build/Products/Debug/XCTestDynamicOverlay.swiftmodule/arm64-apple-macos.swiftmodule

    Task input dependencies:
        /Users/rogerlin/Library/Developer/Xcode/DerivedData/FinancialCalculatorKit-ackorybalcxbfocbkqsfdzcfkgmn/Build/Intermediates.noindex/xctest-dynamic-overlay.build/Debug/XCTestDynamicOverlay.build/Objects-normal/arm64/XCTestDynamicOverlay.swiftmodule/

    Task output dependencies:
        /Users/rogerlin/Library/Developer/Xcode/DerivedData/FinancialCalculatorKit-ackorybalcxbfocbkqsfdzcfkgmn/Build/Products/Debug/XCTestDynamicOverlay.swiftmodule/arm64-apple-macos.swiftmodule

Copy /Users/rogerlin/Library/Developer/Xcode/DerivedData/FinancialCalculatorKit-ackorybalcxbfocbkqsfdzcfkgmn/Build/Products/Debug/XCTestDynamicOverlay.swiftmodule/arm64-apple-macos.swiftdoc /Users/rogerlin/Library/Developer/Xcode/DerivedData/FinancialCalculatorKit-ackorybalcxbfocbkqsfdzcfkgmn/Build/Intermediates.noindex/xctest-dynamic-overlay.build/Debug/XCTestDynamicOverlay.build/Objects-normal/arm64/XCTestDynamicOverlay.swiftdoc (in target 'XCTestDynamicOverlay' from project 'xctest-dynamic-overlay')
    cd /Users/rogerlin/Library/Developer/Xcode/DerivedData/FinancialCalculatorKit-ackorybalcxbfocbkqsfdzcfkgmn/SourcePackages/checkouts/xctest-dynamic-overlay
    builtin-copy -exclude .DS_Store -exclude CVS -exclude .svn -exclude .git -exclude .hg -resolve-src-symlinks -rename /Users/rogerlin/Library/Developer/Xcode/DerivedData/FinancialCalculatorKit-ackorybalcxbfocbkqsfdzcfkgmn/Build/Intermediates.noindex/xctest-dynamic-overlay.build/Debug/XCTestDynamicOverlay.build/Objects-normal/arm64/XCTestDynamicOverlay.swiftdoc /Users/rogerlin/Library/Developer/Xcode/DerivedData/FinancialCalculatorKit-ackorybalcxbfocbkqsfdzcfkgmn/Build/Products/Debug/XCTestDynamicOverlay.swiftmodule/arm64-apple-macos.swiftdoc

    Task input dependencies:
        /Users/rogerlin/Library/Developer/Xcode/DerivedData/FinancialCalculatorKit-ackorybalcxbfocbkqsfdzcfkgmn/Build/Intermediates.noindex/xctest-dynamic-overlay.build/Debug/XCTestDynamicOverlay.build/Objects-normal/arm64/XCTestDynamicOverlay.swiftdoc/

    Task output dependencies:
        /Users/rogerlin/Library/Developer/Xcode/DerivedData/FinancialCalculatorKit-ackorybalcxbfocbkqsfdzcfkgmn/Build/Products/Debug/XCTestDynamicOverlay.swiftmodule/arm64-apple-macos.swiftdoc

Copy /Users/rogerlin/Library/Developer/Xcode/DerivedData/FinancialCalculatorKit-ackorybalcxbfocbkqsfdzcfkgmn/Build/Products/Debug/XCTestDynamicOverlay.swiftmodule/arm64-apple-macos.abi.json /Users/rogerlin/Library/Developer/Xcode/DerivedData/FinancialCalculatorKit-ackorybalcxbfocbkqsfdzcfkgmn/Build/Intermediates.noindex/xctest-dynamic-overlay.build/Debug/XCTestDynamicOverlay.build/Objects-normal/arm64/XCTestDynamicOverlay.abi.json (in target 'XCTestDynamicOverlay' from project 'xctest-dynamic-overlay')
    cd /Users/rogerlin/Library/Developer/Xcode/DerivedData/FinancialCalculatorKit-ackorybalcxbfocbkqsfdzcfkgmn/SourcePackages/checkouts/xctest-dynamic-overlay
    builtin-copy -exclude .DS_Store -exclude CVS -exclude .svn -exclude .git -exclude .hg -resolve-src-symlinks -rename /Users/rogerlin/Library/Developer/Xcode/DerivedData/FinancialCalculatorKit-ackorybalcxbfocbkqsfdzcfkgmn/Build/Intermediates.noindex/xctest-dynamic-overlay.build/Debug/XCTestDynamicOverlay.build/Objects-normal/arm64/XCTestDynamicOverlay.abi.json /Users/rogerlin/Library/Developer/Xcode/DerivedData/FinancialCalculatorKit-ackorybalcxbfocbkqsfdzcfkgmn/Build/Products/Debug/XCTestDynamicOverlay.swiftmodule/arm64-apple-macos.abi.json

    Task input dependencies:
        /Users/rogerlin/Library/Developer/Xcode/DerivedData/FinancialCalculatorKit-ackorybalcxbfocbkqsfdzcfkgmn/Build/Intermediates.noindex/xctest-dynamic-overlay.build/Debug/XCTestDynamicOverlay.build/Objects-normal/arm64/XCTestDynamicOverlay.abi.json/

    Task output dependencies:
        /Users/rogerlin/Library/Developer/Xcode/DerivedData/FinancialCalculatorKit-ackorybalcxbfocbkqsfdzcfkgmn/Build/Products/Debug/XCTestDynamicOverlay.swiftmodule/arm64-apple-macos.abi.json

Copy /Users/rogerlin/Library/Developer/Xcode/DerivedData/FinancialCalculatorKit-ackorybalcxbfocbkqsfdzcfkgmn/Build/Products/Debug/XCTestDynamicOverlay.swiftmodule/Project/arm64-apple-macos.swiftsourceinfo /Users/rogerlin/Library/Developer/Xcode/DerivedData/FinancialCalculatorKit-ackorybalcxbfocbkqsfdzcfkgmn/Build/Intermediates.noindex/xctest-dynamic-overlay.build/Debug/XCTestDynamicOverlay.build/Objects-normal/arm64/XCTestDynamicOverlay.swiftsourceinfo (in target 'XCTestDynamicOverlay' from project 'xctest-dynamic-overlay')
    cd /Users/rogerlin/Library/Developer/Xcode/DerivedData/FinancialCalculatorKit-ackorybalcxbfocbkqsfdzcfkgmn/SourcePackages/checkouts/xctest-dynamic-overlay
    builtin-copy -exclude .DS_Store -exclude CVS -exclude .svn -exclude .git -exclude .hg -resolve-src-symlinks -rename /Users/rogerlin/Library/Developer/Xcode/DerivedData/FinancialCalculatorKit-ackorybalcxbfocbkqsfdzcfkgmn/Build/Intermediates.noindex/xctest-dynamic-overlay.build/Debug/XCTestDynamicOverlay.build/Objects-normal/arm64/XCTestDynamicOverlay.swiftsourceinfo /Users/rogerlin/Library/Developer/Xcode/DerivedData/FinancialCalculatorKit-ackorybalcxbfocbkqsfdzcfkgmn/Build/Products/Debug/XCTestDynamicOverlay.swiftmodule/Project/arm64-apple-macos.swiftsourceinfo

    Task input dependencies:
        /Users/rogerlin/Library/Developer/Xcode/DerivedData/FinancialCalculatorKit-ackorybalcxbfocbkqsfdzcfkgmn/Build/Intermediates.noindex/xctest-dynamic-overlay.build/Debug/XCTestDynamicOverlay.build/Objects-normal/arm64/XCTestDynamicOverlay.swiftsourceinfo/

    Task output dependencies:
        /Users/rogerlin/Library/Developer/Xcode/DerivedData/FinancialCalculatorKit-ackorybalcxbfocbkqsfdzcfkgmn/Build/Products/Debug/XCTestDynamicOverlay.swiftmodule/Project/arm64-apple-macos.swiftsourceinfo

SwiftCompile normal arm64 Compiling\ Renderer.SFSymbol+CGPath.swift,\ Renderer.SFSymbol.swift,\ Renderer.SVG.swift /Users/rogerlin/Library/Developer/Xcode/DerivedData/FinancialCalculatorKit-ackorybalcxbfocbkqsfdzcfkgmn/SourcePackages/checkouts/SwiftDraw/SwiftDraw/Renderer.SFSymbol+CGPath.swift /Users/rogerlin/Library/Developer/Xcode/DerivedData/FinancialCalculatorKit-ackorybalcxbfocbkqsfdzcfkgmn/SourcePackages/checkouts/SwiftDraw/SwiftDraw/Renderer.SFSymbol.swift /Users/rogerlin/Library/Developer/Xcode/DerivedData/FinancialCalculatorKit-ackorybalcxbfocbkqsfdzcfkgmn/SourcePackages/checkouts/SwiftDraw/SwiftDraw/Renderer.SVG.swift (in target 'SwiftDraw' from project 'SwiftDraw')
/Applications/Xcode.app/Contents/Developer/Toolchains/XcodeDefault.xctoolchain/usr/bin/swift-frontend -frontend -c /Users/rogerlin/Library/Developer/Xcode/DerivedData/FinancialCalculatorKit-ackorybalcxbfocbkqsfdzcfkgmn/SourcePackages/checkouts/SwiftDraw/SwiftDraw/CGImage+Mask.swift /Users/rogerlin/Library/Developer/Xcode/DerivedData/FinancialCalculatorKit-ackorybalcxbfocbkqsfdzcfkgmn/SourcePackages/checkouts/SwiftDraw/SwiftDraw/CGPath+Segment.swift /Users/rogerlin/Library/Developer/Xcode/DerivedData/FinancialCalculatorKit-ackorybalcxbfocbkqsfdzcfkgmn/SourcePackages/checkouts/SwiftDraw/SwiftDraw/CGPattern+Closure.swift /Users/rogerlin/Library/Developer/Xcode/DerivedData/FinancialCalculatorKit-ackorybalcxbfocbkqsfdzcfkgmn/SourcePackages/checkouts/SwiftDraw/SwiftDraw/CGTextRenderer+Code.swift /Users/rogerlin/Library/Developer/Xcode/DerivedData/FinancialCalculatorKit-ackorybalcxbfocbkqsfdzcfkgmn/SourcePackages/checkouts/SwiftDraw/SwiftDraw/CommandLine+Process.swift /Users/rogerlin/Library/Developer/Xcode/DerivedData/FinancialCalculatorKit-ackorybalcxbfocbkqsfdzcfkgmn/SourcePackages/checkouts/SwiftDraw/SwiftDraw/CommandLine.Arguments.swift /Users/rogerlin/Library/Developer/Xcode/DerivedData/FinancialCalculatorKit-ackorybalcxbfocbkqsfdzcfkgmn/SourcePackages/checkouts/SwiftDraw/SwiftDraw/CommandLine.Configuration.swift /Users/rogerlin/Library/Developer/Xcode/DerivedData/FinancialCalculatorKit-ackorybalcxbfocbkqsfdzcfkgmn/SourcePackages/checkouts/SwiftDraw/SwiftDraw/CommandLine.swift /Users/rogerlin/Library/Developer/Xcode/DerivedData/FinancialCalculatorKit-ackorybalcxbfocbkqsfdzcfkgmn/SourcePackages/checkouts/SwiftDraw/SwiftDraw/CoordinateFormatter.swift /Users/rogerlin/Library/Developer/Xcode/DerivedData/FinancialCalculatorKit-ackorybalcxbfocbkqsfdzcfkgmn/SourcePackages/checkouts/SwiftDraw/SwiftDraw/LayerTree.Builder.Layer.swift /Users/rogerlin/Library/Developer/Xcode/DerivedData/FinancialCalculatorKit-ackorybalcxbfocbkqsfdzcfkgmn/SourcePackages/checkouts/SwiftDraw/SwiftDraw/LayerTree.Builder.Path.Arc.swift /Users/rogerlin/Library/Developer/Xcode/DerivedData/FinancialCalculatorKit-ackorybalcxbfocbkqsfdzcfkgmn/SourcePackages/checkouts/SwiftDraw/SwiftDraw/LayerTree.Builder.Path.swift /Users/rogerlin/Library/Developer/Xcode/DerivedData/FinancialCalculatorKit-ackorybalcxbfocbkqsfdzcfkgmn/SourcePackages/checkouts/SwiftDraw/SwiftDraw/LayerTree.Builder.Shape.swift /Users/rogerlin/Library/Developer/Xcode/DerivedData/FinancialCalculatorKit-ackorybalcxbfocbkqsfdzcfkgmn/SourcePackages/checkouts/SwiftDraw/SwiftDraw/LayerTree.Builder.Text.swift /Users/rogerlin/Library/Developer/Xcode/DerivedData/FinancialCalculatorKit-ackorybalcxbfocbkqsfdzcfkgmn/SourcePackages/checkouts/SwiftDraw/SwiftDraw/LayerTree.Builder.swift /Users/rogerlin/Library/Developer/Xcode/DerivedData/FinancialCalculatorKit-ackorybalcxbfocbkqsfdzcfkgmn/SourcePackages/checkouts/SwiftDraw/SwiftDraw/LayerTree.Color.swift /Users/rogerlin/Library/Developer/Xcode/DerivedData/FinancialCalculatorKit-ackorybalcxbfocbkqsfdzcfkgmn/SourcePackages/checkouts/SwiftDraw/SwiftDraw/LayerTree.CommandGenerator.swift /Users/rogerlin/Library/Developer/Xcode/DerivedData/FinancialCalculatorKit-ackorybalcxbfocbkqsfdzcfkgmn/SourcePackages/checkouts/SwiftDraw/SwiftDraw/LayerTree.CommandOptimizer.swift /Users/rogerlin/Library/Developer/Xcode/DerivedData/FinancialCalculatorKit-ackorybalcxbfocbkqsfdzcfkgmn/SourcePackages/checkouts/SwiftDraw/SwiftDraw/LayerTree.Gradient.swift /Users/rogerlin/Library/Developer/Xcode/DerivedData/FinancialCalculatorKit-ackorybalcxbfocbkqsfdzcfkgmn/SourcePackages/checkouts/SwiftDraw/SwiftDraw/LayerTree.Image.swift /Users/rogerlin/Library/Developer/Xcode/DerivedData/FinancialCalculatorKit-ackorybalcxbfocbkqsfdzcfkgmn/SourcePackages/checkouts/SwiftDraw/SwiftDraw/LayerTree.Layer.swift /Users/rogerlin/Library/Developer/Xcode/DerivedData/FinancialCalculatorKit-ackorybalcxbfocbkqsfdzcfkgmn/SourcePackages/checkouts/SwiftDraw/SwiftDraw/LayerTree.Path+Bounds.swift /Users/rogerlin/Library/Developer/Xcode/DerivedData/FinancialCalculatorKit-ackorybalcxbfocbkqsfdzcfkgmn/SourcePackages/checkouts/SwiftDraw/SwiftDraw/LayerTree.Path+Reversed.swift /Users/rogerlin/Library/Developer/Xcode/DerivedData/FinancialCalculatorKit-ackorybalcxbfocbkqsfdzcfkgmn/SourcePackages/checkouts/SwiftDraw/SwiftDraw/LayerTree.Path+Subpath.swift /Users/rogerlin/Library/Developer/Xcode/DerivedData/FinancialCalculatorKit-ackorybalcxbfocbkqsfdzcfkgmn/SourcePackages/checkouts/SwiftDraw/SwiftDraw/LayerTree.Path.swift /Users/rogerlin/Library/Developer/Xcode/DerivedData/FinancialCalculatorKit-ackorybalcxbfocbkqsfdzcfkgmn/SourcePackages/checkouts/SwiftDraw/SwiftDraw/LayerTree.Pattern.swift /Users/rogerlin/Library/Developer/Xcode/DerivedData/FinancialCalculatorKit-ackorybalcxbfocbkqsfdzcfkgmn/SourcePackages/checkouts/SwiftDraw/SwiftDraw/LayerTree.Shape.swift /Users/rogerlin/Library/Developer/Xcode/DerivedData/FinancialCalculatorKit-ackorybalcxbfocbkqsfdzcfkgmn/SourcePackages/checkouts/SwiftDraw/SwiftDraw/LayerTree.Transform.swift /Users/rogerlin/Library/Developer/Xcode/DerivedData/FinancialCalculatorKit-ackorybalcxbfocbkqsfdzcfkgmn/SourcePackages/checkouts/SwiftDraw/SwiftDraw/LayerTree.swift /Users/rogerlin/Library/Developer/Xcode/DerivedData/FinancialCalculatorKit-ackorybalcxbfocbkqsfdzcfkgmn/SourcePackages/checkouts/SwiftDraw/SwiftDraw/NSImage+SVG.swift /Users/rogerlin/Library/Developer/Xcode/DerivedData/FinancialCalculatorKit-ackorybalcxbfocbkqsfdzcfkgmn/SourcePackages/checkouts/SwiftDraw/SwiftDraw/Renderer.CGText+Path.swift /Users/rogerlin/Library/Developer/Xcode/DerivedData/FinancialCalculatorKit-ackorybalcxbfocbkqsfdzcfkgmn/SourcePackages/checkouts/SwiftDraw/SwiftDraw/Renderer.CGText.swift /Users/rogerlin/Library/Developer/Xcode/DerivedData/FinancialCalculatorKit-ackorybalcxbfocbkqsfdzcfkgmn/SourcePackages/checkouts/SwiftDraw/SwiftDraw/Renderer.CoreGraphics.swift /Users/rogerlin/Library/Developer/Xcode/DerivedData/FinancialCalculatorKit-ackorybalcxbfocbkqsfdzcfkgmn/SourcePackages/checkouts/SwiftDraw/SwiftDraw/Renderer.LayerTree.swift -primary-file /Users/rogerlin/Library/Developer/Xcode/DerivedData/FinancialCalculatorKit-ackorybalcxbfocbkqsfdzcfkgmn/SourcePackages/checkouts/SwiftDraw/SwiftDraw/Renderer.SFSymbol+CGPath.swift -primary-file /Users/rogerlin/Library/Developer/Xcode/DerivedData/FinancialCalculatorKit-ackorybalcxbfocbkqsfdzcfkgmn/SourcePackages/checkouts/SwiftDraw/SwiftDraw/Renderer.SFSymbol.swift -primary-file /Users/rogerlin/Library/Developer/Xcode/DerivedData/FinancialCalculatorKit-ackorybalcxbfocbkqsfdzcfkgmn/SourcePackages/checkouts/SwiftDraw/SwiftDraw/Renderer.SVG.swift /Users/rogerlin/Library/Developer/Xcode/DerivedData/FinancialCalculatorKit-ackorybalcxbfocbkqsfdzcfkgmn/SourcePackages/checkouts/SwiftDraw/SwiftDraw/Renderer.swift /Users/rogerlin/Library/Developer/Xcode/DerivedData/FinancialCalculatorKit-ackorybalcxbfocbkqsfdzcfkgmn/SourcePackages/checkouts/SwiftDraw/SwiftDraw/SVG+CoreGraphics.swift /Users/rogerlin/Library/Developer/Xcode/DerivedData/FinancialCalculatorKit-ackorybalcxbfocbkqsfdzcfkgmn/SourcePackages/checkouts/SwiftDraw/SwiftDraw/SVG+Deprecated.swift /Users/rogerlin/Library/Developer/Xcode/DerivedData/FinancialCalculatorKit-ackorybalcxbfocbkqsfdzcfkgmn/SourcePackages/checkouts/SwiftDraw/SwiftDraw/SVG+Hashable.swift /Users/rogerlin/Library/Developer/Xcode/DerivedData/FinancialCalculatorKit-ackorybalcxbfocbkqsfdzcfkgmn/SourcePackages/checkouts/SwiftDraw/SwiftDraw/SVG+Insets.swift /Users/rogerlin/Library/Developer/Xcode/DerivedData/FinancialCalculatorKit-ackorybalcxbfocbkqsfdzcfkgmn/SourcePackages/checkouts/SwiftDraw/SwiftDraw/SVG.swift /Users/rogerlin/Library/Developer/Xcode/DerivedData/FinancialCalculatorKit-ackorybalcxbfocbkqsfdzcfkgmn/SourcePackages/checkouts/SwiftDraw/SwiftDraw/SVGView.swift /Users/rogerlin/Library/Developer/Xcode/DerivedData/FinancialCalculatorKit-ackorybalcxbfocbkqsfdzcfkgmn/SourcePackages/checkouts/SwiftDraw/SwiftDraw/Stack.swift /Users/rogerlin/Library/Developer/Xcode/DerivedData/FinancialCalculatorKit-ackorybalcxbfocbkqsfdzcfkgmn/SourcePackages/checkouts/SwiftDraw/SwiftDraw/UIImage+SVG.swift /Users/rogerlin/Library/Developer/Xcode/DerivedData/FinancialCalculatorKit-ackorybalcxbfocbkqsfdzcfkgmn/SourcePackages/checkouts/SwiftDraw/SwiftDraw/Utilities/PairedSequence.swift /Users/rogerlin/Library/Developer/Xcode/DerivedData/FinancialCalculatorKit-ackorybalcxbfocbkqsfdzcfkgmn/SourcePackages/checkouts/SwiftDraw/SwiftDraw/XML.Formatter.SVG.swift /Users/rogerlin/Library/Developer/Xcode/DerivedData/FinancialCalculatorKit-ackorybalcxbfocbkqsfdzcfkgmn/SourcePackages/checkouts/SwiftDraw/SwiftDraw/XML.Formatter.swift -supplementary-output-file-map /Users/rogerlin/Library/Developer/Xcode/DerivedData/FinancialCalculatorKit-ackorybalcxbfocbkqsfdzcfkgmn/Build/Intermediates.noindex/SwiftDraw.build/Debug/SwiftDraw.build/Objects-normal/arm64/supplementaryOutputs-29 -target arm64-apple-macos10.15 -module-can-import-version AppKit 2685.20.119 2685.20.119 -module-can-import-version CoreGraphics 1965.1.4 1965.1.4 -module-can-import-version CoreText 877.1.0.5 877.1.0 -module-can-import-version Darwin 347.40.2 0 -module-can-import-version SwiftUI 7.1.13.1 7.1.13 -load-resolved-plugin /Applications/Xcode.app/Contents/Developer/Platforms/MacOSX.platform/Developer/usr/lib/swift/host/plugins/libFoundationMacros.dylib\#/Applications/Xcode.app/Contents/Developer/Platforms/MacOSX.platform/Developer/usr/bin/swift-plugin-server\#FoundationMacros -load-resolved-plugin /Applications/Xcode.app/Contents/Developer/Platforms/MacOSX.platform/Developer/usr/lib/swift/host/plugins/libObservationMacros.dylib\#/Applications/Xcode.app/Contents/Developer/Platforms/MacOSX.platform/Developer/usr/bin/swift-plugin-server\#ObservationMacros -load-resolved-plugin /Applications/Xcode.app/Contents/Developer/Platforms/MacOSX.platform/Developer/usr/lib/swift/host/plugins/libPreviewsMacros.dylib\#/Applications/Xcode.app/Contents/Developer/Platforms/MacOSX.platform/Developer/usr/bin/swift-plugin-server\#PreviewsMacros -load-resolved-plugin /Applications/Xcode.app/Contents/Developer/Platforms/MacOSX.platform/Developer/usr/lib/swift/host/plugins/libSwiftMacros.dylib\#/Applications/Xcode.app/Contents/Developer/Platforms/MacOSX.platform/Developer/usr/bin/swift-plugin-server\#SwiftMacros -load-resolved-plugin /Applications/Xcode.app/Contents/Developer/Platforms/MacOSX.platform/Developer/usr/lib/swift/host/plugins/libSwiftUIMacros.dylib\#/Applications/Xcode.app/Contents/Developer/Platforms/MacOSX.platform/Developer/usr/bin/swift-plugin-server\#SwiftUIMacros -disable-implicit-swift-modules -Xcc -fno-implicit-modules -Xcc -fno-implicit-module-maps -explicit-swift-module-map-file /Users/rogerlin/Library/Developer/Xcode/DerivedData/FinancialCalculatorKit-ackorybalcxbfocbkqsfdzcfkgmn/Build/Intermediates.noindex/SwiftDraw.build/Debug/SwiftDraw.build/Objects-normal/arm64/SwiftDraw-dependencies-1.json -Xllvm -aarch64-use-tbi -enable-objc-interop -stack-check -sdk /Applications/Xcode.app/Contents/Developer/Platforms/MacOSX.platform/Developer/SDKs/MacOSX26.1.sdk -I /Users/rogerlin/Library/Developer/Xcode/DerivedData/FinancialCalculatorKit-ackorybalcxbfocbkqsfdzcfkgmn/Build/Products/Debug -Isystem /Applications/Xcode.app/Contents/Developer/Platforms/MacOSX.platform/Developer/usr/lib -F /Users/rogerlin/Library/Developer/Xcode/DerivedData/FinancialCalculatorKit-ackorybalcxbfocbkqsfdzcfkgmn/Build/Products/Debug/PackageFrameworks -F /Users/rogerlin/Library/Developer/Xcode/DerivedData/FinancialCalculatorKit-ackorybalcxbfocbkqsfdzcfkgmn/Build/Products/Debug -F /Applications/Xcode.app/Contents/Developer/Platforms/MacOSX.platform/Developer/Library/Frameworks -no-color-diagnostics -Xcc -fno-color-diagnostics -enable-testing -g -debug-info-format\=dwarf -dwarf-version\=4 -module-cache-path /Users/rogerlin/Library/Developer/Xcode/DerivedData/FinancialCalculatorKit-ackorybalcxbfocbkqsfdzcfkgmn/Build/Intermediates.noindex/SwiftExplicitPrecompiledModules -suppress-warnings -profile-generate -profile-coverage-mapping -swift-version 6 -enforce-exclusivity\=checked -Onone -D SWIFT_PACKAGE -D DEBUG -D SWIFT_MODULE_RESOURCE_BUNDLE_UNAVAILABLE -D Xcode -serialize-debugging-options -const-gather-protocols-file /Users/rogerlin/Library/Developer/Xcode/DerivedData/FinancialCalculatorKit-ackorybalcxbfocbkqsfdzcfkgmn/Build/Intermediates.noindex/SwiftDraw.build/Debug/SwiftDraw.build/Objects-normal/arm64/SwiftDraw_const_extract_protocols.json -enable-upcoming-feature ExistentialAny -enable-experimental-feature DebugDescriptionMacro -empty-abi-descriptor -user-module-version 0.22.0 -validate-clang-modules-once -clang-build-session-file /Users/rogerlin/Library/Developer/Xcode/DerivedData/ModuleCache.noindex/Session.modulevalidation -Xcc -working-directory -Xcc /Users/rogerlin/XCode-Projects/FinancialCalculatorKit-5.0-updated-accent-colors/FinancialCalculatorKit.xcodeproj -enable-anonymous-context-mangled-names -file-compilation-dir /Users/rogerlin/XCode-Projects/FinancialCalculatorKit-5.0-updated-accent-colors/FinancialCalculatorKit.xcodeproj -Xcc -D_LIBCPP_HARDENING_MODE\=_LIBCPP_HARDENING_MODE_DEBUG -Xcc -ivfsstatcache -Xcc /Users/rogerlin/Library/Developer/Xcode/DerivedData/SDKStatCaches.noindex/macosx26.1-25B74-3ae1261907bdadc328169391a47051a6.sdkstatcache -Xcc -I/Users/rogerlin/Library/Developer/Xcode/DerivedData/FinancialCalculatorKit-ackorybalcxbfocbkqsfdzcfkgmn/Build/Intermediates.noindex/SwiftDraw.build/Debug/SwiftDraw.build/swift-overrides.hmap -Xcc -I/Users/rogerlin/Library/Developer/Xcode/DerivedData/FinancialCalculatorKit-ackorybalcxbfocbkqsfdzcfkgmn/Build/Products/Debug/include -Xcc -I/Users/rogerlin/Library/Developer/Xcode/DerivedData/FinancialCalculatorKit-ackorybalcxbfocbkqsfdzcfkgmn/Build/Intermediates.noindex/SwiftDraw.build/Debug/SwiftDraw.build/DerivedSources-normal/arm64 -Xcc -I/Users/rogerlin/Library/Developer/Xcode/DerivedData/FinancialCalculatorKit-ackorybalcxbfocbkqsfdzcfkgmn/Build/Intermediates.noindex/SwiftDraw.build/Debug/SwiftDraw.build/DerivedSources/arm64 -Xcc -I/Users/rogerlin/Library/Developer/Xcode/DerivedData/FinancialCalculatorKit-ackorybalcxbfocbkqsfdzcfkgmn/Build/Intermediates.noindex/SwiftDraw.build/Debug/SwiftDraw.build/DerivedSources -Xcc -DSWIFT_PACKAGE -Xcc -DDEBUG\=1 -no-auto-bridging-header-chaining -module-name SwiftDraw -package-name swiftdraw -frontend-parseable-output -disable-clang-spi -target-sdk-version 26.1 -target-sdk-name macosx26.1 -clang-target arm64-apple-macos26.1 -in-process-plugin-server-path /Applications/Xcode.app/Contents/Developer/Toolchains/XcodeDefault.xctoolchain/usr/lib/swift/host/libSwiftInProcPluginServer.dylib -o /Users/rogerlin/Library/Developer/Xcode/DerivedData/FinancialCalculatorKit-ackorybalcxbfocbkqsfdzcfkgmn/Build/Intermediates.noindex/SwiftDraw.build/Debug/SwiftDraw.build/Objects-normal/arm64/Renderer.SFSymbol+CGPath.o -o /Users/rogerlin/Library/Developer/Xcode/DerivedData/FinancialCalculatorKit-ackorybalcxbfocbkqsfdzcfkgmn/Build/Intermediates.noindex/SwiftDraw.build/Debug/SwiftDraw.build/Objects-normal/arm64/Renderer.SFSymbol.o -o /Users/rogerlin/Library/Developer/Xcode/DerivedData/FinancialCalculatorKit-ackorybalcxbfocbkqsfdzcfkgmn/Build/Intermediates.noindex/SwiftDraw.build/Debug/SwiftDraw.build/Objects-normal/arm64/Renderer.SVG.o -index-unit-output-path /SwiftDraw.build/Debug/SwiftDraw.build/Objects-normal/arm64/Renderer.SFSymbol+CGPath.o -index-unit-output-path /SwiftDraw.build/Debug/SwiftDraw.build/Objects-normal/arm64/Renderer.SFSymbol.o -index-unit-output-path /SwiftDraw.build/Debug/SwiftDraw.build/Objects-normal/arm64/Renderer.SVG.o -index-store-path /Users/rogerlin/Library/Developer/Xcode/DerivedData/FinancialCalculatorKit-ackorybalcxbfocbkqsfdzcfkgmn/Index.noindex/DataStore -index-system-modules

SwiftCompile normal arm64 /Users/rogerlin/Library/Developer/Xcode/DerivedData/FinancialCalculatorKit-ackorybalcxbfocbkqsfdzcfkgmn/SourcePackages/checkouts/SwiftDraw/SwiftDraw/Renderer.SFSymbol+CGPath.swift (in target 'SwiftDraw' from project 'SwiftDraw')
    cd /Users/rogerlin/XCode-Projects/FinancialCalculatorKit-5.0-updated-accent-colors/FinancialCalculatorKit.xcodeproj
    

SwiftCompile normal arm64 /Users/rogerlin/Library/Developer/Xcode/DerivedData/FinancialCalculatorKit-ackorybalcxbfocbkqsfdzcfkgmn/SourcePackages/checkouts/SwiftDraw/SwiftDraw/Renderer.SFSymbol.swift (in target 'SwiftDraw' from project 'SwiftDraw')
    cd /Users/rogerlin/XCode-Projects/FinancialCalculatorKit-5.0-updated-accent-colors/FinancialCalculatorKit.xcodeproj
    

SwiftCompile normal arm64 /Users/rogerlin/Library/Developer/Xcode/DerivedData/FinancialCalculatorKit-ackorybalcxbfocbkqsfdzcfkgmn/SourcePackages/checkouts/SwiftDraw/SwiftDraw/Renderer.SVG.swift (in target 'SwiftDraw' from project 'SwiftDraw')
    cd /Users/rogerlin/XCode-Projects/FinancialCalculatorKit-5.0-updated-accent-colors/FinancialCalculatorKit.xcodeproj
    

SwiftDriverJobDiscovery normal arm64 Compiling SeriesCalculator.swift (in target 'BigDecimal' from project 'BigDecimal')

SwiftCompile normal arm64 Compiling\ SVG+Hashable.swift,\ SVG+Insets.swift,\ SVG.swift /Users/rogerlin/Library/Developer/Xcode/DerivedData/FinancialCalculatorKit-ackorybalcxbfocbkqsfdzcfkgmn/SourcePackages/checkouts/SwiftDraw/SwiftDraw/SVG+Hashable.swift /Users/rogerlin/Library/Developer/Xcode/DerivedData/FinancialCalculatorKit-ackorybalcxbfocbkqsfdzcfkgmn/SourcePackages/checkouts/SwiftDraw/SwiftDraw/SVG+Insets.swift /Users/rogerlin/Library/Developer/Xcode/DerivedData/FinancialCalculatorKit-ackorybalcxbfocbkqsfdzcfkgmn/SourcePackages/checkouts/SwiftDraw/SwiftDraw/SVG.swift (in target 'SwiftDraw' from project 'SwiftDraw')
/Applications/Xcode.app/Contents/Developer/Toolchains/XcodeDefault.xctoolchain/usr/bin/swift-frontend -frontend -c /Users/rogerlin/Library/Developer/Xcode/DerivedData/FinancialCalculatorKit-ackorybalcxbfocbkqsfdzcfkgmn/SourcePackages/checkouts/SwiftDraw/SwiftDraw/CGImage+Mask.swift /Users/rogerlin/Library/Developer/Xcode/DerivedData/FinancialCalculatorKit-ackorybalcxbfocbkqsfdzcfkgmn/SourcePackages/checkouts/SwiftDraw/SwiftDraw/CGPath+Segment.swift /Users/rogerlin/Library/Developer/Xcode/DerivedData/FinancialCalculatorKit-ackorybalcxbfocbkqsfdzcfkgmn/SourcePackages/checkouts/SwiftDraw/SwiftDraw/CGPattern+Closure.swift /Users/rogerlin/Library/Developer/Xcode/DerivedData/FinancialCalculatorKit-ackorybalcxbfocbkqsfdzcfkgmn/SourcePackages/checkouts/SwiftDraw/SwiftDraw/CGTextRenderer+Code.swift /Users/rogerlin/Library/Developer/Xcode/DerivedData/FinancialCalculatorKit-ackorybalcxbfocbkqsfdzcfkgmn/SourcePackages/checkouts/SwiftDraw/SwiftDraw/CommandLine+Process.swift /Users/rogerlin/Library/Developer/Xcode/DerivedData/FinancialCalculatorKit-ackorybalcxbfocbkqsfdzcfkgmn/SourcePackages/checkouts/SwiftDraw/SwiftDraw/CommandLine.Arguments.swift /Users/rogerlin/Library/Developer/Xcode/DerivedData/FinancialCalculatorKit-ackorybalcxbfocbkqsfdzcfkgmn/SourcePackages/checkouts/SwiftDraw/SwiftDraw/CommandLine.Configuration.swift /Users/rogerlin/Library/Developer/Xcode/DerivedData/FinancialCalculatorKit-ackorybalcxbfocbkqsfdzcfkgmn/SourcePackages/checkouts/SwiftDraw/SwiftDraw/CommandLine.swift /Users/rogerlin/Library/Developer/Xcode/DerivedData/FinancialCalculatorKit-ackorybalcxbfocbkqsfdzcfkgmn/SourcePackages/checkouts/SwiftDraw/SwiftDraw/CoordinateFormatter.swift /Users/rogerlin/Library/Developer/Xcode/DerivedData/FinancialCalculatorKit-ackorybalcxbfocbkqsfdzcfkgmn/SourcePackages/checkouts/SwiftDraw/SwiftDraw/LayerTree.Builder.Layer.swift /Users/rogerlin/Library/Developer/Xcode/DerivedData/FinancialCalculatorKit-ackorybalcxbfocbkqsfdzcfkgmn/SourcePackages/checkouts/SwiftDraw/SwiftDraw/LayerTree.Builder.Path.Arc.swift /Users/rogerlin/Library/Developer/Xcode/DerivedData/FinancialCalculatorKit-ackorybalcxbfocbkqsfdzcfkgmn/SourcePackages/checkouts/SwiftDraw/SwiftDraw/LayerTree.Builder.Path.swift /Users/rogerlin/Library/Developer/Xcode/DerivedData/FinancialCalculatorKit-ackorybalcxbfocbkqsfdzcfkgmn/SourcePackages/checkouts/SwiftDraw/SwiftDraw/LayerTree.Builder.Shape.swift /Users/rogerlin/Library/Developer/Xcode/DerivedData/FinancialCalculatorKit-ackorybalcxbfocbkqsfdzcfkgmn/SourcePackages/checkouts/SwiftDraw/SwiftDraw/LayerTree.Builder.Text.swift /Users/rogerlin/Library/Developer/Xcode/DerivedData/FinancialCalculatorKit-ackorybalcxbfocbkqsfdzcfkgmn/SourcePackages/checkouts/SwiftDraw/SwiftDraw/LayerTree.Builder.swift /Users/rogerlin/Library/Developer/Xcode/DerivedData/FinancialCalculatorKit-ackorybalcxbfocbkqsfdzcfkgmn/SourcePackages/checkouts/SwiftDraw/SwiftDraw/LayerTree.Color.swift /Users/rogerlin/Library/Developer/Xcode/DerivedData/FinancialCalculatorKit-ackorybalcxbfocbkqsfdzcfkgmn/SourcePackages/checkouts/SwiftDraw/SwiftDraw/LayerTree.CommandGenerator.swift /Users/rogerlin/Library/Developer/Xcode/DerivedData/FinancialCalculatorKit-ackorybalcxbfocbkqsfdzcfkgmn/SourcePackages/checkouts/SwiftDraw/SwiftDraw/LayerTree.CommandOptimizer.swift /Users/rogerlin/Library/Developer/Xcode/DerivedData/FinancialCalculatorKit-ackorybalcxbfocbkqsfdzcfkgmn/SourcePackages/checkouts/SwiftDraw/SwiftDraw/LayerTree.Gradient.swift /Users/rogerlin/Library/Developer/Xcode/DerivedData/FinancialCalculatorKit-ackorybalcxbfocbkqsfdzcfkgmn/SourcePackages/checkouts/SwiftDraw/SwiftDraw/LayerTree.Image.swift /Users/rogerlin/Library/Developer/Xcode/DerivedData/FinancialCalculatorKit-ackorybalcxbfocbkqsfdzcfkgmn/SourcePackages/checkouts/SwiftDraw/SwiftDraw/LayerTree.Layer.swift /Users/rogerlin/Library/Developer/Xcode/DerivedData/FinancialCalculatorKit-ackorybalcxbfocbkqsfdzcfkgmn/SourcePackages/checkouts/SwiftDraw/SwiftDraw/LayerTree.Path+Bounds.swift /Users/rogerlin/Library/Developer/Xcode/DerivedData/FinancialCalculatorKit-ackorybalcxbfocbkqsfdzcfkgmn/SourcePackages/checkouts/SwiftDraw/SwiftDraw/LayerTree.Path+Reversed.swift /Users/rogerlin/Library/Developer/Xcode/DerivedData/FinancialCalculatorKit-ackorybalcxbfocbkqsfdzcfkgmn/SourcePackages/checkouts/SwiftDraw/SwiftDraw/LayerTree.Path+Subpath.swift /Users/rogerlin/Library/Developer/Xcode/DerivedData/FinancialCalculatorKit-ackorybalcxbfocbkqsfdzcfkgmn/SourcePackages/checkouts/SwiftDraw/SwiftDraw/LayerTree.Path.swift /Users/rogerlin/Library/Developer/Xcode/DerivedData/FinancialCalculatorKit-ackorybalcxbfocbkqsfdzcfkgmn/SourcePackages/checkouts/SwiftDraw/SwiftDraw/LayerTree.Pattern.swift /Users/rogerlin/Library/Developer/Xcode/DerivedData/FinancialCalculatorKit-ackorybalcxbfocbkqsfdzcfkgmn/SourcePackages/checkouts/SwiftDraw/SwiftDraw/LayerTree.Shape.swift /Users/rogerlin/Library/Developer/Xcode/DerivedData/FinancialCalculatorKit-ackorybalcxbfocbkqsfdzcfkgmn/SourcePackages/checkouts/SwiftDraw/SwiftDraw/LayerTree.Transform.swift /Users/rogerlin/Library/Developer/Xcode/DerivedData/FinancialCalculatorKit-ackorybalcxbfocbkqsfdzcfkgmn/SourcePackages/checkouts/SwiftDraw/SwiftDraw/LayerTree.swift /Users/rogerlin/Library/Developer/Xcode/DerivedData/FinancialCalculatorKit-ackorybalcxbfocbkqsfdzcfkgmn/SourcePackages/checkouts/SwiftDraw/SwiftDraw/NSImage+SVG.swift /Users/rogerlin/Library/Developer/Xcode/DerivedData/FinancialCalculatorKit-ackorybalcxbfocbkqsfdzcfkgmn/SourcePackages/checkouts/SwiftDraw/SwiftDraw/Renderer.CGText+Path.swift /Users/rogerlin/Library/Developer/Xcode/DerivedData/FinancialCalculatorKit-ackorybalcxbfocbkqsfdzcfkgmn/SourcePackages/checkouts/SwiftDraw/SwiftDraw/Renderer.CGText.swift /Users/rogerlin/Library/Developer/Xcode/DerivedData/FinancialCalculatorKit-ackorybalcxbfocbkqsfdzcfkgmn/SourcePackages/checkouts/SwiftDraw/SwiftDraw/Renderer.CoreGraphics.swift /Users/rogerlin/Library/Developer/Xcode/DerivedData/FinancialCalculatorKit-ackorybalcxbfocbkqsfdzcfkgmn/SourcePackages/checkouts/SwiftDraw/SwiftDraw/Renderer.LayerTree.swift /Users/rogerlin/Library/Developer/Xcode/DerivedData/FinancialCalculatorKit-ackorybalcxbfocbkqsfdzcfkgmn/SourcePackages/checkouts/SwiftDraw/SwiftDraw/Renderer.SFSymbol+CGPath.swift /Users/rogerlin/Library/Developer/Xcode/DerivedData/FinancialCalculatorKit-ackorybalcxbfocbkqsfdzcfkgmn/SourcePackages/checkouts/SwiftDraw/SwiftDraw/Renderer.SFSymbol.swift /Users/rogerlin/Library/Developer/Xcode/DerivedData/FinancialCalculatorKit-ackorybalcxbfocbkqsfdzcfkgmn/SourcePackages/checkouts/SwiftDraw/SwiftDraw/Renderer.SVG.swift /Users/rogerlin/Library/Developer/Xcode/DerivedData/FinancialCalculatorKit-ackorybalcxbfocbkqsfdzcfkgmn/SourcePackages/checkouts/SwiftDraw/SwiftDraw/Renderer.swift /Users/rogerlin/Library/Developer/Xcode/DerivedData/FinancialCalculatorKit-ackorybalcxbfocbkqsfdzcfkgmn/SourcePackages/checkouts/SwiftDraw/SwiftDraw/SVG+CoreGraphics.swift /Users/rogerlin/Library/Developer/Xcode/DerivedData/FinancialCalculatorKit-ackorybalcxbfocbkqsfdzcfkgmn/SourcePackages/checkouts/SwiftDraw/SwiftDraw/SVG+Deprecated.swift -primary-file /Users/rogerlin/Library/Developer/Xcode/DerivedData/FinancialCalculatorKit-ackorybalcxbfocbkqsfdzcfkgmn/SourcePackages/checkouts/SwiftDraw/SwiftDraw/SVG+Hashable.swift -primary-file /Users/rogerlin/Library/Developer/Xcode/DerivedData/FinancialCalculatorKit-ackorybalcxbfocbkqsfdzcfkgmn/SourcePackages/checkouts/SwiftDraw/SwiftDraw/SVG+Insets.swift -primary-file /Users/rogerlin/Library/Developer/Xcode/DerivedData/FinancialCalculatorKit-ackorybalcxbfocbkqsfdzcfkgmn/SourcePackages/checkouts/SwiftDraw/SwiftDraw/SVG.swift /Users/rogerlin/Library/Developer/Xcode/DerivedData/FinancialCalculatorKit-ackorybalcxbfocbkqsfdzcfkgmn/SourcePackages/checkouts/SwiftDraw/SwiftDraw/SVGView.swift /Users/rogerlin/Library/Developer/Xcode/DerivedData/FinancialCalculatorKit-ackorybalcxbfocbkqsfdzcfkgmn/SourcePackages/checkouts/SwiftDraw/SwiftDraw/Stack.swift /Users/rogerlin/Library/Developer/Xcode/DerivedData/FinancialCalculatorKit-ackorybalcxbfocbkqsfdzcfkgmn/SourcePackages/checkouts/SwiftDraw/SwiftDraw/UIImage+SVG.swift /Users/rogerlin/Library/Developer/Xcode/DerivedData/FinancialCalculatorKit-ackorybalcxbfocbkqsfdzcfkgmn/SourcePackages/checkouts/SwiftDraw/SwiftDraw/Utilities/PairedSequence.swift /Users/rogerlin/Library/Developer/Xcode/DerivedData/FinancialCalculatorKit-ackorybalcxbfocbkqsfdzcfkgmn/SourcePackages/checkouts/SwiftDraw/SwiftDraw/XML.Formatter.SVG.swift /Users/rogerlin/Library/Developer/Xcode/DerivedData/FinancialCalculatorKit-ackorybalcxbfocbkqsfdzcfkgmn/SourcePackages/checkouts/SwiftDraw/SwiftDraw/XML.Formatter.swift -supplementary-output-file-map /Users/rogerlin/Library/Developer/Xcode/DerivedData/FinancialCalculatorKit-ackorybalcxbfocbkqsfdzcfkgmn/Build/Intermediates.noindex/SwiftDraw.build/Debug/SwiftDraw.build/Objects-normal/arm64/supplementaryOutputs-31 -target arm64-apple-macos10.15 -module-can-import-version AppKit 2685.20.119 2685.20.119 -module-can-import-version CoreGraphics 1965.1.4 1965.1.4 -module-can-import-version CoreText 877.1.0.5 877.1.0 -module-can-import-version Darwin 347.40.2 0 -module-can-import-version SwiftUI 7.1.13.1 7.1.13 -load-resolved-plugin /Applications/Xcode.app/Contents/Developer/Platforms/MacOSX.platform/Developer/usr/lib/swift/host/plugins/libFoundationMacros.dylib\#/Applications/Xcode.app/Contents/Developer/Platforms/MacOSX.platform/Developer/usr/bin/swift-plugin-server\#FoundationMacros -load-resolved-plugin /Applications/Xcode.app/Contents/Developer/Platforms/MacOSX.platform/Developer/usr/lib/swift/host/plugins/libObservationMacros.dylib\#/Applications/Xcode.app/Contents/Developer/Platforms/MacOSX.platform/Developer/usr/bin/swift-plugin-server\#ObservationMacros -load-resolved-plugin /Applications/Xcode.app/Contents/Developer/Platforms/MacOSX.platform/Developer/usr/lib/swift/host/plugins/libPreviewsMacros.dylib\#/Applications/Xcode.app/Contents/Developer/Platforms/MacOSX.platform/Developer/usr/bin/swift-plugin-server\#PreviewsMacros -load-resolved-plugin /Applications/Xcode.app/Contents/Developer/Platforms/MacOSX.platform/Developer/usr/lib/swift/host/plugins/libSwiftMacros.dylib\#/Applications/Xcode.app/Contents/Developer/Platforms/MacOSX.platform/Developer/usr/bin/swift-plugin-server\#SwiftMacros -load-resolved-plugin /Applications/Xcode.app/Contents/Developer/Platforms/MacOSX.platform/Developer/usr/lib/swift/host/plugins/libSwiftUIMacros.dylib\#/Applications/Xcode.app/Contents/Developer/Platforms/MacOSX.platform/Developer/usr/bin/swift-plugin-server\#SwiftUIMacros -disable-implicit-swift-modules -Xcc -fno-implicit-modules -Xcc -fno-implicit-module-maps -explicit-swift-module-map-file /Users/rogerlin/Library/Developer/Xcode/DerivedData/FinancialCalculatorKit-ackorybalcxbfocbkqsfdzcfkgmn/Build/Intermediates.noindex/SwiftDraw.build/Debug/SwiftDraw.build/Objects-normal/arm64/SwiftDraw-dependencies-1.json -Xllvm -aarch64-use-tbi -enable-objc-interop -stack-check -sdk /Applications/Xcode.app/Contents/Developer/Platforms/MacOSX.platform/Developer/SDKs/MacOSX26.1.sdk -I /Users/rogerlin/Library/Developer/Xcode/DerivedData/FinancialCalculatorKit-ackorybalcxbfocbkqsfdzcfkgmn/Build/Products/Debug -Isystem /Applications/Xcode.app/Contents/Developer/Platforms/MacOSX.platform/Developer/usr/lib -F /Users/rogerlin/Library/Developer/Xcode/DerivedData/FinancialCalculatorKit-ackorybalcxbfocbkqsfdzcfkgmn/Build/Products/Debug/PackageFrameworks -F /Users/rogerlin/Library/Developer/Xcode/DerivedData/FinancialCalculatorKit-ackorybalcxbfocbkqsfdzcfkgmn/Build/Products/Debug -F /Applications/Xcode.app/Contents/Developer/Platforms/MacOSX.platform/Developer/Library/Frameworks -no-color-diagnostics -Xcc -fno-color-diagnostics -enable-testing -g -debug-info-format\=dwarf -dwarf-version\=4 -module-cache-path /Users/rogerlin/Library/Developer/Xcode/DerivedData/FinancialCalculatorKit-ackorybalcxbfocbkqsfdzcfkgmn/Build/Intermediates.noindex/SwiftExplicitPrecompiledModules -suppress-warnings -profile-generate -profile-coverage-mapping -swift-version 6 -enforce-exclusivity\=checked -Onone -D SWIFT_PACKAGE -D DEBUG -D SWIFT_MODULE_RESOURCE_BUNDLE_UNAVAILABLE -D Xcode -serialize-debugging-options -const-gather-protocols-file /Users/rogerlin/Library/Developer/Xcode/DerivedData/FinancialCalculatorKit-ackorybalcxbfocbkqsfdzcfkgmn/Build/Intermediates.noindex/SwiftDraw.build/Debug/SwiftDraw.build/Objects-normal/arm64/SwiftDraw_const_extract_protocols.json -enable-upcoming-feature ExistentialAny -enable-experimental-feature DebugDescriptionMacro -empty-abi-descriptor -user-module-version 0.22.0 -validate-clang-modules-once -clang-build-session-file /Users/rogerlin/Library/Developer/Xcode/DerivedData/ModuleCache.noindex/Session.modulevalidation -Xcc -working-directory -Xcc /Users/rogerlin/XCode-Projects/FinancialCalculatorKit-5.0-updated-accent-colors/FinancialCalculatorKit.xcodeproj -enable-anonymous-context-mangled-names -file-compilation-dir /Users/rogerlin/XCode-Projects/FinancialCalculatorKit-5.0-updated-accent-colors/FinancialCalculatorKit.xcodeproj -Xcc -D_LIBCPP_HARDENING_MODE\=_LIBCPP_HARDENING_MODE_DEBUG -Xcc -ivfsstatcache -Xcc /Users/rogerlin/Library/Developer/Xcode/DerivedData/SDKStatCaches.noindex/macosx26.1-25B74-3ae1261907bdadc328169391a47051a6.sdkstatcache -Xcc -I/Users/rogerlin/Library/Developer/Xcode/DerivedData/FinancialCalculatorKit-ackorybalcxbfocbkqsfdzcfkgmn/Build/Intermediates.noindex/SwiftDraw.build/Debug/SwiftDraw.build/swift-overrides.hmap -Xcc -I/Users/rogerlin/Library/Developer/Xcode/DerivedData/FinancialCalculatorKit-ackorybalcxbfocbkqsfdzcfkgmn/Build/Products/Debug/include -Xcc -I/Users/rogerlin/Library/Developer/Xcode/DerivedData/FinancialCalculatorKit-ackorybalcxbfocbkqsfdzcfkgmn/Build/Intermediates.noindex/SwiftDraw.build/Debug/SwiftDraw.build/DerivedSources-normal/arm64 -Xcc -I/Users/rogerlin/Library/Developer/Xcode/DerivedData/FinancialCalculatorKit-ackorybalcxbfocbkqsfdzcfkgmn/Build/Intermediates.noindex/SwiftDraw.build/Debug/SwiftDraw.build/DerivedSources/arm64 -Xcc -I/Users/rogerlin/Library/Developer/Xcode/DerivedData/FinancialCalculatorKit-ackorybalcxbfocbkqsfdzcfkgmn/Build/Intermediates.noindex/SwiftDraw.build/Debug/SwiftDraw.build/DerivedSources -Xcc -DSWIFT_PACKAGE -Xcc -DDEBUG\=1 -no-auto-bridging-header-chaining -module-name SwiftDraw -package-name swiftdraw -frontend-parseable-output -disable-clang-spi -target-sdk-version 26.1 -target-sdk-name macosx26.1 -clang-target arm64-apple-macos26.1 -in-process-plugin-server-path /Applications/Xcode.app/Contents/Developer/Toolchains/XcodeDefault.xctoolchain/usr/lib/swift/host/libSwiftInProcPluginServer.dylib -o /Users/rogerlin/Library/Developer/Xcode/DerivedData/FinancialCalculatorKit-ackorybalcxbfocbkqsfdzcfkgmn/Build/Intermediates.noindex/SwiftDraw.build/Debug/SwiftDraw.build/Objects-normal/arm64/SVG+Hashable.o -o /Users/rogerlin/Library/Developer/Xcode/DerivedData/FinancialCalculatorKit-ackorybalcxbfocbkqsfdzcfkgmn/Build/Intermediates.noindex/SwiftDraw.build/Debug/SwiftDraw.build/Objects-normal/arm64/SVG+Insets.o -o /Users/rogerlin/Library/Developer/Xcode/DerivedData/FinancialCalculatorKit-ackorybalcxbfocbkqsfdzcfkgmn/Build/Intermediates.noindex/SwiftDraw.build/Debug/SwiftDraw.build/Objects-normal/arm64/SVG.o -index-unit-output-path /SwiftDraw.build/Debug/SwiftDraw.build/Objects-normal/arm64/SVG+Hashable.o -index-unit-output-path /SwiftDraw.build/Debug/SwiftDraw.build/Objects-normal/arm64/SVG+Insets.o -index-unit-output-path /SwiftDraw.build/Debug/SwiftDraw.build/Objects-normal/arm64/SVG.o -index-store-path /Users/rogerlin/Library/Developer/Xcode/DerivedData/FinancialCalculatorKit-ackorybalcxbfocbkqsfdzcfkgmn/Index.noindex/DataStore -index-system-modules

SwiftCompile normal arm64 /Users/rogerlin/Library/Developer/Xcode/DerivedData/FinancialCalculatorKit-ackorybalcxbfocbkqsfdzcfkgmn/SourcePackages/checkouts/SwiftDraw/SwiftDraw/SVG+Hashable.swift (in target 'SwiftDraw' from project 'SwiftDraw')
    cd /Users/rogerlin/XCode-Projects/FinancialCalculatorKit-5.0-updated-accent-colors/FinancialCalculatorKit.xcodeproj
    

SwiftCompile normal arm64 /Users/rogerlin/Library/Developer/Xcode/DerivedData/FinancialCalculatorKit-ackorybalcxbfocbkqsfdzcfkgmn/SourcePackages/checkouts/SwiftDraw/SwiftDraw/SVG+Insets.swift (in target 'SwiftDraw' from project 'SwiftDraw')
    cd /Users/rogerlin/XCode-Projects/FinancialCalculatorKit-5.0-updated-accent-colors/FinancialCalculatorKit.xcodeproj
    

SwiftCompile normal arm64 /Users/rogerlin/Library/Developer/Xcode/DerivedData/FinancialCalculatorKit-ackorybalcxbfocbkqsfdzcfkgmn/SourcePackages/checkouts/SwiftDraw/SwiftDraw/SVG.swift (in target 'SwiftDraw' from project 'SwiftDraw')
    cd /Users/rogerlin/XCode-Projects/FinancialCalculatorKit-5.0-updated-accent-colors/FinancialCalculatorKit.xcodeproj
    

SwiftDriverJobDiscovery normal arm64 Compiling DecimalLogic.swift (in target 'BigDecimal' from project 'BigDecimal')

SwiftCompile normal arm64 Compiling\ LayerTree.Pattern.swift,\ LayerTree.Shape.swift,\ LayerTree.Transform.swift /Users/rogerlin/Library/Developer/Xcode/DerivedData/FinancialCalculatorKit-ackorybalcxbfocbkqsfdzcfkgmn/SourcePackages/checkouts/SwiftDraw/SwiftDraw/LayerTree.Pattern.swift /Users/rogerlin/Library/Developer/Xcode/DerivedData/FinancialCalculatorKit-ackorybalcxbfocbkqsfdzcfkgmn/SourcePackages/checkouts/SwiftDraw/SwiftDraw/LayerTree.Shape.swift /Users/rogerlin/Library/Developer/Xcode/DerivedData/FinancialCalculatorKit-ackorybalcxbfocbkqsfdzcfkgmn/SourcePackages/checkouts/SwiftDraw/SwiftDraw/LayerTree.Transform.swift (in target 'SwiftDraw' from project 'SwiftDraw')
/Applications/Xcode.app/Contents/Developer/Toolchains/XcodeDefault.xctoolchain/usr/bin/swift-frontend -frontend -c /Users/rogerlin/Library/Developer/Xcode/DerivedData/FinancialCalculatorKit-ackorybalcxbfocbkqsfdzcfkgmn/SourcePackages/checkouts/SwiftDraw/SwiftDraw/CGImage+Mask.swift /Users/rogerlin/Library/Developer/Xcode/DerivedData/FinancialCalculatorKit-ackorybalcxbfocbkqsfdzcfkgmn/SourcePackages/checkouts/SwiftDraw/SwiftDraw/CGPath+Segment.swift /Users/rogerlin/Library/Developer/Xcode/DerivedData/FinancialCalculatorKit-ackorybalcxbfocbkqsfdzcfkgmn/SourcePackages/checkouts/SwiftDraw/SwiftDraw/CGPattern+Closure.swift /Users/rogerlin/Library/Developer/Xcode/DerivedData/FinancialCalculatorKit-ackorybalcxbfocbkqsfdzcfkgmn/SourcePackages/checkouts/SwiftDraw/SwiftDraw/CGTextRenderer+Code.swift /Users/rogerlin/Library/Developer/Xcode/DerivedData/FinancialCalculatorKit-ackorybalcxbfocbkqsfdzcfkgmn/SourcePackages/checkouts/SwiftDraw/SwiftDraw/CommandLine+Process.swift /Users/rogerlin/Library/Developer/Xcode/DerivedData/FinancialCalculatorKit-ackorybalcxbfocbkqsfdzcfkgmn/SourcePackages/checkouts/SwiftDraw/SwiftDraw/CommandLine.Arguments.swift /Users/rogerlin/Library/Developer/Xcode/DerivedData/FinancialCalculatorKit-ackorybalcxbfocbkqsfdzcfkgmn/SourcePackages/checkouts/SwiftDraw/SwiftDraw/CommandLine.Configuration.swift /Users/rogerlin/Library/Developer/Xcode/DerivedData/FinancialCalculatorKit-ackorybalcxbfocbkqsfdzcfkgmn/SourcePackages/checkouts/SwiftDraw/SwiftDraw/CommandLine.swift /Users/rogerlin/Library/Developer/Xcode/DerivedData/FinancialCalculatorKit-ackorybalcxbfocbkqsfdzcfkgmn/SourcePackages/checkouts/SwiftDraw/SwiftDraw/CoordinateFormatter.swift /Users/rogerlin/Library/Developer/Xcode/DerivedData/FinancialCalculatorKit-ackorybalcxbfocbkqsfdzcfkgmn/SourcePackages/checkouts/SwiftDraw/SwiftDraw/LayerTree.Builder.Layer.swift /Users/rogerlin/Library/Developer/Xcode/DerivedData/FinancialCalculatorKit-ackorybalcxbfocbkqsfdzcfkgmn/SourcePackages/checkouts/SwiftDraw/SwiftDraw/LayerTree.Builder.Path.Arc.swift /Users/rogerlin/Library/Developer/Xcode/DerivedData/FinancialCalculatorKit-ackorybalcxbfocbkqsfdzcfkgmn/SourcePackages/checkouts/SwiftDraw/SwiftDraw/LayerTree.Builder.Path.swift /Users/rogerlin/Library/Developer/Xcode/DerivedData/FinancialCalculatorKit-ackorybalcxbfocbkqsfdzcfkgmn/SourcePackages/checkouts/SwiftDraw/SwiftDraw/LayerTree.Builder.Shape.swift /Users/rogerlin/Library/Developer/Xcode/DerivedData/FinancialCalculatorKit-ackorybalcxbfocbkqsfdzcfkgmn/SourcePackages/checkouts/SwiftDraw/SwiftDraw/LayerTree.Builder.Text.swift /Users/rogerlin/Library/Developer/Xcode/DerivedData/FinancialCalculatorKit-ackorybalcxbfocbkqsfdzcfkgmn/SourcePackages/checkouts/SwiftDraw/SwiftDraw/LayerTree.Builder.swift /Users/rogerlin/Library/Developer/Xcode/DerivedData/FinancialCalculatorKit-ackorybalcxbfocbkqsfdzcfkgmn/SourcePackages/checkouts/SwiftDraw/SwiftDraw/LayerTree.Color.swift /Users/rogerlin/Library/Developer/Xcode/DerivedData/FinancialCalculatorKit-ackorybalcxbfocbkqsfdzcfkgmn/SourcePackages/checkouts/SwiftDraw/SwiftDraw/LayerTree.CommandGenerator.swift /Users/rogerlin/Library/Developer/Xcode/DerivedData/FinancialCalculatorKit-ackorybalcxbfocbkqsfdzcfkgmn/SourcePackages/checkouts/SwiftDraw/SwiftDraw/LayerTree.CommandOptimizer.swift /Users/rogerlin/Library/Developer/Xcode/DerivedData/FinancialCalculatorKit-ackorybalcxbfocbkqsfdzcfkgmn/SourcePackages/checkouts/SwiftDraw/SwiftDraw/LayerTree.Gradient.swift /Users/rogerlin/Library/Developer/Xcode/DerivedData/FinancialCalculatorKit-ackorybalcxbfocbkqsfdzcfkgmn/SourcePackages/checkouts/SwiftDraw/SwiftDraw/LayerTree.Image.swift /Users/rogerlin/Library/Developer/Xcode/DerivedData/FinancialCalculatorKit-ackorybalcxbfocbkqsfdzcfkgmn/SourcePackages/checkouts/SwiftDraw/SwiftDraw/LayerTree.Layer.swift /Users/rogerlin/Library/Developer/Xcode/DerivedData/FinancialCalculatorKit-ackorybalcxbfocbkqsfdzcfkgmn/SourcePackages/checkouts/SwiftDraw/SwiftDraw/LayerTree.Path+Bounds.swift /Users/rogerlin/Library/Developer/Xcode/DerivedData/FinancialCalculatorKit-ackorybalcxbfocbkqsfdzcfkgmn/SourcePackages/checkouts/SwiftDraw/SwiftDraw/LayerTree.Path+Reversed.swift /Users/rogerlin/Library/Developer/Xcode/DerivedData/FinancialCalculatorKit-ackorybalcxbfocbkqsfdzcfkgmn/SourcePackages/checkouts/SwiftDraw/SwiftDraw/LayerTree.Path+Subpath.swift /Users/rogerlin/Library/Developer/Xcode/DerivedData/FinancialCalculatorKit-ackorybalcxbfocbkqsfdzcfkgmn/SourcePackages/checkouts/SwiftDraw/SwiftDraw/LayerTree.Path.swift -primary-file /Users/rogerlin/Library/Developer/Xcode/DerivedData/FinancialCalculatorKit-ackorybalcxbfocbkqsfdzcfkgmn/SourcePackages/checkouts/SwiftDraw/SwiftDraw/LayerTree.Pattern.swift -primary-file /Users/rogerlin/Library/Developer/Xcode/DerivedData/FinancialCalculatorKit-ackorybalcxbfocbkqsfdzcfkgmn/SourcePackages/checkouts/SwiftDraw/SwiftDraw/LayerTree.Shape.swift -primary-file /Users/rogerlin/Library/Developer/Xcode/DerivedData/FinancialCalculatorKit-ackorybalcxbfocbkqsfdzcfkgmn/SourcePackages/checkouts/SwiftDraw/SwiftDraw/LayerTree.Transform.swift /Users/rogerlin/Library/Developer/Xcode/DerivedData/FinancialCalculatorKit-ackorybalcxbfocbkqsfdzcfkgmn/SourcePackages/checkouts/SwiftDraw/SwiftDraw/LayerTree.swift /Users/rogerlin/Library/Developer/Xcode/DerivedData/FinancialCalculatorKit-ackorybalcxbfocbkqsfdzcfkgmn/SourcePackages/checkouts/SwiftDraw/SwiftDraw/NSImage+SVG.swift /Users/rogerlin/Library/Developer/Xcode/DerivedData/FinancialCalculatorKit-ackorybalcxbfocbkqsfdzcfkgmn/SourcePackages/checkouts/SwiftDraw/SwiftDraw/Renderer.CGText+Path.swift /Users/rogerlin/Library/Developer/Xcode/DerivedData/FinancialCalculatorKit-ackorybalcxbfocbkqsfdzcfkgmn/SourcePackages/checkouts/SwiftDraw/SwiftDraw/Renderer.CGText.swift /Users/rogerlin/Library/Developer/Xcode/DerivedData/FinancialCalculatorKit-ackorybalcxbfocbkqsfdzcfkgmn/SourcePackages/checkouts/SwiftDraw/SwiftDraw/Renderer.CoreGraphics.swift /Users/rogerlin/Library/Developer/Xcode/DerivedData/FinancialCalculatorKit-ackorybalcxbfocbkqsfdzcfkgmn/SourcePackages/checkouts/SwiftDraw/SwiftDraw/Renderer.LayerTree.swift /Users/rogerlin/Library/Developer/Xcode/DerivedData/FinancialCalculatorKit-ackorybalcxbfocbkqsfdzcfkgmn/SourcePackages/checkouts/SwiftDraw/SwiftDraw/Renderer.SFSymbol+CGPath.swift /Users/rogerlin/Library/Developer/Xcode/DerivedData/FinancialCalculatorKit-ackorybalcxbfocbkqsfdzcfkgmn/SourcePackages/checkouts/SwiftDraw/SwiftDraw/Renderer.SFSymbol.swift /Users/rogerlin/Library/Developer/Xcode/DerivedData/FinancialCalculatorKit-ackorybalcxbfocbkqsfdzcfkgmn/SourcePackages/checkouts/SwiftDraw/SwiftDraw/Renderer.SVG.swift /Users/rogerlin/Library/Developer/Xcode/DerivedData/FinancialCalculatorKit-ackorybalcxbfocbkqsfdzcfkgmn/SourcePackages/checkouts/SwiftDraw/SwiftDraw/Renderer.swift /Users/rogerlin/Library/Developer/Xcode/DerivedData/FinancialCalculatorKit-ackorybalcxbfocbkqsfdzcfkgmn/SourcePackages/checkouts/SwiftDraw/SwiftDraw/SVG+CoreGraphics.swift /Users/rogerlin/Library/Developer/Xcode/DerivedData/FinancialCalculatorKit-ackorybalcxbfocbkqsfdzcfkgmn/SourcePackages/checkouts/SwiftDraw/SwiftDraw/SVG+Deprecated.swift /Users/rogerlin/Library/Developer/Xcode/DerivedData/FinancialCalculatorKit-ackorybalcxbfocbkqsfdzcfkgmn/SourcePackages/checkouts/SwiftDraw/SwiftDraw/SVG+Hashable.swift /Users/rogerlin/Library/Developer/Xcode/DerivedData/FinancialCalculatorKit-ackorybalcxbfocbkqsfdzcfkgmn/SourcePackages/checkouts/SwiftDraw/SwiftDraw/SVG+Insets.swift /Users/rogerlin/Library/Developer/Xcode/DerivedData/FinancialCalculatorKit-ackorybalcxbfocbkqsfdzcfkgmn/SourcePackages/checkouts/SwiftDraw/SwiftDraw/SVG.swift /Users/rogerlin/Library/Developer/Xcode/DerivedData/FinancialCalculatorKit-ackorybalcxbfocbkqsfdzcfkgmn/SourcePackages/checkouts/SwiftDraw/SwiftDraw/SVGView.swift /Users/rogerlin/Library/Developer/Xcode/DerivedData/FinancialCalculatorKit-ackorybalcxbfocbkqsfdzcfkgmn/SourcePackages/checkouts/SwiftDraw/SwiftDraw/Stack.swift /Users/rogerlin/Library/Developer/Xcode/DerivedData/FinancialCalculatorKit-ackorybalcxbfocbkqsfdzcfkgmn/SourcePackages/checkouts/SwiftDraw/SwiftDraw/UIImage+SVG.swift /Users/rogerlin/Library/Developer/Xcode/DerivedData/FinancialCalculatorKit-ackorybalcxbfocbkqsfdzcfkgmn/SourcePackages/checkouts/SwiftDraw/SwiftDraw/Utilities/PairedSequence.swift /Users/rogerlin/Library/Developer/Xcode/DerivedData/FinancialCalculatorKit-ackorybalcxbfocbkqsfdzcfkgmn/SourcePackages/checkouts/SwiftDraw/SwiftDraw/XML.Formatter.SVG.swift /Users/rogerlin/Library/Developer/Xcode/DerivedData/FinancialCalculatorKit-ackorybalcxbfocbkqsfdzcfkgmn/SourcePackages/checkouts/SwiftDraw/SwiftDraw/XML.Formatter.swift -supplementary-output-file-map /Users/rogerlin/Library/Developer/Xcode/DerivedData/FinancialCalculatorKit-ackorybalcxbfocbkqsfdzcfkgmn/Build/Intermediates.noindex/SwiftDraw.build/Debug/SwiftDraw.build/Objects-normal/arm64/supplementaryOutputs-26 -target arm64-apple-macos10.15 -module-can-import-version AppKit 2685.20.119 2685.20.119 -module-can-import-version CoreGraphics 1965.1.4 1965.1.4 -module-can-import-version CoreText 877.1.0.5 877.1.0 -module-can-import-version Darwin 347.40.2 0 -module-can-import-version SwiftUI 7.1.13.1 7.1.13 -load-resolved-plugin /Applications/Xcode.app/Contents/Developer/Platforms/MacOSX.platform/Developer/usr/lib/swift/host/plugins/libFoundationMacros.dylib\#/Applications/Xcode.app/Contents/Developer/Platforms/MacOSX.platform/Developer/usr/bin/swift-plugin-server\#FoundationMacros -load-resolved-plugin /Applications/Xcode.app/Contents/Developer/Platforms/MacOSX.platform/Developer/usr/lib/swift/host/plugins/libObservationMacros.dylib\#/Applications/Xcode.app/Contents/Developer/Platforms/MacOSX.platform/Developer/usr/bin/swift-plugin-server\#ObservationMacros -load-resolved-plugin /Applications/Xcode.app/Contents/Developer/Platforms/MacOSX.platform/Developer/usr/lib/swift/host/plugins/libPreviewsMacros.dylib\#/Applications/Xcode.app/Contents/Developer/Platforms/MacOSX.platform/Developer/usr/bin/swift-plugin-server\#PreviewsMacros -load-resolved-plugin /Applications/Xcode.app/Contents/Developer/Platforms/MacOSX.platform/Developer/usr/lib/swift/host/plugins/libSwiftMacros.dylib\#/Applications/Xcode.app/Contents/Developer/Platforms/MacOSX.platform/Developer/usr/bin/swift-plugin-server\#SwiftMacros -load-resolved-plugin /Applications/Xcode.app/Contents/Developer/Platforms/MacOSX.platform/Developer/usr/lib/swift/host/plugins/libSwiftUIMacros.dylib\#/Applications/Xcode.app/Contents/Developer/Platforms/MacOSX.platform/Developer/usr/bin/swift-plugin-server\#SwiftUIMacros -disable-implicit-swift-modules -Xcc -fno-implicit-modules -Xcc -fno-implicit-module-maps -explicit-swift-module-map-file /Users/rogerlin/Library/Developer/Xcode/DerivedData/FinancialCalculatorKit-ackorybalcxbfocbkqsfdzcfkgmn/Build/Intermediates.noindex/SwiftDraw.build/Debug/SwiftDraw.build/Objects-normal/arm64/SwiftDraw-dependencies-1.json -Xllvm -aarch64-use-tbi -enable-objc-interop -stack-check -sdk /Applications/Xcode.app/Contents/Developer/Platforms/MacOSX.platform/Developer/SDKs/MacOSX26.1.sdk -I /Users/rogerlin/Library/Developer/Xcode/DerivedData/FinancialCalculatorKit-ackorybalcxbfocbkqsfdzcfkgmn/Build/Products/Debug -Isystem /Applications/Xcode.app/Contents/Developer/Platforms/MacOSX.platform/Developer/usr/lib -F /Users/rogerlin/Library/Developer/Xcode/DerivedData/FinancialCalculatorKit-ackorybalcxbfocbkqsfdzcfkgmn/Build/Products/Debug/PackageFrameworks -F /Users/rogerlin/Library/Developer/Xcode/DerivedData/FinancialCalculatorKit-ackorybalcxbfocbkqsfdzcfkgmn/Build/Products/Debug -F /Applications/Xcode.app/Contents/Developer/Platforms/MacOSX.platform/Developer/Library/Frameworks -no-color-diagnostics -Xcc -fno-color-diagnostics -enable-testing -g -debug-info-format\=dwarf -dwarf-version\=4 -module-cache-path /Users/rogerlin/Library/Developer/Xcode/DerivedData/FinancialCalculatorKit-ackorybalcxbfocbkqsfdzcfkgmn/Build/Intermediates.noindex/SwiftExplicitPrecompiledModules -suppress-warnings -profile-generate -profile-coverage-mapping -swift-version 6 -enforce-exclusivity\=checked -Onone -D SWIFT_PACKAGE -D DEBUG -D SWIFT_MODULE_RESOURCE_BUNDLE_UNAVAILABLE -D Xcode -serialize-debugging-options -const-gather-protocols-file /Users/rogerlin/Library/Developer/Xcode/DerivedData/FinancialCalculatorKit-ackorybalcxbfocbkqsfdzcfkgmn/Build/Intermediates.noindex/SwiftDraw.build/Debug/SwiftDraw.build/Objects-normal/arm64/SwiftDraw_const_extract_protocols.json -enable-upcoming-feature ExistentialAny -enable-experimental-feature DebugDescriptionMacro -empty-abi-descriptor -user-module-version 0.22.0 -validate-clang-modules-once -clang-build-session-file /Users/rogerlin/Library/Developer/Xcode/DerivedData/ModuleCache.noindex/Session.modulevalidation -Xcc -working-directory -Xcc /Users/rogerlin/XCode-Projects/FinancialCalculatorKit-5.0-updated-accent-colors/FinancialCalculatorKit.xcodeproj -enable-anonymous-context-mangled-names -file-compilation-dir /Users/rogerlin/XCode-Projects/FinancialCalculatorKit-5.0-updated-accent-colors/FinancialCalculatorKit.xcodeproj -Xcc -D_LIBCPP_HARDENING_MODE\=_LIBCPP_HARDENING_MODE_DEBUG -Xcc -ivfsstatcache -Xcc /Users/rogerlin/Library/Developer/Xcode/DerivedData/SDKStatCaches.noindex/macosx26.1-25B74-3ae1261907bdadc328169391a47051a6.sdkstatcache -Xcc -I/Users/rogerlin/Library/Developer/Xcode/DerivedData/FinancialCalculatorKit-ackorybalcxbfocbkqsfdzcfkgmn/Build/Intermediates.noindex/SwiftDraw.build/Debug/SwiftDraw.build/swift-overrides.hmap -Xcc -I/Users/rogerlin/Library/Developer/Xcode/DerivedData/FinancialCalculatorKit-ackorybalcxbfocbkqsfdzcfkgmn/Build/Products/Debug/include -Xcc -I/Users/rogerlin/Library/Developer/Xcode/DerivedData/FinancialCalculatorKit-ackorybalcxbfocbkqsfdzcfkgmn/Build/Intermediates.noindex/SwiftDraw.build/Debug/SwiftDraw.build/DerivedSources-normal/arm64 -Xcc -I/Users/rogerlin/Library/Developer/Xcode/DerivedData/FinancialCalculatorKit-ackorybalcxbfocbkqsfdzcfkgmn/Build/Intermediates.noindex/SwiftDraw.build/Debug/SwiftDraw.build/DerivedSources/arm64 -Xcc -I/Users/rogerlin/Library/Developer/Xcode/DerivedData/FinancialCalculatorKit-ackorybalcxbfocbkqsfdzcfkgmn/Build/Intermediates.noindex/SwiftDraw.build/Debug/SwiftDraw.build/DerivedSources -Xcc -DSWIFT_PACKAGE -Xcc -DDEBUG\=1 -no-auto-bridging-header-chaining -module-name SwiftDraw -package-name swiftdraw -frontend-parseable-output -disable-clang-spi -target-sdk-version 26.1 -target-sdk-name macosx26.1 -clang-target arm64-apple-macos26.1 -in-process-plugin-server-path /Applications/Xcode.app/Contents/Developer/Toolchains/XcodeDefault.xctoolchain/usr/lib/swift/host/libSwiftInProcPluginServer.dylib -o /Users/rogerlin/Library/Developer/Xcode/DerivedData/FinancialCalculatorKit-ackorybalcxbfocbkqsfdzcfkgmn/Build/Intermediates.noindex/SwiftDraw.build/Debug/SwiftDraw.build/Objects-normal/arm64/LayerTree.Pattern.o -o /Users/rogerlin/Library/Developer/Xcode/DerivedData/FinancialCalculatorKit-ackorybalcxbfocbkqsfdzcfkgmn/Build/Intermediates.noindex/SwiftDraw.build/Debug/SwiftDraw.build/Objects-normal/arm64/LayerTree.Shape.o -o /Users/rogerlin/Library/Developer/Xcode/DerivedData/FinancialCalculatorKit-ackorybalcxbfocbkqsfdzcfkgmn/Build/Intermediates.noindex/SwiftDraw.build/Debug/SwiftDraw.build/Objects-normal/arm64/LayerTree.Transform.o -index-unit-output-path /SwiftDraw.build/Debug/SwiftDraw.build/Objects-normal/arm64/LayerTree.Pattern.o -index-unit-output-path /SwiftDraw.build/Debug/SwiftDraw.build/Objects-normal/arm64/LayerTree.Shape.o -index-unit-output-path /SwiftDraw.build/Debug/SwiftDraw.build/Objects-normal/arm64/LayerTree.Transform.o -index-store-path /Users/rogerlin/Library/Developer/Xcode/DerivedData/FinancialCalculatorKit-ackorybalcxbfocbkqsfdzcfkgmn/Index.noindex/DataStore -index-system-modules

SwiftCompile normal arm64 /Users/rogerlin/Library/Developer/Xcode/DerivedData/FinancialCalculatorKit-ackorybalcxbfocbkqsfdzcfkgmn/SourcePackages/checkouts/SwiftDraw/SwiftDraw/LayerTree.Pattern.swift (in target 'SwiftDraw' from project 'SwiftDraw')
    cd /Users/rogerlin/XCode-Projects/FinancialCalculatorKit-5.0-updated-accent-colors/FinancialCalculatorKit.xcodeproj
    

SwiftCompile normal arm64 /Users/rogerlin/Library/Developer/Xcode/DerivedData/FinancialCalculatorKit-ackorybalcxbfocbkqsfdzcfkgmn/SourcePackages/checkouts/SwiftDraw/SwiftDraw/LayerTree.Shape.swift (in target 'SwiftDraw' from project 'SwiftDraw')
    cd /Users/rogerlin/XCode-Projects/FinancialCalculatorKit-5.0-updated-accent-colors/FinancialCalculatorKit.xcodeproj
    

SwiftCompile normal arm64 /Users/rogerlin/Library/Developer/Xcode/DerivedData/FinancialCalculatorKit-ackorybalcxbfocbkqsfdzcfkgmn/SourcePackages/checkouts/SwiftDraw/SwiftDraw/LayerTree.Transform.swift (in target 'SwiftDraw' from project 'SwiftDraw')
    cd /Users/rogerlin/XCode-Projects/FinancialCalculatorKit-5.0-updated-accent-colors/FinancialCalculatorKit.xcodeproj
    

SwiftDriverJobDiscovery normal arm64 Compiling ExponentCalculator.swift (in target 'BigDecimal' from project 'BigDecimal')

SwiftCompile normal arm64 Compiling\ Renderer.CGText.swift,\ Renderer.CoreGraphics.swift,\ Renderer.LayerTree.swift /Users/rogerlin/Library/Developer/Xcode/DerivedData/FinancialCalculatorKit-ackorybalcxbfocbkqsfdzcfkgmn/SourcePackages/checkouts/SwiftDraw/SwiftDraw/Renderer.CGText.swift /Users/rogerlin/Library/Developer/Xcode/DerivedData/FinancialCalculatorKit-ackorybalcxbfocbkqsfdzcfkgmn/SourcePackages/checkouts/SwiftDraw/SwiftDraw/Renderer.CoreGraphics.swift /Users/rogerlin/Library/Developer/Xcode/DerivedData/FinancialCalculatorKit-ackorybalcxbfocbkqsfdzcfkgmn/SourcePackages/checkouts/SwiftDraw/SwiftDraw/Renderer.LayerTree.swift (in target 'SwiftDraw' from project 'SwiftDraw')
/Applications/Xcode.app/Contents/Developer/Toolchains/XcodeDefault.xctoolchain/usr/bin/swift-frontend -frontend -c /Users/rogerlin/Library/Developer/Xcode/DerivedData/FinancialCalculatorKit-ackorybalcxbfocbkqsfdzcfkgmn/SourcePackages/checkouts/SwiftDraw/SwiftDraw/CGImage+Mask.swift /Users/rogerlin/Library/Developer/Xcode/DerivedData/FinancialCalculatorKit-ackorybalcxbfocbkqsfdzcfkgmn/SourcePackages/checkouts/SwiftDraw/SwiftDraw/CGPath+Segment.swift /Users/rogerlin/Library/Developer/Xcode/DerivedData/FinancialCalculatorKit-ackorybalcxbfocbkqsfdzcfkgmn/SourcePackages/checkouts/SwiftDraw/SwiftDraw/CGPattern+Closure.swift /Users/rogerlin/Library/Developer/Xcode/DerivedData/FinancialCalculatorKit-ackorybalcxbfocbkqsfdzcfkgmn/SourcePackages/checkouts/SwiftDraw/SwiftDraw/CGTextRenderer+Code.swift /Users/rogerlin/Library/Developer/Xcode/DerivedData/FinancialCalculatorKit-ackorybalcxbfocbkqsfdzcfkgmn/SourcePackages/checkouts/SwiftDraw/SwiftDraw/CommandLine+Process.swift /Users/rogerlin/Library/Developer/Xcode/DerivedData/FinancialCalculatorKit-ackorybalcxbfocbkqsfdzcfkgmn/SourcePackages/checkouts/SwiftDraw/SwiftDraw/CommandLine.Arguments.swift /Users/rogerlin/Library/Developer/Xcode/DerivedData/FinancialCalculatorKit-ackorybalcxbfocbkqsfdzcfkgmn/SourcePackages/checkouts/SwiftDraw/SwiftDraw/CommandLine.Configuration.swift /Users/rogerlin/Library/Developer/Xcode/DerivedData/FinancialCalculatorKit-ackorybalcxbfocbkqsfdzcfkgmn/SourcePackages/checkouts/SwiftDraw/SwiftDraw/CommandLine.swift /Users/rogerlin/Library/Developer/Xcode/DerivedData/FinancialCalculatorKit-ackorybalcxbfocbkqsfdzcfkgmn/SourcePackages/checkouts/SwiftDraw/SwiftDraw/CoordinateFormatter.swift /Users/rogerlin/Library/Developer/Xcode/DerivedData/FinancialCalculatorKit-ackorybalcxbfocbkqsfdzcfkgmn/SourcePackages/checkouts/SwiftDraw/SwiftDraw/LayerTree.Builder.Layer.swift /Users/rogerlin/Library/Developer/Xcode/DerivedData/FinancialCalculatorKit-ackorybalcxbfocbkqsfdzcfkgmn/SourcePackages/checkouts/SwiftDraw/SwiftDraw/LayerTree.Builder.Path.Arc.swift /Users/rogerlin/Library/Developer/Xcode/DerivedData/FinancialCalculatorKit-ackorybalcxbfocbkqsfdzcfkgmn/SourcePackages/checkouts/SwiftDraw/SwiftDraw/LayerTree.Builder.Path.swift /Users/rogerlin/Library/Developer/Xcode/DerivedData/FinancialCalculatorKit-ackorybalcxbfocbkqsfdzcfkgmn/SourcePackages/checkouts/SwiftDraw/SwiftDraw/LayerTree.Builder.Shape.swift /Users/rogerlin/Library/Developer/Xcode/DerivedData/FinancialCalculatorKit-ackorybalcxbfocbkqsfdzcfkgmn/SourcePackages/checkouts/SwiftDraw/SwiftDraw/LayerTree.Builder.Text.swift /Users/rogerlin/Library/Developer/Xcode/DerivedData/FinancialCalculatorKit-ackorybalcxbfocbkqsfdzcfkgmn/SourcePackages/checkouts/SwiftDraw/SwiftDraw/LayerTree.Builder.swift /Users/rogerlin/Library/Developer/Xcode/DerivedData/FinancialCalculatorKit-ackorybalcxbfocbkqsfdzcfkgmn/SourcePackages/checkouts/SwiftDraw/SwiftDraw/LayerTree.Color.swift /Users/rogerlin/Library/Developer/Xcode/DerivedData/FinancialCalculatorKit-ackorybalcxbfocbkqsfdzcfkgmn/SourcePackages/checkouts/SwiftDraw/SwiftDraw/LayerTree.CommandGenerator.swift /Users/rogerlin/Library/Developer/Xcode/DerivedData/FinancialCalculatorKit-ackorybalcxbfocbkqsfdzcfkgmn/SourcePackages/checkouts/SwiftDraw/SwiftDraw/LayerTree.CommandOptimizer.swift /Users/rogerlin/Library/Developer/Xcode/DerivedData/FinancialCalculatorKit-ackorybalcxbfocbkqsfdzcfkgmn/SourcePackages/checkouts/SwiftDraw/SwiftDraw/LayerTree.Gradient.swift /Users/rogerlin/Library/Developer/Xcode/DerivedData/FinancialCalculatorKit-ackorybalcxbfocbkqsfdzcfkgmn/SourcePackages/checkouts/SwiftDraw/SwiftDraw/LayerTree.Image.swift /Users/rogerlin/Library/Developer/Xcode/DerivedData/FinancialCalculatorKit-ackorybalcxbfocbkqsfdzcfkgmn/SourcePackages/checkouts/SwiftDraw/SwiftDraw/LayerTree.Layer.swift /Users/rogerlin/Library/Developer/Xcode/DerivedData/FinancialCalculatorKit-ackorybalcxbfocbkqsfdzcfkgmn/SourcePackages/checkouts/SwiftDraw/SwiftDraw/LayerTree.Path+Bounds.swift /Users/rogerlin/Library/Developer/Xcode/DerivedData/FinancialCalculatorKit-ackorybalcxbfocbkqsfdzcfkgmn/SourcePackages/checkouts/SwiftDraw/SwiftDraw/LayerTree.Path+Reversed.swift /Users/rogerlin/Library/Developer/Xcode/DerivedData/FinancialCalculatorKit-ackorybalcxbfocbkqsfdzcfkgmn/SourcePackages/checkouts/SwiftDraw/SwiftDraw/LayerTree.Path+Subpath.swift /Users/rogerlin/Library/Developer/Xcode/DerivedData/FinancialCalculatorKit-ackorybalcxbfocbkqsfdzcfkgmn/SourcePackages/checkouts/SwiftDraw/SwiftDraw/LayerTree.Path.swift /Users/rogerlin/Library/Developer/Xcode/DerivedData/FinancialCalculatorKit-ackorybalcxbfocbkqsfdzcfkgmn/SourcePackages/checkouts/SwiftDraw/SwiftDraw/LayerTree.Pattern.swift /Users/rogerlin/Library/Developer/Xcode/DerivedData/FinancialCalculatorKit-ackorybalcxbfocbkqsfdzcfkgmn/SourcePackages/checkouts/SwiftDraw/SwiftDraw/LayerTree.Shape.swift /Users/rogerlin/Library/Developer/Xcode/DerivedData/FinancialCalculatorKit-ackorybalcxbfocbkqsfdzcfkgmn/SourcePackages/checkouts/SwiftDraw/SwiftDraw/LayerTree.Transform.swift /Users/rogerlin/Library/Developer/Xcode/DerivedData/FinancialCalculatorKit-ackorybalcxbfocbkqsfdzcfkgmn/SourcePackages/checkouts/SwiftDraw/SwiftDraw/LayerTree.swift /Users/rogerlin/Library/Developer/Xcode/DerivedData/FinancialCalculatorKit-ackorybalcxbfocbkqsfdzcfkgmn/SourcePackages/checkouts/SwiftDraw/SwiftDraw/NSImage+SVG.swift /Users/rogerlin/Library/Developer/Xcode/DerivedData/FinancialCalculatorKit-ackorybalcxbfocbkqsfdzcfkgmn/SourcePackages/checkouts/SwiftDraw/SwiftDraw/Renderer.CGText+Path.swift -primary-file /Users/rogerlin/Library/Developer/Xcode/DerivedData/FinancialCalculatorKit-ackorybalcxbfocbkqsfdzcfkgmn/SourcePackages/checkouts/SwiftDraw/SwiftDraw/Renderer.CGText.swift -primary-file /Users/rogerlin/Library/Developer/Xcode/DerivedData/FinancialCalculatorKit-ackorybalcxbfocbkqsfdzcfkgmn/SourcePackages/checkouts/SwiftDraw/SwiftDraw/Renderer.CoreGraphics.swift -primary-file /Users/rogerlin/Library/Developer/Xcode/DerivedData/FinancialCalculatorKit-ackorybalcxbfocbkqsfdzcfkgmn/SourcePackages/checkouts/SwiftDraw/SwiftDraw/Renderer.LayerTree.swift /Users/rogerlin/Library/Developer/Xcode/DerivedData/FinancialCalculatorKit-ackorybalcxbfocbkqsfdzcfkgmn/SourcePackages/checkouts/SwiftDraw/SwiftDraw/Renderer.SFSymbol+CGPath.swift /Users/rogerlin/Library/Developer/Xcode/DerivedData/FinancialCalculatorKit-ackorybalcxbfocbkqsfdzcfkgmn/SourcePackages/checkouts/SwiftDraw/SwiftDraw/Renderer.SFSymbol.swift /Users/rogerlin/Library/Developer/Xcode/DerivedData/FinancialCalculatorKit-ackorybalcxbfocbkqsfdzcfkgmn/SourcePackages/checkouts/SwiftDraw/SwiftDraw/Renderer.SVG.swift /Users/rogerlin/Library/Developer/Xcode/DerivedData/FinancialCalculatorKit-ackorybalcxbfocbkqsfdzcfkgmn/SourcePackages/checkouts/SwiftDraw/SwiftDraw/Renderer.swift /Users/rogerlin/Library/Developer/Xcode/DerivedData/FinancialCalculatorKit-ackorybalcxbfocbkqsfdzcfkgmn/SourcePackages/checkouts/SwiftDraw/SwiftDraw/SVG+CoreGraphics.swift /Users/rogerlin/Library/Developer/Xcode/DerivedData/FinancialCalculatorKit-ackorybalcxbfocbkqsfdzcfkgmn/SourcePackages/checkouts/SwiftDraw/SwiftDraw/SVG+Deprecated.swift /Users/rogerlin/Library/Developer/Xcode/DerivedData/FinancialCalculatorKit-ackorybalcxbfocbkqsfdzcfkgmn/SourcePackages/checkouts/SwiftDraw/SwiftDraw/SVG+Hashable.swift /Users/rogerlin/Library/Developer/Xcode/DerivedData/FinancialCalculatorKit-ackorybalcxbfocbkqsfdzcfkgmn/SourcePackages/checkouts/SwiftDraw/SwiftDraw/SVG+Insets.swift /Users/rogerlin/Library/Developer/Xcode/DerivedData/FinancialCalculatorKit-ackorybalcxbfocbkqsfdzcfkgmn/SourcePackages/checkouts/SwiftDraw/SwiftDraw/SVG.swift /Users/rogerlin/Library/Developer/Xcode/DerivedData/FinancialCalculatorKit-ackorybalcxbfocbkqsfdzcfkgmn/SourcePackages/checkouts/SwiftDraw/SwiftDraw/SVGView.swift /Users/rogerlin/Library/Developer/Xcode/DerivedData/FinancialCalculatorKit-ackorybalcxbfocbkqsfdzcfkgmn/SourcePackages/checkouts/SwiftDraw/SwiftDraw/Stack.swift /Users/rogerlin/Library/Developer/Xcode/DerivedData/FinancialCalculatorKit-ackorybalcxbfocbkqsfdzcfkgmn/SourcePackages/checkouts/SwiftDraw/SwiftDraw/UIImage+SVG.swift /Users/rogerlin/Library/Developer/Xcode/DerivedData/FinancialCalculatorKit-ackorybalcxbfocbkqsfdzcfkgmn/SourcePackages/checkouts/SwiftDraw/SwiftDraw/Utilities/PairedSequence.swift /Users/rogerlin/Library/Developer/Xcode/DerivedData/FinancialCalculatorKit-ackorybalcxbfocbkqsfdzcfkgmn/SourcePackages/checkouts/SwiftDraw/SwiftDraw/XML.Formatter.SVG.swift /Users/rogerlin/Library/Developer/Xcode/DerivedData/FinancialCalculatorKit-ackorybalcxbfocbkqsfdzcfkgmn/SourcePackages/checkouts/SwiftDraw/SwiftDraw/XML.Formatter.swift -supplementary-output-file-map /Users/rogerlin/Library/Developer/Xcode/DerivedData/FinancialCalculatorKit-ackorybalcxbfocbkqsfdzcfkgmn/Build/Intermediates.noindex/SwiftDraw.build/Debug/SwiftDraw.build/Objects-normal/arm64/supplementaryOutputs-28 -target arm64-apple-macos10.15 -module-can-import-version AppKit 2685.20.119 2685.20.119 -module-can-import-version CoreGraphics 1965.1.4 1965.1.4 -module-can-import-version CoreText 877.1.0.5 877.1.0 -module-can-import-version Darwin 347.40.2 0 -module-can-import-version SwiftUI 7.1.13.1 7.1.13 -load-resolved-plugin /Applications/Xcode.app/Contents/Developer/Platforms/MacOSX.platform/Developer/usr/lib/swift/host/plugins/libFoundationMacros.dylib\#/Applications/Xcode.app/Contents/Developer/Platforms/MacOSX.platform/Developer/usr/bin/swift-plugin-server\#FoundationMacros -load-resolved-plugin /Applications/Xcode.app/Contents/Developer/Platforms/MacOSX.platform/Developer/usr/lib/swift/host/plugins/libObservationMacros.dylib\#/Applications/Xcode.app/Contents/Developer/Platforms/MacOSX.platform/Developer/usr/bin/swift-plugin-server\#ObservationMacros -load-resolved-plugin /Applications/Xcode.app/Contents/Developer/Platforms/MacOSX.platform/Developer/usr/lib/swift/host/plugins/libPreviewsMacros.dylib\#/Applications/Xcode.app/Contents/Developer/Platforms/MacOSX.platform/Developer/usr/bin/swift-plugin-server\#PreviewsMacros -load-resolved-plugin /Applications/Xcode.app/Contents/Developer/Platforms/MacOSX.platform/Developer/usr/lib/swift/host/plugins/libSwiftMacros.dylib\#/Applications/Xcode.app/Contents/Developer/Platforms/MacOSX.platform/Developer/usr/bin/swift-plugin-server\#SwiftMacros -load-resolved-plugin /Applications/Xcode.app/Contents/Developer/Platforms/MacOSX.platform/Developer/usr/lib/swift/host/plugins/libSwiftUIMacros.dylib\#/Applications/Xcode.app/Contents/Developer/Platforms/MacOSX.platform/Developer/usr/bin/swift-plugin-server\#SwiftUIMacros -disable-implicit-swift-modules -Xcc -fno-implicit-modules -Xcc -fno-implicit-module-maps -explicit-swift-module-map-file /Users/rogerlin/Library/Developer/Xcode/DerivedData/FinancialCalculatorKit-ackorybalcxbfocbkqsfdzcfkgmn/Build/Intermediates.noindex/SwiftDraw.build/Debug/SwiftDraw.build/Objects-normal/arm64/SwiftDraw-dependencies-1.json -Xllvm -aarch64-use-tbi -enable-objc-interop -stack-check -sdk /Applications/Xcode.app/Contents/Developer/Platforms/MacOSX.platform/Developer/SDKs/MacOSX26.1.sdk -I /Users/rogerlin/Library/Developer/Xcode/DerivedData/FinancialCalculatorKit-ackorybalcxbfocbkqsfdzcfkgmn/Build/Products/Debug -Isystem /Applications/Xcode.app/Contents/Developer/Platforms/MacOSX.platform/Developer/usr/lib -F /Users/rogerlin/Library/Developer/Xcode/DerivedData/FinancialCalculatorKit-ackorybalcxbfocbkqsfdzcfkgmn/Build/Products/Debug/PackageFrameworks -F /Users/rogerlin/Library/Developer/Xcode/DerivedData/FinancialCalculatorKit-ackorybalcxbfocbkqsfdzcfkgmn/Build/Products/Debug -F /Applications/Xcode.app/Contents/Developer/Platforms/MacOSX.platform/Developer/Library/Frameworks -no-color-diagnostics -Xcc -fno-color-diagnostics -enable-testing -g -debug-info-format\=dwarf -dwarf-version\=4 -module-cache-path /Users/rogerlin/Library/Developer/Xcode/DerivedData/FinancialCalculatorKit-ackorybalcxbfocbkqsfdzcfkgmn/Build/Intermediates.noindex/SwiftExplicitPrecompiledModules -suppress-warnings -profile-generate -profile-coverage-mapping -swift-version 6 -enforce-exclusivity\=checked -Onone -D SWIFT_PACKAGE -D DEBUG -D SWIFT_MODULE_RESOURCE_BUNDLE_UNAVAILABLE -D Xcode -serialize-debugging-options -const-gather-protocols-file /Users/rogerlin/Library/Developer/Xcode/DerivedData/FinancialCalculatorKit-ackorybalcxbfocbkqsfdzcfkgmn/Build/Intermediates.noindex/SwiftDraw.build/Debug/SwiftDraw.build/Objects-normal/arm64/SwiftDraw_const_extract_protocols.json -enable-upcoming-feature ExistentialAny -enable-experimental-feature DebugDescriptionMacro -empty-abi-descriptor -user-module-version 0.22.0 -validate-clang-modules-once -clang-build-session-file /Users/rogerlin/Library/Developer/Xcode/DerivedData/ModuleCache.noindex/Session.modulevalidation -Xcc -working-directory -Xcc /Users/rogerlin/XCode-Projects/FinancialCalculatorKit-5.0-updated-accent-colors/FinancialCalculatorKit.xcodeproj -enable-anonymous-context-mangled-names -file-compilation-dir /Users/rogerlin/XCode-Projects/FinancialCalculatorKit-5.0-updated-accent-colors/FinancialCalculatorKit.xcodeproj -Xcc -D_LIBCPP_HARDENING_MODE\=_LIBCPP_HARDENING_MODE_DEBUG -Xcc -ivfsstatcache -Xcc /Users/rogerlin/Library/Developer/Xcode/DerivedData/SDKStatCaches.noindex/macosx26.1-25B74-3ae1261907bdadc328169391a47051a6.sdkstatcache -Xcc -I/Users/rogerlin/Library/Developer/Xcode/DerivedData/FinancialCalculatorKit-ackorybalcxbfocbkqsfdzcfkgmn/Build/Intermediates.noindex/SwiftDraw.build/Debug/SwiftDraw.build/swift-overrides.hmap -Xcc -I/Users/rogerlin/Library/Developer/Xcode/DerivedData/FinancialCalculatorKit-ackorybalcxbfocbkqsfdzcfkgmn/Build/Products/Debug/include -Xcc -I/Users/rogerlin/Library/Developer/Xcode/DerivedData/FinancialCalculatorKit-ackorybalcxbfocbkqsfdzcfkgmn/Build/Intermediates.noindex/SwiftDraw.build/Debug/SwiftDraw.build/DerivedSources-normal/arm64 -Xcc -I/Users/rogerlin/Library/Developer/Xcode/DerivedData/FinancialCalculatorKit-ackorybalcxbfocbkqsfdzcfkgmn/Build/Intermediates.noindex/SwiftDraw.build/Debug/SwiftDraw.build/DerivedSources/arm64 -Xcc -I/Users/rogerlin/Library/Developer/Xcode/DerivedData/FinancialCalculatorKit-ackorybalcxbfocbkqsfdzcfkgmn/Build/Intermediates.noindex/SwiftDraw.build/Debug/SwiftDraw.build/DerivedSources -Xcc -DSWIFT_PACKAGE -Xcc -DDEBUG\=1 -no-auto-bridging-header-chaining -module-name SwiftDraw -package-name swiftdraw -frontend-parseable-output -disable-clang-spi -target-sdk-version 26.1 -target-sdk-name macosx26.1 -clang-target arm64-apple-macos26.1 -in-process-plugin-server-path /Applications/Xcode.app/Contents/Developer/Toolchains/XcodeDefault.xctoolchain/usr/lib/swift/host/libSwiftInProcPluginServer.dylib -o /Users/rogerlin/Library/Developer/Xcode/DerivedData/FinancialCalculatorKit-ackorybalcxbfocbkqsfdzcfkgmn/Build/Intermediates.noindex/SwiftDraw.build/Debug/SwiftDraw.build/Objects-normal/arm64/Renderer.CGText.o -o /Users/rogerlin/Library/Developer/Xcode/DerivedData/FinancialCalculatorKit-ackorybalcxbfocbkqsfdzcfkgmn/Build/Intermediates.noindex/SwiftDraw.build/Debug/SwiftDraw.build/Objects-normal/arm64/Renderer.CoreGraphics.o -o /Users/rogerlin/Library/Developer/Xcode/DerivedData/FinancialCalculatorKit-ackorybalcxbfocbkqsfdzcfkgmn/Build/Intermediates.noindex/SwiftDraw.build/Debug/SwiftDraw.build/Objects-normal/arm64/Renderer.LayerTree.o -index-unit-output-path /SwiftDraw.build/Debug/SwiftDraw.build/Objects-normal/arm64/Renderer.CGText.o -index-unit-output-path /SwiftDraw.build/Debug/SwiftDraw.build/Objects-normal/arm64/Renderer.CoreGraphics.o -index-unit-output-path /SwiftDraw.build/Debug/SwiftDraw.build/Objects-normal/arm64/Renderer.LayerTree.o -index-store-path /Users/rogerlin/Library/Developer/Xcode/DerivedData/FinancialCalculatorKit-ackorybalcxbfocbkqsfdzcfkgmn/Index.noindex/DataStore -index-system-modules

SwiftCompile normal arm64 /Users/rogerlin/Library/Developer/Xcode/DerivedData/FinancialCalculatorKit-ackorybalcxbfocbkqsfdzcfkgmn/SourcePackages/checkouts/SwiftDraw/SwiftDraw/Renderer.CGText.swift (in target 'SwiftDraw' from project 'SwiftDraw')
    cd /Users/rogerlin/XCode-Projects/FinancialCalculatorKit-5.0-updated-accent-colors/FinancialCalculatorKit.xcodeproj
    

SwiftCompile normal arm64 /Users/rogerlin/Library/Developer/Xcode/DerivedData/FinancialCalculatorKit-ackorybalcxbfocbkqsfdzcfkgmn/SourcePackages/checkouts/SwiftDraw/SwiftDraw/Renderer.CoreGraphics.swift (in target 'SwiftDraw' from project 'SwiftDraw')
    cd /Users/rogerlin/XCode-Projects/FinancialCalculatorKit-5.0-updated-accent-colors/FinancialCalculatorKit.xcodeproj
    

SwiftCompile normal arm64 /Users/rogerlin/Library/Developer/Xcode/DerivedData/FinancialCalculatorKit-ackorybalcxbfocbkqsfdzcfkgmn/SourcePackages/checkouts/SwiftDraw/SwiftDraw/Renderer.LayerTree.swift (in target 'SwiftDraw' from project 'SwiftDraw')
    cd /Users/rogerlin/XCode-Projects/FinancialCalculatorKit-5.0-updated-accent-colors/FinancialCalculatorKit.xcodeproj
    

SwiftDriverJobDiscovery normal arm64 Compiling Deprecations.swift (in target 'XCTestDynamicOverlay' from project 'xctest-dynamic-overlay')

SwiftCompile normal arm64 Compiling\ LayerTree.Builder.Text.swift,\ LayerTree.Builder.swift,\ LayerTree.Color.swift /Users/rogerlin/Library/Developer/Xcode/DerivedData/FinancialCalculatorKit-ackorybalcxbfocbkqsfdzcfkgmn/SourcePackages/checkouts/SwiftDraw/SwiftDraw/LayerTree.Builder.Text.swift /Users/rogerlin/Library/Developer/Xcode/DerivedData/FinancialCalculatorKit-ackorybalcxbfocbkqsfdzcfkgmn/SourcePackages/checkouts/SwiftDraw/SwiftDraw/LayerTree.Builder.swift /Users/rogerlin/Library/Developer/Xcode/DerivedData/FinancialCalculatorKit-ackorybalcxbfocbkqsfdzcfkgmn/SourcePackages/checkouts/SwiftDraw/SwiftDraw/LayerTree.Color.swift (in target 'SwiftDraw' from project 'SwiftDraw')
/Applications/Xcode.app/Contents/Developer/Toolchains/XcodeDefault.xctoolchain/usr/bin/swift-frontend -frontend -c /Users/rogerlin/Library/Developer/Xcode/DerivedData/FinancialCalculatorKit-ackorybalcxbfocbkqsfdzcfkgmn/SourcePackages/checkouts/SwiftDraw/SwiftDraw/CGImage+Mask.swift /Users/rogerlin/Library/Developer/Xcode/DerivedData/FinancialCalculatorKit-ackorybalcxbfocbkqsfdzcfkgmn/SourcePackages/checkouts/SwiftDraw/SwiftDraw/CGPath+Segment.swift /Users/rogerlin/Library/Developer/Xcode/DerivedData/FinancialCalculatorKit-ackorybalcxbfocbkqsfdzcfkgmn/SourcePackages/checkouts/SwiftDraw/SwiftDraw/CGPattern+Closure.swift /Users/rogerlin/Library/Developer/Xcode/DerivedData/FinancialCalculatorKit-ackorybalcxbfocbkqsfdzcfkgmn/SourcePackages/checkouts/SwiftDraw/SwiftDraw/CGTextRenderer+Code.swift /Users/rogerlin/Library/Developer/Xcode/DerivedData/FinancialCalculatorKit-ackorybalcxbfocbkqsfdzcfkgmn/SourcePackages/checkouts/SwiftDraw/SwiftDraw/CommandLine+Process.swift /Users/rogerlin/Library/Developer/Xcode/DerivedData/FinancialCalculatorKit-ackorybalcxbfocbkqsfdzcfkgmn/SourcePackages/checkouts/SwiftDraw/SwiftDraw/CommandLine.Arguments.swift /Users/rogerlin/Library/Developer/Xcode/DerivedData/FinancialCalculatorKit-ackorybalcxbfocbkqsfdzcfkgmn/SourcePackages/checkouts/SwiftDraw/SwiftDraw/CommandLine.Configuration.swift /Users/rogerlin/Library/Developer/Xcode/DerivedData/FinancialCalculatorKit-ackorybalcxbfocbkqsfdzcfkgmn/SourcePackages/checkouts/SwiftDraw/SwiftDraw/CommandLine.swift /Users/rogerlin/Library/Developer/Xcode/DerivedData/FinancialCalculatorKit-ackorybalcxbfocbkqsfdzcfkgmn/SourcePackages/checkouts/SwiftDraw/SwiftDraw/CoordinateFormatter.swift /Users/rogerlin/Library/Developer/Xcode/DerivedData/FinancialCalculatorKit-ackorybalcxbfocbkqsfdzcfkgmn/SourcePackages/checkouts/SwiftDraw/SwiftDraw/LayerTree.Builder.Layer.swift /Users/rogerlin/Library/Developer/Xcode/DerivedData/FinancialCalculatorKit-ackorybalcxbfocbkqsfdzcfkgmn/SourcePackages/checkouts/SwiftDraw/SwiftDraw/LayerTree.Builder.Path.Arc.swift /Users/rogerlin/Library/Developer/Xcode/DerivedData/FinancialCalculatorKit-ackorybalcxbfocbkqsfdzcfkgmn/SourcePackages/checkouts/SwiftDraw/SwiftDraw/LayerTree.Builder.Path.swift /Users/rogerlin/Library/Developer/Xcode/DerivedData/FinancialCalculatorKit-ackorybalcxbfocbkqsfdzcfkgmn/SourcePackages/checkouts/SwiftDraw/SwiftDraw/LayerTree.Builder.Shape.swift -primary-file /Users/rogerlin/Library/Developer/Xcode/DerivedData/FinancialCalculatorKit-ackorybalcxbfocbkqsfdzcfkgmn/SourcePackages/checkouts/SwiftDraw/SwiftDraw/LayerTree.Builder.Text.swift -primary-file /Users/rogerlin/Library/Developer/Xcode/DerivedData/FinancialCalculatorKit-ackorybalcxbfocbkqsfdzcfkgmn/SourcePackages/checkouts/SwiftDraw/SwiftDraw/LayerTree.Builder.swift -primary-file /Users/rogerlin/Library/Developer/Xcode/DerivedData/FinancialCalculatorKit-ackorybalcxbfocbkqsfdzcfkgmn/SourcePackages/checkouts/SwiftDraw/SwiftDraw/LayerTree.Color.swift /Users/rogerlin/Library/Developer/Xcode/DerivedData/FinancialCalculatorKit-ackorybalcxbfocbkqsfdzcfkgmn/SourcePackages/checkouts/SwiftDraw/SwiftDraw/LayerTree.CommandGenerator.swift /Users/rogerlin/Library/Developer/Xcode/DerivedData/FinancialCalculatorKit-ackorybalcxbfocbkqsfdzcfkgmn/SourcePackages/checkouts/SwiftDraw/SwiftDraw/LayerTree.CommandOptimizer.swift /Users/rogerlin/Library/Developer/Xcode/DerivedData/FinancialCalculatorKit-ackorybalcxbfocbkqsfdzcfkgmn/SourcePackages/checkouts/SwiftDraw/SwiftDraw/LayerTree.Gradient.swift /Users/rogerlin/Library/Developer/Xcode/DerivedData/FinancialCalculatorKit-ackorybalcxbfocbkqsfdzcfkgmn/SourcePackages/checkouts/SwiftDraw/SwiftDraw/LayerTree.Image.swift /Users/rogerlin/Library/Developer/Xcode/DerivedData/FinancialCalculatorKit-ackorybalcxbfocbkqsfdzcfkgmn/SourcePackages/checkouts/SwiftDraw/SwiftDraw/LayerTree.Layer.swift /Users/rogerlin/Library/Developer/Xcode/DerivedData/FinancialCalculatorKit-ackorybalcxbfocbkqsfdzcfkgmn/SourcePackages/checkouts/SwiftDraw/SwiftDraw/LayerTree.Path+Bounds.swift /Users/rogerlin/Library/Developer/Xcode/DerivedData/FinancialCalculatorKit-ackorybalcxbfocbkqsfdzcfkgmn/SourcePackages/checkouts/SwiftDraw/SwiftDraw/LayerTree.Path+Reversed.swift /Users/rogerlin/Library/Developer/Xcode/DerivedData/FinancialCalculatorKit-ackorybalcxbfocbkqsfdzcfkgmn/SourcePackages/checkouts/SwiftDraw/SwiftDraw/LayerTree.Path+Subpath.swift /Users/rogerlin/Library/Developer/Xcode/DerivedData/FinancialCalculatorKit-ackorybalcxbfocbkqsfdzcfkgmn/SourcePackages/checkouts/SwiftDraw/SwiftDraw/LayerTree.Path.swift /Users/rogerlin/Library/Developer/Xcode/DerivedData/FinancialCalculatorKit-ackorybalcxbfocbkqsfdzcfkgmn/SourcePackages/checkouts/SwiftDraw/SwiftDraw/LayerTree.Pattern.swift /Users/rogerlin/Library/Developer/Xcode/DerivedData/FinancialCalculatorKit-ackorybalcxbfocbkqsfdzcfkgmn/SourcePackages/checkouts/SwiftDraw/SwiftDraw/LayerTree.Shape.swift /Users/rogerlin/Library/Developer/Xcode/DerivedData/FinancialCalculatorKit-ackorybalcxbfocbkqsfdzcfkgmn/SourcePackages/checkouts/SwiftDraw/SwiftDraw/LayerTree.Transform.swift /Users/rogerlin/Library/Developer/Xcode/DerivedData/FinancialCalculatorKit-ackorybalcxbfocbkqsfdzcfkgmn/SourcePackages/checkouts/SwiftDraw/SwiftDraw/LayerTree.swift /Users/rogerlin/Library/Developer/Xcode/DerivedData/FinancialCalculatorKit-ackorybalcxbfocbkqsfdzcfkgmn/SourcePackages/checkouts/SwiftDraw/SwiftDraw/NSImage+SVG.swift /Users/rogerlin/Library/Developer/Xcode/DerivedData/FinancialCalculatorKit-ackorybalcxbfocbkqsfdzcfkgmn/SourcePackages/checkouts/SwiftDraw/SwiftDraw/Renderer.CGText+Path.swift /Users/rogerlin/Library/Developer/Xcode/DerivedData/FinancialCalculatorKit-ackorybalcxbfocbkqsfdzcfkgmn/SourcePackages/checkouts/SwiftDraw/SwiftDraw/Renderer.CGText.swift /Users/rogerlin/Library/Developer/Xcode/DerivedData/FinancialCalculatorKit-ackorybalcxbfocbkqsfdzcfkgmn/SourcePackages/checkouts/SwiftDraw/SwiftDraw/Renderer.CoreGraphics.swift /Users/rogerlin/Library/Developer/Xcode/DerivedData/FinancialCalculatorKit-ackorybalcxbfocbkqsfdzcfkgmn/SourcePackages/checkouts/SwiftDraw/SwiftDraw/Renderer.LayerTree.swift /Users/rogerlin/Library/Developer/Xcode/DerivedData/FinancialCalculatorKit-ackorybalcxbfocbkqsfdzcfkgmn/SourcePackages/checkouts/SwiftDraw/SwiftDraw/Renderer.SFSymbol+CGPath.swift /Users/rogerlin/Library/Developer/Xcode/DerivedData/FinancialCalculatorKit-ackorybalcxbfocbkqsfdzcfkgmn/SourcePackages/checkouts/SwiftDraw/SwiftDraw/Renderer.SFSymbol.swift /Users/rogerlin/Library/Developer/Xcode/DerivedData/FinancialCalculatorKit-ackorybalcxbfocbkqsfdzcfkgmn/SourcePackages/checkouts/SwiftDraw/SwiftDraw/Renderer.SVG.swift /Users/rogerlin/Library/Developer/Xcode/DerivedData/FinancialCalculatorKit-ackorybalcxbfocbkqsfdzcfkgmn/SourcePackages/checkouts/SwiftDraw/SwiftDraw/Renderer.swift /Users/rogerlin/Library/Developer/Xcode/DerivedData/FinancialCalculatorKit-ackorybalcxbfocbkqsfdzcfkgmn/SourcePackages/checkouts/SwiftDraw/SwiftDraw/SVG+CoreGraphics.swift /Users/rogerlin/Library/Developer/Xcode/DerivedData/FinancialCalculatorKit-ackorybalcxbfocbkqsfdzcfkgmn/SourcePackages/checkouts/SwiftDraw/SwiftDraw/SVG+Deprecated.swift /Users/rogerlin/Library/Developer/Xcode/DerivedData/FinancialCalculatorKit-ackorybalcxbfocbkqsfdzcfkgmn/SourcePackages/checkouts/SwiftDraw/SwiftDraw/SVG+Hashable.swift /Users/rogerlin/Library/Developer/Xcode/DerivedData/FinancialCalculatorKit-ackorybalcxbfocbkqsfdzcfkgmn/SourcePackages/checkouts/SwiftDraw/SwiftDraw/SVG+Insets.swift /Users/rogerlin/Library/Developer/Xcode/DerivedData/FinancialCalculatorKit-ackorybalcxbfocbkqsfdzcfkgmn/SourcePackages/checkouts/SwiftDraw/SwiftDraw/SVG.swift /Users/rogerlin/Library/Developer/Xcode/DerivedData/FinancialCalculatorKit-ackorybalcxbfocbkqsfdzcfkgmn/SourcePackages/checkouts/SwiftDraw/SwiftDraw/SVGView.swift /Users/rogerlin/Library/Developer/Xcode/DerivedData/FinancialCalculatorKit-ackorybalcxbfocbkqsfdzcfkgmn/SourcePackages/checkouts/SwiftDraw/SwiftDraw/Stack.swift /Users/rogerlin/Library/Developer/Xcode/DerivedData/FinancialCalculatorKit-ackorybalcxbfocbkqsfdzcfkgmn/SourcePackages/checkouts/SwiftDraw/SwiftDraw/UIImage+SVG.swift /Users/rogerlin/Library/Developer/Xcode/DerivedData/FinancialCalculatorKit-ackorybalcxbfocbkqsfdzcfkgmn/SourcePackages/checkouts/SwiftDraw/SwiftDraw/Utilities/PairedSequence.swift /Users/rogerlin/Library/Developer/Xcode/DerivedData/FinancialCalculatorKit-ackorybalcxbfocbkqsfdzcfkgmn/SourcePackages/checkouts/SwiftDraw/SwiftDraw/XML.Formatter.SVG.swift /Users/rogerlin/Library/Developer/Xcode/DerivedData/FinancialCalculatorKit-ackorybalcxbfocbkqsfdzcfkgmn/SourcePackages/checkouts/SwiftDraw/SwiftDraw/XML.Formatter.swift -supplementary-output-file-map /Users/rogerlin/Library/Developer/Xcode/DerivedData/FinancialCalculatorKit-ackorybalcxbfocbkqsfdzcfkgmn/Build/Intermediates.noindex/SwiftDraw.build/Debug/SwiftDraw.build/Objects-normal/arm64/supplementaryOutputs-22 -target arm64-apple-macos10.15 -module-can-import-version AppKit 2685.20.119 2685.20.119 -module-can-import-version CoreGraphics 1965.1.4 1965.1.4 -module-can-import-version CoreText 877.1.0.5 877.1.0 -module-can-import-version Darwin 347.40.2 0 -module-can-import-version SwiftUI 7.1.13.1 7.1.13 -load-resolved-plugin /Applications/Xcode.app/Contents/Developer/Platforms/MacOSX.platform/Developer/usr/lib/swift/host/plugins/libFoundationMacros.dylib\#/Applications/Xcode.app/Contents/Developer/Platforms/MacOSX.platform/Developer/usr/bin/swift-plugin-server\#FoundationMacros -load-resolved-plugin /Applications/Xcode.app/Contents/Developer/Platforms/MacOSX.platform/Developer/usr/lib/swift/host/plugins/libObservationMacros.dylib\#/Applications/Xcode.app/Contents/Developer/Platforms/MacOSX.platform/Developer/usr/bin/swift-plugin-server\#ObservationMacros -load-resolved-plugin /Applications/Xcode.app/Contents/Developer/Platforms/MacOSX.platform/Developer/usr/lib/swift/host/plugins/libPreviewsMacros.dylib\#/Applications/Xcode.app/Contents/Developer/Platforms/MacOSX.platform/Developer/usr/bin/swift-plugin-server\#PreviewsMacros -load-resolved-plugin /Applications/Xcode.app/Contents/Developer/Platforms/MacOSX.platform/Developer/usr/lib/swift/host/plugins/libSwiftMacros.dylib\#/Applications/Xcode.app/Contents/Developer/Platforms/MacOSX.platform/Developer/usr/bin/swift-plugin-server\#SwiftMacros -load-resolved-plugin /Applications/Xcode.app/Contents/Developer/Platforms/MacOSX.platform/Developer/usr/lib/swift/host/plugins/libSwiftUIMacros.dylib\#/Applications/Xcode.app/Contents/Developer/Platforms/MacOSX.platform/Developer/usr/bin/swift-plugin-server\#SwiftUIMacros -disable-implicit-swift-modules -Xcc -fno-implicit-modules -Xcc -fno-implicit-module-maps -explicit-swift-module-map-file /Users/rogerlin/Library/Developer/Xcode/DerivedData/FinancialCalculatorKit-ackorybalcxbfocbkqsfdzcfkgmn/Build/Intermediates.noindex/SwiftDraw.build/Debug/SwiftDraw.build/Objects-normal/arm64/SwiftDraw-dependencies-1.json -Xllvm -aarch64-use-tbi -enable-objc-interop -stack-check -sdk /Applications/Xcode.app/Contents/Developer/Platforms/MacOSX.platform/Developer/SDKs/MacOSX26.1.sdk -I /Users/rogerlin/Library/Developer/Xcode/DerivedData/FinancialCalculatorKit-ackorybalcxbfocbkqsfdzcfkgmn/Build/Products/Debug -Isystem /Applications/Xcode.app/Contents/Developer/Platforms/MacOSX.platform/Developer/usr/lib -F /Users/rogerlin/Library/Developer/Xcode/DerivedData/FinancialCalculatorKit-ackorybalcxbfocbkqsfdzcfkgmn/Build/Products/Debug/PackageFrameworks -F /Users/rogerlin/Library/Developer/Xcode/DerivedData/FinancialCalculatorKit-ackorybalcxbfocbkqsfdzcfkgmn/Build/Products/Debug -F /Applications/Xcode.app/Contents/Developer/Platforms/MacOSX.platform/Developer/Library/Frameworks -no-color-diagnostics -Xcc -fno-color-diagnostics -enable-testing -g -debug-info-format\=dwarf -dwarf-version\=4 -module-cache-path /Users/rogerlin/Library/Developer/Xcode/DerivedData/FinancialCalculatorKit-ackorybalcxbfocbkqsfdzcfkgmn/Build/Intermediates.noindex/SwiftExplicitPrecompiledModules -suppress-warnings -profile-generate -profile-coverage-mapping -swift-version 6 -enforce-exclusivity\=checked -Onone -D SWIFT_PACKAGE -D DEBUG -D SWIFT_MODULE_RESOURCE_BUNDLE_UNAVAILABLE -D Xcode -serialize-debugging-options -const-gather-protocols-file /Users/rogerlin/Library/Developer/Xcode/DerivedData/FinancialCalculatorKit-ackorybalcxbfocbkqsfdzcfkgmn/Build/Intermediates.noindex/SwiftDraw.build/Debug/SwiftDraw.build/Objects-normal/arm64/SwiftDraw_const_extract_protocols.json -enable-upcoming-feature ExistentialAny -enable-experimental-feature DebugDescriptionMacro -empty-abi-descriptor -user-module-version 0.22.0 -validate-clang-modules-once -clang-build-session-file /Users/rogerlin/Library/Developer/Xcode/DerivedData/ModuleCache.noindex/Session.modulevalidation -Xcc -working-directory -Xcc /Users/rogerlin/XCode-Projects/FinancialCalculatorKit-5.0-updated-accent-colors/FinancialCalculatorKit.xcodeproj -enable-anonymous-context-mangled-names -file-compilation-dir /Users/rogerlin/XCode-Projects/FinancialCalculatorKit-5.0-updated-accent-colors/FinancialCalculatorKit.xcodeproj -Xcc -D_LIBCPP_HARDENING_MODE\=_LIBCPP_HARDENING_MODE_DEBUG -Xcc -ivfsstatcache -Xcc /Users/rogerlin/Library/Developer/Xcode/DerivedData/SDKStatCaches.noindex/macosx26.1-25B74-3ae1261907bdadc328169391a47051a6.sdkstatcache -Xcc -I/Users/rogerlin/Library/Developer/Xcode/DerivedData/FinancialCalculatorKit-ackorybalcxbfocbkqsfdzcfkgmn/Build/Intermediates.noindex/SwiftDraw.build/Debug/SwiftDraw.build/swift-overrides.hmap -Xcc -I/Users/rogerlin/Library/Developer/Xcode/DerivedData/FinancialCalculatorKit-ackorybalcxbfocbkqsfdzcfkgmn/Build/Products/Debug/include -Xcc -I/Users/rogerlin/Library/Developer/Xcode/DerivedData/FinancialCalculatorKit-ackorybalcxbfocbkqsfdzcfkgmn/Build/Intermediates.noindex/SwiftDraw.build/Debug/SwiftDraw.build/DerivedSources-normal/arm64 -Xcc -I/Users/rogerlin/Library/Developer/Xcode/DerivedData/FinancialCalculatorKit-ackorybalcxbfocbkqsfdzcfkgmn/Build/Intermediates.noindex/SwiftDraw.build/Debug/SwiftDraw.build/DerivedSources/arm64 -Xcc -I/Users/rogerlin/Library/Developer/Xcode/DerivedData/FinancialCalculatorKit-ackorybalcxbfocbkqsfdzcfkgmn/Build/Intermediates.noindex/SwiftDraw.build/Debug/SwiftDraw.build/DerivedSources -Xcc -DSWIFT_PACKAGE -Xcc -DDEBUG\=1 -no-auto-bridging-header-chaining -module-name SwiftDraw -package-name swiftdraw -frontend-parseable-output -disable-clang-spi -target-sdk-version 26.1 -target-sdk-name macosx26.1 -clang-target arm64-apple-macos26.1 -in-process-plugin-server-path /Applications/Xcode.app/Contents/Developer/Toolchains/XcodeDefault.xctoolchain/usr/lib/swift/host/libSwiftInProcPluginServer.dylib -o /Users/rogerlin/Library/Developer/Xcode/DerivedData/FinancialCalculatorKit-ackorybalcxbfocbkqsfdzcfkgmn/Build/Intermediates.noindex/SwiftDraw.build/Debug/SwiftDraw.build/Objects-normal/arm64/LayerTree.Builder.Text.o -o /Users/rogerlin/Library/Developer/Xcode/DerivedData/FinancialCalculatorKit-ackorybalcxbfocbkqsfdzcfkgmn/Build/Intermediates.noindex/SwiftDraw.build/Debug/SwiftDraw.build/Objects-normal/arm64/LayerTree.Builder.o -o /Users/rogerlin/Library/Developer/Xcode/DerivedData/FinancialCalculatorKit-ackorybalcxbfocbkqsfdzcfkgmn/Build/Intermediates.noindex/SwiftDraw.build/Debug/SwiftDraw.build/Objects-normal/arm64/LayerTree.Color.o -index-unit-output-path /SwiftDraw.build/Debug/SwiftDraw.build/Objects-normal/arm64/LayerTree.Builder.Text.o -index-unit-output-path /SwiftDraw.build/Debug/SwiftDraw.build/Objects-normal/arm64/LayerTree.Builder.o -index-unit-output-path /SwiftDraw.build/Debug/SwiftDraw.build/Objects-normal/arm64/LayerTree.Color.o -index-store-path /Users/rogerlin/Library/Developer/Xcode/DerivedData/FinancialCalculatorKit-ackorybalcxbfocbkqsfdzcfkgmn/Index.noindex/DataStore -index-system-modules

SwiftCompile normal arm64 /Users/rogerlin/Library/Developer/Xcode/DerivedData/FinancialCalculatorKit-ackorybalcxbfocbkqsfdzcfkgmn/SourcePackages/checkouts/SwiftDraw/SwiftDraw/LayerTree.Builder.Text.swift (in target 'SwiftDraw' from project 'SwiftDraw')
    cd /Users/rogerlin/XCode-Projects/FinancialCalculatorKit-5.0-updated-accent-colors/FinancialCalculatorKit.xcodeproj
    

SwiftCompile normal arm64 /Users/rogerlin/Library/Developer/Xcode/DerivedData/FinancialCalculatorKit-ackorybalcxbfocbkqsfdzcfkgmn/SourcePackages/checkouts/SwiftDraw/SwiftDraw/LayerTree.Builder.swift (in target 'SwiftDraw' from project 'SwiftDraw')
    cd /Users/rogerlin/XCode-Projects/FinancialCalculatorKit-5.0-updated-accent-colors/FinancialCalculatorKit.xcodeproj
    

SwiftCompile normal arm64 /Users/rogerlin/Library/Developer/Xcode/DerivedData/FinancialCalculatorKit-ackorybalcxbfocbkqsfdzcfkgmn/SourcePackages/checkouts/SwiftDraw/SwiftDraw/LayerTree.Color.swift (in target 'SwiftDraw' from project 'SwiftDraw')
    cd /Users/rogerlin/XCode-Projects/FinancialCalculatorKit-5.0-updated-accent-colors/FinancialCalculatorKit.xcodeproj
    

SwiftDriver\ Compilation XCTestDynamicOverlay normal arm64 com.apple.xcode.tools.swift.compiler (in target 'XCTestDynamicOverlay' from project 'xctest-dynamic-overlay')
    cd /Users/rogerlin/XCode-Projects/FinancialCalculatorKit-5.0-updated-accent-colors/FinancialCalculatorKit.xcodeproj
    builtin-Swift-Compilation -- /Applications/Xcode.app/Contents/Developer/Toolchains/XcodeDefault.xctoolchain/usr/bin/swiftc -module-name XCTestDynamicOverlay -Onone -enforce-exclusivity\=checked @/Users/rogerlin/Library/Developer/Xcode/DerivedData/FinancialCalculatorKit-ackorybalcxbfocbkqsfdzcfkgmn/Build/Intermediates.noindex/xctest-dynamic-overlay.build/Debug/XCTestDynamicOverlay.build/Objects-normal/arm64/XCTestDynamicOverlay.SwiftFileList -DSWIFT_PACKAGE -DDEBUG -DSWIFT_MODULE_RESOURCE_BUNDLE_UNAVAILABLE -DXcode -plugin-path /Applications/Xcode.app/Contents/Developer/Toolchains/XcodeDefault.xctoolchain/usr/lib/swift/host/plugins/testing -enable-experimental-feature DebugDescriptionMacro -sdk /Applications/Xcode.app/Contents/Developer/Platforms/MacOSX.platform/Developer/SDKs/MacOSX26.1.sdk -target arm64-apple-macos10.15 -g -module-cache-path /Users/rogerlin/Library/Developer/Xcode/DerivedData/ModuleCache.noindex -Xfrontend -serialize-debugging-options -profile-coverage-mapping -profile-generate -enable-testing -suppress-warnings -index-store-path /Users/rogerlin/Library/Developer/Xcode/DerivedData/FinancialCalculatorKit-ackorybalcxbfocbkqsfdzcfkgmn/Index.noindex/DataStore -Xcc -D_LIBCPP_HARDENING_MODE\=_LIBCPP_HARDENING_MODE_DEBUG -swift-version 6 -I /Users/rogerlin/Library/Developer/Xcode/DerivedData/FinancialCalculatorKit-ackorybalcxbfocbkqsfdzcfkgmn/Build/Products/Debug -Isystem /Applications/Xcode.app/Contents/Developer/Platforms/MacOSX.platform/Developer/usr/lib -F /Users/rogerlin/Library/Developer/Xcode/DerivedData/FinancialCalculatorKit-ackorybalcxbfocbkqsfdzcfkgmn/Build/Products/Debug/PackageFrameworks -F /Users/rogerlin/Library/Developer/Xcode/DerivedData/FinancialCalculatorKit-ackorybalcxbfocbkqsfdzcfkgmn/Build/Products/Debug -F /Applications/Xcode.app/Contents/Developer/Platforms/MacOSX.platform/Developer/Library/Frameworks -c -j16 -enable-batch-mode -incremental -Xcc -ivfsstatcache -Xcc /Users/rogerlin/Library/Developer/Xcode/DerivedData/SDKStatCaches.noindex/macosx26.1-25B74-3ae1261907bdadc328169391a47051a6.sdkstatcache -output-file-map /Users/rogerlin/Library/Developer/Xcode/DerivedData/FinancialCalculatorKit-ackorybalcxbfocbkqsfdzcfkgmn/Build/Intermediates.noindex/xctest-dynamic-overlay.build/Debug/XCTestDynamicOverlay.build/Objects-normal/arm64/XCTestDynamicOverlay-OutputFileMap.json -use-frontend-parseable-output -save-temps -no-color-diagnostics -explicit-module-build -module-cache-path /Users/rogerlin/Library/Developer/Xcode/DerivedData/FinancialCalculatorKit-ackorybalcxbfocbkqsfdzcfkgmn/Build/Intermediates.noindex/SwiftExplicitPrecompiledModules -clang-scanner-module-cache-path /Users/rogerlin/Library/Developer/Xcode/DerivedData/ModuleCache.noindex -sdk-module-cache-path /Users/rogerlin/Library/Developer/Xcode/DerivedData/ModuleCache.noindex -serialize-diagnostics -emit-dependencies -emit-module -emit-module-path /Users/rogerlin/Library/Developer/Xcode/DerivedData/FinancialCalculatorKit-ackorybalcxbfocbkqsfdzcfkgmn/Build/Intermediates.noindex/xctest-dynamic-overlay.build/Debug/XCTestDynamicOverlay.build/Objects-normal/arm64/XCTestDynamicOverlay.swiftmodule -user-module-version 1.5.2 -validate-clang-modules-once -clang-build-session-file /Users/rogerlin/Library/Developer/Xcode/DerivedData/ModuleCache.noindex/Session.modulevalidation -package-name xctest_dynamic_overlay -Xcc -I/Users/rogerlin/Library/Developer/Xcode/DerivedData/FinancialCalculatorKit-ackorybalcxbfocbkqsfdzcfkgmn/Build/Intermediates.noindex/xctest-dynamic-overlay.build/Debug/XCTestDynamicOverlay.build/swift-overrides.hmap -emit-const-values -Xfrontend -const-gather-protocols-file -Xfrontend /Users/rogerlin/Library/Developer/Xcode/DerivedData/FinancialCalculatorKit-ackorybalcxbfocbkqsfdzcfkgmn/Build/Intermediates.noindex/xctest-dynamic-overlay.build/Debug/XCTestDynamicOverlay.build/Objects-normal/arm64/XCTestDynamicOverlay_const_extract_protocols.json -Xcc -I/Users/rogerlin/Library/Developer/Xcode/DerivedData/FinancialCalculatorKit-ackorybalcxbfocbkqsfdzcfkgmn/Build/Products/Debug/include -Xcc -I/Users/rogerlin/Library/Developer/Xcode/DerivedData/FinancialCalculatorKit-ackorybalcxbfocbkqsfdzcfkgmn/Build/Intermediates.noindex/xctest-dynamic-overlay.build/Debug/XCTestDynamicOverlay.build/DerivedSources-normal/arm64 -Xcc -I/Users/rogerlin/Library/Developer/Xcode/DerivedData/FinancialCalculatorKit-ackorybalcxbfocbkqsfdzcfkgmn/Build/Intermediates.noindex/xctest-dynamic-overlay.build/Debug/XCTestDynamicOverlay.build/DerivedSources/arm64 -Xcc -I/Users/rogerlin/Library/Developer/Xcode/DerivedData/FinancialCalculatorKit-ackorybalcxbfocbkqsfdzcfkgmn/Build/Intermediates.noindex/xctest-dynamic-overlay.build/Debug/XCTestDynamicOverlay.build/DerivedSources -Xcc -DSWIFT_PACKAGE -Xcc -DDEBUG\=1 -emit-objc-header -emit-objc-header-path /Users/rogerlin/Library/Developer/Xcode/DerivedData/FinancialCalculatorKit-ackorybalcxbfocbkqsfdzcfkgmn/Build/Intermediates.noindex/xctest-dynamic-overlay.build/Debug/XCTestDynamicOverlay.build/Objects-normal/arm64/XCTestDynamicOverlay-Swift.h -working-directory /Users/rogerlin/XCode-Projects/FinancialCalculatorKit-5.0-updated-accent-colors/FinancialCalculatorKit.xcodeproj -experimental-emit-module-separately -disable-cmo

    Task input dependencies:
        /Users/rogerlin/Library/Developer/Xcode/DerivedData/FinancialCalculatorKit-ackorybalcxbfocbkqsfdzcfkgmn/SourcePackages/checkouts/xctest-dynamic-overlay/Sources/XCTestDynamicOverlay/Internal/Deprecations.swift
        /Users/rogerlin/Library/Developer/Xcode/DerivedData/FinancialCalculatorKit-ackorybalcxbfocbkqsfdzcfkgmn/SourcePackages/checkouts/xctest-dynamic-overlay/Sources/XCTestDynamicOverlay/Internal/Exports.swift
        /Users/rogerlin/Library/Developer/Xcode/DerivedData/FinancialCalculatorKit-ackorybalcxbfocbkqsfdzcfkgmn/Build/Intermediates.noindex/xctest-dynamic-overlay.build/Debug/XCTestDynamicOverlay.build/Objects-normal/arm64/XCTestDynamicOverlay.SwiftFileList
        /Users/rogerlin/Library/Developer/Xcode/DerivedData/FinancialCalculatorKit-ackorybalcxbfocbkqsfdzcfkgmn/Build/Intermediates.noindex/xctest-dynamic-overlay.build/Debug/XCTestDynamicOverlay.build/Objects-normal/arm64/XCTestDynamicOverlay-OutputFileMap.json
        /Users/rogerlin/Library/Developer/Xcode/DerivedData/FinancialCalculatorKit-ackorybalcxbfocbkqsfdzcfkgmn/Build/Intermediates.noindex/xctest-dynamic-overlay.build/Debug/XCTestDynamicOverlay.build/Objects-normal/arm64/XCTestDynamicOverlay_const_extract_protocols.json
        /Users/rogerlin/Library/Developer/Xcode/DerivedData/FinancialCalculatorKit-ackorybalcxbfocbkqsfdzcfkgmn/Build/Intermediates.noindex/GeneratedModuleMaps/XCTestDynamicOverlay.modulemap
        /Users/rogerlin/Library/Developer/Xcode/DerivedData/FinancialCalculatorKit-ackorybalcxbfocbkqsfdzcfkgmn/SourcePackages/checkouts/xctest-dynamic-overlay/Sources/XCTestDynamicOverlay/Internal/Deprecations.swift
        /Users/rogerlin/Library/Developer/Xcode/DerivedData/FinancialCalculatorKit-ackorybalcxbfocbkqsfdzcfkgmn/SourcePackages/checkouts/xctest-dynamic-overlay/Sources/XCTestDynamicOverlay/Internal/Exports.swift
        /Users/rogerlin/Library/Developer/Xcode/DerivedData/FinancialCalculatorKit-ackorybalcxbfocbkqsfdzcfkgmn/Build/Intermediates.noindex/xctest-dynamic-overlay.build/Debug/XCTestDynamicOverlay.build/Objects-normal/arm64/XCTestDynamicOverlay.SwiftFileList
        /Users/rogerlin/Library/Developer/Xcode/DerivedData/FinancialCalculatorKit-ackorybalcxbfocbkqsfdzcfkgmn/Build/Intermediates.noindex/xctest-dynamic-overlay.build/Debug/XCTestDynamicOverlay.build/Objects-normal/arm64/XCTestDynamicOverlay-OutputFileMap.json
        /Users/rogerlin/Library/Developer/Xcode/DerivedData/FinancialCalculatorKit-ackorybalcxbfocbkqsfdzcfkgmn/Build/Intermediates.noindex/xctest-dynamic-overlay.build/Debug/XCTestDynamicOverlay.build/Objects-normal/arm64/XCTestDynamicOverlay_const_extract_protocols.json
        /Users/rogerlin/Library/Developer/Xcode/DerivedData/FinancialCalculatorKit-ackorybalcxbfocbkqsfdzcfkgmn/Build/Intermediates.noindex/GeneratedModuleMaps/XCTestDynamicOverlay.modulemap
        <ClangStatCache /Users/rogerlin/Library/Developer/Xcode/DerivedData/SDKStatCaches.noindex/macosx26.1-25B74-3ae1261907bdadc328169391a47051a6.sdkstatcache>
        <target-XCTestDynamicOverlay-PACKAGE-TARGET:XCTestDynamicOverlay-SDKROOT:macosx:SDK_VARIANT:macos-generated-headers>
        <target-XCTestDynamicOverlay-PACKAGE-TARGET:XCTestDynamicOverlay-SDKROOT:macosx:SDK_VARIANT:macos-copy-headers-completion>
        <target-XCTestDynamicOverlay-PACKAGE-TARGET:XCTestDynamicOverlay-SDKROOT:macosx:SDK_VARIANT:macos-ModuleVerifierTaskProducer>
        <target-XCTestDynamicOverlay-PACKAGE-TARGET:XCTestDynamicOverlay-SDKROOT:macosx:SDK_VARIANT:macos-begin-compiling>
        <WorkspaceHeaderMapVFSFilesWritten>

    Task output dependencies:
        /Users/rogerlin/Library/Developer/Xcode/DerivedData/FinancialCalculatorKit-ackorybalcxbfocbkqsfdzcfkgmn/Build/Intermediates.noindex/xctest-dynamic-overlay.build/Debug/XCTestDynamicOverlay.build/Objects-normal/arm64/XCTestDynamicOverlay Swift Compilation Finished
        /Users/rogerlin/Library/Developer/Xcode/DerivedData/FinancialCalculatorKit-ackorybalcxbfocbkqsfdzcfkgmn/Build/Intermediates.noindex/xctest-dynamic-overlay.build/Debug/XCTestDynamicOverlay.build/Objects-normal/arm64/Deprecations.o
        /Users/rogerlin/Library/Developer/Xcode/DerivedData/FinancialCalculatorKit-ackorybalcxbfocbkqsfdzcfkgmn/Build/Intermediates.noindex/xctest-dynamic-overlay.build/Debug/XCTestDynamicOverlay.build/Objects-normal/arm64/Exports.o
        /Users/rogerlin/Library/Developer/Xcode/DerivedData/FinancialCalculatorKit-ackorybalcxbfocbkqsfdzcfkgmn/Build/Intermediates.noindex/xctest-dynamic-overlay.build/Debug/XCTestDynamicOverlay.build/Objects-normal/arm64/Deprecations.swiftconstvalues
        /Users/rogerlin/Library/Developer/Xcode/DerivedData/FinancialCalculatorKit-ackorybalcxbfocbkqsfdzcfkgmn/Build/Intermediates.noindex/xctest-dynamic-overlay.build/Debug/XCTestDynamicOverlay.build/Objects-normal/arm64/Exports.swiftconstvalues
Discovered dependency nodes:
/Applications/Xcode.app/Contents/Developer/Platforms/MacOSX.platform/Developer/SDKs/MacOSX26.1.sdk/System/Library/Frameworks/CFNetwork.framework/Modules/module.modulemap
/Applications/Xcode.app/Contents/Developer/Platforms/MacOSX.platform/Developer/SDKs/MacOSX26.1.sdk/System/Library/Frameworks/CFNetwork.framework/Headers/CFNetwork.h
/Applications/Xcode.app/Contents/Developer/Platforms/MacOSX.platform/Developer/SDKs/MacOSX26.1.sdk/System/Library/Frameworks/CoreFoundation.framework/Modules/module.modulemap
/Applications/Xcode.app/Contents/Developer/Platforms/MacOSX.platform/Developer/SDKs/MacOSX26.1.sdk/System/Library/Frameworks/CFNetwork.framework/Headers/CFNetworkDefs.h
/Applications/Xcode.app/Contents/Developer/Platforms/MacOSX.platform/Developer/SDKs/MacOSX26.1.sdk/usr/include/Darwin.modulemap
/Applications/Xcode.app/Contents/Developer/Platforms/MacOSX.platform/Developer/SDKs/MacOSX26.1.sdk/System/Library/Frameworks/CFNetwork.framework/Headers/CFNetworkErrors.h
/Applications/Xcode.app/Contents/Developer/Platforms/MacOSX.platform/Developer/SDKs/MacOSX26.1.sdk/System/Library/Frameworks/CFNetwork.framework/Headers/CFSocketStream.h
/Applications/Xcode.app/Contents/Developer/Platforms/MacOSX.platform/Developer/SDKs/MacOSX26.1.sdk/System/Library/Frameworks/CFNetwork.framework/Headers/CFHost.h
/Applications/Xcode.app/Contents/Developer/Platforms/MacOSX.platform/Developer/SDKs/MacOSX26.1.sdk/System/Library/Frameworks/CFNetwork.framework/Headers/CFNetServices.h
/Applications/Xcode.app/Contents/Developer/Platforms/MacOSX.platform/Developer/SDKs/MacOSX26.1.sdk/System/Library/Frameworks/CFNetwork.framework/Headers/CFFTPStream.h
/Applications/Xcode.app/Contents/Developer/Platforms/MacOSX.platform/Developer/SDKs/MacOSX26.1.sdk/System/Library/Frameworks/CFNetwork.framework/Headers/CFHTTPMessage.h
/Applications/Xcode.app/Contents/Developer/Platforms/MacOSX.platform/Developer/SDKs/MacOSX26.1.sdk/System/Library/Frameworks/CFNetwork.framework/Headers/CFHTTPStream.h
/Applications/Xcode.app/Contents/Developer/Platforms/MacOSX.platform/Developer/SDKs/MacOSX26.1.sdk/System/Library/Frameworks/CFNetwork.framework/Headers/CFHTTPAuthentication.h
/Applications/Xcode.app/Contents/Developer/Platforms/MacOSX.platform/Developer/SDKs/MacOSX26.1.sdk/System/Library/Frameworks/CFNetwork.framework/Headers/CFNetDiagnostics.h
/Applications/Xcode.app/Contents/Developer/Toolchains/XcodeDefault.xctoolchain/usr/lib/swift/clang/include/module.modulemap
/Applications/Xcode.app/Contents/Developer/Platforms/MacOSX.platform/Developer/SDKs/MacOSX26.1.sdk/System/Library/Frameworks/CFNetwork.framework/Headers/CFProxySupport.h
/Applications/Xcode.app/Contents/Developer/Platforms/MacOSX.platform/Developer/SDKs/MacOSX26.1.sdk/SDKSettings.json
/Applications/Xcode.app/Contents/Developer/Toolchains/XcodeDefault.xctoolchain/usr/lib/swift/macosx/prebuilt-modules/26.1/Combine.swiftmodule/arm64e-apple-macos.swiftmodule
/Applications/Xcode.app/Contents/Developer/Toolchains/XcodeDefault.xctoolchain/usr/lib/swift/macosx/prebuilt-modules/26.1/CoreFoundation.swiftmodule/arm64e-apple-macos.swiftmodule
/Applications/Xcode.app/Contents/Developer/Platforms/MacOSX.platform/Developer/SDKs/MacOSX26.1.sdk/System/Library/Frameworks/CoreFoundation.framework/Modules/module.modulemap
/Applications/Xcode.app/Contents/Developer/Platforms/MacOSX.platform/Developer/SDKs/MacOSX26.1.sdk/System/Library/Frameworks/CoreFoundation.framework/Headers/CoreFoundation.h
/Applications/Xcode.app/Contents/Developer/Platforms/MacOSX.platform/Developer/SDKs/MacOSX26.1.sdk/usr/include/dispatch.modulemap
/Applications/Xcode.app/Contents/Developer/Platforms/MacOSX.platform/Developer/SDKs/MacOSX26.1.sdk/usr/include/Darwin.modulemap
/Applications/Xcode.app/Contents/Developer/Platforms/MacOSX.platform/Developer/SDKs/MacOSX26.1.sdk/usr/include/Darwin_C.modulemap
/Applications/Xcode.app/Contents/Developer/Platforms/MacOSX.platform/Developer/SDKs/MacOSX26.1.sdk/usr/include/Darwin_POSIX.modulemap
/Applications/Xcode.app/Contents/Developer/Platforms/MacOSX.platform/Developer/SDKs/MacOSX26.1.sdk/usr/include/net.modulemap
/Applications/Xcode.app/Contents/Developer/Platforms/MacOSX.platform/Developer/SDKs/MacOSX26.1.sdk/usr/include/netinet.modulemap
/Applications/Xcode.app/Contents/Developer/Platforms/MacOSX.platform/Developer/SDKs/MacOSX26.1.sdk/usr/include/bank.modulemap
/Applications/Xcode.app/Contents/Developer/Platforms/MacOSX.platform/Developer/SDKs/MacOSX26.1.sdk/usr/include/Darwin_Mach.modulemap
/Applications/Xcode.app/Contents/Developer/Platforms/MacOSX.platform/Developer/SDKs/MacOSX26.1.sdk/usr/include/Darwin_Mach_machine.modulemap
/Applications/Xcode.app/Contents/Developer/Platforms/MacOSX.platform/Developer/SDKs/MacOSX26.1.sdk/usr/include/mach_debug.modulemap
/Applications/Xcode.app/Contents/Developer/Platforms/MacOSX.platform/Developer/SDKs/MacOSX26.1.sdk/usr/include/device.modulemap
/Applications/Xcode.app/Contents/Developer/Platforms/MacOSX.platform/Developer/SDKs/MacOSX26.1.sdk/usr/include/Darwin_machine.modulemap
/Applications/Xcode.app/Contents/Developer/Platforms/MacOSX.platform/Developer/SDKs/MacOSX26.1.sdk/usr/include/ncurses.modulemap
/Applications/Xcode.app/Contents/Developer/Platforms/MacOSX.platform/Developer/SDKs/MacOSX26.1.sdk/usr/include/netinet6.modulemap
/Applications/Xcode.app/Contents/Developer/Platforms/MacOSX.platform/Developer/SDKs/MacOSX26.1.sdk/usr/include/Darwin_sys.modulemap
/Applications/Xcode.app/Contents/Developer/Platforms/MacOSX.platform/Developer/SDKs/MacOSX26.1.sdk/usr/include/uuid.modulemap
/Applications/Xcode.app/Contents/Developer/Platforms/MacOSX.platform/Developer/SDKs/MacOSX26.1.sdk/usr/include/DarwinFoundation2.modulemap
/Applications/Xcode.app/Contents/Developer/Platforms/MacOSX.platform/Developer/SDKs/MacOSX26.1.sdk/usr/include/DarwinFoundation3.modulemap
/Applications/Xcode.app/Contents/Developer/Platforms/MacOSX.platform/Developer/SDKs/MacOSX26.1.sdk/usr/include/DarwinFoundation1.modulemap
/Applications/Xcode.app/Contents/Developer/Toolchains/XcodeDefault.xctoolchain/usr/lib/swift/clang/include/module.modulemap
/Applications/Xcode.app/Contents/Developer/Toolchains/XcodeDefault.xctoolchain/usr/lib/swift/clang/include/stdarg.h
/Applications/Xcode.app/Contents/Developer/Platforms/MacOSX.platform/Developer/SDKs/MacOSX26.1.sdk/usr/include/assert.h
/Applications/Xcode.app/Contents/Developer/Platforms/MacOSX.platform/Developer/SDKs/MacOSX26.1.sdk/usr/include/ctype.h
/Applications/Xcode.app/Contents/Developer/Toolchains/XcodeDefault.xctoolchain/usr/lib/swift/clang/include/stddef.h
/Applications/Xcode.app/Contents/Developer/Platforms/MacOSX.platform/Developer/SDKs/MacOSX26.1.sdk/usr/include/stdio.h
/Applications/Xcode.app/Contents/Developer/Platforms/MacOSX.platform/Developer/SDKs/MacOSX26.1.sdk/usr/include/stdlib.h
/Applications/Xcode.app/Contents/Developer/Platforms/MacOSX.platform/Developer/SDKs/MacOSX26.1.sdk/usr/include/string.h
/Applications/Xcode.app/Contents/Developer/Platforms/MacOSX.platform/Developer/SDKs/MacOSX26.1.sdk/usr/include/time.h
/Applications/Xcode.app/Contents/Developer/Platforms/MacOSX.platform/Developer/SDKs/MacOSX26.1.sdk/System/Library/Frameworks/CoreFoundation.framework/Headers/CFBase.h
/Applications/Xcode.app/Contents/Developer/Platforms/MacOSX.platform/Developer/SDKs/MacOSX26.1.sdk/System/Library/Frameworks/CoreFoundation.framework/Headers/CFAvailability.h
/Applications/Xcode.app/Contents/Developer/Platforms/MacOSX.platform/Developer/SDKs/MacOSX26.1.sdk/System/Library/Frameworks/CoreFoundation.framework/Headers/CFArray.h
/Applications/Xcode.app/Contents/Developer/Platforms/MacOSX.platform/Developer/SDKs/MacOSX26.1.sdk/System/Library/Frameworks/CoreFoundation.framework/Headers/CFBag.h
/Applications/Xcode.app/Contents/Developer/Platforms/MacOSX.platform/Developer/SDKs/MacOSX26.1.sdk/System/Library/Frameworks/CoreFoundation.framework/Headers/CFBinaryHeap.h
/Applications/Xcode.app/Contents/Developer/Platforms/MacOSX.platform/Developer/SDKs/MacOSX26.1.sdk/System/Library/Frameworks/CoreFoundation.framework/Headers/CFBitVector.h
/Applications/Xcode.app/Contents/Developer/Platforms/MacOSX.platform/Developer/SDKs/MacOSX26.1.sdk/System/Library/Frameworks/CoreFoundation.framework/Headers/CFByteOrder.h
/Applications/Xcode.app/Contents/Developer/Platforms/MacOSX.platform/Developer/SDKs/MacOSX26.1.sdk/System/Library/Frameworks/CoreFoundation.framework/Headers/CFCalendar.h
/Applications/Xcode.app/Contents/Developer/Platforms/MacOSX.platform/Developer/SDKs/MacOSX26.1.sdk/System/Library/Frameworks/CoreFoundation.framework/Headers/CFLocale.h
/Applications/Xcode.app/Contents/Developer/Platforms/MacOSX.platform/Developer/SDKs/MacOSX26.1.sdk/System/Library/Frameworks/CoreFoundation.framework/Headers/CFDictionary.h
/Applications/Xcode.app/Contents/Developer/Platforms/MacOSX.platform/Developer/SDKs/MacOSX26.1.sdk/System/Library/Frameworks/CoreFoundation.framework/Headers/CFNotificationCenter.h
/Applications/Xcode.app/Contents/Developer/Platforms/MacOSX.platform/Developer/SDKs/MacOSX26.1.sdk/System/Library/Frameworks/CoreFoundation.framework/Headers/CFDate.h
/Applications/Xcode.app/Contents/Developer/Platforms/MacOSX.platform/Developer/SDKs/MacOSX26.1.sdk/System/Library/Frameworks/CoreFoundation.framework/Headers/CFTimeZone.h
/Applications/Xcode.app/Contents/Developer/Platforms/MacOSX.platform/Developer/SDKs/MacOSX26.1.sdk/System/Library/Frameworks/CoreFoundation.framework/Headers/CFData.h
/Applications/Xcode.app/Contents/Developer/Platforms/MacOSX.platform/Developer/SDKs/MacOSX26.1.sdk/System/Library/Frameworks/CoreFoundation.framework/Headers/CFString.h
/Applications/Xcode.app/Contents/Developer/Platforms/MacOSX.platform/Developer/SDKs/MacOSX26.1.sdk/System/Library/Frameworks/CoreFoundation.framework/Headers/CFCharacterSet.h
/Applications/Xcode.app/Contents/Developer/Platforms/MacOSX.platform/Developer/SDKs/MacOSX26.1.sdk/System/Library/Frameworks/CoreFoundation.framework/Headers/CFError.h
/Applications/Xcode.app/Contents/Developer/Platforms/MacOSX.platform/Developer/SDKs/MacOSX26.1.sdk/System/Library/Frameworks/CoreFoundation.framework/Headers/CFCGTypes.h
/Applications/Xcode.app/Contents/Developer/Platforms/MacOSX.platform/Developer/SDKs/MacOSX26.1.sdk/System/Library/Frameworks/CoreFoundation.framework/Headers/CFDateFormatter.h
/Applications/Xcode.app/Contents/Developer/Platforms/MacOSX.platform/Developer/SDKs/MacOSX26.1.sdk/System/Library/Frameworks/CoreFoundation.framework/Headers/CFNumber.h
/Applications/Xcode.app/Contents/Developer/Platforms/MacOSX.platform/Developer/SDKs/MacOSX26.1.sdk/System/Library/Frameworks/CoreFoundation.framework/Headers/CFNumberFormatter.h
/Applications/Xcode.app/Contents/Developer/Platforms/MacOSX.platform/Developer/SDKs/MacOSX26.1.sdk/System/Library/Frameworks/CoreFoundation.framework/Headers/CFPreferences.h
/Applications/Xcode.app/Contents/Developer/Platforms/MacOSX.platform/Developer/SDKs/MacOSX26.1.sdk/System/Library/Frameworks/CoreFoundation.framework/Headers/CFPropertyList.h
/Applications/Xcode.app/Contents/Developer/Platforms/MacOSX.platform/Developer/SDKs/MacOSX26.1.sdk/System/Library/Frameworks/CoreFoundation.framework/Headers/CFStream.h
/Applications/Xcode.app/Contents/Developer/Platforms/MacOSX.platform/Developer/SDKs/MacOSX26.1.sdk/System/Library/Frameworks/CoreFoundation.framework/Headers/CFURL.h
/Applications/Xcode.app/Contents/Developer/Platforms/MacOSX.platform/Developer/SDKs/MacOSX26.1.sdk/System/Library/Frameworks/CoreFoundation.framework/Headers/CFRunLoop.h
/Applications/Xcode.app/Contents/Developer/Platforms/MacOSX.platform/Developer/SDKs/MacOSX26.1.sdk/System/Library/Frameworks/CoreFoundation.framework/Headers/CFSocket.h
/Applications/Xcode.app/Contents/Developer/Platforms/MacOSX.platform/Developer/SDKs/MacOSX26.1.sdk/System/Library/Frameworks/CoreFoundation.framework/Headers/CFSet.h
/Applications/Xcode.app/Contents/Developer/Platforms/MacOSX.platform/Developer/SDKs/MacOSX26.1.sdk/System/Library/Frameworks/CoreFoundation.framework/Headers/CFStringEncodingExt.h
/Applications/Xcode.app/Contents/Developer/Platforms/MacOSX.platform/Developer/SDKs/MacOSX26.1.sdk/System/Library/Frameworks/CoreFoundation.framework/Headers/CFTree.h
/Applications/Xcode.app/Contents/Developer/Platforms/MacOSX.platform/Developer/SDKs/MacOSX26.1.sdk/System/Library/Frameworks/CoreFoundation.framework/Headers/CFURLAccess.h
/Applications/Xcode.app/Contents/Developer/Platforms/MacOSX.platform/Developer/SDKs/MacOSX26.1.sdk/System/Library/Frameworks/CoreFoundation.framework/Headers/CFUUID.h
/Applications/Xcode.app/Contents/Developer/Platforms/MacOSX.platform/Developer/SDKs/MacOSX26.1.sdk/System/Library/Frameworks/CoreFoundation.framework/Headers/CFUtilities.h
/Applications/Xcode.app/Contents/Developer/Platforms/MacOSX.platform/Developer/SDKs/MacOSX26.1.sdk/System/Library/Frameworks/CoreFoundation.framework/Headers/CFBundle.h
/Applications/Xcode.app/Contents/Developer/Platforms/MacOSX.platform/Developer/SDKs/MacOSX26.1.sdk/System/Library/Frameworks/CoreFoundation.framework/Headers/CFMessagePort.h
/Applications/Xcode.app/Contents/Developer/Platforms/MacOSX.platform/Developer/SDKs/MacOSX26.1.sdk/System/Library/Frameworks/CoreFoundation.framework/Headers/CFPlugIn.h
/Applications/Xcode.app/Contents/Developer/Platforms/MacOSX.platform/Developer/SDKs/MacOSX26.1.sdk/System/Library/Frameworks/CoreFoundation.framework/Headers/CFMachPort.h
/Applications/Xcode.app/Contents/Developer/Platforms/MacOSX.platform/Developer/SDKs/MacOSX26.1.sdk/System/Library/Frameworks/CoreFoundation.framework/Headers/CFAttributedString.h
/Applications/Xcode.app/Contents/Developer/Platforms/MacOSX.platform/Developer/SDKs/MacOSX26.1.sdk/System/Library/Frameworks/CoreFoundation.framework/Headers/CFURLEnumerator.h
/Applications/Xcode.app/Contents/Developer/Platforms/MacOSX.platform/Developer/SDKs/MacOSX26.1.sdk/System/Library/Frameworks/CoreFoundation.framework/Headers/CFFileSecurity.h
/Applications/Xcode.app/Contents/Developer/Platforms/MacOSX.platform/Developer/SDKs/MacOSX26.1.sdk/System/Library/Frameworks/CoreFoundation.framework/Headers/CFStringTokenizer.h
/Applications/Xcode.app/Contents/Developer/Platforms/MacOSX.platform/Developer/SDKs/MacOSX26.1.sdk/System/Library/Frameworks/CoreFoundation.framework/Headers/CFFileDescriptor.h
/Applications/Xcode.app/Contents/Developer/Platforms/MacOSX.platform/Developer/SDKs/MacOSX26.1.sdk/System/Library/Frameworks/CoreFoundation.framework/Headers/CFUserNotification.h
/Applications/Xcode.app/Contents/Developer/Platforms/MacOSX.platform/Developer/SDKs/MacOSX26.1.sdk/System/Library/Frameworks/CoreFoundation.framework/Headers/CFXMLNode.h
/Applications/Xcode.app/Contents/Developer/Platforms/MacOSX.platform/Developer/SDKs/MacOSX26.1.sdk/System/Library/Frameworks/CoreFoundation.framework/Headers/CFXMLParser.h
/Applications/Xcode.app/Contents/Developer/Platforms/MacOSX.platform/Developer/SDKs/MacOSX26.1.sdk/System/Library/Frameworks/CoreFoundation.framework/Headers/CFPlugInCOM.h
/Applications/Xcode.app/Contents/Developer/Platforms/MacOSX.platform/Developer/SDKs/MacOSX26.1.sdk/SDKSettings.json
/Applications/Xcode.app/Contents/Developer/Platforms/MacOSX.platform/Developer/SDKs/MacOSX26.1.sdk/System/Library/Frameworks/CoreServices.framework/Modules/module.modulemap
/Applications/Xcode.app/Contents/Developer/Platforms/MacOSX.platform/Developer/SDKs/MacOSX26.1.sdk/System/Library/Frameworks/CoreServices.framework/Headers/CoreServices.h
/Applications/Xcode.app/Contents/Developer/Platforms/MacOSX.platform/Developer/SDKs/MacOSX26.1.sdk/System/Library/Frameworks/CoreFoundation.framework/Modules/module.modulemap
/Applications/Xcode.app/Contents/Developer/Platforms/MacOSX.platform/Developer/SDKs/MacOSX26.1.sdk/System/Library/Frameworks/CoreServices.framework/Frameworks/AE.framework/Headers/AE.h
/Applications/Xcode.app/Contents/Developer/Platforms/MacOSX.platform/Developer/SDKs/MacOSX26.1.sdk/System/Library/Frameworks/CoreServices.framework/Frameworks/CarbonCore.framework/Headers/CarbonCore.h
/Applications/Xcode.app/Contents/Developer/Platforms/MacOSX.platform/Developer/SDKs/MacOSX26.1.sdk/System/Library/Frameworks/CoreServices.framework/Frameworks/CarbonCore.framework/Headers/Finder.h
/Applications/Xcode.app/Contents/Developer/Platforms/MacOSX.platform/Developer/SDKs/MacOSX26.1.sdk/usr/include/dispatch.modulemap
/Applications/Xcode.app/Contents/Developer/Platforms/MacOSX.platform/Developer/SDKs/MacOSX26.1.sdk/usr/include/Darwin.modulemap
/Applications/Xcode.app/Contents/Developer/Platforms/MacOSX.platform/Developer/SDKs/MacOSX26.1.sdk/usr/include/DarwinFoundation2.modulemap
/Applications/Xcode.app/Contents/Developer/Platforms/MacOSX.platform/Developer/SDKs/MacOSX26.1.sdk/usr/include/DarwinFoundation1.modulemap
/Applications/Xcode.app/Contents/Developer/Platforms/MacOSX.platform/Developer/SDKs/MacOSX26.1.sdk/System/Library/Frameworks/CoreServices.framework/Frameworks/CarbonCore.framework/Headers/FixMath.h
/Applications/Xcode.app/Contents/Developer/Platforms/MacOSX.platform/Developer/SDKs/MacOSX26.1.sdk/System/Library/Frameworks/CoreServices.framework/Frameworks/CarbonCore.framework/Headers/Script.h
/Applications/Xcode.app/Contents/Developer/Platforms/MacOSX.platform/Developer/SDKs/MacOSX26.1.sdk/System/Library/Frameworks/CoreServices.framework/Frameworks/CarbonCore.framework/Headers/IntlResources.h
/Applications/Xcode.app/Contents/Developer/Platforms/MacOSX.platform/Developer/SDKs/MacOSX26.1.sdk/System/Library/Frameworks/CoreServices.framework/Frameworks/CarbonCore.framework/Headers/UTCUtils.h
/Applications/Xcode.app/Contents/Developer/Platforms/MacOSX.platform/Developer/SDKs/MacOSX26.1.sdk/System/Library/Frameworks/CoreServices.framework/Frameworks/CarbonCore.framework/Headers/MacErrors.h
/Applications/Xcode.app/Contents/Developer/Platforms/MacOSX.platform/Developer/SDKs/MacOSX26.1.sdk/System/Library/Frameworks/CoreServices.framework/Frameworks/CarbonCore.framework/Headers/TextCommon.h
/Applications/Xcode.app/Contents/Developer/Platforms/MacOSX.platform/Developer/SDKs/MacOSX26.1.sdk/System/Library/Frameworks/CoreServices.framework/Frameworks/CarbonCore.framework/Headers/Collections.h
/Applications/Xcode.app/Contents/Developer/Platforms/MacOSX.platform/Developer/SDKs/MacOSX26.1.sdk/System/Library/Frameworks/CoreServices.framework/Frameworks/CarbonCore.framework/Headers/MixedMode.h
/Applications/Xcode.app/Contents/Developer/Platforms/MacOSX.platform/Developer/SDKs/MacOSX26.1.sdk/System/Library/Frameworks/CoreServices.framework/Frameworks/CarbonCore.framework/Headers/Endian.h
/Applications/Xcode.app/Contents/Developer/Platforms/MacOSX.platform/Developer/SDKs/MacOSX26.1.sdk/System/Library/Frameworks/CoreServices.framework/Frameworks/CarbonCore.framework/Headers/Gestalt.h
/Applications/Xcode.app/Contents/Developer/Platforms/MacOSX.platform/Developer/SDKs/MacOSX26.1.sdk/System/Library/Frameworks/CoreServices.framework/Frameworks/CarbonCore.framework/Headers/MacMemory.h
/Applications/Xcode.app/Contents/Developer/Platforms/MacOSX.platform/Developer/SDKs/MacOSX26.1.sdk/System/Library/Frameworks/CoreServices.framework/Frameworks/CarbonCore.framework/Headers/Math64.h
/Applications/Xcode.app/Contents/Developer/Platforms/MacOSX.platform/Developer/SDKs/MacOSX26.1.sdk/System/Library/Frameworks/CoreServices.framework/Frameworks/CarbonCore.framework/Headers/BackupCore.h
/Applications/Xcode.app/Contents/Developer/Platforms/MacOSX.platform/Developer/SDKs/MacOSX26.1.sdk/System/Library/Frameworks/CoreServices.framework/Frameworks/CarbonCore.framework/Headers/DiskSpaceRecovery.h
/Applications/Xcode.app/Contents/Developer/Platforms/MacOSX.platform/Developer/SDKs/MacOSX26.1.sdk/System/Library/Frameworks/CoreServices.framework/Frameworks/CarbonCore.framework/Headers/Components.h
/Applications/Xcode.app/Contents/Developer/Platforms/MacOSX.platform/Developer/SDKs/MacOSX26.1.sdk/System/Library/Frameworks/CoreServices.framework/Frameworks/CarbonCore.framework/Headers/Files.h
/Applications/Xcode.app/Contents/Developer/Platforms/MacOSX.platform/Developer/SDKs/MacOSX26.1.sdk/System/Library/Frameworks/CoreServices.framework/Frameworks/CarbonCore.framework/Headers/OSUtils.h
/Applications/Xcode.app/Contents/Developer/Platforms/MacOSX.platform/Developer/SDKs/MacOSX26.1.sdk/System/Library/Frameworks/CoreServices.framework/Frameworks/CarbonCore.framework/Headers/DateTimeUtils.h
/Applications/Xcode.app/Contents/Developer/Platforms/MacOSX.platform/Developer/SDKs/MacOSX26.1.sdk/System/Library/Frameworks/DiskArbitration.framework/Modules/module.modulemap
/Applications/Xcode.app/Contents/Developer/Platforms/MacOSX.platform/Developer/SDKs/MacOSX26.1.sdk/System/Library/Frameworks/CoreServices.framework/Frameworks/CarbonCore.framework/Headers/Resources.h
/Applications/Xcode.app/Contents/Developer/Platforms/MacOSX.platform/Developer/SDKs/MacOSX26.1.sdk/System/Library/Frameworks/CoreServices.framework/Frameworks/CarbonCore.framework/Headers/CodeFragments.h
/Applications/Xcode.app/Contents/Developer/Platforms/MacOSX.platform/Developer/SDKs/MacOSX26.1.sdk/System/Library/Frameworks/CoreServices.framework/Frameworks/CarbonCore.framework/Headers/Multiprocessing.h
/Applications/Xcode.app/Contents/Developer/Platforms/MacOSX.platform/Developer/SDKs/MacOSX26.1.sdk/System/Library/Frameworks/CoreServices.framework/Frameworks/CarbonCore.framework/Headers/Aliases.h
/Applications/Xcode.app/Contents/Developer/Platforms/MacOSX.platform/Developer/SDKs/MacOSX26.1.sdk/System/Library/Frameworks/CoreServices.framework/Frameworks/CarbonCore.framework/Headers/MacLocales.h
/Applications/Xcode.app/Contents/Developer/Platforms/MacOSX.platform/Developer/SDKs/MacOSX26.1.sdk/System/Library/Frameworks/CoreServices.framework/Frameworks/CarbonCore.framework/Headers/Debugging.h
/Applications/Xcode.app/Contents/Developer/Platforms/MacOSX.platform/Developer/SDKs/MacOSX26.1.sdk/System/Library/Frameworks/CoreServices.framework/Frameworks/CarbonCore.framework/Headers/PLStringFuncs.h
/Applications/Xcode.app/Contents/Developer/Platforms/MacOSX.platform/Developer/SDKs/MacOSX26.1.sdk/System/Library/Frameworks/CoreServices.framework/Frameworks/CarbonCore.framework/Headers/DriverSynchronization.h
/Applications/Xcode.app/Contents/Developer/Platforms/MacOSX.platform/Developer/SDKs/MacOSX26.1.sdk/System/Library/Frameworks/CoreServices.framework/Frameworks/CarbonCore.framework/Headers/DriverServices.h
/Applications/Xcode.app/Contents/Developer/Platforms/MacOSX.platform/Developer/SDKs/MacOSX26.1.sdk/System/Library/Frameworks/CoreServices.framework/Frameworks/CarbonCore.framework/Headers/MachineExceptions.h
/Applications/Xcode.app/Contents/Developer/Platforms/MacOSX.platform/Developer/SDKs/MacOSX26.1.sdk/System/Library/Frameworks/CoreServices.framework/Frameworks/CarbonCore.framework/Headers/NumberFormatting.h
/Applications/Xcode.app/Contents/Developer/Platforms/MacOSX.platform/Developer/SDKs/MacOSX26.1.sdk/System/Library/Frameworks/CoreServices.framework/Frameworks/CarbonCore.framework/Headers/StringCompare.h
/Applications/Xcode.app/Contents/Developer/Platforms/MacOSX.platform/Developer/SDKs/MacOSX26.1.sdk/System/Library/Frameworks/CoreServices.framework/Frameworks/CarbonCore.framework/Headers/TextUtils.h
/Applications/Xcode.app/Contents/Developer/Platforms/MacOSX.platform/Developer/SDKs/MacOSX26.1.sdk/System/Library/Frameworks/CoreServices.framework/Frameworks/CarbonCore.framework/Headers/ToolUtils.h
/Applications/Xcode.app/Contents/Developer/Platforms/MacOSX.platform/Developer/SDKs/MacOSX26.1.sdk/System/Library/Frameworks/CoreServices.framework/Frameworks/CarbonCore.framework/Headers/UnicodeUtilities.h
/Applications/Xcode.app/Contents/Developer/Platforms/MacOSX.platform/Developer/SDKs/MacOSX26.1.sdk/System/Library/Frameworks/CoreServices.framework/Frameworks/CarbonCore.framework/Headers/fp.h
/Applications/Xcode.app/Contents/Developer/Platforms/MacOSX.platform/Developer/SDKs/MacOSX26.1.sdk/System/Library/Frameworks/CoreServices.framework/Frameworks/CarbonCore.framework/Headers/TextEncodingConverter.h
/Applications/Xcode.app/Contents/Developer/Platforms/MacOSX.platform/Developer/SDKs/MacOSX26.1.sdk/System/Library/Frameworks/CoreServices.framework/Frameworks/CarbonCore.framework/Headers/UnicodeConverter.h
/Applications/Xcode.app/Contents/Developer/Platforms/MacOSX.platform/Developer/SDKs/MacOSX26.1.sdk/System/Library/Frameworks/CoreServices.framework/Frameworks/CarbonCore.framework/Headers/Threads.h
/Applications/Xcode.app/Contents/Developer/Platforms/MacOSX.platform/Developer/SDKs/MacOSX26.1.sdk/System/Library/Frameworks/CoreServices.framework/Frameworks/CarbonCore.framework/Headers/Folders.h
/Applications/Xcode.app/Contents/Developer/Platforms/MacOSX.platform/Developer/SDKs/MacOSX26.1.sdk/System/Library/Frameworks/CoreServices.framework/Frameworks/CarbonCore.framework/Headers/Timer.h
/Applications/Xcode.app/Contents/Developer/Platforms/MacOSX.platform/Developer/SDKs/MacOSX26.1.sdk/System/Library/Frameworks/CoreServices.framework/Frameworks/CarbonCore.framework/Headers/MultiprocessingInfo.h
/Applications/Xcode.app/Contents/Developer/Platforms/MacOSX.platform/Developer/SDKs/MacOSX26.1.sdk/System/Library/Frameworks/CoreServices.framework/Frameworks/CarbonCore.framework/Headers/LowMem.h
/Applications/Xcode.app/Contents/Developer/Platforms/MacOSX.platform/Developer/SDKs/MacOSX26.1.sdk/System/Library/Frameworks/CoreServices.framework/Frameworks/CarbonCore.framework/Headers/AVLTree.h
/Applications/Xcode.app/Contents/Developer/Platforms/MacOSX.platform/Developer/SDKs/MacOSX26.1.sdk/System/Library/Frameworks/CoreServices.framework/Frameworks/CarbonCore.framework/Headers/PEFBinaryFormat.h
/Applications/Xcode.app/Contents/Developer/Platforms/MacOSX.platform/Developer/SDKs/MacOSX26.1.sdk/System/Library/Frameworks/CoreServices.framework/Frameworks/CarbonCore.framework/Headers/HFSVolumes.h
/Applications/Xcode.app/Contents/Developer/Platforms/MacOSX.platform/Developer/SDKs/MacOSX26.1.sdk/System/Library/Frameworks/CoreServices.framework/Frameworks/CarbonCore.framework/Headers/AIFF.h
/Applications/Xcode.app/Contents/Developer/Toolchains/XcodeDefault.xctoolchain/usr/lib/swift/clang/include/module.modulemap
/Applications/Xcode.app/Contents/Developer/Platforms/MacOSX.platform/Developer/SDKs/MacOSX26.1.sdk/System/Library/Frameworks/CoreServices.framework/Frameworks/CarbonCore.framework/Headers/TextEncodingPlugin.h
/Applications/Xcode.app/Contents/Developer/Platforms/MacOSX.platform/Developer/SDKs/MacOSX26.1.sdk/System/Library/Frameworks/CoreServices.framework/Frameworks/AE.framework/Headers/AEDataModel.h
/Applications/Xcode.app/Contents/Developer/Platforms/MacOSX.platform/Developer/SDKs/MacOSX26.1.sdk/System/Library/Frameworks/CoreServices.framework/Frameworks/AE.framework/Headers/AppleEvents.h
/Applications/Xcode.app/Contents/Developer/Platforms/MacOSX.platform/Developer/SDKs/MacOSX26.1.sdk/System/Library/Frameworks/CoreServices.framework/Frameworks/AE.framework/Headers/AEPackObject.h
/Applications/Xcode.app/Contents/Developer/Platforms/MacOSX.platform/Developer/SDKs/MacOSX26.1.sdk/System/Library/Frameworks/CoreServices.framework/Frameworks/AE.framework/Headers/AEObjects.h
/Applications/Xcode.app/Contents/Developer/Platforms/MacOSX.platform/Developer/SDKs/MacOSX26.1.sdk/System/Library/Frameworks/CoreServices.framework/Frameworks/AE.framework/Headers/AERegistry.h
/Applications/Xcode.app/Contents/Developer/Platforms/MacOSX.platform/Developer/SDKs/MacOSX26.1.sdk/System/Library/Frameworks/CoreServices.framework/Frameworks/AE.framework/Headers/AEUserTermTypes.h
/Applications/Xcode.app/Contents/Developer/Platforms/MacOSX.platform/Developer/SDKs/MacOSX26.1.sdk/System/Library/Frameworks/CoreServices.framework/Frameworks/AE.framework/Headers/AEHelpers.h
/Applications/Xcode.app/Contents/Developer/Toolchains/XcodeDefault.xctoolchain/usr/lib/swift/clang/include/stdarg.h
/Applications/Xcode.app/Contents/Developer/Platforms/MacOSX.platform/Developer/SDKs/MacOSX26.1.sdk/System/Library/Frameworks/CoreServices.framework/Frameworks/AE.framework/Headers/AEMach.h
/Applications/Xcode.app/Contents/Developer/Platforms/MacOSX.platform/Developer/SDKs/MacOSX26.1.sdk/System/Library/Frameworks/CFNetwork.framework/Modules/module.modulemap
/Applications/Xcode.app/Contents/Developer/Platforms/MacOSX.platform/Developer/SDKs/MacOSX26.1.sdk/System/Library/Frameworks/CoreServices.framework/Frameworks/DictionaryServices.framework/Headers/DictionaryServices.h
/Applications/Xcode.app/Contents/Developer/Platforms/MacOSX.platform/Developer/SDKs/MacOSX26.1.sdk/System/Library/Frameworks/CoreServices.framework/Frameworks/LaunchServices.framework/Headers/LaunchServices.h
/Applications/Xcode.app/Contents/Developer/Platforms/MacOSX.platform/Developer/SDKs/MacOSX26.1.sdk/System/Library/Frameworks/CoreServices.framework/Frameworks/LaunchServices.framework/Headers/IconsCore.h
/Applications/Xcode.app/Contents/Developer/Platforms/MacOSX.platform/Developer/SDKs/MacOSX26.1.sdk/System/Library/Frameworks/CoreServices.framework/Frameworks/OSServices.framework/Headers/OSServices.h
/Applications/Xcode.app/Contents/Developer/Platforms/MacOSX.platform/Developer/SDKs/MacOSX26.1.sdk/System/Library/Frameworks/CoreServices.framework/Frameworks/OSServices.framework/Headers/CSIdentity.h
/Applications/Xcode.app/Contents/Developer/Platforms/MacOSX.platform/Developer/SDKs/MacOSX26.1.sdk/System/Library/Frameworks/CoreServices.framework/Frameworks/OSServices.framework/Headers/CSIdentityBase.h
/Applications/Xcode.app/Contents/Developer/Platforms/MacOSX.platform/Developer/SDKs/MacOSX26.1.sdk/System/Library/Frameworks/Security.framework/Modules/module.modulemap
/Applications/Xcode.app/Contents/Developer/Platforms/MacOSX.platform/Developer/SDKs/MacOSX26.1.sdk/System/Library/Frameworks/CoreServices.framework/Frameworks/OSServices.framework/Headers/CSIdentityAuthority.h
/Applications/Xcode.app/Contents/Developer/Platforms/MacOSX.platform/Developer/SDKs/MacOSX26.1.sdk/System/Library/Frameworks/CoreServices.framework/Frameworks/OSServices.framework/Headers/CSIdentityQuery.h
/Applications/Xcode.app/Contents/Developer/Platforms/MacOSX.platform/Developer/SDKs/MacOSX26.1.sdk/System/Library/Frameworks/CoreServices.framework/Frameworks/OSServices.framework/Headers/IconStorage.h
/Applications/Xcode.app/Contents/Developer/Platforms/MacOSX.platform/Developer/SDKs/MacOSX26.1.sdk/System/Library/Frameworks/CoreServices.framework/Frameworks/OSServices.framework/Headers/Power.h
/Applications/Xcode.app/Contents/Developer/Platforms/MacOSX.platform/Developer/SDKs/MacOSX26.1.sdk/System/Library/Frameworks/CoreServices.framework/Frameworks/OSServices.framework/Headers/SecurityCore.h
/Applications/Xcode.app/Contents/Developer/Platforms/MacOSX.platform/Developer/SDKs/MacOSX26.1.sdk/System/Library/Frameworks/CoreServices.framework/Frameworks/OSServices.framework/Headers/KeychainCore.h
/Applications/Xcode.app/Contents/Developer/Platforms/MacOSX.platform/Developer/SDKs/MacOSX26.1.sdk/System/Library/Frameworks/CoreServices.framework/Frameworks/OSServices.framework/Headers/WSMethodInvocation.h
/Applications/Xcode.app/Contents/Developer/Platforms/MacOSX.platform/Developer/SDKs/MacOSX26.1.sdk/System/Library/Frameworks/CoreServices.framework/Frameworks/OSServices.framework/Headers/WSTypes.h
/Applications/Xcode.app/Contents/Developer/Platforms/MacOSX.platform/Developer/SDKs/MacOSX26.1.sdk/System/Library/Frameworks/CoreServices.framework/Frameworks/OSServices.framework/Headers/WSProtocolHandler.h
/Applications/Xcode.app/Contents/Developer/Platforms/MacOSX.platform/Developer/SDKs/MacOSX26.1.sdk/System/Library/Frameworks/CoreServices.framework/Frameworks/LaunchServices.framework/Headers/LSConstants.h
/Applications/Xcode.app/Contents/Developer/Platforms/MacOSX.platform/Developer/SDKs/MacOSX26.1.sdk/System/Library/Frameworks/CoreServices.framework/Frameworks/LaunchServices.framework/Headers/LSInfo.h
/Applications/Xcode.app/Contents/Developer/Platforms/MacOSX.platform/Developer/SDKs/MacOSX26.1.sdk/System/Library/Frameworks/CoreServices.framework/Frameworks/LaunchServices.framework/Headers/LSInfoDeprecated.h
/Applications/Xcode.app/Contents/Developer/Platforms/MacOSX.platform/Developer/SDKs/MacOSX26.1.sdk/System/Library/Frameworks/CoreServices.framework/Frameworks/LaunchServices.framework/Headers/LSOpen.h
/Applications/Xcode.app/Contents/Developer/Platforms/MacOSX.platform/Developer/SDKs/MacOSX26.1.sdk/System/Library/Frameworks/CoreServices.framework/Frameworks/LaunchServices.framework/Headers/LSOpenDeprecated.h
/Applications/Xcode.app/Contents/Developer/Platforms/MacOSX.platform/Developer/SDKs/MacOSX26.1.sdk/System/Library/Frameworks/CoreServices.framework/Frameworks/LaunchServices.framework/Headers/LSQuarantine.h
/Applications/Xcode.app/Contents/Developer/Platforms/MacOSX.platform/Developer/SDKs/MacOSX26.1.sdk/System/Library/Frameworks/CoreServices.framework/Frameworks/LaunchServices.framework/Headers/UTCoreTypes.h
/Applications/Xcode.app/Contents/Developer/Platforms/MacOSX.platform/Developer/SDKs/MacOSX26.1.sdk/System/Library/Frameworks/CoreServices.framework/Frameworks/LaunchServices.framework/Headers/UTType.h
/Applications/Xcode.app/Contents/Developer/Platforms/MacOSX.platform/Developer/SDKs/MacOSX26.1.sdk/System/Library/Frameworks/CoreServices.framework/Frameworks/Metadata.framework/Headers/Metadata.h
/Applications/Xcode.app/Contents/Developer/Platforms/MacOSX.platform/Developer/SDKs/MacOSX26.1.sdk/System/Library/Frameworks/CoreServices.framework/Frameworks/Metadata.framework/Headers/MDItem.h
/Applications/Xcode.app/Contents/Developer/Platforms/MacOSX.platform/Developer/SDKs/MacOSX26.1.sdk/System/Library/Frameworks/CoreServices.framework/Frameworks/Metadata.framework/Headers/MDLabel.h
/Applications/Xcode.app/Contents/Developer/Platforms/MacOSX.platform/Developer/SDKs/MacOSX26.1.sdk/System/Library/Frameworks/CoreServices.framework/Frameworks/Metadata.framework/Headers/MDQuery.h
/Applications/Xcode.app/Contents/Developer/Platforms/MacOSX.platform/Developer/SDKs/MacOSX26.1.sdk/System/Library/Frameworks/CoreServices.framework/Frameworks/Metadata.framework/Headers/MDSchema.h
/Applications/Xcode.app/Contents/Developer/Platforms/MacOSX.platform/Developer/SDKs/MacOSX26.1.sdk/System/Library/Frameworks/CoreServices.framework/Frameworks/Metadata.framework/Headers/MDImporter.h
/Applications/Xcode.app/Contents/Developer/Platforms/MacOSX.platform/Developer/SDKs/MacOSX26.1.sdk/System/Library/Frameworks/CoreServices.framework/Frameworks/SearchKit.framework/Headers/SearchKit.h
/Applications/Xcode.app/Contents/Developer/Platforms/MacOSX.platform/Developer/SDKs/MacOSX26.1.sdk/System/Library/Frameworks/CoreServices.framework/Frameworks/SearchKit.framework/Headers/SKDocument.h
/Applications/Xcode.app/Contents/Developer/Platforms/MacOSX.platform/Developer/SDKs/MacOSX26.1.sdk/System/Library/Frameworks/CoreServices.framework/Frameworks/SearchKit.framework/Headers/SKAnalysis.h
/Applications/Xcode.app/Contents/Developer/Platforms/MacOSX.platform/Developer/SDKs/MacOSX26.1.sdk/System/Library/Frameworks/CoreServices.framework/Frameworks/SearchKit.framework/Headers/SKIndex.h
/Applications/Xcode.app/Contents/Developer/Platforms/MacOSX.platform/Developer/SDKs/MacOSX26.1.sdk/System/Library/Frameworks/CoreServices.framework/Frameworks/SearchKit.framework/Headers/SKSearch.h
/Applications/Xcode.app/Contents/Developer/Platforms/MacOSX.platform/Developer/SDKs/MacOSX26.1.sdk/System/Library/Frameworks/CoreServices.framework/Frameworks/SearchKit.framework/Headers/SKSummary.h
/Applications/Xcode.app/Contents/Developer/Platforms/MacOSX.platform/Developer/SDKs/MacOSX26.1.sdk/System/Library/Frameworks/CoreServices.framework/Frameworks/FSEvents.framework/Headers/FSEvents.h
/Applications/Xcode.app/Contents/Developer/Platforms/MacOSX.platform/Developer/SDKs/MacOSX26.1.sdk/System/Library/Frameworks/CoreServices.framework/Frameworks/SharedFileList.framework/Headers/SharedFileList.h
/Applications/Xcode.app/Contents/Developer/Platforms/MacOSX.platform/Developer/SDKs/MacOSX26.1.sdk/System/Library/Frameworks/CoreServices.framework/Frameworks/SharedFileList.framework/Headers/LSSharedFileList.h
/Applications/Xcode.app/Contents/Developer/Platforms/MacOSX.platform/Developer/SDKs/MacOSX26.1.sdk/SDKSettings.json
/Applications/Xcode.app/Contents/Developer/Platforms/MacOSX.platform/Developer/SDKs/MacOSX26.1.sdk/usr/include/Darwin.modulemap
/Applications/Xcode.app/Contents/Developer/Platforms/MacOSX.platform/Developer/SDKs/MacOSX26.1.sdk/usr/include/Darwin_C.modulemap
/Applications/Xcode.app/Contents/Developer/Platforms/MacOSX.platform/Developer/SDKs/MacOSX26.1.sdk/usr/include/Darwin_POSIX.modulemap
/Applications/Xcode.app/Contents/Developer/Platforms/MacOSX.platform/Developer/SDKs/MacOSX26.1.sdk/usr/include/net.modulemap
/Applications/Xcode.app/Contents/Developer/Platforms/MacOSX.platform/Developer/SDKs/MacOSX26.1.sdk/usr/include/netinet.modulemap
/Applications/Xcode.app/Contents/Developer/Platforms/MacOSX.platform/Developer/SDKs/MacOSX26.1.sdk/usr/include/bank.modulemap
/Applications/Xcode.app/Contents/Developer/Platforms/MacOSX.platform/Developer/SDKs/MacOSX26.1.sdk/usr/include/Darwin_Mach.modulemap
/Applications/Xcode.app/Contents/Developer/Platforms/MacOSX.platform/Developer/SDKs/MacOSX26.1.sdk/usr/include/Darwin_Mach_machine.modulemap
/Applications/Xcode.app/Contents/Developer/Platforms/MacOSX.platform/Developer/SDKs/MacOSX26.1.sdk/usr/include/mach_debug.modulemap
/Applications/Xcode.app/Contents/Developer/Platforms/MacOSX.platform/Developer/SDKs/MacOSX26.1.sdk/usr/include/device.modulemap
/Applications/Xcode.app/Contents/Developer/Platforms/MacOSX.platform/Developer/SDKs/MacOSX26.1.sdk/usr/include/Darwin_machine.modulemap
/Applications/Xcode.app/Contents/Developer/Platforms/MacOSX.platform/Developer/SDKs/MacOSX26.1.sdk/usr/include/ncurses.modulemap
/Applications/Xcode.app/Contents/Developer/Platforms/MacOSX.platform/Developer/SDKs/MacOSX26.1.sdk/usr/include/netinet6.modulemap
/Applications/Xcode.app/Contents/Developer/Platforms/MacOSX.platform/Developer/SDKs/MacOSX26.1.sdk/usr/include/Darwin_sys.modulemap
/Applications/Xcode.app/Contents/Developer/Platforms/MacOSX.platform/Developer/SDKs/MacOSX26.1.sdk/usr/include/uuid.modulemap
/Applications/Xcode.app/Contents/Developer/Platforms/MacOSX.platform/Developer/SDKs/MacOSX26.1.sdk/usr/include/DarwinFoundation2.modulemap
/Applications/Xcode.app/Contents/Developer/Platforms/MacOSX.platform/Developer/SDKs/MacOSX26.1.sdk/usr/include/DarwinFoundation3.modulemap
/Applications/Xcode.app/Contents/Developer/Platforms/MacOSX.platform/Developer/SDKs/MacOSX26.1.sdk/usr/include/DarwinFoundation1.modulemap
/Applications/Xcode.app/Contents/Developer/Platforms/MacOSX.platform/Developer/SDKs/MacOSX26.1.sdk/usr/include/copyfile.h
/Applications/Xcode.app/Contents/Developer/Toolchains/XcodeDefault.xctoolchain/usr/lib/swift/clang/include/module.modulemap
/Applications/Xcode.app/Contents/Developer/Platforms/MacOSX.platform/Developer/SDKs/MacOSX26.1.sdk/usr/include/err.h
/Applications/Xcode.app/Contents/Developer/Platforms/MacOSX.platform/Developer/SDKs/MacOSX26.1.sdk/usr/include/readpassphrase.h
/Applications/Xcode.app/Contents/Developer/Platforms/MacOSX.platform/Developer/SDKs/MacOSX26.1.sdk/usr/include/util.h
/Applications/Xcode.app/Contents/Developer/Platforms/MacOSX.platform/Developer/SDKs/MacOSX26.1.sdk/usr/include/sys/ttycom.h
/Applications/Xcode.app/Contents/Developer/Platforms/MacOSX.platform/Developer/SDKs/MacOSX26.1.sdk/usr/include/sys/ioccom.h
/Applications/Xcode.app/Contents/Developer/Platforms/MacOSX.platform/Developer/SDKs/MacOSX26.1.sdk/usr/include/stdio.h
/Applications/Xcode.app/Contents/Developer/Platforms/MacOSX.platform/Developer/SDKs/MacOSX26.1.sdk/usr/include/pwd.h
/Applications/Xcode.app/Contents/Developer/Platforms/MacOSX.platform/Developer/SDKs/MacOSX26.1.sdk/usr/include/uuid/uuid.h
/Applications/Xcode.app/Contents/Developer/Platforms/MacOSX.platform/Developer/SDKs/MacOSX26.1.sdk/usr/include/termios.h
/Applications/Xcode.app/Contents/Developer/Platforms/MacOSX.platform/Developer/SDKs/MacOSX26.1.sdk/usr/include/sys/termios.h
/Applications/Xcode.app/Contents/Developer/Platforms/MacOSX.platform/Developer/SDKs/MacOSX26.1.sdk/usr/include/sys/ttydefaults.h
/Applications/Xcode.app/Contents/Developer/Platforms/MacOSX.platform/Developer/SDKs/MacOSX26.1.sdk/usr/include/utmp.h
/Applications/Xcode.app/Contents/Developer/Platforms/MacOSX.platform/Developer/SDKs/MacOSX26.1.sdk/usr/include/xattr_flags.h
/Applications/Xcode.app/Contents/Developer/Platforms/MacOSX.platform/Developer/SDKs/MacOSX26.1.sdk/usr/include/_modules/_darwin_c_ctype.h
/Applications/Xcode.app/Contents/Developer/Platforms/MacOSX.platform/Developer/SDKs/MacOSX26.1.sdk/usr/include/ctype.h
/Applications/Xcode.app/Contents/Developer/Platforms/MacOSX.platform/Developer/SDKs/MacOSX26.1.sdk/usr/include/_modules/_darwin_c_errno.h
/Applications/Xcode.app/Contents/Developer/Platforms/MacOSX.platform/Developer/SDKs/MacOSX26.1.sdk/usr/include/_modules/_darwin_c_inttypes.h
/Applications/Xcode.app/Contents/Developer/Platforms/MacOSX.platform/Developer/SDKs/MacOSX26.1.sdk/usr/include/_modules/_darwin_c_limits.h
/Applications/Xcode.app/Contents/Developer/Platforms/MacOSX.platform/Developer/SDKs/MacOSX26.1.sdk/usr/include/_modules/_darwin_c_signal.h
/Applications/Xcode.app/Contents/Developer/Platforms/MacOSX.platform/Developer/SDKs/MacOSX26.1.sdk/usr/include/_modules/_darwin_c_stdarg.h
/Applications/Xcode.app/Contents/Developer/Toolchains/XcodeDefault.xctoolchain/usr/lib/swift/clang/include/stdarg.h
/Applications/Xcode.app/Contents/Developer/Platforms/MacOSX.platform/Developer/SDKs/MacOSX26.1.sdk/usr/include/_modules/_darwin_c_stdbool.h
/Applications/Xcode.app/Contents/Developer/Platforms/MacOSX.platform/Developer/SDKs/MacOSX26.1.sdk/usr/include/_modules/_darwin_c_stddef.h
/Applications/Xcode.app/Contents/Developer/Toolchains/XcodeDefault.xctoolchain/usr/lib/swift/clang/include/stddef.h
/Applications/Xcode.app/Contents/Developer/Platforms/MacOSX.platform/Developer/SDKs/MacOSX26.1.sdk/usr/include/_modules/_darwin_c_stdint.h
/Applications/Xcode.app/Contents/Developer/Platforms/MacOSX.platform/Developer/SDKs/MacOSX26.1.sdk/usr/include/_modules/_darwin_c_stdio.h
/Applications/Xcode.app/Contents/Developer/Platforms/MacOSX.platform/Developer/SDKs/MacOSX26.1.sdk/usr/include/_modules/_darwin_c_stdlib.h
/Applications/Xcode.app/Contents/Developer/Platforms/MacOSX.platform/Developer/SDKs/MacOSX26.1.sdk/usr/include/stdlib.h
/Applications/Xcode.app/Contents/Developer/Platforms/MacOSX.platform/Developer/SDKs/MacOSX26.1.sdk/usr/include/_modules/_darwin_c_string.h
/Applications/Xcode.app/Contents/Developer/Platforms/MacOSX.platform/Developer/SDKs/MacOSX26.1.sdk/usr/include/string.h
/Applications/Xcode.app/Contents/Developer/Platforms/MacOSX.platform/Developer/SDKs/MacOSX26.1.sdk/usr/include/_modules/_darwin_c_time.h
/Applications/Xcode.app/Contents/Developer/Platforms/MacOSX.platform/Developer/SDKs/MacOSX26.1.sdk/usr/include/time.h
/Applications/Xcode.app/Contents/Developer/Platforms/MacOSX.platform/Developer/SDKs/MacOSX26.1.sdk/usr/include/_modules/_darwin_c_wchar.h
/Applications/Xcode.app/Contents/Developer/Platforms/MacOSX.platform/Developer/SDKs/MacOSX26.1.sdk/usr/include/wchar.h
/Applications/Xcode.app/Contents/Developer/Platforms/MacOSX.platform/Developer/SDKs/MacOSX26.1.sdk/usr/include/aio.h
/Applications/Xcode.app/Contents/Developer/Platforms/MacOSX.platform/Developer/SDKs/MacOSX26.1.sdk/usr/include/sys/aio.h
/Applications/Xcode.app/Contents/Developer/Platforms/MacOSX.platform/Developer/SDKs/MacOSX26.1.sdk/usr/include/sys/_types/_o_sync.h
/Applications/Xcode.app/Contents/Developer/Platforms/MacOSX.platform/Developer/SDKs/MacOSX26.1.sdk/usr/include/sys/_types/_o_dsync.h
/Applications/Xcode.app/Contents/Developer/Platforms/MacOSX.platform/Developer/SDKs/MacOSX26.1.sdk/usr/include/arpa/inet.h
/Applications/Xcode.app/Contents/Developer/Platforms/MacOSX.platform/Developer/SDKs/MacOSX26.1.sdk/usr/include/netinet/in.h
/Applications/Xcode.app/Contents/Developer/Platforms/MacOSX.platform/Developer/SDKs/MacOSX26.1.sdk/usr/include/sys/socket.h
/Applications/Xcode.app/Contents/Developer/Platforms/MacOSX.platform/Developer/SDKs/MacOSX26.1.sdk/usr/include/sys/constrained_ctypes.h
/Applications/Xcode.app/Contents/Developer/Platforms/MacOSX.platform/Developer/SDKs/MacOSX26.1.sdk/usr/include/machine/_param.h
/Applications/Xcode.app/Contents/Developer/Platforms/MacOSX.platform/Developer/SDKs/MacOSX26.1.sdk/usr/include/arm/_param.h
/Applications/Xcode.app/Contents/Developer/Platforms/MacOSX.platform/Developer/SDKs/MacOSX26.1.sdk/usr/include/net/net_kev.h
/Applications/Xcode.app/Contents/Developer/Platforms/MacOSX.platform/Developer/SDKs/MacOSX26.1.sdk/usr/include/sys/_types/_sa_family_t.h
/Applications/Xcode.app/Contents/Developer/Platforms/MacOSX.platform/Developer/SDKs/MacOSX26.1.sdk/usr/include/sys/_types/_socklen_t.h
/Applications/Xcode.app/Contents/Developer/Platforms/MacOSX.platform/Developer/SDKs/MacOSX26.1.sdk/usr/include/sys/_types/_iovec_t.h
/Applications/Xcode.app/Contents/Developer/Platforms/MacOSX.platform/Developer/SDKs/MacOSX26.1.sdk/usr/include/netinet6/in6.h
/Applications/Xcode.app/Contents/Developer/Platforms/MacOSX.platform/Developer/SDKs/MacOSX26.1.sdk/usr/include/cpio.h
/Applications/Xcode.app/Contents/Developer/Platforms/MacOSX.platform/Developer/SDKs/MacOSX26.1.sdk/usr/include/dirent.h
/Applications/Xcode.app/Contents/Developer/Platforms/MacOSX.platform/Developer/SDKs/MacOSX26.1.sdk/usr/include/sys/dirent.h
/Applications/Xcode.app/Contents/Developer/Platforms/MacOSX.platform/Developer/SDKs/MacOSX26.1.sdk/usr/include/sys/dir.h
/Applications/Xcode.app/Contents/Developer/Platforms/MacOSX.platform/Developer/SDKs/MacOSX26.1.sdk/usr/include/dlfcn.h
/Applications/Xcode.app/Contents/Developer/Platforms/MacOSX.platform/Developer/SDKs/MacOSX26.1.sdk/usr/include/fcntl.h
/Applications/Xcode.app/Contents/Developer/Platforms/MacOSX.platform/Developer/SDKs/MacOSX26.1.sdk/usr/include/sys/fcntl.h
/Applications/Xcode.app/Contents/Developer/Platforms/MacOSX.platform/Developer/SDKs/MacOSX26.1.sdk/usr/include/sys/_types/_s_ifmt.h
/Applications/Xcode.app/Contents/Developer/Platforms/MacOSX.platform/Developer/SDKs/MacOSX26.1.sdk/usr/include/sys/_types/_filesec_t.h
/Applications/Xcode.app/Contents/Developer/Platforms/MacOSX.platform/Developer/SDKs/MacOSX26.1.sdk/usr/include/fmtmsg.h
/Applications/Xcode.app/Contents/Developer/Platforms/MacOSX.platform/Developer/SDKs/MacOSX26.1.sdk/usr/include/fnmatch.h
/Applications/Xcode.app/Contents/Developer/Platforms/MacOSX.platform/Developer/SDKs/MacOSX26.1.sdk/usr/include/ftw.h
/Applications/Xcode.app/Contents/Developer/Platforms/MacOSX.platform/Developer/SDKs/MacOSX26.1.sdk/usr/include/sys/stat.h
/Applications/Xcode.app/Contents/Developer/Platforms/MacOSX.platform/Developer/SDKs/MacOSX26.1.sdk/usr/include/glob.h
/Applications/Xcode.app/Contents/Developer/Platforms/MacOSX.platform/Developer/SDKs/MacOSX26.1.sdk/usr/include/grp.h
/Applications/Xcode.app/Contents/Developer/Platforms/MacOSX.platform/Developer/SDKs/MacOSX26.1.sdk/usr/include/iconv.h
/Applications/Xcode.app/Contents/Developer/Platforms/MacOSX.platform/Developer/SDKs/MacOSX26.1.sdk/usr/include/ifaddrs.h
/Applications/Xcode.app/Contents/Developer/Platforms/MacOSX.platform/Developer/SDKs/MacOSX26.1.sdk/usr/include/sys/ioctl.h
/Applications/Xcode.app/Contents/Developer/Platforms/MacOSX.platform/Developer/SDKs/MacOSX26.1.sdk/usr/include/sys/filio.h
/Applications/Xcode.app/Contents/Developer/Platforms/MacOSX.platform/Developer/SDKs/MacOSX26.1.sdk/usr/include/sys/sockio.h
/Applications/Xcode.app/Contents/Developer/Platforms/MacOSX.platform/Developer/SDKs/MacOSX26.1.sdk/usr/include/net/if.h
/Applications/Xcode.app/Contents/Developer/Platforms/MacOSX.platform/Developer/SDKs/MacOSX26.1.sdk/usr/include/net/if_var.h
/Applications/Xcode.app/Contents/Developer/Platforms/MacOSX.platform/Developer/SDKs/MacOSX26.1.sdk/usr/include/sys/time.h
/Applications/Xcode.app/Contents/Developer/Platforms/MacOSX.platform/Developer/SDKs/MacOSX26.1.sdk/usr/include/sys/_types/_timeval64.h
/Applications/Xcode.app/Contents/Developer/Platforms/MacOSX.platform/Developer/SDKs/MacOSX26.1.sdk/usr/include/sys/_types/_timeval32.h
/Applications/Xcode.app/Contents/Developer/Platforms/MacOSX.platform/Developer/SDKs/MacOSX26.1.sdk/usr/include/_langinfo.h
/Applications/Xcode.app/Contents/Developer/Platforms/MacOSX.platform/Developer/SDKs/MacOSX26.1.sdk/usr/include/xlocale/_langinfo.h
/Applications/Xcode.app/Contents/Developer/Platforms/MacOSX.platform/Developer/SDKs/MacOSX26.1.sdk/usr/include/libgen.h
/Applications/Xcode.app/Contents/Developer/Platforms/MacOSX.platform/Developer/SDKs/MacOSX26.1.sdk/usr/include/_monetary.h
/Applications/Xcode.app/Contents/Developer/Platforms/MacOSX.platform/Developer/SDKs/MacOSX26.1.sdk/usr/include/xlocale/_monetary.h
/Applications/Xcode.app/Contents/Developer/Platforms/MacOSX.platform/Developer/SDKs/MacOSX26.1.sdk/usr/include/ndbm.h
/Applications/Xcode.app/Contents/Developer/Platforms/MacOSX.platform/Developer/SDKs/MacOSX26.1.sdk/usr/include/netdb.h
/Applications/Xcode.app/Contents/Developer/Platforms/MacOSX.platform/Developer/SDKs/MacOSX26.1.sdk/usr/include/net/if_dl.h
/Applications/Xcode.app/Contents/Developer/Platforms/MacOSX.platform/Developer/SDKs/MacOSX26.1.sdk/usr/include/net/if_types.h
/Applications/Xcode.app/Contents/Developer/Platforms/MacOSX.platform/Developer/SDKs/MacOSX26.1.sdk/usr/include/netinet/tcp.h
/Applications/Xcode.app/Contents/Developer/Platforms/MacOSX.platform/Developer/SDKs/MacOSX26.1.sdk/usr/include/poll.h
/Applications/Xcode.app/Contents/Developer/Platforms/MacOSX.platform/Developer/SDKs/MacOSX26.1.sdk/usr/include/sys/poll.h
/Applications/Xcode.app/Contents/Developer/Platforms/MacOSX.platform/Developer/SDKs/MacOSX26.1.sdk/usr/include/pthread/spawn.h
/Applications/Xcode.app/Contents/Developer/Platforms/MacOSX.platform/Developer/SDKs/MacOSX26.1.sdk/usr/include/spawn.h
/Applications/Xcode.app/Contents/Developer/Platforms/MacOSX.platform/Developer/SDKs/MacOSX26.1.sdk/usr/include/sys/spawn.h
/Applications/Xcode.app/Contents/Developer/Platforms/MacOSX.platform/Developer/SDKs/MacOSX26.1.sdk/usr/include/mach/exception_types.h
/Applications/Xcode.app/Contents/Developer/Platforms/MacOSX.platform/Developer/SDKs/MacOSX26.1.sdk/usr/include/mach/machine/exception.h
/Applications/Xcode.app/Contents/Developer/Platforms/MacOSX.platform/Developer/SDKs/MacOSX26.1.sdk/usr/include/mach/arm/exception.h
/Applications/Xcode.app/Contents/Developer/Platforms/MacOSX.platform/Developer/SDKs/MacOSX26.1.sdk/usr/include/mach/port.h
/Applications/Xcode.app/Contents/Developer/Platforms/MacOSX.platform/Developer/SDKs/MacOSX26.1.sdk/usr/include/mach/boolean.h
/Applications/Xcode.app/Contents/Developer/Platforms/MacOSX.platform/Developer/SDKs/MacOSX26.1.sdk/usr/include/mach/machine/boolean.h
/Applications/Xcode.app/Contents/Developer/Platforms/MacOSX.platform/Developer/SDKs/MacOSX26.1.sdk/usr/include/mach/arm/boolean.h
/Applications/Xcode.app/Contents/Developer/Platforms/MacOSX.platform/Developer/SDKs/MacOSX26.1.sdk/usr/include/mach/machine/vm_types.h
/Applications/Xcode.app/Contents/Developer/Platforms/MacOSX.platform/Developer/SDKs/MacOSX26.1.sdk/usr/include/mach/arm/vm_types.h
/Applications/Xcode.app/Contents/Developer/Platforms/MacOSX.platform/Developer/SDKs/MacOSX26.1.sdk/usr/include/mach/thread_status.h
/Applications/Xcode.app/Contents/Developer/Platforms/MacOSX.platform/Developer/SDKs/MacOSX26.1.sdk/usr/include/mach/machine/thread_status.h
/Applications/Xcode.app/Contents/Developer/Platforms/MacOSX.platform/Developer/SDKs/MacOSX26.1.sdk/usr/include/mach/arm/thread_status.h
/Applications/Xcode.app/Contents/Developer/Platforms/MacOSX.platform/Developer/SDKs/MacOSX26.1.sdk/usr/include/mach/machine/thread_state.h
/Applications/Xcode.app/Contents/Developer/Platforms/MacOSX.platform/Developer/SDKs/MacOSX26.1.sdk/usr/include/mach/arm/thread_state.h
/Applications/Xcode.app/Contents/Developer/Platforms/MacOSX.platform/Developer/SDKs/MacOSX26.1.sdk/usr/include/mach/message.h
/Applications/Xcode.app/Contents/Developer/Platforms/MacOSX.platform/Developer/SDKs/MacOSX26.1.sdk/usr/include/mach/kern_return.h
/Applications/Xcode.app/Contents/Developer/Platforms/MacOSX.platform/Developer/SDKs/MacOSX26.1.sdk/usr/include/mach/machine/kern_return.h
/Applications/Xcode.app/Contents/Developer/Platforms/MacOSX.platform/Developer/SDKs/MacOSX26.1.sdk/usr/include/mach/arm/kern_return.h
/Applications/Xcode.app/Contents/Developer/Platforms/MacOSX.platform/Developer/SDKs/MacOSX26.1.sdk/usr/include/mach/vm_types.h
/Applications/Xcode.app/Contents/Developer/Platforms/MacOSX.platform/Developer/SDKs/MacOSX26.1.sdk/usr/include/mach_debug/ipc_info.h
/Applications/Xcode.app/Contents/Developer/Platforms/MacOSX.platform/Developer/SDKs/MacOSX26.1.sdk/usr/include/mach/machine.h
/Applications/Xcode.app/Contents/Developer/Platforms/MacOSX.platform/Developer/SDKs/MacOSX26.1.sdk/usr/include/pthread/pthread_spis.h
/Applications/Xcode.app/Contents/Developer/Platforms/MacOSX.platform/Developer/SDKs/MacOSX26.1.sdk/usr/include/_modules/_darwin_posix_pthread_pthread.h
/Applications/Xcode.app/Contents/Developer/Platforms/MacOSX.platform/Developer/SDKs/MacOSX26.1.sdk/usr/include/_regex.h
/Applications/Xcode.app/Contents/Developer/Platforms/MacOSX.platform/Developer/SDKs/MacOSX26.1.sdk/usr/include/xlocale/_regex.h
/Applications/Xcode.app/Contents/Developer/Platforms/MacOSX.platform/Developer/SDKs/MacOSX26.1.sdk/usr/include/search.h
/Applications/Xcode.app/Contents/Developer/Platforms/MacOSX.platform/Developer/SDKs/MacOSX26.1.sdk/usr/include/semaphore.h
/Applications/Xcode.app/Contents/Developer/Platforms/MacOSX.platform/Developer/SDKs/MacOSX26.1.sdk/usr/include/sys/semaphore.h
/Applications/Xcode.app/Contents/Developer/Platforms/MacOSX.platform/Developer/SDKs/MacOSX26.1.sdk/usr/include/sys/posix_sem.h
/Applications/Xcode.app/Contents/Developer/Platforms/MacOSX.platform/Developer/SDKs/MacOSX26.1.sdk/usr/include/sys/proc.h
/Applications/Xcode.app/Contents/Developer/Platforms/MacOSX.platform/Developer/SDKs/MacOSX26.1.sdk/usr/include/sys/queue.h
/Applications/Xcode.app/Contents/Developer/Platforms/MacOSX.platform/Developer/SDKs/MacOSX26.1.sdk/usr/include/sys/lock.h
/Applications/Xcode.app/Contents/Developer/Platforms/MacOSX.platform/Developer/SDKs/MacOSX26.1.sdk/usr/include/sys/param.h
/Applications/Xcode.app/Contents/Developer/Platforms/MacOSX.platform/Developer/SDKs/MacOSX26.1.sdk/usr/include/machine/param.h
/Applications/Xcode.app/Contents/Developer/Platforms/MacOSX.platform/Developer/SDKs/MacOSX26.1.sdk/usr/include/arm/param.h
/Applications/Xcode.app/Contents/Developer/Platforms/MacOSX.platform/Developer/SDKs/MacOSX26.1.sdk/usr/include/sys/event.h
/Applications/Xcode.app/Contents/Developer/Platforms/MacOSX.platform/Developer/SDKs/MacOSX26.1.sdk/usr/include/strings.h
/Applications/Xcode.app/Contents/Developer/Platforms/MacOSX.platform/Developer/SDKs/MacOSX26.1.sdk/usr/include/sys/ipc.h
/Applications/Xcode.app/Contents/Developer/Platforms/MacOSX.platform/Developer/SDKs/MacOSX26.1.sdk/usr/include/sys/mman.h
/Applications/Xcode.app/Contents/Developer/Platforms/MacOSX.platform/Developer/SDKs/MacOSX26.1.sdk/usr/include/sys/msg.h
/Applications/Xcode.app/Contents/Developer/Platforms/MacOSX.platform/Developer/SDKs/MacOSX26.1.sdk/usr/include/sys/sem.h
/Applications/Xcode.app/Contents/Developer/Platforms/MacOSX.platform/Developer/SDKs/MacOSX26.1.sdk/usr/include/sys/shm.h
/Applications/Xcode.app/Contents/Developer/Platforms/MacOSX.platform/Developer/SDKs/MacOSX26.1.sdk/usr/include/sys/posix_shm.h
/Applications/Xcode.app/Contents/Developer/Platforms/MacOSX.platform/Developer/SDKs/MacOSX26.1.sdk/usr/include/sys/statvfs.h
/Applications/Xcode.app/Contents/Developer/Platforms/MacOSX.platform/Developer/SDKs/MacOSX26.1.sdk/usr/include/sys/times.h
/Applications/Xcode.app/Contents/Developer/Platforms/MacOSX.platform/Developer/SDKs/MacOSX26.1.sdk/usr/include/sys/_types/_fsid_t.h
/Applications/Xcode.app/Contents/Developer/Platforms/MacOSX.platform/Developer/SDKs/MacOSX26.1.sdk/usr/include/sys/_types/_fsobj_id_t.h
/Applications/Xcode.app/Contents/Developer/Platforms/MacOSX.platform/Developer/SDKs/MacOSX26.1.sdk/usr/include/sys/_types/_graftdmg_un.h
/Applications/Xcode.app/Contents/Developer/Platforms/MacOSX.platform/Developer/SDKs/MacOSX26.1.sdk/usr/include/sys/_types/_guid_t.h
/Applications/Xcode.app/Contents/Developer/Platforms/MacOSX.platform/Developer/SDKs/MacOSX26.1.sdk/usr/include/sys/_types/_mount_t.h
/Applications/Xcode.app/Contents/Developer/Platforms/MacOSX.platform/Developer/SDKs/MacOSX26.1.sdk/usr/include/sys/_types/_os_inline.h
/Applications/Xcode.app/Contents/Developer/Platforms/MacOSX.platform/Developer/SDKs/MacOSX26.1.sdk/usr/include/sys/_types/_ucontext64.h
/Applications/Xcode.app/Contents/Developer/Platforms/MacOSX.platform/Developer/SDKs/MacOSX26.1.sdk/usr/include/sys/_types/_vnode_t.h
/Applications/Xcode.app/Contents/Developer/Platforms/MacOSX.platform/Developer/SDKs/MacOSX26.1.sdk/usr/include/sys/uio.h
/Applications/Xcode.app/Contents/Developer/Platforms/MacOSX.platform/Developer/SDKs/MacOSX26.1.sdk/usr/include/sys/un.h
/Applications/Xcode.app/Contents/Developer/Platforms/MacOSX.platform/Developer/SDKs/MacOSX26.1.sdk/usr/include/sys/utsname.h
/Applications/Xcode.app/Contents/Developer/Platforms/MacOSX.platform/Developer/SDKs/MacOSX26.1.sdk/usr/include/sys/vsock.h
/Applications/Xcode.app/Contents/Developer/Platforms/MacOSX.platform/Developer/SDKs/MacOSX26.1.sdk/usr/include/sys/ucred.h
/Applications/Xcode.app/Contents/Developer/Platforms/MacOSX.platform/Developer/SDKs/MacOSX26.1.sdk/usr/include/bsm/audit.h
/Applications/Xcode.app/Contents/Developer/Platforms/MacOSX.platform/Developer/SDKs/MacOSX26.1.sdk/usr/include/sys/socketvar.h
/Applications/Xcode.app/Contents/Developer/Platforms/MacOSX.platform/Developer/SDKs/MacOSX26.1.sdk/usr/include/sys/xattr.h
/Applications/Xcode.app/Contents/Developer/Platforms/MacOSX.platform/Developer/SDKs/MacOSX26.1.sdk/usr/include/_modules/_darwin_posix_sys_resource.h
/Applications/Xcode.app/Contents/Developer/Platforms/MacOSX.platform/Developer/SDKs/MacOSX26.1.sdk/usr/include/_modules/_darwin_posix_sys_select.h
/Applications/Xcode.app/Contents/Developer/Platforms/MacOSX.platform/Developer/SDKs/MacOSX26.1.sdk/usr/include/_modules/_darwin_posix_sys_wait.h
/Applications/Xcode.app/Contents/Developer/Platforms/MacOSX.platform/Developer/SDKs/MacOSX26.1.sdk/usr/include/syslog.h
/Applications/Xcode.app/Contents/Developer/Platforms/MacOSX.platform/Developer/SDKs/MacOSX26.1.sdk/usr/include/sys/syslog.h
/Applications/Xcode.app/Contents/Developer/Platforms/MacOSX.platform/Developer/SDKs/MacOSX26.1.sdk/usr/include/tar.h
/Applications/Xcode.app/Contents/Developer/Platforms/MacOSX.platform/Developer/SDKs/MacOSX26.1.sdk/usr/include/ulimit.h
/Applications/Xcode.app/Contents/Developer/Platforms/MacOSX.platform/Developer/SDKs/MacOSX26.1.sdk/usr/include/utime.h
/Applications/Xcode.app/Contents/Developer/Platforms/MacOSX.platform/Developer/SDKs/MacOSX26.1.sdk/usr/include/utmpx.h
/Applications/Xcode.app/Contents/Developer/Platforms/MacOSX.platform/Developer/SDKs/MacOSX26.1.sdk/usr/include/wordexp.h
/Applications/Xcode.app/Contents/Developer/Platforms/MacOSX.platform/Developer/SDKs/MacOSX26.1.sdk/usr/include/_modules/_darwin_posix_nl_types.h
/Applications/Xcode.app/Contents/Developer/Platforms/MacOSX.platform/Developer/SDKs/MacOSX26.1.sdk/usr/include/_modules/_darwin_posix_sched.h
/Applications/Xcode.app/Contents/Developer/Platforms/MacOSX.platform/Developer/SDKs/MacOSX26.1.sdk/usr/include/_modules/_darwin_posix_unistd.h
/Applications/Xcode.app/Contents/Developer/Platforms/MacOSX.platform/Developer/SDKs/MacOSX26.1.sdk/usr/include/net/bpf.h
/Applications/Xcode.app/Contents/Developer/Platforms/MacOSX.platform/Developer/SDKs/MacOSX26.1.sdk/usr/include/net/dlil.h
/Applications/Xcode.app/Contents/Developer/Platforms/MacOSX.platform/Developer/SDKs/MacOSX26.1.sdk/usr/include/net/ethernet.h
/Applications/Xcode.app/Contents/Developer/Platforms/MacOSX.platform/Developer/SDKs/MacOSX26.1.sdk/usr/include/net/if_arp.h
/Applications/Xcode.app/Contents/Developer/Platforms/MacOSX.platform/Developer/SDKs/MacOSX26.1.sdk/usr/include/net/if_llc.h
/Applications/Xcode.app/Contents/Developer/Platforms/MacOSX.platform/Developer/SDKs/MacOSX26.1.sdk/usr/include/net/if_media.h
/Applications/Xcode.app/Contents/Developer/Platforms/MacOSX.platform/Developer/SDKs/MacOSX26.1.sdk/usr/include/net/if_mib.h
/Applications/Xcode.app/Contents/Developer/Platforms/MacOSX.platform/Developer/SDKs/MacOSX26.1.sdk/usr/include/net/if_utun.h
/Applications/Xcode.app/Contents/Developer/Platforms/MacOSX.platform/Developer/SDKs/MacOSX26.1.sdk/usr/include/net/if_var_status.h
/Applications/Xcode.app/Contents/Developer/Platforms/MacOSX.platform/Developer/SDKs/MacOSX26.1.sdk/usr/include/net/kext_net.h
/Applications/Xcode.app/Contents/Developer/Platforms/MacOSX.platform/Developer/SDKs/MacOSX26.1.sdk/usr/include/net/ndrv.h
/Applications/Xcode.app/Contents/Developer/Platforms/MacOSX.platform/Developer/SDKs/MacOSX26.1.sdk/usr/include/net/pfkeyv2.h
/Applications/Xcode.app/Contents/Developer/Platforms/MacOSX.platform/Developer/SDKs/MacOSX26.1.sdk/usr/include/net/route.h
/Applications/Xcode.app/Contents/Developer/Platforms/MacOSX.platform/Developer/SDKs/MacOSX26.1.sdk/usr/include/netinet/bootp.h
/Applications/Xcode.app/Contents/Developer/Platforms/MacOSX.platform/Developer/SDKs/MacOSX26.1.sdk/usr/include/netinet/ip.h
/Applications/Xcode.app/Contents/Developer/Platforms/MacOSX.platform/Developer/SDKs/MacOSX26.1.sdk/usr/include/netinet/in_systm.h
/Applications/Xcode.app/Contents/Developer/Platforms/MacOSX.platform/Developer/SDKs/MacOSX26.1.sdk/usr/include/netinet/udp.h
/Applications/Xcode.app/Contents/Developer/Platforms/MacOSX.platform/Developer/SDKs/MacOSX26.1.sdk/usr/include/netinet/icmp6.h
/Applications/Xcode.app/Contents/Developer/Platforms/MacOSX.platform/Developer/SDKs/MacOSX26.1.sdk/usr/include/netinet/icmp_var.h
/Applications/Xcode.app/Contents/Developer/Platforms/MacOSX.platform/Developer/SDKs/MacOSX26.1.sdk/usr/include/netinet/ip_icmp.h
/Applications/Xcode.app/Contents/Developer/Platforms/MacOSX.platform/Developer/SDKs/MacOSX26.1.sdk/usr/include/netinet/if_ether.h
/Applications/Xcode.app/Contents/Developer/Platforms/MacOSX.platform/Developer/SDKs/MacOSX26.1.sdk/usr/include/netinet/igmp.h
/Applications/Xcode.app/Contents/Developer/Platforms/MacOSX.platform/Developer/SDKs/MacOSX26.1.sdk/usr/include/netinet/igmp_var.h
/Applications/Xcode.app/Contents/Developer/Platforms/MacOSX.platform/Developer/SDKs/MacOSX26.1.sdk/usr/include/netinet/in_pcb.h
/Applications/Xcode.app/Contents/Developer/Platforms/MacOSX.platform/Developer/SDKs/MacOSX26.1.sdk/usr/include/netinet/in_var.h
/Applications/Xcode.app/Contents/Developer/Platforms/MacOSX.platform/Developer/SDKs/MacOSX26.1.sdk/usr/include/sys/protosw.h
/Applications/Xcode.app/Contents/Developer/Platforms/MacOSX.platform/Developer/SDKs/MacOSX26.1.sdk/usr/include/sys/kern_event.h
/Applications/Xcode.app/Contents/Developer/Platforms/MacOSX.platform/Developer/SDKs/MacOSX26.1.sdk/usr/include/sys/sys_domain.h
/Applications/Xcode.app/Contents/Developer/Platforms/MacOSX.platform/Developer/SDKs/MacOSX26.1.sdk/usr/include/netinet6/in6_var.h
/Applications/Xcode.app/Contents/Developer/Platforms/MacOSX.platform/Developer/SDKs/MacOSX26.1.sdk/usr/include/netinet6/scope6_var.h
/Applications/Xcode.app/Contents/Developer/Platforms/MacOSX.platform/Developer/SDKs/MacOSX26.1.sdk/usr/include/netinet/ip6.h
/Applications/Xcode.app/Contents/Developer/Platforms/MacOSX.platform/Developer/SDKs/MacOSX26.1.sdk/usr/include/netinet/ip_var.h
/Applications/Xcode.app/Contents/Developer/Platforms/MacOSX.platform/Developer/SDKs/MacOSX26.1.sdk/usr/include/netinet/tcp_fsm.h
/Applications/Xcode.app/Contents/Developer/Platforms/MacOSX.platform/Developer/SDKs/MacOSX26.1.sdk/usr/include/netinet/tcp_seq.h
/Applications/Xcode.app/Contents/Developer/Platforms/MacOSX.platform/Developer/SDKs/MacOSX26.1.sdk/usr/include/netinet/tcp_timer.h
/Applications/Xcode.app/Contents/Developer/Platforms/MacOSX.platform/Developer/SDKs/MacOSX26.1.sdk/usr/include/netinet/tcp_var.h
/Applications/Xcode.app/Contents/Developer/Platforms/MacOSX.platform/Developer/SDKs/MacOSX26.1.sdk/usr/include/netinet/tcpip.h
/Applications/Xcode.app/Contents/Developer/Platforms/MacOSX.platform/Developer/SDKs/MacOSX26.1.sdk/usr/include/netinet/udp_var.h
/Applications/Xcode.app/Contents/Developer/Platforms/MacOSX.platform/Developer/SDKs/MacOSX26.1.sdk/usr/include/sys/sysctl.h
/Applications/Xcode.app/Contents/Developer/Platforms/MacOSX.platform/Developer/SDKs/MacOSX26.1.sdk/usr/include/sys/vm.h
/Applications/Xcode.app/Contents/Developer/Platforms/MacOSX.platform/Developer/SDKs/MacOSX26.1.sdk/usr/include/ar.h
/Applications/Xcode.app/Contents/Developer/Platforms/MacOSX.platform/Developer/SDKs/MacOSX26.1.sdk/usr/include/bank/bank_types.h
/Applications/Xcode.app/Contents/Developer/Platforms/MacOSX.platform/Developer/SDKs/MacOSX26.1.sdk/usr/include/os/base.h
/Applications/Xcode.app/Contents/Developer/Platforms/MacOSX.platform/Developer/SDKs/MacOSX26.1.sdk/usr/include/mach/mach_types.h
/Applications/Xcode.app/Contents/Developer/Platforms/MacOSX.platform/Developer/SDKs/MacOSX26.1.sdk/usr/include/mach/host_info.h
/Applications/Xcode.app/Contents/Developer/Platforms/MacOSX.platform/Developer/SDKs/MacOSX26.1.sdk/usr/include/mach/vm_statistics.h
/Applications/Xcode.app/Contents/Developer/Platforms/MacOSX.platform/Developer/SDKs/MacOSX26.1.sdk/usr/include/mach/time_value.h
/Applications/Xcode.app/Contents/Developer/Platforms/MacOSX.platform/Developer/SDKs/MacOSX26.1.sdk/usr/include/mach/host_notify.h
/Applications/Xcode.app/Contents/Developer/Platforms/MacOSX.platform/Developer/SDKs/MacOSX26.1.sdk/usr/include/mach/host_special_ports.h
/Applications/Xcode.app/Contents/Developer/Platforms/MacOSX.platform/Developer/SDKs/MacOSX26.1.sdk/usr/include/mach/memory_object_types.h
/Applications/Xcode.app/Contents/Developer/Platforms/MacOSX.platform/Developer/SDKs/MacOSX26.1.sdk/usr/include/mach/vm_prot.h
/Applications/Xcode.app/Contents/Developer/Platforms/MacOSX.platform/Developer/SDKs/MacOSX26.1.sdk/usr/include/mach/vm_sync.h
/Applications/Xcode.app/Contents/Developer/Platforms/MacOSX.platform/Developer/SDKs/MacOSX26.1.sdk/usr/include/mach/mach_voucher_types.h
/Applications/Xcode.app/Contents/Developer/Platforms/MacOSX.platform/Developer/SDKs/MacOSX26.1.sdk/usr/include/mach/std_types.h
/Applications/Xcode.app/Contents/Developer/Platforms/MacOSX.platform/Developer/SDKs/MacOSX26.1.sdk/usr/include/mach/processor_info.h
/Applications/Xcode.app/Contents/Developer/Platforms/MacOSX.platform/Developer/SDKs/MacOSX26.1.sdk/usr/include/mach/machine/processor_info.h
/Applications/Xcode.app/Contents/Developer/Platforms/MacOSX.platform/Developer/SDKs/MacOSX26.1.sdk/usr/include/mach/arm/processor_info.h
/Applications/Xcode.app/Contents/Developer/Platforms/MacOSX.platform/Developer/SDKs/MacOSX26.1.sdk/usr/include/mach/task_info.h
/Applications/Xcode.app/Contents/Developer/Platforms/MacOSX.platform/Developer/SDKs/MacOSX26.1.sdk/usr/include/mach/policy.h
/Applications/Xcode.app/Contents/Developer/Platforms/MacOSX.platform/Developer/SDKs/MacOSX26.1.sdk/usr/include/mach/task_inspect.h
/Applications/Xcode.app/Contents/Developer/Platforms/MacOSX.platform/Developer/SDKs/MacOSX26.1.sdk/usr/include/mach/task_policy.h
/Applications/Xcode.app/Contents/Developer/Platforms/MacOSX.platform/Developer/SDKs/MacOSX26.1.sdk/usr/include/mach/task_special_ports.h
/Applications/Xcode.app/Contents/Developer/Platforms/MacOSX.platform/Developer/SDKs/MacOSX26.1.sdk/usr/include/mach/thread_info.h
/Applications/Xcode.app/Contents/Developer/Platforms/MacOSX.platform/Developer/SDKs/MacOSX26.1.sdk/usr/include/mach/thread_policy.h
/Applications/Xcode.app/Contents/Developer/Platforms/MacOSX.platform/Developer/SDKs/MacOSX26.1.sdk/usr/include/mach/thread_special_ports.h
/Applications/Xcode.app/Contents/Developer/Platforms/MacOSX.platform/Developer/SDKs/MacOSX26.1.sdk/usr/include/mach/clock_types.h
/Applications/Xcode.app/Contents/Developer/Platforms/MacOSX.platform/Developer/SDKs/MacOSX26.1.sdk/usr/include/mach/vm_attributes.h
/Applications/Xcode.app/Contents/Developer/Platforms/MacOSX.platform/Developer/SDKs/MacOSX26.1.sdk/usr/include/mach/vm_inherit.h
/Applications/Xcode.app/Contents/Developer/Platforms/MacOSX.platform/Developer/SDKs/MacOSX26.1.sdk/usr/include/mach/vm_purgable.h
/Applications/Xcode.app/Contents/Developer/Platforms/MacOSX.platform/Developer/SDKs/MacOSX26.1.sdk/usr/include/mach/vm_behavior.h
/Applications/Xcode.app/Contents/Developer/Platforms/MacOSX.platform/Developer/SDKs/MacOSX26.1.sdk/usr/include/mach/vm_region.h
/Applications/Xcode.app/Contents/Developer/Platforms/MacOSX.platform/Developer/SDKs/MacOSX26.1.sdk/usr/include/mach/machine/vm_param.h
/Applications/Xcode.app/Contents/Developer/Platforms/MacOSX.platform/Developer/SDKs/MacOSX26.1.sdk/usr/include/mach/arm/vm_param.h
/Applications/Xcode.app/Contents/Developer/Platforms/MacOSX.platform/Developer/SDKs/MacOSX26.1.sdk/usr/include/mach/vm_page_size.h
/Applications/Xcode.app/Contents/Developer/Platforms/MacOSX.platform/Developer/SDKs/MacOSX26.1.sdk/usr/include/mach/kmod.h
/Applications/Xcode.app/Contents/Developer/Platforms/MacOSX.platform/Developer/SDKs/MacOSX26.1.sdk/usr/include/mach/dyld_kernel.h
/Applications/Xcode.app/Contents/Developer/Platforms/MacOSX.platform/Developer/SDKs/MacOSX26.1.sdk/usr/include/ConditionalMacros.h
/Applications/Xcode.app/Contents/Developer/Platforms/MacOSX.platform/Developer/SDKs/MacOSX26.1.sdk/usr/include/crt_externs.h
/Applications/Xcode.app/Contents/Developer/Platforms/MacOSX.platform/Developer/SDKs/MacOSX26.1.sdk/usr/include/fts.h
/Applications/Xcode.app/Contents/Developer/Platforms/MacOSX.platform/Developer/SDKs/MacOSX26.1.sdk/usr/include/getopt.h
/Applications/Xcode.app/Contents/Developer/Platforms/MacOSX.platform/Developer/SDKs/MacOSX26.1.sdk/usr/include/AssertMacros.h
/Applications/Xcode.app/Contents/Developer/Platforms/MacOSX.platform/Developer/SDKs/MacOSX26.1.sdk/usr/include/MacTypes.h
/Applications/Xcode.app/Contents/Developer/Platforms/MacOSX.platform/Developer/SDKs/MacOSX26.1.sdk/usr/include/mach/mach.h
/Applications/Xcode.app/Contents/Developer/Platforms/MacOSX.platform/Developer/SDKs/MacOSX26.1.sdk/usr/include/mach/mach_interface.h
/Applications/Xcode.app/Contents/Developer/Platforms/MacOSX.platform/Developer/SDKs/MacOSX26.1.sdk/usr/include/mach/clock_priv.h
/Applications/Xcode.app/Contents/Developer/Platforms/MacOSX.platform/Developer/SDKs/MacOSX26.1.sdk/usr/include/mach/ndr.h
/Applications/Xcode.app/Contents/Developer/Platforms/MacOSX.platform/Developer/SDKs/MacOSX26.1.sdk/usr/include/libkern/OSByteOrder.h
/Applications/Xcode.app/Contents/Developer/Platforms/MacOSX.platform/Developer/SDKs/MacOSX26.1.sdk/usr/include/libkern/arm/OSByteOrder.h
/Applications/Xcode.app/Contents/Developer/Platforms/MacOSX.platform/Developer/SDKs/MacOSX26.1.sdk/usr/include/arm/arch.h
/Applications/Xcode.app/Contents/Developer/Platforms/MacOSX.platform/Developer/SDKs/MacOSX26.1.sdk/usr/include/mach/notify.h
/Applications/Xcode.app/Contents/Developer/Platforms/MacOSX.platform/Developer/SDKs/MacOSX26.1.sdk/usr/include/mach/mig_errors.h
/Applications/Xcode.app/Contents/Developer/Platforms/MacOSX.platform/Developer/SDKs/MacOSX26.1.sdk/usr/include/mach/mig.h
/Applications/Xcode.app/Contents/Developer/Platforms/MacOSX.platform/Developer/SDKs/MacOSX26.1.sdk/usr/include/mach/host_priv.h
/Applications/Xcode.app/Contents/Developer/Platforms/MacOSX.platform/Developer/SDKs/MacOSX26.1.sdk/usr/include/mach_debug/mach_debug_types.h
/Applications/Xcode.app/Contents/Developer/Platforms/MacOSX.platform/Developer/SDKs/MacOSX26.1.sdk/usr/include/mach_debug/vm_info.h
/Applications/Xcode.app/Contents/Developer/Platforms/MacOSX.platform/Developer/SDKs/MacOSX26.1.sdk/usr/include/mach_debug/zone_info.h
/Applications/Xcode.app/Contents/Developer/Platforms/MacOSX.platform/Developer/SDKs/MacOSX26.1.sdk/usr/include/mach_debug/page_info.h
/Applications/Xcode.app/Contents/Developer/Platforms/MacOSX.platform/Developer/SDKs/MacOSX26.1.sdk/usr/include/mach_debug/hash_info.h
/Applications/Xcode.app/Contents/Developer/Platforms/MacOSX.platform/Developer/SDKs/MacOSX26.1.sdk/usr/include/mach_debug/lockgroup_info.h
/Applications/Xcode.app/Contents/Developer/Platforms/MacOSX.platform/Developer/SDKs/MacOSX26.1.sdk/usr/include/mach/host_security.h
/Applications/Xcode.app/Contents/Developer/Platforms/MacOSX.platform/Developer/SDKs/MacOSX26.1.sdk/usr/include/mach/processor.h
/Applications/Xcode.app/Contents/Developer/Platforms/MacOSX.platform/Developer/SDKs/MacOSX26.1.sdk/usr/include/mach/processor_set.h
/Applications/Xcode.app/Contents/Developer/Platforms/MacOSX.platform/Developer/SDKs/MacOSX26.1.sdk/usr/include/mach/semaphore.h
/Applications/Xcode.app/Contents/Developer/Platforms/MacOSX.platform/Developer/SDKs/MacOSX26.1.sdk/usr/include/mach/sync_policy.h
/Applications/Xcode.app/Contents/Developer/Platforms/MacOSX.platform/Developer/SDKs/MacOSX26.1.sdk/usr/include/mach/task.h
/Applications/Xcode.app/Contents/Developer/Platforms/MacOSX.platform/Developer/SDKs/MacOSX26.1.sdk/usr/include/mach/thread_act.h
/Applications/Xcode.app/Contents/Developer/Platforms/MacOSX.platform/Developer/SDKs/MacOSX26.1.sdk/usr/include/mach/vm_map.h
/Applications/Xcode.app/Contents/Developer/Platforms/MacOSX.platform/Developer/SDKs/MacOSX26.1.sdk/usr/include/mach/mach_port.h
/Applications/Xcode.app/Contents/Developer/Platforms/MacOSX.platform/Developer/SDKs/MacOSX26.1.sdk/usr/include/mach/mach_init.h
/Applications/Xcode.app/Contents/Developer/Platforms/MacOSX.platform/Developer/SDKs/MacOSX26.1.sdk/usr/include/mach/mach_traps.h
/Applications/Xcode.app/Contents/Developer/Platforms/MacOSX.platform/Developer/SDKs/MacOSX26.1.sdk/usr/include/mach/error.h
/Applications/Xcode.app/Contents/Developer/Platforms/MacOSX.platform/Developer/SDKs/MacOSX26.1.sdk/usr/include/mach/mach_host.h
/Applications/Xcode.app/Contents/Developer/Platforms/MacOSX.platform/Developer/SDKs/MacOSX26.1.sdk/usr/include/mach/thread_switch.h
/Applications/Xcode.app/Contents/Developer/Platforms/MacOSX.platform/Developer/SDKs/MacOSX26.1.sdk/usr/include/mach/rpc.h
/Applications/Xcode.app/Contents/Developer/Platforms/MacOSX.platform/Developer/SDKs/MacOSX26.1.sdk/usr/include/mach/machine/rpc.h
/Applications/Xcode.app/Contents/Developer/Platforms/MacOSX.platform/Developer/SDKs/MacOSX26.1.sdk/usr/include/mach/arm/rpc.h
/Applications/Xcode.app/Contents/Developer/Platforms/MacOSX.platform/Developer/SDKs/MacOSX26.1.sdk/usr/include/mach/mach_error.h
/Applications/Xcode.app/Contents/Developer/Platforms/MacOSX.platform/Developer/SDKs/MacOSX26.1.sdk/usr/include/mach/audit_triggers_types.h
/Applications/Xcode.app/Contents/Developer/Platforms/MacOSX.platform/Developer/SDKs/MacOSX26.1.sdk/usr/include/mach/bootstrap.h
/Applications/Xcode.app/Contents/Developer/Platforms/MacOSX.platform/Developer/SDKs/MacOSX26.1.sdk/usr/include/mach/clock.h
/Applications/Xcode.app/Contents/Developer/Platforms/MacOSX.platform/Developer/SDKs/MacOSX26.1.sdk/usr/include/mach/clock_reply.h
/Applications/Xcode.app/Contents/Developer/Platforms/MacOSX.platform/Developer/SDKs/MacOSX26.1.sdk/usr/include/mach/exc.h
/Applications/Xcode.app/Contents/Developer/Platforms/MacOSX.platform/Developer/SDKs/MacOSX26.1.sdk/usr/include/mach/exception.h
/Applications/Xcode.app/Contents/Developer/Platforms/MacOSX.platform/Developer/SDKs/MacOSX26.1.sdk/usr/include/mach/host_reboot.h
/Applications/Xcode.app/Contents/Developer/Platforms/MacOSX.platform/Developer/SDKs/MacOSX26.1.sdk/usr/include/arm64/hv/hv_kern_types.h
/Applications/Xcode.app/Contents/Developer/Platforms/MacOSX.platform/Developer/SDKs/MacOSX26.1.sdk/usr/include/mach/mach_param.h
/Applications/Xcode.app/Contents/Developer/Platforms/MacOSX.platform/Developer/SDKs/MacOSX26.1.sdk/usr/include/mach/mach_right.h
/Applications/Xcode.app/Contents/Developer/Platforms/MacOSX.platform/Developer/SDKs/MacOSX26.1.sdk/usr/include/mach/mach_syscalls.h
/Applications/Xcode.app/Contents/Developer/Platforms/MacOSX.platform/Developer/SDKs/MacOSX26.1.sdk/usr/include/mach/mach_time.h
/Applications/Xcode.app/Contents/Developer/Platforms/MacOSX.platform/Developer/SDKs/MacOSX26.1.sdk/usr/include/mach/mach_vm.h
/Applications/Xcode.app/Contents/Developer/Platforms/MacOSX.platform/Developer/SDKs/MacOSX26.1.sdk/usr/include/mach/mach_voucher.h
/Applications/Xcode.app/Contents/Developer/Platforms/MacOSX.platform/Developer/SDKs/MacOSX26.1.sdk/usr/include/mach/memory_entry.h
/Applications/Xcode.app/Contents/Developer/Platforms/MacOSX.platform/Developer/SDKs/MacOSX26.1.sdk/usr/include/mach/mig_strncpy_zerofill_support.h
/Applications/Xcode.app/Contents/Developer/Platforms/MacOSX.platform/Developer/SDKs/MacOSX26.1.sdk/usr/include/mach/mig_voucher_support.h
/Applications/Xcode.app/Contents/Developer/Platforms/MacOSX.platform/Developer/SDKs/MacOSX26.1.sdk/usr/include/mach/port_obj.h
/Applications/Xcode.app/Contents/Developer/Platforms/MacOSX.platform/Developer/SDKs/MacOSX26.1.sdk/usr/include/mach/sdt.h
/Applications/Xcode.app/Contents/Developer/Platforms/MacOSX.platform/Developer/SDKs/MacOSX26.1.sdk/usr/include/mach/machine/sdt.h
/Applications/Xcode.app/Contents/Developer/Platforms/MacOSX.platform/Developer/SDKs/MacOSX26.1.sdk/usr/include/sys/sdt.h
/Applications/Xcode.app/Contents/Developer/Platforms/MacOSX.platform/Developer/SDKs/MacOSX26.1.sdk/usr/include/mach/shared_region.h
/Applications/Xcode.app/Contents/Developer/Platforms/MacOSX.platform/Developer/SDKs/MacOSX26.1.sdk/usr/include/mach/sync.h
/Applications/Xcode.app/Contents/Developer/Platforms/MacOSX.platform/Developer/SDKs/MacOSX26.1.sdk/usr/include/mach/thread_state.h
/Applications/Xcode.app/Contents/Developer/Platforms/MacOSX.platform/Developer/SDKs/MacOSX26.1.sdk/usr/include/mach/vm_param.h
/Applications/Xcode.app/Contents/Developer/Platforms/MacOSX.platform/Developer/SDKs/MacOSX26.1.sdk/usr/include/mach/vm_task.h
/Applications/Xcode.app/Contents/Developer/Platforms/MacOSX.platform/Developer/SDKs/MacOSX26.1.sdk/usr/include/mach/machine/asm.h
/Applications/Xcode.app/Contents/Developer/Platforms/MacOSX.platform/Developer/SDKs/MacOSX26.1.sdk/usr/include/mach/arm64/asm.h
/Applications/Xcode.app/Contents/Developer/Platforms/MacOSX.platform/Developer/SDKs/MacOSX26.1.sdk/usr/include/mach/i386/asm.h
/Applications/Xcode.app/Contents/Developer/Platforms/MacOSX.platform/Developer/SDKs/MacOSX26.1.sdk/usr/include/mach/arm/asm.h
/Applications/Xcode.app/Contents/Developer/Platforms/MacOSX.platform/Developer/SDKs/MacOSX26.1.sdk/usr/include/mach/i386/boolean.h
/Applications/Xcode.app/Contents/Developer/Platforms/MacOSX.platform/Developer/SDKs/MacOSX26.1.sdk/usr/include/mach/i386/exception.h
/Applications/Xcode.app/Contents/Developer/Platforms/MacOSX.platform/Developer/SDKs/MacOSX26.1.sdk/usr/include/mach/i386/fp_reg.h
/Applications/Xcode.app/Contents/Developer/Platforms/MacOSX.platform/Developer/SDKs/MacOSX26.1.sdk/usr/include/mach/i386/kern_return.h
/Applications/Xcode.app/Contents/Developer/Platforms/MacOSX.platform/Developer/SDKs/MacOSX26.1.sdk/usr/include/mach/machine/ndr_def.h
/Applications/Xcode.app/Contents/Developer/Platforms/MacOSX.platform/Developer/SDKs/MacOSX26.1.sdk/usr/include/mach/arm/ndr_def.h
/Applications/Xcode.app/Contents/Developer/Platforms/MacOSX.platform/Developer/SDKs/MacOSX26.1.sdk/usr/include/mach/i386/processor_info.h
/Applications/Xcode.app/Contents/Developer/Platforms/MacOSX.platform/Developer/SDKs/MacOSX26.1.sdk/usr/include/mach/i386/rpc.h
/Applications/Xcode.app/Contents/Developer/Platforms/MacOSX.platform/Developer/SDKs/MacOSX26.1.sdk/usr/include/mach/machine/sdt_isa.h
/Applications/Xcode.app/Contents/Developer/Platforms/MacOSX.platform/Developer/SDKs/MacOSX26.1.sdk/usr/include/mach/arm/sdt_isa.h
/Applications/Xcode.app/Contents/Developer/Platforms/MacOSX.platform/Developer/SDKs/MacOSX26.1.sdk/usr/include/mach/i386/sdt_isa.h
/Applications/Xcode.app/Contents/Developer/Platforms/MacOSX.platform/Developer/SDKs/MacOSX26.1.sdk/usr/include/mach/i386/thread_state.h
/Applications/Xcode.app/Contents/Developer/Platforms/MacOSX.platform/Developer/SDKs/MacOSX26.1.sdk/usr/include/mach/i386/thread_status.h
/Applications/Xcode.app/Contents/Developer/Platforms/MacOSX.platform/Developer/SDKs/MacOSX26.1.sdk/usr/include/mach/arm/traps.h
/Applications/Xcode.app/Contents/Developer/Platforms/MacOSX.platform/Developer/SDKs/MacOSX26.1.sdk/usr/include/mach/i386/vm_param.h
/Applications/Xcode.app/Contents/Developer/Platforms/MacOSX.platform/Developer/SDKs/MacOSX26.1.sdk/usr/include/mach/i386/vm_types.h
/Applications/Xcode.app/Contents/Developer/Platforms/MacOSX.platform/Developer/SDKs/MacOSX26.1.sdk/usr/include/mach_debug/mach_debug.h
/Applications/Xcode.app/Contents/Developer/Platforms/MacOSX.platform/Developer/SDKs/MacOSX26.1.sdk/usr/include/device/device_types.h
/Applications/Xcode.app/Contents/Developer/Platforms/MacOSX.platform/Developer/SDKs/MacOSX26.1.sdk/usr/include/device/device_port.h
/Applications/Xcode.app/Contents/Developer/Platforms/MacOSX.platform/Developer/SDKs/MacOSX26.1.sdk/usr/include/libkern/OSAtomic.h
/Applications/Xcode.app/Contents/Developer/Platforms/MacOSX.platform/Developer/SDKs/MacOSX26.1.sdk/usr/include/libkern/OSAtomicDeprecated.h
/Applications/Xcode.app/Contents/Developer/Platforms/MacOSX.platform/Developer/SDKs/MacOSX26.1.sdk/usr/include/libkern/OSSpinLockDeprecated.h
/Applications/Xcode.app/Contents/Developer/Platforms/MacOSX.platform/Developer/SDKs/MacOSX26.1.sdk/usr/include/libkern/OSAtomicQueue.h
/Applications/Xcode.app/Contents/Developer/Platforms/MacOSX.platform/Developer/SDKs/MacOSX26.1.sdk/usr/include/libkern/machine/OSByteOrder.h
/Applications/Xcode.app/Contents/Developer/Platforms/MacOSX.platform/Developer/SDKs/MacOSX26.1.sdk/usr/include/libkern/i386/OSByteOrder.h
/Applications/Xcode.app/Contents/Developer/Platforms/MacOSX.platform/Developer/SDKs/MacOSX26.1.sdk/usr/include/libproc.h
/Applications/Xcode.app/Contents/Developer/Platforms/MacOSX.platform/Developer/SDKs/MacOSX26.1.sdk/usr/include/sys/mount.h
/Applications/Xcode.app/Contents/Developer/Platforms/MacOSX.platform/Developer/SDKs/MacOSX26.1.sdk/usr/include/sys/attr.h
/Applications/Xcode.app/Contents/Developer/Platforms/MacOSX.platform/Developer/SDKs/MacOSX26.1.sdk/usr/include/sys/proc_info.h
/Applications/Xcode.app/Contents/Developer/Platforms/MacOSX.platform/Developer/SDKs/MacOSX26.1.sdk/usr/include/sys/kern_control.h
/Applications/Xcode.app/Contents/Developer/Platforms/MacOSX.platform/Developer/SDKs/MacOSX26.1.sdk/usr/include/os/clock.h
/Applications/Xcode.app/Contents/Developer/Platforms/MacOSX.platform/Developer/SDKs/MacOSX26.1.sdk/usr/include/os/lock.h
/Applications/Xcode.app/Contents/Developer/Platforms/MacOSX.platform/Developer/SDKs/MacOSX26.1.sdk/usr/include/os/proc.h
/Applications/Xcode.app/Contents/Developer/Platforms/MacOSX.platform/Developer/SDKs/MacOSX26.1.sdk/usr/include/malloc/malloc.h
/Applications/Xcode.app/Contents/Developer/Platforms/MacOSX.platform/Developer/SDKs/MacOSX26.1.sdk/usr/include/malloc/_platform.h
/Applications/Xcode.app/Contents/Developer/Platforms/MacOSX.platform/Developer/SDKs/MacOSX26.1.sdk/usr/include/sys/malloc.h
/Applications/Xcode.app/Contents/Developer/Platforms/MacOSX.platform/Developer/SDKs/MacOSX26.1.sdk/usr/include/i386/_param.h
/Applications/Xcode.app/Contents/Developer/Platforms/MacOSX.platform/Developer/SDKs/MacOSX26.1.sdk/usr/include/machine/byte_order.h
/Applications/Xcode.app/Contents/Developer/Platforms/MacOSX.platform/Developer/SDKs/MacOSX26.1.sdk/usr/include/architecture/byte_order.h
/Applications/Xcode.app/Contents/Developer/Platforms/MacOSX.platform/Developer/SDKs/MacOSX26.1.sdk/usr/include/i386/eflags.h
/Applications/Xcode.app/Contents/Developer/Platforms/MacOSX.platform/Developer/SDKs/MacOSX26.1.sdk/usr/include/machine/fasttrap_isa.h
/Applications/Xcode.app/Contents/Developer/Platforms/MacOSX.platform/Developer/SDKs/MacOSX26.1.sdk/usr/include/arm/fasttrap_isa.h
/Applications/Xcode.app/Contents/Developer/Platforms/MacOSX.platform/Developer/SDKs/MacOSX26.1.sdk/usr/include/i386/fasttrap_isa.h
/Applications/Xcode.app/Contents/Developer/Platforms/MacOSX.platform/Developer/SDKs/MacOSX26.1.sdk/usr/include/i386/param.h
/Applications/Xcode.app/Contents/Developer/Platforms/MacOSX.platform/Developer/SDKs/MacOSX26.1.sdk/usr/include/machine/profile.h
/Applications/Xcode.app/Contents/Developer/Platforms/MacOSX.platform/Developer/SDKs/MacOSX26.1.sdk/usr/include/arm/profile.h
/Applications/Xcode.app/Contents/Developer/Platforms/MacOSX.platform/Developer/SDKs/MacOSX26.1.sdk/usr/include/i386/profile.h
/Applications/Xcode.app/Contents/Developer/Platforms/MacOSX.platform/Developer/SDKs/MacOSX26.1.sdk/usr/include/i386/user_ldt.h
/Applications/Xcode.app/Contents/Developer/Platforms/MacOSX.platform/Developer/SDKs/MacOSX26.1.sdk/usr/include/machine/vmparam.h
/Applications/Xcode.app/Contents/Developer/Platforms/MacOSX.platform/Developer/SDKs/MacOSX26.1.sdk/usr/include/arm/vmparam.h
/Applications/Xcode.app/Contents/Developer/Platforms/MacOSX.platform/Developer/SDKs/MacOSX26.1.sdk/usr/include/i386/vmparam.h
/Applications/Xcode.app/Contents/Developer/Platforms/MacOSX.platform/Developer/SDKs/MacOSX26.1.sdk/usr/include/aliasdb.h
/Applications/Xcode.app/Contents/Developer/Platforms/MacOSX.platform/Developer/SDKs/MacOSX26.1.sdk/usr/include/bootparams.h
/Applications/Xcode.app/Contents/Developer/Platforms/MacOSX.platform/Developer/SDKs/MacOSX26.1.sdk/usr/include/Block.h
/Applications/Xcode.app/Contents/Developer/Platforms/MacOSX.platform/Developer/SDKs/MacOSX26.1.sdk/usr/include/bsm/audit_domain.h
/Applications/Xcode.app/Contents/Developer/Platforms/MacOSX.platform/Developer/SDKs/MacOSX26.1.sdk/usr/include/bsm/audit_errno.h
/Applications/Xcode.app/Contents/Developer/Platforms/MacOSX.platform/Developer/SDKs/MacOSX26.1.sdk/usr/include/bsm/audit_fcntl.h
/Applications/Xcode.app/Contents/Developer/Platforms/MacOSX.platform/Developer/SDKs/MacOSX26.1.sdk/usr/include/bsm/audit_filter.h
/Applications/Xcode.app/Contents/Developer/Platforms/MacOSX.platform/Developer/SDKs/MacOSX26.1.sdk/usr/include/bsm/libbsm.h
/Applications/Xcode.app/Contents/Developer/Platforms/MacOSX.platform/Developer/SDKs/MacOSX26.1.sdk/usr/include/bsm/audit_record.h
/Applications/Xcode.app/Contents/Developer/Platforms/MacOSX.platform/Developer/SDKs/MacOSX26.1.sdk/usr/include/bsm/audit_internal.h
/Applications/Xcode.app/Contents/Developer/Platforms/MacOSX.platform/Developer/SDKs/MacOSX26.1.sdk/usr/include/bsm/audit_kevents.h
/Applications/Xcode.app/Contents/Developer/Platforms/MacOSX.platform/Developer/SDKs/MacOSX26.1.sdk/usr/include/bsm/audit_session.h
/Applications/Xcode.app/Contents/Developer/Platforms/MacOSX.platform/Developer/SDKs/MacOSX26.1.sdk/usr/include/bsm/audit_socket_type.h
/Applications/Xcode.app/Contents/Developer/Platforms/MacOSX.platform/Developer/SDKs/MacOSX26.1.sdk/usr/include/bsm/audit_uevents.h
/Applications/Xcode.app/Contents/Developer/Platforms/MacOSX.platform/Developer/SDKs/MacOSX26.1.sdk/usr/include/execinfo.h
/Applications/Xcode.app/Contents/Developer/Platforms/MacOSX.platform/Developer/SDKs/MacOSX26.1.sdk/usr/include/fstab.h
/Applications/Xcode.app/Contents/Developer/Platforms/MacOSX.platform/Developer/SDKs/MacOSX26.1.sdk/usr/include/hfs/hfs_format.h
/Applications/Xcode.app/Contents/Developer/Platforms/MacOSX.platform/Developer/SDKs/MacOSX26.1.sdk/usr/include/hfs/hfs_unistr.h
/Applications/Xcode.app/Contents/Developer/Platforms/MacOSX.platform/Developer/SDKs/MacOSX26.1.sdk/usr/include/hfs/hfs_mount.h
/Applications/Xcode.app/Contents/Developer/Platforms/MacOSX.platform/Developer/SDKs/MacOSX26.1.sdk/usr/include/membership.h
/Applications/Xcode.app/Contents/Developer/Platforms/MacOSX.platform/Developer/SDKs/MacOSX26.1.sdk/usr/include/ntsid.h
/Applications/Xcode.app/Contents/Developer/Platforms/MacOSX.platform/Developer/SDKs/MacOSX26.1.sdk/usr/include/curses.h
/Applications/Xcode.app/Contents/Developer/Platforms/MacOSX.platform/Developer/SDKs/MacOSX26.1.sdk/usr/include/ncurses_dll.h
/Applications/Xcode.app/Contents/Developer/Platforms/MacOSX.platform/Developer/SDKs/MacOSX26.1.sdk/usr/include/unctrl.h
/Applications/Xcode.app/Contents/Developer/Platforms/MacOSX.platform/Developer/SDKs/MacOSX26.1.sdk/usr/include/eti.h
/Applications/Xcode.app/Contents/Developer/Platforms/MacOSX.platform/Developer/SDKs/MacOSX26.1.sdk/usr/include/nc_tparm.h
/Applications/Xcode.app/Contents/Developer/Platforms/MacOSX.platform/Developer/SDKs/MacOSX26.1.sdk/usr/include/form.h
/Applications/Xcode.app/Contents/Developer/Platforms/MacOSX.platform/Developer/SDKs/MacOSX26.1.sdk/usr/include/menu.h
/Applications/Xcode.app/Contents/Developer/Platforms/MacOSX.platform/Developer/SDKs/MacOSX26.1.sdk/usr/include/panel.h
/Applications/Xcode.app/Contents/Developer/Platforms/MacOSX.platform/Developer/SDKs/MacOSX26.1.sdk/usr/include/netinet6/ah.h
/Applications/Xcode.app/Contents/Developer/Platforms/MacOSX.platform/Developer/SDKs/MacOSX26.1.sdk/usr/include/netinet6/esp.h
/Applications/Xcode.app/Contents/Developer/Platforms/MacOSX.platform/Developer/SDKs/MacOSX26.1.sdk/usr/include/netinet6/ipcomp.h
/Applications/Xcode.app/Contents/Developer/Platforms/MacOSX.platform/Developer/SDKs/MacOSX26.1.sdk/usr/include/netinet6/ipsec.h
/Applications/Xcode.app/Contents/Developer/Platforms/MacOSX.platform/Developer/SDKs/MacOSX26.1.sdk/usr/include/netinet6/raw_ip6.h
/Applications/Xcode.app/Contents/Developer/Platforms/MacOSX.platform/Developer/SDKs/MacOSX26.1.sdk/usr/include/printerdb.h
/Applications/Xcode.app/Contents/Developer/Platforms/MacOSX.platform/Developer/SDKs/MacOSX26.1.sdk/usr/include/sys/_structs.h
/Applications/Xcode.app/Contents/Developer/Platforms/MacOSX.platform/Developer/SDKs/MacOSX26.1.sdk/usr/include/sys/acct.h
/Applications/Xcode.app/Contents/Developer/Platforms/MacOSX.platform/Developer/SDKs/MacOSX26.1.sdk/usr/include/sys/acl.h
/Applications/Xcode.app/Contents/Developer/Platforms/MacOSX.platform/Developer/SDKs/MacOSX26.1.sdk/usr/include/sys/kauth.h
/Applications/Xcode.app/Contents/Developer/Platforms/MacOSX.platform/Developer/SDKs/MacOSX26.1.sdk/usr/include/sys/buf.h
/Applications/Xcode.app/Contents/Developer/Platforms/MacOSX.platform/Developer/SDKs/MacOSX26.1.sdk/usr/include/sys/kernel_types.h
/Applications/Xcode.app/Contents/Developer/Platforms/MacOSX.platform/Developer/SDKs/MacOSX26.1.sdk/usr/include/sys/clonefile.h
/Applications/Xcode.app/Contents/Developer/Platforms/MacOSX.platform/Developer/SDKs/MacOSX26.1.sdk/usr/include/sys/commpage.h
/Applications/Xcode.app/Contents/Developer/Platforms/MacOSX.platform/Developer/SDKs/MacOSX26.1.sdk/usr/include/sys/conf.h
/Applications/Xcode.app/Contents/Developer/Platforms/MacOSX.platform/Developer/SDKs/MacOSX26.1.sdk/usr/include/sys/disk.h
/Applications/Xcode.app/Contents/Developer/Platforms/MacOSX.platform/Developer/SDKs/MacOSX26.1.sdk/usr/include/sys/dkstat.h
/Applications/Xcode.app/Contents/Developer/Platforms/MacOSX.platform/Developer/SDKs/MacOSX26.1.sdk/usr/include/sys/domain.h
/Applications/Xcode.app/Contents/Developer/Platforms/MacOSX.platform/Developer/SDKs/MacOSX26.1.sdk/usr/include/sys/ev.h
/Applications/Xcode.app/Contents/Developer/Platforms/MacOSX.platform/Developer/SDKs/MacOSX26.1.sdk/usr/include/sys/file.h
/Applications/Xcode.app/Contents/Developer/Platforms/MacOSX.platform/Developer/SDKs/MacOSX26.1.sdk/usr/include/sys/filedesc.h
/Applications/Xcode.app/Contents/Developer/Platforms/MacOSX.platform/Developer/SDKs/MacOSX26.1.sdk/usr/include/sys/fileport.h
/Applications/Xcode.app/Contents/Developer/Platforms/MacOSX.platform/Developer/SDKs/MacOSX26.1.sdk/usr/include/sys/fsgetpath.h
/Applications/Xcode.app/Contents/Developer/Platforms/MacOSX.platform/Developer/SDKs/MacOSX26.1.sdk/usr/include/sys/gmon.h
/Applications/Xcode.app/Contents/Developer/Platforms/MacOSX.platform/Developer/SDKs/MacOSX26.1.sdk/usr/include/sys/ioctl_compat.h
/Applications/Xcode.app/Contents/Developer/Platforms/MacOSX.platform/Developer/SDKs/MacOSX26.1.sdk/usr/include/sys/ttychars.h
/Applications/Xcode.app/Contents/Developer/Platforms/MacOSX.platform/Developer/SDKs/MacOSX26.1.sdk/usr/include/sys/ttydev.h
/Applications/Xcode.app/Contents/Developer/Platforms/MacOSX.platform/Developer/SDKs/MacOSX26.1.sdk/usr/include/sys/kdebug.h
/Applications/Xcode.app/Contents/Developer/Platforms/MacOSX.platform/Developer/SDKs/MacOSX26.1.sdk/usr/include/sys/kdebug_signpost.h
/Applications/Xcode.app/Contents/Developer/Platforms/MacOSX.platform/Developer/SDKs/MacOSX26.1.sdk/usr/include/sys/lctx.h
/Applications/Xcode.app/Contents/Developer/Platforms/MacOSX.platform/Developer/SDKs/MacOSX26.1.sdk/usr/include/sys/mbuf.h
/Applications/Xcode.app/Contents/Developer/Platforms/MacOSX.platform/Developer/SDKs/MacOSX26.1.sdk/usr/include/sys/msgbuf.h
/Applications/Xcode.app/Contents/Developer/Platforms/MacOSX.platform/Developer/SDKs/MacOSX26.1.sdk/usr/include/sys/netport.h
/Applications/Xcode.app/Contents/Developer/Platforms/MacOSX.platform/Developer/SDKs/MacOSX26.1.sdk/usr/include/sys/paths.h
/Applications/Xcode.app/Contents/Developer/Platforms/MacOSX.platform/Developer/SDKs/MacOSX26.1.sdk/usr/include/sys/pipe.h
/Applications/Xcode.app/Contents/Developer/Platforms/MacOSX.platform/Developer/SDKs/MacOSX26.1.sdk/usr/include/sys/quota.h
/Applications/Xcode.app/Contents/Developer/Platforms/MacOSX.platform/Developer/SDKs/MacOSX26.1.sdk/usr/include/sys/rbtree.h
/Applications/Xcode.app/Contents/Developer/Platforms/MacOSX.platform/Developer/SDKs/MacOSX26.1.sdk/usr/include/sys/reboot.h
/Applications/Xcode.app/Contents/Developer/Platforms/MacOSX.platform/Developer/SDKs/MacOSX26.1.sdk/usr/include/sys/resourcevar.h
/Applications/Xcode.app/Contents/Developer/Platforms/MacOSX.platform/Developer/SDKs/MacOSX26.1.sdk/usr/include/sys/sbuf.h
/Applications/Xcode.app/Contents/Developer/Platforms/MacOSX.platform/Developer/SDKs/MacOSX26.1.sdk/usr/include/sys/signalvar.h
/Applications/Xcode.app/Contents/Developer/Platforms/MacOSX.platform/Developer/SDKs/MacOSX26.1.sdk/usr/include/sys/syscall.h
/Applications/Xcode.app/Contents/Developer/Platforms/MacOSX.platform/Developer/SDKs/MacOSX26.1.sdk/usr/include/sys/timeb.h
/Applications/Xcode.app/Contents/Developer/Platforms/MacOSX.platform/Developer/SDKs/MacOSX26.1.sdk/usr/include/sys/trace.h
/Applications/Xcode.app/Contents/Developer/Platforms/MacOSX.platform/Developer/SDKs/MacOSX26.1.sdk/usr/include/sys/tty.h
/Applications/Xcode.app/Contents/Developer/Platforms/MacOSX.platform/Developer/SDKs/MacOSX26.1.sdk/usr/include/sys/ucontext.h
/Applications/Xcode.app/Contents/Developer/Platforms/MacOSX.platform/Developer/SDKs/MacOSX26.1.sdk/usr/include/sys/unpcb.h
/Applications/Xcode.app/Contents/Developer/Platforms/MacOSX.platform/Developer/SDKs/MacOSX26.1.sdk/usr/include/sys/user.h
/Applications/Xcode.app/Contents/Developer/Platforms/MacOSX.platform/Developer/SDKs/MacOSX26.1.sdk/usr/include/sys/utfconv.h
/Applications/Xcode.app/Contents/Developer/Platforms/MacOSX.platform/Developer/SDKs/MacOSX26.1.sdk/usr/include/sys/vcmd.h
/Applications/Xcode.app/Contents/Developer/Platforms/MacOSX.platform/Developer/SDKs/MacOSX26.1.sdk/usr/include/sys/vnode.h
/Applications/Xcode.app/Contents/Developer/Platforms/MacOSX.platform/Developer/SDKs/MacOSX26.1.sdk/usr/include/_modules/_darwin_sys_signal.h
/Applications/Xcode.app/Contents/Developer/Platforms/MacOSX.platform/Developer/SDKs/MacOSX26.1.sdk/usr/include/sysdir.h
/Applications/Xcode.app/Contents/Developer/Platforms/MacOSX.platform/Developer/SDKs/MacOSX26.1.sdk/usr/include/libc.h
/Applications/Xcode.app/Contents/Developer/Platforms/MacOSX.platform/Developer/SDKs/MacOSX26.1.sdk/usr/include/paths.h
/Applications/Xcode.app/Contents/Developer/Platforms/MacOSX.platform/Developer/SDKs/MacOSX26.1.sdk/usr/include/sysexits.h
/Applications/Xcode.app/Contents/Developer/Platforms/MacOSX.platform/Developer/SDKs/MacOSX26.1.sdk/SDKSettings.json
/Applications/Xcode.app/Contents/Developer/Toolchains/XcodeDefault.xctoolchain/usr/lib/swift/macosx/prebuilt-modules/26.1/Darwin.swiftmodule/arm64e-apple-macos.swiftmodule
/Applications/Xcode.app/Contents/Developer/Platforms/MacOSX.platform/Developer/SDKs/MacOSX26.1.sdk/System/Library/Frameworks/DiskArbitration.framework/Modules/module.modulemap
/Applications/Xcode.app/Contents/Developer/Platforms/MacOSX.platform/Developer/SDKs/MacOSX26.1.sdk/System/Library/Frameworks/DiskArbitration.framework/Headers/DiskArbitration.h
/Applications/Xcode.app/Contents/Developer/Platforms/MacOSX.platform/Developer/SDKs/MacOSX26.1.sdk/System/Library/Frameworks/CoreFoundation.framework/Modules/module.modulemap
/Applications/Xcode.app/Contents/Developer/Platforms/MacOSX.platform/Developer/SDKs/MacOSX26.1.sdk/usr/include/Darwin.modulemap
/Applications/Xcode.app/Contents/Developer/Platforms/MacOSX.platform/Developer/SDKs/MacOSX26.1.sdk/usr/include/DarwinFoundation1.modulemap
/Applications/Xcode.app/Contents/Developer/Platforms/MacOSX.platform/Developer/SDKs/MacOSX26.1.sdk/System/Library/Frameworks/DiskArbitration.framework/Headers/DADisk.h
/Applications/Xcode.app/Contents/Developer/Platforms/MacOSX.platform/Developer/SDKs/MacOSX26.1.sdk/System/Library/Frameworks/IOKit.framework/Modules/module.modulemap
/Applications/Xcode.app/Contents/Developer/Platforms/MacOSX.platform/Developer/SDKs/MacOSX26.1.sdk/System/Library/Frameworks/DiskArbitration.framework/Headers/DASession.h
/Applications/Xcode.app/Contents/Developer/Platforms/MacOSX.platform/Developer/SDKs/MacOSX26.1.sdk/System/Library/Frameworks/DiskArbitration.framework/Headers/DADissenter.h
/Applications/Xcode.app/Contents/Developer/Platforms/MacOSX.platform/Developer/SDKs/MacOSX26.1.sdk/SDKSettings.json
/Applications/Xcode.app/Contents/Developer/Platforms/MacOSX.platform/Developer/SDKs/MacOSX26.1.sdk/usr/include/Dispatch.apinotes
/Applications/Xcode.app/Contents/Developer/Platforms/MacOSX.platform/Developer/SDKs/MacOSX26.1.sdk/usr/include/dispatch.modulemap
/Applications/Xcode.app/Contents/Developer/Platforms/MacOSX.platform/Developer/SDKs/MacOSX26.1.sdk/usr/include/os.modulemap
/Applications/Xcode.app/Contents/Developer/Platforms/MacOSX.platform/Developer/SDKs/MacOSX26.1.sdk/usr/include/Darwin.modulemap
/Applications/Xcode.app/Contents/Developer/Platforms/MacOSX.platform/Developer/SDKs/MacOSX26.1.sdk/usr/include/Darwin_C.modulemap
/Applications/Xcode.app/Contents/Developer/Platforms/MacOSX.platform/Developer/SDKs/MacOSX26.1.sdk/usr/include/Darwin_POSIX.modulemap
/Applications/Xcode.app/Contents/Developer/Platforms/MacOSX.platform/Developer/SDKs/MacOSX26.1.sdk/usr/include/net.modulemap
/Applications/Xcode.app/Contents/Developer/Platforms/MacOSX.platform/Developer/SDKs/MacOSX26.1.sdk/usr/include/netinet.modulemap
/Applications/Xcode.app/Contents/Developer/Platforms/MacOSX.platform/Developer/SDKs/MacOSX26.1.sdk/usr/include/bank.modulemap
/Applications/Xcode.app/Contents/Developer/Platforms/MacOSX.platform/Developer/SDKs/MacOSX26.1.sdk/usr/include/Darwin_Mach.modulemap
/Applications/Xcode.app/Contents/Developer/Platforms/MacOSX.platform/Developer/SDKs/MacOSX26.1.sdk/usr/include/Darwin_Mach_machine.modulemap
/Applications/Xcode.app/Contents/Developer/Platforms/MacOSX.platform/Developer/SDKs/MacOSX26.1.sdk/usr/include/mach_debug.modulemap
/Applications/Xcode.app/Contents/Developer/Platforms/MacOSX.platform/Developer/SDKs/MacOSX26.1.sdk/usr/include/device.modulemap
/Applications/Xcode.app/Contents/Developer/Platforms/MacOSX.platform/Developer/SDKs/MacOSX26.1.sdk/usr/include/Darwin_machine.modulemap
/Applications/Xcode.app/Contents/Developer/Platforms/MacOSX.platform/Developer/SDKs/MacOSX26.1.sdk/usr/include/ncurses.modulemap
/Applications/Xcode.app/Contents/Developer/Platforms/MacOSX.platform/Developer/SDKs/MacOSX26.1.sdk/usr/include/netinet6.modulemap
/Applications/Xcode.app/Contents/Developer/Platforms/MacOSX.platform/Developer/SDKs/MacOSX26.1.sdk/usr/include/Darwin_sys.modulemap
/Applications/Xcode.app/Contents/Developer/Platforms/MacOSX.platform/Developer/SDKs/MacOSX26.1.sdk/usr/include/uuid.modulemap
/Applications/Xcode.app/Contents/Developer/Platforms/MacOSX.platform/Developer/SDKs/MacOSX26.1.sdk/usr/include/DarwinFoundation2.modulemap
/Applications/Xcode.app/Contents/Developer/Platforms/MacOSX.platform/Developer/SDKs/MacOSX26.1.sdk/usr/include/DarwinFoundation3.modulemap
/Applications/Xcode.app/Contents/Developer/Platforms/MacOSX.platform/Developer/SDKs/MacOSX26.1.sdk/usr/include/DarwinFoundation1.modulemap
/Applications/Xcode.app/Contents/Developer/Platforms/MacOSX.platform/Developer/SDKs/MacOSX26.1.sdk/usr/include/dispatch/dispatch.h
/Applications/Xcode.app/Contents/Developer/Toolchains/XcodeDefault.xctoolchain/usr/lib/swift/clang/include/module.modulemap
/Applications/Xcode.app/Contents/Developer/Toolchains/XcodeDefault.xctoolchain/usr/lib/swift/clang/include/stddef.h
/Applications/Xcode.app/Contents/Developer/Toolchains/XcodeDefault.xctoolchain/usr/lib/swift/clang/include/stdarg.h
/Applications/Xcode.app/Contents/Developer/Platforms/MacOSX.platform/Developer/SDKs/MacOSX26.1.sdk/usr/include/string.h
/Applications/Xcode.app/Contents/Developer/Platforms/MacOSX.platform/Developer/SDKs/MacOSX26.1.sdk/usr/include/dispatch/base.h
/Applications/Xcode.app/Contents/Developer/Platforms/MacOSX.platform/Developer/SDKs/MacOSX26.1.sdk/usr/include/dispatch/time.h
/Applications/Xcode.app/Contents/Developer/Platforms/MacOSX.platform/Developer/SDKs/MacOSX26.1.sdk/usr/include/dispatch/object.h
/Applications/Xcode.app/Contents/Developer/Platforms/MacOSX.platform/Developer/SDKs/MacOSX26.1.sdk/usr/include/dispatch/queue.h
/Applications/Xcode.app/Contents/Developer/Platforms/MacOSX.platform/Developer/SDKs/MacOSX26.1.sdk/usr/include/dispatch/block.h
/Applications/Xcode.app/Contents/Developer/Platforms/MacOSX.platform/Developer/SDKs/MacOSX26.1.sdk/usr/include/dispatch/source.h
/Applications/Xcode.app/Contents/Developer/Platforms/MacOSX.platform/Developer/SDKs/MacOSX26.1.sdk/usr/include/dispatch/group.h
/Applications/Xcode.app/Contents/Developer/Platforms/MacOSX.platform/Developer/SDKs/MacOSX26.1.sdk/usr/include/dispatch/semaphore.h
/Applications/Xcode.app/Contents/Developer/Platforms/MacOSX.platform/Developer/SDKs/MacOSX26.1.sdk/usr/include/dispatch/once.h
/Applications/Xcode.app/Contents/Developer/Platforms/MacOSX.platform/Developer/SDKs/MacOSX26.1.sdk/usr/include/dispatch/data.h
/Applications/Xcode.app/Contents/Developer/Platforms/MacOSX.platform/Developer/SDKs/MacOSX26.1.sdk/usr/include/dispatch/io.h
/Applications/Xcode.app/Contents/Developer/Platforms/MacOSX.platform/Developer/SDKs/MacOSX26.1.sdk/usr/include/dispatch/workloop.h
/Applications/Xcode.app/Contents/Developer/Platforms/MacOSX.platform/Developer/SDKs/MacOSX26.1.sdk/usr/include/dispatch/dispatch_swift_shims.h
/Applications/Xcode.app/Contents/Developer/Platforms/MacOSX.platform/Developer/SDKs/MacOSX26.1.sdk/SDKSettings.json
/Applications/Xcode.app/Contents/Developer/Toolchains/XcodeDefault.xctoolchain/usr/lib/swift/macosx/prebuilt-modules/26.1/Dispatch.swiftmodule/arm64e-apple-macos.swiftmodule
/Applications/Xcode.app/Contents/Developer/Toolchains/XcodeDefault.xctoolchain/usr/lib/swift/macosx/prebuilt-modules/26.1/Foundation.swiftmodule/arm64e-apple-macos.swiftmodule
/Applications/Xcode.app/Contents/Developer/Platforms/MacOSX.platform/Developer/SDKs/MacOSX26.1.sdk/System/Library/Frameworks/Foundation.framework/Headers/Foundation.apinotes
/Applications/Xcode.app/Contents/Developer/Platforms/MacOSX.platform/Developer/SDKs/MacOSX26.1.sdk/System/Library/Frameworks/Foundation.framework/Modules/module.modulemap
/Applications/Xcode.app/Contents/Developer/Platforms/MacOSX.platform/Developer/SDKs/MacOSX26.1.sdk/System/Library/Frameworks/Foundation.framework/Headers/Foundation.h
/Applications/Xcode.app/Contents/Developer/Platforms/MacOSX.platform/Developer/SDKs/MacOSX26.1.sdk/System/Library/Frameworks/CoreFoundation.framework/Modules/module.modulemap
/Applications/Xcode.app/Contents/Developer/Platforms/MacOSX.platform/Developer/SDKs/MacOSX26.1.sdk/System/Library/Frameworks/Foundation.framework/Headers/NSObjCRuntime.h
/Applications/Xcode.app/Contents/Developer/Platforms/MacOSX.platform/Developer/SDKs/MacOSX26.1.sdk/usr/include/xpc.modulemap
/Applications/Xcode.app/Contents/Developer/Platforms/MacOSX.platform/Developer/SDKs/MacOSX26.1.sdk/usr/include/dispatch.modulemap
/Applications/Xcode.app/Contents/Developer/Platforms/MacOSX.platform/Developer/SDKs/MacOSX26.1.sdk/usr/include/ObjectiveC.modulemap
/Applications/Xcode.app/Contents/Developer/Platforms/MacOSX.platform/Developer/SDKs/MacOSX26.1.sdk/usr/include/Darwin.modulemap
/Applications/Xcode.app/Contents/Developer/Platforms/MacOSX.platform/Developer/SDKs/MacOSX26.1.sdk/usr/include/DarwinFoundation1.modulemap
/Applications/Xcode.app/Contents/Developer/Toolchains/XcodeDefault.xctoolchain/usr/lib/swift/clang/include/module.modulemap
/Applications/Xcode.app/Contents/Developer/Toolchains/XcodeDefault.xctoolchain/usr/lib/swift/clang/include/stdarg.h
/Applications/Xcode.app/Contents/Developer/Platforms/MacOSX.platform/Developer/SDKs/MacOSX26.1.sdk/System/Library/Frameworks/Foundation.framework/Headers/NSArray.h
/Applications/Xcode.app/Contents/Developer/Platforms/MacOSX.platform/Developer/SDKs/MacOSX26.1.sdk/System/Library/Frameworks/Foundation.framework/Headers/NSObject.h
/Applications/Xcode.app/Contents/Developer/Platforms/MacOSX.platform/Developer/SDKs/MacOSX26.1.sdk/System/Library/Frameworks/Foundation.framework/Headers/NSZone.h
/Applications/Xcode.app/Contents/Developer/Toolchains/XcodeDefault.xctoolchain/usr/lib/swift/clang/include/stddef.h
/Applications/Xcode.app/Contents/Developer/Platforms/MacOSX.platform/Developer/SDKs/MacOSX26.1.sdk/System/Library/Frameworks/Foundation.framework/Headers/NSEnumerator.h
/Applications/Xcode.app/Contents/Developer/Platforms/MacOSX.platform/Developer/SDKs/MacOSX26.1.sdk/System/Library/Frameworks/Foundation.framework/Headers/NSRange.h
/Applications/Xcode.app/Contents/Developer/Platforms/MacOSX.platform/Developer/SDKs/MacOSX26.1.sdk/System/Library/Frameworks/Foundation.framework/Headers/NSValue.h
/Applications/Xcode.app/Contents/Developer/Platforms/MacOSX.platform/Developer/SDKs/MacOSX26.1.sdk/System/Library/Frameworks/Foundation.framework/Headers/NSOrderedCollectionDifference.h
/Applications/Xcode.app/Contents/Developer/Platforms/MacOSX.platform/Developer/SDKs/MacOSX26.1.sdk/System/Library/Frameworks/Foundation.framework/Headers/NSOrderedCollectionChange.h
/Applications/Xcode.app/Contents/Developer/Platforms/MacOSX.platform/Developer/SDKs/MacOSX26.1.sdk/System/Library/Frameworks/Foundation.framework/Headers/NSIndexSet.h
/Applications/Xcode.app/Contents/Developer/Platforms/MacOSX.platform/Developer/SDKs/MacOSX26.1.sdk/System/Library/Frameworks/Foundation.framework/Headers/NSAutoreleasePool.h
/Applications/Xcode.app/Contents/Developer/Platforms/MacOSX.platform/Developer/SDKs/MacOSX26.1.sdk/System/Library/Frameworks/Foundation.framework/Headers/NSBundle.h
/Applications/Xcode.app/Contents/Developer/Platforms/MacOSX.platform/Developer/SDKs/MacOSX26.1.sdk/System/Library/Frameworks/Foundation.framework/Headers/NSString.h
/Applications/Xcode.app/Contents/Developer/Platforms/MacOSX.platform/Developer/SDKs/MacOSX26.1.sdk/System/Library/Frameworks/Foundation.framework/Headers/NSItemProvider.h
/Applications/Xcode.app/Contents/Developer/Platforms/MacOSX.platform/Developer/SDKs/MacOSX26.1.sdk/System/Library/Frameworks/Foundation.framework/Headers/NSDictionary.h
/Applications/Xcode.app/Contents/Developer/Platforms/MacOSX.platform/Developer/SDKs/MacOSX26.1.sdk/System/Library/Frameworks/Foundation.framework/Headers/NSSet.h
/Applications/Xcode.app/Contents/Developer/Platforms/MacOSX.platform/Developer/SDKs/MacOSX26.1.sdk/System/Library/Frameworks/Foundation.framework/Headers/NSProgress.h
/Applications/Xcode.app/Contents/Developer/Platforms/MacOSX.platform/Developer/SDKs/MacOSX26.1.sdk/System/Library/Frameworks/Foundation.framework/Headers/NSNotification.h
/Applications/Xcode.app/Contents/Developer/Platforms/MacOSX.platform/Developer/SDKs/MacOSX26.1.sdk/System/Library/Frameworks/Foundation.framework/Headers/NSByteOrder.h
/Applications/Xcode.app/Contents/Developer/Platforms/MacOSX.platform/Developer/SDKs/MacOSX26.1.sdk/System/Library/Frameworks/Foundation.framework/Headers/NSCalendar.h
/Applications/Xcode.app/Contents/Developer/Platforms/MacOSX.platform/Developer/SDKs/MacOSX26.1.sdk/System/Library/Frameworks/Foundation.framework/Headers/NSDate.h
/Applications/Xcode.app/Contents/Developer/Platforms/MacOSX.platform/Developer/SDKs/MacOSX26.1.sdk/System/Library/Frameworks/Foundation.framework/Headers/NSCharacterSet.h
/Applications/Xcode.app/Contents/Developer/Platforms/MacOSX.platform/Developer/SDKs/MacOSX26.1.sdk/System/Library/Frameworks/Foundation.framework/Headers/NSCoder.h
/Applications/Xcode.app/Contents/Developer/Platforms/MacOSX.platform/Developer/SDKs/MacOSX26.1.sdk/System/Library/Frameworks/Foundation.framework/Headers/NSData.h
/Applications/Xcode.app/Contents/Developer/Platforms/MacOSX.platform/Developer/SDKs/MacOSX26.1.sdk/System/Library/Frameworks/Foundation.framework/Headers/NSDateInterval.h
/Applications/Xcode.app/Contents/Developer/Platforms/MacOSX.platform/Developer/SDKs/MacOSX26.1.sdk/System/Library/Frameworks/Foundation.framework/Headers/NSDateFormatter.h
/Applications/Xcode.app/Contents/Developer/Platforms/MacOSX.platform/Developer/SDKs/MacOSX26.1.sdk/System/Library/Frameworks/Foundation.framework/Headers/NSFormatter.h
/Applications/Xcode.app/Contents/Developer/Platforms/MacOSX.platform/Developer/SDKs/MacOSX26.1.sdk/System/Library/Frameworks/Foundation.framework/Headers/NSAttributedString.h
/Applications/Xcode.app/Contents/Developer/Platforms/MacOSX.platform/Developer/SDKs/MacOSX26.1.sdk/System/Library/Frameworks/Foundation.framework/Headers/NSDateIntervalFormatter.h
/Applications/Xcode.app/Contents/Developer/Platforms/MacOSX.platform/Developer/SDKs/MacOSX26.1.sdk/System/Library/Frameworks/Foundation.framework/Headers/NSISO8601DateFormatter.h
/Applications/Xcode.app/Contents/Developer/Platforms/MacOSX.platform/Developer/SDKs/MacOSX26.1.sdk/System/Library/Frameworks/Foundation.framework/Headers/NSMassFormatter.h
/Applications/Xcode.app/Contents/Developer/Platforms/MacOSX.platform/Developer/SDKs/MacOSX26.1.sdk/System/Library/Frameworks/Foundation.framework/Headers/NSLengthFormatter.h
/Applications/Xcode.app/Contents/Developer/Platforms/MacOSX.platform/Developer/SDKs/MacOSX26.1.sdk/System/Library/Frameworks/Foundation.framework/Headers/NSEnergyFormatter.h
/Applications/Xcode.app/Contents/Developer/Platforms/MacOSX.platform/Developer/SDKs/MacOSX26.1.sdk/System/Library/Frameworks/Foundation.framework/Headers/NSMeasurementFormatter.h
/Applications/Xcode.app/Contents/Developer/Platforms/MacOSX.platform/Developer/SDKs/MacOSX26.1.sdk/System/Library/Frameworks/Foundation.framework/Headers/NSNumberFormatter.h
/Applications/Xcode.app/Contents/Developer/Platforms/MacOSX.platform/Developer/SDKs/MacOSX26.1.sdk/System/Library/Frameworks/Foundation.framework/Headers/NSMeasurement.h
/Applications/Xcode.app/Contents/Developer/Platforms/MacOSX.platform/Developer/SDKs/MacOSX26.1.sdk/System/Library/Frameworks/Foundation.framework/Headers/NSUnit.h
/Applications/Xcode.app/Contents/Developer/Platforms/MacOSX.platform/Developer/SDKs/MacOSX26.1.sdk/System/Library/Frameworks/Foundation.framework/Headers/NSLocale.h
/Applications/Xcode.app/Contents/Developer/Platforms/MacOSX.platform/Developer/SDKs/MacOSX26.1.sdk/System/Library/Frameworks/Foundation.framework/Headers/NSPersonNameComponents.h
/Applications/Xcode.app/Contents/Developer/Platforms/MacOSX.platform/Developer/SDKs/MacOSX26.1.sdk/System/Library/Frameworks/Foundation.framework/Headers/NSPersonNameComponentsFormatter.h
/Applications/Xcode.app/Contents/Developer/Platforms/MacOSX.platform/Developer/SDKs/MacOSX26.1.sdk/System/Library/Frameworks/Foundation.framework/Headers/NSRelativeDateTimeFormatter.h
/Applications/Xcode.app/Contents/Developer/Platforms/MacOSX.platform/Developer/SDKs/MacOSX26.1.sdk/System/Library/Frameworks/Foundation.framework/Headers/NSListFormatter.h
/Applications/Xcode.app/Contents/Developer/Platforms/MacOSX.platform/Developer/SDKs/MacOSX26.1.sdk/System/Library/Frameworks/Foundation.framework/Headers/NSDecimal.h
/Applications/Xcode.app/Contents/Developer/Platforms/MacOSX.platform/Developer/SDKs/MacOSX26.1.sdk/System/Library/Frameworks/Foundation.framework/Headers/NSDecimalNumber.h
/Applications/Xcode.app/Contents/Developer/Platforms/MacOSX.platform/Developer/SDKs/MacOSX26.1.sdk/System/Library/Frameworks/Foundation.framework/Headers/NSScanner.h
/Applications/Xcode.app/Contents/Developer/Platforms/MacOSX.platform/Developer/SDKs/MacOSX26.1.sdk/System/Library/Frameworks/Foundation.framework/Headers/NSException.h
/Applications/Xcode.app/Contents/Developer/Platforms/MacOSX.platform/Developer/SDKs/MacOSX26.1.sdk/System/Library/Frameworks/Foundation.framework/Headers/NSError.h
/Applications/Xcode.app/Contents/Developer/Platforms/MacOSX.platform/Developer/SDKs/MacOSX26.1.sdk/System/Library/Frameworks/Foundation.framework/Headers/NSFileHandle.h
/Applications/Xcode.app/Contents/Developer/Platforms/MacOSX.platform/Developer/SDKs/MacOSX26.1.sdk/System/Library/Frameworks/Foundation.framework/Headers/NSRunLoop.h
/Applications/Xcode.app/Contents/Developer/Platforms/MacOSX.platform/Developer/SDKs/MacOSX26.1.sdk/System/Library/Frameworks/Foundation.framework/Headers/NSFileManager.h
/Applications/Xcode.app/Contents/Developer/Platforms/MacOSX.platform/Developer/SDKs/MacOSX26.1.sdk/System/Library/Frameworks/Foundation.framework/Headers/NSPathUtilities.h
/Applications/Xcode.app/Contents/Developer/Platforms/MacOSX.platform/Developer/SDKs/MacOSX26.1.sdk/System/Library/Frameworks/Foundation.framework/Headers/NSURL.h
/Applications/Xcode.app/Contents/Developer/Platforms/MacOSX.platform/Developer/SDKs/MacOSX26.1.sdk/System/Library/Frameworks/Foundation.framework/Headers/NSURLHandle.h
/Applications/Xcode.app/Contents/Developer/Platforms/MacOSX.platform/Developer/SDKs/MacOSX26.1.sdk/System/Library/Frameworks/Foundation.framework/Headers/NSHashTable.h
/Applications/Xcode.app/Contents/Developer/Platforms/MacOSX.platform/Developer/SDKs/MacOSX26.1.sdk/System/Library/Frameworks/Foundation.framework/Headers/NSPointerFunctions.h
/Applications/Xcode.app/Contents/Developer/Platforms/MacOSX.platform/Developer/SDKs/MacOSX26.1.sdk/System/Library/Frameworks/Foundation.framework/Headers/NSHTTPCookie.h
/Applications/Xcode.app/Contents/Developer/Platforms/MacOSX.platform/Developer/SDKs/MacOSX26.1.sdk/System/Library/Frameworks/Foundation.framework/Headers/NSHTTPCookieStorage.h
/Applications/Xcode.app/Contents/Developer/Platforms/MacOSX.platform/Developer/SDKs/MacOSX26.1.sdk/System/Library/Frameworks/Foundation.framework/Headers/NSIndexPath.h
/Applications/Xcode.app/Contents/Developer/Platforms/MacOSX.platform/Developer/SDKs/MacOSX26.1.sdk/System/Library/Frameworks/Foundation.framework/Headers/NSInflectionRule.h
/Applications/Xcode.app/Contents/Developer/Platforms/MacOSX.platform/Developer/SDKs/MacOSX26.1.sdk/System/Library/Frameworks/Foundation.framework/Headers/NSInvocation.h
/Applications/Xcode.app/Contents/Developer/Platforms/MacOSX.platform/Developer/SDKs/MacOSX26.1.sdk/System/Library/Frameworks/Foundation.framework/Headers/NSJSONSerialization.h
/Applications/Xcode.app/Contents/Developer/Platforms/MacOSX.platform/Developer/SDKs/MacOSX26.1.sdk/System/Library/Frameworks/Foundation.framework/Headers/NSKeyValueCoding.h
/Applications/Xcode.app/Contents/Developer/Platforms/MacOSX.platform/Developer/SDKs/MacOSX26.1.sdk/System/Library/Frameworks/Foundation.framework/Headers/NSOrderedSet.h
/Applications/Xcode.app/Contents/Developer/Platforms/MacOSX.platform/Developer/SDKs/MacOSX26.1.sdk/System/Library/Frameworks/Foundation.framework/Headers/NSKeyValueObserving.h
/Applications/Xcode.app/Contents/Developer/Platforms/MacOSX.platform/Developer/SDKs/MacOSX26.1.sdk/System/Library/Frameworks/Foundation.framework/Headers/NSKeyValueSharedObservers.h
/Applications/Xcode.app/Contents/Developer/Platforms/MacOSX.platform/Developer/SDKs/MacOSX26.1.sdk/System/Library/Frameworks/Foundation.framework/Headers/NSKeyedArchiver.h
/Applications/Xcode.app/Contents/Developer/Platforms/MacOSX.platform/Developer/SDKs/MacOSX26.1.sdk/System/Library/Frameworks/Foundation.framework/Headers/NSPropertyList.h
/Applications/Xcode.app/Contents/Developer/Platforms/MacOSX.platform/Developer/SDKs/MacOSX26.1.sdk/System/Library/Frameworks/Foundation.framework/Headers/NSGeometry.h
/Applications/Xcode.app/Contents/Developer/Platforms/MacOSX.platform/Developer/SDKs/MacOSX26.1.sdk/System/Library/Frameworks/Foundation.framework/Headers/NSLock.h
/Applications/Xcode.app/Contents/Developer/Platforms/MacOSX.platform/Developer/SDKs/MacOSX26.1.sdk/System/Library/Frameworks/Foundation.framework/Headers/NSMapTable.h
/Applications/Xcode.app/Contents/Developer/Platforms/MacOSX.platform/Developer/SDKs/MacOSX26.1.sdk/System/Library/Frameworks/Foundation.framework/Headers/NSMethodSignature.h
/Applications/Xcode.app/Contents/Developer/Platforms/MacOSX.platform/Developer/SDKs/MacOSX26.1.sdk/System/Library/Frameworks/Foundation.framework/Headers/NSMorphology.h
/Applications/Xcode.app/Contents/Developer/Platforms/MacOSX.platform/Developer/SDKs/MacOSX26.1.sdk/System/Library/Frameworks/Foundation.framework/Headers/NSTermOfAddress.h
/Applications/Xcode.app/Contents/Developer/Platforms/MacOSX.platform/Developer/SDKs/MacOSX26.1.sdk/System/Library/Frameworks/Foundation.framework/Headers/NSNotificationQueue.h
/Applications/Xcode.app/Contents/Developer/Platforms/MacOSX.platform/Developer/SDKs/MacOSX26.1.sdk/System/Library/Frameworks/Foundation.framework/Headers/NSNull.h
/Applications/Xcode.app/Contents/Developer/Platforms/MacOSX.platform/Developer/SDKs/MacOSX26.1.sdk/System/Library/Frameworks/Foundation.framework/Headers/NSLocalizedNumberFormatRule.h
/Applications/Xcode.app/Contents/Developer/Platforms/MacOSX.platform/Developer/SDKs/MacOSX26.1.sdk/System/Library/Frameworks/Foundation.framework/Headers/NSOperation.h
/Applications/Xcode.app/Contents/Developer/Platforms/MacOSX.platform/Developer/SDKs/MacOSX26.1.sdk/System/Library/Frameworks/Foundation.framework/Headers/NSOrthography.h
/Applications/Xcode.app/Contents/Developer/Platforms/MacOSX.platform/Developer/SDKs/MacOSX26.1.sdk/System/Library/Frameworks/Foundation.framework/Headers/NSPointerArray.h
/Applications/Xcode.app/Contents/Developer/Platforms/MacOSX.platform/Developer/SDKs/MacOSX26.1.sdk/System/Library/Frameworks/Foundation.framework/Headers/NSPort.h
/Applications/Xcode.app/Contents/Developer/Platforms/MacOSX.platform/Developer/SDKs/MacOSX26.1.sdk/System/Library/Frameworks/Foundation.framework/Headers/NSProcessInfo.h
/Applications/Xcode.app/Contents/Developer/Platforms/MacOSX.platform/Developer/SDKs/MacOSX26.1.sdk/System/Library/Frameworks/Foundation.framework/Headers/NSProxy.h
/Applications/Xcode.app/Contents/Developer/Platforms/MacOSX.platform/Developer/SDKs/MacOSX26.1.sdk/System/Library/Frameworks/Foundation.framework/Headers/NSRegularExpression.h
/Applications/Xcode.app/Contents/Developer/Platforms/MacOSX.platform/Developer/SDKs/MacOSX26.1.sdk/System/Library/Frameworks/Foundation.framework/Headers/NSTextCheckingResult.h
/Applications/Xcode.app/Contents/Developer/Platforms/MacOSX.platform/Developer/SDKs/MacOSX26.1.sdk/System/Library/Frameworks/Foundation.framework/Headers/NSSortDescriptor.h
/Applications/Xcode.app/Contents/Developer/Platforms/MacOSX.platform/Developer/SDKs/MacOSX26.1.sdk/System/Library/Frameworks/Foundation.framework/Headers/NSStream.h
/Applications/Xcode.app/Contents/Developer/Platforms/MacOSX.platform/Developer/SDKs/MacOSX26.1.sdk/System/Library/Frameworks/Foundation.framework/Headers/NSThread.h
/Applications/Xcode.app/Contents/Developer/Platforms/MacOSX.platform/Developer/SDKs/MacOSX26.1.sdk/System/Library/Frameworks/Foundation.framework/Headers/NSTimeZone.h
/Applications/Xcode.app/Contents/Developer/Platforms/MacOSX.platform/Developer/SDKs/MacOSX26.1.sdk/System/Library/Frameworks/Foundation.framework/Headers/NSTimer.h
/Applications/Xcode.app/Contents/Developer/Platforms/MacOSX.platform/Developer/SDKs/MacOSX26.1.sdk/System/Library/Frameworks/Foundation.framework/Headers/NSURLAuthenticationChallenge.h
/Applications/Xcode.app/Contents/Developer/Platforms/MacOSX.platform/Developer/SDKs/MacOSX26.1.sdk/System/Library/Frameworks/Foundation.framework/Headers/NSURLCache.h
/Applications/Xcode.app/Contents/Developer/Platforms/MacOSX.platform/Developer/SDKs/MacOSX26.1.sdk/System/Library/Frameworks/Foundation.framework/Headers/NSURLConnection.h
/Applications/Xcode.app/Contents/Developer/Platforms/MacOSX.platform/Developer/SDKs/MacOSX26.1.sdk/System/Library/Frameworks/Foundation.framework/Headers/NSURLCredential.h
/Applications/Xcode.app/Contents/Developer/Platforms/MacOSX.platform/Developer/SDKs/MacOSX26.1.sdk/System/Library/Frameworks/Security.framework/Modules/module.modulemap
/Applications/Xcode.app/Contents/Developer/Platforms/MacOSX.platform/Developer/SDKs/MacOSX26.1.sdk/System/Library/Frameworks/Foundation.framework/Headers/NSURLCredentialStorage.h
/Applications/Xcode.app/Contents/Developer/Platforms/MacOSX.platform/Developer/SDKs/MacOSX26.1.sdk/System/Library/Frameworks/Foundation.framework/Headers/NSURLProtectionSpace.h
/Applications/Xcode.app/Contents/Developer/Platforms/MacOSX.platform/Developer/SDKs/MacOSX26.1.sdk/System/Library/Frameworks/Foundation.framework/Headers/NSURLError.h
/Applications/Xcode.app/Contents/Developer/Platforms/MacOSX.platform/Developer/SDKs/MacOSX26.1.sdk/System/Library/Frameworks/CoreServices.framework/Modules/module.modulemap
/Applications/Xcode.app/Contents/Developer/Platforms/MacOSX.platform/Developer/SDKs/MacOSX26.1.sdk/System/Library/Frameworks/Foundation.framework/Headers/NSURLProtocol.h
/Applications/Xcode.app/Contents/Developer/Platforms/MacOSX.platform/Developer/SDKs/MacOSX26.1.sdk/System/Library/Frameworks/Foundation.framework/Headers/NSURLRequest.h
/Applications/Xcode.app/Contents/Developer/Platforms/MacOSX.platform/Developer/SDKs/MacOSX26.1.sdk/System/Library/Frameworks/Foundation.framework/Headers/NSURLResponse.h
/Applications/Xcode.app/Contents/Developer/Platforms/MacOSX.platform/Developer/SDKs/MacOSX26.1.sdk/System/Library/Frameworks/Foundation.framework/Headers/NSUserDefaults.h
/Applications/Xcode.app/Contents/Developer/Platforms/MacOSX.platform/Developer/SDKs/MacOSX26.1.sdk/System/Library/Frameworks/Foundation.framework/Headers/NSValueTransformer.h
/Applications/Xcode.app/Contents/Developer/Platforms/MacOSX.platform/Developer/SDKs/MacOSX26.1.sdk/System/Library/Frameworks/Foundation.framework/Headers/NSXMLParser.h
/Applications/Xcode.app/Contents/Developer/Platforms/MacOSX.platform/Developer/SDKs/MacOSX26.1.sdk/System/Library/Frameworks/Foundation.framework/Headers/NSXPCConnection.h
/Applications/Xcode.app/Contents/Developer/Platforms/MacOSX.platform/Developer/SDKs/MacOSX26.1.sdk/System/Library/Frameworks/Foundation.framework/Headers/FoundationErrors.h
/Applications/Xcode.app/Contents/Developer/Platforms/MacOSX.platform/Developer/SDKs/MacOSX26.1.sdk/System/Library/Frameworks/Foundation.framework/Headers/NSByteCountFormatter.h
/Applications/Xcode.app/Contents/Developer/Platforms/MacOSX.platform/Developer/SDKs/MacOSX26.1.sdk/System/Library/Frameworks/Foundation.framework/Headers/NSCache.h
/Applications/Xcode.app/Contents/Developer/Platforms/MacOSX.platform/Developer/SDKs/MacOSX26.1.sdk/System/Library/Frameworks/Foundation.framework/Headers/NSComparisonPredicate.h
/Applications/Xcode.app/Contents/Developer/Platforms/MacOSX.platform/Developer/SDKs/MacOSX26.1.sdk/System/Library/Frameworks/Foundation.framework/Headers/NSPredicate.h
/Applications/Xcode.app/Contents/Developer/Platforms/MacOSX.platform/Developer/SDKs/MacOSX26.1.sdk/System/Library/Frameworks/Foundation.framework/Headers/NSCompoundPredicate.h
/Applications/Xcode.app/Contents/Developer/Platforms/MacOSX.platform/Developer/SDKs/MacOSX26.1.sdk/System/Library/Frameworks/Foundation.framework/Headers/NSDateComponentsFormatter.h
/Applications/Xcode.app/Contents/Developer/Platforms/MacOSX.platform/Developer/SDKs/MacOSX26.1.sdk/System/Library/Frameworks/Foundation.framework/Headers/NSExpression.h
/Applications/Xcode.app/Contents/Developer/Platforms/MacOSX.platform/Developer/SDKs/MacOSX26.1.sdk/System/Library/Frameworks/Foundation.framework/Headers/NSExtensionContext.h
/Applications/Xcode.app/Contents/Developer/Platforms/MacOSX.platform/Developer/SDKs/MacOSX26.1.sdk/System/Library/Frameworks/Foundation.framework/Headers/NSExtensionItem.h
/Applications/Xcode.app/Contents/Developer/Platforms/MacOSX.platform/Developer/SDKs/MacOSX26.1.sdk/System/Library/Frameworks/Foundation.framework/Headers/NSExtensionRequestHandling.h
/Applications/Xcode.app/Contents/Developer/Platforms/MacOSX.platform/Developer/SDKs/MacOSX26.1.sdk/System/Library/Frameworks/Foundation.framework/Headers/NSFileCoordinator.h
/Applications/Xcode.app/Contents/Developer/Platforms/MacOSX.platform/Developer/SDKs/MacOSX26.1.sdk/System/Library/Frameworks/Foundation.framework/Headers/NSFilePresenter.h
/Applications/Xcode.app/Contents/Developer/Platforms/MacOSX.platform/Developer/SDKs/MacOSX26.1.sdk/System/Library/Frameworks/Foundation.framework/Headers/NSFileVersion.h
/Applications/Xcode.app/Contents/Developer/Platforms/MacOSX.platform/Developer/SDKs/MacOSX26.1.sdk/System/Library/Frameworks/Foundation.framework/Headers/NSFileWrapper.h
/Applications/Xcode.app/Contents/Developer/Platforms/MacOSX.platform/Developer/SDKs/MacOSX26.1.sdk/System/Library/Frameworks/Foundation.framework/Headers/NSLinguisticTagger.h
/Applications/Xcode.app/Contents/Developer/Platforms/MacOSX.platform/Developer/SDKs/MacOSX26.1.sdk/System/Library/Frameworks/Foundation.framework/Headers/NSMetadata.h
/Applications/Xcode.app/Contents/Developer/Platforms/MacOSX.platform/Developer/SDKs/MacOSX26.1.sdk/System/Library/Frameworks/Foundation.framework/Headers/NSMetadataAttributes.h
/Applications/Xcode.app/Contents/Developer/Platforms/MacOSX.platform/Developer/SDKs/MacOSX26.1.sdk/System/Library/Frameworks/Foundation.framework/Headers/NSNetServices.h
/Applications/Xcode.app/Contents/Developer/Platforms/MacOSX.platform/Developer/SDKs/MacOSX26.1.sdk/System/Library/Frameworks/Foundation.framework/Headers/NSUbiquitousKeyValueStore.h
/Applications/Xcode.app/Contents/Developer/Platforms/MacOSX.platform/Developer/SDKs/MacOSX26.1.sdk/System/Library/Frameworks/Foundation.framework/Headers/NSUndoManager.h
/Applications/Xcode.app/Contents/Developer/Platforms/MacOSX.platform/Developer/SDKs/MacOSX26.1.sdk/System/Library/Frameworks/Foundation.framework/Headers/NSURLSession.h
/Applications/Xcode.app/Contents/Developer/Platforms/MacOSX.platform/Developer/SDKs/MacOSX26.1.sdk/System/Library/Frameworks/Foundation.framework/Headers/NSUserActivity.h
/Applications/Xcode.app/Contents/Developer/Platforms/MacOSX.platform/Developer/SDKs/MacOSX26.1.sdk/System/Library/Frameworks/Foundation.framework/Headers/NSUUID.h
/Applications/Xcode.app/Contents/Developer/Platforms/MacOSX.platform/Developer/SDKs/MacOSX26.1.sdk/System/Library/Frameworks/Foundation.framework/Headers/NSAffineTransform.h
/Applications/Xcode.app/Contents/Developer/Platforms/MacOSX.platform/Developer/SDKs/MacOSX26.1.sdk/System/Library/Frameworks/Foundation.framework/Headers/NSAppleScript.h
/Applications/Xcode.app/Contents/Developer/Platforms/MacOSX.platform/Developer/SDKs/MacOSX26.1.sdk/System/Library/Frameworks/Foundation.framework/Headers/NSArchiver.h
/Applications/Xcode.app/Contents/Developer/Platforms/MacOSX.platform/Developer/SDKs/MacOSX26.1.sdk/System/Library/Frameworks/Foundation.framework/Headers/NSBackgroundActivityScheduler.h
/Applications/Xcode.app/Contents/Developer/Platforms/MacOSX.platform/Developer/SDKs/MacOSX26.1.sdk/System/Library/Frameworks/Foundation.framework/Headers/NSCalendarDate.h
/Applications/Xcode.app/Contents/Developer/Platforms/MacOSX.platform/Developer/SDKs/MacOSX26.1.sdk/System/Library/Frameworks/Foundation.framework/Headers/NSConnection.h
/Applications/Xcode.app/Contents/Developer/Platforms/MacOSX.platform/Developer/SDKs/MacOSX26.1.sdk/System/Library/Frameworks/Foundation.framework/Headers/NSDistantObject.h
/Applications/Xcode.app/Contents/Developer/Platforms/MacOSX.platform/Developer/SDKs/MacOSX26.1.sdk/System/Library/Frameworks/Foundation.framework/Headers/NSDistributedNotificationCenter.h
/Applications/Xcode.app/Contents/Developer/Platforms/MacOSX.platform/Developer/SDKs/MacOSX26.1.sdk/System/Library/Frameworks/Foundation.framework/Headers/NSPortCoder.h
/Applications/Xcode.app/Contents/Developer/Platforms/MacOSX.platform/Developer/SDKs/MacOSX26.1.sdk/System/Library/Frameworks/Foundation.framework/Headers/NSPortMessage.h
/Applications/Xcode.app/Contents/Developer/Platforms/MacOSX.platform/Developer/SDKs/MacOSX26.1.sdk/System/Library/Frameworks/Foundation.framework/Headers/NSPortNameServer.h
/Applications/Xcode.app/Contents/Developer/Platforms/MacOSX.platform/Developer/SDKs/MacOSX26.1.sdk/System/Library/Frameworks/Foundation.framework/Headers/NSProtocolChecker.h
/Applications/Xcode.app/Contents/Developer/Platforms/MacOSX.platform/Developer/SDKs/MacOSX26.1.sdk/System/Library/Frameworks/Foundation.framework/Headers/NSTask.h
/Applications/Xcode.app/Contents/Developer/Platforms/MacOSX.platform/Developer/SDKs/MacOSX26.1.sdk/System/Library/Frameworks/Foundation.framework/Headers/NSXMLDTD.h
/Applications/Xcode.app/Contents/Developer/Platforms/MacOSX.platform/Developer/SDKs/MacOSX26.1.sdk/System/Library/Frameworks/Foundation.framework/Headers/NSXMLNode.h
/Applications/Xcode.app/Contents/Developer/Platforms/MacOSX.platform/Developer/SDKs/MacOSX26.1.sdk/System/Library/Frameworks/Foundation.framework/Headers/NSXMLNodeOptions.h
/Applications/Xcode.app/Contents/Developer/Platforms/MacOSX.platform/Developer/SDKs/MacOSX26.1.sdk/System/Library/Frameworks/Foundation.framework/Headers/NSXMLDTDNode.h
/Applications/Xcode.app/Contents/Developer/Platforms/MacOSX.platform/Developer/SDKs/MacOSX26.1.sdk/System/Library/Frameworks/Foundation.framework/Headers/NSXMLDocument.h
/Applications/Xcode.app/Contents/Developer/Platforms/MacOSX.platform/Developer/SDKs/MacOSX26.1.sdk/System/Library/Frameworks/Foundation.framework/Headers/NSXMLElement.h
/Applications/Xcode.app/Contents/Developer/Platforms/MacOSX.platform/Developer/SDKs/MacOSX26.1.sdk/System/Library/Frameworks/Foundation.framework/Headers/NSURLDownload.h
/Applications/Xcode.app/Contents/Developer/Platforms/MacOSX.platform/Developer/SDKs/MacOSX26.1.sdk/System/Library/Frameworks/Foundation.framework/Headers/NSAppleEventDescriptor.h
/Applications/Xcode.app/Contents/Developer/Platforms/MacOSX.platform/Developer/SDKs/MacOSX26.1.sdk/System/Library/Frameworks/Foundation.framework/Headers/NSAppleEventManager.h
/Applications/Xcode.app/Contents/Developer/Platforms/MacOSX.platform/Developer/SDKs/MacOSX26.1.sdk/System/Library/Frameworks/Foundation.framework/Headers/NSClassDescription.h
/Applications/Xcode.app/Contents/Developer/Platforms/MacOSX.platform/Developer/SDKs/MacOSX26.1.sdk/System/Library/Frameworks/Foundation.framework/Headers/NSDistributedLock.h
/Applications/Xcode.app/Contents/Developer/Platforms/MacOSX.platform/Developer/SDKs/MacOSX26.1.sdk/System/Library/Frameworks/Foundation.framework/Headers/NSGarbageCollector.h
/Applications/Xcode.app/Contents/Developer/Platforms/MacOSX.platform/Developer/SDKs/MacOSX26.1.sdk/System/Library/Frameworks/Foundation.framework/Headers/NSHFSFileTypes.h
/Applications/Xcode.app/Contents/Developer/Platforms/MacOSX.platform/Developer/SDKs/MacOSX26.1.sdk/System/Library/Frameworks/Foundation.framework/Headers/NSHost.h
/Applications/Xcode.app/Contents/Developer/Platforms/MacOSX.platform/Developer/SDKs/MacOSX26.1.sdk/System/Library/Frameworks/Foundation.framework/Headers/NSObjectScripting.h
/Applications/Xcode.app/Contents/Developer/Platforms/MacOSX.platform/Developer/SDKs/MacOSX26.1.sdk/System/Library/Frameworks/Foundation.framework/Headers/NSScriptClassDescription.h
/Applications/Xcode.app/Contents/Developer/Platforms/MacOSX.platform/Developer/SDKs/MacOSX26.1.sdk/System/Library/Frameworks/Foundation.framework/Headers/NSScriptCoercionHandler.h
/Applications/Xcode.app/Contents/Developer/Platforms/MacOSX.platform/Developer/SDKs/MacOSX26.1.sdk/System/Library/Frameworks/Foundation.framework/Headers/NSScriptCommand.h
/Applications/Xcode.app/Contents/Developer/Platforms/MacOSX.platform/Developer/SDKs/MacOSX26.1.sdk/System/Library/Frameworks/Foundation.framework/Headers/NSScriptCommandDescription.h
/Applications/Xcode.app/Contents/Developer/Platforms/MacOSX.platform/Developer/SDKs/MacOSX26.1.sdk/System/Library/Frameworks/Foundation.framework/Headers/NSScriptExecutionContext.h
/Applications/Xcode.app/Contents/Developer/Platforms/MacOSX.platform/Developer/SDKs/MacOSX26.1.sdk/System/Library/Frameworks/Foundation.framework/Headers/NSScriptKeyValueCoding.h
/Applications/Xcode.app/Contents/Developer/Platforms/MacOSX.platform/Developer/SDKs/MacOSX26.1.sdk/System/Library/Frameworks/Foundation.framework/Headers/NSScriptObjectSpecifiers.h
/Applications/Xcode.app/Contents/Developer/Platforms/MacOSX.platform/Developer/SDKs/MacOSX26.1.sdk/System/Library/Frameworks/Foundation.framework/Headers/NSScriptStandardSuiteCommands.h
/Applications/Xcode.app/Contents/Developer/Platforms/MacOSX.platform/Developer/SDKs/MacOSX26.1.sdk/System/Library/Frameworks/Foundation.framework/Headers/NSScriptSuiteRegistry.h
/Applications/Xcode.app/Contents/Developer/Platforms/MacOSX.platform/Developer/SDKs/MacOSX26.1.sdk/System/Library/Frameworks/Foundation.framework/Headers/NSScriptWhoseTests.h
/Applications/Xcode.app/Contents/Developer/Platforms/MacOSX.platform/Developer/SDKs/MacOSX26.1.sdk/System/Library/Frameworks/Foundation.framework/Headers/NSSpellServer.h
/Applications/Xcode.app/Contents/Developer/Platforms/MacOSX.platform/Developer/SDKs/MacOSX26.1.sdk/System/Library/Frameworks/Foundation.framework/Headers/NSUserNotification.h
/Applications/Xcode.app/Contents/Developer/Platforms/MacOSX.platform/Developer/SDKs/MacOSX26.1.sdk/System/Library/Frameworks/Foundation.framework/Headers/NSUserScriptTask.h
/Applications/Xcode.app/Contents/Developer/Platforms/MacOSX.platform/Developer/SDKs/MacOSX26.1.sdk/System/Library/Frameworks/Foundation.framework/Headers/FoundationLegacySwiftCompatibility.h
/Applications/Xcode.app/Contents/Developer/Platforms/MacOSX.platform/Developer/SDKs/MacOSX26.1.sdk/System/Library/Frameworks/Foundation.framework/Headers/NSDebug.h
/Applications/Xcode.app/Contents/Developer/Platforms/MacOSX.platform/Developer/SDKs/MacOSX26.1.sdk/SDKSettings.json
/Applications/Xcode.app/Contents/Developer/Platforms/MacOSX.platform/Developer/SDKs/MacOSX26.1.sdk/System/Library/Frameworks/IOKit.framework/Modules/module.modulemap
/Applications/Xcode.app/Contents/Developer/Platforms/MacOSX.platform/Developer/SDKs/MacOSX26.1.sdk/System/Library/Frameworks/IOKit.framework/Headers/IOReturn.h
/Applications/Xcode.app/Contents/Developer/Platforms/MacOSX.platform/Developer/SDKs/MacOSX26.1.sdk/usr/include/dispatch.modulemap
/Applications/Xcode.app/Contents/Developer/Platforms/MacOSX.platform/Developer/SDKs/MacOSX26.1.sdk/usr/include/libkern.modulemap
/Applications/Xcode.app/Contents/Developer/Platforms/MacOSX.platform/Developer/SDKs/MacOSX26.1.sdk/usr/include/Darwin.modulemap
/Applications/Xcode.app/Contents/Developer/Platforms/MacOSX.platform/Developer/SDKs/MacOSX26.1.sdk/usr/include/Darwin_C.modulemap
/Applications/Xcode.app/Contents/Developer/Platforms/MacOSX.platform/Developer/SDKs/MacOSX26.1.sdk/usr/include/Darwin_POSIX.modulemap
/Applications/Xcode.app/Contents/Developer/Platforms/MacOSX.platform/Developer/SDKs/MacOSX26.1.sdk/usr/include/net.modulemap
/Applications/Xcode.app/Contents/Developer/Platforms/MacOSX.platform/Developer/SDKs/MacOSX26.1.sdk/usr/include/netinet.modulemap
/Applications/Xcode.app/Contents/Developer/Platforms/MacOSX.platform/Developer/SDKs/MacOSX26.1.sdk/usr/include/bank.modulemap
/Applications/Xcode.app/Contents/Developer/Platforms/MacOSX.platform/Developer/SDKs/MacOSX26.1.sdk/usr/include/Darwin_Mach.modulemap
/Applications/Xcode.app/Contents/Developer/Platforms/MacOSX.platform/Developer/SDKs/MacOSX26.1.sdk/usr/include/Darwin_Mach_machine.modulemap
/Applications/Xcode.app/Contents/Developer/Platforms/MacOSX.platform/Developer/SDKs/MacOSX26.1.sdk/usr/include/mach_debug.modulemap
/Applications/Xcode.app/Contents/Developer/Platforms/MacOSX.platform/Developer/SDKs/MacOSX26.1.sdk/usr/include/device.modulemap
/Applications/Xcode.app/Contents/Developer/Platforms/MacOSX.platform/Developer/SDKs/MacOSX26.1.sdk/usr/include/Darwin_machine.modulemap
/Applications/Xcode.app/Contents/Developer/Platforms/MacOSX.platform/Developer/SDKs/MacOSX26.1.sdk/usr/include/ncurses.modulemap
/Applications/Xcode.app/Contents/Developer/Platforms/MacOSX.platform/Developer/SDKs/MacOSX26.1.sdk/usr/include/netinet6.modulemap
/Applications/Xcode.app/Contents/Developer/Platforms/MacOSX.platform/Developer/SDKs/MacOSX26.1.sdk/usr/include/Darwin_sys.modulemap
/Applications/Xcode.app/Contents/Developer/Platforms/MacOSX.platform/Developer/SDKs/MacOSX26.1.sdk/usr/include/uuid.modulemap
/Applications/Xcode.app/Contents/Developer/Platforms/MacOSX.platform/Developer/SDKs/MacOSX26.1.sdk/usr/include/DarwinFoundation2.modulemap
/Applications/Xcode.app/Contents/Developer/Platforms/MacOSX.platform/Developer/SDKs/MacOSX26.1.sdk/usr/include/DarwinFoundation1.modulemap
/Applications/Xcode.app/Contents/Developer/Platforms/MacOSX.platform/Developer/SDKs/MacOSX26.1.sdk/System/Library/Frameworks/IOKit.framework/Headers/IOMapTypes.h
/Applications/Xcode.app/Contents/Developer/Platforms/MacOSX.platform/Developer/SDKs/MacOSX26.1.sdk/System/Library/Frameworks/IOKit.framework/Headers/IOTypes.h
/Applications/Xcode.app/Contents/Developer/Toolchains/XcodeDefault.xctoolchain/usr/lib/swift/clang/include/module.modulemap
/Applications/Xcode.app/Contents/Developer/Platforms/MacOSX.platform/Developer/SDKs/MacOSX26.1.sdk/System/Library/Frameworks/IOKit.framework/Headers/IOKitKeys.h
/Applications/Xcode.app/Contents/Developer/Platforms/MacOSX.platform/Developer/SDKs/MacOSX26.1.sdk/System/Library/Frameworks/IOKit.framework/Headers/OSMessageNotification.h
/Applications/Xcode.app/Contents/Developer/Platforms/MacOSX.platform/Developer/SDKs/MacOSX26.1.sdk/System/Library/Frameworks/IOKit.framework/Headers/IOKitLib.h
/Applications/Xcode.app/Contents/Developer/Platforms/MacOSX.platform/Developer/SDKs/MacOSX26.1.sdk/System/Library/Frameworks/CoreFoundation.framework/Modules/module.modulemap
/Applications/Xcode.app/Contents/Developer/Platforms/MacOSX.platform/Developer/SDKs/MacOSX26.1.sdk/System/Library/Frameworks/IOKit.framework/Headers/IOBSD.h
/Applications/Xcode.app/Contents/Developer/Platforms/MacOSX.platform/Developer/SDKs/MacOSX26.1.sdk/System/Library/Frameworks/IOKit.framework/Headers/IODataQueueClient.h
/Applications/Xcode.app/Contents/Developer/Platforms/MacOSX.platform/Developer/SDKs/MacOSX26.1.sdk/System/Library/Frameworks/IOKit.framework/Headers/IODataQueueShared.h
/Applications/Xcode.app/Contents/Developer/Platforms/MacOSX.platform/Developer/SDKs/MacOSX26.1.sdk/System/Library/Frameworks/IOKit.framework/Headers/IOCFBundle.h
/Applications/Xcode.app/Contents/Developer/Platforms/MacOSX.platform/Developer/SDKs/MacOSX26.1.sdk/System/Library/Frameworks/IOKit.framework/Headers/IOSharedLock.h
/Applications/Xcode.app/Contents/Developer/Platforms/MacOSX.platform/Developer/SDKs/MacOSX26.1.sdk/System/Library/Frameworks/IOKit.framework/Headers/IOCFPlugIn.h
/Applications/Xcode.app/Contents/Developer/Platforms/MacOSX.platform/Developer/SDKs/MacOSX26.1.sdk/System/Library/Frameworks/IOKit.framework/Headers/IOCFSerialize.h
/Applications/Xcode.app/Contents/Developer/Platforms/MacOSX.platform/Developer/SDKs/MacOSX26.1.sdk/System/Library/Frameworks/IOKit.framework/Headers/IOCFURLAccess.h
/Applications/Xcode.app/Contents/Developer/Platforms/MacOSX.platform/Developer/SDKs/MacOSX26.1.sdk/System/Library/Frameworks/IOKit.framework/Headers/IOKitServer.h
/Applications/Xcode.app/Contents/Developer/Platforms/MacOSX.platform/Developer/SDKs/MacOSX26.1.sdk/System/Library/Frameworks/IOKit.framework/Headers/IOCFUnserialize.h
/Applications/Xcode.app/Contents/Developer/Platforms/MacOSX.platform/Developer/SDKs/MacOSX26.1.sdk/System/Library/Frameworks/IOKit.framework/Headers/IOMessage.h
/Applications/Xcode.app/Contents/Developer/Platforms/MacOSX.platform/Developer/SDKs/MacOSX26.1.sdk/System/Library/Frameworks/IOKit.framework/Headers/IORPC.h
/Applications/Xcode.app/Contents/Developer/Platforms/MacOSX.platform/Developer/SDKs/MacOSX26.1.sdk/System/Library/Frameworks/IOKit.framework/Headers/IOUserServer.h
/Applications/Xcode.app/Contents/Developer/Platforms/MacOSX.platform/Developer/SDKs/MacOSX26.1.sdk/System/Library/Frameworks/IOKit.framework/Headers/audio/IOAudioDefines.h
/Applications/Xcode.app/Contents/Developer/Platforms/MacOSX.platform/Developer/SDKs/MacOSX26.1.sdk/System/Library/Frameworks/IOKit.framework/Headers/audio/IOAudioLib.h
/Applications/Xcode.app/Contents/Developer/Platforms/MacOSX.platform/Developer/SDKs/MacOSX26.1.sdk/System/Library/Frameworks/IOKit.framework/Headers/audio/IOAudioTypes.h
/Applications/Xcode.app/Contents/Developer/Platforms/MacOSX.platform/Developer/SDKs/MacOSX26.1.sdk/System/Library/Frameworks/IOKit.framework/Headers/avc/IOFireWireAVCConsts.h
/Applications/Xcode.app/Contents/Developer/Platforms/MacOSX.platform/Developer/SDKs/MacOSX26.1.sdk/System/Library/Frameworks/IOKit.framework/Headers/avc/IOFireWireAVCLib.h
/Applications/Xcode.app/Contents/Developer/Platforms/MacOSX.platform/Developer/SDKs/MacOSX26.1.sdk/System/Library/Frameworks/IOKit.framework/Headers/firewire/IOFireWireFamilyCommon.h
/Applications/Xcode.app/Contents/Developer/Platforms/MacOSX.platform/Developer/SDKs/MacOSX26.1.sdk/System/Library/Frameworks/IOKit.framework/Headers/firewire/IOFireWireLib.h
/Applications/Xcode.app/Contents/Developer/Platforms/MacOSX.platform/Developer/SDKs/MacOSX26.1.sdk/System/Library/Frameworks/IOKit.framework/Headers/firewire/IOFireWireLibIsoch.h
/Applications/Xcode.app/Contents/Developer/Platforms/MacOSX.platform/Developer/SDKs/MacOSX26.1.sdk/System/Library/Frameworks/IOKit.framework/Headers/graphics/IOAccelClientConnect.h
/Applications/Xcode.app/Contents/Developer/Platforms/MacOSX.platform/Developer/SDKs/MacOSX26.1.sdk/System/Library/Frameworks/IOKit.framework/Headers/graphics/IOGraphicsInterface.h
/Applications/Xcode.app/Contents/Developer/Platforms/MacOSX.platform/Developer/SDKs/MacOSX26.1.sdk/System/Library/Frameworks/IOKit.framework/Headers/graphics/IOGraphicsInterfaceTypes.h
/Applications/Xcode.app/Contents/Developer/Platforms/MacOSX.platform/Developer/SDKs/MacOSX26.1.sdk/System/Library/Frameworks/IOKit.framework/Headers/graphics/IOAccelSurfaceConnect.h
/Applications/Xcode.app/Contents/Developer/Platforms/MacOSX.platform/Developer/SDKs/MacOSX26.1.sdk/System/Library/Frameworks/IOKit.framework/Headers/graphics/IOAccelTypes.h
/Applications/Xcode.app/Contents/Developer/Platforms/MacOSX.platform/Developer/SDKs/MacOSX26.1.sdk/System/Library/Frameworks/IOKit.framework/Headers/graphics/IOGraphicsLib.h
/Applications/Xcode.app/Contents/Developer/Platforms/MacOSX.platform/Developer/SDKs/MacOSX26.1.sdk/System/Library/Frameworks/IOKit.framework/Headers/graphics/IOFramebufferShared.h
/Applications/Xcode.app/Contents/Developer/Platforms/MacOSX.platform/Developer/SDKs/MacOSX26.1.sdk/System/Library/Frameworks/IOKit.framework/Headers/hidsystem/IOHIDTypes.h
/Applications/Xcode.app/Contents/Developer/Platforms/MacOSX.platform/Developer/SDKs/MacOSX26.1.sdk/System/Library/Frameworks/IOKit.framework/Headers/graphics/IOGraphicsTypes.h
/Applications/Xcode.app/Contents/Developer/Platforms/MacOSX.platform/Developer/SDKs/MacOSX26.1.sdk/System/Library/Frameworks/IOKit.framework/Headers/graphics/IOGraphicsEngine.h
/Applications/Xcode.app/Contents/Developer/Platforms/MacOSX.platform/Developer/SDKs/MacOSX26.1.sdk/System/Library/Frameworks/IOKit.framework/Headers/hid/IOHIDBase.h
/Applications/Xcode.app/Contents/Developer/Platforms/MacOSX.platform/Developer/SDKs/MacOSX26.1.sdk/System/Library/Frameworks/IOKit.framework/Headers/hid/IOHIDKeys.h
/Applications/Xcode.app/Contents/Developer/Platforms/MacOSX.platform/Developer/SDKs/MacOSX26.1.sdk/System/Library/Frameworks/IOKit.framework/Headers/hidsystem/IOHIDParameter.h
/Applications/Xcode.app/Contents/Developer/Platforms/MacOSX.platform/Developer/SDKs/MacOSX26.1.sdk/System/Library/Frameworks/IOKit.framework/Headers/hidsystem/IOLLEvent.h
/Applications/Xcode.app/Contents/Developer/Platforms/MacOSX.platform/Developer/SDKs/MacOSX26.1.sdk/System/Library/Frameworks/IOKit.framework/Headers/hid/IOHIDProperties.h
/Applications/Xcode.app/Contents/Developer/Platforms/MacOSX.platform/Developer/SDKs/MacOSX26.1.sdk/System/Library/Frameworks/IOKit.framework/Headers/hid/IOHIDEventServiceKeys.h
/Applications/Xcode.app/Contents/Developer/Platforms/MacOSX.platform/Developer/SDKs/MacOSX26.1.sdk/System/Library/Frameworks/IOKit.framework/Headers/hid/IOHIDDeviceTypes.h
/Applications/Xcode.app/Contents/Developer/Platforms/MacOSX.platform/Developer/SDKs/MacOSX26.1.sdk/System/Library/Frameworks/IOKit.framework/Headers/hid/IOHIDDeviceKeys.h
/Applications/Xcode.app/Contents/Developer/Platforms/MacOSX.platform/Developer/SDKs/MacOSX26.1.sdk/System/Library/Frameworks/IOKit.framework/Headers/hid/IOHIDQueue.h
/Applications/Xcode.app/Contents/Developer/Platforms/MacOSX.platform/Developer/SDKs/MacOSX26.1.sdk/System/Library/Frameworks/IOKit.framework/Headers/hid/IOHIDDevice.h
/Applications/Xcode.app/Contents/Developer/Platforms/MacOSX.platform/Developer/SDKs/MacOSX26.1.sdk/System/Library/Frameworks/IOKit.framework/Headers/hid/IOHIDLib.h
/Applications/Xcode.app/Contents/Developer/Platforms/MacOSX.platform/Developer/SDKs/MacOSX26.1.sdk/System/Library/Frameworks/IOKit.framework/Headers/hid/IOHIDElement.h
/Applications/Xcode.app/Contents/Developer/Platforms/MacOSX.platform/Developer/SDKs/MacOSX26.1.sdk/System/Library/Frameworks/IOKit.framework/Headers/hid/IOHIDLibObsolete.h
/Applications/Xcode.app/Contents/Developer/Platforms/MacOSX.platform/Developer/SDKs/MacOSX26.1.sdk/System/Library/Frameworks/IOKit.framework/Headers/hid/IOHIDManager.h
/Applications/Xcode.app/Contents/Developer/Platforms/MacOSX.platform/Developer/SDKs/MacOSX26.1.sdk/System/Library/Frameworks/IOKit.framework/Headers/hid/IOHIDUsageTables.h
/Applications/Xcode.app/Contents/Developer/Platforms/MacOSX.platform/Developer/SDKs/MacOSX26.1.sdk/System/Library/Frameworks/IOKit.framework/Headers/hid/IOHIDValue.h
/Applications/Xcode.app/Contents/Developer/Platforms/MacOSX.platform/Developer/SDKs/MacOSX26.1.sdk/System/Library/Frameworks/IOKit.framework/Headers/hid/IOHIDTransaction.h
/Applications/Xcode.app/Contents/Developer/Platforms/MacOSX.platform/Developer/SDKs/MacOSX26.1.sdk/System/Library/Frameworks/IOKit.framework/Headers/hid/IOHIDDevicePlugIn.h
/Applications/Xcode.app/Contents/Developer/Platforms/MacOSX.platform/Developer/SDKs/MacOSX26.1.sdk/System/Library/Frameworks/IOKit.framework/Headers/hid/IOHIDEventServiceTypes.h
/Applications/Xcode.app/Contents/Developer/Platforms/MacOSX.platform/Developer/SDKs/MacOSX26.1.sdk/System/Library/Frameworks/IOKit.framework/Headers/hidsystem/IOHIDLib.h
/Applications/Xcode.app/Contents/Developer/Platforms/MacOSX.platform/Developer/SDKs/MacOSX26.1.sdk/System/Library/Frameworks/IOKit.framework/Headers/hidsystem/IOHIDShared.h
/Applications/Xcode.app/Contents/Developer/Platforms/MacOSX.platform/Developer/SDKs/MacOSX26.1.sdk/System/Library/Frameworks/IOKit.framework/Headers/hidsystem/event_status_driver.h
/Applications/Xcode.app/Contents/Developer/Platforms/MacOSX.platform/Developer/SDKs/MacOSX26.1.sdk/System/Library/Frameworks/IOKit.framework/Headers/hidsystem/ev_keymap.h
/Applications/Xcode.app/Contents/Developer/Platforms/MacOSX.platform/Developer/SDKs/MacOSX26.1.sdk/System/Library/Frameworks/IOKit.framework/Headers/hidsystem/IOHIDEventSystemClient.h
/Applications/Xcode.app/Contents/Developer/Platforms/MacOSX.platform/Developer/SDKs/MacOSX26.1.sdk/System/Library/Frameworks/IOKit.framework/Headers/hidsystem/IOHIDServiceClient.h
/Applications/Xcode.app/Contents/Developer/Platforms/MacOSX.platform/Developer/SDKs/MacOSX26.1.sdk/System/Library/Frameworks/IOKit.framework/Headers/hidsystem/IOHIDUserDevice.h
/Applications/Xcode.app/Contents/Developer/Platforms/MacOSX.platform/Developer/SDKs/MacOSX26.1.sdk/System/Library/Frameworks/IOKit.framework/Headers/i2c/IOI2CInterface.h
/Applications/Xcode.app/Contents/Developer/Platforms/MacOSX.platform/Developer/SDKs/MacOSX26.1.sdk/System/Library/Frameworks/IOKit.framework/Headers/kext/KextManager.h
/Applications/Xcode.app/Contents/Developer/Platforms/MacOSX.platform/Developer/SDKs/MacOSX26.1.sdk/System/Library/Frameworks/IOKit.framework/Headers/network/IOEthernetController.h
/Applications/Xcode.app/Contents/Developer/Platforms/MacOSX.platform/Developer/SDKs/MacOSX26.1.sdk/System/Library/Frameworks/IOKit.framework/Headers/network/IONetworkController.h
/Applications/Xcode.app/Contents/Developer/Platforms/MacOSX.platform/Developer/SDKs/MacOSX26.1.sdk/System/Library/Frameworks/IOKit.framework/Headers/network/IONetworkData.h
/Applications/Xcode.app/Contents/Developer/Platforms/MacOSX.platform/Developer/SDKs/MacOSX26.1.sdk/System/Library/Frameworks/IOKit.framework/Headers/network/IONetworkStack.h
/Applications/Xcode.app/Contents/Developer/Platforms/MacOSX.platform/Developer/SDKs/MacOSX26.1.sdk/System/Library/Frameworks/IOKit.framework/Headers/network/IOEthernetInterface.h
/Applications/Xcode.app/Contents/Developer/Platforms/MacOSX.platform/Developer/SDKs/MacOSX26.1.sdk/System/Library/Frameworks/IOKit.framework/Headers/network/IONetworkInterface.h
/Applications/Xcode.app/Contents/Developer/Platforms/MacOSX.platform/Developer/SDKs/MacOSX26.1.sdk/System/Library/Frameworks/IOKit.framework/Headers/network/IONetworkStats.h
/Applications/Xcode.app/Contents/Developer/Platforms/MacOSX.platform/Developer/SDKs/MacOSX26.1.sdk/System/Library/Frameworks/IOKit.framework/Headers/network/IOEthernetStats.h
/Applications/Xcode.app/Contents/Developer/Platforms/MacOSX.platform/Developer/SDKs/MacOSX26.1.sdk/System/Library/Frameworks/IOKit.framework/Headers/network/IONetworkLib.h
/Applications/Xcode.app/Contents/Developer/Platforms/MacOSX.platform/Developer/SDKs/MacOSX26.1.sdk/System/Library/Frameworks/IOKit.framework/Headers/network/IONetworkMedium.h
/Applications/Xcode.app/Contents/Developer/Platforms/MacOSX.platform/Developer/SDKs/MacOSX26.1.sdk/System/Library/Frameworks/IOKit.framework/Headers/network/IONetworkUserClient.h
/Applications/Xcode.app/Contents/Developer/Platforms/MacOSX.platform/Developer/SDKs/MacOSX26.1.sdk/System/Library/Frameworks/IOKit.framework/Headers/ps/IOPSKeys.h
/Applications/Xcode.app/Contents/Developer/Platforms/MacOSX.platform/Developer/SDKs/MacOSX26.1.sdk/System/Library/Frameworks/IOKit.framework/Headers/ps/IOPowerSources.h
/Applications/Xcode.app/Contents/Developer/Platforms/MacOSX.platform/Developer/SDKs/MacOSX26.1.sdk/System/Library/Frameworks/IOKit.framework/Headers/ps/IOUPSPlugIn.h
/Applications/Xcode.app/Contents/Developer/Platforms/MacOSX.platform/Developer/SDKs/MacOSX26.1.sdk/System/Library/Frameworks/IOKit.framework/Headers/pwr_mgt/IOPM.h
/Applications/Xcode.app/Contents/Developer/Platforms/MacOSX.platform/Developer/SDKs/MacOSX26.1.sdk/System/Library/Frameworks/IOKit.framework/Headers/pwr_mgt/IOPMKeys.h
/Applications/Xcode.app/Contents/Developer/Platforms/MacOSX.platform/Developer/SDKs/MacOSX26.1.sdk/System/Library/Frameworks/IOKit.framework/Headers/pwr_mgt/IOPMLib.h
/Applications/Xcode.app/Contents/Developer/Platforms/MacOSX.platform/Developer/SDKs/MacOSX26.1.sdk/System/Library/Frameworks/IOKit.framework/Headers/pwr_mgt/IOPMLibDefs.h
/Applications/Xcode.app/Contents/Developer/Platforms/MacOSX.platform/Developer/SDKs/MacOSX26.1.sdk/System/Library/Frameworks/IOKit.framework/Headers/sbp2/IOFireWireSBP2Lib.h
/Applications/Xcode.app/Contents/Developer/Platforms/MacOSX.platform/Developer/SDKs/MacOSX26.1.sdk/System/Library/Frameworks/IOKit.framework/Headers/scsi/IOSCSIMultimediaCommandsDevice.h
/Applications/Xcode.app/Contents/Developer/Platforms/MacOSX.platform/Developer/SDKs/MacOSX26.1.sdk/System/Library/Frameworks/IOKit.framework/Headers/storage/IOStorageDeviceCharacteristics.h
/Applications/Xcode.app/Contents/Developer/Platforms/MacOSX.platform/Developer/SDKs/MacOSX26.1.sdk/System/Library/Frameworks/IOKit.framework/Headers/storage/IOStorageProtocolCharacteristics.h
/Applications/Xcode.app/Contents/Developer/Platforms/MacOSX.platform/Developer/SDKs/MacOSX26.1.sdk/System/Library/Frameworks/IOKit.framework/Headers/storage/IOStorageControllerCharacteristics.h
/Applications/Xcode.app/Contents/Developer/Platforms/MacOSX.platform/Developer/SDKs/MacOSX26.1.sdk/System/Library/Frameworks/IOKit.framework/Headers/scsi/SCSICmds_REQUEST_SENSE_Defs.h
/Applications/Xcode.app/Contents/Developer/Platforms/MacOSX.platform/Developer/SDKs/MacOSX26.1.sdk/System/Library/Frameworks/IOKit.framework/Headers/scsi/SCSICmds_INQUIRY_Definitions.h
/Applications/Xcode.app/Contents/Developer/Platforms/MacOSX.platform/Developer/SDKs/MacOSX26.1.sdk/System/Library/Frameworks/IOKit.framework/Headers/scsi/SCSICommandDefinitions.h
/Applications/Xcode.app/Contents/Developer/Platforms/MacOSX.platform/Developer/SDKs/MacOSX26.1.sdk/System/Library/Frameworks/IOKit.framework/Headers/scsi/SCSICmds_MODE_Definitions.h
/Applications/Xcode.app/Contents/Developer/Platforms/MacOSX.platform/Developer/SDKs/MacOSX26.1.sdk/System/Library/Frameworks/IOKit.framework/Headers/scsi/SCSICommandOperationCodes.h
/Applications/Xcode.app/Contents/Developer/Platforms/MacOSX.platform/Developer/SDKs/MacOSX26.1.sdk/System/Library/Frameworks/IOKit.framework/Headers/scsi/SCSICmds_READ_CAPACITY_Definitions.h
/Applications/Xcode.app/Contents/Developer/Platforms/MacOSX.platform/Developer/SDKs/MacOSX26.1.sdk/System/Library/Frameworks/IOKit.framework/Headers/scsi/SCSITask.h
/Applications/Xcode.app/Contents/Developer/Platforms/MacOSX.platform/Developer/SDKs/MacOSX26.1.sdk/System/Library/Frameworks/IOKit.framework/Headers/scsi/SCSICmds_REPORT_LUNS_Definitions.h
/Applications/Xcode.app/Contents/Developer/Platforms/MacOSX.platform/Developer/SDKs/MacOSX26.1.sdk/System/Library/Frameworks/IOKit.framework/Headers/scsi/SCSITaskLib.h
/Applications/Xcode.app/Contents/Developer/Platforms/MacOSX.platform/Developer/SDKs/MacOSX26.1.sdk/System/Library/Frameworks/IOKit.framework/Headers/serial/IOSerialKeys.h
/Applications/Xcode.app/Contents/Developer/Platforms/MacOSX.platform/Developer/SDKs/MacOSX26.1.sdk/System/Library/Frameworks/IOKit.framework/Headers/serial/ioss.h
/Applications/Xcode.app/Contents/Developer/Platforms/MacOSX.platform/Developer/SDKs/MacOSX26.1.sdk/System/Library/Frameworks/IOKit.framework/Headers/storage/IOAppleLabelScheme.h
/Applications/Xcode.app/Contents/Developer/Platforms/MacOSX.platform/Developer/SDKs/MacOSX26.1.sdk/System/Library/Frameworks/IOKit.framework/Headers/storage/IODVDMediaBSDClient.h
/Applications/Xcode.app/Contents/Developer/Platforms/MacOSX.platform/Developer/SDKs/MacOSX26.1.sdk/System/Library/Frameworks/IOKit.framework/Headers/storage/IODVDTypes.h
/Applications/Xcode.app/Contents/Developer/Platforms/MacOSX.platform/Developer/SDKs/MacOSX26.1.sdk/System/Library/Frameworks/IOKit.framework/Headers/storage/IOApplePartitionScheme.h
/Applications/Xcode.app/Contents/Developer/Platforms/MacOSX.platform/Developer/SDKs/MacOSX26.1.sdk/System/Library/Frameworks/IOKit.framework/Headers/storage/IOBDBlockStorageDevice.h
/Applications/Xcode.app/Contents/Developer/Platforms/MacOSX.platform/Developer/SDKs/MacOSX26.1.sdk/System/Library/Frameworks/IOKit.framework/Headers/storage/IOBDTypes.h
/Applications/Xcode.app/Contents/Developer/Platforms/MacOSX.platform/Developer/SDKs/MacOSX26.1.sdk/System/Library/Frameworks/IOKit.framework/Headers/storage/IOFDiskPartitionScheme.h
/Applications/Xcode.app/Contents/Developer/Platforms/MacOSX.platform/Developer/SDKs/MacOSX26.1.sdk/System/Library/Frameworks/IOKit.framework/Headers/storage/IOBDMedia.h
/Applications/Xcode.app/Contents/Developer/Platforms/MacOSX.platform/Developer/SDKs/MacOSX26.1.sdk/System/Library/Frameworks/IOKit.framework/Headers/storage/IOFilterScheme.h
/Applications/Xcode.app/Contents/Developer/Platforms/MacOSX.platform/Developer/SDKs/MacOSX26.1.sdk/System/Library/Frameworks/IOKit.framework/Headers/storage/IOBDMediaBSDClient.h
/Applications/Xcode.app/Contents/Developer/Platforms/MacOSX.platform/Developer/SDKs/MacOSX26.1.sdk/System/Library/Frameworks/IOKit.framework/Headers/storage/IOFireWireStorageCharacteristics.h
/Applications/Xcode.app/Contents/Developer/Platforms/MacOSX.platform/Developer/SDKs/MacOSX26.1.sdk/System/Library/Frameworks/IOKit.framework/Headers/storage/IOGUIDPartitionScheme.h
/Applications/Xcode.app/Contents/Developer/Platforms/MacOSX.platform/Developer/SDKs/MacOSX26.1.sdk/System/Library/Frameworks/IOKit.framework/Headers/storage/IOBlockStorageDevice.h
/Applications/Xcode.app/Contents/Developer/Platforms/MacOSX.platform/Developer/SDKs/MacOSX26.1.sdk/System/Library/Frameworks/IOKit.framework/Headers/storage/IOMedia.h
/Applications/Xcode.app/Contents/Developer/Platforms/MacOSX.platform/Developer/SDKs/MacOSX26.1.sdk/System/Library/Frameworks/IOKit.framework/Headers/storage/IOBlockStorageDriver.h
/Applications/Xcode.app/Contents/Developer/Platforms/MacOSX.platform/Developer/SDKs/MacOSX26.1.sdk/System/Library/Frameworks/IOKit.framework/Headers/storage/IOMediaBSDClient.h
/Applications/Xcode.app/Contents/Developer/Platforms/MacOSX.platform/Developer/SDKs/MacOSX26.1.sdk/System/Library/Frameworks/IOKit.framework/Headers/storage/IOCDBlockStorageDevice.h
/Applications/Xcode.app/Contents/Developer/Platforms/MacOSX.platform/Developer/SDKs/MacOSX26.1.sdk/System/Library/Frameworks/IOKit.framework/Headers/storage/IOCDTypes.h
/Applications/Xcode.app/Contents/Developer/Platforms/MacOSX.platform/Developer/SDKs/MacOSX26.1.sdk/System/Library/Frameworks/IOKit.framework/Headers/storage/IOPartitionScheme.h
/Applications/Xcode.app/Contents/Developer/Platforms/MacOSX.platform/Developer/SDKs/MacOSX26.1.sdk/System/Library/Frameworks/IOKit.framework/Headers/storage/IOCDMedia.h
/Applications/Xcode.app/Contents/Developer/Platforms/MacOSX.platform/Developer/SDKs/MacOSX26.1.sdk/System/Library/Frameworks/IOKit.framework/Headers/storage/IOStorage.h
/Applications/Xcode.app/Contents/Developer/Platforms/MacOSX.platform/Developer/SDKs/MacOSX26.1.sdk/System/Library/Frameworks/IOKit.framework/Headers/storage/IOCDMediaBSDClient.h
/Applications/Xcode.app/Contents/Developer/Platforms/MacOSX.platform/Developer/SDKs/MacOSX26.1.sdk/System/Library/Frameworks/IOKit.framework/Headers/storage/IOStorageCardCharacteristics.h
/Applications/Xcode.app/Contents/Developer/Platforms/MacOSX.platform/Developer/SDKs/MacOSX26.1.sdk/System/Library/Frameworks/IOKit.framework/Headers/storage/IOCDPartitionScheme.h
/Applications/Xcode.app/Contents/Developer/Platforms/MacOSX.platform/Developer/SDKs/MacOSX26.1.sdk/System/Library/Frameworks/IOKit.framework/Headers/storage/IODVDBlockStorageDevice.h
/Applications/Xcode.app/Contents/Developer/Platforms/MacOSX.platform/Developer/SDKs/MacOSX26.1.sdk/System/Library/Frameworks/IOKit.framework/Headers/storage/IODVDMedia.h
/Applications/Xcode.app/Contents/Developer/Platforms/MacOSX.platform/Developer/SDKs/MacOSX26.1.sdk/System/Library/Frameworks/IOKit.framework/Headers/storage/ata/ATASMARTLib.h
/Applications/Xcode.app/Contents/Developer/Platforms/MacOSX.platform/Developer/SDKs/MacOSX26.1.sdk/System/Library/Frameworks/IOKit.framework/Headers/storage/ata/IOATAStorageDefines.h
/Applications/Xcode.app/Contents/Developer/Platforms/MacOSX.platform/Developer/SDKs/MacOSX26.1.sdk/System/Library/Frameworks/IOKit.framework/Headers/stream/IOStreamLib.h
/Applications/Xcode.app/Contents/Developer/Platforms/MacOSX.platform/Developer/SDKs/MacOSX26.1.sdk/System/Library/Frameworks/IOKit.framework/Headers/stream/IOStreamShared.h
/Applications/Xcode.app/Contents/Developer/Platforms/MacOSX.platform/Developer/SDKs/MacOSX26.1.sdk/System/Library/Frameworks/IOKit.framework/Headers/usb/AppleUSBDefinitions.h
/Applications/Xcode.app/Contents/Developer/Platforms/MacOSX.platform/Developer/SDKs/MacOSX26.1.sdk/System/Library/Frameworks/IOKit.framework/Headers/usb/IOUSBHostFamilyDefinitions.h
/Applications/Xcode.app/Contents/Developer/Platforms/MacOSX.platform/Developer/SDKs/MacOSX26.1.sdk/System/Library/Frameworks/IOKit.framework/Headers/usb/IOUSBLib.h
/Applications/Xcode.app/Contents/Developer/Platforms/MacOSX.platform/Developer/SDKs/MacOSX26.1.sdk/System/Library/Frameworks/IOKit.framework/Headers/usb/USB.h
/Applications/Xcode.app/Contents/Developer/Platforms/MacOSX.platform/Developer/SDKs/MacOSX26.1.sdk/System/Library/Frameworks/IOKit.framework/Headers/usb/USBSpec.h
/Applications/Xcode.app/Contents/Developer/Platforms/MacOSX.platform/Developer/SDKs/MacOSX26.1.sdk/SDKSettings.json
/Applications/Xcode.app/Contents/Developer/Toolchains/XcodeDefault.xctoolchain/usr/lib/swift/macosx/prebuilt-modules/26.1/IOKit.swiftmodule/arm64e-apple-macos.swiftmodule
/Users/rogerlin/Library/Developer/Xcode/DerivedData/FinancialCalculatorKit-ackorybalcxbfocbkqsfdzcfkgmn/Build/Products/Debug/IssueReporting.swiftmodule/arm64-apple-macos.swiftmodule
/Applications/Xcode.app/Contents/Developer/Platforms/MacOSX.platform/Developer/SDKs/MacOSX26.1.sdk/usr/include/DarwinBasic.modulemap
/Applications/Xcode.app/Contents/Developer/Platforms/MacOSX.platform/Developer/SDKs/MacOSX26.1.sdk/usr/include/Darwin.modulemap
/Applications/Xcode.app/Contents/Developer/Platforms/MacOSX.platform/Developer/SDKs/MacOSX26.1.sdk/usr/include/Darwin_C.modulemap
/Applications/Xcode.app/Contents/Developer/Platforms/MacOSX.platform/Developer/SDKs/MacOSX26.1.sdk/usr/include/Darwin_POSIX.modulemap
/Applications/Xcode.app/Contents/Developer/Platforms/MacOSX.platform/Developer/SDKs/MacOSX26.1.sdk/usr/include/net.modulemap
/Applications/Xcode.app/Contents/Developer/Platforms/MacOSX.platform/Developer/SDKs/MacOSX26.1.sdk/usr/include/netinet.modulemap
/Applications/Xcode.app/Contents/Developer/Platforms/MacOSX.platform/Developer/SDKs/MacOSX26.1.sdk/usr/include/bank.modulemap
/Applications/Xcode.app/Contents/Developer/Platforms/MacOSX.platform/Developer/SDKs/MacOSX26.1.sdk/usr/include/Darwin_Mach.modulemap
/Applications/Xcode.app/Contents/Developer/Platforms/MacOSX.platform/Developer/SDKs/MacOSX26.1.sdk/usr/include/Darwin_Mach_machine.modulemap
/Applications/Xcode.app/Contents/Developer/Platforms/MacOSX.platform/Developer/SDKs/MacOSX26.1.sdk/usr/include/mach_debug.modulemap
/Applications/Xcode.app/Contents/Developer/Platforms/MacOSX.platform/Developer/SDKs/MacOSX26.1.sdk/usr/include/device.modulemap
/Applications/Xcode.app/Contents/Developer/Platforms/MacOSX.platform/Developer/SDKs/MacOSX26.1.sdk/usr/include/Darwin_machine.modulemap
/Applications/Xcode.app/Contents/Developer/Platforms/MacOSX.platform/Developer/SDKs/MacOSX26.1.sdk/usr/include/ncurses.modulemap
/Applications/Xcode.app/Contents/Developer/Platforms/MacOSX.platform/Developer/SDKs/MacOSX26.1.sdk/usr/include/netinet6.modulemap
/Applications/Xcode.app/Contents/Developer/Platforms/MacOSX.platform/Developer/SDKs/MacOSX26.1.sdk/usr/include/Darwin_sys.modulemap
/Applications/Xcode.app/Contents/Developer/Platforms/MacOSX.platform/Developer/SDKs/MacOSX26.1.sdk/usr/include/uuid.modulemap
/Applications/Xcode.app/Contents/Developer/Platforms/MacOSX.platform/Developer/SDKs/MacOSX26.1.sdk/usr/include/DarwinFoundation2.modulemap
/Applications/Xcode.app/Contents/Developer/Platforms/MacOSX.platform/Developer/SDKs/MacOSX26.1.sdk/usr/include/DarwinFoundation3.modulemap
/Applications/Xcode.app/Contents/Developer/Platforms/MacOSX.platform/Developer/SDKs/MacOSX26.1.sdk/usr/include/DarwinFoundation1.modulemap
/Applications/Xcode.app/Contents/Developer/Platforms/MacOSX.platform/Developer/SDKs/MacOSX26.1.sdk/usr/include/mach-o/arch.h
/Applications/Xcode.app/Contents/Developer/Toolchains/XcodeDefault.xctoolchain/usr/lib/swift/clang/include/module.modulemap
/Applications/Xcode.app/Contents/Developer/Platforms/MacOSX.platform/Developer/SDKs/MacOSX26.1.sdk/usr/include/mach-o/arm/reloc.h
/Applications/Xcode.app/Contents/Developer/Platforms/MacOSX.platform/Developer/SDKs/MacOSX26.1.sdk/usr/include/mach-o/arm64/reloc.h
/Applications/Xcode.app/Contents/Developer/Platforms/MacOSX.platform/Developer/SDKs/MacOSX26.1.sdk/usr/include/mach-o/compact_unwind_encoding.h
/Applications/Xcode.app/Contents/Developer/Platforms/MacOSX.platform/Developer/SDKs/MacOSX26.1.sdk/usr/include/mach-o/dyld.h
/Applications/Xcode.app/Contents/Developer/Toolchains/XcodeDefault.xctoolchain/usr/lib/swift/clang/include/stddef.h
/Applications/Xcode.app/Contents/Developer/Platforms/MacOSX.platform/Developer/SDKs/MacOSX26.1.sdk/usr/include/mach-o/loader.h
/Applications/Xcode.app/Contents/Developer/Platforms/MacOSX.platform/Developer/SDKs/MacOSX26.1.sdk/usr/include/mach-o/dyld_images.h
/Applications/Xcode.app/Contents/Developer/Platforms/MacOSX.platform/Developer/SDKs/MacOSX26.1.sdk/usr/include/mach-o/fat.h
/Applications/Xcode.app/Contents/Developer/Platforms/MacOSX.platform/Developer/SDKs/MacOSX26.1.sdk/usr/include/mach-o/fixup-chains.h
/Applications/Xcode.app/Contents/Developer/Platforms/MacOSX.platform/Developer/SDKs/MacOSX26.1.sdk/usr/include/mach-o/getsect.h
/Applications/Xcode.app/Contents/Developer/Platforms/MacOSX.platform/Developer/SDKs/MacOSX26.1.sdk/usr/include/mach-o/ldsyms.h
/Applications/Xcode.app/Contents/Developer/Platforms/MacOSX.platform/Developer/SDKs/MacOSX26.1.sdk/usr/include/mach-o/nlist.h
/Applications/Xcode.app/Contents/Developer/Platforms/MacOSX.platform/Developer/SDKs/MacOSX26.1.sdk/usr/include/mach-o/ranlib.h
/Applications/Xcode.app/Contents/Developer/Platforms/MacOSX.platform/Developer/SDKs/MacOSX26.1.sdk/usr/include/mach-o/reloc.h
/Applications/Xcode.app/Contents/Developer/Platforms/MacOSX.platform/Developer/SDKs/MacOSX26.1.sdk/usr/include/mach-o/stab.h
/Applications/Xcode.app/Contents/Developer/Platforms/MacOSX.platform/Developer/SDKs/MacOSX26.1.sdk/usr/include/mach-o/swap.h
/Applications/Xcode.app/Contents/Developer/Platforms/MacOSX.platform/Developer/SDKs/MacOSX26.1.sdk/usr/include/mach-o/utils.h
/Applications/Xcode.app/Contents/Developer/Platforms/MacOSX.platform/Developer/SDKs/MacOSX26.1.sdk/usr/include/mach-o/x86_64/reloc.h
/Applications/Xcode.app/Contents/Developer/Platforms/MacOSX.platform/Developer/SDKs/MacOSX26.1.sdk/SDKSettings.json
/Applications/Xcode.app/Contents/Developer/Platforms/MacOSX.platform/Developer/SDKs/MacOSX26.1.sdk/usr/include/ObjectiveC.apinotes
/Applications/Xcode.app/Contents/Developer/Platforms/MacOSX.platform/Developer/SDKs/MacOSX26.1.sdk/usr/include/DarwinBasic.modulemap
/Applications/Xcode.app/Contents/Developer/Platforms/MacOSX.platform/Developer/SDKs/MacOSX26.1.sdk/usr/include/ObjectiveC.modulemap
/Applications/Xcode.app/Contents/Developer/Platforms/MacOSX.platform/Developer/SDKs/MacOSX26.1.sdk/usr/include/Darwin.modulemap
/Applications/Xcode.app/Contents/Developer/Platforms/MacOSX.platform/Developer/SDKs/MacOSX26.1.sdk/usr/include/Darwin_C.modulemap
/Applications/Xcode.app/Contents/Developer/Platforms/MacOSX.platform/Developer/SDKs/MacOSX26.1.sdk/usr/include/Darwin_POSIX.modulemap
/Applications/Xcode.app/Contents/Developer/Platforms/MacOSX.platform/Developer/SDKs/MacOSX26.1.sdk/usr/include/net.modulemap
/Applications/Xcode.app/Contents/Developer/Platforms/MacOSX.platform/Developer/SDKs/MacOSX26.1.sdk/usr/include/netinet.modulemap
/Applications/Xcode.app/Contents/Developer/Platforms/MacOSX.platform/Developer/SDKs/MacOSX26.1.sdk/usr/include/bank.modulemap
/Applications/Xcode.app/Contents/Developer/Platforms/MacOSX.platform/Developer/SDKs/MacOSX26.1.sdk/usr/include/Darwin_Mach.modulemap
/Applications/Xcode.app/Contents/Developer/Platforms/MacOSX.platform/Developer/SDKs/MacOSX26.1.sdk/usr/include/Darwin_Mach_machine.modulemap
/Applications/Xcode.app/Contents/Developer/Platforms/MacOSX.platform/Developer/SDKs/MacOSX26.1.sdk/usr/include/mach_debug.modulemap
/Applications/Xcode.app/Contents/Developer/Platforms/MacOSX.platform/Developer/SDKs/MacOSX26.1.sdk/usr/include/device.modulemap
/Applications/Xcode.app/Contents/Developer/Platforms/MacOSX.platform/Developer/SDKs/MacOSX26.1.sdk/usr/include/Darwin_machine.modulemap
/Applications/Xcode.app/Contents/Developer/Platforms/MacOSX.platform/Developer/SDKs/MacOSX26.1.sdk/usr/include/ncurses.modulemap
/Applications/Xcode.app/Contents/Developer/Platforms/MacOSX.platform/Developer/SDKs/MacOSX26.1.sdk/usr/include/netinet6.modulemap
/Applications/Xcode.app/Contents/Developer/Platforms/MacOSX.platform/Developer/SDKs/MacOSX26.1.sdk/usr/include/Darwin_sys.modulemap
/Applications/Xcode.app/Contents/Developer/Platforms/MacOSX.platform/Developer/SDKs/MacOSX26.1.sdk/usr/include/uuid.modulemap
/Applications/Xcode.app/Contents/Developer/Platforms/MacOSX.platform/Developer/SDKs/MacOSX26.1.sdk/usr/include/DarwinFoundation2.modulemap
/Applications/Xcode.app/Contents/Developer/Platforms/MacOSX.platform/Developer/SDKs/MacOSX26.1.sdk/usr/include/DarwinFoundation3.modulemap
/Applications/Xcode.app/Contents/Developer/Platforms/MacOSX.platform/Developer/SDKs/MacOSX26.1.sdk/usr/include/DarwinFoundation1.modulemap
/Applications/Xcode.app/Contents/Developer/Platforms/MacOSX.platform/Developer/SDKs/MacOSX26.1.sdk/usr/include/objc/List.h
/Applications/Xcode.app/Contents/Developer/Platforms/MacOSX.platform/Developer/SDKs/MacOSX26.1.sdk/usr/include/objc/NSObjCRuntime.h
/Applications/Xcode.app/Contents/Developer/Toolchains/XcodeDefault.xctoolchain/usr/lib/swift/clang/include/module.modulemap
/Applications/Xcode.app/Contents/Developer/Platforms/MacOSX.platform/Developer/SDKs/MacOSX26.1.sdk/usr/include/objc/objc.h
/Applications/Xcode.app/Contents/Developer/Platforms/MacOSX.platform/Developer/SDKs/MacOSX26.1.sdk/usr/include/stdlib.h
/Applications/Xcode.app/Contents/Developer/Platforms/MacOSX.platform/Developer/SDKs/MacOSX26.1.sdk/usr/include/objc/objc-api.h
/Applications/Xcode.app/Contents/Developer/Toolchains/XcodeDefault.xctoolchain/usr/lib/swift/clang/include/stddef.h
/Applications/Xcode.app/Contents/Developer/Platforms/MacOSX.platform/Developer/SDKs/MacOSX26.1.sdk/usr/include/objc/NSObject.h
/Applications/Xcode.app/Contents/Developer/Platforms/MacOSX.platform/Developer/SDKs/MacOSX26.1.sdk/usr/include/objc/Object.h
/Applications/Xcode.app/Contents/Developer/Toolchains/XcodeDefault.xctoolchain/usr/lib/swift/clang/include/stdarg.h
/Applications/Xcode.app/Contents/Developer/Platforms/MacOSX.platform/Developer/SDKs/MacOSX26.1.sdk/usr/include/objc/objc-runtime.h
/Applications/Xcode.app/Contents/Developer/Platforms/MacOSX.platform/Developer/SDKs/MacOSX26.1.sdk/usr/include/objc/runtime.h
/Applications/Xcode.app/Contents/Developer/Platforms/MacOSX.platform/Developer/SDKs/MacOSX26.1.sdk/usr/include/objc/message.h
/Applications/Xcode.app/Contents/Developer/Platforms/MacOSX.platform/Developer/SDKs/MacOSX26.1.sdk/usr/include/objc/Protocol.h
/Applications/Xcode.app/Contents/Developer/Platforms/MacOSX.platform/Developer/SDKs/MacOSX26.1.sdk/usr/include/objc/hashtable.h
/Applications/Xcode.app/Contents/Developer/Platforms/MacOSX.platform/Developer/SDKs/MacOSX26.1.sdk/usr/include/objc/hashtable2.h
/Applications/Xcode.app/Contents/Developer/Platforms/MacOSX.platform/Developer/SDKs/MacOSX26.1.sdk/usr/include/objc/objc-auto.h
/Applications/Xcode.app/Contents/Developer/Platforms/MacOSX.platform/Developer/SDKs/MacOSX26.1.sdk/usr/include/string.h
/Applications/Xcode.app/Contents/Developer/Platforms/MacOSX.platform/Developer/SDKs/MacOSX26.1.sdk/usr/include/objc/objc-class.h
/Applications/Xcode.app/Contents/Developer/Platforms/MacOSX.platform/Developer/SDKs/MacOSX26.1.sdk/usr/include/objc/objc-exception.h
/Applications/Xcode.app/Contents/Developer/Platforms/MacOSX.platform/Developer/SDKs/MacOSX26.1.sdk/usr/include/objc/objc-load.h
/Applications/Xcode.app/Contents/Developer/Platforms/MacOSX.platform/Developer/SDKs/MacOSX26.1.sdk/usr/include/objc/objc-sync.h
/Applications/Xcode.app/Contents/Developer/Platforms/MacOSX.platform/Developer/SDKs/MacOSX26.1.sdk/SDKSettings.json
/Applications/Xcode.app/Contents/Developer/Toolchains/XcodeDefault.xctoolchain/usr/lib/swift/macosx/prebuilt-modules/26.1/ObjectiveC.swiftmodule/arm64e-apple-macos.swiftmodule
/Applications/Xcode.app/Contents/Developer/Toolchains/XcodeDefault.xctoolchain/usr/lib/swift/macosx/prebuilt-modules/26.1/Observation.swiftmodule/arm64e-apple-macos.swiftmodule
/Applications/Xcode.app/Contents/Developer/Platforms/MacOSX.platform/Developer/SDKs/MacOSX26.1.sdk/System/Library/Frameworks/Security.framework/Headers/Security.apinotes
/Applications/Xcode.app/Contents/Developer/Platforms/MacOSX.platform/Developer/SDKs/MacOSX26.1.sdk/System/Library/Frameworks/Security.framework/Modules/module.modulemap
/Applications/Xcode.app/Contents/Developer/Platforms/MacOSX.platform/Developer/SDKs/MacOSX26.1.sdk/System/Library/Frameworks/Security.framework/Headers/Security.h
/Applications/Xcode.app/Contents/Developer/Platforms/MacOSX.platform/Developer/SDKs/MacOSX26.1.sdk/System/Library/Frameworks/Security.framework/Headers/SecBase.h
/Applications/Xcode.app/Contents/Developer/Platforms/MacOSX.platform/Developer/SDKs/MacOSX26.1.sdk/usr/include/xpc.modulemap
/Applications/Xcode.app/Contents/Developer/Platforms/MacOSX.platform/Developer/SDKs/MacOSX26.1.sdk/usr/include/dispatch.modulemap
/Applications/Xcode.app/Contents/Developer/Platforms/MacOSX.platform/Developer/SDKs/MacOSX26.1.sdk/usr/include/os.modulemap
/Applications/Xcode.app/Contents/Developer/Platforms/MacOSX.platform/Developer/SDKs/MacOSX26.1.sdk/usr/include/Darwin.modulemap
/Applications/Xcode.app/Contents/Developer/Platforms/MacOSX.platform/Developer/SDKs/MacOSX26.1.sdk/usr/include/Darwin_C.modulemap
/Applications/Xcode.app/Contents/Developer/Platforms/MacOSX.platform/Developer/SDKs/MacOSX26.1.sdk/usr/include/Darwin_POSIX.modulemap
/Applications/Xcode.app/Contents/Developer/Platforms/MacOSX.platform/Developer/SDKs/MacOSX26.1.sdk/usr/include/net.modulemap
/Applications/Xcode.app/Contents/Developer/Platforms/MacOSX.platform/Developer/SDKs/MacOSX26.1.sdk/usr/include/netinet.modulemap
/Applications/Xcode.app/Contents/Developer/Platforms/MacOSX.platform/Developer/SDKs/MacOSX26.1.sdk/usr/include/bank.modulemap
/Applications/Xcode.app/Contents/Developer/Platforms/MacOSX.platform/Developer/SDKs/MacOSX26.1.sdk/usr/include/Darwin_Mach.modulemap
/Applications/Xcode.app/Contents/Developer/Platforms/MacOSX.platform/Developer/SDKs/MacOSX26.1.sdk/usr/include/Darwin_Mach_machine.modulemap
/Applications/Xcode.app/Contents/Developer/Platforms/MacOSX.platform/Developer/SDKs/MacOSX26.1.sdk/usr/include/mach_debug.modulemap
/Applications/Xcode.app/Contents/Developer/Platforms/MacOSX.platform/Developer/SDKs/MacOSX26.1.sdk/usr/include/device.modulemap
/Applications/Xcode.app/Contents/Developer/Platforms/MacOSX.platform/Developer/SDKs/MacOSX26.1.sdk/usr/include/Darwin_machine.modulemap
/Applications/Xcode.app/Contents/Developer/Platforms/MacOSX.platform/Developer/SDKs/MacOSX26.1.sdk/usr/include/ncurses.modulemap
/Applications/Xcode.app/Contents/Developer/Platforms/MacOSX.platform/Developer/SDKs/MacOSX26.1.sdk/usr/include/netinet6.modulemap
/Applications/Xcode.app/Contents/Developer/Platforms/MacOSX.platform/Developer/SDKs/MacOSX26.1.sdk/usr/include/Darwin_sys.modulemap
/Applications/Xcode.app/Contents/Developer/Platforms/MacOSX.platform/Developer/SDKs/MacOSX26.1.sdk/usr/include/uuid.modulemap
/Applications/Xcode.app/Contents/Developer/Platforms/MacOSX.platform/Developer/SDKs/MacOSX26.1.sdk/usr/include/DarwinFoundation2.modulemap
/Applications/Xcode.app/Contents/Developer/Platforms/MacOSX.platform/Developer/SDKs/MacOSX26.1.sdk/usr/include/DarwinFoundation3.modulemap
/Applications/Xcode.app/Contents/Developer/Platforms/MacOSX.platform/Developer/SDKs/MacOSX26.1.sdk/usr/include/DarwinFoundation1.modulemap
/Applications/Xcode.app/Contents/Developer/Platforms/MacOSX.platform/Developer/SDKs/MacOSX26.1.sdk/System/Library/Frameworks/CoreFoundation.framework/Modules/module.modulemap
/Applications/Xcode.app/Contents/Developer/Platforms/MacOSX.platform/Developer/SDKs/MacOSX26.1.sdk/System/Library/Frameworks/Security.framework/Headers/SecCertificate.h
/Applications/Xcode.app/Contents/Developer/Platforms/MacOSX.platform/Developer/SDKs/MacOSX26.1.sdk/System/Library/Frameworks/Security.framework/Headers/cssmtype.h
/Applications/Xcode.app/Contents/Developer/Platforms/MacOSX.platform/Developer/SDKs/MacOSX26.1.sdk/System/Library/Frameworks/Security.framework/Headers/cssmconfig.h
/Applications/Xcode.app/Contents/Developer/Toolchains/XcodeDefault.xctoolchain/usr/lib/swift/clang/include/module.modulemap
/Applications/Xcode.app/Contents/Developer/Platforms/MacOSX.platform/Developer/SDKs/MacOSX26.1.sdk/System/Library/Frameworks/Security.framework/Headers/SecAsn1Types.h
/Applications/Xcode.app/Contents/Developer/Platforms/MacOSX.platform/Developer/SDKs/MacOSX26.1.sdk/System/Library/Frameworks/Security.framework/Headers/x509defs.h
/Applications/Xcode.app/Contents/Developer/Platforms/MacOSX.platform/Developer/SDKs/MacOSX26.1.sdk/System/Library/Frameworks/Security.framework/Headers/SecIdentity.h
/Applications/Xcode.app/Contents/Developer/Platforms/MacOSX.platform/Developer/SDKs/MacOSX26.1.sdk/System/Library/Frameworks/Security.framework/Headers/SecAccessControl.h
/Applications/Xcode.app/Contents/Developer/Platforms/MacOSX.platform/Developer/SDKs/MacOSX26.1.sdk/System/Library/Frameworks/Security.framework/Headers/SecItem.h
/Applications/Xcode.app/Contents/Developer/Platforms/MacOSX.platform/Developer/SDKs/MacOSX26.1.sdk/System/Library/Frameworks/Security.framework/Headers/SecKey.h
/Applications/Xcode.app/Contents/Developer/Platforms/MacOSX.platform/Developer/SDKs/MacOSX26.1.sdk/System/Library/Frameworks/Security.framework/Headers/SecAccess.h
/Applications/Xcode.app/Contents/Developer/Platforms/MacOSX.platform/Developer/SDKs/MacOSX26.1.sdk/System/Library/Frameworks/Security.framework/Headers/SecPolicy.h
/Applications/Xcode.app/Contents/Developer/Platforms/MacOSX.platform/Developer/SDKs/MacOSX26.1.sdk/System/Library/Frameworks/Security.framework/Headers/SecRandom.h
/Applications/Xcode.app/Contents/Developer/Platforms/MacOSX.platform/Developer/SDKs/MacOSX26.1.sdk/System/Library/Frameworks/Security.framework/Headers/SecImportExport.h
/Applications/Xcode.app/Contents/Developer/Platforms/MacOSX.platform/Developer/SDKs/MacOSX26.1.sdk/System/Library/Frameworks/Security.framework/Headers/SecKeychain.h
/Applications/Xcode.app/Contents/Developer/Platforms/MacOSX.platform/Developer/SDKs/MacOSX26.1.sdk/System/Library/Frameworks/Security.framework/Headers/cssmapple.h
/Applications/Xcode.app/Contents/Developer/Platforms/MacOSX.platform/Developer/SDKs/MacOSX26.1.sdk/System/Library/Frameworks/Security.framework/Headers/cssmerr.h
/Applications/Xcode.app/Contents/Developer/Platforms/MacOSX.platform/Developer/SDKs/MacOSX26.1.sdk/System/Library/Frameworks/Security.framework/Headers/certextensions.h
/Applications/Xcode.app/Contents/Developer/Platforms/MacOSX.platform/Developer/SDKs/MacOSX26.1.sdk/System/Library/Frameworks/Security.framework/Headers/SecTrust.h
/Applications/Xcode.app/Contents/Developer/Platforms/MacOSX.platform/Developer/SDKs/MacOSX26.1.sdk/System/Library/Frameworks/Security.framework/Headers/SecSharedCredential.h
/Applications/Xcode.app/Contents/Developer/Platforms/MacOSX.platform/Developer/SDKs/MacOSX26.1.sdk/System/Library/Frameworks/Security.framework/Headers/SecProtocolOptions.h
/Applications/Xcode.app/Contents/Developer/Platforms/MacOSX.platform/Developer/SDKs/MacOSX26.1.sdk/System/Library/Frameworks/Security.framework/Headers/SecProtocolObject.h
/Applications/Xcode.app/Contents/Developer/Platforms/MacOSX.platform/Developer/SDKs/MacOSX26.1.sdk/System/Library/Frameworks/Security.framework/Headers/SecProtocolTypes.h
/Applications/Xcode.app/Contents/Developer/Platforms/MacOSX.platform/Developer/SDKs/MacOSX26.1.sdk/System/Library/Frameworks/Security.framework/Headers/CipherSuite.h
/Applications/Xcode.app/Contents/Developer/Platforms/MacOSX.platform/Developer/SDKs/MacOSX26.1.sdk/System/Library/Frameworks/Security.framework/Headers/SecProtocolMetadata.h
/Applications/Xcode.app/Contents/Developer/Platforms/MacOSX.platform/Developer/SDKs/MacOSX26.1.sdk/System/Library/Frameworks/Security.framework/Headers/AuthSession.h
/Applications/Xcode.app/Contents/Developer/Platforms/MacOSX.platform/Developer/SDKs/MacOSX26.1.sdk/System/Library/Frameworks/Security.framework/Headers/Authorization.h
/Applications/Xcode.app/Contents/Developer/Platforms/MacOSX.platform/Developer/SDKs/MacOSX26.1.sdk/usr/include/stdio.h
/Applications/Xcode.app/Contents/Developer/Platforms/MacOSX.platform/Developer/SDKs/MacOSX26.1.sdk/System/Library/Frameworks/Security.framework/Headers/cssm.h
/Applications/Xcode.app/Contents/Developer/Platforms/MacOSX.platform/Developer/SDKs/MacOSX26.1.sdk/System/Library/Frameworks/Security.framework/Headers/emmtype.h
/Applications/Xcode.app/Contents/Developer/Platforms/MacOSX.platform/Developer/SDKs/MacOSX26.1.sdk/System/Library/Frameworks/Security.framework/Headers/cssmapi.h
/Applications/Xcode.app/Contents/Developer/Platforms/MacOSX.platform/Developer/SDKs/MacOSX26.1.sdk/System/Library/Frameworks/Security.framework/Headers/cssmaci.h
/Applications/Xcode.app/Contents/Developer/Platforms/MacOSX.platform/Developer/SDKs/MacOSX26.1.sdk/System/Library/Frameworks/Security.framework/Headers/cssmcli.h
/Applications/Xcode.app/Contents/Developer/Platforms/MacOSX.platform/Developer/SDKs/MacOSX26.1.sdk/System/Library/Frameworks/Security.framework/Headers/cssmcspi.h
/Applications/Xcode.app/Contents/Developer/Platforms/MacOSX.platform/Developer/SDKs/MacOSX26.1.sdk/System/Library/Frameworks/Security.framework/Headers/cssmspi.h
/Applications/Xcode.app/Contents/Developer/Platforms/MacOSX.platform/Developer/SDKs/MacOSX26.1.sdk/System/Library/Frameworks/Security.framework/Headers/cssmdli.h
/Applications/Xcode.app/Contents/Developer/Platforms/MacOSX.platform/Developer/SDKs/MacOSX26.1.sdk/System/Library/Frameworks/Security.framework/Headers/cssmkrapi.h
/Applications/Xcode.app/Contents/Developer/Platforms/MacOSX.platform/Developer/SDKs/MacOSX26.1.sdk/System/Library/Frameworks/Security.framework/Headers/cssmkrspi.h
/Applications/Xcode.app/Contents/Developer/Platforms/MacOSX.platform/Developer/SDKs/MacOSX26.1.sdk/System/Library/Frameworks/Security.framework/Headers/cssmtpi.h
/Applications/Xcode.app/Contents/Developer/Platforms/MacOSX.platform/Developer/SDKs/MacOSX26.1.sdk/System/Library/Frameworks/Security.framework/Headers/emmspi.h
/Applications/Xcode.app/Contents/Developer/Platforms/MacOSX.platform/Developer/SDKs/MacOSX26.1.sdk/System/Library/Frameworks/Security.framework/Headers/mds.h
/Applications/Xcode.app/Contents/Developer/Platforms/MacOSX.platform/Developer/SDKs/MacOSX26.1.sdk/System/Library/Frameworks/Security.framework/Headers/mds_schema.h
/Applications/Xcode.app/Contents/Developer/Platforms/MacOSX.platform/Developer/SDKs/MacOSX26.1.sdk/System/Library/Frameworks/Security.framework/Headers/oidsalg.h
/Applications/Xcode.app/Contents/Developer/Platforms/MacOSX.platform/Developer/SDKs/MacOSX26.1.sdk/System/Library/Frameworks/Security.framework/Headers/oidsattr.h
/Applications/Xcode.app/Contents/Developer/Platforms/MacOSX.platform/Developer/SDKs/MacOSX26.1.sdk/System/Library/Frameworks/Security.framework/Headers/oidsbase.h
/Applications/Xcode.app/Contents/Developer/Platforms/MacOSX.platform/Developer/SDKs/MacOSX26.1.sdk/System/Library/Frameworks/Security.framework/Headers/oidscert.h
/Applications/Xcode.app/Contents/Developer/Platforms/MacOSX.platform/Developer/SDKs/MacOSX26.1.sdk/System/Library/Frameworks/Security.framework/Headers/oidscrl.h
/Applications/Xcode.app/Contents/Developer/Platforms/MacOSX.platform/Developer/SDKs/MacOSX26.1.sdk/System/Library/Frameworks/Security.framework/Headers/SecACL.h
/Applications/Xcode.app/Contents/Developer/Platforms/MacOSX.platform/Developer/SDKs/MacOSX26.1.sdk/System/Library/Frameworks/Security.framework/Headers/SecCertificateOIDs.h
/Applications/Xcode.app/Contents/Developer/Platforms/MacOSX.platform/Developer/SDKs/MacOSX26.1.sdk/System/Library/Frameworks/Security.framework/Headers/SecIdentitySearch.h
/Applications/Xcode.app/Contents/Developer/Platforms/MacOSX.platform/Developer/SDKs/MacOSX26.1.sdk/System/Library/Frameworks/Security.framework/Headers/SecKeychainItem.h
/Applications/Xcode.app/Contents/Developer/Platforms/MacOSX.platform/Developer/SDKs/MacOSX26.1.sdk/System/Library/Frameworks/Security.framework/Headers/SecKeychainSearch.h
/Applications/Xcode.app/Contents/Developer/Platforms/MacOSX.platform/Developer/SDKs/MacOSX26.1.sdk/System/Library/Frameworks/Security.framework/Headers/SecPolicySearch.h
/Applications/Xcode.app/Contents/Developer/Platforms/MacOSX.platform/Developer/SDKs/MacOSX26.1.sdk/System/Library/Frameworks/Security.framework/Headers/SecTrustedApplication.h
/Applications/Xcode.app/Contents/Developer/Platforms/MacOSX.platform/Developer/SDKs/MacOSX26.1.sdk/System/Library/Frameworks/Security.framework/Headers/SecTrustSettings.h
/Applications/Xcode.app/Contents/Developer/Platforms/MacOSX.platform/Developer/SDKs/MacOSX26.1.sdk/System/Library/Frameworks/Security.framework/Headers/SecStaticCode.h
/Applications/Xcode.app/Contents/Developer/Platforms/MacOSX.platform/Developer/SDKs/MacOSX26.1.sdk/System/Library/Frameworks/Security.framework/Headers/CSCommon.h
/Applications/Xcode.app/Contents/Developer/Platforms/MacOSX.platform/Developer/SDKs/MacOSX26.1.sdk/System/Library/Frameworks/Security.framework/Headers/SecCode.h
/Applications/Xcode.app/Contents/Developer/Platforms/MacOSX.platform/Developer/SDKs/MacOSX26.1.sdk/System/Library/Frameworks/Security.framework/Headers/SecCodeHost.h
/Applications/Xcode.app/Contents/Developer/Platforms/MacOSX.platform/Developer/SDKs/MacOSX26.1.sdk/System/Library/Frameworks/Security.framework/Headers/SecRequirement.h
/Applications/Xcode.app/Contents/Developer/Platforms/MacOSX.platform/Developer/SDKs/MacOSX26.1.sdk/System/Library/Frameworks/Security.framework/Headers/SecTask.h
/Applications/Xcode.app/Contents/Developer/Platforms/MacOSX.platform/Developer/SDKs/MacOSX26.1.sdk/System/Library/Frameworks/Security.framework/Headers/AuthorizationTags.h
/Applications/Xcode.app/Contents/Developer/Platforms/MacOSX.platform/Developer/SDKs/MacOSX26.1.sdk/System/Library/Frameworks/Security.framework/Headers/AuthorizationDB.h
/Applications/Xcode.app/Contents/Developer/Platforms/MacOSX.platform/Developer/SDKs/MacOSX26.1.sdk/System/Library/Frameworks/Security.framework/Headers/CMSDecoder.h
/Applications/Xcode.app/Contents/Developer/Platforms/MacOSX.platform/Developer/SDKs/MacOSX26.1.sdk/System/Library/Frameworks/Security.framework/Headers/CMSEncoder.h
/Applications/Xcode.app/Contents/Developer/Platforms/MacOSX.platform/Developer/SDKs/MacOSX26.1.sdk/System/Library/Frameworks/Security.framework/Headers/SecureTransport.h
/Applications/Xcode.app/Contents/Developer/Platforms/MacOSX.platform/Developer/SDKs/MacOSX26.1.sdk/System/Library/Frameworks/Security.framework/Headers/SecTransform.h
/Applications/Xcode.app/Contents/Developer/Platforms/MacOSX.platform/Developer/SDKs/MacOSX26.1.sdk/System/Library/Frameworks/Security.framework/Headers/SecCustomTransform.h
/Applications/Xcode.app/Contents/Developer/Platforms/MacOSX.platform/Developer/SDKs/MacOSX26.1.sdk/System/Library/Frameworks/Security.framework/Headers/SecDecodeTransform.h
/Applications/Xcode.app/Contents/Developer/Platforms/MacOSX.platform/Developer/SDKs/MacOSX26.1.sdk/System/Library/Frameworks/Security.framework/Headers/SecEncodeTransform.h
/Applications/Xcode.app/Contents/Developer/Platforms/MacOSX.platform/Developer/SDKs/MacOSX26.1.sdk/System/Library/Frameworks/Security.framework/Headers/SecDigestTransform.h
/Applications/Xcode.app/Contents/Developer/Platforms/MacOSX.platform/Developer/SDKs/MacOSX26.1.sdk/System/Library/Frameworks/Security.framework/Headers/SecEncryptTransform.h
/Applications/Xcode.app/Contents/Developer/Platforms/MacOSX.platform/Developer/SDKs/MacOSX26.1.sdk/System/Library/Frameworks/Security.framework/Headers/SecSignVerifyTransform.h
/Applications/Xcode.app/Contents/Developer/Platforms/MacOSX.platform/Developer/SDKs/MacOSX26.1.sdk/System/Library/Frameworks/Security.framework/Headers/SecReadTransform.h
/Applications/Xcode.app/Contents/Developer/Platforms/MacOSX.platform/Developer/SDKs/MacOSX26.1.sdk/System/Library/Frameworks/Security.framework/Headers/SecTransformReadTransform.h
/Applications/Xcode.app/Contents/Developer/Platforms/MacOSX.platform/Developer/SDKs/MacOSX26.1.sdk/System/Library/Frameworks/Security.framework/Headers/oids.h
/Applications/Xcode.app/Contents/Developer/Platforms/MacOSX.platform/Developer/SDKs/MacOSX26.1.sdk/usr/include/libDER/module.modulemap
/Applications/Xcode.app/Contents/Developer/Platforms/MacOSX.platform/Developer/SDKs/MacOSX26.1.sdk/usr/include/string.h
/Applications/Xcode.app/Contents/Developer/Platforms/MacOSX.platform/Developer/SDKs/MacOSX26.1.sdk/System/Library/Frameworks/Security.framework/Headers/AuthorizationPlugin.h
/Applications/Xcode.app/Contents/Developer/Platforms/MacOSX.platform/Developer/SDKs/MacOSX26.1.sdk/System/Library/Frameworks/Security.framework/Headers/CodeSigning.h
/Applications/Xcode.app/Contents/Developer/Platforms/MacOSX.platform/Developer/SDKs/MacOSX26.1.sdk/System/Library/Frameworks/Security.framework/Headers/eisl.h
/Applications/Xcode.app/Contents/Developer/Platforms/MacOSX.platform/Developer/SDKs/MacOSX26.1.sdk/System/Library/Frameworks/Security.framework/Headers/SecAsn1Coder.h
/Applications/Xcode.app/Contents/Developer/Platforms/MacOSX.platform/Developer/SDKs/MacOSX26.1.sdk/System/Library/Frameworks/Security.framework/Headers/SecAsn1Templates.h
/Applications/Xcode.app/Contents/Developer/Platforms/MacOSX.platform/Developer/SDKs/MacOSX26.1.sdk/System/Library/Frameworks/Security.framework/Headers/SecureDownload.h
/Applications/Xcode.app/Contents/Developer/Platforms/MacOSX.platform/Developer/SDKs/MacOSX26.1.sdk/SDKSettings.json
/Applications/Xcode.app/Contents/Developer/Toolchains/XcodeDefault.xctoolchain/usr/lib/swift/macosx/prebuilt-modules/26.1/Swift.swiftmodule/arm64e-apple-macos.swiftmodule
/Applications/Xcode.app/Contents/Developer/Toolchains/XcodeDefault.xctoolchain/usr/lib/swift/macosx/prebuilt-modules/26.1/SwiftOnoneSupport.swiftmodule/arm64e-apple-macos.swiftmodule
/Applications/Xcode.app/Contents/Developer/Platforms/MacOSX.platform/Developer/SDKs/MacOSX26.1.sdk/usr/lib/swift/shims/module.modulemap
/Applications/Xcode.app/Contents/Developer/Platforms/MacOSX.platform/Developer/SDKs/MacOSX26.1.sdk/usr/lib/swift/shims/AssertionReporting.h
/Applications/Xcode.app/Contents/Developer/Platforms/MacOSX.platform/Developer/SDKs/MacOSX26.1.sdk/usr/lib/swift/shims/SwiftStdint.h
/Applications/Xcode.app/Contents/Developer/Platforms/MacOSX.platform/Developer/SDKs/MacOSX26.1.sdk/usr/lib/swift/shims/Visibility.h
/Applications/Xcode.app/Contents/Developer/Platforms/MacOSX.platform/Developer/SDKs/MacOSX26.1.sdk/usr/lib/swift/shims/CoreFoundationShims.h
/Applications/Xcode.app/Contents/Developer/Platforms/MacOSX.platform/Developer/SDKs/MacOSX26.1.sdk/usr/lib/swift/shims/ObjCShims.h
/Applications/Xcode.app/Contents/Developer/Platforms/MacOSX.platform/Developer/SDKs/MacOSX26.1.sdk/usr/lib/swift/shims/EmbeddedShims.h
/Applications/Xcode.app/Contents/Developer/Platforms/MacOSX.platform/Developer/SDKs/MacOSX26.1.sdk/usr/lib/swift/shims/SwiftStddef.h
/Applications/Xcode.app/Contents/Developer/Platforms/MacOSX.platform/Developer/SDKs/MacOSX26.1.sdk/usr/lib/swift/shims/FoundationShims.h
/Applications/Xcode.app/Contents/Developer/Platforms/MacOSX.platform/Developer/SDKs/MacOSX26.1.sdk/usr/lib/swift/shims/GlobalObjects.h
/Applications/Xcode.app/Contents/Developer/Platforms/MacOSX.platform/Developer/SDKs/MacOSX26.1.sdk/usr/lib/swift/shims/SwiftStdbool.h
/Applications/Xcode.app/Contents/Developer/Platforms/MacOSX.platform/Developer/SDKs/MacOSX26.1.sdk/usr/lib/swift/shims/HeapObject.h
/Applications/Xcode.app/Contents/Developer/Platforms/MacOSX.platform/Developer/SDKs/MacOSX26.1.sdk/usr/lib/swift/shims/RefCount.h
/Applications/Xcode.app/Contents/Developer/Platforms/MacOSX.platform/Developer/SDKs/MacOSX26.1.sdk/usr/lib/swift/shims/System.h
/Applications/Xcode.app/Contents/Developer/Platforms/MacOSX.platform/Developer/SDKs/MacOSX26.1.sdk/usr/lib/swift/shims/Target.h
/Applications/Xcode.app/Contents/Developer/Platforms/MacOSX.platform/Developer/SDKs/MacOSX26.1.sdk/usr/lib/swift/shims/KeyPath.h
/Applications/Xcode.app/Contents/Developer/Platforms/MacOSX.platform/Developer/SDKs/MacOSX26.1.sdk/usr/lib/swift/shims/LibcShims.h
/Applications/Xcode.app/Contents/Developer/Platforms/MacOSX.platform/Developer/SDKs/MacOSX26.1.sdk/usr/lib/swift/shims/MetadataSections.h
/Applications/Xcode.app/Contents/Developer/Platforms/MacOSX.platform/Developer/SDKs/MacOSX26.1.sdk/usr/lib/swift/shims/Random.h
/Applications/Xcode.app/Contents/Developer/Platforms/MacOSX.platform/Developer/SDKs/MacOSX26.1.sdk/usr/lib/swift/shims/Reflection.h
/Applications/Xcode.app/Contents/Developer/Platforms/MacOSX.platform/Developer/SDKs/MacOSX26.1.sdk/usr/lib/swift/shims/RuntimeShims.h
/Applications/Xcode.app/Contents/Developer/Platforms/MacOSX.platform/Developer/SDKs/MacOSX26.1.sdk/usr/lib/swift/shims/RuntimeStubs.h
/Applications/Xcode.app/Contents/Developer/Platforms/MacOSX.platform/Developer/SDKs/MacOSX26.1.sdk/usr/lib/swift/shims/ThreadLocalStorage.h
/Applications/Xcode.app/Contents/Developer/Platforms/MacOSX.platform/Developer/SDKs/MacOSX26.1.sdk/usr/lib/swift/shims/UnicodeData.h
/Applications/Xcode.app/Contents/Developer/Platforms/MacOSX.platform/Developer/SDKs/MacOSX26.1.sdk/SDKSettings.json
/Applications/Xcode.app/Contents/Developer/Toolchains/XcodeDefault.xctoolchain/usr/lib/swift/macosx/prebuilt-modules/26.1/System.swiftmodule/arm64e-apple-macos.swiftmodule
/Applications/Xcode.app/Contents/Developer/Toolchains/XcodeDefault.xctoolchain/usr/lib/swift/macosx/prebuilt-modules/26.1/XPC.swiftmodule/arm64e-apple-macos.swiftmodule
/Applications/Xcode.app/Contents/Developer/Platforms/MacOSX.platform/Developer/SDKs/MacOSX26.1.sdk/usr/include/XPC.apinotes
/Applications/Xcode.app/Contents/Developer/Platforms/MacOSX.platform/Developer/SDKs/MacOSX26.1.sdk/usr/include/launch.modulemap
/Applications/Xcode.app/Contents/Developer/Platforms/MacOSX.platform/Developer/SDKs/MacOSX26.1.sdk/usr/include/xpc.modulemap
/Applications/Xcode.app/Contents/Developer/Platforms/MacOSX.platform/Developer/SDKs/MacOSX26.1.sdk/usr/include/dispatch.modulemap
/Applications/Xcode.app/Contents/Developer/Platforms/MacOSX.platform/Developer/SDKs/MacOSX26.1.sdk/usr/include/os.modulemap
/Applications/Xcode.app/Contents/Developer/Platforms/MacOSX.platform/Developer/SDKs/MacOSX26.1.sdk/usr/include/Darwin.modulemap
/Applications/Xcode.app/Contents/Developer/Platforms/MacOSX.platform/Developer/SDKs/MacOSX26.1.sdk/usr/include/Darwin_C.modulemap
/Applications/Xcode.app/Contents/Developer/Platforms/MacOSX.platform/Developer/SDKs/MacOSX26.1.sdk/usr/include/Darwin_POSIX.modulemap
/Applications/Xcode.app/Contents/Developer/Platforms/MacOSX.platform/Developer/SDKs/MacOSX26.1.sdk/usr/include/net.modulemap
/Applications/Xcode.app/Contents/Developer/Platforms/MacOSX.platform/Developer/SDKs/MacOSX26.1.sdk/usr/include/netinet.modulemap
/Applications/Xcode.app/Contents/Developer/Platforms/MacOSX.platform/Developer/SDKs/MacOSX26.1.sdk/usr/include/bank.modulemap
/Applications/Xcode.app/Contents/Developer/Platforms/MacOSX.platform/Developer/SDKs/MacOSX26.1.sdk/usr/include/Darwin_Mach.modulemap
/Applications/Xcode.app/Contents/Developer/Platforms/MacOSX.platform/Developer/SDKs/MacOSX26.1.sdk/usr/include/Darwin_Mach_machine.modulemap
/Applications/Xcode.app/Contents/Developer/Platforms/MacOSX.platform/Developer/SDKs/MacOSX26.1.sdk/usr/include/mach_debug.modulemap
/Applications/Xcode.app/Contents/Developer/Platforms/MacOSX.platform/Developer/SDKs/MacOSX26.1.sdk/usr/include/device.modulemap
/Applications/Xcode.app/Contents/Developer/Platforms/MacOSX.platform/Developer/SDKs/MacOSX26.1.sdk/usr/include/Darwin_machine.modulemap
/Applications/Xcode.app/Contents/Developer/Platforms/MacOSX.platform/Developer/SDKs/MacOSX26.1.sdk/usr/include/ncurses.modulemap
/Applications/Xcode.app/Contents/Developer/Platforms/MacOSX.platform/Developer/SDKs/MacOSX26.1.sdk/usr/include/netinet6.modulemap
/Applications/Xcode.app/Contents/Developer/Platforms/MacOSX.platform/Developer/SDKs/MacOSX26.1.sdk/usr/include/Darwin_sys.modulemap
/Applications/Xcode.app/Contents/Developer/Platforms/MacOSX.platform/Developer/SDKs/MacOSX26.1.sdk/usr/include/uuid.modulemap
/Applications/Xcode.app/Contents/Developer/Platforms/MacOSX.platform/Developer/SDKs/MacOSX26.1.sdk/usr/include/DarwinFoundation2.modulemap
/Applications/Xcode.app/Contents/Developer/Platforms/MacOSX.platform/Developer/SDKs/MacOSX26.1.sdk/usr/include/DarwinFoundation3.modulemap
/Applications/Xcode.app/Contents/Developer/Platforms/MacOSX.platform/Developer/SDKs/MacOSX26.1.sdk/usr/include/DarwinFoundation1.modulemap
/Applications/Xcode.app/Contents/Developer/Platforms/MacOSX.platform/Developer/SDKs/MacOSX26.1.sdk/usr/include/xpc/xpc.h
/Applications/Xcode.app/Contents/Developer/Toolchains/XcodeDefault.xctoolchain/usr/lib/swift/clang/include/module.modulemap
/Applications/Xcode.app/Contents/Developer/Toolchains/XcodeDefault.xctoolchain/usr/lib/swift/clang/include/stdarg.h
/Applications/Xcode.app/Contents/Developer/Platforms/MacOSX.platform/Developer/SDKs/MacOSX26.1.sdk/usr/include/stdlib.h
/Applications/Xcode.app/Contents/Developer/Platforms/MacOSX.platform/Developer/SDKs/MacOSX26.1.sdk/usr/include/stdio.h
/Applications/Xcode.app/Contents/Developer/Platforms/MacOSX.platform/Developer/SDKs/MacOSX26.1.sdk/usr/include/string.h
/Applications/Xcode.app/Contents/Developer/Platforms/MacOSX.platform/Developer/SDKs/MacOSX26.1.sdk/usr/include/xpc/base.h
/Applications/Xcode.app/Contents/Developer/Platforms/MacOSX.platform/Developer/SDKs/MacOSX26.1.sdk/usr/include/xpc/availability.h
/Applications/Xcode.app/Contents/Developer/Platforms/MacOSX.platform/Developer/SDKs/MacOSX26.1.sdk/usr/include/xpc/endpoint.h
/Applications/Xcode.app/Contents/Developer/Platforms/MacOSX.platform/Developer/SDKs/MacOSX26.1.sdk/usr/include/xpc/debug.h
/Applications/Xcode.app/Contents/Developer/Platforms/MacOSX.platform/Developer/SDKs/MacOSX26.1.sdk/usr/include/xpc/activity.h
/Applications/Xcode.app/Contents/Developer/Platforms/MacOSX.platform/Developer/SDKs/MacOSX26.1.sdk/usr/include/xpc/peer_requirement.h
/Applications/Xcode.app/Contents/Developer/Platforms/MacOSX.platform/Developer/SDKs/MacOSX26.1.sdk/usr/include/xpc/connection.h
/Applications/Xcode.app/Contents/Developer/Platforms/MacOSX.platform/Developer/SDKs/MacOSX26.1.sdk/usr/include/xpc/rich_error.h
/Applications/Xcode.app/Contents/Developer/Platforms/MacOSX.platform/Developer/SDKs/MacOSX26.1.sdk/usr/include/xpc/session.h
/Applications/Xcode.app/Contents/Developer/Platforms/MacOSX.platform/Developer/SDKs/MacOSX26.1.sdk/usr/include/xpc/listener.h
/Applications/Xcode.app/Contents/Developer/Platforms/MacOSX.platform/Developer/SDKs/MacOSX26.1.sdk/SDKSettings.json
/Applications/Xcode.app/Contents/Developer/Platforms/MacOSX.platform/Developer/SDKs/MacOSX26.1.sdk/usr/include/DarwinFoundation1.modulemap
/Applications/Xcode.app/Contents/Developer/Platforms/MacOSX.platform/Developer/SDKs/MacOSX26.1.sdk/usr/include/AvailabilityInternal.h
/Applications/Xcode.app/Contents/Developer/Platforms/MacOSX.platform/Developer/SDKs/MacOSX26.1.sdk/usr/include/AvailabilityVersions.h
/Applications/Xcode.app/Contents/Developer/Platforms/MacOSX.platform/Developer/SDKs/MacOSX26.1.sdk/usr/include/AvailabilityInternalLegacy.h
/Applications/Xcode.app/Contents/Developer/Platforms/MacOSX.platform/Developer/SDKs/MacOSX26.1.sdk/SDKSettings.json
/Applications/Xcode.app/Contents/Developer/Toolchains/XcodeDefault.xctoolchain/usr/lib/swift/clang/include/module.modulemap
/Applications/Xcode.app/Contents/Developer/Toolchains/XcodeDefault.xctoolchain/usr/lib/swift/clang/include/float.h
/Applications/Xcode.app/Contents/Developer/Platforms/MacOSX.platform/Developer/SDKs/MacOSX26.1.sdk/SDKSettings.json
/Applications/Xcode.app/Contents/Developer/Toolchains/XcodeDefault.xctoolchain/usr/lib/swift/macosx/prebuilt-modules/26.1/_Builtin_float.swiftmodule/arm64e-apple-macos.swiftmodule
/Applications/Xcode.app/Contents/Developer/Toolchains/XcodeDefault.xctoolchain/usr/lib/swift/clang/include/module.modulemap
/Applications/Xcode.app/Contents/Developer/Toolchains/XcodeDefault.xctoolchain/usr/lib/swift/clang/include/inttypes.h
/Applications/Xcode.app/Contents/Developer/Platforms/MacOSX.platform/Developer/SDKs/MacOSX26.1.sdk/usr/include/DarwinFoundation3.modulemap
/Applications/Xcode.app/Contents/Developer/Platforms/MacOSX.platform/Developer/SDKs/MacOSX26.1.sdk/usr/include/inttypes.h
/Applications/Xcode.app/Contents/Developer/Platforms/MacOSX.platform/Developer/SDKs/MacOSX26.1.sdk/SDKSettings.json
/Applications/Xcode.app/Contents/Developer/Toolchains/XcodeDefault.xctoolchain/usr/lib/swift/clang/include/module.modulemap
/Applications/Xcode.app/Contents/Developer/Toolchains/XcodeDefault.xctoolchain/usr/lib/swift/clang/include/limits.h
/Applications/Xcode.app/Contents/Developer/Platforms/MacOSX.platform/Developer/SDKs/MacOSX26.1.sdk/usr/include/DarwinFoundation1.modulemap
/Applications/Xcode.app/Contents/Developer/Platforms/MacOSX.platform/Developer/SDKs/MacOSX26.1.sdk/SDKSettings.json
/Applications/Xcode.app/Contents/Developer/Toolchains/XcodeDefault.xctoolchain/usr/lib/swift/clang/include/module.modulemap
/Applications/Xcode.app/Contents/Developer/Toolchains/XcodeDefault.xctoolchain/usr/lib/swift/clang/include/__stdarg___gnuc_va_list.h
/Applications/Xcode.app/Contents/Developer/Toolchains/XcodeDefault.xctoolchain/usr/lib/swift/clang/include/__stdarg___va_copy.h
/Applications/Xcode.app/Contents/Developer/Toolchains/XcodeDefault.xctoolchain/usr/lib/swift/clang/include/__stdarg_header_macro.h
/Applications/Xcode.app/Contents/Developer/Toolchains/XcodeDefault.xctoolchain/usr/lib/swift/clang/include/__stdarg_va_arg.h
/Applications/Xcode.app/Contents/Developer/Toolchains/XcodeDefault.xctoolchain/usr/lib/swift/clang/include/__stdarg_va_copy.h
/Applications/Xcode.app/Contents/Developer/Toolchains/XcodeDefault.xctoolchain/usr/lib/swift/clang/include/__stdarg_va_list.h
/Applications/Xcode.app/Contents/Developer/Platforms/MacOSX.platform/Developer/SDKs/MacOSX26.1.sdk/SDKSettings.json
/Applications/Xcode.app/Contents/Developer/Toolchains/XcodeDefault.xctoolchain/usr/lib/swift/clang/include/module.modulemap
/Applications/Xcode.app/Contents/Developer/Toolchains/XcodeDefault.xctoolchain/usr/lib/swift/clang/include/stdatomic.h
/Applications/Xcode.app/Contents/Developer/Toolchains/XcodeDefault.xctoolchain/usr/lib/swift/clang/include/stddef.h
/Applications/Xcode.app/Contents/Developer/Platforms/MacOSX.platform/Developer/SDKs/MacOSX26.1.sdk/SDKSettings.json
/Applications/Xcode.app/Contents/Developer/Toolchains/XcodeDefault.xctoolchain/usr/lib/swift/clang/include/module.modulemap
/Applications/Xcode.app/Contents/Developer/Toolchains/XcodeDefault.xctoolchain/usr/lib/swift/clang/include/stdbool.h
/Applications/Xcode.app/Contents/Developer/Platforms/MacOSX.platform/Developer/SDKs/MacOSX26.1.sdk/SDKSettings.json
/Applications/Xcode.app/Contents/Developer/Toolchains/XcodeDefault.xctoolchain/usr/lib/swift/clang/include/module.modulemap
/Applications/Xcode.app/Contents/Developer/Toolchains/XcodeDefault.xctoolchain/usr/lib/swift/clang/include/__stddef_header_macro.h
/Applications/Xcode.app/Contents/Developer/Toolchains/XcodeDefault.xctoolchain/usr/lib/swift/clang/include/__stddef_max_align_t.h
/Applications/Xcode.app/Contents/Developer/Toolchains/XcodeDefault.xctoolchain/usr/lib/swift/clang/include/__stddef_null.h
/Applications/Xcode.app/Contents/Developer/Toolchains/XcodeDefault.xctoolchain/usr/lib/swift/clang/include/__stddef_nullptr_t.h
/Applications/Xcode.app/Contents/Developer/Toolchains/XcodeDefault.xctoolchain/usr/lib/swift/clang/include/__stddef_offsetof.h
/Applications/Xcode.app/Contents/Developer/Toolchains/XcodeDefault.xctoolchain/usr/lib/swift/clang/include/__stddef_ptrdiff_t.h
/Applications/Xcode.app/Contents/Developer/Toolchains/XcodeDefault.xctoolchain/usr/lib/swift/clang/include/__stddef_rsize_t.h
/Applications/Xcode.app/Contents/Developer/Toolchains/XcodeDefault.xctoolchain/usr/lib/swift/clang/include/__stddef_size_t.h
/Applications/Xcode.app/Contents/Developer/Toolchains/XcodeDefault.xctoolchain/usr/lib/swift/clang/include/__stddef_unreachable.h
/Applications/Xcode.app/Contents/Developer/Toolchains/XcodeDefault.xctoolchain/usr/lib/swift/clang/include/__stddef_wchar_t.h
/Applications/Xcode.app/Contents/Developer/Platforms/MacOSX.platform/Developer/SDKs/MacOSX26.1.sdk/SDKSettings.json
/Applications/Xcode.app/Contents/Developer/Toolchains/XcodeDefault.xctoolchain/usr/lib/swift/clang/include/module.modulemap
/Applications/Xcode.app/Contents/Developer/Toolchains/XcodeDefault.xctoolchain/usr/lib/swift/clang/include/stdint.h
/Applications/Xcode.app/Contents/Developer/Platforms/MacOSX.platform/Developer/SDKs/MacOSX26.1.sdk/usr/include/DarwinFoundation2.modulemap
/Applications/Xcode.app/Contents/Developer/Platforms/MacOSX.platform/Developer/SDKs/MacOSX26.1.sdk/SDKSettings.json
/Applications/Xcode.app/Contents/Developer/Toolchains/XcodeDefault.xctoolchain/usr/lib/swift/macosx/prebuilt-modules/26.1/_Concurrency.swiftmodule/arm64e-apple-macos.swiftmodule
/Applications/Xcode.app/Contents/Developer/Toolchains/XcodeDefault.xctoolchain/usr/lib/swift/macosx/prebuilt-modules/26.1/_DarwinFoundation1.swiftmodule/arm64e-apple-macos.swiftmodule
/Applications/Xcode.app/Contents/Developer/Platforms/MacOSX.platform/Developer/SDKs/MacOSX26.1.sdk/usr/include/DarwinFoundation1.modulemap
/Applications/Xcode.app/Contents/Developer/Platforms/MacOSX.platform/Developer/SDKs/MacOSX26.1.sdk/usr/include/sys/appleapiopts.h
/Applications/Xcode.app/Contents/Developer/Platforms/MacOSX.platform/Developer/SDKs/MacOSX26.1.sdk/usr/include/os/availability.h
/Applications/Xcode.app/Contents/Developer/Platforms/MacOSX.platform/Developer/SDKs/MacOSX26.1.sdk/usr/include/Availability.h
/Applications/Xcode.app/Contents/Developer/Platforms/MacOSX.platform/Developer/SDKs/MacOSX26.1.sdk/usr/include/AvailabilityMacros.h
/Applications/Xcode.app/Contents/Developer/Platforms/MacOSX.platform/Developer/SDKs/MacOSX26.1.sdk/usr/include/TargetConditionals.h
/Applications/Xcode.app/Contents/Developer/Platforms/MacOSX.platform/Developer/SDKs/MacOSX26.1.sdk/usr/include/_bounds.h
/Applications/Xcode.app/Contents/Developer/Platforms/MacOSX.platform/Developer/SDKs/MacOSX26.1.sdk/usr/include/sys/cdefs.h
/Applications/Xcode.app/Contents/Developer/Platforms/MacOSX.platform/Developer/SDKs/MacOSX26.1.sdk/usr/include/sys/_symbol_aliasing.h
/Applications/Xcode.app/Contents/Developer/Platforms/MacOSX.platform/Developer/SDKs/MacOSX26.1.sdk/usr/include/sys/_posix_availability.h
/Applications/Xcode.app/Contents/Developer/Toolchains/XcodeDefault.xctoolchain/usr/lib/swift/clang/include/module.modulemap
/Applications/Xcode.app/Contents/Developer/Platforms/MacOSX.platform/Developer/SDKs/MacOSX26.1.sdk/usr/include/sys/qos.h
/Applications/Xcode.app/Contents/Developer/Platforms/MacOSX.platform/Developer/SDKs/MacOSX26.1.sdk/usr/include/machine/_endian.h
/Applications/Xcode.app/Contents/Developer/Platforms/MacOSX.platform/Developer/SDKs/MacOSX26.1.sdk/usr/include/arm/_endian.h
/Applications/Xcode.app/Contents/Developer/Platforms/MacOSX.platform/Developer/SDKs/MacOSX26.1.sdk/usr/include/sys/__endian.h
/Applications/Xcode.app/Contents/Developer/Platforms/MacOSX.platform/Developer/SDKs/MacOSX26.1.sdk/usr/include/i386/_endian.h
/Applications/Xcode.app/Contents/Developer/Platforms/MacOSX.platform/Developer/SDKs/MacOSX26.1.sdk/usr/include/__xlocale.h
/Applications/Xcode.app/Contents/Developer/Platforms/MacOSX.platform/Developer/SDKs/MacOSX26.1.sdk/usr/include/_mb_cur_max.h
/Applications/Xcode.app/Contents/Developer/Platforms/MacOSX.platform/Developer/SDKs/MacOSX26.1.sdk/usr/include/_types/_locale_t.h
/Applications/Xcode.app/Contents/Developer/Platforms/MacOSX.platform/Developer/SDKs/MacOSX26.1.sdk/usr/include/sys/_types/_u_char.h
/Applications/Xcode.app/Contents/Developer/Platforms/MacOSX.platform/Developer/SDKs/MacOSX26.1.sdk/usr/include/sys/_types/_u_short.h
/Applications/Xcode.app/Contents/Developer/Platforms/MacOSX.platform/Developer/SDKs/MacOSX26.1.sdk/usr/include/sys/_types/_u_int.h
/Applications/Xcode.app/Contents/Developer/Platforms/MacOSX.platform/Developer/SDKs/MacOSX26.1.sdk/usr/include/sys/_types/_u_int8_t.h
/Applications/Xcode.app/Contents/Developer/Platforms/MacOSX.platform/Developer/SDKs/MacOSX26.1.sdk/usr/include/sys/_types/_u_int16_t.h
/Applications/Xcode.app/Contents/Developer/Platforms/MacOSX.platform/Developer/SDKs/MacOSX26.1.sdk/usr/include/sys/_types/_u_int32_t.h
/Applications/Xcode.app/Contents/Developer/Platforms/MacOSX.platform/Developer/SDKs/MacOSX26.1.sdk/usr/include/sys/_types/_u_int64_t.h
/Applications/Xcode.app/Contents/Developer/Platforms/MacOSX.platform/Developer/SDKs/MacOSX26.1.sdk/usr/include/_assert.h
/Applications/Xcode.app/Contents/Developer/Platforms/MacOSX.platform/Developer/SDKs/MacOSX26.1.sdk/usr/include/_static_assert.h
/Applications/Xcode.app/Contents/Developer/Platforms/MacOSX.platform/Developer/SDKs/MacOSX26.1.sdk/usr/include/complex.h
/Applications/Xcode.app/Contents/Developer/Platforms/MacOSX.platform/Developer/SDKs/MacOSX26.1.sdk/usr/include/errno.h
/Applications/Xcode.app/Contents/Developer/Platforms/MacOSX.platform/Developer/SDKs/MacOSX26.1.sdk/usr/include/sys/errno.h
/Applications/Xcode.app/Contents/Developer/Platforms/MacOSX.platform/Developer/SDKs/MacOSX26.1.sdk/usr/include/sys/_types/_errno_t.h
/Applications/Xcode.app/Contents/Developer/Platforms/MacOSX.platform/Developer/SDKs/MacOSX26.1.sdk/usr/include/fenv.h
/Applications/Xcode.app/Contents/Developer/Platforms/MacOSX.platform/Developer/SDKs/MacOSX26.1.sdk/usr/include/limits.h
/Applications/Xcode.app/Contents/Developer/Platforms/MacOSX.platform/Developer/SDKs/MacOSX26.1.sdk/usr/include/machine/limits.h
/Applications/Xcode.app/Contents/Developer/Platforms/MacOSX.platform/Developer/SDKs/MacOSX26.1.sdk/usr/include/arm/limits.h
/Applications/Xcode.app/Contents/Developer/Platforms/MacOSX.platform/Developer/SDKs/MacOSX26.1.sdk/usr/include/arm/_limits.h
/Applications/Xcode.app/Contents/Developer/Platforms/MacOSX.platform/Developer/SDKs/MacOSX26.1.sdk/usr/include/sys/syslimits.h
/Applications/Xcode.app/Contents/Developer/Platforms/MacOSX.platform/Developer/SDKs/MacOSX26.1.sdk/usr/include/i386/limits.h
/Applications/Xcode.app/Contents/Developer/Platforms/MacOSX.platform/Developer/SDKs/MacOSX26.1.sdk/usr/include/machine/_limits.h
/Applications/Xcode.app/Contents/Developer/Platforms/MacOSX.platform/Developer/SDKs/MacOSX26.1.sdk/usr/include/i386/_limits.h
/Applications/Xcode.app/Contents/Developer/Platforms/MacOSX.platform/Developer/SDKs/MacOSX26.1.sdk/usr/include/math.h
/Applications/Xcode.app/Contents/Developer/Platforms/MacOSX.platform/Developer/SDKs/MacOSX26.1.sdk/usr/include/setjmp.h
/Applications/Xcode.app/Contents/Developer/Platforms/MacOSX.platform/Developer/SDKs/MacOSX26.1.sdk/SDKSettings.json
/Applications/Xcode.app/Contents/Developer/Toolchains/XcodeDefault.xctoolchain/usr/lib/swift/macosx/prebuilt-modules/26.1/_DarwinFoundation2.swiftmodule/arm64e-apple-macos.swiftmodule
/Applications/Xcode.app/Contents/Developer/Platforms/MacOSX.platform/Developer/SDKs/MacOSX26.1.sdk/usr/include/_DarwinFoundation2.apinotes
/Applications/Xcode.app/Contents/Developer/Platforms/MacOSX.platform/Developer/SDKs/MacOSX26.1.sdk/usr/include/DarwinFoundation2.modulemap
/Applications/Xcode.app/Contents/Developer/Platforms/MacOSX.platform/Developer/SDKs/MacOSX26.1.sdk/usr/include/DarwinFoundation1.modulemap
/Applications/Xcode.app/Contents/Developer/Platforms/MacOSX.platform/Developer/SDKs/MacOSX26.1.sdk/usr/include/nl_types.h
/Applications/Xcode.app/Contents/Developer/Platforms/MacOSX.platform/Developer/SDKs/MacOSX26.1.sdk/usr/include/sys/types.h
/Applications/Xcode.app/Contents/Developer/Platforms/MacOSX.platform/Developer/SDKs/MacOSX26.1.sdk/usr/include/machine/types.h
/Applications/Xcode.app/Contents/Developer/Platforms/MacOSX.platform/Developer/SDKs/MacOSX26.1.sdk/usr/include/arm/types.h
/Applications/Xcode.app/Contents/Developer/Platforms/MacOSX.platform/Developer/SDKs/MacOSX26.1.sdk/usr/include/arm/_types.h
/Applications/Xcode.app/Contents/Developer/Platforms/MacOSX.platform/Developer/SDKs/MacOSX26.1.sdk/usr/include/sys/_types/_ptrdiff_t.h
/Applications/Xcode.app/Contents/Developer/Toolchains/XcodeDefault.xctoolchain/usr/lib/swift/clang/include/module.modulemap
/Applications/Xcode.app/Contents/Developer/Toolchains/XcodeDefault.xctoolchain/usr/lib/swift/clang/include/stddef.h
/Applications/Xcode.app/Contents/Developer/Platforms/MacOSX.platform/Developer/SDKs/MacOSX26.1.sdk/usr/include/sys/_types/_size_t.h
/Applications/Xcode.app/Contents/Developer/Platforms/MacOSX.platform/Developer/SDKs/MacOSX26.1.sdk/usr/include/sys/_types/_va_list.h
/Applications/Xcode.app/Contents/Developer/Toolchains/XcodeDefault.xctoolchain/usr/lib/swift/clang/include/stdarg.h
/Applications/Xcode.app/Contents/Developer/Platforms/MacOSX.platform/Developer/SDKs/MacOSX26.1.sdk/usr/include/sys/_types/_wchar_t.h
/Applications/Xcode.app/Contents/Developer/Platforms/MacOSX.platform/Developer/SDKs/MacOSX26.1.sdk/usr/include/sys/_types/_int8_t.h
/Applications/Xcode.app/Contents/Developer/Platforms/MacOSX.platform/Developer/SDKs/MacOSX26.1.sdk/usr/include/sys/_types/_int16_t.h
/Applications/Xcode.app/Contents/Developer/Platforms/MacOSX.platform/Developer/SDKs/MacOSX26.1.sdk/usr/include/sys/_types/_int32_t.h
/Applications/Xcode.app/Contents/Developer/Platforms/MacOSX.platform/Developer/SDKs/MacOSX26.1.sdk/usr/include/sys/_types/_int64_t.h
/Applications/Xcode.app/Contents/Developer/Platforms/MacOSX.platform/Developer/SDKs/MacOSX26.1.sdk/usr/include/sys/_types/_intptr_t.h
/Applications/Xcode.app/Contents/Developer/Platforms/MacOSX.platform/Developer/SDKs/MacOSX26.1.sdk/usr/include/machine/_types.h
/Applications/Xcode.app/Contents/Developer/Platforms/MacOSX.platform/Developer/SDKs/MacOSX26.1.sdk/usr/include/sys/_types/_uintptr_t.h
/Applications/Xcode.app/Contents/Developer/Platforms/MacOSX.platform/Developer/SDKs/MacOSX26.1.sdk/usr/include/sys/_types.h
/Applications/Xcode.app/Contents/Developer/Platforms/MacOSX.platform/Developer/SDKs/MacOSX26.1.sdk/usr/include/sys/_types/_null.h
/Applications/Xcode.app/Contents/Developer/Platforms/MacOSX.platform/Developer/SDKs/MacOSX26.1.sdk/usr/include/sys/_pthread/_pthread_types.h
/Applications/Xcode.app/Contents/Developer/Platforms/MacOSX.platform/Developer/SDKs/MacOSX26.1.sdk/usr/include/machine/endian.h
/Applications/Xcode.app/Contents/Developer/Platforms/MacOSX.platform/Developer/SDKs/MacOSX26.1.sdk/usr/include/arm/endian.h
/Applications/Xcode.app/Contents/Developer/Platforms/MacOSX.platform/Developer/SDKs/MacOSX26.1.sdk/usr/include/sys/_endian.h
/Applications/Xcode.app/Contents/Developer/Platforms/MacOSX.platform/Developer/SDKs/MacOSX26.1.sdk/usr/include/libkern/_OSByteOrder.h
/Applications/Xcode.app/Contents/Developer/Platforms/MacOSX.platform/Developer/SDKs/MacOSX26.1.sdk/usr/include/libkern/arm/_OSByteOrder.h
/Applications/Xcode.app/Contents/Developer/Platforms/MacOSX.platform/Developer/SDKs/MacOSX26.1.sdk/usr/include/sys/_types/_caddr_t.h
/Applications/Xcode.app/Contents/Developer/Platforms/MacOSX.platform/Developer/SDKs/MacOSX26.1.sdk/usr/include/sys/_types/_dev_t.h
/Applications/Xcode.app/Contents/Developer/Platforms/MacOSX.platform/Developer/SDKs/MacOSX26.1.sdk/usr/include/sys/_types/_blkcnt_t.h
/Applications/Xcode.app/Contents/Developer/Platforms/MacOSX.platform/Developer/SDKs/MacOSX26.1.sdk/usr/include/sys/_types/_blksize_t.h
/Applications/Xcode.app/Contents/Developer/Platforms/MacOSX.platform/Developer/SDKs/MacOSX26.1.sdk/usr/include/sys/_types/_gid_t.h
/Applications/Xcode.app/Contents/Developer/Platforms/MacOSX.platform/Developer/SDKs/MacOSX26.1.sdk/usr/include/sys/_types/_in_addr_t.h
/Applications/Xcode.app/Contents/Developer/Platforms/MacOSX.platform/Developer/SDKs/MacOSX26.1.sdk/usr/include/sys/_types/_in_port_t.h
/Applications/Xcode.app/Contents/Developer/Platforms/MacOSX.platform/Developer/SDKs/MacOSX26.1.sdk/usr/include/sys/_types/_ino_t.h
/Applications/Xcode.app/Contents/Developer/Platforms/MacOSX.platform/Developer/SDKs/MacOSX26.1.sdk/usr/include/sys/_types/_ino64_t.h
/Applications/Xcode.app/Contents/Developer/Platforms/MacOSX.platform/Developer/SDKs/MacOSX26.1.sdk/usr/include/sys/_types/_key_t.h
/Applications/Xcode.app/Contents/Developer/Platforms/MacOSX.platform/Developer/SDKs/MacOSX26.1.sdk/usr/include/sys/_types/_mode_t.h
/Applications/Xcode.app/Contents/Developer/Platforms/MacOSX.platform/Developer/SDKs/MacOSX26.1.sdk/usr/include/sys/_types/_nlink_t.h
/Applications/Xcode.app/Contents/Developer/Platforms/MacOSX.platform/Developer/SDKs/MacOSX26.1.sdk/usr/include/sys/_types/_id_t.h
/Applications/Xcode.app/Contents/Developer/Platforms/MacOSX.platform/Developer/SDKs/MacOSX26.1.sdk/usr/include/sys/_types/_pid_t.h
/Applications/Xcode.app/Contents/Developer/Platforms/MacOSX.platform/Developer/SDKs/MacOSX26.1.sdk/usr/include/sys/_types/_off_t.h
/Applications/Xcode.app/Contents/Developer/Platforms/MacOSX.platform/Developer/SDKs/MacOSX26.1.sdk/usr/include/sys/_types/_uid_t.h
/Applications/Xcode.app/Contents/Developer/Platforms/MacOSX.platform/Developer/SDKs/MacOSX26.1.sdk/usr/include/sys/_types/_clock_t.h
/Applications/Xcode.app/Contents/Developer/Platforms/MacOSX.platform/Developer/SDKs/MacOSX26.1.sdk/usr/include/sys/_types/_ssize_t.h
/Applications/Xcode.app/Contents/Developer/Platforms/MacOSX.platform/Developer/SDKs/MacOSX26.1.sdk/usr/include/sys/_types/_time_t.h
/Applications/Xcode.app/Contents/Developer/Platforms/MacOSX.platform/Developer/SDKs/MacOSX26.1.sdk/usr/include/sys/_types/_useconds_t.h
/Applications/Xcode.app/Contents/Developer/Platforms/MacOSX.platform/Developer/SDKs/MacOSX26.1.sdk/usr/include/sys/_types/_suseconds_t.h
/Applications/Xcode.app/Contents/Developer/Platforms/MacOSX.platform/Developer/SDKs/MacOSX26.1.sdk/usr/include/sys/_types/_rsize_t.h
/Applications/Xcode.app/Contents/Developer/Platforms/MacOSX.platform/Developer/SDKs/MacOSX26.1.sdk/usr/include/sys/_types/_fd_def.h
/Applications/Xcode.app/Contents/Developer/Platforms/MacOSX.platform/Developer/SDKs/MacOSX26.1.sdk/usr/include/sys/_types/_fd_setsize.h
/Applications/Xcode.app/Contents/Developer/Platforms/MacOSX.platform/Developer/SDKs/MacOSX26.1.sdk/usr/include/sys/_types/_fd_set.h
/Applications/Xcode.app/Contents/Developer/Platforms/MacOSX.platform/Developer/SDKs/MacOSX26.1.sdk/usr/include/sys/_types/_fd_clr.h
/Applications/Xcode.app/Contents/Developer/Platforms/MacOSX.platform/Developer/SDKs/MacOSX26.1.sdk/usr/include/sys/_types/_fd_zero.h
/Applications/Xcode.app/Contents/Developer/Platforms/MacOSX.platform/Developer/SDKs/MacOSX26.1.sdk/usr/include/sys/_types/_fd_isset.h
/Applications/Xcode.app/Contents/Developer/Platforms/MacOSX.platform/Developer/SDKs/MacOSX26.1.sdk/usr/include/sys/_types/_fd_copy.h
/Applications/Xcode.app/Contents/Developer/Platforms/MacOSX.platform/Developer/SDKs/MacOSX26.1.sdk/usr/include/sys/_pthread/_pthread_attr_t.h
/Applications/Xcode.app/Contents/Developer/Platforms/MacOSX.platform/Developer/SDKs/MacOSX26.1.sdk/usr/include/sys/_pthread/_pthread_cond_t.h
/Applications/Xcode.app/Contents/Developer/Platforms/MacOSX.platform/Developer/SDKs/MacOSX26.1.sdk/usr/include/sys/_pthread/_pthread_condattr_t.h
/Applications/Xcode.app/Contents/Developer/Platforms/MacOSX.platform/Developer/SDKs/MacOSX26.1.sdk/usr/include/sys/_pthread/_pthread_mutex_t.h
/Applications/Xcode.app/Contents/Developer/Platforms/MacOSX.platform/Developer/SDKs/MacOSX26.1.sdk/usr/include/sys/_pthread/_pthread_mutexattr_t.h
/Applications/Xcode.app/Contents/Developer/Platforms/MacOSX.platform/Developer/SDKs/MacOSX26.1.sdk/usr/include/sys/_pthread/_pthread_once_t.h
/Applications/Xcode.app/Contents/Developer/Platforms/MacOSX.platform/Developer/SDKs/MacOSX26.1.sdk/usr/include/sys/_pthread/_pthread_rwlock_t.h
/Applications/Xcode.app/Contents/Developer/Platforms/MacOSX.platform/Developer/SDKs/MacOSX26.1.sdk/usr/include/sys/_pthread/_pthread_rwlockattr_t.h
/Applications/Xcode.app/Contents/Developer/Platforms/MacOSX.platform/Developer/SDKs/MacOSX26.1.sdk/usr/include/sys/_pthread/_pthread_t.h
/Applications/Xcode.app/Contents/Developer/Platforms/MacOSX.platform/Developer/SDKs/MacOSX26.1.sdk/usr/include/sys/_pthread/_pthread_key_t.h
/Applications/Xcode.app/Contents/Developer/Platforms/MacOSX.platform/Developer/SDKs/MacOSX26.1.sdk/usr/include/sys/_types/_fsblkcnt_t.h
/Applications/Xcode.app/Contents/Developer/Platforms/MacOSX.platform/Developer/SDKs/MacOSX26.1.sdk/usr/include/sys/_types/_fsfilcnt_t.h
/Applications/Xcode.app/Contents/Developer/Platforms/MacOSX.platform/Developer/SDKs/MacOSX26.1.sdk/usr/include/_types.h
/Applications/Xcode.app/Contents/Developer/Platforms/MacOSX.platform/Developer/SDKs/MacOSX26.1.sdk/usr/include/_types/_nl_item.h
/Applications/Xcode.app/Contents/Developer/Platforms/MacOSX.platform/Developer/SDKs/MacOSX26.1.sdk/usr/include/runetype.h
/Applications/Xcode.app/Contents/Developer/Platforms/MacOSX.platform/Developer/SDKs/MacOSX26.1.sdk/usr/include/sys/_types/_ct_rune_t.h
/Applications/Xcode.app/Contents/Developer/Platforms/MacOSX.platform/Developer/SDKs/MacOSX26.1.sdk/usr/include/sys/_types/_rune_t.h
/Applications/Xcode.app/Contents/Developer/Platforms/MacOSX.platform/Developer/SDKs/MacOSX26.1.sdk/usr/include/sys/_types/_wint_t.h
/Applications/Xcode.app/Contents/Developer/Platforms/MacOSX.platform/Developer/SDKs/MacOSX26.1.sdk/usr/include/alloca.h
/Applications/Xcode.app/Contents/Developer/Platforms/MacOSX.platform/Developer/SDKs/MacOSX26.1.sdk/usr/include/i386/endian.h
/Applications/Xcode.app/Contents/Developer/Platforms/MacOSX.platform/Developer/SDKs/MacOSX26.1.sdk/usr/include/libkern/i386/_OSByteOrder.h
/Applications/Xcode.app/Contents/Developer/Platforms/MacOSX.platform/Developer/SDKs/MacOSX26.1.sdk/usr/include/secure/_common.h
/Applications/Xcode.app/Contents/Developer/Platforms/MacOSX.platform/Developer/SDKs/MacOSX26.1.sdk/usr/include/sys/_types/_mach_port_t.h
/Applications/Xcode.app/Contents/Developer/Platforms/MacOSX.platform/Developer/SDKs/MacOSX26.1.sdk/usr/include/sys/_types/_offsetof.h
/Applications/Xcode.app/Contents/Developer/Platforms/MacOSX.platform/Developer/SDKs/MacOSX26.1.sdk/usr/include/_strings.h
/Applications/Xcode.app/Contents/Developer/Platforms/MacOSX.platform/Developer/SDKs/MacOSX26.1.sdk/usr/include/secure/_strings.h
/Applications/Xcode.app/Contents/Developer/Platforms/MacOSX.platform/Developer/SDKs/MacOSX26.1.sdk/usr/include/sys/_types/_timeval.h
/Applications/Xcode.app/Contents/Developer/Platforms/MacOSX.platform/Developer/SDKs/MacOSX26.1.sdk/usr/include/sys/_types/_uuid_t.h
/Applications/Xcode.app/Contents/Developer/Platforms/MacOSX.platform/Developer/SDKs/MacOSX26.1.sdk/usr/include/i386/types.h
/Applications/Xcode.app/Contents/Developer/Platforms/MacOSX.platform/Developer/SDKs/MacOSX26.1.sdk/usr/include/i386/_types.h
/Applications/Xcode.app/Contents/Developer/Platforms/MacOSX.platform/Developer/SDKs/MacOSX26.1.sdk/usr/include/_ctype.h
/Applications/Xcode.app/Contents/Developer/Platforms/MacOSX.platform/Developer/SDKs/MacOSX26.1.sdk/usr/include/xlocale/_ctype.h
/Applications/Xcode.app/Contents/Developer/Platforms/MacOSX.platform/Developer/SDKs/MacOSX26.1.sdk/usr/include/locale.h
/Applications/Xcode.app/Contents/Developer/Platforms/MacOSX.platform/Developer/SDKs/MacOSX26.1.sdk/usr/include/_locale.h
/Applications/Xcode.app/Contents/Developer/Platforms/MacOSX.platform/Developer/SDKs/MacOSX26.1.sdk/usr/include/_locale_posix2008.h
/Applications/Xcode.app/Contents/Developer/Platforms/MacOSX.platform/Developer/SDKs/MacOSX26.1.sdk/usr/include/stdint.h
/Applications/Xcode.app/Contents/Developer/Platforms/MacOSX.platform/Developer/SDKs/MacOSX26.1.sdk/usr/include/_types/_uint8_t.h
/Applications/Xcode.app/Contents/Developer/Platforms/MacOSX.platform/Developer/SDKs/MacOSX26.1.sdk/usr/include/_types/_uint16_t.h
/Applications/Xcode.app/Contents/Developer/Platforms/MacOSX.platform/Developer/SDKs/MacOSX26.1.sdk/usr/include/_types/_uint32_t.h
/Applications/Xcode.app/Contents/Developer/Platforms/MacOSX.platform/Developer/SDKs/MacOSX26.1.sdk/usr/include/_types/_uint64_t.h
/Applications/Xcode.app/Contents/Developer/Platforms/MacOSX.platform/Developer/SDKs/MacOSX26.1.sdk/usr/include/_types/_intmax_t.h
/Applications/Xcode.app/Contents/Developer/Platforms/MacOSX.platform/Developer/SDKs/MacOSX26.1.sdk/usr/include/_types/_uintmax_t.h
/Applications/Xcode.app/Contents/Developer/Platforms/MacOSX.platform/Developer/SDKs/MacOSX26.1.sdk/usr/include/_stdio.h
/Applications/Xcode.app/Contents/Developer/Platforms/MacOSX.platform/Developer/SDKs/MacOSX26.1.sdk/usr/include/sys/stdio.h
/Applications/Xcode.app/Contents/Developer/Platforms/MacOSX.platform/Developer/SDKs/MacOSX26.1.sdk/usr/include/_printf.h
/Applications/Xcode.app/Contents/Developer/Platforms/MacOSX.platform/Developer/SDKs/MacOSX26.1.sdk/usr/include/sys/_types/_seek_set.h
/Applications/Xcode.app/Contents/Developer/Platforms/MacOSX.platform/Developer/SDKs/MacOSX26.1.sdk/usr/include/_ctermid.h
/Applications/Xcode.app/Contents/Developer/Platforms/MacOSX.platform/Developer/SDKs/MacOSX26.1.sdk/usr/include/secure/_stdio.h
/Applications/Xcode.app/Contents/Developer/Platforms/MacOSX.platform/Developer/SDKs/MacOSX26.1.sdk/usr/include/xlocale/_stdio.h
/Applications/Xcode.app/Contents/Developer/Platforms/MacOSX.platform/Developer/SDKs/MacOSX26.1.sdk/usr/include/_string.h
/Applications/Xcode.app/Contents/Developer/Platforms/MacOSX.platform/Developer/SDKs/MacOSX26.1.sdk/usr/include/secure/_string.h
/Applications/Xcode.app/Contents/Developer/Platforms/MacOSX.platform/Developer/SDKs/MacOSX26.1.sdk/usr/include/xlocale/_string.h
/Applications/Xcode.app/Contents/Developer/Platforms/MacOSX.platform/Developer/SDKs/MacOSX26.1.sdk/usr/include/tgmath.h
/Applications/Xcode.app/Contents/Developer/Platforms/MacOSX.platform/Developer/SDKs/MacOSX26.1.sdk/usr/include/_time.h
/Applications/Xcode.app/Contents/Developer/Platforms/MacOSX.platform/Developer/SDKs/MacOSX26.1.sdk/usr/include/sys/_types/_timespec.h
/Applications/Xcode.app/Contents/Developer/Platforms/MacOSX.platform/Developer/SDKs/MacOSX26.1.sdk/usr/include/xlocale/_time.h
/Applications/Xcode.app/Contents/Developer/Platforms/MacOSX.platform/Developer/SDKs/MacOSX26.1.sdk/SDKSettings.json
/Applications/Xcode.app/Contents/Developer/Toolchains/XcodeDefault.xctoolchain/usr/lib/swift/macosx/prebuilt-modules/26.1/_DarwinFoundation3.swiftmodule/arm64e-apple-macos.swiftmodule
/Applications/Xcode.app/Contents/Developer/Platforms/MacOSX.platform/Developer/SDKs/MacOSX26.1.sdk/usr/include/DarwinFoundation2.modulemap
/Applications/Xcode.app/Contents/Developer/Platforms/MacOSX.platform/Developer/SDKs/MacOSX26.1.sdk/usr/include/DarwinFoundation3.modulemap
/Applications/Xcode.app/Contents/Developer/Platforms/MacOSX.platform/Developer/SDKs/MacOSX26.1.sdk/usr/include/DarwinFoundation1.modulemap
/Applications/Xcode.app/Contents/Developer/Platforms/MacOSX.platform/Developer/SDKs/MacOSX26.1.sdk/usr/include/pthread/pthread.h
/Applications/Xcode.app/Contents/Developer/Platforms/MacOSX.platform/Developer/SDKs/MacOSX26.1.sdk/usr/include/pthread/sched.h
/Applications/Xcode.app/Contents/Developer/Platforms/MacOSX.platform/Developer/SDKs/MacOSX26.1.sdk/usr/include/pthread/pthread_impl.h
/Applications/Xcode.app/Contents/Developer/Platforms/MacOSX.platform/Developer/SDKs/MacOSX26.1.sdk/usr/include/time.h
/Applications/Xcode.app/Contents/Developer/Platforms/MacOSX.platform/Developer/SDKs/MacOSX26.1.sdk/usr/include/pthread/qos.h
/Applications/Xcode.app/Contents/Developer/Platforms/MacOSX.platform/Developer/SDKs/MacOSX26.1.sdk/usr/include/sys/_types/_sigset_t.h
/Applications/Xcode.app/Contents/Developer/Platforms/MacOSX.platform/Developer/SDKs/MacOSX26.1.sdk/usr/include/sys/resource.h
/Applications/Xcode.app/Contents/Developer/Toolchains/XcodeDefault.xctoolchain/usr/lib/swift/clang/include/module.modulemap
/Applications/Xcode.app/Contents/Developer/Platforms/MacOSX.platform/Developer/SDKs/MacOSX26.1.sdk/usr/include/sys/select.h
/Applications/Xcode.app/Contents/Developer/Platforms/MacOSX.platform/Developer/SDKs/MacOSX26.1.sdk/usr/include/sys/_select.h
/Applications/Xcode.app/Contents/Developer/Platforms/MacOSX.platform/Developer/SDKs/MacOSX26.1.sdk/usr/include/sys/wait.h
/Applications/Xcode.app/Contents/Developer/Platforms/MacOSX.platform/Developer/SDKs/MacOSX26.1.sdk/usr/include/sys/signal.h
/Applications/Xcode.app/Contents/Developer/Platforms/MacOSX.platform/Developer/SDKs/MacOSX26.1.sdk/usr/include/machine/signal.h
/Applications/Xcode.app/Contents/Developer/Platforms/MacOSX.platform/Developer/SDKs/MacOSX26.1.sdk/usr/include/arm/signal.h
/Applications/Xcode.app/Contents/Developer/Platforms/MacOSX.platform/Developer/SDKs/MacOSX26.1.sdk/usr/include/machine/_mcontext.h
/Applications/Xcode.app/Contents/Developer/Platforms/MacOSX.platform/Developer/SDKs/MacOSX26.1.sdk/usr/include/arm/_mcontext.h
/Applications/Xcode.app/Contents/Developer/Platforms/MacOSX.platform/Developer/SDKs/MacOSX26.1.sdk/usr/include/mach/machine/_structs.h
/Applications/Xcode.app/Contents/Developer/Platforms/MacOSX.platform/Developer/SDKs/MacOSX26.1.sdk/usr/include/mach/arm/_structs.h
/Applications/Xcode.app/Contents/Developer/Platforms/MacOSX.platform/Developer/SDKs/MacOSX26.1.sdk/usr/include/sys/_types/_sigaltstack.h
/Applications/Xcode.app/Contents/Developer/Platforms/MacOSX.platform/Developer/SDKs/MacOSX26.1.sdk/usr/include/sys/_types/_ucontext.h
/Applications/Xcode.app/Contents/Developer/Platforms/MacOSX.platform/Developer/SDKs/MacOSX26.1.sdk/usr/include/unistd.h
/Applications/Xcode.app/Contents/Developer/Platforms/MacOSX.platform/Developer/SDKs/MacOSX26.1.sdk/usr/include/sys/unistd.h
/Applications/Xcode.app/Contents/Developer/Platforms/MacOSX.platform/Developer/SDKs/MacOSX26.1.sdk/usr/include/sys/_types/_posix_vdisable.h
/Applications/Xcode.app/Contents/Developer/Platforms/MacOSX.platform/Developer/SDKs/MacOSX26.1.sdk/usr/include/gethostuuid.h
/Applications/Xcode.app/Contents/Developer/Platforms/MacOSX.platform/Developer/SDKs/MacOSX26.1.sdk/usr/include/mach/i386/_structs.h
/Applications/Xcode.app/Contents/Developer/Platforms/MacOSX.platform/Developer/SDKs/MacOSX26.1.sdk/usr/include/_inttypes.h
/Applications/Xcode.app/Contents/Developer/Platforms/MacOSX.platform/Developer/SDKs/MacOSX26.1.sdk/usr/include/xlocale/_inttypes.h
/Applications/Xcode.app/Contents/Developer/Toolchains/XcodeDefault.xctoolchain/usr/lib/swift/clang/include/stddef.h
/Applications/Xcode.app/Contents/Developer/Platforms/MacOSX.platform/Developer/SDKs/MacOSX26.1.sdk/usr/include/signal.h
/Applications/Xcode.app/Contents/Developer/Platforms/MacOSX.platform/Developer/SDKs/MacOSX26.1.sdk/usr/include/i386/signal.h
/Applications/Xcode.app/Contents/Developer/Platforms/MacOSX.platform/Developer/SDKs/MacOSX26.1.sdk/usr/include/i386/_mcontext.h
/Applications/Xcode.app/Contents/Developer/Platforms/MacOSX.platform/Developer/SDKs/MacOSX26.1.sdk/usr/include/_stdlib.h
/Applications/Xcode.app/Contents/Developer/Platforms/MacOSX.platform/Developer/SDKs/MacOSX26.1.sdk/usr/include/malloc/_malloc.h
/Applications/Xcode.app/Contents/Developer/Platforms/MacOSX.platform/Developer/SDKs/MacOSX26.1.sdk/usr/include/malloc/_malloc_type.h
/Applications/Xcode.app/Contents/Developer/Platforms/MacOSX.platform/Developer/SDKs/MacOSX26.1.sdk/usr/include/malloc/_ptrcheck.h
/Applications/Xcode.app/Contents/Developer/Platforms/MacOSX.platform/Developer/SDKs/MacOSX26.1.sdk/usr/include/_abort.h
/Applications/Xcode.app/Contents/Developer/Platforms/MacOSX.platform/Developer/SDKs/MacOSX26.1.sdk/usr/include/xlocale/_stdlib.h
/Applications/Xcode.app/Contents/Developer/Platforms/MacOSX.platform/Developer/SDKs/MacOSX26.1.sdk/usr/include/_wchar.h
/Applications/Xcode.app/Contents/Developer/Platforms/MacOSX.platform/Developer/SDKs/MacOSX26.1.sdk/usr/include/sys/_types/_mbstate_t.h
/Applications/Xcode.app/Contents/Developer/Toolchains/XcodeDefault.xctoolchain/usr/lib/swift/clang/include/stdarg.h
/Applications/Xcode.app/Contents/Developer/Platforms/MacOSX.platform/Developer/SDKs/MacOSX26.1.sdk/usr/include/stdio.h
/Applications/Xcode.app/Contents/Developer/Platforms/MacOSX.platform/Developer/SDKs/MacOSX26.1.sdk/usr/include/__wctype.h
/Applications/Xcode.app/Contents/Developer/Platforms/MacOSX.platform/Developer/SDKs/MacOSX26.1.sdk/usr/include/___wctype.h
/Applications/Xcode.app/Contents/Developer/Platforms/MacOSX.platform/Developer/SDKs/MacOSX26.1.sdk/usr/include/_types/_wctype_t.h
/Applications/Xcode.app/Contents/Developer/Platforms/MacOSX.platform/Developer/SDKs/MacOSX26.1.sdk/usr/include/ctype.h
/Applications/Xcode.app/Contents/Developer/Platforms/MacOSX.platform/Developer/SDKs/MacOSX26.1.sdk/usr/include/xlocale/_wchar.h
/Applications/Xcode.app/Contents/Developer/Platforms/MacOSX.platform/Developer/SDKs/MacOSX26.1.sdk/usr/include/_wctype.h
/Applications/Xcode.app/Contents/Developer/Platforms/MacOSX.platform/Developer/SDKs/MacOSX26.1.sdk/usr/include/_types/_wctrans_t.h
/Applications/Xcode.app/Contents/Developer/Platforms/MacOSX.platform/Developer/SDKs/MacOSX26.1.sdk/usr/include/xlocale/_wctype.h
/Applications/Xcode.app/Contents/Developer/Platforms/MacOSX.platform/Developer/SDKs/MacOSX26.1.sdk/usr/include/xlocale/___wctype.h
/Applications/Xcode.app/Contents/Developer/Platforms/MacOSX.platform/Developer/SDKs/MacOSX26.1.sdk/SDKSettings.json
/Applications/Xcode.app/Contents/Developer/Toolchains/XcodeDefault.xctoolchain/usr/lib/swift/macosx/prebuilt-modules/26.1/_StringProcessing.swiftmodule/arm64e-apple-macos.swiftmodule
/Applications/Xcode.app/Contents/Developer/Platforms/MacOSX.platform/Developer/SDKs/MacOSX26.1.sdk/usr/lib/swift/shims/module.modulemap
/Applications/Xcode.app/Contents/Developer/Platforms/MacOSX.platform/Developer/SDKs/MacOSX26.1.sdk/usr/lib/swift/shims/_SwiftConcurrency.h
/Applications/Xcode.app/Contents/Developer/Platforms/MacOSX.platform/Developer/SDKs/MacOSX26.1.sdk/SDKSettings.json
/Applications/Xcode.app/Contents/Developer/Platforms/MacOSX.platform/Developer/SDKs/MacOSX26.1.sdk/usr/include/launch.modulemap
/Applications/Xcode.app/Contents/Developer/Platforms/MacOSX.platform/Developer/SDKs/MacOSX26.1.sdk/usr/include/Darwin.modulemap
/Applications/Xcode.app/Contents/Developer/Platforms/MacOSX.platform/Developer/SDKs/MacOSX26.1.sdk/usr/include/Darwin_C.modulemap
/Applications/Xcode.app/Contents/Developer/Platforms/MacOSX.platform/Developer/SDKs/MacOSX26.1.sdk/usr/include/Darwin_POSIX.modulemap
/Applications/Xcode.app/Contents/Developer/Platforms/MacOSX.platform/Developer/SDKs/MacOSX26.1.sdk/usr/include/net.modulemap
/Applications/Xcode.app/Contents/Developer/Platforms/MacOSX.platform/Developer/SDKs/MacOSX26.1.sdk/usr/include/netinet.modulemap
/Applications/Xcode.app/Contents/Developer/Platforms/MacOSX.platform/Developer/SDKs/MacOSX26.1.sdk/usr/include/bank.modulemap
/Applications/Xcode.app/Contents/Developer/Platforms/MacOSX.platform/Developer/SDKs/MacOSX26.1.sdk/usr/include/Darwin_Mach.modulemap
/Applications/Xcode.app/Contents/Developer/Platforms/MacOSX.platform/Developer/SDKs/MacOSX26.1.sdk/usr/include/Darwin_Mach_machine.modulemap
/Applications/Xcode.app/Contents/Developer/Platforms/MacOSX.platform/Developer/SDKs/MacOSX26.1.sdk/usr/include/mach_debug.modulemap
/Applications/Xcode.app/Contents/Developer/Platforms/MacOSX.platform/Developer/SDKs/MacOSX26.1.sdk/usr/include/device.modulemap
/Applications/Xcode.app/Contents/Developer/Platforms/MacOSX.platform/Developer/SDKs/MacOSX26.1.sdk/usr/include/Darwin_machine.modulemap
/Applications/Xcode.app/Contents/Developer/Platforms/MacOSX.platform/Developer/SDKs/MacOSX26.1.sdk/usr/include/ncurses.modulemap
/Applications/Xcode.app/Contents/Developer/Platforms/MacOSX.platform/Developer/SDKs/MacOSX26.1.sdk/usr/include/netinet6.modulemap
/Applications/Xcode.app/Contents/Developer/Platforms/MacOSX.platform/Developer/SDKs/MacOSX26.1.sdk/usr/include/Darwin_sys.modulemap
/Applications/Xcode.app/Contents/Developer/Platforms/MacOSX.platform/Developer/SDKs/MacOSX26.1.sdk/usr/include/uuid.modulemap
/Applications/Xcode.app/Contents/Developer/Platforms/MacOSX.platform/Developer/SDKs/MacOSX26.1.sdk/usr/include/DarwinFoundation1.modulemap
/Applications/Xcode.app/Contents/Developer/Platforms/MacOSX.platform/Developer/SDKs/MacOSX26.1.sdk/usr/include/launch.h
/Applications/Xcode.app/Contents/Developer/Toolchains/XcodeDefault.xctoolchain/usr/lib/swift/clang/include/module.modulemap
/Applications/Xcode.app/Contents/Developer/Toolchains/XcodeDefault.xctoolchain/usr/lib/swift/clang/include/stddef.h
/Applications/Xcode.app/Contents/Developer/Platforms/MacOSX.platform/Developer/SDKs/MacOSX26.1.sdk/SDKSettings.json
/Applications/Xcode.app/Contents/Developer/Platforms/MacOSX.platform/Developer/SDKs/MacOSX26.1.sdk/usr/include/libDER/module.modulemap
/Applications/Xcode.app/Contents/Developer/Platforms/MacOSX.platform/Developer/SDKs/MacOSX26.1.sdk/usr/include/libDER/DERItem.h
/Applications/Xcode.app/Contents/Developer/Platforms/MacOSX.platform/Developer/SDKs/MacOSX26.1.sdk/usr/include/libDER/libDER_config.h
/Applications/Xcode.app/Contents/Developer/Toolchains/XcodeDefault.xctoolchain/usr/lib/swift/clang/include/module.modulemap
/Applications/Xcode.app/Contents/Developer/Toolchains/XcodeDefault.xctoolchain/usr/lib/swift/clang/include/stddef.h
/Applications/Xcode.app/Contents/Developer/Platforms/MacOSX.platform/Developer/SDKs/MacOSX26.1.sdk/usr/include/DarwinFoundation2.modulemap
/Applications/Xcode.app/Contents/Developer/Platforms/MacOSX.platform/Developer/SDKs/MacOSX26.1.sdk/usr/include/DarwinFoundation1.modulemap
/Applications/Xcode.app/Contents/Developer/Platforms/MacOSX.platform/Developer/SDKs/MacOSX26.1.sdk/usr/include/string.h
/Applications/Xcode.app/Contents/Developer/Platforms/MacOSX.platform/Developer/SDKs/MacOSX26.1.sdk/SDKSettings.json
/Applications/Xcode.app/Contents/Developer/Platforms/MacOSX.platform/Developer/SDKs/MacOSX26.1.sdk/usr/include/libkern.modulemap
/Applications/Xcode.app/Contents/Developer/Platforms/MacOSX.platform/Developer/SDKs/MacOSX26.1.sdk/usr/include/Darwin.modulemap
/Applications/Xcode.app/Contents/Developer/Platforms/MacOSX.platform/Developer/SDKs/MacOSX26.1.sdk/usr/include/Darwin_C.modulemap
/Applications/Xcode.app/Contents/Developer/Platforms/MacOSX.platform/Developer/SDKs/MacOSX26.1.sdk/usr/include/Darwin_POSIX.modulemap
/Applications/Xcode.app/Contents/Developer/Platforms/MacOSX.platform/Developer/SDKs/MacOSX26.1.sdk/usr/include/net.modulemap
/Applications/Xcode.app/Contents/Developer/Platforms/MacOSX.platform/Developer/SDKs/MacOSX26.1.sdk/usr/include/netinet.modulemap
/Applications/Xcode.app/Contents/Developer/Platforms/MacOSX.platform/Developer/SDKs/MacOSX26.1.sdk/usr/include/bank.modulemap
/Applications/Xcode.app/Contents/Developer/Platforms/MacOSX.platform/Developer/SDKs/MacOSX26.1.sdk/usr/include/Darwin_Mach.modulemap
/Applications/Xcode.app/Contents/Developer/Platforms/MacOSX.platform/Developer/SDKs/MacOSX26.1.sdk/usr/include/Darwin_Mach_machine.modulemap
/Applications/Xcode.app/Contents/Developer/Platforms/MacOSX.platform/Developer/SDKs/MacOSX26.1.sdk/usr/include/mach_debug.modulemap
/Applications/Xcode.app/Contents/Developer/Platforms/MacOSX.platform/Developer/SDKs/MacOSX26.1.sdk/usr/include/device.modulemap
/Applications/Xcode.app/Contents/Developer/Platforms/MacOSX.platform/Developer/SDKs/MacOSX26.1.sdk/usr/include/Darwin_machine.modulemap
/Applications/Xcode.app/Contents/Developer/Platforms/MacOSX.platform/Developer/SDKs/MacOSX26.1.sdk/usr/include/ncurses.modulemap
/Applications/Xcode.app/Contents/Developer/Platforms/MacOSX.platform/Developer/SDKs/MacOSX26.1.sdk/usr/include/netinet6.modulemap
/Applications/Xcode.app/Contents/Developer/Platforms/MacOSX.platform/Developer/SDKs/MacOSX26.1.sdk/usr/include/Darwin_sys.modulemap
/Applications/Xcode.app/Contents/Developer/Platforms/MacOSX.platform/Developer/SDKs/MacOSX26.1.sdk/usr/include/uuid.modulemap
/Applications/Xcode.app/Contents/Developer/Platforms/MacOSX.platform/Developer/SDKs/MacOSX26.1.sdk/usr/include/DarwinFoundation1.modulemap
/Applications/Xcode.app/Contents/Developer/Platforms/MacOSX.platform/Developer/SDKs/MacOSX26.1.sdk/usr/include/libkern/OSCacheControl.h
/Applications/Xcode.app/Contents/Developer/Toolchains/XcodeDefault.xctoolchain/usr/lib/swift/clang/include/module.modulemap
/Applications/Xcode.app/Contents/Developer/Toolchains/XcodeDefault.xctoolchain/usr/lib/swift/clang/include/stddef.h
/Applications/Xcode.app/Contents/Developer/Platforms/MacOSX.platform/Developer/SDKs/MacOSX26.1.sdk/usr/include/libkern/OSDebug.h
/Applications/Xcode.app/Contents/Developer/Platforms/MacOSX.platform/Developer/SDKs/MacOSX26.1.sdk/usr/include/libkern/OSReturn.h
/Applications/Xcode.app/Contents/Developer/Platforms/MacOSX.platform/Developer/SDKs/MacOSX26.1.sdk/usr/include/libkern/OSThermalNotification.h
/Applications/Xcode.app/Contents/Developer/Platforms/MacOSX.platform/Developer/SDKs/MacOSX26.1.sdk/usr/include/libkern/OSTypes.h
/Applications/Xcode.app/Contents/Developer/Platforms/MacOSX.platform/Developer/SDKs/MacOSX26.1.sdk/usr/include/libkern/OSKextLib.h
/Applications/Xcode.app/Contents/Developer/Platforms/MacOSX.platform/Developer/SDKs/MacOSX26.1.sdk/SDKSettings.json
/Applications/Xcode.app/Contents/Developer/Platforms/MacOSX.platform/Developer/SDKs/MacOSX26.1.sdk/usr/include/os.apinotes
/Applications/Xcode.app/Contents/Developer/Platforms/MacOSX.platform/Developer/SDKs/MacOSX26.1.sdk/usr/include/xpc.modulemap
/Applications/Xcode.app/Contents/Developer/Platforms/MacOSX.platform/Developer/SDKs/MacOSX26.1.sdk/usr/include/DarwinBasic.modulemap
/Applications/Xcode.app/Contents/Developer/Platforms/MacOSX.platform/Developer/SDKs/MacOSX26.1.sdk/usr/include/os.modulemap
/Applications/Xcode.app/Contents/Developer/Platforms/MacOSX.platform/Developer/SDKs/MacOSX26.1.sdk/usr/include/Darwin.modulemap
/Applications/Xcode.app/Contents/Developer/Platforms/MacOSX.platform/Developer/SDKs/MacOSX26.1.sdk/usr/include/Darwin_C.modulemap
/Applications/Xcode.app/Contents/Developer/Platforms/MacOSX.platform/Developer/SDKs/MacOSX26.1.sdk/usr/include/Darwin_POSIX.modulemap
/Applications/Xcode.app/Contents/Developer/Platforms/MacOSX.platform/Developer/SDKs/MacOSX26.1.sdk/usr/include/net.modulemap
/Applications/Xcode.app/Contents/Developer/Platforms/MacOSX.platform/Developer/SDKs/MacOSX26.1.sdk/usr/include/netinet.modulemap
/Applications/Xcode.app/Contents/Developer/Platforms/MacOSX.platform/Developer/SDKs/MacOSX26.1.sdk/usr/include/bank.modulemap
/Applications/Xcode.app/Contents/Developer/Platforms/MacOSX.platform/Developer/SDKs/MacOSX26.1.sdk/usr/include/Darwin_Mach.modulemap
/Applications/Xcode.app/Contents/Developer/Platforms/MacOSX.platform/Developer/SDKs/MacOSX26.1.sdk/usr/include/Darwin_Mach_machine.modulemap
/Applications/Xcode.app/Contents/Developer/Platforms/MacOSX.platform/Developer/SDKs/MacOSX26.1.sdk/usr/include/mach_debug.modulemap
/Applications/Xcode.app/Contents/Developer/Platforms/MacOSX.platform/Developer/SDKs/MacOSX26.1.sdk/usr/include/device.modulemap
/Applications/Xcode.app/Contents/Developer/Platforms/MacOSX.platform/Developer/SDKs/MacOSX26.1.sdk/usr/include/Darwin_machine.modulemap
/Applications/Xcode.app/Contents/Developer/Platforms/MacOSX.platform/Developer/SDKs/MacOSX26.1.sdk/usr/include/ncurses.modulemap
/Applications/Xcode.app/Contents/Developer/Platforms/MacOSX.platform/Developer/SDKs/MacOSX26.1.sdk/usr/include/netinet6.modulemap
/Applications/Xcode.app/Contents/Developer/Platforms/MacOSX.platform/Developer/SDKs/MacOSX26.1.sdk/usr/include/Darwin_sys.modulemap
/Applications/Xcode.app/Contents/Developer/Platforms/MacOSX.platform/Developer/SDKs/MacOSX26.1.sdk/usr/include/uuid.modulemap
/Applications/Xcode.app/Contents/Developer/Platforms/MacOSX.platform/Developer/SDKs/MacOSX26.1.sdk/usr/include/DarwinFoundation2.modulemap
/Applications/Xcode.app/Contents/Developer/Platforms/MacOSX.platform/Developer/SDKs/MacOSX26.1.sdk/usr/include/DarwinFoundation3.modulemap
/Applications/Xcode.app/Contents/Developer/Platforms/MacOSX.platform/Developer/SDKs/MacOSX26.1.sdk/usr/include/DarwinFoundation1.modulemap
/Applications/Xcode.app/Contents/Developer/Platforms/MacOSX.platform/Developer/SDKs/MacOSX26.1.sdk/usr/include/os/atomic.h
/Applications/Xcode.app/Contents/Developer/Toolchains/XcodeDefault.xctoolchain/usr/lib/swift/clang/include/module.modulemap
/Applications/Xcode.app/Contents/Developer/Platforms/MacOSX.platform/Developer/SDKs/MacOSX26.1.sdk/usr/include/os/overflow.h
/Applications/Xcode.app/Contents/Developer/Platforms/MacOSX.platform/Developer/SDKs/MacOSX26.1.sdk/usr/include/os/trace_base.h
/Applications/Xcode.app/Contents/Developer/Toolchains/XcodeDefault.xctoolchain/usr/lib/swift/clang/include/stdarg.h
/Applications/Xcode.app/Contents/Developer/Platforms/MacOSX.platform/Developer/SDKs/MacOSX26.1.sdk/usr/include/os/activity.h
/Applications/Xcode.app/Contents/Developer/Platforms/MacOSX.platform/Developer/SDKs/MacOSX26.1.sdk/usr/include/os/log.h
/Applications/Xcode.app/Contents/Developer/Platforms/MacOSX.platform/Developer/SDKs/MacOSX26.1.sdk/usr/include/os/trace.h
/Applications/Xcode.app/Contents/Developer/Platforms/MacOSX.platform/Developer/SDKs/MacOSX26.1.sdk/usr/include/os/signpost.h
/Applications/Xcode.app/Contents/Developer/Platforms/MacOSX.platform/Developer/SDKs/MacOSX26.1.sdk/usr/include/_modules/_os_lock.h
/Applications/Xcode.app/Contents/Developer/Platforms/MacOSX.platform/Developer/SDKs/MacOSX26.1.sdk/usr/include/_modules/_os_object.h
/Applications/Xcode.app/Contents/Developer/Platforms/MacOSX.platform/Developer/SDKs/MacOSX26.1.sdk/usr/include/_modules/_os_workgroup.h
/Applications/Xcode.app/Contents/Developer/Platforms/MacOSX.platform/Developer/SDKs/MacOSX26.1.sdk/SDKSettings.json
/Applications/Xcode.app/Contents/Developer/Toolchains/XcodeDefault.xctoolchain/usr/lib/swift/macosx/prebuilt-modules/26.1/os.swiftmodule/arm64e-apple-macos.swiftmodule
/Applications/Xcode.app/Contents/Developer/Platforms/MacOSX.platform/Developer/SDKs/MacOSX26.1.sdk/usr/include/os.modulemap
/Applications/Xcode.app/Contents/Developer/Platforms/MacOSX.platform/Developer/SDKs/MacOSX26.1.sdk/usr/include/ObjectiveC.modulemap
/Applications/Xcode.app/Contents/Developer/Platforms/MacOSX.platform/Developer/SDKs/MacOSX26.1.sdk/usr/include/Darwin.modulemap
/Applications/Xcode.app/Contents/Developer/Platforms/MacOSX.platform/Developer/SDKs/MacOSX26.1.sdk/usr/include/Darwin_C.modulemap
/Applications/Xcode.app/Contents/Developer/Platforms/MacOSX.platform/Developer/SDKs/MacOSX26.1.sdk/usr/include/Darwin_POSIX.modulemap
/Applications/Xcode.app/Contents/Developer/Platforms/MacOSX.platform/Developer/SDKs/MacOSX26.1.sdk/usr/include/net.modulemap
/Applications/Xcode.app/Contents/Developer/Platforms/MacOSX.platform/Developer/SDKs/MacOSX26.1.sdk/usr/include/netinet.modulemap
/Applications/Xcode.app/Contents/Developer/Platforms/MacOSX.platform/Developer/SDKs/MacOSX26.1.sdk/usr/include/bank.modulemap
/Applications/Xcode.app/Contents/Developer/Platforms/MacOSX.platform/Developer/SDKs/MacOSX26.1.sdk/usr/include/Darwin_Mach.modulemap
/Applications/Xcode.app/Contents/Developer/Platforms/MacOSX.platform/Developer/SDKs/MacOSX26.1.sdk/usr/include/Darwin_Mach_machine.modulemap
/Applications/Xcode.app/Contents/Developer/Platforms/MacOSX.platform/Developer/SDKs/MacOSX26.1.sdk/usr/include/mach_debug.modulemap
/Applications/Xcode.app/Contents/Developer/Platforms/MacOSX.platform/Developer/SDKs/MacOSX26.1.sdk/usr/include/device.modulemap
/Applications/Xcode.app/Contents/Developer/Platforms/MacOSX.platform/Developer/SDKs/MacOSX26.1.sdk/usr/include/Darwin_machine.modulemap
/Applications/Xcode.app/Contents/Developer/Platforms/MacOSX.platform/Developer/SDKs/MacOSX26.1.sdk/usr/include/ncurses.modulemap
/Applications/Xcode.app/Contents/Developer/Platforms/MacOSX.platform/Developer/SDKs/MacOSX26.1.sdk/usr/include/netinet6.modulemap
/Applications/Xcode.app/Contents/Developer/Platforms/MacOSX.platform/Developer/SDKs/MacOSX26.1.sdk/usr/include/Darwin_sys.modulemap
/Applications/Xcode.app/Contents/Developer/Platforms/MacOSX.platform/Developer/SDKs/MacOSX26.1.sdk/usr/include/uuid.modulemap
/Applications/Xcode.app/Contents/Developer/Platforms/MacOSX.platform/Developer/SDKs/MacOSX26.1.sdk/usr/include/DarwinFoundation1.modulemap
/Applications/Xcode.app/Contents/Developer/Platforms/MacOSX.platform/Developer/SDKs/MacOSX26.1.sdk/usr/include/os/object.h
/Applications/Xcode.app/Contents/Developer/Platforms/MacOSX.platform/Developer/SDKs/MacOSX26.1.sdk/SDKSettings.json
/Applications/Xcode.app/Contents/Developer/Platforms/MacOSX.platform/Developer/SDKs/MacOSX26.1.sdk/usr/include/os.modulemap
/Applications/Xcode.app/Contents/Developer/Platforms/MacOSX.platform/Developer/SDKs/MacOSX26.1.sdk/usr/include/Darwin.modulemap
/Applications/Xcode.app/Contents/Developer/Platforms/MacOSX.platform/Developer/SDKs/MacOSX26.1.sdk/usr/include/Darwin_C.modulemap
/Applications/Xcode.app/Contents/Developer/Platforms/MacOSX.platform/Developer/SDKs/MacOSX26.1.sdk/usr/include/Darwin_POSIX.modulemap
/Applications/Xcode.app/Contents/Developer/Platforms/MacOSX.platform/Developer/SDKs/MacOSX26.1.sdk/usr/include/net.modulemap
/Applications/Xcode.app/Contents/Developer/Platforms/MacOSX.platform/Developer/SDKs/MacOSX26.1.sdk/usr/include/netinet.modulemap
/Applications/Xcode.app/Contents/Developer/Platforms/MacOSX.platform/Developer/SDKs/MacOSX26.1.sdk/usr/include/bank.modulemap
/Applications/Xcode.app/Contents/Developer/Platforms/MacOSX.platform/Developer/SDKs/MacOSX26.1.sdk/usr/include/Darwin_Mach.modulemap
/Applications/Xcode.app/Contents/Developer/Platforms/MacOSX.platform/Developer/SDKs/MacOSX26.1.sdk/usr/include/Darwin_Mach_machine.modulemap
/Applications/Xcode.app/Contents/Developer/Platforms/MacOSX.platform/Developer/SDKs/MacOSX26.1.sdk/usr/include/mach_debug.modulemap
/Applications/Xcode.app/Contents/Developer/Platforms/MacOSX.platform/Developer/SDKs/MacOSX26.1.sdk/usr/include/device.modulemap
/Applications/Xcode.app/Contents/Developer/Platforms/MacOSX.platform/Developer/SDKs/MacOSX26.1.sdk/usr/include/Darwin_machine.modulemap
/Applications/Xcode.app/Contents/Developer/Platforms/MacOSX.platform/Developer/SDKs/MacOSX26.1.sdk/usr/include/ncurses.modulemap
/Applications/Xcode.app/Contents/Developer/Platforms/MacOSX.platform/Developer/SDKs/MacOSX26.1.sdk/usr/include/netinet6.modulemap
/Applications/Xcode.app/Contents/Developer/Platforms/MacOSX.platform/Developer/SDKs/MacOSX26.1.sdk/usr/include/Darwin_sys.modulemap
/Applications/Xcode.app/Contents/Developer/Platforms/MacOSX.platform/Developer/SDKs/MacOSX26.1.sdk/usr/include/uuid.modulemap
/Applications/Xcode.app/Contents/Developer/Platforms/MacOSX.platform/Developer/SDKs/MacOSX26.1.sdk/usr/include/DarwinFoundation2.modulemap
/Applications/Xcode.app/Contents/Developer/Platforms/MacOSX.platform/Developer/SDKs/MacOSX26.1.sdk/usr/include/DarwinFoundation3.modulemap
/Applications/Xcode.app/Contents/Developer/Platforms/MacOSX.platform/Developer/SDKs/MacOSX26.1.sdk/usr/include/DarwinFoundation1.modulemap
/Applications/Xcode.app/Contents/Developer/Platforms/MacOSX.platform/Developer/SDKs/MacOSX26.1.sdk/usr/include/os/workgroup.h
/Applications/Xcode.app/Contents/Developer/Platforms/MacOSX.platform/Developer/SDKs/MacOSX26.1.sdk/usr/include/os/workgroup_base.h
/Applications/Xcode.app/Contents/Developer/Toolchains/XcodeDefault.xctoolchain/usr/lib/swift/clang/include/module.modulemap
/Applications/Xcode.app/Contents/Developer/Toolchains/XcodeDefault.xctoolchain/usr/lib/swift/clang/include/stddef.h
/Applications/Xcode.app/Contents/Developer/Platforms/MacOSX.platform/Developer/SDKs/MacOSX26.1.sdk/usr/include/string.h
/Applications/Xcode.app/Contents/Developer/Platforms/MacOSX.platform/Developer/SDKs/MacOSX26.1.sdk/usr/include/stdlib.h
/Applications/Xcode.app/Contents/Developer/Platforms/MacOSX.platform/Developer/SDKs/MacOSX26.1.sdk/usr/include/os/workgroup_object.h
/Applications/Xcode.app/Contents/Developer/Platforms/MacOSX.platform/Developer/SDKs/MacOSX26.1.sdk/usr/include/os/workgroup_interval.h
/Applications/Xcode.app/Contents/Developer/Platforms/MacOSX.platform/Developer/SDKs/MacOSX26.1.sdk/usr/include/os/workgroup_parallel.h
/Applications/Xcode.app/Contents/Developer/Platforms/MacOSX.platform/Developer/SDKs/MacOSX26.1.sdk/SDKSettings.json
/Applications/Xcode.app/Contents/Developer/Toolchains/XcodeDefault.xctoolchain/usr/lib/swift/clang/include/module.modulemap
/Applications/Xcode.app/Contents/Developer/Toolchains/XcodeDefault.xctoolchain/usr/lib/swift/clang/include/ptrauth.h
/Applications/Xcode.app/Contents/Developer/Platforms/MacOSX.platform/Developer/SDKs/MacOSX26.1.sdk/SDKSettings.json
/Applications/Xcode.app/Contents/Developer/Toolchains/XcodeDefault.xctoolchain/usr/lib/swift/clang/include/module.modulemap
/Applications/Xcode.app/Contents/Developer/Toolchains/XcodeDefault.xctoolchain/usr/lib/swift/clang/include/ptrcheck.h
/Applications/Xcode.app/Contents/Developer/Platforms/MacOSX.platform/Developer/SDKs/MacOSX26.1.sdk/SDKSettings.json
/Applications/Xcode.app/Contents/Developer/Platforms/MacOSX.platform/Developer/SDKs/MacOSX26.1.sdk/usr/include/DarwinFoundation2.modulemap
/Applications/Xcode.app/Contents/Developer/Platforms/MacOSX.platform/Developer/SDKs/MacOSX26.1.sdk/usr/include/_modules/_sys_types.h
/Applications/Xcode.app/Contents/Developer/Platforms/MacOSX.platform/Developer/SDKs/MacOSX26.1.sdk/SDKSettings.json

SwiftDriverJobDiscovery normal arm64 Compiling Extensions.swift (in target 'BigDecimal' from project 'BigDecimal')

SwiftCompile normal arm64 Compiling\ CommandLine+Process.swift,\ CommandLine.Arguments.swift,\ CommandLine.Configuration.swift /Users/rogerlin/Library/Developer/Xcode/DerivedData/FinancialCalculatorKit-ackorybalcxbfocbkqsfdzcfkgmn/SourcePackages/checkouts/SwiftDraw/SwiftDraw/CommandLine+Process.swift /Users/rogerlin/Library/Developer/Xcode/DerivedData/FinancialCalculatorKit-ackorybalcxbfocbkqsfdzcfkgmn/SourcePackages/checkouts/SwiftDraw/SwiftDraw/CommandLine.Arguments.swift /Users/rogerlin/Library/Developer/Xcode/DerivedData/FinancialCalculatorKit-ackorybalcxbfocbkqsfdzcfkgmn/SourcePackages/checkouts/SwiftDraw/SwiftDraw/CommandLine.Configuration.swift (in target 'SwiftDraw' from project 'SwiftDraw')
/Applications/Xcode.app/Contents/Developer/Toolchains/XcodeDefault.xctoolchain/usr/bin/swift-frontend -frontend -c /Users/rogerlin/Library/Developer/Xcode/DerivedData/FinancialCalculatorKit-ackorybalcxbfocbkqsfdzcfkgmn/SourcePackages/checkouts/SwiftDraw/SwiftDraw/CGImage+Mask.swift /Users/rogerlin/Library/Developer/Xcode/DerivedData/FinancialCalculatorKit-ackorybalcxbfocbkqsfdzcfkgmn/SourcePackages/checkouts/SwiftDraw/SwiftDraw/CGPath+Segment.swift /Users/rogerlin/Library/Developer/Xcode/DerivedData/FinancialCalculatorKit-ackorybalcxbfocbkqsfdzcfkgmn/SourcePackages/checkouts/SwiftDraw/SwiftDraw/CGPattern+Closure.swift /Users/rogerlin/Library/Developer/Xcode/DerivedData/FinancialCalculatorKit-ackorybalcxbfocbkqsfdzcfkgmn/SourcePackages/checkouts/SwiftDraw/SwiftDraw/CGTextRenderer+Code.swift -primary-file /Users/rogerlin/Library/Developer/Xcode/DerivedData/FinancialCalculatorKit-ackorybalcxbfocbkqsfdzcfkgmn/SourcePackages/checkouts/SwiftDraw/SwiftDraw/CommandLine+Process.swift -primary-file /Users/rogerlin/Library/Developer/Xcode/DerivedData/FinancialCalculatorKit-ackorybalcxbfocbkqsfdzcfkgmn/SourcePackages/checkouts/SwiftDraw/SwiftDraw/CommandLine.Arguments.swift -primary-file /Users/rogerlin/Library/Developer/Xcode/DerivedData/FinancialCalculatorKit-ackorybalcxbfocbkqsfdzcfkgmn/SourcePackages/checkouts/SwiftDraw/SwiftDraw/CommandLine.Configuration.swift /Users/rogerlin/Library/Developer/Xcode/DerivedData/FinancialCalculatorKit-ackorybalcxbfocbkqsfdzcfkgmn/SourcePackages/checkouts/SwiftDraw/SwiftDraw/CommandLine.swift /Users/rogerlin/Library/Developer/Xcode/DerivedData/FinancialCalculatorKit-ackorybalcxbfocbkqsfdzcfkgmn/SourcePackages/checkouts/SwiftDraw/SwiftDraw/CoordinateFormatter.swift /Users/rogerlin/Library/Developer/Xcode/DerivedData/FinancialCalculatorKit-ackorybalcxbfocbkqsfdzcfkgmn/SourcePackages/checkouts/SwiftDraw/SwiftDraw/LayerTree.Builder.Layer.swift /Users/rogerlin/Library/Developer/Xcode/DerivedData/FinancialCalculatorKit-ackorybalcxbfocbkqsfdzcfkgmn/SourcePackages/checkouts/SwiftDraw/SwiftDraw/LayerTree.Builder.Path.Arc.swift /Users/rogerlin/Library/Developer/Xcode/DerivedData/FinancialCalculatorKit-ackorybalcxbfocbkqsfdzcfkgmn/SourcePackages/checkouts/SwiftDraw/SwiftDraw/LayerTree.Builder.Path.swift /Users/rogerlin/Library/Developer/Xcode/DerivedData/FinancialCalculatorKit-ackorybalcxbfocbkqsfdzcfkgmn/SourcePackages/checkouts/SwiftDraw/SwiftDraw/LayerTree.Builder.Shape.swift /Users/rogerlin/Library/Developer/Xcode/DerivedData/FinancialCalculatorKit-ackorybalcxbfocbkqsfdzcfkgmn/SourcePackages/checkouts/SwiftDraw/SwiftDraw/LayerTree.Builder.Text.swift /Users/rogerlin/Library/Developer/Xcode/DerivedData/FinancialCalculatorKit-ackorybalcxbfocbkqsfdzcfkgmn/SourcePackages/checkouts/SwiftDraw/SwiftDraw/LayerTree.Builder.swift /Users/rogerlin/Library/Developer/Xcode/DerivedData/FinancialCalculatorKit-ackorybalcxbfocbkqsfdzcfkgmn/SourcePackages/checkouts/SwiftDraw/SwiftDraw/LayerTree.Color.swift /Users/rogerlin/Library/Developer/Xcode/DerivedData/FinancialCalculatorKit-ackorybalcxbfocbkqsfdzcfkgmn/SourcePackages/checkouts/SwiftDraw/SwiftDraw/LayerTree.CommandGenerator.swift /Users/rogerlin/Library/Developer/Xcode/DerivedData/FinancialCalculatorKit-ackorybalcxbfocbkqsfdzcfkgmn/SourcePackages/checkouts/SwiftDraw/SwiftDraw/LayerTree.CommandOptimizer.swift /Users/rogerlin/Library/Developer/Xcode/DerivedData/FinancialCalculatorKit-ackorybalcxbfocbkqsfdzcfkgmn/SourcePackages/checkouts/SwiftDraw/SwiftDraw/LayerTree.Gradient.swift /Users/rogerlin/Library/Developer/Xcode/DerivedData/FinancialCalculatorKit-ackorybalcxbfocbkqsfdzcfkgmn/SourcePackages/checkouts/SwiftDraw/SwiftDraw/LayerTree.Image.swift /Users/rogerlin/Library/Developer/Xcode/DerivedData/FinancialCalculatorKit-ackorybalcxbfocbkqsfdzcfkgmn/SourcePackages/checkouts/SwiftDraw/SwiftDraw/LayerTree.Layer.swift /Users/rogerlin/Library/Developer/Xcode/DerivedData/FinancialCalculatorKit-ackorybalcxbfocbkqsfdzcfkgmn/SourcePackages/checkouts/SwiftDraw/SwiftDraw/LayerTree.Path+Bounds.swift /Users/rogerlin/Library/Developer/Xcode/DerivedData/FinancialCalculatorKit-ackorybalcxbfocbkqsfdzcfkgmn/SourcePackages/checkouts/SwiftDraw/SwiftDraw/LayerTree.Path+Reversed.swift /Users/rogerlin/Library/Developer/Xcode/DerivedData/FinancialCalculatorKit-ackorybalcxbfocbkqsfdzcfkgmn/SourcePackages/checkouts/SwiftDraw/SwiftDraw/LayerTree.Path+Subpath.swift /Users/rogerlin/Library/Developer/Xcode/DerivedData/FinancialCalculatorKit-ackorybalcxbfocbkqsfdzcfkgmn/SourcePackages/checkouts/SwiftDraw/SwiftDraw/LayerTree.Path.swift /Users/rogerlin/Library/Developer/Xcode/DerivedData/FinancialCalculatorKit-ackorybalcxbfocbkqsfdzcfkgmn/SourcePackages/checkouts/SwiftDraw/SwiftDraw/LayerTree.Pattern.swift /Users/rogerlin/Library/Developer/Xcode/DerivedData/FinancialCalculatorKit-ackorybalcxbfocbkqsfdzcfkgmn/SourcePackages/checkouts/SwiftDraw/SwiftDraw/LayerTree.Shape.swift /Users/rogerlin/Library/Developer/Xcode/DerivedData/FinancialCalculatorKit-ackorybalcxbfocbkqsfdzcfkgmn/SourcePackages/checkouts/SwiftDraw/SwiftDraw/LayerTree.Transform.swift /Users/rogerlin/Library/Developer/Xcode/DerivedData/FinancialCalculatorKit-ackorybalcxbfocbkqsfdzcfkgmn/SourcePackages/checkouts/SwiftDraw/SwiftDraw/LayerTree.swift /Users/rogerlin/Library/Developer/Xcode/DerivedData/FinancialCalculatorKit-ackorybalcxbfocbkqsfdzcfkgmn/SourcePackages/checkouts/SwiftDraw/SwiftDraw/NSImage+SVG.swift /Users/rogerlin/Library/Developer/Xcode/DerivedData/FinancialCalculatorKit-ackorybalcxbfocbkqsfdzcfkgmn/SourcePackages/checkouts/SwiftDraw/SwiftDraw/Renderer.CGText+Path.swift /Users/rogerlin/Library/Developer/Xcode/DerivedData/FinancialCalculatorKit-ackorybalcxbfocbkqsfdzcfkgmn/SourcePackages/checkouts/SwiftDraw/SwiftDraw/Renderer.CGText.swift /Users/rogerlin/Library/Developer/Xcode/DerivedData/FinancialCalculatorKit-ackorybalcxbfocbkqsfdzcfkgmn/SourcePackages/checkouts/SwiftDraw/SwiftDraw/Renderer.CoreGraphics.swift /Users/rogerlin/Library/Developer/Xcode/DerivedData/FinancialCalculatorKit-ackorybalcxbfocbkqsfdzcfkgmn/SourcePackages/checkouts/SwiftDraw/SwiftDraw/Renderer.LayerTree.swift /Users/rogerlin/Library/Developer/Xcode/DerivedData/FinancialCalculatorKit-ackorybalcxbfocbkqsfdzcfkgmn/SourcePackages/checkouts/SwiftDraw/SwiftDraw/Renderer.SFSymbol+CGPath.swift /Users/rogerlin/Library/Developer/Xcode/DerivedData/FinancialCalculatorKit-ackorybalcxbfocbkqsfdzcfkgmn/SourcePackages/checkouts/SwiftDraw/SwiftDraw/Renderer.SFSymbol.swift /Users/rogerlin/Library/Developer/Xcode/DerivedData/FinancialCalculatorKit-ackorybalcxbfocbkqsfdzcfkgmn/SourcePackages/checkouts/SwiftDraw/SwiftDraw/Renderer.SVG.swift /Users/rogerlin/Library/Developer/Xcode/DerivedData/FinancialCalculatorKit-ackorybalcxbfocbkqsfdzcfkgmn/SourcePackages/checkouts/SwiftDraw/SwiftDraw/Renderer.swift /Users/rogerlin/Library/Developer/Xcode/DerivedData/FinancialCalculatorKit-ackorybalcxbfocbkqsfdzcfkgmn/SourcePackages/checkouts/SwiftDraw/SwiftDraw/SVG+CoreGraphics.swift /Users/rogerlin/Library/Developer/Xcode/DerivedData/FinancialCalculatorKit-ackorybalcxbfocbkqsfdzcfkgmn/SourcePackages/checkouts/SwiftDraw/SwiftDraw/SVG+Deprecated.swift /Users/rogerlin/Library/Developer/Xcode/DerivedData/FinancialCalculatorKit-ackorybalcxbfocbkqsfdzcfkgmn/SourcePackages/checkouts/SwiftDraw/SwiftDraw/SVG+Hashable.swift /Users/rogerlin/Library/Developer/Xcode/DerivedData/FinancialCalculatorKit-ackorybalcxbfocbkqsfdzcfkgmn/SourcePackages/checkouts/SwiftDraw/SwiftDraw/SVG+Insets.swift /Users/rogerlin/Library/Developer/Xcode/DerivedData/FinancialCalculatorKit-ackorybalcxbfocbkqsfdzcfkgmn/SourcePackages/checkouts/SwiftDraw/SwiftDraw/SVG.swift /Users/rogerlin/Library/Developer/Xcode/DerivedData/FinancialCalculatorKit-ackorybalcxbfocbkqsfdzcfkgmn/SourcePackages/checkouts/SwiftDraw/SwiftDraw/SVGView.swift /Users/rogerlin/Library/Developer/Xcode/DerivedData/FinancialCalculatorKit-ackorybalcxbfocbkqsfdzcfkgmn/SourcePackages/checkouts/SwiftDraw/SwiftDraw/Stack.swift /Users/rogerlin/Library/Developer/Xcode/DerivedData/FinancialCalculatorKit-ackorybalcxbfocbkqsfdzcfkgmn/SourcePackages/checkouts/SwiftDraw/SwiftDraw/UIImage+SVG.swift /Users/rogerlin/Library/Developer/Xcode/DerivedData/FinancialCalculatorKit-ackorybalcxbfocbkqsfdzcfkgmn/SourcePackages/checkouts/SwiftDraw/SwiftDraw/Utilities/PairedSequence.swift /Users/rogerlin/Library/Developer/Xcode/DerivedData/FinancialCalculatorKit-ackorybalcxbfocbkqsfdzcfkgmn/SourcePackages/checkouts/SwiftDraw/SwiftDraw/XML.Formatter.SVG.swift /Users/rogerlin/Library/Developer/Xcode/DerivedData/FinancialCalculatorKit-ackorybalcxbfocbkqsfdzcfkgmn/SourcePackages/checkouts/SwiftDraw/SwiftDraw/XML.Formatter.swift -supplementary-output-file-map /Users/rogerlin/Library/Developer/Xcode/DerivedData/FinancialCalculatorKit-ackorybalcxbfocbkqsfdzcfkgmn/Build/Intermediates.noindex/SwiftDraw.build/Debug/SwiftDraw.build/Objects-normal/arm64/supplementaryOutputs-19 -target arm64-apple-macos10.15 -module-can-import-version AppKit 2685.20.119 2685.20.119 -module-can-import-version CoreGraphics 1965.1.4 1965.1.4 -module-can-import-version CoreText 877.1.0.5 877.1.0 -module-can-import-version Darwin 347.40.2 0 -module-can-import-version SwiftUI 7.1.13.1 7.1.13 -load-resolved-plugin /Applications/Xcode.app/Contents/Developer/Platforms/MacOSX.platform/Developer/usr/lib/swift/host/plugins/libFoundationMacros.dylib\#/Applications/Xcode.app/Contents/Developer/Platforms/MacOSX.platform/Developer/usr/bin/swift-plugin-server\#FoundationMacros -load-resolved-plugin /Applications/Xcode.app/Contents/Developer/Platforms/MacOSX.platform/Developer/usr/lib/swift/host/plugins/libObservationMacros.dylib\#/Applications/Xcode.app/Contents/Developer/Platforms/MacOSX.platform/Developer/usr/bin/swift-plugin-server\#ObservationMacros -load-resolved-plugin /Applications/Xcode.app/Contents/Developer/Platforms/MacOSX.platform/Developer/usr/lib/swift/host/plugins/libPreviewsMacros.dylib\#/Applications/Xcode.app/Contents/Developer/Platforms/MacOSX.platform/Developer/usr/bin/swift-plugin-server\#PreviewsMacros -load-resolved-plugin /Applications/Xcode.app/Contents/Developer/Platforms/MacOSX.platform/Developer/usr/lib/swift/host/plugins/libSwiftMacros.dylib\#/Applications/Xcode.app/Contents/Developer/Platforms/MacOSX.platform/Developer/usr/bin/swift-plugin-server\#SwiftMacros -load-resolved-plugin /Applications/Xcode.app/Contents/Developer/Platforms/MacOSX.platform/Developer/usr/lib/swift/host/plugins/libSwiftUIMacros.dylib\#/Applications/Xcode.app/Contents/Developer/Platforms/MacOSX.platform/Developer/usr/bin/swift-plugin-server\#SwiftUIMacros -disable-implicit-swift-modules -Xcc -fno-implicit-modules -Xcc -fno-implicit-module-maps -explicit-swift-module-map-file /Users/rogerlin/Library/Developer/Xcode/DerivedData/FinancialCalculatorKit-ackorybalcxbfocbkqsfdzcfkgmn/Build/Intermediates.noindex/SwiftDraw.build/Debug/SwiftDraw.build/Objects-normal/arm64/SwiftDraw-dependencies-1.json -Xllvm -aarch64-use-tbi -enable-objc-interop -stack-check -sdk /Applications/Xcode.app/Contents/Developer/Platforms/MacOSX.platform/Developer/SDKs/MacOSX26.1.sdk -I /Users/rogerlin/Library/Developer/Xcode/DerivedData/FinancialCalculatorKit-ackorybalcxbfocbkqsfdzcfkgmn/Build/Products/Debug -Isystem /Applications/Xcode.app/Contents/Developer/Platforms/MacOSX.platform/Developer/usr/lib -F /Users/rogerlin/Library/Developer/Xcode/DerivedData/FinancialCalculatorKit-ackorybalcxbfocbkqsfdzcfkgmn/Build/Products/Debug/PackageFrameworks -F /Users/rogerlin/Library/Developer/Xcode/DerivedData/FinancialCalculatorKit-ackorybalcxbfocbkqsfdzcfkgmn/Build/Products/Debug -F /Applications/Xcode.app/Contents/Developer/Platforms/MacOSX.platform/Developer/Library/Frameworks -no-color-diagnostics -Xcc -fno-color-diagnostics -enable-testing -g -debug-info-format\=dwarf -dwarf-version\=4 -module-cache-path /Users/rogerlin/Library/Developer/Xcode/DerivedData/FinancialCalculatorKit-ackorybalcxbfocbkqsfdzcfkgmn/Build/Intermediates.noindex/SwiftExplicitPrecompiledModules -suppress-warnings -profile-generate -profile-coverage-mapping -swift-version 6 -enforce-exclusivity\=checked -Onone -D SWIFT_PACKAGE -D DEBUG -D SWIFT_MODULE_RESOURCE_BUNDLE_UNAVAILABLE -D Xcode -serialize-debugging-options -const-gather-protocols-file /Users/rogerlin/Library/Developer/Xcode/DerivedData/FinancialCalculatorKit-ackorybalcxbfocbkqsfdzcfkgmn/Build/Intermediates.noindex/SwiftDraw.build/Debug/SwiftDraw.build/Objects-normal/arm64/SwiftDraw_const_extract_protocols.json -enable-upcoming-feature ExistentialAny -enable-experimental-feature DebugDescriptionMacro -empty-abi-descriptor -user-module-version 0.22.0 -validate-clang-modules-once -clang-build-session-file /Users/rogerlin/Library/Developer/Xcode/DerivedData/ModuleCache.noindex/Session.modulevalidation -Xcc -working-directory -Xcc /Users/rogerlin/XCode-Projects/FinancialCalculatorKit-5.0-updated-accent-colors/FinancialCalculatorKit.xcodeproj -enable-anonymous-context-mangled-names -file-compilation-dir /Users/rogerlin/XCode-Projects/FinancialCalculatorKit-5.0-updated-accent-colors/FinancialCalculatorKit.xcodeproj -Xcc -D_LIBCPP_HARDENING_MODE\=_LIBCPP_HARDENING_MODE_DEBUG -Xcc -ivfsstatcache -Xcc /Users/rogerlin/Library/Developer/Xcode/DerivedData/SDKStatCaches.noindex/macosx26.1-25B74-3ae1261907bdadc328169391a47051a6.sdkstatcache -Xcc -I/Users/rogerlin/Library/Developer/Xcode/DerivedData/FinancialCalculatorKit-ackorybalcxbfocbkqsfdzcfkgmn/Build/Intermediates.noindex/SwiftDraw.build/Debug/SwiftDraw.build/swift-overrides.hmap -Xcc -I/Users/rogerlin/Library/Developer/Xcode/DerivedData/FinancialCalculatorKit-ackorybalcxbfocbkqsfdzcfkgmn/Build/Products/Debug/include -Xcc -I/Users/rogerlin/Library/Developer/Xcode/DerivedData/FinancialCalculatorKit-ackorybalcxbfocbkqsfdzcfkgmn/Build/Intermediates.noindex/SwiftDraw.build/Debug/SwiftDraw.build/DerivedSources-normal/arm64 -Xcc -I/Users/rogerlin/Library/Developer/Xcode/DerivedData/FinancialCalculatorKit-ackorybalcxbfocbkqsfdzcfkgmn/Build/Intermediates.noindex/SwiftDraw.build/Debug/SwiftDraw.build/DerivedSources/arm64 -Xcc -I/Users/rogerlin/Library/Developer/Xcode/DerivedData/FinancialCalculatorKit-ackorybalcxbfocbkqsfdzcfkgmn/Build/Intermediates.noindex/SwiftDraw.build/Debug/SwiftDraw.build/DerivedSources -Xcc -DSWIFT_PACKAGE -Xcc -DDEBUG\=1 -no-auto-bridging-header-chaining -module-name SwiftDraw -package-name swiftdraw -frontend-parseable-output -disable-clang-spi -target-sdk-version 26.1 -target-sdk-name macosx26.1 -clang-target arm64-apple-macos26.1 -in-process-plugin-server-path /Applications/Xcode.app/Contents/Developer/Toolchains/XcodeDefault.xctoolchain/usr/lib/swift/host/libSwiftInProcPluginServer.dylib -o /Users/rogerlin/Library/Developer/Xcode/DerivedData/FinancialCalculatorKit-ackorybalcxbfocbkqsfdzcfkgmn/Build/Intermediates.noindex/SwiftDraw.build/Debug/SwiftDraw.build/Objects-normal/arm64/CommandLine+Process.o -o /Users/rogerlin/Library/Developer/Xcode/DerivedData/FinancialCalculatorKit-ackorybalcxbfocbkqsfdzcfkgmn/Build/Intermediates.noindex/SwiftDraw.build/Debug/SwiftDraw.build/Objects-normal/arm64/CommandLine.Arguments.o -o /Users/rogerlin/Library/Developer/Xcode/DerivedData/FinancialCalculatorKit-ackorybalcxbfocbkqsfdzcfkgmn/Build/Intermediates.noindex/SwiftDraw.build/Debug/SwiftDraw.build/Objects-normal/arm64/CommandLine.Configuration.o -index-unit-output-path /SwiftDraw.build/Debug/SwiftDraw.build/Objects-normal/arm64/CommandLine+Process.o -index-unit-output-path /SwiftDraw.build/Debug/SwiftDraw.build/Objects-normal/arm64/CommandLine.Arguments.o -index-unit-output-path /SwiftDraw.build/Debug/SwiftDraw.build/Objects-normal/arm64/CommandLine.Configuration.o -index-store-path /Users/rogerlin/Library/Developer/Xcode/DerivedData/FinancialCalculatorKit-ackorybalcxbfocbkqsfdzcfkgmn/Index.noindex/DataStore -index-system-modules

SwiftCompile normal arm64 /Users/rogerlin/Library/Developer/Xcode/DerivedData/FinancialCalculatorKit-ackorybalcxbfocbkqsfdzcfkgmn/SourcePackages/checkouts/SwiftDraw/SwiftDraw/CommandLine+Process.swift (in target 'SwiftDraw' from project 'SwiftDraw')
    cd /Users/rogerlin/XCode-Projects/FinancialCalculatorKit-5.0-updated-accent-colors/FinancialCalculatorKit.xcodeproj
    

SwiftCompile normal arm64 /Users/rogerlin/Library/Developer/Xcode/DerivedData/FinancialCalculatorKit-ackorybalcxbfocbkqsfdzcfkgmn/SourcePackages/checkouts/SwiftDraw/SwiftDraw/CommandLine.Arguments.swift (in target 'SwiftDraw' from project 'SwiftDraw')
    cd /Users/rogerlin/XCode-Projects/FinancialCalculatorKit-5.0-updated-accent-colors/FinancialCalculatorKit.xcodeproj
    

SwiftCompile normal arm64 /Users/rogerlin/Library/Developer/Xcode/DerivedData/FinancialCalculatorKit-ackorybalcxbfocbkqsfdzcfkgmn/SourcePackages/checkouts/SwiftDraw/SwiftDraw/CommandLine.Configuration.swift (in target 'SwiftDraw' from project 'SwiftDraw')
    cd /Users/rogerlin/XCode-Projects/FinancialCalculatorKit-5.0-updated-accent-colors/FinancialCalculatorKit.xcodeproj
    

SwiftCompile normal arm64 Compiling\ LayerTree.Builder.Path.Arc.swift,\ LayerTree.Builder.Path.swift,\ LayerTree.Builder.Shape.swift /Users/rogerlin/Library/Developer/Xcode/DerivedData/FinancialCalculatorKit-ackorybalcxbfocbkqsfdzcfkgmn/SourcePackages/checkouts/SwiftDraw/SwiftDraw/LayerTree.Builder.Path.Arc.swift /Users/rogerlin/Library/Developer/Xcode/DerivedData/FinancialCalculatorKit-ackorybalcxbfocbkqsfdzcfkgmn/SourcePackages/checkouts/SwiftDraw/SwiftDraw/LayerTree.Builder.Path.swift /Users/rogerlin/Library/Developer/Xcode/DerivedData/FinancialCalculatorKit-ackorybalcxbfocbkqsfdzcfkgmn/SourcePackages/checkouts/SwiftDraw/SwiftDraw/LayerTree.Builder.Shape.swift (in target 'SwiftDraw' from project 'SwiftDraw')
/Applications/Xcode.app/Contents/Developer/Toolchains/XcodeDefault.xctoolchain/usr/bin/swift-frontend -frontend -c /Users/rogerlin/Library/Developer/Xcode/DerivedData/FinancialCalculatorKit-ackorybalcxbfocbkqsfdzcfkgmn/SourcePackages/checkouts/SwiftDraw/SwiftDraw/CGImage+Mask.swift /Users/rogerlin/Library/Developer/Xcode/DerivedData/FinancialCalculatorKit-ackorybalcxbfocbkqsfdzcfkgmn/SourcePackages/checkouts/SwiftDraw/SwiftDraw/CGPath+Segment.swift /Users/rogerlin/Library/Developer/Xcode/DerivedData/FinancialCalculatorKit-ackorybalcxbfocbkqsfdzcfkgmn/SourcePackages/checkouts/SwiftDraw/SwiftDraw/CGPattern+Closure.swift /Users/rogerlin/Library/Developer/Xcode/DerivedData/FinancialCalculatorKit-ackorybalcxbfocbkqsfdzcfkgmn/SourcePackages/checkouts/SwiftDraw/SwiftDraw/CGTextRenderer+Code.swift /Users/rogerlin/Library/Developer/Xcode/DerivedData/FinancialCalculatorKit-ackorybalcxbfocbkqsfdzcfkgmn/SourcePackages/checkouts/SwiftDraw/SwiftDraw/CommandLine+Process.swift /Users/rogerlin/Library/Developer/Xcode/DerivedData/FinancialCalculatorKit-ackorybalcxbfocbkqsfdzcfkgmn/SourcePackages/checkouts/SwiftDraw/SwiftDraw/CommandLine.Arguments.swift /Users/rogerlin/Library/Developer/Xcode/DerivedData/FinancialCalculatorKit-ackorybalcxbfocbkqsfdzcfkgmn/SourcePackages/checkouts/SwiftDraw/SwiftDraw/CommandLine.Configuration.swift /Users/rogerlin/Library/Developer/Xcode/DerivedData/FinancialCalculatorKit-ackorybalcxbfocbkqsfdzcfkgmn/SourcePackages/checkouts/SwiftDraw/SwiftDraw/CommandLine.swift /Users/rogerlin/Library/Developer/Xcode/DerivedData/FinancialCalculatorKit-ackorybalcxbfocbkqsfdzcfkgmn/SourcePackages/checkouts/SwiftDraw/SwiftDraw/CoordinateFormatter.swift /Users/rogerlin/Library/Developer/Xcode/DerivedData/FinancialCalculatorKit-ackorybalcxbfocbkqsfdzcfkgmn/SourcePackages/checkouts/SwiftDraw/SwiftDraw/LayerTree.Builder.Layer.swift -primary-file /Users/rogerlin/Library/Developer/Xcode/DerivedData/FinancialCalculatorKit-ackorybalcxbfocbkqsfdzcfkgmn/SourcePackages/checkouts/SwiftDraw/SwiftDraw/LayerTree.Builder.Path.Arc.swift -primary-file /Users/rogerlin/Library/Developer/Xcode/DerivedData/FinancialCalculatorKit-ackorybalcxbfocbkqsfdzcfkgmn/SourcePackages/checkouts/SwiftDraw/SwiftDraw/LayerTree.Builder.Path.swift -primary-file /Users/rogerlin/Library/Developer/Xcode/DerivedData/FinancialCalculatorKit-ackorybalcxbfocbkqsfdzcfkgmn/SourcePackages/checkouts/SwiftDraw/SwiftDraw/LayerTree.Builder.Shape.swift /Users/rogerlin/Library/Developer/Xcode/DerivedData/FinancialCalculatorKit-ackorybalcxbfocbkqsfdzcfkgmn/SourcePackages/checkouts/SwiftDraw/SwiftDraw/LayerTree.Builder.Text.swift /Users/rogerlin/Library/Developer/Xcode/DerivedData/FinancialCalculatorKit-ackorybalcxbfocbkqsfdzcfkgmn/SourcePackages/checkouts/SwiftDraw/SwiftDraw/LayerTree.Builder.swift /Users/rogerlin/Library/Developer/Xcode/DerivedData/FinancialCalculatorKit-ackorybalcxbfocbkqsfdzcfkgmn/SourcePackages/checkouts/SwiftDraw/SwiftDraw/LayerTree.Color.swift /Users/rogerlin/Library/Developer/Xcode/DerivedData/FinancialCalculatorKit-ackorybalcxbfocbkqsfdzcfkgmn/SourcePackages/checkouts/SwiftDraw/SwiftDraw/LayerTree.CommandGenerator.swift /Users/rogerlin/Library/Developer/Xcode/DerivedData/FinancialCalculatorKit-ackorybalcxbfocbkqsfdzcfkgmn/SourcePackages/checkouts/SwiftDraw/SwiftDraw/LayerTree.CommandOptimizer.swift /Users/rogerlin/Library/Developer/Xcode/DerivedData/FinancialCalculatorKit-ackorybalcxbfocbkqsfdzcfkgmn/SourcePackages/checkouts/SwiftDraw/SwiftDraw/LayerTree.Gradient.swift /Users/rogerlin/Library/Developer/Xcode/DerivedData/FinancialCalculatorKit-ackorybalcxbfocbkqsfdzcfkgmn/SourcePackages/checkouts/SwiftDraw/SwiftDraw/LayerTree.Image.swift /Users/rogerlin/Library/Developer/Xcode/DerivedData/FinancialCalculatorKit-ackorybalcxbfocbkqsfdzcfkgmn/SourcePackages/checkouts/SwiftDraw/SwiftDraw/LayerTree.Layer.swift /Users/rogerlin/Library/Developer/Xcode/DerivedData/FinancialCalculatorKit-ackorybalcxbfocbkqsfdzcfkgmn/SourcePackages/checkouts/SwiftDraw/SwiftDraw/LayerTree.Path+Bounds.swift /Users/rogerlin/Library/Developer/Xcode/DerivedData/FinancialCalculatorKit-ackorybalcxbfocbkqsfdzcfkgmn/SourcePackages/checkouts/SwiftDraw/SwiftDraw/LayerTree.Path+Reversed.swift /Users/rogerlin/Library/Developer/Xcode/DerivedData/FinancialCalculatorKit-ackorybalcxbfocbkqsfdzcfkgmn/SourcePackages/checkouts/SwiftDraw/SwiftDraw/LayerTree.Path+Subpath.swift /Users/rogerlin/Library/Developer/Xcode/DerivedData/FinancialCalculatorKit-ackorybalcxbfocbkqsfdzcfkgmn/SourcePackages/checkouts/SwiftDraw/SwiftDraw/LayerTree.Path.swift /Users/rogerlin/Library/Developer/Xcode/DerivedData/FinancialCalculatorKit-ackorybalcxbfocbkqsfdzcfkgmn/SourcePackages/checkouts/SwiftDraw/SwiftDraw/LayerTree.Pattern.swift /Users/rogerlin/Library/Developer/Xcode/DerivedData/FinancialCalculatorKit-ackorybalcxbfocbkqsfdzcfkgmn/SourcePackages/checkouts/SwiftDraw/SwiftDraw/LayerTree.Shape.swift /Users/rogerlin/Library/Developer/Xcode/DerivedData/FinancialCalculatorKit-ackorybalcxbfocbkqsfdzcfkgmn/SourcePackages/checkouts/SwiftDraw/SwiftDraw/LayerTree.Transform.swift /Users/rogerlin/Library/Developer/Xcode/DerivedData/FinancialCalculatorKit-ackorybalcxbfocbkqsfdzcfkgmn/SourcePackages/checkouts/SwiftDraw/SwiftDraw/LayerTree.swift /Users/rogerlin/Library/Developer/Xcode/DerivedData/FinancialCalculatorKit-ackorybalcxbfocbkqsfdzcfkgmn/SourcePackages/checkouts/SwiftDraw/SwiftDraw/NSImage+SVG.swift /Users/rogerlin/Library/Developer/Xcode/DerivedData/FinancialCalculatorKit-ackorybalcxbfocbkqsfdzcfkgmn/SourcePackages/checkouts/SwiftDraw/SwiftDraw/Renderer.CGText+Path.swift /Users/rogerlin/Library/Developer/Xcode/DerivedData/FinancialCalculatorKit-ackorybalcxbfocbkqsfdzcfkgmn/SourcePackages/checkouts/SwiftDraw/SwiftDraw/Renderer.CGText.swift /Users/rogerlin/Library/Developer/Xcode/DerivedData/FinancialCalculatorKit-ackorybalcxbfocbkqsfdzcfkgmn/SourcePackages/checkouts/SwiftDraw/SwiftDraw/Renderer.CoreGraphics.swift /Users/rogerlin/Library/Developer/Xcode/DerivedData/FinancialCalculatorKit-ackorybalcxbfocbkqsfdzcfkgmn/SourcePackages/checkouts/SwiftDraw/SwiftDraw/Renderer.LayerTree.swift /Users/rogerlin/Library/Developer/Xcode/DerivedData/FinancialCalculatorKit-ackorybalcxbfocbkqsfdzcfkgmn/SourcePackages/checkouts/SwiftDraw/SwiftDraw/Renderer.SFSymbol+CGPath.swift /Users/rogerlin/Library/Developer/Xcode/DerivedData/FinancialCalculatorKit-ackorybalcxbfocbkqsfdzcfkgmn/SourcePackages/checkouts/SwiftDraw/SwiftDraw/Renderer.SFSymbol.swift /Users/rogerlin/Library/Developer/Xcode/DerivedData/FinancialCalculatorKit-ackorybalcxbfocbkqsfdzcfkgmn/SourcePackages/checkouts/SwiftDraw/SwiftDraw/Renderer.SVG.swift /Users/rogerlin/Library/Developer/Xcode/DerivedData/FinancialCalculatorKit-ackorybalcxbfocbkqsfdzcfkgmn/SourcePackages/checkouts/SwiftDraw/SwiftDraw/Renderer.swift /Users/rogerlin/Library/Developer/Xcode/DerivedData/FinancialCalculatorKit-ackorybalcxbfocbkqsfdzcfkgmn/SourcePackages/checkouts/SwiftDraw/SwiftDraw/SVG+CoreGraphics.swift /Users/rogerlin/Library/Developer/Xcode/DerivedData/FinancialCalculatorKit-ackorybalcxbfocbkqsfdzcfkgmn/SourcePackages/checkouts/SwiftDraw/SwiftDraw/SVG+Deprecated.swift /Users/rogerlin/Library/Developer/Xcode/DerivedData/FinancialCalculatorKit-ackorybalcxbfocbkqsfdzcfkgmn/SourcePackages/checkouts/SwiftDraw/SwiftDraw/SVG+Hashable.swift /Users/rogerlin/Library/Developer/Xcode/DerivedData/FinancialCalculatorKit-ackorybalcxbfocbkqsfdzcfkgmn/SourcePackages/checkouts/SwiftDraw/SwiftDraw/SVG+Insets.swift /Users/rogerlin/Library/Developer/Xcode/DerivedData/FinancialCalculatorKit-ackorybalcxbfocbkqsfdzcfkgmn/SourcePackages/checkouts/SwiftDraw/SwiftDraw/SVG.swift /Users/rogerlin/Library/Developer/Xcode/DerivedData/FinancialCalculatorKit-ackorybalcxbfocbkqsfdzcfkgmn/SourcePackages/checkouts/SwiftDraw/SwiftDraw/SVGView.swift /Users/rogerlin/Library/Developer/Xcode/DerivedData/FinancialCalculatorKit-ackorybalcxbfocbkqsfdzcfkgmn/SourcePackages/checkouts/SwiftDraw/SwiftDraw/Stack.swift /Users/rogerlin/Library/Developer/Xcode/DerivedData/FinancialCalculatorKit-ackorybalcxbfocbkqsfdzcfkgmn/SourcePackages/checkouts/SwiftDraw/SwiftDraw/UIImage+SVG.swift /Users/rogerlin/Library/Developer/Xcode/DerivedData/FinancialCalculatorKit-ackorybalcxbfocbkqsfdzcfkgmn/SourcePackages/checkouts/SwiftDraw/SwiftDraw/Utilities/PairedSequence.swift /Users/rogerlin/Library/Developer/Xcode/DerivedData/FinancialCalculatorKit-ackorybalcxbfocbkqsfdzcfkgmn/SourcePackages/checkouts/SwiftDraw/SwiftDraw/XML.Formatter.SVG.swift /Users/rogerlin/Library/Developer/Xcode/DerivedData/FinancialCalculatorKit-ackorybalcxbfocbkqsfdzcfkgmn/SourcePackages/checkouts/SwiftDraw/SwiftDraw/XML.Formatter.swift -supplementary-output-file-map /Users/rogerlin/Library/Developer/Xcode/DerivedData/FinancialCalculatorKit-ackorybalcxbfocbkqsfdzcfkgmn/Build/Intermediates.noindex/SwiftDraw.build/Debug/SwiftDraw.build/Objects-normal/arm64/supplementaryOutputs-21 -target arm64-apple-macos10.15 -module-can-import-version AppKit 2685.20.119 2685.20.119 -module-can-import-version CoreGraphics 1965.1.4 1965.1.4 -module-can-import-version CoreText 877.1.0.5 877.1.0 -module-can-import-version Darwin 347.40.2 0 -module-can-import-version SwiftUI 7.1.13.1 7.1.13 -load-resolved-plugin /Applications/Xcode.app/Contents/Developer/Platforms/MacOSX.platform/Developer/usr/lib/swift/host/plugins/libFoundationMacros.dylib\#/Applications/Xcode.app/Contents/Developer/Platforms/MacOSX.platform/Developer/usr/bin/swift-plugin-server\#FoundationMacros -load-resolved-plugin /Applications/Xcode.app/Contents/Developer/Platforms/MacOSX.platform/Developer/usr/lib/swift/host/plugins/libObservationMacros.dylib\#/Applications/Xcode.app/Contents/Developer/Platforms/MacOSX.platform/Developer/usr/bin/swift-plugin-server\#ObservationMacros -load-resolved-plugin /Applications/Xcode.app/Contents/Developer/Platforms/MacOSX.platform/Developer/usr/lib/swift/host/plugins/libPreviewsMacros.dylib\#/Applications/Xcode.app/Contents/Developer/Platforms/MacOSX.platform/Developer/usr/bin/swift-plugin-server\#PreviewsMacros -load-resolved-plugin /Applications/Xcode.app/Contents/Developer/Platforms/MacOSX.platform/Developer/usr/lib/swift/host/plugins/libSwiftMacros.dylib\#/Applications/Xcode.app/Contents/Developer/Platforms/MacOSX.platform/Developer/usr/bin/swift-plugin-server\#SwiftMacros -load-resolved-plugin /Applications/Xcode.app/Contents/Developer/Platforms/MacOSX.platform/Developer/usr/lib/swift/host/plugins/libSwiftUIMacros.dylib\#/Applications/Xcode.app/Contents/Developer/Platforms/MacOSX.platform/Developer/usr/bin/swift-plugin-server\#SwiftUIMacros -disable-implicit-swift-modules -Xcc -fno-implicit-modules -Xcc -fno-implicit-module-maps -explicit-swift-module-map-file /Users/rogerlin/Library/Developer/Xcode/DerivedData/FinancialCalculatorKit-ackorybalcxbfocbkqsfdzcfkgmn/Build/Intermediates.noindex/SwiftDraw.build/Debug/SwiftDraw.build/Objects-normal/arm64/SwiftDraw-dependencies-1.json -Xllvm -aarch64-use-tbi -enable-objc-interop -stack-check -sdk /Applications/Xcode.app/Contents/Developer/Platforms/MacOSX.platform/Developer/SDKs/MacOSX26.1.sdk -I /Users/rogerlin/Library/Developer/Xcode/DerivedData/FinancialCalculatorKit-ackorybalcxbfocbkqsfdzcfkgmn/Build/Products/Debug -Isystem /Applications/Xcode.app/Contents/Developer/Platforms/MacOSX.platform/Developer/usr/lib -F /Users/rogerlin/Library/Developer/Xcode/DerivedData/FinancialCalculatorKit-ackorybalcxbfocbkqsfdzcfkgmn/Build/Products/Debug/PackageFrameworks -F /Users/rogerlin/Library/Developer/Xcode/DerivedData/FinancialCalculatorKit-ackorybalcxbfocbkqsfdzcfkgmn/Build/Products/Debug -F /Applications/Xcode.app/Contents/Developer/Platforms/MacOSX.platform/Developer/Library/Frameworks -no-color-diagnostics -Xcc -fno-color-diagnostics -enable-testing -g -debug-info-format\=dwarf -dwarf-version\=4 -module-cache-path /Users/rogerlin/Library/Developer/Xcode/DerivedData/FinancialCalculatorKit-ackorybalcxbfocbkqsfdzcfkgmn/Build/Intermediates.noindex/SwiftExplicitPrecompiledModules -suppress-warnings -profile-generate -profile-coverage-mapping -swift-version 6 -enforce-exclusivity\=checked -Onone -D SWIFT_PACKAGE -D DEBUG -D SWIFT_MODULE_RESOURCE_BUNDLE_UNAVAILABLE -D Xcode -serialize-debugging-options -const-gather-protocols-file /Users/rogerlin/Library/Developer/Xcode/DerivedData/FinancialCalculatorKit-ackorybalcxbfocbkqsfdzcfkgmn/Build/Intermediates.noindex/SwiftDraw.build/Debug/SwiftDraw.build/Objects-normal/arm64/SwiftDraw_const_extract_protocols.json -enable-upcoming-feature ExistentialAny -enable-experimental-feature DebugDescriptionMacro -empty-abi-descriptor -user-module-version 0.22.0 -validate-clang-modules-once -clang-build-session-file /Users/rogerlin/Library/Developer/Xcode/DerivedData/ModuleCache.noindex/Session.modulevalidation -Xcc -working-directory -Xcc /Users/rogerlin/XCode-Projects/FinancialCalculatorKit-5.0-updated-accent-colors/FinancialCalculatorKit.xcodeproj -enable-anonymous-context-mangled-names -file-compilation-dir /Users/rogerlin/XCode-Projects/FinancialCalculatorKit-5.0-updated-accent-colors/FinancialCalculatorKit.xcodeproj -Xcc -D_LIBCPP_HARDENING_MODE\=_LIBCPP_HARDENING_MODE_DEBUG -Xcc -ivfsstatcache -Xcc /Users/rogerlin/Library/Developer/Xcode/DerivedData/SDKStatCaches.noindex/macosx26.1-25B74-3ae1261907bdadc328169391a47051a6.sdkstatcache -Xcc -I/Users/rogerlin/Library/Developer/Xcode/DerivedData/FinancialCalculatorKit-ackorybalcxbfocbkqsfdzcfkgmn/Build/Intermediates.noindex/SwiftDraw.build/Debug/SwiftDraw.build/swift-overrides.hmap -Xcc -I/Users/rogerlin/Library/Developer/Xcode/DerivedData/FinancialCalculatorKit-ackorybalcxbfocbkqsfdzcfkgmn/Build/Products/Debug/include -Xcc -I/Users/rogerlin/Library/Developer/Xcode/DerivedData/FinancialCalculatorKit-ackorybalcxbfocbkqsfdzcfkgmn/Build/Intermediates.noindex/SwiftDraw.build/Debug/SwiftDraw.build/DerivedSources-normal/arm64 -Xcc -I/Users/rogerlin/Library/Developer/Xcode/DerivedData/FinancialCalculatorKit-ackorybalcxbfocbkqsfdzcfkgmn/Build/Intermediates.noindex/SwiftDraw.build/Debug/SwiftDraw.build/DerivedSources/arm64 -Xcc -I/Users/rogerlin/Library/Developer/Xcode/DerivedData/FinancialCalculatorKit-ackorybalcxbfocbkqsfdzcfkgmn/Build/Intermediates.noindex/SwiftDraw.build/Debug/SwiftDraw.build/DerivedSources -Xcc -DSWIFT_PACKAGE -Xcc -DDEBUG\=1 -no-auto-bridging-header-chaining -module-name SwiftDraw -package-name swiftdraw -frontend-parseable-output -disable-clang-spi -target-sdk-version 26.1 -target-sdk-name macosx26.1 -clang-target arm64-apple-macos26.1 -in-process-plugin-server-path /Applications/Xcode.app/Contents/Developer/Toolchains/XcodeDefault.xctoolchain/usr/lib/swift/host/libSwiftInProcPluginServer.dylib -o /Users/rogerlin/Library/Developer/Xcode/DerivedData/FinancialCalculatorKit-ackorybalcxbfocbkqsfdzcfkgmn/Build/Intermediates.noindex/SwiftDraw.build/Debug/SwiftDraw.build/Objects-normal/arm64/LayerTree.Builder.Path.Arc.o -o /Users/rogerlin/Library/Developer/Xcode/DerivedData/FinancialCalculatorKit-ackorybalcxbfocbkqsfdzcfkgmn/Build/Intermediates.noindex/SwiftDraw.build/Debug/SwiftDraw.build/Objects-normal/arm64/LayerTree.Builder.Path.o -o /Users/rogerlin/Library/Developer/Xcode/DerivedData/FinancialCalculatorKit-ackorybalcxbfocbkqsfdzcfkgmn/Build/Intermediates.noindex/SwiftDraw.build/Debug/SwiftDraw.build/Objects-normal/arm64/LayerTree.Builder.Shape.o -index-unit-output-path /SwiftDraw.build/Debug/SwiftDraw.build/Objects-normal/arm64/LayerTree.Builder.Path.Arc.o -index-unit-output-path /SwiftDraw.build/Debug/SwiftDraw.build/Objects-normal/arm64/LayerTree.Builder.Path.o -index-unit-output-path /SwiftDraw.build/Debug/SwiftDraw.build/Objects-normal/arm64/LayerTree.Builder.Shape.o -index-store-path /Users/rogerlin/Library/Developer/Xcode/DerivedData/FinancialCalculatorKit-ackorybalcxbfocbkqsfdzcfkgmn/Index.noindex/DataStore -index-system-modules

SwiftCompile normal arm64 /Users/rogerlin/Library/Developer/Xcode/DerivedData/FinancialCalculatorKit-ackorybalcxbfocbkqsfdzcfkgmn/SourcePackages/checkouts/SwiftDraw/SwiftDraw/LayerTree.Builder.Path.Arc.swift (in target 'SwiftDraw' from project 'SwiftDraw')
    cd /Users/rogerlin/XCode-Projects/FinancialCalculatorKit-5.0-updated-accent-colors/FinancialCalculatorKit.xcodeproj
    

SwiftCompile normal arm64 /Users/rogerlin/Library/Developer/Xcode/DerivedData/FinancialCalculatorKit-ackorybalcxbfocbkqsfdzcfkgmn/SourcePackages/checkouts/SwiftDraw/SwiftDraw/LayerTree.Builder.Path.swift (in target 'SwiftDraw' from project 'SwiftDraw')
    cd /Users/rogerlin/XCode-Projects/FinancialCalculatorKit-5.0-updated-accent-colors/FinancialCalculatorKit.xcodeproj
    

SwiftCompile normal arm64 /Users/rogerlin/Library/Developer/Xcode/DerivedData/FinancialCalculatorKit-ackorybalcxbfocbkqsfdzcfkgmn/SourcePackages/checkouts/SwiftDraw/SwiftDraw/LayerTree.Builder.Shape.swift (in target 'SwiftDraw' from project 'SwiftDraw')
    cd /Users/rogerlin/XCode-Projects/FinancialCalculatorKit-5.0-updated-accent-colors/FinancialCalculatorKit.xcodeproj
    

SwiftDriverJobDiscovery normal arm64 Compiling SVG+Hashable.swift, SVG+Insets.swift, SVG.swift (in target 'SwiftDraw' from project 'SwiftDraw')

SwiftCompile normal arm64 Compiling\ SVGView.swift,\ Stack.swift,\ UIImage+SVG.swift /Users/rogerlin/Library/Developer/Xcode/DerivedData/FinancialCalculatorKit-ackorybalcxbfocbkqsfdzcfkgmn/SourcePackages/checkouts/SwiftDraw/SwiftDraw/SVGView.swift /Users/rogerlin/Library/Developer/Xcode/DerivedData/FinancialCalculatorKit-ackorybalcxbfocbkqsfdzcfkgmn/SourcePackages/checkouts/SwiftDraw/SwiftDraw/Stack.swift /Users/rogerlin/Library/Developer/Xcode/DerivedData/FinancialCalculatorKit-ackorybalcxbfocbkqsfdzcfkgmn/SourcePackages/checkouts/SwiftDraw/SwiftDraw/UIImage+SVG.swift (in target 'SwiftDraw' from project 'SwiftDraw')
/Applications/Xcode.app/Contents/Developer/Toolchains/XcodeDefault.xctoolchain/usr/bin/swift-frontend -frontend -c /Users/rogerlin/Library/Developer/Xcode/DerivedData/FinancialCalculatorKit-ackorybalcxbfocbkqsfdzcfkgmn/SourcePackages/checkouts/SwiftDraw/SwiftDraw/CGImage+Mask.swift /Users/rogerlin/Library/Developer/Xcode/DerivedData/FinancialCalculatorKit-ackorybalcxbfocbkqsfdzcfkgmn/SourcePackages/checkouts/SwiftDraw/SwiftDraw/CGPath+Segment.swift /Users/rogerlin/Library/Developer/Xcode/DerivedData/FinancialCalculatorKit-ackorybalcxbfocbkqsfdzcfkgmn/SourcePackages/checkouts/SwiftDraw/SwiftDraw/CGPattern+Closure.swift /Users/rogerlin/Library/Developer/Xcode/DerivedData/FinancialCalculatorKit-ackorybalcxbfocbkqsfdzcfkgmn/SourcePackages/checkouts/SwiftDraw/SwiftDraw/CGTextRenderer+Code.swift /Users/rogerlin/Library/Developer/Xcode/DerivedData/FinancialCalculatorKit-ackorybalcxbfocbkqsfdzcfkgmn/SourcePackages/checkouts/SwiftDraw/SwiftDraw/CommandLine+Process.swift /Users/rogerlin/Library/Developer/Xcode/DerivedData/FinancialCalculatorKit-ackorybalcxbfocbkqsfdzcfkgmn/SourcePackages/checkouts/SwiftDraw/SwiftDraw/CommandLine.Arguments.swift /Users/rogerlin/Library/Developer/Xcode/DerivedData/FinancialCalculatorKit-ackorybalcxbfocbkqsfdzcfkgmn/SourcePackages/checkouts/SwiftDraw/SwiftDraw/CommandLine.Configuration.swift /Users/rogerlin/Library/Developer/Xcode/DerivedData/FinancialCalculatorKit-ackorybalcxbfocbkqsfdzcfkgmn/SourcePackages/checkouts/SwiftDraw/SwiftDraw/CommandLine.swift /Users/rogerlin/Library/Developer/Xcode/DerivedData/FinancialCalculatorKit-ackorybalcxbfocbkqsfdzcfkgmn/SourcePackages/checkouts/SwiftDraw/SwiftDraw/CoordinateFormatter.swift /Users/rogerlin/Library/Developer/Xcode/DerivedData/FinancialCalculatorKit-ackorybalcxbfocbkqsfdzcfkgmn/SourcePackages/checkouts/SwiftDraw/SwiftDraw/LayerTree.Builder.Layer.swift /Users/rogerlin/Library/Developer/Xcode/DerivedData/FinancialCalculatorKit-ackorybalcxbfocbkqsfdzcfkgmn/SourcePackages/checkouts/SwiftDraw/SwiftDraw/LayerTree.Builder.Path.Arc.swift /Users/rogerlin/Library/Developer/Xcode/DerivedData/FinancialCalculatorKit-ackorybalcxbfocbkqsfdzcfkgmn/SourcePackages/checkouts/SwiftDraw/SwiftDraw/LayerTree.Builder.Path.swift /Users/rogerlin/Library/Developer/Xcode/DerivedData/FinancialCalculatorKit-ackorybalcxbfocbkqsfdzcfkgmn/SourcePackages/checkouts/SwiftDraw/SwiftDraw/LayerTree.Builder.Shape.swift /Users/rogerlin/Library/Developer/Xcode/DerivedData/FinancialCalculatorKit-ackorybalcxbfocbkqsfdzcfkgmn/SourcePackages/checkouts/SwiftDraw/SwiftDraw/LayerTree.Builder.Text.swift /Users/rogerlin/Library/Developer/Xcode/DerivedData/FinancialCalculatorKit-ackorybalcxbfocbkqsfdzcfkgmn/SourcePackages/checkouts/SwiftDraw/SwiftDraw/LayerTree.Builder.swift /Users/rogerlin/Library/Developer/Xcode/DerivedData/FinancialCalculatorKit-ackorybalcxbfocbkqsfdzcfkgmn/SourcePackages/checkouts/SwiftDraw/SwiftDraw/LayerTree.Color.swift /Users/rogerlin/Library/Developer/Xcode/DerivedData/FinancialCalculatorKit-ackorybalcxbfocbkqsfdzcfkgmn/SourcePackages/checkouts/SwiftDraw/SwiftDraw/LayerTree.CommandGenerator.swift /Users/rogerlin/Library/Developer/Xcode/DerivedData/FinancialCalculatorKit-ackorybalcxbfocbkqsfdzcfkgmn/SourcePackages/checkouts/SwiftDraw/SwiftDraw/LayerTree.CommandOptimizer.swift /Users/rogerlin/Library/Developer/Xcode/DerivedData/FinancialCalculatorKit-ackorybalcxbfocbkqsfdzcfkgmn/SourcePackages/checkouts/SwiftDraw/SwiftDraw/LayerTree.Gradient.swift /Users/rogerlin/Library/Developer/Xcode/DerivedData/FinancialCalculatorKit-ackorybalcxbfocbkqsfdzcfkgmn/SourcePackages/checkouts/SwiftDraw/SwiftDraw/LayerTree.Image.swift /Users/rogerlin/Library/Developer/Xcode/DerivedData/FinancialCalculatorKit-ackorybalcxbfocbkqsfdzcfkgmn/SourcePackages/checkouts/SwiftDraw/SwiftDraw/LayerTree.Layer.swift /Users/rogerlin/Library/Developer/Xcode/DerivedData/FinancialCalculatorKit-ackorybalcxbfocbkqsfdzcfkgmn/SourcePackages/checkouts/SwiftDraw/SwiftDraw/LayerTree.Path+Bounds.swift /Users/rogerlin/Library/Developer/Xcode/DerivedData/FinancialCalculatorKit-ackorybalcxbfocbkqsfdzcfkgmn/SourcePackages/checkouts/SwiftDraw/SwiftDraw/LayerTree.Path+Reversed.swift /Users/rogerlin/Library/Developer/Xcode/DerivedData/FinancialCalculatorKit-ackorybalcxbfocbkqsfdzcfkgmn/SourcePackages/checkouts/SwiftDraw/SwiftDraw/LayerTree.Path+Subpath.swift /Users/rogerlin/Library/Developer/Xcode/DerivedData/FinancialCalculatorKit-ackorybalcxbfocbkqsfdzcfkgmn/SourcePackages/checkouts/SwiftDraw/SwiftDraw/LayerTree.Path.swift /Users/rogerlin/Library/Developer/Xcode/DerivedData/FinancialCalculatorKit-ackorybalcxbfocbkqsfdzcfkgmn/SourcePackages/checkouts/SwiftDraw/SwiftDraw/LayerTree.Pattern.swift /Users/rogerlin/Library/Developer/Xcode/DerivedData/FinancialCalculatorKit-ackorybalcxbfocbkqsfdzcfkgmn/SourcePackages/checkouts/SwiftDraw/SwiftDraw/LayerTree.Shape.swift /Users/rogerlin/Library/Developer/Xcode/DerivedData/FinancialCalculatorKit-ackorybalcxbfocbkqsfdzcfkgmn/SourcePackages/checkouts/SwiftDraw/SwiftDraw/LayerTree.Transform.swift /Users/rogerlin/Library/Developer/Xcode/DerivedData/FinancialCalculatorKit-ackorybalcxbfocbkqsfdzcfkgmn/SourcePackages/checkouts/SwiftDraw/SwiftDraw/LayerTree.swift /Users/rogerlin/Library/Developer/Xcode/DerivedData/FinancialCalculatorKit-ackorybalcxbfocbkqsfdzcfkgmn/SourcePackages/checkouts/SwiftDraw/SwiftDraw/NSImage+SVG.swift /Users/rogerlin/Library/Developer/Xcode/DerivedData/FinancialCalculatorKit-ackorybalcxbfocbkqsfdzcfkgmn/SourcePackages/checkouts/SwiftDraw/SwiftDraw/Renderer.CGText+Path.swift /Users/rogerlin/Library/Developer/Xcode/DerivedData/FinancialCalculatorKit-ackorybalcxbfocbkqsfdzcfkgmn/SourcePackages/checkouts/SwiftDraw/SwiftDraw/Renderer.CGText.swift /Users/rogerlin/Library/Developer/Xcode/DerivedData/FinancialCalculatorKit-ackorybalcxbfocbkqsfdzcfkgmn/SourcePackages/checkouts/SwiftDraw/SwiftDraw/Renderer.CoreGraphics.swift /Users/rogerlin/Library/Developer/Xcode/DerivedData/FinancialCalculatorKit-ackorybalcxbfocbkqsfdzcfkgmn/SourcePackages/checkouts/SwiftDraw/SwiftDraw/Renderer.LayerTree.swift /Users/rogerlin/Library/Developer/Xcode/DerivedData/FinancialCalculatorKit-ackorybalcxbfocbkqsfdzcfkgmn/SourcePackages/checkouts/SwiftDraw/SwiftDraw/Renderer.SFSymbol+CGPath.swift /Users/rogerlin/Library/Developer/Xcode/DerivedData/FinancialCalculatorKit-ackorybalcxbfocbkqsfdzcfkgmn/SourcePackages/checkouts/SwiftDraw/SwiftDraw/Renderer.SFSymbol.swift /Users/rogerlin/Library/Developer/Xcode/DerivedData/FinancialCalculatorKit-ackorybalcxbfocbkqsfdzcfkgmn/SourcePackages/checkouts/SwiftDraw/SwiftDraw/Renderer.SVG.swift /Users/rogerlin/Library/Developer/Xcode/DerivedData/FinancialCalculatorKit-ackorybalcxbfocbkqsfdzcfkgmn/SourcePackages/checkouts/SwiftDraw/SwiftDraw/Renderer.swift /Users/rogerlin/Library/Developer/Xcode/DerivedData/FinancialCalculatorKit-ackorybalcxbfocbkqsfdzcfkgmn/SourcePackages/checkouts/SwiftDraw/SwiftDraw/SVG+CoreGraphics.swift /Users/rogerlin/Library/Developer/Xcode/DerivedData/FinancialCalculatorKit-ackorybalcxbfocbkqsfdzcfkgmn/SourcePackages/checkouts/SwiftDraw/SwiftDraw/SVG+Deprecated.swift /Users/rogerlin/Library/Developer/Xcode/DerivedData/FinancialCalculatorKit-ackorybalcxbfocbkqsfdzcfkgmn/SourcePackages/checkouts/SwiftDraw/SwiftDraw/SVG+Hashable.swift /Users/rogerlin/Library/Developer/Xcode/DerivedData/FinancialCalculatorKit-ackorybalcxbfocbkqsfdzcfkgmn/SourcePackages/checkouts/SwiftDraw/SwiftDraw/SVG+Insets.swift /Users/rogerlin/Library/Developer/Xcode/DerivedData/FinancialCalculatorKit-ackorybalcxbfocbkqsfdzcfkgmn/SourcePackages/checkouts/SwiftDraw/SwiftDraw/SVG.swift -primary-file /Users/rogerlin/Library/Developer/Xcode/DerivedData/FinancialCalculatorKit-ackorybalcxbfocbkqsfdzcfkgmn/SourcePackages/checkouts/SwiftDraw/SwiftDraw/SVGView.swift -primary-file /Users/rogerlin/Library/Developer/Xcode/DerivedData/FinancialCalculatorKit-ackorybalcxbfocbkqsfdzcfkgmn/SourcePackages/checkouts/SwiftDraw/SwiftDraw/Stack.swift -primary-file /Users/rogerlin/Library/Developer/Xcode/DerivedData/FinancialCalculatorKit-ackorybalcxbfocbkqsfdzcfkgmn/SourcePackages/checkouts/SwiftDraw/SwiftDraw/UIImage+SVG.swift /Users/rogerlin/Library/Developer/Xcode/DerivedData/FinancialCalculatorKit-ackorybalcxbfocbkqsfdzcfkgmn/SourcePackages/checkouts/SwiftDraw/SwiftDraw/Utilities/PairedSequence.swift /Users/rogerlin/Library/Developer/Xcode/DerivedData/FinancialCalculatorKit-ackorybalcxbfocbkqsfdzcfkgmn/SourcePackages/checkouts/SwiftDraw/SwiftDraw/XML.Formatter.SVG.swift /Users/rogerlin/Library/Developer/Xcode/DerivedData/FinancialCalculatorKit-ackorybalcxbfocbkqsfdzcfkgmn/SourcePackages/checkouts/SwiftDraw/SwiftDraw/XML.Formatter.swift -supplementary-output-file-map /Users/rogerlin/Library/Developer/Xcode/DerivedData/FinancialCalculatorKit-ackorybalcxbfocbkqsfdzcfkgmn/Build/Intermediates.noindex/SwiftDraw.build/Debug/SwiftDraw.build/Objects-normal/arm64/supplementaryOutputs-32 -target arm64-apple-macos10.15 -module-can-import-version AppKit 2685.20.119 2685.20.119 -module-can-import-version CoreGraphics 1965.1.4 1965.1.4 -module-can-import-version CoreText 877.1.0.5 877.1.0 -module-can-import-version Darwin 347.40.2 0 -module-can-import-version SwiftUI 7.1.13.1 7.1.13 -load-resolved-plugin /Applications/Xcode.app/Contents/Developer/Platforms/MacOSX.platform/Developer/usr/lib/swift/host/plugins/libFoundationMacros.dylib\#/Applications/Xcode.app/Contents/Developer/Platforms/MacOSX.platform/Developer/usr/bin/swift-plugin-server\#FoundationMacros -load-resolved-plugin /Applications/Xcode.app/Contents/Developer/Platforms/MacOSX.platform/Developer/usr/lib/swift/host/plugins/libObservationMacros.dylib\#/Applications/Xcode.app/Contents/Developer/Platforms/MacOSX.platform/Developer/usr/bin/swift-plugin-server\#ObservationMacros -load-resolved-plugin /Applications/Xcode.app/Contents/Developer/Platforms/MacOSX.platform/Developer/usr/lib/swift/host/plugins/libPreviewsMacros.dylib\#/Applications/Xcode.app/Contents/Developer/Platforms/MacOSX.platform/Developer/usr/bin/swift-plugin-server\#PreviewsMacros -load-resolved-plugin /Applications/Xcode.app/Contents/Developer/Platforms/MacOSX.platform/Developer/usr/lib/swift/host/plugins/libSwiftMacros.dylib\#/Applications/Xcode.app/Contents/Developer/Platforms/MacOSX.platform/Developer/usr/bin/swift-plugin-server\#SwiftMacros -load-resolved-plugin /Applications/Xcode.app/Contents/Developer/Platforms/MacOSX.platform/Developer/usr/lib/swift/host/plugins/libSwiftUIMacros.dylib\#/Applications/Xcode.app/Contents/Developer/Platforms/MacOSX.platform/Developer/usr/bin/swift-plugin-server\#SwiftUIMacros -disable-implicit-swift-modules -Xcc -fno-implicit-modules -Xcc -fno-implicit-module-maps -explicit-swift-module-map-file /Users/rogerlin/Library/Developer/Xcode/DerivedData/FinancialCalculatorKit-ackorybalcxbfocbkqsfdzcfkgmn/Build/Intermediates.noindex/SwiftDraw.build/Debug/SwiftDraw.build/Objects-normal/arm64/SwiftDraw-dependencies-1.json -Xllvm -aarch64-use-tbi -enable-objc-interop -stack-check -sdk /Applications/Xcode.app/Contents/Developer/Platforms/MacOSX.platform/Developer/SDKs/MacOSX26.1.sdk -I /Users/rogerlin/Library/Developer/Xcode/DerivedData/FinancialCalculatorKit-ackorybalcxbfocbkqsfdzcfkgmn/Build/Products/Debug -Isystem /Applications/Xcode.app/Contents/Developer/Platforms/MacOSX.platform/Developer/usr/lib -F /Users/rogerlin/Library/Developer/Xcode/DerivedData/FinancialCalculatorKit-ackorybalcxbfocbkqsfdzcfkgmn/Build/Products/Debug/PackageFrameworks -F /Users/rogerlin/Library/Developer/Xcode/DerivedData/FinancialCalculatorKit-ackorybalcxbfocbkqsfdzcfkgmn/Build/Products/Debug -F /Applications/Xcode.app/Contents/Developer/Platforms/MacOSX.platform/Developer/Library/Frameworks -no-color-diagnostics -Xcc -fno-color-diagnostics -enable-testing -g -debug-info-format\=dwarf -dwarf-version\=4 -module-cache-path /Users/rogerlin/Library/Developer/Xcode/DerivedData/FinancialCalculatorKit-ackorybalcxbfocbkqsfdzcfkgmn/Build/Intermediates.noindex/SwiftExplicitPrecompiledModules -suppress-warnings -profile-generate -profile-coverage-mapping -swift-version 6 -enforce-exclusivity\=checked -Onone -D SWIFT_PACKAGE -D DEBUG -D SWIFT_MODULE_RESOURCE_BUNDLE_UNAVAILABLE -D Xcode -serialize-debugging-options -const-gather-protocols-file /Users/rogerlin/Library/Developer/Xcode/DerivedData/FinancialCalculatorKit-ackorybalcxbfocbkqsfdzcfkgmn/Build/Intermediates.noindex/SwiftDraw.build/Debug/SwiftDraw.build/Objects-normal/arm64/SwiftDraw_const_extract_protocols.json -enable-upcoming-feature ExistentialAny -enable-experimental-feature DebugDescriptionMacro -empty-abi-descriptor -user-module-version 0.22.0 -validate-clang-modules-once -clang-build-session-file /Users/rogerlin/Library/Developer/Xcode/DerivedData/ModuleCache.noindex/Session.modulevalidation -Xcc -working-directory -Xcc /Users/rogerlin/XCode-Projects/FinancialCalculatorKit-5.0-updated-accent-colors/FinancialCalculatorKit.xcodeproj -enable-anonymous-context-mangled-names -file-compilation-dir /Users/rogerlin/XCode-Projects/FinancialCalculatorKit-5.0-updated-accent-colors/FinancialCalculatorKit.xcodeproj -Xcc -D_LIBCPP_HARDENING_MODE\=_LIBCPP_HARDENING_MODE_DEBUG -Xcc -ivfsstatcache -Xcc /Users/rogerlin/Library/Developer/Xcode/DerivedData/SDKStatCaches.noindex/macosx26.1-25B74-3ae1261907bdadc328169391a47051a6.sdkstatcache -Xcc -I/Users/rogerlin/Library/Developer/Xcode/DerivedData/FinancialCalculatorKit-ackorybalcxbfocbkqsfdzcfkgmn/Build/Intermediates.noindex/SwiftDraw.build/Debug/SwiftDraw.build/swift-overrides.hmap -Xcc -I/Users/rogerlin/Library/Developer/Xcode/DerivedData/FinancialCalculatorKit-ackorybalcxbfocbkqsfdzcfkgmn/Build/Products/Debug/include -Xcc -I/Users/rogerlin/Library/Developer/Xcode/DerivedData/FinancialCalculatorKit-ackorybalcxbfocbkqsfdzcfkgmn/Build/Intermediates.noindex/SwiftDraw.build/Debug/SwiftDraw.build/DerivedSources-normal/arm64 -Xcc -I/Users/rogerlin/Library/Developer/Xcode/DerivedData/FinancialCalculatorKit-ackorybalcxbfocbkqsfdzcfkgmn/Build/Intermediates.noindex/SwiftDraw.build/Debug/SwiftDraw.build/DerivedSources/arm64 -Xcc -I/Users/rogerlin/Library/Developer/Xcode/DerivedData/FinancialCalculatorKit-ackorybalcxbfocbkqsfdzcfkgmn/Build/Intermediates.noindex/SwiftDraw.build/Debug/SwiftDraw.build/DerivedSources -Xcc -DSWIFT_PACKAGE -Xcc -DDEBUG\=1 -no-auto-bridging-header-chaining -module-name SwiftDraw -package-name swiftdraw -frontend-parseable-output -disable-clang-spi -target-sdk-version 26.1 -target-sdk-name macosx26.1 -clang-target arm64-apple-macos26.1 -in-process-plugin-server-path /Applications/Xcode.app/Contents/Developer/Toolchains/XcodeDefault.xctoolchain/usr/lib/swift/host/libSwiftInProcPluginServer.dylib -o /Users/rogerlin/Library/Developer/Xcode/DerivedData/FinancialCalculatorKit-ackorybalcxbfocbkqsfdzcfkgmn/Build/Intermediates.noindex/SwiftDraw.build/Debug/SwiftDraw.build/Objects-normal/arm64/SVGView.o -o /Users/rogerlin/Library/Developer/Xcode/DerivedData/FinancialCalculatorKit-ackorybalcxbfocbkqsfdzcfkgmn/Build/Intermediates.noindex/SwiftDraw.build/Debug/SwiftDraw.build/Objects-normal/arm64/Stack.o -o /Users/rogerlin/Library/Developer/Xcode/DerivedData/FinancialCalculatorKit-ackorybalcxbfocbkqsfdzcfkgmn/Build/Intermediates.noindex/SwiftDraw.build/Debug/SwiftDraw.build/Objects-normal/arm64/UIImage+SVG.o -index-unit-output-path /SwiftDraw.build/Debug/SwiftDraw.build/Objects-normal/arm64/SVGView.o -index-unit-output-path /SwiftDraw.build/Debug/SwiftDraw.build/Objects-normal/arm64/Stack.o -index-unit-output-path /SwiftDraw.build/Debug/SwiftDraw.build/Objects-normal/arm64/UIImage+SVG.o -index-store-path /Users/rogerlin/Library/Developer/Xcode/DerivedData/FinancialCalculatorKit-ackorybalcxbfocbkqsfdzcfkgmn/Index.noindex/DataStore -index-system-modules

SwiftCompile normal arm64 /Users/rogerlin/Library/Developer/Xcode/DerivedData/FinancialCalculatorKit-ackorybalcxbfocbkqsfdzcfkgmn/SourcePackages/checkouts/SwiftDraw/SwiftDraw/SVGView.swift (in target 'SwiftDraw' from project 'SwiftDraw')
    cd /Users/rogerlin/XCode-Projects/FinancialCalculatorKit-5.0-updated-accent-colors/FinancialCalculatorKit.xcodeproj
    

SwiftCompile normal arm64 /Users/rogerlin/Library/Developer/Xcode/DerivedData/FinancialCalculatorKit-ackorybalcxbfocbkqsfdzcfkgmn/SourcePackages/checkouts/SwiftDraw/SwiftDraw/Stack.swift (in target 'SwiftDraw' from project 'SwiftDraw')
    cd /Users/rogerlin/XCode-Projects/FinancialCalculatorKit-5.0-updated-accent-colors/FinancialCalculatorKit.xcodeproj
    

SwiftCompile normal arm64 /Users/rogerlin/Library/Developer/Xcode/DerivedData/FinancialCalculatorKit-ackorybalcxbfocbkqsfdzcfkgmn/SourcePackages/checkouts/SwiftDraw/SwiftDraw/UIImage+SVG.swift (in target 'SwiftDraw' from project 'SwiftDraw')
    cd /Users/rogerlin/XCode-Projects/FinancialCalculatorKit-5.0-updated-accent-colors/FinancialCalculatorKit.xcodeproj
    

SwiftDriverJobDiscovery normal arm64 Compiling LayerTree.Path+Reversed.swift, LayerTree.Path+Subpath.swift, LayerTree.Path.swift (in target 'SwiftDraw' from project 'SwiftDraw')

SwiftCompile normal arm64 Compiling\ Renderer.swift,\ SVG+CoreGraphics.swift,\ SVG+Deprecated.swift /Users/rogerlin/Library/Developer/Xcode/DerivedData/FinancialCalculatorKit-ackorybalcxbfocbkqsfdzcfkgmn/SourcePackages/checkouts/SwiftDraw/SwiftDraw/Renderer.swift /Users/rogerlin/Library/Developer/Xcode/DerivedData/FinancialCalculatorKit-ackorybalcxbfocbkqsfdzcfkgmn/SourcePackages/checkouts/SwiftDraw/SwiftDraw/SVG+CoreGraphics.swift /Users/rogerlin/Library/Developer/Xcode/DerivedData/FinancialCalculatorKit-ackorybalcxbfocbkqsfdzcfkgmn/SourcePackages/checkouts/SwiftDraw/SwiftDraw/SVG+Deprecated.swift (in target 'SwiftDraw' from project 'SwiftDraw')
/Applications/Xcode.app/Contents/Developer/Toolchains/XcodeDefault.xctoolchain/usr/bin/swift-frontend -frontend -c /Users/rogerlin/Library/Developer/Xcode/DerivedData/FinancialCalculatorKit-ackorybalcxbfocbkqsfdzcfkgmn/SourcePackages/checkouts/SwiftDraw/SwiftDraw/CGImage+Mask.swift /Users/rogerlin/Library/Developer/Xcode/DerivedData/FinancialCalculatorKit-ackorybalcxbfocbkqsfdzcfkgmn/SourcePackages/checkouts/SwiftDraw/SwiftDraw/CGPath+Segment.swift /Users/rogerlin/Library/Developer/Xcode/DerivedData/FinancialCalculatorKit-ackorybalcxbfocbkqsfdzcfkgmn/SourcePackages/checkouts/SwiftDraw/SwiftDraw/CGPattern+Closure.swift /Users/rogerlin/Library/Developer/Xcode/DerivedData/FinancialCalculatorKit-ackorybalcxbfocbkqsfdzcfkgmn/SourcePackages/checkouts/SwiftDraw/SwiftDraw/CGTextRenderer+Code.swift /Users/rogerlin/Library/Developer/Xcode/DerivedData/FinancialCalculatorKit-ackorybalcxbfocbkqsfdzcfkgmn/SourcePackages/checkouts/SwiftDraw/SwiftDraw/CommandLine+Process.swift /Users/rogerlin/Library/Developer/Xcode/DerivedData/FinancialCalculatorKit-ackorybalcxbfocbkqsfdzcfkgmn/SourcePackages/checkouts/SwiftDraw/SwiftDraw/CommandLine.Arguments.swift /Users/rogerlin/Library/Developer/Xcode/DerivedData/FinancialCalculatorKit-ackorybalcxbfocbkqsfdzcfkgmn/SourcePackages/checkouts/SwiftDraw/SwiftDraw/CommandLine.Configuration.swift /Users/rogerlin/Library/Developer/Xcode/DerivedData/FinancialCalculatorKit-ackorybalcxbfocbkqsfdzcfkgmn/SourcePackages/checkouts/SwiftDraw/SwiftDraw/CommandLine.swift /Users/rogerlin/Library/Developer/Xcode/DerivedData/FinancialCalculatorKit-ackorybalcxbfocbkqsfdzcfkgmn/SourcePackages/checkouts/SwiftDraw/SwiftDraw/CoordinateFormatter.swift /Users/rogerlin/Library/Developer/Xcode/DerivedData/FinancialCalculatorKit-ackorybalcxbfocbkqsfdzcfkgmn/SourcePackages/checkouts/SwiftDraw/SwiftDraw/LayerTree.Builder.Layer.swift /Users/rogerlin/Library/Developer/Xcode/DerivedData/FinancialCalculatorKit-ackorybalcxbfocbkqsfdzcfkgmn/SourcePackages/checkouts/SwiftDraw/SwiftDraw/LayerTree.Builder.Path.Arc.swift /Users/rogerlin/Library/Developer/Xcode/DerivedData/FinancialCalculatorKit-ackorybalcxbfocbkqsfdzcfkgmn/SourcePackages/checkouts/SwiftDraw/SwiftDraw/LayerTree.Builder.Path.swift /Users/rogerlin/Library/Developer/Xcode/DerivedData/FinancialCalculatorKit-ackorybalcxbfocbkqsfdzcfkgmn/SourcePackages/checkouts/SwiftDraw/SwiftDraw/LayerTree.Builder.Shape.swift /Users/rogerlin/Library/Developer/Xcode/DerivedData/FinancialCalculatorKit-ackorybalcxbfocbkqsfdzcfkgmn/SourcePackages/checkouts/SwiftDraw/SwiftDraw/LayerTree.Builder.Text.swift /Users/rogerlin/Library/Developer/Xcode/DerivedData/FinancialCalculatorKit-ackorybalcxbfocbkqsfdzcfkgmn/SourcePackages/checkouts/SwiftDraw/SwiftDraw/LayerTree.Builder.swift /Users/rogerlin/Library/Developer/Xcode/DerivedData/FinancialCalculatorKit-ackorybalcxbfocbkqsfdzcfkgmn/SourcePackages/checkouts/SwiftDraw/SwiftDraw/LayerTree.Color.swift /Users/rogerlin/Library/Developer/Xcode/DerivedData/FinancialCalculatorKit-ackorybalcxbfocbkqsfdzcfkgmn/SourcePackages/checkouts/SwiftDraw/SwiftDraw/LayerTree.CommandGenerator.swift /Users/rogerlin/Library/Developer/Xcode/DerivedData/FinancialCalculatorKit-ackorybalcxbfocbkqsfdzcfkgmn/SourcePackages/checkouts/SwiftDraw/SwiftDraw/LayerTree.CommandOptimizer.swift /Users/rogerlin/Library/Developer/Xcode/DerivedData/FinancialCalculatorKit-ackorybalcxbfocbkqsfdzcfkgmn/SourcePackages/checkouts/SwiftDraw/SwiftDraw/LayerTree.Gradient.swift /Users/rogerlin/Library/Developer/Xcode/DerivedData/FinancialCalculatorKit-ackorybalcxbfocbkqsfdzcfkgmn/SourcePackages/checkouts/SwiftDraw/SwiftDraw/LayerTree.Image.swift /Users/rogerlin/Library/Developer/Xcode/DerivedData/FinancialCalculatorKit-ackorybalcxbfocbkqsfdzcfkgmn/SourcePackages/checkouts/SwiftDraw/SwiftDraw/LayerTree.Layer.swift /Users/rogerlin/Library/Developer/Xcode/DerivedData/FinancialCalculatorKit-ackorybalcxbfocbkqsfdzcfkgmn/SourcePackages/checkouts/SwiftDraw/SwiftDraw/LayerTree.Path+Bounds.swift /Users/rogerlin/Library/Developer/Xcode/DerivedData/FinancialCalculatorKit-ackorybalcxbfocbkqsfdzcfkgmn/SourcePackages/checkouts/SwiftDraw/SwiftDraw/LayerTree.Path+Reversed.swift /Users/rogerlin/Library/Developer/Xcode/DerivedData/FinancialCalculatorKit-ackorybalcxbfocbkqsfdzcfkgmn/SourcePackages/checkouts/SwiftDraw/SwiftDraw/LayerTree.Path+Subpath.swift /Users/rogerlin/Library/Developer/Xcode/DerivedData/FinancialCalculatorKit-ackorybalcxbfocbkqsfdzcfkgmn/SourcePackages/checkouts/SwiftDraw/SwiftDraw/LayerTree.Path.swift /Users/rogerlin/Library/Developer/Xcode/DerivedData/FinancialCalculatorKit-ackorybalcxbfocbkqsfdzcfkgmn/SourcePackages/checkouts/SwiftDraw/SwiftDraw/LayerTree.Pattern.swift /Users/rogerlin/Library/Developer/Xcode/DerivedData/FinancialCalculatorKit-ackorybalcxbfocbkqsfdzcfkgmn/SourcePackages/checkouts/SwiftDraw/SwiftDraw/LayerTree.Shape.swift /Users/rogerlin/Library/Developer/Xcode/DerivedData/FinancialCalculatorKit-ackorybalcxbfocbkqsfdzcfkgmn/SourcePackages/checkouts/SwiftDraw/SwiftDraw/LayerTree.Transform.swift /Users/rogerlin/Library/Developer/Xcode/DerivedData/FinancialCalculatorKit-ackorybalcxbfocbkqsfdzcfkgmn/SourcePackages/checkouts/SwiftDraw/SwiftDraw/LayerTree.swift /Users/rogerlin/Library/Developer/Xcode/DerivedData/FinancialCalculatorKit-ackorybalcxbfocbkqsfdzcfkgmn/SourcePackages/checkouts/SwiftDraw/SwiftDraw/NSImage+SVG.swift /Users/rogerlin/Library/Developer/Xcode/DerivedData/FinancialCalculatorKit-ackorybalcxbfocbkqsfdzcfkgmn/SourcePackages/checkouts/SwiftDraw/SwiftDraw/Renderer.CGText+Path.swift /Users/rogerlin/Library/Developer/Xcode/DerivedData/FinancialCalculatorKit-ackorybalcxbfocbkqsfdzcfkgmn/SourcePackages/checkouts/SwiftDraw/SwiftDraw/Renderer.CGText.swift /Users/rogerlin/Library/Developer/Xcode/DerivedData/FinancialCalculatorKit-ackorybalcxbfocbkqsfdzcfkgmn/SourcePackages/checkouts/SwiftDraw/SwiftDraw/Renderer.CoreGraphics.swift /Users/rogerlin/Library/Developer/Xcode/DerivedData/FinancialCalculatorKit-ackorybalcxbfocbkqsfdzcfkgmn/SourcePackages/checkouts/SwiftDraw/SwiftDraw/Renderer.LayerTree.swift /Users/rogerlin/Library/Developer/Xcode/DerivedData/FinancialCalculatorKit-ackorybalcxbfocbkqsfdzcfkgmn/SourcePackages/checkouts/SwiftDraw/SwiftDraw/Renderer.SFSymbol+CGPath.swift /Users/rogerlin/Library/Developer/Xcode/DerivedData/FinancialCalculatorKit-ackorybalcxbfocbkqsfdzcfkgmn/SourcePackages/checkouts/SwiftDraw/SwiftDraw/Renderer.SFSymbol.swift /Users/rogerlin/Library/Developer/Xcode/DerivedData/FinancialCalculatorKit-ackorybalcxbfocbkqsfdzcfkgmn/SourcePackages/checkouts/SwiftDraw/SwiftDraw/Renderer.SVG.swift -primary-file /Users/rogerlin/Library/Developer/Xcode/DerivedData/FinancialCalculatorKit-ackorybalcxbfocbkqsfdzcfkgmn/SourcePackages/checkouts/SwiftDraw/SwiftDraw/Renderer.swift -primary-file /Users/rogerlin/Library/Developer/Xcode/DerivedData/FinancialCalculatorKit-ackorybalcxbfocbkqsfdzcfkgmn/SourcePackages/checkouts/SwiftDraw/SwiftDraw/SVG+CoreGraphics.swift -primary-file /Users/rogerlin/Library/Developer/Xcode/DerivedData/FinancialCalculatorKit-ackorybalcxbfocbkqsfdzcfkgmn/SourcePackages/checkouts/SwiftDraw/SwiftDraw/SVG+Deprecated.swift /Users/rogerlin/Library/Developer/Xcode/DerivedData/FinancialCalculatorKit-ackorybalcxbfocbkqsfdzcfkgmn/SourcePackages/checkouts/SwiftDraw/SwiftDraw/SVG+Hashable.swift /Users/rogerlin/Library/Developer/Xcode/DerivedData/FinancialCalculatorKit-ackorybalcxbfocbkqsfdzcfkgmn/SourcePackages/checkouts/SwiftDraw/SwiftDraw/SVG+Insets.swift /Users/rogerlin/Library/Developer/Xcode/DerivedData/FinancialCalculatorKit-ackorybalcxbfocbkqsfdzcfkgmn/SourcePackages/checkouts/SwiftDraw/SwiftDraw/SVG.swift /Users/rogerlin/Library/Developer/Xcode/DerivedData/FinancialCalculatorKit-ackorybalcxbfocbkqsfdzcfkgmn/SourcePackages/checkouts/SwiftDraw/SwiftDraw/SVGView.swift /Users/rogerlin/Library/Developer/Xcode/DerivedData/FinancialCalculatorKit-ackorybalcxbfocbkqsfdzcfkgmn/SourcePackages/checkouts/SwiftDraw/SwiftDraw/Stack.swift /Users/rogerlin/Library/Developer/Xcode/DerivedData/FinancialCalculatorKit-ackorybalcxbfocbkqsfdzcfkgmn/SourcePackages/checkouts/SwiftDraw/SwiftDraw/UIImage+SVG.swift /Users/rogerlin/Library/Developer/Xcode/DerivedData/FinancialCalculatorKit-ackorybalcxbfocbkqsfdzcfkgmn/SourcePackages/checkouts/SwiftDraw/SwiftDraw/Utilities/PairedSequence.swift /Users/rogerlin/Library/Developer/Xcode/DerivedData/FinancialCalculatorKit-ackorybalcxbfocbkqsfdzcfkgmn/SourcePackages/checkouts/SwiftDraw/SwiftDraw/XML.Formatter.SVG.swift /Users/rogerlin/Library/Developer/Xcode/DerivedData/FinancialCalculatorKit-ackorybalcxbfocbkqsfdzcfkgmn/SourcePackages/checkouts/SwiftDraw/SwiftDraw/XML.Formatter.swift -supplementary-output-file-map /Users/rogerlin/Library/Developer/Xcode/DerivedData/FinancialCalculatorKit-ackorybalcxbfocbkqsfdzcfkgmn/Build/Intermediates.noindex/SwiftDraw.build/Debug/SwiftDraw.build/Objects-normal/arm64/supplementaryOutputs-30 -target arm64-apple-macos10.15 -module-can-import-version AppKit 2685.20.119 2685.20.119 -module-can-import-version CoreGraphics 1965.1.4 1965.1.4 -module-can-import-version CoreText 877.1.0.5 877.1.0 -module-can-import-version Darwin 347.40.2 0 -module-can-import-version SwiftUI 7.1.13.1 7.1.13 -load-resolved-plugin /Applications/Xcode.app/Contents/Developer/Platforms/MacOSX.platform/Developer/usr/lib/swift/host/plugins/libFoundationMacros.dylib\#/Applications/Xcode.app/Contents/Developer/Platforms/MacOSX.platform/Developer/usr/bin/swift-plugin-server\#FoundationMacros -load-resolved-plugin /Applications/Xcode.app/Contents/Developer/Platforms/MacOSX.platform/Developer/usr/lib/swift/host/plugins/libObservationMacros.dylib\#/Applications/Xcode.app/Contents/Developer/Platforms/MacOSX.platform/Developer/usr/bin/swift-plugin-server\#ObservationMacros -load-resolved-plugin /Applications/Xcode.app/Contents/Developer/Platforms/MacOSX.platform/Developer/usr/lib/swift/host/plugins/libPreviewsMacros.dylib\#/Applications/Xcode.app/Contents/Developer/Platforms/MacOSX.platform/Developer/usr/bin/swift-plugin-server\#PreviewsMacros -load-resolved-plugin /Applications/Xcode.app/Contents/Developer/Platforms/MacOSX.platform/Developer/usr/lib/swift/host/plugins/libSwiftMacros.dylib\#/Applications/Xcode.app/Contents/Developer/Platforms/MacOSX.platform/Developer/usr/bin/swift-plugin-server\#SwiftMacros -load-resolved-plugin /Applications/Xcode.app/Contents/Developer/Platforms/MacOSX.platform/Developer/usr/lib/swift/host/plugins/libSwiftUIMacros.dylib\#/Applications/Xcode.app/Contents/Developer/Platforms/MacOSX.platform/Developer/usr/bin/swift-plugin-server\#SwiftUIMacros -disable-implicit-swift-modules -Xcc -fno-implicit-modules -Xcc -fno-implicit-module-maps -explicit-swift-module-map-file /Users/rogerlin/Library/Developer/Xcode/DerivedData/FinancialCalculatorKit-ackorybalcxbfocbkqsfdzcfkgmn/Build/Intermediates.noindex/SwiftDraw.build/Debug/SwiftDraw.build/Objects-normal/arm64/SwiftDraw-dependencies-1.json -Xllvm -aarch64-use-tbi -enable-objc-interop -stack-check -sdk /Applications/Xcode.app/Contents/Developer/Platforms/MacOSX.platform/Developer/SDKs/MacOSX26.1.sdk -I /Users/rogerlin/Library/Developer/Xcode/DerivedData/FinancialCalculatorKit-ackorybalcxbfocbkqsfdzcfkgmn/Build/Products/Debug -Isystem /Applications/Xcode.app/Contents/Developer/Platforms/MacOSX.platform/Developer/usr/lib -F /Users/rogerlin/Library/Developer/Xcode/DerivedData/FinancialCalculatorKit-ackorybalcxbfocbkqsfdzcfkgmn/Build/Products/Debug/PackageFrameworks -F /Users/rogerlin/Library/Developer/Xcode/DerivedData/FinancialCalculatorKit-ackorybalcxbfocbkqsfdzcfkgmn/Build/Products/Debug -F /Applications/Xcode.app/Contents/Developer/Platforms/MacOSX.platform/Developer/Library/Frameworks -no-color-diagnostics -Xcc -fno-color-diagnostics -enable-testing -g -debug-info-format\=dwarf -dwarf-version\=4 -module-cache-path /Users/rogerlin/Library/Developer/Xcode/DerivedData/FinancialCalculatorKit-ackorybalcxbfocbkqsfdzcfkgmn/Build/Intermediates.noindex/SwiftExplicitPrecompiledModules -suppress-warnings -profile-generate -profile-coverage-mapping -swift-version 6 -enforce-exclusivity\=checked -Onone -D SWIFT_PACKAGE -D DEBUG -D SWIFT_MODULE_RESOURCE_BUNDLE_UNAVAILABLE -D Xcode -serialize-debugging-options -const-gather-protocols-file /Users/rogerlin/Library/Developer/Xcode/DerivedData/FinancialCalculatorKit-ackorybalcxbfocbkqsfdzcfkgmn/Build/Intermediates.noindex/SwiftDraw.build/Debug/SwiftDraw.build/Objects-normal/arm64/SwiftDraw_const_extract_protocols.json -enable-upcoming-feature ExistentialAny -enable-experimental-feature DebugDescriptionMacro -empty-abi-descriptor -user-module-version 0.22.0 -validate-clang-modules-once -clang-build-session-file /Users/rogerlin/Library/Developer/Xcode/DerivedData/ModuleCache.noindex/Session.modulevalidation -Xcc -working-directory -Xcc /Users/rogerlin/XCode-Projects/FinancialCalculatorKit-5.0-updated-accent-colors/FinancialCalculatorKit.xcodeproj -enable-anonymous-context-mangled-names -file-compilation-dir /Users/rogerlin/XCode-Projects/FinancialCalculatorKit-5.0-updated-accent-colors/FinancialCalculatorKit.xcodeproj -Xcc -D_LIBCPP_HARDENING_MODE\=_LIBCPP_HARDENING_MODE_DEBUG -Xcc -ivfsstatcache -Xcc /Users/rogerlin/Library/Developer/Xcode/DerivedData/SDKStatCaches.noindex/macosx26.1-25B74-3ae1261907bdadc328169391a47051a6.sdkstatcache -Xcc -I/Users/rogerlin/Library/Developer/Xcode/DerivedData/FinancialCalculatorKit-ackorybalcxbfocbkqsfdzcfkgmn/Build/Intermediates.noindex/SwiftDraw.build/Debug/SwiftDraw.build/swift-overrides.hmap -Xcc -I/Users/rogerlin/Library/Developer/Xcode/DerivedData/FinancialCalculatorKit-ackorybalcxbfocbkqsfdzcfkgmn/Build/Products/Debug/include -Xcc -I/Users/rogerlin/Library/Developer/Xcode/DerivedData/FinancialCalculatorKit-ackorybalcxbfocbkqsfdzcfkgmn/Build/Intermediates.noindex/SwiftDraw.build/Debug/SwiftDraw.build/DerivedSources-normal/arm64 -Xcc -I/Users/rogerlin/Library/Developer/Xcode/DerivedData/FinancialCalculatorKit-ackorybalcxbfocbkqsfdzcfkgmn/Build/Intermediates.noindex/SwiftDraw.build/Debug/SwiftDraw.build/DerivedSources/arm64 -Xcc -I/Users/rogerlin/Library/Developer/Xcode/DerivedData/FinancialCalculatorKit-ackorybalcxbfocbkqsfdzcfkgmn/Build/Intermediates.noindex/SwiftDraw.build/Debug/SwiftDraw.build/DerivedSources -Xcc -DSWIFT_PACKAGE -Xcc -DDEBUG\=1 -no-auto-bridging-header-chaining -module-name SwiftDraw -package-name swiftdraw -frontend-parseable-output -disable-clang-spi -target-sdk-version 26.1 -target-sdk-name macosx26.1 -clang-target arm64-apple-macos26.1 -in-process-plugin-server-path /Applications/Xcode.app/Contents/Developer/Toolchains/XcodeDefault.xctoolchain/usr/lib/swift/host/libSwiftInProcPluginServer.dylib -o /Users/rogerlin/Library/Developer/Xcode/DerivedData/FinancialCalculatorKit-ackorybalcxbfocbkqsfdzcfkgmn/Build/Intermediates.noindex/SwiftDraw.build/Debug/SwiftDraw.build/Objects-normal/arm64/Renderer.o -o /Users/rogerlin/Library/Developer/Xcode/DerivedData/FinancialCalculatorKit-ackorybalcxbfocbkqsfdzcfkgmn/Build/Intermediates.noindex/SwiftDraw.build/Debug/SwiftDraw.build/Objects-normal/arm64/SVG+CoreGraphics.o -o /Users/rogerlin/Library/Developer/Xcode/DerivedData/FinancialCalculatorKit-ackorybalcxbfocbkqsfdzcfkgmn/Build/Intermediates.noindex/SwiftDraw.build/Debug/SwiftDraw.build/Objects-normal/arm64/SVG+Deprecated.o -index-unit-output-path /SwiftDraw.build/Debug/SwiftDraw.build/Objects-normal/arm64/Renderer.o -index-unit-output-path /SwiftDraw.build/Debug/SwiftDraw.build/Objects-normal/arm64/SVG+CoreGraphics.o -index-unit-output-path /SwiftDraw.build/Debug/SwiftDraw.build/Objects-normal/arm64/SVG+Deprecated.o -index-store-path /Users/rogerlin/Library/Developer/Xcode/DerivedData/FinancialCalculatorKit-ackorybalcxbfocbkqsfdzcfkgmn/Index.noindex/DataStore -index-system-modules

SwiftCompile normal arm64 /Users/rogerlin/Library/Developer/Xcode/DerivedData/FinancialCalculatorKit-ackorybalcxbfocbkqsfdzcfkgmn/SourcePackages/checkouts/SwiftDraw/SwiftDraw/Renderer.swift (in target 'SwiftDraw' from project 'SwiftDraw')
    cd /Users/rogerlin/XCode-Projects/FinancialCalculatorKit-5.0-updated-accent-colors/FinancialCalculatorKit.xcodeproj
    

SwiftCompile normal arm64 /Users/rogerlin/Library/Developer/Xcode/DerivedData/FinancialCalculatorKit-ackorybalcxbfocbkqsfdzcfkgmn/SourcePackages/checkouts/SwiftDraw/SwiftDraw/SVG+CoreGraphics.swift (in target 'SwiftDraw' from project 'SwiftDraw')
    cd /Users/rogerlin/XCode-Projects/FinancialCalculatorKit-5.0-updated-accent-colors/FinancialCalculatorKit.xcodeproj
    

SwiftCompile normal arm64 /Users/rogerlin/Library/Developer/Xcode/DerivedData/FinancialCalculatorKit-ackorybalcxbfocbkqsfdzcfkgmn/SourcePackages/checkouts/SwiftDraw/SwiftDraw/SVG+Deprecated.swift (in target 'SwiftDraw' from project 'SwiftDraw')
    cd /Users/rogerlin/XCode-Projects/FinancialCalculatorKit-5.0-updated-accent-colors/FinancialCalculatorKit.xcodeproj
    

SwiftDriverJobDiscovery normal arm64 Compiling LayerTree.Pattern.swift, LayerTree.Shape.swift, LayerTree.Transform.swift (in target 'SwiftDraw' from project 'SwiftDraw')

SwiftCompile normal arm64 Compiling\ LayerTree.CommandGenerator.swift,\ LayerTree.CommandOptimizer.swift,\ LayerTree.Gradient.swift /Users/rogerlin/Library/Developer/Xcode/DerivedData/FinancialCalculatorKit-ackorybalcxbfocbkqsfdzcfkgmn/SourcePackages/checkouts/SwiftDraw/SwiftDraw/LayerTree.CommandGenerator.swift /Users/rogerlin/Library/Developer/Xcode/DerivedData/FinancialCalculatorKit-ackorybalcxbfocbkqsfdzcfkgmn/SourcePackages/checkouts/SwiftDraw/SwiftDraw/LayerTree.CommandOptimizer.swift /Users/rogerlin/Library/Developer/Xcode/DerivedData/FinancialCalculatorKit-ackorybalcxbfocbkqsfdzcfkgmn/SourcePackages/checkouts/SwiftDraw/SwiftDraw/LayerTree.Gradient.swift (in target 'SwiftDraw' from project 'SwiftDraw')
/Applications/Xcode.app/Contents/Developer/Toolchains/XcodeDefault.xctoolchain/usr/bin/swift-frontend -frontend -c /Users/rogerlin/Library/Developer/Xcode/DerivedData/FinancialCalculatorKit-ackorybalcxbfocbkqsfdzcfkgmn/SourcePackages/checkouts/SwiftDraw/SwiftDraw/CGImage+Mask.swift /Users/rogerlin/Library/Developer/Xcode/DerivedData/FinancialCalculatorKit-ackorybalcxbfocbkqsfdzcfkgmn/SourcePackages/checkouts/SwiftDraw/SwiftDraw/CGPath+Segment.swift /Users/rogerlin/Library/Developer/Xcode/DerivedData/FinancialCalculatorKit-ackorybalcxbfocbkqsfdzcfkgmn/SourcePackages/checkouts/SwiftDraw/SwiftDraw/CGPattern+Closure.swift /Users/rogerlin/Library/Developer/Xcode/DerivedData/FinancialCalculatorKit-ackorybalcxbfocbkqsfdzcfkgmn/SourcePackages/checkouts/SwiftDraw/SwiftDraw/CGTextRenderer+Code.swift /Users/rogerlin/Library/Developer/Xcode/DerivedData/FinancialCalculatorKit-ackorybalcxbfocbkqsfdzcfkgmn/SourcePackages/checkouts/SwiftDraw/SwiftDraw/CommandLine+Process.swift /Users/rogerlin/Library/Developer/Xcode/DerivedData/FinancialCalculatorKit-ackorybalcxbfocbkqsfdzcfkgmn/SourcePackages/checkouts/SwiftDraw/SwiftDraw/CommandLine.Arguments.swift /Users/rogerlin/Library/Developer/Xcode/DerivedData/FinancialCalculatorKit-ackorybalcxbfocbkqsfdzcfkgmn/SourcePackages/checkouts/SwiftDraw/SwiftDraw/CommandLine.Configuration.swift /Users/rogerlin/Library/Developer/Xcode/DerivedData/FinancialCalculatorKit-ackorybalcxbfocbkqsfdzcfkgmn/SourcePackages/checkouts/SwiftDraw/SwiftDraw/CommandLine.swift /Users/rogerlin/Library/Developer/Xcode/DerivedData/FinancialCalculatorKit-ackorybalcxbfocbkqsfdzcfkgmn/SourcePackages/checkouts/SwiftDraw/SwiftDraw/CoordinateFormatter.swift /Users/rogerlin/Library/Developer/Xcode/DerivedData/FinancialCalculatorKit-ackorybalcxbfocbkqsfdzcfkgmn/SourcePackages/checkouts/SwiftDraw/SwiftDraw/LayerTree.Builder.Layer.swift /Users/rogerlin/Library/Developer/Xcode/DerivedData/FinancialCalculatorKit-ackorybalcxbfocbkqsfdzcfkgmn/SourcePackages/checkouts/SwiftDraw/SwiftDraw/LayerTree.Builder.Path.Arc.swift /Users/rogerlin/Library/Developer/Xcode/DerivedData/FinancialCalculatorKit-ackorybalcxbfocbkqsfdzcfkgmn/SourcePackages/checkouts/SwiftDraw/SwiftDraw/LayerTree.Builder.Path.swift /Users/rogerlin/Library/Developer/Xcode/DerivedData/FinancialCalculatorKit-ackorybalcxbfocbkqsfdzcfkgmn/SourcePackages/checkouts/SwiftDraw/SwiftDraw/LayerTree.Builder.Shape.swift /Users/rogerlin/Library/Developer/Xcode/DerivedData/FinancialCalculatorKit-ackorybalcxbfocbkqsfdzcfkgmn/SourcePackages/checkouts/SwiftDraw/SwiftDraw/LayerTree.Builder.Text.swift /Users/rogerlin/Library/Developer/Xcode/DerivedData/FinancialCalculatorKit-ackorybalcxbfocbkqsfdzcfkgmn/SourcePackages/checkouts/SwiftDraw/SwiftDraw/LayerTree.Builder.swift /Users/rogerlin/Library/Developer/Xcode/DerivedData/FinancialCalculatorKit-ackorybalcxbfocbkqsfdzcfkgmn/SourcePackages/checkouts/SwiftDraw/SwiftDraw/LayerTree.Color.swift -primary-file /Users/rogerlin/Library/Developer/Xcode/DerivedData/FinancialCalculatorKit-ackorybalcxbfocbkqsfdzcfkgmn/SourcePackages/checkouts/SwiftDraw/SwiftDraw/LayerTree.CommandGenerator.swift -primary-file /Users/rogerlin/Library/Developer/Xcode/DerivedData/FinancialCalculatorKit-ackorybalcxbfocbkqsfdzcfkgmn/SourcePackages/checkouts/SwiftDraw/SwiftDraw/LayerTree.CommandOptimizer.swift -primary-file /Users/rogerlin/Library/Developer/Xcode/DerivedData/FinancialCalculatorKit-ackorybalcxbfocbkqsfdzcfkgmn/SourcePackages/checkouts/SwiftDraw/SwiftDraw/LayerTree.Gradient.swift /Users/rogerlin/Library/Developer/Xcode/DerivedData/FinancialCalculatorKit-ackorybalcxbfocbkqsfdzcfkgmn/SourcePackages/checkouts/SwiftDraw/SwiftDraw/LayerTree.Image.swift /Users/rogerlin/Library/Developer/Xcode/DerivedData/FinancialCalculatorKit-ackorybalcxbfocbkqsfdzcfkgmn/SourcePackages/checkouts/SwiftDraw/SwiftDraw/LayerTree.Layer.swift /Users/rogerlin/Library/Developer/Xcode/DerivedData/FinancialCalculatorKit-ackorybalcxbfocbkqsfdzcfkgmn/SourcePackages/checkouts/SwiftDraw/SwiftDraw/LayerTree.Path+Bounds.swift /Users/rogerlin/Library/Developer/Xcode/DerivedData/FinancialCalculatorKit-ackorybalcxbfocbkqsfdzcfkgmn/SourcePackages/checkouts/SwiftDraw/SwiftDraw/LayerTree.Path+Reversed.swift /Users/rogerlin/Library/Developer/Xcode/DerivedData/FinancialCalculatorKit-ackorybalcxbfocbkqsfdzcfkgmn/SourcePackages/checkouts/SwiftDraw/SwiftDraw/LayerTree.Path+Subpath.swift /Users/rogerlin/Library/Developer/Xcode/DerivedData/FinancialCalculatorKit-ackorybalcxbfocbkqsfdzcfkgmn/SourcePackages/checkouts/SwiftDraw/SwiftDraw/LayerTree.Path.swift /Users/rogerlin/Library/Developer/Xcode/DerivedData/FinancialCalculatorKit-ackorybalcxbfocbkqsfdzcfkgmn/SourcePackages/checkouts/SwiftDraw/SwiftDraw/LayerTree.Pattern.swift /Users/rogerlin/Library/Developer/Xcode/DerivedData/FinancialCalculatorKit-ackorybalcxbfocbkqsfdzcfkgmn/SourcePackages/checkouts/SwiftDraw/SwiftDraw/LayerTree.Shape.swift /Users/rogerlin/Library/Developer/Xcode/DerivedData/FinancialCalculatorKit-ackorybalcxbfocbkqsfdzcfkgmn/SourcePackages/checkouts/SwiftDraw/SwiftDraw/LayerTree.Transform.swift /Users/rogerlin/Library/Developer/Xcode/DerivedData/FinancialCalculatorKit-ackorybalcxbfocbkqsfdzcfkgmn/SourcePackages/checkouts/SwiftDraw/SwiftDraw/LayerTree.swift /Users/rogerlin/Library/Developer/Xcode/DerivedData/FinancialCalculatorKit-ackorybalcxbfocbkqsfdzcfkgmn/SourcePackages/checkouts/SwiftDraw/SwiftDraw/NSImage+SVG.swift /Users/rogerlin/Library/Developer/Xcode/DerivedData/FinancialCalculatorKit-ackorybalcxbfocbkqsfdzcfkgmn/SourcePackages/checkouts/SwiftDraw/SwiftDraw/Renderer.CGText+Path.swift /Users/rogerlin/Library/Developer/Xcode/DerivedData/FinancialCalculatorKit-ackorybalcxbfocbkqsfdzcfkgmn/SourcePackages/checkouts/SwiftDraw/SwiftDraw/Renderer.CGText.swift /Users/rogerlin/Library/Developer/Xcode/DerivedData/FinancialCalculatorKit-ackorybalcxbfocbkqsfdzcfkgmn/SourcePackages/checkouts/SwiftDraw/SwiftDraw/Renderer.CoreGraphics.swift /Users/rogerlin/Library/Developer/Xcode/DerivedData/FinancialCalculatorKit-ackorybalcxbfocbkqsfdzcfkgmn/SourcePackages/checkouts/SwiftDraw/SwiftDraw/Renderer.LayerTree.swift /Users/rogerlin/Library/Developer/Xcode/DerivedData/FinancialCalculatorKit-ackorybalcxbfocbkqsfdzcfkgmn/SourcePackages/checkouts/SwiftDraw/SwiftDraw/Renderer.SFSymbol+CGPath.swift /Users/rogerlin/Library/Developer/Xcode/DerivedData/FinancialCalculatorKit-ackorybalcxbfocbkqsfdzcfkgmn/SourcePackages/checkouts/SwiftDraw/SwiftDraw/Renderer.SFSymbol.swift /Users/rogerlin/Library/Developer/Xcode/DerivedData/FinancialCalculatorKit-ackorybalcxbfocbkqsfdzcfkgmn/SourcePackages/checkouts/SwiftDraw/SwiftDraw/Renderer.SVG.swift /Users/rogerlin/Library/Developer/Xcode/DerivedData/FinancialCalculatorKit-ackorybalcxbfocbkqsfdzcfkgmn/SourcePackages/checkouts/SwiftDraw/SwiftDraw/Renderer.swift /Users/rogerlin/Library/Developer/Xcode/DerivedData/FinancialCalculatorKit-ackorybalcxbfocbkqsfdzcfkgmn/SourcePackages/checkouts/SwiftDraw/SwiftDraw/SVG+CoreGraphics.swift /Users/rogerlin/Library/Developer/Xcode/DerivedData/FinancialCalculatorKit-ackorybalcxbfocbkqsfdzcfkgmn/SourcePackages/checkouts/SwiftDraw/SwiftDraw/SVG+Deprecated.swift /Users/rogerlin/Library/Developer/Xcode/DerivedData/FinancialCalculatorKit-ackorybalcxbfocbkqsfdzcfkgmn/SourcePackages/checkouts/SwiftDraw/SwiftDraw/SVG+Hashable.swift /Users/rogerlin/Library/Developer/Xcode/DerivedData/FinancialCalculatorKit-ackorybalcxbfocbkqsfdzcfkgmn/SourcePackages/checkouts/SwiftDraw/SwiftDraw/SVG+Insets.swift /Users/rogerlin/Library/Developer/Xcode/DerivedData/FinancialCalculatorKit-ackorybalcxbfocbkqsfdzcfkgmn/SourcePackages/checkouts/SwiftDraw/SwiftDraw/SVG.swift /Users/rogerlin/Library/Developer/Xcode/DerivedData/FinancialCalculatorKit-ackorybalcxbfocbkqsfdzcfkgmn/SourcePackages/checkouts/SwiftDraw/SwiftDraw/SVGView.swift /Users/rogerlin/Library/Developer/Xcode/DerivedData/FinancialCalculatorKit-ackorybalcxbfocbkqsfdzcfkgmn/SourcePackages/checkouts/SwiftDraw/SwiftDraw/Stack.swift /Users/rogerlin/Library/Developer/Xcode/DerivedData/FinancialCalculatorKit-ackorybalcxbfocbkqsfdzcfkgmn/SourcePackages/checkouts/SwiftDraw/SwiftDraw/UIImage+SVG.swift /Users/rogerlin/Library/Developer/Xcode/DerivedData/FinancialCalculatorKit-ackorybalcxbfocbkqsfdzcfkgmn/SourcePackages/checkouts/SwiftDraw/SwiftDraw/Utilities/PairedSequence.swift /Users/rogerlin/Library/Developer/Xcode/DerivedData/FinancialCalculatorKit-ackorybalcxbfocbkqsfdzcfkgmn/SourcePackages/checkouts/SwiftDraw/SwiftDraw/XML.Formatter.SVG.swift /Users/rogerlin/Library/Developer/Xcode/DerivedData/FinancialCalculatorKit-ackorybalcxbfocbkqsfdzcfkgmn/SourcePackages/checkouts/SwiftDraw/SwiftDraw/XML.Formatter.swift -supplementary-output-file-map /Users/rogerlin/Library/Developer/Xcode/DerivedData/FinancialCalculatorKit-ackorybalcxbfocbkqsfdzcfkgmn/Build/Intermediates.noindex/SwiftDraw.build/Debug/SwiftDraw.build/Objects-normal/arm64/supplementaryOutputs-23 -target arm64-apple-macos10.15 -module-can-import-version AppKit 2685.20.119 2685.20.119 -module-can-import-version CoreGraphics 1965.1.4 1965.1.4 -module-can-import-version CoreText 877.1.0.5 877.1.0 -module-can-import-version Darwin 347.40.2 0 -module-can-import-version SwiftUI 7.1.13.1 7.1.13 -load-resolved-plugin /Applications/Xcode.app/Contents/Developer/Platforms/MacOSX.platform/Developer/usr/lib/swift/host/plugins/libFoundationMacros.dylib\#/Applications/Xcode.app/Contents/Developer/Platforms/MacOSX.platform/Developer/usr/bin/swift-plugin-server\#FoundationMacros -load-resolved-plugin /Applications/Xcode.app/Contents/Developer/Platforms/MacOSX.platform/Developer/usr/lib/swift/host/plugins/libObservationMacros.dylib\#/Applications/Xcode.app/Contents/Developer/Platforms/MacOSX.platform/Developer/usr/bin/swift-plugin-server\#ObservationMacros -load-resolved-plugin /Applications/Xcode.app/Contents/Developer/Platforms/MacOSX.platform/Developer/usr/lib/swift/host/plugins/libPreviewsMacros.dylib\#/Applications/Xcode.app/Contents/Developer/Platforms/MacOSX.platform/Developer/usr/bin/swift-plugin-server\#PreviewsMacros -load-resolved-plugin /Applications/Xcode.app/Contents/Developer/Platforms/MacOSX.platform/Developer/usr/lib/swift/host/plugins/libSwiftMacros.dylib\#/Applications/Xcode.app/Contents/Developer/Platforms/MacOSX.platform/Developer/usr/bin/swift-plugin-server\#SwiftMacros -load-resolved-plugin /Applications/Xcode.app/Contents/Developer/Platforms/MacOSX.platform/Developer/usr/lib/swift/host/plugins/libSwiftUIMacros.dylib\#/Applications/Xcode.app/Contents/Developer/Platforms/MacOSX.platform/Developer/usr/bin/swift-plugin-server\#SwiftUIMacros -disable-implicit-swift-modules -Xcc -fno-implicit-modules -Xcc -fno-implicit-module-maps -explicit-swift-module-map-file /Users/rogerlin/Library/Developer/Xcode/DerivedData/FinancialCalculatorKit-ackorybalcxbfocbkqsfdzcfkgmn/Build/Intermediates.noindex/SwiftDraw.build/Debug/SwiftDraw.build/Objects-normal/arm64/SwiftDraw-dependencies-1.json -Xllvm -aarch64-use-tbi -enable-objc-interop -stack-check -sdk /Applications/Xcode.app/Contents/Developer/Platforms/MacOSX.platform/Developer/SDKs/MacOSX26.1.sdk -I /Users/rogerlin/Library/Developer/Xcode/DerivedData/FinancialCalculatorKit-ackorybalcxbfocbkqsfdzcfkgmn/Build/Products/Debug -Isystem /Applications/Xcode.app/Contents/Developer/Platforms/MacOSX.platform/Developer/usr/lib -F /Users/rogerlin/Library/Developer/Xcode/DerivedData/FinancialCalculatorKit-ackorybalcxbfocbkqsfdzcfkgmn/Build/Products/Debug/PackageFrameworks -F /Users/rogerlin/Library/Developer/Xcode/DerivedData/FinancialCalculatorKit-ackorybalcxbfocbkqsfdzcfkgmn/Build/Products/Debug -F /Applications/Xcode.app/Contents/Developer/Platforms/MacOSX.platform/Developer/Library/Frameworks -no-color-diagnostics -Xcc -fno-color-diagnostics -enable-testing -g -debug-info-format\=dwarf -dwarf-version\=4 -module-cache-path /Users/rogerlin/Library/Developer/Xcode/DerivedData/FinancialCalculatorKit-ackorybalcxbfocbkqsfdzcfkgmn/Build/Intermediates.noindex/SwiftExplicitPrecompiledModules -suppress-warnings -profile-generate -profile-coverage-mapping -swift-version 6 -enforce-exclusivity\=checked -Onone -D SWIFT_PACKAGE -D DEBUG -D SWIFT_MODULE_RESOURCE_BUNDLE_UNAVAILABLE -D Xcode -serialize-debugging-options -const-gather-protocols-file /Users/rogerlin/Library/Developer/Xcode/DerivedData/FinancialCalculatorKit-ackorybalcxbfocbkqsfdzcfkgmn/Build/Intermediates.noindex/SwiftDraw.build/Debug/SwiftDraw.build/Objects-normal/arm64/SwiftDraw_const_extract_protocols.json -enable-upcoming-feature ExistentialAny -enable-experimental-feature DebugDescriptionMacro -empty-abi-descriptor -user-module-version 0.22.0 -validate-clang-modules-once -clang-build-session-file /Users/rogerlin/Library/Developer/Xcode/DerivedData/ModuleCache.noindex/Session.modulevalidation -Xcc -working-directory -Xcc /Users/rogerlin/XCode-Projects/FinancialCalculatorKit-5.0-updated-accent-colors/FinancialCalculatorKit.xcodeproj -enable-anonymous-context-mangled-names -file-compilation-dir /Users/rogerlin/XCode-Projects/FinancialCalculatorKit-5.0-updated-accent-colors/FinancialCalculatorKit.xcodeproj -Xcc -D_LIBCPP_HARDENING_MODE\=_LIBCPP_HARDENING_MODE_DEBUG -Xcc -ivfsstatcache -Xcc /Users/rogerlin/Library/Developer/Xcode/DerivedData/SDKStatCaches.noindex/macosx26.1-25B74-3ae1261907bdadc328169391a47051a6.sdkstatcache -Xcc -I/Users/rogerlin/Library/Developer/Xcode/DerivedData/FinancialCalculatorKit-ackorybalcxbfocbkqsfdzcfkgmn/Build/Intermediates.noindex/SwiftDraw.build/Debug/SwiftDraw.build/swift-overrides.hmap -Xcc -I/Users/rogerlin/Library/Developer/Xcode/DerivedData/FinancialCalculatorKit-ackorybalcxbfocbkqsfdzcfkgmn/Build/Products/Debug/include -Xcc -I/Users/rogerlin/Library/Developer/Xcode/DerivedData/FinancialCalculatorKit-ackorybalcxbfocbkqsfdzcfkgmn/Build/Intermediates.noindex/SwiftDraw.build/Debug/SwiftDraw.build/DerivedSources-normal/arm64 -Xcc -I/Users/rogerlin/Library/Developer/Xcode/DerivedData/FinancialCalculatorKit-ackorybalcxbfocbkqsfdzcfkgmn/Build/Intermediates.noindex/SwiftDraw.build/Debug/SwiftDraw.build/DerivedSources/arm64 -Xcc -I/Users/rogerlin/Library/Developer/Xcode/DerivedData/FinancialCalculatorKit-ackorybalcxbfocbkqsfdzcfkgmn/Build/Intermediates.noindex/SwiftDraw.build/Debug/SwiftDraw.build/DerivedSources -Xcc -DSWIFT_PACKAGE -Xcc -DDEBUG\=1 -no-auto-bridging-header-chaining -module-name SwiftDraw -package-name swiftdraw -frontend-parseable-output -disable-clang-spi -target-sdk-version 26.1 -target-sdk-name macosx26.1 -clang-target arm64-apple-macos26.1 -in-process-plugin-server-path /Applications/Xcode.app/Contents/Developer/Toolchains/XcodeDefault.xctoolchain/usr/lib/swift/host/libSwiftInProcPluginServer.dylib -o /Users/rogerlin/Library/Developer/Xcode/DerivedData/FinancialCalculatorKit-ackorybalcxbfocbkqsfdzcfkgmn/Build/Intermediates.noindex/SwiftDraw.build/Debug/SwiftDraw.build/Objects-normal/arm64/LayerTree.CommandGenerator.o -o /Users/rogerlin/Library/Developer/Xcode/DerivedData/FinancialCalculatorKit-ackorybalcxbfocbkqsfdzcfkgmn/Build/Intermediates.noindex/SwiftDraw.build/Debug/SwiftDraw.build/Objects-normal/arm64/LayerTree.CommandOptimizer.o -o /Users/rogerlin/Library/Developer/Xcode/DerivedData/FinancialCalculatorKit-ackorybalcxbfocbkqsfdzcfkgmn/Build/Intermediates.noindex/SwiftDraw.build/Debug/SwiftDraw.build/Objects-normal/arm64/LayerTree.Gradient.o -index-unit-output-path /SwiftDraw.build/Debug/SwiftDraw.build/Objects-normal/arm64/LayerTree.CommandGenerator.o -index-unit-output-path /SwiftDraw.build/Debug/SwiftDraw.build/Objects-normal/arm64/LayerTree.CommandOptimizer.o -index-unit-output-path /SwiftDraw.build/Debug/SwiftDraw.build/Objects-normal/arm64/LayerTree.Gradient.o -index-store-path /Users/rogerlin/Library/Developer/Xcode/DerivedData/FinancialCalculatorKit-ackorybalcxbfocbkqsfdzcfkgmn/Index.noindex/DataStore -index-system-modules

SwiftCompile normal arm64 /Users/rogerlin/Library/Developer/Xcode/DerivedData/FinancialCalculatorKit-ackorybalcxbfocbkqsfdzcfkgmn/SourcePackages/checkouts/SwiftDraw/SwiftDraw/LayerTree.CommandGenerator.swift (in target 'SwiftDraw' from project 'SwiftDraw')
    cd /Users/rogerlin/XCode-Projects/FinancialCalculatorKit-5.0-updated-accent-colors/FinancialCalculatorKit.xcodeproj
    

SwiftCompile normal arm64 /Users/rogerlin/Library/Developer/Xcode/DerivedData/FinancialCalculatorKit-ackorybalcxbfocbkqsfdzcfkgmn/SourcePackages/checkouts/SwiftDraw/SwiftDraw/LayerTree.CommandOptimizer.swift (in target 'SwiftDraw' from project 'SwiftDraw')
    cd /Users/rogerlin/XCode-Projects/FinancialCalculatorKit-5.0-updated-accent-colors/FinancialCalculatorKit.xcodeproj
    

SwiftCompile normal arm64 /Users/rogerlin/Library/Developer/Xcode/DerivedData/FinancialCalculatorKit-ackorybalcxbfocbkqsfdzcfkgmn/SourcePackages/checkouts/SwiftDraw/SwiftDraw/LayerTree.Gradient.swift (in target 'SwiftDraw' from project 'SwiftDraw')
    cd /Users/rogerlin/XCode-Projects/FinancialCalculatorKit-5.0-updated-accent-colors/FinancialCalculatorKit.xcodeproj
    

SwiftDriverJobDiscovery normal arm64 Emitting module for BigDecimal (in target 'BigDecimal' from project 'BigDecimal')

SwiftDriver\ Compilation\ Requirements BigDecimal normal arm64 com.apple.xcode.tools.swift.compiler (in target 'BigDecimal' from project 'BigDecimal')
    cd /Users/rogerlin/XCode-Projects/FinancialCalculatorKit-5.0-updated-accent-colors/FinancialCalculatorKit.xcodeproj
    builtin-Swift-Compilation-Requirements -- /Applications/Xcode.app/Contents/Developer/Toolchains/XcodeDefault.xctoolchain/usr/bin/swiftc -module-name BigDecimal -Onone -enforce-exclusivity\=checked @/Users/rogerlin/Library/Developer/Xcode/DerivedData/FinancialCalculatorKit-ackorybalcxbfocbkqsfdzcfkgmn/Build/Intermediates.noindex/BigDecimal.build/Debug/BigDecimal.build/Objects-normal/arm64/BigDecimal.SwiftFileList -DSWIFT_PACKAGE -DDEBUG -DSWIFT_MODULE_RESOURCE_BUNDLE_UNAVAILABLE -DXcode -plugin-path /Applications/Xcode.app/Contents/Developer/Toolchains/XcodeDefault.xctoolchain/usr/lib/swift/host/plugins/testing -enable-experimental-feature DebugDescriptionMacro -sdk /Applications/Xcode.app/Contents/Developer/Platforms/MacOSX.platform/Developer/SDKs/MacOSX26.1.sdk -target arm64-apple-macos13.3 -g -module-cache-path /Users/rogerlin/Library/Developer/Xcode/DerivedData/ModuleCache.noindex -Xfrontend -serialize-debugging-options -profile-coverage-mapping -profile-generate -enable-testing -suppress-warnings -index-store-path /Users/rogerlin/Library/Developer/Xcode/DerivedData/FinancialCalculatorKit-ackorybalcxbfocbkqsfdzcfkgmn/Index.noindex/DataStore -Xcc -D_LIBCPP_HARDENING_MODE\=_LIBCPP_HARDENING_MODE_DEBUG -swift-version 5 -I /Users/rogerlin/Library/Developer/Xcode/DerivedData/FinancialCalculatorKit-ackorybalcxbfocbkqsfdzcfkgmn/Build/Products/Debug -Isystem /Applications/Xcode.app/Contents/Developer/Platforms/MacOSX.platform/Developer/usr/lib -F /Users/rogerlin/Library/Developer/Xcode/DerivedData/FinancialCalculatorKit-ackorybalcxbfocbkqsfdzcfkgmn/Build/Products/Debug/PackageFrameworks -F /Users/rogerlin/Library/Developer/Xcode/DerivedData/FinancialCalculatorKit-ackorybalcxbfocbkqsfdzcfkgmn/Build/Products/Debug/PackageFrameworks -F /Users/rogerlin/Library/Developer/Xcode/DerivedData/FinancialCalculatorKit-ackorybalcxbfocbkqsfdzcfkgmn/Build/Products/Debug/PackageFrameworks -F /Users/rogerlin/Library/Developer/Xcode/DerivedData/FinancialCalculatorKit-ackorybalcxbfocbkqsfdzcfkgmn/Build/Products/Debug/PackageFrameworks -F /Users/rogerlin/Library/Developer/Xcode/DerivedData/FinancialCalculatorKit-ackorybalcxbfocbkqsfdzcfkgmn/Build/Products/Debug/PackageFrameworks -F /Users/rogerlin/Library/Developer/Xcode/DerivedData/FinancialCalculatorKit-ackorybalcxbfocbkqsfdzcfkgmn/Build/Products/Debug/PackageFrameworks -F /Users/rogerlin/Library/Developer/Xcode/DerivedData/FinancialCalculatorKit-ackorybalcxbfocbkqsfdzcfkgmn/Build/Products/Debug -F /Applications/Xcode.app/Contents/Developer/Platforms/MacOSX.platform/Developer/Library/Frameworks -c -j16 -enable-batch-mode -incremental -Xcc -ivfsstatcache -Xcc /Users/rogerlin/Library/Developer/Xcode/DerivedData/SDKStatCaches.noindex/macosx26.1-25B74-3ae1261907bdadc328169391a47051a6.sdkstatcache -output-file-map /Users/rogerlin/Library/Developer/Xcode/DerivedData/FinancialCalculatorKit-ackorybalcxbfocbkqsfdzcfkgmn/Build/Intermediates.noindex/BigDecimal.build/Debug/BigDecimal.build/Objects-normal/arm64/BigDecimal-OutputFileMap.json -use-frontend-parseable-output -save-temps -no-color-diagnostics -explicit-module-build -module-cache-path /Users/rogerlin/Library/Developer/Xcode/DerivedData/FinancialCalculatorKit-ackorybalcxbfocbkqsfdzcfkgmn/Build/Intermediates.noindex/SwiftExplicitPrecompiledModules -clang-scanner-module-cache-path /Users/rogerlin/Library/Developer/Xcode/DerivedData/ModuleCache.noindex -sdk-module-cache-path /Users/rogerlin/Library/Developer/Xcode/DerivedData/ModuleCache.noindex -serialize-diagnostics -emit-dependencies -emit-module -emit-module-path /Users/rogerlin/Library/Developer/Xcode/DerivedData/FinancialCalculatorKit-ackorybalcxbfocbkqsfdzcfkgmn/Build/Intermediates.noindex/BigDecimal.build/Debug/BigDecimal.build/Objects-normal/arm64/BigDecimal.swiftmodule -validate-clang-modules-once -clang-build-session-file /Users/rogerlin/Library/Developer/Xcode/DerivedData/ModuleCache.noindex/Session.modulevalidation -package-name bigdecimal -Xcc -I/Users/rogerlin/Library/Developer/Xcode/DerivedData/FinancialCalculatorKit-ackorybalcxbfocbkqsfdzcfkgmn/Build/Intermediates.noindex/BigDecimal.build/Debug/BigDecimal.build/swift-overrides.hmap -emit-const-values -Xfrontend -const-gather-protocols-file -Xfrontend /Users/rogerlin/Library/Developer/Xcode/DerivedData/FinancialCalculatorKit-ackorybalcxbfocbkqsfdzcfkgmn/Build/Intermediates.noindex/BigDecimal.build/Debug/BigDecimal.build/Objects-normal/arm64/BigDecimal_const_extract_protocols.json -Xcc -I/Users/rogerlin/Library/Developer/Xcode/DerivedData/FinancialCalculatorKit-ackorybalcxbfocbkqsfdzcfkgmn/SourcePackages/checkouts/swift-numerics/Sources/_NumericsShims/include -Xcc -I/Users/rogerlin/Library/Developer/Xcode/DerivedData/FinancialCalculatorKit-ackorybalcxbfocbkqsfdzcfkgmn/Build/Products/Debug/include -Xcc -I/Users/rogerlin/Library/Developer/Xcode/DerivedData/FinancialCalculatorKit-ackorybalcxbfocbkqsfdzcfkgmn/Build/Intermediates.noindex/BigDecimal.build/Debug/BigDecimal.build/DerivedSources-normal/arm64 -Xcc -I/Users/rogerlin/Library/Developer/Xcode/DerivedData/FinancialCalculatorKit-ackorybalcxbfocbkqsfdzcfkgmn/Build/Intermediates.noindex/BigDecimal.build/Debug/BigDecimal.build/DerivedSources/arm64 -Xcc -I/Users/rogerlin/Library/Developer/Xcode/DerivedData/FinancialCalculatorKit-ackorybalcxbfocbkqsfdzcfkgmn/Build/Intermediates.noindex/BigDecimal.build/Debug/BigDecimal.build/DerivedSources -Xcc -DSWIFT_PACKAGE -Xcc -DDEBUG\=1 -emit-objc-header -emit-objc-header-path /Users/rogerlin/Library/Developer/Xcode/DerivedData/FinancialCalculatorKit-ackorybalcxbfocbkqsfdzcfkgmn/Build/Intermediates.noindex/BigDecimal.build/Debug/BigDecimal.build/Objects-normal/arm64/BigDecimal-Swift.h -working-directory /Users/rogerlin/XCode-Projects/FinancialCalculatorKit-5.0-updated-accent-colors/FinancialCalculatorKit.xcodeproj -experimental-emit-module-separately -disable-cmo

    Task input dependencies:
        /Users/rogerlin/Library/Developer/Xcode/DerivedData/FinancialCalculatorKit-ackorybalcxbfocbkqsfdzcfkgmn/SourcePackages/checkouts/BigDecimal/Sources/BigDecimal/BigDecimal.swift
        /Users/rogerlin/Library/Developer/Xcode/DerivedData/FinancialCalculatorKit-ackorybalcxbfocbkqsfdzcfkgmn/SourcePackages/checkouts/BigDecimal/Sources/BigDecimal/CBDecimal.swift
        /Users/rogerlin/Library/Developer/Xcode/DerivedData/FinancialCalculatorKit-ackorybalcxbfocbkqsfdzcfkgmn/SourcePackages/checkouts/BigDecimal/Sources/BigDecimal/Decimal.swift
        /Users/rogerlin/Library/Developer/Xcode/DerivedData/FinancialCalculatorKit-ackorybalcxbfocbkqsfdzcfkgmn/SourcePackages/checkouts/BigDecimal/Sources/BigDecimal/Decimal128.swift
        /Users/rogerlin/Library/Developer/Xcode/DerivedData/FinancialCalculatorKit-ackorybalcxbfocbkqsfdzcfkgmn/SourcePackages/checkouts/BigDecimal/Sources/BigDecimal/Decimal32.swift
        /Users/rogerlin/Library/Developer/Xcode/DerivedData/FinancialCalculatorKit-ackorybalcxbfocbkqsfdzcfkgmn/SourcePackages/checkouts/BigDecimal/Sources/BigDecimal/Decimal64.swift
        /Users/rogerlin/Library/Developer/Xcode/DerivedData/FinancialCalculatorKit-ackorybalcxbfocbkqsfdzcfkgmn/SourcePackages/checkouts/BigDecimal/Sources/BigDecimal/DecimalMath/AsinCalculator.swift
        /Users/rogerlin/Library/Developer/Xcode/DerivedData/FinancialCalculatorKit-ackorybalcxbfocbkqsfdzcfkgmn/SourcePackages/checkouts/BigDecimal/Sources/BigDecimal/DecimalMath/CosCalculator.swift
        /Users/rogerlin/Library/Developer/Xcode/DerivedData/FinancialCalculatorKit-ackorybalcxbfocbkqsfdzcfkgmn/SourcePackages/checkouts/BigDecimal/Sources/BigDecimal/DecimalMath/CoshCalculator.swift
        /Users/rogerlin/Library/Developer/Xcode/DerivedData/FinancialCalculatorKit-ackorybalcxbfocbkqsfdzcfkgmn/SourcePackages/checkouts/BigDecimal/Sources/BigDecimal/DecimalMath/DecimalMath-Simple.swift
        /Users/rogerlin/Library/Developer/Xcode/DerivedData/FinancialCalculatorKit-ackorybalcxbfocbkqsfdzcfkgmn/SourcePackages/checkouts/BigDecimal/Sources/BigDecimal/DecimalMath/DecimalMath.swift
        /Users/rogerlin/Library/Developer/Xcode/DerivedData/FinancialCalculatorKit-ackorybalcxbfocbkqsfdzcfkgmn/SourcePackages/checkouts/BigDecimal/Sources/BigDecimal/DecimalMath/ExponentCalculator.swift
        /Users/rogerlin/Library/Developer/Xcode/DerivedData/FinancialCalculatorKit-ackorybalcxbfocbkqsfdzcfkgmn/SourcePackages/checkouts/BigDecimal/Sources/BigDecimal/DecimalMath/SeriesCalculator.swift
        /Users/rogerlin/Library/Developer/Xcode/DerivedData/FinancialCalculatorKit-ackorybalcxbfocbkqsfdzcfkgmn/SourcePackages/checkouts/BigDecimal/Sources/BigDecimal/DecimalMath/SinCalculator.swift
        /Users/rogerlin/Library/Developer/Xcode/DerivedData/FinancialCalculatorKit-ackorybalcxbfocbkqsfdzcfkgmn/SourcePackages/checkouts/BigDecimal/Sources/BigDecimal/DecimalMath/SinhCalculator.swift
        /Users/rogerlin/Library/Developer/Xcode/DerivedData/FinancialCalculatorKit-ackorybalcxbfocbkqsfdzcfkgmn/SourcePackages/checkouts/BigDecimal/Sources/BigDecimal/Support/DecimalFloatingPoint.swift
        /Users/rogerlin/Library/Developer/Xcode/DerivedData/FinancialCalculatorKit-ackorybalcxbfocbkqsfdzcfkgmn/SourcePackages/checkouts/BigDecimal/Sources/BigDecimal/Support/DecimalLogic.swift
        /Users/rogerlin/Library/Developer/Xcode/DerivedData/FinancialCalculatorKit-ackorybalcxbfocbkqsfdzcfkgmn/SourcePackages/checkouts/BigDecimal/Sources/BigDecimal/Support/Extensions.swift
        /Users/rogerlin/Library/Developer/Xcode/DerivedData/FinancialCalculatorKit-ackorybalcxbfocbkqsfdzcfkgmn/SourcePackages/checkouts/BigDecimal/Sources/BigDecimal/Support/Rounding.swift
        /Users/rogerlin/Library/Developer/Xcode/DerivedData/FinancialCalculatorKit-ackorybalcxbfocbkqsfdzcfkgmn/Build/Intermediates.noindex/BigDecimal.build/Debug/BigDecimal.build/Objects-normal/arm64/BigDecimal.SwiftFileList
        /Users/rogerlin/Library/Developer/Xcode/DerivedData/FinancialCalculatorKit-ackorybalcxbfocbkqsfdzcfkgmn/Build/Intermediates.noindex/BigDecimal.build/Debug/BigDecimal.build/Objects-normal/arm64/BigDecimal-OutputFileMap.json
        /Users/rogerlin/Library/Developer/Xcode/DerivedData/FinancialCalculatorKit-ackorybalcxbfocbkqsfdzcfkgmn/Build/Intermediates.noindex/BigDecimal.build/Debug/BigDecimal.build/Objects-normal/arm64/BigDecimal_const_extract_protocols.json
        /Users/rogerlin/Library/Developer/Xcode/DerivedData/FinancialCalculatorKit-ackorybalcxbfocbkqsfdzcfkgmn/Build/Intermediates.noindex/GeneratedModuleMaps/BigDecimal.modulemap
        /Users/rogerlin/Library/Developer/Xcode/DerivedData/FinancialCalculatorKit-ackorybalcxbfocbkqsfdzcfkgmn/SourcePackages/checkouts/BigDecimal/Sources/BigDecimal/BigDecimal.swift
        /Users/rogerlin/Library/Developer/Xcode/DerivedData/FinancialCalculatorKit-ackorybalcxbfocbkqsfdzcfkgmn/SourcePackages/checkouts/BigDecimal/Sources/BigDecimal/CBDecimal.swift
        /Users/rogerlin/Library/Developer/Xcode/DerivedData/FinancialCalculatorKit-ackorybalcxbfocbkqsfdzcfkgmn/SourcePackages/checkouts/BigDecimal/Sources/BigDecimal/Decimal.swift
        /Users/rogerlin/Library/Developer/Xcode/DerivedData/FinancialCalculatorKit-ackorybalcxbfocbkqsfdzcfkgmn/SourcePackages/checkouts/BigDecimal/Sources/BigDecimal/Decimal128.swift
        /Users/rogerlin/Library/Developer/Xcode/DerivedData/FinancialCalculatorKit-ackorybalcxbfocbkqsfdzcfkgmn/SourcePackages/checkouts/BigDecimal/Sources/BigDecimal/Decimal32.swift
        /Users/rogerlin/Library/Developer/Xcode/DerivedData/FinancialCalculatorKit-ackorybalcxbfocbkqsfdzcfkgmn/SourcePackages/checkouts/BigDecimal/Sources/BigDecimal/Decimal64.swift
        /Users/rogerlin/Library/Developer/Xcode/DerivedData/FinancialCalculatorKit-ackorybalcxbfocbkqsfdzcfkgmn/SourcePackages/checkouts/BigDecimal/Sources/BigDecimal/DecimalMath/AsinCalculator.swift
        /Users/rogerlin/Library/Developer/Xcode/DerivedData/FinancialCalculatorKit-ackorybalcxbfocbkqsfdzcfkgmn/SourcePackages/checkouts/BigDecimal/Sources/BigDecimal/DecimalMath/CosCalculator.swift
        /Users/rogerlin/Library/Developer/Xcode/DerivedData/FinancialCalculatorKit-ackorybalcxbfocbkqsfdzcfkgmn/SourcePackages/checkouts/BigDecimal/Sources/BigDecimal/DecimalMath/CoshCalculator.swift
        /Users/rogerlin/Library/Developer/Xcode/DerivedData/FinancialCalculatorKit-ackorybalcxbfocbkqsfdzcfkgmn/SourcePackages/checkouts/BigDecimal/Sources/BigDecimal/DecimalMath/DecimalMath-Simple.swift
        /Users/rogerlin/Library/Developer/Xcode/DerivedData/FinancialCalculatorKit-ackorybalcxbfocbkqsfdzcfkgmn/SourcePackages/checkouts/BigDecimal/Sources/BigDecimal/DecimalMath/DecimalMath.swift
        /Users/rogerlin/Library/Developer/Xcode/DerivedData/FinancialCalculatorKit-ackorybalcxbfocbkqsfdzcfkgmn/SourcePackages/checkouts/BigDecimal/Sources/BigDecimal/DecimalMath/ExponentCalculator.swift
        /Users/rogerlin/Library/Developer/Xcode/DerivedData/FinancialCalculatorKit-ackorybalcxbfocbkqsfdzcfkgmn/SourcePackages/checkouts/BigDecimal/Sources/BigDecimal/DecimalMath/SeriesCalculator.swift
        /Users/rogerlin/Library/Developer/Xcode/DerivedData/FinancialCalculatorKit-ackorybalcxbfocbkqsfdzcfkgmn/SourcePackages/checkouts/BigDecimal/Sources/BigDecimal/DecimalMath/SinCalculator.swift
        /Users/rogerlin/Library/Developer/Xcode/DerivedData/FinancialCalculatorKit-ackorybalcxbfocbkqsfdzcfkgmn/SourcePackages/checkouts/BigDecimal/Sources/BigDecimal/DecimalMath/SinhCalculator.swift
        /Users/rogerlin/Library/Developer/Xcode/DerivedData/FinancialCalculatorKit-ackorybalcxbfocbkqsfdzcfkgmn/SourcePackages/checkouts/BigDecimal/Sources/BigDecimal/Support/DecimalFloatingPoint.swift
        /Users/rogerlin/Library/Developer/Xcode/DerivedData/FinancialCalculatorKit-ackorybalcxbfocbkqsfdzcfkgmn/SourcePackages/checkouts/BigDecimal/Sources/BigDecimal/Support/DecimalLogic.swift
        /Users/rogerlin/Library/Developer/Xcode/DerivedData/FinancialCalculatorKit-ackorybalcxbfocbkqsfdzcfkgmn/SourcePackages/checkouts/BigDecimal/Sources/BigDecimal/Support/Extensions.swift
        /Users/rogerlin/Library/Developer/Xcode/DerivedData/FinancialCalculatorKit-ackorybalcxbfocbkqsfdzcfkgmn/SourcePackages/checkouts/BigDecimal/Sources/BigDecimal/Support/Rounding.swift
        /Users/rogerlin/Library/Developer/Xcode/DerivedData/FinancialCalculatorKit-ackorybalcxbfocbkqsfdzcfkgmn/Build/Intermediates.noindex/BigDecimal.build/Debug/BigDecimal.build/Objects-normal/arm64/BigDecimal.SwiftFileList
        /Users/rogerlin/Library/Developer/Xcode/DerivedData/FinancialCalculatorKit-ackorybalcxbfocbkqsfdzcfkgmn/Build/Intermediates.noindex/BigDecimal.build/Debug/BigDecimal.build/Objects-normal/arm64/BigDecimal-OutputFileMap.json
        /Users/rogerlin/Library/Developer/Xcode/DerivedData/FinancialCalculatorKit-ackorybalcxbfocbkqsfdzcfkgmn/Build/Intermediates.noindex/BigDecimal.build/Debug/BigDecimal.build/Objects-normal/arm64/BigDecimal_const_extract_protocols.json
        /Users/rogerlin/Library/Developer/Xcode/DerivedData/FinancialCalculatorKit-ackorybalcxbfocbkqsfdzcfkgmn/Build/Intermediates.noindex/GeneratedModuleMaps/BigDecimal.modulemap
        <ClangStatCache /Users/rogerlin/Library/Developer/Xcode/DerivedData/SDKStatCaches.noindex/macosx26.1-25B74-3ae1261907bdadc328169391a47051a6.sdkstatcache>
        <target-BigDecimal-PACKAGE-TARGET:BigDecimal-SDKROOT:macosx:SDK_VARIANT:macos-copy-headers-completion>
        <target-BigDecimal-PACKAGE-TARGET:BigDecimal-SDKROOT:macosx:SDK_VARIANT:macos-ModuleVerifierTaskProducer>
        <target-BigDecimal-PACKAGE-TARGET:BigDecimal-SDKROOT:macosx:SDK_VARIANT:macos-begin-compiling>
        <WorkspaceHeaderMapVFSFilesWritten>

    Task output dependencies:
        /Users/rogerlin/Library/Developer/Xcode/DerivedData/FinancialCalculatorKit-ackorybalcxbfocbkqsfdzcfkgmn/Build/Intermediates.noindex/BigDecimal.build/Debug/BigDecimal.build/Objects-normal/arm64/BigDecimal Swift Compilation Requirements Finished
        /Users/rogerlin/Library/Developer/Xcode/DerivedData/FinancialCalculatorKit-ackorybalcxbfocbkqsfdzcfkgmn/Build/Intermediates.noindex/BigDecimal.build/Debug/BigDecimal.build/Objects-normal/arm64/BigDecimal.swiftmodule
        /Users/rogerlin/Library/Developer/Xcode/DerivedData/FinancialCalculatorKit-ackorybalcxbfocbkqsfdzcfkgmn/Build/Intermediates.noindex/BigDecimal.build/Debug/BigDecimal.build/Objects-normal/arm64/BigDecimal-linker-args.resp
        /Users/rogerlin/Library/Developer/Xcode/DerivedData/FinancialCalculatorKit-ackorybalcxbfocbkqsfdzcfkgmn/Build/Intermediates.noindex/BigDecimal.build/Debug/BigDecimal.build/Objects-normal/arm64/BigDecimal.swiftsourceinfo
        /Users/rogerlin/Library/Developer/Xcode/DerivedData/FinancialCalculatorKit-ackorybalcxbfocbkqsfdzcfkgmn/Build/Intermediates.noindex/BigDecimal.build/Debug/BigDecimal.build/Objects-normal/arm64/BigDecimal.abi.json
        /Users/rogerlin/Library/Developer/Xcode/DerivedData/FinancialCalculatorKit-ackorybalcxbfocbkqsfdzcfkgmn/Build/Intermediates.noindex/BigDecimal.build/Debug/BigDecimal.build/Objects-normal/arm64/BigDecimal-Swift.h
        /Users/rogerlin/Library/Developer/Xcode/DerivedData/FinancialCalculatorKit-ackorybalcxbfocbkqsfdzcfkgmn/Build/Intermediates.noindex/BigDecimal.build/Debug/BigDecimal.build/Objects-normal/arm64/BigDecimal.swiftdoc
Discovered dependency nodes:
/Users/rogerlin/Library/Developer/Xcode/DerivedData/FinancialCalculatorKit-ackorybalcxbfocbkqsfdzcfkgmn/Build/Products/Debug/BigInt.swiftmodule/arm64-apple-macos.swiftmodule
/Applications/Xcode.app/Contents/Developer/Platforms/MacOSX.platform/Developer/SDKs/MacOSX26.1.sdk/System/Library/Frameworks/CFNetwork.framework/Modules/module.modulemap
/Applications/Xcode.app/Contents/Developer/Platforms/MacOSX.platform/Developer/SDKs/MacOSX26.1.sdk/System/Library/Frameworks/CFNetwork.framework/Headers/CFNetwork.h
/Applications/Xcode.app/Contents/Developer/Platforms/MacOSX.platform/Developer/SDKs/MacOSX26.1.sdk/System/Library/Frameworks/CoreFoundation.framework/Modules/module.modulemap
/Applications/Xcode.app/Contents/Developer/Platforms/MacOSX.platform/Developer/SDKs/MacOSX26.1.sdk/System/Library/Frameworks/CFNetwork.framework/Headers/CFNetworkDefs.h
/Applications/Xcode.app/Contents/Developer/Platforms/MacOSX.platform/Developer/SDKs/MacOSX26.1.sdk/usr/include/Darwin.modulemap
/Applications/Xcode.app/Contents/Developer/Platforms/MacOSX.platform/Developer/SDKs/MacOSX26.1.sdk/System/Library/Frameworks/CFNetwork.framework/Headers/CFNetworkErrors.h
/Applications/Xcode.app/Contents/Developer/Platforms/MacOSX.platform/Developer/SDKs/MacOSX26.1.sdk/System/Library/Frameworks/CFNetwork.framework/Headers/CFSocketStream.h
/Applications/Xcode.app/Contents/Developer/Platforms/MacOSX.platform/Developer/SDKs/MacOSX26.1.sdk/System/Library/Frameworks/CFNetwork.framework/Headers/CFHost.h
/Applications/Xcode.app/Contents/Developer/Platforms/MacOSX.platform/Developer/SDKs/MacOSX26.1.sdk/System/Library/Frameworks/CFNetwork.framework/Headers/CFNetServices.h
/Applications/Xcode.app/Contents/Developer/Platforms/MacOSX.platform/Developer/SDKs/MacOSX26.1.sdk/System/Library/Frameworks/CFNetwork.framework/Headers/CFFTPStream.h
/Applications/Xcode.app/Contents/Developer/Platforms/MacOSX.platform/Developer/SDKs/MacOSX26.1.sdk/System/Library/Frameworks/CFNetwork.framework/Headers/CFHTTPMessage.h
/Applications/Xcode.app/Contents/Developer/Platforms/MacOSX.platform/Developer/SDKs/MacOSX26.1.sdk/System/Library/Frameworks/CFNetwork.framework/Headers/CFHTTPStream.h
/Applications/Xcode.app/Contents/Developer/Platforms/MacOSX.platform/Developer/SDKs/MacOSX26.1.sdk/System/Library/Frameworks/CFNetwork.framework/Headers/CFHTTPAuthentication.h
/Applications/Xcode.app/Contents/Developer/Platforms/MacOSX.platform/Developer/SDKs/MacOSX26.1.sdk/System/Library/Frameworks/CFNetwork.framework/Headers/CFNetDiagnostics.h
/Applications/Xcode.app/Contents/Developer/Toolchains/XcodeDefault.xctoolchain/usr/lib/swift/clang/include/module.modulemap
/Applications/Xcode.app/Contents/Developer/Platforms/MacOSX.platform/Developer/SDKs/MacOSX26.1.sdk/System/Library/Frameworks/CFNetwork.framework/Headers/CFProxySupport.h
/Applications/Xcode.app/Contents/Developer/Platforms/MacOSX.platform/Developer/SDKs/MacOSX26.1.sdk/SDKSettings.json
/Applications/Xcode.app/Contents/Developer/Toolchains/XcodeDefault.xctoolchain/usr/lib/swift/macosx/prebuilt-modules/26.1/Combine.swiftmodule/arm64e-apple-macos.swiftmodule
/Users/rogerlin/Library/Developer/Xcode/DerivedData/FinancialCalculatorKit-ackorybalcxbfocbkqsfdzcfkgmn/Build/Products/Debug/ComplexModule.swiftmodule/arm64-apple-macos.swiftmodule
/Applications/Xcode.app/Contents/Developer/Toolchains/XcodeDefault.xctoolchain/usr/lib/swift/macosx/prebuilt-modules/26.1/CoreFoundation.swiftmodule/arm64e-apple-macos.swiftmodule
/Applications/Xcode.app/Contents/Developer/Platforms/MacOSX.platform/Developer/SDKs/MacOSX26.1.sdk/System/Library/Frameworks/CoreFoundation.framework/Modules/module.modulemap
/Applications/Xcode.app/Contents/Developer/Platforms/MacOSX.platform/Developer/SDKs/MacOSX26.1.sdk/System/Library/Frameworks/CoreFoundation.framework/Headers/CoreFoundation.h
/Applications/Xcode.app/Contents/Developer/Platforms/MacOSX.platform/Developer/SDKs/MacOSX26.1.sdk/usr/include/dispatch.modulemap
/Applications/Xcode.app/Contents/Developer/Platforms/MacOSX.platform/Developer/SDKs/MacOSX26.1.sdk/usr/include/Darwin.modulemap
/Applications/Xcode.app/Contents/Developer/Platforms/MacOSX.platform/Developer/SDKs/MacOSX26.1.sdk/usr/include/Darwin_C.modulemap
/Applications/Xcode.app/Contents/Developer/Platforms/MacOSX.platform/Developer/SDKs/MacOSX26.1.sdk/usr/include/Darwin_POSIX.modulemap
/Applications/Xcode.app/Contents/Developer/Platforms/MacOSX.platform/Developer/SDKs/MacOSX26.1.sdk/usr/include/net.modulemap
/Applications/Xcode.app/Contents/Developer/Platforms/MacOSX.platform/Developer/SDKs/MacOSX26.1.sdk/usr/include/netinet.modulemap
/Applications/Xcode.app/Contents/Developer/Platforms/MacOSX.platform/Developer/SDKs/MacOSX26.1.sdk/usr/include/bank.modulemap
/Applications/Xcode.app/Contents/Developer/Platforms/MacOSX.platform/Developer/SDKs/MacOSX26.1.sdk/usr/include/Darwin_Mach.modulemap
/Applications/Xcode.app/Contents/Developer/Platforms/MacOSX.platform/Developer/SDKs/MacOSX26.1.sdk/usr/include/Darwin_Mach_machine.modulemap
/Applications/Xcode.app/Contents/Developer/Platforms/MacOSX.platform/Developer/SDKs/MacOSX26.1.sdk/usr/include/mach_debug.modulemap
/Applications/Xcode.app/Contents/Developer/Platforms/MacOSX.platform/Developer/SDKs/MacOSX26.1.sdk/usr/include/device.modulemap
/Applications/Xcode.app/Contents/Developer/Platforms/MacOSX.platform/Developer/SDKs/MacOSX26.1.sdk/usr/include/Darwin_machine.modulemap
/Applications/Xcode.app/Contents/Developer/Platforms/MacOSX.platform/Developer/SDKs/MacOSX26.1.sdk/usr/include/ncurses.modulemap
/Applications/Xcode.app/Contents/Developer/Platforms/MacOSX.platform/Developer/SDKs/MacOSX26.1.sdk/usr/include/netinet6.modulemap
/Applications/Xcode.app/Contents/Developer/Platforms/MacOSX.platform/Developer/SDKs/MacOSX26.1.sdk/usr/include/Darwin_sys.modulemap
/Applications/Xcode.app/Contents/Developer/Platforms/MacOSX.platform/Developer/SDKs/MacOSX26.1.sdk/usr/include/uuid.modulemap
/Applications/Xcode.app/Contents/Developer/Platforms/MacOSX.platform/Developer/SDKs/MacOSX26.1.sdk/usr/include/DarwinFoundation2.modulemap
/Applications/Xcode.app/Contents/Developer/Platforms/MacOSX.platform/Developer/SDKs/MacOSX26.1.sdk/usr/include/DarwinFoundation3.modulemap
/Applications/Xcode.app/Contents/Developer/Platforms/MacOSX.platform/Developer/SDKs/MacOSX26.1.sdk/usr/include/DarwinFoundation1.modulemap
/Applications/Xcode.app/Contents/Developer/Toolchains/XcodeDefault.xctoolchain/usr/lib/swift/clang/include/module.modulemap
/Applications/Xcode.app/Contents/Developer/Toolchains/XcodeDefault.xctoolchain/usr/lib/swift/clang/include/stdarg.h
/Applications/Xcode.app/Contents/Developer/Platforms/MacOSX.platform/Developer/SDKs/MacOSX26.1.sdk/usr/include/assert.h
/Applications/Xcode.app/Contents/Developer/Platforms/MacOSX.platform/Developer/SDKs/MacOSX26.1.sdk/usr/include/ctype.h
/Applications/Xcode.app/Contents/Developer/Toolchains/XcodeDefault.xctoolchain/usr/lib/swift/clang/include/stddef.h
/Applications/Xcode.app/Contents/Developer/Platforms/MacOSX.platform/Developer/SDKs/MacOSX26.1.sdk/usr/include/stdio.h
/Applications/Xcode.app/Contents/Developer/Platforms/MacOSX.platform/Developer/SDKs/MacOSX26.1.sdk/usr/include/stdlib.h
/Applications/Xcode.app/Contents/Developer/Platforms/MacOSX.platform/Developer/SDKs/MacOSX26.1.sdk/usr/include/string.h
/Applications/Xcode.app/Contents/Developer/Platforms/MacOSX.platform/Developer/SDKs/MacOSX26.1.sdk/usr/include/time.h
/Applications/Xcode.app/Contents/Developer/Platforms/MacOSX.platform/Developer/SDKs/MacOSX26.1.sdk/System/Library/Frameworks/CoreFoundation.framework/Headers/CFBase.h
/Applications/Xcode.app/Contents/Developer/Platforms/MacOSX.platform/Developer/SDKs/MacOSX26.1.sdk/System/Library/Frameworks/CoreFoundation.framework/Headers/CFAvailability.h
/Applications/Xcode.app/Contents/Developer/Platforms/MacOSX.platform/Developer/SDKs/MacOSX26.1.sdk/System/Library/Frameworks/CoreFoundation.framework/Headers/CFArray.h
/Applications/Xcode.app/Contents/Developer/Platforms/MacOSX.platform/Developer/SDKs/MacOSX26.1.sdk/System/Library/Frameworks/CoreFoundation.framework/Headers/CFBag.h
/Applications/Xcode.app/Contents/Developer/Platforms/MacOSX.platform/Developer/SDKs/MacOSX26.1.sdk/System/Library/Frameworks/CoreFoundation.framework/Headers/CFBinaryHeap.h
/Applications/Xcode.app/Contents/Developer/Platforms/MacOSX.platform/Developer/SDKs/MacOSX26.1.sdk/System/Library/Frameworks/CoreFoundation.framework/Headers/CFBitVector.h
/Applications/Xcode.app/Contents/Developer/Platforms/MacOSX.platform/Developer/SDKs/MacOSX26.1.sdk/System/Library/Frameworks/CoreFoundation.framework/Headers/CFByteOrder.h
/Applications/Xcode.app/Contents/Developer/Platforms/MacOSX.platform/Developer/SDKs/MacOSX26.1.sdk/System/Library/Frameworks/CoreFoundation.framework/Headers/CFCalendar.h
/Applications/Xcode.app/Contents/Developer/Platforms/MacOSX.platform/Developer/SDKs/MacOSX26.1.sdk/System/Library/Frameworks/CoreFoundation.framework/Headers/CFLocale.h
/Applications/Xcode.app/Contents/Developer/Platforms/MacOSX.platform/Developer/SDKs/MacOSX26.1.sdk/System/Library/Frameworks/CoreFoundation.framework/Headers/CFDictionary.h
/Applications/Xcode.app/Contents/Developer/Platforms/MacOSX.platform/Developer/SDKs/MacOSX26.1.sdk/System/Library/Frameworks/CoreFoundation.framework/Headers/CFNotificationCenter.h
/Applications/Xcode.app/Contents/Developer/Platforms/MacOSX.platform/Developer/SDKs/MacOSX26.1.sdk/System/Library/Frameworks/CoreFoundation.framework/Headers/CFDate.h
/Applications/Xcode.app/Contents/Developer/Platforms/MacOSX.platform/Developer/SDKs/MacOSX26.1.sdk/System/Library/Frameworks/CoreFoundation.framework/Headers/CFTimeZone.h
/Applications/Xcode.app/Contents/Developer/Platforms/MacOSX.platform/Developer/SDKs/MacOSX26.1.sdk/System/Library/Frameworks/CoreFoundation.framework/Headers/CFData.h
/Applications/Xcode.app/Contents/Developer/Platforms/MacOSX.platform/Developer/SDKs/MacOSX26.1.sdk/System/Library/Frameworks/CoreFoundation.framework/Headers/CFString.h
/Applications/Xcode.app/Contents/Developer/Platforms/MacOSX.platform/Developer/SDKs/MacOSX26.1.sdk/System/Library/Frameworks/CoreFoundation.framework/Headers/CFCharacterSet.h
/Applications/Xcode.app/Contents/Developer/Platforms/MacOSX.platform/Developer/SDKs/MacOSX26.1.sdk/System/Library/Frameworks/CoreFoundation.framework/Headers/CFError.h
/Applications/Xcode.app/Contents/Developer/Platforms/MacOSX.platform/Developer/SDKs/MacOSX26.1.sdk/System/Library/Frameworks/CoreFoundation.framework/Headers/CFCGTypes.h
/Applications/Xcode.app/Contents/Developer/Platforms/MacOSX.platform/Developer/SDKs/MacOSX26.1.sdk/System/Library/Frameworks/CoreFoundation.framework/Headers/CFDateFormatter.h
/Applications/Xcode.app/Contents/Developer/Platforms/MacOSX.platform/Developer/SDKs/MacOSX26.1.sdk/System/Library/Frameworks/CoreFoundation.framework/Headers/CFNumber.h
/Applications/Xcode.app/Contents/Developer/Platforms/MacOSX.platform/Developer/SDKs/MacOSX26.1.sdk/System/Library/Frameworks/CoreFoundation.framework/Headers/CFNumberFormatter.h
/Applications/Xcode.app/Contents/Developer/Platforms/MacOSX.platform/Developer/SDKs/MacOSX26.1.sdk/System/Library/Frameworks/CoreFoundation.framework/Headers/CFPreferences.h
/Applications/Xcode.app/Contents/Developer/Platforms/MacOSX.platform/Developer/SDKs/MacOSX26.1.sdk/System/Library/Frameworks/CoreFoundation.framework/Headers/CFPropertyList.h
/Applications/Xcode.app/Contents/Developer/Platforms/MacOSX.platform/Developer/SDKs/MacOSX26.1.sdk/System/Library/Frameworks/CoreFoundation.framework/Headers/CFStream.h
/Applications/Xcode.app/Contents/Developer/Platforms/MacOSX.platform/Developer/SDKs/MacOSX26.1.sdk/System/Library/Frameworks/CoreFoundation.framework/Headers/CFURL.h
/Applications/Xcode.app/Contents/Developer/Platforms/MacOSX.platform/Developer/SDKs/MacOSX26.1.sdk/System/Library/Frameworks/CoreFoundation.framework/Headers/CFRunLoop.h
/Applications/Xcode.app/Contents/Developer/Platforms/MacOSX.platform/Developer/SDKs/MacOSX26.1.sdk/System/Library/Frameworks/CoreFoundation.framework/Headers/CFSocket.h
/Applications/Xcode.app/Contents/Developer/Platforms/MacOSX.platform/Developer/SDKs/MacOSX26.1.sdk/System/Library/Frameworks/CoreFoundation.framework/Headers/CFSet.h
/Applications/Xcode.app/Contents/Developer/Platforms/MacOSX.platform/Developer/SDKs/MacOSX26.1.sdk/System/Library/Frameworks/CoreFoundation.framework/Headers/CFStringEncodingExt.h
/Applications/Xcode.app/Contents/Developer/Platforms/MacOSX.platform/Developer/SDKs/MacOSX26.1.sdk/System/Library/Frameworks/CoreFoundation.framework/Headers/CFTree.h
/Applications/Xcode.app/Contents/Developer/Platforms/MacOSX.platform/Developer/SDKs/MacOSX26.1.sdk/System/Library/Frameworks/CoreFoundation.framework/Headers/CFURLAccess.h
/Applications/Xcode.app/Contents/Developer/Platforms/MacOSX.platform/Developer/SDKs/MacOSX26.1.sdk/System/Library/Frameworks/CoreFoundation.framework/Headers/CFUUID.h
/Applications/Xcode.app/Contents/Developer/Platforms/MacOSX.platform/Developer/SDKs/MacOSX26.1.sdk/System/Library/Frameworks/CoreFoundation.framework/Headers/CFUtilities.h
/Applications/Xcode.app/Contents/Developer/Platforms/MacOSX.platform/Developer/SDKs/MacOSX26.1.sdk/System/Library/Frameworks/CoreFoundation.framework/Headers/CFBundle.h
/Applications/Xcode.app/Contents/Developer/Platforms/MacOSX.platform/Developer/SDKs/MacOSX26.1.sdk/System/Library/Frameworks/CoreFoundation.framework/Headers/CFMessagePort.h
/Applications/Xcode.app/Contents/Developer/Platforms/MacOSX.platform/Developer/SDKs/MacOSX26.1.sdk/System/Library/Frameworks/CoreFoundation.framework/Headers/CFPlugIn.h
/Applications/Xcode.app/Contents/Developer/Platforms/MacOSX.platform/Developer/SDKs/MacOSX26.1.sdk/System/Library/Frameworks/CoreFoundation.framework/Headers/CFMachPort.h
/Applications/Xcode.app/Contents/Developer/Platforms/MacOSX.platform/Developer/SDKs/MacOSX26.1.sdk/System/Library/Frameworks/CoreFoundation.framework/Headers/CFAttributedString.h
/Applications/Xcode.app/Contents/Developer/Platforms/MacOSX.platform/Developer/SDKs/MacOSX26.1.sdk/System/Library/Frameworks/CoreFoundation.framework/Headers/CFURLEnumerator.h
/Applications/Xcode.app/Contents/Developer/Platforms/MacOSX.platform/Developer/SDKs/MacOSX26.1.sdk/System/Library/Frameworks/CoreFoundation.framework/Headers/CFFileSecurity.h
/Applications/Xcode.app/Contents/Developer/Platforms/MacOSX.platform/Developer/SDKs/MacOSX26.1.sdk/System/Library/Frameworks/CoreFoundation.framework/Headers/CFStringTokenizer.h
/Applications/Xcode.app/Contents/Developer/Platforms/MacOSX.platform/Developer/SDKs/MacOSX26.1.sdk/System/Library/Frameworks/CoreFoundation.framework/Headers/CFFileDescriptor.h
/Applications/Xcode.app/Contents/Developer/Platforms/MacOSX.platform/Developer/SDKs/MacOSX26.1.sdk/System/Library/Frameworks/CoreFoundation.framework/Headers/CFUserNotification.h
/Applications/Xcode.app/Contents/Developer/Platforms/MacOSX.platform/Developer/SDKs/MacOSX26.1.sdk/System/Library/Frameworks/CoreFoundation.framework/Headers/CFXMLNode.h
/Applications/Xcode.app/Contents/Developer/Platforms/MacOSX.platform/Developer/SDKs/MacOSX26.1.sdk/System/Library/Frameworks/CoreFoundation.framework/Headers/CFXMLParser.h
/Applications/Xcode.app/Contents/Developer/Platforms/MacOSX.platform/Developer/SDKs/MacOSX26.1.sdk/System/Library/Frameworks/CoreFoundation.framework/Headers/CFPlugInCOM.h
/Applications/Xcode.app/Contents/Developer/Platforms/MacOSX.platform/Developer/SDKs/MacOSX26.1.sdk/SDKSettings.json
/Applications/Xcode.app/Contents/Developer/Platforms/MacOSX.platform/Developer/SDKs/MacOSX26.1.sdk/System/Library/Frameworks/CoreServices.framework/Modules/module.modulemap
/Applications/Xcode.app/Contents/Developer/Platforms/MacOSX.platform/Developer/SDKs/MacOSX26.1.sdk/System/Library/Frameworks/CoreServices.framework/Headers/CoreServices.h
/Applications/Xcode.app/Contents/Developer/Platforms/MacOSX.platform/Developer/SDKs/MacOSX26.1.sdk/System/Library/Frameworks/CoreFoundation.framework/Modules/module.modulemap
/Applications/Xcode.app/Contents/Developer/Platforms/MacOSX.platform/Developer/SDKs/MacOSX26.1.sdk/System/Library/Frameworks/CoreServices.framework/Frameworks/AE.framework/Headers/AE.h
/Applications/Xcode.app/Contents/Developer/Platforms/MacOSX.platform/Developer/SDKs/MacOSX26.1.sdk/System/Library/Frameworks/CoreServices.framework/Frameworks/CarbonCore.framework/Headers/CarbonCore.h
/Applications/Xcode.app/Contents/Developer/Platforms/MacOSX.platform/Developer/SDKs/MacOSX26.1.sdk/System/Library/Frameworks/CoreServices.framework/Frameworks/CarbonCore.framework/Headers/Finder.h
/Applications/Xcode.app/Contents/Developer/Platforms/MacOSX.platform/Developer/SDKs/MacOSX26.1.sdk/usr/include/dispatch.modulemap
/Applications/Xcode.app/Contents/Developer/Platforms/MacOSX.platform/Developer/SDKs/MacOSX26.1.sdk/usr/include/Darwin.modulemap
/Applications/Xcode.app/Contents/Developer/Platforms/MacOSX.platform/Developer/SDKs/MacOSX26.1.sdk/usr/include/DarwinFoundation2.modulemap
/Applications/Xcode.app/Contents/Developer/Platforms/MacOSX.platform/Developer/SDKs/MacOSX26.1.sdk/usr/include/DarwinFoundation1.modulemap
/Applications/Xcode.app/Contents/Developer/Platforms/MacOSX.platform/Developer/SDKs/MacOSX26.1.sdk/System/Library/Frameworks/CoreServices.framework/Frameworks/CarbonCore.framework/Headers/FixMath.h
/Applications/Xcode.app/Contents/Developer/Platforms/MacOSX.platform/Developer/SDKs/MacOSX26.1.sdk/System/Library/Frameworks/CoreServices.framework/Frameworks/CarbonCore.framework/Headers/Script.h
/Applications/Xcode.app/Contents/Developer/Platforms/MacOSX.platform/Developer/SDKs/MacOSX26.1.sdk/System/Library/Frameworks/CoreServices.framework/Frameworks/CarbonCore.framework/Headers/IntlResources.h
/Applications/Xcode.app/Contents/Developer/Platforms/MacOSX.platform/Developer/SDKs/MacOSX26.1.sdk/System/Library/Frameworks/CoreServices.framework/Frameworks/CarbonCore.framework/Headers/UTCUtils.h
/Applications/Xcode.app/Contents/Developer/Platforms/MacOSX.platform/Developer/SDKs/MacOSX26.1.sdk/System/Library/Frameworks/CoreServices.framework/Frameworks/CarbonCore.framework/Headers/MacErrors.h
/Applications/Xcode.app/Contents/Developer/Platforms/MacOSX.platform/Developer/SDKs/MacOSX26.1.sdk/System/Library/Frameworks/CoreServices.framework/Frameworks/CarbonCore.framework/Headers/TextCommon.h
/Applications/Xcode.app/Contents/Developer/Platforms/MacOSX.platform/Developer/SDKs/MacOSX26.1.sdk/System/Library/Frameworks/CoreServices.framework/Frameworks/CarbonCore.framework/Headers/Collections.h
/Applications/Xcode.app/Contents/Developer/Platforms/MacOSX.platform/Developer/SDKs/MacOSX26.1.sdk/System/Library/Frameworks/CoreServices.framework/Frameworks/CarbonCore.framework/Headers/MixedMode.h
/Applications/Xcode.app/Contents/Developer/Platforms/MacOSX.platform/Developer/SDKs/MacOSX26.1.sdk/System/Library/Frameworks/CoreServices.framework/Frameworks/CarbonCore.framework/Headers/Endian.h
/Applications/Xcode.app/Contents/Developer/Platforms/MacOSX.platform/Developer/SDKs/MacOSX26.1.sdk/System/Library/Frameworks/CoreServices.framework/Frameworks/CarbonCore.framework/Headers/Gestalt.h
/Applications/Xcode.app/Contents/Developer/Platforms/MacOSX.platform/Developer/SDKs/MacOSX26.1.sdk/System/Library/Frameworks/CoreServices.framework/Frameworks/CarbonCore.framework/Headers/MacMemory.h
/Applications/Xcode.app/Contents/Developer/Platforms/MacOSX.platform/Developer/SDKs/MacOSX26.1.sdk/System/Library/Frameworks/CoreServices.framework/Frameworks/CarbonCore.framework/Headers/Math64.h
/Applications/Xcode.app/Contents/Developer/Platforms/MacOSX.platform/Developer/SDKs/MacOSX26.1.sdk/System/Library/Frameworks/CoreServices.framework/Frameworks/CarbonCore.framework/Headers/BackupCore.h
/Applications/Xcode.app/Contents/Developer/Platforms/MacOSX.platform/Developer/SDKs/MacOSX26.1.sdk/System/Library/Frameworks/CoreServices.framework/Frameworks/CarbonCore.framework/Headers/DiskSpaceRecovery.h
/Applications/Xcode.app/Contents/Developer/Platforms/MacOSX.platform/Developer/SDKs/MacOSX26.1.sdk/System/Library/Frameworks/CoreServices.framework/Frameworks/CarbonCore.framework/Headers/Components.h
/Applications/Xcode.app/Contents/Developer/Platforms/MacOSX.platform/Developer/SDKs/MacOSX26.1.sdk/System/Library/Frameworks/CoreServices.framework/Frameworks/CarbonCore.framework/Headers/Files.h
/Applications/Xcode.app/Contents/Developer/Platforms/MacOSX.platform/Developer/SDKs/MacOSX26.1.sdk/System/Library/Frameworks/CoreServices.framework/Frameworks/CarbonCore.framework/Headers/OSUtils.h
/Applications/Xcode.app/Contents/Developer/Platforms/MacOSX.platform/Developer/SDKs/MacOSX26.1.sdk/System/Library/Frameworks/CoreServices.framework/Frameworks/CarbonCore.framework/Headers/DateTimeUtils.h
/Applications/Xcode.app/Contents/Developer/Platforms/MacOSX.platform/Developer/SDKs/MacOSX26.1.sdk/System/Library/Frameworks/DiskArbitration.framework/Modules/module.modulemap
/Applications/Xcode.app/Contents/Developer/Platforms/MacOSX.platform/Developer/SDKs/MacOSX26.1.sdk/System/Library/Frameworks/CoreServices.framework/Frameworks/CarbonCore.framework/Headers/Resources.h
/Applications/Xcode.app/Contents/Developer/Platforms/MacOSX.platform/Developer/SDKs/MacOSX26.1.sdk/System/Library/Frameworks/CoreServices.framework/Frameworks/CarbonCore.framework/Headers/CodeFragments.h
/Applications/Xcode.app/Contents/Developer/Platforms/MacOSX.platform/Developer/SDKs/MacOSX26.1.sdk/System/Library/Frameworks/CoreServices.framework/Frameworks/CarbonCore.framework/Headers/Multiprocessing.h
/Applications/Xcode.app/Contents/Developer/Platforms/MacOSX.platform/Developer/SDKs/MacOSX26.1.sdk/System/Library/Frameworks/CoreServices.framework/Frameworks/CarbonCore.framework/Headers/Aliases.h
/Applications/Xcode.app/Contents/Developer/Platforms/MacOSX.platform/Developer/SDKs/MacOSX26.1.sdk/System/Library/Frameworks/CoreServices.framework/Frameworks/CarbonCore.framework/Headers/MacLocales.h
/Applications/Xcode.app/Contents/Developer/Platforms/MacOSX.platform/Developer/SDKs/MacOSX26.1.sdk/System/Library/Frameworks/CoreServices.framework/Frameworks/CarbonCore.framework/Headers/Debugging.h
/Applications/Xcode.app/Contents/Developer/Platforms/MacOSX.platform/Developer/SDKs/MacOSX26.1.sdk/System/Library/Frameworks/CoreServices.framework/Frameworks/CarbonCore.framework/Headers/PLStringFuncs.h
/Applications/Xcode.app/Contents/Developer/Platforms/MacOSX.platform/Developer/SDKs/MacOSX26.1.sdk/System/Library/Frameworks/CoreServices.framework/Frameworks/CarbonCore.framework/Headers/DriverSynchronization.h
/Applications/Xcode.app/Contents/Developer/Platforms/MacOSX.platform/Developer/SDKs/MacOSX26.1.sdk/System/Library/Frameworks/CoreServices.framework/Frameworks/CarbonCore.framework/Headers/DriverServices.h
/Applications/Xcode.app/Contents/Developer/Platforms/MacOSX.platform/Developer/SDKs/MacOSX26.1.sdk/System/Library/Frameworks/CoreServices.framework/Frameworks/CarbonCore.framework/Headers/MachineExceptions.h
/Applications/Xcode.app/Contents/Developer/Platforms/MacOSX.platform/Developer/SDKs/MacOSX26.1.sdk/System/Library/Frameworks/CoreServices.framework/Frameworks/CarbonCore.framework/Headers/NumberFormatting.h
/Applications/Xcode.app/Contents/Developer/Platforms/MacOSX.platform/Developer/SDKs/MacOSX26.1.sdk/System/Library/Frameworks/CoreServices.framework/Frameworks/CarbonCore.framework/Headers/StringCompare.h
/Applications/Xcode.app/Contents/Developer/Platforms/MacOSX.platform/Developer/SDKs/MacOSX26.1.sdk/System/Library/Frameworks/CoreServices.framework/Frameworks/CarbonCore.framework/Headers/TextUtils.h
/Applications/Xcode.app/Contents/Developer/Platforms/MacOSX.platform/Developer/SDKs/MacOSX26.1.sdk/System/Library/Frameworks/CoreServices.framework/Frameworks/CarbonCore.framework/Headers/ToolUtils.h
/Applications/Xcode.app/Contents/Developer/Platforms/MacOSX.platform/Developer/SDKs/MacOSX26.1.sdk/System/Library/Frameworks/CoreServices.framework/Frameworks/CarbonCore.framework/Headers/UnicodeUtilities.h
/Applications/Xcode.app/Contents/Developer/Platforms/MacOSX.platform/Developer/SDKs/MacOSX26.1.sdk/System/Library/Frameworks/CoreServices.framework/Frameworks/CarbonCore.framework/Headers/fp.h
/Applications/Xcode.app/Contents/Developer/Platforms/MacOSX.platform/Developer/SDKs/MacOSX26.1.sdk/System/Library/Frameworks/CoreServices.framework/Frameworks/CarbonCore.framework/Headers/TextEncodingConverter.h
/Applications/Xcode.app/Contents/Developer/Platforms/MacOSX.platform/Developer/SDKs/MacOSX26.1.sdk/System/Library/Frameworks/CoreServices.framework/Frameworks/CarbonCore.framework/Headers/UnicodeConverter.h
/Applications/Xcode.app/Contents/Developer/Platforms/MacOSX.platform/Developer/SDKs/MacOSX26.1.sdk/System/Library/Frameworks/CoreServices.framework/Frameworks/CarbonCore.framework/Headers/Threads.h
/Applications/Xcode.app/Contents/Developer/Platforms/MacOSX.platform/Developer/SDKs/MacOSX26.1.sdk/System/Library/Frameworks/CoreServices.framework/Frameworks/CarbonCore.framework/Headers/Folders.h
/Applications/Xcode.app/Contents/Developer/Platforms/MacOSX.platform/Developer/SDKs/MacOSX26.1.sdk/System/Library/Frameworks/CoreServices.framework/Frameworks/CarbonCore.framework/Headers/Timer.h
/Applications/Xcode.app/Contents/Developer/Platforms/MacOSX.platform/Developer/SDKs/MacOSX26.1.sdk/System/Library/Frameworks/CoreServices.framework/Frameworks/CarbonCore.framework/Headers/MultiprocessingInfo.h
/Applications/Xcode.app/Contents/Developer/Platforms/MacOSX.platform/Developer/SDKs/MacOSX26.1.sdk/System/Library/Frameworks/CoreServices.framework/Frameworks/CarbonCore.framework/Headers/LowMem.h
/Applications/Xcode.app/Contents/Developer/Platforms/MacOSX.platform/Developer/SDKs/MacOSX26.1.sdk/System/Library/Frameworks/CoreServices.framework/Frameworks/CarbonCore.framework/Headers/AVLTree.h
/Applications/Xcode.app/Contents/Developer/Platforms/MacOSX.platform/Developer/SDKs/MacOSX26.1.sdk/System/Library/Frameworks/CoreServices.framework/Frameworks/CarbonCore.framework/Headers/PEFBinaryFormat.h
/Applications/Xcode.app/Contents/Developer/Platforms/MacOSX.platform/Developer/SDKs/MacOSX26.1.sdk/System/Library/Frameworks/CoreServices.framework/Frameworks/CarbonCore.framework/Headers/HFSVolumes.h
/Applications/Xcode.app/Contents/Developer/Platforms/MacOSX.platform/Developer/SDKs/MacOSX26.1.sdk/System/Library/Frameworks/CoreServices.framework/Frameworks/CarbonCore.framework/Headers/AIFF.h
/Applications/Xcode.app/Contents/Developer/Toolchains/XcodeDefault.xctoolchain/usr/lib/swift/clang/include/module.modulemap
/Applications/Xcode.app/Contents/Developer/Platforms/MacOSX.platform/Developer/SDKs/MacOSX26.1.sdk/System/Library/Frameworks/CoreServices.framework/Frameworks/CarbonCore.framework/Headers/TextEncodingPlugin.h
/Applications/Xcode.app/Contents/Developer/Platforms/MacOSX.platform/Developer/SDKs/MacOSX26.1.sdk/System/Library/Frameworks/CoreServices.framework/Frameworks/AE.framework/Headers/AEDataModel.h
/Applications/Xcode.app/Contents/Developer/Platforms/MacOSX.platform/Developer/SDKs/MacOSX26.1.sdk/System/Library/Frameworks/CoreServices.framework/Frameworks/AE.framework/Headers/AppleEvents.h
/Applications/Xcode.app/Contents/Developer/Platforms/MacOSX.platform/Developer/SDKs/MacOSX26.1.sdk/System/Library/Frameworks/CoreServices.framework/Frameworks/AE.framework/Headers/AEPackObject.h
/Applications/Xcode.app/Contents/Developer/Platforms/MacOSX.platform/Developer/SDKs/MacOSX26.1.sdk/System/Library/Frameworks/CoreServices.framework/Frameworks/AE.framework/Headers/AEObjects.h
/Applications/Xcode.app/Contents/Developer/Platforms/MacOSX.platform/Developer/SDKs/MacOSX26.1.sdk/System/Library/Frameworks/CoreServices.framework/Frameworks/AE.framework/Headers/AERegistry.h
/Applications/Xcode.app/Contents/Developer/Platforms/MacOSX.platform/Developer/SDKs/MacOSX26.1.sdk/System/Library/Frameworks/CoreServices.framework/Frameworks/AE.framework/Headers/AEUserTermTypes.h
/Applications/Xcode.app/Contents/Developer/Platforms/MacOSX.platform/Developer/SDKs/MacOSX26.1.sdk/System/Library/Frameworks/CoreServices.framework/Frameworks/AE.framework/Headers/AEHelpers.h
/Applications/Xcode.app/Contents/Developer/Toolchains/XcodeDefault.xctoolchain/usr/lib/swift/clang/include/stdarg.h
/Applications/Xcode.app/Contents/Developer/Platforms/MacOSX.platform/Developer/SDKs/MacOSX26.1.sdk/System/Library/Frameworks/CoreServices.framework/Frameworks/AE.framework/Headers/AEMach.h
/Applications/Xcode.app/Contents/Developer/Platforms/MacOSX.platform/Developer/SDKs/MacOSX26.1.sdk/System/Library/Frameworks/CFNetwork.framework/Modules/module.modulemap
/Applications/Xcode.app/Contents/Developer/Platforms/MacOSX.platform/Developer/SDKs/MacOSX26.1.sdk/System/Library/Frameworks/CoreServices.framework/Frameworks/DictionaryServices.framework/Headers/DictionaryServices.h
/Applications/Xcode.app/Contents/Developer/Platforms/MacOSX.platform/Developer/SDKs/MacOSX26.1.sdk/System/Library/Frameworks/CoreServices.framework/Frameworks/LaunchServices.framework/Headers/LaunchServices.h
/Applications/Xcode.app/Contents/Developer/Platforms/MacOSX.platform/Developer/SDKs/MacOSX26.1.sdk/System/Library/Frameworks/CoreServices.framework/Frameworks/LaunchServices.framework/Headers/IconsCore.h
/Applications/Xcode.app/Contents/Developer/Platforms/MacOSX.platform/Developer/SDKs/MacOSX26.1.sdk/System/Library/Frameworks/CoreServices.framework/Frameworks/OSServices.framework/Headers/OSServices.h
/Applications/Xcode.app/Contents/Developer/Platforms/MacOSX.platform/Developer/SDKs/MacOSX26.1.sdk/System/Library/Frameworks/CoreServices.framework/Frameworks/OSServices.framework/Headers/CSIdentity.h
/Applications/Xcode.app/Contents/Developer/Platforms/MacOSX.platform/Developer/SDKs/MacOSX26.1.sdk/System/Library/Frameworks/CoreServices.framework/Frameworks/OSServices.framework/Headers/CSIdentityBase.h
/Applications/Xcode.app/Contents/Developer/Platforms/MacOSX.platform/Developer/SDKs/MacOSX26.1.sdk/System/Library/Frameworks/Security.framework/Modules/module.modulemap
/Applications/Xcode.app/Contents/Developer/Platforms/MacOSX.platform/Developer/SDKs/MacOSX26.1.sdk/System/Library/Frameworks/CoreServices.framework/Frameworks/OSServices.framework/Headers/CSIdentityAuthority.h
/Applications/Xcode.app/Contents/Developer/Platforms/MacOSX.platform/Developer/SDKs/MacOSX26.1.sdk/System/Library/Frameworks/CoreServices.framework/Frameworks/OSServices.framework/Headers/CSIdentityQuery.h
/Applications/Xcode.app/Contents/Developer/Platforms/MacOSX.platform/Developer/SDKs/MacOSX26.1.sdk/System/Library/Frameworks/CoreServices.framework/Frameworks/OSServices.framework/Headers/IconStorage.h
/Applications/Xcode.app/Contents/Developer/Platforms/MacOSX.platform/Developer/SDKs/MacOSX26.1.sdk/System/Library/Frameworks/CoreServices.framework/Frameworks/OSServices.framework/Headers/Power.h
/Applications/Xcode.app/Contents/Developer/Platforms/MacOSX.platform/Developer/SDKs/MacOSX26.1.sdk/System/Library/Frameworks/CoreServices.framework/Frameworks/OSServices.framework/Headers/SecurityCore.h
/Applications/Xcode.app/Contents/Developer/Platforms/MacOSX.platform/Developer/SDKs/MacOSX26.1.sdk/System/Library/Frameworks/CoreServices.framework/Frameworks/OSServices.framework/Headers/KeychainCore.h
/Applications/Xcode.app/Contents/Developer/Platforms/MacOSX.platform/Developer/SDKs/MacOSX26.1.sdk/System/Library/Frameworks/CoreServices.framework/Frameworks/OSServices.framework/Headers/WSMethodInvocation.h
/Applications/Xcode.app/Contents/Developer/Platforms/MacOSX.platform/Developer/SDKs/MacOSX26.1.sdk/System/Library/Frameworks/CoreServices.framework/Frameworks/OSServices.framework/Headers/WSTypes.h
/Applications/Xcode.app/Contents/Developer/Platforms/MacOSX.platform/Developer/SDKs/MacOSX26.1.sdk/System/Library/Frameworks/CoreServices.framework/Frameworks/OSServices.framework/Headers/WSProtocolHandler.h
/Applications/Xcode.app/Contents/Developer/Platforms/MacOSX.platform/Developer/SDKs/MacOSX26.1.sdk/System/Library/Frameworks/CoreServices.framework/Frameworks/LaunchServices.framework/Headers/LSConstants.h
/Applications/Xcode.app/Contents/Developer/Platforms/MacOSX.platform/Developer/SDKs/MacOSX26.1.sdk/System/Library/Frameworks/CoreServices.framework/Frameworks/LaunchServices.framework/Headers/LSInfo.h
/Applications/Xcode.app/Contents/Developer/Platforms/MacOSX.platform/Developer/SDKs/MacOSX26.1.sdk/System/Library/Frameworks/CoreServices.framework/Frameworks/LaunchServices.framework/Headers/LSInfoDeprecated.h
/Applications/Xcode.app/Contents/Developer/Platforms/MacOSX.platform/Developer/SDKs/MacOSX26.1.sdk/System/Library/Frameworks/CoreServices.framework/Frameworks/LaunchServices.framework/Headers/LSOpen.h
/Applications/Xcode.app/Contents/Developer/Platforms/MacOSX.platform/Developer/SDKs/MacOSX26.1.sdk/System/Library/Frameworks/CoreServices.framework/Frameworks/LaunchServices.framework/Headers/LSOpenDeprecated.h
/Applications/Xcode.app/Contents/Developer/Platforms/MacOSX.platform/Developer/SDKs/MacOSX26.1.sdk/System/Library/Frameworks/CoreServices.framework/Frameworks/LaunchServices.framework/Headers/LSQuarantine.h
/Applications/Xcode.app/Contents/Developer/Platforms/MacOSX.platform/Developer/SDKs/MacOSX26.1.sdk/System/Library/Frameworks/CoreServices.framework/Frameworks/LaunchServices.framework/Headers/UTCoreTypes.h
/Applications/Xcode.app/Contents/Developer/Platforms/MacOSX.platform/Developer/SDKs/MacOSX26.1.sdk/System/Library/Frameworks/CoreServices.framework/Frameworks/LaunchServices.framework/Headers/UTType.h
/Applications/Xcode.app/Contents/Developer/Platforms/MacOSX.platform/Developer/SDKs/MacOSX26.1.sdk/System/Library/Frameworks/CoreServices.framework/Frameworks/Metadata.framework/Headers/Metadata.h
/Applications/Xcode.app/Contents/Developer/Platforms/MacOSX.platform/Developer/SDKs/MacOSX26.1.sdk/System/Library/Frameworks/CoreServices.framework/Frameworks/Metadata.framework/Headers/MDItem.h
/Applications/Xcode.app/Contents/Developer/Platforms/MacOSX.platform/Developer/SDKs/MacOSX26.1.sdk/System/Library/Frameworks/CoreServices.framework/Frameworks/Metadata.framework/Headers/MDLabel.h
/Applications/Xcode.app/Contents/Developer/Platforms/MacOSX.platform/Developer/SDKs/MacOSX26.1.sdk/System/Library/Frameworks/CoreServices.framework/Frameworks/Metadata.framework/Headers/MDQuery.h
/Applications/Xcode.app/Contents/Developer/Platforms/MacOSX.platform/Developer/SDKs/MacOSX26.1.sdk/System/Library/Frameworks/CoreServices.framework/Frameworks/Metadata.framework/Headers/MDSchema.h
/Applications/Xcode.app/Contents/Developer/Platforms/MacOSX.platform/Developer/SDKs/MacOSX26.1.sdk/System/Library/Frameworks/CoreServices.framework/Frameworks/Metadata.framework/Headers/MDImporter.h
/Applications/Xcode.app/Contents/Developer/Platforms/MacOSX.platform/Developer/SDKs/MacOSX26.1.sdk/System/Library/Frameworks/CoreServices.framework/Frameworks/SearchKit.framework/Headers/SearchKit.h
/Applications/Xcode.app/Contents/Developer/Platforms/MacOSX.platform/Developer/SDKs/MacOSX26.1.sdk/System/Library/Frameworks/CoreServices.framework/Frameworks/SearchKit.framework/Headers/SKDocument.h
/Applications/Xcode.app/Contents/Developer/Platforms/MacOSX.platform/Developer/SDKs/MacOSX26.1.sdk/System/Library/Frameworks/CoreServices.framework/Frameworks/SearchKit.framework/Headers/SKAnalysis.h
/Applications/Xcode.app/Contents/Developer/Platforms/MacOSX.platform/Developer/SDKs/MacOSX26.1.sdk/System/Library/Frameworks/CoreServices.framework/Frameworks/SearchKit.framework/Headers/SKIndex.h
/Applications/Xcode.app/Contents/Developer/Platforms/MacOSX.platform/Developer/SDKs/MacOSX26.1.sdk/System/Library/Frameworks/CoreServices.framework/Frameworks/SearchKit.framework/Headers/SKSearch.h
/Applications/Xcode.app/Contents/Developer/Platforms/MacOSX.platform/Developer/SDKs/MacOSX26.1.sdk/System/Library/Frameworks/CoreServices.framework/Frameworks/SearchKit.framework/Headers/SKSummary.h
/Applications/Xcode.app/Contents/Developer/Platforms/MacOSX.platform/Developer/SDKs/MacOSX26.1.sdk/System/Library/Frameworks/CoreServices.framework/Frameworks/FSEvents.framework/Headers/FSEvents.h
/Applications/Xcode.app/Contents/Developer/Platforms/MacOSX.platform/Developer/SDKs/MacOSX26.1.sdk/System/Library/Frameworks/CoreServices.framework/Frameworks/SharedFileList.framework/Headers/SharedFileList.h
/Applications/Xcode.app/Contents/Developer/Platforms/MacOSX.platform/Developer/SDKs/MacOSX26.1.sdk/System/Library/Frameworks/CoreServices.framework/Frameworks/SharedFileList.framework/Headers/LSSharedFileList.h
/Applications/Xcode.app/Contents/Developer/Platforms/MacOSX.platform/Developer/SDKs/MacOSX26.1.sdk/SDKSettings.json
/Applications/Xcode.app/Contents/Developer/Platforms/MacOSX.platform/Developer/SDKs/MacOSX26.1.sdk/usr/include/Darwin.modulemap
/Applications/Xcode.app/Contents/Developer/Platforms/MacOSX.platform/Developer/SDKs/MacOSX26.1.sdk/usr/include/Darwin_C.modulemap
/Applications/Xcode.app/Contents/Developer/Platforms/MacOSX.platform/Developer/SDKs/MacOSX26.1.sdk/usr/include/Darwin_POSIX.modulemap
/Applications/Xcode.app/Contents/Developer/Platforms/MacOSX.platform/Developer/SDKs/MacOSX26.1.sdk/usr/include/net.modulemap
/Applications/Xcode.app/Contents/Developer/Platforms/MacOSX.platform/Developer/SDKs/MacOSX26.1.sdk/usr/include/netinet.modulemap
/Applications/Xcode.app/Contents/Developer/Platforms/MacOSX.platform/Developer/SDKs/MacOSX26.1.sdk/usr/include/bank.modulemap
/Applications/Xcode.app/Contents/Developer/Platforms/MacOSX.platform/Developer/SDKs/MacOSX26.1.sdk/usr/include/Darwin_Mach.modulemap
/Applications/Xcode.app/Contents/Developer/Platforms/MacOSX.platform/Developer/SDKs/MacOSX26.1.sdk/usr/include/Darwin_Mach_machine.modulemap
/Applications/Xcode.app/Contents/Developer/Platforms/MacOSX.platform/Developer/SDKs/MacOSX26.1.sdk/usr/include/mach_debug.modulemap
/Applications/Xcode.app/Contents/Developer/Platforms/MacOSX.platform/Developer/SDKs/MacOSX26.1.sdk/usr/include/device.modulemap
/Applications/Xcode.app/Contents/Developer/Platforms/MacOSX.platform/Developer/SDKs/MacOSX26.1.sdk/usr/include/Darwin_machine.modulemap
/Applications/Xcode.app/Contents/Developer/Platforms/MacOSX.platform/Developer/SDKs/MacOSX26.1.sdk/usr/include/ncurses.modulemap
/Applications/Xcode.app/Contents/Developer/Platforms/MacOSX.platform/Developer/SDKs/MacOSX26.1.sdk/usr/include/netinet6.modulemap
/Applications/Xcode.app/Contents/Developer/Platforms/MacOSX.platform/Developer/SDKs/MacOSX26.1.sdk/usr/include/Darwin_sys.modulemap
/Applications/Xcode.app/Contents/Developer/Platforms/MacOSX.platform/Developer/SDKs/MacOSX26.1.sdk/usr/include/uuid.modulemap
/Applications/Xcode.app/Contents/Developer/Platforms/MacOSX.platform/Developer/SDKs/MacOSX26.1.sdk/usr/include/DarwinFoundation2.modulemap
/Applications/Xcode.app/Contents/Developer/Platforms/MacOSX.platform/Developer/SDKs/MacOSX26.1.sdk/usr/include/DarwinFoundation3.modulemap
/Applications/Xcode.app/Contents/Developer/Platforms/MacOSX.platform/Developer/SDKs/MacOSX26.1.sdk/usr/include/DarwinFoundation1.modulemap
/Applications/Xcode.app/Contents/Developer/Platforms/MacOSX.platform/Developer/SDKs/MacOSX26.1.sdk/usr/include/copyfile.h
/Applications/Xcode.app/Contents/Developer/Toolchains/XcodeDefault.xctoolchain/usr/lib/swift/clang/include/module.modulemap
/Applications/Xcode.app/Contents/Developer/Platforms/MacOSX.platform/Developer/SDKs/MacOSX26.1.sdk/usr/include/err.h
/Applications/Xcode.app/Contents/Developer/Platforms/MacOSX.platform/Developer/SDKs/MacOSX26.1.sdk/usr/include/readpassphrase.h
/Applications/Xcode.app/Contents/Developer/Platforms/MacOSX.platform/Developer/SDKs/MacOSX26.1.sdk/usr/include/util.h
/Applications/Xcode.app/Contents/Developer/Platforms/MacOSX.platform/Developer/SDKs/MacOSX26.1.sdk/usr/include/sys/ttycom.h
/Applications/Xcode.app/Contents/Developer/Platforms/MacOSX.platform/Developer/SDKs/MacOSX26.1.sdk/usr/include/sys/ioccom.h
/Applications/Xcode.app/Contents/Developer/Platforms/MacOSX.platform/Developer/SDKs/MacOSX26.1.sdk/usr/include/stdio.h
/Applications/Xcode.app/Contents/Developer/Platforms/MacOSX.platform/Developer/SDKs/MacOSX26.1.sdk/usr/include/pwd.h
/Applications/Xcode.app/Contents/Developer/Platforms/MacOSX.platform/Developer/SDKs/MacOSX26.1.sdk/usr/include/uuid/uuid.h
/Applications/Xcode.app/Contents/Developer/Platforms/MacOSX.platform/Developer/SDKs/MacOSX26.1.sdk/usr/include/termios.h
/Applications/Xcode.app/Contents/Developer/Platforms/MacOSX.platform/Developer/SDKs/MacOSX26.1.sdk/usr/include/sys/termios.h
/Applications/Xcode.app/Contents/Developer/Platforms/MacOSX.platform/Developer/SDKs/MacOSX26.1.sdk/usr/include/sys/ttydefaults.h
/Applications/Xcode.app/Contents/Developer/Platforms/MacOSX.platform/Developer/SDKs/MacOSX26.1.sdk/usr/include/utmp.h
/Applications/Xcode.app/Contents/Developer/Platforms/MacOSX.platform/Developer/SDKs/MacOSX26.1.sdk/usr/include/xattr_flags.h
/Applications/Xcode.app/Contents/Developer/Platforms/MacOSX.platform/Developer/SDKs/MacOSX26.1.sdk/usr/include/_modules/_darwin_c_ctype.h
/Applications/Xcode.app/Contents/Developer/Platforms/MacOSX.platform/Developer/SDKs/MacOSX26.1.sdk/usr/include/ctype.h
/Applications/Xcode.app/Contents/Developer/Platforms/MacOSX.platform/Developer/SDKs/MacOSX26.1.sdk/usr/include/_modules/_darwin_c_errno.h
/Applications/Xcode.app/Contents/Developer/Platforms/MacOSX.platform/Developer/SDKs/MacOSX26.1.sdk/usr/include/_modules/_darwin_c_inttypes.h
/Applications/Xcode.app/Contents/Developer/Platforms/MacOSX.platform/Developer/SDKs/MacOSX26.1.sdk/usr/include/_modules/_darwin_c_limits.h
/Applications/Xcode.app/Contents/Developer/Platforms/MacOSX.platform/Developer/SDKs/MacOSX26.1.sdk/usr/include/_modules/_darwin_c_signal.h
/Applications/Xcode.app/Contents/Developer/Platforms/MacOSX.platform/Developer/SDKs/MacOSX26.1.sdk/usr/include/_modules/_darwin_c_stdarg.h
/Applications/Xcode.app/Contents/Developer/Toolchains/XcodeDefault.xctoolchain/usr/lib/swift/clang/include/stdarg.h
/Applications/Xcode.app/Contents/Developer/Platforms/MacOSX.platform/Developer/SDKs/MacOSX26.1.sdk/usr/include/_modules/_darwin_c_stdbool.h
/Applications/Xcode.app/Contents/Developer/Platforms/MacOSX.platform/Developer/SDKs/MacOSX26.1.sdk/usr/include/_modules/_darwin_c_stddef.h
/Applications/Xcode.app/Contents/Developer/Toolchains/XcodeDefault.xctoolchain/usr/lib/swift/clang/include/stddef.h
/Applications/Xcode.app/Contents/Developer/Platforms/MacOSX.platform/Developer/SDKs/MacOSX26.1.sdk/usr/include/_modules/_darwin_c_stdint.h
/Applications/Xcode.app/Contents/Developer/Platforms/MacOSX.platform/Developer/SDKs/MacOSX26.1.sdk/usr/include/_modules/_darwin_c_stdio.h
/Applications/Xcode.app/Contents/Developer/Platforms/MacOSX.platform/Developer/SDKs/MacOSX26.1.sdk/usr/include/_modules/_darwin_c_stdlib.h
/Applications/Xcode.app/Contents/Developer/Platforms/MacOSX.platform/Developer/SDKs/MacOSX26.1.sdk/usr/include/stdlib.h
/Applications/Xcode.app/Contents/Developer/Platforms/MacOSX.platform/Developer/SDKs/MacOSX26.1.sdk/usr/include/_modules/_darwin_c_string.h
/Applications/Xcode.app/Contents/Developer/Platforms/MacOSX.platform/Developer/SDKs/MacOSX26.1.sdk/usr/include/string.h
/Applications/Xcode.app/Contents/Developer/Platforms/MacOSX.platform/Developer/SDKs/MacOSX26.1.sdk/usr/include/_modules/_darwin_c_time.h
/Applications/Xcode.app/Contents/Developer/Platforms/MacOSX.platform/Developer/SDKs/MacOSX26.1.sdk/usr/include/time.h
/Applications/Xcode.app/Contents/Developer/Platforms/MacOSX.platform/Developer/SDKs/MacOSX26.1.sdk/usr/include/_modules/_darwin_c_wchar.h
/Applications/Xcode.app/Contents/Developer/Platforms/MacOSX.platform/Developer/SDKs/MacOSX26.1.sdk/usr/include/wchar.h
/Applications/Xcode.app/Contents/Developer/Platforms/MacOSX.platform/Developer/SDKs/MacOSX26.1.sdk/usr/include/aio.h
/Applications/Xcode.app/Contents/Developer/Platforms/MacOSX.platform/Developer/SDKs/MacOSX26.1.sdk/usr/include/sys/aio.h
/Applications/Xcode.app/Contents/Developer/Platforms/MacOSX.platform/Developer/SDKs/MacOSX26.1.sdk/usr/include/sys/_types/_o_sync.h
/Applications/Xcode.app/Contents/Developer/Platforms/MacOSX.platform/Developer/SDKs/MacOSX26.1.sdk/usr/include/sys/_types/_o_dsync.h
/Applications/Xcode.app/Contents/Developer/Platforms/MacOSX.platform/Developer/SDKs/MacOSX26.1.sdk/usr/include/arpa/inet.h
/Applications/Xcode.app/Contents/Developer/Platforms/MacOSX.platform/Developer/SDKs/MacOSX26.1.sdk/usr/include/netinet/in.h
/Applications/Xcode.app/Contents/Developer/Platforms/MacOSX.platform/Developer/SDKs/MacOSX26.1.sdk/usr/include/sys/socket.h
/Applications/Xcode.app/Contents/Developer/Platforms/MacOSX.platform/Developer/SDKs/MacOSX26.1.sdk/usr/include/sys/constrained_ctypes.h
/Applications/Xcode.app/Contents/Developer/Platforms/MacOSX.platform/Developer/SDKs/MacOSX26.1.sdk/usr/include/machine/_param.h
/Applications/Xcode.app/Contents/Developer/Platforms/MacOSX.platform/Developer/SDKs/MacOSX26.1.sdk/usr/include/arm/_param.h
/Applications/Xcode.app/Contents/Developer/Platforms/MacOSX.platform/Developer/SDKs/MacOSX26.1.sdk/usr/include/net/net_kev.h
/Applications/Xcode.app/Contents/Developer/Platforms/MacOSX.platform/Developer/SDKs/MacOSX26.1.sdk/usr/include/sys/_types/_sa_family_t.h
/Applications/Xcode.app/Contents/Developer/Platforms/MacOSX.platform/Developer/SDKs/MacOSX26.1.sdk/usr/include/sys/_types/_socklen_t.h
/Applications/Xcode.app/Contents/Developer/Platforms/MacOSX.platform/Developer/SDKs/MacOSX26.1.sdk/usr/include/sys/_types/_iovec_t.h
/Applications/Xcode.app/Contents/Developer/Platforms/MacOSX.platform/Developer/SDKs/MacOSX26.1.sdk/usr/include/netinet6/in6.h
/Applications/Xcode.app/Contents/Developer/Platforms/MacOSX.platform/Developer/SDKs/MacOSX26.1.sdk/usr/include/cpio.h
/Applications/Xcode.app/Contents/Developer/Platforms/MacOSX.platform/Developer/SDKs/MacOSX26.1.sdk/usr/include/dirent.h
/Applications/Xcode.app/Contents/Developer/Platforms/MacOSX.platform/Developer/SDKs/MacOSX26.1.sdk/usr/include/sys/dirent.h
/Applications/Xcode.app/Contents/Developer/Platforms/MacOSX.platform/Developer/SDKs/MacOSX26.1.sdk/usr/include/sys/dir.h
/Applications/Xcode.app/Contents/Developer/Platforms/MacOSX.platform/Developer/SDKs/MacOSX26.1.sdk/usr/include/dlfcn.h
/Applications/Xcode.app/Contents/Developer/Platforms/MacOSX.platform/Developer/SDKs/MacOSX26.1.sdk/usr/include/fcntl.h
/Applications/Xcode.app/Contents/Developer/Platforms/MacOSX.platform/Developer/SDKs/MacOSX26.1.sdk/usr/include/sys/fcntl.h
/Applications/Xcode.app/Contents/Developer/Platforms/MacOSX.platform/Developer/SDKs/MacOSX26.1.sdk/usr/include/sys/_types/_s_ifmt.h
/Applications/Xcode.app/Contents/Developer/Platforms/MacOSX.platform/Developer/SDKs/MacOSX26.1.sdk/usr/include/sys/_types/_filesec_t.h
/Applications/Xcode.app/Contents/Developer/Platforms/MacOSX.platform/Developer/SDKs/MacOSX26.1.sdk/usr/include/fmtmsg.h
/Applications/Xcode.app/Contents/Developer/Platforms/MacOSX.platform/Developer/SDKs/MacOSX26.1.sdk/usr/include/fnmatch.h
/Applications/Xcode.app/Contents/Developer/Platforms/MacOSX.platform/Developer/SDKs/MacOSX26.1.sdk/usr/include/ftw.h
/Applications/Xcode.app/Contents/Developer/Platforms/MacOSX.platform/Developer/SDKs/MacOSX26.1.sdk/usr/include/sys/stat.h
/Applications/Xcode.app/Contents/Developer/Platforms/MacOSX.platform/Developer/SDKs/MacOSX26.1.sdk/usr/include/glob.h
/Applications/Xcode.app/Contents/Developer/Platforms/MacOSX.platform/Developer/SDKs/MacOSX26.1.sdk/usr/include/grp.h
/Applications/Xcode.app/Contents/Developer/Platforms/MacOSX.platform/Developer/SDKs/MacOSX26.1.sdk/usr/include/iconv.h
/Applications/Xcode.app/Contents/Developer/Platforms/MacOSX.platform/Developer/SDKs/MacOSX26.1.sdk/usr/include/ifaddrs.h
/Applications/Xcode.app/Contents/Developer/Platforms/MacOSX.platform/Developer/SDKs/MacOSX26.1.sdk/usr/include/sys/ioctl.h
/Applications/Xcode.app/Contents/Developer/Platforms/MacOSX.platform/Developer/SDKs/MacOSX26.1.sdk/usr/include/sys/filio.h
/Applications/Xcode.app/Contents/Developer/Platforms/MacOSX.platform/Developer/SDKs/MacOSX26.1.sdk/usr/include/sys/sockio.h
/Applications/Xcode.app/Contents/Developer/Platforms/MacOSX.platform/Developer/SDKs/MacOSX26.1.sdk/usr/include/net/if.h
/Applications/Xcode.app/Contents/Developer/Platforms/MacOSX.platform/Developer/SDKs/MacOSX26.1.sdk/usr/include/net/if_var.h
/Applications/Xcode.app/Contents/Developer/Platforms/MacOSX.platform/Developer/SDKs/MacOSX26.1.sdk/usr/include/sys/time.h
/Applications/Xcode.app/Contents/Developer/Platforms/MacOSX.platform/Developer/SDKs/MacOSX26.1.sdk/usr/include/sys/_types/_timeval64.h
/Applications/Xcode.app/Contents/Developer/Platforms/MacOSX.platform/Developer/SDKs/MacOSX26.1.sdk/usr/include/sys/_types/_timeval32.h
/Applications/Xcode.app/Contents/Developer/Platforms/MacOSX.platform/Developer/SDKs/MacOSX26.1.sdk/usr/include/_langinfo.h
/Applications/Xcode.app/Contents/Developer/Platforms/MacOSX.platform/Developer/SDKs/MacOSX26.1.sdk/usr/include/xlocale/_langinfo.h
/Applications/Xcode.app/Contents/Developer/Platforms/MacOSX.platform/Developer/SDKs/MacOSX26.1.sdk/usr/include/libgen.h
/Applications/Xcode.app/Contents/Developer/Platforms/MacOSX.platform/Developer/SDKs/MacOSX26.1.sdk/usr/include/_monetary.h
/Applications/Xcode.app/Contents/Developer/Platforms/MacOSX.platform/Developer/SDKs/MacOSX26.1.sdk/usr/include/xlocale/_monetary.h
/Applications/Xcode.app/Contents/Developer/Platforms/MacOSX.platform/Developer/SDKs/MacOSX26.1.sdk/usr/include/ndbm.h
/Applications/Xcode.app/Contents/Developer/Platforms/MacOSX.platform/Developer/SDKs/MacOSX26.1.sdk/usr/include/netdb.h
/Applications/Xcode.app/Contents/Developer/Platforms/MacOSX.platform/Developer/SDKs/MacOSX26.1.sdk/usr/include/net/if_dl.h
/Applications/Xcode.app/Contents/Developer/Platforms/MacOSX.platform/Developer/SDKs/MacOSX26.1.sdk/usr/include/net/if_types.h
/Applications/Xcode.app/Contents/Developer/Platforms/MacOSX.platform/Developer/SDKs/MacOSX26.1.sdk/usr/include/netinet/tcp.h
/Applications/Xcode.app/Contents/Developer/Platforms/MacOSX.platform/Developer/SDKs/MacOSX26.1.sdk/usr/include/poll.h
/Applications/Xcode.app/Contents/Developer/Platforms/MacOSX.platform/Developer/SDKs/MacOSX26.1.sdk/usr/include/sys/poll.h
/Applications/Xcode.app/Contents/Developer/Platforms/MacOSX.platform/Developer/SDKs/MacOSX26.1.sdk/usr/include/pthread/spawn.h
/Applications/Xcode.app/Contents/Developer/Platforms/MacOSX.platform/Developer/SDKs/MacOSX26.1.sdk/usr/include/spawn.h
/Applications/Xcode.app/Contents/Developer/Platforms/MacOSX.platform/Developer/SDKs/MacOSX26.1.sdk/usr/include/sys/spawn.h
/Applications/Xcode.app/Contents/Developer/Platforms/MacOSX.platform/Developer/SDKs/MacOSX26.1.sdk/usr/include/mach/exception_types.h
/Applications/Xcode.app/Contents/Developer/Platforms/MacOSX.platform/Developer/SDKs/MacOSX26.1.sdk/usr/include/mach/machine/exception.h
/Applications/Xcode.app/Contents/Developer/Platforms/MacOSX.platform/Developer/SDKs/MacOSX26.1.sdk/usr/include/mach/arm/exception.h
/Applications/Xcode.app/Contents/Developer/Platforms/MacOSX.platform/Developer/SDKs/MacOSX26.1.sdk/usr/include/mach/port.h
/Applications/Xcode.app/Contents/Developer/Platforms/MacOSX.platform/Developer/SDKs/MacOSX26.1.sdk/usr/include/mach/boolean.h
/Applications/Xcode.app/Contents/Developer/Platforms/MacOSX.platform/Developer/SDKs/MacOSX26.1.sdk/usr/include/mach/machine/boolean.h
/Applications/Xcode.app/Contents/Developer/Platforms/MacOSX.platform/Developer/SDKs/MacOSX26.1.sdk/usr/include/mach/arm/boolean.h
/Applications/Xcode.app/Contents/Developer/Platforms/MacOSX.platform/Developer/SDKs/MacOSX26.1.sdk/usr/include/mach/machine/vm_types.h
/Applications/Xcode.app/Contents/Developer/Platforms/MacOSX.platform/Developer/SDKs/MacOSX26.1.sdk/usr/include/mach/arm/vm_types.h
/Applications/Xcode.app/Contents/Developer/Platforms/MacOSX.platform/Developer/SDKs/MacOSX26.1.sdk/usr/include/mach/thread_status.h
/Applications/Xcode.app/Contents/Developer/Platforms/MacOSX.platform/Developer/SDKs/MacOSX26.1.sdk/usr/include/mach/machine/thread_status.h
/Applications/Xcode.app/Contents/Developer/Platforms/MacOSX.platform/Developer/SDKs/MacOSX26.1.sdk/usr/include/mach/arm/thread_status.h
/Applications/Xcode.app/Contents/Developer/Platforms/MacOSX.platform/Developer/SDKs/MacOSX26.1.sdk/usr/include/mach/machine/thread_state.h
/Applications/Xcode.app/Contents/Developer/Platforms/MacOSX.platform/Developer/SDKs/MacOSX26.1.sdk/usr/include/mach/arm/thread_state.h
/Applications/Xcode.app/Contents/Developer/Platforms/MacOSX.platform/Developer/SDKs/MacOSX26.1.sdk/usr/include/mach/message.h
/Applications/Xcode.app/Contents/Developer/Platforms/MacOSX.platform/Developer/SDKs/MacOSX26.1.sdk/usr/include/mach/kern_return.h
/Applications/Xcode.app/Contents/Developer/Platforms/MacOSX.platform/Developer/SDKs/MacOSX26.1.sdk/usr/include/mach/machine/kern_return.h
/Applications/Xcode.app/Contents/Developer/Platforms/MacOSX.platform/Developer/SDKs/MacOSX26.1.sdk/usr/include/mach/arm/kern_return.h
/Applications/Xcode.app/Contents/Developer/Platforms/MacOSX.platform/Developer/SDKs/MacOSX26.1.sdk/usr/include/mach/vm_types.h
/Applications/Xcode.app/Contents/Developer/Platforms/MacOSX.platform/Developer/SDKs/MacOSX26.1.sdk/usr/include/mach_debug/ipc_info.h
/Applications/Xcode.app/Contents/Developer/Platforms/MacOSX.platform/Developer/SDKs/MacOSX26.1.sdk/usr/include/mach/machine.h
/Applications/Xcode.app/Contents/Developer/Platforms/MacOSX.platform/Developer/SDKs/MacOSX26.1.sdk/usr/include/pthread/pthread_spis.h
/Applications/Xcode.app/Contents/Developer/Platforms/MacOSX.platform/Developer/SDKs/MacOSX26.1.sdk/usr/include/_modules/_darwin_posix_pthread_pthread.h
/Applications/Xcode.app/Contents/Developer/Platforms/MacOSX.platform/Developer/SDKs/MacOSX26.1.sdk/usr/include/_regex.h
/Applications/Xcode.app/Contents/Developer/Platforms/MacOSX.platform/Developer/SDKs/MacOSX26.1.sdk/usr/include/xlocale/_regex.h
/Applications/Xcode.app/Contents/Developer/Platforms/MacOSX.platform/Developer/SDKs/MacOSX26.1.sdk/usr/include/search.h
/Applications/Xcode.app/Contents/Developer/Platforms/MacOSX.platform/Developer/SDKs/MacOSX26.1.sdk/usr/include/semaphore.h
/Applications/Xcode.app/Contents/Developer/Platforms/MacOSX.platform/Developer/SDKs/MacOSX26.1.sdk/usr/include/sys/semaphore.h
/Applications/Xcode.app/Contents/Developer/Platforms/MacOSX.platform/Developer/SDKs/MacOSX26.1.sdk/usr/include/sys/posix_sem.h
/Applications/Xcode.app/Contents/Developer/Platforms/MacOSX.platform/Developer/SDKs/MacOSX26.1.sdk/usr/include/sys/proc.h
/Applications/Xcode.app/Contents/Developer/Platforms/MacOSX.platform/Developer/SDKs/MacOSX26.1.sdk/usr/include/sys/queue.h
/Applications/Xcode.app/Contents/Developer/Platforms/MacOSX.platform/Developer/SDKs/MacOSX26.1.sdk/usr/include/sys/lock.h
/Applications/Xcode.app/Contents/Developer/Platforms/MacOSX.platform/Developer/SDKs/MacOSX26.1.sdk/usr/include/sys/param.h
/Applications/Xcode.app/Contents/Developer/Platforms/MacOSX.platform/Developer/SDKs/MacOSX26.1.sdk/usr/include/machine/param.h
/Applications/Xcode.app/Contents/Developer/Platforms/MacOSX.platform/Developer/SDKs/MacOSX26.1.sdk/usr/include/arm/param.h
/Applications/Xcode.app/Contents/Developer/Platforms/MacOSX.platform/Developer/SDKs/MacOSX26.1.sdk/usr/include/sys/event.h
/Applications/Xcode.app/Contents/Developer/Platforms/MacOSX.platform/Developer/SDKs/MacOSX26.1.sdk/usr/include/strings.h
/Applications/Xcode.app/Contents/Developer/Platforms/MacOSX.platform/Developer/SDKs/MacOSX26.1.sdk/usr/include/sys/ipc.h
/Applications/Xcode.app/Contents/Developer/Platforms/MacOSX.platform/Developer/SDKs/MacOSX26.1.sdk/usr/include/sys/mman.h
/Applications/Xcode.app/Contents/Developer/Platforms/MacOSX.platform/Developer/SDKs/MacOSX26.1.sdk/usr/include/sys/msg.h
/Applications/Xcode.app/Contents/Developer/Platforms/MacOSX.platform/Developer/SDKs/MacOSX26.1.sdk/usr/include/sys/sem.h
/Applications/Xcode.app/Contents/Developer/Platforms/MacOSX.platform/Developer/SDKs/MacOSX26.1.sdk/usr/include/sys/shm.h
/Applications/Xcode.app/Contents/Developer/Platforms/MacOSX.platform/Developer/SDKs/MacOSX26.1.sdk/usr/include/sys/posix_shm.h
/Applications/Xcode.app/Contents/Developer/Platforms/MacOSX.platform/Developer/SDKs/MacOSX26.1.sdk/usr/include/sys/statvfs.h
/Applications/Xcode.app/Contents/Developer/Platforms/MacOSX.platform/Developer/SDKs/MacOSX26.1.sdk/usr/include/sys/times.h
/Applications/Xcode.app/Contents/Developer/Platforms/MacOSX.platform/Developer/SDKs/MacOSX26.1.sdk/usr/include/sys/_types/_fsid_t.h
/Applications/Xcode.app/Contents/Developer/Platforms/MacOSX.platform/Developer/SDKs/MacOSX26.1.sdk/usr/include/sys/_types/_fsobj_id_t.h
/Applications/Xcode.app/Contents/Developer/Platforms/MacOSX.platform/Developer/SDKs/MacOSX26.1.sdk/usr/include/sys/_types/_graftdmg_un.h
/Applications/Xcode.app/Contents/Developer/Platforms/MacOSX.platform/Developer/SDKs/MacOSX26.1.sdk/usr/include/sys/_types/_guid_t.h
/Applications/Xcode.app/Contents/Developer/Platforms/MacOSX.platform/Developer/SDKs/MacOSX26.1.sdk/usr/include/sys/_types/_mount_t.h
/Applications/Xcode.app/Contents/Developer/Platforms/MacOSX.platform/Developer/SDKs/MacOSX26.1.sdk/usr/include/sys/_types/_os_inline.h
/Applications/Xcode.app/Contents/Developer/Platforms/MacOSX.platform/Developer/SDKs/MacOSX26.1.sdk/usr/include/sys/_types/_ucontext64.h
/Applications/Xcode.app/Contents/Developer/Platforms/MacOSX.platform/Developer/SDKs/MacOSX26.1.sdk/usr/include/sys/_types/_vnode_t.h
/Applications/Xcode.app/Contents/Developer/Platforms/MacOSX.platform/Developer/SDKs/MacOSX26.1.sdk/usr/include/sys/uio.h
/Applications/Xcode.app/Contents/Developer/Platforms/MacOSX.platform/Developer/SDKs/MacOSX26.1.sdk/usr/include/sys/un.h
/Applications/Xcode.app/Contents/Developer/Platforms/MacOSX.platform/Developer/SDKs/MacOSX26.1.sdk/usr/include/sys/utsname.h
/Applications/Xcode.app/Contents/Developer/Platforms/MacOSX.platform/Developer/SDKs/MacOSX26.1.sdk/usr/include/sys/vsock.h
/Applications/Xcode.app/Contents/Developer/Platforms/MacOSX.platform/Developer/SDKs/MacOSX26.1.sdk/usr/include/sys/ucred.h
/Applications/Xcode.app/Contents/Developer/Platforms/MacOSX.platform/Developer/SDKs/MacOSX26.1.sdk/usr/include/bsm/audit.h
/Applications/Xcode.app/Contents/Developer/Platforms/MacOSX.platform/Developer/SDKs/MacOSX26.1.sdk/usr/include/sys/socketvar.h
/Applications/Xcode.app/Contents/Developer/Platforms/MacOSX.platform/Developer/SDKs/MacOSX26.1.sdk/usr/include/sys/xattr.h
/Applications/Xcode.app/Contents/Developer/Platforms/MacOSX.platform/Developer/SDKs/MacOSX26.1.sdk/usr/include/_modules/_darwin_posix_sys_resource.h
/Applications/Xcode.app/Contents/Developer/Platforms/MacOSX.platform/Developer/SDKs/MacOSX26.1.sdk/usr/include/_modules/_darwin_posix_sys_select.h
/Applications/Xcode.app/Contents/Developer/Platforms/MacOSX.platform/Developer/SDKs/MacOSX26.1.sdk/usr/include/_modules/_darwin_posix_sys_wait.h
/Applications/Xcode.app/Contents/Developer/Platforms/MacOSX.platform/Developer/SDKs/MacOSX26.1.sdk/usr/include/syslog.h
/Applications/Xcode.app/Contents/Developer/Platforms/MacOSX.platform/Developer/SDKs/MacOSX26.1.sdk/usr/include/sys/syslog.h
/Applications/Xcode.app/Contents/Developer/Platforms/MacOSX.platform/Developer/SDKs/MacOSX26.1.sdk/usr/include/tar.h
/Applications/Xcode.app/Contents/Developer/Platforms/MacOSX.platform/Developer/SDKs/MacOSX26.1.sdk/usr/include/ulimit.h
/Applications/Xcode.app/Contents/Developer/Platforms/MacOSX.platform/Developer/SDKs/MacOSX26.1.sdk/usr/include/utime.h
/Applications/Xcode.app/Contents/Developer/Platforms/MacOSX.platform/Developer/SDKs/MacOSX26.1.sdk/usr/include/utmpx.h
/Applications/Xcode.app/Contents/Developer/Platforms/MacOSX.platform/Developer/SDKs/MacOSX26.1.sdk/usr/include/wordexp.h
/Applications/Xcode.app/Contents/Developer/Platforms/MacOSX.platform/Developer/SDKs/MacOSX26.1.sdk/usr/include/_modules/_darwin_posix_nl_types.h
/Applications/Xcode.app/Contents/Developer/Platforms/MacOSX.platform/Developer/SDKs/MacOSX26.1.sdk/usr/include/_modules/_darwin_posix_sched.h
/Applications/Xcode.app/Contents/Developer/Platforms/MacOSX.platform/Developer/SDKs/MacOSX26.1.sdk/usr/include/_modules/_darwin_posix_unistd.h
/Applications/Xcode.app/Contents/Developer/Platforms/MacOSX.platform/Developer/SDKs/MacOSX26.1.sdk/usr/include/net/bpf.h
/Applications/Xcode.app/Contents/Developer/Platforms/MacOSX.platform/Developer/SDKs/MacOSX26.1.sdk/usr/include/net/dlil.h
/Applications/Xcode.app/Contents/Developer/Platforms/MacOSX.platform/Developer/SDKs/MacOSX26.1.sdk/usr/include/net/ethernet.h
/Applications/Xcode.app/Contents/Developer/Platforms/MacOSX.platform/Developer/SDKs/MacOSX26.1.sdk/usr/include/net/if_arp.h
/Applications/Xcode.app/Contents/Developer/Platforms/MacOSX.platform/Developer/SDKs/MacOSX26.1.sdk/usr/include/net/if_llc.h
/Applications/Xcode.app/Contents/Developer/Platforms/MacOSX.platform/Developer/SDKs/MacOSX26.1.sdk/usr/include/net/if_media.h
/Applications/Xcode.app/Contents/Developer/Platforms/MacOSX.platform/Developer/SDKs/MacOSX26.1.sdk/usr/include/net/if_mib.h
/Applications/Xcode.app/Contents/Developer/Platforms/MacOSX.platform/Developer/SDKs/MacOSX26.1.sdk/usr/include/net/if_utun.h
/Applications/Xcode.app/Contents/Developer/Platforms/MacOSX.platform/Developer/SDKs/MacOSX26.1.sdk/usr/include/net/if_var_status.h
/Applications/Xcode.app/Contents/Developer/Platforms/MacOSX.platform/Developer/SDKs/MacOSX26.1.sdk/usr/include/net/kext_net.h
/Applications/Xcode.app/Contents/Developer/Platforms/MacOSX.platform/Developer/SDKs/MacOSX26.1.sdk/usr/include/net/ndrv.h
/Applications/Xcode.app/Contents/Developer/Platforms/MacOSX.platform/Developer/SDKs/MacOSX26.1.sdk/usr/include/net/pfkeyv2.h
/Applications/Xcode.app/Contents/Developer/Platforms/MacOSX.platform/Developer/SDKs/MacOSX26.1.sdk/usr/include/net/route.h
/Applications/Xcode.app/Contents/Developer/Platforms/MacOSX.platform/Developer/SDKs/MacOSX26.1.sdk/usr/include/netinet/bootp.h
/Applications/Xcode.app/Contents/Developer/Platforms/MacOSX.platform/Developer/SDKs/MacOSX26.1.sdk/usr/include/netinet/ip.h
/Applications/Xcode.app/Contents/Developer/Platforms/MacOSX.platform/Developer/SDKs/MacOSX26.1.sdk/usr/include/netinet/in_systm.h
/Applications/Xcode.app/Contents/Developer/Platforms/MacOSX.platform/Developer/SDKs/MacOSX26.1.sdk/usr/include/netinet/udp.h
/Applications/Xcode.app/Contents/Developer/Platforms/MacOSX.platform/Developer/SDKs/MacOSX26.1.sdk/usr/include/netinet/icmp6.h
/Applications/Xcode.app/Contents/Developer/Platforms/MacOSX.platform/Developer/SDKs/MacOSX26.1.sdk/usr/include/netinet/icmp_var.h
/Applications/Xcode.app/Contents/Developer/Platforms/MacOSX.platform/Developer/SDKs/MacOSX26.1.sdk/usr/include/netinet/ip_icmp.h
/Applications/Xcode.app/Contents/Developer/Platforms/MacOSX.platform/Developer/SDKs/MacOSX26.1.sdk/usr/include/netinet/if_ether.h
/Applications/Xcode.app/Contents/Developer/Platforms/MacOSX.platform/Developer/SDKs/MacOSX26.1.sdk/usr/include/netinet/igmp.h
/Applications/Xcode.app/Contents/Developer/Platforms/MacOSX.platform/Developer/SDKs/MacOSX26.1.sdk/usr/include/netinet/igmp_var.h
/Applications/Xcode.app/Contents/Developer/Platforms/MacOSX.platform/Developer/SDKs/MacOSX26.1.sdk/usr/include/netinet/in_pcb.h
/Applications/Xcode.app/Contents/Developer/Platforms/MacOSX.platform/Developer/SDKs/MacOSX26.1.sdk/usr/include/netinet/in_var.h
/Applications/Xcode.app/Contents/Developer/Platforms/MacOSX.platform/Developer/SDKs/MacOSX26.1.sdk/usr/include/sys/protosw.h
/Applications/Xcode.app/Contents/Developer/Platforms/MacOSX.platform/Developer/SDKs/MacOSX26.1.sdk/usr/include/sys/kern_event.h
/Applications/Xcode.app/Contents/Developer/Platforms/MacOSX.platform/Developer/SDKs/MacOSX26.1.sdk/usr/include/sys/sys_domain.h
/Applications/Xcode.app/Contents/Developer/Platforms/MacOSX.platform/Developer/SDKs/MacOSX26.1.sdk/usr/include/netinet6/in6_var.h
/Applications/Xcode.app/Contents/Developer/Platforms/MacOSX.platform/Developer/SDKs/MacOSX26.1.sdk/usr/include/netinet6/scope6_var.h
/Applications/Xcode.app/Contents/Developer/Platforms/MacOSX.platform/Developer/SDKs/MacOSX26.1.sdk/usr/include/netinet/ip6.h
/Applications/Xcode.app/Contents/Developer/Platforms/MacOSX.platform/Developer/SDKs/MacOSX26.1.sdk/usr/include/netinet/ip_var.h
/Applications/Xcode.app/Contents/Developer/Platforms/MacOSX.platform/Developer/SDKs/MacOSX26.1.sdk/usr/include/netinet/tcp_fsm.h
/Applications/Xcode.app/Contents/Developer/Platforms/MacOSX.platform/Developer/SDKs/MacOSX26.1.sdk/usr/include/netinet/tcp_seq.h
/Applications/Xcode.app/Contents/Developer/Platforms/MacOSX.platform/Developer/SDKs/MacOSX26.1.sdk/usr/include/netinet/tcp_timer.h
/Applications/Xcode.app/Contents/Developer/Platforms/MacOSX.platform/Developer/SDKs/MacOSX26.1.sdk/usr/include/netinet/tcp_var.h
/Applications/Xcode.app/Contents/Developer/Platforms/MacOSX.platform/Developer/SDKs/MacOSX26.1.sdk/usr/include/netinet/tcpip.h
/Applications/Xcode.app/Contents/Developer/Platforms/MacOSX.platform/Developer/SDKs/MacOSX26.1.sdk/usr/include/netinet/udp_var.h
/Applications/Xcode.app/Contents/Developer/Platforms/MacOSX.platform/Developer/SDKs/MacOSX26.1.sdk/usr/include/sys/sysctl.h
/Applications/Xcode.app/Contents/Developer/Platforms/MacOSX.platform/Developer/SDKs/MacOSX26.1.sdk/usr/include/sys/vm.h
/Applications/Xcode.app/Contents/Developer/Platforms/MacOSX.platform/Developer/SDKs/MacOSX26.1.sdk/usr/include/ar.h
/Applications/Xcode.app/Contents/Developer/Platforms/MacOSX.platform/Developer/SDKs/MacOSX26.1.sdk/usr/include/bank/bank_types.h
/Applications/Xcode.app/Contents/Developer/Platforms/MacOSX.platform/Developer/SDKs/MacOSX26.1.sdk/usr/include/os/base.h
/Applications/Xcode.app/Contents/Developer/Platforms/MacOSX.platform/Developer/SDKs/MacOSX26.1.sdk/usr/include/mach/mach_types.h
/Applications/Xcode.app/Contents/Developer/Platforms/MacOSX.platform/Developer/SDKs/MacOSX26.1.sdk/usr/include/mach/host_info.h
/Applications/Xcode.app/Contents/Developer/Platforms/MacOSX.platform/Developer/SDKs/MacOSX26.1.sdk/usr/include/mach/vm_statistics.h
/Applications/Xcode.app/Contents/Developer/Platforms/MacOSX.platform/Developer/SDKs/MacOSX26.1.sdk/usr/include/mach/time_value.h
/Applications/Xcode.app/Contents/Developer/Platforms/MacOSX.platform/Developer/SDKs/MacOSX26.1.sdk/usr/include/mach/host_notify.h
/Applications/Xcode.app/Contents/Developer/Platforms/MacOSX.platform/Developer/SDKs/MacOSX26.1.sdk/usr/include/mach/host_special_ports.h
/Applications/Xcode.app/Contents/Developer/Platforms/MacOSX.platform/Developer/SDKs/MacOSX26.1.sdk/usr/include/mach/memory_object_types.h
/Applications/Xcode.app/Contents/Developer/Platforms/MacOSX.platform/Developer/SDKs/MacOSX26.1.sdk/usr/include/mach/vm_prot.h
/Applications/Xcode.app/Contents/Developer/Platforms/MacOSX.platform/Developer/SDKs/MacOSX26.1.sdk/usr/include/mach/vm_sync.h
/Applications/Xcode.app/Contents/Developer/Platforms/MacOSX.platform/Developer/SDKs/MacOSX26.1.sdk/usr/include/mach/mach_voucher_types.h
/Applications/Xcode.app/Contents/Developer/Platforms/MacOSX.platform/Developer/SDKs/MacOSX26.1.sdk/usr/include/mach/std_types.h
/Applications/Xcode.app/Contents/Developer/Platforms/MacOSX.platform/Developer/SDKs/MacOSX26.1.sdk/usr/include/mach/processor_info.h
/Applications/Xcode.app/Contents/Developer/Platforms/MacOSX.platform/Developer/SDKs/MacOSX26.1.sdk/usr/include/mach/machine/processor_info.h
/Applications/Xcode.app/Contents/Developer/Platforms/MacOSX.platform/Developer/SDKs/MacOSX26.1.sdk/usr/include/mach/arm/processor_info.h
/Applications/Xcode.app/Contents/Developer/Platforms/MacOSX.platform/Developer/SDKs/MacOSX26.1.sdk/usr/include/mach/task_info.h
/Applications/Xcode.app/Contents/Developer/Platforms/MacOSX.platform/Developer/SDKs/MacOSX26.1.sdk/usr/include/mach/policy.h
/Applications/Xcode.app/Contents/Developer/Platforms/MacOSX.platform/Developer/SDKs/MacOSX26.1.sdk/usr/include/mach/task_inspect.h
/Applications/Xcode.app/Contents/Developer/Platforms/MacOSX.platform/Developer/SDKs/MacOSX26.1.sdk/usr/include/mach/task_policy.h
/Applications/Xcode.app/Contents/Developer/Platforms/MacOSX.platform/Developer/SDKs/MacOSX26.1.sdk/usr/include/mach/task_special_ports.h
/Applications/Xcode.app/Contents/Developer/Platforms/MacOSX.platform/Developer/SDKs/MacOSX26.1.sdk/usr/include/mach/thread_info.h
/Applications/Xcode.app/Contents/Developer/Platforms/MacOSX.platform/Developer/SDKs/MacOSX26.1.sdk/usr/include/mach/thread_policy.h
/Applications/Xcode.app/Contents/Developer/Platforms/MacOSX.platform/Developer/SDKs/MacOSX26.1.sdk/usr/include/mach/thread_special_ports.h
/Applications/Xcode.app/Contents/Developer/Platforms/MacOSX.platform/Developer/SDKs/MacOSX26.1.sdk/usr/include/mach/clock_types.h
/Applications/Xcode.app/Contents/Developer/Platforms/MacOSX.platform/Developer/SDKs/MacOSX26.1.sdk/usr/include/mach/vm_attributes.h
/Applications/Xcode.app/Contents/Developer/Platforms/MacOSX.platform/Developer/SDKs/MacOSX26.1.sdk/usr/include/mach/vm_inherit.h
/Applications/Xcode.app/Contents/Developer/Platforms/MacOSX.platform/Developer/SDKs/MacOSX26.1.sdk/usr/include/mach/vm_purgable.h
/Applications/Xcode.app/Contents/Developer/Platforms/MacOSX.platform/Developer/SDKs/MacOSX26.1.sdk/usr/include/mach/vm_behavior.h
/Applications/Xcode.app/Contents/Developer/Platforms/MacOSX.platform/Developer/SDKs/MacOSX26.1.sdk/usr/include/mach/vm_region.h
/Applications/Xcode.app/Contents/Developer/Platforms/MacOSX.platform/Developer/SDKs/MacOSX26.1.sdk/usr/include/mach/machine/vm_param.h
/Applications/Xcode.app/Contents/Developer/Platforms/MacOSX.platform/Developer/SDKs/MacOSX26.1.sdk/usr/include/mach/arm/vm_param.h
/Applications/Xcode.app/Contents/Developer/Platforms/MacOSX.platform/Developer/SDKs/MacOSX26.1.sdk/usr/include/mach/vm_page_size.h
/Applications/Xcode.app/Contents/Developer/Platforms/MacOSX.platform/Developer/SDKs/MacOSX26.1.sdk/usr/include/mach/kmod.h
/Applications/Xcode.app/Contents/Developer/Platforms/MacOSX.platform/Developer/SDKs/MacOSX26.1.sdk/usr/include/mach/dyld_kernel.h
/Applications/Xcode.app/Contents/Developer/Platforms/MacOSX.platform/Developer/SDKs/MacOSX26.1.sdk/usr/include/ConditionalMacros.h
/Applications/Xcode.app/Contents/Developer/Platforms/MacOSX.platform/Developer/SDKs/MacOSX26.1.sdk/usr/include/crt_externs.h
/Applications/Xcode.app/Contents/Developer/Platforms/MacOSX.platform/Developer/SDKs/MacOSX26.1.sdk/usr/include/fts.h
/Applications/Xcode.app/Contents/Developer/Platforms/MacOSX.platform/Developer/SDKs/MacOSX26.1.sdk/usr/include/getopt.h
/Applications/Xcode.app/Contents/Developer/Platforms/MacOSX.platform/Developer/SDKs/MacOSX26.1.sdk/usr/include/AssertMacros.h
/Applications/Xcode.app/Contents/Developer/Platforms/MacOSX.platform/Developer/SDKs/MacOSX26.1.sdk/usr/include/MacTypes.h
/Applications/Xcode.app/Contents/Developer/Platforms/MacOSX.platform/Developer/SDKs/MacOSX26.1.sdk/usr/include/mach/mach.h
/Applications/Xcode.app/Contents/Developer/Platforms/MacOSX.platform/Developer/SDKs/MacOSX26.1.sdk/usr/include/mach/mach_interface.h
/Applications/Xcode.app/Contents/Developer/Platforms/MacOSX.platform/Developer/SDKs/MacOSX26.1.sdk/usr/include/mach/clock_priv.h
/Applications/Xcode.app/Contents/Developer/Platforms/MacOSX.platform/Developer/SDKs/MacOSX26.1.sdk/usr/include/mach/ndr.h
/Applications/Xcode.app/Contents/Developer/Platforms/MacOSX.platform/Developer/SDKs/MacOSX26.1.sdk/usr/include/libkern/OSByteOrder.h
/Applications/Xcode.app/Contents/Developer/Platforms/MacOSX.platform/Developer/SDKs/MacOSX26.1.sdk/usr/include/libkern/arm/OSByteOrder.h
/Applications/Xcode.app/Contents/Developer/Platforms/MacOSX.platform/Developer/SDKs/MacOSX26.1.sdk/usr/include/arm/arch.h
/Applications/Xcode.app/Contents/Developer/Platforms/MacOSX.platform/Developer/SDKs/MacOSX26.1.sdk/usr/include/mach/notify.h
/Applications/Xcode.app/Contents/Developer/Platforms/MacOSX.platform/Developer/SDKs/MacOSX26.1.sdk/usr/include/mach/mig_errors.h
/Applications/Xcode.app/Contents/Developer/Platforms/MacOSX.platform/Developer/SDKs/MacOSX26.1.sdk/usr/include/mach/mig.h
/Applications/Xcode.app/Contents/Developer/Platforms/MacOSX.platform/Developer/SDKs/MacOSX26.1.sdk/usr/include/mach/host_priv.h
/Applications/Xcode.app/Contents/Developer/Platforms/MacOSX.platform/Developer/SDKs/MacOSX26.1.sdk/usr/include/mach_debug/mach_debug_types.h
/Applications/Xcode.app/Contents/Developer/Platforms/MacOSX.platform/Developer/SDKs/MacOSX26.1.sdk/usr/include/mach_debug/vm_info.h
/Applications/Xcode.app/Contents/Developer/Platforms/MacOSX.platform/Developer/SDKs/MacOSX26.1.sdk/usr/include/mach_debug/zone_info.h
/Applications/Xcode.app/Contents/Developer/Platforms/MacOSX.platform/Developer/SDKs/MacOSX26.1.sdk/usr/include/mach_debug/page_info.h
/Applications/Xcode.app/Contents/Developer/Platforms/MacOSX.platform/Developer/SDKs/MacOSX26.1.sdk/usr/include/mach_debug/hash_info.h
/Applications/Xcode.app/Contents/Developer/Platforms/MacOSX.platform/Developer/SDKs/MacOSX26.1.sdk/usr/include/mach_debug/lockgroup_info.h
/Applications/Xcode.app/Contents/Developer/Platforms/MacOSX.platform/Developer/SDKs/MacOSX26.1.sdk/usr/include/mach/host_security.h
/Applications/Xcode.app/Contents/Developer/Platforms/MacOSX.platform/Developer/SDKs/MacOSX26.1.sdk/usr/include/mach/processor.h
/Applications/Xcode.app/Contents/Developer/Platforms/MacOSX.platform/Developer/SDKs/MacOSX26.1.sdk/usr/include/mach/processor_set.h
/Applications/Xcode.app/Contents/Developer/Platforms/MacOSX.platform/Developer/SDKs/MacOSX26.1.sdk/usr/include/mach/semaphore.h
/Applications/Xcode.app/Contents/Developer/Platforms/MacOSX.platform/Developer/SDKs/MacOSX26.1.sdk/usr/include/mach/sync_policy.h
/Applications/Xcode.app/Contents/Developer/Platforms/MacOSX.platform/Developer/SDKs/MacOSX26.1.sdk/usr/include/mach/task.h
/Applications/Xcode.app/Contents/Developer/Platforms/MacOSX.platform/Developer/SDKs/MacOSX26.1.sdk/usr/include/mach/thread_act.h
/Applications/Xcode.app/Contents/Developer/Platforms/MacOSX.platform/Developer/SDKs/MacOSX26.1.sdk/usr/include/mach/vm_map.h
/Applications/Xcode.app/Contents/Developer/Platforms/MacOSX.platform/Developer/SDKs/MacOSX26.1.sdk/usr/include/mach/mach_port.h
/Applications/Xcode.app/Contents/Developer/Platforms/MacOSX.platform/Developer/SDKs/MacOSX26.1.sdk/usr/include/mach/mach_init.h
/Applications/Xcode.app/Contents/Developer/Platforms/MacOSX.platform/Developer/SDKs/MacOSX26.1.sdk/usr/include/mach/mach_traps.h
/Applications/Xcode.app/Contents/Developer/Platforms/MacOSX.platform/Developer/SDKs/MacOSX26.1.sdk/usr/include/mach/error.h
/Applications/Xcode.app/Contents/Developer/Platforms/MacOSX.platform/Developer/SDKs/MacOSX26.1.sdk/usr/include/mach/mach_host.h
/Applications/Xcode.app/Contents/Developer/Platforms/MacOSX.platform/Developer/SDKs/MacOSX26.1.sdk/usr/include/mach/thread_switch.h
/Applications/Xcode.app/Contents/Developer/Platforms/MacOSX.platform/Developer/SDKs/MacOSX26.1.sdk/usr/include/mach/rpc.h
/Applications/Xcode.app/Contents/Developer/Platforms/MacOSX.platform/Developer/SDKs/MacOSX26.1.sdk/usr/include/mach/machine/rpc.h
/Applications/Xcode.app/Contents/Developer/Platforms/MacOSX.platform/Developer/SDKs/MacOSX26.1.sdk/usr/include/mach/arm/rpc.h
/Applications/Xcode.app/Contents/Developer/Platforms/MacOSX.platform/Developer/SDKs/MacOSX26.1.sdk/usr/include/mach/mach_error.h
/Applications/Xcode.app/Contents/Developer/Platforms/MacOSX.platform/Developer/SDKs/MacOSX26.1.sdk/usr/include/mach/audit_triggers_types.h
/Applications/Xcode.app/Contents/Developer/Platforms/MacOSX.platform/Developer/SDKs/MacOSX26.1.sdk/usr/include/mach/bootstrap.h
/Applications/Xcode.app/Contents/Developer/Platforms/MacOSX.platform/Developer/SDKs/MacOSX26.1.sdk/usr/include/mach/clock.h
/Applications/Xcode.app/Contents/Developer/Platforms/MacOSX.platform/Developer/SDKs/MacOSX26.1.sdk/usr/include/mach/clock_reply.h
/Applications/Xcode.app/Contents/Developer/Platforms/MacOSX.platform/Developer/SDKs/MacOSX26.1.sdk/usr/include/mach/exc.h
/Applications/Xcode.app/Contents/Developer/Platforms/MacOSX.platform/Developer/SDKs/MacOSX26.1.sdk/usr/include/mach/exception.h
/Applications/Xcode.app/Contents/Developer/Platforms/MacOSX.platform/Developer/SDKs/MacOSX26.1.sdk/usr/include/mach/host_reboot.h
/Applications/Xcode.app/Contents/Developer/Platforms/MacOSX.platform/Developer/SDKs/MacOSX26.1.sdk/usr/include/arm64/hv/hv_kern_types.h
/Applications/Xcode.app/Contents/Developer/Platforms/MacOSX.platform/Developer/SDKs/MacOSX26.1.sdk/usr/include/mach/mach_param.h
/Applications/Xcode.app/Contents/Developer/Platforms/MacOSX.platform/Developer/SDKs/MacOSX26.1.sdk/usr/include/mach/mach_right.h
/Applications/Xcode.app/Contents/Developer/Platforms/MacOSX.platform/Developer/SDKs/MacOSX26.1.sdk/usr/include/mach/mach_syscalls.h
/Applications/Xcode.app/Contents/Developer/Platforms/MacOSX.platform/Developer/SDKs/MacOSX26.1.sdk/usr/include/mach/mach_time.h
/Applications/Xcode.app/Contents/Developer/Platforms/MacOSX.platform/Developer/SDKs/MacOSX26.1.sdk/usr/include/mach/mach_vm.h
/Applications/Xcode.app/Contents/Developer/Platforms/MacOSX.platform/Developer/SDKs/MacOSX26.1.sdk/usr/include/mach/mach_voucher.h
/Applications/Xcode.app/Contents/Developer/Platforms/MacOSX.platform/Developer/SDKs/MacOSX26.1.sdk/usr/include/mach/memory_entry.h
/Applications/Xcode.app/Contents/Developer/Platforms/MacOSX.platform/Developer/SDKs/MacOSX26.1.sdk/usr/include/mach/mig_strncpy_zerofill_support.h
/Applications/Xcode.app/Contents/Developer/Platforms/MacOSX.platform/Developer/SDKs/MacOSX26.1.sdk/usr/include/mach/mig_voucher_support.h
/Applications/Xcode.app/Contents/Developer/Platforms/MacOSX.platform/Developer/SDKs/MacOSX26.1.sdk/usr/include/mach/port_obj.h
/Applications/Xcode.app/Contents/Developer/Platforms/MacOSX.platform/Developer/SDKs/MacOSX26.1.sdk/usr/include/mach/sdt.h
/Applications/Xcode.app/Contents/Developer/Platforms/MacOSX.platform/Developer/SDKs/MacOSX26.1.sdk/usr/include/mach/machine/sdt.h
/Applications/Xcode.app/Contents/Developer/Platforms/MacOSX.platform/Developer/SDKs/MacOSX26.1.sdk/usr/include/sys/sdt.h
/Applications/Xcode.app/Contents/Developer/Platforms/MacOSX.platform/Developer/SDKs/MacOSX26.1.sdk/usr/include/mach/shared_region.h
/Applications/Xcode.app/Contents/Developer/Platforms/MacOSX.platform/Developer/SDKs/MacOSX26.1.sdk/usr/include/mach/sync.h
/Applications/Xcode.app/Contents/Developer/Platforms/MacOSX.platform/Developer/SDKs/MacOSX26.1.sdk/usr/include/mach/thread_state.h
/Applications/Xcode.app/Contents/Developer/Platforms/MacOSX.platform/Developer/SDKs/MacOSX26.1.sdk/usr/include/mach/vm_param.h
/Applications/Xcode.app/Contents/Developer/Platforms/MacOSX.platform/Developer/SDKs/MacOSX26.1.sdk/usr/include/mach/vm_task.h
/Applications/Xcode.app/Contents/Developer/Platforms/MacOSX.platform/Developer/SDKs/MacOSX26.1.sdk/usr/include/mach/machine/asm.h
/Applications/Xcode.app/Contents/Developer/Platforms/MacOSX.platform/Developer/SDKs/MacOSX26.1.sdk/usr/include/mach/arm64/asm.h
/Applications/Xcode.app/Contents/Developer/Platforms/MacOSX.platform/Developer/SDKs/MacOSX26.1.sdk/usr/include/mach/i386/asm.h
/Applications/Xcode.app/Contents/Developer/Platforms/MacOSX.platform/Developer/SDKs/MacOSX26.1.sdk/usr/include/mach/arm/asm.h
/Applications/Xcode.app/Contents/Developer/Platforms/MacOSX.platform/Developer/SDKs/MacOSX26.1.sdk/usr/include/mach/i386/boolean.h
/Applications/Xcode.app/Contents/Developer/Platforms/MacOSX.platform/Developer/SDKs/MacOSX26.1.sdk/usr/include/mach/i386/exception.h
/Applications/Xcode.app/Contents/Developer/Platforms/MacOSX.platform/Developer/SDKs/MacOSX26.1.sdk/usr/include/mach/i386/fp_reg.h
/Applications/Xcode.app/Contents/Developer/Platforms/MacOSX.platform/Developer/SDKs/MacOSX26.1.sdk/usr/include/mach/i386/kern_return.h
/Applications/Xcode.app/Contents/Developer/Platforms/MacOSX.platform/Developer/SDKs/MacOSX26.1.sdk/usr/include/mach/machine/ndr_def.h
/Applications/Xcode.app/Contents/Developer/Platforms/MacOSX.platform/Developer/SDKs/MacOSX26.1.sdk/usr/include/mach/arm/ndr_def.h
/Applications/Xcode.app/Contents/Developer/Platforms/MacOSX.platform/Developer/SDKs/MacOSX26.1.sdk/usr/include/mach/i386/processor_info.h
/Applications/Xcode.app/Contents/Developer/Platforms/MacOSX.platform/Developer/SDKs/MacOSX26.1.sdk/usr/include/mach/i386/rpc.h
/Applications/Xcode.app/Contents/Developer/Platforms/MacOSX.platform/Developer/SDKs/MacOSX26.1.sdk/usr/include/mach/machine/sdt_isa.h
/Applications/Xcode.app/Contents/Developer/Platforms/MacOSX.platform/Developer/SDKs/MacOSX26.1.sdk/usr/include/mach/arm/sdt_isa.h
/Applications/Xcode.app/Contents/Developer/Platforms/MacOSX.platform/Developer/SDKs/MacOSX26.1.sdk/usr/include/mach/i386/sdt_isa.h
/Applications/Xcode.app/Contents/Developer/Platforms/MacOSX.platform/Developer/SDKs/MacOSX26.1.sdk/usr/include/mach/i386/thread_state.h
/Applications/Xcode.app/Contents/Developer/Platforms/MacOSX.platform/Developer/SDKs/MacOSX26.1.sdk/usr/include/mach/i386/thread_status.h
/Applications/Xcode.app/Contents/Developer/Platforms/MacOSX.platform/Developer/SDKs/MacOSX26.1.sdk/usr/include/mach/arm/traps.h
/Applications/Xcode.app/Contents/Developer/Platforms/MacOSX.platform/Developer/SDKs/MacOSX26.1.sdk/usr/include/mach/i386/vm_param.h
/Applications/Xcode.app/Contents/Developer/Platforms/MacOSX.platform/Developer/SDKs/MacOSX26.1.sdk/usr/include/mach/i386/vm_types.h
/Applications/Xcode.app/Contents/Developer/Platforms/MacOSX.platform/Developer/SDKs/MacOSX26.1.sdk/usr/include/mach_debug/mach_debug.h
/Applications/Xcode.app/Contents/Developer/Platforms/MacOSX.platform/Developer/SDKs/MacOSX26.1.sdk/usr/include/device/device_types.h
/Applications/Xcode.app/Contents/Developer/Platforms/MacOSX.platform/Developer/SDKs/MacOSX26.1.sdk/usr/include/device/device_port.h
/Applications/Xcode.app/Contents/Developer/Platforms/MacOSX.platform/Developer/SDKs/MacOSX26.1.sdk/usr/include/libkern/OSAtomic.h
/Applications/Xcode.app/Contents/Developer/Platforms/MacOSX.platform/Developer/SDKs/MacOSX26.1.sdk/usr/include/libkern/OSAtomicDeprecated.h
/Applications/Xcode.app/Contents/Developer/Platforms/MacOSX.platform/Developer/SDKs/MacOSX26.1.sdk/usr/include/libkern/OSSpinLockDeprecated.h
/Applications/Xcode.app/Contents/Developer/Platforms/MacOSX.platform/Developer/SDKs/MacOSX26.1.sdk/usr/include/libkern/OSAtomicQueue.h
/Applications/Xcode.app/Contents/Developer/Platforms/MacOSX.platform/Developer/SDKs/MacOSX26.1.sdk/usr/include/libkern/machine/OSByteOrder.h
/Applications/Xcode.app/Contents/Developer/Platforms/MacOSX.platform/Developer/SDKs/MacOSX26.1.sdk/usr/include/libkern/i386/OSByteOrder.h
/Applications/Xcode.app/Contents/Developer/Platforms/MacOSX.platform/Developer/SDKs/MacOSX26.1.sdk/usr/include/libproc.h
/Applications/Xcode.app/Contents/Developer/Platforms/MacOSX.platform/Developer/SDKs/MacOSX26.1.sdk/usr/include/sys/mount.h
/Applications/Xcode.app/Contents/Developer/Platforms/MacOSX.platform/Developer/SDKs/MacOSX26.1.sdk/usr/include/sys/attr.h
/Applications/Xcode.app/Contents/Developer/Platforms/MacOSX.platform/Developer/SDKs/MacOSX26.1.sdk/usr/include/sys/proc_info.h
/Applications/Xcode.app/Contents/Developer/Platforms/MacOSX.platform/Developer/SDKs/MacOSX26.1.sdk/usr/include/sys/kern_control.h
/Applications/Xcode.app/Contents/Developer/Platforms/MacOSX.platform/Developer/SDKs/MacOSX26.1.sdk/usr/include/os/clock.h
/Applications/Xcode.app/Contents/Developer/Platforms/MacOSX.platform/Developer/SDKs/MacOSX26.1.sdk/usr/include/os/lock.h
/Applications/Xcode.app/Contents/Developer/Platforms/MacOSX.platform/Developer/SDKs/MacOSX26.1.sdk/usr/include/os/proc.h
/Applications/Xcode.app/Contents/Developer/Platforms/MacOSX.platform/Developer/SDKs/MacOSX26.1.sdk/usr/include/malloc/malloc.h
/Applications/Xcode.app/Contents/Developer/Platforms/MacOSX.platform/Developer/SDKs/MacOSX26.1.sdk/usr/include/malloc/_platform.h
/Applications/Xcode.app/Contents/Developer/Platforms/MacOSX.platform/Developer/SDKs/MacOSX26.1.sdk/usr/include/sys/malloc.h
/Applications/Xcode.app/Contents/Developer/Platforms/MacOSX.platform/Developer/SDKs/MacOSX26.1.sdk/usr/include/i386/_param.h
/Applications/Xcode.app/Contents/Developer/Platforms/MacOSX.platform/Developer/SDKs/MacOSX26.1.sdk/usr/include/machine/byte_order.h
/Applications/Xcode.app/Contents/Developer/Platforms/MacOSX.platform/Developer/SDKs/MacOSX26.1.sdk/usr/include/architecture/byte_order.h
/Applications/Xcode.app/Contents/Developer/Platforms/MacOSX.platform/Developer/SDKs/MacOSX26.1.sdk/usr/include/i386/eflags.h
/Applications/Xcode.app/Contents/Developer/Platforms/MacOSX.platform/Developer/SDKs/MacOSX26.1.sdk/usr/include/machine/fasttrap_isa.h
/Applications/Xcode.app/Contents/Developer/Platforms/MacOSX.platform/Developer/SDKs/MacOSX26.1.sdk/usr/include/arm/fasttrap_isa.h
/Applications/Xcode.app/Contents/Developer/Platforms/MacOSX.platform/Developer/SDKs/MacOSX26.1.sdk/usr/include/i386/fasttrap_isa.h
/Applications/Xcode.app/Contents/Developer/Platforms/MacOSX.platform/Developer/SDKs/MacOSX26.1.sdk/usr/include/i386/param.h
/Applications/Xcode.app/Contents/Developer/Platforms/MacOSX.platform/Developer/SDKs/MacOSX26.1.sdk/usr/include/machine/profile.h
/Applications/Xcode.app/Contents/Developer/Platforms/MacOSX.platform/Developer/SDKs/MacOSX26.1.sdk/usr/include/arm/profile.h
/Applications/Xcode.app/Contents/Developer/Platforms/MacOSX.platform/Developer/SDKs/MacOSX26.1.sdk/usr/include/i386/profile.h
/Applications/Xcode.app/Contents/Developer/Platforms/MacOSX.platform/Developer/SDKs/MacOSX26.1.sdk/usr/include/i386/user_ldt.h
/Applications/Xcode.app/Contents/Developer/Platforms/MacOSX.platform/Developer/SDKs/MacOSX26.1.sdk/usr/include/machine/vmparam.h
/Applications/Xcode.app/Contents/Developer/Platforms/MacOSX.platform/Developer/SDKs/MacOSX26.1.sdk/usr/include/arm/vmparam.h
/Applications/Xcode.app/Contents/Developer/Platforms/MacOSX.platform/Developer/SDKs/MacOSX26.1.sdk/usr/include/i386/vmparam.h
/Applications/Xcode.app/Contents/Developer/Platforms/MacOSX.platform/Developer/SDKs/MacOSX26.1.sdk/usr/include/aliasdb.h
/Applications/Xcode.app/Contents/Developer/Platforms/MacOSX.platform/Developer/SDKs/MacOSX26.1.sdk/usr/include/bootparams.h
/Applications/Xcode.app/Contents/Developer/Platforms/MacOSX.platform/Developer/SDKs/MacOSX26.1.sdk/usr/include/Block.h
/Applications/Xcode.app/Contents/Developer/Platforms/MacOSX.platform/Developer/SDKs/MacOSX26.1.sdk/usr/include/bsm/audit_domain.h
/Applications/Xcode.app/Contents/Developer/Platforms/MacOSX.platform/Developer/SDKs/MacOSX26.1.sdk/usr/include/bsm/audit_errno.h
/Applications/Xcode.app/Contents/Developer/Platforms/MacOSX.platform/Developer/SDKs/MacOSX26.1.sdk/usr/include/bsm/audit_fcntl.h
/Applications/Xcode.app/Contents/Developer/Platforms/MacOSX.platform/Developer/SDKs/MacOSX26.1.sdk/usr/include/bsm/audit_filter.h
/Applications/Xcode.app/Contents/Developer/Platforms/MacOSX.platform/Developer/SDKs/MacOSX26.1.sdk/usr/include/bsm/libbsm.h
/Applications/Xcode.app/Contents/Developer/Platforms/MacOSX.platform/Developer/SDKs/MacOSX26.1.sdk/usr/include/bsm/audit_record.h
/Applications/Xcode.app/Contents/Developer/Platforms/MacOSX.platform/Developer/SDKs/MacOSX26.1.sdk/usr/include/bsm/audit_internal.h
/Applications/Xcode.app/Contents/Developer/Platforms/MacOSX.platform/Developer/SDKs/MacOSX26.1.sdk/usr/include/bsm/audit_kevents.h
/Applications/Xcode.app/Contents/Developer/Platforms/MacOSX.platform/Developer/SDKs/MacOSX26.1.sdk/usr/include/bsm/audit_session.h
/Applications/Xcode.app/Contents/Developer/Platforms/MacOSX.platform/Developer/SDKs/MacOSX26.1.sdk/usr/include/bsm/audit_socket_type.h
/Applications/Xcode.app/Contents/Developer/Platforms/MacOSX.platform/Developer/SDKs/MacOSX26.1.sdk/usr/include/bsm/audit_uevents.h
/Applications/Xcode.app/Contents/Developer/Platforms/MacOSX.platform/Developer/SDKs/MacOSX26.1.sdk/usr/include/execinfo.h
/Applications/Xcode.app/Contents/Developer/Platforms/MacOSX.platform/Developer/SDKs/MacOSX26.1.sdk/usr/include/fstab.h
/Applications/Xcode.app/Contents/Developer/Platforms/MacOSX.platform/Developer/SDKs/MacOSX26.1.sdk/usr/include/hfs/hfs_format.h
/Applications/Xcode.app/Contents/Developer/Platforms/MacOSX.platform/Developer/SDKs/MacOSX26.1.sdk/usr/include/hfs/hfs_unistr.h
/Applications/Xcode.app/Contents/Developer/Platforms/MacOSX.platform/Developer/SDKs/MacOSX26.1.sdk/usr/include/hfs/hfs_mount.h
/Applications/Xcode.app/Contents/Developer/Platforms/MacOSX.platform/Developer/SDKs/MacOSX26.1.sdk/usr/include/membership.h
/Applications/Xcode.app/Contents/Developer/Platforms/MacOSX.platform/Developer/SDKs/MacOSX26.1.sdk/usr/include/ntsid.h
/Applications/Xcode.app/Contents/Developer/Platforms/MacOSX.platform/Developer/SDKs/MacOSX26.1.sdk/usr/include/curses.h
/Applications/Xcode.app/Contents/Developer/Platforms/MacOSX.platform/Developer/SDKs/MacOSX26.1.sdk/usr/include/ncurses_dll.h
/Applications/Xcode.app/Contents/Developer/Platforms/MacOSX.platform/Developer/SDKs/MacOSX26.1.sdk/usr/include/unctrl.h
/Applications/Xcode.app/Contents/Developer/Platforms/MacOSX.platform/Developer/SDKs/MacOSX26.1.sdk/usr/include/eti.h
/Applications/Xcode.app/Contents/Developer/Platforms/MacOSX.platform/Developer/SDKs/MacOSX26.1.sdk/usr/include/nc_tparm.h
/Applications/Xcode.app/Contents/Developer/Platforms/MacOSX.platform/Developer/SDKs/MacOSX26.1.sdk/usr/include/form.h
/Applications/Xcode.app/Contents/Developer/Platforms/MacOSX.platform/Developer/SDKs/MacOSX26.1.sdk/usr/include/menu.h
/Applications/Xcode.app/Contents/Developer/Platforms/MacOSX.platform/Developer/SDKs/MacOSX26.1.sdk/usr/include/panel.h
/Applications/Xcode.app/Contents/Developer/Platforms/MacOSX.platform/Developer/SDKs/MacOSX26.1.sdk/usr/include/netinet6/ah.h
/Applications/Xcode.app/Contents/Developer/Platforms/MacOSX.platform/Developer/SDKs/MacOSX26.1.sdk/usr/include/netinet6/esp.h
/Applications/Xcode.app/Contents/Developer/Platforms/MacOSX.platform/Developer/SDKs/MacOSX26.1.sdk/usr/include/netinet6/ipcomp.h
/Applications/Xcode.app/Contents/Developer/Platforms/MacOSX.platform/Developer/SDKs/MacOSX26.1.sdk/usr/include/netinet6/ipsec.h
/Applications/Xcode.app/Contents/Developer/Platforms/MacOSX.platform/Developer/SDKs/MacOSX26.1.sdk/usr/include/netinet6/raw_ip6.h
/Applications/Xcode.app/Contents/Developer/Platforms/MacOSX.platform/Developer/SDKs/MacOSX26.1.sdk/usr/include/printerdb.h
/Applications/Xcode.app/Contents/Developer/Platforms/MacOSX.platform/Developer/SDKs/MacOSX26.1.sdk/usr/include/sys/_structs.h
/Applications/Xcode.app/Contents/Developer/Platforms/MacOSX.platform/Developer/SDKs/MacOSX26.1.sdk/usr/include/sys/acct.h
/Applications/Xcode.app/Contents/Developer/Platforms/MacOSX.platform/Developer/SDKs/MacOSX26.1.sdk/usr/include/sys/acl.h
/Applications/Xcode.app/Contents/Developer/Platforms/MacOSX.platform/Developer/SDKs/MacOSX26.1.sdk/usr/include/sys/kauth.h
/Applications/Xcode.app/Contents/Developer/Platforms/MacOSX.platform/Developer/SDKs/MacOSX26.1.sdk/usr/include/sys/buf.h
/Applications/Xcode.app/Contents/Developer/Platforms/MacOSX.platform/Developer/SDKs/MacOSX26.1.sdk/usr/include/sys/kernel_types.h
/Applications/Xcode.app/Contents/Developer/Platforms/MacOSX.platform/Developer/SDKs/MacOSX26.1.sdk/usr/include/sys/clonefile.h
/Applications/Xcode.app/Contents/Developer/Platforms/MacOSX.platform/Developer/SDKs/MacOSX26.1.sdk/usr/include/sys/commpage.h
/Applications/Xcode.app/Contents/Developer/Platforms/MacOSX.platform/Developer/SDKs/MacOSX26.1.sdk/usr/include/sys/conf.h
/Applications/Xcode.app/Contents/Developer/Platforms/MacOSX.platform/Developer/SDKs/MacOSX26.1.sdk/usr/include/sys/disk.h
/Applications/Xcode.app/Contents/Developer/Platforms/MacOSX.platform/Developer/SDKs/MacOSX26.1.sdk/usr/include/sys/dkstat.h
/Applications/Xcode.app/Contents/Developer/Platforms/MacOSX.platform/Developer/SDKs/MacOSX26.1.sdk/usr/include/sys/domain.h
/Applications/Xcode.app/Contents/Developer/Platforms/MacOSX.platform/Developer/SDKs/MacOSX26.1.sdk/usr/include/sys/ev.h
/Applications/Xcode.app/Contents/Developer/Platforms/MacOSX.platform/Developer/SDKs/MacOSX26.1.sdk/usr/include/sys/file.h
/Applications/Xcode.app/Contents/Developer/Platforms/MacOSX.platform/Developer/SDKs/MacOSX26.1.sdk/usr/include/sys/filedesc.h
/Applications/Xcode.app/Contents/Developer/Platforms/MacOSX.platform/Developer/SDKs/MacOSX26.1.sdk/usr/include/sys/fileport.h
/Applications/Xcode.app/Contents/Developer/Platforms/MacOSX.platform/Developer/SDKs/MacOSX26.1.sdk/usr/include/sys/fsgetpath.h
/Applications/Xcode.app/Contents/Developer/Platforms/MacOSX.platform/Developer/SDKs/MacOSX26.1.sdk/usr/include/sys/gmon.h
/Applications/Xcode.app/Contents/Developer/Platforms/MacOSX.platform/Developer/SDKs/MacOSX26.1.sdk/usr/include/sys/ioctl_compat.h
/Applications/Xcode.app/Contents/Developer/Platforms/MacOSX.platform/Developer/SDKs/MacOSX26.1.sdk/usr/include/sys/ttychars.h
/Applications/Xcode.app/Contents/Developer/Platforms/MacOSX.platform/Developer/SDKs/MacOSX26.1.sdk/usr/include/sys/ttydev.h
/Applications/Xcode.app/Contents/Developer/Platforms/MacOSX.platform/Developer/SDKs/MacOSX26.1.sdk/usr/include/sys/kdebug.h
/Applications/Xcode.app/Contents/Developer/Platforms/MacOSX.platform/Developer/SDKs/MacOSX26.1.sdk/usr/include/sys/kdebug_signpost.h
/Applications/Xcode.app/Contents/Developer/Platforms/MacOSX.platform/Developer/SDKs/MacOSX26.1.sdk/usr/include/sys/lctx.h
/Applications/Xcode.app/Contents/Developer/Platforms/MacOSX.platform/Developer/SDKs/MacOSX26.1.sdk/usr/include/sys/mbuf.h
/Applications/Xcode.app/Contents/Developer/Platforms/MacOSX.platform/Developer/SDKs/MacOSX26.1.sdk/usr/include/sys/msgbuf.h
/Applications/Xcode.app/Contents/Developer/Platforms/MacOSX.platform/Developer/SDKs/MacOSX26.1.sdk/usr/include/sys/netport.h
/Applications/Xcode.app/Contents/Developer/Platforms/MacOSX.platform/Developer/SDKs/MacOSX26.1.sdk/usr/include/sys/paths.h
/Applications/Xcode.app/Contents/Developer/Platforms/MacOSX.platform/Developer/SDKs/MacOSX26.1.sdk/usr/include/sys/pipe.h
/Applications/Xcode.app/Contents/Developer/Platforms/MacOSX.platform/Developer/SDKs/MacOSX26.1.sdk/usr/include/sys/quota.h
/Applications/Xcode.app/Contents/Developer/Platforms/MacOSX.platform/Developer/SDKs/MacOSX26.1.sdk/usr/include/sys/rbtree.h
/Applications/Xcode.app/Contents/Developer/Platforms/MacOSX.platform/Developer/SDKs/MacOSX26.1.sdk/usr/include/sys/reboot.h
/Applications/Xcode.app/Contents/Developer/Platforms/MacOSX.platform/Developer/SDKs/MacOSX26.1.sdk/usr/include/sys/resourcevar.h
/Applications/Xcode.app/Contents/Developer/Platforms/MacOSX.platform/Developer/SDKs/MacOSX26.1.sdk/usr/include/sys/sbuf.h
/Applications/Xcode.app/Contents/Developer/Platforms/MacOSX.platform/Developer/SDKs/MacOSX26.1.sdk/usr/include/sys/signalvar.h
/Applications/Xcode.app/Contents/Developer/Platforms/MacOSX.platform/Developer/SDKs/MacOSX26.1.sdk/usr/include/sys/syscall.h
/Applications/Xcode.app/Contents/Developer/Platforms/MacOSX.platform/Developer/SDKs/MacOSX26.1.sdk/usr/include/sys/timeb.h
/Applications/Xcode.app/Contents/Developer/Platforms/MacOSX.platform/Developer/SDKs/MacOSX26.1.sdk/usr/include/sys/trace.h
/Applications/Xcode.app/Contents/Developer/Platforms/MacOSX.platform/Developer/SDKs/MacOSX26.1.sdk/usr/include/sys/tty.h
/Applications/Xcode.app/Contents/Developer/Platforms/MacOSX.platform/Developer/SDKs/MacOSX26.1.sdk/usr/include/sys/ucontext.h
/Applications/Xcode.app/Contents/Developer/Platforms/MacOSX.platform/Developer/SDKs/MacOSX26.1.sdk/usr/include/sys/unpcb.h
/Applications/Xcode.app/Contents/Developer/Platforms/MacOSX.platform/Developer/SDKs/MacOSX26.1.sdk/usr/include/sys/user.h
/Applications/Xcode.app/Contents/Developer/Platforms/MacOSX.platform/Developer/SDKs/MacOSX26.1.sdk/usr/include/sys/utfconv.h
/Applications/Xcode.app/Contents/Developer/Platforms/MacOSX.platform/Developer/SDKs/MacOSX26.1.sdk/usr/include/sys/vcmd.h
/Applications/Xcode.app/Contents/Developer/Platforms/MacOSX.platform/Developer/SDKs/MacOSX26.1.sdk/usr/include/sys/vnode.h
/Applications/Xcode.app/Contents/Developer/Platforms/MacOSX.platform/Developer/SDKs/MacOSX26.1.sdk/usr/include/_modules/_darwin_sys_signal.h
/Applications/Xcode.app/Contents/Developer/Platforms/MacOSX.platform/Developer/SDKs/MacOSX26.1.sdk/usr/include/sysdir.h
/Applications/Xcode.app/Contents/Developer/Platforms/MacOSX.platform/Developer/SDKs/MacOSX26.1.sdk/usr/include/libc.h
/Applications/Xcode.app/Contents/Developer/Platforms/MacOSX.platform/Developer/SDKs/MacOSX26.1.sdk/usr/include/paths.h
/Applications/Xcode.app/Contents/Developer/Platforms/MacOSX.platform/Developer/SDKs/MacOSX26.1.sdk/usr/include/sysexits.h
/Applications/Xcode.app/Contents/Developer/Platforms/MacOSX.platform/Developer/SDKs/MacOSX26.1.sdk/SDKSettings.json
/Applications/Xcode.app/Contents/Developer/Toolchains/XcodeDefault.xctoolchain/usr/lib/swift/macosx/prebuilt-modules/26.1/Darwin.swiftmodule/arm64e-apple-macos.swiftmodule
/Applications/Xcode.app/Contents/Developer/Platforms/MacOSX.platform/Developer/SDKs/MacOSX26.1.sdk/System/Library/Frameworks/DiskArbitration.framework/Modules/module.modulemap
/Applications/Xcode.app/Contents/Developer/Platforms/MacOSX.platform/Developer/SDKs/MacOSX26.1.sdk/System/Library/Frameworks/DiskArbitration.framework/Headers/DiskArbitration.h
/Applications/Xcode.app/Contents/Developer/Platforms/MacOSX.platform/Developer/SDKs/MacOSX26.1.sdk/System/Library/Frameworks/CoreFoundation.framework/Modules/module.modulemap
/Applications/Xcode.app/Contents/Developer/Platforms/MacOSX.platform/Developer/SDKs/MacOSX26.1.sdk/usr/include/Darwin.modulemap
/Applications/Xcode.app/Contents/Developer/Platforms/MacOSX.platform/Developer/SDKs/MacOSX26.1.sdk/usr/include/DarwinFoundation1.modulemap
/Applications/Xcode.app/Contents/Developer/Platforms/MacOSX.platform/Developer/SDKs/MacOSX26.1.sdk/System/Library/Frameworks/DiskArbitration.framework/Headers/DADisk.h
/Applications/Xcode.app/Contents/Developer/Platforms/MacOSX.platform/Developer/SDKs/MacOSX26.1.sdk/System/Library/Frameworks/IOKit.framework/Modules/module.modulemap
/Applications/Xcode.app/Contents/Developer/Platforms/MacOSX.platform/Developer/SDKs/MacOSX26.1.sdk/System/Library/Frameworks/DiskArbitration.framework/Headers/DASession.h
/Applications/Xcode.app/Contents/Developer/Platforms/MacOSX.platform/Developer/SDKs/MacOSX26.1.sdk/System/Library/Frameworks/DiskArbitration.framework/Headers/DADissenter.h
/Applications/Xcode.app/Contents/Developer/Platforms/MacOSX.platform/Developer/SDKs/MacOSX26.1.sdk/SDKSettings.json
/Applications/Xcode.app/Contents/Developer/Platforms/MacOSX.platform/Developer/SDKs/MacOSX26.1.sdk/usr/include/Dispatch.apinotes
/Applications/Xcode.app/Contents/Developer/Platforms/MacOSX.platform/Developer/SDKs/MacOSX26.1.sdk/usr/include/dispatch.modulemap
/Applications/Xcode.app/Contents/Developer/Platforms/MacOSX.platform/Developer/SDKs/MacOSX26.1.sdk/usr/include/os.modulemap
/Applications/Xcode.app/Contents/Developer/Platforms/MacOSX.platform/Developer/SDKs/MacOSX26.1.sdk/usr/include/Darwin.modulemap
/Applications/Xcode.app/Contents/Developer/Platforms/MacOSX.platform/Developer/SDKs/MacOSX26.1.sdk/usr/include/Darwin_C.modulemap
/Applications/Xcode.app/Contents/Developer/Platforms/MacOSX.platform/Developer/SDKs/MacOSX26.1.sdk/usr/include/Darwin_POSIX.modulemap
/Applications/Xcode.app/Contents/Developer/Platforms/MacOSX.platform/Developer/SDKs/MacOSX26.1.sdk/usr/include/net.modulemap
/Applications/Xcode.app/Contents/Developer/Platforms/MacOSX.platform/Developer/SDKs/MacOSX26.1.sdk/usr/include/netinet.modulemap
/Applications/Xcode.app/Contents/Developer/Platforms/MacOSX.platform/Developer/SDKs/MacOSX26.1.sdk/usr/include/bank.modulemap
/Applications/Xcode.app/Contents/Developer/Platforms/MacOSX.platform/Developer/SDKs/MacOSX26.1.sdk/usr/include/Darwin_Mach.modulemap
/Applications/Xcode.app/Contents/Developer/Platforms/MacOSX.platform/Developer/SDKs/MacOSX26.1.sdk/usr/include/Darwin_Mach_machine.modulemap
/Applications/Xcode.app/Contents/Developer/Platforms/MacOSX.platform/Developer/SDKs/MacOSX26.1.sdk/usr/include/mach_debug.modulemap
/Applications/Xcode.app/Contents/Developer/Platforms/MacOSX.platform/Developer/SDKs/MacOSX26.1.sdk/usr/include/device.modulemap
/Applications/Xcode.app/Contents/Developer/Platforms/MacOSX.platform/Developer/SDKs/MacOSX26.1.sdk/usr/include/Darwin_machine.modulemap
/Applications/Xcode.app/Contents/Developer/Platforms/MacOSX.platform/Developer/SDKs/MacOSX26.1.sdk/usr/include/ncurses.modulemap
/Applications/Xcode.app/Contents/Developer/Platforms/MacOSX.platform/Developer/SDKs/MacOSX26.1.sdk/usr/include/netinet6.modulemap
/Applications/Xcode.app/Contents/Developer/Platforms/MacOSX.platform/Developer/SDKs/MacOSX26.1.sdk/usr/include/Darwin_sys.modulemap
/Applications/Xcode.app/Contents/Developer/Platforms/MacOSX.platform/Developer/SDKs/MacOSX26.1.sdk/usr/include/uuid.modulemap
/Applications/Xcode.app/Contents/Developer/Platforms/MacOSX.platform/Developer/SDKs/MacOSX26.1.sdk/usr/include/DarwinFoundation2.modulemap
/Applications/Xcode.app/Contents/Developer/Platforms/MacOSX.platform/Developer/SDKs/MacOSX26.1.sdk/usr/include/DarwinFoundation3.modulemap
/Applications/Xcode.app/Contents/Developer/Platforms/MacOSX.platform/Developer/SDKs/MacOSX26.1.sdk/usr/include/DarwinFoundation1.modulemap
/Applications/Xcode.app/Contents/Developer/Platforms/MacOSX.platform/Developer/SDKs/MacOSX26.1.sdk/usr/include/dispatch/dispatch.h
/Applications/Xcode.app/Contents/Developer/Toolchains/XcodeDefault.xctoolchain/usr/lib/swift/clang/include/module.modulemap
/Applications/Xcode.app/Contents/Developer/Toolchains/XcodeDefault.xctoolchain/usr/lib/swift/clang/include/stddef.h
/Applications/Xcode.app/Contents/Developer/Toolchains/XcodeDefault.xctoolchain/usr/lib/swift/clang/include/stdarg.h
/Applications/Xcode.app/Contents/Developer/Platforms/MacOSX.platform/Developer/SDKs/MacOSX26.1.sdk/usr/include/string.h
/Applications/Xcode.app/Contents/Developer/Platforms/MacOSX.platform/Developer/SDKs/MacOSX26.1.sdk/usr/include/dispatch/base.h
/Applications/Xcode.app/Contents/Developer/Platforms/MacOSX.platform/Developer/SDKs/MacOSX26.1.sdk/usr/include/dispatch/time.h
/Applications/Xcode.app/Contents/Developer/Platforms/MacOSX.platform/Developer/SDKs/MacOSX26.1.sdk/usr/include/dispatch/object.h
/Applications/Xcode.app/Contents/Developer/Platforms/MacOSX.platform/Developer/SDKs/MacOSX26.1.sdk/usr/include/dispatch/queue.h
/Applications/Xcode.app/Contents/Developer/Platforms/MacOSX.platform/Developer/SDKs/MacOSX26.1.sdk/usr/include/dispatch/block.h
/Applications/Xcode.app/Contents/Developer/Platforms/MacOSX.platform/Developer/SDKs/MacOSX26.1.sdk/usr/include/dispatch/source.h
/Applications/Xcode.app/Contents/Developer/Platforms/MacOSX.platform/Developer/SDKs/MacOSX26.1.sdk/usr/include/dispatch/group.h
/Applications/Xcode.app/Contents/Developer/Platforms/MacOSX.platform/Developer/SDKs/MacOSX26.1.sdk/usr/include/dispatch/semaphore.h
/Applications/Xcode.app/Contents/Developer/Platforms/MacOSX.platform/Developer/SDKs/MacOSX26.1.sdk/usr/include/dispatch/once.h
/Applications/Xcode.app/Contents/Developer/Platforms/MacOSX.platform/Developer/SDKs/MacOSX26.1.sdk/usr/include/dispatch/data.h
/Applications/Xcode.app/Contents/Developer/Platforms/MacOSX.platform/Developer/SDKs/MacOSX26.1.sdk/usr/include/dispatch/io.h
/Applications/Xcode.app/Contents/Developer/Platforms/MacOSX.platform/Developer/SDKs/MacOSX26.1.sdk/usr/include/dispatch/workloop.h
/Applications/Xcode.app/Contents/Developer/Platforms/MacOSX.platform/Developer/SDKs/MacOSX26.1.sdk/usr/include/dispatch/dispatch_swift_shims.h
/Applications/Xcode.app/Contents/Developer/Platforms/MacOSX.platform/Developer/SDKs/MacOSX26.1.sdk/SDKSettings.json
/Applications/Xcode.app/Contents/Developer/Toolchains/XcodeDefault.xctoolchain/usr/lib/swift/macosx/prebuilt-modules/26.1/Dispatch.swiftmodule/arm64e-apple-macos.swiftmodule
/Applications/Xcode.app/Contents/Developer/Toolchains/XcodeDefault.xctoolchain/usr/lib/swift/macosx/prebuilt-modules/26.1/Foundation.swiftmodule/arm64e-apple-macos.swiftmodule
/Applications/Xcode.app/Contents/Developer/Platforms/MacOSX.platform/Developer/SDKs/MacOSX26.1.sdk/System/Library/Frameworks/Foundation.framework/Headers/Foundation.apinotes
/Applications/Xcode.app/Contents/Developer/Platforms/MacOSX.platform/Developer/SDKs/MacOSX26.1.sdk/System/Library/Frameworks/Foundation.framework/Modules/module.modulemap
/Applications/Xcode.app/Contents/Developer/Platforms/MacOSX.platform/Developer/SDKs/MacOSX26.1.sdk/System/Library/Frameworks/Foundation.framework/Headers/Foundation.h
/Applications/Xcode.app/Contents/Developer/Platforms/MacOSX.platform/Developer/SDKs/MacOSX26.1.sdk/System/Library/Frameworks/CoreFoundation.framework/Modules/module.modulemap
/Applications/Xcode.app/Contents/Developer/Platforms/MacOSX.platform/Developer/SDKs/MacOSX26.1.sdk/System/Library/Frameworks/Foundation.framework/Headers/NSObjCRuntime.h
/Applications/Xcode.app/Contents/Developer/Platforms/MacOSX.platform/Developer/SDKs/MacOSX26.1.sdk/usr/include/xpc.modulemap
/Applications/Xcode.app/Contents/Developer/Platforms/MacOSX.platform/Developer/SDKs/MacOSX26.1.sdk/usr/include/dispatch.modulemap
/Applications/Xcode.app/Contents/Developer/Platforms/MacOSX.platform/Developer/SDKs/MacOSX26.1.sdk/usr/include/ObjectiveC.modulemap
/Applications/Xcode.app/Contents/Developer/Platforms/MacOSX.platform/Developer/SDKs/MacOSX26.1.sdk/usr/include/Darwin.modulemap
/Applications/Xcode.app/Contents/Developer/Platforms/MacOSX.platform/Developer/SDKs/MacOSX26.1.sdk/usr/include/DarwinFoundation1.modulemap
/Applications/Xcode.app/Contents/Developer/Toolchains/XcodeDefault.xctoolchain/usr/lib/swift/clang/include/module.modulemap
/Applications/Xcode.app/Contents/Developer/Toolchains/XcodeDefault.xctoolchain/usr/lib/swift/clang/include/stdarg.h
/Applications/Xcode.app/Contents/Developer/Platforms/MacOSX.platform/Developer/SDKs/MacOSX26.1.sdk/System/Library/Frameworks/Foundation.framework/Headers/NSArray.h
/Applications/Xcode.app/Contents/Developer/Platforms/MacOSX.platform/Developer/SDKs/MacOSX26.1.sdk/System/Library/Frameworks/Foundation.framework/Headers/NSObject.h
/Applications/Xcode.app/Contents/Developer/Platforms/MacOSX.platform/Developer/SDKs/MacOSX26.1.sdk/System/Library/Frameworks/Foundation.framework/Headers/NSZone.h
/Applications/Xcode.app/Contents/Developer/Toolchains/XcodeDefault.xctoolchain/usr/lib/swift/clang/include/stddef.h
/Applications/Xcode.app/Contents/Developer/Platforms/MacOSX.platform/Developer/SDKs/MacOSX26.1.sdk/System/Library/Frameworks/Foundation.framework/Headers/NSEnumerator.h
/Applications/Xcode.app/Contents/Developer/Platforms/MacOSX.platform/Developer/SDKs/MacOSX26.1.sdk/System/Library/Frameworks/Foundation.framework/Headers/NSRange.h
/Applications/Xcode.app/Contents/Developer/Platforms/MacOSX.platform/Developer/SDKs/MacOSX26.1.sdk/System/Library/Frameworks/Foundation.framework/Headers/NSValue.h
/Applications/Xcode.app/Contents/Developer/Platforms/MacOSX.platform/Developer/SDKs/MacOSX26.1.sdk/System/Library/Frameworks/Foundation.framework/Headers/NSOrderedCollectionDifference.h
/Applications/Xcode.app/Contents/Developer/Platforms/MacOSX.platform/Developer/SDKs/MacOSX26.1.sdk/System/Library/Frameworks/Foundation.framework/Headers/NSOrderedCollectionChange.h
/Applications/Xcode.app/Contents/Developer/Platforms/MacOSX.platform/Developer/SDKs/MacOSX26.1.sdk/System/Library/Frameworks/Foundation.framework/Headers/NSIndexSet.h
/Applications/Xcode.app/Contents/Developer/Platforms/MacOSX.platform/Developer/SDKs/MacOSX26.1.sdk/System/Library/Frameworks/Foundation.framework/Headers/NSAutoreleasePool.h
/Applications/Xcode.app/Contents/Developer/Platforms/MacOSX.platform/Developer/SDKs/MacOSX26.1.sdk/System/Library/Frameworks/Foundation.framework/Headers/NSBundle.h
/Applications/Xcode.app/Contents/Developer/Platforms/MacOSX.platform/Developer/SDKs/MacOSX26.1.sdk/System/Library/Frameworks/Foundation.framework/Headers/NSString.h
/Applications/Xcode.app/Contents/Developer/Platforms/MacOSX.platform/Developer/SDKs/MacOSX26.1.sdk/System/Library/Frameworks/Foundation.framework/Headers/NSItemProvider.h
/Applications/Xcode.app/Contents/Developer/Platforms/MacOSX.platform/Developer/SDKs/MacOSX26.1.sdk/System/Library/Frameworks/Foundation.framework/Headers/NSDictionary.h
/Applications/Xcode.app/Contents/Developer/Platforms/MacOSX.platform/Developer/SDKs/MacOSX26.1.sdk/System/Library/Frameworks/Foundation.framework/Headers/NSSet.h
/Applications/Xcode.app/Contents/Developer/Platforms/MacOSX.platform/Developer/SDKs/MacOSX26.1.sdk/System/Library/Frameworks/Foundation.framework/Headers/NSProgress.h
/Applications/Xcode.app/Contents/Developer/Platforms/MacOSX.platform/Developer/SDKs/MacOSX26.1.sdk/System/Library/Frameworks/Foundation.framework/Headers/NSNotification.h
/Applications/Xcode.app/Contents/Developer/Platforms/MacOSX.platform/Developer/SDKs/MacOSX26.1.sdk/System/Library/Frameworks/Foundation.framework/Headers/NSByteOrder.h
/Applications/Xcode.app/Contents/Developer/Platforms/MacOSX.platform/Developer/SDKs/MacOSX26.1.sdk/System/Library/Frameworks/Foundation.framework/Headers/NSCalendar.h
/Applications/Xcode.app/Contents/Developer/Platforms/MacOSX.platform/Developer/SDKs/MacOSX26.1.sdk/System/Library/Frameworks/Foundation.framework/Headers/NSDate.h
/Applications/Xcode.app/Contents/Developer/Platforms/MacOSX.platform/Developer/SDKs/MacOSX26.1.sdk/System/Library/Frameworks/Foundation.framework/Headers/NSCharacterSet.h
/Applications/Xcode.app/Contents/Developer/Platforms/MacOSX.platform/Developer/SDKs/MacOSX26.1.sdk/System/Library/Frameworks/Foundation.framework/Headers/NSCoder.h
/Applications/Xcode.app/Contents/Developer/Platforms/MacOSX.platform/Developer/SDKs/MacOSX26.1.sdk/System/Library/Frameworks/Foundation.framework/Headers/NSData.h
/Applications/Xcode.app/Contents/Developer/Platforms/MacOSX.platform/Developer/SDKs/MacOSX26.1.sdk/System/Library/Frameworks/Foundation.framework/Headers/NSDateInterval.h
/Applications/Xcode.app/Contents/Developer/Platforms/MacOSX.platform/Developer/SDKs/MacOSX26.1.sdk/System/Library/Frameworks/Foundation.framework/Headers/NSDateFormatter.h
/Applications/Xcode.app/Contents/Developer/Platforms/MacOSX.platform/Developer/SDKs/MacOSX26.1.sdk/System/Library/Frameworks/Foundation.framework/Headers/NSFormatter.h
/Applications/Xcode.app/Contents/Developer/Platforms/MacOSX.platform/Developer/SDKs/MacOSX26.1.sdk/System/Library/Frameworks/Foundation.framework/Headers/NSAttributedString.h
/Applications/Xcode.app/Contents/Developer/Platforms/MacOSX.platform/Developer/SDKs/MacOSX26.1.sdk/System/Library/Frameworks/Foundation.framework/Headers/NSDateIntervalFormatter.h
/Applications/Xcode.app/Contents/Developer/Platforms/MacOSX.platform/Developer/SDKs/MacOSX26.1.sdk/System/Library/Frameworks/Foundation.framework/Headers/NSISO8601DateFormatter.h
/Applications/Xcode.app/Contents/Developer/Platforms/MacOSX.platform/Developer/SDKs/MacOSX26.1.sdk/System/Library/Frameworks/Foundation.framework/Headers/NSMassFormatter.h
/Applications/Xcode.app/Contents/Developer/Platforms/MacOSX.platform/Developer/SDKs/MacOSX26.1.sdk/System/Library/Frameworks/Foundation.framework/Headers/NSLengthFormatter.h
/Applications/Xcode.app/Contents/Developer/Platforms/MacOSX.platform/Developer/SDKs/MacOSX26.1.sdk/System/Library/Frameworks/Foundation.framework/Headers/NSEnergyFormatter.h
/Applications/Xcode.app/Contents/Developer/Platforms/MacOSX.platform/Developer/SDKs/MacOSX26.1.sdk/System/Library/Frameworks/Foundation.framework/Headers/NSMeasurementFormatter.h
/Applications/Xcode.app/Contents/Developer/Platforms/MacOSX.platform/Developer/SDKs/MacOSX26.1.sdk/System/Library/Frameworks/Foundation.framework/Headers/NSNumberFormatter.h
/Applications/Xcode.app/Contents/Developer/Platforms/MacOSX.platform/Developer/SDKs/MacOSX26.1.sdk/System/Library/Frameworks/Foundation.framework/Headers/NSMeasurement.h
/Applications/Xcode.app/Contents/Developer/Platforms/MacOSX.platform/Developer/SDKs/MacOSX26.1.sdk/System/Library/Frameworks/Foundation.framework/Headers/NSUnit.h
/Applications/Xcode.app/Contents/Developer/Platforms/MacOSX.platform/Developer/SDKs/MacOSX26.1.sdk/System/Library/Frameworks/Foundation.framework/Headers/NSLocale.h
/Applications/Xcode.app/Contents/Developer/Platforms/MacOSX.platform/Developer/SDKs/MacOSX26.1.sdk/System/Library/Frameworks/Foundation.framework/Headers/NSPersonNameComponents.h
/Applications/Xcode.app/Contents/Developer/Platforms/MacOSX.platform/Developer/SDKs/MacOSX26.1.sdk/System/Library/Frameworks/Foundation.framework/Headers/NSPersonNameComponentsFormatter.h
/Applications/Xcode.app/Contents/Developer/Platforms/MacOSX.platform/Developer/SDKs/MacOSX26.1.sdk/System/Library/Frameworks/Foundation.framework/Headers/NSRelativeDateTimeFormatter.h
/Applications/Xcode.app/Contents/Developer/Platforms/MacOSX.platform/Developer/SDKs/MacOSX26.1.sdk/System/Library/Frameworks/Foundation.framework/Headers/NSListFormatter.h
/Applications/Xcode.app/Contents/Developer/Platforms/MacOSX.platform/Developer/SDKs/MacOSX26.1.sdk/System/Library/Frameworks/Foundation.framework/Headers/NSDecimal.h
/Applications/Xcode.app/Contents/Developer/Platforms/MacOSX.platform/Developer/SDKs/MacOSX26.1.sdk/System/Library/Frameworks/Foundation.framework/Headers/NSDecimalNumber.h
/Applications/Xcode.app/Contents/Developer/Platforms/MacOSX.platform/Developer/SDKs/MacOSX26.1.sdk/System/Library/Frameworks/Foundation.framework/Headers/NSScanner.h
/Applications/Xcode.app/Contents/Developer/Platforms/MacOSX.platform/Developer/SDKs/MacOSX26.1.sdk/System/Library/Frameworks/Foundation.framework/Headers/NSException.h
/Applications/Xcode.app/Contents/Developer/Platforms/MacOSX.platform/Developer/SDKs/MacOSX26.1.sdk/System/Library/Frameworks/Foundation.framework/Headers/NSError.h
/Applications/Xcode.app/Contents/Developer/Platforms/MacOSX.platform/Developer/SDKs/MacOSX26.1.sdk/System/Library/Frameworks/Foundation.framework/Headers/NSFileHandle.h
/Applications/Xcode.app/Contents/Developer/Platforms/MacOSX.platform/Developer/SDKs/MacOSX26.1.sdk/System/Library/Frameworks/Foundation.framework/Headers/NSRunLoop.h
/Applications/Xcode.app/Contents/Developer/Platforms/MacOSX.platform/Developer/SDKs/MacOSX26.1.sdk/System/Library/Frameworks/Foundation.framework/Headers/NSFileManager.h
/Applications/Xcode.app/Contents/Developer/Platforms/MacOSX.platform/Developer/SDKs/MacOSX26.1.sdk/System/Library/Frameworks/Foundation.framework/Headers/NSPathUtilities.h
/Applications/Xcode.app/Contents/Developer/Platforms/MacOSX.platform/Developer/SDKs/MacOSX26.1.sdk/System/Library/Frameworks/Foundation.framework/Headers/NSURL.h
/Applications/Xcode.app/Contents/Developer/Platforms/MacOSX.platform/Developer/SDKs/MacOSX26.1.sdk/System/Library/Frameworks/Foundation.framework/Headers/NSURLHandle.h
/Applications/Xcode.app/Contents/Developer/Platforms/MacOSX.platform/Developer/SDKs/MacOSX26.1.sdk/System/Library/Frameworks/Foundation.framework/Headers/NSHashTable.h
/Applications/Xcode.app/Contents/Developer/Platforms/MacOSX.platform/Developer/SDKs/MacOSX26.1.sdk/System/Library/Frameworks/Foundation.framework/Headers/NSPointerFunctions.h
/Applications/Xcode.app/Contents/Developer/Platforms/MacOSX.platform/Developer/SDKs/MacOSX26.1.sdk/System/Library/Frameworks/Foundation.framework/Headers/NSHTTPCookie.h
/Applications/Xcode.app/Contents/Developer/Platforms/MacOSX.platform/Developer/SDKs/MacOSX26.1.sdk/System/Library/Frameworks/Foundation.framework/Headers/NSHTTPCookieStorage.h
/Applications/Xcode.app/Contents/Developer/Platforms/MacOSX.platform/Developer/SDKs/MacOSX26.1.sdk/System/Library/Frameworks/Foundation.framework/Headers/NSIndexPath.h
/Applications/Xcode.app/Contents/Developer/Platforms/MacOSX.platform/Developer/SDKs/MacOSX26.1.sdk/System/Library/Frameworks/Foundation.framework/Headers/NSInflectionRule.h
/Applications/Xcode.app/Contents/Developer/Platforms/MacOSX.platform/Developer/SDKs/MacOSX26.1.sdk/System/Library/Frameworks/Foundation.framework/Headers/NSInvocation.h
/Applications/Xcode.app/Contents/Developer/Platforms/MacOSX.platform/Developer/SDKs/MacOSX26.1.sdk/System/Library/Frameworks/Foundation.framework/Headers/NSJSONSerialization.h
/Applications/Xcode.app/Contents/Developer/Platforms/MacOSX.platform/Developer/SDKs/MacOSX26.1.sdk/System/Library/Frameworks/Foundation.framework/Headers/NSKeyValueCoding.h
/Applications/Xcode.app/Contents/Developer/Platforms/MacOSX.platform/Developer/SDKs/MacOSX26.1.sdk/System/Library/Frameworks/Foundation.framework/Headers/NSOrderedSet.h
/Applications/Xcode.app/Contents/Developer/Platforms/MacOSX.platform/Developer/SDKs/MacOSX26.1.sdk/System/Library/Frameworks/Foundation.framework/Headers/NSKeyValueObserving.h
/Applications/Xcode.app/Contents/Developer/Platforms/MacOSX.platform/Developer/SDKs/MacOSX26.1.sdk/System/Library/Frameworks/Foundation.framework/Headers/NSKeyValueSharedObservers.h
/Applications/Xcode.app/Contents/Developer/Platforms/MacOSX.platform/Developer/SDKs/MacOSX26.1.sdk/System/Library/Frameworks/Foundation.framework/Headers/NSKeyedArchiver.h
/Applications/Xcode.app/Contents/Developer/Platforms/MacOSX.platform/Developer/SDKs/MacOSX26.1.sdk/System/Library/Frameworks/Foundation.framework/Headers/NSPropertyList.h
/Applications/Xcode.app/Contents/Developer/Platforms/MacOSX.platform/Developer/SDKs/MacOSX26.1.sdk/System/Library/Frameworks/Foundation.framework/Headers/NSGeometry.h
/Applications/Xcode.app/Contents/Developer/Platforms/MacOSX.platform/Developer/SDKs/MacOSX26.1.sdk/System/Library/Frameworks/Foundation.framework/Headers/NSLock.h
/Applications/Xcode.app/Contents/Developer/Platforms/MacOSX.platform/Developer/SDKs/MacOSX26.1.sdk/System/Library/Frameworks/Foundation.framework/Headers/NSMapTable.h
/Applications/Xcode.app/Contents/Developer/Platforms/MacOSX.platform/Developer/SDKs/MacOSX26.1.sdk/System/Library/Frameworks/Foundation.framework/Headers/NSMethodSignature.h
/Applications/Xcode.app/Contents/Developer/Platforms/MacOSX.platform/Developer/SDKs/MacOSX26.1.sdk/System/Library/Frameworks/Foundation.framework/Headers/NSMorphology.h
/Applications/Xcode.app/Contents/Developer/Platforms/MacOSX.platform/Developer/SDKs/MacOSX26.1.sdk/System/Library/Frameworks/Foundation.framework/Headers/NSTermOfAddress.h
/Applications/Xcode.app/Contents/Developer/Platforms/MacOSX.platform/Developer/SDKs/MacOSX26.1.sdk/System/Library/Frameworks/Foundation.framework/Headers/NSNotificationQueue.h
/Applications/Xcode.app/Contents/Developer/Platforms/MacOSX.platform/Developer/SDKs/MacOSX26.1.sdk/System/Library/Frameworks/Foundation.framework/Headers/NSNull.h
/Applications/Xcode.app/Contents/Developer/Platforms/MacOSX.platform/Developer/SDKs/MacOSX26.1.sdk/System/Library/Frameworks/Foundation.framework/Headers/NSLocalizedNumberFormatRule.h
/Applications/Xcode.app/Contents/Developer/Platforms/MacOSX.platform/Developer/SDKs/MacOSX26.1.sdk/System/Library/Frameworks/Foundation.framework/Headers/NSOperation.h
/Applications/Xcode.app/Contents/Developer/Platforms/MacOSX.platform/Developer/SDKs/MacOSX26.1.sdk/System/Library/Frameworks/Foundation.framework/Headers/NSOrthography.h
/Applications/Xcode.app/Contents/Developer/Platforms/MacOSX.platform/Developer/SDKs/MacOSX26.1.sdk/System/Library/Frameworks/Foundation.framework/Headers/NSPointerArray.h
/Applications/Xcode.app/Contents/Developer/Platforms/MacOSX.platform/Developer/SDKs/MacOSX26.1.sdk/System/Library/Frameworks/Foundation.framework/Headers/NSPort.h
/Applications/Xcode.app/Contents/Developer/Platforms/MacOSX.platform/Developer/SDKs/MacOSX26.1.sdk/System/Library/Frameworks/Foundation.framework/Headers/NSProcessInfo.h
/Applications/Xcode.app/Contents/Developer/Platforms/MacOSX.platform/Developer/SDKs/MacOSX26.1.sdk/System/Library/Frameworks/Foundation.framework/Headers/NSProxy.h
/Applications/Xcode.app/Contents/Developer/Platforms/MacOSX.platform/Developer/SDKs/MacOSX26.1.sdk/System/Library/Frameworks/Foundation.framework/Headers/NSRegularExpression.h
/Applications/Xcode.app/Contents/Developer/Platforms/MacOSX.platform/Developer/SDKs/MacOSX26.1.sdk/System/Library/Frameworks/Foundation.framework/Headers/NSTextCheckingResult.h
/Applications/Xcode.app/Contents/Developer/Platforms/MacOSX.platform/Developer/SDKs/MacOSX26.1.sdk/System/Library/Frameworks/Foundation.framework/Headers/NSSortDescriptor.h
/Applications/Xcode.app/Contents/Developer/Platforms/MacOSX.platform/Developer/SDKs/MacOSX26.1.sdk/System/Library/Frameworks/Foundation.framework/Headers/NSStream.h
/Applications/Xcode.app/Contents/Developer/Platforms/MacOSX.platform/Developer/SDKs/MacOSX26.1.sdk/System/Library/Frameworks/Foundation.framework/Headers/NSThread.h
/Applications/Xcode.app/Contents/Developer/Platforms/MacOSX.platform/Developer/SDKs/MacOSX26.1.sdk/System/Library/Frameworks/Foundation.framework/Headers/NSTimeZone.h
/Applications/Xcode.app/Contents/Developer/Platforms/MacOSX.platform/Developer/SDKs/MacOSX26.1.sdk/System/Library/Frameworks/Foundation.framework/Headers/NSTimer.h
/Applications/Xcode.app/Contents/Developer/Platforms/MacOSX.platform/Developer/SDKs/MacOSX26.1.sdk/System/Library/Frameworks/Foundation.framework/Headers/NSURLAuthenticationChallenge.h
/Applications/Xcode.app/Contents/Developer/Platforms/MacOSX.platform/Developer/SDKs/MacOSX26.1.sdk/System/Library/Frameworks/Foundation.framework/Headers/NSURLCache.h
/Applications/Xcode.app/Contents/Developer/Platforms/MacOSX.platform/Developer/SDKs/MacOSX26.1.sdk/System/Library/Frameworks/Foundation.framework/Headers/NSURLConnection.h
/Applications/Xcode.app/Contents/Developer/Platforms/MacOSX.platform/Developer/SDKs/MacOSX26.1.sdk/System/Library/Frameworks/Foundation.framework/Headers/NSURLCredential.h
/Applications/Xcode.app/Contents/Developer/Platforms/MacOSX.platform/Developer/SDKs/MacOSX26.1.sdk/System/Library/Frameworks/Security.framework/Modules/module.modulemap
/Applications/Xcode.app/Contents/Developer/Platforms/MacOSX.platform/Developer/SDKs/MacOSX26.1.sdk/System/Library/Frameworks/Foundation.framework/Headers/NSURLCredentialStorage.h
/Applications/Xcode.app/Contents/Developer/Platforms/MacOSX.platform/Developer/SDKs/MacOSX26.1.sdk/System/Library/Frameworks/Foundation.framework/Headers/NSURLProtectionSpace.h
/Applications/Xcode.app/Contents/Developer/Platforms/MacOSX.platform/Developer/SDKs/MacOSX26.1.sdk/System/Library/Frameworks/Foundation.framework/Headers/NSURLError.h
/Applications/Xcode.app/Contents/Developer/Platforms/MacOSX.platform/Developer/SDKs/MacOSX26.1.sdk/System/Library/Frameworks/CoreServices.framework/Modules/module.modulemap
/Applications/Xcode.app/Contents/Developer/Platforms/MacOSX.platform/Developer/SDKs/MacOSX26.1.sdk/System/Library/Frameworks/Foundation.framework/Headers/NSURLProtocol.h
/Applications/Xcode.app/Contents/Developer/Platforms/MacOSX.platform/Developer/SDKs/MacOSX26.1.sdk/System/Library/Frameworks/Foundation.framework/Headers/NSURLRequest.h
/Applications/Xcode.app/Contents/Developer/Platforms/MacOSX.platform/Developer/SDKs/MacOSX26.1.sdk/System/Library/Frameworks/Foundation.framework/Headers/NSURLResponse.h
/Applications/Xcode.app/Contents/Developer/Platforms/MacOSX.platform/Developer/SDKs/MacOSX26.1.sdk/System/Library/Frameworks/Foundation.framework/Headers/NSUserDefaults.h
/Applications/Xcode.app/Contents/Developer/Platforms/MacOSX.platform/Developer/SDKs/MacOSX26.1.sdk/System/Library/Frameworks/Foundation.framework/Headers/NSValueTransformer.h
/Applications/Xcode.app/Contents/Developer/Platforms/MacOSX.platform/Developer/SDKs/MacOSX26.1.sdk/System/Library/Frameworks/Foundation.framework/Headers/NSXMLParser.h
/Applications/Xcode.app/Contents/Developer/Platforms/MacOSX.platform/Developer/SDKs/MacOSX26.1.sdk/System/Library/Frameworks/Foundation.framework/Headers/NSXPCConnection.h
/Applications/Xcode.app/Contents/Developer/Platforms/MacOSX.platform/Developer/SDKs/MacOSX26.1.sdk/System/Library/Frameworks/Foundation.framework/Headers/FoundationErrors.h
/Applications/Xcode.app/Contents/Developer/Platforms/MacOSX.platform/Developer/SDKs/MacOSX26.1.sdk/System/Library/Frameworks/Foundation.framework/Headers/NSByteCountFormatter.h
/Applications/Xcode.app/Contents/Developer/Platforms/MacOSX.platform/Developer/SDKs/MacOSX26.1.sdk/System/Library/Frameworks/Foundation.framework/Headers/NSCache.h
/Applications/Xcode.app/Contents/Developer/Platforms/MacOSX.platform/Developer/SDKs/MacOSX26.1.sdk/System/Library/Frameworks/Foundation.framework/Headers/NSComparisonPredicate.h
/Applications/Xcode.app/Contents/Developer/Platforms/MacOSX.platform/Developer/SDKs/MacOSX26.1.sdk/System/Library/Frameworks/Foundation.framework/Headers/NSPredicate.h
/Applications/Xcode.app/Contents/Developer/Platforms/MacOSX.platform/Developer/SDKs/MacOSX26.1.sdk/System/Library/Frameworks/Foundation.framework/Headers/NSCompoundPredicate.h
/Applications/Xcode.app/Contents/Developer/Platforms/MacOSX.platform/Developer/SDKs/MacOSX26.1.sdk/System/Library/Frameworks/Foundation.framework/Headers/NSDateComponentsFormatter.h
/Applications/Xcode.app/Contents/Developer/Platforms/MacOSX.platform/Developer/SDKs/MacOSX26.1.sdk/System/Library/Frameworks/Foundation.framework/Headers/NSExpression.h
/Applications/Xcode.app/Contents/Developer/Platforms/MacOSX.platform/Developer/SDKs/MacOSX26.1.sdk/System/Library/Frameworks/Foundation.framework/Headers/NSExtensionContext.h
/Applications/Xcode.app/Contents/Developer/Platforms/MacOSX.platform/Developer/SDKs/MacOSX26.1.sdk/System/Library/Frameworks/Foundation.framework/Headers/NSExtensionItem.h
/Applications/Xcode.app/Contents/Developer/Platforms/MacOSX.platform/Developer/SDKs/MacOSX26.1.sdk/System/Library/Frameworks/Foundation.framework/Headers/NSExtensionRequestHandling.h
/Applications/Xcode.app/Contents/Developer/Platforms/MacOSX.platform/Developer/SDKs/MacOSX26.1.sdk/System/Library/Frameworks/Foundation.framework/Headers/NSFileCoordinator.h
/Applications/Xcode.app/Contents/Developer/Platforms/MacOSX.platform/Developer/SDKs/MacOSX26.1.sdk/System/Library/Frameworks/Foundation.framework/Headers/NSFilePresenter.h
/Applications/Xcode.app/Contents/Developer/Platforms/MacOSX.platform/Developer/SDKs/MacOSX26.1.sdk/System/Library/Frameworks/Foundation.framework/Headers/NSFileVersion.h
/Applications/Xcode.app/Contents/Developer/Platforms/MacOSX.platform/Developer/SDKs/MacOSX26.1.sdk/System/Library/Frameworks/Foundation.framework/Headers/NSFileWrapper.h
/Applications/Xcode.app/Contents/Developer/Platforms/MacOSX.platform/Developer/SDKs/MacOSX26.1.sdk/System/Library/Frameworks/Foundation.framework/Headers/NSLinguisticTagger.h
/Applications/Xcode.app/Contents/Developer/Platforms/MacOSX.platform/Developer/SDKs/MacOSX26.1.sdk/System/Library/Frameworks/Foundation.framework/Headers/NSMetadata.h
/Applications/Xcode.app/Contents/Developer/Platforms/MacOSX.platform/Developer/SDKs/MacOSX26.1.sdk/System/Library/Frameworks/Foundation.framework/Headers/NSMetadataAttributes.h
/Applications/Xcode.app/Contents/Developer/Platforms/MacOSX.platform/Developer/SDKs/MacOSX26.1.sdk/System/Library/Frameworks/Foundation.framework/Headers/NSNetServices.h
/Applications/Xcode.app/Contents/Developer/Platforms/MacOSX.platform/Developer/SDKs/MacOSX26.1.sdk/System/Library/Frameworks/Foundation.framework/Headers/NSUbiquitousKeyValueStore.h
/Applications/Xcode.app/Contents/Developer/Platforms/MacOSX.platform/Developer/SDKs/MacOSX26.1.sdk/System/Library/Frameworks/Foundation.framework/Headers/NSUndoManager.h
/Applications/Xcode.app/Contents/Developer/Platforms/MacOSX.platform/Developer/SDKs/MacOSX26.1.sdk/System/Library/Frameworks/Foundation.framework/Headers/NSURLSession.h
/Applications/Xcode.app/Contents/Developer/Platforms/MacOSX.platform/Developer/SDKs/MacOSX26.1.sdk/System/Library/Frameworks/Foundation.framework/Headers/NSUserActivity.h
/Applications/Xcode.app/Contents/Developer/Platforms/MacOSX.platform/Developer/SDKs/MacOSX26.1.sdk/System/Library/Frameworks/Foundation.framework/Headers/NSUUID.h
/Applications/Xcode.app/Contents/Developer/Platforms/MacOSX.platform/Developer/SDKs/MacOSX26.1.sdk/System/Library/Frameworks/Foundation.framework/Headers/NSAffineTransform.h
/Applications/Xcode.app/Contents/Developer/Platforms/MacOSX.platform/Developer/SDKs/MacOSX26.1.sdk/System/Library/Frameworks/Foundation.framework/Headers/NSAppleScript.h
/Applications/Xcode.app/Contents/Developer/Platforms/MacOSX.platform/Developer/SDKs/MacOSX26.1.sdk/System/Library/Frameworks/Foundation.framework/Headers/NSArchiver.h
/Applications/Xcode.app/Contents/Developer/Platforms/MacOSX.platform/Developer/SDKs/MacOSX26.1.sdk/System/Library/Frameworks/Foundation.framework/Headers/NSBackgroundActivityScheduler.h
/Applications/Xcode.app/Contents/Developer/Platforms/MacOSX.platform/Developer/SDKs/MacOSX26.1.sdk/System/Library/Frameworks/Foundation.framework/Headers/NSCalendarDate.h
/Applications/Xcode.app/Contents/Developer/Platforms/MacOSX.platform/Developer/SDKs/MacOSX26.1.sdk/System/Library/Frameworks/Foundation.framework/Headers/NSConnection.h
/Applications/Xcode.app/Contents/Developer/Platforms/MacOSX.platform/Developer/SDKs/MacOSX26.1.sdk/System/Library/Frameworks/Foundation.framework/Headers/NSDistantObject.h
/Applications/Xcode.app/Contents/Developer/Platforms/MacOSX.platform/Developer/SDKs/MacOSX26.1.sdk/System/Library/Frameworks/Foundation.framework/Headers/NSDistributedNotificationCenter.h
/Applications/Xcode.app/Contents/Developer/Platforms/MacOSX.platform/Developer/SDKs/MacOSX26.1.sdk/System/Library/Frameworks/Foundation.framework/Headers/NSPortCoder.h
/Applications/Xcode.app/Contents/Developer/Platforms/MacOSX.platform/Developer/SDKs/MacOSX26.1.sdk/System/Library/Frameworks/Foundation.framework/Headers/NSPortMessage.h
/Applications/Xcode.app/Contents/Developer/Platforms/MacOSX.platform/Developer/SDKs/MacOSX26.1.sdk/System/Library/Frameworks/Foundation.framework/Headers/NSPortNameServer.h
/Applications/Xcode.app/Contents/Developer/Platforms/MacOSX.platform/Developer/SDKs/MacOSX26.1.sdk/System/Library/Frameworks/Foundation.framework/Headers/NSProtocolChecker.h
/Applications/Xcode.app/Contents/Developer/Platforms/MacOSX.platform/Developer/SDKs/MacOSX26.1.sdk/System/Library/Frameworks/Foundation.framework/Headers/NSTask.h
/Applications/Xcode.app/Contents/Developer/Platforms/MacOSX.platform/Developer/SDKs/MacOSX26.1.sdk/System/Library/Frameworks/Foundation.framework/Headers/NSXMLDTD.h
/Applications/Xcode.app/Contents/Developer/Platforms/MacOSX.platform/Developer/SDKs/MacOSX26.1.sdk/System/Library/Frameworks/Foundation.framework/Headers/NSXMLNode.h
/Applications/Xcode.app/Contents/Developer/Platforms/MacOSX.platform/Developer/SDKs/MacOSX26.1.sdk/System/Library/Frameworks/Foundation.framework/Headers/NSXMLNodeOptions.h
/Applications/Xcode.app/Contents/Developer/Platforms/MacOSX.platform/Developer/SDKs/MacOSX26.1.sdk/System/Library/Frameworks/Foundation.framework/Headers/NSXMLDTDNode.h
/Applications/Xcode.app/Contents/Developer/Platforms/MacOSX.platform/Developer/SDKs/MacOSX26.1.sdk/System/Library/Frameworks/Foundation.framework/Headers/NSXMLDocument.h
/Applications/Xcode.app/Contents/Developer/Platforms/MacOSX.platform/Developer/SDKs/MacOSX26.1.sdk/System/Library/Frameworks/Foundation.framework/Headers/NSXMLElement.h
/Applications/Xcode.app/Contents/Developer/Platforms/MacOSX.platform/Developer/SDKs/MacOSX26.1.sdk/System/Library/Frameworks/Foundation.framework/Headers/NSURLDownload.h
/Applications/Xcode.app/Contents/Developer/Platforms/MacOSX.platform/Developer/SDKs/MacOSX26.1.sdk/System/Library/Frameworks/Foundation.framework/Headers/NSAppleEventDescriptor.h
/Applications/Xcode.app/Contents/Developer/Platforms/MacOSX.platform/Developer/SDKs/MacOSX26.1.sdk/System/Library/Frameworks/Foundation.framework/Headers/NSAppleEventManager.h
/Applications/Xcode.app/Contents/Developer/Platforms/MacOSX.platform/Developer/SDKs/MacOSX26.1.sdk/System/Library/Frameworks/Foundation.framework/Headers/NSClassDescription.h
/Applications/Xcode.app/Contents/Developer/Platforms/MacOSX.platform/Developer/SDKs/MacOSX26.1.sdk/System/Library/Frameworks/Foundation.framework/Headers/NSDistributedLock.h
/Applications/Xcode.app/Contents/Developer/Platforms/MacOSX.platform/Developer/SDKs/MacOSX26.1.sdk/System/Library/Frameworks/Foundation.framework/Headers/NSGarbageCollector.h
/Applications/Xcode.app/Contents/Developer/Platforms/MacOSX.platform/Developer/SDKs/MacOSX26.1.sdk/System/Library/Frameworks/Foundation.framework/Headers/NSHFSFileTypes.h
/Applications/Xcode.app/Contents/Developer/Platforms/MacOSX.platform/Developer/SDKs/MacOSX26.1.sdk/System/Library/Frameworks/Foundation.framework/Headers/NSHost.h
/Applications/Xcode.app/Contents/Developer/Platforms/MacOSX.platform/Developer/SDKs/MacOSX26.1.sdk/System/Library/Frameworks/Foundation.framework/Headers/NSObjectScripting.h
/Applications/Xcode.app/Contents/Developer/Platforms/MacOSX.platform/Developer/SDKs/MacOSX26.1.sdk/System/Library/Frameworks/Foundation.framework/Headers/NSScriptClassDescription.h
/Applications/Xcode.app/Contents/Developer/Platforms/MacOSX.platform/Developer/SDKs/MacOSX26.1.sdk/System/Library/Frameworks/Foundation.framework/Headers/NSScriptCoercionHandler.h
/Applications/Xcode.app/Contents/Developer/Platforms/MacOSX.platform/Developer/SDKs/MacOSX26.1.sdk/System/Library/Frameworks/Foundation.framework/Headers/NSScriptCommand.h
/Applications/Xcode.app/Contents/Developer/Platforms/MacOSX.platform/Developer/SDKs/MacOSX26.1.sdk/System/Library/Frameworks/Foundation.framework/Headers/NSScriptCommandDescription.h
/Applications/Xcode.app/Contents/Developer/Platforms/MacOSX.platform/Developer/SDKs/MacOSX26.1.sdk/System/Library/Frameworks/Foundation.framework/Headers/NSScriptExecutionContext.h
/Applications/Xcode.app/Contents/Developer/Platforms/MacOSX.platform/Developer/SDKs/MacOSX26.1.sdk/System/Library/Frameworks/Foundation.framework/Headers/NSScriptKeyValueCoding.h
/Applications/Xcode.app/Contents/Developer/Platforms/MacOSX.platform/Developer/SDKs/MacOSX26.1.sdk/System/Library/Frameworks/Foundation.framework/Headers/NSScriptObjectSpecifiers.h
/Applications/Xcode.app/Contents/Developer/Platforms/MacOSX.platform/Developer/SDKs/MacOSX26.1.sdk/System/Library/Frameworks/Foundation.framework/Headers/NSScriptStandardSuiteCommands.h
/Applications/Xcode.app/Contents/Developer/Platforms/MacOSX.platform/Developer/SDKs/MacOSX26.1.sdk/System/Library/Frameworks/Foundation.framework/Headers/NSScriptSuiteRegistry.h
/Applications/Xcode.app/Contents/Developer/Platforms/MacOSX.platform/Developer/SDKs/MacOSX26.1.sdk/System/Library/Frameworks/Foundation.framework/Headers/NSScriptWhoseTests.h
/Applications/Xcode.app/Contents/Developer/Platforms/MacOSX.platform/Developer/SDKs/MacOSX26.1.sdk/System/Library/Frameworks/Foundation.framework/Headers/NSSpellServer.h
/Applications/Xcode.app/Contents/Developer/Platforms/MacOSX.platform/Developer/SDKs/MacOSX26.1.sdk/System/Library/Frameworks/Foundation.framework/Headers/NSUserNotification.h
/Applications/Xcode.app/Contents/Developer/Platforms/MacOSX.platform/Developer/SDKs/MacOSX26.1.sdk/System/Library/Frameworks/Foundation.framework/Headers/NSUserScriptTask.h
/Applications/Xcode.app/Contents/Developer/Platforms/MacOSX.platform/Developer/SDKs/MacOSX26.1.sdk/System/Library/Frameworks/Foundation.framework/Headers/FoundationLegacySwiftCompatibility.h
/Applications/Xcode.app/Contents/Developer/Platforms/MacOSX.platform/Developer/SDKs/MacOSX26.1.sdk/System/Library/Frameworks/Foundation.framework/Headers/NSDebug.h
/Applications/Xcode.app/Contents/Developer/Platforms/MacOSX.platform/Developer/SDKs/MacOSX26.1.sdk/SDKSettings.json
/Applications/Xcode.app/Contents/Developer/Platforms/MacOSX.platform/Developer/SDKs/MacOSX26.1.sdk/System/Library/Frameworks/IOKit.framework/Modules/module.modulemap
/Applications/Xcode.app/Contents/Developer/Platforms/MacOSX.platform/Developer/SDKs/MacOSX26.1.sdk/System/Library/Frameworks/IOKit.framework/Headers/IOReturn.h
/Applications/Xcode.app/Contents/Developer/Platforms/MacOSX.platform/Developer/SDKs/MacOSX26.1.sdk/usr/include/dispatch.modulemap
/Applications/Xcode.app/Contents/Developer/Platforms/MacOSX.platform/Developer/SDKs/MacOSX26.1.sdk/usr/include/libkern.modulemap
/Applications/Xcode.app/Contents/Developer/Platforms/MacOSX.platform/Developer/SDKs/MacOSX26.1.sdk/usr/include/Darwin.modulemap
/Applications/Xcode.app/Contents/Developer/Platforms/MacOSX.platform/Developer/SDKs/MacOSX26.1.sdk/usr/include/Darwin_C.modulemap
/Applications/Xcode.app/Contents/Developer/Platforms/MacOSX.platform/Developer/SDKs/MacOSX26.1.sdk/usr/include/Darwin_POSIX.modulemap
/Applications/Xcode.app/Contents/Developer/Platforms/MacOSX.platform/Developer/SDKs/MacOSX26.1.sdk/usr/include/net.modulemap
/Applications/Xcode.app/Contents/Developer/Platforms/MacOSX.platform/Developer/SDKs/MacOSX26.1.sdk/usr/include/netinet.modulemap
/Applications/Xcode.app/Contents/Developer/Platforms/MacOSX.platform/Developer/SDKs/MacOSX26.1.sdk/usr/include/bank.modulemap
/Applications/Xcode.app/Contents/Developer/Platforms/MacOSX.platform/Developer/SDKs/MacOSX26.1.sdk/usr/include/Darwin_Mach.modulemap
/Applications/Xcode.app/Contents/Developer/Platforms/MacOSX.platform/Developer/SDKs/MacOSX26.1.sdk/usr/include/Darwin_Mach_machine.modulemap
/Applications/Xcode.app/Contents/Developer/Platforms/MacOSX.platform/Developer/SDKs/MacOSX26.1.sdk/usr/include/mach_debug.modulemap
/Applications/Xcode.app/Contents/Developer/Platforms/MacOSX.platform/Developer/SDKs/MacOSX26.1.sdk/usr/include/device.modulemap
/Applications/Xcode.app/Contents/Developer/Platforms/MacOSX.platform/Developer/SDKs/MacOSX26.1.sdk/usr/include/Darwin_machine.modulemap
/Applications/Xcode.app/Contents/Developer/Platforms/MacOSX.platform/Developer/SDKs/MacOSX26.1.sdk/usr/include/ncurses.modulemap
/Applications/Xcode.app/Contents/Developer/Platforms/MacOSX.platform/Developer/SDKs/MacOSX26.1.sdk/usr/include/netinet6.modulemap
/Applications/Xcode.app/Contents/Developer/Platforms/MacOSX.platform/Developer/SDKs/MacOSX26.1.sdk/usr/include/Darwin_sys.modulemap
/Applications/Xcode.app/Contents/Developer/Platforms/MacOSX.platform/Developer/SDKs/MacOSX26.1.sdk/usr/include/uuid.modulemap
/Applications/Xcode.app/Contents/Developer/Platforms/MacOSX.platform/Developer/SDKs/MacOSX26.1.sdk/usr/include/DarwinFoundation2.modulemap
/Applications/Xcode.app/Contents/Developer/Platforms/MacOSX.platform/Developer/SDKs/MacOSX26.1.sdk/usr/include/DarwinFoundation1.modulemap
/Applications/Xcode.app/Contents/Developer/Platforms/MacOSX.platform/Developer/SDKs/MacOSX26.1.sdk/System/Library/Frameworks/IOKit.framework/Headers/IOMapTypes.h
/Applications/Xcode.app/Contents/Developer/Platforms/MacOSX.platform/Developer/SDKs/MacOSX26.1.sdk/System/Library/Frameworks/IOKit.framework/Headers/IOTypes.h
/Applications/Xcode.app/Contents/Developer/Toolchains/XcodeDefault.xctoolchain/usr/lib/swift/clang/include/module.modulemap
/Applications/Xcode.app/Contents/Developer/Platforms/MacOSX.platform/Developer/SDKs/MacOSX26.1.sdk/System/Library/Frameworks/IOKit.framework/Headers/IOKitKeys.h
/Applications/Xcode.app/Contents/Developer/Platforms/MacOSX.platform/Developer/SDKs/MacOSX26.1.sdk/System/Library/Frameworks/IOKit.framework/Headers/OSMessageNotification.h
/Applications/Xcode.app/Contents/Developer/Platforms/MacOSX.platform/Developer/SDKs/MacOSX26.1.sdk/System/Library/Frameworks/IOKit.framework/Headers/IOKitLib.h
/Applications/Xcode.app/Contents/Developer/Platforms/MacOSX.platform/Developer/SDKs/MacOSX26.1.sdk/System/Library/Frameworks/CoreFoundation.framework/Modules/module.modulemap
/Applications/Xcode.app/Contents/Developer/Platforms/MacOSX.platform/Developer/SDKs/MacOSX26.1.sdk/System/Library/Frameworks/IOKit.framework/Headers/IOBSD.h
/Applications/Xcode.app/Contents/Developer/Platforms/MacOSX.platform/Developer/SDKs/MacOSX26.1.sdk/System/Library/Frameworks/IOKit.framework/Headers/IODataQueueClient.h
/Applications/Xcode.app/Contents/Developer/Platforms/MacOSX.platform/Developer/SDKs/MacOSX26.1.sdk/System/Library/Frameworks/IOKit.framework/Headers/IODataQueueShared.h
/Applications/Xcode.app/Contents/Developer/Platforms/MacOSX.platform/Developer/SDKs/MacOSX26.1.sdk/System/Library/Frameworks/IOKit.framework/Headers/IOCFBundle.h
/Applications/Xcode.app/Contents/Developer/Platforms/MacOSX.platform/Developer/SDKs/MacOSX26.1.sdk/System/Library/Frameworks/IOKit.framework/Headers/IOSharedLock.h
/Applications/Xcode.app/Contents/Developer/Platforms/MacOSX.platform/Developer/SDKs/MacOSX26.1.sdk/System/Library/Frameworks/IOKit.framework/Headers/IOCFPlugIn.h
/Applications/Xcode.app/Contents/Developer/Platforms/MacOSX.platform/Developer/SDKs/MacOSX26.1.sdk/System/Library/Frameworks/IOKit.framework/Headers/IOCFSerialize.h
/Applications/Xcode.app/Contents/Developer/Platforms/MacOSX.platform/Developer/SDKs/MacOSX26.1.sdk/System/Library/Frameworks/IOKit.framework/Headers/IOCFURLAccess.h
/Applications/Xcode.app/Contents/Developer/Platforms/MacOSX.platform/Developer/SDKs/MacOSX26.1.sdk/System/Library/Frameworks/IOKit.framework/Headers/IOKitServer.h
/Applications/Xcode.app/Contents/Developer/Platforms/MacOSX.platform/Developer/SDKs/MacOSX26.1.sdk/System/Library/Frameworks/IOKit.framework/Headers/IOCFUnserialize.h
/Applications/Xcode.app/Contents/Developer/Platforms/MacOSX.platform/Developer/SDKs/MacOSX26.1.sdk/System/Library/Frameworks/IOKit.framework/Headers/IOMessage.h
/Applications/Xcode.app/Contents/Developer/Platforms/MacOSX.platform/Developer/SDKs/MacOSX26.1.sdk/System/Library/Frameworks/IOKit.framework/Headers/IORPC.h
/Applications/Xcode.app/Contents/Developer/Platforms/MacOSX.platform/Developer/SDKs/MacOSX26.1.sdk/System/Library/Frameworks/IOKit.framework/Headers/IOUserServer.h
/Applications/Xcode.app/Contents/Developer/Platforms/MacOSX.platform/Developer/SDKs/MacOSX26.1.sdk/System/Library/Frameworks/IOKit.framework/Headers/audio/IOAudioDefines.h
/Applications/Xcode.app/Contents/Developer/Platforms/MacOSX.platform/Developer/SDKs/MacOSX26.1.sdk/System/Library/Frameworks/IOKit.framework/Headers/audio/IOAudioLib.h
/Applications/Xcode.app/Contents/Developer/Platforms/MacOSX.platform/Developer/SDKs/MacOSX26.1.sdk/System/Library/Frameworks/IOKit.framework/Headers/audio/IOAudioTypes.h
/Applications/Xcode.app/Contents/Developer/Platforms/MacOSX.platform/Developer/SDKs/MacOSX26.1.sdk/System/Library/Frameworks/IOKit.framework/Headers/avc/IOFireWireAVCConsts.h
/Applications/Xcode.app/Contents/Developer/Platforms/MacOSX.platform/Developer/SDKs/MacOSX26.1.sdk/System/Library/Frameworks/IOKit.framework/Headers/avc/IOFireWireAVCLib.h
/Applications/Xcode.app/Contents/Developer/Platforms/MacOSX.platform/Developer/SDKs/MacOSX26.1.sdk/System/Library/Frameworks/IOKit.framework/Headers/firewire/IOFireWireFamilyCommon.h
/Applications/Xcode.app/Contents/Developer/Platforms/MacOSX.platform/Developer/SDKs/MacOSX26.1.sdk/System/Library/Frameworks/IOKit.framework/Headers/firewire/IOFireWireLib.h
/Applications/Xcode.app/Contents/Developer/Platforms/MacOSX.platform/Developer/SDKs/MacOSX26.1.sdk/System/Library/Frameworks/IOKit.framework/Headers/firewire/IOFireWireLibIsoch.h
/Applications/Xcode.app/Contents/Developer/Platforms/MacOSX.platform/Developer/SDKs/MacOSX26.1.sdk/System/Library/Frameworks/IOKit.framework/Headers/graphics/IOAccelClientConnect.h
/Applications/Xcode.app/Contents/Developer/Platforms/MacOSX.platform/Developer/SDKs/MacOSX26.1.sdk/System/Library/Frameworks/IOKit.framework/Headers/graphics/IOGraphicsInterface.h
/Applications/Xcode.app/Contents/Developer/Platforms/MacOSX.platform/Developer/SDKs/MacOSX26.1.sdk/System/Library/Frameworks/IOKit.framework/Headers/graphics/IOGraphicsInterfaceTypes.h
/Applications/Xcode.app/Contents/Developer/Platforms/MacOSX.platform/Developer/SDKs/MacOSX26.1.sdk/System/Library/Frameworks/IOKit.framework/Headers/graphics/IOAccelSurfaceConnect.h
/Applications/Xcode.app/Contents/Developer/Platforms/MacOSX.platform/Developer/SDKs/MacOSX26.1.sdk/System/Library/Frameworks/IOKit.framework/Headers/graphics/IOAccelTypes.h
/Applications/Xcode.app/Contents/Developer/Platforms/MacOSX.platform/Developer/SDKs/MacOSX26.1.sdk/System/Library/Frameworks/IOKit.framework/Headers/graphics/IOGraphicsLib.h
/Applications/Xcode.app/Contents/Developer/Platforms/MacOSX.platform/Developer/SDKs/MacOSX26.1.sdk/System/Library/Frameworks/IOKit.framework/Headers/graphics/IOFramebufferShared.h
/Applications/Xcode.app/Contents/Developer/Platforms/MacOSX.platform/Developer/SDKs/MacOSX26.1.sdk/System/Library/Frameworks/IOKit.framework/Headers/hidsystem/IOHIDTypes.h
/Applications/Xcode.app/Contents/Developer/Platforms/MacOSX.platform/Developer/SDKs/MacOSX26.1.sdk/System/Library/Frameworks/IOKit.framework/Headers/graphics/IOGraphicsTypes.h
/Applications/Xcode.app/Contents/Developer/Platforms/MacOSX.platform/Developer/SDKs/MacOSX26.1.sdk/System/Library/Frameworks/IOKit.framework/Headers/graphics/IOGraphicsEngine.h
/Applications/Xcode.app/Contents/Developer/Platforms/MacOSX.platform/Developer/SDKs/MacOSX26.1.sdk/System/Library/Frameworks/IOKit.framework/Headers/hid/IOHIDBase.h
/Applications/Xcode.app/Contents/Developer/Platforms/MacOSX.platform/Developer/SDKs/MacOSX26.1.sdk/System/Library/Frameworks/IOKit.framework/Headers/hid/IOHIDKeys.h
/Applications/Xcode.app/Contents/Developer/Platforms/MacOSX.platform/Developer/SDKs/MacOSX26.1.sdk/System/Library/Frameworks/IOKit.framework/Headers/hidsystem/IOHIDParameter.h
/Applications/Xcode.app/Contents/Developer/Platforms/MacOSX.platform/Developer/SDKs/MacOSX26.1.sdk/System/Library/Frameworks/IOKit.framework/Headers/hidsystem/IOLLEvent.h
/Applications/Xcode.app/Contents/Developer/Platforms/MacOSX.platform/Developer/SDKs/MacOSX26.1.sdk/System/Library/Frameworks/IOKit.framework/Headers/hid/IOHIDProperties.h
/Applications/Xcode.app/Contents/Developer/Platforms/MacOSX.platform/Developer/SDKs/MacOSX26.1.sdk/System/Library/Frameworks/IOKit.framework/Headers/hid/IOHIDEventServiceKeys.h
/Applications/Xcode.app/Contents/Developer/Platforms/MacOSX.platform/Developer/SDKs/MacOSX26.1.sdk/System/Library/Frameworks/IOKit.framework/Headers/hid/IOHIDDeviceTypes.h
/Applications/Xcode.app/Contents/Developer/Platforms/MacOSX.platform/Developer/SDKs/MacOSX26.1.sdk/System/Library/Frameworks/IOKit.framework/Headers/hid/IOHIDDeviceKeys.h
/Applications/Xcode.app/Contents/Developer/Platforms/MacOSX.platform/Developer/SDKs/MacOSX26.1.sdk/System/Library/Frameworks/IOKit.framework/Headers/hid/IOHIDQueue.h
/Applications/Xcode.app/Contents/Developer/Platforms/MacOSX.platform/Developer/SDKs/MacOSX26.1.sdk/System/Library/Frameworks/IOKit.framework/Headers/hid/IOHIDDevice.h
/Applications/Xcode.app/Contents/Developer/Platforms/MacOSX.platform/Developer/SDKs/MacOSX26.1.sdk/System/Library/Frameworks/IOKit.framework/Headers/hid/IOHIDLib.h
/Applications/Xcode.app/Contents/Developer/Platforms/MacOSX.platform/Developer/SDKs/MacOSX26.1.sdk/System/Library/Frameworks/IOKit.framework/Headers/hid/IOHIDElement.h
/Applications/Xcode.app/Contents/Developer/Platforms/MacOSX.platform/Developer/SDKs/MacOSX26.1.sdk/System/Library/Frameworks/IOKit.framework/Headers/hid/IOHIDLibObsolete.h
/Applications/Xcode.app/Contents/Developer/Platforms/MacOSX.platform/Developer/SDKs/MacOSX26.1.sdk/System/Library/Frameworks/IOKit.framework/Headers/hid/IOHIDManager.h
/Applications/Xcode.app/Contents/Developer/Platforms/MacOSX.platform/Developer/SDKs/MacOSX26.1.sdk/System/Library/Frameworks/IOKit.framework/Headers/hid/IOHIDUsageTables.h
/Applications/Xcode.app/Contents/Developer/Platforms/MacOSX.platform/Developer/SDKs/MacOSX26.1.sdk/System/Library/Frameworks/IOKit.framework/Headers/hid/IOHIDValue.h
/Applications/Xcode.app/Contents/Developer/Platforms/MacOSX.platform/Developer/SDKs/MacOSX26.1.sdk/System/Library/Frameworks/IOKit.framework/Headers/hid/IOHIDTransaction.h
/Applications/Xcode.app/Contents/Developer/Platforms/MacOSX.platform/Developer/SDKs/MacOSX26.1.sdk/System/Library/Frameworks/IOKit.framework/Headers/hid/IOHIDDevicePlugIn.h
/Applications/Xcode.app/Contents/Developer/Platforms/MacOSX.platform/Developer/SDKs/MacOSX26.1.sdk/System/Library/Frameworks/IOKit.framework/Headers/hid/IOHIDEventServiceTypes.h
/Applications/Xcode.app/Contents/Developer/Platforms/MacOSX.platform/Developer/SDKs/MacOSX26.1.sdk/System/Library/Frameworks/IOKit.framework/Headers/hidsystem/IOHIDLib.h
/Applications/Xcode.app/Contents/Developer/Platforms/MacOSX.platform/Developer/SDKs/MacOSX26.1.sdk/System/Library/Frameworks/IOKit.framework/Headers/hidsystem/IOHIDShared.h
/Applications/Xcode.app/Contents/Developer/Platforms/MacOSX.platform/Developer/SDKs/MacOSX26.1.sdk/System/Library/Frameworks/IOKit.framework/Headers/hidsystem/event_status_driver.h
/Applications/Xcode.app/Contents/Developer/Platforms/MacOSX.platform/Developer/SDKs/MacOSX26.1.sdk/System/Library/Frameworks/IOKit.framework/Headers/hidsystem/ev_keymap.h
/Applications/Xcode.app/Contents/Developer/Platforms/MacOSX.platform/Developer/SDKs/MacOSX26.1.sdk/System/Library/Frameworks/IOKit.framework/Headers/hidsystem/IOHIDEventSystemClient.h
/Applications/Xcode.app/Contents/Developer/Platforms/MacOSX.platform/Developer/SDKs/MacOSX26.1.sdk/System/Library/Frameworks/IOKit.framework/Headers/hidsystem/IOHIDServiceClient.h
/Applications/Xcode.app/Contents/Developer/Platforms/MacOSX.platform/Developer/SDKs/MacOSX26.1.sdk/System/Library/Frameworks/IOKit.framework/Headers/hidsystem/IOHIDUserDevice.h
/Applications/Xcode.app/Contents/Developer/Platforms/MacOSX.platform/Developer/SDKs/MacOSX26.1.sdk/System/Library/Frameworks/IOKit.framework/Headers/i2c/IOI2CInterface.h
/Applications/Xcode.app/Contents/Developer/Platforms/MacOSX.platform/Developer/SDKs/MacOSX26.1.sdk/System/Library/Frameworks/IOKit.framework/Headers/kext/KextManager.h
/Applications/Xcode.app/Contents/Developer/Platforms/MacOSX.platform/Developer/SDKs/MacOSX26.1.sdk/System/Library/Frameworks/IOKit.framework/Headers/network/IOEthernetController.h
/Applications/Xcode.app/Contents/Developer/Platforms/MacOSX.platform/Developer/SDKs/MacOSX26.1.sdk/System/Library/Frameworks/IOKit.framework/Headers/network/IONetworkController.h
/Applications/Xcode.app/Contents/Developer/Platforms/MacOSX.platform/Developer/SDKs/MacOSX26.1.sdk/System/Library/Frameworks/IOKit.framework/Headers/network/IONetworkData.h
/Applications/Xcode.app/Contents/Developer/Platforms/MacOSX.platform/Developer/SDKs/MacOSX26.1.sdk/System/Library/Frameworks/IOKit.framework/Headers/network/IONetworkStack.h
/Applications/Xcode.app/Contents/Developer/Platforms/MacOSX.platform/Developer/SDKs/MacOSX26.1.sdk/System/Library/Frameworks/IOKit.framework/Headers/network/IOEthernetInterface.h
/Applications/Xcode.app/Contents/Developer/Platforms/MacOSX.platform/Developer/SDKs/MacOSX26.1.sdk/System/Library/Frameworks/IOKit.framework/Headers/network/IONetworkInterface.h
/Applications/Xcode.app/Contents/Developer/Platforms/MacOSX.platform/Developer/SDKs/MacOSX26.1.sdk/System/Library/Frameworks/IOKit.framework/Headers/network/IONetworkStats.h
/Applications/Xcode.app/Contents/Developer/Platforms/MacOSX.platform/Developer/SDKs/MacOSX26.1.sdk/System/Library/Frameworks/IOKit.framework/Headers/network/IOEthernetStats.h
/Applications/Xcode.app/Contents/Developer/Platforms/MacOSX.platform/Developer/SDKs/MacOSX26.1.sdk/System/Library/Frameworks/IOKit.framework/Headers/network/IONetworkLib.h
/Applications/Xcode.app/Contents/Developer/Platforms/MacOSX.platform/Developer/SDKs/MacOSX26.1.sdk/System/Library/Frameworks/IOKit.framework/Headers/network/IONetworkMedium.h
/Applications/Xcode.app/Contents/Developer/Platforms/MacOSX.platform/Developer/SDKs/MacOSX26.1.sdk/System/Library/Frameworks/IOKit.framework/Headers/network/IONetworkUserClient.h
/Applications/Xcode.app/Contents/Developer/Platforms/MacOSX.platform/Developer/SDKs/MacOSX26.1.sdk/System/Library/Frameworks/IOKit.framework/Headers/ps/IOPSKeys.h
/Applications/Xcode.app/Contents/Developer/Platforms/MacOSX.platform/Developer/SDKs/MacOSX26.1.sdk/System/Library/Frameworks/IOKit.framework/Headers/ps/IOPowerSources.h
/Applications/Xcode.app/Contents/Developer/Platforms/MacOSX.platform/Developer/SDKs/MacOSX26.1.sdk/System/Library/Frameworks/IOKit.framework/Headers/ps/IOUPSPlugIn.h
/Applications/Xcode.app/Contents/Developer/Platforms/MacOSX.platform/Developer/SDKs/MacOSX26.1.sdk/System/Library/Frameworks/IOKit.framework/Headers/pwr_mgt/IOPM.h
/Applications/Xcode.app/Contents/Developer/Platforms/MacOSX.platform/Developer/SDKs/MacOSX26.1.sdk/System/Library/Frameworks/IOKit.framework/Headers/pwr_mgt/IOPMKeys.h
/Applications/Xcode.app/Contents/Developer/Platforms/MacOSX.platform/Developer/SDKs/MacOSX26.1.sdk/System/Library/Frameworks/IOKit.framework/Headers/pwr_mgt/IOPMLib.h
/Applications/Xcode.app/Contents/Developer/Platforms/MacOSX.platform/Developer/SDKs/MacOSX26.1.sdk/System/Library/Frameworks/IOKit.framework/Headers/pwr_mgt/IOPMLibDefs.h
/Applications/Xcode.app/Contents/Developer/Platforms/MacOSX.platform/Developer/SDKs/MacOSX26.1.sdk/System/Library/Frameworks/IOKit.framework/Headers/sbp2/IOFireWireSBP2Lib.h
/Applications/Xcode.app/Contents/Developer/Platforms/MacOSX.platform/Developer/SDKs/MacOSX26.1.sdk/System/Library/Frameworks/IOKit.framework/Headers/scsi/IOSCSIMultimediaCommandsDevice.h
/Applications/Xcode.app/Contents/Developer/Platforms/MacOSX.platform/Developer/SDKs/MacOSX26.1.sdk/System/Library/Frameworks/IOKit.framework/Headers/storage/IOStorageDeviceCharacteristics.h
/Applications/Xcode.app/Contents/Developer/Platforms/MacOSX.platform/Developer/SDKs/MacOSX26.1.sdk/System/Library/Frameworks/IOKit.framework/Headers/storage/IOStorageProtocolCharacteristics.h
/Applications/Xcode.app/Contents/Developer/Platforms/MacOSX.platform/Developer/SDKs/MacOSX26.1.sdk/System/Library/Frameworks/IOKit.framework/Headers/storage/IOStorageControllerCharacteristics.h
/Applications/Xcode.app/Contents/Developer/Platforms/MacOSX.platform/Developer/SDKs/MacOSX26.1.sdk/System/Library/Frameworks/IOKit.framework/Headers/scsi/SCSICmds_REQUEST_SENSE_Defs.h
/Applications/Xcode.app/Contents/Developer/Platforms/MacOSX.platform/Developer/SDKs/MacOSX26.1.sdk/System/Library/Frameworks/IOKit.framework/Headers/scsi/SCSICmds_INQUIRY_Definitions.h
/Applications/Xcode.app/Contents/Developer/Platforms/MacOSX.platform/Developer/SDKs/MacOSX26.1.sdk/System/Library/Frameworks/IOKit.framework/Headers/scsi/SCSICommandDefinitions.h
/Applications/Xcode.app/Contents/Developer/Platforms/MacOSX.platform/Developer/SDKs/MacOSX26.1.sdk/System/Library/Frameworks/IOKit.framework/Headers/scsi/SCSICmds_MODE_Definitions.h
/Applications/Xcode.app/Contents/Developer/Platforms/MacOSX.platform/Developer/SDKs/MacOSX26.1.sdk/System/Library/Frameworks/IOKit.framework/Headers/scsi/SCSICommandOperationCodes.h
/Applications/Xcode.app/Contents/Developer/Platforms/MacOSX.platform/Developer/SDKs/MacOSX26.1.sdk/System/Library/Frameworks/IOKit.framework/Headers/scsi/SCSICmds_READ_CAPACITY_Definitions.h
/Applications/Xcode.app/Contents/Developer/Platforms/MacOSX.platform/Developer/SDKs/MacOSX26.1.sdk/System/Library/Frameworks/IOKit.framework/Headers/scsi/SCSITask.h
/Applications/Xcode.app/Contents/Developer/Platforms/MacOSX.platform/Developer/SDKs/MacOSX26.1.sdk/System/Library/Frameworks/IOKit.framework/Headers/scsi/SCSICmds_REPORT_LUNS_Definitions.h
/Applications/Xcode.app/Contents/Developer/Platforms/MacOSX.platform/Developer/SDKs/MacOSX26.1.sdk/System/Library/Frameworks/IOKit.framework/Headers/scsi/SCSITaskLib.h
/Applications/Xcode.app/Contents/Developer/Platforms/MacOSX.platform/Developer/SDKs/MacOSX26.1.sdk/System/Library/Frameworks/IOKit.framework/Headers/serial/IOSerialKeys.h
/Applications/Xcode.app/Contents/Developer/Platforms/MacOSX.platform/Developer/SDKs/MacOSX26.1.sdk/System/Library/Frameworks/IOKit.framework/Headers/serial/ioss.h
/Applications/Xcode.app/Contents/Developer/Platforms/MacOSX.platform/Developer/SDKs/MacOSX26.1.sdk/System/Library/Frameworks/IOKit.framework/Headers/storage/IOAppleLabelScheme.h
/Applications/Xcode.app/Contents/Developer/Platforms/MacOSX.platform/Developer/SDKs/MacOSX26.1.sdk/System/Library/Frameworks/IOKit.framework/Headers/storage/IODVDMediaBSDClient.h
/Applications/Xcode.app/Contents/Developer/Platforms/MacOSX.platform/Developer/SDKs/MacOSX26.1.sdk/System/Library/Frameworks/IOKit.framework/Headers/storage/IODVDTypes.h
/Applications/Xcode.app/Contents/Developer/Platforms/MacOSX.platform/Developer/SDKs/MacOSX26.1.sdk/System/Library/Frameworks/IOKit.framework/Headers/storage/IOApplePartitionScheme.h
/Applications/Xcode.app/Contents/Developer/Platforms/MacOSX.platform/Developer/SDKs/MacOSX26.1.sdk/System/Library/Frameworks/IOKit.framework/Headers/storage/IOBDBlockStorageDevice.h
/Applications/Xcode.app/Contents/Developer/Platforms/MacOSX.platform/Developer/SDKs/MacOSX26.1.sdk/System/Library/Frameworks/IOKit.framework/Headers/storage/IOBDTypes.h
/Applications/Xcode.app/Contents/Developer/Platforms/MacOSX.platform/Developer/SDKs/MacOSX26.1.sdk/System/Library/Frameworks/IOKit.framework/Headers/storage/IOFDiskPartitionScheme.h
/Applications/Xcode.app/Contents/Developer/Platforms/MacOSX.platform/Developer/SDKs/MacOSX26.1.sdk/System/Library/Frameworks/IOKit.framework/Headers/storage/IOBDMedia.h
/Applications/Xcode.app/Contents/Developer/Platforms/MacOSX.platform/Developer/SDKs/MacOSX26.1.sdk/System/Library/Frameworks/IOKit.framework/Headers/storage/IOFilterScheme.h
/Applications/Xcode.app/Contents/Developer/Platforms/MacOSX.platform/Developer/SDKs/MacOSX26.1.sdk/System/Library/Frameworks/IOKit.framework/Headers/storage/IOBDMediaBSDClient.h
/Applications/Xcode.app/Contents/Developer/Platforms/MacOSX.platform/Developer/SDKs/MacOSX26.1.sdk/System/Library/Frameworks/IOKit.framework/Headers/storage/IOFireWireStorageCharacteristics.h
/Applications/Xcode.app/Contents/Developer/Platforms/MacOSX.platform/Developer/SDKs/MacOSX26.1.sdk/System/Library/Frameworks/IOKit.framework/Headers/storage/IOGUIDPartitionScheme.h
/Applications/Xcode.app/Contents/Developer/Platforms/MacOSX.platform/Developer/SDKs/MacOSX26.1.sdk/System/Library/Frameworks/IOKit.framework/Headers/storage/IOBlockStorageDevice.h
/Applications/Xcode.app/Contents/Developer/Platforms/MacOSX.platform/Developer/SDKs/MacOSX26.1.sdk/System/Library/Frameworks/IOKit.framework/Headers/storage/IOMedia.h
/Applications/Xcode.app/Contents/Developer/Platforms/MacOSX.platform/Developer/SDKs/MacOSX26.1.sdk/System/Library/Frameworks/IOKit.framework/Headers/storage/IOBlockStorageDriver.h
/Applications/Xcode.app/Contents/Developer/Platforms/MacOSX.platform/Developer/SDKs/MacOSX26.1.sdk/System/Library/Frameworks/IOKit.framework/Headers/storage/IOMediaBSDClient.h
/Applications/Xcode.app/Contents/Developer/Platforms/MacOSX.platform/Developer/SDKs/MacOSX26.1.sdk/System/Library/Frameworks/IOKit.framework/Headers/storage/IOCDBlockStorageDevice.h
/Applications/Xcode.app/Contents/Developer/Platforms/MacOSX.platform/Developer/SDKs/MacOSX26.1.sdk/System/Library/Frameworks/IOKit.framework/Headers/storage/IOCDTypes.h
/Applications/Xcode.app/Contents/Developer/Platforms/MacOSX.platform/Developer/SDKs/MacOSX26.1.sdk/System/Library/Frameworks/IOKit.framework/Headers/storage/IOPartitionScheme.h
/Applications/Xcode.app/Contents/Developer/Platforms/MacOSX.platform/Developer/SDKs/MacOSX26.1.sdk/System/Library/Frameworks/IOKit.framework/Headers/storage/IOCDMedia.h
/Applications/Xcode.app/Contents/Developer/Platforms/MacOSX.platform/Developer/SDKs/MacOSX26.1.sdk/System/Library/Frameworks/IOKit.framework/Headers/storage/IOStorage.h
/Applications/Xcode.app/Contents/Developer/Platforms/MacOSX.platform/Developer/SDKs/MacOSX26.1.sdk/System/Library/Frameworks/IOKit.framework/Headers/storage/IOCDMediaBSDClient.h
/Applications/Xcode.app/Contents/Developer/Platforms/MacOSX.platform/Developer/SDKs/MacOSX26.1.sdk/System/Library/Frameworks/IOKit.framework/Headers/storage/IOStorageCardCharacteristics.h
/Applications/Xcode.app/Contents/Developer/Platforms/MacOSX.platform/Developer/SDKs/MacOSX26.1.sdk/System/Library/Frameworks/IOKit.framework/Headers/storage/IOCDPartitionScheme.h
/Applications/Xcode.app/Contents/Developer/Platforms/MacOSX.platform/Developer/SDKs/MacOSX26.1.sdk/System/Library/Frameworks/IOKit.framework/Headers/storage/IODVDBlockStorageDevice.h
/Applications/Xcode.app/Contents/Developer/Platforms/MacOSX.platform/Developer/SDKs/MacOSX26.1.sdk/System/Library/Frameworks/IOKit.framework/Headers/storage/IODVDMedia.h
/Applications/Xcode.app/Contents/Developer/Platforms/MacOSX.platform/Developer/SDKs/MacOSX26.1.sdk/System/Library/Frameworks/IOKit.framework/Headers/storage/ata/ATASMARTLib.h
/Applications/Xcode.app/Contents/Developer/Platforms/MacOSX.platform/Developer/SDKs/MacOSX26.1.sdk/System/Library/Frameworks/IOKit.framework/Headers/storage/ata/IOATAStorageDefines.h
/Applications/Xcode.app/Contents/Developer/Platforms/MacOSX.platform/Developer/SDKs/MacOSX26.1.sdk/System/Library/Frameworks/IOKit.framework/Headers/stream/IOStreamLib.h
/Applications/Xcode.app/Contents/Developer/Platforms/MacOSX.platform/Developer/SDKs/MacOSX26.1.sdk/System/Library/Frameworks/IOKit.framework/Headers/stream/IOStreamShared.h
/Applications/Xcode.app/Contents/Developer/Platforms/MacOSX.platform/Developer/SDKs/MacOSX26.1.sdk/System/Library/Frameworks/IOKit.framework/Headers/usb/AppleUSBDefinitions.h
/Applications/Xcode.app/Contents/Developer/Platforms/MacOSX.platform/Developer/SDKs/MacOSX26.1.sdk/System/Library/Frameworks/IOKit.framework/Headers/usb/IOUSBHostFamilyDefinitions.h
/Applications/Xcode.app/Contents/Developer/Platforms/MacOSX.platform/Developer/SDKs/MacOSX26.1.sdk/System/Library/Frameworks/IOKit.framework/Headers/usb/IOUSBLib.h
/Applications/Xcode.app/Contents/Developer/Platforms/MacOSX.platform/Developer/SDKs/MacOSX26.1.sdk/System/Library/Frameworks/IOKit.framework/Headers/usb/USB.h
/Applications/Xcode.app/Contents/Developer/Platforms/MacOSX.platform/Developer/SDKs/MacOSX26.1.sdk/System/Library/Frameworks/IOKit.framework/Headers/usb/USBSpec.h
/Applications/Xcode.app/Contents/Developer/Platforms/MacOSX.platform/Developer/SDKs/MacOSX26.1.sdk/SDKSettings.json
/Applications/Xcode.app/Contents/Developer/Toolchains/XcodeDefault.xctoolchain/usr/lib/swift/macosx/prebuilt-modules/26.1/IOKit.swiftmodule/arm64e-apple-macos.swiftmodule
/Applications/Xcode.app/Contents/Developer/Platforms/MacOSX.platform/Developer/SDKs/MacOSX26.1.sdk/usr/include/DarwinBasic.modulemap
/Applications/Xcode.app/Contents/Developer/Platforms/MacOSX.platform/Developer/SDKs/MacOSX26.1.sdk/usr/include/Darwin.modulemap
/Applications/Xcode.app/Contents/Developer/Platforms/MacOSX.platform/Developer/SDKs/MacOSX26.1.sdk/usr/include/Darwin_C.modulemap
/Applications/Xcode.app/Contents/Developer/Platforms/MacOSX.platform/Developer/SDKs/MacOSX26.1.sdk/usr/include/Darwin_POSIX.modulemap
/Applications/Xcode.app/Contents/Developer/Platforms/MacOSX.platform/Developer/SDKs/MacOSX26.1.sdk/usr/include/net.modulemap
/Applications/Xcode.app/Contents/Developer/Platforms/MacOSX.platform/Developer/SDKs/MacOSX26.1.sdk/usr/include/netinet.modulemap
/Applications/Xcode.app/Contents/Developer/Platforms/MacOSX.platform/Developer/SDKs/MacOSX26.1.sdk/usr/include/bank.modulemap
/Applications/Xcode.app/Contents/Developer/Platforms/MacOSX.platform/Developer/SDKs/MacOSX26.1.sdk/usr/include/Darwin_Mach.modulemap
/Applications/Xcode.app/Contents/Developer/Platforms/MacOSX.platform/Developer/SDKs/MacOSX26.1.sdk/usr/include/Darwin_Mach_machine.modulemap
/Applications/Xcode.app/Contents/Developer/Platforms/MacOSX.platform/Developer/SDKs/MacOSX26.1.sdk/usr/include/mach_debug.modulemap
/Applications/Xcode.app/Contents/Developer/Platforms/MacOSX.platform/Developer/SDKs/MacOSX26.1.sdk/usr/include/device.modulemap
/Applications/Xcode.app/Contents/Developer/Platforms/MacOSX.platform/Developer/SDKs/MacOSX26.1.sdk/usr/include/Darwin_machine.modulemap
/Applications/Xcode.app/Contents/Developer/Platforms/MacOSX.platform/Developer/SDKs/MacOSX26.1.sdk/usr/include/ncurses.modulemap
/Applications/Xcode.app/Contents/Developer/Platforms/MacOSX.platform/Developer/SDKs/MacOSX26.1.sdk/usr/include/netinet6.modulemap
/Applications/Xcode.app/Contents/Developer/Platforms/MacOSX.platform/Developer/SDKs/MacOSX26.1.sdk/usr/include/Darwin_sys.modulemap
/Applications/Xcode.app/Contents/Developer/Platforms/MacOSX.platform/Developer/SDKs/MacOSX26.1.sdk/usr/include/uuid.modulemap
/Applications/Xcode.app/Contents/Developer/Platforms/MacOSX.platform/Developer/SDKs/MacOSX26.1.sdk/usr/include/DarwinFoundation2.modulemap
/Applications/Xcode.app/Contents/Developer/Platforms/MacOSX.platform/Developer/SDKs/MacOSX26.1.sdk/usr/include/DarwinFoundation3.modulemap
/Applications/Xcode.app/Contents/Developer/Platforms/MacOSX.platform/Developer/SDKs/MacOSX26.1.sdk/usr/include/DarwinFoundation1.modulemap
/Applications/Xcode.app/Contents/Developer/Platforms/MacOSX.platform/Developer/SDKs/MacOSX26.1.sdk/usr/include/mach-o/arch.h
/Applications/Xcode.app/Contents/Developer/Toolchains/XcodeDefault.xctoolchain/usr/lib/swift/clang/include/module.modulemap
/Applications/Xcode.app/Contents/Developer/Platforms/MacOSX.platform/Developer/SDKs/MacOSX26.1.sdk/usr/include/mach-o/arm/reloc.h
/Applications/Xcode.app/Contents/Developer/Platforms/MacOSX.platform/Developer/SDKs/MacOSX26.1.sdk/usr/include/mach-o/arm64/reloc.h
/Applications/Xcode.app/Contents/Developer/Platforms/MacOSX.platform/Developer/SDKs/MacOSX26.1.sdk/usr/include/mach-o/compact_unwind_encoding.h
/Applications/Xcode.app/Contents/Developer/Platforms/MacOSX.platform/Developer/SDKs/MacOSX26.1.sdk/usr/include/mach-o/dyld.h
/Applications/Xcode.app/Contents/Developer/Toolchains/XcodeDefault.xctoolchain/usr/lib/swift/clang/include/stddef.h
/Applications/Xcode.app/Contents/Developer/Platforms/MacOSX.platform/Developer/SDKs/MacOSX26.1.sdk/usr/include/mach-o/loader.h
/Applications/Xcode.app/Contents/Developer/Platforms/MacOSX.platform/Developer/SDKs/MacOSX26.1.sdk/usr/include/mach-o/dyld_images.h
/Applications/Xcode.app/Contents/Developer/Platforms/MacOSX.platform/Developer/SDKs/MacOSX26.1.sdk/usr/include/mach-o/fat.h
/Applications/Xcode.app/Contents/Developer/Platforms/MacOSX.platform/Developer/SDKs/MacOSX26.1.sdk/usr/include/mach-o/fixup-chains.h
/Applications/Xcode.app/Contents/Developer/Platforms/MacOSX.platform/Developer/SDKs/MacOSX26.1.sdk/usr/include/mach-o/getsect.h
/Applications/Xcode.app/Contents/Developer/Platforms/MacOSX.platform/Developer/SDKs/MacOSX26.1.sdk/usr/include/mach-o/ldsyms.h
/Applications/Xcode.app/Contents/Developer/Platforms/MacOSX.platform/Developer/SDKs/MacOSX26.1.sdk/usr/include/mach-o/nlist.h
/Applications/Xcode.app/Contents/Developer/Platforms/MacOSX.platform/Developer/SDKs/MacOSX26.1.sdk/usr/include/mach-o/ranlib.h
/Applications/Xcode.app/Contents/Developer/Platforms/MacOSX.platform/Developer/SDKs/MacOSX26.1.sdk/usr/include/mach-o/reloc.h
/Applications/Xcode.app/Contents/Developer/Platforms/MacOSX.platform/Developer/SDKs/MacOSX26.1.sdk/usr/include/mach-o/stab.h
/Applications/Xcode.app/Contents/Developer/Platforms/MacOSX.platform/Developer/SDKs/MacOSX26.1.sdk/usr/include/mach-o/swap.h
/Applications/Xcode.app/Contents/Developer/Platforms/MacOSX.platform/Developer/SDKs/MacOSX26.1.sdk/usr/include/mach-o/utils.h
/Applications/Xcode.app/Contents/Developer/Platforms/MacOSX.platform/Developer/SDKs/MacOSX26.1.sdk/usr/include/mach-o/x86_64/reloc.h
/Applications/Xcode.app/Contents/Developer/Platforms/MacOSX.platform/Developer/SDKs/MacOSX26.1.sdk/SDKSettings.json
/Applications/Xcode.app/Contents/Developer/Platforms/MacOSX.platform/Developer/SDKs/MacOSX26.1.sdk/usr/include/ObjectiveC.apinotes
/Applications/Xcode.app/Contents/Developer/Platforms/MacOSX.platform/Developer/SDKs/MacOSX26.1.sdk/usr/include/DarwinBasic.modulemap
/Applications/Xcode.app/Contents/Developer/Platforms/MacOSX.platform/Developer/SDKs/MacOSX26.1.sdk/usr/include/ObjectiveC.modulemap
/Applications/Xcode.app/Contents/Developer/Platforms/MacOSX.platform/Developer/SDKs/MacOSX26.1.sdk/usr/include/Darwin.modulemap
/Applications/Xcode.app/Contents/Developer/Platforms/MacOSX.platform/Developer/SDKs/MacOSX26.1.sdk/usr/include/Darwin_C.modulemap
/Applications/Xcode.app/Contents/Developer/Platforms/MacOSX.platform/Developer/SDKs/MacOSX26.1.sdk/usr/include/Darwin_POSIX.modulemap
/Applications/Xcode.app/Contents/Developer/Platforms/MacOSX.platform/Developer/SDKs/MacOSX26.1.sdk/usr/include/net.modulemap
/Applications/Xcode.app/Contents/Developer/Platforms/MacOSX.platform/Developer/SDKs/MacOSX26.1.sdk/usr/include/netinet.modulemap
/Applications/Xcode.app/Contents/Developer/Platforms/MacOSX.platform/Developer/SDKs/MacOSX26.1.sdk/usr/include/bank.modulemap
/Applications/Xcode.app/Contents/Developer/Platforms/MacOSX.platform/Developer/SDKs/MacOSX26.1.sdk/usr/include/Darwin_Mach.modulemap
/Applications/Xcode.app/Contents/Developer/Platforms/MacOSX.platform/Developer/SDKs/MacOSX26.1.sdk/usr/include/Darwin_Mach_machine.modulemap
/Applications/Xcode.app/Contents/Developer/Platforms/MacOSX.platform/Developer/SDKs/MacOSX26.1.sdk/usr/include/mach_debug.modulemap
/Applications/Xcode.app/Contents/Developer/Platforms/MacOSX.platform/Developer/SDKs/MacOSX26.1.sdk/usr/include/device.modulemap
/Applications/Xcode.app/Contents/Developer/Platforms/MacOSX.platform/Developer/SDKs/MacOSX26.1.sdk/usr/include/Darwin_machine.modulemap
/Applications/Xcode.app/Contents/Developer/Platforms/MacOSX.platform/Developer/SDKs/MacOSX26.1.sdk/usr/include/ncurses.modulemap
/Applications/Xcode.app/Contents/Developer/Platforms/MacOSX.platform/Developer/SDKs/MacOSX26.1.sdk/usr/include/netinet6.modulemap
/Applications/Xcode.app/Contents/Developer/Platforms/MacOSX.platform/Developer/SDKs/MacOSX26.1.sdk/usr/include/Darwin_sys.modulemap
/Applications/Xcode.app/Contents/Developer/Platforms/MacOSX.platform/Developer/SDKs/MacOSX26.1.sdk/usr/include/uuid.modulemap
/Applications/Xcode.app/Contents/Developer/Platforms/MacOSX.platform/Developer/SDKs/MacOSX26.1.sdk/usr/include/DarwinFoundation2.modulemap
/Applications/Xcode.app/Contents/Developer/Platforms/MacOSX.platform/Developer/SDKs/MacOSX26.1.sdk/usr/include/DarwinFoundation3.modulemap
/Applications/Xcode.app/Contents/Developer/Platforms/MacOSX.platform/Developer/SDKs/MacOSX26.1.sdk/usr/include/DarwinFoundation1.modulemap
/Applications/Xcode.app/Contents/Developer/Platforms/MacOSX.platform/Developer/SDKs/MacOSX26.1.sdk/usr/include/objc/List.h
/Applications/Xcode.app/Contents/Developer/Platforms/MacOSX.platform/Developer/SDKs/MacOSX26.1.sdk/usr/include/objc/NSObjCRuntime.h
/Applications/Xcode.app/Contents/Developer/Toolchains/XcodeDefault.xctoolchain/usr/lib/swift/clang/include/module.modulemap
/Applications/Xcode.app/Contents/Developer/Platforms/MacOSX.platform/Developer/SDKs/MacOSX26.1.sdk/usr/include/objc/objc.h
/Applications/Xcode.app/Contents/Developer/Platforms/MacOSX.platform/Developer/SDKs/MacOSX26.1.sdk/usr/include/stdlib.h
/Applications/Xcode.app/Contents/Developer/Platforms/MacOSX.platform/Developer/SDKs/MacOSX26.1.sdk/usr/include/objc/objc-api.h
/Applications/Xcode.app/Contents/Developer/Toolchains/XcodeDefault.xctoolchain/usr/lib/swift/clang/include/stddef.h
/Applications/Xcode.app/Contents/Developer/Platforms/MacOSX.platform/Developer/SDKs/MacOSX26.1.sdk/usr/include/objc/NSObject.h
/Applications/Xcode.app/Contents/Developer/Platforms/MacOSX.platform/Developer/SDKs/MacOSX26.1.sdk/usr/include/objc/Object.h
/Applications/Xcode.app/Contents/Developer/Toolchains/XcodeDefault.xctoolchain/usr/lib/swift/clang/include/stdarg.h
/Applications/Xcode.app/Contents/Developer/Platforms/MacOSX.platform/Developer/SDKs/MacOSX26.1.sdk/usr/include/objc/objc-runtime.h
/Applications/Xcode.app/Contents/Developer/Platforms/MacOSX.platform/Developer/SDKs/MacOSX26.1.sdk/usr/include/objc/runtime.h
/Applications/Xcode.app/Contents/Developer/Platforms/MacOSX.platform/Developer/SDKs/MacOSX26.1.sdk/usr/include/objc/message.h
/Applications/Xcode.app/Contents/Developer/Platforms/MacOSX.platform/Developer/SDKs/MacOSX26.1.sdk/usr/include/objc/Protocol.h
/Applications/Xcode.app/Contents/Developer/Platforms/MacOSX.platform/Developer/SDKs/MacOSX26.1.sdk/usr/include/objc/hashtable.h
/Applications/Xcode.app/Contents/Developer/Platforms/MacOSX.platform/Developer/SDKs/MacOSX26.1.sdk/usr/include/objc/hashtable2.h
/Applications/Xcode.app/Contents/Developer/Platforms/MacOSX.platform/Developer/SDKs/MacOSX26.1.sdk/usr/include/objc/objc-auto.h
/Applications/Xcode.app/Contents/Developer/Platforms/MacOSX.platform/Developer/SDKs/MacOSX26.1.sdk/usr/include/string.h
/Applications/Xcode.app/Contents/Developer/Platforms/MacOSX.platform/Developer/SDKs/MacOSX26.1.sdk/usr/include/objc/objc-class.h
/Applications/Xcode.app/Contents/Developer/Platforms/MacOSX.platform/Developer/SDKs/MacOSX26.1.sdk/usr/include/objc/objc-exception.h
/Applications/Xcode.app/Contents/Developer/Platforms/MacOSX.platform/Developer/SDKs/MacOSX26.1.sdk/usr/include/objc/objc-load.h
/Applications/Xcode.app/Contents/Developer/Platforms/MacOSX.platform/Developer/SDKs/MacOSX26.1.sdk/usr/include/objc/objc-sync.h
/Applications/Xcode.app/Contents/Developer/Platforms/MacOSX.platform/Developer/SDKs/MacOSX26.1.sdk/SDKSettings.json
/Applications/Xcode.app/Contents/Developer/Toolchains/XcodeDefault.xctoolchain/usr/lib/swift/macosx/prebuilt-modules/26.1/ObjectiveC.swiftmodule/arm64e-apple-macos.swiftmodule
/Applications/Xcode.app/Contents/Developer/Toolchains/XcodeDefault.xctoolchain/usr/lib/swift/macosx/prebuilt-modules/26.1/Observation.swiftmodule/arm64e-apple-macos.swiftmodule
/Users/rogerlin/Library/Developer/Xcode/DerivedData/FinancialCalculatorKit-ackorybalcxbfocbkqsfdzcfkgmn/Build/Products/Debug/RealModule.swiftmodule/arm64-apple-macos.swiftmodule
/Applications/Xcode.app/Contents/Developer/Platforms/MacOSX.platform/Developer/SDKs/MacOSX26.1.sdk/System/Library/Frameworks/Security.framework/Headers/Security.apinotes
/Applications/Xcode.app/Contents/Developer/Platforms/MacOSX.platform/Developer/SDKs/MacOSX26.1.sdk/System/Library/Frameworks/Security.framework/Modules/module.modulemap
/Applications/Xcode.app/Contents/Developer/Platforms/MacOSX.platform/Developer/SDKs/MacOSX26.1.sdk/System/Library/Frameworks/Security.framework/Headers/Security.h
/Applications/Xcode.app/Contents/Developer/Platforms/MacOSX.platform/Developer/SDKs/MacOSX26.1.sdk/System/Library/Frameworks/Security.framework/Headers/SecBase.h
/Applications/Xcode.app/Contents/Developer/Platforms/MacOSX.platform/Developer/SDKs/MacOSX26.1.sdk/usr/include/xpc.modulemap
/Applications/Xcode.app/Contents/Developer/Platforms/MacOSX.platform/Developer/SDKs/MacOSX26.1.sdk/usr/include/dispatch.modulemap
/Applications/Xcode.app/Contents/Developer/Platforms/MacOSX.platform/Developer/SDKs/MacOSX26.1.sdk/usr/include/os.modulemap
/Applications/Xcode.app/Contents/Developer/Platforms/MacOSX.platform/Developer/SDKs/MacOSX26.1.sdk/usr/include/Darwin.modulemap
/Applications/Xcode.app/Contents/Developer/Platforms/MacOSX.platform/Developer/SDKs/MacOSX26.1.sdk/usr/include/Darwin_C.modulemap
/Applications/Xcode.app/Contents/Developer/Platforms/MacOSX.platform/Developer/SDKs/MacOSX26.1.sdk/usr/include/Darwin_POSIX.modulemap
/Applications/Xcode.app/Contents/Developer/Platforms/MacOSX.platform/Developer/SDKs/MacOSX26.1.sdk/usr/include/net.modulemap
/Applications/Xcode.app/Contents/Developer/Platforms/MacOSX.platform/Developer/SDKs/MacOSX26.1.sdk/usr/include/netinet.modulemap
/Applications/Xcode.app/Contents/Developer/Platforms/MacOSX.platform/Developer/SDKs/MacOSX26.1.sdk/usr/include/bank.modulemap
/Applications/Xcode.app/Contents/Developer/Platforms/MacOSX.platform/Developer/SDKs/MacOSX26.1.sdk/usr/include/Darwin_Mach.modulemap
/Applications/Xcode.app/Contents/Developer/Platforms/MacOSX.platform/Developer/SDKs/MacOSX26.1.sdk/usr/include/Darwin_Mach_machine.modulemap
/Applications/Xcode.app/Contents/Developer/Platforms/MacOSX.platform/Developer/SDKs/MacOSX26.1.sdk/usr/include/mach_debug.modulemap
/Applications/Xcode.app/Contents/Developer/Platforms/MacOSX.platform/Developer/SDKs/MacOSX26.1.sdk/usr/include/device.modulemap
/Applications/Xcode.app/Contents/Developer/Platforms/MacOSX.platform/Developer/SDKs/MacOSX26.1.sdk/usr/include/Darwin_machine.modulemap
/Applications/Xcode.app/Contents/Developer/Platforms/MacOSX.platform/Developer/SDKs/MacOSX26.1.sdk/usr/include/ncurses.modulemap
/Applications/Xcode.app/Contents/Developer/Platforms/MacOSX.platform/Developer/SDKs/MacOSX26.1.sdk/usr/include/netinet6.modulemap
/Applications/Xcode.app/Contents/Developer/Platforms/MacOSX.platform/Developer/SDKs/MacOSX26.1.sdk/usr/include/Darwin_sys.modulemap
/Applications/Xcode.app/Contents/Developer/Platforms/MacOSX.platform/Developer/SDKs/MacOSX26.1.sdk/usr/include/uuid.modulemap
/Applications/Xcode.app/Contents/Developer/Platforms/MacOSX.platform/Developer/SDKs/MacOSX26.1.sdk/usr/include/DarwinFoundation2.modulemap
/Applications/Xcode.app/Contents/Developer/Platforms/MacOSX.platform/Developer/SDKs/MacOSX26.1.sdk/usr/include/DarwinFoundation3.modulemap
/Applications/Xcode.app/Contents/Developer/Platforms/MacOSX.platform/Developer/SDKs/MacOSX26.1.sdk/usr/include/DarwinFoundation1.modulemap
/Applications/Xcode.app/Contents/Developer/Platforms/MacOSX.platform/Developer/SDKs/MacOSX26.1.sdk/System/Library/Frameworks/CoreFoundation.framework/Modules/module.modulemap
/Applications/Xcode.app/Contents/Developer/Platforms/MacOSX.platform/Developer/SDKs/MacOSX26.1.sdk/System/Library/Frameworks/Security.framework/Headers/SecCertificate.h
/Applications/Xcode.app/Contents/Developer/Platforms/MacOSX.platform/Developer/SDKs/MacOSX26.1.sdk/System/Library/Frameworks/Security.framework/Headers/cssmtype.h
/Applications/Xcode.app/Contents/Developer/Platforms/MacOSX.platform/Developer/SDKs/MacOSX26.1.sdk/System/Library/Frameworks/Security.framework/Headers/cssmconfig.h
/Applications/Xcode.app/Contents/Developer/Toolchains/XcodeDefault.xctoolchain/usr/lib/swift/clang/include/module.modulemap
/Applications/Xcode.app/Contents/Developer/Platforms/MacOSX.platform/Developer/SDKs/MacOSX26.1.sdk/System/Library/Frameworks/Security.framework/Headers/SecAsn1Types.h
/Applications/Xcode.app/Contents/Developer/Platforms/MacOSX.platform/Developer/SDKs/MacOSX26.1.sdk/System/Library/Frameworks/Security.framework/Headers/x509defs.h
/Applications/Xcode.app/Contents/Developer/Platforms/MacOSX.platform/Developer/SDKs/MacOSX26.1.sdk/System/Library/Frameworks/Security.framework/Headers/SecIdentity.h
/Applications/Xcode.app/Contents/Developer/Platforms/MacOSX.platform/Developer/SDKs/MacOSX26.1.sdk/System/Library/Frameworks/Security.framework/Headers/SecAccessControl.h
/Applications/Xcode.app/Contents/Developer/Platforms/MacOSX.platform/Developer/SDKs/MacOSX26.1.sdk/System/Library/Frameworks/Security.framework/Headers/SecItem.h
/Applications/Xcode.app/Contents/Developer/Platforms/MacOSX.platform/Developer/SDKs/MacOSX26.1.sdk/System/Library/Frameworks/Security.framework/Headers/SecKey.h
/Applications/Xcode.app/Contents/Developer/Platforms/MacOSX.platform/Developer/SDKs/MacOSX26.1.sdk/System/Library/Frameworks/Security.framework/Headers/SecAccess.h
/Applications/Xcode.app/Contents/Developer/Platforms/MacOSX.platform/Developer/SDKs/MacOSX26.1.sdk/System/Library/Frameworks/Security.framework/Headers/SecPolicy.h
/Applications/Xcode.app/Contents/Developer/Platforms/MacOSX.platform/Developer/SDKs/MacOSX26.1.sdk/System/Library/Frameworks/Security.framework/Headers/SecRandom.h
/Applications/Xcode.app/Contents/Developer/Platforms/MacOSX.platform/Developer/SDKs/MacOSX26.1.sdk/System/Library/Frameworks/Security.framework/Headers/SecImportExport.h
/Applications/Xcode.app/Contents/Developer/Platforms/MacOSX.platform/Developer/SDKs/MacOSX26.1.sdk/System/Library/Frameworks/Security.framework/Headers/SecKeychain.h
/Applications/Xcode.app/Contents/Developer/Platforms/MacOSX.platform/Developer/SDKs/MacOSX26.1.sdk/System/Library/Frameworks/Security.framework/Headers/cssmapple.h
/Applications/Xcode.app/Contents/Developer/Platforms/MacOSX.platform/Developer/SDKs/MacOSX26.1.sdk/System/Library/Frameworks/Security.framework/Headers/cssmerr.h
/Applications/Xcode.app/Contents/Developer/Platforms/MacOSX.platform/Developer/SDKs/MacOSX26.1.sdk/System/Library/Frameworks/Security.framework/Headers/certextensions.h
/Applications/Xcode.app/Contents/Developer/Platforms/MacOSX.platform/Developer/SDKs/MacOSX26.1.sdk/System/Library/Frameworks/Security.framework/Headers/SecTrust.h
/Applications/Xcode.app/Contents/Developer/Platforms/MacOSX.platform/Developer/SDKs/MacOSX26.1.sdk/System/Library/Frameworks/Security.framework/Headers/SecSharedCredential.h
/Applications/Xcode.app/Contents/Developer/Platforms/MacOSX.platform/Developer/SDKs/MacOSX26.1.sdk/System/Library/Frameworks/Security.framework/Headers/SecProtocolOptions.h
/Applications/Xcode.app/Contents/Developer/Platforms/MacOSX.platform/Developer/SDKs/MacOSX26.1.sdk/System/Library/Frameworks/Security.framework/Headers/SecProtocolObject.h
/Applications/Xcode.app/Contents/Developer/Platforms/MacOSX.platform/Developer/SDKs/MacOSX26.1.sdk/System/Library/Frameworks/Security.framework/Headers/SecProtocolTypes.h
/Applications/Xcode.app/Contents/Developer/Platforms/MacOSX.platform/Developer/SDKs/MacOSX26.1.sdk/System/Library/Frameworks/Security.framework/Headers/CipherSuite.h
/Applications/Xcode.app/Contents/Developer/Platforms/MacOSX.platform/Developer/SDKs/MacOSX26.1.sdk/System/Library/Frameworks/Security.framework/Headers/SecProtocolMetadata.h
/Applications/Xcode.app/Contents/Developer/Platforms/MacOSX.platform/Developer/SDKs/MacOSX26.1.sdk/System/Library/Frameworks/Security.framework/Headers/AuthSession.h
/Applications/Xcode.app/Contents/Developer/Platforms/MacOSX.platform/Developer/SDKs/MacOSX26.1.sdk/System/Library/Frameworks/Security.framework/Headers/Authorization.h
/Applications/Xcode.app/Contents/Developer/Platforms/MacOSX.platform/Developer/SDKs/MacOSX26.1.sdk/usr/include/stdio.h
/Applications/Xcode.app/Contents/Developer/Platforms/MacOSX.platform/Developer/SDKs/MacOSX26.1.sdk/System/Library/Frameworks/Security.framework/Headers/cssm.h
/Applications/Xcode.app/Contents/Developer/Platforms/MacOSX.platform/Developer/SDKs/MacOSX26.1.sdk/System/Library/Frameworks/Security.framework/Headers/emmtype.h
/Applications/Xcode.app/Contents/Developer/Platforms/MacOSX.platform/Developer/SDKs/MacOSX26.1.sdk/System/Library/Frameworks/Security.framework/Headers/cssmapi.h
/Applications/Xcode.app/Contents/Developer/Platforms/MacOSX.platform/Developer/SDKs/MacOSX26.1.sdk/System/Library/Frameworks/Security.framework/Headers/cssmaci.h
/Applications/Xcode.app/Contents/Developer/Platforms/MacOSX.platform/Developer/SDKs/MacOSX26.1.sdk/System/Library/Frameworks/Security.framework/Headers/cssmcli.h
/Applications/Xcode.app/Contents/Developer/Platforms/MacOSX.platform/Developer/SDKs/MacOSX26.1.sdk/System/Library/Frameworks/Security.framework/Headers/cssmcspi.h
/Applications/Xcode.app/Contents/Developer/Platforms/MacOSX.platform/Developer/SDKs/MacOSX26.1.sdk/System/Library/Frameworks/Security.framework/Headers/cssmspi.h
/Applications/Xcode.app/Contents/Developer/Platforms/MacOSX.platform/Developer/SDKs/MacOSX26.1.sdk/System/Library/Frameworks/Security.framework/Headers/cssmdli.h
/Applications/Xcode.app/Contents/Developer/Platforms/MacOSX.platform/Developer/SDKs/MacOSX26.1.sdk/System/Library/Frameworks/Security.framework/Headers/cssmkrapi.h
/Applications/Xcode.app/Contents/Developer/Platforms/MacOSX.platform/Developer/SDKs/MacOSX26.1.sdk/System/Library/Frameworks/Security.framework/Headers/cssmkrspi.h
/Applications/Xcode.app/Contents/Developer/Platforms/MacOSX.platform/Developer/SDKs/MacOSX26.1.sdk/System/Library/Frameworks/Security.framework/Headers/cssmtpi.h
/Applications/Xcode.app/Contents/Developer/Platforms/MacOSX.platform/Developer/SDKs/MacOSX26.1.sdk/System/Library/Frameworks/Security.framework/Headers/emmspi.h
/Applications/Xcode.app/Contents/Developer/Platforms/MacOSX.platform/Developer/SDKs/MacOSX26.1.sdk/System/Library/Frameworks/Security.framework/Headers/mds.h
/Applications/Xcode.app/Contents/Developer/Platforms/MacOSX.platform/Developer/SDKs/MacOSX26.1.sdk/System/Library/Frameworks/Security.framework/Headers/mds_schema.h
/Applications/Xcode.app/Contents/Developer/Platforms/MacOSX.platform/Developer/SDKs/MacOSX26.1.sdk/System/Library/Frameworks/Security.framework/Headers/oidsalg.h
/Applications/Xcode.app/Contents/Developer/Platforms/MacOSX.platform/Developer/SDKs/MacOSX26.1.sdk/System/Library/Frameworks/Security.framework/Headers/oidsattr.h
/Applications/Xcode.app/Contents/Developer/Platforms/MacOSX.platform/Developer/SDKs/MacOSX26.1.sdk/System/Library/Frameworks/Security.framework/Headers/oidsbase.h
/Applications/Xcode.app/Contents/Developer/Platforms/MacOSX.platform/Developer/SDKs/MacOSX26.1.sdk/System/Library/Frameworks/Security.framework/Headers/oidscert.h
/Applications/Xcode.app/Contents/Developer/Platforms/MacOSX.platform/Developer/SDKs/MacOSX26.1.sdk/System/Library/Frameworks/Security.framework/Headers/oidscrl.h
/Applications/Xcode.app/Contents/Developer/Platforms/MacOSX.platform/Developer/SDKs/MacOSX26.1.sdk/System/Library/Frameworks/Security.framework/Headers/SecACL.h
/Applications/Xcode.app/Contents/Developer/Platforms/MacOSX.platform/Developer/SDKs/MacOSX26.1.sdk/System/Library/Frameworks/Security.framework/Headers/SecCertificateOIDs.h
/Applications/Xcode.app/Contents/Developer/Platforms/MacOSX.platform/Developer/SDKs/MacOSX26.1.sdk/System/Library/Frameworks/Security.framework/Headers/SecIdentitySearch.h
/Applications/Xcode.app/Contents/Developer/Platforms/MacOSX.platform/Developer/SDKs/MacOSX26.1.sdk/System/Library/Frameworks/Security.framework/Headers/SecKeychainItem.h
/Applications/Xcode.app/Contents/Developer/Platforms/MacOSX.platform/Developer/SDKs/MacOSX26.1.sdk/System/Library/Frameworks/Security.framework/Headers/SecKeychainSearch.h
/Applications/Xcode.app/Contents/Developer/Platforms/MacOSX.platform/Developer/SDKs/MacOSX26.1.sdk/System/Library/Frameworks/Security.framework/Headers/SecPolicySearch.h
/Applications/Xcode.app/Contents/Developer/Platforms/MacOSX.platform/Developer/SDKs/MacOSX26.1.sdk/System/Library/Frameworks/Security.framework/Headers/SecTrustedApplication.h
/Applications/Xcode.app/Contents/Developer/Platforms/MacOSX.platform/Developer/SDKs/MacOSX26.1.sdk/System/Library/Frameworks/Security.framework/Headers/SecTrustSettings.h
/Applications/Xcode.app/Contents/Developer/Platforms/MacOSX.platform/Developer/SDKs/MacOSX26.1.sdk/System/Library/Frameworks/Security.framework/Headers/SecStaticCode.h
/Applications/Xcode.app/Contents/Developer/Platforms/MacOSX.platform/Developer/SDKs/MacOSX26.1.sdk/System/Library/Frameworks/Security.framework/Headers/CSCommon.h
/Applications/Xcode.app/Contents/Developer/Platforms/MacOSX.platform/Developer/SDKs/MacOSX26.1.sdk/System/Library/Frameworks/Security.framework/Headers/SecCode.h
/Applications/Xcode.app/Contents/Developer/Platforms/MacOSX.platform/Developer/SDKs/MacOSX26.1.sdk/System/Library/Frameworks/Security.framework/Headers/SecCodeHost.h
/Applications/Xcode.app/Contents/Developer/Platforms/MacOSX.platform/Developer/SDKs/MacOSX26.1.sdk/System/Library/Frameworks/Security.framework/Headers/SecRequirement.h
/Applications/Xcode.app/Contents/Developer/Platforms/MacOSX.platform/Developer/SDKs/MacOSX26.1.sdk/System/Library/Frameworks/Security.framework/Headers/SecTask.h
/Applications/Xcode.app/Contents/Developer/Platforms/MacOSX.platform/Developer/SDKs/MacOSX26.1.sdk/System/Library/Frameworks/Security.framework/Headers/AuthorizationTags.h
/Applications/Xcode.app/Contents/Developer/Platforms/MacOSX.platform/Developer/SDKs/MacOSX26.1.sdk/System/Library/Frameworks/Security.framework/Headers/AuthorizationDB.h
/Applications/Xcode.app/Contents/Developer/Platforms/MacOSX.platform/Developer/SDKs/MacOSX26.1.sdk/System/Library/Frameworks/Security.framework/Headers/CMSDecoder.h
/Applications/Xcode.app/Contents/Developer/Platforms/MacOSX.platform/Developer/SDKs/MacOSX26.1.sdk/System/Library/Frameworks/Security.framework/Headers/CMSEncoder.h
/Applications/Xcode.app/Contents/Developer/Platforms/MacOSX.platform/Developer/SDKs/MacOSX26.1.sdk/System/Library/Frameworks/Security.framework/Headers/SecureTransport.h
/Applications/Xcode.app/Contents/Developer/Platforms/MacOSX.platform/Developer/SDKs/MacOSX26.1.sdk/System/Library/Frameworks/Security.framework/Headers/SecTransform.h
/Applications/Xcode.app/Contents/Developer/Platforms/MacOSX.platform/Developer/SDKs/MacOSX26.1.sdk/System/Library/Frameworks/Security.framework/Headers/SecCustomTransform.h
/Applications/Xcode.app/Contents/Developer/Platforms/MacOSX.platform/Developer/SDKs/MacOSX26.1.sdk/System/Library/Frameworks/Security.framework/Headers/SecDecodeTransform.h
/Applications/Xcode.app/Contents/Developer/Platforms/MacOSX.platform/Developer/SDKs/MacOSX26.1.sdk/System/Library/Frameworks/Security.framework/Headers/SecEncodeTransform.h
/Applications/Xcode.app/Contents/Developer/Platforms/MacOSX.platform/Developer/SDKs/MacOSX26.1.sdk/System/Library/Frameworks/Security.framework/Headers/SecDigestTransform.h
/Applications/Xcode.app/Contents/Developer/Platforms/MacOSX.platform/Developer/SDKs/MacOSX26.1.sdk/System/Library/Frameworks/Security.framework/Headers/SecEncryptTransform.h
/Applications/Xcode.app/Contents/Developer/Platforms/MacOSX.platform/Developer/SDKs/MacOSX26.1.sdk/System/Library/Frameworks/Security.framework/Headers/SecSignVerifyTransform.h
/Applications/Xcode.app/Contents/Developer/Platforms/MacOSX.platform/Developer/SDKs/MacOSX26.1.sdk/System/Library/Frameworks/Security.framework/Headers/SecReadTransform.h
/Applications/Xcode.app/Contents/Developer/Platforms/MacOSX.platform/Developer/SDKs/MacOSX26.1.sdk/System/Library/Frameworks/Security.framework/Headers/SecTransformReadTransform.h
/Applications/Xcode.app/Contents/Developer/Platforms/MacOSX.platform/Developer/SDKs/MacOSX26.1.sdk/System/Library/Frameworks/Security.framework/Headers/oids.h
/Applications/Xcode.app/Contents/Developer/Platforms/MacOSX.platform/Developer/SDKs/MacOSX26.1.sdk/usr/include/libDER/module.modulemap
/Applications/Xcode.app/Contents/Developer/Platforms/MacOSX.platform/Developer/SDKs/MacOSX26.1.sdk/usr/include/string.h
/Applications/Xcode.app/Contents/Developer/Platforms/MacOSX.platform/Developer/SDKs/MacOSX26.1.sdk/System/Library/Frameworks/Security.framework/Headers/AuthorizationPlugin.h
/Applications/Xcode.app/Contents/Developer/Platforms/MacOSX.platform/Developer/SDKs/MacOSX26.1.sdk/System/Library/Frameworks/Security.framework/Headers/CodeSigning.h
/Applications/Xcode.app/Contents/Developer/Platforms/MacOSX.platform/Developer/SDKs/MacOSX26.1.sdk/System/Library/Frameworks/Security.framework/Headers/eisl.h
/Applications/Xcode.app/Contents/Developer/Platforms/MacOSX.platform/Developer/SDKs/MacOSX26.1.sdk/System/Library/Frameworks/Security.framework/Headers/SecAsn1Coder.h
/Applications/Xcode.app/Contents/Developer/Platforms/MacOSX.platform/Developer/SDKs/MacOSX26.1.sdk/System/Library/Frameworks/Security.framework/Headers/SecAsn1Templates.h
/Applications/Xcode.app/Contents/Developer/Platforms/MacOSX.platform/Developer/SDKs/MacOSX26.1.sdk/System/Library/Frameworks/Security.framework/Headers/SecureDownload.h
/Applications/Xcode.app/Contents/Developer/Platforms/MacOSX.platform/Developer/SDKs/MacOSX26.1.sdk/SDKSettings.json
/Applications/Xcode.app/Contents/Developer/Toolchains/XcodeDefault.xctoolchain/usr/lib/swift/macosx/prebuilt-modules/26.1/Swift.swiftmodule/arm64e-apple-macos.swiftmodule
/Applications/Xcode.app/Contents/Developer/Toolchains/XcodeDefault.xctoolchain/usr/lib/swift/macosx/prebuilt-modules/26.1/SwiftOnoneSupport.swiftmodule/arm64e-apple-macos.swiftmodule
/Applications/Xcode.app/Contents/Developer/Platforms/MacOSX.platform/Developer/SDKs/MacOSX26.1.sdk/usr/lib/swift/shims/module.modulemap
/Applications/Xcode.app/Contents/Developer/Platforms/MacOSX.platform/Developer/SDKs/MacOSX26.1.sdk/usr/lib/swift/shims/AssertionReporting.h
/Applications/Xcode.app/Contents/Developer/Platforms/MacOSX.platform/Developer/SDKs/MacOSX26.1.sdk/usr/lib/swift/shims/SwiftStdint.h
/Applications/Xcode.app/Contents/Developer/Platforms/MacOSX.platform/Developer/SDKs/MacOSX26.1.sdk/usr/lib/swift/shims/Visibility.h
/Applications/Xcode.app/Contents/Developer/Platforms/MacOSX.platform/Developer/SDKs/MacOSX26.1.sdk/usr/lib/swift/shims/CoreFoundationShims.h
/Applications/Xcode.app/Contents/Developer/Platforms/MacOSX.platform/Developer/SDKs/MacOSX26.1.sdk/usr/lib/swift/shims/ObjCShims.h
/Applications/Xcode.app/Contents/Developer/Platforms/MacOSX.platform/Developer/SDKs/MacOSX26.1.sdk/usr/lib/swift/shims/EmbeddedShims.h
/Applications/Xcode.app/Contents/Developer/Platforms/MacOSX.platform/Developer/SDKs/MacOSX26.1.sdk/usr/lib/swift/shims/SwiftStddef.h
/Applications/Xcode.app/Contents/Developer/Platforms/MacOSX.platform/Developer/SDKs/MacOSX26.1.sdk/usr/lib/swift/shims/FoundationShims.h
/Applications/Xcode.app/Contents/Developer/Platforms/MacOSX.platform/Developer/SDKs/MacOSX26.1.sdk/usr/lib/swift/shims/GlobalObjects.h
/Applications/Xcode.app/Contents/Developer/Platforms/MacOSX.platform/Developer/SDKs/MacOSX26.1.sdk/usr/lib/swift/shims/SwiftStdbool.h
/Applications/Xcode.app/Contents/Developer/Platforms/MacOSX.platform/Developer/SDKs/MacOSX26.1.sdk/usr/lib/swift/shims/HeapObject.h
/Applications/Xcode.app/Contents/Developer/Platforms/MacOSX.platform/Developer/SDKs/MacOSX26.1.sdk/usr/lib/swift/shims/RefCount.h
/Applications/Xcode.app/Contents/Developer/Platforms/MacOSX.platform/Developer/SDKs/MacOSX26.1.sdk/usr/lib/swift/shims/System.h
/Applications/Xcode.app/Contents/Developer/Platforms/MacOSX.platform/Developer/SDKs/MacOSX26.1.sdk/usr/lib/swift/shims/Target.h
/Applications/Xcode.app/Contents/Developer/Platforms/MacOSX.platform/Developer/SDKs/MacOSX26.1.sdk/usr/lib/swift/shims/KeyPath.h
/Applications/Xcode.app/Contents/Developer/Platforms/MacOSX.platform/Developer/SDKs/MacOSX26.1.sdk/usr/lib/swift/shims/LibcShims.h
/Applications/Xcode.app/Contents/Developer/Platforms/MacOSX.platform/Developer/SDKs/MacOSX26.1.sdk/usr/lib/swift/shims/MetadataSections.h
/Applications/Xcode.app/Contents/Developer/Platforms/MacOSX.platform/Developer/SDKs/MacOSX26.1.sdk/usr/lib/swift/shims/Random.h
/Applications/Xcode.app/Contents/Developer/Platforms/MacOSX.platform/Developer/SDKs/MacOSX26.1.sdk/usr/lib/swift/shims/Reflection.h
/Applications/Xcode.app/Contents/Developer/Platforms/MacOSX.platform/Developer/SDKs/MacOSX26.1.sdk/usr/lib/swift/shims/RuntimeShims.h
/Applications/Xcode.app/Contents/Developer/Platforms/MacOSX.platform/Developer/SDKs/MacOSX26.1.sdk/usr/lib/swift/shims/RuntimeStubs.h
/Applications/Xcode.app/Contents/Developer/Platforms/MacOSX.platform/Developer/SDKs/MacOSX26.1.sdk/usr/lib/swift/shims/ThreadLocalStorage.h
/Applications/Xcode.app/Contents/Developer/Platforms/MacOSX.platform/Developer/SDKs/MacOSX26.1.sdk/usr/lib/swift/shims/UnicodeData.h
/Applications/Xcode.app/Contents/Developer/Platforms/MacOSX.platform/Developer/SDKs/MacOSX26.1.sdk/SDKSettings.json
/Applications/Xcode.app/Contents/Developer/Toolchains/XcodeDefault.xctoolchain/usr/lib/swift/macosx/prebuilt-modules/26.1/System.swiftmodule/arm64e-apple-macos.swiftmodule
/Users/rogerlin/Library/Developer/Xcode/DerivedData/FinancialCalculatorKit-ackorybalcxbfocbkqsfdzcfkgmn/Build/Products/Debug/UInt128.swiftmodule/arm64-apple-macos.swiftmodule
/Applications/Xcode.app/Contents/Developer/Toolchains/XcodeDefault.xctoolchain/usr/lib/swift/macosx/prebuilt-modules/26.1/XPC.swiftmodule/arm64e-apple-macos.swiftmodule
/Applications/Xcode.app/Contents/Developer/Platforms/MacOSX.platform/Developer/SDKs/MacOSX26.1.sdk/usr/include/XPC.apinotes
/Applications/Xcode.app/Contents/Developer/Platforms/MacOSX.platform/Developer/SDKs/MacOSX26.1.sdk/usr/include/launch.modulemap
/Applications/Xcode.app/Contents/Developer/Platforms/MacOSX.platform/Developer/SDKs/MacOSX26.1.sdk/usr/include/xpc.modulemap
/Applications/Xcode.app/Contents/Developer/Platforms/MacOSX.platform/Developer/SDKs/MacOSX26.1.sdk/usr/include/dispatch.modulemap
/Applications/Xcode.app/Contents/Developer/Platforms/MacOSX.platform/Developer/SDKs/MacOSX26.1.sdk/usr/include/os.modulemap
/Applications/Xcode.app/Contents/Developer/Platforms/MacOSX.platform/Developer/SDKs/MacOSX26.1.sdk/usr/include/Darwin.modulemap
/Applications/Xcode.app/Contents/Developer/Platforms/MacOSX.platform/Developer/SDKs/MacOSX26.1.sdk/usr/include/Darwin_C.modulemap
/Applications/Xcode.app/Contents/Developer/Platforms/MacOSX.platform/Developer/SDKs/MacOSX26.1.sdk/usr/include/Darwin_POSIX.modulemap
/Applications/Xcode.app/Contents/Developer/Platforms/MacOSX.platform/Developer/SDKs/MacOSX26.1.sdk/usr/include/net.modulemap
/Applications/Xcode.app/Contents/Developer/Platforms/MacOSX.platform/Developer/SDKs/MacOSX26.1.sdk/usr/include/netinet.modulemap
/Applications/Xcode.app/Contents/Developer/Platforms/MacOSX.platform/Developer/SDKs/MacOSX26.1.sdk/usr/include/bank.modulemap
/Applications/Xcode.app/Contents/Developer/Platforms/MacOSX.platform/Developer/SDKs/MacOSX26.1.sdk/usr/include/Darwin_Mach.modulemap
/Applications/Xcode.app/Contents/Developer/Platforms/MacOSX.platform/Developer/SDKs/MacOSX26.1.sdk/usr/include/Darwin_Mach_machine.modulemap
/Applications/Xcode.app/Contents/Developer/Platforms/MacOSX.platform/Developer/SDKs/MacOSX26.1.sdk/usr/include/mach_debug.modulemap
/Applications/Xcode.app/Contents/Developer/Platforms/MacOSX.platform/Developer/SDKs/MacOSX26.1.sdk/usr/include/device.modulemap
/Applications/Xcode.app/Contents/Developer/Platforms/MacOSX.platform/Developer/SDKs/MacOSX26.1.sdk/usr/include/Darwin_machine.modulemap
/Applications/Xcode.app/Contents/Developer/Platforms/MacOSX.platform/Developer/SDKs/MacOSX26.1.sdk/usr/include/ncurses.modulemap
/Applications/Xcode.app/Contents/Developer/Platforms/MacOSX.platform/Developer/SDKs/MacOSX26.1.sdk/usr/include/netinet6.modulemap
/Applications/Xcode.app/Contents/Developer/Platforms/MacOSX.platform/Developer/SDKs/MacOSX26.1.sdk/usr/include/Darwin_sys.modulemap
/Applications/Xcode.app/Contents/Developer/Platforms/MacOSX.platform/Developer/SDKs/MacOSX26.1.sdk/usr/include/uuid.modulemap
/Applications/Xcode.app/Contents/Developer/Platforms/MacOSX.platform/Developer/SDKs/MacOSX26.1.sdk/usr/include/DarwinFoundation2.modulemap
/Applications/Xcode.app/Contents/Developer/Platforms/MacOSX.platform/Developer/SDKs/MacOSX26.1.sdk/usr/include/DarwinFoundation3.modulemap
/Applications/Xcode.app/Contents/Developer/Platforms/MacOSX.platform/Developer/SDKs/MacOSX26.1.sdk/usr/include/DarwinFoundation1.modulemap
/Applications/Xcode.app/Contents/Developer/Platforms/MacOSX.platform/Developer/SDKs/MacOSX26.1.sdk/usr/include/xpc/xpc.h
/Applications/Xcode.app/Contents/Developer/Toolchains/XcodeDefault.xctoolchain/usr/lib/swift/clang/include/module.modulemap
/Applications/Xcode.app/Contents/Developer/Toolchains/XcodeDefault.xctoolchain/usr/lib/swift/clang/include/stdarg.h
/Applications/Xcode.app/Contents/Developer/Platforms/MacOSX.platform/Developer/SDKs/MacOSX26.1.sdk/usr/include/stdlib.h
/Applications/Xcode.app/Contents/Developer/Platforms/MacOSX.platform/Developer/SDKs/MacOSX26.1.sdk/usr/include/stdio.h
/Applications/Xcode.app/Contents/Developer/Platforms/MacOSX.platform/Developer/SDKs/MacOSX26.1.sdk/usr/include/string.h
/Applications/Xcode.app/Contents/Developer/Platforms/MacOSX.platform/Developer/SDKs/MacOSX26.1.sdk/usr/include/xpc/base.h
/Applications/Xcode.app/Contents/Developer/Platforms/MacOSX.platform/Developer/SDKs/MacOSX26.1.sdk/usr/include/xpc/availability.h
/Applications/Xcode.app/Contents/Developer/Platforms/MacOSX.platform/Developer/SDKs/MacOSX26.1.sdk/usr/include/xpc/endpoint.h
/Applications/Xcode.app/Contents/Developer/Platforms/MacOSX.platform/Developer/SDKs/MacOSX26.1.sdk/usr/include/xpc/debug.h
/Applications/Xcode.app/Contents/Developer/Platforms/MacOSX.platform/Developer/SDKs/MacOSX26.1.sdk/usr/include/xpc/activity.h
/Applications/Xcode.app/Contents/Developer/Platforms/MacOSX.platform/Developer/SDKs/MacOSX26.1.sdk/usr/include/xpc/peer_requirement.h
/Applications/Xcode.app/Contents/Developer/Platforms/MacOSX.platform/Developer/SDKs/MacOSX26.1.sdk/usr/include/xpc/connection.h
/Applications/Xcode.app/Contents/Developer/Platforms/MacOSX.platform/Developer/SDKs/MacOSX26.1.sdk/usr/include/xpc/rich_error.h
/Applications/Xcode.app/Contents/Developer/Platforms/MacOSX.platform/Developer/SDKs/MacOSX26.1.sdk/usr/include/xpc/session.h
/Applications/Xcode.app/Contents/Developer/Platforms/MacOSX.platform/Developer/SDKs/MacOSX26.1.sdk/usr/include/xpc/listener.h
/Applications/Xcode.app/Contents/Developer/Platforms/MacOSX.platform/Developer/SDKs/MacOSX26.1.sdk/SDKSettings.json
/Applications/Xcode.app/Contents/Developer/Platforms/MacOSX.platform/Developer/SDKs/MacOSX26.1.sdk/usr/include/DarwinFoundation1.modulemap
/Applications/Xcode.app/Contents/Developer/Platforms/MacOSX.platform/Developer/SDKs/MacOSX26.1.sdk/usr/include/AvailabilityInternal.h
/Applications/Xcode.app/Contents/Developer/Platforms/MacOSX.platform/Developer/SDKs/MacOSX26.1.sdk/usr/include/AvailabilityVersions.h
/Applications/Xcode.app/Contents/Developer/Platforms/MacOSX.platform/Developer/SDKs/MacOSX26.1.sdk/usr/include/AvailabilityInternalLegacy.h
/Applications/Xcode.app/Contents/Developer/Platforms/MacOSX.platform/Developer/SDKs/MacOSX26.1.sdk/SDKSettings.json
/Applications/Xcode.app/Contents/Developer/Toolchains/XcodeDefault.xctoolchain/usr/lib/swift/macosx/prebuilt-modules/26.1/_Builtin_float.swiftmodule/arm64e-apple-macos.swiftmodule
/Applications/Xcode.app/Contents/Developer/Toolchains/XcodeDefault.xctoolchain/usr/lib/swift/clang/include/module.modulemap
/Applications/Xcode.app/Contents/Developer/Toolchains/XcodeDefault.xctoolchain/usr/lib/swift/clang/include/float.h
/Applications/Xcode.app/Contents/Developer/Platforms/MacOSX.platform/Developer/SDKs/MacOSX26.1.sdk/SDKSettings.json
/Applications/Xcode.app/Contents/Developer/Toolchains/XcodeDefault.xctoolchain/usr/lib/swift/clang/include/module.modulemap
/Applications/Xcode.app/Contents/Developer/Toolchains/XcodeDefault.xctoolchain/usr/lib/swift/clang/include/inttypes.h
/Applications/Xcode.app/Contents/Developer/Platforms/MacOSX.platform/Developer/SDKs/MacOSX26.1.sdk/usr/include/DarwinFoundation3.modulemap
/Applications/Xcode.app/Contents/Developer/Platforms/MacOSX.platform/Developer/SDKs/MacOSX26.1.sdk/usr/include/inttypes.h
/Applications/Xcode.app/Contents/Developer/Platforms/MacOSX.platform/Developer/SDKs/MacOSX26.1.sdk/SDKSettings.json
/Applications/Xcode.app/Contents/Developer/Toolchains/XcodeDefault.xctoolchain/usr/lib/swift/clang/include/module.modulemap
/Applications/Xcode.app/Contents/Developer/Toolchains/XcodeDefault.xctoolchain/usr/lib/swift/clang/include/limits.h
/Applications/Xcode.app/Contents/Developer/Platforms/MacOSX.platform/Developer/SDKs/MacOSX26.1.sdk/usr/include/DarwinFoundation1.modulemap
/Applications/Xcode.app/Contents/Developer/Platforms/MacOSX.platform/Developer/SDKs/MacOSX26.1.sdk/SDKSettings.json
/Applications/Xcode.app/Contents/Developer/Toolchains/XcodeDefault.xctoolchain/usr/lib/swift/clang/include/module.modulemap
/Applications/Xcode.app/Contents/Developer/Toolchains/XcodeDefault.xctoolchain/usr/lib/swift/clang/include/__stdarg___gnuc_va_list.h
/Applications/Xcode.app/Contents/Developer/Toolchains/XcodeDefault.xctoolchain/usr/lib/swift/clang/include/__stdarg___va_copy.h
/Applications/Xcode.app/Contents/Developer/Toolchains/XcodeDefault.xctoolchain/usr/lib/swift/clang/include/__stdarg_header_macro.h
/Applications/Xcode.app/Contents/Developer/Toolchains/XcodeDefault.xctoolchain/usr/lib/swift/clang/include/__stdarg_va_arg.h
/Applications/Xcode.app/Contents/Developer/Toolchains/XcodeDefault.xctoolchain/usr/lib/swift/clang/include/__stdarg_va_copy.h
/Applications/Xcode.app/Contents/Developer/Toolchains/XcodeDefault.xctoolchain/usr/lib/swift/clang/include/__stdarg_va_list.h
/Applications/Xcode.app/Contents/Developer/Platforms/MacOSX.platform/Developer/SDKs/MacOSX26.1.sdk/SDKSettings.json
/Applications/Xcode.app/Contents/Developer/Toolchains/XcodeDefault.xctoolchain/usr/lib/swift/clang/include/module.modulemap
/Applications/Xcode.app/Contents/Developer/Toolchains/XcodeDefault.xctoolchain/usr/lib/swift/clang/include/stdbool.h
/Applications/Xcode.app/Contents/Developer/Platforms/MacOSX.platform/Developer/SDKs/MacOSX26.1.sdk/SDKSettings.json
/Applications/Xcode.app/Contents/Developer/Toolchains/XcodeDefault.xctoolchain/usr/lib/swift/clang/include/module.modulemap
/Applications/Xcode.app/Contents/Developer/Toolchains/XcodeDefault.xctoolchain/usr/lib/swift/clang/include/__stddef_header_macro.h
/Applications/Xcode.app/Contents/Developer/Toolchains/XcodeDefault.xctoolchain/usr/lib/swift/clang/include/__stddef_max_align_t.h
/Applications/Xcode.app/Contents/Developer/Toolchains/XcodeDefault.xctoolchain/usr/lib/swift/clang/include/__stddef_null.h
/Applications/Xcode.app/Contents/Developer/Toolchains/XcodeDefault.xctoolchain/usr/lib/swift/clang/include/__stddef_nullptr_t.h
/Applications/Xcode.app/Contents/Developer/Toolchains/XcodeDefault.xctoolchain/usr/lib/swift/clang/include/__stddef_offsetof.h
/Applications/Xcode.app/Contents/Developer/Toolchains/XcodeDefault.xctoolchain/usr/lib/swift/clang/include/__stddef_ptrdiff_t.h
/Applications/Xcode.app/Contents/Developer/Toolchains/XcodeDefault.xctoolchain/usr/lib/swift/clang/include/__stddef_rsize_t.h
/Applications/Xcode.app/Contents/Developer/Toolchains/XcodeDefault.xctoolchain/usr/lib/swift/clang/include/__stddef_size_t.h
/Applications/Xcode.app/Contents/Developer/Toolchains/XcodeDefault.xctoolchain/usr/lib/swift/clang/include/__stddef_unreachable.h
/Applications/Xcode.app/Contents/Developer/Toolchains/XcodeDefault.xctoolchain/usr/lib/swift/clang/include/__stddef_wchar_t.h
/Applications/Xcode.app/Contents/Developer/Platforms/MacOSX.platform/Developer/SDKs/MacOSX26.1.sdk/SDKSettings.json
/Applications/Xcode.app/Contents/Developer/Toolchains/XcodeDefault.xctoolchain/usr/lib/swift/clang/include/module.modulemap
/Applications/Xcode.app/Contents/Developer/Toolchains/XcodeDefault.xctoolchain/usr/lib/swift/clang/include/stdint.h
/Applications/Xcode.app/Contents/Developer/Platforms/MacOSX.platform/Developer/SDKs/MacOSX26.1.sdk/usr/include/DarwinFoundation2.modulemap
/Applications/Xcode.app/Contents/Developer/Platforms/MacOSX.platform/Developer/SDKs/MacOSX26.1.sdk/SDKSettings.json
/Applications/Xcode.app/Contents/Developer/Toolchains/XcodeDefault.xctoolchain/usr/lib/swift/macosx/prebuilt-modules/26.1/_Concurrency.swiftmodule/arm64e-apple-macos.swiftmodule
/Applications/Xcode.app/Contents/Developer/Platforms/MacOSX.platform/Developer/SDKs/MacOSX26.1.sdk/usr/include/DarwinFoundation1.modulemap
/Applications/Xcode.app/Contents/Developer/Platforms/MacOSX.platform/Developer/SDKs/MacOSX26.1.sdk/usr/include/sys/appleapiopts.h
/Applications/Xcode.app/Contents/Developer/Platforms/MacOSX.platform/Developer/SDKs/MacOSX26.1.sdk/usr/include/os/availability.h
/Applications/Xcode.app/Contents/Developer/Platforms/MacOSX.platform/Developer/SDKs/MacOSX26.1.sdk/usr/include/Availability.h
/Applications/Xcode.app/Contents/Developer/Platforms/MacOSX.platform/Developer/SDKs/MacOSX26.1.sdk/usr/include/AvailabilityMacros.h
/Applications/Xcode.app/Contents/Developer/Platforms/MacOSX.platform/Developer/SDKs/MacOSX26.1.sdk/usr/include/TargetConditionals.h
/Applications/Xcode.app/Contents/Developer/Platforms/MacOSX.platform/Developer/SDKs/MacOSX26.1.sdk/usr/include/_bounds.h
/Applications/Xcode.app/Contents/Developer/Platforms/MacOSX.platform/Developer/SDKs/MacOSX26.1.sdk/usr/include/sys/cdefs.h
/Applications/Xcode.app/Contents/Developer/Platforms/MacOSX.platform/Developer/SDKs/MacOSX26.1.sdk/usr/include/sys/_symbol_aliasing.h
/Applications/Xcode.app/Contents/Developer/Platforms/MacOSX.platform/Developer/SDKs/MacOSX26.1.sdk/usr/include/sys/_posix_availability.h
/Applications/Xcode.app/Contents/Developer/Toolchains/XcodeDefault.xctoolchain/usr/lib/swift/clang/include/module.modulemap
/Applications/Xcode.app/Contents/Developer/Platforms/MacOSX.platform/Developer/SDKs/MacOSX26.1.sdk/usr/include/sys/qos.h
/Applications/Xcode.app/Contents/Developer/Platforms/MacOSX.platform/Developer/SDKs/MacOSX26.1.sdk/usr/include/machine/_endian.h
/Applications/Xcode.app/Contents/Developer/Platforms/MacOSX.platform/Developer/SDKs/MacOSX26.1.sdk/usr/include/arm/_endian.h
/Applications/Xcode.app/Contents/Developer/Platforms/MacOSX.platform/Developer/SDKs/MacOSX26.1.sdk/usr/include/sys/__endian.h
/Applications/Xcode.app/Contents/Developer/Platforms/MacOSX.platform/Developer/SDKs/MacOSX26.1.sdk/usr/include/i386/_endian.h
/Applications/Xcode.app/Contents/Developer/Platforms/MacOSX.platform/Developer/SDKs/MacOSX26.1.sdk/usr/include/__xlocale.h
/Applications/Xcode.app/Contents/Developer/Platforms/MacOSX.platform/Developer/SDKs/MacOSX26.1.sdk/usr/include/_mb_cur_max.h
/Applications/Xcode.app/Contents/Developer/Platforms/MacOSX.platform/Developer/SDKs/MacOSX26.1.sdk/usr/include/_types/_locale_t.h
/Applications/Xcode.app/Contents/Developer/Platforms/MacOSX.platform/Developer/SDKs/MacOSX26.1.sdk/usr/include/sys/_types/_u_char.h
/Applications/Xcode.app/Contents/Developer/Platforms/MacOSX.platform/Developer/SDKs/MacOSX26.1.sdk/usr/include/sys/_types/_u_short.h
/Applications/Xcode.app/Contents/Developer/Platforms/MacOSX.platform/Developer/SDKs/MacOSX26.1.sdk/usr/include/sys/_types/_u_int.h
/Applications/Xcode.app/Contents/Developer/Platforms/MacOSX.platform/Developer/SDKs/MacOSX26.1.sdk/usr/include/sys/_types/_u_int8_t.h
/Applications/Xcode.app/Contents/Developer/Platforms/MacOSX.platform/Developer/SDKs/MacOSX26.1.sdk/usr/include/sys/_types/_u_int16_t.h
/Applications/Xcode.app/Contents/Developer/Platforms/MacOSX.platform/Developer/SDKs/MacOSX26.1.sdk/usr/include/sys/_types/_u_int32_t.h
/Applications/Xcode.app/Contents/Developer/Platforms/MacOSX.platform/Developer/SDKs/MacOSX26.1.sdk/usr/include/sys/_types/_u_int64_t.h
/Applications/Xcode.app/Contents/Developer/Platforms/MacOSX.platform/Developer/SDKs/MacOSX26.1.sdk/usr/include/_assert.h
/Applications/Xcode.app/Contents/Developer/Platforms/MacOSX.platform/Developer/SDKs/MacOSX26.1.sdk/usr/include/_static_assert.h
/Applications/Xcode.app/Contents/Developer/Platforms/MacOSX.platform/Developer/SDKs/MacOSX26.1.sdk/usr/include/complex.h
/Applications/Xcode.app/Contents/Developer/Platforms/MacOSX.platform/Developer/SDKs/MacOSX26.1.sdk/usr/include/errno.h
/Applications/Xcode.app/Contents/Developer/Platforms/MacOSX.platform/Developer/SDKs/MacOSX26.1.sdk/usr/include/sys/errno.h
/Applications/Xcode.app/Contents/Developer/Platforms/MacOSX.platform/Developer/SDKs/MacOSX26.1.sdk/usr/include/sys/_types/_errno_t.h
/Applications/Xcode.app/Contents/Developer/Platforms/MacOSX.platform/Developer/SDKs/MacOSX26.1.sdk/usr/include/fenv.h
/Applications/Xcode.app/Contents/Developer/Platforms/MacOSX.platform/Developer/SDKs/MacOSX26.1.sdk/usr/include/limits.h
/Applications/Xcode.app/Contents/Developer/Platforms/MacOSX.platform/Developer/SDKs/MacOSX26.1.sdk/usr/include/machine/limits.h
/Applications/Xcode.app/Contents/Developer/Platforms/MacOSX.platform/Developer/SDKs/MacOSX26.1.sdk/usr/include/arm/limits.h
/Applications/Xcode.app/Contents/Developer/Platforms/MacOSX.platform/Developer/SDKs/MacOSX26.1.sdk/usr/include/arm/_limits.h
/Applications/Xcode.app/Contents/Developer/Platforms/MacOSX.platform/Developer/SDKs/MacOSX26.1.sdk/usr/include/sys/syslimits.h
/Applications/Xcode.app/Contents/Developer/Platforms/MacOSX.platform/Developer/SDKs/MacOSX26.1.sdk/usr/include/i386/limits.h
/Applications/Xcode.app/Contents/Developer/Platforms/MacOSX.platform/Developer/SDKs/MacOSX26.1.sdk/usr/include/machine/_limits.h
/Applications/Xcode.app/Contents/Developer/Platforms/MacOSX.platform/Developer/SDKs/MacOSX26.1.sdk/usr/include/i386/_limits.h
/Applications/Xcode.app/Contents/Developer/Platforms/MacOSX.platform/Developer/SDKs/MacOSX26.1.sdk/usr/include/math.h
/Applications/Xcode.app/Contents/Developer/Platforms/MacOSX.platform/Developer/SDKs/MacOSX26.1.sdk/usr/include/setjmp.h
/Applications/Xcode.app/Contents/Developer/Platforms/MacOSX.platform/Developer/SDKs/MacOSX26.1.sdk/SDKSettings.json
/Applications/Xcode.app/Contents/Developer/Toolchains/XcodeDefault.xctoolchain/usr/lib/swift/macosx/prebuilt-modules/26.1/_DarwinFoundation1.swiftmodule/arm64e-apple-macos.swiftmodule
/Applications/Xcode.app/Contents/Developer/Platforms/MacOSX.platform/Developer/SDKs/MacOSX26.1.sdk/usr/include/_DarwinFoundation2.apinotes
/Applications/Xcode.app/Contents/Developer/Platforms/MacOSX.platform/Developer/SDKs/MacOSX26.1.sdk/usr/include/DarwinFoundation2.modulemap
/Applications/Xcode.app/Contents/Developer/Platforms/MacOSX.platform/Developer/SDKs/MacOSX26.1.sdk/usr/include/DarwinFoundation1.modulemap
/Applications/Xcode.app/Contents/Developer/Platforms/MacOSX.platform/Developer/SDKs/MacOSX26.1.sdk/usr/include/nl_types.h
/Applications/Xcode.app/Contents/Developer/Platforms/MacOSX.platform/Developer/SDKs/MacOSX26.1.sdk/usr/include/sys/types.h
/Applications/Xcode.app/Contents/Developer/Platforms/MacOSX.platform/Developer/SDKs/MacOSX26.1.sdk/usr/include/machine/types.h
/Applications/Xcode.app/Contents/Developer/Platforms/MacOSX.platform/Developer/SDKs/MacOSX26.1.sdk/usr/include/arm/types.h
/Applications/Xcode.app/Contents/Developer/Platforms/MacOSX.platform/Developer/SDKs/MacOSX26.1.sdk/usr/include/arm/_types.h
/Applications/Xcode.app/Contents/Developer/Platforms/MacOSX.platform/Developer/SDKs/MacOSX26.1.sdk/usr/include/sys/_types/_ptrdiff_t.h
/Applications/Xcode.app/Contents/Developer/Toolchains/XcodeDefault.xctoolchain/usr/lib/swift/clang/include/module.modulemap
/Applications/Xcode.app/Contents/Developer/Toolchains/XcodeDefault.xctoolchain/usr/lib/swift/clang/include/stddef.h
/Applications/Xcode.app/Contents/Developer/Platforms/MacOSX.platform/Developer/SDKs/MacOSX26.1.sdk/usr/include/sys/_types/_size_t.h
/Applications/Xcode.app/Contents/Developer/Platforms/MacOSX.platform/Developer/SDKs/MacOSX26.1.sdk/usr/include/sys/_types/_va_list.h
/Applications/Xcode.app/Contents/Developer/Toolchains/XcodeDefault.xctoolchain/usr/lib/swift/clang/include/stdarg.h
/Applications/Xcode.app/Contents/Developer/Platforms/MacOSX.platform/Developer/SDKs/MacOSX26.1.sdk/usr/include/sys/_types/_wchar_t.h
/Applications/Xcode.app/Contents/Developer/Platforms/MacOSX.platform/Developer/SDKs/MacOSX26.1.sdk/usr/include/sys/_types/_int8_t.h
/Applications/Xcode.app/Contents/Developer/Platforms/MacOSX.platform/Developer/SDKs/MacOSX26.1.sdk/usr/include/sys/_types/_int16_t.h
/Applications/Xcode.app/Contents/Developer/Platforms/MacOSX.platform/Developer/SDKs/MacOSX26.1.sdk/usr/include/sys/_types/_int32_t.h
/Applications/Xcode.app/Contents/Developer/Platforms/MacOSX.platform/Developer/SDKs/MacOSX26.1.sdk/usr/include/sys/_types/_int64_t.h
/Applications/Xcode.app/Contents/Developer/Platforms/MacOSX.platform/Developer/SDKs/MacOSX26.1.sdk/usr/include/sys/_types/_intptr_t.h
/Applications/Xcode.app/Contents/Developer/Platforms/MacOSX.platform/Developer/SDKs/MacOSX26.1.sdk/usr/include/machine/_types.h
/Applications/Xcode.app/Contents/Developer/Platforms/MacOSX.platform/Developer/SDKs/MacOSX26.1.sdk/usr/include/sys/_types/_uintptr_t.h
/Applications/Xcode.app/Contents/Developer/Platforms/MacOSX.platform/Developer/SDKs/MacOSX26.1.sdk/usr/include/sys/_types.h
/Applications/Xcode.app/Contents/Developer/Platforms/MacOSX.platform/Developer/SDKs/MacOSX26.1.sdk/usr/include/sys/_types/_null.h
/Applications/Xcode.app/Contents/Developer/Platforms/MacOSX.platform/Developer/SDKs/MacOSX26.1.sdk/usr/include/sys/_pthread/_pthread_types.h
/Applications/Xcode.app/Contents/Developer/Platforms/MacOSX.platform/Developer/SDKs/MacOSX26.1.sdk/usr/include/machine/endian.h
/Applications/Xcode.app/Contents/Developer/Platforms/MacOSX.platform/Developer/SDKs/MacOSX26.1.sdk/usr/include/arm/endian.h
/Applications/Xcode.app/Contents/Developer/Platforms/MacOSX.platform/Developer/SDKs/MacOSX26.1.sdk/usr/include/sys/_endian.h
/Applications/Xcode.app/Contents/Developer/Platforms/MacOSX.platform/Developer/SDKs/MacOSX26.1.sdk/usr/include/libkern/_OSByteOrder.h
/Applications/Xcode.app/Contents/Developer/Platforms/MacOSX.platform/Developer/SDKs/MacOSX26.1.sdk/usr/include/libkern/arm/_OSByteOrder.h
/Applications/Xcode.app/Contents/Developer/Platforms/MacOSX.platform/Developer/SDKs/MacOSX26.1.sdk/usr/include/sys/_types/_caddr_t.h
/Applications/Xcode.app/Contents/Developer/Platforms/MacOSX.platform/Developer/SDKs/MacOSX26.1.sdk/usr/include/sys/_types/_dev_t.h
/Applications/Xcode.app/Contents/Developer/Platforms/MacOSX.platform/Developer/SDKs/MacOSX26.1.sdk/usr/include/sys/_types/_blkcnt_t.h
/Applications/Xcode.app/Contents/Developer/Platforms/MacOSX.platform/Developer/SDKs/MacOSX26.1.sdk/usr/include/sys/_types/_blksize_t.h
/Applications/Xcode.app/Contents/Developer/Platforms/MacOSX.platform/Developer/SDKs/MacOSX26.1.sdk/usr/include/sys/_types/_gid_t.h
/Applications/Xcode.app/Contents/Developer/Platforms/MacOSX.platform/Developer/SDKs/MacOSX26.1.sdk/usr/include/sys/_types/_in_addr_t.h
/Applications/Xcode.app/Contents/Developer/Platforms/MacOSX.platform/Developer/SDKs/MacOSX26.1.sdk/usr/include/sys/_types/_in_port_t.h
/Applications/Xcode.app/Contents/Developer/Platforms/MacOSX.platform/Developer/SDKs/MacOSX26.1.sdk/usr/include/sys/_types/_ino_t.h
/Applications/Xcode.app/Contents/Developer/Platforms/MacOSX.platform/Developer/SDKs/MacOSX26.1.sdk/usr/include/sys/_types/_ino64_t.h
/Applications/Xcode.app/Contents/Developer/Platforms/MacOSX.platform/Developer/SDKs/MacOSX26.1.sdk/usr/include/sys/_types/_key_t.h
/Applications/Xcode.app/Contents/Developer/Platforms/MacOSX.platform/Developer/SDKs/MacOSX26.1.sdk/usr/include/sys/_types/_mode_t.h
/Applications/Xcode.app/Contents/Developer/Platforms/MacOSX.platform/Developer/SDKs/MacOSX26.1.sdk/usr/include/sys/_types/_nlink_t.h
/Applications/Xcode.app/Contents/Developer/Platforms/MacOSX.platform/Developer/SDKs/MacOSX26.1.sdk/usr/include/sys/_types/_id_t.h
/Applications/Xcode.app/Contents/Developer/Platforms/MacOSX.platform/Developer/SDKs/MacOSX26.1.sdk/usr/include/sys/_types/_pid_t.h
/Applications/Xcode.app/Contents/Developer/Platforms/MacOSX.platform/Developer/SDKs/MacOSX26.1.sdk/usr/include/sys/_types/_off_t.h
/Applications/Xcode.app/Contents/Developer/Platforms/MacOSX.platform/Developer/SDKs/MacOSX26.1.sdk/usr/include/sys/_types/_uid_t.h
/Applications/Xcode.app/Contents/Developer/Platforms/MacOSX.platform/Developer/SDKs/MacOSX26.1.sdk/usr/include/sys/_types/_clock_t.h
/Applications/Xcode.app/Contents/Developer/Platforms/MacOSX.platform/Developer/SDKs/MacOSX26.1.sdk/usr/include/sys/_types/_ssize_t.h
/Applications/Xcode.app/Contents/Developer/Platforms/MacOSX.platform/Developer/SDKs/MacOSX26.1.sdk/usr/include/sys/_types/_time_t.h
/Applications/Xcode.app/Contents/Developer/Platforms/MacOSX.platform/Developer/SDKs/MacOSX26.1.sdk/usr/include/sys/_types/_useconds_t.h
/Applications/Xcode.app/Contents/Developer/Platforms/MacOSX.platform/Developer/SDKs/MacOSX26.1.sdk/usr/include/sys/_types/_suseconds_t.h
/Applications/Xcode.app/Contents/Developer/Platforms/MacOSX.platform/Developer/SDKs/MacOSX26.1.sdk/usr/include/sys/_types/_rsize_t.h
/Applications/Xcode.app/Contents/Developer/Platforms/MacOSX.platform/Developer/SDKs/MacOSX26.1.sdk/usr/include/sys/_types/_fd_def.h
/Applications/Xcode.app/Contents/Developer/Platforms/MacOSX.platform/Developer/SDKs/MacOSX26.1.sdk/usr/include/sys/_types/_fd_setsize.h
/Applications/Xcode.app/Contents/Developer/Platforms/MacOSX.platform/Developer/SDKs/MacOSX26.1.sdk/usr/include/sys/_types/_fd_set.h
/Applications/Xcode.app/Contents/Developer/Platforms/MacOSX.platform/Developer/SDKs/MacOSX26.1.sdk/usr/include/sys/_types/_fd_clr.h
/Applications/Xcode.app/Contents/Developer/Platforms/MacOSX.platform/Developer/SDKs/MacOSX26.1.sdk/usr/include/sys/_types/_fd_zero.h
/Applications/Xcode.app/Contents/Developer/Platforms/MacOSX.platform/Developer/SDKs/MacOSX26.1.sdk/usr/include/sys/_types/_fd_isset.h
/Applications/Xcode.app/Contents/Developer/Platforms/MacOSX.platform/Developer/SDKs/MacOSX26.1.sdk/usr/include/sys/_types/_fd_copy.h
/Applications/Xcode.app/Contents/Developer/Platforms/MacOSX.platform/Developer/SDKs/MacOSX26.1.sdk/usr/include/sys/_pthread/_pthread_attr_t.h
/Applications/Xcode.app/Contents/Developer/Platforms/MacOSX.platform/Developer/SDKs/MacOSX26.1.sdk/usr/include/sys/_pthread/_pthread_cond_t.h
/Applications/Xcode.app/Contents/Developer/Platforms/MacOSX.platform/Developer/SDKs/MacOSX26.1.sdk/usr/include/sys/_pthread/_pthread_condattr_t.h
/Applications/Xcode.app/Contents/Developer/Platforms/MacOSX.platform/Developer/SDKs/MacOSX26.1.sdk/usr/include/sys/_pthread/_pthread_mutex_t.h
/Applications/Xcode.app/Contents/Developer/Platforms/MacOSX.platform/Developer/SDKs/MacOSX26.1.sdk/usr/include/sys/_pthread/_pthread_mutexattr_t.h
/Applications/Xcode.app/Contents/Developer/Platforms/MacOSX.platform/Developer/SDKs/MacOSX26.1.sdk/usr/include/sys/_pthread/_pthread_once_t.h
/Applications/Xcode.app/Contents/Developer/Platforms/MacOSX.platform/Developer/SDKs/MacOSX26.1.sdk/usr/include/sys/_pthread/_pthread_rwlock_t.h
/Applications/Xcode.app/Contents/Developer/Platforms/MacOSX.platform/Developer/SDKs/MacOSX26.1.sdk/usr/include/sys/_pthread/_pthread_rwlockattr_t.h
/Applications/Xcode.app/Contents/Developer/Platforms/MacOSX.platform/Developer/SDKs/MacOSX26.1.sdk/usr/include/sys/_pthread/_pthread_t.h
/Applications/Xcode.app/Contents/Developer/Platforms/MacOSX.platform/Developer/SDKs/MacOSX26.1.sdk/usr/include/sys/_pthread/_pthread_key_t.h
/Applications/Xcode.app/Contents/Developer/Platforms/MacOSX.platform/Developer/SDKs/MacOSX26.1.sdk/usr/include/sys/_types/_fsblkcnt_t.h
/Applications/Xcode.app/Contents/Developer/Platforms/MacOSX.platform/Developer/SDKs/MacOSX26.1.sdk/usr/include/sys/_types/_fsfilcnt_t.h
/Applications/Xcode.app/Contents/Developer/Platforms/MacOSX.platform/Developer/SDKs/MacOSX26.1.sdk/usr/include/_types.h
/Applications/Xcode.app/Contents/Developer/Platforms/MacOSX.platform/Developer/SDKs/MacOSX26.1.sdk/usr/include/_types/_nl_item.h
/Applications/Xcode.app/Contents/Developer/Platforms/MacOSX.platform/Developer/SDKs/MacOSX26.1.sdk/usr/include/runetype.h
/Applications/Xcode.app/Contents/Developer/Platforms/MacOSX.platform/Developer/SDKs/MacOSX26.1.sdk/usr/include/sys/_types/_ct_rune_t.h
/Applications/Xcode.app/Contents/Developer/Platforms/MacOSX.platform/Developer/SDKs/MacOSX26.1.sdk/usr/include/sys/_types/_rune_t.h
/Applications/Xcode.app/Contents/Developer/Platforms/MacOSX.platform/Developer/SDKs/MacOSX26.1.sdk/usr/include/sys/_types/_wint_t.h
/Applications/Xcode.app/Contents/Developer/Platforms/MacOSX.platform/Developer/SDKs/MacOSX26.1.sdk/usr/include/alloca.h
/Applications/Xcode.app/Contents/Developer/Platforms/MacOSX.platform/Developer/SDKs/MacOSX26.1.sdk/usr/include/i386/endian.h
/Applications/Xcode.app/Contents/Developer/Platforms/MacOSX.platform/Developer/SDKs/MacOSX26.1.sdk/usr/include/libkern/i386/_OSByteOrder.h
/Applications/Xcode.app/Contents/Developer/Platforms/MacOSX.platform/Developer/SDKs/MacOSX26.1.sdk/usr/include/secure/_common.h
/Applications/Xcode.app/Contents/Developer/Platforms/MacOSX.platform/Developer/SDKs/MacOSX26.1.sdk/usr/include/sys/_types/_mach_port_t.h
/Applications/Xcode.app/Contents/Developer/Platforms/MacOSX.platform/Developer/SDKs/MacOSX26.1.sdk/usr/include/sys/_types/_offsetof.h
/Applications/Xcode.app/Contents/Developer/Platforms/MacOSX.platform/Developer/SDKs/MacOSX26.1.sdk/usr/include/_strings.h
/Applications/Xcode.app/Contents/Developer/Platforms/MacOSX.platform/Developer/SDKs/MacOSX26.1.sdk/usr/include/secure/_strings.h
/Applications/Xcode.app/Contents/Developer/Platforms/MacOSX.platform/Developer/SDKs/MacOSX26.1.sdk/usr/include/sys/_types/_timeval.h
/Applications/Xcode.app/Contents/Developer/Platforms/MacOSX.platform/Developer/SDKs/MacOSX26.1.sdk/usr/include/sys/_types/_uuid_t.h
/Applications/Xcode.app/Contents/Developer/Platforms/MacOSX.platform/Developer/SDKs/MacOSX26.1.sdk/usr/include/i386/types.h
/Applications/Xcode.app/Contents/Developer/Platforms/MacOSX.platform/Developer/SDKs/MacOSX26.1.sdk/usr/include/i386/_types.h
/Applications/Xcode.app/Contents/Developer/Platforms/MacOSX.platform/Developer/SDKs/MacOSX26.1.sdk/usr/include/_ctype.h
/Applications/Xcode.app/Contents/Developer/Platforms/MacOSX.platform/Developer/SDKs/MacOSX26.1.sdk/usr/include/xlocale/_ctype.h
/Applications/Xcode.app/Contents/Developer/Platforms/MacOSX.platform/Developer/SDKs/MacOSX26.1.sdk/usr/include/locale.h
/Applications/Xcode.app/Contents/Developer/Platforms/MacOSX.platform/Developer/SDKs/MacOSX26.1.sdk/usr/include/_locale.h
/Applications/Xcode.app/Contents/Developer/Platforms/MacOSX.platform/Developer/SDKs/MacOSX26.1.sdk/usr/include/_locale_posix2008.h
/Applications/Xcode.app/Contents/Developer/Platforms/MacOSX.platform/Developer/SDKs/MacOSX26.1.sdk/usr/include/stdint.h
/Applications/Xcode.app/Contents/Developer/Platforms/MacOSX.platform/Developer/SDKs/MacOSX26.1.sdk/usr/include/_types/_uint8_t.h
/Applications/Xcode.app/Contents/Developer/Platforms/MacOSX.platform/Developer/SDKs/MacOSX26.1.sdk/usr/include/_types/_uint16_t.h
/Applications/Xcode.app/Contents/Developer/Platforms/MacOSX.platform/Developer/SDKs/MacOSX26.1.sdk/usr/include/_types/_uint32_t.h
/Applications/Xcode.app/Contents/Developer/Platforms/MacOSX.platform/Developer/SDKs/MacOSX26.1.sdk/usr/include/_types/_uint64_t.h
/Applications/Xcode.app/Contents/Developer/Platforms/MacOSX.platform/Developer/SDKs/MacOSX26.1.sdk/usr/include/_types/_intmax_t.h
/Applications/Xcode.app/Contents/Developer/Platforms/MacOSX.platform/Developer/SDKs/MacOSX26.1.sdk/usr/include/_types/_uintmax_t.h
/Applications/Xcode.app/Contents/Developer/Platforms/MacOSX.platform/Developer/SDKs/MacOSX26.1.sdk/usr/include/_stdio.h
/Applications/Xcode.app/Contents/Developer/Platforms/MacOSX.platform/Developer/SDKs/MacOSX26.1.sdk/usr/include/sys/stdio.h
/Applications/Xcode.app/Contents/Developer/Platforms/MacOSX.platform/Developer/SDKs/MacOSX26.1.sdk/usr/include/_printf.h
/Applications/Xcode.app/Contents/Developer/Platforms/MacOSX.platform/Developer/SDKs/MacOSX26.1.sdk/usr/include/sys/_types/_seek_set.h
/Applications/Xcode.app/Contents/Developer/Platforms/MacOSX.platform/Developer/SDKs/MacOSX26.1.sdk/usr/include/_ctermid.h
/Applications/Xcode.app/Contents/Developer/Platforms/MacOSX.platform/Developer/SDKs/MacOSX26.1.sdk/usr/include/secure/_stdio.h
/Applications/Xcode.app/Contents/Developer/Platforms/MacOSX.platform/Developer/SDKs/MacOSX26.1.sdk/usr/include/xlocale/_stdio.h
/Applications/Xcode.app/Contents/Developer/Platforms/MacOSX.platform/Developer/SDKs/MacOSX26.1.sdk/usr/include/_string.h
/Applications/Xcode.app/Contents/Developer/Platforms/MacOSX.platform/Developer/SDKs/MacOSX26.1.sdk/usr/include/secure/_string.h
/Applications/Xcode.app/Contents/Developer/Platforms/MacOSX.platform/Developer/SDKs/MacOSX26.1.sdk/usr/include/xlocale/_string.h
/Applications/Xcode.app/Contents/Developer/Platforms/MacOSX.platform/Developer/SDKs/MacOSX26.1.sdk/usr/include/tgmath.h
/Applications/Xcode.app/Contents/Developer/Platforms/MacOSX.platform/Developer/SDKs/MacOSX26.1.sdk/usr/include/_time.h
/Applications/Xcode.app/Contents/Developer/Platforms/MacOSX.platform/Developer/SDKs/MacOSX26.1.sdk/usr/include/sys/_types/_timespec.h
/Applications/Xcode.app/Contents/Developer/Platforms/MacOSX.platform/Developer/SDKs/MacOSX26.1.sdk/usr/include/xlocale/_time.h
/Applications/Xcode.app/Contents/Developer/Platforms/MacOSX.platform/Developer/SDKs/MacOSX26.1.sdk/SDKSettings.json
/Applications/Xcode.app/Contents/Developer/Toolchains/XcodeDefault.xctoolchain/usr/lib/swift/macosx/prebuilt-modules/26.1/_DarwinFoundation2.swiftmodule/arm64e-apple-macos.swiftmodule
/Applications/Xcode.app/Contents/Developer/Platforms/MacOSX.platform/Developer/SDKs/MacOSX26.1.sdk/usr/include/DarwinFoundation2.modulemap
/Applications/Xcode.app/Contents/Developer/Platforms/MacOSX.platform/Developer/SDKs/MacOSX26.1.sdk/usr/include/DarwinFoundation3.modulemap
/Applications/Xcode.app/Contents/Developer/Platforms/MacOSX.platform/Developer/SDKs/MacOSX26.1.sdk/usr/include/DarwinFoundation1.modulemap
/Applications/Xcode.app/Contents/Developer/Platforms/MacOSX.platform/Developer/SDKs/MacOSX26.1.sdk/usr/include/pthread/pthread.h
/Applications/Xcode.app/Contents/Developer/Platforms/MacOSX.platform/Developer/SDKs/MacOSX26.1.sdk/usr/include/pthread/sched.h
/Applications/Xcode.app/Contents/Developer/Platforms/MacOSX.platform/Developer/SDKs/MacOSX26.1.sdk/usr/include/pthread/pthread_impl.h
/Applications/Xcode.app/Contents/Developer/Platforms/MacOSX.platform/Developer/SDKs/MacOSX26.1.sdk/usr/include/time.h
/Applications/Xcode.app/Contents/Developer/Platforms/MacOSX.platform/Developer/SDKs/MacOSX26.1.sdk/usr/include/pthread/qos.h
/Applications/Xcode.app/Contents/Developer/Platforms/MacOSX.platform/Developer/SDKs/MacOSX26.1.sdk/usr/include/sys/_types/_sigset_t.h
/Applications/Xcode.app/Contents/Developer/Platforms/MacOSX.platform/Developer/SDKs/MacOSX26.1.sdk/usr/include/sys/resource.h
/Applications/Xcode.app/Contents/Developer/Toolchains/XcodeDefault.xctoolchain/usr/lib/swift/clang/include/module.modulemap
/Applications/Xcode.app/Contents/Developer/Platforms/MacOSX.platform/Developer/SDKs/MacOSX26.1.sdk/usr/include/sys/select.h
/Applications/Xcode.app/Contents/Developer/Platforms/MacOSX.platform/Developer/SDKs/MacOSX26.1.sdk/usr/include/sys/_select.h
/Applications/Xcode.app/Contents/Developer/Platforms/MacOSX.platform/Developer/SDKs/MacOSX26.1.sdk/usr/include/sys/wait.h
/Applications/Xcode.app/Contents/Developer/Platforms/MacOSX.platform/Developer/SDKs/MacOSX26.1.sdk/usr/include/sys/signal.h
/Applications/Xcode.app/Contents/Developer/Platforms/MacOSX.platform/Developer/SDKs/MacOSX26.1.sdk/usr/include/machine/signal.h
/Applications/Xcode.app/Contents/Developer/Platforms/MacOSX.platform/Developer/SDKs/MacOSX26.1.sdk/usr/include/arm/signal.h
/Applications/Xcode.app/Contents/Developer/Platforms/MacOSX.platform/Developer/SDKs/MacOSX26.1.sdk/usr/include/machine/_mcontext.h
/Applications/Xcode.app/Contents/Developer/Platforms/MacOSX.platform/Developer/SDKs/MacOSX26.1.sdk/usr/include/arm/_mcontext.h
/Applications/Xcode.app/Contents/Developer/Platforms/MacOSX.platform/Developer/SDKs/MacOSX26.1.sdk/usr/include/mach/machine/_structs.h
/Applications/Xcode.app/Contents/Developer/Platforms/MacOSX.platform/Developer/SDKs/MacOSX26.1.sdk/usr/include/mach/arm/_structs.h
/Applications/Xcode.app/Contents/Developer/Platforms/MacOSX.platform/Developer/SDKs/MacOSX26.1.sdk/usr/include/sys/_types/_sigaltstack.h
/Applications/Xcode.app/Contents/Developer/Platforms/MacOSX.platform/Developer/SDKs/MacOSX26.1.sdk/usr/include/sys/_types/_ucontext.h
/Applications/Xcode.app/Contents/Developer/Platforms/MacOSX.platform/Developer/SDKs/MacOSX26.1.sdk/usr/include/unistd.h
/Applications/Xcode.app/Contents/Developer/Platforms/MacOSX.platform/Developer/SDKs/MacOSX26.1.sdk/usr/include/sys/unistd.h
/Applications/Xcode.app/Contents/Developer/Platforms/MacOSX.platform/Developer/SDKs/MacOSX26.1.sdk/usr/include/sys/_types/_posix_vdisable.h
/Applications/Xcode.app/Contents/Developer/Platforms/MacOSX.platform/Developer/SDKs/MacOSX26.1.sdk/usr/include/gethostuuid.h
/Applications/Xcode.app/Contents/Developer/Platforms/MacOSX.platform/Developer/SDKs/MacOSX26.1.sdk/usr/include/mach/i386/_structs.h
/Applications/Xcode.app/Contents/Developer/Platforms/MacOSX.platform/Developer/SDKs/MacOSX26.1.sdk/usr/include/_inttypes.h
/Applications/Xcode.app/Contents/Developer/Platforms/MacOSX.platform/Developer/SDKs/MacOSX26.1.sdk/usr/include/xlocale/_inttypes.h
/Applications/Xcode.app/Contents/Developer/Toolchains/XcodeDefault.xctoolchain/usr/lib/swift/clang/include/stddef.h
/Applications/Xcode.app/Contents/Developer/Platforms/MacOSX.platform/Developer/SDKs/MacOSX26.1.sdk/usr/include/signal.h
/Applications/Xcode.app/Contents/Developer/Platforms/MacOSX.platform/Developer/SDKs/MacOSX26.1.sdk/usr/include/i386/signal.h
/Applications/Xcode.app/Contents/Developer/Platforms/MacOSX.platform/Developer/SDKs/MacOSX26.1.sdk/usr/include/i386/_mcontext.h
/Applications/Xcode.app/Contents/Developer/Platforms/MacOSX.platform/Developer/SDKs/MacOSX26.1.sdk/usr/include/_stdlib.h
/Applications/Xcode.app/Contents/Developer/Platforms/MacOSX.platform/Developer/SDKs/MacOSX26.1.sdk/usr/include/malloc/_malloc.h
/Applications/Xcode.app/Contents/Developer/Platforms/MacOSX.platform/Developer/SDKs/MacOSX26.1.sdk/usr/include/malloc/_malloc_type.h
/Applications/Xcode.app/Contents/Developer/Platforms/MacOSX.platform/Developer/SDKs/MacOSX26.1.sdk/usr/include/malloc/_ptrcheck.h
/Applications/Xcode.app/Contents/Developer/Platforms/MacOSX.platform/Developer/SDKs/MacOSX26.1.sdk/usr/include/_abort.h
/Applications/Xcode.app/Contents/Developer/Platforms/MacOSX.platform/Developer/SDKs/MacOSX26.1.sdk/usr/include/xlocale/_stdlib.h
/Applications/Xcode.app/Contents/Developer/Platforms/MacOSX.platform/Developer/SDKs/MacOSX26.1.sdk/usr/include/_wchar.h
/Applications/Xcode.app/Contents/Developer/Platforms/MacOSX.platform/Developer/SDKs/MacOSX26.1.sdk/usr/include/sys/_types/_mbstate_t.h
/Applications/Xcode.app/Contents/Developer/Toolchains/XcodeDefault.xctoolchain/usr/lib/swift/clang/include/stdarg.h
/Applications/Xcode.app/Contents/Developer/Platforms/MacOSX.platform/Developer/SDKs/MacOSX26.1.sdk/usr/include/stdio.h
/Applications/Xcode.app/Contents/Developer/Platforms/MacOSX.platform/Developer/SDKs/MacOSX26.1.sdk/usr/include/__wctype.h
/Applications/Xcode.app/Contents/Developer/Platforms/MacOSX.platform/Developer/SDKs/MacOSX26.1.sdk/usr/include/___wctype.h
/Applications/Xcode.app/Contents/Developer/Platforms/MacOSX.platform/Developer/SDKs/MacOSX26.1.sdk/usr/include/_types/_wctype_t.h
/Applications/Xcode.app/Contents/Developer/Platforms/MacOSX.platform/Developer/SDKs/MacOSX26.1.sdk/usr/include/ctype.h
/Applications/Xcode.app/Contents/Developer/Platforms/MacOSX.platform/Developer/SDKs/MacOSX26.1.sdk/usr/include/xlocale/_wchar.h
/Applications/Xcode.app/Contents/Developer/Platforms/MacOSX.platform/Developer/SDKs/MacOSX26.1.sdk/usr/include/_wctype.h
/Applications/Xcode.app/Contents/Developer/Platforms/MacOSX.platform/Developer/SDKs/MacOSX26.1.sdk/usr/include/_types/_wctrans_t.h
/Applications/Xcode.app/Contents/Developer/Platforms/MacOSX.platform/Developer/SDKs/MacOSX26.1.sdk/usr/include/xlocale/_wctype.h
/Applications/Xcode.app/Contents/Developer/Platforms/MacOSX.platform/Developer/SDKs/MacOSX26.1.sdk/usr/include/xlocale/___wctype.h
/Applications/Xcode.app/Contents/Developer/Platforms/MacOSX.platform/Developer/SDKs/MacOSX26.1.sdk/SDKSettings.json
/Applications/Xcode.app/Contents/Developer/Toolchains/XcodeDefault.xctoolchain/usr/lib/swift/macosx/prebuilt-modules/26.1/_DarwinFoundation3.swiftmodule/arm64e-apple-macos.swiftmodule
/Users/rogerlin/Library/Developer/Xcode/DerivedData/FinancialCalculatorKit-ackorybalcxbfocbkqsfdzcfkgmn/SourcePackages/checkouts/swift-numerics/Sources/_NumericsShims/include/module.modulemap
/Users/rogerlin/Library/Developer/Xcode/DerivedData/FinancialCalculatorKit-ackorybalcxbfocbkqsfdzcfkgmn/SourcePackages/checkouts/swift-numerics/Sources/_NumericsShims/include/_NumericsShims.h
/Applications/Xcode.app/Contents/Developer/Platforms/MacOSX.platform/Developer/SDKs/MacOSX26.1.sdk/SDKSettings.json
/Applications/Xcode.app/Contents/Developer/Toolchains/XcodeDefault.xctoolchain/usr/lib/swift/macosx/prebuilt-modules/26.1/_StringProcessing.swiftmodule/arm64e-apple-macos.swiftmodule
/Applications/Xcode.app/Contents/Developer/Platforms/MacOSX.platform/Developer/SDKs/MacOSX26.1.sdk/usr/lib/swift/shims/module.modulemap
/Applications/Xcode.app/Contents/Developer/Platforms/MacOSX.platform/Developer/SDKs/MacOSX26.1.sdk/usr/lib/swift/shims/_SwiftConcurrency.h
/Applications/Xcode.app/Contents/Developer/Platforms/MacOSX.platform/Developer/SDKs/MacOSX26.1.sdk/SDKSettings.json
/Applications/Xcode.app/Contents/Developer/Platforms/MacOSX.platform/Developer/SDKs/MacOSX26.1.sdk/usr/include/launch.modulemap
/Applications/Xcode.app/Contents/Developer/Platforms/MacOSX.platform/Developer/SDKs/MacOSX26.1.sdk/usr/include/Darwin.modulemap
/Applications/Xcode.app/Contents/Developer/Platforms/MacOSX.platform/Developer/SDKs/MacOSX26.1.sdk/usr/include/Darwin_C.modulemap
/Applications/Xcode.app/Contents/Developer/Platforms/MacOSX.platform/Developer/SDKs/MacOSX26.1.sdk/usr/include/Darwin_POSIX.modulemap
/Applications/Xcode.app/Contents/Developer/Platforms/MacOSX.platform/Developer/SDKs/MacOSX26.1.sdk/usr/include/net.modulemap
/Applications/Xcode.app/Contents/Developer/Platforms/MacOSX.platform/Developer/SDKs/MacOSX26.1.sdk/usr/include/netinet.modulemap
/Applications/Xcode.app/Contents/Developer/Platforms/MacOSX.platform/Developer/SDKs/MacOSX26.1.sdk/usr/include/bank.modulemap
/Applications/Xcode.app/Contents/Developer/Platforms/MacOSX.platform/Developer/SDKs/MacOSX26.1.sdk/usr/include/Darwin_Mach.modulemap
/Applications/Xcode.app/Contents/Developer/Platforms/MacOSX.platform/Developer/SDKs/MacOSX26.1.sdk/usr/include/Darwin_Mach_machine.modulemap
/Applications/Xcode.app/Contents/Developer/Platforms/MacOSX.platform/Developer/SDKs/MacOSX26.1.sdk/usr/include/mach_debug.modulemap
/Applications/Xcode.app/Contents/Developer/Platforms/MacOSX.platform/Developer/SDKs/MacOSX26.1.sdk/usr/include/device.modulemap
/Applications/Xcode.app/Contents/Developer/Platforms/MacOSX.platform/Developer/SDKs/MacOSX26.1.sdk/usr/include/Darwin_machine.modulemap
/Applications/Xcode.app/Contents/Developer/Platforms/MacOSX.platform/Developer/SDKs/MacOSX26.1.sdk/usr/include/ncurses.modulemap
/Applications/Xcode.app/Contents/Developer/Platforms/MacOSX.platform/Developer/SDKs/MacOSX26.1.sdk/usr/include/netinet6.modulemap
/Applications/Xcode.app/Contents/Developer/Platforms/MacOSX.platform/Developer/SDKs/MacOSX26.1.sdk/usr/include/Darwin_sys.modulemap
/Applications/Xcode.app/Contents/Developer/Platforms/MacOSX.platform/Developer/SDKs/MacOSX26.1.sdk/usr/include/uuid.modulemap
/Applications/Xcode.app/Contents/Developer/Platforms/MacOSX.platform/Developer/SDKs/MacOSX26.1.sdk/usr/include/DarwinFoundation1.modulemap
/Applications/Xcode.app/Contents/Developer/Platforms/MacOSX.platform/Developer/SDKs/MacOSX26.1.sdk/usr/include/launch.h
/Applications/Xcode.app/Contents/Developer/Toolchains/XcodeDefault.xctoolchain/usr/lib/swift/clang/include/module.modulemap
/Applications/Xcode.app/Contents/Developer/Toolchains/XcodeDefault.xctoolchain/usr/lib/swift/clang/include/stddef.h
/Applications/Xcode.app/Contents/Developer/Platforms/MacOSX.platform/Developer/SDKs/MacOSX26.1.sdk/SDKSettings.json
/Applications/Xcode.app/Contents/Developer/Platforms/MacOSX.platform/Developer/SDKs/MacOSX26.1.sdk/usr/include/libDER/module.modulemap
/Applications/Xcode.app/Contents/Developer/Platforms/MacOSX.platform/Developer/SDKs/MacOSX26.1.sdk/usr/include/libDER/DERItem.h
/Applications/Xcode.app/Contents/Developer/Platforms/MacOSX.platform/Developer/SDKs/MacOSX26.1.sdk/usr/include/libDER/libDER_config.h
/Applications/Xcode.app/Contents/Developer/Toolchains/XcodeDefault.xctoolchain/usr/lib/swift/clang/include/module.modulemap
/Applications/Xcode.app/Contents/Developer/Toolchains/XcodeDefault.xctoolchain/usr/lib/swift/clang/include/stddef.h
/Applications/Xcode.app/Contents/Developer/Platforms/MacOSX.platform/Developer/SDKs/MacOSX26.1.sdk/usr/include/DarwinFoundation2.modulemap
/Applications/Xcode.app/Contents/Developer/Platforms/MacOSX.platform/Developer/SDKs/MacOSX26.1.sdk/usr/include/DarwinFoundation1.modulemap
/Applications/Xcode.app/Contents/Developer/Platforms/MacOSX.platform/Developer/SDKs/MacOSX26.1.sdk/usr/include/string.h
/Applications/Xcode.app/Contents/Developer/Platforms/MacOSX.platform/Developer/SDKs/MacOSX26.1.sdk/SDKSettings.json
/Applications/Xcode.app/Contents/Developer/Platforms/MacOSX.platform/Developer/SDKs/MacOSX26.1.sdk/usr/include/libkern.modulemap
/Applications/Xcode.app/Contents/Developer/Platforms/MacOSX.platform/Developer/SDKs/MacOSX26.1.sdk/usr/include/Darwin.modulemap
/Applications/Xcode.app/Contents/Developer/Platforms/MacOSX.platform/Developer/SDKs/MacOSX26.1.sdk/usr/include/Darwin_C.modulemap
/Applications/Xcode.app/Contents/Developer/Platforms/MacOSX.platform/Developer/SDKs/MacOSX26.1.sdk/usr/include/Darwin_POSIX.modulemap
/Applications/Xcode.app/Contents/Developer/Platforms/MacOSX.platform/Developer/SDKs/MacOSX26.1.sdk/usr/include/net.modulemap
/Applications/Xcode.app/Contents/Developer/Platforms/MacOSX.platform/Developer/SDKs/MacOSX26.1.sdk/usr/include/netinet.modulemap
/Applications/Xcode.app/Contents/Developer/Platforms/MacOSX.platform/Developer/SDKs/MacOSX26.1.sdk/usr/include/bank.modulemap
/Applications/Xcode.app/Contents/Developer/Platforms/MacOSX.platform/Developer/SDKs/MacOSX26.1.sdk/usr/include/Darwin_Mach.modulemap
/Applications/Xcode.app/Contents/Developer/Platforms/MacOSX.platform/Developer/SDKs/MacOSX26.1.sdk/usr/include/Darwin_Mach_machine.modulemap
/Applications/Xcode.app/Contents/Developer/Platforms/MacOSX.platform/Developer/SDKs/MacOSX26.1.sdk/usr/include/mach_debug.modulemap
/Applications/Xcode.app/Contents/Developer/Platforms/MacOSX.platform/Developer/SDKs/MacOSX26.1.sdk/usr/include/device.modulemap
/Applications/Xcode.app/Contents/Developer/Platforms/MacOSX.platform/Developer/SDKs/MacOSX26.1.sdk/usr/include/Darwin_machine.modulemap
/Applications/Xcode.app/Contents/Developer/Platforms/MacOSX.platform/Developer/SDKs/MacOSX26.1.sdk/usr/include/ncurses.modulemap
/Applications/Xcode.app/Contents/Developer/Platforms/MacOSX.platform/Developer/SDKs/MacOSX26.1.sdk/usr/include/netinet6.modulemap
/Applications/Xcode.app/Contents/Developer/Platforms/MacOSX.platform/Developer/SDKs/MacOSX26.1.sdk/usr/include/Darwin_sys.modulemap
/Applications/Xcode.app/Contents/Developer/Platforms/MacOSX.platform/Developer/SDKs/MacOSX26.1.sdk/usr/include/uuid.modulemap
/Applications/Xcode.app/Contents/Developer/Platforms/MacOSX.platform/Developer/SDKs/MacOSX26.1.sdk/usr/include/DarwinFoundation1.modulemap
/Applications/Xcode.app/Contents/Developer/Platforms/MacOSX.platform/Developer/SDKs/MacOSX26.1.sdk/usr/include/libkern/OSCacheControl.h
/Applications/Xcode.app/Contents/Developer/Toolchains/XcodeDefault.xctoolchain/usr/lib/swift/clang/include/module.modulemap
/Applications/Xcode.app/Contents/Developer/Toolchains/XcodeDefault.xctoolchain/usr/lib/swift/clang/include/stddef.h
/Applications/Xcode.app/Contents/Developer/Platforms/MacOSX.platform/Developer/SDKs/MacOSX26.1.sdk/usr/include/libkern/OSDebug.h
/Applications/Xcode.app/Contents/Developer/Platforms/MacOSX.platform/Developer/SDKs/MacOSX26.1.sdk/usr/include/libkern/OSReturn.h
/Applications/Xcode.app/Contents/Developer/Platforms/MacOSX.platform/Developer/SDKs/MacOSX26.1.sdk/usr/include/libkern/OSThermalNotification.h
/Applications/Xcode.app/Contents/Developer/Platforms/MacOSX.platform/Developer/SDKs/MacOSX26.1.sdk/usr/include/libkern/OSTypes.h
/Applications/Xcode.app/Contents/Developer/Platforms/MacOSX.platform/Developer/SDKs/MacOSX26.1.sdk/usr/include/libkern/OSKextLib.h
/Applications/Xcode.app/Contents/Developer/Platforms/MacOSX.platform/Developer/SDKs/MacOSX26.1.sdk/SDKSettings.json
/Applications/Xcode.app/Contents/Developer/Platforms/MacOSX.platform/Developer/SDKs/MacOSX26.1.sdk/usr/include/os.modulemap
/Applications/Xcode.app/Contents/Developer/Platforms/MacOSX.platform/Developer/SDKs/MacOSX26.1.sdk/usr/include/ObjectiveC.modulemap
/Applications/Xcode.app/Contents/Developer/Platforms/MacOSX.platform/Developer/SDKs/MacOSX26.1.sdk/usr/include/Darwin.modulemap
/Applications/Xcode.app/Contents/Developer/Platforms/MacOSX.platform/Developer/SDKs/MacOSX26.1.sdk/usr/include/Darwin_C.modulemap
/Applications/Xcode.app/Contents/Developer/Platforms/MacOSX.platform/Developer/SDKs/MacOSX26.1.sdk/usr/include/Darwin_POSIX.modulemap
/Applications/Xcode.app/Contents/Developer/Platforms/MacOSX.platform/Developer/SDKs/MacOSX26.1.sdk/usr/include/net.modulemap
/Applications/Xcode.app/Contents/Developer/Platforms/MacOSX.platform/Developer/SDKs/MacOSX26.1.sdk/usr/include/netinet.modulemap
/Applications/Xcode.app/Contents/Developer/Platforms/MacOSX.platform/Developer/SDKs/MacOSX26.1.sdk/usr/include/bank.modulemap
/Applications/Xcode.app/Contents/Developer/Platforms/MacOSX.platform/Developer/SDKs/MacOSX26.1.sdk/usr/include/Darwin_Mach.modulemap
/Applications/Xcode.app/Contents/Developer/Platforms/MacOSX.platform/Developer/SDKs/MacOSX26.1.sdk/usr/include/Darwin_Mach_machine.modulemap
/Applications/Xcode.app/Contents/Developer/Platforms/MacOSX.platform/Developer/SDKs/MacOSX26.1.sdk/usr/include/mach_debug.modulemap
/Applications/Xcode.app/Contents/Developer/Platforms/MacOSX.platform/Developer/SDKs/MacOSX26.1.sdk/usr/include/device.modulemap
/Applications/Xcode.app/Contents/Developer/Platforms/MacOSX.platform/Developer/SDKs/MacOSX26.1.sdk/usr/include/Darwin_machine.modulemap
/Applications/Xcode.app/Contents/Developer/Platforms/MacOSX.platform/Developer/SDKs/MacOSX26.1.sdk/usr/include/ncurses.modulemap
/Applications/Xcode.app/Contents/Developer/Platforms/MacOSX.platform/Developer/SDKs/MacOSX26.1.sdk/usr/include/netinet6.modulemap
/Applications/Xcode.app/Contents/Developer/Platforms/MacOSX.platform/Developer/SDKs/MacOSX26.1.sdk/usr/include/Darwin_sys.modulemap
/Applications/Xcode.app/Contents/Developer/Platforms/MacOSX.platform/Developer/SDKs/MacOSX26.1.sdk/usr/include/uuid.modulemap
/Applications/Xcode.app/Contents/Developer/Platforms/MacOSX.platform/Developer/SDKs/MacOSX26.1.sdk/usr/include/DarwinFoundation1.modulemap
/Applications/Xcode.app/Contents/Developer/Platforms/MacOSX.platform/Developer/SDKs/MacOSX26.1.sdk/usr/include/os/object.h
/Applications/Xcode.app/Contents/Developer/Platforms/MacOSX.platform/Developer/SDKs/MacOSX26.1.sdk/SDKSettings.json
/Applications/Xcode.app/Contents/Developer/Platforms/MacOSX.platform/Developer/SDKs/MacOSX26.1.sdk/usr/include/os.modulemap
/Applications/Xcode.app/Contents/Developer/Platforms/MacOSX.platform/Developer/SDKs/MacOSX26.1.sdk/usr/include/Darwin.modulemap
/Applications/Xcode.app/Contents/Developer/Platforms/MacOSX.platform/Developer/SDKs/MacOSX26.1.sdk/usr/include/Darwin_C.modulemap
/Applications/Xcode.app/Contents/Developer/Platforms/MacOSX.platform/Developer/SDKs/MacOSX26.1.sdk/usr/include/Darwin_POSIX.modulemap
/Applications/Xcode.app/Contents/Developer/Platforms/MacOSX.platform/Developer/SDKs/MacOSX26.1.sdk/usr/include/net.modulemap
/Applications/Xcode.app/Contents/Developer/Platforms/MacOSX.platform/Developer/SDKs/MacOSX26.1.sdk/usr/include/netinet.modulemap
/Applications/Xcode.app/Contents/Developer/Platforms/MacOSX.platform/Developer/SDKs/MacOSX26.1.sdk/usr/include/bank.modulemap
/Applications/Xcode.app/Contents/Developer/Platforms/MacOSX.platform/Developer/SDKs/MacOSX26.1.sdk/usr/include/Darwin_Mach.modulemap
/Applications/Xcode.app/Contents/Developer/Platforms/MacOSX.platform/Developer/SDKs/MacOSX26.1.sdk/usr/include/Darwin_Mach_machine.modulemap
/Applications/Xcode.app/Contents/Developer/Platforms/MacOSX.platform/Developer/SDKs/MacOSX26.1.sdk/usr/include/mach_debug.modulemap
/Applications/Xcode.app/Contents/Developer/Platforms/MacOSX.platform/Developer/SDKs/MacOSX26.1.sdk/usr/include/device.modulemap
/Applications/Xcode.app/Contents/Developer/Platforms/MacOSX.platform/Developer/SDKs/MacOSX26.1.sdk/usr/include/Darwin_machine.modulemap
/Applications/Xcode.app/Contents/Developer/Platforms/MacOSX.platform/Developer/SDKs/MacOSX26.1.sdk/usr/include/ncurses.modulemap
/Applications/Xcode.app/Contents/Developer/Platforms/MacOSX.platform/Developer/SDKs/MacOSX26.1.sdk/usr/include/netinet6.modulemap
/Applications/Xcode.app/Contents/Developer/Platforms/MacOSX.platform/Developer/SDKs/MacOSX26.1.sdk/usr/include/Darwin_sys.modulemap
/Applications/Xcode.app/Contents/Developer/Platforms/MacOSX.platform/Developer/SDKs/MacOSX26.1.sdk/usr/include/uuid.modulemap
/Applications/Xcode.app/Contents/Developer/Platforms/MacOSX.platform/Developer/SDKs/MacOSX26.1.sdk/usr/include/DarwinFoundation2.modulemap
/Applications/Xcode.app/Contents/Developer/Platforms/MacOSX.platform/Developer/SDKs/MacOSX26.1.sdk/usr/include/DarwinFoundation3.modulemap
/Applications/Xcode.app/Contents/Developer/Platforms/MacOSX.platform/Developer/SDKs/MacOSX26.1.sdk/usr/include/DarwinFoundation1.modulemap
/Applications/Xcode.app/Contents/Developer/Platforms/MacOSX.platform/Developer/SDKs/MacOSX26.1.sdk/usr/include/os/workgroup.h
/Applications/Xcode.app/Contents/Developer/Platforms/MacOSX.platform/Developer/SDKs/MacOSX26.1.sdk/usr/include/os/workgroup_base.h
/Applications/Xcode.app/Contents/Developer/Toolchains/XcodeDefault.xctoolchain/usr/lib/swift/clang/include/module.modulemap
/Applications/Xcode.app/Contents/Developer/Toolchains/XcodeDefault.xctoolchain/usr/lib/swift/clang/include/stddef.h
/Applications/Xcode.app/Contents/Developer/Platforms/MacOSX.platform/Developer/SDKs/MacOSX26.1.sdk/usr/include/string.h
/Applications/Xcode.app/Contents/Developer/Platforms/MacOSX.platform/Developer/SDKs/MacOSX26.1.sdk/usr/include/stdlib.h
/Applications/Xcode.app/Contents/Developer/Platforms/MacOSX.platform/Developer/SDKs/MacOSX26.1.sdk/usr/include/os/workgroup_object.h
/Applications/Xcode.app/Contents/Developer/Platforms/MacOSX.platform/Developer/SDKs/MacOSX26.1.sdk/usr/include/os/workgroup_interval.h
/Applications/Xcode.app/Contents/Developer/Platforms/MacOSX.platform/Developer/SDKs/MacOSX26.1.sdk/usr/include/os/workgroup_parallel.h
/Applications/Xcode.app/Contents/Developer/Platforms/MacOSX.platform/Developer/SDKs/MacOSX26.1.sdk/SDKSettings.json
/Applications/Xcode.app/Contents/Developer/Toolchains/XcodeDefault.xctoolchain/usr/lib/swift/clang/include/module.modulemap
/Applications/Xcode.app/Contents/Developer/Toolchains/XcodeDefault.xctoolchain/usr/lib/swift/clang/include/ptrauth.h
/Applications/Xcode.app/Contents/Developer/Platforms/MacOSX.platform/Developer/SDKs/MacOSX26.1.sdk/SDKSettings.json
/Applications/Xcode.app/Contents/Developer/Toolchains/XcodeDefault.xctoolchain/usr/lib/swift/clang/include/module.modulemap
/Applications/Xcode.app/Contents/Developer/Toolchains/XcodeDefault.xctoolchain/usr/lib/swift/clang/include/ptrcheck.h
/Applications/Xcode.app/Contents/Developer/Platforms/MacOSX.platform/Developer/SDKs/MacOSX26.1.sdk/SDKSettings.json
/Applications/Xcode.app/Contents/Developer/Platforms/MacOSX.platform/Developer/SDKs/MacOSX26.1.sdk/usr/include/DarwinFoundation2.modulemap
/Applications/Xcode.app/Contents/Developer/Platforms/MacOSX.platform/Developer/SDKs/MacOSX26.1.sdk/usr/include/_modules/_sys_types.h
/Applications/Xcode.app/Contents/Developer/Platforms/MacOSX.platform/Developer/SDKs/MacOSX26.1.sdk/SDKSettings.json

SwiftDriverJobDiscovery normal arm64 Compiling CGImage+Mask.swift, CGPath+Segment.swift, CGPattern+Closure.swift, CGTextRenderer+Code.swift (in target 'SwiftDraw' from project 'SwiftDraw')

SwiftCompile normal arm64 Compiling\ CommandLine.swift,\ CoordinateFormatter.swift,\ LayerTree.Builder.Layer.swift /Users/rogerlin/Library/Developer/Xcode/DerivedData/FinancialCalculatorKit-ackorybalcxbfocbkqsfdzcfkgmn/SourcePackages/checkouts/SwiftDraw/SwiftDraw/CommandLine.swift /Users/rogerlin/Library/Developer/Xcode/DerivedData/FinancialCalculatorKit-ackorybalcxbfocbkqsfdzcfkgmn/SourcePackages/checkouts/SwiftDraw/SwiftDraw/CoordinateFormatter.swift /Users/rogerlin/Library/Developer/Xcode/DerivedData/FinancialCalculatorKit-ackorybalcxbfocbkqsfdzcfkgmn/SourcePackages/checkouts/SwiftDraw/SwiftDraw/LayerTree.Builder.Layer.swift (in target 'SwiftDraw' from project 'SwiftDraw')
/Applications/Xcode.app/Contents/Developer/Toolchains/XcodeDefault.xctoolchain/usr/bin/swift-frontend -frontend -c /Users/rogerlin/Library/Developer/Xcode/DerivedData/FinancialCalculatorKit-ackorybalcxbfocbkqsfdzcfkgmn/SourcePackages/checkouts/SwiftDraw/SwiftDraw/CGImage+Mask.swift /Users/rogerlin/Library/Developer/Xcode/DerivedData/FinancialCalculatorKit-ackorybalcxbfocbkqsfdzcfkgmn/SourcePackages/checkouts/SwiftDraw/SwiftDraw/CGPath+Segment.swift /Users/rogerlin/Library/Developer/Xcode/DerivedData/FinancialCalculatorKit-ackorybalcxbfocbkqsfdzcfkgmn/SourcePackages/checkouts/SwiftDraw/SwiftDraw/CGPattern+Closure.swift /Users/rogerlin/Library/Developer/Xcode/DerivedData/FinancialCalculatorKit-ackorybalcxbfocbkqsfdzcfkgmn/SourcePackages/checkouts/SwiftDraw/SwiftDraw/CGTextRenderer+Code.swift /Users/rogerlin/Library/Developer/Xcode/DerivedData/FinancialCalculatorKit-ackorybalcxbfocbkqsfdzcfkgmn/SourcePackages/checkouts/SwiftDraw/SwiftDraw/CommandLine+Process.swift /Users/rogerlin/Library/Developer/Xcode/DerivedData/FinancialCalculatorKit-ackorybalcxbfocbkqsfdzcfkgmn/SourcePackages/checkouts/SwiftDraw/SwiftDraw/CommandLine.Arguments.swift /Users/rogerlin/Library/Developer/Xcode/DerivedData/FinancialCalculatorKit-ackorybalcxbfocbkqsfdzcfkgmn/SourcePackages/checkouts/SwiftDraw/SwiftDraw/CommandLine.Configuration.swift -primary-file /Users/rogerlin/Library/Developer/Xcode/DerivedData/FinancialCalculatorKit-ackorybalcxbfocbkqsfdzcfkgmn/SourcePackages/checkouts/SwiftDraw/SwiftDraw/CommandLine.swift -primary-file /Users/rogerlin/Library/Developer/Xcode/DerivedData/FinancialCalculatorKit-ackorybalcxbfocbkqsfdzcfkgmn/SourcePackages/checkouts/SwiftDraw/SwiftDraw/CoordinateFormatter.swift -primary-file /Users/rogerlin/Library/Developer/Xcode/DerivedData/FinancialCalculatorKit-ackorybalcxbfocbkqsfdzcfkgmn/SourcePackages/checkouts/SwiftDraw/SwiftDraw/LayerTree.Builder.Layer.swift /Users/rogerlin/Library/Developer/Xcode/DerivedData/FinancialCalculatorKit-ackorybalcxbfocbkqsfdzcfkgmn/SourcePackages/checkouts/SwiftDraw/SwiftDraw/LayerTree.Builder.Path.Arc.swift /Users/rogerlin/Library/Developer/Xcode/DerivedData/FinancialCalculatorKit-ackorybalcxbfocbkqsfdzcfkgmn/SourcePackages/checkouts/SwiftDraw/SwiftDraw/LayerTree.Builder.Path.swift /Users/rogerlin/Library/Developer/Xcode/DerivedData/FinancialCalculatorKit-ackorybalcxbfocbkqsfdzcfkgmn/SourcePackages/checkouts/SwiftDraw/SwiftDraw/LayerTree.Builder.Shape.swift /Users/rogerlin/Library/Developer/Xcode/DerivedData/FinancialCalculatorKit-ackorybalcxbfocbkqsfdzcfkgmn/SourcePackages/checkouts/SwiftDraw/SwiftDraw/LayerTree.Builder.Text.swift /Users/rogerlin/Library/Developer/Xcode/DerivedData/FinancialCalculatorKit-ackorybalcxbfocbkqsfdzcfkgmn/SourcePackages/checkouts/SwiftDraw/SwiftDraw/LayerTree.Builder.swift /Users/rogerlin/Library/Developer/Xcode/DerivedData/FinancialCalculatorKit-ackorybalcxbfocbkqsfdzcfkgmn/SourcePackages/checkouts/SwiftDraw/SwiftDraw/LayerTree.Color.swift /Users/rogerlin/Library/Developer/Xcode/DerivedData/FinancialCalculatorKit-ackorybalcxbfocbkqsfdzcfkgmn/SourcePackages/checkouts/SwiftDraw/SwiftDraw/LayerTree.CommandGenerator.swift /Users/rogerlin/Library/Developer/Xcode/DerivedData/FinancialCalculatorKit-ackorybalcxbfocbkqsfdzcfkgmn/SourcePackages/checkouts/SwiftDraw/SwiftDraw/LayerTree.CommandOptimizer.swift /Users/rogerlin/Library/Developer/Xcode/DerivedData/FinancialCalculatorKit-ackorybalcxbfocbkqsfdzcfkgmn/SourcePackages/checkouts/SwiftDraw/SwiftDraw/LayerTree.Gradient.swift /Users/rogerlin/Library/Developer/Xcode/DerivedData/FinancialCalculatorKit-ackorybalcxbfocbkqsfdzcfkgmn/SourcePackages/checkouts/SwiftDraw/SwiftDraw/LayerTree.Image.swift /Users/rogerlin/Library/Developer/Xcode/DerivedData/FinancialCalculatorKit-ackorybalcxbfocbkqsfdzcfkgmn/SourcePackages/checkouts/SwiftDraw/SwiftDraw/LayerTree.Layer.swift /Users/rogerlin/Library/Developer/Xcode/DerivedData/FinancialCalculatorKit-ackorybalcxbfocbkqsfdzcfkgmn/SourcePackages/checkouts/SwiftDraw/SwiftDraw/LayerTree.Path+Bounds.swift /Users/rogerlin/Library/Developer/Xcode/DerivedData/FinancialCalculatorKit-ackorybalcxbfocbkqsfdzcfkgmn/SourcePackages/checkouts/SwiftDraw/SwiftDraw/LayerTree.Path+Reversed.swift /Users/rogerlin/Library/Developer/Xcode/DerivedData/FinancialCalculatorKit-ackorybalcxbfocbkqsfdzcfkgmn/SourcePackages/checkouts/SwiftDraw/SwiftDraw/LayerTree.Path+Subpath.swift /Users/rogerlin/Library/Developer/Xcode/DerivedData/FinancialCalculatorKit-ackorybalcxbfocbkqsfdzcfkgmn/SourcePackages/checkouts/SwiftDraw/SwiftDraw/LayerTree.Path.swift /Users/rogerlin/Library/Developer/Xcode/DerivedData/FinancialCalculatorKit-ackorybalcxbfocbkqsfdzcfkgmn/SourcePackages/checkouts/SwiftDraw/SwiftDraw/LayerTree.Pattern.swift /Users/rogerlin/Library/Developer/Xcode/DerivedData/FinancialCalculatorKit-ackorybalcxbfocbkqsfdzcfkgmn/SourcePackages/checkouts/SwiftDraw/SwiftDraw/LayerTree.Shape.swift /Users/rogerlin/Library/Developer/Xcode/DerivedData/FinancialCalculatorKit-ackorybalcxbfocbkqsfdzcfkgmn/SourcePackages/checkouts/SwiftDraw/SwiftDraw/LayerTree.Transform.swift /Users/rogerlin/Library/Developer/Xcode/DerivedData/FinancialCalculatorKit-ackorybalcxbfocbkqsfdzcfkgmn/SourcePackages/checkouts/SwiftDraw/SwiftDraw/LayerTree.swift /Users/rogerlin/Library/Developer/Xcode/DerivedData/FinancialCalculatorKit-ackorybalcxbfocbkqsfdzcfkgmn/SourcePackages/checkouts/SwiftDraw/SwiftDraw/NSImage+SVG.swift /Users/rogerlin/Library/Developer/Xcode/DerivedData/FinancialCalculatorKit-ackorybalcxbfocbkqsfdzcfkgmn/SourcePackages/checkouts/SwiftDraw/SwiftDraw/Renderer.CGText+Path.swift /Users/rogerlin/Library/Developer/Xcode/DerivedData/FinancialCalculatorKit-ackorybalcxbfocbkqsfdzcfkgmn/SourcePackages/checkouts/SwiftDraw/SwiftDraw/Renderer.CGText.swift /Users/rogerlin/Library/Developer/Xcode/DerivedData/FinancialCalculatorKit-ackorybalcxbfocbkqsfdzcfkgmn/SourcePackages/checkouts/SwiftDraw/SwiftDraw/Renderer.CoreGraphics.swift /Users/rogerlin/Library/Developer/Xcode/DerivedData/FinancialCalculatorKit-ackorybalcxbfocbkqsfdzcfkgmn/SourcePackages/checkouts/SwiftDraw/SwiftDraw/Renderer.LayerTree.swift /Users/rogerlin/Library/Developer/Xcode/DerivedData/FinancialCalculatorKit-ackorybalcxbfocbkqsfdzcfkgmn/SourcePackages/checkouts/SwiftDraw/SwiftDraw/Renderer.SFSymbol+CGPath.swift /Users/rogerlin/Library/Developer/Xcode/DerivedData/FinancialCalculatorKit-ackorybalcxbfocbkqsfdzcfkgmn/SourcePackages/checkouts/SwiftDraw/SwiftDraw/Renderer.SFSymbol.swift /Users/rogerlin/Library/Developer/Xcode/DerivedData/FinancialCalculatorKit-ackorybalcxbfocbkqsfdzcfkgmn/SourcePackages/checkouts/SwiftDraw/SwiftDraw/Renderer.SVG.swift /Users/rogerlin/Library/Developer/Xcode/DerivedData/FinancialCalculatorKit-ackorybalcxbfocbkqsfdzcfkgmn/SourcePackages/checkouts/SwiftDraw/SwiftDraw/Renderer.swift /Users/rogerlin/Library/Developer/Xcode/DerivedData/FinancialCalculatorKit-ackorybalcxbfocbkqsfdzcfkgmn/SourcePackages/checkouts/SwiftDraw/SwiftDraw/SVG+CoreGraphics.swift /Users/rogerlin/Library/Developer/Xcode/DerivedData/FinancialCalculatorKit-ackorybalcxbfocbkqsfdzcfkgmn/SourcePackages/checkouts/SwiftDraw/SwiftDraw/SVG+Deprecated.swift /Users/rogerlin/Library/Developer/Xcode/DerivedData/FinancialCalculatorKit-ackorybalcxbfocbkqsfdzcfkgmn/SourcePackages/checkouts/SwiftDraw/SwiftDraw/SVG+Hashable.swift /Users/rogerlin/Library/Developer/Xcode/DerivedData/FinancialCalculatorKit-ackorybalcxbfocbkqsfdzcfkgmn/SourcePackages/checkouts/SwiftDraw/SwiftDraw/SVG+Insets.swift /Users/rogerlin/Library/Developer/Xcode/DerivedData/FinancialCalculatorKit-ackorybalcxbfocbkqsfdzcfkgmn/SourcePackages/checkouts/SwiftDraw/SwiftDraw/SVG.swift /Users/rogerlin/Library/Developer/Xcode/DerivedData/FinancialCalculatorKit-ackorybalcxbfocbkqsfdzcfkgmn/SourcePackages/checkouts/SwiftDraw/SwiftDraw/SVGView.swift /Users/rogerlin/Library/Developer/Xcode/DerivedData/FinancialCalculatorKit-ackorybalcxbfocbkqsfdzcfkgmn/SourcePackages/checkouts/SwiftDraw/SwiftDraw/Stack.swift /Users/rogerlin/Library/Developer/Xcode/DerivedData/FinancialCalculatorKit-ackorybalcxbfocbkqsfdzcfkgmn/SourcePackages/checkouts/SwiftDraw/SwiftDraw/UIImage+SVG.swift /Users/rogerlin/Library/Developer/Xcode/DerivedData/FinancialCalculatorKit-ackorybalcxbfocbkqsfdzcfkgmn/SourcePackages/checkouts/SwiftDraw/SwiftDraw/Utilities/PairedSequence.swift /Users/rogerlin/Library/Developer/Xcode/DerivedData/FinancialCalculatorKit-ackorybalcxbfocbkqsfdzcfkgmn/SourcePackages/checkouts/SwiftDraw/SwiftDraw/XML.Formatter.SVG.swift /Users/rogerlin/Library/Developer/Xcode/DerivedData/FinancialCalculatorKit-ackorybalcxbfocbkqsfdzcfkgmn/SourcePackages/checkouts/SwiftDraw/SwiftDraw/XML.Formatter.swift -supplementary-output-file-map /Users/rogerlin/Library/Developer/Xcode/DerivedData/FinancialCalculatorKit-ackorybalcxbfocbkqsfdzcfkgmn/Build/Intermediates.noindex/SwiftDraw.build/Debug/SwiftDraw.build/Objects-normal/arm64/supplementaryOutputs-20 -target arm64-apple-macos10.15 -module-can-import-version AppKit 2685.20.119 2685.20.119 -module-can-import-version CoreGraphics 1965.1.4 1965.1.4 -module-can-import-version CoreText 877.1.0.5 877.1.0 -module-can-import-version Darwin 347.40.2 0 -module-can-import-version SwiftUI 7.1.13.1 7.1.13 -load-resolved-plugin /Applications/Xcode.app/Contents/Developer/Platforms/MacOSX.platform/Developer/usr/lib/swift/host/plugins/libFoundationMacros.dylib\#/Applications/Xcode.app/Contents/Developer/Platforms/MacOSX.platform/Developer/usr/bin/swift-plugin-server\#FoundationMacros -load-resolved-plugin /Applications/Xcode.app/Contents/Developer/Platforms/MacOSX.platform/Developer/usr/lib/swift/host/plugins/libObservationMacros.dylib\#/Applications/Xcode.app/Contents/Developer/Platforms/MacOSX.platform/Developer/usr/bin/swift-plugin-server\#ObservationMacros -load-resolved-plugin /Applications/Xcode.app/Contents/Developer/Platforms/MacOSX.platform/Developer/usr/lib/swift/host/plugins/libPreviewsMacros.dylib\#/Applications/Xcode.app/Contents/Developer/Platforms/MacOSX.platform/Developer/usr/bin/swift-plugin-server\#PreviewsMacros -load-resolved-plugin /Applications/Xcode.app/Contents/Developer/Platforms/MacOSX.platform/Developer/usr/lib/swift/host/plugins/libSwiftMacros.dylib\#/Applications/Xcode.app/Contents/Developer/Platforms/MacOSX.platform/Developer/usr/bin/swift-plugin-server\#SwiftMacros -load-resolved-plugin /Applications/Xcode.app/Contents/Developer/Platforms/MacOSX.platform/Developer/usr/lib/swift/host/plugins/libSwiftUIMacros.dylib\#/Applications/Xcode.app/Contents/Developer/Platforms/MacOSX.platform/Developer/usr/bin/swift-plugin-server\#SwiftUIMacros -disable-implicit-swift-modules -Xcc -fno-implicit-modules -Xcc -fno-implicit-module-maps -explicit-swift-module-map-file /Users/rogerlin/Library/Developer/Xcode/DerivedData/FinancialCalculatorKit-ackorybalcxbfocbkqsfdzcfkgmn/Build/Intermediates.noindex/SwiftDraw.build/Debug/SwiftDraw.build/Objects-normal/arm64/SwiftDraw-dependencies-1.json -Xllvm -aarch64-use-tbi -enable-objc-interop -stack-check -sdk /Applications/Xcode.app/Contents/Developer/Platforms/MacOSX.platform/Developer/SDKs/MacOSX26.1.sdk -I /Users/rogerlin/Library/Developer/Xcode/DerivedData/FinancialCalculatorKit-ackorybalcxbfocbkqsfdzcfkgmn/Build/Products/Debug -Isystem /Applications/Xcode.app/Contents/Developer/Platforms/MacOSX.platform/Developer/usr/lib -F /Users/rogerlin/Library/Developer/Xcode/DerivedData/FinancialCalculatorKit-ackorybalcxbfocbkqsfdzcfkgmn/Build/Products/Debug/PackageFrameworks -F /Users/rogerlin/Library/Developer/Xcode/DerivedData/FinancialCalculatorKit-ackorybalcxbfocbkqsfdzcfkgmn/Build/Products/Debug -F /Applications/Xcode.app/Contents/Developer/Platforms/MacOSX.platform/Developer/Library/Frameworks -no-color-diagnostics -Xcc -fno-color-diagnostics -enable-testing -g -debug-info-format\=dwarf -dwarf-version\=4 -module-cache-path /Users/rogerlin/Library/Developer/Xcode/DerivedData/FinancialCalculatorKit-ackorybalcxbfocbkqsfdzcfkgmn/Build/Intermediates.noindex/SwiftExplicitPrecompiledModules -suppress-warnings -profile-generate -profile-coverage-mapping -swift-version 6 -enforce-exclusivity\=checked -Onone -D SWIFT_PACKAGE -D DEBUG -D SWIFT_MODULE_RESOURCE_BUNDLE_UNAVAILABLE -D Xcode -serialize-debugging-options -const-gather-protocols-file /Users/rogerlin/Library/Developer/Xcode/DerivedData/FinancialCalculatorKit-ackorybalcxbfocbkqsfdzcfkgmn/Build/Intermediates.noindex/SwiftDraw.build/Debug/SwiftDraw.build/Objects-normal/arm64/SwiftDraw_const_extract_protocols.json -enable-upcoming-feature ExistentialAny -enable-experimental-feature DebugDescriptionMacro -empty-abi-descriptor -user-module-version 0.22.0 -validate-clang-modules-once -clang-build-session-file /Users/rogerlin/Library/Developer/Xcode/DerivedData/ModuleCache.noindex/Session.modulevalidation -Xcc -working-directory -Xcc /Users/rogerlin/XCode-Projects/FinancialCalculatorKit-5.0-updated-accent-colors/FinancialCalculatorKit.xcodeproj -enable-anonymous-context-mangled-names -file-compilation-dir /Users/rogerlin/XCode-Projects/FinancialCalculatorKit-5.0-updated-accent-colors/FinancialCalculatorKit.xcodeproj -Xcc -D_LIBCPP_HARDENING_MODE\=_LIBCPP_HARDENING_MODE_DEBUG -Xcc -ivfsstatcache -Xcc /Users/rogerlin/Library/Developer/Xcode/DerivedData/SDKStatCaches.noindex/macosx26.1-25B74-3ae1261907bdadc328169391a47051a6.sdkstatcache -Xcc -I/Users/rogerlin/Library/Developer/Xcode/DerivedData/FinancialCalculatorKit-ackorybalcxbfocbkqsfdzcfkgmn/Build/Intermediates.noindex/SwiftDraw.build/Debug/SwiftDraw.build/swift-overrides.hmap -Xcc -I/Users/rogerlin/Library/Developer/Xcode/DerivedData/FinancialCalculatorKit-ackorybalcxbfocbkqsfdzcfkgmn/Build/Products/Debug/include -Xcc -I/Users/rogerlin/Library/Developer/Xcode/DerivedData/FinancialCalculatorKit-ackorybalcxbfocbkqsfdzcfkgmn/Build/Intermediates.noindex/SwiftDraw.build/Debug/SwiftDraw.build/DerivedSources-normal/arm64 -Xcc -I/Users/rogerlin/Library/Developer/Xcode/DerivedData/FinancialCalculatorKit-ackorybalcxbfocbkqsfdzcfkgmn/Build/Intermediates.noindex/SwiftDraw.build/Debug/SwiftDraw.build/DerivedSources/arm64 -Xcc -I/Users/rogerlin/Library/Developer/Xcode/DerivedData/FinancialCalculatorKit-ackorybalcxbfocbkqsfdzcfkgmn/Build/Intermediates.noindex/SwiftDraw.build/Debug/SwiftDraw.build/DerivedSources -Xcc -DSWIFT_PACKAGE -Xcc -DDEBUG\=1 -no-auto-bridging-header-chaining -module-name SwiftDraw -package-name swiftdraw -frontend-parseable-output -disable-clang-spi -target-sdk-version 26.1 -target-sdk-name macosx26.1 -clang-target arm64-apple-macos26.1 -in-process-plugin-server-path /Applications/Xcode.app/Contents/Developer/Toolchains/XcodeDefault.xctoolchain/usr/lib/swift/host/libSwiftInProcPluginServer.dylib -o /Users/rogerlin/Library/Developer/Xcode/DerivedData/FinancialCalculatorKit-ackorybalcxbfocbkqsfdzcfkgmn/Build/Intermediates.noindex/SwiftDraw.build/Debug/SwiftDraw.build/Objects-normal/arm64/CommandLine.o -o /Users/rogerlin/Library/Developer/Xcode/DerivedData/FinancialCalculatorKit-ackorybalcxbfocbkqsfdzcfkgmn/Build/Intermediates.noindex/SwiftDraw.build/Debug/SwiftDraw.build/Objects-normal/arm64/CoordinateFormatter.o -o /Users/rogerlin/Library/Developer/Xcode/DerivedData/FinancialCalculatorKit-ackorybalcxbfocbkqsfdzcfkgmn/Build/Intermediates.noindex/SwiftDraw.build/Debug/SwiftDraw.build/Objects-normal/arm64/LayerTree.Builder.Layer.o -index-unit-output-path /SwiftDraw.build/Debug/SwiftDraw.build/Objects-normal/arm64/CommandLine.o -index-unit-output-path /SwiftDraw.build/Debug/SwiftDraw.build/Objects-normal/arm64/CoordinateFormatter.o -index-unit-output-path /SwiftDraw.build/Debug/SwiftDraw.build/Objects-normal/arm64/LayerTree.Builder.Layer.o -index-store-path /Users/rogerlin/Library/Developer/Xcode/DerivedData/FinancialCalculatorKit-ackorybalcxbfocbkqsfdzcfkgmn/Index.noindex/DataStore -index-system-modules

SwiftCompile normal arm64 /Users/rogerlin/Library/Developer/Xcode/DerivedData/FinancialCalculatorKit-ackorybalcxbfocbkqsfdzcfkgmn/SourcePackages/checkouts/SwiftDraw/SwiftDraw/CommandLine.swift (in target 'SwiftDraw' from project 'SwiftDraw')
    cd /Users/rogerlin/XCode-Projects/FinancialCalculatorKit-5.0-updated-accent-colors/FinancialCalculatorKit.xcodeproj
    

SwiftCompile normal arm64 /Users/rogerlin/Library/Developer/Xcode/DerivedData/FinancialCalculatorKit-ackorybalcxbfocbkqsfdzcfkgmn/SourcePackages/checkouts/SwiftDraw/SwiftDraw/CoordinateFormatter.swift (in target 'SwiftDraw' from project 'SwiftDraw')
    cd /Users/rogerlin/XCode-Projects/FinancialCalculatorKit-5.0-updated-accent-colors/FinancialCalculatorKit.xcodeproj
    

SwiftCompile normal arm64 /Users/rogerlin/Library/Developer/Xcode/DerivedData/FinancialCalculatorKit-ackorybalcxbfocbkqsfdzcfkgmn/SourcePackages/checkouts/SwiftDraw/SwiftDraw/LayerTree.Builder.Layer.swift (in target 'SwiftDraw' from project 'SwiftDraw')
    cd /Users/rogerlin/XCode-Projects/FinancialCalculatorKit-5.0-updated-accent-colors/FinancialCalculatorKit.xcodeproj
    

SwiftMergeGeneratedHeaders /Users/rogerlin/Library/Developer/Xcode/DerivedData/FinancialCalculatorKit-ackorybalcxbfocbkqsfdzcfkgmn/Build/Intermediates.noindex/GeneratedModuleMaps/BigDecimal-Swift.h /Users/rogerlin/Library/Developer/Xcode/DerivedData/FinancialCalculatorKit-ackorybalcxbfocbkqsfdzcfkgmn/Build/Intermediates.noindex/BigDecimal.build/Debug/BigDecimal.build/Objects-normal/arm64/BigDecimal-Swift.h (in target 'BigDecimal' from project 'BigDecimal')
    cd /Users/rogerlin/Library/Developer/Xcode/DerivedData/FinancialCalculatorKit-ackorybalcxbfocbkqsfdzcfkgmn/SourcePackages/checkouts/BigDecimal
    builtin-swiftHeaderTool -arch arm64 /Users/rogerlin/Library/Developer/Xcode/DerivedData/FinancialCalculatorKit-ackorybalcxbfocbkqsfdzcfkgmn/Build/Intermediates.noindex/BigDecimal.build/Debug/BigDecimal.build/Objects-normal/arm64/BigDecimal-Swift.h -o /Users/rogerlin/Library/Developer/Xcode/DerivedData/FinancialCalculatorKit-ackorybalcxbfocbkqsfdzcfkgmn/Build/Intermediates.noindex/GeneratedModuleMaps/BigDecimal-Swift.h

    Task input dependencies:
        /Users/rogerlin/Library/Developer/Xcode/DerivedData/FinancialCalculatorKit-ackorybalcxbfocbkqsfdzcfkgmn/Build/Intermediates.noindex/BigDecimal.build/Debug/BigDecimal.build/Objects-normal/arm64/BigDecimal-Swift.h

    Task output dependencies:
        /Users/rogerlin/Library/Developer/Xcode/DerivedData/FinancialCalculatorKit-ackorybalcxbfocbkqsfdzcfkgmn/Build/Intermediates.noindex/GeneratedModuleMaps/BigDecimal-Swift.h

SwiftDriverJobDiscovery normal arm64 Emitting module for SwiftDraw (in target 'SwiftDraw' from project 'SwiftDraw')

SwiftDriver\ Compilation\ Requirements SwiftDraw normal arm64 com.apple.xcode.tools.swift.compiler (in target 'SwiftDraw' from project 'SwiftDraw')
    cd /Users/rogerlin/XCode-Projects/FinancialCalculatorKit-5.0-updated-accent-colors/FinancialCalculatorKit.xcodeproj
    builtin-Swift-Compilation-Requirements -- /Applications/Xcode.app/Contents/Developer/Toolchains/XcodeDefault.xctoolchain/usr/bin/swiftc -module-name SwiftDraw -Onone -enforce-exclusivity\=checked @/Users/rogerlin/Library/Developer/Xcode/DerivedData/FinancialCalculatorKit-ackorybalcxbfocbkqsfdzcfkgmn/Build/Intermediates.noindex/SwiftDraw.build/Debug/SwiftDraw.build/Objects-normal/arm64/SwiftDraw.SwiftFileList -DSWIFT_PACKAGE -DDEBUG -DSWIFT_MODULE_RESOURCE_BUNDLE_UNAVAILABLE -DXcode -enable-upcoming-feature ExistentialAny -plugin-path /Applications/Xcode.app/Contents/Developer/Toolchains/XcodeDefault.xctoolchain/usr/lib/swift/host/plugins/testing -enable-experimental-feature DebugDescriptionMacro -sdk /Applications/Xcode.app/Contents/Developer/Platforms/MacOSX.platform/Developer/SDKs/MacOSX26.1.sdk -target arm64-apple-macos10.15 -g -module-cache-path /Users/rogerlin/Library/Developer/Xcode/DerivedData/ModuleCache.noindex -Xfrontend -serialize-debugging-options -profile-coverage-mapping -profile-generate -enable-testing -suppress-warnings -index-store-path /Users/rogerlin/Library/Developer/Xcode/DerivedData/FinancialCalculatorKit-ackorybalcxbfocbkqsfdzcfkgmn/Index.noindex/DataStore -Xcc -D_LIBCPP_HARDENING_MODE\=_LIBCPP_HARDENING_MODE_DEBUG -swift-version 6 -I /Users/rogerlin/Library/Developer/Xcode/DerivedData/FinancialCalculatorKit-ackorybalcxbfocbkqsfdzcfkgmn/Build/Products/Debug -Isystem /Applications/Xcode.app/Contents/Developer/Platforms/MacOSX.platform/Developer/usr/lib -F /Users/rogerlin/Library/Developer/Xcode/DerivedData/FinancialCalculatorKit-ackorybalcxbfocbkqsfdzcfkgmn/Build/Products/Debug/PackageFrameworks -F /Users/rogerlin/Library/Developer/Xcode/DerivedData/FinancialCalculatorKit-ackorybalcxbfocbkqsfdzcfkgmn/Build/Products/Debug -F /Applications/Xcode.app/Contents/Developer/Platforms/MacOSX.platform/Developer/Library/Frameworks -c -j16 -enable-batch-mode -incremental -Xcc -ivfsstatcache -Xcc /Users/rogerlin/Library/Developer/Xcode/DerivedData/SDKStatCaches.noindex/macosx26.1-25B74-3ae1261907bdadc328169391a47051a6.sdkstatcache -output-file-map /Users/rogerlin/Library/Developer/Xcode/DerivedData/FinancialCalculatorKit-ackorybalcxbfocbkqsfdzcfkgmn/Build/Intermediates.noindex/SwiftDraw.build/Debug/SwiftDraw.build/Objects-normal/arm64/SwiftDraw-OutputFileMap.json -use-frontend-parseable-output -save-temps -no-color-diagnostics -explicit-module-build -module-cache-path /Users/rogerlin/Library/Developer/Xcode/DerivedData/FinancialCalculatorKit-ackorybalcxbfocbkqsfdzcfkgmn/Build/Intermediates.noindex/SwiftExplicitPrecompiledModules -clang-scanner-module-cache-path /Users/rogerlin/Library/Developer/Xcode/DerivedData/ModuleCache.noindex -sdk-module-cache-path /Users/rogerlin/Library/Developer/Xcode/DerivedData/ModuleCache.noindex -serialize-diagnostics -emit-dependencies -emit-module -emit-module-path /Users/rogerlin/Library/Developer/Xcode/DerivedData/FinancialCalculatorKit-ackorybalcxbfocbkqsfdzcfkgmn/Build/Intermediates.noindex/SwiftDraw.build/Debug/SwiftDraw.build/Objects-normal/arm64/SwiftDraw.swiftmodule -user-module-version 0.22.0 -validate-clang-modules-once -clang-build-session-file /Users/rogerlin/Library/Developer/Xcode/DerivedData/ModuleCache.noindex/Session.modulevalidation -package-name swiftdraw -Xcc -I/Users/rogerlin/Library/Developer/Xcode/DerivedData/FinancialCalculatorKit-ackorybalcxbfocbkqsfdzcfkgmn/Build/Intermediates.noindex/SwiftDraw.build/Debug/SwiftDraw.build/swift-overrides.hmap -emit-const-values -Xfrontend -const-gather-protocols-file -Xfrontend /Users/rogerlin/Library/Developer/Xcode/DerivedData/FinancialCalculatorKit-ackorybalcxbfocbkqsfdzcfkgmn/Build/Intermediates.noindex/SwiftDraw.build/Debug/SwiftDraw.build/Objects-normal/arm64/SwiftDraw_const_extract_protocols.json -Xcc -I/Users/rogerlin/Library/Developer/Xcode/DerivedData/FinancialCalculatorKit-ackorybalcxbfocbkqsfdzcfkgmn/Build/Products/Debug/include -Xcc -I/Users/rogerlin/Library/Developer/Xcode/DerivedData/FinancialCalculatorKit-ackorybalcxbfocbkqsfdzcfkgmn/Build/Intermediates.noindex/SwiftDraw.build/Debug/SwiftDraw.build/DerivedSources-normal/arm64 -Xcc -I/Users/rogerlin/Library/Developer/Xcode/DerivedData/FinancialCalculatorKit-ackorybalcxbfocbkqsfdzcfkgmn/Build/Intermediates.noindex/SwiftDraw.build/Debug/SwiftDraw.build/DerivedSources/arm64 -Xcc -I/Users/rogerlin/Library/Developer/Xcode/DerivedData/FinancialCalculatorKit-ackorybalcxbfocbkqsfdzcfkgmn/Build/Intermediates.noindex/SwiftDraw.build/Debug/SwiftDraw.build/DerivedSources -Xcc -DSWIFT_PACKAGE -Xcc -DDEBUG\=1 -emit-objc-header -emit-objc-header-path /Users/rogerlin/Library/Developer/Xcode/DerivedData/FinancialCalculatorKit-ackorybalcxbfocbkqsfdzcfkgmn/Build/Intermediates.noindex/SwiftDraw.build/Debug/SwiftDraw.build/Objects-normal/arm64/SwiftDraw-Swift.h -working-directory /Users/rogerlin/XCode-Projects/FinancialCalculatorKit-5.0-updated-accent-colors/FinancialCalculatorKit.xcodeproj -experimental-emit-module-separately -disable-cmo

    Task input dependencies:
        /Users/rogerlin/Library/Developer/Xcode/DerivedData/FinancialCalculatorKit-ackorybalcxbfocbkqsfdzcfkgmn/SourcePackages/checkouts/SwiftDraw/SwiftDraw/CGImage+Mask.swift
        /Users/rogerlin/Library/Developer/Xcode/DerivedData/FinancialCalculatorKit-ackorybalcxbfocbkqsfdzcfkgmn/SourcePackages/checkouts/SwiftDraw/SwiftDraw/CGPath+Segment.swift
        /Users/rogerlin/Library/Developer/Xcode/DerivedData/FinancialCalculatorKit-ackorybalcxbfocbkqsfdzcfkgmn/SourcePackages/checkouts/SwiftDraw/SwiftDraw/CGPattern+Closure.swift
        /Users/rogerlin/Library/Developer/Xcode/DerivedData/FinancialCalculatorKit-ackorybalcxbfocbkqsfdzcfkgmn/SourcePackages/checkouts/SwiftDraw/SwiftDraw/CGTextRenderer+Code.swift
        /Users/rogerlin/Library/Developer/Xcode/DerivedData/FinancialCalculatorKit-ackorybalcxbfocbkqsfdzcfkgmn/SourcePackages/checkouts/SwiftDraw/SwiftDraw/CommandLine+Process.swift
        /Users/rogerlin/Library/Developer/Xcode/DerivedData/FinancialCalculatorKit-ackorybalcxbfocbkqsfdzcfkgmn/SourcePackages/checkouts/SwiftDraw/SwiftDraw/CommandLine.Arguments.swift
        /Users/rogerlin/Library/Developer/Xcode/DerivedData/FinancialCalculatorKit-ackorybalcxbfocbkqsfdzcfkgmn/SourcePackages/checkouts/SwiftDraw/SwiftDraw/CommandLine.Configuration.swift
        /Users/rogerlin/Library/Developer/Xcode/DerivedData/FinancialCalculatorKit-ackorybalcxbfocbkqsfdzcfkgmn/SourcePackages/checkouts/SwiftDraw/SwiftDraw/CommandLine.swift
        /Users/rogerlin/Library/Developer/Xcode/DerivedData/FinancialCalculatorKit-ackorybalcxbfocbkqsfdzcfkgmn/SourcePackages/checkouts/SwiftDraw/SwiftDraw/CoordinateFormatter.swift
        /Users/rogerlin/Library/Developer/Xcode/DerivedData/FinancialCalculatorKit-ackorybalcxbfocbkqsfdzcfkgmn/SourcePackages/checkouts/SwiftDraw/SwiftDraw/LayerTree.Builder.Layer.swift
        /Users/rogerlin/Library/Developer/Xcode/DerivedData/FinancialCalculatorKit-ackorybalcxbfocbkqsfdzcfkgmn/SourcePackages/checkouts/SwiftDraw/SwiftDraw/LayerTree.Builder.Path.Arc.swift
        /Users/rogerlin/Library/Developer/Xcode/DerivedData/FinancialCalculatorKit-ackorybalcxbfocbkqsfdzcfkgmn/SourcePackages/checkouts/SwiftDraw/SwiftDraw/LayerTree.Builder.Path.swift
        /Users/rogerlin/Library/Developer/Xcode/DerivedData/FinancialCalculatorKit-ackorybalcxbfocbkqsfdzcfkgmn/SourcePackages/checkouts/SwiftDraw/SwiftDraw/LayerTree.Builder.Shape.swift
        /Users/rogerlin/Library/Developer/Xcode/DerivedData/FinancialCalculatorKit-ackorybalcxbfocbkqsfdzcfkgmn/SourcePackages/checkouts/SwiftDraw/SwiftDraw/LayerTree.Builder.Text.swift
        /Users/rogerlin/Library/Developer/Xcode/DerivedData/FinancialCalculatorKit-ackorybalcxbfocbkqsfdzcfkgmn/SourcePackages/checkouts/SwiftDraw/SwiftDraw/LayerTree.Builder.swift
        /Users/rogerlin/Library/Developer/Xcode/DerivedData/FinancialCalculatorKit-ackorybalcxbfocbkqsfdzcfkgmn/SourcePackages/checkouts/SwiftDraw/SwiftDraw/LayerTree.Color.swift
        /Users/rogerlin/Library/Developer/Xcode/DerivedData/FinancialCalculatorKit-ackorybalcxbfocbkqsfdzcfkgmn/SourcePackages/checkouts/SwiftDraw/SwiftDraw/LayerTree.CommandGenerator.swift
        /Users/rogerlin/Library/Developer/Xcode/DerivedData/FinancialCalculatorKit-ackorybalcxbfocbkqsfdzcfkgmn/SourcePackages/checkouts/SwiftDraw/SwiftDraw/LayerTree.CommandOptimizer.swift
        /Users/rogerlin/Library/Developer/Xcode/DerivedData/FinancialCalculatorKit-ackorybalcxbfocbkqsfdzcfkgmn/SourcePackages/checkouts/SwiftDraw/SwiftDraw/LayerTree.Gradient.swift
        /Users/rogerlin/Library/Developer/Xcode/DerivedData/FinancialCalculatorKit-ackorybalcxbfocbkqsfdzcfkgmn/SourcePackages/checkouts/SwiftDraw/SwiftDraw/LayerTree.Image.swift
        /Users/rogerlin/Library/Developer/Xcode/DerivedData/FinancialCalculatorKit-ackorybalcxbfocbkqsfdzcfkgmn/SourcePackages/checkouts/SwiftDraw/SwiftDraw/LayerTree.Layer.swift
        /Users/rogerlin/Library/Developer/Xcode/DerivedData/FinancialCalculatorKit-ackorybalcxbfocbkqsfdzcfkgmn/SourcePackages/checkouts/SwiftDraw/SwiftDraw/LayerTree.Path+Bounds.swift
        /Users/rogerlin/Library/Developer/Xcode/DerivedData/FinancialCalculatorKit-ackorybalcxbfocbkqsfdzcfkgmn/SourcePackages/checkouts/SwiftDraw/SwiftDraw/LayerTree.Path+Reversed.swift
        /Users/rogerlin/Library/Developer/Xcode/DerivedData/FinancialCalculatorKit-ackorybalcxbfocbkqsfdzcfkgmn/SourcePackages/checkouts/SwiftDraw/SwiftDraw/LayerTree.Path+Subpath.swift
        /Users/rogerlin/Library/Developer/Xcode/DerivedData/FinancialCalculatorKit-ackorybalcxbfocbkqsfdzcfkgmn/SourcePackages/checkouts/SwiftDraw/SwiftDraw/LayerTree.Path.swift
        /Users/rogerlin/Library/Developer/Xcode/DerivedData/FinancialCalculatorKit-ackorybalcxbfocbkqsfdzcfkgmn/SourcePackages/checkouts/SwiftDraw/SwiftDraw/LayerTree.Pattern.swift
        /Users/rogerlin/Library/Developer/Xcode/DerivedData/FinancialCalculatorKit-ackorybalcxbfocbkqsfdzcfkgmn/SourcePackages/checkouts/SwiftDraw/SwiftDraw/LayerTree.Shape.swift
        /Users/rogerlin/Library/Developer/Xcode/DerivedData/FinancialCalculatorKit-ackorybalcxbfocbkqsfdzcfkgmn/SourcePackages/checkouts/SwiftDraw/SwiftDraw/LayerTree.Transform.swift
        /Users/rogerlin/Library/Developer/Xcode/DerivedData/FinancialCalculatorKit-ackorybalcxbfocbkqsfdzcfkgmn/SourcePackages/checkouts/SwiftDraw/SwiftDraw/LayerTree.swift
        /Users/rogerlin/Library/Developer/Xcode/DerivedData/FinancialCalculatorKit-ackorybalcxbfocbkqsfdzcfkgmn/SourcePackages/checkouts/SwiftDraw/SwiftDraw/NSImage+SVG.swift
        /Users/rogerlin/Library/Developer/Xcode/DerivedData/FinancialCalculatorKit-ackorybalcxbfocbkqsfdzcfkgmn/SourcePackages/checkouts/SwiftDraw/SwiftDraw/Renderer.CGText+Path.swift
        /Users/rogerlin/Library/Developer/Xcode/DerivedData/FinancialCalculatorKit-ackorybalcxbfocbkqsfdzcfkgmn/SourcePackages/checkouts/SwiftDraw/SwiftDraw/Renderer.CGText.swift
        /Users/rogerlin/Library/Developer/Xcode/DerivedData/FinancialCalculatorKit-ackorybalcxbfocbkqsfdzcfkgmn/SourcePackages/checkouts/SwiftDraw/SwiftDraw/Renderer.CoreGraphics.swift
        /Users/rogerlin/Library/Developer/Xcode/DerivedData/FinancialCalculatorKit-ackorybalcxbfocbkqsfdzcfkgmn/SourcePackages/checkouts/SwiftDraw/SwiftDraw/Renderer.LayerTree.swift
        /Users/rogerlin/Library/Developer/Xcode/DerivedData/FinancialCalculatorKit-ackorybalcxbfocbkqsfdzcfkgmn/SourcePackages/checkouts/SwiftDraw/SwiftDraw/Renderer.SFSymbol+CGPath.swift
        /Users/rogerlin/Library/Developer/Xcode/DerivedData/FinancialCalculatorKit-ackorybalcxbfocbkqsfdzcfkgmn/SourcePackages/checkouts/SwiftDraw/SwiftDraw/Renderer.SFSymbol.swift
        /Users/rogerlin/Library/Developer/Xcode/DerivedData/FinancialCalculatorKit-ackorybalcxbfocbkqsfdzcfkgmn/SourcePackages/checkouts/SwiftDraw/SwiftDraw/Renderer.SVG.swift
        /Users/rogerlin/Library/Developer/Xcode/DerivedData/FinancialCalculatorKit-ackorybalcxbfocbkqsfdzcfkgmn/SourcePackages/checkouts/SwiftDraw/SwiftDraw/Renderer.swift
        /Users/rogerlin/Library/Developer/Xcode/DerivedData/FinancialCalculatorKit-ackorybalcxbfocbkqsfdzcfkgmn/SourcePackages/checkouts/SwiftDraw/SwiftDraw/SVG+CoreGraphics.swift
        /Users/rogerlin/Library/Developer/Xcode/DerivedData/FinancialCalculatorKit-ackorybalcxbfocbkqsfdzcfkgmn/SourcePackages/checkouts/SwiftDraw/SwiftDraw/SVG+Deprecated.swift
        /Users/rogerlin/Library/Developer/Xcode/DerivedData/FinancialCalculatorKit-ackorybalcxbfocbkqsfdzcfkgmn/SourcePackages/checkouts/SwiftDraw/SwiftDraw/SVG+Hashable.swift
        /Users/rogerlin/Library/Developer/Xcode/DerivedData/FinancialCalculatorKit-ackorybalcxbfocbkqsfdzcfkgmn/SourcePackages/checkouts/SwiftDraw/SwiftDraw/SVG+Insets.swift
        /Users/rogerlin/Library/Developer/Xcode/DerivedData/FinancialCalculatorKit-ackorybalcxbfocbkqsfdzcfkgmn/SourcePackages/checkouts/SwiftDraw/SwiftDraw/SVG.swift
        /Users/rogerlin/Library/Developer/Xcode/DerivedData/FinancialCalculatorKit-ackorybalcxbfocbkqsfdzcfkgmn/SourcePackages/checkouts/SwiftDraw/SwiftDraw/SVGView.swift
        /Users/rogerlin/Library/Developer/Xcode/DerivedData/FinancialCalculatorKit-ackorybalcxbfocbkqsfdzcfkgmn/SourcePackages/checkouts/SwiftDraw/SwiftDraw/Stack.swift
        /Users/rogerlin/Library/Developer/Xcode/DerivedData/FinancialCalculatorKit-ackorybalcxbfocbkqsfdzcfkgmn/SourcePackages/checkouts/SwiftDraw/SwiftDraw/UIImage+SVG.swift
        /Users/rogerlin/Library/Developer/Xcode/DerivedData/FinancialCalculatorKit-ackorybalcxbfocbkqsfdzcfkgmn/SourcePackages/checkouts/SwiftDraw/SwiftDraw/Utilities/PairedSequence.swift
        /Users/rogerlin/Library/Developer/Xcode/DerivedData/FinancialCalculatorKit-ackorybalcxbfocbkqsfdzcfkgmn/SourcePackages/checkouts/SwiftDraw/SwiftDraw/XML.Formatter.SVG.swift
        /Users/rogerlin/Library/Developer/Xcode/DerivedData/FinancialCalculatorKit-ackorybalcxbfocbkqsfdzcfkgmn/SourcePackages/checkouts/SwiftDraw/SwiftDraw/XML.Formatter.swift
        /Users/rogerlin/Library/Developer/Xcode/DerivedData/FinancialCalculatorKit-ackorybalcxbfocbkqsfdzcfkgmn/Build/Intermediates.noindex/SwiftDraw.build/Debug/SwiftDraw.build/Objects-normal/arm64/SwiftDraw.SwiftFileList
        /Users/rogerlin/Library/Developer/Xcode/DerivedData/FinancialCalculatorKit-ackorybalcxbfocbkqsfdzcfkgmn/Build/Intermediates.noindex/SwiftDraw.build/Debug/SwiftDraw.build/Objects-normal/arm64/SwiftDraw-OutputFileMap.json
        /Users/rogerlin/Library/Developer/Xcode/DerivedData/FinancialCalculatorKit-ackorybalcxbfocbkqsfdzcfkgmn/Build/Intermediates.noindex/SwiftDraw.build/Debug/SwiftDraw.build/Objects-normal/arm64/SwiftDraw_const_extract_protocols.json
        /Users/rogerlin/Library/Developer/Xcode/DerivedData/FinancialCalculatorKit-ackorybalcxbfocbkqsfdzcfkgmn/Build/Intermediates.noindex/GeneratedModuleMaps/SwiftDraw.modulemap
        /Users/rogerlin/Library/Developer/Xcode/DerivedData/FinancialCalculatorKit-ackorybalcxbfocbkqsfdzcfkgmn/SourcePackages/checkouts/SwiftDraw/SwiftDraw/CGImage+Mask.swift
        /Users/rogerlin/Library/Developer/Xcode/DerivedData/FinancialCalculatorKit-ackorybalcxbfocbkqsfdzcfkgmn/SourcePackages/checkouts/SwiftDraw/SwiftDraw/CGPath+Segment.swift
        /Users/rogerlin/Library/Developer/Xcode/DerivedData/FinancialCalculatorKit-ackorybalcxbfocbkqsfdzcfkgmn/SourcePackages/checkouts/SwiftDraw/SwiftDraw/CGPattern+Closure.swift
        /Users/rogerlin/Library/Developer/Xcode/DerivedData/FinancialCalculatorKit-ackorybalcxbfocbkqsfdzcfkgmn/SourcePackages/checkouts/SwiftDraw/SwiftDraw/CGTextRenderer+Code.swift
        /Users/rogerlin/Library/Developer/Xcode/DerivedData/FinancialCalculatorKit-ackorybalcxbfocbkqsfdzcfkgmn/SourcePackages/checkouts/SwiftDraw/SwiftDraw/CommandLine+Process.swift
        /Users/rogerlin/Library/Developer/Xcode/DerivedData/FinancialCalculatorKit-ackorybalcxbfocbkqsfdzcfkgmn/SourcePackages/checkouts/SwiftDraw/SwiftDraw/CommandLine.Arguments.swift
        /Users/rogerlin/Library/Developer/Xcode/DerivedData/FinancialCalculatorKit-ackorybalcxbfocbkqsfdzcfkgmn/SourcePackages/checkouts/SwiftDraw/SwiftDraw/CommandLine.Configuration.swift
        /Users/rogerlin/Library/Developer/Xcode/DerivedData/FinancialCalculatorKit-ackorybalcxbfocbkqsfdzcfkgmn/SourcePackages/checkouts/SwiftDraw/SwiftDraw/CommandLine.swift
        /Users/rogerlin/Library/Developer/Xcode/DerivedData/FinancialCalculatorKit-ackorybalcxbfocbkqsfdzcfkgmn/SourcePackages/checkouts/SwiftDraw/SwiftDraw/CoordinateFormatter.swift
        /Users/rogerlin/Library/Developer/Xcode/DerivedData/FinancialCalculatorKit-ackorybalcxbfocbkqsfdzcfkgmn/SourcePackages/checkouts/SwiftDraw/SwiftDraw/LayerTree.Builder.Layer.swift
        /Users/rogerlin/Library/Developer/Xcode/DerivedData/FinancialCalculatorKit-ackorybalcxbfocbkqsfdzcfkgmn/SourcePackages/checkouts/SwiftDraw/SwiftDraw/LayerTree.Builder.Path.Arc.swift
        /Users/rogerlin/Library/Developer/Xcode/DerivedData/FinancialCalculatorKit-ackorybalcxbfocbkqsfdzcfkgmn/SourcePackages/checkouts/SwiftDraw/SwiftDraw/LayerTree.Builder.Path.swift
        /Users/rogerlin/Library/Developer/Xcode/DerivedData/FinancialCalculatorKit-ackorybalcxbfocbkqsfdzcfkgmn/SourcePackages/checkouts/SwiftDraw/SwiftDraw/LayerTree.Builder.Shape.swift
        /Users/rogerlin/Library/Developer/Xcode/DerivedData/FinancialCalculatorKit-ackorybalcxbfocbkqsfdzcfkgmn/SourcePackages/checkouts/SwiftDraw/SwiftDraw/LayerTree.Builder.Text.swift
        /Users/rogerlin/Library/Developer/Xcode/DerivedData/FinancialCalculatorKit-ackorybalcxbfocbkqsfdzcfkgmn/SourcePackages/checkouts/SwiftDraw/SwiftDraw/LayerTree.Builder.swift
        /Users/rogerlin/Library/Developer/Xcode/DerivedData/FinancialCalculatorKit-ackorybalcxbfocbkqsfdzcfkgmn/SourcePackages/checkouts/SwiftDraw/SwiftDraw/LayerTree.Color.swift
        /Users/rogerlin/Library/Developer/Xcode/DerivedData/FinancialCalculatorKit-ackorybalcxbfocbkqsfdzcfkgmn/SourcePackages/checkouts/SwiftDraw/SwiftDraw/LayerTree.CommandGenerator.swift
        /Users/rogerlin/Library/Developer/Xcode/DerivedData/FinancialCalculatorKit-ackorybalcxbfocbkqsfdzcfkgmn/SourcePackages/checkouts/SwiftDraw/SwiftDraw/LayerTree.CommandOptimizer.swift
        /Users/rogerlin/Library/Developer/Xcode/DerivedData/FinancialCalculatorKit-ackorybalcxbfocbkqsfdzcfkgmn/SourcePackages/checkouts/SwiftDraw/SwiftDraw/LayerTree.Gradient.swift
        /Users/rogerlin/Library/Developer/Xcode/DerivedData/FinancialCalculatorKit-ackorybalcxbfocbkqsfdzcfkgmn/SourcePackages/checkouts/SwiftDraw/SwiftDraw/LayerTree.Image.swift
        /Users/rogerlin/Library/Developer/Xcode/DerivedData/FinancialCalculatorKit-ackorybalcxbfocbkqsfdzcfkgmn/SourcePackages/checkouts/SwiftDraw/SwiftDraw/LayerTree.Layer.swift
        /Users/rogerlin/Library/Developer/Xcode/DerivedData/FinancialCalculatorKit-ackorybalcxbfocbkqsfdzcfkgmn/SourcePackages/checkouts/SwiftDraw/SwiftDraw/LayerTree.Path+Bounds.swift
        /Users/rogerlin/Library/Developer/Xcode/DerivedData/FinancialCalculatorKit-ackorybalcxbfocbkqsfdzcfkgmn/SourcePackages/checkouts/SwiftDraw/SwiftDraw/LayerTree.Path+Reversed.swift
        /Users/rogerlin/Library/Developer/Xcode/DerivedData/FinancialCalculatorKit-ackorybalcxbfocbkqsfdzcfkgmn/SourcePackages/checkouts/SwiftDraw/SwiftDraw/LayerTree.Path+Subpath.swift
        /Users/rogerlin/Library/Developer/Xcode/DerivedData/FinancialCalculatorKit-ackorybalcxbfocbkqsfdzcfkgmn/SourcePackages/checkouts/SwiftDraw/SwiftDraw/LayerTree.Path.swift
        /Users/rogerlin/Library/Developer/Xcode/DerivedData/FinancialCalculatorKit-ackorybalcxbfocbkqsfdzcfkgmn/SourcePackages/checkouts/SwiftDraw/SwiftDraw/LayerTree.Pattern.swift
        /Users/rogerlin/Library/Developer/Xcode/DerivedData/FinancialCalculatorKit-ackorybalcxbfocbkqsfdzcfkgmn/SourcePackages/checkouts/SwiftDraw/SwiftDraw/LayerTree.Shape.swift
        /Users/rogerlin/Library/Developer/Xcode/DerivedData/FinancialCalculatorKit-ackorybalcxbfocbkqsfdzcfkgmn/SourcePackages/checkouts/SwiftDraw/SwiftDraw/LayerTree.Transform.swift
        /Users/rogerlin/Library/Developer/Xcode/DerivedData/FinancialCalculatorKit-ackorybalcxbfocbkqsfdzcfkgmn/SourcePackages/checkouts/SwiftDraw/SwiftDraw/LayerTree.swift
        /Users/rogerlin/Library/Developer/Xcode/DerivedData/FinancialCalculatorKit-ackorybalcxbfocbkqsfdzcfkgmn/SourcePackages/checkouts/SwiftDraw/SwiftDraw/NSImage+SVG.swift
        /Users/rogerlin/Library/Developer/Xcode/DerivedData/FinancialCalculatorKit-ackorybalcxbfocbkqsfdzcfkgmn/SourcePackages/checkouts/SwiftDraw/SwiftDraw/Renderer.CGText+Path.swift
        /Users/rogerlin/Library/Developer/Xcode/DerivedData/FinancialCalculatorKit-ackorybalcxbfocbkqsfdzcfkgmn/SourcePackages/checkouts/SwiftDraw/SwiftDraw/Renderer.CGText.swift
        /Users/rogerlin/Library/Developer/Xcode/DerivedData/FinancialCalculatorKit-ackorybalcxbfocbkqsfdzcfkgmn/SourcePackages/checkouts/SwiftDraw/SwiftDraw/Renderer.CoreGraphics.swift
        /Users/rogerlin/Library/Developer/Xcode/DerivedData/FinancialCalculatorKit-ackorybalcxbfocbkqsfdzcfkgmn/SourcePackages/checkouts/SwiftDraw/SwiftDraw/Renderer.LayerTree.swift
        /Users/rogerlin/Library/Developer/Xcode/DerivedData/FinancialCalculatorKit-ackorybalcxbfocbkqsfdzcfkgmn/SourcePackages/checkouts/SwiftDraw/SwiftDraw/Renderer.SFSymbol+CGPath.swift
        /Users/rogerlin/Library/Developer/Xcode/DerivedData/FinancialCalculatorKit-ackorybalcxbfocbkqsfdzcfkgmn/SourcePackages/checkouts/SwiftDraw/SwiftDraw/Renderer.SFSymbol.swift
        /Users/rogerlin/Library/Developer/Xcode/DerivedData/FinancialCalculatorKit-ackorybalcxbfocbkqsfdzcfkgmn/SourcePackages/checkouts/SwiftDraw/SwiftDraw/Renderer.SVG.swift
        /Users/rogerlin/Library/Developer/Xcode/DerivedData/FinancialCalculatorKit-ackorybalcxbfocbkqsfdzcfkgmn/SourcePackages/checkouts/SwiftDraw/SwiftDraw/Renderer.swift
        /Users/rogerlin/Library/Developer/Xcode/DerivedData/FinancialCalculatorKit-ackorybalcxbfocbkqsfdzcfkgmn/SourcePackages/checkouts/SwiftDraw/SwiftDraw/SVG+CoreGraphics.swift
        /Users/rogerlin/Library/Developer/Xcode/DerivedData/FinancialCalculatorKit-ackorybalcxbfocbkqsfdzcfkgmn/SourcePackages/checkouts/SwiftDraw/SwiftDraw/SVG+Deprecated.swift
        /Users/rogerlin/Library/Developer/Xcode/DerivedData/FinancialCalculatorKit-ackorybalcxbfocbkqsfdzcfkgmn/SourcePackages/checkouts/SwiftDraw/SwiftDraw/SVG+Hashable.swift
        /Users/rogerlin/Library/Developer/Xcode/DerivedData/FinancialCalculatorKit-ackorybalcxbfocbkqsfdzcfkgmn/SourcePackages/checkouts/SwiftDraw/SwiftDraw/SVG+Insets.swift
        /Users/rogerlin/Library/Developer/Xcode/DerivedData/FinancialCalculatorKit-ackorybalcxbfocbkqsfdzcfkgmn/SourcePackages/checkouts/SwiftDraw/SwiftDraw/SVG.swift
        /Users/rogerlin/Library/Developer/Xcode/DerivedData/FinancialCalculatorKit-ackorybalcxbfocbkqsfdzcfkgmn/SourcePackages/checkouts/SwiftDraw/SwiftDraw/SVGView.swift
        /Users/rogerlin/Library/Developer/Xcode/DerivedData/FinancialCalculatorKit-ackorybalcxbfocbkqsfdzcfkgmn/SourcePackages/checkouts/SwiftDraw/SwiftDraw/Stack.swift
        /Users/rogerlin/Library/Developer/Xcode/DerivedData/FinancialCalculatorKit-ackorybalcxbfocbkqsfdzcfkgmn/SourcePackages/checkouts/SwiftDraw/SwiftDraw/UIImage+SVG.swift
        /Users/rogerlin/Library/Developer/Xcode/DerivedData/FinancialCalculatorKit-ackorybalcxbfocbkqsfdzcfkgmn/SourcePackages/checkouts/SwiftDraw/SwiftDraw/Utilities/PairedSequence.swift
        /Users/rogerlin/Library/Developer/Xcode/DerivedData/FinancialCalculatorKit-ackorybalcxbfocbkqsfdzcfkgmn/SourcePackages/checkouts/SwiftDraw/SwiftDraw/XML.Formatter.SVG.swift
        /Users/rogerlin/Library/Developer/Xcode/DerivedData/FinancialCalculatorKit-ackorybalcxbfocbkqsfdzcfkgmn/SourcePackages/checkouts/SwiftDraw/SwiftDraw/XML.Formatter.swift
        /Users/rogerlin/Library/Developer/Xcode/DerivedData/FinancialCalculatorKit-ackorybalcxbfocbkqsfdzcfkgmn/Build/Intermediates.noindex/SwiftDraw.build/Debug/SwiftDraw.build/Objects-normal/arm64/SwiftDraw.SwiftFileList
        /Users/rogerlin/Library/Developer/Xcode/DerivedData/FinancialCalculatorKit-ackorybalcxbfocbkqsfdzcfkgmn/Build/Intermediates.noindex/SwiftDraw.build/Debug/SwiftDraw.build/Objects-normal/arm64/SwiftDraw-OutputFileMap.json
        /Users/rogerlin/Library/Developer/Xcode/DerivedData/FinancialCalculatorKit-ackorybalcxbfocbkqsfdzcfkgmn/Build/Intermediates.noindex/SwiftDraw.build/Debug/SwiftDraw.build/Objects-normal/arm64/SwiftDraw_const_extract_protocols.json
        /Users/rogerlin/Library/Developer/Xcode/DerivedData/FinancialCalculatorKit-ackorybalcxbfocbkqsfdzcfkgmn/Build/Intermediates.noindex/GeneratedModuleMaps/SwiftDraw.modulemap
        <ClangStatCache /Users/rogerlin/Library/Developer/Xcode/DerivedData/SDKStatCaches.noindex/macosx26.1-25B74-3ae1261907bdadc328169391a47051a6.sdkstatcache>
        <target-SwiftDraw-PACKAGE-TARGET:SwiftDraw-SDKROOT:macosx:SDK_VARIANT:macos-copy-headers-completion>
        <target-SwiftDraw-PACKAGE-TARGET:SwiftDraw-SDKROOT:macosx:SDK_VARIANT:macos-ModuleVerifierTaskProducer>
        <target-SwiftDraw-PACKAGE-TARGET:SwiftDraw-SDKROOT:macosx:SDK_VARIANT:macos-begin-compiling>
        <WorkspaceHeaderMapVFSFilesWritten>

    Task output dependencies:
        /Users/rogerlin/Library/Developer/Xcode/DerivedData/FinancialCalculatorKit-ackorybalcxbfocbkqsfdzcfkgmn/Build/Intermediates.noindex/SwiftDraw.build/Debug/SwiftDraw.build/Objects-normal/arm64/SwiftDraw Swift Compilation Requirements Finished
        /Users/rogerlin/Library/Developer/Xcode/DerivedData/FinancialCalculatorKit-ackorybalcxbfocbkqsfdzcfkgmn/Build/Intermediates.noindex/SwiftDraw.build/Debug/SwiftDraw.build/Objects-normal/arm64/SwiftDraw.swiftmodule
        /Users/rogerlin/Library/Developer/Xcode/DerivedData/FinancialCalculatorKit-ackorybalcxbfocbkqsfdzcfkgmn/Build/Intermediates.noindex/SwiftDraw.build/Debug/SwiftDraw.build/Objects-normal/arm64/SwiftDraw-linker-args.resp
        /Users/rogerlin/Library/Developer/Xcode/DerivedData/FinancialCalculatorKit-ackorybalcxbfocbkqsfdzcfkgmn/Build/Intermediates.noindex/SwiftDraw.build/Debug/SwiftDraw.build/Objects-normal/arm64/SwiftDraw.swiftsourceinfo
        /Users/rogerlin/Library/Developer/Xcode/DerivedData/FinancialCalculatorKit-ackorybalcxbfocbkqsfdzcfkgmn/Build/Intermediates.noindex/SwiftDraw.build/Debug/SwiftDraw.build/Objects-normal/arm64/SwiftDraw.abi.json
        /Users/rogerlin/Library/Developer/Xcode/DerivedData/FinancialCalculatorKit-ackorybalcxbfocbkqsfdzcfkgmn/Build/Intermediates.noindex/SwiftDraw.build/Debug/SwiftDraw.build/Objects-normal/arm64/SwiftDraw-Swift.h
        /Users/rogerlin/Library/Developer/Xcode/DerivedData/FinancialCalculatorKit-ackorybalcxbfocbkqsfdzcfkgmn/Build/Intermediates.noindex/SwiftDraw.build/Debug/SwiftDraw.build/Objects-normal/arm64/SwiftDraw.swiftdoc
Discovered dependency nodes:
/Applications/Xcode.app/Contents/Developer/Toolchains/XcodeDefault.xctoolchain/usr/lib/swift/macosx/prebuilt-modules/26.1/Accessibility.swiftmodule/arm64e-apple-macos.swiftmodule
/Applications/Xcode.app/Contents/Developer/Platforms/MacOSX.platform/Developer/SDKs/MacOSX26.1.sdk/System/Library/Frameworks/Accessibility.framework/Modules/module.modulemap
/Applications/Xcode.app/Contents/Developer/Platforms/MacOSX.platform/Developer/SDKs/MacOSX26.1.sdk/System/Library/Frameworks/Accessibility.framework/Headers/Accessibility.h
/Applications/Xcode.app/Contents/Developer/Platforms/MacOSX.platform/Developer/SDKs/MacOSX26.1.sdk/System/Library/Frameworks/Accessibility.framework/Headers/AXFoundation.h
/Applications/Xcode.app/Contents/Developer/Platforms/MacOSX.platform/Developer/SDKs/MacOSX26.1.sdk/System/Library/Frameworks/CoreGraphics.framework/Modules/module.modulemap
/Applications/Xcode.app/Contents/Developer/Platforms/MacOSX.platform/Developer/SDKs/MacOSX26.1.sdk/System/Library/Frameworks/Foundation.framework/Modules/module.modulemap
/Applications/Xcode.app/Contents/Developer/Platforms/MacOSX.platform/Developer/SDKs/MacOSX26.1.sdk/System/Library/Frameworks/Accessibility.framework/Headers/AXAudiograph.h
/Applications/Xcode.app/Contents/Developer/Platforms/MacOSX.platform/Developer/SDKs/MacOSX26.1.sdk/System/Library/Frameworks/Accessibility.framework/Headers/AXBrailleMap.h
/Applications/Xcode.app/Contents/Developer/Platforms/MacOSX.platform/Developer/SDKs/MacOSX26.1.sdk/System/Library/Frameworks/Accessibility.framework/Headers/AXColorUtilities.h
/Applications/Xcode.app/Contents/Developer/Platforms/MacOSX.platform/Developer/SDKs/MacOSX26.1.sdk/System/Library/Frameworks/Accessibility.framework/Headers/AXCustomContent.h
/Applications/Xcode.app/Contents/Developer/Platforms/MacOSX.platform/Developer/SDKs/MacOSX26.1.sdk/System/Library/Frameworks/Accessibility.framework/Headers/AXHearingUtilities.h
/Applications/Xcode.app/Contents/Developer/Platforms/MacOSX.platform/Developer/SDKs/MacOSX26.1.sdk/System/Library/Frameworks/Accessibility.framework/Headers/AXRequest.h
/Applications/Xcode.app/Contents/Developer/Platforms/MacOSX.platform/Developer/SDKs/MacOSX26.1.sdk/System/Library/Frameworks/Accessibility.framework/Headers/AXTechnology.h
/Applications/Xcode.app/Contents/Developer/Platforms/MacOSX.platform/Developer/SDKs/MacOSX26.1.sdk/System/Library/Frameworks/Accessibility.framework/Headers/AXSettings.h
/Applications/Xcode.app/Contents/Developer/Platforms/MacOSX.platform/Developer/SDKs/MacOSX26.1.sdk/System/Library/Frameworks/Accessibility.framework/Headers/AXMathExpression.h
/Applications/Xcode.app/Contents/Developer/Platforms/MacOSX.platform/Developer/SDKs/MacOSX26.1.sdk/System/Library/Frameworks/Accessibility.framework/Headers/AXFeatureOverrideSessionManager.h
/Applications/Xcode.app/Contents/Developer/Platforms/MacOSX.platform/Developer/SDKs/MacOSX26.1.sdk/usr/include/DarwinFoundation1.modulemap
/Applications/Xcode.app/Contents/Developer/Platforms/MacOSX.platform/Developer/SDKs/MacOSX26.1.sdk/System/Library/Frameworks/Accessibility.framework/Headers/AXBrailleTranslator.h
/Applications/Xcode.app/Contents/Developer/Platforms/MacOSX.platform/Developer/SDKs/MacOSX26.1.sdk/SDKSettings.json
/Applications/Xcode.app/Contents/Developer/Toolchains/XcodeDefault.xctoolchain/usr/lib/swift/macosx/prebuilt-modules/26.1/AppKit.swiftmodule/arm64e-apple-macos.swiftmodule
/Applications/Xcode.app/Contents/Developer/Platforms/MacOSX.platform/Developer/SDKs/MacOSX26.1.sdk/System/Library/Frameworks/AppKit.framework/Headers/AppKit.apinotes
/Applications/Xcode.app/Contents/Developer/Platforms/MacOSX.platform/Developer/SDKs/MacOSX26.1.sdk/System/Library/Frameworks/AppKit.framework/Modules/module.modulemap
/Applications/Xcode.app/Contents/Developer/Platforms/MacOSX.platform/Developer/SDKs/MacOSX26.1.sdk/System/Library/Frameworks/AppKit.framework/Headers/AppKit.h
/Applications/Xcode.app/Contents/Developer/Platforms/MacOSX.platform/Developer/SDKs/MacOSX26.1.sdk/System/Library/Frameworks/Foundation.framework/Modules/module.modulemap
/Applications/Xcode.app/Contents/Developer/Platforms/MacOSX.platform/Developer/SDKs/MacOSX26.1.sdk/System/Library/Frameworks/AppKit.framework/Headers/AppKitDefines.h
/Applications/Xcode.app/Contents/Developer/Platforms/MacOSX.platform/Developer/SDKs/MacOSX26.1.sdk/usr/include/Darwin.modulemap
/Applications/Xcode.app/Contents/Developer/Platforms/MacOSX.platform/Developer/SDKs/MacOSX26.1.sdk/usr/include/DarwinFoundation1.modulemap
/Applications/Xcode.app/Contents/Developer/Platforms/MacOSX.platform/Developer/SDKs/MacOSX26.1.sdk/System/Library/Frameworks/AppKit.framework/Headers/AppKitErrors.h
/Applications/Xcode.app/Contents/Developer/Platforms/MacOSX.platform/Developer/SDKs/MacOSX26.1.sdk/System/Library/Frameworks/AppKit.framework/Headers/NSGraphicsContext.h
/Applications/Xcode.app/Contents/Developer/Platforms/MacOSX.platform/Developer/SDKs/MacOSX26.1.sdk/System/Library/Frameworks/AppKit.framework/Headers/NSGraphics.h
/Applications/Xcode.app/Contents/Developer/Platforms/MacOSX.platform/Developer/SDKs/MacOSX26.1.sdk/System/Library/Frameworks/CoreGraphics.framework/Modules/module.modulemap
/Applications/Xcode.app/Contents/Developer/Platforms/MacOSX.platform/Developer/SDKs/MacOSX26.1.sdk/System/Library/Frameworks/AppKit.framework/Headers/NSAccessibility.h
/Applications/Xcode.app/Contents/Developer/Platforms/MacOSX.platform/Developer/SDKs/MacOSX26.1.sdk/System/Library/Frameworks/AppKit.framework/Headers/NSErrors.h
/Applications/Xcode.app/Contents/Developer/Platforms/MacOSX.platform/Developer/SDKs/MacOSX26.1.sdk/System/Library/Frameworks/AppKit.framework/Headers/NSAccessibilityConstants.h
/Applications/Xcode.app/Contents/Developer/Platforms/MacOSX.platform/Developer/SDKs/MacOSX26.1.sdk/System/Library/Frameworks/AppKit.framework/Headers/NSAccessibilityProtocols.h
/Applications/Xcode.app/Contents/Developer/Platforms/MacOSX.platform/Developer/SDKs/MacOSX26.1.sdk/System/Library/Frameworks/AppKit.framework/Headers/NSAccessibilityCustomAction.h
/Applications/Xcode.app/Contents/Developer/Platforms/MacOSX.platform/Developer/SDKs/MacOSX26.1.sdk/System/Library/Frameworks/AppKit.framework/Headers/NSAccessibilityElement.h
/Applications/Xcode.app/Contents/Developer/Platforms/MacOSX.platform/Developer/SDKs/MacOSX26.1.sdk/System/Library/Frameworks/AppKit.framework/Headers/NSAccessibilityCustomRotor.h
/Applications/Xcode.app/Contents/Developer/Platforms/MacOSX.platform/Developer/SDKs/MacOSX26.1.sdk/System/Library/Frameworks/AppKit.framework/Headers/NSWorkspace.h
/Applications/Xcode.app/Contents/Developer/Platforms/MacOSX.platform/Developer/SDKs/MacOSX26.1.sdk/System/Library/Frameworks/AppKit.framework/Headers/NSAccessibilityColor.h
/Applications/Xcode.app/Contents/Developer/Platforms/MacOSX.platform/Developer/SDKs/MacOSX26.1.sdk/System/Library/Frameworks/AppKit.framework/Headers/NSColor.h
/Applications/Xcode.app/Contents/Developer/Platforms/MacOSX.platform/Developer/SDKs/MacOSX26.1.sdk/System/Library/Frameworks/AppKit.framework/Headers/NSApplication.h
/Applications/Xcode.app/Contents/Developer/Platforms/MacOSX.platform/Developer/SDKs/MacOSX26.1.sdk/System/Library/Frameworks/AppKit.framework/Headers/NSResponder.h
/Applications/Xcode.app/Contents/Developer/Platforms/MacOSX.platform/Developer/SDKs/MacOSX26.1.sdk/System/Library/Frameworks/AppKit.framework/Headers/NSEvent.h
/Applications/Xcode.app/Contents/Developer/Platforms/MacOSX.platform/Developer/SDKs/MacOSX26.1.sdk/System/Library/Frameworks/AppKit.framework/Headers/NSTouch.h
/Applications/Xcode.app/Contents/Developer/Platforms/MacOSX.platform/Developer/SDKs/MacOSX26.1.sdk/System/Library/Frameworks/ApplicationServices.framework/Modules/module.modulemap
/Applications/Xcode.app/Contents/Developer/Platforms/MacOSX.platform/Developer/SDKs/MacOSX26.1.sdk/System/Library/Frameworks/IOKit.framework/Modules/module.modulemap
/Applications/Xcode.app/Contents/Developer/Toolchains/XcodeDefault.xctoolchain/usr/lib/swift/clang/include/module.modulemap
/Applications/Xcode.app/Contents/Developer/Platforms/MacOSX.platform/Developer/SDKs/MacOSX26.1.sdk/System/Library/Frameworks/AppKit.framework/Headers/NSPasteboard.h
/Applications/Xcode.app/Contents/Developer/Platforms/MacOSX.platform/Developer/SDKs/MacOSX26.1.sdk/System/Library/Frameworks/CoreFoundation.framework/Modules/module.modulemap
/Applications/Xcode.app/Contents/Developer/Platforms/MacOSX.platform/Developer/SDKs/MacOSX26.1.sdk/System/Library/Frameworks/AppKit.framework/Headers/NSUserInterfaceValidation.h
/Applications/Xcode.app/Contents/Developer/Platforms/MacOSX.platform/Developer/SDKs/MacOSX26.1.sdk/System/Library/Frameworks/AppKit.framework/Headers/NSRunningApplication.h
/Applications/Xcode.app/Contents/Developer/Platforms/MacOSX.platform/Developer/SDKs/MacOSX26.1.sdk/System/Library/Frameworks/AppKit.framework/Headers/NSUserActivity.h
/Applications/Xcode.app/Contents/Developer/Platforms/MacOSX.platform/Developer/SDKs/MacOSX26.1.sdk/System/Library/Frameworks/AppKit.framework/Headers/NSDocument.h
/Applications/Xcode.app/Contents/Developer/Platforms/MacOSX.platform/Developer/SDKs/MacOSX26.1.sdk/System/Library/Frameworks/AppKit.framework/Headers/NSNib.h
/Applications/Xcode.app/Contents/Developer/Platforms/MacOSX.platform/Developer/SDKs/MacOSX26.1.sdk/System/Library/Frameworks/AppKit.framework/Headers/NSNibDeclarations.h
/Applications/Xcode.app/Contents/Developer/Platforms/MacOSX.platform/Developer/SDKs/MacOSX26.1.sdk/System/Library/Frameworks/AppKit.framework/Headers/NSMenu.h
/Applications/Xcode.app/Contents/Developer/Platforms/MacOSX.platform/Developer/SDKs/MacOSX26.1.sdk/System/Library/Frameworks/AppKit.framework/Headers/NSMenuItem.h
/Applications/Xcode.app/Contents/Developer/Platforms/MacOSX.platform/Developer/SDKs/MacOSX26.1.sdk/System/Library/Frameworks/AppKit.framework/Headers/NSUserInterfaceItemIdentification.h
/Applications/Xcode.app/Contents/Developer/Platforms/MacOSX.platform/Developer/SDKs/MacOSX26.1.sdk/System/Library/Frameworks/AppKit.framework/Headers/NSView.h
/Applications/Xcode.app/Contents/Developer/Platforms/MacOSX.platform/Developer/SDKs/MacOSX26.1.sdk/System/Library/Frameworks/AppKit.framework/Headers/NSAnimation.h
/Applications/Xcode.app/Contents/Developer/Platforms/MacOSX.platform/Developer/SDKs/MacOSX26.1.sdk/System/Library/Frameworks/AppKit.framework/Headers/NSAppearance.h
/Applications/Xcode.app/Contents/Developer/Platforms/MacOSX.platform/Developer/SDKs/MacOSX26.1.sdk/System/Library/Frameworks/AppKit.framework/Headers/NSDragging.h
/Applications/Xcode.app/Contents/Developer/Platforms/MacOSX.platform/Developer/SDKs/MacOSX26.1.sdk/System/Library/Frameworks/AppKit.framework/Headers/NSUserInterfaceLayout.h
/Applications/Xcode.app/Contents/Developer/Platforms/MacOSX.platform/Developer/SDKs/MacOSX26.1.sdk/System/Library/Frameworks/AppKit.framework/Headers/NSCell.h
/Applications/Xcode.app/Contents/Developer/Platforms/MacOSX.platform/Developer/SDKs/MacOSX26.1.sdk/System/Library/Frameworks/AppKit.framework/Headers/NSText.h
/Applications/Xcode.app/Contents/Developer/Platforms/MacOSX.platform/Developer/SDKs/MacOSX26.1.sdk/System/Library/Frameworks/AppKit.framework/Headers/NSSpellProtocol.h
/Applications/Xcode.app/Contents/Developer/Platforms/MacOSX.platform/Developer/SDKs/MacOSX26.1.sdk/System/Library/Frameworks/AppKit.framework/Headers/NSParagraphStyle.h
/Applications/Xcode.app/Contents/Developer/Platforms/MacOSX.platform/Developer/SDKs/MacOSX26.1.sdk/System/Library/Frameworks/AppKit.framework/Headers/NSPrintInfo.h
/Applications/Xcode.app/Contents/Developer/Platforms/MacOSX.platform/Developer/SDKs/MacOSX26.1.sdk/System/Library/Frameworks/AppKit.framework/Headers/NSPrinter.h
/Applications/Xcode.app/Contents/Developer/Platforms/MacOSX.platform/Developer/SDKs/MacOSX26.1.sdk/System/Library/Frameworks/AppKit.framework/Headers/NSKeyValueBinding.h
/Applications/Xcode.app/Contents/Developer/Platforms/MacOSX.platform/Developer/SDKs/MacOSX26.1.sdk/System/Library/Frameworks/CoreData.framework/Modules/module.modulemap
/Applications/Xcode.app/Contents/Developer/Platforms/MacOSX.platform/Developer/SDKs/MacOSX26.1.sdk/System/Library/Frameworks/AppKit.framework/Headers/NSPreviewRepresentingActivityItem.h
/Applications/Xcode.app/Contents/Developer/Platforms/MacOSX.platform/Developer/SDKs/MacOSX26.1.sdk/System/Library/Frameworks/AppKit.framework/Headers/NSColorList.h
/Applications/Xcode.app/Contents/Developer/Platforms/MacOSX.platform/Developer/SDKs/MacOSX26.1.sdk/System/Library/Frameworks/CoreImage.framework/Modules/module.modulemap
/Applications/Xcode.app/Contents/Developer/Platforms/MacOSX.platform/Developer/SDKs/MacOSX26.1.sdk/System/Library/Frameworks/AppKit.framework/Headers/NSActionCell.h
/Applications/Xcode.app/Contents/Developer/Platforms/MacOSX.platform/Developer/SDKs/MacOSX26.1.sdk/System/Library/Frameworks/AppKit.framework/Headers/NSAlert.h
/Applications/Xcode.app/Contents/Developer/Platforms/MacOSX.platform/Developer/SDKs/MacOSX26.1.sdk/System/Library/Frameworks/AppKit.framework/Headers/NSHelpManager.h
/Applications/Xcode.app/Contents/Developer/Platforms/MacOSX.platform/Developer/SDKs/MacOSX26.1.sdk/System/Library/Frameworks/AppKit.framework/Headers/NSAnimationContext.h
/Applications/Xcode.app/Contents/Developer/Platforms/MacOSX.platform/Developer/SDKs/MacOSX26.1.sdk/System/Library/Frameworks/AppKit.framework/Headers/NSAppleScriptExtensions.h
/Applications/Xcode.app/Contents/Developer/Platforms/MacOSX.platform/Developer/SDKs/MacOSX26.1.sdk/System/Library/Frameworks/AppKit.framework/Headers/NSBackgroundExtensionView.h
/Applications/Xcode.app/Contents/Developer/Platforms/MacOSX.platform/Developer/SDKs/MacOSX26.1.sdk/System/Library/Frameworks/AppKit.framework/Headers/NSBox.h
/Applications/Xcode.app/Contents/Developer/Platforms/MacOSX.platform/Developer/SDKs/MacOSX26.1.sdk/System/Library/Frameworks/AppKit.framework/Headers/NSButton.h
/Applications/Xcode.app/Contents/Developer/Platforms/MacOSX.platform/Developer/SDKs/MacOSX26.1.sdk/System/Library/Frameworks/AppKit.framework/Headers/NSControl.h
/Applications/Xcode.app/Contents/Developer/Platforms/MacOSX.platform/Developer/SDKs/MacOSX26.1.sdk/System/Library/Frameworks/AppKit.framework/Headers/NSButtonCell.h
/Applications/Xcode.app/Contents/Developer/Platforms/MacOSX.platform/Developer/SDKs/MacOSX26.1.sdk/System/Library/Frameworks/AppKit.framework/Headers/NSUserInterfaceCompression.h
/Applications/Xcode.app/Contents/Developer/Platforms/MacOSX.platform/Developer/SDKs/MacOSX26.1.sdk/System/Library/Frameworks/AppKit.framework/Headers/NSTintProminence.h
/Applications/Xcode.app/Contents/Developer/Platforms/MacOSX.platform/Developer/SDKs/MacOSX26.1.sdk/System/Library/Frameworks/AppKit.framework/Headers/NSCandidateListTouchBarItem.h
/Applications/Xcode.app/Contents/Developer/Platforms/MacOSX.platform/Developer/SDKs/MacOSX26.1.sdk/System/Library/Frameworks/AppKit.framework/Headers/NSTouchBar.h
/Applications/Xcode.app/Contents/Developer/Platforms/MacOSX.platform/Developer/SDKs/MacOSX26.1.sdk/System/Library/Frameworks/AppKit.framework/Headers/NSTouchBarItem.h
/Applications/Xcode.app/Contents/Developer/Platforms/MacOSX.platform/Developer/SDKs/MacOSX26.1.sdk/System/Library/Frameworks/AppKit.framework/Headers/NSClipView.h
/Applications/Xcode.app/Contents/Developer/Platforms/MacOSX.platform/Developer/SDKs/MacOSX26.1.sdk/System/Library/Frameworks/AppKit.framework/Headers/NSCollectionView.h
/Applications/Xcode.app/Contents/Developer/Platforms/MacOSX.platform/Developer/SDKs/MacOSX26.1.sdk/System/Library/Frameworks/AppKit.framework/Headers/NSViewController.h
/Applications/Xcode.app/Contents/Developer/Platforms/MacOSX.platform/Developer/SDKs/MacOSX26.1.sdk/System/Library/Frameworks/AppKit.framework/Headers/NSPopover.h
/Applications/Xcode.app/Contents/Developer/Platforms/MacOSX.platform/Developer/SDKs/MacOSX26.1.sdk/System/Library/Frameworks/AppKit.framework/Headers/NSStoryboard.h
/Applications/Xcode.app/Contents/Developer/Platforms/MacOSX.platform/Developer/SDKs/MacOSX26.1.sdk/System/Library/Frameworks/AppKit.framework/Headers/NSStoryboardSegue.h
/Applications/Xcode.app/Contents/Developer/Platforms/MacOSX.platform/Developer/SDKs/MacOSX26.1.sdk/System/Library/Frameworks/AppKit.framework/Headers/NSCollectionViewLayout.h
/Applications/Xcode.app/Contents/Developer/Platforms/MacOSX.platform/Developer/SDKs/MacOSX26.1.sdk/System/Library/Frameworks/AppKit.framework/Headers/NSCollectionViewCompositionalLayout.h
/Applications/Xcode.app/Contents/Developer/Platforms/MacOSX.platform/Developer/SDKs/MacOSX26.1.sdk/System/Library/Frameworks/AppKit.framework/Headers/NSCollectionViewFlowLayout.h
/Applications/Xcode.app/Contents/Developer/Platforms/MacOSX.platform/Developer/SDKs/MacOSX26.1.sdk/System/Library/Frameworks/AppKit.framework/Headers/NSCollectionViewGridLayout.h
/Applications/Xcode.app/Contents/Developer/Platforms/MacOSX.platform/Developer/SDKs/MacOSX26.1.sdk/System/Library/Frameworks/AppKit.framework/Headers/NSCollectionViewTransitionLayout.h
/Applications/Xcode.app/Contents/Developer/Platforms/MacOSX.platform/Developer/SDKs/MacOSX26.1.sdk/System/Library/Frameworks/AppKit.framework/Headers/NSColorSampler.h
/Applications/Xcode.app/Contents/Developer/Platforms/MacOSX.platform/Developer/SDKs/MacOSX26.1.sdk/System/Library/Frameworks/AppKit.framework/Headers/NSDiffableDataSource.h
/Applications/Xcode.app/Contents/Developer/Platforms/MacOSX.platform/Developer/SDKs/MacOSX26.1.sdk/System/Library/Frameworks/AppKit.framework/Headers/NSDirection.h
/Applications/Xcode.app/Contents/Developer/Platforms/MacOSX.platform/Developer/SDKs/MacOSX26.1.sdk/System/Library/Frameworks/AppKit.framework/Headers/NSDockTile.h
/Applications/Xcode.app/Contents/Developer/Platforms/MacOSX.platform/Developer/SDKs/MacOSX26.1.sdk/System/Library/Frameworks/AppKit.framework/Headers/NSFont.h
/Applications/Xcode.app/Contents/Developer/Platforms/MacOSX.platform/Developer/SDKs/MacOSX26.1.sdk/System/Library/Frameworks/AppKit.framework/Headers/NSFontDescriptor.h
/Applications/Xcode.app/Contents/Developer/Platforms/MacOSX.platform/Developer/SDKs/MacOSX26.1.sdk/System/Library/Frameworks/AppKit.framework/Headers/NSFontAssetRequest.h
/Applications/Xcode.app/Contents/Developer/Platforms/MacOSX.platform/Developer/SDKs/MacOSX26.1.sdk/System/Library/Frameworks/AppKit.framework/Headers/NSFontCollection.h
/Applications/Xcode.app/Contents/Developer/Platforms/MacOSX.platform/Developer/SDKs/MacOSX26.1.sdk/System/Library/Frameworks/AppKit.framework/Headers/NSFontManager.h
/Applications/Xcode.app/Contents/Developer/Platforms/MacOSX.platform/Developer/SDKs/MacOSX26.1.sdk/System/Library/Frameworks/AppKit.framework/Headers/NSFontPanel.h
/Applications/Xcode.app/Contents/Developer/Platforms/MacOSX.platform/Developer/SDKs/MacOSX26.1.sdk/System/Library/Frameworks/AppKit.framework/Headers/NSPanel.h
/Applications/Xcode.app/Contents/Developer/Platforms/MacOSX.platform/Developer/SDKs/MacOSX26.1.sdk/System/Library/Frameworks/AppKit.framework/Headers/NSWindow.h
/Applications/Xcode.app/Contents/Developer/Platforms/MacOSX.platform/Developer/SDKs/MacOSX26.1.sdk/System/Library/Frameworks/AppKit.framework/Headers/NSForm.h
/Applications/Xcode.app/Contents/Developer/Platforms/MacOSX.platform/Developer/SDKs/MacOSX26.1.sdk/System/Library/Frameworks/AppKit.framework/Headers/NSMatrix.h
/Applications/Xcode.app/Contents/Developer/Platforms/MacOSX.platform/Developer/SDKs/MacOSX26.1.sdk/System/Library/Frameworks/AppKit.framework/Headers/NSFormCell.h
/Applications/Xcode.app/Contents/Developer/Platforms/MacOSX.platform/Developer/SDKs/MacOSX26.1.sdk/System/Library/Frameworks/AppKit.framework/Headers/NSGlassEffectView.h
/Applications/Xcode.app/Contents/Developer/Platforms/MacOSX.platform/Developer/SDKs/MacOSX26.1.sdk/System/Library/Frameworks/AppKit.framework/Headers/NSMenuItemBadge.h
/Applications/Xcode.app/Contents/Developer/Platforms/MacOSX.platform/Developer/SDKs/MacOSX26.1.sdk/System/Library/Frameworks/AppKit.framework/Headers/NSColorSpace.h
/Applications/Xcode.app/Contents/Developer/Platforms/MacOSX.platform/Developer/SDKs/MacOSX26.1.sdk/System/Library/Frameworks/AppKit.framework/Headers/NSBitmapImageRep.h
/Applications/Xcode.app/Contents/Developer/Platforms/MacOSX.platform/Developer/SDKs/MacOSX26.1.sdk/System/Library/Frameworks/AppKit.framework/Headers/NSImageRep.h
/Applications/Xcode.app/Contents/Developer/Platforms/MacOSX.platform/Developer/SDKs/MacOSX26.1.sdk/System/Library/Frameworks/AppKit.framework/Headers/NSBrowser.h
/Applications/Xcode.app/Contents/Developer/Platforms/MacOSX.platform/Developer/SDKs/MacOSX26.1.sdk/System/Library/Frameworks/AppKit.framework/Headers/NSBrowserCell.h
/Applications/Xcode.app/Contents/Developer/Platforms/MacOSX.platform/Developer/SDKs/MacOSX26.1.sdk/System/Library/Frameworks/AppKit.framework/Headers/NSCachedImageRep.h
/Applications/Xcode.app/Contents/Developer/Platforms/MacOSX.platform/Developer/SDKs/MacOSX26.1.sdk/System/Library/Frameworks/AppKit.framework/Headers/NSCIImageRep.h
/Applications/Xcode.app/Contents/Developer/Platforms/MacOSX.platform/Developer/SDKs/MacOSX26.1.sdk/System/Library/Frameworks/AppKit.framework/Headers/NSColorPanel.h
/Applications/Xcode.app/Contents/Developer/Platforms/MacOSX.platform/Developer/SDKs/MacOSX26.1.sdk/System/Library/Frameworks/AppKit.framework/Headers/NSColorPicking.h
/Applications/Xcode.app/Contents/Developer/Platforms/MacOSX.platform/Developer/SDKs/MacOSX26.1.sdk/System/Library/Frameworks/AppKit.framework/Headers/NSColorPicker.h
/Applications/Xcode.app/Contents/Developer/Platforms/MacOSX.platform/Developer/SDKs/MacOSX26.1.sdk/System/Library/Frameworks/AppKit.framework/Headers/NSColorPickerTouchBarItem.h
/Applications/Xcode.app/Contents/Developer/Platforms/MacOSX.platform/Developer/SDKs/MacOSX26.1.sdk/System/Library/Frameworks/AppKit.framework/Headers/NSColorWell.h
/Applications/Xcode.app/Contents/Developer/Platforms/MacOSX.platform/Developer/SDKs/MacOSX26.1.sdk/System/Library/Frameworks/AppKit.framework/Headers/NSCursor.h
/Applications/Xcode.app/Contents/Developer/Platforms/MacOSX.platform/Developer/SDKs/MacOSX26.1.sdk/System/Library/Frameworks/AppKit.framework/Headers/NSCustomImageRep.h
/Applications/Xcode.app/Contents/Developer/Platforms/MacOSX.platform/Developer/SDKs/MacOSX26.1.sdk/System/Library/Frameworks/AppKit.framework/Headers/NSCustomTouchBarItem.h
/Applications/Xcode.app/Contents/Developer/Platforms/MacOSX.platform/Developer/SDKs/MacOSX26.1.sdk/System/Library/Frameworks/AppKit.framework/Headers/NSDocumentController.h
/Applications/Xcode.app/Contents/Developer/Platforms/MacOSX.platform/Developer/SDKs/MacOSX26.1.sdk/System/Library/Frameworks/AppKit.framework/Headers/NSDraggingItem.h
/Applications/Xcode.app/Contents/Developer/Platforms/MacOSX.platform/Developer/SDKs/MacOSX26.1.sdk/System/Library/Frameworks/AppKit.framework/Headers/NSDraggingSession.h
/Applications/Xcode.app/Contents/Developer/Platforms/MacOSX.platform/Developer/SDKs/MacOSX26.1.sdk/System/Library/Frameworks/AppKit.framework/Headers/NSFilePromiseProvider.h
/Applications/Xcode.app/Contents/Developer/Platforms/MacOSX.platform/Developer/SDKs/MacOSX26.1.sdk/System/Library/Frameworks/AppKit.framework/Headers/NSFilePromiseReceiver.h
/Applications/Xcode.app/Contents/Developer/Platforms/MacOSX.platform/Developer/SDKs/MacOSX26.1.sdk/System/Library/Frameworks/AppKit.framework/Headers/NSEPSImageRep.h
/Applications/Xcode.app/Contents/Developer/Platforms/MacOSX.platform/Developer/SDKs/MacOSX26.1.sdk/System/Library/Frameworks/AppKit.framework/Headers/NSFileWrapperExtensions.h
/Applications/Xcode.app/Contents/Developer/Platforms/MacOSX.platform/Developer/SDKs/MacOSX26.1.sdk/System/Library/Frameworks/AppKit.framework/Headers/NSGradient.h
/Applications/Xcode.app/Contents/Developer/Platforms/MacOSX.platform/Developer/SDKs/MacOSX26.1.sdk/System/Library/Frameworks/AppKit.framework/Headers/NSGroupTouchBarItem.h
/Applications/Xcode.app/Contents/Developer/Platforms/MacOSX.platform/Developer/SDKs/MacOSX26.1.sdk/System/Library/Frameworks/AppKit.framework/Headers/NSGestureRecognizer.h
/Applications/Xcode.app/Contents/Developer/Platforms/MacOSX.platform/Developer/SDKs/MacOSX26.1.sdk/System/Library/Frameworks/AppKit.framework/Headers/NSClickGestureRecognizer.h
/Applications/Xcode.app/Contents/Developer/Platforms/MacOSX.platform/Developer/SDKs/MacOSX26.1.sdk/System/Library/Frameworks/AppKit.framework/Headers/NSPanGestureRecognizer.h
/Applications/Xcode.app/Contents/Developer/Platforms/MacOSX.platform/Developer/SDKs/MacOSX26.1.sdk/System/Library/Frameworks/AppKit.framework/Headers/NSPressGestureRecognizer.h
/Applications/Xcode.app/Contents/Developer/Platforms/MacOSX.platform/Developer/SDKs/MacOSX26.1.sdk/System/Library/Frameworks/AppKit.framework/Headers/NSMagnificationGestureRecognizer.h
/Applications/Xcode.app/Contents/Developer/Platforms/MacOSX.platform/Developer/SDKs/MacOSX26.1.sdk/System/Library/Frameworks/AppKit.framework/Headers/NSRotationGestureRecognizer.h
/Applications/Xcode.app/Contents/Developer/Platforms/MacOSX.platform/Developer/SDKs/MacOSX26.1.sdk/System/Library/Frameworks/AppKit.framework/Headers/NSLayoutConstraint.h
/Applications/Xcode.app/Contents/Developer/Platforms/MacOSX.platform/Developer/SDKs/MacOSX26.1.sdk/System/Library/Frameworks/AppKit.framework/Headers/NSLayoutAnchor.h
/Applications/Xcode.app/Contents/Developer/Platforms/MacOSX.platform/Developer/SDKs/MacOSX26.1.sdk/System/Library/Frameworks/AppKit.framework/Headers/NSLayoutGuide.h
/Applications/Xcode.app/Contents/Developer/Platforms/MacOSX.platform/Developer/SDKs/MacOSX26.1.sdk/System/Library/Frameworks/AppKit.framework/Headers/NSImage.h
/Applications/Xcode.app/Contents/Developer/Platforms/MacOSX.platform/Developer/SDKs/MacOSX26.1.sdk/System/Library/Frameworks/AppKit.framework/Headers/NSImageCell.h
/Applications/Xcode.app/Contents/Developer/Platforms/MacOSX.platform/Developer/SDKs/MacOSX26.1.sdk/System/Library/Frameworks/AppKit.framework/Headers/NSImageView.h
/Applications/Xcode.app/Contents/Developer/Platforms/MacOSX.platform/Developer/SDKs/MacOSX26.1.sdk/System/Library/Frameworks/Symbols.framework/Modules/module.modulemap
/Applications/Xcode.app/Contents/Developer/Platforms/MacOSX.platform/Developer/SDKs/MacOSX26.1.sdk/System/Library/Frameworks/AppKit.framework/Headers/NSNibLoading.h
/Applications/Xcode.app/Contents/Developer/Platforms/MacOSX.platform/Developer/SDKs/MacOSX26.1.sdk/System/Library/Frameworks/AppKit.framework/Headers/NSScrubber.h
/Applications/Xcode.app/Contents/Developer/Platforms/MacOSX.platform/Developer/SDKs/MacOSX26.1.sdk/System/Library/Frameworks/AppKit.framework/Headers/NSScrubberItemView.h
/Applications/Xcode.app/Contents/Developer/Platforms/MacOSX.platform/Developer/SDKs/MacOSX26.1.sdk/System/Library/Frameworks/AppKit.framework/Headers/NSScrubberLayout.h
/Applications/Xcode.app/Contents/Developer/Platforms/MacOSX.platform/Developer/SDKs/MacOSX26.1.sdk/System/Library/Frameworks/AppKit.framework/Headers/NSSharingServicePickerTouchBarItem.h
/Applications/Xcode.app/Contents/Developer/Platforms/MacOSX.platform/Developer/SDKs/MacOSX26.1.sdk/System/Library/Frameworks/AppKit.framework/Headers/NSSharingService.h
/Applications/Xcode.app/Contents/Developer/Platforms/MacOSX.platform/Developer/SDKs/MacOSX26.1.sdk/System/Library/Frameworks/AppKit.framework/Headers/NSSliderAccessory.h
/Applications/Xcode.app/Contents/Developer/Platforms/MacOSX.platform/Developer/SDKs/MacOSX26.1.sdk/System/Library/Frameworks/AppKit.framework/Headers/NSSliderTouchBarItem.h
/Applications/Xcode.app/Contents/Developer/Platforms/MacOSX.platform/Developer/SDKs/MacOSX26.1.sdk/System/Library/Frameworks/AppKit.framework/Headers/NSSpeechRecognizer.h
/Applications/Xcode.app/Contents/Developer/Platforms/MacOSX.platform/Developer/SDKs/MacOSX26.1.sdk/System/Library/Frameworks/AppKit.framework/Headers/NSSpeechSynthesizer.h
/Applications/Xcode.app/Contents/Developer/Platforms/MacOSX.platform/Developer/SDKs/MacOSX26.1.sdk/System/Library/Frameworks/AppKit.framework/Headers/NSSpellChecker.h
/Applications/Xcode.app/Contents/Developer/Platforms/MacOSX.platform/Developer/SDKs/MacOSX26.1.sdk/System/Library/Frameworks/AppKit.framework/Headers/NSSplitView.h
/Applications/Xcode.app/Contents/Developer/Platforms/MacOSX.platform/Developer/SDKs/MacOSX26.1.sdk/System/Library/Frameworks/AppKit.framework/Headers/NSSplitViewController.h
/Applications/Xcode.app/Contents/Developer/Platforms/MacOSX.platform/Developer/SDKs/MacOSX26.1.sdk/System/Library/Frameworks/AppKit.framework/Headers/NSSplitViewItem.h
/Applications/Xcode.app/Contents/Developer/Platforms/MacOSX.platform/Developer/SDKs/MacOSX26.1.sdk/System/Library/Frameworks/AppKit.framework/Headers/NSSplitViewItemAccessoryViewController.h
/Applications/Xcode.app/Contents/Developer/Platforms/MacOSX.platform/Developer/SDKs/MacOSX26.1.sdk/System/Library/Frameworks/AppKit.framework/Headers/NSScrollEdgeEffect.h
/Applications/Xcode.app/Contents/Developer/Platforms/MacOSX.platform/Developer/SDKs/MacOSX26.1.sdk/System/Library/Frameworks/AppKit.framework/Headers/NSOpenPanel.h
/Applications/Xcode.app/Contents/Developer/Platforms/MacOSX.platform/Developer/SDKs/MacOSX26.1.sdk/System/Library/Frameworks/AppKit.framework/Headers/NSSavePanel.h
/Applications/Xcode.app/Contents/Developer/Platforms/MacOSX.platform/Developer/SDKs/MacOSX26.1.sdk/System/Library/Frameworks/AppKit.framework/Headers/NSPageLayout.h
/Applications/Xcode.app/Contents/Developer/Platforms/MacOSX.platform/Developer/SDKs/MacOSX26.1.sdk/System/Library/Frameworks/AppKit.framework/Headers/NSPasteboardItem.h
/Applications/Xcode.app/Contents/Developer/Platforms/MacOSX.platform/Developer/SDKs/MacOSX26.1.sdk/System/Library/Frameworks/AppKit.framework/Headers/NSPopoverTouchBarItem.h
/Applications/Xcode.app/Contents/Developer/Platforms/MacOSX.platform/Developer/SDKs/MacOSX26.1.sdk/System/Library/Frameworks/AppKit.framework/Headers/NSPopUpButton.h
/Applications/Xcode.app/Contents/Developer/Platforms/MacOSX.platform/Developer/SDKs/MacOSX26.1.sdk/System/Library/Frameworks/AppKit.framework/Headers/NSPopUpButtonCell.h
/Applications/Xcode.app/Contents/Developer/Platforms/MacOSX.platform/Developer/SDKs/MacOSX26.1.sdk/System/Library/Frameworks/AppKit.framework/Headers/NSMenuItemCell.h
/Applications/Xcode.app/Contents/Developer/Platforms/MacOSX.platform/Developer/SDKs/MacOSX26.1.sdk/System/Library/Frameworks/AppKit.framework/Headers/NSPrintOperation.h
/Applications/Xcode.app/Contents/Developer/Platforms/MacOSX.platform/Developer/SDKs/MacOSX26.1.sdk/System/Library/Frameworks/AppKit.framework/Headers/NSPrintPanel.h
/Applications/Xcode.app/Contents/Developer/Platforms/MacOSX.platform/Developer/SDKs/MacOSX26.1.sdk/System/Library/Frameworks/AppKit.framework/Headers/NSPDFInfo.h
/Applications/Xcode.app/Contents/Developer/Platforms/MacOSX.platform/Developer/SDKs/MacOSX26.1.sdk/System/Library/Frameworks/AppKit.framework/Headers/NSPDFPanel.h
/Applications/Xcode.app/Contents/Developer/Platforms/MacOSX.platform/Developer/SDKs/MacOSX26.1.sdk/System/Library/Frameworks/AppKit.framework/Headers/NSMediaLibraryBrowserController.h
/Applications/Xcode.app/Contents/Developer/Platforms/MacOSX.platform/Developer/SDKs/MacOSX26.1.sdk/System/Library/Frameworks/AppKit.framework/Headers/NSScreen.h
/Applications/Xcode.app/Contents/Developer/Platforms/MacOSX.platform/Developer/SDKs/MacOSX26.1.sdk/System/Library/Frameworks/AppKit.framework/Headers/NSScrollView.h
/Applications/Xcode.app/Contents/Developer/Platforms/MacOSX.platform/Developer/SDKs/MacOSX26.1.sdk/System/Library/Frameworks/AppKit.framework/Headers/NSScroller.h
/Applications/Xcode.app/Contents/Developer/Platforms/MacOSX.platform/Developer/SDKs/MacOSX26.1.sdk/System/Library/Frameworks/AppKit.framework/Headers/NSTextFinder.h
/Applications/Xcode.app/Contents/Developer/Platforms/MacOSX.platform/Developer/SDKs/MacOSX26.1.sdk/System/Library/Frameworks/AppKit.framework/Headers/NSSegmentedControl.h
/Applications/Xcode.app/Contents/Developer/Platforms/MacOSX.platform/Developer/SDKs/MacOSX26.1.sdk/System/Library/Frameworks/AppKit.framework/Headers/NSSegmentedCell.h
/Applications/Xcode.app/Contents/Developer/Platforms/MacOSX.platform/Developer/SDKs/MacOSX26.1.sdk/System/Library/Frameworks/AppKit.framework/Headers/NSSharingCollaborationModeRestriction.h
/Applications/Xcode.app/Contents/Developer/Platforms/MacOSX.platform/Developer/SDKs/MacOSX26.1.sdk/System/Library/Frameworks/AppKit.framework/Headers/NSSlider.h
/Applications/Xcode.app/Contents/Developer/Platforms/MacOSX.platform/Developer/SDKs/MacOSX26.1.sdk/System/Library/Frameworks/AppKit.framework/Headers/NSSliderCell.h
/Applications/Xcode.app/Contents/Developer/Platforms/MacOSX.platform/Developer/SDKs/MacOSX26.1.sdk/System/Library/Frameworks/AppKit.framework/Headers/NSStackView.h
/Applications/Xcode.app/Contents/Developer/Platforms/MacOSX.platform/Developer/SDKs/MacOSX26.1.sdk/System/Library/Frameworks/AppKit.framework/Headers/NSSwitch.h
/Applications/Xcode.app/Contents/Developer/Platforms/MacOSX.platform/Developer/SDKs/MacOSX26.1.sdk/System/Library/Frameworks/AppKit.framework/Headers/NSGridView.h
/Applications/Xcode.app/Contents/Developer/Platforms/MacOSX.platform/Developer/SDKs/MacOSX26.1.sdk/System/Library/Frameworks/AppKit.framework/Headers/NSTextCheckingClient.h
/Applications/Xcode.app/Contents/Developer/Platforms/MacOSX.platform/Developer/SDKs/MacOSX26.1.sdk/System/Library/Frameworks/AppKit.framework/Headers/NSTextInputClient.h
/Applications/Xcode.app/Contents/Developer/Platforms/MacOSX.platform/Developer/SDKs/MacOSX26.1.sdk/System/Library/Frameworks/AppKit.framework/Headers/NSTextCheckingController.h
/Applications/Xcode.app/Contents/Developer/Platforms/MacOSX.platform/Developer/SDKs/MacOSX26.1.sdk/System/Library/Frameworks/AppKit.framework/Headers/NSTextField.h
/Applications/Xcode.app/Contents/Developer/Platforms/MacOSX.platform/Developer/SDKs/MacOSX26.1.sdk/System/Library/Frameworks/AppKit.framework/Headers/NSTextFieldCell.h
/Applications/Xcode.app/Contents/Developer/Platforms/MacOSX.platform/Developer/SDKs/MacOSX26.1.sdk/System/Library/Frameworks/AppKit.framework/Headers/NSTextContent.h
/Applications/Xcode.app/Contents/Developer/Platforms/MacOSX.platform/Developer/SDKs/MacOSX26.1.sdk/System/Library/Frameworks/AppKit.framework/Headers/NSTextInsertionIndicator.h
/Applications/Xcode.app/Contents/Developer/Platforms/MacOSX.platform/Developer/SDKs/MacOSX26.1.sdk/System/Library/Frameworks/AppKit.framework/Headers/NSTokenField.h
/Applications/Xcode.app/Contents/Developer/Platforms/MacOSX.platform/Developer/SDKs/MacOSX26.1.sdk/System/Library/Frameworks/AppKit.framework/Headers/NSTextContainer.h
/Applications/Xcode.app/Contents/Developer/Platforms/MacOSX.platform/Developer/SDKs/MacOSX26.1.sdk/System/Library/Frameworks/AppKit.framework/Headers/NSLayoutManager.h
/Applications/Xcode.app/Contents/Developer/Platforms/MacOSX.platform/Developer/SDKs/MacOSX26.1.sdk/System/Library/Frameworks/AppKit.framework/Headers/NSTextStorage.h
/Applications/Xcode.app/Contents/Developer/Platforms/MacOSX.platform/Developer/SDKs/MacOSX26.1.sdk/System/Library/Frameworks/AppKit.framework/Headers/NSAttributedString.h
/Applications/Xcode.app/Contents/Developer/Platforms/MacOSX.platform/Developer/SDKs/MacOSX26.1.sdk/System/Library/Frameworks/AppKit.framework/Headers/NSGlyphGenerator.h
/Applications/Xcode.app/Contents/Developer/Platforms/MacOSX.platform/Developer/SDKs/MacOSX26.1.sdk/System/Library/Frameworks/AppKit.framework/Headers/NSTokenFieldCell.h
/Applications/Xcode.app/Contents/Developer/Platforms/MacOSX.platform/Developer/SDKs/MacOSX26.1.sdk/System/Library/Frameworks/AppKit.framework/Headers/NSTrackingArea.h
/Applications/Xcode.app/Contents/Developer/Platforms/MacOSX.platform/Developer/SDKs/MacOSX26.1.sdk/System/Library/Frameworks/AppKit.framework/Headers/NSTrackingSeparatorToolbarItem.h
/Applications/Xcode.app/Contents/Developer/Platforms/MacOSX.platform/Developer/SDKs/MacOSX26.1.sdk/System/Library/Frameworks/AppKit.framework/Headers/NSToolbarItem.h
/Applications/Xcode.app/Contents/Developer/Platforms/MacOSX.platform/Developer/SDKs/MacOSX26.1.sdk/System/Library/Frameworks/AppKit.framework/Headers/NSToolbar.h
/Applications/Xcode.app/Contents/Developer/Platforms/MacOSX.platform/Developer/SDKs/MacOSX26.1.sdk/System/Library/Frameworks/AppKit.framework/Headers/NSViewLayoutRegion.h
/Applications/Xcode.app/Contents/Developer/Platforms/MacOSX.platform/Developer/SDKs/MacOSX26.1.sdk/System/Library/Frameworks/AppKit.framework/Headers/NSWindowTab.h
/Applications/Xcode.app/Contents/Developer/Platforms/MacOSX.platform/Developer/SDKs/MacOSX26.1.sdk/System/Library/Frameworks/AppKit.framework/Headers/NSWindowTabGroup.h
/Applications/Xcode.app/Contents/Developer/Platforms/MacOSX.platform/Developer/SDKs/MacOSX26.1.sdk/System/Library/Frameworks/AppKit.framework/Headers/NSWindowController.h
/Applications/Xcode.app/Contents/Developer/Platforms/MacOSX.platform/Developer/SDKs/MacOSX26.1.sdk/System/Library/Frameworks/AppKit.framework/Headers/NSComboBox.h
/Applications/Xcode.app/Contents/Developer/Platforms/MacOSX.platform/Developer/SDKs/MacOSX26.1.sdk/System/Library/Frameworks/AppKit.framework/Headers/NSComboBoxCell.h
/Applications/Xcode.app/Contents/Developer/Platforms/MacOSX.platform/Developer/SDKs/MacOSX26.1.sdk/System/Library/Frameworks/AppKit.framework/Headers/NSComboButton.h
/Applications/Xcode.app/Contents/Developer/Platforms/MacOSX.platform/Developer/SDKs/MacOSX26.1.sdk/System/Library/Frameworks/AppKit.framework/Headers/NSTableCellView.h
/Applications/Xcode.app/Contents/Developer/Platforms/MacOSX.platform/Developer/SDKs/MacOSX26.1.sdk/System/Library/Frameworks/AppKit.framework/Headers/NSTableView.h
/Applications/Xcode.app/Contents/Developer/Platforms/MacOSX.platform/Developer/SDKs/MacOSX26.1.sdk/System/Library/Frameworks/AppKit.framework/Headers/NSTextView.h
/Applications/Xcode.app/Contents/Developer/Platforms/MacOSX.platform/Developer/SDKs/MacOSX26.1.sdk/System/Library/Frameworks/AppKit.framework/Headers/NSInputManager.h
/Applications/Xcode.app/Contents/Developer/Platforms/MacOSX.platform/Developer/SDKs/MacOSX26.1.sdk/System/Library/Frameworks/AppKit.framework/Headers/NSTextAttachment.h
/Applications/Xcode.app/Contents/Developer/Platforms/MacOSX.platform/Developer/SDKs/MacOSX26.1.sdk/System/Library/Frameworks/AppKit.framework/Headers/NSTextAttachmentCell.h
/Applications/Xcode.app/Contents/Developer/Platforms/MacOSX.platform/Developer/SDKs/MacOSX26.1.sdk/System/Library/Frameworks/AppKit.framework/Headers/NSTableColumn.h
/Applications/Xcode.app/Contents/Developer/Platforms/MacOSX.platform/Developer/SDKs/MacOSX26.1.sdk/System/Library/Frameworks/AppKit.framework/Headers/NSTableHeaderCell.h
/Applications/Xcode.app/Contents/Developer/Platforms/MacOSX.platform/Developer/SDKs/MacOSX26.1.sdk/System/Library/Frameworks/AppKit.framework/Headers/NSTableHeaderView.h
/Applications/Xcode.app/Contents/Developer/Platforms/MacOSX.platform/Developer/SDKs/MacOSX26.1.sdk/System/Library/Frameworks/AppKit.framework/Headers/NSTableRowView.h
/Applications/Xcode.app/Contents/Developer/Platforms/MacOSX.platform/Developer/SDKs/MacOSX26.1.sdk/System/Library/Frameworks/AppKit.framework/Headers/NSTableViewDiffableDataSource.h
/Applications/Xcode.app/Contents/Developer/Platforms/MacOSX.platform/Developer/SDKs/MacOSX26.1.sdk/System/Library/Frameworks/AppKit.framework/Headers/NSTableViewRowAction.h
/Applications/Xcode.app/Contents/Developer/Platforms/MacOSX.platform/Developer/SDKs/MacOSX26.1.sdk/System/Library/Frameworks/AppKit.framework/Headers/NSOutlineView.h
/Applications/Xcode.app/Contents/Developer/Platforms/MacOSX.platform/Developer/SDKs/MacOSX26.1.sdk/System/Library/Frameworks/AppKit.framework/Headers/NSInputServer.h
/Applications/Xcode.app/Contents/Developer/Platforms/MacOSX.platform/Developer/SDKs/MacOSX26.1.sdk/System/Library/Frameworks/AppKit.framework/Headers/NSStringDrawing.h
/Applications/Xcode.app/Contents/Developer/Platforms/MacOSX.platform/Developer/SDKs/MacOSX26.1.sdk/System/Library/Frameworks/AppKit.framework/Headers/NSRulerMarker.h
/Applications/Xcode.app/Contents/Developer/Platforms/MacOSX.platform/Developer/SDKs/MacOSX26.1.sdk/System/Library/Frameworks/AppKit.framework/Headers/NSRulerView.h
/Applications/Xcode.app/Contents/Developer/Platforms/MacOSX.platform/Developer/SDKs/MacOSX26.1.sdk/System/Library/Frameworks/AppKit.framework/Headers/NSSecureTextField.h
/Applications/Xcode.app/Contents/Developer/Platforms/MacOSX.platform/Developer/SDKs/MacOSX26.1.sdk/System/Library/Frameworks/AppKit.framework/Headers/NSInterfaceStyle.h
/Applications/Xcode.app/Contents/Developer/Platforms/MacOSX.platform/Developer/SDKs/MacOSX26.1.sdk/System/Library/Frameworks/AppKit.framework/Headers/NSProgressIndicator.h
/Applications/Xcode.app/Contents/Developer/Platforms/MacOSX.platform/Developer/SDKs/MacOSX26.1.sdk/System/Library/Frameworks/AppKit.framework/Headers/NSTabView.h
/Applications/Xcode.app/Contents/Developer/Platforms/MacOSX.platform/Developer/SDKs/MacOSX26.1.sdk/System/Library/Frameworks/AppKit.framework/Headers/NSTabViewController.h
/Applications/Xcode.app/Contents/Developer/Platforms/MacOSX.platform/Developer/SDKs/MacOSX26.1.sdk/System/Library/Frameworks/AppKit.framework/Headers/NSTabViewItem.h
/Applications/Xcode.app/Contents/Developer/Platforms/MacOSX.platform/Developer/SDKs/MacOSX26.1.sdk/System/Library/Frameworks/AppKit.framework/Headers/NSAffineTransform.h
/Applications/Xcode.app/Contents/Developer/Platforms/MacOSX.platform/Developer/SDKs/MacOSX26.1.sdk/System/Library/Frameworks/AppKit.framework/Headers/NSBezierPath.h
/Applications/Xcode.app/Contents/Developer/Platforms/MacOSX.platform/Developer/SDKs/MacOSX26.1.sdk/System/Library/Frameworks/AppKit.framework/Headers/NSPICTImageRep.h
/Applications/Xcode.app/Contents/Developer/Platforms/MacOSX.platform/Developer/SDKs/MacOSX26.1.sdk/System/Library/Frameworks/AppKit.framework/Headers/NSStatusBar.h
/Applications/Xcode.app/Contents/Developer/Platforms/MacOSX.platform/Developer/SDKs/MacOSX26.1.sdk/System/Library/Frameworks/AppKit.framework/Headers/NSStatusBarButton.h
/Applications/Xcode.app/Contents/Developer/Platforms/MacOSX.platform/Developer/SDKs/MacOSX26.1.sdk/System/Library/Frameworks/AppKit.framework/Headers/NSStatusItem.h
/Applications/Xcode.app/Contents/Developer/Platforms/MacOSX.platform/Developer/SDKs/MacOSX26.1.sdk/System/Library/Frameworks/AppKit.framework/Headers/NSSound.h
/Applications/Xcode.app/Contents/Developer/Platforms/MacOSX.platform/Developer/SDKs/MacOSX26.1.sdk/System/Library/Frameworks/AppKit.framework/Headers/NSMovie.h
/Applications/Xcode.app/Contents/Developer/Platforms/MacOSX.platform/Developer/SDKs/MacOSX26.1.sdk/System/Library/Frameworks/AppKit.framework/Headers/NSPDFImageRep.h
/Applications/Xcode.app/Contents/Developer/Platforms/MacOSX.platform/Developer/SDKs/MacOSX26.1.sdk/System/Library/Frameworks/AppKit.framework/Headers/NSDrawer.h
/Applications/Xcode.app/Contents/Developer/Platforms/MacOSX.platform/Developer/SDKs/MacOSX26.1.sdk/System/Library/Frameworks/AppKit.framework/Headers/NSOpenGL.h
/Applications/Xcode.app/Contents/Developer/Platforms/MacOSX.platform/Developer/SDKs/MacOSX26.1.sdk/System/Library/Frameworks/OpenGL.framework/Modules/module.modulemap
/Applications/Xcode.app/Contents/Developer/Platforms/MacOSX.platform/Developer/SDKs/MacOSX26.1.sdk/System/Library/Frameworks/AppKit.framework/Headers/NSOpenGLLayer.h
/Applications/Xcode.app/Contents/Developer/Platforms/MacOSX.platform/Developer/SDKs/MacOSX26.1.sdk/System/Library/Frameworks/QuartzCore.framework/Modules/module.modulemap
/Applications/Xcode.app/Contents/Developer/Platforms/MacOSX.platform/Developer/SDKs/MacOSX26.1.sdk/System/Library/Frameworks/AppKit.framework/Headers/NSOpenGLView.h
/Applications/Xcode.app/Contents/Developer/Platforms/MacOSX.platform/Developer/SDKs/MacOSX26.1.sdk/System/Library/Frameworks/AppKit.framework/Headers/NSApplicationScripting.h
/Applications/Xcode.app/Contents/Developer/Platforms/MacOSX.platform/Developer/SDKs/MacOSX26.1.sdk/System/Library/Frameworks/AppKit.framework/Headers/NSDocumentScripting.h
/Applications/Xcode.app/Contents/Developer/Platforms/MacOSX.platform/Developer/SDKs/MacOSX26.1.sdk/System/Library/Frameworks/AppKit.framework/Headers/NSTextStorageScripting.h
/Applications/Xcode.app/Contents/Developer/Platforms/MacOSX.platform/Developer/SDKs/MacOSX26.1.sdk/System/Library/Frameworks/AppKit.framework/Headers/NSToolbarItemGroup.h
/Applications/Xcode.app/Contents/Developer/Platforms/MacOSX.platform/Developer/SDKs/MacOSX26.1.sdk/System/Library/Frameworks/AppKit.framework/Headers/NSMenuToolbarItem.h
/Applications/Xcode.app/Contents/Developer/Platforms/MacOSX.platform/Developer/SDKs/MacOSX26.1.sdk/System/Library/Frameworks/AppKit.framework/Headers/NSSharingServicePickerToolbarItem.h
/Applications/Xcode.app/Contents/Developer/Platforms/MacOSX.platform/Developer/SDKs/MacOSX26.1.sdk/System/Library/Frameworks/AppKit.framework/Headers/NSWindowScripting.h
/Applications/Xcode.app/Contents/Developer/Platforms/MacOSX.platform/Developer/SDKs/MacOSX26.1.sdk/System/Library/Frameworks/AppKit.framework/Headers/NSStepper.h
/Applications/Xcode.app/Contents/Developer/Platforms/MacOSX.platform/Developer/SDKs/MacOSX26.1.sdk/System/Library/Frameworks/AppKit.framework/Headers/NSStepperCell.h
/Applications/Xcode.app/Contents/Developer/Platforms/MacOSX.platform/Developer/SDKs/MacOSX26.1.sdk/System/Library/Frameworks/AppKit.framework/Headers/NSGlyphInfo.h
/Applications/Xcode.app/Contents/Developer/Platforms/MacOSX.platform/Developer/SDKs/MacOSX26.1.sdk/System/Library/Frameworks/AppKit.framework/Headers/NSShadow.h
/Applications/Xcode.app/Contents/Developer/Platforms/MacOSX.platform/Developer/SDKs/MacOSX26.1.sdk/System/Library/Frameworks/AppKit.framework/Headers/NSATSTypesetter.h
/Applications/Xcode.app/Contents/Developer/Platforms/MacOSX.platform/Developer/SDKs/MacOSX26.1.sdk/System/Library/Frameworks/AppKit.framework/Headers/NSTypesetter.h
/Applications/Xcode.app/Contents/Developer/Platforms/MacOSX.platform/Developer/SDKs/MacOSX26.1.sdk/System/Library/Frameworks/AppKit.framework/Headers/NSSearchField.h
/Applications/Xcode.app/Contents/Developer/Platforms/MacOSX.platform/Developer/SDKs/MacOSX26.1.sdk/System/Library/Frameworks/AppKit.framework/Headers/NSSearchFieldCell.h
/Applications/Xcode.app/Contents/Developer/Platforms/MacOSX.platform/Developer/SDKs/MacOSX26.1.sdk/System/Library/Frameworks/AppKit.framework/Headers/NSController.h
/Applications/Xcode.app/Contents/Developer/Platforms/MacOSX.platform/Developer/SDKs/MacOSX26.1.sdk/System/Library/Frameworks/AppKit.framework/Headers/NSObjectController.h
/Applications/Xcode.app/Contents/Developer/Platforms/MacOSX.platform/Developer/SDKs/MacOSX26.1.sdk/System/Library/Frameworks/AppKit.framework/Headers/NSArrayController.h
/Applications/Xcode.app/Contents/Developer/Platforms/MacOSX.platform/Developer/SDKs/MacOSX26.1.sdk/System/Library/Frameworks/AppKit.framework/Headers/NSDictionaryController.h
/Applications/Xcode.app/Contents/Developer/Platforms/MacOSX.platform/Developer/SDKs/MacOSX26.1.sdk/System/Library/Frameworks/AppKit.framework/Headers/NSTreeNode.h
/Applications/Xcode.app/Contents/Developer/Platforms/MacOSX.platform/Developer/SDKs/MacOSX26.1.sdk/System/Library/Frameworks/AppKit.framework/Headers/NSTreeController.h
/Applications/Xcode.app/Contents/Developer/Platforms/MacOSX.platform/Developer/SDKs/MacOSX26.1.sdk/System/Library/Frameworks/AppKit.framework/Headers/NSUserDefaultsController.h
/Applications/Xcode.app/Contents/Developer/Platforms/MacOSX.platform/Developer/SDKs/MacOSX26.1.sdk/System/Library/Frameworks/AppKit.framework/Headers/NSTextList.h
/Applications/Xcode.app/Contents/Developer/Platforms/MacOSX.platform/Developer/SDKs/MacOSX26.1.sdk/System/Library/Frameworks/AppKit.framework/Headers/NSTextTable.h
/Applications/Xcode.app/Contents/Developer/Platforms/MacOSX.platform/Developer/SDKs/MacOSX26.1.sdk/System/Library/Frameworks/AppKit.framework/Headers/NSDatePickerCell.h
/Applications/Xcode.app/Contents/Developer/Platforms/MacOSX.platform/Developer/SDKs/MacOSX26.1.sdk/System/Library/Frameworks/AppKit.framework/Headers/NSDatePicker.h
/Applications/Xcode.app/Contents/Developer/Platforms/MacOSX.platform/Developer/SDKs/MacOSX26.1.sdk/System/Library/Frameworks/AppKit.framework/Headers/NSLevelIndicatorCell.h
/Applications/Xcode.app/Contents/Developer/Platforms/MacOSX.platform/Developer/SDKs/MacOSX26.1.sdk/System/Library/Frameworks/AppKit.framework/Headers/NSLevelIndicator.h
/Applications/Xcode.app/Contents/Developer/Platforms/MacOSX.platform/Developer/SDKs/MacOSX26.1.sdk/System/Library/Frameworks/AppKit.framework/Headers/NSPersistentDocument.h
/Applications/Xcode.app/Contents/Developer/Platforms/MacOSX.platform/Developer/SDKs/MacOSX26.1.sdk/System/Library/Frameworks/AppKit.framework/Headers/NSRuleEditor.h
/Applications/Xcode.app/Contents/Developer/Platforms/MacOSX.platform/Developer/SDKs/MacOSX26.1.sdk/System/Library/Frameworks/AppKit.framework/Headers/NSPredicateEditor.h
/Applications/Xcode.app/Contents/Developer/Platforms/MacOSX.platform/Developer/SDKs/MacOSX26.1.sdk/System/Library/Frameworks/AppKit.framework/Headers/NSPredicateEditorRowTemplate.h
/Applications/Xcode.app/Contents/Developer/Platforms/MacOSX.platform/Developer/SDKs/MacOSX26.1.sdk/System/Library/Frameworks/AppKit.framework/Headers/NSPathCell.h
/Applications/Xcode.app/Contents/Developer/Platforms/MacOSX.platform/Developer/SDKs/MacOSX26.1.sdk/System/Library/Frameworks/AppKit.framework/Headers/NSPathControl.h
/Applications/Xcode.app/Contents/Developer/Platforms/MacOSX.platform/Developer/SDKs/MacOSX26.1.sdk/System/Library/Frameworks/AppKit.framework/Headers/NSPathComponentCell.h
/Applications/Xcode.app/Contents/Developer/Platforms/MacOSX.platform/Developer/SDKs/MacOSX26.1.sdk/System/Library/Frameworks/AppKit.framework/Headers/NSPathControlItem.h
/Applications/Xcode.app/Contents/Developer/Platforms/MacOSX.platform/Developer/SDKs/MacOSX26.1.sdk/System/Library/Frameworks/AppKit.framework/Headers/NSPageController.h
/Applications/Xcode.app/Contents/Developer/Platforms/MacOSX.platform/Developer/SDKs/MacOSX26.1.sdk/System/Library/Frameworks/AppKit.framework/Headers/NSTextInputContext.h
/Applications/Xcode.app/Contents/Developer/Platforms/MacOSX.platform/Developer/SDKs/MacOSX26.1.sdk/System/Library/Frameworks/AppKit.framework/Headers/NSUserInterfaceItemSearching.h
/Applications/Xcode.app/Contents/Developer/Platforms/MacOSX.platform/Developer/SDKs/MacOSX26.1.sdk/System/Library/Frameworks/AppKit.framework/Headers/NSWindowRestoration.h
/Applications/Xcode.app/Contents/Developer/Platforms/MacOSX.platform/Developer/SDKs/MacOSX26.1.sdk/System/Library/Frameworks/AppKit.framework/Headers/NSTextAlternatives.h
/Applications/Xcode.app/Contents/Developer/Platforms/MacOSX.platform/Developer/SDKs/MacOSX26.1.sdk/System/Library/Frameworks/AppKit.framework/Headers/NSVisualEffectView.h
/Applications/Xcode.app/Contents/Developer/Platforms/MacOSX.platform/Developer/SDKs/MacOSX26.1.sdk/System/Library/Frameworks/AppKit.framework/Headers/NSItemBadge.h
/Applications/Xcode.app/Contents/Developer/Platforms/MacOSX.platform/Developer/SDKs/MacOSX26.1.sdk/System/Library/Frameworks/AppKit.framework/Headers/NSItemProvider.h
/Applications/Xcode.app/Contents/Developer/Platforms/MacOSX.platform/Developer/SDKs/MacOSX26.1.sdk/System/Library/Frameworks/AppKit.framework/Headers/NSTitlebarAccessoryViewController.h
/Applications/Xcode.app/Contents/Developer/Platforms/MacOSX.platform/Developer/SDKs/MacOSX26.1.sdk/System/Library/Frameworks/AppKit.framework/Headers/NSDataAsset.h
/Applications/Xcode.app/Contents/Developer/Platforms/MacOSX.platform/Developer/SDKs/MacOSX26.1.sdk/System/Library/Frameworks/AppKit.framework/Headers/NSAlignmentFeedbackFilter.h
/Applications/Xcode.app/Contents/Developer/Platforms/MacOSX.platform/Developer/SDKs/MacOSX26.1.sdk/System/Library/Frameworks/AppKit.framework/Headers/NSHapticFeedback.h
/Applications/Xcode.app/Contents/Developer/Platforms/MacOSX.platform/Developer/SDKs/MacOSX26.1.sdk/System/Library/Frameworks/AppKit.framework/Headers/NSPressureConfiguration.h
/Applications/Xcode.app/Contents/Developer/Platforms/MacOSX.platform/Developer/SDKs/MacOSX26.1.sdk/System/Library/Frameworks/AppKit.framework/Headers/NSButtonTouchBarItem.h
/Applications/Xcode.app/Contents/Developer/Platforms/MacOSX.platform/Developer/SDKs/MacOSX26.1.sdk/System/Library/Frameworks/AppKit.framework/Headers/NSPickerTouchBarItem.h
/Applications/Xcode.app/Contents/Developer/Platforms/MacOSX.platform/Developer/SDKs/MacOSX26.1.sdk/System/Library/Frameworks/AppKit.framework/Headers/NSStepperTouchBarItem.h
/Applications/Xcode.app/Contents/Developer/Platforms/MacOSX.platform/Developer/SDKs/MacOSX26.1.sdk/System/Library/Frameworks/AppKit.framework/Headers/NSTintConfiguration.h
/Applications/Xcode.app/Contents/Developer/Platforms/MacOSX.platform/Developer/SDKs/MacOSX26.1.sdk/System/Library/Frameworks/AppKit.framework/Headers/NSSearchToolbarItem.h
/Applications/Xcode.app/Contents/Developer/Platforms/MacOSX.platform/Developer/SDKs/MacOSX26.1.sdk/System/Library/Frameworks/AppKit.framework/Headers/NSTextRange.h
/Applications/Xcode.app/Contents/Developer/Platforms/MacOSX.platform/Developer/SDKs/MacOSX26.1.sdk/System/Library/Frameworks/AppKit.framework/Headers/NSTextSelection.h
/Applications/Xcode.app/Contents/Developer/Platforms/MacOSX.platform/Developer/SDKs/MacOSX26.1.sdk/System/Library/Frameworks/AppKit.framework/Headers/NSTextSelectionNavigation.h
/Applications/Xcode.app/Contents/Developer/Platforms/MacOSX.platform/Developer/SDKs/MacOSX26.1.sdk/System/Library/Frameworks/AppKit.framework/Headers/NSTextContentManager.h
/Applications/Xcode.app/Contents/Developer/Platforms/MacOSX.platform/Developer/SDKs/MacOSX26.1.sdk/System/Library/Frameworks/AppKit.framework/Headers/NSTextElement.h
/Applications/Xcode.app/Contents/Developer/Platforms/MacOSX.platform/Developer/SDKs/MacOSX26.1.sdk/System/Library/Frameworks/AppKit.framework/Headers/NSTextListElement.h
/Applications/Xcode.app/Contents/Developer/Platforms/MacOSX.platform/Developer/SDKs/MacOSX26.1.sdk/System/Library/Frameworks/AppKit.framework/Headers/NSTextLayoutFragment.h
/Applications/Xcode.app/Contents/Developer/Platforms/MacOSX.platform/Developer/SDKs/MacOSX26.1.sdk/System/Library/Frameworks/AppKit.framework/Headers/NSTextLayoutManager.h
/Applications/Xcode.app/Contents/Developer/Platforms/MacOSX.platform/Developer/SDKs/MacOSX26.1.sdk/System/Library/Frameworks/AppKit.framework/Headers/NSTextLineFragment.h
/Applications/Xcode.app/Contents/Developer/Platforms/MacOSX.platform/Developer/SDKs/MacOSX26.1.sdk/System/Library/Frameworks/AppKit.framework/Headers/NSTextViewportLayoutController.h
/Applications/Xcode.app/Contents/Developer/Platforms/MacOSX.platform/Developer/SDKs/MacOSX26.1.sdk/System/Library/Frameworks/AppKit.framework/Headers/NSAdaptiveImageGlyph.h
/Applications/Xcode.app/Contents/Developer/Platforms/MacOSX.platform/Developer/SDKs/MacOSX26.1.sdk/System/Library/Frameworks/CoreText.framework/Modules/module.modulemap
/Applications/Xcode.app/Contents/Developer/Platforms/MacOSX.platform/Developer/SDKs/MacOSX26.1.sdk/System/Library/Frameworks/AppKit.framework/Headers/NSWritingToolsCoordinatorAnimationParameters.h
/Applications/Xcode.app/Contents/Developer/Platforms/MacOSX.platform/Developer/SDKs/MacOSX26.1.sdk/System/Library/Frameworks/AppKit.framework/Headers/NSWritingToolsCoordinatorContext.h
/Applications/Xcode.app/Contents/Developer/Platforms/MacOSX.platform/Developer/SDKs/MacOSX26.1.sdk/System/Library/Frameworks/AppKit.framework/Headers/NSWritingToolsCoordinator.h
/Applications/Xcode.app/Contents/Developer/Platforms/MacOSX.platform/Developer/SDKs/MacOSX26.1.sdk/System/Library/Frameworks/AppKit.framework/Headers/NSNibConnector.h
/Applications/Xcode.app/Contents/Developer/Platforms/MacOSX.platform/Developer/SDKs/MacOSX26.1.sdk/System/Library/Frameworks/AppKit.framework/Headers/NSNibControlConnector.h
/Applications/Xcode.app/Contents/Developer/Platforms/MacOSX.platform/Developer/SDKs/MacOSX26.1.sdk/System/Library/Frameworks/AppKit.framework/Headers/NSNibOutletConnector.h
/Applications/Xcode.app/Contents/Developer/Platforms/MacOSX.platform/Developer/SDKs/MacOSX26.1.sdk/SDKSettings.json
/Applications/Xcode.app/Contents/Developer/Platforms/MacOSX.platform/Developer/SDKs/MacOSX26.1.sdk/System/Library/Frameworks/ApplicationServices.framework/Headers/ApplicationServices.apinotes
/Applications/Xcode.app/Contents/Developer/Platforms/MacOSX.platform/Developer/SDKs/MacOSX26.1.sdk/System/Library/Frameworks/ApplicationServices.framework/Modules/module.modulemap
/Applications/Xcode.app/Contents/Developer/Platforms/MacOSX.platform/Developer/SDKs/MacOSX26.1.sdk/System/Library/Frameworks/ApplicationServices.framework/Headers/ApplicationServices.h
/Applications/Xcode.app/Contents/Developer/Platforms/MacOSX.platform/Developer/SDKs/MacOSX26.1.sdk/usr/include/cups.modulemap
/Applications/Xcode.app/Contents/Developer/Platforms/MacOSX.platform/Developer/SDKs/MacOSX26.1.sdk/usr/include/DarwinFoundation2.modulemap
/Applications/Xcode.app/Contents/Developer/Platforms/MacOSX.platform/Developer/SDKs/MacOSX26.1.sdk/usr/include/DarwinFoundation1.modulemap
/Applications/Xcode.app/Contents/Developer/Platforms/MacOSX.platform/Developer/SDKs/MacOSX26.1.sdk/System/Library/Frameworks/CoreServices.framework/Modules/module.modulemap
/Applications/Xcode.app/Contents/Developer/Platforms/MacOSX.platform/Developer/SDKs/MacOSX26.1.sdk/System/Library/Frameworks/ApplicationServices.framework/Frameworks/ATS.framework/Headers/ATS.h
/Applications/Xcode.app/Contents/Developer/Platforms/MacOSX.platform/Developer/SDKs/MacOSX26.1.sdk/System/Library/Frameworks/ApplicationServices.framework/Frameworks/ATS.framework/Headers/ATSDefines.h
/Applications/Xcode.app/Contents/Developer/Platforms/MacOSX.platform/Developer/SDKs/MacOSX26.1.sdk/System/Library/Frameworks/ApplicationServices.framework/Frameworks/ATS.framework/Headers/ATSLayoutTypes.h
/Applications/Xcode.app/Contents/Developer/Platforms/MacOSX.platform/Developer/SDKs/MacOSX26.1.sdk/System/Library/Frameworks/ApplicationServices.framework/Frameworks/ATS.framework/Headers/SFNTLayoutTypes.h
/Applications/Xcode.app/Contents/Developer/Platforms/MacOSX.platform/Developer/SDKs/MacOSX26.1.sdk/System/Library/Frameworks/CoreText.framework/Modules/module.modulemap
/Applications/Xcode.app/Contents/Developer/Platforms/MacOSX.platform/Developer/SDKs/MacOSX26.1.sdk/System/Library/Frameworks/ApplicationServices.framework/Frameworks/ATS.framework/Headers/ATSTypes.h
/Applications/Xcode.app/Contents/Developer/Platforms/MacOSX.platform/Developer/SDKs/MacOSX26.1.sdk/System/Library/Frameworks/CoreGraphics.framework/Modules/module.modulemap
/Applications/Xcode.app/Contents/Developer/Platforms/MacOSX.platform/Developer/SDKs/MacOSX26.1.sdk/System/Library/Frameworks/ApplicationServices.framework/Frameworks/ATS.framework/Headers/ATSFont.h
/Applications/Xcode.app/Contents/Developer/Platforms/MacOSX.platform/Developer/SDKs/MacOSX26.1.sdk/System/Library/Frameworks/ApplicationServices.framework/Frameworks/ATS.framework/Headers/SFNTTypes.h
/Applications/Xcode.app/Contents/Developer/Platforms/MacOSX.platform/Developer/SDKs/MacOSX26.1.sdk/System/Library/Frameworks/ColorSync.framework/Modules/module.modulemap
/Applications/Xcode.app/Contents/Developer/Platforms/MacOSX.platform/Developer/SDKs/MacOSX26.1.sdk/System/Library/Frameworks/ApplicationServices.framework/Frameworks/HIServices.framework/Headers/HIServices.h
/Applications/Xcode.app/Contents/Developer/Platforms/MacOSX.platform/Developer/SDKs/MacOSX26.1.sdk/System/Library/Frameworks/ApplicationServices.framework/Frameworks/HIServices.framework/Headers/HIShape.h
/Applications/Xcode.app/Contents/Developer/Platforms/MacOSX.platform/Developer/SDKs/MacOSX26.1.sdk/System/Library/Frameworks/ApplicationServices.framework/Frameworks/QD.framework/Headers/Quickdraw.h
/Applications/Xcode.app/Contents/Developer/Platforms/MacOSX.platform/Developer/SDKs/MacOSX26.1.sdk/System/Library/Frameworks/ApplicationServices.framework/Frameworks/QD.framework/Headers/ColorSyncDeprecated.h
/Applications/Xcode.app/Contents/Developer/Toolchains/XcodeDefault.xctoolchain/usr/lib/swift/clang/include/module.modulemap
/Applications/Xcode.app/Contents/Developer/Toolchains/XcodeDefault.xctoolchain/usr/lib/swift/clang/include/stddef.h
/Applications/Xcode.app/Contents/Developer/Platforms/MacOSX.platform/Developer/SDKs/MacOSX26.1.sdk/System/Library/Frameworks/ApplicationServices.framework/Frameworks/HIServices.framework/Headers/Icons.h
/Applications/Xcode.app/Contents/Developer/Platforms/MacOSX.platform/Developer/SDKs/MacOSX26.1.sdk/System/Library/Frameworks/ApplicationServices.framework/Frameworks/HIServices.framework/Headers/InternetConfig.h
/Applications/Xcode.app/Contents/Developer/Platforms/MacOSX.platform/Developer/SDKs/MacOSX26.1.sdk/System/Library/Frameworks/ApplicationServices.framework/Frameworks/HIServices.framework/Headers/Processes.h
/Applications/Xcode.app/Contents/Developer/Platforms/MacOSX.platform/Developer/SDKs/MacOSX26.1.sdk/System/Library/Frameworks/ApplicationServices.framework/Frameworks/HIServices.framework/Headers/Pasteboard.h
/Applications/Xcode.app/Contents/Developer/Platforms/MacOSX.platform/Developer/SDKs/MacOSX26.1.sdk/System/Library/Frameworks/ApplicationServices.framework/Frameworks/HIServices.framework/Headers/TranslationServices.h
/Applications/Xcode.app/Contents/Developer/Platforms/MacOSX.platform/Developer/SDKs/MacOSX26.1.sdk/System/Library/Frameworks/ApplicationServices.framework/Frameworks/HIServices.framework/Headers/Accessibility.h
/Applications/Xcode.app/Contents/Developer/Platforms/MacOSX.platform/Developer/SDKs/MacOSX26.1.sdk/System/Library/Frameworks/ApplicationServices.framework/Frameworks/HIServices.framework/Headers/AXError.h
/Applications/Xcode.app/Contents/Developer/Platforms/MacOSX.platform/Developer/SDKs/MacOSX26.1.sdk/System/Library/Frameworks/CoreFoundation.framework/Modules/module.modulemap
/Applications/Xcode.app/Contents/Developer/Platforms/MacOSX.platform/Developer/SDKs/MacOSX26.1.sdk/System/Library/Frameworks/ApplicationServices.framework/Frameworks/HIServices.framework/Headers/AXConstants.h
/Applications/Xcode.app/Contents/Developer/Platforms/MacOSX.platform/Developer/SDKs/MacOSX26.1.sdk/System/Library/Frameworks/ApplicationServices.framework/Frameworks/HIServices.framework/Headers/AXRoleConstants.h
/Applications/Xcode.app/Contents/Developer/Platforms/MacOSX.platform/Developer/SDKs/MacOSX26.1.sdk/System/Library/Frameworks/ApplicationServices.framework/Frameworks/HIServices.framework/Headers/AXAttributeConstants.h
/Applications/Xcode.app/Contents/Developer/Platforms/MacOSX.platform/Developer/SDKs/MacOSX26.1.sdk/System/Library/Frameworks/ApplicationServices.framework/Frameworks/HIServices.framework/Headers/AXActionConstants.h
/Applications/Xcode.app/Contents/Developer/Platforms/MacOSX.platform/Developer/SDKs/MacOSX26.1.sdk/System/Library/Frameworks/ApplicationServices.framework/Frameworks/HIServices.framework/Headers/AXNotificationConstants.h
/Applications/Xcode.app/Contents/Developer/Platforms/MacOSX.platform/Developer/SDKs/MacOSX26.1.sdk/System/Library/Frameworks/ApplicationServices.framework/Frameworks/HIServices.framework/Headers/AXValueConstants.h
/Applications/Xcode.app/Contents/Developer/Platforms/MacOSX.platform/Developer/SDKs/MacOSX26.1.sdk/System/Library/Frameworks/ApplicationServices.framework/Frameworks/HIServices.framework/Headers/AXWebConstants.h
/Applications/Xcode.app/Contents/Developer/Platforms/MacOSX.platform/Developer/SDKs/MacOSX26.1.sdk/System/Library/Frameworks/ApplicationServices.framework/Frameworks/HIServices.framework/Headers/AXUIElement.h
/Applications/Xcode.app/Contents/Developer/Platforms/MacOSX.platform/Developer/SDKs/MacOSX26.1.sdk/System/Library/Frameworks/ApplicationServices.framework/Frameworks/HIServices.framework/Headers/AXValue.h
/Applications/Xcode.app/Contents/Developer/Platforms/MacOSX.platform/Developer/SDKs/MacOSX26.1.sdk/System/Library/Frameworks/ApplicationServices.framework/Frameworks/HIServices.framework/Headers/AXTextAttributedString.h
/Applications/Xcode.app/Contents/Developer/Platforms/MacOSX.platform/Developer/SDKs/MacOSX26.1.sdk/System/Library/Frameworks/ApplicationServices.framework/Frameworks/HIServices.framework/Headers/UniversalAccess.h
/Applications/Xcode.app/Contents/Developer/Platforms/MacOSX.platform/Developer/SDKs/MacOSX26.1.sdk/System/Library/Frameworks/ImageIO.framework/Modules/module.modulemap
/Applications/Xcode.app/Contents/Developer/Platforms/MacOSX.platform/Developer/SDKs/MacOSX26.1.sdk/System/Library/Frameworks/ApplicationServices.framework/Frameworks/PrintCore.framework/Headers/PrintCore.h
/Applications/Xcode.app/Contents/Developer/Platforms/MacOSX.platform/Developer/SDKs/MacOSX26.1.sdk/System/Library/Frameworks/ApplicationServices.framework/Frameworks/PrintCore.framework/Headers/PDEPluginInterface.h
/Applications/Xcode.app/Contents/Developer/Platforms/MacOSX.platform/Developer/SDKs/MacOSX26.1.sdk/System/Library/Frameworks/Foundation.framework/Modules/module.modulemap
/Applications/Xcode.app/Contents/Developer/Platforms/MacOSX.platform/Developer/SDKs/MacOSX26.1.sdk/System/Library/Frameworks/ApplicationServices.framework/Frameworks/PrintCore.framework/Headers/PMDefinitions.h
/Applications/Xcode.app/Contents/Developer/Platforms/MacOSX.platform/Developer/SDKs/MacOSX26.1.sdk/System/Library/Frameworks/ApplicationServices.framework/Frameworks/PrintCore.framework/Headers/PMCore.h
/Applications/Xcode.app/Contents/Developer/Platforms/MacOSX.platform/Developer/SDKs/MacOSX26.1.sdk/System/Library/Frameworks/ApplicationServices.framework/Frameworks/PrintCore.framework/Headers/PMPrintAETypes.h
/Applications/Xcode.app/Contents/Developer/Platforms/MacOSX.platform/Developer/SDKs/MacOSX26.1.sdk/System/Library/Frameworks/ApplicationServices.framework/Frameworks/PrintCore.framework/Headers/PMPrintingDialogExtensions.h
/Applications/Xcode.app/Contents/Developer/Platforms/MacOSX.platform/Developer/SDKs/MacOSX26.1.sdk/System/Library/Frameworks/ApplicationServices.framework/Frameworks/PrintCore.framework/Headers/PMPrintSettingsKeys.h
/Applications/Xcode.app/Contents/Developer/Platforms/MacOSX.platform/Developer/SDKs/MacOSX26.1.sdk/System/Library/Frameworks/ApplicationServices.framework/Frameworks/PrintCore.framework/Headers/PMErrors.h
/Applications/Xcode.app/Contents/Developer/Platforms/MacOSX.platform/Developer/SDKs/MacOSX26.1.sdk/System/Library/Frameworks/ApplicationServices.framework/Frameworks/QD.framework/Headers/QD.h
/Applications/Xcode.app/Contents/Developer/Platforms/MacOSX.platform/Developer/SDKs/MacOSX26.1.sdk/System/Library/Frameworks/ApplicationServices.framework/Frameworks/QD.framework/Headers/QDAvailability.h
/Applications/Xcode.app/Contents/Developer/Platforms/MacOSX.platform/Developer/SDKs/MacOSX26.1.sdk/System/Library/Frameworks/ApplicationServices.framework/Frameworks/QD.framework/Headers/Fonts.h
/Applications/Xcode.app/Contents/Developer/Platforms/MacOSX.platform/Developer/SDKs/MacOSX26.1.sdk/System/Library/Frameworks/ApplicationServices.framework/Frameworks/ATSUI.framework/Headers/ATSUnicode.h
/Applications/Xcode.app/Contents/Developer/Platforms/MacOSX.platform/Developer/SDKs/MacOSX26.1.sdk/System/Library/Frameworks/ApplicationServices.framework/Frameworks/ATSUI.framework/Headers/ATSAvailability.h
/Applications/Xcode.app/Contents/Developer/Platforms/MacOSX.platform/Developer/SDKs/MacOSX26.1.sdk/System/Library/Frameworks/ApplicationServices.framework/Frameworks/ATSUI.framework/Headers/ATSUnicodeTypes.h
/Applications/Xcode.app/Contents/Developer/Platforms/MacOSX.platform/Developer/SDKs/MacOSX26.1.sdk/System/Library/Frameworks/ApplicationServices.framework/Frameworks/ATSUI.framework/Headers/ATSUnicodeGlyphs.h
/Applications/Xcode.app/Contents/Developer/Platforms/MacOSX.platform/Developer/SDKs/MacOSX26.1.sdk/System/Library/Frameworks/ApplicationServices.framework/Frameworks/ATSUI.framework/Headers/ATSUnicodeFlattening.h
/Applications/Xcode.app/Contents/Developer/Platforms/MacOSX.platform/Developer/SDKs/MacOSX26.1.sdk/System/Library/Frameworks/ApplicationServices.framework/Frameworks/ATSUI.framework/Headers/ATSUnicodeDirectAccess.h
/Applications/Xcode.app/Contents/Developer/Platforms/MacOSX.platform/Developer/SDKs/MacOSX26.1.sdk/System/Library/Frameworks/ApplicationServices.framework/Frameworks/SpeechSynthesis.framework/Headers/SpeechSynthesis.h
/Applications/Xcode.app/Contents/Developer/Platforms/MacOSX.platform/Developer/SDKs/MacOSX26.1.sdk/SDKSettings.json
/Applications/Xcode.app/Contents/Developer/Platforms/MacOSX.platform/Developer/SDKs/MacOSX26.1.sdk/System/Library/Frameworks/CFNetwork.framework/Modules/module.modulemap
/Applications/Xcode.app/Contents/Developer/Platforms/MacOSX.platform/Developer/SDKs/MacOSX26.1.sdk/System/Library/Frameworks/CFNetwork.framework/Headers/CFNetwork.h
/Applications/Xcode.app/Contents/Developer/Platforms/MacOSX.platform/Developer/SDKs/MacOSX26.1.sdk/System/Library/Frameworks/CoreFoundation.framework/Modules/module.modulemap
/Applications/Xcode.app/Contents/Developer/Platforms/MacOSX.platform/Developer/SDKs/MacOSX26.1.sdk/System/Library/Frameworks/CFNetwork.framework/Headers/CFNetworkDefs.h
/Applications/Xcode.app/Contents/Developer/Platforms/MacOSX.platform/Developer/SDKs/MacOSX26.1.sdk/usr/include/Darwin.modulemap
/Applications/Xcode.app/Contents/Developer/Platforms/MacOSX.platform/Developer/SDKs/MacOSX26.1.sdk/System/Library/Frameworks/CFNetwork.framework/Headers/CFNetworkErrors.h
/Applications/Xcode.app/Contents/Developer/Platforms/MacOSX.platform/Developer/SDKs/MacOSX26.1.sdk/System/Library/Frameworks/CFNetwork.framework/Headers/CFSocketStream.h
/Applications/Xcode.app/Contents/Developer/Platforms/MacOSX.platform/Developer/SDKs/MacOSX26.1.sdk/System/Library/Frameworks/CFNetwork.framework/Headers/CFHost.h
/Applications/Xcode.app/Contents/Developer/Platforms/MacOSX.platform/Developer/SDKs/MacOSX26.1.sdk/System/Library/Frameworks/CFNetwork.framework/Headers/CFNetServices.h
/Applications/Xcode.app/Contents/Developer/Platforms/MacOSX.platform/Developer/SDKs/MacOSX26.1.sdk/System/Library/Frameworks/CFNetwork.framework/Headers/CFFTPStream.h
/Applications/Xcode.app/Contents/Developer/Platforms/MacOSX.platform/Developer/SDKs/MacOSX26.1.sdk/System/Library/Frameworks/CFNetwork.framework/Headers/CFHTTPMessage.h
/Applications/Xcode.app/Contents/Developer/Platforms/MacOSX.platform/Developer/SDKs/MacOSX26.1.sdk/System/Library/Frameworks/CFNetwork.framework/Headers/CFHTTPStream.h
/Applications/Xcode.app/Contents/Developer/Platforms/MacOSX.platform/Developer/SDKs/MacOSX26.1.sdk/System/Library/Frameworks/CFNetwork.framework/Headers/CFHTTPAuthentication.h
/Applications/Xcode.app/Contents/Developer/Platforms/MacOSX.platform/Developer/SDKs/MacOSX26.1.sdk/System/Library/Frameworks/CFNetwork.framework/Headers/CFNetDiagnostics.h
/Applications/Xcode.app/Contents/Developer/Toolchains/XcodeDefault.xctoolchain/usr/lib/swift/clang/include/module.modulemap
/Applications/Xcode.app/Contents/Developer/Platforms/MacOSX.platform/Developer/SDKs/MacOSX26.1.sdk/System/Library/Frameworks/CFNetwork.framework/Headers/CFProxySupport.h
/Applications/Xcode.app/Contents/Developer/Platforms/MacOSX.platform/Developer/SDKs/MacOSX26.1.sdk/SDKSettings.json
/Applications/Xcode.app/Contents/Developer/Platforms/MacOSX.platform/Developer/SDKs/MacOSX26.1.sdk/usr/include/cups.modulemap
/Applications/Xcode.app/Contents/Developer/Platforms/MacOSX.platform/Developer/SDKs/MacOSX26.1.sdk/usr/include/Darwin.modulemap
/Applications/Xcode.app/Contents/Developer/Platforms/MacOSX.platform/Developer/SDKs/MacOSX26.1.sdk/usr/include/Darwin_C.modulemap
/Applications/Xcode.app/Contents/Developer/Platforms/MacOSX.platform/Developer/SDKs/MacOSX26.1.sdk/usr/include/Darwin_POSIX.modulemap
/Applications/Xcode.app/Contents/Developer/Platforms/MacOSX.platform/Developer/SDKs/MacOSX26.1.sdk/usr/include/net.modulemap
/Applications/Xcode.app/Contents/Developer/Platforms/MacOSX.platform/Developer/SDKs/MacOSX26.1.sdk/usr/include/netinet.modulemap
/Applications/Xcode.app/Contents/Developer/Platforms/MacOSX.platform/Developer/SDKs/MacOSX26.1.sdk/usr/include/bank.modulemap
/Applications/Xcode.app/Contents/Developer/Platforms/MacOSX.platform/Developer/SDKs/MacOSX26.1.sdk/usr/include/Darwin_Mach.modulemap
/Applications/Xcode.app/Contents/Developer/Platforms/MacOSX.platform/Developer/SDKs/MacOSX26.1.sdk/usr/include/Darwin_Mach_machine.modulemap
/Applications/Xcode.app/Contents/Developer/Platforms/MacOSX.platform/Developer/SDKs/MacOSX26.1.sdk/usr/include/mach_debug.modulemap
/Applications/Xcode.app/Contents/Developer/Platforms/MacOSX.platform/Developer/SDKs/MacOSX26.1.sdk/usr/include/device.modulemap
/Applications/Xcode.app/Contents/Developer/Platforms/MacOSX.platform/Developer/SDKs/MacOSX26.1.sdk/usr/include/Darwin_machine.modulemap
/Applications/Xcode.app/Contents/Developer/Platforms/MacOSX.platform/Developer/SDKs/MacOSX26.1.sdk/usr/include/ncurses.modulemap
/Applications/Xcode.app/Contents/Developer/Platforms/MacOSX.platform/Developer/SDKs/MacOSX26.1.sdk/usr/include/netinet6.modulemap
/Applications/Xcode.app/Contents/Developer/Platforms/MacOSX.platform/Developer/SDKs/MacOSX26.1.sdk/usr/include/Darwin_sys.modulemap
/Applications/Xcode.app/Contents/Developer/Platforms/MacOSX.platform/Developer/SDKs/MacOSX26.1.sdk/usr/include/uuid.modulemap
/Applications/Xcode.app/Contents/Developer/Platforms/MacOSX.platform/Developer/SDKs/MacOSX26.1.sdk/usr/include/DarwinFoundation2.modulemap
/Applications/Xcode.app/Contents/Developer/Platforms/MacOSX.platform/Developer/SDKs/MacOSX26.1.sdk/usr/include/DarwinFoundation3.modulemap
/Applications/Xcode.app/Contents/Developer/Platforms/MacOSX.platform/Developer/SDKs/MacOSX26.1.sdk/usr/include/DarwinFoundation1.modulemap
/Applications/Xcode.app/Contents/Developer/Platforms/MacOSX.platform/Developer/SDKs/MacOSX26.1.sdk/usr/include/cups/cups.h
/Applications/Xcode.app/Contents/Developer/Platforms/MacOSX.platform/Developer/SDKs/MacOSX26.1.sdk/usr/include/cups/file.h
/Applications/Xcode.app/Contents/Developer/Platforms/MacOSX.platform/Developer/SDKs/MacOSX26.1.sdk/usr/include/cups/versioning.h
/Applications/Xcode.app/Contents/Developer/Toolchains/XcodeDefault.xctoolchain/usr/lib/swift/clang/include/module.modulemap
/Applications/Xcode.app/Contents/Developer/Toolchains/XcodeDefault.xctoolchain/usr/lib/swift/clang/include/stddef.h
/Applications/Xcode.app/Contents/Developer/Platforms/MacOSX.platform/Developer/SDKs/MacOSX26.1.sdk/usr/include/cups/ipp.h
/Applications/Xcode.app/Contents/Developer/Platforms/MacOSX.platform/Developer/SDKs/MacOSX26.1.sdk/usr/include/cups/http.h
/Applications/Xcode.app/Contents/Developer/Platforms/MacOSX.platform/Developer/SDKs/MacOSX26.1.sdk/usr/include/cups/array.h
/Applications/Xcode.app/Contents/Developer/Platforms/MacOSX.platform/Developer/SDKs/MacOSX26.1.sdk/usr/include/stdlib.h
/Applications/Xcode.app/Contents/Developer/Platforms/MacOSX.platform/Developer/SDKs/MacOSX26.1.sdk/usr/include/string.h
/Applications/Xcode.app/Contents/Developer/Platforms/MacOSX.platform/Developer/SDKs/MacOSX26.1.sdk/usr/include/time.h
/Applications/Xcode.app/Contents/Developer/Toolchains/XcodeDefault.xctoolchain/usr/lib/swift/clang/include/stdarg.h
/Applications/Xcode.app/Contents/Developer/Platforms/MacOSX.platform/Developer/SDKs/MacOSX26.1.sdk/usr/include/cups/language.h
/Applications/Xcode.app/Contents/Developer/Platforms/MacOSX.platform/Developer/SDKs/MacOSX26.1.sdk/usr/include/cups/pwg.h
/Applications/Xcode.app/Contents/Developer/Platforms/MacOSX.platform/Developer/SDKs/MacOSX26.1.sdk/usr/include/cups/adminutil.h
/Applications/Xcode.app/Contents/Developer/Platforms/MacOSX.platform/Developer/SDKs/MacOSX26.1.sdk/usr/include/stdio.h
/Applications/Xcode.app/Contents/Developer/Platforms/MacOSX.platform/Developer/SDKs/MacOSX26.1.sdk/usr/include/cups/backend.h
/Applications/Xcode.app/Contents/Developer/Platforms/MacOSX.platform/Developer/SDKs/MacOSX26.1.sdk/usr/include/cups/dir.h
/Applications/Xcode.app/Contents/Developer/Platforms/MacOSX.platform/Developer/SDKs/MacOSX26.1.sdk/usr/include/cups/ppd.h
/Applications/Xcode.app/Contents/Developer/Platforms/MacOSX.platform/Developer/SDKs/MacOSX26.1.sdk/usr/include/cups/raster.h
/Applications/Xcode.app/Contents/Developer/Platforms/MacOSX.platform/Developer/SDKs/MacOSX26.1.sdk/usr/include/cups/sidechannel.h
/Applications/Xcode.app/Contents/Developer/Platforms/MacOSX.platform/Developer/SDKs/MacOSX26.1.sdk/usr/include/cups/transcode.h
/Applications/Xcode.app/Contents/Developer/Platforms/MacOSX.platform/Developer/SDKs/MacOSX26.1.sdk/SDKSettings.json
/Applications/Xcode.app/Contents/Developer/Platforms/MacOSX.platform/Developer/SDKs/MacOSX26.1.sdk/System/Library/Frameworks/ColorSync.framework/Modules/module.modulemap
/Applications/Xcode.app/Contents/Developer/Platforms/MacOSX.platform/Developer/SDKs/MacOSX26.1.sdk/System/Library/Frameworks/ColorSync.framework/Headers/ColorSync.h
/Applications/Xcode.app/Contents/Developer/Platforms/MacOSX.platform/Developer/SDKs/MacOSX26.1.sdk/System/Library/Frameworks/ColorSync.framework/Headers/ColorSyncBase.h
/Applications/Xcode.app/Contents/Developer/Platforms/MacOSX.platform/Developer/SDKs/MacOSX26.1.sdk/System/Library/Frameworks/CoreFoundation.framework/Modules/module.modulemap
/Applications/Xcode.app/Contents/Developer/Platforms/MacOSX.platform/Developer/SDKs/MacOSX26.1.sdk/usr/include/DarwinFoundation1.modulemap
/Applications/Xcode.app/Contents/Developer/Toolchains/XcodeDefault.xctoolchain/usr/lib/swift/clang/include/module.modulemap
/Applications/Xcode.app/Contents/Developer/Platforms/MacOSX.platform/Developer/SDKs/MacOSX26.1.sdk/System/Library/Frameworks/ColorSync.framework/Headers/ColorSyncProfile.h
/Applications/Xcode.app/Contents/Developer/Platforms/MacOSX.platform/Developer/SDKs/MacOSX26.1.sdk/System/Library/Frameworks/ColorSync.framework/Headers/ColorSyncTransform.h
/Applications/Xcode.app/Contents/Developer/Platforms/MacOSX.platform/Developer/SDKs/MacOSX26.1.sdk/System/Library/Frameworks/ColorSync.framework/Headers/ColorSyncCMM.h
/Applications/Xcode.app/Contents/Developer/Platforms/MacOSX.platform/Developer/SDKs/MacOSX26.1.sdk/System/Library/Frameworks/ColorSync.framework/Headers/ColorSyncDevice.h
/Applications/Xcode.app/Contents/Developer/Platforms/MacOSX.platform/Developer/SDKs/MacOSX26.1.sdk/SDKSettings.json
/Applications/Xcode.app/Contents/Developer/Toolchains/XcodeDefault.xctoolchain/usr/lib/swift/macosx/prebuilt-modules/26.1/Combine.swiftmodule/arm64e-apple-macos.swiftmodule
/Applications/Xcode.app/Contents/Developer/Platforms/MacOSX.platform/Developer/SDKs/MacOSX26.1.sdk/System/Library/Frameworks/CoreData.framework/Headers/CoreData.apinotes
/Applications/Xcode.app/Contents/Developer/Platforms/MacOSX.platform/Developer/SDKs/MacOSX26.1.sdk/System/Library/Frameworks/CoreData.framework/Modules/module.modulemap
/Applications/Xcode.app/Contents/Developer/Platforms/MacOSX.platform/Developer/SDKs/MacOSX26.1.sdk/System/Library/Frameworks/CoreData.framework/Headers/CoreData.h
/Applications/Xcode.app/Contents/Developer/Platforms/MacOSX.platform/Developer/SDKs/MacOSX26.1.sdk/System/Library/Frameworks/Foundation.framework/Modules/module.modulemap
/Applications/Xcode.app/Contents/Developer/Platforms/MacOSX.platform/Developer/SDKs/MacOSX26.1.sdk/System/Library/Frameworks/CoreData.framework/Headers/CoreDataDefines.h
/Applications/Xcode.app/Contents/Developer/Platforms/MacOSX.platform/Developer/SDKs/MacOSX26.1.sdk/usr/include/DarwinFoundation1.modulemap
/Applications/Xcode.app/Contents/Developer/Platforms/MacOSX.platform/Developer/SDKs/MacOSX26.1.sdk/System/Library/Frameworks/CoreData.framework/Headers/CoreDataErrors.h
/Applications/Xcode.app/Contents/Developer/Platforms/MacOSX.platform/Developer/SDKs/MacOSX26.1.sdk/System/Library/Frameworks/CoreData.framework/Headers/NSAttributeDescription.h
/Applications/Xcode.app/Contents/Developer/Platforms/MacOSX.platform/Developer/SDKs/MacOSX26.1.sdk/System/Library/Frameworks/CoreData.framework/Headers/NSPropertyDescription.h
/Applications/Xcode.app/Contents/Developer/Platforms/MacOSX.platform/Developer/SDKs/MacOSX26.1.sdk/System/Library/Frameworks/CoreData.framework/Headers/NSDerivedAttributeDescription.h
/Applications/Xcode.app/Contents/Developer/Platforms/MacOSX.platform/Developer/SDKs/MacOSX26.1.sdk/System/Library/Frameworks/CoreData.framework/Headers/NSCompositeAttributeDescription.h
/Applications/Xcode.app/Contents/Developer/Platforms/MacOSX.platform/Developer/SDKs/MacOSX26.1.sdk/System/Library/Frameworks/CoreData.framework/Headers/NSEntityDescription.h
/Applications/Xcode.app/Contents/Developer/Platforms/MacOSX.platform/Developer/SDKs/MacOSX26.1.sdk/System/Library/Frameworks/CoreData.framework/Headers/NSFetchedPropertyDescription.h
/Applications/Xcode.app/Contents/Developer/Platforms/MacOSX.platform/Developer/SDKs/MacOSX26.1.sdk/System/Library/Frameworks/CoreData.framework/Headers/NSExpressionDescription.h
/Applications/Xcode.app/Contents/Developer/Platforms/MacOSX.platform/Developer/SDKs/MacOSX26.1.sdk/System/Library/Frameworks/CoreData.framework/Headers/NSRelationshipDescription.h
/Applications/Xcode.app/Contents/Developer/Platforms/MacOSX.platform/Developer/SDKs/MacOSX26.1.sdk/System/Library/Frameworks/CoreData.framework/Headers/NSFetchIndexDescription.h
/Applications/Xcode.app/Contents/Developer/Platforms/MacOSX.platform/Developer/SDKs/MacOSX26.1.sdk/System/Library/Frameworks/CoreData.framework/Headers/NSFetchIndexElementDescription.h
/Applications/Xcode.app/Contents/Developer/Platforms/MacOSX.platform/Developer/SDKs/MacOSX26.1.sdk/System/Library/Frameworks/CoreData.framework/Headers/NSFetchRequest.h
/Applications/Xcode.app/Contents/Developer/Platforms/MacOSX.platform/Developer/SDKs/MacOSX26.1.sdk/System/Library/Frameworks/CoreData.framework/Headers/NSPersistentStoreRequest.h
/Applications/Xcode.app/Contents/Developer/Platforms/MacOSX.platform/Developer/SDKs/MacOSX26.1.sdk/System/Library/Frameworks/CoreData.framework/Headers/NSManagedObject.h
/Applications/Xcode.app/Contents/Developer/Platforms/MacOSX.platform/Developer/SDKs/MacOSX26.1.sdk/System/Library/Frameworks/CoreData.framework/Headers/NSManagedObjectID.h
/Applications/Xcode.app/Contents/Developer/Platforms/MacOSX.platform/Developer/SDKs/MacOSX26.1.sdk/System/Library/Frameworks/CoreData.framework/Headers/NSFetchRequestExpression.h
/Applications/Xcode.app/Contents/Developer/Platforms/MacOSX.platform/Developer/SDKs/MacOSX26.1.sdk/System/Library/Frameworks/CoreData.framework/Headers/NSManagedObjectModel.h
/Applications/Xcode.app/Contents/Developer/Platforms/MacOSX.platform/Developer/SDKs/MacOSX26.1.sdk/System/Library/Frameworks/CoreData.framework/Headers/NSManagedObjectContext.h
/Applications/Xcode.app/Contents/Developer/Platforms/MacOSX.platform/Developer/SDKs/MacOSX26.1.sdk/System/Library/Frameworks/CoreData.framework/Headers/NSPersistentStoreCoordinator.h
/Applications/Xcode.app/Contents/Developer/Platforms/MacOSX.platform/Developer/SDKs/MacOSX26.1.sdk/System/Library/Frameworks/CoreData.framework/Headers/NSPersistentStore.h
/Applications/Xcode.app/Contents/Developer/Platforms/MacOSX.platform/Developer/SDKs/MacOSX26.1.sdk/System/Library/Frameworks/CoreData.framework/Headers/NSAtomicStore.h
/Applications/Xcode.app/Contents/Developer/Platforms/MacOSX.platform/Developer/SDKs/MacOSX26.1.sdk/System/Library/Frameworks/CoreData.framework/Headers/NSAtomicStoreCacheNode.h
/Applications/Xcode.app/Contents/Developer/Platforms/MacOSX.platform/Developer/SDKs/MacOSX26.1.sdk/System/Library/Frameworks/CoreData.framework/Headers/NSEntityMigrationPolicy.h
/Applications/Xcode.app/Contents/Developer/Platforms/MacOSX.platform/Developer/SDKs/MacOSX26.1.sdk/System/Library/Frameworks/CoreData.framework/Headers/NSMappingModel.h
/Applications/Xcode.app/Contents/Developer/Platforms/MacOSX.platform/Developer/SDKs/MacOSX26.1.sdk/System/Library/Frameworks/CoreData.framework/Headers/NSEntityMapping.h
/Applications/Xcode.app/Contents/Developer/Platforms/MacOSX.platform/Developer/SDKs/MacOSX26.1.sdk/System/Library/Frameworks/CoreData.framework/Headers/NSPropertyMapping.h
/Applications/Xcode.app/Contents/Developer/Platforms/MacOSX.platform/Developer/SDKs/MacOSX26.1.sdk/System/Library/Frameworks/CoreData.framework/Headers/NSMigrationManager.h
/Applications/Xcode.app/Contents/Developer/Platforms/MacOSX.platform/Developer/SDKs/MacOSX26.1.sdk/System/Library/Frameworks/CoreData.framework/Headers/NSIncrementalStore.h
/Applications/Xcode.app/Contents/Developer/Platforms/MacOSX.platform/Developer/SDKs/MacOSX26.1.sdk/System/Library/Frameworks/CoreData.framework/Headers/NSIncrementalStoreNode.h
/Applications/Xcode.app/Contents/Developer/Platforms/MacOSX.platform/Developer/SDKs/MacOSX26.1.sdk/System/Library/Frameworks/CoreData.framework/Headers/NSPersistentStoreResult.h
/Applications/Xcode.app/Contents/Developer/Platforms/MacOSX.platform/Developer/SDKs/MacOSX26.1.sdk/System/Library/Frameworks/CoreData.framework/Headers/NSSaveChangesRequest.h
/Applications/Xcode.app/Contents/Developer/Platforms/MacOSX.platform/Developer/SDKs/MacOSX26.1.sdk/System/Library/Frameworks/CoreData.framework/Headers/NSBatchUpdateRequest.h
/Applications/Xcode.app/Contents/Developer/Platforms/MacOSX.platform/Developer/SDKs/MacOSX26.1.sdk/System/Library/Frameworks/CoreData.framework/Headers/NSBatchDeleteRequest.h
/Applications/Xcode.app/Contents/Developer/Platforms/MacOSX.platform/Developer/SDKs/MacOSX26.1.sdk/System/Library/Frameworks/CoreData.framework/Headers/NSBatchInsertRequest.h
/Applications/Xcode.app/Contents/Developer/Platforms/MacOSX.platform/Developer/SDKs/MacOSX26.1.sdk/System/Library/Frameworks/CoreData.framework/Headers/NSMergePolicy.h
/Applications/Xcode.app/Contents/Developer/Platforms/MacOSX.platform/Developer/SDKs/MacOSX26.1.sdk/System/Library/Frameworks/CoreData.framework/Headers/NSFetchedResultsController.h
/Applications/Xcode.app/Contents/Developer/Platforms/MacOSX.platform/Developer/SDKs/MacOSX26.1.sdk/System/Library/Frameworks/CoreData.framework/Headers/NSQueryGenerationToken.h
/Applications/Xcode.app/Contents/Developer/Platforms/MacOSX.platform/Developer/SDKs/MacOSX26.1.sdk/System/Library/Frameworks/CoreData.framework/Headers/NSPersistentStoreDescription.h
/Applications/Xcode.app/Contents/Developer/Platforms/MacOSX.platform/Developer/SDKs/MacOSX26.1.sdk/System/Library/Frameworks/CoreData.framework/Headers/NSPersistentContainer.h
/Applications/Xcode.app/Contents/Developer/Platforms/MacOSX.platform/Developer/SDKs/MacOSX26.1.sdk/System/Library/Frameworks/CoreData.framework/Headers/NSPersistentHistoryChange.h
/Applications/Xcode.app/Contents/Developer/Platforms/MacOSX.platform/Developer/SDKs/MacOSX26.1.sdk/System/Library/Frameworks/CoreData.framework/Headers/NSPersistentHistoryChangeRequest.h
/Applications/Xcode.app/Contents/Developer/Platforms/MacOSX.platform/Developer/SDKs/MacOSX26.1.sdk/System/Library/Frameworks/CoreData.framework/Headers/NSPersistentHistoryToken.h
/Applications/Xcode.app/Contents/Developer/Platforms/MacOSX.platform/Developer/SDKs/MacOSX26.1.sdk/System/Library/Frameworks/CoreData.framework/Headers/NSPersistentHistoryTransaction.h
/Applications/Xcode.app/Contents/Developer/Platforms/MacOSX.platform/Developer/SDKs/MacOSX26.1.sdk/System/Library/Frameworks/CoreData.framework/Headers/NSPersistentCloudKitContainer.h
/Applications/Xcode.app/Contents/Developer/Platforms/MacOSX.platform/Developer/SDKs/MacOSX26.1.sdk/System/Library/Frameworks/CoreData.framework/Headers/NSPersistentCloudKitContainerOptions.h
/Applications/Xcode.app/Contents/Developer/Platforms/MacOSX.platform/Developer/SDKs/MacOSX26.1.sdk/System/Library/Frameworks/CoreData.framework/Headers/NSPersistentCloudKitContainerEvent.h
/Applications/Xcode.app/Contents/Developer/Platforms/MacOSX.platform/Developer/SDKs/MacOSX26.1.sdk/System/Library/Frameworks/CoreData.framework/Headers/NSPersistentCloudKitContainerEventRequest.h
/Applications/Xcode.app/Contents/Developer/Platforms/MacOSX.platform/Developer/SDKs/MacOSX26.1.sdk/System/Library/Frameworks/CoreData.framework/Headers/NSStagedMigrationManager.h
/Applications/Xcode.app/Contents/Developer/Platforms/MacOSX.platform/Developer/SDKs/MacOSX26.1.sdk/System/Library/Frameworks/CoreData.framework/Headers/NSMigrationStage.h
/Applications/Xcode.app/Contents/Developer/Platforms/MacOSX.platform/Developer/SDKs/MacOSX26.1.sdk/System/Library/Frameworks/CoreData.framework/Headers/NSCustomMigrationStage.h
/Applications/Xcode.app/Contents/Developer/Platforms/MacOSX.platform/Developer/SDKs/MacOSX26.1.sdk/System/Library/Frameworks/CoreData.framework/Headers/NSLightweightMigrationStage.h
/Applications/Xcode.app/Contents/Developer/Platforms/MacOSX.platform/Developer/SDKs/MacOSX26.1.sdk/System/Library/Frameworks/CoreData.framework/Headers/NSManagedObjectModelReference.h
/Applications/Xcode.app/Contents/Developer/Platforms/MacOSX.platform/Developer/SDKs/MacOSX26.1.sdk/System/Library/Frameworks/CoreData.framework/Headers/NSCoreDataCoreSpotlightDelegate.h
/Applications/Xcode.app/Contents/Developer/Platforms/MacOSX.platform/Developer/SDKs/MacOSX26.1.sdk/System/Library/Frameworks/CoreData.framework/Headers/CoreData_CloudKit.h
/Applications/Xcode.app/Contents/Developer/Platforms/MacOSX.platform/Developer/SDKs/MacOSX26.1.sdk/System/Library/Frameworks/CoreData.framework/Headers/NSPersistentCloudKitContainer_Sharing.h
/Applications/Xcode.app/Contents/Developer/Platforms/MacOSX.platform/Developer/SDKs/MacOSX26.1.sdk/System/Library/Frameworks/CoreData.framework/Headers/NSPersistentCloudKitContainer_SwiftOverlay.h
/Applications/Xcode.app/Contents/Developer/Platforms/MacOSX.platform/Developer/SDKs/MacOSX26.1.sdk/SDKSettings.json
/Applications/Xcode.app/Contents/Developer/Toolchains/XcodeDefault.xctoolchain/usr/lib/swift/macosx/prebuilt-modules/26.1/CoreData.swiftmodule/arm64e-apple-macos.swiftmodule
/Applications/Xcode.app/Contents/Developer/Platforms/MacOSX.platform/Developer/SDKs/MacOSX26.1.sdk/System/Library/Frameworks/CoreFoundation.framework/Modules/module.modulemap
/Applications/Xcode.app/Contents/Developer/Platforms/MacOSX.platform/Developer/SDKs/MacOSX26.1.sdk/System/Library/Frameworks/CoreFoundation.framework/Headers/CoreFoundation.h
/Applications/Xcode.app/Contents/Developer/Platforms/MacOSX.platform/Developer/SDKs/MacOSX26.1.sdk/usr/include/dispatch.modulemap
/Applications/Xcode.app/Contents/Developer/Platforms/MacOSX.platform/Developer/SDKs/MacOSX26.1.sdk/usr/include/Darwin.modulemap
/Applications/Xcode.app/Contents/Developer/Platforms/MacOSX.platform/Developer/SDKs/MacOSX26.1.sdk/usr/include/Darwin_C.modulemap
/Applications/Xcode.app/Contents/Developer/Platforms/MacOSX.platform/Developer/SDKs/MacOSX26.1.sdk/usr/include/Darwin_POSIX.modulemap
/Applications/Xcode.app/Contents/Developer/Platforms/MacOSX.platform/Developer/SDKs/MacOSX26.1.sdk/usr/include/net.modulemap
/Applications/Xcode.app/Contents/Developer/Platforms/MacOSX.platform/Developer/SDKs/MacOSX26.1.sdk/usr/include/netinet.modulemap
/Applications/Xcode.app/Contents/Developer/Platforms/MacOSX.platform/Developer/SDKs/MacOSX26.1.sdk/usr/include/bank.modulemap
/Applications/Xcode.app/Contents/Developer/Platforms/MacOSX.platform/Developer/SDKs/MacOSX26.1.sdk/usr/include/Darwin_Mach.modulemap
/Applications/Xcode.app/Contents/Developer/Platforms/MacOSX.platform/Developer/SDKs/MacOSX26.1.sdk/usr/include/Darwin_Mach_machine.modulemap
/Applications/Xcode.app/Contents/Developer/Platforms/MacOSX.platform/Developer/SDKs/MacOSX26.1.sdk/usr/include/mach_debug.modulemap
/Applications/Xcode.app/Contents/Developer/Platforms/MacOSX.platform/Developer/SDKs/MacOSX26.1.sdk/usr/include/device.modulemap
/Applications/Xcode.app/Contents/Developer/Platforms/MacOSX.platform/Developer/SDKs/MacOSX26.1.sdk/usr/include/Darwin_machine.modulemap
/Applications/Xcode.app/Contents/Developer/Platforms/MacOSX.platform/Developer/SDKs/MacOSX26.1.sdk/usr/include/ncurses.modulemap
/Applications/Xcode.app/Contents/Developer/Platforms/MacOSX.platform/Developer/SDKs/MacOSX26.1.sdk/usr/include/netinet6.modulemap
/Applications/Xcode.app/Contents/Developer/Platforms/MacOSX.platform/Developer/SDKs/MacOSX26.1.sdk/usr/include/Darwin_sys.modulemap
/Applications/Xcode.app/Contents/Developer/Platforms/MacOSX.platform/Developer/SDKs/MacOSX26.1.sdk/usr/include/uuid.modulemap
/Applications/Xcode.app/Contents/Developer/Platforms/MacOSX.platform/Developer/SDKs/MacOSX26.1.sdk/usr/include/DarwinFoundation2.modulemap
/Applications/Xcode.app/Contents/Developer/Platforms/MacOSX.platform/Developer/SDKs/MacOSX26.1.sdk/usr/include/DarwinFoundation3.modulemap
/Applications/Xcode.app/Contents/Developer/Platforms/MacOSX.platform/Developer/SDKs/MacOSX26.1.sdk/usr/include/DarwinFoundation1.modulemap
/Applications/Xcode.app/Contents/Developer/Toolchains/XcodeDefault.xctoolchain/usr/lib/swift/clang/include/module.modulemap
/Applications/Xcode.app/Contents/Developer/Toolchains/XcodeDefault.xctoolchain/usr/lib/swift/clang/include/stdarg.h
/Applications/Xcode.app/Contents/Developer/Platforms/MacOSX.platform/Developer/SDKs/MacOSX26.1.sdk/usr/include/assert.h
/Applications/Xcode.app/Contents/Developer/Platforms/MacOSX.platform/Developer/SDKs/MacOSX26.1.sdk/usr/include/ctype.h
/Applications/Xcode.app/Contents/Developer/Toolchains/XcodeDefault.xctoolchain/usr/lib/swift/clang/include/stddef.h
/Applications/Xcode.app/Contents/Developer/Platforms/MacOSX.platform/Developer/SDKs/MacOSX26.1.sdk/usr/include/stdio.h
/Applications/Xcode.app/Contents/Developer/Platforms/MacOSX.platform/Developer/SDKs/MacOSX26.1.sdk/usr/include/stdlib.h
/Applications/Xcode.app/Contents/Developer/Platforms/MacOSX.platform/Developer/SDKs/MacOSX26.1.sdk/usr/include/string.h
/Applications/Xcode.app/Contents/Developer/Platforms/MacOSX.platform/Developer/SDKs/MacOSX26.1.sdk/usr/include/time.h
/Applications/Xcode.app/Contents/Developer/Platforms/MacOSX.platform/Developer/SDKs/MacOSX26.1.sdk/System/Library/Frameworks/CoreFoundation.framework/Headers/CFBase.h
/Applications/Xcode.app/Contents/Developer/Platforms/MacOSX.platform/Developer/SDKs/MacOSX26.1.sdk/System/Library/Frameworks/CoreFoundation.framework/Headers/CFAvailability.h
/Applications/Xcode.app/Contents/Developer/Platforms/MacOSX.platform/Developer/SDKs/MacOSX26.1.sdk/System/Library/Frameworks/CoreFoundation.framework/Headers/CFArray.h
/Applications/Xcode.app/Contents/Developer/Platforms/MacOSX.platform/Developer/SDKs/MacOSX26.1.sdk/System/Library/Frameworks/CoreFoundation.framework/Headers/CFBag.h
/Applications/Xcode.app/Contents/Developer/Platforms/MacOSX.platform/Developer/SDKs/MacOSX26.1.sdk/System/Library/Frameworks/CoreFoundation.framework/Headers/CFBinaryHeap.h
/Applications/Xcode.app/Contents/Developer/Platforms/MacOSX.platform/Developer/SDKs/MacOSX26.1.sdk/System/Library/Frameworks/CoreFoundation.framework/Headers/CFBitVector.h
/Applications/Xcode.app/Contents/Developer/Platforms/MacOSX.platform/Developer/SDKs/MacOSX26.1.sdk/System/Library/Frameworks/CoreFoundation.framework/Headers/CFByteOrder.h
/Applications/Xcode.app/Contents/Developer/Platforms/MacOSX.platform/Developer/SDKs/MacOSX26.1.sdk/System/Library/Frameworks/CoreFoundation.framework/Headers/CFCalendar.h
/Applications/Xcode.app/Contents/Developer/Platforms/MacOSX.platform/Developer/SDKs/MacOSX26.1.sdk/System/Library/Frameworks/CoreFoundation.framework/Headers/CFLocale.h
/Applications/Xcode.app/Contents/Developer/Platforms/MacOSX.platform/Developer/SDKs/MacOSX26.1.sdk/System/Library/Frameworks/CoreFoundation.framework/Headers/CFDictionary.h
/Applications/Xcode.app/Contents/Developer/Platforms/MacOSX.platform/Developer/SDKs/MacOSX26.1.sdk/System/Library/Frameworks/CoreFoundation.framework/Headers/CFNotificationCenter.h
/Applications/Xcode.app/Contents/Developer/Platforms/MacOSX.platform/Developer/SDKs/MacOSX26.1.sdk/System/Library/Frameworks/CoreFoundation.framework/Headers/CFDate.h
/Applications/Xcode.app/Contents/Developer/Platforms/MacOSX.platform/Developer/SDKs/MacOSX26.1.sdk/System/Library/Frameworks/CoreFoundation.framework/Headers/CFTimeZone.h
/Applications/Xcode.app/Contents/Developer/Platforms/MacOSX.platform/Developer/SDKs/MacOSX26.1.sdk/System/Library/Frameworks/CoreFoundation.framework/Headers/CFData.h
/Applications/Xcode.app/Contents/Developer/Platforms/MacOSX.platform/Developer/SDKs/MacOSX26.1.sdk/System/Library/Frameworks/CoreFoundation.framework/Headers/CFString.h
/Applications/Xcode.app/Contents/Developer/Platforms/MacOSX.platform/Developer/SDKs/MacOSX26.1.sdk/System/Library/Frameworks/CoreFoundation.framework/Headers/CFCharacterSet.h
/Applications/Xcode.app/Contents/Developer/Platforms/MacOSX.platform/Developer/SDKs/MacOSX26.1.sdk/System/Library/Frameworks/CoreFoundation.framework/Headers/CFError.h
/Applications/Xcode.app/Contents/Developer/Platforms/MacOSX.platform/Developer/SDKs/MacOSX26.1.sdk/System/Library/Frameworks/CoreFoundation.framework/Headers/CFCGTypes.h
/Applications/Xcode.app/Contents/Developer/Platforms/MacOSX.platform/Developer/SDKs/MacOSX26.1.sdk/System/Library/Frameworks/CoreFoundation.framework/Headers/CFDateFormatter.h
/Applications/Xcode.app/Contents/Developer/Platforms/MacOSX.platform/Developer/SDKs/MacOSX26.1.sdk/System/Library/Frameworks/CoreFoundation.framework/Headers/CFNumber.h
/Applications/Xcode.app/Contents/Developer/Platforms/MacOSX.platform/Developer/SDKs/MacOSX26.1.sdk/System/Library/Frameworks/CoreFoundation.framework/Headers/CFNumberFormatter.h
/Applications/Xcode.app/Contents/Developer/Platforms/MacOSX.platform/Developer/SDKs/MacOSX26.1.sdk/System/Library/Frameworks/CoreFoundation.framework/Headers/CFPreferences.h
/Applications/Xcode.app/Contents/Developer/Platforms/MacOSX.platform/Developer/SDKs/MacOSX26.1.sdk/System/Library/Frameworks/CoreFoundation.framework/Headers/CFPropertyList.h
/Applications/Xcode.app/Contents/Developer/Platforms/MacOSX.platform/Developer/SDKs/MacOSX26.1.sdk/System/Library/Frameworks/CoreFoundation.framework/Headers/CFStream.h
/Applications/Xcode.app/Contents/Developer/Platforms/MacOSX.platform/Developer/SDKs/MacOSX26.1.sdk/System/Library/Frameworks/CoreFoundation.framework/Headers/CFURL.h
/Applications/Xcode.app/Contents/Developer/Platforms/MacOSX.platform/Developer/SDKs/MacOSX26.1.sdk/System/Library/Frameworks/CoreFoundation.framework/Headers/CFRunLoop.h
/Applications/Xcode.app/Contents/Developer/Platforms/MacOSX.platform/Developer/SDKs/MacOSX26.1.sdk/System/Library/Frameworks/CoreFoundation.framework/Headers/CFSocket.h
/Applications/Xcode.app/Contents/Developer/Platforms/MacOSX.platform/Developer/SDKs/MacOSX26.1.sdk/System/Library/Frameworks/CoreFoundation.framework/Headers/CFSet.h
/Applications/Xcode.app/Contents/Developer/Platforms/MacOSX.platform/Developer/SDKs/MacOSX26.1.sdk/System/Library/Frameworks/CoreFoundation.framework/Headers/CFStringEncodingExt.h
/Applications/Xcode.app/Contents/Developer/Platforms/MacOSX.platform/Developer/SDKs/MacOSX26.1.sdk/System/Library/Frameworks/CoreFoundation.framework/Headers/CFTree.h
/Applications/Xcode.app/Contents/Developer/Platforms/MacOSX.platform/Developer/SDKs/MacOSX26.1.sdk/System/Library/Frameworks/CoreFoundation.framework/Headers/CFURLAccess.h
/Applications/Xcode.app/Contents/Developer/Platforms/MacOSX.platform/Developer/SDKs/MacOSX26.1.sdk/System/Library/Frameworks/CoreFoundation.framework/Headers/CFUUID.h
/Applications/Xcode.app/Contents/Developer/Platforms/MacOSX.platform/Developer/SDKs/MacOSX26.1.sdk/System/Library/Frameworks/CoreFoundation.framework/Headers/CFUtilities.h
/Applications/Xcode.app/Contents/Developer/Platforms/MacOSX.platform/Developer/SDKs/MacOSX26.1.sdk/System/Library/Frameworks/CoreFoundation.framework/Headers/CFBundle.h
/Applications/Xcode.app/Contents/Developer/Platforms/MacOSX.platform/Developer/SDKs/MacOSX26.1.sdk/System/Library/Frameworks/CoreFoundation.framework/Headers/CFMessagePort.h
/Applications/Xcode.app/Contents/Developer/Platforms/MacOSX.platform/Developer/SDKs/MacOSX26.1.sdk/System/Library/Frameworks/CoreFoundation.framework/Headers/CFPlugIn.h
/Applications/Xcode.app/Contents/Developer/Platforms/MacOSX.platform/Developer/SDKs/MacOSX26.1.sdk/System/Library/Frameworks/CoreFoundation.framework/Headers/CFMachPort.h
/Applications/Xcode.app/Contents/Developer/Platforms/MacOSX.platform/Developer/SDKs/MacOSX26.1.sdk/System/Library/Frameworks/CoreFoundation.framework/Headers/CFAttributedString.h
/Applications/Xcode.app/Contents/Developer/Platforms/MacOSX.platform/Developer/SDKs/MacOSX26.1.sdk/System/Library/Frameworks/CoreFoundation.framework/Headers/CFURLEnumerator.h
/Applications/Xcode.app/Contents/Developer/Platforms/MacOSX.platform/Developer/SDKs/MacOSX26.1.sdk/System/Library/Frameworks/CoreFoundation.framework/Headers/CFFileSecurity.h
/Applications/Xcode.app/Contents/Developer/Platforms/MacOSX.platform/Developer/SDKs/MacOSX26.1.sdk/System/Library/Frameworks/CoreFoundation.framework/Headers/CFStringTokenizer.h
/Applications/Xcode.app/Contents/Developer/Platforms/MacOSX.platform/Developer/SDKs/MacOSX26.1.sdk/System/Library/Frameworks/CoreFoundation.framework/Headers/CFFileDescriptor.h
/Applications/Xcode.app/Contents/Developer/Platforms/MacOSX.platform/Developer/SDKs/MacOSX26.1.sdk/System/Library/Frameworks/CoreFoundation.framework/Headers/CFUserNotification.h
/Applications/Xcode.app/Contents/Developer/Platforms/MacOSX.platform/Developer/SDKs/MacOSX26.1.sdk/System/Library/Frameworks/CoreFoundation.framework/Headers/CFXMLNode.h
/Applications/Xcode.app/Contents/Developer/Platforms/MacOSX.platform/Developer/SDKs/MacOSX26.1.sdk/System/Library/Frameworks/CoreFoundation.framework/Headers/CFXMLParser.h
/Applications/Xcode.app/Contents/Developer/Platforms/MacOSX.platform/Developer/SDKs/MacOSX26.1.sdk/System/Library/Frameworks/CoreFoundation.framework/Headers/CFPlugInCOM.h
/Applications/Xcode.app/Contents/Developer/Platforms/MacOSX.platform/Developer/SDKs/MacOSX26.1.sdk/SDKSettings.json
/Applications/Xcode.app/Contents/Developer/Toolchains/XcodeDefault.xctoolchain/usr/lib/swift/macosx/prebuilt-modules/26.1/CoreFoundation.swiftmodule/arm64e-apple-macos.swiftmodule
/Applications/Xcode.app/Contents/Developer/Platforms/MacOSX.platform/Developer/SDKs/MacOSX26.1.sdk/System/Library/Frameworks/CoreGraphics.framework/Headers/CoreGraphics.apinotes
/Applications/Xcode.app/Contents/Developer/Platforms/MacOSX.platform/Developer/SDKs/MacOSX26.1.sdk/System/Library/Frameworks/CoreGraphics.framework/Modules/module.modulemap
/Applications/Xcode.app/Contents/Developer/Platforms/MacOSX.platform/Developer/SDKs/MacOSX26.1.sdk/System/Library/Frameworks/CoreGraphics.framework/Headers/CoreGraphics.h
/Applications/Xcode.app/Contents/Developer/Platforms/MacOSX.platform/Developer/SDKs/MacOSX26.1.sdk/System/Library/Frameworks/CoreGraphics.framework/Headers/CGBase.h
/Applications/Xcode.app/Contents/Developer/Toolchains/XcodeDefault.xctoolchain/usr/lib/swift/clang/include/module.modulemap
/Applications/Xcode.app/Contents/Developer/Toolchains/XcodeDefault.xctoolchain/usr/lib/swift/clang/include/stddef.h
/Applications/Xcode.app/Contents/Developer/Platforms/MacOSX.platform/Developer/SDKs/MacOSX26.1.sdk/usr/include/dispatch.modulemap
/Applications/Xcode.app/Contents/Developer/Platforms/MacOSX.platform/Developer/SDKs/MacOSX26.1.sdk/usr/include/Darwin.modulemap
/Applications/Xcode.app/Contents/Developer/Platforms/MacOSX.platform/Developer/SDKs/MacOSX26.1.sdk/usr/include/Darwin_C.modulemap
/Applications/Xcode.app/Contents/Developer/Platforms/MacOSX.platform/Developer/SDKs/MacOSX26.1.sdk/usr/include/Darwin_POSIX.modulemap
/Applications/Xcode.app/Contents/Developer/Platforms/MacOSX.platform/Developer/SDKs/MacOSX26.1.sdk/usr/include/net.modulemap
/Applications/Xcode.app/Contents/Developer/Platforms/MacOSX.platform/Developer/SDKs/MacOSX26.1.sdk/usr/include/netinet.modulemap
/Applications/Xcode.app/Contents/Developer/Platforms/MacOSX.platform/Developer/SDKs/MacOSX26.1.sdk/usr/include/bank.modulemap
/Applications/Xcode.app/Contents/Developer/Platforms/MacOSX.platform/Developer/SDKs/MacOSX26.1.sdk/usr/include/Darwin_Mach.modulemap
/Applications/Xcode.app/Contents/Developer/Platforms/MacOSX.platform/Developer/SDKs/MacOSX26.1.sdk/usr/include/Darwin_Mach_machine.modulemap
/Applications/Xcode.app/Contents/Developer/Platforms/MacOSX.platform/Developer/SDKs/MacOSX26.1.sdk/usr/include/mach_debug.modulemap
/Applications/Xcode.app/Contents/Developer/Platforms/MacOSX.platform/Developer/SDKs/MacOSX26.1.sdk/usr/include/device.modulemap
/Applications/Xcode.app/Contents/Developer/Platforms/MacOSX.platform/Developer/SDKs/MacOSX26.1.sdk/usr/include/Darwin_machine.modulemap
/Applications/Xcode.app/Contents/Developer/Platforms/MacOSX.platform/Developer/SDKs/MacOSX26.1.sdk/usr/include/ncurses.modulemap
/Applications/Xcode.app/Contents/Developer/Platforms/MacOSX.platform/Developer/SDKs/MacOSX26.1.sdk/usr/include/netinet6.modulemap
/Applications/Xcode.app/Contents/Developer/Platforms/MacOSX.platform/Developer/SDKs/MacOSX26.1.sdk/usr/include/Darwin_sys.modulemap
/Applications/Xcode.app/Contents/Developer/Platforms/MacOSX.platform/Developer/SDKs/MacOSX26.1.sdk/usr/include/uuid.modulemap
/Applications/Xcode.app/Contents/Developer/Platforms/MacOSX.platform/Developer/SDKs/MacOSX26.1.sdk/usr/include/DarwinFoundation2.modulemap
/Applications/Xcode.app/Contents/Developer/Platforms/MacOSX.platform/Developer/SDKs/MacOSX26.1.sdk/usr/include/DarwinFoundation1.modulemap
/Applications/Xcode.app/Contents/Developer/Platforms/MacOSX.platform/Developer/SDKs/MacOSX26.1.sdk/System/Library/Frameworks/CoreFoundation.framework/Modules/module.modulemap
/Applications/Xcode.app/Contents/Developer/Platforms/MacOSX.platform/Developer/SDKs/MacOSX26.1.sdk/System/Library/Frameworks/CoreGraphics.framework/Headers/CGAffineTransform.h
/Applications/Xcode.app/Contents/Developer/Platforms/MacOSX.platform/Developer/SDKs/MacOSX26.1.sdk/System/Library/Frameworks/CoreGraphics.framework/Headers/CGGeometry.h
/Applications/Xcode.app/Contents/Developer/Platforms/MacOSX.platform/Developer/SDKs/MacOSX26.1.sdk/System/Library/Frameworks/CoreGraphics.framework/Headers/CGBitmapContext.h
/Applications/Xcode.app/Contents/Developer/Platforms/MacOSX.platform/Developer/SDKs/MacOSX26.1.sdk/System/Library/Frameworks/CoreGraphics.framework/Headers/CGContext.h
/Applications/Xcode.app/Contents/Developer/Platforms/MacOSX.platform/Developer/SDKs/MacOSX26.1.sdk/System/Library/Frameworks/CoreGraphics.framework/Headers/CGColor.h
/Applications/Xcode.app/Contents/Developer/Platforms/MacOSX.platform/Developer/SDKs/MacOSX26.1.sdk/System/Library/Frameworks/CoreGraphics.framework/Headers/CGColorSpace.h
/Applications/Xcode.app/Contents/Developer/Platforms/MacOSX.platform/Developer/SDKs/MacOSX26.1.sdk/System/Library/Frameworks/CoreGraphics.framework/Headers/CGDataProvider.h
/Applications/Xcode.app/Contents/Developer/Platforms/MacOSX.platform/Developer/SDKs/MacOSX26.1.sdk/System/Library/Frameworks/CoreGraphics.framework/Headers/CGPattern.h
/Applications/Xcode.app/Contents/Developer/Platforms/MacOSX.platform/Developer/SDKs/MacOSX26.1.sdk/System/Library/Frameworks/CoreGraphics.framework/Headers/CGFont.h
/Applications/Xcode.app/Contents/Developer/Platforms/MacOSX.platform/Developer/SDKs/MacOSX26.1.sdk/System/Library/Frameworks/CoreGraphics.framework/Headers/CGGradient.h
/Applications/Xcode.app/Contents/Developer/Platforms/MacOSX.platform/Developer/SDKs/MacOSX26.1.sdk/System/Library/Frameworks/CoreGraphics.framework/Headers/CGImage.h
/Applications/Xcode.app/Contents/Developer/Platforms/MacOSX.platform/Developer/SDKs/MacOSX26.1.sdk/System/Library/Frameworks/CoreGraphics.framework/Headers/CGPath.h
/Applications/Xcode.app/Contents/Developer/Platforms/MacOSX.platform/Developer/SDKs/MacOSX26.1.sdk/System/Library/Frameworks/CoreGraphics.framework/Headers/CGPDFDocument.h
/Applications/Xcode.app/Contents/Developer/Platforms/MacOSX.platform/Developer/SDKs/MacOSX26.1.sdk/System/Library/Frameworks/CoreGraphics.framework/Headers/CGPDFPage.h
/Applications/Xcode.app/Contents/Developer/Platforms/MacOSX.platform/Developer/SDKs/MacOSX26.1.sdk/System/Library/Frameworks/CoreGraphics.framework/Headers/CGPDFDictionary.h
/Applications/Xcode.app/Contents/Developer/Platforms/MacOSX.platform/Developer/SDKs/MacOSX26.1.sdk/System/Library/Frameworks/CoreGraphics.framework/Headers/CGPDFArray.h
/Applications/Xcode.app/Contents/Developer/Platforms/MacOSX.platform/Developer/SDKs/MacOSX26.1.sdk/System/Library/Frameworks/CoreGraphics.framework/Headers/CGPDFObject.h
/Applications/Xcode.app/Contents/Developer/Platforms/MacOSX.platform/Developer/SDKs/MacOSX26.1.sdk/System/Library/Frameworks/CoreGraphics.framework/Headers/CGPDFStream.h
/Applications/Xcode.app/Contents/Developer/Platforms/MacOSX.platform/Developer/SDKs/MacOSX26.1.sdk/System/Library/Frameworks/CoreGraphics.framework/Headers/CGPDFString.h
/Applications/Xcode.app/Contents/Developer/Platforms/MacOSX.platform/Developer/SDKs/MacOSX26.1.sdk/System/Library/Frameworks/CoreGraphics.framework/Headers/CGShading.h
/Applications/Xcode.app/Contents/Developer/Platforms/MacOSX.platform/Developer/SDKs/MacOSX26.1.sdk/System/Library/Frameworks/CoreGraphics.framework/Headers/CGFunction.h
/Applications/Xcode.app/Contents/Developer/Platforms/MacOSX.platform/Developer/SDKs/MacOSX26.1.sdk/System/Library/Frameworks/CoreGraphics.framework/Headers/CGToneMapping.h
/Applications/Xcode.app/Contents/Developer/Platforms/MacOSX.platform/Developer/SDKs/MacOSX26.1.sdk/System/Library/Frameworks/CoreGraphics.framework/Headers/CGEXRToneMappingGamma.h
/Applications/Xcode.app/Contents/Developer/Platforms/MacOSX.platform/Developer/SDKs/MacOSX26.1.sdk/System/Library/Frameworks/CoreGraphics.framework/Headers/CGITUToneMapping.h
/Applications/Xcode.app/Contents/Developer/Platforms/MacOSX.platform/Developer/SDKs/MacOSX26.1.sdk/System/Library/Frameworks/CoreGraphics.framework/Headers/CGRenderingBufferProvider.h
/Applications/Xcode.app/Contents/Developer/Platforms/MacOSX.platform/Developer/SDKs/MacOSX26.1.sdk/System/Library/Frameworks/CoreGraphics.framework/Headers/CGColorConversionInfo.h
/Applications/Xcode.app/Contents/Developer/Platforms/MacOSX.platform/Developer/SDKs/MacOSX26.1.sdk/System/Library/Frameworks/CoreGraphics.framework/Headers/CGConvertColorDataWithFormat.h
/Applications/Xcode.app/Contents/Developer/Platforms/MacOSX.platform/Developer/SDKs/MacOSX26.1.sdk/System/Library/Frameworks/CoreGraphics.framework/Headers/CGDataConsumer.h
/Applications/Xcode.app/Contents/Developer/Platforms/MacOSX.platform/Developer/SDKs/MacOSX26.1.sdk/System/Library/Frameworks/CoreGraphics.framework/Headers/CGError.h
/Applications/Xcode.app/Contents/Developer/Platforms/MacOSX.platform/Developer/SDKs/MacOSX26.1.sdk/System/Library/Frameworks/CoreGraphics.framework/Headers/CGLayer.h
/Applications/Xcode.app/Contents/Developer/Platforms/MacOSX.platform/Developer/SDKs/MacOSX26.1.sdk/System/Library/Frameworks/CoreGraphics.framework/Headers/CGPDFContentStream.h
/Applications/Xcode.app/Contents/Developer/Platforms/MacOSX.platform/Developer/SDKs/MacOSX26.1.sdk/System/Library/Frameworks/CoreGraphics.framework/Headers/CGPDFContext.h
/Applications/Xcode.app/Contents/Developer/Platforms/MacOSX.platform/Developer/SDKs/MacOSX26.1.sdk/System/Library/Frameworks/CoreGraphics.framework/Headers/CGPDFOperatorTable.h
/Applications/Xcode.app/Contents/Developer/Platforms/MacOSX.platform/Developer/SDKs/MacOSX26.1.sdk/System/Library/Frameworks/CoreGraphics.framework/Headers/CGPDFScanner.h
/Applications/Xcode.app/Contents/Developer/Platforms/MacOSX.platform/Developer/SDKs/MacOSX26.1.sdk/System/Library/Frameworks/CoreGraphics.framework/Headers/CGDirectDisplay.h
/Applications/Xcode.app/Contents/Developer/Platforms/MacOSX.platform/Developer/SDKs/MacOSX26.1.sdk/System/Library/Frameworks/CoreGraphics.framework/Headers/CGWindow.h
/Applications/Xcode.app/Contents/Developer/Platforms/MacOSX.platform/Developer/SDKs/MacOSX26.1.sdk/System/Library/Frameworks/CoreGraphics.framework/Headers/CGWindowLevel.h
/Applications/Xcode.app/Contents/Developer/Platforms/MacOSX.platform/Developer/SDKs/MacOSX26.1.sdk/System/Library/Frameworks/CoreGraphics.framework/Headers/CGDirectPalette.h
/Applications/Xcode.app/Contents/Developer/Platforms/MacOSX.platform/Developer/SDKs/MacOSX26.1.sdk/System/Library/Frameworks/CoreGraphics.framework/Headers/CGDisplayConfiguration.h
/Applications/Xcode.app/Contents/Developer/Platforms/MacOSX.platform/Developer/SDKs/MacOSX26.1.sdk/System/Library/Frameworks/IOKit.framework/Modules/module.modulemap
/Applications/Xcode.app/Contents/Developer/Platforms/MacOSX.platform/Developer/SDKs/MacOSX26.1.sdk/System/Library/Frameworks/CoreGraphics.framework/Headers/CGDisplayFade.h
/Applications/Xcode.app/Contents/Developer/Platforms/MacOSX.platform/Developer/SDKs/MacOSX26.1.sdk/System/Library/Frameworks/CoreGraphics.framework/Headers/CGDisplayStream.h
/Applications/Xcode.app/Contents/Developer/Platforms/MacOSX.platform/Developer/SDKs/MacOSX26.1.sdk/System/Library/Frameworks/CoreGraphics.framework/Headers/CGEvent.h
/Applications/Xcode.app/Contents/Developer/Platforms/MacOSX.platform/Developer/SDKs/MacOSX26.1.sdk/System/Library/Frameworks/CoreGraphics.framework/Headers/CGEventTypes.h
/Applications/Xcode.app/Contents/Developer/Platforms/MacOSX.platform/Developer/SDKs/MacOSX26.1.sdk/System/Library/Frameworks/CoreGraphics.framework/Headers/CGRemoteOperation.h
/Applications/Xcode.app/Contents/Developer/Platforms/MacOSX.platform/Developer/SDKs/MacOSX26.1.sdk/System/Library/Frameworks/CoreGraphics.framework/Headers/CGEventSource.h
/Applications/Xcode.app/Contents/Developer/Platforms/MacOSX.platform/Developer/SDKs/MacOSX26.1.sdk/System/Library/Frameworks/CoreGraphics.framework/Headers/CGPSConverter.h
/Applications/Xcode.app/Contents/Developer/Platforms/MacOSX.platform/Developer/SDKs/MacOSX26.1.sdk/System/Library/Frameworks/CoreGraphics.framework/Headers/CGSession.h
/Applications/Xcode.app/Contents/Developer/Platforms/MacOSX.platform/Developer/SDKs/MacOSX26.1.sdk/System/Library/Frameworks/CoreGraphics.framework/Headers/CGDirectDisplayMetal.h
/Applications/Xcode.app/Contents/Developer/Platforms/MacOSX.platform/Developer/SDKs/MacOSX26.1.sdk/SDKSettings.json
/Applications/Xcode.app/Contents/Developer/Toolchains/XcodeDefault.xctoolchain/usr/lib/swift/macosx/prebuilt-modules/26.1/CoreGraphics.swiftmodule/arm64e-apple-macos.swiftmodule
/Applications/Xcode.app/Contents/Developer/Toolchains/XcodeDefault.xctoolchain/usr/lib/swift/macosx/prebuilt-modules/26.1/CoreImage.swiftmodule/arm64e-apple-macos.swiftmodule
/Applications/Xcode.app/Contents/Developer/Platforms/MacOSX.platform/Developer/SDKs/MacOSX26.1.sdk/System/Library/Frameworks/CoreImage.framework/Headers/CoreImage.apinotes
/Applications/Xcode.app/Contents/Developer/Platforms/MacOSX.platform/Developer/SDKs/MacOSX26.1.sdk/System/Library/Frameworks/CoreImage.framework/Modules/module.modulemap
/Applications/Xcode.app/Contents/Developer/Platforms/MacOSX.platform/Developer/SDKs/MacOSX26.1.sdk/System/Library/Frameworks/CoreImage.framework/Headers/CoreImage.h
/Applications/Xcode.app/Contents/Developer/Platforms/MacOSX.platform/Developer/SDKs/MacOSX26.1.sdk/System/Library/Frameworks/CoreImage.framework/Headers/CoreImageDefines.h
/Applications/Xcode.app/Contents/Developer/Platforms/MacOSX.platform/Developer/SDKs/MacOSX26.1.sdk/usr/include/ObjectiveC.modulemap
/Applications/Xcode.app/Contents/Developer/Platforms/MacOSX.platform/Developer/SDKs/MacOSX26.1.sdk/usr/include/DarwinFoundation1.modulemap
/Applications/Xcode.app/Contents/Developer/Toolchains/XcodeDefault.xctoolchain/usr/lib/swift/clang/include/module.modulemap
/Applications/Xcode.app/Contents/Developer/Toolchains/XcodeDefault.xctoolchain/usr/lib/swift/clang/include/stddef.h
/Applications/Xcode.app/Contents/Developer/Platforms/MacOSX.platform/Developer/SDKs/MacOSX26.1.sdk/System/Library/Frameworks/CoreGraphics.framework/Modules/module.modulemap
/Applications/Xcode.app/Contents/Developer/Platforms/MacOSX.platform/Developer/SDKs/MacOSX26.1.sdk/System/Library/Frameworks/Foundation.framework/Modules/module.modulemap
/Applications/Xcode.app/Contents/Developer/Platforms/MacOSX.platform/Developer/SDKs/MacOSX26.1.sdk/System/Library/Frameworks/CoreImage.framework/Headers/CIVector.h
/Applications/Xcode.app/Contents/Developer/Platforms/MacOSX.platform/Developer/SDKs/MacOSX26.1.sdk/System/Library/Frameworks/CoreImage.framework/Headers/CIColor.h
/Applications/Xcode.app/Contents/Developer/Platforms/MacOSX.platform/Developer/SDKs/MacOSX26.1.sdk/System/Library/Frameworks/CoreImage.framework/Headers/CIImage.h
/Applications/Xcode.app/Contents/Developer/Platforms/MacOSX.platform/Developer/SDKs/MacOSX26.1.sdk/System/Library/Frameworks/CoreVideo.framework/Modules/module.modulemap
/Applications/Xcode.app/Contents/Developer/Platforms/MacOSX.platform/Developer/SDKs/MacOSX26.1.sdk/System/Library/Frameworks/ImageIO.framework/Modules/module.modulemap
/Applications/Xcode.app/Contents/Developer/Platforms/MacOSX.platform/Developer/SDKs/MacOSX26.1.sdk/System/Library/Frameworks/IOSurface.framework/Modules/module.modulemap
/Applications/Xcode.app/Contents/Developer/Platforms/MacOSX.platform/Developer/SDKs/MacOSX26.1.sdk/System/Library/Frameworks/CoreImage.framework/Headers/CIContext.h
/Applications/Xcode.app/Contents/Developer/Platforms/MacOSX.platform/Developer/SDKs/MacOSX26.1.sdk/System/Library/Frameworks/OpenGL.framework/Modules/module.modulemap
/Applications/Xcode.app/Contents/Developer/Platforms/MacOSX.platform/Developer/SDKs/MacOSX26.1.sdk/System/Library/Frameworks/CoreImage.framework/Headers/CIFilter.h
/Applications/Xcode.app/Contents/Developer/Platforms/MacOSX.platform/Developer/SDKs/MacOSX26.1.sdk/System/Library/Frameworks/CoreImage.framework/Headers/CIFilterConstructor.h
/Applications/Xcode.app/Contents/Developer/Platforms/MacOSX.platform/Developer/SDKs/MacOSX26.1.sdk/System/Library/Frameworks/CoreImage.framework/Headers/CIKernel.h
/Applications/Xcode.app/Contents/Developer/Platforms/MacOSX.platform/Developer/SDKs/MacOSX26.1.sdk/System/Library/Frameworks/CoreImage.framework/Headers/CIDetector.h
/Applications/Xcode.app/Contents/Developer/Platforms/MacOSX.platform/Developer/SDKs/MacOSX26.1.sdk/System/Library/Frameworks/CoreImage.framework/Headers/CIFeature.h
/Applications/Xcode.app/Contents/Developer/Platforms/MacOSX.platform/Developer/SDKs/MacOSX26.1.sdk/System/Library/Frameworks/CoreImage.framework/Headers/CIImageProvider.h
/Applications/Xcode.app/Contents/Developer/Platforms/MacOSX.platform/Developer/SDKs/MacOSX26.1.sdk/System/Library/Frameworks/CoreImage.framework/Headers/CIImageProcessor.h
/Applications/Xcode.app/Contents/Developer/Platforms/MacOSX.platform/Developer/SDKs/MacOSX26.1.sdk/System/Library/Frameworks/CoreImage.framework/Headers/CIImageAccumulator.h
/Applications/Xcode.app/Contents/Developer/Platforms/MacOSX.platform/Developer/SDKs/MacOSX26.1.sdk/System/Library/Frameworks/CoreImage.framework/Headers/CIFilterShape.h
/Applications/Xcode.app/Contents/Developer/Platforms/MacOSX.platform/Developer/SDKs/MacOSX26.1.sdk/System/Library/Frameworks/CoreImage.framework/Headers/CISampler.h
/Applications/Xcode.app/Contents/Developer/Platforms/MacOSX.platform/Developer/SDKs/MacOSX26.1.sdk/System/Library/Frameworks/CoreImage.framework/Headers/CIRAWFilter.h
/Applications/Xcode.app/Contents/Developer/Platforms/MacOSX.platform/Developer/SDKs/MacOSX26.1.sdk/System/Library/Frameworks/CoreImage.framework/Headers/CIRAWFilter_Deprecated.h
/Applications/Xcode.app/Contents/Developer/Platforms/MacOSX.platform/Developer/SDKs/MacOSX26.1.sdk/System/Library/Frameworks/CoreImage.framework/Headers/CIRenderDestination.h
/Applications/Xcode.app/Contents/Developer/Platforms/MacOSX.platform/Developer/SDKs/MacOSX26.1.sdk/System/Library/Frameworks/Metal.framework/Modules/module.modulemap
/Applications/Xcode.app/Contents/Developer/Platforms/MacOSX.platform/Developer/SDKs/MacOSX26.1.sdk/System/Library/Frameworks/CoreImage.framework/Headers/CIBarcodeDescriptor.h
/Applications/Xcode.app/Contents/Developer/Platforms/MacOSX.platform/Developer/SDKs/MacOSX26.1.sdk/System/Library/Frameworks/CoreImage.framework/Headers/CIFilterGenerator.h
/Applications/Xcode.app/Contents/Developer/Platforms/MacOSX.platform/Developer/SDKs/MacOSX26.1.sdk/System/Library/Frameworks/CoreImage.framework/Headers/CIPlugIn.h
/Applications/Xcode.app/Contents/Developer/Platforms/MacOSX.platform/Developer/SDKs/MacOSX26.1.sdk/System/Library/Frameworks/CoreImage.framework/Headers/CIPlugInInterface.h
/Applications/Xcode.app/Contents/Developer/Platforms/MacOSX.platform/Developer/SDKs/MacOSX26.1.sdk/System/Library/Frameworks/CoreImage.framework/Headers/CIKernelMetalLib.h
/Applications/Xcode.app/Contents/Developer/Platforms/MacOSX.platform/Developer/SDKs/MacOSX26.1.sdk/System/Library/Frameworks/CoreImage.framework/Headers/CIFilterBuiltins.h
/Applications/Xcode.app/Contents/Developer/Platforms/MacOSX.platform/Developer/SDKs/MacOSX26.1.sdk/SDKSettings.json
/Applications/Xcode.app/Contents/Developer/Platforms/MacOSX.platform/Developer/SDKs/MacOSX26.1.sdk/System/Library/Frameworks/CoreServices.framework/Modules/module.modulemap
/Applications/Xcode.app/Contents/Developer/Platforms/MacOSX.platform/Developer/SDKs/MacOSX26.1.sdk/System/Library/Frameworks/CoreServices.framework/Headers/CoreServices.h
/Applications/Xcode.app/Contents/Developer/Platforms/MacOSX.platform/Developer/SDKs/MacOSX26.1.sdk/System/Library/Frameworks/CoreFoundation.framework/Modules/module.modulemap
/Applications/Xcode.app/Contents/Developer/Platforms/MacOSX.platform/Developer/SDKs/MacOSX26.1.sdk/System/Library/Frameworks/CoreServices.framework/Frameworks/AE.framework/Headers/AE.h
/Applications/Xcode.app/Contents/Developer/Platforms/MacOSX.platform/Developer/SDKs/MacOSX26.1.sdk/System/Library/Frameworks/CoreServices.framework/Frameworks/CarbonCore.framework/Headers/CarbonCore.h
/Applications/Xcode.app/Contents/Developer/Platforms/MacOSX.platform/Developer/SDKs/MacOSX26.1.sdk/System/Library/Frameworks/CoreServices.framework/Frameworks/CarbonCore.framework/Headers/Finder.h
/Applications/Xcode.app/Contents/Developer/Platforms/MacOSX.platform/Developer/SDKs/MacOSX26.1.sdk/usr/include/dispatch.modulemap
/Applications/Xcode.app/Contents/Developer/Platforms/MacOSX.platform/Developer/SDKs/MacOSX26.1.sdk/usr/include/Darwin.modulemap
/Applications/Xcode.app/Contents/Developer/Platforms/MacOSX.platform/Developer/SDKs/MacOSX26.1.sdk/usr/include/DarwinFoundation2.modulemap
/Applications/Xcode.app/Contents/Developer/Platforms/MacOSX.platform/Developer/SDKs/MacOSX26.1.sdk/usr/include/DarwinFoundation1.modulemap
/Applications/Xcode.app/Contents/Developer/Platforms/MacOSX.platform/Developer/SDKs/MacOSX26.1.sdk/System/Library/Frameworks/CoreServices.framework/Frameworks/CarbonCore.framework/Headers/FixMath.h
/Applications/Xcode.app/Contents/Developer/Platforms/MacOSX.platform/Developer/SDKs/MacOSX26.1.sdk/System/Library/Frameworks/CoreServices.framework/Frameworks/CarbonCore.framework/Headers/Script.h
/Applications/Xcode.app/Contents/Developer/Platforms/MacOSX.platform/Developer/SDKs/MacOSX26.1.sdk/System/Library/Frameworks/CoreServices.framework/Frameworks/CarbonCore.framework/Headers/IntlResources.h
/Applications/Xcode.app/Contents/Developer/Platforms/MacOSX.platform/Developer/SDKs/MacOSX26.1.sdk/System/Library/Frameworks/CoreServices.framework/Frameworks/CarbonCore.framework/Headers/UTCUtils.h
/Applications/Xcode.app/Contents/Developer/Platforms/MacOSX.platform/Developer/SDKs/MacOSX26.1.sdk/System/Library/Frameworks/CoreServices.framework/Frameworks/CarbonCore.framework/Headers/MacErrors.h
/Applications/Xcode.app/Contents/Developer/Platforms/MacOSX.platform/Developer/SDKs/MacOSX26.1.sdk/System/Library/Frameworks/CoreServices.framework/Frameworks/CarbonCore.framework/Headers/TextCommon.h
/Applications/Xcode.app/Contents/Developer/Platforms/MacOSX.platform/Developer/SDKs/MacOSX26.1.sdk/System/Library/Frameworks/CoreServices.framework/Frameworks/CarbonCore.framework/Headers/Collections.h
/Applications/Xcode.app/Contents/Developer/Platforms/MacOSX.platform/Developer/SDKs/MacOSX26.1.sdk/System/Library/Frameworks/CoreServices.framework/Frameworks/CarbonCore.framework/Headers/MixedMode.h
/Applications/Xcode.app/Contents/Developer/Platforms/MacOSX.platform/Developer/SDKs/MacOSX26.1.sdk/System/Library/Frameworks/CoreServices.framework/Frameworks/CarbonCore.framework/Headers/Endian.h
/Applications/Xcode.app/Contents/Developer/Platforms/MacOSX.platform/Developer/SDKs/MacOSX26.1.sdk/System/Library/Frameworks/CoreServices.framework/Frameworks/CarbonCore.framework/Headers/Gestalt.h
/Applications/Xcode.app/Contents/Developer/Platforms/MacOSX.platform/Developer/SDKs/MacOSX26.1.sdk/System/Library/Frameworks/CoreServices.framework/Frameworks/CarbonCore.framework/Headers/MacMemory.h
/Applications/Xcode.app/Contents/Developer/Platforms/MacOSX.platform/Developer/SDKs/MacOSX26.1.sdk/System/Library/Frameworks/CoreServices.framework/Frameworks/CarbonCore.framework/Headers/Math64.h
/Applications/Xcode.app/Contents/Developer/Platforms/MacOSX.platform/Developer/SDKs/MacOSX26.1.sdk/System/Library/Frameworks/CoreServices.framework/Frameworks/CarbonCore.framework/Headers/BackupCore.h
/Applications/Xcode.app/Contents/Developer/Platforms/MacOSX.platform/Developer/SDKs/MacOSX26.1.sdk/System/Library/Frameworks/CoreServices.framework/Frameworks/CarbonCore.framework/Headers/DiskSpaceRecovery.h
/Applications/Xcode.app/Contents/Developer/Platforms/MacOSX.platform/Developer/SDKs/MacOSX26.1.sdk/System/Library/Frameworks/CoreServices.framework/Frameworks/CarbonCore.framework/Headers/Components.h
/Applications/Xcode.app/Contents/Developer/Platforms/MacOSX.platform/Developer/SDKs/MacOSX26.1.sdk/System/Library/Frameworks/CoreServices.framework/Frameworks/CarbonCore.framework/Headers/Files.h
/Applications/Xcode.app/Contents/Developer/Platforms/MacOSX.platform/Developer/SDKs/MacOSX26.1.sdk/System/Library/Frameworks/CoreServices.framework/Frameworks/CarbonCore.framework/Headers/OSUtils.h
/Applications/Xcode.app/Contents/Developer/Platforms/MacOSX.platform/Developer/SDKs/MacOSX26.1.sdk/System/Library/Frameworks/CoreServices.framework/Frameworks/CarbonCore.framework/Headers/DateTimeUtils.h
/Applications/Xcode.app/Contents/Developer/Platforms/MacOSX.platform/Developer/SDKs/MacOSX26.1.sdk/System/Library/Frameworks/DiskArbitration.framework/Modules/module.modulemap
/Applications/Xcode.app/Contents/Developer/Platforms/MacOSX.platform/Developer/SDKs/MacOSX26.1.sdk/System/Library/Frameworks/CoreServices.framework/Frameworks/CarbonCore.framework/Headers/Resources.h
/Applications/Xcode.app/Contents/Developer/Platforms/MacOSX.platform/Developer/SDKs/MacOSX26.1.sdk/System/Library/Frameworks/CoreServices.framework/Frameworks/CarbonCore.framework/Headers/CodeFragments.h
/Applications/Xcode.app/Contents/Developer/Platforms/MacOSX.platform/Developer/SDKs/MacOSX26.1.sdk/System/Library/Frameworks/CoreServices.framework/Frameworks/CarbonCore.framework/Headers/Multiprocessing.h
/Applications/Xcode.app/Contents/Developer/Platforms/MacOSX.platform/Developer/SDKs/MacOSX26.1.sdk/System/Library/Frameworks/CoreServices.framework/Frameworks/CarbonCore.framework/Headers/Aliases.h
/Applications/Xcode.app/Contents/Developer/Platforms/MacOSX.platform/Developer/SDKs/MacOSX26.1.sdk/System/Library/Frameworks/CoreServices.framework/Frameworks/CarbonCore.framework/Headers/MacLocales.h
/Applications/Xcode.app/Contents/Developer/Platforms/MacOSX.platform/Developer/SDKs/MacOSX26.1.sdk/System/Library/Frameworks/CoreServices.framework/Frameworks/CarbonCore.framework/Headers/Debugging.h
/Applications/Xcode.app/Contents/Developer/Platforms/MacOSX.platform/Developer/SDKs/MacOSX26.1.sdk/System/Library/Frameworks/CoreServices.framework/Frameworks/CarbonCore.framework/Headers/PLStringFuncs.h
/Applications/Xcode.app/Contents/Developer/Platforms/MacOSX.platform/Developer/SDKs/MacOSX26.1.sdk/System/Library/Frameworks/CoreServices.framework/Frameworks/CarbonCore.framework/Headers/DriverSynchronization.h
/Applications/Xcode.app/Contents/Developer/Platforms/MacOSX.platform/Developer/SDKs/MacOSX26.1.sdk/System/Library/Frameworks/CoreServices.framework/Frameworks/CarbonCore.framework/Headers/DriverServices.h
/Applications/Xcode.app/Contents/Developer/Platforms/MacOSX.platform/Developer/SDKs/MacOSX26.1.sdk/System/Library/Frameworks/CoreServices.framework/Frameworks/CarbonCore.framework/Headers/MachineExceptions.h
/Applications/Xcode.app/Contents/Developer/Platforms/MacOSX.platform/Developer/SDKs/MacOSX26.1.sdk/System/Library/Frameworks/CoreServices.framework/Frameworks/CarbonCore.framework/Headers/NumberFormatting.h
/Applications/Xcode.app/Contents/Developer/Platforms/MacOSX.platform/Developer/SDKs/MacOSX26.1.sdk/System/Library/Frameworks/CoreServices.framework/Frameworks/CarbonCore.framework/Headers/StringCompare.h
/Applications/Xcode.app/Contents/Developer/Platforms/MacOSX.platform/Developer/SDKs/MacOSX26.1.sdk/System/Library/Frameworks/CoreServices.framework/Frameworks/CarbonCore.framework/Headers/TextUtils.h
/Applications/Xcode.app/Contents/Developer/Platforms/MacOSX.platform/Developer/SDKs/MacOSX26.1.sdk/System/Library/Frameworks/CoreServices.framework/Frameworks/CarbonCore.framework/Headers/ToolUtils.h
/Applications/Xcode.app/Contents/Developer/Platforms/MacOSX.platform/Developer/SDKs/MacOSX26.1.sdk/System/Library/Frameworks/CoreServices.framework/Frameworks/CarbonCore.framework/Headers/UnicodeUtilities.h
/Applications/Xcode.app/Contents/Developer/Platforms/MacOSX.platform/Developer/SDKs/MacOSX26.1.sdk/System/Library/Frameworks/CoreServices.framework/Frameworks/CarbonCore.framework/Headers/fp.h
/Applications/Xcode.app/Contents/Developer/Platforms/MacOSX.platform/Developer/SDKs/MacOSX26.1.sdk/System/Library/Frameworks/CoreServices.framework/Frameworks/CarbonCore.framework/Headers/TextEncodingConverter.h
/Applications/Xcode.app/Contents/Developer/Platforms/MacOSX.platform/Developer/SDKs/MacOSX26.1.sdk/System/Library/Frameworks/CoreServices.framework/Frameworks/CarbonCore.framework/Headers/UnicodeConverter.h
/Applications/Xcode.app/Contents/Developer/Platforms/MacOSX.platform/Developer/SDKs/MacOSX26.1.sdk/System/Library/Frameworks/CoreServices.framework/Frameworks/CarbonCore.framework/Headers/Threads.h
/Applications/Xcode.app/Contents/Developer/Platforms/MacOSX.platform/Developer/SDKs/MacOSX26.1.sdk/System/Library/Frameworks/CoreServices.framework/Frameworks/CarbonCore.framework/Headers/Folders.h
/Applications/Xcode.app/Contents/Developer/Platforms/MacOSX.platform/Developer/SDKs/MacOSX26.1.sdk/System/Library/Frameworks/CoreServices.framework/Frameworks/CarbonCore.framework/Headers/Timer.h
/Applications/Xcode.app/Contents/Developer/Platforms/MacOSX.platform/Developer/SDKs/MacOSX26.1.sdk/System/Library/Frameworks/CoreServices.framework/Frameworks/CarbonCore.framework/Headers/MultiprocessingInfo.h
/Applications/Xcode.app/Contents/Developer/Platforms/MacOSX.platform/Developer/SDKs/MacOSX26.1.sdk/System/Library/Frameworks/CoreServices.framework/Frameworks/CarbonCore.framework/Headers/LowMem.h
/Applications/Xcode.app/Contents/Developer/Platforms/MacOSX.platform/Developer/SDKs/MacOSX26.1.sdk/System/Library/Frameworks/CoreServices.framework/Frameworks/CarbonCore.framework/Headers/AVLTree.h
/Applications/Xcode.app/Contents/Developer/Platforms/MacOSX.platform/Developer/SDKs/MacOSX26.1.sdk/System/Library/Frameworks/CoreServices.framework/Frameworks/CarbonCore.framework/Headers/PEFBinaryFormat.h
/Applications/Xcode.app/Contents/Developer/Platforms/MacOSX.platform/Developer/SDKs/MacOSX26.1.sdk/System/Library/Frameworks/CoreServices.framework/Frameworks/CarbonCore.framework/Headers/HFSVolumes.h
/Applications/Xcode.app/Contents/Developer/Platforms/MacOSX.platform/Developer/SDKs/MacOSX26.1.sdk/System/Library/Frameworks/CoreServices.framework/Frameworks/CarbonCore.framework/Headers/AIFF.h
/Applications/Xcode.app/Contents/Developer/Toolchains/XcodeDefault.xctoolchain/usr/lib/swift/clang/include/module.modulemap
/Applications/Xcode.app/Contents/Developer/Platforms/MacOSX.platform/Developer/SDKs/MacOSX26.1.sdk/System/Library/Frameworks/CoreServices.framework/Frameworks/CarbonCore.framework/Headers/TextEncodingPlugin.h
/Applications/Xcode.app/Contents/Developer/Platforms/MacOSX.platform/Developer/SDKs/MacOSX26.1.sdk/System/Library/Frameworks/CoreServices.framework/Frameworks/AE.framework/Headers/AEDataModel.h
/Applications/Xcode.app/Contents/Developer/Platforms/MacOSX.platform/Developer/SDKs/MacOSX26.1.sdk/System/Library/Frameworks/CoreServices.framework/Frameworks/AE.framework/Headers/AppleEvents.h
/Applications/Xcode.app/Contents/Developer/Platforms/MacOSX.platform/Developer/SDKs/MacOSX26.1.sdk/System/Library/Frameworks/CoreServices.framework/Frameworks/AE.framework/Headers/AEPackObject.h
/Applications/Xcode.app/Contents/Developer/Platforms/MacOSX.platform/Developer/SDKs/MacOSX26.1.sdk/System/Library/Frameworks/CoreServices.framework/Frameworks/AE.framework/Headers/AEObjects.h
/Applications/Xcode.app/Contents/Developer/Platforms/MacOSX.platform/Developer/SDKs/MacOSX26.1.sdk/System/Library/Frameworks/CoreServices.framework/Frameworks/AE.framework/Headers/AERegistry.h
/Applications/Xcode.app/Contents/Developer/Platforms/MacOSX.platform/Developer/SDKs/MacOSX26.1.sdk/System/Library/Frameworks/CoreServices.framework/Frameworks/AE.framework/Headers/AEUserTermTypes.h
/Applications/Xcode.app/Contents/Developer/Platforms/MacOSX.platform/Developer/SDKs/MacOSX26.1.sdk/System/Library/Frameworks/CoreServices.framework/Frameworks/AE.framework/Headers/AEHelpers.h
/Applications/Xcode.app/Contents/Developer/Toolchains/XcodeDefault.xctoolchain/usr/lib/swift/clang/include/stdarg.h
/Applications/Xcode.app/Contents/Developer/Platforms/MacOSX.platform/Developer/SDKs/MacOSX26.1.sdk/System/Library/Frameworks/CoreServices.framework/Frameworks/AE.framework/Headers/AEMach.h
/Applications/Xcode.app/Contents/Developer/Platforms/MacOSX.platform/Developer/SDKs/MacOSX26.1.sdk/System/Library/Frameworks/CFNetwork.framework/Modules/module.modulemap
/Applications/Xcode.app/Contents/Developer/Platforms/MacOSX.platform/Developer/SDKs/MacOSX26.1.sdk/System/Library/Frameworks/CoreServices.framework/Frameworks/DictionaryServices.framework/Headers/DictionaryServices.h
/Applications/Xcode.app/Contents/Developer/Platforms/MacOSX.platform/Developer/SDKs/MacOSX26.1.sdk/System/Library/Frameworks/CoreServices.framework/Frameworks/LaunchServices.framework/Headers/LaunchServices.h
/Applications/Xcode.app/Contents/Developer/Platforms/MacOSX.platform/Developer/SDKs/MacOSX26.1.sdk/System/Library/Frameworks/CoreServices.framework/Frameworks/LaunchServices.framework/Headers/IconsCore.h
/Applications/Xcode.app/Contents/Developer/Platforms/MacOSX.platform/Developer/SDKs/MacOSX26.1.sdk/System/Library/Frameworks/CoreServices.framework/Frameworks/OSServices.framework/Headers/OSServices.h
/Applications/Xcode.app/Contents/Developer/Platforms/MacOSX.platform/Developer/SDKs/MacOSX26.1.sdk/System/Library/Frameworks/CoreServices.framework/Frameworks/OSServices.framework/Headers/CSIdentity.h
/Applications/Xcode.app/Contents/Developer/Platforms/MacOSX.platform/Developer/SDKs/MacOSX26.1.sdk/System/Library/Frameworks/CoreServices.framework/Frameworks/OSServices.framework/Headers/CSIdentityBase.h
/Applications/Xcode.app/Contents/Developer/Platforms/MacOSX.platform/Developer/SDKs/MacOSX26.1.sdk/System/Library/Frameworks/Security.framework/Modules/module.modulemap
/Applications/Xcode.app/Contents/Developer/Platforms/MacOSX.platform/Developer/SDKs/MacOSX26.1.sdk/System/Library/Frameworks/CoreServices.framework/Frameworks/OSServices.framework/Headers/CSIdentityAuthority.h
/Applications/Xcode.app/Contents/Developer/Platforms/MacOSX.platform/Developer/SDKs/MacOSX26.1.sdk/System/Library/Frameworks/CoreServices.framework/Frameworks/OSServices.framework/Headers/CSIdentityQuery.h
/Applications/Xcode.app/Contents/Developer/Platforms/MacOSX.platform/Developer/SDKs/MacOSX26.1.sdk/System/Library/Frameworks/CoreServices.framework/Frameworks/OSServices.framework/Headers/IconStorage.h
/Applications/Xcode.app/Contents/Developer/Platforms/MacOSX.platform/Developer/SDKs/MacOSX26.1.sdk/System/Library/Frameworks/CoreServices.framework/Frameworks/OSServices.framework/Headers/Power.h
/Applications/Xcode.app/Contents/Developer/Platforms/MacOSX.platform/Developer/SDKs/MacOSX26.1.sdk/System/Library/Frameworks/CoreServices.framework/Frameworks/OSServices.framework/Headers/SecurityCore.h
/Applications/Xcode.app/Contents/Developer/Platforms/MacOSX.platform/Developer/SDKs/MacOSX26.1.sdk/System/Library/Frameworks/CoreServices.framework/Frameworks/OSServices.framework/Headers/KeychainCore.h
/Applications/Xcode.app/Contents/Developer/Platforms/MacOSX.platform/Developer/SDKs/MacOSX26.1.sdk/System/Library/Frameworks/CoreServices.framework/Frameworks/OSServices.framework/Headers/WSMethodInvocation.h
/Applications/Xcode.app/Contents/Developer/Platforms/MacOSX.platform/Developer/SDKs/MacOSX26.1.sdk/System/Library/Frameworks/CoreServices.framework/Frameworks/OSServices.framework/Headers/WSTypes.h
/Applications/Xcode.app/Contents/Developer/Platforms/MacOSX.platform/Developer/SDKs/MacOSX26.1.sdk/System/Library/Frameworks/CoreServices.framework/Frameworks/OSServices.framework/Headers/WSProtocolHandler.h
/Applications/Xcode.app/Contents/Developer/Platforms/MacOSX.platform/Developer/SDKs/MacOSX26.1.sdk/System/Library/Frameworks/CoreServices.framework/Frameworks/LaunchServices.framework/Headers/LSConstants.h
/Applications/Xcode.app/Contents/Developer/Platforms/MacOSX.platform/Developer/SDKs/MacOSX26.1.sdk/System/Library/Frameworks/CoreServices.framework/Frameworks/LaunchServices.framework/Headers/LSInfo.h
/Applications/Xcode.app/Contents/Developer/Platforms/MacOSX.platform/Developer/SDKs/MacOSX26.1.sdk/System/Library/Frameworks/CoreServices.framework/Frameworks/LaunchServices.framework/Headers/LSInfoDeprecated.h
/Applications/Xcode.app/Contents/Developer/Platforms/MacOSX.platform/Developer/SDKs/MacOSX26.1.sdk/System/Library/Frameworks/CoreServices.framework/Frameworks/LaunchServices.framework/Headers/LSOpen.h
/Applications/Xcode.app/Contents/Developer/Platforms/MacOSX.platform/Developer/SDKs/MacOSX26.1.sdk/System/Library/Frameworks/CoreServices.framework/Frameworks/LaunchServices.framework/Headers/LSOpenDeprecated.h
/Applications/Xcode.app/Contents/Developer/Platforms/MacOSX.platform/Developer/SDKs/MacOSX26.1.sdk/System/Library/Frameworks/CoreServices.framework/Frameworks/LaunchServices.framework/Headers/LSQuarantine.h
/Applications/Xcode.app/Contents/Developer/Platforms/MacOSX.platform/Developer/SDKs/MacOSX26.1.sdk/System/Library/Frameworks/CoreServices.framework/Frameworks/LaunchServices.framework/Headers/UTCoreTypes.h
/Applications/Xcode.app/Contents/Developer/Platforms/MacOSX.platform/Developer/SDKs/MacOSX26.1.sdk/System/Library/Frameworks/CoreServices.framework/Frameworks/LaunchServices.framework/Headers/UTType.h
/Applications/Xcode.app/Contents/Developer/Platforms/MacOSX.platform/Developer/SDKs/MacOSX26.1.sdk/System/Library/Frameworks/CoreServices.framework/Frameworks/Metadata.framework/Headers/Metadata.h
/Applications/Xcode.app/Contents/Developer/Platforms/MacOSX.platform/Developer/SDKs/MacOSX26.1.sdk/System/Library/Frameworks/CoreServices.framework/Frameworks/Metadata.framework/Headers/MDItem.h
/Applications/Xcode.app/Contents/Developer/Platforms/MacOSX.platform/Developer/SDKs/MacOSX26.1.sdk/System/Library/Frameworks/CoreServices.framework/Frameworks/Metadata.framework/Headers/MDLabel.h
/Applications/Xcode.app/Contents/Developer/Platforms/MacOSX.platform/Developer/SDKs/MacOSX26.1.sdk/System/Library/Frameworks/CoreServices.framework/Frameworks/Metadata.framework/Headers/MDQuery.h
/Applications/Xcode.app/Contents/Developer/Platforms/MacOSX.platform/Developer/SDKs/MacOSX26.1.sdk/System/Library/Frameworks/CoreServices.framework/Frameworks/Metadata.framework/Headers/MDSchema.h
/Applications/Xcode.app/Contents/Developer/Platforms/MacOSX.platform/Developer/SDKs/MacOSX26.1.sdk/System/Library/Frameworks/CoreServices.framework/Frameworks/Metadata.framework/Headers/MDImporter.h
/Applications/Xcode.app/Contents/Developer/Platforms/MacOSX.platform/Developer/SDKs/MacOSX26.1.sdk/System/Library/Frameworks/CoreServices.framework/Frameworks/SearchKit.framework/Headers/SearchKit.h
/Applications/Xcode.app/Contents/Developer/Platforms/MacOSX.platform/Developer/SDKs/MacOSX26.1.sdk/System/Library/Frameworks/CoreServices.framework/Frameworks/SearchKit.framework/Headers/SKDocument.h
/Applications/Xcode.app/Contents/Developer/Platforms/MacOSX.platform/Developer/SDKs/MacOSX26.1.sdk/System/Library/Frameworks/CoreServices.framework/Frameworks/SearchKit.framework/Headers/SKAnalysis.h
/Applications/Xcode.app/Contents/Developer/Platforms/MacOSX.platform/Developer/SDKs/MacOSX26.1.sdk/System/Library/Frameworks/CoreServices.framework/Frameworks/SearchKit.framework/Headers/SKIndex.h
/Applications/Xcode.app/Contents/Developer/Platforms/MacOSX.platform/Developer/SDKs/MacOSX26.1.sdk/System/Library/Frameworks/CoreServices.framework/Frameworks/SearchKit.framework/Headers/SKSearch.h
/Applications/Xcode.app/Contents/Developer/Platforms/MacOSX.platform/Developer/SDKs/MacOSX26.1.sdk/System/Library/Frameworks/CoreServices.framework/Frameworks/SearchKit.framework/Headers/SKSummary.h
/Applications/Xcode.app/Contents/Developer/Platforms/MacOSX.platform/Developer/SDKs/MacOSX26.1.sdk/System/Library/Frameworks/CoreServices.framework/Frameworks/FSEvents.framework/Headers/FSEvents.h
/Applications/Xcode.app/Contents/Developer/Platforms/MacOSX.platform/Developer/SDKs/MacOSX26.1.sdk/System/Library/Frameworks/CoreServices.framework/Frameworks/SharedFileList.framework/Headers/SharedFileList.h
/Applications/Xcode.app/Contents/Developer/Platforms/MacOSX.platform/Developer/SDKs/MacOSX26.1.sdk/System/Library/Frameworks/CoreServices.framework/Frameworks/SharedFileList.framework/Headers/LSSharedFileList.h
/Applications/Xcode.app/Contents/Developer/Platforms/MacOSX.platform/Developer/SDKs/MacOSX26.1.sdk/SDKSettings.json
/Applications/Xcode.app/Contents/Developer/Platforms/MacOSX.platform/Developer/SDKs/MacOSX26.1.sdk/System/Library/Frameworks/CoreText.framework/Headers/CoreText.apinotes
/Applications/Xcode.app/Contents/Developer/Platforms/MacOSX.platform/Developer/SDKs/MacOSX26.1.sdk/System/Library/Frameworks/CoreText.framework/Modules/module.modulemap
/Applications/Xcode.app/Contents/Developer/Platforms/MacOSX.platform/Developer/SDKs/MacOSX26.1.sdk/System/Library/Frameworks/CoreText.framework/Headers/CoreText.h
/Applications/Xcode.app/Contents/Developer/Platforms/MacOSX.platform/Developer/SDKs/MacOSX26.1.sdk/System/Library/Frameworks/CoreText.framework/Headers/CTFont.h
/Applications/Xcode.app/Contents/Developer/Platforms/MacOSX.platform/Developer/SDKs/MacOSX26.1.sdk/System/Library/Frameworks/CoreText.framework/Headers/CTFontDescriptor.h
/Applications/Xcode.app/Contents/Developer/Platforms/MacOSX.platform/Developer/SDKs/MacOSX26.1.sdk/System/Library/Frameworks/CoreText.framework/Headers/CTFontTraits.h
/Applications/Xcode.app/Contents/Developer/Platforms/MacOSX.platform/Developer/SDKs/MacOSX26.1.sdk/System/Library/Frameworks/CoreText.framework/Headers/CTDefines.h
/Applications/Xcode.app/Contents/Developer/Platforms/MacOSX.platform/Developer/SDKs/MacOSX26.1.sdk/usr/include/Darwin.modulemap
/Applications/Xcode.app/Contents/Developer/Platforms/MacOSX.platform/Developer/SDKs/MacOSX26.1.sdk/usr/include/Darwin_C.modulemap
/Applications/Xcode.app/Contents/Developer/Platforms/MacOSX.platform/Developer/SDKs/MacOSX26.1.sdk/usr/include/Darwin_POSIX.modulemap
/Applications/Xcode.app/Contents/Developer/Platforms/MacOSX.platform/Developer/SDKs/MacOSX26.1.sdk/usr/include/net.modulemap
/Applications/Xcode.app/Contents/Developer/Platforms/MacOSX.platform/Developer/SDKs/MacOSX26.1.sdk/usr/include/netinet.modulemap
/Applications/Xcode.app/Contents/Developer/Platforms/MacOSX.platform/Developer/SDKs/MacOSX26.1.sdk/usr/include/bank.modulemap
/Applications/Xcode.app/Contents/Developer/Platforms/MacOSX.platform/Developer/SDKs/MacOSX26.1.sdk/usr/include/Darwin_Mach.modulemap
/Applications/Xcode.app/Contents/Developer/Platforms/MacOSX.platform/Developer/SDKs/MacOSX26.1.sdk/usr/include/Darwin_Mach_machine.modulemap
/Applications/Xcode.app/Contents/Developer/Platforms/MacOSX.platform/Developer/SDKs/MacOSX26.1.sdk/usr/include/mach_debug.modulemap
/Applications/Xcode.app/Contents/Developer/Platforms/MacOSX.platform/Developer/SDKs/MacOSX26.1.sdk/usr/include/device.modulemap
/Applications/Xcode.app/Contents/Developer/Platforms/MacOSX.platform/Developer/SDKs/MacOSX26.1.sdk/usr/include/Darwin_machine.modulemap
/Applications/Xcode.app/Contents/Developer/Platforms/MacOSX.platform/Developer/SDKs/MacOSX26.1.sdk/usr/include/ncurses.modulemap
/Applications/Xcode.app/Contents/Developer/Platforms/MacOSX.platform/Developer/SDKs/MacOSX26.1.sdk/usr/include/netinet6.modulemap
/Applications/Xcode.app/Contents/Developer/Platforms/MacOSX.platform/Developer/SDKs/MacOSX26.1.sdk/usr/include/Darwin_sys.modulemap
/Applications/Xcode.app/Contents/Developer/Platforms/MacOSX.platform/Developer/SDKs/MacOSX26.1.sdk/usr/include/uuid.modulemap
/Applications/Xcode.app/Contents/Developer/Platforms/MacOSX.platform/Developer/SDKs/MacOSX26.1.sdk/usr/include/DarwinFoundation1.modulemap
/Applications/Xcode.app/Contents/Developer/Platforms/MacOSX.platform/Developer/SDKs/MacOSX26.1.sdk/System/Library/Frameworks/CoreFoundation.framework/Modules/module.modulemap
/Applications/Xcode.app/Contents/Developer/Platforms/MacOSX.platform/Developer/SDKs/MacOSX26.1.sdk/System/Library/Frameworks/CoreGraphics.framework/Modules/module.modulemap
/Applications/Xcode.app/Contents/Developer/Platforms/MacOSX.platform/Developer/SDKs/MacOSX26.1.sdk/System/Library/Frameworks/CoreText.framework/Headers/CTFontCollection.h
/Applications/Xcode.app/Contents/Developer/Platforms/MacOSX.platform/Developer/SDKs/MacOSX26.1.sdk/System/Library/Frameworks/CoreText.framework/Headers/CTFontManager.h
/Applications/Xcode.app/Contents/Developer/Platforms/MacOSX.platform/Developer/SDKs/MacOSX26.1.sdk/System/Library/Frameworks/CoreText.framework/Headers/CTFontManagerErrors.h
/Applications/Xcode.app/Contents/Developer/Platforms/MacOSX.platform/Developer/SDKs/MacOSX26.1.sdk/System/Library/Frameworks/CoreText.framework/Headers/CTFrame.h
/Applications/Xcode.app/Contents/Developer/Platforms/MacOSX.platform/Developer/SDKs/MacOSX26.1.sdk/System/Library/Frameworks/CoreText.framework/Headers/CTFramesetter.h
/Applications/Xcode.app/Contents/Developer/Platforms/MacOSX.platform/Developer/SDKs/MacOSX26.1.sdk/System/Library/Frameworks/CoreText.framework/Headers/CTTypesetter.h
/Applications/Xcode.app/Contents/Developer/Platforms/MacOSX.platform/Developer/SDKs/MacOSX26.1.sdk/System/Library/Frameworks/CoreText.framework/Headers/CTLine.h
/Applications/Xcode.app/Contents/Developer/Platforms/MacOSX.platform/Developer/SDKs/MacOSX26.1.sdk/System/Library/Frameworks/CoreText.framework/Headers/CTGlyphInfo.h
/Applications/Xcode.app/Contents/Developer/Platforms/MacOSX.platform/Developer/SDKs/MacOSX26.1.sdk/System/Library/Frameworks/CoreText.framework/Headers/CTParagraphStyle.h
/Applications/Xcode.app/Contents/Developer/Platforms/MacOSX.platform/Developer/SDKs/MacOSX26.1.sdk/System/Library/Frameworks/CoreText.framework/Headers/CTRubyAnnotation.h
/Applications/Xcode.app/Contents/Developer/Platforms/MacOSX.platform/Developer/SDKs/MacOSX26.1.sdk/System/Library/Frameworks/CoreText.framework/Headers/CTRun.h
/Applications/Xcode.app/Contents/Developer/Platforms/MacOSX.platform/Developer/SDKs/MacOSX26.1.sdk/System/Library/Frameworks/CoreText.framework/Headers/CTRunDelegate.h
/Applications/Xcode.app/Contents/Developer/Platforms/MacOSX.platform/Developer/SDKs/MacOSX26.1.sdk/System/Library/Frameworks/CoreText.framework/Headers/CTStringAttributes.h
/Applications/Xcode.app/Contents/Developer/Platforms/MacOSX.platform/Developer/SDKs/MacOSX26.1.sdk/System/Library/Frameworks/CoreText.framework/Headers/CTTextTab.h
/Applications/Xcode.app/Contents/Developer/Platforms/MacOSX.platform/Developer/SDKs/MacOSX26.1.sdk/System/Library/Frameworks/CoreText.framework/Headers/SFNTLayoutTypes.h
/Applications/Xcode.app/Contents/Developer/Platforms/MacOSX.platform/Developer/SDKs/MacOSX26.1.sdk/System/Library/Frameworks/CoreText.framework/Headers/SFNTTypes.h
/Applications/Xcode.app/Contents/Developer/Platforms/MacOSX.platform/Developer/SDKs/MacOSX26.1.sdk/SDKSettings.json
/Applications/Xcode.app/Contents/Developer/Toolchains/XcodeDefault.xctoolchain/usr/lib/swift/macosx/prebuilt-modules/26.1/CoreText.swiftmodule/arm64e-apple-macos.swiftmodule
/Applications/Xcode.app/Contents/Developer/Platforms/MacOSX.platform/Developer/SDKs/MacOSX26.1.sdk/System/Library/Frameworks/CoreTransferable.framework/Modules/module.modulemap
/Applications/Xcode.app/Contents/Developer/Platforms/MacOSX.platform/Developer/SDKs/MacOSX26.1.sdk/System/Library/Frameworks/CoreTransferable.framework/Headers/CoreTransferable.h
/Applications/Xcode.app/Contents/Developer/Platforms/MacOSX.platform/Developer/SDKs/MacOSX26.1.sdk/System/Library/Frameworks/Foundation.framework/Modules/module.modulemap
/Applications/Xcode.app/Contents/Developer/Platforms/MacOSX.platform/Developer/SDKs/MacOSX26.1.sdk/SDKSettings.json
/Applications/Xcode.app/Contents/Developer/Toolchains/XcodeDefault.xctoolchain/usr/lib/swift/macosx/prebuilt-modules/26.1/CoreTransferable.swiftmodule/arm64e-apple-macos.swiftmodule
/Applications/Xcode.app/Contents/Developer/Toolchains/XcodeDefault.xctoolchain/usr/lib/swift/macosx/prebuilt-modules/26.1/CoreVideo.swiftmodule/arm64e-apple-macos.swiftmodule
/Applications/Xcode.app/Contents/Developer/Platforms/MacOSX.platform/Developer/SDKs/MacOSX26.1.sdk/System/Library/Frameworks/CoreVideo.framework/Modules/module.modulemap
/Applications/Xcode.app/Contents/Developer/Platforms/MacOSX.platform/Developer/SDKs/MacOSX26.1.sdk/System/Library/Frameworks/CoreVideo.framework/Headers/CoreVideo.h
/Applications/Xcode.app/Contents/Developer/Platforms/MacOSX.platform/Developer/SDKs/MacOSX26.1.sdk/usr/include/DarwinFoundation1.modulemap
/Applications/Xcode.app/Contents/Developer/Platforms/MacOSX.platform/Developer/SDKs/MacOSX26.1.sdk/System/Library/Frameworks/CoreVideo.framework/Headers/CVReturn.h
/Applications/Xcode.app/Contents/Developer/Platforms/MacOSX.platform/Developer/SDKs/MacOSX26.1.sdk/System/Library/Frameworks/CoreVideo.framework/Headers/CVBase.h
/Applications/Xcode.app/Contents/Developer/Toolchains/XcodeDefault.xctoolchain/usr/lib/swift/clang/include/module.modulemap
/Applications/Xcode.app/Contents/Developer/Platforms/MacOSX.platform/Developer/SDKs/MacOSX26.1.sdk/System/Library/Frameworks/CoreFoundation.framework/Modules/module.modulemap
/Applications/Xcode.app/Contents/Developer/Platforms/MacOSX.platform/Developer/SDKs/MacOSX26.1.sdk/System/Library/Frameworks/CoreVideo.framework/Headers/CVHostTime.h
/Applications/Xcode.app/Contents/Developer/Platforms/MacOSX.platform/Developer/SDKs/MacOSX26.1.sdk/System/Library/Frameworks/CoreVideo.framework/Headers/CVDisplayLink.h
/Applications/Xcode.app/Contents/Developer/Platforms/MacOSX.platform/Developer/SDKs/MacOSX26.1.sdk/System/Library/Frameworks/CoreGraphics.framework/Modules/module.modulemap
/Applications/Xcode.app/Contents/Developer/Platforms/MacOSX.platform/Developer/SDKs/MacOSX26.1.sdk/System/Library/Frameworks/OpenGL.framework/Modules/module.modulemap
/Applications/Xcode.app/Contents/Developer/Platforms/MacOSX.platform/Developer/SDKs/MacOSX26.1.sdk/System/Library/Frameworks/CoreVideo.framework/Headers/CVBuffer.h
/Applications/Xcode.app/Contents/Developer/Toolchains/XcodeDefault.xctoolchain/usr/lib/swift/clang/include/stddef.h
/Applications/Xcode.app/Contents/Developer/Platforms/MacOSX.platform/Developer/SDKs/MacOSX26.1.sdk/System/Library/Frameworks/CoreVideo.framework/Headers/CVPixelBuffer.h
/Applications/Xcode.app/Contents/Developer/Platforms/MacOSX.platform/Developer/SDKs/MacOSX26.1.sdk/System/Library/Frameworks/CoreVideo.framework/Headers/CVImageBuffer.h
/Applications/Xcode.app/Contents/Developer/Platforms/MacOSX.platform/Developer/SDKs/MacOSX26.1.sdk/System/Library/Frameworks/ApplicationServices.framework/Modules/module.modulemap
/Applications/Xcode.app/Contents/Developer/Platforms/MacOSX.platform/Developer/SDKs/MacOSX26.1.sdk/System/Library/Frameworks/CoreVideo.framework/Headers/CVPixelBufferIOSurface.h
/Applications/Xcode.app/Contents/Developer/Platforms/MacOSX.platform/Developer/SDKs/MacOSX26.1.sdk/System/Library/Frameworks/IOSurface.framework/Modules/module.modulemap
/Applications/Xcode.app/Contents/Developer/Platforms/MacOSX.platform/Developer/SDKs/MacOSX26.1.sdk/System/Library/Frameworks/CoreVideo.framework/Headers/CVPixelBufferPool.h
/Applications/Xcode.app/Contents/Developer/Platforms/MacOSX.platform/Developer/SDKs/MacOSX26.1.sdk/System/Library/Frameworks/CoreVideo.framework/Headers/CVOpenGLBuffer.h
/Applications/Xcode.app/Contents/Developer/Platforms/MacOSX.platform/Developer/SDKs/MacOSX26.1.sdk/System/Library/Frameworks/CoreVideo.framework/Headers/CVOpenGLBufferPool.h
/Applications/Xcode.app/Contents/Developer/Platforms/MacOSX.platform/Developer/SDKs/MacOSX26.1.sdk/System/Library/Frameworks/CoreVideo.framework/Headers/CVOpenGLTexture.h
/Applications/Xcode.app/Contents/Developer/Platforms/MacOSX.platform/Developer/SDKs/MacOSX26.1.sdk/System/Library/Frameworks/CoreVideo.framework/Headers/CVOpenGLTextureCache.h
/Applications/Xcode.app/Contents/Developer/Platforms/MacOSX.platform/Developer/SDKs/MacOSX26.1.sdk/System/Library/Frameworks/CoreVideo.framework/Headers/CVPixelFormatDescription.h
/Applications/Xcode.app/Contents/Developer/Platforms/MacOSX.platform/Developer/SDKs/MacOSX26.1.sdk/System/Library/Frameworks/CoreVideo.framework/Headers/CVMetalTexture.h
/Applications/Xcode.app/Contents/Developer/Platforms/MacOSX.platform/Developer/SDKs/MacOSX26.1.sdk/System/Library/Frameworks/CoreVideo.framework/Headers/CVMetalTextureCache.h
/Applications/Xcode.app/Contents/Developer/Platforms/MacOSX.platform/Developer/SDKs/MacOSX26.1.sdk/System/Library/Frameworks/Metal.framework/Modules/module.modulemap
/Applications/Xcode.app/Contents/Developer/Platforms/MacOSX.platform/Developer/SDKs/MacOSX26.1.sdk/System/Library/Frameworks/CoreVideo.framework/Headers/CVMetalBuffer.h
/Applications/Xcode.app/Contents/Developer/Platforms/MacOSX.platform/Developer/SDKs/MacOSX26.1.sdk/System/Library/Frameworks/CoreVideo.framework/Headers/CVMetalBufferCache.h
/Applications/Xcode.app/Contents/Developer/Platforms/MacOSX.platform/Developer/SDKs/MacOSX26.1.sdk/SDKSettings.json
/Applications/Xcode.app/Contents/Developer/Platforms/MacOSX.platform/Developer/SDKs/MacOSX26.1.sdk/usr/include/Darwin.modulemap
/Applications/Xcode.app/Contents/Developer/Platforms/MacOSX.platform/Developer/SDKs/MacOSX26.1.sdk/usr/include/Darwin_C.modulemap
/Applications/Xcode.app/Contents/Developer/Platforms/MacOSX.platform/Developer/SDKs/MacOSX26.1.sdk/usr/include/Darwin_POSIX.modulemap
/Applications/Xcode.app/Contents/Developer/Platforms/MacOSX.platform/Developer/SDKs/MacOSX26.1.sdk/usr/include/net.modulemap
/Applications/Xcode.app/Contents/Developer/Platforms/MacOSX.platform/Developer/SDKs/MacOSX26.1.sdk/usr/include/netinet.modulemap
/Applications/Xcode.app/Contents/Developer/Platforms/MacOSX.platform/Developer/SDKs/MacOSX26.1.sdk/usr/include/bank.modulemap
/Applications/Xcode.app/Contents/Developer/Platforms/MacOSX.platform/Developer/SDKs/MacOSX26.1.sdk/usr/include/Darwin_Mach.modulemap
/Applications/Xcode.app/Contents/Developer/Platforms/MacOSX.platform/Developer/SDKs/MacOSX26.1.sdk/usr/include/Darwin_Mach_machine.modulemap
/Applications/Xcode.app/Contents/Developer/Platforms/MacOSX.platform/Developer/SDKs/MacOSX26.1.sdk/usr/include/mach_debug.modulemap
/Applications/Xcode.app/Contents/Developer/Platforms/MacOSX.platform/Developer/SDKs/MacOSX26.1.sdk/usr/include/device.modulemap
/Applications/Xcode.app/Contents/Developer/Platforms/MacOSX.platform/Developer/SDKs/MacOSX26.1.sdk/usr/include/Darwin_machine.modulemap
/Applications/Xcode.app/Contents/Developer/Platforms/MacOSX.platform/Developer/SDKs/MacOSX26.1.sdk/usr/include/ncurses.modulemap
/Applications/Xcode.app/Contents/Developer/Platforms/MacOSX.platform/Developer/SDKs/MacOSX26.1.sdk/usr/include/netinet6.modulemap
/Applications/Xcode.app/Contents/Developer/Platforms/MacOSX.platform/Developer/SDKs/MacOSX26.1.sdk/usr/include/Darwin_sys.modulemap
/Applications/Xcode.app/Contents/Developer/Platforms/MacOSX.platform/Developer/SDKs/MacOSX26.1.sdk/usr/include/uuid.modulemap
/Applications/Xcode.app/Contents/Developer/Platforms/MacOSX.platform/Developer/SDKs/MacOSX26.1.sdk/usr/include/DarwinFoundation2.modulemap
/Applications/Xcode.app/Contents/Developer/Platforms/MacOSX.platform/Developer/SDKs/MacOSX26.1.sdk/usr/include/DarwinFoundation3.modulemap
/Applications/Xcode.app/Contents/Developer/Platforms/MacOSX.platform/Developer/SDKs/MacOSX26.1.sdk/usr/include/DarwinFoundation1.modulemap
/Applications/Xcode.app/Contents/Developer/Platforms/MacOSX.platform/Developer/SDKs/MacOSX26.1.sdk/usr/include/copyfile.h
/Applications/Xcode.app/Contents/Developer/Toolchains/XcodeDefault.xctoolchain/usr/lib/swift/clang/include/module.modulemap
/Applications/Xcode.app/Contents/Developer/Platforms/MacOSX.platform/Developer/SDKs/MacOSX26.1.sdk/usr/include/err.h
/Applications/Xcode.app/Contents/Developer/Platforms/MacOSX.platform/Developer/SDKs/MacOSX26.1.sdk/usr/include/readpassphrase.h
/Applications/Xcode.app/Contents/Developer/Platforms/MacOSX.platform/Developer/SDKs/MacOSX26.1.sdk/usr/include/util.h
/Applications/Xcode.app/Contents/Developer/Platforms/MacOSX.platform/Developer/SDKs/MacOSX26.1.sdk/usr/include/sys/ttycom.h
/Applications/Xcode.app/Contents/Developer/Platforms/MacOSX.platform/Developer/SDKs/MacOSX26.1.sdk/usr/include/sys/ioccom.h
/Applications/Xcode.app/Contents/Developer/Platforms/MacOSX.platform/Developer/SDKs/MacOSX26.1.sdk/usr/include/stdio.h
/Applications/Xcode.app/Contents/Developer/Platforms/MacOSX.platform/Developer/SDKs/MacOSX26.1.sdk/usr/include/pwd.h
/Applications/Xcode.app/Contents/Developer/Platforms/MacOSX.platform/Developer/SDKs/MacOSX26.1.sdk/usr/include/uuid/uuid.h
/Applications/Xcode.app/Contents/Developer/Platforms/MacOSX.platform/Developer/SDKs/MacOSX26.1.sdk/usr/include/termios.h
/Applications/Xcode.app/Contents/Developer/Platforms/MacOSX.platform/Developer/SDKs/MacOSX26.1.sdk/usr/include/sys/termios.h
/Applications/Xcode.app/Contents/Developer/Platforms/MacOSX.platform/Developer/SDKs/MacOSX26.1.sdk/usr/include/sys/ttydefaults.h
/Applications/Xcode.app/Contents/Developer/Platforms/MacOSX.platform/Developer/SDKs/MacOSX26.1.sdk/usr/include/utmp.h
/Applications/Xcode.app/Contents/Developer/Platforms/MacOSX.platform/Developer/SDKs/MacOSX26.1.sdk/usr/include/xattr_flags.h
/Applications/Xcode.app/Contents/Developer/Platforms/MacOSX.platform/Developer/SDKs/MacOSX26.1.sdk/usr/include/_modules/_darwin_c_ctype.h
/Applications/Xcode.app/Contents/Developer/Platforms/MacOSX.platform/Developer/SDKs/MacOSX26.1.sdk/usr/include/ctype.h
/Applications/Xcode.app/Contents/Developer/Platforms/MacOSX.platform/Developer/SDKs/MacOSX26.1.sdk/usr/include/_modules/_darwin_c_errno.h
/Applications/Xcode.app/Contents/Developer/Platforms/MacOSX.platform/Developer/SDKs/MacOSX26.1.sdk/usr/include/_modules/_darwin_c_inttypes.h
/Applications/Xcode.app/Contents/Developer/Platforms/MacOSX.platform/Developer/SDKs/MacOSX26.1.sdk/usr/include/_modules/_darwin_c_limits.h
/Applications/Xcode.app/Contents/Developer/Platforms/MacOSX.platform/Developer/SDKs/MacOSX26.1.sdk/usr/include/_modules/_darwin_c_signal.h
/Applications/Xcode.app/Contents/Developer/Platforms/MacOSX.platform/Developer/SDKs/MacOSX26.1.sdk/usr/include/_modules/_darwin_c_stdarg.h
/Applications/Xcode.app/Contents/Developer/Toolchains/XcodeDefault.xctoolchain/usr/lib/swift/clang/include/stdarg.h
/Applications/Xcode.app/Contents/Developer/Platforms/MacOSX.platform/Developer/SDKs/MacOSX26.1.sdk/usr/include/_modules/_darwin_c_stdbool.h
/Applications/Xcode.app/Contents/Developer/Platforms/MacOSX.platform/Developer/SDKs/MacOSX26.1.sdk/usr/include/_modules/_darwin_c_stddef.h
/Applications/Xcode.app/Contents/Developer/Toolchains/XcodeDefault.xctoolchain/usr/lib/swift/clang/include/stddef.h
/Applications/Xcode.app/Contents/Developer/Platforms/MacOSX.platform/Developer/SDKs/MacOSX26.1.sdk/usr/include/_modules/_darwin_c_stdint.h
/Applications/Xcode.app/Contents/Developer/Platforms/MacOSX.platform/Developer/SDKs/MacOSX26.1.sdk/usr/include/_modules/_darwin_c_stdio.h
/Applications/Xcode.app/Contents/Developer/Platforms/MacOSX.platform/Developer/SDKs/MacOSX26.1.sdk/usr/include/_modules/_darwin_c_stdlib.h
/Applications/Xcode.app/Contents/Developer/Platforms/MacOSX.platform/Developer/SDKs/MacOSX26.1.sdk/usr/include/stdlib.h
/Applications/Xcode.app/Contents/Developer/Platforms/MacOSX.platform/Developer/SDKs/MacOSX26.1.sdk/usr/include/_modules/_darwin_c_string.h
/Applications/Xcode.app/Contents/Developer/Platforms/MacOSX.platform/Developer/SDKs/MacOSX26.1.sdk/usr/include/string.h
/Applications/Xcode.app/Contents/Developer/Platforms/MacOSX.platform/Developer/SDKs/MacOSX26.1.sdk/usr/include/_modules/_darwin_c_time.h
/Applications/Xcode.app/Contents/Developer/Platforms/MacOSX.platform/Developer/SDKs/MacOSX26.1.sdk/usr/include/time.h
/Applications/Xcode.app/Contents/Developer/Platforms/MacOSX.platform/Developer/SDKs/MacOSX26.1.sdk/usr/include/_modules/_darwin_c_wchar.h
/Applications/Xcode.app/Contents/Developer/Platforms/MacOSX.platform/Developer/SDKs/MacOSX26.1.sdk/usr/include/wchar.h
/Applications/Xcode.app/Contents/Developer/Platforms/MacOSX.platform/Developer/SDKs/MacOSX26.1.sdk/usr/include/aio.h
/Applications/Xcode.app/Contents/Developer/Platforms/MacOSX.platform/Developer/SDKs/MacOSX26.1.sdk/usr/include/sys/aio.h
/Applications/Xcode.app/Contents/Developer/Platforms/MacOSX.platform/Developer/SDKs/MacOSX26.1.sdk/usr/include/sys/_types/_o_sync.h
/Applications/Xcode.app/Contents/Developer/Platforms/MacOSX.platform/Developer/SDKs/MacOSX26.1.sdk/usr/include/sys/_types/_o_dsync.h
/Applications/Xcode.app/Contents/Developer/Platforms/MacOSX.platform/Developer/SDKs/MacOSX26.1.sdk/usr/include/arpa/inet.h
/Applications/Xcode.app/Contents/Developer/Platforms/MacOSX.platform/Developer/SDKs/MacOSX26.1.sdk/usr/include/netinet/in.h
/Applications/Xcode.app/Contents/Developer/Platforms/MacOSX.platform/Developer/SDKs/MacOSX26.1.sdk/usr/include/sys/socket.h
/Applications/Xcode.app/Contents/Developer/Platforms/MacOSX.platform/Developer/SDKs/MacOSX26.1.sdk/usr/include/sys/constrained_ctypes.h
/Applications/Xcode.app/Contents/Developer/Platforms/MacOSX.platform/Developer/SDKs/MacOSX26.1.sdk/usr/include/machine/_param.h
/Applications/Xcode.app/Contents/Developer/Platforms/MacOSX.platform/Developer/SDKs/MacOSX26.1.sdk/usr/include/arm/_param.h
/Applications/Xcode.app/Contents/Developer/Platforms/MacOSX.platform/Developer/SDKs/MacOSX26.1.sdk/usr/include/net/net_kev.h
/Applications/Xcode.app/Contents/Developer/Platforms/MacOSX.platform/Developer/SDKs/MacOSX26.1.sdk/usr/include/sys/_types/_sa_family_t.h
/Applications/Xcode.app/Contents/Developer/Platforms/MacOSX.platform/Developer/SDKs/MacOSX26.1.sdk/usr/include/sys/_types/_socklen_t.h
/Applications/Xcode.app/Contents/Developer/Platforms/MacOSX.platform/Developer/SDKs/MacOSX26.1.sdk/usr/include/sys/_types/_iovec_t.h
/Applications/Xcode.app/Contents/Developer/Platforms/MacOSX.platform/Developer/SDKs/MacOSX26.1.sdk/usr/include/netinet6/in6.h
/Applications/Xcode.app/Contents/Developer/Platforms/MacOSX.platform/Developer/SDKs/MacOSX26.1.sdk/usr/include/cpio.h
/Applications/Xcode.app/Contents/Developer/Platforms/MacOSX.platform/Developer/SDKs/MacOSX26.1.sdk/usr/include/dirent.h
/Applications/Xcode.app/Contents/Developer/Platforms/MacOSX.platform/Developer/SDKs/MacOSX26.1.sdk/usr/include/sys/dirent.h
/Applications/Xcode.app/Contents/Developer/Platforms/MacOSX.platform/Developer/SDKs/MacOSX26.1.sdk/usr/include/sys/dir.h
/Applications/Xcode.app/Contents/Developer/Platforms/MacOSX.platform/Developer/SDKs/MacOSX26.1.sdk/usr/include/dlfcn.h
/Applications/Xcode.app/Contents/Developer/Platforms/MacOSX.platform/Developer/SDKs/MacOSX26.1.sdk/usr/include/fcntl.h
/Applications/Xcode.app/Contents/Developer/Platforms/MacOSX.platform/Developer/SDKs/MacOSX26.1.sdk/usr/include/sys/fcntl.h
/Applications/Xcode.app/Contents/Developer/Platforms/MacOSX.platform/Developer/SDKs/MacOSX26.1.sdk/usr/include/sys/_types/_s_ifmt.h
/Applications/Xcode.app/Contents/Developer/Platforms/MacOSX.platform/Developer/SDKs/MacOSX26.1.sdk/usr/include/sys/_types/_filesec_t.h
/Applications/Xcode.app/Contents/Developer/Platforms/MacOSX.platform/Developer/SDKs/MacOSX26.1.sdk/usr/include/fmtmsg.h
/Applications/Xcode.app/Contents/Developer/Platforms/MacOSX.platform/Developer/SDKs/MacOSX26.1.sdk/usr/include/fnmatch.h
/Applications/Xcode.app/Contents/Developer/Platforms/MacOSX.platform/Developer/SDKs/MacOSX26.1.sdk/usr/include/ftw.h
/Applications/Xcode.app/Contents/Developer/Platforms/MacOSX.platform/Developer/SDKs/MacOSX26.1.sdk/usr/include/sys/stat.h
/Applications/Xcode.app/Contents/Developer/Platforms/MacOSX.platform/Developer/SDKs/MacOSX26.1.sdk/usr/include/glob.h
/Applications/Xcode.app/Contents/Developer/Platforms/MacOSX.platform/Developer/SDKs/MacOSX26.1.sdk/usr/include/grp.h
/Applications/Xcode.app/Contents/Developer/Platforms/MacOSX.platform/Developer/SDKs/MacOSX26.1.sdk/usr/include/iconv.h
/Applications/Xcode.app/Contents/Developer/Platforms/MacOSX.platform/Developer/SDKs/MacOSX26.1.sdk/usr/include/ifaddrs.h
/Applications/Xcode.app/Contents/Developer/Platforms/MacOSX.platform/Developer/SDKs/MacOSX26.1.sdk/usr/include/sys/ioctl.h
/Applications/Xcode.app/Contents/Developer/Platforms/MacOSX.platform/Developer/SDKs/MacOSX26.1.sdk/usr/include/sys/filio.h
/Applications/Xcode.app/Contents/Developer/Platforms/MacOSX.platform/Developer/SDKs/MacOSX26.1.sdk/usr/include/sys/sockio.h
/Applications/Xcode.app/Contents/Developer/Platforms/MacOSX.platform/Developer/SDKs/MacOSX26.1.sdk/usr/include/net/if.h
/Applications/Xcode.app/Contents/Developer/Platforms/MacOSX.platform/Developer/SDKs/MacOSX26.1.sdk/usr/include/net/if_var.h
/Applications/Xcode.app/Contents/Developer/Platforms/MacOSX.platform/Developer/SDKs/MacOSX26.1.sdk/usr/include/sys/time.h
/Applications/Xcode.app/Contents/Developer/Platforms/MacOSX.platform/Developer/SDKs/MacOSX26.1.sdk/usr/include/sys/_types/_timeval64.h
/Applications/Xcode.app/Contents/Developer/Platforms/MacOSX.platform/Developer/SDKs/MacOSX26.1.sdk/usr/include/sys/_types/_timeval32.h
/Applications/Xcode.app/Contents/Developer/Platforms/MacOSX.platform/Developer/SDKs/MacOSX26.1.sdk/usr/include/_langinfo.h
/Applications/Xcode.app/Contents/Developer/Platforms/MacOSX.platform/Developer/SDKs/MacOSX26.1.sdk/usr/include/xlocale/_langinfo.h
/Applications/Xcode.app/Contents/Developer/Platforms/MacOSX.platform/Developer/SDKs/MacOSX26.1.sdk/usr/include/libgen.h
/Applications/Xcode.app/Contents/Developer/Platforms/MacOSX.platform/Developer/SDKs/MacOSX26.1.sdk/usr/include/_monetary.h
/Applications/Xcode.app/Contents/Developer/Platforms/MacOSX.platform/Developer/SDKs/MacOSX26.1.sdk/usr/include/xlocale/_monetary.h
/Applications/Xcode.app/Contents/Developer/Platforms/MacOSX.platform/Developer/SDKs/MacOSX26.1.sdk/usr/include/ndbm.h
/Applications/Xcode.app/Contents/Developer/Platforms/MacOSX.platform/Developer/SDKs/MacOSX26.1.sdk/usr/include/netdb.h
/Applications/Xcode.app/Contents/Developer/Platforms/MacOSX.platform/Developer/SDKs/MacOSX26.1.sdk/usr/include/net/if_dl.h
/Applications/Xcode.app/Contents/Developer/Platforms/MacOSX.platform/Developer/SDKs/MacOSX26.1.sdk/usr/include/net/if_types.h
/Applications/Xcode.app/Contents/Developer/Platforms/MacOSX.platform/Developer/SDKs/MacOSX26.1.sdk/usr/include/netinet/tcp.h
/Applications/Xcode.app/Contents/Developer/Platforms/MacOSX.platform/Developer/SDKs/MacOSX26.1.sdk/usr/include/poll.h
/Applications/Xcode.app/Contents/Developer/Platforms/MacOSX.platform/Developer/SDKs/MacOSX26.1.sdk/usr/include/sys/poll.h
/Applications/Xcode.app/Contents/Developer/Platforms/MacOSX.platform/Developer/SDKs/MacOSX26.1.sdk/usr/include/pthread/spawn.h
/Applications/Xcode.app/Contents/Developer/Platforms/MacOSX.platform/Developer/SDKs/MacOSX26.1.sdk/usr/include/spawn.h
/Applications/Xcode.app/Contents/Developer/Platforms/MacOSX.platform/Developer/SDKs/MacOSX26.1.sdk/usr/include/sys/spawn.h
/Applications/Xcode.app/Contents/Developer/Platforms/MacOSX.platform/Developer/SDKs/MacOSX26.1.sdk/usr/include/mach/exception_types.h
/Applications/Xcode.app/Contents/Developer/Platforms/MacOSX.platform/Developer/SDKs/MacOSX26.1.sdk/usr/include/mach/machine/exception.h
/Applications/Xcode.app/Contents/Developer/Platforms/MacOSX.platform/Developer/SDKs/MacOSX26.1.sdk/usr/include/mach/arm/exception.h
/Applications/Xcode.app/Contents/Developer/Platforms/MacOSX.platform/Developer/SDKs/MacOSX26.1.sdk/usr/include/mach/port.h
/Applications/Xcode.app/Contents/Developer/Platforms/MacOSX.platform/Developer/SDKs/MacOSX26.1.sdk/usr/include/mach/boolean.h
/Applications/Xcode.app/Contents/Developer/Platforms/MacOSX.platform/Developer/SDKs/MacOSX26.1.sdk/usr/include/mach/machine/boolean.h
/Applications/Xcode.app/Contents/Developer/Platforms/MacOSX.platform/Developer/SDKs/MacOSX26.1.sdk/usr/include/mach/arm/boolean.h
/Applications/Xcode.app/Contents/Developer/Platforms/MacOSX.platform/Developer/SDKs/MacOSX26.1.sdk/usr/include/mach/machine/vm_types.h
/Applications/Xcode.app/Contents/Developer/Platforms/MacOSX.platform/Developer/SDKs/MacOSX26.1.sdk/usr/include/mach/arm/vm_types.h
/Applications/Xcode.app/Contents/Developer/Platforms/MacOSX.platform/Developer/SDKs/MacOSX26.1.sdk/usr/include/mach/thread_status.h
/Applications/Xcode.app/Contents/Developer/Platforms/MacOSX.platform/Developer/SDKs/MacOSX26.1.sdk/usr/include/mach/machine/thread_status.h
/Applications/Xcode.app/Contents/Developer/Platforms/MacOSX.platform/Developer/SDKs/MacOSX26.1.sdk/usr/include/mach/arm/thread_status.h
/Applications/Xcode.app/Contents/Developer/Platforms/MacOSX.platform/Developer/SDKs/MacOSX26.1.sdk/usr/include/mach/machine/thread_state.h
/Applications/Xcode.app/Contents/Developer/Platforms/MacOSX.platform/Developer/SDKs/MacOSX26.1.sdk/usr/include/mach/arm/thread_state.h
/Applications/Xcode.app/Contents/Developer/Platforms/MacOSX.platform/Developer/SDKs/MacOSX26.1.sdk/usr/include/mach/message.h
/Applications/Xcode.app/Contents/Developer/Platforms/MacOSX.platform/Developer/SDKs/MacOSX26.1.sdk/usr/include/mach/kern_return.h
/Applications/Xcode.app/Contents/Developer/Platforms/MacOSX.platform/Developer/SDKs/MacOSX26.1.sdk/usr/include/mach/machine/kern_return.h
/Applications/Xcode.app/Contents/Developer/Platforms/MacOSX.platform/Developer/SDKs/MacOSX26.1.sdk/usr/include/mach/arm/kern_return.h
/Applications/Xcode.app/Contents/Developer/Platforms/MacOSX.platform/Developer/SDKs/MacOSX26.1.sdk/usr/include/mach/vm_types.h
/Applications/Xcode.app/Contents/Developer/Platforms/MacOSX.platform/Developer/SDKs/MacOSX26.1.sdk/usr/include/mach_debug/ipc_info.h
/Applications/Xcode.app/Contents/Developer/Platforms/MacOSX.platform/Developer/SDKs/MacOSX26.1.sdk/usr/include/mach/machine.h
/Applications/Xcode.app/Contents/Developer/Platforms/MacOSX.platform/Developer/SDKs/MacOSX26.1.sdk/usr/include/pthread/pthread_spis.h
/Applications/Xcode.app/Contents/Developer/Platforms/MacOSX.platform/Developer/SDKs/MacOSX26.1.sdk/usr/include/_modules/_darwin_posix_pthread_pthread.h
/Applications/Xcode.app/Contents/Developer/Platforms/MacOSX.platform/Developer/SDKs/MacOSX26.1.sdk/usr/include/_regex.h
/Applications/Xcode.app/Contents/Developer/Platforms/MacOSX.platform/Developer/SDKs/MacOSX26.1.sdk/usr/include/xlocale/_regex.h
/Applications/Xcode.app/Contents/Developer/Platforms/MacOSX.platform/Developer/SDKs/MacOSX26.1.sdk/usr/include/search.h
/Applications/Xcode.app/Contents/Developer/Platforms/MacOSX.platform/Developer/SDKs/MacOSX26.1.sdk/usr/include/semaphore.h
/Applications/Xcode.app/Contents/Developer/Platforms/MacOSX.platform/Developer/SDKs/MacOSX26.1.sdk/usr/include/sys/semaphore.h
/Applications/Xcode.app/Contents/Developer/Platforms/MacOSX.platform/Developer/SDKs/MacOSX26.1.sdk/usr/include/sys/posix_sem.h
/Applications/Xcode.app/Contents/Developer/Platforms/MacOSX.platform/Developer/SDKs/MacOSX26.1.sdk/usr/include/sys/proc.h
/Applications/Xcode.app/Contents/Developer/Platforms/MacOSX.platform/Developer/SDKs/MacOSX26.1.sdk/usr/include/sys/queue.h
/Applications/Xcode.app/Contents/Developer/Platforms/MacOSX.platform/Developer/SDKs/MacOSX26.1.sdk/usr/include/sys/lock.h
/Applications/Xcode.app/Contents/Developer/Platforms/MacOSX.platform/Developer/SDKs/MacOSX26.1.sdk/usr/include/sys/param.h
/Applications/Xcode.app/Contents/Developer/Platforms/MacOSX.platform/Developer/SDKs/MacOSX26.1.sdk/usr/include/machine/param.h
/Applications/Xcode.app/Contents/Developer/Platforms/MacOSX.platform/Developer/SDKs/MacOSX26.1.sdk/usr/include/arm/param.h
/Applications/Xcode.app/Contents/Developer/Platforms/MacOSX.platform/Developer/SDKs/MacOSX26.1.sdk/usr/include/sys/event.h
/Applications/Xcode.app/Contents/Developer/Platforms/MacOSX.platform/Developer/SDKs/MacOSX26.1.sdk/usr/include/strings.h
/Applications/Xcode.app/Contents/Developer/Platforms/MacOSX.platform/Developer/SDKs/MacOSX26.1.sdk/usr/include/sys/ipc.h
/Applications/Xcode.app/Contents/Developer/Platforms/MacOSX.platform/Developer/SDKs/MacOSX26.1.sdk/usr/include/sys/mman.h
/Applications/Xcode.app/Contents/Developer/Platforms/MacOSX.platform/Developer/SDKs/MacOSX26.1.sdk/usr/include/sys/msg.h
/Applications/Xcode.app/Contents/Developer/Platforms/MacOSX.platform/Developer/SDKs/MacOSX26.1.sdk/usr/include/sys/sem.h
/Applications/Xcode.app/Contents/Developer/Platforms/MacOSX.platform/Developer/SDKs/MacOSX26.1.sdk/usr/include/sys/shm.h
/Applications/Xcode.app/Contents/Developer/Platforms/MacOSX.platform/Developer/SDKs/MacOSX26.1.sdk/usr/include/sys/posix_shm.h
/Applications/Xcode.app/Contents/Developer/Platforms/MacOSX.platform/Developer/SDKs/MacOSX26.1.sdk/usr/include/sys/statvfs.h
/Applications/Xcode.app/Contents/Developer/Platforms/MacOSX.platform/Developer/SDKs/MacOSX26.1.sdk/usr/include/sys/times.h
/Applications/Xcode.app/Contents/Developer/Platforms/MacOSX.platform/Developer/SDKs/MacOSX26.1.sdk/usr/include/sys/_types/_fsid_t.h
/Applications/Xcode.app/Contents/Developer/Platforms/MacOSX.platform/Developer/SDKs/MacOSX26.1.sdk/usr/include/sys/_types/_fsobj_id_t.h
/Applications/Xcode.app/Contents/Developer/Platforms/MacOSX.platform/Developer/SDKs/MacOSX26.1.sdk/usr/include/sys/_types/_graftdmg_un.h
/Applications/Xcode.app/Contents/Developer/Platforms/MacOSX.platform/Developer/SDKs/MacOSX26.1.sdk/usr/include/sys/_types/_guid_t.h
/Applications/Xcode.app/Contents/Developer/Platforms/MacOSX.platform/Developer/SDKs/MacOSX26.1.sdk/usr/include/sys/_types/_mount_t.h
/Applications/Xcode.app/Contents/Developer/Platforms/MacOSX.platform/Developer/SDKs/MacOSX26.1.sdk/usr/include/sys/_types/_os_inline.h
/Applications/Xcode.app/Contents/Developer/Platforms/MacOSX.platform/Developer/SDKs/MacOSX26.1.sdk/usr/include/sys/_types/_ucontext64.h
/Applications/Xcode.app/Contents/Developer/Platforms/MacOSX.platform/Developer/SDKs/MacOSX26.1.sdk/usr/include/sys/_types/_vnode_t.h
/Applications/Xcode.app/Contents/Developer/Platforms/MacOSX.platform/Developer/SDKs/MacOSX26.1.sdk/usr/include/sys/uio.h
/Applications/Xcode.app/Contents/Developer/Platforms/MacOSX.platform/Developer/SDKs/MacOSX26.1.sdk/usr/include/sys/un.h
/Applications/Xcode.app/Contents/Developer/Platforms/MacOSX.platform/Developer/SDKs/MacOSX26.1.sdk/usr/include/sys/utsname.h
/Applications/Xcode.app/Contents/Developer/Platforms/MacOSX.platform/Developer/SDKs/MacOSX26.1.sdk/usr/include/sys/vsock.h
/Applications/Xcode.app/Contents/Developer/Platforms/MacOSX.platform/Developer/SDKs/MacOSX26.1.sdk/usr/include/sys/ucred.h
/Applications/Xcode.app/Contents/Developer/Platforms/MacOSX.platform/Developer/SDKs/MacOSX26.1.sdk/usr/include/bsm/audit.h
/Applications/Xcode.app/Contents/Developer/Platforms/MacOSX.platform/Developer/SDKs/MacOSX26.1.sdk/usr/include/sys/socketvar.h
/Applications/Xcode.app/Contents/Developer/Platforms/MacOSX.platform/Developer/SDKs/MacOSX26.1.sdk/usr/include/sys/xattr.h
/Applications/Xcode.app/Contents/Developer/Platforms/MacOSX.platform/Developer/SDKs/MacOSX26.1.sdk/usr/include/_modules/_darwin_posix_sys_resource.h
/Applications/Xcode.app/Contents/Developer/Platforms/MacOSX.platform/Developer/SDKs/MacOSX26.1.sdk/usr/include/_modules/_darwin_posix_sys_select.h
/Applications/Xcode.app/Contents/Developer/Platforms/MacOSX.platform/Developer/SDKs/MacOSX26.1.sdk/usr/include/_modules/_darwin_posix_sys_wait.h
/Applications/Xcode.app/Contents/Developer/Platforms/MacOSX.platform/Developer/SDKs/MacOSX26.1.sdk/usr/include/syslog.h
/Applications/Xcode.app/Contents/Developer/Platforms/MacOSX.platform/Developer/SDKs/MacOSX26.1.sdk/usr/include/sys/syslog.h
/Applications/Xcode.app/Contents/Developer/Platforms/MacOSX.platform/Developer/SDKs/MacOSX26.1.sdk/usr/include/tar.h
/Applications/Xcode.app/Contents/Developer/Platforms/MacOSX.platform/Developer/SDKs/MacOSX26.1.sdk/usr/include/ulimit.h
/Applications/Xcode.app/Contents/Developer/Platforms/MacOSX.platform/Developer/SDKs/MacOSX26.1.sdk/usr/include/utime.h
/Applications/Xcode.app/Contents/Developer/Platforms/MacOSX.platform/Developer/SDKs/MacOSX26.1.sdk/usr/include/utmpx.h
/Applications/Xcode.app/Contents/Developer/Platforms/MacOSX.platform/Developer/SDKs/MacOSX26.1.sdk/usr/include/wordexp.h
/Applications/Xcode.app/Contents/Developer/Platforms/MacOSX.platform/Developer/SDKs/MacOSX26.1.sdk/usr/include/_modules/_darwin_posix_nl_types.h
/Applications/Xcode.app/Contents/Developer/Platforms/MacOSX.platform/Developer/SDKs/MacOSX26.1.sdk/usr/include/_modules/_darwin_posix_sched.h
/Applications/Xcode.app/Contents/Developer/Platforms/MacOSX.platform/Developer/SDKs/MacOSX26.1.sdk/usr/include/_modules/_darwin_posix_unistd.h
/Applications/Xcode.app/Contents/Developer/Platforms/MacOSX.platform/Developer/SDKs/MacOSX26.1.sdk/usr/include/net/bpf.h
/Applications/Xcode.app/Contents/Developer/Platforms/MacOSX.platform/Developer/SDKs/MacOSX26.1.sdk/usr/include/net/dlil.h
/Applications/Xcode.app/Contents/Developer/Platforms/MacOSX.platform/Developer/SDKs/MacOSX26.1.sdk/usr/include/net/ethernet.h
/Applications/Xcode.app/Contents/Developer/Platforms/MacOSX.platform/Developer/SDKs/MacOSX26.1.sdk/usr/include/net/if_arp.h
/Applications/Xcode.app/Contents/Developer/Platforms/MacOSX.platform/Developer/SDKs/MacOSX26.1.sdk/usr/include/net/if_llc.h
/Applications/Xcode.app/Contents/Developer/Platforms/MacOSX.platform/Developer/SDKs/MacOSX26.1.sdk/usr/include/net/if_media.h
/Applications/Xcode.app/Contents/Developer/Platforms/MacOSX.platform/Developer/SDKs/MacOSX26.1.sdk/usr/include/net/if_mib.h
/Applications/Xcode.app/Contents/Developer/Platforms/MacOSX.platform/Developer/SDKs/MacOSX26.1.sdk/usr/include/net/if_utun.h
/Applications/Xcode.app/Contents/Developer/Platforms/MacOSX.platform/Developer/SDKs/MacOSX26.1.sdk/usr/include/net/if_var_status.h
/Applications/Xcode.app/Contents/Developer/Platforms/MacOSX.platform/Developer/SDKs/MacOSX26.1.sdk/usr/include/net/kext_net.h
/Applications/Xcode.app/Contents/Developer/Platforms/MacOSX.platform/Developer/SDKs/MacOSX26.1.sdk/usr/include/net/ndrv.h
/Applications/Xcode.app/Contents/Developer/Platforms/MacOSX.platform/Developer/SDKs/MacOSX26.1.sdk/usr/include/net/pfkeyv2.h
/Applications/Xcode.app/Contents/Developer/Platforms/MacOSX.platform/Developer/SDKs/MacOSX26.1.sdk/usr/include/net/route.h
/Applications/Xcode.app/Contents/Developer/Platforms/MacOSX.platform/Developer/SDKs/MacOSX26.1.sdk/usr/include/netinet/bootp.h
/Applications/Xcode.app/Contents/Developer/Platforms/MacOSX.platform/Developer/SDKs/MacOSX26.1.sdk/usr/include/netinet/ip.h
/Applications/Xcode.app/Contents/Developer/Platforms/MacOSX.platform/Developer/SDKs/MacOSX26.1.sdk/usr/include/netinet/in_systm.h
/Applications/Xcode.app/Contents/Developer/Platforms/MacOSX.platform/Developer/SDKs/MacOSX26.1.sdk/usr/include/netinet/udp.h
/Applications/Xcode.app/Contents/Developer/Platforms/MacOSX.platform/Developer/SDKs/MacOSX26.1.sdk/usr/include/netinet/icmp6.h
/Applications/Xcode.app/Contents/Developer/Platforms/MacOSX.platform/Developer/SDKs/MacOSX26.1.sdk/usr/include/netinet/icmp_var.h
/Applications/Xcode.app/Contents/Developer/Platforms/MacOSX.platform/Developer/SDKs/MacOSX26.1.sdk/usr/include/netinet/ip_icmp.h
/Applications/Xcode.app/Contents/Developer/Platforms/MacOSX.platform/Developer/SDKs/MacOSX26.1.sdk/usr/include/netinet/if_ether.h
/Applications/Xcode.app/Contents/Developer/Platforms/MacOSX.platform/Developer/SDKs/MacOSX26.1.sdk/usr/include/netinet/igmp.h
/Applications/Xcode.app/Contents/Developer/Platforms/MacOSX.platform/Developer/SDKs/MacOSX26.1.sdk/usr/include/netinet/igmp_var.h
/Applications/Xcode.app/Contents/Developer/Platforms/MacOSX.platform/Developer/SDKs/MacOSX26.1.sdk/usr/include/netinet/in_pcb.h
/Applications/Xcode.app/Contents/Developer/Platforms/MacOSX.platform/Developer/SDKs/MacOSX26.1.sdk/usr/include/netinet/in_var.h
/Applications/Xcode.app/Contents/Developer/Platforms/MacOSX.platform/Developer/SDKs/MacOSX26.1.sdk/usr/include/sys/protosw.h
/Applications/Xcode.app/Contents/Developer/Platforms/MacOSX.platform/Developer/SDKs/MacOSX26.1.sdk/usr/include/sys/kern_event.h
/Applications/Xcode.app/Contents/Developer/Platforms/MacOSX.platform/Developer/SDKs/MacOSX26.1.sdk/usr/include/sys/sys_domain.h
/Applications/Xcode.app/Contents/Developer/Platforms/MacOSX.platform/Developer/SDKs/MacOSX26.1.sdk/usr/include/netinet6/in6_var.h
/Applications/Xcode.app/Contents/Developer/Platforms/MacOSX.platform/Developer/SDKs/MacOSX26.1.sdk/usr/include/netinet6/scope6_var.h
/Applications/Xcode.app/Contents/Developer/Platforms/MacOSX.platform/Developer/SDKs/MacOSX26.1.sdk/usr/include/netinet/ip6.h
/Applications/Xcode.app/Contents/Developer/Platforms/MacOSX.platform/Developer/SDKs/MacOSX26.1.sdk/usr/include/netinet/ip_var.h
/Applications/Xcode.app/Contents/Developer/Platforms/MacOSX.platform/Developer/SDKs/MacOSX26.1.sdk/usr/include/netinet/tcp_fsm.h
/Applications/Xcode.app/Contents/Developer/Platforms/MacOSX.platform/Developer/SDKs/MacOSX26.1.sdk/usr/include/netinet/tcp_seq.h
/Applications/Xcode.app/Contents/Developer/Platforms/MacOSX.platform/Developer/SDKs/MacOSX26.1.sdk/usr/include/netinet/tcp_timer.h
/Applications/Xcode.app/Contents/Developer/Platforms/MacOSX.platform/Developer/SDKs/MacOSX26.1.sdk/usr/include/netinet/tcp_var.h
/Applications/Xcode.app/Contents/Developer/Platforms/MacOSX.platform/Developer/SDKs/MacOSX26.1.sdk/usr/include/netinet/tcpip.h
/Applications/Xcode.app/Contents/Developer/Platforms/MacOSX.platform/Developer/SDKs/MacOSX26.1.sdk/usr/include/netinet/udp_var.h
/Applications/Xcode.app/Contents/Developer/Platforms/MacOSX.platform/Developer/SDKs/MacOSX26.1.sdk/usr/include/sys/sysctl.h
/Applications/Xcode.app/Contents/Developer/Platforms/MacOSX.platform/Developer/SDKs/MacOSX26.1.sdk/usr/include/sys/vm.h
/Applications/Xcode.app/Contents/Developer/Platforms/MacOSX.platform/Developer/SDKs/MacOSX26.1.sdk/usr/include/ar.h
/Applications/Xcode.app/Contents/Developer/Platforms/MacOSX.platform/Developer/SDKs/MacOSX26.1.sdk/usr/include/bank/bank_types.h
/Applications/Xcode.app/Contents/Developer/Platforms/MacOSX.platform/Developer/SDKs/MacOSX26.1.sdk/usr/include/os/base.h
/Applications/Xcode.app/Contents/Developer/Platforms/MacOSX.platform/Developer/SDKs/MacOSX26.1.sdk/usr/include/mach/mach_types.h
/Applications/Xcode.app/Contents/Developer/Platforms/MacOSX.platform/Developer/SDKs/MacOSX26.1.sdk/usr/include/mach/host_info.h
/Applications/Xcode.app/Contents/Developer/Platforms/MacOSX.platform/Developer/SDKs/MacOSX26.1.sdk/usr/include/mach/vm_statistics.h
/Applications/Xcode.app/Contents/Developer/Platforms/MacOSX.platform/Developer/SDKs/MacOSX26.1.sdk/usr/include/mach/time_value.h
/Applications/Xcode.app/Contents/Developer/Platforms/MacOSX.platform/Developer/SDKs/MacOSX26.1.sdk/usr/include/mach/host_notify.h
/Applications/Xcode.app/Contents/Developer/Platforms/MacOSX.platform/Developer/SDKs/MacOSX26.1.sdk/usr/include/mach/host_special_ports.h
/Applications/Xcode.app/Contents/Developer/Platforms/MacOSX.platform/Developer/SDKs/MacOSX26.1.sdk/usr/include/mach/memory_object_types.h
/Applications/Xcode.app/Contents/Developer/Platforms/MacOSX.platform/Developer/SDKs/MacOSX26.1.sdk/usr/include/mach/vm_prot.h
/Applications/Xcode.app/Contents/Developer/Platforms/MacOSX.platform/Developer/SDKs/MacOSX26.1.sdk/usr/include/mach/vm_sync.h
/Applications/Xcode.app/Contents/Developer/Platforms/MacOSX.platform/Developer/SDKs/MacOSX26.1.sdk/usr/include/mach/mach_voucher_types.h
/Applications/Xcode.app/Contents/Developer/Platforms/MacOSX.platform/Developer/SDKs/MacOSX26.1.sdk/usr/include/mach/std_types.h
/Applications/Xcode.app/Contents/Developer/Platforms/MacOSX.platform/Developer/SDKs/MacOSX26.1.sdk/usr/include/mach/processor_info.h
/Applications/Xcode.app/Contents/Developer/Platforms/MacOSX.platform/Developer/SDKs/MacOSX26.1.sdk/usr/include/mach/machine/processor_info.h
/Applications/Xcode.app/Contents/Developer/Platforms/MacOSX.platform/Developer/SDKs/MacOSX26.1.sdk/usr/include/mach/arm/processor_info.h
/Applications/Xcode.app/Contents/Developer/Platforms/MacOSX.platform/Developer/SDKs/MacOSX26.1.sdk/usr/include/mach/task_info.h
/Applications/Xcode.app/Contents/Developer/Platforms/MacOSX.platform/Developer/SDKs/MacOSX26.1.sdk/usr/include/mach/policy.h
/Applications/Xcode.app/Contents/Developer/Platforms/MacOSX.platform/Developer/SDKs/MacOSX26.1.sdk/usr/include/mach/task_inspect.h
/Applications/Xcode.app/Contents/Developer/Platforms/MacOSX.platform/Developer/SDKs/MacOSX26.1.sdk/usr/include/mach/task_policy.h
/Applications/Xcode.app/Contents/Developer/Platforms/MacOSX.platform/Developer/SDKs/MacOSX26.1.sdk/usr/include/mach/task_special_ports.h
/Applications/Xcode.app/Contents/Developer/Platforms/MacOSX.platform/Developer/SDKs/MacOSX26.1.sdk/usr/include/mach/thread_info.h
/Applications/Xcode.app/Contents/Developer/Platforms/MacOSX.platform/Developer/SDKs/MacOSX26.1.sdk/usr/include/mach/thread_policy.h
/Applications/Xcode.app/Contents/Developer/Platforms/MacOSX.platform/Developer/SDKs/MacOSX26.1.sdk/usr/include/mach/thread_special_ports.h
/Applications/Xcode.app/Contents/Developer/Platforms/MacOSX.platform/Developer/SDKs/MacOSX26.1.sdk/usr/include/mach/clock_types.h
/Applications/Xcode.app/Contents/Developer/Platforms/MacOSX.platform/Developer/SDKs/MacOSX26.1.sdk/usr/include/mach/vm_attributes.h
/Applications/Xcode.app/Contents/Developer/Platforms/MacOSX.platform/Developer/SDKs/MacOSX26.1.sdk/usr/include/mach/vm_inherit.h
/Applications/Xcode.app/Contents/Developer/Platforms/MacOSX.platform/Developer/SDKs/MacOSX26.1.sdk/usr/include/mach/vm_purgable.h
/Applications/Xcode.app/Contents/Developer/Platforms/MacOSX.platform/Developer/SDKs/MacOSX26.1.sdk/usr/include/mach/vm_behavior.h
/Applications/Xcode.app/Contents/Developer/Platforms/MacOSX.platform/Developer/SDKs/MacOSX26.1.sdk/usr/include/mach/vm_region.h
/Applications/Xcode.app/Contents/Developer/Platforms/MacOSX.platform/Developer/SDKs/MacOSX26.1.sdk/usr/include/mach/machine/vm_param.h
/Applications/Xcode.app/Contents/Developer/Platforms/MacOSX.platform/Developer/SDKs/MacOSX26.1.sdk/usr/include/mach/arm/vm_param.h
/Applications/Xcode.app/Contents/Developer/Platforms/MacOSX.platform/Developer/SDKs/MacOSX26.1.sdk/usr/include/mach/vm_page_size.h
/Applications/Xcode.app/Contents/Developer/Platforms/MacOSX.platform/Developer/SDKs/MacOSX26.1.sdk/usr/include/mach/kmod.h
/Applications/Xcode.app/Contents/Developer/Platforms/MacOSX.platform/Developer/SDKs/MacOSX26.1.sdk/usr/include/mach/dyld_kernel.h
/Applications/Xcode.app/Contents/Developer/Platforms/MacOSX.platform/Developer/SDKs/MacOSX26.1.sdk/usr/include/ConditionalMacros.h
/Applications/Xcode.app/Contents/Developer/Platforms/MacOSX.platform/Developer/SDKs/MacOSX26.1.sdk/usr/include/crt_externs.h
/Applications/Xcode.app/Contents/Developer/Platforms/MacOSX.platform/Developer/SDKs/MacOSX26.1.sdk/usr/include/fts.h
/Applications/Xcode.app/Contents/Developer/Platforms/MacOSX.platform/Developer/SDKs/MacOSX26.1.sdk/usr/include/getopt.h
/Applications/Xcode.app/Contents/Developer/Platforms/MacOSX.platform/Developer/SDKs/MacOSX26.1.sdk/usr/include/AssertMacros.h
/Applications/Xcode.app/Contents/Developer/Platforms/MacOSX.platform/Developer/SDKs/MacOSX26.1.sdk/usr/include/MacTypes.h
/Applications/Xcode.app/Contents/Developer/Platforms/MacOSX.platform/Developer/SDKs/MacOSX26.1.sdk/usr/include/mach/mach.h
/Applications/Xcode.app/Contents/Developer/Platforms/MacOSX.platform/Developer/SDKs/MacOSX26.1.sdk/usr/include/mach/mach_interface.h
/Applications/Xcode.app/Contents/Developer/Platforms/MacOSX.platform/Developer/SDKs/MacOSX26.1.sdk/usr/include/mach/clock_priv.h
/Applications/Xcode.app/Contents/Developer/Platforms/MacOSX.platform/Developer/SDKs/MacOSX26.1.sdk/usr/include/mach/ndr.h
/Applications/Xcode.app/Contents/Developer/Platforms/MacOSX.platform/Developer/SDKs/MacOSX26.1.sdk/usr/include/libkern/OSByteOrder.h
/Applications/Xcode.app/Contents/Developer/Platforms/MacOSX.platform/Developer/SDKs/MacOSX26.1.sdk/usr/include/libkern/arm/OSByteOrder.h
/Applications/Xcode.app/Contents/Developer/Platforms/MacOSX.platform/Developer/SDKs/MacOSX26.1.sdk/usr/include/arm/arch.h
/Applications/Xcode.app/Contents/Developer/Platforms/MacOSX.platform/Developer/SDKs/MacOSX26.1.sdk/usr/include/mach/notify.h
/Applications/Xcode.app/Contents/Developer/Platforms/MacOSX.platform/Developer/SDKs/MacOSX26.1.sdk/usr/include/mach/mig_errors.h
/Applications/Xcode.app/Contents/Developer/Platforms/MacOSX.platform/Developer/SDKs/MacOSX26.1.sdk/usr/include/mach/mig.h
/Applications/Xcode.app/Contents/Developer/Platforms/MacOSX.platform/Developer/SDKs/MacOSX26.1.sdk/usr/include/mach/host_priv.h
/Applications/Xcode.app/Contents/Developer/Platforms/MacOSX.platform/Developer/SDKs/MacOSX26.1.sdk/usr/include/mach_debug/mach_debug_types.h
/Applications/Xcode.app/Contents/Developer/Platforms/MacOSX.platform/Developer/SDKs/MacOSX26.1.sdk/usr/include/mach_debug/vm_info.h
/Applications/Xcode.app/Contents/Developer/Platforms/MacOSX.platform/Developer/SDKs/MacOSX26.1.sdk/usr/include/mach_debug/zone_info.h
/Applications/Xcode.app/Contents/Developer/Platforms/MacOSX.platform/Developer/SDKs/MacOSX26.1.sdk/usr/include/mach_debug/page_info.h
/Applications/Xcode.app/Contents/Developer/Platforms/MacOSX.platform/Developer/SDKs/MacOSX26.1.sdk/usr/include/mach_debug/hash_info.h
/Applications/Xcode.app/Contents/Developer/Platforms/MacOSX.platform/Developer/SDKs/MacOSX26.1.sdk/usr/include/mach_debug/lockgroup_info.h
/Applications/Xcode.app/Contents/Developer/Platforms/MacOSX.platform/Developer/SDKs/MacOSX26.1.sdk/usr/include/mach/host_security.h
/Applications/Xcode.app/Contents/Developer/Platforms/MacOSX.platform/Developer/SDKs/MacOSX26.1.sdk/usr/include/mach/processor.h
/Applications/Xcode.app/Contents/Developer/Platforms/MacOSX.platform/Developer/SDKs/MacOSX26.1.sdk/usr/include/mach/processor_set.h
/Applications/Xcode.app/Contents/Developer/Platforms/MacOSX.platform/Developer/SDKs/MacOSX26.1.sdk/usr/include/mach/semaphore.h
/Applications/Xcode.app/Contents/Developer/Platforms/MacOSX.platform/Developer/SDKs/MacOSX26.1.sdk/usr/include/mach/sync_policy.h
/Applications/Xcode.app/Contents/Developer/Platforms/MacOSX.platform/Developer/SDKs/MacOSX26.1.sdk/usr/include/mach/task.h
/Applications/Xcode.app/Contents/Developer/Platforms/MacOSX.platform/Developer/SDKs/MacOSX26.1.sdk/usr/include/mach/thread_act.h
/Applications/Xcode.app/Contents/Developer/Platforms/MacOSX.platform/Developer/SDKs/MacOSX26.1.sdk/usr/include/mach/vm_map.h
/Applications/Xcode.app/Contents/Developer/Platforms/MacOSX.platform/Developer/SDKs/MacOSX26.1.sdk/usr/include/mach/mach_port.h
/Applications/Xcode.app/Contents/Developer/Platforms/MacOSX.platform/Developer/SDKs/MacOSX26.1.sdk/usr/include/mach/mach_init.h
/Applications/Xcode.app/Contents/Developer/Platforms/MacOSX.platform/Developer/SDKs/MacOSX26.1.sdk/usr/include/mach/mach_traps.h
/Applications/Xcode.app/Contents/Developer/Platforms/MacOSX.platform/Developer/SDKs/MacOSX26.1.sdk/usr/include/mach/error.h
/Applications/Xcode.app/Contents/Developer/Platforms/MacOSX.platform/Developer/SDKs/MacOSX26.1.sdk/usr/include/mach/mach_host.h
/Applications/Xcode.app/Contents/Developer/Platforms/MacOSX.platform/Developer/SDKs/MacOSX26.1.sdk/usr/include/mach/thread_switch.h
/Applications/Xcode.app/Contents/Developer/Platforms/MacOSX.platform/Developer/SDKs/MacOSX26.1.sdk/usr/include/mach/rpc.h
/Applications/Xcode.app/Contents/Developer/Platforms/MacOSX.platform/Developer/SDKs/MacOSX26.1.sdk/usr/include/mach/machine/rpc.h
/Applications/Xcode.app/Contents/Developer/Platforms/MacOSX.platform/Developer/SDKs/MacOSX26.1.sdk/usr/include/mach/arm/rpc.h
/Applications/Xcode.app/Contents/Developer/Platforms/MacOSX.platform/Developer/SDKs/MacOSX26.1.sdk/usr/include/mach/mach_error.h
/Applications/Xcode.app/Contents/Developer/Platforms/MacOSX.platform/Developer/SDKs/MacOSX26.1.sdk/usr/include/mach/audit_triggers_types.h
/Applications/Xcode.app/Contents/Developer/Platforms/MacOSX.platform/Developer/SDKs/MacOSX26.1.sdk/usr/include/mach/bootstrap.h
/Applications/Xcode.app/Contents/Developer/Platforms/MacOSX.platform/Developer/SDKs/MacOSX26.1.sdk/usr/include/mach/clock.h
/Applications/Xcode.app/Contents/Developer/Platforms/MacOSX.platform/Developer/SDKs/MacOSX26.1.sdk/usr/include/mach/clock_reply.h
/Applications/Xcode.app/Contents/Developer/Platforms/MacOSX.platform/Developer/SDKs/MacOSX26.1.sdk/usr/include/mach/exc.h
/Applications/Xcode.app/Contents/Developer/Platforms/MacOSX.platform/Developer/SDKs/MacOSX26.1.sdk/usr/include/mach/exception.h
/Applications/Xcode.app/Contents/Developer/Platforms/MacOSX.platform/Developer/SDKs/MacOSX26.1.sdk/usr/include/mach/host_reboot.h
/Applications/Xcode.app/Contents/Developer/Platforms/MacOSX.platform/Developer/SDKs/MacOSX26.1.sdk/usr/include/arm64/hv/hv_kern_types.h
/Applications/Xcode.app/Contents/Developer/Platforms/MacOSX.platform/Developer/SDKs/MacOSX26.1.sdk/usr/include/mach/mach_param.h
/Applications/Xcode.app/Contents/Developer/Platforms/MacOSX.platform/Developer/SDKs/MacOSX26.1.sdk/usr/include/mach/mach_right.h
/Applications/Xcode.app/Contents/Developer/Platforms/MacOSX.platform/Developer/SDKs/MacOSX26.1.sdk/usr/include/mach/mach_syscalls.h
/Applications/Xcode.app/Contents/Developer/Platforms/MacOSX.platform/Developer/SDKs/MacOSX26.1.sdk/usr/include/mach/mach_time.h
/Applications/Xcode.app/Contents/Developer/Platforms/MacOSX.platform/Developer/SDKs/MacOSX26.1.sdk/usr/include/mach/mach_vm.h
/Applications/Xcode.app/Contents/Developer/Platforms/MacOSX.platform/Developer/SDKs/MacOSX26.1.sdk/usr/include/mach/mach_voucher.h
/Applications/Xcode.app/Contents/Developer/Platforms/MacOSX.platform/Developer/SDKs/MacOSX26.1.sdk/usr/include/mach/memory_entry.h
/Applications/Xcode.app/Contents/Developer/Platforms/MacOSX.platform/Developer/SDKs/MacOSX26.1.sdk/usr/include/mach/mig_strncpy_zerofill_support.h
/Applications/Xcode.app/Contents/Developer/Platforms/MacOSX.platform/Developer/SDKs/MacOSX26.1.sdk/usr/include/mach/mig_voucher_support.h
/Applications/Xcode.app/Contents/Developer/Platforms/MacOSX.platform/Developer/SDKs/MacOSX26.1.sdk/usr/include/mach/port_obj.h
/Applications/Xcode.app/Contents/Developer/Platforms/MacOSX.platform/Developer/SDKs/MacOSX26.1.sdk/usr/include/mach/sdt.h
/Applications/Xcode.app/Contents/Developer/Platforms/MacOSX.platform/Developer/SDKs/MacOSX26.1.sdk/usr/include/mach/machine/sdt.h
/Applications/Xcode.app/Contents/Developer/Platforms/MacOSX.platform/Developer/SDKs/MacOSX26.1.sdk/usr/include/sys/sdt.h
/Applications/Xcode.app/Contents/Developer/Platforms/MacOSX.platform/Developer/SDKs/MacOSX26.1.sdk/usr/include/mach/shared_region.h
/Applications/Xcode.app/Contents/Developer/Platforms/MacOSX.platform/Developer/SDKs/MacOSX26.1.sdk/usr/include/mach/sync.h
/Applications/Xcode.app/Contents/Developer/Platforms/MacOSX.platform/Developer/SDKs/MacOSX26.1.sdk/usr/include/mach/thread_state.h
/Applications/Xcode.app/Contents/Developer/Platforms/MacOSX.platform/Developer/SDKs/MacOSX26.1.sdk/usr/include/mach/vm_param.h
/Applications/Xcode.app/Contents/Developer/Platforms/MacOSX.platform/Developer/SDKs/MacOSX26.1.sdk/usr/include/mach/vm_task.h
/Applications/Xcode.app/Contents/Developer/Platforms/MacOSX.platform/Developer/SDKs/MacOSX26.1.sdk/usr/include/mach/machine/asm.h
/Applications/Xcode.app/Contents/Developer/Platforms/MacOSX.platform/Developer/SDKs/MacOSX26.1.sdk/usr/include/mach/arm64/asm.h
/Applications/Xcode.app/Contents/Developer/Platforms/MacOSX.platform/Developer/SDKs/MacOSX26.1.sdk/usr/include/mach/i386/asm.h
/Applications/Xcode.app/Contents/Developer/Platforms/MacOSX.platform/Developer/SDKs/MacOSX26.1.sdk/usr/include/mach/arm/asm.h
/Applications/Xcode.app/Contents/Developer/Platforms/MacOSX.platform/Developer/SDKs/MacOSX26.1.sdk/usr/include/mach/i386/boolean.h
/Applications/Xcode.app/Contents/Developer/Platforms/MacOSX.platform/Developer/SDKs/MacOSX26.1.sdk/usr/include/mach/i386/exception.h
/Applications/Xcode.app/Contents/Developer/Platforms/MacOSX.platform/Developer/SDKs/MacOSX26.1.sdk/usr/include/mach/i386/fp_reg.h
/Applications/Xcode.app/Contents/Developer/Platforms/MacOSX.platform/Developer/SDKs/MacOSX26.1.sdk/usr/include/mach/i386/kern_return.h
/Applications/Xcode.app/Contents/Developer/Platforms/MacOSX.platform/Developer/SDKs/MacOSX26.1.sdk/usr/include/mach/machine/ndr_def.h
/Applications/Xcode.app/Contents/Developer/Platforms/MacOSX.platform/Developer/SDKs/MacOSX26.1.sdk/usr/include/mach/arm/ndr_def.h
/Applications/Xcode.app/Contents/Developer/Platforms/MacOSX.platform/Developer/SDKs/MacOSX26.1.sdk/usr/include/mach/i386/processor_info.h
/Applications/Xcode.app/Contents/Developer/Platforms/MacOSX.platform/Developer/SDKs/MacOSX26.1.sdk/usr/include/mach/i386/rpc.h
/Applications/Xcode.app/Contents/Developer/Platforms/MacOSX.platform/Developer/SDKs/MacOSX26.1.sdk/usr/include/mach/machine/sdt_isa.h
/Applications/Xcode.app/Contents/Developer/Platforms/MacOSX.platform/Developer/SDKs/MacOSX26.1.sdk/usr/include/mach/arm/sdt_isa.h
/Applications/Xcode.app/Contents/Developer/Platforms/MacOSX.platform/Developer/SDKs/MacOSX26.1.sdk/usr/include/mach/i386/sdt_isa.h
/Applications/Xcode.app/Contents/Developer/Platforms/MacOSX.platform/Developer/SDKs/MacOSX26.1.sdk/usr/include/mach/i386/thread_state.h
/Applications/Xcode.app/Contents/Developer/Platforms/MacOSX.platform/Developer/SDKs/MacOSX26.1.sdk/usr/include/mach/i386/thread_status.h
/Applications/Xcode.app/Contents/Developer/Platforms/MacOSX.platform/Developer/SDKs/MacOSX26.1.sdk/usr/include/mach/arm/traps.h
/Applications/Xcode.app/Contents/Developer/Platforms/MacOSX.platform/Developer/SDKs/MacOSX26.1.sdk/usr/include/mach/i386/vm_param.h
/Applications/Xcode.app/Contents/Developer/Platforms/MacOSX.platform/Developer/SDKs/MacOSX26.1.sdk/usr/include/mach/i386/vm_types.h
/Applications/Xcode.app/Contents/Developer/Platforms/MacOSX.platform/Developer/SDKs/MacOSX26.1.sdk/usr/include/mach_debug/mach_debug.h
/Applications/Xcode.app/Contents/Developer/Platforms/MacOSX.platform/Developer/SDKs/MacOSX26.1.sdk/usr/include/device/device_types.h
/Applications/Xcode.app/Contents/Developer/Platforms/MacOSX.platform/Developer/SDKs/MacOSX26.1.sdk/usr/include/device/device_port.h
/Applications/Xcode.app/Contents/Developer/Platforms/MacOSX.platform/Developer/SDKs/MacOSX26.1.sdk/usr/include/libkern/OSAtomic.h
/Applications/Xcode.app/Contents/Developer/Platforms/MacOSX.platform/Developer/SDKs/MacOSX26.1.sdk/usr/include/libkern/OSAtomicDeprecated.h
/Applications/Xcode.app/Contents/Developer/Platforms/MacOSX.platform/Developer/SDKs/MacOSX26.1.sdk/usr/include/libkern/OSSpinLockDeprecated.h
/Applications/Xcode.app/Contents/Developer/Platforms/MacOSX.platform/Developer/SDKs/MacOSX26.1.sdk/usr/include/libkern/OSAtomicQueue.h
/Applications/Xcode.app/Contents/Developer/Platforms/MacOSX.platform/Developer/SDKs/MacOSX26.1.sdk/usr/include/libkern/machine/OSByteOrder.h
/Applications/Xcode.app/Contents/Developer/Platforms/MacOSX.platform/Developer/SDKs/MacOSX26.1.sdk/usr/include/libkern/i386/OSByteOrder.h
/Applications/Xcode.app/Contents/Developer/Platforms/MacOSX.platform/Developer/SDKs/MacOSX26.1.sdk/usr/include/libproc.h
/Applications/Xcode.app/Contents/Developer/Platforms/MacOSX.platform/Developer/SDKs/MacOSX26.1.sdk/usr/include/sys/mount.h
/Applications/Xcode.app/Contents/Developer/Platforms/MacOSX.platform/Developer/SDKs/MacOSX26.1.sdk/usr/include/sys/attr.h
/Applications/Xcode.app/Contents/Developer/Platforms/MacOSX.platform/Developer/SDKs/MacOSX26.1.sdk/usr/include/sys/proc_info.h
/Applications/Xcode.app/Contents/Developer/Platforms/MacOSX.platform/Developer/SDKs/MacOSX26.1.sdk/usr/include/sys/kern_control.h
/Applications/Xcode.app/Contents/Developer/Platforms/MacOSX.platform/Developer/SDKs/MacOSX26.1.sdk/usr/include/os/clock.h
/Applications/Xcode.app/Contents/Developer/Platforms/MacOSX.platform/Developer/SDKs/MacOSX26.1.sdk/usr/include/os/lock.h
/Applications/Xcode.app/Contents/Developer/Platforms/MacOSX.platform/Developer/SDKs/MacOSX26.1.sdk/usr/include/os/proc.h
/Applications/Xcode.app/Contents/Developer/Platforms/MacOSX.platform/Developer/SDKs/MacOSX26.1.sdk/usr/include/malloc/malloc.h
/Applications/Xcode.app/Contents/Developer/Platforms/MacOSX.platform/Developer/SDKs/MacOSX26.1.sdk/usr/include/malloc/_platform.h
/Applications/Xcode.app/Contents/Developer/Platforms/MacOSX.platform/Developer/SDKs/MacOSX26.1.sdk/usr/include/sys/malloc.h
/Applications/Xcode.app/Contents/Developer/Platforms/MacOSX.platform/Developer/SDKs/MacOSX26.1.sdk/usr/include/i386/_param.h
/Applications/Xcode.app/Contents/Developer/Platforms/MacOSX.platform/Developer/SDKs/MacOSX26.1.sdk/usr/include/machine/byte_order.h
/Applications/Xcode.app/Contents/Developer/Platforms/MacOSX.platform/Developer/SDKs/MacOSX26.1.sdk/usr/include/architecture/byte_order.h
/Applications/Xcode.app/Contents/Developer/Platforms/MacOSX.platform/Developer/SDKs/MacOSX26.1.sdk/usr/include/i386/eflags.h
/Applications/Xcode.app/Contents/Developer/Platforms/MacOSX.platform/Developer/SDKs/MacOSX26.1.sdk/usr/include/machine/fasttrap_isa.h
/Applications/Xcode.app/Contents/Developer/Platforms/MacOSX.platform/Developer/SDKs/MacOSX26.1.sdk/usr/include/arm/fasttrap_isa.h
/Applications/Xcode.app/Contents/Developer/Platforms/MacOSX.platform/Developer/SDKs/MacOSX26.1.sdk/usr/include/i386/fasttrap_isa.h
/Applications/Xcode.app/Contents/Developer/Platforms/MacOSX.platform/Developer/SDKs/MacOSX26.1.sdk/usr/include/i386/param.h
/Applications/Xcode.app/Contents/Developer/Platforms/MacOSX.platform/Developer/SDKs/MacOSX26.1.sdk/usr/include/machine/profile.h
/Applications/Xcode.app/Contents/Developer/Platforms/MacOSX.platform/Developer/SDKs/MacOSX26.1.sdk/usr/include/arm/profile.h
/Applications/Xcode.app/Contents/Developer/Platforms/MacOSX.platform/Developer/SDKs/MacOSX26.1.sdk/usr/include/i386/profile.h
/Applications/Xcode.app/Contents/Developer/Platforms/MacOSX.platform/Developer/SDKs/MacOSX26.1.sdk/usr/include/i386/user_ldt.h
/Applications/Xcode.app/Contents/Developer/Platforms/MacOSX.platform/Developer/SDKs/MacOSX26.1.sdk/usr/include/machine/vmparam.h
/Applications/Xcode.app/Contents/Developer/Platforms/MacOSX.platform/Developer/SDKs/MacOSX26.1.sdk/usr/include/arm/vmparam.h
/Applications/Xcode.app/Contents/Developer/Platforms/MacOSX.platform/Developer/SDKs/MacOSX26.1.sdk/usr/include/i386/vmparam.h
/Applications/Xcode.app/Contents/Developer/Platforms/MacOSX.platform/Developer/SDKs/MacOSX26.1.sdk/usr/include/aliasdb.h
/Applications/Xcode.app/Contents/Developer/Platforms/MacOSX.platform/Developer/SDKs/MacOSX26.1.sdk/usr/include/bootparams.h
/Applications/Xcode.app/Contents/Developer/Platforms/MacOSX.platform/Developer/SDKs/MacOSX26.1.sdk/usr/include/Block.h
/Applications/Xcode.app/Contents/Developer/Platforms/MacOSX.platform/Developer/SDKs/MacOSX26.1.sdk/usr/include/bsm/audit_domain.h
/Applications/Xcode.app/Contents/Developer/Platforms/MacOSX.platform/Developer/SDKs/MacOSX26.1.sdk/usr/include/bsm/audit_errno.h
/Applications/Xcode.app/Contents/Developer/Platforms/MacOSX.platform/Developer/SDKs/MacOSX26.1.sdk/usr/include/bsm/audit_fcntl.h
/Applications/Xcode.app/Contents/Developer/Platforms/MacOSX.platform/Developer/SDKs/MacOSX26.1.sdk/usr/include/bsm/audit_filter.h
/Applications/Xcode.app/Contents/Developer/Platforms/MacOSX.platform/Developer/SDKs/MacOSX26.1.sdk/usr/include/bsm/libbsm.h
/Applications/Xcode.app/Contents/Developer/Platforms/MacOSX.platform/Developer/SDKs/MacOSX26.1.sdk/usr/include/bsm/audit_record.h
/Applications/Xcode.app/Contents/Developer/Platforms/MacOSX.platform/Developer/SDKs/MacOSX26.1.sdk/usr/include/bsm/audit_internal.h
/Applications/Xcode.app/Contents/Developer/Platforms/MacOSX.platform/Developer/SDKs/MacOSX26.1.sdk/usr/include/bsm/audit_kevents.h
/Applications/Xcode.app/Contents/Developer/Platforms/MacOSX.platform/Developer/SDKs/MacOSX26.1.sdk/usr/include/bsm/audit_session.h
/Applications/Xcode.app/Contents/Developer/Platforms/MacOSX.platform/Developer/SDKs/MacOSX26.1.sdk/usr/include/bsm/audit_socket_type.h
/Applications/Xcode.app/Contents/Developer/Platforms/MacOSX.platform/Developer/SDKs/MacOSX26.1.sdk/usr/include/bsm/audit_uevents.h
/Applications/Xcode.app/Contents/Developer/Platforms/MacOSX.platform/Developer/SDKs/MacOSX26.1.sdk/usr/include/execinfo.h
/Applications/Xcode.app/Contents/Developer/Platforms/MacOSX.platform/Developer/SDKs/MacOSX26.1.sdk/usr/include/fstab.h
/Applications/Xcode.app/Contents/Developer/Platforms/MacOSX.platform/Developer/SDKs/MacOSX26.1.sdk/usr/include/hfs/hfs_format.h
/Applications/Xcode.app/Contents/Developer/Platforms/MacOSX.platform/Developer/SDKs/MacOSX26.1.sdk/usr/include/hfs/hfs_unistr.h
/Applications/Xcode.app/Contents/Developer/Platforms/MacOSX.platform/Developer/SDKs/MacOSX26.1.sdk/usr/include/hfs/hfs_mount.h
/Applications/Xcode.app/Contents/Developer/Platforms/MacOSX.platform/Developer/SDKs/MacOSX26.1.sdk/usr/include/membership.h
/Applications/Xcode.app/Contents/Developer/Platforms/MacOSX.platform/Developer/SDKs/MacOSX26.1.sdk/usr/include/ntsid.h
/Applications/Xcode.app/Contents/Developer/Platforms/MacOSX.platform/Developer/SDKs/MacOSX26.1.sdk/usr/include/curses.h
/Applications/Xcode.app/Contents/Developer/Platforms/MacOSX.platform/Developer/SDKs/MacOSX26.1.sdk/usr/include/ncurses_dll.h
/Applications/Xcode.app/Contents/Developer/Platforms/MacOSX.platform/Developer/SDKs/MacOSX26.1.sdk/usr/include/unctrl.h
/Applications/Xcode.app/Contents/Developer/Platforms/MacOSX.platform/Developer/SDKs/MacOSX26.1.sdk/usr/include/eti.h
/Applications/Xcode.app/Contents/Developer/Platforms/MacOSX.platform/Developer/SDKs/MacOSX26.1.sdk/usr/include/nc_tparm.h
/Applications/Xcode.app/Contents/Developer/Platforms/MacOSX.platform/Developer/SDKs/MacOSX26.1.sdk/usr/include/form.h
/Applications/Xcode.app/Contents/Developer/Platforms/MacOSX.platform/Developer/SDKs/MacOSX26.1.sdk/usr/include/menu.h
/Applications/Xcode.app/Contents/Developer/Platforms/MacOSX.platform/Developer/SDKs/MacOSX26.1.sdk/usr/include/panel.h
/Applications/Xcode.app/Contents/Developer/Platforms/MacOSX.platform/Developer/SDKs/MacOSX26.1.sdk/usr/include/netinet6/ah.h
/Applications/Xcode.app/Contents/Developer/Platforms/MacOSX.platform/Developer/SDKs/MacOSX26.1.sdk/usr/include/netinet6/esp.h
/Applications/Xcode.app/Contents/Developer/Platforms/MacOSX.platform/Developer/SDKs/MacOSX26.1.sdk/usr/include/netinet6/ipcomp.h
/Applications/Xcode.app/Contents/Developer/Platforms/MacOSX.platform/Developer/SDKs/MacOSX26.1.sdk/usr/include/netinet6/ipsec.h
/Applications/Xcode.app/Contents/Developer/Platforms/MacOSX.platform/Developer/SDKs/MacOSX26.1.sdk/usr/include/netinet6/raw_ip6.h
/Applications/Xcode.app/Contents/Developer/Platforms/MacOSX.platform/Developer/SDKs/MacOSX26.1.sdk/usr/include/printerdb.h
/Applications/Xcode.app/Contents/Developer/Platforms/MacOSX.platform/Developer/SDKs/MacOSX26.1.sdk/usr/include/sys/_structs.h
/Applications/Xcode.app/Contents/Developer/Platforms/MacOSX.platform/Developer/SDKs/MacOSX26.1.sdk/usr/include/sys/acct.h
/Applications/Xcode.app/Contents/Developer/Platforms/MacOSX.platform/Developer/SDKs/MacOSX26.1.sdk/usr/include/sys/acl.h
/Applications/Xcode.app/Contents/Developer/Platforms/MacOSX.platform/Developer/SDKs/MacOSX26.1.sdk/usr/include/sys/kauth.h
/Applications/Xcode.app/Contents/Developer/Platforms/MacOSX.platform/Developer/SDKs/MacOSX26.1.sdk/usr/include/sys/buf.h
/Applications/Xcode.app/Contents/Developer/Platforms/MacOSX.platform/Developer/SDKs/MacOSX26.1.sdk/usr/include/sys/kernel_types.h
/Applications/Xcode.app/Contents/Developer/Platforms/MacOSX.platform/Developer/SDKs/MacOSX26.1.sdk/usr/include/sys/clonefile.h
/Applications/Xcode.app/Contents/Developer/Platforms/MacOSX.platform/Developer/SDKs/MacOSX26.1.sdk/usr/include/sys/commpage.h
/Applications/Xcode.app/Contents/Developer/Platforms/MacOSX.platform/Developer/SDKs/MacOSX26.1.sdk/usr/include/sys/conf.h
/Applications/Xcode.app/Contents/Developer/Platforms/MacOSX.platform/Developer/SDKs/MacOSX26.1.sdk/usr/include/sys/disk.h
/Applications/Xcode.app/Contents/Developer/Platforms/MacOSX.platform/Developer/SDKs/MacOSX26.1.sdk/usr/include/sys/dkstat.h
/Applications/Xcode.app/Contents/Developer/Platforms/MacOSX.platform/Developer/SDKs/MacOSX26.1.sdk/usr/include/sys/domain.h
/Applications/Xcode.app/Contents/Developer/Platforms/MacOSX.platform/Developer/SDKs/MacOSX26.1.sdk/usr/include/sys/ev.h
/Applications/Xcode.app/Contents/Developer/Platforms/MacOSX.platform/Developer/SDKs/MacOSX26.1.sdk/usr/include/sys/file.h
/Applications/Xcode.app/Contents/Developer/Platforms/MacOSX.platform/Developer/SDKs/MacOSX26.1.sdk/usr/include/sys/filedesc.h
/Applications/Xcode.app/Contents/Developer/Platforms/MacOSX.platform/Developer/SDKs/MacOSX26.1.sdk/usr/include/sys/fileport.h
/Applications/Xcode.app/Contents/Developer/Platforms/MacOSX.platform/Developer/SDKs/MacOSX26.1.sdk/usr/include/sys/fsgetpath.h
/Applications/Xcode.app/Contents/Developer/Platforms/MacOSX.platform/Developer/SDKs/MacOSX26.1.sdk/usr/include/sys/gmon.h
/Applications/Xcode.app/Contents/Developer/Platforms/MacOSX.platform/Developer/SDKs/MacOSX26.1.sdk/usr/include/sys/ioctl_compat.h
/Applications/Xcode.app/Contents/Developer/Platforms/MacOSX.platform/Developer/SDKs/MacOSX26.1.sdk/usr/include/sys/ttychars.h
/Applications/Xcode.app/Contents/Developer/Platforms/MacOSX.platform/Developer/SDKs/MacOSX26.1.sdk/usr/include/sys/ttydev.h
/Applications/Xcode.app/Contents/Developer/Platforms/MacOSX.platform/Developer/SDKs/MacOSX26.1.sdk/usr/include/sys/kdebug.h
/Applications/Xcode.app/Contents/Developer/Platforms/MacOSX.platform/Developer/SDKs/MacOSX26.1.sdk/usr/include/sys/kdebug_signpost.h
/Applications/Xcode.app/Contents/Developer/Platforms/MacOSX.platform/Developer/SDKs/MacOSX26.1.sdk/usr/include/sys/lctx.h
/Applications/Xcode.app/Contents/Developer/Platforms/MacOSX.platform/Developer/SDKs/MacOSX26.1.sdk/usr/include/sys/mbuf.h
/Applications/Xcode.app/Contents/Developer/Platforms/MacOSX.platform/Developer/SDKs/MacOSX26.1.sdk/usr/include/sys/msgbuf.h
/Applications/Xcode.app/Contents/Developer/Platforms/MacOSX.platform/Developer/SDKs/MacOSX26.1.sdk/usr/include/sys/netport.h
/Applications/Xcode.app/Contents/Developer/Platforms/MacOSX.platform/Developer/SDKs/MacOSX26.1.sdk/usr/include/sys/paths.h
/Applications/Xcode.app/Contents/Developer/Platforms/MacOSX.platform/Developer/SDKs/MacOSX26.1.sdk/usr/include/sys/pipe.h
/Applications/Xcode.app/Contents/Developer/Platforms/MacOSX.platform/Developer/SDKs/MacOSX26.1.sdk/usr/include/sys/quota.h
/Applications/Xcode.app/Contents/Developer/Platforms/MacOSX.platform/Developer/SDKs/MacOSX26.1.sdk/usr/include/sys/rbtree.h
/Applications/Xcode.app/Contents/Developer/Platforms/MacOSX.platform/Developer/SDKs/MacOSX26.1.sdk/usr/include/sys/reboot.h
/Applications/Xcode.app/Contents/Developer/Platforms/MacOSX.platform/Developer/SDKs/MacOSX26.1.sdk/usr/include/sys/resourcevar.h
/Applications/Xcode.app/Contents/Developer/Platforms/MacOSX.platform/Developer/SDKs/MacOSX26.1.sdk/usr/include/sys/sbuf.h
/Applications/Xcode.app/Contents/Developer/Platforms/MacOSX.platform/Developer/SDKs/MacOSX26.1.sdk/usr/include/sys/signalvar.h
/Applications/Xcode.app/Contents/Developer/Platforms/MacOSX.platform/Developer/SDKs/MacOSX26.1.sdk/usr/include/sys/syscall.h
/Applications/Xcode.app/Contents/Developer/Platforms/MacOSX.platform/Developer/SDKs/MacOSX26.1.sdk/usr/include/sys/timeb.h
/Applications/Xcode.app/Contents/Developer/Platforms/MacOSX.platform/Developer/SDKs/MacOSX26.1.sdk/usr/include/sys/trace.h
/Applications/Xcode.app/Contents/Developer/Platforms/MacOSX.platform/Developer/SDKs/MacOSX26.1.sdk/usr/include/sys/tty.h
/Applications/Xcode.app/Contents/Developer/Platforms/MacOSX.platform/Developer/SDKs/MacOSX26.1.sdk/usr/include/sys/ucontext.h
/Applications/Xcode.app/Contents/Developer/Platforms/MacOSX.platform/Developer/SDKs/MacOSX26.1.sdk/usr/include/sys/unpcb.h
/Applications/Xcode.app/Contents/Developer/Platforms/MacOSX.platform/Developer/SDKs/MacOSX26.1.sdk/usr/include/sys/user.h
/Applications/Xcode.app/Contents/Developer/Platforms/MacOSX.platform/Developer/SDKs/MacOSX26.1.sdk/usr/include/sys/utfconv.h
/Applications/Xcode.app/Contents/Developer/Platforms/MacOSX.platform/Developer/SDKs/MacOSX26.1.sdk/usr/include/sys/vcmd.h
/Applications/Xcode.app/Contents/Developer/Platforms/MacOSX.platform/Developer/SDKs/MacOSX26.1.sdk/usr/include/sys/vnode.h
/Applications/Xcode.app/Contents/Developer/Platforms/MacOSX.platform/Developer/SDKs/MacOSX26.1.sdk/usr/include/_modules/_darwin_sys_signal.h
/Applications/Xcode.app/Contents/Developer/Platforms/MacOSX.platform/Developer/SDKs/MacOSX26.1.sdk/usr/include/sysdir.h
/Applications/Xcode.app/Contents/Developer/Platforms/MacOSX.platform/Developer/SDKs/MacOSX26.1.sdk/usr/include/libc.h
/Applications/Xcode.app/Contents/Developer/Platforms/MacOSX.platform/Developer/SDKs/MacOSX26.1.sdk/usr/include/paths.h
/Applications/Xcode.app/Contents/Developer/Platforms/MacOSX.platform/Developer/SDKs/MacOSX26.1.sdk/usr/include/sysexits.h
/Applications/Xcode.app/Contents/Developer/Platforms/MacOSX.platform/Developer/SDKs/MacOSX26.1.sdk/SDKSettings.json
/Applications/Xcode.app/Contents/Developer/Toolchains/XcodeDefault.xctoolchain/usr/lib/swift/macosx/prebuilt-modules/26.1/Darwin.swiftmodule/arm64e-apple-macos.swiftmodule
/Applications/Xcode.app/Contents/Developer/Platforms/MacOSX.platform/Developer/SDKs/MacOSX26.1.sdk/System/Library/Frameworks/DataDetection.framework/Modules/module.modulemap
/Applications/Xcode.app/Contents/Developer/Platforms/MacOSX.platform/Developer/SDKs/MacOSX26.1.sdk/System/Library/Frameworks/DataDetection.framework/Headers/DataDetection.h
/Applications/Xcode.app/Contents/Developer/Platforms/MacOSX.platform/Developer/SDKs/MacOSX26.1.sdk/System/Library/Frameworks/Foundation.framework/Modules/module.modulemap
/Applications/Xcode.app/Contents/Developer/Platforms/MacOSX.platform/Developer/SDKs/MacOSX26.1.sdk/System/Library/Frameworks/DataDetection.framework/Headers/DataDetectionBase.h
/Applications/Xcode.app/Contents/Developer/Platforms/MacOSX.platform/Developer/SDKs/MacOSX26.1.sdk/System/Library/Frameworks/DataDetection.framework/Headers/DDMatch.h
/Applications/Xcode.app/Contents/Developer/Platforms/MacOSX.platform/Developer/SDKs/MacOSX26.1.sdk/SDKSettings.json
/Applications/Xcode.app/Contents/Developer/Toolchains/XcodeDefault.xctoolchain/usr/lib/swift/macosx/prebuilt-modules/26.1/DataDetection.swiftmodule/arm64e-apple-macos.swiftmodule
/Applications/Xcode.app/Contents/Developer/Platforms/MacOSX.platform/Developer/SDKs/MacOSX26.1.sdk/System/Library/Frameworks/DeveloperToolsSupport.framework/Modules/module.modulemap
/Applications/Xcode.app/Contents/Developer/Platforms/MacOSX.platform/Developer/SDKs/MacOSX26.1.sdk/SDKSettings.json
/Applications/Xcode.app/Contents/Developer/Toolchains/XcodeDefault.xctoolchain/usr/lib/swift/macosx/prebuilt-modules/26.1/DeveloperToolsSupport.swiftmodule/arm64e-apple-macos.swiftmodule
/Applications/Xcode.app/Contents/Developer/Platforms/MacOSX.platform/Developer/SDKs/MacOSX26.1.sdk/System/Library/Frameworks/DiskArbitration.framework/Modules/module.modulemap
/Applications/Xcode.app/Contents/Developer/Platforms/MacOSX.platform/Developer/SDKs/MacOSX26.1.sdk/System/Library/Frameworks/DiskArbitration.framework/Headers/DiskArbitration.h
/Applications/Xcode.app/Contents/Developer/Platforms/MacOSX.platform/Developer/SDKs/MacOSX26.1.sdk/System/Library/Frameworks/CoreFoundation.framework/Modules/module.modulemap
/Applications/Xcode.app/Contents/Developer/Platforms/MacOSX.platform/Developer/SDKs/MacOSX26.1.sdk/usr/include/Darwin.modulemap
/Applications/Xcode.app/Contents/Developer/Platforms/MacOSX.platform/Developer/SDKs/MacOSX26.1.sdk/usr/include/DarwinFoundation1.modulemap
/Applications/Xcode.app/Contents/Developer/Platforms/MacOSX.platform/Developer/SDKs/MacOSX26.1.sdk/System/Library/Frameworks/DiskArbitration.framework/Headers/DADisk.h
/Applications/Xcode.app/Contents/Developer/Platforms/MacOSX.platform/Developer/SDKs/MacOSX26.1.sdk/System/Library/Frameworks/IOKit.framework/Modules/module.modulemap
/Applications/Xcode.app/Contents/Developer/Platforms/MacOSX.platform/Developer/SDKs/MacOSX26.1.sdk/System/Library/Frameworks/DiskArbitration.framework/Headers/DASession.h
/Applications/Xcode.app/Contents/Developer/Platforms/MacOSX.platform/Developer/SDKs/MacOSX26.1.sdk/System/Library/Frameworks/DiskArbitration.framework/Headers/DADissenter.h
/Applications/Xcode.app/Contents/Developer/Platforms/MacOSX.platform/Developer/SDKs/MacOSX26.1.sdk/SDKSettings.json
/Applications/Xcode.app/Contents/Developer/Platforms/MacOSX.platform/Developer/SDKs/MacOSX26.1.sdk/usr/include/Dispatch.apinotes
/Applications/Xcode.app/Contents/Developer/Platforms/MacOSX.platform/Developer/SDKs/MacOSX26.1.sdk/usr/include/dispatch.modulemap
/Applications/Xcode.app/Contents/Developer/Platforms/MacOSX.platform/Developer/SDKs/MacOSX26.1.sdk/usr/include/os.modulemap
/Applications/Xcode.app/Contents/Developer/Platforms/MacOSX.platform/Developer/SDKs/MacOSX26.1.sdk/usr/include/Darwin.modulemap
/Applications/Xcode.app/Contents/Developer/Platforms/MacOSX.platform/Developer/SDKs/MacOSX26.1.sdk/usr/include/Darwin_C.modulemap
/Applications/Xcode.app/Contents/Developer/Platforms/MacOSX.platform/Developer/SDKs/MacOSX26.1.sdk/usr/include/Darwin_POSIX.modulemap
/Applications/Xcode.app/Contents/Developer/Platforms/MacOSX.platform/Developer/SDKs/MacOSX26.1.sdk/usr/include/net.modulemap
/Applications/Xcode.app/Contents/Developer/Platforms/MacOSX.platform/Developer/SDKs/MacOSX26.1.sdk/usr/include/netinet.modulemap
/Applications/Xcode.app/Contents/Developer/Platforms/MacOSX.platform/Developer/SDKs/MacOSX26.1.sdk/usr/include/bank.modulemap
/Applications/Xcode.app/Contents/Developer/Platforms/MacOSX.platform/Developer/SDKs/MacOSX26.1.sdk/usr/include/Darwin_Mach.modulemap
/Applications/Xcode.app/Contents/Developer/Platforms/MacOSX.platform/Developer/SDKs/MacOSX26.1.sdk/usr/include/Darwin_Mach_machine.modulemap
/Applications/Xcode.app/Contents/Developer/Platforms/MacOSX.platform/Developer/SDKs/MacOSX26.1.sdk/usr/include/mach_debug.modulemap
/Applications/Xcode.app/Contents/Developer/Platforms/MacOSX.platform/Developer/SDKs/MacOSX26.1.sdk/usr/include/device.modulemap
/Applications/Xcode.app/Contents/Developer/Platforms/MacOSX.platform/Developer/SDKs/MacOSX26.1.sdk/usr/include/Darwin_machine.modulemap
/Applications/Xcode.app/Contents/Developer/Platforms/MacOSX.platform/Developer/SDKs/MacOSX26.1.sdk/usr/include/ncurses.modulemap
/Applications/Xcode.app/Contents/Developer/Platforms/MacOSX.platform/Developer/SDKs/MacOSX26.1.sdk/usr/include/netinet6.modulemap
/Applications/Xcode.app/Contents/Developer/Platforms/MacOSX.platform/Developer/SDKs/MacOSX26.1.sdk/usr/include/Darwin_sys.modulemap
/Applications/Xcode.app/Contents/Developer/Platforms/MacOSX.platform/Developer/SDKs/MacOSX26.1.sdk/usr/include/uuid.modulemap
/Applications/Xcode.app/Contents/Developer/Platforms/MacOSX.platform/Developer/SDKs/MacOSX26.1.sdk/usr/include/DarwinFoundation2.modulemap
/Applications/Xcode.app/Contents/Developer/Platforms/MacOSX.platform/Developer/SDKs/MacOSX26.1.sdk/usr/include/DarwinFoundation3.modulemap
/Applications/Xcode.app/Contents/Developer/Platforms/MacOSX.platform/Developer/SDKs/MacOSX26.1.sdk/usr/include/DarwinFoundation1.modulemap
/Applications/Xcode.app/Contents/Developer/Platforms/MacOSX.platform/Developer/SDKs/MacOSX26.1.sdk/usr/include/dispatch/dispatch.h
/Applications/Xcode.app/Contents/Developer/Toolchains/XcodeDefault.xctoolchain/usr/lib/swift/clang/include/module.modulemap
/Applications/Xcode.app/Contents/Developer/Toolchains/XcodeDefault.xctoolchain/usr/lib/swift/clang/include/stddef.h
/Applications/Xcode.app/Contents/Developer/Toolchains/XcodeDefault.xctoolchain/usr/lib/swift/clang/include/stdarg.h
/Applications/Xcode.app/Contents/Developer/Platforms/MacOSX.platform/Developer/SDKs/MacOSX26.1.sdk/usr/include/string.h
/Applications/Xcode.app/Contents/Developer/Platforms/MacOSX.platform/Developer/SDKs/MacOSX26.1.sdk/usr/include/dispatch/base.h
/Applications/Xcode.app/Contents/Developer/Platforms/MacOSX.platform/Developer/SDKs/MacOSX26.1.sdk/usr/include/dispatch/time.h
/Applications/Xcode.app/Contents/Developer/Platforms/MacOSX.platform/Developer/SDKs/MacOSX26.1.sdk/usr/include/dispatch/object.h
/Applications/Xcode.app/Contents/Developer/Platforms/MacOSX.platform/Developer/SDKs/MacOSX26.1.sdk/usr/include/dispatch/queue.h
/Applications/Xcode.app/Contents/Developer/Platforms/MacOSX.platform/Developer/SDKs/MacOSX26.1.sdk/usr/include/dispatch/block.h
/Applications/Xcode.app/Contents/Developer/Platforms/MacOSX.platform/Developer/SDKs/MacOSX26.1.sdk/usr/include/dispatch/source.h
/Applications/Xcode.app/Contents/Developer/Platforms/MacOSX.platform/Developer/SDKs/MacOSX26.1.sdk/usr/include/dispatch/group.h
/Applications/Xcode.app/Contents/Developer/Platforms/MacOSX.platform/Developer/SDKs/MacOSX26.1.sdk/usr/include/dispatch/semaphore.h
/Applications/Xcode.app/Contents/Developer/Platforms/MacOSX.platform/Developer/SDKs/MacOSX26.1.sdk/usr/include/dispatch/once.h
/Applications/Xcode.app/Contents/Developer/Platforms/MacOSX.platform/Developer/SDKs/MacOSX26.1.sdk/usr/include/dispatch/data.h
/Applications/Xcode.app/Contents/Developer/Platforms/MacOSX.platform/Developer/SDKs/MacOSX26.1.sdk/usr/include/dispatch/io.h
/Applications/Xcode.app/Contents/Developer/Platforms/MacOSX.platform/Developer/SDKs/MacOSX26.1.sdk/usr/include/dispatch/workloop.h
/Applications/Xcode.app/Contents/Developer/Platforms/MacOSX.platform/Developer/SDKs/MacOSX26.1.sdk/usr/include/dispatch/dispatch_swift_shims.h
/Applications/Xcode.app/Contents/Developer/Platforms/MacOSX.platform/Developer/SDKs/MacOSX26.1.sdk/SDKSettings.json
/Applications/Xcode.app/Contents/Developer/Toolchains/XcodeDefault.xctoolchain/usr/lib/swift/macosx/prebuilt-modules/26.1/Dispatch.swiftmodule/arm64e-apple-macos.swiftmodule
/Applications/Xcode.app/Contents/Developer/Platforms/MacOSX.platform/Developer/SDKs/MacOSX26.1.sdk/System/Library/Frameworks/Foundation.framework/Headers/Foundation.apinotes
/Applications/Xcode.app/Contents/Developer/Platforms/MacOSX.platform/Developer/SDKs/MacOSX26.1.sdk/System/Library/Frameworks/Foundation.framework/Modules/module.modulemap
/Applications/Xcode.app/Contents/Developer/Platforms/MacOSX.platform/Developer/SDKs/MacOSX26.1.sdk/System/Library/Frameworks/Foundation.framework/Headers/Foundation.h
/Applications/Xcode.app/Contents/Developer/Platforms/MacOSX.platform/Developer/SDKs/MacOSX26.1.sdk/System/Library/Frameworks/CoreFoundation.framework/Modules/module.modulemap
/Applications/Xcode.app/Contents/Developer/Platforms/MacOSX.platform/Developer/SDKs/MacOSX26.1.sdk/System/Library/Frameworks/Foundation.framework/Headers/NSObjCRuntime.h
/Applications/Xcode.app/Contents/Developer/Platforms/MacOSX.platform/Developer/SDKs/MacOSX26.1.sdk/usr/include/xpc.modulemap
/Applications/Xcode.app/Contents/Developer/Platforms/MacOSX.platform/Developer/SDKs/MacOSX26.1.sdk/usr/include/dispatch.modulemap
/Applications/Xcode.app/Contents/Developer/Platforms/MacOSX.platform/Developer/SDKs/MacOSX26.1.sdk/usr/include/ObjectiveC.modulemap
/Applications/Xcode.app/Contents/Developer/Platforms/MacOSX.platform/Developer/SDKs/MacOSX26.1.sdk/usr/include/Darwin.modulemap
/Applications/Xcode.app/Contents/Developer/Platforms/MacOSX.platform/Developer/SDKs/MacOSX26.1.sdk/usr/include/DarwinFoundation1.modulemap
/Applications/Xcode.app/Contents/Developer/Toolchains/XcodeDefault.xctoolchain/usr/lib/swift/clang/include/module.modulemap
/Applications/Xcode.app/Contents/Developer/Toolchains/XcodeDefault.xctoolchain/usr/lib/swift/clang/include/stdarg.h
/Applications/Xcode.app/Contents/Developer/Platforms/MacOSX.platform/Developer/SDKs/MacOSX26.1.sdk/System/Library/Frameworks/Foundation.framework/Headers/NSArray.h
/Applications/Xcode.app/Contents/Developer/Platforms/MacOSX.platform/Developer/SDKs/MacOSX26.1.sdk/System/Library/Frameworks/Foundation.framework/Headers/NSObject.h
/Applications/Xcode.app/Contents/Developer/Platforms/MacOSX.platform/Developer/SDKs/MacOSX26.1.sdk/System/Library/Frameworks/Foundation.framework/Headers/NSZone.h
/Applications/Xcode.app/Contents/Developer/Toolchains/XcodeDefault.xctoolchain/usr/lib/swift/clang/include/stddef.h
/Applications/Xcode.app/Contents/Developer/Platforms/MacOSX.platform/Developer/SDKs/MacOSX26.1.sdk/System/Library/Frameworks/Foundation.framework/Headers/NSEnumerator.h
/Applications/Xcode.app/Contents/Developer/Platforms/MacOSX.platform/Developer/SDKs/MacOSX26.1.sdk/System/Library/Frameworks/Foundation.framework/Headers/NSRange.h
/Applications/Xcode.app/Contents/Developer/Platforms/MacOSX.platform/Developer/SDKs/MacOSX26.1.sdk/System/Library/Frameworks/Foundation.framework/Headers/NSValue.h
/Applications/Xcode.app/Contents/Developer/Platforms/MacOSX.platform/Developer/SDKs/MacOSX26.1.sdk/System/Library/Frameworks/Foundation.framework/Headers/NSOrderedCollectionDifference.h
/Applications/Xcode.app/Contents/Developer/Platforms/MacOSX.platform/Developer/SDKs/MacOSX26.1.sdk/System/Library/Frameworks/Foundation.framework/Headers/NSOrderedCollectionChange.h
/Applications/Xcode.app/Contents/Developer/Platforms/MacOSX.platform/Developer/SDKs/MacOSX26.1.sdk/System/Library/Frameworks/Foundation.framework/Headers/NSIndexSet.h
/Applications/Xcode.app/Contents/Developer/Platforms/MacOSX.platform/Developer/SDKs/MacOSX26.1.sdk/System/Library/Frameworks/Foundation.framework/Headers/NSAutoreleasePool.h
/Applications/Xcode.app/Contents/Developer/Platforms/MacOSX.platform/Developer/SDKs/MacOSX26.1.sdk/System/Library/Frameworks/Foundation.framework/Headers/NSBundle.h
/Applications/Xcode.app/Contents/Developer/Platforms/MacOSX.platform/Developer/SDKs/MacOSX26.1.sdk/System/Library/Frameworks/Foundation.framework/Headers/NSString.h
/Applications/Xcode.app/Contents/Developer/Platforms/MacOSX.platform/Developer/SDKs/MacOSX26.1.sdk/System/Library/Frameworks/Foundation.framework/Headers/NSItemProvider.h
/Applications/Xcode.app/Contents/Developer/Platforms/MacOSX.platform/Developer/SDKs/MacOSX26.1.sdk/System/Library/Frameworks/Foundation.framework/Headers/NSDictionary.h
/Applications/Xcode.app/Contents/Developer/Platforms/MacOSX.platform/Developer/SDKs/MacOSX26.1.sdk/System/Library/Frameworks/Foundation.framework/Headers/NSSet.h
/Applications/Xcode.app/Contents/Developer/Platforms/MacOSX.platform/Developer/SDKs/MacOSX26.1.sdk/System/Library/Frameworks/Foundation.framework/Headers/NSProgress.h
/Applications/Xcode.app/Contents/Developer/Platforms/MacOSX.platform/Developer/SDKs/MacOSX26.1.sdk/System/Library/Frameworks/Foundation.framework/Headers/NSNotification.h
/Applications/Xcode.app/Contents/Developer/Platforms/MacOSX.platform/Developer/SDKs/MacOSX26.1.sdk/System/Library/Frameworks/Foundation.framework/Headers/NSByteOrder.h
/Applications/Xcode.app/Contents/Developer/Platforms/MacOSX.platform/Developer/SDKs/MacOSX26.1.sdk/System/Library/Frameworks/Foundation.framework/Headers/NSCalendar.h
/Applications/Xcode.app/Contents/Developer/Platforms/MacOSX.platform/Developer/SDKs/MacOSX26.1.sdk/System/Library/Frameworks/Foundation.framework/Headers/NSDate.h
/Applications/Xcode.app/Contents/Developer/Platforms/MacOSX.platform/Developer/SDKs/MacOSX26.1.sdk/System/Library/Frameworks/Foundation.framework/Headers/NSCharacterSet.h
/Applications/Xcode.app/Contents/Developer/Platforms/MacOSX.platform/Developer/SDKs/MacOSX26.1.sdk/System/Library/Frameworks/Foundation.framework/Headers/NSCoder.h
/Applications/Xcode.app/Contents/Developer/Platforms/MacOSX.platform/Developer/SDKs/MacOSX26.1.sdk/System/Library/Frameworks/Foundation.framework/Headers/NSData.h
/Applications/Xcode.app/Contents/Developer/Platforms/MacOSX.platform/Developer/SDKs/MacOSX26.1.sdk/System/Library/Frameworks/Foundation.framework/Headers/NSDateInterval.h
/Applications/Xcode.app/Contents/Developer/Platforms/MacOSX.platform/Developer/SDKs/MacOSX26.1.sdk/System/Library/Frameworks/Foundation.framework/Headers/NSDateFormatter.h
/Applications/Xcode.app/Contents/Developer/Platforms/MacOSX.platform/Developer/SDKs/MacOSX26.1.sdk/System/Library/Frameworks/Foundation.framework/Headers/NSFormatter.h
/Applications/Xcode.app/Contents/Developer/Platforms/MacOSX.platform/Developer/SDKs/MacOSX26.1.sdk/System/Library/Frameworks/Foundation.framework/Headers/NSAttributedString.h
/Applications/Xcode.app/Contents/Developer/Platforms/MacOSX.platform/Developer/SDKs/MacOSX26.1.sdk/System/Library/Frameworks/Foundation.framework/Headers/NSDateIntervalFormatter.h
/Applications/Xcode.app/Contents/Developer/Platforms/MacOSX.platform/Developer/SDKs/MacOSX26.1.sdk/System/Library/Frameworks/Foundation.framework/Headers/NSISO8601DateFormatter.h
/Applications/Xcode.app/Contents/Developer/Platforms/MacOSX.platform/Developer/SDKs/MacOSX26.1.sdk/System/Library/Frameworks/Foundation.framework/Headers/NSMassFormatter.h
/Applications/Xcode.app/Contents/Developer/Platforms/MacOSX.platform/Developer/SDKs/MacOSX26.1.sdk/System/Library/Frameworks/Foundation.framework/Headers/NSLengthFormatter.h
/Applications/Xcode.app/Contents/Developer/Platforms/MacOSX.platform/Developer/SDKs/MacOSX26.1.sdk/System/Library/Frameworks/Foundation.framework/Headers/NSEnergyFormatter.h
/Applications/Xcode.app/Contents/Developer/Platforms/MacOSX.platform/Developer/SDKs/MacOSX26.1.sdk/System/Library/Frameworks/Foundation.framework/Headers/NSMeasurementFormatter.h
/Applications/Xcode.app/Contents/Developer/Platforms/MacOSX.platform/Developer/SDKs/MacOSX26.1.sdk/System/Library/Frameworks/Foundation.framework/Headers/NSNumberFormatter.h
/Applications/Xcode.app/Contents/Developer/Platforms/MacOSX.platform/Developer/SDKs/MacOSX26.1.sdk/System/Library/Frameworks/Foundation.framework/Headers/NSMeasurement.h
/Applications/Xcode.app/Contents/Developer/Platforms/MacOSX.platform/Developer/SDKs/MacOSX26.1.sdk/System/Library/Frameworks/Foundation.framework/Headers/NSUnit.h
/Applications/Xcode.app/Contents/Developer/Platforms/MacOSX.platform/Developer/SDKs/MacOSX26.1.sdk/System/Library/Frameworks/Foundation.framework/Headers/NSLocale.h
/Applications/Xcode.app/Contents/Developer/Platforms/MacOSX.platform/Developer/SDKs/MacOSX26.1.sdk/System/Library/Frameworks/Foundation.framework/Headers/NSPersonNameComponents.h
/Applications/Xcode.app/Contents/Developer/Platforms/MacOSX.platform/Developer/SDKs/MacOSX26.1.sdk/System/Library/Frameworks/Foundation.framework/Headers/NSPersonNameComponentsFormatter.h
/Applications/Xcode.app/Contents/Developer/Platforms/MacOSX.platform/Developer/SDKs/MacOSX26.1.sdk/System/Library/Frameworks/Foundation.framework/Headers/NSRelativeDateTimeFormatter.h
/Applications/Xcode.app/Contents/Developer/Platforms/MacOSX.platform/Developer/SDKs/MacOSX26.1.sdk/System/Library/Frameworks/Foundation.framework/Headers/NSListFormatter.h
/Applications/Xcode.app/Contents/Developer/Platforms/MacOSX.platform/Developer/SDKs/MacOSX26.1.sdk/System/Library/Frameworks/Foundation.framework/Headers/NSDecimal.h
/Applications/Xcode.app/Contents/Developer/Platforms/MacOSX.platform/Developer/SDKs/MacOSX26.1.sdk/System/Library/Frameworks/Foundation.framework/Headers/NSDecimalNumber.h
/Applications/Xcode.app/Contents/Developer/Platforms/MacOSX.platform/Developer/SDKs/MacOSX26.1.sdk/System/Library/Frameworks/Foundation.framework/Headers/NSScanner.h
/Applications/Xcode.app/Contents/Developer/Platforms/MacOSX.platform/Developer/SDKs/MacOSX26.1.sdk/System/Library/Frameworks/Foundation.framework/Headers/NSException.h
/Applications/Xcode.app/Contents/Developer/Platforms/MacOSX.platform/Developer/SDKs/MacOSX26.1.sdk/System/Library/Frameworks/Foundation.framework/Headers/NSError.h
/Applications/Xcode.app/Contents/Developer/Platforms/MacOSX.platform/Developer/SDKs/MacOSX26.1.sdk/System/Library/Frameworks/Foundation.framework/Headers/NSFileHandle.h
/Applications/Xcode.app/Contents/Developer/Platforms/MacOSX.platform/Developer/SDKs/MacOSX26.1.sdk/System/Library/Frameworks/Foundation.framework/Headers/NSRunLoop.h
/Applications/Xcode.app/Contents/Developer/Platforms/MacOSX.platform/Developer/SDKs/MacOSX26.1.sdk/System/Library/Frameworks/Foundation.framework/Headers/NSFileManager.h
/Applications/Xcode.app/Contents/Developer/Platforms/MacOSX.platform/Developer/SDKs/MacOSX26.1.sdk/System/Library/Frameworks/Foundation.framework/Headers/NSPathUtilities.h
/Applications/Xcode.app/Contents/Developer/Platforms/MacOSX.platform/Developer/SDKs/MacOSX26.1.sdk/System/Library/Frameworks/Foundation.framework/Headers/NSURL.h
/Applications/Xcode.app/Contents/Developer/Platforms/MacOSX.platform/Developer/SDKs/MacOSX26.1.sdk/System/Library/Frameworks/Foundation.framework/Headers/NSURLHandle.h
/Applications/Xcode.app/Contents/Developer/Platforms/MacOSX.platform/Developer/SDKs/MacOSX26.1.sdk/System/Library/Frameworks/Foundation.framework/Headers/NSHashTable.h
/Applications/Xcode.app/Contents/Developer/Platforms/MacOSX.platform/Developer/SDKs/MacOSX26.1.sdk/System/Library/Frameworks/Foundation.framework/Headers/NSPointerFunctions.h
/Applications/Xcode.app/Contents/Developer/Platforms/MacOSX.platform/Developer/SDKs/MacOSX26.1.sdk/System/Library/Frameworks/Foundation.framework/Headers/NSHTTPCookie.h
/Applications/Xcode.app/Contents/Developer/Platforms/MacOSX.platform/Developer/SDKs/MacOSX26.1.sdk/System/Library/Frameworks/Foundation.framework/Headers/NSHTTPCookieStorage.h
/Applications/Xcode.app/Contents/Developer/Platforms/MacOSX.platform/Developer/SDKs/MacOSX26.1.sdk/System/Library/Frameworks/Foundation.framework/Headers/NSIndexPath.h
/Applications/Xcode.app/Contents/Developer/Platforms/MacOSX.platform/Developer/SDKs/MacOSX26.1.sdk/System/Library/Frameworks/Foundation.framework/Headers/NSInflectionRule.h
/Applications/Xcode.app/Contents/Developer/Platforms/MacOSX.platform/Developer/SDKs/MacOSX26.1.sdk/System/Library/Frameworks/Foundation.framework/Headers/NSInvocation.h
/Applications/Xcode.app/Contents/Developer/Platforms/MacOSX.platform/Developer/SDKs/MacOSX26.1.sdk/System/Library/Frameworks/Foundation.framework/Headers/NSJSONSerialization.h
/Applications/Xcode.app/Contents/Developer/Platforms/MacOSX.platform/Developer/SDKs/MacOSX26.1.sdk/System/Library/Frameworks/Foundation.framework/Headers/NSKeyValueCoding.h
/Applications/Xcode.app/Contents/Developer/Platforms/MacOSX.platform/Developer/SDKs/MacOSX26.1.sdk/System/Library/Frameworks/Foundation.framework/Headers/NSOrderedSet.h
/Applications/Xcode.app/Contents/Developer/Platforms/MacOSX.platform/Developer/SDKs/MacOSX26.1.sdk/System/Library/Frameworks/Foundation.framework/Headers/NSKeyValueObserving.h
/Applications/Xcode.app/Contents/Developer/Platforms/MacOSX.platform/Developer/SDKs/MacOSX26.1.sdk/System/Library/Frameworks/Foundation.framework/Headers/NSKeyValueSharedObservers.h
/Applications/Xcode.app/Contents/Developer/Platforms/MacOSX.platform/Developer/SDKs/MacOSX26.1.sdk/System/Library/Frameworks/Foundation.framework/Headers/NSKeyedArchiver.h
/Applications/Xcode.app/Contents/Developer/Platforms/MacOSX.platform/Developer/SDKs/MacOSX26.1.sdk/System/Library/Frameworks/Foundation.framework/Headers/NSPropertyList.h
/Applications/Xcode.app/Contents/Developer/Platforms/MacOSX.platform/Developer/SDKs/MacOSX26.1.sdk/System/Library/Frameworks/Foundation.framework/Headers/NSGeometry.h
/Applications/Xcode.app/Contents/Developer/Platforms/MacOSX.platform/Developer/SDKs/MacOSX26.1.sdk/System/Library/Frameworks/Foundation.framework/Headers/NSLock.h
/Applications/Xcode.app/Contents/Developer/Platforms/MacOSX.platform/Developer/SDKs/MacOSX26.1.sdk/System/Library/Frameworks/Foundation.framework/Headers/NSMapTable.h
/Applications/Xcode.app/Contents/Developer/Platforms/MacOSX.platform/Developer/SDKs/MacOSX26.1.sdk/System/Library/Frameworks/Foundation.framework/Headers/NSMethodSignature.h
/Applications/Xcode.app/Contents/Developer/Platforms/MacOSX.platform/Developer/SDKs/MacOSX26.1.sdk/System/Library/Frameworks/Foundation.framework/Headers/NSMorphology.h
/Applications/Xcode.app/Contents/Developer/Platforms/MacOSX.platform/Developer/SDKs/MacOSX26.1.sdk/System/Library/Frameworks/Foundation.framework/Headers/NSTermOfAddress.h
/Applications/Xcode.app/Contents/Developer/Platforms/MacOSX.platform/Developer/SDKs/MacOSX26.1.sdk/System/Library/Frameworks/Foundation.framework/Headers/NSNotificationQueue.h
/Applications/Xcode.app/Contents/Developer/Platforms/MacOSX.platform/Developer/SDKs/MacOSX26.1.sdk/System/Library/Frameworks/Foundation.framework/Headers/NSNull.h
/Applications/Xcode.app/Contents/Developer/Platforms/MacOSX.platform/Developer/SDKs/MacOSX26.1.sdk/System/Library/Frameworks/Foundation.framework/Headers/NSLocalizedNumberFormatRule.h
/Applications/Xcode.app/Contents/Developer/Platforms/MacOSX.platform/Developer/SDKs/MacOSX26.1.sdk/System/Library/Frameworks/Foundation.framework/Headers/NSOperation.h
/Applications/Xcode.app/Contents/Developer/Platforms/MacOSX.platform/Developer/SDKs/MacOSX26.1.sdk/System/Library/Frameworks/Foundation.framework/Headers/NSOrthography.h
/Applications/Xcode.app/Contents/Developer/Platforms/MacOSX.platform/Developer/SDKs/MacOSX26.1.sdk/System/Library/Frameworks/Foundation.framework/Headers/NSPointerArray.h
/Applications/Xcode.app/Contents/Developer/Platforms/MacOSX.platform/Developer/SDKs/MacOSX26.1.sdk/System/Library/Frameworks/Foundation.framework/Headers/NSPort.h
/Applications/Xcode.app/Contents/Developer/Platforms/MacOSX.platform/Developer/SDKs/MacOSX26.1.sdk/System/Library/Frameworks/Foundation.framework/Headers/NSProcessInfo.h
/Applications/Xcode.app/Contents/Developer/Platforms/MacOSX.platform/Developer/SDKs/MacOSX26.1.sdk/System/Library/Frameworks/Foundation.framework/Headers/NSProxy.h
/Applications/Xcode.app/Contents/Developer/Platforms/MacOSX.platform/Developer/SDKs/MacOSX26.1.sdk/System/Library/Frameworks/Foundation.framework/Headers/NSRegularExpression.h
/Applications/Xcode.app/Contents/Developer/Platforms/MacOSX.platform/Developer/SDKs/MacOSX26.1.sdk/System/Library/Frameworks/Foundation.framework/Headers/NSTextCheckingResult.h
/Applications/Xcode.app/Contents/Developer/Platforms/MacOSX.platform/Developer/SDKs/MacOSX26.1.sdk/System/Library/Frameworks/Foundation.framework/Headers/NSSortDescriptor.h
/Applications/Xcode.app/Contents/Developer/Platforms/MacOSX.platform/Developer/SDKs/MacOSX26.1.sdk/System/Library/Frameworks/Foundation.framework/Headers/NSStream.h
/Applications/Xcode.app/Contents/Developer/Platforms/MacOSX.platform/Developer/SDKs/MacOSX26.1.sdk/System/Library/Frameworks/Foundation.framework/Headers/NSThread.h
/Applications/Xcode.app/Contents/Developer/Platforms/MacOSX.platform/Developer/SDKs/MacOSX26.1.sdk/System/Library/Frameworks/Foundation.framework/Headers/NSTimeZone.h
/Applications/Xcode.app/Contents/Developer/Platforms/MacOSX.platform/Developer/SDKs/MacOSX26.1.sdk/System/Library/Frameworks/Foundation.framework/Headers/NSTimer.h
/Applications/Xcode.app/Contents/Developer/Platforms/MacOSX.platform/Developer/SDKs/MacOSX26.1.sdk/System/Library/Frameworks/Foundation.framework/Headers/NSURLAuthenticationChallenge.h
/Applications/Xcode.app/Contents/Developer/Platforms/MacOSX.platform/Developer/SDKs/MacOSX26.1.sdk/System/Library/Frameworks/Foundation.framework/Headers/NSURLCache.h
/Applications/Xcode.app/Contents/Developer/Platforms/MacOSX.platform/Developer/SDKs/MacOSX26.1.sdk/System/Library/Frameworks/Foundation.framework/Headers/NSURLConnection.h
/Applications/Xcode.app/Contents/Developer/Platforms/MacOSX.platform/Developer/SDKs/MacOSX26.1.sdk/System/Library/Frameworks/Foundation.framework/Headers/NSURLCredential.h
/Applications/Xcode.app/Contents/Developer/Platforms/MacOSX.platform/Developer/SDKs/MacOSX26.1.sdk/System/Library/Frameworks/Security.framework/Modules/module.modulemap
/Applications/Xcode.app/Contents/Developer/Platforms/MacOSX.platform/Developer/SDKs/MacOSX26.1.sdk/System/Library/Frameworks/Foundation.framework/Headers/NSURLCredentialStorage.h
/Applications/Xcode.app/Contents/Developer/Platforms/MacOSX.platform/Developer/SDKs/MacOSX26.1.sdk/System/Library/Frameworks/Foundation.framework/Headers/NSURLProtectionSpace.h
/Applications/Xcode.app/Contents/Developer/Platforms/MacOSX.platform/Developer/SDKs/MacOSX26.1.sdk/System/Library/Frameworks/Foundation.framework/Headers/NSURLError.h
/Applications/Xcode.app/Contents/Developer/Platforms/MacOSX.platform/Developer/SDKs/MacOSX26.1.sdk/System/Library/Frameworks/CoreServices.framework/Modules/module.modulemap
/Applications/Xcode.app/Contents/Developer/Platforms/MacOSX.platform/Developer/SDKs/MacOSX26.1.sdk/System/Library/Frameworks/Foundation.framework/Headers/NSURLProtocol.h
/Applications/Xcode.app/Contents/Developer/Platforms/MacOSX.platform/Developer/SDKs/MacOSX26.1.sdk/System/Library/Frameworks/Foundation.framework/Headers/NSURLRequest.h
/Applications/Xcode.app/Contents/Developer/Platforms/MacOSX.platform/Developer/SDKs/MacOSX26.1.sdk/System/Library/Frameworks/Foundation.framework/Headers/NSURLResponse.h
/Applications/Xcode.app/Contents/Developer/Platforms/MacOSX.platform/Developer/SDKs/MacOSX26.1.sdk/System/Library/Frameworks/Foundation.framework/Headers/NSUserDefaults.h
/Applications/Xcode.app/Contents/Developer/Platforms/MacOSX.platform/Developer/SDKs/MacOSX26.1.sdk/System/Library/Frameworks/Foundation.framework/Headers/NSValueTransformer.h
/Applications/Xcode.app/Contents/Developer/Platforms/MacOSX.platform/Developer/SDKs/MacOSX26.1.sdk/System/Library/Frameworks/Foundation.framework/Headers/NSXMLParser.h
/Applications/Xcode.app/Contents/Developer/Platforms/MacOSX.platform/Developer/SDKs/MacOSX26.1.sdk/System/Library/Frameworks/Foundation.framework/Headers/NSXPCConnection.h
/Applications/Xcode.app/Contents/Developer/Platforms/MacOSX.platform/Developer/SDKs/MacOSX26.1.sdk/System/Library/Frameworks/Foundation.framework/Headers/FoundationErrors.h
/Applications/Xcode.app/Contents/Developer/Platforms/MacOSX.platform/Developer/SDKs/MacOSX26.1.sdk/System/Library/Frameworks/Foundation.framework/Headers/NSByteCountFormatter.h
/Applications/Xcode.app/Contents/Developer/Platforms/MacOSX.platform/Developer/SDKs/MacOSX26.1.sdk/System/Library/Frameworks/Foundation.framework/Headers/NSCache.h
/Applications/Xcode.app/Contents/Developer/Platforms/MacOSX.platform/Developer/SDKs/MacOSX26.1.sdk/System/Library/Frameworks/Foundation.framework/Headers/NSComparisonPredicate.h
/Applications/Xcode.app/Contents/Developer/Platforms/MacOSX.platform/Developer/SDKs/MacOSX26.1.sdk/System/Library/Frameworks/Foundation.framework/Headers/NSPredicate.h
/Applications/Xcode.app/Contents/Developer/Platforms/MacOSX.platform/Developer/SDKs/MacOSX26.1.sdk/System/Library/Frameworks/Foundation.framework/Headers/NSCompoundPredicate.h
/Applications/Xcode.app/Contents/Developer/Platforms/MacOSX.platform/Developer/SDKs/MacOSX26.1.sdk/System/Library/Frameworks/Foundation.framework/Headers/NSDateComponentsFormatter.h
/Applications/Xcode.app/Contents/Developer/Platforms/MacOSX.platform/Developer/SDKs/MacOSX26.1.sdk/System/Library/Frameworks/Foundation.framework/Headers/NSExpression.h
/Applications/Xcode.app/Contents/Developer/Platforms/MacOSX.platform/Developer/SDKs/MacOSX26.1.sdk/System/Library/Frameworks/Foundation.framework/Headers/NSExtensionContext.h
/Applications/Xcode.app/Contents/Developer/Platforms/MacOSX.platform/Developer/SDKs/MacOSX26.1.sdk/System/Library/Frameworks/Foundation.framework/Headers/NSExtensionItem.h
/Applications/Xcode.app/Contents/Developer/Platforms/MacOSX.platform/Developer/SDKs/MacOSX26.1.sdk/System/Library/Frameworks/Foundation.framework/Headers/NSExtensionRequestHandling.h
/Applications/Xcode.app/Contents/Developer/Platforms/MacOSX.platform/Developer/SDKs/MacOSX26.1.sdk/System/Library/Frameworks/Foundation.framework/Headers/NSFileCoordinator.h
/Applications/Xcode.app/Contents/Developer/Platforms/MacOSX.platform/Developer/SDKs/MacOSX26.1.sdk/System/Library/Frameworks/Foundation.framework/Headers/NSFilePresenter.h
/Applications/Xcode.app/Contents/Developer/Platforms/MacOSX.platform/Developer/SDKs/MacOSX26.1.sdk/System/Library/Frameworks/Foundation.framework/Headers/NSFileVersion.h
/Applications/Xcode.app/Contents/Developer/Platforms/MacOSX.platform/Developer/SDKs/MacOSX26.1.sdk/System/Library/Frameworks/Foundation.framework/Headers/NSFileWrapper.h
/Applications/Xcode.app/Contents/Developer/Platforms/MacOSX.platform/Developer/SDKs/MacOSX26.1.sdk/System/Library/Frameworks/Foundation.framework/Headers/NSLinguisticTagger.h
/Applications/Xcode.app/Contents/Developer/Platforms/MacOSX.platform/Developer/SDKs/MacOSX26.1.sdk/System/Library/Frameworks/Foundation.framework/Headers/NSMetadata.h
/Applications/Xcode.app/Contents/Developer/Platforms/MacOSX.platform/Developer/SDKs/MacOSX26.1.sdk/System/Library/Frameworks/Foundation.framework/Headers/NSMetadataAttributes.h
/Applications/Xcode.app/Contents/Developer/Platforms/MacOSX.platform/Developer/SDKs/MacOSX26.1.sdk/System/Library/Frameworks/Foundation.framework/Headers/NSNetServices.h
/Applications/Xcode.app/Contents/Developer/Platforms/MacOSX.platform/Developer/SDKs/MacOSX26.1.sdk/System/Library/Frameworks/Foundation.framework/Headers/NSUbiquitousKeyValueStore.h
/Applications/Xcode.app/Contents/Developer/Platforms/MacOSX.platform/Developer/SDKs/MacOSX26.1.sdk/System/Library/Frameworks/Foundation.framework/Headers/NSUndoManager.h
/Applications/Xcode.app/Contents/Developer/Platforms/MacOSX.platform/Developer/SDKs/MacOSX26.1.sdk/System/Library/Frameworks/Foundation.framework/Headers/NSURLSession.h
/Applications/Xcode.app/Contents/Developer/Platforms/MacOSX.platform/Developer/SDKs/MacOSX26.1.sdk/System/Library/Frameworks/Foundation.framework/Headers/NSUserActivity.h
/Applications/Xcode.app/Contents/Developer/Platforms/MacOSX.platform/Developer/SDKs/MacOSX26.1.sdk/System/Library/Frameworks/Foundation.framework/Headers/NSUUID.h
/Applications/Xcode.app/Contents/Developer/Platforms/MacOSX.platform/Developer/SDKs/MacOSX26.1.sdk/System/Library/Frameworks/Foundation.framework/Headers/NSAffineTransform.h
/Applications/Xcode.app/Contents/Developer/Platforms/MacOSX.platform/Developer/SDKs/MacOSX26.1.sdk/System/Library/Frameworks/Foundation.framework/Headers/NSAppleScript.h
/Applications/Xcode.app/Contents/Developer/Platforms/MacOSX.platform/Developer/SDKs/MacOSX26.1.sdk/System/Library/Frameworks/Foundation.framework/Headers/NSArchiver.h
/Applications/Xcode.app/Contents/Developer/Platforms/MacOSX.platform/Developer/SDKs/MacOSX26.1.sdk/System/Library/Frameworks/Foundation.framework/Headers/NSBackgroundActivityScheduler.h
/Applications/Xcode.app/Contents/Developer/Platforms/MacOSX.platform/Developer/SDKs/MacOSX26.1.sdk/System/Library/Frameworks/Foundation.framework/Headers/NSCalendarDate.h
/Applications/Xcode.app/Contents/Developer/Platforms/MacOSX.platform/Developer/SDKs/MacOSX26.1.sdk/System/Library/Frameworks/Foundation.framework/Headers/NSConnection.h
/Applications/Xcode.app/Contents/Developer/Platforms/MacOSX.platform/Developer/SDKs/MacOSX26.1.sdk/System/Library/Frameworks/Foundation.framework/Headers/NSDistantObject.h
/Applications/Xcode.app/Contents/Developer/Platforms/MacOSX.platform/Developer/SDKs/MacOSX26.1.sdk/System/Library/Frameworks/Foundation.framework/Headers/NSDistributedNotificationCenter.h
/Applications/Xcode.app/Contents/Developer/Platforms/MacOSX.platform/Developer/SDKs/MacOSX26.1.sdk/System/Library/Frameworks/Foundation.framework/Headers/NSPortCoder.h
/Applications/Xcode.app/Contents/Developer/Platforms/MacOSX.platform/Developer/SDKs/MacOSX26.1.sdk/System/Library/Frameworks/Foundation.framework/Headers/NSPortMessage.h
/Applications/Xcode.app/Contents/Developer/Platforms/MacOSX.platform/Developer/SDKs/MacOSX26.1.sdk/System/Library/Frameworks/Foundation.framework/Headers/NSPortNameServer.h
/Applications/Xcode.app/Contents/Developer/Platforms/MacOSX.platform/Developer/SDKs/MacOSX26.1.sdk/System/Library/Frameworks/Foundation.framework/Headers/NSProtocolChecker.h
/Applications/Xcode.app/Contents/Developer/Platforms/MacOSX.platform/Developer/SDKs/MacOSX26.1.sdk/System/Library/Frameworks/Foundation.framework/Headers/NSTask.h
/Applications/Xcode.app/Contents/Developer/Platforms/MacOSX.platform/Developer/SDKs/MacOSX26.1.sdk/System/Library/Frameworks/Foundation.framework/Headers/NSXMLDTD.h
/Applications/Xcode.app/Contents/Developer/Platforms/MacOSX.platform/Developer/SDKs/MacOSX26.1.sdk/System/Library/Frameworks/Foundation.framework/Headers/NSXMLNode.h
/Applications/Xcode.app/Contents/Developer/Platforms/MacOSX.platform/Developer/SDKs/MacOSX26.1.sdk/System/Library/Frameworks/Foundation.framework/Headers/NSXMLNodeOptions.h
/Applications/Xcode.app/Contents/Developer/Platforms/MacOSX.platform/Developer/SDKs/MacOSX26.1.sdk/System/Library/Frameworks/Foundation.framework/Headers/NSXMLDTDNode.h
/Applications/Xcode.app/Contents/Developer/Platforms/MacOSX.platform/Developer/SDKs/MacOSX26.1.sdk/System/Library/Frameworks/Foundation.framework/Headers/NSXMLDocument.h
/Applications/Xcode.app/Contents/Developer/Platforms/MacOSX.platform/Developer/SDKs/MacOSX26.1.sdk/System/Library/Frameworks/Foundation.framework/Headers/NSXMLElement.h
/Applications/Xcode.app/Contents/Developer/Platforms/MacOSX.platform/Developer/SDKs/MacOSX26.1.sdk/System/Library/Frameworks/Foundation.framework/Headers/NSURLDownload.h
/Applications/Xcode.app/Contents/Developer/Platforms/MacOSX.platform/Developer/SDKs/MacOSX26.1.sdk/System/Library/Frameworks/Foundation.framework/Headers/NSAppleEventDescriptor.h
/Applications/Xcode.app/Contents/Developer/Platforms/MacOSX.platform/Developer/SDKs/MacOSX26.1.sdk/System/Library/Frameworks/Foundation.framework/Headers/NSAppleEventManager.h
/Applications/Xcode.app/Contents/Developer/Platforms/MacOSX.platform/Developer/SDKs/MacOSX26.1.sdk/System/Library/Frameworks/Foundation.framework/Headers/NSClassDescription.h
/Applications/Xcode.app/Contents/Developer/Platforms/MacOSX.platform/Developer/SDKs/MacOSX26.1.sdk/System/Library/Frameworks/Foundation.framework/Headers/NSDistributedLock.h
/Applications/Xcode.app/Contents/Developer/Platforms/MacOSX.platform/Developer/SDKs/MacOSX26.1.sdk/System/Library/Frameworks/Foundation.framework/Headers/NSGarbageCollector.h
/Applications/Xcode.app/Contents/Developer/Platforms/MacOSX.platform/Developer/SDKs/MacOSX26.1.sdk/System/Library/Frameworks/Foundation.framework/Headers/NSHFSFileTypes.h
/Applications/Xcode.app/Contents/Developer/Platforms/MacOSX.platform/Developer/SDKs/MacOSX26.1.sdk/System/Library/Frameworks/Foundation.framework/Headers/NSHost.h
/Applications/Xcode.app/Contents/Developer/Platforms/MacOSX.platform/Developer/SDKs/MacOSX26.1.sdk/System/Library/Frameworks/Foundation.framework/Headers/NSObjectScripting.h
/Applications/Xcode.app/Contents/Developer/Platforms/MacOSX.platform/Developer/SDKs/MacOSX26.1.sdk/System/Library/Frameworks/Foundation.framework/Headers/NSScriptClassDescription.h
/Applications/Xcode.app/Contents/Developer/Platforms/MacOSX.platform/Developer/SDKs/MacOSX26.1.sdk/System/Library/Frameworks/Foundation.framework/Headers/NSScriptCoercionHandler.h
/Applications/Xcode.app/Contents/Developer/Platforms/MacOSX.platform/Developer/SDKs/MacOSX26.1.sdk/System/Library/Frameworks/Foundation.framework/Headers/NSScriptCommand.h
/Applications/Xcode.app/Contents/Developer/Platforms/MacOSX.platform/Developer/SDKs/MacOSX26.1.sdk/System/Library/Frameworks/Foundation.framework/Headers/NSScriptCommandDescription.h
/Applications/Xcode.app/Contents/Developer/Platforms/MacOSX.platform/Developer/SDKs/MacOSX26.1.sdk/System/Library/Frameworks/Foundation.framework/Headers/NSScriptExecutionContext.h
/Applications/Xcode.app/Contents/Developer/Platforms/MacOSX.platform/Developer/SDKs/MacOSX26.1.sdk/System/Library/Frameworks/Foundation.framework/Headers/NSScriptKeyValueCoding.h
/Applications/Xcode.app/Contents/Developer/Platforms/MacOSX.platform/Developer/SDKs/MacOSX26.1.sdk/System/Library/Frameworks/Foundation.framework/Headers/NSScriptObjectSpecifiers.h
/Applications/Xcode.app/Contents/Developer/Platforms/MacOSX.platform/Developer/SDKs/MacOSX26.1.sdk/System/Library/Frameworks/Foundation.framework/Headers/NSScriptStandardSuiteCommands.h
/Applications/Xcode.app/Contents/Developer/Platforms/MacOSX.platform/Developer/SDKs/MacOSX26.1.sdk/System/Library/Frameworks/Foundation.framework/Headers/NSScriptSuiteRegistry.h
/Applications/Xcode.app/Contents/Developer/Platforms/MacOSX.platform/Developer/SDKs/MacOSX26.1.sdk/System/Library/Frameworks/Foundation.framework/Headers/NSScriptWhoseTests.h
/Applications/Xcode.app/Contents/Developer/Platforms/MacOSX.platform/Developer/SDKs/MacOSX26.1.sdk/System/Library/Frameworks/Foundation.framework/Headers/NSSpellServer.h
/Applications/Xcode.app/Contents/Developer/Platforms/MacOSX.platform/Developer/SDKs/MacOSX26.1.sdk/System/Library/Frameworks/Foundation.framework/Headers/NSUserNotification.h
/Applications/Xcode.app/Contents/Developer/Platforms/MacOSX.platform/Developer/SDKs/MacOSX26.1.sdk/System/Library/Frameworks/Foundation.framework/Headers/NSUserScriptTask.h
/Applications/Xcode.app/Contents/Developer/Platforms/MacOSX.platform/Developer/SDKs/MacOSX26.1.sdk/System/Library/Frameworks/Foundation.framework/Headers/FoundationLegacySwiftCompatibility.h
/Applications/Xcode.app/Contents/Developer/Platforms/MacOSX.platform/Developer/SDKs/MacOSX26.1.sdk/System/Library/Frameworks/Foundation.framework/Headers/NSDebug.h
/Applications/Xcode.app/Contents/Developer/Platforms/MacOSX.platform/Developer/SDKs/MacOSX26.1.sdk/SDKSettings.json
/Applications/Xcode.app/Contents/Developer/Toolchains/XcodeDefault.xctoolchain/usr/lib/swift/macosx/prebuilt-modules/26.1/Foundation.swiftmodule/arm64e-apple-macos.swiftmodule
/Applications/Xcode.app/Contents/Developer/Toolchains/XcodeDefault.xctoolchain/usr/lib/swift/macosx/prebuilt-modules/26.1/IOKit.swiftmodule/arm64e-apple-macos.swiftmodule
/Applications/Xcode.app/Contents/Developer/Platforms/MacOSX.platform/Developer/SDKs/MacOSX26.1.sdk/System/Library/Frameworks/IOKit.framework/Modules/module.modulemap
/Applications/Xcode.app/Contents/Developer/Platforms/MacOSX.platform/Developer/SDKs/MacOSX26.1.sdk/System/Library/Frameworks/IOKit.framework/Headers/IOReturn.h
/Applications/Xcode.app/Contents/Developer/Platforms/MacOSX.platform/Developer/SDKs/MacOSX26.1.sdk/usr/include/dispatch.modulemap
/Applications/Xcode.app/Contents/Developer/Platforms/MacOSX.platform/Developer/SDKs/MacOSX26.1.sdk/usr/include/libkern.modulemap
/Applications/Xcode.app/Contents/Developer/Platforms/MacOSX.platform/Developer/SDKs/MacOSX26.1.sdk/usr/include/Darwin.modulemap
/Applications/Xcode.app/Contents/Developer/Platforms/MacOSX.platform/Developer/SDKs/MacOSX26.1.sdk/usr/include/Darwin_C.modulemap
/Applications/Xcode.app/Contents/Developer/Platforms/MacOSX.platform/Developer/SDKs/MacOSX26.1.sdk/usr/include/Darwin_POSIX.modulemap
/Applications/Xcode.app/Contents/Developer/Platforms/MacOSX.platform/Developer/SDKs/MacOSX26.1.sdk/usr/include/net.modulemap
/Applications/Xcode.app/Contents/Developer/Platforms/MacOSX.platform/Developer/SDKs/MacOSX26.1.sdk/usr/include/netinet.modulemap
/Applications/Xcode.app/Contents/Developer/Platforms/MacOSX.platform/Developer/SDKs/MacOSX26.1.sdk/usr/include/bank.modulemap
/Applications/Xcode.app/Contents/Developer/Platforms/MacOSX.platform/Developer/SDKs/MacOSX26.1.sdk/usr/include/Darwin_Mach.modulemap
/Applications/Xcode.app/Contents/Developer/Platforms/MacOSX.platform/Developer/SDKs/MacOSX26.1.sdk/usr/include/Darwin_Mach_machine.modulemap
/Applications/Xcode.app/Contents/Developer/Platforms/MacOSX.platform/Developer/SDKs/MacOSX26.1.sdk/usr/include/mach_debug.modulemap
/Applications/Xcode.app/Contents/Developer/Platforms/MacOSX.platform/Developer/SDKs/MacOSX26.1.sdk/usr/include/device.modulemap
/Applications/Xcode.app/Contents/Developer/Platforms/MacOSX.platform/Developer/SDKs/MacOSX26.1.sdk/usr/include/Darwin_machine.modulemap
/Applications/Xcode.app/Contents/Developer/Platforms/MacOSX.platform/Developer/SDKs/MacOSX26.1.sdk/usr/include/ncurses.modulemap
/Applications/Xcode.app/Contents/Developer/Platforms/MacOSX.platform/Developer/SDKs/MacOSX26.1.sdk/usr/include/netinet6.modulemap
/Applications/Xcode.app/Contents/Developer/Platforms/MacOSX.platform/Developer/SDKs/MacOSX26.1.sdk/usr/include/Darwin_sys.modulemap
/Applications/Xcode.app/Contents/Developer/Platforms/MacOSX.platform/Developer/SDKs/MacOSX26.1.sdk/usr/include/uuid.modulemap
/Applications/Xcode.app/Contents/Developer/Platforms/MacOSX.platform/Developer/SDKs/MacOSX26.1.sdk/usr/include/DarwinFoundation2.modulemap
/Applications/Xcode.app/Contents/Developer/Platforms/MacOSX.platform/Developer/SDKs/MacOSX26.1.sdk/usr/include/DarwinFoundation1.modulemap
/Applications/Xcode.app/Contents/Developer/Platforms/MacOSX.platform/Developer/SDKs/MacOSX26.1.sdk/System/Library/Frameworks/IOKit.framework/Headers/IOMapTypes.h
/Applications/Xcode.app/Contents/Developer/Platforms/MacOSX.platform/Developer/SDKs/MacOSX26.1.sdk/System/Library/Frameworks/IOKit.framework/Headers/IOTypes.h
/Applications/Xcode.app/Contents/Developer/Toolchains/XcodeDefault.xctoolchain/usr/lib/swift/clang/include/module.modulemap
/Applications/Xcode.app/Contents/Developer/Platforms/MacOSX.platform/Developer/SDKs/MacOSX26.1.sdk/System/Library/Frameworks/IOKit.framework/Headers/IOKitKeys.h
/Applications/Xcode.app/Contents/Developer/Platforms/MacOSX.platform/Developer/SDKs/MacOSX26.1.sdk/System/Library/Frameworks/IOKit.framework/Headers/OSMessageNotification.h
/Applications/Xcode.app/Contents/Developer/Platforms/MacOSX.platform/Developer/SDKs/MacOSX26.1.sdk/System/Library/Frameworks/IOKit.framework/Headers/IOKitLib.h
/Applications/Xcode.app/Contents/Developer/Platforms/MacOSX.platform/Developer/SDKs/MacOSX26.1.sdk/System/Library/Frameworks/CoreFoundation.framework/Modules/module.modulemap
/Applications/Xcode.app/Contents/Developer/Platforms/MacOSX.platform/Developer/SDKs/MacOSX26.1.sdk/System/Library/Frameworks/IOKit.framework/Headers/IOBSD.h
/Applications/Xcode.app/Contents/Developer/Platforms/MacOSX.platform/Developer/SDKs/MacOSX26.1.sdk/System/Library/Frameworks/IOKit.framework/Headers/IODataQueueClient.h
/Applications/Xcode.app/Contents/Developer/Platforms/MacOSX.platform/Developer/SDKs/MacOSX26.1.sdk/System/Library/Frameworks/IOKit.framework/Headers/IODataQueueShared.h
/Applications/Xcode.app/Contents/Developer/Platforms/MacOSX.platform/Developer/SDKs/MacOSX26.1.sdk/System/Library/Frameworks/IOKit.framework/Headers/IOCFBundle.h
/Applications/Xcode.app/Contents/Developer/Platforms/MacOSX.platform/Developer/SDKs/MacOSX26.1.sdk/System/Library/Frameworks/IOKit.framework/Headers/IOSharedLock.h
/Applications/Xcode.app/Contents/Developer/Platforms/MacOSX.platform/Developer/SDKs/MacOSX26.1.sdk/System/Library/Frameworks/IOKit.framework/Headers/IOCFPlugIn.h
/Applications/Xcode.app/Contents/Developer/Platforms/MacOSX.platform/Developer/SDKs/MacOSX26.1.sdk/System/Library/Frameworks/IOKit.framework/Headers/IOCFSerialize.h
/Applications/Xcode.app/Contents/Developer/Platforms/MacOSX.platform/Developer/SDKs/MacOSX26.1.sdk/System/Library/Frameworks/IOKit.framework/Headers/IOCFURLAccess.h
/Applications/Xcode.app/Contents/Developer/Platforms/MacOSX.platform/Developer/SDKs/MacOSX26.1.sdk/System/Library/Frameworks/IOKit.framework/Headers/IOKitServer.h
/Applications/Xcode.app/Contents/Developer/Platforms/MacOSX.platform/Developer/SDKs/MacOSX26.1.sdk/System/Library/Frameworks/IOKit.framework/Headers/IOCFUnserialize.h
/Applications/Xcode.app/Contents/Developer/Platforms/MacOSX.platform/Developer/SDKs/MacOSX26.1.sdk/System/Library/Frameworks/IOKit.framework/Headers/IOMessage.h
/Applications/Xcode.app/Contents/Developer/Platforms/MacOSX.platform/Developer/SDKs/MacOSX26.1.sdk/System/Library/Frameworks/IOKit.framework/Headers/IORPC.h
/Applications/Xcode.app/Contents/Developer/Platforms/MacOSX.platform/Developer/SDKs/MacOSX26.1.sdk/System/Library/Frameworks/IOKit.framework/Headers/IOUserServer.h
/Applications/Xcode.app/Contents/Developer/Platforms/MacOSX.platform/Developer/SDKs/MacOSX26.1.sdk/System/Library/Frameworks/IOKit.framework/Headers/audio/IOAudioDefines.h
/Applications/Xcode.app/Contents/Developer/Platforms/MacOSX.platform/Developer/SDKs/MacOSX26.1.sdk/System/Library/Frameworks/IOKit.framework/Headers/audio/IOAudioLib.h
/Applications/Xcode.app/Contents/Developer/Platforms/MacOSX.platform/Developer/SDKs/MacOSX26.1.sdk/System/Library/Frameworks/IOKit.framework/Headers/audio/IOAudioTypes.h
/Applications/Xcode.app/Contents/Developer/Platforms/MacOSX.platform/Developer/SDKs/MacOSX26.1.sdk/System/Library/Frameworks/IOKit.framework/Headers/avc/IOFireWireAVCConsts.h
/Applications/Xcode.app/Contents/Developer/Platforms/MacOSX.platform/Developer/SDKs/MacOSX26.1.sdk/System/Library/Frameworks/IOKit.framework/Headers/avc/IOFireWireAVCLib.h
/Applications/Xcode.app/Contents/Developer/Platforms/MacOSX.platform/Developer/SDKs/MacOSX26.1.sdk/System/Library/Frameworks/IOKit.framework/Headers/firewire/IOFireWireFamilyCommon.h
/Applications/Xcode.app/Contents/Developer/Platforms/MacOSX.platform/Developer/SDKs/MacOSX26.1.sdk/System/Library/Frameworks/IOKit.framework/Headers/firewire/IOFireWireLib.h
/Applications/Xcode.app/Contents/Developer/Platforms/MacOSX.platform/Developer/SDKs/MacOSX26.1.sdk/System/Library/Frameworks/IOKit.framework/Headers/firewire/IOFireWireLibIsoch.h
/Applications/Xcode.app/Contents/Developer/Platforms/MacOSX.platform/Developer/SDKs/MacOSX26.1.sdk/System/Library/Frameworks/IOKit.framework/Headers/graphics/IOAccelClientConnect.h
/Applications/Xcode.app/Contents/Developer/Platforms/MacOSX.platform/Developer/SDKs/MacOSX26.1.sdk/System/Library/Frameworks/IOKit.framework/Headers/graphics/IOGraphicsInterface.h
/Applications/Xcode.app/Contents/Developer/Platforms/MacOSX.platform/Developer/SDKs/MacOSX26.1.sdk/System/Library/Frameworks/IOKit.framework/Headers/graphics/IOGraphicsInterfaceTypes.h
/Applications/Xcode.app/Contents/Developer/Platforms/MacOSX.platform/Developer/SDKs/MacOSX26.1.sdk/System/Library/Frameworks/IOKit.framework/Headers/graphics/IOAccelSurfaceConnect.h
/Applications/Xcode.app/Contents/Developer/Platforms/MacOSX.platform/Developer/SDKs/MacOSX26.1.sdk/System/Library/Frameworks/IOKit.framework/Headers/graphics/IOAccelTypes.h
/Applications/Xcode.app/Contents/Developer/Platforms/MacOSX.platform/Developer/SDKs/MacOSX26.1.sdk/System/Library/Frameworks/IOKit.framework/Headers/graphics/IOGraphicsLib.h
/Applications/Xcode.app/Contents/Developer/Platforms/MacOSX.platform/Developer/SDKs/MacOSX26.1.sdk/System/Library/Frameworks/IOKit.framework/Headers/graphics/IOFramebufferShared.h
/Applications/Xcode.app/Contents/Developer/Platforms/MacOSX.platform/Developer/SDKs/MacOSX26.1.sdk/System/Library/Frameworks/IOKit.framework/Headers/hidsystem/IOHIDTypes.h
/Applications/Xcode.app/Contents/Developer/Platforms/MacOSX.platform/Developer/SDKs/MacOSX26.1.sdk/System/Library/Frameworks/IOKit.framework/Headers/graphics/IOGraphicsTypes.h
/Applications/Xcode.app/Contents/Developer/Platforms/MacOSX.platform/Developer/SDKs/MacOSX26.1.sdk/System/Library/Frameworks/IOKit.framework/Headers/graphics/IOGraphicsEngine.h
/Applications/Xcode.app/Contents/Developer/Platforms/MacOSX.platform/Developer/SDKs/MacOSX26.1.sdk/System/Library/Frameworks/IOKit.framework/Headers/hid/IOHIDBase.h
/Applications/Xcode.app/Contents/Developer/Platforms/MacOSX.platform/Developer/SDKs/MacOSX26.1.sdk/System/Library/Frameworks/IOKit.framework/Headers/hid/IOHIDKeys.h
/Applications/Xcode.app/Contents/Developer/Platforms/MacOSX.platform/Developer/SDKs/MacOSX26.1.sdk/System/Library/Frameworks/IOKit.framework/Headers/hidsystem/IOHIDParameter.h
/Applications/Xcode.app/Contents/Developer/Platforms/MacOSX.platform/Developer/SDKs/MacOSX26.1.sdk/System/Library/Frameworks/IOKit.framework/Headers/hidsystem/IOLLEvent.h
/Applications/Xcode.app/Contents/Developer/Platforms/MacOSX.platform/Developer/SDKs/MacOSX26.1.sdk/System/Library/Frameworks/IOKit.framework/Headers/hid/IOHIDProperties.h
/Applications/Xcode.app/Contents/Developer/Platforms/MacOSX.platform/Developer/SDKs/MacOSX26.1.sdk/System/Library/Frameworks/IOKit.framework/Headers/hid/IOHIDEventServiceKeys.h
/Applications/Xcode.app/Contents/Developer/Platforms/MacOSX.platform/Developer/SDKs/MacOSX26.1.sdk/System/Library/Frameworks/IOKit.framework/Headers/hid/IOHIDDeviceTypes.h
/Applications/Xcode.app/Contents/Developer/Platforms/MacOSX.platform/Developer/SDKs/MacOSX26.1.sdk/System/Library/Frameworks/IOKit.framework/Headers/hid/IOHIDDeviceKeys.h
/Applications/Xcode.app/Contents/Developer/Platforms/MacOSX.platform/Developer/SDKs/MacOSX26.1.sdk/System/Library/Frameworks/IOKit.framework/Headers/hid/IOHIDQueue.h
/Applications/Xcode.app/Contents/Developer/Platforms/MacOSX.platform/Developer/SDKs/MacOSX26.1.sdk/System/Library/Frameworks/IOKit.framework/Headers/hid/IOHIDDevice.h
/Applications/Xcode.app/Contents/Developer/Platforms/MacOSX.platform/Developer/SDKs/MacOSX26.1.sdk/System/Library/Frameworks/IOKit.framework/Headers/hid/IOHIDLib.h
/Applications/Xcode.app/Contents/Developer/Platforms/MacOSX.platform/Developer/SDKs/MacOSX26.1.sdk/System/Library/Frameworks/IOKit.framework/Headers/hid/IOHIDElement.h
/Applications/Xcode.app/Contents/Developer/Platforms/MacOSX.platform/Developer/SDKs/MacOSX26.1.sdk/System/Library/Frameworks/IOKit.framework/Headers/hid/IOHIDLibObsolete.h
/Applications/Xcode.app/Contents/Developer/Platforms/MacOSX.platform/Developer/SDKs/MacOSX26.1.sdk/System/Library/Frameworks/IOKit.framework/Headers/hid/IOHIDManager.h
/Applications/Xcode.app/Contents/Developer/Platforms/MacOSX.platform/Developer/SDKs/MacOSX26.1.sdk/System/Library/Frameworks/IOKit.framework/Headers/hid/IOHIDUsageTables.h
/Applications/Xcode.app/Contents/Developer/Platforms/MacOSX.platform/Developer/SDKs/MacOSX26.1.sdk/System/Library/Frameworks/IOKit.framework/Headers/hid/IOHIDValue.h
/Applications/Xcode.app/Contents/Developer/Platforms/MacOSX.platform/Developer/SDKs/MacOSX26.1.sdk/System/Library/Frameworks/IOKit.framework/Headers/hid/IOHIDTransaction.h
/Applications/Xcode.app/Contents/Developer/Platforms/MacOSX.platform/Developer/SDKs/MacOSX26.1.sdk/System/Library/Frameworks/IOKit.framework/Headers/hid/IOHIDDevicePlugIn.h
/Applications/Xcode.app/Contents/Developer/Platforms/MacOSX.platform/Developer/SDKs/MacOSX26.1.sdk/System/Library/Frameworks/IOKit.framework/Headers/hid/IOHIDEventServiceTypes.h
/Applications/Xcode.app/Contents/Developer/Platforms/MacOSX.platform/Developer/SDKs/MacOSX26.1.sdk/System/Library/Frameworks/IOKit.framework/Headers/hidsystem/IOHIDLib.h
/Applications/Xcode.app/Contents/Developer/Platforms/MacOSX.platform/Developer/SDKs/MacOSX26.1.sdk/System/Library/Frameworks/IOKit.framework/Headers/hidsystem/IOHIDShared.h
/Applications/Xcode.app/Contents/Developer/Platforms/MacOSX.platform/Developer/SDKs/MacOSX26.1.sdk/System/Library/Frameworks/IOKit.framework/Headers/hidsystem/event_status_driver.h
/Applications/Xcode.app/Contents/Developer/Platforms/MacOSX.platform/Developer/SDKs/MacOSX26.1.sdk/System/Library/Frameworks/IOKit.framework/Headers/hidsystem/ev_keymap.h
/Applications/Xcode.app/Contents/Developer/Platforms/MacOSX.platform/Developer/SDKs/MacOSX26.1.sdk/System/Library/Frameworks/IOKit.framework/Headers/hidsystem/IOHIDEventSystemClient.h
/Applications/Xcode.app/Contents/Developer/Platforms/MacOSX.platform/Developer/SDKs/MacOSX26.1.sdk/System/Library/Frameworks/IOKit.framework/Headers/hidsystem/IOHIDServiceClient.h
/Applications/Xcode.app/Contents/Developer/Platforms/MacOSX.platform/Developer/SDKs/MacOSX26.1.sdk/System/Library/Frameworks/IOKit.framework/Headers/hidsystem/IOHIDUserDevice.h
/Applications/Xcode.app/Contents/Developer/Platforms/MacOSX.platform/Developer/SDKs/MacOSX26.1.sdk/System/Library/Frameworks/IOKit.framework/Headers/i2c/IOI2CInterface.h
/Applications/Xcode.app/Contents/Developer/Platforms/MacOSX.platform/Developer/SDKs/MacOSX26.1.sdk/System/Library/Frameworks/IOKit.framework/Headers/kext/KextManager.h
/Applications/Xcode.app/Contents/Developer/Platforms/MacOSX.platform/Developer/SDKs/MacOSX26.1.sdk/System/Library/Frameworks/IOKit.framework/Headers/network/IOEthernetController.h
/Applications/Xcode.app/Contents/Developer/Platforms/MacOSX.platform/Developer/SDKs/MacOSX26.1.sdk/System/Library/Frameworks/IOKit.framework/Headers/network/IONetworkController.h
/Applications/Xcode.app/Contents/Developer/Platforms/MacOSX.platform/Developer/SDKs/MacOSX26.1.sdk/System/Library/Frameworks/IOKit.framework/Headers/network/IONetworkData.h
/Applications/Xcode.app/Contents/Developer/Platforms/MacOSX.platform/Developer/SDKs/MacOSX26.1.sdk/System/Library/Frameworks/IOKit.framework/Headers/network/IONetworkStack.h
/Applications/Xcode.app/Contents/Developer/Platforms/MacOSX.platform/Developer/SDKs/MacOSX26.1.sdk/System/Library/Frameworks/IOKit.framework/Headers/network/IOEthernetInterface.h
/Applications/Xcode.app/Contents/Developer/Platforms/MacOSX.platform/Developer/SDKs/MacOSX26.1.sdk/System/Library/Frameworks/IOKit.framework/Headers/network/IONetworkInterface.h
/Applications/Xcode.app/Contents/Developer/Platforms/MacOSX.platform/Developer/SDKs/MacOSX26.1.sdk/System/Library/Frameworks/IOKit.framework/Headers/network/IONetworkStats.h
/Applications/Xcode.app/Contents/Developer/Platforms/MacOSX.platform/Developer/SDKs/MacOSX26.1.sdk/System/Library/Frameworks/IOKit.framework/Headers/network/IOEthernetStats.h
/Applications/Xcode.app/Contents/Developer/Platforms/MacOSX.platform/Developer/SDKs/MacOSX26.1.sdk/System/Library/Frameworks/IOKit.framework/Headers/network/IONetworkLib.h
/Applications/Xcode.app/Contents/Developer/Platforms/MacOSX.platform/Developer/SDKs/MacOSX26.1.sdk/System/Library/Frameworks/IOKit.framework/Headers/network/IONetworkMedium.h
/Applications/Xcode.app/Contents/Developer/Platforms/MacOSX.platform/Developer/SDKs/MacOSX26.1.sdk/System/Library/Frameworks/IOKit.framework/Headers/network/IONetworkUserClient.h
/Applications/Xcode.app/Contents/Developer/Platforms/MacOSX.platform/Developer/SDKs/MacOSX26.1.sdk/System/Library/Frameworks/IOKit.framework/Headers/ps/IOPSKeys.h
/Applications/Xcode.app/Contents/Developer/Platforms/MacOSX.platform/Developer/SDKs/MacOSX26.1.sdk/System/Library/Frameworks/IOKit.framework/Headers/ps/IOPowerSources.h
/Applications/Xcode.app/Contents/Developer/Platforms/MacOSX.platform/Developer/SDKs/MacOSX26.1.sdk/System/Library/Frameworks/IOKit.framework/Headers/ps/IOUPSPlugIn.h
/Applications/Xcode.app/Contents/Developer/Platforms/MacOSX.platform/Developer/SDKs/MacOSX26.1.sdk/System/Library/Frameworks/IOKit.framework/Headers/pwr_mgt/IOPM.h
/Applications/Xcode.app/Contents/Developer/Platforms/MacOSX.platform/Developer/SDKs/MacOSX26.1.sdk/System/Library/Frameworks/IOKit.framework/Headers/pwr_mgt/IOPMKeys.h
/Applications/Xcode.app/Contents/Developer/Platforms/MacOSX.platform/Developer/SDKs/MacOSX26.1.sdk/System/Library/Frameworks/IOKit.framework/Headers/pwr_mgt/IOPMLib.h
/Applications/Xcode.app/Contents/Developer/Platforms/MacOSX.platform/Developer/SDKs/MacOSX26.1.sdk/System/Library/Frameworks/IOKit.framework/Headers/pwr_mgt/IOPMLibDefs.h
/Applications/Xcode.app/Contents/Developer/Platforms/MacOSX.platform/Developer/SDKs/MacOSX26.1.sdk/System/Library/Frameworks/IOKit.framework/Headers/sbp2/IOFireWireSBP2Lib.h
/Applications/Xcode.app/Contents/Developer/Platforms/MacOSX.platform/Developer/SDKs/MacOSX26.1.sdk/System/Library/Frameworks/IOKit.framework/Headers/scsi/IOSCSIMultimediaCommandsDevice.h
/Applications/Xcode.app/Contents/Developer/Platforms/MacOSX.platform/Developer/SDKs/MacOSX26.1.sdk/System/Library/Frameworks/IOKit.framework/Headers/storage/IOStorageDeviceCharacteristics.h
/Applications/Xcode.app/Contents/Developer/Platforms/MacOSX.platform/Developer/SDKs/MacOSX26.1.sdk/System/Library/Frameworks/IOKit.framework/Headers/storage/IOStorageProtocolCharacteristics.h
/Applications/Xcode.app/Contents/Developer/Platforms/MacOSX.platform/Developer/SDKs/MacOSX26.1.sdk/System/Library/Frameworks/IOKit.framework/Headers/storage/IOStorageControllerCharacteristics.h
/Applications/Xcode.app/Contents/Developer/Platforms/MacOSX.platform/Developer/SDKs/MacOSX26.1.sdk/System/Library/Frameworks/IOKit.framework/Headers/scsi/SCSICmds_REQUEST_SENSE_Defs.h
/Applications/Xcode.app/Contents/Developer/Platforms/MacOSX.platform/Developer/SDKs/MacOSX26.1.sdk/System/Library/Frameworks/IOKit.framework/Headers/scsi/SCSICmds_INQUIRY_Definitions.h
/Applications/Xcode.app/Contents/Developer/Platforms/MacOSX.platform/Developer/SDKs/MacOSX26.1.sdk/System/Library/Frameworks/IOKit.framework/Headers/scsi/SCSICommandDefinitions.h
/Applications/Xcode.app/Contents/Developer/Platforms/MacOSX.platform/Developer/SDKs/MacOSX26.1.sdk/System/Library/Frameworks/IOKit.framework/Headers/scsi/SCSICmds_MODE_Definitions.h
/Applications/Xcode.app/Contents/Developer/Platforms/MacOSX.platform/Developer/SDKs/MacOSX26.1.sdk/System/Library/Frameworks/IOKit.framework/Headers/scsi/SCSICommandOperationCodes.h
/Applications/Xcode.app/Contents/Developer/Platforms/MacOSX.platform/Developer/SDKs/MacOSX26.1.sdk/System/Library/Frameworks/IOKit.framework/Headers/scsi/SCSICmds_READ_CAPACITY_Definitions.h
/Applications/Xcode.app/Contents/Developer/Platforms/MacOSX.platform/Developer/SDKs/MacOSX26.1.sdk/System/Library/Frameworks/IOKit.framework/Headers/scsi/SCSITask.h
/Applications/Xcode.app/Contents/Developer/Platforms/MacOSX.platform/Developer/SDKs/MacOSX26.1.sdk/System/Library/Frameworks/IOKit.framework/Headers/scsi/SCSICmds_REPORT_LUNS_Definitions.h
/Applications/Xcode.app/Contents/Developer/Platforms/MacOSX.platform/Developer/SDKs/MacOSX26.1.sdk/System/Library/Frameworks/IOKit.framework/Headers/scsi/SCSITaskLib.h
/Applications/Xcode.app/Contents/Developer/Platforms/MacOSX.platform/Developer/SDKs/MacOSX26.1.sdk/System/Library/Frameworks/IOKit.framework/Headers/serial/IOSerialKeys.h
/Applications/Xcode.app/Contents/Developer/Platforms/MacOSX.platform/Developer/SDKs/MacOSX26.1.sdk/System/Library/Frameworks/IOKit.framework/Headers/serial/ioss.h
/Applications/Xcode.app/Contents/Developer/Platforms/MacOSX.platform/Developer/SDKs/MacOSX26.1.sdk/System/Library/Frameworks/IOKit.framework/Headers/storage/IOAppleLabelScheme.h
/Applications/Xcode.app/Contents/Developer/Platforms/MacOSX.platform/Developer/SDKs/MacOSX26.1.sdk/System/Library/Frameworks/IOKit.framework/Headers/storage/IODVDMediaBSDClient.h
/Applications/Xcode.app/Contents/Developer/Platforms/MacOSX.platform/Developer/SDKs/MacOSX26.1.sdk/System/Library/Frameworks/IOKit.framework/Headers/storage/IODVDTypes.h
/Applications/Xcode.app/Contents/Developer/Platforms/MacOSX.platform/Developer/SDKs/MacOSX26.1.sdk/System/Library/Frameworks/IOKit.framework/Headers/storage/IOApplePartitionScheme.h
/Applications/Xcode.app/Contents/Developer/Platforms/MacOSX.platform/Developer/SDKs/MacOSX26.1.sdk/System/Library/Frameworks/IOKit.framework/Headers/storage/IOBDBlockStorageDevice.h
/Applications/Xcode.app/Contents/Developer/Platforms/MacOSX.platform/Developer/SDKs/MacOSX26.1.sdk/System/Library/Frameworks/IOKit.framework/Headers/storage/IOBDTypes.h
/Applications/Xcode.app/Contents/Developer/Platforms/MacOSX.platform/Developer/SDKs/MacOSX26.1.sdk/System/Library/Frameworks/IOKit.framework/Headers/storage/IOFDiskPartitionScheme.h
/Applications/Xcode.app/Contents/Developer/Platforms/MacOSX.platform/Developer/SDKs/MacOSX26.1.sdk/System/Library/Frameworks/IOKit.framework/Headers/storage/IOBDMedia.h
/Applications/Xcode.app/Contents/Developer/Platforms/MacOSX.platform/Developer/SDKs/MacOSX26.1.sdk/System/Library/Frameworks/IOKit.framework/Headers/storage/IOFilterScheme.h
/Applications/Xcode.app/Contents/Developer/Platforms/MacOSX.platform/Developer/SDKs/MacOSX26.1.sdk/System/Library/Frameworks/IOKit.framework/Headers/storage/IOBDMediaBSDClient.h
/Applications/Xcode.app/Contents/Developer/Platforms/MacOSX.platform/Developer/SDKs/MacOSX26.1.sdk/System/Library/Frameworks/IOKit.framework/Headers/storage/IOFireWireStorageCharacteristics.h
/Applications/Xcode.app/Contents/Developer/Platforms/MacOSX.platform/Developer/SDKs/MacOSX26.1.sdk/System/Library/Frameworks/IOKit.framework/Headers/storage/IOGUIDPartitionScheme.h
/Applications/Xcode.app/Contents/Developer/Platforms/MacOSX.platform/Developer/SDKs/MacOSX26.1.sdk/System/Library/Frameworks/IOKit.framework/Headers/storage/IOBlockStorageDevice.h
/Applications/Xcode.app/Contents/Developer/Platforms/MacOSX.platform/Developer/SDKs/MacOSX26.1.sdk/System/Library/Frameworks/IOKit.framework/Headers/storage/IOMedia.h
/Applications/Xcode.app/Contents/Developer/Platforms/MacOSX.platform/Developer/SDKs/MacOSX26.1.sdk/System/Library/Frameworks/IOKit.framework/Headers/storage/IOBlockStorageDriver.h
/Applications/Xcode.app/Contents/Developer/Platforms/MacOSX.platform/Developer/SDKs/MacOSX26.1.sdk/System/Library/Frameworks/IOKit.framework/Headers/storage/IOMediaBSDClient.h
/Applications/Xcode.app/Contents/Developer/Platforms/MacOSX.platform/Developer/SDKs/MacOSX26.1.sdk/System/Library/Frameworks/IOKit.framework/Headers/storage/IOCDBlockStorageDevice.h
/Applications/Xcode.app/Contents/Developer/Platforms/MacOSX.platform/Developer/SDKs/MacOSX26.1.sdk/System/Library/Frameworks/IOKit.framework/Headers/storage/IOCDTypes.h
/Applications/Xcode.app/Contents/Developer/Platforms/MacOSX.platform/Developer/SDKs/MacOSX26.1.sdk/System/Library/Frameworks/IOKit.framework/Headers/storage/IOPartitionScheme.h
/Applications/Xcode.app/Contents/Developer/Platforms/MacOSX.platform/Developer/SDKs/MacOSX26.1.sdk/System/Library/Frameworks/IOKit.framework/Headers/storage/IOCDMedia.h
/Applications/Xcode.app/Contents/Developer/Platforms/MacOSX.platform/Developer/SDKs/MacOSX26.1.sdk/System/Library/Frameworks/IOKit.framework/Headers/storage/IOStorage.h
/Applications/Xcode.app/Contents/Developer/Platforms/MacOSX.platform/Developer/SDKs/MacOSX26.1.sdk/System/Library/Frameworks/IOKit.framework/Headers/storage/IOCDMediaBSDClient.h
/Applications/Xcode.app/Contents/Developer/Platforms/MacOSX.platform/Developer/SDKs/MacOSX26.1.sdk/System/Library/Frameworks/IOKit.framework/Headers/storage/IOStorageCardCharacteristics.h
/Applications/Xcode.app/Contents/Developer/Platforms/MacOSX.platform/Developer/SDKs/MacOSX26.1.sdk/System/Library/Frameworks/IOKit.framework/Headers/storage/IOCDPartitionScheme.h
/Applications/Xcode.app/Contents/Developer/Platforms/MacOSX.platform/Developer/SDKs/MacOSX26.1.sdk/System/Library/Frameworks/IOKit.framework/Headers/storage/IODVDBlockStorageDevice.h
/Applications/Xcode.app/Contents/Developer/Platforms/MacOSX.platform/Developer/SDKs/MacOSX26.1.sdk/System/Library/Frameworks/IOKit.framework/Headers/storage/IODVDMedia.h
/Applications/Xcode.app/Contents/Developer/Platforms/MacOSX.platform/Developer/SDKs/MacOSX26.1.sdk/System/Library/Frameworks/IOKit.framework/Headers/storage/ata/ATASMARTLib.h
/Applications/Xcode.app/Contents/Developer/Platforms/MacOSX.platform/Developer/SDKs/MacOSX26.1.sdk/System/Library/Frameworks/IOKit.framework/Headers/storage/ata/IOATAStorageDefines.h
/Applications/Xcode.app/Contents/Developer/Platforms/MacOSX.platform/Developer/SDKs/MacOSX26.1.sdk/System/Library/Frameworks/IOKit.framework/Headers/stream/IOStreamLib.h
/Applications/Xcode.app/Contents/Developer/Platforms/MacOSX.platform/Developer/SDKs/MacOSX26.1.sdk/System/Library/Frameworks/IOKit.framework/Headers/stream/IOStreamShared.h
/Applications/Xcode.app/Contents/Developer/Platforms/MacOSX.platform/Developer/SDKs/MacOSX26.1.sdk/System/Library/Frameworks/IOKit.framework/Headers/usb/AppleUSBDefinitions.h
/Applications/Xcode.app/Contents/Developer/Platforms/MacOSX.platform/Developer/SDKs/MacOSX26.1.sdk/System/Library/Frameworks/IOKit.framework/Headers/usb/IOUSBHostFamilyDefinitions.h
/Applications/Xcode.app/Contents/Developer/Platforms/MacOSX.platform/Developer/SDKs/MacOSX26.1.sdk/System/Library/Frameworks/IOKit.framework/Headers/usb/IOUSBLib.h
/Applications/Xcode.app/Contents/Developer/Platforms/MacOSX.platform/Developer/SDKs/MacOSX26.1.sdk/System/Library/Frameworks/IOKit.framework/Headers/usb/USB.h
/Applications/Xcode.app/Contents/Developer/Platforms/MacOSX.platform/Developer/SDKs/MacOSX26.1.sdk/System/Library/Frameworks/IOKit.framework/Headers/usb/USBSpec.h
/Applications/Xcode.app/Contents/Developer/Platforms/MacOSX.platform/Developer/SDKs/MacOSX26.1.sdk/SDKSettings.json
/Applications/Xcode.app/Contents/Developer/Platforms/MacOSX.platform/Developer/SDKs/MacOSX26.1.sdk/System/Library/Frameworks/IOSurface.framework/Modules/module.modulemap
/Applications/Xcode.app/Contents/Developer/Platforms/MacOSX.platform/Developer/SDKs/MacOSX26.1.sdk/System/Library/Frameworks/IOSurface.framework/Headers/IOSurface.h
/Applications/Xcode.app/Contents/Developer/Platforms/MacOSX.platform/Developer/SDKs/MacOSX26.1.sdk/System/Library/Frameworks/IOSurface.framework/Headers/IOSurfaceBase.h
/Applications/Xcode.app/Contents/Developer/Platforms/MacOSX.platform/Developer/SDKs/MacOSX26.1.sdk/usr/include/xpc.modulemap
/Applications/Xcode.app/Contents/Developer/Platforms/MacOSX.platform/Developer/SDKs/MacOSX26.1.sdk/usr/include/Darwin.modulemap
/Applications/Xcode.app/Contents/Developer/Platforms/MacOSX.platform/Developer/SDKs/MacOSX26.1.sdk/usr/include/Darwin_C.modulemap
/Applications/Xcode.app/Contents/Developer/Platforms/MacOSX.platform/Developer/SDKs/MacOSX26.1.sdk/usr/include/Darwin_POSIX.modulemap
/Applications/Xcode.app/Contents/Developer/Platforms/MacOSX.platform/Developer/SDKs/MacOSX26.1.sdk/usr/include/net.modulemap
/Applications/Xcode.app/Contents/Developer/Platforms/MacOSX.platform/Developer/SDKs/MacOSX26.1.sdk/usr/include/netinet.modulemap
/Applications/Xcode.app/Contents/Developer/Platforms/MacOSX.platform/Developer/SDKs/MacOSX26.1.sdk/usr/include/bank.modulemap
/Applications/Xcode.app/Contents/Developer/Platforms/MacOSX.platform/Developer/SDKs/MacOSX26.1.sdk/usr/include/Darwin_Mach.modulemap
/Applications/Xcode.app/Contents/Developer/Platforms/MacOSX.platform/Developer/SDKs/MacOSX26.1.sdk/usr/include/Darwin_Mach_machine.modulemap
/Applications/Xcode.app/Contents/Developer/Platforms/MacOSX.platform/Developer/SDKs/MacOSX26.1.sdk/usr/include/mach_debug.modulemap
/Applications/Xcode.app/Contents/Developer/Platforms/MacOSX.platform/Developer/SDKs/MacOSX26.1.sdk/usr/include/device.modulemap
/Applications/Xcode.app/Contents/Developer/Platforms/MacOSX.platform/Developer/SDKs/MacOSX26.1.sdk/usr/include/Darwin_machine.modulemap
/Applications/Xcode.app/Contents/Developer/Platforms/MacOSX.platform/Developer/SDKs/MacOSX26.1.sdk/usr/include/ncurses.modulemap
/Applications/Xcode.app/Contents/Developer/Platforms/MacOSX.platform/Developer/SDKs/MacOSX26.1.sdk/usr/include/netinet6.modulemap
/Applications/Xcode.app/Contents/Developer/Platforms/MacOSX.platform/Developer/SDKs/MacOSX26.1.sdk/usr/include/Darwin_sys.modulemap
/Applications/Xcode.app/Contents/Developer/Platforms/MacOSX.platform/Developer/SDKs/MacOSX26.1.sdk/usr/include/uuid.modulemap
/Applications/Xcode.app/Contents/Developer/Platforms/MacOSX.platform/Developer/SDKs/MacOSX26.1.sdk/usr/include/DarwinFoundation1.modulemap
/Applications/Xcode.app/Contents/Developer/Platforms/MacOSX.platform/Developer/SDKs/MacOSX26.1.sdk/System/Library/Frameworks/CoreFoundation.framework/Modules/module.modulemap
/Applications/Xcode.app/Contents/Developer/Platforms/MacOSX.platform/Developer/SDKs/MacOSX26.1.sdk/System/Library/Frameworks/IOSurface.framework/Headers/IOSurfaceAPI.h
/Applications/Xcode.app/Contents/Developer/Platforms/MacOSX.platform/Developer/SDKs/MacOSX26.1.sdk/System/Library/Frameworks/IOKit.framework/Modules/module.modulemap
/Applications/Xcode.app/Contents/Developer/Platforms/MacOSX.platform/Developer/SDKs/MacOSX26.1.sdk/System/Library/Frameworks/IOSurface.framework/Headers/IOSurfaceTypes.h
/Applications/Xcode.app/Contents/Developer/Platforms/MacOSX.platform/Developer/SDKs/MacOSX26.1.sdk/System/Library/Frameworks/IOSurface.framework/Headers/IOSurfaceRef.h
/Applications/Xcode.app/Contents/Developer/Platforms/MacOSX.platform/Developer/SDKs/MacOSX26.1.sdk/System/Library/Frameworks/IOSurface.framework/Headers/IOSurfaceObjC.h
/Applications/Xcode.app/Contents/Developer/Platforms/MacOSX.platform/Developer/SDKs/MacOSX26.1.sdk/System/Library/Frameworks/Foundation.framework/Modules/module.modulemap
/Applications/Xcode.app/Contents/Developer/Platforms/MacOSX.platform/Developer/SDKs/MacOSX26.1.sdk/SDKSettings.json
/Applications/Xcode.app/Contents/Developer/Platforms/MacOSX.platform/Developer/SDKs/MacOSX26.1.sdk/System/Library/Frameworks/ImageIO.framework/Modules/module.modulemap
/Applications/Xcode.app/Contents/Developer/Platforms/MacOSX.platform/Developer/SDKs/MacOSX26.1.sdk/System/Library/Frameworks/ImageIO.framework/Headers/ImageIO.h
/Applications/Xcode.app/Contents/Developer/Platforms/MacOSX.platform/Developer/SDKs/MacOSX26.1.sdk/System/Library/Frameworks/ImageIO.framework/Headers/ImageIOBase.h
/Applications/Xcode.app/Contents/Developer/Toolchains/XcodeDefault.xctoolchain/usr/lib/swift/clang/include/module.modulemap
/Applications/Xcode.app/Contents/Developer/Toolchains/XcodeDefault.xctoolchain/usr/lib/swift/clang/include/stddef.h
/Applications/Xcode.app/Contents/Developer/Platforms/MacOSX.platform/Developer/SDKs/MacOSX26.1.sdk/usr/include/DarwinFoundation1.modulemap
/Applications/Xcode.app/Contents/Developer/Platforms/MacOSX.platform/Developer/SDKs/MacOSX26.1.sdk/System/Library/Frameworks/CoreFoundation.framework/Modules/module.modulemap
/Applications/Xcode.app/Contents/Developer/Platforms/MacOSX.platform/Developer/SDKs/MacOSX26.1.sdk/System/Library/Frameworks/ImageIO.framework/Headers/CGImageSource.h
/Applications/Xcode.app/Contents/Developer/Platforms/MacOSX.platform/Developer/SDKs/MacOSX26.1.sdk/System/Library/Frameworks/CoreGraphics.framework/Modules/module.modulemap
/Applications/Xcode.app/Contents/Developer/Platforms/MacOSX.platform/Developer/SDKs/MacOSX26.1.sdk/System/Library/Frameworks/ImageIO.framework/Headers/CGImageMetadata.h
/Applications/Xcode.app/Contents/Developer/Platforms/MacOSX.platform/Developer/SDKs/MacOSX26.1.sdk/System/Library/Frameworks/ImageIO.framework/Headers/CGImageDestination.h
/Applications/Xcode.app/Contents/Developer/Platforms/MacOSX.platform/Developer/SDKs/MacOSX26.1.sdk/System/Library/Frameworks/ImageIO.framework/Headers/CGImageProperties.h
/Applications/Xcode.app/Contents/Developer/Platforms/MacOSX.platform/Developer/SDKs/MacOSX26.1.sdk/System/Library/Frameworks/ImageIO.framework/Headers/CGImageAnimation.h
/Applications/Xcode.app/Contents/Developer/Platforms/MacOSX.platform/Developer/SDKs/MacOSX26.1.sdk/SDKSettings.json
/Applications/Xcode.app/Contents/Developer/Platforms/MacOSX.platform/Developer/SDKs/MacOSX26.1.sdk/usr/include/DarwinBasic.modulemap
/Applications/Xcode.app/Contents/Developer/Platforms/MacOSX.platform/Developer/SDKs/MacOSX26.1.sdk/usr/include/Darwin.modulemap
/Applications/Xcode.app/Contents/Developer/Platforms/MacOSX.platform/Developer/SDKs/MacOSX26.1.sdk/usr/include/Darwin_C.modulemap
/Applications/Xcode.app/Contents/Developer/Platforms/MacOSX.platform/Developer/SDKs/MacOSX26.1.sdk/usr/include/Darwin_POSIX.modulemap
/Applications/Xcode.app/Contents/Developer/Platforms/MacOSX.platform/Developer/SDKs/MacOSX26.1.sdk/usr/include/net.modulemap
/Applications/Xcode.app/Contents/Developer/Platforms/MacOSX.platform/Developer/SDKs/MacOSX26.1.sdk/usr/include/netinet.modulemap
/Applications/Xcode.app/Contents/Developer/Platforms/MacOSX.platform/Developer/SDKs/MacOSX26.1.sdk/usr/include/bank.modulemap
/Applications/Xcode.app/Contents/Developer/Platforms/MacOSX.platform/Developer/SDKs/MacOSX26.1.sdk/usr/include/Darwin_Mach.modulemap
/Applications/Xcode.app/Contents/Developer/Platforms/MacOSX.platform/Developer/SDKs/MacOSX26.1.sdk/usr/include/Darwin_Mach_machine.modulemap
/Applications/Xcode.app/Contents/Developer/Platforms/MacOSX.platform/Developer/SDKs/MacOSX26.1.sdk/usr/include/mach_debug.modulemap
/Applications/Xcode.app/Contents/Developer/Platforms/MacOSX.platform/Developer/SDKs/MacOSX26.1.sdk/usr/include/device.modulemap
/Applications/Xcode.app/Contents/Developer/Platforms/MacOSX.platform/Developer/SDKs/MacOSX26.1.sdk/usr/include/Darwin_machine.modulemap
/Applications/Xcode.app/Contents/Developer/Platforms/MacOSX.platform/Developer/SDKs/MacOSX26.1.sdk/usr/include/ncurses.modulemap
/Applications/Xcode.app/Contents/Developer/Platforms/MacOSX.platform/Developer/SDKs/MacOSX26.1.sdk/usr/include/netinet6.modulemap
/Applications/Xcode.app/Contents/Developer/Platforms/MacOSX.platform/Developer/SDKs/MacOSX26.1.sdk/usr/include/Darwin_sys.modulemap
/Applications/Xcode.app/Contents/Developer/Platforms/MacOSX.platform/Developer/SDKs/MacOSX26.1.sdk/usr/include/uuid.modulemap
/Applications/Xcode.app/Contents/Developer/Platforms/MacOSX.platform/Developer/SDKs/MacOSX26.1.sdk/usr/include/DarwinFoundation2.modulemap
/Applications/Xcode.app/Contents/Developer/Platforms/MacOSX.platform/Developer/SDKs/MacOSX26.1.sdk/usr/include/DarwinFoundation3.modulemap
/Applications/Xcode.app/Contents/Developer/Platforms/MacOSX.platform/Developer/SDKs/MacOSX26.1.sdk/usr/include/DarwinFoundation1.modulemap
/Applications/Xcode.app/Contents/Developer/Platforms/MacOSX.platform/Developer/SDKs/MacOSX26.1.sdk/usr/include/mach-o/arch.h
/Applications/Xcode.app/Contents/Developer/Toolchains/XcodeDefault.xctoolchain/usr/lib/swift/clang/include/module.modulemap
/Applications/Xcode.app/Contents/Developer/Platforms/MacOSX.platform/Developer/SDKs/MacOSX26.1.sdk/usr/include/mach-o/arm/reloc.h
/Applications/Xcode.app/Contents/Developer/Platforms/MacOSX.platform/Developer/SDKs/MacOSX26.1.sdk/usr/include/mach-o/arm64/reloc.h
/Applications/Xcode.app/Contents/Developer/Platforms/MacOSX.platform/Developer/SDKs/MacOSX26.1.sdk/usr/include/mach-o/compact_unwind_encoding.h
/Applications/Xcode.app/Contents/Developer/Platforms/MacOSX.platform/Developer/SDKs/MacOSX26.1.sdk/usr/include/mach-o/dyld.h
/Applications/Xcode.app/Contents/Developer/Toolchains/XcodeDefault.xctoolchain/usr/lib/swift/clang/include/stddef.h
/Applications/Xcode.app/Contents/Developer/Platforms/MacOSX.platform/Developer/SDKs/MacOSX26.1.sdk/usr/include/mach-o/loader.h
/Applications/Xcode.app/Contents/Developer/Platforms/MacOSX.platform/Developer/SDKs/MacOSX26.1.sdk/usr/include/mach-o/dyld_images.h
/Applications/Xcode.app/Contents/Developer/Platforms/MacOSX.platform/Developer/SDKs/MacOSX26.1.sdk/usr/include/mach-o/fat.h
/Applications/Xcode.app/Contents/Developer/Platforms/MacOSX.platform/Developer/SDKs/MacOSX26.1.sdk/usr/include/mach-o/fixup-chains.h
/Applications/Xcode.app/Contents/Developer/Platforms/MacOSX.platform/Developer/SDKs/MacOSX26.1.sdk/usr/include/mach-o/getsect.h
/Applications/Xcode.app/Contents/Developer/Platforms/MacOSX.platform/Developer/SDKs/MacOSX26.1.sdk/usr/include/mach-o/ldsyms.h
/Applications/Xcode.app/Contents/Developer/Platforms/MacOSX.platform/Developer/SDKs/MacOSX26.1.sdk/usr/include/mach-o/nlist.h
/Applications/Xcode.app/Contents/Developer/Platforms/MacOSX.platform/Developer/SDKs/MacOSX26.1.sdk/usr/include/mach-o/ranlib.h
/Applications/Xcode.app/Contents/Developer/Platforms/MacOSX.platform/Developer/SDKs/MacOSX26.1.sdk/usr/include/mach-o/reloc.h
/Applications/Xcode.app/Contents/Developer/Platforms/MacOSX.platform/Developer/SDKs/MacOSX26.1.sdk/usr/include/mach-o/stab.h
/Applications/Xcode.app/Contents/Developer/Platforms/MacOSX.platform/Developer/SDKs/MacOSX26.1.sdk/usr/include/mach-o/swap.h
/Applications/Xcode.app/Contents/Developer/Platforms/MacOSX.platform/Developer/SDKs/MacOSX26.1.sdk/usr/include/mach-o/utils.h
/Applications/Xcode.app/Contents/Developer/Platforms/MacOSX.platform/Developer/SDKs/MacOSX26.1.sdk/usr/include/mach-o/x86_64/reloc.h
/Applications/Xcode.app/Contents/Developer/Platforms/MacOSX.platform/Developer/SDKs/MacOSX26.1.sdk/SDKSettings.json
/Applications/Xcode.app/Contents/Developer/Toolchains/XcodeDefault.xctoolchain/usr/lib/swift/macosx/prebuilt-modules/26.1/Metal.swiftmodule/arm64e-apple-macos.swiftmodule
/Applications/Xcode.app/Contents/Developer/Platforms/MacOSX.platform/Developer/SDKs/MacOSX26.1.sdk/System/Library/Frameworks/Metal.framework/Headers/Metal.apinotes
/Applications/Xcode.app/Contents/Developer/Platforms/MacOSX.platform/Developer/SDKs/MacOSX26.1.sdk/System/Library/Frameworks/Metal.framework/Modules/module.modulemap
/Applications/Xcode.app/Contents/Developer/Platforms/MacOSX.platform/Developer/SDKs/MacOSX26.1.sdk/System/Library/Frameworks/Metal.framework/Headers/Metal.h
/Applications/Xcode.app/Contents/Developer/Platforms/MacOSX.platform/Developer/SDKs/MacOSX26.1.sdk/System/Library/Frameworks/Metal.framework/Headers/MTLDefines.h
/Applications/Xcode.app/Contents/Developer/Platforms/MacOSX.platform/Developer/SDKs/MacOSX26.1.sdk/usr/include/Darwin.modulemap
/Applications/Xcode.app/Contents/Developer/Platforms/MacOSX.platform/Developer/SDKs/MacOSX26.1.sdk/usr/include/Darwin_C.modulemap
/Applications/Xcode.app/Contents/Developer/Platforms/MacOSX.platform/Developer/SDKs/MacOSX26.1.sdk/usr/include/Darwin_POSIX.modulemap
/Applications/Xcode.app/Contents/Developer/Platforms/MacOSX.platform/Developer/SDKs/MacOSX26.1.sdk/usr/include/net.modulemap
/Applications/Xcode.app/Contents/Developer/Platforms/MacOSX.platform/Developer/SDKs/MacOSX26.1.sdk/usr/include/netinet.modulemap
/Applications/Xcode.app/Contents/Developer/Platforms/MacOSX.platform/Developer/SDKs/MacOSX26.1.sdk/usr/include/bank.modulemap
/Applications/Xcode.app/Contents/Developer/Platforms/MacOSX.platform/Developer/SDKs/MacOSX26.1.sdk/usr/include/Darwin_Mach.modulemap
/Applications/Xcode.app/Contents/Developer/Platforms/MacOSX.platform/Developer/SDKs/MacOSX26.1.sdk/usr/include/Darwin_Mach_machine.modulemap
/Applications/Xcode.app/Contents/Developer/Platforms/MacOSX.platform/Developer/SDKs/MacOSX26.1.sdk/usr/include/mach_debug.modulemap
/Applications/Xcode.app/Contents/Developer/Platforms/MacOSX.platform/Developer/SDKs/MacOSX26.1.sdk/usr/include/device.modulemap
/Applications/Xcode.app/Contents/Developer/Platforms/MacOSX.platform/Developer/SDKs/MacOSX26.1.sdk/usr/include/Darwin_machine.modulemap
/Applications/Xcode.app/Contents/Developer/Platforms/MacOSX.platform/Developer/SDKs/MacOSX26.1.sdk/usr/include/ncurses.modulemap
/Applications/Xcode.app/Contents/Developer/Platforms/MacOSX.platform/Developer/SDKs/MacOSX26.1.sdk/usr/include/netinet6.modulemap
/Applications/Xcode.app/Contents/Developer/Platforms/MacOSX.platform/Developer/SDKs/MacOSX26.1.sdk/usr/include/Darwin_sys.modulemap
/Applications/Xcode.app/Contents/Developer/Platforms/MacOSX.platform/Developer/SDKs/MacOSX26.1.sdk/usr/include/uuid.modulemap
/Applications/Xcode.app/Contents/Developer/Platforms/MacOSX.platform/Developer/SDKs/MacOSX26.1.sdk/usr/include/DarwinFoundation1.modulemap
/Applications/Xcode.app/Contents/Developer/Platforms/MacOSX.platform/Developer/SDKs/MacOSX26.1.sdk/System/Library/Frameworks/Metal.framework/Headers/MTLTypes.h
/Applications/Xcode.app/Contents/Developer/Platforms/MacOSX.platform/Developer/SDKs/MacOSX26.1.sdk/System/Library/Frameworks/Foundation.framework/Modules/module.modulemap
/Applications/Xcode.app/Contents/Developer/Platforms/MacOSX.platform/Developer/SDKs/MacOSX26.1.sdk/System/Library/Frameworks/Metal.framework/Headers/MTLBlitCommandEncoder.h
/Applications/Xcode.app/Contents/Developer/Platforms/MacOSX.platform/Developer/SDKs/MacOSX26.1.sdk/System/Library/Frameworks/Metal.framework/Headers/MTLCommandEncoder.h
/Applications/Xcode.app/Contents/Developer/Platforms/MacOSX.platform/Developer/SDKs/MacOSX26.1.sdk/System/Library/Frameworks/Metal.framework/Headers/MTLResourceStateCommandEncoder.h
/Applications/Xcode.app/Contents/Developer/Platforms/MacOSX.platform/Developer/SDKs/MacOSX26.1.sdk/System/Library/Frameworks/Metal.framework/Headers/MTLTexture.h
/Applications/Xcode.app/Contents/Developer/Platforms/MacOSX.platform/Developer/SDKs/MacOSX26.1.sdk/System/Library/Frameworks/Metal.framework/Headers/MTLResource.h
/Applications/Xcode.app/Contents/Developer/Platforms/MacOSX.platform/Developer/SDKs/MacOSX26.1.sdk/System/Library/Frameworks/Metal.framework/Headers/MTLAllocation.h
/Applications/Xcode.app/Contents/Developer/Platforms/MacOSX.platform/Developer/SDKs/MacOSX26.1.sdk/System/Library/Frameworks/Metal.framework/Headers/MTLBuffer.h
/Applications/Xcode.app/Contents/Developer/Platforms/MacOSX.platform/Developer/SDKs/MacOSX26.1.sdk/System/Library/Frameworks/Metal.framework/Headers/MTLPixelFormat.h
/Applications/Xcode.app/Contents/Developer/Platforms/MacOSX.platform/Developer/SDKs/MacOSX26.1.sdk/System/Library/Frameworks/Metal.framework/Headers/MTLTensor.h
/Applications/Xcode.app/Contents/Developer/Platforms/MacOSX.platform/Developer/SDKs/MacOSX26.1.sdk/System/Library/Frameworks/Metal.framework/Headers/MTLDataType.h
/Applications/Xcode.app/Contents/Developer/Platforms/MacOSX.platform/Developer/SDKs/MacOSX26.1.sdk/System/Library/Frameworks/Metal.framework/Headers/MTLGPUAddress.h
/Applications/Xcode.app/Contents/Developer/Toolchains/XcodeDefault.xctoolchain/usr/lib/swift/clang/include/module.modulemap
/Applications/Xcode.app/Contents/Developer/Platforms/MacOSX.platform/Developer/SDKs/MacOSX26.1.sdk/System/Library/Frameworks/IOSurface.framework/Modules/module.modulemap
/Applications/Xcode.app/Contents/Developer/Platforms/MacOSX.platform/Developer/SDKs/MacOSX26.1.sdk/System/Library/Frameworks/Metal.framework/Headers/MTLFence.h
/Applications/Xcode.app/Contents/Developer/Platforms/MacOSX.platform/Developer/SDKs/MacOSX26.1.sdk/System/Library/Frameworks/Metal.framework/Headers/MTLDevice.h
/Applications/Xcode.app/Contents/Developer/Platforms/MacOSX.platform/Developer/SDKs/MacOSX26.1.sdk/System/Library/Frameworks/Metal.framework/Headers/MTLLibrary.h
/Applications/Xcode.app/Contents/Developer/Platforms/MacOSX.platform/Developer/SDKs/MacOSX26.1.sdk/System/Library/Frameworks/Metal.framework/Headers/MTLArgument.h
/Applications/Xcode.app/Contents/Developer/Platforms/MacOSX.platform/Developer/SDKs/MacOSX26.1.sdk/System/Library/Frameworks/Metal.framework/Headers/MTLFunctionDescriptor.h
/Applications/Xcode.app/Contents/Developer/Platforms/MacOSX.platform/Developer/SDKs/MacOSX26.1.sdk/System/Library/Frameworks/Metal.framework/Headers/MTLFunctionConstantValues.h
/Applications/Xcode.app/Contents/Developer/Platforms/MacOSX.platform/Developer/SDKs/MacOSX26.1.sdk/System/Library/Frameworks/Metal.framework/Headers/MTLCounters.h
/Applications/Xcode.app/Contents/Developer/Platforms/MacOSX.platform/Developer/SDKs/MacOSX26.1.sdk/System/Library/Frameworks/Metal.framework/Headers/MTL4Compiler.h
/Applications/Xcode.app/Contents/Developer/Platforms/MacOSX.platform/Developer/SDKs/MacOSX26.1.sdk/System/Library/Frameworks/Metal.framework/Headers/MTL4CompilerTask.h
/Applications/Xcode.app/Contents/Developer/Platforms/MacOSX.platform/Developer/SDKs/MacOSX26.1.sdk/System/Library/Frameworks/Metal.framework/Headers/MTL4Counters.h
/Applications/Xcode.app/Contents/Developer/Platforms/MacOSX.platform/Developer/SDKs/MacOSX26.1.sdk/System/Library/Frameworks/Metal.framework/Headers/MTLResourceStatePass.h
/Applications/Xcode.app/Contents/Developer/Platforms/MacOSX.platform/Developer/SDKs/MacOSX26.1.sdk/System/Library/Frameworks/Metal.framework/Headers/MTLRenderPass.h
/Applications/Xcode.app/Contents/Developer/Platforms/MacOSX.platform/Developer/SDKs/MacOSX26.1.sdk/System/Library/Frameworks/Metal.framework/Headers/MTLBlitPass.h
/Applications/Xcode.app/Contents/Developer/Platforms/MacOSX.platform/Developer/SDKs/MacOSX26.1.sdk/System/Library/Frameworks/Metal.framework/Headers/MTLCommandBuffer.h
/Applications/Xcode.app/Contents/Developer/Platforms/MacOSX.platform/Developer/SDKs/MacOSX26.1.sdk/System/Library/Frameworks/Metal.framework/Headers/MTLComputeCommandEncoder.h
/Applications/Xcode.app/Contents/Developer/Platforms/MacOSX.platform/Developer/SDKs/MacOSX26.1.sdk/System/Library/Frameworks/Metal.framework/Headers/MTLComputePass.h
/Applications/Xcode.app/Contents/Developer/Platforms/MacOSX.platform/Developer/SDKs/MacOSX26.1.sdk/System/Library/Frameworks/Metal.framework/Headers/MTLCommandQueue.h
/Applications/Xcode.app/Contents/Developer/Platforms/MacOSX.platform/Developer/SDKs/MacOSX26.1.sdk/System/Library/Frameworks/Metal.framework/Headers/MTLDeviceCertification.h
/Applications/Xcode.app/Contents/Developer/Platforms/MacOSX.platform/Developer/SDKs/MacOSX26.1.sdk/System/Library/Frameworks/Metal.framework/Headers/MTLDepthStencil.h
/Applications/Xcode.app/Contents/Developer/Platforms/MacOSX.platform/Developer/SDKs/MacOSX26.1.sdk/System/Library/Frameworks/Metal.framework/Headers/MTLDrawable.h
/Applications/Xcode.app/Contents/Developer/Platforms/MacOSX.platform/Developer/SDKs/MacOSX26.1.sdk/System/Library/Frameworks/Metal.framework/Headers/MTLComputePipeline.h
/Applications/Xcode.app/Contents/Developer/Platforms/MacOSX.platform/Developer/SDKs/MacOSX26.1.sdk/System/Library/Frameworks/Metal.framework/Headers/MTLStageInputOutputDescriptor.h
/Applications/Xcode.app/Contents/Developer/Platforms/MacOSX.platform/Developer/SDKs/MacOSX26.1.sdk/System/Library/Frameworks/Metal.framework/Headers/MTLVertexDescriptor.h
/Applications/Xcode.app/Contents/Developer/Platforms/MacOSX.platform/Developer/SDKs/MacOSX26.1.sdk/System/Library/Frameworks/Metal.framework/Headers/MTLPipeline.h
/Applications/Xcode.app/Contents/Developer/Platforms/MacOSX.platform/Developer/SDKs/MacOSX26.1.sdk/System/Library/Frameworks/Metal.framework/Headers/MTLLinkedFunctions.h
/Applications/Xcode.app/Contents/Developer/Platforms/MacOSX.platform/Developer/SDKs/MacOSX26.1.sdk/System/Library/Frameworks/Metal.framework/Headers/MTLRenderPipeline.h
/Applications/Xcode.app/Contents/Developer/Platforms/MacOSX.platform/Developer/SDKs/MacOSX26.1.sdk/System/Library/Frameworks/Metal.framework/Headers/MTLRenderCommandEncoder.h
/Applications/Xcode.app/Contents/Developer/Platforms/MacOSX.platform/Developer/SDKs/MacOSX26.1.sdk/System/Library/Frameworks/Metal.framework/Headers/MTLFunctionHandle.h
/Applications/Xcode.app/Contents/Developer/Platforms/MacOSX.platform/Developer/SDKs/MacOSX26.1.sdk/System/Library/Frameworks/Metal.framework/Headers/MTLVisibleFunctionTable.h
/Applications/Xcode.app/Contents/Developer/Platforms/MacOSX.platform/Developer/SDKs/MacOSX26.1.sdk/System/Library/Frameworks/Metal.framework/Headers/MTLParallelRenderCommandEncoder.h
/Applications/Xcode.app/Contents/Developer/Platforms/MacOSX.platform/Developer/SDKs/MacOSX26.1.sdk/System/Library/Frameworks/Metal.framework/Headers/MTLSampler.h
/Applications/Xcode.app/Contents/Developer/Platforms/MacOSX.platform/Developer/SDKs/MacOSX26.1.sdk/System/Library/Frameworks/Metal.framework/Headers/MTLHeap.h
/Applications/Xcode.app/Contents/Developer/Platforms/MacOSX.platform/Developer/SDKs/MacOSX26.1.sdk/System/Library/Frameworks/Metal.framework/Headers/MTLAccelerationStructure.h
/Applications/Xcode.app/Contents/Developer/Platforms/MacOSX.platform/Developer/SDKs/MacOSX26.1.sdk/System/Library/Frameworks/Metal.framework/Headers/MTLAccelerationStructureTypes.h
/Applications/Xcode.app/Contents/Developer/Platforms/MacOSX.platform/Developer/SDKs/MacOSX26.1.sdk/System/Library/Frameworks/Metal.framework/Headers/MTL4BufferRange.h
/Applications/Xcode.app/Contents/Developer/Platforms/MacOSX.platform/Developer/SDKs/MacOSX26.1.sdk/System/Library/Frameworks/Metal.framework/Headers/MTLArgumentEncoder.h
/Applications/Xcode.app/Contents/Developer/Platforms/MacOSX.platform/Developer/SDKs/MacOSX26.1.sdk/System/Library/Frameworks/Metal.framework/Headers/MTLCaptureManager.h
/Applications/Xcode.app/Contents/Developer/Platforms/MacOSX.platform/Developer/SDKs/MacOSX26.1.sdk/System/Library/Frameworks/Metal.framework/Headers/MTL4CommandQueue.h
/Applications/Xcode.app/Contents/Developer/Platforms/MacOSX.platform/Developer/SDKs/MacOSX26.1.sdk/System/Library/Frameworks/Metal.framework/Headers/MTL4CommandBuffer.h
/Applications/Xcode.app/Contents/Developer/Platforms/MacOSX.platform/Developer/SDKs/MacOSX26.1.sdk/System/Library/Frameworks/Metal.framework/Headers/MTL4RenderCommandEncoder.h
/Applications/Xcode.app/Contents/Developer/Platforms/MacOSX.platform/Developer/SDKs/MacOSX26.1.sdk/System/Library/Frameworks/Metal.framework/Headers/MTL4CommandEncoder.h
/Applications/Xcode.app/Contents/Developer/Platforms/MacOSX.platform/Developer/SDKs/MacOSX26.1.sdk/System/Library/Frameworks/Metal.framework/Headers/MTLEvent.h
/Applications/Xcode.app/Contents/Developer/Platforms/MacOSX.platform/Developer/SDKs/MacOSX26.1.sdk/System/Library/Frameworks/Metal.framework/Headers/MTL4CommitFeedback.h
/Applications/Xcode.app/Contents/Developer/Platforms/MacOSX.platform/Developer/SDKs/MacOSX26.1.sdk/System/Library/Frameworks/Metal.framework/Headers/MTLCaptureScope.h
/Applications/Xcode.app/Contents/Developer/Platforms/MacOSX.platform/Developer/SDKs/MacOSX26.1.sdk/System/Library/Frameworks/Metal.framework/Headers/MTLIndirectCommandBuffer.h
/Applications/Xcode.app/Contents/Developer/Platforms/MacOSX.platform/Developer/SDKs/MacOSX26.1.sdk/System/Library/Frameworks/Metal.framework/Headers/MTLIndirectCommandEncoder.h
/Applications/Xcode.app/Contents/Developer/Platforms/MacOSX.platform/Developer/SDKs/MacOSX26.1.sdk/System/Library/Frameworks/Metal.framework/Headers/MTLFunctionLog.h
/Applications/Xcode.app/Contents/Developer/Platforms/MacOSX.platform/Developer/SDKs/MacOSX26.1.sdk/System/Library/Frameworks/Metal.framework/Headers/MTLAccelerationStructureCommandEncoder.h
/Applications/Xcode.app/Contents/Developer/Platforms/MacOSX.platform/Developer/SDKs/MacOSX26.1.sdk/System/Library/Frameworks/Metal.framework/Headers/MTLRasterizationRate.h
/Applications/Xcode.app/Contents/Developer/Platforms/MacOSX.platform/Developer/SDKs/MacOSX26.1.sdk/System/Library/Frameworks/Metal.framework/Headers/MTLDynamicLibrary.h
/Applications/Xcode.app/Contents/Developer/Platforms/MacOSX.platform/Developer/SDKs/MacOSX26.1.sdk/System/Library/Frameworks/Metal.framework/Headers/MTLLogState.h
/Applications/Xcode.app/Contents/Developer/Platforms/MacOSX.platform/Developer/SDKs/MacOSX26.1.sdk/System/Library/Frameworks/Metal.framework/Headers/MTLBinaryArchive.h
/Applications/Xcode.app/Contents/Developer/Platforms/MacOSX.platform/Developer/SDKs/MacOSX26.1.sdk/System/Library/Frameworks/Metal.framework/Headers/MTLIntersectionFunctionTable.h
/Applications/Xcode.app/Contents/Developer/Platforms/MacOSX.platform/Developer/SDKs/MacOSX26.1.sdk/System/Library/Frameworks/Metal.framework/Headers/MTLFunctionStitching.h
/Applications/Xcode.app/Contents/Developer/Platforms/MacOSX.platform/Developer/SDKs/MacOSX26.1.sdk/System/Library/Frameworks/Metal.framework/Headers/MTLIOCommandQueue.h
/Applications/Xcode.app/Contents/Developer/Platforms/MacOSX.platform/Developer/SDKs/MacOSX26.1.sdk/System/Library/Frameworks/Metal.framework/Headers/MTLIOCommandBuffer.h
/Applications/Xcode.app/Contents/Developer/Platforms/MacOSX.platform/Developer/SDKs/MacOSX26.1.sdk/System/Library/Frameworks/Metal.framework/Headers/MTLIOCompressor.h
/Applications/Xcode.app/Contents/Developer/Platforms/MacOSX.platform/Developer/SDKs/MacOSX26.1.sdk/System/Library/Frameworks/Metal.framework/Headers/MTLResidencySet.h
/Applications/Xcode.app/Contents/Developer/Platforms/MacOSX.platform/Developer/SDKs/MacOSX26.1.sdk/System/Library/Frameworks/Metal.framework/Headers/MTLResourceViewPool.h
/Applications/Xcode.app/Contents/Developer/Platforms/MacOSX.platform/Developer/SDKs/MacOSX26.1.sdk/System/Library/Frameworks/Metal.framework/Headers/MTLTextureViewPool.h
/Applications/Xcode.app/Contents/Developer/Platforms/MacOSX.platform/Developer/SDKs/MacOSX26.1.sdk/System/Library/Frameworks/Metal.framework/Headers/MTL4ArgumentTable.h
/Applications/Xcode.app/Contents/Developer/Platforms/MacOSX.platform/Developer/SDKs/MacOSX26.1.sdk/System/Library/Frameworks/Metal.framework/Headers/MTL4BinaryFunction.h
/Applications/Xcode.app/Contents/Developer/Platforms/MacOSX.platform/Developer/SDKs/MacOSX26.1.sdk/System/Library/Frameworks/Metal.framework/Headers/MTL4CommandAllocator.h
/Applications/Xcode.app/Contents/Developer/Platforms/MacOSX.platform/Developer/SDKs/MacOSX26.1.sdk/System/Library/Frameworks/Metal.framework/Headers/MTL4RenderPass.h
/Applications/Xcode.app/Contents/Developer/Platforms/MacOSX.platform/Developer/SDKs/MacOSX26.1.sdk/System/Library/Frameworks/Metal.framework/Headers/MTL4ComputeCommandEncoder.h
/Applications/Xcode.app/Contents/Developer/Platforms/MacOSX.platform/Developer/SDKs/MacOSX26.1.sdk/System/Library/Frameworks/Metal.framework/Headers/MTL4AccelerationStructure.h
/Applications/Xcode.app/Contents/Developer/Platforms/MacOSX.platform/Developer/SDKs/MacOSX26.1.sdk/System/Library/Frameworks/Metal.framework/Headers/MTL4MachineLearningCommandEncoder.h
/Applications/Xcode.app/Contents/Developer/Platforms/MacOSX.platform/Developer/SDKs/MacOSX26.1.sdk/System/Library/Frameworks/Metal.framework/Headers/MTL4LibraryDescriptor.h
/Applications/Xcode.app/Contents/Developer/Platforms/MacOSX.platform/Developer/SDKs/MacOSX26.1.sdk/System/Library/Frameworks/Metal.framework/Headers/MTL4FunctionDescriptor.h
/Applications/Xcode.app/Contents/Developer/Platforms/MacOSX.platform/Developer/SDKs/MacOSX26.1.sdk/System/Library/Frameworks/Metal.framework/Headers/MTL4LibraryFunctionDescriptor.h
/Applications/Xcode.app/Contents/Developer/Platforms/MacOSX.platform/Developer/SDKs/MacOSX26.1.sdk/System/Library/Frameworks/Metal.framework/Headers/MTL4SpecializedFunctionDescriptor.h
/Applications/Xcode.app/Contents/Developer/Platforms/MacOSX.platform/Developer/SDKs/MacOSX26.1.sdk/System/Library/Frameworks/Metal.framework/Headers/MTL4StitchedFunctionDescriptor.h
/Applications/Xcode.app/Contents/Developer/Platforms/MacOSX.platform/Developer/SDKs/MacOSX26.1.sdk/System/Library/Frameworks/Metal.framework/Headers/MTL4PipelineState.h
/Applications/Xcode.app/Contents/Developer/Platforms/MacOSX.platform/Developer/SDKs/MacOSX26.1.sdk/System/Library/Frameworks/Metal.framework/Headers/MTL4ComputePipeline.h
/Applications/Xcode.app/Contents/Developer/Platforms/MacOSX.platform/Developer/SDKs/MacOSX26.1.sdk/System/Library/Frameworks/Metal.framework/Headers/MTL4RenderPipeline.h
/Applications/Xcode.app/Contents/Developer/Platforms/MacOSX.platform/Developer/SDKs/MacOSX26.1.sdk/System/Library/Frameworks/Metal.framework/Headers/MTL4MachineLearningPipeline.h
/Applications/Xcode.app/Contents/Developer/Platforms/MacOSX.platform/Developer/SDKs/MacOSX26.1.sdk/System/Library/Frameworks/Metal.framework/Headers/MTL4TileRenderPipeline.h
/Applications/Xcode.app/Contents/Developer/Platforms/MacOSX.platform/Developer/SDKs/MacOSX26.1.sdk/System/Library/Frameworks/Metal.framework/Headers/MTL4MeshRenderPipeline.h
/Applications/Xcode.app/Contents/Developer/Platforms/MacOSX.platform/Developer/SDKs/MacOSX26.1.sdk/System/Library/Frameworks/Metal.framework/Headers/MTL4PipelineDataSetSerializer.h
/Applications/Xcode.app/Contents/Developer/Platforms/MacOSX.platform/Developer/SDKs/MacOSX26.1.sdk/System/Library/Frameworks/Metal.framework/Headers/MTL4Archive.h
/Applications/Xcode.app/Contents/Developer/Platforms/MacOSX.platform/Developer/SDKs/MacOSX26.1.sdk/System/Library/Frameworks/Metal.framework/Headers/MTL4BinaryFunctionDescriptor.h
/Applications/Xcode.app/Contents/Developer/Platforms/MacOSX.platform/Developer/SDKs/MacOSX26.1.sdk/System/Library/Frameworks/Metal.framework/Headers/MTL4LinkingDescriptor.h
/Applications/Xcode.app/Contents/Developer/Platforms/MacOSX.platform/Developer/SDKs/MacOSX26.1.sdk/SDKSettings.json
/Applications/Xcode.app/Contents/Developer/Platforms/MacOSX.platform/Developer/SDKs/MacOSX26.1.sdk/System/Library/Frameworks/OSLog.framework/Modules/module.modulemap
/Applications/Xcode.app/Contents/Developer/Platforms/MacOSX.platform/Developer/SDKs/MacOSX26.1.sdk/System/Library/Frameworks/OSLog.framework/Headers/OSLog.h
/Applications/Xcode.app/Contents/Developer/Platforms/MacOSX.platform/Developer/SDKs/MacOSX26.1.sdk/System/Library/Frameworks/Foundation.framework/Modules/module.modulemap
/Applications/Xcode.app/Contents/Developer/Platforms/MacOSX.platform/Developer/SDKs/MacOSX26.1.sdk/usr/include/os.modulemap
/Applications/Xcode.app/Contents/Developer/Platforms/MacOSX.platform/Developer/SDKs/MacOSX26.1.sdk/System/Library/Frameworks/OSLog.framework/Headers/Entry.h
/Applications/Xcode.app/Contents/Developer/Platforms/MacOSX.platform/Developer/SDKs/MacOSX26.1.sdk/System/Library/Frameworks/OSLog.framework/Headers/EntryActivity.h
/Applications/Xcode.app/Contents/Developer/Platforms/MacOSX.platform/Developer/SDKs/MacOSX26.1.sdk/System/Library/Frameworks/OSLog.framework/Headers/EntryBoundary.h
/Applications/Xcode.app/Contents/Developer/Platforms/MacOSX.platform/Developer/SDKs/MacOSX26.1.sdk/System/Library/Frameworks/OSLog.framework/Headers/EntryLog.h
/Applications/Xcode.app/Contents/Developer/Platforms/MacOSX.platform/Developer/SDKs/MacOSX26.1.sdk/System/Library/Frameworks/OSLog.framework/Headers/EntrySignpost.h
/Applications/Xcode.app/Contents/Developer/Platforms/MacOSX.platform/Developer/SDKs/MacOSX26.1.sdk/System/Library/Frameworks/OSLog.framework/Headers/Enumerator.h
/Applications/Xcode.app/Contents/Developer/Platforms/MacOSX.platform/Developer/SDKs/MacOSX26.1.sdk/System/Library/Frameworks/OSLog.framework/Headers/MessageComponent.h
/Applications/Xcode.app/Contents/Developer/Platforms/MacOSX.platform/Developer/SDKs/MacOSX26.1.sdk/System/Library/Frameworks/OSLog.framework/Headers/Position.h
/Applications/Xcode.app/Contents/Developer/Platforms/MacOSX.platform/Developer/SDKs/MacOSX26.1.sdk/System/Library/Frameworks/OSLog.framework/Headers/Store.h
/Applications/Xcode.app/Contents/Developer/Platforms/MacOSX.platform/Developer/SDKs/MacOSX26.1.sdk/SDKSettings.json
/Applications/Xcode.app/Contents/Developer/Toolchains/XcodeDefault.xctoolchain/usr/lib/swift/macosx/prebuilt-modules/26.1/OSLog.swiftmodule/arm64e-apple-macos.swiftmodule
/Applications/Xcode.app/Contents/Developer/Toolchains/XcodeDefault.xctoolchain/usr/lib/swift/macosx/prebuilt-modules/26.1/ObjectiveC.swiftmodule/arm64e-apple-macos.swiftmodule
/Applications/Xcode.app/Contents/Developer/Platforms/MacOSX.platform/Developer/SDKs/MacOSX26.1.sdk/usr/include/ObjectiveC.apinotes
/Applications/Xcode.app/Contents/Developer/Platforms/MacOSX.platform/Developer/SDKs/MacOSX26.1.sdk/usr/include/DarwinBasic.modulemap
/Applications/Xcode.app/Contents/Developer/Platforms/MacOSX.platform/Developer/SDKs/MacOSX26.1.sdk/usr/include/ObjectiveC.modulemap
/Applications/Xcode.app/Contents/Developer/Platforms/MacOSX.platform/Developer/SDKs/MacOSX26.1.sdk/usr/include/Darwin.modulemap
/Applications/Xcode.app/Contents/Developer/Platforms/MacOSX.platform/Developer/SDKs/MacOSX26.1.sdk/usr/include/Darwin_C.modulemap
/Applications/Xcode.app/Contents/Developer/Platforms/MacOSX.platform/Developer/SDKs/MacOSX26.1.sdk/usr/include/Darwin_POSIX.modulemap
/Applications/Xcode.app/Contents/Developer/Platforms/MacOSX.platform/Developer/SDKs/MacOSX26.1.sdk/usr/include/net.modulemap
/Applications/Xcode.app/Contents/Developer/Platforms/MacOSX.platform/Developer/SDKs/MacOSX26.1.sdk/usr/include/netinet.modulemap
/Applications/Xcode.app/Contents/Developer/Platforms/MacOSX.platform/Developer/SDKs/MacOSX26.1.sdk/usr/include/bank.modulemap
/Applications/Xcode.app/Contents/Developer/Platforms/MacOSX.platform/Developer/SDKs/MacOSX26.1.sdk/usr/include/Darwin_Mach.modulemap
/Applications/Xcode.app/Contents/Developer/Platforms/MacOSX.platform/Developer/SDKs/MacOSX26.1.sdk/usr/include/Darwin_Mach_machine.modulemap
/Applications/Xcode.app/Contents/Developer/Platforms/MacOSX.platform/Developer/SDKs/MacOSX26.1.sdk/usr/include/mach_debug.modulemap
/Applications/Xcode.app/Contents/Developer/Platforms/MacOSX.platform/Developer/SDKs/MacOSX26.1.sdk/usr/include/device.modulemap
/Applications/Xcode.app/Contents/Developer/Platforms/MacOSX.platform/Developer/SDKs/MacOSX26.1.sdk/usr/include/Darwin_machine.modulemap
/Applications/Xcode.app/Contents/Developer/Platforms/MacOSX.platform/Developer/SDKs/MacOSX26.1.sdk/usr/include/ncurses.modulemap
/Applications/Xcode.app/Contents/Developer/Platforms/MacOSX.platform/Developer/SDKs/MacOSX26.1.sdk/usr/include/netinet6.modulemap
/Applications/Xcode.app/Contents/Developer/Platforms/MacOSX.platform/Developer/SDKs/MacOSX26.1.sdk/usr/include/Darwin_sys.modulemap
/Applications/Xcode.app/Contents/Developer/Platforms/MacOSX.platform/Developer/SDKs/MacOSX26.1.sdk/usr/include/uuid.modulemap
/Applications/Xcode.app/Contents/Developer/Platforms/MacOSX.platform/Developer/SDKs/MacOSX26.1.sdk/usr/include/DarwinFoundation2.modulemap
/Applications/Xcode.app/Contents/Developer/Platforms/MacOSX.platform/Developer/SDKs/MacOSX26.1.sdk/usr/include/DarwinFoundation3.modulemap
/Applications/Xcode.app/Contents/Developer/Platforms/MacOSX.platform/Developer/SDKs/MacOSX26.1.sdk/usr/include/DarwinFoundation1.modulemap
/Applications/Xcode.app/Contents/Developer/Platforms/MacOSX.platform/Developer/SDKs/MacOSX26.1.sdk/usr/include/objc/List.h
/Applications/Xcode.app/Contents/Developer/Platforms/MacOSX.platform/Developer/SDKs/MacOSX26.1.sdk/usr/include/objc/NSObjCRuntime.h
/Applications/Xcode.app/Contents/Developer/Toolchains/XcodeDefault.xctoolchain/usr/lib/swift/clang/include/module.modulemap
/Applications/Xcode.app/Contents/Developer/Platforms/MacOSX.platform/Developer/SDKs/MacOSX26.1.sdk/usr/include/objc/objc.h
/Applications/Xcode.app/Contents/Developer/Platforms/MacOSX.platform/Developer/SDKs/MacOSX26.1.sdk/usr/include/stdlib.h
/Applications/Xcode.app/Contents/Developer/Platforms/MacOSX.platform/Developer/SDKs/MacOSX26.1.sdk/usr/include/objc/objc-api.h
/Applications/Xcode.app/Contents/Developer/Toolchains/XcodeDefault.xctoolchain/usr/lib/swift/clang/include/stddef.h
/Applications/Xcode.app/Contents/Developer/Platforms/MacOSX.platform/Developer/SDKs/MacOSX26.1.sdk/usr/include/objc/NSObject.h
/Applications/Xcode.app/Contents/Developer/Platforms/MacOSX.platform/Developer/SDKs/MacOSX26.1.sdk/usr/include/objc/Object.h
/Applications/Xcode.app/Contents/Developer/Toolchains/XcodeDefault.xctoolchain/usr/lib/swift/clang/include/stdarg.h
/Applications/Xcode.app/Contents/Developer/Platforms/MacOSX.platform/Developer/SDKs/MacOSX26.1.sdk/usr/include/objc/objc-runtime.h
/Applications/Xcode.app/Contents/Developer/Platforms/MacOSX.platform/Developer/SDKs/MacOSX26.1.sdk/usr/include/objc/runtime.h
/Applications/Xcode.app/Contents/Developer/Platforms/MacOSX.platform/Developer/SDKs/MacOSX26.1.sdk/usr/include/objc/message.h
/Applications/Xcode.app/Contents/Developer/Platforms/MacOSX.platform/Developer/SDKs/MacOSX26.1.sdk/usr/include/objc/Protocol.h
/Applications/Xcode.app/Contents/Developer/Platforms/MacOSX.platform/Developer/SDKs/MacOSX26.1.sdk/usr/include/objc/hashtable.h
/Applications/Xcode.app/Contents/Developer/Platforms/MacOSX.platform/Developer/SDKs/MacOSX26.1.sdk/usr/include/objc/hashtable2.h
/Applications/Xcode.app/Contents/Developer/Platforms/MacOSX.platform/Developer/SDKs/MacOSX26.1.sdk/usr/include/objc/objc-auto.h
/Applications/Xcode.app/Contents/Developer/Platforms/MacOSX.platform/Developer/SDKs/MacOSX26.1.sdk/usr/include/string.h
/Applications/Xcode.app/Contents/Developer/Platforms/MacOSX.platform/Developer/SDKs/MacOSX26.1.sdk/usr/include/objc/objc-class.h
/Applications/Xcode.app/Contents/Developer/Platforms/MacOSX.platform/Developer/SDKs/MacOSX26.1.sdk/usr/include/objc/objc-exception.h
/Applications/Xcode.app/Contents/Developer/Platforms/MacOSX.platform/Developer/SDKs/MacOSX26.1.sdk/usr/include/objc/objc-load.h
/Applications/Xcode.app/Contents/Developer/Platforms/MacOSX.platform/Developer/SDKs/MacOSX26.1.sdk/usr/include/objc/objc-sync.h
/Applications/Xcode.app/Contents/Developer/Platforms/MacOSX.platform/Developer/SDKs/MacOSX26.1.sdk/SDKSettings.json
/Applications/Xcode.app/Contents/Developer/Toolchains/XcodeDefault.xctoolchain/usr/lib/swift/macosx/prebuilt-modules/26.1/Observation.swiftmodule/arm64e-apple-macos.swiftmodule
/Applications/Xcode.app/Contents/Developer/Platforms/MacOSX.platform/Developer/SDKs/MacOSX26.1.sdk/System/Library/Frameworks/OpenGL.framework/Modules/module.modulemap
/Applications/Xcode.app/Contents/Developer/Platforms/MacOSX.platform/Developer/SDKs/MacOSX26.1.sdk/System/Library/Frameworks/OpenGL.framework/Headers/OpenGL.h
/Applications/Xcode.app/Contents/Developer/Platforms/MacOSX.platform/Developer/SDKs/MacOSX26.1.sdk/System/Library/Frameworks/OpenGL.framework/Headers/OpenGLAvailability.h
/Applications/Xcode.app/Contents/Developer/Platforms/MacOSX.platform/Developer/SDKs/MacOSX26.1.sdk/usr/include/DarwinFoundation1.modulemap
/Applications/Xcode.app/Contents/Developer/Platforms/MacOSX.platform/Developer/SDKs/MacOSX26.1.sdk/System/Library/Frameworks/OpenGL.framework/Headers/CGLCurrent.h
/Applications/Xcode.app/Contents/Developer/Platforms/MacOSX.platform/Developer/SDKs/MacOSX26.1.sdk/System/Library/Frameworks/OpenGL.framework/Headers/CGLTypes.h
/Applications/Xcode.app/Contents/Developer/Platforms/MacOSX.platform/Developer/SDKs/MacOSX26.1.sdk/System/Library/Frameworks/OpenGL.framework/Headers/CGLDevice.h
/Applications/Xcode.app/Contents/Developer/Platforms/MacOSX.platform/Developer/SDKs/MacOSX26.1.sdk/System/Library/Frameworks/OpenGL.framework/Headers/gltypes.h
/Applications/Xcode.app/Contents/Developer/Toolchains/XcodeDefault.xctoolchain/usr/lib/swift/clang/include/module.modulemap
/Applications/Xcode.app/Contents/Developer/Platforms/MacOSX.platform/Developer/SDKs/MacOSX26.1.sdk/System/Library/Frameworks/OpenGL.framework/Headers/CGLRenderers.h
/Applications/Xcode.app/Contents/Developer/Platforms/MacOSX.platform/Developer/SDKs/MacOSX26.1.sdk/System/Library/Frameworks/OpenGL.framework/Headers/CGLIOSurface.h
/Applications/Xcode.app/Contents/Developer/Platforms/MacOSX.platform/Developer/SDKs/MacOSX26.1.sdk/System/Library/Frameworks/OpenGL.framework/Headers/gl3.h
/Applications/Xcode.app/Contents/Developer/Platforms/MacOSX.platform/Developer/SDKs/MacOSX26.1.sdk/System/Library/Frameworks/OpenGL.framework/Headers/gl3ext.h
/Applications/Xcode.app/Contents/Developer/Platforms/MacOSX.platform/Developer/SDKs/MacOSX26.1.sdk/System/Library/Frameworks/OpenGL.framework/Headers/gl.h
/Applications/Xcode.app/Contents/Developer/Platforms/MacOSX.platform/Developer/SDKs/MacOSX26.1.sdk/System/Library/Frameworks/OpenGL.framework/Headers/glext.h
/Applications/Xcode.app/Contents/Developer/Platforms/MacOSX.platform/Developer/SDKs/MacOSX26.1.sdk/System/Library/Frameworks/OpenGL.framework/Headers/glu.h
/Applications/Xcode.app/Contents/Developer/Platforms/MacOSX.platform/Developer/SDKs/MacOSX26.1.sdk/System/Library/Frameworks/OpenGL.framework/Headers/gluContext.h
/Applications/Xcode.app/Contents/Developer/Platforms/MacOSX.platform/Developer/SDKs/MacOSX26.1.sdk/System/Library/Frameworks/OpenGL.framework/Headers/CGLContext.h
/Applications/Xcode.app/Contents/Developer/Platforms/MacOSX.platform/Developer/SDKs/MacOSX26.1.sdk/System/Library/Frameworks/OpenGL.framework/Headers/gliContext.h
/Applications/Xcode.app/Contents/Developer/Platforms/MacOSX.platform/Developer/SDKs/MacOSX26.1.sdk/System/Library/Frameworks/OpenGL.framework/Headers/gliDispatch.h
/Applications/Xcode.app/Contents/Developer/Platforms/MacOSX.platform/Developer/SDKs/MacOSX26.1.sdk/SDKSettings.json
/Applications/Xcode.app/Contents/Developer/Platforms/MacOSX.platform/Developer/SDKs/MacOSX26.1.sdk/System/Library/Frameworks/QuartzCore.framework/Headers/QuartzCore.apinotes
/Applications/Xcode.app/Contents/Developer/Platforms/MacOSX.platform/Developer/SDKs/MacOSX26.1.sdk/System/Library/Frameworks/QuartzCore.framework/Modules/module.modulemap
/Applications/Xcode.app/Contents/Developer/Platforms/MacOSX.platform/Developer/SDKs/MacOSX26.1.sdk/System/Library/Frameworks/QuartzCore.framework/Headers/QuartzCore.h
/Applications/Xcode.app/Contents/Developer/Platforms/MacOSX.platform/Developer/SDKs/MacOSX26.1.sdk/System/Library/Frameworks/QuartzCore.framework/Headers/CoreAnimation.h
/Applications/Xcode.app/Contents/Developer/Platforms/MacOSX.platform/Developer/SDKs/MacOSX26.1.sdk/System/Library/Frameworks/QuartzCore.framework/Headers/CABase.h
/Applications/Xcode.app/Contents/Developer/Toolchains/XcodeDefault.xctoolchain/usr/lib/swift/clang/include/module.modulemap
/Applications/Xcode.app/Contents/Developer/Toolchains/XcodeDefault.xctoolchain/usr/lib/swift/clang/include/stddef.h
/Applications/Xcode.app/Contents/Developer/Platforms/MacOSX.platform/Developer/SDKs/MacOSX26.1.sdk/usr/include/ObjectiveC.modulemap
/Applications/Xcode.app/Contents/Developer/Platforms/MacOSX.platform/Developer/SDKs/MacOSX26.1.sdk/usr/include/Darwin.modulemap
/Applications/Xcode.app/Contents/Developer/Platforms/MacOSX.platform/Developer/SDKs/MacOSX26.1.sdk/usr/include/Darwin_C.modulemap
/Applications/Xcode.app/Contents/Developer/Platforms/MacOSX.platform/Developer/SDKs/MacOSX26.1.sdk/usr/include/Darwin_POSIX.modulemap
/Applications/Xcode.app/Contents/Developer/Platforms/MacOSX.platform/Developer/SDKs/MacOSX26.1.sdk/usr/include/net.modulemap
/Applications/Xcode.app/Contents/Developer/Platforms/MacOSX.platform/Developer/SDKs/MacOSX26.1.sdk/usr/include/netinet.modulemap
/Applications/Xcode.app/Contents/Developer/Platforms/MacOSX.platform/Developer/SDKs/MacOSX26.1.sdk/usr/include/bank.modulemap
/Applications/Xcode.app/Contents/Developer/Platforms/MacOSX.platform/Developer/SDKs/MacOSX26.1.sdk/usr/include/Darwin_Mach.modulemap
/Applications/Xcode.app/Contents/Developer/Platforms/MacOSX.platform/Developer/SDKs/MacOSX26.1.sdk/usr/include/Darwin_Mach_machine.modulemap
/Applications/Xcode.app/Contents/Developer/Platforms/MacOSX.platform/Developer/SDKs/MacOSX26.1.sdk/usr/include/mach_debug.modulemap
/Applications/Xcode.app/Contents/Developer/Platforms/MacOSX.platform/Developer/SDKs/MacOSX26.1.sdk/usr/include/device.modulemap
/Applications/Xcode.app/Contents/Developer/Platforms/MacOSX.platform/Developer/SDKs/MacOSX26.1.sdk/usr/include/Darwin_machine.modulemap
/Applications/Xcode.app/Contents/Developer/Platforms/MacOSX.platform/Developer/SDKs/MacOSX26.1.sdk/usr/include/ncurses.modulemap
/Applications/Xcode.app/Contents/Developer/Platforms/MacOSX.platform/Developer/SDKs/MacOSX26.1.sdk/usr/include/netinet6.modulemap
/Applications/Xcode.app/Contents/Developer/Platforms/MacOSX.platform/Developer/SDKs/MacOSX26.1.sdk/usr/include/Darwin_sys.modulemap
/Applications/Xcode.app/Contents/Developer/Platforms/MacOSX.platform/Developer/SDKs/MacOSX26.1.sdk/usr/include/uuid.modulemap
/Applications/Xcode.app/Contents/Developer/Platforms/MacOSX.platform/Developer/SDKs/MacOSX26.1.sdk/usr/include/DarwinFoundation1.modulemap
/Applications/Xcode.app/Contents/Developer/Platforms/MacOSX.platform/Developer/SDKs/MacOSX26.1.sdk/System/Library/Frameworks/CoreFoundation.framework/Modules/module.modulemap
/Applications/Xcode.app/Contents/Developer/Platforms/MacOSX.platform/Developer/SDKs/MacOSX26.1.sdk/System/Library/Frameworks/CoreGraphics.framework/Modules/module.modulemap
/Applications/Xcode.app/Contents/Developer/Platforms/MacOSX.platform/Developer/SDKs/MacOSX26.1.sdk/System/Library/Frameworks/QuartzCore.framework/Headers/CATransform3D.h
/Applications/Xcode.app/Contents/Developer/Platforms/MacOSX.platform/Developer/SDKs/MacOSX26.1.sdk/System/Library/Frameworks/Foundation.framework/Modules/module.modulemap
/Applications/Xcode.app/Contents/Developer/Platforms/MacOSX.platform/Developer/SDKs/MacOSX26.1.sdk/System/Library/Frameworks/QuartzCore.framework/Headers/CAAnimation.h
/Applications/Xcode.app/Contents/Developer/Platforms/MacOSX.platform/Developer/SDKs/MacOSX26.1.sdk/System/Library/Frameworks/QuartzCore.framework/Headers/CALayer.h
/Applications/Xcode.app/Contents/Developer/Platforms/MacOSX.platform/Developer/SDKs/MacOSX26.1.sdk/System/Library/Frameworks/QuartzCore.framework/Headers/CAMediaTiming.h
/Applications/Xcode.app/Contents/Developer/Platforms/MacOSX.platform/Developer/SDKs/MacOSX26.1.sdk/System/Library/Frameworks/QuartzCore.framework/Headers/CAFrameRateRange.h
/Applications/Xcode.app/Contents/Developer/Platforms/MacOSX.platform/Developer/SDKs/MacOSX26.1.sdk/System/Library/Frameworks/QuartzCore.framework/Headers/CAConstraintLayoutManager.h
/Applications/Xcode.app/Contents/Developer/Platforms/MacOSX.platform/Developer/SDKs/MacOSX26.1.sdk/System/Library/Frameworks/QuartzCore.framework/Headers/CADisplayLink.h
/Applications/Xcode.app/Contents/Developer/Platforms/MacOSX.platform/Developer/SDKs/MacOSX26.1.sdk/System/Library/Frameworks/QuartzCore.framework/Headers/CAEAGLLayer.h
/Applications/Xcode.app/Contents/Developer/Platforms/MacOSX.platform/Developer/SDKs/MacOSX26.1.sdk/System/Library/Frameworks/QuartzCore.framework/Headers/CAMetalLayer.h
/Applications/Xcode.app/Contents/Developer/Platforms/MacOSX.platform/Developer/SDKs/MacOSX26.1.sdk/System/Library/Frameworks/Metal.framework/Modules/module.modulemap
/Applications/Xcode.app/Contents/Developer/Platforms/MacOSX.platform/Developer/SDKs/MacOSX26.1.sdk/System/Library/Frameworks/QuartzCore.framework/Headers/CAEDRMetadata.h
/Applications/Xcode.app/Contents/Developer/Platforms/MacOSX.platform/Developer/SDKs/MacOSX26.1.sdk/System/Library/Frameworks/QuartzCore.framework/Headers/CAMetalDisplayLink.h
/Applications/Xcode.app/Contents/Developer/Platforms/MacOSX.platform/Developer/SDKs/MacOSX26.1.sdk/System/Library/Frameworks/QuartzCore.framework/Headers/CAEmitterCell.h
/Applications/Xcode.app/Contents/Developer/Platforms/MacOSX.platform/Developer/SDKs/MacOSX26.1.sdk/System/Library/Frameworks/QuartzCore.framework/Headers/CAEmitterLayer.h
/Applications/Xcode.app/Contents/Developer/Platforms/MacOSX.platform/Developer/SDKs/MacOSX26.1.sdk/System/Library/Frameworks/QuartzCore.framework/Headers/CAGradientLayer.h
/Applications/Xcode.app/Contents/Developer/Platforms/MacOSX.platform/Developer/SDKs/MacOSX26.1.sdk/System/Library/Frameworks/QuartzCore.framework/Headers/CAMediaTimingFunction.h
/Applications/Xcode.app/Contents/Developer/Platforms/MacOSX.platform/Developer/SDKs/MacOSX26.1.sdk/System/Library/Frameworks/QuartzCore.framework/Headers/CAOpenGLLayer.h
/Applications/Xcode.app/Contents/Developer/Platforms/MacOSX.platform/Developer/SDKs/MacOSX26.1.sdk/System/Library/Frameworks/OpenGL.framework/Modules/module.modulemap
/Applications/Xcode.app/Contents/Developer/Platforms/MacOSX.platform/Developer/SDKs/MacOSX26.1.sdk/System/Library/Frameworks/CoreVideo.framework/Modules/module.modulemap
/Applications/Xcode.app/Contents/Developer/Platforms/MacOSX.platform/Developer/SDKs/MacOSX26.1.sdk/System/Library/Frameworks/QuartzCore.framework/Headers/CARemoteLayerClient.h
/Applications/Xcode.app/Contents/Developer/Platforms/MacOSX.platform/Developer/SDKs/MacOSX26.1.sdk/System/Library/Frameworks/QuartzCore.framework/Headers/CARemoteLayerServer.h
/Applications/Xcode.app/Contents/Developer/Platforms/MacOSX.platform/Developer/SDKs/MacOSX26.1.sdk/System/Library/Frameworks/QuartzCore.framework/Headers/CARenderer.h
/Applications/Xcode.app/Contents/Developer/Platforms/MacOSX.platform/Developer/SDKs/MacOSX26.1.sdk/System/Library/Frameworks/QuartzCore.framework/Headers/CAReplicatorLayer.h
/Applications/Xcode.app/Contents/Developer/Platforms/MacOSX.platform/Developer/SDKs/MacOSX26.1.sdk/System/Library/Frameworks/QuartzCore.framework/Headers/CAScrollLayer.h
/Applications/Xcode.app/Contents/Developer/Platforms/MacOSX.platform/Developer/SDKs/MacOSX26.1.sdk/System/Library/Frameworks/QuartzCore.framework/Headers/CAShapeLayer.h
/Applications/Xcode.app/Contents/Developer/Platforms/MacOSX.platform/Developer/SDKs/MacOSX26.1.sdk/System/Library/Frameworks/QuartzCore.framework/Headers/CATextLayer.h
/Applications/Xcode.app/Contents/Developer/Platforms/MacOSX.platform/Developer/SDKs/MacOSX26.1.sdk/System/Library/Frameworks/QuartzCore.framework/Headers/CATiledLayer.h
/Applications/Xcode.app/Contents/Developer/Platforms/MacOSX.platform/Developer/SDKs/MacOSX26.1.sdk/System/Library/Frameworks/QuartzCore.framework/Headers/CATransaction.h
/Applications/Xcode.app/Contents/Developer/Platforms/MacOSX.platform/Developer/SDKs/MacOSX26.1.sdk/System/Library/Frameworks/QuartzCore.framework/Headers/CATransformLayer.h
/Applications/Xcode.app/Contents/Developer/Platforms/MacOSX.platform/Developer/SDKs/MacOSX26.1.sdk/System/Library/Frameworks/QuartzCore.framework/Headers/CAValueFunction.h
/Applications/Xcode.app/Contents/Developer/Platforms/MacOSX.platform/Developer/SDKs/MacOSX26.1.sdk/SDKSettings.json
/Applications/Xcode.app/Contents/Developer/Toolchains/XcodeDefault.xctoolchain/usr/lib/swift/macosx/prebuilt-modules/26.1/QuartzCore.swiftmodule/arm64e-apple-macos.swiftmodule
/Applications/Xcode.app/Contents/Developer/Platforms/MacOSX.platform/Developer/SDKs/MacOSX26.1.sdk/System/Library/Frameworks/Security.framework/Headers/Security.apinotes
/Applications/Xcode.app/Contents/Developer/Platforms/MacOSX.platform/Developer/SDKs/MacOSX26.1.sdk/System/Library/Frameworks/Security.framework/Modules/module.modulemap
/Applications/Xcode.app/Contents/Developer/Platforms/MacOSX.platform/Developer/SDKs/MacOSX26.1.sdk/System/Library/Frameworks/Security.framework/Headers/Security.h
/Applications/Xcode.app/Contents/Developer/Platforms/MacOSX.platform/Developer/SDKs/MacOSX26.1.sdk/System/Library/Frameworks/Security.framework/Headers/SecBase.h
/Applications/Xcode.app/Contents/Developer/Platforms/MacOSX.platform/Developer/SDKs/MacOSX26.1.sdk/usr/include/xpc.modulemap
/Applications/Xcode.app/Contents/Developer/Platforms/MacOSX.platform/Developer/SDKs/MacOSX26.1.sdk/usr/include/dispatch.modulemap
/Applications/Xcode.app/Contents/Developer/Platforms/MacOSX.platform/Developer/SDKs/MacOSX26.1.sdk/usr/include/os.modulemap
/Applications/Xcode.app/Contents/Developer/Platforms/MacOSX.platform/Developer/SDKs/MacOSX26.1.sdk/usr/include/Darwin.modulemap
/Applications/Xcode.app/Contents/Developer/Platforms/MacOSX.platform/Developer/SDKs/MacOSX26.1.sdk/usr/include/Darwin_C.modulemap
/Applications/Xcode.app/Contents/Developer/Platforms/MacOSX.platform/Developer/SDKs/MacOSX26.1.sdk/usr/include/Darwin_POSIX.modulemap
/Applications/Xcode.app/Contents/Developer/Platforms/MacOSX.platform/Developer/SDKs/MacOSX26.1.sdk/usr/include/net.modulemap
/Applications/Xcode.app/Contents/Developer/Platforms/MacOSX.platform/Developer/SDKs/MacOSX26.1.sdk/usr/include/netinet.modulemap
/Applications/Xcode.app/Contents/Developer/Platforms/MacOSX.platform/Developer/SDKs/MacOSX26.1.sdk/usr/include/bank.modulemap
/Applications/Xcode.app/Contents/Developer/Platforms/MacOSX.platform/Developer/SDKs/MacOSX26.1.sdk/usr/include/Darwin_Mach.modulemap
/Applications/Xcode.app/Contents/Developer/Platforms/MacOSX.platform/Developer/SDKs/MacOSX26.1.sdk/usr/include/Darwin_Mach_machine.modulemap
/Applications/Xcode.app/Contents/Developer/Platforms/MacOSX.platform/Developer/SDKs/MacOSX26.1.sdk/usr/include/mach_debug.modulemap
/Applications/Xcode.app/Contents/Developer/Platforms/MacOSX.platform/Developer/SDKs/MacOSX26.1.sdk/usr/include/device.modulemap
/Applications/Xcode.app/Contents/Developer/Platforms/MacOSX.platform/Developer/SDKs/MacOSX26.1.sdk/usr/include/Darwin_machine.modulemap
/Applications/Xcode.app/Contents/Developer/Platforms/MacOSX.platform/Developer/SDKs/MacOSX26.1.sdk/usr/include/ncurses.modulemap
/Applications/Xcode.app/Contents/Developer/Platforms/MacOSX.platform/Developer/SDKs/MacOSX26.1.sdk/usr/include/netinet6.modulemap
/Applications/Xcode.app/Contents/Developer/Platforms/MacOSX.platform/Developer/SDKs/MacOSX26.1.sdk/usr/include/Darwin_sys.modulemap
/Applications/Xcode.app/Contents/Developer/Platforms/MacOSX.platform/Developer/SDKs/MacOSX26.1.sdk/usr/include/uuid.modulemap
/Applications/Xcode.app/Contents/Developer/Platforms/MacOSX.platform/Developer/SDKs/MacOSX26.1.sdk/usr/include/DarwinFoundation2.modulemap
/Applications/Xcode.app/Contents/Developer/Platforms/MacOSX.platform/Developer/SDKs/MacOSX26.1.sdk/usr/include/DarwinFoundation3.modulemap
/Applications/Xcode.app/Contents/Developer/Platforms/MacOSX.platform/Developer/SDKs/MacOSX26.1.sdk/usr/include/DarwinFoundation1.modulemap
/Applications/Xcode.app/Contents/Developer/Platforms/MacOSX.platform/Developer/SDKs/MacOSX26.1.sdk/System/Library/Frameworks/CoreFoundation.framework/Modules/module.modulemap
/Applications/Xcode.app/Contents/Developer/Platforms/MacOSX.platform/Developer/SDKs/MacOSX26.1.sdk/System/Library/Frameworks/Security.framework/Headers/SecCertificate.h
/Applications/Xcode.app/Contents/Developer/Platforms/MacOSX.platform/Developer/SDKs/MacOSX26.1.sdk/System/Library/Frameworks/Security.framework/Headers/cssmtype.h
/Applications/Xcode.app/Contents/Developer/Platforms/MacOSX.platform/Developer/SDKs/MacOSX26.1.sdk/System/Library/Frameworks/Security.framework/Headers/cssmconfig.h
/Applications/Xcode.app/Contents/Developer/Toolchains/XcodeDefault.xctoolchain/usr/lib/swift/clang/include/module.modulemap
/Applications/Xcode.app/Contents/Developer/Platforms/MacOSX.platform/Developer/SDKs/MacOSX26.1.sdk/System/Library/Frameworks/Security.framework/Headers/SecAsn1Types.h
/Applications/Xcode.app/Contents/Developer/Platforms/MacOSX.platform/Developer/SDKs/MacOSX26.1.sdk/System/Library/Frameworks/Security.framework/Headers/x509defs.h
/Applications/Xcode.app/Contents/Developer/Platforms/MacOSX.platform/Developer/SDKs/MacOSX26.1.sdk/System/Library/Frameworks/Security.framework/Headers/SecIdentity.h
/Applications/Xcode.app/Contents/Developer/Platforms/MacOSX.platform/Developer/SDKs/MacOSX26.1.sdk/System/Library/Frameworks/Security.framework/Headers/SecAccessControl.h
/Applications/Xcode.app/Contents/Developer/Platforms/MacOSX.platform/Developer/SDKs/MacOSX26.1.sdk/System/Library/Frameworks/Security.framework/Headers/SecItem.h
/Applications/Xcode.app/Contents/Developer/Platforms/MacOSX.platform/Developer/SDKs/MacOSX26.1.sdk/System/Library/Frameworks/Security.framework/Headers/SecKey.h
/Applications/Xcode.app/Contents/Developer/Platforms/MacOSX.platform/Developer/SDKs/MacOSX26.1.sdk/System/Library/Frameworks/Security.framework/Headers/SecAccess.h
/Applications/Xcode.app/Contents/Developer/Platforms/MacOSX.platform/Developer/SDKs/MacOSX26.1.sdk/System/Library/Frameworks/Security.framework/Headers/SecPolicy.h
/Applications/Xcode.app/Contents/Developer/Platforms/MacOSX.platform/Developer/SDKs/MacOSX26.1.sdk/System/Library/Frameworks/Security.framework/Headers/SecRandom.h
/Applications/Xcode.app/Contents/Developer/Platforms/MacOSX.platform/Developer/SDKs/MacOSX26.1.sdk/System/Library/Frameworks/Security.framework/Headers/SecImportExport.h
/Applications/Xcode.app/Contents/Developer/Platforms/MacOSX.platform/Developer/SDKs/MacOSX26.1.sdk/System/Library/Frameworks/Security.framework/Headers/SecKeychain.h
/Applications/Xcode.app/Contents/Developer/Platforms/MacOSX.platform/Developer/SDKs/MacOSX26.1.sdk/System/Library/Frameworks/Security.framework/Headers/cssmapple.h
/Applications/Xcode.app/Contents/Developer/Platforms/MacOSX.platform/Developer/SDKs/MacOSX26.1.sdk/System/Library/Frameworks/Security.framework/Headers/cssmerr.h
/Applications/Xcode.app/Contents/Developer/Platforms/MacOSX.platform/Developer/SDKs/MacOSX26.1.sdk/System/Library/Frameworks/Security.framework/Headers/certextensions.h
/Applications/Xcode.app/Contents/Developer/Platforms/MacOSX.platform/Developer/SDKs/MacOSX26.1.sdk/System/Library/Frameworks/Security.framework/Headers/SecTrust.h
/Applications/Xcode.app/Contents/Developer/Platforms/MacOSX.platform/Developer/SDKs/MacOSX26.1.sdk/System/Library/Frameworks/Security.framework/Headers/SecSharedCredential.h
/Applications/Xcode.app/Contents/Developer/Platforms/MacOSX.platform/Developer/SDKs/MacOSX26.1.sdk/System/Library/Frameworks/Security.framework/Headers/SecProtocolOptions.h
/Applications/Xcode.app/Contents/Developer/Platforms/MacOSX.platform/Developer/SDKs/MacOSX26.1.sdk/System/Library/Frameworks/Security.framework/Headers/SecProtocolObject.h
/Applications/Xcode.app/Contents/Developer/Platforms/MacOSX.platform/Developer/SDKs/MacOSX26.1.sdk/System/Library/Frameworks/Security.framework/Headers/SecProtocolTypes.h
/Applications/Xcode.app/Contents/Developer/Platforms/MacOSX.platform/Developer/SDKs/MacOSX26.1.sdk/System/Library/Frameworks/Security.framework/Headers/CipherSuite.h
/Applications/Xcode.app/Contents/Developer/Platforms/MacOSX.platform/Developer/SDKs/MacOSX26.1.sdk/System/Library/Frameworks/Security.framework/Headers/SecProtocolMetadata.h
/Applications/Xcode.app/Contents/Developer/Platforms/MacOSX.platform/Developer/SDKs/MacOSX26.1.sdk/System/Library/Frameworks/Security.framework/Headers/AuthSession.h
/Applications/Xcode.app/Contents/Developer/Platforms/MacOSX.platform/Developer/SDKs/MacOSX26.1.sdk/System/Library/Frameworks/Security.framework/Headers/Authorization.h
/Applications/Xcode.app/Contents/Developer/Platforms/MacOSX.platform/Developer/SDKs/MacOSX26.1.sdk/usr/include/stdio.h
/Applications/Xcode.app/Contents/Developer/Platforms/MacOSX.platform/Developer/SDKs/MacOSX26.1.sdk/System/Library/Frameworks/Security.framework/Headers/cssm.h
/Applications/Xcode.app/Contents/Developer/Platforms/MacOSX.platform/Developer/SDKs/MacOSX26.1.sdk/System/Library/Frameworks/Security.framework/Headers/emmtype.h
/Applications/Xcode.app/Contents/Developer/Platforms/MacOSX.platform/Developer/SDKs/MacOSX26.1.sdk/System/Library/Frameworks/Security.framework/Headers/cssmapi.h
/Applications/Xcode.app/Contents/Developer/Platforms/MacOSX.platform/Developer/SDKs/MacOSX26.1.sdk/System/Library/Frameworks/Security.framework/Headers/cssmaci.h
/Applications/Xcode.app/Contents/Developer/Platforms/MacOSX.platform/Developer/SDKs/MacOSX26.1.sdk/System/Library/Frameworks/Security.framework/Headers/cssmcli.h
/Applications/Xcode.app/Contents/Developer/Platforms/MacOSX.platform/Developer/SDKs/MacOSX26.1.sdk/System/Library/Frameworks/Security.framework/Headers/cssmcspi.h
/Applications/Xcode.app/Contents/Developer/Platforms/MacOSX.platform/Developer/SDKs/MacOSX26.1.sdk/System/Library/Frameworks/Security.framework/Headers/cssmspi.h
/Applications/Xcode.app/Contents/Developer/Platforms/MacOSX.platform/Developer/SDKs/MacOSX26.1.sdk/System/Library/Frameworks/Security.framework/Headers/cssmdli.h
/Applications/Xcode.app/Contents/Developer/Platforms/MacOSX.platform/Developer/SDKs/MacOSX26.1.sdk/System/Library/Frameworks/Security.framework/Headers/cssmkrapi.h
/Applications/Xcode.app/Contents/Developer/Platforms/MacOSX.platform/Developer/SDKs/MacOSX26.1.sdk/System/Library/Frameworks/Security.framework/Headers/cssmkrspi.h
/Applications/Xcode.app/Contents/Developer/Platforms/MacOSX.platform/Developer/SDKs/MacOSX26.1.sdk/System/Library/Frameworks/Security.framework/Headers/cssmtpi.h
/Applications/Xcode.app/Contents/Developer/Platforms/MacOSX.platform/Developer/SDKs/MacOSX26.1.sdk/System/Library/Frameworks/Security.framework/Headers/emmspi.h
/Applications/Xcode.app/Contents/Developer/Platforms/MacOSX.platform/Developer/SDKs/MacOSX26.1.sdk/System/Library/Frameworks/Security.framework/Headers/mds.h
/Applications/Xcode.app/Contents/Developer/Platforms/MacOSX.platform/Developer/SDKs/MacOSX26.1.sdk/System/Library/Frameworks/Security.framework/Headers/mds_schema.h
/Applications/Xcode.app/Contents/Developer/Platforms/MacOSX.platform/Developer/SDKs/MacOSX26.1.sdk/System/Library/Frameworks/Security.framework/Headers/oidsalg.h
/Applications/Xcode.app/Contents/Developer/Platforms/MacOSX.platform/Developer/SDKs/MacOSX26.1.sdk/System/Library/Frameworks/Security.framework/Headers/oidsattr.h
/Applications/Xcode.app/Contents/Developer/Platforms/MacOSX.platform/Developer/SDKs/MacOSX26.1.sdk/System/Library/Frameworks/Security.framework/Headers/oidsbase.h
/Applications/Xcode.app/Contents/Developer/Platforms/MacOSX.platform/Developer/SDKs/MacOSX26.1.sdk/System/Library/Frameworks/Security.framework/Headers/oidscert.h
/Applications/Xcode.app/Contents/Developer/Platforms/MacOSX.platform/Developer/SDKs/MacOSX26.1.sdk/System/Library/Frameworks/Security.framework/Headers/oidscrl.h
/Applications/Xcode.app/Contents/Developer/Platforms/MacOSX.platform/Developer/SDKs/MacOSX26.1.sdk/System/Library/Frameworks/Security.framework/Headers/SecACL.h
/Applications/Xcode.app/Contents/Developer/Platforms/MacOSX.platform/Developer/SDKs/MacOSX26.1.sdk/System/Library/Frameworks/Security.framework/Headers/SecCertificateOIDs.h
/Applications/Xcode.app/Contents/Developer/Platforms/MacOSX.platform/Developer/SDKs/MacOSX26.1.sdk/System/Library/Frameworks/Security.framework/Headers/SecIdentitySearch.h
/Applications/Xcode.app/Contents/Developer/Platforms/MacOSX.platform/Developer/SDKs/MacOSX26.1.sdk/System/Library/Frameworks/Security.framework/Headers/SecKeychainItem.h
/Applications/Xcode.app/Contents/Developer/Platforms/MacOSX.platform/Developer/SDKs/MacOSX26.1.sdk/System/Library/Frameworks/Security.framework/Headers/SecKeychainSearch.h
/Applications/Xcode.app/Contents/Developer/Platforms/MacOSX.platform/Developer/SDKs/MacOSX26.1.sdk/System/Library/Frameworks/Security.framework/Headers/SecPolicySearch.h
/Applications/Xcode.app/Contents/Developer/Platforms/MacOSX.platform/Developer/SDKs/MacOSX26.1.sdk/System/Library/Frameworks/Security.framework/Headers/SecTrustedApplication.h
/Applications/Xcode.app/Contents/Developer/Platforms/MacOSX.platform/Developer/SDKs/MacOSX26.1.sdk/System/Library/Frameworks/Security.framework/Headers/SecTrustSettings.h
/Applications/Xcode.app/Contents/Developer/Platforms/MacOSX.platform/Developer/SDKs/MacOSX26.1.sdk/System/Library/Frameworks/Security.framework/Headers/SecStaticCode.h
/Applications/Xcode.app/Contents/Developer/Platforms/MacOSX.platform/Developer/SDKs/MacOSX26.1.sdk/System/Library/Frameworks/Security.framework/Headers/CSCommon.h
/Applications/Xcode.app/Contents/Developer/Platforms/MacOSX.platform/Developer/SDKs/MacOSX26.1.sdk/System/Library/Frameworks/Security.framework/Headers/SecCode.h
/Applications/Xcode.app/Contents/Developer/Platforms/MacOSX.platform/Developer/SDKs/MacOSX26.1.sdk/System/Library/Frameworks/Security.framework/Headers/SecCodeHost.h
/Applications/Xcode.app/Contents/Developer/Platforms/MacOSX.platform/Developer/SDKs/MacOSX26.1.sdk/System/Library/Frameworks/Security.framework/Headers/SecRequirement.h
/Applications/Xcode.app/Contents/Developer/Platforms/MacOSX.platform/Developer/SDKs/MacOSX26.1.sdk/System/Library/Frameworks/Security.framework/Headers/SecTask.h
/Applications/Xcode.app/Contents/Developer/Platforms/MacOSX.platform/Developer/SDKs/MacOSX26.1.sdk/System/Library/Frameworks/Security.framework/Headers/AuthorizationTags.h
/Applications/Xcode.app/Contents/Developer/Platforms/MacOSX.platform/Developer/SDKs/MacOSX26.1.sdk/System/Library/Frameworks/Security.framework/Headers/AuthorizationDB.h
/Applications/Xcode.app/Contents/Developer/Platforms/MacOSX.platform/Developer/SDKs/MacOSX26.1.sdk/System/Library/Frameworks/Security.framework/Headers/CMSDecoder.h
/Applications/Xcode.app/Contents/Developer/Platforms/MacOSX.platform/Developer/SDKs/MacOSX26.1.sdk/System/Library/Frameworks/Security.framework/Headers/CMSEncoder.h
/Applications/Xcode.app/Contents/Developer/Platforms/MacOSX.platform/Developer/SDKs/MacOSX26.1.sdk/System/Library/Frameworks/Security.framework/Headers/SecureTransport.h
/Applications/Xcode.app/Contents/Developer/Platforms/MacOSX.platform/Developer/SDKs/MacOSX26.1.sdk/System/Library/Frameworks/Security.framework/Headers/SecTransform.h
/Applications/Xcode.app/Contents/Developer/Platforms/MacOSX.platform/Developer/SDKs/MacOSX26.1.sdk/System/Library/Frameworks/Security.framework/Headers/SecCustomTransform.h
/Applications/Xcode.app/Contents/Developer/Platforms/MacOSX.platform/Developer/SDKs/MacOSX26.1.sdk/System/Library/Frameworks/Security.framework/Headers/SecDecodeTransform.h
/Applications/Xcode.app/Contents/Developer/Platforms/MacOSX.platform/Developer/SDKs/MacOSX26.1.sdk/System/Library/Frameworks/Security.framework/Headers/SecEncodeTransform.h
/Applications/Xcode.app/Contents/Developer/Platforms/MacOSX.platform/Developer/SDKs/MacOSX26.1.sdk/System/Library/Frameworks/Security.framework/Headers/SecDigestTransform.h
/Applications/Xcode.app/Contents/Developer/Platforms/MacOSX.platform/Developer/SDKs/MacOSX26.1.sdk/System/Library/Frameworks/Security.framework/Headers/SecEncryptTransform.h
/Applications/Xcode.app/Contents/Developer/Platforms/MacOSX.platform/Developer/SDKs/MacOSX26.1.sdk/System/Library/Frameworks/Security.framework/Headers/SecSignVerifyTransform.h
/Applications/Xcode.app/Contents/Developer/Platforms/MacOSX.platform/Developer/SDKs/MacOSX26.1.sdk/System/Library/Frameworks/Security.framework/Headers/SecReadTransform.h
/Applications/Xcode.app/Contents/Developer/Platforms/MacOSX.platform/Developer/SDKs/MacOSX26.1.sdk/System/Library/Frameworks/Security.framework/Headers/SecTransformReadTransform.h
/Applications/Xcode.app/Contents/Developer/Platforms/MacOSX.platform/Developer/SDKs/MacOSX26.1.sdk/System/Library/Frameworks/Security.framework/Headers/oids.h
/Applications/Xcode.app/Contents/Developer/Platforms/MacOSX.platform/Developer/SDKs/MacOSX26.1.sdk/usr/include/libDER/module.modulemap
/Applications/Xcode.app/Contents/Developer/Platforms/MacOSX.platform/Developer/SDKs/MacOSX26.1.sdk/usr/include/string.h
/Applications/Xcode.app/Contents/Developer/Platforms/MacOSX.platform/Developer/SDKs/MacOSX26.1.sdk/System/Library/Frameworks/Security.framework/Headers/AuthorizationPlugin.h
/Applications/Xcode.app/Contents/Developer/Platforms/MacOSX.platform/Developer/SDKs/MacOSX26.1.sdk/System/Library/Frameworks/Security.framework/Headers/CodeSigning.h
/Applications/Xcode.app/Contents/Developer/Platforms/MacOSX.platform/Developer/SDKs/MacOSX26.1.sdk/System/Library/Frameworks/Security.framework/Headers/eisl.h
/Applications/Xcode.app/Contents/Developer/Platforms/MacOSX.platform/Developer/SDKs/MacOSX26.1.sdk/System/Library/Frameworks/Security.framework/Headers/SecAsn1Coder.h
/Applications/Xcode.app/Contents/Developer/Platforms/MacOSX.platform/Developer/SDKs/MacOSX26.1.sdk/System/Library/Frameworks/Security.framework/Headers/SecAsn1Templates.h
/Applications/Xcode.app/Contents/Developer/Platforms/MacOSX.platform/Developer/SDKs/MacOSX26.1.sdk/System/Library/Frameworks/Security.framework/Headers/SecureDownload.h
/Applications/Xcode.app/Contents/Developer/Platforms/MacOSX.platform/Developer/SDKs/MacOSX26.1.sdk/SDKSettings.json
/Applications/Xcode.app/Contents/Developer/Toolchains/XcodeDefault.xctoolchain/usr/lib/swift/macosx/prebuilt-modules/26.1/Spatial.swiftmodule/arm64e-apple-macos.swiftmodule
/Applications/Xcode.app/Contents/Developer/Platforms/MacOSX.platform/Developer/SDKs/MacOSX26.1.sdk/usr/include/Spatial/module.modulemap
/Applications/Xcode.app/Contents/Developer/Platforms/MacOSX.platform/Developer/SDKs/MacOSX26.1.sdk/usr/include/Spatial/Spatial.h
/Applications/Xcode.app/Contents/Developer/Platforms/MacOSX.platform/Developer/SDKs/MacOSX26.1.sdk/usr/include/Spatial/Base.h
/Applications/Xcode.app/Contents/Developer/Platforms/MacOSX.platform/Developer/SDKs/MacOSX26.1.sdk/usr/include/Spatial/Structures.h
/Applications/Xcode.app/Contents/Developer/Platforms/MacOSX.platform/Developer/SDKs/MacOSX26.1.sdk/usr/include/simd/module.modulemap
/Applications/Xcode.app/Contents/Developer/Toolchains/XcodeDefault.xctoolchain/usr/lib/swift/clang/include/module.modulemap
/Applications/Xcode.app/Contents/Developer/Platforms/MacOSX.platform/Developer/SDKs/MacOSX26.1.sdk/usr/include/Spatial/StructuresFloat.h
/Applications/Xcode.app/Contents/Developer/Platforms/MacOSX.platform/Developer/SDKs/MacOSX26.1.sdk/usr/include/Spatial/StucturesPackedFloat.h
/Applications/Xcode.app/Contents/Developer/Platforms/MacOSX.platform/Developer/SDKs/MacOSX26.1.sdk/usr/include/Spatial/StructuresPackedDouble.h
/Applications/Xcode.app/Contents/Developer/Platforms/MacOSX.platform/Developer/SDKs/MacOSX26.1.sdk/usr/include/Spatial/SPAngle.h
/Applications/Xcode.app/Contents/Developer/Platforms/MacOSX.platform/Developer/SDKs/MacOSX26.1.sdk/usr/include/DarwinFoundation1.modulemap
/Applications/Xcode.app/Contents/Developer/Platforms/MacOSX.platform/Developer/SDKs/MacOSX26.1.sdk/usr/include/Spatial/SPAngleFloat.h
/Applications/Xcode.app/Contents/Developer/Platforms/MacOSX.platform/Developer/SDKs/MacOSX26.1.sdk/usr/include/Spatial/SPRotationAxis3D.h
/Applications/Xcode.app/Contents/Developer/Platforms/MacOSX.platform/Developer/SDKs/MacOSX26.1.sdk/usr/include/Spatial/SPRotationAxis3DFloat.h
/Applications/Xcode.app/Contents/Developer/Platforms/MacOSX.platform/Developer/SDKs/MacOSX26.1.sdk/usr/include/Spatial/SpatialEnumerations.h
/Applications/Xcode.app/Contents/Developer/Platforms/MacOSX.platform/Developer/SDKs/MacOSX26.1.sdk/usr/include/Spatial/SPRotation3D.h
/Applications/Xcode.app/Contents/Developer/Platforms/MacOSX.platform/Developer/SDKs/MacOSX26.1.sdk/usr/include/Spatial/SPRotation3DFloat.h
/Applications/Xcode.app/Contents/Developer/Platforms/MacOSX.platform/Developer/SDKs/MacOSX26.1.sdk/usr/include/Spatial/SPAffineTransform3D.h
/Applications/Xcode.app/Contents/Developer/Platforms/MacOSX.platform/Developer/SDKs/MacOSX26.1.sdk/usr/include/Spatial/SPAffineTransform3DFloat.h
/Applications/Xcode.app/Contents/Developer/Platforms/MacOSX.platform/Developer/SDKs/MacOSX26.1.sdk/usr/include/Spatial/SPProjectiveTransform3D.h
/Applications/Xcode.app/Contents/Developer/Platforms/MacOSX.platform/Developer/SDKs/MacOSX26.1.sdk/usr/include/Spatial/SPProjectiveTransform3DFloat.h
/Applications/Xcode.app/Contents/Developer/Platforms/MacOSX.platform/Developer/SDKs/MacOSX26.1.sdk/usr/include/Spatial/SPPoint3D.h
/Applications/Xcode.app/Contents/Developer/Platforms/MacOSX.platform/Developer/SDKs/MacOSX26.1.sdk/usr/include/Spatial/SPPoint3DFloat.h
/Applications/Xcode.app/Contents/Developer/Platforms/MacOSX.platform/Developer/SDKs/MacOSX26.1.sdk/usr/include/Spatial/SPVector3D.h
/Applications/Xcode.app/Contents/Developer/Platforms/MacOSX.platform/Developer/SDKs/MacOSX26.1.sdk/usr/include/Spatial/SPVector3DFloat.h
/Applications/Xcode.app/Contents/Developer/Platforms/MacOSX.platform/Developer/SDKs/MacOSX26.1.sdk/usr/include/Spatial/SPRect3D.h
/Applications/Xcode.app/Contents/Developer/Platforms/MacOSX.platform/Developer/SDKs/MacOSX26.1.sdk/usr/include/Spatial/SPRect3DFloat.h
/Applications/Xcode.app/Contents/Developer/Platforms/MacOSX.platform/Developer/SDKs/MacOSX26.1.sdk/usr/include/Spatial/SPRay3D.h
/Applications/Xcode.app/Contents/Developer/Platforms/MacOSX.platform/Developer/SDKs/MacOSX26.1.sdk/usr/include/Spatial/SPRay3DFloat.h
/Applications/Xcode.app/Contents/Developer/Platforms/MacOSX.platform/Developer/SDKs/MacOSX26.1.sdk/usr/include/Spatial/SPSize3D.h
/Applications/Xcode.app/Contents/Developer/Platforms/MacOSX.platform/Developer/SDKs/MacOSX26.1.sdk/usr/include/Spatial/SPSize3DFloat.h
/Applications/Xcode.app/Contents/Developer/Platforms/MacOSX.platform/Developer/SDKs/MacOSX26.1.sdk/usr/include/Spatial/SPPose3D.h
/Applications/Xcode.app/Contents/Developer/Platforms/MacOSX.platform/Developer/SDKs/MacOSX26.1.sdk/usr/include/Spatial/SPPose3DFloat.h
/Applications/Xcode.app/Contents/Developer/Platforms/MacOSX.platform/Developer/SDKs/MacOSX26.1.sdk/usr/include/Spatial/SPScaledPose3D.h
/Applications/Xcode.app/Contents/Developer/Platforms/MacOSX.platform/Developer/SDKs/MacOSX26.1.sdk/usr/include/Spatial/SPScaledPose3DFloat.h
/Applications/Xcode.app/Contents/Developer/Platforms/MacOSX.platform/Developer/SDKs/MacOSX26.1.sdk/usr/include/Spatial/SPSphericalCoordinates3D.h
/Applications/Xcode.app/Contents/Developer/Platforms/MacOSX.platform/Developer/SDKs/MacOSX26.1.sdk/usr/include/Spatial/SPSphericalCoordinates3DFloat.h
/Applications/Xcode.app/Contents/Developer/Platforms/MacOSX.platform/Developer/SDKs/MacOSX26.1.sdk/usr/include/Spatial/SpatialTypeConversion.h
/Applications/Xcode.app/Contents/Developer/Platforms/MacOSX.platform/Developer/SDKs/MacOSX26.1.sdk/SDKSettings.json
/Applications/Xcode.app/Contents/Developer/Toolchains/XcodeDefault.xctoolchain/usr/lib/swift/macosx/prebuilt-modules/26.1/Swift.swiftmodule/arm64e-apple-macos.swiftmodule
/Users/rogerlin/Library/Developer/Xcode/DerivedData/FinancialCalculatorKit-ackorybalcxbfocbkqsfdzcfkgmn/Build/Products/Debug/SwiftDrawDOM.swiftmodule/arm64-apple-macos.swiftmodule
/Applications/Xcode.app/Contents/Developer/Toolchains/XcodeDefault.xctoolchain/usr/lib/swift/macosx/prebuilt-modules/26.1/SwiftOnoneSupport.swiftmodule/arm64e-apple-macos.swiftmodule
/Applications/Xcode.app/Contents/Developer/Platforms/MacOSX.platform/Developer/SDKs/MacOSX26.1.sdk/usr/lib/swift/shims/module.modulemap
/Applications/Xcode.app/Contents/Developer/Platforms/MacOSX.platform/Developer/SDKs/MacOSX26.1.sdk/usr/lib/swift/shims/AssertionReporting.h
/Applications/Xcode.app/Contents/Developer/Platforms/MacOSX.platform/Developer/SDKs/MacOSX26.1.sdk/usr/lib/swift/shims/SwiftStdint.h
/Applications/Xcode.app/Contents/Developer/Platforms/MacOSX.platform/Developer/SDKs/MacOSX26.1.sdk/usr/lib/swift/shims/Visibility.h
/Applications/Xcode.app/Contents/Developer/Platforms/MacOSX.platform/Developer/SDKs/MacOSX26.1.sdk/usr/lib/swift/shims/CoreFoundationShims.h
/Applications/Xcode.app/Contents/Developer/Platforms/MacOSX.platform/Developer/SDKs/MacOSX26.1.sdk/usr/lib/swift/shims/ObjCShims.h
/Applications/Xcode.app/Contents/Developer/Platforms/MacOSX.platform/Developer/SDKs/MacOSX26.1.sdk/usr/lib/swift/shims/EmbeddedShims.h
/Applications/Xcode.app/Contents/Developer/Platforms/MacOSX.platform/Developer/SDKs/MacOSX26.1.sdk/usr/lib/swift/shims/SwiftStddef.h
/Applications/Xcode.app/Contents/Developer/Platforms/MacOSX.platform/Developer/SDKs/MacOSX26.1.sdk/usr/lib/swift/shims/FoundationShims.h
/Applications/Xcode.app/Contents/Developer/Platforms/MacOSX.platform/Developer/SDKs/MacOSX26.1.sdk/usr/lib/swift/shims/GlobalObjects.h
/Applications/Xcode.app/Contents/Developer/Platforms/MacOSX.platform/Developer/SDKs/MacOSX26.1.sdk/usr/lib/swift/shims/SwiftStdbool.h
/Applications/Xcode.app/Contents/Developer/Platforms/MacOSX.platform/Developer/SDKs/MacOSX26.1.sdk/usr/lib/swift/shims/HeapObject.h
/Applications/Xcode.app/Contents/Developer/Platforms/MacOSX.platform/Developer/SDKs/MacOSX26.1.sdk/usr/lib/swift/shims/RefCount.h
/Applications/Xcode.app/Contents/Developer/Platforms/MacOSX.platform/Developer/SDKs/MacOSX26.1.sdk/usr/lib/swift/shims/System.h
/Applications/Xcode.app/Contents/Developer/Platforms/MacOSX.platform/Developer/SDKs/MacOSX26.1.sdk/usr/lib/swift/shims/Target.h
/Applications/Xcode.app/Contents/Developer/Platforms/MacOSX.platform/Developer/SDKs/MacOSX26.1.sdk/usr/lib/swift/shims/KeyPath.h
/Applications/Xcode.app/Contents/Developer/Platforms/MacOSX.platform/Developer/SDKs/MacOSX26.1.sdk/usr/lib/swift/shims/LibcShims.h
/Applications/Xcode.app/Contents/Developer/Platforms/MacOSX.platform/Developer/SDKs/MacOSX26.1.sdk/usr/lib/swift/shims/MetadataSections.h
/Applications/Xcode.app/Contents/Developer/Platforms/MacOSX.platform/Developer/SDKs/MacOSX26.1.sdk/usr/lib/swift/shims/Random.h
/Applications/Xcode.app/Contents/Developer/Platforms/MacOSX.platform/Developer/SDKs/MacOSX26.1.sdk/usr/lib/swift/shims/Reflection.h
/Applications/Xcode.app/Contents/Developer/Platforms/MacOSX.platform/Developer/SDKs/MacOSX26.1.sdk/usr/lib/swift/shims/RuntimeShims.h
/Applications/Xcode.app/Contents/Developer/Platforms/MacOSX.platform/Developer/SDKs/MacOSX26.1.sdk/usr/lib/swift/shims/RuntimeStubs.h
/Applications/Xcode.app/Contents/Developer/Platforms/MacOSX.platform/Developer/SDKs/MacOSX26.1.sdk/usr/lib/swift/shims/ThreadLocalStorage.h
/Applications/Xcode.app/Contents/Developer/Platforms/MacOSX.platform/Developer/SDKs/MacOSX26.1.sdk/usr/lib/swift/shims/UnicodeData.h
/Applications/Xcode.app/Contents/Developer/Platforms/MacOSX.platform/Developer/SDKs/MacOSX26.1.sdk/SDKSettings.json
/Applications/Xcode.app/Contents/Developer/Platforms/MacOSX.platform/Developer/SDKs/MacOSX26.1.sdk/System/Library/Frameworks/SwiftUI.framework/Modules/module.modulemap
/Applications/Xcode.app/Contents/Developer/Platforms/MacOSX.platform/Developer/SDKs/MacOSX26.1.sdk/System/Library/Frameworks/SwiftUI.framework/Headers/SwiftUI.h
/Applications/Xcode.app/Contents/Developer/Platforms/MacOSX.platform/Developer/SDKs/MacOSX26.1.sdk/usr/include/DarwinFoundation1.modulemap
/Applications/Xcode.app/Contents/Developer/Platforms/MacOSX.platform/Developer/SDKs/MacOSX26.1.sdk/System/Library/Frameworks/AppKit.framework/Modules/module.modulemap
/Applications/Xcode.app/Contents/Developer/Platforms/MacOSX.platform/Developer/SDKs/MacOSX26.1.sdk/SDKSettings.json
/Applications/Xcode.app/Contents/Developer/Toolchains/XcodeDefault.xctoolchain/usr/lib/swift/macosx/prebuilt-modules/26.1/SwiftUI.swiftmodule/arm64e-apple-macos.swiftmodule
/Applications/Xcode.app/Contents/Developer/Toolchains/XcodeDefault.xctoolchain/usr/lib/swift/macosx/prebuilt-modules/26.1/SwiftUICore.swiftmodule/arm64e-apple-macos.swiftmodule
/Applications/Xcode.app/Contents/Developer/Platforms/MacOSX.platform/Developer/SDKs/MacOSX26.1.sdk/System/Library/Frameworks/SwiftUICore.framework/Modules/module.modulemap
/Applications/Xcode.app/Contents/Developer/Platforms/MacOSX.platform/Developer/SDKs/MacOSX26.1.sdk/System/Library/Frameworks/SwiftUICore.framework/Headers/SwiftUICore.h
/Applications/Xcode.app/Contents/Developer/Platforms/MacOSX.platform/Developer/SDKs/MacOSX26.1.sdk/usr/include/DarwinFoundation1.modulemap
/Applications/Xcode.app/Contents/Developer/Platforms/MacOSX.platform/Developer/SDKs/MacOSX26.1.sdk/System/Library/Frameworks/Foundation.framework/Modules/module.modulemap
/Applications/Xcode.app/Contents/Developer/Platforms/MacOSX.platform/Developer/SDKs/MacOSX26.1.sdk/System/Library/Frameworks/CoreGraphics.framework/Modules/module.modulemap
/Applications/Xcode.app/Contents/Developer/Platforms/MacOSX.platform/Developer/SDKs/MacOSX26.1.sdk/System/Library/Frameworks/CoreText.framework/Modules/module.modulemap
/Applications/Xcode.app/Contents/Developer/Platforms/MacOSX.platform/Developer/SDKs/MacOSX26.1.sdk/System/Library/Frameworks/QuartzCore.framework/Modules/module.modulemap
/Applications/Xcode.app/Contents/Developer/Platforms/MacOSX.platform/Developer/SDKs/MacOSX26.1.sdk/SDKSettings.json
/Applications/Xcode.app/Contents/Developer/Platforms/MacOSX.platform/Developer/SDKs/MacOSX26.1.sdk/System/Library/Frameworks/Symbols.framework/Modules/module.modulemap
/Applications/Xcode.app/Contents/Developer/Platforms/MacOSX.platform/Developer/SDKs/MacOSX26.1.sdk/System/Library/Frameworks/Symbols.framework/Headers/Symbols.h
/Applications/Xcode.app/Contents/Developer/Platforms/MacOSX.platform/Developer/SDKs/MacOSX26.1.sdk/System/Library/Frameworks/Foundation.framework/Modules/module.modulemap
/Applications/Xcode.app/Contents/Developer/Platforms/MacOSX.platform/Developer/SDKs/MacOSX26.1.sdk/System/Library/Frameworks/Symbols.framework/Headers/NSSymbolEffect.h
/Applications/Xcode.app/Contents/Developer/Platforms/MacOSX.platform/Developer/SDKs/MacOSX26.1.sdk/SDKSettings.json
/Applications/Xcode.app/Contents/Developer/Toolchains/XcodeDefault.xctoolchain/usr/lib/swift/macosx/prebuilt-modules/26.1/Symbols.swiftmodule/arm64e-apple-macos.swiftmodule
/Applications/Xcode.app/Contents/Developer/Toolchains/XcodeDefault.xctoolchain/usr/lib/swift/macosx/prebuilt-modules/26.1/System.swiftmodule/arm64e-apple-macos.swiftmodule
/Applications/Xcode.app/Contents/Developer/Toolchains/XcodeDefault.xctoolchain/usr/lib/swift/macosx/prebuilt-modules/26.1/UniformTypeIdentifiers.swiftmodule/arm64e-apple-macos.swiftmodule
/Applications/Xcode.app/Contents/Developer/Platforms/MacOSX.platform/Developer/SDKs/MacOSX26.1.sdk/System/Library/Frameworks/UniformTypeIdentifiers.framework/Headers/UniformTypeIdentifiers.apinotes
/Applications/Xcode.app/Contents/Developer/Platforms/MacOSX.platform/Developer/SDKs/MacOSX26.1.sdk/System/Library/Frameworks/UniformTypeIdentifiers.framework/Modules/module.modulemap
/Applications/Xcode.app/Contents/Developer/Platforms/MacOSX.platform/Developer/SDKs/MacOSX26.1.sdk/System/Library/Frameworks/UniformTypeIdentifiers.framework/Headers/UniformTypeIdentifiers.h
/Applications/Xcode.app/Contents/Developer/Platforms/MacOSX.platform/Developer/SDKs/MacOSX26.1.sdk/System/Library/Frameworks/UniformTypeIdentifiers.framework/Headers/UTDefines.h
/Applications/Xcode.app/Contents/Developer/Platforms/MacOSX.platform/Developer/SDKs/MacOSX26.1.sdk/usr/include/DarwinFoundation1.modulemap
/Applications/Xcode.app/Contents/Developer/Platforms/MacOSX.platform/Developer/SDKs/MacOSX26.1.sdk/System/Library/Frameworks/UniformTypeIdentifiers.framework/Headers/UTTagClass.h
/Applications/Xcode.app/Contents/Developer/Platforms/MacOSX.platform/Developer/SDKs/MacOSX26.1.sdk/System/Library/Frameworks/Foundation.framework/Modules/module.modulemap
/Applications/Xcode.app/Contents/Developer/Platforms/MacOSX.platform/Developer/SDKs/MacOSX26.1.sdk/System/Library/Frameworks/UniformTypeIdentifiers.framework/Headers/UTType.h
/Applications/Xcode.app/Contents/Developer/Platforms/MacOSX.platform/Developer/SDKs/MacOSX26.1.sdk/System/Library/Frameworks/UniformTypeIdentifiers.framework/Headers/UTCoreTypes.h
/Applications/Xcode.app/Contents/Developer/Platforms/MacOSX.platform/Developer/SDKs/MacOSX26.1.sdk/System/Library/Frameworks/UniformTypeIdentifiers.framework/Headers/UTAdditions.h
/Applications/Xcode.app/Contents/Developer/Platforms/MacOSX.platform/Developer/SDKs/MacOSX26.1.sdk/System/Library/Frameworks/UniformTypeIdentifiers.framework/Headers/NSItemProvider+UTType.h
/Applications/Xcode.app/Contents/Developer/Platforms/MacOSX.platform/Developer/SDKs/MacOSX26.1.sdk/SDKSettings.json
/Applications/Xcode.app/Contents/Developer/Platforms/MacOSX.platform/Developer/SDKs/MacOSX26.1.sdk/usr/include/XPC.apinotes
/Applications/Xcode.app/Contents/Developer/Platforms/MacOSX.platform/Developer/SDKs/MacOSX26.1.sdk/usr/include/launch.modulemap
/Applications/Xcode.app/Contents/Developer/Platforms/MacOSX.platform/Developer/SDKs/MacOSX26.1.sdk/usr/include/xpc.modulemap
/Applications/Xcode.app/Contents/Developer/Platforms/MacOSX.platform/Developer/SDKs/MacOSX26.1.sdk/usr/include/dispatch.modulemap
/Applications/Xcode.app/Contents/Developer/Platforms/MacOSX.platform/Developer/SDKs/MacOSX26.1.sdk/usr/include/os.modulemap
/Applications/Xcode.app/Contents/Developer/Platforms/MacOSX.platform/Developer/SDKs/MacOSX26.1.sdk/usr/include/Darwin.modulemap
/Applications/Xcode.app/Contents/Developer/Platforms/MacOSX.platform/Developer/SDKs/MacOSX26.1.sdk/usr/include/Darwin_C.modulemap
/Applications/Xcode.app/Contents/Developer/Platforms/MacOSX.platform/Developer/SDKs/MacOSX26.1.sdk/usr/include/Darwin_POSIX.modulemap
/Applications/Xcode.app/Contents/Developer/Platforms/MacOSX.platform/Developer/SDKs/MacOSX26.1.sdk/usr/include/net.modulemap
/Applications/Xcode.app/Contents/Developer/Platforms/MacOSX.platform/Developer/SDKs/MacOSX26.1.sdk/usr/include/netinet.modulemap
/Applications/Xcode.app/Contents/Developer/Platforms/MacOSX.platform/Developer/SDKs/MacOSX26.1.sdk/usr/include/bank.modulemap
/Applications/Xcode.app/Contents/Developer/Platforms/MacOSX.platform/Developer/SDKs/MacOSX26.1.sdk/usr/include/Darwin_Mach.modulemap
/Applications/Xcode.app/Contents/Developer/Platforms/MacOSX.platform/Developer/SDKs/MacOSX26.1.sdk/usr/include/Darwin_Mach_machine.modulemap
/Applications/Xcode.app/Contents/Developer/Platforms/MacOSX.platform/Developer/SDKs/MacOSX26.1.sdk/usr/include/mach_debug.modulemap
/Applications/Xcode.app/Contents/Developer/Platforms/MacOSX.platform/Developer/SDKs/MacOSX26.1.sdk/usr/include/device.modulemap
/Applications/Xcode.app/Contents/Developer/Platforms/MacOSX.platform/Developer/SDKs/MacOSX26.1.sdk/usr/include/Darwin_machine.modulemap
/Applications/Xcode.app/Contents/Developer/Platforms/MacOSX.platform/Developer/SDKs/MacOSX26.1.sdk/usr/include/ncurses.modulemap
/Applications/Xcode.app/Contents/Developer/Platforms/MacOSX.platform/Developer/SDKs/MacOSX26.1.sdk/usr/include/netinet6.modulemap
/Applications/Xcode.app/Contents/Developer/Platforms/MacOSX.platform/Developer/SDKs/MacOSX26.1.sdk/usr/include/Darwin_sys.modulemap
/Applications/Xcode.app/Contents/Developer/Platforms/MacOSX.platform/Developer/SDKs/MacOSX26.1.sdk/usr/include/uuid.modulemap
/Applications/Xcode.app/Contents/Developer/Platforms/MacOSX.platform/Developer/SDKs/MacOSX26.1.sdk/usr/include/DarwinFoundation2.modulemap
/Applications/Xcode.app/Contents/Developer/Platforms/MacOSX.platform/Developer/SDKs/MacOSX26.1.sdk/usr/include/DarwinFoundation3.modulemap
/Applications/Xcode.app/Contents/Developer/Platforms/MacOSX.platform/Developer/SDKs/MacOSX26.1.sdk/usr/include/DarwinFoundation1.modulemap
/Applications/Xcode.app/Contents/Developer/Platforms/MacOSX.platform/Developer/SDKs/MacOSX26.1.sdk/usr/include/xpc/xpc.h
/Applications/Xcode.app/Contents/Developer/Toolchains/XcodeDefault.xctoolchain/usr/lib/swift/clang/include/module.modulemap
/Applications/Xcode.app/Contents/Developer/Toolchains/XcodeDefault.xctoolchain/usr/lib/swift/clang/include/stdarg.h
/Applications/Xcode.app/Contents/Developer/Platforms/MacOSX.platform/Developer/SDKs/MacOSX26.1.sdk/usr/include/stdlib.h
/Applications/Xcode.app/Contents/Developer/Platforms/MacOSX.platform/Developer/SDKs/MacOSX26.1.sdk/usr/include/stdio.h
/Applications/Xcode.app/Contents/Developer/Platforms/MacOSX.platform/Developer/SDKs/MacOSX26.1.sdk/usr/include/string.h
/Applications/Xcode.app/Contents/Developer/Platforms/MacOSX.platform/Developer/SDKs/MacOSX26.1.sdk/usr/include/xpc/base.h
/Applications/Xcode.app/Contents/Developer/Platforms/MacOSX.platform/Developer/SDKs/MacOSX26.1.sdk/usr/include/xpc/availability.h
/Applications/Xcode.app/Contents/Developer/Platforms/MacOSX.platform/Developer/SDKs/MacOSX26.1.sdk/usr/include/xpc/endpoint.h
/Applications/Xcode.app/Contents/Developer/Platforms/MacOSX.platform/Developer/SDKs/MacOSX26.1.sdk/usr/include/xpc/debug.h
/Applications/Xcode.app/Contents/Developer/Platforms/MacOSX.platform/Developer/SDKs/MacOSX26.1.sdk/usr/include/xpc/activity.h
/Applications/Xcode.app/Contents/Developer/Platforms/MacOSX.platform/Developer/SDKs/MacOSX26.1.sdk/usr/include/xpc/peer_requirement.h
/Applications/Xcode.app/Contents/Developer/Platforms/MacOSX.platform/Developer/SDKs/MacOSX26.1.sdk/usr/include/xpc/connection.h
/Applications/Xcode.app/Contents/Developer/Platforms/MacOSX.platform/Developer/SDKs/MacOSX26.1.sdk/usr/include/xpc/rich_error.h
/Applications/Xcode.app/Contents/Developer/Platforms/MacOSX.platform/Developer/SDKs/MacOSX26.1.sdk/usr/include/xpc/session.h
/Applications/Xcode.app/Contents/Developer/Platforms/MacOSX.platform/Developer/SDKs/MacOSX26.1.sdk/usr/include/xpc/listener.h
/Applications/Xcode.app/Contents/Developer/Platforms/MacOSX.platform/Developer/SDKs/MacOSX26.1.sdk/SDKSettings.json
/Applications/Xcode.app/Contents/Developer/Toolchains/XcodeDefault.xctoolchain/usr/lib/swift/macosx/prebuilt-modules/26.1/XPC.swiftmodule/arm64e-apple-macos.swiftmodule
/Applications/Xcode.app/Contents/Developer/Platforms/MacOSX.platform/Developer/SDKs/MacOSX26.1.sdk/usr/include/DarwinFoundation1.modulemap
/Applications/Xcode.app/Contents/Developer/Platforms/MacOSX.platform/Developer/SDKs/MacOSX26.1.sdk/usr/include/AvailabilityInternal.h
/Applications/Xcode.app/Contents/Developer/Platforms/MacOSX.platform/Developer/SDKs/MacOSX26.1.sdk/usr/include/AvailabilityVersions.h
/Applications/Xcode.app/Contents/Developer/Platforms/MacOSX.platform/Developer/SDKs/MacOSX26.1.sdk/usr/include/AvailabilityInternalLegacy.h
/Applications/Xcode.app/Contents/Developer/Platforms/MacOSX.platform/Developer/SDKs/MacOSX26.1.sdk/SDKSettings.json
/Applications/Xcode.app/Contents/Developer/Toolchains/XcodeDefault.xctoolchain/usr/lib/swift/clang/include/module.modulemap
/Applications/Xcode.app/Contents/Developer/Toolchains/XcodeDefault.xctoolchain/usr/lib/swift/clang/include/float.h
/Applications/Xcode.app/Contents/Developer/Platforms/MacOSX.platform/Developer/SDKs/MacOSX26.1.sdk/SDKSettings.json
/Applications/Xcode.app/Contents/Developer/Toolchains/XcodeDefault.xctoolchain/usr/lib/swift/macosx/prebuilt-modules/26.1/_Builtin_float.swiftmodule/arm64e-apple-macos.swiftmodule
/Applications/Xcode.app/Contents/Developer/Toolchains/XcodeDefault.xctoolchain/usr/lib/swift/clang/include/module.modulemap
/Applications/Xcode.app/Contents/Developer/Toolchains/XcodeDefault.xctoolchain/usr/lib/swift/clang/include/arm_acle.h
/Applications/Xcode.app/Contents/Developer/Toolchains/XcodeDefault.xctoolchain/usr/lib/swift/clang/include/arm_neon.h
/Applications/Xcode.app/Contents/Developer/Toolchains/XcodeDefault.xctoolchain/usr/lib/swift/clang/include/arm_bf16.h
/Applications/Xcode.app/Contents/Developer/Toolchains/XcodeDefault.xctoolchain/usr/lib/swift/clang/include/arm_vector_types.h
/Applications/Xcode.app/Contents/Developer/Toolchains/XcodeDefault.xctoolchain/usr/lib/swift/clang/include/arm_fp16.h
/Applications/Xcode.app/Contents/Developer/Platforms/MacOSX.platform/Developer/SDKs/MacOSX26.1.sdk/SDKSettings.json
/Applications/Xcode.app/Contents/Developer/Toolchains/XcodeDefault.xctoolchain/usr/lib/swift/clang/include/module.modulemap
/Applications/Xcode.app/Contents/Developer/Toolchains/XcodeDefault.xctoolchain/usr/lib/swift/clang/include/inttypes.h
/Applications/Xcode.app/Contents/Developer/Platforms/MacOSX.platform/Developer/SDKs/MacOSX26.1.sdk/usr/include/DarwinFoundation3.modulemap
/Applications/Xcode.app/Contents/Developer/Platforms/MacOSX.platform/Developer/SDKs/MacOSX26.1.sdk/usr/include/inttypes.h
/Applications/Xcode.app/Contents/Developer/Platforms/MacOSX.platform/Developer/SDKs/MacOSX26.1.sdk/SDKSettings.json
/Applications/Xcode.app/Contents/Developer/Toolchains/XcodeDefault.xctoolchain/usr/lib/swift/clang/include/module.modulemap
/Applications/Xcode.app/Contents/Developer/Toolchains/XcodeDefault.xctoolchain/usr/lib/swift/clang/include/limits.h
/Applications/Xcode.app/Contents/Developer/Platforms/MacOSX.platform/Developer/SDKs/MacOSX26.1.sdk/usr/include/DarwinFoundation1.modulemap
/Applications/Xcode.app/Contents/Developer/Platforms/MacOSX.platform/Developer/SDKs/MacOSX26.1.sdk/SDKSettings.json
/Applications/Xcode.app/Contents/Developer/Toolchains/XcodeDefault.xctoolchain/usr/lib/swift/clang/include/module.modulemap
/Applications/Xcode.app/Contents/Developer/Toolchains/XcodeDefault.xctoolchain/usr/lib/swift/clang/include/__stdarg___gnuc_va_list.h
/Applications/Xcode.app/Contents/Developer/Toolchains/XcodeDefault.xctoolchain/usr/lib/swift/clang/include/__stdarg___va_copy.h
/Applications/Xcode.app/Contents/Developer/Toolchains/XcodeDefault.xctoolchain/usr/lib/swift/clang/include/__stdarg_header_macro.h
/Applications/Xcode.app/Contents/Developer/Toolchains/XcodeDefault.xctoolchain/usr/lib/swift/clang/include/__stdarg_va_arg.h
/Applications/Xcode.app/Contents/Developer/Toolchains/XcodeDefault.xctoolchain/usr/lib/swift/clang/include/__stdarg_va_copy.h
/Applications/Xcode.app/Contents/Developer/Toolchains/XcodeDefault.xctoolchain/usr/lib/swift/clang/include/__stdarg_va_list.h
/Applications/Xcode.app/Contents/Developer/Platforms/MacOSX.platform/Developer/SDKs/MacOSX26.1.sdk/SDKSettings.json
/Applications/Xcode.app/Contents/Developer/Toolchains/XcodeDefault.xctoolchain/usr/lib/swift/clang/include/module.modulemap
/Applications/Xcode.app/Contents/Developer/Toolchains/XcodeDefault.xctoolchain/usr/lib/swift/clang/include/stdatomic.h
/Applications/Xcode.app/Contents/Developer/Toolchains/XcodeDefault.xctoolchain/usr/lib/swift/clang/include/stddef.h
/Applications/Xcode.app/Contents/Developer/Platforms/MacOSX.platform/Developer/SDKs/MacOSX26.1.sdk/SDKSettings.json
/Applications/Xcode.app/Contents/Developer/Toolchains/XcodeDefault.xctoolchain/usr/lib/swift/clang/include/module.modulemap
/Applications/Xcode.app/Contents/Developer/Toolchains/XcodeDefault.xctoolchain/usr/lib/swift/clang/include/stdbool.h
/Applications/Xcode.app/Contents/Developer/Platforms/MacOSX.platform/Developer/SDKs/MacOSX26.1.sdk/SDKSettings.json
/Applications/Xcode.app/Contents/Developer/Toolchains/XcodeDefault.xctoolchain/usr/lib/swift/clang/include/module.modulemap
/Applications/Xcode.app/Contents/Developer/Toolchains/XcodeDefault.xctoolchain/usr/lib/swift/clang/include/__stddef_header_macro.h
/Applications/Xcode.app/Contents/Developer/Toolchains/XcodeDefault.xctoolchain/usr/lib/swift/clang/include/__stddef_max_align_t.h
/Applications/Xcode.app/Contents/Developer/Toolchains/XcodeDefault.xctoolchain/usr/lib/swift/clang/include/__stddef_null.h
/Applications/Xcode.app/Contents/Developer/Toolchains/XcodeDefault.xctoolchain/usr/lib/swift/clang/include/__stddef_nullptr_t.h
/Applications/Xcode.app/Contents/Developer/Toolchains/XcodeDefault.xctoolchain/usr/lib/swift/clang/include/__stddef_offsetof.h
/Applications/Xcode.app/Contents/Developer/Toolchains/XcodeDefault.xctoolchain/usr/lib/swift/clang/include/__stddef_ptrdiff_t.h
/Applications/Xcode.app/Contents/Developer/Toolchains/XcodeDefault.xctoolchain/usr/lib/swift/clang/include/__stddef_rsize_t.h
/Applications/Xcode.app/Contents/Developer/Toolchains/XcodeDefault.xctoolchain/usr/lib/swift/clang/include/__stddef_size_t.h
/Applications/Xcode.app/Contents/Developer/Toolchains/XcodeDefault.xctoolchain/usr/lib/swift/clang/include/__stddef_unreachable.h
/Applications/Xcode.app/Contents/Developer/Toolchains/XcodeDefault.xctoolchain/usr/lib/swift/clang/include/__stddef_wchar_t.h
/Applications/Xcode.app/Contents/Developer/Platforms/MacOSX.platform/Developer/SDKs/MacOSX26.1.sdk/SDKSettings.json
/Applications/Xcode.app/Contents/Developer/Toolchains/XcodeDefault.xctoolchain/usr/lib/swift/clang/include/module.modulemap
/Applications/Xcode.app/Contents/Developer/Toolchains/XcodeDefault.xctoolchain/usr/lib/swift/clang/include/stdint.h
/Applications/Xcode.app/Contents/Developer/Platforms/MacOSX.platform/Developer/SDKs/MacOSX26.1.sdk/usr/include/DarwinFoundation2.modulemap
/Applications/Xcode.app/Contents/Developer/Platforms/MacOSX.platform/Developer/SDKs/MacOSX26.1.sdk/SDKSettings.json
/Applications/Xcode.app/Contents/Developer/Toolchains/XcodeDefault.xctoolchain/usr/lib/swift/clang/include/module.modulemap
/Applications/Xcode.app/Contents/Developer/Toolchains/XcodeDefault.xctoolchain/usr/lib/swift/clang/include/tgmath.h
/Applications/Xcode.app/Contents/Developer/Platforms/MacOSX.platform/Developer/SDKs/MacOSX26.1.sdk/usr/include/DarwinFoundation2.modulemap
/Applications/Xcode.app/Contents/Developer/Platforms/MacOSX.platform/Developer/SDKs/MacOSX26.1.sdk/usr/include/DarwinFoundation1.modulemap
/Applications/Xcode.app/Contents/Developer/Platforms/MacOSX.platform/Developer/SDKs/MacOSX26.1.sdk/SDKSettings.json
/Applications/Xcode.app/Contents/Developer/Toolchains/XcodeDefault.xctoolchain/usr/lib/swift/macosx/prebuilt-modules/26.1/_Concurrency.swiftmodule/arm64e-apple-macos.swiftmodule
/Applications/Xcode.app/Contents/Developer/Platforms/MacOSX.platform/Developer/SDKs/MacOSX26.1.sdk/usr/include/DarwinFoundation1.modulemap
/Applications/Xcode.app/Contents/Developer/Platforms/MacOSX.platform/Developer/SDKs/MacOSX26.1.sdk/usr/include/sys/appleapiopts.h
/Applications/Xcode.app/Contents/Developer/Platforms/MacOSX.platform/Developer/SDKs/MacOSX26.1.sdk/usr/include/os/availability.h
/Applications/Xcode.app/Contents/Developer/Platforms/MacOSX.platform/Developer/SDKs/MacOSX26.1.sdk/usr/include/Availability.h
/Applications/Xcode.app/Contents/Developer/Platforms/MacOSX.platform/Developer/SDKs/MacOSX26.1.sdk/usr/include/AvailabilityMacros.h
/Applications/Xcode.app/Contents/Developer/Platforms/MacOSX.platform/Developer/SDKs/MacOSX26.1.sdk/usr/include/TargetConditionals.h
/Applications/Xcode.app/Contents/Developer/Platforms/MacOSX.platform/Developer/SDKs/MacOSX26.1.sdk/usr/include/_bounds.h
/Applications/Xcode.app/Contents/Developer/Platforms/MacOSX.platform/Developer/SDKs/MacOSX26.1.sdk/usr/include/sys/cdefs.h
/Applications/Xcode.app/Contents/Developer/Platforms/MacOSX.platform/Developer/SDKs/MacOSX26.1.sdk/usr/include/sys/_symbol_aliasing.h
/Applications/Xcode.app/Contents/Developer/Platforms/MacOSX.platform/Developer/SDKs/MacOSX26.1.sdk/usr/include/sys/_posix_availability.h
/Applications/Xcode.app/Contents/Developer/Toolchains/XcodeDefault.xctoolchain/usr/lib/swift/clang/include/module.modulemap
/Applications/Xcode.app/Contents/Developer/Platforms/MacOSX.platform/Developer/SDKs/MacOSX26.1.sdk/usr/include/sys/qos.h
/Applications/Xcode.app/Contents/Developer/Platforms/MacOSX.platform/Developer/SDKs/MacOSX26.1.sdk/usr/include/machine/_endian.h
/Applications/Xcode.app/Contents/Developer/Platforms/MacOSX.platform/Developer/SDKs/MacOSX26.1.sdk/usr/include/arm/_endian.h
/Applications/Xcode.app/Contents/Developer/Platforms/MacOSX.platform/Developer/SDKs/MacOSX26.1.sdk/usr/include/sys/__endian.h
/Applications/Xcode.app/Contents/Developer/Platforms/MacOSX.platform/Developer/SDKs/MacOSX26.1.sdk/usr/include/i386/_endian.h
/Applications/Xcode.app/Contents/Developer/Platforms/MacOSX.platform/Developer/SDKs/MacOSX26.1.sdk/usr/include/__xlocale.h
/Applications/Xcode.app/Contents/Developer/Platforms/MacOSX.platform/Developer/SDKs/MacOSX26.1.sdk/usr/include/_mb_cur_max.h
/Applications/Xcode.app/Contents/Developer/Platforms/MacOSX.platform/Developer/SDKs/MacOSX26.1.sdk/usr/include/_types/_locale_t.h
/Applications/Xcode.app/Contents/Developer/Platforms/MacOSX.platform/Developer/SDKs/MacOSX26.1.sdk/usr/include/sys/_types/_u_char.h
/Applications/Xcode.app/Contents/Developer/Platforms/MacOSX.platform/Developer/SDKs/MacOSX26.1.sdk/usr/include/sys/_types/_u_short.h
/Applications/Xcode.app/Contents/Developer/Platforms/MacOSX.platform/Developer/SDKs/MacOSX26.1.sdk/usr/include/sys/_types/_u_int.h
/Applications/Xcode.app/Contents/Developer/Platforms/MacOSX.platform/Developer/SDKs/MacOSX26.1.sdk/usr/include/sys/_types/_u_int8_t.h
/Applications/Xcode.app/Contents/Developer/Platforms/MacOSX.platform/Developer/SDKs/MacOSX26.1.sdk/usr/include/sys/_types/_u_int16_t.h
/Applications/Xcode.app/Contents/Developer/Platforms/MacOSX.platform/Developer/SDKs/MacOSX26.1.sdk/usr/include/sys/_types/_u_int32_t.h
/Applications/Xcode.app/Contents/Developer/Platforms/MacOSX.platform/Developer/SDKs/MacOSX26.1.sdk/usr/include/sys/_types/_u_int64_t.h
/Applications/Xcode.app/Contents/Developer/Platforms/MacOSX.platform/Developer/SDKs/MacOSX26.1.sdk/usr/include/_assert.h
/Applications/Xcode.app/Contents/Developer/Platforms/MacOSX.platform/Developer/SDKs/MacOSX26.1.sdk/usr/include/_static_assert.h
/Applications/Xcode.app/Contents/Developer/Platforms/MacOSX.platform/Developer/SDKs/MacOSX26.1.sdk/usr/include/complex.h
/Applications/Xcode.app/Contents/Developer/Platforms/MacOSX.platform/Developer/SDKs/MacOSX26.1.sdk/usr/include/errno.h
/Applications/Xcode.app/Contents/Developer/Platforms/MacOSX.platform/Developer/SDKs/MacOSX26.1.sdk/usr/include/sys/errno.h
/Applications/Xcode.app/Contents/Developer/Platforms/MacOSX.platform/Developer/SDKs/MacOSX26.1.sdk/usr/include/sys/_types/_errno_t.h
/Applications/Xcode.app/Contents/Developer/Platforms/MacOSX.platform/Developer/SDKs/MacOSX26.1.sdk/usr/include/fenv.h
/Applications/Xcode.app/Contents/Developer/Platforms/MacOSX.platform/Developer/SDKs/MacOSX26.1.sdk/usr/include/limits.h
/Applications/Xcode.app/Contents/Developer/Platforms/MacOSX.platform/Developer/SDKs/MacOSX26.1.sdk/usr/include/machine/limits.h
/Applications/Xcode.app/Contents/Developer/Platforms/MacOSX.platform/Developer/SDKs/MacOSX26.1.sdk/usr/include/arm/limits.h
/Applications/Xcode.app/Contents/Developer/Platforms/MacOSX.platform/Developer/SDKs/MacOSX26.1.sdk/usr/include/arm/_limits.h
/Applications/Xcode.app/Contents/Developer/Platforms/MacOSX.platform/Developer/SDKs/MacOSX26.1.sdk/usr/include/sys/syslimits.h
/Applications/Xcode.app/Contents/Developer/Platforms/MacOSX.platform/Developer/SDKs/MacOSX26.1.sdk/usr/include/i386/limits.h
/Applications/Xcode.app/Contents/Developer/Platforms/MacOSX.platform/Developer/SDKs/MacOSX26.1.sdk/usr/include/machine/_limits.h
/Applications/Xcode.app/Contents/Developer/Platforms/MacOSX.platform/Developer/SDKs/MacOSX26.1.sdk/usr/include/i386/_limits.h
/Applications/Xcode.app/Contents/Developer/Platforms/MacOSX.platform/Developer/SDKs/MacOSX26.1.sdk/usr/include/math.h
/Applications/Xcode.app/Contents/Developer/Platforms/MacOSX.platform/Developer/SDKs/MacOSX26.1.sdk/usr/include/setjmp.h
/Applications/Xcode.app/Contents/Developer/Platforms/MacOSX.platform/Developer/SDKs/MacOSX26.1.sdk/SDKSettings.json
/Applications/Xcode.app/Contents/Developer/Toolchains/XcodeDefault.xctoolchain/usr/lib/swift/macosx/prebuilt-modules/26.1/_DarwinFoundation1.swiftmodule/arm64e-apple-macos.swiftmodule
/Applications/Xcode.app/Contents/Developer/Platforms/MacOSX.platform/Developer/SDKs/MacOSX26.1.sdk/usr/include/_DarwinFoundation2.apinotes
/Applications/Xcode.app/Contents/Developer/Platforms/MacOSX.platform/Developer/SDKs/MacOSX26.1.sdk/usr/include/DarwinFoundation2.modulemap
/Applications/Xcode.app/Contents/Developer/Platforms/MacOSX.platform/Developer/SDKs/MacOSX26.1.sdk/usr/include/DarwinFoundation1.modulemap
/Applications/Xcode.app/Contents/Developer/Platforms/MacOSX.platform/Developer/SDKs/MacOSX26.1.sdk/usr/include/nl_types.h
/Applications/Xcode.app/Contents/Developer/Platforms/MacOSX.platform/Developer/SDKs/MacOSX26.1.sdk/usr/include/sys/types.h
/Applications/Xcode.app/Contents/Developer/Platforms/MacOSX.platform/Developer/SDKs/MacOSX26.1.sdk/usr/include/machine/types.h
/Applications/Xcode.app/Contents/Developer/Platforms/MacOSX.platform/Developer/SDKs/MacOSX26.1.sdk/usr/include/arm/types.h
/Applications/Xcode.app/Contents/Developer/Platforms/MacOSX.platform/Developer/SDKs/MacOSX26.1.sdk/usr/include/arm/_types.h
/Applications/Xcode.app/Contents/Developer/Platforms/MacOSX.platform/Developer/SDKs/MacOSX26.1.sdk/usr/include/sys/_types/_ptrdiff_t.h
/Applications/Xcode.app/Contents/Developer/Toolchains/XcodeDefault.xctoolchain/usr/lib/swift/clang/include/module.modulemap
/Applications/Xcode.app/Contents/Developer/Toolchains/XcodeDefault.xctoolchain/usr/lib/swift/clang/include/stddef.h
/Applications/Xcode.app/Contents/Developer/Platforms/MacOSX.platform/Developer/SDKs/MacOSX26.1.sdk/usr/include/sys/_types/_size_t.h
/Applications/Xcode.app/Contents/Developer/Platforms/MacOSX.platform/Developer/SDKs/MacOSX26.1.sdk/usr/include/sys/_types/_va_list.h
/Applications/Xcode.app/Contents/Developer/Toolchains/XcodeDefault.xctoolchain/usr/lib/swift/clang/include/stdarg.h
/Applications/Xcode.app/Contents/Developer/Platforms/MacOSX.platform/Developer/SDKs/MacOSX26.1.sdk/usr/include/sys/_types/_wchar_t.h
/Applications/Xcode.app/Contents/Developer/Platforms/MacOSX.platform/Developer/SDKs/MacOSX26.1.sdk/usr/include/sys/_types/_int8_t.h
/Applications/Xcode.app/Contents/Developer/Platforms/MacOSX.platform/Developer/SDKs/MacOSX26.1.sdk/usr/include/sys/_types/_int16_t.h
/Applications/Xcode.app/Contents/Developer/Platforms/MacOSX.platform/Developer/SDKs/MacOSX26.1.sdk/usr/include/sys/_types/_int32_t.h
/Applications/Xcode.app/Contents/Developer/Platforms/MacOSX.platform/Developer/SDKs/MacOSX26.1.sdk/usr/include/sys/_types/_int64_t.h
/Applications/Xcode.app/Contents/Developer/Platforms/MacOSX.platform/Developer/SDKs/MacOSX26.1.sdk/usr/include/sys/_types/_intptr_t.h
/Applications/Xcode.app/Contents/Developer/Platforms/MacOSX.platform/Developer/SDKs/MacOSX26.1.sdk/usr/include/machine/_types.h
/Applications/Xcode.app/Contents/Developer/Platforms/MacOSX.platform/Developer/SDKs/MacOSX26.1.sdk/usr/include/sys/_types/_uintptr_t.h
/Applications/Xcode.app/Contents/Developer/Platforms/MacOSX.platform/Developer/SDKs/MacOSX26.1.sdk/usr/include/sys/_types.h
/Applications/Xcode.app/Contents/Developer/Platforms/MacOSX.platform/Developer/SDKs/MacOSX26.1.sdk/usr/include/sys/_types/_null.h
/Applications/Xcode.app/Contents/Developer/Platforms/MacOSX.platform/Developer/SDKs/MacOSX26.1.sdk/usr/include/sys/_pthread/_pthread_types.h
/Applications/Xcode.app/Contents/Developer/Platforms/MacOSX.platform/Developer/SDKs/MacOSX26.1.sdk/usr/include/machine/endian.h
/Applications/Xcode.app/Contents/Developer/Platforms/MacOSX.platform/Developer/SDKs/MacOSX26.1.sdk/usr/include/arm/endian.h
/Applications/Xcode.app/Contents/Developer/Platforms/MacOSX.platform/Developer/SDKs/MacOSX26.1.sdk/usr/include/sys/_endian.h
/Applications/Xcode.app/Contents/Developer/Platforms/MacOSX.platform/Developer/SDKs/MacOSX26.1.sdk/usr/include/libkern/_OSByteOrder.h
/Applications/Xcode.app/Contents/Developer/Platforms/MacOSX.platform/Developer/SDKs/MacOSX26.1.sdk/usr/include/libkern/arm/_OSByteOrder.h
/Applications/Xcode.app/Contents/Developer/Platforms/MacOSX.platform/Developer/SDKs/MacOSX26.1.sdk/usr/include/sys/_types/_caddr_t.h
/Applications/Xcode.app/Contents/Developer/Platforms/MacOSX.platform/Developer/SDKs/MacOSX26.1.sdk/usr/include/sys/_types/_dev_t.h
/Applications/Xcode.app/Contents/Developer/Platforms/MacOSX.platform/Developer/SDKs/MacOSX26.1.sdk/usr/include/sys/_types/_blkcnt_t.h
/Applications/Xcode.app/Contents/Developer/Platforms/MacOSX.platform/Developer/SDKs/MacOSX26.1.sdk/usr/include/sys/_types/_blksize_t.h
/Applications/Xcode.app/Contents/Developer/Platforms/MacOSX.platform/Developer/SDKs/MacOSX26.1.sdk/usr/include/sys/_types/_gid_t.h
/Applications/Xcode.app/Contents/Developer/Platforms/MacOSX.platform/Developer/SDKs/MacOSX26.1.sdk/usr/include/sys/_types/_in_addr_t.h
/Applications/Xcode.app/Contents/Developer/Platforms/MacOSX.platform/Developer/SDKs/MacOSX26.1.sdk/usr/include/sys/_types/_in_port_t.h
/Applications/Xcode.app/Contents/Developer/Platforms/MacOSX.platform/Developer/SDKs/MacOSX26.1.sdk/usr/include/sys/_types/_ino_t.h
/Applications/Xcode.app/Contents/Developer/Platforms/MacOSX.platform/Developer/SDKs/MacOSX26.1.sdk/usr/include/sys/_types/_ino64_t.h
/Applications/Xcode.app/Contents/Developer/Platforms/MacOSX.platform/Developer/SDKs/MacOSX26.1.sdk/usr/include/sys/_types/_key_t.h
/Applications/Xcode.app/Contents/Developer/Platforms/MacOSX.platform/Developer/SDKs/MacOSX26.1.sdk/usr/include/sys/_types/_mode_t.h
/Applications/Xcode.app/Contents/Developer/Platforms/MacOSX.platform/Developer/SDKs/MacOSX26.1.sdk/usr/include/sys/_types/_nlink_t.h
/Applications/Xcode.app/Contents/Developer/Platforms/MacOSX.platform/Developer/SDKs/MacOSX26.1.sdk/usr/include/sys/_types/_id_t.h
/Applications/Xcode.app/Contents/Developer/Platforms/MacOSX.platform/Developer/SDKs/MacOSX26.1.sdk/usr/include/sys/_types/_pid_t.h
/Applications/Xcode.app/Contents/Developer/Platforms/MacOSX.platform/Developer/SDKs/MacOSX26.1.sdk/usr/include/sys/_types/_off_t.h
/Applications/Xcode.app/Contents/Developer/Platforms/MacOSX.platform/Developer/SDKs/MacOSX26.1.sdk/usr/include/sys/_types/_uid_t.h
/Applications/Xcode.app/Contents/Developer/Platforms/MacOSX.platform/Developer/SDKs/MacOSX26.1.sdk/usr/include/sys/_types/_clock_t.h
/Applications/Xcode.app/Contents/Developer/Platforms/MacOSX.platform/Developer/SDKs/MacOSX26.1.sdk/usr/include/sys/_types/_ssize_t.h
/Applications/Xcode.app/Contents/Developer/Platforms/MacOSX.platform/Developer/SDKs/MacOSX26.1.sdk/usr/include/sys/_types/_time_t.h
/Applications/Xcode.app/Contents/Developer/Platforms/MacOSX.platform/Developer/SDKs/MacOSX26.1.sdk/usr/include/sys/_types/_useconds_t.h
/Applications/Xcode.app/Contents/Developer/Platforms/MacOSX.platform/Developer/SDKs/MacOSX26.1.sdk/usr/include/sys/_types/_suseconds_t.h
/Applications/Xcode.app/Contents/Developer/Platforms/MacOSX.platform/Developer/SDKs/MacOSX26.1.sdk/usr/include/sys/_types/_rsize_t.h
/Applications/Xcode.app/Contents/Developer/Platforms/MacOSX.platform/Developer/SDKs/MacOSX26.1.sdk/usr/include/sys/_types/_fd_def.h
/Applications/Xcode.app/Contents/Developer/Platforms/MacOSX.platform/Developer/SDKs/MacOSX26.1.sdk/usr/include/sys/_types/_fd_setsize.h
/Applications/Xcode.app/Contents/Developer/Platforms/MacOSX.platform/Developer/SDKs/MacOSX26.1.sdk/usr/include/sys/_types/_fd_set.h
/Applications/Xcode.app/Contents/Developer/Platforms/MacOSX.platform/Developer/SDKs/MacOSX26.1.sdk/usr/include/sys/_types/_fd_clr.h
/Applications/Xcode.app/Contents/Developer/Platforms/MacOSX.platform/Developer/SDKs/MacOSX26.1.sdk/usr/include/sys/_types/_fd_zero.h
/Applications/Xcode.app/Contents/Developer/Platforms/MacOSX.platform/Developer/SDKs/MacOSX26.1.sdk/usr/include/sys/_types/_fd_isset.h
/Applications/Xcode.app/Contents/Developer/Platforms/MacOSX.platform/Developer/SDKs/MacOSX26.1.sdk/usr/include/sys/_types/_fd_copy.h
/Applications/Xcode.app/Contents/Developer/Platforms/MacOSX.platform/Developer/SDKs/MacOSX26.1.sdk/usr/include/sys/_pthread/_pthread_attr_t.h
/Applications/Xcode.app/Contents/Developer/Platforms/MacOSX.platform/Developer/SDKs/MacOSX26.1.sdk/usr/include/sys/_pthread/_pthread_cond_t.h
/Applications/Xcode.app/Contents/Developer/Platforms/MacOSX.platform/Developer/SDKs/MacOSX26.1.sdk/usr/include/sys/_pthread/_pthread_condattr_t.h
/Applications/Xcode.app/Contents/Developer/Platforms/MacOSX.platform/Developer/SDKs/MacOSX26.1.sdk/usr/include/sys/_pthread/_pthread_mutex_t.h
/Applications/Xcode.app/Contents/Developer/Platforms/MacOSX.platform/Developer/SDKs/MacOSX26.1.sdk/usr/include/sys/_pthread/_pthread_mutexattr_t.h
/Applications/Xcode.app/Contents/Developer/Platforms/MacOSX.platform/Developer/SDKs/MacOSX26.1.sdk/usr/include/sys/_pthread/_pthread_once_t.h
/Applications/Xcode.app/Contents/Developer/Platforms/MacOSX.platform/Developer/SDKs/MacOSX26.1.sdk/usr/include/sys/_pthread/_pthread_rwlock_t.h
/Applications/Xcode.app/Contents/Developer/Platforms/MacOSX.platform/Developer/SDKs/MacOSX26.1.sdk/usr/include/sys/_pthread/_pthread_rwlockattr_t.h
/Applications/Xcode.app/Contents/Developer/Platforms/MacOSX.platform/Developer/SDKs/MacOSX26.1.sdk/usr/include/sys/_pthread/_pthread_t.h
/Applications/Xcode.app/Contents/Developer/Platforms/MacOSX.platform/Developer/SDKs/MacOSX26.1.sdk/usr/include/sys/_pthread/_pthread_key_t.h
/Applications/Xcode.app/Contents/Developer/Platforms/MacOSX.platform/Developer/SDKs/MacOSX26.1.sdk/usr/include/sys/_types/_fsblkcnt_t.h
/Applications/Xcode.app/Contents/Developer/Platforms/MacOSX.platform/Developer/SDKs/MacOSX26.1.sdk/usr/include/sys/_types/_fsfilcnt_t.h
/Applications/Xcode.app/Contents/Developer/Platforms/MacOSX.platform/Developer/SDKs/MacOSX26.1.sdk/usr/include/_types.h
/Applications/Xcode.app/Contents/Developer/Platforms/MacOSX.platform/Developer/SDKs/MacOSX26.1.sdk/usr/include/_types/_nl_item.h
/Applications/Xcode.app/Contents/Developer/Platforms/MacOSX.platform/Developer/SDKs/MacOSX26.1.sdk/usr/include/runetype.h
/Applications/Xcode.app/Contents/Developer/Platforms/MacOSX.platform/Developer/SDKs/MacOSX26.1.sdk/usr/include/sys/_types/_ct_rune_t.h
/Applications/Xcode.app/Contents/Developer/Platforms/MacOSX.platform/Developer/SDKs/MacOSX26.1.sdk/usr/include/sys/_types/_rune_t.h
/Applications/Xcode.app/Contents/Developer/Platforms/MacOSX.platform/Developer/SDKs/MacOSX26.1.sdk/usr/include/sys/_types/_wint_t.h
/Applications/Xcode.app/Contents/Developer/Platforms/MacOSX.platform/Developer/SDKs/MacOSX26.1.sdk/usr/include/alloca.h
/Applications/Xcode.app/Contents/Developer/Platforms/MacOSX.platform/Developer/SDKs/MacOSX26.1.sdk/usr/include/i386/endian.h
/Applications/Xcode.app/Contents/Developer/Platforms/MacOSX.platform/Developer/SDKs/MacOSX26.1.sdk/usr/include/libkern/i386/_OSByteOrder.h
/Applications/Xcode.app/Contents/Developer/Platforms/MacOSX.platform/Developer/SDKs/MacOSX26.1.sdk/usr/include/secure/_common.h
/Applications/Xcode.app/Contents/Developer/Platforms/MacOSX.platform/Developer/SDKs/MacOSX26.1.sdk/usr/include/sys/_types/_mach_port_t.h
/Applications/Xcode.app/Contents/Developer/Platforms/MacOSX.platform/Developer/SDKs/MacOSX26.1.sdk/usr/include/sys/_types/_offsetof.h
/Applications/Xcode.app/Contents/Developer/Platforms/MacOSX.platform/Developer/SDKs/MacOSX26.1.sdk/usr/include/_strings.h
/Applications/Xcode.app/Contents/Developer/Platforms/MacOSX.platform/Developer/SDKs/MacOSX26.1.sdk/usr/include/secure/_strings.h
/Applications/Xcode.app/Contents/Developer/Platforms/MacOSX.platform/Developer/SDKs/MacOSX26.1.sdk/usr/include/sys/_types/_timeval.h
/Applications/Xcode.app/Contents/Developer/Platforms/MacOSX.platform/Developer/SDKs/MacOSX26.1.sdk/usr/include/sys/_types/_uuid_t.h
/Applications/Xcode.app/Contents/Developer/Platforms/MacOSX.platform/Developer/SDKs/MacOSX26.1.sdk/usr/include/i386/types.h
/Applications/Xcode.app/Contents/Developer/Platforms/MacOSX.platform/Developer/SDKs/MacOSX26.1.sdk/usr/include/i386/_types.h
/Applications/Xcode.app/Contents/Developer/Platforms/MacOSX.platform/Developer/SDKs/MacOSX26.1.sdk/usr/include/_ctype.h
/Applications/Xcode.app/Contents/Developer/Platforms/MacOSX.platform/Developer/SDKs/MacOSX26.1.sdk/usr/include/xlocale/_ctype.h
/Applications/Xcode.app/Contents/Developer/Platforms/MacOSX.platform/Developer/SDKs/MacOSX26.1.sdk/usr/include/locale.h
/Applications/Xcode.app/Contents/Developer/Platforms/MacOSX.platform/Developer/SDKs/MacOSX26.1.sdk/usr/include/_locale.h
/Applications/Xcode.app/Contents/Developer/Platforms/MacOSX.platform/Developer/SDKs/MacOSX26.1.sdk/usr/include/_locale_posix2008.h
/Applications/Xcode.app/Contents/Developer/Platforms/MacOSX.platform/Developer/SDKs/MacOSX26.1.sdk/usr/include/stdint.h
/Applications/Xcode.app/Contents/Developer/Platforms/MacOSX.platform/Developer/SDKs/MacOSX26.1.sdk/usr/include/_types/_uint8_t.h
/Applications/Xcode.app/Contents/Developer/Platforms/MacOSX.platform/Developer/SDKs/MacOSX26.1.sdk/usr/include/_types/_uint16_t.h
/Applications/Xcode.app/Contents/Developer/Platforms/MacOSX.platform/Developer/SDKs/MacOSX26.1.sdk/usr/include/_types/_uint32_t.h
/Applications/Xcode.app/Contents/Developer/Platforms/MacOSX.platform/Developer/SDKs/MacOSX26.1.sdk/usr/include/_types/_uint64_t.h
/Applications/Xcode.app/Contents/Developer/Platforms/MacOSX.platform/Developer/SDKs/MacOSX26.1.sdk/usr/include/_types/_intmax_t.h
/Applications/Xcode.app/Contents/Developer/Platforms/MacOSX.platform/Developer/SDKs/MacOSX26.1.sdk/usr/include/_types/_uintmax_t.h
/Applications/Xcode.app/Contents/Developer/Platforms/MacOSX.platform/Developer/SDKs/MacOSX26.1.sdk/usr/include/_stdio.h
/Applications/Xcode.app/Contents/Developer/Platforms/MacOSX.platform/Developer/SDKs/MacOSX26.1.sdk/usr/include/sys/stdio.h
/Applications/Xcode.app/Contents/Developer/Platforms/MacOSX.platform/Developer/SDKs/MacOSX26.1.sdk/usr/include/_printf.h
/Applications/Xcode.app/Contents/Developer/Platforms/MacOSX.platform/Developer/SDKs/MacOSX26.1.sdk/usr/include/sys/_types/_seek_set.h
/Applications/Xcode.app/Contents/Developer/Platforms/MacOSX.platform/Developer/SDKs/MacOSX26.1.sdk/usr/include/_ctermid.h
/Applications/Xcode.app/Contents/Developer/Platforms/MacOSX.platform/Developer/SDKs/MacOSX26.1.sdk/usr/include/secure/_stdio.h
/Applications/Xcode.app/Contents/Developer/Platforms/MacOSX.platform/Developer/SDKs/MacOSX26.1.sdk/usr/include/xlocale/_stdio.h
/Applications/Xcode.app/Contents/Developer/Platforms/MacOSX.platform/Developer/SDKs/MacOSX26.1.sdk/usr/include/_string.h
/Applications/Xcode.app/Contents/Developer/Platforms/MacOSX.platform/Developer/SDKs/MacOSX26.1.sdk/usr/include/secure/_string.h
/Applications/Xcode.app/Contents/Developer/Platforms/MacOSX.platform/Developer/SDKs/MacOSX26.1.sdk/usr/include/xlocale/_string.h
/Applications/Xcode.app/Contents/Developer/Platforms/MacOSX.platform/Developer/SDKs/MacOSX26.1.sdk/usr/include/tgmath.h
/Applications/Xcode.app/Contents/Developer/Platforms/MacOSX.platform/Developer/SDKs/MacOSX26.1.sdk/usr/include/_time.h
/Applications/Xcode.app/Contents/Developer/Platforms/MacOSX.platform/Developer/SDKs/MacOSX26.1.sdk/usr/include/sys/_types/_timespec.h
/Applications/Xcode.app/Contents/Developer/Platforms/MacOSX.platform/Developer/SDKs/MacOSX26.1.sdk/usr/include/xlocale/_time.h
/Applications/Xcode.app/Contents/Developer/Platforms/MacOSX.platform/Developer/SDKs/MacOSX26.1.sdk/SDKSettings.json
/Applications/Xcode.app/Contents/Developer/Toolchains/XcodeDefault.xctoolchain/usr/lib/swift/macosx/prebuilt-modules/26.1/_DarwinFoundation2.swiftmodule/arm64e-apple-macos.swiftmodule
/Applications/Xcode.app/Contents/Developer/Toolchains/XcodeDefault.xctoolchain/usr/lib/swift/macosx/prebuilt-modules/26.1/_DarwinFoundation3.swiftmodule/arm64e-apple-macos.swiftmodule
/Applications/Xcode.app/Contents/Developer/Platforms/MacOSX.platform/Developer/SDKs/MacOSX26.1.sdk/usr/include/DarwinFoundation2.modulemap
/Applications/Xcode.app/Contents/Developer/Platforms/MacOSX.platform/Developer/SDKs/MacOSX26.1.sdk/usr/include/DarwinFoundation3.modulemap
/Applications/Xcode.app/Contents/Developer/Platforms/MacOSX.platform/Developer/SDKs/MacOSX26.1.sdk/usr/include/DarwinFoundation1.modulemap
/Applications/Xcode.app/Contents/Developer/Platforms/MacOSX.platform/Developer/SDKs/MacOSX26.1.sdk/usr/include/pthread/pthread.h
/Applications/Xcode.app/Contents/Developer/Platforms/MacOSX.platform/Developer/SDKs/MacOSX26.1.sdk/usr/include/pthread/sched.h
/Applications/Xcode.app/Contents/Developer/Platforms/MacOSX.platform/Developer/SDKs/MacOSX26.1.sdk/usr/include/pthread/pthread_impl.h
/Applications/Xcode.app/Contents/Developer/Platforms/MacOSX.platform/Developer/SDKs/MacOSX26.1.sdk/usr/include/time.h
/Applications/Xcode.app/Contents/Developer/Platforms/MacOSX.platform/Developer/SDKs/MacOSX26.1.sdk/usr/include/pthread/qos.h
/Applications/Xcode.app/Contents/Developer/Platforms/MacOSX.platform/Developer/SDKs/MacOSX26.1.sdk/usr/include/sys/_types/_sigset_t.h
/Applications/Xcode.app/Contents/Developer/Platforms/MacOSX.platform/Developer/SDKs/MacOSX26.1.sdk/usr/include/sys/resource.h
/Applications/Xcode.app/Contents/Developer/Toolchains/XcodeDefault.xctoolchain/usr/lib/swift/clang/include/module.modulemap
/Applications/Xcode.app/Contents/Developer/Platforms/MacOSX.platform/Developer/SDKs/MacOSX26.1.sdk/usr/include/sys/select.h
/Applications/Xcode.app/Contents/Developer/Platforms/MacOSX.platform/Developer/SDKs/MacOSX26.1.sdk/usr/include/sys/_select.h
/Applications/Xcode.app/Contents/Developer/Platforms/MacOSX.platform/Developer/SDKs/MacOSX26.1.sdk/usr/include/sys/wait.h
/Applications/Xcode.app/Contents/Developer/Platforms/MacOSX.platform/Developer/SDKs/MacOSX26.1.sdk/usr/include/sys/signal.h
/Applications/Xcode.app/Contents/Developer/Platforms/MacOSX.platform/Developer/SDKs/MacOSX26.1.sdk/usr/include/machine/signal.h
/Applications/Xcode.app/Contents/Developer/Platforms/MacOSX.platform/Developer/SDKs/MacOSX26.1.sdk/usr/include/arm/signal.h
/Applications/Xcode.app/Contents/Developer/Platforms/MacOSX.platform/Developer/SDKs/MacOSX26.1.sdk/usr/include/machine/_mcontext.h
/Applications/Xcode.app/Contents/Developer/Platforms/MacOSX.platform/Developer/SDKs/MacOSX26.1.sdk/usr/include/arm/_mcontext.h
/Applications/Xcode.app/Contents/Developer/Platforms/MacOSX.platform/Developer/SDKs/MacOSX26.1.sdk/usr/include/mach/machine/_structs.h
/Applications/Xcode.app/Contents/Developer/Platforms/MacOSX.platform/Developer/SDKs/MacOSX26.1.sdk/usr/include/mach/arm/_structs.h
/Applications/Xcode.app/Contents/Developer/Platforms/MacOSX.platform/Developer/SDKs/MacOSX26.1.sdk/usr/include/sys/_types/_sigaltstack.h
/Applications/Xcode.app/Contents/Developer/Platforms/MacOSX.platform/Developer/SDKs/MacOSX26.1.sdk/usr/include/sys/_types/_ucontext.h
/Applications/Xcode.app/Contents/Developer/Platforms/MacOSX.platform/Developer/SDKs/MacOSX26.1.sdk/usr/include/unistd.h
/Applications/Xcode.app/Contents/Developer/Platforms/MacOSX.platform/Developer/SDKs/MacOSX26.1.sdk/usr/include/sys/unistd.h
/Applications/Xcode.app/Contents/Developer/Platforms/MacOSX.platform/Developer/SDKs/MacOSX26.1.sdk/usr/include/sys/_types/_posix_vdisable.h
/Applications/Xcode.app/Contents/Developer/Platforms/MacOSX.platform/Developer/SDKs/MacOSX26.1.sdk/usr/include/gethostuuid.h
/Applications/Xcode.app/Contents/Developer/Platforms/MacOSX.platform/Developer/SDKs/MacOSX26.1.sdk/usr/include/mach/i386/_structs.h
/Applications/Xcode.app/Contents/Developer/Platforms/MacOSX.platform/Developer/SDKs/MacOSX26.1.sdk/usr/include/_inttypes.h
/Applications/Xcode.app/Contents/Developer/Platforms/MacOSX.platform/Developer/SDKs/MacOSX26.1.sdk/usr/include/xlocale/_inttypes.h
/Applications/Xcode.app/Contents/Developer/Toolchains/XcodeDefault.xctoolchain/usr/lib/swift/clang/include/stddef.h
/Applications/Xcode.app/Contents/Developer/Platforms/MacOSX.platform/Developer/SDKs/MacOSX26.1.sdk/usr/include/signal.h
/Applications/Xcode.app/Contents/Developer/Platforms/MacOSX.platform/Developer/SDKs/MacOSX26.1.sdk/usr/include/i386/signal.h
/Applications/Xcode.app/Contents/Developer/Platforms/MacOSX.platform/Developer/SDKs/MacOSX26.1.sdk/usr/include/i386/_mcontext.h
/Applications/Xcode.app/Contents/Developer/Platforms/MacOSX.platform/Developer/SDKs/MacOSX26.1.sdk/usr/include/_stdlib.h
/Applications/Xcode.app/Contents/Developer/Platforms/MacOSX.platform/Developer/SDKs/MacOSX26.1.sdk/usr/include/malloc/_malloc.h
/Applications/Xcode.app/Contents/Developer/Platforms/MacOSX.platform/Developer/SDKs/MacOSX26.1.sdk/usr/include/malloc/_malloc_type.h
/Applications/Xcode.app/Contents/Developer/Platforms/MacOSX.platform/Developer/SDKs/MacOSX26.1.sdk/usr/include/malloc/_ptrcheck.h
/Applications/Xcode.app/Contents/Developer/Platforms/MacOSX.platform/Developer/SDKs/MacOSX26.1.sdk/usr/include/_abort.h
/Applications/Xcode.app/Contents/Developer/Platforms/MacOSX.platform/Developer/SDKs/MacOSX26.1.sdk/usr/include/xlocale/_stdlib.h
/Applications/Xcode.app/Contents/Developer/Platforms/MacOSX.platform/Developer/SDKs/MacOSX26.1.sdk/usr/include/_wchar.h
/Applications/Xcode.app/Contents/Developer/Platforms/MacOSX.platform/Developer/SDKs/MacOSX26.1.sdk/usr/include/sys/_types/_mbstate_t.h
/Applications/Xcode.app/Contents/Developer/Toolchains/XcodeDefault.xctoolchain/usr/lib/swift/clang/include/stdarg.h
/Applications/Xcode.app/Contents/Developer/Platforms/MacOSX.platform/Developer/SDKs/MacOSX26.1.sdk/usr/include/stdio.h
/Applications/Xcode.app/Contents/Developer/Platforms/MacOSX.platform/Developer/SDKs/MacOSX26.1.sdk/usr/include/__wctype.h
/Applications/Xcode.app/Contents/Developer/Platforms/MacOSX.platform/Developer/SDKs/MacOSX26.1.sdk/usr/include/___wctype.h
/Applications/Xcode.app/Contents/Developer/Platforms/MacOSX.platform/Developer/SDKs/MacOSX26.1.sdk/usr/include/_types/_wctype_t.h
/Applications/Xcode.app/Contents/Developer/Platforms/MacOSX.platform/Developer/SDKs/MacOSX26.1.sdk/usr/include/ctype.h
/Applications/Xcode.app/Contents/Developer/Platforms/MacOSX.platform/Developer/SDKs/MacOSX26.1.sdk/usr/include/xlocale/_wchar.h
/Applications/Xcode.app/Contents/Developer/Platforms/MacOSX.platform/Developer/SDKs/MacOSX26.1.sdk/usr/include/_wctype.h
/Applications/Xcode.app/Contents/Developer/Platforms/MacOSX.platform/Developer/SDKs/MacOSX26.1.sdk/usr/include/_types/_wctrans_t.h
/Applications/Xcode.app/Contents/Developer/Platforms/MacOSX.platform/Developer/SDKs/MacOSX26.1.sdk/usr/include/xlocale/_wctype.h
/Applications/Xcode.app/Contents/Developer/Platforms/MacOSX.platform/Developer/SDKs/MacOSX26.1.sdk/usr/include/xlocale/___wctype.h
/Applications/Xcode.app/Contents/Developer/Platforms/MacOSX.platform/Developer/SDKs/MacOSX26.1.sdk/SDKSettings.json
/Applications/Xcode.app/Contents/Developer/Toolchains/XcodeDefault.xctoolchain/usr/lib/swift/macosx/prebuilt-modules/26.1/_StringProcessing.swiftmodule/arm64e-apple-macos.swiftmodule
/Applications/Xcode.app/Contents/Developer/Platforms/MacOSX.platform/Developer/SDKs/MacOSX26.1.sdk/usr/lib/swift/shims/module.modulemap
/Applications/Xcode.app/Contents/Developer/Platforms/MacOSX.platform/Developer/SDKs/MacOSX26.1.sdk/usr/lib/swift/shims/_SwiftConcurrency.h
/Applications/Xcode.app/Contents/Developer/Platforms/MacOSX.platform/Developer/SDKs/MacOSX26.1.sdk/SDKSettings.json
/Applications/Xcode.app/Contents/Developer/Platforms/MacOSX.platform/Developer/SDKs/MacOSX26.1.sdk/usr/include/launch.modulemap
/Applications/Xcode.app/Contents/Developer/Platforms/MacOSX.platform/Developer/SDKs/MacOSX26.1.sdk/usr/include/Darwin.modulemap
/Applications/Xcode.app/Contents/Developer/Platforms/MacOSX.platform/Developer/SDKs/MacOSX26.1.sdk/usr/include/Darwin_C.modulemap
/Applications/Xcode.app/Contents/Developer/Platforms/MacOSX.platform/Developer/SDKs/MacOSX26.1.sdk/usr/include/Darwin_POSIX.modulemap
/Applications/Xcode.app/Contents/Developer/Platforms/MacOSX.platform/Developer/SDKs/MacOSX26.1.sdk/usr/include/net.modulemap
/Applications/Xcode.app/Contents/Developer/Platforms/MacOSX.platform/Developer/SDKs/MacOSX26.1.sdk/usr/include/netinet.modulemap
/Applications/Xcode.app/Contents/Developer/Platforms/MacOSX.platform/Developer/SDKs/MacOSX26.1.sdk/usr/include/bank.modulemap
/Applications/Xcode.app/Contents/Developer/Platforms/MacOSX.platform/Developer/SDKs/MacOSX26.1.sdk/usr/include/Darwin_Mach.modulemap
/Applications/Xcode.app/Contents/Developer/Platforms/MacOSX.platform/Developer/SDKs/MacOSX26.1.sdk/usr/include/Darwin_Mach_machine.modulemap
/Applications/Xcode.app/Contents/Developer/Platforms/MacOSX.platform/Developer/SDKs/MacOSX26.1.sdk/usr/include/mach_debug.modulemap
/Applications/Xcode.app/Contents/Developer/Platforms/MacOSX.platform/Developer/SDKs/MacOSX26.1.sdk/usr/include/device.modulemap
/Applications/Xcode.app/Contents/Developer/Platforms/MacOSX.platform/Developer/SDKs/MacOSX26.1.sdk/usr/include/Darwin_machine.modulemap
/Applications/Xcode.app/Contents/Developer/Platforms/MacOSX.platform/Developer/SDKs/MacOSX26.1.sdk/usr/include/ncurses.modulemap
/Applications/Xcode.app/Contents/Developer/Platforms/MacOSX.platform/Developer/SDKs/MacOSX26.1.sdk/usr/include/netinet6.modulemap
/Applications/Xcode.app/Contents/Developer/Platforms/MacOSX.platform/Developer/SDKs/MacOSX26.1.sdk/usr/include/Darwin_sys.modulemap
/Applications/Xcode.app/Contents/Developer/Platforms/MacOSX.platform/Developer/SDKs/MacOSX26.1.sdk/usr/include/uuid.modulemap
/Applications/Xcode.app/Contents/Developer/Platforms/MacOSX.platform/Developer/SDKs/MacOSX26.1.sdk/usr/include/DarwinFoundation1.modulemap
/Applications/Xcode.app/Contents/Developer/Platforms/MacOSX.platform/Developer/SDKs/MacOSX26.1.sdk/usr/include/launch.h
/Applications/Xcode.app/Contents/Developer/Toolchains/XcodeDefault.xctoolchain/usr/lib/swift/clang/include/module.modulemap
/Applications/Xcode.app/Contents/Developer/Toolchains/XcodeDefault.xctoolchain/usr/lib/swift/clang/include/stddef.h
/Applications/Xcode.app/Contents/Developer/Platforms/MacOSX.platform/Developer/SDKs/MacOSX26.1.sdk/SDKSettings.json
/Applications/Xcode.app/Contents/Developer/Platforms/MacOSX.platform/Developer/SDKs/MacOSX26.1.sdk/usr/include/libDER/module.modulemap
/Applications/Xcode.app/Contents/Developer/Platforms/MacOSX.platform/Developer/SDKs/MacOSX26.1.sdk/usr/include/libDER/DERItem.h
/Applications/Xcode.app/Contents/Developer/Platforms/MacOSX.platform/Developer/SDKs/MacOSX26.1.sdk/usr/include/libDER/libDER_config.h
/Applications/Xcode.app/Contents/Developer/Toolchains/XcodeDefault.xctoolchain/usr/lib/swift/clang/include/module.modulemap
/Applications/Xcode.app/Contents/Developer/Toolchains/XcodeDefault.xctoolchain/usr/lib/swift/clang/include/stddef.h
/Applications/Xcode.app/Contents/Developer/Platforms/MacOSX.platform/Developer/SDKs/MacOSX26.1.sdk/usr/include/DarwinFoundation2.modulemap
/Applications/Xcode.app/Contents/Developer/Platforms/MacOSX.platform/Developer/SDKs/MacOSX26.1.sdk/usr/include/DarwinFoundation1.modulemap
/Applications/Xcode.app/Contents/Developer/Platforms/MacOSX.platform/Developer/SDKs/MacOSX26.1.sdk/usr/include/string.h
/Applications/Xcode.app/Contents/Developer/Platforms/MacOSX.platform/Developer/SDKs/MacOSX26.1.sdk/SDKSettings.json
/Applications/Xcode.app/Contents/Developer/Platforms/MacOSX.platform/Developer/SDKs/MacOSX26.1.sdk/usr/include/libkern.modulemap
/Applications/Xcode.app/Contents/Developer/Platforms/MacOSX.platform/Developer/SDKs/MacOSX26.1.sdk/usr/include/Darwin.modulemap
/Applications/Xcode.app/Contents/Developer/Platforms/MacOSX.platform/Developer/SDKs/MacOSX26.1.sdk/usr/include/Darwin_C.modulemap
/Applications/Xcode.app/Contents/Developer/Platforms/MacOSX.platform/Developer/SDKs/MacOSX26.1.sdk/usr/include/Darwin_POSIX.modulemap
/Applications/Xcode.app/Contents/Developer/Platforms/MacOSX.platform/Developer/SDKs/MacOSX26.1.sdk/usr/include/net.modulemap
/Applications/Xcode.app/Contents/Developer/Platforms/MacOSX.platform/Developer/SDKs/MacOSX26.1.sdk/usr/include/netinet.modulemap
/Applications/Xcode.app/Contents/Developer/Platforms/MacOSX.platform/Developer/SDKs/MacOSX26.1.sdk/usr/include/bank.modulemap
/Applications/Xcode.app/Contents/Developer/Platforms/MacOSX.platform/Developer/SDKs/MacOSX26.1.sdk/usr/include/Darwin_Mach.modulemap
/Applications/Xcode.app/Contents/Developer/Platforms/MacOSX.platform/Developer/SDKs/MacOSX26.1.sdk/usr/include/Darwin_Mach_machine.modulemap
/Applications/Xcode.app/Contents/Developer/Platforms/MacOSX.platform/Developer/SDKs/MacOSX26.1.sdk/usr/include/mach_debug.modulemap
/Applications/Xcode.app/Contents/Developer/Platforms/MacOSX.platform/Developer/SDKs/MacOSX26.1.sdk/usr/include/device.modulemap
/Applications/Xcode.app/Contents/Developer/Platforms/MacOSX.platform/Developer/SDKs/MacOSX26.1.sdk/usr/include/Darwin_machine.modulemap
/Applications/Xcode.app/Contents/Developer/Platforms/MacOSX.platform/Developer/SDKs/MacOSX26.1.sdk/usr/include/ncurses.modulemap
/Applications/Xcode.app/Contents/Developer/Platforms/MacOSX.platform/Developer/SDKs/MacOSX26.1.sdk/usr/include/netinet6.modulemap
/Applications/Xcode.app/Contents/Developer/Platforms/MacOSX.platform/Developer/SDKs/MacOSX26.1.sdk/usr/include/Darwin_sys.modulemap
/Applications/Xcode.app/Contents/Developer/Platforms/MacOSX.platform/Developer/SDKs/MacOSX26.1.sdk/usr/include/uuid.modulemap
/Applications/Xcode.app/Contents/Developer/Platforms/MacOSX.platform/Developer/SDKs/MacOSX26.1.sdk/usr/include/DarwinFoundation1.modulemap
/Applications/Xcode.app/Contents/Developer/Platforms/MacOSX.platform/Developer/SDKs/MacOSX26.1.sdk/usr/include/libkern/OSCacheControl.h
/Applications/Xcode.app/Contents/Developer/Toolchains/XcodeDefault.xctoolchain/usr/lib/swift/clang/include/module.modulemap
/Applications/Xcode.app/Contents/Developer/Toolchains/XcodeDefault.xctoolchain/usr/lib/swift/clang/include/stddef.h
/Applications/Xcode.app/Contents/Developer/Platforms/MacOSX.platform/Developer/SDKs/MacOSX26.1.sdk/usr/include/libkern/OSDebug.h
/Applications/Xcode.app/Contents/Developer/Platforms/MacOSX.platform/Developer/SDKs/MacOSX26.1.sdk/usr/include/libkern/OSReturn.h
/Applications/Xcode.app/Contents/Developer/Platforms/MacOSX.platform/Developer/SDKs/MacOSX26.1.sdk/usr/include/libkern/OSThermalNotification.h
/Applications/Xcode.app/Contents/Developer/Platforms/MacOSX.platform/Developer/SDKs/MacOSX26.1.sdk/usr/include/libkern/OSTypes.h
/Applications/Xcode.app/Contents/Developer/Platforms/MacOSX.platform/Developer/SDKs/MacOSX26.1.sdk/usr/include/libkern/OSKextLib.h
/Applications/Xcode.app/Contents/Developer/Platforms/MacOSX.platform/Developer/SDKs/MacOSX26.1.sdk/SDKSettings.json
/Applications/Xcode.app/Contents/Developer/Platforms/MacOSX.platform/Developer/SDKs/MacOSX26.1.sdk/usr/include/os.apinotes
/Applications/Xcode.app/Contents/Developer/Platforms/MacOSX.platform/Developer/SDKs/MacOSX26.1.sdk/usr/include/xpc.modulemap
/Applications/Xcode.app/Contents/Developer/Platforms/MacOSX.platform/Developer/SDKs/MacOSX26.1.sdk/usr/include/DarwinBasic.modulemap
/Applications/Xcode.app/Contents/Developer/Platforms/MacOSX.platform/Developer/SDKs/MacOSX26.1.sdk/usr/include/os.modulemap
/Applications/Xcode.app/Contents/Developer/Platforms/MacOSX.platform/Developer/SDKs/MacOSX26.1.sdk/usr/include/Darwin.modulemap
/Applications/Xcode.app/Contents/Developer/Platforms/MacOSX.platform/Developer/SDKs/MacOSX26.1.sdk/usr/include/Darwin_C.modulemap
/Applications/Xcode.app/Contents/Developer/Platforms/MacOSX.platform/Developer/SDKs/MacOSX26.1.sdk/usr/include/Darwin_POSIX.modulemap
/Applications/Xcode.app/Contents/Developer/Platforms/MacOSX.platform/Developer/SDKs/MacOSX26.1.sdk/usr/include/net.modulemap
/Applications/Xcode.app/Contents/Developer/Platforms/MacOSX.platform/Developer/SDKs/MacOSX26.1.sdk/usr/include/netinet.modulemap
/Applications/Xcode.app/Contents/Developer/Platforms/MacOSX.platform/Developer/SDKs/MacOSX26.1.sdk/usr/include/bank.modulemap
/Applications/Xcode.app/Contents/Developer/Platforms/MacOSX.platform/Developer/SDKs/MacOSX26.1.sdk/usr/include/Darwin_Mach.modulemap
/Applications/Xcode.app/Contents/Developer/Platforms/MacOSX.platform/Developer/SDKs/MacOSX26.1.sdk/usr/include/Darwin_Mach_machine.modulemap
/Applications/Xcode.app/Contents/Developer/Platforms/MacOSX.platform/Developer/SDKs/MacOSX26.1.sdk/usr/include/mach_debug.modulemap
/Applications/Xcode.app/Contents/Developer/Platforms/MacOSX.platform/Developer/SDKs/MacOSX26.1.sdk/usr/include/device.modulemap
/Applications/Xcode.app/Contents/Developer/Platforms/MacOSX.platform/Developer/SDKs/MacOSX26.1.sdk/usr/include/Darwin_machine.modulemap
/Applications/Xcode.app/Contents/Developer/Platforms/MacOSX.platform/Developer/SDKs/MacOSX26.1.sdk/usr/include/ncurses.modulemap
/Applications/Xcode.app/Contents/Developer/Platforms/MacOSX.platform/Developer/SDKs/MacOSX26.1.sdk/usr/include/netinet6.modulemap
/Applications/Xcode.app/Contents/Developer/Platforms/MacOSX.platform/Developer/SDKs/MacOSX26.1.sdk/usr/include/Darwin_sys.modulemap
/Applications/Xcode.app/Contents/Developer/Platforms/MacOSX.platform/Developer/SDKs/MacOSX26.1.sdk/usr/include/uuid.modulemap
/Applications/Xcode.app/Contents/Developer/Platforms/MacOSX.platform/Developer/SDKs/MacOSX26.1.sdk/usr/include/DarwinFoundation2.modulemap
/Applications/Xcode.app/Contents/Developer/Platforms/MacOSX.platform/Developer/SDKs/MacOSX26.1.sdk/usr/include/DarwinFoundation3.modulemap
/Applications/Xcode.app/Contents/Developer/Platforms/MacOSX.platform/Developer/SDKs/MacOSX26.1.sdk/usr/include/DarwinFoundation1.modulemap
/Applications/Xcode.app/Contents/Developer/Platforms/MacOSX.platform/Developer/SDKs/MacOSX26.1.sdk/usr/include/os/atomic.h
/Applications/Xcode.app/Contents/Developer/Toolchains/XcodeDefault.xctoolchain/usr/lib/swift/clang/include/module.modulemap
/Applications/Xcode.app/Contents/Developer/Platforms/MacOSX.platform/Developer/SDKs/MacOSX26.1.sdk/usr/include/os/overflow.h
/Applications/Xcode.app/Contents/Developer/Platforms/MacOSX.platform/Developer/SDKs/MacOSX26.1.sdk/usr/include/os/trace_base.h
/Applications/Xcode.app/Contents/Developer/Toolchains/XcodeDefault.xctoolchain/usr/lib/swift/clang/include/stdarg.h
/Applications/Xcode.app/Contents/Developer/Platforms/MacOSX.platform/Developer/SDKs/MacOSX26.1.sdk/usr/include/os/activity.h
/Applications/Xcode.app/Contents/Developer/Platforms/MacOSX.platform/Developer/SDKs/MacOSX26.1.sdk/usr/include/os/log.h
/Applications/Xcode.app/Contents/Developer/Platforms/MacOSX.platform/Developer/SDKs/MacOSX26.1.sdk/usr/include/os/trace.h
/Applications/Xcode.app/Contents/Developer/Platforms/MacOSX.platform/Developer/SDKs/MacOSX26.1.sdk/usr/include/os/signpost.h
/Applications/Xcode.app/Contents/Developer/Platforms/MacOSX.platform/Developer/SDKs/MacOSX26.1.sdk/usr/include/_modules/_os_lock.h
/Applications/Xcode.app/Contents/Developer/Platforms/MacOSX.platform/Developer/SDKs/MacOSX26.1.sdk/usr/include/_modules/_os_object.h
/Applications/Xcode.app/Contents/Developer/Platforms/MacOSX.platform/Developer/SDKs/MacOSX26.1.sdk/usr/include/_modules/_os_workgroup.h
/Applications/Xcode.app/Contents/Developer/Platforms/MacOSX.platform/Developer/SDKs/MacOSX26.1.sdk/SDKSettings.json
/Applications/Xcode.app/Contents/Developer/Toolchains/XcodeDefault.xctoolchain/usr/lib/swift/macosx/prebuilt-modules/26.1/os.swiftmodule/arm64e-apple-macos.swiftmodule
/Applications/Xcode.app/Contents/Developer/Platforms/MacOSX.platform/Developer/SDKs/MacOSX26.1.sdk/usr/include/os.modulemap
/Applications/Xcode.app/Contents/Developer/Platforms/MacOSX.platform/Developer/SDKs/MacOSX26.1.sdk/usr/include/ObjectiveC.modulemap
/Applications/Xcode.app/Contents/Developer/Platforms/MacOSX.platform/Developer/SDKs/MacOSX26.1.sdk/usr/include/Darwin.modulemap
/Applications/Xcode.app/Contents/Developer/Platforms/MacOSX.platform/Developer/SDKs/MacOSX26.1.sdk/usr/include/Darwin_C.modulemap
/Applications/Xcode.app/Contents/Developer/Platforms/MacOSX.platform/Developer/SDKs/MacOSX26.1.sdk/usr/include/Darwin_POSIX.modulemap
/Applications/Xcode.app/Contents/Developer/Platforms/MacOSX.platform/Developer/SDKs/MacOSX26.1.sdk/usr/include/net.modulemap
/Applications/Xcode.app/Contents/Developer/Platforms/MacOSX.platform/Developer/SDKs/MacOSX26.1.sdk/usr/include/netinet.modulemap
/Applications/Xcode.app/Contents/Developer/Platforms/MacOSX.platform/Developer/SDKs/MacOSX26.1.sdk/usr/include/bank.modulemap
/Applications/Xcode.app/Contents/Developer/Platforms/MacOSX.platform/Developer/SDKs/MacOSX26.1.sdk/usr/include/Darwin_Mach.modulemap
/Applications/Xcode.app/Contents/Developer/Platforms/MacOSX.platform/Developer/SDKs/MacOSX26.1.sdk/usr/include/Darwin_Mach_machine.modulemap
/Applications/Xcode.app/Contents/Developer/Platforms/MacOSX.platform/Developer/SDKs/MacOSX26.1.sdk/usr/include/mach_debug.modulemap
/Applications/Xcode.app/Contents/Developer/Platforms/MacOSX.platform/Developer/SDKs/MacOSX26.1.sdk/usr/include/device.modulemap
/Applications/Xcode.app/Contents/Developer/Platforms/MacOSX.platform/Developer/SDKs/MacOSX26.1.sdk/usr/include/Darwin_machine.modulemap
/Applications/Xcode.app/Contents/Developer/Platforms/MacOSX.platform/Developer/SDKs/MacOSX26.1.sdk/usr/include/ncurses.modulemap
/Applications/Xcode.app/Contents/Developer/Platforms/MacOSX.platform/Developer/SDKs/MacOSX26.1.sdk/usr/include/netinet6.modulemap
/Applications/Xcode.app/Contents/Developer/Platforms/MacOSX.platform/Developer/SDKs/MacOSX26.1.sdk/usr/include/Darwin_sys.modulemap
/Applications/Xcode.app/Contents/Developer/Platforms/MacOSX.platform/Developer/SDKs/MacOSX26.1.sdk/usr/include/uuid.modulemap
/Applications/Xcode.app/Contents/Developer/Platforms/MacOSX.platform/Developer/SDKs/MacOSX26.1.sdk/usr/include/DarwinFoundation1.modulemap
/Applications/Xcode.app/Contents/Developer/Platforms/MacOSX.platform/Developer/SDKs/MacOSX26.1.sdk/usr/include/os/object.h
/Applications/Xcode.app/Contents/Developer/Platforms/MacOSX.platform/Developer/SDKs/MacOSX26.1.sdk/SDKSettings.json
/Applications/Xcode.app/Contents/Developer/Platforms/MacOSX.platform/Developer/SDKs/MacOSX26.1.sdk/usr/include/os.modulemap
/Applications/Xcode.app/Contents/Developer/Platforms/MacOSX.platform/Developer/SDKs/MacOSX26.1.sdk/usr/include/Darwin.modulemap
/Applications/Xcode.app/Contents/Developer/Platforms/MacOSX.platform/Developer/SDKs/MacOSX26.1.sdk/usr/include/Darwin_C.modulemap
/Applications/Xcode.app/Contents/Developer/Platforms/MacOSX.platform/Developer/SDKs/MacOSX26.1.sdk/usr/include/Darwin_POSIX.modulemap
/Applications/Xcode.app/Contents/Developer/Platforms/MacOSX.platform/Developer/SDKs/MacOSX26.1.sdk/usr/include/net.modulemap
/Applications/Xcode.app/Contents/Developer/Platforms/MacOSX.platform/Developer/SDKs/MacOSX26.1.sdk/usr/include/netinet.modulemap
/Applications/Xcode.app/Contents/Developer/Platforms/MacOSX.platform/Developer/SDKs/MacOSX26.1.sdk/usr/include/bank.modulemap
/Applications/Xcode.app/Contents/Developer/Platforms/MacOSX.platform/Developer/SDKs/MacOSX26.1.sdk/usr/include/Darwin_Mach.modulemap
/Applications/Xcode.app/Contents/Developer/Platforms/MacOSX.platform/Developer/SDKs/MacOSX26.1.sdk/usr/include/Darwin_Mach_machine.modulemap
/Applications/Xcode.app/Contents/Developer/Platforms/MacOSX.platform/Developer/SDKs/MacOSX26.1.sdk/usr/include/mach_debug.modulemap
/Applications/Xcode.app/Contents/Developer/Platforms/MacOSX.platform/Developer/SDKs/MacOSX26.1.sdk/usr/include/device.modulemap
/Applications/Xcode.app/Contents/Developer/Platforms/MacOSX.platform/Developer/SDKs/MacOSX26.1.sdk/usr/include/Darwin_machine.modulemap
/Applications/Xcode.app/Contents/Developer/Platforms/MacOSX.platform/Developer/SDKs/MacOSX26.1.sdk/usr/include/ncurses.modulemap
/Applications/Xcode.app/Contents/Developer/Platforms/MacOSX.platform/Developer/SDKs/MacOSX26.1.sdk/usr/include/netinet6.modulemap
/Applications/Xcode.app/Contents/Developer/Platforms/MacOSX.platform/Developer/SDKs/MacOSX26.1.sdk/usr/include/Darwin_sys.modulemap
/Applications/Xcode.app/Contents/Developer/Platforms/MacOSX.platform/Developer/SDKs/MacOSX26.1.sdk/usr/include/uuid.modulemap
/Applications/Xcode.app/Contents/Developer/Platforms/MacOSX.platform/Developer/SDKs/MacOSX26.1.sdk/usr/include/DarwinFoundation2.modulemap
/Applications/Xcode.app/Contents/Developer/Platforms/MacOSX.platform/Developer/SDKs/MacOSX26.1.sdk/usr/include/DarwinFoundation3.modulemap
/Applications/Xcode.app/Contents/Developer/Platforms/MacOSX.platform/Developer/SDKs/MacOSX26.1.sdk/usr/include/DarwinFoundation1.modulemap
/Applications/Xcode.app/Contents/Developer/Platforms/MacOSX.platform/Developer/SDKs/MacOSX26.1.sdk/usr/include/os/workgroup.h
/Applications/Xcode.app/Contents/Developer/Platforms/MacOSX.platform/Developer/SDKs/MacOSX26.1.sdk/usr/include/os/workgroup_base.h
/Applications/Xcode.app/Contents/Developer/Toolchains/XcodeDefault.xctoolchain/usr/lib/swift/clang/include/module.modulemap
/Applications/Xcode.app/Contents/Developer/Toolchains/XcodeDefault.xctoolchain/usr/lib/swift/clang/include/stddef.h
/Applications/Xcode.app/Contents/Developer/Platforms/MacOSX.platform/Developer/SDKs/MacOSX26.1.sdk/usr/include/string.h
/Applications/Xcode.app/Contents/Developer/Platforms/MacOSX.platform/Developer/SDKs/MacOSX26.1.sdk/usr/include/stdlib.h
/Applications/Xcode.app/Contents/Developer/Platforms/MacOSX.platform/Developer/SDKs/MacOSX26.1.sdk/usr/include/os/workgroup_object.h
/Applications/Xcode.app/Contents/Developer/Platforms/MacOSX.platform/Developer/SDKs/MacOSX26.1.sdk/usr/include/os/workgroup_interval.h
/Applications/Xcode.app/Contents/Developer/Platforms/MacOSX.platform/Developer/SDKs/MacOSX26.1.sdk/usr/include/os/workgroup_parallel.h
/Applications/Xcode.app/Contents/Developer/Platforms/MacOSX.platform/Developer/SDKs/MacOSX26.1.sdk/SDKSettings.json
/Applications/Xcode.app/Contents/Developer/Toolchains/XcodeDefault.xctoolchain/usr/lib/swift/clang/include/module.modulemap
/Applications/Xcode.app/Contents/Developer/Toolchains/XcodeDefault.xctoolchain/usr/lib/swift/clang/include/ptrauth.h
/Applications/Xcode.app/Contents/Developer/Platforms/MacOSX.platform/Developer/SDKs/MacOSX26.1.sdk/SDKSettings.json
/Applications/Xcode.app/Contents/Developer/Toolchains/XcodeDefault.xctoolchain/usr/lib/swift/clang/include/module.modulemap
/Applications/Xcode.app/Contents/Developer/Toolchains/XcodeDefault.xctoolchain/usr/lib/swift/clang/include/ptrcheck.h
/Applications/Xcode.app/Contents/Developer/Platforms/MacOSX.platform/Developer/SDKs/MacOSX26.1.sdk/SDKSettings.json
/Applications/Xcode.app/Contents/Developer/Platforms/MacOSX.platform/Developer/SDKs/MacOSX26.1.sdk/usr/include/simd/module.modulemap
/Applications/Xcode.app/Contents/Developer/Platforms/MacOSX.platform/Developer/SDKs/MacOSX26.1.sdk/usr/include/simd/simd.h
/Applications/Xcode.app/Contents/Developer/Platforms/MacOSX.platform/Developer/SDKs/MacOSX26.1.sdk/usr/include/simd/vector.h
/Applications/Xcode.app/Contents/Developer/Platforms/MacOSX.platform/Developer/SDKs/MacOSX26.1.sdk/usr/include/simd/vector_types.h
/Applications/Xcode.app/Contents/Developer/Platforms/MacOSX.platform/Developer/SDKs/MacOSX26.1.sdk/usr/include/simd/base.h
/Applications/Xcode.app/Contents/Developer/Platforms/MacOSX.platform/Developer/SDKs/MacOSX26.1.sdk/usr/include/DarwinFoundation1.modulemap
/Applications/Xcode.app/Contents/Developer/Toolchains/XcodeDefault.xctoolchain/usr/lib/swift/clang/include/module.modulemap
/Applications/Xcode.app/Contents/Developer/Platforms/MacOSX.platform/Developer/SDKs/MacOSX26.1.sdk/usr/include/simd/packed.h
/Applications/Xcode.app/Contents/Developer/Platforms/MacOSX.platform/Developer/SDKs/MacOSX26.1.sdk/usr/include/simd/vector_make.h
/Applications/Xcode.app/Contents/Developer/Toolchains/XcodeDefault.xctoolchain/usr/lib/swift/clang/include/stddef.h
/Applications/Xcode.app/Contents/Developer/Platforms/MacOSX.platform/Developer/SDKs/MacOSX26.1.sdk/usr/include/simd/logic.h
/Applications/Xcode.app/Contents/Developer/Platforms/MacOSX.platform/Developer/SDKs/MacOSX26.1.sdk/usr/include/simd/math.h
/Applications/Xcode.app/Contents/Developer/Platforms/MacOSX.platform/Developer/SDKs/MacOSX26.1.sdk/usr/include/simd/common.h
/Applications/Xcode.app/Contents/Developer/Platforms/MacOSX.platform/Developer/SDKs/MacOSX26.1.sdk/usr/include/simd/geometry.h
/Applications/Xcode.app/Contents/Developer/Platforms/MacOSX.platform/Developer/SDKs/MacOSX26.1.sdk/usr/include/simd/extern.h
/Applications/Xcode.app/Contents/Developer/Platforms/MacOSX.platform/Developer/SDKs/MacOSX26.1.sdk/usr/include/simd/types.h
/Applications/Xcode.app/Contents/Developer/Platforms/MacOSX.platform/Developer/SDKs/MacOSX26.1.sdk/usr/include/simd/conversion.h
/Applications/Xcode.app/Contents/Developer/Platforms/MacOSX.platform/Developer/SDKs/MacOSX26.1.sdk/usr/include/simd/matrix.h
/Applications/Xcode.app/Contents/Developer/Platforms/MacOSX.platform/Developer/SDKs/MacOSX26.1.sdk/usr/include/simd/matrix_types.h
/Applications/Xcode.app/Contents/Developer/Platforms/MacOSX.platform/Developer/SDKs/MacOSX26.1.sdk/usr/include/simd/quaternion.h
/Applications/Xcode.app/Contents/Developer/Platforms/MacOSX.platform/Developer/SDKs/MacOSX26.1.sdk/SDKSettings.json
/Applications/Xcode.app/Contents/Developer/Toolchains/XcodeDefault.xctoolchain/usr/lib/swift/macosx/prebuilt-modules/26.1/simd.swiftmodule/arm64e-apple-macos.swiftmodule
/Applications/Xcode.app/Contents/Developer/Platforms/MacOSX.platform/Developer/SDKs/MacOSX26.1.sdk/usr/include/DarwinFoundation2.modulemap
/Applications/Xcode.app/Contents/Developer/Platforms/MacOSX.platform/Developer/SDKs/MacOSX26.1.sdk/usr/include/_modules/_sys_types.h
/Applications/Xcode.app/Contents/Developer/Platforms/MacOSX.platform/Developer/SDKs/MacOSX26.1.sdk/SDKSettings.json

Copy /Users/rogerlin/Library/Developer/Xcode/DerivedData/FinancialCalculatorKit-ackorybalcxbfocbkqsfdzcfkgmn/Build/Products/Debug/BigDecimal.swiftmodule/arm64-apple-macos.swiftmodule /Users/rogerlin/Library/Developer/Xcode/DerivedData/FinancialCalculatorKit-ackorybalcxbfocbkqsfdzcfkgmn/Build/Intermediates.noindex/BigDecimal.build/Debug/BigDecimal.build/Objects-normal/arm64/BigDecimal.swiftmodule (in target 'BigDecimal' from project 'BigDecimal')
    cd /Users/rogerlin/Library/Developer/Xcode/DerivedData/FinancialCalculatorKit-ackorybalcxbfocbkqsfdzcfkgmn/SourcePackages/checkouts/BigDecimal
    builtin-copy -exclude .DS_Store -exclude CVS -exclude .svn -exclude .git -exclude .hg -resolve-src-symlinks -rename /Users/rogerlin/Library/Developer/Xcode/DerivedData/FinancialCalculatorKit-ackorybalcxbfocbkqsfdzcfkgmn/Build/Intermediates.noindex/BigDecimal.build/Debug/BigDecimal.build/Objects-normal/arm64/BigDecimal.swiftmodule /Users/rogerlin/Library/Developer/Xcode/DerivedData/FinancialCalculatorKit-ackorybalcxbfocbkqsfdzcfkgmn/Build/Products/Debug/BigDecimal.swiftmodule/arm64-apple-macos.swiftmodule

    Task input dependencies:
        /Users/rogerlin/Library/Developer/Xcode/DerivedData/FinancialCalculatorKit-ackorybalcxbfocbkqsfdzcfkgmn/Build/Intermediates.noindex/BigDecimal.build/Debug/BigDecimal.build/Objects-normal/arm64/BigDecimal.swiftmodule/

    Task output dependencies:
        /Users/rogerlin/Library/Developer/Xcode/DerivedData/FinancialCalculatorKit-ackorybalcxbfocbkqsfdzcfkgmn/Build/Products/Debug/BigDecimal.swiftmodule/arm64-apple-macos.swiftmodule

SwiftMergeGeneratedHeaders /Users/rogerlin/Library/Developer/Xcode/DerivedData/FinancialCalculatorKit-ackorybalcxbfocbkqsfdzcfkgmn/Build/Intermediates.noindex/GeneratedModuleMaps/SwiftDraw-Swift.h /Users/rogerlin/Library/Developer/Xcode/DerivedData/FinancialCalculatorKit-ackorybalcxbfocbkqsfdzcfkgmn/Build/Intermediates.noindex/SwiftDraw.build/Debug/SwiftDraw.build/Objects-normal/arm64/SwiftDraw-Swift.h (in target 'SwiftDraw' from project 'SwiftDraw')
    cd /Users/rogerlin/Library/Developer/Xcode/DerivedData/FinancialCalculatorKit-ackorybalcxbfocbkqsfdzcfkgmn/SourcePackages/checkouts/SwiftDraw
    builtin-swiftHeaderTool -arch arm64 /Users/rogerlin/Library/Developer/Xcode/DerivedData/FinancialCalculatorKit-ackorybalcxbfocbkqsfdzcfkgmn/Build/Intermediates.noindex/SwiftDraw.build/Debug/SwiftDraw.build/Objects-normal/arm64/SwiftDraw-Swift.h -o /Users/rogerlin/Library/Developer/Xcode/DerivedData/FinancialCalculatorKit-ackorybalcxbfocbkqsfdzcfkgmn/Build/Intermediates.noindex/GeneratedModuleMaps/SwiftDraw-Swift.h

    Task input dependencies:
        /Users/rogerlin/Library/Developer/Xcode/DerivedData/FinancialCalculatorKit-ackorybalcxbfocbkqsfdzcfkgmn/Build/Intermediates.noindex/SwiftDraw.build/Debug/SwiftDraw.build/Objects-normal/arm64/SwiftDraw-Swift.h

    Task output dependencies:
        /Users/rogerlin/Library/Developer/Xcode/DerivedData/FinancialCalculatorKit-ackorybalcxbfocbkqsfdzcfkgmn/Build/Intermediates.noindex/GeneratedModuleMaps/SwiftDraw-Swift.h

Copy /Users/rogerlin/Library/Developer/Xcode/DerivedData/FinancialCalculatorKit-ackorybalcxbfocbkqsfdzcfkgmn/Build/Products/Debug/SwiftDraw.swiftmodule/arm64-apple-macos.swiftmodule /Users/rogerlin/Library/Developer/Xcode/DerivedData/FinancialCalculatorKit-ackorybalcxbfocbkqsfdzcfkgmn/Build/Intermediates.noindex/SwiftDraw.build/Debug/SwiftDraw.build/Objects-normal/arm64/SwiftDraw.swiftmodule (in target 'SwiftDraw' from project 'SwiftDraw')
    cd /Users/rogerlin/Library/Developer/Xcode/DerivedData/FinancialCalculatorKit-ackorybalcxbfocbkqsfdzcfkgmn/SourcePackages/checkouts/SwiftDraw
    builtin-copy -exclude .DS_Store -exclude CVS -exclude .svn -exclude .git -exclude .hg -resolve-src-symlinks -rename /Users/rogerlin/Library/Developer/Xcode/DerivedData/FinancialCalculatorKit-ackorybalcxbfocbkqsfdzcfkgmn/Build/Intermediates.noindex/SwiftDraw.build/Debug/SwiftDraw.build/Objects-normal/arm64/SwiftDraw.swiftmodule /Users/rogerlin/Library/Developer/Xcode/DerivedData/FinancialCalculatorKit-ackorybalcxbfocbkqsfdzcfkgmn/Build/Products/Debug/SwiftDraw.swiftmodule/arm64-apple-macos.swiftmodule

    Task input dependencies:
        /Users/rogerlin/Library/Developer/Xcode/DerivedData/FinancialCalculatorKit-ackorybalcxbfocbkqsfdzcfkgmn/Build/Intermediates.noindex/SwiftDraw.build/Debug/SwiftDraw.build/Objects-normal/arm64/SwiftDraw.swiftmodule/

    Task output dependencies:
        /Users/rogerlin/Library/Developer/Xcode/DerivedData/FinancialCalculatorKit-ackorybalcxbfocbkqsfdzcfkgmn/Build/Products/Debug/SwiftDraw.swiftmodule/arm64-apple-macos.swiftmodule

Copy /Users/rogerlin/Library/Developer/Xcode/DerivedData/FinancialCalculatorKit-ackorybalcxbfocbkqsfdzcfkgmn/Build/Products/Debug/SwiftDraw.swiftmodule/arm64-apple-macos.swiftdoc /Users/rogerlin/Library/Developer/Xcode/DerivedData/FinancialCalculatorKit-ackorybalcxbfocbkqsfdzcfkgmn/Build/Intermediates.noindex/SwiftDraw.build/Debug/SwiftDraw.build/Objects-normal/arm64/SwiftDraw.swiftdoc (in target 'SwiftDraw' from project 'SwiftDraw')
    cd /Users/rogerlin/Library/Developer/Xcode/DerivedData/FinancialCalculatorKit-ackorybalcxbfocbkqsfdzcfkgmn/SourcePackages/checkouts/SwiftDraw
    builtin-copy -exclude .DS_Store -exclude CVS -exclude .svn -exclude .git -exclude .hg -resolve-src-symlinks -rename /Users/rogerlin/Library/Developer/Xcode/DerivedData/FinancialCalculatorKit-ackorybalcxbfocbkqsfdzcfkgmn/Build/Intermediates.noindex/SwiftDraw.build/Debug/SwiftDraw.build/Objects-normal/arm64/SwiftDraw.swiftdoc /Users/rogerlin/Library/Developer/Xcode/DerivedData/FinancialCalculatorKit-ackorybalcxbfocbkqsfdzcfkgmn/Build/Products/Debug/SwiftDraw.swiftmodule/arm64-apple-macos.swiftdoc

    Task input dependencies:
        /Users/rogerlin/Library/Developer/Xcode/DerivedData/FinancialCalculatorKit-ackorybalcxbfocbkqsfdzcfkgmn/Build/Intermediates.noindex/SwiftDraw.build/Debug/SwiftDraw.build/Objects-normal/arm64/SwiftDraw.swiftdoc/

    Task output dependencies:
        /Users/rogerlin/Library/Developer/Xcode/DerivedData/FinancialCalculatorKit-ackorybalcxbfocbkqsfdzcfkgmn/Build/Products/Debug/SwiftDraw.swiftmodule/arm64-apple-macos.swiftdoc

Copy /Users/rogerlin/Library/Developer/Xcode/DerivedData/FinancialCalculatorKit-ackorybalcxbfocbkqsfdzcfkgmn/Build/Products/Debug/SwiftDraw.swiftmodule/arm64-apple-macos.abi.json /Users/rogerlin/Library/Developer/Xcode/DerivedData/FinancialCalculatorKit-ackorybalcxbfocbkqsfdzcfkgmn/Build/Intermediates.noindex/SwiftDraw.build/Debug/SwiftDraw.build/Objects-normal/arm64/SwiftDraw.abi.json (in target 'SwiftDraw' from project 'SwiftDraw')
    cd /Users/rogerlin/Library/Developer/Xcode/DerivedData/FinancialCalculatorKit-ackorybalcxbfocbkqsfdzcfkgmn/SourcePackages/checkouts/SwiftDraw
    builtin-copy -exclude .DS_Store -exclude CVS -exclude .svn -exclude .git -exclude .hg -resolve-src-symlinks -rename /Users/rogerlin/Library/Developer/Xcode/DerivedData/FinancialCalculatorKit-ackorybalcxbfocbkqsfdzcfkgmn/Build/Intermediates.noindex/SwiftDraw.build/Debug/SwiftDraw.build/Objects-normal/arm64/SwiftDraw.abi.json /Users/rogerlin/Library/Developer/Xcode/DerivedData/FinancialCalculatorKit-ackorybalcxbfocbkqsfdzcfkgmn/Build/Products/Debug/SwiftDraw.swiftmodule/arm64-apple-macos.abi.json

    Task input dependencies:
        /Users/rogerlin/Library/Developer/Xcode/DerivedData/FinancialCalculatorKit-ackorybalcxbfocbkqsfdzcfkgmn/Build/Intermediates.noindex/SwiftDraw.build/Debug/SwiftDraw.build/Objects-normal/arm64/SwiftDraw.abi.json/

    Task output dependencies:
        /Users/rogerlin/Library/Developer/Xcode/DerivedData/FinancialCalculatorKit-ackorybalcxbfocbkqsfdzcfkgmn/Build/Products/Debug/SwiftDraw.swiftmodule/arm64-apple-macos.abi.json

Copy /Users/rogerlin/Library/Developer/Xcode/DerivedData/FinancialCalculatorKit-ackorybalcxbfocbkqsfdzcfkgmn/Build/Products/Debug/SwiftDraw.swiftmodule/Project/arm64-apple-macos.swiftsourceinfo /Users/rogerlin/Library/Developer/Xcode/DerivedData/FinancialCalculatorKit-ackorybalcxbfocbkqsfdzcfkgmn/Build/Intermediates.noindex/SwiftDraw.build/Debug/SwiftDraw.build/Objects-normal/arm64/SwiftDraw.swiftsourceinfo (in target 'SwiftDraw' from project 'SwiftDraw')
    cd /Users/rogerlin/Library/Developer/Xcode/DerivedData/FinancialCalculatorKit-ackorybalcxbfocbkqsfdzcfkgmn/SourcePackages/checkouts/SwiftDraw
    builtin-copy -exclude .DS_Store -exclude CVS -exclude .svn -exclude .git -exclude .hg -resolve-src-symlinks -rename /Users/rogerlin/Library/Developer/Xcode/DerivedData/FinancialCalculatorKit-ackorybalcxbfocbkqsfdzcfkgmn/Build/Intermediates.noindex/SwiftDraw.build/Debug/SwiftDraw.build/Objects-normal/arm64/SwiftDraw.swiftsourceinfo /Users/rogerlin/Library/Developer/Xcode/DerivedData/FinancialCalculatorKit-ackorybalcxbfocbkqsfdzcfkgmn/Build/Products/Debug/SwiftDraw.swiftmodule/Project/arm64-apple-macos.swiftsourceinfo

    Task input dependencies:
        /Users/rogerlin/Library/Developer/Xcode/DerivedData/FinancialCalculatorKit-ackorybalcxbfocbkqsfdzcfkgmn/Build/Intermediates.noindex/SwiftDraw.build/Debug/SwiftDraw.build/Objects-normal/arm64/SwiftDraw.swiftsourceinfo/

    Task output dependencies:
        /Users/rogerlin/Library/Developer/Xcode/DerivedData/FinancialCalculatorKit-ackorybalcxbfocbkqsfdzcfkgmn/Build/Products/Debug/SwiftDraw.swiftmodule/Project/arm64-apple-macos.swiftsourceinfo

Copy /Users/rogerlin/Library/Developer/Xcode/DerivedData/FinancialCalculatorKit-ackorybalcxbfocbkqsfdzcfkgmn/Build/Products/Debug/BigDecimal.swiftmodule/arm64-apple-macos.swiftdoc /Users/rogerlin/Library/Developer/Xcode/DerivedData/FinancialCalculatorKit-ackorybalcxbfocbkqsfdzcfkgmn/Build/Intermediates.noindex/BigDecimal.build/Debug/BigDecimal.build/Objects-normal/arm64/BigDecimal.swiftdoc (in target 'BigDecimal' from project 'BigDecimal')
    cd /Users/rogerlin/Library/Developer/Xcode/DerivedData/FinancialCalculatorKit-ackorybalcxbfocbkqsfdzcfkgmn/SourcePackages/checkouts/BigDecimal
    builtin-copy -exclude .DS_Store -exclude CVS -exclude .svn -exclude .git -exclude .hg -resolve-src-symlinks -rename /Users/rogerlin/Library/Developer/Xcode/DerivedData/FinancialCalculatorKit-ackorybalcxbfocbkqsfdzcfkgmn/Build/Intermediates.noindex/BigDecimal.build/Debug/BigDecimal.build/Objects-normal/arm64/BigDecimal.swiftdoc /Users/rogerlin/Library/Developer/Xcode/DerivedData/FinancialCalculatorKit-ackorybalcxbfocbkqsfdzcfkgmn/Build/Products/Debug/BigDecimal.swiftmodule/arm64-apple-macos.swiftdoc

    Task input dependencies:
        /Users/rogerlin/Library/Developer/Xcode/DerivedData/FinancialCalculatorKit-ackorybalcxbfocbkqsfdzcfkgmn/Build/Intermediates.noindex/BigDecimal.build/Debug/BigDecimal.build/Objects-normal/arm64/BigDecimal.swiftdoc/

    Task output dependencies:
        /Users/rogerlin/Library/Developer/Xcode/DerivedData/FinancialCalculatorKit-ackorybalcxbfocbkqsfdzcfkgmn/Build/Products/Debug/BigDecimal.swiftmodule/arm64-apple-macos.swiftdoc

Copy /Users/rogerlin/Library/Developer/Xcode/DerivedData/FinancialCalculatorKit-ackorybalcxbfocbkqsfdzcfkgmn/Build/Products/Debug/BigDecimal.swiftmodule/arm64-apple-macos.abi.json /Users/rogerlin/Library/Developer/Xcode/DerivedData/FinancialCalculatorKit-ackorybalcxbfocbkqsfdzcfkgmn/Build/Intermediates.noindex/BigDecimal.build/Debug/BigDecimal.build/Objects-normal/arm64/BigDecimal.abi.json (in target 'BigDecimal' from project 'BigDecimal')
    cd /Users/rogerlin/Library/Developer/Xcode/DerivedData/FinancialCalculatorKit-ackorybalcxbfocbkqsfdzcfkgmn/SourcePackages/checkouts/BigDecimal
    builtin-copy -exclude .DS_Store -exclude CVS -exclude .svn -exclude .git -exclude .hg -resolve-src-symlinks -rename /Users/rogerlin/Library/Developer/Xcode/DerivedData/FinancialCalculatorKit-ackorybalcxbfocbkqsfdzcfkgmn/Build/Intermediates.noindex/BigDecimal.build/Debug/BigDecimal.build/Objects-normal/arm64/BigDecimal.abi.json /Users/rogerlin/Library/Developer/Xcode/DerivedData/FinancialCalculatorKit-ackorybalcxbfocbkqsfdzcfkgmn/Build/Products/Debug/BigDecimal.swiftmodule/arm64-apple-macos.abi.json

    Task input dependencies:
        /Users/rogerlin/Library/Developer/Xcode/DerivedData/FinancialCalculatorKit-ackorybalcxbfocbkqsfdzcfkgmn/Build/Intermediates.noindex/BigDecimal.build/Debug/BigDecimal.build/Objects-normal/arm64/BigDecimal.abi.json/

    Task output dependencies:
        /Users/rogerlin/Library/Developer/Xcode/DerivedData/FinancialCalculatorKit-ackorybalcxbfocbkqsfdzcfkgmn/Build/Products/Debug/BigDecimal.swiftmodule/arm64-apple-macos.abi.json

Copy /Users/rogerlin/Library/Developer/Xcode/DerivedData/FinancialCalculatorKit-ackorybalcxbfocbkqsfdzcfkgmn/Build/Products/Debug/BigDecimal.swiftmodule/Project/arm64-apple-macos.swiftsourceinfo /Users/rogerlin/Library/Developer/Xcode/DerivedData/FinancialCalculatorKit-ackorybalcxbfocbkqsfdzcfkgmn/Build/Intermediates.noindex/BigDecimal.build/Debug/BigDecimal.build/Objects-normal/arm64/BigDecimal.swiftsourceinfo (in target 'BigDecimal' from project 'BigDecimal')
    cd /Users/rogerlin/Library/Developer/Xcode/DerivedData/FinancialCalculatorKit-ackorybalcxbfocbkqsfdzcfkgmn/SourcePackages/checkouts/BigDecimal
    builtin-copy -exclude .DS_Store -exclude CVS -exclude .svn -exclude .git -exclude .hg -resolve-src-symlinks -rename /Users/rogerlin/Library/Developer/Xcode/DerivedData/FinancialCalculatorKit-ackorybalcxbfocbkqsfdzcfkgmn/Build/Intermediates.noindex/BigDecimal.build/Debug/BigDecimal.build/Objects-normal/arm64/BigDecimal.swiftsourceinfo /Users/rogerlin/Library/Developer/Xcode/DerivedData/FinancialCalculatorKit-ackorybalcxbfocbkqsfdzcfkgmn/Build/Products/Debug/BigDecimal.swiftmodule/Project/arm64-apple-macos.swiftsourceinfo

    Task input dependencies:
        /Users/rogerlin/Library/Developer/Xcode/DerivedData/FinancialCalculatorKit-ackorybalcxbfocbkqsfdzcfkgmn/Build/Intermediates.noindex/BigDecimal.build/Debug/BigDecimal.build/Objects-normal/arm64/BigDecimal.swiftsourceinfo/

    Task output dependencies:
        /Users/rogerlin/Library/Developer/Xcode/DerivedData/FinancialCalculatorKit-ackorybalcxbfocbkqsfdzcfkgmn/Build/Products/Debug/BigDecimal.swiftmodule/Project/arm64-apple-macos.swiftsourceinfo

SwiftCompile normal arm64 Compiling\ LayerTree.Image.swift,\ LayerTree.Layer.swift,\ LayerTree.Path+Bounds.swift /Users/rogerlin/Library/Developer/Xcode/DerivedData/FinancialCalculatorKit-ackorybalcxbfocbkqsfdzcfkgmn/SourcePackages/checkouts/SwiftDraw/SwiftDraw/LayerTree.Image.swift /Users/rogerlin/Library/Developer/Xcode/DerivedData/FinancialCalculatorKit-ackorybalcxbfocbkqsfdzcfkgmn/SourcePackages/checkouts/SwiftDraw/SwiftDraw/LayerTree.Layer.swift /Users/rogerlin/Library/Developer/Xcode/DerivedData/FinancialCalculatorKit-ackorybalcxbfocbkqsfdzcfkgmn/SourcePackages/checkouts/SwiftDraw/SwiftDraw/LayerTree.Path+Bounds.swift (in target 'SwiftDraw' from project 'SwiftDraw')
/Applications/Xcode.app/Contents/Developer/Toolchains/XcodeDefault.xctoolchain/usr/bin/swift-frontend -frontend -c /Users/rogerlin/Library/Developer/Xcode/DerivedData/FinancialCalculatorKit-ackorybalcxbfocbkqsfdzcfkgmn/SourcePackages/checkouts/SwiftDraw/SwiftDraw/CGImage+Mask.swift /Users/rogerlin/Library/Developer/Xcode/DerivedData/FinancialCalculatorKit-ackorybalcxbfocbkqsfdzcfkgmn/SourcePackages/checkouts/SwiftDraw/SwiftDraw/CGPath+Segment.swift /Users/rogerlin/Library/Developer/Xcode/DerivedData/FinancialCalculatorKit-ackorybalcxbfocbkqsfdzcfkgmn/SourcePackages/checkouts/SwiftDraw/SwiftDraw/CGPattern+Closure.swift /Users/rogerlin/Library/Developer/Xcode/DerivedData/FinancialCalculatorKit-ackorybalcxbfocbkqsfdzcfkgmn/SourcePackages/checkouts/SwiftDraw/SwiftDraw/CGTextRenderer+Code.swift /Users/rogerlin/Library/Developer/Xcode/DerivedData/FinancialCalculatorKit-ackorybalcxbfocbkqsfdzcfkgmn/SourcePackages/checkouts/SwiftDraw/SwiftDraw/CommandLine+Process.swift /Users/rogerlin/Library/Developer/Xcode/DerivedData/FinancialCalculatorKit-ackorybalcxbfocbkqsfdzcfkgmn/SourcePackages/checkouts/SwiftDraw/SwiftDraw/CommandLine.Arguments.swift /Users/rogerlin/Library/Developer/Xcode/DerivedData/FinancialCalculatorKit-ackorybalcxbfocbkqsfdzcfkgmn/SourcePackages/checkouts/SwiftDraw/SwiftDraw/CommandLine.Configuration.swift /Users/rogerlin/Library/Developer/Xcode/DerivedData/FinancialCalculatorKit-ackorybalcxbfocbkqsfdzcfkgmn/SourcePackages/checkouts/SwiftDraw/SwiftDraw/CommandLine.swift /Users/rogerlin/Library/Developer/Xcode/DerivedData/FinancialCalculatorKit-ackorybalcxbfocbkqsfdzcfkgmn/SourcePackages/checkouts/SwiftDraw/SwiftDraw/CoordinateFormatter.swift /Users/rogerlin/Library/Developer/Xcode/DerivedData/FinancialCalculatorKit-ackorybalcxbfocbkqsfdzcfkgmn/SourcePackages/checkouts/SwiftDraw/SwiftDraw/LayerTree.Builder.Layer.swift /Users/rogerlin/Library/Developer/Xcode/DerivedData/FinancialCalculatorKit-ackorybalcxbfocbkqsfdzcfkgmn/SourcePackages/checkouts/SwiftDraw/SwiftDraw/LayerTree.Builder.Path.Arc.swift /Users/rogerlin/Library/Developer/Xcode/DerivedData/FinancialCalculatorKit-ackorybalcxbfocbkqsfdzcfkgmn/SourcePackages/checkouts/SwiftDraw/SwiftDraw/LayerTree.Builder.Path.swift /Users/rogerlin/Library/Developer/Xcode/DerivedData/FinancialCalculatorKit-ackorybalcxbfocbkqsfdzcfkgmn/SourcePackages/checkouts/SwiftDraw/SwiftDraw/LayerTree.Builder.Shape.swift /Users/rogerlin/Library/Developer/Xcode/DerivedData/FinancialCalculatorKit-ackorybalcxbfocbkqsfdzcfkgmn/SourcePackages/checkouts/SwiftDraw/SwiftDraw/LayerTree.Builder.Text.swift /Users/rogerlin/Library/Developer/Xcode/DerivedData/FinancialCalculatorKit-ackorybalcxbfocbkqsfdzcfkgmn/SourcePackages/checkouts/SwiftDraw/SwiftDraw/LayerTree.Builder.swift /Users/rogerlin/Library/Developer/Xcode/DerivedData/FinancialCalculatorKit-ackorybalcxbfocbkqsfdzcfkgmn/SourcePackages/checkouts/SwiftDraw/SwiftDraw/LayerTree.Color.swift /Users/rogerlin/Library/Developer/Xcode/DerivedData/FinancialCalculatorKit-ackorybalcxbfocbkqsfdzcfkgmn/SourcePackages/checkouts/SwiftDraw/SwiftDraw/LayerTree.CommandGenerator.swift /Users/rogerlin/Library/Developer/Xcode/DerivedData/FinancialCalculatorKit-ackorybalcxbfocbkqsfdzcfkgmn/SourcePackages/checkouts/SwiftDraw/SwiftDraw/LayerTree.CommandOptimizer.swift /Users/rogerlin/Library/Developer/Xcode/DerivedData/FinancialCalculatorKit-ackorybalcxbfocbkqsfdzcfkgmn/SourcePackages/checkouts/SwiftDraw/SwiftDraw/LayerTree.Gradient.swift -primary-file /Users/rogerlin/Library/Developer/Xcode/DerivedData/FinancialCalculatorKit-ackorybalcxbfocbkqsfdzcfkgmn/SourcePackages/checkouts/SwiftDraw/SwiftDraw/LayerTree.Image.swift -primary-file /Users/rogerlin/Library/Developer/Xcode/DerivedData/FinancialCalculatorKit-ackorybalcxbfocbkqsfdzcfkgmn/SourcePackages/checkouts/SwiftDraw/SwiftDraw/LayerTree.Layer.swift -primary-file /Users/rogerlin/Library/Developer/Xcode/DerivedData/FinancialCalculatorKit-ackorybalcxbfocbkqsfdzcfkgmn/SourcePackages/checkouts/SwiftDraw/SwiftDraw/LayerTree.Path+Bounds.swift /Users/rogerlin/Library/Developer/Xcode/DerivedData/FinancialCalculatorKit-ackorybalcxbfocbkqsfdzcfkgmn/SourcePackages/checkouts/SwiftDraw/SwiftDraw/LayerTree.Path+Reversed.swift /Users/rogerlin/Library/Developer/Xcode/DerivedData/FinancialCalculatorKit-ackorybalcxbfocbkqsfdzcfkgmn/SourcePackages/checkouts/SwiftDraw/SwiftDraw/LayerTree.Path+Subpath.swift /Users/rogerlin/Library/Developer/Xcode/DerivedData/FinancialCalculatorKit-ackorybalcxbfocbkqsfdzcfkgmn/SourcePackages/checkouts/SwiftDraw/SwiftDraw/LayerTree.Path.swift /Users/rogerlin/Library/Developer/Xcode/DerivedData/FinancialCalculatorKit-ackorybalcxbfocbkqsfdzcfkgmn/SourcePackages/checkouts/SwiftDraw/SwiftDraw/LayerTree.Pattern.swift /Users/rogerlin/Library/Developer/Xcode/DerivedData/FinancialCalculatorKit-ackorybalcxbfocbkqsfdzcfkgmn/SourcePackages/checkouts/SwiftDraw/SwiftDraw/LayerTree.Shape.swift /Users/rogerlin/Library/Developer/Xcode/DerivedData/FinancialCalculatorKit-ackorybalcxbfocbkqsfdzcfkgmn/SourcePackages/checkouts/SwiftDraw/SwiftDraw/LayerTree.Transform.swift /Users/rogerlin/Library/Developer/Xcode/DerivedData/FinancialCalculatorKit-ackorybalcxbfocbkqsfdzcfkgmn/SourcePackages/checkouts/SwiftDraw/SwiftDraw/LayerTree.swift /Users/rogerlin/Library/Developer/Xcode/DerivedData/FinancialCalculatorKit-ackorybalcxbfocbkqsfdzcfkgmn/SourcePackages/checkouts/SwiftDraw/SwiftDraw/NSImage+SVG.swift /Users/rogerlin/Library/Developer/Xcode/DerivedData/FinancialCalculatorKit-ackorybalcxbfocbkqsfdzcfkgmn/SourcePackages/checkouts/SwiftDraw/SwiftDraw/Renderer.CGText+Path.swift /Users/rogerlin/Library/Developer/Xcode/DerivedData/FinancialCalculatorKit-ackorybalcxbfocbkqsfdzcfkgmn/SourcePackages/checkouts/SwiftDraw/SwiftDraw/Renderer.CGText.swift /Users/rogerlin/Library/Developer/Xcode/DerivedData/FinancialCalculatorKit-ackorybalcxbfocbkqsfdzcfkgmn/SourcePackages/checkouts/SwiftDraw/SwiftDraw/Renderer.CoreGraphics.swift /Users/rogerlin/Library/Developer/Xcode/DerivedData/FinancialCalculatorKit-ackorybalcxbfocbkqsfdzcfkgmn/SourcePackages/checkouts/SwiftDraw/SwiftDraw/Renderer.LayerTree.swift /Users/rogerlin/Library/Developer/Xcode/DerivedData/FinancialCalculatorKit-ackorybalcxbfocbkqsfdzcfkgmn/SourcePackages/checkouts/SwiftDraw/SwiftDraw/Renderer.SFSymbol+CGPath.swift /Users/rogerlin/Library/Developer/Xcode/DerivedData/FinancialCalculatorKit-ackorybalcxbfocbkqsfdzcfkgmn/SourcePackages/checkouts/SwiftDraw/SwiftDraw/Renderer.SFSymbol.swift /Users/rogerlin/Library/Developer/Xcode/DerivedData/FinancialCalculatorKit-ackorybalcxbfocbkqsfdzcfkgmn/SourcePackages/checkouts/SwiftDraw/SwiftDraw/Renderer.SVG.swift /Users/rogerlin/Library/Developer/Xcode/DerivedData/FinancialCalculatorKit-ackorybalcxbfocbkqsfdzcfkgmn/SourcePackages/checkouts/SwiftDraw/SwiftDraw/Renderer.swift /Users/rogerlin/Library/Developer/Xcode/DerivedData/FinancialCalculatorKit-ackorybalcxbfocbkqsfdzcfkgmn/SourcePackages/checkouts/SwiftDraw/SwiftDraw/SVG+CoreGraphics.swift /Users/rogerlin/Library/Developer/Xcode/DerivedData/FinancialCalculatorKit-ackorybalcxbfocbkqsfdzcfkgmn/SourcePackages/checkouts/SwiftDraw/SwiftDraw/SVG+Deprecated.swift /Users/rogerlin/Library/Developer/Xcode/DerivedData/FinancialCalculatorKit-ackorybalcxbfocbkqsfdzcfkgmn/SourcePackages/checkouts/SwiftDraw/SwiftDraw/SVG+Hashable.swift /Users/rogerlin/Library/Developer/Xcode/DerivedData/FinancialCalculatorKit-ackorybalcxbfocbkqsfdzcfkgmn/SourcePackages/checkouts/SwiftDraw/SwiftDraw/SVG+Insets.swift /Users/rogerlin/Library/Developer/Xcode/DerivedData/FinancialCalculatorKit-ackorybalcxbfocbkqsfdzcfkgmn/SourcePackages/checkouts/SwiftDraw/SwiftDraw/SVG.swift /Users/rogerlin/Library/Developer/Xcode/DerivedData/FinancialCalculatorKit-ackorybalcxbfocbkqsfdzcfkgmn/SourcePackages/checkouts/SwiftDraw/SwiftDraw/SVGView.swift /Users/rogerlin/Library/Developer/Xcode/DerivedData/FinancialCalculatorKit-ackorybalcxbfocbkqsfdzcfkgmn/SourcePackages/checkouts/SwiftDraw/SwiftDraw/Stack.swift /Users/rogerlin/Library/Developer/Xcode/DerivedData/FinancialCalculatorKit-ackorybalcxbfocbkqsfdzcfkgmn/SourcePackages/checkouts/SwiftDraw/SwiftDraw/UIImage+SVG.swift /Users/rogerlin/Library/Developer/Xcode/DerivedData/FinancialCalculatorKit-ackorybalcxbfocbkqsfdzcfkgmn/SourcePackages/checkouts/SwiftDraw/SwiftDraw/Utilities/PairedSequence.swift /Users/rogerlin/Library/Developer/Xcode/DerivedData/FinancialCalculatorKit-ackorybalcxbfocbkqsfdzcfkgmn/SourcePackages/checkouts/SwiftDraw/SwiftDraw/XML.Formatter.SVG.swift /Users/rogerlin/Library/Developer/Xcode/DerivedData/FinancialCalculatorKit-ackorybalcxbfocbkqsfdzcfkgmn/SourcePackages/checkouts/SwiftDraw/SwiftDraw/XML.Formatter.swift -supplementary-output-file-map /Users/rogerlin/Library/Developer/Xcode/DerivedData/FinancialCalculatorKit-ackorybalcxbfocbkqsfdzcfkgmn/Build/Intermediates.noindex/SwiftDraw.build/Debug/SwiftDraw.build/Objects-normal/arm64/supplementaryOutputs-24 -target arm64-apple-macos10.15 -module-can-import-version AppKit 2685.20.119 2685.20.119 -module-can-import-version CoreGraphics 1965.1.4 1965.1.4 -module-can-import-version CoreText 877.1.0.5 877.1.0 -module-can-import-version Darwin 347.40.2 0 -module-can-import-version SwiftUI 7.1.13.1 7.1.13 -load-resolved-plugin /Applications/Xcode.app/Contents/Developer/Platforms/MacOSX.platform/Developer/usr/lib/swift/host/plugins/libFoundationMacros.dylib\#/Applications/Xcode.app/Contents/Developer/Platforms/MacOSX.platform/Developer/usr/bin/swift-plugin-server\#FoundationMacros -load-resolved-plugin /Applications/Xcode.app/Contents/Developer/Platforms/MacOSX.platform/Developer/usr/lib/swift/host/plugins/libObservationMacros.dylib\#/Applications/Xcode.app/Contents/Developer/Platforms/MacOSX.platform/Developer/usr/bin/swift-plugin-server\#ObservationMacros -load-resolved-plugin /Applications/Xcode.app/Contents/Developer/Platforms/MacOSX.platform/Developer/usr/lib/swift/host/plugins/libPreviewsMacros.dylib\#/Applications/Xcode.app/Contents/Developer/Platforms/MacOSX.platform/Developer/usr/bin/swift-plugin-server\#PreviewsMacros -load-resolved-plugin /Applications/Xcode.app/Contents/Developer/Platforms/MacOSX.platform/Developer/usr/lib/swift/host/plugins/libSwiftMacros.dylib\#/Applications/Xcode.app/Contents/Developer/Platforms/MacOSX.platform/Developer/usr/bin/swift-plugin-server\#SwiftMacros -load-resolved-plugin /Applications/Xcode.app/Contents/Developer/Platforms/MacOSX.platform/Developer/usr/lib/swift/host/plugins/libSwiftUIMacros.dylib\#/Applications/Xcode.app/Contents/Developer/Platforms/MacOSX.platform/Developer/usr/bin/swift-plugin-server\#SwiftUIMacros -disable-implicit-swift-modules -Xcc -fno-implicit-modules -Xcc -fno-implicit-module-maps -explicit-swift-module-map-file /Users/rogerlin/Library/Developer/Xcode/DerivedData/FinancialCalculatorKit-ackorybalcxbfocbkqsfdzcfkgmn/Build/Intermediates.noindex/SwiftDraw.build/Debug/SwiftDraw.build/Objects-normal/arm64/SwiftDraw-dependencies-1.json -Xllvm -aarch64-use-tbi -enable-objc-interop -stack-check -sdk /Applications/Xcode.app/Contents/Developer/Platforms/MacOSX.platform/Developer/SDKs/MacOSX26.1.sdk -I /Users/rogerlin/Library/Developer/Xcode/DerivedData/FinancialCalculatorKit-ackorybalcxbfocbkqsfdzcfkgmn/Build/Products/Debug -Isystem /Applications/Xcode.app/Contents/Developer/Platforms/MacOSX.platform/Developer/usr/lib -F /Users/rogerlin/Library/Developer/Xcode/DerivedData/FinancialCalculatorKit-ackorybalcxbfocbkqsfdzcfkgmn/Build/Products/Debug/PackageFrameworks -F /Users/rogerlin/Library/Developer/Xcode/DerivedData/FinancialCalculatorKit-ackorybalcxbfocbkqsfdzcfkgmn/Build/Products/Debug -F /Applications/Xcode.app/Contents/Developer/Platforms/MacOSX.platform/Developer/Library/Frameworks -no-color-diagnostics -Xcc -fno-color-diagnostics -enable-testing -g -debug-info-format\=dwarf -dwarf-version\=4 -module-cache-path /Users/rogerlin/Library/Developer/Xcode/DerivedData/FinancialCalculatorKit-ackorybalcxbfocbkqsfdzcfkgmn/Build/Intermediates.noindex/SwiftExplicitPrecompiledModules -suppress-warnings -profile-generate -profile-coverage-mapping -swift-version 6 -enforce-exclusivity\=checked -Onone -D SWIFT_PACKAGE -D DEBUG -D SWIFT_MODULE_RESOURCE_BUNDLE_UNAVAILABLE -D Xcode -serialize-debugging-options -const-gather-protocols-file /Users/rogerlin/Library/Developer/Xcode/DerivedData/FinancialCalculatorKit-ackorybalcxbfocbkqsfdzcfkgmn/Build/Intermediates.noindex/SwiftDraw.build/Debug/SwiftDraw.build/Objects-normal/arm64/SwiftDraw_const_extract_protocols.json -enable-upcoming-feature ExistentialAny -enable-experimental-feature DebugDescriptionMacro -empty-abi-descriptor -user-module-version 0.22.0 -validate-clang-modules-once -clang-build-session-file /Users/rogerlin/Library/Developer/Xcode/DerivedData/ModuleCache.noindex/Session.modulevalidation -Xcc -working-directory -Xcc /Users/rogerlin/XCode-Projects/FinancialCalculatorKit-5.0-updated-accent-colors/FinancialCalculatorKit.xcodeproj -enable-anonymous-context-mangled-names -file-compilation-dir /Users/rogerlin/XCode-Projects/FinancialCalculatorKit-5.0-updated-accent-colors/FinancialCalculatorKit.xcodeproj -Xcc -D_LIBCPP_HARDENING_MODE\=_LIBCPP_HARDENING_MODE_DEBUG -Xcc -ivfsstatcache -Xcc /Users/rogerlin/Library/Developer/Xcode/DerivedData/SDKStatCaches.noindex/macosx26.1-25B74-3ae1261907bdadc328169391a47051a6.sdkstatcache -Xcc -I/Users/rogerlin/Library/Developer/Xcode/DerivedData/FinancialCalculatorKit-ackorybalcxbfocbkqsfdzcfkgmn/Build/Intermediates.noindex/SwiftDraw.build/Debug/SwiftDraw.build/swift-overrides.hmap -Xcc -I/Users/rogerlin/Library/Developer/Xcode/DerivedData/FinancialCalculatorKit-ackorybalcxbfocbkqsfdzcfkgmn/Build/Products/Debug/include -Xcc -I/Users/rogerlin/Library/Developer/Xcode/DerivedData/FinancialCalculatorKit-ackorybalcxbfocbkqsfdzcfkgmn/Build/Intermediates.noindex/SwiftDraw.build/Debug/SwiftDraw.build/DerivedSources-normal/arm64 -Xcc -I/Users/rogerlin/Library/Developer/Xcode/DerivedData/FinancialCalculatorKit-ackorybalcxbfocbkqsfdzcfkgmn/Build/Intermediates.noindex/SwiftDraw.build/Debug/SwiftDraw.build/DerivedSources/arm64 -Xcc -I/Users/rogerlin/Library/Developer/Xcode/DerivedData/FinancialCalculatorKit-ackorybalcxbfocbkqsfdzcfkgmn/Build/Intermediates.noindex/SwiftDraw.build/Debug/SwiftDraw.build/DerivedSources -Xcc -DSWIFT_PACKAGE -Xcc -DDEBUG\=1 -no-auto-bridging-header-chaining -module-name SwiftDraw -package-name swiftdraw -frontend-parseable-output -disable-clang-spi -target-sdk-version 26.1 -target-sdk-name macosx26.1 -clang-target arm64-apple-macos26.1 -in-process-plugin-server-path /Applications/Xcode.app/Contents/Developer/Toolchains/XcodeDefault.xctoolchain/usr/lib/swift/host/libSwiftInProcPluginServer.dylib -o /Users/rogerlin/Library/Developer/Xcode/DerivedData/FinancialCalculatorKit-ackorybalcxbfocbkqsfdzcfkgmn/Build/Intermediates.noindex/SwiftDraw.build/Debug/SwiftDraw.build/Objects-normal/arm64/LayerTree.Image.o -o /Users/rogerlin/Library/Developer/Xcode/DerivedData/FinancialCalculatorKit-ackorybalcxbfocbkqsfdzcfkgmn/Build/Intermediates.noindex/SwiftDraw.build/Debug/SwiftDraw.build/Objects-normal/arm64/LayerTree.Layer.o -o /Users/rogerlin/Library/Developer/Xcode/DerivedData/FinancialCalculatorKit-ackorybalcxbfocbkqsfdzcfkgmn/Build/Intermediates.noindex/SwiftDraw.build/Debug/SwiftDraw.build/Objects-normal/arm64/LayerTree.Path+Bounds.o -index-unit-output-path /SwiftDraw.build/Debug/SwiftDraw.build/Objects-normal/arm64/LayerTree.Image.o -index-unit-output-path /SwiftDraw.build/Debug/SwiftDraw.build/Objects-normal/arm64/LayerTree.Layer.o -index-unit-output-path /SwiftDraw.build/Debug/SwiftDraw.build/Objects-normal/arm64/LayerTree.Path+Bounds.o -index-store-path /Users/rogerlin/Library/Developer/Xcode/DerivedData/FinancialCalculatorKit-ackorybalcxbfocbkqsfdzcfkgmn/Index.noindex/DataStore -index-system-modules

SwiftCompile normal arm64 /Users/rogerlin/Library/Developer/Xcode/DerivedData/FinancialCalculatorKit-ackorybalcxbfocbkqsfdzcfkgmn/SourcePackages/checkouts/SwiftDraw/SwiftDraw/LayerTree.Image.swift (in target 'SwiftDraw' from project 'SwiftDraw')
    cd /Users/rogerlin/XCode-Projects/FinancialCalculatorKit-5.0-updated-accent-colors/FinancialCalculatorKit.xcodeproj
    

SwiftCompile normal arm64 /Users/rogerlin/Library/Developer/Xcode/DerivedData/FinancialCalculatorKit-ackorybalcxbfocbkqsfdzcfkgmn/SourcePackages/checkouts/SwiftDraw/SwiftDraw/LayerTree.Layer.swift (in target 'SwiftDraw' from project 'SwiftDraw')
    cd /Users/rogerlin/XCode-Projects/FinancialCalculatorKit-5.0-updated-accent-colors/FinancialCalculatorKit.xcodeproj
    

SwiftCompile normal arm64 /Users/rogerlin/Library/Developer/Xcode/DerivedData/FinancialCalculatorKit-ackorybalcxbfocbkqsfdzcfkgmn/SourcePackages/checkouts/SwiftDraw/SwiftDraw/LayerTree.Path+Bounds.swift (in target 'SwiftDraw' from project 'SwiftDraw')
    cd /Users/rogerlin/XCode-Projects/FinancialCalculatorKit-5.0-updated-accent-colors/FinancialCalculatorKit.xcodeproj
    

SwiftDriverJobDiscovery normal arm64 Compiling LayerTree.swift, NSImage+SVG.swift, Renderer.CGText+Path.swift (in target 'SwiftDraw' from project 'SwiftDraw')

SwiftDriver\ Compilation BigInt normal arm64 com.apple.xcode.tools.swift.compiler (in target 'BigInt' from project 'BigInt')
    cd /Users/rogerlin/XCode-Projects/FinancialCalculatorKit-5.0-updated-accent-colors/FinancialCalculatorKit.xcodeproj
    builtin-Swift-Compilation -- /Applications/Xcode.app/Contents/Developer/Toolchains/XcodeDefault.xctoolchain/usr/bin/swiftc -module-name BigInt -Onone -enforce-exclusivity\=checked @/Users/rogerlin/Library/Developer/Xcode/DerivedData/FinancialCalculatorKit-ackorybalcxbfocbkqsfdzcfkgmn/Build/Intermediates.noindex/BigInt.build/Debug/BigInt.build/Objects-normal/arm64/BigInt.SwiftFileList -DSWIFT_PACKAGE -DDEBUG -DSWIFT_MODULE_RESOURCE_BUNDLE_UNAVAILABLE -DXcode -plugin-path /Applications/Xcode.app/Contents/Developer/Toolchains/XcodeDefault.xctoolchain/usr/lib/swift/host/plugins/testing -enable-experimental-feature DebugDescriptionMacro -sdk /Applications/Xcode.app/Contents/Developer/Platforms/MacOSX.platform/Developer/SDKs/MacOSX26.1.sdk -target arm64-apple-macos13.3 -g -module-cache-path /Users/rogerlin/Library/Developer/Xcode/DerivedData/ModuleCache.noindex -Xfrontend -serialize-debugging-options -profile-coverage-mapping -profile-generate -enable-testing -suppress-warnings -index-store-path /Users/rogerlin/Library/Developer/Xcode/DerivedData/FinancialCalculatorKit-ackorybalcxbfocbkqsfdzcfkgmn/Index.noindex/DataStore -Xcc -D_LIBCPP_HARDENING_MODE\=_LIBCPP_HARDENING_MODE_DEBUG -swift-version 5 -I /Users/rogerlin/Library/Developer/Xcode/DerivedData/FinancialCalculatorKit-ackorybalcxbfocbkqsfdzcfkgmn/Build/Products/Debug -Isystem /Applications/Xcode.app/Contents/Developer/Platforms/MacOSX.platform/Developer/usr/lib -F /Users/rogerlin/Library/Developer/Xcode/DerivedData/FinancialCalculatorKit-ackorybalcxbfocbkqsfdzcfkgmn/Build/Products/Debug -F /Applications/Xcode.app/Contents/Developer/Platforms/MacOSX.platform/Developer/Library/Frameworks -c -j16 -enable-batch-mode -incremental -Xcc -ivfsstatcache -Xcc /Users/rogerlin/Library/Developer/Xcode/DerivedData/SDKStatCaches.noindex/macosx26.1-25B74-3ae1261907bdadc328169391a47051a6.sdkstatcache -output-file-map /Users/rogerlin/Library/Developer/Xcode/DerivedData/FinancialCalculatorKit-ackorybalcxbfocbkqsfdzcfkgmn/Build/Intermediates.noindex/BigInt.build/Debug/BigInt.build/Objects-normal/arm64/BigInt-OutputFileMap.json -use-frontend-parseable-output -save-temps -no-color-diagnostics -explicit-module-build -module-cache-path /Users/rogerlin/Library/Developer/Xcode/DerivedData/FinancialCalculatorKit-ackorybalcxbfocbkqsfdzcfkgmn/Build/Intermediates.noindex/SwiftExplicitPrecompiledModules -clang-scanner-module-cache-path /Users/rogerlin/Library/Developer/Xcode/DerivedData/ModuleCache.noindex -sdk-module-cache-path /Users/rogerlin/Library/Developer/Xcode/DerivedData/ModuleCache.noindex -serialize-diagnostics -emit-dependencies -emit-module -emit-module-path /Users/rogerlin/Library/Developer/Xcode/DerivedData/FinancialCalculatorKit-ackorybalcxbfocbkqsfdzcfkgmn/Build/Intermediates.noindex/BigInt.build/Debug/BigInt.build/Objects-normal/arm64/BigInt.swiftmodule -validate-clang-modules-once -clang-build-session-file /Users/rogerlin/Library/Developer/Xcode/DerivedData/ModuleCache.noindex/Session.modulevalidation -package-name bigint -Xcc -I/Users/rogerlin/Library/Developer/Xcode/DerivedData/FinancialCalculatorKit-ackorybalcxbfocbkqsfdzcfkgmn/Build/Intermediates.noindex/BigInt.build/Debug/BigInt.build/swift-overrides.hmap -emit-const-values -Xfrontend -const-gather-protocols-file -Xfrontend /Users/rogerlin/Library/Developer/Xcode/DerivedData/FinancialCalculatorKit-ackorybalcxbfocbkqsfdzcfkgmn/Build/Intermediates.noindex/BigInt.build/Debug/BigInt.build/Objects-normal/arm64/BigInt_const_extract_protocols.json -Xcc -I/Users/rogerlin/Library/Developer/Xcode/DerivedData/FinancialCalculatorKit-ackorybalcxbfocbkqsfdzcfkgmn/Build/Products/Debug/include -Xcc -I/Users/rogerlin/Library/Developer/Xcode/DerivedData/FinancialCalculatorKit-ackorybalcxbfocbkqsfdzcfkgmn/Build/Intermediates.noindex/BigInt.build/Debug/BigInt.build/DerivedSources-normal/arm64 -Xcc -I/Users/rogerlin/Library/Developer/Xcode/DerivedData/FinancialCalculatorKit-ackorybalcxbfocbkqsfdzcfkgmn/Build/Intermediates.noindex/BigInt.build/Debug/BigInt.build/DerivedSources/arm64 -Xcc -I/Users/rogerlin/Library/Developer/Xcode/DerivedData/FinancialCalculatorKit-ackorybalcxbfocbkqsfdzcfkgmn/Build/Intermediates.noindex/BigInt.build/Debug/BigInt.build/DerivedSources -Xcc -DSWIFT_PACKAGE -Xcc -DDEBUG\=1 -emit-objc-header -emit-objc-header-path /Users/rogerlin/Library/Developer/Xcode/DerivedData/FinancialCalculatorKit-ackorybalcxbfocbkqsfdzcfkgmn/Build/Intermediates.noindex/BigInt.build/Debug/BigInt.build/Objects-normal/arm64/BigInt-Swift.h -working-directory /Users/rogerlin/XCode-Projects/FinancialCalculatorKit-5.0-updated-accent-colors/FinancialCalculatorKit.xcodeproj -experimental-emit-module-separately -disable-cmo

    Task input dependencies:
        /Users/rogerlin/Library/Developer/Xcode/DerivedData/FinancialCalculatorKit-ackorybalcxbfocbkqsfdzcfkgmn/SourcePackages/checkouts/BigInt/Sources/BigInt/BigFrac.swift
        /Users/rogerlin/Library/Developer/Xcode/DerivedData/FinancialCalculatorKit-ackorybalcxbfocbkqsfdzcfkgmn/SourcePackages/checkouts/BigInt/Sources/BigInt/BigInt-Extensions.swift
        /Users/rogerlin/Library/Developer/Xcode/DerivedData/FinancialCalculatorKit-ackorybalcxbfocbkqsfdzcfkgmn/SourcePackages/checkouts/BigInt/Sources/BigInt/BigInt.swift
        /Users/rogerlin/Library/Developer/Xcode/DerivedData/FinancialCalculatorKit-ackorybalcxbfocbkqsfdzcfkgmn/SourcePackages/checkouts/BigInt/Sources/BigInt/BitSieve.swift
        /Users/rogerlin/Library/Developer/Xcode/DerivedData/FinancialCalculatorKit-ackorybalcxbfocbkqsfdzcfkgmn/SourcePackages/checkouts/BigInt/Sources/BigInt/BurnikelZiegler.swift
        /Users/rogerlin/Library/Developer/Xcode/DerivedData/FinancialCalculatorKit-ackorybalcxbfocbkqsfdzcfkgmn/SourcePackages/checkouts/BigInt/Sources/BigInt/CRT.swift
        /Users/rogerlin/Library/Developer/Xcode/DerivedData/FinancialCalculatorKit-ackorybalcxbfocbkqsfdzcfkgmn/SourcePackages/checkouts/BigInt/Sources/BigInt/ExpMod.swift
        /Users/rogerlin/Library/Developer/Xcode/DerivedData/FinancialCalculatorKit-ackorybalcxbfocbkqsfdzcfkgmn/SourcePackages/checkouts/BigInt/Sources/BigInt/FFT.swift
        /Users/rogerlin/Library/Developer/Xcode/DerivedData/FinancialCalculatorKit-ackorybalcxbfocbkqsfdzcfkgmn/SourcePackages/checkouts/BigInt/Sources/BigInt/Factorial.swift
        /Users/rogerlin/Library/Developer/Xcode/DerivedData/FinancialCalculatorKit-ackorybalcxbfocbkqsfdzcfkgmn/SourcePackages/checkouts/BigInt/Sources/BigInt/GCD.swift
        /Users/rogerlin/Library/Developer/Xcode/DerivedData/FinancialCalculatorKit-ackorybalcxbfocbkqsfdzcfkgmn/SourcePackages/checkouts/BigInt/Sources/BigInt/Karatsuba.swift
        /Users/rogerlin/Library/Developer/Xcode/DerivedData/FinancialCalculatorKit-ackorybalcxbfocbkqsfdzcfkgmn/SourcePackages/checkouts/BigInt/Sources/BigInt/Limbs.swift
        /Users/rogerlin/Library/Developer/Xcode/DerivedData/FinancialCalculatorKit-ackorybalcxbfocbkqsfdzcfkgmn/SourcePackages/checkouts/BigInt/Sources/BigInt/ToomCook.swift
        /Users/rogerlin/Library/Developer/Xcode/DerivedData/FinancialCalculatorKit-ackorybalcxbfocbkqsfdzcfkgmn/Build/Intermediates.noindex/BigInt.build/Debug/BigInt.build/Objects-normal/arm64/BigInt.SwiftFileList
        /Users/rogerlin/Library/Developer/Xcode/DerivedData/FinancialCalculatorKit-ackorybalcxbfocbkqsfdzcfkgmn/Build/Intermediates.noindex/BigInt.build/Debug/BigInt.build/Objects-normal/arm64/BigInt-OutputFileMap.json
        /Users/rogerlin/Library/Developer/Xcode/DerivedData/FinancialCalculatorKit-ackorybalcxbfocbkqsfdzcfkgmn/Build/Intermediates.noindex/BigInt.build/Debug/BigInt.build/Objects-normal/arm64/BigInt_const_extract_protocols.json
        /Users/rogerlin/Library/Developer/Xcode/DerivedData/FinancialCalculatorKit-ackorybalcxbfocbkqsfdzcfkgmn/Build/Intermediates.noindex/GeneratedModuleMaps/BigInt.modulemap
        /Users/rogerlin/Library/Developer/Xcode/DerivedData/FinancialCalculatorKit-ackorybalcxbfocbkqsfdzcfkgmn/SourcePackages/checkouts/BigInt/Sources/BigInt/BigFrac.swift
        /Users/rogerlin/Library/Developer/Xcode/DerivedData/FinancialCalculatorKit-ackorybalcxbfocbkqsfdzcfkgmn/SourcePackages/checkouts/BigInt/Sources/BigInt/BigInt-Extensions.swift
        /Users/rogerlin/Library/Developer/Xcode/DerivedData/FinancialCalculatorKit-ackorybalcxbfocbkqsfdzcfkgmn/SourcePackages/checkouts/BigInt/Sources/BigInt/BigInt.swift
        /Users/rogerlin/Library/Developer/Xcode/DerivedData/FinancialCalculatorKit-ackorybalcxbfocbkqsfdzcfkgmn/SourcePackages/checkouts/BigInt/Sources/BigInt/BitSieve.swift
        /Users/rogerlin/Library/Developer/Xcode/DerivedData/FinancialCalculatorKit-ackorybalcxbfocbkqsfdzcfkgmn/SourcePackages/checkouts/BigInt/Sources/BigInt/BurnikelZiegler.swift
        /Users/rogerlin/Library/Developer/Xcode/DerivedData/FinancialCalculatorKit-ackorybalcxbfocbkqsfdzcfkgmn/SourcePackages/checkouts/BigInt/Sources/BigInt/CRT.swift
        /Users/rogerlin/Library/Developer/Xcode/DerivedData/FinancialCalculatorKit-ackorybalcxbfocbkqsfdzcfkgmn/SourcePackages/checkouts/BigInt/Sources/BigInt/ExpMod.swift
        /Users/rogerlin/Library/Developer/Xcode/DerivedData/FinancialCalculatorKit-ackorybalcxbfocbkqsfdzcfkgmn/SourcePackages/checkouts/BigInt/Sources/BigInt/FFT.swift
        /Users/rogerlin/Library/Developer/Xcode/DerivedData/FinancialCalculatorKit-ackorybalcxbfocbkqsfdzcfkgmn/SourcePackages/checkouts/BigInt/Sources/BigInt/Factorial.swift
        /Users/rogerlin/Library/Developer/Xcode/DerivedData/FinancialCalculatorKit-ackorybalcxbfocbkqsfdzcfkgmn/SourcePackages/checkouts/BigInt/Sources/BigInt/GCD.swift
        /Users/rogerlin/Library/Developer/Xcode/DerivedData/FinancialCalculatorKit-ackorybalcxbfocbkqsfdzcfkgmn/SourcePackages/checkouts/BigInt/Sources/BigInt/Karatsuba.swift
        /Users/rogerlin/Library/Developer/Xcode/DerivedData/FinancialCalculatorKit-ackorybalcxbfocbkqsfdzcfkgmn/SourcePackages/checkouts/BigInt/Sources/BigInt/Limbs.swift
        /Users/rogerlin/Library/Developer/Xcode/DerivedData/FinancialCalculatorKit-ackorybalcxbfocbkqsfdzcfkgmn/SourcePackages/checkouts/BigInt/Sources/BigInt/ToomCook.swift
        /Users/rogerlin/Library/Developer/Xcode/DerivedData/FinancialCalculatorKit-ackorybalcxbfocbkqsfdzcfkgmn/Build/Intermediates.noindex/BigInt.build/Debug/BigInt.build/Objects-normal/arm64/BigInt.SwiftFileList
        /Users/rogerlin/Library/Developer/Xcode/DerivedData/FinancialCalculatorKit-ackorybalcxbfocbkqsfdzcfkgmn/Build/Intermediates.noindex/BigInt.build/Debug/BigInt.build/Objects-normal/arm64/BigInt-OutputFileMap.json
        /Users/rogerlin/Library/Developer/Xcode/DerivedData/FinancialCalculatorKit-ackorybalcxbfocbkqsfdzcfkgmn/Build/Intermediates.noindex/BigInt.build/Debug/BigInt.build/Objects-normal/arm64/BigInt_const_extract_protocols.json
        /Users/rogerlin/Library/Developer/Xcode/DerivedData/FinancialCalculatorKit-ackorybalcxbfocbkqsfdzcfkgmn/Build/Intermediates.noindex/GeneratedModuleMaps/BigInt.modulemap
        <ClangStatCache /Users/rogerlin/Library/Developer/Xcode/DerivedData/SDKStatCaches.noindex/macosx26.1-25B74-3ae1261907bdadc328169391a47051a6.sdkstatcache>
        <target-BigInt-PACKAGE-TARGET:BigInt-SDKROOT:macosx:SDK_VARIANT:macos-generated-headers>
        <target-BigInt-PACKAGE-TARGET:BigInt-SDKROOT:macosx:SDK_VARIANT:macos-copy-headers-completion>
        <target-BigInt-PACKAGE-TARGET:BigInt-SDKROOT:macosx:SDK_VARIANT:macos-ModuleVerifierTaskProducer>
        <target-BigInt-PACKAGE-TARGET:BigInt-SDKROOT:macosx:SDK_VARIANT:macos-begin-compiling>
        <WorkspaceHeaderMapVFSFilesWritten>

    Task output dependencies:
        /Users/rogerlin/Library/Developer/Xcode/DerivedData/FinancialCalculatorKit-ackorybalcxbfocbkqsfdzcfkgmn/Build/Intermediates.noindex/BigInt.build/Debug/BigInt.build/Objects-normal/arm64/BigInt Swift Compilation Finished
        /Users/rogerlin/Library/Developer/Xcode/DerivedData/FinancialCalculatorKit-ackorybalcxbfocbkqsfdzcfkgmn/Build/Intermediates.noindex/BigInt.build/Debug/BigInt.build/Objects-normal/arm64/BigFrac.o
        /Users/rogerlin/Library/Developer/Xcode/DerivedData/FinancialCalculatorKit-ackorybalcxbfocbkqsfdzcfkgmn/Build/Intermediates.noindex/BigInt.build/Debug/BigInt.build/Objects-normal/arm64/BigInt-Extensions.o
        /Users/rogerlin/Library/Developer/Xcode/DerivedData/FinancialCalculatorKit-ackorybalcxbfocbkqsfdzcfkgmn/Build/Intermediates.noindex/BigInt.build/Debug/BigInt.build/Objects-normal/arm64/BigInt-aa2bbfd0f27768d6f473f619a21b4052.o
        /Users/rogerlin/Library/Developer/Xcode/DerivedData/FinancialCalculatorKit-ackorybalcxbfocbkqsfdzcfkgmn/Build/Intermediates.noindex/BigInt.build/Debug/BigInt.build/Objects-normal/arm64/BitSieve.o
        /Users/rogerlin/Library/Developer/Xcode/DerivedData/FinancialCalculatorKit-ackorybalcxbfocbkqsfdzcfkgmn/Build/Intermediates.noindex/BigInt.build/Debug/BigInt.build/Objects-normal/arm64/BurnikelZiegler.o
        /Users/rogerlin/Library/Developer/Xcode/DerivedData/FinancialCalculatorKit-ackorybalcxbfocbkqsfdzcfkgmn/Build/Intermediates.noindex/BigInt.build/Debug/BigInt.build/Objects-normal/arm64/CRT.o
        /Users/rogerlin/Library/Developer/Xcode/DerivedData/FinancialCalculatorKit-ackorybalcxbfocbkqsfdzcfkgmn/Build/Intermediates.noindex/BigInt.build/Debug/BigInt.build/Objects-normal/arm64/ExpMod.o
        /Users/rogerlin/Library/Developer/Xcode/DerivedData/FinancialCalculatorKit-ackorybalcxbfocbkqsfdzcfkgmn/Build/Intermediates.noindex/BigInt.build/Debug/BigInt.build/Objects-normal/arm64/FFT.o
        /Users/rogerlin/Library/Developer/Xcode/DerivedData/FinancialCalculatorKit-ackorybalcxbfocbkqsfdzcfkgmn/Build/Intermediates.noindex/BigInt.build/Debug/BigInt.build/Objects-normal/arm64/Factorial.o
        /Users/rogerlin/Library/Developer/Xcode/DerivedData/FinancialCalculatorKit-ackorybalcxbfocbkqsfdzcfkgmn/Build/Intermediates.noindex/BigInt.build/Debug/BigInt.build/Objects-normal/arm64/GCD.o
        /Users/rogerlin/Library/Developer/Xcode/DerivedData/FinancialCalculatorKit-ackorybalcxbfocbkqsfdzcfkgmn/Build/Intermediates.noindex/BigInt.build/Debug/BigInt.build/Objects-normal/arm64/Karatsuba.o
        /Users/rogerlin/Library/Developer/Xcode/DerivedData/FinancialCalculatorKit-ackorybalcxbfocbkqsfdzcfkgmn/Build/Intermediates.noindex/BigInt.build/Debug/BigInt.build/Objects-normal/arm64/Limbs.o
        /Users/rogerlin/Library/Developer/Xcode/DerivedData/FinancialCalculatorKit-ackorybalcxbfocbkqsfdzcfkgmn/Build/Intermediates.noindex/BigInt.build/Debug/BigInt.build/Objects-normal/arm64/ToomCook.o
        /Users/rogerlin/Library/Developer/Xcode/DerivedData/FinancialCalculatorKit-ackorybalcxbfocbkqsfdzcfkgmn/Build/Intermediates.noindex/BigInt.build/Debug/BigInt.build/Objects-normal/arm64/BigFrac.swiftconstvalues
        /Users/rogerlin/Library/Developer/Xcode/DerivedData/FinancialCalculatorKit-ackorybalcxbfocbkqsfdzcfkgmn/Build/Intermediates.noindex/BigInt.build/Debug/BigInt.build/Objects-normal/arm64/BigInt-Extensions.swiftconstvalues
        /Users/rogerlin/Library/Developer/Xcode/DerivedData/FinancialCalculatorKit-ackorybalcxbfocbkqsfdzcfkgmn/Build/Intermediates.noindex/BigInt.build/Debug/BigInt.build/Objects-normal/arm64/BigInt-aa2bbfd0f27768d6f473f619a21b4052.swiftconstvalues
        /Users/rogerlin/Library/Developer/Xcode/DerivedData/FinancialCalculatorKit-ackorybalcxbfocbkqsfdzcfkgmn/Build/Intermediates.noindex/BigInt.build/Debug/BigInt.build/Objects-normal/arm64/BitSieve.swiftconstvalues
        /Users/rogerlin/Library/Developer/Xcode/DerivedData/FinancialCalculatorKit-ackorybalcxbfocbkqsfdzcfkgmn/Build/Intermediates.noindex/BigInt.build/Debug/BigInt.build/Objects-normal/arm64/BurnikelZiegler.swiftconstvalues
        /Users/rogerlin/Library/Developer/Xcode/DerivedData/FinancialCalculatorKit-ackorybalcxbfocbkqsfdzcfkgmn/Build/Intermediates.noindex/BigInt.build/Debug/BigInt.build/Objects-normal/arm64/CRT.swiftconstvalues
        /Users/rogerlin/Library/Developer/Xcode/DerivedData/FinancialCalculatorKit-ackorybalcxbfocbkqsfdzcfkgmn/Build/Intermediates.noindex/BigInt.build/Debug/BigInt.build/Objects-normal/arm64/ExpMod.swiftconstvalues
        /Users/rogerlin/Library/Developer/Xcode/DerivedData/FinancialCalculatorKit-ackorybalcxbfocbkqsfdzcfkgmn/Build/Intermediates.noindex/BigInt.build/Debug/BigInt.build/Objects-normal/arm64/FFT.swiftconstvalues
        /Users/rogerlin/Library/Developer/Xcode/DerivedData/FinancialCalculatorKit-ackorybalcxbfocbkqsfdzcfkgmn/Build/Intermediates.noindex/BigInt.build/Debug/BigInt.build/Objects-normal/arm64/Factorial.swiftconstvalues
        /Users/rogerlin/Library/Developer/Xcode/DerivedData/FinancialCalculatorKit-ackorybalcxbfocbkqsfdzcfkgmn/Build/Intermediates.noindex/BigInt.build/Debug/BigInt.build/Objects-normal/arm64/GCD.swiftconstvalues
        /Users/rogerlin/Library/Developer/Xcode/DerivedData/FinancialCalculatorKit-ackorybalcxbfocbkqsfdzcfkgmn/Build/Intermediates.noindex/BigInt.build/Debug/BigInt.build/Objects-normal/arm64/Karatsuba.swiftconstvalues
        /Users/rogerlin/Library/Developer/Xcode/DerivedData/FinancialCalculatorKit-ackorybalcxbfocbkqsfdzcfkgmn/Build/Intermediates.noindex/BigInt.build/Debug/BigInt.build/Objects-normal/arm64/Limbs.swiftconstvalues
        /Users/rogerlin/Library/Developer/Xcode/DerivedData/FinancialCalculatorKit-ackorybalcxbfocbkqsfdzcfkgmn/Build/Intermediates.noindex/BigInt.build/Debug/BigInt.build/Objects-normal/arm64/ToomCook.swiftconstvalues
Discovered dependency nodes:
/Applications/Xcode.app/Contents/Developer/Platforms/MacOSX.platform/Developer/SDKs/MacOSX26.1.sdk/System/Library/Frameworks/CFNetwork.framework/Modules/module.modulemap
/Applications/Xcode.app/Contents/Developer/Platforms/MacOSX.platform/Developer/SDKs/MacOSX26.1.sdk/System/Library/Frameworks/CFNetwork.framework/Headers/CFNetwork.h
/Applications/Xcode.app/Contents/Developer/Platforms/MacOSX.platform/Developer/SDKs/MacOSX26.1.sdk/System/Library/Frameworks/CoreFoundation.framework/Modules/module.modulemap
/Applications/Xcode.app/Contents/Developer/Platforms/MacOSX.platform/Developer/SDKs/MacOSX26.1.sdk/System/Library/Frameworks/CFNetwork.framework/Headers/CFNetworkDefs.h
/Applications/Xcode.app/Contents/Developer/Platforms/MacOSX.platform/Developer/SDKs/MacOSX26.1.sdk/usr/include/Darwin.modulemap
/Applications/Xcode.app/Contents/Developer/Platforms/MacOSX.platform/Developer/SDKs/MacOSX26.1.sdk/System/Library/Frameworks/CFNetwork.framework/Headers/CFNetworkErrors.h
/Applications/Xcode.app/Contents/Developer/Platforms/MacOSX.platform/Developer/SDKs/MacOSX26.1.sdk/System/Library/Frameworks/CFNetwork.framework/Headers/CFSocketStream.h
/Applications/Xcode.app/Contents/Developer/Platforms/MacOSX.platform/Developer/SDKs/MacOSX26.1.sdk/System/Library/Frameworks/CFNetwork.framework/Headers/CFHost.h
/Applications/Xcode.app/Contents/Developer/Platforms/MacOSX.platform/Developer/SDKs/MacOSX26.1.sdk/System/Library/Frameworks/CFNetwork.framework/Headers/CFNetServices.h
/Applications/Xcode.app/Contents/Developer/Platforms/MacOSX.platform/Developer/SDKs/MacOSX26.1.sdk/System/Library/Frameworks/CFNetwork.framework/Headers/CFFTPStream.h
/Applications/Xcode.app/Contents/Developer/Platforms/MacOSX.platform/Developer/SDKs/MacOSX26.1.sdk/System/Library/Frameworks/CFNetwork.framework/Headers/CFHTTPMessage.h
/Applications/Xcode.app/Contents/Developer/Platforms/MacOSX.platform/Developer/SDKs/MacOSX26.1.sdk/System/Library/Frameworks/CFNetwork.framework/Headers/CFHTTPStream.h
/Applications/Xcode.app/Contents/Developer/Platforms/MacOSX.platform/Developer/SDKs/MacOSX26.1.sdk/System/Library/Frameworks/CFNetwork.framework/Headers/CFHTTPAuthentication.h
/Applications/Xcode.app/Contents/Developer/Platforms/MacOSX.platform/Developer/SDKs/MacOSX26.1.sdk/System/Library/Frameworks/CFNetwork.framework/Headers/CFNetDiagnostics.h
/Applications/Xcode.app/Contents/Developer/Toolchains/XcodeDefault.xctoolchain/usr/lib/swift/clang/include/module.modulemap
/Applications/Xcode.app/Contents/Developer/Platforms/MacOSX.platform/Developer/SDKs/MacOSX26.1.sdk/System/Library/Frameworks/CFNetwork.framework/Headers/CFProxySupport.h
/Applications/Xcode.app/Contents/Developer/Platforms/MacOSX.platform/Developer/SDKs/MacOSX26.1.sdk/SDKSettings.json
/Applications/Xcode.app/Contents/Developer/Toolchains/XcodeDefault.xctoolchain/usr/lib/swift/macosx/prebuilt-modules/26.1/Combine.swiftmodule/arm64e-apple-macos.swiftmodule
/Applications/Xcode.app/Contents/Developer/Platforms/MacOSX.platform/Developer/SDKs/MacOSX26.1.sdk/System/Library/Frameworks/CoreFoundation.framework/Modules/module.modulemap
/Applications/Xcode.app/Contents/Developer/Platforms/MacOSX.platform/Developer/SDKs/MacOSX26.1.sdk/System/Library/Frameworks/CoreFoundation.framework/Headers/CoreFoundation.h
/Applications/Xcode.app/Contents/Developer/Platforms/MacOSX.platform/Developer/SDKs/MacOSX26.1.sdk/usr/include/dispatch.modulemap
/Applications/Xcode.app/Contents/Developer/Platforms/MacOSX.platform/Developer/SDKs/MacOSX26.1.sdk/usr/include/Darwin.modulemap
/Applications/Xcode.app/Contents/Developer/Platforms/MacOSX.platform/Developer/SDKs/MacOSX26.1.sdk/usr/include/Darwin_C.modulemap
/Applications/Xcode.app/Contents/Developer/Platforms/MacOSX.platform/Developer/SDKs/MacOSX26.1.sdk/usr/include/Darwin_POSIX.modulemap
/Applications/Xcode.app/Contents/Developer/Platforms/MacOSX.platform/Developer/SDKs/MacOSX26.1.sdk/usr/include/net.modulemap
/Applications/Xcode.app/Contents/Developer/Platforms/MacOSX.platform/Developer/SDKs/MacOSX26.1.sdk/usr/include/netinet.modulemap
/Applications/Xcode.app/Contents/Developer/Platforms/MacOSX.platform/Developer/SDKs/MacOSX26.1.sdk/usr/include/bank.modulemap
/Applications/Xcode.app/Contents/Developer/Platforms/MacOSX.platform/Developer/SDKs/MacOSX26.1.sdk/usr/include/Darwin_Mach.modulemap
/Applications/Xcode.app/Contents/Developer/Platforms/MacOSX.platform/Developer/SDKs/MacOSX26.1.sdk/usr/include/Darwin_Mach_machine.modulemap
/Applications/Xcode.app/Contents/Developer/Platforms/MacOSX.platform/Developer/SDKs/MacOSX26.1.sdk/usr/include/mach_debug.modulemap
/Applications/Xcode.app/Contents/Developer/Platforms/MacOSX.platform/Developer/SDKs/MacOSX26.1.sdk/usr/include/device.modulemap
/Applications/Xcode.app/Contents/Developer/Platforms/MacOSX.platform/Developer/SDKs/MacOSX26.1.sdk/usr/include/Darwin_machine.modulemap
/Applications/Xcode.app/Contents/Developer/Platforms/MacOSX.platform/Developer/SDKs/MacOSX26.1.sdk/usr/include/ncurses.modulemap
/Applications/Xcode.app/Contents/Developer/Platforms/MacOSX.platform/Developer/SDKs/MacOSX26.1.sdk/usr/include/netinet6.modulemap
/Applications/Xcode.app/Contents/Developer/Platforms/MacOSX.platform/Developer/SDKs/MacOSX26.1.sdk/usr/include/Darwin_sys.modulemap
/Applications/Xcode.app/Contents/Developer/Platforms/MacOSX.platform/Developer/SDKs/MacOSX26.1.sdk/usr/include/uuid.modulemap
/Applications/Xcode.app/Contents/Developer/Platforms/MacOSX.platform/Developer/SDKs/MacOSX26.1.sdk/usr/include/DarwinFoundation2.modulemap
/Applications/Xcode.app/Contents/Developer/Platforms/MacOSX.platform/Developer/SDKs/MacOSX26.1.sdk/usr/include/DarwinFoundation3.modulemap
/Applications/Xcode.app/Contents/Developer/Platforms/MacOSX.platform/Developer/SDKs/MacOSX26.1.sdk/usr/include/DarwinFoundation1.modulemap
/Applications/Xcode.app/Contents/Developer/Toolchains/XcodeDefault.xctoolchain/usr/lib/swift/clang/include/module.modulemap
/Applications/Xcode.app/Contents/Developer/Toolchains/XcodeDefault.xctoolchain/usr/lib/swift/clang/include/stdarg.h
/Applications/Xcode.app/Contents/Developer/Platforms/MacOSX.platform/Developer/SDKs/MacOSX26.1.sdk/usr/include/assert.h
/Applications/Xcode.app/Contents/Developer/Platforms/MacOSX.platform/Developer/SDKs/MacOSX26.1.sdk/usr/include/ctype.h
/Applications/Xcode.app/Contents/Developer/Toolchains/XcodeDefault.xctoolchain/usr/lib/swift/clang/include/stddef.h
/Applications/Xcode.app/Contents/Developer/Platforms/MacOSX.platform/Developer/SDKs/MacOSX26.1.sdk/usr/include/stdio.h
/Applications/Xcode.app/Contents/Developer/Platforms/MacOSX.platform/Developer/SDKs/MacOSX26.1.sdk/usr/include/stdlib.h
/Applications/Xcode.app/Contents/Developer/Platforms/MacOSX.platform/Developer/SDKs/MacOSX26.1.sdk/usr/include/string.h
/Applications/Xcode.app/Contents/Developer/Platforms/MacOSX.platform/Developer/SDKs/MacOSX26.1.sdk/usr/include/time.h
/Applications/Xcode.app/Contents/Developer/Platforms/MacOSX.platform/Developer/SDKs/MacOSX26.1.sdk/System/Library/Frameworks/CoreFoundation.framework/Headers/CFBase.h
/Applications/Xcode.app/Contents/Developer/Platforms/MacOSX.platform/Developer/SDKs/MacOSX26.1.sdk/System/Library/Frameworks/CoreFoundation.framework/Headers/CFAvailability.h
/Applications/Xcode.app/Contents/Developer/Platforms/MacOSX.platform/Developer/SDKs/MacOSX26.1.sdk/System/Library/Frameworks/CoreFoundation.framework/Headers/CFArray.h
/Applications/Xcode.app/Contents/Developer/Platforms/MacOSX.platform/Developer/SDKs/MacOSX26.1.sdk/System/Library/Frameworks/CoreFoundation.framework/Headers/CFBag.h
/Applications/Xcode.app/Contents/Developer/Platforms/MacOSX.platform/Developer/SDKs/MacOSX26.1.sdk/System/Library/Frameworks/CoreFoundation.framework/Headers/CFBinaryHeap.h
/Applications/Xcode.app/Contents/Developer/Platforms/MacOSX.platform/Developer/SDKs/MacOSX26.1.sdk/System/Library/Frameworks/CoreFoundation.framework/Headers/CFBitVector.h
/Applications/Xcode.app/Contents/Developer/Platforms/MacOSX.platform/Developer/SDKs/MacOSX26.1.sdk/System/Library/Frameworks/CoreFoundation.framework/Headers/CFByteOrder.h
/Applications/Xcode.app/Contents/Developer/Platforms/MacOSX.platform/Developer/SDKs/MacOSX26.1.sdk/System/Library/Frameworks/CoreFoundation.framework/Headers/CFCalendar.h
/Applications/Xcode.app/Contents/Developer/Platforms/MacOSX.platform/Developer/SDKs/MacOSX26.1.sdk/System/Library/Frameworks/CoreFoundation.framework/Headers/CFLocale.h
/Applications/Xcode.app/Contents/Developer/Platforms/MacOSX.platform/Developer/SDKs/MacOSX26.1.sdk/System/Library/Frameworks/CoreFoundation.framework/Headers/CFDictionary.h
/Applications/Xcode.app/Contents/Developer/Platforms/MacOSX.platform/Developer/SDKs/MacOSX26.1.sdk/System/Library/Frameworks/CoreFoundation.framework/Headers/CFNotificationCenter.h
/Applications/Xcode.app/Contents/Developer/Platforms/MacOSX.platform/Developer/SDKs/MacOSX26.1.sdk/System/Library/Frameworks/CoreFoundation.framework/Headers/CFDate.h
/Applications/Xcode.app/Contents/Developer/Platforms/MacOSX.platform/Developer/SDKs/MacOSX26.1.sdk/System/Library/Frameworks/CoreFoundation.framework/Headers/CFTimeZone.h
/Applications/Xcode.app/Contents/Developer/Platforms/MacOSX.platform/Developer/SDKs/MacOSX26.1.sdk/System/Library/Frameworks/CoreFoundation.framework/Headers/CFData.h
/Applications/Xcode.app/Contents/Developer/Platforms/MacOSX.platform/Developer/SDKs/MacOSX26.1.sdk/System/Library/Frameworks/CoreFoundation.framework/Headers/CFString.h
/Applications/Xcode.app/Contents/Developer/Platforms/MacOSX.platform/Developer/SDKs/MacOSX26.1.sdk/System/Library/Frameworks/CoreFoundation.framework/Headers/CFCharacterSet.h
/Applications/Xcode.app/Contents/Developer/Platforms/MacOSX.platform/Developer/SDKs/MacOSX26.1.sdk/System/Library/Frameworks/CoreFoundation.framework/Headers/CFError.h
/Applications/Xcode.app/Contents/Developer/Platforms/MacOSX.platform/Developer/SDKs/MacOSX26.1.sdk/System/Library/Frameworks/CoreFoundation.framework/Headers/CFCGTypes.h
/Applications/Xcode.app/Contents/Developer/Platforms/MacOSX.platform/Developer/SDKs/MacOSX26.1.sdk/System/Library/Frameworks/CoreFoundation.framework/Headers/CFDateFormatter.h
/Applications/Xcode.app/Contents/Developer/Platforms/MacOSX.platform/Developer/SDKs/MacOSX26.1.sdk/System/Library/Frameworks/CoreFoundation.framework/Headers/CFNumber.h
/Applications/Xcode.app/Contents/Developer/Platforms/MacOSX.platform/Developer/SDKs/MacOSX26.1.sdk/System/Library/Frameworks/CoreFoundation.framework/Headers/CFNumberFormatter.h
/Applications/Xcode.app/Contents/Developer/Platforms/MacOSX.platform/Developer/SDKs/MacOSX26.1.sdk/System/Library/Frameworks/CoreFoundation.framework/Headers/CFPreferences.h
/Applications/Xcode.app/Contents/Developer/Platforms/MacOSX.platform/Developer/SDKs/MacOSX26.1.sdk/System/Library/Frameworks/CoreFoundation.framework/Headers/CFPropertyList.h
/Applications/Xcode.app/Contents/Developer/Platforms/MacOSX.platform/Developer/SDKs/MacOSX26.1.sdk/System/Library/Frameworks/CoreFoundation.framework/Headers/CFStream.h
/Applications/Xcode.app/Contents/Developer/Platforms/MacOSX.platform/Developer/SDKs/MacOSX26.1.sdk/System/Library/Frameworks/CoreFoundation.framework/Headers/CFURL.h
/Applications/Xcode.app/Contents/Developer/Platforms/MacOSX.platform/Developer/SDKs/MacOSX26.1.sdk/System/Library/Frameworks/CoreFoundation.framework/Headers/CFRunLoop.h
/Applications/Xcode.app/Contents/Developer/Platforms/MacOSX.platform/Developer/SDKs/MacOSX26.1.sdk/System/Library/Frameworks/CoreFoundation.framework/Headers/CFSocket.h
/Applications/Xcode.app/Contents/Developer/Platforms/MacOSX.platform/Developer/SDKs/MacOSX26.1.sdk/System/Library/Frameworks/CoreFoundation.framework/Headers/CFSet.h
/Applications/Xcode.app/Contents/Developer/Platforms/MacOSX.platform/Developer/SDKs/MacOSX26.1.sdk/System/Library/Frameworks/CoreFoundation.framework/Headers/CFStringEncodingExt.h
/Applications/Xcode.app/Contents/Developer/Platforms/MacOSX.platform/Developer/SDKs/MacOSX26.1.sdk/System/Library/Frameworks/CoreFoundation.framework/Headers/CFTree.h
/Applications/Xcode.app/Contents/Developer/Platforms/MacOSX.platform/Developer/SDKs/MacOSX26.1.sdk/System/Library/Frameworks/CoreFoundation.framework/Headers/CFURLAccess.h
/Applications/Xcode.app/Contents/Developer/Platforms/MacOSX.platform/Developer/SDKs/MacOSX26.1.sdk/System/Library/Frameworks/CoreFoundation.framework/Headers/CFUUID.h
/Applications/Xcode.app/Contents/Developer/Platforms/MacOSX.platform/Developer/SDKs/MacOSX26.1.sdk/System/Library/Frameworks/CoreFoundation.framework/Headers/CFUtilities.h
/Applications/Xcode.app/Contents/Developer/Platforms/MacOSX.platform/Developer/SDKs/MacOSX26.1.sdk/System/Library/Frameworks/CoreFoundation.framework/Headers/CFBundle.h
/Applications/Xcode.app/Contents/Developer/Platforms/MacOSX.platform/Developer/SDKs/MacOSX26.1.sdk/System/Library/Frameworks/CoreFoundation.framework/Headers/CFMessagePort.h
/Applications/Xcode.app/Contents/Developer/Platforms/MacOSX.platform/Developer/SDKs/MacOSX26.1.sdk/System/Library/Frameworks/CoreFoundation.framework/Headers/CFPlugIn.h
/Applications/Xcode.app/Contents/Developer/Platforms/MacOSX.platform/Developer/SDKs/MacOSX26.1.sdk/System/Library/Frameworks/CoreFoundation.framework/Headers/CFMachPort.h
/Applications/Xcode.app/Contents/Developer/Platforms/MacOSX.platform/Developer/SDKs/MacOSX26.1.sdk/System/Library/Frameworks/CoreFoundation.framework/Headers/CFAttributedString.h
/Applications/Xcode.app/Contents/Developer/Platforms/MacOSX.platform/Developer/SDKs/MacOSX26.1.sdk/System/Library/Frameworks/CoreFoundation.framework/Headers/CFURLEnumerator.h
/Applications/Xcode.app/Contents/Developer/Platforms/MacOSX.platform/Developer/SDKs/MacOSX26.1.sdk/System/Library/Frameworks/CoreFoundation.framework/Headers/CFFileSecurity.h
/Applications/Xcode.app/Contents/Developer/Platforms/MacOSX.platform/Developer/SDKs/MacOSX26.1.sdk/System/Library/Frameworks/CoreFoundation.framework/Headers/CFStringTokenizer.h
/Applications/Xcode.app/Contents/Developer/Platforms/MacOSX.platform/Developer/SDKs/MacOSX26.1.sdk/System/Library/Frameworks/CoreFoundation.framework/Headers/CFFileDescriptor.h
/Applications/Xcode.app/Contents/Developer/Platforms/MacOSX.platform/Developer/SDKs/MacOSX26.1.sdk/System/Library/Frameworks/CoreFoundation.framework/Headers/CFUserNotification.h
/Applications/Xcode.app/Contents/Developer/Platforms/MacOSX.platform/Developer/SDKs/MacOSX26.1.sdk/System/Library/Frameworks/CoreFoundation.framework/Headers/CFXMLNode.h
/Applications/Xcode.app/Contents/Developer/Platforms/MacOSX.platform/Developer/SDKs/MacOSX26.1.sdk/System/Library/Frameworks/CoreFoundation.framework/Headers/CFXMLParser.h
/Applications/Xcode.app/Contents/Developer/Platforms/MacOSX.platform/Developer/SDKs/MacOSX26.1.sdk/System/Library/Frameworks/CoreFoundation.framework/Headers/CFPlugInCOM.h
/Applications/Xcode.app/Contents/Developer/Platforms/MacOSX.platform/Developer/SDKs/MacOSX26.1.sdk/SDKSettings.json
/Applications/Xcode.app/Contents/Developer/Toolchains/XcodeDefault.xctoolchain/usr/lib/swift/macosx/prebuilt-modules/26.1/CoreFoundation.swiftmodule/arm64e-apple-macos.swiftmodule
/Applications/Xcode.app/Contents/Developer/Platforms/MacOSX.platform/Developer/SDKs/MacOSX26.1.sdk/System/Library/Frameworks/CoreServices.framework/Modules/module.modulemap
/Applications/Xcode.app/Contents/Developer/Platforms/MacOSX.platform/Developer/SDKs/MacOSX26.1.sdk/System/Library/Frameworks/CoreServices.framework/Headers/CoreServices.h
/Applications/Xcode.app/Contents/Developer/Platforms/MacOSX.platform/Developer/SDKs/MacOSX26.1.sdk/System/Library/Frameworks/CoreFoundation.framework/Modules/module.modulemap
/Applications/Xcode.app/Contents/Developer/Platforms/MacOSX.platform/Developer/SDKs/MacOSX26.1.sdk/System/Library/Frameworks/CoreServices.framework/Frameworks/AE.framework/Headers/AE.h
/Applications/Xcode.app/Contents/Developer/Platforms/MacOSX.platform/Developer/SDKs/MacOSX26.1.sdk/System/Library/Frameworks/CoreServices.framework/Frameworks/CarbonCore.framework/Headers/CarbonCore.h
/Applications/Xcode.app/Contents/Developer/Platforms/MacOSX.platform/Developer/SDKs/MacOSX26.1.sdk/System/Library/Frameworks/CoreServices.framework/Frameworks/CarbonCore.framework/Headers/Finder.h
/Applications/Xcode.app/Contents/Developer/Platforms/MacOSX.platform/Developer/SDKs/MacOSX26.1.sdk/usr/include/dispatch.modulemap
/Applications/Xcode.app/Contents/Developer/Platforms/MacOSX.platform/Developer/SDKs/MacOSX26.1.sdk/usr/include/Darwin.modulemap
/Applications/Xcode.app/Contents/Developer/Platforms/MacOSX.platform/Developer/SDKs/MacOSX26.1.sdk/usr/include/DarwinFoundation2.modulemap
/Applications/Xcode.app/Contents/Developer/Platforms/MacOSX.platform/Developer/SDKs/MacOSX26.1.sdk/usr/include/DarwinFoundation1.modulemap
/Applications/Xcode.app/Contents/Developer/Platforms/MacOSX.platform/Developer/SDKs/MacOSX26.1.sdk/System/Library/Frameworks/CoreServices.framework/Frameworks/CarbonCore.framework/Headers/FixMath.h
/Applications/Xcode.app/Contents/Developer/Platforms/MacOSX.platform/Developer/SDKs/MacOSX26.1.sdk/System/Library/Frameworks/CoreServices.framework/Frameworks/CarbonCore.framework/Headers/Script.h
/Applications/Xcode.app/Contents/Developer/Platforms/MacOSX.platform/Developer/SDKs/MacOSX26.1.sdk/System/Library/Frameworks/CoreServices.framework/Frameworks/CarbonCore.framework/Headers/IntlResources.h
/Applications/Xcode.app/Contents/Developer/Platforms/MacOSX.platform/Developer/SDKs/MacOSX26.1.sdk/System/Library/Frameworks/CoreServices.framework/Frameworks/CarbonCore.framework/Headers/UTCUtils.h
/Applications/Xcode.app/Contents/Developer/Platforms/MacOSX.platform/Developer/SDKs/MacOSX26.1.sdk/System/Library/Frameworks/CoreServices.framework/Frameworks/CarbonCore.framework/Headers/MacErrors.h
/Applications/Xcode.app/Contents/Developer/Platforms/MacOSX.platform/Developer/SDKs/MacOSX26.1.sdk/System/Library/Frameworks/CoreServices.framework/Frameworks/CarbonCore.framework/Headers/TextCommon.h
/Applications/Xcode.app/Contents/Developer/Platforms/MacOSX.platform/Developer/SDKs/MacOSX26.1.sdk/System/Library/Frameworks/CoreServices.framework/Frameworks/CarbonCore.framework/Headers/Collections.h
/Applications/Xcode.app/Contents/Developer/Platforms/MacOSX.platform/Developer/SDKs/MacOSX26.1.sdk/System/Library/Frameworks/CoreServices.framework/Frameworks/CarbonCore.framework/Headers/MixedMode.h
/Applications/Xcode.app/Contents/Developer/Platforms/MacOSX.platform/Developer/SDKs/MacOSX26.1.sdk/System/Library/Frameworks/CoreServices.framework/Frameworks/CarbonCore.framework/Headers/Endian.h
/Applications/Xcode.app/Contents/Developer/Platforms/MacOSX.platform/Developer/SDKs/MacOSX26.1.sdk/System/Library/Frameworks/CoreServices.framework/Frameworks/CarbonCore.framework/Headers/Gestalt.h
/Applications/Xcode.app/Contents/Developer/Platforms/MacOSX.platform/Developer/SDKs/MacOSX26.1.sdk/System/Library/Frameworks/CoreServices.framework/Frameworks/CarbonCore.framework/Headers/MacMemory.h
/Applications/Xcode.app/Contents/Developer/Platforms/MacOSX.platform/Developer/SDKs/MacOSX26.1.sdk/System/Library/Frameworks/CoreServices.framework/Frameworks/CarbonCore.framework/Headers/Math64.h
/Applications/Xcode.app/Contents/Developer/Platforms/MacOSX.platform/Developer/SDKs/MacOSX26.1.sdk/System/Library/Frameworks/CoreServices.framework/Frameworks/CarbonCore.framework/Headers/BackupCore.h
/Applications/Xcode.app/Contents/Developer/Platforms/MacOSX.platform/Developer/SDKs/MacOSX26.1.sdk/System/Library/Frameworks/CoreServices.framework/Frameworks/CarbonCore.framework/Headers/DiskSpaceRecovery.h
/Applications/Xcode.app/Contents/Developer/Platforms/MacOSX.platform/Developer/SDKs/MacOSX26.1.sdk/System/Library/Frameworks/CoreServices.framework/Frameworks/CarbonCore.framework/Headers/Components.h
/Applications/Xcode.app/Contents/Developer/Platforms/MacOSX.platform/Developer/SDKs/MacOSX26.1.sdk/System/Library/Frameworks/CoreServices.framework/Frameworks/CarbonCore.framework/Headers/Files.h
/Applications/Xcode.app/Contents/Developer/Platforms/MacOSX.platform/Developer/SDKs/MacOSX26.1.sdk/System/Library/Frameworks/CoreServices.framework/Frameworks/CarbonCore.framework/Headers/OSUtils.h
/Applications/Xcode.app/Contents/Developer/Platforms/MacOSX.platform/Developer/SDKs/MacOSX26.1.sdk/System/Library/Frameworks/CoreServices.framework/Frameworks/CarbonCore.framework/Headers/DateTimeUtils.h
/Applications/Xcode.app/Contents/Developer/Platforms/MacOSX.platform/Developer/SDKs/MacOSX26.1.sdk/System/Library/Frameworks/DiskArbitration.framework/Modules/module.modulemap
/Applications/Xcode.app/Contents/Developer/Platforms/MacOSX.platform/Developer/SDKs/MacOSX26.1.sdk/System/Library/Frameworks/CoreServices.framework/Frameworks/CarbonCore.framework/Headers/Resources.h
/Applications/Xcode.app/Contents/Developer/Platforms/MacOSX.platform/Developer/SDKs/MacOSX26.1.sdk/System/Library/Frameworks/CoreServices.framework/Frameworks/CarbonCore.framework/Headers/CodeFragments.h
/Applications/Xcode.app/Contents/Developer/Platforms/MacOSX.platform/Developer/SDKs/MacOSX26.1.sdk/System/Library/Frameworks/CoreServices.framework/Frameworks/CarbonCore.framework/Headers/Multiprocessing.h
/Applications/Xcode.app/Contents/Developer/Platforms/MacOSX.platform/Developer/SDKs/MacOSX26.1.sdk/System/Library/Frameworks/CoreServices.framework/Frameworks/CarbonCore.framework/Headers/Aliases.h
/Applications/Xcode.app/Contents/Developer/Platforms/MacOSX.platform/Developer/SDKs/MacOSX26.1.sdk/System/Library/Frameworks/CoreServices.framework/Frameworks/CarbonCore.framework/Headers/MacLocales.h
/Applications/Xcode.app/Contents/Developer/Platforms/MacOSX.platform/Developer/SDKs/MacOSX26.1.sdk/System/Library/Frameworks/CoreServices.framework/Frameworks/CarbonCore.framework/Headers/Debugging.h
/Applications/Xcode.app/Contents/Developer/Platforms/MacOSX.platform/Developer/SDKs/MacOSX26.1.sdk/System/Library/Frameworks/CoreServices.framework/Frameworks/CarbonCore.framework/Headers/PLStringFuncs.h
/Applications/Xcode.app/Contents/Developer/Platforms/MacOSX.platform/Developer/SDKs/MacOSX26.1.sdk/System/Library/Frameworks/CoreServices.framework/Frameworks/CarbonCore.framework/Headers/DriverSynchronization.h
/Applications/Xcode.app/Contents/Developer/Platforms/MacOSX.platform/Developer/SDKs/MacOSX26.1.sdk/System/Library/Frameworks/CoreServices.framework/Frameworks/CarbonCore.framework/Headers/DriverServices.h
/Applications/Xcode.app/Contents/Developer/Platforms/MacOSX.platform/Developer/SDKs/MacOSX26.1.sdk/System/Library/Frameworks/CoreServices.framework/Frameworks/CarbonCore.framework/Headers/MachineExceptions.h
/Applications/Xcode.app/Contents/Developer/Platforms/MacOSX.platform/Developer/SDKs/MacOSX26.1.sdk/System/Library/Frameworks/CoreServices.framework/Frameworks/CarbonCore.framework/Headers/NumberFormatting.h
/Applications/Xcode.app/Contents/Developer/Platforms/MacOSX.platform/Developer/SDKs/MacOSX26.1.sdk/System/Library/Frameworks/CoreServices.framework/Frameworks/CarbonCore.framework/Headers/StringCompare.h
/Applications/Xcode.app/Contents/Developer/Platforms/MacOSX.platform/Developer/SDKs/MacOSX26.1.sdk/System/Library/Frameworks/CoreServices.framework/Frameworks/CarbonCore.framework/Headers/TextUtils.h
/Applications/Xcode.app/Contents/Developer/Platforms/MacOSX.platform/Developer/SDKs/MacOSX26.1.sdk/System/Library/Frameworks/CoreServices.framework/Frameworks/CarbonCore.framework/Headers/ToolUtils.h
/Applications/Xcode.app/Contents/Developer/Platforms/MacOSX.platform/Developer/SDKs/MacOSX26.1.sdk/System/Library/Frameworks/CoreServices.framework/Frameworks/CarbonCore.framework/Headers/UnicodeUtilities.h
/Applications/Xcode.app/Contents/Developer/Platforms/MacOSX.platform/Developer/SDKs/MacOSX26.1.sdk/System/Library/Frameworks/CoreServices.framework/Frameworks/CarbonCore.framework/Headers/fp.h
/Applications/Xcode.app/Contents/Developer/Platforms/MacOSX.platform/Developer/SDKs/MacOSX26.1.sdk/System/Library/Frameworks/CoreServices.framework/Frameworks/CarbonCore.framework/Headers/TextEncodingConverter.h
/Applications/Xcode.app/Contents/Developer/Platforms/MacOSX.platform/Developer/SDKs/MacOSX26.1.sdk/System/Library/Frameworks/CoreServices.framework/Frameworks/CarbonCore.framework/Headers/UnicodeConverter.h
/Applications/Xcode.app/Contents/Developer/Platforms/MacOSX.platform/Developer/SDKs/MacOSX26.1.sdk/System/Library/Frameworks/CoreServices.framework/Frameworks/CarbonCore.framework/Headers/Threads.h
/Applications/Xcode.app/Contents/Developer/Platforms/MacOSX.platform/Developer/SDKs/MacOSX26.1.sdk/System/Library/Frameworks/CoreServices.framework/Frameworks/CarbonCore.framework/Headers/Folders.h
/Applications/Xcode.app/Contents/Developer/Platforms/MacOSX.platform/Developer/SDKs/MacOSX26.1.sdk/System/Library/Frameworks/CoreServices.framework/Frameworks/CarbonCore.framework/Headers/Timer.h
/Applications/Xcode.app/Contents/Developer/Platforms/MacOSX.platform/Developer/SDKs/MacOSX26.1.sdk/System/Library/Frameworks/CoreServices.framework/Frameworks/CarbonCore.framework/Headers/MultiprocessingInfo.h
/Applications/Xcode.app/Contents/Developer/Platforms/MacOSX.platform/Developer/SDKs/MacOSX26.1.sdk/System/Library/Frameworks/CoreServices.framework/Frameworks/CarbonCore.framework/Headers/LowMem.h
/Applications/Xcode.app/Contents/Developer/Platforms/MacOSX.platform/Developer/SDKs/MacOSX26.1.sdk/System/Library/Frameworks/CoreServices.framework/Frameworks/CarbonCore.framework/Headers/AVLTree.h
/Applications/Xcode.app/Contents/Developer/Platforms/MacOSX.platform/Developer/SDKs/MacOSX26.1.sdk/System/Library/Frameworks/CoreServices.framework/Frameworks/CarbonCore.framework/Headers/PEFBinaryFormat.h
/Applications/Xcode.app/Contents/Developer/Platforms/MacOSX.platform/Developer/SDKs/MacOSX26.1.sdk/System/Library/Frameworks/CoreServices.framework/Frameworks/CarbonCore.framework/Headers/HFSVolumes.h
/Applications/Xcode.app/Contents/Developer/Platforms/MacOSX.platform/Developer/SDKs/MacOSX26.1.sdk/System/Library/Frameworks/CoreServices.framework/Frameworks/CarbonCore.framework/Headers/AIFF.h
/Applications/Xcode.app/Contents/Developer/Toolchains/XcodeDefault.xctoolchain/usr/lib/swift/clang/include/module.modulemap
/Applications/Xcode.app/Contents/Developer/Platforms/MacOSX.platform/Developer/SDKs/MacOSX26.1.sdk/System/Library/Frameworks/CoreServices.framework/Frameworks/CarbonCore.framework/Headers/TextEncodingPlugin.h
/Applications/Xcode.app/Contents/Developer/Platforms/MacOSX.platform/Developer/SDKs/MacOSX26.1.sdk/System/Library/Frameworks/CoreServices.framework/Frameworks/AE.framework/Headers/AEDataModel.h
/Applications/Xcode.app/Contents/Developer/Platforms/MacOSX.platform/Developer/SDKs/MacOSX26.1.sdk/System/Library/Frameworks/CoreServices.framework/Frameworks/AE.framework/Headers/AppleEvents.h
/Applications/Xcode.app/Contents/Developer/Platforms/MacOSX.platform/Developer/SDKs/MacOSX26.1.sdk/System/Library/Frameworks/CoreServices.framework/Frameworks/AE.framework/Headers/AEPackObject.h
/Applications/Xcode.app/Contents/Developer/Platforms/MacOSX.platform/Developer/SDKs/MacOSX26.1.sdk/System/Library/Frameworks/CoreServices.framework/Frameworks/AE.framework/Headers/AEObjects.h
/Applications/Xcode.app/Contents/Developer/Platforms/MacOSX.platform/Developer/SDKs/MacOSX26.1.sdk/System/Library/Frameworks/CoreServices.framework/Frameworks/AE.framework/Headers/AERegistry.h
/Applications/Xcode.app/Contents/Developer/Platforms/MacOSX.platform/Developer/SDKs/MacOSX26.1.sdk/System/Library/Frameworks/CoreServices.framework/Frameworks/AE.framework/Headers/AEUserTermTypes.h
/Applications/Xcode.app/Contents/Developer/Platforms/MacOSX.platform/Developer/SDKs/MacOSX26.1.sdk/System/Library/Frameworks/CoreServices.framework/Frameworks/AE.framework/Headers/AEHelpers.h
/Applications/Xcode.app/Contents/Developer/Toolchains/XcodeDefault.xctoolchain/usr/lib/swift/clang/include/stdarg.h
/Applications/Xcode.app/Contents/Developer/Platforms/MacOSX.platform/Developer/SDKs/MacOSX26.1.sdk/System/Library/Frameworks/CoreServices.framework/Frameworks/AE.framework/Headers/AEMach.h
/Applications/Xcode.app/Contents/Developer/Platforms/MacOSX.platform/Developer/SDKs/MacOSX26.1.sdk/System/Library/Frameworks/CFNetwork.framework/Modules/module.modulemap
/Applications/Xcode.app/Contents/Developer/Platforms/MacOSX.platform/Developer/SDKs/MacOSX26.1.sdk/System/Library/Frameworks/CoreServices.framework/Frameworks/DictionaryServices.framework/Headers/DictionaryServices.h
/Applications/Xcode.app/Contents/Developer/Platforms/MacOSX.platform/Developer/SDKs/MacOSX26.1.sdk/System/Library/Frameworks/CoreServices.framework/Frameworks/LaunchServices.framework/Headers/LaunchServices.h
/Applications/Xcode.app/Contents/Developer/Platforms/MacOSX.platform/Developer/SDKs/MacOSX26.1.sdk/System/Library/Frameworks/CoreServices.framework/Frameworks/LaunchServices.framework/Headers/IconsCore.h
/Applications/Xcode.app/Contents/Developer/Platforms/MacOSX.platform/Developer/SDKs/MacOSX26.1.sdk/System/Library/Frameworks/CoreServices.framework/Frameworks/OSServices.framework/Headers/OSServices.h
/Applications/Xcode.app/Contents/Developer/Platforms/MacOSX.platform/Developer/SDKs/MacOSX26.1.sdk/System/Library/Frameworks/CoreServices.framework/Frameworks/OSServices.framework/Headers/CSIdentity.h
/Applications/Xcode.app/Contents/Developer/Platforms/MacOSX.platform/Developer/SDKs/MacOSX26.1.sdk/System/Library/Frameworks/CoreServices.framework/Frameworks/OSServices.framework/Headers/CSIdentityBase.h
/Applications/Xcode.app/Contents/Developer/Platforms/MacOSX.platform/Developer/SDKs/MacOSX26.1.sdk/System/Library/Frameworks/Security.framework/Modules/module.modulemap
/Applications/Xcode.app/Contents/Developer/Platforms/MacOSX.platform/Developer/SDKs/MacOSX26.1.sdk/System/Library/Frameworks/CoreServices.framework/Frameworks/OSServices.framework/Headers/CSIdentityAuthority.h
/Applications/Xcode.app/Contents/Developer/Platforms/MacOSX.platform/Developer/SDKs/MacOSX26.1.sdk/System/Library/Frameworks/CoreServices.framework/Frameworks/OSServices.framework/Headers/CSIdentityQuery.h
/Applications/Xcode.app/Contents/Developer/Platforms/MacOSX.platform/Developer/SDKs/MacOSX26.1.sdk/System/Library/Frameworks/CoreServices.framework/Frameworks/OSServices.framework/Headers/IconStorage.h
/Applications/Xcode.app/Contents/Developer/Platforms/MacOSX.platform/Developer/SDKs/MacOSX26.1.sdk/System/Library/Frameworks/CoreServices.framework/Frameworks/OSServices.framework/Headers/Power.h
/Applications/Xcode.app/Contents/Developer/Platforms/MacOSX.platform/Developer/SDKs/MacOSX26.1.sdk/System/Library/Frameworks/CoreServices.framework/Frameworks/OSServices.framework/Headers/SecurityCore.h
/Applications/Xcode.app/Contents/Developer/Platforms/MacOSX.platform/Developer/SDKs/MacOSX26.1.sdk/System/Library/Frameworks/CoreServices.framework/Frameworks/OSServices.framework/Headers/KeychainCore.h
/Applications/Xcode.app/Contents/Developer/Platforms/MacOSX.platform/Developer/SDKs/MacOSX26.1.sdk/System/Library/Frameworks/CoreServices.framework/Frameworks/OSServices.framework/Headers/WSMethodInvocation.h
/Applications/Xcode.app/Contents/Developer/Platforms/MacOSX.platform/Developer/SDKs/MacOSX26.1.sdk/System/Library/Frameworks/CoreServices.framework/Frameworks/OSServices.framework/Headers/WSTypes.h
/Applications/Xcode.app/Contents/Developer/Platforms/MacOSX.platform/Developer/SDKs/MacOSX26.1.sdk/System/Library/Frameworks/CoreServices.framework/Frameworks/OSServices.framework/Headers/WSProtocolHandler.h
/Applications/Xcode.app/Contents/Developer/Platforms/MacOSX.platform/Developer/SDKs/MacOSX26.1.sdk/System/Library/Frameworks/CoreServices.framework/Frameworks/LaunchServices.framework/Headers/LSConstants.h
/Applications/Xcode.app/Contents/Developer/Platforms/MacOSX.platform/Developer/SDKs/MacOSX26.1.sdk/System/Library/Frameworks/CoreServices.framework/Frameworks/LaunchServices.framework/Headers/LSInfo.h
/Applications/Xcode.app/Contents/Developer/Platforms/MacOSX.platform/Developer/SDKs/MacOSX26.1.sdk/System/Library/Frameworks/CoreServices.framework/Frameworks/LaunchServices.framework/Headers/LSInfoDeprecated.h
/Applications/Xcode.app/Contents/Developer/Platforms/MacOSX.platform/Developer/SDKs/MacOSX26.1.sdk/System/Library/Frameworks/CoreServices.framework/Frameworks/LaunchServices.framework/Headers/LSOpen.h
/Applications/Xcode.app/Contents/Developer/Platforms/MacOSX.platform/Developer/SDKs/MacOSX26.1.sdk/System/Library/Frameworks/CoreServices.framework/Frameworks/LaunchServices.framework/Headers/LSOpenDeprecated.h
/Applications/Xcode.app/Contents/Developer/Platforms/MacOSX.platform/Developer/SDKs/MacOSX26.1.sdk/System/Library/Frameworks/CoreServices.framework/Frameworks/LaunchServices.framework/Headers/LSQuarantine.h
/Applications/Xcode.app/Contents/Developer/Platforms/MacOSX.platform/Developer/SDKs/MacOSX26.1.sdk/System/Library/Frameworks/CoreServices.framework/Frameworks/LaunchServices.framework/Headers/UTCoreTypes.h
/Applications/Xcode.app/Contents/Developer/Platforms/MacOSX.platform/Developer/SDKs/MacOSX26.1.sdk/System/Library/Frameworks/CoreServices.framework/Frameworks/LaunchServices.framework/Headers/UTType.h
/Applications/Xcode.app/Contents/Developer/Platforms/MacOSX.platform/Developer/SDKs/MacOSX26.1.sdk/System/Library/Frameworks/CoreServices.framework/Frameworks/Metadata.framework/Headers/Metadata.h
/Applications/Xcode.app/Contents/Developer/Platforms/MacOSX.platform/Developer/SDKs/MacOSX26.1.sdk/System/Library/Frameworks/CoreServices.framework/Frameworks/Metadata.framework/Headers/MDItem.h
/Applications/Xcode.app/Contents/Developer/Platforms/MacOSX.platform/Developer/SDKs/MacOSX26.1.sdk/System/Library/Frameworks/CoreServices.framework/Frameworks/Metadata.framework/Headers/MDLabel.h
/Applications/Xcode.app/Contents/Developer/Platforms/MacOSX.platform/Developer/SDKs/MacOSX26.1.sdk/System/Library/Frameworks/CoreServices.framework/Frameworks/Metadata.framework/Headers/MDQuery.h
/Applications/Xcode.app/Contents/Developer/Platforms/MacOSX.platform/Developer/SDKs/MacOSX26.1.sdk/System/Library/Frameworks/CoreServices.framework/Frameworks/Metadata.framework/Headers/MDSchema.h
/Applications/Xcode.app/Contents/Developer/Platforms/MacOSX.platform/Developer/SDKs/MacOSX26.1.sdk/System/Library/Frameworks/CoreServices.framework/Frameworks/Metadata.framework/Headers/MDImporter.h
/Applications/Xcode.app/Contents/Developer/Platforms/MacOSX.platform/Developer/SDKs/MacOSX26.1.sdk/System/Library/Frameworks/CoreServices.framework/Frameworks/SearchKit.framework/Headers/SearchKit.h
/Applications/Xcode.app/Contents/Developer/Platforms/MacOSX.platform/Developer/SDKs/MacOSX26.1.sdk/System/Library/Frameworks/CoreServices.framework/Frameworks/SearchKit.framework/Headers/SKDocument.h
/Applications/Xcode.app/Contents/Developer/Platforms/MacOSX.platform/Developer/SDKs/MacOSX26.1.sdk/System/Library/Frameworks/CoreServices.framework/Frameworks/SearchKit.framework/Headers/SKAnalysis.h
/Applications/Xcode.app/Contents/Developer/Platforms/MacOSX.platform/Developer/SDKs/MacOSX26.1.sdk/System/Library/Frameworks/CoreServices.framework/Frameworks/SearchKit.framework/Headers/SKIndex.h
/Applications/Xcode.app/Contents/Developer/Platforms/MacOSX.platform/Developer/SDKs/MacOSX26.1.sdk/System/Library/Frameworks/CoreServices.framework/Frameworks/SearchKit.framework/Headers/SKSearch.h
/Applications/Xcode.app/Contents/Developer/Platforms/MacOSX.platform/Developer/SDKs/MacOSX26.1.sdk/System/Library/Frameworks/CoreServices.framework/Frameworks/SearchKit.framework/Headers/SKSummary.h
/Applications/Xcode.app/Contents/Developer/Platforms/MacOSX.platform/Developer/SDKs/MacOSX26.1.sdk/System/Library/Frameworks/CoreServices.framework/Frameworks/FSEvents.framework/Headers/FSEvents.h
/Applications/Xcode.app/Contents/Developer/Platforms/MacOSX.platform/Developer/SDKs/MacOSX26.1.sdk/System/Library/Frameworks/CoreServices.framework/Frameworks/SharedFileList.framework/Headers/SharedFileList.h
/Applications/Xcode.app/Contents/Developer/Platforms/MacOSX.platform/Developer/SDKs/MacOSX26.1.sdk/System/Library/Frameworks/CoreServices.framework/Frameworks/SharedFileList.framework/Headers/LSSharedFileList.h
/Applications/Xcode.app/Contents/Developer/Platforms/MacOSX.platform/Developer/SDKs/MacOSX26.1.sdk/SDKSettings.json
/Applications/Xcode.app/Contents/Developer/Toolchains/XcodeDefault.xctoolchain/usr/lib/swift/macosx/prebuilt-modules/26.1/Darwin.swiftmodule/arm64e-apple-macos.swiftmodule
/Applications/Xcode.app/Contents/Developer/Platforms/MacOSX.platform/Developer/SDKs/MacOSX26.1.sdk/usr/include/Darwin.modulemap
/Applications/Xcode.app/Contents/Developer/Platforms/MacOSX.platform/Developer/SDKs/MacOSX26.1.sdk/usr/include/Darwin_C.modulemap
/Applications/Xcode.app/Contents/Developer/Platforms/MacOSX.platform/Developer/SDKs/MacOSX26.1.sdk/usr/include/Darwin_POSIX.modulemap
/Applications/Xcode.app/Contents/Developer/Platforms/MacOSX.platform/Developer/SDKs/MacOSX26.1.sdk/usr/include/net.modulemap
/Applications/Xcode.app/Contents/Developer/Platforms/MacOSX.platform/Developer/SDKs/MacOSX26.1.sdk/usr/include/netinet.modulemap
/Applications/Xcode.app/Contents/Developer/Platforms/MacOSX.platform/Developer/SDKs/MacOSX26.1.sdk/usr/include/bank.modulemap
/Applications/Xcode.app/Contents/Developer/Platforms/MacOSX.platform/Developer/SDKs/MacOSX26.1.sdk/usr/include/Darwin_Mach.modulemap
/Applications/Xcode.app/Contents/Developer/Platforms/MacOSX.platform/Developer/SDKs/MacOSX26.1.sdk/usr/include/Darwin_Mach_machine.modulemap
/Applications/Xcode.app/Contents/Developer/Platforms/MacOSX.platform/Developer/SDKs/MacOSX26.1.sdk/usr/include/mach_debug.modulemap
/Applications/Xcode.app/Contents/Developer/Platforms/MacOSX.platform/Developer/SDKs/MacOSX26.1.sdk/usr/include/device.modulemap
/Applications/Xcode.app/Contents/Developer/Platforms/MacOSX.platform/Developer/SDKs/MacOSX26.1.sdk/usr/include/Darwin_machine.modulemap
/Applications/Xcode.app/Contents/Developer/Platforms/MacOSX.platform/Developer/SDKs/MacOSX26.1.sdk/usr/include/ncurses.modulemap
/Applications/Xcode.app/Contents/Developer/Platforms/MacOSX.platform/Developer/SDKs/MacOSX26.1.sdk/usr/include/netinet6.modulemap
/Applications/Xcode.app/Contents/Developer/Platforms/MacOSX.platform/Developer/SDKs/MacOSX26.1.sdk/usr/include/Darwin_sys.modulemap
/Applications/Xcode.app/Contents/Developer/Platforms/MacOSX.platform/Developer/SDKs/MacOSX26.1.sdk/usr/include/uuid.modulemap
/Applications/Xcode.app/Contents/Developer/Platforms/MacOSX.platform/Developer/SDKs/MacOSX26.1.sdk/usr/include/DarwinFoundation2.modulemap
/Applications/Xcode.app/Contents/Developer/Platforms/MacOSX.platform/Developer/SDKs/MacOSX26.1.sdk/usr/include/DarwinFoundation3.modulemap
/Applications/Xcode.app/Contents/Developer/Platforms/MacOSX.platform/Developer/SDKs/MacOSX26.1.sdk/usr/include/DarwinFoundation1.modulemap
/Applications/Xcode.app/Contents/Developer/Platforms/MacOSX.platform/Developer/SDKs/MacOSX26.1.sdk/usr/include/copyfile.h
/Applications/Xcode.app/Contents/Developer/Toolchains/XcodeDefault.xctoolchain/usr/lib/swift/clang/include/module.modulemap
/Applications/Xcode.app/Contents/Developer/Platforms/MacOSX.platform/Developer/SDKs/MacOSX26.1.sdk/usr/include/err.h
/Applications/Xcode.app/Contents/Developer/Platforms/MacOSX.platform/Developer/SDKs/MacOSX26.1.sdk/usr/include/readpassphrase.h
/Applications/Xcode.app/Contents/Developer/Platforms/MacOSX.platform/Developer/SDKs/MacOSX26.1.sdk/usr/include/util.h
/Applications/Xcode.app/Contents/Developer/Platforms/MacOSX.platform/Developer/SDKs/MacOSX26.1.sdk/usr/include/sys/ttycom.h
/Applications/Xcode.app/Contents/Developer/Platforms/MacOSX.platform/Developer/SDKs/MacOSX26.1.sdk/usr/include/sys/ioccom.h
/Applications/Xcode.app/Contents/Developer/Platforms/MacOSX.platform/Developer/SDKs/MacOSX26.1.sdk/usr/include/stdio.h
/Applications/Xcode.app/Contents/Developer/Platforms/MacOSX.platform/Developer/SDKs/MacOSX26.1.sdk/usr/include/pwd.h
/Applications/Xcode.app/Contents/Developer/Platforms/MacOSX.platform/Developer/SDKs/MacOSX26.1.sdk/usr/include/uuid/uuid.h
/Applications/Xcode.app/Contents/Developer/Platforms/MacOSX.platform/Developer/SDKs/MacOSX26.1.sdk/usr/include/termios.h
/Applications/Xcode.app/Contents/Developer/Platforms/MacOSX.platform/Developer/SDKs/MacOSX26.1.sdk/usr/include/sys/termios.h
/Applications/Xcode.app/Contents/Developer/Platforms/MacOSX.platform/Developer/SDKs/MacOSX26.1.sdk/usr/include/sys/ttydefaults.h
/Applications/Xcode.app/Contents/Developer/Platforms/MacOSX.platform/Developer/SDKs/MacOSX26.1.sdk/usr/include/utmp.h
/Applications/Xcode.app/Contents/Developer/Platforms/MacOSX.platform/Developer/SDKs/MacOSX26.1.sdk/usr/include/xattr_flags.h
/Applications/Xcode.app/Contents/Developer/Platforms/MacOSX.platform/Developer/SDKs/MacOSX26.1.sdk/usr/include/_modules/_darwin_c_ctype.h
/Applications/Xcode.app/Contents/Developer/Platforms/MacOSX.platform/Developer/SDKs/MacOSX26.1.sdk/usr/include/ctype.h
/Applications/Xcode.app/Contents/Developer/Platforms/MacOSX.platform/Developer/SDKs/MacOSX26.1.sdk/usr/include/_modules/_darwin_c_errno.h
/Applications/Xcode.app/Contents/Developer/Platforms/MacOSX.platform/Developer/SDKs/MacOSX26.1.sdk/usr/include/_modules/_darwin_c_inttypes.h
/Applications/Xcode.app/Contents/Developer/Platforms/MacOSX.platform/Developer/SDKs/MacOSX26.1.sdk/usr/include/_modules/_darwin_c_limits.h
/Applications/Xcode.app/Contents/Developer/Platforms/MacOSX.platform/Developer/SDKs/MacOSX26.1.sdk/usr/include/_modules/_darwin_c_signal.h
/Applications/Xcode.app/Contents/Developer/Platforms/MacOSX.platform/Developer/SDKs/MacOSX26.1.sdk/usr/include/_modules/_darwin_c_stdarg.h
/Applications/Xcode.app/Contents/Developer/Toolchains/XcodeDefault.xctoolchain/usr/lib/swift/clang/include/stdarg.h
/Applications/Xcode.app/Contents/Developer/Platforms/MacOSX.platform/Developer/SDKs/MacOSX26.1.sdk/usr/include/_modules/_darwin_c_stdbool.h
/Applications/Xcode.app/Contents/Developer/Platforms/MacOSX.platform/Developer/SDKs/MacOSX26.1.sdk/usr/include/_modules/_darwin_c_stddef.h
/Applications/Xcode.app/Contents/Developer/Toolchains/XcodeDefault.xctoolchain/usr/lib/swift/clang/include/stddef.h
/Applications/Xcode.app/Contents/Developer/Platforms/MacOSX.platform/Developer/SDKs/MacOSX26.1.sdk/usr/include/_modules/_darwin_c_stdint.h
/Applications/Xcode.app/Contents/Developer/Platforms/MacOSX.platform/Developer/SDKs/MacOSX26.1.sdk/usr/include/_modules/_darwin_c_stdio.h
/Applications/Xcode.app/Contents/Developer/Platforms/MacOSX.platform/Developer/SDKs/MacOSX26.1.sdk/usr/include/_modules/_darwin_c_stdlib.h
/Applications/Xcode.app/Contents/Developer/Platforms/MacOSX.platform/Developer/SDKs/MacOSX26.1.sdk/usr/include/stdlib.h
/Applications/Xcode.app/Contents/Developer/Platforms/MacOSX.platform/Developer/SDKs/MacOSX26.1.sdk/usr/include/_modules/_darwin_c_string.h
/Applications/Xcode.app/Contents/Developer/Platforms/MacOSX.platform/Developer/SDKs/MacOSX26.1.sdk/usr/include/string.h
/Applications/Xcode.app/Contents/Developer/Platforms/MacOSX.platform/Developer/SDKs/MacOSX26.1.sdk/usr/include/_modules/_darwin_c_time.h
/Applications/Xcode.app/Contents/Developer/Platforms/MacOSX.platform/Developer/SDKs/MacOSX26.1.sdk/usr/include/time.h
/Applications/Xcode.app/Contents/Developer/Platforms/MacOSX.platform/Developer/SDKs/MacOSX26.1.sdk/usr/include/_modules/_darwin_c_wchar.h
/Applications/Xcode.app/Contents/Developer/Platforms/MacOSX.platform/Developer/SDKs/MacOSX26.1.sdk/usr/include/wchar.h
/Applications/Xcode.app/Contents/Developer/Platforms/MacOSX.platform/Developer/SDKs/MacOSX26.1.sdk/usr/include/aio.h
/Applications/Xcode.app/Contents/Developer/Platforms/MacOSX.platform/Developer/SDKs/MacOSX26.1.sdk/usr/include/sys/aio.h
/Applications/Xcode.app/Contents/Developer/Platforms/MacOSX.platform/Developer/SDKs/MacOSX26.1.sdk/usr/include/sys/_types/_o_sync.h
/Applications/Xcode.app/Contents/Developer/Platforms/MacOSX.platform/Developer/SDKs/MacOSX26.1.sdk/usr/include/sys/_types/_o_dsync.h
/Applications/Xcode.app/Contents/Developer/Platforms/MacOSX.platform/Developer/SDKs/MacOSX26.1.sdk/usr/include/arpa/inet.h
/Applications/Xcode.app/Contents/Developer/Platforms/MacOSX.platform/Developer/SDKs/MacOSX26.1.sdk/usr/include/netinet/in.h
/Applications/Xcode.app/Contents/Developer/Platforms/MacOSX.platform/Developer/SDKs/MacOSX26.1.sdk/usr/include/sys/socket.h
/Applications/Xcode.app/Contents/Developer/Platforms/MacOSX.platform/Developer/SDKs/MacOSX26.1.sdk/usr/include/sys/constrained_ctypes.h
/Applications/Xcode.app/Contents/Developer/Platforms/MacOSX.platform/Developer/SDKs/MacOSX26.1.sdk/usr/include/machine/_param.h
/Applications/Xcode.app/Contents/Developer/Platforms/MacOSX.platform/Developer/SDKs/MacOSX26.1.sdk/usr/include/arm/_param.h
/Applications/Xcode.app/Contents/Developer/Platforms/MacOSX.platform/Developer/SDKs/MacOSX26.1.sdk/usr/include/net/net_kev.h
/Applications/Xcode.app/Contents/Developer/Platforms/MacOSX.platform/Developer/SDKs/MacOSX26.1.sdk/usr/include/sys/_types/_sa_family_t.h
/Applications/Xcode.app/Contents/Developer/Platforms/MacOSX.platform/Developer/SDKs/MacOSX26.1.sdk/usr/include/sys/_types/_socklen_t.h
/Applications/Xcode.app/Contents/Developer/Platforms/MacOSX.platform/Developer/SDKs/MacOSX26.1.sdk/usr/include/sys/_types/_iovec_t.h
/Applications/Xcode.app/Contents/Developer/Platforms/MacOSX.platform/Developer/SDKs/MacOSX26.1.sdk/usr/include/netinet6/in6.h
/Applications/Xcode.app/Contents/Developer/Platforms/MacOSX.platform/Developer/SDKs/MacOSX26.1.sdk/usr/include/cpio.h
/Applications/Xcode.app/Contents/Developer/Platforms/MacOSX.platform/Developer/SDKs/MacOSX26.1.sdk/usr/include/dirent.h
/Applications/Xcode.app/Contents/Developer/Platforms/MacOSX.platform/Developer/SDKs/MacOSX26.1.sdk/usr/include/sys/dirent.h
/Applications/Xcode.app/Contents/Developer/Platforms/MacOSX.platform/Developer/SDKs/MacOSX26.1.sdk/usr/include/sys/dir.h
/Applications/Xcode.app/Contents/Developer/Platforms/MacOSX.platform/Developer/SDKs/MacOSX26.1.sdk/usr/include/dlfcn.h
/Applications/Xcode.app/Contents/Developer/Platforms/MacOSX.platform/Developer/SDKs/MacOSX26.1.sdk/usr/include/fcntl.h
/Applications/Xcode.app/Contents/Developer/Platforms/MacOSX.platform/Developer/SDKs/MacOSX26.1.sdk/usr/include/sys/fcntl.h
/Applications/Xcode.app/Contents/Developer/Platforms/MacOSX.platform/Developer/SDKs/MacOSX26.1.sdk/usr/include/sys/_types/_s_ifmt.h
/Applications/Xcode.app/Contents/Developer/Platforms/MacOSX.platform/Developer/SDKs/MacOSX26.1.sdk/usr/include/sys/_types/_filesec_t.h
/Applications/Xcode.app/Contents/Developer/Platforms/MacOSX.platform/Developer/SDKs/MacOSX26.1.sdk/usr/include/fmtmsg.h
/Applications/Xcode.app/Contents/Developer/Platforms/MacOSX.platform/Developer/SDKs/MacOSX26.1.sdk/usr/include/fnmatch.h
/Applications/Xcode.app/Contents/Developer/Platforms/MacOSX.platform/Developer/SDKs/MacOSX26.1.sdk/usr/include/ftw.h
/Applications/Xcode.app/Contents/Developer/Platforms/MacOSX.platform/Developer/SDKs/MacOSX26.1.sdk/usr/include/sys/stat.h
/Applications/Xcode.app/Contents/Developer/Platforms/MacOSX.platform/Developer/SDKs/MacOSX26.1.sdk/usr/include/glob.h
/Applications/Xcode.app/Contents/Developer/Platforms/MacOSX.platform/Developer/SDKs/MacOSX26.1.sdk/usr/include/grp.h
/Applications/Xcode.app/Contents/Developer/Platforms/MacOSX.platform/Developer/SDKs/MacOSX26.1.sdk/usr/include/iconv.h
/Applications/Xcode.app/Contents/Developer/Platforms/MacOSX.platform/Developer/SDKs/MacOSX26.1.sdk/usr/include/ifaddrs.h
/Applications/Xcode.app/Contents/Developer/Platforms/MacOSX.platform/Developer/SDKs/MacOSX26.1.sdk/usr/include/sys/ioctl.h
/Applications/Xcode.app/Contents/Developer/Platforms/MacOSX.platform/Developer/SDKs/MacOSX26.1.sdk/usr/include/sys/filio.h
/Applications/Xcode.app/Contents/Developer/Platforms/MacOSX.platform/Developer/SDKs/MacOSX26.1.sdk/usr/include/sys/sockio.h
/Applications/Xcode.app/Contents/Developer/Platforms/MacOSX.platform/Developer/SDKs/MacOSX26.1.sdk/usr/include/net/if.h
/Applications/Xcode.app/Contents/Developer/Platforms/MacOSX.platform/Developer/SDKs/MacOSX26.1.sdk/usr/include/net/if_var.h
/Applications/Xcode.app/Contents/Developer/Platforms/MacOSX.platform/Developer/SDKs/MacOSX26.1.sdk/usr/include/sys/time.h
/Applications/Xcode.app/Contents/Developer/Platforms/MacOSX.platform/Developer/SDKs/MacOSX26.1.sdk/usr/include/sys/_types/_timeval64.h
/Applications/Xcode.app/Contents/Developer/Platforms/MacOSX.platform/Developer/SDKs/MacOSX26.1.sdk/usr/include/sys/_types/_timeval32.h
/Applications/Xcode.app/Contents/Developer/Platforms/MacOSX.platform/Developer/SDKs/MacOSX26.1.sdk/usr/include/_langinfo.h
/Applications/Xcode.app/Contents/Developer/Platforms/MacOSX.platform/Developer/SDKs/MacOSX26.1.sdk/usr/include/xlocale/_langinfo.h
/Applications/Xcode.app/Contents/Developer/Platforms/MacOSX.platform/Developer/SDKs/MacOSX26.1.sdk/usr/include/libgen.h
/Applications/Xcode.app/Contents/Developer/Platforms/MacOSX.platform/Developer/SDKs/MacOSX26.1.sdk/usr/include/_monetary.h
/Applications/Xcode.app/Contents/Developer/Platforms/MacOSX.platform/Developer/SDKs/MacOSX26.1.sdk/usr/include/xlocale/_monetary.h
/Applications/Xcode.app/Contents/Developer/Platforms/MacOSX.platform/Developer/SDKs/MacOSX26.1.sdk/usr/include/ndbm.h
/Applications/Xcode.app/Contents/Developer/Platforms/MacOSX.platform/Developer/SDKs/MacOSX26.1.sdk/usr/include/netdb.h
/Applications/Xcode.app/Contents/Developer/Platforms/MacOSX.platform/Developer/SDKs/MacOSX26.1.sdk/usr/include/net/if_dl.h
/Applications/Xcode.app/Contents/Developer/Platforms/MacOSX.platform/Developer/SDKs/MacOSX26.1.sdk/usr/include/net/if_types.h
/Applications/Xcode.app/Contents/Developer/Platforms/MacOSX.platform/Developer/SDKs/MacOSX26.1.sdk/usr/include/netinet/tcp.h
/Applications/Xcode.app/Contents/Developer/Platforms/MacOSX.platform/Developer/SDKs/MacOSX26.1.sdk/usr/include/poll.h
/Applications/Xcode.app/Contents/Developer/Platforms/MacOSX.platform/Developer/SDKs/MacOSX26.1.sdk/usr/include/sys/poll.h
/Applications/Xcode.app/Contents/Developer/Platforms/MacOSX.platform/Developer/SDKs/MacOSX26.1.sdk/usr/include/pthread/spawn.h
/Applications/Xcode.app/Contents/Developer/Platforms/MacOSX.platform/Developer/SDKs/MacOSX26.1.sdk/usr/include/spawn.h
/Applications/Xcode.app/Contents/Developer/Platforms/MacOSX.platform/Developer/SDKs/MacOSX26.1.sdk/usr/include/sys/spawn.h
/Applications/Xcode.app/Contents/Developer/Platforms/MacOSX.platform/Developer/SDKs/MacOSX26.1.sdk/usr/include/mach/exception_types.h
/Applications/Xcode.app/Contents/Developer/Platforms/MacOSX.platform/Developer/SDKs/MacOSX26.1.sdk/usr/include/mach/machine/exception.h
/Applications/Xcode.app/Contents/Developer/Platforms/MacOSX.platform/Developer/SDKs/MacOSX26.1.sdk/usr/include/mach/arm/exception.h
/Applications/Xcode.app/Contents/Developer/Platforms/MacOSX.platform/Developer/SDKs/MacOSX26.1.sdk/usr/include/mach/port.h
/Applications/Xcode.app/Contents/Developer/Platforms/MacOSX.platform/Developer/SDKs/MacOSX26.1.sdk/usr/include/mach/boolean.h
/Applications/Xcode.app/Contents/Developer/Platforms/MacOSX.platform/Developer/SDKs/MacOSX26.1.sdk/usr/include/mach/machine/boolean.h
/Applications/Xcode.app/Contents/Developer/Platforms/MacOSX.platform/Developer/SDKs/MacOSX26.1.sdk/usr/include/mach/arm/boolean.h
/Applications/Xcode.app/Contents/Developer/Platforms/MacOSX.platform/Developer/SDKs/MacOSX26.1.sdk/usr/include/mach/machine/vm_types.h
/Applications/Xcode.app/Contents/Developer/Platforms/MacOSX.platform/Developer/SDKs/MacOSX26.1.sdk/usr/include/mach/arm/vm_types.h
/Applications/Xcode.app/Contents/Developer/Platforms/MacOSX.platform/Developer/SDKs/MacOSX26.1.sdk/usr/include/mach/thread_status.h
/Applications/Xcode.app/Contents/Developer/Platforms/MacOSX.platform/Developer/SDKs/MacOSX26.1.sdk/usr/include/mach/machine/thread_status.h
/Applications/Xcode.app/Contents/Developer/Platforms/MacOSX.platform/Developer/SDKs/MacOSX26.1.sdk/usr/include/mach/arm/thread_status.h
/Applications/Xcode.app/Contents/Developer/Platforms/MacOSX.platform/Developer/SDKs/MacOSX26.1.sdk/usr/include/mach/machine/thread_state.h
/Applications/Xcode.app/Contents/Developer/Platforms/MacOSX.platform/Developer/SDKs/MacOSX26.1.sdk/usr/include/mach/arm/thread_state.h
/Applications/Xcode.app/Contents/Developer/Platforms/MacOSX.platform/Developer/SDKs/MacOSX26.1.sdk/usr/include/mach/message.h
/Applications/Xcode.app/Contents/Developer/Platforms/MacOSX.platform/Developer/SDKs/MacOSX26.1.sdk/usr/include/mach/kern_return.h
/Applications/Xcode.app/Contents/Developer/Platforms/MacOSX.platform/Developer/SDKs/MacOSX26.1.sdk/usr/include/mach/machine/kern_return.h
/Applications/Xcode.app/Contents/Developer/Platforms/MacOSX.platform/Developer/SDKs/MacOSX26.1.sdk/usr/include/mach/arm/kern_return.h
/Applications/Xcode.app/Contents/Developer/Platforms/MacOSX.platform/Developer/SDKs/MacOSX26.1.sdk/usr/include/mach/vm_types.h
/Applications/Xcode.app/Contents/Developer/Platforms/MacOSX.platform/Developer/SDKs/MacOSX26.1.sdk/usr/include/mach_debug/ipc_info.h
/Applications/Xcode.app/Contents/Developer/Platforms/MacOSX.platform/Developer/SDKs/MacOSX26.1.sdk/usr/include/mach/machine.h
/Applications/Xcode.app/Contents/Developer/Platforms/MacOSX.platform/Developer/SDKs/MacOSX26.1.sdk/usr/include/pthread/pthread_spis.h
/Applications/Xcode.app/Contents/Developer/Platforms/MacOSX.platform/Developer/SDKs/MacOSX26.1.sdk/usr/include/_modules/_darwin_posix_pthread_pthread.h
/Applications/Xcode.app/Contents/Developer/Platforms/MacOSX.platform/Developer/SDKs/MacOSX26.1.sdk/usr/include/_regex.h
/Applications/Xcode.app/Contents/Developer/Platforms/MacOSX.platform/Developer/SDKs/MacOSX26.1.sdk/usr/include/xlocale/_regex.h
/Applications/Xcode.app/Contents/Developer/Platforms/MacOSX.platform/Developer/SDKs/MacOSX26.1.sdk/usr/include/search.h
/Applications/Xcode.app/Contents/Developer/Platforms/MacOSX.platform/Developer/SDKs/MacOSX26.1.sdk/usr/include/semaphore.h
/Applications/Xcode.app/Contents/Developer/Platforms/MacOSX.platform/Developer/SDKs/MacOSX26.1.sdk/usr/include/sys/semaphore.h
/Applications/Xcode.app/Contents/Developer/Platforms/MacOSX.platform/Developer/SDKs/MacOSX26.1.sdk/usr/include/sys/posix_sem.h
/Applications/Xcode.app/Contents/Developer/Platforms/MacOSX.platform/Developer/SDKs/MacOSX26.1.sdk/usr/include/sys/proc.h
/Applications/Xcode.app/Contents/Developer/Platforms/MacOSX.platform/Developer/SDKs/MacOSX26.1.sdk/usr/include/sys/queue.h
/Applications/Xcode.app/Contents/Developer/Platforms/MacOSX.platform/Developer/SDKs/MacOSX26.1.sdk/usr/include/sys/lock.h
/Applications/Xcode.app/Contents/Developer/Platforms/MacOSX.platform/Developer/SDKs/MacOSX26.1.sdk/usr/include/sys/param.h
/Applications/Xcode.app/Contents/Developer/Platforms/MacOSX.platform/Developer/SDKs/MacOSX26.1.sdk/usr/include/machine/param.h
/Applications/Xcode.app/Contents/Developer/Platforms/MacOSX.platform/Developer/SDKs/MacOSX26.1.sdk/usr/include/arm/param.h
/Applications/Xcode.app/Contents/Developer/Platforms/MacOSX.platform/Developer/SDKs/MacOSX26.1.sdk/usr/include/sys/event.h
/Applications/Xcode.app/Contents/Developer/Platforms/MacOSX.platform/Developer/SDKs/MacOSX26.1.sdk/usr/include/strings.h
/Applications/Xcode.app/Contents/Developer/Platforms/MacOSX.platform/Developer/SDKs/MacOSX26.1.sdk/usr/include/sys/ipc.h
/Applications/Xcode.app/Contents/Developer/Platforms/MacOSX.platform/Developer/SDKs/MacOSX26.1.sdk/usr/include/sys/mman.h
/Applications/Xcode.app/Contents/Developer/Platforms/MacOSX.platform/Developer/SDKs/MacOSX26.1.sdk/usr/include/sys/msg.h
/Applications/Xcode.app/Contents/Developer/Platforms/MacOSX.platform/Developer/SDKs/MacOSX26.1.sdk/usr/include/sys/sem.h
/Applications/Xcode.app/Contents/Developer/Platforms/MacOSX.platform/Developer/SDKs/MacOSX26.1.sdk/usr/include/sys/shm.h
/Applications/Xcode.app/Contents/Developer/Platforms/MacOSX.platform/Developer/SDKs/MacOSX26.1.sdk/usr/include/sys/posix_shm.h
/Applications/Xcode.app/Contents/Developer/Platforms/MacOSX.platform/Developer/SDKs/MacOSX26.1.sdk/usr/include/sys/statvfs.h
/Applications/Xcode.app/Contents/Developer/Platforms/MacOSX.platform/Developer/SDKs/MacOSX26.1.sdk/usr/include/sys/times.h
/Applications/Xcode.app/Contents/Developer/Platforms/MacOSX.platform/Developer/SDKs/MacOSX26.1.sdk/usr/include/sys/_types/_fsid_t.h
/Applications/Xcode.app/Contents/Developer/Platforms/MacOSX.platform/Developer/SDKs/MacOSX26.1.sdk/usr/include/sys/_types/_fsobj_id_t.h
/Applications/Xcode.app/Contents/Developer/Platforms/MacOSX.platform/Developer/SDKs/MacOSX26.1.sdk/usr/include/sys/_types/_graftdmg_un.h
/Applications/Xcode.app/Contents/Developer/Platforms/MacOSX.platform/Developer/SDKs/MacOSX26.1.sdk/usr/include/sys/_types/_guid_t.h
/Applications/Xcode.app/Contents/Developer/Platforms/MacOSX.platform/Developer/SDKs/MacOSX26.1.sdk/usr/include/sys/_types/_mount_t.h
/Applications/Xcode.app/Contents/Developer/Platforms/MacOSX.platform/Developer/SDKs/MacOSX26.1.sdk/usr/include/sys/_types/_os_inline.h
/Applications/Xcode.app/Contents/Developer/Platforms/MacOSX.platform/Developer/SDKs/MacOSX26.1.sdk/usr/include/sys/_types/_ucontext64.h
/Applications/Xcode.app/Contents/Developer/Platforms/MacOSX.platform/Developer/SDKs/MacOSX26.1.sdk/usr/include/sys/_types/_vnode_t.h
/Applications/Xcode.app/Contents/Developer/Platforms/MacOSX.platform/Developer/SDKs/MacOSX26.1.sdk/usr/include/sys/uio.h
/Applications/Xcode.app/Contents/Developer/Platforms/MacOSX.platform/Developer/SDKs/MacOSX26.1.sdk/usr/include/sys/un.h
/Applications/Xcode.app/Contents/Developer/Platforms/MacOSX.platform/Developer/SDKs/MacOSX26.1.sdk/usr/include/sys/utsname.h
/Applications/Xcode.app/Contents/Developer/Platforms/MacOSX.platform/Developer/SDKs/MacOSX26.1.sdk/usr/include/sys/vsock.h
/Applications/Xcode.app/Contents/Developer/Platforms/MacOSX.platform/Developer/SDKs/MacOSX26.1.sdk/usr/include/sys/ucred.h
/Applications/Xcode.app/Contents/Developer/Platforms/MacOSX.platform/Developer/SDKs/MacOSX26.1.sdk/usr/include/bsm/audit.h
/Applications/Xcode.app/Contents/Developer/Platforms/MacOSX.platform/Developer/SDKs/MacOSX26.1.sdk/usr/include/sys/socketvar.h
/Applications/Xcode.app/Contents/Developer/Platforms/MacOSX.platform/Developer/SDKs/MacOSX26.1.sdk/usr/include/sys/xattr.h
/Applications/Xcode.app/Contents/Developer/Platforms/MacOSX.platform/Developer/SDKs/MacOSX26.1.sdk/usr/include/_modules/_darwin_posix_sys_resource.h
/Applications/Xcode.app/Contents/Developer/Platforms/MacOSX.platform/Developer/SDKs/MacOSX26.1.sdk/usr/include/_modules/_darwin_posix_sys_select.h
/Applications/Xcode.app/Contents/Developer/Platforms/MacOSX.platform/Developer/SDKs/MacOSX26.1.sdk/usr/include/_modules/_darwin_posix_sys_wait.h
/Applications/Xcode.app/Contents/Developer/Platforms/MacOSX.platform/Developer/SDKs/MacOSX26.1.sdk/usr/include/syslog.h
/Applications/Xcode.app/Contents/Developer/Platforms/MacOSX.platform/Developer/SDKs/MacOSX26.1.sdk/usr/include/sys/syslog.h
/Applications/Xcode.app/Contents/Developer/Platforms/MacOSX.platform/Developer/SDKs/MacOSX26.1.sdk/usr/include/tar.h
/Applications/Xcode.app/Contents/Developer/Platforms/MacOSX.platform/Developer/SDKs/MacOSX26.1.sdk/usr/include/ulimit.h
/Applications/Xcode.app/Contents/Developer/Platforms/MacOSX.platform/Developer/SDKs/MacOSX26.1.sdk/usr/include/utime.h
/Applications/Xcode.app/Contents/Developer/Platforms/MacOSX.platform/Developer/SDKs/MacOSX26.1.sdk/usr/include/utmpx.h
/Applications/Xcode.app/Contents/Developer/Platforms/MacOSX.platform/Developer/SDKs/MacOSX26.1.sdk/usr/include/wordexp.h
/Applications/Xcode.app/Contents/Developer/Platforms/MacOSX.platform/Developer/SDKs/MacOSX26.1.sdk/usr/include/_modules/_darwin_posix_nl_types.h
/Applications/Xcode.app/Contents/Developer/Platforms/MacOSX.platform/Developer/SDKs/MacOSX26.1.sdk/usr/include/_modules/_darwin_posix_sched.h
/Applications/Xcode.app/Contents/Developer/Platforms/MacOSX.platform/Developer/SDKs/MacOSX26.1.sdk/usr/include/_modules/_darwin_posix_unistd.h
/Applications/Xcode.app/Contents/Developer/Platforms/MacOSX.platform/Developer/SDKs/MacOSX26.1.sdk/usr/include/net/bpf.h
/Applications/Xcode.app/Contents/Developer/Platforms/MacOSX.platform/Developer/SDKs/MacOSX26.1.sdk/usr/include/net/dlil.h
/Applications/Xcode.app/Contents/Developer/Platforms/MacOSX.platform/Developer/SDKs/MacOSX26.1.sdk/usr/include/net/ethernet.h
/Applications/Xcode.app/Contents/Developer/Platforms/MacOSX.platform/Developer/SDKs/MacOSX26.1.sdk/usr/include/net/if_arp.h
/Applications/Xcode.app/Contents/Developer/Platforms/MacOSX.platform/Developer/SDKs/MacOSX26.1.sdk/usr/include/net/if_llc.h
/Applications/Xcode.app/Contents/Developer/Platforms/MacOSX.platform/Developer/SDKs/MacOSX26.1.sdk/usr/include/net/if_media.h
/Applications/Xcode.app/Contents/Developer/Platforms/MacOSX.platform/Developer/SDKs/MacOSX26.1.sdk/usr/include/net/if_mib.h
/Applications/Xcode.app/Contents/Developer/Platforms/MacOSX.platform/Developer/SDKs/MacOSX26.1.sdk/usr/include/net/if_utun.h
/Applications/Xcode.app/Contents/Developer/Platforms/MacOSX.platform/Developer/SDKs/MacOSX26.1.sdk/usr/include/net/if_var_status.h
/Applications/Xcode.app/Contents/Developer/Platforms/MacOSX.platform/Developer/SDKs/MacOSX26.1.sdk/usr/include/net/kext_net.h
/Applications/Xcode.app/Contents/Developer/Platforms/MacOSX.platform/Developer/SDKs/MacOSX26.1.sdk/usr/include/net/ndrv.h
/Applications/Xcode.app/Contents/Developer/Platforms/MacOSX.platform/Developer/SDKs/MacOSX26.1.sdk/usr/include/net/pfkeyv2.h
/Applications/Xcode.app/Contents/Developer/Platforms/MacOSX.platform/Developer/SDKs/MacOSX26.1.sdk/usr/include/net/route.h
/Applications/Xcode.app/Contents/Developer/Platforms/MacOSX.platform/Developer/SDKs/MacOSX26.1.sdk/usr/include/netinet/bootp.h
/Applications/Xcode.app/Contents/Developer/Platforms/MacOSX.platform/Developer/SDKs/MacOSX26.1.sdk/usr/include/netinet/ip.h
/Applications/Xcode.app/Contents/Developer/Platforms/MacOSX.platform/Developer/SDKs/MacOSX26.1.sdk/usr/include/netinet/in_systm.h
/Applications/Xcode.app/Contents/Developer/Platforms/MacOSX.platform/Developer/SDKs/MacOSX26.1.sdk/usr/include/netinet/udp.h
/Applications/Xcode.app/Contents/Developer/Platforms/MacOSX.platform/Developer/SDKs/MacOSX26.1.sdk/usr/include/netinet/icmp6.h
/Applications/Xcode.app/Contents/Developer/Platforms/MacOSX.platform/Developer/SDKs/MacOSX26.1.sdk/usr/include/netinet/icmp_var.h
/Applications/Xcode.app/Contents/Developer/Platforms/MacOSX.platform/Developer/SDKs/MacOSX26.1.sdk/usr/include/netinet/ip_icmp.h
/Applications/Xcode.app/Contents/Developer/Platforms/MacOSX.platform/Developer/SDKs/MacOSX26.1.sdk/usr/include/netinet/if_ether.h
/Applications/Xcode.app/Contents/Developer/Platforms/MacOSX.platform/Developer/SDKs/MacOSX26.1.sdk/usr/include/netinet/igmp.h
/Applications/Xcode.app/Contents/Developer/Platforms/MacOSX.platform/Developer/SDKs/MacOSX26.1.sdk/usr/include/netinet/igmp_var.h
/Applications/Xcode.app/Contents/Developer/Platforms/MacOSX.platform/Developer/SDKs/MacOSX26.1.sdk/usr/include/netinet/in_pcb.h
/Applications/Xcode.app/Contents/Developer/Platforms/MacOSX.platform/Developer/SDKs/MacOSX26.1.sdk/usr/include/netinet/in_var.h
/Applications/Xcode.app/Contents/Developer/Platforms/MacOSX.platform/Developer/SDKs/MacOSX26.1.sdk/usr/include/sys/protosw.h
/Applications/Xcode.app/Contents/Developer/Platforms/MacOSX.platform/Developer/SDKs/MacOSX26.1.sdk/usr/include/sys/kern_event.h
/Applications/Xcode.app/Contents/Developer/Platforms/MacOSX.platform/Developer/SDKs/MacOSX26.1.sdk/usr/include/sys/sys_domain.h
/Applications/Xcode.app/Contents/Developer/Platforms/MacOSX.platform/Developer/SDKs/MacOSX26.1.sdk/usr/include/netinet6/in6_var.h
/Applications/Xcode.app/Contents/Developer/Platforms/MacOSX.platform/Developer/SDKs/MacOSX26.1.sdk/usr/include/netinet6/scope6_var.h
/Applications/Xcode.app/Contents/Developer/Platforms/MacOSX.platform/Developer/SDKs/MacOSX26.1.sdk/usr/include/netinet/ip6.h
/Applications/Xcode.app/Contents/Developer/Platforms/MacOSX.platform/Developer/SDKs/MacOSX26.1.sdk/usr/include/netinet/ip_var.h
/Applications/Xcode.app/Contents/Developer/Platforms/MacOSX.platform/Developer/SDKs/MacOSX26.1.sdk/usr/include/netinet/tcp_fsm.h
/Applications/Xcode.app/Contents/Developer/Platforms/MacOSX.platform/Developer/SDKs/MacOSX26.1.sdk/usr/include/netinet/tcp_seq.h
/Applications/Xcode.app/Contents/Developer/Platforms/MacOSX.platform/Developer/SDKs/MacOSX26.1.sdk/usr/include/netinet/tcp_timer.h
/Applications/Xcode.app/Contents/Developer/Platforms/MacOSX.platform/Developer/SDKs/MacOSX26.1.sdk/usr/include/netinet/tcp_var.h
/Applications/Xcode.app/Contents/Developer/Platforms/MacOSX.platform/Developer/SDKs/MacOSX26.1.sdk/usr/include/netinet/tcpip.h
/Applications/Xcode.app/Contents/Developer/Platforms/MacOSX.platform/Developer/SDKs/MacOSX26.1.sdk/usr/include/netinet/udp_var.h
/Applications/Xcode.app/Contents/Developer/Platforms/MacOSX.platform/Developer/SDKs/MacOSX26.1.sdk/usr/include/sys/sysctl.h
/Applications/Xcode.app/Contents/Developer/Platforms/MacOSX.platform/Developer/SDKs/MacOSX26.1.sdk/usr/include/sys/vm.h
/Applications/Xcode.app/Contents/Developer/Platforms/MacOSX.platform/Developer/SDKs/MacOSX26.1.sdk/usr/include/ar.h
/Applications/Xcode.app/Contents/Developer/Platforms/MacOSX.platform/Developer/SDKs/MacOSX26.1.sdk/usr/include/bank/bank_types.h
/Applications/Xcode.app/Contents/Developer/Platforms/MacOSX.platform/Developer/SDKs/MacOSX26.1.sdk/usr/include/os/base.h
/Applications/Xcode.app/Contents/Developer/Platforms/MacOSX.platform/Developer/SDKs/MacOSX26.1.sdk/usr/include/mach/mach_types.h
/Applications/Xcode.app/Contents/Developer/Platforms/MacOSX.platform/Developer/SDKs/MacOSX26.1.sdk/usr/include/mach/host_info.h
/Applications/Xcode.app/Contents/Developer/Platforms/MacOSX.platform/Developer/SDKs/MacOSX26.1.sdk/usr/include/mach/vm_statistics.h
/Applications/Xcode.app/Contents/Developer/Platforms/MacOSX.platform/Developer/SDKs/MacOSX26.1.sdk/usr/include/mach/time_value.h
/Applications/Xcode.app/Contents/Developer/Platforms/MacOSX.platform/Developer/SDKs/MacOSX26.1.sdk/usr/include/mach/host_notify.h
/Applications/Xcode.app/Contents/Developer/Platforms/MacOSX.platform/Developer/SDKs/MacOSX26.1.sdk/usr/include/mach/host_special_ports.h
/Applications/Xcode.app/Contents/Developer/Platforms/MacOSX.platform/Developer/SDKs/MacOSX26.1.sdk/usr/include/mach/memory_object_types.h
/Applications/Xcode.app/Contents/Developer/Platforms/MacOSX.platform/Developer/SDKs/MacOSX26.1.sdk/usr/include/mach/vm_prot.h
/Applications/Xcode.app/Contents/Developer/Platforms/MacOSX.platform/Developer/SDKs/MacOSX26.1.sdk/usr/include/mach/vm_sync.h
/Applications/Xcode.app/Contents/Developer/Platforms/MacOSX.platform/Developer/SDKs/MacOSX26.1.sdk/usr/include/mach/mach_voucher_types.h
/Applications/Xcode.app/Contents/Developer/Platforms/MacOSX.platform/Developer/SDKs/MacOSX26.1.sdk/usr/include/mach/std_types.h
/Applications/Xcode.app/Contents/Developer/Platforms/MacOSX.platform/Developer/SDKs/MacOSX26.1.sdk/usr/include/mach/processor_info.h
/Applications/Xcode.app/Contents/Developer/Platforms/MacOSX.platform/Developer/SDKs/MacOSX26.1.sdk/usr/include/mach/machine/processor_info.h
/Applications/Xcode.app/Contents/Developer/Platforms/MacOSX.platform/Developer/SDKs/MacOSX26.1.sdk/usr/include/mach/arm/processor_info.h
/Applications/Xcode.app/Contents/Developer/Platforms/MacOSX.platform/Developer/SDKs/MacOSX26.1.sdk/usr/include/mach/task_info.h
/Applications/Xcode.app/Contents/Developer/Platforms/MacOSX.platform/Developer/SDKs/MacOSX26.1.sdk/usr/include/mach/policy.h
/Applications/Xcode.app/Contents/Developer/Platforms/MacOSX.platform/Developer/SDKs/MacOSX26.1.sdk/usr/include/mach/task_inspect.h
/Applications/Xcode.app/Contents/Developer/Platforms/MacOSX.platform/Developer/SDKs/MacOSX26.1.sdk/usr/include/mach/task_policy.h
/Applications/Xcode.app/Contents/Developer/Platforms/MacOSX.platform/Developer/SDKs/MacOSX26.1.sdk/usr/include/mach/task_special_ports.h
/Applications/Xcode.app/Contents/Developer/Platforms/MacOSX.platform/Developer/SDKs/MacOSX26.1.sdk/usr/include/mach/thread_info.h
/Applications/Xcode.app/Contents/Developer/Platforms/MacOSX.platform/Developer/SDKs/MacOSX26.1.sdk/usr/include/mach/thread_policy.h
/Applications/Xcode.app/Contents/Developer/Platforms/MacOSX.platform/Developer/SDKs/MacOSX26.1.sdk/usr/include/mach/thread_special_ports.h
/Applications/Xcode.app/Contents/Developer/Platforms/MacOSX.platform/Developer/SDKs/MacOSX26.1.sdk/usr/include/mach/clock_types.h
/Applications/Xcode.app/Contents/Developer/Platforms/MacOSX.platform/Developer/SDKs/MacOSX26.1.sdk/usr/include/mach/vm_attributes.h
/Applications/Xcode.app/Contents/Developer/Platforms/MacOSX.platform/Developer/SDKs/MacOSX26.1.sdk/usr/include/mach/vm_inherit.h
/Applications/Xcode.app/Contents/Developer/Platforms/MacOSX.platform/Developer/SDKs/MacOSX26.1.sdk/usr/include/mach/vm_purgable.h
/Applications/Xcode.app/Contents/Developer/Platforms/MacOSX.platform/Developer/SDKs/MacOSX26.1.sdk/usr/include/mach/vm_behavior.h
/Applications/Xcode.app/Contents/Developer/Platforms/MacOSX.platform/Developer/SDKs/MacOSX26.1.sdk/usr/include/mach/vm_region.h
/Applications/Xcode.app/Contents/Developer/Platforms/MacOSX.platform/Developer/SDKs/MacOSX26.1.sdk/usr/include/mach/machine/vm_param.h
/Applications/Xcode.app/Contents/Developer/Platforms/MacOSX.platform/Developer/SDKs/MacOSX26.1.sdk/usr/include/mach/arm/vm_param.h
/Applications/Xcode.app/Contents/Developer/Platforms/MacOSX.platform/Developer/SDKs/MacOSX26.1.sdk/usr/include/mach/vm_page_size.h
/Applications/Xcode.app/Contents/Developer/Platforms/MacOSX.platform/Developer/SDKs/MacOSX26.1.sdk/usr/include/mach/kmod.h
/Applications/Xcode.app/Contents/Developer/Platforms/MacOSX.platform/Developer/SDKs/MacOSX26.1.sdk/usr/include/mach/dyld_kernel.h
/Applications/Xcode.app/Contents/Developer/Platforms/MacOSX.platform/Developer/SDKs/MacOSX26.1.sdk/usr/include/ConditionalMacros.h
/Applications/Xcode.app/Contents/Developer/Platforms/MacOSX.platform/Developer/SDKs/MacOSX26.1.sdk/usr/include/crt_externs.h
/Applications/Xcode.app/Contents/Developer/Platforms/MacOSX.platform/Developer/SDKs/MacOSX26.1.sdk/usr/include/fts.h
/Applications/Xcode.app/Contents/Developer/Platforms/MacOSX.platform/Developer/SDKs/MacOSX26.1.sdk/usr/include/getopt.h
/Applications/Xcode.app/Contents/Developer/Platforms/MacOSX.platform/Developer/SDKs/MacOSX26.1.sdk/usr/include/AssertMacros.h
/Applications/Xcode.app/Contents/Developer/Platforms/MacOSX.platform/Developer/SDKs/MacOSX26.1.sdk/usr/include/MacTypes.h
/Applications/Xcode.app/Contents/Developer/Platforms/MacOSX.platform/Developer/SDKs/MacOSX26.1.sdk/usr/include/mach/mach.h
/Applications/Xcode.app/Contents/Developer/Platforms/MacOSX.platform/Developer/SDKs/MacOSX26.1.sdk/usr/include/mach/mach_interface.h
/Applications/Xcode.app/Contents/Developer/Platforms/MacOSX.platform/Developer/SDKs/MacOSX26.1.sdk/usr/include/mach/clock_priv.h
/Applications/Xcode.app/Contents/Developer/Platforms/MacOSX.platform/Developer/SDKs/MacOSX26.1.sdk/usr/include/mach/ndr.h
/Applications/Xcode.app/Contents/Developer/Platforms/MacOSX.platform/Developer/SDKs/MacOSX26.1.sdk/usr/include/libkern/OSByteOrder.h
/Applications/Xcode.app/Contents/Developer/Platforms/MacOSX.platform/Developer/SDKs/MacOSX26.1.sdk/usr/include/libkern/arm/OSByteOrder.h
/Applications/Xcode.app/Contents/Developer/Platforms/MacOSX.platform/Developer/SDKs/MacOSX26.1.sdk/usr/include/arm/arch.h
/Applications/Xcode.app/Contents/Developer/Platforms/MacOSX.platform/Developer/SDKs/MacOSX26.1.sdk/usr/include/mach/notify.h
/Applications/Xcode.app/Contents/Developer/Platforms/MacOSX.platform/Developer/SDKs/MacOSX26.1.sdk/usr/include/mach/mig_errors.h
/Applications/Xcode.app/Contents/Developer/Platforms/MacOSX.platform/Developer/SDKs/MacOSX26.1.sdk/usr/include/mach/mig.h
/Applications/Xcode.app/Contents/Developer/Platforms/MacOSX.platform/Developer/SDKs/MacOSX26.1.sdk/usr/include/mach/host_priv.h
/Applications/Xcode.app/Contents/Developer/Platforms/MacOSX.platform/Developer/SDKs/MacOSX26.1.sdk/usr/include/mach_debug/mach_debug_types.h
/Applications/Xcode.app/Contents/Developer/Platforms/MacOSX.platform/Developer/SDKs/MacOSX26.1.sdk/usr/include/mach_debug/vm_info.h
/Applications/Xcode.app/Contents/Developer/Platforms/MacOSX.platform/Developer/SDKs/MacOSX26.1.sdk/usr/include/mach_debug/zone_info.h
/Applications/Xcode.app/Contents/Developer/Platforms/MacOSX.platform/Developer/SDKs/MacOSX26.1.sdk/usr/include/mach_debug/page_info.h
/Applications/Xcode.app/Contents/Developer/Platforms/MacOSX.platform/Developer/SDKs/MacOSX26.1.sdk/usr/include/mach_debug/hash_info.h
/Applications/Xcode.app/Contents/Developer/Platforms/MacOSX.platform/Developer/SDKs/MacOSX26.1.sdk/usr/include/mach_debug/lockgroup_info.h
/Applications/Xcode.app/Contents/Developer/Platforms/MacOSX.platform/Developer/SDKs/MacOSX26.1.sdk/usr/include/mach/host_security.h
/Applications/Xcode.app/Contents/Developer/Platforms/MacOSX.platform/Developer/SDKs/MacOSX26.1.sdk/usr/include/mach/processor.h
/Applications/Xcode.app/Contents/Developer/Platforms/MacOSX.platform/Developer/SDKs/MacOSX26.1.sdk/usr/include/mach/processor_set.h
/Applications/Xcode.app/Contents/Developer/Platforms/MacOSX.platform/Developer/SDKs/MacOSX26.1.sdk/usr/include/mach/semaphore.h
/Applications/Xcode.app/Contents/Developer/Platforms/MacOSX.platform/Developer/SDKs/MacOSX26.1.sdk/usr/include/mach/sync_policy.h
/Applications/Xcode.app/Contents/Developer/Platforms/MacOSX.platform/Developer/SDKs/MacOSX26.1.sdk/usr/include/mach/task.h
/Applications/Xcode.app/Contents/Developer/Platforms/MacOSX.platform/Developer/SDKs/MacOSX26.1.sdk/usr/include/mach/thread_act.h
/Applications/Xcode.app/Contents/Developer/Platforms/MacOSX.platform/Developer/SDKs/MacOSX26.1.sdk/usr/include/mach/vm_map.h
/Applications/Xcode.app/Contents/Developer/Platforms/MacOSX.platform/Developer/SDKs/MacOSX26.1.sdk/usr/include/mach/mach_port.h
/Applications/Xcode.app/Contents/Developer/Platforms/MacOSX.platform/Developer/SDKs/MacOSX26.1.sdk/usr/include/mach/mach_init.h
/Applications/Xcode.app/Contents/Developer/Platforms/MacOSX.platform/Developer/SDKs/MacOSX26.1.sdk/usr/include/mach/mach_traps.h
/Applications/Xcode.app/Contents/Developer/Platforms/MacOSX.platform/Developer/SDKs/MacOSX26.1.sdk/usr/include/mach/error.h
/Applications/Xcode.app/Contents/Developer/Platforms/MacOSX.platform/Developer/SDKs/MacOSX26.1.sdk/usr/include/mach/mach_host.h
/Applications/Xcode.app/Contents/Developer/Platforms/MacOSX.platform/Developer/SDKs/MacOSX26.1.sdk/usr/include/mach/thread_switch.h
/Applications/Xcode.app/Contents/Developer/Platforms/MacOSX.platform/Developer/SDKs/MacOSX26.1.sdk/usr/include/mach/rpc.h
/Applications/Xcode.app/Contents/Developer/Platforms/MacOSX.platform/Developer/SDKs/MacOSX26.1.sdk/usr/include/mach/machine/rpc.h
/Applications/Xcode.app/Contents/Developer/Platforms/MacOSX.platform/Developer/SDKs/MacOSX26.1.sdk/usr/include/mach/arm/rpc.h
/Applications/Xcode.app/Contents/Developer/Platforms/MacOSX.platform/Developer/SDKs/MacOSX26.1.sdk/usr/include/mach/mach_error.h
/Applications/Xcode.app/Contents/Developer/Platforms/MacOSX.platform/Developer/SDKs/MacOSX26.1.sdk/usr/include/mach/audit_triggers_types.h
/Applications/Xcode.app/Contents/Developer/Platforms/MacOSX.platform/Developer/SDKs/MacOSX26.1.sdk/usr/include/mach/bootstrap.h
/Applications/Xcode.app/Contents/Developer/Platforms/MacOSX.platform/Developer/SDKs/MacOSX26.1.sdk/usr/include/mach/clock.h
/Applications/Xcode.app/Contents/Developer/Platforms/MacOSX.platform/Developer/SDKs/MacOSX26.1.sdk/usr/include/mach/clock_reply.h
/Applications/Xcode.app/Contents/Developer/Platforms/MacOSX.platform/Developer/SDKs/MacOSX26.1.sdk/usr/include/mach/exc.h
/Applications/Xcode.app/Contents/Developer/Platforms/MacOSX.platform/Developer/SDKs/MacOSX26.1.sdk/usr/include/mach/exception.h
/Applications/Xcode.app/Contents/Developer/Platforms/MacOSX.platform/Developer/SDKs/MacOSX26.1.sdk/usr/include/mach/host_reboot.h
/Applications/Xcode.app/Contents/Developer/Platforms/MacOSX.platform/Developer/SDKs/MacOSX26.1.sdk/usr/include/arm64/hv/hv_kern_types.h
/Applications/Xcode.app/Contents/Developer/Platforms/MacOSX.platform/Developer/SDKs/MacOSX26.1.sdk/usr/include/mach/mach_param.h
/Applications/Xcode.app/Contents/Developer/Platforms/MacOSX.platform/Developer/SDKs/MacOSX26.1.sdk/usr/include/mach/mach_right.h
/Applications/Xcode.app/Contents/Developer/Platforms/MacOSX.platform/Developer/SDKs/MacOSX26.1.sdk/usr/include/mach/mach_syscalls.h
/Applications/Xcode.app/Contents/Developer/Platforms/MacOSX.platform/Developer/SDKs/MacOSX26.1.sdk/usr/include/mach/mach_time.h
/Applications/Xcode.app/Contents/Developer/Platforms/MacOSX.platform/Developer/SDKs/MacOSX26.1.sdk/usr/include/mach/mach_vm.h
/Applications/Xcode.app/Contents/Developer/Platforms/MacOSX.platform/Developer/SDKs/MacOSX26.1.sdk/usr/include/mach/mach_voucher.h
/Applications/Xcode.app/Contents/Developer/Platforms/MacOSX.platform/Developer/SDKs/MacOSX26.1.sdk/usr/include/mach/memory_entry.h
/Applications/Xcode.app/Contents/Developer/Platforms/MacOSX.platform/Developer/SDKs/MacOSX26.1.sdk/usr/include/mach/mig_strncpy_zerofill_support.h
/Applications/Xcode.app/Contents/Developer/Platforms/MacOSX.platform/Developer/SDKs/MacOSX26.1.sdk/usr/include/mach/mig_voucher_support.h
/Applications/Xcode.app/Contents/Developer/Platforms/MacOSX.platform/Developer/SDKs/MacOSX26.1.sdk/usr/include/mach/port_obj.h
/Applications/Xcode.app/Contents/Developer/Platforms/MacOSX.platform/Developer/SDKs/MacOSX26.1.sdk/usr/include/mach/sdt.h
/Applications/Xcode.app/Contents/Developer/Platforms/MacOSX.platform/Developer/SDKs/MacOSX26.1.sdk/usr/include/mach/machine/sdt.h
/Applications/Xcode.app/Contents/Developer/Platforms/MacOSX.platform/Developer/SDKs/MacOSX26.1.sdk/usr/include/sys/sdt.h
/Applications/Xcode.app/Contents/Developer/Platforms/MacOSX.platform/Developer/SDKs/MacOSX26.1.sdk/usr/include/mach/shared_region.h
/Applications/Xcode.app/Contents/Developer/Platforms/MacOSX.platform/Developer/SDKs/MacOSX26.1.sdk/usr/include/mach/sync.h
/Applications/Xcode.app/Contents/Developer/Platforms/MacOSX.platform/Developer/SDKs/MacOSX26.1.sdk/usr/include/mach/thread_state.h
/Applications/Xcode.app/Contents/Developer/Platforms/MacOSX.platform/Developer/SDKs/MacOSX26.1.sdk/usr/include/mach/vm_param.h
/Applications/Xcode.app/Contents/Developer/Platforms/MacOSX.platform/Developer/SDKs/MacOSX26.1.sdk/usr/include/mach/vm_task.h
/Applications/Xcode.app/Contents/Developer/Platforms/MacOSX.platform/Developer/SDKs/MacOSX26.1.sdk/usr/include/mach/machine/asm.h
/Applications/Xcode.app/Contents/Developer/Platforms/MacOSX.platform/Developer/SDKs/MacOSX26.1.sdk/usr/include/mach/arm64/asm.h
/Applications/Xcode.app/Contents/Developer/Platforms/MacOSX.platform/Developer/SDKs/MacOSX26.1.sdk/usr/include/mach/i386/asm.h
/Applications/Xcode.app/Contents/Developer/Platforms/MacOSX.platform/Developer/SDKs/MacOSX26.1.sdk/usr/include/mach/arm/asm.h
/Applications/Xcode.app/Contents/Developer/Platforms/MacOSX.platform/Developer/SDKs/MacOSX26.1.sdk/usr/include/mach/i386/boolean.h
/Applications/Xcode.app/Contents/Developer/Platforms/MacOSX.platform/Developer/SDKs/MacOSX26.1.sdk/usr/include/mach/i386/exception.h
/Applications/Xcode.app/Contents/Developer/Platforms/MacOSX.platform/Developer/SDKs/MacOSX26.1.sdk/usr/include/mach/i386/fp_reg.h
/Applications/Xcode.app/Contents/Developer/Platforms/MacOSX.platform/Developer/SDKs/MacOSX26.1.sdk/usr/include/mach/i386/kern_return.h
/Applications/Xcode.app/Contents/Developer/Platforms/MacOSX.platform/Developer/SDKs/MacOSX26.1.sdk/usr/include/mach/machine/ndr_def.h
/Applications/Xcode.app/Contents/Developer/Platforms/MacOSX.platform/Developer/SDKs/MacOSX26.1.sdk/usr/include/mach/arm/ndr_def.h
/Applications/Xcode.app/Contents/Developer/Platforms/MacOSX.platform/Developer/SDKs/MacOSX26.1.sdk/usr/include/mach/i386/processor_info.h
/Applications/Xcode.app/Contents/Developer/Platforms/MacOSX.platform/Developer/SDKs/MacOSX26.1.sdk/usr/include/mach/i386/rpc.h
/Applications/Xcode.app/Contents/Developer/Platforms/MacOSX.platform/Developer/SDKs/MacOSX26.1.sdk/usr/include/mach/machine/sdt_isa.h
/Applications/Xcode.app/Contents/Developer/Platforms/MacOSX.platform/Developer/SDKs/MacOSX26.1.sdk/usr/include/mach/arm/sdt_isa.h
/Applications/Xcode.app/Contents/Developer/Platforms/MacOSX.platform/Developer/SDKs/MacOSX26.1.sdk/usr/include/mach/i386/sdt_isa.h
/Applications/Xcode.app/Contents/Developer/Platforms/MacOSX.platform/Developer/SDKs/MacOSX26.1.sdk/usr/include/mach/i386/thread_state.h
/Applications/Xcode.app/Contents/Developer/Platforms/MacOSX.platform/Developer/SDKs/MacOSX26.1.sdk/usr/include/mach/i386/thread_status.h
/Applications/Xcode.app/Contents/Developer/Platforms/MacOSX.platform/Developer/SDKs/MacOSX26.1.sdk/usr/include/mach/arm/traps.h
/Applications/Xcode.app/Contents/Developer/Platforms/MacOSX.platform/Developer/SDKs/MacOSX26.1.sdk/usr/include/mach/i386/vm_param.h
/Applications/Xcode.app/Contents/Developer/Platforms/MacOSX.platform/Developer/SDKs/MacOSX26.1.sdk/usr/include/mach/i386/vm_types.h
/Applications/Xcode.app/Contents/Developer/Platforms/MacOSX.platform/Developer/SDKs/MacOSX26.1.sdk/usr/include/mach_debug/mach_debug.h
/Applications/Xcode.app/Contents/Developer/Platforms/MacOSX.platform/Developer/SDKs/MacOSX26.1.sdk/usr/include/device/device_types.h
/Applications/Xcode.app/Contents/Developer/Platforms/MacOSX.platform/Developer/SDKs/MacOSX26.1.sdk/usr/include/device/device_port.h
/Applications/Xcode.app/Contents/Developer/Platforms/MacOSX.platform/Developer/SDKs/MacOSX26.1.sdk/usr/include/libkern/OSAtomic.h
/Applications/Xcode.app/Contents/Developer/Platforms/MacOSX.platform/Developer/SDKs/MacOSX26.1.sdk/usr/include/libkern/OSAtomicDeprecated.h
/Applications/Xcode.app/Contents/Developer/Platforms/MacOSX.platform/Developer/SDKs/MacOSX26.1.sdk/usr/include/libkern/OSSpinLockDeprecated.h
/Applications/Xcode.app/Contents/Developer/Platforms/MacOSX.platform/Developer/SDKs/MacOSX26.1.sdk/usr/include/libkern/OSAtomicQueue.h
/Applications/Xcode.app/Contents/Developer/Platforms/MacOSX.platform/Developer/SDKs/MacOSX26.1.sdk/usr/include/libkern/machine/OSByteOrder.h
/Applications/Xcode.app/Contents/Developer/Platforms/MacOSX.platform/Developer/SDKs/MacOSX26.1.sdk/usr/include/libkern/i386/OSByteOrder.h
/Applications/Xcode.app/Contents/Developer/Platforms/MacOSX.platform/Developer/SDKs/MacOSX26.1.sdk/usr/include/libproc.h
/Applications/Xcode.app/Contents/Developer/Platforms/MacOSX.platform/Developer/SDKs/MacOSX26.1.sdk/usr/include/sys/mount.h
/Applications/Xcode.app/Contents/Developer/Platforms/MacOSX.platform/Developer/SDKs/MacOSX26.1.sdk/usr/include/sys/attr.h
/Applications/Xcode.app/Contents/Developer/Platforms/MacOSX.platform/Developer/SDKs/MacOSX26.1.sdk/usr/include/sys/proc_info.h
/Applications/Xcode.app/Contents/Developer/Platforms/MacOSX.platform/Developer/SDKs/MacOSX26.1.sdk/usr/include/sys/kern_control.h
/Applications/Xcode.app/Contents/Developer/Platforms/MacOSX.platform/Developer/SDKs/MacOSX26.1.sdk/usr/include/os/clock.h
/Applications/Xcode.app/Contents/Developer/Platforms/MacOSX.platform/Developer/SDKs/MacOSX26.1.sdk/usr/include/os/lock.h
/Applications/Xcode.app/Contents/Developer/Platforms/MacOSX.platform/Developer/SDKs/MacOSX26.1.sdk/usr/include/os/proc.h
/Applications/Xcode.app/Contents/Developer/Platforms/MacOSX.platform/Developer/SDKs/MacOSX26.1.sdk/usr/include/malloc/malloc.h
/Applications/Xcode.app/Contents/Developer/Platforms/MacOSX.platform/Developer/SDKs/MacOSX26.1.sdk/usr/include/malloc/_platform.h
/Applications/Xcode.app/Contents/Developer/Platforms/MacOSX.platform/Developer/SDKs/MacOSX26.1.sdk/usr/include/sys/malloc.h
/Applications/Xcode.app/Contents/Developer/Platforms/MacOSX.platform/Developer/SDKs/MacOSX26.1.sdk/usr/include/i386/_param.h
/Applications/Xcode.app/Contents/Developer/Platforms/MacOSX.platform/Developer/SDKs/MacOSX26.1.sdk/usr/include/machine/byte_order.h
/Applications/Xcode.app/Contents/Developer/Platforms/MacOSX.platform/Developer/SDKs/MacOSX26.1.sdk/usr/include/architecture/byte_order.h
/Applications/Xcode.app/Contents/Developer/Platforms/MacOSX.platform/Developer/SDKs/MacOSX26.1.sdk/usr/include/i386/eflags.h
/Applications/Xcode.app/Contents/Developer/Platforms/MacOSX.platform/Developer/SDKs/MacOSX26.1.sdk/usr/include/machine/fasttrap_isa.h
/Applications/Xcode.app/Contents/Developer/Platforms/MacOSX.platform/Developer/SDKs/MacOSX26.1.sdk/usr/include/arm/fasttrap_isa.h
/Applications/Xcode.app/Contents/Developer/Platforms/MacOSX.platform/Developer/SDKs/MacOSX26.1.sdk/usr/include/i386/fasttrap_isa.h
/Applications/Xcode.app/Contents/Developer/Platforms/MacOSX.platform/Developer/SDKs/MacOSX26.1.sdk/usr/include/i386/param.h
/Applications/Xcode.app/Contents/Developer/Platforms/MacOSX.platform/Developer/SDKs/MacOSX26.1.sdk/usr/include/machine/profile.h
/Applications/Xcode.app/Contents/Developer/Platforms/MacOSX.platform/Developer/SDKs/MacOSX26.1.sdk/usr/include/arm/profile.h
/Applications/Xcode.app/Contents/Developer/Platforms/MacOSX.platform/Developer/SDKs/MacOSX26.1.sdk/usr/include/i386/profile.h
/Applications/Xcode.app/Contents/Developer/Platforms/MacOSX.platform/Developer/SDKs/MacOSX26.1.sdk/usr/include/i386/user_ldt.h
/Applications/Xcode.app/Contents/Developer/Platforms/MacOSX.platform/Developer/SDKs/MacOSX26.1.sdk/usr/include/machine/vmparam.h
/Applications/Xcode.app/Contents/Developer/Platforms/MacOSX.platform/Developer/SDKs/MacOSX26.1.sdk/usr/include/arm/vmparam.h
/Applications/Xcode.app/Contents/Developer/Platforms/MacOSX.platform/Developer/SDKs/MacOSX26.1.sdk/usr/include/i386/vmparam.h
/Applications/Xcode.app/Contents/Developer/Platforms/MacOSX.platform/Developer/SDKs/MacOSX26.1.sdk/usr/include/aliasdb.h
/Applications/Xcode.app/Contents/Developer/Platforms/MacOSX.platform/Developer/SDKs/MacOSX26.1.sdk/usr/include/bootparams.h
/Applications/Xcode.app/Contents/Developer/Platforms/MacOSX.platform/Developer/SDKs/MacOSX26.1.sdk/usr/include/Block.h
/Applications/Xcode.app/Contents/Developer/Platforms/MacOSX.platform/Developer/SDKs/MacOSX26.1.sdk/usr/include/bsm/audit_domain.h
/Applications/Xcode.app/Contents/Developer/Platforms/MacOSX.platform/Developer/SDKs/MacOSX26.1.sdk/usr/include/bsm/audit_errno.h
/Applications/Xcode.app/Contents/Developer/Platforms/MacOSX.platform/Developer/SDKs/MacOSX26.1.sdk/usr/include/bsm/audit_fcntl.h
/Applications/Xcode.app/Contents/Developer/Platforms/MacOSX.platform/Developer/SDKs/MacOSX26.1.sdk/usr/include/bsm/audit_filter.h
/Applications/Xcode.app/Contents/Developer/Platforms/MacOSX.platform/Developer/SDKs/MacOSX26.1.sdk/usr/include/bsm/libbsm.h
/Applications/Xcode.app/Contents/Developer/Platforms/MacOSX.platform/Developer/SDKs/MacOSX26.1.sdk/usr/include/bsm/audit_record.h
/Applications/Xcode.app/Contents/Developer/Platforms/MacOSX.platform/Developer/SDKs/MacOSX26.1.sdk/usr/include/bsm/audit_internal.h
/Applications/Xcode.app/Contents/Developer/Platforms/MacOSX.platform/Developer/SDKs/MacOSX26.1.sdk/usr/include/bsm/audit_kevents.h
/Applications/Xcode.app/Contents/Developer/Platforms/MacOSX.platform/Developer/SDKs/MacOSX26.1.sdk/usr/include/bsm/audit_session.h
/Applications/Xcode.app/Contents/Developer/Platforms/MacOSX.platform/Developer/SDKs/MacOSX26.1.sdk/usr/include/bsm/audit_socket_type.h
/Applications/Xcode.app/Contents/Developer/Platforms/MacOSX.platform/Developer/SDKs/MacOSX26.1.sdk/usr/include/bsm/audit_uevents.h
/Applications/Xcode.app/Contents/Developer/Platforms/MacOSX.platform/Developer/SDKs/MacOSX26.1.sdk/usr/include/execinfo.h
/Applications/Xcode.app/Contents/Developer/Platforms/MacOSX.platform/Developer/SDKs/MacOSX26.1.sdk/usr/include/fstab.h
/Applications/Xcode.app/Contents/Developer/Platforms/MacOSX.platform/Developer/SDKs/MacOSX26.1.sdk/usr/include/hfs/hfs_format.h
/Applications/Xcode.app/Contents/Developer/Platforms/MacOSX.platform/Developer/SDKs/MacOSX26.1.sdk/usr/include/hfs/hfs_unistr.h
/Applications/Xcode.app/Contents/Developer/Platforms/MacOSX.platform/Developer/SDKs/MacOSX26.1.sdk/usr/include/hfs/hfs_mount.h
/Applications/Xcode.app/Contents/Developer/Platforms/MacOSX.platform/Developer/SDKs/MacOSX26.1.sdk/usr/include/membership.h
/Applications/Xcode.app/Contents/Developer/Platforms/MacOSX.platform/Developer/SDKs/MacOSX26.1.sdk/usr/include/ntsid.h
/Applications/Xcode.app/Contents/Developer/Platforms/MacOSX.platform/Developer/SDKs/MacOSX26.1.sdk/usr/include/curses.h
/Applications/Xcode.app/Contents/Developer/Platforms/MacOSX.platform/Developer/SDKs/MacOSX26.1.sdk/usr/include/ncurses_dll.h
/Applications/Xcode.app/Contents/Developer/Platforms/MacOSX.platform/Developer/SDKs/MacOSX26.1.sdk/usr/include/unctrl.h
/Applications/Xcode.app/Contents/Developer/Platforms/MacOSX.platform/Developer/SDKs/MacOSX26.1.sdk/usr/include/eti.h
/Applications/Xcode.app/Contents/Developer/Platforms/MacOSX.platform/Developer/SDKs/MacOSX26.1.sdk/usr/include/nc_tparm.h
/Applications/Xcode.app/Contents/Developer/Platforms/MacOSX.platform/Developer/SDKs/MacOSX26.1.sdk/usr/include/form.h
/Applications/Xcode.app/Contents/Developer/Platforms/MacOSX.platform/Developer/SDKs/MacOSX26.1.sdk/usr/include/menu.h
/Applications/Xcode.app/Contents/Developer/Platforms/MacOSX.platform/Developer/SDKs/MacOSX26.1.sdk/usr/include/panel.h
/Applications/Xcode.app/Contents/Developer/Platforms/MacOSX.platform/Developer/SDKs/MacOSX26.1.sdk/usr/include/netinet6/ah.h
/Applications/Xcode.app/Contents/Developer/Platforms/MacOSX.platform/Developer/SDKs/MacOSX26.1.sdk/usr/include/netinet6/esp.h
/Applications/Xcode.app/Contents/Developer/Platforms/MacOSX.platform/Developer/SDKs/MacOSX26.1.sdk/usr/include/netinet6/ipcomp.h
/Applications/Xcode.app/Contents/Developer/Platforms/MacOSX.platform/Developer/SDKs/MacOSX26.1.sdk/usr/include/netinet6/ipsec.h
/Applications/Xcode.app/Contents/Developer/Platforms/MacOSX.platform/Developer/SDKs/MacOSX26.1.sdk/usr/include/netinet6/raw_ip6.h
/Applications/Xcode.app/Contents/Developer/Platforms/MacOSX.platform/Developer/SDKs/MacOSX26.1.sdk/usr/include/printerdb.h
/Applications/Xcode.app/Contents/Developer/Platforms/MacOSX.platform/Developer/SDKs/MacOSX26.1.sdk/usr/include/sys/_structs.h
/Applications/Xcode.app/Contents/Developer/Platforms/MacOSX.platform/Developer/SDKs/MacOSX26.1.sdk/usr/include/sys/acct.h
/Applications/Xcode.app/Contents/Developer/Platforms/MacOSX.platform/Developer/SDKs/MacOSX26.1.sdk/usr/include/sys/acl.h
/Applications/Xcode.app/Contents/Developer/Platforms/MacOSX.platform/Developer/SDKs/MacOSX26.1.sdk/usr/include/sys/kauth.h
/Applications/Xcode.app/Contents/Developer/Platforms/MacOSX.platform/Developer/SDKs/MacOSX26.1.sdk/usr/include/sys/buf.h
/Applications/Xcode.app/Contents/Developer/Platforms/MacOSX.platform/Developer/SDKs/MacOSX26.1.sdk/usr/include/sys/kernel_types.h
/Applications/Xcode.app/Contents/Developer/Platforms/MacOSX.platform/Developer/SDKs/MacOSX26.1.sdk/usr/include/sys/clonefile.h
/Applications/Xcode.app/Contents/Developer/Platforms/MacOSX.platform/Developer/SDKs/MacOSX26.1.sdk/usr/include/sys/commpage.h
/Applications/Xcode.app/Contents/Developer/Platforms/MacOSX.platform/Developer/SDKs/MacOSX26.1.sdk/usr/include/sys/conf.h
/Applications/Xcode.app/Contents/Developer/Platforms/MacOSX.platform/Developer/SDKs/MacOSX26.1.sdk/usr/include/sys/disk.h
/Applications/Xcode.app/Contents/Developer/Platforms/MacOSX.platform/Developer/SDKs/MacOSX26.1.sdk/usr/include/sys/dkstat.h
/Applications/Xcode.app/Contents/Developer/Platforms/MacOSX.platform/Developer/SDKs/MacOSX26.1.sdk/usr/include/sys/domain.h
/Applications/Xcode.app/Contents/Developer/Platforms/MacOSX.platform/Developer/SDKs/MacOSX26.1.sdk/usr/include/sys/ev.h
/Applications/Xcode.app/Contents/Developer/Platforms/MacOSX.platform/Developer/SDKs/MacOSX26.1.sdk/usr/include/sys/file.h
/Applications/Xcode.app/Contents/Developer/Platforms/MacOSX.platform/Developer/SDKs/MacOSX26.1.sdk/usr/include/sys/filedesc.h
/Applications/Xcode.app/Contents/Developer/Platforms/MacOSX.platform/Developer/SDKs/MacOSX26.1.sdk/usr/include/sys/fileport.h
/Applications/Xcode.app/Contents/Developer/Platforms/MacOSX.platform/Developer/SDKs/MacOSX26.1.sdk/usr/include/sys/fsgetpath.h
/Applications/Xcode.app/Contents/Developer/Platforms/MacOSX.platform/Developer/SDKs/MacOSX26.1.sdk/usr/include/sys/gmon.h
/Applications/Xcode.app/Contents/Developer/Platforms/MacOSX.platform/Developer/SDKs/MacOSX26.1.sdk/usr/include/sys/ioctl_compat.h
/Applications/Xcode.app/Contents/Developer/Platforms/MacOSX.platform/Developer/SDKs/MacOSX26.1.sdk/usr/include/sys/ttychars.h
/Applications/Xcode.app/Contents/Developer/Platforms/MacOSX.platform/Developer/SDKs/MacOSX26.1.sdk/usr/include/sys/ttydev.h
/Applications/Xcode.app/Contents/Developer/Platforms/MacOSX.platform/Developer/SDKs/MacOSX26.1.sdk/usr/include/sys/kdebug.h
/Applications/Xcode.app/Contents/Developer/Platforms/MacOSX.platform/Developer/SDKs/MacOSX26.1.sdk/usr/include/sys/kdebug_signpost.h
/Applications/Xcode.app/Contents/Developer/Platforms/MacOSX.platform/Developer/SDKs/MacOSX26.1.sdk/usr/include/sys/lctx.h
/Applications/Xcode.app/Contents/Developer/Platforms/MacOSX.platform/Developer/SDKs/MacOSX26.1.sdk/usr/include/sys/mbuf.h
/Applications/Xcode.app/Contents/Developer/Platforms/MacOSX.platform/Developer/SDKs/MacOSX26.1.sdk/usr/include/sys/msgbuf.h
/Applications/Xcode.app/Contents/Developer/Platforms/MacOSX.platform/Developer/SDKs/MacOSX26.1.sdk/usr/include/sys/netport.h
/Applications/Xcode.app/Contents/Developer/Platforms/MacOSX.platform/Developer/SDKs/MacOSX26.1.sdk/usr/include/sys/paths.h
/Applications/Xcode.app/Contents/Developer/Platforms/MacOSX.platform/Developer/SDKs/MacOSX26.1.sdk/usr/include/sys/pipe.h
/Applications/Xcode.app/Contents/Developer/Platforms/MacOSX.platform/Developer/SDKs/MacOSX26.1.sdk/usr/include/sys/quota.h
/Applications/Xcode.app/Contents/Developer/Platforms/MacOSX.platform/Developer/SDKs/MacOSX26.1.sdk/usr/include/sys/rbtree.h
/Applications/Xcode.app/Contents/Developer/Platforms/MacOSX.platform/Developer/SDKs/MacOSX26.1.sdk/usr/include/sys/reboot.h
/Applications/Xcode.app/Contents/Developer/Platforms/MacOSX.platform/Developer/SDKs/MacOSX26.1.sdk/usr/include/sys/resourcevar.h
/Applications/Xcode.app/Contents/Developer/Platforms/MacOSX.platform/Developer/SDKs/MacOSX26.1.sdk/usr/include/sys/sbuf.h
/Applications/Xcode.app/Contents/Developer/Platforms/MacOSX.platform/Developer/SDKs/MacOSX26.1.sdk/usr/include/sys/signalvar.h
/Applications/Xcode.app/Contents/Developer/Platforms/MacOSX.platform/Developer/SDKs/MacOSX26.1.sdk/usr/include/sys/syscall.h
/Applications/Xcode.app/Contents/Developer/Platforms/MacOSX.platform/Developer/SDKs/MacOSX26.1.sdk/usr/include/sys/timeb.h
/Applications/Xcode.app/Contents/Developer/Platforms/MacOSX.platform/Developer/SDKs/MacOSX26.1.sdk/usr/include/sys/trace.h
/Applications/Xcode.app/Contents/Developer/Platforms/MacOSX.platform/Developer/SDKs/MacOSX26.1.sdk/usr/include/sys/tty.h
/Applications/Xcode.app/Contents/Developer/Platforms/MacOSX.platform/Developer/SDKs/MacOSX26.1.sdk/usr/include/sys/ucontext.h
/Applications/Xcode.app/Contents/Developer/Platforms/MacOSX.platform/Developer/SDKs/MacOSX26.1.sdk/usr/include/sys/unpcb.h
/Applications/Xcode.app/Contents/Developer/Platforms/MacOSX.platform/Developer/SDKs/MacOSX26.1.sdk/usr/include/sys/user.h
/Applications/Xcode.app/Contents/Developer/Platforms/MacOSX.platform/Developer/SDKs/MacOSX26.1.sdk/usr/include/sys/utfconv.h
/Applications/Xcode.app/Contents/Developer/Platforms/MacOSX.platform/Developer/SDKs/MacOSX26.1.sdk/usr/include/sys/vcmd.h
/Applications/Xcode.app/Contents/Developer/Platforms/MacOSX.platform/Developer/SDKs/MacOSX26.1.sdk/usr/include/sys/vnode.h
/Applications/Xcode.app/Contents/Developer/Platforms/MacOSX.platform/Developer/SDKs/MacOSX26.1.sdk/usr/include/_modules/_darwin_sys_signal.h
/Applications/Xcode.app/Contents/Developer/Platforms/MacOSX.platform/Developer/SDKs/MacOSX26.1.sdk/usr/include/sysdir.h
/Applications/Xcode.app/Contents/Developer/Platforms/MacOSX.platform/Developer/SDKs/MacOSX26.1.sdk/usr/include/libc.h
/Applications/Xcode.app/Contents/Developer/Platforms/MacOSX.platform/Developer/SDKs/MacOSX26.1.sdk/usr/include/paths.h
/Applications/Xcode.app/Contents/Developer/Platforms/MacOSX.platform/Developer/SDKs/MacOSX26.1.sdk/usr/include/sysexits.h
/Applications/Xcode.app/Contents/Developer/Platforms/MacOSX.platform/Developer/SDKs/MacOSX26.1.sdk/SDKSettings.json
/Applications/Xcode.app/Contents/Developer/Platforms/MacOSX.platform/Developer/SDKs/MacOSX26.1.sdk/System/Library/Frameworks/DiskArbitration.framework/Modules/module.modulemap
/Applications/Xcode.app/Contents/Developer/Platforms/MacOSX.platform/Developer/SDKs/MacOSX26.1.sdk/System/Library/Frameworks/DiskArbitration.framework/Headers/DiskArbitration.h
/Applications/Xcode.app/Contents/Developer/Platforms/MacOSX.platform/Developer/SDKs/MacOSX26.1.sdk/System/Library/Frameworks/CoreFoundation.framework/Modules/module.modulemap
/Applications/Xcode.app/Contents/Developer/Platforms/MacOSX.platform/Developer/SDKs/MacOSX26.1.sdk/usr/include/Darwin.modulemap
/Applications/Xcode.app/Contents/Developer/Platforms/MacOSX.platform/Developer/SDKs/MacOSX26.1.sdk/usr/include/DarwinFoundation1.modulemap
/Applications/Xcode.app/Contents/Developer/Platforms/MacOSX.platform/Developer/SDKs/MacOSX26.1.sdk/System/Library/Frameworks/DiskArbitration.framework/Headers/DADisk.h
/Applications/Xcode.app/Contents/Developer/Platforms/MacOSX.platform/Developer/SDKs/MacOSX26.1.sdk/System/Library/Frameworks/IOKit.framework/Modules/module.modulemap
/Applications/Xcode.app/Contents/Developer/Platforms/MacOSX.platform/Developer/SDKs/MacOSX26.1.sdk/System/Library/Frameworks/DiskArbitration.framework/Headers/DASession.h
/Applications/Xcode.app/Contents/Developer/Platforms/MacOSX.platform/Developer/SDKs/MacOSX26.1.sdk/System/Library/Frameworks/DiskArbitration.framework/Headers/DADissenter.h
/Applications/Xcode.app/Contents/Developer/Platforms/MacOSX.platform/Developer/SDKs/MacOSX26.1.sdk/SDKSettings.json
/Applications/Xcode.app/Contents/Developer/Toolchains/XcodeDefault.xctoolchain/usr/lib/swift/macosx/prebuilt-modules/26.1/Dispatch.swiftmodule/arm64e-apple-macos.swiftmodule
/Applications/Xcode.app/Contents/Developer/Platforms/MacOSX.platform/Developer/SDKs/MacOSX26.1.sdk/usr/include/Dispatch.apinotes
/Applications/Xcode.app/Contents/Developer/Platforms/MacOSX.platform/Developer/SDKs/MacOSX26.1.sdk/usr/include/dispatch.modulemap
/Applications/Xcode.app/Contents/Developer/Platforms/MacOSX.platform/Developer/SDKs/MacOSX26.1.sdk/usr/include/os.modulemap
/Applications/Xcode.app/Contents/Developer/Platforms/MacOSX.platform/Developer/SDKs/MacOSX26.1.sdk/usr/include/Darwin.modulemap
/Applications/Xcode.app/Contents/Developer/Platforms/MacOSX.platform/Developer/SDKs/MacOSX26.1.sdk/usr/include/Darwin_C.modulemap
/Applications/Xcode.app/Contents/Developer/Platforms/MacOSX.platform/Developer/SDKs/MacOSX26.1.sdk/usr/include/Darwin_POSIX.modulemap
/Applications/Xcode.app/Contents/Developer/Platforms/MacOSX.platform/Developer/SDKs/MacOSX26.1.sdk/usr/include/net.modulemap
/Applications/Xcode.app/Contents/Developer/Platforms/MacOSX.platform/Developer/SDKs/MacOSX26.1.sdk/usr/include/netinet.modulemap
/Applications/Xcode.app/Contents/Developer/Platforms/MacOSX.platform/Developer/SDKs/MacOSX26.1.sdk/usr/include/bank.modulemap
/Applications/Xcode.app/Contents/Developer/Platforms/MacOSX.platform/Developer/SDKs/MacOSX26.1.sdk/usr/include/Darwin_Mach.modulemap
/Applications/Xcode.app/Contents/Developer/Platforms/MacOSX.platform/Developer/SDKs/MacOSX26.1.sdk/usr/include/Darwin_Mach_machine.modulemap
/Applications/Xcode.app/Contents/Developer/Platforms/MacOSX.platform/Developer/SDKs/MacOSX26.1.sdk/usr/include/mach_debug.modulemap
/Applications/Xcode.app/Contents/Developer/Platforms/MacOSX.platform/Developer/SDKs/MacOSX26.1.sdk/usr/include/device.modulemap
/Applications/Xcode.app/Contents/Developer/Platforms/MacOSX.platform/Developer/SDKs/MacOSX26.1.sdk/usr/include/Darwin_machine.modulemap
/Applications/Xcode.app/Contents/Developer/Platforms/MacOSX.platform/Developer/SDKs/MacOSX26.1.sdk/usr/include/ncurses.modulemap
/Applications/Xcode.app/Contents/Developer/Platforms/MacOSX.platform/Developer/SDKs/MacOSX26.1.sdk/usr/include/netinet6.modulemap
/Applications/Xcode.app/Contents/Developer/Platforms/MacOSX.platform/Developer/SDKs/MacOSX26.1.sdk/usr/include/Darwin_sys.modulemap
/Applications/Xcode.app/Contents/Developer/Platforms/MacOSX.platform/Developer/SDKs/MacOSX26.1.sdk/usr/include/uuid.modulemap
/Applications/Xcode.app/Contents/Developer/Platforms/MacOSX.platform/Developer/SDKs/MacOSX26.1.sdk/usr/include/DarwinFoundation2.modulemap
/Applications/Xcode.app/Contents/Developer/Platforms/MacOSX.platform/Developer/SDKs/MacOSX26.1.sdk/usr/include/DarwinFoundation3.modulemap
/Applications/Xcode.app/Contents/Developer/Platforms/MacOSX.platform/Developer/SDKs/MacOSX26.1.sdk/usr/include/DarwinFoundation1.modulemap
/Applications/Xcode.app/Contents/Developer/Platforms/MacOSX.platform/Developer/SDKs/MacOSX26.1.sdk/usr/include/dispatch/dispatch.h
/Applications/Xcode.app/Contents/Developer/Toolchains/XcodeDefault.xctoolchain/usr/lib/swift/clang/include/module.modulemap
/Applications/Xcode.app/Contents/Developer/Toolchains/XcodeDefault.xctoolchain/usr/lib/swift/clang/include/stddef.h
/Applications/Xcode.app/Contents/Developer/Toolchains/XcodeDefault.xctoolchain/usr/lib/swift/clang/include/stdarg.h
/Applications/Xcode.app/Contents/Developer/Platforms/MacOSX.platform/Developer/SDKs/MacOSX26.1.sdk/usr/include/string.h
/Applications/Xcode.app/Contents/Developer/Platforms/MacOSX.platform/Developer/SDKs/MacOSX26.1.sdk/usr/include/dispatch/base.h
/Applications/Xcode.app/Contents/Developer/Platforms/MacOSX.platform/Developer/SDKs/MacOSX26.1.sdk/usr/include/dispatch/time.h
/Applications/Xcode.app/Contents/Developer/Platforms/MacOSX.platform/Developer/SDKs/MacOSX26.1.sdk/usr/include/dispatch/object.h
/Applications/Xcode.app/Contents/Developer/Platforms/MacOSX.platform/Developer/SDKs/MacOSX26.1.sdk/usr/include/dispatch/queue.h
/Applications/Xcode.app/Contents/Developer/Platforms/MacOSX.platform/Developer/SDKs/MacOSX26.1.sdk/usr/include/dispatch/block.h
/Applications/Xcode.app/Contents/Developer/Platforms/MacOSX.platform/Developer/SDKs/MacOSX26.1.sdk/usr/include/dispatch/source.h
/Applications/Xcode.app/Contents/Developer/Platforms/MacOSX.platform/Developer/SDKs/MacOSX26.1.sdk/usr/include/dispatch/group.h
/Applications/Xcode.app/Contents/Developer/Platforms/MacOSX.platform/Developer/SDKs/MacOSX26.1.sdk/usr/include/dispatch/semaphore.h
/Applications/Xcode.app/Contents/Developer/Platforms/MacOSX.platform/Developer/SDKs/MacOSX26.1.sdk/usr/include/dispatch/once.h
/Applications/Xcode.app/Contents/Developer/Platforms/MacOSX.platform/Developer/SDKs/MacOSX26.1.sdk/usr/include/dispatch/data.h
/Applications/Xcode.app/Contents/Developer/Platforms/MacOSX.platform/Developer/SDKs/MacOSX26.1.sdk/usr/include/dispatch/io.h
/Applications/Xcode.app/Contents/Developer/Platforms/MacOSX.platform/Developer/SDKs/MacOSX26.1.sdk/usr/include/dispatch/workloop.h
/Applications/Xcode.app/Contents/Developer/Platforms/MacOSX.platform/Developer/SDKs/MacOSX26.1.sdk/usr/include/dispatch/dispatch_swift_shims.h
/Applications/Xcode.app/Contents/Developer/Platforms/MacOSX.platform/Developer/SDKs/MacOSX26.1.sdk/SDKSettings.json
/Applications/Xcode.app/Contents/Developer/Platforms/MacOSX.platform/Developer/SDKs/MacOSX26.1.sdk/System/Library/Frameworks/Foundation.framework/Headers/Foundation.apinotes
/Applications/Xcode.app/Contents/Developer/Platforms/MacOSX.platform/Developer/SDKs/MacOSX26.1.sdk/System/Library/Frameworks/Foundation.framework/Modules/module.modulemap
/Applications/Xcode.app/Contents/Developer/Platforms/MacOSX.platform/Developer/SDKs/MacOSX26.1.sdk/System/Library/Frameworks/Foundation.framework/Headers/Foundation.h
/Applications/Xcode.app/Contents/Developer/Platforms/MacOSX.platform/Developer/SDKs/MacOSX26.1.sdk/System/Library/Frameworks/CoreFoundation.framework/Modules/module.modulemap
/Applications/Xcode.app/Contents/Developer/Platforms/MacOSX.platform/Developer/SDKs/MacOSX26.1.sdk/System/Library/Frameworks/Foundation.framework/Headers/NSObjCRuntime.h
/Applications/Xcode.app/Contents/Developer/Platforms/MacOSX.platform/Developer/SDKs/MacOSX26.1.sdk/usr/include/xpc.modulemap
/Applications/Xcode.app/Contents/Developer/Platforms/MacOSX.platform/Developer/SDKs/MacOSX26.1.sdk/usr/include/dispatch.modulemap
/Applications/Xcode.app/Contents/Developer/Platforms/MacOSX.platform/Developer/SDKs/MacOSX26.1.sdk/usr/include/ObjectiveC.modulemap
/Applications/Xcode.app/Contents/Developer/Platforms/MacOSX.platform/Developer/SDKs/MacOSX26.1.sdk/usr/include/Darwin.modulemap
/Applications/Xcode.app/Contents/Developer/Platforms/MacOSX.platform/Developer/SDKs/MacOSX26.1.sdk/usr/include/DarwinFoundation1.modulemap
/Applications/Xcode.app/Contents/Developer/Toolchains/XcodeDefault.xctoolchain/usr/lib/swift/clang/include/module.modulemap
/Applications/Xcode.app/Contents/Developer/Toolchains/XcodeDefault.xctoolchain/usr/lib/swift/clang/include/stdarg.h
/Applications/Xcode.app/Contents/Developer/Platforms/MacOSX.platform/Developer/SDKs/MacOSX26.1.sdk/System/Library/Frameworks/Foundation.framework/Headers/NSArray.h
/Applications/Xcode.app/Contents/Developer/Platforms/MacOSX.platform/Developer/SDKs/MacOSX26.1.sdk/System/Library/Frameworks/Foundation.framework/Headers/NSObject.h
/Applications/Xcode.app/Contents/Developer/Platforms/MacOSX.platform/Developer/SDKs/MacOSX26.1.sdk/System/Library/Frameworks/Foundation.framework/Headers/NSZone.h
/Applications/Xcode.app/Contents/Developer/Toolchains/XcodeDefault.xctoolchain/usr/lib/swift/clang/include/stddef.h
/Applications/Xcode.app/Contents/Developer/Platforms/MacOSX.platform/Developer/SDKs/MacOSX26.1.sdk/System/Library/Frameworks/Foundation.framework/Headers/NSEnumerator.h
/Applications/Xcode.app/Contents/Developer/Platforms/MacOSX.platform/Developer/SDKs/MacOSX26.1.sdk/System/Library/Frameworks/Foundation.framework/Headers/NSRange.h
/Applications/Xcode.app/Contents/Developer/Platforms/MacOSX.platform/Developer/SDKs/MacOSX26.1.sdk/System/Library/Frameworks/Foundation.framework/Headers/NSValue.h
/Applications/Xcode.app/Contents/Developer/Platforms/MacOSX.platform/Developer/SDKs/MacOSX26.1.sdk/System/Library/Frameworks/Foundation.framework/Headers/NSOrderedCollectionDifference.h
/Applications/Xcode.app/Contents/Developer/Platforms/MacOSX.platform/Developer/SDKs/MacOSX26.1.sdk/System/Library/Frameworks/Foundation.framework/Headers/NSOrderedCollectionChange.h
/Applications/Xcode.app/Contents/Developer/Platforms/MacOSX.platform/Developer/SDKs/MacOSX26.1.sdk/System/Library/Frameworks/Foundation.framework/Headers/NSIndexSet.h
/Applications/Xcode.app/Contents/Developer/Platforms/MacOSX.platform/Developer/SDKs/MacOSX26.1.sdk/System/Library/Frameworks/Foundation.framework/Headers/NSAutoreleasePool.h
/Applications/Xcode.app/Contents/Developer/Platforms/MacOSX.platform/Developer/SDKs/MacOSX26.1.sdk/System/Library/Frameworks/Foundation.framework/Headers/NSBundle.h
/Applications/Xcode.app/Contents/Developer/Platforms/MacOSX.platform/Developer/SDKs/MacOSX26.1.sdk/System/Library/Frameworks/Foundation.framework/Headers/NSString.h
/Applications/Xcode.app/Contents/Developer/Platforms/MacOSX.platform/Developer/SDKs/MacOSX26.1.sdk/System/Library/Frameworks/Foundation.framework/Headers/NSItemProvider.h
/Applications/Xcode.app/Contents/Developer/Platforms/MacOSX.platform/Developer/SDKs/MacOSX26.1.sdk/System/Library/Frameworks/Foundation.framework/Headers/NSDictionary.h
/Applications/Xcode.app/Contents/Developer/Platforms/MacOSX.platform/Developer/SDKs/MacOSX26.1.sdk/System/Library/Frameworks/Foundation.framework/Headers/NSSet.h
/Applications/Xcode.app/Contents/Developer/Platforms/MacOSX.platform/Developer/SDKs/MacOSX26.1.sdk/System/Library/Frameworks/Foundation.framework/Headers/NSProgress.h
/Applications/Xcode.app/Contents/Developer/Platforms/MacOSX.platform/Developer/SDKs/MacOSX26.1.sdk/System/Library/Frameworks/Foundation.framework/Headers/NSNotification.h
/Applications/Xcode.app/Contents/Developer/Platforms/MacOSX.platform/Developer/SDKs/MacOSX26.1.sdk/System/Library/Frameworks/Foundation.framework/Headers/NSByteOrder.h
/Applications/Xcode.app/Contents/Developer/Platforms/MacOSX.platform/Developer/SDKs/MacOSX26.1.sdk/System/Library/Frameworks/Foundation.framework/Headers/NSCalendar.h
/Applications/Xcode.app/Contents/Developer/Platforms/MacOSX.platform/Developer/SDKs/MacOSX26.1.sdk/System/Library/Frameworks/Foundation.framework/Headers/NSDate.h
/Applications/Xcode.app/Contents/Developer/Platforms/MacOSX.platform/Developer/SDKs/MacOSX26.1.sdk/System/Library/Frameworks/Foundation.framework/Headers/NSCharacterSet.h
/Applications/Xcode.app/Contents/Developer/Platforms/MacOSX.platform/Developer/SDKs/MacOSX26.1.sdk/System/Library/Frameworks/Foundation.framework/Headers/NSCoder.h
/Applications/Xcode.app/Contents/Developer/Platforms/MacOSX.platform/Developer/SDKs/MacOSX26.1.sdk/System/Library/Frameworks/Foundation.framework/Headers/NSData.h
/Applications/Xcode.app/Contents/Developer/Platforms/MacOSX.platform/Developer/SDKs/MacOSX26.1.sdk/System/Library/Frameworks/Foundation.framework/Headers/NSDateInterval.h
/Applications/Xcode.app/Contents/Developer/Platforms/MacOSX.platform/Developer/SDKs/MacOSX26.1.sdk/System/Library/Frameworks/Foundation.framework/Headers/NSDateFormatter.h
/Applications/Xcode.app/Contents/Developer/Platforms/MacOSX.platform/Developer/SDKs/MacOSX26.1.sdk/System/Library/Frameworks/Foundation.framework/Headers/NSFormatter.h
/Applications/Xcode.app/Contents/Developer/Platforms/MacOSX.platform/Developer/SDKs/MacOSX26.1.sdk/System/Library/Frameworks/Foundation.framework/Headers/NSAttributedString.h
/Applications/Xcode.app/Contents/Developer/Platforms/MacOSX.platform/Developer/SDKs/MacOSX26.1.sdk/System/Library/Frameworks/Foundation.framework/Headers/NSDateIntervalFormatter.h
/Applications/Xcode.app/Contents/Developer/Platforms/MacOSX.platform/Developer/SDKs/MacOSX26.1.sdk/System/Library/Frameworks/Foundation.framework/Headers/NSISO8601DateFormatter.h
/Applications/Xcode.app/Contents/Developer/Platforms/MacOSX.platform/Developer/SDKs/MacOSX26.1.sdk/System/Library/Frameworks/Foundation.framework/Headers/NSMassFormatter.h
/Applications/Xcode.app/Contents/Developer/Platforms/MacOSX.platform/Developer/SDKs/MacOSX26.1.sdk/System/Library/Frameworks/Foundation.framework/Headers/NSLengthFormatter.h
/Applications/Xcode.app/Contents/Developer/Platforms/MacOSX.platform/Developer/SDKs/MacOSX26.1.sdk/System/Library/Frameworks/Foundation.framework/Headers/NSEnergyFormatter.h
/Applications/Xcode.app/Contents/Developer/Platforms/MacOSX.platform/Developer/SDKs/MacOSX26.1.sdk/System/Library/Frameworks/Foundation.framework/Headers/NSMeasurementFormatter.h
/Applications/Xcode.app/Contents/Developer/Platforms/MacOSX.platform/Developer/SDKs/MacOSX26.1.sdk/System/Library/Frameworks/Foundation.framework/Headers/NSNumberFormatter.h
/Applications/Xcode.app/Contents/Developer/Platforms/MacOSX.platform/Developer/SDKs/MacOSX26.1.sdk/System/Library/Frameworks/Foundation.framework/Headers/NSMeasurement.h
/Applications/Xcode.app/Contents/Developer/Platforms/MacOSX.platform/Developer/SDKs/MacOSX26.1.sdk/System/Library/Frameworks/Foundation.framework/Headers/NSUnit.h
/Applications/Xcode.app/Contents/Developer/Platforms/MacOSX.platform/Developer/SDKs/MacOSX26.1.sdk/System/Library/Frameworks/Foundation.framework/Headers/NSLocale.h
/Applications/Xcode.app/Contents/Developer/Platforms/MacOSX.platform/Developer/SDKs/MacOSX26.1.sdk/System/Library/Frameworks/Foundation.framework/Headers/NSPersonNameComponents.h
/Applications/Xcode.app/Contents/Developer/Platforms/MacOSX.platform/Developer/SDKs/MacOSX26.1.sdk/System/Library/Frameworks/Foundation.framework/Headers/NSPersonNameComponentsFormatter.h
/Applications/Xcode.app/Contents/Developer/Platforms/MacOSX.platform/Developer/SDKs/MacOSX26.1.sdk/System/Library/Frameworks/Foundation.framework/Headers/NSRelativeDateTimeFormatter.h
/Applications/Xcode.app/Contents/Developer/Platforms/MacOSX.platform/Developer/SDKs/MacOSX26.1.sdk/System/Library/Frameworks/Foundation.framework/Headers/NSListFormatter.h
/Applications/Xcode.app/Contents/Developer/Platforms/MacOSX.platform/Developer/SDKs/MacOSX26.1.sdk/System/Library/Frameworks/Foundation.framework/Headers/NSDecimal.h
/Applications/Xcode.app/Contents/Developer/Platforms/MacOSX.platform/Developer/SDKs/MacOSX26.1.sdk/System/Library/Frameworks/Foundation.framework/Headers/NSDecimalNumber.h
/Applications/Xcode.app/Contents/Developer/Platforms/MacOSX.platform/Developer/SDKs/MacOSX26.1.sdk/System/Library/Frameworks/Foundation.framework/Headers/NSScanner.h
/Applications/Xcode.app/Contents/Developer/Platforms/MacOSX.platform/Developer/SDKs/MacOSX26.1.sdk/System/Library/Frameworks/Foundation.framework/Headers/NSException.h
/Applications/Xcode.app/Contents/Developer/Platforms/MacOSX.platform/Developer/SDKs/MacOSX26.1.sdk/System/Library/Frameworks/Foundation.framework/Headers/NSError.h
/Applications/Xcode.app/Contents/Developer/Platforms/MacOSX.platform/Developer/SDKs/MacOSX26.1.sdk/System/Library/Frameworks/Foundation.framework/Headers/NSFileHandle.h
/Applications/Xcode.app/Contents/Developer/Platforms/MacOSX.platform/Developer/SDKs/MacOSX26.1.sdk/System/Library/Frameworks/Foundation.framework/Headers/NSRunLoop.h
/Applications/Xcode.app/Contents/Developer/Platforms/MacOSX.platform/Developer/SDKs/MacOSX26.1.sdk/System/Library/Frameworks/Foundation.framework/Headers/NSFileManager.h
/Applications/Xcode.app/Contents/Developer/Platforms/MacOSX.platform/Developer/SDKs/MacOSX26.1.sdk/System/Library/Frameworks/Foundation.framework/Headers/NSPathUtilities.h
/Applications/Xcode.app/Contents/Developer/Platforms/MacOSX.platform/Developer/SDKs/MacOSX26.1.sdk/System/Library/Frameworks/Foundation.framework/Headers/NSURL.h
/Applications/Xcode.app/Contents/Developer/Platforms/MacOSX.platform/Developer/SDKs/MacOSX26.1.sdk/System/Library/Frameworks/Foundation.framework/Headers/NSURLHandle.h
/Applications/Xcode.app/Contents/Developer/Platforms/MacOSX.platform/Developer/SDKs/MacOSX26.1.sdk/System/Library/Frameworks/Foundation.framework/Headers/NSHashTable.h
/Applications/Xcode.app/Contents/Developer/Platforms/MacOSX.platform/Developer/SDKs/MacOSX26.1.sdk/System/Library/Frameworks/Foundation.framework/Headers/NSPointerFunctions.h
/Applications/Xcode.app/Contents/Developer/Platforms/MacOSX.platform/Developer/SDKs/MacOSX26.1.sdk/System/Library/Frameworks/Foundation.framework/Headers/NSHTTPCookie.h
/Applications/Xcode.app/Contents/Developer/Platforms/MacOSX.platform/Developer/SDKs/MacOSX26.1.sdk/System/Library/Frameworks/Foundation.framework/Headers/NSHTTPCookieStorage.h
/Applications/Xcode.app/Contents/Developer/Platforms/MacOSX.platform/Developer/SDKs/MacOSX26.1.sdk/System/Library/Frameworks/Foundation.framework/Headers/NSIndexPath.h
/Applications/Xcode.app/Contents/Developer/Platforms/MacOSX.platform/Developer/SDKs/MacOSX26.1.sdk/System/Library/Frameworks/Foundation.framework/Headers/NSInflectionRule.h
/Applications/Xcode.app/Contents/Developer/Platforms/MacOSX.platform/Developer/SDKs/MacOSX26.1.sdk/System/Library/Frameworks/Foundation.framework/Headers/NSInvocation.h
/Applications/Xcode.app/Contents/Developer/Platforms/MacOSX.platform/Developer/SDKs/MacOSX26.1.sdk/System/Library/Frameworks/Foundation.framework/Headers/NSJSONSerialization.h
/Applications/Xcode.app/Contents/Developer/Platforms/MacOSX.platform/Developer/SDKs/MacOSX26.1.sdk/System/Library/Frameworks/Foundation.framework/Headers/NSKeyValueCoding.h
/Applications/Xcode.app/Contents/Developer/Platforms/MacOSX.platform/Developer/SDKs/MacOSX26.1.sdk/System/Library/Frameworks/Foundation.framework/Headers/NSOrderedSet.h
/Applications/Xcode.app/Contents/Developer/Platforms/MacOSX.platform/Developer/SDKs/MacOSX26.1.sdk/System/Library/Frameworks/Foundation.framework/Headers/NSKeyValueObserving.h
/Applications/Xcode.app/Contents/Developer/Platforms/MacOSX.platform/Developer/SDKs/MacOSX26.1.sdk/System/Library/Frameworks/Foundation.framework/Headers/NSKeyValueSharedObservers.h
/Applications/Xcode.app/Contents/Developer/Platforms/MacOSX.platform/Developer/SDKs/MacOSX26.1.sdk/System/Library/Frameworks/Foundation.framework/Headers/NSKeyedArchiver.h
/Applications/Xcode.app/Contents/Developer/Platforms/MacOSX.platform/Developer/SDKs/MacOSX26.1.sdk/System/Library/Frameworks/Foundation.framework/Headers/NSPropertyList.h
/Applications/Xcode.app/Contents/Developer/Platforms/MacOSX.platform/Developer/SDKs/MacOSX26.1.sdk/System/Library/Frameworks/Foundation.framework/Headers/NSGeometry.h
/Applications/Xcode.app/Contents/Developer/Platforms/MacOSX.platform/Developer/SDKs/MacOSX26.1.sdk/System/Library/Frameworks/Foundation.framework/Headers/NSLock.h
/Applications/Xcode.app/Contents/Developer/Platforms/MacOSX.platform/Developer/SDKs/MacOSX26.1.sdk/System/Library/Frameworks/Foundation.framework/Headers/NSMapTable.h
/Applications/Xcode.app/Contents/Developer/Platforms/MacOSX.platform/Developer/SDKs/MacOSX26.1.sdk/System/Library/Frameworks/Foundation.framework/Headers/NSMethodSignature.h
/Applications/Xcode.app/Contents/Developer/Platforms/MacOSX.platform/Developer/SDKs/MacOSX26.1.sdk/System/Library/Frameworks/Foundation.framework/Headers/NSMorphology.h
/Applications/Xcode.app/Contents/Developer/Platforms/MacOSX.platform/Developer/SDKs/MacOSX26.1.sdk/System/Library/Frameworks/Foundation.framework/Headers/NSTermOfAddress.h
/Applications/Xcode.app/Contents/Developer/Platforms/MacOSX.platform/Developer/SDKs/MacOSX26.1.sdk/System/Library/Frameworks/Foundation.framework/Headers/NSNotificationQueue.h
/Applications/Xcode.app/Contents/Developer/Platforms/MacOSX.platform/Developer/SDKs/MacOSX26.1.sdk/System/Library/Frameworks/Foundation.framework/Headers/NSNull.h
/Applications/Xcode.app/Contents/Developer/Platforms/MacOSX.platform/Developer/SDKs/MacOSX26.1.sdk/System/Library/Frameworks/Foundation.framework/Headers/NSLocalizedNumberFormatRule.h
/Applications/Xcode.app/Contents/Developer/Platforms/MacOSX.platform/Developer/SDKs/MacOSX26.1.sdk/System/Library/Frameworks/Foundation.framework/Headers/NSOperation.h
/Applications/Xcode.app/Contents/Developer/Platforms/MacOSX.platform/Developer/SDKs/MacOSX26.1.sdk/System/Library/Frameworks/Foundation.framework/Headers/NSOrthography.h
/Applications/Xcode.app/Contents/Developer/Platforms/MacOSX.platform/Developer/SDKs/MacOSX26.1.sdk/System/Library/Frameworks/Foundation.framework/Headers/NSPointerArray.h
/Applications/Xcode.app/Contents/Developer/Platforms/MacOSX.platform/Developer/SDKs/MacOSX26.1.sdk/System/Library/Frameworks/Foundation.framework/Headers/NSPort.h
/Applications/Xcode.app/Contents/Developer/Platforms/MacOSX.platform/Developer/SDKs/MacOSX26.1.sdk/System/Library/Frameworks/Foundation.framework/Headers/NSProcessInfo.h
/Applications/Xcode.app/Contents/Developer/Platforms/MacOSX.platform/Developer/SDKs/MacOSX26.1.sdk/System/Library/Frameworks/Foundation.framework/Headers/NSProxy.h
/Applications/Xcode.app/Contents/Developer/Platforms/MacOSX.platform/Developer/SDKs/MacOSX26.1.sdk/System/Library/Frameworks/Foundation.framework/Headers/NSRegularExpression.h
/Applications/Xcode.app/Contents/Developer/Platforms/MacOSX.platform/Developer/SDKs/MacOSX26.1.sdk/System/Library/Frameworks/Foundation.framework/Headers/NSTextCheckingResult.h
/Applications/Xcode.app/Contents/Developer/Platforms/MacOSX.platform/Developer/SDKs/MacOSX26.1.sdk/System/Library/Frameworks/Foundation.framework/Headers/NSSortDescriptor.h
/Applications/Xcode.app/Contents/Developer/Platforms/MacOSX.platform/Developer/SDKs/MacOSX26.1.sdk/System/Library/Frameworks/Foundation.framework/Headers/NSStream.h
/Applications/Xcode.app/Contents/Developer/Platforms/MacOSX.platform/Developer/SDKs/MacOSX26.1.sdk/System/Library/Frameworks/Foundation.framework/Headers/NSThread.h
/Applications/Xcode.app/Contents/Developer/Platforms/MacOSX.platform/Developer/SDKs/MacOSX26.1.sdk/System/Library/Frameworks/Foundation.framework/Headers/NSTimeZone.h
/Applications/Xcode.app/Contents/Developer/Platforms/MacOSX.platform/Developer/SDKs/MacOSX26.1.sdk/System/Library/Frameworks/Foundation.framework/Headers/NSTimer.h
/Applications/Xcode.app/Contents/Developer/Platforms/MacOSX.platform/Developer/SDKs/MacOSX26.1.sdk/System/Library/Frameworks/Foundation.framework/Headers/NSURLAuthenticationChallenge.h
/Applications/Xcode.app/Contents/Developer/Platforms/MacOSX.platform/Developer/SDKs/MacOSX26.1.sdk/System/Library/Frameworks/Foundation.framework/Headers/NSURLCache.h
/Applications/Xcode.app/Contents/Developer/Platforms/MacOSX.platform/Developer/SDKs/MacOSX26.1.sdk/System/Library/Frameworks/Foundation.framework/Headers/NSURLConnection.h
/Applications/Xcode.app/Contents/Developer/Platforms/MacOSX.platform/Developer/SDKs/MacOSX26.1.sdk/System/Library/Frameworks/Foundation.framework/Headers/NSURLCredential.h
/Applications/Xcode.app/Contents/Developer/Platforms/MacOSX.platform/Developer/SDKs/MacOSX26.1.sdk/System/Library/Frameworks/Security.framework/Modules/module.modulemap
/Applications/Xcode.app/Contents/Developer/Platforms/MacOSX.platform/Developer/SDKs/MacOSX26.1.sdk/System/Library/Frameworks/Foundation.framework/Headers/NSURLCredentialStorage.h
/Applications/Xcode.app/Contents/Developer/Platforms/MacOSX.platform/Developer/SDKs/MacOSX26.1.sdk/System/Library/Frameworks/Foundation.framework/Headers/NSURLProtectionSpace.h
/Applications/Xcode.app/Contents/Developer/Platforms/MacOSX.platform/Developer/SDKs/MacOSX26.1.sdk/System/Library/Frameworks/Foundation.framework/Headers/NSURLError.h
/Applications/Xcode.app/Contents/Developer/Platforms/MacOSX.platform/Developer/SDKs/MacOSX26.1.sdk/System/Library/Frameworks/CoreServices.framework/Modules/module.modulemap
/Applications/Xcode.app/Contents/Developer/Platforms/MacOSX.platform/Developer/SDKs/MacOSX26.1.sdk/System/Library/Frameworks/Foundation.framework/Headers/NSURLProtocol.h
/Applications/Xcode.app/Contents/Developer/Platforms/MacOSX.platform/Developer/SDKs/MacOSX26.1.sdk/System/Library/Frameworks/Foundation.framework/Headers/NSURLRequest.h
/Applications/Xcode.app/Contents/Developer/Platforms/MacOSX.platform/Developer/SDKs/MacOSX26.1.sdk/System/Library/Frameworks/Foundation.framework/Headers/NSURLResponse.h
/Applications/Xcode.app/Contents/Developer/Platforms/MacOSX.platform/Developer/SDKs/MacOSX26.1.sdk/System/Library/Frameworks/Foundation.framework/Headers/NSUserDefaults.h
/Applications/Xcode.app/Contents/Developer/Platforms/MacOSX.platform/Developer/SDKs/MacOSX26.1.sdk/System/Library/Frameworks/Foundation.framework/Headers/NSValueTransformer.h
/Applications/Xcode.app/Contents/Developer/Platforms/MacOSX.platform/Developer/SDKs/MacOSX26.1.sdk/System/Library/Frameworks/Foundation.framework/Headers/NSXMLParser.h
/Applications/Xcode.app/Contents/Developer/Platforms/MacOSX.platform/Developer/SDKs/MacOSX26.1.sdk/System/Library/Frameworks/Foundation.framework/Headers/NSXPCConnection.h
/Applications/Xcode.app/Contents/Developer/Platforms/MacOSX.platform/Developer/SDKs/MacOSX26.1.sdk/System/Library/Frameworks/Foundation.framework/Headers/FoundationErrors.h
/Applications/Xcode.app/Contents/Developer/Platforms/MacOSX.platform/Developer/SDKs/MacOSX26.1.sdk/System/Library/Frameworks/Foundation.framework/Headers/NSByteCountFormatter.h
/Applications/Xcode.app/Contents/Developer/Platforms/MacOSX.platform/Developer/SDKs/MacOSX26.1.sdk/System/Library/Frameworks/Foundation.framework/Headers/NSCache.h
/Applications/Xcode.app/Contents/Developer/Platforms/MacOSX.platform/Developer/SDKs/MacOSX26.1.sdk/System/Library/Frameworks/Foundation.framework/Headers/NSComparisonPredicate.h
/Applications/Xcode.app/Contents/Developer/Platforms/MacOSX.platform/Developer/SDKs/MacOSX26.1.sdk/System/Library/Frameworks/Foundation.framework/Headers/NSPredicate.h
/Applications/Xcode.app/Contents/Developer/Platforms/MacOSX.platform/Developer/SDKs/MacOSX26.1.sdk/System/Library/Frameworks/Foundation.framework/Headers/NSCompoundPredicate.h
/Applications/Xcode.app/Contents/Developer/Platforms/MacOSX.platform/Developer/SDKs/MacOSX26.1.sdk/System/Library/Frameworks/Foundation.framework/Headers/NSDateComponentsFormatter.h
/Applications/Xcode.app/Contents/Developer/Platforms/MacOSX.platform/Developer/SDKs/MacOSX26.1.sdk/System/Library/Frameworks/Foundation.framework/Headers/NSExpression.h
/Applications/Xcode.app/Contents/Developer/Platforms/MacOSX.platform/Developer/SDKs/MacOSX26.1.sdk/System/Library/Frameworks/Foundation.framework/Headers/NSExtensionContext.h
/Applications/Xcode.app/Contents/Developer/Platforms/MacOSX.platform/Developer/SDKs/MacOSX26.1.sdk/System/Library/Frameworks/Foundation.framework/Headers/NSExtensionItem.h
/Applications/Xcode.app/Contents/Developer/Platforms/MacOSX.platform/Developer/SDKs/MacOSX26.1.sdk/System/Library/Frameworks/Foundation.framework/Headers/NSExtensionRequestHandling.h
/Applications/Xcode.app/Contents/Developer/Platforms/MacOSX.platform/Developer/SDKs/MacOSX26.1.sdk/System/Library/Frameworks/Foundation.framework/Headers/NSFileCoordinator.h
/Applications/Xcode.app/Contents/Developer/Platforms/MacOSX.platform/Developer/SDKs/MacOSX26.1.sdk/System/Library/Frameworks/Foundation.framework/Headers/NSFilePresenter.h
/Applications/Xcode.app/Contents/Developer/Platforms/MacOSX.platform/Developer/SDKs/MacOSX26.1.sdk/System/Library/Frameworks/Foundation.framework/Headers/NSFileVersion.h
/Applications/Xcode.app/Contents/Developer/Platforms/MacOSX.platform/Developer/SDKs/MacOSX26.1.sdk/System/Library/Frameworks/Foundation.framework/Headers/NSFileWrapper.h
/Applications/Xcode.app/Contents/Developer/Platforms/MacOSX.platform/Developer/SDKs/MacOSX26.1.sdk/System/Library/Frameworks/Foundation.framework/Headers/NSLinguisticTagger.h
/Applications/Xcode.app/Contents/Developer/Platforms/MacOSX.platform/Developer/SDKs/MacOSX26.1.sdk/System/Library/Frameworks/Foundation.framework/Headers/NSMetadata.h
/Applications/Xcode.app/Contents/Developer/Platforms/MacOSX.platform/Developer/SDKs/MacOSX26.1.sdk/System/Library/Frameworks/Foundation.framework/Headers/NSMetadataAttributes.h
/Applications/Xcode.app/Contents/Developer/Platforms/MacOSX.platform/Developer/SDKs/MacOSX26.1.sdk/System/Library/Frameworks/Foundation.framework/Headers/NSNetServices.h
/Applications/Xcode.app/Contents/Developer/Platforms/MacOSX.platform/Developer/SDKs/MacOSX26.1.sdk/System/Library/Frameworks/Foundation.framework/Headers/NSUbiquitousKeyValueStore.h
/Applications/Xcode.app/Contents/Developer/Platforms/MacOSX.platform/Developer/SDKs/MacOSX26.1.sdk/System/Library/Frameworks/Foundation.framework/Headers/NSUndoManager.h
/Applications/Xcode.app/Contents/Developer/Platforms/MacOSX.platform/Developer/SDKs/MacOSX26.1.sdk/System/Library/Frameworks/Foundation.framework/Headers/NSURLSession.h
/Applications/Xcode.app/Contents/Developer/Platforms/MacOSX.platform/Developer/SDKs/MacOSX26.1.sdk/System/Library/Frameworks/Foundation.framework/Headers/NSUserActivity.h
/Applications/Xcode.app/Contents/Developer/Platforms/MacOSX.platform/Developer/SDKs/MacOSX26.1.sdk/System/Library/Frameworks/Foundation.framework/Headers/NSUUID.h
/Applications/Xcode.app/Contents/Developer/Platforms/MacOSX.platform/Developer/SDKs/MacOSX26.1.sdk/System/Library/Frameworks/Foundation.framework/Headers/NSAffineTransform.h
/Applications/Xcode.app/Contents/Developer/Platforms/MacOSX.platform/Developer/SDKs/MacOSX26.1.sdk/System/Library/Frameworks/Foundation.framework/Headers/NSAppleScript.h
/Applications/Xcode.app/Contents/Developer/Platforms/MacOSX.platform/Developer/SDKs/MacOSX26.1.sdk/System/Library/Frameworks/Foundation.framework/Headers/NSArchiver.h
/Applications/Xcode.app/Contents/Developer/Platforms/MacOSX.platform/Developer/SDKs/MacOSX26.1.sdk/System/Library/Frameworks/Foundation.framework/Headers/NSBackgroundActivityScheduler.h
/Applications/Xcode.app/Contents/Developer/Platforms/MacOSX.platform/Developer/SDKs/MacOSX26.1.sdk/System/Library/Frameworks/Foundation.framework/Headers/NSCalendarDate.h
/Applications/Xcode.app/Contents/Developer/Platforms/MacOSX.platform/Developer/SDKs/MacOSX26.1.sdk/System/Library/Frameworks/Foundation.framework/Headers/NSConnection.h
/Applications/Xcode.app/Contents/Developer/Platforms/MacOSX.platform/Developer/SDKs/MacOSX26.1.sdk/System/Library/Frameworks/Foundation.framework/Headers/NSDistantObject.h
/Applications/Xcode.app/Contents/Developer/Platforms/MacOSX.platform/Developer/SDKs/MacOSX26.1.sdk/System/Library/Frameworks/Foundation.framework/Headers/NSDistributedNotificationCenter.h
/Applications/Xcode.app/Contents/Developer/Platforms/MacOSX.platform/Developer/SDKs/MacOSX26.1.sdk/System/Library/Frameworks/Foundation.framework/Headers/NSPortCoder.h
/Applications/Xcode.app/Contents/Developer/Platforms/MacOSX.platform/Developer/SDKs/MacOSX26.1.sdk/System/Library/Frameworks/Foundation.framework/Headers/NSPortMessage.h
/Applications/Xcode.app/Contents/Developer/Platforms/MacOSX.platform/Developer/SDKs/MacOSX26.1.sdk/System/Library/Frameworks/Foundation.framework/Headers/NSPortNameServer.h
/Applications/Xcode.app/Contents/Developer/Platforms/MacOSX.platform/Developer/SDKs/MacOSX26.1.sdk/System/Library/Frameworks/Foundation.framework/Headers/NSProtocolChecker.h
/Applications/Xcode.app/Contents/Developer/Platforms/MacOSX.platform/Developer/SDKs/MacOSX26.1.sdk/System/Library/Frameworks/Foundation.framework/Headers/NSTask.h
/Applications/Xcode.app/Contents/Developer/Platforms/MacOSX.platform/Developer/SDKs/MacOSX26.1.sdk/System/Library/Frameworks/Foundation.framework/Headers/NSXMLDTD.h
/Applications/Xcode.app/Contents/Developer/Platforms/MacOSX.platform/Developer/SDKs/MacOSX26.1.sdk/System/Library/Frameworks/Foundation.framework/Headers/NSXMLNode.h
/Applications/Xcode.app/Contents/Developer/Platforms/MacOSX.platform/Developer/SDKs/MacOSX26.1.sdk/System/Library/Frameworks/Foundation.framework/Headers/NSXMLNodeOptions.h
/Applications/Xcode.app/Contents/Developer/Platforms/MacOSX.platform/Developer/SDKs/MacOSX26.1.sdk/System/Library/Frameworks/Foundation.framework/Headers/NSXMLDTDNode.h
/Applications/Xcode.app/Contents/Developer/Platforms/MacOSX.platform/Developer/SDKs/MacOSX26.1.sdk/System/Library/Frameworks/Foundation.framework/Headers/NSXMLDocument.h
/Applications/Xcode.app/Contents/Developer/Platforms/MacOSX.platform/Developer/SDKs/MacOSX26.1.sdk/System/Library/Frameworks/Foundation.framework/Headers/NSXMLElement.h
/Applications/Xcode.app/Contents/Developer/Platforms/MacOSX.platform/Developer/SDKs/MacOSX26.1.sdk/System/Library/Frameworks/Foundation.framework/Headers/NSURLDownload.h
/Applications/Xcode.app/Contents/Developer/Platforms/MacOSX.platform/Developer/SDKs/MacOSX26.1.sdk/System/Library/Frameworks/Foundation.framework/Headers/NSAppleEventDescriptor.h
/Applications/Xcode.app/Contents/Developer/Platforms/MacOSX.platform/Developer/SDKs/MacOSX26.1.sdk/System/Library/Frameworks/Foundation.framework/Headers/NSAppleEventManager.h
/Applications/Xcode.app/Contents/Developer/Platforms/MacOSX.platform/Developer/SDKs/MacOSX26.1.sdk/System/Library/Frameworks/Foundation.framework/Headers/NSClassDescription.h
/Applications/Xcode.app/Contents/Developer/Platforms/MacOSX.platform/Developer/SDKs/MacOSX26.1.sdk/System/Library/Frameworks/Foundation.framework/Headers/NSDistributedLock.h
/Applications/Xcode.app/Contents/Developer/Platforms/MacOSX.platform/Developer/SDKs/MacOSX26.1.sdk/System/Library/Frameworks/Foundation.framework/Headers/NSGarbageCollector.h
/Applications/Xcode.app/Contents/Developer/Platforms/MacOSX.platform/Developer/SDKs/MacOSX26.1.sdk/System/Library/Frameworks/Foundation.framework/Headers/NSHFSFileTypes.h
/Applications/Xcode.app/Contents/Developer/Platforms/MacOSX.platform/Developer/SDKs/MacOSX26.1.sdk/System/Library/Frameworks/Foundation.framework/Headers/NSHost.h
/Applications/Xcode.app/Contents/Developer/Platforms/MacOSX.platform/Developer/SDKs/MacOSX26.1.sdk/System/Library/Frameworks/Foundation.framework/Headers/NSObjectScripting.h
/Applications/Xcode.app/Contents/Developer/Platforms/MacOSX.platform/Developer/SDKs/MacOSX26.1.sdk/System/Library/Frameworks/Foundation.framework/Headers/NSScriptClassDescription.h
/Applications/Xcode.app/Contents/Developer/Platforms/MacOSX.platform/Developer/SDKs/MacOSX26.1.sdk/System/Library/Frameworks/Foundation.framework/Headers/NSScriptCoercionHandler.h
/Applications/Xcode.app/Contents/Developer/Platforms/MacOSX.platform/Developer/SDKs/MacOSX26.1.sdk/System/Library/Frameworks/Foundation.framework/Headers/NSScriptCommand.h
/Applications/Xcode.app/Contents/Developer/Platforms/MacOSX.platform/Developer/SDKs/MacOSX26.1.sdk/System/Library/Frameworks/Foundation.framework/Headers/NSScriptCommandDescription.h
/Applications/Xcode.app/Contents/Developer/Platforms/MacOSX.platform/Developer/SDKs/MacOSX26.1.sdk/System/Library/Frameworks/Foundation.framework/Headers/NSScriptExecutionContext.h
/Applications/Xcode.app/Contents/Developer/Platforms/MacOSX.platform/Developer/SDKs/MacOSX26.1.sdk/System/Library/Frameworks/Foundation.framework/Headers/NSScriptKeyValueCoding.h
/Applications/Xcode.app/Contents/Developer/Platforms/MacOSX.platform/Developer/SDKs/MacOSX26.1.sdk/System/Library/Frameworks/Foundation.framework/Headers/NSScriptObjectSpecifiers.h
/Applications/Xcode.app/Contents/Developer/Platforms/MacOSX.platform/Developer/SDKs/MacOSX26.1.sdk/System/Library/Frameworks/Foundation.framework/Headers/NSScriptStandardSuiteCommands.h
/Applications/Xcode.app/Contents/Developer/Platforms/MacOSX.platform/Developer/SDKs/MacOSX26.1.sdk/System/Library/Frameworks/Foundation.framework/Headers/NSScriptSuiteRegistry.h
/Applications/Xcode.app/Contents/Developer/Platforms/MacOSX.platform/Developer/SDKs/MacOSX26.1.sdk/System/Library/Frameworks/Foundation.framework/Headers/NSScriptWhoseTests.h
/Applications/Xcode.app/Contents/Developer/Platforms/MacOSX.platform/Developer/SDKs/MacOSX26.1.sdk/System/Library/Frameworks/Foundation.framework/Headers/NSSpellServer.h
/Applications/Xcode.app/Contents/Developer/Platforms/MacOSX.platform/Developer/SDKs/MacOSX26.1.sdk/System/Library/Frameworks/Foundation.framework/Headers/NSUserNotification.h
/Applications/Xcode.app/Contents/Developer/Platforms/MacOSX.platform/Developer/SDKs/MacOSX26.1.sdk/System/Library/Frameworks/Foundation.framework/Headers/NSUserScriptTask.h
/Applications/Xcode.app/Contents/Developer/Platforms/MacOSX.platform/Developer/SDKs/MacOSX26.1.sdk/System/Library/Frameworks/Foundation.framework/Headers/FoundationLegacySwiftCompatibility.h
/Applications/Xcode.app/Contents/Developer/Platforms/MacOSX.platform/Developer/SDKs/MacOSX26.1.sdk/System/Library/Frameworks/Foundation.framework/Headers/NSDebug.h
/Applications/Xcode.app/Contents/Developer/Platforms/MacOSX.platform/Developer/SDKs/MacOSX26.1.sdk/SDKSettings.json
/Applications/Xcode.app/Contents/Developer/Toolchains/XcodeDefault.xctoolchain/usr/lib/swift/macosx/prebuilt-modules/26.1/Foundation.swiftmodule/arm64e-apple-macos.swiftmodule
/Applications/Xcode.app/Contents/Developer/Toolchains/XcodeDefault.xctoolchain/usr/lib/swift/macosx/prebuilt-modules/26.1/IOKit.swiftmodule/arm64e-apple-macos.swiftmodule
/Applications/Xcode.app/Contents/Developer/Platforms/MacOSX.platform/Developer/SDKs/MacOSX26.1.sdk/System/Library/Frameworks/IOKit.framework/Modules/module.modulemap
/Applications/Xcode.app/Contents/Developer/Platforms/MacOSX.platform/Developer/SDKs/MacOSX26.1.sdk/System/Library/Frameworks/IOKit.framework/Headers/IOReturn.h
/Applications/Xcode.app/Contents/Developer/Platforms/MacOSX.platform/Developer/SDKs/MacOSX26.1.sdk/usr/include/dispatch.modulemap
/Applications/Xcode.app/Contents/Developer/Platforms/MacOSX.platform/Developer/SDKs/MacOSX26.1.sdk/usr/include/libkern.modulemap
/Applications/Xcode.app/Contents/Developer/Platforms/MacOSX.platform/Developer/SDKs/MacOSX26.1.sdk/usr/include/Darwin.modulemap
/Applications/Xcode.app/Contents/Developer/Platforms/MacOSX.platform/Developer/SDKs/MacOSX26.1.sdk/usr/include/Darwin_C.modulemap
/Applications/Xcode.app/Contents/Developer/Platforms/MacOSX.platform/Developer/SDKs/MacOSX26.1.sdk/usr/include/Darwin_POSIX.modulemap
/Applications/Xcode.app/Contents/Developer/Platforms/MacOSX.platform/Developer/SDKs/MacOSX26.1.sdk/usr/include/net.modulemap
/Applications/Xcode.app/Contents/Developer/Platforms/MacOSX.platform/Developer/SDKs/MacOSX26.1.sdk/usr/include/netinet.modulemap
/Applications/Xcode.app/Contents/Developer/Platforms/MacOSX.platform/Developer/SDKs/MacOSX26.1.sdk/usr/include/bank.modulemap
/Applications/Xcode.app/Contents/Developer/Platforms/MacOSX.platform/Developer/SDKs/MacOSX26.1.sdk/usr/include/Darwin_Mach.modulemap
/Applications/Xcode.app/Contents/Developer/Platforms/MacOSX.platform/Developer/SDKs/MacOSX26.1.sdk/usr/include/Darwin_Mach_machine.modulemap
/Applications/Xcode.app/Contents/Developer/Platforms/MacOSX.platform/Developer/SDKs/MacOSX26.1.sdk/usr/include/mach_debug.modulemap
/Applications/Xcode.app/Contents/Developer/Platforms/MacOSX.platform/Developer/SDKs/MacOSX26.1.sdk/usr/include/device.modulemap
/Applications/Xcode.app/Contents/Developer/Platforms/MacOSX.platform/Developer/SDKs/MacOSX26.1.sdk/usr/include/Darwin_machine.modulemap
/Applications/Xcode.app/Contents/Developer/Platforms/MacOSX.platform/Developer/SDKs/MacOSX26.1.sdk/usr/include/ncurses.modulemap
/Applications/Xcode.app/Contents/Developer/Platforms/MacOSX.platform/Developer/SDKs/MacOSX26.1.sdk/usr/include/netinet6.modulemap
/Applications/Xcode.app/Contents/Developer/Platforms/MacOSX.platform/Developer/SDKs/MacOSX26.1.sdk/usr/include/Darwin_sys.modulemap
/Applications/Xcode.app/Contents/Developer/Platforms/MacOSX.platform/Developer/SDKs/MacOSX26.1.sdk/usr/include/uuid.modulemap
/Applications/Xcode.app/Contents/Developer/Platforms/MacOSX.platform/Developer/SDKs/MacOSX26.1.sdk/usr/include/DarwinFoundation2.modulemap
/Applications/Xcode.app/Contents/Developer/Platforms/MacOSX.platform/Developer/SDKs/MacOSX26.1.sdk/usr/include/DarwinFoundation1.modulemap
/Applications/Xcode.app/Contents/Developer/Platforms/MacOSX.platform/Developer/SDKs/MacOSX26.1.sdk/System/Library/Frameworks/IOKit.framework/Headers/IOMapTypes.h
/Applications/Xcode.app/Contents/Developer/Platforms/MacOSX.platform/Developer/SDKs/MacOSX26.1.sdk/System/Library/Frameworks/IOKit.framework/Headers/IOTypes.h
/Applications/Xcode.app/Contents/Developer/Toolchains/XcodeDefault.xctoolchain/usr/lib/swift/clang/include/module.modulemap
/Applications/Xcode.app/Contents/Developer/Platforms/MacOSX.platform/Developer/SDKs/MacOSX26.1.sdk/System/Library/Frameworks/IOKit.framework/Headers/IOKitKeys.h
/Applications/Xcode.app/Contents/Developer/Platforms/MacOSX.platform/Developer/SDKs/MacOSX26.1.sdk/System/Library/Frameworks/IOKit.framework/Headers/OSMessageNotification.h
/Applications/Xcode.app/Contents/Developer/Platforms/MacOSX.platform/Developer/SDKs/MacOSX26.1.sdk/System/Library/Frameworks/IOKit.framework/Headers/IOKitLib.h
/Applications/Xcode.app/Contents/Developer/Platforms/MacOSX.platform/Developer/SDKs/MacOSX26.1.sdk/System/Library/Frameworks/CoreFoundation.framework/Modules/module.modulemap
/Applications/Xcode.app/Contents/Developer/Platforms/MacOSX.platform/Developer/SDKs/MacOSX26.1.sdk/System/Library/Frameworks/IOKit.framework/Headers/IOBSD.h
/Applications/Xcode.app/Contents/Developer/Platforms/MacOSX.platform/Developer/SDKs/MacOSX26.1.sdk/System/Library/Frameworks/IOKit.framework/Headers/IODataQueueClient.h
/Applications/Xcode.app/Contents/Developer/Platforms/MacOSX.platform/Developer/SDKs/MacOSX26.1.sdk/System/Library/Frameworks/IOKit.framework/Headers/IODataQueueShared.h
/Applications/Xcode.app/Contents/Developer/Platforms/MacOSX.platform/Developer/SDKs/MacOSX26.1.sdk/System/Library/Frameworks/IOKit.framework/Headers/IOCFBundle.h
/Applications/Xcode.app/Contents/Developer/Platforms/MacOSX.platform/Developer/SDKs/MacOSX26.1.sdk/System/Library/Frameworks/IOKit.framework/Headers/IOSharedLock.h
/Applications/Xcode.app/Contents/Developer/Platforms/MacOSX.platform/Developer/SDKs/MacOSX26.1.sdk/System/Library/Frameworks/IOKit.framework/Headers/IOCFPlugIn.h
/Applications/Xcode.app/Contents/Developer/Platforms/MacOSX.platform/Developer/SDKs/MacOSX26.1.sdk/System/Library/Frameworks/IOKit.framework/Headers/IOCFSerialize.h
/Applications/Xcode.app/Contents/Developer/Platforms/MacOSX.platform/Developer/SDKs/MacOSX26.1.sdk/System/Library/Frameworks/IOKit.framework/Headers/IOCFURLAccess.h
/Applications/Xcode.app/Contents/Developer/Platforms/MacOSX.platform/Developer/SDKs/MacOSX26.1.sdk/System/Library/Frameworks/IOKit.framework/Headers/IOKitServer.h
/Applications/Xcode.app/Contents/Developer/Platforms/MacOSX.platform/Developer/SDKs/MacOSX26.1.sdk/System/Library/Frameworks/IOKit.framework/Headers/IOCFUnserialize.h
/Applications/Xcode.app/Contents/Developer/Platforms/MacOSX.platform/Developer/SDKs/MacOSX26.1.sdk/System/Library/Frameworks/IOKit.framework/Headers/IOMessage.h
/Applications/Xcode.app/Contents/Developer/Platforms/MacOSX.platform/Developer/SDKs/MacOSX26.1.sdk/System/Library/Frameworks/IOKit.framework/Headers/IORPC.h
/Applications/Xcode.app/Contents/Developer/Platforms/MacOSX.platform/Developer/SDKs/MacOSX26.1.sdk/System/Library/Frameworks/IOKit.framework/Headers/IOUserServer.h
/Applications/Xcode.app/Contents/Developer/Platforms/MacOSX.platform/Developer/SDKs/MacOSX26.1.sdk/System/Library/Frameworks/IOKit.framework/Headers/audio/IOAudioDefines.h
/Applications/Xcode.app/Contents/Developer/Platforms/MacOSX.platform/Developer/SDKs/MacOSX26.1.sdk/System/Library/Frameworks/IOKit.framework/Headers/audio/IOAudioLib.h
/Applications/Xcode.app/Contents/Developer/Platforms/MacOSX.platform/Developer/SDKs/MacOSX26.1.sdk/System/Library/Frameworks/IOKit.framework/Headers/audio/IOAudioTypes.h
/Applications/Xcode.app/Contents/Developer/Platforms/MacOSX.platform/Developer/SDKs/MacOSX26.1.sdk/System/Library/Frameworks/IOKit.framework/Headers/avc/IOFireWireAVCConsts.h
/Applications/Xcode.app/Contents/Developer/Platforms/MacOSX.platform/Developer/SDKs/MacOSX26.1.sdk/System/Library/Frameworks/IOKit.framework/Headers/avc/IOFireWireAVCLib.h
/Applications/Xcode.app/Contents/Developer/Platforms/MacOSX.platform/Developer/SDKs/MacOSX26.1.sdk/System/Library/Frameworks/IOKit.framework/Headers/firewire/IOFireWireFamilyCommon.h
/Applications/Xcode.app/Contents/Developer/Platforms/MacOSX.platform/Developer/SDKs/MacOSX26.1.sdk/System/Library/Frameworks/IOKit.framework/Headers/firewire/IOFireWireLib.h
/Applications/Xcode.app/Contents/Developer/Platforms/MacOSX.platform/Developer/SDKs/MacOSX26.1.sdk/System/Library/Frameworks/IOKit.framework/Headers/firewire/IOFireWireLibIsoch.h
/Applications/Xcode.app/Contents/Developer/Platforms/MacOSX.platform/Developer/SDKs/MacOSX26.1.sdk/System/Library/Frameworks/IOKit.framework/Headers/graphics/IOAccelClientConnect.h
/Applications/Xcode.app/Contents/Developer/Platforms/MacOSX.platform/Developer/SDKs/MacOSX26.1.sdk/System/Library/Frameworks/IOKit.framework/Headers/graphics/IOGraphicsInterface.h
/Applications/Xcode.app/Contents/Developer/Platforms/MacOSX.platform/Developer/SDKs/MacOSX26.1.sdk/System/Library/Frameworks/IOKit.framework/Headers/graphics/IOGraphicsInterfaceTypes.h
/Applications/Xcode.app/Contents/Developer/Platforms/MacOSX.platform/Developer/SDKs/MacOSX26.1.sdk/System/Library/Frameworks/IOKit.framework/Headers/graphics/IOAccelSurfaceConnect.h
/Applications/Xcode.app/Contents/Developer/Platforms/MacOSX.platform/Developer/SDKs/MacOSX26.1.sdk/System/Library/Frameworks/IOKit.framework/Headers/graphics/IOAccelTypes.h
/Applications/Xcode.app/Contents/Developer/Platforms/MacOSX.platform/Developer/SDKs/MacOSX26.1.sdk/System/Library/Frameworks/IOKit.framework/Headers/graphics/IOGraphicsLib.h
/Applications/Xcode.app/Contents/Developer/Platforms/MacOSX.platform/Developer/SDKs/MacOSX26.1.sdk/System/Library/Frameworks/IOKit.framework/Headers/graphics/IOFramebufferShared.h
/Applications/Xcode.app/Contents/Developer/Platforms/MacOSX.platform/Developer/SDKs/MacOSX26.1.sdk/System/Library/Frameworks/IOKit.framework/Headers/hidsystem/IOHIDTypes.h
/Applications/Xcode.app/Contents/Developer/Platforms/MacOSX.platform/Developer/SDKs/MacOSX26.1.sdk/System/Library/Frameworks/IOKit.framework/Headers/graphics/IOGraphicsTypes.h
/Applications/Xcode.app/Contents/Developer/Platforms/MacOSX.platform/Developer/SDKs/MacOSX26.1.sdk/System/Library/Frameworks/IOKit.framework/Headers/graphics/IOGraphicsEngine.h
/Applications/Xcode.app/Contents/Developer/Platforms/MacOSX.platform/Developer/SDKs/MacOSX26.1.sdk/System/Library/Frameworks/IOKit.framework/Headers/hid/IOHIDBase.h
/Applications/Xcode.app/Contents/Developer/Platforms/MacOSX.platform/Developer/SDKs/MacOSX26.1.sdk/System/Library/Frameworks/IOKit.framework/Headers/hid/IOHIDKeys.h
/Applications/Xcode.app/Contents/Developer/Platforms/MacOSX.platform/Developer/SDKs/MacOSX26.1.sdk/System/Library/Frameworks/IOKit.framework/Headers/hidsystem/IOHIDParameter.h
/Applications/Xcode.app/Contents/Developer/Platforms/MacOSX.platform/Developer/SDKs/MacOSX26.1.sdk/System/Library/Frameworks/IOKit.framework/Headers/hidsystem/IOLLEvent.h
/Applications/Xcode.app/Contents/Developer/Platforms/MacOSX.platform/Developer/SDKs/MacOSX26.1.sdk/System/Library/Frameworks/IOKit.framework/Headers/hid/IOHIDProperties.h
/Applications/Xcode.app/Contents/Developer/Platforms/MacOSX.platform/Developer/SDKs/MacOSX26.1.sdk/System/Library/Frameworks/IOKit.framework/Headers/hid/IOHIDEventServiceKeys.h
/Applications/Xcode.app/Contents/Developer/Platforms/MacOSX.platform/Developer/SDKs/MacOSX26.1.sdk/System/Library/Frameworks/IOKit.framework/Headers/hid/IOHIDDeviceTypes.h
/Applications/Xcode.app/Contents/Developer/Platforms/MacOSX.platform/Developer/SDKs/MacOSX26.1.sdk/System/Library/Frameworks/IOKit.framework/Headers/hid/IOHIDDeviceKeys.h
/Applications/Xcode.app/Contents/Developer/Platforms/MacOSX.platform/Developer/SDKs/MacOSX26.1.sdk/System/Library/Frameworks/IOKit.framework/Headers/hid/IOHIDQueue.h
/Applications/Xcode.app/Contents/Developer/Platforms/MacOSX.platform/Developer/SDKs/MacOSX26.1.sdk/System/Library/Frameworks/IOKit.framework/Headers/hid/IOHIDDevice.h
/Applications/Xcode.app/Contents/Developer/Platforms/MacOSX.platform/Developer/SDKs/MacOSX26.1.sdk/System/Library/Frameworks/IOKit.framework/Headers/hid/IOHIDLib.h
/Applications/Xcode.app/Contents/Developer/Platforms/MacOSX.platform/Developer/SDKs/MacOSX26.1.sdk/System/Library/Frameworks/IOKit.framework/Headers/hid/IOHIDElement.h
/Applications/Xcode.app/Contents/Developer/Platforms/MacOSX.platform/Developer/SDKs/MacOSX26.1.sdk/System/Library/Frameworks/IOKit.framework/Headers/hid/IOHIDLibObsolete.h
/Applications/Xcode.app/Contents/Developer/Platforms/MacOSX.platform/Developer/SDKs/MacOSX26.1.sdk/System/Library/Frameworks/IOKit.framework/Headers/hid/IOHIDManager.h
/Applications/Xcode.app/Contents/Developer/Platforms/MacOSX.platform/Developer/SDKs/MacOSX26.1.sdk/System/Library/Frameworks/IOKit.framework/Headers/hid/IOHIDUsageTables.h
/Applications/Xcode.app/Contents/Developer/Platforms/MacOSX.platform/Developer/SDKs/MacOSX26.1.sdk/System/Library/Frameworks/IOKit.framework/Headers/hid/IOHIDValue.h
/Applications/Xcode.app/Contents/Developer/Platforms/MacOSX.platform/Developer/SDKs/MacOSX26.1.sdk/System/Library/Frameworks/IOKit.framework/Headers/hid/IOHIDTransaction.h
/Applications/Xcode.app/Contents/Developer/Platforms/MacOSX.platform/Developer/SDKs/MacOSX26.1.sdk/System/Library/Frameworks/IOKit.framework/Headers/hid/IOHIDDevicePlugIn.h
/Applications/Xcode.app/Contents/Developer/Platforms/MacOSX.platform/Developer/SDKs/MacOSX26.1.sdk/System/Library/Frameworks/IOKit.framework/Headers/hid/IOHIDEventServiceTypes.h
/Applications/Xcode.app/Contents/Developer/Platforms/MacOSX.platform/Developer/SDKs/MacOSX26.1.sdk/System/Library/Frameworks/IOKit.framework/Headers/hidsystem/IOHIDLib.h
/Applications/Xcode.app/Contents/Developer/Platforms/MacOSX.platform/Developer/SDKs/MacOSX26.1.sdk/System/Library/Frameworks/IOKit.framework/Headers/hidsystem/IOHIDShared.h
/Applications/Xcode.app/Contents/Developer/Platforms/MacOSX.platform/Developer/SDKs/MacOSX26.1.sdk/System/Library/Frameworks/IOKit.framework/Headers/hidsystem/event_status_driver.h
/Applications/Xcode.app/Contents/Developer/Platforms/MacOSX.platform/Developer/SDKs/MacOSX26.1.sdk/System/Library/Frameworks/IOKit.framework/Headers/hidsystem/ev_keymap.h
/Applications/Xcode.app/Contents/Developer/Platforms/MacOSX.platform/Developer/SDKs/MacOSX26.1.sdk/System/Library/Frameworks/IOKit.framework/Headers/hidsystem/IOHIDEventSystemClient.h
/Applications/Xcode.app/Contents/Developer/Platforms/MacOSX.platform/Developer/SDKs/MacOSX26.1.sdk/System/Library/Frameworks/IOKit.framework/Headers/hidsystem/IOHIDServiceClient.h
/Applications/Xcode.app/Contents/Developer/Platforms/MacOSX.platform/Developer/SDKs/MacOSX26.1.sdk/System/Library/Frameworks/IOKit.framework/Headers/hidsystem/IOHIDUserDevice.h
/Applications/Xcode.app/Contents/Developer/Platforms/MacOSX.platform/Developer/SDKs/MacOSX26.1.sdk/System/Library/Frameworks/IOKit.framework/Headers/i2c/IOI2CInterface.h
/Applications/Xcode.app/Contents/Developer/Platforms/MacOSX.platform/Developer/SDKs/MacOSX26.1.sdk/System/Library/Frameworks/IOKit.framework/Headers/kext/KextManager.h
/Applications/Xcode.app/Contents/Developer/Platforms/MacOSX.platform/Developer/SDKs/MacOSX26.1.sdk/System/Library/Frameworks/IOKit.framework/Headers/network/IOEthernetController.h
/Applications/Xcode.app/Contents/Developer/Platforms/MacOSX.platform/Developer/SDKs/MacOSX26.1.sdk/System/Library/Frameworks/IOKit.framework/Headers/network/IONetworkController.h
/Applications/Xcode.app/Contents/Developer/Platforms/MacOSX.platform/Developer/SDKs/MacOSX26.1.sdk/System/Library/Frameworks/IOKit.framework/Headers/network/IONetworkData.h
/Applications/Xcode.app/Contents/Developer/Platforms/MacOSX.platform/Developer/SDKs/MacOSX26.1.sdk/System/Library/Frameworks/IOKit.framework/Headers/network/IONetworkStack.h
/Applications/Xcode.app/Contents/Developer/Platforms/MacOSX.platform/Developer/SDKs/MacOSX26.1.sdk/System/Library/Frameworks/IOKit.framework/Headers/network/IOEthernetInterface.h
/Applications/Xcode.app/Contents/Developer/Platforms/MacOSX.platform/Developer/SDKs/MacOSX26.1.sdk/System/Library/Frameworks/IOKit.framework/Headers/network/IONetworkInterface.h
/Applications/Xcode.app/Contents/Developer/Platforms/MacOSX.platform/Developer/SDKs/MacOSX26.1.sdk/System/Library/Frameworks/IOKit.framework/Headers/network/IONetworkStats.h
/Applications/Xcode.app/Contents/Developer/Platforms/MacOSX.platform/Developer/SDKs/MacOSX26.1.sdk/System/Library/Frameworks/IOKit.framework/Headers/network/IOEthernetStats.h
/Applications/Xcode.app/Contents/Developer/Platforms/MacOSX.platform/Developer/SDKs/MacOSX26.1.sdk/System/Library/Frameworks/IOKit.framework/Headers/network/IONetworkLib.h
/Applications/Xcode.app/Contents/Developer/Platforms/MacOSX.platform/Developer/SDKs/MacOSX26.1.sdk/System/Library/Frameworks/IOKit.framework/Headers/network/IONetworkMedium.h
/Applications/Xcode.app/Contents/Developer/Platforms/MacOSX.platform/Developer/SDKs/MacOSX26.1.sdk/System/Library/Frameworks/IOKit.framework/Headers/network/IONetworkUserClient.h
/Applications/Xcode.app/Contents/Developer/Platforms/MacOSX.platform/Developer/SDKs/MacOSX26.1.sdk/System/Library/Frameworks/IOKit.framework/Headers/ps/IOPSKeys.h
/Applications/Xcode.app/Contents/Developer/Platforms/MacOSX.platform/Developer/SDKs/MacOSX26.1.sdk/System/Library/Frameworks/IOKit.framework/Headers/ps/IOPowerSources.h
/Applications/Xcode.app/Contents/Developer/Platforms/MacOSX.platform/Developer/SDKs/MacOSX26.1.sdk/System/Library/Frameworks/IOKit.framework/Headers/ps/IOUPSPlugIn.h
/Applications/Xcode.app/Contents/Developer/Platforms/MacOSX.platform/Developer/SDKs/MacOSX26.1.sdk/System/Library/Frameworks/IOKit.framework/Headers/pwr_mgt/IOPM.h
/Applications/Xcode.app/Contents/Developer/Platforms/MacOSX.platform/Developer/SDKs/MacOSX26.1.sdk/System/Library/Frameworks/IOKit.framework/Headers/pwr_mgt/IOPMKeys.h
/Applications/Xcode.app/Contents/Developer/Platforms/MacOSX.platform/Developer/SDKs/MacOSX26.1.sdk/System/Library/Frameworks/IOKit.framework/Headers/pwr_mgt/IOPMLib.h
/Applications/Xcode.app/Contents/Developer/Platforms/MacOSX.platform/Developer/SDKs/MacOSX26.1.sdk/System/Library/Frameworks/IOKit.framework/Headers/pwr_mgt/IOPMLibDefs.h
/Applications/Xcode.app/Contents/Developer/Platforms/MacOSX.platform/Developer/SDKs/MacOSX26.1.sdk/System/Library/Frameworks/IOKit.framework/Headers/sbp2/IOFireWireSBP2Lib.h
/Applications/Xcode.app/Contents/Developer/Platforms/MacOSX.platform/Developer/SDKs/MacOSX26.1.sdk/System/Library/Frameworks/IOKit.framework/Headers/scsi/IOSCSIMultimediaCommandsDevice.h
/Applications/Xcode.app/Contents/Developer/Platforms/MacOSX.platform/Developer/SDKs/MacOSX26.1.sdk/System/Library/Frameworks/IOKit.framework/Headers/storage/IOStorageDeviceCharacteristics.h
/Applications/Xcode.app/Contents/Developer/Platforms/MacOSX.platform/Developer/SDKs/MacOSX26.1.sdk/System/Library/Frameworks/IOKit.framework/Headers/storage/IOStorageProtocolCharacteristics.h
/Applications/Xcode.app/Contents/Developer/Platforms/MacOSX.platform/Developer/SDKs/MacOSX26.1.sdk/System/Library/Frameworks/IOKit.framework/Headers/storage/IOStorageControllerCharacteristics.h
/Applications/Xcode.app/Contents/Developer/Platforms/MacOSX.platform/Developer/SDKs/MacOSX26.1.sdk/System/Library/Frameworks/IOKit.framework/Headers/scsi/SCSICmds_REQUEST_SENSE_Defs.h
/Applications/Xcode.app/Contents/Developer/Platforms/MacOSX.platform/Developer/SDKs/MacOSX26.1.sdk/System/Library/Frameworks/IOKit.framework/Headers/scsi/SCSICmds_INQUIRY_Definitions.h
/Applications/Xcode.app/Contents/Developer/Platforms/MacOSX.platform/Developer/SDKs/MacOSX26.1.sdk/System/Library/Frameworks/IOKit.framework/Headers/scsi/SCSICommandDefinitions.h
/Applications/Xcode.app/Contents/Developer/Platforms/MacOSX.platform/Developer/SDKs/MacOSX26.1.sdk/System/Library/Frameworks/IOKit.framework/Headers/scsi/SCSICmds_MODE_Definitions.h
/Applications/Xcode.app/Contents/Developer/Platforms/MacOSX.platform/Developer/SDKs/MacOSX26.1.sdk/System/Library/Frameworks/IOKit.framework/Headers/scsi/SCSICommandOperationCodes.h
/Applications/Xcode.app/Contents/Developer/Platforms/MacOSX.platform/Developer/SDKs/MacOSX26.1.sdk/System/Library/Frameworks/IOKit.framework/Headers/scsi/SCSICmds_READ_CAPACITY_Definitions.h
/Applications/Xcode.app/Contents/Developer/Platforms/MacOSX.platform/Developer/SDKs/MacOSX26.1.sdk/System/Library/Frameworks/IOKit.framework/Headers/scsi/SCSITask.h
/Applications/Xcode.app/Contents/Developer/Platforms/MacOSX.platform/Developer/SDKs/MacOSX26.1.sdk/System/Library/Frameworks/IOKit.framework/Headers/scsi/SCSICmds_REPORT_LUNS_Definitions.h
/Applications/Xcode.app/Contents/Developer/Platforms/MacOSX.platform/Developer/SDKs/MacOSX26.1.sdk/System/Library/Frameworks/IOKit.framework/Headers/scsi/SCSITaskLib.h
/Applications/Xcode.app/Contents/Developer/Platforms/MacOSX.platform/Developer/SDKs/MacOSX26.1.sdk/System/Library/Frameworks/IOKit.framework/Headers/serial/IOSerialKeys.h
/Applications/Xcode.app/Contents/Developer/Platforms/MacOSX.platform/Developer/SDKs/MacOSX26.1.sdk/System/Library/Frameworks/IOKit.framework/Headers/serial/ioss.h
/Applications/Xcode.app/Contents/Developer/Platforms/MacOSX.platform/Developer/SDKs/MacOSX26.1.sdk/System/Library/Frameworks/IOKit.framework/Headers/storage/IOAppleLabelScheme.h
/Applications/Xcode.app/Contents/Developer/Platforms/MacOSX.platform/Developer/SDKs/MacOSX26.1.sdk/System/Library/Frameworks/IOKit.framework/Headers/storage/IODVDMediaBSDClient.h
/Applications/Xcode.app/Contents/Developer/Platforms/MacOSX.platform/Developer/SDKs/MacOSX26.1.sdk/System/Library/Frameworks/IOKit.framework/Headers/storage/IODVDTypes.h
/Applications/Xcode.app/Contents/Developer/Platforms/MacOSX.platform/Developer/SDKs/MacOSX26.1.sdk/System/Library/Frameworks/IOKit.framework/Headers/storage/IOApplePartitionScheme.h
/Applications/Xcode.app/Contents/Developer/Platforms/MacOSX.platform/Developer/SDKs/MacOSX26.1.sdk/System/Library/Frameworks/IOKit.framework/Headers/storage/IOBDBlockStorageDevice.h
/Applications/Xcode.app/Contents/Developer/Platforms/MacOSX.platform/Developer/SDKs/MacOSX26.1.sdk/System/Library/Frameworks/IOKit.framework/Headers/storage/IOBDTypes.h
/Applications/Xcode.app/Contents/Developer/Platforms/MacOSX.platform/Developer/SDKs/MacOSX26.1.sdk/System/Library/Frameworks/IOKit.framework/Headers/storage/IOFDiskPartitionScheme.h
/Applications/Xcode.app/Contents/Developer/Platforms/MacOSX.platform/Developer/SDKs/MacOSX26.1.sdk/System/Library/Frameworks/IOKit.framework/Headers/storage/IOBDMedia.h
/Applications/Xcode.app/Contents/Developer/Platforms/MacOSX.platform/Developer/SDKs/MacOSX26.1.sdk/System/Library/Frameworks/IOKit.framework/Headers/storage/IOFilterScheme.h
/Applications/Xcode.app/Contents/Developer/Platforms/MacOSX.platform/Developer/SDKs/MacOSX26.1.sdk/System/Library/Frameworks/IOKit.framework/Headers/storage/IOBDMediaBSDClient.h
/Applications/Xcode.app/Contents/Developer/Platforms/MacOSX.platform/Developer/SDKs/MacOSX26.1.sdk/System/Library/Frameworks/IOKit.framework/Headers/storage/IOFireWireStorageCharacteristics.h
/Applications/Xcode.app/Contents/Developer/Platforms/MacOSX.platform/Developer/SDKs/MacOSX26.1.sdk/System/Library/Frameworks/IOKit.framework/Headers/storage/IOGUIDPartitionScheme.h
/Applications/Xcode.app/Contents/Developer/Platforms/MacOSX.platform/Developer/SDKs/MacOSX26.1.sdk/System/Library/Frameworks/IOKit.framework/Headers/storage/IOBlockStorageDevice.h
/Applications/Xcode.app/Contents/Developer/Platforms/MacOSX.platform/Developer/SDKs/MacOSX26.1.sdk/System/Library/Frameworks/IOKit.framework/Headers/storage/IOMedia.h
/Applications/Xcode.app/Contents/Developer/Platforms/MacOSX.platform/Developer/SDKs/MacOSX26.1.sdk/System/Library/Frameworks/IOKit.framework/Headers/storage/IOBlockStorageDriver.h
/Applications/Xcode.app/Contents/Developer/Platforms/MacOSX.platform/Developer/SDKs/MacOSX26.1.sdk/System/Library/Frameworks/IOKit.framework/Headers/storage/IOMediaBSDClient.h
/Applications/Xcode.app/Contents/Developer/Platforms/MacOSX.platform/Developer/SDKs/MacOSX26.1.sdk/System/Library/Frameworks/IOKit.framework/Headers/storage/IOCDBlockStorageDevice.h
/Applications/Xcode.app/Contents/Developer/Platforms/MacOSX.platform/Developer/SDKs/MacOSX26.1.sdk/System/Library/Frameworks/IOKit.framework/Headers/storage/IOCDTypes.h
/Applications/Xcode.app/Contents/Developer/Platforms/MacOSX.platform/Developer/SDKs/MacOSX26.1.sdk/System/Library/Frameworks/IOKit.framework/Headers/storage/IOPartitionScheme.h
/Applications/Xcode.app/Contents/Developer/Platforms/MacOSX.platform/Developer/SDKs/MacOSX26.1.sdk/System/Library/Frameworks/IOKit.framework/Headers/storage/IOCDMedia.h
/Applications/Xcode.app/Contents/Developer/Platforms/MacOSX.platform/Developer/SDKs/MacOSX26.1.sdk/System/Library/Frameworks/IOKit.framework/Headers/storage/IOStorage.h
/Applications/Xcode.app/Contents/Developer/Platforms/MacOSX.platform/Developer/SDKs/MacOSX26.1.sdk/System/Library/Frameworks/IOKit.framework/Headers/storage/IOCDMediaBSDClient.h
/Applications/Xcode.app/Contents/Developer/Platforms/MacOSX.platform/Developer/SDKs/MacOSX26.1.sdk/System/Library/Frameworks/IOKit.framework/Headers/storage/IOStorageCardCharacteristics.h
/Applications/Xcode.app/Contents/Developer/Platforms/MacOSX.platform/Developer/SDKs/MacOSX26.1.sdk/System/Library/Frameworks/IOKit.framework/Headers/storage/IOCDPartitionScheme.h
/Applications/Xcode.app/Contents/Developer/Platforms/MacOSX.platform/Developer/SDKs/MacOSX26.1.sdk/System/Library/Frameworks/IOKit.framework/Headers/storage/IODVDBlockStorageDevice.h
/Applications/Xcode.app/Contents/Developer/Platforms/MacOSX.platform/Developer/SDKs/MacOSX26.1.sdk/System/Library/Frameworks/IOKit.framework/Headers/storage/IODVDMedia.h
/Applications/Xcode.app/Contents/Developer/Platforms/MacOSX.platform/Developer/SDKs/MacOSX26.1.sdk/System/Library/Frameworks/IOKit.framework/Headers/storage/ata/ATASMARTLib.h
/Applications/Xcode.app/Contents/Developer/Platforms/MacOSX.platform/Developer/SDKs/MacOSX26.1.sdk/System/Library/Frameworks/IOKit.framework/Headers/storage/ata/IOATAStorageDefines.h
/Applications/Xcode.app/Contents/Developer/Platforms/MacOSX.platform/Developer/SDKs/MacOSX26.1.sdk/System/Library/Frameworks/IOKit.framework/Headers/stream/IOStreamLib.h
/Applications/Xcode.app/Contents/Developer/Platforms/MacOSX.platform/Developer/SDKs/MacOSX26.1.sdk/System/Library/Frameworks/IOKit.framework/Headers/stream/IOStreamShared.h
/Applications/Xcode.app/Contents/Developer/Platforms/MacOSX.platform/Developer/SDKs/MacOSX26.1.sdk/System/Library/Frameworks/IOKit.framework/Headers/usb/AppleUSBDefinitions.h
/Applications/Xcode.app/Contents/Developer/Platforms/MacOSX.platform/Developer/SDKs/MacOSX26.1.sdk/System/Library/Frameworks/IOKit.framework/Headers/usb/IOUSBHostFamilyDefinitions.h
/Applications/Xcode.app/Contents/Developer/Platforms/MacOSX.platform/Developer/SDKs/MacOSX26.1.sdk/System/Library/Frameworks/IOKit.framework/Headers/usb/IOUSBLib.h
/Applications/Xcode.app/Contents/Developer/Platforms/MacOSX.platform/Developer/SDKs/MacOSX26.1.sdk/System/Library/Frameworks/IOKit.framework/Headers/usb/USB.h
/Applications/Xcode.app/Contents/Developer/Platforms/MacOSX.platform/Developer/SDKs/MacOSX26.1.sdk/System/Library/Frameworks/IOKit.framework/Headers/usb/USBSpec.h
/Applications/Xcode.app/Contents/Developer/Platforms/MacOSX.platform/Developer/SDKs/MacOSX26.1.sdk/SDKSettings.json
/Applications/Xcode.app/Contents/Developer/Platforms/MacOSX.platform/Developer/SDKs/MacOSX26.1.sdk/usr/include/DarwinBasic.modulemap
/Applications/Xcode.app/Contents/Developer/Platforms/MacOSX.platform/Developer/SDKs/MacOSX26.1.sdk/usr/include/Darwin.modulemap
/Applications/Xcode.app/Contents/Developer/Platforms/MacOSX.platform/Developer/SDKs/MacOSX26.1.sdk/usr/include/Darwin_C.modulemap
/Applications/Xcode.app/Contents/Developer/Platforms/MacOSX.platform/Developer/SDKs/MacOSX26.1.sdk/usr/include/Darwin_POSIX.modulemap
/Applications/Xcode.app/Contents/Developer/Platforms/MacOSX.platform/Developer/SDKs/MacOSX26.1.sdk/usr/include/net.modulemap
/Applications/Xcode.app/Contents/Developer/Platforms/MacOSX.platform/Developer/SDKs/MacOSX26.1.sdk/usr/include/netinet.modulemap
/Applications/Xcode.app/Contents/Developer/Platforms/MacOSX.platform/Developer/SDKs/MacOSX26.1.sdk/usr/include/bank.modulemap
/Applications/Xcode.app/Contents/Developer/Platforms/MacOSX.platform/Developer/SDKs/MacOSX26.1.sdk/usr/include/Darwin_Mach.modulemap
/Applications/Xcode.app/Contents/Developer/Platforms/MacOSX.platform/Developer/SDKs/MacOSX26.1.sdk/usr/include/Darwin_Mach_machine.modulemap
/Applications/Xcode.app/Contents/Developer/Platforms/MacOSX.platform/Developer/SDKs/MacOSX26.1.sdk/usr/include/mach_debug.modulemap
/Applications/Xcode.app/Contents/Developer/Platforms/MacOSX.platform/Developer/SDKs/MacOSX26.1.sdk/usr/include/device.modulemap
/Applications/Xcode.app/Contents/Developer/Platforms/MacOSX.platform/Developer/SDKs/MacOSX26.1.sdk/usr/include/Darwin_machine.modulemap
/Applications/Xcode.app/Contents/Developer/Platforms/MacOSX.platform/Developer/SDKs/MacOSX26.1.sdk/usr/include/ncurses.modulemap
/Applications/Xcode.app/Contents/Developer/Platforms/MacOSX.platform/Developer/SDKs/MacOSX26.1.sdk/usr/include/netinet6.modulemap
/Applications/Xcode.app/Contents/Developer/Platforms/MacOSX.platform/Developer/SDKs/MacOSX26.1.sdk/usr/include/Darwin_sys.modulemap
/Applications/Xcode.app/Contents/Developer/Platforms/MacOSX.platform/Developer/SDKs/MacOSX26.1.sdk/usr/include/uuid.modulemap
/Applications/Xcode.app/Contents/Developer/Platforms/MacOSX.platform/Developer/SDKs/MacOSX26.1.sdk/usr/include/DarwinFoundation2.modulemap
/Applications/Xcode.app/Contents/Developer/Platforms/MacOSX.platform/Developer/SDKs/MacOSX26.1.sdk/usr/include/DarwinFoundation3.modulemap
/Applications/Xcode.app/Contents/Developer/Platforms/MacOSX.platform/Developer/SDKs/MacOSX26.1.sdk/usr/include/DarwinFoundation1.modulemap
/Applications/Xcode.app/Contents/Developer/Platforms/MacOSX.platform/Developer/SDKs/MacOSX26.1.sdk/usr/include/mach-o/arch.h
/Applications/Xcode.app/Contents/Developer/Toolchains/XcodeDefault.xctoolchain/usr/lib/swift/clang/include/module.modulemap
/Applications/Xcode.app/Contents/Developer/Platforms/MacOSX.platform/Developer/SDKs/MacOSX26.1.sdk/usr/include/mach-o/arm/reloc.h
/Applications/Xcode.app/Contents/Developer/Platforms/MacOSX.platform/Developer/SDKs/MacOSX26.1.sdk/usr/include/mach-o/arm64/reloc.h
/Applications/Xcode.app/Contents/Developer/Platforms/MacOSX.platform/Developer/SDKs/MacOSX26.1.sdk/usr/include/mach-o/compact_unwind_encoding.h
/Applications/Xcode.app/Contents/Developer/Platforms/MacOSX.platform/Developer/SDKs/MacOSX26.1.sdk/usr/include/mach-o/dyld.h
/Applications/Xcode.app/Contents/Developer/Toolchains/XcodeDefault.xctoolchain/usr/lib/swift/clang/include/stddef.h
/Applications/Xcode.app/Contents/Developer/Platforms/MacOSX.platform/Developer/SDKs/MacOSX26.1.sdk/usr/include/mach-o/loader.h
/Applications/Xcode.app/Contents/Developer/Platforms/MacOSX.platform/Developer/SDKs/MacOSX26.1.sdk/usr/include/mach-o/dyld_images.h
/Applications/Xcode.app/Contents/Developer/Platforms/MacOSX.platform/Developer/SDKs/MacOSX26.1.sdk/usr/include/mach-o/fat.h
/Applications/Xcode.app/Contents/Developer/Platforms/MacOSX.platform/Developer/SDKs/MacOSX26.1.sdk/usr/include/mach-o/fixup-chains.h
/Applications/Xcode.app/Contents/Developer/Platforms/MacOSX.platform/Developer/SDKs/MacOSX26.1.sdk/usr/include/mach-o/getsect.h
/Applications/Xcode.app/Contents/Developer/Platforms/MacOSX.platform/Developer/SDKs/MacOSX26.1.sdk/usr/include/mach-o/ldsyms.h
/Applications/Xcode.app/Contents/Developer/Platforms/MacOSX.platform/Developer/SDKs/MacOSX26.1.sdk/usr/include/mach-o/nlist.h
/Applications/Xcode.app/Contents/Developer/Platforms/MacOSX.platform/Developer/SDKs/MacOSX26.1.sdk/usr/include/mach-o/ranlib.h
/Applications/Xcode.app/Contents/Developer/Platforms/MacOSX.platform/Developer/SDKs/MacOSX26.1.sdk/usr/include/mach-o/reloc.h
/Applications/Xcode.app/Contents/Developer/Platforms/MacOSX.platform/Developer/SDKs/MacOSX26.1.sdk/usr/include/mach-o/stab.h
/Applications/Xcode.app/Contents/Developer/Platforms/MacOSX.platform/Developer/SDKs/MacOSX26.1.sdk/usr/include/mach-o/swap.h
/Applications/Xcode.app/Contents/Developer/Platforms/MacOSX.platform/Developer/SDKs/MacOSX26.1.sdk/usr/include/mach-o/utils.h
/Applications/Xcode.app/Contents/Developer/Platforms/MacOSX.platform/Developer/SDKs/MacOSX26.1.sdk/usr/include/mach-o/x86_64/reloc.h
/Applications/Xcode.app/Contents/Developer/Platforms/MacOSX.platform/Developer/SDKs/MacOSX26.1.sdk/SDKSettings.json
/Applications/Xcode.app/Contents/Developer/Platforms/MacOSX.platform/Developer/SDKs/MacOSX26.1.sdk/usr/include/ObjectiveC.apinotes
/Applications/Xcode.app/Contents/Developer/Platforms/MacOSX.platform/Developer/SDKs/MacOSX26.1.sdk/usr/include/DarwinBasic.modulemap
/Applications/Xcode.app/Contents/Developer/Platforms/MacOSX.platform/Developer/SDKs/MacOSX26.1.sdk/usr/include/ObjectiveC.modulemap
/Applications/Xcode.app/Contents/Developer/Platforms/MacOSX.platform/Developer/SDKs/MacOSX26.1.sdk/usr/include/Darwin.modulemap
/Applications/Xcode.app/Contents/Developer/Platforms/MacOSX.platform/Developer/SDKs/MacOSX26.1.sdk/usr/include/Darwin_C.modulemap
/Applications/Xcode.app/Contents/Developer/Platforms/MacOSX.platform/Developer/SDKs/MacOSX26.1.sdk/usr/include/Darwin_POSIX.modulemap
/Applications/Xcode.app/Contents/Developer/Platforms/MacOSX.platform/Developer/SDKs/MacOSX26.1.sdk/usr/include/net.modulemap
/Applications/Xcode.app/Contents/Developer/Platforms/MacOSX.platform/Developer/SDKs/MacOSX26.1.sdk/usr/include/netinet.modulemap
/Applications/Xcode.app/Contents/Developer/Platforms/MacOSX.platform/Developer/SDKs/MacOSX26.1.sdk/usr/include/bank.modulemap
/Applications/Xcode.app/Contents/Developer/Platforms/MacOSX.platform/Developer/SDKs/MacOSX26.1.sdk/usr/include/Darwin_Mach.modulemap
/Applications/Xcode.app/Contents/Developer/Platforms/MacOSX.platform/Developer/SDKs/MacOSX26.1.sdk/usr/include/Darwin_Mach_machine.modulemap
/Applications/Xcode.app/Contents/Developer/Platforms/MacOSX.platform/Developer/SDKs/MacOSX26.1.sdk/usr/include/mach_debug.modulemap
/Applications/Xcode.app/Contents/Developer/Platforms/MacOSX.platform/Developer/SDKs/MacOSX26.1.sdk/usr/include/device.modulemap
/Applications/Xcode.app/Contents/Developer/Platforms/MacOSX.platform/Developer/SDKs/MacOSX26.1.sdk/usr/include/Darwin_machine.modulemap
/Applications/Xcode.app/Contents/Developer/Platforms/MacOSX.platform/Developer/SDKs/MacOSX26.1.sdk/usr/include/ncurses.modulemap
/Applications/Xcode.app/Contents/Developer/Platforms/MacOSX.platform/Developer/SDKs/MacOSX26.1.sdk/usr/include/netinet6.modulemap
/Applications/Xcode.app/Contents/Developer/Platforms/MacOSX.platform/Developer/SDKs/MacOSX26.1.sdk/usr/include/Darwin_sys.modulemap
/Applications/Xcode.app/Contents/Developer/Platforms/MacOSX.platform/Developer/SDKs/MacOSX26.1.sdk/usr/include/uuid.modulemap
/Applications/Xcode.app/Contents/Developer/Platforms/MacOSX.platform/Developer/SDKs/MacOSX26.1.sdk/usr/include/DarwinFoundation2.modulemap
/Applications/Xcode.app/Contents/Developer/Platforms/MacOSX.platform/Developer/SDKs/MacOSX26.1.sdk/usr/include/DarwinFoundation3.modulemap
/Applications/Xcode.app/Contents/Developer/Platforms/MacOSX.platform/Developer/SDKs/MacOSX26.1.sdk/usr/include/DarwinFoundation1.modulemap
/Applications/Xcode.app/Contents/Developer/Platforms/MacOSX.platform/Developer/SDKs/MacOSX26.1.sdk/usr/include/objc/List.h
/Applications/Xcode.app/Contents/Developer/Platforms/MacOSX.platform/Developer/SDKs/MacOSX26.1.sdk/usr/include/objc/NSObjCRuntime.h
/Applications/Xcode.app/Contents/Developer/Toolchains/XcodeDefault.xctoolchain/usr/lib/swift/clang/include/module.modulemap
/Applications/Xcode.app/Contents/Developer/Platforms/MacOSX.platform/Developer/SDKs/MacOSX26.1.sdk/usr/include/objc/objc.h
/Applications/Xcode.app/Contents/Developer/Platforms/MacOSX.platform/Developer/SDKs/MacOSX26.1.sdk/usr/include/stdlib.h
/Applications/Xcode.app/Contents/Developer/Platforms/MacOSX.platform/Developer/SDKs/MacOSX26.1.sdk/usr/include/objc/objc-api.h
/Applications/Xcode.app/Contents/Developer/Toolchains/XcodeDefault.xctoolchain/usr/lib/swift/clang/include/stddef.h
/Applications/Xcode.app/Contents/Developer/Platforms/MacOSX.platform/Developer/SDKs/MacOSX26.1.sdk/usr/include/objc/NSObject.h
/Applications/Xcode.app/Contents/Developer/Platforms/MacOSX.platform/Developer/SDKs/MacOSX26.1.sdk/usr/include/objc/Object.h
/Applications/Xcode.app/Contents/Developer/Toolchains/XcodeDefault.xctoolchain/usr/lib/swift/clang/include/stdarg.h
/Applications/Xcode.app/Contents/Developer/Platforms/MacOSX.platform/Developer/SDKs/MacOSX26.1.sdk/usr/include/objc/objc-runtime.h
/Applications/Xcode.app/Contents/Developer/Platforms/MacOSX.platform/Developer/SDKs/MacOSX26.1.sdk/usr/include/objc/runtime.h
/Applications/Xcode.app/Contents/Developer/Platforms/MacOSX.platform/Developer/SDKs/MacOSX26.1.sdk/usr/include/objc/message.h
/Applications/Xcode.app/Contents/Developer/Platforms/MacOSX.platform/Developer/SDKs/MacOSX26.1.sdk/usr/include/objc/Protocol.h
/Applications/Xcode.app/Contents/Developer/Platforms/MacOSX.platform/Developer/SDKs/MacOSX26.1.sdk/usr/include/objc/hashtable.h
/Applications/Xcode.app/Contents/Developer/Platforms/MacOSX.platform/Developer/SDKs/MacOSX26.1.sdk/usr/include/objc/hashtable2.h
/Applications/Xcode.app/Contents/Developer/Platforms/MacOSX.platform/Developer/SDKs/MacOSX26.1.sdk/usr/include/objc/objc-auto.h
/Applications/Xcode.app/Contents/Developer/Platforms/MacOSX.platform/Developer/SDKs/MacOSX26.1.sdk/usr/include/string.h
/Applications/Xcode.app/Contents/Developer/Platforms/MacOSX.platform/Developer/SDKs/MacOSX26.1.sdk/usr/include/objc/objc-class.h
/Applications/Xcode.app/Contents/Developer/Platforms/MacOSX.platform/Developer/SDKs/MacOSX26.1.sdk/usr/include/objc/objc-exception.h
/Applications/Xcode.app/Contents/Developer/Platforms/MacOSX.platform/Developer/SDKs/MacOSX26.1.sdk/usr/include/objc/objc-load.h
/Applications/Xcode.app/Contents/Developer/Platforms/MacOSX.platform/Developer/SDKs/MacOSX26.1.sdk/usr/include/objc/objc-sync.h
/Applications/Xcode.app/Contents/Developer/Platforms/MacOSX.platform/Developer/SDKs/MacOSX26.1.sdk/SDKSettings.json
/Applications/Xcode.app/Contents/Developer/Toolchains/XcodeDefault.xctoolchain/usr/lib/swift/macosx/prebuilt-modules/26.1/ObjectiveC.swiftmodule/arm64e-apple-macos.swiftmodule
/Applications/Xcode.app/Contents/Developer/Toolchains/XcodeDefault.xctoolchain/usr/lib/swift/macosx/prebuilt-modules/26.1/Observation.swiftmodule/arm64e-apple-macos.swiftmodule
/Applications/Xcode.app/Contents/Developer/Platforms/MacOSX.platform/Developer/SDKs/MacOSX26.1.sdk/System/Library/Frameworks/Security.framework/Headers/Security.apinotes
/Applications/Xcode.app/Contents/Developer/Platforms/MacOSX.platform/Developer/SDKs/MacOSX26.1.sdk/System/Library/Frameworks/Security.framework/Modules/module.modulemap
/Applications/Xcode.app/Contents/Developer/Platforms/MacOSX.platform/Developer/SDKs/MacOSX26.1.sdk/System/Library/Frameworks/Security.framework/Headers/Security.h
/Applications/Xcode.app/Contents/Developer/Platforms/MacOSX.platform/Developer/SDKs/MacOSX26.1.sdk/System/Library/Frameworks/Security.framework/Headers/SecBase.h
/Applications/Xcode.app/Contents/Developer/Platforms/MacOSX.platform/Developer/SDKs/MacOSX26.1.sdk/usr/include/xpc.modulemap
/Applications/Xcode.app/Contents/Developer/Platforms/MacOSX.platform/Developer/SDKs/MacOSX26.1.sdk/usr/include/dispatch.modulemap
/Applications/Xcode.app/Contents/Developer/Platforms/MacOSX.platform/Developer/SDKs/MacOSX26.1.sdk/usr/include/os.modulemap
/Applications/Xcode.app/Contents/Developer/Platforms/MacOSX.platform/Developer/SDKs/MacOSX26.1.sdk/usr/include/Darwin.modulemap
/Applications/Xcode.app/Contents/Developer/Platforms/MacOSX.platform/Developer/SDKs/MacOSX26.1.sdk/usr/include/Darwin_C.modulemap
/Applications/Xcode.app/Contents/Developer/Platforms/MacOSX.platform/Developer/SDKs/MacOSX26.1.sdk/usr/include/Darwin_POSIX.modulemap
/Applications/Xcode.app/Contents/Developer/Platforms/MacOSX.platform/Developer/SDKs/MacOSX26.1.sdk/usr/include/net.modulemap
/Applications/Xcode.app/Contents/Developer/Platforms/MacOSX.platform/Developer/SDKs/MacOSX26.1.sdk/usr/include/netinet.modulemap
/Applications/Xcode.app/Contents/Developer/Platforms/MacOSX.platform/Developer/SDKs/MacOSX26.1.sdk/usr/include/bank.modulemap
/Applications/Xcode.app/Contents/Developer/Platforms/MacOSX.platform/Developer/SDKs/MacOSX26.1.sdk/usr/include/Darwin_Mach.modulemap
/Applications/Xcode.app/Contents/Developer/Platforms/MacOSX.platform/Developer/SDKs/MacOSX26.1.sdk/usr/include/Darwin_Mach_machine.modulemap
/Applications/Xcode.app/Contents/Developer/Platforms/MacOSX.platform/Developer/SDKs/MacOSX26.1.sdk/usr/include/mach_debug.modulemap
/Applications/Xcode.app/Contents/Developer/Platforms/MacOSX.platform/Developer/SDKs/MacOSX26.1.sdk/usr/include/device.modulemap
/Applications/Xcode.app/Contents/Developer/Platforms/MacOSX.platform/Developer/SDKs/MacOSX26.1.sdk/usr/include/Darwin_machine.modulemap
/Applications/Xcode.app/Contents/Developer/Platforms/MacOSX.platform/Developer/SDKs/MacOSX26.1.sdk/usr/include/ncurses.modulemap
/Applications/Xcode.app/Contents/Developer/Platforms/MacOSX.platform/Developer/SDKs/MacOSX26.1.sdk/usr/include/netinet6.modulemap
/Applications/Xcode.app/Contents/Developer/Platforms/MacOSX.platform/Developer/SDKs/MacOSX26.1.sdk/usr/include/Darwin_sys.modulemap
/Applications/Xcode.app/Contents/Developer/Platforms/MacOSX.platform/Developer/SDKs/MacOSX26.1.sdk/usr/include/uuid.modulemap
/Applications/Xcode.app/Contents/Developer/Platforms/MacOSX.platform/Developer/SDKs/MacOSX26.1.sdk/usr/include/DarwinFoundation2.modulemap
/Applications/Xcode.app/Contents/Developer/Platforms/MacOSX.platform/Developer/SDKs/MacOSX26.1.sdk/usr/include/DarwinFoundation3.modulemap
/Applications/Xcode.app/Contents/Developer/Platforms/MacOSX.platform/Developer/SDKs/MacOSX26.1.sdk/usr/include/DarwinFoundation1.modulemap
/Applications/Xcode.app/Contents/Developer/Platforms/MacOSX.platform/Developer/SDKs/MacOSX26.1.sdk/System/Library/Frameworks/CoreFoundation.framework/Modules/module.modulemap
/Applications/Xcode.app/Contents/Developer/Platforms/MacOSX.platform/Developer/SDKs/MacOSX26.1.sdk/System/Library/Frameworks/Security.framework/Headers/SecCertificate.h
/Applications/Xcode.app/Contents/Developer/Platforms/MacOSX.platform/Developer/SDKs/MacOSX26.1.sdk/System/Library/Frameworks/Security.framework/Headers/cssmtype.h
/Applications/Xcode.app/Contents/Developer/Platforms/MacOSX.platform/Developer/SDKs/MacOSX26.1.sdk/System/Library/Frameworks/Security.framework/Headers/cssmconfig.h
/Applications/Xcode.app/Contents/Developer/Toolchains/XcodeDefault.xctoolchain/usr/lib/swift/clang/include/module.modulemap
/Applications/Xcode.app/Contents/Developer/Platforms/MacOSX.platform/Developer/SDKs/MacOSX26.1.sdk/System/Library/Frameworks/Security.framework/Headers/SecAsn1Types.h
/Applications/Xcode.app/Contents/Developer/Platforms/MacOSX.platform/Developer/SDKs/MacOSX26.1.sdk/System/Library/Frameworks/Security.framework/Headers/x509defs.h
/Applications/Xcode.app/Contents/Developer/Platforms/MacOSX.platform/Developer/SDKs/MacOSX26.1.sdk/System/Library/Frameworks/Security.framework/Headers/SecIdentity.h
/Applications/Xcode.app/Contents/Developer/Platforms/MacOSX.platform/Developer/SDKs/MacOSX26.1.sdk/System/Library/Frameworks/Security.framework/Headers/SecAccessControl.h
/Applications/Xcode.app/Contents/Developer/Platforms/MacOSX.platform/Developer/SDKs/MacOSX26.1.sdk/System/Library/Frameworks/Security.framework/Headers/SecItem.h
/Applications/Xcode.app/Contents/Developer/Platforms/MacOSX.platform/Developer/SDKs/MacOSX26.1.sdk/System/Library/Frameworks/Security.framework/Headers/SecKey.h
/Applications/Xcode.app/Contents/Developer/Platforms/MacOSX.platform/Developer/SDKs/MacOSX26.1.sdk/System/Library/Frameworks/Security.framework/Headers/SecAccess.h
/Applications/Xcode.app/Contents/Developer/Platforms/MacOSX.platform/Developer/SDKs/MacOSX26.1.sdk/System/Library/Frameworks/Security.framework/Headers/SecPolicy.h
/Applications/Xcode.app/Contents/Developer/Platforms/MacOSX.platform/Developer/SDKs/MacOSX26.1.sdk/System/Library/Frameworks/Security.framework/Headers/SecRandom.h
/Applications/Xcode.app/Contents/Developer/Platforms/MacOSX.platform/Developer/SDKs/MacOSX26.1.sdk/System/Library/Frameworks/Security.framework/Headers/SecImportExport.h
/Applications/Xcode.app/Contents/Developer/Platforms/MacOSX.platform/Developer/SDKs/MacOSX26.1.sdk/System/Library/Frameworks/Security.framework/Headers/SecKeychain.h
/Applications/Xcode.app/Contents/Developer/Platforms/MacOSX.platform/Developer/SDKs/MacOSX26.1.sdk/System/Library/Frameworks/Security.framework/Headers/cssmapple.h
/Applications/Xcode.app/Contents/Developer/Platforms/MacOSX.platform/Developer/SDKs/MacOSX26.1.sdk/System/Library/Frameworks/Security.framework/Headers/cssmerr.h
/Applications/Xcode.app/Contents/Developer/Platforms/MacOSX.platform/Developer/SDKs/MacOSX26.1.sdk/System/Library/Frameworks/Security.framework/Headers/certextensions.h
/Applications/Xcode.app/Contents/Developer/Platforms/MacOSX.platform/Developer/SDKs/MacOSX26.1.sdk/System/Library/Frameworks/Security.framework/Headers/SecTrust.h
/Applications/Xcode.app/Contents/Developer/Platforms/MacOSX.platform/Developer/SDKs/MacOSX26.1.sdk/System/Library/Frameworks/Security.framework/Headers/SecSharedCredential.h
/Applications/Xcode.app/Contents/Developer/Platforms/MacOSX.platform/Developer/SDKs/MacOSX26.1.sdk/System/Library/Frameworks/Security.framework/Headers/SecProtocolOptions.h
/Applications/Xcode.app/Contents/Developer/Platforms/MacOSX.platform/Developer/SDKs/MacOSX26.1.sdk/System/Library/Frameworks/Security.framework/Headers/SecProtocolObject.h
/Applications/Xcode.app/Contents/Developer/Platforms/MacOSX.platform/Developer/SDKs/MacOSX26.1.sdk/System/Library/Frameworks/Security.framework/Headers/SecProtocolTypes.h
/Applications/Xcode.app/Contents/Developer/Platforms/MacOSX.platform/Developer/SDKs/MacOSX26.1.sdk/System/Library/Frameworks/Security.framework/Headers/CipherSuite.h
/Applications/Xcode.app/Contents/Developer/Platforms/MacOSX.platform/Developer/SDKs/MacOSX26.1.sdk/System/Library/Frameworks/Security.framework/Headers/SecProtocolMetadata.h
/Applications/Xcode.app/Contents/Developer/Platforms/MacOSX.platform/Developer/SDKs/MacOSX26.1.sdk/System/Library/Frameworks/Security.framework/Headers/AuthSession.h
/Applications/Xcode.app/Contents/Developer/Platforms/MacOSX.platform/Developer/SDKs/MacOSX26.1.sdk/System/Library/Frameworks/Security.framework/Headers/Authorization.h
/Applications/Xcode.app/Contents/Developer/Platforms/MacOSX.platform/Developer/SDKs/MacOSX26.1.sdk/usr/include/stdio.h
/Applications/Xcode.app/Contents/Developer/Platforms/MacOSX.platform/Developer/SDKs/MacOSX26.1.sdk/System/Library/Frameworks/Security.framework/Headers/cssm.h
/Applications/Xcode.app/Contents/Developer/Platforms/MacOSX.platform/Developer/SDKs/MacOSX26.1.sdk/System/Library/Frameworks/Security.framework/Headers/emmtype.h
/Applications/Xcode.app/Contents/Developer/Platforms/MacOSX.platform/Developer/SDKs/MacOSX26.1.sdk/System/Library/Frameworks/Security.framework/Headers/cssmapi.h
/Applications/Xcode.app/Contents/Developer/Platforms/MacOSX.platform/Developer/SDKs/MacOSX26.1.sdk/System/Library/Frameworks/Security.framework/Headers/cssmaci.h
/Applications/Xcode.app/Contents/Developer/Platforms/MacOSX.platform/Developer/SDKs/MacOSX26.1.sdk/System/Library/Frameworks/Security.framework/Headers/cssmcli.h
/Applications/Xcode.app/Contents/Developer/Platforms/MacOSX.platform/Developer/SDKs/MacOSX26.1.sdk/System/Library/Frameworks/Security.framework/Headers/cssmcspi.h
/Applications/Xcode.app/Contents/Developer/Platforms/MacOSX.platform/Developer/SDKs/MacOSX26.1.sdk/System/Library/Frameworks/Security.framework/Headers/cssmspi.h
/Applications/Xcode.app/Contents/Developer/Platforms/MacOSX.platform/Developer/SDKs/MacOSX26.1.sdk/System/Library/Frameworks/Security.framework/Headers/cssmdli.h
/Applications/Xcode.app/Contents/Developer/Platforms/MacOSX.platform/Developer/SDKs/MacOSX26.1.sdk/System/Library/Frameworks/Security.framework/Headers/cssmkrapi.h
/Applications/Xcode.app/Contents/Developer/Platforms/MacOSX.platform/Developer/SDKs/MacOSX26.1.sdk/System/Library/Frameworks/Security.framework/Headers/cssmkrspi.h
/Applications/Xcode.app/Contents/Developer/Platforms/MacOSX.platform/Developer/SDKs/MacOSX26.1.sdk/System/Library/Frameworks/Security.framework/Headers/cssmtpi.h
/Applications/Xcode.app/Contents/Developer/Platforms/MacOSX.platform/Developer/SDKs/MacOSX26.1.sdk/System/Library/Frameworks/Security.framework/Headers/emmspi.h
/Applications/Xcode.app/Contents/Developer/Platforms/MacOSX.platform/Developer/SDKs/MacOSX26.1.sdk/System/Library/Frameworks/Security.framework/Headers/mds.h
/Applications/Xcode.app/Contents/Developer/Platforms/MacOSX.platform/Developer/SDKs/MacOSX26.1.sdk/System/Library/Frameworks/Security.framework/Headers/mds_schema.h
/Applications/Xcode.app/Contents/Developer/Platforms/MacOSX.platform/Developer/SDKs/MacOSX26.1.sdk/System/Library/Frameworks/Security.framework/Headers/oidsalg.h
/Applications/Xcode.app/Contents/Developer/Platforms/MacOSX.platform/Developer/SDKs/MacOSX26.1.sdk/System/Library/Frameworks/Security.framework/Headers/oidsattr.h
/Applications/Xcode.app/Contents/Developer/Platforms/MacOSX.platform/Developer/SDKs/MacOSX26.1.sdk/System/Library/Frameworks/Security.framework/Headers/oidsbase.h
/Applications/Xcode.app/Contents/Developer/Platforms/MacOSX.platform/Developer/SDKs/MacOSX26.1.sdk/System/Library/Frameworks/Security.framework/Headers/oidscert.h
/Applications/Xcode.app/Contents/Developer/Platforms/MacOSX.platform/Developer/SDKs/MacOSX26.1.sdk/System/Library/Frameworks/Security.framework/Headers/oidscrl.h
/Applications/Xcode.app/Contents/Developer/Platforms/MacOSX.platform/Developer/SDKs/MacOSX26.1.sdk/System/Library/Frameworks/Security.framework/Headers/SecACL.h
/Applications/Xcode.app/Contents/Developer/Platforms/MacOSX.platform/Developer/SDKs/MacOSX26.1.sdk/System/Library/Frameworks/Security.framework/Headers/SecCertificateOIDs.h
/Applications/Xcode.app/Contents/Developer/Platforms/MacOSX.platform/Developer/SDKs/MacOSX26.1.sdk/System/Library/Frameworks/Security.framework/Headers/SecIdentitySearch.h
/Applications/Xcode.app/Contents/Developer/Platforms/MacOSX.platform/Developer/SDKs/MacOSX26.1.sdk/System/Library/Frameworks/Security.framework/Headers/SecKeychainItem.h
/Applications/Xcode.app/Contents/Developer/Platforms/MacOSX.platform/Developer/SDKs/MacOSX26.1.sdk/System/Library/Frameworks/Security.framework/Headers/SecKeychainSearch.h
/Applications/Xcode.app/Contents/Developer/Platforms/MacOSX.platform/Developer/SDKs/MacOSX26.1.sdk/System/Library/Frameworks/Security.framework/Headers/SecPolicySearch.h
/Applications/Xcode.app/Contents/Developer/Platforms/MacOSX.platform/Developer/SDKs/MacOSX26.1.sdk/System/Library/Frameworks/Security.framework/Headers/SecTrustedApplication.h
/Applications/Xcode.app/Contents/Developer/Platforms/MacOSX.platform/Developer/SDKs/MacOSX26.1.sdk/System/Library/Frameworks/Security.framework/Headers/SecTrustSettings.h
/Applications/Xcode.app/Contents/Developer/Platforms/MacOSX.platform/Developer/SDKs/MacOSX26.1.sdk/System/Library/Frameworks/Security.framework/Headers/SecStaticCode.h
/Applications/Xcode.app/Contents/Developer/Platforms/MacOSX.platform/Developer/SDKs/MacOSX26.1.sdk/System/Library/Frameworks/Security.framework/Headers/CSCommon.h
/Applications/Xcode.app/Contents/Developer/Platforms/MacOSX.platform/Developer/SDKs/MacOSX26.1.sdk/System/Library/Frameworks/Security.framework/Headers/SecCode.h
/Applications/Xcode.app/Contents/Developer/Platforms/MacOSX.platform/Developer/SDKs/MacOSX26.1.sdk/System/Library/Frameworks/Security.framework/Headers/SecCodeHost.h
/Applications/Xcode.app/Contents/Developer/Platforms/MacOSX.platform/Developer/SDKs/MacOSX26.1.sdk/System/Library/Frameworks/Security.framework/Headers/SecRequirement.h
/Applications/Xcode.app/Contents/Developer/Platforms/MacOSX.platform/Developer/SDKs/MacOSX26.1.sdk/System/Library/Frameworks/Security.framework/Headers/SecTask.h
/Applications/Xcode.app/Contents/Developer/Platforms/MacOSX.platform/Developer/SDKs/MacOSX26.1.sdk/System/Library/Frameworks/Security.framework/Headers/AuthorizationTags.h
/Applications/Xcode.app/Contents/Developer/Platforms/MacOSX.platform/Developer/SDKs/MacOSX26.1.sdk/System/Library/Frameworks/Security.framework/Headers/AuthorizationDB.h
/Applications/Xcode.app/Contents/Developer/Platforms/MacOSX.platform/Developer/SDKs/MacOSX26.1.sdk/System/Library/Frameworks/Security.framework/Headers/CMSDecoder.h
/Applications/Xcode.app/Contents/Developer/Platforms/MacOSX.platform/Developer/SDKs/MacOSX26.1.sdk/System/Library/Frameworks/Security.framework/Headers/CMSEncoder.h
/Applications/Xcode.app/Contents/Developer/Platforms/MacOSX.platform/Developer/SDKs/MacOSX26.1.sdk/System/Library/Frameworks/Security.framework/Headers/SecureTransport.h
/Applications/Xcode.app/Contents/Developer/Platforms/MacOSX.platform/Developer/SDKs/MacOSX26.1.sdk/System/Library/Frameworks/Security.framework/Headers/SecTransform.h
/Applications/Xcode.app/Contents/Developer/Platforms/MacOSX.platform/Developer/SDKs/MacOSX26.1.sdk/System/Library/Frameworks/Security.framework/Headers/SecCustomTransform.h
/Applications/Xcode.app/Contents/Developer/Platforms/MacOSX.platform/Developer/SDKs/MacOSX26.1.sdk/System/Library/Frameworks/Security.framework/Headers/SecDecodeTransform.h
/Applications/Xcode.app/Contents/Developer/Platforms/MacOSX.platform/Developer/SDKs/MacOSX26.1.sdk/System/Library/Frameworks/Security.framework/Headers/SecEncodeTransform.h
/Applications/Xcode.app/Contents/Developer/Platforms/MacOSX.platform/Developer/SDKs/MacOSX26.1.sdk/System/Library/Frameworks/Security.framework/Headers/SecDigestTransform.h
/Applications/Xcode.app/Contents/Developer/Platforms/MacOSX.platform/Developer/SDKs/MacOSX26.1.sdk/System/Library/Frameworks/Security.framework/Headers/SecEncryptTransform.h
/Applications/Xcode.app/Contents/Developer/Platforms/MacOSX.platform/Developer/SDKs/MacOSX26.1.sdk/System/Library/Frameworks/Security.framework/Headers/SecSignVerifyTransform.h
/Applications/Xcode.app/Contents/Developer/Platforms/MacOSX.platform/Developer/SDKs/MacOSX26.1.sdk/System/Library/Frameworks/Security.framework/Headers/SecReadTransform.h
/Applications/Xcode.app/Contents/Developer/Platforms/MacOSX.platform/Developer/SDKs/MacOSX26.1.sdk/System/Library/Frameworks/Security.framework/Headers/SecTransformReadTransform.h
/Applications/Xcode.app/Contents/Developer/Platforms/MacOSX.platform/Developer/SDKs/MacOSX26.1.sdk/System/Library/Frameworks/Security.framework/Headers/oids.h
/Applications/Xcode.app/Contents/Developer/Platforms/MacOSX.platform/Developer/SDKs/MacOSX26.1.sdk/usr/include/libDER/module.modulemap
/Applications/Xcode.app/Contents/Developer/Platforms/MacOSX.platform/Developer/SDKs/MacOSX26.1.sdk/usr/include/string.h
/Applications/Xcode.app/Contents/Developer/Platforms/MacOSX.platform/Developer/SDKs/MacOSX26.1.sdk/System/Library/Frameworks/Security.framework/Headers/AuthorizationPlugin.h
/Applications/Xcode.app/Contents/Developer/Platforms/MacOSX.platform/Developer/SDKs/MacOSX26.1.sdk/System/Library/Frameworks/Security.framework/Headers/CodeSigning.h
/Applications/Xcode.app/Contents/Developer/Platforms/MacOSX.platform/Developer/SDKs/MacOSX26.1.sdk/System/Library/Frameworks/Security.framework/Headers/eisl.h
/Applications/Xcode.app/Contents/Developer/Platforms/MacOSX.platform/Developer/SDKs/MacOSX26.1.sdk/System/Library/Frameworks/Security.framework/Headers/SecAsn1Coder.h
/Applications/Xcode.app/Contents/Developer/Platforms/MacOSX.platform/Developer/SDKs/MacOSX26.1.sdk/System/Library/Frameworks/Security.framework/Headers/SecAsn1Templates.h
/Applications/Xcode.app/Contents/Developer/Platforms/MacOSX.platform/Developer/SDKs/MacOSX26.1.sdk/System/Library/Frameworks/Security.framework/Headers/SecureDownload.h
/Applications/Xcode.app/Contents/Developer/Platforms/MacOSX.platform/Developer/SDKs/MacOSX26.1.sdk/SDKSettings.json
/Applications/Xcode.app/Contents/Developer/Toolchains/XcodeDefault.xctoolchain/usr/lib/swift/macosx/prebuilt-modules/26.1/Swift.swiftmodule/arm64e-apple-macos.swiftmodule
/Applications/Xcode.app/Contents/Developer/Toolchains/XcodeDefault.xctoolchain/usr/lib/swift/macosx/prebuilt-modules/26.1/SwiftOnoneSupport.swiftmodule/arm64e-apple-macos.swiftmodule
/Applications/Xcode.app/Contents/Developer/Platforms/MacOSX.platform/Developer/SDKs/MacOSX26.1.sdk/usr/lib/swift/shims/module.modulemap
/Applications/Xcode.app/Contents/Developer/Platforms/MacOSX.platform/Developer/SDKs/MacOSX26.1.sdk/usr/lib/swift/shims/AssertionReporting.h
/Applications/Xcode.app/Contents/Developer/Platforms/MacOSX.platform/Developer/SDKs/MacOSX26.1.sdk/usr/lib/swift/shims/SwiftStdint.h
/Applications/Xcode.app/Contents/Developer/Platforms/MacOSX.platform/Developer/SDKs/MacOSX26.1.sdk/usr/lib/swift/shims/Visibility.h
/Applications/Xcode.app/Contents/Developer/Platforms/MacOSX.platform/Developer/SDKs/MacOSX26.1.sdk/usr/lib/swift/shims/CoreFoundationShims.h
/Applications/Xcode.app/Contents/Developer/Platforms/MacOSX.platform/Developer/SDKs/MacOSX26.1.sdk/usr/lib/swift/shims/ObjCShims.h
/Applications/Xcode.app/Contents/Developer/Platforms/MacOSX.platform/Developer/SDKs/MacOSX26.1.sdk/usr/lib/swift/shims/EmbeddedShims.h
/Applications/Xcode.app/Contents/Developer/Platforms/MacOSX.platform/Developer/SDKs/MacOSX26.1.sdk/usr/lib/swift/shims/SwiftStddef.h
/Applications/Xcode.app/Contents/Developer/Platforms/MacOSX.platform/Developer/SDKs/MacOSX26.1.sdk/usr/lib/swift/shims/FoundationShims.h
/Applications/Xcode.app/Contents/Developer/Platforms/MacOSX.platform/Developer/SDKs/MacOSX26.1.sdk/usr/lib/swift/shims/GlobalObjects.h
/Applications/Xcode.app/Contents/Developer/Platforms/MacOSX.platform/Developer/SDKs/MacOSX26.1.sdk/usr/lib/swift/shims/SwiftStdbool.h
/Applications/Xcode.app/Contents/Developer/Platforms/MacOSX.platform/Developer/SDKs/MacOSX26.1.sdk/usr/lib/swift/shims/HeapObject.h
/Applications/Xcode.app/Contents/Developer/Platforms/MacOSX.platform/Developer/SDKs/MacOSX26.1.sdk/usr/lib/swift/shims/RefCount.h
/Applications/Xcode.app/Contents/Developer/Platforms/MacOSX.platform/Developer/SDKs/MacOSX26.1.sdk/usr/lib/swift/shims/System.h
/Applications/Xcode.app/Contents/Developer/Platforms/MacOSX.platform/Developer/SDKs/MacOSX26.1.sdk/usr/lib/swift/shims/Target.h
/Applications/Xcode.app/Contents/Developer/Platforms/MacOSX.platform/Developer/SDKs/MacOSX26.1.sdk/usr/lib/swift/shims/KeyPath.h
/Applications/Xcode.app/Contents/Developer/Platforms/MacOSX.platform/Developer/SDKs/MacOSX26.1.sdk/usr/lib/swift/shims/LibcShims.h
/Applications/Xcode.app/Contents/Developer/Platforms/MacOSX.platform/Developer/SDKs/MacOSX26.1.sdk/usr/lib/swift/shims/MetadataSections.h
/Applications/Xcode.app/Contents/Developer/Platforms/MacOSX.platform/Developer/SDKs/MacOSX26.1.sdk/usr/lib/swift/shims/Random.h
/Applications/Xcode.app/Contents/Developer/Platforms/MacOSX.platform/Developer/SDKs/MacOSX26.1.sdk/usr/lib/swift/shims/Reflection.h
/Applications/Xcode.app/Contents/Developer/Platforms/MacOSX.platform/Developer/SDKs/MacOSX26.1.sdk/usr/lib/swift/shims/RuntimeShims.h
/Applications/Xcode.app/Contents/Developer/Platforms/MacOSX.platform/Developer/SDKs/MacOSX26.1.sdk/usr/lib/swift/shims/RuntimeStubs.h
/Applications/Xcode.app/Contents/Developer/Platforms/MacOSX.platform/Developer/SDKs/MacOSX26.1.sdk/usr/lib/swift/shims/ThreadLocalStorage.h
/Applications/Xcode.app/Contents/Developer/Platforms/MacOSX.platform/Developer/SDKs/MacOSX26.1.sdk/usr/lib/swift/shims/UnicodeData.h
/Applications/Xcode.app/Contents/Developer/Platforms/MacOSX.platform/Developer/SDKs/MacOSX26.1.sdk/SDKSettings.json
/Applications/Xcode.app/Contents/Developer/Toolchains/XcodeDefault.xctoolchain/usr/lib/swift/macosx/prebuilt-modules/26.1/System.swiftmodule/arm64e-apple-macos.swiftmodule
/Applications/Xcode.app/Contents/Developer/Platforms/MacOSX.platform/Developer/SDKs/MacOSX26.1.sdk/usr/include/XPC.apinotes
/Applications/Xcode.app/Contents/Developer/Platforms/MacOSX.platform/Developer/SDKs/MacOSX26.1.sdk/usr/include/launch.modulemap
/Applications/Xcode.app/Contents/Developer/Platforms/MacOSX.platform/Developer/SDKs/MacOSX26.1.sdk/usr/include/xpc.modulemap
/Applications/Xcode.app/Contents/Developer/Platforms/MacOSX.platform/Developer/SDKs/MacOSX26.1.sdk/usr/include/dispatch.modulemap
/Applications/Xcode.app/Contents/Developer/Platforms/MacOSX.platform/Developer/SDKs/MacOSX26.1.sdk/usr/include/os.modulemap
/Applications/Xcode.app/Contents/Developer/Platforms/MacOSX.platform/Developer/SDKs/MacOSX26.1.sdk/usr/include/Darwin.modulemap
/Applications/Xcode.app/Contents/Developer/Platforms/MacOSX.platform/Developer/SDKs/MacOSX26.1.sdk/usr/include/Darwin_C.modulemap
/Applications/Xcode.app/Contents/Developer/Platforms/MacOSX.platform/Developer/SDKs/MacOSX26.1.sdk/usr/include/Darwin_POSIX.modulemap
/Applications/Xcode.app/Contents/Developer/Platforms/MacOSX.platform/Developer/SDKs/MacOSX26.1.sdk/usr/include/net.modulemap
/Applications/Xcode.app/Contents/Developer/Platforms/MacOSX.platform/Developer/SDKs/MacOSX26.1.sdk/usr/include/netinet.modulemap
/Applications/Xcode.app/Contents/Developer/Platforms/MacOSX.platform/Developer/SDKs/MacOSX26.1.sdk/usr/include/bank.modulemap
/Applications/Xcode.app/Contents/Developer/Platforms/MacOSX.platform/Developer/SDKs/MacOSX26.1.sdk/usr/include/Darwin_Mach.modulemap
/Applications/Xcode.app/Contents/Developer/Platforms/MacOSX.platform/Developer/SDKs/MacOSX26.1.sdk/usr/include/Darwin_Mach_machine.modulemap
/Applications/Xcode.app/Contents/Developer/Platforms/MacOSX.platform/Developer/SDKs/MacOSX26.1.sdk/usr/include/mach_debug.modulemap
/Applications/Xcode.app/Contents/Developer/Platforms/MacOSX.platform/Developer/SDKs/MacOSX26.1.sdk/usr/include/device.modulemap
/Applications/Xcode.app/Contents/Developer/Platforms/MacOSX.platform/Developer/SDKs/MacOSX26.1.sdk/usr/include/Darwin_machine.modulemap
/Applications/Xcode.app/Contents/Developer/Platforms/MacOSX.platform/Developer/SDKs/MacOSX26.1.sdk/usr/include/ncurses.modulemap
/Applications/Xcode.app/Contents/Developer/Platforms/MacOSX.platform/Developer/SDKs/MacOSX26.1.sdk/usr/include/netinet6.modulemap
/Applications/Xcode.app/Contents/Developer/Platforms/MacOSX.platform/Developer/SDKs/MacOSX26.1.sdk/usr/include/Darwin_sys.modulemap
/Applications/Xcode.app/Contents/Developer/Platforms/MacOSX.platform/Developer/SDKs/MacOSX26.1.sdk/usr/include/uuid.modulemap
/Applications/Xcode.app/Contents/Developer/Platforms/MacOSX.platform/Developer/SDKs/MacOSX26.1.sdk/usr/include/DarwinFoundation2.modulemap
/Applications/Xcode.app/Contents/Developer/Platforms/MacOSX.platform/Developer/SDKs/MacOSX26.1.sdk/usr/include/DarwinFoundation3.modulemap
/Applications/Xcode.app/Contents/Developer/Platforms/MacOSX.platform/Developer/SDKs/MacOSX26.1.sdk/usr/include/DarwinFoundation1.modulemap
/Applications/Xcode.app/Contents/Developer/Platforms/MacOSX.platform/Developer/SDKs/MacOSX26.1.sdk/usr/include/xpc/xpc.h
/Applications/Xcode.app/Contents/Developer/Toolchains/XcodeDefault.xctoolchain/usr/lib/swift/clang/include/module.modulemap
/Applications/Xcode.app/Contents/Developer/Toolchains/XcodeDefault.xctoolchain/usr/lib/swift/clang/include/stdarg.h
/Applications/Xcode.app/Contents/Developer/Platforms/MacOSX.platform/Developer/SDKs/MacOSX26.1.sdk/usr/include/stdlib.h
/Applications/Xcode.app/Contents/Developer/Platforms/MacOSX.platform/Developer/SDKs/MacOSX26.1.sdk/usr/include/stdio.h
/Applications/Xcode.app/Contents/Developer/Platforms/MacOSX.platform/Developer/SDKs/MacOSX26.1.sdk/usr/include/string.h
/Applications/Xcode.app/Contents/Developer/Platforms/MacOSX.platform/Developer/SDKs/MacOSX26.1.sdk/usr/include/xpc/base.h
/Applications/Xcode.app/Contents/Developer/Platforms/MacOSX.platform/Developer/SDKs/MacOSX26.1.sdk/usr/include/xpc/availability.h
/Applications/Xcode.app/Contents/Developer/Platforms/MacOSX.platform/Developer/SDKs/MacOSX26.1.sdk/usr/include/xpc/endpoint.h
/Applications/Xcode.app/Contents/Developer/Platforms/MacOSX.platform/Developer/SDKs/MacOSX26.1.sdk/usr/include/xpc/debug.h
/Applications/Xcode.app/Contents/Developer/Platforms/MacOSX.platform/Developer/SDKs/MacOSX26.1.sdk/usr/include/xpc/activity.h
/Applications/Xcode.app/Contents/Developer/Platforms/MacOSX.platform/Developer/SDKs/MacOSX26.1.sdk/usr/include/xpc/peer_requirement.h
/Applications/Xcode.app/Contents/Developer/Platforms/MacOSX.platform/Developer/SDKs/MacOSX26.1.sdk/usr/include/xpc/connection.h
/Applications/Xcode.app/Contents/Developer/Platforms/MacOSX.platform/Developer/SDKs/MacOSX26.1.sdk/usr/include/xpc/rich_error.h
/Applications/Xcode.app/Contents/Developer/Platforms/MacOSX.platform/Developer/SDKs/MacOSX26.1.sdk/usr/include/xpc/session.h
/Applications/Xcode.app/Contents/Developer/Platforms/MacOSX.platform/Developer/SDKs/MacOSX26.1.sdk/usr/include/xpc/listener.h
/Applications/Xcode.app/Contents/Developer/Platforms/MacOSX.platform/Developer/SDKs/MacOSX26.1.sdk/SDKSettings.json
/Applications/Xcode.app/Contents/Developer/Toolchains/XcodeDefault.xctoolchain/usr/lib/swift/macosx/prebuilt-modules/26.1/XPC.swiftmodule/arm64e-apple-macos.swiftmodule
/Applications/Xcode.app/Contents/Developer/Platforms/MacOSX.platform/Developer/SDKs/MacOSX26.1.sdk/usr/include/DarwinFoundation1.modulemap
/Applications/Xcode.app/Contents/Developer/Platforms/MacOSX.platform/Developer/SDKs/MacOSX26.1.sdk/usr/include/AvailabilityInternal.h
/Applications/Xcode.app/Contents/Developer/Platforms/MacOSX.platform/Developer/SDKs/MacOSX26.1.sdk/usr/include/AvailabilityVersions.h
/Applications/Xcode.app/Contents/Developer/Platforms/MacOSX.platform/Developer/SDKs/MacOSX26.1.sdk/usr/include/AvailabilityInternalLegacy.h
/Applications/Xcode.app/Contents/Developer/Platforms/MacOSX.platform/Developer/SDKs/MacOSX26.1.sdk/SDKSettings.json
/Applications/Xcode.app/Contents/Developer/Toolchains/XcodeDefault.xctoolchain/usr/lib/swift/clang/include/module.modulemap
/Applications/Xcode.app/Contents/Developer/Toolchains/XcodeDefault.xctoolchain/usr/lib/swift/clang/include/float.h
/Applications/Xcode.app/Contents/Developer/Platforms/MacOSX.platform/Developer/SDKs/MacOSX26.1.sdk/SDKSettings.json
/Applications/Xcode.app/Contents/Developer/Toolchains/XcodeDefault.xctoolchain/usr/lib/swift/macosx/prebuilt-modules/26.1/_Builtin_float.swiftmodule/arm64e-apple-macos.swiftmodule
/Applications/Xcode.app/Contents/Developer/Toolchains/XcodeDefault.xctoolchain/usr/lib/swift/clang/include/module.modulemap
/Applications/Xcode.app/Contents/Developer/Toolchains/XcodeDefault.xctoolchain/usr/lib/swift/clang/include/inttypes.h
/Applications/Xcode.app/Contents/Developer/Platforms/MacOSX.platform/Developer/SDKs/MacOSX26.1.sdk/usr/include/DarwinFoundation3.modulemap
/Applications/Xcode.app/Contents/Developer/Platforms/MacOSX.platform/Developer/SDKs/MacOSX26.1.sdk/usr/include/inttypes.h
/Applications/Xcode.app/Contents/Developer/Platforms/MacOSX.platform/Developer/SDKs/MacOSX26.1.sdk/SDKSettings.json
/Applications/Xcode.app/Contents/Developer/Toolchains/XcodeDefault.xctoolchain/usr/lib/swift/clang/include/module.modulemap
/Applications/Xcode.app/Contents/Developer/Toolchains/XcodeDefault.xctoolchain/usr/lib/swift/clang/include/limits.h
/Applications/Xcode.app/Contents/Developer/Platforms/MacOSX.platform/Developer/SDKs/MacOSX26.1.sdk/usr/include/DarwinFoundation1.modulemap
/Applications/Xcode.app/Contents/Developer/Platforms/MacOSX.platform/Developer/SDKs/MacOSX26.1.sdk/SDKSettings.json
/Applications/Xcode.app/Contents/Developer/Toolchains/XcodeDefault.xctoolchain/usr/lib/swift/clang/include/module.modulemap
/Applications/Xcode.app/Contents/Developer/Toolchains/XcodeDefault.xctoolchain/usr/lib/swift/clang/include/__stdarg___gnuc_va_list.h
/Applications/Xcode.app/Contents/Developer/Toolchains/XcodeDefault.xctoolchain/usr/lib/swift/clang/include/__stdarg___va_copy.h
/Applications/Xcode.app/Contents/Developer/Toolchains/XcodeDefault.xctoolchain/usr/lib/swift/clang/include/__stdarg_header_macro.h
/Applications/Xcode.app/Contents/Developer/Toolchains/XcodeDefault.xctoolchain/usr/lib/swift/clang/include/__stdarg_va_arg.h
/Applications/Xcode.app/Contents/Developer/Toolchains/XcodeDefault.xctoolchain/usr/lib/swift/clang/include/__stdarg_va_copy.h
/Applications/Xcode.app/Contents/Developer/Toolchains/XcodeDefault.xctoolchain/usr/lib/swift/clang/include/__stdarg_va_list.h
/Applications/Xcode.app/Contents/Developer/Platforms/MacOSX.platform/Developer/SDKs/MacOSX26.1.sdk/SDKSettings.json
/Applications/Xcode.app/Contents/Developer/Toolchains/XcodeDefault.xctoolchain/usr/lib/swift/clang/include/module.modulemap
/Applications/Xcode.app/Contents/Developer/Toolchains/XcodeDefault.xctoolchain/usr/lib/swift/clang/include/stdbool.h
/Applications/Xcode.app/Contents/Developer/Platforms/MacOSX.platform/Developer/SDKs/MacOSX26.1.sdk/SDKSettings.json
/Applications/Xcode.app/Contents/Developer/Toolchains/XcodeDefault.xctoolchain/usr/lib/swift/clang/include/module.modulemap
/Applications/Xcode.app/Contents/Developer/Toolchains/XcodeDefault.xctoolchain/usr/lib/swift/clang/include/__stddef_header_macro.h
/Applications/Xcode.app/Contents/Developer/Toolchains/XcodeDefault.xctoolchain/usr/lib/swift/clang/include/__stddef_max_align_t.h
/Applications/Xcode.app/Contents/Developer/Toolchains/XcodeDefault.xctoolchain/usr/lib/swift/clang/include/__stddef_null.h
/Applications/Xcode.app/Contents/Developer/Toolchains/XcodeDefault.xctoolchain/usr/lib/swift/clang/include/__stddef_nullptr_t.h
/Applications/Xcode.app/Contents/Developer/Toolchains/XcodeDefault.xctoolchain/usr/lib/swift/clang/include/__stddef_offsetof.h
/Applications/Xcode.app/Contents/Developer/Toolchains/XcodeDefault.xctoolchain/usr/lib/swift/clang/include/__stddef_ptrdiff_t.h
/Applications/Xcode.app/Contents/Developer/Toolchains/XcodeDefault.xctoolchain/usr/lib/swift/clang/include/__stddef_rsize_t.h
/Applications/Xcode.app/Contents/Developer/Toolchains/XcodeDefault.xctoolchain/usr/lib/swift/clang/include/__stddef_size_t.h
/Applications/Xcode.app/Contents/Developer/Toolchains/XcodeDefault.xctoolchain/usr/lib/swift/clang/include/__stddef_unreachable.h
/Applications/Xcode.app/Contents/Developer/Toolchains/XcodeDefault.xctoolchain/usr/lib/swift/clang/include/__stddef_wchar_t.h
/Applications/Xcode.app/Contents/Developer/Platforms/MacOSX.platform/Developer/SDKs/MacOSX26.1.sdk/SDKSettings.json
/Applications/Xcode.app/Contents/Developer/Toolchains/XcodeDefault.xctoolchain/usr/lib/swift/clang/include/module.modulemap
/Applications/Xcode.app/Contents/Developer/Toolchains/XcodeDefault.xctoolchain/usr/lib/swift/clang/include/stdint.h
/Applications/Xcode.app/Contents/Developer/Platforms/MacOSX.platform/Developer/SDKs/MacOSX26.1.sdk/usr/include/DarwinFoundation2.modulemap
/Applications/Xcode.app/Contents/Developer/Platforms/MacOSX.platform/Developer/SDKs/MacOSX26.1.sdk/SDKSettings.json
/Applications/Xcode.app/Contents/Developer/Toolchains/XcodeDefault.xctoolchain/usr/lib/swift/macosx/prebuilt-modules/26.1/_Concurrency.swiftmodule/arm64e-apple-macos.swiftmodule
/Applications/Xcode.app/Contents/Developer/Platforms/MacOSX.platform/Developer/SDKs/MacOSX26.1.sdk/usr/include/DarwinFoundation1.modulemap
/Applications/Xcode.app/Contents/Developer/Platforms/MacOSX.platform/Developer/SDKs/MacOSX26.1.sdk/usr/include/sys/appleapiopts.h
/Applications/Xcode.app/Contents/Developer/Platforms/MacOSX.platform/Developer/SDKs/MacOSX26.1.sdk/usr/include/os/availability.h
/Applications/Xcode.app/Contents/Developer/Platforms/MacOSX.platform/Developer/SDKs/MacOSX26.1.sdk/usr/include/Availability.h
/Applications/Xcode.app/Contents/Developer/Platforms/MacOSX.platform/Developer/SDKs/MacOSX26.1.sdk/usr/include/AvailabilityMacros.h
/Applications/Xcode.app/Contents/Developer/Platforms/MacOSX.platform/Developer/SDKs/MacOSX26.1.sdk/usr/include/TargetConditionals.h
/Applications/Xcode.app/Contents/Developer/Platforms/MacOSX.platform/Developer/SDKs/MacOSX26.1.sdk/usr/include/_bounds.h
/Applications/Xcode.app/Contents/Developer/Platforms/MacOSX.platform/Developer/SDKs/MacOSX26.1.sdk/usr/include/sys/cdefs.h
/Applications/Xcode.app/Contents/Developer/Platforms/MacOSX.platform/Developer/SDKs/MacOSX26.1.sdk/usr/include/sys/_symbol_aliasing.h
/Applications/Xcode.app/Contents/Developer/Platforms/MacOSX.platform/Developer/SDKs/MacOSX26.1.sdk/usr/include/sys/_posix_availability.h
/Applications/Xcode.app/Contents/Developer/Toolchains/XcodeDefault.xctoolchain/usr/lib/swift/clang/include/module.modulemap
/Applications/Xcode.app/Contents/Developer/Platforms/MacOSX.platform/Developer/SDKs/MacOSX26.1.sdk/usr/include/sys/qos.h
/Applications/Xcode.app/Contents/Developer/Platforms/MacOSX.platform/Developer/SDKs/MacOSX26.1.sdk/usr/include/machine/_endian.h
/Applications/Xcode.app/Contents/Developer/Platforms/MacOSX.platform/Developer/SDKs/MacOSX26.1.sdk/usr/include/arm/_endian.h
/Applications/Xcode.app/Contents/Developer/Platforms/MacOSX.platform/Developer/SDKs/MacOSX26.1.sdk/usr/include/sys/__endian.h
/Applications/Xcode.app/Contents/Developer/Platforms/MacOSX.platform/Developer/SDKs/MacOSX26.1.sdk/usr/include/i386/_endian.h
/Applications/Xcode.app/Contents/Developer/Platforms/MacOSX.platform/Developer/SDKs/MacOSX26.1.sdk/usr/include/__xlocale.h
/Applications/Xcode.app/Contents/Developer/Platforms/MacOSX.platform/Developer/SDKs/MacOSX26.1.sdk/usr/include/_mb_cur_max.h
/Applications/Xcode.app/Contents/Developer/Platforms/MacOSX.platform/Developer/SDKs/MacOSX26.1.sdk/usr/include/_types/_locale_t.h
/Applications/Xcode.app/Contents/Developer/Platforms/MacOSX.platform/Developer/SDKs/MacOSX26.1.sdk/usr/include/sys/_types/_u_char.h
/Applications/Xcode.app/Contents/Developer/Platforms/MacOSX.platform/Developer/SDKs/MacOSX26.1.sdk/usr/include/sys/_types/_u_short.h
/Applications/Xcode.app/Contents/Developer/Platforms/MacOSX.platform/Developer/SDKs/MacOSX26.1.sdk/usr/include/sys/_types/_u_int.h
/Applications/Xcode.app/Contents/Developer/Platforms/MacOSX.platform/Developer/SDKs/MacOSX26.1.sdk/usr/include/sys/_types/_u_int8_t.h
/Applications/Xcode.app/Contents/Developer/Platforms/MacOSX.platform/Developer/SDKs/MacOSX26.1.sdk/usr/include/sys/_types/_u_int16_t.h
/Applications/Xcode.app/Contents/Developer/Platforms/MacOSX.platform/Developer/SDKs/MacOSX26.1.sdk/usr/include/sys/_types/_u_int32_t.h
/Applications/Xcode.app/Contents/Developer/Platforms/MacOSX.platform/Developer/SDKs/MacOSX26.1.sdk/usr/include/sys/_types/_u_int64_t.h
/Applications/Xcode.app/Contents/Developer/Platforms/MacOSX.platform/Developer/SDKs/MacOSX26.1.sdk/usr/include/_assert.h
/Applications/Xcode.app/Contents/Developer/Platforms/MacOSX.platform/Developer/SDKs/MacOSX26.1.sdk/usr/include/_static_assert.h
/Applications/Xcode.app/Contents/Developer/Platforms/MacOSX.platform/Developer/SDKs/MacOSX26.1.sdk/usr/include/complex.h
/Applications/Xcode.app/Contents/Developer/Platforms/MacOSX.platform/Developer/SDKs/MacOSX26.1.sdk/usr/include/errno.h
/Applications/Xcode.app/Contents/Developer/Platforms/MacOSX.platform/Developer/SDKs/MacOSX26.1.sdk/usr/include/sys/errno.h
/Applications/Xcode.app/Contents/Developer/Platforms/MacOSX.platform/Developer/SDKs/MacOSX26.1.sdk/usr/include/sys/_types/_errno_t.h
/Applications/Xcode.app/Contents/Developer/Platforms/MacOSX.platform/Developer/SDKs/MacOSX26.1.sdk/usr/include/fenv.h
/Applications/Xcode.app/Contents/Developer/Platforms/MacOSX.platform/Developer/SDKs/MacOSX26.1.sdk/usr/include/limits.h
/Applications/Xcode.app/Contents/Developer/Platforms/MacOSX.platform/Developer/SDKs/MacOSX26.1.sdk/usr/include/machine/limits.h
/Applications/Xcode.app/Contents/Developer/Platforms/MacOSX.platform/Developer/SDKs/MacOSX26.1.sdk/usr/include/arm/limits.h
/Applications/Xcode.app/Contents/Developer/Platforms/MacOSX.platform/Developer/SDKs/MacOSX26.1.sdk/usr/include/arm/_limits.h
/Applications/Xcode.app/Contents/Developer/Platforms/MacOSX.platform/Developer/SDKs/MacOSX26.1.sdk/usr/include/sys/syslimits.h
/Applications/Xcode.app/Contents/Developer/Platforms/MacOSX.platform/Developer/SDKs/MacOSX26.1.sdk/usr/include/i386/limits.h
/Applications/Xcode.app/Contents/Developer/Platforms/MacOSX.platform/Developer/SDKs/MacOSX26.1.sdk/usr/include/machine/_limits.h
/Applications/Xcode.app/Contents/Developer/Platforms/MacOSX.platform/Developer/SDKs/MacOSX26.1.sdk/usr/include/i386/_limits.h
/Applications/Xcode.app/Contents/Developer/Platforms/MacOSX.platform/Developer/SDKs/MacOSX26.1.sdk/usr/include/math.h
/Applications/Xcode.app/Contents/Developer/Platforms/MacOSX.platform/Developer/SDKs/MacOSX26.1.sdk/usr/include/setjmp.h
/Applications/Xcode.app/Contents/Developer/Platforms/MacOSX.platform/Developer/SDKs/MacOSX26.1.sdk/SDKSettings.json
/Applications/Xcode.app/Contents/Developer/Toolchains/XcodeDefault.xctoolchain/usr/lib/swift/macosx/prebuilt-modules/26.1/_DarwinFoundation1.swiftmodule/arm64e-apple-macos.swiftmodule
/Applications/Xcode.app/Contents/Developer/Toolchains/XcodeDefault.xctoolchain/usr/lib/swift/macosx/prebuilt-modules/26.1/_DarwinFoundation2.swiftmodule/arm64e-apple-macos.swiftmodule
/Applications/Xcode.app/Contents/Developer/Platforms/MacOSX.platform/Developer/SDKs/MacOSX26.1.sdk/usr/include/_DarwinFoundation2.apinotes
/Applications/Xcode.app/Contents/Developer/Platforms/MacOSX.platform/Developer/SDKs/MacOSX26.1.sdk/usr/include/DarwinFoundation2.modulemap
/Applications/Xcode.app/Contents/Developer/Platforms/MacOSX.platform/Developer/SDKs/MacOSX26.1.sdk/usr/include/DarwinFoundation1.modulemap
/Applications/Xcode.app/Contents/Developer/Platforms/MacOSX.platform/Developer/SDKs/MacOSX26.1.sdk/usr/include/nl_types.h
/Applications/Xcode.app/Contents/Developer/Platforms/MacOSX.platform/Developer/SDKs/MacOSX26.1.sdk/usr/include/sys/types.h
/Applications/Xcode.app/Contents/Developer/Platforms/MacOSX.platform/Developer/SDKs/MacOSX26.1.sdk/usr/include/machine/types.h
/Applications/Xcode.app/Contents/Developer/Platforms/MacOSX.platform/Developer/SDKs/MacOSX26.1.sdk/usr/include/arm/types.h
/Applications/Xcode.app/Contents/Developer/Platforms/MacOSX.platform/Developer/SDKs/MacOSX26.1.sdk/usr/include/arm/_types.h
/Applications/Xcode.app/Contents/Developer/Platforms/MacOSX.platform/Developer/SDKs/MacOSX26.1.sdk/usr/include/sys/_types/_ptrdiff_t.h
/Applications/Xcode.app/Contents/Developer/Toolchains/XcodeDefault.xctoolchain/usr/lib/swift/clang/include/module.modulemap
/Applications/Xcode.app/Contents/Developer/Toolchains/XcodeDefault.xctoolchain/usr/lib/swift/clang/include/stddef.h
/Applications/Xcode.app/Contents/Developer/Platforms/MacOSX.platform/Developer/SDKs/MacOSX26.1.sdk/usr/include/sys/_types/_size_t.h
/Applications/Xcode.app/Contents/Developer/Platforms/MacOSX.platform/Developer/SDKs/MacOSX26.1.sdk/usr/include/sys/_types/_va_list.h
/Applications/Xcode.app/Contents/Developer/Toolchains/XcodeDefault.xctoolchain/usr/lib/swift/clang/include/stdarg.h
/Applications/Xcode.app/Contents/Developer/Platforms/MacOSX.platform/Developer/SDKs/MacOSX26.1.sdk/usr/include/sys/_types/_wchar_t.h
/Applications/Xcode.app/Contents/Developer/Platforms/MacOSX.platform/Developer/SDKs/MacOSX26.1.sdk/usr/include/sys/_types/_int8_t.h
/Applications/Xcode.app/Contents/Developer/Platforms/MacOSX.platform/Developer/SDKs/MacOSX26.1.sdk/usr/include/sys/_types/_int16_t.h
/Applications/Xcode.app/Contents/Developer/Platforms/MacOSX.platform/Developer/SDKs/MacOSX26.1.sdk/usr/include/sys/_types/_int32_t.h
/Applications/Xcode.app/Contents/Developer/Platforms/MacOSX.platform/Developer/SDKs/MacOSX26.1.sdk/usr/include/sys/_types/_int64_t.h
/Applications/Xcode.app/Contents/Developer/Platforms/MacOSX.platform/Developer/SDKs/MacOSX26.1.sdk/usr/include/sys/_types/_intptr_t.h
/Applications/Xcode.app/Contents/Developer/Platforms/MacOSX.platform/Developer/SDKs/MacOSX26.1.sdk/usr/include/machine/_types.h
/Applications/Xcode.app/Contents/Developer/Platforms/MacOSX.platform/Developer/SDKs/MacOSX26.1.sdk/usr/include/sys/_types/_uintptr_t.h
/Applications/Xcode.app/Contents/Developer/Platforms/MacOSX.platform/Developer/SDKs/MacOSX26.1.sdk/usr/include/sys/_types.h
/Applications/Xcode.app/Contents/Developer/Platforms/MacOSX.platform/Developer/SDKs/MacOSX26.1.sdk/usr/include/sys/_types/_null.h
/Applications/Xcode.app/Contents/Developer/Platforms/MacOSX.platform/Developer/SDKs/MacOSX26.1.sdk/usr/include/sys/_pthread/_pthread_types.h
/Applications/Xcode.app/Contents/Developer/Platforms/MacOSX.platform/Developer/SDKs/MacOSX26.1.sdk/usr/include/machine/endian.h
/Applications/Xcode.app/Contents/Developer/Platforms/MacOSX.platform/Developer/SDKs/MacOSX26.1.sdk/usr/include/arm/endian.h
/Applications/Xcode.app/Contents/Developer/Platforms/MacOSX.platform/Developer/SDKs/MacOSX26.1.sdk/usr/include/sys/_endian.h
/Applications/Xcode.app/Contents/Developer/Platforms/MacOSX.platform/Developer/SDKs/MacOSX26.1.sdk/usr/include/libkern/_OSByteOrder.h
/Applications/Xcode.app/Contents/Developer/Platforms/MacOSX.platform/Developer/SDKs/MacOSX26.1.sdk/usr/include/libkern/arm/_OSByteOrder.h
/Applications/Xcode.app/Contents/Developer/Platforms/MacOSX.platform/Developer/SDKs/MacOSX26.1.sdk/usr/include/sys/_types/_caddr_t.h
/Applications/Xcode.app/Contents/Developer/Platforms/MacOSX.platform/Developer/SDKs/MacOSX26.1.sdk/usr/include/sys/_types/_dev_t.h
/Applications/Xcode.app/Contents/Developer/Platforms/MacOSX.platform/Developer/SDKs/MacOSX26.1.sdk/usr/include/sys/_types/_blkcnt_t.h
/Applications/Xcode.app/Contents/Developer/Platforms/MacOSX.platform/Developer/SDKs/MacOSX26.1.sdk/usr/include/sys/_types/_blksize_t.h
/Applications/Xcode.app/Contents/Developer/Platforms/MacOSX.platform/Developer/SDKs/MacOSX26.1.sdk/usr/include/sys/_types/_gid_t.h
/Applications/Xcode.app/Contents/Developer/Platforms/MacOSX.platform/Developer/SDKs/MacOSX26.1.sdk/usr/include/sys/_types/_in_addr_t.h
/Applications/Xcode.app/Contents/Developer/Platforms/MacOSX.platform/Developer/SDKs/MacOSX26.1.sdk/usr/include/sys/_types/_in_port_t.h
/Applications/Xcode.app/Contents/Developer/Platforms/MacOSX.platform/Developer/SDKs/MacOSX26.1.sdk/usr/include/sys/_types/_ino_t.h
/Applications/Xcode.app/Contents/Developer/Platforms/MacOSX.platform/Developer/SDKs/MacOSX26.1.sdk/usr/include/sys/_types/_ino64_t.h
/Applications/Xcode.app/Contents/Developer/Platforms/MacOSX.platform/Developer/SDKs/MacOSX26.1.sdk/usr/include/sys/_types/_key_t.h
/Applications/Xcode.app/Contents/Developer/Platforms/MacOSX.platform/Developer/SDKs/MacOSX26.1.sdk/usr/include/sys/_types/_mode_t.h
/Applications/Xcode.app/Contents/Developer/Platforms/MacOSX.platform/Developer/SDKs/MacOSX26.1.sdk/usr/include/sys/_types/_nlink_t.h
/Applications/Xcode.app/Contents/Developer/Platforms/MacOSX.platform/Developer/SDKs/MacOSX26.1.sdk/usr/include/sys/_types/_id_t.h
/Applications/Xcode.app/Contents/Developer/Platforms/MacOSX.platform/Developer/SDKs/MacOSX26.1.sdk/usr/include/sys/_types/_pid_t.h
/Applications/Xcode.app/Contents/Developer/Platforms/MacOSX.platform/Developer/SDKs/MacOSX26.1.sdk/usr/include/sys/_types/_off_t.h
/Applications/Xcode.app/Contents/Developer/Platforms/MacOSX.platform/Developer/SDKs/MacOSX26.1.sdk/usr/include/sys/_types/_uid_t.h
/Applications/Xcode.app/Contents/Developer/Platforms/MacOSX.platform/Developer/SDKs/MacOSX26.1.sdk/usr/include/sys/_types/_clock_t.h
/Applications/Xcode.app/Contents/Developer/Platforms/MacOSX.platform/Developer/SDKs/MacOSX26.1.sdk/usr/include/sys/_types/_ssize_t.h
/Applications/Xcode.app/Contents/Developer/Platforms/MacOSX.platform/Developer/SDKs/MacOSX26.1.sdk/usr/include/sys/_types/_time_t.h
/Applications/Xcode.app/Contents/Developer/Platforms/MacOSX.platform/Developer/SDKs/MacOSX26.1.sdk/usr/include/sys/_types/_useconds_t.h
/Applications/Xcode.app/Contents/Developer/Platforms/MacOSX.platform/Developer/SDKs/MacOSX26.1.sdk/usr/include/sys/_types/_suseconds_t.h
/Applications/Xcode.app/Contents/Developer/Platforms/MacOSX.platform/Developer/SDKs/MacOSX26.1.sdk/usr/include/sys/_types/_rsize_t.h
/Applications/Xcode.app/Contents/Developer/Platforms/MacOSX.platform/Developer/SDKs/MacOSX26.1.sdk/usr/include/sys/_types/_fd_def.h
/Applications/Xcode.app/Contents/Developer/Platforms/MacOSX.platform/Developer/SDKs/MacOSX26.1.sdk/usr/include/sys/_types/_fd_setsize.h
/Applications/Xcode.app/Contents/Developer/Platforms/MacOSX.platform/Developer/SDKs/MacOSX26.1.sdk/usr/include/sys/_types/_fd_set.h
/Applications/Xcode.app/Contents/Developer/Platforms/MacOSX.platform/Developer/SDKs/MacOSX26.1.sdk/usr/include/sys/_types/_fd_clr.h
/Applications/Xcode.app/Contents/Developer/Platforms/MacOSX.platform/Developer/SDKs/MacOSX26.1.sdk/usr/include/sys/_types/_fd_zero.h
/Applications/Xcode.app/Contents/Developer/Platforms/MacOSX.platform/Developer/SDKs/MacOSX26.1.sdk/usr/include/sys/_types/_fd_isset.h
/Applications/Xcode.app/Contents/Developer/Platforms/MacOSX.platform/Developer/SDKs/MacOSX26.1.sdk/usr/include/sys/_types/_fd_copy.h
/Applications/Xcode.app/Contents/Developer/Platforms/MacOSX.platform/Developer/SDKs/MacOSX26.1.sdk/usr/include/sys/_pthread/_pthread_attr_t.h
/Applications/Xcode.app/Contents/Developer/Platforms/MacOSX.platform/Developer/SDKs/MacOSX26.1.sdk/usr/include/sys/_pthread/_pthread_cond_t.h
/Applications/Xcode.app/Contents/Developer/Platforms/MacOSX.platform/Developer/SDKs/MacOSX26.1.sdk/usr/include/sys/_pthread/_pthread_condattr_t.h
/Applications/Xcode.app/Contents/Developer/Platforms/MacOSX.platform/Developer/SDKs/MacOSX26.1.sdk/usr/include/sys/_pthread/_pthread_mutex_t.h
/Applications/Xcode.app/Contents/Developer/Platforms/MacOSX.platform/Developer/SDKs/MacOSX26.1.sdk/usr/include/sys/_pthread/_pthread_mutexattr_t.h
/Applications/Xcode.app/Contents/Developer/Platforms/MacOSX.platform/Developer/SDKs/MacOSX26.1.sdk/usr/include/sys/_pthread/_pthread_once_t.h
/Applications/Xcode.app/Contents/Developer/Platforms/MacOSX.platform/Developer/SDKs/MacOSX26.1.sdk/usr/include/sys/_pthread/_pthread_rwlock_t.h
/Applications/Xcode.app/Contents/Developer/Platforms/MacOSX.platform/Developer/SDKs/MacOSX26.1.sdk/usr/include/sys/_pthread/_pthread_rwlockattr_t.h
/Applications/Xcode.app/Contents/Developer/Platforms/MacOSX.platform/Developer/SDKs/MacOSX26.1.sdk/usr/include/sys/_pthread/_pthread_t.h
/Applications/Xcode.app/Contents/Developer/Platforms/MacOSX.platform/Developer/SDKs/MacOSX26.1.sdk/usr/include/sys/_pthread/_pthread_key_t.h
/Applications/Xcode.app/Contents/Developer/Platforms/MacOSX.platform/Developer/SDKs/MacOSX26.1.sdk/usr/include/sys/_types/_fsblkcnt_t.h
/Applications/Xcode.app/Contents/Developer/Platforms/MacOSX.platform/Developer/SDKs/MacOSX26.1.sdk/usr/include/sys/_types/_fsfilcnt_t.h
/Applications/Xcode.app/Contents/Developer/Platforms/MacOSX.platform/Developer/SDKs/MacOSX26.1.sdk/usr/include/_types.h
/Applications/Xcode.app/Contents/Developer/Platforms/MacOSX.platform/Developer/SDKs/MacOSX26.1.sdk/usr/include/_types/_nl_item.h
/Applications/Xcode.app/Contents/Developer/Platforms/MacOSX.platform/Developer/SDKs/MacOSX26.1.sdk/usr/include/runetype.h
/Applications/Xcode.app/Contents/Developer/Platforms/MacOSX.platform/Developer/SDKs/MacOSX26.1.sdk/usr/include/sys/_types/_ct_rune_t.h
/Applications/Xcode.app/Contents/Developer/Platforms/MacOSX.platform/Developer/SDKs/MacOSX26.1.sdk/usr/include/sys/_types/_rune_t.h
/Applications/Xcode.app/Contents/Developer/Platforms/MacOSX.platform/Developer/SDKs/MacOSX26.1.sdk/usr/include/sys/_types/_wint_t.h
/Applications/Xcode.app/Contents/Developer/Platforms/MacOSX.platform/Developer/SDKs/MacOSX26.1.sdk/usr/include/alloca.h
/Applications/Xcode.app/Contents/Developer/Platforms/MacOSX.platform/Developer/SDKs/MacOSX26.1.sdk/usr/include/i386/endian.h
/Applications/Xcode.app/Contents/Developer/Platforms/MacOSX.platform/Developer/SDKs/MacOSX26.1.sdk/usr/include/libkern/i386/_OSByteOrder.h
/Applications/Xcode.app/Contents/Developer/Platforms/MacOSX.platform/Developer/SDKs/MacOSX26.1.sdk/usr/include/secure/_common.h
/Applications/Xcode.app/Contents/Developer/Platforms/MacOSX.platform/Developer/SDKs/MacOSX26.1.sdk/usr/include/sys/_types/_mach_port_t.h
/Applications/Xcode.app/Contents/Developer/Platforms/MacOSX.platform/Developer/SDKs/MacOSX26.1.sdk/usr/include/sys/_types/_offsetof.h
/Applications/Xcode.app/Contents/Developer/Platforms/MacOSX.platform/Developer/SDKs/MacOSX26.1.sdk/usr/include/_strings.h
/Applications/Xcode.app/Contents/Developer/Platforms/MacOSX.platform/Developer/SDKs/MacOSX26.1.sdk/usr/include/secure/_strings.h
/Applications/Xcode.app/Contents/Developer/Platforms/MacOSX.platform/Developer/SDKs/MacOSX26.1.sdk/usr/include/sys/_types/_timeval.h
/Applications/Xcode.app/Contents/Developer/Platforms/MacOSX.platform/Developer/SDKs/MacOSX26.1.sdk/usr/include/sys/_types/_uuid_t.h
/Applications/Xcode.app/Contents/Developer/Platforms/MacOSX.platform/Developer/SDKs/MacOSX26.1.sdk/usr/include/i386/types.h
/Applications/Xcode.app/Contents/Developer/Platforms/MacOSX.platform/Developer/SDKs/MacOSX26.1.sdk/usr/include/i386/_types.h
/Applications/Xcode.app/Contents/Developer/Platforms/MacOSX.platform/Developer/SDKs/MacOSX26.1.sdk/usr/include/_ctype.h
/Applications/Xcode.app/Contents/Developer/Platforms/MacOSX.platform/Developer/SDKs/MacOSX26.1.sdk/usr/include/xlocale/_ctype.h
/Applications/Xcode.app/Contents/Developer/Platforms/MacOSX.platform/Developer/SDKs/MacOSX26.1.sdk/usr/include/locale.h
/Applications/Xcode.app/Contents/Developer/Platforms/MacOSX.platform/Developer/SDKs/MacOSX26.1.sdk/usr/include/_locale.h
/Applications/Xcode.app/Contents/Developer/Platforms/MacOSX.platform/Developer/SDKs/MacOSX26.1.sdk/usr/include/_locale_posix2008.h
/Applications/Xcode.app/Contents/Developer/Platforms/MacOSX.platform/Developer/SDKs/MacOSX26.1.sdk/usr/include/stdint.h
/Applications/Xcode.app/Contents/Developer/Platforms/MacOSX.platform/Developer/SDKs/MacOSX26.1.sdk/usr/include/_types/_uint8_t.h
/Applications/Xcode.app/Contents/Developer/Platforms/MacOSX.platform/Developer/SDKs/MacOSX26.1.sdk/usr/include/_types/_uint16_t.h
/Applications/Xcode.app/Contents/Developer/Platforms/MacOSX.platform/Developer/SDKs/MacOSX26.1.sdk/usr/include/_types/_uint32_t.h
/Applications/Xcode.app/Contents/Developer/Platforms/MacOSX.platform/Developer/SDKs/MacOSX26.1.sdk/usr/include/_types/_uint64_t.h
/Applications/Xcode.app/Contents/Developer/Platforms/MacOSX.platform/Developer/SDKs/MacOSX26.1.sdk/usr/include/_types/_intmax_t.h
/Applications/Xcode.app/Contents/Developer/Platforms/MacOSX.platform/Developer/SDKs/MacOSX26.1.sdk/usr/include/_types/_uintmax_t.h
/Applications/Xcode.app/Contents/Developer/Platforms/MacOSX.platform/Developer/SDKs/MacOSX26.1.sdk/usr/include/_stdio.h
/Applications/Xcode.app/Contents/Developer/Platforms/MacOSX.platform/Developer/SDKs/MacOSX26.1.sdk/usr/include/sys/stdio.h
/Applications/Xcode.app/Contents/Developer/Platforms/MacOSX.platform/Developer/SDKs/MacOSX26.1.sdk/usr/include/_printf.h
/Applications/Xcode.app/Contents/Developer/Platforms/MacOSX.platform/Developer/SDKs/MacOSX26.1.sdk/usr/include/sys/_types/_seek_set.h
/Applications/Xcode.app/Contents/Developer/Platforms/MacOSX.platform/Developer/SDKs/MacOSX26.1.sdk/usr/include/_ctermid.h
/Applications/Xcode.app/Contents/Developer/Platforms/MacOSX.platform/Developer/SDKs/MacOSX26.1.sdk/usr/include/secure/_stdio.h
/Applications/Xcode.app/Contents/Developer/Platforms/MacOSX.platform/Developer/SDKs/MacOSX26.1.sdk/usr/include/xlocale/_stdio.h
/Applications/Xcode.app/Contents/Developer/Platforms/MacOSX.platform/Developer/SDKs/MacOSX26.1.sdk/usr/include/_string.h
/Applications/Xcode.app/Contents/Developer/Platforms/MacOSX.platform/Developer/SDKs/MacOSX26.1.sdk/usr/include/secure/_string.h
/Applications/Xcode.app/Contents/Developer/Platforms/MacOSX.platform/Developer/SDKs/MacOSX26.1.sdk/usr/include/xlocale/_string.h
/Applications/Xcode.app/Contents/Developer/Platforms/MacOSX.platform/Developer/SDKs/MacOSX26.1.sdk/usr/include/tgmath.h
/Applications/Xcode.app/Contents/Developer/Platforms/MacOSX.platform/Developer/SDKs/MacOSX26.1.sdk/usr/include/_time.h
/Applications/Xcode.app/Contents/Developer/Platforms/MacOSX.platform/Developer/SDKs/MacOSX26.1.sdk/usr/include/sys/_types/_timespec.h
/Applications/Xcode.app/Contents/Developer/Platforms/MacOSX.platform/Developer/SDKs/MacOSX26.1.sdk/usr/include/xlocale/_time.h
/Applications/Xcode.app/Contents/Developer/Platforms/MacOSX.platform/Developer/SDKs/MacOSX26.1.sdk/SDKSettings.json
/Applications/Xcode.app/Contents/Developer/Platforms/MacOSX.platform/Developer/SDKs/MacOSX26.1.sdk/usr/include/DarwinFoundation2.modulemap
/Applications/Xcode.app/Contents/Developer/Platforms/MacOSX.platform/Developer/SDKs/MacOSX26.1.sdk/usr/include/DarwinFoundation3.modulemap
/Applications/Xcode.app/Contents/Developer/Platforms/MacOSX.platform/Developer/SDKs/MacOSX26.1.sdk/usr/include/DarwinFoundation1.modulemap
/Applications/Xcode.app/Contents/Developer/Platforms/MacOSX.platform/Developer/SDKs/MacOSX26.1.sdk/usr/include/pthread/pthread.h
/Applications/Xcode.app/Contents/Developer/Platforms/MacOSX.platform/Developer/SDKs/MacOSX26.1.sdk/usr/include/pthread/sched.h
/Applications/Xcode.app/Contents/Developer/Platforms/MacOSX.platform/Developer/SDKs/MacOSX26.1.sdk/usr/include/pthread/pthread_impl.h
/Applications/Xcode.app/Contents/Developer/Platforms/MacOSX.platform/Developer/SDKs/MacOSX26.1.sdk/usr/include/time.h
/Applications/Xcode.app/Contents/Developer/Platforms/MacOSX.platform/Developer/SDKs/MacOSX26.1.sdk/usr/include/pthread/qos.h
/Applications/Xcode.app/Contents/Developer/Platforms/MacOSX.platform/Developer/SDKs/MacOSX26.1.sdk/usr/include/sys/_types/_sigset_t.h
/Applications/Xcode.app/Contents/Developer/Platforms/MacOSX.platform/Developer/SDKs/MacOSX26.1.sdk/usr/include/sys/resource.h
/Applications/Xcode.app/Contents/Developer/Toolchains/XcodeDefault.xctoolchain/usr/lib/swift/clang/include/module.modulemap
/Applications/Xcode.app/Contents/Developer/Platforms/MacOSX.platform/Developer/SDKs/MacOSX26.1.sdk/usr/include/sys/select.h
/Applications/Xcode.app/Contents/Developer/Platforms/MacOSX.platform/Developer/SDKs/MacOSX26.1.sdk/usr/include/sys/_select.h
/Applications/Xcode.app/Contents/Developer/Platforms/MacOSX.platform/Developer/SDKs/MacOSX26.1.sdk/usr/include/sys/wait.h
/Applications/Xcode.app/Contents/Developer/Platforms/MacOSX.platform/Developer/SDKs/MacOSX26.1.sdk/usr/include/sys/signal.h
/Applications/Xcode.app/Contents/Developer/Platforms/MacOSX.platform/Developer/SDKs/MacOSX26.1.sdk/usr/include/machine/signal.h
/Applications/Xcode.app/Contents/Developer/Platforms/MacOSX.platform/Developer/SDKs/MacOSX26.1.sdk/usr/include/arm/signal.h
/Applications/Xcode.app/Contents/Developer/Platforms/MacOSX.platform/Developer/SDKs/MacOSX26.1.sdk/usr/include/machine/_mcontext.h
/Applications/Xcode.app/Contents/Developer/Platforms/MacOSX.platform/Developer/SDKs/MacOSX26.1.sdk/usr/include/arm/_mcontext.h
/Applications/Xcode.app/Contents/Developer/Platforms/MacOSX.platform/Developer/SDKs/MacOSX26.1.sdk/usr/include/mach/machine/_structs.h
/Applications/Xcode.app/Contents/Developer/Platforms/MacOSX.platform/Developer/SDKs/MacOSX26.1.sdk/usr/include/mach/arm/_structs.h
/Applications/Xcode.app/Contents/Developer/Platforms/MacOSX.platform/Developer/SDKs/MacOSX26.1.sdk/usr/include/sys/_types/_sigaltstack.h
/Applications/Xcode.app/Contents/Developer/Platforms/MacOSX.platform/Developer/SDKs/MacOSX26.1.sdk/usr/include/sys/_types/_ucontext.h
/Applications/Xcode.app/Contents/Developer/Platforms/MacOSX.platform/Developer/SDKs/MacOSX26.1.sdk/usr/include/unistd.h
/Applications/Xcode.app/Contents/Developer/Platforms/MacOSX.platform/Developer/SDKs/MacOSX26.1.sdk/usr/include/sys/unistd.h
/Applications/Xcode.app/Contents/Developer/Platforms/MacOSX.platform/Developer/SDKs/MacOSX26.1.sdk/usr/include/sys/_types/_posix_vdisable.h
/Applications/Xcode.app/Contents/Developer/Platforms/MacOSX.platform/Developer/SDKs/MacOSX26.1.sdk/usr/include/gethostuuid.h
/Applications/Xcode.app/Contents/Developer/Platforms/MacOSX.platform/Developer/SDKs/MacOSX26.1.sdk/usr/include/mach/i386/_structs.h
/Applications/Xcode.app/Contents/Developer/Platforms/MacOSX.platform/Developer/SDKs/MacOSX26.1.sdk/usr/include/_inttypes.h
/Applications/Xcode.app/Contents/Developer/Platforms/MacOSX.platform/Developer/SDKs/MacOSX26.1.sdk/usr/include/xlocale/_inttypes.h
/Applications/Xcode.app/Contents/Developer/Toolchains/XcodeDefault.xctoolchain/usr/lib/swift/clang/include/stddef.h
/Applications/Xcode.app/Contents/Developer/Platforms/MacOSX.platform/Developer/SDKs/MacOSX26.1.sdk/usr/include/signal.h
/Applications/Xcode.app/Contents/Developer/Platforms/MacOSX.platform/Developer/SDKs/MacOSX26.1.sdk/usr/include/i386/signal.h
/Applications/Xcode.app/Contents/Developer/Platforms/MacOSX.platform/Developer/SDKs/MacOSX26.1.sdk/usr/include/i386/_mcontext.h
/Applications/Xcode.app/Contents/Developer/Platforms/MacOSX.platform/Developer/SDKs/MacOSX26.1.sdk/usr/include/_stdlib.h
/Applications/Xcode.app/Contents/Developer/Platforms/MacOSX.platform/Developer/SDKs/MacOSX26.1.sdk/usr/include/malloc/_malloc.h
/Applications/Xcode.app/Contents/Developer/Platforms/MacOSX.platform/Developer/SDKs/MacOSX26.1.sdk/usr/include/malloc/_malloc_type.h
/Applications/Xcode.app/Contents/Developer/Platforms/MacOSX.platform/Developer/SDKs/MacOSX26.1.sdk/usr/include/malloc/_ptrcheck.h
/Applications/Xcode.app/Contents/Developer/Platforms/MacOSX.platform/Developer/SDKs/MacOSX26.1.sdk/usr/include/_abort.h
/Applications/Xcode.app/Contents/Developer/Platforms/MacOSX.platform/Developer/SDKs/MacOSX26.1.sdk/usr/include/xlocale/_stdlib.h
/Applications/Xcode.app/Contents/Developer/Platforms/MacOSX.platform/Developer/SDKs/MacOSX26.1.sdk/usr/include/_wchar.h
/Applications/Xcode.app/Contents/Developer/Platforms/MacOSX.platform/Developer/SDKs/MacOSX26.1.sdk/usr/include/sys/_types/_mbstate_t.h
/Applications/Xcode.app/Contents/Developer/Toolchains/XcodeDefault.xctoolchain/usr/lib/swift/clang/include/stdarg.h
/Applications/Xcode.app/Contents/Developer/Platforms/MacOSX.platform/Developer/SDKs/MacOSX26.1.sdk/usr/include/stdio.h
/Applications/Xcode.app/Contents/Developer/Platforms/MacOSX.platform/Developer/SDKs/MacOSX26.1.sdk/usr/include/__wctype.h
/Applications/Xcode.app/Contents/Developer/Platforms/MacOSX.platform/Developer/SDKs/MacOSX26.1.sdk/usr/include/___wctype.h
/Applications/Xcode.app/Contents/Developer/Platforms/MacOSX.platform/Developer/SDKs/MacOSX26.1.sdk/usr/include/_types/_wctype_t.h
/Applications/Xcode.app/Contents/Developer/Platforms/MacOSX.platform/Developer/SDKs/MacOSX26.1.sdk/usr/include/ctype.h
/Applications/Xcode.app/Contents/Developer/Platforms/MacOSX.platform/Developer/SDKs/MacOSX26.1.sdk/usr/include/xlocale/_wchar.h
/Applications/Xcode.app/Contents/Developer/Platforms/MacOSX.platform/Developer/SDKs/MacOSX26.1.sdk/usr/include/_wctype.h
/Applications/Xcode.app/Contents/Developer/Platforms/MacOSX.platform/Developer/SDKs/MacOSX26.1.sdk/usr/include/_types/_wctrans_t.h
/Applications/Xcode.app/Contents/Developer/Platforms/MacOSX.platform/Developer/SDKs/MacOSX26.1.sdk/usr/include/xlocale/_wctype.h
/Applications/Xcode.app/Contents/Developer/Platforms/MacOSX.platform/Developer/SDKs/MacOSX26.1.sdk/usr/include/xlocale/___wctype.h
/Applications/Xcode.app/Contents/Developer/Platforms/MacOSX.platform/Developer/SDKs/MacOSX26.1.sdk/SDKSettings.json
/Applications/Xcode.app/Contents/Developer/Toolchains/XcodeDefault.xctoolchain/usr/lib/swift/macosx/prebuilt-modules/26.1/_DarwinFoundation3.swiftmodule/arm64e-apple-macos.swiftmodule
/Applications/Xcode.app/Contents/Developer/Toolchains/XcodeDefault.xctoolchain/usr/lib/swift/macosx/prebuilt-modules/26.1/_StringProcessing.swiftmodule/arm64e-apple-macos.swiftmodule
/Applications/Xcode.app/Contents/Developer/Platforms/MacOSX.platform/Developer/SDKs/MacOSX26.1.sdk/usr/lib/swift/shims/module.modulemap
/Applications/Xcode.app/Contents/Developer/Platforms/MacOSX.platform/Developer/SDKs/MacOSX26.1.sdk/usr/lib/swift/shims/_SwiftConcurrency.h
/Applications/Xcode.app/Contents/Developer/Platforms/MacOSX.platform/Developer/SDKs/MacOSX26.1.sdk/SDKSettings.json
/Applications/Xcode.app/Contents/Developer/Platforms/MacOSX.platform/Developer/SDKs/MacOSX26.1.sdk/usr/include/launch.modulemap
/Applications/Xcode.app/Contents/Developer/Platforms/MacOSX.platform/Developer/SDKs/MacOSX26.1.sdk/usr/include/Darwin.modulemap
/Applications/Xcode.app/Contents/Developer/Platforms/MacOSX.platform/Developer/SDKs/MacOSX26.1.sdk/usr/include/Darwin_C.modulemap
/Applications/Xcode.app/Contents/Developer/Platforms/MacOSX.platform/Developer/SDKs/MacOSX26.1.sdk/usr/include/Darwin_POSIX.modulemap
/Applications/Xcode.app/Contents/Developer/Platforms/MacOSX.platform/Developer/SDKs/MacOSX26.1.sdk/usr/include/net.modulemap
/Applications/Xcode.app/Contents/Developer/Platforms/MacOSX.platform/Developer/SDKs/MacOSX26.1.sdk/usr/include/netinet.modulemap
/Applications/Xcode.app/Contents/Developer/Platforms/MacOSX.platform/Developer/SDKs/MacOSX26.1.sdk/usr/include/bank.modulemap
/Applications/Xcode.app/Contents/Developer/Platforms/MacOSX.platform/Developer/SDKs/MacOSX26.1.sdk/usr/include/Darwin_Mach.modulemap
/Applications/Xcode.app/Contents/Developer/Platforms/MacOSX.platform/Developer/SDKs/MacOSX26.1.sdk/usr/include/Darwin_Mach_machine.modulemap
/Applications/Xcode.app/Contents/Developer/Platforms/MacOSX.platform/Developer/SDKs/MacOSX26.1.sdk/usr/include/mach_debug.modulemap
/Applications/Xcode.app/Contents/Developer/Platforms/MacOSX.platform/Developer/SDKs/MacOSX26.1.sdk/usr/include/device.modulemap
/Applications/Xcode.app/Contents/Developer/Platforms/MacOSX.platform/Developer/SDKs/MacOSX26.1.sdk/usr/include/Darwin_machine.modulemap
/Applications/Xcode.app/Contents/Developer/Platforms/MacOSX.platform/Developer/SDKs/MacOSX26.1.sdk/usr/include/ncurses.modulemap
/Applications/Xcode.app/Contents/Developer/Platforms/MacOSX.platform/Developer/SDKs/MacOSX26.1.sdk/usr/include/netinet6.modulemap
/Applications/Xcode.app/Contents/Developer/Platforms/MacOSX.platform/Developer/SDKs/MacOSX26.1.sdk/usr/include/Darwin_sys.modulemap
/Applications/Xcode.app/Contents/Developer/Platforms/MacOSX.platform/Developer/SDKs/MacOSX26.1.sdk/usr/include/uuid.modulemap
/Applications/Xcode.app/Contents/Developer/Platforms/MacOSX.platform/Developer/SDKs/MacOSX26.1.sdk/usr/include/DarwinFoundation1.modulemap
/Applications/Xcode.app/Contents/Developer/Platforms/MacOSX.platform/Developer/SDKs/MacOSX26.1.sdk/usr/include/launch.h
/Applications/Xcode.app/Contents/Developer/Toolchains/XcodeDefault.xctoolchain/usr/lib/swift/clang/include/module.modulemap
/Applications/Xcode.app/Contents/Developer/Toolchains/XcodeDefault.xctoolchain/usr/lib/swift/clang/include/stddef.h
/Applications/Xcode.app/Contents/Developer/Platforms/MacOSX.platform/Developer/SDKs/MacOSX26.1.sdk/SDKSettings.json
/Applications/Xcode.app/Contents/Developer/Platforms/MacOSX.platform/Developer/SDKs/MacOSX26.1.sdk/usr/include/libDER/module.modulemap
/Applications/Xcode.app/Contents/Developer/Platforms/MacOSX.platform/Developer/SDKs/MacOSX26.1.sdk/usr/include/libDER/DERItem.h
/Applications/Xcode.app/Contents/Developer/Platforms/MacOSX.platform/Developer/SDKs/MacOSX26.1.sdk/usr/include/libDER/libDER_config.h
/Applications/Xcode.app/Contents/Developer/Toolchains/XcodeDefault.xctoolchain/usr/lib/swift/clang/include/module.modulemap
/Applications/Xcode.app/Contents/Developer/Toolchains/XcodeDefault.xctoolchain/usr/lib/swift/clang/include/stddef.h
/Applications/Xcode.app/Contents/Developer/Platforms/MacOSX.platform/Developer/SDKs/MacOSX26.1.sdk/usr/include/DarwinFoundation2.modulemap
/Applications/Xcode.app/Contents/Developer/Platforms/MacOSX.platform/Developer/SDKs/MacOSX26.1.sdk/usr/include/DarwinFoundation1.modulemap
/Applications/Xcode.app/Contents/Developer/Platforms/MacOSX.platform/Developer/SDKs/MacOSX26.1.sdk/usr/include/string.h
/Applications/Xcode.app/Contents/Developer/Platforms/MacOSX.platform/Developer/SDKs/MacOSX26.1.sdk/SDKSettings.json
/Applications/Xcode.app/Contents/Developer/Platforms/MacOSX.platform/Developer/SDKs/MacOSX26.1.sdk/usr/include/libkern.modulemap
/Applications/Xcode.app/Contents/Developer/Platforms/MacOSX.platform/Developer/SDKs/MacOSX26.1.sdk/usr/include/Darwin.modulemap
/Applications/Xcode.app/Contents/Developer/Platforms/MacOSX.platform/Developer/SDKs/MacOSX26.1.sdk/usr/include/Darwin_C.modulemap
/Applications/Xcode.app/Contents/Developer/Platforms/MacOSX.platform/Developer/SDKs/MacOSX26.1.sdk/usr/include/Darwin_POSIX.modulemap
/Applications/Xcode.app/Contents/Developer/Platforms/MacOSX.platform/Developer/SDKs/MacOSX26.1.sdk/usr/include/net.modulemap
/Applications/Xcode.app/Contents/Developer/Platforms/MacOSX.platform/Developer/SDKs/MacOSX26.1.sdk/usr/include/netinet.modulemap
/Applications/Xcode.app/Contents/Developer/Platforms/MacOSX.platform/Developer/SDKs/MacOSX26.1.sdk/usr/include/bank.modulemap
/Applications/Xcode.app/Contents/Developer/Platforms/MacOSX.platform/Developer/SDKs/MacOSX26.1.sdk/usr/include/Darwin_Mach.modulemap
/Applications/Xcode.app/Contents/Developer/Platforms/MacOSX.platform/Developer/SDKs/MacOSX26.1.sdk/usr/include/Darwin_Mach_machine.modulemap
/Applications/Xcode.app/Contents/Developer/Platforms/MacOSX.platform/Developer/SDKs/MacOSX26.1.sdk/usr/include/mach_debug.modulemap
/Applications/Xcode.app/Contents/Developer/Platforms/MacOSX.platform/Developer/SDKs/MacOSX26.1.sdk/usr/include/device.modulemap
/Applications/Xcode.app/Contents/Developer/Platforms/MacOSX.platform/Developer/SDKs/MacOSX26.1.sdk/usr/include/Darwin_machine.modulemap
/Applications/Xcode.app/Contents/Developer/Platforms/MacOSX.platform/Developer/SDKs/MacOSX26.1.sdk/usr/include/ncurses.modulemap
/Applications/Xcode.app/Contents/Developer/Platforms/MacOSX.platform/Developer/SDKs/MacOSX26.1.sdk/usr/include/netinet6.modulemap
/Applications/Xcode.app/Contents/Developer/Platforms/MacOSX.platform/Developer/SDKs/MacOSX26.1.sdk/usr/include/Darwin_sys.modulemap
/Applications/Xcode.app/Contents/Developer/Platforms/MacOSX.platform/Developer/SDKs/MacOSX26.1.sdk/usr/include/uuid.modulemap
/Applications/Xcode.app/Contents/Developer/Platforms/MacOSX.platform/Developer/SDKs/MacOSX26.1.sdk/usr/include/DarwinFoundation1.modulemap
/Applications/Xcode.app/Contents/Developer/Platforms/MacOSX.platform/Developer/SDKs/MacOSX26.1.sdk/usr/include/libkern/OSCacheControl.h
/Applications/Xcode.app/Contents/Developer/Toolchains/XcodeDefault.xctoolchain/usr/lib/swift/clang/include/module.modulemap
/Applications/Xcode.app/Contents/Developer/Toolchains/XcodeDefault.xctoolchain/usr/lib/swift/clang/include/stddef.h
/Applications/Xcode.app/Contents/Developer/Platforms/MacOSX.platform/Developer/SDKs/MacOSX26.1.sdk/usr/include/libkern/OSDebug.h
/Applications/Xcode.app/Contents/Developer/Platforms/MacOSX.platform/Developer/SDKs/MacOSX26.1.sdk/usr/include/libkern/OSReturn.h
/Applications/Xcode.app/Contents/Developer/Platforms/MacOSX.platform/Developer/SDKs/MacOSX26.1.sdk/usr/include/libkern/OSThermalNotification.h
/Applications/Xcode.app/Contents/Developer/Platforms/MacOSX.platform/Developer/SDKs/MacOSX26.1.sdk/usr/include/libkern/OSTypes.h
/Applications/Xcode.app/Contents/Developer/Platforms/MacOSX.platform/Developer/SDKs/MacOSX26.1.sdk/usr/include/libkern/OSKextLib.h
/Applications/Xcode.app/Contents/Developer/Platforms/MacOSX.platform/Developer/SDKs/MacOSX26.1.sdk/SDKSettings.json
/Applications/Xcode.app/Contents/Developer/Platforms/MacOSX.platform/Developer/SDKs/MacOSX26.1.sdk/usr/include/os.modulemap
/Applications/Xcode.app/Contents/Developer/Platforms/MacOSX.platform/Developer/SDKs/MacOSX26.1.sdk/usr/include/ObjectiveC.modulemap
/Applications/Xcode.app/Contents/Developer/Platforms/MacOSX.platform/Developer/SDKs/MacOSX26.1.sdk/usr/include/Darwin.modulemap
/Applications/Xcode.app/Contents/Developer/Platforms/MacOSX.platform/Developer/SDKs/MacOSX26.1.sdk/usr/include/Darwin_C.modulemap
/Applications/Xcode.app/Contents/Developer/Platforms/MacOSX.platform/Developer/SDKs/MacOSX26.1.sdk/usr/include/Darwin_POSIX.modulemap
/Applications/Xcode.app/Contents/Developer/Platforms/MacOSX.platform/Developer/SDKs/MacOSX26.1.sdk/usr/include/net.modulemap
/Applications/Xcode.app/Contents/Developer/Platforms/MacOSX.platform/Developer/SDKs/MacOSX26.1.sdk/usr/include/netinet.modulemap
/Applications/Xcode.app/Contents/Developer/Platforms/MacOSX.platform/Developer/SDKs/MacOSX26.1.sdk/usr/include/bank.modulemap
/Applications/Xcode.app/Contents/Developer/Platforms/MacOSX.platform/Developer/SDKs/MacOSX26.1.sdk/usr/include/Darwin_Mach.modulemap
/Applications/Xcode.app/Contents/Developer/Platforms/MacOSX.platform/Developer/SDKs/MacOSX26.1.sdk/usr/include/Darwin_Mach_machine.modulemap
/Applications/Xcode.app/Contents/Developer/Platforms/MacOSX.platform/Developer/SDKs/MacOSX26.1.sdk/usr/include/mach_debug.modulemap
/Applications/Xcode.app/Contents/Developer/Platforms/MacOSX.platform/Developer/SDKs/MacOSX26.1.sdk/usr/include/device.modulemap
/Applications/Xcode.app/Contents/Developer/Platforms/MacOSX.platform/Developer/SDKs/MacOSX26.1.sdk/usr/include/Darwin_machine.modulemap
/Applications/Xcode.app/Contents/Developer/Platforms/MacOSX.platform/Developer/SDKs/MacOSX26.1.sdk/usr/include/ncurses.modulemap
/Applications/Xcode.app/Contents/Developer/Platforms/MacOSX.platform/Developer/SDKs/MacOSX26.1.sdk/usr/include/netinet6.modulemap
/Applications/Xcode.app/Contents/Developer/Platforms/MacOSX.platform/Developer/SDKs/MacOSX26.1.sdk/usr/include/Darwin_sys.modulemap
/Applications/Xcode.app/Contents/Developer/Platforms/MacOSX.platform/Developer/SDKs/MacOSX26.1.sdk/usr/include/uuid.modulemap
/Applications/Xcode.app/Contents/Developer/Platforms/MacOSX.platform/Developer/SDKs/MacOSX26.1.sdk/usr/include/DarwinFoundation1.modulemap
/Applications/Xcode.app/Contents/Developer/Platforms/MacOSX.platform/Developer/SDKs/MacOSX26.1.sdk/usr/include/os/object.h
/Applications/Xcode.app/Contents/Developer/Platforms/MacOSX.platform/Developer/SDKs/MacOSX26.1.sdk/SDKSettings.json
/Applications/Xcode.app/Contents/Developer/Platforms/MacOSX.platform/Developer/SDKs/MacOSX26.1.sdk/usr/include/os.modulemap
/Applications/Xcode.app/Contents/Developer/Platforms/MacOSX.platform/Developer/SDKs/MacOSX26.1.sdk/usr/include/Darwin.modulemap
/Applications/Xcode.app/Contents/Developer/Platforms/MacOSX.platform/Developer/SDKs/MacOSX26.1.sdk/usr/include/Darwin_C.modulemap
/Applications/Xcode.app/Contents/Developer/Platforms/MacOSX.platform/Developer/SDKs/MacOSX26.1.sdk/usr/include/Darwin_POSIX.modulemap
/Applications/Xcode.app/Contents/Developer/Platforms/MacOSX.platform/Developer/SDKs/MacOSX26.1.sdk/usr/include/net.modulemap
/Applications/Xcode.app/Contents/Developer/Platforms/MacOSX.platform/Developer/SDKs/MacOSX26.1.sdk/usr/include/netinet.modulemap
/Applications/Xcode.app/Contents/Developer/Platforms/MacOSX.platform/Developer/SDKs/MacOSX26.1.sdk/usr/include/bank.modulemap
/Applications/Xcode.app/Contents/Developer/Platforms/MacOSX.platform/Developer/SDKs/MacOSX26.1.sdk/usr/include/Darwin_Mach.modulemap
/Applications/Xcode.app/Contents/Developer/Platforms/MacOSX.platform/Developer/SDKs/MacOSX26.1.sdk/usr/include/Darwin_Mach_machine.modulemap
/Applications/Xcode.app/Contents/Developer/Platforms/MacOSX.platform/Developer/SDKs/MacOSX26.1.sdk/usr/include/mach_debug.modulemap
/Applications/Xcode.app/Contents/Developer/Platforms/MacOSX.platform/Developer/SDKs/MacOSX26.1.sdk/usr/include/device.modulemap
/Applications/Xcode.app/Contents/Developer/Platforms/MacOSX.platform/Developer/SDKs/MacOSX26.1.sdk/usr/include/Darwin_machine.modulemap
/Applications/Xcode.app/Contents/Developer/Platforms/MacOSX.platform/Developer/SDKs/MacOSX26.1.sdk/usr/include/ncurses.modulemap
/Applications/Xcode.app/Contents/Developer/Platforms/MacOSX.platform/Developer/SDKs/MacOSX26.1.sdk/usr/include/netinet6.modulemap
/Applications/Xcode.app/Contents/Developer/Platforms/MacOSX.platform/Developer/SDKs/MacOSX26.1.sdk/usr/include/Darwin_sys.modulemap
/Applications/Xcode.app/Contents/Developer/Platforms/MacOSX.platform/Developer/SDKs/MacOSX26.1.sdk/usr/include/uuid.modulemap
/Applications/Xcode.app/Contents/Developer/Platforms/MacOSX.platform/Developer/SDKs/MacOSX26.1.sdk/usr/include/DarwinFoundation2.modulemap
/Applications/Xcode.app/Contents/Developer/Platforms/MacOSX.platform/Developer/SDKs/MacOSX26.1.sdk/usr/include/DarwinFoundation3.modulemap
/Applications/Xcode.app/Contents/Developer/Platforms/MacOSX.platform/Developer/SDKs/MacOSX26.1.sdk/usr/include/DarwinFoundation1.modulemap
/Applications/Xcode.app/Contents/Developer/Platforms/MacOSX.platform/Developer/SDKs/MacOSX26.1.sdk/usr/include/os/workgroup.h
/Applications/Xcode.app/Contents/Developer/Platforms/MacOSX.platform/Developer/SDKs/MacOSX26.1.sdk/usr/include/os/workgroup_base.h
/Applications/Xcode.app/Contents/Developer/Toolchains/XcodeDefault.xctoolchain/usr/lib/swift/clang/include/module.modulemap
/Applications/Xcode.app/Contents/Developer/Toolchains/XcodeDefault.xctoolchain/usr/lib/swift/clang/include/stddef.h
/Applications/Xcode.app/Contents/Developer/Platforms/MacOSX.platform/Developer/SDKs/MacOSX26.1.sdk/usr/include/string.h
/Applications/Xcode.app/Contents/Developer/Platforms/MacOSX.platform/Developer/SDKs/MacOSX26.1.sdk/usr/include/stdlib.h
/Applications/Xcode.app/Contents/Developer/Platforms/MacOSX.platform/Developer/SDKs/MacOSX26.1.sdk/usr/include/os/workgroup_object.h
/Applications/Xcode.app/Contents/Developer/Platforms/MacOSX.platform/Developer/SDKs/MacOSX26.1.sdk/usr/include/os/workgroup_interval.h
/Applications/Xcode.app/Contents/Developer/Platforms/MacOSX.platform/Developer/SDKs/MacOSX26.1.sdk/usr/include/os/workgroup_parallel.h
/Applications/Xcode.app/Contents/Developer/Platforms/MacOSX.platform/Developer/SDKs/MacOSX26.1.sdk/SDKSettings.json
/Applications/Xcode.app/Contents/Developer/Toolchains/XcodeDefault.xctoolchain/usr/lib/swift/clang/include/module.modulemap
/Applications/Xcode.app/Contents/Developer/Toolchains/XcodeDefault.xctoolchain/usr/lib/swift/clang/include/ptrauth.h
/Applications/Xcode.app/Contents/Developer/Platforms/MacOSX.platform/Developer/SDKs/MacOSX26.1.sdk/SDKSettings.json
/Applications/Xcode.app/Contents/Developer/Toolchains/XcodeDefault.xctoolchain/usr/lib/swift/clang/include/module.modulemap
/Applications/Xcode.app/Contents/Developer/Toolchains/XcodeDefault.xctoolchain/usr/lib/swift/clang/include/ptrcheck.h
/Applications/Xcode.app/Contents/Developer/Platforms/MacOSX.platform/Developer/SDKs/MacOSX26.1.sdk/SDKSettings.json
/Applications/Xcode.app/Contents/Developer/Platforms/MacOSX.platform/Developer/SDKs/MacOSX26.1.sdk/usr/include/DarwinFoundation2.modulemap
/Applications/Xcode.app/Contents/Developer/Platforms/MacOSX.platform/Developer/SDKs/MacOSX26.1.sdk/usr/include/_modules/_sys_types.h
/Applications/Xcode.app/Contents/Developer/Platforms/MacOSX.platform/Developer/SDKs/MacOSX26.1.sdk/SDKSettings.json

SwiftCompile normal arm64 Compiling\ DecimalMath.swift /Users/rogerlin/Library/Developer/Xcode/DerivedData/FinancialCalculatorKit-ackorybalcxbfocbkqsfdzcfkgmn/SourcePackages/checkouts/BigDecimal/Sources/BigDecimal/DecimalMath/DecimalMath.swift (in target 'BigDecimal' from project 'BigDecimal')
/Applications/Xcode.app/Contents/Developer/Toolchains/XcodeDefault.xctoolchain/usr/bin/swift-frontend -frontend -c /Users/rogerlin/Library/Developer/Xcode/DerivedData/FinancialCalculatorKit-ackorybalcxbfocbkqsfdzcfkgmn/SourcePackages/checkouts/BigDecimal/Sources/BigDecimal/BigDecimal.swift /Users/rogerlin/Library/Developer/Xcode/DerivedData/FinancialCalculatorKit-ackorybalcxbfocbkqsfdzcfkgmn/SourcePackages/checkouts/BigDecimal/Sources/BigDecimal/CBDecimal.swift /Users/rogerlin/Library/Developer/Xcode/DerivedData/FinancialCalculatorKit-ackorybalcxbfocbkqsfdzcfkgmn/SourcePackages/checkouts/BigDecimal/Sources/BigDecimal/Decimal.swift /Users/rogerlin/Library/Developer/Xcode/DerivedData/FinancialCalculatorKit-ackorybalcxbfocbkqsfdzcfkgmn/SourcePackages/checkouts/BigDecimal/Sources/BigDecimal/Decimal128.swift /Users/rogerlin/Library/Developer/Xcode/DerivedData/FinancialCalculatorKit-ackorybalcxbfocbkqsfdzcfkgmn/SourcePackages/checkouts/BigDecimal/Sources/BigDecimal/Decimal32.swift /Users/rogerlin/Library/Developer/Xcode/DerivedData/FinancialCalculatorKit-ackorybalcxbfocbkqsfdzcfkgmn/SourcePackages/checkouts/BigDecimal/Sources/BigDecimal/Decimal64.swift /Users/rogerlin/Library/Developer/Xcode/DerivedData/FinancialCalculatorKit-ackorybalcxbfocbkqsfdzcfkgmn/SourcePackages/checkouts/BigDecimal/Sources/BigDecimal/DecimalMath/AsinCalculator.swift /Users/rogerlin/Library/Developer/Xcode/DerivedData/FinancialCalculatorKit-ackorybalcxbfocbkqsfdzcfkgmn/SourcePackages/checkouts/BigDecimal/Sources/BigDecimal/DecimalMath/CosCalculator.swift /Users/rogerlin/Library/Developer/Xcode/DerivedData/FinancialCalculatorKit-ackorybalcxbfocbkqsfdzcfkgmn/SourcePackages/checkouts/BigDecimal/Sources/BigDecimal/DecimalMath/CoshCalculator.swift /Users/rogerlin/Library/Developer/Xcode/DerivedData/FinancialCalculatorKit-ackorybalcxbfocbkqsfdzcfkgmn/SourcePackages/checkouts/BigDecimal/Sources/BigDecimal/DecimalMath/DecimalMath-Simple.swift -primary-file /Users/rogerlin/Library/Developer/Xcode/DerivedData/FinancialCalculatorKit-ackorybalcxbfocbkqsfdzcfkgmn/SourcePackages/checkouts/BigDecimal/Sources/BigDecimal/DecimalMath/DecimalMath.swift /Users/rogerlin/Library/Developer/Xcode/DerivedData/FinancialCalculatorKit-ackorybalcxbfocbkqsfdzcfkgmn/SourcePackages/checkouts/BigDecimal/Sources/BigDecimal/DecimalMath/ExponentCalculator.swift /Users/rogerlin/Library/Developer/Xcode/DerivedData/FinancialCalculatorKit-ackorybalcxbfocbkqsfdzcfkgmn/SourcePackages/checkouts/BigDecimal/Sources/BigDecimal/DecimalMath/SeriesCalculator.swift /Users/rogerlin/Library/Developer/Xcode/DerivedData/FinancialCalculatorKit-ackorybalcxbfocbkqsfdzcfkgmn/SourcePackages/checkouts/BigDecimal/Sources/BigDecimal/DecimalMath/SinCalculator.swift /Users/rogerlin/Library/Developer/Xcode/DerivedData/FinancialCalculatorKit-ackorybalcxbfocbkqsfdzcfkgmn/SourcePackages/checkouts/BigDecimal/Sources/BigDecimal/DecimalMath/SinhCalculator.swift /Users/rogerlin/Library/Developer/Xcode/DerivedData/FinancialCalculatorKit-ackorybalcxbfocbkqsfdzcfkgmn/SourcePackages/checkouts/BigDecimal/Sources/BigDecimal/Support/DecimalFloatingPoint.swift /Users/rogerlin/Library/Developer/Xcode/DerivedData/FinancialCalculatorKit-ackorybalcxbfocbkqsfdzcfkgmn/SourcePackages/checkouts/BigDecimal/Sources/BigDecimal/Support/DecimalLogic.swift /Users/rogerlin/Library/Developer/Xcode/DerivedData/FinancialCalculatorKit-ackorybalcxbfocbkqsfdzcfkgmn/SourcePackages/checkouts/BigDecimal/Sources/BigDecimal/Support/Extensions.swift /Users/rogerlin/Library/Developer/Xcode/DerivedData/FinancialCalculatorKit-ackorybalcxbfocbkqsfdzcfkgmn/SourcePackages/checkouts/BigDecimal/Sources/BigDecimal/Support/Rounding.swift -emit-dependencies-path /Users/rogerlin/Library/Developer/Xcode/DerivedData/FinancialCalculatorKit-ackorybalcxbfocbkqsfdzcfkgmn/Build/Intermediates.noindex/BigDecimal.build/Debug/BigDecimal.build/Objects-normal/arm64/DecimalMath.d -emit-const-values-path /Users/rogerlin/Library/Developer/Xcode/DerivedData/FinancialCalculatorKit-ackorybalcxbfocbkqsfdzcfkgmn/Build/Intermediates.noindex/BigDecimal.build/Debug/BigDecimal.build/Objects-normal/arm64/DecimalMath.swiftconstvalues -emit-reference-dependencies-path /Users/rogerlin/Library/Developer/Xcode/DerivedData/FinancialCalculatorKit-ackorybalcxbfocbkqsfdzcfkgmn/Build/Intermediates.noindex/BigDecimal.build/Debug/BigDecimal.build/Objects-normal/arm64/DecimalMath.swiftdeps -serialize-diagnostics-path /Users/rogerlin/Library/Developer/Xcode/DerivedData/FinancialCalculatorKit-ackorybalcxbfocbkqsfdzcfkgmn/Build/Intermediates.noindex/BigDecimal.build/Debug/BigDecimal.build/Objects-normal/arm64/DecimalMath.dia -target arm64-apple-macos13.3 -load-resolved-plugin /Applications/Xcode.app/Contents/Developer/Platforms/MacOSX.platform/Developer/usr/lib/swift/host/plugins/libFoundationMacros.dylib\#/Applications/Xcode.app/Contents/Developer/Platforms/MacOSX.platform/Developer/usr/bin/swift-plugin-server\#FoundationMacros -load-resolved-plugin /Applications/Xcode.app/Contents/Developer/Platforms/MacOSX.platform/Developer/usr/lib/swift/host/plugins/libObservationMacros.dylib\#/Applications/Xcode.app/Contents/Developer/Platforms/MacOSX.platform/Developer/usr/bin/swift-plugin-server\#ObservationMacros -load-resolved-plugin /Applications/Xcode.app/Contents/Developer/Platforms/MacOSX.platform/Developer/usr/lib/swift/host/plugins/libSwiftMacros.dylib\#/Applications/Xcode.app/Contents/Developer/Platforms/MacOSX.platform/Developer/usr/bin/swift-plugin-server\#SwiftMacros -disable-implicit-swift-modules -Xcc -fno-implicit-modules -Xcc -fno-implicit-module-maps -explicit-swift-module-map-file /Users/rogerlin/Library/Developer/Xcode/DerivedData/FinancialCalculatorKit-ackorybalcxbfocbkqsfdzcfkgmn/Build/Intermediates.noindex/BigDecimal.build/Debug/BigDecimal.build/Objects-normal/arm64/BigDecimal-dependencies-1.json -Xllvm -aarch64-use-tbi -enable-objc-interop -stack-check -sdk /Applications/Xcode.app/Contents/Developer/Platforms/MacOSX.platform/Developer/SDKs/MacOSX26.1.sdk -I /Users/rogerlin/Library/Developer/Xcode/DerivedData/FinancialCalculatorKit-ackorybalcxbfocbkqsfdzcfkgmn/Build/Products/Debug -Isystem /Applications/Xcode.app/Contents/Developer/Platforms/MacOSX.platform/Developer/usr/lib -F /Users/rogerlin/Library/Developer/Xcode/DerivedData/FinancialCalculatorKit-ackorybalcxbfocbkqsfdzcfkgmn/Build/Products/Debug/PackageFrameworks -F /Users/rogerlin/Library/Developer/Xcode/DerivedData/FinancialCalculatorKit-ackorybalcxbfocbkqsfdzcfkgmn/Build/Products/Debug/PackageFrameworks -F /Users/rogerlin/Library/Developer/Xcode/DerivedData/FinancialCalculatorKit-ackorybalcxbfocbkqsfdzcfkgmn/Build/Products/Debug/PackageFrameworks -F /Users/rogerlin/Library/Developer/Xcode/DerivedData/FinancialCalculatorKit-ackorybalcxbfocbkqsfdzcfkgmn/Build/Products/Debug/PackageFrameworks -F /Users/rogerlin/Library/Developer/Xcode/DerivedData/FinancialCalculatorKit-ackorybalcxbfocbkqsfdzcfkgmn/Build/Products/Debug/PackageFrameworks -F /Users/rogerlin/Library/Developer/Xcode/DerivedData/FinancialCalculatorKit-ackorybalcxbfocbkqsfdzcfkgmn/Build/Products/Debug/PackageFrameworks -F /Users/rogerlin/Library/Developer/Xcode/DerivedData/FinancialCalculatorKit-ackorybalcxbfocbkqsfdzcfkgmn/Build/Products/Debug -F /Applications/Xcode.app/Contents/Developer/Platforms/MacOSX.platform/Developer/Library/Frameworks -no-color-diagnostics -Xcc -fno-color-diagnostics -enable-testing -g -debug-info-format\=dwarf -dwarf-version\=4 -module-cache-path /Users/rogerlin/Library/Developer/Xcode/DerivedData/FinancialCalculatorKit-ackorybalcxbfocbkqsfdzcfkgmn/Build/Intermediates.noindex/SwiftExplicitPrecompiledModules -suppress-warnings -profile-generate -profile-coverage-mapping -swift-version 5 -enforce-exclusivity\=checked -Onone -D SWIFT_PACKAGE -D DEBUG -D SWIFT_MODULE_RESOURCE_BUNDLE_UNAVAILABLE -D Xcode -serialize-debugging-options -const-gather-protocols-file /Users/rogerlin/Library/Developer/Xcode/DerivedData/FinancialCalculatorKit-ackorybalcxbfocbkqsfdzcfkgmn/Build/Intermediates.noindex/BigDecimal.build/Debug/BigDecimal.build/Objects-normal/arm64/BigDecimal_const_extract_protocols.json -enable-experimental-feature DebugDescriptionMacro -empty-abi-descriptor -validate-clang-modules-once -clang-build-session-file /Users/rogerlin/Library/Developer/Xcode/DerivedData/ModuleCache.noindex/Session.modulevalidation -Xcc -working-directory -Xcc /Users/rogerlin/XCode-Projects/FinancialCalculatorKit-5.0-updated-accent-colors/FinancialCalculatorKit.xcodeproj -enable-anonymous-context-mangled-names -file-compilation-dir /Users/rogerlin/XCode-Projects/FinancialCalculatorKit-5.0-updated-accent-colors/FinancialCalculatorKit.xcodeproj -Xcc -D_LIBCPP_HARDENING_MODE\=_LIBCPP_HARDENING_MODE_DEBUG -Xcc -ivfsstatcache -Xcc /Users/rogerlin/Library/Developer/Xcode/DerivedData/SDKStatCaches.noindex/macosx26.1-25B74-3ae1261907bdadc328169391a47051a6.sdkstatcache -Xcc -I/Users/rogerlin/Library/Developer/Xcode/DerivedData/FinancialCalculatorKit-ackorybalcxbfocbkqsfdzcfkgmn/Build/Intermediates.noindex/BigDecimal.build/Debug/BigDecimal.build/swift-overrides.hmap -Xcc -I/Users/rogerlin/Library/Developer/Xcode/DerivedData/FinancialCalculatorKit-ackorybalcxbfocbkqsfdzcfkgmn/SourcePackages/checkouts/swift-numerics/Sources/_NumericsShims/include -Xcc -I/Users/rogerlin/Library/Developer/Xcode/DerivedData/FinancialCalculatorKit-ackorybalcxbfocbkqsfdzcfkgmn/Build/Products/Debug/include -Xcc -I/Users/rogerlin/Library/Developer/Xcode/DerivedData/FinancialCalculatorKit-ackorybalcxbfocbkqsfdzcfkgmn/Build/Intermediates.noindex/BigDecimal.build/Debug/BigDecimal.build/DerivedSources-normal/arm64 -Xcc -I/Users/rogerlin/Library/Developer/Xcode/DerivedData/FinancialCalculatorKit-ackorybalcxbfocbkqsfdzcfkgmn/Build/Intermediates.noindex/BigDecimal.build/Debug/BigDecimal.build/DerivedSources/arm64 -Xcc -I/Users/rogerlin/Library/Developer/Xcode/DerivedData/FinancialCalculatorKit-ackorybalcxbfocbkqsfdzcfkgmn/Build/Intermediates.noindex/BigDecimal.build/Debug/BigDecimal.build/DerivedSources -Xcc -DSWIFT_PACKAGE -Xcc -DDEBUG\=1 -no-auto-bridging-header-chaining -module-name BigDecimal -package-name bigdecimal -frontend-parseable-output -disable-clang-spi -target-sdk-version 26.1 -target-sdk-name macosx26.1 -clang-target arm64-apple-macos26.1 -in-process-plugin-server-path /Applications/Xcode.app/Contents/Developer/Toolchains/XcodeDefault.xctoolchain/usr/lib/swift/host/libSwiftInProcPluginServer.dylib -o /Users/rogerlin/Library/Developer/Xcode/DerivedData/FinancialCalculatorKit-ackorybalcxbfocbkqsfdzcfkgmn/Build/Intermediates.noindex/BigDecimal.build/Debug/BigDecimal.build/Objects-normal/arm64/DecimalMath.o -index-unit-output-path /BigDecimal.build/Debug/BigDecimal.build/Objects-normal/arm64/DecimalMath.o -index-store-path /Users/rogerlin/Library/Developer/Xcode/DerivedData/FinancialCalculatorKit-ackorybalcxbfocbkqsfdzcfkgmn/Index.noindex/DataStore -index-system-modules

SwiftCompile normal arm64 /Users/rogerlin/Library/Developer/Xcode/DerivedData/FinancialCalculatorKit-ackorybalcxbfocbkqsfdzcfkgmn/SourcePackages/checkouts/BigDecimal/Sources/BigDecimal/DecimalMath/DecimalMath.swift (in target 'BigDecimal' from project 'BigDecimal')
    cd /Users/rogerlin/XCode-Projects/FinancialCalculatorKit-5.0-updated-accent-colors/FinancialCalculatorKit.xcodeproj
    

Ld /Users/rogerlin/Library/Developer/Xcode/DerivedData/FinancialCalculatorKit-ackorybalcxbfocbkqsfdzcfkgmn/Build/Products/Debug/BigInt.o normal (in target 'BigInt' from project 'BigInt')
    cd /Users/rogerlin/Library/Developer/Xcode/DerivedData/FinancialCalculatorKit-ackorybalcxbfocbkqsfdzcfkgmn/SourcePackages/checkouts/BigInt
    /Applications/Xcode.app/Contents/Developer/Toolchains/XcodeDefault.xctoolchain/usr/bin/clang -Xlinker -reproducible -target arm64-apple-macos13.3 -r -isysroot /Applications/Xcode.app/Contents/Developer/Platforms/MacOSX.platform/Developer/SDKs/MacOSX26.1.sdk -O0 -w -L/Users/rogerlin/Library/Developer/Xcode/DerivedData/FinancialCalculatorKit-ackorybalcxbfocbkqsfdzcfkgmn/Build/Intermediates.noindex/EagerLinkingTBDs/Debug -L/Users/rogerlin/Library/Developer/Xcode/DerivedData/FinancialCalculatorKit-ackorybalcxbfocbkqsfdzcfkgmn/Build/Products/Debug -L/Applications/Xcode.app/Contents/Developer/Platforms/MacOSX.platform/Developer/usr/lib -F/Users/rogerlin/Library/Developer/Xcode/DerivedData/FinancialCalculatorKit-ackorybalcxbfocbkqsfdzcfkgmn/Build/Intermediates.noindex/EagerLinkingTBDs/Debug -F/Users/rogerlin/Library/Developer/Xcode/DerivedData/FinancialCalculatorKit-ackorybalcxbfocbkqsfdzcfkgmn/Build/Products/Debug -iframework /Applications/Xcode.app/Contents/Developer/Platforms/MacOSX.platform/Developer/Library/Frameworks -filelist /Users/rogerlin/Library/Developer/Xcode/DerivedData/FinancialCalculatorKit-ackorybalcxbfocbkqsfdzcfkgmn/Build/Intermediates.noindex/BigInt.build/Debug/BigInt.build/Objects-normal/arm64/BigInt.LinkFileList -nostdlib -Xlinker -object_path_lto -Xlinker /Users/rogerlin/Library/Developer/Xcode/DerivedData/FinancialCalculatorKit-ackorybalcxbfocbkqsfdzcfkgmn/Build/Intermediates.noindex/BigInt.build/Debug/BigInt.build/Objects-normal/arm64/BigInt_lto.o -rdynamic -Xlinker -no_deduplicate -Xlinker -debug_variant -Xlinker -dependency_info -Xlinker /Users/rogerlin/Library/Developer/Xcode/DerivedData/FinancialCalculatorKit-ackorybalcxbfocbkqsfdzcfkgmn/Build/Intermediates.noindex/BigInt.build/Debug/BigInt.build/Objects-normal/arm64/BigInt_dependency_info.dat -fobjc-link-runtime -L/Applications/Xcode.app/Contents/Developer/Toolchains/XcodeDefault.xctoolchain/usr/lib/swift/macosx -L/usr/lib/swift -Xlinker -add_ast_path -Xlinker /Users/rogerlin/Library/Developer/Xcode/DerivedData/FinancialCalculatorKit-ackorybalcxbfocbkqsfdzcfkgmn/Build/Intermediates.noindex/BigInt.build/Debug/BigInt.build/Objects-normal/arm64/BigInt.swiftmodule @/Users/rogerlin/Library/Developer/Xcode/DerivedData/FinancialCalculatorKit-ackorybalcxbfocbkqsfdzcfkgmn/Build/Intermediates.noindex/BigInt.build/Debug/BigInt.build/Objects-normal/arm64/BigInt-linker-args.resp -o /Users/rogerlin/Library/Developer/Xcode/DerivedData/FinancialCalculatorKit-ackorybalcxbfocbkqsfdzcfkgmn/Build/Products/Debug/BigInt.o

    Task input dependencies:
        /Users/rogerlin/Library/Developer/Xcode/DerivedData/FinancialCalculatorKit-ackorybalcxbfocbkqsfdzcfkgmn/Build/Intermediates.noindex/BigInt.build/Debug/BigInt.build/Objects-normal/arm64/BigFrac.o
        /Users/rogerlin/Library/Developer/Xcode/DerivedData/FinancialCalculatorKit-ackorybalcxbfocbkqsfdzcfkgmn/Build/Intermediates.noindex/BigInt.build/Debug/BigInt.build/Objects-normal/arm64/BigInt-Extensions.o
        /Users/rogerlin/Library/Developer/Xcode/DerivedData/FinancialCalculatorKit-ackorybalcxbfocbkqsfdzcfkgmn/Build/Intermediates.noindex/BigInt.build/Debug/BigInt.build/Objects-normal/arm64/BigInt-aa2bbfd0f27768d6f473f619a21b4052.o
        /Users/rogerlin/Library/Developer/Xcode/DerivedData/FinancialCalculatorKit-ackorybalcxbfocbkqsfdzcfkgmn/Build/Intermediates.noindex/BigInt.build/Debug/BigInt.build/Objects-normal/arm64/BitSieve.o
        /Users/rogerlin/Library/Developer/Xcode/DerivedData/FinancialCalculatorKit-ackorybalcxbfocbkqsfdzcfkgmn/Build/Intermediates.noindex/BigInt.build/Debug/BigInt.build/Objects-normal/arm64/BurnikelZiegler.o
        /Users/rogerlin/Library/Developer/Xcode/DerivedData/FinancialCalculatorKit-ackorybalcxbfocbkqsfdzcfkgmn/Build/Intermediates.noindex/BigInt.build/Debug/BigInt.build/Objects-normal/arm64/CRT.o
        /Users/rogerlin/Library/Developer/Xcode/DerivedData/FinancialCalculatorKit-ackorybalcxbfocbkqsfdzcfkgmn/Build/Intermediates.noindex/BigInt.build/Debug/BigInt.build/Objects-normal/arm64/ExpMod.o
        /Users/rogerlin/Library/Developer/Xcode/DerivedData/FinancialCalculatorKit-ackorybalcxbfocbkqsfdzcfkgmn/Build/Intermediates.noindex/BigInt.build/Debug/BigInt.build/Objects-normal/arm64/FFT.o
        /Users/rogerlin/Library/Developer/Xcode/DerivedData/FinancialCalculatorKit-ackorybalcxbfocbkqsfdzcfkgmn/Build/Intermediates.noindex/BigInt.build/Debug/BigInt.build/Objects-normal/arm64/Factorial.o
        /Users/rogerlin/Library/Developer/Xcode/DerivedData/FinancialCalculatorKit-ackorybalcxbfocbkqsfdzcfkgmn/Build/Intermediates.noindex/BigInt.build/Debug/BigInt.build/Objects-normal/arm64/GCD.o
        /Users/rogerlin/Library/Developer/Xcode/DerivedData/FinancialCalculatorKit-ackorybalcxbfocbkqsfdzcfkgmn/Build/Intermediates.noindex/BigInt.build/Debug/BigInt.build/Objects-normal/arm64/Karatsuba.o
        /Users/rogerlin/Library/Developer/Xcode/DerivedData/FinancialCalculatorKit-ackorybalcxbfocbkqsfdzcfkgmn/Build/Intermediates.noindex/BigInt.build/Debug/BigInt.build/Objects-normal/arm64/Limbs.o
        /Users/rogerlin/Library/Developer/Xcode/DerivedData/FinancialCalculatorKit-ackorybalcxbfocbkqsfdzcfkgmn/Build/Intermediates.noindex/BigInt.build/Debug/BigInt.build/Objects-normal/arm64/ToomCook.o
        /Users/rogerlin/Library/Developer/Xcode/DerivedData/FinancialCalculatorKit-ackorybalcxbfocbkqsfdzcfkgmn/Build/Intermediates.noindex/BigInt.build/Debug/BigInt.build/Objects-normal/arm64/BigInt.LinkFileList
        /Users/rogerlin/Library/Developer/Xcode/DerivedData/FinancialCalculatorKit-ackorybalcxbfocbkqsfdzcfkgmn/Build/Products/Debug

    Task output dependencies:
        /Users/rogerlin/Library/Developer/Xcode/DerivedData/FinancialCalculatorKit-ackorybalcxbfocbkqsfdzcfkgmn/Build/Products/Debug/BigInt.o
        /Users/rogerlin/Library/Developer/Xcode/DerivedData/FinancialCalculatorKit-ackorybalcxbfocbkqsfdzcfkgmn/Build/Intermediates.noindex/BigInt.build/Debug/BigInt.build/Objects-normal/arm64/BigInt_lto.o
        /Users/rogerlin/Library/Developer/Xcode/DerivedData/FinancialCalculatorKit-ackorybalcxbfocbkqsfdzcfkgmn/Build/Intermediates.noindex/BigInt.build/Debug/BigInt.build/Objects-normal/arm64/BigInt_dependency_info.dat

SwiftDriverJobDiscovery normal arm64 Compiling Decimal32.swift, Decimal64.swift (in target 'BigDecimal' from project 'BigDecimal')

SwiftCompile normal arm64 Compiling\ DecimalMath-Simple.swift /Users/rogerlin/Library/Developer/Xcode/DerivedData/FinancialCalculatorKit-ackorybalcxbfocbkqsfdzcfkgmn/SourcePackages/checkouts/BigDecimal/Sources/BigDecimal/DecimalMath/DecimalMath-Simple.swift (in target 'BigDecimal' from project 'BigDecimal')
/Applications/Xcode.app/Contents/Developer/Toolchains/XcodeDefault.xctoolchain/usr/bin/swift-frontend -frontend -c /Users/rogerlin/Library/Developer/Xcode/DerivedData/FinancialCalculatorKit-ackorybalcxbfocbkqsfdzcfkgmn/SourcePackages/checkouts/BigDecimal/Sources/BigDecimal/BigDecimal.swift /Users/rogerlin/Library/Developer/Xcode/DerivedData/FinancialCalculatorKit-ackorybalcxbfocbkqsfdzcfkgmn/SourcePackages/checkouts/BigDecimal/Sources/BigDecimal/CBDecimal.swift /Users/rogerlin/Library/Developer/Xcode/DerivedData/FinancialCalculatorKit-ackorybalcxbfocbkqsfdzcfkgmn/SourcePackages/checkouts/BigDecimal/Sources/BigDecimal/Decimal.swift /Users/rogerlin/Library/Developer/Xcode/DerivedData/FinancialCalculatorKit-ackorybalcxbfocbkqsfdzcfkgmn/SourcePackages/checkouts/BigDecimal/Sources/BigDecimal/Decimal128.swift /Users/rogerlin/Library/Developer/Xcode/DerivedData/FinancialCalculatorKit-ackorybalcxbfocbkqsfdzcfkgmn/SourcePackages/checkouts/BigDecimal/Sources/BigDecimal/Decimal32.swift /Users/rogerlin/Library/Developer/Xcode/DerivedData/FinancialCalculatorKit-ackorybalcxbfocbkqsfdzcfkgmn/SourcePackages/checkouts/BigDecimal/Sources/BigDecimal/Decimal64.swift /Users/rogerlin/Library/Developer/Xcode/DerivedData/FinancialCalculatorKit-ackorybalcxbfocbkqsfdzcfkgmn/SourcePackages/checkouts/BigDecimal/Sources/BigDecimal/DecimalMath/AsinCalculator.swift /Users/rogerlin/Library/Developer/Xcode/DerivedData/FinancialCalculatorKit-ackorybalcxbfocbkqsfdzcfkgmn/SourcePackages/checkouts/BigDecimal/Sources/BigDecimal/DecimalMath/CosCalculator.swift /Users/rogerlin/Library/Developer/Xcode/DerivedData/FinancialCalculatorKit-ackorybalcxbfocbkqsfdzcfkgmn/SourcePackages/checkouts/BigDecimal/Sources/BigDecimal/DecimalMath/CoshCalculator.swift -primary-file /Users/rogerlin/Library/Developer/Xcode/DerivedData/FinancialCalculatorKit-ackorybalcxbfocbkqsfdzcfkgmn/SourcePackages/checkouts/BigDecimal/Sources/BigDecimal/DecimalMath/DecimalMath-Simple.swift /Users/rogerlin/Library/Developer/Xcode/DerivedData/FinancialCalculatorKit-ackorybalcxbfocbkqsfdzcfkgmn/SourcePackages/checkouts/BigDecimal/Sources/BigDecimal/DecimalMath/DecimalMath.swift /Users/rogerlin/Library/Developer/Xcode/DerivedData/FinancialCalculatorKit-ackorybalcxbfocbkqsfdzcfkgmn/SourcePackages/checkouts/BigDecimal/Sources/BigDecimal/DecimalMath/ExponentCalculator.swift /Users/rogerlin/Library/Developer/Xcode/DerivedData/FinancialCalculatorKit-ackorybalcxbfocbkqsfdzcfkgmn/SourcePackages/checkouts/BigDecimal/Sources/BigDecimal/DecimalMath/SeriesCalculator.swift /Users/rogerlin/Library/Developer/Xcode/DerivedData/FinancialCalculatorKit-ackorybalcxbfocbkqsfdzcfkgmn/SourcePackages/checkouts/BigDecimal/Sources/BigDecimal/DecimalMath/SinCalculator.swift /Users/rogerlin/Library/Developer/Xcode/DerivedData/FinancialCalculatorKit-ackorybalcxbfocbkqsfdzcfkgmn/SourcePackages/checkouts/BigDecimal/Sources/BigDecimal/DecimalMath/SinhCalculator.swift /Users/rogerlin/Library/Developer/Xcode/DerivedData/FinancialCalculatorKit-ackorybalcxbfocbkqsfdzcfkgmn/SourcePackages/checkouts/BigDecimal/Sources/BigDecimal/Support/DecimalFloatingPoint.swift /Users/rogerlin/Library/Developer/Xcode/DerivedData/FinancialCalculatorKit-ackorybalcxbfocbkqsfdzcfkgmn/SourcePackages/checkouts/BigDecimal/Sources/BigDecimal/Support/DecimalLogic.swift /Users/rogerlin/Library/Developer/Xcode/DerivedData/FinancialCalculatorKit-ackorybalcxbfocbkqsfdzcfkgmn/SourcePackages/checkouts/BigDecimal/Sources/BigDecimal/Support/Extensions.swift /Users/rogerlin/Library/Developer/Xcode/DerivedData/FinancialCalculatorKit-ackorybalcxbfocbkqsfdzcfkgmn/SourcePackages/checkouts/BigDecimal/Sources/BigDecimal/Support/Rounding.swift -emit-dependencies-path /Users/rogerlin/Library/Developer/Xcode/DerivedData/FinancialCalculatorKit-ackorybalcxbfocbkqsfdzcfkgmn/Build/Intermediates.noindex/BigDecimal.build/Debug/BigDecimal.build/Objects-normal/arm64/DecimalMath-Simple.d -emit-const-values-path /Users/rogerlin/Library/Developer/Xcode/DerivedData/FinancialCalculatorKit-ackorybalcxbfocbkqsfdzcfkgmn/Build/Intermediates.noindex/BigDecimal.build/Debug/BigDecimal.build/Objects-normal/arm64/DecimalMath-Simple.swiftconstvalues -emit-reference-dependencies-path /Users/rogerlin/Library/Developer/Xcode/DerivedData/FinancialCalculatorKit-ackorybalcxbfocbkqsfdzcfkgmn/Build/Intermediates.noindex/BigDecimal.build/Debug/BigDecimal.build/Objects-normal/arm64/DecimalMath-Simple.swiftdeps -serialize-diagnostics-path /Users/rogerlin/Library/Developer/Xcode/DerivedData/FinancialCalculatorKit-ackorybalcxbfocbkqsfdzcfkgmn/Build/Intermediates.noindex/BigDecimal.build/Debug/BigDecimal.build/Objects-normal/arm64/DecimalMath-Simple.dia -target arm64-apple-macos13.3 -load-resolved-plugin /Applications/Xcode.app/Contents/Developer/Platforms/MacOSX.platform/Developer/usr/lib/swift/host/plugins/libFoundationMacros.dylib\#/Applications/Xcode.app/Contents/Developer/Platforms/MacOSX.platform/Developer/usr/bin/swift-plugin-server\#FoundationMacros -load-resolved-plugin /Applications/Xcode.app/Contents/Developer/Platforms/MacOSX.platform/Developer/usr/lib/swift/host/plugins/libObservationMacros.dylib\#/Applications/Xcode.app/Contents/Developer/Platforms/MacOSX.platform/Developer/usr/bin/swift-plugin-server\#ObservationMacros -load-resolved-plugin /Applications/Xcode.app/Contents/Developer/Platforms/MacOSX.platform/Developer/usr/lib/swift/host/plugins/libSwiftMacros.dylib\#/Applications/Xcode.app/Contents/Developer/Platforms/MacOSX.platform/Developer/usr/bin/swift-plugin-server\#SwiftMacros -disable-implicit-swift-modules -Xcc -fno-implicit-modules -Xcc -fno-implicit-module-maps -explicit-swift-module-map-file /Users/rogerlin/Library/Developer/Xcode/DerivedData/FinancialCalculatorKit-ackorybalcxbfocbkqsfdzcfkgmn/Build/Intermediates.noindex/BigDecimal.build/Debug/BigDecimal.build/Objects-normal/arm64/BigDecimal-dependencies-1.json -Xllvm -aarch64-use-tbi -enable-objc-interop -stack-check -sdk /Applications/Xcode.app/Contents/Developer/Platforms/MacOSX.platform/Developer/SDKs/MacOSX26.1.sdk -I /Users/rogerlin/Library/Developer/Xcode/DerivedData/FinancialCalculatorKit-ackorybalcxbfocbkqsfdzcfkgmn/Build/Products/Debug -Isystem /Applications/Xcode.app/Contents/Developer/Platforms/MacOSX.platform/Developer/usr/lib -F /Users/rogerlin/Library/Developer/Xcode/DerivedData/FinancialCalculatorKit-ackorybalcxbfocbkqsfdzcfkgmn/Build/Products/Debug/PackageFrameworks -F /Users/rogerlin/Library/Developer/Xcode/DerivedData/FinancialCalculatorKit-ackorybalcxbfocbkqsfdzcfkgmn/Build/Products/Debug/PackageFrameworks -F /Users/rogerlin/Library/Developer/Xcode/DerivedData/FinancialCalculatorKit-ackorybalcxbfocbkqsfdzcfkgmn/Build/Products/Debug/PackageFrameworks -F /Users/rogerlin/Library/Developer/Xcode/DerivedData/FinancialCalculatorKit-ackorybalcxbfocbkqsfdzcfkgmn/Build/Products/Debug/PackageFrameworks -F /Users/rogerlin/Library/Developer/Xcode/DerivedData/FinancialCalculatorKit-ackorybalcxbfocbkqsfdzcfkgmn/Build/Products/Debug/PackageFrameworks -F /Users/rogerlin/Library/Developer/Xcode/DerivedData/FinancialCalculatorKit-ackorybalcxbfocbkqsfdzcfkgmn/Build/Products/Debug/PackageFrameworks -F /Users/rogerlin/Library/Developer/Xcode/DerivedData/FinancialCalculatorKit-ackorybalcxbfocbkqsfdzcfkgmn/Build/Products/Debug -F /Applications/Xcode.app/Contents/Developer/Platforms/MacOSX.platform/Developer/Library/Frameworks -no-color-diagnostics -Xcc -fno-color-diagnostics -enable-testing -g -debug-info-format\=dwarf -dwarf-version\=4 -module-cache-path /Users/rogerlin/Library/Developer/Xcode/DerivedData/FinancialCalculatorKit-ackorybalcxbfocbkqsfdzcfkgmn/Build/Intermediates.noindex/SwiftExplicitPrecompiledModules -suppress-warnings -profile-generate -profile-coverage-mapping -swift-version 5 -enforce-exclusivity\=checked -Onone -D SWIFT_PACKAGE -D DEBUG -D SWIFT_MODULE_RESOURCE_BUNDLE_UNAVAILABLE -D Xcode -serialize-debugging-options -const-gather-protocols-file /Users/rogerlin/Library/Developer/Xcode/DerivedData/FinancialCalculatorKit-ackorybalcxbfocbkqsfdzcfkgmn/Build/Intermediates.noindex/BigDecimal.build/Debug/BigDecimal.build/Objects-normal/arm64/BigDecimal_const_extract_protocols.json -enable-experimental-feature DebugDescriptionMacro -empty-abi-descriptor -validate-clang-modules-once -clang-build-session-file /Users/rogerlin/Library/Developer/Xcode/DerivedData/ModuleCache.noindex/Session.modulevalidation -Xcc -working-directory -Xcc /Users/rogerlin/XCode-Projects/FinancialCalculatorKit-5.0-updated-accent-colors/FinancialCalculatorKit.xcodeproj -enable-anonymous-context-mangled-names -file-compilation-dir /Users/rogerlin/XCode-Projects/FinancialCalculatorKit-5.0-updated-accent-colors/FinancialCalculatorKit.xcodeproj -Xcc -D_LIBCPP_HARDENING_MODE\=_LIBCPP_HARDENING_MODE_DEBUG -Xcc -ivfsstatcache -Xcc /Users/rogerlin/Library/Developer/Xcode/DerivedData/SDKStatCaches.noindex/macosx26.1-25B74-3ae1261907bdadc328169391a47051a6.sdkstatcache -Xcc -I/Users/rogerlin/Library/Developer/Xcode/DerivedData/FinancialCalculatorKit-ackorybalcxbfocbkqsfdzcfkgmn/Build/Intermediates.noindex/BigDecimal.build/Debug/BigDecimal.build/swift-overrides.hmap -Xcc -I/Users/rogerlin/Library/Developer/Xcode/DerivedData/FinancialCalculatorKit-ackorybalcxbfocbkqsfdzcfkgmn/SourcePackages/checkouts/swift-numerics/Sources/_NumericsShims/include -Xcc -I/Users/rogerlin/Library/Developer/Xcode/DerivedData/FinancialCalculatorKit-ackorybalcxbfocbkqsfdzcfkgmn/Build/Products/Debug/include -Xcc -I/Users/rogerlin/Library/Developer/Xcode/DerivedData/FinancialCalculatorKit-ackorybalcxbfocbkqsfdzcfkgmn/Build/Intermediates.noindex/BigDecimal.build/Debug/BigDecimal.build/DerivedSources-normal/arm64 -Xcc -I/Users/rogerlin/Library/Developer/Xcode/DerivedData/FinancialCalculatorKit-ackorybalcxbfocbkqsfdzcfkgmn/Build/Intermediates.noindex/BigDecimal.build/Debug/BigDecimal.build/DerivedSources/arm64 -Xcc -I/Users/rogerlin/Library/Developer/Xcode/DerivedData/FinancialCalculatorKit-ackorybalcxbfocbkqsfdzcfkgmn/Build/Intermediates.noindex/BigDecimal.build/Debug/BigDecimal.build/DerivedSources -Xcc -DSWIFT_PACKAGE -Xcc -DDEBUG\=1 -no-auto-bridging-header-chaining -module-name BigDecimal -package-name bigdecimal -frontend-parseable-output -disable-clang-spi -target-sdk-version 26.1 -target-sdk-name macosx26.1 -clang-target arm64-apple-macos26.1 -in-process-plugin-server-path /Applications/Xcode.app/Contents/Developer/Toolchains/XcodeDefault.xctoolchain/usr/lib/swift/host/libSwiftInProcPluginServer.dylib -o /Users/rogerlin/Library/Developer/Xcode/DerivedData/FinancialCalculatorKit-ackorybalcxbfocbkqsfdzcfkgmn/Build/Intermediates.noindex/BigDecimal.build/Debug/BigDecimal.build/Objects-normal/arm64/DecimalMath-Simple.o -index-unit-output-path /BigDecimal.build/Debug/BigDecimal.build/Objects-normal/arm64/DecimalMath-Simple.o -index-store-path /Users/rogerlin/Library/Developer/Xcode/DerivedData/FinancialCalculatorKit-ackorybalcxbfocbkqsfdzcfkgmn/Index.noindex/DataStore -index-system-modules

SwiftCompile normal arm64 /Users/rogerlin/Library/Developer/Xcode/DerivedData/FinancialCalculatorKit-ackorybalcxbfocbkqsfdzcfkgmn/SourcePackages/checkouts/BigDecimal/Sources/BigDecimal/DecimalMath/DecimalMath-Simple.swift (in target 'BigDecimal' from project 'BigDecimal')
    cd /Users/rogerlin/XCode-Projects/FinancialCalculatorKit-5.0-updated-accent-colors/FinancialCalculatorKit.xcodeproj
    

SwiftDriverJobDiscovery normal arm64 Compiling SVGView.swift, Stack.swift, UIImage+SVG.swift (in target 'SwiftDraw' from project 'SwiftDraw')

SwiftCompile normal arm64 Compiling\ SinhCalculator.swift /Users/rogerlin/Library/Developer/Xcode/DerivedData/FinancialCalculatorKit-ackorybalcxbfocbkqsfdzcfkgmn/SourcePackages/checkouts/BigDecimal/Sources/BigDecimal/DecimalMath/SinhCalculator.swift (in target 'BigDecimal' from project 'BigDecimal')
/Applications/Xcode.app/Contents/Developer/Toolchains/XcodeDefault.xctoolchain/usr/bin/swift-frontend -frontend -c /Users/rogerlin/Library/Developer/Xcode/DerivedData/FinancialCalculatorKit-ackorybalcxbfocbkqsfdzcfkgmn/SourcePackages/checkouts/BigDecimal/Sources/BigDecimal/BigDecimal.swift /Users/rogerlin/Library/Developer/Xcode/DerivedData/FinancialCalculatorKit-ackorybalcxbfocbkqsfdzcfkgmn/SourcePackages/checkouts/BigDecimal/Sources/BigDecimal/CBDecimal.swift /Users/rogerlin/Library/Developer/Xcode/DerivedData/FinancialCalculatorKit-ackorybalcxbfocbkqsfdzcfkgmn/SourcePackages/checkouts/BigDecimal/Sources/BigDecimal/Decimal.swift /Users/rogerlin/Library/Developer/Xcode/DerivedData/FinancialCalculatorKit-ackorybalcxbfocbkqsfdzcfkgmn/SourcePackages/checkouts/BigDecimal/Sources/BigDecimal/Decimal128.swift /Users/rogerlin/Library/Developer/Xcode/DerivedData/FinancialCalculatorKit-ackorybalcxbfocbkqsfdzcfkgmn/SourcePackages/checkouts/BigDecimal/Sources/BigDecimal/Decimal32.swift /Users/rogerlin/Library/Developer/Xcode/DerivedData/FinancialCalculatorKit-ackorybalcxbfocbkqsfdzcfkgmn/SourcePackages/checkouts/BigDecimal/Sources/BigDecimal/Decimal64.swift /Users/rogerlin/Library/Developer/Xcode/DerivedData/FinancialCalculatorKit-ackorybalcxbfocbkqsfdzcfkgmn/SourcePackages/checkouts/BigDecimal/Sources/BigDecimal/DecimalMath/AsinCalculator.swift /Users/rogerlin/Library/Developer/Xcode/DerivedData/FinancialCalculatorKit-ackorybalcxbfocbkqsfdzcfkgmn/SourcePackages/checkouts/BigDecimal/Sources/BigDecimal/DecimalMath/CosCalculator.swift /Users/rogerlin/Library/Developer/Xcode/DerivedData/FinancialCalculatorKit-ackorybalcxbfocbkqsfdzcfkgmn/SourcePackages/checkouts/BigDecimal/Sources/BigDecimal/DecimalMath/CoshCalculator.swift /Users/rogerlin/Library/Developer/Xcode/DerivedData/FinancialCalculatorKit-ackorybalcxbfocbkqsfdzcfkgmn/SourcePackages/checkouts/BigDecimal/Sources/BigDecimal/DecimalMath/DecimalMath-Simple.swift /Users/rogerlin/Library/Developer/Xcode/DerivedData/FinancialCalculatorKit-ackorybalcxbfocbkqsfdzcfkgmn/SourcePackages/checkouts/BigDecimal/Sources/BigDecimal/DecimalMath/DecimalMath.swift /Users/rogerlin/Library/Developer/Xcode/DerivedData/FinancialCalculatorKit-ackorybalcxbfocbkqsfdzcfkgmn/SourcePackages/checkouts/BigDecimal/Sources/BigDecimal/DecimalMath/ExponentCalculator.swift /Users/rogerlin/Library/Developer/Xcode/DerivedData/FinancialCalculatorKit-ackorybalcxbfocbkqsfdzcfkgmn/SourcePackages/checkouts/BigDecimal/Sources/BigDecimal/DecimalMath/SeriesCalculator.swift /Users/rogerlin/Library/Developer/Xcode/DerivedData/FinancialCalculatorKit-ackorybalcxbfocbkqsfdzcfkgmn/SourcePackages/checkouts/BigDecimal/Sources/BigDecimal/DecimalMath/SinCalculator.swift -primary-file /Users/rogerlin/Library/Developer/Xcode/DerivedData/FinancialCalculatorKit-ackorybalcxbfocbkqsfdzcfkgmn/SourcePackages/checkouts/BigDecimal/Sources/BigDecimal/DecimalMath/SinhCalculator.swift /Users/rogerlin/Library/Developer/Xcode/DerivedData/FinancialCalculatorKit-ackorybalcxbfocbkqsfdzcfkgmn/SourcePackages/checkouts/BigDecimal/Sources/BigDecimal/Support/DecimalFloatingPoint.swift /Users/rogerlin/Library/Developer/Xcode/DerivedData/FinancialCalculatorKit-ackorybalcxbfocbkqsfdzcfkgmn/SourcePackages/checkouts/BigDecimal/Sources/BigDecimal/Support/DecimalLogic.swift /Users/rogerlin/Library/Developer/Xcode/DerivedData/FinancialCalculatorKit-ackorybalcxbfocbkqsfdzcfkgmn/SourcePackages/checkouts/BigDecimal/Sources/BigDecimal/Support/Extensions.swift /Users/rogerlin/Library/Developer/Xcode/DerivedData/FinancialCalculatorKit-ackorybalcxbfocbkqsfdzcfkgmn/SourcePackages/checkouts/BigDecimal/Sources/BigDecimal/Support/Rounding.swift -emit-dependencies-path /Users/rogerlin/Library/Developer/Xcode/DerivedData/FinancialCalculatorKit-ackorybalcxbfocbkqsfdzcfkgmn/Build/Intermediates.noindex/BigDecimal.build/Debug/BigDecimal.build/Objects-normal/arm64/SinhCalculator.d -emit-const-values-path /Users/rogerlin/Library/Developer/Xcode/DerivedData/FinancialCalculatorKit-ackorybalcxbfocbkqsfdzcfkgmn/Build/Intermediates.noindex/BigDecimal.build/Debug/BigDecimal.build/Objects-normal/arm64/SinhCalculator.swiftconstvalues -emit-reference-dependencies-path /Users/rogerlin/Library/Developer/Xcode/DerivedData/FinancialCalculatorKit-ackorybalcxbfocbkqsfdzcfkgmn/Build/Intermediates.noindex/BigDecimal.build/Debug/BigDecimal.build/Objects-normal/arm64/SinhCalculator.swiftdeps -serialize-diagnostics-path /Users/rogerlin/Library/Developer/Xcode/DerivedData/FinancialCalculatorKit-ackorybalcxbfocbkqsfdzcfkgmn/Build/Intermediates.noindex/BigDecimal.build/Debug/BigDecimal.build/Objects-normal/arm64/SinhCalculator.dia -target arm64-apple-macos13.3 -load-resolved-plugin /Applications/Xcode.app/Contents/Developer/Platforms/MacOSX.platform/Developer/usr/lib/swift/host/plugins/libFoundationMacros.dylib\#/Applications/Xcode.app/Contents/Developer/Platforms/MacOSX.platform/Developer/usr/bin/swift-plugin-server\#FoundationMacros -load-resolved-plugin /Applications/Xcode.app/Contents/Developer/Platforms/MacOSX.platform/Developer/usr/lib/swift/host/plugins/libObservationMacros.dylib\#/Applications/Xcode.app/Contents/Developer/Platforms/MacOSX.platform/Developer/usr/bin/swift-plugin-server\#ObservationMacros -load-resolved-plugin /Applications/Xcode.app/Contents/Developer/Platforms/MacOSX.platform/Developer/usr/lib/swift/host/plugins/libSwiftMacros.dylib\#/Applications/Xcode.app/Contents/Developer/Platforms/MacOSX.platform/Developer/usr/bin/swift-plugin-server\#SwiftMacros -disable-implicit-swift-modules -Xcc -fno-implicit-modules -Xcc -fno-implicit-module-maps -explicit-swift-module-map-file /Users/rogerlin/Library/Developer/Xcode/DerivedData/FinancialCalculatorKit-ackorybalcxbfocbkqsfdzcfkgmn/Build/Intermediates.noindex/BigDecimal.build/Debug/BigDecimal.build/Objects-normal/arm64/BigDecimal-dependencies-1.json -Xllvm -aarch64-use-tbi -enable-objc-interop -stack-check -sdk /Applications/Xcode.app/Contents/Developer/Platforms/MacOSX.platform/Developer/SDKs/MacOSX26.1.sdk -I /Users/rogerlin/Library/Developer/Xcode/DerivedData/FinancialCalculatorKit-ackorybalcxbfocbkqsfdzcfkgmn/Build/Products/Debug -Isystem /Applications/Xcode.app/Contents/Developer/Platforms/MacOSX.platform/Developer/usr/lib -F /Users/rogerlin/Library/Developer/Xcode/DerivedData/FinancialCalculatorKit-ackorybalcxbfocbkqsfdzcfkgmn/Build/Products/Debug/PackageFrameworks -F /Users/rogerlin/Library/Developer/Xcode/DerivedData/FinancialCalculatorKit-ackorybalcxbfocbkqsfdzcfkgmn/Build/Products/Debug/PackageFrameworks -F /Users/rogerlin/Library/Developer/Xcode/DerivedData/FinancialCalculatorKit-ackorybalcxbfocbkqsfdzcfkgmn/Build/Products/Debug/PackageFrameworks -F /Users/rogerlin/Library/Developer/Xcode/DerivedData/FinancialCalculatorKit-ackorybalcxbfocbkqsfdzcfkgmn/Build/Products/Debug/PackageFrameworks -F /Users/rogerlin/Library/Developer/Xcode/DerivedData/FinancialCalculatorKit-ackorybalcxbfocbkqsfdzcfkgmn/Build/Products/Debug/PackageFrameworks -F /Users/rogerlin/Library/Developer/Xcode/DerivedData/FinancialCalculatorKit-ackorybalcxbfocbkqsfdzcfkgmn/Build/Products/Debug/PackageFrameworks -F /Users/rogerlin/Library/Developer/Xcode/DerivedData/FinancialCalculatorKit-ackorybalcxbfocbkqsfdzcfkgmn/Build/Products/Debug -F /Applications/Xcode.app/Contents/Developer/Platforms/MacOSX.platform/Developer/Library/Frameworks -no-color-diagnostics -Xcc -fno-color-diagnostics -enable-testing -g -debug-info-format\=dwarf -dwarf-version\=4 -module-cache-path /Users/rogerlin/Library/Developer/Xcode/DerivedData/FinancialCalculatorKit-ackorybalcxbfocbkqsfdzcfkgmn/Build/Intermediates.noindex/SwiftExplicitPrecompiledModules -suppress-warnings -profile-generate -profile-coverage-mapping -swift-version 5 -enforce-exclusivity\=checked -Onone -D SWIFT_PACKAGE -D DEBUG -D SWIFT_MODULE_RESOURCE_BUNDLE_UNAVAILABLE -D Xcode -serialize-debugging-options -const-gather-protocols-file /Users/rogerlin/Library/Developer/Xcode/DerivedData/FinancialCalculatorKit-ackorybalcxbfocbkqsfdzcfkgmn/Build/Intermediates.noindex/BigDecimal.build/Debug/BigDecimal.build/Objects-normal/arm64/BigDecimal_const_extract_protocols.json -enable-experimental-feature DebugDescriptionMacro -empty-abi-descriptor -validate-clang-modules-once -clang-build-session-file /Users/rogerlin/Library/Developer/Xcode/DerivedData/ModuleCache.noindex/Session.modulevalidation -Xcc -working-directory -Xcc /Users/rogerlin/XCode-Projects/FinancialCalculatorKit-5.0-updated-accent-colors/FinancialCalculatorKit.xcodeproj -enable-anonymous-context-mangled-names -file-compilation-dir /Users/rogerlin/XCode-Projects/FinancialCalculatorKit-5.0-updated-accent-colors/FinancialCalculatorKit.xcodeproj -Xcc -D_LIBCPP_HARDENING_MODE\=_LIBCPP_HARDENING_MODE_DEBUG -Xcc -ivfsstatcache -Xcc /Users/rogerlin/Library/Developer/Xcode/DerivedData/SDKStatCaches.noindex/macosx26.1-25B74-3ae1261907bdadc328169391a47051a6.sdkstatcache -Xcc -I/Users/rogerlin/Library/Developer/Xcode/DerivedData/FinancialCalculatorKit-ackorybalcxbfocbkqsfdzcfkgmn/Build/Intermediates.noindex/BigDecimal.build/Debug/BigDecimal.build/swift-overrides.hmap -Xcc -I/Users/rogerlin/Library/Developer/Xcode/DerivedData/FinancialCalculatorKit-ackorybalcxbfocbkqsfdzcfkgmn/SourcePackages/checkouts/swift-numerics/Sources/_NumericsShims/include -Xcc -I/Users/rogerlin/Library/Developer/Xcode/DerivedData/FinancialCalculatorKit-ackorybalcxbfocbkqsfdzcfkgmn/Build/Products/Debug/include -Xcc -I/Users/rogerlin/Library/Developer/Xcode/DerivedData/FinancialCalculatorKit-ackorybalcxbfocbkqsfdzcfkgmn/Build/Intermediates.noindex/BigDecimal.build/Debug/BigDecimal.build/DerivedSources-normal/arm64 -Xcc -I/Users/rogerlin/Library/Developer/Xcode/DerivedData/FinancialCalculatorKit-ackorybalcxbfocbkqsfdzcfkgmn/Build/Intermediates.noindex/BigDecimal.build/Debug/BigDecimal.build/DerivedSources/arm64 -Xcc -I/Users/rogerlin/Library/Developer/Xcode/DerivedData/FinancialCalculatorKit-ackorybalcxbfocbkqsfdzcfkgmn/Build/Intermediates.noindex/BigDecimal.build/Debug/BigDecimal.build/DerivedSources -Xcc -DSWIFT_PACKAGE -Xcc -DDEBUG\=1 -no-auto-bridging-header-chaining -module-name BigDecimal -package-name bigdecimal -frontend-parseable-output -disable-clang-spi -target-sdk-version 26.1 -target-sdk-name macosx26.1 -clang-target arm64-apple-macos26.1 -in-process-plugin-server-path /Applications/Xcode.app/Contents/Developer/Toolchains/XcodeDefault.xctoolchain/usr/lib/swift/host/libSwiftInProcPluginServer.dylib -o /Users/rogerlin/Library/Developer/Xcode/DerivedData/FinancialCalculatorKit-ackorybalcxbfocbkqsfdzcfkgmn/Build/Intermediates.noindex/BigDecimal.build/Debug/BigDecimal.build/Objects-normal/arm64/SinhCalculator.o -index-unit-output-path /BigDecimal.build/Debug/BigDecimal.build/Objects-normal/arm64/SinhCalculator.o -index-store-path /Users/rogerlin/Library/Developer/Xcode/DerivedData/FinancialCalculatorKit-ackorybalcxbfocbkqsfdzcfkgmn/Index.noindex/DataStore -index-system-modules

SwiftCompile normal arm64 /Users/rogerlin/Library/Developer/Xcode/DerivedData/FinancialCalculatorKit-ackorybalcxbfocbkqsfdzcfkgmn/SourcePackages/checkouts/BigDecimal/Sources/BigDecimal/DecimalMath/SinhCalculator.swift (in target 'BigDecimal' from project 'BigDecimal')
    cd /Users/rogerlin/XCode-Projects/FinancialCalculatorKit-5.0-updated-accent-colors/FinancialCalculatorKit.xcodeproj
    

SwiftCompile normal arm64 Compiling\ Rounding.swift /Users/rogerlin/Library/Developer/Xcode/DerivedData/FinancialCalculatorKit-ackorybalcxbfocbkqsfdzcfkgmn/SourcePackages/checkouts/BigDecimal/Sources/BigDecimal/Support/Rounding.swift (in target 'BigDecimal' from project 'BigDecimal')
/Applications/Xcode.app/Contents/Developer/Toolchains/XcodeDefault.xctoolchain/usr/bin/swift-frontend -frontend -c /Users/rogerlin/Library/Developer/Xcode/DerivedData/FinancialCalculatorKit-ackorybalcxbfocbkqsfdzcfkgmn/SourcePackages/checkouts/BigDecimal/Sources/BigDecimal/BigDecimal.swift /Users/rogerlin/Library/Developer/Xcode/DerivedData/FinancialCalculatorKit-ackorybalcxbfocbkqsfdzcfkgmn/SourcePackages/checkouts/BigDecimal/Sources/BigDecimal/CBDecimal.swift /Users/rogerlin/Library/Developer/Xcode/DerivedData/FinancialCalculatorKit-ackorybalcxbfocbkqsfdzcfkgmn/SourcePackages/checkouts/BigDecimal/Sources/BigDecimal/Decimal.swift /Users/rogerlin/Library/Developer/Xcode/DerivedData/FinancialCalculatorKit-ackorybalcxbfocbkqsfdzcfkgmn/SourcePackages/checkouts/BigDecimal/Sources/BigDecimal/Decimal128.swift /Users/rogerlin/Library/Developer/Xcode/DerivedData/FinancialCalculatorKit-ackorybalcxbfocbkqsfdzcfkgmn/SourcePackages/checkouts/BigDecimal/Sources/BigDecimal/Decimal32.swift /Users/rogerlin/Library/Developer/Xcode/DerivedData/FinancialCalculatorKit-ackorybalcxbfocbkqsfdzcfkgmn/SourcePackages/checkouts/BigDecimal/Sources/BigDecimal/Decimal64.swift /Users/rogerlin/Library/Developer/Xcode/DerivedData/FinancialCalculatorKit-ackorybalcxbfocbkqsfdzcfkgmn/SourcePackages/checkouts/BigDecimal/Sources/BigDecimal/DecimalMath/AsinCalculator.swift /Users/rogerlin/Library/Developer/Xcode/DerivedData/FinancialCalculatorKit-ackorybalcxbfocbkqsfdzcfkgmn/SourcePackages/checkouts/BigDecimal/Sources/BigDecimal/DecimalMath/CosCalculator.swift /Users/rogerlin/Library/Developer/Xcode/DerivedData/FinancialCalculatorKit-ackorybalcxbfocbkqsfdzcfkgmn/SourcePackages/checkouts/BigDecimal/Sources/BigDecimal/DecimalMath/CoshCalculator.swift /Users/rogerlin/Library/Developer/Xcode/DerivedData/FinancialCalculatorKit-ackorybalcxbfocbkqsfdzcfkgmn/SourcePackages/checkouts/BigDecimal/Sources/BigDecimal/DecimalMath/DecimalMath-Simple.swift /Users/rogerlin/Library/Developer/Xcode/DerivedData/FinancialCalculatorKit-ackorybalcxbfocbkqsfdzcfkgmn/SourcePackages/checkouts/BigDecimal/Sources/BigDecimal/DecimalMath/DecimalMath.swift /Users/rogerlin/Library/Developer/Xcode/DerivedData/FinancialCalculatorKit-ackorybalcxbfocbkqsfdzcfkgmn/SourcePackages/checkouts/BigDecimal/Sources/BigDecimal/DecimalMath/ExponentCalculator.swift /Users/rogerlin/Library/Developer/Xcode/DerivedData/FinancialCalculatorKit-ackorybalcxbfocbkqsfdzcfkgmn/SourcePackages/checkouts/BigDecimal/Sources/BigDecimal/DecimalMath/SeriesCalculator.swift /Users/rogerlin/Library/Developer/Xcode/DerivedData/FinancialCalculatorKit-ackorybalcxbfocbkqsfdzcfkgmn/SourcePackages/checkouts/BigDecimal/Sources/BigDecimal/DecimalMath/SinCalculator.swift /Users/rogerlin/Library/Developer/Xcode/DerivedData/FinancialCalculatorKit-ackorybalcxbfocbkqsfdzcfkgmn/SourcePackages/checkouts/BigDecimal/Sources/BigDecimal/DecimalMath/SinhCalculator.swift /Users/rogerlin/Library/Developer/Xcode/DerivedData/FinancialCalculatorKit-ackorybalcxbfocbkqsfdzcfkgmn/SourcePackages/checkouts/BigDecimal/Sources/BigDecimal/Support/DecimalFloatingPoint.swift /Users/rogerlin/Library/Developer/Xcode/DerivedData/FinancialCalculatorKit-ackorybalcxbfocbkqsfdzcfkgmn/SourcePackages/checkouts/BigDecimal/Sources/BigDecimal/Support/DecimalLogic.swift /Users/rogerlin/Library/Developer/Xcode/DerivedData/FinancialCalculatorKit-ackorybalcxbfocbkqsfdzcfkgmn/SourcePackages/checkouts/BigDecimal/Sources/BigDecimal/Support/Extensions.swift -primary-file /Users/rogerlin/Library/Developer/Xcode/DerivedData/FinancialCalculatorKit-ackorybalcxbfocbkqsfdzcfkgmn/SourcePackages/checkouts/BigDecimal/Sources/BigDecimal/Support/Rounding.swift -emit-dependencies-path /Users/rogerlin/Library/Developer/Xcode/DerivedData/FinancialCalculatorKit-ackorybalcxbfocbkqsfdzcfkgmn/Build/Intermediates.noindex/BigDecimal.build/Debug/BigDecimal.build/Objects-normal/arm64/Rounding.d -emit-const-values-path /Users/rogerlin/Library/Developer/Xcode/DerivedData/FinancialCalculatorKit-ackorybalcxbfocbkqsfdzcfkgmn/Build/Intermediates.noindex/BigDecimal.build/Debug/BigDecimal.build/Objects-normal/arm64/Rounding.swiftconstvalues -emit-reference-dependencies-path /Users/rogerlin/Library/Developer/Xcode/DerivedData/FinancialCalculatorKit-ackorybalcxbfocbkqsfdzcfkgmn/Build/Intermediates.noindex/BigDecimal.build/Debug/BigDecimal.build/Objects-normal/arm64/Rounding.swiftdeps -serialize-diagnostics-path /Users/rogerlin/Library/Developer/Xcode/DerivedData/FinancialCalculatorKit-ackorybalcxbfocbkqsfdzcfkgmn/Build/Intermediates.noindex/BigDecimal.build/Debug/BigDecimal.build/Objects-normal/arm64/Rounding.dia -target arm64-apple-macos13.3 -load-resolved-plugin /Applications/Xcode.app/Contents/Developer/Platforms/MacOSX.platform/Developer/usr/lib/swift/host/plugins/libFoundationMacros.dylib\#/Applications/Xcode.app/Contents/Developer/Platforms/MacOSX.platform/Developer/usr/bin/swift-plugin-server\#FoundationMacros -load-resolved-plugin /Applications/Xcode.app/Contents/Developer/Platforms/MacOSX.platform/Developer/usr/lib/swift/host/plugins/libObservationMacros.dylib\#/Applications/Xcode.app/Contents/Developer/Platforms/MacOSX.platform/Developer/usr/bin/swift-plugin-server\#ObservationMacros -load-resolved-plugin /Applications/Xcode.app/Contents/Developer/Platforms/MacOSX.platform/Developer/usr/lib/swift/host/plugins/libSwiftMacros.dylib\#/Applications/Xcode.app/Contents/Developer/Platforms/MacOSX.platform/Developer/usr/bin/swift-plugin-server\#SwiftMacros -disable-implicit-swift-modules -Xcc -fno-implicit-modules -Xcc -fno-implicit-module-maps -explicit-swift-module-map-file /Users/rogerlin/Library/Developer/Xcode/DerivedData/FinancialCalculatorKit-ackorybalcxbfocbkqsfdzcfkgmn/Build/Intermediates.noindex/BigDecimal.build/Debug/BigDecimal.build/Objects-normal/arm64/BigDecimal-dependencies-1.json -Xllvm -aarch64-use-tbi -enable-objc-interop -stack-check -sdk /Applications/Xcode.app/Contents/Developer/Platforms/MacOSX.platform/Developer/SDKs/MacOSX26.1.sdk -I /Users/rogerlin/Library/Developer/Xcode/DerivedData/FinancialCalculatorKit-ackorybalcxbfocbkqsfdzcfkgmn/Build/Products/Debug -Isystem /Applications/Xcode.app/Contents/Developer/Platforms/MacOSX.platform/Developer/usr/lib -F /Users/rogerlin/Library/Developer/Xcode/DerivedData/FinancialCalculatorKit-ackorybalcxbfocbkqsfdzcfkgmn/Build/Products/Debug/PackageFrameworks -F /Users/rogerlin/Library/Developer/Xcode/DerivedData/FinancialCalculatorKit-ackorybalcxbfocbkqsfdzcfkgmn/Build/Products/Debug/PackageFrameworks -F /Users/rogerlin/Library/Developer/Xcode/DerivedData/FinancialCalculatorKit-ackorybalcxbfocbkqsfdzcfkgmn/Build/Products/Debug/PackageFrameworks -F /Users/rogerlin/Library/Developer/Xcode/DerivedData/FinancialCalculatorKit-ackorybalcxbfocbkqsfdzcfkgmn/Build/Products/Debug/PackageFrameworks -F /Users/rogerlin/Library/Developer/Xcode/DerivedData/FinancialCalculatorKit-ackorybalcxbfocbkqsfdzcfkgmn/Build/Products/Debug/PackageFrameworks -F /Users/rogerlin/Library/Developer/Xcode/DerivedData/FinancialCalculatorKit-ackorybalcxbfocbkqsfdzcfkgmn/Build/Products/Debug/PackageFrameworks -F /Users/rogerlin/Library/Developer/Xcode/DerivedData/FinancialCalculatorKit-ackorybalcxbfocbkqsfdzcfkgmn/Build/Products/Debug -F /Applications/Xcode.app/Contents/Developer/Platforms/MacOSX.platform/Developer/Library/Frameworks -no-color-diagnostics -Xcc -fno-color-diagnostics -enable-testing -g -debug-info-format\=dwarf -dwarf-version\=4 -module-cache-path /Users/rogerlin/Library/Developer/Xcode/DerivedData/FinancialCalculatorKit-ackorybalcxbfocbkqsfdzcfkgmn/Build/Intermediates.noindex/SwiftExplicitPrecompiledModules -suppress-warnings -profile-generate -profile-coverage-mapping -swift-version 5 -enforce-exclusivity\=checked -Onone -D SWIFT_PACKAGE -D DEBUG -D SWIFT_MODULE_RESOURCE_BUNDLE_UNAVAILABLE -D Xcode -serialize-debugging-options -const-gather-protocols-file /Users/rogerlin/Library/Developer/Xcode/DerivedData/FinancialCalculatorKit-ackorybalcxbfocbkqsfdzcfkgmn/Build/Intermediates.noindex/BigDecimal.build/Debug/BigDecimal.build/Objects-normal/arm64/BigDecimal_const_extract_protocols.json -enable-experimental-feature DebugDescriptionMacro -empty-abi-descriptor -validate-clang-modules-once -clang-build-session-file /Users/rogerlin/Library/Developer/Xcode/DerivedData/ModuleCache.noindex/Session.modulevalidation -Xcc -working-directory -Xcc /Users/rogerlin/XCode-Projects/FinancialCalculatorKit-5.0-updated-accent-colors/FinancialCalculatorKit.xcodeproj -enable-anonymous-context-mangled-names -file-compilation-dir /Users/rogerlin/XCode-Projects/FinancialCalculatorKit-5.0-updated-accent-colors/FinancialCalculatorKit.xcodeproj -Xcc -D_LIBCPP_HARDENING_MODE\=_LIBCPP_HARDENING_MODE_DEBUG -Xcc -ivfsstatcache -Xcc /Users/rogerlin/Library/Developer/Xcode/DerivedData/SDKStatCaches.noindex/macosx26.1-25B74-3ae1261907bdadc328169391a47051a6.sdkstatcache -Xcc -I/Users/rogerlin/Library/Developer/Xcode/DerivedData/FinancialCalculatorKit-ackorybalcxbfocbkqsfdzcfkgmn/Build/Intermediates.noindex/BigDecimal.build/Debug/BigDecimal.build/swift-overrides.hmap -Xcc -I/Users/rogerlin/Library/Developer/Xcode/DerivedData/FinancialCalculatorKit-ackorybalcxbfocbkqsfdzcfkgmn/SourcePackages/checkouts/swift-numerics/Sources/_NumericsShims/include -Xcc -I/Users/rogerlin/Library/Developer/Xcode/DerivedData/FinancialCalculatorKit-ackorybalcxbfocbkqsfdzcfkgmn/Build/Products/Debug/include -Xcc -I/Users/rogerlin/Library/Developer/Xcode/DerivedData/FinancialCalculatorKit-ackorybalcxbfocbkqsfdzcfkgmn/Build/Intermediates.noindex/BigDecimal.build/Debug/BigDecimal.build/DerivedSources-normal/arm64 -Xcc -I/Users/rogerlin/Library/Developer/Xcode/DerivedData/FinancialCalculatorKit-ackorybalcxbfocbkqsfdzcfkgmn/Build/Intermediates.noindex/BigDecimal.build/Debug/BigDecimal.build/DerivedSources/arm64 -Xcc -I/Users/rogerlin/Library/Developer/Xcode/DerivedData/FinancialCalculatorKit-ackorybalcxbfocbkqsfdzcfkgmn/Build/Intermediates.noindex/BigDecimal.build/Debug/BigDecimal.build/DerivedSources -Xcc -DSWIFT_PACKAGE -Xcc -DDEBUG\=1 -no-auto-bridging-header-chaining -module-name BigDecimal -package-name bigdecimal -frontend-parseable-output -disable-clang-spi -target-sdk-version 26.1 -target-sdk-name macosx26.1 -clang-target arm64-apple-macos26.1 -in-process-plugin-server-path /Applications/Xcode.app/Contents/Developer/Toolchains/XcodeDefault.xctoolchain/usr/lib/swift/host/libSwiftInProcPluginServer.dylib -o /Users/rogerlin/Library/Developer/Xcode/DerivedData/FinancialCalculatorKit-ackorybalcxbfocbkqsfdzcfkgmn/Build/Intermediates.noindex/BigDecimal.build/Debug/BigDecimal.build/Objects-normal/arm64/Rounding.o -index-unit-output-path /BigDecimal.build/Debug/BigDecimal.build/Objects-normal/arm64/Rounding.o -index-store-path /Users/rogerlin/Library/Developer/Xcode/DerivedData/FinancialCalculatorKit-ackorybalcxbfocbkqsfdzcfkgmn/Index.noindex/DataStore -index-system-modules

SwiftCompile normal arm64 /Users/rogerlin/Library/Developer/Xcode/DerivedData/FinancialCalculatorKit-ackorybalcxbfocbkqsfdzcfkgmn/SourcePackages/checkouts/BigDecimal/Sources/BigDecimal/Support/Rounding.swift (in target 'BigDecimal' from project 'BigDecimal')
    cd /Users/rogerlin/XCode-Projects/FinancialCalculatorKit-5.0-updated-accent-colors/FinancialCalculatorKit.xcodeproj
    

SwiftDriverJobDiscovery normal arm64 Compiling Renderer.SFSymbol+CGPath.swift, Renderer.SFSymbol.swift, Renderer.SVG.swift (in target 'SwiftDraw' from project 'SwiftDraw')

SwiftCompile normal arm64 Compiling\ AsinCalculator.swift /Users/rogerlin/Library/Developer/Xcode/DerivedData/FinancialCalculatorKit-ackorybalcxbfocbkqsfdzcfkgmn/SourcePackages/checkouts/BigDecimal/Sources/BigDecimal/DecimalMath/AsinCalculator.swift (in target 'BigDecimal' from project 'BigDecimal')
/Applications/Xcode.app/Contents/Developer/Toolchains/XcodeDefault.xctoolchain/usr/bin/swift-frontend -frontend -c /Users/rogerlin/Library/Developer/Xcode/DerivedData/FinancialCalculatorKit-ackorybalcxbfocbkqsfdzcfkgmn/SourcePackages/checkouts/BigDecimal/Sources/BigDecimal/BigDecimal.swift /Users/rogerlin/Library/Developer/Xcode/DerivedData/FinancialCalculatorKit-ackorybalcxbfocbkqsfdzcfkgmn/SourcePackages/checkouts/BigDecimal/Sources/BigDecimal/CBDecimal.swift /Users/rogerlin/Library/Developer/Xcode/DerivedData/FinancialCalculatorKit-ackorybalcxbfocbkqsfdzcfkgmn/SourcePackages/checkouts/BigDecimal/Sources/BigDecimal/Decimal.swift /Users/rogerlin/Library/Developer/Xcode/DerivedData/FinancialCalculatorKit-ackorybalcxbfocbkqsfdzcfkgmn/SourcePackages/checkouts/BigDecimal/Sources/BigDecimal/Decimal128.swift /Users/rogerlin/Library/Developer/Xcode/DerivedData/FinancialCalculatorKit-ackorybalcxbfocbkqsfdzcfkgmn/SourcePackages/checkouts/BigDecimal/Sources/BigDecimal/Decimal32.swift /Users/rogerlin/Library/Developer/Xcode/DerivedData/FinancialCalculatorKit-ackorybalcxbfocbkqsfdzcfkgmn/SourcePackages/checkouts/BigDecimal/Sources/BigDecimal/Decimal64.swift -primary-file /Users/rogerlin/Library/Developer/Xcode/DerivedData/FinancialCalculatorKit-ackorybalcxbfocbkqsfdzcfkgmn/SourcePackages/checkouts/BigDecimal/Sources/BigDecimal/DecimalMath/AsinCalculator.swift /Users/rogerlin/Library/Developer/Xcode/DerivedData/FinancialCalculatorKit-ackorybalcxbfocbkqsfdzcfkgmn/SourcePackages/checkouts/BigDecimal/Sources/BigDecimal/DecimalMath/CosCalculator.swift /Users/rogerlin/Library/Developer/Xcode/DerivedData/FinancialCalculatorKit-ackorybalcxbfocbkqsfdzcfkgmn/SourcePackages/checkouts/BigDecimal/Sources/BigDecimal/DecimalMath/CoshCalculator.swift /Users/rogerlin/Library/Developer/Xcode/DerivedData/FinancialCalculatorKit-ackorybalcxbfocbkqsfdzcfkgmn/SourcePackages/checkouts/BigDecimal/Sources/BigDecimal/DecimalMath/DecimalMath-Simple.swift /Users/rogerlin/Library/Developer/Xcode/DerivedData/FinancialCalculatorKit-ackorybalcxbfocbkqsfdzcfkgmn/SourcePackages/checkouts/BigDecimal/Sources/BigDecimal/DecimalMath/DecimalMath.swift /Users/rogerlin/Library/Developer/Xcode/DerivedData/FinancialCalculatorKit-ackorybalcxbfocbkqsfdzcfkgmn/SourcePackages/checkouts/BigDecimal/Sources/BigDecimal/DecimalMath/ExponentCalculator.swift /Users/rogerlin/Library/Developer/Xcode/DerivedData/FinancialCalculatorKit-ackorybalcxbfocbkqsfdzcfkgmn/SourcePackages/checkouts/BigDecimal/Sources/BigDecimal/DecimalMath/SeriesCalculator.swift /Users/rogerlin/Library/Developer/Xcode/DerivedData/FinancialCalculatorKit-ackorybalcxbfocbkqsfdzcfkgmn/SourcePackages/checkouts/BigDecimal/Sources/BigDecimal/DecimalMath/SinCalculator.swift /Users/rogerlin/Library/Developer/Xcode/DerivedData/FinancialCalculatorKit-ackorybalcxbfocbkqsfdzcfkgmn/SourcePackages/checkouts/BigDecimal/Sources/BigDecimal/DecimalMath/SinhCalculator.swift /Users/rogerlin/Library/Developer/Xcode/DerivedData/FinancialCalculatorKit-ackorybalcxbfocbkqsfdzcfkgmn/SourcePackages/checkouts/BigDecimal/Sources/BigDecimal/Support/DecimalFloatingPoint.swift /Users/rogerlin/Library/Developer/Xcode/DerivedData/FinancialCalculatorKit-ackorybalcxbfocbkqsfdzcfkgmn/SourcePackages/checkouts/BigDecimal/Sources/BigDecimal/Support/DecimalLogic.swift /Users/rogerlin/Library/Developer/Xcode/DerivedData/FinancialCalculatorKit-ackorybalcxbfocbkqsfdzcfkgmn/SourcePackages/checkouts/BigDecimal/Sources/BigDecimal/Support/Extensions.swift /Users/rogerlin/Library/Developer/Xcode/DerivedData/FinancialCalculatorKit-ackorybalcxbfocbkqsfdzcfkgmn/SourcePackages/checkouts/BigDecimal/Sources/BigDecimal/Support/Rounding.swift -emit-dependencies-path /Users/rogerlin/Library/Developer/Xcode/DerivedData/FinancialCalculatorKit-ackorybalcxbfocbkqsfdzcfkgmn/Build/Intermediates.noindex/BigDecimal.build/Debug/BigDecimal.build/Objects-normal/arm64/AsinCalculator.d -emit-const-values-path /Users/rogerlin/Library/Developer/Xcode/DerivedData/FinancialCalculatorKit-ackorybalcxbfocbkqsfdzcfkgmn/Build/Intermediates.noindex/BigDecimal.build/Debug/BigDecimal.build/Objects-normal/arm64/AsinCalculator.swiftconstvalues -emit-reference-dependencies-path /Users/rogerlin/Library/Developer/Xcode/DerivedData/FinancialCalculatorKit-ackorybalcxbfocbkqsfdzcfkgmn/Build/Intermediates.noindex/BigDecimal.build/Debug/BigDecimal.build/Objects-normal/arm64/AsinCalculator.swiftdeps -serialize-diagnostics-path /Users/rogerlin/Library/Developer/Xcode/DerivedData/FinancialCalculatorKit-ackorybalcxbfocbkqsfdzcfkgmn/Build/Intermediates.noindex/BigDecimal.build/Debug/BigDecimal.build/Objects-normal/arm64/AsinCalculator.dia -target arm64-apple-macos13.3 -load-resolved-plugin /Applications/Xcode.app/Contents/Developer/Platforms/MacOSX.platform/Developer/usr/lib/swift/host/plugins/libFoundationMacros.dylib\#/Applications/Xcode.app/Contents/Developer/Platforms/MacOSX.platform/Developer/usr/bin/swift-plugin-server\#FoundationMacros -load-resolved-plugin /Applications/Xcode.app/Contents/Developer/Platforms/MacOSX.platform/Developer/usr/lib/swift/host/plugins/libObservationMacros.dylib\#/Applications/Xcode.app/Contents/Developer/Platforms/MacOSX.platform/Developer/usr/bin/swift-plugin-server\#ObservationMacros -load-resolved-plugin /Applications/Xcode.app/Contents/Developer/Platforms/MacOSX.platform/Developer/usr/lib/swift/host/plugins/libSwiftMacros.dylib\#/Applications/Xcode.app/Contents/Developer/Platforms/MacOSX.platform/Developer/usr/bin/swift-plugin-server\#SwiftMacros -disable-implicit-swift-modules -Xcc -fno-implicit-modules -Xcc -fno-implicit-module-maps -explicit-swift-module-map-file /Users/rogerlin/Library/Developer/Xcode/DerivedData/FinancialCalculatorKit-ackorybalcxbfocbkqsfdzcfkgmn/Build/Intermediates.noindex/BigDecimal.build/Debug/BigDecimal.build/Objects-normal/arm64/BigDecimal-dependencies-1.json -Xllvm -aarch64-use-tbi -enable-objc-interop -stack-check -sdk /Applications/Xcode.app/Contents/Developer/Platforms/MacOSX.platform/Developer/SDKs/MacOSX26.1.sdk -I /Users/rogerlin/Library/Developer/Xcode/DerivedData/FinancialCalculatorKit-ackorybalcxbfocbkqsfdzcfkgmn/Build/Products/Debug -Isystem /Applications/Xcode.app/Contents/Developer/Platforms/MacOSX.platform/Developer/usr/lib -F /Users/rogerlin/Library/Developer/Xcode/DerivedData/FinancialCalculatorKit-ackorybalcxbfocbkqsfdzcfkgmn/Build/Products/Debug/PackageFrameworks -F /Users/rogerlin/Library/Developer/Xcode/DerivedData/FinancialCalculatorKit-ackorybalcxbfocbkqsfdzcfkgmn/Build/Products/Debug/PackageFrameworks -F /Users/rogerlin/Library/Developer/Xcode/DerivedData/FinancialCalculatorKit-ackorybalcxbfocbkqsfdzcfkgmn/Build/Products/Debug/PackageFrameworks -F /Users/rogerlin/Library/Developer/Xcode/DerivedData/FinancialCalculatorKit-ackorybalcxbfocbkqsfdzcfkgmn/Build/Products/Debug/PackageFrameworks -F /Users/rogerlin/Library/Developer/Xcode/DerivedData/FinancialCalculatorKit-ackorybalcxbfocbkqsfdzcfkgmn/Build/Products/Debug/PackageFrameworks -F /Users/rogerlin/Library/Developer/Xcode/DerivedData/FinancialCalculatorKit-ackorybalcxbfocbkqsfdzcfkgmn/Build/Products/Debug/PackageFrameworks -F /Users/rogerlin/Library/Developer/Xcode/DerivedData/FinancialCalculatorKit-ackorybalcxbfocbkqsfdzcfkgmn/Build/Products/Debug -F /Applications/Xcode.app/Contents/Developer/Platforms/MacOSX.platform/Developer/Library/Frameworks -no-color-diagnostics -Xcc -fno-color-diagnostics -enable-testing -g -debug-info-format\=dwarf -dwarf-version\=4 -module-cache-path /Users/rogerlin/Library/Developer/Xcode/DerivedData/FinancialCalculatorKit-ackorybalcxbfocbkqsfdzcfkgmn/Build/Intermediates.noindex/SwiftExplicitPrecompiledModules -suppress-warnings -profile-generate -profile-coverage-mapping -swift-version 5 -enforce-exclusivity\=checked -Onone -D SWIFT_PACKAGE -D DEBUG -D SWIFT_MODULE_RESOURCE_BUNDLE_UNAVAILABLE -D Xcode -serialize-debugging-options -const-gather-protocols-file /Users/rogerlin/Library/Developer/Xcode/DerivedData/FinancialCalculatorKit-ackorybalcxbfocbkqsfdzcfkgmn/Build/Intermediates.noindex/BigDecimal.build/Debug/BigDecimal.build/Objects-normal/arm64/BigDecimal_const_extract_protocols.json -enable-experimental-feature DebugDescriptionMacro -empty-abi-descriptor -validate-clang-modules-once -clang-build-session-file /Users/rogerlin/Library/Developer/Xcode/DerivedData/ModuleCache.noindex/Session.modulevalidation -Xcc -working-directory -Xcc /Users/rogerlin/XCode-Projects/FinancialCalculatorKit-5.0-updated-accent-colors/FinancialCalculatorKit.xcodeproj -enable-anonymous-context-mangled-names -file-compilation-dir /Users/rogerlin/XCode-Projects/FinancialCalculatorKit-5.0-updated-accent-colors/FinancialCalculatorKit.xcodeproj -Xcc -D_LIBCPP_HARDENING_MODE\=_LIBCPP_HARDENING_MODE_DEBUG -Xcc -ivfsstatcache -Xcc /Users/rogerlin/Library/Developer/Xcode/DerivedData/SDKStatCaches.noindex/macosx26.1-25B74-3ae1261907bdadc328169391a47051a6.sdkstatcache -Xcc -I/Users/rogerlin/Library/Developer/Xcode/DerivedData/FinancialCalculatorKit-ackorybalcxbfocbkqsfdzcfkgmn/Build/Intermediates.noindex/BigDecimal.build/Debug/BigDecimal.build/swift-overrides.hmap -Xcc -I/Users/rogerlin/Library/Developer/Xcode/DerivedData/FinancialCalculatorKit-ackorybalcxbfocbkqsfdzcfkgmn/SourcePackages/checkouts/swift-numerics/Sources/_NumericsShims/include -Xcc -I/Users/rogerlin/Library/Developer/Xcode/DerivedData/FinancialCalculatorKit-ackorybalcxbfocbkqsfdzcfkgmn/Build/Products/Debug/include -Xcc -I/Users/rogerlin/Library/Developer/Xcode/DerivedData/FinancialCalculatorKit-ackorybalcxbfocbkqsfdzcfkgmn/Build/Intermediates.noindex/BigDecimal.build/Debug/BigDecimal.build/DerivedSources-normal/arm64 -Xcc -I/Users/rogerlin/Library/Developer/Xcode/DerivedData/FinancialCalculatorKit-ackorybalcxbfocbkqsfdzcfkgmn/Build/Intermediates.noindex/BigDecimal.build/Debug/BigDecimal.build/DerivedSources/arm64 -Xcc -I/Users/rogerlin/Library/Developer/Xcode/DerivedData/FinancialCalculatorKit-ackorybalcxbfocbkqsfdzcfkgmn/Build/Intermediates.noindex/BigDecimal.build/Debug/BigDecimal.build/DerivedSources -Xcc -DSWIFT_PACKAGE -Xcc -DDEBUG\=1 -no-auto-bridging-header-chaining -module-name BigDecimal -package-name bigdecimal -frontend-parseable-output -disable-clang-spi -target-sdk-version 26.1 -target-sdk-name macosx26.1 -clang-target arm64-apple-macos26.1 -in-process-plugin-server-path /Applications/Xcode.app/Contents/Developer/Toolchains/XcodeDefault.xctoolchain/usr/lib/swift/host/libSwiftInProcPluginServer.dylib -o /Users/rogerlin/Library/Developer/Xcode/DerivedData/FinancialCalculatorKit-ackorybalcxbfocbkqsfdzcfkgmn/Build/Intermediates.noindex/BigDecimal.build/Debug/BigDecimal.build/Objects-normal/arm64/AsinCalculator.o -index-unit-output-path /BigDecimal.build/Debug/BigDecimal.build/Objects-normal/arm64/AsinCalculator.o -index-store-path /Users/rogerlin/Library/Developer/Xcode/DerivedData/FinancialCalculatorKit-ackorybalcxbfocbkqsfdzcfkgmn/Index.noindex/DataStore -index-system-modules

SwiftCompile normal arm64 /Users/rogerlin/Library/Developer/Xcode/DerivedData/FinancialCalculatorKit-ackorybalcxbfocbkqsfdzcfkgmn/SourcePackages/checkouts/BigDecimal/Sources/BigDecimal/DecimalMath/AsinCalculator.swift (in target 'BigDecimal' from project 'BigDecimal')
    cd /Users/rogerlin/XCode-Projects/FinancialCalculatorKit-5.0-updated-accent-colors/FinancialCalculatorKit.xcodeproj
    

SwiftDriverJobDiscovery normal arm64 Compiling PairedSequence.swift, XML.Formatter.SVG.swift, XML.Formatter.swift (in target 'SwiftDraw' from project 'SwiftDraw')

SwiftCompile normal arm64 Compiling\ Decimal.swift,\ Decimal128.swift /Users/rogerlin/Library/Developer/Xcode/DerivedData/FinancialCalculatorKit-ackorybalcxbfocbkqsfdzcfkgmn/SourcePackages/checkouts/BigDecimal/Sources/BigDecimal/Decimal.swift /Users/rogerlin/Library/Developer/Xcode/DerivedData/FinancialCalculatorKit-ackorybalcxbfocbkqsfdzcfkgmn/SourcePackages/checkouts/BigDecimal/Sources/BigDecimal/Decimal128.swift (in target 'BigDecimal' from project 'BigDecimal')
/Applications/Xcode.app/Contents/Developer/Toolchains/XcodeDefault.xctoolchain/usr/bin/swift-frontend -frontend -c /Users/rogerlin/Library/Developer/Xcode/DerivedData/FinancialCalculatorKit-ackorybalcxbfocbkqsfdzcfkgmn/SourcePackages/checkouts/BigDecimal/Sources/BigDecimal/BigDecimal.swift /Users/rogerlin/Library/Developer/Xcode/DerivedData/FinancialCalculatorKit-ackorybalcxbfocbkqsfdzcfkgmn/SourcePackages/checkouts/BigDecimal/Sources/BigDecimal/CBDecimal.swift -primary-file /Users/rogerlin/Library/Developer/Xcode/DerivedData/FinancialCalculatorKit-ackorybalcxbfocbkqsfdzcfkgmn/SourcePackages/checkouts/BigDecimal/Sources/BigDecimal/Decimal.swift -primary-file /Users/rogerlin/Library/Developer/Xcode/DerivedData/FinancialCalculatorKit-ackorybalcxbfocbkqsfdzcfkgmn/SourcePackages/checkouts/BigDecimal/Sources/BigDecimal/Decimal128.swift /Users/rogerlin/Library/Developer/Xcode/DerivedData/FinancialCalculatorKit-ackorybalcxbfocbkqsfdzcfkgmn/SourcePackages/checkouts/BigDecimal/Sources/BigDecimal/Decimal32.swift /Users/rogerlin/Library/Developer/Xcode/DerivedData/FinancialCalculatorKit-ackorybalcxbfocbkqsfdzcfkgmn/SourcePackages/checkouts/BigDecimal/Sources/BigDecimal/Decimal64.swift /Users/rogerlin/Library/Developer/Xcode/DerivedData/FinancialCalculatorKit-ackorybalcxbfocbkqsfdzcfkgmn/SourcePackages/checkouts/BigDecimal/Sources/BigDecimal/DecimalMath/AsinCalculator.swift /Users/rogerlin/Library/Developer/Xcode/DerivedData/FinancialCalculatorKit-ackorybalcxbfocbkqsfdzcfkgmn/SourcePackages/checkouts/BigDecimal/Sources/BigDecimal/DecimalMath/CosCalculator.swift /Users/rogerlin/Library/Developer/Xcode/DerivedData/FinancialCalculatorKit-ackorybalcxbfocbkqsfdzcfkgmn/SourcePackages/checkouts/BigDecimal/Sources/BigDecimal/DecimalMath/CoshCalculator.swift /Users/rogerlin/Library/Developer/Xcode/DerivedData/FinancialCalculatorKit-ackorybalcxbfocbkqsfdzcfkgmn/SourcePackages/checkouts/BigDecimal/Sources/BigDecimal/DecimalMath/DecimalMath-Simple.swift /Users/rogerlin/Library/Developer/Xcode/DerivedData/FinancialCalculatorKit-ackorybalcxbfocbkqsfdzcfkgmn/SourcePackages/checkouts/BigDecimal/Sources/BigDecimal/DecimalMath/DecimalMath.swift /Users/rogerlin/Library/Developer/Xcode/DerivedData/FinancialCalculatorKit-ackorybalcxbfocbkqsfdzcfkgmn/SourcePackages/checkouts/BigDecimal/Sources/BigDecimal/DecimalMath/ExponentCalculator.swift /Users/rogerlin/Library/Developer/Xcode/DerivedData/FinancialCalculatorKit-ackorybalcxbfocbkqsfdzcfkgmn/SourcePackages/checkouts/BigDecimal/Sources/BigDecimal/DecimalMath/SeriesCalculator.swift /Users/rogerlin/Library/Developer/Xcode/DerivedData/FinancialCalculatorKit-ackorybalcxbfocbkqsfdzcfkgmn/SourcePackages/checkouts/BigDecimal/Sources/BigDecimal/DecimalMath/SinCalculator.swift /Users/rogerlin/Library/Developer/Xcode/DerivedData/FinancialCalculatorKit-ackorybalcxbfocbkqsfdzcfkgmn/SourcePackages/checkouts/BigDecimal/Sources/BigDecimal/DecimalMath/SinhCalculator.swift /Users/rogerlin/Library/Developer/Xcode/DerivedData/FinancialCalculatorKit-ackorybalcxbfocbkqsfdzcfkgmn/SourcePackages/checkouts/BigDecimal/Sources/BigDecimal/Support/DecimalFloatingPoint.swift /Users/rogerlin/Library/Developer/Xcode/DerivedData/FinancialCalculatorKit-ackorybalcxbfocbkqsfdzcfkgmn/SourcePackages/checkouts/BigDecimal/Sources/BigDecimal/Support/DecimalLogic.swift /Users/rogerlin/Library/Developer/Xcode/DerivedData/FinancialCalculatorKit-ackorybalcxbfocbkqsfdzcfkgmn/SourcePackages/checkouts/BigDecimal/Sources/BigDecimal/Support/Extensions.swift /Users/rogerlin/Library/Developer/Xcode/DerivedData/FinancialCalculatorKit-ackorybalcxbfocbkqsfdzcfkgmn/SourcePackages/checkouts/BigDecimal/Sources/BigDecimal/Support/Rounding.swift -emit-dependencies-path /Users/rogerlin/Library/Developer/Xcode/DerivedData/FinancialCalculatorKit-ackorybalcxbfocbkqsfdzcfkgmn/Build/Intermediates.noindex/BigDecimal.build/Debug/BigDecimal.build/Objects-normal/arm64/Decimal.d -emit-const-values-path /Users/rogerlin/Library/Developer/Xcode/DerivedData/FinancialCalculatorKit-ackorybalcxbfocbkqsfdzcfkgmn/Build/Intermediates.noindex/BigDecimal.build/Debug/BigDecimal.build/Objects-normal/arm64/Decimal.swiftconstvalues -emit-reference-dependencies-path /Users/rogerlin/Library/Developer/Xcode/DerivedData/FinancialCalculatorKit-ackorybalcxbfocbkqsfdzcfkgmn/Build/Intermediates.noindex/BigDecimal.build/Debug/BigDecimal.build/Objects-normal/arm64/Decimal.swiftdeps -serialize-diagnostics-path /Users/rogerlin/Library/Developer/Xcode/DerivedData/FinancialCalculatorKit-ackorybalcxbfocbkqsfdzcfkgmn/Build/Intermediates.noindex/BigDecimal.build/Debug/BigDecimal.build/Objects-normal/arm64/Decimal.dia -emit-dependencies-path /Users/rogerlin/Library/Developer/Xcode/DerivedData/FinancialCalculatorKit-ackorybalcxbfocbkqsfdzcfkgmn/Build/Intermediates.noindex/BigDecimal.build/Debug/BigDecimal.build/Objects-normal/arm64/Decimal128.d -emit-const-values-path /Users/rogerlin/Library/Developer/Xcode/DerivedData/FinancialCalculatorKit-ackorybalcxbfocbkqsfdzcfkgmn/Build/Intermediates.noindex/BigDecimal.build/Debug/BigDecimal.build/Objects-normal/arm64/Decimal128.swiftconstvalues -emit-reference-dependencies-path /Users/rogerlin/Library/Developer/Xcode/DerivedData/FinancialCalculatorKit-ackorybalcxbfocbkqsfdzcfkgmn/Build/Intermediates.noindex/BigDecimal.build/Debug/BigDecimal.build/Objects-normal/arm64/Decimal128.swiftdeps -serialize-diagnostics-path /Users/rogerlin/Library/Developer/Xcode/DerivedData/FinancialCalculatorKit-ackorybalcxbfocbkqsfdzcfkgmn/Build/Intermediates.noindex/BigDecimal.build/Debug/BigDecimal.build/Objects-normal/arm64/Decimal128.dia -target arm64-apple-macos13.3 -load-resolved-plugin /Applications/Xcode.app/Contents/Developer/Platforms/MacOSX.platform/Developer/usr/lib/swift/host/plugins/libFoundationMacros.dylib\#/Applications/Xcode.app/Contents/Developer/Platforms/MacOSX.platform/Developer/usr/bin/swift-plugin-server\#FoundationMacros -load-resolved-plugin /Applications/Xcode.app/Contents/Developer/Platforms/MacOSX.platform/Developer/usr/lib/swift/host/plugins/libObservationMacros.dylib\#/Applications/Xcode.app/Contents/Developer/Platforms/MacOSX.platform/Developer/usr/bin/swift-plugin-server\#ObservationMacros -load-resolved-plugin /Applications/Xcode.app/Contents/Developer/Platforms/MacOSX.platform/Developer/usr/lib/swift/host/plugins/libSwiftMacros.dylib\#/Applications/Xcode.app/Contents/Developer/Platforms/MacOSX.platform/Developer/usr/bin/swift-plugin-server\#SwiftMacros -disable-implicit-swift-modules -Xcc -fno-implicit-modules -Xcc -fno-implicit-module-maps -explicit-swift-module-map-file /Users/rogerlin/Library/Developer/Xcode/DerivedData/FinancialCalculatorKit-ackorybalcxbfocbkqsfdzcfkgmn/Build/Intermediates.noindex/BigDecimal.build/Debug/BigDecimal.build/Objects-normal/arm64/BigDecimal-dependencies-1.json -Xllvm -aarch64-use-tbi -enable-objc-interop -stack-check -sdk /Applications/Xcode.app/Contents/Developer/Platforms/MacOSX.platform/Developer/SDKs/MacOSX26.1.sdk -I /Users/rogerlin/Library/Developer/Xcode/DerivedData/FinancialCalculatorKit-ackorybalcxbfocbkqsfdzcfkgmn/Build/Products/Debug -Isystem /Applications/Xcode.app/Contents/Developer/Platforms/MacOSX.platform/Developer/usr/lib -F /Users/rogerlin/Library/Developer/Xcode/DerivedData/FinancialCalculatorKit-ackorybalcxbfocbkqsfdzcfkgmn/Build/Products/Debug/PackageFrameworks -F /Users/rogerlin/Library/Developer/Xcode/DerivedData/FinancialCalculatorKit-ackorybalcxbfocbkqsfdzcfkgmn/Build/Products/Debug/PackageFrameworks -F /Users/rogerlin/Library/Developer/Xcode/DerivedData/FinancialCalculatorKit-ackorybalcxbfocbkqsfdzcfkgmn/Build/Products/Debug/PackageFrameworks -F /Users/rogerlin/Library/Developer/Xcode/DerivedData/FinancialCalculatorKit-ackorybalcxbfocbkqsfdzcfkgmn/Build/Products/Debug/PackageFrameworks -F /Users/rogerlin/Library/Developer/Xcode/DerivedData/FinancialCalculatorKit-ackorybalcxbfocbkqsfdzcfkgmn/Build/Products/Debug/PackageFrameworks -F /Users/rogerlin/Library/Developer/Xcode/DerivedData/FinancialCalculatorKit-ackorybalcxbfocbkqsfdzcfkgmn/Build/Products/Debug/PackageFrameworks -F /Users/rogerlin/Library/Developer/Xcode/DerivedData/FinancialCalculatorKit-ackorybalcxbfocbkqsfdzcfkgmn/Build/Products/Debug -F /Applications/Xcode.app/Contents/Developer/Platforms/MacOSX.platform/Developer/Library/Frameworks -no-color-diagnostics -Xcc -fno-color-diagnostics -enable-testing -g -debug-info-format\=dwarf -dwarf-version\=4 -module-cache-path /Users/rogerlin/Library/Developer/Xcode/DerivedData/FinancialCalculatorKit-ackorybalcxbfocbkqsfdzcfkgmn/Build/Intermediates.noindex/SwiftExplicitPrecompiledModules -suppress-warnings -profile-generate -profile-coverage-mapping -swift-version 5 -enforce-exclusivity\=checked -Onone -D SWIFT_PACKAGE -D DEBUG -D SWIFT_MODULE_RESOURCE_BUNDLE_UNAVAILABLE -D Xcode -serialize-debugging-options -const-gather-protocols-file /Users/rogerlin/Library/Developer/Xcode/DerivedData/FinancialCalculatorKit-ackorybalcxbfocbkqsfdzcfkgmn/Build/Intermediates.noindex/BigDecimal.build/Debug/BigDecimal.build/Objects-normal/arm64/BigDecimal_const_extract_protocols.json -enable-experimental-feature DebugDescriptionMacro -empty-abi-descriptor -validate-clang-modules-once -clang-build-session-file /Users/rogerlin/Library/Developer/Xcode/DerivedData/ModuleCache.noindex/Session.modulevalidation -Xcc -working-directory -Xcc /Users/rogerlin/XCode-Projects/FinancialCalculatorKit-5.0-updated-accent-colors/FinancialCalculatorKit.xcodeproj -enable-anonymous-context-mangled-names -file-compilation-dir /Users/rogerlin/XCode-Projects/FinancialCalculatorKit-5.0-updated-accent-colors/FinancialCalculatorKit.xcodeproj -Xcc -D_LIBCPP_HARDENING_MODE\=_LIBCPP_HARDENING_MODE_DEBUG -Xcc -ivfsstatcache -Xcc /Users/rogerlin/Library/Developer/Xcode/DerivedData/SDKStatCaches.noindex/macosx26.1-25B74-3ae1261907bdadc328169391a47051a6.sdkstatcache -Xcc -I/Users/rogerlin/Library/Developer/Xcode/DerivedData/FinancialCalculatorKit-ackorybalcxbfocbkqsfdzcfkgmn/Build/Intermediates.noindex/BigDecimal.build/Debug/BigDecimal.build/swift-overrides.hmap -Xcc -I/Users/rogerlin/Library/Developer/Xcode/DerivedData/FinancialCalculatorKit-ackorybalcxbfocbkqsfdzcfkgmn/SourcePackages/checkouts/swift-numerics/Sources/_NumericsShims/include -Xcc -I/Users/rogerlin/Library/Developer/Xcode/DerivedData/FinancialCalculatorKit-ackorybalcxbfocbkqsfdzcfkgmn/Build/Products/Debug/include -Xcc -I/Users/rogerlin/Library/Developer/Xcode/DerivedData/FinancialCalculatorKit-ackorybalcxbfocbkqsfdzcfkgmn/Build/Intermediates.noindex/BigDecimal.build/Debug/BigDecimal.build/DerivedSources-normal/arm64 -Xcc -I/Users/rogerlin/Library/Developer/Xcode/DerivedData/FinancialCalculatorKit-ackorybalcxbfocbkqsfdzcfkgmn/Build/Intermediates.noindex/BigDecimal.build/Debug/BigDecimal.build/DerivedSources/arm64 -Xcc -I/Users/rogerlin/Library/Developer/Xcode/DerivedData/FinancialCalculatorKit-ackorybalcxbfocbkqsfdzcfkgmn/Build/Intermediates.noindex/BigDecimal.build/Debug/BigDecimal.build/DerivedSources -Xcc -DSWIFT_PACKAGE -Xcc -DDEBUG\=1 -no-auto-bridging-header-chaining -module-name BigDecimal -package-name bigdecimal -frontend-parseable-output -disable-clang-spi -target-sdk-version 26.1 -target-sdk-name macosx26.1 -clang-target arm64-apple-macos26.1 -in-process-plugin-server-path /Applications/Xcode.app/Contents/Developer/Toolchains/XcodeDefault.xctoolchain/usr/lib/swift/host/libSwiftInProcPluginServer.dylib -o /Users/rogerlin/Library/Developer/Xcode/DerivedData/FinancialCalculatorKit-ackorybalcxbfocbkqsfdzcfkgmn/Build/Intermediates.noindex/BigDecimal.build/Debug/BigDecimal.build/Objects-normal/arm64/Decimal.o -o /Users/rogerlin/Library/Developer/Xcode/DerivedData/FinancialCalculatorKit-ackorybalcxbfocbkqsfdzcfkgmn/Build/Intermediates.noindex/BigDecimal.build/Debug/BigDecimal.build/Objects-normal/arm64/Decimal128.o -index-unit-output-path /BigDecimal.build/Debug/BigDecimal.build/Objects-normal/arm64/Decimal.o -index-unit-output-path /BigDecimal.build/Debug/BigDecimal.build/Objects-normal/arm64/Decimal128.o -index-store-path /Users/rogerlin/Library/Developer/Xcode/DerivedData/FinancialCalculatorKit-ackorybalcxbfocbkqsfdzcfkgmn/Index.noindex/DataStore -index-system-modules

SwiftCompile normal arm64 /Users/rogerlin/Library/Developer/Xcode/DerivedData/FinancialCalculatorKit-ackorybalcxbfocbkqsfdzcfkgmn/SourcePackages/checkouts/BigDecimal/Sources/BigDecimal/Decimal.swift (in target 'BigDecimal' from project 'BigDecimal')
    cd /Users/rogerlin/XCode-Projects/FinancialCalculatorKit-5.0-updated-accent-colors/FinancialCalculatorKit.xcodeproj
    

SwiftCompile normal arm64 /Users/rogerlin/Library/Developer/Xcode/DerivedData/FinancialCalculatorKit-ackorybalcxbfocbkqsfdzcfkgmn/SourcePackages/checkouts/BigDecimal/Sources/BigDecimal/Decimal128.swift (in target 'BigDecimal' from project 'BigDecimal')
    cd /Users/rogerlin/XCode-Projects/FinancialCalculatorKit-5.0-updated-accent-colors/FinancialCalculatorKit.xcodeproj
    

SwiftDriverJobDiscovery normal arm64 Compiling CommandLine.swift, CoordinateFormatter.swift, LayerTree.Builder.Layer.swift (in target 'SwiftDraw' from project 'SwiftDraw')

SwiftDriverJobDiscovery normal arm64 Compiling SinhCalculator.swift (in target 'BigDecimal' from project 'BigDecimal')

SwiftDriver LaTeXSwiftUI normal arm64 com.apple.xcode.tools.swift.compiler (in target 'LaTeXSwiftUI' from project 'LaTeXSwiftUI')
    cd /Users/rogerlin/XCode-Projects/FinancialCalculatorKit-5.0-updated-accent-colors/FinancialCalculatorKit.xcodeproj
    builtin-SwiftDriver -- /Applications/Xcode.app/Contents/Developer/Toolchains/XcodeDefault.xctoolchain/usr/bin/swiftc -module-name LaTeXSwiftUI -Onone -enforce-exclusivity\=checked @/Users/rogerlin/Library/Developer/Xcode/DerivedData/FinancialCalculatorKit-ackorybalcxbfocbkqsfdzcfkgmn/Build/Intermediates.noindex/LaTeXSwiftUI.build/Debug/LaTeXSwiftUI.build/Objects-normal/arm64/LaTeXSwiftUI.SwiftFileList -DSWIFT_PACKAGE -DDEBUG -DSWIFT_MODULE_RESOURCE_BUNDLE_UNAVAILABLE -DXcode -plugin-path /Applications/Xcode.app/Contents/Developer/Toolchains/XcodeDefault.xctoolchain/usr/lib/swift/host/plugins/testing -enable-experimental-feature DebugDescriptionMacro -sdk /Applications/Xcode.app/Contents/Developer/Platforms/MacOSX.platform/Developer/SDKs/MacOSX26.1.sdk -target arm64-apple-macos12.0 -g -module-cache-path /Users/rogerlin/Library/Developer/Xcode/DerivedData/ModuleCache.noindex -Xfrontend -serialize-debugging-options -profile-coverage-mapping -profile-generate -enable-testing -suppress-warnings -index-store-path /Users/rogerlin/Library/Developer/Xcode/DerivedData/FinancialCalculatorKit-ackorybalcxbfocbkqsfdzcfkgmn/Index.noindex/DataStore -Xcc -D_LIBCPP_HARDENING_MODE\=_LIBCPP_HARDENING_MODE_DEBUG -swift-version 5 -I /Users/rogerlin/Library/Developer/Xcode/DerivedData/FinancialCalculatorKit-ackorybalcxbfocbkqsfdzcfkgmn/Build/Products/Debug -Isystem /Applications/Xcode.app/Contents/Developer/Platforms/MacOSX.platform/Developer/usr/lib -F /Users/rogerlin/Library/Developer/Xcode/DerivedData/FinancialCalculatorKit-ackorybalcxbfocbkqsfdzcfkgmn/Build/Products/Debug/PackageFrameworks -F /Users/rogerlin/Library/Developer/Xcode/DerivedData/FinancialCalculatorKit-ackorybalcxbfocbkqsfdzcfkgmn/Build/Products/Debug/PackageFrameworks -F /Users/rogerlin/Library/Developer/Xcode/DerivedData/FinancialCalculatorKit-ackorybalcxbfocbkqsfdzcfkgmn/Build/Products/Debug/PackageFrameworks -F /Users/rogerlin/Library/Developer/Xcode/DerivedData/FinancialCalculatorKit-ackorybalcxbfocbkqsfdzcfkgmn/Build/Products/Debug/PackageFrameworks -F /Users/rogerlin/Library/Developer/Xcode/DerivedData/FinancialCalculatorKit-ackorybalcxbfocbkqsfdzcfkgmn/Build/Products/Debug -F /Applications/Xcode.app/Contents/Developer/Platforms/MacOSX.platform/Developer/Library/Frameworks -c -j16 -enable-batch-mode -incremental -Xcc -ivfsstatcache -Xcc /Users/rogerlin/Library/Developer/Xcode/DerivedData/SDKStatCaches.noindex/macosx26.1-25B74-3ae1261907bdadc328169391a47051a6.sdkstatcache -output-file-map /Users/rogerlin/Library/Developer/Xcode/DerivedData/FinancialCalculatorKit-ackorybalcxbfocbkqsfdzcfkgmn/Build/Intermediates.noindex/LaTeXSwiftUI.build/Debug/LaTeXSwiftUI.build/Objects-normal/arm64/LaTeXSwiftUI-OutputFileMap.json -use-frontend-parseable-output -save-temps -no-color-diagnostics -explicit-module-build -module-cache-path /Users/rogerlin/Library/Developer/Xcode/DerivedData/FinancialCalculatorKit-ackorybalcxbfocbkqsfdzcfkgmn/Build/Intermediates.noindex/SwiftExplicitPrecompiledModules -clang-scanner-module-cache-path /Users/rogerlin/Library/Developer/Xcode/DerivedData/ModuleCache.noindex -sdk-module-cache-path /Users/rogerlin/Library/Developer/Xcode/DerivedData/ModuleCache.noindex -serialize-diagnostics -emit-dependencies -emit-module -emit-module-path /Users/rogerlin/Library/Developer/Xcode/DerivedData/FinancialCalculatorKit-ackorybalcxbfocbkqsfdzcfkgmn/Build/Intermediates.noindex/LaTeXSwiftUI.build/Debug/LaTeXSwiftUI.build/Objects-normal/arm64/LaTeXSwiftUI.swiftmodule -validate-clang-modules-once -clang-build-session-file /Users/rogerlin/Library/Developer/Xcode/DerivedData/ModuleCache.noindex/Session.modulevalidation -Xcc -I/Users/rogerlin/Library/Developer/Xcode/DerivedData/FinancialCalculatorKit-ackorybalcxbfocbkqsfdzcfkgmn/Build/Intermediates.noindex/LaTeXSwiftUI.build/Debug/LaTeXSwiftUI.build/swift-overrides.hmap -emit-const-values -Xfrontend -const-gather-protocols-file -Xfrontend /Users/rogerlin/Library/Developer/Xcode/DerivedData/FinancialCalculatorKit-ackorybalcxbfocbkqsfdzcfkgmn/Build/Intermediates.noindex/LaTeXSwiftUI.build/Debug/LaTeXSwiftUI.build/Objects-normal/arm64/LaTeXSwiftUI_const_extract_protocols.json -Xcc -I/Users/rogerlin/Library/Developer/Xcode/DerivedData/FinancialCalculatorKit-ackorybalcxbfocbkqsfdzcfkgmn/Build/Products/Debug/include -Xcc -I/Users/rogerlin/Library/Developer/Xcode/DerivedData/FinancialCalculatorKit-ackorybalcxbfocbkqsfdzcfkgmn/Build/Intermediates.noindex/LaTeXSwiftUI.build/Debug/LaTeXSwiftUI.build/DerivedSources-normal/arm64 -Xcc -I/Users/rogerlin/Library/Developer/Xcode/DerivedData/FinancialCalculatorKit-ackorybalcxbfocbkqsfdzcfkgmn/Build/Intermediates.noindex/LaTeXSwiftUI.build/Debug/LaTeXSwiftUI.build/DerivedSources/arm64 -Xcc -I/Users/rogerlin/Library/Developer/Xcode/DerivedData/FinancialCalculatorKit-ackorybalcxbfocbkqsfdzcfkgmn/Build/Intermediates.noindex/LaTeXSwiftUI.build/Debug/LaTeXSwiftUI.build/DerivedSources -Xcc -DSWIFT_PACKAGE -Xcc -DDEBUG\=1 -emit-objc-header -emit-objc-header-path /Users/rogerlin/Library/Developer/Xcode/DerivedData/FinancialCalculatorKit-ackorybalcxbfocbkqsfdzcfkgmn/Build/Intermediates.noindex/LaTeXSwiftUI.build/Debug/LaTeXSwiftUI.build/Objects-normal/arm64/LaTeXSwiftUI-Swift.h -working-directory /Users/rogerlin/XCode-Projects/FinancialCalculatorKit-5.0-updated-accent-colors/FinancialCalculatorKit.xcodeproj -experimental-emit-module-separately -disable-cmo

    Task input dependencies:

    Task output dependencies:
note: Swift Driver planned jobs for target LaTeXSwiftUI (arm64-normal):
	Explicit Modules:

	Compilation Requirements:
		<PlannedSwiftDriverJob [target(0)]:EmitModule LaTeXSwiftUI dependencies=[]>
	Compilation:
		<PlannedSwiftDriverJob [target(1)]:Compile LaTeXSwiftUI EnvironmentValues+Extensions.swift Font+Extensions.swift Image+Extensions.swift dependencies=[]>
		<PlannedSwiftDriverJob [target(2)]:Compile LaTeXSwiftUI MathJax+Extensions.swift NSImage+Extensions.swift dependencies=[]>
		<PlannedSwiftDriverJob [target(3)]:Compile LaTeXSwiftUI Range+Extensions.swift TeXInputProcessorOptions+Extensions.swift dependencies=[]>
		<PlannedSwiftDriverJob [target(4)]:Compile LaTeXSwiftUI View+Extensions.swift LaTeX.swift dependencies=[]>
		<PlannedSwiftDriverJob [target(5)]:Compile LaTeXSwiftUI Aliases.swift Cache.swift dependencies=[]>
		<PlannedSwiftDriverJob [target(6)]:Compile LaTeXSwiftUI Component.swift ComponentBlock.swift dependencies=[]>
		<PlannedSwiftDriverJob [target(7)]:Compile LaTeXSwiftUI HashableCGRect.swift HashableCGSize.swift dependencies=[]>
		<PlannedSwiftDriverJob [target(8)]:Compile LaTeXSwiftUI ImageContainer.swift Parser.swift dependencies=[]>
		<PlannedSwiftDriverJob [target(9)]:Compile LaTeXSwiftUI Renderer.swift SVG.swift dependencies=[]>
		<PlannedSwiftDriverJob [target(10)]:Compile LaTeXSwiftUI SVGGeometry.swift LaTeX_Previews+Color.swift dependencies=[]>
		<PlannedSwiftDriverJob [target(11)]:Compile LaTeXSwiftUI LaTeX_Previews+Fonts.swift LaTeX_Previews+Modes.swift dependencies=[]>
		<PlannedSwiftDriverJob [target(12)]:Compile LaTeXSwiftUI LaTeX_Previews+Numbers.swift LaTeX_Previews+Special.swift dependencies=[]>
		<PlannedSwiftDriverJob [target(13)]:Compile LaTeXSwiftUI LaTeX_Previews+Styles.swift DefaultLaTeXStyle.swift dependencies=[]>
		<PlannedSwiftDriverJob [target(14)]:Compile LaTeXSwiftUI LaTeXStyle.swift StandardLaTeXStyle.swift dependencies=[]>
		<PlannedSwiftDriverJob [target(15)]:Compile LaTeXSwiftUI ComponentBlocksText.swift ComponentBlocksViews.swift dependencies=[]>
		<PlannedSwiftDriverJob [target(16)]:Compile LaTeXSwiftUI EquationNumber.swift HorizontalImageScroller.swift dependencies=[]>
	After Compilation:

	Verification:
 (in target 'LaTeXSwiftUI' from project 'LaTeXSwiftUI')

SwiftDriverJobDiscovery normal arm64 Compiling LayerTree.Builder.Text.swift, LayerTree.Builder.swift, LayerTree.Color.swift (in target 'SwiftDraw' from project 'SwiftDraw')

SwiftDriverJobDiscovery normal arm64 Compiling LayerTree.Builder.Path.Arc.swift, LayerTree.Builder.Path.swift, LayerTree.Builder.Shape.swift (in target 'SwiftDraw' from project 'SwiftDraw')

ExtractAppIntentsMetadata (in target 'BigInt' from project 'BigInt')
    cd /Users/rogerlin/Library/Developer/Xcode/DerivedData/FinancialCalculatorKit-ackorybalcxbfocbkqsfdzcfkgmn/SourcePackages/checkouts/BigInt
    /Applications/Xcode.app/Contents/Developer/Toolchains/XcodeDefault.xctoolchain/usr/bin/appintentsmetadataprocessor --toolchain-dir /Applications/Xcode.app/Contents/Developer/Toolchains/XcodeDefault.xctoolchain --module-name BigInt --sdk-root /Applications/Xcode.app/Contents/Developer/Platforms/MacOSX.platform/Developer/SDKs/MacOSX26.1.sdk --xcode-version 17B55 --platform-family macOS --deployment-target 13.3 --bundle-identifier bigint.BigInt --output /Users/rogerlin/Library/Developer/Xcode/DerivedData/FinancialCalculatorKit-ackorybalcxbfocbkqsfdzcfkgmn/Build/Products/Debug/BigInt.appintents --target-triple arm64-apple-macos13.3 --binary-file /Users/rogerlin/Library/Developer/Xcode/DerivedData/FinancialCalculatorKit-ackorybalcxbfocbkqsfdzcfkgmn/Build/Products/Debug/BigInt.o --dependency-file /Users/rogerlin/Library/Developer/Xcode/DerivedData/FinancialCalculatorKit-ackorybalcxbfocbkqsfdzcfkgmn/Build/Intermediates.noindex/BigInt.build/Debug/BigInt.build/Objects-normal/arm64/BigInt_dependency_info.dat --stringsdata-file /Users/rogerlin/Library/Developer/Xcode/DerivedData/FinancialCalculatorKit-ackorybalcxbfocbkqsfdzcfkgmn/Build/Intermediates.noindex/BigInt.build/Debug/BigInt.build/Objects-normal/arm64/ExtractedAppShortcutsMetadata.stringsdata --source-file-list /Users/rogerlin/Library/Developer/Xcode/DerivedData/FinancialCalculatorKit-ackorybalcxbfocbkqsfdzcfkgmn/Build/Intermediates.noindex/BigInt.build/Debug/BigInt.build/Objects-normal/arm64/BigInt.SwiftFileList --metadata-file-list /Users/rogerlin/Library/Developer/Xcode/DerivedData/FinancialCalculatorKit-ackorybalcxbfocbkqsfdzcfkgmn/Build/Intermediates.noindex/BigInt.build/Debug/BigInt.build/BigInt.DependencyMetadataFileList --static-metadata-file-list /Users/rogerlin/Library/Developer/Xcode/DerivedData/FinancialCalculatorKit-ackorybalcxbfocbkqsfdzcfkgmn/Build/Intermediates.noindex/BigInt.build/Debug/BigInt.build/BigInt.DependencyStaticMetadataFileList --swift-const-vals-list /Users/rogerlin/Library/Developer/Xcode/DerivedData/FinancialCalculatorKit-ackorybalcxbfocbkqsfdzcfkgmn/Build/Intermediates.noindex/BigInt.build/Debug/BigInt.build/Objects-normal/arm64/BigInt.SwiftConstValuesFileList --force --compile-time-extraction --deployment-aware-processing --validate-assistant-intents --no-app-shortcuts-localization

    Task input dependencies:
        /Users/rogerlin/Library/Developer/Xcode/DerivedData/FinancialCalculatorKit-ackorybalcxbfocbkqsfdzcfkgmn/SourcePackages/checkouts/BigInt/Sources/BigInt/BigFrac.swift
        /Users/rogerlin/Library/Developer/Xcode/DerivedData/FinancialCalculatorKit-ackorybalcxbfocbkqsfdzcfkgmn/SourcePackages/checkouts/BigInt/Sources/BigInt/BigInt-Extensions.swift
        /Users/rogerlin/Library/Developer/Xcode/DerivedData/FinancialCalculatorKit-ackorybalcxbfocbkqsfdzcfkgmn/SourcePackages/checkouts/BigInt/Sources/BigInt/BigInt.swift
        /Users/rogerlin/Library/Developer/Xcode/DerivedData/FinancialCalculatorKit-ackorybalcxbfocbkqsfdzcfkgmn/SourcePackages/checkouts/BigInt/Sources/BigInt/BitSieve.swift
        /Users/rogerlin/Library/Developer/Xcode/DerivedData/FinancialCalculatorKit-ackorybalcxbfocbkqsfdzcfkgmn/SourcePackages/checkouts/BigInt/Sources/BigInt/BurnikelZiegler.swift
        /Users/rogerlin/Library/Developer/Xcode/DerivedData/FinancialCalculatorKit-ackorybalcxbfocbkqsfdzcfkgmn/SourcePackages/checkouts/BigInt/Sources/BigInt/CRT.swift
        /Users/rogerlin/Library/Developer/Xcode/DerivedData/FinancialCalculatorKit-ackorybalcxbfocbkqsfdzcfkgmn/SourcePackages/checkouts/BigInt/Sources/BigInt/ExpMod.swift
        /Users/rogerlin/Library/Developer/Xcode/DerivedData/FinancialCalculatorKit-ackorybalcxbfocbkqsfdzcfkgmn/SourcePackages/checkouts/BigInt/Sources/BigInt/FFT.swift
        /Users/rogerlin/Library/Developer/Xcode/DerivedData/FinancialCalculatorKit-ackorybalcxbfocbkqsfdzcfkgmn/SourcePackages/checkouts/BigInt/Sources/BigInt/Factorial.swift
        /Users/rogerlin/Library/Developer/Xcode/DerivedData/FinancialCalculatorKit-ackorybalcxbfocbkqsfdzcfkgmn/SourcePackages/checkouts/BigInt/Sources/BigInt/GCD.swift
        /Users/rogerlin/Library/Developer/Xcode/DerivedData/FinancialCalculatorKit-ackorybalcxbfocbkqsfdzcfkgmn/SourcePackages/checkouts/BigInt/Sources/BigInt/Karatsuba.swift
        /Users/rogerlin/Library/Developer/Xcode/DerivedData/FinancialCalculatorKit-ackorybalcxbfocbkqsfdzcfkgmn/SourcePackages/checkouts/BigInt/Sources/BigInt/Limbs.swift
        /Users/rogerlin/Library/Developer/Xcode/DerivedData/FinancialCalculatorKit-ackorybalcxbfocbkqsfdzcfkgmn/SourcePackages/checkouts/BigInt/Sources/BigInt/ToomCook.swift
        /Users/rogerlin/Library/Developer/Xcode/DerivedData/FinancialCalculatorKit-ackorybalcxbfocbkqsfdzcfkgmn/Build/Intermediates.noindex/BigInt.build/Debug/BigInt.build/Objects-normal/arm64/BigFrac.swiftconstvalues
        /Users/rogerlin/Library/Developer/Xcode/DerivedData/FinancialCalculatorKit-ackorybalcxbfocbkqsfdzcfkgmn/Build/Intermediates.noindex/BigInt.build/Debug/BigInt.build/Objects-normal/arm64/BigInt-Extensions.swiftconstvalues
        /Users/rogerlin/Library/Developer/Xcode/DerivedData/FinancialCalculatorKit-ackorybalcxbfocbkqsfdzcfkgmn/Build/Intermediates.noindex/BigInt.build/Debug/BigInt.build/Objects-normal/arm64/BigInt-aa2bbfd0f27768d6f473f619a21b4052.swiftconstvalues
        /Users/rogerlin/Library/Developer/Xcode/DerivedData/FinancialCalculatorKit-ackorybalcxbfocbkqsfdzcfkgmn/Build/Intermediates.noindex/BigInt.build/Debug/BigInt.build/Objects-normal/arm64/BitSieve.swiftconstvalues
        /Users/rogerlin/Library/Developer/Xcode/DerivedData/FinancialCalculatorKit-ackorybalcxbfocbkqsfdzcfkgmn/Build/Intermediates.noindex/BigInt.build/Debug/BigInt.build/Objects-normal/arm64/BurnikelZiegler.swiftconstvalues
        /Users/rogerlin/Library/Developer/Xcode/DerivedData/FinancialCalculatorKit-ackorybalcxbfocbkqsfdzcfkgmn/Build/Intermediates.noindex/BigInt.build/Debug/BigInt.build/Objects-normal/arm64/CRT.swiftconstvalues
        /Users/rogerlin/Library/Developer/Xcode/DerivedData/FinancialCalculatorKit-ackorybalcxbfocbkqsfdzcfkgmn/Build/Intermediates.noindex/BigInt.build/Debug/BigInt.build/Objects-normal/arm64/ExpMod.swiftconstvalues
        /Users/rogerlin/Library/Developer/Xcode/DerivedData/FinancialCalculatorKit-ackorybalcxbfocbkqsfdzcfkgmn/Build/Intermediates.noindex/BigInt.build/Debug/BigInt.build/Objects-normal/arm64/FFT.swiftconstvalues
        /Users/rogerlin/Library/Developer/Xcode/DerivedData/FinancialCalculatorKit-ackorybalcxbfocbkqsfdzcfkgmn/Build/Intermediates.noindex/BigInt.build/Debug/BigInt.build/Objects-normal/arm64/Factorial.swiftconstvalues
        /Users/rogerlin/Library/Developer/Xcode/DerivedData/FinancialCalculatorKit-ackorybalcxbfocbkqsfdzcfkgmn/Build/Intermediates.noindex/BigInt.build/Debug/BigInt.build/Objects-normal/arm64/GCD.swiftconstvalues
        /Users/rogerlin/Library/Developer/Xcode/DerivedData/FinancialCalculatorKit-ackorybalcxbfocbkqsfdzcfkgmn/Build/Intermediates.noindex/BigInt.build/Debug/BigInt.build/Objects-normal/arm64/Karatsuba.swiftconstvalues
        /Users/rogerlin/Library/Developer/Xcode/DerivedData/FinancialCalculatorKit-ackorybalcxbfocbkqsfdzcfkgmn/Build/Intermediates.noindex/BigInt.build/Debug/BigInt.build/Objects-normal/arm64/Limbs.swiftconstvalues
        /Users/rogerlin/Library/Developer/Xcode/DerivedData/FinancialCalculatorKit-ackorybalcxbfocbkqsfdzcfkgmn/Build/Intermediates.noindex/BigInt.build/Debug/BigInt.build/Objects-normal/arm64/ToomCook.swiftconstvalues
        /Users/rogerlin/Library/Developer/Xcode/DerivedData/FinancialCalculatorKit-ackorybalcxbfocbkqsfdzcfkgmn/Build/Products/Debug/BigInt.o
        /Users/rogerlin/Library/Developer/Xcode/DerivedData/FinancialCalculatorKit-ackorybalcxbfocbkqsfdzcfkgmn/Build/Intermediates.noindex/BigInt.build/Debug/BigInt.build/BigInt.DependencyMetadataFileList
        /Users/rogerlin/Library/Developer/Xcode/DerivedData/FinancialCalculatorKit-ackorybalcxbfocbkqsfdzcfkgmn/Build/Intermediates.noindex/BigInt.build/Debug/BigInt.build/BigInt.DependencyStaticMetadataFileList
        /Users/rogerlin/Library/Developer/Xcode/DerivedData/FinancialCalculatorKit-ackorybalcxbfocbkqsfdzcfkgmn/Build/Intermediates.noindex/BigInt.build/Debug/BigInt.build/Objects-normal/arm64/BigInt_dependency_info.dat
        /Users/rogerlin/Library/Developer/Xcode/DerivedData/FinancialCalculatorKit-ackorybalcxbfocbkqsfdzcfkgmn/Build/Intermediates.noindex/BigInt.build/Debug/BigInt.build/Objects-normal/arm64/BigInt.SwiftFileList
        /Users/rogerlin/Library/Developer/Xcode/DerivedData/FinancialCalculatorKit-ackorybalcxbfocbkqsfdzcfkgmn/Build/Intermediates.noindex/BigInt.build/Debug/BigInt.build/Objects-normal/arm64/BigInt.SwiftConstValuesFileList

    Task output dependencies:
        /Users/rogerlin/Library/Developer/Xcode/DerivedData/FinancialCalculatorKit-ackorybalcxbfocbkqsfdzcfkgmn/Build/Intermediates.noindex/BigInt.build/Debug/BigInt.build/Objects-normal/arm64/ExtractedAppShortcutsMetadata.stringsdata
2025-11-05 20:45:56.627 appintentsmetadataprocessor[13969:496796] Starting appintentsmetadataprocessor export
2025-11-05 20:45:56.770 appintentsmetadataprocessor[13969:496796] Extracted no relevant App Intents symbols, skipping writing output

RegisterExecutionPolicyException /Users/rogerlin/Library/Developer/Xcode/DerivedData/FinancialCalculatorKit-ackorybalcxbfocbkqsfdzcfkgmn/Build/Products/Debug/IssueReporting.o (in target 'IssueReporting' from project 'xctest-dynamic-overlay')
    cd /Users/rogerlin/Library/Developer/Xcode/DerivedData/FinancialCalculatorKit-ackorybalcxbfocbkqsfdzcfkgmn/SourcePackages/checkouts/xctest-dynamic-overlay
    builtin-RegisterExecutionPolicyException /Users/rogerlin/Library/Developer/Xcode/DerivedData/FinancialCalculatorKit-ackorybalcxbfocbkqsfdzcfkgmn/Build/Products/Debug/IssueReporting.o

    Task input dependencies:
        /Users/rogerlin/Library/Developer/Xcode/DerivedData/FinancialCalculatorKit-ackorybalcxbfocbkqsfdzcfkgmn/Build/Products/Debug/IssueReporting.o

    Task output dependencies:

SwiftDriverJobDiscovery normal arm64 Compiling DecimalMath-Simple.swift (in target 'BigDecimal' from project 'BigDecimal')

SwiftDriver ExpressionParser normal arm64 com.apple.xcode.tools.swift.compiler (in target 'ExpressionParser' from project 'ExpressionParser')
    cd /Users/rogerlin/XCode-Projects/FinancialCalculatorKit-5.0-updated-accent-colors/FinancialCalculatorKit.xcodeproj
    builtin-SwiftDriver -- /Applications/Xcode.app/Contents/Developer/Toolchains/XcodeDefault.xctoolchain/usr/bin/swiftc -module-name ExpressionParser -Onone -enforce-exclusivity\=checked @/Users/rogerlin/Library/Developer/Xcode/DerivedData/FinancialCalculatorKit-ackorybalcxbfocbkqsfdzcfkgmn/Build/Intermediates.noindex/ExpressionParser.build/Debug/ExpressionParser.build/Objects-normal/arm64/ExpressionParser.SwiftFileList -DSWIFT_PACKAGE -DDEBUG -DSWIFT_MODULE_RESOURCE_BUNDLE_UNAVAILABLE -DXcode -plugin-path /Applications/Xcode.app/Contents/Developer/Toolchains/XcodeDefault.xctoolchain/usr/lib/swift/host/plugins/testing -enable-experimental-feature DebugDescriptionMacro -sdk /Applications/Xcode.app/Contents/Developer/Platforms/MacOSX.platform/Developer/SDKs/MacOSX26.1.sdk -target arm64-apple-macos15.0 -g -module-cache-path /Users/rogerlin/Library/Developer/Xcode/DerivedData/ModuleCache.noindex -Xfrontend -serialize-debugging-options -profile-coverage-mapping -profile-generate -enable-testing -suppress-warnings -index-store-path /Users/rogerlin/Library/Developer/Xcode/DerivedData/FinancialCalculatorKit-ackorybalcxbfocbkqsfdzcfkgmn/Index.noindex/DataStore -Xcc -D_LIBCPP_HARDENING_MODE\=_LIBCPP_HARDENING_MODE_DEBUG -swift-version 5 -I /Users/rogerlin/Library/Developer/Xcode/DerivedData/FinancialCalculatorKit-ackorybalcxbfocbkqsfdzcfkgmn/Build/Products/Debug -Isystem /Applications/Xcode.app/Contents/Developer/Platforms/MacOSX.platform/Developer/usr/lib -F /Users/rogerlin/Library/Developer/Xcode/DerivedData/FinancialCalculatorKit-ackorybalcxbfocbkqsfdzcfkgmn/Build/Products/Debug/PackageFrameworks -F /Users/rogerlin/Library/Developer/Xcode/DerivedData/FinancialCalculatorKit-ackorybalcxbfocbkqsfdzcfkgmn/Build/Products/Debug/PackageFrameworks -F /Users/rogerlin/Library/Developer/Xcode/DerivedData/FinancialCalculatorKit-ackorybalcxbfocbkqsfdzcfkgmn/Build/Products/Debug/PackageFrameworks -F /Users/rogerlin/Library/Developer/Xcode/DerivedData/FinancialCalculatorKit-ackorybalcxbfocbkqsfdzcfkgmn/Build/Products/Debug/PackageFrameworks -F /Users/rogerlin/Library/Developer/Xcode/DerivedData/FinancialCalculatorKit-ackorybalcxbfocbkqsfdzcfkgmn/Build/Products/Debug/PackageFrameworks -F /Users/rogerlin/Library/Developer/Xcode/DerivedData/FinancialCalculatorKit-ackorybalcxbfocbkqsfdzcfkgmn/Build/Products/Debug/PackageFrameworks -F /Users/rogerlin/Library/Developer/Xcode/DerivedData/FinancialCalculatorKit-ackorybalcxbfocbkqsfdzcfkgmn/Build/Products/Debug/PackageFrameworks -F /Users/rogerlin/Library/Developer/Xcode/DerivedData/FinancialCalculatorKit-ackorybalcxbfocbkqsfdzcfkgmn/Build/Products/Debug -F /Applications/Xcode.app/Contents/Developer/Platforms/MacOSX.platform/Developer/Library/Frameworks -c -j16 -enable-batch-mode -incremental -Xcc -ivfsstatcache -Xcc /Users/rogerlin/Library/Developer/Xcode/DerivedData/SDKStatCaches.noindex/macosx26.1-25B74-3ae1261907bdadc328169391a47051a6.sdkstatcache -output-file-map /Users/rogerlin/Library/Developer/Xcode/DerivedData/FinancialCalculatorKit-ackorybalcxbfocbkqsfdzcfkgmn/Build/Intermediates.noindex/ExpressionParser.build/Debug/ExpressionParser.build/Objects-normal/arm64/ExpressionParser-OutputFileMap.json -use-frontend-parseable-output -save-temps -no-color-diagnostics -explicit-module-build -module-cache-path /Users/rogerlin/Library/Developer/Xcode/DerivedData/FinancialCalculatorKit-ackorybalcxbfocbkqsfdzcfkgmn/Build/Intermediates.noindex/SwiftExplicitPrecompiledModules -clang-scanner-module-cache-path /Users/rogerlin/Library/Developer/Xcode/DerivedData/ModuleCache.noindex -sdk-module-cache-path /Users/rogerlin/Library/Developer/Xcode/DerivedData/ModuleCache.noindex -serialize-diagnostics -emit-dependencies -emit-module -emit-module-path /Users/rogerlin/Library/Developer/Xcode/DerivedData/FinancialCalculatorKit-ackorybalcxbfocbkqsfdzcfkgmn/Build/Intermediates.noindex/ExpressionParser.build/Debug/ExpressionParser.build/Objects-normal/arm64/ExpressionParser.swiftmodule -validate-clang-modules-once -clang-build-session-file /Users/rogerlin/Library/Developer/Xcode/DerivedData/ModuleCache.noindex/Session.modulevalidation -package-name expressionparser -Xcc -I/Users/rogerlin/Library/Developer/Xcode/DerivedData/FinancialCalculatorKit-ackorybalcxbfocbkqsfdzcfkgmn/Build/Intermediates.noindex/ExpressionParser.build/Debug/ExpressionParser.build/swift-overrides.hmap -emit-const-values -Xfrontend -const-gather-protocols-file -Xfrontend /Users/rogerlin/Library/Developer/Xcode/DerivedData/FinancialCalculatorKit-ackorybalcxbfocbkqsfdzcfkgmn/Build/Intermediates.noindex/ExpressionParser.build/Debug/ExpressionParser.build/Objects-normal/arm64/ExpressionParser_const_extract_protocols.json -Xcc -I/Users/rogerlin/Library/Developer/Xcode/DerivedData/FinancialCalculatorKit-ackorybalcxbfocbkqsfdzcfkgmn/SourcePackages/checkouts/swift-numerics/Sources/_NumericsShims/include -Xcc -I/Users/rogerlin/Library/Developer/Xcode/DerivedData/FinancialCalculatorKit-ackorybalcxbfocbkqsfdzcfkgmn/Build/Products/Debug/include -Xcc -I/Users/rogerlin/Library/Developer/Xcode/DerivedData/FinancialCalculatorKit-ackorybalcxbfocbkqsfdzcfkgmn/Build/Intermediates.noindex/ExpressionParser.build/Debug/ExpressionParser.build/DerivedSources-normal/arm64 -Xcc -I/Users/rogerlin/Library/Developer/Xcode/DerivedData/FinancialCalculatorKit-ackorybalcxbfocbkqsfdzcfkgmn/Build/Intermediates.noindex/ExpressionParser.build/Debug/ExpressionParser.build/DerivedSources/arm64 -Xcc -I/Users/rogerlin/Library/Developer/Xcode/DerivedData/FinancialCalculatorKit-ackorybalcxbfocbkqsfdzcfkgmn/Build/Intermediates.noindex/ExpressionParser.build/Debug/ExpressionParser.build/DerivedSources -Xcc -DSWIFT_PACKAGE -Xcc -DDEBUG\=1 -emit-objc-header -emit-objc-header-path /Users/rogerlin/Library/Developer/Xcode/DerivedData/FinancialCalculatorKit-ackorybalcxbfocbkqsfdzcfkgmn/Build/Intermediates.noindex/ExpressionParser.build/Debug/ExpressionParser.build/Objects-normal/arm64/ExpressionParser-Swift.h -working-directory /Users/rogerlin/XCode-Projects/FinancialCalculatorKit-5.0-updated-accent-colors/FinancialCalculatorKit.xcodeproj -experimental-emit-module-separately -disable-cmo

    Task input dependencies:

    Task output dependencies:
note: Swift Driver planned jobs for target ExpressionParser (arm64-normal):
	Explicit Modules:

	Compilation Requirements:
		<PlannedSwiftDriverJob [target(0)]:EmitModule ExpressionParser dependencies=[]>
	Compilation:
		<PlannedSwiftDriverJob [target(1)]:Compile ExpressionParser AST.swift dependencies=[]>
		<PlannedSwiftDriverJob [target(2)]:Compile ExpressionParser ExpressionParser.swift dependencies=[]>
		<PlannedSwiftDriverJob [target(3)]:Compile ExpressionParser LaTeX.swift dependencies=[]>
		<PlannedSwiftDriverJob [target(4)]:Compile ExpressionParser Parser.swift dependencies=[]>
		<PlannedSwiftDriverJob [target(5)]:Compile ExpressionParser Scanner.swift dependencies=[]>
		<PlannedSwiftDriverJob [target(6)]:Compile ExpressionParser String+Char.swift dependencies=[]>
	After Compilation:

	Verification:
 (in target 'ExpressionParser' from project 'ExpressionParser')

Ld /Users/rogerlin/Library/Developer/Xcode/DerivedData/FinancialCalculatorKit-ackorybalcxbfocbkqsfdzcfkgmn/Build/Products/Debug/XCTestDynamicOverlay.o normal (in target 'XCTestDynamicOverlay' from project 'xctest-dynamic-overlay')
    cd /Users/rogerlin/Library/Developer/Xcode/DerivedData/FinancialCalculatorKit-ackorybalcxbfocbkqsfdzcfkgmn/SourcePackages/checkouts/xctest-dynamic-overlay
    /Applications/Xcode.app/Contents/Developer/Toolchains/XcodeDefault.xctoolchain/usr/bin/clang -Xlinker -reproducible -target arm64-apple-macos10.15 -r -isysroot /Applications/Xcode.app/Contents/Developer/Platforms/MacOSX.platform/Developer/SDKs/MacOSX26.1.sdk -O0 -w -L/Users/rogerlin/Library/Developer/Xcode/DerivedData/FinancialCalculatorKit-ackorybalcxbfocbkqsfdzcfkgmn/Build/Intermediates.noindex/EagerLinkingTBDs/Debug -L/Users/rogerlin/Library/Developer/Xcode/DerivedData/FinancialCalculatorKit-ackorybalcxbfocbkqsfdzcfkgmn/Build/Products/Debug -L/Applications/Xcode.app/Contents/Developer/Platforms/MacOSX.platform/Developer/usr/lib -F/Users/rogerlin/Library/Developer/Xcode/DerivedData/FinancialCalculatorKit-ackorybalcxbfocbkqsfdzcfkgmn/Build/Intermediates.noindex/EagerLinkingTBDs/Debug -F/Users/rogerlin/Library/Developer/Xcode/DerivedData/FinancialCalculatorKit-ackorybalcxbfocbkqsfdzcfkgmn/Build/Products/Debug/PackageFrameworks -F/Users/rogerlin/Library/Developer/Xcode/DerivedData/FinancialCalculatorKit-ackorybalcxbfocbkqsfdzcfkgmn/Build/Products/Debug -iframework /Applications/Xcode.app/Contents/Developer/Platforms/MacOSX.platform/Developer/Library/Frameworks -filelist /Users/rogerlin/Library/Developer/Xcode/DerivedData/FinancialCalculatorKit-ackorybalcxbfocbkqsfdzcfkgmn/Build/Intermediates.noindex/xctest-dynamic-overlay.build/Debug/XCTestDynamicOverlay.build/Objects-normal/arm64/XCTestDynamicOverlay.LinkFileList -nostdlib -Xlinker -object_path_lto -Xlinker /Users/rogerlin/Library/Developer/Xcode/DerivedData/FinancialCalculatorKit-ackorybalcxbfocbkqsfdzcfkgmn/Build/Intermediates.noindex/xctest-dynamic-overlay.build/Debug/XCTestDynamicOverlay.build/Objects-normal/arm64/XCTestDynamicOverlay_lto.o -rdynamic -Xlinker -no_deduplicate -Xlinker -debug_variant -Xlinker -dependency_info -Xlinker /Users/rogerlin/Library/Developer/Xcode/DerivedData/FinancialCalculatorKit-ackorybalcxbfocbkqsfdzcfkgmn/Build/Intermediates.noindex/xctest-dynamic-overlay.build/Debug/XCTestDynamicOverlay.build/Objects-normal/arm64/XCTestDynamicOverlay_dependency_info.dat -fobjc-link-runtime -L/Applications/Xcode.app/Contents/Developer/Toolchains/XcodeDefault.xctoolchain/usr/lib/swift/macosx -L/usr/lib/swift -Xlinker -add_ast_path -Xlinker /Users/rogerlin/Library/Developer/Xcode/DerivedData/FinancialCalculatorKit-ackorybalcxbfocbkqsfdzcfkgmn/Build/Intermediates.noindex/xctest-dynamic-overlay.build/Debug/XCTestDynamicOverlay.build/Objects-normal/arm64/XCTestDynamicOverlay.swiftmodule @/Users/rogerlin/Library/Developer/Xcode/DerivedData/FinancialCalculatorKit-ackorybalcxbfocbkqsfdzcfkgmn/Build/Intermediates.noindex/xctest-dynamic-overlay.build/Debug/XCTestDynamicOverlay.build/Objects-normal/arm64/XCTestDynamicOverlay-linker-args.resp -o /Users/rogerlin/Library/Developer/Xcode/DerivedData/FinancialCalculatorKit-ackorybalcxbfocbkqsfdzcfkgmn/Build/Products/Debug/XCTestDynamicOverlay.o

    Task input dependencies:
        /Users/rogerlin/Library/Developer/Xcode/DerivedData/FinancialCalculatorKit-ackorybalcxbfocbkqsfdzcfkgmn/Build/Intermediates.noindex/xctest-dynamic-overlay.build/Debug/XCTestDynamicOverlay.build/Objects-normal/arm64/Deprecations.o
        /Users/rogerlin/Library/Developer/Xcode/DerivedData/FinancialCalculatorKit-ackorybalcxbfocbkqsfdzcfkgmn/Build/Intermediates.noindex/xctest-dynamic-overlay.build/Debug/XCTestDynamicOverlay.build/Objects-normal/arm64/Exports.o
        /Users/rogerlin/Library/Developer/Xcode/DerivedData/FinancialCalculatorKit-ackorybalcxbfocbkqsfdzcfkgmn/Build/Intermediates.noindex/xctest-dynamic-overlay.build/Debug/XCTestDynamicOverlay.build/Objects-normal/arm64/XCTestDynamicOverlay.LinkFileList
        /Users/rogerlin/Library/Developer/Xcode/DerivedData/FinancialCalculatorKit-ackorybalcxbfocbkqsfdzcfkgmn/Build/Products/Debug
        /Users/rogerlin/Library/Developer/Xcode/DerivedData/FinancialCalculatorKit-ackorybalcxbfocbkqsfdzcfkgmn/Build/Products/Debug/PackageFrameworks

    Task output dependencies:
        /Users/rogerlin/Library/Developer/Xcode/DerivedData/FinancialCalculatorKit-ackorybalcxbfocbkqsfdzcfkgmn/Build/Products/Debug/XCTestDynamicOverlay.o
        /Users/rogerlin/Library/Developer/Xcode/DerivedData/FinancialCalculatorKit-ackorybalcxbfocbkqsfdzcfkgmn/Build/Intermediates.noindex/xctest-dynamic-overlay.build/Debug/XCTestDynamicOverlay.build/Objects-normal/arm64/XCTestDynamicOverlay_lto.o
        /Users/rogerlin/Library/Developer/Xcode/DerivedData/FinancialCalculatorKit-ackorybalcxbfocbkqsfdzcfkgmn/Build/Intermediates.noindex/xctest-dynamic-overlay.build/Debug/XCTestDynamicOverlay.build/Objects-normal/arm64/XCTestDynamicOverlay_dependency_info.dat

SwiftDriverJobDiscovery normal arm64 Compiling CommandLine+Process.swift, CommandLine.Arguments.swift, CommandLine.Configuration.swift (in target 'SwiftDraw' from project 'SwiftDraw')

SwiftDriverJobDiscovery normal arm64 Compiling AsinCalculator.swift (in target 'BigDecimal' from project 'BigDecimal')

SwiftDriverJobDiscovery normal arm64 Compiling Renderer.swift, SVG+CoreGraphics.swift, SVG+Deprecated.swift (in target 'SwiftDraw' from project 'SwiftDraw')

SwiftDriver CasePathsCore normal arm64 com.apple.xcode.tools.swift.compiler (in target 'CasePathsCore' from project 'swift-case-paths')
    cd /Users/rogerlin/XCode-Projects/FinancialCalculatorKit-5.0-updated-accent-colors/FinancialCalculatorKit.xcodeproj
    builtin-SwiftDriver -- /Applications/Xcode.app/Contents/Developer/Toolchains/XcodeDefault.xctoolchain/usr/bin/swiftc -module-name CasePathsCore -Onone -enforce-exclusivity\=checked @/Users/rogerlin/Library/Developer/Xcode/DerivedData/FinancialCalculatorKit-ackorybalcxbfocbkqsfdzcfkgmn/Build/Intermediates.noindex/swift-case-paths.build/Debug/CasePathsCore.build/Objects-normal/arm64/CasePathsCore.SwiftFileList -DSWIFT_PACKAGE -DDEBUG -DSWIFT_MODULE_RESOURCE_BUNDLE_UNAVAILABLE -DXcode -plugin-path /Applications/Xcode.app/Contents/Developer/Toolchains/XcodeDefault.xctoolchain/usr/lib/swift/host/plugins/testing -enable-experimental-feature DebugDescriptionMacro -sdk /Applications/Xcode.app/Contents/Developer/Platforms/MacOSX.platform/Developer/SDKs/MacOSX26.1.sdk -target arm64-apple-macos10.15 -g -module-cache-path /Users/rogerlin/Library/Developer/Xcode/DerivedData/ModuleCache.noindex -Xfrontend -serialize-debugging-options -profile-coverage-mapping -profile-generate -enable-testing -suppress-warnings -index-store-path /Users/rogerlin/Library/Developer/Xcode/DerivedData/FinancialCalculatorKit-ackorybalcxbfocbkqsfdzcfkgmn/Index.noindex/DataStore -Xcc -D_LIBCPP_HARDENING_MODE\=_LIBCPP_HARDENING_MODE_DEBUG -swift-version 6 -I /Users/rogerlin/Library/Developer/Xcode/DerivedData/FinancialCalculatorKit-ackorybalcxbfocbkqsfdzcfkgmn/Build/Products/Debug -Isystem /Applications/Xcode.app/Contents/Developer/Platforms/MacOSX.platform/Developer/usr/lib -F /Users/rogerlin/Library/Developer/Xcode/DerivedData/FinancialCalculatorKit-ackorybalcxbfocbkqsfdzcfkgmn/Build/Products/Debug/PackageFrameworks -F /Users/rogerlin/Library/Developer/Xcode/DerivedData/FinancialCalculatorKit-ackorybalcxbfocbkqsfdzcfkgmn/Build/Products/Debug/PackageFrameworks -F /Users/rogerlin/Library/Developer/Xcode/DerivedData/FinancialCalculatorKit-ackorybalcxbfocbkqsfdzcfkgmn/Build/Products/Debug -F /Applications/Xcode.app/Contents/Developer/Platforms/MacOSX.platform/Developer/Library/Frameworks -c -j16 -enable-batch-mode -incremental -Xcc -ivfsstatcache -Xcc /Users/rogerlin/Library/Developer/Xcode/DerivedData/SDKStatCaches.noindex/macosx26.1-25B74-3ae1261907bdadc328169391a47051a6.sdkstatcache -output-file-map /Users/rogerlin/Library/Developer/Xcode/DerivedData/FinancialCalculatorKit-ackorybalcxbfocbkqsfdzcfkgmn/Build/Intermediates.noindex/swift-case-paths.build/Debug/CasePathsCore.build/Objects-normal/arm64/CasePathsCore-OutputFileMap.json -use-frontend-parseable-output -save-temps -no-color-diagnostics -explicit-module-build -module-cache-path /Users/rogerlin/Library/Developer/Xcode/DerivedData/FinancialCalculatorKit-ackorybalcxbfocbkqsfdzcfkgmn/Build/Intermediates.noindex/SwiftExplicitPrecompiledModules -clang-scanner-module-cache-path /Users/rogerlin/Library/Developer/Xcode/DerivedData/ModuleCache.noindex -sdk-module-cache-path /Users/rogerlin/Library/Developer/Xcode/DerivedData/ModuleCache.noindex -serialize-diagnostics -emit-dependencies -emit-module -emit-module-path /Users/rogerlin/Library/Developer/Xcode/DerivedData/FinancialCalculatorKit-ackorybalcxbfocbkqsfdzcfkgmn/Build/Intermediates.noindex/swift-case-paths.build/Debug/CasePathsCore.build/Objects-normal/arm64/CasePathsCore.swiftmodule -user-module-version 1.7.0 -validate-clang-modules-once -clang-build-session-file /Users/rogerlin/Library/Developer/Xcode/DerivedData/ModuleCache.noindex/Session.modulevalidation -package-name swift_case_paths -Xcc -I/Users/rogerlin/Library/Developer/Xcode/DerivedData/FinancialCalculatorKit-ackorybalcxbfocbkqsfdzcfkgmn/Build/Intermediates.noindex/swift-case-paths.build/Debug/CasePathsCore.build/swift-overrides.hmap -emit-const-values -Xfrontend -const-gather-protocols-file -Xfrontend /Users/rogerlin/Library/Developer/Xcode/DerivedData/FinancialCalculatorKit-ackorybalcxbfocbkqsfdzcfkgmn/Build/Intermediates.noindex/swift-case-paths.build/Debug/CasePathsCore.build/Objects-normal/arm64/CasePathsCore_const_extract_protocols.json -Xcc -I/Users/rogerlin/Library/Developer/Xcode/DerivedData/FinancialCalculatorKit-ackorybalcxbfocbkqsfdzcfkgmn/Build/Products/Debug/include -Xcc -I/Users/rogerlin/Library/Developer/Xcode/DerivedData/FinancialCalculatorKit-ackorybalcxbfocbkqsfdzcfkgmn/Build/Intermediates.noindex/swift-case-paths.build/Debug/CasePathsCore.build/DerivedSources-normal/arm64 -Xcc -I/Users/rogerlin/Library/Developer/Xcode/DerivedData/FinancialCalculatorKit-ackorybalcxbfocbkqsfdzcfkgmn/Build/Intermediates.noindex/swift-case-paths.build/Debug/CasePathsCore.build/DerivedSources/arm64 -Xcc -I/Users/rogerlin/Library/Developer/Xcode/DerivedData/FinancialCalculatorKit-ackorybalcxbfocbkqsfdzcfkgmn/Build/Intermediates.noindex/swift-case-paths.build/Debug/CasePathsCore.build/DerivedSources -Xcc -DSWIFT_PACKAGE -Xcc -DDEBUG\=1 -emit-objc-header -emit-objc-header-path /Users/rogerlin/Library/Developer/Xcode/DerivedData/FinancialCalculatorKit-ackorybalcxbfocbkqsfdzcfkgmn/Build/Intermediates.noindex/swift-case-paths.build/Debug/CasePathsCore.build/Objects-normal/arm64/CasePathsCore-Swift.h -working-directory /Users/rogerlin/XCode-Projects/FinancialCalculatorKit-5.0-updated-accent-colors/FinancialCalculatorKit.xcodeproj -experimental-emit-module-separately -disable-cmo

    Task input dependencies:

    Task output dependencies:
note: Swift Driver planned jobs for target CasePathsCore (arm64-normal):
	Explicit Modules:

	Compilation Requirements:
		<PlannedSwiftDriverJob [target(0)]:EmitModule CasePathsCore dependencies=[]>
	Compilation:
		<PlannedSwiftDriverJob [target(1)]:Compile CasePathsCore AnyCasePath.swift dependencies=[]>
		<PlannedSwiftDriverJob [target(2)]:Compile CasePathsCore CasePathIterable.swift dependencies=[]>
		<PlannedSwiftDriverJob [target(3)]:Compile CasePathsCore CasePathReflectable.swift dependencies=[]>
		<PlannedSwiftDriverJob [target(4)]:Compile CasePathsCore CasePathable.swift dependencies=[]>
		<PlannedSwiftDriverJob [target(5)]:Compile CasePathsCore KeyPath+Sendable.swift dependencies=[]>
		<PlannedSwiftDriverJob [target(6)]:Compile CasePathsCore TypeName.swift dependencies=[]>
		<PlannedSwiftDriverJob [target(7)]:Compile CasePathsCore UncheckedSendable.swift dependencies=[]>
		<PlannedSwiftDriverJob [target(8)]:Compile CasePathsCore Never+CasePathable.swift dependencies=[]>
		<PlannedSwiftDriverJob [target(9)]:Compile CasePathsCore Optional+CasePathable.swift dependencies=[]>
		<PlannedSwiftDriverJob [target(10)]:Compile CasePathsCore Result+CasePathable.swift dependencies=[]>
	After Compilation:

	Verification:
 (in target 'CasePathsCore' from project 'swift-case-paths')

RegisterExecutionPolicyException /Users/rogerlin/Library/Developer/Xcode/DerivedData/FinancialCalculatorKit-ackorybalcxbfocbkqsfdzcfkgmn/Build/Products/Debug/ComplexModule.o (in target 'ComplexModule' from project 'swift-numerics')
    cd /Users/rogerlin/Library/Developer/Xcode/DerivedData/FinancialCalculatorKit-ackorybalcxbfocbkqsfdzcfkgmn/SourcePackages/checkouts/swift-numerics
    builtin-RegisterExecutionPolicyException /Users/rogerlin/Library/Developer/Xcode/DerivedData/FinancialCalculatorKit-ackorybalcxbfocbkqsfdzcfkgmn/Build/Products/Debug/ComplexModule.o

    Task input dependencies:
        /Users/rogerlin/Library/Developer/Xcode/DerivedData/FinancialCalculatorKit-ackorybalcxbfocbkqsfdzcfkgmn/Build/Products/Debug/ComplexModule.o

    Task output dependencies:

ExtractAppIntentsMetadata (in target 'XCTestDynamicOverlay' from project 'xctest-dynamic-overlay')
    cd /Users/rogerlin/Library/Developer/Xcode/DerivedData/FinancialCalculatorKit-ackorybalcxbfocbkqsfdzcfkgmn/SourcePackages/checkouts/xctest-dynamic-overlay
    /Applications/Xcode.app/Contents/Developer/Toolchains/XcodeDefault.xctoolchain/usr/bin/appintentsmetadataprocessor --toolchain-dir /Applications/Xcode.app/Contents/Developer/Toolchains/XcodeDefault.xctoolchain --module-name XCTestDynamicOverlay --sdk-root /Applications/Xcode.app/Contents/Developer/Platforms/MacOSX.platform/Developer/SDKs/MacOSX26.1.sdk --xcode-version 17B55 --platform-family macOS --deployment-target 10.15 --bundle-identifier xctest-dynamic-overlay.XCTestDynamicOverlay --output /Users/rogerlin/Library/Developer/Xcode/DerivedData/FinancialCalculatorKit-ackorybalcxbfocbkqsfdzcfkgmn/Build/Products/Debug/XCTestDynamicOverlay.appintents --target-triple arm64-apple-macos10.15 --binary-file /Users/rogerlin/Library/Developer/Xcode/DerivedData/FinancialCalculatorKit-ackorybalcxbfocbkqsfdzcfkgmn/Build/Products/Debug/XCTestDynamicOverlay.o --dependency-file /Users/rogerlin/Library/Developer/Xcode/DerivedData/FinancialCalculatorKit-ackorybalcxbfocbkqsfdzcfkgmn/Build/Intermediates.noindex/xctest-dynamic-overlay.build/Debug/XCTestDynamicOverlay.build/Objects-normal/arm64/XCTestDynamicOverlay_dependency_info.dat --stringsdata-file /Users/rogerlin/Library/Developer/Xcode/DerivedData/FinancialCalculatorKit-ackorybalcxbfocbkqsfdzcfkgmn/Build/Intermediates.noindex/xctest-dynamic-overlay.build/Debug/XCTestDynamicOverlay.build/Objects-normal/arm64/ExtractedAppShortcutsMetadata.stringsdata --source-file-list /Users/rogerlin/Library/Developer/Xcode/DerivedData/FinancialCalculatorKit-ackorybalcxbfocbkqsfdzcfkgmn/Build/Intermediates.noindex/xctest-dynamic-overlay.build/Debug/XCTestDynamicOverlay.build/Objects-normal/arm64/XCTestDynamicOverlay.SwiftFileList --metadata-file-list /Users/rogerlin/Library/Developer/Xcode/DerivedData/FinancialCalculatorKit-ackorybalcxbfocbkqsfdzcfkgmn/Build/Intermediates.noindex/xctest-dynamic-overlay.build/Debug/XCTestDynamicOverlay.build/XCTestDynamicOverlay.DependencyMetadataFileList --static-metadata-file-list /Users/rogerlin/Library/Developer/Xcode/DerivedData/FinancialCalculatorKit-ackorybalcxbfocbkqsfdzcfkgmn/Build/Intermediates.noindex/xctest-dynamic-overlay.build/Debug/XCTestDynamicOverlay.build/XCTestDynamicOverlay.DependencyStaticMetadataFileList --swift-const-vals-list /Users/rogerlin/Library/Developer/Xcode/DerivedData/FinancialCalculatorKit-ackorybalcxbfocbkqsfdzcfkgmn/Build/Intermediates.noindex/xctest-dynamic-overlay.build/Debug/XCTestDynamicOverlay.build/Objects-normal/arm64/XCTestDynamicOverlay.SwiftConstValuesFileList --force --compile-time-extraction --deployment-aware-processing --validate-assistant-intents --no-app-shortcuts-localization

    Task input dependencies:
        /Users/rogerlin/Library/Developer/Xcode/DerivedData/FinancialCalculatorKit-ackorybalcxbfocbkqsfdzcfkgmn/SourcePackages/checkouts/xctest-dynamic-overlay/Sources/XCTestDynamicOverlay/Internal/Deprecations.swift
        /Users/rogerlin/Library/Developer/Xcode/DerivedData/FinancialCalculatorKit-ackorybalcxbfocbkqsfdzcfkgmn/SourcePackages/checkouts/xctest-dynamic-overlay/Sources/XCTestDynamicOverlay/Internal/Exports.swift
        /Users/rogerlin/Library/Developer/Xcode/DerivedData/FinancialCalculatorKit-ackorybalcxbfocbkqsfdzcfkgmn/Build/Intermediates.noindex/xctest-dynamic-overlay.build/Debug/XCTestDynamicOverlay.build/Objects-normal/arm64/Deprecations.swiftconstvalues
        /Users/rogerlin/Library/Developer/Xcode/DerivedData/FinancialCalculatorKit-ackorybalcxbfocbkqsfdzcfkgmn/Build/Intermediates.noindex/xctest-dynamic-overlay.build/Debug/XCTestDynamicOverlay.build/Objects-normal/arm64/Exports.swiftconstvalues
        /Users/rogerlin/Library/Developer/Xcode/DerivedData/FinancialCalculatorKit-ackorybalcxbfocbkqsfdzcfkgmn/Build/Products/Debug/XCTestDynamicOverlay.o
        /Users/rogerlin/Library/Developer/Xcode/DerivedData/FinancialCalculatorKit-ackorybalcxbfocbkqsfdzcfkgmn/Build/Intermediates.noindex/xctest-dynamic-overlay.build/Debug/XCTestDynamicOverlay.build/XCTestDynamicOverlay.DependencyMetadataFileList
        /Users/rogerlin/Library/Developer/Xcode/DerivedData/FinancialCalculatorKit-ackorybalcxbfocbkqsfdzcfkgmn/Build/Intermediates.noindex/xctest-dynamic-overlay.build/Debug/XCTestDynamicOverlay.build/XCTestDynamicOverlay.DependencyStaticMetadataFileList
        /Users/rogerlin/Library/Developer/Xcode/DerivedData/FinancialCalculatorKit-ackorybalcxbfocbkqsfdzcfkgmn/Build/Intermediates.noindex/xctest-dynamic-overlay.build/Debug/XCTestDynamicOverlay.build/Objects-normal/arm64/XCTestDynamicOverlay_dependency_info.dat
        /Users/rogerlin/Library/Developer/Xcode/DerivedData/FinancialCalculatorKit-ackorybalcxbfocbkqsfdzcfkgmn/Build/Intermediates.noindex/xctest-dynamic-overlay.build/Debug/XCTestDynamicOverlay.build/Objects-normal/arm64/XCTestDynamicOverlay.SwiftFileList
        /Users/rogerlin/Library/Developer/Xcode/DerivedData/FinancialCalculatorKit-ackorybalcxbfocbkqsfdzcfkgmn/Build/Intermediates.noindex/xctest-dynamic-overlay.build/Debug/XCTestDynamicOverlay.build/Objects-normal/arm64/XCTestDynamicOverlay.SwiftConstValuesFileList

    Task output dependencies:
        /Users/rogerlin/Library/Developer/Xcode/DerivedData/FinancialCalculatorKit-ackorybalcxbfocbkqsfdzcfkgmn/Build/Intermediates.noindex/xctest-dynamic-overlay.build/Debug/XCTestDynamicOverlay.build/Objects-normal/arm64/ExtractedAppShortcutsMetadata.stringsdata
2025-11-05 20:45:56.698 appintentsmetadataprocessor[13972:496840] Starting appintentsmetadataprocessor export
2025-11-05 20:45:56.793 appintentsmetadataprocessor[13972:496840] Extracted no relevant App Intents symbols, skipping writing output

Ld /Users/rogerlin/Library/Developer/Xcode/DerivedData/FinancialCalculatorKit-ackorybalcxbfocbkqsfdzcfkgmn/Build/Products/Debug/Numerics.o normal (in target 'Numerics' from project 'swift-numerics')
    cd /Users/rogerlin/Library/Developer/Xcode/DerivedData/FinancialCalculatorKit-ackorybalcxbfocbkqsfdzcfkgmn/SourcePackages/checkouts/swift-numerics
    /Applications/Xcode.app/Contents/Developer/Toolchains/XcodeDefault.xctoolchain/usr/bin/clang -Xlinker -reproducible -target arm64-apple-macos10.13 -r -isysroot /Applications/Xcode.app/Contents/Developer/Platforms/MacOSX.platform/Developer/SDKs/MacOSX26.1.sdk -O0 -w -L/Users/rogerlin/Library/Developer/Xcode/DerivedData/FinancialCalculatorKit-ackorybalcxbfocbkqsfdzcfkgmn/Build/Intermediates.noindex/EagerLinkingTBDs/Debug -L/Users/rogerlin/Library/Developer/Xcode/DerivedData/FinancialCalculatorKit-ackorybalcxbfocbkqsfdzcfkgmn/Build/Products/Debug -L/Applications/Xcode.app/Contents/Developer/Platforms/MacOSX.platform/Developer/usr/lib -F/Users/rogerlin/Library/Developer/Xcode/DerivedData/FinancialCalculatorKit-ackorybalcxbfocbkqsfdzcfkgmn/Build/Intermediates.noindex/EagerLinkingTBDs/Debug -F/Users/rogerlin/Library/Developer/Xcode/DerivedData/FinancialCalculatorKit-ackorybalcxbfocbkqsfdzcfkgmn/Build/Products/Debug/PackageFrameworks -F/Users/rogerlin/Library/Developer/Xcode/DerivedData/FinancialCalculatorKit-ackorybalcxbfocbkqsfdzcfkgmn/Build/Products/Debug/PackageFrameworks -F/Users/rogerlin/Library/Developer/Xcode/DerivedData/FinancialCalculatorKit-ackorybalcxbfocbkqsfdzcfkgmn/Build/Products/Debug/PackageFrameworks -F/Users/rogerlin/Library/Developer/Xcode/DerivedData/FinancialCalculatorKit-ackorybalcxbfocbkqsfdzcfkgmn/Build/Products/Debug -iframework /Applications/Xcode.app/Contents/Developer/Platforms/MacOSX.platform/Developer/Library/Frameworks -filelist /Users/rogerlin/Library/Developer/Xcode/DerivedData/FinancialCalculatorKit-ackorybalcxbfocbkqsfdzcfkgmn/Build/Intermediates.noindex/swift-numerics.build/Debug/Numerics.build/Objects-normal/arm64/Numerics.LinkFileList -nostdlib -Xlinker -object_path_lto -Xlinker /Users/rogerlin/Library/Developer/Xcode/DerivedData/FinancialCalculatorKit-ackorybalcxbfocbkqsfdzcfkgmn/Build/Intermediates.noindex/swift-numerics.build/Debug/Numerics.build/Objects-normal/arm64/Numerics_lto.o -rdynamic -Xlinker -no_deduplicate -Xlinker -debug_variant -Xlinker -dependency_info -Xlinker /Users/rogerlin/Library/Developer/Xcode/DerivedData/FinancialCalculatorKit-ackorybalcxbfocbkqsfdzcfkgmn/Build/Intermediates.noindex/swift-numerics.build/Debug/Numerics.build/Objects-normal/arm64/Numerics_dependency_info.dat -fobjc-link-runtime -L/Applications/Xcode.app/Contents/Developer/Toolchains/XcodeDefault.xctoolchain/usr/lib/swift/macosx -L/usr/lib/swift -Xlinker -add_ast_path -Xlinker /Users/rogerlin/Library/Developer/Xcode/DerivedData/FinancialCalculatorKit-ackorybalcxbfocbkqsfdzcfkgmn/Build/Intermediates.noindex/swift-numerics.build/Debug/Numerics.build/Objects-normal/arm64/Numerics.swiftmodule @/Users/rogerlin/Library/Developer/Xcode/DerivedData/FinancialCalculatorKit-ackorybalcxbfocbkqsfdzcfkgmn/Build/Intermediates.noindex/swift-numerics.build/Debug/Numerics.build/Objects-normal/arm64/Numerics-linker-args.resp -o /Users/rogerlin/Library/Developer/Xcode/DerivedData/FinancialCalculatorKit-ackorybalcxbfocbkqsfdzcfkgmn/Build/Products/Debug/Numerics.o

    Task input dependencies:
        /Users/rogerlin/Library/Developer/Xcode/DerivedData/FinancialCalculatorKit-ackorybalcxbfocbkqsfdzcfkgmn/Build/Intermediates.noindex/swift-numerics.build/Debug/Numerics.build/Objects-normal/arm64/Numerics.o
        /Users/rogerlin/Library/Developer/Xcode/DerivedData/FinancialCalculatorKit-ackorybalcxbfocbkqsfdzcfkgmn/Build/Intermediates.noindex/swift-numerics.build/Debug/Numerics.build/Objects-normal/arm64/Numerics.LinkFileList
        /Users/rogerlin/Library/Developer/Xcode/DerivedData/FinancialCalculatorKit-ackorybalcxbfocbkqsfdzcfkgmn/Build/Products/Debug
        /Users/rogerlin/Library/Developer/Xcode/DerivedData/FinancialCalculatorKit-ackorybalcxbfocbkqsfdzcfkgmn/Build/Products/Debug/PackageFrameworks

    Task output dependencies:
        /Users/rogerlin/Library/Developer/Xcode/DerivedData/FinancialCalculatorKit-ackorybalcxbfocbkqsfdzcfkgmn/Build/Products/Debug/Numerics.o
        /Users/rogerlin/Library/Developer/Xcode/DerivedData/FinancialCalculatorKit-ackorybalcxbfocbkqsfdzcfkgmn/Build/Intermediates.noindex/swift-numerics.build/Debug/Numerics.build/Objects-normal/arm64/Numerics_lto.o
        /Users/rogerlin/Library/Developer/Xcode/DerivedData/FinancialCalculatorKit-ackorybalcxbfocbkqsfdzcfkgmn/Build/Intermediates.noindex/swift-numerics.build/Debug/Numerics.build/Objects-normal/arm64/Numerics_dependency_info.dat

ExtractAppIntentsMetadata (in target 'Numerics' from project 'swift-numerics')
    cd /Users/rogerlin/Library/Developer/Xcode/DerivedData/FinancialCalculatorKit-ackorybalcxbfocbkqsfdzcfkgmn/SourcePackages/checkouts/swift-numerics
    /Applications/Xcode.app/Contents/Developer/Toolchains/XcodeDefault.xctoolchain/usr/bin/appintentsmetadataprocessor --toolchain-dir /Applications/Xcode.app/Contents/Developer/Toolchains/XcodeDefault.xctoolchain --module-name Numerics --sdk-root /Applications/Xcode.app/Contents/Developer/Platforms/MacOSX.platform/Developer/SDKs/MacOSX26.1.sdk --xcode-version 17B55 --platform-family macOS --deployment-target 10.13 --bundle-identifier swift-numerics.Numerics --output /Users/rogerlin/Library/Developer/Xcode/DerivedData/FinancialCalculatorKit-ackorybalcxbfocbkqsfdzcfkgmn/Build/Products/Debug/Numerics.appintents --target-triple arm64-apple-macos10.13 --binary-file /Users/rogerlin/Library/Developer/Xcode/DerivedData/FinancialCalculatorKit-ackorybalcxbfocbkqsfdzcfkgmn/Build/Products/Debug/Numerics.o --dependency-file /Users/rogerlin/Library/Developer/Xcode/DerivedData/FinancialCalculatorKit-ackorybalcxbfocbkqsfdzcfkgmn/Build/Intermediates.noindex/swift-numerics.build/Debug/Numerics.build/Objects-normal/arm64/Numerics_dependency_info.dat --stringsdata-file /Users/rogerlin/Library/Developer/Xcode/DerivedData/FinancialCalculatorKit-ackorybalcxbfocbkqsfdzcfkgmn/Build/Intermediates.noindex/swift-numerics.build/Debug/Numerics.build/Objects-normal/arm64/ExtractedAppShortcutsMetadata.stringsdata --source-file-list /Users/rogerlin/Library/Developer/Xcode/DerivedData/FinancialCalculatorKit-ackorybalcxbfocbkqsfdzcfkgmn/Build/Intermediates.noindex/swift-numerics.build/Debug/Numerics.build/Objects-normal/arm64/Numerics.SwiftFileList --metadata-file-list /Users/rogerlin/Library/Developer/Xcode/DerivedData/FinancialCalculatorKit-ackorybalcxbfocbkqsfdzcfkgmn/Build/Intermediates.noindex/swift-numerics.build/Debug/Numerics.build/Numerics.DependencyMetadataFileList --static-metadata-file-list /Users/rogerlin/Library/Developer/Xcode/DerivedData/FinancialCalculatorKit-ackorybalcxbfocbkqsfdzcfkgmn/Build/Intermediates.noindex/swift-numerics.build/Debug/Numerics.build/Numerics.DependencyStaticMetadataFileList --swift-const-vals-list /Users/rogerlin/Library/Developer/Xcode/DerivedData/FinancialCalculatorKit-ackorybalcxbfocbkqsfdzcfkgmn/Build/Intermediates.noindex/swift-numerics.build/Debug/Numerics.build/Objects-normal/arm64/Numerics.SwiftConstValuesFileList --force --compile-time-extraction --deployment-aware-processing --validate-assistant-intents --no-app-shortcuts-localization

    Task input dependencies:
        /Users/rogerlin/Library/Developer/Xcode/DerivedData/FinancialCalculatorKit-ackorybalcxbfocbkqsfdzcfkgmn/SourcePackages/checkouts/swift-numerics/Sources/Numerics/Numerics.swift
        /Users/rogerlin/Library/Developer/Xcode/DerivedData/FinancialCalculatorKit-ackorybalcxbfocbkqsfdzcfkgmn/Build/Intermediates.noindex/swift-numerics.build/Debug/Numerics.build/Objects-normal/arm64/Numerics.swiftconstvalues
        /Users/rogerlin/Library/Developer/Xcode/DerivedData/FinancialCalculatorKit-ackorybalcxbfocbkqsfdzcfkgmn/Build/Products/Debug/Numerics.o
        /Users/rogerlin/Library/Developer/Xcode/DerivedData/FinancialCalculatorKit-ackorybalcxbfocbkqsfdzcfkgmn/Build/Intermediates.noindex/swift-numerics.build/Debug/Numerics.build/Numerics.DependencyMetadataFileList
        /Users/rogerlin/Library/Developer/Xcode/DerivedData/FinancialCalculatorKit-ackorybalcxbfocbkqsfdzcfkgmn/Build/Intermediates.noindex/swift-numerics.build/Debug/Numerics.build/Numerics.DependencyStaticMetadataFileList
        /Users/rogerlin/Library/Developer/Xcode/DerivedData/FinancialCalculatorKit-ackorybalcxbfocbkqsfdzcfkgmn/Build/Intermediates.noindex/swift-numerics.build/Debug/Numerics.build/Objects-normal/arm64/Numerics_dependency_info.dat
        /Users/rogerlin/Library/Developer/Xcode/DerivedData/FinancialCalculatorKit-ackorybalcxbfocbkqsfdzcfkgmn/Build/Intermediates.noindex/swift-numerics.build/Debug/Numerics.build/Objects-normal/arm64/Numerics.SwiftFileList
        /Users/rogerlin/Library/Developer/Xcode/DerivedData/FinancialCalculatorKit-ackorybalcxbfocbkqsfdzcfkgmn/Build/Intermediates.noindex/swift-numerics.build/Debug/Numerics.build/Objects-normal/arm64/Numerics.SwiftConstValuesFileList

    Task output dependencies:
        /Users/rogerlin/Library/Developer/Xcode/DerivedData/FinancialCalculatorKit-ackorybalcxbfocbkqsfdzcfkgmn/Build/Intermediates.noindex/swift-numerics.build/Debug/Numerics.build/Objects-normal/arm64/ExtractedAppShortcutsMetadata.stringsdata
2025-11-05 20:45:56.743 appintentsmetadataprocessor[13975:496872] Starting appintentsmetadataprocessor export
2025-11-05 20:45:56.845 appintentsmetadataprocessor[13975:496872] Extracted no relevant App Intents symbols, skipping writing output

SwiftDriverJobDiscovery normal arm64 Compiling DecimalFloatingPoint.swift (in target 'BigDecimal' from project 'BigDecimal')

SwiftEmitModule normal arm64 Emitting\ module\ for\ ExpressionParser (in target 'ExpressionParser' from project 'ExpressionParser')
/Applications/Xcode.app/Contents/Developer/Toolchains/XcodeDefault.xctoolchain/usr/bin/swift-frontend -frontend -emit-module -experimental-skip-non-inlinable-function-bodies-without-types /Users/rogerlin/Library/Developer/Xcode/DerivedData/FinancialCalculatorKit-ackorybalcxbfocbkqsfdzcfkgmn/SourcePackages/checkouts/ExpressionParser/Sources/ExpressionParser/AST.swift /Users/rogerlin/Library/Developer/Xcode/DerivedData/FinancialCalculatorKit-ackorybalcxbfocbkqsfdzcfkgmn/SourcePackages/checkouts/ExpressionParser/Sources/ExpressionParser/ExpressionParser.swift /Users/rogerlin/Library/Developer/Xcode/DerivedData/FinancialCalculatorKit-ackorybalcxbfocbkqsfdzcfkgmn/SourcePackages/checkouts/ExpressionParser/Sources/ExpressionParser/LaTeX.swift /Users/rogerlin/Library/Developer/Xcode/DerivedData/FinancialCalculatorKit-ackorybalcxbfocbkqsfdzcfkgmn/SourcePackages/checkouts/ExpressionParser/Sources/ExpressionParser/Parser.swift /Users/rogerlin/Library/Developer/Xcode/DerivedData/FinancialCalculatorKit-ackorybalcxbfocbkqsfdzcfkgmn/SourcePackages/checkouts/ExpressionParser/Sources/ExpressionParser/Scanner.swift /Users/rogerlin/Library/Developer/Xcode/DerivedData/FinancialCalculatorKit-ackorybalcxbfocbkqsfdzcfkgmn/SourcePackages/checkouts/ExpressionParser/Sources/ExpressionParser/String+Char.swift -target arm64-apple-macos15.0 -load-resolved-plugin /Applications/Xcode.app/Contents/Developer/Platforms/MacOSX.platform/Developer/usr/lib/swift/host/plugins/libFoundationMacros.dylib\#/Applications/Xcode.app/Contents/Developer/Platforms/MacOSX.platform/Developer/usr/bin/swift-plugin-server\#FoundationMacros -load-resolved-plugin /Applications/Xcode.app/Contents/Developer/Platforms/MacOSX.platform/Developer/usr/lib/swift/host/plugins/libObservationMacros.dylib\#/Applications/Xcode.app/Contents/Developer/Platforms/MacOSX.platform/Developer/usr/bin/swift-plugin-server\#ObservationMacros -load-resolved-plugin /Applications/Xcode.app/Contents/Developer/Platforms/MacOSX.platform/Developer/usr/lib/swift/host/plugins/libSwiftMacros.dylib\#/Applications/Xcode.app/Contents/Developer/Platforms/MacOSX.platform/Developer/usr/bin/swift-plugin-server\#SwiftMacros -disable-implicit-swift-modules -Xcc -fno-implicit-modules -Xcc -fno-implicit-module-maps -explicit-swift-module-map-file /Users/rogerlin/Library/Developer/Xcode/DerivedData/FinancialCalculatorKit-ackorybalcxbfocbkqsfdzcfkgmn/Build/Intermediates.noindex/ExpressionParser.build/Debug/ExpressionParser.build/Objects-normal/arm64/ExpressionParser-dependencies-1.json -Xllvm -aarch64-use-tbi -enable-objc-interop -stack-check -sdk /Applications/Xcode.app/Contents/Developer/Platforms/MacOSX.platform/Developer/SDKs/MacOSX26.1.sdk -I /Users/rogerlin/Library/Developer/Xcode/DerivedData/FinancialCalculatorKit-ackorybalcxbfocbkqsfdzcfkgmn/Build/Products/Debug -Isystem /Applications/Xcode.app/Contents/Developer/Platforms/MacOSX.platform/Developer/usr/lib -F /Users/rogerlin/Library/Developer/Xcode/DerivedData/FinancialCalculatorKit-ackorybalcxbfocbkqsfdzcfkgmn/Build/Products/Debug/PackageFrameworks -F /Users/rogerlin/Library/Developer/Xcode/DerivedData/FinancialCalculatorKit-ackorybalcxbfocbkqsfdzcfkgmn/Build/Products/Debug/PackageFrameworks -F /Users/rogerlin/Library/Developer/Xcode/DerivedData/FinancialCalculatorKit-ackorybalcxbfocbkqsfdzcfkgmn/Build/Products/Debug/PackageFrameworks -F /Users/rogerlin/Library/Developer/Xcode/DerivedData/FinancialCalculatorKit-ackorybalcxbfocbkqsfdzcfkgmn/Build/Products/Debug/PackageFrameworks -F /Users/rogerlin/Library/Developer/Xcode/DerivedData/FinancialCalculatorKit-ackorybalcxbfocbkqsfdzcfkgmn/Build/Products/Debug/PackageFrameworks -F /Users/rogerlin/Library/Developer/Xcode/DerivedData/FinancialCalculatorKit-ackorybalcxbfocbkqsfdzcfkgmn/Build/Products/Debug/PackageFrameworks -F /Users/rogerlin/Library/Developer/Xcode/DerivedData/FinancialCalculatorKit-ackorybalcxbfocbkqsfdzcfkgmn/Build/Products/Debug/PackageFrameworks -F /Users/rogerlin/Library/Developer/Xcode/DerivedData/FinancialCalculatorKit-ackorybalcxbfocbkqsfdzcfkgmn/Build/Products/Debug -F /Applications/Xcode.app/Contents/Developer/Platforms/MacOSX.platform/Developer/Library/Frameworks -no-color-diagnostics -Xcc -fno-color-diagnostics -enable-testing -g -debug-info-format\=dwarf -dwarf-version\=5 -module-cache-path /Users/rogerlin/Library/Developer/Xcode/DerivedData/FinancialCalculatorKit-ackorybalcxbfocbkqsfdzcfkgmn/Build/Intermediates.noindex/SwiftExplicitPrecompiledModules -suppress-warnings -profile-generate -profile-coverage-mapping -swift-version 5 -enforce-exclusivity\=checked -Onone -D SWIFT_PACKAGE -D DEBUG -D SWIFT_MODULE_RESOURCE_BUNDLE_UNAVAILABLE -D Xcode -serialize-debugging-options -const-gather-protocols-file /Users/rogerlin/Library/Developer/Xcode/DerivedData/FinancialCalculatorKit-ackorybalcxbfocbkqsfdzcfkgmn/Build/Intermediates.noindex/ExpressionParser.build/Debug/ExpressionParser.build/Objects-normal/arm64/ExpressionParser_const_extract_protocols.json -enable-experimental-feature DebugDescriptionMacro -empty-abi-descriptor -validate-clang-modules-once -clang-build-session-file /Users/rogerlin/Library/Developer/Xcode/DerivedData/ModuleCache.noindex/Session.modulevalidation -Xcc -working-directory -Xcc /Users/rogerlin/XCode-Projects/FinancialCalculatorKit-5.0-updated-accent-colors/FinancialCalculatorKit.xcodeproj -enable-anonymous-context-mangled-names -file-compilation-dir /Users/rogerlin/XCode-Projects/FinancialCalculatorKit-5.0-updated-accent-colors/FinancialCalculatorKit.xcodeproj -Xcc -D_LIBCPP_HARDENING_MODE\=_LIBCPP_HARDENING_MODE_DEBUG -Xcc -ivfsstatcache -Xcc /Users/rogerlin/Library/Developer/Xcode/DerivedData/SDKStatCaches.noindex/macosx26.1-25B74-3ae1261907bdadc328169391a47051a6.sdkstatcache -Xcc -I/Users/rogerlin/Library/Developer/Xcode/DerivedData/FinancialCalculatorKit-ackorybalcxbfocbkqsfdzcfkgmn/Build/Intermediates.noindex/ExpressionParser.build/Debug/ExpressionParser.build/swift-overrides.hmap -Xcc -I/Users/rogerlin/Library/Developer/Xcode/DerivedData/FinancialCalculatorKit-ackorybalcxbfocbkqsfdzcfkgmn/SourcePackages/checkouts/swift-numerics/Sources/_NumericsShims/include -Xcc -I/Users/rogerlin/Library/Developer/Xcode/DerivedData/FinancialCalculatorKit-ackorybalcxbfocbkqsfdzcfkgmn/Build/Products/Debug/include -Xcc -I/Users/rogerlin/Library/Developer/Xcode/DerivedData/FinancialCalculatorKit-ackorybalcxbfocbkqsfdzcfkgmn/Build/Intermediates.noindex/ExpressionParser.build/Debug/ExpressionParser.build/DerivedSources-normal/arm64 -Xcc -I/Users/rogerlin/Library/Developer/Xcode/DerivedData/FinancialCalculatorKit-ackorybalcxbfocbkqsfdzcfkgmn/Build/Intermediates.noindex/ExpressionParser.build/Debug/ExpressionParser.build/DerivedSources/arm64 -Xcc -I/Users/rogerlin/Library/Developer/Xcode/DerivedData/FinancialCalculatorKit-ackorybalcxbfocbkqsfdzcfkgmn/Build/Intermediates.noindex/ExpressionParser.build/Debug/ExpressionParser.build/DerivedSources -Xcc -DSWIFT_PACKAGE -Xcc -DDEBUG\=1 -no-auto-bridging-header-chaining -module-name ExpressionParser -package-name expressionparser -frontend-parseable-output -disable-clang-spi -target-sdk-version 26.1 -target-sdk-name macosx26.1 -clang-target arm64-apple-macos26.1 -in-process-plugin-server-path /Applications/Xcode.app/Contents/Developer/Toolchains/XcodeDefault.xctoolchain/usr/lib/swift/host/libSwiftInProcPluginServer.dylib -emit-module-doc-path /Users/rogerlin/Library/Developer/Xcode/DerivedData/FinancialCalculatorKit-ackorybalcxbfocbkqsfdzcfkgmn/Build/Intermediates.noindex/ExpressionParser.build/Debug/ExpressionParser.build/Objects-normal/arm64/ExpressionParser.swiftdoc -emit-module-source-info-path /Users/rogerlin/Library/Developer/Xcode/DerivedData/FinancialCalculatorKit-ackorybalcxbfocbkqsfdzcfkgmn/Build/Intermediates.noindex/ExpressionParser.build/Debug/ExpressionParser.build/Objects-normal/arm64/ExpressionParser.swiftsourceinfo -emit-objc-header-path /Users/rogerlin/Library/Developer/Xcode/DerivedData/FinancialCalculatorKit-ackorybalcxbfocbkqsfdzcfkgmn/Build/Intermediates.noindex/ExpressionParser.build/Debug/ExpressionParser.build/Objects-normal/arm64/ExpressionParser-Swift.h -serialize-diagnostics-path /Users/rogerlin/Library/Developer/Xcode/DerivedData/FinancialCalculatorKit-ackorybalcxbfocbkqsfdzcfkgmn/Build/Intermediates.noindex/ExpressionParser.build/Debug/ExpressionParser.build/Objects-normal/arm64/ExpressionParser-primary-emit-module.dia -emit-dependencies-path /Users/rogerlin/Library/Developer/Xcode/DerivedData/FinancialCalculatorKit-ackorybalcxbfocbkqsfdzcfkgmn/Build/Intermediates.noindex/ExpressionParser.build/Debug/ExpressionParser.build/Objects-normal/arm64/ExpressionParser-primary-emit-module.d -o /Users/rogerlin/Library/Developer/Xcode/DerivedData/FinancialCalculatorKit-ackorybalcxbfocbkqsfdzcfkgmn/Build/Intermediates.noindex/ExpressionParser.build/Debug/ExpressionParser.build/Objects-normal/arm64/ExpressionParser.swiftmodule -emit-abi-descriptor-path /Users/rogerlin/Library/Developer/Xcode/DerivedData/FinancialCalculatorKit-ackorybalcxbfocbkqsfdzcfkgmn/Build/Intermediates.noindex/ExpressionParser.build/Debug/ExpressionParser.build/Objects-normal/arm64/ExpressionParser.abi.json

EmitSwiftModule normal arm64 (in target 'ExpressionParser' from project 'ExpressionParser')
    cd /Users/rogerlin/XCode-Projects/FinancialCalculatorKit-5.0-updated-accent-colors/FinancialCalculatorKit.xcodeproj
    

SwiftCompile normal arm64 Compiling\ LaTeX.swift /Users/rogerlin/Library/Developer/Xcode/DerivedData/FinancialCalculatorKit-ackorybalcxbfocbkqsfdzcfkgmn/SourcePackages/checkouts/ExpressionParser/Sources/ExpressionParser/LaTeX.swift (in target 'ExpressionParser' from project 'ExpressionParser')
/Applications/Xcode.app/Contents/Developer/Toolchains/XcodeDefault.xctoolchain/usr/bin/swift-frontend -frontend -c /Users/rogerlin/Library/Developer/Xcode/DerivedData/FinancialCalculatorKit-ackorybalcxbfocbkqsfdzcfkgmn/SourcePackages/checkouts/ExpressionParser/Sources/ExpressionParser/AST.swift /Users/rogerlin/Library/Developer/Xcode/DerivedData/FinancialCalculatorKit-ackorybalcxbfocbkqsfdzcfkgmn/SourcePackages/checkouts/ExpressionParser/Sources/ExpressionParser/ExpressionParser.swift -primary-file /Users/rogerlin/Library/Developer/Xcode/DerivedData/FinancialCalculatorKit-ackorybalcxbfocbkqsfdzcfkgmn/SourcePackages/checkouts/ExpressionParser/Sources/ExpressionParser/LaTeX.swift /Users/rogerlin/Library/Developer/Xcode/DerivedData/FinancialCalculatorKit-ackorybalcxbfocbkqsfdzcfkgmn/SourcePackages/checkouts/ExpressionParser/Sources/ExpressionParser/Parser.swift /Users/rogerlin/Library/Developer/Xcode/DerivedData/FinancialCalculatorKit-ackorybalcxbfocbkqsfdzcfkgmn/SourcePackages/checkouts/ExpressionParser/Sources/ExpressionParser/Scanner.swift /Users/rogerlin/Library/Developer/Xcode/DerivedData/FinancialCalculatorKit-ackorybalcxbfocbkqsfdzcfkgmn/SourcePackages/checkouts/ExpressionParser/Sources/ExpressionParser/String+Char.swift -emit-dependencies-path /Users/rogerlin/Library/Developer/Xcode/DerivedData/FinancialCalculatorKit-ackorybalcxbfocbkqsfdzcfkgmn/Build/Intermediates.noindex/ExpressionParser.build/Debug/ExpressionParser.build/Objects-normal/arm64/LaTeX.d -emit-const-values-path /Users/rogerlin/Library/Developer/Xcode/DerivedData/FinancialCalculatorKit-ackorybalcxbfocbkqsfdzcfkgmn/Build/Intermediates.noindex/ExpressionParser.build/Debug/ExpressionParser.build/Objects-normal/arm64/LaTeX.swiftconstvalues -emit-reference-dependencies-path /Users/rogerlin/Library/Developer/Xcode/DerivedData/FinancialCalculatorKit-ackorybalcxbfocbkqsfdzcfkgmn/Build/Intermediates.noindex/ExpressionParser.build/Debug/ExpressionParser.build/Objects-normal/arm64/LaTeX.swiftdeps -serialize-diagnostics-path /Users/rogerlin/Library/Developer/Xcode/DerivedData/FinancialCalculatorKit-ackorybalcxbfocbkqsfdzcfkgmn/Build/Intermediates.noindex/ExpressionParser.build/Debug/ExpressionParser.build/Objects-normal/arm64/LaTeX.dia -target arm64-apple-macos15.0 -load-resolved-plugin /Applications/Xcode.app/Contents/Developer/Platforms/MacOSX.platform/Developer/usr/lib/swift/host/plugins/libFoundationMacros.dylib\#/Applications/Xcode.app/Contents/Developer/Platforms/MacOSX.platform/Developer/usr/bin/swift-plugin-server\#FoundationMacros -load-resolved-plugin /Applications/Xcode.app/Contents/Developer/Platforms/MacOSX.platform/Developer/usr/lib/swift/host/plugins/libObservationMacros.dylib\#/Applications/Xcode.app/Contents/Developer/Platforms/MacOSX.platform/Developer/usr/bin/swift-plugin-server\#ObservationMacros -load-resolved-plugin /Applications/Xcode.app/Contents/Developer/Platforms/MacOSX.platform/Developer/usr/lib/swift/host/plugins/libSwiftMacros.dylib\#/Applications/Xcode.app/Contents/Developer/Platforms/MacOSX.platform/Developer/usr/bin/swift-plugin-server\#SwiftMacros -disable-implicit-swift-modules -Xcc -fno-implicit-modules -Xcc -fno-implicit-module-maps -explicit-swift-module-map-file /Users/rogerlin/Library/Developer/Xcode/DerivedData/FinancialCalculatorKit-ackorybalcxbfocbkqsfdzcfkgmn/Build/Intermediates.noindex/ExpressionParser.build/Debug/ExpressionParser.build/Objects-normal/arm64/ExpressionParser-dependencies-1.json -Xllvm -aarch64-use-tbi -enable-objc-interop -stack-check -sdk /Applications/Xcode.app/Contents/Developer/Platforms/MacOSX.platform/Developer/SDKs/MacOSX26.1.sdk -I /Users/rogerlin/Library/Developer/Xcode/DerivedData/FinancialCalculatorKit-ackorybalcxbfocbkqsfdzcfkgmn/Build/Products/Debug -Isystem /Applications/Xcode.app/Contents/Developer/Platforms/MacOSX.platform/Developer/usr/lib -F /Users/rogerlin/Library/Developer/Xcode/DerivedData/FinancialCalculatorKit-ackorybalcxbfocbkqsfdzcfkgmn/Build/Products/Debug/PackageFrameworks -F /Users/rogerlin/Library/Developer/Xcode/DerivedData/FinancialCalculatorKit-ackorybalcxbfocbkqsfdzcfkgmn/Build/Products/Debug/PackageFrameworks -F /Users/rogerlin/Library/Developer/Xcode/DerivedData/FinancialCalculatorKit-ackorybalcxbfocbkqsfdzcfkgmn/Build/Products/Debug/PackageFrameworks -F /Users/rogerlin/Library/Developer/Xcode/DerivedData/FinancialCalculatorKit-ackorybalcxbfocbkqsfdzcfkgmn/Build/Products/Debug/PackageFrameworks -F /Users/rogerlin/Library/Developer/Xcode/DerivedData/FinancialCalculatorKit-ackorybalcxbfocbkqsfdzcfkgmn/Build/Products/Debug/PackageFrameworks -F /Users/rogerlin/Library/Developer/Xcode/DerivedData/FinancialCalculatorKit-ackorybalcxbfocbkqsfdzcfkgmn/Build/Products/Debug/PackageFrameworks -F /Users/rogerlin/Library/Developer/Xcode/DerivedData/FinancialCalculatorKit-ackorybalcxbfocbkqsfdzcfkgmn/Build/Products/Debug/PackageFrameworks -F /Users/rogerlin/Library/Developer/Xcode/DerivedData/FinancialCalculatorKit-ackorybalcxbfocbkqsfdzcfkgmn/Build/Products/Debug -F /Applications/Xcode.app/Contents/Developer/Platforms/MacOSX.platform/Developer/Library/Frameworks -no-color-diagnostics -Xcc -fno-color-diagnostics -enable-testing -g -debug-info-format\=dwarf -dwarf-version\=5 -module-cache-path /Users/rogerlin/Library/Developer/Xcode/DerivedData/FinancialCalculatorKit-ackorybalcxbfocbkqsfdzcfkgmn/Build/Intermediates.noindex/SwiftExplicitPrecompiledModules -suppress-warnings -profile-generate -profile-coverage-mapping -swift-version 5 -enforce-exclusivity\=checked -Onone -D SWIFT_PACKAGE -D DEBUG -D SWIFT_MODULE_RESOURCE_BUNDLE_UNAVAILABLE -D Xcode -serialize-debugging-options -const-gather-protocols-file /Users/rogerlin/Library/Developer/Xcode/DerivedData/FinancialCalculatorKit-ackorybalcxbfocbkqsfdzcfkgmn/Build/Intermediates.noindex/ExpressionParser.build/Debug/ExpressionParser.build/Objects-normal/arm64/ExpressionParser_const_extract_protocols.json -enable-experimental-feature DebugDescriptionMacro -empty-abi-descriptor -validate-clang-modules-once -clang-build-session-file /Users/rogerlin/Library/Developer/Xcode/DerivedData/ModuleCache.noindex/Session.modulevalidation -Xcc -working-directory -Xcc /Users/rogerlin/XCode-Projects/FinancialCalculatorKit-5.0-updated-accent-colors/FinancialCalculatorKit.xcodeproj -enable-anonymous-context-mangled-names -file-compilation-dir /Users/rogerlin/XCode-Projects/FinancialCalculatorKit-5.0-updated-accent-colors/FinancialCalculatorKit.xcodeproj -Xcc -D_LIBCPP_HARDENING_MODE\=_LIBCPP_HARDENING_MODE_DEBUG -Xcc -ivfsstatcache -Xcc /Users/rogerlin/Library/Developer/Xcode/DerivedData/SDKStatCaches.noindex/macosx26.1-25B74-3ae1261907bdadc328169391a47051a6.sdkstatcache -Xcc -I/Users/rogerlin/Library/Developer/Xcode/DerivedData/FinancialCalculatorKit-ackorybalcxbfocbkqsfdzcfkgmn/Build/Intermediates.noindex/ExpressionParser.build/Debug/ExpressionParser.build/swift-overrides.hmap -Xcc -I/Users/rogerlin/Library/Developer/Xcode/DerivedData/FinancialCalculatorKit-ackorybalcxbfocbkqsfdzcfkgmn/SourcePackages/checkouts/swift-numerics/Sources/_NumericsShims/include -Xcc -I/Users/rogerlin/Library/Developer/Xcode/DerivedData/FinancialCalculatorKit-ackorybalcxbfocbkqsfdzcfkgmn/Build/Products/Debug/include -Xcc -I/Users/rogerlin/Library/Developer/Xcode/DerivedData/FinancialCalculatorKit-ackorybalcxbfocbkqsfdzcfkgmn/Build/Intermediates.noindex/ExpressionParser.build/Debug/ExpressionParser.build/DerivedSources-normal/arm64 -Xcc -I/Users/rogerlin/Library/Developer/Xcode/DerivedData/FinancialCalculatorKit-ackorybalcxbfocbkqsfdzcfkgmn/Build/Intermediates.noindex/ExpressionParser.build/Debug/ExpressionParser.build/DerivedSources/arm64 -Xcc -I/Users/rogerlin/Library/Developer/Xcode/DerivedData/FinancialCalculatorKit-ackorybalcxbfocbkqsfdzcfkgmn/Build/Intermediates.noindex/ExpressionParser.build/Debug/ExpressionParser.build/DerivedSources -Xcc -DSWIFT_PACKAGE -Xcc -DDEBUG\=1 -no-auto-bridging-header-chaining -module-name ExpressionParser -package-name expressionparser -frontend-parseable-output -disable-clang-spi -target-sdk-version 26.1 -target-sdk-name macosx26.1 -clang-target arm64-apple-macos26.1 -in-process-plugin-server-path /Applications/Xcode.app/Contents/Developer/Toolchains/XcodeDefault.xctoolchain/usr/lib/swift/host/libSwiftInProcPluginServer.dylib -o /Users/rogerlin/Library/Developer/Xcode/DerivedData/FinancialCalculatorKit-ackorybalcxbfocbkqsfdzcfkgmn/Build/Intermediates.noindex/ExpressionParser.build/Debug/ExpressionParser.build/Objects-normal/arm64/LaTeX.o -index-unit-output-path /ExpressionParser.build/Debug/ExpressionParser.build/Objects-normal/arm64/LaTeX.o -index-store-path /Users/rogerlin/Library/Developer/Xcode/DerivedData/FinancialCalculatorKit-ackorybalcxbfocbkqsfdzcfkgmn/Index.noindex/DataStore -index-system-modules

SwiftCompile normal arm64 /Users/rogerlin/Library/Developer/Xcode/DerivedData/FinancialCalculatorKit-ackorybalcxbfocbkqsfdzcfkgmn/SourcePackages/checkouts/ExpressionParser/Sources/ExpressionParser/LaTeX.swift (in target 'ExpressionParser' from project 'ExpressionParser')
    cd /Users/rogerlin/XCode-Projects/FinancialCalculatorKit-5.0-updated-accent-colors/FinancialCalculatorKit.xcodeproj
    

SwiftCompile normal arm64 Compiling\ Scanner.swift /Users/rogerlin/Library/Developer/Xcode/DerivedData/FinancialCalculatorKit-ackorybalcxbfocbkqsfdzcfkgmn/SourcePackages/checkouts/ExpressionParser/Sources/ExpressionParser/Scanner.swift (in target 'ExpressionParser' from project 'ExpressionParser')
/Applications/Xcode.app/Contents/Developer/Toolchains/XcodeDefault.xctoolchain/usr/bin/swift-frontend -frontend -c /Users/rogerlin/Library/Developer/Xcode/DerivedData/FinancialCalculatorKit-ackorybalcxbfocbkqsfdzcfkgmn/SourcePackages/checkouts/ExpressionParser/Sources/ExpressionParser/AST.swift /Users/rogerlin/Library/Developer/Xcode/DerivedData/FinancialCalculatorKit-ackorybalcxbfocbkqsfdzcfkgmn/SourcePackages/checkouts/ExpressionParser/Sources/ExpressionParser/ExpressionParser.swift /Users/rogerlin/Library/Developer/Xcode/DerivedData/FinancialCalculatorKit-ackorybalcxbfocbkqsfdzcfkgmn/SourcePackages/checkouts/ExpressionParser/Sources/ExpressionParser/LaTeX.swift /Users/rogerlin/Library/Developer/Xcode/DerivedData/FinancialCalculatorKit-ackorybalcxbfocbkqsfdzcfkgmn/SourcePackages/checkouts/ExpressionParser/Sources/ExpressionParser/Parser.swift -primary-file /Users/rogerlin/Library/Developer/Xcode/DerivedData/FinancialCalculatorKit-ackorybalcxbfocbkqsfdzcfkgmn/SourcePackages/checkouts/ExpressionParser/Sources/ExpressionParser/Scanner.swift /Users/rogerlin/Library/Developer/Xcode/DerivedData/FinancialCalculatorKit-ackorybalcxbfocbkqsfdzcfkgmn/SourcePackages/checkouts/ExpressionParser/Sources/ExpressionParser/String+Char.swift -emit-dependencies-path /Users/rogerlin/Library/Developer/Xcode/DerivedData/FinancialCalculatorKit-ackorybalcxbfocbkqsfdzcfkgmn/Build/Intermediates.noindex/ExpressionParser.build/Debug/ExpressionParser.build/Objects-normal/arm64/Scanner.d -emit-const-values-path /Users/rogerlin/Library/Developer/Xcode/DerivedData/FinancialCalculatorKit-ackorybalcxbfocbkqsfdzcfkgmn/Build/Intermediates.noindex/ExpressionParser.build/Debug/ExpressionParser.build/Objects-normal/arm64/Scanner.swiftconstvalues -emit-reference-dependencies-path /Users/rogerlin/Library/Developer/Xcode/DerivedData/FinancialCalculatorKit-ackorybalcxbfocbkqsfdzcfkgmn/Build/Intermediates.noindex/ExpressionParser.build/Debug/ExpressionParser.build/Objects-normal/arm64/Scanner.swiftdeps -serialize-diagnostics-path /Users/rogerlin/Library/Developer/Xcode/DerivedData/FinancialCalculatorKit-ackorybalcxbfocbkqsfdzcfkgmn/Build/Intermediates.noindex/ExpressionParser.build/Debug/ExpressionParser.build/Objects-normal/arm64/Scanner.dia -target arm64-apple-macos15.0 -load-resolved-plugin /Applications/Xcode.app/Contents/Developer/Platforms/MacOSX.platform/Developer/usr/lib/swift/host/plugins/libFoundationMacros.dylib\#/Applications/Xcode.app/Contents/Developer/Platforms/MacOSX.platform/Developer/usr/bin/swift-plugin-server\#FoundationMacros -load-resolved-plugin /Applications/Xcode.app/Contents/Developer/Platforms/MacOSX.platform/Developer/usr/lib/swift/host/plugins/libObservationMacros.dylib\#/Applications/Xcode.app/Contents/Developer/Platforms/MacOSX.platform/Developer/usr/bin/swift-plugin-server\#ObservationMacros -load-resolved-plugin /Applications/Xcode.app/Contents/Developer/Platforms/MacOSX.platform/Developer/usr/lib/swift/host/plugins/libSwiftMacros.dylib\#/Applications/Xcode.app/Contents/Developer/Platforms/MacOSX.platform/Developer/usr/bin/swift-plugin-server\#SwiftMacros -disable-implicit-swift-modules -Xcc -fno-implicit-modules -Xcc -fno-implicit-module-maps -explicit-swift-module-map-file /Users/rogerlin/Library/Developer/Xcode/DerivedData/FinancialCalculatorKit-ackorybalcxbfocbkqsfdzcfkgmn/Build/Intermediates.noindex/ExpressionParser.build/Debug/ExpressionParser.build/Objects-normal/arm64/ExpressionParser-dependencies-1.json -Xllvm -aarch64-use-tbi -enable-objc-interop -stack-check -sdk /Applications/Xcode.app/Contents/Developer/Platforms/MacOSX.platform/Developer/SDKs/MacOSX26.1.sdk -I /Users/rogerlin/Library/Developer/Xcode/DerivedData/FinancialCalculatorKit-ackorybalcxbfocbkqsfdzcfkgmn/Build/Products/Debug -Isystem /Applications/Xcode.app/Contents/Developer/Platforms/MacOSX.platform/Developer/usr/lib -F /Users/rogerlin/Library/Developer/Xcode/DerivedData/FinancialCalculatorKit-ackorybalcxbfocbkqsfdzcfkgmn/Build/Products/Debug/PackageFrameworks -F /Users/rogerlin/Library/Developer/Xcode/DerivedData/FinancialCalculatorKit-ackorybalcxbfocbkqsfdzcfkgmn/Build/Products/Debug/PackageFrameworks -F /Users/rogerlin/Library/Developer/Xcode/DerivedData/FinancialCalculatorKit-ackorybalcxbfocbkqsfdzcfkgmn/Build/Products/Debug/PackageFrameworks -F /Users/rogerlin/Library/Developer/Xcode/DerivedData/FinancialCalculatorKit-ackorybalcxbfocbkqsfdzcfkgmn/Build/Products/Debug/PackageFrameworks -F /Users/rogerlin/Library/Developer/Xcode/DerivedData/FinancialCalculatorKit-ackorybalcxbfocbkqsfdzcfkgmn/Build/Products/Debug/PackageFrameworks -F /Users/rogerlin/Library/Developer/Xcode/DerivedData/FinancialCalculatorKit-ackorybalcxbfocbkqsfdzcfkgmn/Build/Products/Debug/PackageFrameworks -F /Users/rogerlin/Library/Developer/Xcode/DerivedData/FinancialCalculatorKit-ackorybalcxbfocbkqsfdzcfkgmn/Build/Products/Debug/PackageFrameworks -F /Users/rogerlin/Library/Developer/Xcode/DerivedData/FinancialCalculatorKit-ackorybalcxbfocbkqsfdzcfkgmn/Build/Products/Debug -F /Applications/Xcode.app/Contents/Developer/Platforms/MacOSX.platform/Developer/Library/Frameworks -no-color-diagnostics -Xcc -fno-color-diagnostics -enable-testing -g -debug-info-format\=dwarf -dwarf-version\=5 -module-cache-path /Users/rogerlin/Library/Developer/Xcode/DerivedData/FinancialCalculatorKit-ackorybalcxbfocbkqsfdzcfkgmn/Build/Intermediates.noindex/SwiftExplicitPrecompiledModules -suppress-warnings -profile-generate -profile-coverage-mapping -swift-version 5 -enforce-exclusivity\=checked -Onone -D SWIFT_PACKAGE -D DEBUG -D SWIFT_MODULE_RESOURCE_BUNDLE_UNAVAILABLE -D Xcode -serialize-debugging-options -const-gather-protocols-file /Users/rogerlin/Library/Developer/Xcode/DerivedData/FinancialCalculatorKit-ackorybalcxbfocbkqsfdzcfkgmn/Build/Intermediates.noindex/ExpressionParser.build/Debug/ExpressionParser.build/Objects-normal/arm64/ExpressionParser_const_extract_protocols.json -enable-experimental-feature DebugDescriptionMacro -empty-abi-descriptor -validate-clang-modules-once -clang-build-session-file /Users/rogerlin/Library/Developer/Xcode/DerivedData/ModuleCache.noindex/Session.modulevalidation -Xcc -working-directory -Xcc /Users/rogerlin/XCode-Projects/FinancialCalculatorKit-5.0-updated-accent-colors/FinancialCalculatorKit.xcodeproj -enable-anonymous-context-mangled-names -file-compilation-dir /Users/rogerlin/XCode-Projects/FinancialCalculatorKit-5.0-updated-accent-colors/FinancialCalculatorKit.xcodeproj -Xcc -D_LIBCPP_HARDENING_MODE\=_LIBCPP_HARDENING_MODE_DEBUG -Xcc -ivfsstatcache -Xcc /Users/rogerlin/Library/Developer/Xcode/DerivedData/SDKStatCaches.noindex/macosx26.1-25B74-3ae1261907bdadc328169391a47051a6.sdkstatcache -Xcc -I/Users/rogerlin/Library/Developer/Xcode/DerivedData/FinancialCalculatorKit-ackorybalcxbfocbkqsfdzcfkgmn/Build/Intermediates.noindex/ExpressionParser.build/Debug/ExpressionParser.build/swift-overrides.hmap -Xcc -I/Users/rogerlin/Library/Developer/Xcode/DerivedData/FinancialCalculatorKit-ackorybalcxbfocbkqsfdzcfkgmn/SourcePackages/checkouts/swift-numerics/Sources/_NumericsShims/include -Xcc -I/Users/rogerlin/Library/Developer/Xcode/DerivedData/FinancialCalculatorKit-ackorybalcxbfocbkqsfdzcfkgmn/Build/Products/Debug/include -Xcc -I/Users/rogerlin/Library/Developer/Xcode/DerivedData/FinancialCalculatorKit-ackorybalcxbfocbkqsfdzcfkgmn/Build/Intermediates.noindex/ExpressionParser.build/Debug/ExpressionParser.build/DerivedSources-normal/arm64 -Xcc -I/Users/rogerlin/Library/Developer/Xcode/DerivedData/FinancialCalculatorKit-ackorybalcxbfocbkqsfdzcfkgmn/Build/Intermediates.noindex/ExpressionParser.build/Debug/ExpressionParser.build/DerivedSources/arm64 -Xcc -I/Users/rogerlin/Library/Developer/Xcode/DerivedData/FinancialCalculatorKit-ackorybalcxbfocbkqsfdzcfkgmn/Build/Intermediates.noindex/ExpressionParser.build/Debug/ExpressionParser.build/DerivedSources -Xcc -DSWIFT_PACKAGE -Xcc -DDEBUG\=1 -no-auto-bridging-header-chaining -module-name ExpressionParser -package-name expressionparser -frontend-parseable-output -disable-clang-spi -target-sdk-version 26.1 -target-sdk-name macosx26.1 -clang-target arm64-apple-macos26.1 -in-process-plugin-server-path /Applications/Xcode.app/Contents/Developer/Toolchains/XcodeDefault.xctoolchain/usr/lib/swift/host/libSwiftInProcPluginServer.dylib -o /Users/rogerlin/Library/Developer/Xcode/DerivedData/FinancialCalculatorKit-ackorybalcxbfocbkqsfdzcfkgmn/Build/Intermediates.noindex/ExpressionParser.build/Debug/ExpressionParser.build/Objects-normal/arm64/Scanner.o -index-unit-output-path /ExpressionParser.build/Debug/ExpressionParser.build/Objects-normal/arm64/Scanner.o -index-store-path /Users/rogerlin/Library/Developer/Xcode/DerivedData/FinancialCalculatorKit-ackorybalcxbfocbkqsfdzcfkgmn/Index.noindex/DataStore -index-system-modules

SwiftCompile normal arm64 /Users/rogerlin/Library/Developer/Xcode/DerivedData/FinancialCalculatorKit-ackorybalcxbfocbkqsfdzcfkgmn/SourcePackages/checkouts/ExpressionParser/Sources/ExpressionParser/Scanner.swift (in target 'ExpressionParser' from project 'ExpressionParser')
    cd /Users/rogerlin/XCode-Projects/FinancialCalculatorKit-5.0-updated-accent-colors/FinancialCalculatorKit.xcodeproj
    

SwiftCompile normal arm64 Compiling\ AST.swift /Users/rogerlin/Library/Developer/Xcode/DerivedData/FinancialCalculatorKit-ackorybalcxbfocbkqsfdzcfkgmn/SourcePackages/checkouts/ExpressionParser/Sources/ExpressionParser/AST.swift (in target 'ExpressionParser' from project 'ExpressionParser')
/Applications/Xcode.app/Contents/Developer/Toolchains/XcodeDefault.xctoolchain/usr/bin/swift-frontend -frontend -c -primary-file /Users/rogerlin/Library/Developer/Xcode/DerivedData/FinancialCalculatorKit-ackorybalcxbfocbkqsfdzcfkgmn/SourcePackages/checkouts/ExpressionParser/Sources/ExpressionParser/AST.swift /Users/rogerlin/Library/Developer/Xcode/DerivedData/FinancialCalculatorKit-ackorybalcxbfocbkqsfdzcfkgmn/SourcePackages/checkouts/ExpressionParser/Sources/ExpressionParser/ExpressionParser.swift /Users/rogerlin/Library/Developer/Xcode/DerivedData/FinancialCalculatorKit-ackorybalcxbfocbkqsfdzcfkgmn/SourcePackages/checkouts/ExpressionParser/Sources/ExpressionParser/LaTeX.swift /Users/rogerlin/Library/Developer/Xcode/DerivedData/FinancialCalculatorKit-ackorybalcxbfocbkqsfdzcfkgmn/SourcePackages/checkouts/ExpressionParser/Sources/ExpressionParser/Parser.swift /Users/rogerlin/Library/Developer/Xcode/DerivedData/FinancialCalculatorKit-ackorybalcxbfocbkqsfdzcfkgmn/SourcePackages/checkouts/ExpressionParser/Sources/ExpressionParser/Scanner.swift /Users/rogerlin/Library/Developer/Xcode/DerivedData/FinancialCalculatorKit-ackorybalcxbfocbkqsfdzcfkgmn/SourcePackages/checkouts/ExpressionParser/Sources/ExpressionParser/String+Char.swift -emit-dependencies-path /Users/rogerlin/Library/Developer/Xcode/DerivedData/FinancialCalculatorKit-ackorybalcxbfocbkqsfdzcfkgmn/Build/Intermediates.noindex/ExpressionParser.build/Debug/ExpressionParser.build/Objects-normal/arm64/AST.d -emit-const-values-path /Users/rogerlin/Library/Developer/Xcode/DerivedData/FinancialCalculatorKit-ackorybalcxbfocbkqsfdzcfkgmn/Build/Intermediates.noindex/ExpressionParser.build/Debug/ExpressionParser.build/Objects-normal/arm64/AST.swiftconstvalues -emit-reference-dependencies-path /Users/rogerlin/Library/Developer/Xcode/DerivedData/FinancialCalculatorKit-ackorybalcxbfocbkqsfdzcfkgmn/Build/Intermediates.noindex/ExpressionParser.build/Debug/ExpressionParser.build/Objects-normal/arm64/AST.swiftdeps -serialize-diagnostics-path /Users/rogerlin/Library/Developer/Xcode/DerivedData/FinancialCalculatorKit-ackorybalcxbfocbkqsfdzcfkgmn/Build/Intermediates.noindex/ExpressionParser.build/Debug/ExpressionParser.build/Objects-normal/arm64/AST.dia -target arm64-apple-macos15.0 -load-resolved-plugin /Applications/Xcode.app/Contents/Developer/Platforms/MacOSX.platform/Developer/usr/lib/swift/host/plugins/libFoundationMacros.dylib\#/Applications/Xcode.app/Contents/Developer/Platforms/MacOSX.platform/Developer/usr/bin/swift-plugin-server\#FoundationMacros -load-resolved-plugin /Applications/Xcode.app/Contents/Developer/Platforms/MacOSX.platform/Developer/usr/lib/swift/host/plugins/libObservationMacros.dylib\#/Applications/Xcode.app/Contents/Developer/Platforms/MacOSX.platform/Developer/usr/bin/swift-plugin-server\#ObservationMacros -load-resolved-plugin /Applications/Xcode.app/Contents/Developer/Platforms/MacOSX.platform/Developer/usr/lib/swift/host/plugins/libSwiftMacros.dylib\#/Applications/Xcode.app/Contents/Developer/Platforms/MacOSX.platform/Developer/usr/bin/swift-plugin-server\#SwiftMacros -disable-implicit-swift-modules -Xcc -fno-implicit-modules -Xcc -fno-implicit-module-maps -explicit-swift-module-map-file /Users/rogerlin/Library/Developer/Xcode/DerivedData/FinancialCalculatorKit-ackorybalcxbfocbkqsfdzcfkgmn/Build/Intermediates.noindex/ExpressionParser.build/Debug/ExpressionParser.build/Objects-normal/arm64/ExpressionParser-dependencies-1.json -Xllvm -aarch64-use-tbi -enable-objc-interop -stack-check -sdk /Applications/Xcode.app/Contents/Developer/Platforms/MacOSX.platform/Developer/SDKs/MacOSX26.1.sdk -I /Users/rogerlin/Library/Developer/Xcode/DerivedData/FinancialCalculatorKit-ackorybalcxbfocbkqsfdzcfkgmn/Build/Products/Debug -Isystem /Applications/Xcode.app/Contents/Developer/Platforms/MacOSX.platform/Developer/usr/lib -F /Users/rogerlin/Library/Developer/Xcode/DerivedData/FinancialCalculatorKit-ackorybalcxbfocbkqsfdzcfkgmn/Build/Products/Debug/PackageFrameworks -F /Users/rogerlin/Library/Developer/Xcode/DerivedData/FinancialCalculatorKit-ackorybalcxbfocbkqsfdzcfkgmn/Build/Products/Debug/PackageFrameworks -F /Users/rogerlin/Library/Developer/Xcode/DerivedData/FinancialCalculatorKit-ackorybalcxbfocbkqsfdzcfkgmn/Build/Products/Debug/PackageFrameworks -F /Users/rogerlin/Library/Developer/Xcode/DerivedData/FinancialCalculatorKit-ackorybalcxbfocbkqsfdzcfkgmn/Build/Products/Debug/PackageFrameworks -F /Users/rogerlin/Library/Developer/Xcode/DerivedData/FinancialCalculatorKit-ackorybalcxbfocbkqsfdzcfkgmn/Build/Products/Debug/PackageFrameworks -F /Users/rogerlin/Library/Developer/Xcode/DerivedData/FinancialCalculatorKit-ackorybalcxbfocbkqsfdzcfkgmn/Build/Products/Debug/PackageFrameworks -F /Users/rogerlin/Library/Developer/Xcode/DerivedData/FinancialCalculatorKit-ackorybalcxbfocbkqsfdzcfkgmn/Build/Products/Debug/PackageFrameworks -F /Users/rogerlin/Library/Developer/Xcode/DerivedData/FinancialCalculatorKit-ackorybalcxbfocbkqsfdzcfkgmn/Build/Products/Debug -F /Applications/Xcode.app/Contents/Developer/Platforms/MacOSX.platform/Developer/Library/Frameworks -no-color-diagnostics -Xcc -fno-color-diagnostics -enable-testing -g -debug-info-format\=dwarf -dwarf-version\=5 -module-cache-path /Users/rogerlin/Library/Developer/Xcode/DerivedData/FinancialCalculatorKit-ackorybalcxbfocbkqsfdzcfkgmn/Build/Intermediates.noindex/SwiftExplicitPrecompiledModules -suppress-warnings -profile-generate -profile-coverage-mapping -swift-version 5 -enforce-exclusivity\=checked -Onone -D SWIFT_PACKAGE -D DEBUG -D SWIFT_MODULE_RESOURCE_BUNDLE_UNAVAILABLE -D Xcode -serialize-debugging-options -const-gather-protocols-file /Users/rogerlin/Library/Developer/Xcode/DerivedData/FinancialCalculatorKit-ackorybalcxbfocbkqsfdzcfkgmn/Build/Intermediates.noindex/ExpressionParser.build/Debug/ExpressionParser.build/Objects-normal/arm64/ExpressionParser_const_extract_protocols.json -enable-experimental-feature DebugDescriptionMacro -empty-abi-descriptor -validate-clang-modules-once -clang-build-session-file /Users/rogerlin/Library/Developer/Xcode/DerivedData/ModuleCache.noindex/Session.modulevalidation -Xcc -working-directory -Xcc /Users/rogerlin/XCode-Projects/FinancialCalculatorKit-5.0-updated-accent-colors/FinancialCalculatorKit.xcodeproj -enable-anonymous-context-mangled-names -file-compilation-dir /Users/rogerlin/XCode-Projects/FinancialCalculatorKit-5.0-updated-accent-colors/FinancialCalculatorKit.xcodeproj -Xcc -D_LIBCPP_HARDENING_MODE\=_LIBCPP_HARDENING_MODE_DEBUG -Xcc -ivfsstatcache -Xcc /Users/rogerlin/Library/Developer/Xcode/DerivedData/SDKStatCaches.noindex/macosx26.1-25B74-3ae1261907bdadc328169391a47051a6.sdkstatcache -Xcc -I/Users/rogerlin/Library/Developer/Xcode/DerivedData/FinancialCalculatorKit-ackorybalcxbfocbkqsfdzcfkgmn/Build/Intermediates.noindex/ExpressionParser.build/Debug/ExpressionParser.build/swift-overrides.hmap -Xcc -I/Users/rogerlin/Library/Developer/Xcode/DerivedData/FinancialCalculatorKit-ackorybalcxbfocbkqsfdzcfkgmn/SourcePackages/checkouts/swift-numerics/Sources/_NumericsShims/include -Xcc -I/Users/rogerlin/Library/Developer/Xcode/DerivedData/FinancialCalculatorKit-ackorybalcxbfocbkqsfdzcfkgmn/Build/Products/Debug/include -Xcc -I/Users/rogerlin/Library/Developer/Xcode/DerivedData/FinancialCalculatorKit-ackorybalcxbfocbkqsfdzcfkgmn/Build/Intermediates.noindex/ExpressionParser.build/Debug/ExpressionParser.build/DerivedSources-normal/arm64 -Xcc -I/Users/rogerlin/Library/Developer/Xcode/DerivedData/FinancialCalculatorKit-ackorybalcxbfocbkqsfdzcfkgmn/Build/Intermediates.noindex/ExpressionParser.build/Debug/ExpressionParser.build/DerivedSources/arm64 -Xcc -I/Users/rogerlin/Library/Developer/Xcode/DerivedData/FinancialCalculatorKit-ackorybalcxbfocbkqsfdzcfkgmn/Build/Intermediates.noindex/ExpressionParser.build/Debug/ExpressionParser.build/DerivedSources -Xcc -DSWIFT_PACKAGE -Xcc -DDEBUG\=1 -no-auto-bridging-header-chaining -module-name ExpressionParser -package-name expressionparser -frontend-parseable-output -disable-clang-spi -target-sdk-version 26.1 -target-sdk-name macosx26.1 -clang-target arm64-apple-macos26.1 -in-process-plugin-server-path /Applications/Xcode.app/Contents/Developer/Toolchains/XcodeDefault.xctoolchain/usr/lib/swift/host/libSwiftInProcPluginServer.dylib -o /Users/rogerlin/Library/Developer/Xcode/DerivedData/FinancialCalculatorKit-ackorybalcxbfocbkqsfdzcfkgmn/Build/Intermediates.noindex/ExpressionParser.build/Debug/ExpressionParser.build/Objects-normal/arm64/AST.o -index-unit-output-path /ExpressionParser.build/Debug/ExpressionParser.build/Objects-normal/arm64/AST.o -index-store-path /Users/rogerlin/Library/Developer/Xcode/DerivedData/FinancialCalculatorKit-ackorybalcxbfocbkqsfdzcfkgmn/Index.noindex/DataStore -index-system-modules

SwiftCompile normal arm64 /Users/rogerlin/Library/Developer/Xcode/DerivedData/FinancialCalculatorKit-ackorybalcxbfocbkqsfdzcfkgmn/SourcePackages/checkouts/ExpressionParser/Sources/ExpressionParser/AST.swift (in target 'ExpressionParser' from project 'ExpressionParser')
    cd /Users/rogerlin/XCode-Projects/FinancialCalculatorKit-5.0-updated-accent-colors/FinancialCalculatorKit.xcodeproj
    

SwiftCompile normal arm64 Compiling\ String+Char.swift /Users/rogerlin/Library/Developer/Xcode/DerivedData/FinancialCalculatorKit-ackorybalcxbfocbkqsfdzcfkgmn/SourcePackages/checkouts/ExpressionParser/Sources/ExpressionParser/String+Char.swift (in target 'ExpressionParser' from project 'ExpressionParser')
/Applications/Xcode.app/Contents/Developer/Toolchains/XcodeDefault.xctoolchain/usr/bin/swift-frontend -frontend -c /Users/rogerlin/Library/Developer/Xcode/DerivedData/FinancialCalculatorKit-ackorybalcxbfocbkqsfdzcfkgmn/SourcePackages/checkouts/ExpressionParser/Sources/ExpressionParser/AST.swift /Users/rogerlin/Library/Developer/Xcode/DerivedData/FinancialCalculatorKit-ackorybalcxbfocbkqsfdzcfkgmn/SourcePackages/checkouts/ExpressionParser/Sources/ExpressionParser/ExpressionParser.swift /Users/rogerlin/Library/Developer/Xcode/DerivedData/FinancialCalculatorKit-ackorybalcxbfocbkqsfdzcfkgmn/SourcePackages/checkouts/ExpressionParser/Sources/ExpressionParser/LaTeX.swift /Users/rogerlin/Library/Developer/Xcode/DerivedData/FinancialCalculatorKit-ackorybalcxbfocbkqsfdzcfkgmn/SourcePackages/checkouts/ExpressionParser/Sources/ExpressionParser/Parser.swift /Users/rogerlin/Library/Developer/Xcode/DerivedData/FinancialCalculatorKit-ackorybalcxbfocbkqsfdzcfkgmn/SourcePackages/checkouts/ExpressionParser/Sources/ExpressionParser/Scanner.swift -primary-file /Users/rogerlin/Library/Developer/Xcode/DerivedData/FinancialCalculatorKit-ackorybalcxbfocbkqsfdzcfkgmn/SourcePackages/checkouts/ExpressionParser/Sources/ExpressionParser/String+Char.swift -emit-dependencies-path /Users/rogerlin/Library/Developer/Xcode/DerivedData/FinancialCalculatorKit-ackorybalcxbfocbkqsfdzcfkgmn/Build/Intermediates.noindex/ExpressionParser.build/Debug/ExpressionParser.build/Objects-normal/arm64/String+Char.d -emit-const-values-path /Users/rogerlin/Library/Developer/Xcode/DerivedData/FinancialCalculatorKit-ackorybalcxbfocbkqsfdzcfkgmn/Build/Intermediates.noindex/ExpressionParser.build/Debug/ExpressionParser.build/Objects-normal/arm64/String+Char.swiftconstvalues -emit-reference-dependencies-path /Users/rogerlin/Library/Developer/Xcode/DerivedData/FinancialCalculatorKit-ackorybalcxbfocbkqsfdzcfkgmn/Build/Intermediates.noindex/ExpressionParser.build/Debug/ExpressionParser.build/Objects-normal/arm64/String+Char.swiftdeps -serialize-diagnostics-path /Users/rogerlin/Library/Developer/Xcode/DerivedData/FinancialCalculatorKit-ackorybalcxbfocbkqsfdzcfkgmn/Build/Intermediates.noindex/ExpressionParser.build/Debug/ExpressionParser.build/Objects-normal/arm64/String+Char.dia -target arm64-apple-macos15.0 -load-resolved-plugin /Applications/Xcode.app/Contents/Developer/Platforms/MacOSX.platform/Developer/usr/lib/swift/host/plugins/libFoundationMacros.dylib\#/Applications/Xcode.app/Contents/Developer/Platforms/MacOSX.platform/Developer/usr/bin/swift-plugin-server\#FoundationMacros -load-resolved-plugin /Applications/Xcode.app/Contents/Developer/Platforms/MacOSX.platform/Developer/usr/lib/swift/host/plugins/libObservationMacros.dylib\#/Applications/Xcode.app/Contents/Developer/Platforms/MacOSX.platform/Developer/usr/bin/swift-plugin-server\#ObservationMacros -load-resolved-plugin /Applications/Xcode.app/Contents/Developer/Platforms/MacOSX.platform/Developer/usr/lib/swift/host/plugins/libSwiftMacros.dylib\#/Applications/Xcode.app/Contents/Developer/Platforms/MacOSX.platform/Developer/usr/bin/swift-plugin-server\#SwiftMacros -disable-implicit-swift-modules -Xcc -fno-implicit-modules -Xcc -fno-implicit-module-maps -explicit-swift-module-map-file /Users/rogerlin/Library/Developer/Xcode/DerivedData/FinancialCalculatorKit-ackorybalcxbfocbkqsfdzcfkgmn/Build/Intermediates.noindex/ExpressionParser.build/Debug/ExpressionParser.build/Objects-normal/arm64/ExpressionParser-dependencies-1.json -Xllvm -aarch64-use-tbi -enable-objc-interop -stack-check -sdk /Applications/Xcode.app/Contents/Developer/Platforms/MacOSX.platform/Developer/SDKs/MacOSX26.1.sdk -I /Users/rogerlin/Library/Developer/Xcode/DerivedData/FinancialCalculatorKit-ackorybalcxbfocbkqsfdzcfkgmn/Build/Products/Debug -Isystem /Applications/Xcode.app/Contents/Developer/Platforms/MacOSX.platform/Developer/usr/lib -F /Users/rogerlin/Library/Developer/Xcode/DerivedData/FinancialCalculatorKit-ackorybalcxbfocbkqsfdzcfkgmn/Build/Products/Debug/PackageFrameworks -F /Users/rogerlin/Library/Developer/Xcode/DerivedData/FinancialCalculatorKit-ackorybalcxbfocbkqsfdzcfkgmn/Build/Products/Debug/PackageFrameworks -F /Users/rogerlin/Library/Developer/Xcode/DerivedData/FinancialCalculatorKit-ackorybalcxbfocbkqsfdzcfkgmn/Build/Products/Debug/PackageFrameworks -F /Users/rogerlin/Library/Developer/Xcode/DerivedData/FinancialCalculatorKit-ackorybalcxbfocbkqsfdzcfkgmn/Build/Products/Debug/PackageFrameworks -F /Users/rogerlin/Library/Developer/Xcode/DerivedData/FinancialCalculatorKit-ackorybalcxbfocbkqsfdzcfkgmn/Build/Products/Debug/PackageFrameworks -F /Users/rogerlin/Library/Developer/Xcode/DerivedData/FinancialCalculatorKit-ackorybalcxbfocbkqsfdzcfkgmn/Build/Products/Debug/PackageFrameworks -F /Users/rogerlin/Library/Developer/Xcode/DerivedData/FinancialCalculatorKit-ackorybalcxbfocbkqsfdzcfkgmn/Build/Products/Debug/PackageFrameworks -F /Users/rogerlin/Library/Developer/Xcode/DerivedData/FinancialCalculatorKit-ackorybalcxbfocbkqsfdzcfkgmn/Build/Products/Debug -F /Applications/Xcode.app/Contents/Developer/Platforms/MacOSX.platform/Developer/Library/Frameworks -no-color-diagnostics -Xcc -fno-color-diagnostics -enable-testing -g -debug-info-format\=dwarf -dwarf-version\=5 -module-cache-path /Users/rogerlin/Library/Developer/Xcode/DerivedData/FinancialCalculatorKit-ackorybalcxbfocbkqsfdzcfkgmn/Build/Intermediates.noindex/SwiftExplicitPrecompiledModules -suppress-warnings -profile-generate -profile-coverage-mapping -swift-version 5 -enforce-exclusivity\=checked -Onone -D SWIFT_PACKAGE -D DEBUG -D SWIFT_MODULE_RESOURCE_BUNDLE_UNAVAILABLE -D Xcode -serialize-debugging-options -const-gather-protocols-file /Users/rogerlin/Library/Developer/Xcode/DerivedData/FinancialCalculatorKit-ackorybalcxbfocbkqsfdzcfkgmn/Build/Intermediates.noindex/ExpressionParser.build/Debug/ExpressionParser.build/Objects-normal/arm64/ExpressionParser_const_extract_protocols.json -enable-experimental-feature DebugDescriptionMacro -empty-abi-descriptor -validate-clang-modules-once -clang-build-session-file /Users/rogerlin/Library/Developer/Xcode/DerivedData/ModuleCache.noindex/Session.modulevalidation -Xcc -working-directory -Xcc /Users/rogerlin/XCode-Projects/FinancialCalculatorKit-5.0-updated-accent-colors/FinancialCalculatorKit.xcodeproj -enable-anonymous-context-mangled-names -file-compilation-dir /Users/rogerlin/XCode-Projects/FinancialCalculatorKit-5.0-updated-accent-colors/FinancialCalculatorKit.xcodeproj -Xcc -D_LIBCPP_HARDENING_MODE\=_LIBCPP_HARDENING_MODE_DEBUG -Xcc -ivfsstatcache -Xcc /Users/rogerlin/Library/Developer/Xcode/DerivedData/SDKStatCaches.noindex/macosx26.1-25B74-3ae1261907bdadc328169391a47051a6.sdkstatcache -Xcc -I/Users/rogerlin/Library/Developer/Xcode/DerivedData/FinancialCalculatorKit-ackorybalcxbfocbkqsfdzcfkgmn/Build/Intermediates.noindex/ExpressionParser.build/Debug/ExpressionParser.build/swift-overrides.hmap -Xcc -I/Users/rogerlin/Library/Developer/Xcode/DerivedData/FinancialCalculatorKit-ackorybalcxbfocbkqsfdzcfkgmn/SourcePackages/checkouts/swift-numerics/Sources/_NumericsShims/include -Xcc -I/Users/rogerlin/Library/Developer/Xcode/DerivedData/FinancialCalculatorKit-ackorybalcxbfocbkqsfdzcfkgmn/Build/Products/Debug/include -Xcc -I/Users/rogerlin/Library/Developer/Xcode/DerivedData/FinancialCalculatorKit-ackorybalcxbfocbkqsfdzcfkgmn/Build/Intermediates.noindex/ExpressionParser.build/Debug/ExpressionParser.build/DerivedSources-normal/arm64 -Xcc -I/Users/rogerlin/Library/Developer/Xcode/DerivedData/FinancialCalculatorKit-ackorybalcxbfocbkqsfdzcfkgmn/Build/Intermediates.noindex/ExpressionParser.build/Debug/ExpressionParser.build/DerivedSources/arm64 -Xcc -I/Users/rogerlin/Library/Developer/Xcode/DerivedData/FinancialCalculatorKit-ackorybalcxbfocbkqsfdzcfkgmn/Build/Intermediates.noindex/ExpressionParser.build/Debug/ExpressionParser.build/DerivedSources -Xcc -DSWIFT_PACKAGE -Xcc -DDEBUG\=1 -no-auto-bridging-header-chaining -module-name ExpressionParser -package-name expressionparser -frontend-parseable-output -disable-clang-spi -target-sdk-version 26.1 -target-sdk-name macosx26.1 -clang-target arm64-apple-macos26.1 -in-process-plugin-server-path /Applications/Xcode.app/Contents/Developer/Toolchains/XcodeDefault.xctoolchain/usr/lib/swift/host/libSwiftInProcPluginServer.dylib -o /Users/rogerlin/Library/Developer/Xcode/DerivedData/FinancialCalculatorKit-ackorybalcxbfocbkqsfdzcfkgmn/Build/Intermediates.noindex/ExpressionParser.build/Debug/ExpressionParser.build/Objects-normal/arm64/String+Char.o -index-unit-output-path /ExpressionParser.build/Debug/ExpressionParser.build/Objects-normal/arm64/String+Char.o -index-store-path /Users/rogerlin/Library/Developer/Xcode/DerivedData/FinancialCalculatorKit-ackorybalcxbfocbkqsfdzcfkgmn/Index.noindex/DataStore -index-system-modules

SwiftCompile normal arm64 /Users/rogerlin/Library/Developer/Xcode/DerivedData/FinancialCalculatorKit-ackorybalcxbfocbkqsfdzcfkgmn/SourcePackages/checkouts/ExpressionParser/Sources/ExpressionParser/String+Char.swift (in target 'ExpressionParser' from project 'ExpressionParser')
    cd /Users/rogerlin/XCode-Projects/FinancialCalculatorKit-5.0-updated-accent-colors/FinancialCalculatorKit.xcodeproj
    

SwiftDriverJobDiscovery normal arm64 Compiling Rounding.swift (in target 'BigDecimal' from project 'BigDecimal')

SwiftCompile normal arm64 Compiling\ Parser.swift /Users/rogerlin/Library/Developer/Xcode/DerivedData/FinancialCalculatorKit-ackorybalcxbfocbkqsfdzcfkgmn/SourcePackages/checkouts/ExpressionParser/Sources/ExpressionParser/Parser.swift (in target 'ExpressionParser' from project 'ExpressionParser')
/Applications/Xcode.app/Contents/Developer/Toolchains/XcodeDefault.xctoolchain/usr/bin/swift-frontend -frontend -c /Users/rogerlin/Library/Developer/Xcode/DerivedData/FinancialCalculatorKit-ackorybalcxbfocbkqsfdzcfkgmn/SourcePackages/checkouts/ExpressionParser/Sources/ExpressionParser/AST.swift /Users/rogerlin/Library/Developer/Xcode/DerivedData/FinancialCalculatorKit-ackorybalcxbfocbkqsfdzcfkgmn/SourcePackages/checkouts/ExpressionParser/Sources/ExpressionParser/ExpressionParser.swift /Users/rogerlin/Library/Developer/Xcode/DerivedData/FinancialCalculatorKit-ackorybalcxbfocbkqsfdzcfkgmn/SourcePackages/checkouts/ExpressionParser/Sources/ExpressionParser/LaTeX.swift -primary-file /Users/rogerlin/Library/Developer/Xcode/DerivedData/FinancialCalculatorKit-ackorybalcxbfocbkqsfdzcfkgmn/SourcePackages/checkouts/ExpressionParser/Sources/ExpressionParser/Parser.swift /Users/rogerlin/Library/Developer/Xcode/DerivedData/FinancialCalculatorKit-ackorybalcxbfocbkqsfdzcfkgmn/SourcePackages/checkouts/ExpressionParser/Sources/ExpressionParser/Scanner.swift /Users/rogerlin/Library/Developer/Xcode/DerivedData/FinancialCalculatorKit-ackorybalcxbfocbkqsfdzcfkgmn/SourcePackages/checkouts/ExpressionParser/Sources/ExpressionParser/String+Char.swift -emit-dependencies-path /Users/rogerlin/Library/Developer/Xcode/DerivedData/FinancialCalculatorKit-ackorybalcxbfocbkqsfdzcfkgmn/Build/Intermediates.noindex/ExpressionParser.build/Debug/ExpressionParser.build/Objects-normal/arm64/Parser.d -emit-const-values-path /Users/rogerlin/Library/Developer/Xcode/DerivedData/FinancialCalculatorKit-ackorybalcxbfocbkqsfdzcfkgmn/Build/Intermediates.noindex/ExpressionParser.build/Debug/ExpressionParser.build/Objects-normal/arm64/Parser.swiftconstvalues -emit-reference-dependencies-path /Users/rogerlin/Library/Developer/Xcode/DerivedData/FinancialCalculatorKit-ackorybalcxbfocbkqsfdzcfkgmn/Build/Intermediates.noindex/ExpressionParser.build/Debug/ExpressionParser.build/Objects-normal/arm64/Parser.swiftdeps -serialize-diagnostics-path /Users/rogerlin/Library/Developer/Xcode/DerivedData/FinancialCalculatorKit-ackorybalcxbfocbkqsfdzcfkgmn/Build/Intermediates.noindex/ExpressionParser.build/Debug/ExpressionParser.build/Objects-normal/arm64/Parser.dia -target arm64-apple-macos15.0 -load-resolved-plugin /Applications/Xcode.app/Contents/Developer/Platforms/MacOSX.platform/Developer/usr/lib/swift/host/plugins/libFoundationMacros.dylib\#/Applications/Xcode.app/Contents/Developer/Platforms/MacOSX.platform/Developer/usr/bin/swift-plugin-server\#FoundationMacros -load-resolved-plugin /Applications/Xcode.app/Contents/Developer/Platforms/MacOSX.platform/Developer/usr/lib/swift/host/plugins/libObservationMacros.dylib\#/Applications/Xcode.app/Contents/Developer/Platforms/MacOSX.platform/Developer/usr/bin/swift-plugin-server\#ObservationMacros -load-resolved-plugin /Applications/Xcode.app/Contents/Developer/Platforms/MacOSX.platform/Developer/usr/lib/swift/host/plugins/libSwiftMacros.dylib\#/Applications/Xcode.app/Contents/Developer/Platforms/MacOSX.platform/Developer/usr/bin/swift-plugin-server\#SwiftMacros -disable-implicit-swift-modules -Xcc -fno-implicit-modules -Xcc -fno-implicit-module-maps -explicit-swift-module-map-file /Users/rogerlin/Library/Developer/Xcode/DerivedData/FinancialCalculatorKit-ackorybalcxbfocbkqsfdzcfkgmn/Build/Intermediates.noindex/ExpressionParser.build/Debug/ExpressionParser.build/Objects-normal/arm64/ExpressionParser-dependencies-1.json -Xllvm -aarch64-use-tbi -enable-objc-interop -stack-check -sdk /Applications/Xcode.app/Contents/Developer/Platforms/MacOSX.platform/Developer/SDKs/MacOSX26.1.sdk -I /Users/rogerlin/Library/Developer/Xcode/DerivedData/FinancialCalculatorKit-ackorybalcxbfocbkqsfdzcfkgmn/Build/Products/Debug -Isystem /Applications/Xcode.app/Contents/Developer/Platforms/MacOSX.platform/Developer/usr/lib -F /Users/rogerlin/Library/Developer/Xcode/DerivedData/FinancialCalculatorKit-ackorybalcxbfocbkqsfdzcfkgmn/Build/Products/Debug/PackageFrameworks -F /Users/rogerlin/Library/Developer/Xcode/DerivedData/FinancialCalculatorKit-ackorybalcxbfocbkqsfdzcfkgmn/Build/Products/Debug/PackageFrameworks -F /Users/rogerlin/Library/Developer/Xcode/DerivedData/FinancialCalculatorKit-ackorybalcxbfocbkqsfdzcfkgmn/Build/Products/Debug/PackageFrameworks -F /Users/rogerlin/Library/Developer/Xcode/DerivedData/FinancialCalculatorKit-ackorybalcxbfocbkqsfdzcfkgmn/Build/Products/Debug/PackageFrameworks -F /Users/rogerlin/Library/Developer/Xcode/DerivedData/FinancialCalculatorKit-ackorybalcxbfocbkqsfdzcfkgmn/Build/Products/Debug/PackageFrameworks -F /Users/rogerlin/Library/Developer/Xcode/DerivedData/FinancialCalculatorKit-ackorybalcxbfocbkqsfdzcfkgmn/Build/Products/Debug/PackageFrameworks -F /Users/rogerlin/Library/Developer/Xcode/DerivedData/FinancialCalculatorKit-ackorybalcxbfocbkqsfdzcfkgmn/Build/Products/Debug/PackageFrameworks -F /Users/rogerlin/Library/Developer/Xcode/DerivedData/FinancialCalculatorKit-ackorybalcxbfocbkqsfdzcfkgmn/Build/Products/Debug -F /Applications/Xcode.app/Contents/Developer/Platforms/MacOSX.platform/Developer/Library/Frameworks -no-color-diagnostics -Xcc -fno-color-diagnostics -enable-testing -g -debug-info-format\=dwarf -dwarf-version\=5 -module-cache-path /Users/rogerlin/Library/Developer/Xcode/DerivedData/FinancialCalculatorKit-ackorybalcxbfocbkqsfdzcfkgmn/Build/Intermediates.noindex/SwiftExplicitPrecompiledModules -suppress-warnings -profile-generate -profile-coverage-mapping -swift-version 5 -enforce-exclusivity\=checked -Onone -D SWIFT_PACKAGE -D DEBUG -D SWIFT_MODULE_RESOURCE_BUNDLE_UNAVAILABLE -D Xcode -serialize-debugging-options -const-gather-protocols-file /Users/rogerlin/Library/Developer/Xcode/DerivedData/FinancialCalculatorKit-ackorybalcxbfocbkqsfdzcfkgmn/Build/Intermediates.noindex/ExpressionParser.build/Debug/ExpressionParser.build/Objects-normal/arm64/ExpressionParser_const_extract_protocols.json -enable-experimental-feature DebugDescriptionMacro -empty-abi-descriptor -validate-clang-modules-once -clang-build-session-file /Users/rogerlin/Library/Developer/Xcode/DerivedData/ModuleCache.noindex/Session.modulevalidation -Xcc -working-directory -Xcc /Users/rogerlin/XCode-Projects/FinancialCalculatorKit-5.0-updated-accent-colors/FinancialCalculatorKit.xcodeproj -enable-anonymous-context-mangled-names -file-compilation-dir /Users/rogerlin/XCode-Projects/FinancialCalculatorKit-5.0-updated-accent-colors/FinancialCalculatorKit.xcodeproj -Xcc -D_LIBCPP_HARDENING_MODE\=_LIBCPP_HARDENING_MODE_DEBUG -Xcc -ivfsstatcache -Xcc /Users/rogerlin/Library/Developer/Xcode/DerivedData/SDKStatCaches.noindex/macosx26.1-25B74-3ae1261907bdadc328169391a47051a6.sdkstatcache -Xcc -I/Users/rogerlin/Library/Developer/Xcode/DerivedData/FinancialCalculatorKit-ackorybalcxbfocbkqsfdzcfkgmn/Build/Intermediates.noindex/ExpressionParser.build/Debug/ExpressionParser.build/swift-overrides.hmap -Xcc -I/Users/rogerlin/Library/Developer/Xcode/DerivedData/FinancialCalculatorKit-ackorybalcxbfocbkqsfdzcfkgmn/SourcePackages/checkouts/swift-numerics/Sources/_NumericsShims/include -Xcc -I/Users/rogerlin/Library/Developer/Xcode/DerivedData/FinancialCalculatorKit-ackorybalcxbfocbkqsfdzcfkgmn/Build/Products/Debug/include -Xcc -I/Users/rogerlin/Library/Developer/Xcode/DerivedData/FinancialCalculatorKit-ackorybalcxbfocbkqsfdzcfkgmn/Build/Intermediates.noindex/ExpressionParser.build/Debug/ExpressionParser.build/DerivedSources-normal/arm64 -Xcc -I/Users/rogerlin/Library/Developer/Xcode/DerivedData/FinancialCalculatorKit-ackorybalcxbfocbkqsfdzcfkgmn/Build/Intermediates.noindex/ExpressionParser.build/Debug/ExpressionParser.build/DerivedSources/arm64 -Xcc -I/Users/rogerlin/Library/Developer/Xcode/DerivedData/FinancialCalculatorKit-ackorybalcxbfocbkqsfdzcfkgmn/Build/Intermediates.noindex/ExpressionParser.build/Debug/ExpressionParser.build/DerivedSources -Xcc -DSWIFT_PACKAGE -Xcc -DDEBUG\=1 -no-auto-bridging-header-chaining -module-name ExpressionParser -package-name expressionparser -frontend-parseable-output -disable-clang-spi -target-sdk-version 26.1 -target-sdk-name macosx26.1 -clang-target arm64-apple-macos26.1 -in-process-plugin-server-path /Applications/Xcode.app/Contents/Developer/Toolchains/XcodeDefault.xctoolchain/usr/lib/swift/host/libSwiftInProcPluginServer.dylib -o /Users/rogerlin/Library/Developer/Xcode/DerivedData/FinancialCalculatorKit-ackorybalcxbfocbkqsfdzcfkgmn/Build/Intermediates.noindex/ExpressionParser.build/Debug/ExpressionParser.build/Objects-normal/arm64/Parser.o -index-unit-output-path /ExpressionParser.build/Debug/ExpressionParser.build/Objects-normal/arm64/Parser.o -index-store-path /Users/rogerlin/Library/Developer/Xcode/DerivedData/FinancialCalculatorKit-ackorybalcxbfocbkqsfdzcfkgmn/Index.noindex/DataStore -index-system-modules

SwiftCompile normal arm64 /Users/rogerlin/Library/Developer/Xcode/DerivedData/FinancialCalculatorKit-ackorybalcxbfocbkqsfdzcfkgmn/SourcePackages/checkouts/ExpressionParser/Sources/ExpressionParser/Parser.swift (in target 'ExpressionParser' from project 'ExpressionParser')
    cd /Users/rogerlin/XCode-Projects/FinancialCalculatorKit-5.0-updated-accent-colors/FinancialCalculatorKit.xcodeproj
    

SwiftEmitModule normal arm64 Emitting\ module\ for\ CasePathsCore (in target 'CasePathsCore' from project 'swift-case-paths')
/Applications/Xcode.app/Contents/Developer/Toolchains/XcodeDefault.xctoolchain/usr/bin/swift-frontend -frontend -emit-module -experimental-skip-non-inlinable-function-bodies-without-types /Users/rogerlin/Library/Developer/Xcode/DerivedData/FinancialCalculatorKit-ackorybalcxbfocbkqsfdzcfkgmn/SourcePackages/checkouts/swift-case-paths/Sources/CasePathsCore/AnyCasePath.swift /Users/rogerlin/Library/Developer/Xcode/DerivedData/FinancialCalculatorKit-ackorybalcxbfocbkqsfdzcfkgmn/SourcePackages/checkouts/swift-case-paths/Sources/CasePathsCore/CasePathIterable.swift /Users/rogerlin/Library/Developer/Xcode/DerivedData/FinancialCalculatorKit-ackorybalcxbfocbkqsfdzcfkgmn/SourcePackages/checkouts/swift-case-paths/Sources/CasePathsCore/CasePathReflectable.swift /Users/rogerlin/Library/Developer/Xcode/DerivedData/FinancialCalculatorKit-ackorybalcxbfocbkqsfdzcfkgmn/SourcePackages/checkouts/swift-case-paths/Sources/CasePathsCore/CasePathable.swift /Users/rogerlin/Library/Developer/Xcode/DerivedData/FinancialCalculatorKit-ackorybalcxbfocbkqsfdzcfkgmn/SourcePackages/checkouts/swift-case-paths/Sources/CasePathsCore/Internal/KeyPath+Sendable.swift /Users/rogerlin/Library/Developer/Xcode/DerivedData/FinancialCalculatorKit-ackorybalcxbfocbkqsfdzcfkgmn/SourcePackages/checkouts/swift-case-paths/Sources/CasePathsCore/Internal/TypeName.swift /Users/rogerlin/Library/Developer/Xcode/DerivedData/FinancialCalculatorKit-ackorybalcxbfocbkqsfdzcfkgmn/SourcePackages/checkouts/swift-case-paths/Sources/CasePathsCore/Internal/UncheckedSendable.swift /Users/rogerlin/Library/Developer/Xcode/DerivedData/FinancialCalculatorKit-ackorybalcxbfocbkqsfdzcfkgmn/SourcePackages/checkouts/swift-case-paths/Sources/CasePathsCore/Never+CasePathable.swift /Users/rogerlin/Library/Developer/Xcode/DerivedData/FinancialCalculatorKit-ackorybalcxbfocbkqsfdzcfkgmn/SourcePackages/checkouts/swift-case-paths/Sources/CasePathsCore/Optional+CasePathable.swift /Users/rogerlin/Library/Developer/Xcode/DerivedData/FinancialCalculatorKit-ackorybalcxbfocbkqsfdzcfkgmn/SourcePackages/checkouts/swift-case-paths/Sources/CasePathsCore/Result+CasePathable.swift -target arm64-apple-macos10.15 -load-resolved-plugin /Applications/Xcode.app/Contents/Developer/Platforms/MacOSX.platform/Developer/usr/lib/swift/host/plugins/libFoundationMacros.dylib\#/Applications/Xcode.app/Contents/Developer/Platforms/MacOSX.platform/Developer/usr/bin/swift-plugin-server\#FoundationMacros -load-resolved-plugin /Applications/Xcode.app/Contents/Developer/Platforms/MacOSX.platform/Developer/usr/lib/swift/host/plugins/libObservationMacros.dylib\#/Applications/Xcode.app/Contents/Developer/Platforms/MacOSX.platform/Developer/usr/bin/swift-plugin-server\#ObservationMacros -load-resolved-plugin /Applications/Xcode.app/Contents/Developer/Platforms/MacOSX.platform/Developer/usr/lib/swift/host/plugins/libSwiftMacros.dylib\#/Applications/Xcode.app/Contents/Developer/Platforms/MacOSX.platform/Developer/usr/bin/swift-plugin-server\#SwiftMacros -disable-implicit-swift-modules -Xcc -fno-implicit-modules -Xcc -fno-implicit-module-maps -explicit-swift-module-map-file /Users/rogerlin/Library/Developer/Xcode/DerivedData/FinancialCalculatorKit-ackorybalcxbfocbkqsfdzcfkgmn/Build/Intermediates.noindex/swift-case-paths.build/Debug/CasePathsCore.build/Objects-normal/arm64/CasePathsCore-dependencies-1.json -Xllvm -aarch64-use-tbi -enable-objc-interop -stack-check -sdk /Applications/Xcode.app/Contents/Developer/Platforms/MacOSX.platform/Developer/SDKs/MacOSX26.1.sdk -I /Users/rogerlin/Library/Developer/Xcode/DerivedData/FinancialCalculatorKit-ackorybalcxbfocbkqsfdzcfkgmn/Build/Products/Debug -Isystem /Applications/Xcode.app/Contents/Developer/Platforms/MacOSX.platform/Developer/usr/lib -F /Users/rogerlin/Library/Developer/Xcode/DerivedData/FinancialCalculatorKit-ackorybalcxbfocbkqsfdzcfkgmn/Build/Products/Debug/PackageFrameworks -F /Users/rogerlin/Library/Developer/Xcode/DerivedData/FinancialCalculatorKit-ackorybalcxbfocbkqsfdzcfkgmn/Build/Products/Debug/PackageFrameworks -F /Users/rogerlin/Library/Developer/Xcode/DerivedData/FinancialCalculatorKit-ackorybalcxbfocbkqsfdzcfkgmn/Build/Products/Debug -F /Applications/Xcode.app/Contents/Developer/Platforms/MacOSX.platform/Developer/Library/Frameworks -no-color-diagnostics -Xcc -fno-color-diagnostics -enable-testing -g -debug-info-format\=dwarf -dwarf-version\=4 -module-cache-path /Users/rogerlin/Library/Developer/Xcode/DerivedData/FinancialCalculatorKit-ackorybalcxbfocbkqsfdzcfkgmn/Build/Intermediates.noindex/SwiftExplicitPrecompiledModules -suppress-warnings -profile-generate -profile-coverage-mapping -swift-version 6 -enforce-exclusivity\=checked -Onone -D SWIFT_PACKAGE -D DEBUG -D SWIFT_MODULE_RESOURCE_BUNDLE_UNAVAILABLE -D Xcode -serialize-debugging-options -const-gather-protocols-file /Users/rogerlin/Library/Developer/Xcode/DerivedData/FinancialCalculatorKit-ackorybalcxbfocbkqsfdzcfkgmn/Build/Intermediates.noindex/swift-case-paths.build/Debug/CasePathsCore.build/Objects-normal/arm64/CasePathsCore_const_extract_protocols.json -enable-experimental-feature DebugDescriptionMacro -empty-abi-descriptor -user-module-version 1.7.0 -validate-clang-modules-once -clang-build-session-file /Users/rogerlin/Library/Developer/Xcode/DerivedData/ModuleCache.noindex/Session.modulevalidation -Xcc -working-directory -Xcc /Users/rogerlin/XCode-Projects/FinancialCalculatorKit-5.0-updated-accent-colors/FinancialCalculatorKit.xcodeproj -enable-anonymous-context-mangled-names -file-compilation-dir /Users/rogerlin/XCode-Projects/FinancialCalculatorKit-5.0-updated-accent-colors/FinancialCalculatorKit.xcodeproj -Xcc -D_LIBCPP_HARDENING_MODE\=_LIBCPP_HARDENING_MODE_DEBUG -Xcc -ivfsstatcache -Xcc /Users/rogerlin/Library/Developer/Xcode/DerivedData/SDKStatCaches.noindex/macosx26.1-25B74-3ae1261907bdadc328169391a47051a6.sdkstatcache -Xcc -I/Users/rogerlin/Library/Developer/Xcode/DerivedData/FinancialCalculatorKit-ackorybalcxbfocbkqsfdzcfkgmn/Build/Intermediates.noindex/swift-case-paths.build/Debug/CasePathsCore.build/swift-overrides.hmap -Xcc -I/Users/rogerlin/Library/Developer/Xcode/DerivedData/FinancialCalculatorKit-ackorybalcxbfocbkqsfdzcfkgmn/Build/Products/Debug/include -Xcc -I/Users/rogerlin/Library/Developer/Xcode/DerivedData/FinancialCalculatorKit-ackorybalcxbfocbkqsfdzcfkgmn/Build/Intermediates.noindex/swift-case-paths.build/Debug/CasePathsCore.build/DerivedSources-normal/arm64 -Xcc -I/Users/rogerlin/Library/Developer/Xcode/DerivedData/FinancialCalculatorKit-ackorybalcxbfocbkqsfdzcfkgmn/Build/Intermediates.noindex/swift-case-paths.build/Debug/CasePathsCore.build/DerivedSources/arm64 -Xcc -I/Users/rogerlin/Library/Developer/Xcode/DerivedData/FinancialCalculatorKit-ackorybalcxbfocbkqsfdzcfkgmn/Build/Intermediates.noindex/swift-case-paths.build/Debug/CasePathsCore.build/DerivedSources -Xcc -DSWIFT_PACKAGE -Xcc -DDEBUG\=1 -no-auto-bridging-header-chaining -module-name CasePathsCore -package-name swift_case_paths -frontend-parseable-output -disable-clang-spi -target-sdk-version 26.1 -target-sdk-name macosx26.1 -clang-target arm64-apple-macos26.1 -in-process-plugin-server-path /Applications/Xcode.app/Contents/Developer/Toolchains/XcodeDefault.xctoolchain/usr/lib/swift/host/libSwiftInProcPluginServer.dylib -emit-module-doc-path /Users/rogerlin/Library/Developer/Xcode/DerivedData/FinancialCalculatorKit-ackorybalcxbfocbkqsfdzcfkgmn/Build/Intermediates.noindex/swift-case-paths.build/Debug/CasePathsCore.build/Objects-normal/arm64/CasePathsCore.swiftdoc -emit-module-source-info-path /Users/rogerlin/Library/Developer/Xcode/DerivedData/FinancialCalculatorKit-ackorybalcxbfocbkqsfdzcfkgmn/Build/Intermediates.noindex/swift-case-paths.build/Debug/CasePathsCore.build/Objects-normal/arm64/CasePathsCore.swiftsourceinfo -emit-objc-header-path /Users/rogerlin/Library/Developer/Xcode/DerivedData/FinancialCalculatorKit-ackorybalcxbfocbkqsfdzcfkgmn/Build/Intermediates.noindex/swift-case-paths.build/Debug/CasePathsCore.build/Objects-normal/arm64/CasePathsCore-Swift.h -serialize-diagnostics-path /Users/rogerlin/Library/Developer/Xcode/DerivedData/FinancialCalculatorKit-ackorybalcxbfocbkqsfdzcfkgmn/Build/Intermediates.noindex/swift-case-paths.build/Debug/CasePathsCore.build/Objects-normal/arm64/CasePathsCore-primary-emit-module.dia -emit-dependencies-path /Users/rogerlin/Library/Developer/Xcode/DerivedData/FinancialCalculatorKit-ackorybalcxbfocbkqsfdzcfkgmn/Build/Intermediates.noindex/swift-case-paths.build/Debug/CasePathsCore.build/Objects-normal/arm64/CasePathsCore-primary-emit-module.d -o /Users/rogerlin/Library/Developer/Xcode/DerivedData/FinancialCalculatorKit-ackorybalcxbfocbkqsfdzcfkgmn/Build/Intermediates.noindex/swift-case-paths.build/Debug/CasePathsCore.build/Objects-normal/arm64/CasePathsCore.swiftmodule -emit-abi-descriptor-path /Users/rogerlin/Library/Developer/Xcode/DerivedData/FinancialCalculatorKit-ackorybalcxbfocbkqsfdzcfkgmn/Build/Intermediates.noindex/swift-case-paths.build/Debug/CasePathsCore.build/Objects-normal/arm64/CasePathsCore.abi.json

EmitSwiftModule normal arm64 (in target 'CasePathsCore' from project 'swift-case-paths')
    cd /Users/rogerlin/XCode-Projects/FinancialCalculatorKit-5.0-updated-accent-colors/FinancialCalculatorKit.xcodeproj
    

SwiftCompile normal arm64 Compiling\ ExpressionParser.swift /Users/rogerlin/Library/Developer/Xcode/DerivedData/FinancialCalculatorKit-ackorybalcxbfocbkqsfdzcfkgmn/SourcePackages/checkouts/ExpressionParser/Sources/ExpressionParser/ExpressionParser.swift (in target 'ExpressionParser' from project 'ExpressionParser')
/Applications/Xcode.app/Contents/Developer/Toolchains/XcodeDefault.xctoolchain/usr/bin/swift-frontend -frontend -c /Users/rogerlin/Library/Developer/Xcode/DerivedData/FinancialCalculatorKit-ackorybalcxbfocbkqsfdzcfkgmn/SourcePackages/checkouts/ExpressionParser/Sources/ExpressionParser/AST.swift -primary-file /Users/rogerlin/Library/Developer/Xcode/DerivedData/FinancialCalculatorKit-ackorybalcxbfocbkqsfdzcfkgmn/SourcePackages/checkouts/ExpressionParser/Sources/ExpressionParser/ExpressionParser.swift /Users/rogerlin/Library/Developer/Xcode/DerivedData/FinancialCalculatorKit-ackorybalcxbfocbkqsfdzcfkgmn/SourcePackages/checkouts/ExpressionParser/Sources/ExpressionParser/LaTeX.swift /Users/rogerlin/Library/Developer/Xcode/DerivedData/FinancialCalculatorKit-ackorybalcxbfocbkqsfdzcfkgmn/SourcePackages/checkouts/ExpressionParser/Sources/ExpressionParser/Parser.swift /Users/rogerlin/Library/Developer/Xcode/DerivedData/FinancialCalculatorKit-ackorybalcxbfocbkqsfdzcfkgmn/SourcePackages/checkouts/ExpressionParser/Sources/ExpressionParser/Scanner.swift /Users/rogerlin/Library/Developer/Xcode/DerivedData/FinancialCalculatorKit-ackorybalcxbfocbkqsfdzcfkgmn/SourcePackages/checkouts/ExpressionParser/Sources/ExpressionParser/String+Char.swift -emit-dependencies-path /Users/rogerlin/Library/Developer/Xcode/DerivedData/FinancialCalculatorKit-ackorybalcxbfocbkqsfdzcfkgmn/Build/Intermediates.noindex/ExpressionParser.build/Debug/ExpressionParser.build/Objects-normal/arm64/ExpressionParser.d -emit-const-values-path /Users/rogerlin/Library/Developer/Xcode/DerivedData/FinancialCalculatorKit-ackorybalcxbfocbkqsfdzcfkgmn/Build/Intermediates.noindex/ExpressionParser.build/Debug/ExpressionParser.build/Objects-normal/arm64/ExpressionParser.swiftconstvalues -emit-reference-dependencies-path /Users/rogerlin/Library/Developer/Xcode/DerivedData/FinancialCalculatorKit-ackorybalcxbfocbkqsfdzcfkgmn/Build/Intermediates.noindex/ExpressionParser.build/Debug/ExpressionParser.build/Objects-normal/arm64/ExpressionParser.swiftdeps -serialize-diagnostics-path /Users/rogerlin/Library/Developer/Xcode/DerivedData/FinancialCalculatorKit-ackorybalcxbfocbkqsfdzcfkgmn/Build/Intermediates.noindex/ExpressionParser.build/Debug/ExpressionParser.build/Objects-normal/arm64/ExpressionParser.dia -target arm64-apple-macos15.0 -load-resolved-plugin /Applications/Xcode.app/Contents/Developer/Platforms/MacOSX.platform/Developer/usr/lib/swift/host/plugins/libFoundationMacros.dylib\#/Applications/Xcode.app/Contents/Developer/Platforms/MacOSX.platform/Developer/usr/bin/swift-plugin-server\#FoundationMacros -load-resolved-plugin /Applications/Xcode.app/Contents/Developer/Platforms/MacOSX.platform/Developer/usr/lib/swift/host/plugins/libObservationMacros.dylib\#/Applications/Xcode.app/Contents/Developer/Platforms/MacOSX.platform/Developer/usr/bin/swift-plugin-server\#ObservationMacros -load-resolved-plugin /Applications/Xcode.app/Contents/Developer/Platforms/MacOSX.platform/Developer/usr/lib/swift/host/plugins/libSwiftMacros.dylib\#/Applications/Xcode.app/Contents/Developer/Platforms/MacOSX.platform/Developer/usr/bin/swift-plugin-server\#SwiftMacros -disable-implicit-swift-modules -Xcc -fno-implicit-modules -Xcc -fno-implicit-module-maps -explicit-swift-module-map-file /Users/rogerlin/Library/Developer/Xcode/DerivedData/FinancialCalculatorKit-ackorybalcxbfocbkqsfdzcfkgmn/Build/Intermediates.noindex/ExpressionParser.build/Debug/ExpressionParser.build/Objects-normal/arm64/ExpressionParser-dependencies-1.json -Xllvm -aarch64-use-tbi -enable-objc-interop -stack-check -sdk /Applications/Xcode.app/Contents/Developer/Platforms/MacOSX.platform/Developer/SDKs/MacOSX26.1.sdk -I /Users/rogerlin/Library/Developer/Xcode/DerivedData/FinancialCalculatorKit-ackorybalcxbfocbkqsfdzcfkgmn/Build/Products/Debug -Isystem /Applications/Xcode.app/Contents/Developer/Platforms/MacOSX.platform/Developer/usr/lib -F /Users/rogerlin/Library/Developer/Xcode/DerivedData/FinancialCalculatorKit-ackorybalcxbfocbkqsfdzcfkgmn/Build/Products/Debug/PackageFrameworks -F /Users/rogerlin/Library/Developer/Xcode/DerivedData/FinancialCalculatorKit-ackorybalcxbfocbkqsfdzcfkgmn/Build/Products/Debug/PackageFrameworks -F /Users/rogerlin/Library/Developer/Xcode/DerivedData/FinancialCalculatorKit-ackorybalcxbfocbkqsfdzcfkgmn/Build/Products/Debug/PackageFrameworks -F /Users/rogerlin/Library/Developer/Xcode/DerivedData/FinancialCalculatorKit-ackorybalcxbfocbkqsfdzcfkgmn/Build/Products/Debug/PackageFrameworks -F /Users/rogerlin/Library/Developer/Xcode/DerivedData/FinancialCalculatorKit-ackorybalcxbfocbkqsfdzcfkgmn/Build/Products/Debug/PackageFrameworks -F /Users/rogerlin/Library/Developer/Xcode/DerivedData/FinancialCalculatorKit-ackorybalcxbfocbkqsfdzcfkgmn/Build/Products/Debug/PackageFrameworks -F /Users/rogerlin/Library/Developer/Xcode/DerivedData/FinancialCalculatorKit-ackorybalcxbfocbkqsfdzcfkgmn/Build/Products/Debug/PackageFrameworks -F /Users/rogerlin/Library/Developer/Xcode/DerivedData/FinancialCalculatorKit-ackorybalcxbfocbkqsfdzcfkgmn/Build/Products/Debug -F /Applications/Xcode.app/Contents/Developer/Platforms/MacOSX.platform/Developer/Library/Frameworks -no-color-diagnostics -Xcc -fno-color-diagnostics -enable-testing -g -debug-info-format\=dwarf -dwarf-version\=5 -module-cache-path /Users/rogerlin/Library/Developer/Xcode/DerivedData/FinancialCalculatorKit-ackorybalcxbfocbkqsfdzcfkgmn/Build/Intermediates.noindex/SwiftExplicitPrecompiledModules -suppress-warnings -profile-generate -profile-coverage-mapping -swift-version 5 -enforce-exclusivity\=checked -Onone -D SWIFT_PACKAGE -D DEBUG -D SWIFT_MODULE_RESOURCE_BUNDLE_UNAVAILABLE -D Xcode -serialize-debugging-options -const-gather-protocols-file /Users/rogerlin/Library/Developer/Xcode/DerivedData/FinancialCalculatorKit-ackorybalcxbfocbkqsfdzcfkgmn/Build/Intermediates.noindex/ExpressionParser.build/Debug/ExpressionParser.build/Objects-normal/arm64/ExpressionParser_const_extract_protocols.json -enable-experimental-feature DebugDescriptionMacro -empty-abi-descriptor -validate-clang-modules-once -clang-build-session-file /Users/rogerlin/Library/Developer/Xcode/DerivedData/ModuleCache.noindex/Session.modulevalidation -Xcc -working-directory -Xcc /Users/rogerlin/XCode-Projects/FinancialCalculatorKit-5.0-updated-accent-colors/FinancialCalculatorKit.xcodeproj -enable-anonymous-context-mangled-names -file-compilation-dir /Users/rogerlin/XCode-Projects/FinancialCalculatorKit-5.0-updated-accent-colors/FinancialCalculatorKit.xcodeproj -Xcc -D_LIBCPP_HARDENING_MODE\=_LIBCPP_HARDENING_MODE_DEBUG -Xcc -ivfsstatcache -Xcc /Users/rogerlin/Library/Developer/Xcode/DerivedData/SDKStatCaches.noindex/macosx26.1-25B74-3ae1261907bdadc328169391a47051a6.sdkstatcache -Xcc -I/Users/rogerlin/Library/Developer/Xcode/DerivedData/FinancialCalculatorKit-ackorybalcxbfocbkqsfdzcfkgmn/Build/Intermediates.noindex/ExpressionParser.build/Debug/ExpressionParser.build/swift-overrides.hmap -Xcc -I/Users/rogerlin/Library/Developer/Xcode/DerivedData/FinancialCalculatorKit-ackorybalcxbfocbkqsfdzcfkgmn/SourcePackages/checkouts/swift-numerics/Sources/_NumericsShims/include -Xcc -I/Users/rogerlin/Library/Developer/Xcode/DerivedData/FinancialCalculatorKit-ackorybalcxbfocbkqsfdzcfkgmn/Build/Products/Debug/include -Xcc -I/Users/rogerlin/Library/Developer/Xcode/DerivedData/FinancialCalculatorKit-ackorybalcxbfocbkqsfdzcfkgmn/Build/Intermediates.noindex/ExpressionParser.build/Debug/ExpressionParser.build/DerivedSources-normal/arm64 -Xcc -I/Users/rogerlin/Library/Developer/Xcode/DerivedData/FinancialCalculatorKit-ackorybalcxbfocbkqsfdzcfkgmn/Build/Intermediates.noindex/ExpressionParser.build/Debug/ExpressionParser.build/DerivedSources/arm64 -Xcc -I/Users/rogerlin/Library/Developer/Xcode/DerivedData/FinancialCalculatorKit-ackorybalcxbfocbkqsfdzcfkgmn/Build/Intermediates.noindex/ExpressionParser.build/Debug/ExpressionParser.build/DerivedSources -Xcc -DSWIFT_PACKAGE -Xcc -DDEBUG\=1 -no-auto-bridging-header-chaining -module-name ExpressionParser -package-name expressionparser -frontend-parseable-output -disable-clang-spi -target-sdk-version 26.1 -target-sdk-name macosx26.1 -clang-target arm64-apple-macos26.1 -in-process-plugin-server-path /Applications/Xcode.app/Contents/Developer/Toolchains/XcodeDefault.xctoolchain/usr/lib/swift/host/libSwiftInProcPluginServer.dylib -o /Users/rogerlin/Library/Developer/Xcode/DerivedData/FinancialCalculatorKit-ackorybalcxbfocbkqsfdzcfkgmn/Build/Intermediates.noindex/ExpressionParser.build/Debug/ExpressionParser.build/Objects-normal/arm64/ExpressionParser.o -index-unit-output-path /ExpressionParser.build/Debug/ExpressionParser.build/Objects-normal/arm64/ExpressionParser.o -index-store-path /Users/rogerlin/Library/Developer/Xcode/DerivedData/FinancialCalculatorKit-ackorybalcxbfocbkqsfdzcfkgmn/Index.noindex/DataStore -index-system-modules

SwiftCompile normal arm64 /Users/rogerlin/Library/Developer/Xcode/DerivedData/FinancialCalculatorKit-ackorybalcxbfocbkqsfdzcfkgmn/SourcePackages/checkouts/ExpressionParser/Sources/ExpressionParser/ExpressionParser.swift (in target 'ExpressionParser' from project 'ExpressionParser')
    cd /Users/rogerlin/XCode-Projects/FinancialCalculatorKit-5.0-updated-accent-colors/FinancialCalculatorKit.xcodeproj
    

SwiftDriverJobDiscovery normal arm64 Compiling LayerTree.CommandGenerator.swift, LayerTree.CommandOptimizer.swift, LayerTree.Gradient.swift (in target 'SwiftDraw' from project 'SwiftDraw')

SwiftCompile normal arm64 Compiling\ KeyPath+Sendable.swift /Users/rogerlin/Library/Developer/Xcode/DerivedData/FinancialCalculatorKit-ackorybalcxbfocbkqsfdzcfkgmn/SourcePackages/checkouts/swift-case-paths/Sources/CasePathsCore/Internal/KeyPath+Sendable.swift (in target 'CasePathsCore' from project 'swift-case-paths')
/Applications/Xcode.app/Contents/Developer/Toolchains/XcodeDefault.xctoolchain/usr/bin/swift-frontend -frontend -c /Users/rogerlin/Library/Developer/Xcode/DerivedData/FinancialCalculatorKit-ackorybalcxbfocbkqsfdzcfkgmn/SourcePackages/checkouts/swift-case-paths/Sources/CasePathsCore/AnyCasePath.swift /Users/rogerlin/Library/Developer/Xcode/DerivedData/FinancialCalculatorKit-ackorybalcxbfocbkqsfdzcfkgmn/SourcePackages/checkouts/swift-case-paths/Sources/CasePathsCore/CasePathIterable.swift /Users/rogerlin/Library/Developer/Xcode/DerivedData/FinancialCalculatorKit-ackorybalcxbfocbkqsfdzcfkgmn/SourcePackages/checkouts/swift-case-paths/Sources/CasePathsCore/CasePathReflectable.swift /Users/rogerlin/Library/Developer/Xcode/DerivedData/FinancialCalculatorKit-ackorybalcxbfocbkqsfdzcfkgmn/SourcePackages/checkouts/swift-case-paths/Sources/CasePathsCore/CasePathable.swift -primary-file /Users/rogerlin/Library/Developer/Xcode/DerivedData/FinancialCalculatorKit-ackorybalcxbfocbkqsfdzcfkgmn/SourcePackages/checkouts/swift-case-paths/Sources/CasePathsCore/Internal/KeyPath+Sendable.swift /Users/rogerlin/Library/Developer/Xcode/DerivedData/FinancialCalculatorKit-ackorybalcxbfocbkqsfdzcfkgmn/SourcePackages/checkouts/swift-case-paths/Sources/CasePathsCore/Internal/TypeName.swift /Users/rogerlin/Library/Developer/Xcode/DerivedData/FinancialCalculatorKit-ackorybalcxbfocbkqsfdzcfkgmn/SourcePackages/checkouts/swift-case-paths/Sources/CasePathsCore/Internal/UncheckedSendable.swift /Users/rogerlin/Library/Developer/Xcode/DerivedData/FinancialCalculatorKit-ackorybalcxbfocbkqsfdzcfkgmn/SourcePackages/checkouts/swift-case-paths/Sources/CasePathsCore/Never+CasePathable.swift /Users/rogerlin/Library/Developer/Xcode/DerivedData/FinancialCalculatorKit-ackorybalcxbfocbkqsfdzcfkgmn/SourcePackages/checkouts/swift-case-paths/Sources/CasePathsCore/Optional+CasePathable.swift /Users/rogerlin/Library/Developer/Xcode/DerivedData/FinancialCalculatorKit-ackorybalcxbfocbkqsfdzcfkgmn/SourcePackages/checkouts/swift-case-paths/Sources/CasePathsCore/Result+CasePathable.swift -emit-dependencies-path /Users/rogerlin/Library/Developer/Xcode/DerivedData/FinancialCalculatorKit-ackorybalcxbfocbkqsfdzcfkgmn/Build/Intermediates.noindex/swift-case-paths.build/Debug/CasePathsCore.build/Objects-normal/arm64/KeyPath+Sendable.d -emit-const-values-path /Users/rogerlin/Library/Developer/Xcode/DerivedData/FinancialCalculatorKit-ackorybalcxbfocbkqsfdzcfkgmn/Build/Intermediates.noindex/swift-case-paths.build/Debug/CasePathsCore.build/Objects-normal/arm64/KeyPath+Sendable.swiftconstvalues -emit-reference-dependencies-path /Users/rogerlin/Library/Developer/Xcode/DerivedData/FinancialCalculatorKit-ackorybalcxbfocbkqsfdzcfkgmn/Build/Intermediates.noindex/swift-case-paths.build/Debug/CasePathsCore.build/Objects-normal/arm64/KeyPath+Sendable.swiftdeps -serialize-diagnostics-path /Users/rogerlin/Library/Developer/Xcode/DerivedData/FinancialCalculatorKit-ackorybalcxbfocbkqsfdzcfkgmn/Build/Intermediates.noindex/swift-case-paths.build/Debug/CasePathsCore.build/Objects-normal/arm64/KeyPath+Sendable.dia -target arm64-apple-macos10.15 -load-resolved-plugin /Applications/Xcode.app/Contents/Developer/Platforms/MacOSX.platform/Developer/usr/lib/swift/host/plugins/libFoundationMacros.dylib\#/Applications/Xcode.app/Contents/Developer/Platforms/MacOSX.platform/Developer/usr/bin/swift-plugin-server\#FoundationMacros -load-resolved-plugin /Applications/Xcode.app/Contents/Developer/Platforms/MacOSX.platform/Developer/usr/lib/swift/host/plugins/libObservationMacros.dylib\#/Applications/Xcode.app/Contents/Developer/Platforms/MacOSX.platform/Developer/usr/bin/swift-plugin-server\#ObservationMacros -load-resolved-plugin /Applications/Xcode.app/Contents/Developer/Platforms/MacOSX.platform/Developer/usr/lib/swift/host/plugins/libSwiftMacros.dylib\#/Applications/Xcode.app/Contents/Developer/Platforms/MacOSX.platform/Developer/usr/bin/swift-plugin-server\#SwiftMacros -disable-implicit-swift-modules -Xcc -fno-implicit-modules -Xcc -fno-implicit-module-maps -explicit-swift-module-map-file /Users/rogerlin/Library/Developer/Xcode/DerivedData/FinancialCalculatorKit-ackorybalcxbfocbkqsfdzcfkgmn/Build/Intermediates.noindex/swift-case-paths.build/Debug/CasePathsCore.build/Objects-normal/arm64/CasePathsCore-dependencies-1.json -Xllvm -aarch64-use-tbi -enable-objc-interop -stack-check -sdk /Applications/Xcode.app/Contents/Developer/Platforms/MacOSX.platform/Developer/SDKs/MacOSX26.1.sdk -I /Users/rogerlin/Library/Developer/Xcode/DerivedData/FinancialCalculatorKit-ackorybalcxbfocbkqsfdzcfkgmn/Build/Products/Debug -Isystem /Applications/Xcode.app/Contents/Developer/Platforms/MacOSX.platform/Developer/usr/lib -F /Users/rogerlin/Library/Developer/Xcode/DerivedData/FinancialCalculatorKit-ackorybalcxbfocbkqsfdzcfkgmn/Build/Products/Debug/PackageFrameworks -F /Users/rogerlin/Library/Developer/Xcode/DerivedData/FinancialCalculatorKit-ackorybalcxbfocbkqsfdzcfkgmn/Build/Products/Debug/PackageFrameworks -F /Users/rogerlin/Library/Developer/Xcode/DerivedData/FinancialCalculatorKit-ackorybalcxbfocbkqsfdzcfkgmn/Build/Products/Debug -F /Applications/Xcode.app/Contents/Developer/Platforms/MacOSX.platform/Developer/Library/Frameworks -no-color-diagnostics -Xcc -fno-color-diagnostics -enable-testing -g -debug-info-format\=dwarf -dwarf-version\=4 -module-cache-path /Users/rogerlin/Library/Developer/Xcode/DerivedData/FinancialCalculatorKit-ackorybalcxbfocbkqsfdzcfkgmn/Build/Intermediates.noindex/SwiftExplicitPrecompiledModules -suppress-warnings -profile-generate -profile-coverage-mapping -swift-version 6 -enforce-exclusivity\=checked -Onone -D SWIFT_PACKAGE -D DEBUG -D SWIFT_MODULE_RESOURCE_BUNDLE_UNAVAILABLE -D Xcode -serialize-debugging-options -const-gather-protocols-file /Users/rogerlin/Library/Developer/Xcode/DerivedData/FinancialCalculatorKit-ackorybalcxbfocbkqsfdzcfkgmn/Build/Intermediates.noindex/swift-case-paths.build/Debug/CasePathsCore.build/Objects-normal/arm64/CasePathsCore_const_extract_protocols.json -enable-experimental-feature DebugDescriptionMacro -empty-abi-descriptor -user-module-version 1.7.0 -validate-clang-modules-once -clang-build-session-file /Users/rogerlin/Library/Developer/Xcode/DerivedData/ModuleCache.noindex/Session.modulevalidation -Xcc -working-directory -Xcc /Users/rogerlin/XCode-Projects/FinancialCalculatorKit-5.0-updated-accent-colors/FinancialCalculatorKit.xcodeproj -enable-anonymous-context-mangled-names -file-compilation-dir /Users/rogerlin/XCode-Projects/FinancialCalculatorKit-5.0-updated-accent-colors/FinancialCalculatorKit.xcodeproj -Xcc -D_LIBCPP_HARDENING_MODE\=_LIBCPP_HARDENING_MODE_DEBUG -Xcc -ivfsstatcache -Xcc /Users/rogerlin/Library/Developer/Xcode/DerivedData/SDKStatCaches.noindex/macosx26.1-25B74-3ae1261907bdadc328169391a47051a6.sdkstatcache -Xcc -I/Users/rogerlin/Library/Developer/Xcode/DerivedData/FinancialCalculatorKit-ackorybalcxbfocbkqsfdzcfkgmn/Build/Intermediates.noindex/swift-case-paths.build/Debug/CasePathsCore.build/swift-overrides.hmap -Xcc -I/Users/rogerlin/Library/Developer/Xcode/DerivedData/FinancialCalculatorKit-ackorybalcxbfocbkqsfdzcfkgmn/Build/Products/Debug/include -Xcc -I/Users/rogerlin/Library/Developer/Xcode/DerivedData/FinancialCalculatorKit-ackorybalcxbfocbkqsfdzcfkgmn/Build/Intermediates.noindex/swift-case-paths.build/Debug/CasePathsCore.build/DerivedSources-normal/arm64 -Xcc -I/Users/rogerlin/Library/Developer/Xcode/DerivedData/FinancialCalculatorKit-ackorybalcxbfocbkqsfdzcfkgmn/Build/Intermediates.noindex/swift-case-paths.build/Debug/CasePathsCore.build/DerivedSources/arm64 -Xcc -I/Users/rogerlin/Library/Developer/Xcode/DerivedData/FinancialCalculatorKit-ackorybalcxbfocbkqsfdzcfkgmn/Build/Intermediates.noindex/swift-case-paths.build/Debug/CasePathsCore.build/DerivedSources -Xcc -DSWIFT_PACKAGE -Xcc -DDEBUG\=1 -no-auto-bridging-header-chaining -module-name CasePathsCore -package-name swift_case_paths -frontend-parseable-output -disable-clang-spi -target-sdk-version 26.1 -target-sdk-name macosx26.1 -clang-target arm64-apple-macos26.1 -in-process-plugin-server-path /Applications/Xcode.app/Contents/Developer/Toolchains/XcodeDefault.xctoolchain/usr/lib/swift/host/libSwiftInProcPluginServer.dylib -o /Users/rogerlin/Library/Developer/Xcode/DerivedData/FinancialCalculatorKit-ackorybalcxbfocbkqsfdzcfkgmn/Build/Intermediates.noindex/swift-case-paths.build/Debug/CasePathsCore.build/Objects-normal/arm64/KeyPath+Sendable.o -index-unit-output-path /swift-case-paths.build/Debug/CasePathsCore.build/Objects-normal/arm64/KeyPath+Sendable.o -index-store-path /Users/rogerlin/Library/Developer/Xcode/DerivedData/FinancialCalculatorKit-ackorybalcxbfocbkqsfdzcfkgmn/Index.noindex/DataStore -index-system-modules

SwiftCompile normal arm64 /Users/rogerlin/Library/Developer/Xcode/DerivedData/FinancialCalculatorKit-ackorybalcxbfocbkqsfdzcfkgmn/SourcePackages/checkouts/swift-case-paths/Sources/CasePathsCore/Internal/KeyPath+Sendable.swift (in target 'CasePathsCore' from project 'swift-case-paths')
    cd /Users/rogerlin/XCode-Projects/FinancialCalculatorKit-5.0-updated-accent-colors/FinancialCalculatorKit.xcodeproj
    

SwiftDriverJobDiscovery normal arm64 Compiling Renderer.CGText.swift, Renderer.CoreGraphics.swift, Renderer.LayerTree.swift (in target 'SwiftDraw' from project 'SwiftDraw')

SwiftCompile normal arm64 Compiling\ UncheckedSendable.swift /Users/rogerlin/Library/Developer/Xcode/DerivedData/FinancialCalculatorKit-ackorybalcxbfocbkqsfdzcfkgmn/SourcePackages/checkouts/swift-case-paths/Sources/CasePathsCore/Internal/UncheckedSendable.swift (in target 'CasePathsCore' from project 'swift-case-paths')
/Applications/Xcode.app/Contents/Developer/Toolchains/XcodeDefault.xctoolchain/usr/bin/swift-frontend -frontend -c /Users/rogerlin/Library/Developer/Xcode/DerivedData/FinancialCalculatorKit-ackorybalcxbfocbkqsfdzcfkgmn/SourcePackages/checkouts/swift-case-paths/Sources/CasePathsCore/AnyCasePath.swift /Users/rogerlin/Library/Developer/Xcode/DerivedData/FinancialCalculatorKit-ackorybalcxbfocbkqsfdzcfkgmn/SourcePackages/checkouts/swift-case-paths/Sources/CasePathsCore/CasePathIterable.swift /Users/rogerlin/Library/Developer/Xcode/DerivedData/FinancialCalculatorKit-ackorybalcxbfocbkqsfdzcfkgmn/SourcePackages/checkouts/swift-case-paths/Sources/CasePathsCore/CasePathReflectable.swift /Users/rogerlin/Library/Developer/Xcode/DerivedData/FinancialCalculatorKit-ackorybalcxbfocbkqsfdzcfkgmn/SourcePackages/checkouts/swift-case-paths/Sources/CasePathsCore/CasePathable.swift /Users/rogerlin/Library/Developer/Xcode/DerivedData/FinancialCalculatorKit-ackorybalcxbfocbkqsfdzcfkgmn/SourcePackages/checkouts/swift-case-paths/Sources/CasePathsCore/Internal/KeyPath+Sendable.swift /Users/rogerlin/Library/Developer/Xcode/DerivedData/FinancialCalculatorKit-ackorybalcxbfocbkqsfdzcfkgmn/SourcePackages/checkouts/swift-case-paths/Sources/CasePathsCore/Internal/TypeName.swift -primary-file /Users/rogerlin/Library/Developer/Xcode/DerivedData/FinancialCalculatorKit-ackorybalcxbfocbkqsfdzcfkgmn/SourcePackages/checkouts/swift-case-paths/Sources/CasePathsCore/Internal/UncheckedSendable.swift /Users/rogerlin/Library/Developer/Xcode/DerivedData/FinancialCalculatorKit-ackorybalcxbfocbkqsfdzcfkgmn/SourcePackages/checkouts/swift-case-paths/Sources/CasePathsCore/Never+CasePathable.swift /Users/rogerlin/Library/Developer/Xcode/DerivedData/FinancialCalculatorKit-ackorybalcxbfocbkqsfdzcfkgmn/SourcePackages/checkouts/swift-case-paths/Sources/CasePathsCore/Optional+CasePathable.swift /Users/rogerlin/Library/Developer/Xcode/DerivedData/FinancialCalculatorKit-ackorybalcxbfocbkqsfdzcfkgmn/SourcePackages/checkouts/swift-case-paths/Sources/CasePathsCore/Result+CasePathable.swift -emit-dependencies-path /Users/rogerlin/Library/Developer/Xcode/DerivedData/FinancialCalculatorKit-ackorybalcxbfocbkqsfdzcfkgmn/Build/Intermediates.noindex/swift-case-paths.build/Debug/CasePathsCore.build/Objects-normal/arm64/UncheckedSendable.d -emit-const-values-path /Users/rogerlin/Library/Developer/Xcode/DerivedData/FinancialCalculatorKit-ackorybalcxbfocbkqsfdzcfkgmn/Build/Intermediates.noindex/swift-case-paths.build/Debug/CasePathsCore.build/Objects-normal/arm64/UncheckedSendable.swiftconstvalues -emit-reference-dependencies-path /Users/rogerlin/Library/Developer/Xcode/DerivedData/FinancialCalculatorKit-ackorybalcxbfocbkqsfdzcfkgmn/Build/Intermediates.noindex/swift-case-paths.build/Debug/CasePathsCore.build/Objects-normal/arm64/UncheckedSendable.swiftdeps -serialize-diagnostics-path /Users/rogerlin/Library/Developer/Xcode/DerivedData/FinancialCalculatorKit-ackorybalcxbfocbkqsfdzcfkgmn/Build/Intermediates.noindex/swift-case-paths.build/Debug/CasePathsCore.build/Objects-normal/arm64/UncheckedSendable.dia -target arm64-apple-macos10.15 -load-resolved-plugin /Applications/Xcode.app/Contents/Developer/Platforms/MacOSX.platform/Developer/usr/lib/swift/host/plugins/libFoundationMacros.dylib\#/Applications/Xcode.app/Contents/Developer/Platforms/MacOSX.platform/Developer/usr/bin/swift-plugin-server\#FoundationMacros -load-resolved-plugin /Applications/Xcode.app/Contents/Developer/Platforms/MacOSX.platform/Developer/usr/lib/swift/host/plugins/libObservationMacros.dylib\#/Applications/Xcode.app/Contents/Developer/Platforms/MacOSX.platform/Developer/usr/bin/swift-plugin-server\#ObservationMacros -load-resolved-plugin /Applications/Xcode.app/Contents/Developer/Platforms/MacOSX.platform/Developer/usr/lib/swift/host/plugins/libSwiftMacros.dylib\#/Applications/Xcode.app/Contents/Developer/Platforms/MacOSX.platform/Developer/usr/bin/swift-plugin-server\#SwiftMacros -disable-implicit-swift-modules -Xcc -fno-implicit-modules -Xcc -fno-implicit-module-maps -explicit-swift-module-map-file /Users/rogerlin/Library/Developer/Xcode/DerivedData/FinancialCalculatorKit-ackorybalcxbfocbkqsfdzcfkgmn/Build/Intermediates.noindex/swift-case-paths.build/Debug/CasePathsCore.build/Objects-normal/arm64/CasePathsCore-dependencies-1.json -Xllvm -aarch64-use-tbi -enable-objc-interop -stack-check -sdk /Applications/Xcode.app/Contents/Developer/Platforms/MacOSX.platform/Developer/SDKs/MacOSX26.1.sdk -I /Users/rogerlin/Library/Developer/Xcode/DerivedData/FinancialCalculatorKit-ackorybalcxbfocbkqsfdzcfkgmn/Build/Products/Debug -Isystem /Applications/Xcode.app/Contents/Developer/Platforms/MacOSX.platform/Developer/usr/lib -F /Users/rogerlin/Library/Developer/Xcode/DerivedData/FinancialCalculatorKit-ackorybalcxbfocbkqsfdzcfkgmn/Build/Products/Debug/PackageFrameworks -F /Users/rogerlin/Library/Developer/Xcode/DerivedData/FinancialCalculatorKit-ackorybalcxbfocbkqsfdzcfkgmn/Build/Products/Debug/PackageFrameworks -F /Users/rogerlin/Library/Developer/Xcode/DerivedData/FinancialCalculatorKit-ackorybalcxbfocbkqsfdzcfkgmn/Build/Products/Debug -F /Applications/Xcode.app/Contents/Developer/Platforms/MacOSX.platform/Developer/Library/Frameworks -no-color-diagnostics -Xcc -fno-color-diagnostics -enable-testing -g -debug-info-format\=dwarf -dwarf-version\=4 -module-cache-path /Users/rogerlin/Library/Developer/Xcode/DerivedData/FinancialCalculatorKit-ackorybalcxbfocbkqsfdzcfkgmn/Build/Intermediates.noindex/SwiftExplicitPrecompiledModules -suppress-warnings -profile-generate -profile-coverage-mapping -swift-version 6 -enforce-exclusivity\=checked -Onone -D SWIFT_PACKAGE -D DEBUG -D SWIFT_MODULE_RESOURCE_BUNDLE_UNAVAILABLE -D Xcode -serialize-debugging-options -const-gather-protocols-file /Users/rogerlin/Library/Developer/Xcode/DerivedData/FinancialCalculatorKit-ackorybalcxbfocbkqsfdzcfkgmn/Build/Intermediates.noindex/swift-case-paths.build/Debug/CasePathsCore.build/Objects-normal/arm64/CasePathsCore_const_extract_protocols.json -enable-experimental-feature DebugDescriptionMacro -empty-abi-descriptor -user-module-version 1.7.0 -validate-clang-modules-once -clang-build-session-file /Users/rogerlin/Library/Developer/Xcode/DerivedData/ModuleCache.noindex/Session.modulevalidation -Xcc -working-directory -Xcc /Users/rogerlin/XCode-Projects/FinancialCalculatorKit-5.0-updated-accent-colors/FinancialCalculatorKit.xcodeproj -enable-anonymous-context-mangled-names -file-compilation-dir /Users/rogerlin/XCode-Projects/FinancialCalculatorKit-5.0-updated-accent-colors/FinancialCalculatorKit.xcodeproj -Xcc -D_LIBCPP_HARDENING_MODE\=_LIBCPP_HARDENING_MODE_DEBUG -Xcc -ivfsstatcache -Xcc /Users/rogerlin/Library/Developer/Xcode/DerivedData/SDKStatCaches.noindex/macosx26.1-25B74-3ae1261907bdadc328169391a47051a6.sdkstatcache -Xcc -I/Users/rogerlin/Library/Developer/Xcode/DerivedData/FinancialCalculatorKit-ackorybalcxbfocbkqsfdzcfkgmn/Build/Intermediates.noindex/swift-case-paths.build/Debug/CasePathsCore.build/swift-overrides.hmap -Xcc -I/Users/rogerlin/Library/Developer/Xcode/DerivedData/FinancialCalculatorKit-ackorybalcxbfocbkqsfdzcfkgmn/Build/Products/Debug/include -Xcc -I/Users/rogerlin/Library/Developer/Xcode/DerivedData/FinancialCalculatorKit-ackorybalcxbfocbkqsfdzcfkgmn/Build/Intermediates.noindex/swift-case-paths.build/Debug/CasePathsCore.build/DerivedSources-normal/arm64 -Xcc -I/Users/rogerlin/Library/Developer/Xcode/DerivedData/FinancialCalculatorKit-ackorybalcxbfocbkqsfdzcfkgmn/Build/Intermediates.noindex/swift-case-paths.build/Debug/CasePathsCore.build/DerivedSources/arm64 -Xcc -I/Users/rogerlin/Library/Developer/Xcode/DerivedData/FinancialCalculatorKit-ackorybalcxbfocbkqsfdzcfkgmn/Build/Intermediates.noindex/swift-case-paths.build/Debug/CasePathsCore.build/DerivedSources -Xcc -DSWIFT_PACKAGE -Xcc -DDEBUG\=1 -no-auto-bridging-header-chaining -module-name CasePathsCore -package-name swift_case_paths -frontend-parseable-output -disable-clang-spi -target-sdk-version 26.1 -target-sdk-name macosx26.1 -clang-target arm64-apple-macos26.1 -in-process-plugin-server-path /Applications/Xcode.app/Contents/Developer/Toolchains/XcodeDefault.xctoolchain/usr/lib/swift/host/libSwiftInProcPluginServer.dylib -o /Users/rogerlin/Library/Developer/Xcode/DerivedData/FinancialCalculatorKit-ackorybalcxbfocbkqsfdzcfkgmn/Build/Intermediates.noindex/swift-case-paths.build/Debug/CasePathsCore.build/Objects-normal/arm64/UncheckedSendable.o -index-unit-output-path /swift-case-paths.build/Debug/CasePathsCore.build/Objects-normal/arm64/UncheckedSendable.o -index-store-path /Users/rogerlin/Library/Developer/Xcode/DerivedData/FinancialCalculatorKit-ackorybalcxbfocbkqsfdzcfkgmn/Index.noindex/DataStore -index-system-modules

SwiftCompile normal arm64 /Users/rogerlin/Library/Developer/Xcode/DerivedData/FinancialCalculatorKit-ackorybalcxbfocbkqsfdzcfkgmn/SourcePackages/checkouts/swift-case-paths/Sources/CasePathsCore/Internal/UncheckedSendable.swift (in target 'CasePathsCore' from project 'swift-case-paths')
    cd /Users/rogerlin/XCode-Projects/FinancialCalculatorKit-5.0-updated-accent-colors/FinancialCalculatorKit.xcodeproj
    

SwiftCompile normal arm64 Compiling\ CasePathReflectable.swift /Users/rogerlin/Library/Developer/Xcode/DerivedData/FinancialCalculatorKit-ackorybalcxbfocbkqsfdzcfkgmn/SourcePackages/checkouts/swift-case-paths/Sources/CasePathsCore/CasePathReflectable.swift (in target 'CasePathsCore' from project 'swift-case-paths')
/Applications/Xcode.app/Contents/Developer/Toolchains/XcodeDefault.xctoolchain/usr/bin/swift-frontend -frontend -c /Users/rogerlin/Library/Developer/Xcode/DerivedData/FinancialCalculatorKit-ackorybalcxbfocbkqsfdzcfkgmn/SourcePackages/checkouts/swift-case-paths/Sources/CasePathsCore/AnyCasePath.swift /Users/rogerlin/Library/Developer/Xcode/DerivedData/FinancialCalculatorKit-ackorybalcxbfocbkqsfdzcfkgmn/SourcePackages/checkouts/swift-case-paths/Sources/CasePathsCore/CasePathIterable.swift -primary-file /Users/rogerlin/Library/Developer/Xcode/DerivedData/FinancialCalculatorKit-ackorybalcxbfocbkqsfdzcfkgmn/SourcePackages/checkouts/swift-case-paths/Sources/CasePathsCore/CasePathReflectable.swift /Users/rogerlin/Library/Developer/Xcode/DerivedData/FinancialCalculatorKit-ackorybalcxbfocbkqsfdzcfkgmn/SourcePackages/checkouts/swift-case-paths/Sources/CasePathsCore/CasePathable.swift /Users/rogerlin/Library/Developer/Xcode/DerivedData/FinancialCalculatorKit-ackorybalcxbfocbkqsfdzcfkgmn/SourcePackages/checkouts/swift-case-paths/Sources/CasePathsCore/Internal/KeyPath+Sendable.swift /Users/rogerlin/Library/Developer/Xcode/DerivedData/FinancialCalculatorKit-ackorybalcxbfocbkqsfdzcfkgmn/SourcePackages/checkouts/swift-case-paths/Sources/CasePathsCore/Internal/TypeName.swift /Users/rogerlin/Library/Developer/Xcode/DerivedData/FinancialCalculatorKit-ackorybalcxbfocbkqsfdzcfkgmn/SourcePackages/checkouts/swift-case-paths/Sources/CasePathsCore/Internal/UncheckedSendable.swift /Users/rogerlin/Library/Developer/Xcode/DerivedData/FinancialCalculatorKit-ackorybalcxbfocbkqsfdzcfkgmn/SourcePackages/checkouts/swift-case-paths/Sources/CasePathsCore/Never+CasePathable.swift /Users/rogerlin/Library/Developer/Xcode/DerivedData/FinancialCalculatorKit-ackorybalcxbfocbkqsfdzcfkgmn/SourcePackages/checkouts/swift-case-paths/Sources/CasePathsCore/Optional+CasePathable.swift /Users/rogerlin/Library/Developer/Xcode/DerivedData/FinancialCalculatorKit-ackorybalcxbfocbkqsfdzcfkgmn/SourcePackages/checkouts/swift-case-paths/Sources/CasePathsCore/Result+CasePathable.swift -emit-dependencies-path /Users/rogerlin/Library/Developer/Xcode/DerivedData/FinancialCalculatorKit-ackorybalcxbfocbkqsfdzcfkgmn/Build/Intermediates.noindex/swift-case-paths.build/Debug/CasePathsCore.build/Objects-normal/arm64/CasePathReflectable.d -emit-const-values-path /Users/rogerlin/Library/Developer/Xcode/DerivedData/FinancialCalculatorKit-ackorybalcxbfocbkqsfdzcfkgmn/Build/Intermediates.noindex/swift-case-paths.build/Debug/CasePathsCore.build/Objects-normal/arm64/CasePathReflectable.swiftconstvalues -emit-reference-dependencies-path /Users/rogerlin/Library/Developer/Xcode/DerivedData/FinancialCalculatorKit-ackorybalcxbfocbkqsfdzcfkgmn/Build/Intermediates.noindex/swift-case-paths.build/Debug/CasePathsCore.build/Objects-normal/arm64/CasePathReflectable.swiftdeps -serialize-diagnostics-path /Users/rogerlin/Library/Developer/Xcode/DerivedData/FinancialCalculatorKit-ackorybalcxbfocbkqsfdzcfkgmn/Build/Intermediates.noindex/swift-case-paths.build/Debug/CasePathsCore.build/Objects-normal/arm64/CasePathReflectable.dia -target arm64-apple-macos10.15 -load-resolved-plugin /Applications/Xcode.app/Contents/Developer/Platforms/MacOSX.platform/Developer/usr/lib/swift/host/plugins/libFoundationMacros.dylib\#/Applications/Xcode.app/Contents/Developer/Platforms/MacOSX.platform/Developer/usr/bin/swift-plugin-server\#FoundationMacros -load-resolved-plugin /Applications/Xcode.app/Contents/Developer/Platforms/MacOSX.platform/Developer/usr/lib/swift/host/plugins/libObservationMacros.dylib\#/Applications/Xcode.app/Contents/Developer/Platforms/MacOSX.platform/Developer/usr/bin/swift-plugin-server\#ObservationMacros -load-resolved-plugin /Applications/Xcode.app/Contents/Developer/Platforms/MacOSX.platform/Developer/usr/lib/swift/host/plugins/libSwiftMacros.dylib\#/Applications/Xcode.app/Contents/Developer/Platforms/MacOSX.platform/Developer/usr/bin/swift-plugin-server\#SwiftMacros -disable-implicit-swift-modules -Xcc -fno-implicit-modules -Xcc -fno-implicit-module-maps -explicit-swift-module-map-file /Users/rogerlin/Library/Developer/Xcode/DerivedData/FinancialCalculatorKit-ackorybalcxbfocbkqsfdzcfkgmn/Build/Intermediates.noindex/swift-case-paths.build/Debug/CasePathsCore.build/Objects-normal/arm64/CasePathsCore-dependencies-1.json -Xllvm -aarch64-use-tbi -enable-objc-interop -stack-check -sdk /Applications/Xcode.app/Contents/Developer/Platforms/MacOSX.platform/Developer/SDKs/MacOSX26.1.sdk -I /Users/rogerlin/Library/Developer/Xcode/DerivedData/FinancialCalculatorKit-ackorybalcxbfocbkqsfdzcfkgmn/Build/Products/Debug -Isystem /Applications/Xcode.app/Contents/Developer/Platforms/MacOSX.platform/Developer/usr/lib -F /Users/rogerlin/Library/Developer/Xcode/DerivedData/FinancialCalculatorKit-ackorybalcxbfocbkqsfdzcfkgmn/Build/Products/Debug/PackageFrameworks -F /Users/rogerlin/Library/Developer/Xcode/DerivedData/FinancialCalculatorKit-ackorybalcxbfocbkqsfdzcfkgmn/Build/Products/Debug/PackageFrameworks -F /Users/rogerlin/Library/Developer/Xcode/DerivedData/FinancialCalculatorKit-ackorybalcxbfocbkqsfdzcfkgmn/Build/Products/Debug -F /Applications/Xcode.app/Contents/Developer/Platforms/MacOSX.platform/Developer/Library/Frameworks -no-color-diagnostics -Xcc -fno-color-diagnostics -enable-testing -g -debug-info-format\=dwarf -dwarf-version\=4 -module-cache-path /Users/rogerlin/Library/Developer/Xcode/DerivedData/FinancialCalculatorKit-ackorybalcxbfocbkqsfdzcfkgmn/Build/Intermediates.noindex/SwiftExplicitPrecompiledModules -suppress-warnings -profile-generate -profile-coverage-mapping -swift-version 6 -enforce-exclusivity\=checked -Onone -D SWIFT_PACKAGE -D DEBUG -D SWIFT_MODULE_RESOURCE_BUNDLE_UNAVAILABLE -D Xcode -serialize-debugging-options -const-gather-protocols-file /Users/rogerlin/Library/Developer/Xcode/DerivedData/FinancialCalculatorKit-ackorybalcxbfocbkqsfdzcfkgmn/Build/Intermediates.noindex/swift-case-paths.build/Debug/CasePathsCore.build/Objects-normal/arm64/CasePathsCore_const_extract_protocols.json -enable-experimental-feature DebugDescriptionMacro -empty-abi-descriptor -user-module-version 1.7.0 -validate-clang-modules-once -clang-build-session-file /Users/rogerlin/Library/Developer/Xcode/DerivedData/ModuleCache.noindex/Session.modulevalidation -Xcc -working-directory -Xcc /Users/rogerlin/XCode-Projects/FinancialCalculatorKit-5.0-updated-accent-colors/FinancialCalculatorKit.xcodeproj -enable-anonymous-context-mangled-names -file-compilation-dir /Users/rogerlin/XCode-Projects/FinancialCalculatorKit-5.0-updated-accent-colors/FinancialCalculatorKit.xcodeproj -Xcc -D_LIBCPP_HARDENING_MODE\=_LIBCPP_HARDENING_MODE_DEBUG -Xcc -ivfsstatcache -Xcc /Users/rogerlin/Library/Developer/Xcode/DerivedData/SDKStatCaches.noindex/macosx26.1-25B74-3ae1261907bdadc328169391a47051a6.sdkstatcache -Xcc -I/Users/rogerlin/Library/Developer/Xcode/DerivedData/FinancialCalculatorKit-ackorybalcxbfocbkqsfdzcfkgmn/Build/Intermediates.noindex/swift-case-paths.build/Debug/CasePathsCore.build/swift-overrides.hmap -Xcc -I/Users/rogerlin/Library/Developer/Xcode/DerivedData/FinancialCalculatorKit-ackorybalcxbfocbkqsfdzcfkgmn/Build/Products/Debug/include -Xcc -I/Users/rogerlin/Library/Developer/Xcode/DerivedData/FinancialCalculatorKit-ackorybalcxbfocbkqsfdzcfkgmn/Build/Intermediates.noindex/swift-case-paths.build/Debug/CasePathsCore.build/DerivedSources-normal/arm64 -Xcc -I/Users/rogerlin/Library/Developer/Xcode/DerivedData/FinancialCalculatorKit-ackorybalcxbfocbkqsfdzcfkgmn/Build/Intermediates.noindex/swift-case-paths.build/Debug/CasePathsCore.build/DerivedSources/arm64 -Xcc -I/Users/rogerlin/Library/Developer/Xcode/DerivedData/FinancialCalculatorKit-ackorybalcxbfocbkqsfdzcfkgmn/Build/Intermediates.noindex/swift-case-paths.build/Debug/CasePathsCore.build/DerivedSources -Xcc -DSWIFT_PACKAGE -Xcc -DDEBUG\=1 -no-auto-bridging-header-chaining -module-name CasePathsCore -package-name swift_case_paths -frontend-parseable-output -disable-clang-spi -target-sdk-version 26.1 -target-sdk-name macosx26.1 -clang-target arm64-apple-macos26.1 -in-process-plugin-server-path /Applications/Xcode.app/Contents/Developer/Toolchains/XcodeDefault.xctoolchain/usr/lib/swift/host/libSwiftInProcPluginServer.dylib -o /Users/rogerlin/Library/Developer/Xcode/DerivedData/FinancialCalculatorKit-ackorybalcxbfocbkqsfdzcfkgmn/Build/Intermediates.noindex/swift-case-paths.build/Debug/CasePathsCore.build/Objects-normal/arm64/CasePathReflectable.o -index-unit-output-path /swift-case-paths.build/Debug/CasePathsCore.build/Objects-normal/arm64/CasePathReflectable.o -index-store-path /Users/rogerlin/Library/Developer/Xcode/DerivedData/FinancialCalculatorKit-ackorybalcxbfocbkqsfdzcfkgmn/Index.noindex/DataStore -index-system-modules

SwiftCompile normal arm64 /Users/rogerlin/Library/Developer/Xcode/DerivedData/FinancialCalculatorKit-ackorybalcxbfocbkqsfdzcfkgmn/SourcePackages/checkouts/swift-case-paths/Sources/CasePathsCore/CasePathReflectable.swift (in target 'CasePathsCore' from project 'swift-case-paths')
    cd /Users/rogerlin/XCode-Projects/FinancialCalculatorKit-5.0-updated-accent-colors/FinancialCalculatorKit.xcodeproj
    

SwiftDriverJobDiscovery normal arm64 Compiling LayerTree.Image.swift, LayerTree.Layer.swift, LayerTree.Path+Bounds.swift (in target 'SwiftDraw' from project 'SwiftDraw')

SwiftCompile normal arm64 Compiling\ TypeName.swift /Users/rogerlin/Library/Developer/Xcode/DerivedData/FinancialCalculatorKit-ackorybalcxbfocbkqsfdzcfkgmn/SourcePackages/checkouts/swift-case-paths/Sources/CasePathsCore/Internal/TypeName.swift (in target 'CasePathsCore' from project 'swift-case-paths')
/Applications/Xcode.app/Contents/Developer/Toolchains/XcodeDefault.xctoolchain/usr/bin/swift-frontend -frontend -c /Users/rogerlin/Library/Developer/Xcode/DerivedData/FinancialCalculatorKit-ackorybalcxbfocbkqsfdzcfkgmn/SourcePackages/checkouts/swift-case-paths/Sources/CasePathsCore/AnyCasePath.swift /Users/rogerlin/Library/Developer/Xcode/DerivedData/FinancialCalculatorKit-ackorybalcxbfocbkqsfdzcfkgmn/SourcePackages/checkouts/swift-case-paths/Sources/CasePathsCore/CasePathIterable.swift /Users/rogerlin/Library/Developer/Xcode/DerivedData/FinancialCalculatorKit-ackorybalcxbfocbkqsfdzcfkgmn/SourcePackages/checkouts/swift-case-paths/Sources/CasePathsCore/CasePathReflectable.swift /Users/rogerlin/Library/Developer/Xcode/DerivedData/FinancialCalculatorKit-ackorybalcxbfocbkqsfdzcfkgmn/SourcePackages/checkouts/swift-case-paths/Sources/CasePathsCore/CasePathable.swift /Users/rogerlin/Library/Developer/Xcode/DerivedData/FinancialCalculatorKit-ackorybalcxbfocbkqsfdzcfkgmn/SourcePackages/checkouts/swift-case-paths/Sources/CasePathsCore/Internal/KeyPath+Sendable.swift -primary-file /Users/rogerlin/Library/Developer/Xcode/DerivedData/FinancialCalculatorKit-ackorybalcxbfocbkqsfdzcfkgmn/SourcePackages/checkouts/swift-case-paths/Sources/CasePathsCore/Internal/TypeName.swift /Users/rogerlin/Library/Developer/Xcode/DerivedData/FinancialCalculatorKit-ackorybalcxbfocbkqsfdzcfkgmn/SourcePackages/checkouts/swift-case-paths/Sources/CasePathsCore/Internal/UncheckedSendable.swift /Users/rogerlin/Library/Developer/Xcode/DerivedData/FinancialCalculatorKit-ackorybalcxbfocbkqsfdzcfkgmn/SourcePackages/checkouts/swift-case-paths/Sources/CasePathsCore/Never+CasePathable.swift /Users/rogerlin/Library/Developer/Xcode/DerivedData/FinancialCalculatorKit-ackorybalcxbfocbkqsfdzcfkgmn/SourcePackages/checkouts/swift-case-paths/Sources/CasePathsCore/Optional+CasePathable.swift /Users/rogerlin/Library/Developer/Xcode/DerivedData/FinancialCalculatorKit-ackorybalcxbfocbkqsfdzcfkgmn/SourcePackages/checkouts/swift-case-paths/Sources/CasePathsCore/Result+CasePathable.swift -emit-dependencies-path /Users/rogerlin/Library/Developer/Xcode/DerivedData/FinancialCalculatorKit-ackorybalcxbfocbkqsfdzcfkgmn/Build/Intermediates.noindex/swift-case-paths.build/Debug/CasePathsCore.build/Objects-normal/arm64/TypeName.d -emit-const-values-path /Users/rogerlin/Library/Developer/Xcode/DerivedData/FinancialCalculatorKit-ackorybalcxbfocbkqsfdzcfkgmn/Build/Intermediates.noindex/swift-case-paths.build/Debug/CasePathsCore.build/Objects-normal/arm64/TypeName.swiftconstvalues -emit-reference-dependencies-path /Users/rogerlin/Library/Developer/Xcode/DerivedData/FinancialCalculatorKit-ackorybalcxbfocbkqsfdzcfkgmn/Build/Intermediates.noindex/swift-case-paths.build/Debug/CasePathsCore.build/Objects-normal/arm64/TypeName.swiftdeps -serialize-diagnostics-path /Users/rogerlin/Library/Developer/Xcode/DerivedData/FinancialCalculatorKit-ackorybalcxbfocbkqsfdzcfkgmn/Build/Intermediates.noindex/swift-case-paths.build/Debug/CasePathsCore.build/Objects-normal/arm64/TypeName.dia -target arm64-apple-macos10.15 -load-resolved-plugin /Applications/Xcode.app/Contents/Developer/Platforms/MacOSX.platform/Developer/usr/lib/swift/host/plugins/libFoundationMacros.dylib\#/Applications/Xcode.app/Contents/Developer/Platforms/MacOSX.platform/Developer/usr/bin/swift-plugin-server\#FoundationMacros -load-resolved-plugin /Applications/Xcode.app/Contents/Developer/Platforms/MacOSX.platform/Developer/usr/lib/swift/host/plugins/libObservationMacros.dylib\#/Applications/Xcode.app/Contents/Developer/Platforms/MacOSX.platform/Developer/usr/bin/swift-plugin-server\#ObservationMacros -load-resolved-plugin /Applications/Xcode.app/Contents/Developer/Platforms/MacOSX.platform/Developer/usr/lib/swift/host/plugins/libSwiftMacros.dylib\#/Applications/Xcode.app/Contents/Developer/Platforms/MacOSX.platform/Developer/usr/bin/swift-plugin-server\#SwiftMacros -disable-implicit-swift-modules -Xcc -fno-implicit-modules -Xcc -fno-implicit-module-maps -explicit-swift-module-map-file /Users/rogerlin/Library/Developer/Xcode/DerivedData/FinancialCalculatorKit-ackorybalcxbfocbkqsfdzcfkgmn/Build/Intermediates.noindex/swift-case-paths.build/Debug/CasePathsCore.build/Objects-normal/arm64/CasePathsCore-dependencies-1.json -Xllvm -aarch64-use-tbi -enable-objc-interop -stack-check -sdk /Applications/Xcode.app/Contents/Developer/Platforms/MacOSX.platform/Developer/SDKs/MacOSX26.1.sdk -I /Users/rogerlin/Library/Developer/Xcode/DerivedData/FinancialCalculatorKit-ackorybalcxbfocbkqsfdzcfkgmn/Build/Products/Debug -Isystem /Applications/Xcode.app/Contents/Developer/Platforms/MacOSX.platform/Developer/usr/lib -F /Users/rogerlin/Library/Developer/Xcode/DerivedData/FinancialCalculatorKit-ackorybalcxbfocbkqsfdzcfkgmn/Build/Products/Debug/PackageFrameworks -F /Users/rogerlin/Library/Developer/Xcode/DerivedData/FinancialCalculatorKit-ackorybalcxbfocbkqsfdzcfkgmn/Build/Products/Debug/PackageFrameworks -F /Users/rogerlin/Library/Developer/Xcode/DerivedData/FinancialCalculatorKit-ackorybalcxbfocbkqsfdzcfkgmn/Build/Products/Debug -F /Applications/Xcode.app/Contents/Developer/Platforms/MacOSX.platform/Developer/Library/Frameworks -no-color-diagnostics -Xcc -fno-color-diagnostics -enable-testing -g -debug-info-format\=dwarf -dwarf-version\=4 -module-cache-path /Users/rogerlin/Library/Developer/Xcode/DerivedData/FinancialCalculatorKit-ackorybalcxbfocbkqsfdzcfkgmn/Build/Intermediates.noindex/SwiftExplicitPrecompiledModules -suppress-warnings -profile-generate -profile-coverage-mapping -swift-version 6 -enforce-exclusivity\=checked -Onone -D SWIFT_PACKAGE -D DEBUG -D SWIFT_MODULE_RESOURCE_BUNDLE_UNAVAILABLE -D Xcode -serialize-debugging-options -const-gather-protocols-file /Users/rogerlin/Library/Developer/Xcode/DerivedData/FinancialCalculatorKit-ackorybalcxbfocbkqsfdzcfkgmn/Build/Intermediates.noindex/swift-case-paths.build/Debug/CasePathsCore.build/Objects-normal/arm64/CasePathsCore_const_extract_protocols.json -enable-experimental-feature DebugDescriptionMacro -empty-abi-descriptor -user-module-version 1.7.0 -validate-clang-modules-once -clang-build-session-file /Users/rogerlin/Library/Developer/Xcode/DerivedData/ModuleCache.noindex/Session.modulevalidation -Xcc -working-directory -Xcc /Users/rogerlin/XCode-Projects/FinancialCalculatorKit-5.0-updated-accent-colors/FinancialCalculatorKit.xcodeproj -enable-anonymous-context-mangled-names -file-compilation-dir /Users/rogerlin/XCode-Projects/FinancialCalculatorKit-5.0-updated-accent-colors/FinancialCalculatorKit.xcodeproj -Xcc -D_LIBCPP_HARDENING_MODE\=_LIBCPP_HARDENING_MODE_DEBUG -Xcc -ivfsstatcache -Xcc /Users/rogerlin/Library/Developer/Xcode/DerivedData/SDKStatCaches.noindex/macosx26.1-25B74-3ae1261907bdadc328169391a47051a6.sdkstatcache -Xcc -I/Users/rogerlin/Library/Developer/Xcode/DerivedData/FinancialCalculatorKit-ackorybalcxbfocbkqsfdzcfkgmn/Build/Intermediates.noindex/swift-case-paths.build/Debug/CasePathsCore.build/swift-overrides.hmap -Xcc -I/Users/rogerlin/Library/Developer/Xcode/DerivedData/FinancialCalculatorKit-ackorybalcxbfocbkqsfdzcfkgmn/Build/Products/Debug/include -Xcc -I/Users/rogerlin/Library/Developer/Xcode/DerivedData/FinancialCalculatorKit-ackorybalcxbfocbkqsfdzcfkgmn/Build/Intermediates.noindex/swift-case-paths.build/Debug/CasePathsCore.build/DerivedSources-normal/arm64 -Xcc -I/Users/rogerlin/Library/Developer/Xcode/DerivedData/FinancialCalculatorKit-ackorybalcxbfocbkqsfdzcfkgmn/Build/Intermediates.noindex/swift-case-paths.build/Debug/CasePathsCore.build/DerivedSources/arm64 -Xcc -I/Users/rogerlin/Library/Developer/Xcode/DerivedData/FinancialCalculatorKit-ackorybalcxbfocbkqsfdzcfkgmn/Build/Intermediates.noindex/swift-case-paths.build/Debug/CasePathsCore.build/DerivedSources -Xcc -DSWIFT_PACKAGE -Xcc -DDEBUG\=1 -no-auto-bridging-header-chaining -module-name CasePathsCore -package-name swift_case_paths -frontend-parseable-output -disable-clang-spi -target-sdk-version 26.1 -target-sdk-name macosx26.1 -clang-target arm64-apple-macos26.1 -in-process-plugin-server-path /Applications/Xcode.app/Contents/Developer/Toolchains/XcodeDefault.xctoolchain/usr/lib/swift/host/libSwiftInProcPluginServer.dylib -o /Users/rogerlin/Library/Developer/Xcode/DerivedData/FinancialCalculatorKit-ackorybalcxbfocbkqsfdzcfkgmn/Build/Intermediates.noindex/swift-case-paths.build/Debug/CasePathsCore.build/Objects-normal/arm64/TypeName.o -index-unit-output-path /swift-case-paths.build/Debug/CasePathsCore.build/Objects-normal/arm64/TypeName.o -index-store-path /Users/rogerlin/Library/Developer/Xcode/DerivedData/FinancialCalculatorKit-ackorybalcxbfocbkqsfdzcfkgmn/Index.noindex/DataStore -index-system-modules

SwiftCompile normal arm64 /Users/rogerlin/Library/Developer/Xcode/DerivedData/FinancialCalculatorKit-ackorybalcxbfocbkqsfdzcfkgmn/SourcePackages/checkouts/swift-case-paths/Sources/CasePathsCore/Internal/TypeName.swift (in target 'CasePathsCore' from project 'swift-case-paths')
    cd /Users/rogerlin/XCode-Projects/FinancialCalculatorKit-5.0-updated-accent-colors/FinancialCalculatorKit.xcodeproj
    

SwiftEmitModule normal arm64 Emitting\ module\ for\ LaTeXSwiftUI (in target 'LaTeXSwiftUI' from project 'LaTeXSwiftUI')
/Applications/Xcode.app/Contents/Developer/Toolchains/XcodeDefault.xctoolchain/usr/bin/swift-frontend -frontend -emit-module -experimental-skip-non-inlinable-function-bodies-without-types /Users/rogerlin/Library/Developer/Xcode/DerivedData/FinancialCalculatorKit-ackorybalcxbfocbkqsfdzcfkgmn/SourcePackages/checkouts/LaTeXSwiftUI/Sources/LaTeXSwiftUI/Extensions/EnvironmentValues+Extensions.swift /Users/rogerlin/Library/Developer/Xcode/DerivedData/FinancialCalculatorKit-ackorybalcxbfocbkqsfdzcfkgmn/SourcePackages/checkouts/LaTeXSwiftUI/Sources/LaTeXSwiftUI/Extensions/Font+Extensions.swift /Users/rogerlin/Library/Developer/Xcode/DerivedData/FinancialCalculatorKit-ackorybalcxbfocbkqsfdzcfkgmn/SourcePackages/checkouts/LaTeXSwiftUI/Sources/LaTeXSwiftUI/Extensions/Image+Extensions.swift /Users/rogerlin/Library/Developer/Xcode/DerivedData/FinancialCalculatorKit-ackorybalcxbfocbkqsfdzcfkgmn/SourcePackages/checkouts/LaTeXSwiftUI/Sources/LaTeXSwiftUI/Extensions/MathJax+Extensions.swift /Users/rogerlin/Library/Developer/Xcode/DerivedData/FinancialCalculatorKit-ackorybalcxbfocbkqsfdzcfkgmn/SourcePackages/checkouts/LaTeXSwiftUI/Sources/LaTeXSwiftUI/Extensions/NSImage+Extensions.swift /Users/rogerlin/Library/Developer/Xcode/DerivedData/FinancialCalculatorKit-ackorybalcxbfocbkqsfdzcfkgmn/SourcePackages/checkouts/LaTeXSwiftUI/Sources/LaTeXSwiftUI/Extensions/Range+Extensions.swift /Users/rogerlin/Library/Developer/Xcode/DerivedData/FinancialCalculatorKit-ackorybalcxbfocbkqsfdzcfkgmn/SourcePackages/checkouts/LaTeXSwiftUI/Sources/LaTeXSwiftUI/Extensions/TeXInputProcessorOptions+Extensions.swift /Users/rogerlin/Library/Developer/Xcode/DerivedData/FinancialCalculatorKit-ackorybalcxbfocbkqsfdzcfkgmn/SourcePackages/checkouts/LaTeXSwiftUI/Sources/LaTeXSwiftUI/Extensions/View+Extensions.swift /Users/rogerlin/Library/Developer/Xcode/DerivedData/FinancialCalculatorKit-ackorybalcxbfocbkqsfdzcfkgmn/SourcePackages/checkouts/LaTeXSwiftUI/Sources/LaTeXSwiftUI/LaTeX.swift /Users/rogerlin/Library/Developer/Xcode/DerivedData/FinancialCalculatorKit-ackorybalcxbfocbkqsfdzcfkgmn/SourcePackages/checkouts/LaTeXSwiftUI/Sources/LaTeXSwiftUI/Models/Aliases.swift /Users/rogerlin/Library/Developer/Xcode/DerivedData/FinancialCalculatorKit-ackorybalcxbfocbkqsfdzcfkgmn/SourcePackages/checkouts/LaTeXSwiftUI/Sources/LaTeXSwiftUI/Models/Cache.swift /Users/rogerlin/Library/Developer/Xcode/DerivedData/FinancialCalculatorKit-ackorybalcxbfocbkqsfdzcfkgmn/SourcePackages/checkouts/LaTeXSwiftUI/Sources/LaTeXSwiftUI/Models/Component.swift /Users/rogerlin/Library/Developer/Xcode/DerivedData/FinancialCalculatorKit-ackorybalcxbfocbkqsfdzcfkgmn/SourcePackages/checkouts/LaTeXSwiftUI/Sources/LaTeXSwiftUI/Models/ComponentBlock.swift /Users/rogerlin/Library/Developer/Xcode/DerivedData/FinancialCalculatorKit-ackorybalcxbfocbkqsfdzcfkgmn/SourcePackages/checkouts/LaTeXSwiftUI/Sources/LaTeXSwiftUI/Models/HashableCGRect.swift /Users/rogerlin/Library/Developer/Xcode/DerivedData/FinancialCalculatorKit-ackorybalcxbfocbkqsfdzcfkgmn/SourcePackages/checkouts/LaTeXSwiftUI/Sources/LaTeXSwiftUI/Models/HashableCGSize.swift /Users/rogerlin/Library/Developer/Xcode/DerivedData/FinancialCalculatorKit-ackorybalcxbfocbkqsfdzcfkgmn/SourcePackages/checkouts/LaTeXSwiftUI/Sources/LaTeXSwiftUI/Models/ImageContainer.swift /Users/rogerlin/Library/Developer/Xcode/DerivedData/FinancialCalculatorKit-ackorybalcxbfocbkqsfdzcfkgmn/SourcePackages/checkouts/LaTeXSwiftUI/Sources/LaTeXSwiftUI/Models/Parser.swift /Users/rogerlin/Library/Developer/Xcode/DerivedData/FinancialCalculatorKit-ackorybalcxbfocbkqsfdzcfkgmn/SourcePackages/checkouts/LaTeXSwiftUI/Sources/LaTeXSwiftUI/Models/Renderer.swift /Users/rogerlin/Library/Developer/Xcode/DerivedData/FinancialCalculatorKit-ackorybalcxbfocbkqsfdzcfkgmn/SourcePackages/checkouts/LaTeXSwiftUI/Sources/LaTeXSwiftUI/Models/SVG.swift /Users/rogerlin/Library/Developer/Xcode/DerivedData/FinancialCalculatorKit-ackorybalcxbfocbkqsfdzcfkgmn/SourcePackages/checkouts/LaTeXSwiftUI/Sources/LaTeXSwiftUI/Models/SVGGeometry.swift /Users/rogerlin/Library/Developer/Xcode/DerivedData/FinancialCalculatorKit-ackorybalcxbfocbkqsfdzcfkgmn/SourcePackages/checkouts/LaTeXSwiftUI/Sources/LaTeXSwiftUI/Previews/LaTeX_Previews+Color.swift /Users/rogerlin/Library/Developer/Xcode/DerivedData/FinancialCalculatorKit-ackorybalcxbfocbkqsfdzcfkgmn/SourcePackages/checkouts/LaTeXSwiftUI/Sources/LaTeXSwiftUI/Previews/LaTeX_Previews+Fonts.swift /Users/rogerlin/Library/Developer/Xcode/DerivedData/FinancialCalculatorKit-ackorybalcxbfocbkqsfdzcfkgmn/SourcePackages/checkouts/LaTeXSwiftUI/Sources/LaTeXSwiftUI/Previews/LaTeX_Previews+Modes.swift /Users/rogerlin/Library/Developer/Xcode/DerivedData/FinancialCalculatorKit-ackorybalcxbfocbkqsfdzcfkgmn/SourcePackages/checkouts/LaTeXSwiftUI/Sources/LaTeXSwiftUI/Previews/LaTeX_Previews+Numbers.swift /Users/rogerlin/Library/Developer/Xcode/DerivedData/FinancialCalculatorKit-ackorybalcxbfocbkqsfdzcfkgmn/SourcePackages/checkouts/LaTeXSwiftUI/Sources/LaTeXSwiftUI/Previews/LaTeX_Previews+Special.swift /Users/rogerlin/Library/Developer/Xcode/DerivedData/FinancialCalculatorKit-ackorybalcxbfocbkqsfdzcfkgmn/SourcePackages/checkouts/LaTeXSwiftUI/Sources/LaTeXSwiftUI/Previews/LaTeX_Previews+Styles.swift /Users/rogerlin/Library/Developer/Xcode/DerivedData/FinancialCalculatorKit-ackorybalcxbfocbkqsfdzcfkgmn/SourcePackages/checkouts/LaTeXSwiftUI/Sources/LaTeXSwiftUI/Styles/DefaultLaTeXStyle.swift /Users/rogerlin/Library/Developer/Xcode/DerivedData/FinancialCalculatorKit-ackorybalcxbfocbkqsfdzcfkgmn/SourcePackages/checkouts/LaTeXSwiftUI/Sources/LaTeXSwiftUI/Styles/LaTeXStyle.swift /Users/rogerlin/Library/Developer/Xcode/DerivedData/FinancialCalculatorKit-ackorybalcxbfocbkqsfdzcfkgmn/SourcePackages/checkouts/LaTeXSwiftUI/Sources/LaTeXSwiftUI/Styles/StandardLaTeXStyle.swift /Users/rogerlin/Library/Developer/Xcode/DerivedData/FinancialCalculatorKit-ackorybalcxbfocbkqsfdzcfkgmn/SourcePackages/checkouts/LaTeXSwiftUI/Sources/LaTeXSwiftUI/Views/ComponentBlocksText.swift /Users/rogerlin/Library/Developer/Xcode/DerivedData/FinancialCalculatorKit-ackorybalcxbfocbkqsfdzcfkgmn/SourcePackages/checkouts/LaTeXSwiftUI/Sources/LaTeXSwiftUI/Views/ComponentBlocksViews.swift /Users/rogerlin/Library/Developer/Xcode/DerivedData/FinancialCalculatorKit-ackorybalcxbfocbkqsfdzcfkgmn/SourcePackages/checkouts/LaTeXSwiftUI/Sources/LaTeXSwiftUI/Views/EquationNumber.swift /Users/rogerlin/Library/Developer/Xcode/DerivedData/FinancialCalculatorKit-ackorybalcxbfocbkqsfdzcfkgmn/SourcePackages/checkouts/LaTeXSwiftUI/Sources/LaTeXSwiftUI/Views/HorizontalImageScroller.swift -target arm64-apple-macos12.0 -load-resolved-plugin /Applications/Xcode.app/Contents/Developer/Platforms/MacOSX.platform/Developer/usr/lib/swift/host/plugins/libFoundationMacros.dylib\#/Applications/Xcode.app/Contents/Developer/Platforms/MacOSX.platform/Developer/usr/bin/swift-plugin-server\#FoundationMacros -load-resolved-plugin /Applications/Xcode.app/Contents/Developer/Platforms/MacOSX.platform/Developer/usr/lib/swift/host/plugins/libObservationMacros.dylib\#/Applications/Xcode.app/Contents/Developer/Platforms/MacOSX.platform/Developer/usr/bin/swift-plugin-server\#ObservationMacros -load-resolved-plugin /Applications/Xcode.app/Contents/Developer/Platforms/MacOSX.platform/Developer/usr/lib/swift/host/plugins/libPreviewsMacros.dylib\#/Applications/Xcode.app/Contents/Developer/Platforms/MacOSX.platform/Developer/usr/bin/swift-plugin-server\#PreviewsMacros -load-resolved-plugin /Applications/Xcode.app/Contents/Developer/Platforms/MacOSX.platform/Developer/usr/lib/swift/host/plugins/libSwiftMacros.dylib\#/Applications/Xcode.app/Contents/Developer/Platforms/MacOSX.platform/Developer/usr/bin/swift-plugin-server\#SwiftMacros -load-resolved-plugin /Applications/Xcode.app/Contents/Developer/Platforms/MacOSX.platform/Developer/usr/lib/swift/host/plugins/libSwiftUIMacros.dylib\#/Applications/Xcode.app/Contents/Developer/Platforms/MacOSX.platform/Developer/usr/bin/swift-plugin-server\#SwiftUIMacros -disable-implicit-swift-modules -Xcc -fno-implicit-modules -Xcc -fno-implicit-module-maps -explicit-swift-module-map-file /Users/rogerlin/Library/Developer/Xcode/DerivedData/FinancialCalculatorKit-ackorybalcxbfocbkqsfdzcfkgmn/Build/Intermediates.noindex/LaTeXSwiftUI.build/Debug/LaTeXSwiftUI.build/Objects-normal/arm64/LaTeXSwiftUI-dependencies-1.json -Xllvm -aarch64-use-tbi -enable-objc-interop -stack-check -sdk /Applications/Xcode.app/Contents/Developer/Platforms/MacOSX.platform/Developer/SDKs/MacOSX26.1.sdk -I /Users/rogerlin/Library/Developer/Xcode/DerivedData/FinancialCalculatorKit-ackorybalcxbfocbkqsfdzcfkgmn/Build/Products/Debug -Isystem /Applications/Xcode.app/Contents/Developer/Platforms/MacOSX.platform/Developer/usr/lib -F /Users/rogerlin/Library/Developer/Xcode/DerivedData/FinancialCalculatorKit-ackorybalcxbfocbkqsfdzcfkgmn/Build/Products/Debug/PackageFrameworks -F /Users/rogerlin/Library/Developer/Xcode/DerivedData/FinancialCalculatorKit-ackorybalcxbfocbkqsfdzcfkgmn/Build/Products/Debug/PackageFrameworks -F /Users/rogerlin/Library/Developer/Xcode/DerivedData/FinancialCalculatorKit-ackorybalcxbfocbkqsfdzcfkgmn/Build/Products/Debug/PackageFrameworks -F /Users/rogerlin/Library/Developer/Xcode/DerivedData/FinancialCalculatorKit-ackorybalcxbfocbkqsfdzcfkgmn/Build/Products/Debug/PackageFrameworks -F /Users/rogerlin/Library/Developer/Xcode/DerivedData/FinancialCalculatorKit-ackorybalcxbfocbkqsfdzcfkgmn/Build/Products/Debug -F /Applications/Xcode.app/Contents/Developer/Platforms/MacOSX.platform/Developer/Library/Frameworks -no-color-diagnostics -Xcc -fno-color-diagnostics -enable-testing -g -debug-info-format\=dwarf -dwarf-version\=4 -module-cache-path /Users/rogerlin/Library/Developer/Xcode/DerivedData/FinancialCalculatorKit-ackorybalcxbfocbkqsfdzcfkgmn/Build/Intermediates.noindex/SwiftExplicitPrecompiledModules -suppress-warnings -profile-generate -profile-coverage-mapping -swift-version 5 -enforce-exclusivity\=checked -Onone -D SWIFT_PACKAGE -D DEBUG -D SWIFT_MODULE_RESOURCE_BUNDLE_UNAVAILABLE -D Xcode -serialize-debugging-options -const-gather-protocols-file /Users/rogerlin/Library/Developer/Xcode/DerivedData/FinancialCalculatorKit-ackorybalcxbfocbkqsfdzcfkgmn/Build/Intermediates.noindex/LaTeXSwiftUI.build/Debug/LaTeXSwiftUI.build/Objects-normal/arm64/LaTeXSwiftUI_const_extract_protocols.json -enable-experimental-feature DebugDescriptionMacro -empty-abi-descriptor -validate-clang-modules-once -clang-build-session-file /Users/rogerlin/Library/Developer/Xcode/DerivedData/ModuleCache.noindex/Session.modulevalidation -Xcc -working-directory -Xcc /Users/rogerlin/XCode-Projects/FinancialCalculatorKit-5.0-updated-accent-colors/FinancialCalculatorKit.xcodeproj -enable-anonymous-context-mangled-names -file-compilation-dir /Users/rogerlin/XCode-Projects/FinancialCalculatorKit-5.0-updated-accent-colors/FinancialCalculatorKit.xcodeproj -Xcc -D_LIBCPP_HARDENING_MODE\=_LIBCPP_HARDENING_MODE_DEBUG -Xcc -ivfsstatcache -Xcc /Users/rogerlin/Library/Developer/Xcode/DerivedData/SDKStatCaches.noindex/macosx26.1-25B74-3ae1261907bdadc328169391a47051a6.sdkstatcache -Xcc -I/Users/rogerlin/Library/Developer/Xcode/DerivedData/FinancialCalculatorKit-ackorybalcxbfocbkqsfdzcfkgmn/Build/Intermediates.noindex/LaTeXSwiftUI.build/Debug/LaTeXSwiftUI.build/swift-overrides.hmap -Xcc -I/Users/rogerlin/Library/Developer/Xcode/DerivedData/FinancialCalculatorKit-ackorybalcxbfocbkqsfdzcfkgmn/Build/Products/Debug/include -Xcc -I/Users/rogerlin/Library/Developer/Xcode/DerivedData/FinancialCalculatorKit-ackorybalcxbfocbkqsfdzcfkgmn/Build/Intermediates.noindex/LaTeXSwiftUI.build/Debug/LaTeXSwiftUI.build/DerivedSources-normal/arm64 -Xcc -I/Users/rogerlin/Library/Developer/Xcode/DerivedData/FinancialCalculatorKit-ackorybalcxbfocbkqsfdzcfkgmn/Build/Intermediates.noindex/LaTeXSwiftUI.build/Debug/LaTeXSwiftUI.build/DerivedSources/arm64 -Xcc -I/Users/rogerlin/Library/Developer/Xcode/DerivedData/FinancialCalculatorKit-ackorybalcxbfocbkqsfdzcfkgmn/Build/Intermediates.noindex/LaTeXSwiftUI.build/Debug/LaTeXSwiftUI.build/DerivedSources -Xcc -DSWIFT_PACKAGE -Xcc -DDEBUG\=1 -no-auto-bridging-header-chaining -module-name LaTeXSwiftUI -frontend-parseable-output -disable-clang-spi -target-sdk-version 26.1 -target-sdk-name macosx26.1 -clang-target arm64-apple-macos26.1 -in-process-plugin-server-path /Applications/Xcode.app/Contents/Developer/Toolchains/XcodeDefault.xctoolchain/usr/lib/swift/host/libSwiftInProcPluginServer.dylib -emit-module-doc-path /Users/rogerlin/Library/Developer/Xcode/DerivedData/FinancialCalculatorKit-ackorybalcxbfocbkqsfdzcfkgmn/Build/Intermediates.noindex/LaTeXSwiftUI.build/Debug/LaTeXSwiftUI.build/Objects-normal/arm64/LaTeXSwiftUI.swiftdoc -emit-module-source-info-path /Users/rogerlin/Library/Developer/Xcode/DerivedData/FinancialCalculatorKit-ackorybalcxbfocbkqsfdzcfkgmn/Build/Intermediates.noindex/LaTeXSwiftUI.build/Debug/LaTeXSwiftUI.build/Objects-normal/arm64/LaTeXSwiftUI.swiftsourceinfo -emit-objc-header-path /Users/rogerlin/Library/Developer/Xcode/DerivedData/FinancialCalculatorKit-ackorybalcxbfocbkqsfdzcfkgmn/Build/Intermediates.noindex/LaTeXSwiftUI.build/Debug/LaTeXSwiftUI.build/Objects-normal/arm64/LaTeXSwiftUI-Swift.h -serialize-diagnostics-path /Users/rogerlin/Library/Developer/Xcode/DerivedData/FinancialCalculatorKit-ackorybalcxbfocbkqsfdzcfkgmn/Build/Intermediates.noindex/LaTeXSwiftUI.build/Debug/LaTeXSwiftUI.build/Objects-normal/arm64/LaTeXSwiftUI-primary-emit-module.dia -emit-dependencies-path /Users/rogerlin/Library/Developer/Xcode/DerivedData/FinancialCalculatorKit-ackorybalcxbfocbkqsfdzcfkgmn/Build/Intermediates.noindex/LaTeXSwiftUI.build/Debug/LaTeXSwiftUI.build/Objects-normal/arm64/LaTeXSwiftUI-primary-emit-module.d -o /Users/rogerlin/Library/Developer/Xcode/DerivedData/FinancialCalculatorKit-ackorybalcxbfocbkqsfdzcfkgmn/Build/Intermediates.noindex/LaTeXSwiftUI.build/Debug/LaTeXSwiftUI.build/Objects-normal/arm64/LaTeXSwiftUI.swiftmodule -emit-abi-descriptor-path /Users/rogerlin/Library/Developer/Xcode/DerivedData/FinancialCalculatorKit-ackorybalcxbfocbkqsfdzcfkgmn/Build/Intermediates.noindex/LaTeXSwiftUI.build/Debug/LaTeXSwiftUI.build/Objects-normal/arm64/LaTeXSwiftUI.abi.json

EmitSwiftModule normal arm64 (in target 'LaTeXSwiftUI' from project 'LaTeXSwiftUI')
    cd /Users/rogerlin/XCode-Projects/FinancialCalculatorKit-5.0-updated-accent-colors/FinancialCalculatorKit.xcodeproj
    

SwiftDriverJobDiscovery normal arm64 Compiling LaTeX.swift (in target 'ExpressionParser' from project 'ExpressionParser')

SwiftDriver\ Compilation SwiftDraw normal arm64 com.apple.xcode.tools.swift.compiler (in target 'SwiftDraw' from project 'SwiftDraw')
    cd /Users/rogerlin/XCode-Projects/FinancialCalculatorKit-5.0-updated-accent-colors/FinancialCalculatorKit.xcodeproj
    builtin-Swift-Compilation -- /Applications/Xcode.app/Contents/Developer/Toolchains/XcodeDefault.xctoolchain/usr/bin/swiftc -module-name SwiftDraw -Onone -enforce-exclusivity\=checked @/Users/rogerlin/Library/Developer/Xcode/DerivedData/FinancialCalculatorKit-ackorybalcxbfocbkqsfdzcfkgmn/Build/Intermediates.noindex/SwiftDraw.build/Debug/SwiftDraw.build/Objects-normal/arm64/SwiftDraw.SwiftFileList -DSWIFT_PACKAGE -DDEBUG -DSWIFT_MODULE_RESOURCE_BUNDLE_UNAVAILABLE -DXcode -enable-upcoming-feature ExistentialAny -plugin-path /Applications/Xcode.app/Contents/Developer/Toolchains/XcodeDefault.xctoolchain/usr/lib/swift/host/plugins/testing -enable-experimental-feature DebugDescriptionMacro -sdk /Applications/Xcode.app/Contents/Developer/Platforms/MacOSX.platform/Developer/SDKs/MacOSX26.1.sdk -target arm64-apple-macos10.15 -g -module-cache-path /Users/rogerlin/Library/Developer/Xcode/DerivedData/ModuleCache.noindex -Xfrontend -serialize-debugging-options -profile-coverage-mapping -profile-generate -enable-testing -suppress-warnings -index-store-path /Users/rogerlin/Library/Developer/Xcode/DerivedData/FinancialCalculatorKit-ackorybalcxbfocbkqsfdzcfkgmn/Index.noindex/DataStore -Xcc -D_LIBCPP_HARDENING_MODE\=_LIBCPP_HARDENING_MODE_DEBUG -swift-version 6 -I /Users/rogerlin/Library/Developer/Xcode/DerivedData/FinancialCalculatorKit-ackorybalcxbfocbkqsfdzcfkgmn/Build/Products/Debug -Isystem /Applications/Xcode.app/Contents/Developer/Platforms/MacOSX.platform/Developer/usr/lib -F /Users/rogerlin/Library/Developer/Xcode/DerivedData/FinancialCalculatorKit-ackorybalcxbfocbkqsfdzcfkgmn/Build/Products/Debug/PackageFrameworks -F /Users/rogerlin/Library/Developer/Xcode/DerivedData/FinancialCalculatorKit-ackorybalcxbfocbkqsfdzcfkgmn/Build/Products/Debug -F /Applications/Xcode.app/Contents/Developer/Platforms/MacOSX.platform/Developer/Library/Frameworks -c -j16 -enable-batch-mode -incremental -Xcc -ivfsstatcache -Xcc /Users/rogerlin/Library/Developer/Xcode/DerivedData/SDKStatCaches.noindex/macosx26.1-25B74-3ae1261907bdadc328169391a47051a6.sdkstatcache -output-file-map /Users/rogerlin/Library/Developer/Xcode/DerivedData/FinancialCalculatorKit-ackorybalcxbfocbkqsfdzcfkgmn/Build/Intermediates.noindex/SwiftDraw.build/Debug/SwiftDraw.build/Objects-normal/arm64/SwiftDraw-OutputFileMap.json -use-frontend-parseable-output -save-temps -no-color-diagnostics -explicit-module-build -module-cache-path /Users/rogerlin/Library/Developer/Xcode/DerivedData/FinancialCalculatorKit-ackorybalcxbfocbkqsfdzcfkgmn/Build/Intermediates.noindex/SwiftExplicitPrecompiledModules -clang-scanner-module-cache-path /Users/rogerlin/Library/Developer/Xcode/DerivedData/ModuleCache.noindex -sdk-module-cache-path /Users/rogerlin/Library/Developer/Xcode/DerivedData/ModuleCache.noindex -serialize-diagnostics -emit-dependencies -emit-module -emit-module-path /Users/rogerlin/Library/Developer/Xcode/DerivedData/FinancialCalculatorKit-ackorybalcxbfocbkqsfdzcfkgmn/Build/Intermediates.noindex/SwiftDraw.build/Debug/SwiftDraw.build/Objects-normal/arm64/SwiftDraw.swiftmodule -user-module-version 0.22.0 -validate-clang-modules-once -clang-build-session-file /Users/rogerlin/Library/Developer/Xcode/DerivedData/ModuleCache.noindex/Session.modulevalidation -package-name swiftdraw -Xcc -I/Users/rogerlin/Library/Developer/Xcode/DerivedData/FinancialCalculatorKit-ackorybalcxbfocbkqsfdzcfkgmn/Build/Intermediates.noindex/SwiftDraw.build/Debug/SwiftDraw.build/swift-overrides.hmap -emit-const-values -Xfrontend -const-gather-protocols-file -Xfrontend /Users/rogerlin/Library/Developer/Xcode/DerivedData/FinancialCalculatorKit-ackorybalcxbfocbkqsfdzcfkgmn/Build/Intermediates.noindex/SwiftDraw.build/Debug/SwiftDraw.build/Objects-normal/arm64/SwiftDraw_const_extract_protocols.json -Xcc -I/Users/rogerlin/Library/Developer/Xcode/DerivedData/FinancialCalculatorKit-ackorybalcxbfocbkqsfdzcfkgmn/Build/Products/Debug/include -Xcc -I/Users/rogerlin/Library/Developer/Xcode/DerivedData/FinancialCalculatorKit-ackorybalcxbfocbkqsfdzcfkgmn/Build/Intermediates.noindex/SwiftDraw.build/Debug/SwiftDraw.build/DerivedSources-normal/arm64 -Xcc -I/Users/rogerlin/Library/Developer/Xcode/DerivedData/FinancialCalculatorKit-ackorybalcxbfocbkqsfdzcfkgmn/Build/Intermediates.noindex/SwiftDraw.build/Debug/SwiftDraw.build/DerivedSources/arm64 -Xcc -I/Users/rogerlin/Library/Developer/Xcode/DerivedData/FinancialCalculatorKit-ackorybalcxbfocbkqsfdzcfkgmn/Build/Intermediates.noindex/SwiftDraw.build/Debug/SwiftDraw.build/DerivedSources -Xcc -DSWIFT_PACKAGE -Xcc -DDEBUG\=1 -emit-objc-header -emit-objc-header-path /Users/rogerlin/Library/Developer/Xcode/DerivedData/FinancialCalculatorKit-ackorybalcxbfocbkqsfdzcfkgmn/Build/Intermediates.noindex/SwiftDraw.build/Debug/SwiftDraw.build/Objects-normal/arm64/SwiftDraw-Swift.h -working-directory /Users/rogerlin/XCode-Projects/FinancialCalculatorKit-5.0-updated-accent-colors/FinancialCalculatorKit.xcodeproj -experimental-emit-module-separately -disable-cmo

    Task input dependencies:
        /Users/rogerlin/Library/Developer/Xcode/DerivedData/FinancialCalculatorKit-ackorybalcxbfocbkqsfdzcfkgmn/SourcePackages/checkouts/SwiftDraw/SwiftDraw/CGImage+Mask.swift
        /Users/rogerlin/Library/Developer/Xcode/DerivedData/FinancialCalculatorKit-ackorybalcxbfocbkqsfdzcfkgmn/SourcePackages/checkouts/SwiftDraw/SwiftDraw/CGPath+Segment.swift
        /Users/rogerlin/Library/Developer/Xcode/DerivedData/FinancialCalculatorKit-ackorybalcxbfocbkqsfdzcfkgmn/SourcePackages/checkouts/SwiftDraw/SwiftDraw/CGPattern+Closure.swift
        /Users/rogerlin/Library/Developer/Xcode/DerivedData/FinancialCalculatorKit-ackorybalcxbfocbkqsfdzcfkgmn/SourcePackages/checkouts/SwiftDraw/SwiftDraw/CGTextRenderer+Code.swift
        /Users/rogerlin/Library/Developer/Xcode/DerivedData/FinancialCalculatorKit-ackorybalcxbfocbkqsfdzcfkgmn/SourcePackages/checkouts/SwiftDraw/SwiftDraw/CommandLine+Process.swift
        /Users/rogerlin/Library/Developer/Xcode/DerivedData/FinancialCalculatorKit-ackorybalcxbfocbkqsfdzcfkgmn/SourcePackages/checkouts/SwiftDraw/SwiftDraw/CommandLine.Arguments.swift
        /Users/rogerlin/Library/Developer/Xcode/DerivedData/FinancialCalculatorKit-ackorybalcxbfocbkqsfdzcfkgmn/SourcePackages/checkouts/SwiftDraw/SwiftDraw/CommandLine.Configuration.swift
        /Users/rogerlin/Library/Developer/Xcode/DerivedData/FinancialCalculatorKit-ackorybalcxbfocbkqsfdzcfkgmn/SourcePackages/checkouts/SwiftDraw/SwiftDraw/CommandLine.swift
        /Users/rogerlin/Library/Developer/Xcode/DerivedData/FinancialCalculatorKit-ackorybalcxbfocbkqsfdzcfkgmn/SourcePackages/checkouts/SwiftDraw/SwiftDraw/CoordinateFormatter.swift
        /Users/rogerlin/Library/Developer/Xcode/DerivedData/FinancialCalculatorKit-ackorybalcxbfocbkqsfdzcfkgmn/SourcePackages/checkouts/SwiftDraw/SwiftDraw/LayerTree.Builder.Layer.swift
        /Users/rogerlin/Library/Developer/Xcode/DerivedData/FinancialCalculatorKit-ackorybalcxbfocbkqsfdzcfkgmn/SourcePackages/checkouts/SwiftDraw/SwiftDraw/LayerTree.Builder.Path.Arc.swift
        /Users/rogerlin/Library/Developer/Xcode/DerivedData/FinancialCalculatorKit-ackorybalcxbfocbkqsfdzcfkgmn/SourcePackages/checkouts/SwiftDraw/SwiftDraw/LayerTree.Builder.Path.swift
        /Users/rogerlin/Library/Developer/Xcode/DerivedData/FinancialCalculatorKit-ackorybalcxbfocbkqsfdzcfkgmn/SourcePackages/checkouts/SwiftDraw/SwiftDraw/LayerTree.Builder.Shape.swift
        /Users/rogerlin/Library/Developer/Xcode/DerivedData/FinancialCalculatorKit-ackorybalcxbfocbkqsfdzcfkgmn/SourcePackages/checkouts/SwiftDraw/SwiftDraw/LayerTree.Builder.Text.swift
        /Users/rogerlin/Library/Developer/Xcode/DerivedData/FinancialCalculatorKit-ackorybalcxbfocbkqsfdzcfkgmn/SourcePackages/checkouts/SwiftDraw/SwiftDraw/LayerTree.Builder.swift
        /Users/rogerlin/Library/Developer/Xcode/DerivedData/FinancialCalculatorKit-ackorybalcxbfocbkqsfdzcfkgmn/SourcePackages/checkouts/SwiftDraw/SwiftDraw/LayerTree.Color.swift
        /Users/rogerlin/Library/Developer/Xcode/DerivedData/FinancialCalculatorKit-ackorybalcxbfocbkqsfdzcfkgmn/SourcePackages/checkouts/SwiftDraw/SwiftDraw/LayerTree.CommandGenerator.swift
        /Users/rogerlin/Library/Developer/Xcode/DerivedData/FinancialCalculatorKit-ackorybalcxbfocbkqsfdzcfkgmn/SourcePackages/checkouts/SwiftDraw/SwiftDraw/LayerTree.CommandOptimizer.swift
        /Users/rogerlin/Library/Developer/Xcode/DerivedData/FinancialCalculatorKit-ackorybalcxbfocbkqsfdzcfkgmn/SourcePackages/checkouts/SwiftDraw/SwiftDraw/LayerTree.Gradient.swift
        /Users/rogerlin/Library/Developer/Xcode/DerivedData/FinancialCalculatorKit-ackorybalcxbfocbkqsfdzcfkgmn/SourcePackages/checkouts/SwiftDraw/SwiftDraw/LayerTree.Image.swift
        /Users/rogerlin/Library/Developer/Xcode/DerivedData/FinancialCalculatorKit-ackorybalcxbfocbkqsfdzcfkgmn/SourcePackages/checkouts/SwiftDraw/SwiftDraw/LayerTree.Layer.swift
        /Users/rogerlin/Library/Developer/Xcode/DerivedData/FinancialCalculatorKit-ackorybalcxbfocbkqsfdzcfkgmn/SourcePackages/checkouts/SwiftDraw/SwiftDraw/LayerTree.Path+Bounds.swift
        /Users/rogerlin/Library/Developer/Xcode/DerivedData/FinancialCalculatorKit-ackorybalcxbfocbkqsfdzcfkgmn/SourcePackages/checkouts/SwiftDraw/SwiftDraw/LayerTree.Path+Reversed.swift
        /Users/rogerlin/Library/Developer/Xcode/DerivedData/FinancialCalculatorKit-ackorybalcxbfocbkqsfdzcfkgmn/SourcePackages/checkouts/SwiftDraw/SwiftDraw/LayerTree.Path+Subpath.swift
        /Users/rogerlin/Library/Developer/Xcode/DerivedData/FinancialCalculatorKit-ackorybalcxbfocbkqsfdzcfkgmn/SourcePackages/checkouts/SwiftDraw/SwiftDraw/LayerTree.Path.swift
        /Users/rogerlin/Library/Developer/Xcode/DerivedData/FinancialCalculatorKit-ackorybalcxbfocbkqsfdzcfkgmn/SourcePackages/checkouts/SwiftDraw/SwiftDraw/LayerTree.Pattern.swift
        /Users/rogerlin/Library/Developer/Xcode/DerivedData/FinancialCalculatorKit-ackorybalcxbfocbkqsfdzcfkgmn/SourcePackages/checkouts/SwiftDraw/SwiftDraw/LayerTree.Shape.swift
        /Users/rogerlin/Library/Developer/Xcode/DerivedData/FinancialCalculatorKit-ackorybalcxbfocbkqsfdzcfkgmn/SourcePackages/checkouts/SwiftDraw/SwiftDraw/LayerTree.Transform.swift
        /Users/rogerlin/Library/Developer/Xcode/DerivedData/FinancialCalculatorKit-ackorybalcxbfocbkqsfdzcfkgmn/SourcePackages/checkouts/SwiftDraw/SwiftDraw/LayerTree.swift
        /Users/rogerlin/Library/Developer/Xcode/DerivedData/FinancialCalculatorKit-ackorybalcxbfocbkqsfdzcfkgmn/SourcePackages/checkouts/SwiftDraw/SwiftDraw/NSImage+SVG.swift
        /Users/rogerlin/Library/Developer/Xcode/DerivedData/FinancialCalculatorKit-ackorybalcxbfocbkqsfdzcfkgmn/SourcePackages/checkouts/SwiftDraw/SwiftDraw/Renderer.CGText+Path.swift
        /Users/rogerlin/Library/Developer/Xcode/DerivedData/FinancialCalculatorKit-ackorybalcxbfocbkqsfdzcfkgmn/SourcePackages/checkouts/SwiftDraw/SwiftDraw/Renderer.CGText.swift
        /Users/rogerlin/Library/Developer/Xcode/DerivedData/FinancialCalculatorKit-ackorybalcxbfocbkqsfdzcfkgmn/SourcePackages/checkouts/SwiftDraw/SwiftDraw/Renderer.CoreGraphics.swift
        /Users/rogerlin/Library/Developer/Xcode/DerivedData/FinancialCalculatorKit-ackorybalcxbfocbkqsfdzcfkgmn/SourcePackages/checkouts/SwiftDraw/SwiftDraw/Renderer.LayerTree.swift
        /Users/rogerlin/Library/Developer/Xcode/DerivedData/FinancialCalculatorKit-ackorybalcxbfocbkqsfdzcfkgmn/SourcePackages/checkouts/SwiftDraw/SwiftDraw/Renderer.SFSymbol+CGPath.swift
        /Users/rogerlin/Library/Developer/Xcode/DerivedData/FinancialCalculatorKit-ackorybalcxbfocbkqsfdzcfkgmn/SourcePackages/checkouts/SwiftDraw/SwiftDraw/Renderer.SFSymbol.swift
        /Users/rogerlin/Library/Developer/Xcode/DerivedData/FinancialCalculatorKit-ackorybalcxbfocbkqsfdzcfkgmn/SourcePackages/checkouts/SwiftDraw/SwiftDraw/Renderer.SVG.swift
        /Users/rogerlin/Library/Developer/Xcode/DerivedData/FinancialCalculatorKit-ackorybalcxbfocbkqsfdzcfkgmn/SourcePackages/checkouts/SwiftDraw/SwiftDraw/Renderer.swift
        /Users/rogerlin/Library/Developer/Xcode/DerivedData/FinancialCalculatorKit-ackorybalcxbfocbkqsfdzcfkgmn/SourcePackages/checkouts/SwiftDraw/SwiftDraw/SVG+CoreGraphics.swift
        /Users/rogerlin/Library/Developer/Xcode/DerivedData/FinancialCalculatorKit-ackorybalcxbfocbkqsfdzcfkgmn/SourcePackages/checkouts/SwiftDraw/SwiftDraw/SVG+Deprecated.swift
        /Users/rogerlin/Library/Developer/Xcode/DerivedData/FinancialCalculatorKit-ackorybalcxbfocbkqsfdzcfkgmn/SourcePackages/checkouts/SwiftDraw/SwiftDraw/SVG+Hashable.swift
        /Users/rogerlin/Library/Developer/Xcode/DerivedData/FinancialCalculatorKit-ackorybalcxbfocbkqsfdzcfkgmn/SourcePackages/checkouts/SwiftDraw/SwiftDraw/SVG+Insets.swift
        /Users/rogerlin/Library/Developer/Xcode/DerivedData/FinancialCalculatorKit-ackorybalcxbfocbkqsfdzcfkgmn/SourcePackages/checkouts/SwiftDraw/SwiftDraw/SVG.swift
        /Users/rogerlin/Library/Developer/Xcode/DerivedData/FinancialCalculatorKit-ackorybalcxbfocbkqsfdzcfkgmn/SourcePackages/checkouts/SwiftDraw/SwiftDraw/SVGView.swift
        /Users/rogerlin/Library/Developer/Xcode/DerivedData/FinancialCalculatorKit-ackorybalcxbfocbkqsfdzcfkgmn/SourcePackages/checkouts/SwiftDraw/SwiftDraw/Stack.swift
        /Users/rogerlin/Library/Developer/Xcode/DerivedData/FinancialCalculatorKit-ackorybalcxbfocbkqsfdzcfkgmn/SourcePackages/checkouts/SwiftDraw/SwiftDraw/UIImage+SVG.swift
        /Users/rogerlin/Library/Developer/Xcode/DerivedData/FinancialCalculatorKit-ackorybalcxbfocbkqsfdzcfkgmn/SourcePackages/checkouts/SwiftDraw/SwiftDraw/Utilities/PairedSequence.swift
        /Users/rogerlin/Library/Developer/Xcode/DerivedData/FinancialCalculatorKit-ackorybalcxbfocbkqsfdzcfkgmn/SourcePackages/checkouts/SwiftDraw/SwiftDraw/XML.Formatter.SVG.swift
        /Users/rogerlin/Library/Developer/Xcode/DerivedData/FinancialCalculatorKit-ackorybalcxbfocbkqsfdzcfkgmn/SourcePackages/checkouts/SwiftDraw/SwiftDraw/XML.Formatter.swift
        /Users/rogerlin/Library/Developer/Xcode/DerivedData/FinancialCalculatorKit-ackorybalcxbfocbkqsfdzcfkgmn/Build/Intermediates.noindex/SwiftDraw.build/Debug/SwiftDraw.build/Objects-normal/arm64/SwiftDraw.SwiftFileList
        /Users/rogerlin/Library/Developer/Xcode/DerivedData/FinancialCalculatorKit-ackorybalcxbfocbkqsfdzcfkgmn/Build/Intermediates.noindex/SwiftDraw.build/Debug/SwiftDraw.build/Objects-normal/arm64/SwiftDraw-OutputFileMap.json
        /Users/rogerlin/Library/Developer/Xcode/DerivedData/FinancialCalculatorKit-ackorybalcxbfocbkqsfdzcfkgmn/Build/Intermediates.noindex/SwiftDraw.build/Debug/SwiftDraw.build/Objects-normal/arm64/SwiftDraw_const_extract_protocols.json
        /Users/rogerlin/Library/Developer/Xcode/DerivedData/FinancialCalculatorKit-ackorybalcxbfocbkqsfdzcfkgmn/Build/Intermediates.noindex/GeneratedModuleMaps/SwiftDraw.modulemap
        /Users/rogerlin/Library/Developer/Xcode/DerivedData/FinancialCalculatorKit-ackorybalcxbfocbkqsfdzcfkgmn/SourcePackages/checkouts/SwiftDraw/SwiftDraw/CGImage+Mask.swift
        /Users/rogerlin/Library/Developer/Xcode/DerivedData/FinancialCalculatorKit-ackorybalcxbfocbkqsfdzcfkgmn/SourcePackages/checkouts/SwiftDraw/SwiftDraw/CGPath+Segment.swift
        /Users/rogerlin/Library/Developer/Xcode/DerivedData/FinancialCalculatorKit-ackorybalcxbfocbkqsfdzcfkgmn/SourcePackages/checkouts/SwiftDraw/SwiftDraw/CGPattern+Closure.swift
        /Users/rogerlin/Library/Developer/Xcode/DerivedData/FinancialCalculatorKit-ackorybalcxbfocbkqsfdzcfkgmn/SourcePackages/checkouts/SwiftDraw/SwiftDraw/CGTextRenderer+Code.swift
        /Users/rogerlin/Library/Developer/Xcode/DerivedData/FinancialCalculatorKit-ackorybalcxbfocbkqsfdzcfkgmn/SourcePackages/checkouts/SwiftDraw/SwiftDraw/CommandLine+Process.swift
        /Users/rogerlin/Library/Developer/Xcode/DerivedData/FinancialCalculatorKit-ackorybalcxbfocbkqsfdzcfkgmn/SourcePackages/checkouts/SwiftDraw/SwiftDraw/CommandLine.Arguments.swift
        /Users/rogerlin/Library/Developer/Xcode/DerivedData/FinancialCalculatorKit-ackorybalcxbfocbkqsfdzcfkgmn/SourcePackages/checkouts/SwiftDraw/SwiftDraw/CommandLine.Configuration.swift
        /Users/rogerlin/Library/Developer/Xcode/DerivedData/FinancialCalculatorKit-ackorybalcxbfocbkqsfdzcfkgmn/SourcePackages/checkouts/SwiftDraw/SwiftDraw/CommandLine.swift
        /Users/rogerlin/Library/Developer/Xcode/DerivedData/FinancialCalculatorKit-ackorybalcxbfocbkqsfdzcfkgmn/SourcePackages/checkouts/SwiftDraw/SwiftDraw/CoordinateFormatter.swift
        /Users/rogerlin/Library/Developer/Xcode/DerivedData/FinancialCalculatorKit-ackorybalcxbfocbkqsfdzcfkgmn/SourcePackages/checkouts/SwiftDraw/SwiftDraw/LayerTree.Builder.Layer.swift
        /Users/rogerlin/Library/Developer/Xcode/DerivedData/FinancialCalculatorKit-ackorybalcxbfocbkqsfdzcfkgmn/SourcePackages/checkouts/SwiftDraw/SwiftDraw/LayerTree.Builder.Path.Arc.swift
        /Users/rogerlin/Library/Developer/Xcode/DerivedData/FinancialCalculatorKit-ackorybalcxbfocbkqsfdzcfkgmn/SourcePackages/checkouts/SwiftDraw/SwiftDraw/LayerTree.Builder.Path.swift
        /Users/rogerlin/Library/Developer/Xcode/DerivedData/FinancialCalculatorKit-ackorybalcxbfocbkqsfdzcfkgmn/SourcePackages/checkouts/SwiftDraw/SwiftDraw/LayerTree.Builder.Shape.swift
        /Users/rogerlin/Library/Developer/Xcode/DerivedData/FinancialCalculatorKit-ackorybalcxbfocbkqsfdzcfkgmn/SourcePackages/checkouts/SwiftDraw/SwiftDraw/LayerTree.Builder.Text.swift
        /Users/rogerlin/Library/Developer/Xcode/DerivedData/FinancialCalculatorKit-ackorybalcxbfocbkqsfdzcfkgmn/SourcePackages/checkouts/SwiftDraw/SwiftDraw/LayerTree.Builder.swift
        /Users/rogerlin/Library/Developer/Xcode/DerivedData/FinancialCalculatorKit-ackorybalcxbfocbkqsfdzcfkgmn/SourcePackages/checkouts/SwiftDraw/SwiftDraw/LayerTree.Color.swift
        /Users/rogerlin/Library/Developer/Xcode/DerivedData/FinancialCalculatorKit-ackorybalcxbfocbkqsfdzcfkgmn/SourcePackages/checkouts/SwiftDraw/SwiftDraw/LayerTree.CommandGenerator.swift
        /Users/rogerlin/Library/Developer/Xcode/DerivedData/FinancialCalculatorKit-ackorybalcxbfocbkqsfdzcfkgmn/SourcePackages/checkouts/SwiftDraw/SwiftDraw/LayerTree.CommandOptimizer.swift
        /Users/rogerlin/Library/Developer/Xcode/DerivedData/FinancialCalculatorKit-ackorybalcxbfocbkqsfdzcfkgmn/SourcePackages/checkouts/SwiftDraw/SwiftDraw/LayerTree.Gradient.swift
        /Users/rogerlin/Library/Developer/Xcode/DerivedData/FinancialCalculatorKit-ackorybalcxbfocbkqsfdzcfkgmn/SourcePackages/checkouts/SwiftDraw/SwiftDraw/LayerTree.Image.swift
        /Users/rogerlin/Library/Developer/Xcode/DerivedData/FinancialCalculatorKit-ackorybalcxbfocbkqsfdzcfkgmn/SourcePackages/checkouts/SwiftDraw/SwiftDraw/LayerTree.Layer.swift
        /Users/rogerlin/Library/Developer/Xcode/DerivedData/FinancialCalculatorKit-ackorybalcxbfocbkqsfdzcfkgmn/SourcePackages/checkouts/SwiftDraw/SwiftDraw/LayerTree.Path+Bounds.swift
        /Users/rogerlin/Library/Developer/Xcode/DerivedData/FinancialCalculatorKit-ackorybalcxbfocbkqsfdzcfkgmn/SourcePackages/checkouts/SwiftDraw/SwiftDraw/LayerTree.Path+Reversed.swift
        /Users/rogerlin/Library/Developer/Xcode/DerivedData/FinancialCalculatorKit-ackorybalcxbfocbkqsfdzcfkgmn/SourcePackages/checkouts/SwiftDraw/SwiftDraw/LayerTree.Path+Subpath.swift
        /Users/rogerlin/Library/Developer/Xcode/DerivedData/FinancialCalculatorKit-ackorybalcxbfocbkqsfdzcfkgmn/SourcePackages/checkouts/SwiftDraw/SwiftDraw/LayerTree.Path.swift
        /Users/rogerlin/Library/Developer/Xcode/DerivedData/FinancialCalculatorKit-ackorybalcxbfocbkqsfdzcfkgmn/SourcePackages/checkouts/SwiftDraw/SwiftDraw/LayerTree.Pattern.swift
        /Users/rogerlin/Library/Developer/Xcode/DerivedData/FinancialCalculatorKit-ackorybalcxbfocbkqsfdzcfkgmn/SourcePackages/checkouts/SwiftDraw/SwiftDraw/LayerTree.Shape.swift
        /Users/rogerlin/Library/Developer/Xcode/DerivedData/FinancialCalculatorKit-ackorybalcxbfocbkqsfdzcfkgmn/SourcePackages/checkouts/SwiftDraw/SwiftDraw/LayerTree.Transform.swift
        /Users/rogerlin/Library/Developer/Xcode/DerivedData/FinancialCalculatorKit-ackorybalcxbfocbkqsfdzcfkgmn/SourcePackages/checkouts/SwiftDraw/SwiftDraw/LayerTree.swift
        /Users/rogerlin/Library/Developer/Xcode/DerivedData/FinancialCalculatorKit-ackorybalcxbfocbkqsfdzcfkgmn/SourcePackages/checkouts/SwiftDraw/SwiftDraw/NSImage+SVG.swift
        /Users/rogerlin/Library/Developer/Xcode/DerivedData/FinancialCalculatorKit-ackorybalcxbfocbkqsfdzcfkgmn/SourcePackages/checkouts/SwiftDraw/SwiftDraw/Renderer.CGText+Path.swift
        /Users/rogerlin/Library/Developer/Xcode/DerivedData/FinancialCalculatorKit-ackorybalcxbfocbkqsfdzcfkgmn/SourcePackages/checkouts/SwiftDraw/SwiftDraw/Renderer.CGText.swift
        /Users/rogerlin/Library/Developer/Xcode/DerivedData/FinancialCalculatorKit-ackorybalcxbfocbkqsfdzcfkgmn/SourcePackages/checkouts/SwiftDraw/SwiftDraw/Renderer.CoreGraphics.swift
        /Users/rogerlin/Library/Developer/Xcode/DerivedData/FinancialCalculatorKit-ackorybalcxbfocbkqsfdzcfkgmn/SourcePackages/checkouts/SwiftDraw/SwiftDraw/Renderer.LayerTree.swift
        /Users/rogerlin/Library/Developer/Xcode/DerivedData/FinancialCalculatorKit-ackorybalcxbfocbkqsfdzcfkgmn/SourcePackages/checkouts/SwiftDraw/SwiftDraw/Renderer.SFSymbol+CGPath.swift
        /Users/rogerlin/Library/Developer/Xcode/DerivedData/FinancialCalculatorKit-ackorybalcxbfocbkqsfdzcfkgmn/SourcePackages/checkouts/SwiftDraw/SwiftDraw/Renderer.SFSymbol.swift
        /Users/rogerlin/Library/Developer/Xcode/DerivedData/FinancialCalculatorKit-ackorybalcxbfocbkqsfdzcfkgmn/SourcePackages/checkouts/SwiftDraw/SwiftDraw/Renderer.SVG.swift
        /Users/rogerlin/Library/Developer/Xcode/DerivedData/FinancialCalculatorKit-ackorybalcxbfocbkqsfdzcfkgmn/SourcePackages/checkouts/SwiftDraw/SwiftDraw/Renderer.swift
        /Users/rogerlin/Library/Developer/Xcode/DerivedData/FinancialCalculatorKit-ackorybalcxbfocbkqsfdzcfkgmn/SourcePackages/checkouts/SwiftDraw/SwiftDraw/SVG+CoreGraphics.swift
        /Users/rogerlin/Library/Developer/Xcode/DerivedData/FinancialCalculatorKit-ackorybalcxbfocbkqsfdzcfkgmn/SourcePackages/checkouts/SwiftDraw/SwiftDraw/SVG+Deprecated.swift
        /Users/rogerlin/Library/Developer/Xcode/DerivedData/FinancialCalculatorKit-ackorybalcxbfocbkqsfdzcfkgmn/SourcePackages/checkouts/SwiftDraw/SwiftDraw/SVG+Hashable.swift
        /Users/rogerlin/Library/Developer/Xcode/DerivedData/FinancialCalculatorKit-ackorybalcxbfocbkqsfdzcfkgmn/SourcePackages/checkouts/SwiftDraw/SwiftDraw/SVG+Insets.swift
        /Users/rogerlin/Library/Developer/Xcode/DerivedData/FinancialCalculatorKit-ackorybalcxbfocbkqsfdzcfkgmn/SourcePackages/checkouts/SwiftDraw/SwiftDraw/SVG.swift
        /Users/rogerlin/Library/Developer/Xcode/DerivedData/FinancialCalculatorKit-ackorybalcxbfocbkqsfdzcfkgmn/SourcePackages/checkouts/SwiftDraw/SwiftDraw/SVGView.swift
        /Users/rogerlin/Library/Developer/Xcode/DerivedData/FinancialCalculatorKit-ackorybalcxbfocbkqsfdzcfkgmn/SourcePackages/checkouts/SwiftDraw/SwiftDraw/Stack.swift
        /Users/rogerlin/Library/Developer/Xcode/DerivedData/FinancialCalculatorKit-ackorybalcxbfocbkqsfdzcfkgmn/SourcePackages/checkouts/SwiftDraw/SwiftDraw/UIImage+SVG.swift
        /Users/rogerlin/Library/Developer/Xcode/DerivedData/FinancialCalculatorKit-ackorybalcxbfocbkqsfdzcfkgmn/SourcePackages/checkouts/SwiftDraw/SwiftDraw/Utilities/PairedSequence.swift
        /Users/rogerlin/Library/Developer/Xcode/DerivedData/FinancialCalculatorKit-ackorybalcxbfocbkqsfdzcfkgmn/SourcePackages/checkouts/SwiftDraw/SwiftDraw/XML.Formatter.SVG.swift
        /Users/rogerlin/Library/Developer/Xcode/DerivedData/FinancialCalculatorKit-ackorybalcxbfocbkqsfdzcfkgmn/SourcePackages/checkouts/SwiftDraw/SwiftDraw/XML.Formatter.swift
        /Users/rogerlin/Library/Developer/Xcode/DerivedData/FinancialCalculatorKit-ackorybalcxbfocbkqsfdzcfkgmn/Build/Intermediates.noindex/SwiftDraw.build/Debug/SwiftDraw.build/Objects-normal/arm64/SwiftDraw.SwiftFileList
        /Users/rogerlin/Library/Developer/Xcode/DerivedData/FinancialCalculatorKit-ackorybalcxbfocbkqsfdzcfkgmn/Build/Intermediates.noindex/SwiftDraw.build/Debug/SwiftDraw.build/Objects-normal/arm64/SwiftDraw-OutputFileMap.json
        /Users/rogerlin/Library/Developer/Xcode/DerivedData/FinancialCalculatorKit-ackorybalcxbfocbkqsfdzcfkgmn/Build/Intermediates.noindex/SwiftDraw.build/Debug/SwiftDraw.build/Objects-normal/arm64/SwiftDraw_const_extract_protocols.json
        /Users/rogerlin/Library/Developer/Xcode/DerivedData/FinancialCalculatorKit-ackorybalcxbfocbkqsfdzcfkgmn/Build/Intermediates.noindex/GeneratedModuleMaps/SwiftDraw.modulemap
        <ClangStatCache /Users/rogerlin/Library/Developer/Xcode/DerivedData/SDKStatCaches.noindex/macosx26.1-25B74-3ae1261907bdadc328169391a47051a6.sdkstatcache>
        <target-SwiftDraw-PACKAGE-TARGET:SwiftDraw-SDKROOT:macosx:SDK_VARIANT:macos-generated-headers>
        <target-SwiftDraw-PACKAGE-TARGET:SwiftDraw-SDKROOT:macosx:SDK_VARIANT:macos-copy-headers-completion>
        <target-SwiftDraw-PACKAGE-TARGET:SwiftDraw-SDKROOT:macosx:SDK_VARIANT:macos-ModuleVerifierTaskProducer>
        <target-SwiftDraw-PACKAGE-TARGET:SwiftDraw-SDKROOT:macosx:SDK_VARIANT:macos-begin-compiling>
        <WorkspaceHeaderMapVFSFilesWritten>

    Task output dependencies:
        /Users/rogerlin/Library/Developer/Xcode/DerivedData/FinancialCalculatorKit-ackorybalcxbfocbkqsfdzcfkgmn/Build/Intermediates.noindex/SwiftDraw.build/Debug/SwiftDraw.build/Objects-normal/arm64/SwiftDraw Swift Compilation Finished
        /Users/rogerlin/Library/Developer/Xcode/DerivedData/FinancialCalculatorKit-ackorybalcxbfocbkqsfdzcfkgmn/Build/Intermediates.noindex/SwiftDraw.build/Debug/SwiftDraw.build/Objects-normal/arm64/CGImage+Mask.o
        /Users/rogerlin/Library/Developer/Xcode/DerivedData/FinancialCalculatorKit-ackorybalcxbfocbkqsfdzcfkgmn/Build/Intermediates.noindex/SwiftDraw.build/Debug/SwiftDraw.build/Objects-normal/arm64/CGPath+Segment.o
        /Users/rogerlin/Library/Developer/Xcode/DerivedData/FinancialCalculatorKit-ackorybalcxbfocbkqsfdzcfkgmn/Build/Intermediates.noindex/SwiftDraw.build/Debug/SwiftDraw.build/Objects-normal/arm64/CGPattern+Closure.o
        /Users/rogerlin/Library/Developer/Xcode/DerivedData/FinancialCalculatorKit-ackorybalcxbfocbkqsfdzcfkgmn/Build/Intermediates.noindex/SwiftDraw.build/Debug/SwiftDraw.build/Objects-normal/arm64/CGTextRenderer+Code.o
        /Users/rogerlin/Library/Developer/Xcode/DerivedData/FinancialCalculatorKit-ackorybalcxbfocbkqsfdzcfkgmn/Build/Intermediates.noindex/SwiftDraw.build/Debug/SwiftDraw.build/Objects-normal/arm64/CommandLine+Process.o
        /Users/rogerlin/Library/Developer/Xcode/DerivedData/FinancialCalculatorKit-ackorybalcxbfocbkqsfdzcfkgmn/Build/Intermediates.noindex/SwiftDraw.build/Debug/SwiftDraw.build/Objects-normal/arm64/CommandLine.Arguments.o
        /Users/rogerlin/Library/Developer/Xcode/DerivedData/FinancialCalculatorKit-ackorybalcxbfocbkqsfdzcfkgmn/Build/Intermediates.noindex/SwiftDraw.build/Debug/SwiftDraw.build/Objects-normal/arm64/CommandLine.Configuration.o
        /Users/rogerlin/Library/Developer/Xcode/DerivedData/FinancialCalculatorKit-ackorybalcxbfocbkqsfdzcfkgmn/Build/Intermediates.noindex/SwiftDraw.build/Debug/SwiftDraw.build/Objects-normal/arm64/CommandLine.o
        /Users/rogerlin/Library/Developer/Xcode/DerivedData/FinancialCalculatorKit-ackorybalcxbfocbkqsfdzcfkgmn/Build/Intermediates.noindex/SwiftDraw.build/Debug/SwiftDraw.build/Objects-normal/arm64/CoordinateFormatter.o
        /Users/rogerlin/Library/Developer/Xcode/DerivedData/FinancialCalculatorKit-ackorybalcxbfocbkqsfdzcfkgmn/Build/Intermediates.noindex/SwiftDraw.build/Debug/SwiftDraw.build/Objects-normal/arm64/LayerTree.Builder.Layer.o
        /Users/rogerlin/Library/Developer/Xcode/DerivedData/FinancialCalculatorKit-ackorybalcxbfocbkqsfdzcfkgmn/Build/Intermediates.noindex/SwiftDraw.build/Debug/SwiftDraw.build/Objects-normal/arm64/LayerTree.Builder.Path.Arc.o
        /Users/rogerlin/Library/Developer/Xcode/DerivedData/FinancialCalculatorKit-ackorybalcxbfocbkqsfdzcfkgmn/Build/Intermediates.noindex/SwiftDraw.build/Debug/SwiftDraw.build/Objects-normal/arm64/LayerTree.Builder.Path.o
        /Users/rogerlin/Library/Developer/Xcode/DerivedData/FinancialCalculatorKit-ackorybalcxbfocbkqsfdzcfkgmn/Build/Intermediates.noindex/SwiftDraw.build/Debug/SwiftDraw.build/Objects-normal/arm64/LayerTree.Builder.Shape.o
        /Users/rogerlin/Library/Developer/Xcode/DerivedData/FinancialCalculatorKit-ackorybalcxbfocbkqsfdzcfkgmn/Build/Intermediates.noindex/SwiftDraw.build/Debug/SwiftDraw.build/Objects-normal/arm64/LayerTree.Builder.Text.o
        /Users/rogerlin/Library/Developer/Xcode/DerivedData/FinancialCalculatorKit-ackorybalcxbfocbkqsfdzcfkgmn/Build/Intermediates.noindex/SwiftDraw.build/Debug/SwiftDraw.build/Objects-normal/arm64/LayerTree.Builder.o
        /Users/rogerlin/Library/Developer/Xcode/DerivedData/FinancialCalculatorKit-ackorybalcxbfocbkqsfdzcfkgmn/Build/Intermediates.noindex/SwiftDraw.build/Debug/SwiftDraw.build/Objects-normal/arm64/LayerTree.Color.o
        /Users/rogerlin/Library/Developer/Xcode/DerivedData/FinancialCalculatorKit-ackorybalcxbfocbkqsfdzcfkgmn/Build/Intermediates.noindex/SwiftDraw.build/Debug/SwiftDraw.build/Objects-normal/arm64/LayerTree.CommandGenerator.o
        /Users/rogerlin/Library/Developer/Xcode/DerivedData/FinancialCalculatorKit-ackorybalcxbfocbkqsfdzcfkgmn/Build/Intermediates.noindex/SwiftDraw.build/Debug/SwiftDraw.build/Objects-normal/arm64/LayerTree.CommandOptimizer.o
        /Users/rogerlin/Library/Developer/Xcode/DerivedData/FinancialCalculatorKit-ackorybalcxbfocbkqsfdzcfkgmn/Build/Intermediates.noindex/SwiftDraw.build/Debug/SwiftDraw.build/Objects-normal/arm64/LayerTree.Gradient.o
        /Users/rogerlin/Library/Developer/Xcode/DerivedData/FinancialCalculatorKit-ackorybalcxbfocbkqsfdzcfkgmn/Build/Intermediates.noindex/SwiftDraw.build/Debug/SwiftDraw.build/Objects-normal/arm64/LayerTree.Image.o
        /Users/rogerlin/Library/Developer/Xcode/DerivedData/FinancialCalculatorKit-ackorybalcxbfocbkqsfdzcfkgmn/Build/Intermediates.noindex/SwiftDraw.build/Debug/SwiftDraw.build/Objects-normal/arm64/LayerTree.Layer.o
        /Users/rogerlin/Library/Developer/Xcode/DerivedData/FinancialCalculatorKit-ackorybalcxbfocbkqsfdzcfkgmn/Build/Intermediates.noindex/SwiftDraw.build/Debug/SwiftDraw.build/Objects-normal/arm64/LayerTree.Path+Bounds.o
        /Users/rogerlin/Library/Developer/Xcode/DerivedData/FinancialCalculatorKit-ackorybalcxbfocbkqsfdzcfkgmn/Build/Intermediates.noindex/SwiftDraw.build/Debug/SwiftDraw.build/Objects-normal/arm64/LayerTree.Path+Reversed.o
        /Users/rogerlin/Library/Developer/Xcode/DerivedData/FinancialCalculatorKit-ackorybalcxbfocbkqsfdzcfkgmn/Build/Intermediates.noindex/SwiftDraw.build/Debug/SwiftDraw.build/Objects-normal/arm64/LayerTree.Path+Subpath.o
        /Users/rogerlin/Library/Developer/Xcode/DerivedData/FinancialCalculatorKit-ackorybalcxbfocbkqsfdzcfkgmn/Build/Intermediates.noindex/SwiftDraw.build/Debug/SwiftDraw.build/Objects-normal/arm64/LayerTree.Path.o
        /Users/rogerlin/Library/Developer/Xcode/DerivedData/FinancialCalculatorKit-ackorybalcxbfocbkqsfdzcfkgmn/Build/Intermediates.noindex/SwiftDraw.build/Debug/SwiftDraw.build/Objects-normal/arm64/LayerTree.Pattern.o
        /Users/rogerlin/Library/Developer/Xcode/DerivedData/FinancialCalculatorKit-ackorybalcxbfocbkqsfdzcfkgmn/Build/Intermediates.noindex/SwiftDraw.build/Debug/SwiftDraw.build/Objects-normal/arm64/LayerTree.Shape.o
        /Users/rogerlin/Library/Developer/Xcode/DerivedData/FinancialCalculatorKit-ackorybalcxbfocbkqsfdzcfkgmn/Build/Intermediates.noindex/SwiftDraw.build/Debug/SwiftDraw.build/Objects-normal/arm64/LayerTree.Transform.o
        /Users/rogerlin/Library/Developer/Xcode/DerivedData/FinancialCalculatorKit-ackorybalcxbfocbkqsfdzcfkgmn/Build/Intermediates.noindex/SwiftDraw.build/Debug/SwiftDraw.build/Objects-normal/arm64/LayerTree.o
        /Users/rogerlin/Library/Developer/Xcode/DerivedData/FinancialCalculatorKit-ackorybalcxbfocbkqsfdzcfkgmn/Build/Intermediates.noindex/SwiftDraw.build/Debug/SwiftDraw.build/Objects-normal/arm64/NSImage+SVG.o
        /Users/rogerlin/Library/Developer/Xcode/DerivedData/FinancialCalculatorKit-ackorybalcxbfocbkqsfdzcfkgmn/Build/Intermediates.noindex/SwiftDraw.build/Debug/SwiftDraw.build/Objects-normal/arm64/Renderer.CGText+Path.o
        /Users/rogerlin/Library/Developer/Xcode/DerivedData/FinancialCalculatorKit-ackorybalcxbfocbkqsfdzcfkgmn/Build/Intermediates.noindex/SwiftDraw.build/Debug/SwiftDraw.build/Objects-normal/arm64/Renderer.CGText.o
        /Users/rogerlin/Library/Developer/Xcode/DerivedData/FinancialCalculatorKit-ackorybalcxbfocbkqsfdzcfkgmn/Build/Intermediates.noindex/SwiftDraw.build/Debug/SwiftDraw.build/Objects-normal/arm64/Renderer.CoreGraphics.o
        /Users/rogerlin/Library/Developer/Xcode/DerivedData/FinancialCalculatorKit-ackorybalcxbfocbkqsfdzcfkgmn/Build/Intermediates.noindex/SwiftDraw.build/Debug/SwiftDraw.build/Objects-normal/arm64/Renderer.LayerTree.o
        /Users/rogerlin/Library/Developer/Xcode/DerivedData/FinancialCalculatorKit-ackorybalcxbfocbkqsfdzcfkgmn/Build/Intermediates.noindex/SwiftDraw.build/Debug/SwiftDraw.build/Objects-normal/arm64/Renderer.SFSymbol+CGPath.o
        /Users/rogerlin/Library/Developer/Xcode/DerivedData/FinancialCalculatorKit-ackorybalcxbfocbkqsfdzcfkgmn/Build/Intermediates.noindex/SwiftDraw.build/Debug/SwiftDraw.build/Objects-normal/arm64/Renderer.SFSymbol.o
        /Users/rogerlin/Library/Developer/Xcode/DerivedData/FinancialCalculatorKit-ackorybalcxbfocbkqsfdzcfkgmn/Build/Intermediates.noindex/SwiftDraw.build/Debug/SwiftDraw.build/Objects-normal/arm64/Renderer.SVG.o
        /Users/rogerlin/Library/Developer/Xcode/DerivedData/FinancialCalculatorKit-ackorybalcxbfocbkqsfdzcfkgmn/Build/Intermediates.noindex/SwiftDraw.build/Debug/SwiftDraw.build/Objects-normal/arm64/Renderer.o
        /Users/rogerlin/Library/Developer/Xcode/DerivedData/FinancialCalculatorKit-ackorybalcxbfocbkqsfdzcfkgmn/Build/Intermediates.noindex/SwiftDraw.build/Debug/SwiftDraw.build/Objects-normal/arm64/SVG+CoreGraphics.o
        /Users/rogerlin/Library/Developer/Xcode/DerivedData/FinancialCalculatorKit-ackorybalcxbfocbkqsfdzcfkgmn/Build/Intermediates.noindex/SwiftDraw.build/Debug/SwiftDraw.build/Objects-normal/arm64/SVG+Deprecated.o
        /Users/rogerlin/Library/Developer/Xcode/DerivedData/FinancialCalculatorKit-ackorybalcxbfocbkqsfdzcfkgmn/Build/Intermediates.noindex/SwiftDraw.build/Debug/SwiftDraw.build/Objects-normal/arm64/SVG+Hashable.o
        /Users/rogerlin/Library/Developer/Xcode/DerivedData/FinancialCalculatorKit-ackorybalcxbfocbkqsfdzcfkgmn/Build/Intermediates.noindex/SwiftDraw.build/Debug/SwiftDraw.build/Objects-normal/arm64/SVG+Insets.o
        /Users/rogerlin/Library/Developer/Xcode/DerivedData/FinancialCalculatorKit-ackorybalcxbfocbkqsfdzcfkgmn/Build/Intermediates.noindex/SwiftDraw.build/Debug/SwiftDraw.build/Objects-normal/arm64/SVG.o
        /Users/rogerlin/Library/Developer/Xcode/DerivedData/FinancialCalculatorKit-ackorybalcxbfocbkqsfdzcfkgmn/Build/Intermediates.noindex/SwiftDraw.build/Debug/SwiftDraw.build/Objects-normal/arm64/SVGView.o
        /Users/rogerlin/Library/Developer/Xcode/DerivedData/FinancialCalculatorKit-ackorybalcxbfocbkqsfdzcfkgmn/Build/Intermediates.noindex/SwiftDraw.build/Debug/SwiftDraw.build/Objects-normal/arm64/Stack.o
        /Users/rogerlin/Library/Developer/Xcode/DerivedData/FinancialCalculatorKit-ackorybalcxbfocbkqsfdzcfkgmn/Build/Intermediates.noindex/SwiftDraw.build/Debug/SwiftDraw.build/Objects-normal/arm64/UIImage+SVG.o
        /Users/rogerlin/Library/Developer/Xcode/DerivedData/FinancialCalculatorKit-ackorybalcxbfocbkqsfdzcfkgmn/Build/Intermediates.noindex/SwiftDraw.build/Debug/SwiftDraw.build/Objects-normal/arm64/PairedSequence.o
        /Users/rogerlin/Library/Developer/Xcode/DerivedData/FinancialCalculatorKit-ackorybalcxbfocbkqsfdzcfkgmn/Build/Intermediates.noindex/SwiftDraw.build/Debug/SwiftDraw.build/Objects-normal/arm64/XML.Formatter.SVG.o
        /Users/rogerlin/Library/Developer/Xcode/DerivedData/FinancialCalculatorKit-ackorybalcxbfocbkqsfdzcfkgmn/Build/Intermediates.noindex/SwiftDraw.build/Debug/SwiftDraw.build/Objects-normal/arm64/XML.Formatter.o
        /Users/rogerlin/Library/Developer/Xcode/DerivedData/FinancialCalculatorKit-ackorybalcxbfocbkqsfdzcfkgmn/Build/Intermediates.noindex/SwiftDraw.build/Debug/SwiftDraw.build/Objects-normal/arm64/CGImage+Mask.swiftconstvalues
        /Users/rogerlin/Library/Developer/Xcode/DerivedData/FinancialCalculatorKit-ackorybalcxbfocbkqsfdzcfkgmn/Build/Intermediates.noindex/SwiftDraw.build/Debug/SwiftDraw.build/Objects-normal/arm64/CGPath+Segment.swiftconstvalues
        /Users/rogerlin/Library/Developer/Xcode/DerivedData/FinancialCalculatorKit-ackorybalcxbfocbkqsfdzcfkgmn/Build/Intermediates.noindex/SwiftDraw.build/Debug/SwiftDraw.build/Objects-normal/arm64/CGPattern+Closure.swiftconstvalues
        /Users/rogerlin/Library/Developer/Xcode/DerivedData/FinancialCalculatorKit-ackorybalcxbfocbkqsfdzcfkgmn/Build/Intermediates.noindex/SwiftDraw.build/Debug/SwiftDraw.build/Objects-normal/arm64/CGTextRenderer+Code.swiftconstvalues
        /Users/rogerlin/Library/Developer/Xcode/DerivedData/FinancialCalculatorKit-ackorybalcxbfocbkqsfdzcfkgmn/Build/Intermediates.noindex/SwiftDraw.build/Debug/SwiftDraw.build/Objects-normal/arm64/CommandLine+Process.swiftconstvalues
        /Users/rogerlin/Library/Developer/Xcode/DerivedData/FinancialCalculatorKit-ackorybalcxbfocbkqsfdzcfkgmn/Build/Intermediates.noindex/SwiftDraw.build/Debug/SwiftDraw.build/Objects-normal/arm64/CommandLine.Arguments.swiftconstvalues
        /Users/rogerlin/Library/Developer/Xcode/DerivedData/FinancialCalculatorKit-ackorybalcxbfocbkqsfdzcfkgmn/Build/Intermediates.noindex/SwiftDraw.build/Debug/SwiftDraw.build/Objects-normal/arm64/CommandLine.Configuration.swiftconstvalues
        /Users/rogerlin/Library/Developer/Xcode/DerivedData/FinancialCalculatorKit-ackorybalcxbfocbkqsfdzcfkgmn/Build/Intermediates.noindex/SwiftDraw.build/Debug/SwiftDraw.build/Objects-normal/arm64/CommandLine.swiftconstvalues
        /Users/rogerlin/Library/Developer/Xcode/DerivedData/FinancialCalculatorKit-ackorybalcxbfocbkqsfdzcfkgmn/Build/Intermediates.noindex/SwiftDraw.build/Debug/SwiftDraw.build/Objects-normal/arm64/CoordinateFormatter.swiftconstvalues
        /Users/rogerlin/Library/Developer/Xcode/DerivedData/FinancialCalculatorKit-ackorybalcxbfocbkqsfdzcfkgmn/Build/Intermediates.noindex/SwiftDraw.build/Debug/SwiftDraw.build/Objects-normal/arm64/LayerTree.Builder.Layer.swiftconstvalues
        /Users/rogerlin/Library/Developer/Xcode/DerivedData/FinancialCalculatorKit-ackorybalcxbfocbkqsfdzcfkgmn/Build/Intermediates.noindex/SwiftDraw.build/Debug/SwiftDraw.build/Objects-normal/arm64/LayerTree.Builder.Path.Arc.swiftconstvalues
        /Users/rogerlin/Library/Developer/Xcode/DerivedData/FinancialCalculatorKit-ackorybalcxbfocbkqsfdzcfkgmn/Build/Intermediates.noindex/SwiftDraw.build/Debug/SwiftDraw.build/Objects-normal/arm64/LayerTree.Builder.Path.swiftconstvalues
        /Users/rogerlin/Library/Developer/Xcode/DerivedData/FinancialCalculatorKit-ackorybalcxbfocbkqsfdzcfkgmn/Build/Intermediates.noindex/SwiftDraw.build/Debug/SwiftDraw.build/Objects-normal/arm64/LayerTree.Builder.Shape.swiftconstvalues
        /Users/rogerlin/Library/Developer/Xcode/DerivedData/FinancialCalculatorKit-ackorybalcxbfocbkqsfdzcfkgmn/Build/Intermediates.noindex/SwiftDraw.build/Debug/SwiftDraw.build/Objects-normal/arm64/LayerTree.Builder.Text.swiftconstvalues
        /Users/rogerlin/Library/Developer/Xcode/DerivedData/FinancialCalculatorKit-ackorybalcxbfocbkqsfdzcfkgmn/Build/Intermediates.noindex/SwiftDraw.build/Debug/SwiftDraw.build/Objects-normal/arm64/LayerTree.Builder.swiftconstvalues
        /Users/rogerlin/Library/Developer/Xcode/DerivedData/FinancialCalculatorKit-ackorybalcxbfocbkqsfdzcfkgmn/Build/Intermediates.noindex/SwiftDraw.build/Debug/SwiftDraw.build/Objects-normal/arm64/LayerTree.Color.swiftconstvalues
        /Users/rogerlin/Library/Developer/Xcode/DerivedData/FinancialCalculatorKit-ackorybalcxbfocbkqsfdzcfkgmn/Build/Intermediates.noindex/SwiftDraw.build/Debug/SwiftDraw.build/Objects-normal/arm64/LayerTree.CommandGenerator.swiftconstvalues
        /Users/rogerlin/Library/Developer/Xcode/DerivedData/FinancialCalculatorKit-ackorybalcxbfocbkqsfdzcfkgmn/Build/Intermediates.noindex/SwiftDraw.build/Debug/SwiftDraw.build/Objects-normal/arm64/LayerTree.CommandOptimizer.swiftconstvalues
        /Users/rogerlin/Library/Developer/Xcode/DerivedData/FinancialCalculatorKit-ackorybalcxbfocbkqsfdzcfkgmn/Build/Intermediates.noindex/SwiftDraw.build/Debug/SwiftDraw.build/Objects-normal/arm64/LayerTree.Gradient.swiftconstvalues
        /Users/rogerlin/Library/Developer/Xcode/DerivedData/FinancialCalculatorKit-ackorybalcxbfocbkqsfdzcfkgmn/Build/Intermediates.noindex/SwiftDraw.build/Debug/SwiftDraw.build/Objects-normal/arm64/LayerTree.Image.swiftconstvalues
        /Users/rogerlin/Library/Developer/Xcode/DerivedData/FinancialCalculatorKit-ackorybalcxbfocbkqsfdzcfkgmn/Build/Intermediates.noindex/SwiftDraw.build/Debug/SwiftDraw.build/Objects-normal/arm64/LayerTree.Layer.swiftconstvalues
        /Users/rogerlin/Library/Developer/Xcode/DerivedData/FinancialCalculatorKit-ackorybalcxbfocbkqsfdzcfkgmn/Build/Intermediates.noindex/SwiftDraw.build/Debug/SwiftDraw.build/Objects-normal/arm64/LayerTree.Path+Bounds.swiftconstvalues
        /Users/rogerlin/Library/Developer/Xcode/DerivedData/FinancialCalculatorKit-ackorybalcxbfocbkqsfdzcfkgmn/Build/Intermediates.noindex/SwiftDraw.build/Debug/SwiftDraw.build/Objects-normal/arm64/LayerTree.Path+Reversed.swiftconstvalues
        /Users/rogerlin/Library/Developer/Xcode/DerivedData/FinancialCalculatorKit-ackorybalcxbfocbkqsfdzcfkgmn/Build/Intermediates.noindex/SwiftDraw.build/Debug/SwiftDraw.build/Objects-normal/arm64/LayerTree.Path+Subpath.swiftconstvalues
        /Users/rogerlin/Library/Developer/Xcode/DerivedData/FinancialCalculatorKit-ackorybalcxbfocbkqsfdzcfkgmn/Build/Intermediates.noindex/SwiftDraw.build/Debug/SwiftDraw.build/Objects-normal/arm64/LayerTree.Path.swiftconstvalues
        /Users/rogerlin/Library/Developer/Xcode/DerivedData/FinancialCalculatorKit-ackorybalcxbfocbkqsfdzcfkgmn/Build/Intermediates.noindex/SwiftDraw.build/Debug/SwiftDraw.build/Objects-normal/arm64/LayerTree.Pattern.swiftconstvalues
        /Users/rogerlin/Library/Developer/Xcode/DerivedData/FinancialCalculatorKit-ackorybalcxbfocbkqsfdzcfkgmn/Build/Intermediates.noindex/SwiftDraw.build/Debug/SwiftDraw.build/Objects-normal/arm64/LayerTree.Shape.swiftconstvalues
        /Users/rogerlin/Library/Developer/Xcode/DerivedData/FinancialCalculatorKit-ackorybalcxbfocbkqsfdzcfkgmn/Build/Intermediates.noindex/SwiftDraw.build/Debug/SwiftDraw.build/Objects-normal/arm64/LayerTree.Transform.swiftconstvalues
        /Users/rogerlin/Library/Developer/Xcode/DerivedData/FinancialCalculatorKit-ackorybalcxbfocbkqsfdzcfkgmn/Build/Intermediates.noindex/SwiftDraw.build/Debug/SwiftDraw.build/Objects-normal/arm64/LayerTree.swiftconstvalues
        /Users/rogerlin/Library/Developer/Xcode/DerivedData/FinancialCalculatorKit-ackorybalcxbfocbkqsfdzcfkgmn/Build/Intermediates.noindex/SwiftDraw.build/Debug/SwiftDraw.build/Objects-normal/arm64/NSImage+SVG.swiftconstvalues
        /Users/rogerlin/Library/Developer/Xcode/DerivedData/FinancialCalculatorKit-ackorybalcxbfocbkqsfdzcfkgmn/Build/Intermediates.noindex/SwiftDraw.build/Debug/SwiftDraw.build/Objects-normal/arm64/Renderer.CGText+Path.swiftconstvalues
        /Users/rogerlin/Library/Developer/Xcode/DerivedData/FinancialCalculatorKit-ackorybalcxbfocbkqsfdzcfkgmn/Build/Intermediates.noindex/SwiftDraw.build/Debug/SwiftDraw.build/Objects-normal/arm64/Renderer.CGText.swiftconstvalues
        /Users/rogerlin/Library/Developer/Xcode/DerivedData/FinancialCalculatorKit-ackorybalcxbfocbkqsfdzcfkgmn/Build/Intermediates.noindex/SwiftDraw.build/Debug/SwiftDraw.build/Objects-normal/arm64/Renderer.CoreGraphics.swiftconstvalues
        /Users/rogerlin/Library/Developer/Xcode/DerivedData/FinancialCalculatorKit-ackorybalcxbfocbkqsfdzcfkgmn/Build/Intermediates.noindex/SwiftDraw.build/Debug/SwiftDraw.build/Objects-normal/arm64/Renderer.LayerTree.swiftconstvalues
        /Users/rogerlin/Library/Developer/Xcode/DerivedData/FinancialCalculatorKit-ackorybalcxbfocbkqsfdzcfkgmn/Build/Intermediates.noindex/SwiftDraw.build/Debug/SwiftDraw.build/Objects-normal/arm64/Renderer.SFSymbol+CGPath.swiftconstvalues
        /Users/rogerlin/Library/Developer/Xcode/DerivedData/FinancialCalculatorKit-ackorybalcxbfocbkqsfdzcfkgmn/Build/Intermediates.noindex/SwiftDraw.build/Debug/SwiftDraw.build/Objects-normal/arm64/Renderer.SFSymbol.swiftconstvalues
        /Users/rogerlin/Library/Developer/Xcode/DerivedData/FinancialCalculatorKit-ackorybalcxbfocbkqsfdzcfkgmn/Build/Intermediates.noindex/SwiftDraw.build/Debug/SwiftDraw.build/Objects-normal/arm64/Renderer.SVG.swiftconstvalues
        /Users/rogerlin/Library/Developer/Xcode/DerivedData/FinancialCalculatorKit-ackorybalcxbfocbkqsfdzcfkgmn/Build/Intermediates.noindex/SwiftDraw.build/Debug/SwiftDraw.build/Objects-normal/arm64/Renderer.swiftconstvalues
        /Users/rogerlin/Library/Developer/Xcode/DerivedData/FinancialCalculatorKit-ackorybalcxbfocbkqsfdzcfkgmn/Build/Intermediates.noindex/SwiftDraw.build/Debug/SwiftDraw.build/Objects-normal/arm64/SVG+CoreGraphics.swiftconstvalues
        /Users/rogerlin/Library/Developer/Xcode/DerivedData/FinancialCalculatorKit-ackorybalcxbfocbkqsfdzcfkgmn/Build/Intermediates.noindex/SwiftDraw.build/Debug/SwiftDraw.build/Objects-normal/arm64/SVG+Deprecated.swiftconstvalues
        /Users/rogerlin/Library/Developer/Xcode/DerivedData/FinancialCalculatorKit-ackorybalcxbfocbkqsfdzcfkgmn/Build/Intermediates.noindex/SwiftDraw.build/Debug/SwiftDraw.build/Objects-normal/arm64/SVG+Hashable.swiftconstvalues
        /Users/rogerlin/Library/Developer/Xcode/DerivedData/FinancialCalculatorKit-ackorybalcxbfocbkqsfdzcfkgmn/Build/Intermediates.noindex/SwiftDraw.build/Debug/SwiftDraw.build/Objects-normal/arm64/SVG+Insets.swiftconstvalues
        /Users/rogerlin/Library/Developer/Xcode/DerivedData/FinancialCalculatorKit-ackorybalcxbfocbkqsfdzcfkgmn/Build/Intermediates.noindex/SwiftDraw.build/Debug/SwiftDraw.build/Objects-normal/arm64/SVG.swiftconstvalues
        /Users/rogerlin/Library/Developer/Xcode/DerivedData/FinancialCalculatorKit-ackorybalcxbfocbkqsfdzcfkgmn/Build/Intermediates.noindex/SwiftDraw.build/Debug/SwiftDraw.build/Objects-normal/arm64/SVGView.swiftconstvalues
        /Users/rogerlin/Library/Developer/Xcode/DerivedData/FinancialCalculatorKit-ackorybalcxbfocbkqsfdzcfkgmn/Build/Intermediates.noindex/SwiftDraw.build/Debug/SwiftDraw.build/Objects-normal/arm64/Stack.swiftconstvalues
        /Users/rogerlin/Library/Developer/Xcode/DerivedData/FinancialCalculatorKit-ackorybalcxbfocbkqsfdzcfkgmn/Build/Intermediates.noindex/SwiftDraw.build/Debug/SwiftDraw.build/Objects-normal/arm64/UIImage+SVG.swiftconstvalues
        /Users/rogerlin/Library/Developer/Xcode/DerivedData/FinancialCalculatorKit-ackorybalcxbfocbkqsfdzcfkgmn/Build/Intermediates.noindex/SwiftDraw.build/Debug/SwiftDraw.build/Objects-normal/arm64/PairedSequence.swiftconstvalues
        /Users/rogerlin/Library/Developer/Xcode/DerivedData/FinancialCalculatorKit-ackorybalcxbfocbkqsfdzcfkgmn/Build/Intermediates.noindex/SwiftDraw.build/Debug/SwiftDraw.build/Objects-normal/arm64/XML.Formatter.SVG.swiftconstvalues
        /Users/rogerlin/Library/Developer/Xcode/DerivedData/FinancialCalculatorKit-ackorybalcxbfocbkqsfdzcfkgmn/Build/Intermediates.noindex/SwiftDraw.build/Debug/SwiftDraw.build/Objects-normal/arm64/XML.Formatter.swiftconstvalues
Discovered dependency nodes:
/Applications/Xcode.app/Contents/Developer/Toolchains/XcodeDefault.xctoolchain/usr/lib/swift/macosx/prebuilt-modules/26.1/Accessibility.swiftmodule/arm64e-apple-macos.swiftmodule
/Applications/Xcode.app/Contents/Developer/Platforms/MacOSX.platform/Developer/SDKs/MacOSX26.1.sdk/System/Library/Frameworks/Accessibility.framework/Modules/module.modulemap
/Applications/Xcode.app/Contents/Developer/Platforms/MacOSX.platform/Developer/SDKs/MacOSX26.1.sdk/System/Library/Frameworks/Accessibility.framework/Headers/Accessibility.h
/Applications/Xcode.app/Contents/Developer/Platforms/MacOSX.platform/Developer/SDKs/MacOSX26.1.sdk/System/Library/Frameworks/Accessibility.framework/Headers/AXFoundation.h
/Applications/Xcode.app/Contents/Developer/Platforms/MacOSX.platform/Developer/SDKs/MacOSX26.1.sdk/System/Library/Frameworks/CoreGraphics.framework/Modules/module.modulemap
/Applications/Xcode.app/Contents/Developer/Platforms/MacOSX.platform/Developer/SDKs/MacOSX26.1.sdk/System/Library/Frameworks/Foundation.framework/Modules/module.modulemap
/Applications/Xcode.app/Contents/Developer/Platforms/MacOSX.platform/Developer/SDKs/MacOSX26.1.sdk/System/Library/Frameworks/Accessibility.framework/Headers/AXAudiograph.h
/Applications/Xcode.app/Contents/Developer/Platforms/MacOSX.platform/Developer/SDKs/MacOSX26.1.sdk/System/Library/Frameworks/Accessibility.framework/Headers/AXBrailleMap.h
/Applications/Xcode.app/Contents/Developer/Platforms/MacOSX.platform/Developer/SDKs/MacOSX26.1.sdk/System/Library/Frameworks/Accessibility.framework/Headers/AXColorUtilities.h
/Applications/Xcode.app/Contents/Developer/Platforms/MacOSX.platform/Developer/SDKs/MacOSX26.1.sdk/System/Library/Frameworks/Accessibility.framework/Headers/AXCustomContent.h
/Applications/Xcode.app/Contents/Developer/Platforms/MacOSX.platform/Developer/SDKs/MacOSX26.1.sdk/System/Library/Frameworks/Accessibility.framework/Headers/AXHearingUtilities.h
/Applications/Xcode.app/Contents/Developer/Platforms/MacOSX.platform/Developer/SDKs/MacOSX26.1.sdk/System/Library/Frameworks/Accessibility.framework/Headers/AXRequest.h
/Applications/Xcode.app/Contents/Developer/Platforms/MacOSX.platform/Developer/SDKs/MacOSX26.1.sdk/System/Library/Frameworks/Accessibility.framework/Headers/AXTechnology.h
/Applications/Xcode.app/Contents/Developer/Platforms/MacOSX.platform/Developer/SDKs/MacOSX26.1.sdk/System/Library/Frameworks/Accessibility.framework/Headers/AXSettings.h
/Applications/Xcode.app/Contents/Developer/Platforms/MacOSX.platform/Developer/SDKs/MacOSX26.1.sdk/System/Library/Frameworks/Accessibility.framework/Headers/AXMathExpression.h
/Applications/Xcode.app/Contents/Developer/Platforms/MacOSX.platform/Developer/SDKs/MacOSX26.1.sdk/System/Library/Frameworks/Accessibility.framework/Headers/AXFeatureOverrideSessionManager.h
/Applications/Xcode.app/Contents/Developer/Platforms/MacOSX.platform/Developer/SDKs/MacOSX26.1.sdk/usr/include/DarwinFoundation1.modulemap
/Applications/Xcode.app/Contents/Developer/Platforms/MacOSX.platform/Developer/SDKs/MacOSX26.1.sdk/System/Library/Frameworks/Accessibility.framework/Headers/AXBrailleTranslator.h
/Applications/Xcode.app/Contents/Developer/Platforms/MacOSX.platform/Developer/SDKs/MacOSX26.1.sdk/SDKSettings.json
/Applications/Xcode.app/Contents/Developer/Toolchains/XcodeDefault.xctoolchain/usr/lib/swift/macosx/prebuilt-modules/26.1/AppKit.swiftmodule/arm64e-apple-macos.swiftmodule
/Applications/Xcode.app/Contents/Developer/Platforms/MacOSX.platform/Developer/SDKs/MacOSX26.1.sdk/System/Library/Frameworks/AppKit.framework/Headers/AppKit.apinotes
/Applications/Xcode.app/Contents/Developer/Platforms/MacOSX.platform/Developer/SDKs/MacOSX26.1.sdk/System/Library/Frameworks/AppKit.framework/Modules/module.modulemap
/Applications/Xcode.app/Contents/Developer/Platforms/MacOSX.platform/Developer/SDKs/MacOSX26.1.sdk/System/Library/Frameworks/AppKit.framework/Headers/AppKit.h
/Applications/Xcode.app/Contents/Developer/Platforms/MacOSX.platform/Developer/SDKs/MacOSX26.1.sdk/System/Library/Frameworks/Foundation.framework/Modules/module.modulemap
/Applications/Xcode.app/Contents/Developer/Platforms/MacOSX.platform/Developer/SDKs/MacOSX26.1.sdk/System/Library/Frameworks/AppKit.framework/Headers/AppKitDefines.h
/Applications/Xcode.app/Contents/Developer/Platforms/MacOSX.platform/Developer/SDKs/MacOSX26.1.sdk/usr/include/Darwin.modulemap
/Applications/Xcode.app/Contents/Developer/Platforms/MacOSX.platform/Developer/SDKs/MacOSX26.1.sdk/usr/include/DarwinFoundation1.modulemap
/Applications/Xcode.app/Contents/Developer/Platforms/MacOSX.platform/Developer/SDKs/MacOSX26.1.sdk/System/Library/Frameworks/AppKit.framework/Headers/AppKitErrors.h
/Applications/Xcode.app/Contents/Developer/Platforms/MacOSX.platform/Developer/SDKs/MacOSX26.1.sdk/System/Library/Frameworks/AppKit.framework/Headers/NSGraphicsContext.h
/Applications/Xcode.app/Contents/Developer/Platforms/MacOSX.platform/Developer/SDKs/MacOSX26.1.sdk/System/Library/Frameworks/AppKit.framework/Headers/NSGraphics.h
/Applications/Xcode.app/Contents/Developer/Platforms/MacOSX.platform/Developer/SDKs/MacOSX26.1.sdk/System/Library/Frameworks/CoreGraphics.framework/Modules/module.modulemap
/Applications/Xcode.app/Contents/Developer/Platforms/MacOSX.platform/Developer/SDKs/MacOSX26.1.sdk/System/Library/Frameworks/AppKit.framework/Headers/NSAccessibility.h
/Applications/Xcode.app/Contents/Developer/Platforms/MacOSX.platform/Developer/SDKs/MacOSX26.1.sdk/System/Library/Frameworks/AppKit.framework/Headers/NSErrors.h
/Applications/Xcode.app/Contents/Developer/Platforms/MacOSX.platform/Developer/SDKs/MacOSX26.1.sdk/System/Library/Frameworks/AppKit.framework/Headers/NSAccessibilityConstants.h
/Applications/Xcode.app/Contents/Developer/Platforms/MacOSX.platform/Developer/SDKs/MacOSX26.1.sdk/System/Library/Frameworks/AppKit.framework/Headers/NSAccessibilityProtocols.h
/Applications/Xcode.app/Contents/Developer/Platforms/MacOSX.platform/Developer/SDKs/MacOSX26.1.sdk/System/Library/Frameworks/AppKit.framework/Headers/NSAccessibilityCustomAction.h
/Applications/Xcode.app/Contents/Developer/Platforms/MacOSX.platform/Developer/SDKs/MacOSX26.1.sdk/System/Library/Frameworks/AppKit.framework/Headers/NSAccessibilityElement.h
/Applications/Xcode.app/Contents/Developer/Platforms/MacOSX.platform/Developer/SDKs/MacOSX26.1.sdk/System/Library/Frameworks/AppKit.framework/Headers/NSAccessibilityCustomRotor.h
/Applications/Xcode.app/Contents/Developer/Platforms/MacOSX.platform/Developer/SDKs/MacOSX26.1.sdk/System/Library/Frameworks/AppKit.framework/Headers/NSWorkspace.h
/Applications/Xcode.app/Contents/Developer/Platforms/MacOSX.platform/Developer/SDKs/MacOSX26.1.sdk/System/Library/Frameworks/AppKit.framework/Headers/NSAccessibilityColor.h
/Applications/Xcode.app/Contents/Developer/Platforms/MacOSX.platform/Developer/SDKs/MacOSX26.1.sdk/System/Library/Frameworks/AppKit.framework/Headers/NSColor.h
/Applications/Xcode.app/Contents/Developer/Platforms/MacOSX.platform/Developer/SDKs/MacOSX26.1.sdk/System/Library/Frameworks/AppKit.framework/Headers/NSApplication.h
/Applications/Xcode.app/Contents/Developer/Platforms/MacOSX.platform/Developer/SDKs/MacOSX26.1.sdk/System/Library/Frameworks/AppKit.framework/Headers/NSResponder.h
/Applications/Xcode.app/Contents/Developer/Platforms/MacOSX.platform/Developer/SDKs/MacOSX26.1.sdk/System/Library/Frameworks/AppKit.framework/Headers/NSEvent.h
/Applications/Xcode.app/Contents/Developer/Platforms/MacOSX.platform/Developer/SDKs/MacOSX26.1.sdk/System/Library/Frameworks/AppKit.framework/Headers/NSTouch.h
/Applications/Xcode.app/Contents/Developer/Platforms/MacOSX.platform/Developer/SDKs/MacOSX26.1.sdk/System/Library/Frameworks/ApplicationServices.framework/Modules/module.modulemap
/Applications/Xcode.app/Contents/Developer/Platforms/MacOSX.platform/Developer/SDKs/MacOSX26.1.sdk/System/Library/Frameworks/IOKit.framework/Modules/module.modulemap
/Applications/Xcode.app/Contents/Developer/Toolchains/XcodeDefault.xctoolchain/usr/lib/swift/clang/include/module.modulemap
/Applications/Xcode.app/Contents/Developer/Platforms/MacOSX.platform/Developer/SDKs/MacOSX26.1.sdk/System/Library/Frameworks/AppKit.framework/Headers/NSPasteboard.h
/Applications/Xcode.app/Contents/Developer/Platforms/MacOSX.platform/Developer/SDKs/MacOSX26.1.sdk/System/Library/Frameworks/CoreFoundation.framework/Modules/module.modulemap
/Applications/Xcode.app/Contents/Developer/Platforms/MacOSX.platform/Developer/SDKs/MacOSX26.1.sdk/System/Library/Frameworks/AppKit.framework/Headers/NSUserInterfaceValidation.h
/Applications/Xcode.app/Contents/Developer/Platforms/MacOSX.platform/Developer/SDKs/MacOSX26.1.sdk/System/Library/Frameworks/AppKit.framework/Headers/NSRunningApplication.h
/Applications/Xcode.app/Contents/Developer/Platforms/MacOSX.platform/Developer/SDKs/MacOSX26.1.sdk/System/Library/Frameworks/AppKit.framework/Headers/NSUserActivity.h
/Applications/Xcode.app/Contents/Developer/Platforms/MacOSX.platform/Developer/SDKs/MacOSX26.1.sdk/System/Library/Frameworks/AppKit.framework/Headers/NSDocument.h
/Applications/Xcode.app/Contents/Developer/Platforms/MacOSX.platform/Developer/SDKs/MacOSX26.1.sdk/System/Library/Frameworks/AppKit.framework/Headers/NSNib.h
/Applications/Xcode.app/Contents/Developer/Platforms/MacOSX.platform/Developer/SDKs/MacOSX26.1.sdk/System/Library/Frameworks/AppKit.framework/Headers/NSNibDeclarations.h
/Applications/Xcode.app/Contents/Developer/Platforms/MacOSX.platform/Developer/SDKs/MacOSX26.1.sdk/System/Library/Frameworks/AppKit.framework/Headers/NSMenu.h
/Applications/Xcode.app/Contents/Developer/Platforms/MacOSX.platform/Developer/SDKs/MacOSX26.1.sdk/System/Library/Frameworks/AppKit.framework/Headers/NSMenuItem.h
/Applications/Xcode.app/Contents/Developer/Platforms/MacOSX.platform/Developer/SDKs/MacOSX26.1.sdk/System/Library/Frameworks/AppKit.framework/Headers/NSUserInterfaceItemIdentification.h
/Applications/Xcode.app/Contents/Developer/Platforms/MacOSX.platform/Developer/SDKs/MacOSX26.1.sdk/System/Library/Frameworks/AppKit.framework/Headers/NSView.h
/Applications/Xcode.app/Contents/Developer/Platforms/MacOSX.platform/Developer/SDKs/MacOSX26.1.sdk/System/Library/Frameworks/AppKit.framework/Headers/NSAnimation.h
/Applications/Xcode.app/Contents/Developer/Platforms/MacOSX.platform/Developer/SDKs/MacOSX26.1.sdk/System/Library/Frameworks/AppKit.framework/Headers/NSAppearance.h
/Applications/Xcode.app/Contents/Developer/Platforms/MacOSX.platform/Developer/SDKs/MacOSX26.1.sdk/System/Library/Frameworks/AppKit.framework/Headers/NSDragging.h
/Applications/Xcode.app/Contents/Developer/Platforms/MacOSX.platform/Developer/SDKs/MacOSX26.1.sdk/System/Library/Frameworks/AppKit.framework/Headers/NSUserInterfaceLayout.h
/Applications/Xcode.app/Contents/Developer/Platforms/MacOSX.platform/Developer/SDKs/MacOSX26.1.sdk/System/Library/Frameworks/AppKit.framework/Headers/NSCell.h
/Applications/Xcode.app/Contents/Developer/Platforms/MacOSX.platform/Developer/SDKs/MacOSX26.1.sdk/System/Library/Frameworks/AppKit.framework/Headers/NSText.h
/Applications/Xcode.app/Contents/Developer/Platforms/MacOSX.platform/Developer/SDKs/MacOSX26.1.sdk/System/Library/Frameworks/AppKit.framework/Headers/NSSpellProtocol.h
/Applications/Xcode.app/Contents/Developer/Platforms/MacOSX.platform/Developer/SDKs/MacOSX26.1.sdk/System/Library/Frameworks/AppKit.framework/Headers/NSParagraphStyle.h
/Applications/Xcode.app/Contents/Developer/Platforms/MacOSX.platform/Developer/SDKs/MacOSX26.1.sdk/System/Library/Frameworks/AppKit.framework/Headers/NSPrintInfo.h
/Applications/Xcode.app/Contents/Developer/Platforms/MacOSX.platform/Developer/SDKs/MacOSX26.1.sdk/System/Library/Frameworks/AppKit.framework/Headers/NSPrinter.h
/Applications/Xcode.app/Contents/Developer/Platforms/MacOSX.platform/Developer/SDKs/MacOSX26.1.sdk/System/Library/Frameworks/AppKit.framework/Headers/NSKeyValueBinding.h
/Applications/Xcode.app/Contents/Developer/Platforms/MacOSX.platform/Developer/SDKs/MacOSX26.1.sdk/System/Library/Frameworks/CoreData.framework/Modules/module.modulemap
/Applications/Xcode.app/Contents/Developer/Platforms/MacOSX.platform/Developer/SDKs/MacOSX26.1.sdk/System/Library/Frameworks/AppKit.framework/Headers/NSPreviewRepresentingActivityItem.h
/Applications/Xcode.app/Contents/Developer/Platforms/MacOSX.platform/Developer/SDKs/MacOSX26.1.sdk/System/Library/Frameworks/AppKit.framework/Headers/NSColorList.h
/Applications/Xcode.app/Contents/Developer/Platforms/MacOSX.platform/Developer/SDKs/MacOSX26.1.sdk/System/Library/Frameworks/CoreImage.framework/Modules/module.modulemap
/Applications/Xcode.app/Contents/Developer/Platforms/MacOSX.platform/Developer/SDKs/MacOSX26.1.sdk/System/Library/Frameworks/AppKit.framework/Headers/NSActionCell.h
/Applications/Xcode.app/Contents/Developer/Platforms/MacOSX.platform/Developer/SDKs/MacOSX26.1.sdk/System/Library/Frameworks/AppKit.framework/Headers/NSAlert.h
/Applications/Xcode.app/Contents/Developer/Platforms/MacOSX.platform/Developer/SDKs/MacOSX26.1.sdk/System/Library/Frameworks/AppKit.framework/Headers/NSHelpManager.h
/Applications/Xcode.app/Contents/Developer/Platforms/MacOSX.platform/Developer/SDKs/MacOSX26.1.sdk/System/Library/Frameworks/AppKit.framework/Headers/NSAnimationContext.h
/Applications/Xcode.app/Contents/Developer/Platforms/MacOSX.platform/Developer/SDKs/MacOSX26.1.sdk/System/Library/Frameworks/AppKit.framework/Headers/NSAppleScriptExtensions.h
/Applications/Xcode.app/Contents/Developer/Platforms/MacOSX.platform/Developer/SDKs/MacOSX26.1.sdk/System/Library/Frameworks/AppKit.framework/Headers/NSBackgroundExtensionView.h
/Applications/Xcode.app/Contents/Developer/Platforms/MacOSX.platform/Developer/SDKs/MacOSX26.1.sdk/System/Library/Frameworks/AppKit.framework/Headers/NSBox.h
/Applications/Xcode.app/Contents/Developer/Platforms/MacOSX.platform/Developer/SDKs/MacOSX26.1.sdk/System/Library/Frameworks/AppKit.framework/Headers/NSButton.h
/Applications/Xcode.app/Contents/Developer/Platforms/MacOSX.platform/Developer/SDKs/MacOSX26.1.sdk/System/Library/Frameworks/AppKit.framework/Headers/NSControl.h
/Applications/Xcode.app/Contents/Developer/Platforms/MacOSX.platform/Developer/SDKs/MacOSX26.1.sdk/System/Library/Frameworks/AppKit.framework/Headers/NSButtonCell.h
/Applications/Xcode.app/Contents/Developer/Platforms/MacOSX.platform/Developer/SDKs/MacOSX26.1.sdk/System/Library/Frameworks/AppKit.framework/Headers/NSUserInterfaceCompression.h
/Applications/Xcode.app/Contents/Developer/Platforms/MacOSX.platform/Developer/SDKs/MacOSX26.1.sdk/System/Library/Frameworks/AppKit.framework/Headers/NSTintProminence.h
/Applications/Xcode.app/Contents/Developer/Platforms/MacOSX.platform/Developer/SDKs/MacOSX26.1.sdk/System/Library/Frameworks/AppKit.framework/Headers/NSCandidateListTouchBarItem.h
/Applications/Xcode.app/Contents/Developer/Platforms/MacOSX.platform/Developer/SDKs/MacOSX26.1.sdk/System/Library/Frameworks/AppKit.framework/Headers/NSTouchBar.h
/Applications/Xcode.app/Contents/Developer/Platforms/MacOSX.platform/Developer/SDKs/MacOSX26.1.sdk/System/Library/Frameworks/AppKit.framework/Headers/NSTouchBarItem.h
/Applications/Xcode.app/Contents/Developer/Platforms/MacOSX.platform/Developer/SDKs/MacOSX26.1.sdk/System/Library/Frameworks/AppKit.framework/Headers/NSClipView.h
/Applications/Xcode.app/Contents/Developer/Platforms/MacOSX.platform/Developer/SDKs/MacOSX26.1.sdk/System/Library/Frameworks/AppKit.framework/Headers/NSCollectionView.h
/Applications/Xcode.app/Contents/Developer/Platforms/MacOSX.platform/Developer/SDKs/MacOSX26.1.sdk/System/Library/Frameworks/AppKit.framework/Headers/NSViewController.h
/Applications/Xcode.app/Contents/Developer/Platforms/MacOSX.platform/Developer/SDKs/MacOSX26.1.sdk/System/Library/Frameworks/AppKit.framework/Headers/NSPopover.h
/Applications/Xcode.app/Contents/Developer/Platforms/MacOSX.platform/Developer/SDKs/MacOSX26.1.sdk/System/Library/Frameworks/AppKit.framework/Headers/NSStoryboard.h
/Applications/Xcode.app/Contents/Developer/Platforms/MacOSX.platform/Developer/SDKs/MacOSX26.1.sdk/System/Library/Frameworks/AppKit.framework/Headers/NSStoryboardSegue.h
/Applications/Xcode.app/Contents/Developer/Platforms/MacOSX.platform/Developer/SDKs/MacOSX26.1.sdk/System/Library/Frameworks/AppKit.framework/Headers/NSCollectionViewLayout.h
/Applications/Xcode.app/Contents/Developer/Platforms/MacOSX.platform/Developer/SDKs/MacOSX26.1.sdk/System/Library/Frameworks/AppKit.framework/Headers/NSCollectionViewCompositionalLayout.h
/Applications/Xcode.app/Contents/Developer/Platforms/MacOSX.platform/Developer/SDKs/MacOSX26.1.sdk/System/Library/Frameworks/AppKit.framework/Headers/NSCollectionViewFlowLayout.h
/Applications/Xcode.app/Contents/Developer/Platforms/MacOSX.platform/Developer/SDKs/MacOSX26.1.sdk/System/Library/Frameworks/AppKit.framework/Headers/NSCollectionViewGridLayout.h
/Applications/Xcode.app/Contents/Developer/Platforms/MacOSX.platform/Developer/SDKs/MacOSX26.1.sdk/System/Library/Frameworks/AppKit.framework/Headers/NSCollectionViewTransitionLayout.h
/Applications/Xcode.app/Contents/Developer/Platforms/MacOSX.platform/Developer/SDKs/MacOSX26.1.sdk/System/Library/Frameworks/AppKit.framework/Headers/NSColorSampler.h
/Applications/Xcode.app/Contents/Developer/Platforms/MacOSX.platform/Developer/SDKs/MacOSX26.1.sdk/System/Library/Frameworks/AppKit.framework/Headers/NSDiffableDataSource.h
/Applications/Xcode.app/Contents/Developer/Platforms/MacOSX.platform/Developer/SDKs/MacOSX26.1.sdk/System/Library/Frameworks/AppKit.framework/Headers/NSDirection.h
/Applications/Xcode.app/Contents/Developer/Platforms/MacOSX.platform/Developer/SDKs/MacOSX26.1.sdk/System/Library/Frameworks/AppKit.framework/Headers/NSDockTile.h
/Applications/Xcode.app/Contents/Developer/Platforms/MacOSX.platform/Developer/SDKs/MacOSX26.1.sdk/System/Library/Frameworks/AppKit.framework/Headers/NSFont.h
/Applications/Xcode.app/Contents/Developer/Platforms/MacOSX.platform/Developer/SDKs/MacOSX26.1.sdk/System/Library/Frameworks/AppKit.framework/Headers/NSFontDescriptor.h
/Applications/Xcode.app/Contents/Developer/Platforms/MacOSX.platform/Developer/SDKs/MacOSX26.1.sdk/System/Library/Frameworks/AppKit.framework/Headers/NSFontAssetRequest.h
/Applications/Xcode.app/Contents/Developer/Platforms/MacOSX.platform/Developer/SDKs/MacOSX26.1.sdk/System/Library/Frameworks/AppKit.framework/Headers/NSFontCollection.h
/Applications/Xcode.app/Contents/Developer/Platforms/MacOSX.platform/Developer/SDKs/MacOSX26.1.sdk/System/Library/Frameworks/AppKit.framework/Headers/NSFontManager.h
/Applications/Xcode.app/Contents/Developer/Platforms/MacOSX.platform/Developer/SDKs/MacOSX26.1.sdk/System/Library/Frameworks/AppKit.framework/Headers/NSFontPanel.h
/Applications/Xcode.app/Contents/Developer/Platforms/MacOSX.platform/Developer/SDKs/MacOSX26.1.sdk/System/Library/Frameworks/AppKit.framework/Headers/NSPanel.h
/Applications/Xcode.app/Contents/Developer/Platforms/MacOSX.platform/Developer/SDKs/MacOSX26.1.sdk/System/Library/Frameworks/AppKit.framework/Headers/NSWindow.h
/Applications/Xcode.app/Contents/Developer/Platforms/MacOSX.platform/Developer/SDKs/MacOSX26.1.sdk/System/Library/Frameworks/AppKit.framework/Headers/NSForm.h
/Applications/Xcode.app/Contents/Developer/Platforms/MacOSX.platform/Developer/SDKs/MacOSX26.1.sdk/System/Library/Frameworks/AppKit.framework/Headers/NSMatrix.h
/Applications/Xcode.app/Contents/Developer/Platforms/MacOSX.platform/Developer/SDKs/MacOSX26.1.sdk/System/Library/Frameworks/AppKit.framework/Headers/NSFormCell.h
/Applications/Xcode.app/Contents/Developer/Platforms/MacOSX.platform/Developer/SDKs/MacOSX26.1.sdk/System/Library/Frameworks/AppKit.framework/Headers/NSGlassEffectView.h
/Applications/Xcode.app/Contents/Developer/Platforms/MacOSX.platform/Developer/SDKs/MacOSX26.1.sdk/System/Library/Frameworks/AppKit.framework/Headers/NSMenuItemBadge.h
/Applications/Xcode.app/Contents/Developer/Platforms/MacOSX.platform/Developer/SDKs/MacOSX26.1.sdk/System/Library/Frameworks/AppKit.framework/Headers/NSColorSpace.h
/Applications/Xcode.app/Contents/Developer/Platforms/MacOSX.platform/Developer/SDKs/MacOSX26.1.sdk/System/Library/Frameworks/AppKit.framework/Headers/NSBitmapImageRep.h
/Applications/Xcode.app/Contents/Developer/Platforms/MacOSX.platform/Developer/SDKs/MacOSX26.1.sdk/System/Library/Frameworks/AppKit.framework/Headers/NSImageRep.h
/Applications/Xcode.app/Contents/Developer/Platforms/MacOSX.platform/Developer/SDKs/MacOSX26.1.sdk/System/Library/Frameworks/AppKit.framework/Headers/NSBrowser.h
/Applications/Xcode.app/Contents/Developer/Platforms/MacOSX.platform/Developer/SDKs/MacOSX26.1.sdk/System/Library/Frameworks/AppKit.framework/Headers/NSBrowserCell.h
/Applications/Xcode.app/Contents/Developer/Platforms/MacOSX.platform/Developer/SDKs/MacOSX26.1.sdk/System/Library/Frameworks/AppKit.framework/Headers/NSCachedImageRep.h
/Applications/Xcode.app/Contents/Developer/Platforms/MacOSX.platform/Developer/SDKs/MacOSX26.1.sdk/System/Library/Frameworks/AppKit.framework/Headers/NSCIImageRep.h
/Applications/Xcode.app/Contents/Developer/Platforms/MacOSX.platform/Developer/SDKs/MacOSX26.1.sdk/System/Library/Frameworks/AppKit.framework/Headers/NSColorPanel.h
/Applications/Xcode.app/Contents/Developer/Platforms/MacOSX.platform/Developer/SDKs/MacOSX26.1.sdk/System/Library/Frameworks/AppKit.framework/Headers/NSColorPicking.h
/Applications/Xcode.app/Contents/Developer/Platforms/MacOSX.platform/Developer/SDKs/MacOSX26.1.sdk/System/Library/Frameworks/AppKit.framework/Headers/NSColorPicker.h
/Applications/Xcode.app/Contents/Developer/Platforms/MacOSX.platform/Developer/SDKs/MacOSX26.1.sdk/System/Library/Frameworks/AppKit.framework/Headers/NSColorPickerTouchBarItem.h
/Applications/Xcode.app/Contents/Developer/Platforms/MacOSX.platform/Developer/SDKs/MacOSX26.1.sdk/System/Library/Frameworks/AppKit.framework/Headers/NSColorWell.h
/Applications/Xcode.app/Contents/Developer/Platforms/MacOSX.platform/Developer/SDKs/MacOSX26.1.sdk/System/Library/Frameworks/AppKit.framework/Headers/NSCursor.h
/Applications/Xcode.app/Contents/Developer/Platforms/MacOSX.platform/Developer/SDKs/MacOSX26.1.sdk/System/Library/Frameworks/AppKit.framework/Headers/NSCustomImageRep.h
/Applications/Xcode.app/Contents/Developer/Platforms/MacOSX.platform/Developer/SDKs/MacOSX26.1.sdk/System/Library/Frameworks/AppKit.framework/Headers/NSCustomTouchBarItem.h
/Applications/Xcode.app/Contents/Developer/Platforms/MacOSX.platform/Developer/SDKs/MacOSX26.1.sdk/System/Library/Frameworks/AppKit.framework/Headers/NSDocumentController.h
/Applications/Xcode.app/Contents/Developer/Platforms/MacOSX.platform/Developer/SDKs/MacOSX26.1.sdk/System/Library/Frameworks/AppKit.framework/Headers/NSDraggingItem.h
/Applications/Xcode.app/Contents/Developer/Platforms/MacOSX.platform/Developer/SDKs/MacOSX26.1.sdk/System/Library/Frameworks/AppKit.framework/Headers/NSDraggingSession.h
/Applications/Xcode.app/Contents/Developer/Platforms/MacOSX.platform/Developer/SDKs/MacOSX26.1.sdk/System/Library/Frameworks/AppKit.framework/Headers/NSFilePromiseProvider.h
/Applications/Xcode.app/Contents/Developer/Platforms/MacOSX.platform/Developer/SDKs/MacOSX26.1.sdk/System/Library/Frameworks/AppKit.framework/Headers/NSFilePromiseReceiver.h
/Applications/Xcode.app/Contents/Developer/Platforms/MacOSX.platform/Developer/SDKs/MacOSX26.1.sdk/System/Library/Frameworks/AppKit.framework/Headers/NSEPSImageRep.h
/Applications/Xcode.app/Contents/Developer/Platforms/MacOSX.platform/Developer/SDKs/MacOSX26.1.sdk/System/Library/Frameworks/AppKit.framework/Headers/NSFileWrapperExtensions.h
/Applications/Xcode.app/Contents/Developer/Platforms/MacOSX.platform/Developer/SDKs/MacOSX26.1.sdk/System/Library/Frameworks/AppKit.framework/Headers/NSGradient.h
/Applications/Xcode.app/Contents/Developer/Platforms/MacOSX.platform/Developer/SDKs/MacOSX26.1.sdk/System/Library/Frameworks/AppKit.framework/Headers/NSGroupTouchBarItem.h
/Applications/Xcode.app/Contents/Developer/Platforms/MacOSX.platform/Developer/SDKs/MacOSX26.1.sdk/System/Library/Frameworks/AppKit.framework/Headers/NSGestureRecognizer.h
/Applications/Xcode.app/Contents/Developer/Platforms/MacOSX.platform/Developer/SDKs/MacOSX26.1.sdk/System/Library/Frameworks/AppKit.framework/Headers/NSClickGestureRecognizer.h
/Applications/Xcode.app/Contents/Developer/Platforms/MacOSX.platform/Developer/SDKs/MacOSX26.1.sdk/System/Library/Frameworks/AppKit.framework/Headers/NSPanGestureRecognizer.h
/Applications/Xcode.app/Contents/Developer/Platforms/MacOSX.platform/Developer/SDKs/MacOSX26.1.sdk/System/Library/Frameworks/AppKit.framework/Headers/NSPressGestureRecognizer.h
/Applications/Xcode.app/Contents/Developer/Platforms/MacOSX.platform/Developer/SDKs/MacOSX26.1.sdk/System/Library/Frameworks/AppKit.framework/Headers/NSMagnificationGestureRecognizer.h
/Applications/Xcode.app/Contents/Developer/Platforms/MacOSX.platform/Developer/SDKs/MacOSX26.1.sdk/System/Library/Frameworks/AppKit.framework/Headers/NSRotationGestureRecognizer.h
/Applications/Xcode.app/Contents/Developer/Platforms/MacOSX.platform/Developer/SDKs/MacOSX26.1.sdk/System/Library/Frameworks/AppKit.framework/Headers/NSLayoutConstraint.h
/Applications/Xcode.app/Contents/Developer/Platforms/MacOSX.platform/Developer/SDKs/MacOSX26.1.sdk/System/Library/Frameworks/AppKit.framework/Headers/NSLayoutAnchor.h
/Applications/Xcode.app/Contents/Developer/Platforms/MacOSX.platform/Developer/SDKs/MacOSX26.1.sdk/System/Library/Frameworks/AppKit.framework/Headers/NSLayoutGuide.h
/Applications/Xcode.app/Contents/Developer/Platforms/MacOSX.platform/Developer/SDKs/MacOSX26.1.sdk/System/Library/Frameworks/AppKit.framework/Headers/NSImage.h
/Applications/Xcode.app/Contents/Developer/Platforms/MacOSX.platform/Developer/SDKs/MacOSX26.1.sdk/System/Library/Frameworks/AppKit.framework/Headers/NSImageCell.h
/Applications/Xcode.app/Contents/Developer/Platforms/MacOSX.platform/Developer/SDKs/MacOSX26.1.sdk/System/Library/Frameworks/AppKit.framework/Headers/NSImageView.h
/Applications/Xcode.app/Contents/Developer/Platforms/MacOSX.platform/Developer/SDKs/MacOSX26.1.sdk/System/Library/Frameworks/Symbols.framework/Modules/module.modulemap
/Applications/Xcode.app/Contents/Developer/Platforms/MacOSX.platform/Developer/SDKs/MacOSX26.1.sdk/System/Library/Frameworks/AppKit.framework/Headers/NSNibLoading.h
/Applications/Xcode.app/Contents/Developer/Platforms/MacOSX.platform/Developer/SDKs/MacOSX26.1.sdk/System/Library/Frameworks/AppKit.framework/Headers/NSScrubber.h
/Applications/Xcode.app/Contents/Developer/Platforms/MacOSX.platform/Developer/SDKs/MacOSX26.1.sdk/System/Library/Frameworks/AppKit.framework/Headers/NSScrubberItemView.h
/Applications/Xcode.app/Contents/Developer/Platforms/MacOSX.platform/Developer/SDKs/MacOSX26.1.sdk/System/Library/Frameworks/AppKit.framework/Headers/NSScrubberLayout.h
/Applications/Xcode.app/Contents/Developer/Platforms/MacOSX.platform/Developer/SDKs/MacOSX26.1.sdk/System/Library/Frameworks/AppKit.framework/Headers/NSSharingServicePickerTouchBarItem.h
/Applications/Xcode.app/Contents/Developer/Platforms/MacOSX.platform/Developer/SDKs/MacOSX26.1.sdk/System/Library/Frameworks/AppKit.framework/Headers/NSSharingService.h
/Applications/Xcode.app/Contents/Developer/Platforms/MacOSX.platform/Developer/SDKs/MacOSX26.1.sdk/System/Library/Frameworks/AppKit.framework/Headers/NSSliderAccessory.h
/Applications/Xcode.app/Contents/Developer/Platforms/MacOSX.platform/Developer/SDKs/MacOSX26.1.sdk/System/Library/Frameworks/AppKit.framework/Headers/NSSliderTouchBarItem.h
/Applications/Xcode.app/Contents/Developer/Platforms/MacOSX.platform/Developer/SDKs/MacOSX26.1.sdk/System/Library/Frameworks/AppKit.framework/Headers/NSSpeechRecognizer.h
/Applications/Xcode.app/Contents/Developer/Platforms/MacOSX.platform/Developer/SDKs/MacOSX26.1.sdk/System/Library/Frameworks/AppKit.framework/Headers/NSSpeechSynthesizer.h
/Applications/Xcode.app/Contents/Developer/Platforms/MacOSX.platform/Developer/SDKs/MacOSX26.1.sdk/System/Library/Frameworks/AppKit.framework/Headers/NSSpellChecker.h
/Applications/Xcode.app/Contents/Developer/Platforms/MacOSX.platform/Developer/SDKs/MacOSX26.1.sdk/System/Library/Frameworks/AppKit.framework/Headers/NSSplitView.h
/Applications/Xcode.app/Contents/Developer/Platforms/MacOSX.platform/Developer/SDKs/MacOSX26.1.sdk/System/Library/Frameworks/AppKit.framework/Headers/NSSplitViewController.h
/Applications/Xcode.app/Contents/Developer/Platforms/MacOSX.platform/Developer/SDKs/MacOSX26.1.sdk/System/Library/Frameworks/AppKit.framework/Headers/NSSplitViewItem.h
/Applications/Xcode.app/Contents/Developer/Platforms/MacOSX.platform/Developer/SDKs/MacOSX26.1.sdk/System/Library/Frameworks/AppKit.framework/Headers/NSSplitViewItemAccessoryViewController.h
/Applications/Xcode.app/Contents/Developer/Platforms/MacOSX.platform/Developer/SDKs/MacOSX26.1.sdk/System/Library/Frameworks/AppKit.framework/Headers/NSScrollEdgeEffect.h
/Applications/Xcode.app/Contents/Developer/Platforms/MacOSX.platform/Developer/SDKs/MacOSX26.1.sdk/System/Library/Frameworks/AppKit.framework/Headers/NSOpenPanel.h
/Applications/Xcode.app/Contents/Developer/Platforms/MacOSX.platform/Developer/SDKs/MacOSX26.1.sdk/System/Library/Frameworks/AppKit.framework/Headers/NSSavePanel.h
/Applications/Xcode.app/Contents/Developer/Platforms/MacOSX.platform/Developer/SDKs/MacOSX26.1.sdk/System/Library/Frameworks/AppKit.framework/Headers/NSPageLayout.h
/Applications/Xcode.app/Contents/Developer/Platforms/MacOSX.platform/Developer/SDKs/MacOSX26.1.sdk/System/Library/Frameworks/AppKit.framework/Headers/NSPasteboardItem.h
/Applications/Xcode.app/Contents/Developer/Platforms/MacOSX.platform/Developer/SDKs/MacOSX26.1.sdk/System/Library/Frameworks/AppKit.framework/Headers/NSPopoverTouchBarItem.h
/Applications/Xcode.app/Contents/Developer/Platforms/MacOSX.platform/Developer/SDKs/MacOSX26.1.sdk/System/Library/Frameworks/AppKit.framework/Headers/NSPopUpButton.h
/Applications/Xcode.app/Contents/Developer/Platforms/MacOSX.platform/Developer/SDKs/MacOSX26.1.sdk/System/Library/Frameworks/AppKit.framework/Headers/NSPopUpButtonCell.h
/Applications/Xcode.app/Contents/Developer/Platforms/MacOSX.platform/Developer/SDKs/MacOSX26.1.sdk/System/Library/Frameworks/AppKit.framework/Headers/NSMenuItemCell.h
/Applications/Xcode.app/Contents/Developer/Platforms/MacOSX.platform/Developer/SDKs/MacOSX26.1.sdk/System/Library/Frameworks/AppKit.framework/Headers/NSPrintOperation.h
/Applications/Xcode.app/Contents/Developer/Platforms/MacOSX.platform/Developer/SDKs/MacOSX26.1.sdk/System/Library/Frameworks/AppKit.framework/Headers/NSPrintPanel.h
/Applications/Xcode.app/Contents/Developer/Platforms/MacOSX.platform/Developer/SDKs/MacOSX26.1.sdk/System/Library/Frameworks/AppKit.framework/Headers/NSPDFInfo.h
/Applications/Xcode.app/Contents/Developer/Platforms/MacOSX.platform/Developer/SDKs/MacOSX26.1.sdk/System/Library/Frameworks/AppKit.framework/Headers/NSPDFPanel.h
/Applications/Xcode.app/Contents/Developer/Platforms/MacOSX.platform/Developer/SDKs/MacOSX26.1.sdk/System/Library/Frameworks/AppKit.framework/Headers/NSMediaLibraryBrowserController.h
/Applications/Xcode.app/Contents/Developer/Platforms/MacOSX.platform/Developer/SDKs/MacOSX26.1.sdk/System/Library/Frameworks/AppKit.framework/Headers/NSScreen.h
/Applications/Xcode.app/Contents/Developer/Platforms/MacOSX.platform/Developer/SDKs/MacOSX26.1.sdk/System/Library/Frameworks/AppKit.framework/Headers/NSScrollView.h
/Applications/Xcode.app/Contents/Developer/Platforms/MacOSX.platform/Developer/SDKs/MacOSX26.1.sdk/System/Library/Frameworks/AppKit.framework/Headers/NSScroller.h
/Applications/Xcode.app/Contents/Developer/Platforms/MacOSX.platform/Developer/SDKs/MacOSX26.1.sdk/System/Library/Frameworks/AppKit.framework/Headers/NSTextFinder.h
/Applications/Xcode.app/Contents/Developer/Platforms/MacOSX.platform/Developer/SDKs/MacOSX26.1.sdk/System/Library/Frameworks/AppKit.framework/Headers/NSSegmentedControl.h
/Applications/Xcode.app/Contents/Developer/Platforms/MacOSX.platform/Developer/SDKs/MacOSX26.1.sdk/System/Library/Frameworks/AppKit.framework/Headers/NSSegmentedCell.h
/Applications/Xcode.app/Contents/Developer/Platforms/MacOSX.platform/Developer/SDKs/MacOSX26.1.sdk/System/Library/Frameworks/AppKit.framework/Headers/NSSharingCollaborationModeRestriction.h
/Applications/Xcode.app/Contents/Developer/Platforms/MacOSX.platform/Developer/SDKs/MacOSX26.1.sdk/System/Library/Frameworks/AppKit.framework/Headers/NSSlider.h
/Applications/Xcode.app/Contents/Developer/Platforms/MacOSX.platform/Developer/SDKs/MacOSX26.1.sdk/System/Library/Frameworks/AppKit.framework/Headers/NSSliderCell.h
/Applications/Xcode.app/Contents/Developer/Platforms/MacOSX.platform/Developer/SDKs/MacOSX26.1.sdk/System/Library/Frameworks/AppKit.framework/Headers/NSStackView.h
/Applications/Xcode.app/Contents/Developer/Platforms/MacOSX.platform/Developer/SDKs/MacOSX26.1.sdk/System/Library/Frameworks/AppKit.framework/Headers/NSSwitch.h
/Applications/Xcode.app/Contents/Developer/Platforms/MacOSX.platform/Developer/SDKs/MacOSX26.1.sdk/System/Library/Frameworks/AppKit.framework/Headers/NSGridView.h
/Applications/Xcode.app/Contents/Developer/Platforms/MacOSX.platform/Developer/SDKs/MacOSX26.1.sdk/System/Library/Frameworks/AppKit.framework/Headers/NSTextCheckingClient.h
/Applications/Xcode.app/Contents/Developer/Platforms/MacOSX.platform/Developer/SDKs/MacOSX26.1.sdk/System/Library/Frameworks/AppKit.framework/Headers/NSTextInputClient.h
/Applications/Xcode.app/Contents/Developer/Platforms/MacOSX.platform/Developer/SDKs/MacOSX26.1.sdk/System/Library/Frameworks/AppKit.framework/Headers/NSTextCheckingController.h
/Applications/Xcode.app/Contents/Developer/Platforms/MacOSX.platform/Developer/SDKs/MacOSX26.1.sdk/System/Library/Frameworks/AppKit.framework/Headers/NSTextField.h
/Applications/Xcode.app/Contents/Developer/Platforms/MacOSX.platform/Developer/SDKs/MacOSX26.1.sdk/System/Library/Frameworks/AppKit.framework/Headers/NSTextFieldCell.h
/Applications/Xcode.app/Contents/Developer/Platforms/MacOSX.platform/Developer/SDKs/MacOSX26.1.sdk/System/Library/Frameworks/AppKit.framework/Headers/NSTextContent.h
/Applications/Xcode.app/Contents/Developer/Platforms/MacOSX.platform/Developer/SDKs/MacOSX26.1.sdk/System/Library/Frameworks/AppKit.framework/Headers/NSTextInsertionIndicator.h
/Applications/Xcode.app/Contents/Developer/Platforms/MacOSX.platform/Developer/SDKs/MacOSX26.1.sdk/System/Library/Frameworks/AppKit.framework/Headers/NSTokenField.h
/Applications/Xcode.app/Contents/Developer/Platforms/MacOSX.platform/Developer/SDKs/MacOSX26.1.sdk/System/Library/Frameworks/AppKit.framework/Headers/NSTextContainer.h
/Applications/Xcode.app/Contents/Developer/Platforms/MacOSX.platform/Developer/SDKs/MacOSX26.1.sdk/System/Library/Frameworks/AppKit.framework/Headers/NSLayoutManager.h
/Applications/Xcode.app/Contents/Developer/Platforms/MacOSX.platform/Developer/SDKs/MacOSX26.1.sdk/System/Library/Frameworks/AppKit.framework/Headers/NSTextStorage.h
/Applications/Xcode.app/Contents/Developer/Platforms/MacOSX.platform/Developer/SDKs/MacOSX26.1.sdk/System/Library/Frameworks/AppKit.framework/Headers/NSAttributedString.h
/Applications/Xcode.app/Contents/Developer/Platforms/MacOSX.platform/Developer/SDKs/MacOSX26.1.sdk/System/Library/Frameworks/AppKit.framework/Headers/NSGlyphGenerator.h
/Applications/Xcode.app/Contents/Developer/Platforms/MacOSX.platform/Developer/SDKs/MacOSX26.1.sdk/System/Library/Frameworks/AppKit.framework/Headers/NSTokenFieldCell.h
/Applications/Xcode.app/Contents/Developer/Platforms/MacOSX.platform/Developer/SDKs/MacOSX26.1.sdk/System/Library/Frameworks/AppKit.framework/Headers/NSTrackingArea.h
/Applications/Xcode.app/Contents/Developer/Platforms/MacOSX.platform/Developer/SDKs/MacOSX26.1.sdk/System/Library/Frameworks/AppKit.framework/Headers/NSTrackingSeparatorToolbarItem.h
/Applications/Xcode.app/Contents/Developer/Platforms/MacOSX.platform/Developer/SDKs/MacOSX26.1.sdk/System/Library/Frameworks/AppKit.framework/Headers/NSToolbarItem.h
/Applications/Xcode.app/Contents/Developer/Platforms/MacOSX.platform/Developer/SDKs/MacOSX26.1.sdk/System/Library/Frameworks/AppKit.framework/Headers/NSToolbar.h
/Applications/Xcode.app/Contents/Developer/Platforms/MacOSX.platform/Developer/SDKs/MacOSX26.1.sdk/System/Library/Frameworks/AppKit.framework/Headers/NSViewLayoutRegion.h
/Applications/Xcode.app/Contents/Developer/Platforms/MacOSX.platform/Developer/SDKs/MacOSX26.1.sdk/System/Library/Frameworks/AppKit.framework/Headers/NSWindowTab.h
/Applications/Xcode.app/Contents/Developer/Platforms/MacOSX.platform/Developer/SDKs/MacOSX26.1.sdk/System/Library/Frameworks/AppKit.framework/Headers/NSWindowTabGroup.h
/Applications/Xcode.app/Contents/Developer/Platforms/MacOSX.platform/Developer/SDKs/MacOSX26.1.sdk/System/Library/Frameworks/AppKit.framework/Headers/NSWindowController.h
/Applications/Xcode.app/Contents/Developer/Platforms/MacOSX.platform/Developer/SDKs/MacOSX26.1.sdk/System/Library/Frameworks/AppKit.framework/Headers/NSComboBox.h
/Applications/Xcode.app/Contents/Developer/Platforms/MacOSX.platform/Developer/SDKs/MacOSX26.1.sdk/System/Library/Frameworks/AppKit.framework/Headers/NSComboBoxCell.h
/Applications/Xcode.app/Contents/Developer/Platforms/MacOSX.platform/Developer/SDKs/MacOSX26.1.sdk/System/Library/Frameworks/AppKit.framework/Headers/NSComboButton.h
/Applications/Xcode.app/Contents/Developer/Platforms/MacOSX.platform/Developer/SDKs/MacOSX26.1.sdk/System/Library/Frameworks/AppKit.framework/Headers/NSTableCellView.h
/Applications/Xcode.app/Contents/Developer/Platforms/MacOSX.platform/Developer/SDKs/MacOSX26.1.sdk/System/Library/Frameworks/AppKit.framework/Headers/NSTableView.h
/Applications/Xcode.app/Contents/Developer/Platforms/MacOSX.platform/Developer/SDKs/MacOSX26.1.sdk/System/Library/Frameworks/AppKit.framework/Headers/NSTextView.h
/Applications/Xcode.app/Contents/Developer/Platforms/MacOSX.platform/Developer/SDKs/MacOSX26.1.sdk/System/Library/Frameworks/AppKit.framework/Headers/NSInputManager.h
/Applications/Xcode.app/Contents/Developer/Platforms/MacOSX.platform/Developer/SDKs/MacOSX26.1.sdk/System/Library/Frameworks/AppKit.framework/Headers/NSTextAttachment.h
/Applications/Xcode.app/Contents/Developer/Platforms/MacOSX.platform/Developer/SDKs/MacOSX26.1.sdk/System/Library/Frameworks/AppKit.framework/Headers/NSTextAttachmentCell.h
/Applications/Xcode.app/Contents/Developer/Platforms/MacOSX.platform/Developer/SDKs/MacOSX26.1.sdk/System/Library/Frameworks/AppKit.framework/Headers/NSTableColumn.h
/Applications/Xcode.app/Contents/Developer/Platforms/MacOSX.platform/Developer/SDKs/MacOSX26.1.sdk/System/Library/Frameworks/AppKit.framework/Headers/NSTableHeaderCell.h
/Applications/Xcode.app/Contents/Developer/Platforms/MacOSX.platform/Developer/SDKs/MacOSX26.1.sdk/System/Library/Frameworks/AppKit.framework/Headers/NSTableHeaderView.h
/Applications/Xcode.app/Contents/Developer/Platforms/MacOSX.platform/Developer/SDKs/MacOSX26.1.sdk/System/Library/Frameworks/AppKit.framework/Headers/NSTableRowView.h
/Applications/Xcode.app/Contents/Developer/Platforms/MacOSX.platform/Developer/SDKs/MacOSX26.1.sdk/System/Library/Frameworks/AppKit.framework/Headers/NSTableViewDiffableDataSource.h
/Applications/Xcode.app/Contents/Developer/Platforms/MacOSX.platform/Developer/SDKs/MacOSX26.1.sdk/System/Library/Frameworks/AppKit.framework/Headers/NSTableViewRowAction.h
/Applications/Xcode.app/Contents/Developer/Platforms/MacOSX.platform/Developer/SDKs/MacOSX26.1.sdk/System/Library/Frameworks/AppKit.framework/Headers/NSOutlineView.h
/Applications/Xcode.app/Contents/Developer/Platforms/MacOSX.platform/Developer/SDKs/MacOSX26.1.sdk/System/Library/Frameworks/AppKit.framework/Headers/NSInputServer.h
/Applications/Xcode.app/Contents/Developer/Platforms/MacOSX.platform/Developer/SDKs/MacOSX26.1.sdk/System/Library/Frameworks/AppKit.framework/Headers/NSStringDrawing.h
/Applications/Xcode.app/Contents/Developer/Platforms/MacOSX.platform/Developer/SDKs/MacOSX26.1.sdk/System/Library/Frameworks/AppKit.framework/Headers/NSRulerMarker.h
/Applications/Xcode.app/Contents/Developer/Platforms/MacOSX.platform/Developer/SDKs/MacOSX26.1.sdk/System/Library/Frameworks/AppKit.framework/Headers/NSRulerView.h
/Applications/Xcode.app/Contents/Developer/Platforms/MacOSX.platform/Developer/SDKs/MacOSX26.1.sdk/System/Library/Frameworks/AppKit.framework/Headers/NSSecureTextField.h
/Applications/Xcode.app/Contents/Developer/Platforms/MacOSX.platform/Developer/SDKs/MacOSX26.1.sdk/System/Library/Frameworks/AppKit.framework/Headers/NSInterfaceStyle.h
/Applications/Xcode.app/Contents/Developer/Platforms/MacOSX.platform/Developer/SDKs/MacOSX26.1.sdk/System/Library/Frameworks/AppKit.framework/Headers/NSProgressIndicator.h
/Applications/Xcode.app/Contents/Developer/Platforms/MacOSX.platform/Developer/SDKs/MacOSX26.1.sdk/System/Library/Frameworks/AppKit.framework/Headers/NSTabView.h
/Applications/Xcode.app/Contents/Developer/Platforms/MacOSX.platform/Developer/SDKs/MacOSX26.1.sdk/System/Library/Frameworks/AppKit.framework/Headers/NSTabViewController.h
/Applications/Xcode.app/Contents/Developer/Platforms/MacOSX.platform/Developer/SDKs/MacOSX26.1.sdk/System/Library/Frameworks/AppKit.framework/Headers/NSTabViewItem.h
/Applications/Xcode.app/Contents/Developer/Platforms/MacOSX.platform/Developer/SDKs/MacOSX26.1.sdk/System/Library/Frameworks/AppKit.framework/Headers/NSAffineTransform.h
/Applications/Xcode.app/Contents/Developer/Platforms/MacOSX.platform/Developer/SDKs/MacOSX26.1.sdk/System/Library/Frameworks/AppKit.framework/Headers/NSBezierPath.h
/Applications/Xcode.app/Contents/Developer/Platforms/MacOSX.platform/Developer/SDKs/MacOSX26.1.sdk/System/Library/Frameworks/AppKit.framework/Headers/NSPICTImageRep.h
/Applications/Xcode.app/Contents/Developer/Platforms/MacOSX.platform/Developer/SDKs/MacOSX26.1.sdk/System/Library/Frameworks/AppKit.framework/Headers/NSStatusBar.h
/Applications/Xcode.app/Contents/Developer/Platforms/MacOSX.platform/Developer/SDKs/MacOSX26.1.sdk/System/Library/Frameworks/AppKit.framework/Headers/NSStatusBarButton.h
/Applications/Xcode.app/Contents/Developer/Platforms/MacOSX.platform/Developer/SDKs/MacOSX26.1.sdk/System/Library/Frameworks/AppKit.framework/Headers/NSStatusItem.h
/Applications/Xcode.app/Contents/Developer/Platforms/MacOSX.platform/Developer/SDKs/MacOSX26.1.sdk/System/Library/Frameworks/AppKit.framework/Headers/NSSound.h
/Applications/Xcode.app/Contents/Developer/Platforms/MacOSX.platform/Developer/SDKs/MacOSX26.1.sdk/System/Library/Frameworks/AppKit.framework/Headers/NSMovie.h
/Applications/Xcode.app/Contents/Developer/Platforms/MacOSX.platform/Developer/SDKs/MacOSX26.1.sdk/System/Library/Frameworks/AppKit.framework/Headers/NSPDFImageRep.h
/Applications/Xcode.app/Contents/Developer/Platforms/MacOSX.platform/Developer/SDKs/MacOSX26.1.sdk/System/Library/Frameworks/AppKit.framework/Headers/NSDrawer.h
/Applications/Xcode.app/Contents/Developer/Platforms/MacOSX.platform/Developer/SDKs/MacOSX26.1.sdk/System/Library/Frameworks/AppKit.framework/Headers/NSOpenGL.h
/Applications/Xcode.app/Contents/Developer/Platforms/MacOSX.platform/Developer/SDKs/MacOSX26.1.sdk/System/Library/Frameworks/OpenGL.framework/Modules/module.modulemap
/Applications/Xcode.app/Contents/Developer/Platforms/MacOSX.platform/Developer/SDKs/MacOSX26.1.sdk/System/Library/Frameworks/AppKit.framework/Headers/NSOpenGLLayer.h
/Applications/Xcode.app/Contents/Developer/Platforms/MacOSX.platform/Developer/SDKs/MacOSX26.1.sdk/System/Library/Frameworks/QuartzCore.framework/Modules/module.modulemap
/Applications/Xcode.app/Contents/Developer/Platforms/MacOSX.platform/Developer/SDKs/MacOSX26.1.sdk/System/Library/Frameworks/AppKit.framework/Headers/NSOpenGLView.h
/Applications/Xcode.app/Contents/Developer/Platforms/MacOSX.platform/Developer/SDKs/MacOSX26.1.sdk/System/Library/Frameworks/AppKit.framework/Headers/NSApplicationScripting.h
/Applications/Xcode.app/Contents/Developer/Platforms/MacOSX.platform/Developer/SDKs/MacOSX26.1.sdk/System/Library/Frameworks/AppKit.framework/Headers/NSDocumentScripting.h
/Applications/Xcode.app/Contents/Developer/Platforms/MacOSX.platform/Developer/SDKs/MacOSX26.1.sdk/System/Library/Frameworks/AppKit.framework/Headers/NSTextStorageScripting.h
/Applications/Xcode.app/Contents/Developer/Platforms/MacOSX.platform/Developer/SDKs/MacOSX26.1.sdk/System/Library/Frameworks/AppKit.framework/Headers/NSToolbarItemGroup.h
/Applications/Xcode.app/Contents/Developer/Platforms/MacOSX.platform/Developer/SDKs/MacOSX26.1.sdk/System/Library/Frameworks/AppKit.framework/Headers/NSMenuToolbarItem.h
/Applications/Xcode.app/Contents/Developer/Platforms/MacOSX.platform/Developer/SDKs/MacOSX26.1.sdk/System/Library/Frameworks/AppKit.framework/Headers/NSSharingServicePickerToolbarItem.h
/Applications/Xcode.app/Contents/Developer/Platforms/MacOSX.platform/Developer/SDKs/MacOSX26.1.sdk/System/Library/Frameworks/AppKit.framework/Headers/NSWindowScripting.h
/Applications/Xcode.app/Contents/Developer/Platforms/MacOSX.platform/Developer/SDKs/MacOSX26.1.sdk/System/Library/Frameworks/AppKit.framework/Headers/NSStepper.h
/Applications/Xcode.app/Contents/Developer/Platforms/MacOSX.platform/Developer/SDKs/MacOSX26.1.sdk/System/Library/Frameworks/AppKit.framework/Headers/NSStepperCell.h
/Applications/Xcode.app/Contents/Developer/Platforms/MacOSX.platform/Developer/SDKs/MacOSX26.1.sdk/System/Library/Frameworks/AppKit.framework/Headers/NSGlyphInfo.h
/Applications/Xcode.app/Contents/Developer/Platforms/MacOSX.platform/Developer/SDKs/MacOSX26.1.sdk/System/Library/Frameworks/AppKit.framework/Headers/NSShadow.h
/Applications/Xcode.app/Contents/Developer/Platforms/MacOSX.platform/Developer/SDKs/MacOSX26.1.sdk/System/Library/Frameworks/AppKit.framework/Headers/NSATSTypesetter.h
/Applications/Xcode.app/Contents/Developer/Platforms/MacOSX.platform/Developer/SDKs/MacOSX26.1.sdk/System/Library/Frameworks/AppKit.framework/Headers/NSTypesetter.h
/Applications/Xcode.app/Contents/Developer/Platforms/MacOSX.platform/Developer/SDKs/MacOSX26.1.sdk/System/Library/Frameworks/AppKit.framework/Headers/NSSearchField.h
/Applications/Xcode.app/Contents/Developer/Platforms/MacOSX.platform/Developer/SDKs/MacOSX26.1.sdk/System/Library/Frameworks/AppKit.framework/Headers/NSSearchFieldCell.h
/Applications/Xcode.app/Contents/Developer/Platforms/MacOSX.platform/Developer/SDKs/MacOSX26.1.sdk/System/Library/Frameworks/AppKit.framework/Headers/NSController.h
/Applications/Xcode.app/Contents/Developer/Platforms/MacOSX.platform/Developer/SDKs/MacOSX26.1.sdk/System/Library/Frameworks/AppKit.framework/Headers/NSObjectController.h
/Applications/Xcode.app/Contents/Developer/Platforms/MacOSX.platform/Developer/SDKs/MacOSX26.1.sdk/System/Library/Frameworks/AppKit.framework/Headers/NSArrayController.h
/Applications/Xcode.app/Contents/Developer/Platforms/MacOSX.platform/Developer/SDKs/MacOSX26.1.sdk/System/Library/Frameworks/AppKit.framework/Headers/NSDictionaryController.h
/Applications/Xcode.app/Contents/Developer/Platforms/MacOSX.platform/Developer/SDKs/MacOSX26.1.sdk/System/Library/Frameworks/AppKit.framework/Headers/NSTreeNode.h
/Applications/Xcode.app/Contents/Developer/Platforms/MacOSX.platform/Developer/SDKs/MacOSX26.1.sdk/System/Library/Frameworks/AppKit.framework/Headers/NSTreeController.h
/Applications/Xcode.app/Contents/Developer/Platforms/MacOSX.platform/Developer/SDKs/MacOSX26.1.sdk/System/Library/Frameworks/AppKit.framework/Headers/NSUserDefaultsController.h
/Applications/Xcode.app/Contents/Developer/Platforms/MacOSX.platform/Developer/SDKs/MacOSX26.1.sdk/System/Library/Frameworks/AppKit.framework/Headers/NSTextList.h
/Applications/Xcode.app/Contents/Developer/Platforms/MacOSX.platform/Developer/SDKs/MacOSX26.1.sdk/System/Library/Frameworks/AppKit.framework/Headers/NSTextTable.h
/Applications/Xcode.app/Contents/Developer/Platforms/MacOSX.platform/Developer/SDKs/MacOSX26.1.sdk/System/Library/Frameworks/AppKit.framework/Headers/NSDatePickerCell.h
/Applications/Xcode.app/Contents/Developer/Platforms/MacOSX.platform/Developer/SDKs/MacOSX26.1.sdk/System/Library/Frameworks/AppKit.framework/Headers/NSDatePicker.h
/Applications/Xcode.app/Contents/Developer/Platforms/MacOSX.platform/Developer/SDKs/MacOSX26.1.sdk/System/Library/Frameworks/AppKit.framework/Headers/NSLevelIndicatorCell.h
/Applications/Xcode.app/Contents/Developer/Platforms/MacOSX.platform/Developer/SDKs/MacOSX26.1.sdk/System/Library/Frameworks/AppKit.framework/Headers/NSLevelIndicator.h
/Applications/Xcode.app/Contents/Developer/Platforms/MacOSX.platform/Developer/SDKs/MacOSX26.1.sdk/System/Library/Frameworks/AppKit.framework/Headers/NSPersistentDocument.h
/Applications/Xcode.app/Contents/Developer/Platforms/MacOSX.platform/Developer/SDKs/MacOSX26.1.sdk/System/Library/Frameworks/AppKit.framework/Headers/NSRuleEditor.h
/Applications/Xcode.app/Contents/Developer/Platforms/MacOSX.platform/Developer/SDKs/MacOSX26.1.sdk/System/Library/Frameworks/AppKit.framework/Headers/NSPredicateEditor.h
/Applications/Xcode.app/Contents/Developer/Platforms/MacOSX.platform/Developer/SDKs/MacOSX26.1.sdk/System/Library/Frameworks/AppKit.framework/Headers/NSPredicateEditorRowTemplate.h
/Applications/Xcode.app/Contents/Developer/Platforms/MacOSX.platform/Developer/SDKs/MacOSX26.1.sdk/System/Library/Frameworks/AppKit.framework/Headers/NSPathCell.h
/Applications/Xcode.app/Contents/Developer/Platforms/MacOSX.platform/Developer/SDKs/MacOSX26.1.sdk/System/Library/Frameworks/AppKit.framework/Headers/NSPathControl.h
/Applications/Xcode.app/Contents/Developer/Platforms/MacOSX.platform/Developer/SDKs/MacOSX26.1.sdk/System/Library/Frameworks/AppKit.framework/Headers/NSPathComponentCell.h
/Applications/Xcode.app/Contents/Developer/Platforms/MacOSX.platform/Developer/SDKs/MacOSX26.1.sdk/System/Library/Frameworks/AppKit.framework/Headers/NSPathControlItem.h
/Applications/Xcode.app/Contents/Developer/Platforms/MacOSX.platform/Developer/SDKs/MacOSX26.1.sdk/System/Library/Frameworks/AppKit.framework/Headers/NSPageController.h
/Applications/Xcode.app/Contents/Developer/Platforms/MacOSX.platform/Developer/SDKs/MacOSX26.1.sdk/System/Library/Frameworks/AppKit.framework/Headers/NSTextInputContext.h
/Applications/Xcode.app/Contents/Developer/Platforms/MacOSX.platform/Developer/SDKs/MacOSX26.1.sdk/System/Library/Frameworks/AppKit.framework/Headers/NSUserInterfaceItemSearching.h
/Applications/Xcode.app/Contents/Developer/Platforms/MacOSX.platform/Developer/SDKs/MacOSX26.1.sdk/System/Library/Frameworks/AppKit.framework/Headers/NSWindowRestoration.h
/Applications/Xcode.app/Contents/Developer/Platforms/MacOSX.platform/Developer/SDKs/MacOSX26.1.sdk/System/Library/Frameworks/AppKit.framework/Headers/NSTextAlternatives.h
/Applications/Xcode.app/Contents/Developer/Platforms/MacOSX.platform/Developer/SDKs/MacOSX26.1.sdk/System/Library/Frameworks/AppKit.framework/Headers/NSVisualEffectView.h
/Applications/Xcode.app/Contents/Developer/Platforms/MacOSX.platform/Developer/SDKs/MacOSX26.1.sdk/System/Library/Frameworks/AppKit.framework/Headers/NSItemBadge.h
/Applications/Xcode.app/Contents/Developer/Platforms/MacOSX.platform/Developer/SDKs/MacOSX26.1.sdk/System/Library/Frameworks/AppKit.framework/Headers/NSItemProvider.h
/Applications/Xcode.app/Contents/Developer/Platforms/MacOSX.platform/Developer/SDKs/MacOSX26.1.sdk/System/Library/Frameworks/AppKit.framework/Headers/NSTitlebarAccessoryViewController.h
/Applications/Xcode.app/Contents/Developer/Platforms/MacOSX.platform/Developer/SDKs/MacOSX26.1.sdk/System/Library/Frameworks/AppKit.framework/Headers/NSDataAsset.h
/Applications/Xcode.app/Contents/Developer/Platforms/MacOSX.platform/Developer/SDKs/MacOSX26.1.sdk/System/Library/Frameworks/AppKit.framework/Headers/NSAlignmentFeedbackFilter.h
/Applications/Xcode.app/Contents/Developer/Platforms/MacOSX.platform/Developer/SDKs/MacOSX26.1.sdk/System/Library/Frameworks/AppKit.framework/Headers/NSHapticFeedback.h
/Applications/Xcode.app/Contents/Developer/Platforms/MacOSX.platform/Developer/SDKs/MacOSX26.1.sdk/System/Library/Frameworks/AppKit.framework/Headers/NSPressureConfiguration.h
/Applications/Xcode.app/Contents/Developer/Platforms/MacOSX.platform/Developer/SDKs/MacOSX26.1.sdk/System/Library/Frameworks/AppKit.framework/Headers/NSButtonTouchBarItem.h
/Applications/Xcode.app/Contents/Developer/Platforms/MacOSX.platform/Developer/SDKs/MacOSX26.1.sdk/System/Library/Frameworks/AppKit.framework/Headers/NSPickerTouchBarItem.h
/Applications/Xcode.app/Contents/Developer/Platforms/MacOSX.platform/Developer/SDKs/MacOSX26.1.sdk/System/Library/Frameworks/AppKit.framework/Headers/NSStepperTouchBarItem.h
/Applications/Xcode.app/Contents/Developer/Platforms/MacOSX.platform/Developer/SDKs/MacOSX26.1.sdk/System/Library/Frameworks/AppKit.framework/Headers/NSTintConfiguration.h
/Applications/Xcode.app/Contents/Developer/Platforms/MacOSX.platform/Developer/SDKs/MacOSX26.1.sdk/System/Library/Frameworks/AppKit.framework/Headers/NSSearchToolbarItem.h
/Applications/Xcode.app/Contents/Developer/Platforms/MacOSX.platform/Developer/SDKs/MacOSX26.1.sdk/System/Library/Frameworks/AppKit.framework/Headers/NSTextRange.h
/Applications/Xcode.app/Contents/Developer/Platforms/MacOSX.platform/Developer/SDKs/MacOSX26.1.sdk/System/Library/Frameworks/AppKit.framework/Headers/NSTextSelection.h
/Applications/Xcode.app/Contents/Developer/Platforms/MacOSX.platform/Developer/SDKs/MacOSX26.1.sdk/System/Library/Frameworks/AppKit.framework/Headers/NSTextSelectionNavigation.h
/Applications/Xcode.app/Contents/Developer/Platforms/MacOSX.platform/Developer/SDKs/MacOSX26.1.sdk/System/Library/Frameworks/AppKit.framework/Headers/NSTextContentManager.h
/Applications/Xcode.app/Contents/Developer/Platforms/MacOSX.platform/Developer/SDKs/MacOSX26.1.sdk/System/Library/Frameworks/AppKit.framework/Headers/NSTextElement.h
/Applications/Xcode.app/Contents/Developer/Platforms/MacOSX.platform/Developer/SDKs/MacOSX26.1.sdk/System/Library/Frameworks/AppKit.framework/Headers/NSTextListElement.h
/Applications/Xcode.app/Contents/Developer/Platforms/MacOSX.platform/Developer/SDKs/MacOSX26.1.sdk/System/Library/Frameworks/AppKit.framework/Headers/NSTextLayoutFragment.h
/Applications/Xcode.app/Contents/Developer/Platforms/MacOSX.platform/Developer/SDKs/MacOSX26.1.sdk/System/Library/Frameworks/AppKit.framework/Headers/NSTextLayoutManager.h
/Applications/Xcode.app/Contents/Developer/Platforms/MacOSX.platform/Developer/SDKs/MacOSX26.1.sdk/System/Library/Frameworks/AppKit.framework/Headers/NSTextLineFragment.h
/Applications/Xcode.app/Contents/Developer/Platforms/MacOSX.platform/Developer/SDKs/MacOSX26.1.sdk/System/Library/Frameworks/AppKit.framework/Headers/NSTextViewportLayoutController.h
/Applications/Xcode.app/Contents/Developer/Platforms/MacOSX.platform/Developer/SDKs/MacOSX26.1.sdk/System/Library/Frameworks/AppKit.framework/Headers/NSAdaptiveImageGlyph.h
/Applications/Xcode.app/Contents/Developer/Platforms/MacOSX.platform/Developer/SDKs/MacOSX26.1.sdk/System/Library/Frameworks/CoreText.framework/Modules/module.modulemap
/Applications/Xcode.app/Contents/Developer/Platforms/MacOSX.platform/Developer/SDKs/MacOSX26.1.sdk/System/Library/Frameworks/AppKit.framework/Headers/NSWritingToolsCoordinatorAnimationParameters.h
/Applications/Xcode.app/Contents/Developer/Platforms/MacOSX.platform/Developer/SDKs/MacOSX26.1.sdk/System/Library/Frameworks/AppKit.framework/Headers/NSWritingToolsCoordinatorContext.h
/Applications/Xcode.app/Contents/Developer/Platforms/MacOSX.platform/Developer/SDKs/MacOSX26.1.sdk/System/Library/Frameworks/AppKit.framework/Headers/NSWritingToolsCoordinator.h
/Applications/Xcode.app/Contents/Developer/Platforms/MacOSX.platform/Developer/SDKs/MacOSX26.1.sdk/System/Library/Frameworks/AppKit.framework/Headers/NSNibConnector.h
/Applications/Xcode.app/Contents/Developer/Platforms/MacOSX.platform/Developer/SDKs/MacOSX26.1.sdk/System/Library/Frameworks/AppKit.framework/Headers/NSNibControlConnector.h
/Applications/Xcode.app/Contents/Developer/Platforms/MacOSX.platform/Developer/SDKs/MacOSX26.1.sdk/System/Library/Frameworks/AppKit.framework/Headers/NSNibOutletConnector.h
/Applications/Xcode.app/Contents/Developer/Platforms/MacOSX.platform/Developer/SDKs/MacOSX26.1.sdk/SDKSettings.json
/Applications/Xcode.app/Contents/Developer/Platforms/MacOSX.platform/Developer/SDKs/MacOSX26.1.sdk/System/Library/Frameworks/ApplicationServices.framework/Headers/ApplicationServices.apinotes
/Applications/Xcode.app/Contents/Developer/Platforms/MacOSX.platform/Developer/SDKs/MacOSX26.1.sdk/System/Library/Frameworks/ApplicationServices.framework/Modules/module.modulemap
/Applications/Xcode.app/Contents/Developer/Platforms/MacOSX.platform/Developer/SDKs/MacOSX26.1.sdk/System/Library/Frameworks/ApplicationServices.framework/Headers/ApplicationServices.h
/Applications/Xcode.app/Contents/Developer/Platforms/MacOSX.platform/Developer/SDKs/MacOSX26.1.sdk/usr/include/cups.modulemap
/Applications/Xcode.app/Contents/Developer/Platforms/MacOSX.platform/Developer/SDKs/MacOSX26.1.sdk/usr/include/DarwinFoundation2.modulemap
/Applications/Xcode.app/Contents/Developer/Platforms/MacOSX.platform/Developer/SDKs/MacOSX26.1.sdk/usr/include/DarwinFoundation1.modulemap
/Applications/Xcode.app/Contents/Developer/Platforms/MacOSX.platform/Developer/SDKs/MacOSX26.1.sdk/System/Library/Frameworks/CoreServices.framework/Modules/module.modulemap
/Applications/Xcode.app/Contents/Developer/Platforms/MacOSX.platform/Developer/SDKs/MacOSX26.1.sdk/System/Library/Frameworks/ApplicationServices.framework/Frameworks/ATS.framework/Headers/ATS.h
/Applications/Xcode.app/Contents/Developer/Platforms/MacOSX.platform/Developer/SDKs/MacOSX26.1.sdk/System/Library/Frameworks/ApplicationServices.framework/Frameworks/ATS.framework/Headers/ATSDefines.h
/Applications/Xcode.app/Contents/Developer/Platforms/MacOSX.platform/Developer/SDKs/MacOSX26.1.sdk/System/Library/Frameworks/ApplicationServices.framework/Frameworks/ATS.framework/Headers/ATSLayoutTypes.h
/Applications/Xcode.app/Contents/Developer/Platforms/MacOSX.platform/Developer/SDKs/MacOSX26.1.sdk/System/Library/Frameworks/ApplicationServices.framework/Frameworks/ATS.framework/Headers/SFNTLayoutTypes.h
/Applications/Xcode.app/Contents/Developer/Platforms/MacOSX.platform/Developer/SDKs/MacOSX26.1.sdk/System/Library/Frameworks/CoreText.framework/Modules/module.modulemap
/Applications/Xcode.app/Contents/Developer/Platforms/MacOSX.platform/Developer/SDKs/MacOSX26.1.sdk/System/Library/Frameworks/ApplicationServices.framework/Frameworks/ATS.framework/Headers/ATSTypes.h
/Applications/Xcode.app/Contents/Developer/Platforms/MacOSX.platform/Developer/SDKs/MacOSX26.1.sdk/System/Library/Frameworks/CoreGraphics.framework/Modules/module.modulemap
/Applications/Xcode.app/Contents/Developer/Platforms/MacOSX.platform/Developer/SDKs/MacOSX26.1.sdk/System/Library/Frameworks/ApplicationServices.framework/Frameworks/ATS.framework/Headers/ATSFont.h
/Applications/Xcode.app/Contents/Developer/Platforms/MacOSX.platform/Developer/SDKs/MacOSX26.1.sdk/System/Library/Frameworks/ApplicationServices.framework/Frameworks/ATS.framework/Headers/SFNTTypes.h
/Applications/Xcode.app/Contents/Developer/Platforms/MacOSX.platform/Developer/SDKs/MacOSX26.1.sdk/System/Library/Frameworks/ColorSync.framework/Modules/module.modulemap
/Applications/Xcode.app/Contents/Developer/Platforms/MacOSX.platform/Developer/SDKs/MacOSX26.1.sdk/System/Library/Frameworks/ApplicationServices.framework/Frameworks/HIServices.framework/Headers/HIServices.h
/Applications/Xcode.app/Contents/Developer/Platforms/MacOSX.platform/Developer/SDKs/MacOSX26.1.sdk/System/Library/Frameworks/ApplicationServices.framework/Frameworks/HIServices.framework/Headers/HIShape.h
/Applications/Xcode.app/Contents/Developer/Platforms/MacOSX.platform/Developer/SDKs/MacOSX26.1.sdk/System/Library/Frameworks/ApplicationServices.framework/Frameworks/QD.framework/Headers/Quickdraw.h
/Applications/Xcode.app/Contents/Developer/Platforms/MacOSX.platform/Developer/SDKs/MacOSX26.1.sdk/System/Library/Frameworks/ApplicationServices.framework/Frameworks/QD.framework/Headers/ColorSyncDeprecated.h
/Applications/Xcode.app/Contents/Developer/Toolchains/XcodeDefault.xctoolchain/usr/lib/swift/clang/include/module.modulemap
/Applications/Xcode.app/Contents/Developer/Toolchains/XcodeDefault.xctoolchain/usr/lib/swift/clang/include/stddef.h
/Applications/Xcode.app/Contents/Developer/Platforms/MacOSX.platform/Developer/SDKs/MacOSX26.1.sdk/System/Library/Frameworks/ApplicationServices.framework/Frameworks/HIServices.framework/Headers/Icons.h
/Applications/Xcode.app/Contents/Developer/Platforms/MacOSX.platform/Developer/SDKs/MacOSX26.1.sdk/System/Library/Frameworks/ApplicationServices.framework/Frameworks/HIServices.framework/Headers/InternetConfig.h
/Applications/Xcode.app/Contents/Developer/Platforms/MacOSX.platform/Developer/SDKs/MacOSX26.1.sdk/System/Library/Frameworks/ApplicationServices.framework/Frameworks/HIServices.framework/Headers/Processes.h
/Applications/Xcode.app/Contents/Developer/Platforms/MacOSX.platform/Developer/SDKs/MacOSX26.1.sdk/System/Library/Frameworks/ApplicationServices.framework/Frameworks/HIServices.framework/Headers/Pasteboard.h
/Applications/Xcode.app/Contents/Developer/Platforms/MacOSX.platform/Developer/SDKs/MacOSX26.1.sdk/System/Library/Frameworks/ApplicationServices.framework/Frameworks/HIServices.framework/Headers/TranslationServices.h
/Applications/Xcode.app/Contents/Developer/Platforms/MacOSX.platform/Developer/SDKs/MacOSX26.1.sdk/System/Library/Frameworks/ApplicationServices.framework/Frameworks/HIServices.framework/Headers/Accessibility.h
/Applications/Xcode.app/Contents/Developer/Platforms/MacOSX.platform/Developer/SDKs/MacOSX26.1.sdk/System/Library/Frameworks/ApplicationServices.framework/Frameworks/HIServices.framework/Headers/AXError.h
/Applications/Xcode.app/Contents/Developer/Platforms/MacOSX.platform/Developer/SDKs/MacOSX26.1.sdk/System/Library/Frameworks/CoreFoundation.framework/Modules/module.modulemap
/Applications/Xcode.app/Contents/Developer/Platforms/MacOSX.platform/Developer/SDKs/MacOSX26.1.sdk/System/Library/Frameworks/ApplicationServices.framework/Frameworks/HIServices.framework/Headers/AXConstants.h
/Applications/Xcode.app/Contents/Developer/Platforms/MacOSX.platform/Developer/SDKs/MacOSX26.1.sdk/System/Library/Frameworks/ApplicationServices.framework/Frameworks/HIServices.framework/Headers/AXRoleConstants.h
/Applications/Xcode.app/Contents/Developer/Platforms/MacOSX.platform/Developer/SDKs/MacOSX26.1.sdk/System/Library/Frameworks/ApplicationServices.framework/Frameworks/HIServices.framework/Headers/AXAttributeConstants.h
/Applications/Xcode.app/Contents/Developer/Platforms/MacOSX.platform/Developer/SDKs/MacOSX26.1.sdk/System/Library/Frameworks/ApplicationServices.framework/Frameworks/HIServices.framework/Headers/AXActionConstants.h
/Applications/Xcode.app/Contents/Developer/Platforms/MacOSX.platform/Developer/SDKs/MacOSX26.1.sdk/System/Library/Frameworks/ApplicationServices.framework/Frameworks/HIServices.framework/Headers/AXNotificationConstants.h
/Applications/Xcode.app/Contents/Developer/Platforms/MacOSX.platform/Developer/SDKs/MacOSX26.1.sdk/System/Library/Frameworks/ApplicationServices.framework/Frameworks/HIServices.framework/Headers/AXValueConstants.h
/Applications/Xcode.app/Contents/Developer/Platforms/MacOSX.platform/Developer/SDKs/MacOSX26.1.sdk/System/Library/Frameworks/ApplicationServices.framework/Frameworks/HIServices.framework/Headers/AXWebConstants.h
/Applications/Xcode.app/Contents/Developer/Platforms/MacOSX.platform/Developer/SDKs/MacOSX26.1.sdk/System/Library/Frameworks/ApplicationServices.framework/Frameworks/HIServices.framework/Headers/AXUIElement.h
/Applications/Xcode.app/Contents/Developer/Platforms/MacOSX.platform/Developer/SDKs/MacOSX26.1.sdk/System/Library/Frameworks/ApplicationServices.framework/Frameworks/HIServices.framework/Headers/AXValue.h
/Applications/Xcode.app/Contents/Developer/Platforms/MacOSX.platform/Developer/SDKs/MacOSX26.1.sdk/System/Library/Frameworks/ApplicationServices.framework/Frameworks/HIServices.framework/Headers/AXTextAttributedString.h
/Applications/Xcode.app/Contents/Developer/Platforms/MacOSX.platform/Developer/SDKs/MacOSX26.1.sdk/System/Library/Frameworks/ApplicationServices.framework/Frameworks/HIServices.framework/Headers/UniversalAccess.h
/Applications/Xcode.app/Contents/Developer/Platforms/MacOSX.platform/Developer/SDKs/MacOSX26.1.sdk/System/Library/Frameworks/ImageIO.framework/Modules/module.modulemap
/Applications/Xcode.app/Contents/Developer/Platforms/MacOSX.platform/Developer/SDKs/MacOSX26.1.sdk/System/Library/Frameworks/ApplicationServices.framework/Frameworks/PrintCore.framework/Headers/PrintCore.h
/Applications/Xcode.app/Contents/Developer/Platforms/MacOSX.platform/Developer/SDKs/MacOSX26.1.sdk/System/Library/Frameworks/ApplicationServices.framework/Frameworks/PrintCore.framework/Headers/PDEPluginInterface.h
/Applications/Xcode.app/Contents/Developer/Platforms/MacOSX.platform/Developer/SDKs/MacOSX26.1.sdk/System/Library/Frameworks/Foundation.framework/Modules/module.modulemap
/Applications/Xcode.app/Contents/Developer/Platforms/MacOSX.platform/Developer/SDKs/MacOSX26.1.sdk/System/Library/Frameworks/ApplicationServices.framework/Frameworks/PrintCore.framework/Headers/PMDefinitions.h
/Applications/Xcode.app/Contents/Developer/Platforms/MacOSX.platform/Developer/SDKs/MacOSX26.1.sdk/System/Library/Frameworks/ApplicationServices.framework/Frameworks/PrintCore.framework/Headers/PMCore.h
/Applications/Xcode.app/Contents/Developer/Platforms/MacOSX.platform/Developer/SDKs/MacOSX26.1.sdk/System/Library/Frameworks/ApplicationServices.framework/Frameworks/PrintCore.framework/Headers/PMPrintAETypes.h
/Applications/Xcode.app/Contents/Developer/Platforms/MacOSX.platform/Developer/SDKs/MacOSX26.1.sdk/System/Library/Frameworks/ApplicationServices.framework/Frameworks/PrintCore.framework/Headers/PMPrintingDialogExtensions.h
/Applications/Xcode.app/Contents/Developer/Platforms/MacOSX.platform/Developer/SDKs/MacOSX26.1.sdk/System/Library/Frameworks/ApplicationServices.framework/Frameworks/PrintCore.framework/Headers/PMPrintSettingsKeys.h
/Applications/Xcode.app/Contents/Developer/Platforms/MacOSX.platform/Developer/SDKs/MacOSX26.1.sdk/System/Library/Frameworks/ApplicationServices.framework/Frameworks/PrintCore.framework/Headers/PMErrors.h
/Applications/Xcode.app/Contents/Developer/Platforms/MacOSX.platform/Developer/SDKs/MacOSX26.1.sdk/System/Library/Frameworks/ApplicationServices.framework/Frameworks/QD.framework/Headers/QD.h
/Applications/Xcode.app/Contents/Developer/Platforms/MacOSX.platform/Developer/SDKs/MacOSX26.1.sdk/System/Library/Frameworks/ApplicationServices.framework/Frameworks/QD.framework/Headers/QDAvailability.h
/Applications/Xcode.app/Contents/Developer/Platforms/MacOSX.platform/Developer/SDKs/MacOSX26.1.sdk/System/Library/Frameworks/ApplicationServices.framework/Frameworks/QD.framework/Headers/Fonts.h
/Applications/Xcode.app/Contents/Developer/Platforms/MacOSX.platform/Developer/SDKs/MacOSX26.1.sdk/System/Library/Frameworks/ApplicationServices.framework/Frameworks/ATSUI.framework/Headers/ATSUnicode.h
/Applications/Xcode.app/Contents/Developer/Platforms/MacOSX.platform/Developer/SDKs/MacOSX26.1.sdk/System/Library/Frameworks/ApplicationServices.framework/Frameworks/ATSUI.framework/Headers/ATSAvailability.h
/Applications/Xcode.app/Contents/Developer/Platforms/MacOSX.platform/Developer/SDKs/MacOSX26.1.sdk/System/Library/Frameworks/ApplicationServices.framework/Frameworks/ATSUI.framework/Headers/ATSUnicodeTypes.h
/Applications/Xcode.app/Contents/Developer/Platforms/MacOSX.platform/Developer/SDKs/MacOSX26.1.sdk/System/Library/Frameworks/ApplicationServices.framework/Frameworks/ATSUI.framework/Headers/ATSUnicodeGlyphs.h
/Applications/Xcode.app/Contents/Developer/Platforms/MacOSX.platform/Developer/SDKs/MacOSX26.1.sdk/System/Library/Frameworks/ApplicationServices.framework/Frameworks/ATSUI.framework/Headers/ATSUnicodeFlattening.h
/Applications/Xcode.app/Contents/Developer/Platforms/MacOSX.platform/Developer/SDKs/MacOSX26.1.sdk/System/Library/Frameworks/ApplicationServices.framework/Frameworks/ATSUI.framework/Headers/ATSUnicodeDirectAccess.h
/Applications/Xcode.app/Contents/Developer/Platforms/MacOSX.platform/Developer/SDKs/MacOSX26.1.sdk/System/Library/Frameworks/ApplicationServices.framework/Frameworks/SpeechSynthesis.framework/Headers/SpeechSynthesis.h
/Applications/Xcode.app/Contents/Developer/Platforms/MacOSX.platform/Developer/SDKs/MacOSX26.1.sdk/SDKSettings.json
/Applications/Xcode.app/Contents/Developer/Platforms/MacOSX.platform/Developer/SDKs/MacOSX26.1.sdk/System/Library/Frameworks/CFNetwork.framework/Modules/module.modulemap
/Applications/Xcode.app/Contents/Developer/Platforms/MacOSX.platform/Developer/SDKs/MacOSX26.1.sdk/System/Library/Frameworks/CFNetwork.framework/Headers/CFNetwork.h
/Applications/Xcode.app/Contents/Developer/Platforms/MacOSX.platform/Developer/SDKs/MacOSX26.1.sdk/System/Library/Frameworks/CoreFoundation.framework/Modules/module.modulemap
/Applications/Xcode.app/Contents/Developer/Platforms/MacOSX.platform/Developer/SDKs/MacOSX26.1.sdk/System/Library/Frameworks/CFNetwork.framework/Headers/CFNetworkDefs.h
/Applications/Xcode.app/Contents/Developer/Platforms/MacOSX.platform/Developer/SDKs/MacOSX26.1.sdk/usr/include/Darwin.modulemap
/Applications/Xcode.app/Contents/Developer/Platforms/MacOSX.platform/Developer/SDKs/MacOSX26.1.sdk/System/Library/Frameworks/CFNetwork.framework/Headers/CFNetworkErrors.h
/Applications/Xcode.app/Contents/Developer/Platforms/MacOSX.platform/Developer/SDKs/MacOSX26.1.sdk/System/Library/Frameworks/CFNetwork.framework/Headers/CFSocketStream.h
/Applications/Xcode.app/Contents/Developer/Platforms/MacOSX.platform/Developer/SDKs/MacOSX26.1.sdk/System/Library/Frameworks/CFNetwork.framework/Headers/CFHost.h
/Applications/Xcode.app/Contents/Developer/Platforms/MacOSX.platform/Developer/SDKs/MacOSX26.1.sdk/System/Library/Frameworks/CFNetwork.framework/Headers/CFNetServices.h
/Applications/Xcode.app/Contents/Developer/Platforms/MacOSX.platform/Developer/SDKs/MacOSX26.1.sdk/System/Library/Frameworks/CFNetwork.framework/Headers/CFFTPStream.h
/Applications/Xcode.app/Contents/Developer/Platforms/MacOSX.platform/Developer/SDKs/MacOSX26.1.sdk/System/Library/Frameworks/CFNetwork.framework/Headers/CFHTTPMessage.h
/Applications/Xcode.app/Contents/Developer/Platforms/MacOSX.platform/Developer/SDKs/MacOSX26.1.sdk/System/Library/Frameworks/CFNetwork.framework/Headers/CFHTTPStream.h
/Applications/Xcode.app/Contents/Developer/Platforms/MacOSX.platform/Developer/SDKs/MacOSX26.1.sdk/System/Library/Frameworks/CFNetwork.framework/Headers/CFHTTPAuthentication.h
/Applications/Xcode.app/Contents/Developer/Platforms/MacOSX.platform/Developer/SDKs/MacOSX26.1.sdk/System/Library/Frameworks/CFNetwork.framework/Headers/CFNetDiagnostics.h
/Applications/Xcode.app/Contents/Developer/Toolchains/XcodeDefault.xctoolchain/usr/lib/swift/clang/include/module.modulemap
/Applications/Xcode.app/Contents/Developer/Platforms/MacOSX.platform/Developer/SDKs/MacOSX26.1.sdk/System/Library/Frameworks/CFNetwork.framework/Headers/CFProxySupport.h
/Applications/Xcode.app/Contents/Developer/Platforms/MacOSX.platform/Developer/SDKs/MacOSX26.1.sdk/SDKSettings.json
/Applications/Xcode.app/Contents/Developer/Platforms/MacOSX.platform/Developer/SDKs/MacOSX26.1.sdk/usr/include/cups.modulemap
/Applications/Xcode.app/Contents/Developer/Platforms/MacOSX.platform/Developer/SDKs/MacOSX26.1.sdk/usr/include/Darwin.modulemap
/Applications/Xcode.app/Contents/Developer/Platforms/MacOSX.platform/Developer/SDKs/MacOSX26.1.sdk/usr/include/Darwin_C.modulemap
/Applications/Xcode.app/Contents/Developer/Platforms/MacOSX.platform/Developer/SDKs/MacOSX26.1.sdk/usr/include/Darwin_POSIX.modulemap
/Applications/Xcode.app/Contents/Developer/Platforms/MacOSX.platform/Developer/SDKs/MacOSX26.1.sdk/usr/include/net.modulemap
/Applications/Xcode.app/Contents/Developer/Platforms/MacOSX.platform/Developer/SDKs/MacOSX26.1.sdk/usr/include/netinet.modulemap
/Applications/Xcode.app/Contents/Developer/Platforms/MacOSX.platform/Developer/SDKs/MacOSX26.1.sdk/usr/include/bank.modulemap
/Applications/Xcode.app/Contents/Developer/Platforms/MacOSX.platform/Developer/SDKs/MacOSX26.1.sdk/usr/include/Darwin_Mach.modulemap
/Applications/Xcode.app/Contents/Developer/Platforms/MacOSX.platform/Developer/SDKs/MacOSX26.1.sdk/usr/include/Darwin_Mach_machine.modulemap
/Applications/Xcode.app/Contents/Developer/Platforms/MacOSX.platform/Developer/SDKs/MacOSX26.1.sdk/usr/include/mach_debug.modulemap
/Applications/Xcode.app/Contents/Developer/Platforms/MacOSX.platform/Developer/SDKs/MacOSX26.1.sdk/usr/include/device.modulemap
/Applications/Xcode.app/Contents/Developer/Platforms/MacOSX.platform/Developer/SDKs/MacOSX26.1.sdk/usr/include/Darwin_machine.modulemap
/Applications/Xcode.app/Contents/Developer/Platforms/MacOSX.platform/Developer/SDKs/MacOSX26.1.sdk/usr/include/ncurses.modulemap
/Applications/Xcode.app/Contents/Developer/Platforms/MacOSX.platform/Developer/SDKs/MacOSX26.1.sdk/usr/include/netinet6.modulemap
/Applications/Xcode.app/Contents/Developer/Platforms/MacOSX.platform/Developer/SDKs/MacOSX26.1.sdk/usr/include/Darwin_sys.modulemap
/Applications/Xcode.app/Contents/Developer/Platforms/MacOSX.platform/Developer/SDKs/MacOSX26.1.sdk/usr/include/uuid.modulemap
/Applications/Xcode.app/Contents/Developer/Platforms/MacOSX.platform/Developer/SDKs/MacOSX26.1.sdk/usr/include/DarwinFoundation2.modulemap
/Applications/Xcode.app/Contents/Developer/Platforms/MacOSX.platform/Developer/SDKs/MacOSX26.1.sdk/usr/include/DarwinFoundation3.modulemap
/Applications/Xcode.app/Contents/Developer/Platforms/MacOSX.platform/Developer/SDKs/MacOSX26.1.sdk/usr/include/DarwinFoundation1.modulemap
/Applications/Xcode.app/Contents/Developer/Platforms/MacOSX.platform/Developer/SDKs/MacOSX26.1.sdk/usr/include/cups/cups.h
/Applications/Xcode.app/Contents/Developer/Platforms/MacOSX.platform/Developer/SDKs/MacOSX26.1.sdk/usr/include/cups/file.h
/Applications/Xcode.app/Contents/Developer/Platforms/MacOSX.platform/Developer/SDKs/MacOSX26.1.sdk/usr/include/cups/versioning.h
/Applications/Xcode.app/Contents/Developer/Toolchains/XcodeDefault.xctoolchain/usr/lib/swift/clang/include/module.modulemap
/Applications/Xcode.app/Contents/Developer/Toolchains/XcodeDefault.xctoolchain/usr/lib/swift/clang/include/stddef.h
/Applications/Xcode.app/Contents/Developer/Platforms/MacOSX.platform/Developer/SDKs/MacOSX26.1.sdk/usr/include/cups/ipp.h
/Applications/Xcode.app/Contents/Developer/Platforms/MacOSX.platform/Developer/SDKs/MacOSX26.1.sdk/usr/include/cups/http.h
/Applications/Xcode.app/Contents/Developer/Platforms/MacOSX.platform/Developer/SDKs/MacOSX26.1.sdk/usr/include/cups/array.h
/Applications/Xcode.app/Contents/Developer/Platforms/MacOSX.platform/Developer/SDKs/MacOSX26.1.sdk/usr/include/stdlib.h
/Applications/Xcode.app/Contents/Developer/Platforms/MacOSX.platform/Developer/SDKs/MacOSX26.1.sdk/usr/include/string.h
/Applications/Xcode.app/Contents/Developer/Platforms/MacOSX.platform/Developer/SDKs/MacOSX26.1.sdk/usr/include/time.h
/Applications/Xcode.app/Contents/Developer/Toolchains/XcodeDefault.xctoolchain/usr/lib/swift/clang/include/stdarg.h
/Applications/Xcode.app/Contents/Developer/Platforms/MacOSX.platform/Developer/SDKs/MacOSX26.1.sdk/usr/include/cups/language.h
/Applications/Xcode.app/Contents/Developer/Platforms/MacOSX.platform/Developer/SDKs/MacOSX26.1.sdk/usr/include/cups/pwg.h
/Applications/Xcode.app/Contents/Developer/Platforms/MacOSX.platform/Developer/SDKs/MacOSX26.1.sdk/usr/include/cups/adminutil.h
/Applications/Xcode.app/Contents/Developer/Platforms/MacOSX.platform/Developer/SDKs/MacOSX26.1.sdk/usr/include/stdio.h
/Applications/Xcode.app/Contents/Developer/Platforms/MacOSX.platform/Developer/SDKs/MacOSX26.1.sdk/usr/include/cups/backend.h
/Applications/Xcode.app/Contents/Developer/Platforms/MacOSX.platform/Developer/SDKs/MacOSX26.1.sdk/usr/include/cups/dir.h
/Applications/Xcode.app/Contents/Developer/Platforms/MacOSX.platform/Developer/SDKs/MacOSX26.1.sdk/usr/include/cups/ppd.h
/Applications/Xcode.app/Contents/Developer/Platforms/MacOSX.platform/Developer/SDKs/MacOSX26.1.sdk/usr/include/cups/raster.h
/Applications/Xcode.app/Contents/Developer/Platforms/MacOSX.platform/Developer/SDKs/MacOSX26.1.sdk/usr/include/cups/sidechannel.h
/Applications/Xcode.app/Contents/Developer/Platforms/MacOSX.platform/Developer/SDKs/MacOSX26.1.sdk/usr/include/cups/transcode.h
/Applications/Xcode.app/Contents/Developer/Platforms/MacOSX.platform/Developer/SDKs/MacOSX26.1.sdk/SDKSettings.json
/Applications/Xcode.app/Contents/Developer/Platforms/MacOSX.platform/Developer/SDKs/MacOSX26.1.sdk/System/Library/Frameworks/ColorSync.framework/Modules/module.modulemap
/Applications/Xcode.app/Contents/Developer/Platforms/MacOSX.platform/Developer/SDKs/MacOSX26.1.sdk/System/Library/Frameworks/ColorSync.framework/Headers/ColorSync.h
/Applications/Xcode.app/Contents/Developer/Platforms/MacOSX.platform/Developer/SDKs/MacOSX26.1.sdk/System/Library/Frameworks/ColorSync.framework/Headers/ColorSyncBase.h
/Applications/Xcode.app/Contents/Developer/Platforms/MacOSX.platform/Developer/SDKs/MacOSX26.1.sdk/System/Library/Frameworks/CoreFoundation.framework/Modules/module.modulemap
/Applications/Xcode.app/Contents/Developer/Platforms/MacOSX.platform/Developer/SDKs/MacOSX26.1.sdk/usr/include/DarwinFoundation1.modulemap
/Applications/Xcode.app/Contents/Developer/Toolchains/XcodeDefault.xctoolchain/usr/lib/swift/clang/include/module.modulemap
/Applications/Xcode.app/Contents/Developer/Platforms/MacOSX.platform/Developer/SDKs/MacOSX26.1.sdk/System/Library/Frameworks/ColorSync.framework/Headers/ColorSyncProfile.h
/Applications/Xcode.app/Contents/Developer/Platforms/MacOSX.platform/Developer/SDKs/MacOSX26.1.sdk/System/Library/Frameworks/ColorSync.framework/Headers/ColorSyncTransform.h
/Applications/Xcode.app/Contents/Developer/Platforms/MacOSX.platform/Developer/SDKs/MacOSX26.1.sdk/System/Library/Frameworks/ColorSync.framework/Headers/ColorSyncCMM.h
/Applications/Xcode.app/Contents/Developer/Platforms/MacOSX.platform/Developer/SDKs/MacOSX26.1.sdk/System/Library/Frameworks/ColorSync.framework/Headers/ColorSyncDevice.h
/Applications/Xcode.app/Contents/Developer/Platforms/MacOSX.platform/Developer/SDKs/MacOSX26.1.sdk/SDKSettings.json
/Applications/Xcode.app/Contents/Developer/Toolchains/XcodeDefault.xctoolchain/usr/lib/swift/macosx/prebuilt-modules/26.1/Combine.swiftmodule/arm64e-apple-macos.swiftmodule
/Applications/Xcode.app/Contents/Developer/Platforms/MacOSX.platform/Developer/SDKs/MacOSX26.1.sdk/System/Library/Frameworks/CoreData.framework/Headers/CoreData.apinotes
/Applications/Xcode.app/Contents/Developer/Platforms/MacOSX.platform/Developer/SDKs/MacOSX26.1.sdk/System/Library/Frameworks/CoreData.framework/Modules/module.modulemap
/Applications/Xcode.app/Contents/Developer/Platforms/MacOSX.platform/Developer/SDKs/MacOSX26.1.sdk/System/Library/Frameworks/CoreData.framework/Headers/CoreData.h
/Applications/Xcode.app/Contents/Developer/Platforms/MacOSX.platform/Developer/SDKs/MacOSX26.1.sdk/System/Library/Frameworks/Foundation.framework/Modules/module.modulemap
/Applications/Xcode.app/Contents/Developer/Platforms/MacOSX.platform/Developer/SDKs/MacOSX26.1.sdk/System/Library/Frameworks/CoreData.framework/Headers/CoreDataDefines.h
/Applications/Xcode.app/Contents/Developer/Platforms/MacOSX.platform/Developer/SDKs/MacOSX26.1.sdk/usr/include/DarwinFoundation1.modulemap
/Applications/Xcode.app/Contents/Developer/Platforms/MacOSX.platform/Developer/SDKs/MacOSX26.1.sdk/System/Library/Frameworks/CoreData.framework/Headers/CoreDataErrors.h
/Applications/Xcode.app/Contents/Developer/Platforms/MacOSX.platform/Developer/SDKs/MacOSX26.1.sdk/System/Library/Frameworks/CoreData.framework/Headers/NSAttributeDescription.h
/Applications/Xcode.app/Contents/Developer/Platforms/MacOSX.platform/Developer/SDKs/MacOSX26.1.sdk/System/Library/Frameworks/CoreData.framework/Headers/NSPropertyDescription.h
/Applications/Xcode.app/Contents/Developer/Platforms/MacOSX.platform/Developer/SDKs/MacOSX26.1.sdk/System/Library/Frameworks/CoreData.framework/Headers/NSDerivedAttributeDescription.h
/Applications/Xcode.app/Contents/Developer/Platforms/MacOSX.platform/Developer/SDKs/MacOSX26.1.sdk/System/Library/Frameworks/CoreData.framework/Headers/NSCompositeAttributeDescription.h
/Applications/Xcode.app/Contents/Developer/Platforms/MacOSX.platform/Developer/SDKs/MacOSX26.1.sdk/System/Library/Frameworks/CoreData.framework/Headers/NSEntityDescription.h
/Applications/Xcode.app/Contents/Developer/Platforms/MacOSX.platform/Developer/SDKs/MacOSX26.1.sdk/System/Library/Frameworks/CoreData.framework/Headers/NSFetchedPropertyDescription.h
/Applications/Xcode.app/Contents/Developer/Platforms/MacOSX.platform/Developer/SDKs/MacOSX26.1.sdk/System/Library/Frameworks/CoreData.framework/Headers/NSExpressionDescription.h
/Applications/Xcode.app/Contents/Developer/Platforms/MacOSX.platform/Developer/SDKs/MacOSX26.1.sdk/System/Library/Frameworks/CoreData.framework/Headers/NSRelationshipDescription.h
/Applications/Xcode.app/Contents/Developer/Platforms/MacOSX.platform/Developer/SDKs/MacOSX26.1.sdk/System/Library/Frameworks/CoreData.framework/Headers/NSFetchIndexDescription.h
/Applications/Xcode.app/Contents/Developer/Platforms/MacOSX.platform/Developer/SDKs/MacOSX26.1.sdk/System/Library/Frameworks/CoreData.framework/Headers/NSFetchIndexElementDescription.h
/Applications/Xcode.app/Contents/Developer/Platforms/MacOSX.platform/Developer/SDKs/MacOSX26.1.sdk/System/Library/Frameworks/CoreData.framework/Headers/NSFetchRequest.h
/Applications/Xcode.app/Contents/Developer/Platforms/MacOSX.platform/Developer/SDKs/MacOSX26.1.sdk/System/Library/Frameworks/CoreData.framework/Headers/NSPersistentStoreRequest.h
/Applications/Xcode.app/Contents/Developer/Platforms/MacOSX.platform/Developer/SDKs/MacOSX26.1.sdk/System/Library/Frameworks/CoreData.framework/Headers/NSManagedObject.h
/Applications/Xcode.app/Contents/Developer/Platforms/MacOSX.platform/Developer/SDKs/MacOSX26.1.sdk/System/Library/Frameworks/CoreData.framework/Headers/NSManagedObjectID.h
/Applications/Xcode.app/Contents/Developer/Platforms/MacOSX.platform/Developer/SDKs/MacOSX26.1.sdk/System/Library/Frameworks/CoreData.framework/Headers/NSFetchRequestExpression.h
/Applications/Xcode.app/Contents/Developer/Platforms/MacOSX.platform/Developer/SDKs/MacOSX26.1.sdk/System/Library/Frameworks/CoreData.framework/Headers/NSManagedObjectModel.h
/Applications/Xcode.app/Contents/Developer/Platforms/MacOSX.platform/Developer/SDKs/MacOSX26.1.sdk/System/Library/Frameworks/CoreData.framework/Headers/NSManagedObjectContext.h
/Applications/Xcode.app/Contents/Developer/Platforms/MacOSX.platform/Developer/SDKs/MacOSX26.1.sdk/System/Library/Frameworks/CoreData.framework/Headers/NSPersistentStoreCoordinator.h
/Applications/Xcode.app/Contents/Developer/Platforms/MacOSX.platform/Developer/SDKs/MacOSX26.1.sdk/System/Library/Frameworks/CoreData.framework/Headers/NSPersistentStore.h
/Applications/Xcode.app/Contents/Developer/Platforms/MacOSX.platform/Developer/SDKs/MacOSX26.1.sdk/System/Library/Frameworks/CoreData.framework/Headers/NSAtomicStore.h
/Applications/Xcode.app/Contents/Developer/Platforms/MacOSX.platform/Developer/SDKs/MacOSX26.1.sdk/System/Library/Frameworks/CoreData.framework/Headers/NSAtomicStoreCacheNode.h
/Applications/Xcode.app/Contents/Developer/Platforms/MacOSX.platform/Developer/SDKs/MacOSX26.1.sdk/System/Library/Frameworks/CoreData.framework/Headers/NSEntityMigrationPolicy.h
/Applications/Xcode.app/Contents/Developer/Platforms/MacOSX.platform/Developer/SDKs/MacOSX26.1.sdk/System/Library/Frameworks/CoreData.framework/Headers/NSMappingModel.h
/Applications/Xcode.app/Contents/Developer/Platforms/MacOSX.platform/Developer/SDKs/MacOSX26.1.sdk/System/Library/Frameworks/CoreData.framework/Headers/NSEntityMapping.h
/Applications/Xcode.app/Contents/Developer/Platforms/MacOSX.platform/Developer/SDKs/MacOSX26.1.sdk/System/Library/Frameworks/CoreData.framework/Headers/NSPropertyMapping.h
/Applications/Xcode.app/Contents/Developer/Platforms/MacOSX.platform/Developer/SDKs/MacOSX26.1.sdk/System/Library/Frameworks/CoreData.framework/Headers/NSMigrationManager.h
/Applications/Xcode.app/Contents/Developer/Platforms/MacOSX.platform/Developer/SDKs/MacOSX26.1.sdk/System/Library/Frameworks/CoreData.framework/Headers/NSIncrementalStore.h
/Applications/Xcode.app/Contents/Developer/Platforms/MacOSX.platform/Developer/SDKs/MacOSX26.1.sdk/System/Library/Frameworks/CoreData.framework/Headers/NSIncrementalStoreNode.h
/Applications/Xcode.app/Contents/Developer/Platforms/MacOSX.platform/Developer/SDKs/MacOSX26.1.sdk/System/Library/Frameworks/CoreData.framework/Headers/NSPersistentStoreResult.h
/Applications/Xcode.app/Contents/Developer/Platforms/MacOSX.platform/Developer/SDKs/MacOSX26.1.sdk/System/Library/Frameworks/CoreData.framework/Headers/NSSaveChangesRequest.h
/Applications/Xcode.app/Contents/Developer/Platforms/MacOSX.platform/Developer/SDKs/MacOSX26.1.sdk/System/Library/Frameworks/CoreData.framework/Headers/NSBatchUpdateRequest.h
/Applications/Xcode.app/Contents/Developer/Platforms/MacOSX.platform/Developer/SDKs/MacOSX26.1.sdk/System/Library/Frameworks/CoreData.framework/Headers/NSBatchDeleteRequest.h
/Applications/Xcode.app/Contents/Developer/Platforms/MacOSX.platform/Developer/SDKs/MacOSX26.1.sdk/System/Library/Frameworks/CoreData.framework/Headers/NSBatchInsertRequest.h
/Applications/Xcode.app/Contents/Developer/Platforms/MacOSX.platform/Developer/SDKs/MacOSX26.1.sdk/System/Library/Frameworks/CoreData.framework/Headers/NSMergePolicy.h
/Applications/Xcode.app/Contents/Developer/Platforms/MacOSX.platform/Developer/SDKs/MacOSX26.1.sdk/System/Library/Frameworks/CoreData.framework/Headers/NSFetchedResultsController.h
/Applications/Xcode.app/Contents/Developer/Platforms/MacOSX.platform/Developer/SDKs/MacOSX26.1.sdk/System/Library/Frameworks/CoreData.framework/Headers/NSQueryGenerationToken.h
/Applications/Xcode.app/Contents/Developer/Platforms/MacOSX.platform/Developer/SDKs/MacOSX26.1.sdk/System/Library/Frameworks/CoreData.framework/Headers/NSPersistentStoreDescription.h
/Applications/Xcode.app/Contents/Developer/Platforms/MacOSX.platform/Developer/SDKs/MacOSX26.1.sdk/System/Library/Frameworks/CoreData.framework/Headers/NSPersistentContainer.h
/Applications/Xcode.app/Contents/Developer/Platforms/MacOSX.platform/Developer/SDKs/MacOSX26.1.sdk/System/Library/Frameworks/CoreData.framework/Headers/NSPersistentHistoryChange.h
/Applications/Xcode.app/Contents/Developer/Platforms/MacOSX.platform/Developer/SDKs/MacOSX26.1.sdk/System/Library/Frameworks/CoreData.framework/Headers/NSPersistentHistoryChangeRequest.h
/Applications/Xcode.app/Contents/Developer/Platforms/MacOSX.platform/Developer/SDKs/MacOSX26.1.sdk/System/Library/Frameworks/CoreData.framework/Headers/NSPersistentHistoryToken.h
/Applications/Xcode.app/Contents/Developer/Platforms/MacOSX.platform/Developer/SDKs/MacOSX26.1.sdk/System/Library/Frameworks/CoreData.framework/Headers/NSPersistentHistoryTransaction.h
/Applications/Xcode.app/Contents/Developer/Platforms/MacOSX.platform/Developer/SDKs/MacOSX26.1.sdk/System/Library/Frameworks/CoreData.framework/Headers/NSPersistentCloudKitContainer.h
/Applications/Xcode.app/Contents/Developer/Platforms/MacOSX.platform/Developer/SDKs/MacOSX26.1.sdk/System/Library/Frameworks/CoreData.framework/Headers/NSPersistentCloudKitContainerOptions.h
/Applications/Xcode.app/Contents/Developer/Platforms/MacOSX.platform/Developer/SDKs/MacOSX26.1.sdk/System/Library/Frameworks/CoreData.framework/Headers/NSPersistentCloudKitContainerEvent.h
/Applications/Xcode.app/Contents/Developer/Platforms/MacOSX.platform/Developer/SDKs/MacOSX26.1.sdk/System/Library/Frameworks/CoreData.framework/Headers/NSPersistentCloudKitContainerEventRequest.h
/Applications/Xcode.app/Contents/Developer/Platforms/MacOSX.platform/Developer/SDKs/MacOSX26.1.sdk/System/Library/Frameworks/CoreData.framework/Headers/NSStagedMigrationManager.h
/Applications/Xcode.app/Contents/Developer/Platforms/MacOSX.platform/Developer/SDKs/MacOSX26.1.sdk/System/Library/Frameworks/CoreData.framework/Headers/NSMigrationStage.h
/Applications/Xcode.app/Contents/Developer/Platforms/MacOSX.platform/Developer/SDKs/MacOSX26.1.sdk/System/Library/Frameworks/CoreData.framework/Headers/NSCustomMigrationStage.h
/Applications/Xcode.app/Contents/Developer/Platforms/MacOSX.platform/Developer/SDKs/MacOSX26.1.sdk/System/Library/Frameworks/CoreData.framework/Headers/NSLightweightMigrationStage.h
/Applications/Xcode.app/Contents/Developer/Platforms/MacOSX.platform/Developer/SDKs/MacOSX26.1.sdk/System/Library/Frameworks/CoreData.framework/Headers/NSManagedObjectModelReference.h
/Applications/Xcode.app/Contents/Developer/Platforms/MacOSX.platform/Developer/SDKs/MacOSX26.1.sdk/System/Library/Frameworks/CoreData.framework/Headers/NSCoreDataCoreSpotlightDelegate.h
/Applications/Xcode.app/Contents/Developer/Platforms/MacOSX.platform/Developer/SDKs/MacOSX26.1.sdk/System/Library/Frameworks/CoreData.framework/Headers/CoreData_CloudKit.h
/Applications/Xcode.app/Contents/Developer/Platforms/MacOSX.platform/Developer/SDKs/MacOSX26.1.sdk/System/Library/Frameworks/CoreData.framework/Headers/NSPersistentCloudKitContainer_Sharing.h
/Applications/Xcode.app/Contents/Developer/Platforms/MacOSX.platform/Developer/SDKs/MacOSX26.1.sdk/System/Library/Frameworks/CoreData.framework/Headers/NSPersistentCloudKitContainer_SwiftOverlay.h
/Applications/Xcode.app/Contents/Developer/Platforms/MacOSX.platform/Developer/SDKs/MacOSX26.1.sdk/SDKSettings.json
/Applications/Xcode.app/Contents/Developer/Toolchains/XcodeDefault.xctoolchain/usr/lib/swift/macosx/prebuilt-modules/26.1/CoreData.swiftmodule/arm64e-apple-macos.swiftmodule
/Applications/Xcode.app/Contents/Developer/Platforms/MacOSX.platform/Developer/SDKs/MacOSX26.1.sdk/System/Library/Frameworks/CoreFoundation.framework/Modules/module.modulemap
/Applications/Xcode.app/Contents/Developer/Platforms/MacOSX.platform/Developer/SDKs/MacOSX26.1.sdk/System/Library/Frameworks/CoreFoundation.framework/Headers/CoreFoundation.h
/Applications/Xcode.app/Contents/Developer/Platforms/MacOSX.platform/Developer/SDKs/MacOSX26.1.sdk/usr/include/dispatch.modulemap
/Applications/Xcode.app/Contents/Developer/Platforms/MacOSX.platform/Developer/SDKs/MacOSX26.1.sdk/usr/include/Darwin.modulemap
/Applications/Xcode.app/Contents/Developer/Platforms/MacOSX.platform/Developer/SDKs/MacOSX26.1.sdk/usr/include/Darwin_C.modulemap
/Applications/Xcode.app/Contents/Developer/Platforms/MacOSX.platform/Developer/SDKs/MacOSX26.1.sdk/usr/include/Darwin_POSIX.modulemap
/Applications/Xcode.app/Contents/Developer/Platforms/MacOSX.platform/Developer/SDKs/MacOSX26.1.sdk/usr/include/net.modulemap
/Applications/Xcode.app/Contents/Developer/Platforms/MacOSX.platform/Developer/SDKs/MacOSX26.1.sdk/usr/include/netinet.modulemap
/Applications/Xcode.app/Contents/Developer/Platforms/MacOSX.platform/Developer/SDKs/MacOSX26.1.sdk/usr/include/bank.modulemap
/Applications/Xcode.app/Contents/Developer/Platforms/MacOSX.platform/Developer/SDKs/MacOSX26.1.sdk/usr/include/Darwin_Mach.modulemap
/Applications/Xcode.app/Contents/Developer/Platforms/MacOSX.platform/Developer/SDKs/MacOSX26.1.sdk/usr/include/Darwin_Mach_machine.modulemap
/Applications/Xcode.app/Contents/Developer/Platforms/MacOSX.platform/Developer/SDKs/MacOSX26.1.sdk/usr/include/mach_debug.modulemap
/Applications/Xcode.app/Contents/Developer/Platforms/MacOSX.platform/Developer/SDKs/MacOSX26.1.sdk/usr/include/device.modulemap
/Applications/Xcode.app/Contents/Developer/Platforms/MacOSX.platform/Developer/SDKs/MacOSX26.1.sdk/usr/include/Darwin_machine.modulemap
/Applications/Xcode.app/Contents/Developer/Platforms/MacOSX.platform/Developer/SDKs/MacOSX26.1.sdk/usr/include/ncurses.modulemap
/Applications/Xcode.app/Contents/Developer/Platforms/MacOSX.platform/Developer/SDKs/MacOSX26.1.sdk/usr/include/netinet6.modulemap
/Applications/Xcode.app/Contents/Developer/Platforms/MacOSX.platform/Developer/SDKs/MacOSX26.1.sdk/usr/include/Darwin_sys.modulemap
/Applications/Xcode.app/Contents/Developer/Platforms/MacOSX.platform/Developer/SDKs/MacOSX26.1.sdk/usr/include/uuid.modulemap
/Applications/Xcode.app/Contents/Developer/Platforms/MacOSX.platform/Developer/SDKs/MacOSX26.1.sdk/usr/include/DarwinFoundation2.modulemap
/Applications/Xcode.app/Contents/Developer/Platforms/MacOSX.platform/Developer/SDKs/MacOSX26.1.sdk/usr/include/DarwinFoundation3.modulemap
/Applications/Xcode.app/Contents/Developer/Platforms/MacOSX.platform/Developer/SDKs/MacOSX26.1.sdk/usr/include/DarwinFoundation1.modulemap
/Applications/Xcode.app/Contents/Developer/Toolchains/XcodeDefault.xctoolchain/usr/lib/swift/clang/include/module.modulemap
/Applications/Xcode.app/Contents/Developer/Toolchains/XcodeDefault.xctoolchain/usr/lib/swift/clang/include/stdarg.h
/Applications/Xcode.app/Contents/Developer/Platforms/MacOSX.platform/Developer/SDKs/MacOSX26.1.sdk/usr/include/assert.h
/Applications/Xcode.app/Contents/Developer/Platforms/MacOSX.platform/Developer/SDKs/MacOSX26.1.sdk/usr/include/ctype.h
/Applications/Xcode.app/Contents/Developer/Toolchains/XcodeDefault.xctoolchain/usr/lib/swift/clang/include/stddef.h
/Applications/Xcode.app/Contents/Developer/Platforms/MacOSX.platform/Developer/SDKs/MacOSX26.1.sdk/usr/include/stdio.h
/Applications/Xcode.app/Contents/Developer/Platforms/MacOSX.platform/Developer/SDKs/MacOSX26.1.sdk/usr/include/stdlib.h
/Applications/Xcode.app/Contents/Developer/Platforms/MacOSX.platform/Developer/SDKs/MacOSX26.1.sdk/usr/include/string.h
/Applications/Xcode.app/Contents/Developer/Platforms/MacOSX.platform/Developer/SDKs/MacOSX26.1.sdk/usr/include/time.h
/Applications/Xcode.app/Contents/Developer/Platforms/MacOSX.platform/Developer/SDKs/MacOSX26.1.sdk/System/Library/Frameworks/CoreFoundation.framework/Headers/CFBase.h
/Applications/Xcode.app/Contents/Developer/Platforms/MacOSX.platform/Developer/SDKs/MacOSX26.1.sdk/System/Library/Frameworks/CoreFoundation.framework/Headers/CFAvailability.h
/Applications/Xcode.app/Contents/Developer/Platforms/MacOSX.platform/Developer/SDKs/MacOSX26.1.sdk/System/Library/Frameworks/CoreFoundation.framework/Headers/CFArray.h
/Applications/Xcode.app/Contents/Developer/Platforms/MacOSX.platform/Developer/SDKs/MacOSX26.1.sdk/System/Library/Frameworks/CoreFoundation.framework/Headers/CFBag.h
/Applications/Xcode.app/Contents/Developer/Platforms/MacOSX.platform/Developer/SDKs/MacOSX26.1.sdk/System/Library/Frameworks/CoreFoundation.framework/Headers/CFBinaryHeap.h
/Applications/Xcode.app/Contents/Developer/Platforms/MacOSX.platform/Developer/SDKs/MacOSX26.1.sdk/System/Library/Frameworks/CoreFoundation.framework/Headers/CFBitVector.h
/Applications/Xcode.app/Contents/Developer/Platforms/MacOSX.platform/Developer/SDKs/MacOSX26.1.sdk/System/Library/Frameworks/CoreFoundation.framework/Headers/CFByteOrder.h
/Applications/Xcode.app/Contents/Developer/Platforms/MacOSX.platform/Developer/SDKs/MacOSX26.1.sdk/System/Library/Frameworks/CoreFoundation.framework/Headers/CFCalendar.h
/Applications/Xcode.app/Contents/Developer/Platforms/MacOSX.platform/Developer/SDKs/MacOSX26.1.sdk/System/Library/Frameworks/CoreFoundation.framework/Headers/CFLocale.h
/Applications/Xcode.app/Contents/Developer/Platforms/MacOSX.platform/Developer/SDKs/MacOSX26.1.sdk/System/Library/Frameworks/CoreFoundation.framework/Headers/CFDictionary.h
/Applications/Xcode.app/Contents/Developer/Platforms/MacOSX.platform/Developer/SDKs/MacOSX26.1.sdk/System/Library/Frameworks/CoreFoundation.framework/Headers/CFNotificationCenter.h
/Applications/Xcode.app/Contents/Developer/Platforms/MacOSX.platform/Developer/SDKs/MacOSX26.1.sdk/System/Library/Frameworks/CoreFoundation.framework/Headers/CFDate.h
/Applications/Xcode.app/Contents/Developer/Platforms/MacOSX.platform/Developer/SDKs/MacOSX26.1.sdk/System/Library/Frameworks/CoreFoundation.framework/Headers/CFTimeZone.h
/Applications/Xcode.app/Contents/Developer/Platforms/MacOSX.platform/Developer/SDKs/MacOSX26.1.sdk/System/Library/Frameworks/CoreFoundation.framework/Headers/CFData.h
/Applications/Xcode.app/Contents/Developer/Platforms/MacOSX.platform/Developer/SDKs/MacOSX26.1.sdk/System/Library/Frameworks/CoreFoundation.framework/Headers/CFString.h
/Applications/Xcode.app/Contents/Developer/Platforms/MacOSX.platform/Developer/SDKs/MacOSX26.1.sdk/System/Library/Frameworks/CoreFoundation.framework/Headers/CFCharacterSet.h
/Applications/Xcode.app/Contents/Developer/Platforms/MacOSX.platform/Developer/SDKs/MacOSX26.1.sdk/System/Library/Frameworks/CoreFoundation.framework/Headers/CFError.h
/Applications/Xcode.app/Contents/Developer/Platforms/MacOSX.platform/Developer/SDKs/MacOSX26.1.sdk/System/Library/Frameworks/CoreFoundation.framework/Headers/CFCGTypes.h
/Applications/Xcode.app/Contents/Developer/Platforms/MacOSX.platform/Developer/SDKs/MacOSX26.1.sdk/System/Library/Frameworks/CoreFoundation.framework/Headers/CFDateFormatter.h
/Applications/Xcode.app/Contents/Developer/Platforms/MacOSX.platform/Developer/SDKs/MacOSX26.1.sdk/System/Library/Frameworks/CoreFoundation.framework/Headers/CFNumber.h
/Applications/Xcode.app/Contents/Developer/Platforms/MacOSX.platform/Developer/SDKs/MacOSX26.1.sdk/System/Library/Frameworks/CoreFoundation.framework/Headers/CFNumberFormatter.h
/Applications/Xcode.app/Contents/Developer/Platforms/MacOSX.platform/Developer/SDKs/MacOSX26.1.sdk/System/Library/Frameworks/CoreFoundation.framework/Headers/CFPreferences.h
/Applications/Xcode.app/Contents/Developer/Platforms/MacOSX.platform/Developer/SDKs/MacOSX26.1.sdk/System/Library/Frameworks/CoreFoundation.framework/Headers/CFPropertyList.h
/Applications/Xcode.app/Contents/Developer/Platforms/MacOSX.platform/Developer/SDKs/MacOSX26.1.sdk/System/Library/Frameworks/CoreFoundation.framework/Headers/CFStream.h
/Applications/Xcode.app/Contents/Developer/Platforms/MacOSX.platform/Developer/SDKs/MacOSX26.1.sdk/System/Library/Frameworks/CoreFoundation.framework/Headers/CFURL.h
/Applications/Xcode.app/Contents/Developer/Platforms/MacOSX.platform/Developer/SDKs/MacOSX26.1.sdk/System/Library/Frameworks/CoreFoundation.framework/Headers/CFRunLoop.h
/Applications/Xcode.app/Contents/Developer/Platforms/MacOSX.platform/Developer/SDKs/MacOSX26.1.sdk/System/Library/Frameworks/CoreFoundation.framework/Headers/CFSocket.h
/Applications/Xcode.app/Contents/Developer/Platforms/MacOSX.platform/Developer/SDKs/MacOSX26.1.sdk/System/Library/Frameworks/CoreFoundation.framework/Headers/CFSet.h
/Applications/Xcode.app/Contents/Developer/Platforms/MacOSX.platform/Developer/SDKs/MacOSX26.1.sdk/System/Library/Frameworks/CoreFoundation.framework/Headers/CFStringEncodingExt.h
/Applications/Xcode.app/Contents/Developer/Platforms/MacOSX.platform/Developer/SDKs/MacOSX26.1.sdk/System/Library/Frameworks/CoreFoundation.framework/Headers/CFTree.h
/Applications/Xcode.app/Contents/Developer/Platforms/MacOSX.platform/Developer/SDKs/MacOSX26.1.sdk/System/Library/Frameworks/CoreFoundation.framework/Headers/CFURLAccess.h
/Applications/Xcode.app/Contents/Developer/Platforms/MacOSX.platform/Developer/SDKs/MacOSX26.1.sdk/System/Library/Frameworks/CoreFoundation.framework/Headers/CFUUID.h
/Applications/Xcode.app/Contents/Developer/Platforms/MacOSX.platform/Developer/SDKs/MacOSX26.1.sdk/System/Library/Frameworks/CoreFoundation.framework/Headers/CFUtilities.h
/Applications/Xcode.app/Contents/Developer/Platforms/MacOSX.platform/Developer/SDKs/MacOSX26.1.sdk/System/Library/Frameworks/CoreFoundation.framework/Headers/CFBundle.h
/Applications/Xcode.app/Contents/Developer/Platforms/MacOSX.platform/Developer/SDKs/MacOSX26.1.sdk/System/Library/Frameworks/CoreFoundation.framework/Headers/CFMessagePort.h
/Applications/Xcode.app/Contents/Developer/Platforms/MacOSX.platform/Developer/SDKs/MacOSX26.1.sdk/System/Library/Frameworks/CoreFoundation.framework/Headers/CFPlugIn.h
/Applications/Xcode.app/Contents/Developer/Platforms/MacOSX.platform/Developer/SDKs/MacOSX26.1.sdk/System/Library/Frameworks/CoreFoundation.framework/Headers/CFMachPort.h
/Applications/Xcode.app/Contents/Developer/Platforms/MacOSX.platform/Developer/SDKs/MacOSX26.1.sdk/System/Library/Frameworks/CoreFoundation.framework/Headers/CFAttributedString.h
/Applications/Xcode.app/Contents/Developer/Platforms/MacOSX.platform/Developer/SDKs/MacOSX26.1.sdk/System/Library/Frameworks/CoreFoundation.framework/Headers/CFURLEnumerator.h
/Applications/Xcode.app/Contents/Developer/Platforms/MacOSX.platform/Developer/SDKs/MacOSX26.1.sdk/System/Library/Frameworks/CoreFoundation.framework/Headers/CFFileSecurity.h
/Applications/Xcode.app/Contents/Developer/Platforms/MacOSX.platform/Developer/SDKs/MacOSX26.1.sdk/System/Library/Frameworks/CoreFoundation.framework/Headers/CFStringTokenizer.h
/Applications/Xcode.app/Contents/Developer/Platforms/MacOSX.platform/Developer/SDKs/MacOSX26.1.sdk/System/Library/Frameworks/CoreFoundation.framework/Headers/CFFileDescriptor.h
/Applications/Xcode.app/Contents/Developer/Platforms/MacOSX.platform/Developer/SDKs/MacOSX26.1.sdk/System/Library/Frameworks/CoreFoundation.framework/Headers/CFUserNotification.h
/Applications/Xcode.app/Contents/Developer/Platforms/MacOSX.platform/Developer/SDKs/MacOSX26.1.sdk/System/Library/Frameworks/CoreFoundation.framework/Headers/CFXMLNode.h
/Applications/Xcode.app/Contents/Developer/Platforms/MacOSX.platform/Developer/SDKs/MacOSX26.1.sdk/System/Library/Frameworks/CoreFoundation.framework/Headers/CFXMLParser.h
/Applications/Xcode.app/Contents/Developer/Platforms/MacOSX.platform/Developer/SDKs/MacOSX26.1.sdk/System/Library/Frameworks/CoreFoundation.framework/Headers/CFPlugInCOM.h
/Applications/Xcode.app/Contents/Developer/Platforms/MacOSX.platform/Developer/SDKs/MacOSX26.1.sdk/SDKSettings.json
/Applications/Xcode.app/Contents/Developer/Toolchains/XcodeDefault.xctoolchain/usr/lib/swift/macosx/prebuilt-modules/26.1/CoreFoundation.swiftmodule/arm64e-apple-macos.swiftmodule
/Applications/Xcode.app/Contents/Developer/Platforms/MacOSX.platform/Developer/SDKs/MacOSX26.1.sdk/System/Library/Frameworks/CoreGraphics.framework/Headers/CoreGraphics.apinotes
/Applications/Xcode.app/Contents/Developer/Platforms/MacOSX.platform/Developer/SDKs/MacOSX26.1.sdk/System/Library/Frameworks/CoreGraphics.framework/Modules/module.modulemap
/Applications/Xcode.app/Contents/Developer/Platforms/MacOSX.platform/Developer/SDKs/MacOSX26.1.sdk/System/Library/Frameworks/CoreGraphics.framework/Headers/CoreGraphics.h
/Applications/Xcode.app/Contents/Developer/Platforms/MacOSX.platform/Developer/SDKs/MacOSX26.1.sdk/System/Library/Frameworks/CoreGraphics.framework/Headers/CGBase.h
/Applications/Xcode.app/Contents/Developer/Toolchains/XcodeDefault.xctoolchain/usr/lib/swift/clang/include/module.modulemap
/Applications/Xcode.app/Contents/Developer/Toolchains/XcodeDefault.xctoolchain/usr/lib/swift/clang/include/stddef.h
/Applications/Xcode.app/Contents/Developer/Platforms/MacOSX.platform/Developer/SDKs/MacOSX26.1.sdk/usr/include/dispatch.modulemap
/Applications/Xcode.app/Contents/Developer/Platforms/MacOSX.platform/Developer/SDKs/MacOSX26.1.sdk/usr/include/Darwin.modulemap
/Applications/Xcode.app/Contents/Developer/Platforms/MacOSX.platform/Developer/SDKs/MacOSX26.1.sdk/usr/include/Darwin_C.modulemap
/Applications/Xcode.app/Contents/Developer/Platforms/MacOSX.platform/Developer/SDKs/MacOSX26.1.sdk/usr/include/Darwin_POSIX.modulemap
/Applications/Xcode.app/Contents/Developer/Platforms/MacOSX.platform/Developer/SDKs/MacOSX26.1.sdk/usr/include/net.modulemap
/Applications/Xcode.app/Contents/Developer/Platforms/MacOSX.platform/Developer/SDKs/MacOSX26.1.sdk/usr/include/netinet.modulemap
/Applications/Xcode.app/Contents/Developer/Platforms/MacOSX.platform/Developer/SDKs/MacOSX26.1.sdk/usr/include/bank.modulemap
/Applications/Xcode.app/Contents/Developer/Platforms/MacOSX.platform/Developer/SDKs/MacOSX26.1.sdk/usr/include/Darwin_Mach.modulemap
/Applications/Xcode.app/Contents/Developer/Platforms/MacOSX.platform/Developer/SDKs/MacOSX26.1.sdk/usr/include/Darwin_Mach_machine.modulemap
/Applications/Xcode.app/Contents/Developer/Platforms/MacOSX.platform/Developer/SDKs/MacOSX26.1.sdk/usr/include/mach_debug.modulemap
/Applications/Xcode.app/Contents/Developer/Platforms/MacOSX.platform/Developer/SDKs/MacOSX26.1.sdk/usr/include/device.modulemap
/Applications/Xcode.app/Contents/Developer/Platforms/MacOSX.platform/Developer/SDKs/MacOSX26.1.sdk/usr/include/Darwin_machine.modulemap
/Applications/Xcode.app/Contents/Developer/Platforms/MacOSX.platform/Developer/SDKs/MacOSX26.1.sdk/usr/include/ncurses.modulemap
/Applications/Xcode.app/Contents/Developer/Platforms/MacOSX.platform/Developer/SDKs/MacOSX26.1.sdk/usr/include/netinet6.modulemap
/Applications/Xcode.app/Contents/Developer/Platforms/MacOSX.platform/Developer/SDKs/MacOSX26.1.sdk/usr/include/Darwin_sys.modulemap
/Applications/Xcode.app/Contents/Developer/Platforms/MacOSX.platform/Developer/SDKs/MacOSX26.1.sdk/usr/include/uuid.modulemap
/Applications/Xcode.app/Contents/Developer/Platforms/MacOSX.platform/Developer/SDKs/MacOSX26.1.sdk/usr/include/DarwinFoundation2.modulemap
/Applications/Xcode.app/Contents/Developer/Platforms/MacOSX.platform/Developer/SDKs/MacOSX26.1.sdk/usr/include/DarwinFoundation1.modulemap
/Applications/Xcode.app/Contents/Developer/Platforms/MacOSX.platform/Developer/SDKs/MacOSX26.1.sdk/System/Library/Frameworks/CoreFoundation.framework/Modules/module.modulemap
/Applications/Xcode.app/Contents/Developer/Platforms/MacOSX.platform/Developer/SDKs/MacOSX26.1.sdk/System/Library/Frameworks/CoreGraphics.framework/Headers/CGAffineTransform.h
/Applications/Xcode.app/Contents/Developer/Platforms/MacOSX.platform/Developer/SDKs/MacOSX26.1.sdk/System/Library/Frameworks/CoreGraphics.framework/Headers/CGGeometry.h
/Applications/Xcode.app/Contents/Developer/Platforms/MacOSX.platform/Developer/SDKs/MacOSX26.1.sdk/System/Library/Frameworks/CoreGraphics.framework/Headers/CGBitmapContext.h
/Applications/Xcode.app/Contents/Developer/Platforms/MacOSX.platform/Developer/SDKs/MacOSX26.1.sdk/System/Library/Frameworks/CoreGraphics.framework/Headers/CGContext.h
/Applications/Xcode.app/Contents/Developer/Platforms/MacOSX.platform/Developer/SDKs/MacOSX26.1.sdk/System/Library/Frameworks/CoreGraphics.framework/Headers/CGColor.h
/Applications/Xcode.app/Contents/Developer/Platforms/MacOSX.platform/Developer/SDKs/MacOSX26.1.sdk/System/Library/Frameworks/CoreGraphics.framework/Headers/CGColorSpace.h
/Applications/Xcode.app/Contents/Developer/Platforms/MacOSX.platform/Developer/SDKs/MacOSX26.1.sdk/System/Library/Frameworks/CoreGraphics.framework/Headers/CGDataProvider.h
/Applications/Xcode.app/Contents/Developer/Platforms/MacOSX.platform/Developer/SDKs/MacOSX26.1.sdk/System/Library/Frameworks/CoreGraphics.framework/Headers/CGPattern.h
/Applications/Xcode.app/Contents/Developer/Platforms/MacOSX.platform/Developer/SDKs/MacOSX26.1.sdk/System/Library/Frameworks/CoreGraphics.framework/Headers/CGFont.h
/Applications/Xcode.app/Contents/Developer/Platforms/MacOSX.platform/Developer/SDKs/MacOSX26.1.sdk/System/Library/Frameworks/CoreGraphics.framework/Headers/CGGradient.h
/Applications/Xcode.app/Contents/Developer/Platforms/MacOSX.platform/Developer/SDKs/MacOSX26.1.sdk/System/Library/Frameworks/CoreGraphics.framework/Headers/CGImage.h
/Applications/Xcode.app/Contents/Developer/Platforms/MacOSX.platform/Developer/SDKs/MacOSX26.1.sdk/System/Library/Frameworks/CoreGraphics.framework/Headers/CGPath.h
/Applications/Xcode.app/Contents/Developer/Platforms/MacOSX.platform/Developer/SDKs/MacOSX26.1.sdk/System/Library/Frameworks/CoreGraphics.framework/Headers/CGPDFDocument.h
/Applications/Xcode.app/Contents/Developer/Platforms/MacOSX.platform/Developer/SDKs/MacOSX26.1.sdk/System/Library/Frameworks/CoreGraphics.framework/Headers/CGPDFPage.h
/Applications/Xcode.app/Contents/Developer/Platforms/MacOSX.platform/Developer/SDKs/MacOSX26.1.sdk/System/Library/Frameworks/CoreGraphics.framework/Headers/CGPDFDictionary.h
/Applications/Xcode.app/Contents/Developer/Platforms/MacOSX.platform/Developer/SDKs/MacOSX26.1.sdk/System/Library/Frameworks/CoreGraphics.framework/Headers/CGPDFArray.h
/Applications/Xcode.app/Contents/Developer/Platforms/MacOSX.platform/Developer/SDKs/MacOSX26.1.sdk/System/Library/Frameworks/CoreGraphics.framework/Headers/CGPDFObject.h
/Applications/Xcode.app/Contents/Developer/Platforms/MacOSX.platform/Developer/SDKs/MacOSX26.1.sdk/System/Library/Frameworks/CoreGraphics.framework/Headers/CGPDFStream.h
/Applications/Xcode.app/Contents/Developer/Platforms/MacOSX.platform/Developer/SDKs/MacOSX26.1.sdk/System/Library/Frameworks/CoreGraphics.framework/Headers/CGPDFString.h
/Applications/Xcode.app/Contents/Developer/Platforms/MacOSX.platform/Developer/SDKs/MacOSX26.1.sdk/System/Library/Frameworks/CoreGraphics.framework/Headers/CGShading.h
/Applications/Xcode.app/Contents/Developer/Platforms/MacOSX.platform/Developer/SDKs/MacOSX26.1.sdk/System/Library/Frameworks/CoreGraphics.framework/Headers/CGFunction.h
/Applications/Xcode.app/Contents/Developer/Platforms/MacOSX.platform/Developer/SDKs/MacOSX26.1.sdk/System/Library/Frameworks/CoreGraphics.framework/Headers/CGToneMapping.h
/Applications/Xcode.app/Contents/Developer/Platforms/MacOSX.platform/Developer/SDKs/MacOSX26.1.sdk/System/Library/Frameworks/CoreGraphics.framework/Headers/CGEXRToneMappingGamma.h
/Applications/Xcode.app/Contents/Developer/Platforms/MacOSX.platform/Developer/SDKs/MacOSX26.1.sdk/System/Library/Frameworks/CoreGraphics.framework/Headers/CGITUToneMapping.h
/Applications/Xcode.app/Contents/Developer/Platforms/MacOSX.platform/Developer/SDKs/MacOSX26.1.sdk/System/Library/Frameworks/CoreGraphics.framework/Headers/CGRenderingBufferProvider.h
/Applications/Xcode.app/Contents/Developer/Platforms/MacOSX.platform/Developer/SDKs/MacOSX26.1.sdk/System/Library/Frameworks/CoreGraphics.framework/Headers/CGColorConversionInfo.h
/Applications/Xcode.app/Contents/Developer/Platforms/MacOSX.platform/Developer/SDKs/MacOSX26.1.sdk/System/Library/Frameworks/CoreGraphics.framework/Headers/CGConvertColorDataWithFormat.h
/Applications/Xcode.app/Contents/Developer/Platforms/MacOSX.platform/Developer/SDKs/MacOSX26.1.sdk/System/Library/Frameworks/CoreGraphics.framework/Headers/CGDataConsumer.h
/Applications/Xcode.app/Contents/Developer/Platforms/MacOSX.platform/Developer/SDKs/MacOSX26.1.sdk/System/Library/Frameworks/CoreGraphics.framework/Headers/CGError.h
/Applications/Xcode.app/Contents/Developer/Platforms/MacOSX.platform/Developer/SDKs/MacOSX26.1.sdk/System/Library/Frameworks/CoreGraphics.framework/Headers/CGLayer.h
/Applications/Xcode.app/Contents/Developer/Platforms/MacOSX.platform/Developer/SDKs/MacOSX26.1.sdk/System/Library/Frameworks/CoreGraphics.framework/Headers/CGPDFContentStream.h
/Applications/Xcode.app/Contents/Developer/Platforms/MacOSX.platform/Developer/SDKs/MacOSX26.1.sdk/System/Library/Frameworks/CoreGraphics.framework/Headers/CGPDFContext.h
/Applications/Xcode.app/Contents/Developer/Platforms/MacOSX.platform/Developer/SDKs/MacOSX26.1.sdk/System/Library/Frameworks/CoreGraphics.framework/Headers/CGPDFOperatorTable.h
/Applications/Xcode.app/Contents/Developer/Platforms/MacOSX.platform/Developer/SDKs/MacOSX26.1.sdk/System/Library/Frameworks/CoreGraphics.framework/Headers/CGPDFScanner.h
/Applications/Xcode.app/Contents/Developer/Platforms/MacOSX.platform/Developer/SDKs/MacOSX26.1.sdk/System/Library/Frameworks/CoreGraphics.framework/Headers/CGDirectDisplay.h
/Applications/Xcode.app/Contents/Developer/Platforms/MacOSX.platform/Developer/SDKs/MacOSX26.1.sdk/System/Library/Frameworks/CoreGraphics.framework/Headers/CGWindow.h
/Applications/Xcode.app/Contents/Developer/Platforms/MacOSX.platform/Developer/SDKs/MacOSX26.1.sdk/System/Library/Frameworks/CoreGraphics.framework/Headers/CGWindowLevel.h
/Applications/Xcode.app/Contents/Developer/Platforms/MacOSX.platform/Developer/SDKs/MacOSX26.1.sdk/System/Library/Frameworks/CoreGraphics.framework/Headers/CGDirectPalette.h
/Applications/Xcode.app/Contents/Developer/Platforms/MacOSX.platform/Developer/SDKs/MacOSX26.1.sdk/System/Library/Frameworks/CoreGraphics.framework/Headers/CGDisplayConfiguration.h
/Applications/Xcode.app/Contents/Developer/Platforms/MacOSX.platform/Developer/SDKs/MacOSX26.1.sdk/System/Library/Frameworks/IOKit.framework/Modules/module.modulemap
/Applications/Xcode.app/Contents/Developer/Platforms/MacOSX.platform/Developer/SDKs/MacOSX26.1.sdk/System/Library/Frameworks/CoreGraphics.framework/Headers/CGDisplayFade.h
/Applications/Xcode.app/Contents/Developer/Platforms/MacOSX.platform/Developer/SDKs/MacOSX26.1.sdk/System/Library/Frameworks/CoreGraphics.framework/Headers/CGDisplayStream.h
/Applications/Xcode.app/Contents/Developer/Platforms/MacOSX.platform/Developer/SDKs/MacOSX26.1.sdk/System/Library/Frameworks/CoreGraphics.framework/Headers/CGEvent.h
/Applications/Xcode.app/Contents/Developer/Platforms/MacOSX.platform/Developer/SDKs/MacOSX26.1.sdk/System/Library/Frameworks/CoreGraphics.framework/Headers/CGEventTypes.h
/Applications/Xcode.app/Contents/Developer/Platforms/MacOSX.platform/Developer/SDKs/MacOSX26.1.sdk/System/Library/Frameworks/CoreGraphics.framework/Headers/CGRemoteOperation.h
/Applications/Xcode.app/Contents/Developer/Platforms/MacOSX.platform/Developer/SDKs/MacOSX26.1.sdk/System/Library/Frameworks/CoreGraphics.framework/Headers/CGEventSource.h
/Applications/Xcode.app/Contents/Developer/Platforms/MacOSX.platform/Developer/SDKs/MacOSX26.1.sdk/System/Library/Frameworks/CoreGraphics.framework/Headers/CGPSConverter.h
/Applications/Xcode.app/Contents/Developer/Platforms/MacOSX.platform/Developer/SDKs/MacOSX26.1.sdk/System/Library/Frameworks/CoreGraphics.framework/Headers/CGSession.h
/Applications/Xcode.app/Contents/Developer/Platforms/MacOSX.platform/Developer/SDKs/MacOSX26.1.sdk/System/Library/Frameworks/CoreGraphics.framework/Headers/CGDirectDisplayMetal.h
/Applications/Xcode.app/Contents/Developer/Platforms/MacOSX.platform/Developer/SDKs/MacOSX26.1.sdk/SDKSettings.json
/Applications/Xcode.app/Contents/Developer/Toolchains/XcodeDefault.xctoolchain/usr/lib/swift/macosx/prebuilt-modules/26.1/CoreGraphics.swiftmodule/arm64e-apple-macos.swiftmodule
/Applications/Xcode.app/Contents/Developer/Toolchains/XcodeDefault.xctoolchain/usr/lib/swift/macosx/prebuilt-modules/26.1/CoreImage.swiftmodule/arm64e-apple-macos.swiftmodule
/Applications/Xcode.app/Contents/Developer/Platforms/MacOSX.platform/Developer/SDKs/MacOSX26.1.sdk/System/Library/Frameworks/CoreImage.framework/Headers/CoreImage.apinotes
/Applications/Xcode.app/Contents/Developer/Platforms/MacOSX.platform/Developer/SDKs/MacOSX26.1.sdk/System/Library/Frameworks/CoreImage.framework/Modules/module.modulemap
/Applications/Xcode.app/Contents/Developer/Platforms/MacOSX.platform/Developer/SDKs/MacOSX26.1.sdk/System/Library/Frameworks/CoreImage.framework/Headers/CoreImage.h
/Applications/Xcode.app/Contents/Developer/Platforms/MacOSX.platform/Developer/SDKs/MacOSX26.1.sdk/System/Library/Frameworks/CoreImage.framework/Headers/CoreImageDefines.h
/Applications/Xcode.app/Contents/Developer/Platforms/MacOSX.platform/Developer/SDKs/MacOSX26.1.sdk/usr/include/ObjectiveC.modulemap
/Applications/Xcode.app/Contents/Developer/Platforms/MacOSX.platform/Developer/SDKs/MacOSX26.1.sdk/usr/include/DarwinFoundation1.modulemap
/Applications/Xcode.app/Contents/Developer/Toolchains/XcodeDefault.xctoolchain/usr/lib/swift/clang/include/module.modulemap
/Applications/Xcode.app/Contents/Developer/Toolchains/XcodeDefault.xctoolchain/usr/lib/swift/clang/include/stddef.h
/Applications/Xcode.app/Contents/Developer/Platforms/MacOSX.platform/Developer/SDKs/MacOSX26.1.sdk/System/Library/Frameworks/CoreGraphics.framework/Modules/module.modulemap
/Applications/Xcode.app/Contents/Developer/Platforms/MacOSX.platform/Developer/SDKs/MacOSX26.1.sdk/System/Library/Frameworks/Foundation.framework/Modules/module.modulemap
/Applications/Xcode.app/Contents/Developer/Platforms/MacOSX.platform/Developer/SDKs/MacOSX26.1.sdk/System/Library/Frameworks/CoreImage.framework/Headers/CIVector.h
/Applications/Xcode.app/Contents/Developer/Platforms/MacOSX.platform/Developer/SDKs/MacOSX26.1.sdk/System/Library/Frameworks/CoreImage.framework/Headers/CIColor.h
/Applications/Xcode.app/Contents/Developer/Platforms/MacOSX.platform/Developer/SDKs/MacOSX26.1.sdk/System/Library/Frameworks/CoreImage.framework/Headers/CIImage.h
/Applications/Xcode.app/Contents/Developer/Platforms/MacOSX.platform/Developer/SDKs/MacOSX26.1.sdk/System/Library/Frameworks/CoreVideo.framework/Modules/module.modulemap
/Applications/Xcode.app/Contents/Developer/Platforms/MacOSX.platform/Developer/SDKs/MacOSX26.1.sdk/System/Library/Frameworks/ImageIO.framework/Modules/module.modulemap
/Applications/Xcode.app/Contents/Developer/Platforms/MacOSX.platform/Developer/SDKs/MacOSX26.1.sdk/System/Library/Frameworks/IOSurface.framework/Modules/module.modulemap
/Applications/Xcode.app/Contents/Developer/Platforms/MacOSX.platform/Developer/SDKs/MacOSX26.1.sdk/System/Library/Frameworks/CoreImage.framework/Headers/CIContext.h
/Applications/Xcode.app/Contents/Developer/Platforms/MacOSX.platform/Developer/SDKs/MacOSX26.1.sdk/System/Library/Frameworks/OpenGL.framework/Modules/module.modulemap
/Applications/Xcode.app/Contents/Developer/Platforms/MacOSX.platform/Developer/SDKs/MacOSX26.1.sdk/System/Library/Frameworks/CoreImage.framework/Headers/CIFilter.h
/Applications/Xcode.app/Contents/Developer/Platforms/MacOSX.platform/Developer/SDKs/MacOSX26.1.sdk/System/Library/Frameworks/CoreImage.framework/Headers/CIFilterConstructor.h
/Applications/Xcode.app/Contents/Developer/Platforms/MacOSX.platform/Developer/SDKs/MacOSX26.1.sdk/System/Library/Frameworks/CoreImage.framework/Headers/CIKernel.h
/Applications/Xcode.app/Contents/Developer/Platforms/MacOSX.platform/Developer/SDKs/MacOSX26.1.sdk/System/Library/Frameworks/CoreImage.framework/Headers/CIDetector.h
/Applications/Xcode.app/Contents/Developer/Platforms/MacOSX.platform/Developer/SDKs/MacOSX26.1.sdk/System/Library/Frameworks/CoreImage.framework/Headers/CIFeature.h
/Applications/Xcode.app/Contents/Developer/Platforms/MacOSX.platform/Developer/SDKs/MacOSX26.1.sdk/System/Library/Frameworks/CoreImage.framework/Headers/CIImageProvider.h
/Applications/Xcode.app/Contents/Developer/Platforms/MacOSX.platform/Developer/SDKs/MacOSX26.1.sdk/System/Library/Frameworks/CoreImage.framework/Headers/CIImageProcessor.h
/Applications/Xcode.app/Contents/Developer/Platforms/MacOSX.platform/Developer/SDKs/MacOSX26.1.sdk/System/Library/Frameworks/CoreImage.framework/Headers/CIImageAccumulator.h
/Applications/Xcode.app/Contents/Developer/Platforms/MacOSX.platform/Developer/SDKs/MacOSX26.1.sdk/System/Library/Frameworks/CoreImage.framework/Headers/CIFilterShape.h
/Applications/Xcode.app/Contents/Developer/Platforms/MacOSX.platform/Developer/SDKs/MacOSX26.1.sdk/System/Library/Frameworks/CoreImage.framework/Headers/CISampler.h
/Applications/Xcode.app/Contents/Developer/Platforms/MacOSX.platform/Developer/SDKs/MacOSX26.1.sdk/System/Library/Frameworks/CoreImage.framework/Headers/CIRAWFilter.h
/Applications/Xcode.app/Contents/Developer/Platforms/MacOSX.platform/Developer/SDKs/MacOSX26.1.sdk/System/Library/Frameworks/CoreImage.framework/Headers/CIRAWFilter_Deprecated.h
/Applications/Xcode.app/Contents/Developer/Platforms/MacOSX.platform/Developer/SDKs/MacOSX26.1.sdk/System/Library/Frameworks/CoreImage.framework/Headers/CIRenderDestination.h
/Applications/Xcode.app/Contents/Developer/Platforms/MacOSX.platform/Developer/SDKs/MacOSX26.1.sdk/System/Library/Frameworks/Metal.framework/Modules/module.modulemap
/Applications/Xcode.app/Contents/Developer/Platforms/MacOSX.platform/Developer/SDKs/MacOSX26.1.sdk/System/Library/Frameworks/CoreImage.framework/Headers/CIBarcodeDescriptor.h
/Applications/Xcode.app/Contents/Developer/Platforms/MacOSX.platform/Developer/SDKs/MacOSX26.1.sdk/System/Library/Frameworks/CoreImage.framework/Headers/CIFilterGenerator.h
/Applications/Xcode.app/Contents/Developer/Platforms/MacOSX.platform/Developer/SDKs/MacOSX26.1.sdk/System/Library/Frameworks/CoreImage.framework/Headers/CIPlugIn.h
/Applications/Xcode.app/Contents/Developer/Platforms/MacOSX.platform/Developer/SDKs/MacOSX26.1.sdk/System/Library/Frameworks/CoreImage.framework/Headers/CIPlugInInterface.h
/Applications/Xcode.app/Contents/Developer/Platforms/MacOSX.platform/Developer/SDKs/MacOSX26.1.sdk/System/Library/Frameworks/CoreImage.framework/Headers/CIKernelMetalLib.h
/Applications/Xcode.app/Contents/Developer/Platforms/MacOSX.platform/Developer/SDKs/MacOSX26.1.sdk/System/Library/Frameworks/CoreImage.framework/Headers/CIFilterBuiltins.h
/Applications/Xcode.app/Contents/Developer/Platforms/MacOSX.platform/Developer/SDKs/MacOSX26.1.sdk/SDKSettings.json
/Applications/Xcode.app/Contents/Developer/Platforms/MacOSX.platform/Developer/SDKs/MacOSX26.1.sdk/System/Library/Frameworks/CoreServices.framework/Modules/module.modulemap
/Applications/Xcode.app/Contents/Developer/Platforms/MacOSX.platform/Developer/SDKs/MacOSX26.1.sdk/System/Library/Frameworks/CoreServices.framework/Headers/CoreServices.h
/Applications/Xcode.app/Contents/Developer/Platforms/MacOSX.platform/Developer/SDKs/MacOSX26.1.sdk/System/Library/Frameworks/CoreFoundation.framework/Modules/module.modulemap
/Applications/Xcode.app/Contents/Developer/Platforms/MacOSX.platform/Developer/SDKs/MacOSX26.1.sdk/System/Library/Frameworks/CoreServices.framework/Frameworks/AE.framework/Headers/AE.h
/Applications/Xcode.app/Contents/Developer/Platforms/MacOSX.platform/Developer/SDKs/MacOSX26.1.sdk/System/Library/Frameworks/CoreServices.framework/Frameworks/CarbonCore.framework/Headers/CarbonCore.h
/Applications/Xcode.app/Contents/Developer/Platforms/MacOSX.platform/Developer/SDKs/MacOSX26.1.sdk/System/Library/Frameworks/CoreServices.framework/Frameworks/CarbonCore.framework/Headers/Finder.h
/Applications/Xcode.app/Contents/Developer/Platforms/MacOSX.platform/Developer/SDKs/MacOSX26.1.sdk/usr/include/dispatch.modulemap
/Applications/Xcode.app/Contents/Developer/Platforms/MacOSX.platform/Developer/SDKs/MacOSX26.1.sdk/usr/include/Darwin.modulemap
/Applications/Xcode.app/Contents/Developer/Platforms/MacOSX.platform/Developer/SDKs/MacOSX26.1.sdk/usr/include/DarwinFoundation2.modulemap
/Applications/Xcode.app/Contents/Developer/Platforms/MacOSX.platform/Developer/SDKs/MacOSX26.1.sdk/usr/include/DarwinFoundation1.modulemap
/Applications/Xcode.app/Contents/Developer/Platforms/MacOSX.platform/Developer/SDKs/MacOSX26.1.sdk/System/Library/Frameworks/CoreServices.framework/Frameworks/CarbonCore.framework/Headers/FixMath.h
/Applications/Xcode.app/Contents/Developer/Platforms/MacOSX.platform/Developer/SDKs/MacOSX26.1.sdk/System/Library/Frameworks/CoreServices.framework/Frameworks/CarbonCore.framework/Headers/Script.h
/Applications/Xcode.app/Contents/Developer/Platforms/MacOSX.platform/Developer/SDKs/MacOSX26.1.sdk/System/Library/Frameworks/CoreServices.framework/Frameworks/CarbonCore.framework/Headers/IntlResources.h
/Applications/Xcode.app/Contents/Developer/Platforms/MacOSX.platform/Developer/SDKs/MacOSX26.1.sdk/System/Library/Frameworks/CoreServices.framework/Frameworks/CarbonCore.framework/Headers/UTCUtils.h
/Applications/Xcode.app/Contents/Developer/Platforms/MacOSX.platform/Developer/SDKs/MacOSX26.1.sdk/System/Library/Frameworks/CoreServices.framework/Frameworks/CarbonCore.framework/Headers/MacErrors.h
/Applications/Xcode.app/Contents/Developer/Platforms/MacOSX.platform/Developer/SDKs/MacOSX26.1.sdk/System/Library/Frameworks/CoreServices.framework/Frameworks/CarbonCore.framework/Headers/TextCommon.h
/Applications/Xcode.app/Contents/Developer/Platforms/MacOSX.platform/Developer/SDKs/MacOSX26.1.sdk/System/Library/Frameworks/CoreServices.framework/Frameworks/CarbonCore.framework/Headers/Collections.h
/Applications/Xcode.app/Contents/Developer/Platforms/MacOSX.platform/Developer/SDKs/MacOSX26.1.sdk/System/Library/Frameworks/CoreServices.framework/Frameworks/CarbonCore.framework/Headers/MixedMode.h
/Applications/Xcode.app/Contents/Developer/Platforms/MacOSX.platform/Developer/SDKs/MacOSX26.1.sdk/System/Library/Frameworks/CoreServices.framework/Frameworks/CarbonCore.framework/Headers/Endian.h
/Applications/Xcode.app/Contents/Developer/Platforms/MacOSX.platform/Developer/SDKs/MacOSX26.1.sdk/System/Library/Frameworks/CoreServices.framework/Frameworks/CarbonCore.framework/Headers/Gestalt.h
/Applications/Xcode.app/Contents/Developer/Platforms/MacOSX.platform/Developer/SDKs/MacOSX26.1.sdk/System/Library/Frameworks/CoreServices.framework/Frameworks/CarbonCore.framework/Headers/MacMemory.h
/Applications/Xcode.app/Contents/Developer/Platforms/MacOSX.platform/Developer/SDKs/MacOSX26.1.sdk/System/Library/Frameworks/CoreServices.framework/Frameworks/CarbonCore.framework/Headers/Math64.h
/Applications/Xcode.app/Contents/Developer/Platforms/MacOSX.platform/Developer/SDKs/MacOSX26.1.sdk/System/Library/Frameworks/CoreServices.framework/Frameworks/CarbonCore.framework/Headers/BackupCore.h
/Applications/Xcode.app/Contents/Developer/Platforms/MacOSX.platform/Developer/SDKs/MacOSX26.1.sdk/System/Library/Frameworks/CoreServices.framework/Frameworks/CarbonCore.framework/Headers/DiskSpaceRecovery.h
/Applications/Xcode.app/Contents/Developer/Platforms/MacOSX.platform/Developer/SDKs/MacOSX26.1.sdk/System/Library/Frameworks/CoreServices.framework/Frameworks/CarbonCore.framework/Headers/Components.h
/Applications/Xcode.app/Contents/Developer/Platforms/MacOSX.platform/Developer/SDKs/MacOSX26.1.sdk/System/Library/Frameworks/CoreServices.framework/Frameworks/CarbonCore.framework/Headers/Files.h
/Applications/Xcode.app/Contents/Developer/Platforms/MacOSX.platform/Developer/SDKs/MacOSX26.1.sdk/System/Library/Frameworks/CoreServices.framework/Frameworks/CarbonCore.framework/Headers/OSUtils.h
/Applications/Xcode.app/Contents/Developer/Platforms/MacOSX.platform/Developer/SDKs/MacOSX26.1.sdk/System/Library/Frameworks/CoreServices.framework/Frameworks/CarbonCore.framework/Headers/DateTimeUtils.h
/Applications/Xcode.app/Contents/Developer/Platforms/MacOSX.platform/Developer/SDKs/MacOSX26.1.sdk/System/Library/Frameworks/DiskArbitration.framework/Modules/module.modulemap
/Applications/Xcode.app/Contents/Developer/Platforms/MacOSX.platform/Developer/SDKs/MacOSX26.1.sdk/System/Library/Frameworks/CoreServices.framework/Frameworks/CarbonCore.framework/Headers/Resources.h
/Applications/Xcode.app/Contents/Developer/Platforms/MacOSX.platform/Developer/SDKs/MacOSX26.1.sdk/System/Library/Frameworks/CoreServices.framework/Frameworks/CarbonCore.framework/Headers/CodeFragments.h
/Applications/Xcode.app/Contents/Developer/Platforms/MacOSX.platform/Developer/SDKs/MacOSX26.1.sdk/System/Library/Frameworks/CoreServices.framework/Frameworks/CarbonCore.framework/Headers/Multiprocessing.h
/Applications/Xcode.app/Contents/Developer/Platforms/MacOSX.platform/Developer/SDKs/MacOSX26.1.sdk/System/Library/Frameworks/CoreServices.framework/Frameworks/CarbonCore.framework/Headers/Aliases.h
/Applications/Xcode.app/Contents/Developer/Platforms/MacOSX.platform/Developer/SDKs/MacOSX26.1.sdk/System/Library/Frameworks/CoreServices.framework/Frameworks/CarbonCore.framework/Headers/MacLocales.h
/Applications/Xcode.app/Contents/Developer/Platforms/MacOSX.platform/Developer/SDKs/MacOSX26.1.sdk/System/Library/Frameworks/CoreServices.framework/Frameworks/CarbonCore.framework/Headers/Debugging.h
/Applications/Xcode.app/Contents/Developer/Platforms/MacOSX.platform/Developer/SDKs/MacOSX26.1.sdk/System/Library/Frameworks/CoreServices.framework/Frameworks/CarbonCore.framework/Headers/PLStringFuncs.h
/Applications/Xcode.app/Contents/Developer/Platforms/MacOSX.platform/Developer/SDKs/MacOSX26.1.sdk/System/Library/Frameworks/CoreServices.framework/Frameworks/CarbonCore.framework/Headers/DriverSynchronization.h
/Applications/Xcode.app/Contents/Developer/Platforms/MacOSX.platform/Developer/SDKs/MacOSX26.1.sdk/System/Library/Frameworks/CoreServices.framework/Frameworks/CarbonCore.framework/Headers/DriverServices.h
/Applications/Xcode.app/Contents/Developer/Platforms/MacOSX.platform/Developer/SDKs/MacOSX26.1.sdk/System/Library/Frameworks/CoreServices.framework/Frameworks/CarbonCore.framework/Headers/MachineExceptions.h
/Applications/Xcode.app/Contents/Developer/Platforms/MacOSX.platform/Developer/SDKs/MacOSX26.1.sdk/System/Library/Frameworks/CoreServices.framework/Frameworks/CarbonCore.framework/Headers/NumberFormatting.h
/Applications/Xcode.app/Contents/Developer/Platforms/MacOSX.platform/Developer/SDKs/MacOSX26.1.sdk/System/Library/Frameworks/CoreServices.framework/Frameworks/CarbonCore.framework/Headers/StringCompare.h
/Applications/Xcode.app/Contents/Developer/Platforms/MacOSX.platform/Developer/SDKs/MacOSX26.1.sdk/System/Library/Frameworks/CoreServices.framework/Frameworks/CarbonCore.framework/Headers/TextUtils.h
/Applications/Xcode.app/Contents/Developer/Platforms/MacOSX.platform/Developer/SDKs/MacOSX26.1.sdk/System/Library/Frameworks/CoreServices.framework/Frameworks/CarbonCore.framework/Headers/ToolUtils.h
/Applications/Xcode.app/Contents/Developer/Platforms/MacOSX.platform/Developer/SDKs/MacOSX26.1.sdk/System/Library/Frameworks/CoreServices.framework/Frameworks/CarbonCore.framework/Headers/UnicodeUtilities.h
/Applications/Xcode.app/Contents/Developer/Platforms/MacOSX.platform/Developer/SDKs/MacOSX26.1.sdk/System/Library/Frameworks/CoreServices.framework/Frameworks/CarbonCore.framework/Headers/fp.h
/Applications/Xcode.app/Contents/Developer/Platforms/MacOSX.platform/Developer/SDKs/MacOSX26.1.sdk/System/Library/Frameworks/CoreServices.framework/Frameworks/CarbonCore.framework/Headers/TextEncodingConverter.h
/Applications/Xcode.app/Contents/Developer/Platforms/MacOSX.platform/Developer/SDKs/MacOSX26.1.sdk/System/Library/Frameworks/CoreServices.framework/Frameworks/CarbonCore.framework/Headers/UnicodeConverter.h
/Applications/Xcode.app/Contents/Developer/Platforms/MacOSX.platform/Developer/SDKs/MacOSX26.1.sdk/System/Library/Frameworks/CoreServices.framework/Frameworks/CarbonCore.framework/Headers/Threads.h
/Applications/Xcode.app/Contents/Developer/Platforms/MacOSX.platform/Developer/SDKs/MacOSX26.1.sdk/System/Library/Frameworks/CoreServices.framework/Frameworks/CarbonCore.framework/Headers/Folders.h
/Applications/Xcode.app/Contents/Developer/Platforms/MacOSX.platform/Developer/SDKs/MacOSX26.1.sdk/System/Library/Frameworks/CoreServices.framework/Frameworks/CarbonCore.framework/Headers/Timer.h
/Applications/Xcode.app/Contents/Developer/Platforms/MacOSX.platform/Developer/SDKs/MacOSX26.1.sdk/System/Library/Frameworks/CoreServices.framework/Frameworks/CarbonCore.framework/Headers/MultiprocessingInfo.h
/Applications/Xcode.app/Contents/Developer/Platforms/MacOSX.platform/Developer/SDKs/MacOSX26.1.sdk/System/Library/Frameworks/CoreServices.framework/Frameworks/CarbonCore.framework/Headers/LowMem.h
/Applications/Xcode.app/Contents/Developer/Platforms/MacOSX.platform/Developer/SDKs/MacOSX26.1.sdk/System/Library/Frameworks/CoreServices.framework/Frameworks/CarbonCore.framework/Headers/AVLTree.h
/Applications/Xcode.app/Contents/Developer/Platforms/MacOSX.platform/Developer/SDKs/MacOSX26.1.sdk/System/Library/Frameworks/CoreServices.framework/Frameworks/CarbonCore.framework/Headers/PEFBinaryFormat.h
/Applications/Xcode.app/Contents/Developer/Platforms/MacOSX.platform/Developer/SDKs/MacOSX26.1.sdk/System/Library/Frameworks/CoreServices.framework/Frameworks/CarbonCore.framework/Headers/HFSVolumes.h
/Applications/Xcode.app/Contents/Developer/Platforms/MacOSX.platform/Developer/SDKs/MacOSX26.1.sdk/System/Library/Frameworks/CoreServices.framework/Frameworks/CarbonCore.framework/Headers/AIFF.h
/Applications/Xcode.app/Contents/Developer/Toolchains/XcodeDefault.xctoolchain/usr/lib/swift/clang/include/module.modulemap
/Applications/Xcode.app/Contents/Developer/Platforms/MacOSX.platform/Developer/SDKs/MacOSX26.1.sdk/System/Library/Frameworks/CoreServices.framework/Frameworks/CarbonCore.framework/Headers/TextEncodingPlugin.h
/Applications/Xcode.app/Contents/Developer/Platforms/MacOSX.platform/Developer/SDKs/MacOSX26.1.sdk/System/Library/Frameworks/CoreServices.framework/Frameworks/AE.framework/Headers/AEDataModel.h
/Applications/Xcode.app/Contents/Developer/Platforms/MacOSX.platform/Developer/SDKs/MacOSX26.1.sdk/System/Library/Frameworks/CoreServices.framework/Frameworks/AE.framework/Headers/AppleEvents.h
/Applications/Xcode.app/Contents/Developer/Platforms/MacOSX.platform/Developer/SDKs/MacOSX26.1.sdk/System/Library/Frameworks/CoreServices.framework/Frameworks/AE.framework/Headers/AEPackObject.h
/Applications/Xcode.app/Contents/Developer/Platforms/MacOSX.platform/Developer/SDKs/MacOSX26.1.sdk/System/Library/Frameworks/CoreServices.framework/Frameworks/AE.framework/Headers/AEObjects.h
/Applications/Xcode.app/Contents/Developer/Platforms/MacOSX.platform/Developer/SDKs/MacOSX26.1.sdk/System/Library/Frameworks/CoreServices.framework/Frameworks/AE.framework/Headers/AERegistry.h
/Applications/Xcode.app/Contents/Developer/Platforms/MacOSX.platform/Developer/SDKs/MacOSX26.1.sdk/System/Library/Frameworks/CoreServices.framework/Frameworks/AE.framework/Headers/AEUserTermTypes.h
/Applications/Xcode.app/Contents/Developer/Platforms/MacOSX.platform/Developer/SDKs/MacOSX26.1.sdk/System/Library/Frameworks/CoreServices.framework/Frameworks/AE.framework/Headers/AEHelpers.h
/Applications/Xcode.app/Contents/Developer/Toolchains/XcodeDefault.xctoolchain/usr/lib/swift/clang/include/stdarg.h
/Applications/Xcode.app/Contents/Developer/Platforms/MacOSX.platform/Developer/SDKs/MacOSX26.1.sdk/System/Library/Frameworks/CoreServices.framework/Frameworks/AE.framework/Headers/AEMach.h
/Applications/Xcode.app/Contents/Developer/Platforms/MacOSX.platform/Developer/SDKs/MacOSX26.1.sdk/System/Library/Frameworks/CFNetwork.framework/Modules/module.modulemap
/Applications/Xcode.app/Contents/Developer/Platforms/MacOSX.platform/Developer/SDKs/MacOSX26.1.sdk/System/Library/Frameworks/CoreServices.framework/Frameworks/DictionaryServices.framework/Headers/DictionaryServices.h
/Applications/Xcode.app/Contents/Developer/Platforms/MacOSX.platform/Developer/SDKs/MacOSX26.1.sdk/System/Library/Frameworks/CoreServices.framework/Frameworks/LaunchServices.framework/Headers/LaunchServices.h
/Applications/Xcode.app/Contents/Developer/Platforms/MacOSX.platform/Developer/SDKs/MacOSX26.1.sdk/System/Library/Frameworks/CoreServices.framework/Frameworks/LaunchServices.framework/Headers/IconsCore.h
/Applications/Xcode.app/Contents/Developer/Platforms/MacOSX.platform/Developer/SDKs/MacOSX26.1.sdk/System/Library/Frameworks/CoreServices.framework/Frameworks/OSServices.framework/Headers/OSServices.h
/Applications/Xcode.app/Contents/Developer/Platforms/MacOSX.platform/Developer/SDKs/MacOSX26.1.sdk/System/Library/Frameworks/CoreServices.framework/Frameworks/OSServices.framework/Headers/CSIdentity.h
/Applications/Xcode.app/Contents/Developer/Platforms/MacOSX.platform/Developer/SDKs/MacOSX26.1.sdk/System/Library/Frameworks/CoreServices.framework/Frameworks/OSServices.framework/Headers/CSIdentityBase.h
/Applications/Xcode.app/Contents/Developer/Platforms/MacOSX.platform/Developer/SDKs/MacOSX26.1.sdk/System/Library/Frameworks/Security.framework/Modules/module.modulemap
/Applications/Xcode.app/Contents/Developer/Platforms/MacOSX.platform/Developer/SDKs/MacOSX26.1.sdk/System/Library/Frameworks/CoreServices.framework/Frameworks/OSServices.framework/Headers/CSIdentityAuthority.h
/Applications/Xcode.app/Contents/Developer/Platforms/MacOSX.platform/Developer/SDKs/MacOSX26.1.sdk/System/Library/Frameworks/CoreServices.framework/Frameworks/OSServices.framework/Headers/CSIdentityQuery.h
/Applications/Xcode.app/Contents/Developer/Platforms/MacOSX.platform/Developer/SDKs/MacOSX26.1.sdk/System/Library/Frameworks/CoreServices.framework/Frameworks/OSServices.framework/Headers/IconStorage.h
/Applications/Xcode.app/Contents/Developer/Platforms/MacOSX.platform/Developer/SDKs/MacOSX26.1.sdk/System/Library/Frameworks/CoreServices.framework/Frameworks/OSServices.framework/Headers/Power.h
/Applications/Xcode.app/Contents/Developer/Platforms/MacOSX.platform/Developer/SDKs/MacOSX26.1.sdk/System/Library/Frameworks/CoreServices.framework/Frameworks/OSServices.framework/Headers/SecurityCore.h
/Applications/Xcode.app/Contents/Developer/Platforms/MacOSX.platform/Developer/SDKs/MacOSX26.1.sdk/System/Library/Frameworks/CoreServices.framework/Frameworks/OSServices.framework/Headers/KeychainCore.h
/Applications/Xcode.app/Contents/Developer/Platforms/MacOSX.platform/Developer/SDKs/MacOSX26.1.sdk/System/Library/Frameworks/CoreServices.framework/Frameworks/OSServices.framework/Headers/WSMethodInvocation.h
/Applications/Xcode.app/Contents/Developer/Platforms/MacOSX.platform/Developer/SDKs/MacOSX26.1.sdk/System/Library/Frameworks/CoreServices.framework/Frameworks/OSServices.framework/Headers/WSTypes.h
/Applications/Xcode.app/Contents/Developer/Platforms/MacOSX.platform/Developer/SDKs/MacOSX26.1.sdk/System/Library/Frameworks/CoreServices.framework/Frameworks/OSServices.framework/Headers/WSProtocolHandler.h
/Applications/Xcode.app/Contents/Developer/Platforms/MacOSX.platform/Developer/SDKs/MacOSX26.1.sdk/System/Library/Frameworks/CoreServices.framework/Frameworks/LaunchServices.framework/Headers/LSConstants.h
/Applications/Xcode.app/Contents/Developer/Platforms/MacOSX.platform/Developer/SDKs/MacOSX26.1.sdk/System/Library/Frameworks/CoreServices.framework/Frameworks/LaunchServices.framework/Headers/LSInfo.h
/Applications/Xcode.app/Contents/Developer/Platforms/MacOSX.platform/Developer/SDKs/MacOSX26.1.sdk/System/Library/Frameworks/CoreServices.framework/Frameworks/LaunchServices.framework/Headers/LSInfoDeprecated.h
/Applications/Xcode.app/Contents/Developer/Platforms/MacOSX.platform/Developer/SDKs/MacOSX26.1.sdk/System/Library/Frameworks/CoreServices.framework/Frameworks/LaunchServices.framework/Headers/LSOpen.h
/Applications/Xcode.app/Contents/Developer/Platforms/MacOSX.platform/Developer/SDKs/MacOSX26.1.sdk/System/Library/Frameworks/CoreServices.framework/Frameworks/LaunchServices.framework/Headers/LSOpenDeprecated.h
/Applications/Xcode.app/Contents/Developer/Platforms/MacOSX.platform/Developer/SDKs/MacOSX26.1.sdk/System/Library/Frameworks/CoreServices.framework/Frameworks/LaunchServices.framework/Headers/LSQuarantine.h
/Applications/Xcode.app/Contents/Developer/Platforms/MacOSX.platform/Developer/SDKs/MacOSX26.1.sdk/System/Library/Frameworks/CoreServices.framework/Frameworks/LaunchServices.framework/Headers/UTCoreTypes.h
/Applications/Xcode.app/Contents/Developer/Platforms/MacOSX.platform/Developer/SDKs/MacOSX26.1.sdk/System/Library/Frameworks/CoreServices.framework/Frameworks/LaunchServices.framework/Headers/UTType.h
/Applications/Xcode.app/Contents/Developer/Platforms/MacOSX.platform/Developer/SDKs/MacOSX26.1.sdk/System/Library/Frameworks/CoreServices.framework/Frameworks/Metadata.framework/Headers/Metadata.h
/Applications/Xcode.app/Contents/Developer/Platforms/MacOSX.platform/Developer/SDKs/MacOSX26.1.sdk/System/Library/Frameworks/CoreServices.framework/Frameworks/Metadata.framework/Headers/MDItem.h
/Applications/Xcode.app/Contents/Developer/Platforms/MacOSX.platform/Developer/SDKs/MacOSX26.1.sdk/System/Library/Frameworks/CoreServices.framework/Frameworks/Metadata.framework/Headers/MDLabel.h
/Applications/Xcode.app/Contents/Developer/Platforms/MacOSX.platform/Developer/SDKs/MacOSX26.1.sdk/System/Library/Frameworks/CoreServices.framework/Frameworks/Metadata.framework/Headers/MDQuery.h
/Applications/Xcode.app/Contents/Developer/Platforms/MacOSX.platform/Developer/SDKs/MacOSX26.1.sdk/System/Library/Frameworks/CoreServices.framework/Frameworks/Metadata.framework/Headers/MDSchema.h
/Applications/Xcode.app/Contents/Developer/Platforms/MacOSX.platform/Developer/SDKs/MacOSX26.1.sdk/System/Library/Frameworks/CoreServices.framework/Frameworks/Metadata.framework/Headers/MDImporter.h
/Applications/Xcode.app/Contents/Developer/Platforms/MacOSX.platform/Developer/SDKs/MacOSX26.1.sdk/System/Library/Frameworks/CoreServices.framework/Frameworks/SearchKit.framework/Headers/SearchKit.h
/Applications/Xcode.app/Contents/Developer/Platforms/MacOSX.platform/Developer/SDKs/MacOSX26.1.sdk/System/Library/Frameworks/CoreServices.framework/Frameworks/SearchKit.framework/Headers/SKDocument.h
/Applications/Xcode.app/Contents/Developer/Platforms/MacOSX.platform/Developer/SDKs/MacOSX26.1.sdk/System/Library/Frameworks/CoreServices.framework/Frameworks/SearchKit.framework/Headers/SKAnalysis.h
/Applications/Xcode.app/Contents/Developer/Platforms/MacOSX.platform/Developer/SDKs/MacOSX26.1.sdk/System/Library/Frameworks/CoreServices.framework/Frameworks/SearchKit.framework/Headers/SKIndex.h
/Applications/Xcode.app/Contents/Developer/Platforms/MacOSX.platform/Developer/SDKs/MacOSX26.1.sdk/System/Library/Frameworks/CoreServices.framework/Frameworks/SearchKit.framework/Headers/SKSearch.h
/Applications/Xcode.app/Contents/Developer/Platforms/MacOSX.platform/Developer/SDKs/MacOSX26.1.sdk/System/Library/Frameworks/CoreServices.framework/Frameworks/SearchKit.framework/Headers/SKSummary.h
/Applications/Xcode.app/Contents/Developer/Platforms/MacOSX.platform/Developer/SDKs/MacOSX26.1.sdk/System/Library/Frameworks/CoreServices.framework/Frameworks/FSEvents.framework/Headers/FSEvents.h
/Applications/Xcode.app/Contents/Developer/Platforms/MacOSX.platform/Developer/SDKs/MacOSX26.1.sdk/System/Library/Frameworks/CoreServices.framework/Frameworks/SharedFileList.framework/Headers/SharedFileList.h
/Applications/Xcode.app/Contents/Developer/Platforms/MacOSX.platform/Developer/SDKs/MacOSX26.1.sdk/System/Library/Frameworks/CoreServices.framework/Frameworks/SharedFileList.framework/Headers/LSSharedFileList.h
/Applications/Xcode.app/Contents/Developer/Platforms/MacOSX.platform/Developer/SDKs/MacOSX26.1.sdk/SDKSettings.json
/Applications/Xcode.app/Contents/Developer/Platforms/MacOSX.platform/Developer/SDKs/MacOSX26.1.sdk/System/Library/Frameworks/CoreText.framework/Headers/CoreText.apinotes
/Applications/Xcode.app/Contents/Developer/Platforms/MacOSX.platform/Developer/SDKs/MacOSX26.1.sdk/System/Library/Frameworks/CoreText.framework/Modules/module.modulemap
/Applications/Xcode.app/Contents/Developer/Platforms/MacOSX.platform/Developer/SDKs/MacOSX26.1.sdk/System/Library/Frameworks/CoreText.framework/Headers/CoreText.h
/Applications/Xcode.app/Contents/Developer/Platforms/MacOSX.platform/Developer/SDKs/MacOSX26.1.sdk/System/Library/Frameworks/CoreText.framework/Headers/CTFont.h
/Applications/Xcode.app/Contents/Developer/Platforms/MacOSX.platform/Developer/SDKs/MacOSX26.1.sdk/System/Library/Frameworks/CoreText.framework/Headers/CTFontDescriptor.h
/Applications/Xcode.app/Contents/Developer/Platforms/MacOSX.platform/Developer/SDKs/MacOSX26.1.sdk/System/Library/Frameworks/CoreText.framework/Headers/CTFontTraits.h
/Applications/Xcode.app/Contents/Developer/Platforms/MacOSX.platform/Developer/SDKs/MacOSX26.1.sdk/System/Library/Frameworks/CoreText.framework/Headers/CTDefines.h
/Applications/Xcode.app/Contents/Developer/Platforms/MacOSX.platform/Developer/SDKs/MacOSX26.1.sdk/usr/include/Darwin.modulemap
/Applications/Xcode.app/Contents/Developer/Platforms/MacOSX.platform/Developer/SDKs/MacOSX26.1.sdk/usr/include/Darwin_C.modulemap
/Applications/Xcode.app/Contents/Developer/Platforms/MacOSX.platform/Developer/SDKs/MacOSX26.1.sdk/usr/include/Darwin_POSIX.modulemap
/Applications/Xcode.app/Contents/Developer/Platforms/MacOSX.platform/Developer/SDKs/MacOSX26.1.sdk/usr/include/net.modulemap
/Applications/Xcode.app/Contents/Developer/Platforms/MacOSX.platform/Developer/SDKs/MacOSX26.1.sdk/usr/include/netinet.modulemap
/Applications/Xcode.app/Contents/Developer/Platforms/MacOSX.platform/Developer/SDKs/MacOSX26.1.sdk/usr/include/bank.modulemap
/Applications/Xcode.app/Contents/Developer/Platforms/MacOSX.platform/Developer/SDKs/MacOSX26.1.sdk/usr/include/Darwin_Mach.modulemap
/Applications/Xcode.app/Contents/Developer/Platforms/MacOSX.platform/Developer/SDKs/MacOSX26.1.sdk/usr/include/Darwin_Mach_machine.modulemap
/Applications/Xcode.app/Contents/Developer/Platforms/MacOSX.platform/Developer/SDKs/MacOSX26.1.sdk/usr/include/mach_debug.modulemap
/Applications/Xcode.app/Contents/Developer/Platforms/MacOSX.platform/Developer/SDKs/MacOSX26.1.sdk/usr/include/device.modulemap
/Applications/Xcode.app/Contents/Developer/Platforms/MacOSX.platform/Developer/SDKs/MacOSX26.1.sdk/usr/include/Darwin_machine.modulemap
/Applications/Xcode.app/Contents/Developer/Platforms/MacOSX.platform/Developer/SDKs/MacOSX26.1.sdk/usr/include/ncurses.modulemap
/Applications/Xcode.app/Contents/Developer/Platforms/MacOSX.platform/Developer/SDKs/MacOSX26.1.sdk/usr/include/netinet6.modulemap
/Applications/Xcode.app/Contents/Developer/Platforms/MacOSX.platform/Developer/SDKs/MacOSX26.1.sdk/usr/include/Darwin_sys.modulemap
/Applications/Xcode.app/Contents/Developer/Platforms/MacOSX.platform/Developer/SDKs/MacOSX26.1.sdk/usr/include/uuid.modulemap
/Applications/Xcode.app/Contents/Developer/Platforms/MacOSX.platform/Developer/SDKs/MacOSX26.1.sdk/usr/include/DarwinFoundation1.modulemap
/Applications/Xcode.app/Contents/Developer/Platforms/MacOSX.platform/Developer/SDKs/MacOSX26.1.sdk/System/Library/Frameworks/CoreFoundation.framework/Modules/module.modulemap
/Applications/Xcode.app/Contents/Developer/Platforms/MacOSX.platform/Developer/SDKs/MacOSX26.1.sdk/System/Library/Frameworks/CoreGraphics.framework/Modules/module.modulemap
/Applications/Xcode.app/Contents/Developer/Platforms/MacOSX.platform/Developer/SDKs/MacOSX26.1.sdk/System/Library/Frameworks/CoreText.framework/Headers/CTFontCollection.h
/Applications/Xcode.app/Contents/Developer/Platforms/MacOSX.platform/Developer/SDKs/MacOSX26.1.sdk/System/Library/Frameworks/CoreText.framework/Headers/CTFontManager.h
/Applications/Xcode.app/Contents/Developer/Platforms/MacOSX.platform/Developer/SDKs/MacOSX26.1.sdk/System/Library/Frameworks/CoreText.framework/Headers/CTFontManagerErrors.h
/Applications/Xcode.app/Contents/Developer/Platforms/MacOSX.platform/Developer/SDKs/MacOSX26.1.sdk/System/Library/Frameworks/CoreText.framework/Headers/CTFrame.h
/Applications/Xcode.app/Contents/Developer/Platforms/MacOSX.platform/Developer/SDKs/MacOSX26.1.sdk/System/Library/Frameworks/CoreText.framework/Headers/CTFramesetter.h
/Applications/Xcode.app/Contents/Developer/Platforms/MacOSX.platform/Developer/SDKs/MacOSX26.1.sdk/System/Library/Frameworks/CoreText.framework/Headers/CTTypesetter.h
/Applications/Xcode.app/Contents/Developer/Platforms/MacOSX.platform/Developer/SDKs/MacOSX26.1.sdk/System/Library/Frameworks/CoreText.framework/Headers/CTLine.h
/Applications/Xcode.app/Contents/Developer/Platforms/MacOSX.platform/Developer/SDKs/MacOSX26.1.sdk/System/Library/Frameworks/CoreText.framework/Headers/CTGlyphInfo.h
/Applications/Xcode.app/Contents/Developer/Platforms/MacOSX.platform/Developer/SDKs/MacOSX26.1.sdk/System/Library/Frameworks/CoreText.framework/Headers/CTParagraphStyle.h
/Applications/Xcode.app/Contents/Developer/Platforms/MacOSX.platform/Developer/SDKs/MacOSX26.1.sdk/System/Library/Frameworks/CoreText.framework/Headers/CTRubyAnnotation.h
/Applications/Xcode.app/Contents/Developer/Platforms/MacOSX.platform/Developer/SDKs/MacOSX26.1.sdk/System/Library/Frameworks/CoreText.framework/Headers/CTRun.h
/Applications/Xcode.app/Contents/Developer/Platforms/MacOSX.platform/Developer/SDKs/MacOSX26.1.sdk/System/Library/Frameworks/CoreText.framework/Headers/CTRunDelegate.h
/Applications/Xcode.app/Contents/Developer/Platforms/MacOSX.platform/Developer/SDKs/MacOSX26.1.sdk/System/Library/Frameworks/CoreText.framework/Headers/CTStringAttributes.h
/Applications/Xcode.app/Contents/Developer/Platforms/MacOSX.platform/Developer/SDKs/MacOSX26.1.sdk/System/Library/Frameworks/CoreText.framework/Headers/CTTextTab.h
/Applications/Xcode.app/Contents/Developer/Platforms/MacOSX.platform/Developer/SDKs/MacOSX26.1.sdk/System/Library/Frameworks/CoreText.framework/Headers/SFNTLayoutTypes.h
/Applications/Xcode.app/Contents/Developer/Platforms/MacOSX.platform/Developer/SDKs/MacOSX26.1.sdk/System/Library/Frameworks/CoreText.framework/Headers/SFNTTypes.h
/Applications/Xcode.app/Contents/Developer/Platforms/MacOSX.platform/Developer/SDKs/MacOSX26.1.sdk/SDKSettings.json
/Applications/Xcode.app/Contents/Developer/Toolchains/XcodeDefault.xctoolchain/usr/lib/swift/macosx/prebuilt-modules/26.1/CoreText.swiftmodule/arm64e-apple-macos.swiftmodule
/Applications/Xcode.app/Contents/Developer/Platforms/MacOSX.platform/Developer/SDKs/MacOSX26.1.sdk/System/Library/Frameworks/CoreTransferable.framework/Modules/module.modulemap
/Applications/Xcode.app/Contents/Developer/Platforms/MacOSX.platform/Developer/SDKs/MacOSX26.1.sdk/System/Library/Frameworks/CoreTransferable.framework/Headers/CoreTransferable.h
/Applications/Xcode.app/Contents/Developer/Platforms/MacOSX.platform/Developer/SDKs/MacOSX26.1.sdk/System/Library/Frameworks/Foundation.framework/Modules/module.modulemap
/Applications/Xcode.app/Contents/Developer/Platforms/MacOSX.platform/Developer/SDKs/MacOSX26.1.sdk/SDKSettings.json
/Applications/Xcode.app/Contents/Developer/Toolchains/XcodeDefault.xctoolchain/usr/lib/swift/macosx/prebuilt-modules/26.1/CoreTransferable.swiftmodule/arm64e-apple-macos.swiftmodule
/Applications/Xcode.app/Contents/Developer/Toolchains/XcodeDefault.xctoolchain/usr/lib/swift/macosx/prebuilt-modules/26.1/CoreVideo.swiftmodule/arm64e-apple-macos.swiftmodule
/Applications/Xcode.app/Contents/Developer/Platforms/MacOSX.platform/Developer/SDKs/MacOSX26.1.sdk/System/Library/Frameworks/CoreVideo.framework/Modules/module.modulemap
/Applications/Xcode.app/Contents/Developer/Platforms/MacOSX.platform/Developer/SDKs/MacOSX26.1.sdk/System/Library/Frameworks/CoreVideo.framework/Headers/CoreVideo.h
/Applications/Xcode.app/Contents/Developer/Platforms/MacOSX.platform/Developer/SDKs/MacOSX26.1.sdk/usr/include/DarwinFoundation1.modulemap
/Applications/Xcode.app/Contents/Developer/Platforms/MacOSX.platform/Developer/SDKs/MacOSX26.1.sdk/System/Library/Frameworks/CoreVideo.framework/Headers/CVReturn.h
/Applications/Xcode.app/Contents/Developer/Platforms/MacOSX.platform/Developer/SDKs/MacOSX26.1.sdk/System/Library/Frameworks/CoreVideo.framework/Headers/CVBase.h
/Applications/Xcode.app/Contents/Developer/Toolchains/XcodeDefault.xctoolchain/usr/lib/swift/clang/include/module.modulemap
/Applications/Xcode.app/Contents/Developer/Platforms/MacOSX.platform/Developer/SDKs/MacOSX26.1.sdk/System/Library/Frameworks/CoreFoundation.framework/Modules/module.modulemap
/Applications/Xcode.app/Contents/Developer/Platforms/MacOSX.platform/Developer/SDKs/MacOSX26.1.sdk/System/Library/Frameworks/CoreVideo.framework/Headers/CVHostTime.h
/Applications/Xcode.app/Contents/Developer/Platforms/MacOSX.platform/Developer/SDKs/MacOSX26.1.sdk/System/Library/Frameworks/CoreVideo.framework/Headers/CVDisplayLink.h
/Applications/Xcode.app/Contents/Developer/Platforms/MacOSX.platform/Developer/SDKs/MacOSX26.1.sdk/System/Library/Frameworks/CoreGraphics.framework/Modules/module.modulemap
/Applications/Xcode.app/Contents/Developer/Platforms/MacOSX.platform/Developer/SDKs/MacOSX26.1.sdk/System/Library/Frameworks/OpenGL.framework/Modules/module.modulemap
/Applications/Xcode.app/Contents/Developer/Platforms/MacOSX.platform/Developer/SDKs/MacOSX26.1.sdk/System/Library/Frameworks/CoreVideo.framework/Headers/CVBuffer.h
/Applications/Xcode.app/Contents/Developer/Toolchains/XcodeDefault.xctoolchain/usr/lib/swift/clang/include/stddef.h
/Applications/Xcode.app/Contents/Developer/Platforms/MacOSX.platform/Developer/SDKs/MacOSX26.1.sdk/System/Library/Frameworks/CoreVideo.framework/Headers/CVPixelBuffer.h
/Applications/Xcode.app/Contents/Developer/Platforms/MacOSX.platform/Developer/SDKs/MacOSX26.1.sdk/System/Library/Frameworks/CoreVideo.framework/Headers/CVImageBuffer.h
/Applications/Xcode.app/Contents/Developer/Platforms/MacOSX.platform/Developer/SDKs/MacOSX26.1.sdk/System/Library/Frameworks/ApplicationServices.framework/Modules/module.modulemap
/Applications/Xcode.app/Contents/Developer/Platforms/MacOSX.platform/Developer/SDKs/MacOSX26.1.sdk/System/Library/Frameworks/CoreVideo.framework/Headers/CVPixelBufferIOSurface.h
/Applications/Xcode.app/Contents/Developer/Platforms/MacOSX.platform/Developer/SDKs/MacOSX26.1.sdk/System/Library/Frameworks/IOSurface.framework/Modules/module.modulemap
/Applications/Xcode.app/Contents/Developer/Platforms/MacOSX.platform/Developer/SDKs/MacOSX26.1.sdk/System/Library/Frameworks/CoreVideo.framework/Headers/CVPixelBufferPool.h
/Applications/Xcode.app/Contents/Developer/Platforms/MacOSX.platform/Developer/SDKs/MacOSX26.1.sdk/System/Library/Frameworks/CoreVideo.framework/Headers/CVOpenGLBuffer.h
/Applications/Xcode.app/Contents/Developer/Platforms/MacOSX.platform/Developer/SDKs/MacOSX26.1.sdk/System/Library/Frameworks/CoreVideo.framework/Headers/CVOpenGLBufferPool.h
/Applications/Xcode.app/Contents/Developer/Platforms/MacOSX.platform/Developer/SDKs/MacOSX26.1.sdk/System/Library/Frameworks/CoreVideo.framework/Headers/CVOpenGLTexture.h
/Applications/Xcode.app/Contents/Developer/Platforms/MacOSX.platform/Developer/SDKs/MacOSX26.1.sdk/System/Library/Frameworks/CoreVideo.framework/Headers/CVOpenGLTextureCache.h
/Applications/Xcode.app/Contents/Developer/Platforms/MacOSX.platform/Developer/SDKs/MacOSX26.1.sdk/System/Library/Frameworks/CoreVideo.framework/Headers/CVPixelFormatDescription.h
/Applications/Xcode.app/Contents/Developer/Platforms/MacOSX.platform/Developer/SDKs/MacOSX26.1.sdk/System/Library/Frameworks/CoreVideo.framework/Headers/CVMetalTexture.h
/Applications/Xcode.app/Contents/Developer/Platforms/MacOSX.platform/Developer/SDKs/MacOSX26.1.sdk/System/Library/Frameworks/CoreVideo.framework/Headers/CVMetalTextureCache.h
/Applications/Xcode.app/Contents/Developer/Platforms/MacOSX.platform/Developer/SDKs/MacOSX26.1.sdk/System/Library/Frameworks/Metal.framework/Modules/module.modulemap
/Applications/Xcode.app/Contents/Developer/Platforms/MacOSX.platform/Developer/SDKs/MacOSX26.1.sdk/System/Library/Frameworks/CoreVideo.framework/Headers/CVMetalBuffer.h
/Applications/Xcode.app/Contents/Developer/Platforms/MacOSX.platform/Developer/SDKs/MacOSX26.1.sdk/System/Library/Frameworks/CoreVideo.framework/Headers/CVMetalBufferCache.h
/Applications/Xcode.app/Contents/Developer/Platforms/MacOSX.platform/Developer/SDKs/MacOSX26.1.sdk/SDKSettings.json
/Applications/Xcode.app/Contents/Developer/Platforms/MacOSX.platform/Developer/SDKs/MacOSX26.1.sdk/usr/include/Darwin.modulemap
/Applications/Xcode.app/Contents/Developer/Platforms/MacOSX.platform/Developer/SDKs/MacOSX26.1.sdk/usr/include/Darwin_C.modulemap
/Applications/Xcode.app/Contents/Developer/Platforms/MacOSX.platform/Developer/SDKs/MacOSX26.1.sdk/usr/include/Darwin_POSIX.modulemap
/Applications/Xcode.app/Contents/Developer/Platforms/MacOSX.platform/Developer/SDKs/MacOSX26.1.sdk/usr/include/net.modulemap
/Applications/Xcode.app/Contents/Developer/Platforms/MacOSX.platform/Developer/SDKs/MacOSX26.1.sdk/usr/include/netinet.modulemap
/Applications/Xcode.app/Contents/Developer/Platforms/MacOSX.platform/Developer/SDKs/MacOSX26.1.sdk/usr/include/bank.modulemap
/Applications/Xcode.app/Contents/Developer/Platforms/MacOSX.platform/Developer/SDKs/MacOSX26.1.sdk/usr/include/Darwin_Mach.modulemap
/Applications/Xcode.app/Contents/Developer/Platforms/MacOSX.platform/Developer/SDKs/MacOSX26.1.sdk/usr/include/Darwin_Mach_machine.modulemap
/Applications/Xcode.app/Contents/Developer/Platforms/MacOSX.platform/Developer/SDKs/MacOSX26.1.sdk/usr/include/mach_debug.modulemap
/Applications/Xcode.app/Contents/Developer/Platforms/MacOSX.platform/Developer/SDKs/MacOSX26.1.sdk/usr/include/device.modulemap
/Applications/Xcode.app/Contents/Developer/Platforms/MacOSX.platform/Developer/SDKs/MacOSX26.1.sdk/usr/include/Darwin_machine.modulemap
/Applications/Xcode.app/Contents/Developer/Platforms/MacOSX.platform/Developer/SDKs/MacOSX26.1.sdk/usr/include/ncurses.modulemap
/Applications/Xcode.app/Contents/Developer/Platforms/MacOSX.platform/Developer/SDKs/MacOSX26.1.sdk/usr/include/netinet6.modulemap
/Applications/Xcode.app/Contents/Developer/Platforms/MacOSX.platform/Developer/SDKs/MacOSX26.1.sdk/usr/include/Darwin_sys.modulemap
/Applications/Xcode.app/Contents/Developer/Platforms/MacOSX.platform/Developer/SDKs/MacOSX26.1.sdk/usr/include/uuid.modulemap
/Applications/Xcode.app/Contents/Developer/Platforms/MacOSX.platform/Developer/SDKs/MacOSX26.1.sdk/usr/include/DarwinFoundation2.modulemap
/Applications/Xcode.app/Contents/Developer/Platforms/MacOSX.platform/Developer/SDKs/MacOSX26.1.sdk/usr/include/DarwinFoundation3.modulemap
/Applications/Xcode.app/Contents/Developer/Platforms/MacOSX.platform/Developer/SDKs/MacOSX26.1.sdk/usr/include/DarwinFoundation1.modulemap
/Applications/Xcode.app/Contents/Developer/Platforms/MacOSX.platform/Developer/SDKs/MacOSX26.1.sdk/usr/include/copyfile.h
/Applications/Xcode.app/Contents/Developer/Toolchains/XcodeDefault.xctoolchain/usr/lib/swift/clang/include/module.modulemap
/Applications/Xcode.app/Contents/Developer/Platforms/MacOSX.platform/Developer/SDKs/MacOSX26.1.sdk/usr/include/err.h
/Applications/Xcode.app/Contents/Developer/Platforms/MacOSX.platform/Developer/SDKs/MacOSX26.1.sdk/usr/include/readpassphrase.h
/Applications/Xcode.app/Contents/Developer/Platforms/MacOSX.platform/Developer/SDKs/MacOSX26.1.sdk/usr/include/util.h
/Applications/Xcode.app/Contents/Developer/Platforms/MacOSX.platform/Developer/SDKs/MacOSX26.1.sdk/usr/include/sys/ttycom.h
/Applications/Xcode.app/Contents/Developer/Platforms/MacOSX.platform/Developer/SDKs/MacOSX26.1.sdk/usr/include/sys/ioccom.h
/Applications/Xcode.app/Contents/Developer/Platforms/MacOSX.platform/Developer/SDKs/MacOSX26.1.sdk/usr/include/stdio.h
/Applications/Xcode.app/Contents/Developer/Platforms/MacOSX.platform/Developer/SDKs/MacOSX26.1.sdk/usr/include/pwd.h
/Applications/Xcode.app/Contents/Developer/Platforms/MacOSX.platform/Developer/SDKs/MacOSX26.1.sdk/usr/include/uuid/uuid.h
/Applications/Xcode.app/Contents/Developer/Platforms/MacOSX.platform/Developer/SDKs/MacOSX26.1.sdk/usr/include/termios.h
/Applications/Xcode.app/Contents/Developer/Platforms/MacOSX.platform/Developer/SDKs/MacOSX26.1.sdk/usr/include/sys/termios.h
/Applications/Xcode.app/Contents/Developer/Platforms/MacOSX.platform/Developer/SDKs/MacOSX26.1.sdk/usr/include/sys/ttydefaults.h
/Applications/Xcode.app/Contents/Developer/Platforms/MacOSX.platform/Developer/SDKs/MacOSX26.1.sdk/usr/include/utmp.h
/Applications/Xcode.app/Contents/Developer/Platforms/MacOSX.platform/Developer/SDKs/MacOSX26.1.sdk/usr/include/xattr_flags.h
/Applications/Xcode.app/Contents/Developer/Platforms/MacOSX.platform/Developer/SDKs/MacOSX26.1.sdk/usr/include/_modules/_darwin_c_ctype.h
/Applications/Xcode.app/Contents/Developer/Platforms/MacOSX.platform/Developer/SDKs/MacOSX26.1.sdk/usr/include/ctype.h
/Applications/Xcode.app/Contents/Developer/Platforms/MacOSX.platform/Developer/SDKs/MacOSX26.1.sdk/usr/include/_modules/_darwin_c_errno.h
/Applications/Xcode.app/Contents/Developer/Platforms/MacOSX.platform/Developer/SDKs/MacOSX26.1.sdk/usr/include/_modules/_darwin_c_inttypes.h
/Applications/Xcode.app/Contents/Developer/Platforms/MacOSX.platform/Developer/SDKs/MacOSX26.1.sdk/usr/include/_modules/_darwin_c_limits.h
/Applications/Xcode.app/Contents/Developer/Platforms/MacOSX.platform/Developer/SDKs/MacOSX26.1.sdk/usr/include/_modules/_darwin_c_signal.h
/Applications/Xcode.app/Contents/Developer/Platforms/MacOSX.platform/Developer/SDKs/MacOSX26.1.sdk/usr/include/_modules/_darwin_c_stdarg.h
/Applications/Xcode.app/Contents/Developer/Toolchains/XcodeDefault.xctoolchain/usr/lib/swift/clang/include/stdarg.h
/Applications/Xcode.app/Contents/Developer/Platforms/MacOSX.platform/Developer/SDKs/MacOSX26.1.sdk/usr/include/_modules/_darwin_c_stdbool.h
/Applications/Xcode.app/Contents/Developer/Platforms/MacOSX.platform/Developer/SDKs/MacOSX26.1.sdk/usr/include/_modules/_darwin_c_stddef.h
/Applications/Xcode.app/Contents/Developer/Toolchains/XcodeDefault.xctoolchain/usr/lib/swift/clang/include/stddef.h
/Applications/Xcode.app/Contents/Developer/Platforms/MacOSX.platform/Developer/SDKs/MacOSX26.1.sdk/usr/include/_modules/_darwin_c_stdint.h
/Applications/Xcode.app/Contents/Developer/Platforms/MacOSX.platform/Developer/SDKs/MacOSX26.1.sdk/usr/include/_modules/_darwin_c_stdio.h
/Applications/Xcode.app/Contents/Developer/Platforms/MacOSX.platform/Developer/SDKs/MacOSX26.1.sdk/usr/include/_modules/_darwin_c_stdlib.h
/Applications/Xcode.app/Contents/Developer/Platforms/MacOSX.platform/Developer/SDKs/MacOSX26.1.sdk/usr/include/stdlib.h
/Applications/Xcode.app/Contents/Developer/Platforms/MacOSX.platform/Developer/SDKs/MacOSX26.1.sdk/usr/include/_modules/_darwin_c_string.h
/Applications/Xcode.app/Contents/Developer/Platforms/MacOSX.platform/Developer/SDKs/MacOSX26.1.sdk/usr/include/string.h
/Applications/Xcode.app/Contents/Developer/Platforms/MacOSX.platform/Developer/SDKs/MacOSX26.1.sdk/usr/include/_modules/_darwin_c_time.h
/Applications/Xcode.app/Contents/Developer/Platforms/MacOSX.platform/Developer/SDKs/MacOSX26.1.sdk/usr/include/time.h
/Applications/Xcode.app/Contents/Developer/Platforms/MacOSX.platform/Developer/SDKs/MacOSX26.1.sdk/usr/include/_modules/_darwin_c_wchar.h
/Applications/Xcode.app/Contents/Developer/Platforms/MacOSX.platform/Developer/SDKs/MacOSX26.1.sdk/usr/include/wchar.h
/Applications/Xcode.app/Contents/Developer/Platforms/MacOSX.platform/Developer/SDKs/MacOSX26.1.sdk/usr/include/aio.h
/Applications/Xcode.app/Contents/Developer/Platforms/MacOSX.platform/Developer/SDKs/MacOSX26.1.sdk/usr/include/sys/aio.h
/Applications/Xcode.app/Contents/Developer/Platforms/MacOSX.platform/Developer/SDKs/MacOSX26.1.sdk/usr/include/sys/_types/_o_sync.h
/Applications/Xcode.app/Contents/Developer/Platforms/MacOSX.platform/Developer/SDKs/MacOSX26.1.sdk/usr/include/sys/_types/_o_dsync.h
/Applications/Xcode.app/Contents/Developer/Platforms/MacOSX.platform/Developer/SDKs/MacOSX26.1.sdk/usr/include/arpa/inet.h
/Applications/Xcode.app/Contents/Developer/Platforms/MacOSX.platform/Developer/SDKs/MacOSX26.1.sdk/usr/include/netinet/in.h
/Applications/Xcode.app/Contents/Developer/Platforms/MacOSX.platform/Developer/SDKs/MacOSX26.1.sdk/usr/include/sys/socket.h
/Applications/Xcode.app/Contents/Developer/Platforms/MacOSX.platform/Developer/SDKs/MacOSX26.1.sdk/usr/include/sys/constrained_ctypes.h
/Applications/Xcode.app/Contents/Developer/Platforms/MacOSX.platform/Developer/SDKs/MacOSX26.1.sdk/usr/include/machine/_param.h
/Applications/Xcode.app/Contents/Developer/Platforms/MacOSX.platform/Developer/SDKs/MacOSX26.1.sdk/usr/include/arm/_param.h
/Applications/Xcode.app/Contents/Developer/Platforms/MacOSX.platform/Developer/SDKs/MacOSX26.1.sdk/usr/include/net/net_kev.h
/Applications/Xcode.app/Contents/Developer/Platforms/MacOSX.platform/Developer/SDKs/MacOSX26.1.sdk/usr/include/sys/_types/_sa_family_t.h
/Applications/Xcode.app/Contents/Developer/Platforms/MacOSX.platform/Developer/SDKs/MacOSX26.1.sdk/usr/include/sys/_types/_socklen_t.h
/Applications/Xcode.app/Contents/Developer/Platforms/MacOSX.platform/Developer/SDKs/MacOSX26.1.sdk/usr/include/sys/_types/_iovec_t.h
/Applications/Xcode.app/Contents/Developer/Platforms/MacOSX.platform/Developer/SDKs/MacOSX26.1.sdk/usr/include/netinet6/in6.h
/Applications/Xcode.app/Contents/Developer/Platforms/MacOSX.platform/Developer/SDKs/MacOSX26.1.sdk/usr/include/cpio.h
/Applications/Xcode.app/Contents/Developer/Platforms/MacOSX.platform/Developer/SDKs/MacOSX26.1.sdk/usr/include/dirent.h
/Applications/Xcode.app/Contents/Developer/Platforms/MacOSX.platform/Developer/SDKs/MacOSX26.1.sdk/usr/include/sys/dirent.h
/Applications/Xcode.app/Contents/Developer/Platforms/MacOSX.platform/Developer/SDKs/MacOSX26.1.sdk/usr/include/sys/dir.h
/Applications/Xcode.app/Contents/Developer/Platforms/MacOSX.platform/Developer/SDKs/MacOSX26.1.sdk/usr/include/dlfcn.h
/Applications/Xcode.app/Contents/Developer/Platforms/MacOSX.platform/Developer/SDKs/MacOSX26.1.sdk/usr/include/fcntl.h
/Applications/Xcode.app/Contents/Developer/Platforms/MacOSX.platform/Developer/SDKs/MacOSX26.1.sdk/usr/include/sys/fcntl.h
/Applications/Xcode.app/Contents/Developer/Platforms/MacOSX.platform/Developer/SDKs/MacOSX26.1.sdk/usr/include/sys/_types/_s_ifmt.h
/Applications/Xcode.app/Contents/Developer/Platforms/MacOSX.platform/Developer/SDKs/MacOSX26.1.sdk/usr/include/sys/_types/_filesec_t.h
/Applications/Xcode.app/Contents/Developer/Platforms/MacOSX.platform/Developer/SDKs/MacOSX26.1.sdk/usr/include/fmtmsg.h
/Applications/Xcode.app/Contents/Developer/Platforms/MacOSX.platform/Developer/SDKs/MacOSX26.1.sdk/usr/include/fnmatch.h
/Applications/Xcode.app/Contents/Developer/Platforms/MacOSX.platform/Developer/SDKs/MacOSX26.1.sdk/usr/include/ftw.h
/Applications/Xcode.app/Contents/Developer/Platforms/MacOSX.platform/Developer/SDKs/MacOSX26.1.sdk/usr/include/sys/stat.h
/Applications/Xcode.app/Contents/Developer/Platforms/MacOSX.platform/Developer/SDKs/MacOSX26.1.sdk/usr/include/glob.h
/Applications/Xcode.app/Contents/Developer/Platforms/MacOSX.platform/Developer/SDKs/MacOSX26.1.sdk/usr/include/grp.h
/Applications/Xcode.app/Contents/Developer/Platforms/MacOSX.platform/Developer/SDKs/MacOSX26.1.sdk/usr/include/iconv.h
/Applications/Xcode.app/Contents/Developer/Platforms/MacOSX.platform/Developer/SDKs/MacOSX26.1.sdk/usr/include/ifaddrs.h
/Applications/Xcode.app/Contents/Developer/Platforms/MacOSX.platform/Developer/SDKs/MacOSX26.1.sdk/usr/include/sys/ioctl.h
/Applications/Xcode.app/Contents/Developer/Platforms/MacOSX.platform/Developer/SDKs/MacOSX26.1.sdk/usr/include/sys/filio.h
/Applications/Xcode.app/Contents/Developer/Platforms/MacOSX.platform/Developer/SDKs/MacOSX26.1.sdk/usr/include/sys/sockio.h
/Applications/Xcode.app/Contents/Developer/Platforms/MacOSX.platform/Developer/SDKs/MacOSX26.1.sdk/usr/include/net/if.h
/Applications/Xcode.app/Contents/Developer/Platforms/MacOSX.platform/Developer/SDKs/MacOSX26.1.sdk/usr/include/net/if_var.h
/Applications/Xcode.app/Contents/Developer/Platforms/MacOSX.platform/Developer/SDKs/MacOSX26.1.sdk/usr/include/sys/time.h
/Applications/Xcode.app/Contents/Developer/Platforms/MacOSX.platform/Developer/SDKs/MacOSX26.1.sdk/usr/include/sys/_types/_timeval64.h
/Applications/Xcode.app/Contents/Developer/Platforms/MacOSX.platform/Developer/SDKs/MacOSX26.1.sdk/usr/include/sys/_types/_timeval32.h
/Applications/Xcode.app/Contents/Developer/Platforms/MacOSX.platform/Developer/SDKs/MacOSX26.1.sdk/usr/include/_langinfo.h
/Applications/Xcode.app/Contents/Developer/Platforms/MacOSX.platform/Developer/SDKs/MacOSX26.1.sdk/usr/include/xlocale/_langinfo.h
/Applications/Xcode.app/Contents/Developer/Platforms/MacOSX.platform/Developer/SDKs/MacOSX26.1.sdk/usr/include/libgen.h
/Applications/Xcode.app/Contents/Developer/Platforms/MacOSX.platform/Developer/SDKs/MacOSX26.1.sdk/usr/include/_monetary.h
/Applications/Xcode.app/Contents/Developer/Platforms/MacOSX.platform/Developer/SDKs/MacOSX26.1.sdk/usr/include/xlocale/_monetary.h
/Applications/Xcode.app/Contents/Developer/Platforms/MacOSX.platform/Developer/SDKs/MacOSX26.1.sdk/usr/include/ndbm.h
/Applications/Xcode.app/Contents/Developer/Platforms/MacOSX.platform/Developer/SDKs/MacOSX26.1.sdk/usr/include/netdb.h
/Applications/Xcode.app/Contents/Developer/Platforms/MacOSX.platform/Developer/SDKs/MacOSX26.1.sdk/usr/include/net/if_dl.h
/Applications/Xcode.app/Contents/Developer/Platforms/MacOSX.platform/Developer/SDKs/MacOSX26.1.sdk/usr/include/net/if_types.h
/Applications/Xcode.app/Contents/Developer/Platforms/MacOSX.platform/Developer/SDKs/MacOSX26.1.sdk/usr/include/netinet/tcp.h
/Applications/Xcode.app/Contents/Developer/Platforms/MacOSX.platform/Developer/SDKs/MacOSX26.1.sdk/usr/include/poll.h
/Applications/Xcode.app/Contents/Developer/Platforms/MacOSX.platform/Developer/SDKs/MacOSX26.1.sdk/usr/include/sys/poll.h
/Applications/Xcode.app/Contents/Developer/Platforms/MacOSX.platform/Developer/SDKs/MacOSX26.1.sdk/usr/include/pthread/spawn.h
/Applications/Xcode.app/Contents/Developer/Platforms/MacOSX.platform/Developer/SDKs/MacOSX26.1.sdk/usr/include/spawn.h
/Applications/Xcode.app/Contents/Developer/Platforms/MacOSX.platform/Developer/SDKs/MacOSX26.1.sdk/usr/include/sys/spawn.h
/Applications/Xcode.app/Contents/Developer/Platforms/MacOSX.platform/Developer/SDKs/MacOSX26.1.sdk/usr/include/mach/exception_types.h
/Applications/Xcode.app/Contents/Developer/Platforms/MacOSX.platform/Developer/SDKs/MacOSX26.1.sdk/usr/include/mach/machine/exception.h
/Applications/Xcode.app/Contents/Developer/Platforms/MacOSX.platform/Developer/SDKs/MacOSX26.1.sdk/usr/include/mach/arm/exception.h
/Applications/Xcode.app/Contents/Developer/Platforms/MacOSX.platform/Developer/SDKs/MacOSX26.1.sdk/usr/include/mach/port.h
/Applications/Xcode.app/Contents/Developer/Platforms/MacOSX.platform/Developer/SDKs/MacOSX26.1.sdk/usr/include/mach/boolean.h
/Applications/Xcode.app/Contents/Developer/Platforms/MacOSX.platform/Developer/SDKs/MacOSX26.1.sdk/usr/include/mach/machine/boolean.h
/Applications/Xcode.app/Contents/Developer/Platforms/MacOSX.platform/Developer/SDKs/MacOSX26.1.sdk/usr/include/mach/arm/boolean.h
/Applications/Xcode.app/Contents/Developer/Platforms/MacOSX.platform/Developer/SDKs/MacOSX26.1.sdk/usr/include/mach/machine/vm_types.h
/Applications/Xcode.app/Contents/Developer/Platforms/MacOSX.platform/Developer/SDKs/MacOSX26.1.sdk/usr/include/mach/arm/vm_types.h
/Applications/Xcode.app/Contents/Developer/Platforms/MacOSX.platform/Developer/SDKs/MacOSX26.1.sdk/usr/include/mach/thread_status.h
/Applications/Xcode.app/Contents/Developer/Platforms/MacOSX.platform/Developer/SDKs/MacOSX26.1.sdk/usr/include/mach/machine/thread_status.h
/Applications/Xcode.app/Contents/Developer/Platforms/MacOSX.platform/Developer/SDKs/MacOSX26.1.sdk/usr/include/mach/arm/thread_status.h
/Applications/Xcode.app/Contents/Developer/Platforms/MacOSX.platform/Developer/SDKs/MacOSX26.1.sdk/usr/include/mach/machine/thread_state.h
/Applications/Xcode.app/Contents/Developer/Platforms/MacOSX.platform/Developer/SDKs/MacOSX26.1.sdk/usr/include/mach/arm/thread_state.h
/Applications/Xcode.app/Contents/Developer/Platforms/MacOSX.platform/Developer/SDKs/MacOSX26.1.sdk/usr/include/mach/message.h
/Applications/Xcode.app/Contents/Developer/Platforms/MacOSX.platform/Developer/SDKs/MacOSX26.1.sdk/usr/include/mach/kern_return.h
/Applications/Xcode.app/Contents/Developer/Platforms/MacOSX.platform/Developer/SDKs/MacOSX26.1.sdk/usr/include/mach/machine/kern_return.h
/Applications/Xcode.app/Contents/Developer/Platforms/MacOSX.platform/Developer/SDKs/MacOSX26.1.sdk/usr/include/mach/arm/kern_return.h
/Applications/Xcode.app/Contents/Developer/Platforms/MacOSX.platform/Developer/SDKs/MacOSX26.1.sdk/usr/include/mach/vm_types.h
/Applications/Xcode.app/Contents/Developer/Platforms/MacOSX.platform/Developer/SDKs/MacOSX26.1.sdk/usr/include/mach_debug/ipc_info.h
/Applications/Xcode.app/Contents/Developer/Platforms/MacOSX.platform/Developer/SDKs/MacOSX26.1.sdk/usr/include/mach/machine.h
/Applications/Xcode.app/Contents/Developer/Platforms/MacOSX.platform/Developer/SDKs/MacOSX26.1.sdk/usr/include/pthread/pthread_spis.h
/Applications/Xcode.app/Contents/Developer/Platforms/MacOSX.platform/Developer/SDKs/MacOSX26.1.sdk/usr/include/_modules/_darwin_posix_pthread_pthread.h
/Applications/Xcode.app/Contents/Developer/Platforms/MacOSX.platform/Developer/SDKs/MacOSX26.1.sdk/usr/include/_regex.h
/Applications/Xcode.app/Contents/Developer/Platforms/MacOSX.platform/Developer/SDKs/MacOSX26.1.sdk/usr/include/xlocale/_regex.h
/Applications/Xcode.app/Contents/Developer/Platforms/MacOSX.platform/Developer/SDKs/MacOSX26.1.sdk/usr/include/search.h
/Applications/Xcode.app/Contents/Developer/Platforms/MacOSX.platform/Developer/SDKs/MacOSX26.1.sdk/usr/include/semaphore.h
/Applications/Xcode.app/Contents/Developer/Platforms/MacOSX.platform/Developer/SDKs/MacOSX26.1.sdk/usr/include/sys/semaphore.h
/Applications/Xcode.app/Contents/Developer/Platforms/MacOSX.platform/Developer/SDKs/MacOSX26.1.sdk/usr/include/sys/posix_sem.h
/Applications/Xcode.app/Contents/Developer/Platforms/MacOSX.platform/Developer/SDKs/MacOSX26.1.sdk/usr/include/sys/proc.h
/Applications/Xcode.app/Contents/Developer/Platforms/MacOSX.platform/Developer/SDKs/MacOSX26.1.sdk/usr/include/sys/queue.h
/Applications/Xcode.app/Contents/Developer/Platforms/MacOSX.platform/Developer/SDKs/MacOSX26.1.sdk/usr/include/sys/lock.h
/Applications/Xcode.app/Contents/Developer/Platforms/MacOSX.platform/Developer/SDKs/MacOSX26.1.sdk/usr/include/sys/param.h
/Applications/Xcode.app/Contents/Developer/Platforms/MacOSX.platform/Developer/SDKs/MacOSX26.1.sdk/usr/include/machine/param.h
/Applications/Xcode.app/Contents/Developer/Platforms/MacOSX.platform/Developer/SDKs/MacOSX26.1.sdk/usr/include/arm/param.h
/Applications/Xcode.app/Contents/Developer/Platforms/MacOSX.platform/Developer/SDKs/MacOSX26.1.sdk/usr/include/sys/event.h
/Applications/Xcode.app/Contents/Developer/Platforms/MacOSX.platform/Developer/SDKs/MacOSX26.1.sdk/usr/include/strings.h
/Applications/Xcode.app/Contents/Developer/Platforms/MacOSX.platform/Developer/SDKs/MacOSX26.1.sdk/usr/include/sys/ipc.h
/Applications/Xcode.app/Contents/Developer/Platforms/MacOSX.platform/Developer/SDKs/MacOSX26.1.sdk/usr/include/sys/mman.h
/Applications/Xcode.app/Contents/Developer/Platforms/MacOSX.platform/Developer/SDKs/MacOSX26.1.sdk/usr/include/sys/msg.h
/Applications/Xcode.app/Contents/Developer/Platforms/MacOSX.platform/Developer/SDKs/MacOSX26.1.sdk/usr/include/sys/sem.h
/Applications/Xcode.app/Contents/Developer/Platforms/MacOSX.platform/Developer/SDKs/MacOSX26.1.sdk/usr/include/sys/shm.h
/Applications/Xcode.app/Contents/Developer/Platforms/MacOSX.platform/Developer/SDKs/MacOSX26.1.sdk/usr/include/sys/posix_shm.h
/Applications/Xcode.app/Contents/Developer/Platforms/MacOSX.platform/Developer/SDKs/MacOSX26.1.sdk/usr/include/sys/statvfs.h
/Applications/Xcode.app/Contents/Developer/Platforms/MacOSX.platform/Developer/SDKs/MacOSX26.1.sdk/usr/include/sys/times.h
/Applications/Xcode.app/Contents/Developer/Platforms/MacOSX.platform/Developer/SDKs/MacOSX26.1.sdk/usr/include/sys/_types/_fsid_t.h
/Applications/Xcode.app/Contents/Developer/Platforms/MacOSX.platform/Developer/SDKs/MacOSX26.1.sdk/usr/include/sys/_types/_fsobj_id_t.h
/Applications/Xcode.app/Contents/Developer/Platforms/MacOSX.platform/Developer/SDKs/MacOSX26.1.sdk/usr/include/sys/_types/_graftdmg_un.h
/Applications/Xcode.app/Contents/Developer/Platforms/MacOSX.platform/Developer/SDKs/MacOSX26.1.sdk/usr/include/sys/_types/_guid_t.h
/Applications/Xcode.app/Contents/Developer/Platforms/MacOSX.platform/Developer/SDKs/MacOSX26.1.sdk/usr/include/sys/_types/_mount_t.h
/Applications/Xcode.app/Contents/Developer/Platforms/MacOSX.platform/Developer/SDKs/MacOSX26.1.sdk/usr/include/sys/_types/_os_inline.h
/Applications/Xcode.app/Contents/Developer/Platforms/MacOSX.platform/Developer/SDKs/MacOSX26.1.sdk/usr/include/sys/_types/_ucontext64.h
/Applications/Xcode.app/Contents/Developer/Platforms/MacOSX.platform/Developer/SDKs/MacOSX26.1.sdk/usr/include/sys/_types/_vnode_t.h
/Applications/Xcode.app/Contents/Developer/Platforms/MacOSX.platform/Developer/SDKs/MacOSX26.1.sdk/usr/include/sys/uio.h
/Applications/Xcode.app/Contents/Developer/Platforms/MacOSX.platform/Developer/SDKs/MacOSX26.1.sdk/usr/include/sys/un.h
/Applications/Xcode.app/Contents/Developer/Platforms/MacOSX.platform/Developer/SDKs/MacOSX26.1.sdk/usr/include/sys/utsname.h
/Applications/Xcode.app/Contents/Developer/Platforms/MacOSX.platform/Developer/SDKs/MacOSX26.1.sdk/usr/include/sys/vsock.h
/Applications/Xcode.app/Contents/Developer/Platforms/MacOSX.platform/Developer/SDKs/MacOSX26.1.sdk/usr/include/sys/ucred.h
/Applications/Xcode.app/Contents/Developer/Platforms/MacOSX.platform/Developer/SDKs/MacOSX26.1.sdk/usr/include/bsm/audit.h
/Applications/Xcode.app/Contents/Developer/Platforms/MacOSX.platform/Developer/SDKs/MacOSX26.1.sdk/usr/include/sys/socketvar.h
/Applications/Xcode.app/Contents/Developer/Platforms/MacOSX.platform/Developer/SDKs/MacOSX26.1.sdk/usr/include/sys/xattr.h
/Applications/Xcode.app/Contents/Developer/Platforms/MacOSX.platform/Developer/SDKs/MacOSX26.1.sdk/usr/include/_modules/_darwin_posix_sys_resource.h
/Applications/Xcode.app/Contents/Developer/Platforms/MacOSX.platform/Developer/SDKs/MacOSX26.1.sdk/usr/include/_modules/_darwin_posix_sys_select.h
/Applications/Xcode.app/Contents/Developer/Platforms/MacOSX.platform/Developer/SDKs/MacOSX26.1.sdk/usr/include/_modules/_darwin_posix_sys_wait.h
/Applications/Xcode.app/Contents/Developer/Platforms/MacOSX.platform/Developer/SDKs/MacOSX26.1.sdk/usr/include/syslog.h
/Applications/Xcode.app/Contents/Developer/Platforms/MacOSX.platform/Developer/SDKs/MacOSX26.1.sdk/usr/include/sys/syslog.h
/Applications/Xcode.app/Contents/Developer/Platforms/MacOSX.platform/Developer/SDKs/MacOSX26.1.sdk/usr/include/tar.h
/Applications/Xcode.app/Contents/Developer/Platforms/MacOSX.platform/Developer/SDKs/MacOSX26.1.sdk/usr/include/ulimit.h
/Applications/Xcode.app/Contents/Developer/Platforms/MacOSX.platform/Developer/SDKs/MacOSX26.1.sdk/usr/include/utime.h
/Applications/Xcode.app/Contents/Developer/Platforms/MacOSX.platform/Developer/SDKs/MacOSX26.1.sdk/usr/include/utmpx.h
/Applications/Xcode.app/Contents/Developer/Platforms/MacOSX.platform/Developer/SDKs/MacOSX26.1.sdk/usr/include/wordexp.h
/Applications/Xcode.app/Contents/Developer/Platforms/MacOSX.platform/Developer/SDKs/MacOSX26.1.sdk/usr/include/_modules/_darwin_posix_nl_types.h
/Applications/Xcode.app/Contents/Developer/Platforms/MacOSX.platform/Developer/SDKs/MacOSX26.1.sdk/usr/include/_modules/_darwin_posix_sched.h
/Applications/Xcode.app/Contents/Developer/Platforms/MacOSX.platform/Developer/SDKs/MacOSX26.1.sdk/usr/include/_modules/_darwin_posix_unistd.h
/Applications/Xcode.app/Contents/Developer/Platforms/MacOSX.platform/Developer/SDKs/MacOSX26.1.sdk/usr/include/net/bpf.h
/Applications/Xcode.app/Contents/Developer/Platforms/MacOSX.platform/Developer/SDKs/MacOSX26.1.sdk/usr/include/net/dlil.h
/Applications/Xcode.app/Contents/Developer/Platforms/MacOSX.platform/Developer/SDKs/MacOSX26.1.sdk/usr/include/net/ethernet.h
/Applications/Xcode.app/Contents/Developer/Platforms/MacOSX.platform/Developer/SDKs/MacOSX26.1.sdk/usr/include/net/if_arp.h
/Applications/Xcode.app/Contents/Developer/Platforms/MacOSX.platform/Developer/SDKs/MacOSX26.1.sdk/usr/include/net/if_llc.h
/Applications/Xcode.app/Contents/Developer/Platforms/MacOSX.platform/Developer/SDKs/MacOSX26.1.sdk/usr/include/net/if_media.h
/Applications/Xcode.app/Contents/Developer/Platforms/MacOSX.platform/Developer/SDKs/MacOSX26.1.sdk/usr/include/net/if_mib.h
/Applications/Xcode.app/Contents/Developer/Platforms/MacOSX.platform/Developer/SDKs/MacOSX26.1.sdk/usr/include/net/if_utun.h
/Applications/Xcode.app/Contents/Developer/Platforms/MacOSX.platform/Developer/SDKs/MacOSX26.1.sdk/usr/include/net/if_var_status.h
/Applications/Xcode.app/Contents/Developer/Platforms/MacOSX.platform/Developer/SDKs/MacOSX26.1.sdk/usr/include/net/kext_net.h
/Applications/Xcode.app/Contents/Developer/Platforms/MacOSX.platform/Developer/SDKs/MacOSX26.1.sdk/usr/include/net/ndrv.h
/Applications/Xcode.app/Contents/Developer/Platforms/MacOSX.platform/Developer/SDKs/MacOSX26.1.sdk/usr/include/net/pfkeyv2.h
/Applications/Xcode.app/Contents/Developer/Platforms/MacOSX.platform/Developer/SDKs/MacOSX26.1.sdk/usr/include/net/route.h
/Applications/Xcode.app/Contents/Developer/Platforms/MacOSX.platform/Developer/SDKs/MacOSX26.1.sdk/usr/include/netinet/bootp.h
/Applications/Xcode.app/Contents/Developer/Platforms/MacOSX.platform/Developer/SDKs/MacOSX26.1.sdk/usr/include/netinet/ip.h
/Applications/Xcode.app/Contents/Developer/Platforms/MacOSX.platform/Developer/SDKs/MacOSX26.1.sdk/usr/include/netinet/in_systm.h
/Applications/Xcode.app/Contents/Developer/Platforms/MacOSX.platform/Developer/SDKs/MacOSX26.1.sdk/usr/include/netinet/udp.h
/Applications/Xcode.app/Contents/Developer/Platforms/MacOSX.platform/Developer/SDKs/MacOSX26.1.sdk/usr/include/netinet/icmp6.h
/Applications/Xcode.app/Contents/Developer/Platforms/MacOSX.platform/Developer/SDKs/MacOSX26.1.sdk/usr/include/netinet/icmp_var.h
/Applications/Xcode.app/Contents/Developer/Platforms/MacOSX.platform/Developer/SDKs/MacOSX26.1.sdk/usr/include/netinet/ip_icmp.h
/Applications/Xcode.app/Contents/Developer/Platforms/MacOSX.platform/Developer/SDKs/MacOSX26.1.sdk/usr/include/netinet/if_ether.h
/Applications/Xcode.app/Contents/Developer/Platforms/MacOSX.platform/Developer/SDKs/MacOSX26.1.sdk/usr/include/netinet/igmp.h
/Applications/Xcode.app/Contents/Developer/Platforms/MacOSX.platform/Developer/SDKs/MacOSX26.1.sdk/usr/include/netinet/igmp_var.h
/Applications/Xcode.app/Contents/Developer/Platforms/MacOSX.platform/Developer/SDKs/MacOSX26.1.sdk/usr/include/netinet/in_pcb.h
/Applications/Xcode.app/Contents/Developer/Platforms/MacOSX.platform/Developer/SDKs/MacOSX26.1.sdk/usr/include/netinet/in_var.h
/Applications/Xcode.app/Contents/Developer/Platforms/MacOSX.platform/Developer/SDKs/MacOSX26.1.sdk/usr/include/sys/protosw.h
/Applications/Xcode.app/Contents/Developer/Platforms/MacOSX.platform/Developer/SDKs/MacOSX26.1.sdk/usr/include/sys/kern_event.h
/Applications/Xcode.app/Contents/Developer/Platforms/MacOSX.platform/Developer/SDKs/MacOSX26.1.sdk/usr/include/sys/sys_domain.h
/Applications/Xcode.app/Contents/Developer/Platforms/MacOSX.platform/Developer/SDKs/MacOSX26.1.sdk/usr/include/netinet6/in6_var.h
/Applications/Xcode.app/Contents/Developer/Platforms/MacOSX.platform/Developer/SDKs/MacOSX26.1.sdk/usr/include/netinet6/scope6_var.h
/Applications/Xcode.app/Contents/Developer/Platforms/MacOSX.platform/Developer/SDKs/MacOSX26.1.sdk/usr/include/netinet/ip6.h
/Applications/Xcode.app/Contents/Developer/Platforms/MacOSX.platform/Developer/SDKs/MacOSX26.1.sdk/usr/include/netinet/ip_var.h
/Applications/Xcode.app/Contents/Developer/Platforms/MacOSX.platform/Developer/SDKs/MacOSX26.1.sdk/usr/include/netinet/tcp_fsm.h
/Applications/Xcode.app/Contents/Developer/Platforms/MacOSX.platform/Developer/SDKs/MacOSX26.1.sdk/usr/include/netinet/tcp_seq.h
/Applications/Xcode.app/Contents/Developer/Platforms/MacOSX.platform/Developer/SDKs/MacOSX26.1.sdk/usr/include/netinet/tcp_timer.h
/Applications/Xcode.app/Contents/Developer/Platforms/MacOSX.platform/Developer/SDKs/MacOSX26.1.sdk/usr/include/netinet/tcp_var.h
/Applications/Xcode.app/Contents/Developer/Platforms/MacOSX.platform/Developer/SDKs/MacOSX26.1.sdk/usr/include/netinet/tcpip.h
/Applications/Xcode.app/Contents/Developer/Platforms/MacOSX.platform/Developer/SDKs/MacOSX26.1.sdk/usr/include/netinet/udp_var.h
/Applications/Xcode.app/Contents/Developer/Platforms/MacOSX.platform/Developer/SDKs/MacOSX26.1.sdk/usr/include/sys/sysctl.h
/Applications/Xcode.app/Contents/Developer/Platforms/MacOSX.platform/Developer/SDKs/MacOSX26.1.sdk/usr/include/sys/vm.h
/Applications/Xcode.app/Contents/Developer/Platforms/MacOSX.platform/Developer/SDKs/MacOSX26.1.sdk/usr/include/ar.h
/Applications/Xcode.app/Contents/Developer/Platforms/MacOSX.platform/Developer/SDKs/MacOSX26.1.sdk/usr/include/bank/bank_types.h
/Applications/Xcode.app/Contents/Developer/Platforms/MacOSX.platform/Developer/SDKs/MacOSX26.1.sdk/usr/include/os/base.h
/Applications/Xcode.app/Contents/Developer/Platforms/MacOSX.platform/Developer/SDKs/MacOSX26.1.sdk/usr/include/mach/mach_types.h
/Applications/Xcode.app/Contents/Developer/Platforms/MacOSX.platform/Developer/SDKs/MacOSX26.1.sdk/usr/include/mach/host_info.h
/Applications/Xcode.app/Contents/Developer/Platforms/MacOSX.platform/Developer/SDKs/MacOSX26.1.sdk/usr/include/mach/vm_statistics.h
/Applications/Xcode.app/Contents/Developer/Platforms/MacOSX.platform/Developer/SDKs/MacOSX26.1.sdk/usr/include/mach/time_value.h
/Applications/Xcode.app/Contents/Developer/Platforms/MacOSX.platform/Developer/SDKs/MacOSX26.1.sdk/usr/include/mach/host_notify.h
/Applications/Xcode.app/Contents/Developer/Platforms/MacOSX.platform/Developer/SDKs/MacOSX26.1.sdk/usr/include/mach/host_special_ports.h
/Applications/Xcode.app/Contents/Developer/Platforms/MacOSX.platform/Developer/SDKs/MacOSX26.1.sdk/usr/include/mach/memory_object_types.h
/Applications/Xcode.app/Contents/Developer/Platforms/MacOSX.platform/Developer/SDKs/MacOSX26.1.sdk/usr/include/mach/vm_prot.h
/Applications/Xcode.app/Contents/Developer/Platforms/MacOSX.platform/Developer/SDKs/MacOSX26.1.sdk/usr/include/mach/vm_sync.h
/Applications/Xcode.app/Contents/Developer/Platforms/MacOSX.platform/Developer/SDKs/MacOSX26.1.sdk/usr/include/mach/mach_voucher_types.h
/Applications/Xcode.app/Contents/Developer/Platforms/MacOSX.platform/Developer/SDKs/MacOSX26.1.sdk/usr/include/mach/std_types.h
/Applications/Xcode.app/Contents/Developer/Platforms/MacOSX.platform/Developer/SDKs/MacOSX26.1.sdk/usr/include/mach/processor_info.h
/Applications/Xcode.app/Contents/Developer/Platforms/MacOSX.platform/Developer/SDKs/MacOSX26.1.sdk/usr/include/mach/machine/processor_info.h
/Applications/Xcode.app/Contents/Developer/Platforms/MacOSX.platform/Developer/SDKs/MacOSX26.1.sdk/usr/include/mach/arm/processor_info.h
/Applications/Xcode.app/Contents/Developer/Platforms/MacOSX.platform/Developer/SDKs/MacOSX26.1.sdk/usr/include/mach/task_info.h
/Applications/Xcode.app/Contents/Developer/Platforms/MacOSX.platform/Developer/SDKs/MacOSX26.1.sdk/usr/include/mach/policy.h
/Applications/Xcode.app/Contents/Developer/Platforms/MacOSX.platform/Developer/SDKs/MacOSX26.1.sdk/usr/include/mach/task_inspect.h
/Applications/Xcode.app/Contents/Developer/Platforms/MacOSX.platform/Developer/SDKs/MacOSX26.1.sdk/usr/include/mach/task_policy.h
/Applications/Xcode.app/Contents/Developer/Platforms/MacOSX.platform/Developer/SDKs/MacOSX26.1.sdk/usr/include/mach/task_special_ports.h
/Applications/Xcode.app/Contents/Developer/Platforms/MacOSX.platform/Developer/SDKs/MacOSX26.1.sdk/usr/include/mach/thread_info.h
/Applications/Xcode.app/Contents/Developer/Platforms/MacOSX.platform/Developer/SDKs/MacOSX26.1.sdk/usr/include/mach/thread_policy.h
/Applications/Xcode.app/Contents/Developer/Platforms/MacOSX.platform/Developer/SDKs/MacOSX26.1.sdk/usr/include/mach/thread_special_ports.h
/Applications/Xcode.app/Contents/Developer/Platforms/MacOSX.platform/Developer/SDKs/MacOSX26.1.sdk/usr/include/mach/clock_types.h
/Applications/Xcode.app/Contents/Developer/Platforms/MacOSX.platform/Developer/SDKs/MacOSX26.1.sdk/usr/include/mach/vm_attributes.h
/Applications/Xcode.app/Contents/Developer/Platforms/MacOSX.platform/Developer/SDKs/MacOSX26.1.sdk/usr/include/mach/vm_inherit.h
/Applications/Xcode.app/Contents/Developer/Platforms/MacOSX.platform/Developer/SDKs/MacOSX26.1.sdk/usr/include/mach/vm_purgable.h
/Applications/Xcode.app/Contents/Developer/Platforms/MacOSX.platform/Developer/SDKs/MacOSX26.1.sdk/usr/include/mach/vm_behavior.h
/Applications/Xcode.app/Contents/Developer/Platforms/MacOSX.platform/Developer/SDKs/MacOSX26.1.sdk/usr/include/mach/vm_region.h
/Applications/Xcode.app/Contents/Developer/Platforms/MacOSX.platform/Developer/SDKs/MacOSX26.1.sdk/usr/include/mach/machine/vm_param.h
/Applications/Xcode.app/Contents/Developer/Platforms/MacOSX.platform/Developer/SDKs/MacOSX26.1.sdk/usr/include/mach/arm/vm_param.h
/Applications/Xcode.app/Contents/Developer/Platforms/MacOSX.platform/Developer/SDKs/MacOSX26.1.sdk/usr/include/mach/vm_page_size.h
/Applications/Xcode.app/Contents/Developer/Platforms/MacOSX.platform/Developer/SDKs/MacOSX26.1.sdk/usr/include/mach/kmod.h
/Applications/Xcode.app/Contents/Developer/Platforms/MacOSX.platform/Developer/SDKs/MacOSX26.1.sdk/usr/include/mach/dyld_kernel.h
/Applications/Xcode.app/Contents/Developer/Platforms/MacOSX.platform/Developer/SDKs/MacOSX26.1.sdk/usr/include/ConditionalMacros.h
/Applications/Xcode.app/Contents/Developer/Platforms/MacOSX.platform/Developer/SDKs/MacOSX26.1.sdk/usr/include/crt_externs.h
/Applications/Xcode.app/Contents/Developer/Platforms/MacOSX.platform/Developer/SDKs/MacOSX26.1.sdk/usr/include/fts.h
/Applications/Xcode.app/Contents/Developer/Platforms/MacOSX.platform/Developer/SDKs/MacOSX26.1.sdk/usr/include/getopt.h
/Applications/Xcode.app/Contents/Developer/Platforms/MacOSX.platform/Developer/SDKs/MacOSX26.1.sdk/usr/include/AssertMacros.h
/Applications/Xcode.app/Contents/Developer/Platforms/MacOSX.platform/Developer/SDKs/MacOSX26.1.sdk/usr/include/MacTypes.h
/Applications/Xcode.app/Contents/Developer/Platforms/MacOSX.platform/Developer/SDKs/MacOSX26.1.sdk/usr/include/mach/mach.h
/Applications/Xcode.app/Contents/Developer/Platforms/MacOSX.platform/Developer/SDKs/MacOSX26.1.sdk/usr/include/mach/mach_interface.h
/Applications/Xcode.app/Contents/Developer/Platforms/MacOSX.platform/Developer/SDKs/MacOSX26.1.sdk/usr/include/mach/clock_priv.h
/Applications/Xcode.app/Contents/Developer/Platforms/MacOSX.platform/Developer/SDKs/MacOSX26.1.sdk/usr/include/mach/ndr.h
/Applications/Xcode.app/Contents/Developer/Platforms/MacOSX.platform/Developer/SDKs/MacOSX26.1.sdk/usr/include/libkern/OSByteOrder.h
/Applications/Xcode.app/Contents/Developer/Platforms/MacOSX.platform/Developer/SDKs/MacOSX26.1.sdk/usr/include/libkern/arm/OSByteOrder.h
/Applications/Xcode.app/Contents/Developer/Platforms/MacOSX.platform/Developer/SDKs/MacOSX26.1.sdk/usr/include/arm/arch.h
/Applications/Xcode.app/Contents/Developer/Platforms/MacOSX.platform/Developer/SDKs/MacOSX26.1.sdk/usr/include/mach/notify.h
/Applications/Xcode.app/Contents/Developer/Platforms/MacOSX.platform/Developer/SDKs/MacOSX26.1.sdk/usr/include/mach/mig_errors.h
/Applications/Xcode.app/Contents/Developer/Platforms/MacOSX.platform/Developer/SDKs/MacOSX26.1.sdk/usr/include/mach/mig.h
/Applications/Xcode.app/Contents/Developer/Platforms/MacOSX.platform/Developer/SDKs/MacOSX26.1.sdk/usr/include/mach/host_priv.h
/Applications/Xcode.app/Contents/Developer/Platforms/MacOSX.platform/Developer/SDKs/MacOSX26.1.sdk/usr/include/mach_debug/mach_debug_types.h
/Applications/Xcode.app/Contents/Developer/Platforms/MacOSX.platform/Developer/SDKs/MacOSX26.1.sdk/usr/include/mach_debug/vm_info.h
/Applications/Xcode.app/Contents/Developer/Platforms/MacOSX.platform/Developer/SDKs/MacOSX26.1.sdk/usr/include/mach_debug/zone_info.h
/Applications/Xcode.app/Contents/Developer/Platforms/MacOSX.platform/Developer/SDKs/MacOSX26.1.sdk/usr/include/mach_debug/page_info.h
/Applications/Xcode.app/Contents/Developer/Platforms/MacOSX.platform/Developer/SDKs/MacOSX26.1.sdk/usr/include/mach_debug/hash_info.h
/Applications/Xcode.app/Contents/Developer/Platforms/MacOSX.platform/Developer/SDKs/MacOSX26.1.sdk/usr/include/mach_debug/lockgroup_info.h
/Applications/Xcode.app/Contents/Developer/Platforms/MacOSX.platform/Developer/SDKs/MacOSX26.1.sdk/usr/include/mach/host_security.h
/Applications/Xcode.app/Contents/Developer/Platforms/MacOSX.platform/Developer/SDKs/MacOSX26.1.sdk/usr/include/mach/processor.h
/Applications/Xcode.app/Contents/Developer/Platforms/MacOSX.platform/Developer/SDKs/MacOSX26.1.sdk/usr/include/mach/processor_set.h
/Applications/Xcode.app/Contents/Developer/Platforms/MacOSX.platform/Developer/SDKs/MacOSX26.1.sdk/usr/include/mach/semaphore.h
/Applications/Xcode.app/Contents/Developer/Platforms/MacOSX.platform/Developer/SDKs/MacOSX26.1.sdk/usr/include/mach/sync_policy.h
/Applications/Xcode.app/Contents/Developer/Platforms/MacOSX.platform/Developer/SDKs/MacOSX26.1.sdk/usr/include/mach/task.h
/Applications/Xcode.app/Contents/Developer/Platforms/MacOSX.platform/Developer/SDKs/MacOSX26.1.sdk/usr/include/mach/thread_act.h
/Applications/Xcode.app/Contents/Developer/Platforms/MacOSX.platform/Developer/SDKs/MacOSX26.1.sdk/usr/include/mach/vm_map.h
/Applications/Xcode.app/Contents/Developer/Platforms/MacOSX.platform/Developer/SDKs/MacOSX26.1.sdk/usr/include/mach/mach_port.h
/Applications/Xcode.app/Contents/Developer/Platforms/MacOSX.platform/Developer/SDKs/MacOSX26.1.sdk/usr/include/mach/mach_init.h
/Applications/Xcode.app/Contents/Developer/Platforms/MacOSX.platform/Developer/SDKs/MacOSX26.1.sdk/usr/include/mach/mach_traps.h
/Applications/Xcode.app/Contents/Developer/Platforms/MacOSX.platform/Developer/SDKs/MacOSX26.1.sdk/usr/include/mach/error.h
/Applications/Xcode.app/Contents/Developer/Platforms/MacOSX.platform/Developer/SDKs/MacOSX26.1.sdk/usr/include/mach/mach_host.h
/Applications/Xcode.app/Contents/Developer/Platforms/MacOSX.platform/Developer/SDKs/MacOSX26.1.sdk/usr/include/mach/thread_switch.h
/Applications/Xcode.app/Contents/Developer/Platforms/MacOSX.platform/Developer/SDKs/MacOSX26.1.sdk/usr/include/mach/rpc.h
/Applications/Xcode.app/Contents/Developer/Platforms/MacOSX.platform/Developer/SDKs/MacOSX26.1.sdk/usr/include/mach/machine/rpc.h
/Applications/Xcode.app/Contents/Developer/Platforms/MacOSX.platform/Developer/SDKs/MacOSX26.1.sdk/usr/include/mach/arm/rpc.h
/Applications/Xcode.app/Contents/Developer/Platforms/MacOSX.platform/Developer/SDKs/MacOSX26.1.sdk/usr/include/mach/mach_error.h
/Applications/Xcode.app/Contents/Developer/Platforms/MacOSX.platform/Developer/SDKs/MacOSX26.1.sdk/usr/include/mach/audit_triggers_types.h
/Applications/Xcode.app/Contents/Developer/Platforms/MacOSX.platform/Developer/SDKs/MacOSX26.1.sdk/usr/include/mach/bootstrap.h
/Applications/Xcode.app/Contents/Developer/Platforms/MacOSX.platform/Developer/SDKs/MacOSX26.1.sdk/usr/include/mach/clock.h
/Applications/Xcode.app/Contents/Developer/Platforms/MacOSX.platform/Developer/SDKs/MacOSX26.1.sdk/usr/include/mach/clock_reply.h
/Applications/Xcode.app/Contents/Developer/Platforms/MacOSX.platform/Developer/SDKs/MacOSX26.1.sdk/usr/include/mach/exc.h
/Applications/Xcode.app/Contents/Developer/Platforms/MacOSX.platform/Developer/SDKs/MacOSX26.1.sdk/usr/include/mach/exception.h
/Applications/Xcode.app/Contents/Developer/Platforms/MacOSX.platform/Developer/SDKs/MacOSX26.1.sdk/usr/include/mach/host_reboot.h
/Applications/Xcode.app/Contents/Developer/Platforms/MacOSX.platform/Developer/SDKs/MacOSX26.1.sdk/usr/include/arm64/hv/hv_kern_types.h
/Applications/Xcode.app/Contents/Developer/Platforms/MacOSX.platform/Developer/SDKs/MacOSX26.1.sdk/usr/include/mach/mach_param.h
/Applications/Xcode.app/Contents/Developer/Platforms/MacOSX.platform/Developer/SDKs/MacOSX26.1.sdk/usr/include/mach/mach_right.h
/Applications/Xcode.app/Contents/Developer/Platforms/MacOSX.platform/Developer/SDKs/MacOSX26.1.sdk/usr/include/mach/mach_syscalls.h
/Applications/Xcode.app/Contents/Developer/Platforms/MacOSX.platform/Developer/SDKs/MacOSX26.1.sdk/usr/include/mach/mach_time.h
/Applications/Xcode.app/Contents/Developer/Platforms/MacOSX.platform/Developer/SDKs/MacOSX26.1.sdk/usr/include/mach/mach_vm.h
/Applications/Xcode.app/Contents/Developer/Platforms/MacOSX.platform/Developer/SDKs/MacOSX26.1.sdk/usr/include/mach/mach_voucher.h
/Applications/Xcode.app/Contents/Developer/Platforms/MacOSX.platform/Developer/SDKs/MacOSX26.1.sdk/usr/include/mach/memory_entry.h
/Applications/Xcode.app/Contents/Developer/Platforms/MacOSX.platform/Developer/SDKs/MacOSX26.1.sdk/usr/include/mach/mig_strncpy_zerofill_support.h
/Applications/Xcode.app/Contents/Developer/Platforms/MacOSX.platform/Developer/SDKs/MacOSX26.1.sdk/usr/include/mach/mig_voucher_support.h
/Applications/Xcode.app/Contents/Developer/Platforms/MacOSX.platform/Developer/SDKs/MacOSX26.1.sdk/usr/include/mach/port_obj.h
/Applications/Xcode.app/Contents/Developer/Platforms/MacOSX.platform/Developer/SDKs/MacOSX26.1.sdk/usr/include/mach/sdt.h
/Applications/Xcode.app/Contents/Developer/Platforms/MacOSX.platform/Developer/SDKs/MacOSX26.1.sdk/usr/include/mach/machine/sdt.h
/Applications/Xcode.app/Contents/Developer/Platforms/MacOSX.platform/Developer/SDKs/MacOSX26.1.sdk/usr/include/sys/sdt.h
/Applications/Xcode.app/Contents/Developer/Platforms/MacOSX.platform/Developer/SDKs/MacOSX26.1.sdk/usr/include/mach/shared_region.h
/Applications/Xcode.app/Contents/Developer/Platforms/MacOSX.platform/Developer/SDKs/MacOSX26.1.sdk/usr/include/mach/sync.h
/Applications/Xcode.app/Contents/Developer/Platforms/MacOSX.platform/Developer/SDKs/MacOSX26.1.sdk/usr/include/mach/thread_state.h
/Applications/Xcode.app/Contents/Developer/Platforms/MacOSX.platform/Developer/SDKs/MacOSX26.1.sdk/usr/include/mach/vm_param.h
/Applications/Xcode.app/Contents/Developer/Platforms/MacOSX.platform/Developer/SDKs/MacOSX26.1.sdk/usr/include/mach/vm_task.h
/Applications/Xcode.app/Contents/Developer/Platforms/MacOSX.platform/Developer/SDKs/MacOSX26.1.sdk/usr/include/mach/machine/asm.h
/Applications/Xcode.app/Contents/Developer/Platforms/MacOSX.platform/Developer/SDKs/MacOSX26.1.sdk/usr/include/mach/arm64/asm.h
/Applications/Xcode.app/Contents/Developer/Platforms/MacOSX.platform/Developer/SDKs/MacOSX26.1.sdk/usr/include/mach/i386/asm.h
/Applications/Xcode.app/Contents/Developer/Platforms/MacOSX.platform/Developer/SDKs/MacOSX26.1.sdk/usr/include/mach/arm/asm.h
/Applications/Xcode.app/Contents/Developer/Platforms/MacOSX.platform/Developer/SDKs/MacOSX26.1.sdk/usr/include/mach/i386/boolean.h
/Applications/Xcode.app/Contents/Developer/Platforms/MacOSX.platform/Developer/SDKs/MacOSX26.1.sdk/usr/include/mach/i386/exception.h
/Applications/Xcode.app/Contents/Developer/Platforms/MacOSX.platform/Developer/SDKs/MacOSX26.1.sdk/usr/include/mach/i386/fp_reg.h
/Applications/Xcode.app/Contents/Developer/Platforms/MacOSX.platform/Developer/SDKs/MacOSX26.1.sdk/usr/include/mach/i386/kern_return.h
/Applications/Xcode.app/Contents/Developer/Platforms/MacOSX.platform/Developer/SDKs/MacOSX26.1.sdk/usr/include/mach/machine/ndr_def.h
/Applications/Xcode.app/Contents/Developer/Platforms/MacOSX.platform/Developer/SDKs/MacOSX26.1.sdk/usr/include/mach/arm/ndr_def.h
/Applications/Xcode.app/Contents/Developer/Platforms/MacOSX.platform/Developer/SDKs/MacOSX26.1.sdk/usr/include/mach/i386/processor_info.h
/Applications/Xcode.app/Contents/Developer/Platforms/MacOSX.platform/Developer/SDKs/MacOSX26.1.sdk/usr/include/mach/i386/rpc.h
/Applications/Xcode.app/Contents/Developer/Platforms/MacOSX.platform/Developer/SDKs/MacOSX26.1.sdk/usr/include/mach/machine/sdt_isa.h
/Applications/Xcode.app/Contents/Developer/Platforms/MacOSX.platform/Developer/SDKs/MacOSX26.1.sdk/usr/include/mach/arm/sdt_isa.h
/Applications/Xcode.app/Contents/Developer/Platforms/MacOSX.platform/Developer/SDKs/MacOSX26.1.sdk/usr/include/mach/i386/sdt_isa.h
/Applications/Xcode.app/Contents/Developer/Platforms/MacOSX.platform/Developer/SDKs/MacOSX26.1.sdk/usr/include/mach/i386/thread_state.h
/Applications/Xcode.app/Contents/Developer/Platforms/MacOSX.platform/Developer/SDKs/MacOSX26.1.sdk/usr/include/mach/i386/thread_status.h
/Applications/Xcode.app/Contents/Developer/Platforms/MacOSX.platform/Developer/SDKs/MacOSX26.1.sdk/usr/include/mach/arm/traps.h
/Applications/Xcode.app/Contents/Developer/Platforms/MacOSX.platform/Developer/SDKs/MacOSX26.1.sdk/usr/include/mach/i386/vm_param.h
/Applications/Xcode.app/Contents/Developer/Platforms/MacOSX.platform/Developer/SDKs/MacOSX26.1.sdk/usr/include/mach/i386/vm_types.h
/Applications/Xcode.app/Contents/Developer/Platforms/MacOSX.platform/Developer/SDKs/MacOSX26.1.sdk/usr/include/mach_debug/mach_debug.h
/Applications/Xcode.app/Contents/Developer/Platforms/MacOSX.platform/Developer/SDKs/MacOSX26.1.sdk/usr/include/device/device_types.h
/Applications/Xcode.app/Contents/Developer/Platforms/MacOSX.platform/Developer/SDKs/MacOSX26.1.sdk/usr/include/device/device_port.h
/Applications/Xcode.app/Contents/Developer/Platforms/MacOSX.platform/Developer/SDKs/MacOSX26.1.sdk/usr/include/libkern/OSAtomic.h
/Applications/Xcode.app/Contents/Developer/Platforms/MacOSX.platform/Developer/SDKs/MacOSX26.1.sdk/usr/include/libkern/OSAtomicDeprecated.h
/Applications/Xcode.app/Contents/Developer/Platforms/MacOSX.platform/Developer/SDKs/MacOSX26.1.sdk/usr/include/libkern/OSSpinLockDeprecated.h
/Applications/Xcode.app/Contents/Developer/Platforms/MacOSX.platform/Developer/SDKs/MacOSX26.1.sdk/usr/include/libkern/OSAtomicQueue.h
/Applications/Xcode.app/Contents/Developer/Platforms/MacOSX.platform/Developer/SDKs/MacOSX26.1.sdk/usr/include/libkern/machine/OSByteOrder.h
/Applications/Xcode.app/Contents/Developer/Platforms/MacOSX.platform/Developer/SDKs/MacOSX26.1.sdk/usr/include/libkern/i386/OSByteOrder.h
/Applications/Xcode.app/Contents/Developer/Platforms/MacOSX.platform/Developer/SDKs/MacOSX26.1.sdk/usr/include/libproc.h
/Applications/Xcode.app/Contents/Developer/Platforms/MacOSX.platform/Developer/SDKs/MacOSX26.1.sdk/usr/include/sys/mount.h
/Applications/Xcode.app/Contents/Developer/Platforms/MacOSX.platform/Developer/SDKs/MacOSX26.1.sdk/usr/include/sys/attr.h
/Applications/Xcode.app/Contents/Developer/Platforms/MacOSX.platform/Developer/SDKs/MacOSX26.1.sdk/usr/include/sys/proc_info.h
/Applications/Xcode.app/Contents/Developer/Platforms/MacOSX.platform/Developer/SDKs/MacOSX26.1.sdk/usr/include/sys/kern_control.h
/Applications/Xcode.app/Contents/Developer/Platforms/MacOSX.platform/Developer/SDKs/MacOSX26.1.sdk/usr/include/os/clock.h
/Applications/Xcode.app/Contents/Developer/Platforms/MacOSX.platform/Developer/SDKs/MacOSX26.1.sdk/usr/include/os/lock.h
/Applications/Xcode.app/Contents/Developer/Platforms/MacOSX.platform/Developer/SDKs/MacOSX26.1.sdk/usr/include/os/proc.h
/Applications/Xcode.app/Contents/Developer/Platforms/MacOSX.platform/Developer/SDKs/MacOSX26.1.sdk/usr/include/malloc/malloc.h
/Applications/Xcode.app/Contents/Developer/Platforms/MacOSX.platform/Developer/SDKs/MacOSX26.1.sdk/usr/include/malloc/_platform.h
/Applications/Xcode.app/Contents/Developer/Platforms/MacOSX.platform/Developer/SDKs/MacOSX26.1.sdk/usr/include/sys/malloc.h
/Applications/Xcode.app/Contents/Developer/Platforms/MacOSX.platform/Developer/SDKs/MacOSX26.1.sdk/usr/include/i386/_param.h
/Applications/Xcode.app/Contents/Developer/Platforms/MacOSX.platform/Developer/SDKs/MacOSX26.1.sdk/usr/include/machine/byte_order.h
/Applications/Xcode.app/Contents/Developer/Platforms/MacOSX.platform/Developer/SDKs/MacOSX26.1.sdk/usr/include/architecture/byte_order.h
/Applications/Xcode.app/Contents/Developer/Platforms/MacOSX.platform/Developer/SDKs/MacOSX26.1.sdk/usr/include/i386/eflags.h
/Applications/Xcode.app/Contents/Developer/Platforms/MacOSX.platform/Developer/SDKs/MacOSX26.1.sdk/usr/include/machine/fasttrap_isa.h
/Applications/Xcode.app/Contents/Developer/Platforms/MacOSX.platform/Developer/SDKs/MacOSX26.1.sdk/usr/include/arm/fasttrap_isa.h
/Applications/Xcode.app/Contents/Developer/Platforms/MacOSX.platform/Developer/SDKs/MacOSX26.1.sdk/usr/include/i386/fasttrap_isa.h
/Applications/Xcode.app/Contents/Developer/Platforms/MacOSX.platform/Developer/SDKs/MacOSX26.1.sdk/usr/include/i386/param.h
/Applications/Xcode.app/Contents/Developer/Platforms/MacOSX.platform/Developer/SDKs/MacOSX26.1.sdk/usr/include/machine/profile.h
/Applications/Xcode.app/Contents/Developer/Platforms/MacOSX.platform/Developer/SDKs/MacOSX26.1.sdk/usr/include/arm/profile.h
/Applications/Xcode.app/Contents/Developer/Platforms/MacOSX.platform/Developer/SDKs/MacOSX26.1.sdk/usr/include/i386/profile.h
/Applications/Xcode.app/Contents/Developer/Platforms/MacOSX.platform/Developer/SDKs/MacOSX26.1.sdk/usr/include/i386/user_ldt.h
/Applications/Xcode.app/Contents/Developer/Platforms/MacOSX.platform/Developer/SDKs/MacOSX26.1.sdk/usr/include/machine/vmparam.h
/Applications/Xcode.app/Contents/Developer/Platforms/MacOSX.platform/Developer/SDKs/MacOSX26.1.sdk/usr/include/arm/vmparam.h
/Applications/Xcode.app/Contents/Developer/Platforms/MacOSX.platform/Developer/SDKs/MacOSX26.1.sdk/usr/include/i386/vmparam.h
/Applications/Xcode.app/Contents/Developer/Platforms/MacOSX.platform/Developer/SDKs/MacOSX26.1.sdk/usr/include/aliasdb.h
/Applications/Xcode.app/Contents/Developer/Platforms/MacOSX.platform/Developer/SDKs/MacOSX26.1.sdk/usr/include/bootparams.h
/Applications/Xcode.app/Contents/Developer/Platforms/MacOSX.platform/Developer/SDKs/MacOSX26.1.sdk/usr/include/Block.h
/Applications/Xcode.app/Contents/Developer/Platforms/MacOSX.platform/Developer/SDKs/MacOSX26.1.sdk/usr/include/bsm/audit_domain.h
/Applications/Xcode.app/Contents/Developer/Platforms/MacOSX.platform/Developer/SDKs/MacOSX26.1.sdk/usr/include/bsm/audit_errno.h
/Applications/Xcode.app/Contents/Developer/Platforms/MacOSX.platform/Developer/SDKs/MacOSX26.1.sdk/usr/include/bsm/audit_fcntl.h
/Applications/Xcode.app/Contents/Developer/Platforms/MacOSX.platform/Developer/SDKs/MacOSX26.1.sdk/usr/include/bsm/audit_filter.h
/Applications/Xcode.app/Contents/Developer/Platforms/MacOSX.platform/Developer/SDKs/MacOSX26.1.sdk/usr/include/bsm/libbsm.h
/Applications/Xcode.app/Contents/Developer/Platforms/MacOSX.platform/Developer/SDKs/MacOSX26.1.sdk/usr/include/bsm/audit_record.h
/Applications/Xcode.app/Contents/Developer/Platforms/MacOSX.platform/Developer/SDKs/MacOSX26.1.sdk/usr/include/bsm/audit_internal.h
/Applications/Xcode.app/Contents/Developer/Platforms/MacOSX.platform/Developer/SDKs/MacOSX26.1.sdk/usr/include/bsm/audit_kevents.h
/Applications/Xcode.app/Contents/Developer/Platforms/MacOSX.platform/Developer/SDKs/MacOSX26.1.sdk/usr/include/bsm/audit_session.h
/Applications/Xcode.app/Contents/Developer/Platforms/MacOSX.platform/Developer/SDKs/MacOSX26.1.sdk/usr/include/bsm/audit_socket_type.h
/Applications/Xcode.app/Contents/Developer/Platforms/MacOSX.platform/Developer/SDKs/MacOSX26.1.sdk/usr/include/bsm/audit_uevents.h
/Applications/Xcode.app/Contents/Developer/Platforms/MacOSX.platform/Developer/SDKs/MacOSX26.1.sdk/usr/include/execinfo.h
/Applications/Xcode.app/Contents/Developer/Platforms/MacOSX.platform/Developer/SDKs/MacOSX26.1.sdk/usr/include/fstab.h
/Applications/Xcode.app/Contents/Developer/Platforms/MacOSX.platform/Developer/SDKs/MacOSX26.1.sdk/usr/include/hfs/hfs_format.h
/Applications/Xcode.app/Contents/Developer/Platforms/MacOSX.platform/Developer/SDKs/MacOSX26.1.sdk/usr/include/hfs/hfs_unistr.h
/Applications/Xcode.app/Contents/Developer/Platforms/MacOSX.platform/Developer/SDKs/MacOSX26.1.sdk/usr/include/hfs/hfs_mount.h
/Applications/Xcode.app/Contents/Developer/Platforms/MacOSX.platform/Developer/SDKs/MacOSX26.1.sdk/usr/include/membership.h
/Applications/Xcode.app/Contents/Developer/Platforms/MacOSX.platform/Developer/SDKs/MacOSX26.1.sdk/usr/include/ntsid.h
/Applications/Xcode.app/Contents/Developer/Platforms/MacOSX.platform/Developer/SDKs/MacOSX26.1.sdk/usr/include/curses.h
/Applications/Xcode.app/Contents/Developer/Platforms/MacOSX.platform/Developer/SDKs/MacOSX26.1.sdk/usr/include/ncurses_dll.h
/Applications/Xcode.app/Contents/Developer/Platforms/MacOSX.platform/Developer/SDKs/MacOSX26.1.sdk/usr/include/unctrl.h
/Applications/Xcode.app/Contents/Developer/Platforms/MacOSX.platform/Developer/SDKs/MacOSX26.1.sdk/usr/include/eti.h
/Applications/Xcode.app/Contents/Developer/Platforms/MacOSX.platform/Developer/SDKs/MacOSX26.1.sdk/usr/include/nc_tparm.h
/Applications/Xcode.app/Contents/Developer/Platforms/MacOSX.platform/Developer/SDKs/MacOSX26.1.sdk/usr/include/form.h
/Applications/Xcode.app/Contents/Developer/Platforms/MacOSX.platform/Developer/SDKs/MacOSX26.1.sdk/usr/include/menu.h
/Applications/Xcode.app/Contents/Developer/Platforms/MacOSX.platform/Developer/SDKs/MacOSX26.1.sdk/usr/include/panel.h
/Applications/Xcode.app/Contents/Developer/Platforms/MacOSX.platform/Developer/SDKs/MacOSX26.1.sdk/usr/include/netinet6/ah.h
/Applications/Xcode.app/Contents/Developer/Platforms/MacOSX.platform/Developer/SDKs/MacOSX26.1.sdk/usr/include/netinet6/esp.h
/Applications/Xcode.app/Contents/Developer/Platforms/MacOSX.platform/Developer/SDKs/MacOSX26.1.sdk/usr/include/netinet6/ipcomp.h
/Applications/Xcode.app/Contents/Developer/Platforms/MacOSX.platform/Developer/SDKs/MacOSX26.1.sdk/usr/include/netinet6/ipsec.h
/Applications/Xcode.app/Contents/Developer/Platforms/MacOSX.platform/Developer/SDKs/MacOSX26.1.sdk/usr/include/netinet6/raw_ip6.h
/Applications/Xcode.app/Contents/Developer/Platforms/MacOSX.platform/Developer/SDKs/MacOSX26.1.sdk/usr/include/printerdb.h
/Applications/Xcode.app/Contents/Developer/Platforms/MacOSX.platform/Developer/SDKs/MacOSX26.1.sdk/usr/include/sys/_structs.h
/Applications/Xcode.app/Contents/Developer/Platforms/MacOSX.platform/Developer/SDKs/MacOSX26.1.sdk/usr/include/sys/acct.h
/Applications/Xcode.app/Contents/Developer/Platforms/MacOSX.platform/Developer/SDKs/MacOSX26.1.sdk/usr/include/sys/acl.h
/Applications/Xcode.app/Contents/Developer/Platforms/MacOSX.platform/Developer/SDKs/MacOSX26.1.sdk/usr/include/sys/kauth.h
/Applications/Xcode.app/Contents/Developer/Platforms/MacOSX.platform/Developer/SDKs/MacOSX26.1.sdk/usr/include/sys/buf.h
/Applications/Xcode.app/Contents/Developer/Platforms/MacOSX.platform/Developer/SDKs/MacOSX26.1.sdk/usr/include/sys/kernel_types.h
/Applications/Xcode.app/Contents/Developer/Platforms/MacOSX.platform/Developer/SDKs/MacOSX26.1.sdk/usr/include/sys/clonefile.h
/Applications/Xcode.app/Contents/Developer/Platforms/MacOSX.platform/Developer/SDKs/MacOSX26.1.sdk/usr/include/sys/commpage.h
/Applications/Xcode.app/Contents/Developer/Platforms/MacOSX.platform/Developer/SDKs/MacOSX26.1.sdk/usr/include/sys/conf.h
/Applications/Xcode.app/Contents/Developer/Platforms/MacOSX.platform/Developer/SDKs/MacOSX26.1.sdk/usr/include/sys/disk.h
/Applications/Xcode.app/Contents/Developer/Platforms/MacOSX.platform/Developer/SDKs/MacOSX26.1.sdk/usr/include/sys/dkstat.h
/Applications/Xcode.app/Contents/Developer/Platforms/MacOSX.platform/Developer/SDKs/MacOSX26.1.sdk/usr/include/sys/domain.h
/Applications/Xcode.app/Contents/Developer/Platforms/MacOSX.platform/Developer/SDKs/MacOSX26.1.sdk/usr/include/sys/ev.h
/Applications/Xcode.app/Contents/Developer/Platforms/MacOSX.platform/Developer/SDKs/MacOSX26.1.sdk/usr/include/sys/file.h
/Applications/Xcode.app/Contents/Developer/Platforms/MacOSX.platform/Developer/SDKs/MacOSX26.1.sdk/usr/include/sys/filedesc.h
/Applications/Xcode.app/Contents/Developer/Platforms/MacOSX.platform/Developer/SDKs/MacOSX26.1.sdk/usr/include/sys/fileport.h
/Applications/Xcode.app/Contents/Developer/Platforms/MacOSX.platform/Developer/SDKs/MacOSX26.1.sdk/usr/include/sys/fsgetpath.h
/Applications/Xcode.app/Contents/Developer/Platforms/MacOSX.platform/Developer/SDKs/MacOSX26.1.sdk/usr/include/sys/gmon.h
/Applications/Xcode.app/Contents/Developer/Platforms/MacOSX.platform/Developer/SDKs/MacOSX26.1.sdk/usr/include/sys/ioctl_compat.h
/Applications/Xcode.app/Contents/Developer/Platforms/MacOSX.platform/Developer/SDKs/MacOSX26.1.sdk/usr/include/sys/ttychars.h
/Applications/Xcode.app/Contents/Developer/Platforms/MacOSX.platform/Developer/SDKs/MacOSX26.1.sdk/usr/include/sys/ttydev.h
/Applications/Xcode.app/Contents/Developer/Platforms/MacOSX.platform/Developer/SDKs/MacOSX26.1.sdk/usr/include/sys/kdebug.h
/Applications/Xcode.app/Contents/Developer/Platforms/MacOSX.platform/Developer/SDKs/MacOSX26.1.sdk/usr/include/sys/kdebug_signpost.h
/Applications/Xcode.app/Contents/Developer/Platforms/MacOSX.platform/Developer/SDKs/MacOSX26.1.sdk/usr/include/sys/lctx.h
/Applications/Xcode.app/Contents/Developer/Platforms/MacOSX.platform/Developer/SDKs/MacOSX26.1.sdk/usr/include/sys/mbuf.h
/Applications/Xcode.app/Contents/Developer/Platforms/MacOSX.platform/Developer/SDKs/MacOSX26.1.sdk/usr/include/sys/msgbuf.h
/Applications/Xcode.app/Contents/Developer/Platforms/MacOSX.platform/Developer/SDKs/MacOSX26.1.sdk/usr/include/sys/netport.h
/Applications/Xcode.app/Contents/Developer/Platforms/MacOSX.platform/Developer/SDKs/MacOSX26.1.sdk/usr/include/sys/paths.h
/Applications/Xcode.app/Contents/Developer/Platforms/MacOSX.platform/Developer/SDKs/MacOSX26.1.sdk/usr/include/sys/pipe.h
/Applications/Xcode.app/Contents/Developer/Platforms/MacOSX.platform/Developer/SDKs/MacOSX26.1.sdk/usr/include/sys/quota.h
/Applications/Xcode.app/Contents/Developer/Platforms/MacOSX.platform/Developer/SDKs/MacOSX26.1.sdk/usr/include/sys/rbtree.h
/Applications/Xcode.app/Contents/Developer/Platforms/MacOSX.platform/Developer/SDKs/MacOSX26.1.sdk/usr/include/sys/reboot.h
/Applications/Xcode.app/Contents/Developer/Platforms/MacOSX.platform/Developer/SDKs/MacOSX26.1.sdk/usr/include/sys/resourcevar.h
/Applications/Xcode.app/Contents/Developer/Platforms/MacOSX.platform/Developer/SDKs/MacOSX26.1.sdk/usr/include/sys/sbuf.h
/Applications/Xcode.app/Contents/Developer/Platforms/MacOSX.platform/Developer/SDKs/MacOSX26.1.sdk/usr/include/sys/signalvar.h
/Applications/Xcode.app/Contents/Developer/Platforms/MacOSX.platform/Developer/SDKs/MacOSX26.1.sdk/usr/include/sys/syscall.h
/Applications/Xcode.app/Contents/Developer/Platforms/MacOSX.platform/Developer/SDKs/MacOSX26.1.sdk/usr/include/sys/timeb.h
/Applications/Xcode.app/Contents/Developer/Platforms/MacOSX.platform/Developer/SDKs/MacOSX26.1.sdk/usr/include/sys/trace.h
/Applications/Xcode.app/Contents/Developer/Platforms/MacOSX.platform/Developer/SDKs/MacOSX26.1.sdk/usr/include/sys/tty.h
/Applications/Xcode.app/Contents/Developer/Platforms/MacOSX.platform/Developer/SDKs/MacOSX26.1.sdk/usr/include/sys/ucontext.h
/Applications/Xcode.app/Contents/Developer/Platforms/MacOSX.platform/Developer/SDKs/MacOSX26.1.sdk/usr/include/sys/unpcb.h
/Applications/Xcode.app/Contents/Developer/Platforms/MacOSX.platform/Developer/SDKs/MacOSX26.1.sdk/usr/include/sys/user.h
/Applications/Xcode.app/Contents/Developer/Platforms/MacOSX.platform/Developer/SDKs/MacOSX26.1.sdk/usr/include/sys/utfconv.h
/Applications/Xcode.app/Contents/Developer/Platforms/MacOSX.platform/Developer/SDKs/MacOSX26.1.sdk/usr/include/sys/vcmd.h
/Applications/Xcode.app/Contents/Developer/Platforms/MacOSX.platform/Developer/SDKs/MacOSX26.1.sdk/usr/include/sys/vnode.h
/Applications/Xcode.app/Contents/Developer/Platforms/MacOSX.platform/Developer/SDKs/MacOSX26.1.sdk/usr/include/_modules/_darwin_sys_signal.h
/Applications/Xcode.app/Contents/Developer/Platforms/MacOSX.platform/Developer/SDKs/MacOSX26.1.sdk/usr/include/sysdir.h
/Applications/Xcode.app/Contents/Developer/Platforms/MacOSX.platform/Developer/SDKs/MacOSX26.1.sdk/usr/include/libc.h
/Applications/Xcode.app/Contents/Developer/Platforms/MacOSX.platform/Developer/SDKs/MacOSX26.1.sdk/usr/include/paths.h
/Applications/Xcode.app/Contents/Developer/Platforms/MacOSX.platform/Developer/SDKs/MacOSX26.1.sdk/usr/include/sysexits.h
/Applications/Xcode.app/Contents/Developer/Platforms/MacOSX.platform/Developer/SDKs/MacOSX26.1.sdk/SDKSettings.json
/Applications/Xcode.app/Contents/Developer/Toolchains/XcodeDefault.xctoolchain/usr/lib/swift/macosx/prebuilt-modules/26.1/Darwin.swiftmodule/arm64e-apple-macos.swiftmodule
/Applications/Xcode.app/Contents/Developer/Platforms/MacOSX.platform/Developer/SDKs/MacOSX26.1.sdk/System/Library/Frameworks/DataDetection.framework/Modules/module.modulemap
/Applications/Xcode.app/Contents/Developer/Platforms/MacOSX.platform/Developer/SDKs/MacOSX26.1.sdk/System/Library/Frameworks/DataDetection.framework/Headers/DataDetection.h
/Applications/Xcode.app/Contents/Developer/Platforms/MacOSX.platform/Developer/SDKs/MacOSX26.1.sdk/System/Library/Frameworks/Foundation.framework/Modules/module.modulemap
/Applications/Xcode.app/Contents/Developer/Platforms/MacOSX.platform/Developer/SDKs/MacOSX26.1.sdk/System/Library/Frameworks/DataDetection.framework/Headers/DataDetectionBase.h
/Applications/Xcode.app/Contents/Developer/Platforms/MacOSX.platform/Developer/SDKs/MacOSX26.1.sdk/System/Library/Frameworks/DataDetection.framework/Headers/DDMatch.h
/Applications/Xcode.app/Contents/Developer/Platforms/MacOSX.platform/Developer/SDKs/MacOSX26.1.sdk/SDKSettings.json
/Applications/Xcode.app/Contents/Developer/Toolchains/XcodeDefault.xctoolchain/usr/lib/swift/macosx/prebuilt-modules/26.1/DataDetection.swiftmodule/arm64e-apple-macos.swiftmodule
/Applications/Xcode.app/Contents/Developer/Platforms/MacOSX.platform/Developer/SDKs/MacOSX26.1.sdk/System/Library/Frameworks/DeveloperToolsSupport.framework/Modules/module.modulemap
/Applications/Xcode.app/Contents/Developer/Platforms/MacOSX.platform/Developer/SDKs/MacOSX26.1.sdk/SDKSettings.json
/Applications/Xcode.app/Contents/Developer/Toolchains/XcodeDefault.xctoolchain/usr/lib/swift/macosx/prebuilt-modules/26.1/DeveloperToolsSupport.swiftmodule/arm64e-apple-macos.swiftmodule
/Applications/Xcode.app/Contents/Developer/Platforms/MacOSX.platform/Developer/SDKs/MacOSX26.1.sdk/System/Library/Frameworks/DiskArbitration.framework/Modules/module.modulemap
/Applications/Xcode.app/Contents/Developer/Platforms/MacOSX.platform/Developer/SDKs/MacOSX26.1.sdk/System/Library/Frameworks/DiskArbitration.framework/Headers/DiskArbitration.h
/Applications/Xcode.app/Contents/Developer/Platforms/MacOSX.platform/Developer/SDKs/MacOSX26.1.sdk/System/Library/Frameworks/CoreFoundation.framework/Modules/module.modulemap
/Applications/Xcode.app/Contents/Developer/Platforms/MacOSX.platform/Developer/SDKs/MacOSX26.1.sdk/usr/include/Darwin.modulemap
/Applications/Xcode.app/Contents/Developer/Platforms/MacOSX.platform/Developer/SDKs/MacOSX26.1.sdk/usr/include/DarwinFoundation1.modulemap
/Applications/Xcode.app/Contents/Developer/Platforms/MacOSX.platform/Developer/SDKs/MacOSX26.1.sdk/System/Library/Frameworks/DiskArbitration.framework/Headers/DADisk.h
/Applications/Xcode.app/Contents/Developer/Platforms/MacOSX.platform/Developer/SDKs/MacOSX26.1.sdk/System/Library/Frameworks/IOKit.framework/Modules/module.modulemap
/Applications/Xcode.app/Contents/Developer/Platforms/MacOSX.platform/Developer/SDKs/MacOSX26.1.sdk/System/Library/Frameworks/DiskArbitration.framework/Headers/DASession.h
/Applications/Xcode.app/Contents/Developer/Platforms/MacOSX.platform/Developer/SDKs/MacOSX26.1.sdk/System/Library/Frameworks/DiskArbitration.framework/Headers/DADissenter.h
/Applications/Xcode.app/Contents/Developer/Platforms/MacOSX.platform/Developer/SDKs/MacOSX26.1.sdk/SDKSettings.json
/Applications/Xcode.app/Contents/Developer/Platforms/MacOSX.platform/Developer/SDKs/MacOSX26.1.sdk/usr/include/Dispatch.apinotes
/Applications/Xcode.app/Contents/Developer/Platforms/MacOSX.platform/Developer/SDKs/MacOSX26.1.sdk/usr/include/dispatch.modulemap
/Applications/Xcode.app/Contents/Developer/Platforms/MacOSX.platform/Developer/SDKs/MacOSX26.1.sdk/usr/include/os.modulemap
/Applications/Xcode.app/Contents/Developer/Platforms/MacOSX.platform/Developer/SDKs/MacOSX26.1.sdk/usr/include/Darwin.modulemap
/Applications/Xcode.app/Contents/Developer/Platforms/MacOSX.platform/Developer/SDKs/MacOSX26.1.sdk/usr/include/Darwin_C.modulemap
/Applications/Xcode.app/Contents/Developer/Platforms/MacOSX.platform/Developer/SDKs/MacOSX26.1.sdk/usr/include/Darwin_POSIX.modulemap
/Applications/Xcode.app/Contents/Developer/Platforms/MacOSX.platform/Developer/SDKs/MacOSX26.1.sdk/usr/include/net.modulemap
/Applications/Xcode.app/Contents/Developer/Platforms/MacOSX.platform/Developer/SDKs/MacOSX26.1.sdk/usr/include/netinet.modulemap
/Applications/Xcode.app/Contents/Developer/Platforms/MacOSX.platform/Developer/SDKs/MacOSX26.1.sdk/usr/include/bank.modulemap
/Applications/Xcode.app/Contents/Developer/Platforms/MacOSX.platform/Developer/SDKs/MacOSX26.1.sdk/usr/include/Darwin_Mach.modulemap
/Applications/Xcode.app/Contents/Developer/Platforms/MacOSX.platform/Developer/SDKs/MacOSX26.1.sdk/usr/include/Darwin_Mach_machine.modulemap
/Applications/Xcode.app/Contents/Developer/Platforms/MacOSX.platform/Developer/SDKs/MacOSX26.1.sdk/usr/include/mach_debug.modulemap
/Applications/Xcode.app/Contents/Developer/Platforms/MacOSX.platform/Developer/SDKs/MacOSX26.1.sdk/usr/include/device.modulemap
/Applications/Xcode.app/Contents/Developer/Platforms/MacOSX.platform/Developer/SDKs/MacOSX26.1.sdk/usr/include/Darwin_machine.modulemap
/Applications/Xcode.app/Contents/Developer/Platforms/MacOSX.platform/Developer/SDKs/MacOSX26.1.sdk/usr/include/ncurses.modulemap
/Applications/Xcode.app/Contents/Developer/Platforms/MacOSX.platform/Developer/SDKs/MacOSX26.1.sdk/usr/include/netinet6.modulemap
/Applications/Xcode.app/Contents/Developer/Platforms/MacOSX.platform/Developer/SDKs/MacOSX26.1.sdk/usr/include/Darwin_sys.modulemap
/Applications/Xcode.app/Contents/Developer/Platforms/MacOSX.platform/Developer/SDKs/MacOSX26.1.sdk/usr/include/uuid.modulemap
/Applications/Xcode.app/Contents/Developer/Platforms/MacOSX.platform/Developer/SDKs/MacOSX26.1.sdk/usr/include/DarwinFoundation2.modulemap
/Applications/Xcode.app/Contents/Developer/Platforms/MacOSX.platform/Developer/SDKs/MacOSX26.1.sdk/usr/include/DarwinFoundation3.modulemap
/Applications/Xcode.app/Contents/Developer/Platforms/MacOSX.platform/Developer/SDKs/MacOSX26.1.sdk/usr/include/DarwinFoundation1.modulemap
/Applications/Xcode.app/Contents/Developer/Platforms/MacOSX.platform/Developer/SDKs/MacOSX26.1.sdk/usr/include/dispatch/dispatch.h
/Applications/Xcode.app/Contents/Developer/Toolchains/XcodeDefault.xctoolchain/usr/lib/swift/clang/include/module.modulemap
/Applications/Xcode.app/Contents/Developer/Toolchains/XcodeDefault.xctoolchain/usr/lib/swift/clang/include/stddef.h
/Applications/Xcode.app/Contents/Developer/Toolchains/XcodeDefault.xctoolchain/usr/lib/swift/clang/include/stdarg.h
/Applications/Xcode.app/Contents/Developer/Platforms/MacOSX.platform/Developer/SDKs/MacOSX26.1.sdk/usr/include/string.h
/Applications/Xcode.app/Contents/Developer/Platforms/MacOSX.platform/Developer/SDKs/MacOSX26.1.sdk/usr/include/dispatch/base.h
/Applications/Xcode.app/Contents/Developer/Platforms/MacOSX.platform/Developer/SDKs/MacOSX26.1.sdk/usr/include/dispatch/time.h
/Applications/Xcode.app/Contents/Developer/Platforms/MacOSX.platform/Developer/SDKs/MacOSX26.1.sdk/usr/include/dispatch/object.h
/Applications/Xcode.app/Contents/Developer/Platforms/MacOSX.platform/Developer/SDKs/MacOSX26.1.sdk/usr/include/dispatch/queue.h
/Applications/Xcode.app/Contents/Developer/Platforms/MacOSX.platform/Developer/SDKs/MacOSX26.1.sdk/usr/include/dispatch/block.h
/Applications/Xcode.app/Contents/Developer/Platforms/MacOSX.platform/Developer/SDKs/MacOSX26.1.sdk/usr/include/dispatch/source.h
/Applications/Xcode.app/Contents/Developer/Platforms/MacOSX.platform/Developer/SDKs/MacOSX26.1.sdk/usr/include/dispatch/group.h
/Applications/Xcode.app/Contents/Developer/Platforms/MacOSX.platform/Developer/SDKs/MacOSX26.1.sdk/usr/include/dispatch/semaphore.h
/Applications/Xcode.app/Contents/Developer/Platforms/MacOSX.platform/Developer/SDKs/MacOSX26.1.sdk/usr/include/dispatch/once.h
/Applications/Xcode.app/Contents/Developer/Platforms/MacOSX.platform/Developer/SDKs/MacOSX26.1.sdk/usr/include/dispatch/data.h
/Applications/Xcode.app/Contents/Developer/Platforms/MacOSX.platform/Developer/SDKs/MacOSX26.1.sdk/usr/include/dispatch/io.h
/Applications/Xcode.app/Contents/Developer/Platforms/MacOSX.platform/Developer/SDKs/MacOSX26.1.sdk/usr/include/dispatch/workloop.h
/Applications/Xcode.app/Contents/Developer/Platforms/MacOSX.platform/Developer/SDKs/MacOSX26.1.sdk/usr/include/dispatch/dispatch_swift_shims.h
/Applications/Xcode.app/Contents/Developer/Platforms/MacOSX.platform/Developer/SDKs/MacOSX26.1.sdk/SDKSettings.json
/Applications/Xcode.app/Contents/Developer/Toolchains/XcodeDefault.xctoolchain/usr/lib/swift/macosx/prebuilt-modules/26.1/Dispatch.swiftmodule/arm64e-apple-macos.swiftmodule
/Applications/Xcode.app/Contents/Developer/Platforms/MacOSX.platform/Developer/SDKs/MacOSX26.1.sdk/System/Library/Frameworks/Foundation.framework/Headers/Foundation.apinotes
/Applications/Xcode.app/Contents/Developer/Platforms/MacOSX.platform/Developer/SDKs/MacOSX26.1.sdk/System/Library/Frameworks/Foundation.framework/Modules/module.modulemap
/Applications/Xcode.app/Contents/Developer/Platforms/MacOSX.platform/Developer/SDKs/MacOSX26.1.sdk/System/Library/Frameworks/Foundation.framework/Headers/Foundation.h
/Applications/Xcode.app/Contents/Developer/Platforms/MacOSX.platform/Developer/SDKs/MacOSX26.1.sdk/System/Library/Frameworks/CoreFoundation.framework/Modules/module.modulemap
/Applications/Xcode.app/Contents/Developer/Platforms/MacOSX.platform/Developer/SDKs/MacOSX26.1.sdk/System/Library/Frameworks/Foundation.framework/Headers/NSObjCRuntime.h
/Applications/Xcode.app/Contents/Developer/Platforms/MacOSX.platform/Developer/SDKs/MacOSX26.1.sdk/usr/include/xpc.modulemap
/Applications/Xcode.app/Contents/Developer/Platforms/MacOSX.platform/Developer/SDKs/MacOSX26.1.sdk/usr/include/dispatch.modulemap
/Applications/Xcode.app/Contents/Developer/Platforms/MacOSX.platform/Developer/SDKs/MacOSX26.1.sdk/usr/include/ObjectiveC.modulemap
/Applications/Xcode.app/Contents/Developer/Platforms/MacOSX.platform/Developer/SDKs/MacOSX26.1.sdk/usr/include/Darwin.modulemap
/Applications/Xcode.app/Contents/Developer/Platforms/MacOSX.platform/Developer/SDKs/MacOSX26.1.sdk/usr/include/DarwinFoundation1.modulemap
/Applications/Xcode.app/Contents/Developer/Toolchains/XcodeDefault.xctoolchain/usr/lib/swift/clang/include/module.modulemap
/Applications/Xcode.app/Contents/Developer/Toolchains/XcodeDefault.xctoolchain/usr/lib/swift/clang/include/stdarg.h
/Applications/Xcode.app/Contents/Developer/Platforms/MacOSX.platform/Developer/SDKs/MacOSX26.1.sdk/System/Library/Frameworks/Foundation.framework/Headers/NSArray.h
/Applications/Xcode.app/Contents/Developer/Platforms/MacOSX.platform/Developer/SDKs/MacOSX26.1.sdk/System/Library/Frameworks/Foundation.framework/Headers/NSObject.h
/Applications/Xcode.app/Contents/Developer/Platforms/MacOSX.platform/Developer/SDKs/MacOSX26.1.sdk/System/Library/Frameworks/Foundation.framework/Headers/NSZone.h
/Applications/Xcode.app/Contents/Developer/Toolchains/XcodeDefault.xctoolchain/usr/lib/swift/clang/include/stddef.h
/Applications/Xcode.app/Contents/Developer/Platforms/MacOSX.platform/Developer/SDKs/MacOSX26.1.sdk/System/Library/Frameworks/Foundation.framework/Headers/NSEnumerator.h
/Applications/Xcode.app/Contents/Developer/Platforms/MacOSX.platform/Developer/SDKs/MacOSX26.1.sdk/System/Library/Frameworks/Foundation.framework/Headers/NSRange.h
/Applications/Xcode.app/Contents/Developer/Platforms/MacOSX.platform/Developer/SDKs/MacOSX26.1.sdk/System/Library/Frameworks/Foundation.framework/Headers/NSValue.h
/Applications/Xcode.app/Contents/Developer/Platforms/MacOSX.platform/Developer/SDKs/MacOSX26.1.sdk/System/Library/Frameworks/Foundation.framework/Headers/NSOrderedCollectionDifference.h
/Applications/Xcode.app/Contents/Developer/Platforms/MacOSX.platform/Developer/SDKs/MacOSX26.1.sdk/System/Library/Frameworks/Foundation.framework/Headers/NSOrderedCollectionChange.h
/Applications/Xcode.app/Contents/Developer/Platforms/MacOSX.platform/Developer/SDKs/MacOSX26.1.sdk/System/Library/Frameworks/Foundation.framework/Headers/NSIndexSet.h
/Applications/Xcode.app/Contents/Developer/Platforms/MacOSX.platform/Developer/SDKs/MacOSX26.1.sdk/System/Library/Frameworks/Foundation.framework/Headers/NSAutoreleasePool.h
/Applications/Xcode.app/Contents/Developer/Platforms/MacOSX.platform/Developer/SDKs/MacOSX26.1.sdk/System/Library/Frameworks/Foundation.framework/Headers/NSBundle.h
/Applications/Xcode.app/Contents/Developer/Platforms/MacOSX.platform/Developer/SDKs/MacOSX26.1.sdk/System/Library/Frameworks/Foundation.framework/Headers/NSString.h
/Applications/Xcode.app/Contents/Developer/Platforms/MacOSX.platform/Developer/SDKs/MacOSX26.1.sdk/System/Library/Frameworks/Foundation.framework/Headers/NSItemProvider.h
/Applications/Xcode.app/Contents/Developer/Platforms/MacOSX.platform/Developer/SDKs/MacOSX26.1.sdk/System/Library/Frameworks/Foundation.framework/Headers/NSDictionary.h
/Applications/Xcode.app/Contents/Developer/Platforms/MacOSX.platform/Developer/SDKs/MacOSX26.1.sdk/System/Library/Frameworks/Foundation.framework/Headers/NSSet.h
/Applications/Xcode.app/Contents/Developer/Platforms/MacOSX.platform/Developer/SDKs/MacOSX26.1.sdk/System/Library/Frameworks/Foundation.framework/Headers/NSProgress.h
/Applications/Xcode.app/Contents/Developer/Platforms/MacOSX.platform/Developer/SDKs/MacOSX26.1.sdk/System/Library/Frameworks/Foundation.framework/Headers/NSNotification.h
/Applications/Xcode.app/Contents/Developer/Platforms/MacOSX.platform/Developer/SDKs/MacOSX26.1.sdk/System/Library/Frameworks/Foundation.framework/Headers/NSByteOrder.h
/Applications/Xcode.app/Contents/Developer/Platforms/MacOSX.platform/Developer/SDKs/MacOSX26.1.sdk/System/Library/Frameworks/Foundation.framework/Headers/NSCalendar.h
/Applications/Xcode.app/Contents/Developer/Platforms/MacOSX.platform/Developer/SDKs/MacOSX26.1.sdk/System/Library/Frameworks/Foundation.framework/Headers/NSDate.h
/Applications/Xcode.app/Contents/Developer/Platforms/MacOSX.platform/Developer/SDKs/MacOSX26.1.sdk/System/Library/Frameworks/Foundation.framework/Headers/NSCharacterSet.h
/Applications/Xcode.app/Contents/Developer/Platforms/MacOSX.platform/Developer/SDKs/MacOSX26.1.sdk/System/Library/Frameworks/Foundation.framework/Headers/NSCoder.h
/Applications/Xcode.app/Contents/Developer/Platforms/MacOSX.platform/Developer/SDKs/MacOSX26.1.sdk/System/Library/Frameworks/Foundation.framework/Headers/NSData.h
/Applications/Xcode.app/Contents/Developer/Platforms/MacOSX.platform/Developer/SDKs/MacOSX26.1.sdk/System/Library/Frameworks/Foundation.framework/Headers/NSDateInterval.h
/Applications/Xcode.app/Contents/Developer/Platforms/MacOSX.platform/Developer/SDKs/MacOSX26.1.sdk/System/Library/Frameworks/Foundation.framework/Headers/NSDateFormatter.h
/Applications/Xcode.app/Contents/Developer/Platforms/MacOSX.platform/Developer/SDKs/MacOSX26.1.sdk/System/Library/Frameworks/Foundation.framework/Headers/NSFormatter.h
/Applications/Xcode.app/Contents/Developer/Platforms/MacOSX.platform/Developer/SDKs/MacOSX26.1.sdk/System/Library/Frameworks/Foundation.framework/Headers/NSAttributedString.h
/Applications/Xcode.app/Contents/Developer/Platforms/MacOSX.platform/Developer/SDKs/MacOSX26.1.sdk/System/Library/Frameworks/Foundation.framework/Headers/NSDateIntervalFormatter.h
/Applications/Xcode.app/Contents/Developer/Platforms/MacOSX.platform/Developer/SDKs/MacOSX26.1.sdk/System/Library/Frameworks/Foundation.framework/Headers/NSISO8601DateFormatter.h
/Applications/Xcode.app/Contents/Developer/Platforms/MacOSX.platform/Developer/SDKs/MacOSX26.1.sdk/System/Library/Frameworks/Foundation.framework/Headers/NSMassFormatter.h
/Applications/Xcode.app/Contents/Developer/Platforms/MacOSX.platform/Developer/SDKs/MacOSX26.1.sdk/System/Library/Frameworks/Foundation.framework/Headers/NSLengthFormatter.h
/Applications/Xcode.app/Contents/Developer/Platforms/MacOSX.platform/Developer/SDKs/MacOSX26.1.sdk/System/Library/Frameworks/Foundation.framework/Headers/NSEnergyFormatter.h
/Applications/Xcode.app/Contents/Developer/Platforms/MacOSX.platform/Developer/SDKs/MacOSX26.1.sdk/System/Library/Frameworks/Foundation.framework/Headers/NSMeasurementFormatter.h
/Applications/Xcode.app/Contents/Developer/Platforms/MacOSX.platform/Developer/SDKs/MacOSX26.1.sdk/System/Library/Frameworks/Foundation.framework/Headers/NSNumberFormatter.h
/Applications/Xcode.app/Contents/Developer/Platforms/MacOSX.platform/Developer/SDKs/MacOSX26.1.sdk/System/Library/Frameworks/Foundation.framework/Headers/NSMeasurement.h
/Applications/Xcode.app/Contents/Developer/Platforms/MacOSX.platform/Developer/SDKs/MacOSX26.1.sdk/System/Library/Frameworks/Foundation.framework/Headers/NSUnit.h
/Applications/Xcode.app/Contents/Developer/Platforms/MacOSX.platform/Developer/SDKs/MacOSX26.1.sdk/System/Library/Frameworks/Foundation.framework/Headers/NSLocale.h
/Applications/Xcode.app/Contents/Developer/Platforms/MacOSX.platform/Developer/SDKs/MacOSX26.1.sdk/System/Library/Frameworks/Foundation.framework/Headers/NSPersonNameComponents.h
/Applications/Xcode.app/Contents/Developer/Platforms/MacOSX.platform/Developer/SDKs/MacOSX26.1.sdk/System/Library/Frameworks/Foundation.framework/Headers/NSPersonNameComponentsFormatter.h
/Applications/Xcode.app/Contents/Developer/Platforms/MacOSX.platform/Developer/SDKs/MacOSX26.1.sdk/System/Library/Frameworks/Foundation.framework/Headers/NSRelativeDateTimeFormatter.h
/Applications/Xcode.app/Contents/Developer/Platforms/MacOSX.platform/Developer/SDKs/MacOSX26.1.sdk/System/Library/Frameworks/Foundation.framework/Headers/NSListFormatter.h
/Applications/Xcode.app/Contents/Developer/Platforms/MacOSX.platform/Developer/SDKs/MacOSX26.1.sdk/System/Library/Frameworks/Foundation.framework/Headers/NSDecimal.h
/Applications/Xcode.app/Contents/Developer/Platforms/MacOSX.platform/Developer/SDKs/MacOSX26.1.sdk/System/Library/Frameworks/Foundation.framework/Headers/NSDecimalNumber.h
/Applications/Xcode.app/Contents/Developer/Platforms/MacOSX.platform/Developer/SDKs/MacOSX26.1.sdk/System/Library/Frameworks/Foundation.framework/Headers/NSScanner.h
/Applications/Xcode.app/Contents/Developer/Platforms/MacOSX.platform/Developer/SDKs/MacOSX26.1.sdk/System/Library/Frameworks/Foundation.framework/Headers/NSException.h
/Applications/Xcode.app/Contents/Developer/Platforms/MacOSX.platform/Developer/SDKs/MacOSX26.1.sdk/System/Library/Frameworks/Foundation.framework/Headers/NSError.h
/Applications/Xcode.app/Contents/Developer/Platforms/MacOSX.platform/Developer/SDKs/MacOSX26.1.sdk/System/Library/Frameworks/Foundation.framework/Headers/NSFileHandle.h
/Applications/Xcode.app/Contents/Developer/Platforms/MacOSX.platform/Developer/SDKs/MacOSX26.1.sdk/System/Library/Frameworks/Foundation.framework/Headers/NSRunLoop.h
/Applications/Xcode.app/Contents/Developer/Platforms/MacOSX.platform/Developer/SDKs/MacOSX26.1.sdk/System/Library/Frameworks/Foundation.framework/Headers/NSFileManager.h
/Applications/Xcode.app/Contents/Developer/Platforms/MacOSX.platform/Developer/SDKs/MacOSX26.1.sdk/System/Library/Frameworks/Foundation.framework/Headers/NSPathUtilities.h
/Applications/Xcode.app/Contents/Developer/Platforms/MacOSX.platform/Developer/SDKs/MacOSX26.1.sdk/System/Library/Frameworks/Foundation.framework/Headers/NSURL.h
/Applications/Xcode.app/Contents/Developer/Platforms/MacOSX.platform/Developer/SDKs/MacOSX26.1.sdk/System/Library/Frameworks/Foundation.framework/Headers/NSURLHandle.h
/Applications/Xcode.app/Contents/Developer/Platforms/MacOSX.platform/Developer/SDKs/MacOSX26.1.sdk/System/Library/Frameworks/Foundation.framework/Headers/NSHashTable.h
/Applications/Xcode.app/Contents/Developer/Platforms/MacOSX.platform/Developer/SDKs/MacOSX26.1.sdk/System/Library/Frameworks/Foundation.framework/Headers/NSPointerFunctions.h
/Applications/Xcode.app/Contents/Developer/Platforms/MacOSX.platform/Developer/SDKs/MacOSX26.1.sdk/System/Library/Frameworks/Foundation.framework/Headers/NSHTTPCookie.h
/Applications/Xcode.app/Contents/Developer/Platforms/MacOSX.platform/Developer/SDKs/MacOSX26.1.sdk/System/Library/Frameworks/Foundation.framework/Headers/NSHTTPCookieStorage.h
/Applications/Xcode.app/Contents/Developer/Platforms/MacOSX.platform/Developer/SDKs/MacOSX26.1.sdk/System/Library/Frameworks/Foundation.framework/Headers/NSIndexPath.h
/Applications/Xcode.app/Contents/Developer/Platforms/MacOSX.platform/Developer/SDKs/MacOSX26.1.sdk/System/Library/Frameworks/Foundation.framework/Headers/NSInflectionRule.h
/Applications/Xcode.app/Contents/Developer/Platforms/MacOSX.platform/Developer/SDKs/MacOSX26.1.sdk/System/Library/Frameworks/Foundation.framework/Headers/NSInvocation.h
/Applications/Xcode.app/Contents/Developer/Platforms/MacOSX.platform/Developer/SDKs/MacOSX26.1.sdk/System/Library/Frameworks/Foundation.framework/Headers/NSJSONSerialization.h
/Applications/Xcode.app/Contents/Developer/Platforms/MacOSX.platform/Developer/SDKs/MacOSX26.1.sdk/System/Library/Frameworks/Foundation.framework/Headers/NSKeyValueCoding.h
/Applications/Xcode.app/Contents/Developer/Platforms/MacOSX.platform/Developer/SDKs/MacOSX26.1.sdk/System/Library/Frameworks/Foundation.framework/Headers/NSOrderedSet.h
/Applications/Xcode.app/Contents/Developer/Platforms/MacOSX.platform/Developer/SDKs/MacOSX26.1.sdk/System/Library/Frameworks/Foundation.framework/Headers/NSKeyValueObserving.h
/Applications/Xcode.app/Contents/Developer/Platforms/MacOSX.platform/Developer/SDKs/MacOSX26.1.sdk/System/Library/Frameworks/Foundation.framework/Headers/NSKeyValueSharedObservers.h
/Applications/Xcode.app/Contents/Developer/Platforms/MacOSX.platform/Developer/SDKs/MacOSX26.1.sdk/System/Library/Frameworks/Foundation.framework/Headers/NSKeyedArchiver.h
/Applications/Xcode.app/Contents/Developer/Platforms/MacOSX.platform/Developer/SDKs/MacOSX26.1.sdk/System/Library/Frameworks/Foundation.framework/Headers/NSPropertyList.h
/Applications/Xcode.app/Contents/Developer/Platforms/MacOSX.platform/Developer/SDKs/MacOSX26.1.sdk/System/Library/Frameworks/Foundation.framework/Headers/NSGeometry.h
/Applications/Xcode.app/Contents/Developer/Platforms/MacOSX.platform/Developer/SDKs/MacOSX26.1.sdk/System/Library/Frameworks/Foundation.framework/Headers/NSLock.h
/Applications/Xcode.app/Contents/Developer/Platforms/MacOSX.platform/Developer/SDKs/MacOSX26.1.sdk/System/Library/Frameworks/Foundation.framework/Headers/NSMapTable.h
/Applications/Xcode.app/Contents/Developer/Platforms/MacOSX.platform/Developer/SDKs/MacOSX26.1.sdk/System/Library/Frameworks/Foundation.framework/Headers/NSMethodSignature.h
/Applications/Xcode.app/Contents/Developer/Platforms/MacOSX.platform/Developer/SDKs/MacOSX26.1.sdk/System/Library/Frameworks/Foundation.framework/Headers/NSMorphology.h
/Applications/Xcode.app/Contents/Developer/Platforms/MacOSX.platform/Developer/SDKs/MacOSX26.1.sdk/System/Library/Frameworks/Foundation.framework/Headers/NSTermOfAddress.h
/Applications/Xcode.app/Contents/Developer/Platforms/MacOSX.platform/Developer/SDKs/MacOSX26.1.sdk/System/Library/Frameworks/Foundation.framework/Headers/NSNotificationQueue.h
/Applications/Xcode.app/Contents/Developer/Platforms/MacOSX.platform/Developer/SDKs/MacOSX26.1.sdk/System/Library/Frameworks/Foundation.framework/Headers/NSNull.h
/Applications/Xcode.app/Contents/Developer/Platforms/MacOSX.platform/Developer/SDKs/MacOSX26.1.sdk/System/Library/Frameworks/Foundation.framework/Headers/NSLocalizedNumberFormatRule.h
/Applications/Xcode.app/Contents/Developer/Platforms/MacOSX.platform/Developer/SDKs/MacOSX26.1.sdk/System/Library/Frameworks/Foundation.framework/Headers/NSOperation.h
/Applications/Xcode.app/Contents/Developer/Platforms/MacOSX.platform/Developer/SDKs/MacOSX26.1.sdk/System/Library/Frameworks/Foundation.framework/Headers/NSOrthography.h
/Applications/Xcode.app/Contents/Developer/Platforms/MacOSX.platform/Developer/SDKs/MacOSX26.1.sdk/System/Library/Frameworks/Foundation.framework/Headers/NSPointerArray.h
/Applications/Xcode.app/Contents/Developer/Platforms/MacOSX.platform/Developer/SDKs/MacOSX26.1.sdk/System/Library/Frameworks/Foundation.framework/Headers/NSPort.h
/Applications/Xcode.app/Contents/Developer/Platforms/MacOSX.platform/Developer/SDKs/MacOSX26.1.sdk/System/Library/Frameworks/Foundation.framework/Headers/NSProcessInfo.h
/Applications/Xcode.app/Contents/Developer/Platforms/MacOSX.platform/Developer/SDKs/MacOSX26.1.sdk/System/Library/Frameworks/Foundation.framework/Headers/NSProxy.h
/Applications/Xcode.app/Contents/Developer/Platforms/MacOSX.platform/Developer/SDKs/MacOSX26.1.sdk/System/Library/Frameworks/Foundation.framework/Headers/NSRegularExpression.h
/Applications/Xcode.app/Contents/Developer/Platforms/MacOSX.platform/Developer/SDKs/MacOSX26.1.sdk/System/Library/Frameworks/Foundation.framework/Headers/NSTextCheckingResult.h
/Applications/Xcode.app/Contents/Developer/Platforms/MacOSX.platform/Developer/SDKs/MacOSX26.1.sdk/System/Library/Frameworks/Foundation.framework/Headers/NSSortDescriptor.h
/Applications/Xcode.app/Contents/Developer/Platforms/MacOSX.platform/Developer/SDKs/MacOSX26.1.sdk/System/Library/Frameworks/Foundation.framework/Headers/NSStream.h
/Applications/Xcode.app/Contents/Developer/Platforms/MacOSX.platform/Developer/SDKs/MacOSX26.1.sdk/System/Library/Frameworks/Foundation.framework/Headers/NSThread.h
/Applications/Xcode.app/Contents/Developer/Platforms/MacOSX.platform/Developer/SDKs/MacOSX26.1.sdk/System/Library/Frameworks/Foundation.framework/Headers/NSTimeZone.h
/Applications/Xcode.app/Contents/Developer/Platforms/MacOSX.platform/Developer/SDKs/MacOSX26.1.sdk/System/Library/Frameworks/Foundation.framework/Headers/NSTimer.h
/Applications/Xcode.app/Contents/Developer/Platforms/MacOSX.platform/Developer/SDKs/MacOSX26.1.sdk/System/Library/Frameworks/Foundation.framework/Headers/NSURLAuthenticationChallenge.h
/Applications/Xcode.app/Contents/Developer/Platforms/MacOSX.platform/Developer/SDKs/MacOSX26.1.sdk/System/Library/Frameworks/Foundation.framework/Headers/NSURLCache.h
/Applications/Xcode.app/Contents/Developer/Platforms/MacOSX.platform/Developer/SDKs/MacOSX26.1.sdk/System/Library/Frameworks/Foundation.framework/Headers/NSURLConnection.h
/Applications/Xcode.app/Contents/Developer/Platforms/MacOSX.platform/Developer/SDKs/MacOSX26.1.sdk/System/Library/Frameworks/Foundation.framework/Headers/NSURLCredential.h
/Applications/Xcode.app/Contents/Developer/Platforms/MacOSX.platform/Developer/SDKs/MacOSX26.1.sdk/System/Library/Frameworks/Security.framework/Modules/module.modulemap
/Applications/Xcode.app/Contents/Developer/Platforms/MacOSX.platform/Developer/SDKs/MacOSX26.1.sdk/System/Library/Frameworks/Foundation.framework/Headers/NSURLCredentialStorage.h
/Applications/Xcode.app/Contents/Developer/Platforms/MacOSX.platform/Developer/SDKs/MacOSX26.1.sdk/System/Library/Frameworks/Foundation.framework/Headers/NSURLProtectionSpace.h
/Applications/Xcode.app/Contents/Developer/Platforms/MacOSX.platform/Developer/SDKs/MacOSX26.1.sdk/System/Library/Frameworks/Foundation.framework/Headers/NSURLError.h
/Applications/Xcode.app/Contents/Developer/Platforms/MacOSX.platform/Developer/SDKs/MacOSX26.1.sdk/System/Library/Frameworks/CoreServices.framework/Modules/module.modulemap
/Applications/Xcode.app/Contents/Developer/Platforms/MacOSX.platform/Developer/SDKs/MacOSX26.1.sdk/System/Library/Frameworks/Foundation.framework/Headers/NSURLProtocol.h
/Applications/Xcode.app/Contents/Developer/Platforms/MacOSX.platform/Developer/SDKs/MacOSX26.1.sdk/System/Library/Frameworks/Foundation.framework/Headers/NSURLRequest.h
/Applications/Xcode.app/Contents/Developer/Platforms/MacOSX.platform/Developer/SDKs/MacOSX26.1.sdk/System/Library/Frameworks/Foundation.framework/Headers/NSURLResponse.h
/Applications/Xcode.app/Contents/Developer/Platforms/MacOSX.platform/Developer/SDKs/MacOSX26.1.sdk/System/Library/Frameworks/Foundation.framework/Headers/NSUserDefaults.h
/Applications/Xcode.app/Contents/Developer/Platforms/MacOSX.platform/Developer/SDKs/MacOSX26.1.sdk/System/Library/Frameworks/Foundation.framework/Headers/NSValueTransformer.h
/Applications/Xcode.app/Contents/Developer/Platforms/MacOSX.platform/Developer/SDKs/MacOSX26.1.sdk/System/Library/Frameworks/Foundation.framework/Headers/NSXMLParser.h
/Applications/Xcode.app/Contents/Developer/Platforms/MacOSX.platform/Developer/SDKs/MacOSX26.1.sdk/System/Library/Frameworks/Foundation.framework/Headers/NSXPCConnection.h
/Applications/Xcode.app/Contents/Developer/Platforms/MacOSX.platform/Developer/SDKs/MacOSX26.1.sdk/System/Library/Frameworks/Foundation.framework/Headers/FoundationErrors.h
/Applications/Xcode.app/Contents/Developer/Platforms/MacOSX.platform/Developer/SDKs/MacOSX26.1.sdk/System/Library/Frameworks/Foundation.framework/Headers/NSByteCountFormatter.h
/Applications/Xcode.app/Contents/Developer/Platforms/MacOSX.platform/Developer/SDKs/MacOSX26.1.sdk/System/Library/Frameworks/Foundation.framework/Headers/NSCache.h
/Applications/Xcode.app/Contents/Developer/Platforms/MacOSX.platform/Developer/SDKs/MacOSX26.1.sdk/System/Library/Frameworks/Foundation.framework/Headers/NSComparisonPredicate.h
/Applications/Xcode.app/Contents/Developer/Platforms/MacOSX.platform/Developer/SDKs/MacOSX26.1.sdk/System/Library/Frameworks/Foundation.framework/Headers/NSPredicate.h
/Applications/Xcode.app/Contents/Developer/Platforms/MacOSX.platform/Developer/SDKs/MacOSX26.1.sdk/System/Library/Frameworks/Foundation.framework/Headers/NSCompoundPredicate.h
/Applications/Xcode.app/Contents/Developer/Platforms/MacOSX.platform/Developer/SDKs/MacOSX26.1.sdk/System/Library/Frameworks/Foundation.framework/Headers/NSDateComponentsFormatter.h
/Applications/Xcode.app/Contents/Developer/Platforms/MacOSX.platform/Developer/SDKs/MacOSX26.1.sdk/System/Library/Frameworks/Foundation.framework/Headers/NSExpression.h
/Applications/Xcode.app/Contents/Developer/Platforms/MacOSX.platform/Developer/SDKs/MacOSX26.1.sdk/System/Library/Frameworks/Foundation.framework/Headers/NSExtensionContext.h
/Applications/Xcode.app/Contents/Developer/Platforms/MacOSX.platform/Developer/SDKs/MacOSX26.1.sdk/System/Library/Frameworks/Foundation.framework/Headers/NSExtensionItem.h
/Applications/Xcode.app/Contents/Developer/Platforms/MacOSX.platform/Developer/SDKs/MacOSX26.1.sdk/System/Library/Frameworks/Foundation.framework/Headers/NSExtensionRequestHandling.h
/Applications/Xcode.app/Contents/Developer/Platforms/MacOSX.platform/Developer/SDKs/MacOSX26.1.sdk/System/Library/Frameworks/Foundation.framework/Headers/NSFileCoordinator.h
/Applications/Xcode.app/Contents/Developer/Platforms/MacOSX.platform/Developer/SDKs/MacOSX26.1.sdk/System/Library/Frameworks/Foundation.framework/Headers/NSFilePresenter.h
/Applications/Xcode.app/Contents/Developer/Platforms/MacOSX.platform/Developer/SDKs/MacOSX26.1.sdk/System/Library/Frameworks/Foundation.framework/Headers/NSFileVersion.h
/Applications/Xcode.app/Contents/Developer/Platforms/MacOSX.platform/Developer/SDKs/MacOSX26.1.sdk/System/Library/Frameworks/Foundation.framework/Headers/NSFileWrapper.h
/Applications/Xcode.app/Contents/Developer/Platforms/MacOSX.platform/Developer/SDKs/MacOSX26.1.sdk/System/Library/Frameworks/Foundation.framework/Headers/NSLinguisticTagger.h
/Applications/Xcode.app/Contents/Developer/Platforms/MacOSX.platform/Developer/SDKs/MacOSX26.1.sdk/System/Library/Frameworks/Foundation.framework/Headers/NSMetadata.h
/Applications/Xcode.app/Contents/Developer/Platforms/MacOSX.platform/Developer/SDKs/MacOSX26.1.sdk/System/Library/Frameworks/Foundation.framework/Headers/NSMetadataAttributes.h
/Applications/Xcode.app/Contents/Developer/Platforms/MacOSX.platform/Developer/SDKs/MacOSX26.1.sdk/System/Library/Frameworks/Foundation.framework/Headers/NSNetServices.h
/Applications/Xcode.app/Contents/Developer/Platforms/MacOSX.platform/Developer/SDKs/MacOSX26.1.sdk/System/Library/Frameworks/Foundation.framework/Headers/NSUbiquitousKeyValueStore.h
/Applications/Xcode.app/Contents/Developer/Platforms/MacOSX.platform/Developer/SDKs/MacOSX26.1.sdk/System/Library/Frameworks/Foundation.framework/Headers/NSUndoManager.h
/Applications/Xcode.app/Contents/Developer/Platforms/MacOSX.platform/Developer/SDKs/MacOSX26.1.sdk/System/Library/Frameworks/Foundation.framework/Headers/NSURLSession.h
/Applications/Xcode.app/Contents/Developer/Platforms/MacOSX.platform/Developer/SDKs/MacOSX26.1.sdk/System/Library/Frameworks/Foundation.framework/Headers/NSUserActivity.h
/Applications/Xcode.app/Contents/Developer/Platforms/MacOSX.platform/Developer/SDKs/MacOSX26.1.sdk/System/Library/Frameworks/Foundation.framework/Headers/NSUUID.h
/Applications/Xcode.app/Contents/Developer/Platforms/MacOSX.platform/Developer/SDKs/MacOSX26.1.sdk/System/Library/Frameworks/Foundation.framework/Headers/NSAffineTransform.h
/Applications/Xcode.app/Contents/Developer/Platforms/MacOSX.platform/Developer/SDKs/MacOSX26.1.sdk/System/Library/Frameworks/Foundation.framework/Headers/NSAppleScript.h
/Applications/Xcode.app/Contents/Developer/Platforms/MacOSX.platform/Developer/SDKs/MacOSX26.1.sdk/System/Library/Frameworks/Foundation.framework/Headers/NSArchiver.h
/Applications/Xcode.app/Contents/Developer/Platforms/MacOSX.platform/Developer/SDKs/MacOSX26.1.sdk/System/Library/Frameworks/Foundation.framework/Headers/NSBackgroundActivityScheduler.h
/Applications/Xcode.app/Contents/Developer/Platforms/MacOSX.platform/Developer/SDKs/MacOSX26.1.sdk/System/Library/Frameworks/Foundation.framework/Headers/NSCalendarDate.h
/Applications/Xcode.app/Contents/Developer/Platforms/MacOSX.platform/Developer/SDKs/MacOSX26.1.sdk/System/Library/Frameworks/Foundation.framework/Headers/NSConnection.h
/Applications/Xcode.app/Contents/Developer/Platforms/MacOSX.platform/Developer/SDKs/MacOSX26.1.sdk/System/Library/Frameworks/Foundation.framework/Headers/NSDistantObject.h
/Applications/Xcode.app/Contents/Developer/Platforms/MacOSX.platform/Developer/SDKs/MacOSX26.1.sdk/System/Library/Frameworks/Foundation.framework/Headers/NSDistributedNotificationCenter.h
/Applications/Xcode.app/Contents/Developer/Platforms/MacOSX.platform/Developer/SDKs/MacOSX26.1.sdk/System/Library/Frameworks/Foundation.framework/Headers/NSPortCoder.h
/Applications/Xcode.app/Contents/Developer/Platforms/MacOSX.platform/Developer/SDKs/MacOSX26.1.sdk/System/Library/Frameworks/Foundation.framework/Headers/NSPortMessage.h
/Applications/Xcode.app/Contents/Developer/Platforms/MacOSX.platform/Developer/SDKs/MacOSX26.1.sdk/System/Library/Frameworks/Foundation.framework/Headers/NSPortNameServer.h
/Applications/Xcode.app/Contents/Developer/Platforms/MacOSX.platform/Developer/SDKs/MacOSX26.1.sdk/System/Library/Frameworks/Foundation.framework/Headers/NSProtocolChecker.h
/Applications/Xcode.app/Contents/Developer/Platforms/MacOSX.platform/Developer/SDKs/MacOSX26.1.sdk/System/Library/Frameworks/Foundation.framework/Headers/NSTask.h
/Applications/Xcode.app/Contents/Developer/Platforms/MacOSX.platform/Developer/SDKs/MacOSX26.1.sdk/System/Library/Frameworks/Foundation.framework/Headers/NSXMLDTD.h
/Applications/Xcode.app/Contents/Developer/Platforms/MacOSX.platform/Developer/SDKs/MacOSX26.1.sdk/System/Library/Frameworks/Foundation.framework/Headers/NSXMLNode.h
/Applications/Xcode.app/Contents/Developer/Platforms/MacOSX.platform/Developer/SDKs/MacOSX26.1.sdk/System/Library/Frameworks/Foundation.framework/Headers/NSXMLNodeOptions.h
/Applications/Xcode.app/Contents/Developer/Platforms/MacOSX.platform/Developer/SDKs/MacOSX26.1.sdk/System/Library/Frameworks/Foundation.framework/Headers/NSXMLDTDNode.h
/Applications/Xcode.app/Contents/Developer/Platforms/MacOSX.platform/Developer/SDKs/MacOSX26.1.sdk/System/Library/Frameworks/Foundation.framework/Headers/NSXMLDocument.h
/Applications/Xcode.app/Contents/Developer/Platforms/MacOSX.platform/Developer/SDKs/MacOSX26.1.sdk/System/Library/Frameworks/Foundation.framework/Headers/NSXMLElement.h
/Applications/Xcode.app/Contents/Developer/Platforms/MacOSX.platform/Developer/SDKs/MacOSX26.1.sdk/System/Library/Frameworks/Foundation.framework/Headers/NSURLDownload.h
/Applications/Xcode.app/Contents/Developer/Platforms/MacOSX.platform/Developer/SDKs/MacOSX26.1.sdk/System/Library/Frameworks/Foundation.framework/Headers/NSAppleEventDescriptor.h
/Applications/Xcode.app/Contents/Developer/Platforms/MacOSX.platform/Developer/SDKs/MacOSX26.1.sdk/System/Library/Frameworks/Foundation.framework/Headers/NSAppleEventManager.h
/Applications/Xcode.app/Contents/Developer/Platforms/MacOSX.platform/Developer/SDKs/MacOSX26.1.sdk/System/Library/Frameworks/Foundation.framework/Headers/NSClassDescription.h
/Applications/Xcode.app/Contents/Developer/Platforms/MacOSX.platform/Developer/SDKs/MacOSX26.1.sdk/System/Library/Frameworks/Foundation.framework/Headers/NSDistributedLock.h
/Applications/Xcode.app/Contents/Developer/Platforms/MacOSX.platform/Developer/SDKs/MacOSX26.1.sdk/System/Library/Frameworks/Foundation.framework/Headers/NSGarbageCollector.h
/Applications/Xcode.app/Contents/Developer/Platforms/MacOSX.platform/Developer/SDKs/MacOSX26.1.sdk/System/Library/Frameworks/Foundation.framework/Headers/NSHFSFileTypes.h
/Applications/Xcode.app/Contents/Developer/Platforms/MacOSX.platform/Developer/SDKs/MacOSX26.1.sdk/System/Library/Frameworks/Foundation.framework/Headers/NSHost.h
/Applications/Xcode.app/Contents/Developer/Platforms/MacOSX.platform/Developer/SDKs/MacOSX26.1.sdk/System/Library/Frameworks/Foundation.framework/Headers/NSObjectScripting.h
/Applications/Xcode.app/Contents/Developer/Platforms/MacOSX.platform/Developer/SDKs/MacOSX26.1.sdk/System/Library/Frameworks/Foundation.framework/Headers/NSScriptClassDescription.h
/Applications/Xcode.app/Contents/Developer/Platforms/MacOSX.platform/Developer/SDKs/MacOSX26.1.sdk/System/Library/Frameworks/Foundation.framework/Headers/NSScriptCoercionHandler.h
/Applications/Xcode.app/Contents/Developer/Platforms/MacOSX.platform/Developer/SDKs/MacOSX26.1.sdk/System/Library/Frameworks/Foundation.framework/Headers/NSScriptCommand.h
/Applications/Xcode.app/Contents/Developer/Platforms/MacOSX.platform/Developer/SDKs/MacOSX26.1.sdk/System/Library/Frameworks/Foundation.framework/Headers/NSScriptCommandDescription.h
/Applications/Xcode.app/Contents/Developer/Platforms/MacOSX.platform/Developer/SDKs/MacOSX26.1.sdk/System/Library/Frameworks/Foundation.framework/Headers/NSScriptExecutionContext.h
/Applications/Xcode.app/Contents/Developer/Platforms/MacOSX.platform/Developer/SDKs/MacOSX26.1.sdk/System/Library/Frameworks/Foundation.framework/Headers/NSScriptKeyValueCoding.h
/Applications/Xcode.app/Contents/Developer/Platforms/MacOSX.platform/Developer/SDKs/MacOSX26.1.sdk/System/Library/Frameworks/Foundation.framework/Headers/NSScriptObjectSpecifiers.h
/Applications/Xcode.app/Contents/Developer/Platforms/MacOSX.platform/Developer/SDKs/MacOSX26.1.sdk/System/Library/Frameworks/Foundation.framework/Headers/NSScriptStandardSuiteCommands.h
/Applications/Xcode.app/Contents/Developer/Platforms/MacOSX.platform/Developer/SDKs/MacOSX26.1.sdk/System/Library/Frameworks/Foundation.framework/Headers/NSScriptSuiteRegistry.h
/Applications/Xcode.app/Contents/Developer/Platforms/MacOSX.platform/Developer/SDKs/MacOSX26.1.sdk/System/Library/Frameworks/Foundation.framework/Headers/NSScriptWhoseTests.h
/Applications/Xcode.app/Contents/Developer/Platforms/MacOSX.platform/Developer/SDKs/MacOSX26.1.sdk/System/Library/Frameworks/Foundation.framework/Headers/NSSpellServer.h
/Applications/Xcode.app/Contents/Developer/Platforms/MacOSX.platform/Developer/SDKs/MacOSX26.1.sdk/System/Library/Frameworks/Foundation.framework/Headers/NSUserNotification.h
/Applications/Xcode.app/Contents/Developer/Platforms/MacOSX.platform/Developer/SDKs/MacOSX26.1.sdk/System/Library/Frameworks/Foundation.framework/Headers/NSUserScriptTask.h
/Applications/Xcode.app/Contents/Developer/Platforms/MacOSX.platform/Developer/SDKs/MacOSX26.1.sdk/System/Library/Frameworks/Foundation.framework/Headers/FoundationLegacySwiftCompatibility.h
/Applications/Xcode.app/Contents/Developer/Platforms/MacOSX.platform/Developer/SDKs/MacOSX26.1.sdk/System/Library/Frameworks/Foundation.framework/Headers/NSDebug.h
/Applications/Xcode.app/Contents/Developer/Platforms/MacOSX.platform/Developer/SDKs/MacOSX26.1.sdk/SDKSettings.json
/Applications/Xcode.app/Contents/Developer/Toolchains/XcodeDefault.xctoolchain/usr/lib/swift/macosx/prebuilt-modules/26.1/Foundation.swiftmodule/arm64e-apple-macos.swiftmodule
/Applications/Xcode.app/Contents/Developer/Toolchains/XcodeDefault.xctoolchain/usr/lib/swift/macosx/prebuilt-modules/26.1/IOKit.swiftmodule/arm64e-apple-macos.swiftmodule
/Applications/Xcode.app/Contents/Developer/Platforms/MacOSX.platform/Developer/SDKs/MacOSX26.1.sdk/System/Library/Frameworks/IOKit.framework/Modules/module.modulemap
/Applications/Xcode.app/Contents/Developer/Platforms/MacOSX.platform/Developer/SDKs/MacOSX26.1.sdk/System/Library/Frameworks/IOKit.framework/Headers/IOReturn.h
/Applications/Xcode.app/Contents/Developer/Platforms/MacOSX.platform/Developer/SDKs/MacOSX26.1.sdk/usr/include/dispatch.modulemap
/Applications/Xcode.app/Contents/Developer/Platforms/MacOSX.platform/Developer/SDKs/MacOSX26.1.sdk/usr/include/libkern.modulemap
/Applications/Xcode.app/Contents/Developer/Platforms/MacOSX.platform/Developer/SDKs/MacOSX26.1.sdk/usr/include/Darwin.modulemap
/Applications/Xcode.app/Contents/Developer/Platforms/MacOSX.platform/Developer/SDKs/MacOSX26.1.sdk/usr/include/Darwin_C.modulemap
/Applications/Xcode.app/Contents/Developer/Platforms/MacOSX.platform/Developer/SDKs/MacOSX26.1.sdk/usr/include/Darwin_POSIX.modulemap
/Applications/Xcode.app/Contents/Developer/Platforms/MacOSX.platform/Developer/SDKs/MacOSX26.1.sdk/usr/include/net.modulemap
/Applications/Xcode.app/Contents/Developer/Platforms/MacOSX.platform/Developer/SDKs/MacOSX26.1.sdk/usr/include/netinet.modulemap
/Applications/Xcode.app/Contents/Developer/Platforms/MacOSX.platform/Developer/SDKs/MacOSX26.1.sdk/usr/include/bank.modulemap
/Applications/Xcode.app/Contents/Developer/Platforms/MacOSX.platform/Developer/SDKs/MacOSX26.1.sdk/usr/include/Darwin_Mach.modulemap
/Applications/Xcode.app/Contents/Developer/Platforms/MacOSX.platform/Developer/SDKs/MacOSX26.1.sdk/usr/include/Darwin_Mach_machine.modulemap
/Applications/Xcode.app/Contents/Developer/Platforms/MacOSX.platform/Developer/SDKs/MacOSX26.1.sdk/usr/include/mach_debug.modulemap
/Applications/Xcode.app/Contents/Developer/Platforms/MacOSX.platform/Developer/SDKs/MacOSX26.1.sdk/usr/include/device.modulemap
/Applications/Xcode.app/Contents/Developer/Platforms/MacOSX.platform/Developer/SDKs/MacOSX26.1.sdk/usr/include/Darwin_machine.modulemap
/Applications/Xcode.app/Contents/Developer/Platforms/MacOSX.platform/Developer/SDKs/MacOSX26.1.sdk/usr/include/ncurses.modulemap
/Applications/Xcode.app/Contents/Developer/Platforms/MacOSX.platform/Developer/SDKs/MacOSX26.1.sdk/usr/include/netinet6.modulemap
/Applications/Xcode.app/Contents/Developer/Platforms/MacOSX.platform/Developer/SDKs/MacOSX26.1.sdk/usr/include/Darwin_sys.modulemap
/Applications/Xcode.app/Contents/Developer/Platforms/MacOSX.platform/Developer/SDKs/MacOSX26.1.sdk/usr/include/uuid.modulemap
/Applications/Xcode.app/Contents/Developer/Platforms/MacOSX.platform/Developer/SDKs/MacOSX26.1.sdk/usr/include/DarwinFoundation2.modulemap
/Applications/Xcode.app/Contents/Developer/Platforms/MacOSX.platform/Developer/SDKs/MacOSX26.1.sdk/usr/include/DarwinFoundation1.modulemap
/Applications/Xcode.app/Contents/Developer/Platforms/MacOSX.platform/Developer/SDKs/MacOSX26.1.sdk/System/Library/Frameworks/IOKit.framework/Headers/IOMapTypes.h
/Applications/Xcode.app/Contents/Developer/Platforms/MacOSX.platform/Developer/SDKs/MacOSX26.1.sdk/System/Library/Frameworks/IOKit.framework/Headers/IOTypes.h
/Applications/Xcode.app/Contents/Developer/Toolchains/XcodeDefault.xctoolchain/usr/lib/swift/clang/include/module.modulemap
/Applications/Xcode.app/Contents/Developer/Platforms/MacOSX.platform/Developer/SDKs/MacOSX26.1.sdk/System/Library/Frameworks/IOKit.framework/Headers/IOKitKeys.h
/Applications/Xcode.app/Contents/Developer/Platforms/MacOSX.platform/Developer/SDKs/MacOSX26.1.sdk/System/Library/Frameworks/IOKit.framework/Headers/OSMessageNotification.h
/Applications/Xcode.app/Contents/Developer/Platforms/MacOSX.platform/Developer/SDKs/MacOSX26.1.sdk/System/Library/Frameworks/IOKit.framework/Headers/IOKitLib.h
/Applications/Xcode.app/Contents/Developer/Platforms/MacOSX.platform/Developer/SDKs/MacOSX26.1.sdk/System/Library/Frameworks/CoreFoundation.framework/Modules/module.modulemap
/Applications/Xcode.app/Contents/Developer/Platforms/MacOSX.platform/Developer/SDKs/MacOSX26.1.sdk/System/Library/Frameworks/IOKit.framework/Headers/IOBSD.h
/Applications/Xcode.app/Contents/Developer/Platforms/MacOSX.platform/Developer/SDKs/MacOSX26.1.sdk/System/Library/Frameworks/IOKit.framework/Headers/IODataQueueClient.h
/Applications/Xcode.app/Contents/Developer/Platforms/MacOSX.platform/Developer/SDKs/MacOSX26.1.sdk/System/Library/Frameworks/IOKit.framework/Headers/IODataQueueShared.h
/Applications/Xcode.app/Contents/Developer/Platforms/MacOSX.platform/Developer/SDKs/MacOSX26.1.sdk/System/Library/Frameworks/IOKit.framework/Headers/IOCFBundle.h
/Applications/Xcode.app/Contents/Developer/Platforms/MacOSX.platform/Developer/SDKs/MacOSX26.1.sdk/System/Library/Frameworks/IOKit.framework/Headers/IOSharedLock.h
/Applications/Xcode.app/Contents/Developer/Platforms/MacOSX.platform/Developer/SDKs/MacOSX26.1.sdk/System/Library/Frameworks/IOKit.framework/Headers/IOCFPlugIn.h
/Applications/Xcode.app/Contents/Developer/Platforms/MacOSX.platform/Developer/SDKs/MacOSX26.1.sdk/System/Library/Frameworks/IOKit.framework/Headers/IOCFSerialize.h
/Applications/Xcode.app/Contents/Developer/Platforms/MacOSX.platform/Developer/SDKs/MacOSX26.1.sdk/System/Library/Frameworks/IOKit.framework/Headers/IOCFURLAccess.h
/Applications/Xcode.app/Contents/Developer/Platforms/MacOSX.platform/Developer/SDKs/MacOSX26.1.sdk/System/Library/Frameworks/IOKit.framework/Headers/IOKitServer.h
/Applications/Xcode.app/Contents/Developer/Platforms/MacOSX.platform/Developer/SDKs/MacOSX26.1.sdk/System/Library/Frameworks/IOKit.framework/Headers/IOCFUnserialize.h
/Applications/Xcode.app/Contents/Developer/Platforms/MacOSX.platform/Developer/SDKs/MacOSX26.1.sdk/System/Library/Frameworks/IOKit.framework/Headers/IOMessage.h
/Applications/Xcode.app/Contents/Developer/Platforms/MacOSX.platform/Developer/SDKs/MacOSX26.1.sdk/System/Library/Frameworks/IOKit.framework/Headers/IORPC.h
/Applications/Xcode.app/Contents/Developer/Platforms/MacOSX.platform/Developer/SDKs/MacOSX26.1.sdk/System/Library/Frameworks/IOKit.framework/Headers/IOUserServer.h
/Applications/Xcode.app/Contents/Developer/Platforms/MacOSX.platform/Developer/SDKs/MacOSX26.1.sdk/System/Library/Frameworks/IOKit.framework/Headers/audio/IOAudioDefines.h
/Applications/Xcode.app/Contents/Developer/Platforms/MacOSX.platform/Developer/SDKs/MacOSX26.1.sdk/System/Library/Frameworks/IOKit.framework/Headers/audio/IOAudioLib.h
/Applications/Xcode.app/Contents/Developer/Platforms/MacOSX.platform/Developer/SDKs/MacOSX26.1.sdk/System/Library/Frameworks/IOKit.framework/Headers/audio/IOAudioTypes.h
/Applications/Xcode.app/Contents/Developer/Platforms/MacOSX.platform/Developer/SDKs/MacOSX26.1.sdk/System/Library/Frameworks/IOKit.framework/Headers/avc/IOFireWireAVCConsts.h
/Applications/Xcode.app/Contents/Developer/Platforms/MacOSX.platform/Developer/SDKs/MacOSX26.1.sdk/System/Library/Frameworks/IOKit.framework/Headers/avc/IOFireWireAVCLib.h
/Applications/Xcode.app/Contents/Developer/Platforms/MacOSX.platform/Developer/SDKs/MacOSX26.1.sdk/System/Library/Frameworks/IOKit.framework/Headers/firewire/IOFireWireFamilyCommon.h
/Applications/Xcode.app/Contents/Developer/Platforms/MacOSX.platform/Developer/SDKs/MacOSX26.1.sdk/System/Library/Frameworks/IOKit.framework/Headers/firewire/IOFireWireLib.h
/Applications/Xcode.app/Contents/Developer/Platforms/MacOSX.platform/Developer/SDKs/MacOSX26.1.sdk/System/Library/Frameworks/IOKit.framework/Headers/firewire/IOFireWireLibIsoch.h
/Applications/Xcode.app/Contents/Developer/Platforms/MacOSX.platform/Developer/SDKs/MacOSX26.1.sdk/System/Library/Frameworks/IOKit.framework/Headers/graphics/IOAccelClientConnect.h
/Applications/Xcode.app/Contents/Developer/Platforms/MacOSX.platform/Developer/SDKs/MacOSX26.1.sdk/System/Library/Frameworks/IOKit.framework/Headers/graphics/IOGraphicsInterface.h
/Applications/Xcode.app/Contents/Developer/Platforms/MacOSX.platform/Developer/SDKs/MacOSX26.1.sdk/System/Library/Frameworks/IOKit.framework/Headers/graphics/IOGraphicsInterfaceTypes.h
/Applications/Xcode.app/Contents/Developer/Platforms/MacOSX.platform/Developer/SDKs/MacOSX26.1.sdk/System/Library/Frameworks/IOKit.framework/Headers/graphics/IOAccelSurfaceConnect.h
/Applications/Xcode.app/Contents/Developer/Platforms/MacOSX.platform/Developer/SDKs/MacOSX26.1.sdk/System/Library/Frameworks/IOKit.framework/Headers/graphics/IOAccelTypes.h
/Applications/Xcode.app/Contents/Developer/Platforms/MacOSX.platform/Developer/SDKs/MacOSX26.1.sdk/System/Library/Frameworks/IOKit.framework/Headers/graphics/IOGraphicsLib.h
/Applications/Xcode.app/Contents/Developer/Platforms/MacOSX.platform/Developer/SDKs/MacOSX26.1.sdk/System/Library/Frameworks/IOKit.framework/Headers/graphics/IOFramebufferShared.h
/Applications/Xcode.app/Contents/Developer/Platforms/MacOSX.platform/Developer/SDKs/MacOSX26.1.sdk/System/Library/Frameworks/IOKit.framework/Headers/hidsystem/IOHIDTypes.h
/Applications/Xcode.app/Contents/Developer/Platforms/MacOSX.platform/Developer/SDKs/MacOSX26.1.sdk/System/Library/Frameworks/IOKit.framework/Headers/graphics/IOGraphicsTypes.h
/Applications/Xcode.app/Contents/Developer/Platforms/MacOSX.platform/Developer/SDKs/MacOSX26.1.sdk/System/Library/Frameworks/IOKit.framework/Headers/graphics/IOGraphicsEngine.h
/Applications/Xcode.app/Contents/Developer/Platforms/MacOSX.platform/Developer/SDKs/MacOSX26.1.sdk/System/Library/Frameworks/IOKit.framework/Headers/hid/IOHIDBase.h
/Applications/Xcode.app/Contents/Developer/Platforms/MacOSX.platform/Developer/SDKs/MacOSX26.1.sdk/System/Library/Frameworks/IOKit.framework/Headers/hid/IOHIDKeys.h
/Applications/Xcode.app/Contents/Developer/Platforms/MacOSX.platform/Developer/SDKs/MacOSX26.1.sdk/System/Library/Frameworks/IOKit.framework/Headers/hidsystem/IOHIDParameter.h
/Applications/Xcode.app/Contents/Developer/Platforms/MacOSX.platform/Developer/SDKs/MacOSX26.1.sdk/System/Library/Frameworks/IOKit.framework/Headers/hidsystem/IOLLEvent.h
/Applications/Xcode.app/Contents/Developer/Platforms/MacOSX.platform/Developer/SDKs/MacOSX26.1.sdk/System/Library/Frameworks/IOKit.framework/Headers/hid/IOHIDProperties.h
/Applications/Xcode.app/Contents/Developer/Platforms/MacOSX.platform/Developer/SDKs/MacOSX26.1.sdk/System/Library/Frameworks/IOKit.framework/Headers/hid/IOHIDEventServiceKeys.h
/Applications/Xcode.app/Contents/Developer/Platforms/MacOSX.platform/Developer/SDKs/MacOSX26.1.sdk/System/Library/Frameworks/IOKit.framework/Headers/hid/IOHIDDeviceTypes.h
/Applications/Xcode.app/Contents/Developer/Platforms/MacOSX.platform/Developer/SDKs/MacOSX26.1.sdk/System/Library/Frameworks/IOKit.framework/Headers/hid/IOHIDDeviceKeys.h
/Applications/Xcode.app/Contents/Developer/Platforms/MacOSX.platform/Developer/SDKs/MacOSX26.1.sdk/System/Library/Frameworks/IOKit.framework/Headers/hid/IOHIDQueue.h
/Applications/Xcode.app/Contents/Developer/Platforms/MacOSX.platform/Developer/SDKs/MacOSX26.1.sdk/System/Library/Frameworks/IOKit.framework/Headers/hid/IOHIDDevice.h
/Applications/Xcode.app/Contents/Developer/Platforms/MacOSX.platform/Developer/SDKs/MacOSX26.1.sdk/System/Library/Frameworks/IOKit.framework/Headers/hid/IOHIDLib.h
/Applications/Xcode.app/Contents/Developer/Platforms/MacOSX.platform/Developer/SDKs/MacOSX26.1.sdk/System/Library/Frameworks/IOKit.framework/Headers/hid/IOHIDElement.h
/Applications/Xcode.app/Contents/Developer/Platforms/MacOSX.platform/Developer/SDKs/MacOSX26.1.sdk/System/Library/Frameworks/IOKit.framework/Headers/hid/IOHIDLibObsolete.h
/Applications/Xcode.app/Contents/Developer/Platforms/MacOSX.platform/Developer/SDKs/MacOSX26.1.sdk/System/Library/Frameworks/IOKit.framework/Headers/hid/IOHIDManager.h
/Applications/Xcode.app/Contents/Developer/Platforms/MacOSX.platform/Developer/SDKs/MacOSX26.1.sdk/System/Library/Frameworks/IOKit.framework/Headers/hid/IOHIDUsageTables.h
/Applications/Xcode.app/Contents/Developer/Platforms/MacOSX.platform/Developer/SDKs/MacOSX26.1.sdk/System/Library/Frameworks/IOKit.framework/Headers/hid/IOHIDValue.h
/Applications/Xcode.app/Contents/Developer/Platforms/MacOSX.platform/Developer/SDKs/MacOSX26.1.sdk/System/Library/Frameworks/IOKit.framework/Headers/hid/IOHIDTransaction.h
/Applications/Xcode.app/Contents/Developer/Platforms/MacOSX.platform/Developer/SDKs/MacOSX26.1.sdk/System/Library/Frameworks/IOKit.framework/Headers/hid/IOHIDDevicePlugIn.h
/Applications/Xcode.app/Contents/Developer/Platforms/MacOSX.platform/Developer/SDKs/MacOSX26.1.sdk/System/Library/Frameworks/IOKit.framework/Headers/hid/IOHIDEventServiceTypes.h
/Applications/Xcode.app/Contents/Developer/Platforms/MacOSX.platform/Developer/SDKs/MacOSX26.1.sdk/System/Library/Frameworks/IOKit.framework/Headers/hidsystem/IOHIDLib.h
/Applications/Xcode.app/Contents/Developer/Platforms/MacOSX.platform/Developer/SDKs/MacOSX26.1.sdk/System/Library/Frameworks/IOKit.framework/Headers/hidsystem/IOHIDShared.h
/Applications/Xcode.app/Contents/Developer/Platforms/MacOSX.platform/Developer/SDKs/MacOSX26.1.sdk/System/Library/Frameworks/IOKit.framework/Headers/hidsystem/event_status_driver.h
/Applications/Xcode.app/Contents/Developer/Platforms/MacOSX.platform/Developer/SDKs/MacOSX26.1.sdk/System/Library/Frameworks/IOKit.framework/Headers/hidsystem/ev_keymap.h
/Applications/Xcode.app/Contents/Developer/Platforms/MacOSX.platform/Developer/SDKs/MacOSX26.1.sdk/System/Library/Frameworks/IOKit.framework/Headers/hidsystem/IOHIDEventSystemClient.h
/Applications/Xcode.app/Contents/Developer/Platforms/MacOSX.platform/Developer/SDKs/MacOSX26.1.sdk/System/Library/Frameworks/IOKit.framework/Headers/hidsystem/IOHIDServiceClient.h
/Applications/Xcode.app/Contents/Developer/Platforms/MacOSX.platform/Developer/SDKs/MacOSX26.1.sdk/System/Library/Frameworks/IOKit.framework/Headers/hidsystem/IOHIDUserDevice.h
/Applications/Xcode.app/Contents/Developer/Platforms/MacOSX.platform/Developer/SDKs/MacOSX26.1.sdk/System/Library/Frameworks/IOKit.framework/Headers/i2c/IOI2CInterface.h
/Applications/Xcode.app/Contents/Developer/Platforms/MacOSX.platform/Developer/SDKs/MacOSX26.1.sdk/System/Library/Frameworks/IOKit.framework/Headers/kext/KextManager.h
/Applications/Xcode.app/Contents/Developer/Platforms/MacOSX.platform/Developer/SDKs/MacOSX26.1.sdk/System/Library/Frameworks/IOKit.framework/Headers/network/IOEthernetController.h
/Applications/Xcode.app/Contents/Developer/Platforms/MacOSX.platform/Developer/SDKs/MacOSX26.1.sdk/System/Library/Frameworks/IOKit.framework/Headers/network/IONetworkController.h
/Applications/Xcode.app/Contents/Developer/Platforms/MacOSX.platform/Developer/SDKs/MacOSX26.1.sdk/System/Library/Frameworks/IOKit.framework/Headers/network/IONetworkData.h
/Applications/Xcode.app/Contents/Developer/Platforms/MacOSX.platform/Developer/SDKs/MacOSX26.1.sdk/System/Library/Frameworks/IOKit.framework/Headers/network/IONetworkStack.h
/Applications/Xcode.app/Contents/Developer/Platforms/MacOSX.platform/Developer/SDKs/MacOSX26.1.sdk/System/Library/Frameworks/IOKit.framework/Headers/network/IOEthernetInterface.h
/Applications/Xcode.app/Contents/Developer/Platforms/MacOSX.platform/Developer/SDKs/MacOSX26.1.sdk/System/Library/Frameworks/IOKit.framework/Headers/network/IONetworkInterface.h
/Applications/Xcode.app/Contents/Developer/Platforms/MacOSX.platform/Developer/SDKs/MacOSX26.1.sdk/System/Library/Frameworks/IOKit.framework/Headers/network/IONetworkStats.h
/Applications/Xcode.app/Contents/Developer/Platforms/MacOSX.platform/Developer/SDKs/MacOSX26.1.sdk/System/Library/Frameworks/IOKit.framework/Headers/network/IOEthernetStats.h
/Applications/Xcode.app/Contents/Developer/Platforms/MacOSX.platform/Developer/SDKs/MacOSX26.1.sdk/System/Library/Frameworks/IOKit.framework/Headers/network/IONetworkLib.h
/Applications/Xcode.app/Contents/Developer/Platforms/MacOSX.platform/Developer/SDKs/MacOSX26.1.sdk/System/Library/Frameworks/IOKit.framework/Headers/network/IONetworkMedium.h
/Applications/Xcode.app/Contents/Developer/Platforms/MacOSX.platform/Developer/SDKs/MacOSX26.1.sdk/System/Library/Frameworks/IOKit.framework/Headers/network/IONetworkUserClient.h
/Applications/Xcode.app/Contents/Developer/Platforms/MacOSX.platform/Developer/SDKs/MacOSX26.1.sdk/System/Library/Frameworks/IOKit.framework/Headers/ps/IOPSKeys.h
/Applications/Xcode.app/Contents/Developer/Platforms/MacOSX.platform/Developer/SDKs/MacOSX26.1.sdk/System/Library/Frameworks/IOKit.framework/Headers/ps/IOPowerSources.h
/Applications/Xcode.app/Contents/Developer/Platforms/MacOSX.platform/Developer/SDKs/MacOSX26.1.sdk/System/Library/Frameworks/IOKit.framework/Headers/ps/IOUPSPlugIn.h
/Applications/Xcode.app/Contents/Developer/Platforms/MacOSX.platform/Developer/SDKs/MacOSX26.1.sdk/System/Library/Frameworks/IOKit.framework/Headers/pwr_mgt/IOPM.h
/Applications/Xcode.app/Contents/Developer/Platforms/MacOSX.platform/Developer/SDKs/MacOSX26.1.sdk/System/Library/Frameworks/IOKit.framework/Headers/pwr_mgt/IOPMKeys.h
/Applications/Xcode.app/Contents/Developer/Platforms/MacOSX.platform/Developer/SDKs/MacOSX26.1.sdk/System/Library/Frameworks/IOKit.framework/Headers/pwr_mgt/IOPMLib.h
/Applications/Xcode.app/Contents/Developer/Platforms/MacOSX.platform/Developer/SDKs/MacOSX26.1.sdk/System/Library/Frameworks/IOKit.framework/Headers/pwr_mgt/IOPMLibDefs.h
/Applications/Xcode.app/Contents/Developer/Platforms/MacOSX.platform/Developer/SDKs/MacOSX26.1.sdk/System/Library/Frameworks/IOKit.framework/Headers/sbp2/IOFireWireSBP2Lib.h
/Applications/Xcode.app/Contents/Developer/Platforms/MacOSX.platform/Developer/SDKs/MacOSX26.1.sdk/System/Library/Frameworks/IOKit.framework/Headers/scsi/IOSCSIMultimediaCommandsDevice.h
/Applications/Xcode.app/Contents/Developer/Platforms/MacOSX.platform/Developer/SDKs/MacOSX26.1.sdk/System/Library/Frameworks/IOKit.framework/Headers/storage/IOStorageDeviceCharacteristics.h
/Applications/Xcode.app/Contents/Developer/Platforms/MacOSX.platform/Developer/SDKs/MacOSX26.1.sdk/System/Library/Frameworks/IOKit.framework/Headers/storage/IOStorageProtocolCharacteristics.h
/Applications/Xcode.app/Contents/Developer/Platforms/MacOSX.platform/Developer/SDKs/MacOSX26.1.sdk/System/Library/Frameworks/IOKit.framework/Headers/storage/IOStorageControllerCharacteristics.h
/Applications/Xcode.app/Contents/Developer/Platforms/MacOSX.platform/Developer/SDKs/MacOSX26.1.sdk/System/Library/Frameworks/IOKit.framework/Headers/scsi/SCSICmds_REQUEST_SENSE_Defs.h
/Applications/Xcode.app/Contents/Developer/Platforms/MacOSX.platform/Developer/SDKs/MacOSX26.1.sdk/System/Library/Frameworks/IOKit.framework/Headers/scsi/SCSICmds_INQUIRY_Definitions.h
/Applications/Xcode.app/Contents/Developer/Platforms/MacOSX.platform/Developer/SDKs/MacOSX26.1.sdk/System/Library/Frameworks/IOKit.framework/Headers/scsi/SCSICommandDefinitions.h
/Applications/Xcode.app/Contents/Developer/Platforms/MacOSX.platform/Developer/SDKs/MacOSX26.1.sdk/System/Library/Frameworks/IOKit.framework/Headers/scsi/SCSICmds_MODE_Definitions.h
/Applications/Xcode.app/Contents/Developer/Platforms/MacOSX.platform/Developer/SDKs/MacOSX26.1.sdk/System/Library/Frameworks/IOKit.framework/Headers/scsi/SCSICommandOperationCodes.h
/Applications/Xcode.app/Contents/Developer/Platforms/MacOSX.platform/Developer/SDKs/MacOSX26.1.sdk/System/Library/Frameworks/IOKit.framework/Headers/scsi/SCSICmds_READ_CAPACITY_Definitions.h
/Applications/Xcode.app/Contents/Developer/Platforms/MacOSX.platform/Developer/SDKs/MacOSX26.1.sdk/System/Library/Frameworks/IOKit.framework/Headers/scsi/SCSITask.h
/Applications/Xcode.app/Contents/Developer/Platforms/MacOSX.platform/Developer/SDKs/MacOSX26.1.sdk/System/Library/Frameworks/IOKit.framework/Headers/scsi/SCSICmds_REPORT_LUNS_Definitions.h
/Applications/Xcode.app/Contents/Developer/Platforms/MacOSX.platform/Developer/SDKs/MacOSX26.1.sdk/System/Library/Frameworks/IOKit.framework/Headers/scsi/SCSITaskLib.h
/Applications/Xcode.app/Contents/Developer/Platforms/MacOSX.platform/Developer/SDKs/MacOSX26.1.sdk/System/Library/Frameworks/IOKit.framework/Headers/serial/IOSerialKeys.h
/Applications/Xcode.app/Contents/Developer/Platforms/MacOSX.platform/Developer/SDKs/MacOSX26.1.sdk/System/Library/Frameworks/IOKit.framework/Headers/serial/ioss.h
/Applications/Xcode.app/Contents/Developer/Platforms/MacOSX.platform/Developer/SDKs/MacOSX26.1.sdk/System/Library/Frameworks/IOKit.framework/Headers/storage/IOAppleLabelScheme.h
/Applications/Xcode.app/Contents/Developer/Platforms/MacOSX.platform/Developer/SDKs/MacOSX26.1.sdk/System/Library/Frameworks/IOKit.framework/Headers/storage/IODVDMediaBSDClient.h
/Applications/Xcode.app/Contents/Developer/Platforms/MacOSX.platform/Developer/SDKs/MacOSX26.1.sdk/System/Library/Frameworks/IOKit.framework/Headers/storage/IODVDTypes.h
/Applications/Xcode.app/Contents/Developer/Platforms/MacOSX.platform/Developer/SDKs/MacOSX26.1.sdk/System/Library/Frameworks/IOKit.framework/Headers/storage/IOApplePartitionScheme.h
/Applications/Xcode.app/Contents/Developer/Platforms/MacOSX.platform/Developer/SDKs/MacOSX26.1.sdk/System/Library/Frameworks/IOKit.framework/Headers/storage/IOBDBlockStorageDevice.h
/Applications/Xcode.app/Contents/Developer/Platforms/MacOSX.platform/Developer/SDKs/MacOSX26.1.sdk/System/Library/Frameworks/IOKit.framework/Headers/storage/IOBDTypes.h
/Applications/Xcode.app/Contents/Developer/Platforms/MacOSX.platform/Developer/SDKs/MacOSX26.1.sdk/System/Library/Frameworks/IOKit.framework/Headers/storage/IOFDiskPartitionScheme.h
/Applications/Xcode.app/Contents/Developer/Platforms/MacOSX.platform/Developer/SDKs/MacOSX26.1.sdk/System/Library/Frameworks/IOKit.framework/Headers/storage/IOBDMedia.h
/Applications/Xcode.app/Contents/Developer/Platforms/MacOSX.platform/Developer/SDKs/MacOSX26.1.sdk/System/Library/Frameworks/IOKit.framework/Headers/storage/IOFilterScheme.h
/Applications/Xcode.app/Contents/Developer/Platforms/MacOSX.platform/Developer/SDKs/MacOSX26.1.sdk/System/Library/Frameworks/IOKit.framework/Headers/storage/IOBDMediaBSDClient.h
/Applications/Xcode.app/Contents/Developer/Platforms/MacOSX.platform/Developer/SDKs/MacOSX26.1.sdk/System/Library/Frameworks/IOKit.framework/Headers/storage/IOFireWireStorageCharacteristics.h
/Applications/Xcode.app/Contents/Developer/Platforms/MacOSX.platform/Developer/SDKs/MacOSX26.1.sdk/System/Library/Frameworks/IOKit.framework/Headers/storage/IOGUIDPartitionScheme.h
/Applications/Xcode.app/Contents/Developer/Platforms/MacOSX.platform/Developer/SDKs/MacOSX26.1.sdk/System/Library/Frameworks/IOKit.framework/Headers/storage/IOBlockStorageDevice.h
/Applications/Xcode.app/Contents/Developer/Platforms/MacOSX.platform/Developer/SDKs/MacOSX26.1.sdk/System/Library/Frameworks/IOKit.framework/Headers/storage/IOMedia.h
/Applications/Xcode.app/Contents/Developer/Platforms/MacOSX.platform/Developer/SDKs/MacOSX26.1.sdk/System/Library/Frameworks/IOKit.framework/Headers/storage/IOBlockStorageDriver.h
/Applications/Xcode.app/Contents/Developer/Platforms/MacOSX.platform/Developer/SDKs/MacOSX26.1.sdk/System/Library/Frameworks/IOKit.framework/Headers/storage/IOMediaBSDClient.h
/Applications/Xcode.app/Contents/Developer/Platforms/MacOSX.platform/Developer/SDKs/MacOSX26.1.sdk/System/Library/Frameworks/IOKit.framework/Headers/storage/IOCDBlockStorageDevice.h
/Applications/Xcode.app/Contents/Developer/Platforms/MacOSX.platform/Developer/SDKs/MacOSX26.1.sdk/System/Library/Frameworks/IOKit.framework/Headers/storage/IOCDTypes.h
/Applications/Xcode.app/Contents/Developer/Platforms/MacOSX.platform/Developer/SDKs/MacOSX26.1.sdk/System/Library/Frameworks/IOKit.framework/Headers/storage/IOPartitionScheme.h
/Applications/Xcode.app/Contents/Developer/Platforms/MacOSX.platform/Developer/SDKs/MacOSX26.1.sdk/System/Library/Frameworks/IOKit.framework/Headers/storage/IOCDMedia.h
/Applications/Xcode.app/Contents/Developer/Platforms/MacOSX.platform/Developer/SDKs/MacOSX26.1.sdk/System/Library/Frameworks/IOKit.framework/Headers/storage/IOStorage.h
/Applications/Xcode.app/Contents/Developer/Platforms/MacOSX.platform/Developer/SDKs/MacOSX26.1.sdk/System/Library/Frameworks/IOKit.framework/Headers/storage/IOCDMediaBSDClient.h
/Applications/Xcode.app/Contents/Developer/Platforms/MacOSX.platform/Developer/SDKs/MacOSX26.1.sdk/System/Library/Frameworks/IOKit.framework/Headers/storage/IOStorageCardCharacteristics.h
/Applications/Xcode.app/Contents/Developer/Platforms/MacOSX.platform/Developer/SDKs/MacOSX26.1.sdk/System/Library/Frameworks/IOKit.framework/Headers/storage/IOCDPartitionScheme.h
/Applications/Xcode.app/Contents/Developer/Platforms/MacOSX.platform/Developer/SDKs/MacOSX26.1.sdk/System/Library/Frameworks/IOKit.framework/Headers/storage/IODVDBlockStorageDevice.h
/Applications/Xcode.app/Contents/Developer/Platforms/MacOSX.platform/Developer/SDKs/MacOSX26.1.sdk/System/Library/Frameworks/IOKit.framework/Headers/storage/IODVDMedia.h
/Applications/Xcode.app/Contents/Developer/Platforms/MacOSX.platform/Developer/SDKs/MacOSX26.1.sdk/System/Library/Frameworks/IOKit.framework/Headers/storage/ata/ATASMARTLib.h
/Applications/Xcode.app/Contents/Developer/Platforms/MacOSX.platform/Developer/SDKs/MacOSX26.1.sdk/System/Library/Frameworks/IOKit.framework/Headers/storage/ata/IOATAStorageDefines.h
/Applications/Xcode.app/Contents/Developer/Platforms/MacOSX.platform/Developer/SDKs/MacOSX26.1.sdk/System/Library/Frameworks/IOKit.framework/Headers/stream/IOStreamLib.h
/Applications/Xcode.app/Contents/Developer/Platforms/MacOSX.platform/Developer/SDKs/MacOSX26.1.sdk/System/Library/Frameworks/IOKit.framework/Headers/stream/IOStreamShared.h
/Applications/Xcode.app/Contents/Developer/Platforms/MacOSX.platform/Developer/SDKs/MacOSX26.1.sdk/System/Library/Frameworks/IOKit.framework/Headers/usb/AppleUSBDefinitions.h
/Applications/Xcode.app/Contents/Developer/Platforms/MacOSX.platform/Developer/SDKs/MacOSX26.1.sdk/System/Library/Frameworks/IOKit.framework/Headers/usb/IOUSBHostFamilyDefinitions.h
/Applications/Xcode.app/Contents/Developer/Platforms/MacOSX.platform/Developer/SDKs/MacOSX26.1.sdk/System/Library/Frameworks/IOKit.framework/Headers/usb/IOUSBLib.h
/Applications/Xcode.app/Contents/Developer/Platforms/MacOSX.platform/Developer/SDKs/MacOSX26.1.sdk/System/Library/Frameworks/IOKit.framework/Headers/usb/USB.h
/Applications/Xcode.app/Contents/Developer/Platforms/MacOSX.platform/Developer/SDKs/MacOSX26.1.sdk/System/Library/Frameworks/IOKit.framework/Headers/usb/USBSpec.h
/Applications/Xcode.app/Contents/Developer/Platforms/MacOSX.platform/Developer/SDKs/MacOSX26.1.sdk/SDKSettings.json
/Applications/Xcode.app/Contents/Developer/Platforms/MacOSX.platform/Developer/SDKs/MacOSX26.1.sdk/System/Library/Frameworks/IOSurface.framework/Modules/module.modulemap
/Applications/Xcode.app/Contents/Developer/Platforms/MacOSX.platform/Developer/SDKs/MacOSX26.1.sdk/System/Library/Frameworks/IOSurface.framework/Headers/IOSurface.h
/Applications/Xcode.app/Contents/Developer/Platforms/MacOSX.platform/Developer/SDKs/MacOSX26.1.sdk/System/Library/Frameworks/IOSurface.framework/Headers/IOSurfaceBase.h
/Applications/Xcode.app/Contents/Developer/Platforms/MacOSX.platform/Developer/SDKs/MacOSX26.1.sdk/usr/include/xpc.modulemap
/Applications/Xcode.app/Contents/Developer/Platforms/MacOSX.platform/Developer/SDKs/MacOSX26.1.sdk/usr/include/Darwin.modulemap
/Applications/Xcode.app/Contents/Developer/Platforms/MacOSX.platform/Developer/SDKs/MacOSX26.1.sdk/usr/include/Darwin_C.modulemap
/Applications/Xcode.app/Contents/Developer/Platforms/MacOSX.platform/Developer/SDKs/MacOSX26.1.sdk/usr/include/Darwin_POSIX.modulemap
/Applications/Xcode.app/Contents/Developer/Platforms/MacOSX.platform/Developer/SDKs/MacOSX26.1.sdk/usr/include/net.modulemap
/Applications/Xcode.app/Contents/Developer/Platforms/MacOSX.platform/Developer/SDKs/MacOSX26.1.sdk/usr/include/netinet.modulemap
/Applications/Xcode.app/Contents/Developer/Platforms/MacOSX.platform/Developer/SDKs/MacOSX26.1.sdk/usr/include/bank.modulemap
/Applications/Xcode.app/Contents/Developer/Platforms/MacOSX.platform/Developer/SDKs/MacOSX26.1.sdk/usr/include/Darwin_Mach.modulemap
/Applications/Xcode.app/Contents/Developer/Platforms/MacOSX.platform/Developer/SDKs/MacOSX26.1.sdk/usr/include/Darwin_Mach_machine.modulemap
/Applications/Xcode.app/Contents/Developer/Platforms/MacOSX.platform/Developer/SDKs/MacOSX26.1.sdk/usr/include/mach_debug.modulemap
/Applications/Xcode.app/Contents/Developer/Platforms/MacOSX.platform/Developer/SDKs/MacOSX26.1.sdk/usr/include/device.modulemap
/Applications/Xcode.app/Contents/Developer/Platforms/MacOSX.platform/Developer/SDKs/MacOSX26.1.sdk/usr/include/Darwin_machine.modulemap
/Applications/Xcode.app/Contents/Developer/Platforms/MacOSX.platform/Developer/SDKs/MacOSX26.1.sdk/usr/include/ncurses.modulemap
/Applications/Xcode.app/Contents/Developer/Platforms/MacOSX.platform/Developer/SDKs/MacOSX26.1.sdk/usr/include/netinet6.modulemap
/Applications/Xcode.app/Contents/Developer/Platforms/MacOSX.platform/Developer/SDKs/MacOSX26.1.sdk/usr/include/Darwin_sys.modulemap
/Applications/Xcode.app/Contents/Developer/Platforms/MacOSX.platform/Developer/SDKs/MacOSX26.1.sdk/usr/include/uuid.modulemap
/Applications/Xcode.app/Contents/Developer/Platforms/MacOSX.platform/Developer/SDKs/MacOSX26.1.sdk/usr/include/DarwinFoundation1.modulemap
/Applications/Xcode.app/Contents/Developer/Platforms/MacOSX.platform/Developer/SDKs/MacOSX26.1.sdk/System/Library/Frameworks/CoreFoundation.framework/Modules/module.modulemap
/Applications/Xcode.app/Contents/Developer/Platforms/MacOSX.platform/Developer/SDKs/MacOSX26.1.sdk/System/Library/Frameworks/IOSurface.framework/Headers/IOSurfaceAPI.h
/Applications/Xcode.app/Contents/Developer/Platforms/MacOSX.platform/Developer/SDKs/MacOSX26.1.sdk/System/Library/Frameworks/IOKit.framework/Modules/module.modulemap
/Applications/Xcode.app/Contents/Developer/Platforms/MacOSX.platform/Developer/SDKs/MacOSX26.1.sdk/System/Library/Frameworks/IOSurface.framework/Headers/IOSurfaceTypes.h
/Applications/Xcode.app/Contents/Developer/Platforms/MacOSX.platform/Developer/SDKs/MacOSX26.1.sdk/System/Library/Frameworks/IOSurface.framework/Headers/IOSurfaceRef.h
/Applications/Xcode.app/Contents/Developer/Platforms/MacOSX.platform/Developer/SDKs/MacOSX26.1.sdk/System/Library/Frameworks/IOSurface.framework/Headers/IOSurfaceObjC.h
/Applications/Xcode.app/Contents/Developer/Platforms/MacOSX.platform/Developer/SDKs/MacOSX26.1.sdk/System/Library/Frameworks/Foundation.framework/Modules/module.modulemap
/Applications/Xcode.app/Contents/Developer/Platforms/MacOSX.platform/Developer/SDKs/MacOSX26.1.sdk/SDKSettings.json
/Applications/Xcode.app/Contents/Developer/Platforms/MacOSX.platform/Developer/SDKs/MacOSX26.1.sdk/System/Library/Frameworks/ImageIO.framework/Modules/module.modulemap
/Applications/Xcode.app/Contents/Developer/Platforms/MacOSX.platform/Developer/SDKs/MacOSX26.1.sdk/System/Library/Frameworks/ImageIO.framework/Headers/ImageIO.h
/Applications/Xcode.app/Contents/Developer/Platforms/MacOSX.platform/Developer/SDKs/MacOSX26.1.sdk/System/Library/Frameworks/ImageIO.framework/Headers/ImageIOBase.h
/Applications/Xcode.app/Contents/Developer/Toolchains/XcodeDefault.xctoolchain/usr/lib/swift/clang/include/module.modulemap
/Applications/Xcode.app/Contents/Developer/Toolchains/XcodeDefault.xctoolchain/usr/lib/swift/clang/include/stddef.h
/Applications/Xcode.app/Contents/Developer/Platforms/MacOSX.platform/Developer/SDKs/MacOSX26.1.sdk/usr/include/DarwinFoundation1.modulemap
/Applications/Xcode.app/Contents/Developer/Platforms/MacOSX.platform/Developer/SDKs/MacOSX26.1.sdk/System/Library/Frameworks/CoreFoundation.framework/Modules/module.modulemap
/Applications/Xcode.app/Contents/Developer/Platforms/MacOSX.platform/Developer/SDKs/MacOSX26.1.sdk/System/Library/Frameworks/ImageIO.framework/Headers/CGImageSource.h
/Applications/Xcode.app/Contents/Developer/Platforms/MacOSX.platform/Developer/SDKs/MacOSX26.1.sdk/System/Library/Frameworks/CoreGraphics.framework/Modules/module.modulemap
/Applications/Xcode.app/Contents/Developer/Platforms/MacOSX.platform/Developer/SDKs/MacOSX26.1.sdk/System/Library/Frameworks/ImageIO.framework/Headers/CGImageMetadata.h
/Applications/Xcode.app/Contents/Developer/Platforms/MacOSX.platform/Developer/SDKs/MacOSX26.1.sdk/System/Library/Frameworks/ImageIO.framework/Headers/CGImageDestination.h
/Applications/Xcode.app/Contents/Developer/Platforms/MacOSX.platform/Developer/SDKs/MacOSX26.1.sdk/System/Library/Frameworks/ImageIO.framework/Headers/CGImageProperties.h
/Applications/Xcode.app/Contents/Developer/Platforms/MacOSX.platform/Developer/SDKs/MacOSX26.1.sdk/System/Library/Frameworks/ImageIO.framework/Headers/CGImageAnimation.h
/Applications/Xcode.app/Contents/Developer/Platforms/MacOSX.platform/Developer/SDKs/MacOSX26.1.sdk/SDKSettings.json
/Applications/Xcode.app/Contents/Developer/Platforms/MacOSX.platform/Developer/SDKs/MacOSX26.1.sdk/usr/include/DarwinBasic.modulemap
/Applications/Xcode.app/Contents/Developer/Platforms/MacOSX.platform/Developer/SDKs/MacOSX26.1.sdk/usr/include/Darwin.modulemap
/Applications/Xcode.app/Contents/Developer/Platforms/MacOSX.platform/Developer/SDKs/MacOSX26.1.sdk/usr/include/Darwin_C.modulemap
/Applications/Xcode.app/Contents/Developer/Platforms/MacOSX.platform/Developer/SDKs/MacOSX26.1.sdk/usr/include/Darwin_POSIX.modulemap
/Applications/Xcode.app/Contents/Developer/Platforms/MacOSX.platform/Developer/SDKs/MacOSX26.1.sdk/usr/include/net.modulemap
/Applications/Xcode.app/Contents/Developer/Platforms/MacOSX.platform/Developer/SDKs/MacOSX26.1.sdk/usr/include/netinet.modulemap
/Applications/Xcode.app/Contents/Developer/Platforms/MacOSX.platform/Developer/SDKs/MacOSX26.1.sdk/usr/include/bank.modulemap
/Applications/Xcode.app/Contents/Developer/Platforms/MacOSX.platform/Developer/SDKs/MacOSX26.1.sdk/usr/include/Darwin_Mach.modulemap
/Applications/Xcode.app/Contents/Developer/Platforms/MacOSX.platform/Developer/SDKs/MacOSX26.1.sdk/usr/include/Darwin_Mach_machine.modulemap
/Applications/Xcode.app/Contents/Developer/Platforms/MacOSX.platform/Developer/SDKs/MacOSX26.1.sdk/usr/include/mach_debug.modulemap
/Applications/Xcode.app/Contents/Developer/Platforms/MacOSX.platform/Developer/SDKs/MacOSX26.1.sdk/usr/include/device.modulemap
/Applications/Xcode.app/Contents/Developer/Platforms/MacOSX.platform/Developer/SDKs/MacOSX26.1.sdk/usr/include/Darwin_machine.modulemap
/Applications/Xcode.app/Contents/Developer/Platforms/MacOSX.platform/Developer/SDKs/MacOSX26.1.sdk/usr/include/ncurses.modulemap
/Applications/Xcode.app/Contents/Developer/Platforms/MacOSX.platform/Developer/SDKs/MacOSX26.1.sdk/usr/include/netinet6.modulemap
/Applications/Xcode.app/Contents/Developer/Platforms/MacOSX.platform/Developer/SDKs/MacOSX26.1.sdk/usr/include/Darwin_sys.modulemap
/Applications/Xcode.app/Contents/Developer/Platforms/MacOSX.platform/Developer/SDKs/MacOSX26.1.sdk/usr/include/uuid.modulemap
/Applications/Xcode.app/Contents/Developer/Platforms/MacOSX.platform/Developer/SDKs/MacOSX26.1.sdk/usr/include/DarwinFoundation2.modulemap
/Applications/Xcode.app/Contents/Developer/Platforms/MacOSX.platform/Developer/SDKs/MacOSX26.1.sdk/usr/include/DarwinFoundation3.modulemap
/Applications/Xcode.app/Contents/Developer/Platforms/MacOSX.platform/Developer/SDKs/MacOSX26.1.sdk/usr/include/DarwinFoundation1.modulemap
/Applications/Xcode.app/Contents/Developer/Platforms/MacOSX.platform/Developer/SDKs/MacOSX26.1.sdk/usr/include/mach-o/arch.h
/Applications/Xcode.app/Contents/Developer/Toolchains/XcodeDefault.xctoolchain/usr/lib/swift/clang/include/module.modulemap
/Applications/Xcode.app/Contents/Developer/Platforms/MacOSX.platform/Developer/SDKs/MacOSX26.1.sdk/usr/include/mach-o/arm/reloc.h
/Applications/Xcode.app/Contents/Developer/Platforms/MacOSX.platform/Developer/SDKs/MacOSX26.1.sdk/usr/include/mach-o/arm64/reloc.h
/Applications/Xcode.app/Contents/Developer/Platforms/MacOSX.platform/Developer/SDKs/MacOSX26.1.sdk/usr/include/mach-o/compact_unwind_encoding.h
/Applications/Xcode.app/Contents/Developer/Platforms/MacOSX.platform/Developer/SDKs/MacOSX26.1.sdk/usr/include/mach-o/dyld.h
/Applications/Xcode.app/Contents/Developer/Toolchains/XcodeDefault.xctoolchain/usr/lib/swift/clang/include/stddef.h
/Applications/Xcode.app/Contents/Developer/Platforms/MacOSX.platform/Developer/SDKs/MacOSX26.1.sdk/usr/include/mach-o/loader.h
/Applications/Xcode.app/Contents/Developer/Platforms/MacOSX.platform/Developer/SDKs/MacOSX26.1.sdk/usr/include/mach-o/dyld_images.h
/Applications/Xcode.app/Contents/Developer/Platforms/MacOSX.platform/Developer/SDKs/MacOSX26.1.sdk/usr/include/mach-o/fat.h
/Applications/Xcode.app/Contents/Developer/Platforms/MacOSX.platform/Developer/SDKs/MacOSX26.1.sdk/usr/include/mach-o/fixup-chains.h
/Applications/Xcode.app/Contents/Developer/Platforms/MacOSX.platform/Developer/SDKs/MacOSX26.1.sdk/usr/include/mach-o/getsect.h
/Applications/Xcode.app/Contents/Developer/Platforms/MacOSX.platform/Developer/SDKs/MacOSX26.1.sdk/usr/include/mach-o/ldsyms.h
/Applications/Xcode.app/Contents/Developer/Platforms/MacOSX.platform/Developer/SDKs/MacOSX26.1.sdk/usr/include/mach-o/nlist.h
/Applications/Xcode.app/Contents/Developer/Platforms/MacOSX.platform/Developer/SDKs/MacOSX26.1.sdk/usr/include/mach-o/ranlib.h
/Applications/Xcode.app/Contents/Developer/Platforms/MacOSX.platform/Developer/SDKs/MacOSX26.1.sdk/usr/include/mach-o/reloc.h
/Applications/Xcode.app/Contents/Developer/Platforms/MacOSX.platform/Developer/SDKs/MacOSX26.1.sdk/usr/include/mach-o/stab.h
/Applications/Xcode.app/Contents/Developer/Platforms/MacOSX.platform/Developer/SDKs/MacOSX26.1.sdk/usr/include/mach-o/swap.h
/Applications/Xcode.app/Contents/Developer/Platforms/MacOSX.platform/Developer/SDKs/MacOSX26.1.sdk/usr/include/mach-o/utils.h
/Applications/Xcode.app/Contents/Developer/Platforms/MacOSX.platform/Developer/SDKs/MacOSX26.1.sdk/usr/include/mach-o/x86_64/reloc.h
/Applications/Xcode.app/Contents/Developer/Platforms/MacOSX.platform/Developer/SDKs/MacOSX26.1.sdk/SDKSettings.json
/Applications/Xcode.app/Contents/Developer/Toolchains/XcodeDefault.xctoolchain/usr/lib/swift/macosx/prebuilt-modules/26.1/Metal.swiftmodule/arm64e-apple-macos.swiftmodule
/Applications/Xcode.app/Contents/Developer/Platforms/MacOSX.platform/Developer/SDKs/MacOSX26.1.sdk/System/Library/Frameworks/Metal.framework/Headers/Metal.apinotes
/Applications/Xcode.app/Contents/Developer/Platforms/MacOSX.platform/Developer/SDKs/MacOSX26.1.sdk/System/Library/Frameworks/Metal.framework/Modules/module.modulemap
/Applications/Xcode.app/Contents/Developer/Platforms/MacOSX.platform/Developer/SDKs/MacOSX26.1.sdk/System/Library/Frameworks/Metal.framework/Headers/Metal.h
/Applications/Xcode.app/Contents/Developer/Platforms/MacOSX.platform/Developer/SDKs/MacOSX26.1.sdk/System/Library/Frameworks/Metal.framework/Headers/MTLDefines.h
/Applications/Xcode.app/Contents/Developer/Platforms/MacOSX.platform/Developer/SDKs/MacOSX26.1.sdk/usr/include/Darwin.modulemap
/Applications/Xcode.app/Contents/Developer/Platforms/MacOSX.platform/Developer/SDKs/MacOSX26.1.sdk/usr/include/Darwin_C.modulemap
/Applications/Xcode.app/Contents/Developer/Platforms/MacOSX.platform/Developer/SDKs/MacOSX26.1.sdk/usr/include/Darwin_POSIX.modulemap
/Applications/Xcode.app/Contents/Developer/Platforms/MacOSX.platform/Developer/SDKs/MacOSX26.1.sdk/usr/include/net.modulemap
/Applications/Xcode.app/Contents/Developer/Platforms/MacOSX.platform/Developer/SDKs/MacOSX26.1.sdk/usr/include/netinet.modulemap
/Applications/Xcode.app/Contents/Developer/Platforms/MacOSX.platform/Developer/SDKs/MacOSX26.1.sdk/usr/include/bank.modulemap
/Applications/Xcode.app/Contents/Developer/Platforms/MacOSX.platform/Developer/SDKs/MacOSX26.1.sdk/usr/include/Darwin_Mach.modulemap
/Applications/Xcode.app/Contents/Developer/Platforms/MacOSX.platform/Developer/SDKs/MacOSX26.1.sdk/usr/include/Darwin_Mach_machine.modulemap
/Applications/Xcode.app/Contents/Developer/Platforms/MacOSX.platform/Developer/SDKs/MacOSX26.1.sdk/usr/include/mach_debug.modulemap
/Applications/Xcode.app/Contents/Developer/Platforms/MacOSX.platform/Developer/SDKs/MacOSX26.1.sdk/usr/include/device.modulemap
/Applications/Xcode.app/Contents/Developer/Platforms/MacOSX.platform/Developer/SDKs/MacOSX26.1.sdk/usr/include/Darwin_machine.modulemap
/Applications/Xcode.app/Contents/Developer/Platforms/MacOSX.platform/Developer/SDKs/MacOSX26.1.sdk/usr/include/ncurses.modulemap
/Applications/Xcode.app/Contents/Developer/Platforms/MacOSX.platform/Developer/SDKs/MacOSX26.1.sdk/usr/include/netinet6.modulemap
/Applications/Xcode.app/Contents/Developer/Platforms/MacOSX.platform/Developer/SDKs/MacOSX26.1.sdk/usr/include/Darwin_sys.modulemap
/Applications/Xcode.app/Contents/Developer/Platforms/MacOSX.platform/Developer/SDKs/MacOSX26.1.sdk/usr/include/uuid.modulemap
/Applications/Xcode.app/Contents/Developer/Platforms/MacOSX.platform/Developer/SDKs/MacOSX26.1.sdk/usr/include/DarwinFoundation1.modulemap
/Applications/Xcode.app/Contents/Developer/Platforms/MacOSX.platform/Developer/SDKs/MacOSX26.1.sdk/System/Library/Frameworks/Metal.framework/Headers/MTLTypes.h
/Applications/Xcode.app/Contents/Developer/Platforms/MacOSX.platform/Developer/SDKs/MacOSX26.1.sdk/System/Library/Frameworks/Foundation.framework/Modules/module.modulemap
/Applications/Xcode.app/Contents/Developer/Platforms/MacOSX.platform/Developer/SDKs/MacOSX26.1.sdk/System/Library/Frameworks/Metal.framework/Headers/MTLBlitCommandEncoder.h
/Applications/Xcode.app/Contents/Developer/Platforms/MacOSX.platform/Developer/SDKs/MacOSX26.1.sdk/System/Library/Frameworks/Metal.framework/Headers/MTLCommandEncoder.h
/Applications/Xcode.app/Contents/Developer/Platforms/MacOSX.platform/Developer/SDKs/MacOSX26.1.sdk/System/Library/Frameworks/Metal.framework/Headers/MTLResourceStateCommandEncoder.h
/Applications/Xcode.app/Contents/Developer/Platforms/MacOSX.platform/Developer/SDKs/MacOSX26.1.sdk/System/Library/Frameworks/Metal.framework/Headers/MTLTexture.h
/Applications/Xcode.app/Contents/Developer/Platforms/MacOSX.platform/Developer/SDKs/MacOSX26.1.sdk/System/Library/Frameworks/Metal.framework/Headers/MTLResource.h
/Applications/Xcode.app/Contents/Developer/Platforms/MacOSX.platform/Developer/SDKs/MacOSX26.1.sdk/System/Library/Frameworks/Metal.framework/Headers/MTLAllocation.h
/Applications/Xcode.app/Contents/Developer/Platforms/MacOSX.platform/Developer/SDKs/MacOSX26.1.sdk/System/Library/Frameworks/Metal.framework/Headers/MTLBuffer.h
/Applications/Xcode.app/Contents/Developer/Platforms/MacOSX.platform/Developer/SDKs/MacOSX26.1.sdk/System/Library/Frameworks/Metal.framework/Headers/MTLPixelFormat.h
/Applications/Xcode.app/Contents/Developer/Platforms/MacOSX.platform/Developer/SDKs/MacOSX26.1.sdk/System/Library/Frameworks/Metal.framework/Headers/MTLTensor.h
/Applications/Xcode.app/Contents/Developer/Platforms/MacOSX.platform/Developer/SDKs/MacOSX26.1.sdk/System/Library/Frameworks/Metal.framework/Headers/MTLDataType.h
/Applications/Xcode.app/Contents/Developer/Platforms/MacOSX.platform/Developer/SDKs/MacOSX26.1.sdk/System/Library/Frameworks/Metal.framework/Headers/MTLGPUAddress.h
/Applications/Xcode.app/Contents/Developer/Toolchains/XcodeDefault.xctoolchain/usr/lib/swift/clang/include/module.modulemap
/Applications/Xcode.app/Contents/Developer/Platforms/MacOSX.platform/Developer/SDKs/MacOSX26.1.sdk/System/Library/Frameworks/IOSurface.framework/Modules/module.modulemap
/Applications/Xcode.app/Contents/Developer/Platforms/MacOSX.platform/Developer/SDKs/MacOSX26.1.sdk/System/Library/Frameworks/Metal.framework/Headers/MTLFence.h
/Applications/Xcode.app/Contents/Developer/Platforms/MacOSX.platform/Developer/SDKs/MacOSX26.1.sdk/System/Library/Frameworks/Metal.framework/Headers/MTLDevice.h
/Applications/Xcode.app/Contents/Developer/Platforms/MacOSX.platform/Developer/SDKs/MacOSX26.1.sdk/System/Library/Frameworks/Metal.framework/Headers/MTLLibrary.h
/Applications/Xcode.app/Contents/Developer/Platforms/MacOSX.platform/Developer/SDKs/MacOSX26.1.sdk/System/Library/Frameworks/Metal.framework/Headers/MTLArgument.h
/Applications/Xcode.app/Contents/Developer/Platforms/MacOSX.platform/Developer/SDKs/MacOSX26.1.sdk/System/Library/Frameworks/Metal.framework/Headers/MTLFunctionDescriptor.h
/Applications/Xcode.app/Contents/Developer/Platforms/MacOSX.platform/Developer/SDKs/MacOSX26.1.sdk/System/Library/Frameworks/Metal.framework/Headers/MTLFunctionConstantValues.h
/Applications/Xcode.app/Contents/Developer/Platforms/MacOSX.platform/Developer/SDKs/MacOSX26.1.sdk/System/Library/Frameworks/Metal.framework/Headers/MTLCounters.h
/Applications/Xcode.app/Contents/Developer/Platforms/MacOSX.platform/Developer/SDKs/MacOSX26.1.sdk/System/Library/Frameworks/Metal.framework/Headers/MTL4Compiler.h
/Applications/Xcode.app/Contents/Developer/Platforms/MacOSX.platform/Developer/SDKs/MacOSX26.1.sdk/System/Library/Frameworks/Metal.framework/Headers/MTL4CompilerTask.h
/Applications/Xcode.app/Contents/Developer/Platforms/MacOSX.platform/Developer/SDKs/MacOSX26.1.sdk/System/Library/Frameworks/Metal.framework/Headers/MTL4Counters.h
/Applications/Xcode.app/Contents/Developer/Platforms/MacOSX.platform/Developer/SDKs/MacOSX26.1.sdk/System/Library/Frameworks/Metal.framework/Headers/MTLResourceStatePass.h
/Applications/Xcode.app/Contents/Developer/Platforms/MacOSX.platform/Developer/SDKs/MacOSX26.1.sdk/System/Library/Frameworks/Metal.framework/Headers/MTLRenderPass.h
/Applications/Xcode.app/Contents/Developer/Platforms/MacOSX.platform/Developer/SDKs/MacOSX26.1.sdk/System/Library/Frameworks/Metal.framework/Headers/MTLBlitPass.h
/Applications/Xcode.app/Contents/Developer/Platforms/MacOSX.platform/Developer/SDKs/MacOSX26.1.sdk/System/Library/Frameworks/Metal.framework/Headers/MTLCommandBuffer.h
/Applications/Xcode.app/Contents/Developer/Platforms/MacOSX.platform/Developer/SDKs/MacOSX26.1.sdk/System/Library/Frameworks/Metal.framework/Headers/MTLComputeCommandEncoder.h
/Applications/Xcode.app/Contents/Developer/Platforms/MacOSX.platform/Developer/SDKs/MacOSX26.1.sdk/System/Library/Frameworks/Metal.framework/Headers/MTLComputePass.h
/Applications/Xcode.app/Contents/Developer/Platforms/MacOSX.platform/Developer/SDKs/MacOSX26.1.sdk/System/Library/Frameworks/Metal.framework/Headers/MTLCommandQueue.h
/Applications/Xcode.app/Contents/Developer/Platforms/MacOSX.platform/Developer/SDKs/MacOSX26.1.sdk/System/Library/Frameworks/Metal.framework/Headers/MTLDeviceCertification.h
/Applications/Xcode.app/Contents/Developer/Platforms/MacOSX.platform/Developer/SDKs/MacOSX26.1.sdk/System/Library/Frameworks/Metal.framework/Headers/MTLDepthStencil.h
/Applications/Xcode.app/Contents/Developer/Platforms/MacOSX.platform/Developer/SDKs/MacOSX26.1.sdk/System/Library/Frameworks/Metal.framework/Headers/MTLDrawable.h
/Applications/Xcode.app/Contents/Developer/Platforms/MacOSX.platform/Developer/SDKs/MacOSX26.1.sdk/System/Library/Frameworks/Metal.framework/Headers/MTLComputePipeline.h
/Applications/Xcode.app/Contents/Developer/Platforms/MacOSX.platform/Developer/SDKs/MacOSX26.1.sdk/System/Library/Frameworks/Metal.framework/Headers/MTLStageInputOutputDescriptor.h
/Applications/Xcode.app/Contents/Developer/Platforms/MacOSX.platform/Developer/SDKs/MacOSX26.1.sdk/System/Library/Frameworks/Metal.framework/Headers/MTLVertexDescriptor.h
/Applications/Xcode.app/Contents/Developer/Platforms/MacOSX.platform/Developer/SDKs/MacOSX26.1.sdk/System/Library/Frameworks/Metal.framework/Headers/MTLPipeline.h
/Applications/Xcode.app/Contents/Developer/Platforms/MacOSX.platform/Developer/SDKs/MacOSX26.1.sdk/System/Library/Frameworks/Metal.framework/Headers/MTLLinkedFunctions.h
/Applications/Xcode.app/Contents/Developer/Platforms/MacOSX.platform/Developer/SDKs/MacOSX26.1.sdk/System/Library/Frameworks/Metal.framework/Headers/MTLRenderPipeline.h
/Applications/Xcode.app/Contents/Developer/Platforms/MacOSX.platform/Developer/SDKs/MacOSX26.1.sdk/System/Library/Frameworks/Metal.framework/Headers/MTLRenderCommandEncoder.h
/Applications/Xcode.app/Contents/Developer/Platforms/MacOSX.platform/Developer/SDKs/MacOSX26.1.sdk/System/Library/Frameworks/Metal.framework/Headers/MTLFunctionHandle.h
/Applications/Xcode.app/Contents/Developer/Platforms/MacOSX.platform/Developer/SDKs/MacOSX26.1.sdk/System/Library/Frameworks/Metal.framework/Headers/MTLVisibleFunctionTable.h
/Applications/Xcode.app/Contents/Developer/Platforms/MacOSX.platform/Developer/SDKs/MacOSX26.1.sdk/System/Library/Frameworks/Metal.framework/Headers/MTLParallelRenderCommandEncoder.h
/Applications/Xcode.app/Contents/Developer/Platforms/MacOSX.platform/Developer/SDKs/MacOSX26.1.sdk/System/Library/Frameworks/Metal.framework/Headers/MTLSampler.h
/Applications/Xcode.app/Contents/Developer/Platforms/MacOSX.platform/Developer/SDKs/MacOSX26.1.sdk/System/Library/Frameworks/Metal.framework/Headers/MTLHeap.h
/Applications/Xcode.app/Contents/Developer/Platforms/MacOSX.platform/Developer/SDKs/MacOSX26.1.sdk/System/Library/Frameworks/Metal.framework/Headers/MTLAccelerationStructure.h
/Applications/Xcode.app/Contents/Developer/Platforms/MacOSX.platform/Developer/SDKs/MacOSX26.1.sdk/System/Library/Frameworks/Metal.framework/Headers/MTLAccelerationStructureTypes.h
/Applications/Xcode.app/Contents/Developer/Platforms/MacOSX.platform/Developer/SDKs/MacOSX26.1.sdk/System/Library/Frameworks/Metal.framework/Headers/MTL4BufferRange.h
/Applications/Xcode.app/Contents/Developer/Platforms/MacOSX.platform/Developer/SDKs/MacOSX26.1.sdk/System/Library/Frameworks/Metal.framework/Headers/MTLArgumentEncoder.h
/Applications/Xcode.app/Contents/Developer/Platforms/MacOSX.platform/Developer/SDKs/MacOSX26.1.sdk/System/Library/Frameworks/Metal.framework/Headers/MTLCaptureManager.h
/Applications/Xcode.app/Contents/Developer/Platforms/MacOSX.platform/Developer/SDKs/MacOSX26.1.sdk/System/Library/Frameworks/Metal.framework/Headers/MTL4CommandQueue.h
/Applications/Xcode.app/Contents/Developer/Platforms/MacOSX.platform/Developer/SDKs/MacOSX26.1.sdk/System/Library/Frameworks/Metal.framework/Headers/MTL4CommandBuffer.h
/Applications/Xcode.app/Contents/Developer/Platforms/MacOSX.platform/Developer/SDKs/MacOSX26.1.sdk/System/Library/Frameworks/Metal.framework/Headers/MTL4RenderCommandEncoder.h
/Applications/Xcode.app/Contents/Developer/Platforms/MacOSX.platform/Developer/SDKs/MacOSX26.1.sdk/System/Library/Frameworks/Metal.framework/Headers/MTL4CommandEncoder.h
/Applications/Xcode.app/Contents/Developer/Platforms/MacOSX.platform/Developer/SDKs/MacOSX26.1.sdk/System/Library/Frameworks/Metal.framework/Headers/MTLEvent.h
/Applications/Xcode.app/Contents/Developer/Platforms/MacOSX.platform/Developer/SDKs/MacOSX26.1.sdk/System/Library/Frameworks/Metal.framework/Headers/MTL4CommitFeedback.h
/Applications/Xcode.app/Contents/Developer/Platforms/MacOSX.platform/Developer/SDKs/MacOSX26.1.sdk/System/Library/Frameworks/Metal.framework/Headers/MTLCaptureScope.h
/Applications/Xcode.app/Contents/Developer/Platforms/MacOSX.platform/Developer/SDKs/MacOSX26.1.sdk/System/Library/Frameworks/Metal.framework/Headers/MTLIndirectCommandBuffer.h
/Applications/Xcode.app/Contents/Developer/Platforms/MacOSX.platform/Developer/SDKs/MacOSX26.1.sdk/System/Library/Frameworks/Metal.framework/Headers/MTLIndirectCommandEncoder.h
/Applications/Xcode.app/Contents/Developer/Platforms/MacOSX.platform/Developer/SDKs/MacOSX26.1.sdk/System/Library/Frameworks/Metal.framework/Headers/MTLFunctionLog.h
/Applications/Xcode.app/Contents/Developer/Platforms/MacOSX.platform/Developer/SDKs/MacOSX26.1.sdk/System/Library/Frameworks/Metal.framework/Headers/MTLAccelerationStructureCommandEncoder.h
/Applications/Xcode.app/Contents/Developer/Platforms/MacOSX.platform/Developer/SDKs/MacOSX26.1.sdk/System/Library/Frameworks/Metal.framework/Headers/MTLRasterizationRate.h
/Applications/Xcode.app/Contents/Developer/Platforms/MacOSX.platform/Developer/SDKs/MacOSX26.1.sdk/System/Library/Frameworks/Metal.framework/Headers/MTLDynamicLibrary.h
/Applications/Xcode.app/Contents/Developer/Platforms/MacOSX.platform/Developer/SDKs/MacOSX26.1.sdk/System/Library/Frameworks/Metal.framework/Headers/MTLLogState.h
/Applications/Xcode.app/Contents/Developer/Platforms/MacOSX.platform/Developer/SDKs/MacOSX26.1.sdk/System/Library/Frameworks/Metal.framework/Headers/MTLBinaryArchive.h
/Applications/Xcode.app/Contents/Developer/Platforms/MacOSX.platform/Developer/SDKs/MacOSX26.1.sdk/System/Library/Frameworks/Metal.framework/Headers/MTLIntersectionFunctionTable.h
/Applications/Xcode.app/Contents/Developer/Platforms/MacOSX.platform/Developer/SDKs/MacOSX26.1.sdk/System/Library/Frameworks/Metal.framework/Headers/MTLFunctionStitching.h
/Applications/Xcode.app/Contents/Developer/Platforms/MacOSX.platform/Developer/SDKs/MacOSX26.1.sdk/System/Library/Frameworks/Metal.framework/Headers/MTLIOCommandQueue.h
/Applications/Xcode.app/Contents/Developer/Platforms/MacOSX.platform/Developer/SDKs/MacOSX26.1.sdk/System/Library/Frameworks/Metal.framework/Headers/MTLIOCommandBuffer.h
/Applications/Xcode.app/Contents/Developer/Platforms/MacOSX.platform/Developer/SDKs/MacOSX26.1.sdk/System/Library/Frameworks/Metal.framework/Headers/MTLIOCompressor.h
/Applications/Xcode.app/Contents/Developer/Platforms/MacOSX.platform/Developer/SDKs/MacOSX26.1.sdk/System/Library/Frameworks/Metal.framework/Headers/MTLResidencySet.h
/Applications/Xcode.app/Contents/Developer/Platforms/MacOSX.platform/Developer/SDKs/MacOSX26.1.sdk/System/Library/Frameworks/Metal.framework/Headers/MTLResourceViewPool.h
/Applications/Xcode.app/Contents/Developer/Platforms/MacOSX.platform/Developer/SDKs/MacOSX26.1.sdk/System/Library/Frameworks/Metal.framework/Headers/MTLTextureViewPool.h
/Applications/Xcode.app/Contents/Developer/Platforms/MacOSX.platform/Developer/SDKs/MacOSX26.1.sdk/System/Library/Frameworks/Metal.framework/Headers/MTL4ArgumentTable.h
/Applications/Xcode.app/Contents/Developer/Platforms/MacOSX.platform/Developer/SDKs/MacOSX26.1.sdk/System/Library/Frameworks/Metal.framework/Headers/MTL4BinaryFunction.h
/Applications/Xcode.app/Contents/Developer/Platforms/MacOSX.platform/Developer/SDKs/MacOSX26.1.sdk/System/Library/Frameworks/Metal.framework/Headers/MTL4CommandAllocator.h
/Applications/Xcode.app/Contents/Developer/Platforms/MacOSX.platform/Developer/SDKs/MacOSX26.1.sdk/System/Library/Frameworks/Metal.framework/Headers/MTL4RenderPass.h
/Applications/Xcode.app/Contents/Developer/Platforms/MacOSX.platform/Developer/SDKs/MacOSX26.1.sdk/System/Library/Frameworks/Metal.framework/Headers/MTL4ComputeCommandEncoder.h
/Applications/Xcode.app/Contents/Developer/Platforms/MacOSX.platform/Developer/SDKs/MacOSX26.1.sdk/System/Library/Frameworks/Metal.framework/Headers/MTL4AccelerationStructure.h
/Applications/Xcode.app/Contents/Developer/Platforms/MacOSX.platform/Developer/SDKs/MacOSX26.1.sdk/System/Library/Frameworks/Metal.framework/Headers/MTL4MachineLearningCommandEncoder.h
/Applications/Xcode.app/Contents/Developer/Platforms/MacOSX.platform/Developer/SDKs/MacOSX26.1.sdk/System/Library/Frameworks/Metal.framework/Headers/MTL4LibraryDescriptor.h
/Applications/Xcode.app/Contents/Developer/Platforms/MacOSX.platform/Developer/SDKs/MacOSX26.1.sdk/System/Library/Frameworks/Metal.framework/Headers/MTL4FunctionDescriptor.h
/Applications/Xcode.app/Contents/Developer/Platforms/MacOSX.platform/Developer/SDKs/MacOSX26.1.sdk/System/Library/Frameworks/Metal.framework/Headers/MTL4LibraryFunctionDescriptor.h
/Applications/Xcode.app/Contents/Developer/Platforms/MacOSX.platform/Developer/SDKs/MacOSX26.1.sdk/System/Library/Frameworks/Metal.framework/Headers/MTL4SpecializedFunctionDescriptor.h
/Applications/Xcode.app/Contents/Developer/Platforms/MacOSX.platform/Developer/SDKs/MacOSX26.1.sdk/System/Library/Frameworks/Metal.framework/Headers/MTL4StitchedFunctionDescriptor.h
/Applications/Xcode.app/Contents/Developer/Platforms/MacOSX.platform/Developer/SDKs/MacOSX26.1.sdk/System/Library/Frameworks/Metal.framework/Headers/MTL4PipelineState.h
/Applications/Xcode.app/Contents/Developer/Platforms/MacOSX.platform/Developer/SDKs/MacOSX26.1.sdk/System/Library/Frameworks/Metal.framework/Headers/MTL4ComputePipeline.h
/Applications/Xcode.app/Contents/Developer/Platforms/MacOSX.platform/Developer/SDKs/MacOSX26.1.sdk/System/Library/Frameworks/Metal.framework/Headers/MTL4RenderPipeline.h
/Applications/Xcode.app/Contents/Developer/Platforms/MacOSX.platform/Developer/SDKs/MacOSX26.1.sdk/System/Library/Frameworks/Metal.framework/Headers/MTL4MachineLearningPipeline.h
/Applications/Xcode.app/Contents/Developer/Platforms/MacOSX.platform/Developer/SDKs/MacOSX26.1.sdk/System/Library/Frameworks/Metal.framework/Headers/MTL4TileRenderPipeline.h
/Applications/Xcode.app/Contents/Developer/Platforms/MacOSX.platform/Developer/SDKs/MacOSX26.1.sdk/System/Library/Frameworks/Metal.framework/Headers/MTL4MeshRenderPipeline.h
/Applications/Xcode.app/Contents/Developer/Platforms/MacOSX.platform/Developer/SDKs/MacOSX26.1.sdk/System/Library/Frameworks/Metal.framework/Headers/MTL4PipelineDataSetSerializer.h
/Applications/Xcode.app/Contents/Developer/Platforms/MacOSX.platform/Developer/SDKs/MacOSX26.1.sdk/System/Library/Frameworks/Metal.framework/Headers/MTL4Archive.h
/Applications/Xcode.app/Contents/Developer/Platforms/MacOSX.platform/Developer/SDKs/MacOSX26.1.sdk/System/Library/Frameworks/Metal.framework/Headers/MTL4BinaryFunctionDescriptor.h
/Applications/Xcode.app/Contents/Developer/Platforms/MacOSX.platform/Developer/SDKs/MacOSX26.1.sdk/System/Library/Frameworks/Metal.framework/Headers/MTL4LinkingDescriptor.h
/Applications/Xcode.app/Contents/Developer/Platforms/MacOSX.platform/Developer/SDKs/MacOSX26.1.sdk/SDKSettings.json
/Applications/Xcode.app/Contents/Developer/Platforms/MacOSX.platform/Developer/SDKs/MacOSX26.1.sdk/System/Library/Frameworks/OSLog.framework/Modules/module.modulemap
/Applications/Xcode.app/Contents/Developer/Platforms/MacOSX.platform/Developer/SDKs/MacOSX26.1.sdk/System/Library/Frameworks/OSLog.framework/Headers/OSLog.h
/Applications/Xcode.app/Contents/Developer/Platforms/MacOSX.platform/Developer/SDKs/MacOSX26.1.sdk/System/Library/Frameworks/Foundation.framework/Modules/module.modulemap
/Applications/Xcode.app/Contents/Developer/Platforms/MacOSX.platform/Developer/SDKs/MacOSX26.1.sdk/usr/include/os.modulemap
/Applications/Xcode.app/Contents/Developer/Platforms/MacOSX.platform/Developer/SDKs/MacOSX26.1.sdk/System/Library/Frameworks/OSLog.framework/Headers/Entry.h
/Applications/Xcode.app/Contents/Developer/Platforms/MacOSX.platform/Developer/SDKs/MacOSX26.1.sdk/System/Library/Frameworks/OSLog.framework/Headers/EntryActivity.h
/Applications/Xcode.app/Contents/Developer/Platforms/MacOSX.platform/Developer/SDKs/MacOSX26.1.sdk/System/Library/Frameworks/OSLog.framework/Headers/EntryBoundary.h
/Applications/Xcode.app/Contents/Developer/Platforms/MacOSX.platform/Developer/SDKs/MacOSX26.1.sdk/System/Library/Frameworks/OSLog.framework/Headers/EntryLog.h
/Applications/Xcode.app/Contents/Developer/Platforms/MacOSX.platform/Developer/SDKs/MacOSX26.1.sdk/System/Library/Frameworks/OSLog.framework/Headers/EntrySignpost.h
/Applications/Xcode.app/Contents/Developer/Platforms/MacOSX.platform/Developer/SDKs/MacOSX26.1.sdk/System/Library/Frameworks/OSLog.framework/Headers/Enumerator.h
/Applications/Xcode.app/Contents/Developer/Platforms/MacOSX.platform/Developer/SDKs/MacOSX26.1.sdk/System/Library/Frameworks/OSLog.framework/Headers/MessageComponent.h
/Applications/Xcode.app/Contents/Developer/Platforms/MacOSX.platform/Developer/SDKs/MacOSX26.1.sdk/System/Library/Frameworks/OSLog.framework/Headers/Position.h
/Applications/Xcode.app/Contents/Developer/Platforms/MacOSX.platform/Developer/SDKs/MacOSX26.1.sdk/System/Library/Frameworks/OSLog.framework/Headers/Store.h
/Applications/Xcode.app/Contents/Developer/Platforms/MacOSX.platform/Developer/SDKs/MacOSX26.1.sdk/SDKSettings.json
/Applications/Xcode.app/Contents/Developer/Toolchains/XcodeDefault.xctoolchain/usr/lib/swift/macosx/prebuilt-modules/26.1/OSLog.swiftmodule/arm64e-apple-macos.swiftmodule
/Applications/Xcode.app/Contents/Developer/Toolchains/XcodeDefault.xctoolchain/usr/lib/swift/macosx/prebuilt-modules/26.1/ObjectiveC.swiftmodule/arm64e-apple-macos.swiftmodule
/Applications/Xcode.app/Contents/Developer/Platforms/MacOSX.platform/Developer/SDKs/MacOSX26.1.sdk/usr/include/ObjectiveC.apinotes
/Applications/Xcode.app/Contents/Developer/Platforms/MacOSX.platform/Developer/SDKs/MacOSX26.1.sdk/usr/include/DarwinBasic.modulemap
/Applications/Xcode.app/Contents/Developer/Platforms/MacOSX.platform/Developer/SDKs/MacOSX26.1.sdk/usr/include/ObjectiveC.modulemap
/Applications/Xcode.app/Contents/Developer/Platforms/MacOSX.platform/Developer/SDKs/MacOSX26.1.sdk/usr/include/Darwin.modulemap
/Applications/Xcode.app/Contents/Developer/Platforms/MacOSX.platform/Developer/SDKs/MacOSX26.1.sdk/usr/include/Darwin_C.modulemap
/Applications/Xcode.app/Contents/Developer/Platforms/MacOSX.platform/Developer/SDKs/MacOSX26.1.sdk/usr/include/Darwin_POSIX.modulemap
/Applications/Xcode.app/Contents/Developer/Platforms/MacOSX.platform/Developer/SDKs/MacOSX26.1.sdk/usr/include/net.modulemap
/Applications/Xcode.app/Contents/Developer/Platforms/MacOSX.platform/Developer/SDKs/MacOSX26.1.sdk/usr/include/netinet.modulemap
/Applications/Xcode.app/Contents/Developer/Platforms/MacOSX.platform/Developer/SDKs/MacOSX26.1.sdk/usr/include/bank.modulemap
/Applications/Xcode.app/Contents/Developer/Platforms/MacOSX.platform/Developer/SDKs/MacOSX26.1.sdk/usr/include/Darwin_Mach.modulemap
/Applications/Xcode.app/Contents/Developer/Platforms/MacOSX.platform/Developer/SDKs/MacOSX26.1.sdk/usr/include/Darwin_Mach_machine.modulemap
/Applications/Xcode.app/Contents/Developer/Platforms/MacOSX.platform/Developer/SDKs/MacOSX26.1.sdk/usr/include/mach_debug.modulemap
/Applications/Xcode.app/Contents/Developer/Platforms/MacOSX.platform/Developer/SDKs/MacOSX26.1.sdk/usr/include/device.modulemap
/Applications/Xcode.app/Contents/Developer/Platforms/MacOSX.platform/Developer/SDKs/MacOSX26.1.sdk/usr/include/Darwin_machine.modulemap
/Applications/Xcode.app/Contents/Developer/Platforms/MacOSX.platform/Developer/SDKs/MacOSX26.1.sdk/usr/include/ncurses.modulemap
/Applications/Xcode.app/Contents/Developer/Platforms/MacOSX.platform/Developer/SDKs/MacOSX26.1.sdk/usr/include/netinet6.modulemap
/Applications/Xcode.app/Contents/Developer/Platforms/MacOSX.platform/Developer/SDKs/MacOSX26.1.sdk/usr/include/Darwin_sys.modulemap
/Applications/Xcode.app/Contents/Developer/Platforms/MacOSX.platform/Developer/SDKs/MacOSX26.1.sdk/usr/include/uuid.modulemap
/Applications/Xcode.app/Contents/Developer/Platforms/MacOSX.platform/Developer/SDKs/MacOSX26.1.sdk/usr/include/DarwinFoundation2.modulemap
/Applications/Xcode.app/Contents/Developer/Platforms/MacOSX.platform/Developer/SDKs/MacOSX26.1.sdk/usr/include/DarwinFoundation3.modulemap
/Applications/Xcode.app/Contents/Developer/Platforms/MacOSX.platform/Developer/SDKs/MacOSX26.1.sdk/usr/include/DarwinFoundation1.modulemap
/Applications/Xcode.app/Contents/Developer/Platforms/MacOSX.platform/Developer/SDKs/MacOSX26.1.sdk/usr/include/objc/List.h
/Applications/Xcode.app/Contents/Developer/Platforms/MacOSX.platform/Developer/SDKs/MacOSX26.1.sdk/usr/include/objc/NSObjCRuntime.h
/Applications/Xcode.app/Contents/Developer/Toolchains/XcodeDefault.xctoolchain/usr/lib/swift/clang/include/module.modulemap
/Applications/Xcode.app/Contents/Developer/Platforms/MacOSX.platform/Developer/SDKs/MacOSX26.1.sdk/usr/include/objc/objc.h
/Applications/Xcode.app/Contents/Developer/Platforms/MacOSX.platform/Developer/SDKs/MacOSX26.1.sdk/usr/include/stdlib.h
/Applications/Xcode.app/Contents/Developer/Platforms/MacOSX.platform/Developer/SDKs/MacOSX26.1.sdk/usr/include/objc/objc-api.h
/Applications/Xcode.app/Contents/Developer/Toolchains/XcodeDefault.xctoolchain/usr/lib/swift/clang/include/stddef.h
/Applications/Xcode.app/Contents/Developer/Platforms/MacOSX.platform/Developer/SDKs/MacOSX26.1.sdk/usr/include/objc/NSObject.h
/Applications/Xcode.app/Contents/Developer/Platforms/MacOSX.platform/Developer/SDKs/MacOSX26.1.sdk/usr/include/objc/Object.h
/Applications/Xcode.app/Contents/Developer/Toolchains/XcodeDefault.xctoolchain/usr/lib/swift/clang/include/stdarg.h
/Applications/Xcode.app/Contents/Developer/Platforms/MacOSX.platform/Developer/SDKs/MacOSX26.1.sdk/usr/include/objc/objc-runtime.h
/Applications/Xcode.app/Contents/Developer/Platforms/MacOSX.platform/Developer/SDKs/MacOSX26.1.sdk/usr/include/objc/runtime.h
/Applications/Xcode.app/Contents/Developer/Platforms/MacOSX.platform/Developer/SDKs/MacOSX26.1.sdk/usr/include/objc/message.h
/Applications/Xcode.app/Contents/Developer/Platforms/MacOSX.platform/Developer/SDKs/MacOSX26.1.sdk/usr/include/objc/Protocol.h
/Applications/Xcode.app/Contents/Developer/Platforms/MacOSX.platform/Developer/SDKs/MacOSX26.1.sdk/usr/include/objc/hashtable.h
/Applications/Xcode.app/Contents/Developer/Platforms/MacOSX.platform/Developer/SDKs/MacOSX26.1.sdk/usr/include/objc/hashtable2.h
/Applications/Xcode.app/Contents/Developer/Platforms/MacOSX.platform/Developer/SDKs/MacOSX26.1.sdk/usr/include/objc/objc-auto.h
/Applications/Xcode.app/Contents/Developer/Platforms/MacOSX.platform/Developer/SDKs/MacOSX26.1.sdk/usr/include/string.h
/Applications/Xcode.app/Contents/Developer/Platforms/MacOSX.platform/Developer/SDKs/MacOSX26.1.sdk/usr/include/objc/objc-class.h
/Applications/Xcode.app/Contents/Developer/Platforms/MacOSX.platform/Developer/SDKs/MacOSX26.1.sdk/usr/include/objc/objc-exception.h
/Applications/Xcode.app/Contents/Developer/Platforms/MacOSX.platform/Developer/SDKs/MacOSX26.1.sdk/usr/include/objc/objc-load.h
/Applications/Xcode.app/Contents/Developer/Platforms/MacOSX.platform/Developer/SDKs/MacOSX26.1.sdk/usr/include/objc/objc-sync.h
/Applications/Xcode.app/Contents/Developer/Platforms/MacOSX.platform/Developer/SDKs/MacOSX26.1.sdk/SDKSettings.json
/Applications/Xcode.app/Contents/Developer/Toolchains/XcodeDefault.xctoolchain/usr/lib/swift/macosx/prebuilt-modules/26.1/Observation.swiftmodule/arm64e-apple-macos.swiftmodule
/Applications/Xcode.app/Contents/Developer/Platforms/MacOSX.platform/Developer/SDKs/MacOSX26.1.sdk/System/Library/Frameworks/OpenGL.framework/Modules/module.modulemap
/Applications/Xcode.app/Contents/Developer/Platforms/MacOSX.platform/Developer/SDKs/MacOSX26.1.sdk/System/Library/Frameworks/OpenGL.framework/Headers/OpenGL.h
/Applications/Xcode.app/Contents/Developer/Platforms/MacOSX.platform/Developer/SDKs/MacOSX26.1.sdk/System/Library/Frameworks/OpenGL.framework/Headers/OpenGLAvailability.h
/Applications/Xcode.app/Contents/Developer/Platforms/MacOSX.platform/Developer/SDKs/MacOSX26.1.sdk/usr/include/DarwinFoundation1.modulemap
/Applications/Xcode.app/Contents/Developer/Platforms/MacOSX.platform/Developer/SDKs/MacOSX26.1.sdk/System/Library/Frameworks/OpenGL.framework/Headers/CGLCurrent.h
/Applications/Xcode.app/Contents/Developer/Platforms/MacOSX.platform/Developer/SDKs/MacOSX26.1.sdk/System/Library/Frameworks/OpenGL.framework/Headers/CGLTypes.h
/Applications/Xcode.app/Contents/Developer/Platforms/MacOSX.platform/Developer/SDKs/MacOSX26.1.sdk/System/Library/Frameworks/OpenGL.framework/Headers/CGLDevice.h
/Applications/Xcode.app/Contents/Developer/Platforms/MacOSX.platform/Developer/SDKs/MacOSX26.1.sdk/System/Library/Frameworks/OpenGL.framework/Headers/gltypes.h
/Applications/Xcode.app/Contents/Developer/Toolchains/XcodeDefault.xctoolchain/usr/lib/swift/clang/include/module.modulemap
/Applications/Xcode.app/Contents/Developer/Platforms/MacOSX.platform/Developer/SDKs/MacOSX26.1.sdk/System/Library/Frameworks/OpenGL.framework/Headers/CGLRenderers.h
/Applications/Xcode.app/Contents/Developer/Platforms/MacOSX.platform/Developer/SDKs/MacOSX26.1.sdk/System/Library/Frameworks/OpenGL.framework/Headers/CGLIOSurface.h
/Applications/Xcode.app/Contents/Developer/Platforms/MacOSX.platform/Developer/SDKs/MacOSX26.1.sdk/System/Library/Frameworks/OpenGL.framework/Headers/gl3.h
/Applications/Xcode.app/Contents/Developer/Platforms/MacOSX.platform/Developer/SDKs/MacOSX26.1.sdk/System/Library/Frameworks/OpenGL.framework/Headers/gl3ext.h
/Applications/Xcode.app/Contents/Developer/Platforms/MacOSX.platform/Developer/SDKs/MacOSX26.1.sdk/System/Library/Frameworks/OpenGL.framework/Headers/gl.h
/Applications/Xcode.app/Contents/Developer/Platforms/MacOSX.platform/Developer/SDKs/MacOSX26.1.sdk/System/Library/Frameworks/OpenGL.framework/Headers/glext.h
/Applications/Xcode.app/Contents/Developer/Platforms/MacOSX.platform/Developer/SDKs/MacOSX26.1.sdk/System/Library/Frameworks/OpenGL.framework/Headers/glu.h
/Applications/Xcode.app/Contents/Developer/Platforms/MacOSX.platform/Developer/SDKs/MacOSX26.1.sdk/System/Library/Frameworks/OpenGL.framework/Headers/gluContext.h
/Applications/Xcode.app/Contents/Developer/Platforms/MacOSX.platform/Developer/SDKs/MacOSX26.1.sdk/System/Library/Frameworks/OpenGL.framework/Headers/CGLContext.h
/Applications/Xcode.app/Contents/Developer/Platforms/MacOSX.platform/Developer/SDKs/MacOSX26.1.sdk/System/Library/Frameworks/OpenGL.framework/Headers/gliContext.h
/Applications/Xcode.app/Contents/Developer/Platforms/MacOSX.platform/Developer/SDKs/MacOSX26.1.sdk/System/Library/Frameworks/OpenGL.framework/Headers/gliDispatch.h
/Applications/Xcode.app/Contents/Developer/Platforms/MacOSX.platform/Developer/SDKs/MacOSX26.1.sdk/SDKSettings.json
/Applications/Xcode.app/Contents/Developer/Platforms/MacOSX.platform/Developer/SDKs/MacOSX26.1.sdk/System/Library/Frameworks/QuartzCore.framework/Headers/QuartzCore.apinotes
/Applications/Xcode.app/Contents/Developer/Platforms/MacOSX.platform/Developer/SDKs/MacOSX26.1.sdk/System/Library/Frameworks/QuartzCore.framework/Modules/module.modulemap
/Applications/Xcode.app/Contents/Developer/Platforms/MacOSX.platform/Developer/SDKs/MacOSX26.1.sdk/System/Library/Frameworks/QuartzCore.framework/Headers/QuartzCore.h
/Applications/Xcode.app/Contents/Developer/Platforms/MacOSX.platform/Developer/SDKs/MacOSX26.1.sdk/System/Library/Frameworks/QuartzCore.framework/Headers/CoreAnimation.h
/Applications/Xcode.app/Contents/Developer/Platforms/MacOSX.platform/Developer/SDKs/MacOSX26.1.sdk/System/Library/Frameworks/QuartzCore.framework/Headers/CABase.h
/Applications/Xcode.app/Contents/Developer/Toolchains/XcodeDefault.xctoolchain/usr/lib/swift/clang/include/module.modulemap
/Applications/Xcode.app/Contents/Developer/Toolchains/XcodeDefault.xctoolchain/usr/lib/swift/clang/include/stddef.h
/Applications/Xcode.app/Contents/Developer/Platforms/MacOSX.platform/Developer/SDKs/MacOSX26.1.sdk/usr/include/ObjectiveC.modulemap
/Applications/Xcode.app/Contents/Developer/Platforms/MacOSX.platform/Developer/SDKs/MacOSX26.1.sdk/usr/include/Darwin.modulemap
/Applications/Xcode.app/Contents/Developer/Platforms/MacOSX.platform/Developer/SDKs/MacOSX26.1.sdk/usr/include/Darwin_C.modulemap
/Applications/Xcode.app/Contents/Developer/Platforms/MacOSX.platform/Developer/SDKs/MacOSX26.1.sdk/usr/include/Darwin_POSIX.modulemap
/Applications/Xcode.app/Contents/Developer/Platforms/MacOSX.platform/Developer/SDKs/MacOSX26.1.sdk/usr/include/net.modulemap
/Applications/Xcode.app/Contents/Developer/Platforms/MacOSX.platform/Developer/SDKs/MacOSX26.1.sdk/usr/include/netinet.modulemap
/Applications/Xcode.app/Contents/Developer/Platforms/MacOSX.platform/Developer/SDKs/MacOSX26.1.sdk/usr/include/bank.modulemap
/Applications/Xcode.app/Contents/Developer/Platforms/MacOSX.platform/Developer/SDKs/MacOSX26.1.sdk/usr/include/Darwin_Mach.modulemap
/Applications/Xcode.app/Contents/Developer/Platforms/MacOSX.platform/Developer/SDKs/MacOSX26.1.sdk/usr/include/Darwin_Mach_machine.modulemap
/Applications/Xcode.app/Contents/Developer/Platforms/MacOSX.platform/Developer/SDKs/MacOSX26.1.sdk/usr/include/mach_debug.modulemap
/Applications/Xcode.app/Contents/Developer/Platforms/MacOSX.platform/Developer/SDKs/MacOSX26.1.sdk/usr/include/device.modulemap
/Applications/Xcode.app/Contents/Developer/Platforms/MacOSX.platform/Developer/SDKs/MacOSX26.1.sdk/usr/include/Darwin_machine.modulemap
/Applications/Xcode.app/Contents/Developer/Platforms/MacOSX.platform/Developer/SDKs/MacOSX26.1.sdk/usr/include/ncurses.modulemap
/Applications/Xcode.app/Contents/Developer/Platforms/MacOSX.platform/Developer/SDKs/MacOSX26.1.sdk/usr/include/netinet6.modulemap
/Applications/Xcode.app/Contents/Developer/Platforms/MacOSX.platform/Developer/SDKs/MacOSX26.1.sdk/usr/include/Darwin_sys.modulemap
/Applications/Xcode.app/Contents/Developer/Platforms/MacOSX.platform/Developer/SDKs/MacOSX26.1.sdk/usr/include/uuid.modulemap
/Applications/Xcode.app/Contents/Developer/Platforms/MacOSX.platform/Developer/SDKs/MacOSX26.1.sdk/usr/include/DarwinFoundation1.modulemap
/Applications/Xcode.app/Contents/Developer/Platforms/MacOSX.platform/Developer/SDKs/MacOSX26.1.sdk/System/Library/Frameworks/CoreFoundation.framework/Modules/module.modulemap
/Applications/Xcode.app/Contents/Developer/Platforms/MacOSX.platform/Developer/SDKs/MacOSX26.1.sdk/System/Library/Frameworks/CoreGraphics.framework/Modules/module.modulemap
/Applications/Xcode.app/Contents/Developer/Platforms/MacOSX.platform/Developer/SDKs/MacOSX26.1.sdk/System/Library/Frameworks/QuartzCore.framework/Headers/CATransform3D.h
/Applications/Xcode.app/Contents/Developer/Platforms/MacOSX.platform/Developer/SDKs/MacOSX26.1.sdk/System/Library/Frameworks/Foundation.framework/Modules/module.modulemap
/Applications/Xcode.app/Contents/Developer/Platforms/MacOSX.platform/Developer/SDKs/MacOSX26.1.sdk/System/Library/Frameworks/QuartzCore.framework/Headers/CAAnimation.h
/Applications/Xcode.app/Contents/Developer/Platforms/MacOSX.platform/Developer/SDKs/MacOSX26.1.sdk/System/Library/Frameworks/QuartzCore.framework/Headers/CALayer.h
/Applications/Xcode.app/Contents/Developer/Platforms/MacOSX.platform/Developer/SDKs/MacOSX26.1.sdk/System/Library/Frameworks/QuartzCore.framework/Headers/CAMediaTiming.h
/Applications/Xcode.app/Contents/Developer/Platforms/MacOSX.platform/Developer/SDKs/MacOSX26.1.sdk/System/Library/Frameworks/QuartzCore.framework/Headers/CAFrameRateRange.h
/Applications/Xcode.app/Contents/Developer/Platforms/MacOSX.platform/Developer/SDKs/MacOSX26.1.sdk/System/Library/Frameworks/QuartzCore.framework/Headers/CAConstraintLayoutManager.h
/Applications/Xcode.app/Contents/Developer/Platforms/MacOSX.platform/Developer/SDKs/MacOSX26.1.sdk/System/Library/Frameworks/QuartzCore.framework/Headers/CADisplayLink.h
/Applications/Xcode.app/Contents/Developer/Platforms/MacOSX.platform/Developer/SDKs/MacOSX26.1.sdk/System/Library/Frameworks/QuartzCore.framework/Headers/CAEAGLLayer.h
/Applications/Xcode.app/Contents/Developer/Platforms/MacOSX.platform/Developer/SDKs/MacOSX26.1.sdk/System/Library/Frameworks/QuartzCore.framework/Headers/CAMetalLayer.h
/Applications/Xcode.app/Contents/Developer/Platforms/MacOSX.platform/Developer/SDKs/MacOSX26.1.sdk/System/Library/Frameworks/Metal.framework/Modules/module.modulemap
/Applications/Xcode.app/Contents/Developer/Platforms/MacOSX.platform/Developer/SDKs/MacOSX26.1.sdk/System/Library/Frameworks/QuartzCore.framework/Headers/CAEDRMetadata.h
/Applications/Xcode.app/Contents/Developer/Platforms/MacOSX.platform/Developer/SDKs/MacOSX26.1.sdk/System/Library/Frameworks/QuartzCore.framework/Headers/CAMetalDisplayLink.h
/Applications/Xcode.app/Contents/Developer/Platforms/MacOSX.platform/Developer/SDKs/MacOSX26.1.sdk/System/Library/Frameworks/QuartzCore.framework/Headers/CAEmitterCell.h
/Applications/Xcode.app/Contents/Developer/Platforms/MacOSX.platform/Developer/SDKs/MacOSX26.1.sdk/System/Library/Frameworks/QuartzCore.framework/Headers/CAEmitterLayer.h
/Applications/Xcode.app/Contents/Developer/Platforms/MacOSX.platform/Developer/SDKs/MacOSX26.1.sdk/System/Library/Frameworks/QuartzCore.framework/Headers/CAGradientLayer.h
/Applications/Xcode.app/Contents/Developer/Platforms/MacOSX.platform/Developer/SDKs/MacOSX26.1.sdk/System/Library/Frameworks/QuartzCore.framework/Headers/CAMediaTimingFunction.h
/Applications/Xcode.app/Contents/Developer/Platforms/MacOSX.platform/Developer/SDKs/MacOSX26.1.sdk/System/Library/Frameworks/QuartzCore.framework/Headers/CAOpenGLLayer.h
/Applications/Xcode.app/Contents/Developer/Platforms/MacOSX.platform/Developer/SDKs/MacOSX26.1.sdk/System/Library/Frameworks/OpenGL.framework/Modules/module.modulemap
/Applications/Xcode.app/Contents/Developer/Platforms/MacOSX.platform/Developer/SDKs/MacOSX26.1.sdk/System/Library/Frameworks/CoreVideo.framework/Modules/module.modulemap
/Applications/Xcode.app/Contents/Developer/Platforms/MacOSX.platform/Developer/SDKs/MacOSX26.1.sdk/System/Library/Frameworks/QuartzCore.framework/Headers/CARemoteLayerClient.h
/Applications/Xcode.app/Contents/Developer/Platforms/MacOSX.platform/Developer/SDKs/MacOSX26.1.sdk/System/Library/Frameworks/QuartzCore.framework/Headers/CARemoteLayerServer.h
/Applications/Xcode.app/Contents/Developer/Platforms/MacOSX.platform/Developer/SDKs/MacOSX26.1.sdk/System/Library/Frameworks/QuartzCore.framework/Headers/CARenderer.h
/Applications/Xcode.app/Contents/Developer/Platforms/MacOSX.platform/Developer/SDKs/MacOSX26.1.sdk/System/Library/Frameworks/QuartzCore.framework/Headers/CAReplicatorLayer.h
/Applications/Xcode.app/Contents/Developer/Platforms/MacOSX.platform/Developer/SDKs/MacOSX26.1.sdk/System/Library/Frameworks/QuartzCore.framework/Headers/CAScrollLayer.h
/Applications/Xcode.app/Contents/Developer/Platforms/MacOSX.platform/Developer/SDKs/MacOSX26.1.sdk/System/Library/Frameworks/QuartzCore.framework/Headers/CAShapeLayer.h
/Applications/Xcode.app/Contents/Developer/Platforms/MacOSX.platform/Developer/SDKs/MacOSX26.1.sdk/System/Library/Frameworks/QuartzCore.framework/Headers/CATextLayer.h
/Applications/Xcode.app/Contents/Developer/Platforms/MacOSX.platform/Developer/SDKs/MacOSX26.1.sdk/System/Library/Frameworks/QuartzCore.framework/Headers/CATiledLayer.h
/Applications/Xcode.app/Contents/Developer/Platforms/MacOSX.platform/Developer/SDKs/MacOSX26.1.sdk/System/Library/Frameworks/QuartzCore.framework/Headers/CATransaction.h
/Applications/Xcode.app/Contents/Developer/Platforms/MacOSX.platform/Developer/SDKs/MacOSX26.1.sdk/System/Library/Frameworks/QuartzCore.framework/Headers/CATransformLayer.h
/Applications/Xcode.app/Contents/Developer/Platforms/MacOSX.platform/Developer/SDKs/MacOSX26.1.sdk/System/Library/Frameworks/QuartzCore.framework/Headers/CAValueFunction.h
/Applications/Xcode.app/Contents/Developer/Platforms/MacOSX.platform/Developer/SDKs/MacOSX26.1.sdk/SDKSettings.json
/Applications/Xcode.app/Contents/Developer/Toolchains/XcodeDefault.xctoolchain/usr/lib/swift/macosx/prebuilt-modules/26.1/QuartzCore.swiftmodule/arm64e-apple-macos.swiftmodule
/Applications/Xcode.app/Contents/Developer/Platforms/MacOSX.platform/Developer/SDKs/MacOSX26.1.sdk/System/Library/Frameworks/Security.framework/Headers/Security.apinotes
/Applications/Xcode.app/Contents/Developer/Platforms/MacOSX.platform/Developer/SDKs/MacOSX26.1.sdk/System/Library/Frameworks/Security.framework/Modules/module.modulemap
/Applications/Xcode.app/Contents/Developer/Platforms/MacOSX.platform/Developer/SDKs/MacOSX26.1.sdk/System/Library/Frameworks/Security.framework/Headers/Security.h
/Applications/Xcode.app/Contents/Developer/Platforms/MacOSX.platform/Developer/SDKs/MacOSX26.1.sdk/System/Library/Frameworks/Security.framework/Headers/SecBase.h
/Applications/Xcode.app/Contents/Developer/Platforms/MacOSX.platform/Developer/SDKs/MacOSX26.1.sdk/usr/include/xpc.modulemap
/Applications/Xcode.app/Contents/Developer/Platforms/MacOSX.platform/Developer/SDKs/MacOSX26.1.sdk/usr/include/dispatch.modulemap
/Applications/Xcode.app/Contents/Developer/Platforms/MacOSX.platform/Developer/SDKs/MacOSX26.1.sdk/usr/include/os.modulemap
/Applications/Xcode.app/Contents/Developer/Platforms/MacOSX.platform/Developer/SDKs/MacOSX26.1.sdk/usr/include/Darwin.modulemap
/Applications/Xcode.app/Contents/Developer/Platforms/MacOSX.platform/Developer/SDKs/MacOSX26.1.sdk/usr/include/Darwin_C.modulemap
/Applications/Xcode.app/Contents/Developer/Platforms/MacOSX.platform/Developer/SDKs/MacOSX26.1.sdk/usr/include/Darwin_POSIX.modulemap
/Applications/Xcode.app/Contents/Developer/Platforms/MacOSX.platform/Developer/SDKs/MacOSX26.1.sdk/usr/include/net.modulemap
/Applications/Xcode.app/Contents/Developer/Platforms/MacOSX.platform/Developer/SDKs/MacOSX26.1.sdk/usr/include/netinet.modulemap
/Applications/Xcode.app/Contents/Developer/Platforms/MacOSX.platform/Developer/SDKs/MacOSX26.1.sdk/usr/include/bank.modulemap
/Applications/Xcode.app/Contents/Developer/Platforms/MacOSX.platform/Developer/SDKs/MacOSX26.1.sdk/usr/include/Darwin_Mach.modulemap
/Applications/Xcode.app/Contents/Developer/Platforms/MacOSX.platform/Developer/SDKs/MacOSX26.1.sdk/usr/include/Darwin_Mach_machine.modulemap
/Applications/Xcode.app/Contents/Developer/Platforms/MacOSX.platform/Developer/SDKs/MacOSX26.1.sdk/usr/include/mach_debug.modulemap
/Applications/Xcode.app/Contents/Developer/Platforms/MacOSX.platform/Developer/SDKs/MacOSX26.1.sdk/usr/include/device.modulemap
/Applications/Xcode.app/Contents/Developer/Platforms/MacOSX.platform/Developer/SDKs/MacOSX26.1.sdk/usr/include/Darwin_machine.modulemap
/Applications/Xcode.app/Contents/Developer/Platforms/MacOSX.platform/Developer/SDKs/MacOSX26.1.sdk/usr/include/ncurses.modulemap
/Applications/Xcode.app/Contents/Developer/Platforms/MacOSX.platform/Developer/SDKs/MacOSX26.1.sdk/usr/include/netinet6.modulemap
/Applications/Xcode.app/Contents/Developer/Platforms/MacOSX.platform/Developer/SDKs/MacOSX26.1.sdk/usr/include/Darwin_sys.modulemap
/Applications/Xcode.app/Contents/Developer/Platforms/MacOSX.platform/Developer/SDKs/MacOSX26.1.sdk/usr/include/uuid.modulemap
/Applications/Xcode.app/Contents/Developer/Platforms/MacOSX.platform/Developer/SDKs/MacOSX26.1.sdk/usr/include/DarwinFoundation2.modulemap
/Applications/Xcode.app/Contents/Developer/Platforms/MacOSX.platform/Developer/SDKs/MacOSX26.1.sdk/usr/include/DarwinFoundation3.modulemap
/Applications/Xcode.app/Contents/Developer/Platforms/MacOSX.platform/Developer/SDKs/MacOSX26.1.sdk/usr/include/DarwinFoundation1.modulemap
/Applications/Xcode.app/Contents/Developer/Platforms/MacOSX.platform/Developer/SDKs/MacOSX26.1.sdk/System/Library/Frameworks/CoreFoundation.framework/Modules/module.modulemap
/Applications/Xcode.app/Contents/Developer/Platforms/MacOSX.platform/Developer/SDKs/MacOSX26.1.sdk/System/Library/Frameworks/Security.framework/Headers/SecCertificate.h
/Applications/Xcode.app/Contents/Developer/Platforms/MacOSX.platform/Developer/SDKs/MacOSX26.1.sdk/System/Library/Frameworks/Security.framework/Headers/cssmtype.h
/Applications/Xcode.app/Contents/Developer/Platforms/MacOSX.platform/Developer/SDKs/MacOSX26.1.sdk/System/Library/Frameworks/Security.framework/Headers/cssmconfig.h
/Applications/Xcode.app/Contents/Developer/Toolchains/XcodeDefault.xctoolchain/usr/lib/swift/clang/include/module.modulemap
/Applications/Xcode.app/Contents/Developer/Platforms/MacOSX.platform/Developer/SDKs/MacOSX26.1.sdk/System/Library/Frameworks/Security.framework/Headers/SecAsn1Types.h
/Applications/Xcode.app/Contents/Developer/Platforms/MacOSX.platform/Developer/SDKs/MacOSX26.1.sdk/System/Library/Frameworks/Security.framework/Headers/x509defs.h
/Applications/Xcode.app/Contents/Developer/Platforms/MacOSX.platform/Developer/SDKs/MacOSX26.1.sdk/System/Library/Frameworks/Security.framework/Headers/SecIdentity.h
/Applications/Xcode.app/Contents/Developer/Platforms/MacOSX.platform/Developer/SDKs/MacOSX26.1.sdk/System/Library/Frameworks/Security.framework/Headers/SecAccessControl.h
/Applications/Xcode.app/Contents/Developer/Platforms/MacOSX.platform/Developer/SDKs/MacOSX26.1.sdk/System/Library/Frameworks/Security.framework/Headers/SecItem.h
/Applications/Xcode.app/Contents/Developer/Platforms/MacOSX.platform/Developer/SDKs/MacOSX26.1.sdk/System/Library/Frameworks/Security.framework/Headers/SecKey.h
/Applications/Xcode.app/Contents/Developer/Platforms/MacOSX.platform/Developer/SDKs/MacOSX26.1.sdk/System/Library/Frameworks/Security.framework/Headers/SecAccess.h
/Applications/Xcode.app/Contents/Developer/Platforms/MacOSX.platform/Developer/SDKs/MacOSX26.1.sdk/System/Library/Frameworks/Security.framework/Headers/SecPolicy.h
/Applications/Xcode.app/Contents/Developer/Platforms/MacOSX.platform/Developer/SDKs/MacOSX26.1.sdk/System/Library/Frameworks/Security.framework/Headers/SecRandom.h
/Applications/Xcode.app/Contents/Developer/Platforms/MacOSX.platform/Developer/SDKs/MacOSX26.1.sdk/System/Library/Frameworks/Security.framework/Headers/SecImportExport.h
/Applications/Xcode.app/Contents/Developer/Platforms/MacOSX.platform/Developer/SDKs/MacOSX26.1.sdk/System/Library/Frameworks/Security.framework/Headers/SecKeychain.h
/Applications/Xcode.app/Contents/Developer/Platforms/MacOSX.platform/Developer/SDKs/MacOSX26.1.sdk/System/Library/Frameworks/Security.framework/Headers/cssmapple.h
/Applications/Xcode.app/Contents/Developer/Platforms/MacOSX.platform/Developer/SDKs/MacOSX26.1.sdk/System/Library/Frameworks/Security.framework/Headers/cssmerr.h
/Applications/Xcode.app/Contents/Developer/Platforms/MacOSX.platform/Developer/SDKs/MacOSX26.1.sdk/System/Library/Frameworks/Security.framework/Headers/certextensions.h
/Applications/Xcode.app/Contents/Developer/Platforms/MacOSX.platform/Developer/SDKs/MacOSX26.1.sdk/System/Library/Frameworks/Security.framework/Headers/SecTrust.h
/Applications/Xcode.app/Contents/Developer/Platforms/MacOSX.platform/Developer/SDKs/MacOSX26.1.sdk/System/Library/Frameworks/Security.framework/Headers/SecSharedCredential.h
/Applications/Xcode.app/Contents/Developer/Platforms/MacOSX.platform/Developer/SDKs/MacOSX26.1.sdk/System/Library/Frameworks/Security.framework/Headers/SecProtocolOptions.h
/Applications/Xcode.app/Contents/Developer/Platforms/MacOSX.platform/Developer/SDKs/MacOSX26.1.sdk/System/Library/Frameworks/Security.framework/Headers/SecProtocolObject.h
/Applications/Xcode.app/Contents/Developer/Platforms/MacOSX.platform/Developer/SDKs/MacOSX26.1.sdk/System/Library/Frameworks/Security.framework/Headers/SecProtocolTypes.h
/Applications/Xcode.app/Contents/Developer/Platforms/MacOSX.platform/Developer/SDKs/MacOSX26.1.sdk/System/Library/Frameworks/Security.framework/Headers/CipherSuite.h
/Applications/Xcode.app/Contents/Developer/Platforms/MacOSX.platform/Developer/SDKs/MacOSX26.1.sdk/System/Library/Frameworks/Security.framework/Headers/SecProtocolMetadata.h
/Applications/Xcode.app/Contents/Developer/Platforms/MacOSX.platform/Developer/SDKs/MacOSX26.1.sdk/System/Library/Frameworks/Security.framework/Headers/AuthSession.h
/Applications/Xcode.app/Contents/Developer/Platforms/MacOSX.platform/Developer/SDKs/MacOSX26.1.sdk/System/Library/Frameworks/Security.framework/Headers/Authorization.h
/Applications/Xcode.app/Contents/Developer/Platforms/MacOSX.platform/Developer/SDKs/MacOSX26.1.sdk/usr/include/stdio.h
/Applications/Xcode.app/Contents/Developer/Platforms/MacOSX.platform/Developer/SDKs/MacOSX26.1.sdk/System/Library/Frameworks/Security.framework/Headers/cssm.h
/Applications/Xcode.app/Contents/Developer/Platforms/MacOSX.platform/Developer/SDKs/MacOSX26.1.sdk/System/Library/Frameworks/Security.framework/Headers/emmtype.h
/Applications/Xcode.app/Contents/Developer/Platforms/MacOSX.platform/Developer/SDKs/MacOSX26.1.sdk/System/Library/Frameworks/Security.framework/Headers/cssmapi.h
/Applications/Xcode.app/Contents/Developer/Platforms/MacOSX.platform/Developer/SDKs/MacOSX26.1.sdk/System/Library/Frameworks/Security.framework/Headers/cssmaci.h
/Applications/Xcode.app/Contents/Developer/Platforms/MacOSX.platform/Developer/SDKs/MacOSX26.1.sdk/System/Library/Frameworks/Security.framework/Headers/cssmcli.h
/Applications/Xcode.app/Contents/Developer/Platforms/MacOSX.platform/Developer/SDKs/MacOSX26.1.sdk/System/Library/Frameworks/Security.framework/Headers/cssmcspi.h
/Applications/Xcode.app/Contents/Developer/Platforms/MacOSX.platform/Developer/SDKs/MacOSX26.1.sdk/System/Library/Frameworks/Security.framework/Headers/cssmspi.h
/Applications/Xcode.app/Contents/Developer/Platforms/MacOSX.platform/Developer/SDKs/MacOSX26.1.sdk/System/Library/Frameworks/Security.framework/Headers/cssmdli.h
/Applications/Xcode.app/Contents/Developer/Platforms/MacOSX.platform/Developer/SDKs/MacOSX26.1.sdk/System/Library/Frameworks/Security.framework/Headers/cssmkrapi.h
/Applications/Xcode.app/Contents/Developer/Platforms/MacOSX.platform/Developer/SDKs/MacOSX26.1.sdk/System/Library/Frameworks/Security.framework/Headers/cssmkrspi.h
/Applications/Xcode.app/Contents/Developer/Platforms/MacOSX.platform/Developer/SDKs/MacOSX26.1.sdk/System/Library/Frameworks/Security.framework/Headers/cssmtpi.h
/Applications/Xcode.app/Contents/Developer/Platforms/MacOSX.platform/Developer/SDKs/MacOSX26.1.sdk/System/Library/Frameworks/Security.framework/Headers/emmspi.h
/Applications/Xcode.app/Contents/Developer/Platforms/MacOSX.platform/Developer/SDKs/MacOSX26.1.sdk/System/Library/Frameworks/Security.framework/Headers/mds.h
/Applications/Xcode.app/Contents/Developer/Platforms/MacOSX.platform/Developer/SDKs/MacOSX26.1.sdk/System/Library/Frameworks/Security.framework/Headers/mds_schema.h
/Applications/Xcode.app/Contents/Developer/Platforms/MacOSX.platform/Developer/SDKs/MacOSX26.1.sdk/System/Library/Frameworks/Security.framework/Headers/oidsalg.h
/Applications/Xcode.app/Contents/Developer/Platforms/MacOSX.platform/Developer/SDKs/MacOSX26.1.sdk/System/Library/Frameworks/Security.framework/Headers/oidsattr.h
/Applications/Xcode.app/Contents/Developer/Platforms/MacOSX.platform/Developer/SDKs/MacOSX26.1.sdk/System/Library/Frameworks/Security.framework/Headers/oidsbase.h
/Applications/Xcode.app/Contents/Developer/Platforms/MacOSX.platform/Developer/SDKs/MacOSX26.1.sdk/System/Library/Frameworks/Security.framework/Headers/oidscert.h
/Applications/Xcode.app/Contents/Developer/Platforms/MacOSX.platform/Developer/SDKs/MacOSX26.1.sdk/System/Library/Frameworks/Security.framework/Headers/oidscrl.h
/Applications/Xcode.app/Contents/Developer/Platforms/MacOSX.platform/Developer/SDKs/MacOSX26.1.sdk/System/Library/Frameworks/Security.framework/Headers/SecACL.h
/Applications/Xcode.app/Contents/Developer/Platforms/MacOSX.platform/Developer/SDKs/MacOSX26.1.sdk/System/Library/Frameworks/Security.framework/Headers/SecCertificateOIDs.h
/Applications/Xcode.app/Contents/Developer/Platforms/MacOSX.platform/Developer/SDKs/MacOSX26.1.sdk/System/Library/Frameworks/Security.framework/Headers/SecIdentitySearch.h
/Applications/Xcode.app/Contents/Developer/Platforms/MacOSX.platform/Developer/SDKs/MacOSX26.1.sdk/System/Library/Frameworks/Security.framework/Headers/SecKeychainItem.h
/Applications/Xcode.app/Contents/Developer/Platforms/MacOSX.platform/Developer/SDKs/MacOSX26.1.sdk/System/Library/Frameworks/Security.framework/Headers/SecKeychainSearch.h
/Applications/Xcode.app/Contents/Developer/Platforms/MacOSX.platform/Developer/SDKs/MacOSX26.1.sdk/System/Library/Frameworks/Security.framework/Headers/SecPolicySearch.h
/Applications/Xcode.app/Contents/Developer/Platforms/MacOSX.platform/Developer/SDKs/MacOSX26.1.sdk/System/Library/Frameworks/Security.framework/Headers/SecTrustedApplication.h
/Applications/Xcode.app/Contents/Developer/Platforms/MacOSX.platform/Developer/SDKs/MacOSX26.1.sdk/System/Library/Frameworks/Security.framework/Headers/SecTrustSettings.h
/Applications/Xcode.app/Contents/Developer/Platforms/MacOSX.platform/Developer/SDKs/MacOSX26.1.sdk/System/Library/Frameworks/Security.framework/Headers/SecStaticCode.h
/Applications/Xcode.app/Contents/Developer/Platforms/MacOSX.platform/Developer/SDKs/MacOSX26.1.sdk/System/Library/Frameworks/Security.framework/Headers/CSCommon.h
/Applications/Xcode.app/Contents/Developer/Platforms/MacOSX.platform/Developer/SDKs/MacOSX26.1.sdk/System/Library/Frameworks/Security.framework/Headers/SecCode.h
/Applications/Xcode.app/Contents/Developer/Platforms/MacOSX.platform/Developer/SDKs/MacOSX26.1.sdk/System/Library/Frameworks/Security.framework/Headers/SecCodeHost.h
/Applications/Xcode.app/Contents/Developer/Platforms/MacOSX.platform/Developer/SDKs/MacOSX26.1.sdk/System/Library/Frameworks/Security.framework/Headers/SecRequirement.h
/Applications/Xcode.app/Contents/Developer/Platforms/MacOSX.platform/Developer/SDKs/MacOSX26.1.sdk/System/Library/Frameworks/Security.framework/Headers/SecTask.h
/Applications/Xcode.app/Contents/Developer/Platforms/MacOSX.platform/Developer/SDKs/MacOSX26.1.sdk/System/Library/Frameworks/Security.framework/Headers/AuthorizationTags.h
/Applications/Xcode.app/Contents/Developer/Platforms/MacOSX.platform/Developer/SDKs/MacOSX26.1.sdk/System/Library/Frameworks/Security.framework/Headers/AuthorizationDB.h
/Applications/Xcode.app/Contents/Developer/Platforms/MacOSX.platform/Developer/SDKs/MacOSX26.1.sdk/System/Library/Frameworks/Security.framework/Headers/CMSDecoder.h
/Applications/Xcode.app/Contents/Developer/Platforms/MacOSX.platform/Developer/SDKs/MacOSX26.1.sdk/System/Library/Frameworks/Security.framework/Headers/CMSEncoder.h
/Applications/Xcode.app/Contents/Developer/Platforms/MacOSX.platform/Developer/SDKs/MacOSX26.1.sdk/System/Library/Frameworks/Security.framework/Headers/SecureTransport.h
/Applications/Xcode.app/Contents/Developer/Platforms/MacOSX.platform/Developer/SDKs/MacOSX26.1.sdk/System/Library/Frameworks/Security.framework/Headers/SecTransform.h
/Applications/Xcode.app/Contents/Developer/Platforms/MacOSX.platform/Developer/SDKs/MacOSX26.1.sdk/System/Library/Frameworks/Security.framework/Headers/SecCustomTransform.h
/Applications/Xcode.app/Contents/Developer/Platforms/MacOSX.platform/Developer/SDKs/MacOSX26.1.sdk/System/Library/Frameworks/Security.framework/Headers/SecDecodeTransform.h
/Applications/Xcode.app/Contents/Developer/Platforms/MacOSX.platform/Developer/SDKs/MacOSX26.1.sdk/System/Library/Frameworks/Security.framework/Headers/SecEncodeTransform.h
/Applications/Xcode.app/Contents/Developer/Platforms/MacOSX.platform/Developer/SDKs/MacOSX26.1.sdk/System/Library/Frameworks/Security.framework/Headers/SecDigestTransform.h
/Applications/Xcode.app/Contents/Developer/Platforms/MacOSX.platform/Developer/SDKs/MacOSX26.1.sdk/System/Library/Frameworks/Security.framework/Headers/SecEncryptTransform.h
/Applications/Xcode.app/Contents/Developer/Platforms/MacOSX.platform/Developer/SDKs/MacOSX26.1.sdk/System/Library/Frameworks/Security.framework/Headers/SecSignVerifyTransform.h
/Applications/Xcode.app/Contents/Developer/Platforms/MacOSX.platform/Developer/SDKs/MacOSX26.1.sdk/System/Library/Frameworks/Security.framework/Headers/SecReadTransform.h
/Applications/Xcode.app/Contents/Developer/Platforms/MacOSX.platform/Developer/SDKs/MacOSX26.1.sdk/System/Library/Frameworks/Security.framework/Headers/SecTransformReadTransform.h
/Applications/Xcode.app/Contents/Developer/Platforms/MacOSX.platform/Developer/SDKs/MacOSX26.1.sdk/System/Library/Frameworks/Security.framework/Headers/oids.h
/Applications/Xcode.app/Contents/Developer/Platforms/MacOSX.platform/Developer/SDKs/MacOSX26.1.sdk/usr/include/libDER/module.modulemap
/Applications/Xcode.app/Contents/Developer/Platforms/MacOSX.platform/Developer/SDKs/MacOSX26.1.sdk/usr/include/string.h
/Applications/Xcode.app/Contents/Developer/Platforms/MacOSX.platform/Developer/SDKs/MacOSX26.1.sdk/System/Library/Frameworks/Security.framework/Headers/AuthorizationPlugin.h
/Applications/Xcode.app/Contents/Developer/Platforms/MacOSX.platform/Developer/SDKs/MacOSX26.1.sdk/System/Library/Frameworks/Security.framework/Headers/CodeSigning.h
/Applications/Xcode.app/Contents/Developer/Platforms/MacOSX.platform/Developer/SDKs/MacOSX26.1.sdk/System/Library/Frameworks/Security.framework/Headers/eisl.h
/Applications/Xcode.app/Contents/Developer/Platforms/MacOSX.platform/Developer/SDKs/MacOSX26.1.sdk/System/Library/Frameworks/Security.framework/Headers/SecAsn1Coder.h
/Applications/Xcode.app/Contents/Developer/Platforms/MacOSX.platform/Developer/SDKs/MacOSX26.1.sdk/System/Library/Frameworks/Security.framework/Headers/SecAsn1Templates.h
/Applications/Xcode.app/Contents/Developer/Platforms/MacOSX.platform/Developer/SDKs/MacOSX26.1.sdk/System/Library/Frameworks/Security.framework/Headers/SecureDownload.h
/Applications/Xcode.app/Contents/Developer/Platforms/MacOSX.platform/Developer/SDKs/MacOSX26.1.sdk/SDKSettings.json
/Applications/Xcode.app/Contents/Developer/Toolchains/XcodeDefault.xctoolchain/usr/lib/swift/macosx/prebuilt-modules/26.1/Spatial.swiftmodule/arm64e-apple-macos.swiftmodule
/Applications/Xcode.app/Contents/Developer/Platforms/MacOSX.platform/Developer/SDKs/MacOSX26.1.sdk/usr/include/Spatial/module.modulemap
/Applications/Xcode.app/Contents/Developer/Platforms/MacOSX.platform/Developer/SDKs/MacOSX26.1.sdk/usr/include/Spatial/Spatial.h
/Applications/Xcode.app/Contents/Developer/Platforms/MacOSX.platform/Developer/SDKs/MacOSX26.1.sdk/usr/include/Spatial/Base.h
/Applications/Xcode.app/Contents/Developer/Platforms/MacOSX.platform/Developer/SDKs/MacOSX26.1.sdk/usr/include/Spatial/Structures.h
/Applications/Xcode.app/Contents/Developer/Platforms/MacOSX.platform/Developer/SDKs/MacOSX26.1.sdk/usr/include/simd/module.modulemap
/Applications/Xcode.app/Contents/Developer/Toolchains/XcodeDefault.xctoolchain/usr/lib/swift/clang/include/module.modulemap
/Applications/Xcode.app/Contents/Developer/Platforms/MacOSX.platform/Developer/SDKs/MacOSX26.1.sdk/usr/include/Spatial/StructuresFloat.h
/Applications/Xcode.app/Contents/Developer/Platforms/MacOSX.platform/Developer/SDKs/MacOSX26.1.sdk/usr/include/Spatial/StucturesPackedFloat.h
/Applications/Xcode.app/Contents/Developer/Platforms/MacOSX.platform/Developer/SDKs/MacOSX26.1.sdk/usr/include/Spatial/StructuresPackedDouble.h
/Applications/Xcode.app/Contents/Developer/Platforms/MacOSX.platform/Developer/SDKs/MacOSX26.1.sdk/usr/include/Spatial/SPAngle.h
/Applications/Xcode.app/Contents/Developer/Platforms/MacOSX.platform/Developer/SDKs/MacOSX26.1.sdk/usr/include/DarwinFoundation1.modulemap
/Applications/Xcode.app/Contents/Developer/Platforms/MacOSX.platform/Developer/SDKs/MacOSX26.1.sdk/usr/include/Spatial/SPAngleFloat.h
/Applications/Xcode.app/Contents/Developer/Platforms/MacOSX.platform/Developer/SDKs/MacOSX26.1.sdk/usr/include/Spatial/SPRotationAxis3D.h
/Applications/Xcode.app/Contents/Developer/Platforms/MacOSX.platform/Developer/SDKs/MacOSX26.1.sdk/usr/include/Spatial/SPRotationAxis3DFloat.h
/Applications/Xcode.app/Contents/Developer/Platforms/MacOSX.platform/Developer/SDKs/MacOSX26.1.sdk/usr/include/Spatial/SpatialEnumerations.h
/Applications/Xcode.app/Contents/Developer/Platforms/MacOSX.platform/Developer/SDKs/MacOSX26.1.sdk/usr/include/Spatial/SPRotation3D.h
/Applications/Xcode.app/Contents/Developer/Platforms/MacOSX.platform/Developer/SDKs/MacOSX26.1.sdk/usr/include/Spatial/SPRotation3DFloat.h
/Applications/Xcode.app/Contents/Developer/Platforms/MacOSX.platform/Developer/SDKs/MacOSX26.1.sdk/usr/include/Spatial/SPAffineTransform3D.h
/Applications/Xcode.app/Contents/Developer/Platforms/MacOSX.platform/Developer/SDKs/MacOSX26.1.sdk/usr/include/Spatial/SPAffineTransform3DFloat.h
/Applications/Xcode.app/Contents/Developer/Platforms/MacOSX.platform/Developer/SDKs/MacOSX26.1.sdk/usr/include/Spatial/SPProjectiveTransform3D.h
/Applications/Xcode.app/Contents/Developer/Platforms/MacOSX.platform/Developer/SDKs/MacOSX26.1.sdk/usr/include/Spatial/SPProjectiveTransform3DFloat.h
/Applications/Xcode.app/Contents/Developer/Platforms/MacOSX.platform/Developer/SDKs/MacOSX26.1.sdk/usr/include/Spatial/SPPoint3D.h
/Applications/Xcode.app/Contents/Developer/Platforms/MacOSX.platform/Developer/SDKs/MacOSX26.1.sdk/usr/include/Spatial/SPPoint3DFloat.h
/Applications/Xcode.app/Contents/Developer/Platforms/MacOSX.platform/Developer/SDKs/MacOSX26.1.sdk/usr/include/Spatial/SPVector3D.h
/Applications/Xcode.app/Contents/Developer/Platforms/MacOSX.platform/Developer/SDKs/MacOSX26.1.sdk/usr/include/Spatial/SPVector3DFloat.h
/Applications/Xcode.app/Contents/Developer/Platforms/MacOSX.platform/Developer/SDKs/MacOSX26.1.sdk/usr/include/Spatial/SPRect3D.h
/Applications/Xcode.app/Contents/Developer/Platforms/MacOSX.platform/Developer/SDKs/MacOSX26.1.sdk/usr/include/Spatial/SPRect3DFloat.h
/Applications/Xcode.app/Contents/Developer/Platforms/MacOSX.platform/Developer/SDKs/MacOSX26.1.sdk/usr/include/Spatial/SPRay3D.h
/Applications/Xcode.app/Contents/Developer/Platforms/MacOSX.platform/Developer/SDKs/MacOSX26.1.sdk/usr/include/Spatial/SPRay3DFloat.h
/Applications/Xcode.app/Contents/Developer/Platforms/MacOSX.platform/Developer/SDKs/MacOSX26.1.sdk/usr/include/Spatial/SPSize3D.h
/Applications/Xcode.app/Contents/Developer/Platforms/MacOSX.platform/Developer/SDKs/MacOSX26.1.sdk/usr/include/Spatial/SPSize3DFloat.h
/Applications/Xcode.app/Contents/Developer/Platforms/MacOSX.platform/Developer/SDKs/MacOSX26.1.sdk/usr/include/Spatial/SPPose3D.h
/Applications/Xcode.app/Contents/Developer/Platforms/MacOSX.platform/Developer/SDKs/MacOSX26.1.sdk/usr/include/Spatial/SPPose3DFloat.h
/Applications/Xcode.app/Contents/Developer/Platforms/MacOSX.platform/Developer/SDKs/MacOSX26.1.sdk/usr/include/Spatial/SPScaledPose3D.h
/Applications/Xcode.app/Contents/Developer/Platforms/MacOSX.platform/Developer/SDKs/MacOSX26.1.sdk/usr/include/Spatial/SPScaledPose3DFloat.h
/Applications/Xcode.app/Contents/Developer/Platforms/MacOSX.platform/Developer/SDKs/MacOSX26.1.sdk/usr/include/Spatial/SPSphericalCoordinates3D.h
/Applications/Xcode.app/Contents/Developer/Platforms/MacOSX.platform/Developer/SDKs/MacOSX26.1.sdk/usr/include/Spatial/SPSphericalCoordinates3DFloat.h
/Applications/Xcode.app/Contents/Developer/Platforms/MacOSX.platform/Developer/SDKs/MacOSX26.1.sdk/usr/include/Spatial/SpatialTypeConversion.h
/Applications/Xcode.app/Contents/Developer/Platforms/MacOSX.platform/Developer/SDKs/MacOSX26.1.sdk/SDKSettings.json
/Applications/Xcode.app/Contents/Developer/Toolchains/XcodeDefault.xctoolchain/usr/lib/swift/macosx/prebuilt-modules/26.1/Swift.swiftmodule/arm64e-apple-macos.swiftmodule
/Users/rogerlin/Library/Developer/Xcode/DerivedData/FinancialCalculatorKit-ackorybalcxbfocbkqsfdzcfkgmn/Build/Products/Debug/SwiftDrawDOM.swiftmodule/arm64-apple-macos.swiftmodule
/Applications/Xcode.app/Contents/Developer/Toolchains/XcodeDefault.xctoolchain/usr/lib/swift/macosx/prebuilt-modules/26.1/SwiftOnoneSupport.swiftmodule/arm64e-apple-macos.swiftmodule
/Applications/Xcode.app/Contents/Developer/Platforms/MacOSX.platform/Developer/SDKs/MacOSX26.1.sdk/usr/lib/swift/shims/module.modulemap
/Applications/Xcode.app/Contents/Developer/Platforms/MacOSX.platform/Developer/SDKs/MacOSX26.1.sdk/usr/lib/swift/shims/AssertionReporting.h
/Applications/Xcode.app/Contents/Developer/Platforms/MacOSX.platform/Developer/SDKs/MacOSX26.1.sdk/usr/lib/swift/shims/SwiftStdint.h
/Applications/Xcode.app/Contents/Developer/Platforms/MacOSX.platform/Developer/SDKs/MacOSX26.1.sdk/usr/lib/swift/shims/Visibility.h
/Applications/Xcode.app/Contents/Developer/Platforms/MacOSX.platform/Developer/SDKs/MacOSX26.1.sdk/usr/lib/swift/shims/CoreFoundationShims.h
/Applications/Xcode.app/Contents/Developer/Platforms/MacOSX.platform/Developer/SDKs/MacOSX26.1.sdk/usr/lib/swift/shims/ObjCShims.h
/Applications/Xcode.app/Contents/Developer/Platforms/MacOSX.platform/Developer/SDKs/MacOSX26.1.sdk/usr/lib/swift/shims/EmbeddedShims.h
/Applications/Xcode.app/Contents/Developer/Platforms/MacOSX.platform/Developer/SDKs/MacOSX26.1.sdk/usr/lib/swift/shims/SwiftStddef.h
/Applications/Xcode.app/Contents/Developer/Platforms/MacOSX.platform/Developer/SDKs/MacOSX26.1.sdk/usr/lib/swift/shims/FoundationShims.h
/Applications/Xcode.app/Contents/Developer/Platforms/MacOSX.platform/Developer/SDKs/MacOSX26.1.sdk/usr/lib/swift/shims/GlobalObjects.h
/Applications/Xcode.app/Contents/Developer/Platforms/MacOSX.platform/Developer/SDKs/MacOSX26.1.sdk/usr/lib/swift/shims/SwiftStdbool.h
/Applications/Xcode.app/Contents/Developer/Platforms/MacOSX.platform/Developer/SDKs/MacOSX26.1.sdk/usr/lib/swift/shims/HeapObject.h
/Applications/Xcode.app/Contents/Developer/Platforms/MacOSX.platform/Developer/SDKs/MacOSX26.1.sdk/usr/lib/swift/shims/RefCount.h
/Applications/Xcode.app/Contents/Developer/Platforms/MacOSX.platform/Developer/SDKs/MacOSX26.1.sdk/usr/lib/swift/shims/System.h
/Applications/Xcode.app/Contents/Developer/Platforms/MacOSX.platform/Developer/SDKs/MacOSX26.1.sdk/usr/lib/swift/shims/Target.h
/Applications/Xcode.app/Contents/Developer/Platforms/MacOSX.platform/Developer/SDKs/MacOSX26.1.sdk/usr/lib/swift/shims/KeyPath.h
/Applications/Xcode.app/Contents/Developer/Platforms/MacOSX.platform/Developer/SDKs/MacOSX26.1.sdk/usr/lib/swift/shims/LibcShims.h
/Applications/Xcode.app/Contents/Developer/Platforms/MacOSX.platform/Developer/SDKs/MacOSX26.1.sdk/usr/lib/swift/shims/MetadataSections.h
/Applications/Xcode.app/Contents/Developer/Platforms/MacOSX.platform/Developer/SDKs/MacOSX26.1.sdk/usr/lib/swift/shims/Random.h
/Applications/Xcode.app/Contents/Developer/Platforms/MacOSX.platform/Developer/SDKs/MacOSX26.1.sdk/usr/lib/swift/shims/Reflection.h
/Applications/Xcode.app/Contents/Developer/Platforms/MacOSX.platform/Developer/SDKs/MacOSX26.1.sdk/usr/lib/swift/shims/RuntimeShims.h
/Applications/Xcode.app/Contents/Developer/Platforms/MacOSX.platform/Developer/SDKs/MacOSX26.1.sdk/usr/lib/swift/shims/RuntimeStubs.h
/Applications/Xcode.app/Contents/Developer/Platforms/MacOSX.platform/Developer/SDKs/MacOSX26.1.sdk/usr/lib/swift/shims/ThreadLocalStorage.h
/Applications/Xcode.app/Contents/Developer/Platforms/MacOSX.platform/Developer/SDKs/MacOSX26.1.sdk/usr/lib/swift/shims/UnicodeData.h
/Applications/Xcode.app/Contents/Developer/Platforms/MacOSX.platform/Developer/SDKs/MacOSX26.1.sdk/SDKSettings.json
/Applications/Xcode.app/Contents/Developer/Platforms/MacOSX.platform/Developer/SDKs/MacOSX26.1.sdk/System/Library/Frameworks/SwiftUI.framework/Modules/module.modulemap
/Applications/Xcode.app/Contents/Developer/Platforms/MacOSX.platform/Developer/SDKs/MacOSX26.1.sdk/System/Library/Frameworks/SwiftUI.framework/Headers/SwiftUI.h
/Applications/Xcode.app/Contents/Developer/Platforms/MacOSX.platform/Developer/SDKs/MacOSX26.1.sdk/usr/include/DarwinFoundation1.modulemap
/Applications/Xcode.app/Contents/Developer/Platforms/MacOSX.platform/Developer/SDKs/MacOSX26.1.sdk/System/Library/Frameworks/AppKit.framework/Modules/module.modulemap
/Applications/Xcode.app/Contents/Developer/Platforms/MacOSX.platform/Developer/SDKs/MacOSX26.1.sdk/SDKSettings.json
/Applications/Xcode.app/Contents/Developer/Toolchains/XcodeDefault.xctoolchain/usr/lib/swift/macosx/prebuilt-modules/26.1/SwiftUI.swiftmodule/arm64e-apple-macos.swiftmodule
/Applications/Xcode.app/Contents/Developer/Toolchains/XcodeDefault.xctoolchain/usr/lib/swift/macosx/prebuilt-modules/26.1/SwiftUICore.swiftmodule/arm64e-apple-macos.swiftmodule
/Applications/Xcode.app/Contents/Developer/Platforms/MacOSX.platform/Developer/SDKs/MacOSX26.1.sdk/System/Library/Frameworks/SwiftUICore.framework/Modules/module.modulemap
/Applications/Xcode.app/Contents/Developer/Platforms/MacOSX.platform/Developer/SDKs/MacOSX26.1.sdk/System/Library/Frameworks/SwiftUICore.framework/Headers/SwiftUICore.h
/Applications/Xcode.app/Contents/Developer/Platforms/MacOSX.platform/Developer/SDKs/MacOSX26.1.sdk/usr/include/DarwinFoundation1.modulemap
/Applications/Xcode.app/Contents/Developer/Platforms/MacOSX.platform/Developer/SDKs/MacOSX26.1.sdk/System/Library/Frameworks/Foundation.framework/Modules/module.modulemap
/Applications/Xcode.app/Contents/Developer/Platforms/MacOSX.platform/Developer/SDKs/MacOSX26.1.sdk/System/Library/Frameworks/CoreGraphics.framework/Modules/module.modulemap
/Applications/Xcode.app/Contents/Developer/Platforms/MacOSX.platform/Developer/SDKs/MacOSX26.1.sdk/System/Library/Frameworks/CoreText.framework/Modules/module.modulemap
/Applications/Xcode.app/Contents/Developer/Platforms/MacOSX.platform/Developer/SDKs/MacOSX26.1.sdk/System/Library/Frameworks/QuartzCore.framework/Modules/module.modulemap
/Applications/Xcode.app/Contents/Developer/Platforms/MacOSX.platform/Developer/SDKs/MacOSX26.1.sdk/SDKSettings.json
/Applications/Xcode.app/Contents/Developer/Platforms/MacOSX.platform/Developer/SDKs/MacOSX26.1.sdk/System/Library/Frameworks/Symbols.framework/Modules/module.modulemap
/Applications/Xcode.app/Contents/Developer/Platforms/MacOSX.platform/Developer/SDKs/MacOSX26.1.sdk/System/Library/Frameworks/Symbols.framework/Headers/Symbols.h
/Applications/Xcode.app/Contents/Developer/Platforms/MacOSX.platform/Developer/SDKs/MacOSX26.1.sdk/System/Library/Frameworks/Foundation.framework/Modules/module.modulemap
/Applications/Xcode.app/Contents/Developer/Platforms/MacOSX.platform/Developer/SDKs/MacOSX26.1.sdk/System/Library/Frameworks/Symbols.framework/Headers/NSSymbolEffect.h
/Applications/Xcode.app/Contents/Developer/Platforms/MacOSX.platform/Developer/SDKs/MacOSX26.1.sdk/SDKSettings.json
/Applications/Xcode.app/Contents/Developer/Toolchains/XcodeDefault.xctoolchain/usr/lib/swift/macosx/prebuilt-modules/26.1/Symbols.swiftmodule/arm64e-apple-macos.swiftmodule
/Applications/Xcode.app/Contents/Developer/Toolchains/XcodeDefault.xctoolchain/usr/lib/swift/macosx/prebuilt-modules/26.1/System.swiftmodule/arm64e-apple-macos.swiftmodule
/Applications/Xcode.app/Contents/Developer/Toolchains/XcodeDefault.xctoolchain/usr/lib/swift/macosx/prebuilt-modules/26.1/UniformTypeIdentifiers.swiftmodule/arm64e-apple-macos.swiftmodule
/Applications/Xcode.app/Contents/Developer/Platforms/MacOSX.platform/Developer/SDKs/MacOSX26.1.sdk/System/Library/Frameworks/UniformTypeIdentifiers.framework/Headers/UniformTypeIdentifiers.apinotes
/Applications/Xcode.app/Contents/Developer/Platforms/MacOSX.platform/Developer/SDKs/MacOSX26.1.sdk/System/Library/Frameworks/UniformTypeIdentifiers.framework/Modules/module.modulemap
/Applications/Xcode.app/Contents/Developer/Platforms/MacOSX.platform/Developer/SDKs/MacOSX26.1.sdk/System/Library/Frameworks/UniformTypeIdentifiers.framework/Headers/UniformTypeIdentifiers.h
/Applications/Xcode.app/Contents/Developer/Platforms/MacOSX.platform/Developer/SDKs/MacOSX26.1.sdk/System/Library/Frameworks/UniformTypeIdentifiers.framework/Headers/UTDefines.h
/Applications/Xcode.app/Contents/Developer/Platforms/MacOSX.platform/Developer/SDKs/MacOSX26.1.sdk/usr/include/DarwinFoundation1.modulemap
/Applications/Xcode.app/Contents/Developer/Platforms/MacOSX.platform/Developer/SDKs/MacOSX26.1.sdk/System/Library/Frameworks/UniformTypeIdentifiers.framework/Headers/UTTagClass.h
/Applications/Xcode.app/Contents/Developer/Platforms/MacOSX.platform/Developer/SDKs/MacOSX26.1.sdk/System/Library/Frameworks/Foundation.framework/Modules/module.modulemap
/Applications/Xcode.app/Contents/Developer/Platforms/MacOSX.platform/Developer/SDKs/MacOSX26.1.sdk/System/Library/Frameworks/UniformTypeIdentifiers.framework/Headers/UTType.h
/Applications/Xcode.app/Contents/Developer/Platforms/MacOSX.platform/Developer/SDKs/MacOSX26.1.sdk/System/Library/Frameworks/UniformTypeIdentifiers.framework/Headers/UTCoreTypes.h
/Applications/Xcode.app/Contents/Developer/Platforms/MacOSX.platform/Developer/SDKs/MacOSX26.1.sdk/System/Library/Frameworks/UniformTypeIdentifiers.framework/Headers/UTAdditions.h
/Applications/Xcode.app/Contents/Developer/Platforms/MacOSX.platform/Developer/SDKs/MacOSX26.1.sdk/System/Library/Frameworks/UniformTypeIdentifiers.framework/Headers/NSItemProvider+UTType.h
/Applications/Xcode.app/Contents/Developer/Platforms/MacOSX.platform/Developer/SDKs/MacOSX26.1.sdk/SDKSettings.json
/Applications/Xcode.app/Contents/Developer/Platforms/MacOSX.platform/Developer/SDKs/MacOSX26.1.sdk/usr/include/XPC.apinotes
/Applications/Xcode.app/Contents/Developer/Platforms/MacOSX.platform/Developer/SDKs/MacOSX26.1.sdk/usr/include/launch.modulemap
/Applications/Xcode.app/Contents/Developer/Platforms/MacOSX.platform/Developer/SDKs/MacOSX26.1.sdk/usr/include/xpc.modulemap
/Applications/Xcode.app/Contents/Developer/Platforms/MacOSX.platform/Developer/SDKs/MacOSX26.1.sdk/usr/include/dispatch.modulemap
/Applications/Xcode.app/Contents/Developer/Platforms/MacOSX.platform/Developer/SDKs/MacOSX26.1.sdk/usr/include/os.modulemap
/Applications/Xcode.app/Contents/Developer/Platforms/MacOSX.platform/Developer/SDKs/MacOSX26.1.sdk/usr/include/Darwin.modulemap
/Applications/Xcode.app/Contents/Developer/Platforms/MacOSX.platform/Developer/SDKs/MacOSX26.1.sdk/usr/include/Darwin_C.modulemap
/Applications/Xcode.app/Contents/Developer/Platforms/MacOSX.platform/Developer/SDKs/MacOSX26.1.sdk/usr/include/Darwin_POSIX.modulemap
/Applications/Xcode.app/Contents/Developer/Platforms/MacOSX.platform/Developer/SDKs/MacOSX26.1.sdk/usr/include/net.modulemap
/Applications/Xcode.app/Contents/Developer/Platforms/MacOSX.platform/Developer/SDKs/MacOSX26.1.sdk/usr/include/netinet.modulemap
/Applications/Xcode.app/Contents/Developer/Platforms/MacOSX.platform/Developer/SDKs/MacOSX26.1.sdk/usr/include/bank.modulemap
/Applications/Xcode.app/Contents/Developer/Platforms/MacOSX.platform/Developer/SDKs/MacOSX26.1.sdk/usr/include/Darwin_Mach.modulemap
/Applications/Xcode.app/Contents/Developer/Platforms/MacOSX.platform/Developer/SDKs/MacOSX26.1.sdk/usr/include/Darwin_Mach_machine.modulemap
/Applications/Xcode.app/Contents/Developer/Platforms/MacOSX.platform/Developer/SDKs/MacOSX26.1.sdk/usr/include/mach_debug.modulemap
/Applications/Xcode.app/Contents/Developer/Platforms/MacOSX.platform/Developer/SDKs/MacOSX26.1.sdk/usr/include/device.modulemap
/Applications/Xcode.app/Contents/Developer/Platforms/MacOSX.platform/Developer/SDKs/MacOSX26.1.sdk/usr/include/Darwin_machine.modulemap
/Applications/Xcode.app/Contents/Developer/Platforms/MacOSX.platform/Developer/SDKs/MacOSX26.1.sdk/usr/include/ncurses.modulemap
/Applications/Xcode.app/Contents/Developer/Platforms/MacOSX.platform/Developer/SDKs/MacOSX26.1.sdk/usr/include/netinet6.modulemap
/Applications/Xcode.app/Contents/Developer/Platforms/MacOSX.platform/Developer/SDKs/MacOSX26.1.sdk/usr/include/Darwin_sys.modulemap
/Applications/Xcode.app/Contents/Developer/Platforms/MacOSX.platform/Developer/SDKs/MacOSX26.1.sdk/usr/include/uuid.modulemap
/Applications/Xcode.app/Contents/Developer/Platforms/MacOSX.platform/Developer/SDKs/MacOSX26.1.sdk/usr/include/DarwinFoundation2.modulemap
/Applications/Xcode.app/Contents/Developer/Platforms/MacOSX.platform/Developer/SDKs/MacOSX26.1.sdk/usr/include/DarwinFoundation3.modulemap
/Applications/Xcode.app/Contents/Developer/Platforms/MacOSX.platform/Developer/SDKs/MacOSX26.1.sdk/usr/include/DarwinFoundation1.modulemap
/Applications/Xcode.app/Contents/Developer/Platforms/MacOSX.platform/Developer/SDKs/MacOSX26.1.sdk/usr/include/xpc/xpc.h
/Applications/Xcode.app/Contents/Developer/Toolchains/XcodeDefault.xctoolchain/usr/lib/swift/clang/include/module.modulemap
/Applications/Xcode.app/Contents/Developer/Toolchains/XcodeDefault.xctoolchain/usr/lib/swift/clang/include/stdarg.h
/Applications/Xcode.app/Contents/Developer/Platforms/MacOSX.platform/Developer/SDKs/MacOSX26.1.sdk/usr/include/stdlib.h
/Applications/Xcode.app/Contents/Developer/Platforms/MacOSX.platform/Developer/SDKs/MacOSX26.1.sdk/usr/include/stdio.h
/Applications/Xcode.app/Contents/Developer/Platforms/MacOSX.platform/Developer/SDKs/MacOSX26.1.sdk/usr/include/string.h
/Applications/Xcode.app/Contents/Developer/Platforms/MacOSX.platform/Developer/SDKs/MacOSX26.1.sdk/usr/include/xpc/base.h
/Applications/Xcode.app/Contents/Developer/Platforms/MacOSX.platform/Developer/SDKs/MacOSX26.1.sdk/usr/include/xpc/availability.h
/Applications/Xcode.app/Contents/Developer/Platforms/MacOSX.platform/Developer/SDKs/MacOSX26.1.sdk/usr/include/xpc/endpoint.h
/Applications/Xcode.app/Contents/Developer/Platforms/MacOSX.platform/Developer/SDKs/MacOSX26.1.sdk/usr/include/xpc/debug.h
/Applications/Xcode.app/Contents/Developer/Platforms/MacOSX.platform/Developer/SDKs/MacOSX26.1.sdk/usr/include/xpc/activity.h
/Applications/Xcode.app/Contents/Developer/Platforms/MacOSX.platform/Developer/SDKs/MacOSX26.1.sdk/usr/include/xpc/peer_requirement.h
/Applications/Xcode.app/Contents/Developer/Platforms/MacOSX.platform/Developer/SDKs/MacOSX26.1.sdk/usr/include/xpc/connection.h
/Applications/Xcode.app/Contents/Developer/Platforms/MacOSX.platform/Developer/SDKs/MacOSX26.1.sdk/usr/include/xpc/rich_error.h
/Applications/Xcode.app/Contents/Developer/Platforms/MacOSX.platform/Developer/SDKs/MacOSX26.1.sdk/usr/include/xpc/session.h
/Applications/Xcode.app/Contents/Developer/Platforms/MacOSX.platform/Developer/SDKs/MacOSX26.1.sdk/usr/include/xpc/listener.h
/Applications/Xcode.app/Contents/Developer/Platforms/MacOSX.platform/Developer/SDKs/MacOSX26.1.sdk/SDKSettings.json
/Applications/Xcode.app/Contents/Developer/Toolchains/XcodeDefault.xctoolchain/usr/lib/swift/macosx/prebuilt-modules/26.1/XPC.swiftmodule/arm64e-apple-macos.swiftmodule
/Applications/Xcode.app/Contents/Developer/Platforms/MacOSX.platform/Developer/SDKs/MacOSX26.1.sdk/usr/include/DarwinFoundation1.modulemap
/Applications/Xcode.app/Contents/Developer/Platforms/MacOSX.platform/Developer/SDKs/MacOSX26.1.sdk/usr/include/AvailabilityInternal.h
/Applications/Xcode.app/Contents/Developer/Platforms/MacOSX.platform/Developer/SDKs/MacOSX26.1.sdk/usr/include/AvailabilityVersions.h
/Applications/Xcode.app/Contents/Developer/Platforms/MacOSX.platform/Developer/SDKs/MacOSX26.1.sdk/usr/include/AvailabilityInternalLegacy.h
/Applications/Xcode.app/Contents/Developer/Platforms/MacOSX.platform/Developer/SDKs/MacOSX26.1.sdk/SDKSettings.json
/Applications/Xcode.app/Contents/Developer/Toolchains/XcodeDefault.xctoolchain/usr/lib/swift/clang/include/module.modulemap
/Applications/Xcode.app/Contents/Developer/Toolchains/XcodeDefault.xctoolchain/usr/lib/swift/clang/include/float.h
/Applications/Xcode.app/Contents/Developer/Platforms/MacOSX.platform/Developer/SDKs/MacOSX26.1.sdk/SDKSettings.json
/Applications/Xcode.app/Contents/Developer/Toolchains/XcodeDefault.xctoolchain/usr/lib/swift/macosx/prebuilt-modules/26.1/_Builtin_float.swiftmodule/arm64e-apple-macos.swiftmodule
/Applications/Xcode.app/Contents/Developer/Toolchains/XcodeDefault.xctoolchain/usr/lib/swift/clang/include/module.modulemap
/Applications/Xcode.app/Contents/Developer/Toolchains/XcodeDefault.xctoolchain/usr/lib/swift/clang/include/arm_acle.h
/Applications/Xcode.app/Contents/Developer/Toolchains/XcodeDefault.xctoolchain/usr/lib/swift/clang/include/arm_neon.h
/Applications/Xcode.app/Contents/Developer/Toolchains/XcodeDefault.xctoolchain/usr/lib/swift/clang/include/arm_bf16.h
/Applications/Xcode.app/Contents/Developer/Toolchains/XcodeDefault.xctoolchain/usr/lib/swift/clang/include/arm_vector_types.h
/Applications/Xcode.app/Contents/Developer/Toolchains/XcodeDefault.xctoolchain/usr/lib/swift/clang/include/arm_fp16.h
/Applications/Xcode.app/Contents/Developer/Platforms/MacOSX.platform/Developer/SDKs/MacOSX26.1.sdk/SDKSettings.json
/Applications/Xcode.app/Contents/Developer/Toolchains/XcodeDefault.xctoolchain/usr/lib/swift/clang/include/module.modulemap
/Applications/Xcode.app/Contents/Developer/Toolchains/XcodeDefault.xctoolchain/usr/lib/swift/clang/include/inttypes.h
/Applications/Xcode.app/Contents/Developer/Platforms/MacOSX.platform/Developer/SDKs/MacOSX26.1.sdk/usr/include/DarwinFoundation3.modulemap
/Applications/Xcode.app/Contents/Developer/Platforms/MacOSX.platform/Developer/SDKs/MacOSX26.1.sdk/usr/include/inttypes.h
/Applications/Xcode.app/Contents/Developer/Platforms/MacOSX.platform/Developer/SDKs/MacOSX26.1.sdk/SDKSettings.json
/Applications/Xcode.app/Contents/Developer/Toolchains/XcodeDefault.xctoolchain/usr/lib/swift/clang/include/module.modulemap
/Applications/Xcode.app/Contents/Developer/Toolchains/XcodeDefault.xctoolchain/usr/lib/swift/clang/include/limits.h
/Applications/Xcode.app/Contents/Developer/Platforms/MacOSX.platform/Developer/SDKs/MacOSX26.1.sdk/usr/include/DarwinFoundation1.modulemap
/Applications/Xcode.app/Contents/Developer/Platforms/MacOSX.platform/Developer/SDKs/MacOSX26.1.sdk/SDKSettings.json
/Applications/Xcode.app/Contents/Developer/Toolchains/XcodeDefault.xctoolchain/usr/lib/swift/clang/include/module.modulemap
/Applications/Xcode.app/Contents/Developer/Toolchains/XcodeDefault.xctoolchain/usr/lib/swift/clang/include/__stdarg___gnuc_va_list.h
/Applications/Xcode.app/Contents/Developer/Toolchains/XcodeDefault.xctoolchain/usr/lib/swift/clang/include/__stdarg___va_copy.h
/Applications/Xcode.app/Contents/Developer/Toolchains/XcodeDefault.xctoolchain/usr/lib/swift/clang/include/__stdarg_header_macro.h
/Applications/Xcode.app/Contents/Developer/Toolchains/XcodeDefault.xctoolchain/usr/lib/swift/clang/include/__stdarg_va_arg.h
/Applications/Xcode.app/Contents/Developer/Toolchains/XcodeDefault.xctoolchain/usr/lib/swift/clang/include/__stdarg_va_copy.h
/Applications/Xcode.app/Contents/Developer/Toolchains/XcodeDefault.xctoolchain/usr/lib/swift/clang/include/__stdarg_va_list.h
/Applications/Xcode.app/Contents/Developer/Platforms/MacOSX.platform/Developer/SDKs/MacOSX26.1.sdk/SDKSettings.json
/Applications/Xcode.app/Contents/Developer/Toolchains/XcodeDefault.xctoolchain/usr/lib/swift/clang/include/module.modulemap
/Applications/Xcode.app/Contents/Developer/Toolchains/XcodeDefault.xctoolchain/usr/lib/swift/clang/include/stdatomic.h
/Applications/Xcode.app/Contents/Developer/Toolchains/XcodeDefault.xctoolchain/usr/lib/swift/clang/include/stddef.h
/Applications/Xcode.app/Contents/Developer/Platforms/MacOSX.platform/Developer/SDKs/MacOSX26.1.sdk/SDKSettings.json
/Applications/Xcode.app/Contents/Developer/Toolchains/XcodeDefault.xctoolchain/usr/lib/swift/clang/include/module.modulemap
/Applications/Xcode.app/Contents/Developer/Toolchains/XcodeDefault.xctoolchain/usr/lib/swift/clang/include/stdbool.h
/Applications/Xcode.app/Contents/Developer/Platforms/MacOSX.platform/Developer/SDKs/MacOSX26.1.sdk/SDKSettings.json
/Applications/Xcode.app/Contents/Developer/Toolchains/XcodeDefault.xctoolchain/usr/lib/swift/clang/include/module.modulemap
/Applications/Xcode.app/Contents/Developer/Toolchains/XcodeDefault.xctoolchain/usr/lib/swift/clang/include/__stddef_header_macro.h
/Applications/Xcode.app/Contents/Developer/Toolchains/XcodeDefault.xctoolchain/usr/lib/swift/clang/include/__stddef_max_align_t.h
/Applications/Xcode.app/Contents/Developer/Toolchains/XcodeDefault.xctoolchain/usr/lib/swift/clang/include/__stddef_null.h
/Applications/Xcode.app/Contents/Developer/Toolchains/XcodeDefault.xctoolchain/usr/lib/swift/clang/include/__stddef_nullptr_t.h
/Applications/Xcode.app/Contents/Developer/Toolchains/XcodeDefault.xctoolchain/usr/lib/swift/clang/include/__stddef_offsetof.h
/Applications/Xcode.app/Contents/Developer/Toolchains/XcodeDefault.xctoolchain/usr/lib/swift/clang/include/__stddef_ptrdiff_t.h
/Applications/Xcode.app/Contents/Developer/Toolchains/XcodeDefault.xctoolchain/usr/lib/swift/clang/include/__stddef_rsize_t.h
/Applications/Xcode.app/Contents/Developer/Toolchains/XcodeDefault.xctoolchain/usr/lib/swift/clang/include/__stddef_size_t.h
/Applications/Xcode.app/Contents/Developer/Toolchains/XcodeDefault.xctoolchain/usr/lib/swift/clang/include/__stddef_unreachable.h
/Applications/Xcode.app/Contents/Developer/Toolchains/XcodeDefault.xctoolchain/usr/lib/swift/clang/include/__stddef_wchar_t.h
/Applications/Xcode.app/Contents/Developer/Platforms/MacOSX.platform/Developer/SDKs/MacOSX26.1.sdk/SDKSettings.json
/Applications/Xcode.app/Contents/Developer/Toolchains/XcodeDefault.xctoolchain/usr/lib/swift/clang/include/module.modulemap
/Applications/Xcode.app/Contents/Developer/Toolchains/XcodeDefault.xctoolchain/usr/lib/swift/clang/include/stdint.h
/Applications/Xcode.app/Contents/Developer/Platforms/MacOSX.platform/Developer/SDKs/MacOSX26.1.sdk/usr/include/DarwinFoundation2.modulemap
/Applications/Xcode.app/Contents/Developer/Platforms/MacOSX.platform/Developer/SDKs/MacOSX26.1.sdk/SDKSettings.json
/Applications/Xcode.app/Contents/Developer/Toolchains/XcodeDefault.xctoolchain/usr/lib/swift/clang/include/module.modulemap
/Applications/Xcode.app/Contents/Developer/Toolchains/XcodeDefault.xctoolchain/usr/lib/swift/clang/include/tgmath.h
/Applications/Xcode.app/Contents/Developer/Platforms/MacOSX.platform/Developer/SDKs/MacOSX26.1.sdk/usr/include/DarwinFoundation2.modulemap
/Applications/Xcode.app/Contents/Developer/Platforms/MacOSX.platform/Developer/SDKs/MacOSX26.1.sdk/usr/include/DarwinFoundation1.modulemap
/Applications/Xcode.app/Contents/Developer/Platforms/MacOSX.platform/Developer/SDKs/MacOSX26.1.sdk/SDKSettings.json
/Applications/Xcode.app/Contents/Developer/Toolchains/XcodeDefault.xctoolchain/usr/lib/swift/macosx/prebuilt-modules/26.1/_Concurrency.swiftmodule/arm64e-apple-macos.swiftmodule
/Applications/Xcode.app/Contents/Developer/Platforms/MacOSX.platform/Developer/SDKs/MacOSX26.1.sdk/usr/include/DarwinFoundation1.modulemap
/Applications/Xcode.app/Contents/Developer/Platforms/MacOSX.platform/Developer/SDKs/MacOSX26.1.sdk/usr/include/sys/appleapiopts.h
/Applications/Xcode.app/Contents/Developer/Platforms/MacOSX.platform/Developer/SDKs/MacOSX26.1.sdk/usr/include/os/availability.h
/Applications/Xcode.app/Contents/Developer/Platforms/MacOSX.platform/Developer/SDKs/MacOSX26.1.sdk/usr/include/Availability.h
/Applications/Xcode.app/Contents/Developer/Platforms/MacOSX.platform/Developer/SDKs/MacOSX26.1.sdk/usr/include/AvailabilityMacros.h
/Applications/Xcode.app/Contents/Developer/Platforms/MacOSX.platform/Developer/SDKs/MacOSX26.1.sdk/usr/include/TargetConditionals.h
/Applications/Xcode.app/Contents/Developer/Platforms/MacOSX.platform/Developer/SDKs/MacOSX26.1.sdk/usr/include/_bounds.h
/Applications/Xcode.app/Contents/Developer/Platforms/MacOSX.platform/Developer/SDKs/MacOSX26.1.sdk/usr/include/sys/cdefs.h
/Applications/Xcode.app/Contents/Developer/Platforms/MacOSX.platform/Developer/SDKs/MacOSX26.1.sdk/usr/include/sys/_symbol_aliasing.h
/Applications/Xcode.app/Contents/Developer/Platforms/MacOSX.platform/Developer/SDKs/MacOSX26.1.sdk/usr/include/sys/_posix_availability.h
/Applications/Xcode.app/Contents/Developer/Toolchains/XcodeDefault.xctoolchain/usr/lib/swift/clang/include/module.modulemap
/Applications/Xcode.app/Contents/Developer/Platforms/MacOSX.platform/Developer/SDKs/MacOSX26.1.sdk/usr/include/sys/qos.h
/Applications/Xcode.app/Contents/Developer/Platforms/MacOSX.platform/Developer/SDKs/MacOSX26.1.sdk/usr/include/machine/_endian.h
/Applications/Xcode.app/Contents/Developer/Platforms/MacOSX.platform/Developer/SDKs/MacOSX26.1.sdk/usr/include/arm/_endian.h
/Applications/Xcode.app/Contents/Developer/Platforms/MacOSX.platform/Developer/SDKs/MacOSX26.1.sdk/usr/include/sys/__endian.h
/Applications/Xcode.app/Contents/Developer/Platforms/MacOSX.platform/Developer/SDKs/MacOSX26.1.sdk/usr/include/i386/_endian.h
/Applications/Xcode.app/Contents/Developer/Platforms/MacOSX.platform/Developer/SDKs/MacOSX26.1.sdk/usr/include/__xlocale.h
/Applications/Xcode.app/Contents/Developer/Platforms/MacOSX.platform/Developer/SDKs/MacOSX26.1.sdk/usr/include/_mb_cur_max.h
/Applications/Xcode.app/Contents/Developer/Platforms/MacOSX.platform/Developer/SDKs/MacOSX26.1.sdk/usr/include/_types/_locale_t.h
/Applications/Xcode.app/Contents/Developer/Platforms/MacOSX.platform/Developer/SDKs/MacOSX26.1.sdk/usr/include/sys/_types/_u_char.h
/Applications/Xcode.app/Contents/Developer/Platforms/MacOSX.platform/Developer/SDKs/MacOSX26.1.sdk/usr/include/sys/_types/_u_short.h
/Applications/Xcode.app/Contents/Developer/Platforms/MacOSX.platform/Developer/SDKs/MacOSX26.1.sdk/usr/include/sys/_types/_u_int.h
/Applications/Xcode.app/Contents/Developer/Platforms/MacOSX.platform/Developer/SDKs/MacOSX26.1.sdk/usr/include/sys/_types/_u_int8_t.h
/Applications/Xcode.app/Contents/Developer/Platforms/MacOSX.platform/Developer/SDKs/MacOSX26.1.sdk/usr/include/sys/_types/_u_int16_t.h
/Applications/Xcode.app/Contents/Developer/Platforms/MacOSX.platform/Developer/SDKs/MacOSX26.1.sdk/usr/include/sys/_types/_u_int32_t.h
/Applications/Xcode.app/Contents/Developer/Platforms/MacOSX.platform/Developer/SDKs/MacOSX26.1.sdk/usr/include/sys/_types/_u_int64_t.h
/Applications/Xcode.app/Contents/Developer/Platforms/MacOSX.platform/Developer/SDKs/MacOSX26.1.sdk/usr/include/_assert.h
/Applications/Xcode.app/Contents/Developer/Platforms/MacOSX.platform/Developer/SDKs/MacOSX26.1.sdk/usr/include/_static_assert.h
/Applications/Xcode.app/Contents/Developer/Platforms/MacOSX.platform/Developer/SDKs/MacOSX26.1.sdk/usr/include/complex.h
/Applications/Xcode.app/Contents/Developer/Platforms/MacOSX.platform/Developer/SDKs/MacOSX26.1.sdk/usr/include/errno.h
/Applications/Xcode.app/Contents/Developer/Platforms/MacOSX.platform/Developer/SDKs/MacOSX26.1.sdk/usr/include/sys/errno.h
/Applications/Xcode.app/Contents/Developer/Platforms/MacOSX.platform/Developer/SDKs/MacOSX26.1.sdk/usr/include/sys/_types/_errno_t.h
/Applications/Xcode.app/Contents/Developer/Platforms/MacOSX.platform/Developer/SDKs/MacOSX26.1.sdk/usr/include/fenv.h
/Applications/Xcode.app/Contents/Developer/Platforms/MacOSX.platform/Developer/SDKs/MacOSX26.1.sdk/usr/include/limits.h
/Applications/Xcode.app/Contents/Developer/Platforms/MacOSX.platform/Developer/SDKs/MacOSX26.1.sdk/usr/include/machine/limits.h
/Applications/Xcode.app/Contents/Developer/Platforms/MacOSX.platform/Developer/SDKs/MacOSX26.1.sdk/usr/include/arm/limits.h
/Applications/Xcode.app/Contents/Developer/Platforms/MacOSX.platform/Developer/SDKs/MacOSX26.1.sdk/usr/include/arm/_limits.h
/Applications/Xcode.app/Contents/Developer/Platforms/MacOSX.platform/Developer/SDKs/MacOSX26.1.sdk/usr/include/sys/syslimits.h
/Applications/Xcode.app/Contents/Developer/Platforms/MacOSX.platform/Developer/SDKs/MacOSX26.1.sdk/usr/include/i386/limits.h
/Applications/Xcode.app/Contents/Developer/Platforms/MacOSX.platform/Developer/SDKs/MacOSX26.1.sdk/usr/include/machine/_limits.h
/Applications/Xcode.app/Contents/Developer/Platforms/MacOSX.platform/Developer/SDKs/MacOSX26.1.sdk/usr/include/i386/_limits.h
/Applications/Xcode.app/Contents/Developer/Platforms/MacOSX.platform/Developer/SDKs/MacOSX26.1.sdk/usr/include/math.h
/Applications/Xcode.app/Contents/Developer/Platforms/MacOSX.platform/Developer/SDKs/MacOSX26.1.sdk/usr/include/setjmp.h
/Applications/Xcode.app/Contents/Developer/Platforms/MacOSX.platform/Developer/SDKs/MacOSX26.1.sdk/SDKSettings.json
/Applications/Xcode.app/Contents/Developer/Toolchains/XcodeDefault.xctoolchain/usr/lib/swift/macosx/prebuilt-modules/26.1/_DarwinFoundation1.swiftmodule/arm64e-apple-macos.swiftmodule
/Applications/Xcode.app/Contents/Developer/Platforms/MacOSX.platform/Developer/SDKs/MacOSX26.1.sdk/usr/include/_DarwinFoundation2.apinotes
/Applications/Xcode.app/Contents/Developer/Platforms/MacOSX.platform/Developer/SDKs/MacOSX26.1.sdk/usr/include/DarwinFoundation2.modulemap
/Applications/Xcode.app/Contents/Developer/Platforms/MacOSX.platform/Developer/SDKs/MacOSX26.1.sdk/usr/include/DarwinFoundation1.modulemap
/Applications/Xcode.app/Contents/Developer/Platforms/MacOSX.platform/Developer/SDKs/MacOSX26.1.sdk/usr/include/nl_types.h
/Applications/Xcode.app/Contents/Developer/Platforms/MacOSX.platform/Developer/SDKs/MacOSX26.1.sdk/usr/include/sys/types.h
/Applications/Xcode.app/Contents/Developer/Platforms/MacOSX.platform/Developer/SDKs/MacOSX26.1.sdk/usr/include/machine/types.h
/Applications/Xcode.app/Contents/Developer/Platforms/MacOSX.platform/Developer/SDKs/MacOSX26.1.sdk/usr/include/arm/types.h
/Applications/Xcode.app/Contents/Developer/Platforms/MacOSX.platform/Developer/SDKs/MacOSX26.1.sdk/usr/include/arm/_types.h
/Applications/Xcode.app/Contents/Developer/Platforms/MacOSX.platform/Developer/SDKs/MacOSX26.1.sdk/usr/include/sys/_types/_ptrdiff_t.h
/Applications/Xcode.app/Contents/Developer/Toolchains/XcodeDefault.xctoolchain/usr/lib/swift/clang/include/module.modulemap
/Applications/Xcode.app/Contents/Developer/Toolchains/XcodeDefault.xctoolchain/usr/lib/swift/clang/include/stddef.h
/Applications/Xcode.app/Contents/Developer/Platforms/MacOSX.platform/Developer/SDKs/MacOSX26.1.sdk/usr/include/sys/_types/_size_t.h
/Applications/Xcode.app/Contents/Developer/Platforms/MacOSX.platform/Developer/SDKs/MacOSX26.1.sdk/usr/include/sys/_types/_va_list.h
/Applications/Xcode.app/Contents/Developer/Toolchains/XcodeDefault.xctoolchain/usr/lib/swift/clang/include/stdarg.h
/Applications/Xcode.app/Contents/Developer/Platforms/MacOSX.platform/Developer/SDKs/MacOSX26.1.sdk/usr/include/sys/_types/_wchar_t.h
/Applications/Xcode.app/Contents/Developer/Platforms/MacOSX.platform/Developer/SDKs/MacOSX26.1.sdk/usr/include/sys/_types/_int8_t.h
/Applications/Xcode.app/Contents/Developer/Platforms/MacOSX.platform/Developer/SDKs/MacOSX26.1.sdk/usr/include/sys/_types/_int16_t.h
/Applications/Xcode.app/Contents/Developer/Platforms/MacOSX.platform/Developer/SDKs/MacOSX26.1.sdk/usr/include/sys/_types/_int32_t.h
/Applications/Xcode.app/Contents/Developer/Platforms/MacOSX.platform/Developer/SDKs/MacOSX26.1.sdk/usr/include/sys/_types/_int64_t.h
/Applications/Xcode.app/Contents/Developer/Platforms/MacOSX.platform/Developer/SDKs/MacOSX26.1.sdk/usr/include/sys/_types/_intptr_t.h
/Applications/Xcode.app/Contents/Developer/Platforms/MacOSX.platform/Developer/SDKs/MacOSX26.1.sdk/usr/include/machine/_types.h
/Applications/Xcode.app/Contents/Developer/Platforms/MacOSX.platform/Developer/SDKs/MacOSX26.1.sdk/usr/include/sys/_types/_uintptr_t.h
/Applications/Xcode.app/Contents/Developer/Platforms/MacOSX.platform/Developer/SDKs/MacOSX26.1.sdk/usr/include/sys/_types.h
/Applications/Xcode.app/Contents/Developer/Platforms/MacOSX.platform/Developer/SDKs/MacOSX26.1.sdk/usr/include/sys/_types/_null.h
/Applications/Xcode.app/Contents/Developer/Platforms/MacOSX.platform/Developer/SDKs/MacOSX26.1.sdk/usr/include/sys/_pthread/_pthread_types.h
/Applications/Xcode.app/Contents/Developer/Platforms/MacOSX.platform/Developer/SDKs/MacOSX26.1.sdk/usr/include/machine/endian.h
/Applications/Xcode.app/Contents/Developer/Platforms/MacOSX.platform/Developer/SDKs/MacOSX26.1.sdk/usr/include/arm/endian.h
/Applications/Xcode.app/Contents/Developer/Platforms/MacOSX.platform/Developer/SDKs/MacOSX26.1.sdk/usr/include/sys/_endian.h
/Applications/Xcode.app/Contents/Developer/Platforms/MacOSX.platform/Developer/SDKs/MacOSX26.1.sdk/usr/include/libkern/_OSByteOrder.h
/Applications/Xcode.app/Contents/Developer/Platforms/MacOSX.platform/Developer/SDKs/MacOSX26.1.sdk/usr/include/libkern/arm/_OSByteOrder.h
/Applications/Xcode.app/Contents/Developer/Platforms/MacOSX.platform/Developer/SDKs/MacOSX26.1.sdk/usr/include/sys/_types/_caddr_t.h
/Applications/Xcode.app/Contents/Developer/Platforms/MacOSX.platform/Developer/SDKs/MacOSX26.1.sdk/usr/include/sys/_types/_dev_t.h
/Applications/Xcode.app/Contents/Developer/Platforms/MacOSX.platform/Developer/SDKs/MacOSX26.1.sdk/usr/include/sys/_types/_blkcnt_t.h
/Applications/Xcode.app/Contents/Developer/Platforms/MacOSX.platform/Developer/SDKs/MacOSX26.1.sdk/usr/include/sys/_types/_blksize_t.h
/Applications/Xcode.app/Contents/Developer/Platforms/MacOSX.platform/Developer/SDKs/MacOSX26.1.sdk/usr/include/sys/_types/_gid_t.h
/Applications/Xcode.app/Contents/Developer/Platforms/MacOSX.platform/Developer/SDKs/MacOSX26.1.sdk/usr/include/sys/_types/_in_addr_t.h
/Applications/Xcode.app/Contents/Developer/Platforms/MacOSX.platform/Developer/SDKs/MacOSX26.1.sdk/usr/include/sys/_types/_in_port_t.h
/Applications/Xcode.app/Contents/Developer/Platforms/MacOSX.platform/Developer/SDKs/MacOSX26.1.sdk/usr/include/sys/_types/_ino_t.h
/Applications/Xcode.app/Contents/Developer/Platforms/MacOSX.platform/Developer/SDKs/MacOSX26.1.sdk/usr/include/sys/_types/_ino64_t.h
/Applications/Xcode.app/Contents/Developer/Platforms/MacOSX.platform/Developer/SDKs/MacOSX26.1.sdk/usr/include/sys/_types/_key_t.h
/Applications/Xcode.app/Contents/Developer/Platforms/MacOSX.platform/Developer/SDKs/MacOSX26.1.sdk/usr/include/sys/_types/_mode_t.h
/Applications/Xcode.app/Contents/Developer/Platforms/MacOSX.platform/Developer/SDKs/MacOSX26.1.sdk/usr/include/sys/_types/_nlink_t.h
/Applications/Xcode.app/Contents/Developer/Platforms/MacOSX.platform/Developer/SDKs/MacOSX26.1.sdk/usr/include/sys/_types/_id_t.h
/Applications/Xcode.app/Contents/Developer/Platforms/MacOSX.platform/Developer/SDKs/MacOSX26.1.sdk/usr/include/sys/_types/_pid_t.h
/Applications/Xcode.app/Contents/Developer/Platforms/MacOSX.platform/Developer/SDKs/MacOSX26.1.sdk/usr/include/sys/_types/_off_t.h
/Applications/Xcode.app/Contents/Developer/Platforms/MacOSX.platform/Developer/SDKs/MacOSX26.1.sdk/usr/include/sys/_types/_uid_t.h
/Applications/Xcode.app/Contents/Developer/Platforms/MacOSX.platform/Developer/SDKs/MacOSX26.1.sdk/usr/include/sys/_types/_clock_t.h
/Applications/Xcode.app/Contents/Developer/Platforms/MacOSX.platform/Developer/SDKs/MacOSX26.1.sdk/usr/include/sys/_types/_ssize_t.h
/Applications/Xcode.app/Contents/Developer/Platforms/MacOSX.platform/Developer/SDKs/MacOSX26.1.sdk/usr/include/sys/_types/_time_t.h
/Applications/Xcode.app/Contents/Developer/Platforms/MacOSX.platform/Developer/SDKs/MacOSX26.1.sdk/usr/include/sys/_types/_useconds_t.h
/Applications/Xcode.app/Contents/Developer/Platforms/MacOSX.platform/Developer/SDKs/MacOSX26.1.sdk/usr/include/sys/_types/_suseconds_t.h
/Applications/Xcode.app/Contents/Developer/Platforms/MacOSX.platform/Developer/SDKs/MacOSX26.1.sdk/usr/include/sys/_types/_rsize_t.h
/Applications/Xcode.app/Contents/Developer/Platforms/MacOSX.platform/Developer/SDKs/MacOSX26.1.sdk/usr/include/sys/_types/_fd_def.h
/Applications/Xcode.app/Contents/Developer/Platforms/MacOSX.platform/Developer/SDKs/MacOSX26.1.sdk/usr/include/sys/_types/_fd_setsize.h
/Applications/Xcode.app/Contents/Developer/Platforms/MacOSX.platform/Developer/SDKs/MacOSX26.1.sdk/usr/include/sys/_types/_fd_set.h
/Applications/Xcode.app/Contents/Developer/Platforms/MacOSX.platform/Developer/SDKs/MacOSX26.1.sdk/usr/include/sys/_types/_fd_clr.h
/Applications/Xcode.app/Contents/Developer/Platforms/MacOSX.platform/Developer/SDKs/MacOSX26.1.sdk/usr/include/sys/_types/_fd_zero.h
/Applications/Xcode.app/Contents/Developer/Platforms/MacOSX.platform/Developer/SDKs/MacOSX26.1.sdk/usr/include/sys/_types/_fd_isset.h
/Applications/Xcode.app/Contents/Developer/Platforms/MacOSX.platform/Developer/SDKs/MacOSX26.1.sdk/usr/include/sys/_types/_fd_copy.h
/Applications/Xcode.app/Contents/Developer/Platforms/MacOSX.platform/Developer/SDKs/MacOSX26.1.sdk/usr/include/sys/_pthread/_pthread_attr_t.h
/Applications/Xcode.app/Contents/Developer/Platforms/MacOSX.platform/Developer/SDKs/MacOSX26.1.sdk/usr/include/sys/_pthread/_pthread_cond_t.h
/Applications/Xcode.app/Contents/Developer/Platforms/MacOSX.platform/Developer/SDKs/MacOSX26.1.sdk/usr/include/sys/_pthread/_pthread_condattr_t.h
/Applications/Xcode.app/Contents/Developer/Platforms/MacOSX.platform/Developer/SDKs/MacOSX26.1.sdk/usr/include/sys/_pthread/_pthread_mutex_t.h
/Applications/Xcode.app/Contents/Developer/Platforms/MacOSX.platform/Developer/SDKs/MacOSX26.1.sdk/usr/include/sys/_pthread/_pthread_mutexattr_t.h
/Applications/Xcode.app/Contents/Developer/Platforms/MacOSX.platform/Developer/SDKs/MacOSX26.1.sdk/usr/include/sys/_pthread/_pthread_once_t.h
/Applications/Xcode.app/Contents/Developer/Platforms/MacOSX.platform/Developer/SDKs/MacOSX26.1.sdk/usr/include/sys/_pthread/_pthread_rwlock_t.h
/Applications/Xcode.app/Contents/Developer/Platforms/MacOSX.platform/Developer/SDKs/MacOSX26.1.sdk/usr/include/sys/_pthread/_pthread_rwlockattr_t.h
/Applications/Xcode.app/Contents/Developer/Platforms/MacOSX.platform/Developer/SDKs/MacOSX26.1.sdk/usr/include/sys/_pthread/_pthread_t.h
/Applications/Xcode.app/Contents/Developer/Platforms/MacOSX.platform/Developer/SDKs/MacOSX26.1.sdk/usr/include/sys/_pthread/_pthread_key_t.h
/Applications/Xcode.app/Contents/Developer/Platforms/MacOSX.platform/Developer/SDKs/MacOSX26.1.sdk/usr/include/sys/_types/_fsblkcnt_t.h
/Applications/Xcode.app/Contents/Developer/Platforms/MacOSX.platform/Developer/SDKs/MacOSX26.1.sdk/usr/include/sys/_types/_fsfilcnt_t.h
/Applications/Xcode.app/Contents/Developer/Platforms/MacOSX.platform/Developer/SDKs/MacOSX26.1.sdk/usr/include/_types.h
/Applications/Xcode.app/Contents/Developer/Platforms/MacOSX.platform/Developer/SDKs/MacOSX26.1.sdk/usr/include/_types/_nl_item.h
/Applications/Xcode.app/Contents/Developer/Platforms/MacOSX.platform/Developer/SDKs/MacOSX26.1.sdk/usr/include/runetype.h
/Applications/Xcode.app/Contents/Developer/Platforms/MacOSX.platform/Developer/SDKs/MacOSX26.1.sdk/usr/include/sys/_types/_ct_rune_t.h
/Applications/Xcode.app/Contents/Developer/Platforms/MacOSX.platform/Developer/SDKs/MacOSX26.1.sdk/usr/include/sys/_types/_rune_t.h
/Applications/Xcode.app/Contents/Developer/Platforms/MacOSX.platform/Developer/SDKs/MacOSX26.1.sdk/usr/include/sys/_types/_wint_t.h
/Applications/Xcode.app/Contents/Developer/Platforms/MacOSX.platform/Developer/SDKs/MacOSX26.1.sdk/usr/include/alloca.h
/Applications/Xcode.app/Contents/Developer/Platforms/MacOSX.platform/Developer/SDKs/MacOSX26.1.sdk/usr/include/i386/endian.h
/Applications/Xcode.app/Contents/Developer/Platforms/MacOSX.platform/Developer/SDKs/MacOSX26.1.sdk/usr/include/libkern/i386/_OSByteOrder.h
/Applications/Xcode.app/Contents/Developer/Platforms/MacOSX.platform/Developer/SDKs/MacOSX26.1.sdk/usr/include/secure/_common.h
/Applications/Xcode.app/Contents/Developer/Platforms/MacOSX.platform/Developer/SDKs/MacOSX26.1.sdk/usr/include/sys/_types/_mach_port_t.h
/Applications/Xcode.app/Contents/Developer/Platforms/MacOSX.platform/Developer/SDKs/MacOSX26.1.sdk/usr/include/sys/_types/_offsetof.h
/Applications/Xcode.app/Contents/Developer/Platforms/MacOSX.platform/Developer/SDKs/MacOSX26.1.sdk/usr/include/_strings.h
/Applications/Xcode.app/Contents/Developer/Platforms/MacOSX.platform/Developer/SDKs/MacOSX26.1.sdk/usr/include/secure/_strings.h
/Applications/Xcode.app/Contents/Developer/Platforms/MacOSX.platform/Developer/SDKs/MacOSX26.1.sdk/usr/include/sys/_types/_timeval.h
/Applications/Xcode.app/Contents/Developer/Platforms/MacOSX.platform/Developer/SDKs/MacOSX26.1.sdk/usr/include/sys/_types/_uuid_t.h
/Applications/Xcode.app/Contents/Developer/Platforms/MacOSX.platform/Developer/SDKs/MacOSX26.1.sdk/usr/include/i386/types.h
/Applications/Xcode.app/Contents/Developer/Platforms/MacOSX.platform/Developer/SDKs/MacOSX26.1.sdk/usr/include/i386/_types.h
/Applications/Xcode.app/Contents/Developer/Platforms/MacOSX.platform/Developer/SDKs/MacOSX26.1.sdk/usr/include/_ctype.h
/Applications/Xcode.app/Contents/Developer/Platforms/MacOSX.platform/Developer/SDKs/MacOSX26.1.sdk/usr/include/xlocale/_ctype.h
/Applications/Xcode.app/Contents/Developer/Platforms/MacOSX.platform/Developer/SDKs/MacOSX26.1.sdk/usr/include/locale.h
/Applications/Xcode.app/Contents/Developer/Platforms/MacOSX.platform/Developer/SDKs/MacOSX26.1.sdk/usr/include/_locale.h
/Applications/Xcode.app/Contents/Developer/Platforms/MacOSX.platform/Developer/SDKs/MacOSX26.1.sdk/usr/include/_locale_posix2008.h
/Applications/Xcode.app/Contents/Developer/Platforms/MacOSX.platform/Developer/SDKs/MacOSX26.1.sdk/usr/include/stdint.h
/Applications/Xcode.app/Contents/Developer/Platforms/MacOSX.platform/Developer/SDKs/MacOSX26.1.sdk/usr/include/_types/_uint8_t.h
/Applications/Xcode.app/Contents/Developer/Platforms/MacOSX.platform/Developer/SDKs/MacOSX26.1.sdk/usr/include/_types/_uint16_t.h
/Applications/Xcode.app/Contents/Developer/Platforms/MacOSX.platform/Developer/SDKs/MacOSX26.1.sdk/usr/include/_types/_uint32_t.h
/Applications/Xcode.app/Contents/Developer/Platforms/MacOSX.platform/Developer/SDKs/MacOSX26.1.sdk/usr/include/_types/_uint64_t.h
/Applications/Xcode.app/Contents/Developer/Platforms/MacOSX.platform/Developer/SDKs/MacOSX26.1.sdk/usr/include/_types/_intmax_t.h
/Applications/Xcode.app/Contents/Developer/Platforms/MacOSX.platform/Developer/SDKs/MacOSX26.1.sdk/usr/include/_types/_uintmax_t.h
/Applications/Xcode.app/Contents/Developer/Platforms/MacOSX.platform/Developer/SDKs/MacOSX26.1.sdk/usr/include/_stdio.h
/Applications/Xcode.app/Contents/Developer/Platforms/MacOSX.platform/Developer/SDKs/MacOSX26.1.sdk/usr/include/sys/stdio.h
/Applications/Xcode.app/Contents/Developer/Platforms/MacOSX.platform/Developer/SDKs/MacOSX26.1.sdk/usr/include/_printf.h
/Applications/Xcode.app/Contents/Developer/Platforms/MacOSX.platform/Developer/SDKs/MacOSX26.1.sdk/usr/include/sys/_types/_seek_set.h
/Applications/Xcode.app/Contents/Developer/Platforms/MacOSX.platform/Developer/SDKs/MacOSX26.1.sdk/usr/include/_ctermid.h
/Applications/Xcode.app/Contents/Developer/Platforms/MacOSX.platform/Developer/SDKs/MacOSX26.1.sdk/usr/include/secure/_stdio.h
/Applications/Xcode.app/Contents/Developer/Platforms/MacOSX.platform/Developer/SDKs/MacOSX26.1.sdk/usr/include/xlocale/_stdio.h
/Applications/Xcode.app/Contents/Developer/Platforms/MacOSX.platform/Developer/SDKs/MacOSX26.1.sdk/usr/include/_string.h
/Applications/Xcode.app/Contents/Developer/Platforms/MacOSX.platform/Developer/SDKs/MacOSX26.1.sdk/usr/include/secure/_string.h
/Applications/Xcode.app/Contents/Developer/Platforms/MacOSX.platform/Developer/SDKs/MacOSX26.1.sdk/usr/include/xlocale/_string.h
/Applications/Xcode.app/Contents/Developer/Platforms/MacOSX.platform/Developer/SDKs/MacOSX26.1.sdk/usr/include/tgmath.h
/Applications/Xcode.app/Contents/Developer/Platforms/MacOSX.platform/Developer/SDKs/MacOSX26.1.sdk/usr/include/_time.h
/Applications/Xcode.app/Contents/Developer/Platforms/MacOSX.platform/Developer/SDKs/MacOSX26.1.sdk/usr/include/sys/_types/_timespec.h
/Applications/Xcode.app/Contents/Developer/Platforms/MacOSX.platform/Developer/SDKs/MacOSX26.1.sdk/usr/include/xlocale/_time.h
/Applications/Xcode.app/Contents/Developer/Platforms/MacOSX.platform/Developer/SDKs/MacOSX26.1.sdk/SDKSettings.json
/Applications/Xcode.app/Contents/Developer/Toolchains/XcodeDefault.xctoolchain/usr/lib/swift/macosx/prebuilt-modules/26.1/_DarwinFoundation2.swiftmodule/arm64e-apple-macos.swiftmodule
/Applications/Xcode.app/Contents/Developer/Toolchains/XcodeDefault.xctoolchain/usr/lib/swift/macosx/prebuilt-modules/26.1/_DarwinFoundation3.swiftmodule/arm64e-apple-macos.swiftmodule
/Applications/Xcode.app/Contents/Developer/Platforms/MacOSX.platform/Developer/SDKs/MacOSX26.1.sdk/usr/include/DarwinFoundation2.modulemap
/Applications/Xcode.app/Contents/Developer/Platforms/MacOSX.platform/Developer/SDKs/MacOSX26.1.sdk/usr/include/DarwinFoundation3.modulemap
/Applications/Xcode.app/Contents/Developer/Platforms/MacOSX.platform/Developer/SDKs/MacOSX26.1.sdk/usr/include/DarwinFoundation1.modulemap
/Applications/Xcode.app/Contents/Developer/Platforms/MacOSX.platform/Developer/SDKs/MacOSX26.1.sdk/usr/include/pthread/pthread.h
/Applications/Xcode.app/Contents/Developer/Platforms/MacOSX.platform/Developer/SDKs/MacOSX26.1.sdk/usr/include/pthread/sched.h
/Applications/Xcode.app/Contents/Developer/Platforms/MacOSX.platform/Developer/SDKs/MacOSX26.1.sdk/usr/include/pthread/pthread_impl.h
/Applications/Xcode.app/Contents/Developer/Platforms/MacOSX.platform/Developer/SDKs/MacOSX26.1.sdk/usr/include/time.h
/Applications/Xcode.app/Contents/Developer/Platforms/MacOSX.platform/Developer/SDKs/MacOSX26.1.sdk/usr/include/pthread/qos.h
/Applications/Xcode.app/Contents/Developer/Platforms/MacOSX.platform/Developer/SDKs/MacOSX26.1.sdk/usr/include/sys/_types/_sigset_t.h
/Applications/Xcode.app/Contents/Developer/Platforms/MacOSX.platform/Developer/SDKs/MacOSX26.1.sdk/usr/include/sys/resource.h
/Applications/Xcode.app/Contents/Developer/Toolchains/XcodeDefault.xctoolchain/usr/lib/swift/clang/include/module.modulemap
/Applications/Xcode.app/Contents/Developer/Platforms/MacOSX.platform/Developer/SDKs/MacOSX26.1.sdk/usr/include/sys/select.h
/Applications/Xcode.app/Contents/Developer/Platforms/MacOSX.platform/Developer/SDKs/MacOSX26.1.sdk/usr/include/sys/_select.h
/Applications/Xcode.app/Contents/Developer/Platforms/MacOSX.platform/Developer/SDKs/MacOSX26.1.sdk/usr/include/sys/wait.h
/Applications/Xcode.app/Contents/Developer/Platforms/MacOSX.platform/Developer/SDKs/MacOSX26.1.sdk/usr/include/sys/signal.h
/Applications/Xcode.app/Contents/Developer/Platforms/MacOSX.platform/Developer/SDKs/MacOSX26.1.sdk/usr/include/machine/signal.h
/Applications/Xcode.app/Contents/Developer/Platforms/MacOSX.platform/Developer/SDKs/MacOSX26.1.sdk/usr/include/arm/signal.h
/Applications/Xcode.app/Contents/Developer/Platforms/MacOSX.platform/Developer/SDKs/MacOSX26.1.sdk/usr/include/machine/_mcontext.h
/Applications/Xcode.app/Contents/Developer/Platforms/MacOSX.platform/Developer/SDKs/MacOSX26.1.sdk/usr/include/arm/_mcontext.h
/Applications/Xcode.app/Contents/Developer/Platforms/MacOSX.platform/Developer/SDKs/MacOSX26.1.sdk/usr/include/mach/machine/_structs.h
/Applications/Xcode.app/Contents/Developer/Platforms/MacOSX.platform/Developer/SDKs/MacOSX26.1.sdk/usr/include/mach/arm/_structs.h
/Applications/Xcode.app/Contents/Developer/Platforms/MacOSX.platform/Developer/SDKs/MacOSX26.1.sdk/usr/include/sys/_types/_sigaltstack.h
/Applications/Xcode.app/Contents/Developer/Platforms/MacOSX.platform/Developer/SDKs/MacOSX26.1.sdk/usr/include/sys/_types/_ucontext.h
/Applications/Xcode.app/Contents/Developer/Platforms/MacOSX.platform/Developer/SDKs/MacOSX26.1.sdk/usr/include/unistd.h
/Applications/Xcode.app/Contents/Developer/Platforms/MacOSX.platform/Developer/SDKs/MacOSX26.1.sdk/usr/include/sys/unistd.h
/Applications/Xcode.app/Contents/Developer/Platforms/MacOSX.platform/Developer/SDKs/MacOSX26.1.sdk/usr/include/sys/_types/_posix_vdisable.h
/Applications/Xcode.app/Contents/Developer/Platforms/MacOSX.platform/Developer/SDKs/MacOSX26.1.sdk/usr/include/gethostuuid.h
/Applications/Xcode.app/Contents/Developer/Platforms/MacOSX.platform/Developer/SDKs/MacOSX26.1.sdk/usr/include/mach/i386/_structs.h
/Applications/Xcode.app/Contents/Developer/Platforms/MacOSX.platform/Developer/SDKs/MacOSX26.1.sdk/usr/include/_inttypes.h
/Applications/Xcode.app/Contents/Developer/Platforms/MacOSX.platform/Developer/SDKs/MacOSX26.1.sdk/usr/include/xlocale/_inttypes.h
/Applications/Xcode.app/Contents/Developer/Toolchains/XcodeDefault.xctoolchain/usr/lib/swift/clang/include/stddef.h
/Applications/Xcode.app/Contents/Developer/Platforms/MacOSX.platform/Developer/SDKs/MacOSX26.1.sdk/usr/include/signal.h
/Applications/Xcode.app/Contents/Developer/Platforms/MacOSX.platform/Developer/SDKs/MacOSX26.1.sdk/usr/include/i386/signal.h
/Applications/Xcode.app/Contents/Developer/Platforms/MacOSX.platform/Developer/SDKs/MacOSX26.1.sdk/usr/include/i386/_mcontext.h
/Applications/Xcode.app/Contents/Developer/Platforms/MacOSX.platform/Developer/SDKs/MacOSX26.1.sdk/usr/include/_stdlib.h
/Applications/Xcode.app/Contents/Developer/Platforms/MacOSX.platform/Developer/SDKs/MacOSX26.1.sdk/usr/include/malloc/_malloc.h
/Applications/Xcode.app/Contents/Developer/Platforms/MacOSX.platform/Developer/SDKs/MacOSX26.1.sdk/usr/include/malloc/_malloc_type.h
/Applications/Xcode.app/Contents/Developer/Platforms/MacOSX.platform/Developer/SDKs/MacOSX26.1.sdk/usr/include/malloc/_ptrcheck.h
/Applications/Xcode.app/Contents/Developer/Platforms/MacOSX.platform/Developer/SDKs/MacOSX26.1.sdk/usr/include/_abort.h
/Applications/Xcode.app/Contents/Developer/Platforms/MacOSX.platform/Developer/SDKs/MacOSX26.1.sdk/usr/include/xlocale/_stdlib.h
/Applications/Xcode.app/Contents/Developer/Platforms/MacOSX.platform/Developer/SDKs/MacOSX26.1.sdk/usr/include/_wchar.h
/Applications/Xcode.app/Contents/Developer/Platforms/MacOSX.platform/Developer/SDKs/MacOSX26.1.sdk/usr/include/sys/_types/_mbstate_t.h
/Applications/Xcode.app/Contents/Developer/Toolchains/XcodeDefault.xctoolchain/usr/lib/swift/clang/include/stdarg.h
/Applications/Xcode.app/Contents/Developer/Platforms/MacOSX.platform/Developer/SDKs/MacOSX26.1.sdk/usr/include/stdio.h
/Applications/Xcode.app/Contents/Developer/Platforms/MacOSX.platform/Developer/SDKs/MacOSX26.1.sdk/usr/include/__wctype.h
/Applications/Xcode.app/Contents/Developer/Platforms/MacOSX.platform/Developer/SDKs/MacOSX26.1.sdk/usr/include/___wctype.h
/Applications/Xcode.app/Contents/Developer/Platforms/MacOSX.platform/Developer/SDKs/MacOSX26.1.sdk/usr/include/_types/_wctype_t.h
/Applications/Xcode.app/Contents/Developer/Platforms/MacOSX.platform/Developer/SDKs/MacOSX26.1.sdk/usr/include/ctype.h
/Applications/Xcode.app/Contents/Developer/Platforms/MacOSX.platform/Developer/SDKs/MacOSX26.1.sdk/usr/include/xlocale/_wchar.h
/Applications/Xcode.app/Contents/Developer/Platforms/MacOSX.platform/Developer/SDKs/MacOSX26.1.sdk/usr/include/_wctype.h
/Applications/Xcode.app/Contents/Developer/Platforms/MacOSX.platform/Developer/SDKs/MacOSX26.1.sdk/usr/include/_types/_wctrans_t.h
/Applications/Xcode.app/Contents/Developer/Platforms/MacOSX.platform/Developer/SDKs/MacOSX26.1.sdk/usr/include/xlocale/_wctype.h
/Applications/Xcode.app/Contents/Developer/Platforms/MacOSX.platform/Developer/SDKs/MacOSX26.1.sdk/usr/include/xlocale/___wctype.h
/Applications/Xcode.app/Contents/Developer/Platforms/MacOSX.platform/Developer/SDKs/MacOSX26.1.sdk/SDKSettings.json
/Applications/Xcode.app/Contents/Developer/Toolchains/XcodeDefault.xctoolchain/usr/lib/swift/macosx/prebuilt-modules/26.1/_StringProcessing.swiftmodule/arm64e-apple-macos.swiftmodule
/Applications/Xcode.app/Contents/Developer/Platforms/MacOSX.platform/Developer/SDKs/MacOSX26.1.sdk/usr/lib/swift/shims/module.modulemap
/Applications/Xcode.app/Contents/Developer/Platforms/MacOSX.platform/Developer/SDKs/MacOSX26.1.sdk/usr/lib/swift/shims/_SwiftConcurrency.h
/Applications/Xcode.app/Contents/Developer/Platforms/MacOSX.platform/Developer/SDKs/MacOSX26.1.sdk/SDKSettings.json
/Applications/Xcode.app/Contents/Developer/Platforms/MacOSX.platform/Developer/SDKs/MacOSX26.1.sdk/usr/include/launch.modulemap
/Applications/Xcode.app/Contents/Developer/Platforms/MacOSX.platform/Developer/SDKs/MacOSX26.1.sdk/usr/include/Darwin.modulemap
/Applications/Xcode.app/Contents/Developer/Platforms/MacOSX.platform/Developer/SDKs/MacOSX26.1.sdk/usr/include/Darwin_C.modulemap
/Applications/Xcode.app/Contents/Developer/Platforms/MacOSX.platform/Developer/SDKs/MacOSX26.1.sdk/usr/include/Darwin_POSIX.modulemap
/Applications/Xcode.app/Contents/Developer/Platforms/MacOSX.platform/Developer/SDKs/MacOSX26.1.sdk/usr/include/net.modulemap
/Applications/Xcode.app/Contents/Developer/Platforms/MacOSX.platform/Developer/SDKs/MacOSX26.1.sdk/usr/include/netinet.modulemap
/Applications/Xcode.app/Contents/Developer/Platforms/MacOSX.platform/Developer/SDKs/MacOSX26.1.sdk/usr/include/bank.modulemap
/Applications/Xcode.app/Contents/Developer/Platforms/MacOSX.platform/Developer/SDKs/MacOSX26.1.sdk/usr/include/Darwin_Mach.modulemap
/Applications/Xcode.app/Contents/Developer/Platforms/MacOSX.platform/Developer/SDKs/MacOSX26.1.sdk/usr/include/Darwin_Mach_machine.modulemap
/Applications/Xcode.app/Contents/Developer/Platforms/MacOSX.platform/Developer/SDKs/MacOSX26.1.sdk/usr/include/mach_debug.modulemap
/Applications/Xcode.app/Contents/Developer/Platforms/MacOSX.platform/Developer/SDKs/MacOSX26.1.sdk/usr/include/device.modulemap
/Applications/Xcode.app/Contents/Developer/Platforms/MacOSX.platform/Developer/SDKs/MacOSX26.1.sdk/usr/include/Darwin_machine.modulemap
/Applications/Xcode.app/Contents/Developer/Platforms/MacOSX.platform/Developer/SDKs/MacOSX26.1.sdk/usr/include/ncurses.modulemap
/Applications/Xcode.app/Contents/Developer/Platforms/MacOSX.platform/Developer/SDKs/MacOSX26.1.sdk/usr/include/netinet6.modulemap
/Applications/Xcode.app/Contents/Developer/Platforms/MacOSX.platform/Developer/SDKs/MacOSX26.1.sdk/usr/include/Darwin_sys.modulemap
/Applications/Xcode.app/Contents/Developer/Platforms/MacOSX.platform/Developer/SDKs/MacOSX26.1.sdk/usr/include/uuid.modulemap
/Applications/Xcode.app/Contents/Developer/Platforms/MacOSX.platform/Developer/SDKs/MacOSX26.1.sdk/usr/include/DarwinFoundation1.modulemap
/Applications/Xcode.app/Contents/Developer/Platforms/MacOSX.platform/Developer/SDKs/MacOSX26.1.sdk/usr/include/launch.h
/Applications/Xcode.app/Contents/Developer/Toolchains/XcodeDefault.xctoolchain/usr/lib/swift/clang/include/module.modulemap
/Applications/Xcode.app/Contents/Developer/Toolchains/XcodeDefault.xctoolchain/usr/lib/swift/clang/include/stddef.h
/Applications/Xcode.app/Contents/Developer/Platforms/MacOSX.platform/Developer/SDKs/MacOSX26.1.sdk/SDKSettings.json
/Applications/Xcode.app/Contents/Developer/Platforms/MacOSX.platform/Developer/SDKs/MacOSX26.1.sdk/usr/include/libDER/module.modulemap
/Applications/Xcode.app/Contents/Developer/Platforms/MacOSX.platform/Developer/SDKs/MacOSX26.1.sdk/usr/include/libDER/DERItem.h
/Applications/Xcode.app/Contents/Developer/Platforms/MacOSX.platform/Developer/SDKs/MacOSX26.1.sdk/usr/include/libDER/libDER_config.h
/Applications/Xcode.app/Contents/Developer/Toolchains/XcodeDefault.xctoolchain/usr/lib/swift/clang/include/module.modulemap
/Applications/Xcode.app/Contents/Developer/Toolchains/XcodeDefault.xctoolchain/usr/lib/swift/clang/include/stddef.h
/Applications/Xcode.app/Contents/Developer/Platforms/MacOSX.platform/Developer/SDKs/MacOSX26.1.sdk/usr/include/DarwinFoundation2.modulemap
/Applications/Xcode.app/Contents/Developer/Platforms/MacOSX.platform/Developer/SDKs/MacOSX26.1.sdk/usr/include/DarwinFoundation1.modulemap
/Applications/Xcode.app/Contents/Developer/Platforms/MacOSX.platform/Developer/SDKs/MacOSX26.1.sdk/usr/include/string.h
/Applications/Xcode.app/Contents/Developer/Platforms/MacOSX.platform/Developer/SDKs/MacOSX26.1.sdk/SDKSettings.json
/Applications/Xcode.app/Contents/Developer/Platforms/MacOSX.platform/Developer/SDKs/MacOSX26.1.sdk/usr/include/libkern.modulemap
/Applications/Xcode.app/Contents/Developer/Platforms/MacOSX.platform/Developer/SDKs/MacOSX26.1.sdk/usr/include/Darwin.modulemap
/Applications/Xcode.app/Contents/Developer/Platforms/MacOSX.platform/Developer/SDKs/MacOSX26.1.sdk/usr/include/Darwin_C.modulemap
/Applications/Xcode.app/Contents/Developer/Platforms/MacOSX.platform/Developer/SDKs/MacOSX26.1.sdk/usr/include/Darwin_POSIX.modulemap
/Applications/Xcode.app/Contents/Developer/Platforms/MacOSX.platform/Developer/SDKs/MacOSX26.1.sdk/usr/include/net.modulemap
/Applications/Xcode.app/Contents/Developer/Platforms/MacOSX.platform/Developer/SDKs/MacOSX26.1.sdk/usr/include/netinet.modulemap
/Applications/Xcode.app/Contents/Developer/Platforms/MacOSX.platform/Developer/SDKs/MacOSX26.1.sdk/usr/include/bank.modulemap
/Applications/Xcode.app/Contents/Developer/Platforms/MacOSX.platform/Developer/SDKs/MacOSX26.1.sdk/usr/include/Darwin_Mach.modulemap
/Applications/Xcode.app/Contents/Developer/Platforms/MacOSX.platform/Developer/SDKs/MacOSX26.1.sdk/usr/include/Darwin_Mach_machine.modulemap
/Applications/Xcode.app/Contents/Developer/Platforms/MacOSX.platform/Developer/SDKs/MacOSX26.1.sdk/usr/include/mach_debug.modulemap
/Applications/Xcode.app/Contents/Developer/Platforms/MacOSX.platform/Developer/SDKs/MacOSX26.1.sdk/usr/include/device.modulemap
/Applications/Xcode.app/Contents/Developer/Platforms/MacOSX.platform/Developer/SDKs/MacOSX26.1.sdk/usr/include/Darwin_machine.modulemap
/Applications/Xcode.app/Contents/Developer/Platforms/MacOSX.platform/Developer/SDKs/MacOSX26.1.sdk/usr/include/ncurses.modulemap
/Applications/Xcode.app/Contents/Developer/Platforms/MacOSX.platform/Developer/SDKs/MacOSX26.1.sdk/usr/include/netinet6.modulemap
/Applications/Xcode.app/Contents/Developer/Platforms/MacOSX.platform/Developer/SDKs/MacOSX26.1.sdk/usr/include/Darwin_sys.modulemap
/Applications/Xcode.app/Contents/Developer/Platforms/MacOSX.platform/Developer/SDKs/MacOSX26.1.sdk/usr/include/uuid.modulemap
/Applications/Xcode.app/Contents/Developer/Platforms/MacOSX.platform/Developer/SDKs/MacOSX26.1.sdk/usr/include/DarwinFoundation1.modulemap
/Applications/Xcode.app/Contents/Developer/Platforms/MacOSX.platform/Developer/SDKs/MacOSX26.1.sdk/usr/include/libkern/OSCacheControl.h
/Applications/Xcode.app/Contents/Developer/Toolchains/XcodeDefault.xctoolchain/usr/lib/swift/clang/include/module.modulemap
/Applications/Xcode.app/Contents/Developer/Toolchains/XcodeDefault.xctoolchain/usr/lib/swift/clang/include/stddef.h
/Applications/Xcode.app/Contents/Developer/Platforms/MacOSX.platform/Developer/SDKs/MacOSX26.1.sdk/usr/include/libkern/OSDebug.h
/Applications/Xcode.app/Contents/Developer/Platforms/MacOSX.platform/Developer/SDKs/MacOSX26.1.sdk/usr/include/libkern/OSReturn.h
/Applications/Xcode.app/Contents/Developer/Platforms/MacOSX.platform/Developer/SDKs/MacOSX26.1.sdk/usr/include/libkern/OSThermalNotification.h
/Applications/Xcode.app/Contents/Developer/Platforms/MacOSX.platform/Developer/SDKs/MacOSX26.1.sdk/usr/include/libkern/OSTypes.h
/Applications/Xcode.app/Contents/Developer/Platforms/MacOSX.platform/Developer/SDKs/MacOSX26.1.sdk/usr/include/libkern/OSKextLib.h
/Applications/Xcode.app/Contents/Developer/Platforms/MacOSX.platform/Developer/SDKs/MacOSX26.1.sdk/SDKSettings.json
/Applications/Xcode.app/Contents/Developer/Platforms/MacOSX.platform/Developer/SDKs/MacOSX26.1.sdk/usr/include/os.apinotes
/Applications/Xcode.app/Contents/Developer/Platforms/MacOSX.platform/Developer/SDKs/MacOSX26.1.sdk/usr/include/xpc.modulemap
/Applications/Xcode.app/Contents/Developer/Platforms/MacOSX.platform/Developer/SDKs/MacOSX26.1.sdk/usr/include/DarwinBasic.modulemap
/Applications/Xcode.app/Contents/Developer/Platforms/MacOSX.platform/Developer/SDKs/MacOSX26.1.sdk/usr/include/os.modulemap
/Applications/Xcode.app/Contents/Developer/Platforms/MacOSX.platform/Developer/SDKs/MacOSX26.1.sdk/usr/include/Darwin.modulemap
/Applications/Xcode.app/Contents/Developer/Platforms/MacOSX.platform/Developer/SDKs/MacOSX26.1.sdk/usr/include/Darwin_C.modulemap
/Applications/Xcode.app/Contents/Developer/Platforms/MacOSX.platform/Developer/SDKs/MacOSX26.1.sdk/usr/include/Darwin_POSIX.modulemap
/Applications/Xcode.app/Contents/Developer/Platforms/MacOSX.platform/Developer/SDKs/MacOSX26.1.sdk/usr/include/net.modulemap
/Applications/Xcode.app/Contents/Developer/Platforms/MacOSX.platform/Developer/SDKs/MacOSX26.1.sdk/usr/include/netinet.modulemap
/Applications/Xcode.app/Contents/Developer/Platforms/MacOSX.platform/Developer/SDKs/MacOSX26.1.sdk/usr/include/bank.modulemap
/Applications/Xcode.app/Contents/Developer/Platforms/MacOSX.platform/Developer/SDKs/MacOSX26.1.sdk/usr/include/Darwin_Mach.modulemap
/Applications/Xcode.app/Contents/Developer/Platforms/MacOSX.platform/Developer/SDKs/MacOSX26.1.sdk/usr/include/Darwin_Mach_machine.modulemap
/Applications/Xcode.app/Contents/Developer/Platforms/MacOSX.platform/Developer/SDKs/MacOSX26.1.sdk/usr/include/mach_debug.modulemap
/Applications/Xcode.app/Contents/Developer/Platforms/MacOSX.platform/Developer/SDKs/MacOSX26.1.sdk/usr/include/device.modulemap
/Applications/Xcode.app/Contents/Developer/Platforms/MacOSX.platform/Developer/SDKs/MacOSX26.1.sdk/usr/include/Darwin_machine.modulemap
/Applications/Xcode.app/Contents/Developer/Platforms/MacOSX.platform/Developer/SDKs/MacOSX26.1.sdk/usr/include/ncurses.modulemap
/Applications/Xcode.app/Contents/Developer/Platforms/MacOSX.platform/Developer/SDKs/MacOSX26.1.sdk/usr/include/netinet6.modulemap
/Applications/Xcode.app/Contents/Developer/Platforms/MacOSX.platform/Developer/SDKs/MacOSX26.1.sdk/usr/include/Darwin_sys.modulemap
/Applications/Xcode.app/Contents/Developer/Platforms/MacOSX.platform/Developer/SDKs/MacOSX26.1.sdk/usr/include/uuid.modulemap
/Applications/Xcode.app/Contents/Developer/Platforms/MacOSX.platform/Developer/SDKs/MacOSX26.1.sdk/usr/include/DarwinFoundation2.modulemap
/Applications/Xcode.app/Contents/Developer/Platforms/MacOSX.platform/Developer/SDKs/MacOSX26.1.sdk/usr/include/DarwinFoundation3.modulemap
/Applications/Xcode.app/Contents/Developer/Platforms/MacOSX.platform/Developer/SDKs/MacOSX26.1.sdk/usr/include/DarwinFoundation1.modulemap
/Applications/Xcode.app/Contents/Developer/Platforms/MacOSX.platform/Developer/SDKs/MacOSX26.1.sdk/usr/include/os/atomic.h
/Applications/Xcode.app/Contents/Developer/Toolchains/XcodeDefault.xctoolchain/usr/lib/swift/clang/include/module.modulemap
/Applications/Xcode.app/Contents/Developer/Platforms/MacOSX.platform/Developer/SDKs/MacOSX26.1.sdk/usr/include/os/overflow.h
/Applications/Xcode.app/Contents/Developer/Platforms/MacOSX.platform/Developer/SDKs/MacOSX26.1.sdk/usr/include/os/trace_base.h
/Applications/Xcode.app/Contents/Developer/Toolchains/XcodeDefault.xctoolchain/usr/lib/swift/clang/include/stdarg.h
/Applications/Xcode.app/Contents/Developer/Platforms/MacOSX.platform/Developer/SDKs/MacOSX26.1.sdk/usr/include/os/activity.h
/Applications/Xcode.app/Contents/Developer/Platforms/MacOSX.platform/Developer/SDKs/MacOSX26.1.sdk/usr/include/os/log.h
/Applications/Xcode.app/Contents/Developer/Platforms/MacOSX.platform/Developer/SDKs/MacOSX26.1.sdk/usr/include/os/trace.h
/Applications/Xcode.app/Contents/Developer/Platforms/MacOSX.platform/Developer/SDKs/MacOSX26.1.sdk/usr/include/os/signpost.h
/Applications/Xcode.app/Contents/Developer/Platforms/MacOSX.platform/Developer/SDKs/MacOSX26.1.sdk/usr/include/_modules/_os_lock.h
/Applications/Xcode.app/Contents/Developer/Platforms/MacOSX.platform/Developer/SDKs/MacOSX26.1.sdk/usr/include/_modules/_os_object.h
/Applications/Xcode.app/Contents/Developer/Platforms/MacOSX.platform/Developer/SDKs/MacOSX26.1.sdk/usr/include/_modules/_os_workgroup.h
/Applications/Xcode.app/Contents/Developer/Platforms/MacOSX.platform/Developer/SDKs/MacOSX26.1.sdk/SDKSettings.json
/Applications/Xcode.app/Contents/Developer/Toolchains/XcodeDefault.xctoolchain/usr/lib/swift/macosx/prebuilt-modules/26.1/os.swiftmodule/arm64e-apple-macos.swiftmodule
/Applications/Xcode.app/Contents/Developer/Platforms/MacOSX.platform/Developer/SDKs/MacOSX26.1.sdk/usr/include/os.modulemap
/Applications/Xcode.app/Contents/Developer/Platforms/MacOSX.platform/Developer/SDKs/MacOSX26.1.sdk/usr/include/ObjectiveC.modulemap
/Applications/Xcode.app/Contents/Developer/Platforms/MacOSX.platform/Developer/SDKs/MacOSX26.1.sdk/usr/include/Darwin.modulemap
/Applications/Xcode.app/Contents/Developer/Platforms/MacOSX.platform/Developer/SDKs/MacOSX26.1.sdk/usr/include/Darwin_C.modulemap
/Applications/Xcode.app/Contents/Developer/Platforms/MacOSX.platform/Developer/SDKs/MacOSX26.1.sdk/usr/include/Darwin_POSIX.modulemap
/Applications/Xcode.app/Contents/Developer/Platforms/MacOSX.platform/Developer/SDKs/MacOSX26.1.sdk/usr/include/net.modulemap
/Applications/Xcode.app/Contents/Developer/Platforms/MacOSX.platform/Developer/SDKs/MacOSX26.1.sdk/usr/include/netinet.modulemap
/Applications/Xcode.app/Contents/Developer/Platforms/MacOSX.platform/Developer/SDKs/MacOSX26.1.sdk/usr/include/bank.modulemap
/Applications/Xcode.app/Contents/Developer/Platforms/MacOSX.platform/Developer/SDKs/MacOSX26.1.sdk/usr/include/Darwin_Mach.modulemap
/Applications/Xcode.app/Contents/Developer/Platforms/MacOSX.platform/Developer/SDKs/MacOSX26.1.sdk/usr/include/Darwin_Mach_machine.modulemap
/Applications/Xcode.app/Contents/Developer/Platforms/MacOSX.platform/Developer/SDKs/MacOSX26.1.sdk/usr/include/mach_debug.modulemap
/Applications/Xcode.app/Contents/Developer/Platforms/MacOSX.platform/Developer/SDKs/MacOSX26.1.sdk/usr/include/device.modulemap
/Applications/Xcode.app/Contents/Developer/Platforms/MacOSX.platform/Developer/SDKs/MacOSX26.1.sdk/usr/include/Darwin_machine.modulemap
/Applications/Xcode.app/Contents/Developer/Platforms/MacOSX.platform/Developer/SDKs/MacOSX26.1.sdk/usr/include/ncurses.modulemap
/Applications/Xcode.app/Contents/Developer/Platforms/MacOSX.platform/Developer/SDKs/MacOSX26.1.sdk/usr/include/netinet6.modulemap
/Applications/Xcode.app/Contents/Developer/Platforms/MacOSX.platform/Developer/SDKs/MacOSX26.1.sdk/usr/include/Darwin_sys.modulemap
/Applications/Xcode.app/Contents/Developer/Platforms/MacOSX.platform/Developer/SDKs/MacOSX26.1.sdk/usr/include/uuid.modulemap
/Applications/Xcode.app/Contents/Developer/Platforms/MacOSX.platform/Developer/SDKs/MacOSX26.1.sdk/usr/include/DarwinFoundation1.modulemap
/Applications/Xcode.app/Contents/Developer/Platforms/MacOSX.platform/Developer/SDKs/MacOSX26.1.sdk/usr/include/os/object.h
/Applications/Xcode.app/Contents/Developer/Platforms/MacOSX.platform/Developer/SDKs/MacOSX26.1.sdk/SDKSettings.json
/Applications/Xcode.app/Contents/Developer/Platforms/MacOSX.platform/Developer/SDKs/MacOSX26.1.sdk/usr/include/os.modulemap
/Applications/Xcode.app/Contents/Developer/Platforms/MacOSX.platform/Developer/SDKs/MacOSX26.1.sdk/usr/include/Darwin.modulemap
/Applications/Xcode.app/Contents/Developer/Platforms/MacOSX.platform/Developer/SDKs/MacOSX26.1.sdk/usr/include/Darwin_C.modulemap
/Applications/Xcode.app/Contents/Developer/Platforms/MacOSX.platform/Developer/SDKs/MacOSX26.1.sdk/usr/include/Darwin_POSIX.modulemap
/Applications/Xcode.app/Contents/Developer/Platforms/MacOSX.platform/Developer/SDKs/MacOSX26.1.sdk/usr/include/net.modulemap
/Applications/Xcode.app/Contents/Developer/Platforms/MacOSX.platform/Developer/SDKs/MacOSX26.1.sdk/usr/include/netinet.modulemap
/Applications/Xcode.app/Contents/Developer/Platforms/MacOSX.platform/Developer/SDKs/MacOSX26.1.sdk/usr/include/bank.modulemap
/Applications/Xcode.app/Contents/Developer/Platforms/MacOSX.platform/Developer/SDKs/MacOSX26.1.sdk/usr/include/Darwin_Mach.modulemap
/Applications/Xcode.app/Contents/Developer/Platforms/MacOSX.platform/Developer/SDKs/MacOSX26.1.sdk/usr/include/Darwin_Mach_machine.modulemap
/Applications/Xcode.app/Contents/Developer/Platforms/MacOSX.platform/Developer/SDKs/MacOSX26.1.sdk/usr/include/mach_debug.modulemap
/Applications/Xcode.app/Contents/Developer/Platforms/MacOSX.platform/Developer/SDKs/MacOSX26.1.sdk/usr/include/device.modulemap
/Applications/Xcode.app/Contents/Developer/Platforms/MacOSX.platform/Developer/SDKs/MacOSX26.1.sdk/usr/include/Darwin_machine.modulemap
/Applications/Xcode.app/Contents/Developer/Platforms/MacOSX.platform/Developer/SDKs/MacOSX26.1.sdk/usr/include/ncurses.modulemap
/Applications/Xcode.app/Contents/Developer/Platforms/MacOSX.platform/Developer/SDKs/MacOSX26.1.sdk/usr/include/netinet6.modulemap
/Applications/Xcode.app/Contents/Developer/Platforms/MacOSX.platform/Developer/SDKs/MacOSX26.1.sdk/usr/include/Darwin_sys.modulemap
/Applications/Xcode.app/Contents/Developer/Platforms/MacOSX.platform/Developer/SDKs/MacOSX26.1.sdk/usr/include/uuid.modulemap
/Applications/Xcode.app/Contents/Developer/Platforms/MacOSX.platform/Developer/SDKs/MacOSX26.1.sdk/usr/include/DarwinFoundation2.modulemap
/Applications/Xcode.app/Contents/Developer/Platforms/MacOSX.platform/Developer/SDKs/MacOSX26.1.sdk/usr/include/DarwinFoundation3.modulemap
/Applications/Xcode.app/Contents/Developer/Platforms/MacOSX.platform/Developer/SDKs/MacOSX26.1.sdk/usr/include/DarwinFoundation1.modulemap
/Applications/Xcode.app/Contents/Developer/Platforms/MacOSX.platform/Developer/SDKs/MacOSX26.1.sdk/usr/include/os/workgroup.h
/Applications/Xcode.app/Contents/Developer/Platforms/MacOSX.platform/Developer/SDKs/MacOSX26.1.sdk/usr/include/os/workgroup_base.h
/Applications/Xcode.app/Contents/Developer/Toolchains/XcodeDefault.xctoolchain/usr/lib/swift/clang/include/module.modulemap
/Applications/Xcode.app/Contents/Developer/Toolchains/XcodeDefault.xctoolchain/usr/lib/swift/clang/include/stddef.h
/Applications/Xcode.app/Contents/Developer/Platforms/MacOSX.platform/Developer/SDKs/MacOSX26.1.sdk/usr/include/string.h
/Applications/Xcode.app/Contents/Developer/Platforms/MacOSX.platform/Developer/SDKs/MacOSX26.1.sdk/usr/include/stdlib.h
/Applications/Xcode.app/Contents/Developer/Platforms/MacOSX.platform/Developer/SDKs/MacOSX26.1.sdk/usr/include/os/workgroup_object.h
/Applications/Xcode.app/Contents/Developer/Platforms/MacOSX.platform/Developer/SDKs/MacOSX26.1.sdk/usr/include/os/workgroup_interval.h
/Applications/Xcode.app/Contents/Developer/Platforms/MacOSX.platform/Developer/SDKs/MacOSX26.1.sdk/usr/include/os/workgroup_parallel.h
/Applications/Xcode.app/Contents/Developer/Platforms/MacOSX.platform/Developer/SDKs/MacOSX26.1.sdk/SDKSettings.json
/Applications/Xcode.app/Contents/Developer/Toolchains/XcodeDefault.xctoolchain/usr/lib/swift/clang/include/module.modulemap
/Applications/Xcode.app/Contents/Developer/Toolchains/XcodeDefault.xctoolchain/usr/lib/swift/clang/include/ptrauth.h
/Applications/Xcode.app/Contents/Developer/Platforms/MacOSX.platform/Developer/SDKs/MacOSX26.1.sdk/SDKSettings.json
/Applications/Xcode.app/Contents/Developer/Toolchains/XcodeDefault.xctoolchain/usr/lib/swift/clang/include/module.modulemap
/Applications/Xcode.app/Contents/Developer/Toolchains/XcodeDefault.xctoolchain/usr/lib/swift/clang/include/ptrcheck.h
/Applications/Xcode.app/Contents/Developer/Platforms/MacOSX.platform/Developer/SDKs/MacOSX26.1.sdk/SDKSettings.json
/Applications/Xcode.app/Contents/Developer/Platforms/MacOSX.platform/Developer/SDKs/MacOSX26.1.sdk/usr/include/simd/module.modulemap
/Applications/Xcode.app/Contents/Developer/Platforms/MacOSX.platform/Developer/SDKs/MacOSX26.1.sdk/usr/include/simd/simd.h
/Applications/Xcode.app/Contents/Developer/Platforms/MacOSX.platform/Developer/SDKs/MacOSX26.1.sdk/usr/include/simd/vector.h
/Applications/Xcode.app/Contents/Developer/Platforms/MacOSX.platform/Developer/SDKs/MacOSX26.1.sdk/usr/include/simd/vector_types.h
/Applications/Xcode.app/Contents/Developer/Platforms/MacOSX.platform/Developer/SDKs/MacOSX26.1.sdk/usr/include/simd/base.h
/Applications/Xcode.app/Contents/Developer/Platforms/MacOSX.platform/Developer/SDKs/MacOSX26.1.sdk/usr/include/DarwinFoundation1.modulemap
/Applications/Xcode.app/Contents/Developer/Toolchains/XcodeDefault.xctoolchain/usr/lib/swift/clang/include/module.modulemap
/Applications/Xcode.app/Contents/Developer/Platforms/MacOSX.platform/Developer/SDKs/MacOSX26.1.sdk/usr/include/simd/packed.h
/Applications/Xcode.app/Contents/Developer/Platforms/MacOSX.platform/Developer/SDKs/MacOSX26.1.sdk/usr/include/simd/vector_make.h
/Applications/Xcode.app/Contents/Developer/Toolchains/XcodeDefault.xctoolchain/usr/lib/swift/clang/include/stddef.h
/Applications/Xcode.app/Contents/Developer/Platforms/MacOSX.platform/Developer/SDKs/MacOSX26.1.sdk/usr/include/simd/logic.h
/Applications/Xcode.app/Contents/Developer/Platforms/MacOSX.platform/Developer/SDKs/MacOSX26.1.sdk/usr/include/simd/math.h
/Applications/Xcode.app/Contents/Developer/Platforms/MacOSX.platform/Developer/SDKs/MacOSX26.1.sdk/usr/include/simd/common.h
/Applications/Xcode.app/Contents/Developer/Platforms/MacOSX.platform/Developer/SDKs/MacOSX26.1.sdk/usr/include/simd/geometry.h
/Applications/Xcode.app/Contents/Developer/Platforms/MacOSX.platform/Developer/SDKs/MacOSX26.1.sdk/usr/include/simd/extern.h
/Applications/Xcode.app/Contents/Developer/Platforms/MacOSX.platform/Developer/SDKs/MacOSX26.1.sdk/usr/include/simd/types.h
/Applications/Xcode.app/Contents/Developer/Platforms/MacOSX.platform/Developer/SDKs/MacOSX26.1.sdk/usr/include/simd/conversion.h
/Applications/Xcode.app/Contents/Developer/Platforms/MacOSX.platform/Developer/SDKs/MacOSX26.1.sdk/usr/include/simd/matrix.h
/Applications/Xcode.app/Contents/Developer/Platforms/MacOSX.platform/Developer/SDKs/MacOSX26.1.sdk/usr/include/simd/matrix_types.h
/Applications/Xcode.app/Contents/Developer/Platforms/MacOSX.platform/Developer/SDKs/MacOSX26.1.sdk/usr/include/simd/quaternion.h
/Applications/Xcode.app/Contents/Developer/Platforms/MacOSX.platform/Developer/SDKs/MacOSX26.1.sdk/SDKSettings.json
/Applications/Xcode.app/Contents/Developer/Toolchains/XcodeDefault.xctoolchain/usr/lib/swift/macosx/prebuilt-modules/26.1/simd.swiftmodule/arm64e-apple-macos.swiftmodule
/Applications/Xcode.app/Contents/Developer/Platforms/MacOSX.platform/Developer/SDKs/MacOSX26.1.sdk/usr/include/DarwinFoundation2.modulemap
/Applications/Xcode.app/Contents/Developer/Platforms/MacOSX.platform/Developer/SDKs/MacOSX26.1.sdk/usr/include/_modules/_sys_types.h
/Applications/Xcode.app/Contents/Developer/Platforms/MacOSX.platform/Developer/SDKs/MacOSX26.1.sdk/SDKSettings.json

SwiftDriverJobDiscovery normal arm64 Emitting module for CasePathsCore (in target 'CasePathsCore' from project 'swift-case-paths')

SwiftDriver\ Compilation\ Requirements CasePathsCore normal arm64 com.apple.xcode.tools.swift.compiler (in target 'CasePathsCore' from project 'swift-case-paths')
    cd /Users/rogerlin/XCode-Projects/FinancialCalculatorKit-5.0-updated-accent-colors/FinancialCalculatorKit.xcodeproj
    builtin-Swift-Compilation-Requirements -- /Applications/Xcode.app/Contents/Developer/Toolchains/XcodeDefault.xctoolchain/usr/bin/swiftc -module-name CasePathsCore -Onone -enforce-exclusivity\=checked @/Users/rogerlin/Library/Developer/Xcode/DerivedData/FinancialCalculatorKit-ackorybalcxbfocbkqsfdzcfkgmn/Build/Intermediates.noindex/swift-case-paths.build/Debug/CasePathsCore.build/Objects-normal/arm64/CasePathsCore.SwiftFileList -DSWIFT_PACKAGE -DDEBUG -DSWIFT_MODULE_RESOURCE_BUNDLE_UNAVAILABLE -DXcode -plugin-path /Applications/Xcode.app/Contents/Developer/Toolchains/XcodeDefault.xctoolchain/usr/lib/swift/host/plugins/testing -enable-experimental-feature DebugDescriptionMacro -sdk /Applications/Xcode.app/Contents/Developer/Platforms/MacOSX.platform/Developer/SDKs/MacOSX26.1.sdk -target arm64-apple-macos10.15 -g -module-cache-path /Users/rogerlin/Library/Developer/Xcode/DerivedData/ModuleCache.noindex -Xfrontend -serialize-debugging-options -profile-coverage-mapping -profile-generate -enable-testing -suppress-warnings -index-store-path /Users/rogerlin/Library/Developer/Xcode/DerivedData/FinancialCalculatorKit-ackorybalcxbfocbkqsfdzcfkgmn/Index.noindex/DataStore -Xcc -D_LIBCPP_HARDENING_MODE\=_LIBCPP_HARDENING_MODE_DEBUG -swift-version 6 -I /Users/rogerlin/Library/Developer/Xcode/DerivedData/FinancialCalculatorKit-ackorybalcxbfocbkqsfdzcfkgmn/Build/Products/Debug -Isystem /Applications/Xcode.app/Contents/Developer/Platforms/MacOSX.platform/Developer/usr/lib -F /Users/rogerlin/Library/Developer/Xcode/DerivedData/FinancialCalculatorKit-ackorybalcxbfocbkqsfdzcfkgmn/Build/Products/Debug/PackageFrameworks -F /Users/rogerlin/Library/Developer/Xcode/DerivedData/FinancialCalculatorKit-ackorybalcxbfocbkqsfdzcfkgmn/Build/Products/Debug/PackageFrameworks -F /Users/rogerlin/Library/Developer/Xcode/DerivedData/FinancialCalculatorKit-ackorybalcxbfocbkqsfdzcfkgmn/Build/Products/Debug -F /Applications/Xcode.app/Contents/Developer/Platforms/MacOSX.platform/Developer/Library/Frameworks -c -j16 -enable-batch-mode -incremental -Xcc -ivfsstatcache -Xcc /Users/rogerlin/Library/Developer/Xcode/DerivedData/SDKStatCaches.noindex/macosx26.1-25B74-3ae1261907bdadc328169391a47051a6.sdkstatcache -output-file-map /Users/rogerlin/Library/Developer/Xcode/DerivedData/FinancialCalculatorKit-ackorybalcxbfocbkqsfdzcfkgmn/Build/Intermediates.noindex/swift-case-paths.build/Debug/CasePathsCore.build/Objects-normal/arm64/CasePathsCore-OutputFileMap.json -use-frontend-parseable-output -save-temps -no-color-diagnostics -explicit-module-build -module-cache-path /Users/rogerlin/Library/Developer/Xcode/DerivedData/FinancialCalculatorKit-ackorybalcxbfocbkqsfdzcfkgmn/Build/Intermediates.noindex/SwiftExplicitPrecompiledModules -clang-scanner-module-cache-path /Users/rogerlin/Library/Developer/Xcode/DerivedData/ModuleCache.noindex -sdk-module-cache-path /Users/rogerlin/Library/Developer/Xcode/DerivedData/ModuleCache.noindex -serialize-diagnostics -emit-dependencies -emit-module -emit-module-path /Users/rogerlin/Library/Developer/Xcode/DerivedData/FinancialCalculatorKit-ackorybalcxbfocbkqsfdzcfkgmn/Build/Intermediates.noindex/swift-case-paths.build/Debug/CasePathsCore.build/Objects-normal/arm64/CasePathsCore.swiftmodule -user-module-version 1.7.0 -validate-clang-modules-once -clang-build-session-file /Users/rogerlin/Library/Developer/Xcode/DerivedData/ModuleCache.noindex/Session.modulevalidation -package-name swift_case_paths -Xcc -I/Users/rogerlin/Library/Developer/Xcode/DerivedData/FinancialCalculatorKit-ackorybalcxbfocbkqsfdzcfkgmn/Build/Intermediates.noindex/swift-case-paths.build/Debug/CasePathsCore.build/swift-overrides.hmap -emit-const-values -Xfrontend -const-gather-protocols-file -Xfrontend /Users/rogerlin/Library/Developer/Xcode/DerivedData/FinancialCalculatorKit-ackorybalcxbfocbkqsfdzcfkgmn/Build/Intermediates.noindex/swift-case-paths.build/Debug/CasePathsCore.build/Objects-normal/arm64/CasePathsCore_const_extract_protocols.json -Xcc -I/Users/rogerlin/Library/Developer/Xcode/DerivedData/FinancialCalculatorKit-ackorybalcxbfocbkqsfdzcfkgmn/Build/Products/Debug/include -Xcc -I/Users/rogerlin/Library/Developer/Xcode/DerivedData/FinancialCalculatorKit-ackorybalcxbfocbkqsfdzcfkgmn/Build/Intermediates.noindex/swift-case-paths.build/Debug/CasePathsCore.build/DerivedSources-normal/arm64 -Xcc -I/Users/rogerlin/Library/Developer/Xcode/DerivedData/FinancialCalculatorKit-ackorybalcxbfocbkqsfdzcfkgmn/Build/Intermediates.noindex/swift-case-paths.build/Debug/CasePathsCore.build/DerivedSources/arm64 -Xcc -I/Users/rogerlin/Library/Developer/Xcode/DerivedData/FinancialCalculatorKit-ackorybalcxbfocbkqsfdzcfkgmn/Build/Intermediates.noindex/swift-case-paths.build/Debug/CasePathsCore.build/DerivedSources -Xcc -DSWIFT_PACKAGE -Xcc -DDEBUG\=1 -emit-objc-header -emit-objc-header-path /Users/rogerlin/Library/Developer/Xcode/DerivedData/FinancialCalculatorKit-ackorybalcxbfocbkqsfdzcfkgmn/Build/Intermediates.noindex/swift-case-paths.build/Debug/CasePathsCore.build/Objects-normal/arm64/CasePathsCore-Swift.h -working-directory /Users/rogerlin/XCode-Projects/FinancialCalculatorKit-5.0-updated-accent-colors/FinancialCalculatorKit.xcodeproj -experimental-emit-module-separately -disable-cmo

    Task input dependencies:
        /Users/rogerlin/Library/Developer/Xcode/DerivedData/FinancialCalculatorKit-ackorybalcxbfocbkqsfdzcfkgmn/SourcePackages/checkouts/swift-case-paths/Sources/CasePathsCore/AnyCasePath.swift
        /Users/rogerlin/Library/Developer/Xcode/DerivedData/FinancialCalculatorKit-ackorybalcxbfocbkqsfdzcfkgmn/SourcePackages/checkouts/swift-case-paths/Sources/CasePathsCore/CasePathIterable.swift
        /Users/rogerlin/Library/Developer/Xcode/DerivedData/FinancialCalculatorKit-ackorybalcxbfocbkqsfdzcfkgmn/SourcePackages/checkouts/swift-case-paths/Sources/CasePathsCore/CasePathReflectable.swift
        /Users/rogerlin/Library/Developer/Xcode/DerivedData/FinancialCalculatorKit-ackorybalcxbfocbkqsfdzcfkgmn/SourcePackages/checkouts/swift-case-paths/Sources/CasePathsCore/CasePathable.swift
        /Users/rogerlin/Library/Developer/Xcode/DerivedData/FinancialCalculatorKit-ackorybalcxbfocbkqsfdzcfkgmn/SourcePackages/checkouts/swift-case-paths/Sources/CasePathsCore/Internal/KeyPath+Sendable.swift
        /Users/rogerlin/Library/Developer/Xcode/DerivedData/FinancialCalculatorKit-ackorybalcxbfocbkqsfdzcfkgmn/SourcePackages/checkouts/swift-case-paths/Sources/CasePathsCore/Internal/TypeName.swift
        /Users/rogerlin/Library/Developer/Xcode/DerivedData/FinancialCalculatorKit-ackorybalcxbfocbkqsfdzcfkgmn/SourcePackages/checkouts/swift-case-paths/Sources/CasePathsCore/Internal/UncheckedSendable.swift
        /Users/rogerlin/Library/Developer/Xcode/DerivedData/FinancialCalculatorKit-ackorybalcxbfocbkqsfdzcfkgmn/SourcePackages/checkouts/swift-case-paths/Sources/CasePathsCore/Never+CasePathable.swift
        /Users/rogerlin/Library/Developer/Xcode/DerivedData/FinancialCalculatorKit-ackorybalcxbfocbkqsfdzcfkgmn/SourcePackages/checkouts/swift-case-paths/Sources/CasePathsCore/Optional+CasePathable.swift
        /Users/rogerlin/Library/Developer/Xcode/DerivedData/FinancialCalculatorKit-ackorybalcxbfocbkqsfdzcfkgmn/SourcePackages/checkouts/swift-case-paths/Sources/CasePathsCore/Result+CasePathable.swift
        /Users/rogerlin/Library/Developer/Xcode/DerivedData/FinancialCalculatorKit-ackorybalcxbfocbkqsfdzcfkgmn/Build/Intermediates.noindex/swift-case-paths.build/Debug/CasePathsCore.build/Objects-normal/arm64/CasePathsCore.SwiftFileList
        /Users/rogerlin/Library/Developer/Xcode/DerivedData/FinancialCalculatorKit-ackorybalcxbfocbkqsfdzcfkgmn/Build/Intermediates.noindex/swift-case-paths.build/Debug/CasePathsCore.build/Objects-normal/arm64/CasePathsCore-OutputFileMap.json
        /Users/rogerlin/Library/Developer/Xcode/DerivedData/FinancialCalculatorKit-ackorybalcxbfocbkqsfdzcfkgmn/Build/Intermediates.noindex/swift-case-paths.build/Debug/CasePathsCore.build/Objects-normal/arm64/CasePathsCore_const_extract_protocols.json
        /Users/rogerlin/Library/Developer/Xcode/DerivedData/FinancialCalculatorKit-ackorybalcxbfocbkqsfdzcfkgmn/Build/Intermediates.noindex/GeneratedModuleMaps/CasePathsCore.modulemap
        /Users/rogerlin/Library/Developer/Xcode/DerivedData/FinancialCalculatorKit-ackorybalcxbfocbkqsfdzcfkgmn/SourcePackages/checkouts/swift-case-paths/Sources/CasePathsCore/AnyCasePath.swift
        /Users/rogerlin/Library/Developer/Xcode/DerivedData/FinancialCalculatorKit-ackorybalcxbfocbkqsfdzcfkgmn/SourcePackages/checkouts/swift-case-paths/Sources/CasePathsCore/CasePathIterable.swift
        /Users/rogerlin/Library/Developer/Xcode/DerivedData/FinancialCalculatorKit-ackorybalcxbfocbkqsfdzcfkgmn/SourcePackages/checkouts/swift-case-paths/Sources/CasePathsCore/CasePathReflectable.swift
        /Users/rogerlin/Library/Developer/Xcode/DerivedData/FinancialCalculatorKit-ackorybalcxbfocbkqsfdzcfkgmn/SourcePackages/checkouts/swift-case-paths/Sources/CasePathsCore/CasePathable.swift
        /Users/rogerlin/Library/Developer/Xcode/DerivedData/FinancialCalculatorKit-ackorybalcxbfocbkqsfdzcfkgmn/SourcePackages/checkouts/swift-case-paths/Sources/CasePathsCore/Internal/KeyPath+Sendable.swift
        /Users/rogerlin/Library/Developer/Xcode/DerivedData/FinancialCalculatorKit-ackorybalcxbfocbkqsfdzcfkgmn/SourcePackages/checkouts/swift-case-paths/Sources/CasePathsCore/Internal/TypeName.swift
        /Users/rogerlin/Library/Developer/Xcode/DerivedData/FinancialCalculatorKit-ackorybalcxbfocbkqsfdzcfkgmn/SourcePackages/checkouts/swift-case-paths/Sources/CasePathsCore/Internal/UncheckedSendable.swift
        /Users/rogerlin/Library/Developer/Xcode/DerivedData/FinancialCalculatorKit-ackorybalcxbfocbkqsfdzcfkgmn/SourcePackages/checkouts/swift-case-paths/Sources/CasePathsCore/Never+CasePathable.swift
        /Users/rogerlin/Library/Developer/Xcode/DerivedData/FinancialCalculatorKit-ackorybalcxbfocbkqsfdzcfkgmn/SourcePackages/checkouts/swift-case-paths/Sources/CasePathsCore/Optional+CasePathable.swift
        /Users/rogerlin/Library/Developer/Xcode/DerivedData/FinancialCalculatorKit-ackorybalcxbfocbkqsfdzcfkgmn/SourcePackages/checkouts/swift-case-paths/Sources/CasePathsCore/Result+CasePathable.swift
        /Users/rogerlin/Library/Developer/Xcode/DerivedData/FinancialCalculatorKit-ackorybalcxbfocbkqsfdzcfkgmn/Build/Intermediates.noindex/swift-case-paths.build/Debug/CasePathsCore.build/Objects-normal/arm64/CasePathsCore.SwiftFileList
        /Users/rogerlin/Library/Developer/Xcode/DerivedData/FinancialCalculatorKit-ackorybalcxbfocbkqsfdzcfkgmn/Build/Intermediates.noindex/swift-case-paths.build/Debug/CasePathsCore.build/Objects-normal/arm64/CasePathsCore-OutputFileMap.json
        /Users/rogerlin/Library/Developer/Xcode/DerivedData/FinancialCalculatorKit-ackorybalcxbfocbkqsfdzcfkgmn/Build/Intermediates.noindex/swift-case-paths.build/Debug/CasePathsCore.build/Objects-normal/arm64/CasePathsCore_const_extract_protocols.json
        /Users/rogerlin/Library/Developer/Xcode/DerivedData/FinancialCalculatorKit-ackorybalcxbfocbkqsfdzcfkgmn/Build/Intermediates.noindex/GeneratedModuleMaps/CasePathsCore.modulemap
        <ClangStatCache /Users/rogerlin/Library/Developer/Xcode/DerivedData/SDKStatCaches.noindex/macosx26.1-25B74-3ae1261907bdadc328169391a47051a6.sdkstatcache>
        <target-CasePathsCore-PACKAGE-TARGET:CasePathsCore-SDKROOT:macosx:SDK_VARIANT:macos-copy-headers-completion>
        <target-CasePathsCore-PACKAGE-TARGET:CasePathsCore-SDKROOT:macosx:SDK_VARIANT:macos-ModuleVerifierTaskProducer>
        <target-CasePathsCore-PACKAGE-TARGET:CasePathsCore-SDKROOT:macosx:SDK_VARIANT:macos-begin-compiling>
        <WorkspaceHeaderMapVFSFilesWritten>

    Task output dependencies:
        /Users/rogerlin/Library/Developer/Xcode/DerivedData/FinancialCalculatorKit-ackorybalcxbfocbkqsfdzcfkgmn/Build/Intermediates.noindex/swift-case-paths.build/Debug/CasePathsCore.build/Objects-normal/arm64/CasePathsCore Swift Compilation Requirements Finished
        /Users/rogerlin/Library/Developer/Xcode/DerivedData/FinancialCalculatorKit-ackorybalcxbfocbkqsfdzcfkgmn/Build/Intermediates.noindex/swift-case-paths.build/Debug/CasePathsCore.build/Objects-normal/arm64/CasePathsCore.swiftmodule
        /Users/rogerlin/Library/Developer/Xcode/DerivedData/FinancialCalculatorKit-ackorybalcxbfocbkqsfdzcfkgmn/Build/Intermediates.noindex/swift-case-paths.build/Debug/CasePathsCore.build/Objects-normal/arm64/CasePathsCore-linker-args.resp
        /Users/rogerlin/Library/Developer/Xcode/DerivedData/FinancialCalculatorKit-ackorybalcxbfocbkqsfdzcfkgmn/Build/Intermediates.noindex/swift-case-paths.build/Debug/CasePathsCore.build/Objects-normal/arm64/CasePathsCore.swiftsourceinfo
        /Users/rogerlin/Library/Developer/Xcode/DerivedData/FinancialCalculatorKit-ackorybalcxbfocbkqsfdzcfkgmn/Build/Intermediates.noindex/swift-case-paths.build/Debug/CasePathsCore.build/Objects-normal/arm64/CasePathsCore.abi.json
        /Users/rogerlin/Library/Developer/Xcode/DerivedData/FinancialCalculatorKit-ackorybalcxbfocbkqsfdzcfkgmn/Build/Intermediates.noindex/swift-case-paths.build/Debug/CasePathsCore.build/Objects-normal/arm64/CasePathsCore-Swift.h
        /Users/rogerlin/Library/Developer/Xcode/DerivedData/FinancialCalculatorKit-ackorybalcxbfocbkqsfdzcfkgmn/Build/Intermediates.noindex/swift-case-paths.build/Debug/CasePathsCore.build/Objects-normal/arm64/CasePathsCore.swiftdoc
Discovered dependency nodes:
/Applications/Xcode.app/Contents/Developer/Platforms/MacOSX.platform/Developer/SDKs/MacOSX26.1.sdk/System/Library/Frameworks/CFNetwork.framework/Modules/module.modulemap
/Applications/Xcode.app/Contents/Developer/Platforms/MacOSX.platform/Developer/SDKs/MacOSX26.1.sdk/System/Library/Frameworks/CFNetwork.framework/Headers/CFNetwork.h
/Applications/Xcode.app/Contents/Developer/Platforms/MacOSX.platform/Developer/SDKs/MacOSX26.1.sdk/System/Library/Frameworks/CoreFoundation.framework/Modules/module.modulemap
/Applications/Xcode.app/Contents/Developer/Platforms/MacOSX.platform/Developer/SDKs/MacOSX26.1.sdk/System/Library/Frameworks/CFNetwork.framework/Headers/CFNetworkDefs.h
/Applications/Xcode.app/Contents/Developer/Platforms/MacOSX.platform/Developer/SDKs/MacOSX26.1.sdk/usr/include/Darwin.modulemap
/Applications/Xcode.app/Contents/Developer/Platforms/MacOSX.platform/Developer/SDKs/MacOSX26.1.sdk/System/Library/Frameworks/CFNetwork.framework/Headers/CFNetworkErrors.h
/Applications/Xcode.app/Contents/Developer/Platforms/MacOSX.platform/Developer/SDKs/MacOSX26.1.sdk/System/Library/Frameworks/CFNetwork.framework/Headers/CFSocketStream.h
/Applications/Xcode.app/Contents/Developer/Platforms/MacOSX.platform/Developer/SDKs/MacOSX26.1.sdk/System/Library/Frameworks/CFNetwork.framework/Headers/CFHost.h
/Applications/Xcode.app/Contents/Developer/Platforms/MacOSX.platform/Developer/SDKs/MacOSX26.1.sdk/System/Library/Frameworks/CFNetwork.framework/Headers/CFNetServices.h
/Applications/Xcode.app/Contents/Developer/Platforms/MacOSX.platform/Developer/SDKs/MacOSX26.1.sdk/System/Library/Frameworks/CFNetwork.framework/Headers/CFFTPStream.h
/Applications/Xcode.app/Contents/Developer/Platforms/MacOSX.platform/Developer/SDKs/MacOSX26.1.sdk/System/Library/Frameworks/CFNetwork.framework/Headers/CFHTTPMessage.h
/Applications/Xcode.app/Contents/Developer/Platforms/MacOSX.platform/Developer/SDKs/MacOSX26.1.sdk/System/Library/Frameworks/CFNetwork.framework/Headers/CFHTTPStream.h
/Applications/Xcode.app/Contents/Developer/Platforms/MacOSX.platform/Developer/SDKs/MacOSX26.1.sdk/System/Library/Frameworks/CFNetwork.framework/Headers/CFHTTPAuthentication.h
/Applications/Xcode.app/Contents/Developer/Platforms/MacOSX.platform/Developer/SDKs/MacOSX26.1.sdk/System/Library/Frameworks/CFNetwork.framework/Headers/CFNetDiagnostics.h
/Applications/Xcode.app/Contents/Developer/Toolchains/XcodeDefault.xctoolchain/usr/lib/swift/clang/include/module.modulemap
/Applications/Xcode.app/Contents/Developer/Platforms/MacOSX.platform/Developer/SDKs/MacOSX26.1.sdk/System/Library/Frameworks/CFNetwork.framework/Headers/CFProxySupport.h
/Applications/Xcode.app/Contents/Developer/Platforms/MacOSX.platform/Developer/SDKs/MacOSX26.1.sdk/SDKSettings.json
/Applications/Xcode.app/Contents/Developer/Toolchains/XcodeDefault.xctoolchain/usr/lib/swift/macosx/prebuilt-modules/26.1/Combine.swiftmodule/arm64e-apple-macos.swiftmodule
/Applications/Xcode.app/Contents/Developer/Toolchains/XcodeDefault.xctoolchain/usr/lib/swift/macosx/prebuilt-modules/26.1/CoreFoundation.swiftmodule/arm64e-apple-macos.swiftmodule
/Applications/Xcode.app/Contents/Developer/Platforms/MacOSX.platform/Developer/SDKs/MacOSX26.1.sdk/System/Library/Frameworks/CoreFoundation.framework/Modules/module.modulemap
/Applications/Xcode.app/Contents/Developer/Platforms/MacOSX.platform/Developer/SDKs/MacOSX26.1.sdk/System/Library/Frameworks/CoreFoundation.framework/Headers/CoreFoundation.h
/Applications/Xcode.app/Contents/Developer/Platforms/MacOSX.platform/Developer/SDKs/MacOSX26.1.sdk/usr/include/dispatch.modulemap
/Applications/Xcode.app/Contents/Developer/Platforms/MacOSX.platform/Developer/SDKs/MacOSX26.1.sdk/usr/include/Darwin.modulemap
/Applications/Xcode.app/Contents/Developer/Platforms/MacOSX.platform/Developer/SDKs/MacOSX26.1.sdk/usr/include/Darwin_C.modulemap
/Applications/Xcode.app/Contents/Developer/Platforms/MacOSX.platform/Developer/SDKs/MacOSX26.1.sdk/usr/include/Darwin_POSIX.modulemap
/Applications/Xcode.app/Contents/Developer/Platforms/MacOSX.platform/Developer/SDKs/MacOSX26.1.sdk/usr/include/net.modulemap
/Applications/Xcode.app/Contents/Developer/Platforms/MacOSX.platform/Developer/SDKs/MacOSX26.1.sdk/usr/include/netinet.modulemap
/Applications/Xcode.app/Contents/Developer/Platforms/MacOSX.platform/Developer/SDKs/MacOSX26.1.sdk/usr/include/bank.modulemap
/Applications/Xcode.app/Contents/Developer/Platforms/MacOSX.platform/Developer/SDKs/MacOSX26.1.sdk/usr/include/Darwin_Mach.modulemap
/Applications/Xcode.app/Contents/Developer/Platforms/MacOSX.platform/Developer/SDKs/MacOSX26.1.sdk/usr/include/Darwin_Mach_machine.modulemap
/Applications/Xcode.app/Contents/Developer/Platforms/MacOSX.platform/Developer/SDKs/MacOSX26.1.sdk/usr/include/mach_debug.modulemap
/Applications/Xcode.app/Contents/Developer/Platforms/MacOSX.platform/Developer/SDKs/MacOSX26.1.sdk/usr/include/device.modulemap
/Applications/Xcode.app/Contents/Developer/Platforms/MacOSX.platform/Developer/SDKs/MacOSX26.1.sdk/usr/include/Darwin_machine.modulemap
/Applications/Xcode.app/Contents/Developer/Platforms/MacOSX.platform/Developer/SDKs/MacOSX26.1.sdk/usr/include/ncurses.modulemap
/Applications/Xcode.app/Contents/Developer/Platforms/MacOSX.platform/Developer/SDKs/MacOSX26.1.sdk/usr/include/netinet6.modulemap
/Applications/Xcode.app/Contents/Developer/Platforms/MacOSX.platform/Developer/SDKs/MacOSX26.1.sdk/usr/include/Darwin_sys.modulemap
/Applications/Xcode.app/Contents/Developer/Platforms/MacOSX.platform/Developer/SDKs/MacOSX26.1.sdk/usr/include/uuid.modulemap
/Applications/Xcode.app/Contents/Developer/Platforms/MacOSX.platform/Developer/SDKs/MacOSX26.1.sdk/usr/include/DarwinFoundation2.modulemap
/Applications/Xcode.app/Contents/Developer/Platforms/MacOSX.platform/Developer/SDKs/MacOSX26.1.sdk/usr/include/DarwinFoundation3.modulemap
/Applications/Xcode.app/Contents/Developer/Platforms/MacOSX.platform/Developer/SDKs/MacOSX26.1.sdk/usr/include/DarwinFoundation1.modulemap
/Applications/Xcode.app/Contents/Developer/Toolchains/XcodeDefault.xctoolchain/usr/lib/swift/clang/include/module.modulemap
/Applications/Xcode.app/Contents/Developer/Toolchains/XcodeDefault.xctoolchain/usr/lib/swift/clang/include/stdarg.h
/Applications/Xcode.app/Contents/Developer/Platforms/MacOSX.platform/Developer/SDKs/MacOSX26.1.sdk/usr/include/assert.h
/Applications/Xcode.app/Contents/Developer/Platforms/MacOSX.platform/Developer/SDKs/MacOSX26.1.sdk/usr/include/ctype.h
/Applications/Xcode.app/Contents/Developer/Toolchains/XcodeDefault.xctoolchain/usr/lib/swift/clang/include/stddef.h
/Applications/Xcode.app/Contents/Developer/Platforms/MacOSX.platform/Developer/SDKs/MacOSX26.1.sdk/usr/include/stdio.h
/Applications/Xcode.app/Contents/Developer/Platforms/MacOSX.platform/Developer/SDKs/MacOSX26.1.sdk/usr/include/stdlib.h
/Applications/Xcode.app/Contents/Developer/Platforms/MacOSX.platform/Developer/SDKs/MacOSX26.1.sdk/usr/include/string.h
/Applications/Xcode.app/Contents/Developer/Platforms/MacOSX.platform/Developer/SDKs/MacOSX26.1.sdk/usr/include/time.h
/Applications/Xcode.app/Contents/Developer/Platforms/MacOSX.platform/Developer/SDKs/MacOSX26.1.sdk/System/Library/Frameworks/CoreFoundation.framework/Headers/CFBase.h
/Applications/Xcode.app/Contents/Developer/Platforms/MacOSX.platform/Developer/SDKs/MacOSX26.1.sdk/System/Library/Frameworks/CoreFoundation.framework/Headers/CFAvailability.h
/Applications/Xcode.app/Contents/Developer/Platforms/MacOSX.platform/Developer/SDKs/MacOSX26.1.sdk/System/Library/Frameworks/CoreFoundation.framework/Headers/CFArray.h
/Applications/Xcode.app/Contents/Developer/Platforms/MacOSX.platform/Developer/SDKs/MacOSX26.1.sdk/System/Library/Frameworks/CoreFoundation.framework/Headers/CFBag.h
/Applications/Xcode.app/Contents/Developer/Platforms/MacOSX.platform/Developer/SDKs/MacOSX26.1.sdk/System/Library/Frameworks/CoreFoundation.framework/Headers/CFBinaryHeap.h
/Applications/Xcode.app/Contents/Developer/Platforms/MacOSX.platform/Developer/SDKs/MacOSX26.1.sdk/System/Library/Frameworks/CoreFoundation.framework/Headers/CFBitVector.h
/Applications/Xcode.app/Contents/Developer/Platforms/MacOSX.platform/Developer/SDKs/MacOSX26.1.sdk/System/Library/Frameworks/CoreFoundation.framework/Headers/CFByteOrder.h
/Applications/Xcode.app/Contents/Developer/Platforms/MacOSX.platform/Developer/SDKs/MacOSX26.1.sdk/System/Library/Frameworks/CoreFoundation.framework/Headers/CFCalendar.h
/Applications/Xcode.app/Contents/Developer/Platforms/MacOSX.platform/Developer/SDKs/MacOSX26.1.sdk/System/Library/Frameworks/CoreFoundation.framework/Headers/CFLocale.h
/Applications/Xcode.app/Contents/Developer/Platforms/MacOSX.platform/Developer/SDKs/MacOSX26.1.sdk/System/Library/Frameworks/CoreFoundation.framework/Headers/CFDictionary.h
/Applications/Xcode.app/Contents/Developer/Platforms/MacOSX.platform/Developer/SDKs/MacOSX26.1.sdk/System/Library/Frameworks/CoreFoundation.framework/Headers/CFNotificationCenter.h
/Applications/Xcode.app/Contents/Developer/Platforms/MacOSX.platform/Developer/SDKs/MacOSX26.1.sdk/System/Library/Frameworks/CoreFoundation.framework/Headers/CFDate.h
/Applications/Xcode.app/Contents/Developer/Platforms/MacOSX.platform/Developer/SDKs/MacOSX26.1.sdk/System/Library/Frameworks/CoreFoundation.framework/Headers/CFTimeZone.h
/Applications/Xcode.app/Contents/Developer/Platforms/MacOSX.platform/Developer/SDKs/MacOSX26.1.sdk/System/Library/Frameworks/CoreFoundation.framework/Headers/CFData.h
/Applications/Xcode.app/Contents/Developer/Platforms/MacOSX.platform/Developer/SDKs/MacOSX26.1.sdk/System/Library/Frameworks/CoreFoundation.framework/Headers/CFString.h
/Applications/Xcode.app/Contents/Developer/Platforms/MacOSX.platform/Developer/SDKs/MacOSX26.1.sdk/System/Library/Frameworks/CoreFoundation.framework/Headers/CFCharacterSet.h
/Applications/Xcode.app/Contents/Developer/Platforms/MacOSX.platform/Developer/SDKs/MacOSX26.1.sdk/System/Library/Frameworks/CoreFoundation.framework/Headers/CFError.h
/Applications/Xcode.app/Contents/Developer/Platforms/MacOSX.platform/Developer/SDKs/MacOSX26.1.sdk/System/Library/Frameworks/CoreFoundation.framework/Headers/CFCGTypes.h
/Applications/Xcode.app/Contents/Developer/Platforms/MacOSX.platform/Developer/SDKs/MacOSX26.1.sdk/System/Library/Frameworks/CoreFoundation.framework/Headers/CFDateFormatter.h
/Applications/Xcode.app/Contents/Developer/Platforms/MacOSX.platform/Developer/SDKs/MacOSX26.1.sdk/System/Library/Frameworks/CoreFoundation.framework/Headers/CFNumber.h
/Applications/Xcode.app/Contents/Developer/Platforms/MacOSX.platform/Developer/SDKs/MacOSX26.1.sdk/System/Library/Frameworks/CoreFoundation.framework/Headers/CFNumberFormatter.h
/Applications/Xcode.app/Contents/Developer/Platforms/MacOSX.platform/Developer/SDKs/MacOSX26.1.sdk/System/Library/Frameworks/CoreFoundation.framework/Headers/CFPreferences.h
/Applications/Xcode.app/Contents/Developer/Platforms/MacOSX.platform/Developer/SDKs/MacOSX26.1.sdk/System/Library/Frameworks/CoreFoundation.framework/Headers/CFPropertyList.h
/Applications/Xcode.app/Contents/Developer/Platforms/MacOSX.platform/Developer/SDKs/MacOSX26.1.sdk/System/Library/Frameworks/CoreFoundation.framework/Headers/CFStream.h
/Applications/Xcode.app/Contents/Developer/Platforms/MacOSX.platform/Developer/SDKs/MacOSX26.1.sdk/System/Library/Frameworks/CoreFoundation.framework/Headers/CFURL.h
/Applications/Xcode.app/Contents/Developer/Platforms/MacOSX.platform/Developer/SDKs/MacOSX26.1.sdk/System/Library/Frameworks/CoreFoundation.framework/Headers/CFRunLoop.h
/Applications/Xcode.app/Contents/Developer/Platforms/MacOSX.platform/Developer/SDKs/MacOSX26.1.sdk/System/Library/Frameworks/CoreFoundation.framework/Headers/CFSocket.h
/Applications/Xcode.app/Contents/Developer/Platforms/MacOSX.platform/Developer/SDKs/MacOSX26.1.sdk/System/Library/Frameworks/CoreFoundation.framework/Headers/CFSet.h
/Applications/Xcode.app/Contents/Developer/Platforms/MacOSX.platform/Developer/SDKs/MacOSX26.1.sdk/System/Library/Frameworks/CoreFoundation.framework/Headers/CFStringEncodingExt.h
/Applications/Xcode.app/Contents/Developer/Platforms/MacOSX.platform/Developer/SDKs/MacOSX26.1.sdk/System/Library/Frameworks/CoreFoundation.framework/Headers/CFTree.h
/Applications/Xcode.app/Contents/Developer/Platforms/MacOSX.platform/Developer/SDKs/MacOSX26.1.sdk/System/Library/Frameworks/CoreFoundation.framework/Headers/CFURLAccess.h
/Applications/Xcode.app/Contents/Developer/Platforms/MacOSX.platform/Developer/SDKs/MacOSX26.1.sdk/System/Library/Frameworks/CoreFoundation.framework/Headers/CFUUID.h
/Applications/Xcode.app/Contents/Developer/Platforms/MacOSX.platform/Developer/SDKs/MacOSX26.1.sdk/System/Library/Frameworks/CoreFoundation.framework/Headers/CFUtilities.h
/Applications/Xcode.app/Contents/Developer/Platforms/MacOSX.platform/Developer/SDKs/MacOSX26.1.sdk/System/Library/Frameworks/CoreFoundation.framework/Headers/CFBundle.h
/Applications/Xcode.app/Contents/Developer/Platforms/MacOSX.platform/Developer/SDKs/MacOSX26.1.sdk/System/Library/Frameworks/CoreFoundation.framework/Headers/CFMessagePort.h
/Applications/Xcode.app/Contents/Developer/Platforms/MacOSX.platform/Developer/SDKs/MacOSX26.1.sdk/System/Library/Frameworks/CoreFoundation.framework/Headers/CFPlugIn.h
/Applications/Xcode.app/Contents/Developer/Platforms/MacOSX.platform/Developer/SDKs/MacOSX26.1.sdk/System/Library/Frameworks/CoreFoundation.framework/Headers/CFMachPort.h
/Applications/Xcode.app/Contents/Developer/Platforms/MacOSX.platform/Developer/SDKs/MacOSX26.1.sdk/System/Library/Frameworks/CoreFoundation.framework/Headers/CFAttributedString.h
/Applications/Xcode.app/Contents/Developer/Platforms/MacOSX.platform/Developer/SDKs/MacOSX26.1.sdk/System/Library/Frameworks/CoreFoundation.framework/Headers/CFURLEnumerator.h
/Applications/Xcode.app/Contents/Developer/Platforms/MacOSX.platform/Developer/SDKs/MacOSX26.1.sdk/System/Library/Frameworks/CoreFoundation.framework/Headers/CFFileSecurity.h
/Applications/Xcode.app/Contents/Developer/Platforms/MacOSX.platform/Developer/SDKs/MacOSX26.1.sdk/System/Library/Frameworks/CoreFoundation.framework/Headers/CFStringTokenizer.h
/Applications/Xcode.app/Contents/Developer/Platforms/MacOSX.platform/Developer/SDKs/MacOSX26.1.sdk/System/Library/Frameworks/CoreFoundation.framework/Headers/CFFileDescriptor.h
/Applications/Xcode.app/Contents/Developer/Platforms/MacOSX.platform/Developer/SDKs/MacOSX26.1.sdk/System/Library/Frameworks/CoreFoundation.framework/Headers/CFUserNotification.h
/Applications/Xcode.app/Contents/Developer/Platforms/MacOSX.platform/Developer/SDKs/MacOSX26.1.sdk/System/Library/Frameworks/CoreFoundation.framework/Headers/CFXMLNode.h
/Applications/Xcode.app/Contents/Developer/Platforms/MacOSX.platform/Developer/SDKs/MacOSX26.1.sdk/System/Library/Frameworks/CoreFoundation.framework/Headers/CFXMLParser.h
/Applications/Xcode.app/Contents/Developer/Platforms/MacOSX.platform/Developer/SDKs/MacOSX26.1.sdk/System/Library/Frameworks/CoreFoundation.framework/Headers/CFPlugInCOM.h
/Applications/Xcode.app/Contents/Developer/Platforms/MacOSX.platform/Developer/SDKs/MacOSX26.1.sdk/SDKSettings.json
/Applications/Xcode.app/Contents/Developer/Platforms/MacOSX.platform/Developer/SDKs/MacOSX26.1.sdk/System/Library/Frameworks/CoreServices.framework/Modules/module.modulemap
/Applications/Xcode.app/Contents/Developer/Platforms/MacOSX.platform/Developer/SDKs/MacOSX26.1.sdk/System/Library/Frameworks/CoreServices.framework/Headers/CoreServices.h
/Applications/Xcode.app/Contents/Developer/Platforms/MacOSX.platform/Developer/SDKs/MacOSX26.1.sdk/System/Library/Frameworks/CoreFoundation.framework/Modules/module.modulemap
/Applications/Xcode.app/Contents/Developer/Platforms/MacOSX.platform/Developer/SDKs/MacOSX26.1.sdk/System/Library/Frameworks/CoreServices.framework/Frameworks/AE.framework/Headers/AE.h
/Applications/Xcode.app/Contents/Developer/Platforms/MacOSX.platform/Developer/SDKs/MacOSX26.1.sdk/System/Library/Frameworks/CoreServices.framework/Frameworks/CarbonCore.framework/Headers/CarbonCore.h
/Applications/Xcode.app/Contents/Developer/Platforms/MacOSX.platform/Developer/SDKs/MacOSX26.1.sdk/System/Library/Frameworks/CoreServices.framework/Frameworks/CarbonCore.framework/Headers/Finder.h
/Applications/Xcode.app/Contents/Developer/Platforms/MacOSX.platform/Developer/SDKs/MacOSX26.1.sdk/usr/include/dispatch.modulemap
/Applications/Xcode.app/Contents/Developer/Platforms/MacOSX.platform/Developer/SDKs/MacOSX26.1.sdk/usr/include/Darwin.modulemap
/Applications/Xcode.app/Contents/Developer/Platforms/MacOSX.platform/Developer/SDKs/MacOSX26.1.sdk/usr/include/DarwinFoundation2.modulemap
/Applications/Xcode.app/Contents/Developer/Platforms/MacOSX.platform/Developer/SDKs/MacOSX26.1.sdk/usr/include/DarwinFoundation1.modulemap
/Applications/Xcode.app/Contents/Developer/Platforms/MacOSX.platform/Developer/SDKs/MacOSX26.1.sdk/System/Library/Frameworks/CoreServices.framework/Frameworks/CarbonCore.framework/Headers/FixMath.h
/Applications/Xcode.app/Contents/Developer/Platforms/MacOSX.platform/Developer/SDKs/MacOSX26.1.sdk/System/Library/Frameworks/CoreServices.framework/Frameworks/CarbonCore.framework/Headers/Script.h
/Applications/Xcode.app/Contents/Developer/Platforms/MacOSX.platform/Developer/SDKs/MacOSX26.1.sdk/System/Library/Frameworks/CoreServices.framework/Frameworks/CarbonCore.framework/Headers/IntlResources.h
/Applications/Xcode.app/Contents/Developer/Platforms/MacOSX.platform/Developer/SDKs/MacOSX26.1.sdk/System/Library/Frameworks/CoreServices.framework/Frameworks/CarbonCore.framework/Headers/UTCUtils.h
/Applications/Xcode.app/Contents/Developer/Platforms/MacOSX.platform/Developer/SDKs/MacOSX26.1.sdk/System/Library/Frameworks/CoreServices.framework/Frameworks/CarbonCore.framework/Headers/MacErrors.h
/Applications/Xcode.app/Contents/Developer/Platforms/MacOSX.platform/Developer/SDKs/MacOSX26.1.sdk/System/Library/Frameworks/CoreServices.framework/Frameworks/CarbonCore.framework/Headers/TextCommon.h
/Applications/Xcode.app/Contents/Developer/Platforms/MacOSX.platform/Developer/SDKs/MacOSX26.1.sdk/System/Library/Frameworks/CoreServices.framework/Frameworks/CarbonCore.framework/Headers/Collections.h
/Applications/Xcode.app/Contents/Developer/Platforms/MacOSX.platform/Developer/SDKs/MacOSX26.1.sdk/System/Library/Frameworks/CoreServices.framework/Frameworks/CarbonCore.framework/Headers/MixedMode.h
/Applications/Xcode.app/Contents/Developer/Platforms/MacOSX.platform/Developer/SDKs/MacOSX26.1.sdk/System/Library/Frameworks/CoreServices.framework/Frameworks/CarbonCore.framework/Headers/Endian.h
/Applications/Xcode.app/Contents/Developer/Platforms/MacOSX.platform/Developer/SDKs/MacOSX26.1.sdk/System/Library/Frameworks/CoreServices.framework/Frameworks/CarbonCore.framework/Headers/Gestalt.h
/Applications/Xcode.app/Contents/Developer/Platforms/MacOSX.platform/Developer/SDKs/MacOSX26.1.sdk/System/Library/Frameworks/CoreServices.framework/Frameworks/CarbonCore.framework/Headers/MacMemory.h
/Applications/Xcode.app/Contents/Developer/Platforms/MacOSX.platform/Developer/SDKs/MacOSX26.1.sdk/System/Library/Frameworks/CoreServices.framework/Frameworks/CarbonCore.framework/Headers/Math64.h
/Applications/Xcode.app/Contents/Developer/Platforms/MacOSX.platform/Developer/SDKs/MacOSX26.1.sdk/System/Library/Frameworks/CoreServices.framework/Frameworks/CarbonCore.framework/Headers/BackupCore.h
/Applications/Xcode.app/Contents/Developer/Platforms/MacOSX.platform/Developer/SDKs/MacOSX26.1.sdk/System/Library/Frameworks/CoreServices.framework/Frameworks/CarbonCore.framework/Headers/DiskSpaceRecovery.h
/Applications/Xcode.app/Contents/Developer/Platforms/MacOSX.platform/Developer/SDKs/MacOSX26.1.sdk/System/Library/Frameworks/CoreServices.framework/Frameworks/CarbonCore.framework/Headers/Components.h
/Applications/Xcode.app/Contents/Developer/Platforms/MacOSX.platform/Developer/SDKs/MacOSX26.1.sdk/System/Library/Frameworks/CoreServices.framework/Frameworks/CarbonCore.framework/Headers/Files.h
/Applications/Xcode.app/Contents/Developer/Platforms/MacOSX.platform/Developer/SDKs/MacOSX26.1.sdk/System/Library/Frameworks/CoreServices.framework/Frameworks/CarbonCore.framework/Headers/OSUtils.h
/Applications/Xcode.app/Contents/Developer/Platforms/MacOSX.platform/Developer/SDKs/MacOSX26.1.sdk/System/Library/Frameworks/CoreServices.framework/Frameworks/CarbonCore.framework/Headers/DateTimeUtils.h
/Applications/Xcode.app/Contents/Developer/Platforms/MacOSX.platform/Developer/SDKs/MacOSX26.1.sdk/System/Library/Frameworks/DiskArbitration.framework/Modules/module.modulemap
/Applications/Xcode.app/Contents/Developer/Platforms/MacOSX.platform/Developer/SDKs/MacOSX26.1.sdk/System/Library/Frameworks/CoreServices.framework/Frameworks/CarbonCore.framework/Headers/Resources.h
/Applications/Xcode.app/Contents/Developer/Platforms/MacOSX.platform/Developer/SDKs/MacOSX26.1.sdk/System/Library/Frameworks/CoreServices.framework/Frameworks/CarbonCore.framework/Headers/CodeFragments.h
/Applications/Xcode.app/Contents/Developer/Platforms/MacOSX.platform/Developer/SDKs/MacOSX26.1.sdk/System/Library/Frameworks/CoreServices.framework/Frameworks/CarbonCore.framework/Headers/Multiprocessing.h
/Applications/Xcode.app/Contents/Developer/Platforms/MacOSX.platform/Developer/SDKs/MacOSX26.1.sdk/System/Library/Frameworks/CoreServices.framework/Frameworks/CarbonCore.framework/Headers/Aliases.h
/Applications/Xcode.app/Contents/Developer/Platforms/MacOSX.platform/Developer/SDKs/MacOSX26.1.sdk/System/Library/Frameworks/CoreServices.framework/Frameworks/CarbonCore.framework/Headers/MacLocales.h
/Applications/Xcode.app/Contents/Developer/Platforms/MacOSX.platform/Developer/SDKs/MacOSX26.1.sdk/System/Library/Frameworks/CoreServices.framework/Frameworks/CarbonCore.framework/Headers/Debugging.h
/Applications/Xcode.app/Contents/Developer/Platforms/MacOSX.platform/Developer/SDKs/MacOSX26.1.sdk/System/Library/Frameworks/CoreServices.framework/Frameworks/CarbonCore.framework/Headers/PLStringFuncs.h
/Applications/Xcode.app/Contents/Developer/Platforms/MacOSX.platform/Developer/SDKs/MacOSX26.1.sdk/System/Library/Frameworks/CoreServices.framework/Frameworks/CarbonCore.framework/Headers/DriverSynchronization.h
/Applications/Xcode.app/Contents/Developer/Platforms/MacOSX.platform/Developer/SDKs/MacOSX26.1.sdk/System/Library/Frameworks/CoreServices.framework/Frameworks/CarbonCore.framework/Headers/DriverServices.h
/Applications/Xcode.app/Contents/Developer/Platforms/MacOSX.platform/Developer/SDKs/MacOSX26.1.sdk/System/Library/Frameworks/CoreServices.framework/Frameworks/CarbonCore.framework/Headers/MachineExceptions.h
/Applications/Xcode.app/Contents/Developer/Platforms/MacOSX.platform/Developer/SDKs/MacOSX26.1.sdk/System/Library/Frameworks/CoreServices.framework/Frameworks/CarbonCore.framework/Headers/NumberFormatting.h
/Applications/Xcode.app/Contents/Developer/Platforms/MacOSX.platform/Developer/SDKs/MacOSX26.1.sdk/System/Library/Frameworks/CoreServices.framework/Frameworks/CarbonCore.framework/Headers/StringCompare.h
/Applications/Xcode.app/Contents/Developer/Platforms/MacOSX.platform/Developer/SDKs/MacOSX26.1.sdk/System/Library/Frameworks/CoreServices.framework/Frameworks/CarbonCore.framework/Headers/TextUtils.h
/Applications/Xcode.app/Contents/Developer/Platforms/MacOSX.platform/Developer/SDKs/MacOSX26.1.sdk/System/Library/Frameworks/CoreServices.framework/Frameworks/CarbonCore.framework/Headers/ToolUtils.h
/Applications/Xcode.app/Contents/Developer/Platforms/MacOSX.platform/Developer/SDKs/MacOSX26.1.sdk/System/Library/Frameworks/CoreServices.framework/Frameworks/CarbonCore.framework/Headers/UnicodeUtilities.h
/Applications/Xcode.app/Contents/Developer/Platforms/MacOSX.platform/Developer/SDKs/MacOSX26.1.sdk/System/Library/Frameworks/CoreServices.framework/Frameworks/CarbonCore.framework/Headers/fp.h
/Applications/Xcode.app/Contents/Developer/Platforms/MacOSX.platform/Developer/SDKs/MacOSX26.1.sdk/System/Library/Frameworks/CoreServices.framework/Frameworks/CarbonCore.framework/Headers/TextEncodingConverter.h
/Applications/Xcode.app/Contents/Developer/Platforms/MacOSX.platform/Developer/SDKs/MacOSX26.1.sdk/System/Library/Frameworks/CoreServices.framework/Frameworks/CarbonCore.framework/Headers/UnicodeConverter.h
/Applications/Xcode.app/Contents/Developer/Platforms/MacOSX.platform/Developer/SDKs/MacOSX26.1.sdk/System/Library/Frameworks/CoreServices.framework/Frameworks/CarbonCore.framework/Headers/Threads.h
/Applications/Xcode.app/Contents/Developer/Platforms/MacOSX.platform/Developer/SDKs/MacOSX26.1.sdk/System/Library/Frameworks/CoreServices.framework/Frameworks/CarbonCore.framework/Headers/Folders.h
/Applications/Xcode.app/Contents/Developer/Platforms/MacOSX.platform/Developer/SDKs/MacOSX26.1.sdk/System/Library/Frameworks/CoreServices.framework/Frameworks/CarbonCore.framework/Headers/Timer.h
/Applications/Xcode.app/Contents/Developer/Platforms/MacOSX.platform/Developer/SDKs/MacOSX26.1.sdk/System/Library/Frameworks/CoreServices.framework/Frameworks/CarbonCore.framework/Headers/MultiprocessingInfo.h
/Applications/Xcode.app/Contents/Developer/Platforms/MacOSX.platform/Developer/SDKs/MacOSX26.1.sdk/System/Library/Frameworks/CoreServices.framework/Frameworks/CarbonCore.framework/Headers/LowMem.h
/Applications/Xcode.app/Contents/Developer/Platforms/MacOSX.platform/Developer/SDKs/MacOSX26.1.sdk/System/Library/Frameworks/CoreServices.framework/Frameworks/CarbonCore.framework/Headers/AVLTree.h
/Applications/Xcode.app/Contents/Developer/Platforms/MacOSX.platform/Developer/SDKs/MacOSX26.1.sdk/System/Library/Frameworks/CoreServices.framework/Frameworks/CarbonCore.framework/Headers/PEFBinaryFormat.h
/Applications/Xcode.app/Contents/Developer/Platforms/MacOSX.platform/Developer/SDKs/MacOSX26.1.sdk/System/Library/Frameworks/CoreServices.framework/Frameworks/CarbonCore.framework/Headers/HFSVolumes.h
/Applications/Xcode.app/Contents/Developer/Platforms/MacOSX.platform/Developer/SDKs/MacOSX26.1.sdk/System/Library/Frameworks/CoreServices.framework/Frameworks/CarbonCore.framework/Headers/AIFF.h
/Applications/Xcode.app/Contents/Developer/Toolchains/XcodeDefault.xctoolchain/usr/lib/swift/clang/include/module.modulemap
/Applications/Xcode.app/Contents/Developer/Platforms/MacOSX.platform/Developer/SDKs/MacOSX26.1.sdk/System/Library/Frameworks/CoreServices.framework/Frameworks/CarbonCore.framework/Headers/TextEncodingPlugin.h
/Applications/Xcode.app/Contents/Developer/Platforms/MacOSX.platform/Developer/SDKs/MacOSX26.1.sdk/System/Library/Frameworks/CoreServices.framework/Frameworks/AE.framework/Headers/AEDataModel.h
/Applications/Xcode.app/Contents/Developer/Platforms/MacOSX.platform/Developer/SDKs/MacOSX26.1.sdk/System/Library/Frameworks/CoreServices.framework/Frameworks/AE.framework/Headers/AppleEvents.h
/Applications/Xcode.app/Contents/Developer/Platforms/MacOSX.platform/Developer/SDKs/MacOSX26.1.sdk/System/Library/Frameworks/CoreServices.framework/Frameworks/AE.framework/Headers/AEPackObject.h
/Applications/Xcode.app/Contents/Developer/Platforms/MacOSX.platform/Developer/SDKs/MacOSX26.1.sdk/System/Library/Frameworks/CoreServices.framework/Frameworks/AE.framework/Headers/AEObjects.h
/Applications/Xcode.app/Contents/Developer/Platforms/MacOSX.platform/Developer/SDKs/MacOSX26.1.sdk/System/Library/Frameworks/CoreServices.framework/Frameworks/AE.framework/Headers/AERegistry.h
/Applications/Xcode.app/Contents/Developer/Platforms/MacOSX.platform/Developer/SDKs/MacOSX26.1.sdk/System/Library/Frameworks/CoreServices.framework/Frameworks/AE.framework/Headers/AEUserTermTypes.h
/Applications/Xcode.app/Contents/Developer/Platforms/MacOSX.platform/Developer/SDKs/MacOSX26.1.sdk/System/Library/Frameworks/CoreServices.framework/Frameworks/AE.framework/Headers/AEHelpers.h
/Applications/Xcode.app/Contents/Developer/Toolchains/XcodeDefault.xctoolchain/usr/lib/swift/clang/include/stdarg.h
/Applications/Xcode.app/Contents/Developer/Platforms/MacOSX.platform/Developer/SDKs/MacOSX26.1.sdk/System/Library/Frameworks/CoreServices.framework/Frameworks/AE.framework/Headers/AEMach.h
/Applications/Xcode.app/Contents/Developer/Platforms/MacOSX.platform/Developer/SDKs/MacOSX26.1.sdk/System/Library/Frameworks/CFNetwork.framework/Modules/module.modulemap
/Applications/Xcode.app/Contents/Developer/Platforms/MacOSX.platform/Developer/SDKs/MacOSX26.1.sdk/System/Library/Frameworks/CoreServices.framework/Frameworks/DictionaryServices.framework/Headers/DictionaryServices.h
/Applications/Xcode.app/Contents/Developer/Platforms/MacOSX.platform/Developer/SDKs/MacOSX26.1.sdk/System/Library/Frameworks/CoreServices.framework/Frameworks/LaunchServices.framework/Headers/LaunchServices.h
/Applications/Xcode.app/Contents/Developer/Platforms/MacOSX.platform/Developer/SDKs/MacOSX26.1.sdk/System/Library/Frameworks/CoreServices.framework/Frameworks/LaunchServices.framework/Headers/IconsCore.h
/Applications/Xcode.app/Contents/Developer/Platforms/MacOSX.platform/Developer/SDKs/MacOSX26.1.sdk/System/Library/Frameworks/CoreServices.framework/Frameworks/OSServices.framework/Headers/OSServices.h
/Applications/Xcode.app/Contents/Developer/Platforms/MacOSX.platform/Developer/SDKs/MacOSX26.1.sdk/System/Library/Frameworks/CoreServices.framework/Frameworks/OSServices.framework/Headers/CSIdentity.h
/Applications/Xcode.app/Contents/Developer/Platforms/MacOSX.platform/Developer/SDKs/MacOSX26.1.sdk/System/Library/Frameworks/CoreServices.framework/Frameworks/OSServices.framework/Headers/CSIdentityBase.h
/Applications/Xcode.app/Contents/Developer/Platforms/MacOSX.platform/Developer/SDKs/MacOSX26.1.sdk/System/Library/Frameworks/Security.framework/Modules/module.modulemap
/Applications/Xcode.app/Contents/Developer/Platforms/MacOSX.platform/Developer/SDKs/MacOSX26.1.sdk/System/Library/Frameworks/CoreServices.framework/Frameworks/OSServices.framework/Headers/CSIdentityAuthority.h
/Applications/Xcode.app/Contents/Developer/Platforms/MacOSX.platform/Developer/SDKs/MacOSX26.1.sdk/System/Library/Frameworks/CoreServices.framework/Frameworks/OSServices.framework/Headers/CSIdentityQuery.h
/Applications/Xcode.app/Contents/Developer/Platforms/MacOSX.platform/Developer/SDKs/MacOSX26.1.sdk/System/Library/Frameworks/CoreServices.framework/Frameworks/OSServices.framework/Headers/IconStorage.h
/Applications/Xcode.app/Contents/Developer/Platforms/MacOSX.platform/Developer/SDKs/MacOSX26.1.sdk/System/Library/Frameworks/CoreServices.framework/Frameworks/OSServices.framework/Headers/Power.h
/Applications/Xcode.app/Contents/Developer/Platforms/MacOSX.platform/Developer/SDKs/MacOSX26.1.sdk/System/Library/Frameworks/CoreServices.framework/Frameworks/OSServices.framework/Headers/SecurityCore.h
/Applications/Xcode.app/Contents/Developer/Platforms/MacOSX.platform/Developer/SDKs/MacOSX26.1.sdk/System/Library/Frameworks/CoreServices.framework/Frameworks/OSServices.framework/Headers/KeychainCore.h
/Applications/Xcode.app/Contents/Developer/Platforms/MacOSX.platform/Developer/SDKs/MacOSX26.1.sdk/System/Library/Frameworks/CoreServices.framework/Frameworks/OSServices.framework/Headers/WSMethodInvocation.h
/Applications/Xcode.app/Contents/Developer/Platforms/MacOSX.platform/Developer/SDKs/MacOSX26.1.sdk/System/Library/Frameworks/CoreServices.framework/Frameworks/OSServices.framework/Headers/WSTypes.h
/Applications/Xcode.app/Contents/Developer/Platforms/MacOSX.platform/Developer/SDKs/MacOSX26.1.sdk/System/Library/Frameworks/CoreServices.framework/Frameworks/OSServices.framework/Headers/WSProtocolHandler.h
/Applications/Xcode.app/Contents/Developer/Platforms/MacOSX.platform/Developer/SDKs/MacOSX26.1.sdk/System/Library/Frameworks/CoreServices.framework/Frameworks/LaunchServices.framework/Headers/LSConstants.h
/Applications/Xcode.app/Contents/Developer/Platforms/MacOSX.platform/Developer/SDKs/MacOSX26.1.sdk/System/Library/Frameworks/CoreServices.framework/Frameworks/LaunchServices.framework/Headers/LSInfo.h
/Applications/Xcode.app/Contents/Developer/Platforms/MacOSX.platform/Developer/SDKs/MacOSX26.1.sdk/System/Library/Frameworks/CoreServices.framework/Frameworks/LaunchServices.framework/Headers/LSInfoDeprecated.h
/Applications/Xcode.app/Contents/Developer/Platforms/MacOSX.platform/Developer/SDKs/MacOSX26.1.sdk/System/Library/Frameworks/CoreServices.framework/Frameworks/LaunchServices.framework/Headers/LSOpen.h
/Applications/Xcode.app/Contents/Developer/Platforms/MacOSX.platform/Developer/SDKs/MacOSX26.1.sdk/System/Library/Frameworks/CoreServices.framework/Frameworks/LaunchServices.framework/Headers/LSOpenDeprecated.h
/Applications/Xcode.app/Contents/Developer/Platforms/MacOSX.platform/Developer/SDKs/MacOSX26.1.sdk/System/Library/Frameworks/CoreServices.framework/Frameworks/LaunchServices.framework/Headers/LSQuarantine.h
/Applications/Xcode.app/Contents/Developer/Platforms/MacOSX.platform/Developer/SDKs/MacOSX26.1.sdk/System/Library/Frameworks/CoreServices.framework/Frameworks/LaunchServices.framework/Headers/UTCoreTypes.h
/Applications/Xcode.app/Contents/Developer/Platforms/MacOSX.platform/Developer/SDKs/MacOSX26.1.sdk/System/Library/Frameworks/CoreServices.framework/Frameworks/LaunchServices.framework/Headers/UTType.h
/Applications/Xcode.app/Contents/Developer/Platforms/MacOSX.platform/Developer/SDKs/MacOSX26.1.sdk/System/Library/Frameworks/CoreServices.framework/Frameworks/Metadata.framework/Headers/Metadata.h
/Applications/Xcode.app/Contents/Developer/Platforms/MacOSX.platform/Developer/SDKs/MacOSX26.1.sdk/System/Library/Frameworks/CoreServices.framework/Frameworks/Metadata.framework/Headers/MDItem.h
/Applications/Xcode.app/Contents/Developer/Platforms/MacOSX.platform/Developer/SDKs/MacOSX26.1.sdk/System/Library/Frameworks/CoreServices.framework/Frameworks/Metadata.framework/Headers/MDLabel.h
/Applications/Xcode.app/Contents/Developer/Platforms/MacOSX.platform/Developer/SDKs/MacOSX26.1.sdk/System/Library/Frameworks/CoreServices.framework/Frameworks/Metadata.framework/Headers/MDQuery.h
/Applications/Xcode.app/Contents/Developer/Platforms/MacOSX.platform/Developer/SDKs/MacOSX26.1.sdk/System/Library/Frameworks/CoreServices.framework/Frameworks/Metadata.framework/Headers/MDSchema.h
/Applications/Xcode.app/Contents/Developer/Platforms/MacOSX.platform/Developer/SDKs/MacOSX26.1.sdk/System/Library/Frameworks/CoreServices.framework/Frameworks/Metadata.framework/Headers/MDImporter.h
/Applications/Xcode.app/Contents/Developer/Platforms/MacOSX.platform/Developer/SDKs/MacOSX26.1.sdk/System/Library/Frameworks/CoreServices.framework/Frameworks/SearchKit.framework/Headers/SearchKit.h
/Applications/Xcode.app/Contents/Developer/Platforms/MacOSX.platform/Developer/SDKs/MacOSX26.1.sdk/System/Library/Frameworks/CoreServices.framework/Frameworks/SearchKit.framework/Headers/SKDocument.h
/Applications/Xcode.app/Contents/Developer/Platforms/MacOSX.platform/Developer/SDKs/MacOSX26.1.sdk/System/Library/Frameworks/CoreServices.framework/Frameworks/SearchKit.framework/Headers/SKAnalysis.h
/Applications/Xcode.app/Contents/Developer/Platforms/MacOSX.platform/Developer/SDKs/MacOSX26.1.sdk/System/Library/Frameworks/CoreServices.framework/Frameworks/SearchKit.framework/Headers/SKIndex.h
/Applications/Xcode.app/Contents/Developer/Platforms/MacOSX.platform/Developer/SDKs/MacOSX26.1.sdk/System/Library/Frameworks/CoreServices.framework/Frameworks/SearchKit.framework/Headers/SKSearch.h
/Applications/Xcode.app/Contents/Developer/Platforms/MacOSX.platform/Developer/SDKs/MacOSX26.1.sdk/System/Library/Frameworks/CoreServices.framework/Frameworks/SearchKit.framework/Headers/SKSummary.h
/Applications/Xcode.app/Contents/Developer/Platforms/MacOSX.platform/Developer/SDKs/MacOSX26.1.sdk/System/Library/Frameworks/CoreServices.framework/Frameworks/FSEvents.framework/Headers/FSEvents.h
/Applications/Xcode.app/Contents/Developer/Platforms/MacOSX.platform/Developer/SDKs/MacOSX26.1.sdk/System/Library/Frameworks/CoreServices.framework/Frameworks/SharedFileList.framework/Headers/SharedFileList.h
/Applications/Xcode.app/Contents/Developer/Platforms/MacOSX.platform/Developer/SDKs/MacOSX26.1.sdk/System/Library/Frameworks/CoreServices.framework/Frameworks/SharedFileList.framework/Headers/LSSharedFileList.h
/Applications/Xcode.app/Contents/Developer/Platforms/MacOSX.platform/Developer/SDKs/MacOSX26.1.sdk/SDKSettings.json
/Applications/Xcode.app/Contents/Developer/Platforms/MacOSX.platform/Developer/SDKs/MacOSX26.1.sdk/usr/include/Darwin.modulemap
/Applications/Xcode.app/Contents/Developer/Platforms/MacOSX.platform/Developer/SDKs/MacOSX26.1.sdk/usr/include/Darwin_C.modulemap
/Applications/Xcode.app/Contents/Developer/Platforms/MacOSX.platform/Developer/SDKs/MacOSX26.1.sdk/usr/include/Darwin_POSIX.modulemap
/Applications/Xcode.app/Contents/Developer/Platforms/MacOSX.platform/Developer/SDKs/MacOSX26.1.sdk/usr/include/net.modulemap
/Applications/Xcode.app/Contents/Developer/Platforms/MacOSX.platform/Developer/SDKs/MacOSX26.1.sdk/usr/include/netinet.modulemap
/Applications/Xcode.app/Contents/Developer/Platforms/MacOSX.platform/Developer/SDKs/MacOSX26.1.sdk/usr/include/bank.modulemap
/Applications/Xcode.app/Contents/Developer/Platforms/MacOSX.platform/Developer/SDKs/MacOSX26.1.sdk/usr/include/Darwin_Mach.modulemap
/Applications/Xcode.app/Contents/Developer/Platforms/MacOSX.platform/Developer/SDKs/MacOSX26.1.sdk/usr/include/Darwin_Mach_machine.modulemap
/Applications/Xcode.app/Contents/Developer/Platforms/MacOSX.platform/Developer/SDKs/MacOSX26.1.sdk/usr/include/mach_debug.modulemap
/Applications/Xcode.app/Contents/Developer/Platforms/MacOSX.platform/Developer/SDKs/MacOSX26.1.sdk/usr/include/device.modulemap
/Applications/Xcode.app/Contents/Developer/Platforms/MacOSX.platform/Developer/SDKs/MacOSX26.1.sdk/usr/include/Darwin_machine.modulemap
/Applications/Xcode.app/Contents/Developer/Platforms/MacOSX.platform/Developer/SDKs/MacOSX26.1.sdk/usr/include/ncurses.modulemap
/Applications/Xcode.app/Contents/Developer/Platforms/MacOSX.platform/Developer/SDKs/MacOSX26.1.sdk/usr/include/netinet6.modulemap
/Applications/Xcode.app/Contents/Developer/Platforms/MacOSX.platform/Developer/SDKs/MacOSX26.1.sdk/usr/include/Darwin_sys.modulemap
/Applications/Xcode.app/Contents/Developer/Platforms/MacOSX.platform/Developer/SDKs/MacOSX26.1.sdk/usr/include/uuid.modulemap
/Applications/Xcode.app/Contents/Developer/Platforms/MacOSX.platform/Developer/SDKs/MacOSX26.1.sdk/usr/include/DarwinFoundation2.modulemap
/Applications/Xcode.app/Contents/Developer/Platforms/MacOSX.platform/Developer/SDKs/MacOSX26.1.sdk/usr/include/DarwinFoundation3.modulemap
/Applications/Xcode.app/Contents/Developer/Platforms/MacOSX.platform/Developer/SDKs/MacOSX26.1.sdk/usr/include/DarwinFoundation1.modulemap
/Applications/Xcode.app/Contents/Developer/Platforms/MacOSX.platform/Developer/SDKs/MacOSX26.1.sdk/usr/include/copyfile.h
/Applications/Xcode.app/Contents/Developer/Toolchains/XcodeDefault.xctoolchain/usr/lib/swift/clang/include/module.modulemap
/Applications/Xcode.app/Contents/Developer/Platforms/MacOSX.platform/Developer/SDKs/MacOSX26.1.sdk/usr/include/err.h
/Applications/Xcode.app/Contents/Developer/Platforms/MacOSX.platform/Developer/SDKs/MacOSX26.1.sdk/usr/include/readpassphrase.h
/Applications/Xcode.app/Contents/Developer/Platforms/MacOSX.platform/Developer/SDKs/MacOSX26.1.sdk/usr/include/util.h
/Applications/Xcode.app/Contents/Developer/Platforms/MacOSX.platform/Developer/SDKs/MacOSX26.1.sdk/usr/include/sys/ttycom.h
/Applications/Xcode.app/Contents/Developer/Platforms/MacOSX.platform/Developer/SDKs/MacOSX26.1.sdk/usr/include/sys/ioccom.h
/Applications/Xcode.app/Contents/Developer/Platforms/MacOSX.platform/Developer/SDKs/MacOSX26.1.sdk/usr/include/stdio.h
/Applications/Xcode.app/Contents/Developer/Platforms/MacOSX.platform/Developer/SDKs/MacOSX26.1.sdk/usr/include/pwd.h
/Applications/Xcode.app/Contents/Developer/Platforms/MacOSX.platform/Developer/SDKs/MacOSX26.1.sdk/usr/include/uuid/uuid.h
/Applications/Xcode.app/Contents/Developer/Platforms/MacOSX.platform/Developer/SDKs/MacOSX26.1.sdk/usr/include/termios.h
/Applications/Xcode.app/Contents/Developer/Platforms/MacOSX.platform/Developer/SDKs/MacOSX26.1.sdk/usr/include/sys/termios.h
/Applications/Xcode.app/Contents/Developer/Platforms/MacOSX.platform/Developer/SDKs/MacOSX26.1.sdk/usr/include/sys/ttydefaults.h
/Applications/Xcode.app/Contents/Developer/Platforms/MacOSX.platform/Developer/SDKs/MacOSX26.1.sdk/usr/include/utmp.h
/Applications/Xcode.app/Contents/Developer/Platforms/MacOSX.platform/Developer/SDKs/MacOSX26.1.sdk/usr/include/xattr_flags.h
/Applications/Xcode.app/Contents/Developer/Platforms/MacOSX.platform/Developer/SDKs/MacOSX26.1.sdk/usr/include/_modules/_darwin_c_ctype.h
/Applications/Xcode.app/Contents/Developer/Platforms/MacOSX.platform/Developer/SDKs/MacOSX26.1.sdk/usr/include/ctype.h
/Applications/Xcode.app/Contents/Developer/Platforms/MacOSX.platform/Developer/SDKs/MacOSX26.1.sdk/usr/include/_modules/_darwin_c_errno.h
/Applications/Xcode.app/Contents/Developer/Platforms/MacOSX.platform/Developer/SDKs/MacOSX26.1.sdk/usr/include/_modules/_darwin_c_inttypes.h
/Applications/Xcode.app/Contents/Developer/Platforms/MacOSX.platform/Developer/SDKs/MacOSX26.1.sdk/usr/include/_modules/_darwin_c_limits.h
/Applications/Xcode.app/Contents/Developer/Platforms/MacOSX.platform/Developer/SDKs/MacOSX26.1.sdk/usr/include/_modules/_darwin_c_signal.h
/Applications/Xcode.app/Contents/Developer/Platforms/MacOSX.platform/Developer/SDKs/MacOSX26.1.sdk/usr/include/_modules/_darwin_c_stdarg.h
/Applications/Xcode.app/Contents/Developer/Toolchains/XcodeDefault.xctoolchain/usr/lib/swift/clang/include/stdarg.h
/Applications/Xcode.app/Contents/Developer/Platforms/MacOSX.platform/Developer/SDKs/MacOSX26.1.sdk/usr/include/_modules/_darwin_c_stdbool.h
/Applications/Xcode.app/Contents/Developer/Platforms/MacOSX.platform/Developer/SDKs/MacOSX26.1.sdk/usr/include/_modules/_darwin_c_stddef.h
/Applications/Xcode.app/Contents/Developer/Toolchains/XcodeDefault.xctoolchain/usr/lib/swift/clang/include/stddef.h
/Applications/Xcode.app/Contents/Developer/Platforms/MacOSX.platform/Developer/SDKs/MacOSX26.1.sdk/usr/include/_modules/_darwin_c_stdint.h
/Applications/Xcode.app/Contents/Developer/Platforms/MacOSX.platform/Developer/SDKs/MacOSX26.1.sdk/usr/include/_modules/_darwin_c_stdio.h
/Applications/Xcode.app/Contents/Developer/Platforms/MacOSX.platform/Developer/SDKs/MacOSX26.1.sdk/usr/include/_modules/_darwin_c_stdlib.h
/Applications/Xcode.app/Contents/Developer/Platforms/MacOSX.platform/Developer/SDKs/MacOSX26.1.sdk/usr/include/stdlib.h
/Applications/Xcode.app/Contents/Developer/Platforms/MacOSX.platform/Developer/SDKs/MacOSX26.1.sdk/usr/include/_modules/_darwin_c_string.h
/Applications/Xcode.app/Contents/Developer/Platforms/MacOSX.platform/Developer/SDKs/MacOSX26.1.sdk/usr/include/string.h
/Applications/Xcode.app/Contents/Developer/Platforms/MacOSX.platform/Developer/SDKs/MacOSX26.1.sdk/usr/include/_modules/_darwin_c_time.h
/Applications/Xcode.app/Contents/Developer/Platforms/MacOSX.platform/Developer/SDKs/MacOSX26.1.sdk/usr/include/time.h
/Applications/Xcode.app/Contents/Developer/Platforms/MacOSX.platform/Developer/SDKs/MacOSX26.1.sdk/usr/include/_modules/_darwin_c_wchar.h
/Applications/Xcode.app/Contents/Developer/Platforms/MacOSX.platform/Developer/SDKs/MacOSX26.1.sdk/usr/include/wchar.h
/Applications/Xcode.app/Contents/Developer/Platforms/MacOSX.platform/Developer/SDKs/MacOSX26.1.sdk/usr/include/aio.h
/Applications/Xcode.app/Contents/Developer/Platforms/MacOSX.platform/Developer/SDKs/MacOSX26.1.sdk/usr/include/sys/aio.h
/Applications/Xcode.app/Contents/Developer/Platforms/MacOSX.platform/Developer/SDKs/MacOSX26.1.sdk/usr/include/sys/_types/_o_sync.h
/Applications/Xcode.app/Contents/Developer/Platforms/MacOSX.platform/Developer/SDKs/MacOSX26.1.sdk/usr/include/sys/_types/_o_dsync.h
/Applications/Xcode.app/Contents/Developer/Platforms/MacOSX.platform/Developer/SDKs/MacOSX26.1.sdk/usr/include/arpa/inet.h
/Applications/Xcode.app/Contents/Developer/Platforms/MacOSX.platform/Developer/SDKs/MacOSX26.1.sdk/usr/include/netinet/in.h
/Applications/Xcode.app/Contents/Developer/Platforms/MacOSX.platform/Developer/SDKs/MacOSX26.1.sdk/usr/include/sys/socket.h
/Applications/Xcode.app/Contents/Developer/Platforms/MacOSX.platform/Developer/SDKs/MacOSX26.1.sdk/usr/include/sys/constrained_ctypes.h
/Applications/Xcode.app/Contents/Developer/Platforms/MacOSX.platform/Developer/SDKs/MacOSX26.1.sdk/usr/include/machine/_param.h
/Applications/Xcode.app/Contents/Developer/Platforms/MacOSX.platform/Developer/SDKs/MacOSX26.1.sdk/usr/include/arm/_param.h
/Applications/Xcode.app/Contents/Developer/Platforms/MacOSX.platform/Developer/SDKs/MacOSX26.1.sdk/usr/include/net/net_kev.h
/Applications/Xcode.app/Contents/Developer/Platforms/MacOSX.platform/Developer/SDKs/MacOSX26.1.sdk/usr/include/sys/_types/_sa_family_t.h
/Applications/Xcode.app/Contents/Developer/Platforms/MacOSX.platform/Developer/SDKs/MacOSX26.1.sdk/usr/include/sys/_types/_socklen_t.h
/Applications/Xcode.app/Contents/Developer/Platforms/MacOSX.platform/Developer/SDKs/MacOSX26.1.sdk/usr/include/sys/_types/_iovec_t.h
/Applications/Xcode.app/Contents/Developer/Platforms/MacOSX.platform/Developer/SDKs/MacOSX26.1.sdk/usr/include/netinet6/in6.h
/Applications/Xcode.app/Contents/Developer/Platforms/MacOSX.platform/Developer/SDKs/MacOSX26.1.sdk/usr/include/cpio.h
/Applications/Xcode.app/Contents/Developer/Platforms/MacOSX.platform/Developer/SDKs/MacOSX26.1.sdk/usr/include/dirent.h
/Applications/Xcode.app/Contents/Developer/Platforms/MacOSX.platform/Developer/SDKs/MacOSX26.1.sdk/usr/include/sys/dirent.h
/Applications/Xcode.app/Contents/Developer/Platforms/MacOSX.platform/Developer/SDKs/MacOSX26.1.sdk/usr/include/sys/dir.h
/Applications/Xcode.app/Contents/Developer/Platforms/MacOSX.platform/Developer/SDKs/MacOSX26.1.sdk/usr/include/dlfcn.h
/Applications/Xcode.app/Contents/Developer/Platforms/MacOSX.platform/Developer/SDKs/MacOSX26.1.sdk/usr/include/fcntl.h
/Applications/Xcode.app/Contents/Developer/Platforms/MacOSX.platform/Developer/SDKs/MacOSX26.1.sdk/usr/include/sys/fcntl.h
/Applications/Xcode.app/Contents/Developer/Platforms/MacOSX.platform/Developer/SDKs/MacOSX26.1.sdk/usr/include/sys/_types/_s_ifmt.h
/Applications/Xcode.app/Contents/Developer/Platforms/MacOSX.platform/Developer/SDKs/MacOSX26.1.sdk/usr/include/sys/_types/_filesec_t.h
/Applications/Xcode.app/Contents/Developer/Platforms/MacOSX.platform/Developer/SDKs/MacOSX26.1.sdk/usr/include/fmtmsg.h
/Applications/Xcode.app/Contents/Developer/Platforms/MacOSX.platform/Developer/SDKs/MacOSX26.1.sdk/usr/include/fnmatch.h
/Applications/Xcode.app/Contents/Developer/Platforms/MacOSX.platform/Developer/SDKs/MacOSX26.1.sdk/usr/include/ftw.h
/Applications/Xcode.app/Contents/Developer/Platforms/MacOSX.platform/Developer/SDKs/MacOSX26.1.sdk/usr/include/sys/stat.h
/Applications/Xcode.app/Contents/Developer/Platforms/MacOSX.platform/Developer/SDKs/MacOSX26.1.sdk/usr/include/glob.h
/Applications/Xcode.app/Contents/Developer/Platforms/MacOSX.platform/Developer/SDKs/MacOSX26.1.sdk/usr/include/grp.h
/Applications/Xcode.app/Contents/Developer/Platforms/MacOSX.platform/Developer/SDKs/MacOSX26.1.sdk/usr/include/iconv.h
/Applications/Xcode.app/Contents/Developer/Platforms/MacOSX.platform/Developer/SDKs/MacOSX26.1.sdk/usr/include/ifaddrs.h
/Applications/Xcode.app/Contents/Developer/Platforms/MacOSX.platform/Developer/SDKs/MacOSX26.1.sdk/usr/include/sys/ioctl.h
/Applications/Xcode.app/Contents/Developer/Platforms/MacOSX.platform/Developer/SDKs/MacOSX26.1.sdk/usr/include/sys/filio.h
/Applications/Xcode.app/Contents/Developer/Platforms/MacOSX.platform/Developer/SDKs/MacOSX26.1.sdk/usr/include/sys/sockio.h
/Applications/Xcode.app/Contents/Developer/Platforms/MacOSX.platform/Developer/SDKs/MacOSX26.1.sdk/usr/include/net/if.h
/Applications/Xcode.app/Contents/Developer/Platforms/MacOSX.platform/Developer/SDKs/MacOSX26.1.sdk/usr/include/net/if_var.h
/Applications/Xcode.app/Contents/Developer/Platforms/MacOSX.platform/Developer/SDKs/MacOSX26.1.sdk/usr/include/sys/time.h
/Applications/Xcode.app/Contents/Developer/Platforms/MacOSX.platform/Developer/SDKs/MacOSX26.1.sdk/usr/include/sys/_types/_timeval64.h
/Applications/Xcode.app/Contents/Developer/Platforms/MacOSX.platform/Developer/SDKs/MacOSX26.1.sdk/usr/include/sys/_types/_timeval32.h
/Applications/Xcode.app/Contents/Developer/Platforms/MacOSX.platform/Developer/SDKs/MacOSX26.1.sdk/usr/include/_langinfo.h
/Applications/Xcode.app/Contents/Developer/Platforms/MacOSX.platform/Developer/SDKs/MacOSX26.1.sdk/usr/include/xlocale/_langinfo.h
/Applications/Xcode.app/Contents/Developer/Platforms/MacOSX.platform/Developer/SDKs/MacOSX26.1.sdk/usr/include/libgen.h
/Applications/Xcode.app/Contents/Developer/Platforms/MacOSX.platform/Developer/SDKs/MacOSX26.1.sdk/usr/include/_monetary.h
/Applications/Xcode.app/Contents/Developer/Platforms/MacOSX.platform/Developer/SDKs/MacOSX26.1.sdk/usr/include/xlocale/_monetary.h
/Applications/Xcode.app/Contents/Developer/Platforms/MacOSX.platform/Developer/SDKs/MacOSX26.1.sdk/usr/include/ndbm.h
/Applications/Xcode.app/Contents/Developer/Platforms/MacOSX.platform/Developer/SDKs/MacOSX26.1.sdk/usr/include/netdb.h
/Applications/Xcode.app/Contents/Developer/Platforms/MacOSX.platform/Developer/SDKs/MacOSX26.1.sdk/usr/include/net/if_dl.h
/Applications/Xcode.app/Contents/Developer/Platforms/MacOSX.platform/Developer/SDKs/MacOSX26.1.sdk/usr/include/net/if_types.h
/Applications/Xcode.app/Contents/Developer/Platforms/MacOSX.platform/Developer/SDKs/MacOSX26.1.sdk/usr/include/netinet/tcp.h
/Applications/Xcode.app/Contents/Developer/Platforms/MacOSX.platform/Developer/SDKs/MacOSX26.1.sdk/usr/include/poll.h
/Applications/Xcode.app/Contents/Developer/Platforms/MacOSX.platform/Developer/SDKs/MacOSX26.1.sdk/usr/include/sys/poll.h
/Applications/Xcode.app/Contents/Developer/Platforms/MacOSX.platform/Developer/SDKs/MacOSX26.1.sdk/usr/include/pthread/spawn.h
/Applications/Xcode.app/Contents/Developer/Platforms/MacOSX.platform/Developer/SDKs/MacOSX26.1.sdk/usr/include/spawn.h
/Applications/Xcode.app/Contents/Developer/Platforms/MacOSX.platform/Developer/SDKs/MacOSX26.1.sdk/usr/include/sys/spawn.h
/Applications/Xcode.app/Contents/Developer/Platforms/MacOSX.platform/Developer/SDKs/MacOSX26.1.sdk/usr/include/mach/exception_types.h
/Applications/Xcode.app/Contents/Developer/Platforms/MacOSX.platform/Developer/SDKs/MacOSX26.1.sdk/usr/include/mach/machine/exception.h
/Applications/Xcode.app/Contents/Developer/Platforms/MacOSX.platform/Developer/SDKs/MacOSX26.1.sdk/usr/include/mach/arm/exception.h
/Applications/Xcode.app/Contents/Developer/Platforms/MacOSX.platform/Developer/SDKs/MacOSX26.1.sdk/usr/include/mach/port.h
/Applications/Xcode.app/Contents/Developer/Platforms/MacOSX.platform/Developer/SDKs/MacOSX26.1.sdk/usr/include/mach/boolean.h
/Applications/Xcode.app/Contents/Developer/Platforms/MacOSX.platform/Developer/SDKs/MacOSX26.1.sdk/usr/include/mach/machine/boolean.h
/Applications/Xcode.app/Contents/Developer/Platforms/MacOSX.platform/Developer/SDKs/MacOSX26.1.sdk/usr/include/mach/arm/boolean.h
/Applications/Xcode.app/Contents/Developer/Platforms/MacOSX.platform/Developer/SDKs/MacOSX26.1.sdk/usr/include/mach/machine/vm_types.h
/Applications/Xcode.app/Contents/Developer/Platforms/MacOSX.platform/Developer/SDKs/MacOSX26.1.sdk/usr/include/mach/arm/vm_types.h
/Applications/Xcode.app/Contents/Developer/Platforms/MacOSX.platform/Developer/SDKs/MacOSX26.1.sdk/usr/include/mach/thread_status.h
/Applications/Xcode.app/Contents/Developer/Platforms/MacOSX.platform/Developer/SDKs/MacOSX26.1.sdk/usr/include/mach/machine/thread_status.h
/Applications/Xcode.app/Contents/Developer/Platforms/MacOSX.platform/Developer/SDKs/MacOSX26.1.sdk/usr/include/mach/arm/thread_status.h
/Applications/Xcode.app/Contents/Developer/Platforms/MacOSX.platform/Developer/SDKs/MacOSX26.1.sdk/usr/include/mach/machine/thread_state.h
/Applications/Xcode.app/Contents/Developer/Platforms/MacOSX.platform/Developer/SDKs/MacOSX26.1.sdk/usr/include/mach/arm/thread_state.h
/Applications/Xcode.app/Contents/Developer/Platforms/MacOSX.platform/Developer/SDKs/MacOSX26.1.sdk/usr/include/mach/message.h
/Applications/Xcode.app/Contents/Developer/Platforms/MacOSX.platform/Developer/SDKs/MacOSX26.1.sdk/usr/include/mach/kern_return.h
/Applications/Xcode.app/Contents/Developer/Platforms/MacOSX.platform/Developer/SDKs/MacOSX26.1.sdk/usr/include/mach/machine/kern_return.h
/Applications/Xcode.app/Contents/Developer/Platforms/MacOSX.platform/Developer/SDKs/MacOSX26.1.sdk/usr/include/mach/arm/kern_return.h
/Applications/Xcode.app/Contents/Developer/Platforms/MacOSX.platform/Developer/SDKs/MacOSX26.1.sdk/usr/include/mach/vm_types.h
/Applications/Xcode.app/Contents/Developer/Platforms/MacOSX.platform/Developer/SDKs/MacOSX26.1.sdk/usr/include/mach_debug/ipc_info.h
/Applications/Xcode.app/Contents/Developer/Platforms/MacOSX.platform/Developer/SDKs/MacOSX26.1.sdk/usr/include/mach/machine.h
/Applications/Xcode.app/Contents/Developer/Platforms/MacOSX.platform/Developer/SDKs/MacOSX26.1.sdk/usr/include/pthread/pthread_spis.h
/Applications/Xcode.app/Contents/Developer/Platforms/MacOSX.platform/Developer/SDKs/MacOSX26.1.sdk/usr/include/_modules/_darwin_posix_pthread_pthread.h
/Applications/Xcode.app/Contents/Developer/Platforms/MacOSX.platform/Developer/SDKs/MacOSX26.1.sdk/usr/include/_regex.h
/Applications/Xcode.app/Contents/Developer/Platforms/MacOSX.platform/Developer/SDKs/MacOSX26.1.sdk/usr/include/xlocale/_regex.h
/Applications/Xcode.app/Contents/Developer/Platforms/MacOSX.platform/Developer/SDKs/MacOSX26.1.sdk/usr/include/search.h
/Applications/Xcode.app/Contents/Developer/Platforms/MacOSX.platform/Developer/SDKs/MacOSX26.1.sdk/usr/include/semaphore.h
/Applications/Xcode.app/Contents/Developer/Platforms/MacOSX.platform/Developer/SDKs/MacOSX26.1.sdk/usr/include/sys/semaphore.h
/Applications/Xcode.app/Contents/Developer/Platforms/MacOSX.platform/Developer/SDKs/MacOSX26.1.sdk/usr/include/sys/posix_sem.h
/Applications/Xcode.app/Contents/Developer/Platforms/MacOSX.platform/Developer/SDKs/MacOSX26.1.sdk/usr/include/sys/proc.h
/Applications/Xcode.app/Contents/Developer/Platforms/MacOSX.platform/Developer/SDKs/MacOSX26.1.sdk/usr/include/sys/queue.h
/Applications/Xcode.app/Contents/Developer/Platforms/MacOSX.platform/Developer/SDKs/MacOSX26.1.sdk/usr/include/sys/lock.h
/Applications/Xcode.app/Contents/Developer/Platforms/MacOSX.platform/Developer/SDKs/MacOSX26.1.sdk/usr/include/sys/param.h
/Applications/Xcode.app/Contents/Developer/Platforms/MacOSX.platform/Developer/SDKs/MacOSX26.1.sdk/usr/include/machine/param.h
/Applications/Xcode.app/Contents/Developer/Platforms/MacOSX.platform/Developer/SDKs/MacOSX26.1.sdk/usr/include/arm/param.h
/Applications/Xcode.app/Contents/Developer/Platforms/MacOSX.platform/Developer/SDKs/MacOSX26.1.sdk/usr/include/sys/event.h
/Applications/Xcode.app/Contents/Developer/Platforms/MacOSX.platform/Developer/SDKs/MacOSX26.1.sdk/usr/include/strings.h
/Applications/Xcode.app/Contents/Developer/Platforms/MacOSX.platform/Developer/SDKs/MacOSX26.1.sdk/usr/include/sys/ipc.h
/Applications/Xcode.app/Contents/Developer/Platforms/MacOSX.platform/Developer/SDKs/MacOSX26.1.sdk/usr/include/sys/mman.h
/Applications/Xcode.app/Contents/Developer/Platforms/MacOSX.platform/Developer/SDKs/MacOSX26.1.sdk/usr/include/sys/msg.h
/Applications/Xcode.app/Contents/Developer/Platforms/MacOSX.platform/Developer/SDKs/MacOSX26.1.sdk/usr/include/sys/sem.h
/Applications/Xcode.app/Contents/Developer/Platforms/MacOSX.platform/Developer/SDKs/MacOSX26.1.sdk/usr/include/sys/shm.h
/Applications/Xcode.app/Contents/Developer/Platforms/MacOSX.platform/Developer/SDKs/MacOSX26.1.sdk/usr/include/sys/posix_shm.h
/Applications/Xcode.app/Contents/Developer/Platforms/MacOSX.platform/Developer/SDKs/MacOSX26.1.sdk/usr/include/sys/statvfs.h
/Applications/Xcode.app/Contents/Developer/Platforms/MacOSX.platform/Developer/SDKs/MacOSX26.1.sdk/usr/include/sys/times.h
/Applications/Xcode.app/Contents/Developer/Platforms/MacOSX.platform/Developer/SDKs/MacOSX26.1.sdk/usr/include/sys/_types/_fsid_t.h
/Applications/Xcode.app/Contents/Developer/Platforms/MacOSX.platform/Developer/SDKs/MacOSX26.1.sdk/usr/include/sys/_types/_fsobj_id_t.h
/Applications/Xcode.app/Contents/Developer/Platforms/MacOSX.platform/Developer/SDKs/MacOSX26.1.sdk/usr/include/sys/_types/_graftdmg_un.h
/Applications/Xcode.app/Contents/Developer/Platforms/MacOSX.platform/Developer/SDKs/MacOSX26.1.sdk/usr/include/sys/_types/_guid_t.h
/Applications/Xcode.app/Contents/Developer/Platforms/MacOSX.platform/Developer/SDKs/MacOSX26.1.sdk/usr/include/sys/_types/_mount_t.h
/Applications/Xcode.app/Contents/Developer/Platforms/MacOSX.platform/Developer/SDKs/MacOSX26.1.sdk/usr/include/sys/_types/_os_inline.h
/Applications/Xcode.app/Contents/Developer/Platforms/MacOSX.platform/Developer/SDKs/MacOSX26.1.sdk/usr/include/sys/_types/_ucontext64.h
/Applications/Xcode.app/Contents/Developer/Platforms/MacOSX.platform/Developer/SDKs/MacOSX26.1.sdk/usr/include/sys/_types/_vnode_t.h
/Applications/Xcode.app/Contents/Developer/Platforms/MacOSX.platform/Developer/SDKs/MacOSX26.1.sdk/usr/include/sys/uio.h
/Applications/Xcode.app/Contents/Developer/Platforms/MacOSX.platform/Developer/SDKs/MacOSX26.1.sdk/usr/include/sys/un.h
/Applications/Xcode.app/Contents/Developer/Platforms/MacOSX.platform/Developer/SDKs/MacOSX26.1.sdk/usr/include/sys/utsname.h
/Applications/Xcode.app/Contents/Developer/Platforms/MacOSX.platform/Developer/SDKs/MacOSX26.1.sdk/usr/include/sys/vsock.h
/Applications/Xcode.app/Contents/Developer/Platforms/MacOSX.platform/Developer/SDKs/MacOSX26.1.sdk/usr/include/sys/ucred.h
/Applications/Xcode.app/Contents/Developer/Platforms/MacOSX.platform/Developer/SDKs/MacOSX26.1.sdk/usr/include/bsm/audit.h
/Applications/Xcode.app/Contents/Developer/Platforms/MacOSX.platform/Developer/SDKs/MacOSX26.1.sdk/usr/include/sys/socketvar.h
/Applications/Xcode.app/Contents/Developer/Platforms/MacOSX.platform/Developer/SDKs/MacOSX26.1.sdk/usr/include/sys/xattr.h
/Applications/Xcode.app/Contents/Developer/Platforms/MacOSX.platform/Developer/SDKs/MacOSX26.1.sdk/usr/include/_modules/_darwin_posix_sys_resource.h
/Applications/Xcode.app/Contents/Developer/Platforms/MacOSX.platform/Developer/SDKs/MacOSX26.1.sdk/usr/include/_modules/_darwin_posix_sys_select.h
/Applications/Xcode.app/Contents/Developer/Platforms/MacOSX.platform/Developer/SDKs/MacOSX26.1.sdk/usr/include/_modules/_darwin_posix_sys_wait.h
/Applications/Xcode.app/Contents/Developer/Platforms/MacOSX.platform/Developer/SDKs/MacOSX26.1.sdk/usr/include/syslog.h
/Applications/Xcode.app/Contents/Developer/Platforms/MacOSX.platform/Developer/SDKs/MacOSX26.1.sdk/usr/include/sys/syslog.h
/Applications/Xcode.app/Contents/Developer/Platforms/MacOSX.platform/Developer/SDKs/MacOSX26.1.sdk/usr/include/tar.h
/Applications/Xcode.app/Contents/Developer/Platforms/MacOSX.platform/Developer/SDKs/MacOSX26.1.sdk/usr/include/ulimit.h
/Applications/Xcode.app/Contents/Developer/Platforms/MacOSX.platform/Developer/SDKs/MacOSX26.1.sdk/usr/include/utime.h
/Applications/Xcode.app/Contents/Developer/Platforms/MacOSX.platform/Developer/SDKs/MacOSX26.1.sdk/usr/include/utmpx.h
/Applications/Xcode.app/Contents/Developer/Platforms/MacOSX.platform/Developer/SDKs/MacOSX26.1.sdk/usr/include/wordexp.h
/Applications/Xcode.app/Contents/Developer/Platforms/MacOSX.platform/Developer/SDKs/MacOSX26.1.sdk/usr/include/_modules/_darwin_posix_nl_types.h
/Applications/Xcode.app/Contents/Developer/Platforms/MacOSX.platform/Developer/SDKs/MacOSX26.1.sdk/usr/include/_modules/_darwin_posix_sched.h
/Applications/Xcode.app/Contents/Developer/Platforms/MacOSX.platform/Developer/SDKs/MacOSX26.1.sdk/usr/include/_modules/_darwin_posix_unistd.h
/Applications/Xcode.app/Contents/Developer/Platforms/MacOSX.platform/Developer/SDKs/MacOSX26.1.sdk/usr/include/net/bpf.h
/Applications/Xcode.app/Contents/Developer/Platforms/MacOSX.platform/Developer/SDKs/MacOSX26.1.sdk/usr/include/net/dlil.h
/Applications/Xcode.app/Contents/Developer/Platforms/MacOSX.platform/Developer/SDKs/MacOSX26.1.sdk/usr/include/net/ethernet.h
/Applications/Xcode.app/Contents/Developer/Platforms/MacOSX.platform/Developer/SDKs/MacOSX26.1.sdk/usr/include/net/if_arp.h
/Applications/Xcode.app/Contents/Developer/Platforms/MacOSX.platform/Developer/SDKs/MacOSX26.1.sdk/usr/include/net/if_llc.h
/Applications/Xcode.app/Contents/Developer/Platforms/MacOSX.platform/Developer/SDKs/MacOSX26.1.sdk/usr/include/net/if_media.h
/Applications/Xcode.app/Contents/Developer/Platforms/MacOSX.platform/Developer/SDKs/MacOSX26.1.sdk/usr/include/net/if_mib.h
/Applications/Xcode.app/Contents/Developer/Platforms/MacOSX.platform/Developer/SDKs/MacOSX26.1.sdk/usr/include/net/if_utun.h
/Applications/Xcode.app/Contents/Developer/Platforms/MacOSX.platform/Developer/SDKs/MacOSX26.1.sdk/usr/include/net/if_var_status.h
/Applications/Xcode.app/Contents/Developer/Platforms/MacOSX.platform/Developer/SDKs/MacOSX26.1.sdk/usr/include/net/kext_net.h
/Applications/Xcode.app/Contents/Developer/Platforms/MacOSX.platform/Developer/SDKs/MacOSX26.1.sdk/usr/include/net/ndrv.h
/Applications/Xcode.app/Contents/Developer/Platforms/MacOSX.platform/Developer/SDKs/MacOSX26.1.sdk/usr/include/net/pfkeyv2.h
/Applications/Xcode.app/Contents/Developer/Platforms/MacOSX.platform/Developer/SDKs/MacOSX26.1.sdk/usr/include/net/route.h
/Applications/Xcode.app/Contents/Developer/Platforms/MacOSX.platform/Developer/SDKs/MacOSX26.1.sdk/usr/include/netinet/bootp.h
/Applications/Xcode.app/Contents/Developer/Platforms/MacOSX.platform/Developer/SDKs/MacOSX26.1.sdk/usr/include/netinet/ip.h
/Applications/Xcode.app/Contents/Developer/Platforms/MacOSX.platform/Developer/SDKs/MacOSX26.1.sdk/usr/include/netinet/in_systm.h
/Applications/Xcode.app/Contents/Developer/Platforms/MacOSX.platform/Developer/SDKs/MacOSX26.1.sdk/usr/include/netinet/udp.h
/Applications/Xcode.app/Contents/Developer/Platforms/MacOSX.platform/Developer/SDKs/MacOSX26.1.sdk/usr/include/netinet/icmp6.h
/Applications/Xcode.app/Contents/Developer/Platforms/MacOSX.platform/Developer/SDKs/MacOSX26.1.sdk/usr/include/netinet/icmp_var.h
/Applications/Xcode.app/Contents/Developer/Platforms/MacOSX.platform/Developer/SDKs/MacOSX26.1.sdk/usr/include/netinet/ip_icmp.h
/Applications/Xcode.app/Contents/Developer/Platforms/MacOSX.platform/Developer/SDKs/MacOSX26.1.sdk/usr/include/netinet/if_ether.h
/Applications/Xcode.app/Contents/Developer/Platforms/MacOSX.platform/Developer/SDKs/MacOSX26.1.sdk/usr/include/netinet/igmp.h
/Applications/Xcode.app/Contents/Developer/Platforms/MacOSX.platform/Developer/SDKs/MacOSX26.1.sdk/usr/include/netinet/igmp_var.h
/Applications/Xcode.app/Contents/Developer/Platforms/MacOSX.platform/Developer/SDKs/MacOSX26.1.sdk/usr/include/netinet/in_pcb.h
/Applications/Xcode.app/Contents/Developer/Platforms/MacOSX.platform/Developer/SDKs/MacOSX26.1.sdk/usr/include/netinet/in_var.h
/Applications/Xcode.app/Contents/Developer/Platforms/MacOSX.platform/Developer/SDKs/MacOSX26.1.sdk/usr/include/sys/protosw.h
/Applications/Xcode.app/Contents/Developer/Platforms/MacOSX.platform/Developer/SDKs/MacOSX26.1.sdk/usr/include/sys/kern_event.h
/Applications/Xcode.app/Contents/Developer/Platforms/MacOSX.platform/Developer/SDKs/MacOSX26.1.sdk/usr/include/sys/sys_domain.h
/Applications/Xcode.app/Contents/Developer/Platforms/MacOSX.platform/Developer/SDKs/MacOSX26.1.sdk/usr/include/netinet6/in6_var.h
/Applications/Xcode.app/Contents/Developer/Platforms/MacOSX.platform/Developer/SDKs/MacOSX26.1.sdk/usr/include/netinet6/scope6_var.h
/Applications/Xcode.app/Contents/Developer/Platforms/MacOSX.platform/Developer/SDKs/MacOSX26.1.sdk/usr/include/netinet/ip6.h
/Applications/Xcode.app/Contents/Developer/Platforms/MacOSX.platform/Developer/SDKs/MacOSX26.1.sdk/usr/include/netinet/ip_var.h
/Applications/Xcode.app/Contents/Developer/Platforms/MacOSX.platform/Developer/SDKs/MacOSX26.1.sdk/usr/include/netinet/tcp_fsm.h
/Applications/Xcode.app/Contents/Developer/Platforms/MacOSX.platform/Developer/SDKs/MacOSX26.1.sdk/usr/include/netinet/tcp_seq.h
/Applications/Xcode.app/Contents/Developer/Platforms/MacOSX.platform/Developer/SDKs/MacOSX26.1.sdk/usr/include/netinet/tcp_timer.h
/Applications/Xcode.app/Contents/Developer/Platforms/MacOSX.platform/Developer/SDKs/MacOSX26.1.sdk/usr/include/netinet/tcp_var.h
/Applications/Xcode.app/Contents/Developer/Platforms/MacOSX.platform/Developer/SDKs/MacOSX26.1.sdk/usr/include/netinet/tcpip.h
/Applications/Xcode.app/Contents/Developer/Platforms/MacOSX.platform/Developer/SDKs/MacOSX26.1.sdk/usr/include/netinet/udp_var.h
/Applications/Xcode.app/Contents/Developer/Platforms/MacOSX.platform/Developer/SDKs/MacOSX26.1.sdk/usr/include/sys/sysctl.h
/Applications/Xcode.app/Contents/Developer/Platforms/MacOSX.platform/Developer/SDKs/MacOSX26.1.sdk/usr/include/sys/vm.h
/Applications/Xcode.app/Contents/Developer/Platforms/MacOSX.platform/Developer/SDKs/MacOSX26.1.sdk/usr/include/ar.h
/Applications/Xcode.app/Contents/Developer/Platforms/MacOSX.platform/Developer/SDKs/MacOSX26.1.sdk/usr/include/bank/bank_types.h
/Applications/Xcode.app/Contents/Developer/Platforms/MacOSX.platform/Developer/SDKs/MacOSX26.1.sdk/usr/include/os/base.h
/Applications/Xcode.app/Contents/Developer/Platforms/MacOSX.platform/Developer/SDKs/MacOSX26.1.sdk/usr/include/mach/mach_types.h
/Applications/Xcode.app/Contents/Developer/Platforms/MacOSX.platform/Developer/SDKs/MacOSX26.1.sdk/usr/include/mach/host_info.h
/Applications/Xcode.app/Contents/Developer/Platforms/MacOSX.platform/Developer/SDKs/MacOSX26.1.sdk/usr/include/mach/vm_statistics.h
/Applications/Xcode.app/Contents/Developer/Platforms/MacOSX.platform/Developer/SDKs/MacOSX26.1.sdk/usr/include/mach/time_value.h
/Applications/Xcode.app/Contents/Developer/Platforms/MacOSX.platform/Developer/SDKs/MacOSX26.1.sdk/usr/include/mach/host_notify.h
/Applications/Xcode.app/Contents/Developer/Platforms/MacOSX.platform/Developer/SDKs/MacOSX26.1.sdk/usr/include/mach/host_special_ports.h
/Applications/Xcode.app/Contents/Developer/Platforms/MacOSX.platform/Developer/SDKs/MacOSX26.1.sdk/usr/include/mach/memory_object_types.h
/Applications/Xcode.app/Contents/Developer/Platforms/MacOSX.platform/Developer/SDKs/MacOSX26.1.sdk/usr/include/mach/vm_prot.h
/Applications/Xcode.app/Contents/Developer/Platforms/MacOSX.platform/Developer/SDKs/MacOSX26.1.sdk/usr/include/mach/vm_sync.h
/Applications/Xcode.app/Contents/Developer/Platforms/MacOSX.platform/Developer/SDKs/MacOSX26.1.sdk/usr/include/mach/mach_voucher_types.h
/Applications/Xcode.app/Contents/Developer/Platforms/MacOSX.platform/Developer/SDKs/MacOSX26.1.sdk/usr/include/mach/std_types.h
/Applications/Xcode.app/Contents/Developer/Platforms/MacOSX.platform/Developer/SDKs/MacOSX26.1.sdk/usr/include/mach/processor_info.h
/Applications/Xcode.app/Contents/Developer/Platforms/MacOSX.platform/Developer/SDKs/MacOSX26.1.sdk/usr/include/mach/machine/processor_info.h
/Applications/Xcode.app/Contents/Developer/Platforms/MacOSX.platform/Developer/SDKs/MacOSX26.1.sdk/usr/include/mach/arm/processor_info.h
/Applications/Xcode.app/Contents/Developer/Platforms/MacOSX.platform/Developer/SDKs/MacOSX26.1.sdk/usr/include/mach/task_info.h
/Applications/Xcode.app/Contents/Developer/Platforms/MacOSX.platform/Developer/SDKs/MacOSX26.1.sdk/usr/include/mach/policy.h
/Applications/Xcode.app/Contents/Developer/Platforms/MacOSX.platform/Developer/SDKs/MacOSX26.1.sdk/usr/include/mach/task_inspect.h
/Applications/Xcode.app/Contents/Developer/Platforms/MacOSX.platform/Developer/SDKs/MacOSX26.1.sdk/usr/include/mach/task_policy.h
/Applications/Xcode.app/Contents/Developer/Platforms/MacOSX.platform/Developer/SDKs/MacOSX26.1.sdk/usr/include/mach/task_special_ports.h
/Applications/Xcode.app/Contents/Developer/Platforms/MacOSX.platform/Developer/SDKs/MacOSX26.1.sdk/usr/include/mach/thread_info.h
/Applications/Xcode.app/Contents/Developer/Platforms/MacOSX.platform/Developer/SDKs/MacOSX26.1.sdk/usr/include/mach/thread_policy.h
/Applications/Xcode.app/Contents/Developer/Platforms/MacOSX.platform/Developer/SDKs/MacOSX26.1.sdk/usr/include/mach/thread_special_ports.h
/Applications/Xcode.app/Contents/Developer/Platforms/MacOSX.platform/Developer/SDKs/MacOSX26.1.sdk/usr/include/mach/clock_types.h
/Applications/Xcode.app/Contents/Developer/Platforms/MacOSX.platform/Developer/SDKs/MacOSX26.1.sdk/usr/include/mach/vm_attributes.h
/Applications/Xcode.app/Contents/Developer/Platforms/MacOSX.platform/Developer/SDKs/MacOSX26.1.sdk/usr/include/mach/vm_inherit.h
/Applications/Xcode.app/Contents/Developer/Platforms/MacOSX.platform/Developer/SDKs/MacOSX26.1.sdk/usr/include/mach/vm_purgable.h
/Applications/Xcode.app/Contents/Developer/Platforms/MacOSX.platform/Developer/SDKs/MacOSX26.1.sdk/usr/include/mach/vm_behavior.h
/Applications/Xcode.app/Contents/Developer/Platforms/MacOSX.platform/Developer/SDKs/MacOSX26.1.sdk/usr/include/mach/vm_region.h
/Applications/Xcode.app/Contents/Developer/Platforms/MacOSX.platform/Developer/SDKs/MacOSX26.1.sdk/usr/include/mach/machine/vm_param.h
/Applications/Xcode.app/Contents/Developer/Platforms/MacOSX.platform/Developer/SDKs/MacOSX26.1.sdk/usr/include/mach/arm/vm_param.h
/Applications/Xcode.app/Contents/Developer/Platforms/MacOSX.platform/Developer/SDKs/MacOSX26.1.sdk/usr/include/mach/vm_page_size.h
/Applications/Xcode.app/Contents/Developer/Platforms/MacOSX.platform/Developer/SDKs/MacOSX26.1.sdk/usr/include/mach/kmod.h
/Applications/Xcode.app/Contents/Developer/Platforms/MacOSX.platform/Developer/SDKs/MacOSX26.1.sdk/usr/include/mach/dyld_kernel.h
/Applications/Xcode.app/Contents/Developer/Platforms/MacOSX.platform/Developer/SDKs/MacOSX26.1.sdk/usr/include/ConditionalMacros.h
/Applications/Xcode.app/Contents/Developer/Platforms/MacOSX.platform/Developer/SDKs/MacOSX26.1.sdk/usr/include/crt_externs.h
/Applications/Xcode.app/Contents/Developer/Platforms/MacOSX.platform/Developer/SDKs/MacOSX26.1.sdk/usr/include/fts.h
/Applications/Xcode.app/Contents/Developer/Platforms/MacOSX.platform/Developer/SDKs/MacOSX26.1.sdk/usr/include/getopt.h
/Applications/Xcode.app/Contents/Developer/Platforms/MacOSX.platform/Developer/SDKs/MacOSX26.1.sdk/usr/include/AssertMacros.h
/Applications/Xcode.app/Contents/Developer/Platforms/MacOSX.platform/Developer/SDKs/MacOSX26.1.sdk/usr/include/MacTypes.h
/Applications/Xcode.app/Contents/Developer/Platforms/MacOSX.platform/Developer/SDKs/MacOSX26.1.sdk/usr/include/mach/mach.h
/Applications/Xcode.app/Contents/Developer/Platforms/MacOSX.platform/Developer/SDKs/MacOSX26.1.sdk/usr/include/mach/mach_interface.h
/Applications/Xcode.app/Contents/Developer/Platforms/MacOSX.platform/Developer/SDKs/MacOSX26.1.sdk/usr/include/mach/clock_priv.h
/Applications/Xcode.app/Contents/Developer/Platforms/MacOSX.platform/Developer/SDKs/MacOSX26.1.sdk/usr/include/mach/ndr.h
/Applications/Xcode.app/Contents/Developer/Platforms/MacOSX.platform/Developer/SDKs/MacOSX26.1.sdk/usr/include/libkern/OSByteOrder.h
/Applications/Xcode.app/Contents/Developer/Platforms/MacOSX.platform/Developer/SDKs/MacOSX26.1.sdk/usr/include/libkern/arm/OSByteOrder.h
/Applications/Xcode.app/Contents/Developer/Platforms/MacOSX.platform/Developer/SDKs/MacOSX26.1.sdk/usr/include/arm/arch.h
/Applications/Xcode.app/Contents/Developer/Platforms/MacOSX.platform/Developer/SDKs/MacOSX26.1.sdk/usr/include/mach/notify.h
/Applications/Xcode.app/Contents/Developer/Platforms/MacOSX.platform/Developer/SDKs/MacOSX26.1.sdk/usr/include/mach/mig_errors.h
/Applications/Xcode.app/Contents/Developer/Platforms/MacOSX.platform/Developer/SDKs/MacOSX26.1.sdk/usr/include/mach/mig.h
/Applications/Xcode.app/Contents/Developer/Platforms/MacOSX.platform/Developer/SDKs/MacOSX26.1.sdk/usr/include/mach/host_priv.h
/Applications/Xcode.app/Contents/Developer/Platforms/MacOSX.platform/Developer/SDKs/MacOSX26.1.sdk/usr/include/mach_debug/mach_debug_types.h
/Applications/Xcode.app/Contents/Developer/Platforms/MacOSX.platform/Developer/SDKs/MacOSX26.1.sdk/usr/include/mach_debug/vm_info.h
/Applications/Xcode.app/Contents/Developer/Platforms/MacOSX.platform/Developer/SDKs/MacOSX26.1.sdk/usr/include/mach_debug/zone_info.h
/Applications/Xcode.app/Contents/Developer/Platforms/MacOSX.platform/Developer/SDKs/MacOSX26.1.sdk/usr/include/mach_debug/page_info.h
/Applications/Xcode.app/Contents/Developer/Platforms/MacOSX.platform/Developer/SDKs/MacOSX26.1.sdk/usr/include/mach_debug/hash_info.h
/Applications/Xcode.app/Contents/Developer/Platforms/MacOSX.platform/Developer/SDKs/MacOSX26.1.sdk/usr/include/mach_debug/lockgroup_info.h
/Applications/Xcode.app/Contents/Developer/Platforms/MacOSX.platform/Developer/SDKs/MacOSX26.1.sdk/usr/include/mach/host_security.h
/Applications/Xcode.app/Contents/Developer/Platforms/MacOSX.platform/Developer/SDKs/MacOSX26.1.sdk/usr/include/mach/processor.h
/Applications/Xcode.app/Contents/Developer/Platforms/MacOSX.platform/Developer/SDKs/MacOSX26.1.sdk/usr/include/mach/processor_set.h
/Applications/Xcode.app/Contents/Developer/Platforms/MacOSX.platform/Developer/SDKs/MacOSX26.1.sdk/usr/include/mach/semaphore.h
/Applications/Xcode.app/Contents/Developer/Platforms/MacOSX.platform/Developer/SDKs/MacOSX26.1.sdk/usr/include/mach/sync_policy.h
/Applications/Xcode.app/Contents/Developer/Platforms/MacOSX.platform/Developer/SDKs/MacOSX26.1.sdk/usr/include/mach/task.h
/Applications/Xcode.app/Contents/Developer/Platforms/MacOSX.platform/Developer/SDKs/MacOSX26.1.sdk/usr/include/mach/thread_act.h
/Applications/Xcode.app/Contents/Developer/Platforms/MacOSX.platform/Developer/SDKs/MacOSX26.1.sdk/usr/include/mach/vm_map.h
/Applications/Xcode.app/Contents/Developer/Platforms/MacOSX.platform/Developer/SDKs/MacOSX26.1.sdk/usr/include/mach/mach_port.h
/Applications/Xcode.app/Contents/Developer/Platforms/MacOSX.platform/Developer/SDKs/MacOSX26.1.sdk/usr/include/mach/mach_init.h
/Applications/Xcode.app/Contents/Developer/Platforms/MacOSX.platform/Developer/SDKs/MacOSX26.1.sdk/usr/include/mach/mach_traps.h
/Applications/Xcode.app/Contents/Developer/Platforms/MacOSX.platform/Developer/SDKs/MacOSX26.1.sdk/usr/include/mach/error.h
/Applications/Xcode.app/Contents/Developer/Platforms/MacOSX.platform/Developer/SDKs/MacOSX26.1.sdk/usr/include/mach/mach_host.h
/Applications/Xcode.app/Contents/Developer/Platforms/MacOSX.platform/Developer/SDKs/MacOSX26.1.sdk/usr/include/mach/thread_switch.h
/Applications/Xcode.app/Contents/Developer/Platforms/MacOSX.platform/Developer/SDKs/MacOSX26.1.sdk/usr/include/mach/rpc.h
/Applications/Xcode.app/Contents/Developer/Platforms/MacOSX.platform/Developer/SDKs/MacOSX26.1.sdk/usr/include/mach/machine/rpc.h
/Applications/Xcode.app/Contents/Developer/Platforms/MacOSX.platform/Developer/SDKs/MacOSX26.1.sdk/usr/include/mach/arm/rpc.h
/Applications/Xcode.app/Contents/Developer/Platforms/MacOSX.platform/Developer/SDKs/MacOSX26.1.sdk/usr/include/mach/mach_error.h
/Applications/Xcode.app/Contents/Developer/Platforms/MacOSX.platform/Developer/SDKs/MacOSX26.1.sdk/usr/include/mach/audit_triggers_types.h
/Applications/Xcode.app/Contents/Developer/Platforms/MacOSX.platform/Developer/SDKs/MacOSX26.1.sdk/usr/include/mach/bootstrap.h
/Applications/Xcode.app/Contents/Developer/Platforms/MacOSX.platform/Developer/SDKs/MacOSX26.1.sdk/usr/include/mach/clock.h
/Applications/Xcode.app/Contents/Developer/Platforms/MacOSX.platform/Developer/SDKs/MacOSX26.1.sdk/usr/include/mach/clock_reply.h
/Applications/Xcode.app/Contents/Developer/Platforms/MacOSX.platform/Developer/SDKs/MacOSX26.1.sdk/usr/include/mach/exc.h
/Applications/Xcode.app/Contents/Developer/Platforms/MacOSX.platform/Developer/SDKs/MacOSX26.1.sdk/usr/include/mach/exception.h
/Applications/Xcode.app/Contents/Developer/Platforms/MacOSX.platform/Developer/SDKs/MacOSX26.1.sdk/usr/include/mach/host_reboot.h
/Applications/Xcode.app/Contents/Developer/Platforms/MacOSX.platform/Developer/SDKs/MacOSX26.1.sdk/usr/include/arm64/hv/hv_kern_types.h
/Applications/Xcode.app/Contents/Developer/Platforms/MacOSX.platform/Developer/SDKs/MacOSX26.1.sdk/usr/include/mach/mach_param.h
/Applications/Xcode.app/Contents/Developer/Platforms/MacOSX.platform/Developer/SDKs/MacOSX26.1.sdk/usr/include/mach/mach_right.h
/Applications/Xcode.app/Contents/Developer/Platforms/MacOSX.platform/Developer/SDKs/MacOSX26.1.sdk/usr/include/mach/mach_syscalls.h
/Applications/Xcode.app/Contents/Developer/Platforms/MacOSX.platform/Developer/SDKs/MacOSX26.1.sdk/usr/include/mach/mach_time.h
/Applications/Xcode.app/Contents/Developer/Platforms/MacOSX.platform/Developer/SDKs/MacOSX26.1.sdk/usr/include/mach/mach_vm.h
/Applications/Xcode.app/Contents/Developer/Platforms/MacOSX.platform/Developer/SDKs/MacOSX26.1.sdk/usr/include/mach/mach_voucher.h
/Applications/Xcode.app/Contents/Developer/Platforms/MacOSX.platform/Developer/SDKs/MacOSX26.1.sdk/usr/include/mach/memory_entry.h
/Applications/Xcode.app/Contents/Developer/Platforms/MacOSX.platform/Developer/SDKs/MacOSX26.1.sdk/usr/include/mach/mig_strncpy_zerofill_support.h
/Applications/Xcode.app/Contents/Developer/Platforms/MacOSX.platform/Developer/SDKs/MacOSX26.1.sdk/usr/include/mach/mig_voucher_support.h
/Applications/Xcode.app/Contents/Developer/Platforms/MacOSX.platform/Developer/SDKs/MacOSX26.1.sdk/usr/include/mach/port_obj.h
/Applications/Xcode.app/Contents/Developer/Platforms/MacOSX.platform/Developer/SDKs/MacOSX26.1.sdk/usr/include/mach/sdt.h
/Applications/Xcode.app/Contents/Developer/Platforms/MacOSX.platform/Developer/SDKs/MacOSX26.1.sdk/usr/include/mach/machine/sdt.h
/Applications/Xcode.app/Contents/Developer/Platforms/MacOSX.platform/Developer/SDKs/MacOSX26.1.sdk/usr/include/sys/sdt.h
/Applications/Xcode.app/Contents/Developer/Platforms/MacOSX.platform/Developer/SDKs/MacOSX26.1.sdk/usr/include/mach/shared_region.h
/Applications/Xcode.app/Contents/Developer/Platforms/MacOSX.platform/Developer/SDKs/MacOSX26.1.sdk/usr/include/mach/sync.h
/Applications/Xcode.app/Contents/Developer/Platforms/MacOSX.platform/Developer/SDKs/MacOSX26.1.sdk/usr/include/mach/thread_state.h
/Applications/Xcode.app/Contents/Developer/Platforms/MacOSX.platform/Developer/SDKs/MacOSX26.1.sdk/usr/include/mach/vm_param.h
/Applications/Xcode.app/Contents/Developer/Platforms/MacOSX.platform/Developer/SDKs/MacOSX26.1.sdk/usr/include/mach/vm_task.h
/Applications/Xcode.app/Contents/Developer/Platforms/MacOSX.platform/Developer/SDKs/MacOSX26.1.sdk/usr/include/mach/machine/asm.h
/Applications/Xcode.app/Contents/Developer/Platforms/MacOSX.platform/Developer/SDKs/MacOSX26.1.sdk/usr/include/mach/arm64/asm.h
/Applications/Xcode.app/Contents/Developer/Platforms/MacOSX.platform/Developer/SDKs/MacOSX26.1.sdk/usr/include/mach/i386/asm.h
/Applications/Xcode.app/Contents/Developer/Platforms/MacOSX.platform/Developer/SDKs/MacOSX26.1.sdk/usr/include/mach/arm/asm.h
/Applications/Xcode.app/Contents/Developer/Platforms/MacOSX.platform/Developer/SDKs/MacOSX26.1.sdk/usr/include/mach/i386/boolean.h
/Applications/Xcode.app/Contents/Developer/Platforms/MacOSX.platform/Developer/SDKs/MacOSX26.1.sdk/usr/include/mach/i386/exception.h
/Applications/Xcode.app/Contents/Developer/Platforms/MacOSX.platform/Developer/SDKs/MacOSX26.1.sdk/usr/include/mach/i386/fp_reg.h
/Applications/Xcode.app/Contents/Developer/Platforms/MacOSX.platform/Developer/SDKs/MacOSX26.1.sdk/usr/include/mach/i386/kern_return.h
/Applications/Xcode.app/Contents/Developer/Platforms/MacOSX.platform/Developer/SDKs/MacOSX26.1.sdk/usr/include/mach/machine/ndr_def.h
/Applications/Xcode.app/Contents/Developer/Platforms/MacOSX.platform/Developer/SDKs/MacOSX26.1.sdk/usr/include/mach/arm/ndr_def.h
/Applications/Xcode.app/Contents/Developer/Platforms/MacOSX.platform/Developer/SDKs/MacOSX26.1.sdk/usr/include/mach/i386/processor_info.h
/Applications/Xcode.app/Contents/Developer/Platforms/MacOSX.platform/Developer/SDKs/MacOSX26.1.sdk/usr/include/mach/i386/rpc.h
/Applications/Xcode.app/Contents/Developer/Platforms/MacOSX.platform/Developer/SDKs/MacOSX26.1.sdk/usr/include/mach/machine/sdt_isa.h
/Applications/Xcode.app/Contents/Developer/Platforms/MacOSX.platform/Developer/SDKs/MacOSX26.1.sdk/usr/include/mach/arm/sdt_isa.h
/Applications/Xcode.app/Contents/Developer/Platforms/MacOSX.platform/Developer/SDKs/MacOSX26.1.sdk/usr/include/mach/i386/sdt_isa.h
/Applications/Xcode.app/Contents/Developer/Platforms/MacOSX.platform/Developer/SDKs/MacOSX26.1.sdk/usr/include/mach/i386/thread_state.h
/Applications/Xcode.app/Contents/Developer/Platforms/MacOSX.platform/Developer/SDKs/MacOSX26.1.sdk/usr/include/mach/i386/thread_status.h
/Applications/Xcode.app/Contents/Developer/Platforms/MacOSX.platform/Developer/SDKs/MacOSX26.1.sdk/usr/include/mach/arm/traps.h
/Applications/Xcode.app/Contents/Developer/Platforms/MacOSX.platform/Developer/SDKs/MacOSX26.1.sdk/usr/include/mach/i386/vm_param.h
/Applications/Xcode.app/Contents/Developer/Platforms/MacOSX.platform/Developer/SDKs/MacOSX26.1.sdk/usr/include/mach/i386/vm_types.h
/Applications/Xcode.app/Contents/Developer/Platforms/MacOSX.platform/Developer/SDKs/MacOSX26.1.sdk/usr/include/mach_debug/mach_debug.h
/Applications/Xcode.app/Contents/Developer/Platforms/MacOSX.platform/Developer/SDKs/MacOSX26.1.sdk/usr/include/device/device_types.h
/Applications/Xcode.app/Contents/Developer/Platforms/MacOSX.platform/Developer/SDKs/MacOSX26.1.sdk/usr/include/device/device_port.h
/Applications/Xcode.app/Contents/Developer/Platforms/MacOSX.platform/Developer/SDKs/MacOSX26.1.sdk/usr/include/libkern/OSAtomic.h
/Applications/Xcode.app/Contents/Developer/Platforms/MacOSX.platform/Developer/SDKs/MacOSX26.1.sdk/usr/include/libkern/OSAtomicDeprecated.h
/Applications/Xcode.app/Contents/Developer/Platforms/MacOSX.platform/Developer/SDKs/MacOSX26.1.sdk/usr/include/libkern/OSSpinLockDeprecated.h
/Applications/Xcode.app/Contents/Developer/Platforms/MacOSX.platform/Developer/SDKs/MacOSX26.1.sdk/usr/include/libkern/OSAtomicQueue.h
/Applications/Xcode.app/Contents/Developer/Platforms/MacOSX.platform/Developer/SDKs/MacOSX26.1.sdk/usr/include/libkern/machine/OSByteOrder.h
/Applications/Xcode.app/Contents/Developer/Platforms/MacOSX.platform/Developer/SDKs/MacOSX26.1.sdk/usr/include/libkern/i386/OSByteOrder.h
/Applications/Xcode.app/Contents/Developer/Platforms/MacOSX.platform/Developer/SDKs/MacOSX26.1.sdk/usr/include/libproc.h
/Applications/Xcode.app/Contents/Developer/Platforms/MacOSX.platform/Developer/SDKs/MacOSX26.1.sdk/usr/include/sys/mount.h
/Applications/Xcode.app/Contents/Developer/Platforms/MacOSX.platform/Developer/SDKs/MacOSX26.1.sdk/usr/include/sys/attr.h
/Applications/Xcode.app/Contents/Developer/Platforms/MacOSX.platform/Developer/SDKs/MacOSX26.1.sdk/usr/include/sys/proc_info.h
/Applications/Xcode.app/Contents/Developer/Platforms/MacOSX.platform/Developer/SDKs/MacOSX26.1.sdk/usr/include/sys/kern_control.h
/Applications/Xcode.app/Contents/Developer/Platforms/MacOSX.platform/Developer/SDKs/MacOSX26.1.sdk/usr/include/os/clock.h
/Applications/Xcode.app/Contents/Developer/Platforms/MacOSX.platform/Developer/SDKs/MacOSX26.1.sdk/usr/include/os/lock.h
/Applications/Xcode.app/Contents/Developer/Platforms/MacOSX.platform/Developer/SDKs/MacOSX26.1.sdk/usr/include/os/proc.h
/Applications/Xcode.app/Contents/Developer/Platforms/MacOSX.platform/Developer/SDKs/MacOSX26.1.sdk/usr/include/malloc/malloc.h
/Applications/Xcode.app/Contents/Developer/Platforms/MacOSX.platform/Developer/SDKs/MacOSX26.1.sdk/usr/include/malloc/_platform.h
/Applications/Xcode.app/Contents/Developer/Platforms/MacOSX.platform/Developer/SDKs/MacOSX26.1.sdk/usr/include/sys/malloc.h
/Applications/Xcode.app/Contents/Developer/Platforms/MacOSX.platform/Developer/SDKs/MacOSX26.1.sdk/usr/include/i386/_param.h
/Applications/Xcode.app/Contents/Developer/Platforms/MacOSX.platform/Developer/SDKs/MacOSX26.1.sdk/usr/include/machine/byte_order.h
/Applications/Xcode.app/Contents/Developer/Platforms/MacOSX.platform/Developer/SDKs/MacOSX26.1.sdk/usr/include/architecture/byte_order.h
/Applications/Xcode.app/Contents/Developer/Platforms/MacOSX.platform/Developer/SDKs/MacOSX26.1.sdk/usr/include/i386/eflags.h
/Applications/Xcode.app/Contents/Developer/Platforms/MacOSX.platform/Developer/SDKs/MacOSX26.1.sdk/usr/include/machine/fasttrap_isa.h
/Applications/Xcode.app/Contents/Developer/Platforms/MacOSX.platform/Developer/SDKs/MacOSX26.1.sdk/usr/include/arm/fasttrap_isa.h
/Applications/Xcode.app/Contents/Developer/Platforms/MacOSX.platform/Developer/SDKs/MacOSX26.1.sdk/usr/include/i386/fasttrap_isa.h
/Applications/Xcode.app/Contents/Developer/Platforms/MacOSX.platform/Developer/SDKs/MacOSX26.1.sdk/usr/include/i386/param.h
/Applications/Xcode.app/Contents/Developer/Platforms/MacOSX.platform/Developer/SDKs/MacOSX26.1.sdk/usr/include/machine/profile.h
/Applications/Xcode.app/Contents/Developer/Platforms/MacOSX.platform/Developer/SDKs/MacOSX26.1.sdk/usr/include/arm/profile.h
/Applications/Xcode.app/Contents/Developer/Platforms/MacOSX.platform/Developer/SDKs/MacOSX26.1.sdk/usr/include/i386/profile.h
/Applications/Xcode.app/Contents/Developer/Platforms/MacOSX.platform/Developer/SDKs/MacOSX26.1.sdk/usr/include/i386/user_ldt.h
/Applications/Xcode.app/Contents/Developer/Platforms/MacOSX.platform/Developer/SDKs/MacOSX26.1.sdk/usr/include/machine/vmparam.h
/Applications/Xcode.app/Contents/Developer/Platforms/MacOSX.platform/Developer/SDKs/MacOSX26.1.sdk/usr/include/arm/vmparam.h
/Applications/Xcode.app/Contents/Developer/Platforms/MacOSX.platform/Developer/SDKs/MacOSX26.1.sdk/usr/include/i386/vmparam.h
/Applications/Xcode.app/Contents/Developer/Platforms/MacOSX.platform/Developer/SDKs/MacOSX26.1.sdk/usr/include/aliasdb.h
/Applications/Xcode.app/Contents/Developer/Platforms/MacOSX.platform/Developer/SDKs/MacOSX26.1.sdk/usr/include/bootparams.h
/Applications/Xcode.app/Contents/Developer/Platforms/MacOSX.platform/Developer/SDKs/MacOSX26.1.sdk/usr/include/Block.h
/Applications/Xcode.app/Contents/Developer/Platforms/MacOSX.platform/Developer/SDKs/MacOSX26.1.sdk/usr/include/bsm/audit_domain.h
/Applications/Xcode.app/Contents/Developer/Platforms/MacOSX.platform/Developer/SDKs/MacOSX26.1.sdk/usr/include/bsm/audit_errno.h
/Applications/Xcode.app/Contents/Developer/Platforms/MacOSX.platform/Developer/SDKs/MacOSX26.1.sdk/usr/include/bsm/audit_fcntl.h
/Applications/Xcode.app/Contents/Developer/Platforms/MacOSX.platform/Developer/SDKs/MacOSX26.1.sdk/usr/include/bsm/audit_filter.h
/Applications/Xcode.app/Contents/Developer/Platforms/MacOSX.platform/Developer/SDKs/MacOSX26.1.sdk/usr/include/bsm/libbsm.h
/Applications/Xcode.app/Contents/Developer/Platforms/MacOSX.platform/Developer/SDKs/MacOSX26.1.sdk/usr/include/bsm/audit_record.h
/Applications/Xcode.app/Contents/Developer/Platforms/MacOSX.platform/Developer/SDKs/MacOSX26.1.sdk/usr/include/bsm/audit_internal.h
/Applications/Xcode.app/Contents/Developer/Platforms/MacOSX.platform/Developer/SDKs/MacOSX26.1.sdk/usr/include/bsm/audit_kevents.h
/Applications/Xcode.app/Contents/Developer/Platforms/MacOSX.platform/Developer/SDKs/MacOSX26.1.sdk/usr/include/bsm/audit_session.h
/Applications/Xcode.app/Contents/Developer/Platforms/MacOSX.platform/Developer/SDKs/MacOSX26.1.sdk/usr/include/bsm/audit_socket_type.h
/Applications/Xcode.app/Contents/Developer/Platforms/MacOSX.platform/Developer/SDKs/MacOSX26.1.sdk/usr/include/bsm/audit_uevents.h
/Applications/Xcode.app/Contents/Developer/Platforms/MacOSX.platform/Developer/SDKs/MacOSX26.1.sdk/usr/include/execinfo.h
/Applications/Xcode.app/Contents/Developer/Platforms/MacOSX.platform/Developer/SDKs/MacOSX26.1.sdk/usr/include/fstab.h
/Applications/Xcode.app/Contents/Developer/Platforms/MacOSX.platform/Developer/SDKs/MacOSX26.1.sdk/usr/include/hfs/hfs_format.h
/Applications/Xcode.app/Contents/Developer/Platforms/MacOSX.platform/Developer/SDKs/MacOSX26.1.sdk/usr/include/hfs/hfs_unistr.h
/Applications/Xcode.app/Contents/Developer/Platforms/MacOSX.platform/Developer/SDKs/MacOSX26.1.sdk/usr/include/hfs/hfs_mount.h
/Applications/Xcode.app/Contents/Developer/Platforms/MacOSX.platform/Developer/SDKs/MacOSX26.1.sdk/usr/include/membership.h
/Applications/Xcode.app/Contents/Developer/Platforms/MacOSX.platform/Developer/SDKs/MacOSX26.1.sdk/usr/include/ntsid.h
/Applications/Xcode.app/Contents/Developer/Platforms/MacOSX.platform/Developer/SDKs/MacOSX26.1.sdk/usr/include/curses.h
/Applications/Xcode.app/Contents/Developer/Platforms/MacOSX.platform/Developer/SDKs/MacOSX26.1.sdk/usr/include/ncurses_dll.h
/Applications/Xcode.app/Contents/Developer/Platforms/MacOSX.platform/Developer/SDKs/MacOSX26.1.sdk/usr/include/unctrl.h
/Applications/Xcode.app/Contents/Developer/Platforms/MacOSX.platform/Developer/SDKs/MacOSX26.1.sdk/usr/include/eti.h
/Applications/Xcode.app/Contents/Developer/Platforms/MacOSX.platform/Developer/SDKs/MacOSX26.1.sdk/usr/include/nc_tparm.h
/Applications/Xcode.app/Contents/Developer/Platforms/MacOSX.platform/Developer/SDKs/MacOSX26.1.sdk/usr/include/form.h
/Applications/Xcode.app/Contents/Developer/Platforms/MacOSX.platform/Developer/SDKs/MacOSX26.1.sdk/usr/include/menu.h
/Applications/Xcode.app/Contents/Developer/Platforms/MacOSX.platform/Developer/SDKs/MacOSX26.1.sdk/usr/include/panel.h
/Applications/Xcode.app/Contents/Developer/Platforms/MacOSX.platform/Developer/SDKs/MacOSX26.1.sdk/usr/include/netinet6/ah.h
/Applications/Xcode.app/Contents/Developer/Platforms/MacOSX.platform/Developer/SDKs/MacOSX26.1.sdk/usr/include/netinet6/esp.h
/Applications/Xcode.app/Contents/Developer/Platforms/MacOSX.platform/Developer/SDKs/MacOSX26.1.sdk/usr/include/netinet6/ipcomp.h
/Applications/Xcode.app/Contents/Developer/Platforms/MacOSX.platform/Developer/SDKs/MacOSX26.1.sdk/usr/include/netinet6/ipsec.h
/Applications/Xcode.app/Contents/Developer/Platforms/MacOSX.platform/Developer/SDKs/MacOSX26.1.sdk/usr/include/netinet6/raw_ip6.h
/Applications/Xcode.app/Contents/Developer/Platforms/MacOSX.platform/Developer/SDKs/MacOSX26.1.sdk/usr/include/printerdb.h
/Applications/Xcode.app/Contents/Developer/Platforms/MacOSX.platform/Developer/SDKs/MacOSX26.1.sdk/usr/include/sys/_structs.h
/Applications/Xcode.app/Contents/Developer/Platforms/MacOSX.platform/Developer/SDKs/MacOSX26.1.sdk/usr/include/sys/acct.h
/Applications/Xcode.app/Contents/Developer/Platforms/MacOSX.platform/Developer/SDKs/MacOSX26.1.sdk/usr/include/sys/acl.h
/Applications/Xcode.app/Contents/Developer/Platforms/MacOSX.platform/Developer/SDKs/MacOSX26.1.sdk/usr/include/sys/kauth.h
/Applications/Xcode.app/Contents/Developer/Platforms/MacOSX.platform/Developer/SDKs/MacOSX26.1.sdk/usr/include/sys/buf.h
/Applications/Xcode.app/Contents/Developer/Platforms/MacOSX.platform/Developer/SDKs/MacOSX26.1.sdk/usr/include/sys/kernel_types.h
/Applications/Xcode.app/Contents/Developer/Platforms/MacOSX.platform/Developer/SDKs/MacOSX26.1.sdk/usr/include/sys/clonefile.h
/Applications/Xcode.app/Contents/Developer/Platforms/MacOSX.platform/Developer/SDKs/MacOSX26.1.sdk/usr/include/sys/commpage.h
/Applications/Xcode.app/Contents/Developer/Platforms/MacOSX.platform/Developer/SDKs/MacOSX26.1.sdk/usr/include/sys/conf.h
/Applications/Xcode.app/Contents/Developer/Platforms/MacOSX.platform/Developer/SDKs/MacOSX26.1.sdk/usr/include/sys/disk.h
/Applications/Xcode.app/Contents/Developer/Platforms/MacOSX.platform/Developer/SDKs/MacOSX26.1.sdk/usr/include/sys/dkstat.h
/Applications/Xcode.app/Contents/Developer/Platforms/MacOSX.platform/Developer/SDKs/MacOSX26.1.sdk/usr/include/sys/domain.h
/Applications/Xcode.app/Contents/Developer/Platforms/MacOSX.platform/Developer/SDKs/MacOSX26.1.sdk/usr/include/sys/ev.h
/Applications/Xcode.app/Contents/Developer/Platforms/MacOSX.platform/Developer/SDKs/MacOSX26.1.sdk/usr/include/sys/file.h
/Applications/Xcode.app/Contents/Developer/Platforms/MacOSX.platform/Developer/SDKs/MacOSX26.1.sdk/usr/include/sys/filedesc.h
/Applications/Xcode.app/Contents/Developer/Platforms/MacOSX.platform/Developer/SDKs/MacOSX26.1.sdk/usr/include/sys/fileport.h
/Applications/Xcode.app/Contents/Developer/Platforms/MacOSX.platform/Developer/SDKs/MacOSX26.1.sdk/usr/include/sys/fsgetpath.h
/Applications/Xcode.app/Contents/Developer/Platforms/MacOSX.platform/Developer/SDKs/MacOSX26.1.sdk/usr/include/sys/gmon.h
/Applications/Xcode.app/Contents/Developer/Platforms/MacOSX.platform/Developer/SDKs/MacOSX26.1.sdk/usr/include/sys/ioctl_compat.h
/Applications/Xcode.app/Contents/Developer/Platforms/MacOSX.platform/Developer/SDKs/MacOSX26.1.sdk/usr/include/sys/ttychars.h
/Applications/Xcode.app/Contents/Developer/Platforms/MacOSX.platform/Developer/SDKs/MacOSX26.1.sdk/usr/include/sys/ttydev.h
/Applications/Xcode.app/Contents/Developer/Platforms/MacOSX.platform/Developer/SDKs/MacOSX26.1.sdk/usr/include/sys/kdebug.h
/Applications/Xcode.app/Contents/Developer/Platforms/MacOSX.platform/Developer/SDKs/MacOSX26.1.sdk/usr/include/sys/kdebug_signpost.h
/Applications/Xcode.app/Contents/Developer/Platforms/MacOSX.platform/Developer/SDKs/MacOSX26.1.sdk/usr/include/sys/lctx.h
/Applications/Xcode.app/Contents/Developer/Platforms/MacOSX.platform/Developer/SDKs/MacOSX26.1.sdk/usr/include/sys/mbuf.h
/Applications/Xcode.app/Contents/Developer/Platforms/MacOSX.platform/Developer/SDKs/MacOSX26.1.sdk/usr/include/sys/msgbuf.h
/Applications/Xcode.app/Contents/Developer/Platforms/MacOSX.platform/Developer/SDKs/MacOSX26.1.sdk/usr/include/sys/netport.h
/Applications/Xcode.app/Contents/Developer/Platforms/MacOSX.platform/Developer/SDKs/MacOSX26.1.sdk/usr/include/sys/paths.h
/Applications/Xcode.app/Contents/Developer/Platforms/MacOSX.platform/Developer/SDKs/MacOSX26.1.sdk/usr/include/sys/pipe.h
/Applications/Xcode.app/Contents/Developer/Platforms/MacOSX.platform/Developer/SDKs/MacOSX26.1.sdk/usr/include/sys/quota.h
/Applications/Xcode.app/Contents/Developer/Platforms/MacOSX.platform/Developer/SDKs/MacOSX26.1.sdk/usr/include/sys/rbtree.h
/Applications/Xcode.app/Contents/Developer/Platforms/MacOSX.platform/Developer/SDKs/MacOSX26.1.sdk/usr/include/sys/reboot.h
/Applications/Xcode.app/Contents/Developer/Platforms/MacOSX.platform/Developer/SDKs/MacOSX26.1.sdk/usr/include/sys/resourcevar.h
/Applications/Xcode.app/Contents/Developer/Platforms/MacOSX.platform/Developer/SDKs/MacOSX26.1.sdk/usr/include/sys/sbuf.h
/Applications/Xcode.app/Contents/Developer/Platforms/MacOSX.platform/Developer/SDKs/MacOSX26.1.sdk/usr/include/sys/signalvar.h
/Applications/Xcode.app/Contents/Developer/Platforms/MacOSX.platform/Developer/SDKs/MacOSX26.1.sdk/usr/include/sys/syscall.h
/Applications/Xcode.app/Contents/Developer/Platforms/MacOSX.platform/Developer/SDKs/MacOSX26.1.sdk/usr/include/sys/timeb.h
/Applications/Xcode.app/Contents/Developer/Platforms/MacOSX.platform/Developer/SDKs/MacOSX26.1.sdk/usr/include/sys/trace.h
/Applications/Xcode.app/Contents/Developer/Platforms/MacOSX.platform/Developer/SDKs/MacOSX26.1.sdk/usr/include/sys/tty.h
/Applications/Xcode.app/Contents/Developer/Platforms/MacOSX.platform/Developer/SDKs/MacOSX26.1.sdk/usr/include/sys/ucontext.h
/Applications/Xcode.app/Contents/Developer/Platforms/MacOSX.platform/Developer/SDKs/MacOSX26.1.sdk/usr/include/sys/unpcb.h
/Applications/Xcode.app/Contents/Developer/Platforms/MacOSX.platform/Developer/SDKs/MacOSX26.1.sdk/usr/include/sys/user.h
/Applications/Xcode.app/Contents/Developer/Platforms/MacOSX.platform/Developer/SDKs/MacOSX26.1.sdk/usr/include/sys/utfconv.h
/Applications/Xcode.app/Contents/Developer/Platforms/MacOSX.platform/Developer/SDKs/MacOSX26.1.sdk/usr/include/sys/vcmd.h
/Applications/Xcode.app/Contents/Developer/Platforms/MacOSX.platform/Developer/SDKs/MacOSX26.1.sdk/usr/include/sys/vnode.h
/Applications/Xcode.app/Contents/Developer/Platforms/MacOSX.platform/Developer/SDKs/MacOSX26.1.sdk/usr/include/_modules/_darwin_sys_signal.h
/Applications/Xcode.app/Contents/Developer/Platforms/MacOSX.platform/Developer/SDKs/MacOSX26.1.sdk/usr/include/sysdir.h
/Applications/Xcode.app/Contents/Developer/Platforms/MacOSX.platform/Developer/SDKs/MacOSX26.1.sdk/usr/include/libc.h
/Applications/Xcode.app/Contents/Developer/Platforms/MacOSX.platform/Developer/SDKs/MacOSX26.1.sdk/usr/include/paths.h
/Applications/Xcode.app/Contents/Developer/Platforms/MacOSX.platform/Developer/SDKs/MacOSX26.1.sdk/usr/include/sysexits.h
/Applications/Xcode.app/Contents/Developer/Platforms/MacOSX.platform/Developer/SDKs/MacOSX26.1.sdk/SDKSettings.json
/Applications/Xcode.app/Contents/Developer/Toolchains/XcodeDefault.xctoolchain/usr/lib/swift/macosx/prebuilt-modules/26.1/Darwin.swiftmodule/arm64e-apple-macos.swiftmodule
/Applications/Xcode.app/Contents/Developer/Platforms/MacOSX.platform/Developer/SDKs/MacOSX26.1.sdk/System/Library/Frameworks/DiskArbitration.framework/Modules/module.modulemap
/Applications/Xcode.app/Contents/Developer/Platforms/MacOSX.platform/Developer/SDKs/MacOSX26.1.sdk/System/Library/Frameworks/DiskArbitration.framework/Headers/DiskArbitration.h
/Applications/Xcode.app/Contents/Developer/Platforms/MacOSX.platform/Developer/SDKs/MacOSX26.1.sdk/System/Library/Frameworks/CoreFoundation.framework/Modules/module.modulemap
/Applications/Xcode.app/Contents/Developer/Platforms/MacOSX.platform/Developer/SDKs/MacOSX26.1.sdk/usr/include/Darwin.modulemap
/Applications/Xcode.app/Contents/Developer/Platforms/MacOSX.platform/Developer/SDKs/MacOSX26.1.sdk/usr/include/DarwinFoundation1.modulemap
/Applications/Xcode.app/Contents/Developer/Platforms/MacOSX.platform/Developer/SDKs/MacOSX26.1.sdk/System/Library/Frameworks/DiskArbitration.framework/Headers/DADisk.h
/Applications/Xcode.app/Contents/Developer/Platforms/MacOSX.platform/Developer/SDKs/MacOSX26.1.sdk/System/Library/Frameworks/IOKit.framework/Modules/module.modulemap
/Applications/Xcode.app/Contents/Developer/Platforms/MacOSX.platform/Developer/SDKs/MacOSX26.1.sdk/System/Library/Frameworks/DiskArbitration.framework/Headers/DASession.h
/Applications/Xcode.app/Contents/Developer/Platforms/MacOSX.platform/Developer/SDKs/MacOSX26.1.sdk/System/Library/Frameworks/DiskArbitration.framework/Headers/DADissenter.h
/Applications/Xcode.app/Contents/Developer/Platforms/MacOSX.platform/Developer/SDKs/MacOSX26.1.sdk/SDKSettings.json
/Applications/Xcode.app/Contents/Developer/Platforms/MacOSX.platform/Developer/SDKs/MacOSX26.1.sdk/usr/include/Dispatch.apinotes
/Applications/Xcode.app/Contents/Developer/Platforms/MacOSX.platform/Developer/SDKs/MacOSX26.1.sdk/usr/include/dispatch.modulemap
/Applications/Xcode.app/Contents/Developer/Platforms/MacOSX.platform/Developer/SDKs/MacOSX26.1.sdk/usr/include/os.modulemap
/Applications/Xcode.app/Contents/Developer/Platforms/MacOSX.platform/Developer/SDKs/MacOSX26.1.sdk/usr/include/Darwin.modulemap
/Applications/Xcode.app/Contents/Developer/Platforms/MacOSX.platform/Developer/SDKs/MacOSX26.1.sdk/usr/include/Darwin_C.modulemap
/Applications/Xcode.app/Contents/Developer/Platforms/MacOSX.platform/Developer/SDKs/MacOSX26.1.sdk/usr/include/Darwin_POSIX.modulemap
/Applications/Xcode.app/Contents/Developer/Platforms/MacOSX.platform/Developer/SDKs/MacOSX26.1.sdk/usr/include/net.modulemap
/Applications/Xcode.app/Contents/Developer/Platforms/MacOSX.platform/Developer/SDKs/MacOSX26.1.sdk/usr/include/netinet.modulemap
/Applications/Xcode.app/Contents/Developer/Platforms/MacOSX.platform/Developer/SDKs/MacOSX26.1.sdk/usr/include/bank.modulemap
/Applications/Xcode.app/Contents/Developer/Platforms/MacOSX.platform/Developer/SDKs/MacOSX26.1.sdk/usr/include/Darwin_Mach.modulemap
/Applications/Xcode.app/Contents/Developer/Platforms/MacOSX.platform/Developer/SDKs/MacOSX26.1.sdk/usr/include/Darwin_Mach_machine.modulemap
/Applications/Xcode.app/Contents/Developer/Platforms/MacOSX.platform/Developer/SDKs/MacOSX26.1.sdk/usr/include/mach_debug.modulemap
/Applications/Xcode.app/Contents/Developer/Platforms/MacOSX.platform/Developer/SDKs/MacOSX26.1.sdk/usr/include/device.modulemap
/Applications/Xcode.app/Contents/Developer/Platforms/MacOSX.platform/Developer/SDKs/MacOSX26.1.sdk/usr/include/Darwin_machine.modulemap
/Applications/Xcode.app/Contents/Developer/Platforms/MacOSX.platform/Developer/SDKs/MacOSX26.1.sdk/usr/include/ncurses.modulemap
/Applications/Xcode.app/Contents/Developer/Platforms/MacOSX.platform/Developer/SDKs/MacOSX26.1.sdk/usr/include/netinet6.modulemap
/Applications/Xcode.app/Contents/Developer/Platforms/MacOSX.platform/Developer/SDKs/MacOSX26.1.sdk/usr/include/Darwin_sys.modulemap
/Applications/Xcode.app/Contents/Developer/Platforms/MacOSX.platform/Developer/SDKs/MacOSX26.1.sdk/usr/include/uuid.modulemap
/Applications/Xcode.app/Contents/Developer/Platforms/MacOSX.platform/Developer/SDKs/MacOSX26.1.sdk/usr/include/DarwinFoundation2.modulemap
/Applications/Xcode.app/Contents/Developer/Platforms/MacOSX.platform/Developer/SDKs/MacOSX26.1.sdk/usr/include/DarwinFoundation3.modulemap
/Applications/Xcode.app/Contents/Developer/Platforms/MacOSX.platform/Developer/SDKs/MacOSX26.1.sdk/usr/include/DarwinFoundation1.modulemap
/Applications/Xcode.app/Contents/Developer/Platforms/MacOSX.platform/Developer/SDKs/MacOSX26.1.sdk/usr/include/dispatch/dispatch.h
/Applications/Xcode.app/Contents/Developer/Toolchains/XcodeDefault.xctoolchain/usr/lib/swift/clang/include/module.modulemap
/Applications/Xcode.app/Contents/Developer/Toolchains/XcodeDefault.xctoolchain/usr/lib/swift/clang/include/stddef.h
/Applications/Xcode.app/Contents/Developer/Toolchains/XcodeDefault.xctoolchain/usr/lib/swift/clang/include/stdarg.h
/Applications/Xcode.app/Contents/Developer/Platforms/MacOSX.platform/Developer/SDKs/MacOSX26.1.sdk/usr/include/string.h
/Applications/Xcode.app/Contents/Developer/Platforms/MacOSX.platform/Developer/SDKs/MacOSX26.1.sdk/usr/include/dispatch/base.h
/Applications/Xcode.app/Contents/Developer/Platforms/MacOSX.platform/Developer/SDKs/MacOSX26.1.sdk/usr/include/dispatch/time.h
/Applications/Xcode.app/Contents/Developer/Platforms/MacOSX.platform/Developer/SDKs/MacOSX26.1.sdk/usr/include/dispatch/object.h
/Applications/Xcode.app/Contents/Developer/Platforms/MacOSX.platform/Developer/SDKs/MacOSX26.1.sdk/usr/include/dispatch/queue.h
/Applications/Xcode.app/Contents/Developer/Platforms/MacOSX.platform/Developer/SDKs/MacOSX26.1.sdk/usr/include/dispatch/block.h
/Applications/Xcode.app/Contents/Developer/Platforms/MacOSX.platform/Developer/SDKs/MacOSX26.1.sdk/usr/include/dispatch/source.h
/Applications/Xcode.app/Contents/Developer/Platforms/MacOSX.platform/Developer/SDKs/MacOSX26.1.sdk/usr/include/dispatch/group.h
/Applications/Xcode.app/Contents/Developer/Platforms/MacOSX.platform/Developer/SDKs/MacOSX26.1.sdk/usr/include/dispatch/semaphore.h
/Applications/Xcode.app/Contents/Developer/Platforms/MacOSX.platform/Developer/SDKs/MacOSX26.1.sdk/usr/include/dispatch/once.h
/Applications/Xcode.app/Contents/Developer/Platforms/MacOSX.platform/Developer/SDKs/MacOSX26.1.sdk/usr/include/dispatch/data.h
/Applications/Xcode.app/Contents/Developer/Platforms/MacOSX.platform/Developer/SDKs/MacOSX26.1.sdk/usr/include/dispatch/io.h
/Applications/Xcode.app/Contents/Developer/Platforms/MacOSX.platform/Developer/SDKs/MacOSX26.1.sdk/usr/include/dispatch/workloop.h
/Applications/Xcode.app/Contents/Developer/Platforms/MacOSX.platform/Developer/SDKs/MacOSX26.1.sdk/usr/include/dispatch/dispatch_swift_shims.h
/Applications/Xcode.app/Contents/Developer/Platforms/MacOSX.platform/Developer/SDKs/MacOSX26.1.sdk/SDKSettings.json
/Applications/Xcode.app/Contents/Developer/Toolchains/XcodeDefault.xctoolchain/usr/lib/swift/macosx/prebuilt-modules/26.1/Dispatch.swiftmodule/arm64e-apple-macos.swiftmodule
/Applications/Xcode.app/Contents/Developer/Toolchains/XcodeDefault.xctoolchain/usr/lib/swift/macosx/prebuilt-modules/26.1/Foundation.swiftmodule/arm64e-apple-macos.swiftmodule
/Applications/Xcode.app/Contents/Developer/Platforms/MacOSX.platform/Developer/SDKs/MacOSX26.1.sdk/System/Library/Frameworks/Foundation.framework/Headers/Foundation.apinotes
/Applications/Xcode.app/Contents/Developer/Platforms/MacOSX.platform/Developer/SDKs/MacOSX26.1.sdk/System/Library/Frameworks/Foundation.framework/Modules/module.modulemap
/Applications/Xcode.app/Contents/Developer/Platforms/MacOSX.platform/Developer/SDKs/MacOSX26.1.sdk/System/Library/Frameworks/Foundation.framework/Headers/Foundation.h
/Applications/Xcode.app/Contents/Developer/Platforms/MacOSX.platform/Developer/SDKs/MacOSX26.1.sdk/System/Library/Frameworks/CoreFoundation.framework/Modules/module.modulemap
/Applications/Xcode.app/Contents/Developer/Platforms/MacOSX.platform/Developer/SDKs/MacOSX26.1.sdk/System/Library/Frameworks/Foundation.framework/Headers/NSObjCRuntime.h
/Applications/Xcode.app/Contents/Developer/Platforms/MacOSX.platform/Developer/SDKs/MacOSX26.1.sdk/usr/include/xpc.modulemap
/Applications/Xcode.app/Contents/Developer/Platforms/MacOSX.platform/Developer/SDKs/MacOSX26.1.sdk/usr/include/dispatch.modulemap
/Applications/Xcode.app/Contents/Developer/Platforms/MacOSX.platform/Developer/SDKs/MacOSX26.1.sdk/usr/include/ObjectiveC.modulemap
/Applications/Xcode.app/Contents/Developer/Platforms/MacOSX.platform/Developer/SDKs/MacOSX26.1.sdk/usr/include/Darwin.modulemap
/Applications/Xcode.app/Contents/Developer/Platforms/MacOSX.platform/Developer/SDKs/MacOSX26.1.sdk/usr/include/DarwinFoundation1.modulemap
/Applications/Xcode.app/Contents/Developer/Toolchains/XcodeDefault.xctoolchain/usr/lib/swift/clang/include/module.modulemap
/Applications/Xcode.app/Contents/Developer/Toolchains/XcodeDefault.xctoolchain/usr/lib/swift/clang/include/stdarg.h
/Applications/Xcode.app/Contents/Developer/Platforms/MacOSX.platform/Developer/SDKs/MacOSX26.1.sdk/System/Library/Frameworks/Foundation.framework/Headers/NSArray.h
/Applications/Xcode.app/Contents/Developer/Platforms/MacOSX.platform/Developer/SDKs/MacOSX26.1.sdk/System/Library/Frameworks/Foundation.framework/Headers/NSObject.h
/Applications/Xcode.app/Contents/Developer/Platforms/MacOSX.platform/Developer/SDKs/MacOSX26.1.sdk/System/Library/Frameworks/Foundation.framework/Headers/NSZone.h
/Applications/Xcode.app/Contents/Developer/Toolchains/XcodeDefault.xctoolchain/usr/lib/swift/clang/include/stddef.h
/Applications/Xcode.app/Contents/Developer/Platforms/MacOSX.platform/Developer/SDKs/MacOSX26.1.sdk/System/Library/Frameworks/Foundation.framework/Headers/NSEnumerator.h
/Applications/Xcode.app/Contents/Developer/Platforms/MacOSX.platform/Developer/SDKs/MacOSX26.1.sdk/System/Library/Frameworks/Foundation.framework/Headers/NSRange.h
/Applications/Xcode.app/Contents/Developer/Platforms/MacOSX.platform/Developer/SDKs/MacOSX26.1.sdk/System/Library/Frameworks/Foundation.framework/Headers/NSValue.h
/Applications/Xcode.app/Contents/Developer/Platforms/MacOSX.platform/Developer/SDKs/MacOSX26.1.sdk/System/Library/Frameworks/Foundation.framework/Headers/NSOrderedCollectionDifference.h
/Applications/Xcode.app/Contents/Developer/Platforms/MacOSX.platform/Developer/SDKs/MacOSX26.1.sdk/System/Library/Frameworks/Foundation.framework/Headers/NSOrderedCollectionChange.h
/Applications/Xcode.app/Contents/Developer/Platforms/MacOSX.platform/Developer/SDKs/MacOSX26.1.sdk/System/Library/Frameworks/Foundation.framework/Headers/NSIndexSet.h
/Applications/Xcode.app/Contents/Developer/Platforms/MacOSX.platform/Developer/SDKs/MacOSX26.1.sdk/System/Library/Frameworks/Foundation.framework/Headers/NSAutoreleasePool.h
/Applications/Xcode.app/Contents/Developer/Platforms/MacOSX.platform/Developer/SDKs/MacOSX26.1.sdk/System/Library/Frameworks/Foundation.framework/Headers/NSBundle.h
/Applications/Xcode.app/Contents/Developer/Platforms/MacOSX.platform/Developer/SDKs/MacOSX26.1.sdk/System/Library/Frameworks/Foundation.framework/Headers/NSString.h
/Applications/Xcode.app/Contents/Developer/Platforms/MacOSX.platform/Developer/SDKs/MacOSX26.1.sdk/System/Library/Frameworks/Foundation.framework/Headers/NSItemProvider.h
/Applications/Xcode.app/Contents/Developer/Platforms/MacOSX.platform/Developer/SDKs/MacOSX26.1.sdk/System/Library/Frameworks/Foundation.framework/Headers/NSDictionary.h
/Applications/Xcode.app/Contents/Developer/Platforms/MacOSX.platform/Developer/SDKs/MacOSX26.1.sdk/System/Library/Frameworks/Foundation.framework/Headers/NSSet.h
/Applications/Xcode.app/Contents/Developer/Platforms/MacOSX.platform/Developer/SDKs/MacOSX26.1.sdk/System/Library/Frameworks/Foundation.framework/Headers/NSProgress.h
/Applications/Xcode.app/Contents/Developer/Platforms/MacOSX.platform/Developer/SDKs/MacOSX26.1.sdk/System/Library/Frameworks/Foundation.framework/Headers/NSNotification.h
/Applications/Xcode.app/Contents/Developer/Platforms/MacOSX.platform/Developer/SDKs/MacOSX26.1.sdk/System/Library/Frameworks/Foundation.framework/Headers/NSByteOrder.h
/Applications/Xcode.app/Contents/Developer/Platforms/MacOSX.platform/Developer/SDKs/MacOSX26.1.sdk/System/Library/Frameworks/Foundation.framework/Headers/NSCalendar.h
/Applications/Xcode.app/Contents/Developer/Platforms/MacOSX.platform/Developer/SDKs/MacOSX26.1.sdk/System/Library/Frameworks/Foundation.framework/Headers/NSDate.h
/Applications/Xcode.app/Contents/Developer/Platforms/MacOSX.platform/Developer/SDKs/MacOSX26.1.sdk/System/Library/Frameworks/Foundation.framework/Headers/NSCharacterSet.h
/Applications/Xcode.app/Contents/Developer/Platforms/MacOSX.platform/Developer/SDKs/MacOSX26.1.sdk/System/Library/Frameworks/Foundation.framework/Headers/NSCoder.h
/Applications/Xcode.app/Contents/Developer/Platforms/MacOSX.platform/Developer/SDKs/MacOSX26.1.sdk/System/Library/Frameworks/Foundation.framework/Headers/NSData.h
/Applications/Xcode.app/Contents/Developer/Platforms/MacOSX.platform/Developer/SDKs/MacOSX26.1.sdk/System/Library/Frameworks/Foundation.framework/Headers/NSDateInterval.h
/Applications/Xcode.app/Contents/Developer/Platforms/MacOSX.platform/Developer/SDKs/MacOSX26.1.sdk/System/Library/Frameworks/Foundation.framework/Headers/NSDateFormatter.h
/Applications/Xcode.app/Contents/Developer/Platforms/MacOSX.platform/Developer/SDKs/MacOSX26.1.sdk/System/Library/Frameworks/Foundation.framework/Headers/NSFormatter.h
/Applications/Xcode.app/Contents/Developer/Platforms/MacOSX.platform/Developer/SDKs/MacOSX26.1.sdk/System/Library/Frameworks/Foundation.framework/Headers/NSAttributedString.h
/Applications/Xcode.app/Contents/Developer/Platforms/MacOSX.platform/Developer/SDKs/MacOSX26.1.sdk/System/Library/Frameworks/Foundation.framework/Headers/NSDateIntervalFormatter.h
/Applications/Xcode.app/Contents/Developer/Platforms/MacOSX.platform/Developer/SDKs/MacOSX26.1.sdk/System/Library/Frameworks/Foundation.framework/Headers/NSISO8601DateFormatter.h
/Applications/Xcode.app/Contents/Developer/Platforms/MacOSX.platform/Developer/SDKs/MacOSX26.1.sdk/System/Library/Frameworks/Foundation.framework/Headers/NSMassFormatter.h
/Applications/Xcode.app/Contents/Developer/Platforms/MacOSX.platform/Developer/SDKs/MacOSX26.1.sdk/System/Library/Frameworks/Foundation.framework/Headers/NSLengthFormatter.h
/Applications/Xcode.app/Contents/Developer/Platforms/MacOSX.platform/Developer/SDKs/MacOSX26.1.sdk/System/Library/Frameworks/Foundation.framework/Headers/NSEnergyFormatter.h
/Applications/Xcode.app/Contents/Developer/Platforms/MacOSX.platform/Developer/SDKs/MacOSX26.1.sdk/System/Library/Frameworks/Foundation.framework/Headers/NSMeasurementFormatter.h
/Applications/Xcode.app/Contents/Developer/Platforms/MacOSX.platform/Developer/SDKs/MacOSX26.1.sdk/System/Library/Frameworks/Foundation.framework/Headers/NSNumberFormatter.h
/Applications/Xcode.app/Contents/Developer/Platforms/MacOSX.platform/Developer/SDKs/MacOSX26.1.sdk/System/Library/Frameworks/Foundation.framework/Headers/NSMeasurement.h
/Applications/Xcode.app/Contents/Developer/Platforms/MacOSX.platform/Developer/SDKs/MacOSX26.1.sdk/System/Library/Frameworks/Foundation.framework/Headers/NSUnit.h
/Applications/Xcode.app/Contents/Developer/Platforms/MacOSX.platform/Developer/SDKs/MacOSX26.1.sdk/System/Library/Frameworks/Foundation.framework/Headers/NSLocale.h
/Applications/Xcode.app/Contents/Developer/Platforms/MacOSX.platform/Developer/SDKs/MacOSX26.1.sdk/System/Library/Frameworks/Foundation.framework/Headers/NSPersonNameComponents.h
/Applications/Xcode.app/Contents/Developer/Platforms/MacOSX.platform/Developer/SDKs/MacOSX26.1.sdk/System/Library/Frameworks/Foundation.framework/Headers/NSPersonNameComponentsFormatter.h
/Applications/Xcode.app/Contents/Developer/Platforms/MacOSX.platform/Developer/SDKs/MacOSX26.1.sdk/System/Library/Frameworks/Foundation.framework/Headers/NSRelativeDateTimeFormatter.h
/Applications/Xcode.app/Contents/Developer/Platforms/MacOSX.platform/Developer/SDKs/MacOSX26.1.sdk/System/Library/Frameworks/Foundation.framework/Headers/NSListFormatter.h
/Applications/Xcode.app/Contents/Developer/Platforms/MacOSX.platform/Developer/SDKs/MacOSX26.1.sdk/System/Library/Frameworks/Foundation.framework/Headers/NSDecimal.h
/Applications/Xcode.app/Contents/Developer/Platforms/MacOSX.platform/Developer/SDKs/MacOSX26.1.sdk/System/Library/Frameworks/Foundation.framework/Headers/NSDecimalNumber.h
/Applications/Xcode.app/Contents/Developer/Platforms/MacOSX.platform/Developer/SDKs/MacOSX26.1.sdk/System/Library/Frameworks/Foundation.framework/Headers/NSScanner.h
/Applications/Xcode.app/Contents/Developer/Platforms/MacOSX.platform/Developer/SDKs/MacOSX26.1.sdk/System/Library/Frameworks/Foundation.framework/Headers/NSException.h
/Applications/Xcode.app/Contents/Developer/Platforms/MacOSX.platform/Developer/SDKs/MacOSX26.1.sdk/System/Library/Frameworks/Foundation.framework/Headers/NSError.h
/Applications/Xcode.app/Contents/Developer/Platforms/MacOSX.platform/Developer/SDKs/MacOSX26.1.sdk/System/Library/Frameworks/Foundation.framework/Headers/NSFileHandle.h
/Applications/Xcode.app/Contents/Developer/Platforms/MacOSX.platform/Developer/SDKs/MacOSX26.1.sdk/System/Library/Frameworks/Foundation.framework/Headers/NSRunLoop.h
/Applications/Xcode.app/Contents/Developer/Platforms/MacOSX.platform/Developer/SDKs/MacOSX26.1.sdk/System/Library/Frameworks/Foundation.framework/Headers/NSFileManager.h
/Applications/Xcode.app/Contents/Developer/Platforms/MacOSX.platform/Developer/SDKs/MacOSX26.1.sdk/System/Library/Frameworks/Foundation.framework/Headers/NSPathUtilities.h
/Applications/Xcode.app/Contents/Developer/Platforms/MacOSX.platform/Developer/SDKs/MacOSX26.1.sdk/System/Library/Frameworks/Foundation.framework/Headers/NSURL.h
/Applications/Xcode.app/Contents/Developer/Platforms/MacOSX.platform/Developer/SDKs/MacOSX26.1.sdk/System/Library/Frameworks/Foundation.framework/Headers/NSURLHandle.h
/Applications/Xcode.app/Contents/Developer/Platforms/MacOSX.platform/Developer/SDKs/MacOSX26.1.sdk/System/Library/Frameworks/Foundation.framework/Headers/NSHashTable.h
/Applications/Xcode.app/Contents/Developer/Platforms/MacOSX.platform/Developer/SDKs/MacOSX26.1.sdk/System/Library/Frameworks/Foundation.framework/Headers/NSPointerFunctions.h
/Applications/Xcode.app/Contents/Developer/Platforms/MacOSX.platform/Developer/SDKs/MacOSX26.1.sdk/System/Library/Frameworks/Foundation.framework/Headers/NSHTTPCookie.h
/Applications/Xcode.app/Contents/Developer/Platforms/MacOSX.platform/Developer/SDKs/MacOSX26.1.sdk/System/Library/Frameworks/Foundation.framework/Headers/NSHTTPCookieStorage.h
/Applications/Xcode.app/Contents/Developer/Platforms/MacOSX.platform/Developer/SDKs/MacOSX26.1.sdk/System/Library/Frameworks/Foundation.framework/Headers/NSIndexPath.h
/Applications/Xcode.app/Contents/Developer/Platforms/MacOSX.platform/Developer/SDKs/MacOSX26.1.sdk/System/Library/Frameworks/Foundation.framework/Headers/NSInflectionRule.h
/Applications/Xcode.app/Contents/Developer/Platforms/MacOSX.platform/Developer/SDKs/MacOSX26.1.sdk/System/Library/Frameworks/Foundation.framework/Headers/NSInvocation.h
/Applications/Xcode.app/Contents/Developer/Platforms/MacOSX.platform/Developer/SDKs/MacOSX26.1.sdk/System/Library/Frameworks/Foundation.framework/Headers/NSJSONSerialization.h
/Applications/Xcode.app/Contents/Developer/Platforms/MacOSX.platform/Developer/SDKs/MacOSX26.1.sdk/System/Library/Frameworks/Foundation.framework/Headers/NSKeyValueCoding.h
/Applications/Xcode.app/Contents/Developer/Platforms/MacOSX.platform/Developer/SDKs/MacOSX26.1.sdk/System/Library/Frameworks/Foundation.framework/Headers/NSOrderedSet.h
/Applications/Xcode.app/Contents/Developer/Platforms/MacOSX.platform/Developer/SDKs/MacOSX26.1.sdk/System/Library/Frameworks/Foundation.framework/Headers/NSKeyValueObserving.h
/Applications/Xcode.app/Contents/Developer/Platforms/MacOSX.platform/Developer/SDKs/MacOSX26.1.sdk/System/Library/Frameworks/Foundation.framework/Headers/NSKeyValueSharedObservers.h
/Applications/Xcode.app/Contents/Developer/Platforms/MacOSX.platform/Developer/SDKs/MacOSX26.1.sdk/System/Library/Frameworks/Foundation.framework/Headers/NSKeyedArchiver.h
/Applications/Xcode.app/Contents/Developer/Platforms/MacOSX.platform/Developer/SDKs/MacOSX26.1.sdk/System/Library/Frameworks/Foundation.framework/Headers/NSPropertyList.h
/Applications/Xcode.app/Contents/Developer/Platforms/MacOSX.platform/Developer/SDKs/MacOSX26.1.sdk/System/Library/Frameworks/Foundation.framework/Headers/NSGeometry.h
/Applications/Xcode.app/Contents/Developer/Platforms/MacOSX.platform/Developer/SDKs/MacOSX26.1.sdk/System/Library/Frameworks/Foundation.framework/Headers/NSLock.h
/Applications/Xcode.app/Contents/Developer/Platforms/MacOSX.platform/Developer/SDKs/MacOSX26.1.sdk/System/Library/Frameworks/Foundation.framework/Headers/NSMapTable.h
/Applications/Xcode.app/Contents/Developer/Platforms/MacOSX.platform/Developer/SDKs/MacOSX26.1.sdk/System/Library/Frameworks/Foundation.framework/Headers/NSMethodSignature.h
/Applications/Xcode.app/Contents/Developer/Platforms/MacOSX.platform/Developer/SDKs/MacOSX26.1.sdk/System/Library/Frameworks/Foundation.framework/Headers/NSMorphology.h
/Applications/Xcode.app/Contents/Developer/Platforms/MacOSX.platform/Developer/SDKs/MacOSX26.1.sdk/System/Library/Frameworks/Foundation.framework/Headers/NSTermOfAddress.h
/Applications/Xcode.app/Contents/Developer/Platforms/MacOSX.platform/Developer/SDKs/MacOSX26.1.sdk/System/Library/Frameworks/Foundation.framework/Headers/NSNotificationQueue.h
/Applications/Xcode.app/Contents/Developer/Platforms/MacOSX.platform/Developer/SDKs/MacOSX26.1.sdk/System/Library/Frameworks/Foundation.framework/Headers/NSNull.h
/Applications/Xcode.app/Contents/Developer/Platforms/MacOSX.platform/Developer/SDKs/MacOSX26.1.sdk/System/Library/Frameworks/Foundation.framework/Headers/NSLocalizedNumberFormatRule.h
/Applications/Xcode.app/Contents/Developer/Platforms/MacOSX.platform/Developer/SDKs/MacOSX26.1.sdk/System/Library/Frameworks/Foundation.framework/Headers/NSOperation.h
/Applications/Xcode.app/Contents/Developer/Platforms/MacOSX.platform/Developer/SDKs/MacOSX26.1.sdk/System/Library/Frameworks/Foundation.framework/Headers/NSOrthography.h
/Applications/Xcode.app/Contents/Developer/Platforms/MacOSX.platform/Developer/SDKs/MacOSX26.1.sdk/System/Library/Frameworks/Foundation.framework/Headers/NSPointerArray.h
/Applications/Xcode.app/Contents/Developer/Platforms/MacOSX.platform/Developer/SDKs/MacOSX26.1.sdk/System/Library/Frameworks/Foundation.framework/Headers/NSPort.h
/Applications/Xcode.app/Contents/Developer/Platforms/MacOSX.platform/Developer/SDKs/MacOSX26.1.sdk/System/Library/Frameworks/Foundation.framework/Headers/NSProcessInfo.h
/Applications/Xcode.app/Contents/Developer/Platforms/MacOSX.platform/Developer/SDKs/MacOSX26.1.sdk/System/Library/Frameworks/Foundation.framework/Headers/NSProxy.h
/Applications/Xcode.app/Contents/Developer/Platforms/MacOSX.platform/Developer/SDKs/MacOSX26.1.sdk/System/Library/Frameworks/Foundation.framework/Headers/NSRegularExpression.h
/Applications/Xcode.app/Contents/Developer/Platforms/MacOSX.platform/Developer/SDKs/MacOSX26.1.sdk/System/Library/Frameworks/Foundation.framework/Headers/NSTextCheckingResult.h
/Applications/Xcode.app/Contents/Developer/Platforms/MacOSX.platform/Developer/SDKs/MacOSX26.1.sdk/System/Library/Frameworks/Foundation.framework/Headers/NSSortDescriptor.h
/Applications/Xcode.app/Contents/Developer/Platforms/MacOSX.platform/Developer/SDKs/MacOSX26.1.sdk/System/Library/Frameworks/Foundation.framework/Headers/NSStream.h
/Applications/Xcode.app/Contents/Developer/Platforms/MacOSX.platform/Developer/SDKs/MacOSX26.1.sdk/System/Library/Frameworks/Foundation.framework/Headers/NSThread.h
/Applications/Xcode.app/Contents/Developer/Platforms/MacOSX.platform/Developer/SDKs/MacOSX26.1.sdk/System/Library/Frameworks/Foundation.framework/Headers/NSTimeZone.h
/Applications/Xcode.app/Contents/Developer/Platforms/MacOSX.platform/Developer/SDKs/MacOSX26.1.sdk/System/Library/Frameworks/Foundation.framework/Headers/NSTimer.h
/Applications/Xcode.app/Contents/Developer/Platforms/MacOSX.platform/Developer/SDKs/MacOSX26.1.sdk/System/Library/Frameworks/Foundation.framework/Headers/NSURLAuthenticationChallenge.h
/Applications/Xcode.app/Contents/Developer/Platforms/MacOSX.platform/Developer/SDKs/MacOSX26.1.sdk/System/Library/Frameworks/Foundation.framework/Headers/NSURLCache.h
/Applications/Xcode.app/Contents/Developer/Platforms/MacOSX.platform/Developer/SDKs/MacOSX26.1.sdk/System/Library/Frameworks/Foundation.framework/Headers/NSURLConnection.h
/Applications/Xcode.app/Contents/Developer/Platforms/MacOSX.platform/Developer/SDKs/MacOSX26.1.sdk/System/Library/Frameworks/Foundation.framework/Headers/NSURLCredential.h
/Applications/Xcode.app/Contents/Developer/Platforms/MacOSX.platform/Developer/SDKs/MacOSX26.1.sdk/System/Library/Frameworks/Security.framework/Modules/module.modulemap
/Applications/Xcode.app/Contents/Developer/Platforms/MacOSX.platform/Developer/SDKs/MacOSX26.1.sdk/System/Library/Frameworks/Foundation.framework/Headers/NSURLCredentialStorage.h
/Applications/Xcode.app/Contents/Developer/Platforms/MacOSX.platform/Developer/SDKs/MacOSX26.1.sdk/System/Library/Frameworks/Foundation.framework/Headers/NSURLProtectionSpace.h
/Applications/Xcode.app/Contents/Developer/Platforms/MacOSX.platform/Developer/SDKs/MacOSX26.1.sdk/System/Library/Frameworks/Foundation.framework/Headers/NSURLError.h
/Applications/Xcode.app/Contents/Developer/Platforms/MacOSX.platform/Developer/SDKs/MacOSX26.1.sdk/System/Library/Frameworks/CoreServices.framework/Modules/module.modulemap
/Applications/Xcode.app/Contents/Developer/Platforms/MacOSX.platform/Developer/SDKs/MacOSX26.1.sdk/System/Library/Frameworks/Foundation.framework/Headers/NSURLProtocol.h
/Applications/Xcode.app/Contents/Developer/Platforms/MacOSX.platform/Developer/SDKs/MacOSX26.1.sdk/System/Library/Frameworks/Foundation.framework/Headers/NSURLRequest.h
/Applications/Xcode.app/Contents/Developer/Platforms/MacOSX.platform/Developer/SDKs/MacOSX26.1.sdk/System/Library/Frameworks/Foundation.framework/Headers/NSURLResponse.h
/Applications/Xcode.app/Contents/Developer/Platforms/MacOSX.platform/Developer/SDKs/MacOSX26.1.sdk/System/Library/Frameworks/Foundation.framework/Headers/NSUserDefaults.h
/Applications/Xcode.app/Contents/Developer/Platforms/MacOSX.platform/Developer/SDKs/MacOSX26.1.sdk/System/Library/Frameworks/Foundation.framework/Headers/NSValueTransformer.h
/Applications/Xcode.app/Contents/Developer/Platforms/MacOSX.platform/Developer/SDKs/MacOSX26.1.sdk/System/Library/Frameworks/Foundation.framework/Headers/NSXMLParser.h
/Applications/Xcode.app/Contents/Developer/Platforms/MacOSX.platform/Developer/SDKs/MacOSX26.1.sdk/System/Library/Frameworks/Foundation.framework/Headers/NSXPCConnection.h
/Applications/Xcode.app/Contents/Developer/Platforms/MacOSX.platform/Developer/SDKs/MacOSX26.1.sdk/System/Library/Frameworks/Foundation.framework/Headers/FoundationErrors.h
/Applications/Xcode.app/Contents/Developer/Platforms/MacOSX.platform/Developer/SDKs/MacOSX26.1.sdk/System/Library/Frameworks/Foundation.framework/Headers/NSByteCountFormatter.h
/Applications/Xcode.app/Contents/Developer/Platforms/MacOSX.platform/Developer/SDKs/MacOSX26.1.sdk/System/Library/Frameworks/Foundation.framework/Headers/NSCache.h
/Applications/Xcode.app/Contents/Developer/Platforms/MacOSX.platform/Developer/SDKs/MacOSX26.1.sdk/System/Library/Frameworks/Foundation.framework/Headers/NSComparisonPredicate.h
/Applications/Xcode.app/Contents/Developer/Platforms/MacOSX.platform/Developer/SDKs/MacOSX26.1.sdk/System/Library/Frameworks/Foundation.framework/Headers/NSPredicate.h
/Applications/Xcode.app/Contents/Developer/Platforms/MacOSX.platform/Developer/SDKs/MacOSX26.1.sdk/System/Library/Frameworks/Foundation.framework/Headers/NSCompoundPredicate.h
/Applications/Xcode.app/Contents/Developer/Platforms/MacOSX.platform/Developer/SDKs/MacOSX26.1.sdk/System/Library/Frameworks/Foundation.framework/Headers/NSDateComponentsFormatter.h
/Applications/Xcode.app/Contents/Developer/Platforms/MacOSX.platform/Developer/SDKs/MacOSX26.1.sdk/System/Library/Frameworks/Foundation.framework/Headers/NSExpression.h
/Applications/Xcode.app/Contents/Developer/Platforms/MacOSX.platform/Developer/SDKs/MacOSX26.1.sdk/System/Library/Frameworks/Foundation.framework/Headers/NSExtensionContext.h
/Applications/Xcode.app/Contents/Developer/Platforms/MacOSX.platform/Developer/SDKs/MacOSX26.1.sdk/System/Library/Frameworks/Foundation.framework/Headers/NSExtensionItem.h
/Applications/Xcode.app/Contents/Developer/Platforms/MacOSX.platform/Developer/SDKs/MacOSX26.1.sdk/System/Library/Frameworks/Foundation.framework/Headers/NSExtensionRequestHandling.h
/Applications/Xcode.app/Contents/Developer/Platforms/MacOSX.platform/Developer/SDKs/MacOSX26.1.sdk/System/Library/Frameworks/Foundation.framework/Headers/NSFileCoordinator.h
/Applications/Xcode.app/Contents/Developer/Platforms/MacOSX.platform/Developer/SDKs/MacOSX26.1.sdk/System/Library/Frameworks/Foundation.framework/Headers/NSFilePresenter.h
/Applications/Xcode.app/Contents/Developer/Platforms/MacOSX.platform/Developer/SDKs/MacOSX26.1.sdk/System/Library/Frameworks/Foundation.framework/Headers/NSFileVersion.h
/Applications/Xcode.app/Contents/Developer/Platforms/MacOSX.platform/Developer/SDKs/MacOSX26.1.sdk/System/Library/Frameworks/Foundation.framework/Headers/NSFileWrapper.h
/Applications/Xcode.app/Contents/Developer/Platforms/MacOSX.platform/Developer/SDKs/MacOSX26.1.sdk/System/Library/Frameworks/Foundation.framework/Headers/NSLinguisticTagger.h
/Applications/Xcode.app/Contents/Developer/Platforms/MacOSX.platform/Developer/SDKs/MacOSX26.1.sdk/System/Library/Frameworks/Foundation.framework/Headers/NSMetadata.h
/Applications/Xcode.app/Contents/Developer/Platforms/MacOSX.platform/Developer/SDKs/MacOSX26.1.sdk/System/Library/Frameworks/Foundation.framework/Headers/NSMetadataAttributes.h
/Applications/Xcode.app/Contents/Developer/Platforms/MacOSX.platform/Developer/SDKs/MacOSX26.1.sdk/System/Library/Frameworks/Foundation.framework/Headers/NSNetServices.h
/Applications/Xcode.app/Contents/Developer/Platforms/MacOSX.platform/Developer/SDKs/MacOSX26.1.sdk/System/Library/Frameworks/Foundation.framework/Headers/NSUbiquitousKeyValueStore.h
/Applications/Xcode.app/Contents/Developer/Platforms/MacOSX.platform/Developer/SDKs/MacOSX26.1.sdk/System/Library/Frameworks/Foundation.framework/Headers/NSUndoManager.h
/Applications/Xcode.app/Contents/Developer/Platforms/MacOSX.platform/Developer/SDKs/MacOSX26.1.sdk/System/Library/Frameworks/Foundation.framework/Headers/NSURLSession.h
/Applications/Xcode.app/Contents/Developer/Platforms/MacOSX.platform/Developer/SDKs/MacOSX26.1.sdk/System/Library/Frameworks/Foundation.framework/Headers/NSUserActivity.h
/Applications/Xcode.app/Contents/Developer/Platforms/MacOSX.platform/Developer/SDKs/MacOSX26.1.sdk/System/Library/Frameworks/Foundation.framework/Headers/NSUUID.h
/Applications/Xcode.app/Contents/Developer/Platforms/MacOSX.platform/Developer/SDKs/MacOSX26.1.sdk/System/Library/Frameworks/Foundation.framework/Headers/NSAffineTransform.h
/Applications/Xcode.app/Contents/Developer/Platforms/MacOSX.platform/Developer/SDKs/MacOSX26.1.sdk/System/Library/Frameworks/Foundation.framework/Headers/NSAppleScript.h
/Applications/Xcode.app/Contents/Developer/Platforms/MacOSX.platform/Developer/SDKs/MacOSX26.1.sdk/System/Library/Frameworks/Foundation.framework/Headers/NSArchiver.h
/Applications/Xcode.app/Contents/Developer/Platforms/MacOSX.platform/Developer/SDKs/MacOSX26.1.sdk/System/Library/Frameworks/Foundation.framework/Headers/NSBackgroundActivityScheduler.h
/Applications/Xcode.app/Contents/Developer/Platforms/MacOSX.platform/Developer/SDKs/MacOSX26.1.sdk/System/Library/Frameworks/Foundation.framework/Headers/NSCalendarDate.h
/Applications/Xcode.app/Contents/Developer/Platforms/MacOSX.platform/Developer/SDKs/MacOSX26.1.sdk/System/Library/Frameworks/Foundation.framework/Headers/NSConnection.h
/Applications/Xcode.app/Contents/Developer/Platforms/MacOSX.platform/Developer/SDKs/MacOSX26.1.sdk/System/Library/Frameworks/Foundation.framework/Headers/NSDistantObject.h
/Applications/Xcode.app/Contents/Developer/Platforms/MacOSX.platform/Developer/SDKs/MacOSX26.1.sdk/System/Library/Frameworks/Foundation.framework/Headers/NSDistributedNotificationCenter.h
/Applications/Xcode.app/Contents/Developer/Platforms/MacOSX.platform/Developer/SDKs/MacOSX26.1.sdk/System/Library/Frameworks/Foundation.framework/Headers/NSPortCoder.h
/Applications/Xcode.app/Contents/Developer/Platforms/MacOSX.platform/Developer/SDKs/MacOSX26.1.sdk/System/Library/Frameworks/Foundation.framework/Headers/NSPortMessage.h
/Applications/Xcode.app/Contents/Developer/Platforms/MacOSX.platform/Developer/SDKs/MacOSX26.1.sdk/System/Library/Frameworks/Foundation.framework/Headers/NSPortNameServer.h
/Applications/Xcode.app/Contents/Developer/Platforms/MacOSX.platform/Developer/SDKs/MacOSX26.1.sdk/System/Library/Frameworks/Foundation.framework/Headers/NSProtocolChecker.h
/Applications/Xcode.app/Contents/Developer/Platforms/MacOSX.platform/Developer/SDKs/MacOSX26.1.sdk/System/Library/Frameworks/Foundation.framework/Headers/NSTask.h
/Applications/Xcode.app/Contents/Developer/Platforms/MacOSX.platform/Developer/SDKs/MacOSX26.1.sdk/System/Library/Frameworks/Foundation.framework/Headers/NSXMLDTD.h
/Applications/Xcode.app/Contents/Developer/Platforms/MacOSX.platform/Developer/SDKs/MacOSX26.1.sdk/System/Library/Frameworks/Foundation.framework/Headers/NSXMLNode.h
/Applications/Xcode.app/Contents/Developer/Platforms/MacOSX.platform/Developer/SDKs/MacOSX26.1.sdk/System/Library/Frameworks/Foundation.framework/Headers/NSXMLNodeOptions.h
/Applications/Xcode.app/Contents/Developer/Platforms/MacOSX.platform/Developer/SDKs/MacOSX26.1.sdk/System/Library/Frameworks/Foundation.framework/Headers/NSXMLDTDNode.h
/Applications/Xcode.app/Contents/Developer/Platforms/MacOSX.platform/Developer/SDKs/MacOSX26.1.sdk/System/Library/Frameworks/Foundation.framework/Headers/NSXMLDocument.h
/Applications/Xcode.app/Contents/Developer/Platforms/MacOSX.platform/Developer/SDKs/MacOSX26.1.sdk/System/Library/Frameworks/Foundation.framework/Headers/NSXMLElement.h
/Applications/Xcode.app/Contents/Developer/Platforms/MacOSX.platform/Developer/SDKs/MacOSX26.1.sdk/System/Library/Frameworks/Foundation.framework/Headers/NSURLDownload.h
/Applications/Xcode.app/Contents/Developer/Platforms/MacOSX.platform/Developer/SDKs/MacOSX26.1.sdk/System/Library/Frameworks/Foundation.framework/Headers/NSAppleEventDescriptor.h
/Applications/Xcode.app/Contents/Developer/Platforms/MacOSX.platform/Developer/SDKs/MacOSX26.1.sdk/System/Library/Frameworks/Foundation.framework/Headers/NSAppleEventManager.h
/Applications/Xcode.app/Contents/Developer/Platforms/MacOSX.platform/Developer/SDKs/MacOSX26.1.sdk/System/Library/Frameworks/Foundation.framework/Headers/NSClassDescription.h
/Applications/Xcode.app/Contents/Developer/Platforms/MacOSX.platform/Developer/SDKs/MacOSX26.1.sdk/System/Library/Frameworks/Foundation.framework/Headers/NSDistributedLock.h
/Applications/Xcode.app/Contents/Developer/Platforms/MacOSX.platform/Developer/SDKs/MacOSX26.1.sdk/System/Library/Frameworks/Foundation.framework/Headers/NSGarbageCollector.h
/Applications/Xcode.app/Contents/Developer/Platforms/MacOSX.platform/Developer/SDKs/MacOSX26.1.sdk/System/Library/Frameworks/Foundation.framework/Headers/NSHFSFileTypes.h
/Applications/Xcode.app/Contents/Developer/Platforms/MacOSX.platform/Developer/SDKs/MacOSX26.1.sdk/System/Library/Frameworks/Foundation.framework/Headers/NSHost.h
/Applications/Xcode.app/Contents/Developer/Platforms/MacOSX.platform/Developer/SDKs/MacOSX26.1.sdk/System/Library/Frameworks/Foundation.framework/Headers/NSObjectScripting.h
/Applications/Xcode.app/Contents/Developer/Platforms/MacOSX.platform/Developer/SDKs/MacOSX26.1.sdk/System/Library/Frameworks/Foundation.framework/Headers/NSScriptClassDescription.h
/Applications/Xcode.app/Contents/Developer/Platforms/MacOSX.platform/Developer/SDKs/MacOSX26.1.sdk/System/Library/Frameworks/Foundation.framework/Headers/NSScriptCoercionHandler.h
/Applications/Xcode.app/Contents/Developer/Platforms/MacOSX.platform/Developer/SDKs/MacOSX26.1.sdk/System/Library/Frameworks/Foundation.framework/Headers/NSScriptCommand.h
/Applications/Xcode.app/Contents/Developer/Platforms/MacOSX.platform/Developer/SDKs/MacOSX26.1.sdk/System/Library/Frameworks/Foundation.framework/Headers/NSScriptCommandDescription.h
/Applications/Xcode.app/Contents/Developer/Platforms/MacOSX.platform/Developer/SDKs/MacOSX26.1.sdk/System/Library/Frameworks/Foundation.framework/Headers/NSScriptExecutionContext.h
/Applications/Xcode.app/Contents/Developer/Platforms/MacOSX.platform/Developer/SDKs/MacOSX26.1.sdk/System/Library/Frameworks/Foundation.framework/Headers/NSScriptKeyValueCoding.h
/Applications/Xcode.app/Contents/Developer/Platforms/MacOSX.platform/Developer/SDKs/MacOSX26.1.sdk/System/Library/Frameworks/Foundation.framework/Headers/NSScriptObjectSpecifiers.h
/Applications/Xcode.app/Contents/Developer/Platforms/MacOSX.platform/Developer/SDKs/MacOSX26.1.sdk/System/Library/Frameworks/Foundation.framework/Headers/NSScriptStandardSuiteCommands.h
/Applications/Xcode.app/Contents/Developer/Platforms/MacOSX.platform/Developer/SDKs/MacOSX26.1.sdk/System/Library/Frameworks/Foundation.framework/Headers/NSScriptSuiteRegistry.h
/Applications/Xcode.app/Contents/Developer/Platforms/MacOSX.platform/Developer/SDKs/MacOSX26.1.sdk/System/Library/Frameworks/Foundation.framework/Headers/NSScriptWhoseTests.h
/Applications/Xcode.app/Contents/Developer/Platforms/MacOSX.platform/Developer/SDKs/MacOSX26.1.sdk/System/Library/Frameworks/Foundation.framework/Headers/NSSpellServer.h
/Applications/Xcode.app/Contents/Developer/Platforms/MacOSX.platform/Developer/SDKs/MacOSX26.1.sdk/System/Library/Frameworks/Foundation.framework/Headers/NSUserNotification.h
/Applications/Xcode.app/Contents/Developer/Platforms/MacOSX.platform/Developer/SDKs/MacOSX26.1.sdk/System/Library/Frameworks/Foundation.framework/Headers/NSUserScriptTask.h
/Applications/Xcode.app/Contents/Developer/Platforms/MacOSX.platform/Developer/SDKs/MacOSX26.1.sdk/System/Library/Frameworks/Foundation.framework/Headers/FoundationLegacySwiftCompatibility.h
/Applications/Xcode.app/Contents/Developer/Platforms/MacOSX.platform/Developer/SDKs/MacOSX26.1.sdk/System/Library/Frameworks/Foundation.framework/Headers/NSDebug.h
/Applications/Xcode.app/Contents/Developer/Platforms/MacOSX.platform/Developer/SDKs/MacOSX26.1.sdk/SDKSettings.json
/Applications/Xcode.app/Contents/Developer/Toolchains/XcodeDefault.xctoolchain/usr/lib/swift/macosx/prebuilt-modules/26.1/IOKit.swiftmodule/arm64e-apple-macos.swiftmodule
/Applications/Xcode.app/Contents/Developer/Platforms/MacOSX.platform/Developer/SDKs/MacOSX26.1.sdk/System/Library/Frameworks/IOKit.framework/Modules/module.modulemap
/Applications/Xcode.app/Contents/Developer/Platforms/MacOSX.platform/Developer/SDKs/MacOSX26.1.sdk/System/Library/Frameworks/IOKit.framework/Headers/IOReturn.h
/Applications/Xcode.app/Contents/Developer/Platforms/MacOSX.platform/Developer/SDKs/MacOSX26.1.sdk/usr/include/dispatch.modulemap
/Applications/Xcode.app/Contents/Developer/Platforms/MacOSX.platform/Developer/SDKs/MacOSX26.1.sdk/usr/include/libkern.modulemap
/Applications/Xcode.app/Contents/Developer/Platforms/MacOSX.platform/Developer/SDKs/MacOSX26.1.sdk/usr/include/Darwin.modulemap
/Applications/Xcode.app/Contents/Developer/Platforms/MacOSX.platform/Developer/SDKs/MacOSX26.1.sdk/usr/include/Darwin_C.modulemap
/Applications/Xcode.app/Contents/Developer/Platforms/MacOSX.platform/Developer/SDKs/MacOSX26.1.sdk/usr/include/Darwin_POSIX.modulemap
/Applications/Xcode.app/Contents/Developer/Platforms/MacOSX.platform/Developer/SDKs/MacOSX26.1.sdk/usr/include/net.modulemap
/Applications/Xcode.app/Contents/Developer/Platforms/MacOSX.platform/Developer/SDKs/MacOSX26.1.sdk/usr/include/netinet.modulemap
/Applications/Xcode.app/Contents/Developer/Platforms/MacOSX.platform/Developer/SDKs/MacOSX26.1.sdk/usr/include/bank.modulemap
/Applications/Xcode.app/Contents/Developer/Platforms/MacOSX.platform/Developer/SDKs/MacOSX26.1.sdk/usr/include/Darwin_Mach.modulemap
/Applications/Xcode.app/Contents/Developer/Platforms/MacOSX.platform/Developer/SDKs/MacOSX26.1.sdk/usr/include/Darwin_Mach_machine.modulemap
/Applications/Xcode.app/Contents/Developer/Platforms/MacOSX.platform/Developer/SDKs/MacOSX26.1.sdk/usr/include/mach_debug.modulemap
/Applications/Xcode.app/Contents/Developer/Platforms/MacOSX.platform/Developer/SDKs/MacOSX26.1.sdk/usr/include/device.modulemap
/Applications/Xcode.app/Contents/Developer/Platforms/MacOSX.platform/Developer/SDKs/MacOSX26.1.sdk/usr/include/Darwin_machine.modulemap
/Applications/Xcode.app/Contents/Developer/Platforms/MacOSX.platform/Developer/SDKs/MacOSX26.1.sdk/usr/include/ncurses.modulemap
/Applications/Xcode.app/Contents/Developer/Platforms/MacOSX.platform/Developer/SDKs/MacOSX26.1.sdk/usr/include/netinet6.modulemap
/Applications/Xcode.app/Contents/Developer/Platforms/MacOSX.platform/Developer/SDKs/MacOSX26.1.sdk/usr/include/Darwin_sys.modulemap
/Applications/Xcode.app/Contents/Developer/Platforms/MacOSX.platform/Developer/SDKs/MacOSX26.1.sdk/usr/include/uuid.modulemap
/Applications/Xcode.app/Contents/Developer/Platforms/MacOSX.platform/Developer/SDKs/MacOSX26.1.sdk/usr/include/DarwinFoundation2.modulemap
/Applications/Xcode.app/Contents/Developer/Platforms/MacOSX.platform/Developer/SDKs/MacOSX26.1.sdk/usr/include/DarwinFoundation1.modulemap
/Applications/Xcode.app/Contents/Developer/Platforms/MacOSX.platform/Developer/SDKs/MacOSX26.1.sdk/System/Library/Frameworks/IOKit.framework/Headers/IOMapTypes.h
/Applications/Xcode.app/Contents/Developer/Platforms/MacOSX.platform/Developer/SDKs/MacOSX26.1.sdk/System/Library/Frameworks/IOKit.framework/Headers/IOTypes.h
/Applications/Xcode.app/Contents/Developer/Toolchains/XcodeDefault.xctoolchain/usr/lib/swift/clang/include/module.modulemap
/Applications/Xcode.app/Contents/Developer/Platforms/MacOSX.platform/Developer/SDKs/MacOSX26.1.sdk/System/Library/Frameworks/IOKit.framework/Headers/IOKitKeys.h
/Applications/Xcode.app/Contents/Developer/Platforms/MacOSX.platform/Developer/SDKs/MacOSX26.1.sdk/System/Library/Frameworks/IOKit.framework/Headers/OSMessageNotification.h
/Applications/Xcode.app/Contents/Developer/Platforms/MacOSX.platform/Developer/SDKs/MacOSX26.1.sdk/System/Library/Frameworks/IOKit.framework/Headers/IOKitLib.h
/Applications/Xcode.app/Contents/Developer/Platforms/MacOSX.platform/Developer/SDKs/MacOSX26.1.sdk/System/Library/Frameworks/CoreFoundation.framework/Modules/module.modulemap
/Applications/Xcode.app/Contents/Developer/Platforms/MacOSX.platform/Developer/SDKs/MacOSX26.1.sdk/System/Library/Frameworks/IOKit.framework/Headers/IOBSD.h
/Applications/Xcode.app/Contents/Developer/Platforms/MacOSX.platform/Developer/SDKs/MacOSX26.1.sdk/System/Library/Frameworks/IOKit.framework/Headers/IODataQueueClient.h
/Applications/Xcode.app/Contents/Developer/Platforms/MacOSX.platform/Developer/SDKs/MacOSX26.1.sdk/System/Library/Frameworks/IOKit.framework/Headers/IODataQueueShared.h
/Applications/Xcode.app/Contents/Developer/Platforms/MacOSX.platform/Developer/SDKs/MacOSX26.1.sdk/System/Library/Frameworks/IOKit.framework/Headers/IOCFBundle.h
/Applications/Xcode.app/Contents/Developer/Platforms/MacOSX.platform/Developer/SDKs/MacOSX26.1.sdk/System/Library/Frameworks/IOKit.framework/Headers/IOSharedLock.h
/Applications/Xcode.app/Contents/Developer/Platforms/MacOSX.platform/Developer/SDKs/MacOSX26.1.sdk/System/Library/Frameworks/IOKit.framework/Headers/IOCFPlugIn.h
/Applications/Xcode.app/Contents/Developer/Platforms/MacOSX.platform/Developer/SDKs/MacOSX26.1.sdk/System/Library/Frameworks/IOKit.framework/Headers/IOCFSerialize.h
/Applications/Xcode.app/Contents/Developer/Platforms/MacOSX.platform/Developer/SDKs/MacOSX26.1.sdk/System/Library/Frameworks/IOKit.framework/Headers/IOCFURLAccess.h
/Applications/Xcode.app/Contents/Developer/Platforms/MacOSX.platform/Developer/SDKs/MacOSX26.1.sdk/System/Library/Frameworks/IOKit.framework/Headers/IOKitServer.h
/Applications/Xcode.app/Contents/Developer/Platforms/MacOSX.platform/Developer/SDKs/MacOSX26.1.sdk/System/Library/Frameworks/IOKit.framework/Headers/IOCFUnserialize.h
/Applications/Xcode.app/Contents/Developer/Platforms/MacOSX.platform/Developer/SDKs/MacOSX26.1.sdk/System/Library/Frameworks/IOKit.framework/Headers/IOMessage.h
/Applications/Xcode.app/Contents/Developer/Platforms/MacOSX.platform/Developer/SDKs/MacOSX26.1.sdk/System/Library/Frameworks/IOKit.framework/Headers/IORPC.h
/Applications/Xcode.app/Contents/Developer/Platforms/MacOSX.platform/Developer/SDKs/MacOSX26.1.sdk/System/Library/Frameworks/IOKit.framework/Headers/IOUserServer.h
/Applications/Xcode.app/Contents/Developer/Platforms/MacOSX.platform/Developer/SDKs/MacOSX26.1.sdk/System/Library/Frameworks/IOKit.framework/Headers/audio/IOAudioDefines.h
/Applications/Xcode.app/Contents/Developer/Platforms/MacOSX.platform/Developer/SDKs/MacOSX26.1.sdk/System/Library/Frameworks/IOKit.framework/Headers/audio/IOAudioLib.h
/Applications/Xcode.app/Contents/Developer/Platforms/MacOSX.platform/Developer/SDKs/MacOSX26.1.sdk/System/Library/Frameworks/IOKit.framework/Headers/audio/IOAudioTypes.h
/Applications/Xcode.app/Contents/Developer/Platforms/MacOSX.platform/Developer/SDKs/MacOSX26.1.sdk/System/Library/Frameworks/IOKit.framework/Headers/avc/IOFireWireAVCConsts.h
/Applications/Xcode.app/Contents/Developer/Platforms/MacOSX.platform/Developer/SDKs/MacOSX26.1.sdk/System/Library/Frameworks/IOKit.framework/Headers/avc/IOFireWireAVCLib.h
/Applications/Xcode.app/Contents/Developer/Platforms/MacOSX.platform/Developer/SDKs/MacOSX26.1.sdk/System/Library/Frameworks/IOKit.framework/Headers/firewire/IOFireWireFamilyCommon.h
/Applications/Xcode.app/Contents/Developer/Platforms/MacOSX.platform/Developer/SDKs/MacOSX26.1.sdk/System/Library/Frameworks/IOKit.framework/Headers/firewire/IOFireWireLib.h
/Applications/Xcode.app/Contents/Developer/Platforms/MacOSX.platform/Developer/SDKs/MacOSX26.1.sdk/System/Library/Frameworks/IOKit.framework/Headers/firewire/IOFireWireLibIsoch.h
/Applications/Xcode.app/Contents/Developer/Platforms/MacOSX.platform/Developer/SDKs/MacOSX26.1.sdk/System/Library/Frameworks/IOKit.framework/Headers/graphics/IOAccelClientConnect.h
/Applications/Xcode.app/Contents/Developer/Platforms/MacOSX.platform/Developer/SDKs/MacOSX26.1.sdk/System/Library/Frameworks/IOKit.framework/Headers/graphics/IOGraphicsInterface.h
/Applications/Xcode.app/Contents/Developer/Platforms/MacOSX.platform/Developer/SDKs/MacOSX26.1.sdk/System/Library/Frameworks/IOKit.framework/Headers/graphics/IOGraphicsInterfaceTypes.h
/Applications/Xcode.app/Contents/Developer/Platforms/MacOSX.platform/Developer/SDKs/MacOSX26.1.sdk/System/Library/Frameworks/IOKit.framework/Headers/graphics/IOAccelSurfaceConnect.h
/Applications/Xcode.app/Contents/Developer/Platforms/MacOSX.platform/Developer/SDKs/MacOSX26.1.sdk/System/Library/Frameworks/IOKit.framework/Headers/graphics/IOAccelTypes.h
/Applications/Xcode.app/Contents/Developer/Platforms/MacOSX.platform/Developer/SDKs/MacOSX26.1.sdk/System/Library/Frameworks/IOKit.framework/Headers/graphics/IOGraphicsLib.h
/Applications/Xcode.app/Contents/Developer/Platforms/MacOSX.platform/Developer/SDKs/MacOSX26.1.sdk/System/Library/Frameworks/IOKit.framework/Headers/graphics/IOFramebufferShared.h
/Applications/Xcode.app/Contents/Developer/Platforms/MacOSX.platform/Developer/SDKs/MacOSX26.1.sdk/System/Library/Frameworks/IOKit.framework/Headers/hidsystem/IOHIDTypes.h
/Applications/Xcode.app/Contents/Developer/Platforms/MacOSX.platform/Developer/SDKs/MacOSX26.1.sdk/System/Library/Frameworks/IOKit.framework/Headers/graphics/IOGraphicsTypes.h
/Applications/Xcode.app/Contents/Developer/Platforms/MacOSX.platform/Developer/SDKs/MacOSX26.1.sdk/System/Library/Frameworks/IOKit.framework/Headers/graphics/IOGraphicsEngine.h
/Applications/Xcode.app/Contents/Developer/Platforms/MacOSX.platform/Developer/SDKs/MacOSX26.1.sdk/System/Library/Frameworks/IOKit.framework/Headers/hid/IOHIDBase.h
/Applications/Xcode.app/Contents/Developer/Platforms/MacOSX.platform/Developer/SDKs/MacOSX26.1.sdk/System/Library/Frameworks/IOKit.framework/Headers/hid/IOHIDKeys.h
/Applications/Xcode.app/Contents/Developer/Platforms/MacOSX.platform/Developer/SDKs/MacOSX26.1.sdk/System/Library/Frameworks/IOKit.framework/Headers/hidsystem/IOHIDParameter.h
/Applications/Xcode.app/Contents/Developer/Platforms/MacOSX.platform/Developer/SDKs/MacOSX26.1.sdk/System/Library/Frameworks/IOKit.framework/Headers/hidsystem/IOLLEvent.h
/Applications/Xcode.app/Contents/Developer/Platforms/MacOSX.platform/Developer/SDKs/MacOSX26.1.sdk/System/Library/Frameworks/IOKit.framework/Headers/hid/IOHIDProperties.h
/Applications/Xcode.app/Contents/Developer/Platforms/MacOSX.platform/Developer/SDKs/MacOSX26.1.sdk/System/Library/Frameworks/IOKit.framework/Headers/hid/IOHIDEventServiceKeys.h
/Applications/Xcode.app/Contents/Developer/Platforms/MacOSX.platform/Developer/SDKs/MacOSX26.1.sdk/System/Library/Frameworks/IOKit.framework/Headers/hid/IOHIDDeviceTypes.h
/Applications/Xcode.app/Contents/Developer/Platforms/MacOSX.platform/Developer/SDKs/MacOSX26.1.sdk/System/Library/Frameworks/IOKit.framework/Headers/hid/IOHIDDeviceKeys.h
/Applications/Xcode.app/Contents/Developer/Platforms/MacOSX.platform/Developer/SDKs/MacOSX26.1.sdk/System/Library/Frameworks/IOKit.framework/Headers/hid/IOHIDQueue.h
/Applications/Xcode.app/Contents/Developer/Platforms/MacOSX.platform/Developer/SDKs/MacOSX26.1.sdk/System/Library/Frameworks/IOKit.framework/Headers/hid/IOHIDDevice.h
/Applications/Xcode.app/Contents/Developer/Platforms/MacOSX.platform/Developer/SDKs/MacOSX26.1.sdk/System/Library/Frameworks/IOKit.framework/Headers/hid/IOHIDLib.h
/Applications/Xcode.app/Contents/Developer/Platforms/MacOSX.platform/Developer/SDKs/MacOSX26.1.sdk/System/Library/Frameworks/IOKit.framework/Headers/hid/IOHIDElement.h
/Applications/Xcode.app/Contents/Developer/Platforms/MacOSX.platform/Developer/SDKs/MacOSX26.1.sdk/System/Library/Frameworks/IOKit.framework/Headers/hid/IOHIDLibObsolete.h
/Applications/Xcode.app/Contents/Developer/Platforms/MacOSX.platform/Developer/SDKs/MacOSX26.1.sdk/System/Library/Frameworks/IOKit.framework/Headers/hid/IOHIDManager.h
/Applications/Xcode.app/Contents/Developer/Platforms/MacOSX.platform/Developer/SDKs/MacOSX26.1.sdk/System/Library/Frameworks/IOKit.framework/Headers/hid/IOHIDUsageTables.h
/Applications/Xcode.app/Contents/Developer/Platforms/MacOSX.platform/Developer/SDKs/MacOSX26.1.sdk/System/Library/Frameworks/IOKit.framework/Headers/hid/IOHIDValue.h
/Applications/Xcode.app/Contents/Developer/Platforms/MacOSX.platform/Developer/SDKs/MacOSX26.1.sdk/System/Library/Frameworks/IOKit.framework/Headers/hid/IOHIDTransaction.h
/Applications/Xcode.app/Contents/Developer/Platforms/MacOSX.platform/Developer/SDKs/MacOSX26.1.sdk/System/Library/Frameworks/IOKit.framework/Headers/hid/IOHIDDevicePlugIn.h
/Applications/Xcode.app/Contents/Developer/Platforms/MacOSX.platform/Developer/SDKs/MacOSX26.1.sdk/System/Library/Frameworks/IOKit.framework/Headers/hid/IOHIDEventServiceTypes.h
/Applications/Xcode.app/Contents/Developer/Platforms/MacOSX.platform/Developer/SDKs/MacOSX26.1.sdk/System/Library/Frameworks/IOKit.framework/Headers/hidsystem/IOHIDLib.h
/Applications/Xcode.app/Contents/Developer/Platforms/MacOSX.platform/Developer/SDKs/MacOSX26.1.sdk/System/Library/Frameworks/IOKit.framework/Headers/hidsystem/IOHIDShared.h
/Applications/Xcode.app/Contents/Developer/Platforms/MacOSX.platform/Developer/SDKs/MacOSX26.1.sdk/System/Library/Frameworks/IOKit.framework/Headers/hidsystem/event_status_driver.h
/Applications/Xcode.app/Contents/Developer/Platforms/MacOSX.platform/Developer/SDKs/MacOSX26.1.sdk/System/Library/Frameworks/IOKit.framework/Headers/hidsystem/ev_keymap.h
/Applications/Xcode.app/Contents/Developer/Platforms/MacOSX.platform/Developer/SDKs/MacOSX26.1.sdk/System/Library/Frameworks/IOKit.framework/Headers/hidsystem/IOHIDEventSystemClient.h
/Applications/Xcode.app/Contents/Developer/Platforms/MacOSX.platform/Developer/SDKs/MacOSX26.1.sdk/System/Library/Frameworks/IOKit.framework/Headers/hidsystem/IOHIDServiceClient.h
/Applications/Xcode.app/Contents/Developer/Platforms/MacOSX.platform/Developer/SDKs/MacOSX26.1.sdk/System/Library/Frameworks/IOKit.framework/Headers/hidsystem/IOHIDUserDevice.h
/Applications/Xcode.app/Contents/Developer/Platforms/MacOSX.platform/Developer/SDKs/MacOSX26.1.sdk/System/Library/Frameworks/IOKit.framework/Headers/i2c/IOI2CInterface.h
/Applications/Xcode.app/Contents/Developer/Platforms/MacOSX.platform/Developer/SDKs/MacOSX26.1.sdk/System/Library/Frameworks/IOKit.framework/Headers/kext/KextManager.h
/Applications/Xcode.app/Contents/Developer/Platforms/MacOSX.platform/Developer/SDKs/MacOSX26.1.sdk/System/Library/Frameworks/IOKit.framework/Headers/network/IOEthernetController.h
/Applications/Xcode.app/Contents/Developer/Platforms/MacOSX.platform/Developer/SDKs/MacOSX26.1.sdk/System/Library/Frameworks/IOKit.framework/Headers/network/IONetworkController.h
/Applications/Xcode.app/Contents/Developer/Platforms/MacOSX.platform/Developer/SDKs/MacOSX26.1.sdk/System/Library/Frameworks/IOKit.framework/Headers/network/IONetworkData.h
/Applications/Xcode.app/Contents/Developer/Platforms/MacOSX.platform/Developer/SDKs/MacOSX26.1.sdk/System/Library/Frameworks/IOKit.framework/Headers/network/IONetworkStack.h
/Applications/Xcode.app/Contents/Developer/Platforms/MacOSX.platform/Developer/SDKs/MacOSX26.1.sdk/System/Library/Frameworks/IOKit.framework/Headers/network/IOEthernetInterface.h
/Applications/Xcode.app/Contents/Developer/Platforms/MacOSX.platform/Developer/SDKs/MacOSX26.1.sdk/System/Library/Frameworks/IOKit.framework/Headers/network/IONetworkInterface.h
/Applications/Xcode.app/Contents/Developer/Platforms/MacOSX.platform/Developer/SDKs/MacOSX26.1.sdk/System/Library/Frameworks/IOKit.framework/Headers/network/IONetworkStats.h
/Applications/Xcode.app/Contents/Developer/Platforms/MacOSX.platform/Developer/SDKs/MacOSX26.1.sdk/System/Library/Frameworks/IOKit.framework/Headers/network/IOEthernetStats.h
/Applications/Xcode.app/Contents/Developer/Platforms/MacOSX.platform/Developer/SDKs/MacOSX26.1.sdk/System/Library/Frameworks/IOKit.framework/Headers/network/IONetworkLib.h
/Applications/Xcode.app/Contents/Developer/Platforms/MacOSX.platform/Developer/SDKs/MacOSX26.1.sdk/System/Library/Frameworks/IOKit.framework/Headers/network/IONetworkMedium.h
/Applications/Xcode.app/Contents/Developer/Platforms/MacOSX.platform/Developer/SDKs/MacOSX26.1.sdk/System/Library/Frameworks/IOKit.framework/Headers/network/IONetworkUserClient.h
/Applications/Xcode.app/Contents/Developer/Platforms/MacOSX.platform/Developer/SDKs/MacOSX26.1.sdk/System/Library/Frameworks/IOKit.framework/Headers/ps/IOPSKeys.h
/Applications/Xcode.app/Contents/Developer/Platforms/MacOSX.platform/Developer/SDKs/MacOSX26.1.sdk/System/Library/Frameworks/IOKit.framework/Headers/ps/IOPowerSources.h
/Applications/Xcode.app/Contents/Developer/Platforms/MacOSX.platform/Developer/SDKs/MacOSX26.1.sdk/System/Library/Frameworks/IOKit.framework/Headers/ps/IOUPSPlugIn.h
/Applications/Xcode.app/Contents/Developer/Platforms/MacOSX.platform/Developer/SDKs/MacOSX26.1.sdk/System/Library/Frameworks/IOKit.framework/Headers/pwr_mgt/IOPM.h
/Applications/Xcode.app/Contents/Developer/Platforms/MacOSX.platform/Developer/SDKs/MacOSX26.1.sdk/System/Library/Frameworks/IOKit.framework/Headers/pwr_mgt/IOPMKeys.h
/Applications/Xcode.app/Contents/Developer/Platforms/MacOSX.platform/Developer/SDKs/MacOSX26.1.sdk/System/Library/Frameworks/IOKit.framework/Headers/pwr_mgt/IOPMLib.h
/Applications/Xcode.app/Contents/Developer/Platforms/MacOSX.platform/Developer/SDKs/MacOSX26.1.sdk/System/Library/Frameworks/IOKit.framework/Headers/pwr_mgt/IOPMLibDefs.h
/Applications/Xcode.app/Contents/Developer/Platforms/MacOSX.platform/Developer/SDKs/MacOSX26.1.sdk/System/Library/Frameworks/IOKit.framework/Headers/sbp2/IOFireWireSBP2Lib.h
/Applications/Xcode.app/Contents/Developer/Platforms/MacOSX.platform/Developer/SDKs/MacOSX26.1.sdk/System/Library/Frameworks/IOKit.framework/Headers/scsi/IOSCSIMultimediaCommandsDevice.h
/Applications/Xcode.app/Contents/Developer/Platforms/MacOSX.platform/Developer/SDKs/MacOSX26.1.sdk/System/Library/Frameworks/IOKit.framework/Headers/storage/IOStorageDeviceCharacteristics.h
/Applications/Xcode.app/Contents/Developer/Platforms/MacOSX.platform/Developer/SDKs/MacOSX26.1.sdk/System/Library/Frameworks/IOKit.framework/Headers/storage/IOStorageProtocolCharacteristics.h
/Applications/Xcode.app/Contents/Developer/Platforms/MacOSX.platform/Developer/SDKs/MacOSX26.1.sdk/System/Library/Frameworks/IOKit.framework/Headers/storage/IOStorageControllerCharacteristics.h
/Applications/Xcode.app/Contents/Developer/Platforms/MacOSX.platform/Developer/SDKs/MacOSX26.1.sdk/System/Library/Frameworks/IOKit.framework/Headers/scsi/SCSICmds_REQUEST_SENSE_Defs.h
/Applications/Xcode.app/Contents/Developer/Platforms/MacOSX.platform/Developer/SDKs/MacOSX26.1.sdk/System/Library/Frameworks/IOKit.framework/Headers/scsi/SCSICmds_INQUIRY_Definitions.h
/Applications/Xcode.app/Contents/Developer/Platforms/MacOSX.platform/Developer/SDKs/MacOSX26.1.sdk/System/Library/Frameworks/IOKit.framework/Headers/scsi/SCSICommandDefinitions.h
/Applications/Xcode.app/Contents/Developer/Platforms/MacOSX.platform/Developer/SDKs/MacOSX26.1.sdk/System/Library/Frameworks/IOKit.framework/Headers/scsi/SCSICmds_MODE_Definitions.h
/Applications/Xcode.app/Contents/Developer/Platforms/MacOSX.platform/Developer/SDKs/MacOSX26.1.sdk/System/Library/Frameworks/IOKit.framework/Headers/scsi/SCSICommandOperationCodes.h
/Applications/Xcode.app/Contents/Developer/Platforms/MacOSX.platform/Developer/SDKs/MacOSX26.1.sdk/System/Library/Frameworks/IOKit.framework/Headers/scsi/SCSICmds_READ_CAPACITY_Definitions.h
/Applications/Xcode.app/Contents/Developer/Platforms/MacOSX.platform/Developer/SDKs/MacOSX26.1.sdk/System/Library/Frameworks/IOKit.framework/Headers/scsi/SCSITask.h
/Applications/Xcode.app/Contents/Developer/Platforms/MacOSX.platform/Developer/SDKs/MacOSX26.1.sdk/System/Library/Frameworks/IOKit.framework/Headers/scsi/SCSICmds_REPORT_LUNS_Definitions.h
/Applications/Xcode.app/Contents/Developer/Platforms/MacOSX.platform/Developer/SDKs/MacOSX26.1.sdk/System/Library/Frameworks/IOKit.framework/Headers/scsi/SCSITaskLib.h
/Applications/Xcode.app/Contents/Developer/Platforms/MacOSX.platform/Developer/SDKs/MacOSX26.1.sdk/System/Library/Frameworks/IOKit.framework/Headers/serial/IOSerialKeys.h
/Applications/Xcode.app/Contents/Developer/Platforms/MacOSX.platform/Developer/SDKs/MacOSX26.1.sdk/System/Library/Frameworks/IOKit.framework/Headers/serial/ioss.h
/Applications/Xcode.app/Contents/Developer/Platforms/MacOSX.platform/Developer/SDKs/MacOSX26.1.sdk/System/Library/Frameworks/IOKit.framework/Headers/storage/IOAppleLabelScheme.h
/Applications/Xcode.app/Contents/Developer/Platforms/MacOSX.platform/Developer/SDKs/MacOSX26.1.sdk/System/Library/Frameworks/IOKit.framework/Headers/storage/IODVDMediaBSDClient.h
/Applications/Xcode.app/Contents/Developer/Platforms/MacOSX.platform/Developer/SDKs/MacOSX26.1.sdk/System/Library/Frameworks/IOKit.framework/Headers/storage/IODVDTypes.h
/Applications/Xcode.app/Contents/Developer/Platforms/MacOSX.platform/Developer/SDKs/MacOSX26.1.sdk/System/Library/Frameworks/IOKit.framework/Headers/storage/IOApplePartitionScheme.h
/Applications/Xcode.app/Contents/Developer/Platforms/MacOSX.platform/Developer/SDKs/MacOSX26.1.sdk/System/Library/Frameworks/IOKit.framework/Headers/storage/IOBDBlockStorageDevice.h
/Applications/Xcode.app/Contents/Developer/Platforms/MacOSX.platform/Developer/SDKs/MacOSX26.1.sdk/System/Library/Frameworks/IOKit.framework/Headers/storage/IOBDTypes.h
/Applications/Xcode.app/Contents/Developer/Platforms/MacOSX.platform/Developer/SDKs/MacOSX26.1.sdk/System/Library/Frameworks/IOKit.framework/Headers/storage/IOFDiskPartitionScheme.h
/Applications/Xcode.app/Contents/Developer/Platforms/MacOSX.platform/Developer/SDKs/MacOSX26.1.sdk/System/Library/Frameworks/IOKit.framework/Headers/storage/IOBDMedia.h
/Applications/Xcode.app/Contents/Developer/Platforms/MacOSX.platform/Developer/SDKs/MacOSX26.1.sdk/System/Library/Frameworks/IOKit.framework/Headers/storage/IOFilterScheme.h
/Applications/Xcode.app/Contents/Developer/Platforms/MacOSX.platform/Developer/SDKs/MacOSX26.1.sdk/System/Library/Frameworks/IOKit.framework/Headers/storage/IOBDMediaBSDClient.h
/Applications/Xcode.app/Contents/Developer/Platforms/MacOSX.platform/Developer/SDKs/MacOSX26.1.sdk/System/Library/Frameworks/IOKit.framework/Headers/storage/IOFireWireStorageCharacteristics.h
/Applications/Xcode.app/Contents/Developer/Platforms/MacOSX.platform/Developer/SDKs/MacOSX26.1.sdk/System/Library/Frameworks/IOKit.framework/Headers/storage/IOGUIDPartitionScheme.h
/Applications/Xcode.app/Contents/Developer/Platforms/MacOSX.platform/Developer/SDKs/MacOSX26.1.sdk/System/Library/Frameworks/IOKit.framework/Headers/storage/IOBlockStorageDevice.h
/Applications/Xcode.app/Contents/Developer/Platforms/MacOSX.platform/Developer/SDKs/MacOSX26.1.sdk/System/Library/Frameworks/IOKit.framework/Headers/storage/IOMedia.h
/Applications/Xcode.app/Contents/Developer/Platforms/MacOSX.platform/Developer/SDKs/MacOSX26.1.sdk/System/Library/Frameworks/IOKit.framework/Headers/storage/IOBlockStorageDriver.h
/Applications/Xcode.app/Contents/Developer/Platforms/MacOSX.platform/Developer/SDKs/MacOSX26.1.sdk/System/Library/Frameworks/IOKit.framework/Headers/storage/IOMediaBSDClient.h
/Applications/Xcode.app/Contents/Developer/Platforms/MacOSX.platform/Developer/SDKs/MacOSX26.1.sdk/System/Library/Frameworks/IOKit.framework/Headers/storage/IOCDBlockStorageDevice.h
/Applications/Xcode.app/Contents/Developer/Platforms/MacOSX.platform/Developer/SDKs/MacOSX26.1.sdk/System/Library/Frameworks/IOKit.framework/Headers/storage/IOCDTypes.h
/Applications/Xcode.app/Contents/Developer/Platforms/MacOSX.platform/Developer/SDKs/MacOSX26.1.sdk/System/Library/Frameworks/IOKit.framework/Headers/storage/IOPartitionScheme.h
/Applications/Xcode.app/Contents/Developer/Platforms/MacOSX.platform/Developer/SDKs/MacOSX26.1.sdk/System/Library/Frameworks/IOKit.framework/Headers/storage/IOCDMedia.h
/Applications/Xcode.app/Contents/Developer/Platforms/MacOSX.platform/Developer/SDKs/MacOSX26.1.sdk/System/Library/Frameworks/IOKit.framework/Headers/storage/IOStorage.h
/Applications/Xcode.app/Contents/Developer/Platforms/MacOSX.platform/Developer/SDKs/MacOSX26.1.sdk/System/Library/Frameworks/IOKit.framework/Headers/storage/IOCDMediaBSDClient.h
/Applications/Xcode.app/Contents/Developer/Platforms/MacOSX.platform/Developer/SDKs/MacOSX26.1.sdk/System/Library/Frameworks/IOKit.framework/Headers/storage/IOStorageCardCharacteristics.h
/Applications/Xcode.app/Contents/Developer/Platforms/MacOSX.platform/Developer/SDKs/MacOSX26.1.sdk/System/Library/Frameworks/IOKit.framework/Headers/storage/IOCDPartitionScheme.h
/Applications/Xcode.app/Contents/Developer/Platforms/MacOSX.platform/Developer/SDKs/MacOSX26.1.sdk/System/Library/Frameworks/IOKit.framework/Headers/storage/IODVDBlockStorageDevice.h
/Applications/Xcode.app/Contents/Developer/Platforms/MacOSX.platform/Developer/SDKs/MacOSX26.1.sdk/System/Library/Frameworks/IOKit.framework/Headers/storage/IODVDMedia.h
/Applications/Xcode.app/Contents/Developer/Platforms/MacOSX.platform/Developer/SDKs/MacOSX26.1.sdk/System/Library/Frameworks/IOKit.framework/Headers/storage/ata/ATASMARTLib.h
/Applications/Xcode.app/Contents/Developer/Platforms/MacOSX.platform/Developer/SDKs/MacOSX26.1.sdk/System/Library/Frameworks/IOKit.framework/Headers/storage/ata/IOATAStorageDefines.h
/Applications/Xcode.app/Contents/Developer/Platforms/MacOSX.platform/Developer/SDKs/MacOSX26.1.sdk/System/Library/Frameworks/IOKit.framework/Headers/stream/IOStreamLib.h
/Applications/Xcode.app/Contents/Developer/Platforms/MacOSX.platform/Developer/SDKs/MacOSX26.1.sdk/System/Library/Frameworks/IOKit.framework/Headers/stream/IOStreamShared.h
/Applications/Xcode.app/Contents/Developer/Platforms/MacOSX.platform/Developer/SDKs/MacOSX26.1.sdk/System/Library/Frameworks/IOKit.framework/Headers/usb/AppleUSBDefinitions.h
/Applications/Xcode.app/Contents/Developer/Platforms/MacOSX.platform/Developer/SDKs/MacOSX26.1.sdk/System/Library/Frameworks/IOKit.framework/Headers/usb/IOUSBHostFamilyDefinitions.h
/Applications/Xcode.app/Contents/Developer/Platforms/MacOSX.platform/Developer/SDKs/MacOSX26.1.sdk/System/Library/Frameworks/IOKit.framework/Headers/usb/IOUSBLib.h
/Applications/Xcode.app/Contents/Developer/Platforms/MacOSX.platform/Developer/SDKs/MacOSX26.1.sdk/System/Library/Frameworks/IOKit.framework/Headers/usb/USB.h
/Applications/Xcode.app/Contents/Developer/Platforms/MacOSX.platform/Developer/SDKs/MacOSX26.1.sdk/System/Library/Frameworks/IOKit.framework/Headers/usb/USBSpec.h
/Applications/Xcode.app/Contents/Developer/Platforms/MacOSX.platform/Developer/SDKs/MacOSX26.1.sdk/SDKSettings.json
/Users/rogerlin/Library/Developer/Xcode/DerivedData/FinancialCalculatorKit-ackorybalcxbfocbkqsfdzcfkgmn/Build/Products/Debug/IssueReporting.swiftmodule/arm64-apple-macos.swiftmodule
/Applications/Xcode.app/Contents/Developer/Platforms/MacOSX.platform/Developer/SDKs/MacOSX26.1.sdk/usr/include/DarwinBasic.modulemap
/Applications/Xcode.app/Contents/Developer/Platforms/MacOSX.platform/Developer/SDKs/MacOSX26.1.sdk/usr/include/Darwin.modulemap
/Applications/Xcode.app/Contents/Developer/Platforms/MacOSX.platform/Developer/SDKs/MacOSX26.1.sdk/usr/include/Darwin_C.modulemap
/Applications/Xcode.app/Contents/Developer/Platforms/MacOSX.platform/Developer/SDKs/MacOSX26.1.sdk/usr/include/Darwin_POSIX.modulemap
/Applications/Xcode.app/Contents/Developer/Platforms/MacOSX.platform/Developer/SDKs/MacOSX26.1.sdk/usr/include/net.modulemap
/Applications/Xcode.app/Contents/Developer/Platforms/MacOSX.platform/Developer/SDKs/MacOSX26.1.sdk/usr/include/netinet.modulemap
/Applications/Xcode.app/Contents/Developer/Platforms/MacOSX.platform/Developer/SDKs/MacOSX26.1.sdk/usr/include/bank.modulemap
/Applications/Xcode.app/Contents/Developer/Platforms/MacOSX.platform/Developer/SDKs/MacOSX26.1.sdk/usr/include/Darwin_Mach.modulemap
/Applications/Xcode.app/Contents/Developer/Platforms/MacOSX.platform/Developer/SDKs/MacOSX26.1.sdk/usr/include/Darwin_Mach_machine.modulemap
/Applications/Xcode.app/Contents/Developer/Platforms/MacOSX.platform/Developer/SDKs/MacOSX26.1.sdk/usr/include/mach_debug.modulemap
/Applications/Xcode.app/Contents/Developer/Platforms/MacOSX.platform/Developer/SDKs/MacOSX26.1.sdk/usr/include/device.modulemap
/Applications/Xcode.app/Contents/Developer/Platforms/MacOSX.platform/Developer/SDKs/MacOSX26.1.sdk/usr/include/Darwin_machine.modulemap
/Applications/Xcode.app/Contents/Developer/Platforms/MacOSX.platform/Developer/SDKs/MacOSX26.1.sdk/usr/include/ncurses.modulemap
/Applications/Xcode.app/Contents/Developer/Platforms/MacOSX.platform/Developer/SDKs/MacOSX26.1.sdk/usr/include/netinet6.modulemap
/Applications/Xcode.app/Contents/Developer/Platforms/MacOSX.platform/Developer/SDKs/MacOSX26.1.sdk/usr/include/Darwin_sys.modulemap
/Applications/Xcode.app/Contents/Developer/Platforms/MacOSX.platform/Developer/SDKs/MacOSX26.1.sdk/usr/include/uuid.modulemap
/Applications/Xcode.app/Contents/Developer/Platforms/MacOSX.platform/Developer/SDKs/MacOSX26.1.sdk/usr/include/DarwinFoundation2.modulemap
/Applications/Xcode.app/Contents/Developer/Platforms/MacOSX.platform/Developer/SDKs/MacOSX26.1.sdk/usr/include/DarwinFoundation3.modulemap
/Applications/Xcode.app/Contents/Developer/Platforms/MacOSX.platform/Developer/SDKs/MacOSX26.1.sdk/usr/include/DarwinFoundation1.modulemap
/Applications/Xcode.app/Contents/Developer/Platforms/MacOSX.platform/Developer/SDKs/MacOSX26.1.sdk/usr/include/mach-o/arch.h
/Applications/Xcode.app/Contents/Developer/Toolchains/XcodeDefault.xctoolchain/usr/lib/swift/clang/include/module.modulemap
/Applications/Xcode.app/Contents/Developer/Platforms/MacOSX.platform/Developer/SDKs/MacOSX26.1.sdk/usr/include/mach-o/arm/reloc.h
/Applications/Xcode.app/Contents/Developer/Platforms/MacOSX.platform/Developer/SDKs/MacOSX26.1.sdk/usr/include/mach-o/arm64/reloc.h
/Applications/Xcode.app/Contents/Developer/Platforms/MacOSX.platform/Developer/SDKs/MacOSX26.1.sdk/usr/include/mach-o/compact_unwind_encoding.h
/Applications/Xcode.app/Contents/Developer/Platforms/MacOSX.platform/Developer/SDKs/MacOSX26.1.sdk/usr/include/mach-o/dyld.h
/Applications/Xcode.app/Contents/Developer/Toolchains/XcodeDefault.xctoolchain/usr/lib/swift/clang/include/stddef.h
/Applications/Xcode.app/Contents/Developer/Platforms/MacOSX.platform/Developer/SDKs/MacOSX26.1.sdk/usr/include/mach-o/loader.h
/Applications/Xcode.app/Contents/Developer/Platforms/MacOSX.platform/Developer/SDKs/MacOSX26.1.sdk/usr/include/mach-o/dyld_images.h
/Applications/Xcode.app/Contents/Developer/Platforms/MacOSX.platform/Developer/SDKs/MacOSX26.1.sdk/usr/include/mach-o/fat.h
/Applications/Xcode.app/Contents/Developer/Platforms/MacOSX.platform/Developer/SDKs/MacOSX26.1.sdk/usr/include/mach-o/fixup-chains.h
/Applications/Xcode.app/Contents/Developer/Platforms/MacOSX.platform/Developer/SDKs/MacOSX26.1.sdk/usr/include/mach-o/getsect.h
/Applications/Xcode.app/Contents/Developer/Platforms/MacOSX.platform/Developer/SDKs/MacOSX26.1.sdk/usr/include/mach-o/ldsyms.h
/Applications/Xcode.app/Contents/Developer/Platforms/MacOSX.platform/Developer/SDKs/MacOSX26.1.sdk/usr/include/mach-o/nlist.h
/Applications/Xcode.app/Contents/Developer/Platforms/MacOSX.platform/Developer/SDKs/MacOSX26.1.sdk/usr/include/mach-o/ranlib.h
/Applications/Xcode.app/Contents/Developer/Platforms/MacOSX.platform/Developer/SDKs/MacOSX26.1.sdk/usr/include/mach-o/reloc.h
/Applications/Xcode.app/Contents/Developer/Platforms/MacOSX.platform/Developer/SDKs/MacOSX26.1.sdk/usr/include/mach-o/stab.h
/Applications/Xcode.app/Contents/Developer/Platforms/MacOSX.platform/Developer/SDKs/MacOSX26.1.sdk/usr/include/mach-o/swap.h
/Applications/Xcode.app/Contents/Developer/Platforms/MacOSX.platform/Developer/SDKs/MacOSX26.1.sdk/usr/include/mach-o/utils.h
/Applications/Xcode.app/Contents/Developer/Platforms/MacOSX.platform/Developer/SDKs/MacOSX26.1.sdk/usr/include/mach-o/x86_64/reloc.h
/Applications/Xcode.app/Contents/Developer/Platforms/MacOSX.platform/Developer/SDKs/MacOSX26.1.sdk/SDKSettings.json
/Applications/Xcode.app/Contents/Developer/Toolchains/XcodeDefault.xctoolchain/usr/lib/swift/macosx/prebuilt-modules/26.1/ObjectiveC.swiftmodule/arm64e-apple-macos.swiftmodule
/Applications/Xcode.app/Contents/Developer/Platforms/MacOSX.platform/Developer/SDKs/MacOSX26.1.sdk/usr/include/ObjectiveC.apinotes
/Applications/Xcode.app/Contents/Developer/Platforms/MacOSX.platform/Developer/SDKs/MacOSX26.1.sdk/usr/include/DarwinBasic.modulemap
/Applications/Xcode.app/Contents/Developer/Platforms/MacOSX.platform/Developer/SDKs/MacOSX26.1.sdk/usr/include/ObjectiveC.modulemap
/Applications/Xcode.app/Contents/Developer/Platforms/MacOSX.platform/Developer/SDKs/MacOSX26.1.sdk/usr/include/Darwin.modulemap
/Applications/Xcode.app/Contents/Developer/Platforms/MacOSX.platform/Developer/SDKs/MacOSX26.1.sdk/usr/include/Darwin_C.modulemap
/Applications/Xcode.app/Contents/Developer/Platforms/MacOSX.platform/Developer/SDKs/MacOSX26.1.sdk/usr/include/Darwin_POSIX.modulemap
/Applications/Xcode.app/Contents/Developer/Platforms/MacOSX.platform/Developer/SDKs/MacOSX26.1.sdk/usr/include/net.modulemap
/Applications/Xcode.app/Contents/Developer/Platforms/MacOSX.platform/Developer/SDKs/MacOSX26.1.sdk/usr/include/netinet.modulemap
/Applications/Xcode.app/Contents/Developer/Platforms/MacOSX.platform/Developer/SDKs/MacOSX26.1.sdk/usr/include/bank.modulemap
/Applications/Xcode.app/Contents/Developer/Platforms/MacOSX.platform/Developer/SDKs/MacOSX26.1.sdk/usr/include/Darwin_Mach.modulemap
/Applications/Xcode.app/Contents/Developer/Platforms/MacOSX.platform/Developer/SDKs/MacOSX26.1.sdk/usr/include/Darwin_Mach_machine.modulemap
/Applications/Xcode.app/Contents/Developer/Platforms/MacOSX.platform/Developer/SDKs/MacOSX26.1.sdk/usr/include/mach_debug.modulemap
/Applications/Xcode.app/Contents/Developer/Platforms/MacOSX.platform/Developer/SDKs/MacOSX26.1.sdk/usr/include/device.modulemap
/Applications/Xcode.app/Contents/Developer/Platforms/MacOSX.platform/Developer/SDKs/MacOSX26.1.sdk/usr/include/Darwin_machine.modulemap
/Applications/Xcode.app/Contents/Developer/Platforms/MacOSX.platform/Developer/SDKs/MacOSX26.1.sdk/usr/include/ncurses.modulemap
/Applications/Xcode.app/Contents/Developer/Platforms/MacOSX.platform/Developer/SDKs/MacOSX26.1.sdk/usr/include/netinet6.modulemap
/Applications/Xcode.app/Contents/Developer/Platforms/MacOSX.platform/Developer/SDKs/MacOSX26.1.sdk/usr/include/Darwin_sys.modulemap
/Applications/Xcode.app/Contents/Developer/Platforms/MacOSX.platform/Developer/SDKs/MacOSX26.1.sdk/usr/include/uuid.modulemap
/Applications/Xcode.app/Contents/Developer/Platforms/MacOSX.platform/Developer/SDKs/MacOSX26.1.sdk/usr/include/DarwinFoundation2.modulemap
/Applications/Xcode.app/Contents/Developer/Platforms/MacOSX.platform/Developer/SDKs/MacOSX26.1.sdk/usr/include/DarwinFoundation3.modulemap
/Applications/Xcode.app/Contents/Developer/Platforms/MacOSX.platform/Developer/SDKs/MacOSX26.1.sdk/usr/include/DarwinFoundation1.modulemap
/Applications/Xcode.app/Contents/Developer/Platforms/MacOSX.platform/Developer/SDKs/MacOSX26.1.sdk/usr/include/objc/List.h
/Applications/Xcode.app/Contents/Developer/Platforms/MacOSX.platform/Developer/SDKs/MacOSX26.1.sdk/usr/include/objc/NSObjCRuntime.h
/Applications/Xcode.app/Contents/Developer/Toolchains/XcodeDefault.xctoolchain/usr/lib/swift/clang/include/module.modulemap
/Applications/Xcode.app/Contents/Developer/Platforms/MacOSX.platform/Developer/SDKs/MacOSX26.1.sdk/usr/include/objc/objc.h
/Applications/Xcode.app/Contents/Developer/Platforms/MacOSX.platform/Developer/SDKs/MacOSX26.1.sdk/usr/include/stdlib.h
/Applications/Xcode.app/Contents/Developer/Platforms/MacOSX.platform/Developer/SDKs/MacOSX26.1.sdk/usr/include/objc/objc-api.h
/Applications/Xcode.app/Contents/Developer/Toolchains/XcodeDefault.xctoolchain/usr/lib/swift/clang/include/stddef.h
/Applications/Xcode.app/Contents/Developer/Platforms/MacOSX.platform/Developer/SDKs/MacOSX26.1.sdk/usr/include/objc/NSObject.h
/Applications/Xcode.app/Contents/Developer/Platforms/MacOSX.platform/Developer/SDKs/MacOSX26.1.sdk/usr/include/objc/Object.h
/Applications/Xcode.app/Contents/Developer/Toolchains/XcodeDefault.xctoolchain/usr/lib/swift/clang/include/stdarg.h
/Applications/Xcode.app/Contents/Developer/Platforms/MacOSX.platform/Developer/SDKs/MacOSX26.1.sdk/usr/include/objc/objc-runtime.h
/Applications/Xcode.app/Contents/Developer/Platforms/MacOSX.platform/Developer/SDKs/MacOSX26.1.sdk/usr/include/objc/runtime.h
/Applications/Xcode.app/Contents/Developer/Platforms/MacOSX.platform/Developer/SDKs/MacOSX26.1.sdk/usr/include/objc/message.h
/Applications/Xcode.app/Contents/Developer/Platforms/MacOSX.platform/Developer/SDKs/MacOSX26.1.sdk/usr/include/objc/Protocol.h
/Applications/Xcode.app/Contents/Developer/Platforms/MacOSX.platform/Developer/SDKs/MacOSX26.1.sdk/usr/include/objc/hashtable.h
/Applications/Xcode.app/Contents/Developer/Platforms/MacOSX.platform/Developer/SDKs/MacOSX26.1.sdk/usr/include/objc/hashtable2.h
/Applications/Xcode.app/Contents/Developer/Platforms/MacOSX.platform/Developer/SDKs/MacOSX26.1.sdk/usr/include/objc/objc-auto.h
/Applications/Xcode.app/Contents/Developer/Platforms/MacOSX.platform/Developer/SDKs/MacOSX26.1.sdk/usr/include/string.h
/Applications/Xcode.app/Contents/Developer/Platforms/MacOSX.platform/Developer/SDKs/MacOSX26.1.sdk/usr/include/objc/objc-class.h
/Applications/Xcode.app/Contents/Developer/Platforms/MacOSX.platform/Developer/SDKs/MacOSX26.1.sdk/usr/include/objc/objc-exception.h
/Applications/Xcode.app/Contents/Developer/Platforms/MacOSX.platform/Developer/SDKs/MacOSX26.1.sdk/usr/include/objc/objc-load.h
/Applications/Xcode.app/Contents/Developer/Platforms/MacOSX.platform/Developer/SDKs/MacOSX26.1.sdk/usr/include/objc/objc-sync.h
/Applications/Xcode.app/Contents/Developer/Platforms/MacOSX.platform/Developer/SDKs/MacOSX26.1.sdk/SDKSettings.json
/Applications/Xcode.app/Contents/Developer/Toolchains/XcodeDefault.xctoolchain/usr/lib/swift/macosx/prebuilt-modules/26.1/Observation.swiftmodule/arm64e-apple-macos.swiftmodule
/Applications/Xcode.app/Contents/Developer/Platforms/MacOSX.platform/Developer/SDKs/MacOSX26.1.sdk/System/Library/Frameworks/Security.framework/Headers/Security.apinotes
/Applications/Xcode.app/Contents/Developer/Platforms/MacOSX.platform/Developer/SDKs/MacOSX26.1.sdk/System/Library/Frameworks/Security.framework/Modules/module.modulemap
/Applications/Xcode.app/Contents/Developer/Platforms/MacOSX.platform/Developer/SDKs/MacOSX26.1.sdk/System/Library/Frameworks/Security.framework/Headers/Security.h
/Applications/Xcode.app/Contents/Developer/Platforms/MacOSX.platform/Developer/SDKs/MacOSX26.1.sdk/System/Library/Frameworks/Security.framework/Headers/SecBase.h
/Applications/Xcode.app/Contents/Developer/Platforms/MacOSX.platform/Developer/SDKs/MacOSX26.1.sdk/usr/include/xpc.modulemap
/Applications/Xcode.app/Contents/Developer/Platforms/MacOSX.platform/Developer/SDKs/MacOSX26.1.sdk/usr/include/dispatch.modulemap
/Applications/Xcode.app/Contents/Developer/Platforms/MacOSX.platform/Developer/SDKs/MacOSX26.1.sdk/usr/include/os.modulemap
/Applications/Xcode.app/Contents/Developer/Platforms/MacOSX.platform/Developer/SDKs/MacOSX26.1.sdk/usr/include/Darwin.modulemap
/Applications/Xcode.app/Contents/Developer/Platforms/MacOSX.platform/Developer/SDKs/MacOSX26.1.sdk/usr/include/Darwin_C.modulemap
/Applications/Xcode.app/Contents/Developer/Platforms/MacOSX.platform/Developer/SDKs/MacOSX26.1.sdk/usr/include/Darwin_POSIX.modulemap
/Applications/Xcode.app/Contents/Developer/Platforms/MacOSX.platform/Developer/SDKs/MacOSX26.1.sdk/usr/include/net.modulemap
/Applications/Xcode.app/Contents/Developer/Platforms/MacOSX.platform/Developer/SDKs/MacOSX26.1.sdk/usr/include/netinet.modulemap
/Applications/Xcode.app/Contents/Developer/Platforms/MacOSX.platform/Developer/SDKs/MacOSX26.1.sdk/usr/include/bank.modulemap
/Applications/Xcode.app/Contents/Developer/Platforms/MacOSX.platform/Developer/SDKs/MacOSX26.1.sdk/usr/include/Darwin_Mach.modulemap
/Applications/Xcode.app/Contents/Developer/Platforms/MacOSX.platform/Developer/SDKs/MacOSX26.1.sdk/usr/include/Darwin_Mach_machine.modulemap
/Applications/Xcode.app/Contents/Developer/Platforms/MacOSX.platform/Developer/SDKs/MacOSX26.1.sdk/usr/include/mach_debug.modulemap
/Applications/Xcode.app/Contents/Developer/Platforms/MacOSX.platform/Developer/SDKs/MacOSX26.1.sdk/usr/include/device.modulemap
/Applications/Xcode.app/Contents/Developer/Platforms/MacOSX.platform/Developer/SDKs/MacOSX26.1.sdk/usr/include/Darwin_machine.modulemap
/Applications/Xcode.app/Contents/Developer/Platforms/MacOSX.platform/Developer/SDKs/MacOSX26.1.sdk/usr/include/ncurses.modulemap
/Applications/Xcode.app/Contents/Developer/Platforms/MacOSX.platform/Developer/SDKs/MacOSX26.1.sdk/usr/include/netinet6.modulemap
/Applications/Xcode.app/Contents/Developer/Platforms/MacOSX.platform/Developer/SDKs/MacOSX26.1.sdk/usr/include/Darwin_sys.modulemap
/Applications/Xcode.app/Contents/Developer/Platforms/MacOSX.platform/Developer/SDKs/MacOSX26.1.sdk/usr/include/uuid.modulemap
/Applications/Xcode.app/Contents/Developer/Platforms/MacOSX.platform/Developer/SDKs/MacOSX26.1.sdk/usr/include/DarwinFoundation2.modulemap
/Applications/Xcode.app/Contents/Developer/Platforms/MacOSX.platform/Developer/SDKs/MacOSX26.1.sdk/usr/include/DarwinFoundation3.modulemap
/Applications/Xcode.app/Contents/Developer/Platforms/MacOSX.platform/Developer/SDKs/MacOSX26.1.sdk/usr/include/DarwinFoundation1.modulemap
/Applications/Xcode.app/Contents/Developer/Platforms/MacOSX.platform/Developer/SDKs/MacOSX26.1.sdk/System/Library/Frameworks/CoreFoundation.framework/Modules/module.modulemap
/Applications/Xcode.app/Contents/Developer/Platforms/MacOSX.platform/Developer/SDKs/MacOSX26.1.sdk/System/Library/Frameworks/Security.framework/Headers/SecCertificate.h
/Applications/Xcode.app/Contents/Developer/Platforms/MacOSX.platform/Developer/SDKs/MacOSX26.1.sdk/System/Library/Frameworks/Security.framework/Headers/cssmtype.h
/Applications/Xcode.app/Contents/Developer/Platforms/MacOSX.platform/Developer/SDKs/MacOSX26.1.sdk/System/Library/Frameworks/Security.framework/Headers/cssmconfig.h
/Applications/Xcode.app/Contents/Developer/Toolchains/XcodeDefault.xctoolchain/usr/lib/swift/clang/include/module.modulemap
/Applications/Xcode.app/Contents/Developer/Platforms/MacOSX.platform/Developer/SDKs/MacOSX26.1.sdk/System/Library/Frameworks/Security.framework/Headers/SecAsn1Types.h
/Applications/Xcode.app/Contents/Developer/Platforms/MacOSX.platform/Developer/SDKs/MacOSX26.1.sdk/System/Library/Frameworks/Security.framework/Headers/x509defs.h
/Applications/Xcode.app/Contents/Developer/Platforms/MacOSX.platform/Developer/SDKs/MacOSX26.1.sdk/System/Library/Frameworks/Security.framework/Headers/SecIdentity.h
/Applications/Xcode.app/Contents/Developer/Platforms/MacOSX.platform/Developer/SDKs/MacOSX26.1.sdk/System/Library/Frameworks/Security.framework/Headers/SecAccessControl.h
/Applications/Xcode.app/Contents/Developer/Platforms/MacOSX.platform/Developer/SDKs/MacOSX26.1.sdk/System/Library/Frameworks/Security.framework/Headers/SecItem.h
/Applications/Xcode.app/Contents/Developer/Platforms/MacOSX.platform/Developer/SDKs/MacOSX26.1.sdk/System/Library/Frameworks/Security.framework/Headers/SecKey.h
/Applications/Xcode.app/Contents/Developer/Platforms/MacOSX.platform/Developer/SDKs/MacOSX26.1.sdk/System/Library/Frameworks/Security.framework/Headers/SecAccess.h
/Applications/Xcode.app/Contents/Developer/Platforms/MacOSX.platform/Developer/SDKs/MacOSX26.1.sdk/System/Library/Frameworks/Security.framework/Headers/SecPolicy.h
/Applications/Xcode.app/Contents/Developer/Platforms/MacOSX.platform/Developer/SDKs/MacOSX26.1.sdk/System/Library/Frameworks/Security.framework/Headers/SecRandom.h
/Applications/Xcode.app/Contents/Developer/Platforms/MacOSX.platform/Developer/SDKs/MacOSX26.1.sdk/System/Library/Frameworks/Security.framework/Headers/SecImportExport.h
/Applications/Xcode.app/Contents/Developer/Platforms/MacOSX.platform/Developer/SDKs/MacOSX26.1.sdk/System/Library/Frameworks/Security.framework/Headers/SecKeychain.h
/Applications/Xcode.app/Contents/Developer/Platforms/MacOSX.platform/Developer/SDKs/MacOSX26.1.sdk/System/Library/Frameworks/Security.framework/Headers/cssmapple.h
/Applications/Xcode.app/Contents/Developer/Platforms/MacOSX.platform/Developer/SDKs/MacOSX26.1.sdk/System/Library/Frameworks/Security.framework/Headers/cssmerr.h
/Applications/Xcode.app/Contents/Developer/Platforms/MacOSX.platform/Developer/SDKs/MacOSX26.1.sdk/System/Library/Frameworks/Security.framework/Headers/certextensions.h
/Applications/Xcode.app/Contents/Developer/Platforms/MacOSX.platform/Developer/SDKs/MacOSX26.1.sdk/System/Library/Frameworks/Security.framework/Headers/SecTrust.h
/Applications/Xcode.app/Contents/Developer/Platforms/MacOSX.platform/Developer/SDKs/MacOSX26.1.sdk/System/Library/Frameworks/Security.framework/Headers/SecSharedCredential.h
/Applications/Xcode.app/Contents/Developer/Platforms/MacOSX.platform/Developer/SDKs/MacOSX26.1.sdk/System/Library/Frameworks/Security.framework/Headers/SecProtocolOptions.h
/Applications/Xcode.app/Contents/Developer/Platforms/MacOSX.platform/Developer/SDKs/MacOSX26.1.sdk/System/Library/Frameworks/Security.framework/Headers/SecProtocolObject.h
/Applications/Xcode.app/Contents/Developer/Platforms/MacOSX.platform/Developer/SDKs/MacOSX26.1.sdk/System/Library/Frameworks/Security.framework/Headers/SecProtocolTypes.h
/Applications/Xcode.app/Contents/Developer/Platforms/MacOSX.platform/Developer/SDKs/MacOSX26.1.sdk/System/Library/Frameworks/Security.framework/Headers/CipherSuite.h
/Applications/Xcode.app/Contents/Developer/Platforms/MacOSX.platform/Developer/SDKs/MacOSX26.1.sdk/System/Library/Frameworks/Security.framework/Headers/SecProtocolMetadata.h
/Applications/Xcode.app/Contents/Developer/Platforms/MacOSX.platform/Developer/SDKs/MacOSX26.1.sdk/System/Library/Frameworks/Security.framework/Headers/AuthSession.h
/Applications/Xcode.app/Contents/Developer/Platforms/MacOSX.platform/Developer/SDKs/MacOSX26.1.sdk/System/Library/Frameworks/Security.framework/Headers/Authorization.h
/Applications/Xcode.app/Contents/Developer/Platforms/MacOSX.platform/Developer/SDKs/MacOSX26.1.sdk/usr/include/stdio.h
/Applications/Xcode.app/Contents/Developer/Platforms/MacOSX.platform/Developer/SDKs/MacOSX26.1.sdk/System/Library/Frameworks/Security.framework/Headers/cssm.h
/Applications/Xcode.app/Contents/Developer/Platforms/MacOSX.platform/Developer/SDKs/MacOSX26.1.sdk/System/Library/Frameworks/Security.framework/Headers/emmtype.h
/Applications/Xcode.app/Contents/Developer/Platforms/MacOSX.platform/Developer/SDKs/MacOSX26.1.sdk/System/Library/Frameworks/Security.framework/Headers/cssmapi.h
/Applications/Xcode.app/Contents/Developer/Platforms/MacOSX.platform/Developer/SDKs/MacOSX26.1.sdk/System/Library/Frameworks/Security.framework/Headers/cssmaci.h
/Applications/Xcode.app/Contents/Developer/Platforms/MacOSX.platform/Developer/SDKs/MacOSX26.1.sdk/System/Library/Frameworks/Security.framework/Headers/cssmcli.h
/Applications/Xcode.app/Contents/Developer/Platforms/MacOSX.platform/Developer/SDKs/MacOSX26.1.sdk/System/Library/Frameworks/Security.framework/Headers/cssmcspi.h
/Applications/Xcode.app/Contents/Developer/Platforms/MacOSX.platform/Developer/SDKs/MacOSX26.1.sdk/System/Library/Frameworks/Security.framework/Headers/cssmspi.h
/Applications/Xcode.app/Contents/Developer/Platforms/MacOSX.platform/Developer/SDKs/MacOSX26.1.sdk/System/Library/Frameworks/Security.framework/Headers/cssmdli.h
/Applications/Xcode.app/Contents/Developer/Platforms/MacOSX.platform/Developer/SDKs/MacOSX26.1.sdk/System/Library/Frameworks/Security.framework/Headers/cssmkrapi.h
/Applications/Xcode.app/Contents/Developer/Platforms/MacOSX.platform/Developer/SDKs/MacOSX26.1.sdk/System/Library/Frameworks/Security.framework/Headers/cssmkrspi.h
/Applications/Xcode.app/Contents/Developer/Platforms/MacOSX.platform/Developer/SDKs/MacOSX26.1.sdk/System/Library/Frameworks/Security.framework/Headers/cssmtpi.h
/Applications/Xcode.app/Contents/Developer/Platforms/MacOSX.platform/Developer/SDKs/MacOSX26.1.sdk/System/Library/Frameworks/Security.framework/Headers/emmspi.h
/Applications/Xcode.app/Contents/Developer/Platforms/MacOSX.platform/Developer/SDKs/MacOSX26.1.sdk/System/Library/Frameworks/Security.framework/Headers/mds.h
/Applications/Xcode.app/Contents/Developer/Platforms/MacOSX.platform/Developer/SDKs/MacOSX26.1.sdk/System/Library/Frameworks/Security.framework/Headers/mds_schema.h
/Applications/Xcode.app/Contents/Developer/Platforms/MacOSX.platform/Developer/SDKs/MacOSX26.1.sdk/System/Library/Frameworks/Security.framework/Headers/oidsalg.h
/Applications/Xcode.app/Contents/Developer/Platforms/MacOSX.platform/Developer/SDKs/MacOSX26.1.sdk/System/Library/Frameworks/Security.framework/Headers/oidsattr.h
/Applications/Xcode.app/Contents/Developer/Platforms/MacOSX.platform/Developer/SDKs/MacOSX26.1.sdk/System/Library/Frameworks/Security.framework/Headers/oidsbase.h
/Applications/Xcode.app/Contents/Developer/Platforms/MacOSX.platform/Developer/SDKs/MacOSX26.1.sdk/System/Library/Frameworks/Security.framework/Headers/oidscert.h
/Applications/Xcode.app/Contents/Developer/Platforms/MacOSX.platform/Developer/SDKs/MacOSX26.1.sdk/System/Library/Frameworks/Security.framework/Headers/oidscrl.h
/Applications/Xcode.app/Contents/Developer/Platforms/MacOSX.platform/Developer/SDKs/MacOSX26.1.sdk/System/Library/Frameworks/Security.framework/Headers/SecACL.h
/Applications/Xcode.app/Contents/Developer/Platforms/MacOSX.platform/Developer/SDKs/MacOSX26.1.sdk/System/Library/Frameworks/Security.framework/Headers/SecCertificateOIDs.h
/Applications/Xcode.app/Contents/Developer/Platforms/MacOSX.platform/Developer/SDKs/MacOSX26.1.sdk/System/Library/Frameworks/Security.framework/Headers/SecIdentitySearch.h
/Applications/Xcode.app/Contents/Developer/Platforms/MacOSX.platform/Developer/SDKs/MacOSX26.1.sdk/System/Library/Frameworks/Security.framework/Headers/SecKeychainItem.h
/Applications/Xcode.app/Contents/Developer/Platforms/MacOSX.platform/Developer/SDKs/MacOSX26.1.sdk/System/Library/Frameworks/Security.framework/Headers/SecKeychainSearch.h
/Applications/Xcode.app/Contents/Developer/Platforms/MacOSX.platform/Developer/SDKs/MacOSX26.1.sdk/System/Library/Frameworks/Security.framework/Headers/SecPolicySearch.h
/Applications/Xcode.app/Contents/Developer/Platforms/MacOSX.platform/Developer/SDKs/MacOSX26.1.sdk/System/Library/Frameworks/Security.framework/Headers/SecTrustedApplication.h
/Applications/Xcode.app/Contents/Developer/Platforms/MacOSX.platform/Developer/SDKs/MacOSX26.1.sdk/System/Library/Frameworks/Security.framework/Headers/SecTrustSettings.h
/Applications/Xcode.app/Contents/Developer/Platforms/MacOSX.platform/Developer/SDKs/MacOSX26.1.sdk/System/Library/Frameworks/Security.framework/Headers/SecStaticCode.h
/Applications/Xcode.app/Contents/Developer/Platforms/MacOSX.platform/Developer/SDKs/MacOSX26.1.sdk/System/Library/Frameworks/Security.framework/Headers/CSCommon.h
/Applications/Xcode.app/Contents/Developer/Platforms/MacOSX.platform/Developer/SDKs/MacOSX26.1.sdk/System/Library/Frameworks/Security.framework/Headers/SecCode.h
/Applications/Xcode.app/Contents/Developer/Platforms/MacOSX.platform/Developer/SDKs/MacOSX26.1.sdk/System/Library/Frameworks/Security.framework/Headers/SecCodeHost.h
/Applications/Xcode.app/Contents/Developer/Platforms/MacOSX.platform/Developer/SDKs/MacOSX26.1.sdk/System/Library/Frameworks/Security.framework/Headers/SecRequirement.h
/Applications/Xcode.app/Contents/Developer/Platforms/MacOSX.platform/Developer/SDKs/MacOSX26.1.sdk/System/Library/Frameworks/Security.framework/Headers/SecTask.h
/Applications/Xcode.app/Contents/Developer/Platforms/MacOSX.platform/Developer/SDKs/MacOSX26.1.sdk/System/Library/Frameworks/Security.framework/Headers/AuthorizationTags.h
/Applications/Xcode.app/Contents/Developer/Platforms/MacOSX.platform/Developer/SDKs/MacOSX26.1.sdk/System/Library/Frameworks/Security.framework/Headers/AuthorizationDB.h
/Applications/Xcode.app/Contents/Developer/Platforms/MacOSX.platform/Developer/SDKs/MacOSX26.1.sdk/System/Library/Frameworks/Security.framework/Headers/CMSDecoder.h
/Applications/Xcode.app/Contents/Developer/Platforms/MacOSX.platform/Developer/SDKs/MacOSX26.1.sdk/System/Library/Frameworks/Security.framework/Headers/CMSEncoder.h
/Applications/Xcode.app/Contents/Developer/Platforms/MacOSX.platform/Developer/SDKs/MacOSX26.1.sdk/System/Library/Frameworks/Security.framework/Headers/SecureTransport.h
/Applications/Xcode.app/Contents/Developer/Platforms/MacOSX.platform/Developer/SDKs/MacOSX26.1.sdk/System/Library/Frameworks/Security.framework/Headers/SecTransform.h
/Applications/Xcode.app/Contents/Developer/Platforms/MacOSX.platform/Developer/SDKs/MacOSX26.1.sdk/System/Library/Frameworks/Security.framework/Headers/SecCustomTransform.h
/Applications/Xcode.app/Contents/Developer/Platforms/MacOSX.platform/Developer/SDKs/MacOSX26.1.sdk/System/Library/Frameworks/Security.framework/Headers/SecDecodeTransform.h
/Applications/Xcode.app/Contents/Developer/Platforms/MacOSX.platform/Developer/SDKs/MacOSX26.1.sdk/System/Library/Frameworks/Security.framework/Headers/SecEncodeTransform.h
/Applications/Xcode.app/Contents/Developer/Platforms/MacOSX.platform/Developer/SDKs/MacOSX26.1.sdk/System/Library/Frameworks/Security.framework/Headers/SecDigestTransform.h
/Applications/Xcode.app/Contents/Developer/Platforms/MacOSX.platform/Developer/SDKs/MacOSX26.1.sdk/System/Library/Frameworks/Security.framework/Headers/SecEncryptTransform.h
/Applications/Xcode.app/Contents/Developer/Platforms/MacOSX.platform/Developer/SDKs/MacOSX26.1.sdk/System/Library/Frameworks/Security.framework/Headers/SecSignVerifyTransform.h
/Applications/Xcode.app/Contents/Developer/Platforms/MacOSX.platform/Developer/SDKs/MacOSX26.1.sdk/System/Library/Frameworks/Security.framework/Headers/SecReadTransform.h
/Applications/Xcode.app/Contents/Developer/Platforms/MacOSX.platform/Developer/SDKs/MacOSX26.1.sdk/System/Library/Frameworks/Security.framework/Headers/SecTransformReadTransform.h
/Applications/Xcode.app/Contents/Developer/Platforms/MacOSX.platform/Developer/SDKs/MacOSX26.1.sdk/System/Library/Frameworks/Security.framework/Headers/oids.h
/Applications/Xcode.app/Contents/Developer/Platforms/MacOSX.platform/Developer/SDKs/MacOSX26.1.sdk/usr/include/libDER/module.modulemap
/Applications/Xcode.app/Contents/Developer/Platforms/MacOSX.platform/Developer/SDKs/MacOSX26.1.sdk/usr/include/string.h
/Applications/Xcode.app/Contents/Developer/Platforms/MacOSX.platform/Developer/SDKs/MacOSX26.1.sdk/System/Library/Frameworks/Security.framework/Headers/AuthorizationPlugin.h
/Applications/Xcode.app/Contents/Developer/Platforms/MacOSX.platform/Developer/SDKs/MacOSX26.1.sdk/System/Library/Frameworks/Security.framework/Headers/CodeSigning.h
/Applications/Xcode.app/Contents/Developer/Platforms/MacOSX.platform/Developer/SDKs/MacOSX26.1.sdk/System/Library/Frameworks/Security.framework/Headers/eisl.h
/Applications/Xcode.app/Contents/Developer/Platforms/MacOSX.platform/Developer/SDKs/MacOSX26.1.sdk/System/Library/Frameworks/Security.framework/Headers/SecAsn1Coder.h
/Applications/Xcode.app/Contents/Developer/Platforms/MacOSX.platform/Developer/SDKs/MacOSX26.1.sdk/System/Library/Frameworks/Security.framework/Headers/SecAsn1Templates.h
/Applications/Xcode.app/Contents/Developer/Platforms/MacOSX.platform/Developer/SDKs/MacOSX26.1.sdk/System/Library/Frameworks/Security.framework/Headers/SecureDownload.h
/Applications/Xcode.app/Contents/Developer/Platforms/MacOSX.platform/Developer/SDKs/MacOSX26.1.sdk/SDKSettings.json
/Applications/Xcode.app/Contents/Developer/Toolchains/XcodeDefault.xctoolchain/usr/lib/swift/macosx/prebuilt-modules/26.1/Swift.swiftmodule/arm64e-apple-macos.swiftmodule
/Applications/Xcode.app/Contents/Developer/Toolchains/XcodeDefault.xctoolchain/usr/lib/swift/macosx/prebuilt-modules/26.1/SwiftOnoneSupport.swiftmodule/arm64e-apple-macos.swiftmodule
/Applications/Xcode.app/Contents/Developer/Platforms/MacOSX.platform/Developer/SDKs/MacOSX26.1.sdk/usr/lib/swift/shims/module.modulemap
/Applications/Xcode.app/Contents/Developer/Platforms/MacOSX.platform/Developer/SDKs/MacOSX26.1.sdk/usr/lib/swift/shims/AssertionReporting.h
/Applications/Xcode.app/Contents/Developer/Platforms/MacOSX.platform/Developer/SDKs/MacOSX26.1.sdk/usr/lib/swift/shims/SwiftStdint.h
/Applications/Xcode.app/Contents/Developer/Platforms/MacOSX.platform/Developer/SDKs/MacOSX26.1.sdk/usr/lib/swift/shims/Visibility.h
/Applications/Xcode.app/Contents/Developer/Platforms/MacOSX.platform/Developer/SDKs/MacOSX26.1.sdk/usr/lib/swift/shims/CoreFoundationShims.h
/Applications/Xcode.app/Contents/Developer/Platforms/MacOSX.platform/Developer/SDKs/MacOSX26.1.sdk/usr/lib/swift/shims/ObjCShims.h
/Applications/Xcode.app/Contents/Developer/Platforms/MacOSX.platform/Developer/SDKs/MacOSX26.1.sdk/usr/lib/swift/shims/EmbeddedShims.h
/Applications/Xcode.app/Contents/Developer/Platforms/MacOSX.platform/Developer/SDKs/MacOSX26.1.sdk/usr/lib/swift/shims/SwiftStddef.h
/Applications/Xcode.app/Contents/Developer/Platforms/MacOSX.platform/Developer/SDKs/MacOSX26.1.sdk/usr/lib/swift/shims/FoundationShims.h
/Applications/Xcode.app/Contents/Developer/Platforms/MacOSX.platform/Developer/SDKs/MacOSX26.1.sdk/usr/lib/swift/shims/GlobalObjects.h
/Applications/Xcode.app/Contents/Developer/Platforms/MacOSX.platform/Developer/SDKs/MacOSX26.1.sdk/usr/lib/swift/shims/SwiftStdbool.h
/Applications/Xcode.app/Contents/Developer/Platforms/MacOSX.platform/Developer/SDKs/MacOSX26.1.sdk/usr/lib/swift/shims/HeapObject.h
/Applications/Xcode.app/Contents/Developer/Platforms/MacOSX.platform/Developer/SDKs/MacOSX26.1.sdk/usr/lib/swift/shims/RefCount.h
/Applications/Xcode.app/Contents/Developer/Platforms/MacOSX.platform/Developer/SDKs/MacOSX26.1.sdk/usr/lib/swift/shims/System.h
/Applications/Xcode.app/Contents/Developer/Platforms/MacOSX.platform/Developer/SDKs/MacOSX26.1.sdk/usr/lib/swift/shims/Target.h
/Applications/Xcode.app/Contents/Developer/Platforms/MacOSX.platform/Developer/SDKs/MacOSX26.1.sdk/usr/lib/swift/shims/KeyPath.h
/Applications/Xcode.app/Contents/Developer/Platforms/MacOSX.platform/Developer/SDKs/MacOSX26.1.sdk/usr/lib/swift/shims/LibcShims.h
/Applications/Xcode.app/Contents/Developer/Platforms/MacOSX.platform/Developer/SDKs/MacOSX26.1.sdk/usr/lib/swift/shims/MetadataSections.h
/Applications/Xcode.app/Contents/Developer/Platforms/MacOSX.platform/Developer/SDKs/MacOSX26.1.sdk/usr/lib/swift/shims/Random.h
/Applications/Xcode.app/Contents/Developer/Platforms/MacOSX.platform/Developer/SDKs/MacOSX26.1.sdk/usr/lib/swift/shims/Reflection.h
/Applications/Xcode.app/Contents/Developer/Platforms/MacOSX.platform/Developer/SDKs/MacOSX26.1.sdk/usr/lib/swift/shims/RuntimeShims.h
/Applications/Xcode.app/Contents/Developer/Platforms/MacOSX.platform/Developer/SDKs/MacOSX26.1.sdk/usr/lib/swift/shims/RuntimeStubs.h
/Applications/Xcode.app/Contents/Developer/Platforms/MacOSX.platform/Developer/SDKs/MacOSX26.1.sdk/usr/lib/swift/shims/ThreadLocalStorage.h
/Applications/Xcode.app/Contents/Developer/Platforms/MacOSX.platform/Developer/SDKs/MacOSX26.1.sdk/usr/lib/swift/shims/UnicodeData.h
/Applications/Xcode.app/Contents/Developer/Platforms/MacOSX.platform/Developer/SDKs/MacOSX26.1.sdk/SDKSettings.json
/Applications/Xcode.app/Contents/Developer/Toolchains/XcodeDefault.xctoolchain/usr/lib/swift/macosx/prebuilt-modules/26.1/System.swiftmodule/arm64e-apple-macos.swiftmodule
/Applications/Xcode.app/Contents/Developer/Toolchains/XcodeDefault.xctoolchain/usr/lib/swift/macosx/prebuilt-modules/26.1/XPC.swiftmodule/arm64e-apple-macos.swiftmodule
/Applications/Xcode.app/Contents/Developer/Platforms/MacOSX.platform/Developer/SDKs/MacOSX26.1.sdk/usr/include/XPC.apinotes
/Applications/Xcode.app/Contents/Developer/Platforms/MacOSX.platform/Developer/SDKs/MacOSX26.1.sdk/usr/include/launch.modulemap
/Applications/Xcode.app/Contents/Developer/Platforms/MacOSX.platform/Developer/SDKs/MacOSX26.1.sdk/usr/include/xpc.modulemap
/Applications/Xcode.app/Contents/Developer/Platforms/MacOSX.platform/Developer/SDKs/MacOSX26.1.sdk/usr/include/dispatch.modulemap
/Applications/Xcode.app/Contents/Developer/Platforms/MacOSX.platform/Developer/SDKs/MacOSX26.1.sdk/usr/include/os.modulemap
/Applications/Xcode.app/Contents/Developer/Platforms/MacOSX.platform/Developer/SDKs/MacOSX26.1.sdk/usr/include/Darwin.modulemap
/Applications/Xcode.app/Contents/Developer/Platforms/MacOSX.platform/Developer/SDKs/MacOSX26.1.sdk/usr/include/Darwin_C.modulemap
/Applications/Xcode.app/Contents/Developer/Platforms/MacOSX.platform/Developer/SDKs/MacOSX26.1.sdk/usr/include/Darwin_POSIX.modulemap
/Applications/Xcode.app/Contents/Developer/Platforms/MacOSX.platform/Developer/SDKs/MacOSX26.1.sdk/usr/include/net.modulemap
/Applications/Xcode.app/Contents/Developer/Platforms/MacOSX.platform/Developer/SDKs/MacOSX26.1.sdk/usr/include/netinet.modulemap
/Applications/Xcode.app/Contents/Developer/Platforms/MacOSX.platform/Developer/SDKs/MacOSX26.1.sdk/usr/include/bank.modulemap
/Applications/Xcode.app/Contents/Developer/Platforms/MacOSX.platform/Developer/SDKs/MacOSX26.1.sdk/usr/include/Darwin_Mach.modulemap
/Applications/Xcode.app/Contents/Developer/Platforms/MacOSX.platform/Developer/SDKs/MacOSX26.1.sdk/usr/include/Darwin_Mach_machine.modulemap
/Applications/Xcode.app/Contents/Developer/Platforms/MacOSX.platform/Developer/SDKs/MacOSX26.1.sdk/usr/include/mach_debug.modulemap
/Applications/Xcode.app/Contents/Developer/Platforms/MacOSX.platform/Developer/SDKs/MacOSX26.1.sdk/usr/include/device.modulemap
/Applications/Xcode.app/Contents/Developer/Platforms/MacOSX.platform/Developer/SDKs/MacOSX26.1.sdk/usr/include/Darwin_machine.modulemap
/Applications/Xcode.app/Contents/Developer/Platforms/MacOSX.platform/Developer/SDKs/MacOSX26.1.sdk/usr/include/ncurses.modulemap
/Applications/Xcode.app/Contents/Developer/Platforms/MacOSX.platform/Developer/SDKs/MacOSX26.1.sdk/usr/include/netinet6.modulemap
/Applications/Xcode.app/Contents/Developer/Platforms/MacOSX.platform/Developer/SDKs/MacOSX26.1.sdk/usr/include/Darwin_sys.modulemap
/Applications/Xcode.app/Contents/Developer/Platforms/MacOSX.platform/Developer/SDKs/MacOSX26.1.sdk/usr/include/uuid.modulemap
/Applications/Xcode.app/Contents/Developer/Platforms/MacOSX.platform/Developer/SDKs/MacOSX26.1.sdk/usr/include/DarwinFoundation2.modulemap
/Applications/Xcode.app/Contents/Developer/Platforms/MacOSX.platform/Developer/SDKs/MacOSX26.1.sdk/usr/include/DarwinFoundation3.modulemap
/Applications/Xcode.app/Contents/Developer/Platforms/MacOSX.platform/Developer/SDKs/MacOSX26.1.sdk/usr/include/DarwinFoundation1.modulemap
/Applications/Xcode.app/Contents/Developer/Platforms/MacOSX.platform/Developer/SDKs/MacOSX26.1.sdk/usr/include/xpc/xpc.h
/Applications/Xcode.app/Contents/Developer/Toolchains/XcodeDefault.xctoolchain/usr/lib/swift/clang/include/module.modulemap
/Applications/Xcode.app/Contents/Developer/Toolchains/XcodeDefault.xctoolchain/usr/lib/swift/clang/include/stdarg.h
/Applications/Xcode.app/Contents/Developer/Platforms/MacOSX.platform/Developer/SDKs/MacOSX26.1.sdk/usr/include/stdlib.h
/Applications/Xcode.app/Contents/Developer/Platforms/MacOSX.platform/Developer/SDKs/MacOSX26.1.sdk/usr/include/stdio.h
/Applications/Xcode.app/Contents/Developer/Platforms/MacOSX.platform/Developer/SDKs/MacOSX26.1.sdk/usr/include/string.h
/Applications/Xcode.app/Contents/Developer/Platforms/MacOSX.platform/Developer/SDKs/MacOSX26.1.sdk/usr/include/xpc/base.h
/Applications/Xcode.app/Contents/Developer/Platforms/MacOSX.platform/Developer/SDKs/MacOSX26.1.sdk/usr/include/xpc/availability.h
/Applications/Xcode.app/Contents/Developer/Platforms/MacOSX.platform/Developer/SDKs/MacOSX26.1.sdk/usr/include/xpc/endpoint.h
/Applications/Xcode.app/Contents/Developer/Platforms/MacOSX.platform/Developer/SDKs/MacOSX26.1.sdk/usr/include/xpc/debug.h
/Applications/Xcode.app/Contents/Developer/Platforms/MacOSX.platform/Developer/SDKs/MacOSX26.1.sdk/usr/include/xpc/activity.h
/Applications/Xcode.app/Contents/Developer/Platforms/MacOSX.platform/Developer/SDKs/MacOSX26.1.sdk/usr/include/xpc/peer_requirement.h
/Applications/Xcode.app/Contents/Developer/Platforms/MacOSX.platform/Developer/SDKs/MacOSX26.1.sdk/usr/include/xpc/connection.h
/Applications/Xcode.app/Contents/Developer/Platforms/MacOSX.platform/Developer/SDKs/MacOSX26.1.sdk/usr/include/xpc/rich_error.h
/Applications/Xcode.app/Contents/Developer/Platforms/MacOSX.platform/Developer/SDKs/MacOSX26.1.sdk/usr/include/xpc/session.h
/Applications/Xcode.app/Contents/Developer/Platforms/MacOSX.platform/Developer/SDKs/MacOSX26.1.sdk/usr/include/xpc/listener.h
/Applications/Xcode.app/Contents/Developer/Platforms/MacOSX.platform/Developer/SDKs/MacOSX26.1.sdk/SDKSettings.json
/Applications/Xcode.app/Contents/Developer/Platforms/MacOSX.platform/Developer/SDKs/MacOSX26.1.sdk/usr/include/DarwinFoundation1.modulemap
/Applications/Xcode.app/Contents/Developer/Platforms/MacOSX.platform/Developer/SDKs/MacOSX26.1.sdk/usr/include/AvailabilityInternal.h
/Applications/Xcode.app/Contents/Developer/Platforms/MacOSX.platform/Developer/SDKs/MacOSX26.1.sdk/usr/include/AvailabilityVersions.h
/Applications/Xcode.app/Contents/Developer/Platforms/MacOSX.platform/Developer/SDKs/MacOSX26.1.sdk/usr/include/AvailabilityInternalLegacy.h
/Applications/Xcode.app/Contents/Developer/Platforms/MacOSX.platform/Developer/SDKs/MacOSX26.1.sdk/SDKSettings.json
/Applications/Xcode.app/Contents/Developer/Toolchains/XcodeDefault.xctoolchain/usr/lib/swift/macosx/prebuilt-modules/26.1/_Builtin_float.swiftmodule/arm64e-apple-macos.swiftmodule
/Applications/Xcode.app/Contents/Developer/Toolchains/XcodeDefault.xctoolchain/usr/lib/swift/clang/include/module.modulemap
/Applications/Xcode.app/Contents/Developer/Toolchains/XcodeDefault.xctoolchain/usr/lib/swift/clang/include/float.h
/Applications/Xcode.app/Contents/Developer/Platforms/MacOSX.platform/Developer/SDKs/MacOSX26.1.sdk/SDKSettings.json
/Applications/Xcode.app/Contents/Developer/Toolchains/XcodeDefault.xctoolchain/usr/lib/swift/clang/include/module.modulemap
/Applications/Xcode.app/Contents/Developer/Toolchains/XcodeDefault.xctoolchain/usr/lib/swift/clang/include/inttypes.h
/Applications/Xcode.app/Contents/Developer/Platforms/MacOSX.platform/Developer/SDKs/MacOSX26.1.sdk/usr/include/DarwinFoundation3.modulemap
/Applications/Xcode.app/Contents/Developer/Platforms/MacOSX.platform/Developer/SDKs/MacOSX26.1.sdk/usr/include/inttypes.h
/Applications/Xcode.app/Contents/Developer/Platforms/MacOSX.platform/Developer/SDKs/MacOSX26.1.sdk/SDKSettings.json
/Applications/Xcode.app/Contents/Developer/Toolchains/XcodeDefault.xctoolchain/usr/lib/swift/clang/include/module.modulemap
/Applications/Xcode.app/Contents/Developer/Toolchains/XcodeDefault.xctoolchain/usr/lib/swift/clang/include/limits.h
/Applications/Xcode.app/Contents/Developer/Platforms/MacOSX.platform/Developer/SDKs/MacOSX26.1.sdk/usr/include/DarwinFoundation1.modulemap
/Applications/Xcode.app/Contents/Developer/Platforms/MacOSX.platform/Developer/SDKs/MacOSX26.1.sdk/SDKSettings.json
/Applications/Xcode.app/Contents/Developer/Toolchains/XcodeDefault.xctoolchain/usr/lib/swift/clang/include/module.modulemap
/Applications/Xcode.app/Contents/Developer/Toolchains/XcodeDefault.xctoolchain/usr/lib/swift/clang/include/__stdarg___gnuc_va_list.h
/Applications/Xcode.app/Contents/Developer/Toolchains/XcodeDefault.xctoolchain/usr/lib/swift/clang/include/__stdarg___va_copy.h
/Applications/Xcode.app/Contents/Developer/Toolchains/XcodeDefault.xctoolchain/usr/lib/swift/clang/include/__stdarg_header_macro.h
/Applications/Xcode.app/Contents/Developer/Toolchains/XcodeDefault.xctoolchain/usr/lib/swift/clang/include/__stdarg_va_arg.h
/Applications/Xcode.app/Contents/Developer/Toolchains/XcodeDefault.xctoolchain/usr/lib/swift/clang/include/__stdarg_va_copy.h
/Applications/Xcode.app/Contents/Developer/Toolchains/XcodeDefault.xctoolchain/usr/lib/swift/clang/include/__stdarg_va_list.h
/Applications/Xcode.app/Contents/Developer/Platforms/MacOSX.platform/Developer/SDKs/MacOSX26.1.sdk/SDKSettings.json
/Applications/Xcode.app/Contents/Developer/Toolchains/XcodeDefault.xctoolchain/usr/lib/swift/clang/include/module.modulemap
/Applications/Xcode.app/Contents/Developer/Toolchains/XcodeDefault.xctoolchain/usr/lib/swift/clang/include/stdatomic.h
/Applications/Xcode.app/Contents/Developer/Toolchains/XcodeDefault.xctoolchain/usr/lib/swift/clang/include/stddef.h
/Applications/Xcode.app/Contents/Developer/Platforms/MacOSX.platform/Developer/SDKs/MacOSX26.1.sdk/SDKSettings.json
/Applications/Xcode.app/Contents/Developer/Toolchains/XcodeDefault.xctoolchain/usr/lib/swift/clang/include/module.modulemap
/Applications/Xcode.app/Contents/Developer/Toolchains/XcodeDefault.xctoolchain/usr/lib/swift/clang/include/stdbool.h
/Applications/Xcode.app/Contents/Developer/Platforms/MacOSX.platform/Developer/SDKs/MacOSX26.1.sdk/SDKSettings.json
/Applications/Xcode.app/Contents/Developer/Toolchains/XcodeDefault.xctoolchain/usr/lib/swift/clang/include/module.modulemap
/Applications/Xcode.app/Contents/Developer/Toolchains/XcodeDefault.xctoolchain/usr/lib/swift/clang/include/__stddef_header_macro.h
/Applications/Xcode.app/Contents/Developer/Toolchains/XcodeDefault.xctoolchain/usr/lib/swift/clang/include/__stddef_max_align_t.h
/Applications/Xcode.app/Contents/Developer/Toolchains/XcodeDefault.xctoolchain/usr/lib/swift/clang/include/__stddef_null.h
/Applications/Xcode.app/Contents/Developer/Toolchains/XcodeDefault.xctoolchain/usr/lib/swift/clang/include/__stddef_nullptr_t.h
/Applications/Xcode.app/Contents/Developer/Toolchains/XcodeDefault.xctoolchain/usr/lib/swift/clang/include/__stddef_offsetof.h
/Applications/Xcode.app/Contents/Developer/Toolchains/XcodeDefault.xctoolchain/usr/lib/swift/clang/include/__stddef_ptrdiff_t.h
/Applications/Xcode.app/Contents/Developer/Toolchains/XcodeDefault.xctoolchain/usr/lib/swift/clang/include/__stddef_rsize_t.h
/Applications/Xcode.app/Contents/Developer/Toolchains/XcodeDefault.xctoolchain/usr/lib/swift/clang/include/__stddef_size_t.h
/Applications/Xcode.app/Contents/Developer/Toolchains/XcodeDefault.xctoolchain/usr/lib/swift/clang/include/__stddef_unreachable.h
/Applications/Xcode.app/Contents/Developer/Toolchains/XcodeDefault.xctoolchain/usr/lib/swift/clang/include/__stddef_wchar_t.h
/Applications/Xcode.app/Contents/Developer/Platforms/MacOSX.platform/Developer/SDKs/MacOSX26.1.sdk/SDKSettings.json
/Applications/Xcode.app/Contents/Developer/Toolchains/XcodeDefault.xctoolchain/usr/lib/swift/clang/include/module.modulemap
/Applications/Xcode.app/Contents/Developer/Toolchains/XcodeDefault.xctoolchain/usr/lib/swift/clang/include/stdint.h
/Applications/Xcode.app/Contents/Developer/Platforms/MacOSX.platform/Developer/SDKs/MacOSX26.1.sdk/usr/include/DarwinFoundation2.modulemap
/Applications/Xcode.app/Contents/Developer/Platforms/MacOSX.platform/Developer/SDKs/MacOSX26.1.sdk/SDKSettings.json
/Applications/Xcode.app/Contents/Developer/Toolchains/XcodeDefault.xctoolchain/usr/lib/swift/macosx/prebuilt-modules/26.1/_Concurrency.swiftmodule/arm64e-apple-macos.swiftmodule
/Applications/Xcode.app/Contents/Developer/Toolchains/XcodeDefault.xctoolchain/usr/lib/swift/macosx/prebuilt-modules/26.1/_DarwinFoundation1.swiftmodule/arm64e-apple-macos.swiftmodule
/Applications/Xcode.app/Contents/Developer/Platforms/MacOSX.platform/Developer/SDKs/MacOSX26.1.sdk/usr/include/DarwinFoundation1.modulemap
/Applications/Xcode.app/Contents/Developer/Platforms/MacOSX.platform/Developer/SDKs/MacOSX26.1.sdk/usr/include/sys/appleapiopts.h
/Applications/Xcode.app/Contents/Developer/Platforms/MacOSX.platform/Developer/SDKs/MacOSX26.1.sdk/usr/include/os/availability.h
/Applications/Xcode.app/Contents/Developer/Platforms/MacOSX.platform/Developer/SDKs/MacOSX26.1.sdk/usr/include/Availability.h
/Applications/Xcode.app/Contents/Developer/Platforms/MacOSX.platform/Developer/SDKs/MacOSX26.1.sdk/usr/include/AvailabilityMacros.h
/Applications/Xcode.app/Contents/Developer/Platforms/MacOSX.platform/Developer/SDKs/MacOSX26.1.sdk/usr/include/TargetConditionals.h
/Applications/Xcode.app/Contents/Developer/Platforms/MacOSX.platform/Developer/SDKs/MacOSX26.1.sdk/usr/include/_bounds.h
/Applications/Xcode.app/Contents/Developer/Platforms/MacOSX.platform/Developer/SDKs/MacOSX26.1.sdk/usr/include/sys/cdefs.h
/Applications/Xcode.app/Contents/Developer/Platforms/MacOSX.platform/Developer/SDKs/MacOSX26.1.sdk/usr/include/sys/_symbol_aliasing.h
/Applications/Xcode.app/Contents/Developer/Platforms/MacOSX.platform/Developer/SDKs/MacOSX26.1.sdk/usr/include/sys/_posix_availability.h
/Applications/Xcode.app/Contents/Developer/Toolchains/XcodeDefault.xctoolchain/usr/lib/swift/clang/include/module.modulemap
/Applications/Xcode.app/Contents/Developer/Platforms/MacOSX.platform/Developer/SDKs/MacOSX26.1.sdk/usr/include/sys/qos.h
/Applications/Xcode.app/Contents/Developer/Platforms/MacOSX.platform/Developer/SDKs/MacOSX26.1.sdk/usr/include/machine/_endian.h
/Applications/Xcode.app/Contents/Developer/Platforms/MacOSX.platform/Developer/SDKs/MacOSX26.1.sdk/usr/include/arm/_endian.h
/Applications/Xcode.app/Contents/Developer/Platforms/MacOSX.platform/Developer/SDKs/MacOSX26.1.sdk/usr/include/sys/__endian.h
/Applications/Xcode.app/Contents/Developer/Platforms/MacOSX.platform/Developer/SDKs/MacOSX26.1.sdk/usr/include/i386/_endian.h
/Applications/Xcode.app/Contents/Developer/Platforms/MacOSX.platform/Developer/SDKs/MacOSX26.1.sdk/usr/include/__xlocale.h
/Applications/Xcode.app/Contents/Developer/Platforms/MacOSX.platform/Developer/SDKs/MacOSX26.1.sdk/usr/include/_mb_cur_max.h
/Applications/Xcode.app/Contents/Developer/Platforms/MacOSX.platform/Developer/SDKs/MacOSX26.1.sdk/usr/include/_types/_locale_t.h
/Applications/Xcode.app/Contents/Developer/Platforms/MacOSX.platform/Developer/SDKs/MacOSX26.1.sdk/usr/include/sys/_types/_u_char.h
/Applications/Xcode.app/Contents/Developer/Platforms/MacOSX.platform/Developer/SDKs/MacOSX26.1.sdk/usr/include/sys/_types/_u_short.h
/Applications/Xcode.app/Contents/Developer/Platforms/MacOSX.platform/Developer/SDKs/MacOSX26.1.sdk/usr/include/sys/_types/_u_int.h
/Applications/Xcode.app/Contents/Developer/Platforms/MacOSX.platform/Developer/SDKs/MacOSX26.1.sdk/usr/include/sys/_types/_u_int8_t.h
/Applications/Xcode.app/Contents/Developer/Platforms/MacOSX.platform/Developer/SDKs/MacOSX26.1.sdk/usr/include/sys/_types/_u_int16_t.h
/Applications/Xcode.app/Contents/Developer/Platforms/MacOSX.platform/Developer/SDKs/MacOSX26.1.sdk/usr/include/sys/_types/_u_int32_t.h
/Applications/Xcode.app/Contents/Developer/Platforms/MacOSX.platform/Developer/SDKs/MacOSX26.1.sdk/usr/include/sys/_types/_u_int64_t.h
/Applications/Xcode.app/Contents/Developer/Platforms/MacOSX.platform/Developer/SDKs/MacOSX26.1.sdk/usr/include/_assert.h
/Applications/Xcode.app/Contents/Developer/Platforms/MacOSX.platform/Developer/SDKs/MacOSX26.1.sdk/usr/include/_static_assert.h
/Applications/Xcode.app/Contents/Developer/Platforms/MacOSX.platform/Developer/SDKs/MacOSX26.1.sdk/usr/include/complex.h
/Applications/Xcode.app/Contents/Developer/Platforms/MacOSX.platform/Developer/SDKs/MacOSX26.1.sdk/usr/include/errno.h
/Applications/Xcode.app/Contents/Developer/Platforms/MacOSX.platform/Developer/SDKs/MacOSX26.1.sdk/usr/include/sys/errno.h
/Applications/Xcode.app/Contents/Developer/Platforms/MacOSX.platform/Developer/SDKs/MacOSX26.1.sdk/usr/include/sys/_types/_errno_t.h
/Applications/Xcode.app/Contents/Developer/Platforms/MacOSX.platform/Developer/SDKs/MacOSX26.1.sdk/usr/include/fenv.h
/Applications/Xcode.app/Contents/Developer/Platforms/MacOSX.platform/Developer/SDKs/MacOSX26.1.sdk/usr/include/limits.h
/Applications/Xcode.app/Contents/Developer/Platforms/MacOSX.platform/Developer/SDKs/MacOSX26.1.sdk/usr/include/machine/limits.h
/Applications/Xcode.app/Contents/Developer/Platforms/MacOSX.platform/Developer/SDKs/MacOSX26.1.sdk/usr/include/arm/limits.h
/Applications/Xcode.app/Contents/Developer/Platforms/MacOSX.platform/Developer/SDKs/MacOSX26.1.sdk/usr/include/arm/_limits.h
/Applications/Xcode.app/Contents/Developer/Platforms/MacOSX.platform/Developer/SDKs/MacOSX26.1.sdk/usr/include/sys/syslimits.h
/Applications/Xcode.app/Contents/Developer/Platforms/MacOSX.platform/Developer/SDKs/MacOSX26.1.sdk/usr/include/i386/limits.h
/Applications/Xcode.app/Contents/Developer/Platforms/MacOSX.platform/Developer/SDKs/MacOSX26.1.sdk/usr/include/machine/_limits.h
/Applications/Xcode.app/Contents/Developer/Platforms/MacOSX.platform/Developer/SDKs/MacOSX26.1.sdk/usr/include/i386/_limits.h
/Applications/Xcode.app/Contents/Developer/Platforms/MacOSX.platform/Developer/SDKs/MacOSX26.1.sdk/usr/include/math.h
/Applications/Xcode.app/Contents/Developer/Platforms/MacOSX.platform/Developer/SDKs/MacOSX26.1.sdk/usr/include/setjmp.h
/Applications/Xcode.app/Contents/Developer/Platforms/MacOSX.platform/Developer/SDKs/MacOSX26.1.sdk/SDKSettings.json
/Applications/Xcode.app/Contents/Developer/Platforms/MacOSX.platform/Developer/SDKs/MacOSX26.1.sdk/usr/include/_DarwinFoundation2.apinotes
/Applications/Xcode.app/Contents/Developer/Platforms/MacOSX.platform/Developer/SDKs/MacOSX26.1.sdk/usr/include/DarwinFoundation2.modulemap
/Applications/Xcode.app/Contents/Developer/Platforms/MacOSX.platform/Developer/SDKs/MacOSX26.1.sdk/usr/include/DarwinFoundation1.modulemap
/Applications/Xcode.app/Contents/Developer/Platforms/MacOSX.platform/Developer/SDKs/MacOSX26.1.sdk/usr/include/nl_types.h
/Applications/Xcode.app/Contents/Developer/Platforms/MacOSX.platform/Developer/SDKs/MacOSX26.1.sdk/usr/include/sys/types.h
/Applications/Xcode.app/Contents/Developer/Platforms/MacOSX.platform/Developer/SDKs/MacOSX26.1.sdk/usr/include/machine/types.h
/Applications/Xcode.app/Contents/Developer/Platforms/MacOSX.platform/Developer/SDKs/MacOSX26.1.sdk/usr/include/arm/types.h
/Applications/Xcode.app/Contents/Developer/Platforms/MacOSX.platform/Developer/SDKs/MacOSX26.1.sdk/usr/include/arm/_types.h
/Applications/Xcode.app/Contents/Developer/Platforms/MacOSX.platform/Developer/SDKs/MacOSX26.1.sdk/usr/include/sys/_types/_ptrdiff_t.h
/Applications/Xcode.app/Contents/Developer/Toolchains/XcodeDefault.xctoolchain/usr/lib/swift/clang/include/module.modulemap
/Applications/Xcode.app/Contents/Developer/Toolchains/XcodeDefault.xctoolchain/usr/lib/swift/clang/include/stddef.h
/Applications/Xcode.app/Contents/Developer/Platforms/MacOSX.platform/Developer/SDKs/MacOSX26.1.sdk/usr/include/sys/_types/_size_t.h
/Applications/Xcode.app/Contents/Developer/Platforms/MacOSX.platform/Developer/SDKs/MacOSX26.1.sdk/usr/include/sys/_types/_va_list.h
/Applications/Xcode.app/Contents/Developer/Toolchains/XcodeDefault.xctoolchain/usr/lib/swift/clang/include/stdarg.h
/Applications/Xcode.app/Contents/Developer/Platforms/MacOSX.platform/Developer/SDKs/MacOSX26.1.sdk/usr/include/sys/_types/_wchar_t.h
/Applications/Xcode.app/Contents/Developer/Platforms/MacOSX.platform/Developer/SDKs/MacOSX26.1.sdk/usr/include/sys/_types/_int8_t.h
/Applications/Xcode.app/Contents/Developer/Platforms/MacOSX.platform/Developer/SDKs/MacOSX26.1.sdk/usr/include/sys/_types/_int16_t.h
/Applications/Xcode.app/Contents/Developer/Platforms/MacOSX.platform/Developer/SDKs/MacOSX26.1.sdk/usr/include/sys/_types/_int32_t.h
/Applications/Xcode.app/Contents/Developer/Platforms/MacOSX.platform/Developer/SDKs/MacOSX26.1.sdk/usr/include/sys/_types/_int64_t.h
/Applications/Xcode.app/Contents/Developer/Platforms/MacOSX.platform/Developer/SDKs/MacOSX26.1.sdk/usr/include/sys/_types/_intptr_t.h
/Applications/Xcode.app/Contents/Developer/Platforms/MacOSX.platform/Developer/SDKs/MacOSX26.1.sdk/usr/include/machine/_types.h
/Applications/Xcode.app/Contents/Developer/Platforms/MacOSX.platform/Developer/SDKs/MacOSX26.1.sdk/usr/include/sys/_types/_uintptr_t.h
/Applications/Xcode.app/Contents/Developer/Platforms/MacOSX.platform/Developer/SDKs/MacOSX26.1.sdk/usr/include/sys/_types.h
/Applications/Xcode.app/Contents/Developer/Platforms/MacOSX.platform/Developer/SDKs/MacOSX26.1.sdk/usr/include/sys/_types/_null.h
/Applications/Xcode.app/Contents/Developer/Platforms/MacOSX.platform/Developer/SDKs/MacOSX26.1.sdk/usr/include/sys/_pthread/_pthread_types.h
/Applications/Xcode.app/Contents/Developer/Platforms/MacOSX.platform/Developer/SDKs/MacOSX26.1.sdk/usr/include/machine/endian.h
/Applications/Xcode.app/Contents/Developer/Platforms/MacOSX.platform/Developer/SDKs/MacOSX26.1.sdk/usr/include/arm/endian.h
/Applications/Xcode.app/Contents/Developer/Platforms/MacOSX.platform/Developer/SDKs/MacOSX26.1.sdk/usr/include/sys/_endian.h
/Applications/Xcode.app/Contents/Developer/Platforms/MacOSX.platform/Developer/SDKs/MacOSX26.1.sdk/usr/include/libkern/_OSByteOrder.h
/Applications/Xcode.app/Contents/Developer/Platforms/MacOSX.platform/Developer/SDKs/MacOSX26.1.sdk/usr/include/libkern/arm/_OSByteOrder.h
/Applications/Xcode.app/Contents/Developer/Platforms/MacOSX.platform/Developer/SDKs/MacOSX26.1.sdk/usr/include/sys/_types/_caddr_t.h
/Applications/Xcode.app/Contents/Developer/Platforms/MacOSX.platform/Developer/SDKs/MacOSX26.1.sdk/usr/include/sys/_types/_dev_t.h
/Applications/Xcode.app/Contents/Developer/Platforms/MacOSX.platform/Developer/SDKs/MacOSX26.1.sdk/usr/include/sys/_types/_blkcnt_t.h
/Applications/Xcode.app/Contents/Developer/Platforms/MacOSX.platform/Developer/SDKs/MacOSX26.1.sdk/usr/include/sys/_types/_blksize_t.h
/Applications/Xcode.app/Contents/Developer/Platforms/MacOSX.platform/Developer/SDKs/MacOSX26.1.sdk/usr/include/sys/_types/_gid_t.h
/Applications/Xcode.app/Contents/Developer/Platforms/MacOSX.platform/Developer/SDKs/MacOSX26.1.sdk/usr/include/sys/_types/_in_addr_t.h
/Applications/Xcode.app/Contents/Developer/Platforms/MacOSX.platform/Developer/SDKs/MacOSX26.1.sdk/usr/include/sys/_types/_in_port_t.h
/Applications/Xcode.app/Contents/Developer/Platforms/MacOSX.platform/Developer/SDKs/MacOSX26.1.sdk/usr/include/sys/_types/_ino_t.h
/Applications/Xcode.app/Contents/Developer/Platforms/MacOSX.platform/Developer/SDKs/MacOSX26.1.sdk/usr/include/sys/_types/_ino64_t.h
/Applications/Xcode.app/Contents/Developer/Platforms/MacOSX.platform/Developer/SDKs/MacOSX26.1.sdk/usr/include/sys/_types/_key_t.h
/Applications/Xcode.app/Contents/Developer/Platforms/MacOSX.platform/Developer/SDKs/MacOSX26.1.sdk/usr/include/sys/_types/_mode_t.h
/Applications/Xcode.app/Contents/Developer/Platforms/MacOSX.platform/Developer/SDKs/MacOSX26.1.sdk/usr/include/sys/_types/_nlink_t.h
/Applications/Xcode.app/Contents/Developer/Platforms/MacOSX.platform/Developer/SDKs/MacOSX26.1.sdk/usr/include/sys/_types/_id_t.h
/Applications/Xcode.app/Contents/Developer/Platforms/MacOSX.platform/Developer/SDKs/MacOSX26.1.sdk/usr/include/sys/_types/_pid_t.h
/Applications/Xcode.app/Contents/Developer/Platforms/MacOSX.platform/Developer/SDKs/MacOSX26.1.sdk/usr/include/sys/_types/_off_t.h
/Applications/Xcode.app/Contents/Developer/Platforms/MacOSX.platform/Developer/SDKs/MacOSX26.1.sdk/usr/include/sys/_types/_uid_t.h
/Applications/Xcode.app/Contents/Developer/Platforms/MacOSX.platform/Developer/SDKs/MacOSX26.1.sdk/usr/include/sys/_types/_clock_t.h
/Applications/Xcode.app/Contents/Developer/Platforms/MacOSX.platform/Developer/SDKs/MacOSX26.1.sdk/usr/include/sys/_types/_ssize_t.h
/Applications/Xcode.app/Contents/Developer/Platforms/MacOSX.platform/Developer/SDKs/MacOSX26.1.sdk/usr/include/sys/_types/_time_t.h
/Applications/Xcode.app/Contents/Developer/Platforms/MacOSX.platform/Developer/SDKs/MacOSX26.1.sdk/usr/include/sys/_types/_useconds_t.h
/Applications/Xcode.app/Contents/Developer/Platforms/MacOSX.platform/Developer/SDKs/MacOSX26.1.sdk/usr/include/sys/_types/_suseconds_t.h
/Applications/Xcode.app/Contents/Developer/Platforms/MacOSX.platform/Developer/SDKs/MacOSX26.1.sdk/usr/include/sys/_types/_rsize_t.h
/Applications/Xcode.app/Contents/Developer/Platforms/MacOSX.platform/Developer/SDKs/MacOSX26.1.sdk/usr/include/sys/_types/_fd_def.h
/Applications/Xcode.app/Contents/Developer/Platforms/MacOSX.platform/Developer/SDKs/MacOSX26.1.sdk/usr/include/sys/_types/_fd_setsize.h
/Applications/Xcode.app/Contents/Developer/Platforms/MacOSX.platform/Developer/SDKs/MacOSX26.1.sdk/usr/include/sys/_types/_fd_set.h
/Applications/Xcode.app/Contents/Developer/Platforms/MacOSX.platform/Developer/SDKs/MacOSX26.1.sdk/usr/include/sys/_types/_fd_clr.h
/Applications/Xcode.app/Contents/Developer/Platforms/MacOSX.platform/Developer/SDKs/MacOSX26.1.sdk/usr/include/sys/_types/_fd_zero.h
/Applications/Xcode.app/Contents/Developer/Platforms/MacOSX.platform/Developer/SDKs/MacOSX26.1.sdk/usr/include/sys/_types/_fd_isset.h
/Applications/Xcode.app/Contents/Developer/Platforms/MacOSX.platform/Developer/SDKs/MacOSX26.1.sdk/usr/include/sys/_types/_fd_copy.h
/Applications/Xcode.app/Contents/Developer/Platforms/MacOSX.platform/Developer/SDKs/MacOSX26.1.sdk/usr/include/sys/_pthread/_pthread_attr_t.h
/Applications/Xcode.app/Contents/Developer/Platforms/MacOSX.platform/Developer/SDKs/MacOSX26.1.sdk/usr/include/sys/_pthread/_pthread_cond_t.h
/Applications/Xcode.app/Contents/Developer/Platforms/MacOSX.platform/Developer/SDKs/MacOSX26.1.sdk/usr/include/sys/_pthread/_pthread_condattr_t.h
/Applications/Xcode.app/Contents/Developer/Platforms/MacOSX.platform/Developer/SDKs/MacOSX26.1.sdk/usr/include/sys/_pthread/_pthread_mutex_t.h
/Applications/Xcode.app/Contents/Developer/Platforms/MacOSX.platform/Developer/SDKs/MacOSX26.1.sdk/usr/include/sys/_pthread/_pthread_mutexattr_t.h
/Applications/Xcode.app/Contents/Developer/Platforms/MacOSX.platform/Developer/SDKs/MacOSX26.1.sdk/usr/include/sys/_pthread/_pthread_once_t.h
/Applications/Xcode.app/Contents/Developer/Platforms/MacOSX.platform/Developer/SDKs/MacOSX26.1.sdk/usr/include/sys/_pthread/_pthread_rwlock_t.h
/Applications/Xcode.app/Contents/Developer/Platforms/MacOSX.platform/Developer/SDKs/MacOSX26.1.sdk/usr/include/sys/_pthread/_pthread_rwlockattr_t.h
/Applications/Xcode.app/Contents/Developer/Platforms/MacOSX.platform/Developer/SDKs/MacOSX26.1.sdk/usr/include/sys/_pthread/_pthread_t.h
/Applications/Xcode.app/Contents/Developer/Platforms/MacOSX.platform/Developer/SDKs/MacOSX26.1.sdk/usr/include/sys/_pthread/_pthread_key_t.h
/Applications/Xcode.app/Contents/Developer/Platforms/MacOSX.platform/Developer/SDKs/MacOSX26.1.sdk/usr/include/sys/_types/_fsblkcnt_t.h
/Applications/Xcode.app/Contents/Developer/Platforms/MacOSX.platform/Developer/SDKs/MacOSX26.1.sdk/usr/include/sys/_types/_fsfilcnt_t.h
/Applications/Xcode.app/Contents/Developer/Platforms/MacOSX.platform/Developer/SDKs/MacOSX26.1.sdk/usr/include/_types.h
/Applications/Xcode.app/Contents/Developer/Platforms/MacOSX.platform/Developer/SDKs/MacOSX26.1.sdk/usr/include/_types/_nl_item.h
/Applications/Xcode.app/Contents/Developer/Platforms/MacOSX.platform/Developer/SDKs/MacOSX26.1.sdk/usr/include/runetype.h
/Applications/Xcode.app/Contents/Developer/Platforms/MacOSX.platform/Developer/SDKs/MacOSX26.1.sdk/usr/include/sys/_types/_ct_rune_t.h
/Applications/Xcode.app/Contents/Developer/Platforms/MacOSX.platform/Developer/SDKs/MacOSX26.1.sdk/usr/include/sys/_types/_rune_t.h
/Applications/Xcode.app/Contents/Developer/Platforms/MacOSX.platform/Developer/SDKs/MacOSX26.1.sdk/usr/include/sys/_types/_wint_t.h
/Applications/Xcode.app/Contents/Developer/Platforms/MacOSX.platform/Developer/SDKs/MacOSX26.1.sdk/usr/include/alloca.h
/Applications/Xcode.app/Contents/Developer/Platforms/MacOSX.platform/Developer/SDKs/MacOSX26.1.sdk/usr/include/i386/endian.h
/Applications/Xcode.app/Contents/Developer/Platforms/MacOSX.platform/Developer/SDKs/MacOSX26.1.sdk/usr/include/libkern/i386/_OSByteOrder.h
/Applications/Xcode.app/Contents/Developer/Platforms/MacOSX.platform/Developer/SDKs/MacOSX26.1.sdk/usr/include/secure/_common.h
/Applications/Xcode.app/Contents/Developer/Platforms/MacOSX.platform/Developer/SDKs/MacOSX26.1.sdk/usr/include/sys/_types/_mach_port_t.h
/Applications/Xcode.app/Contents/Developer/Platforms/MacOSX.platform/Developer/SDKs/MacOSX26.1.sdk/usr/include/sys/_types/_offsetof.h
/Applications/Xcode.app/Contents/Developer/Platforms/MacOSX.platform/Developer/SDKs/MacOSX26.1.sdk/usr/include/_strings.h
/Applications/Xcode.app/Contents/Developer/Platforms/MacOSX.platform/Developer/SDKs/MacOSX26.1.sdk/usr/include/secure/_strings.h
/Applications/Xcode.app/Contents/Developer/Platforms/MacOSX.platform/Developer/SDKs/MacOSX26.1.sdk/usr/include/sys/_types/_timeval.h
/Applications/Xcode.app/Contents/Developer/Platforms/MacOSX.platform/Developer/SDKs/MacOSX26.1.sdk/usr/include/sys/_types/_uuid_t.h
/Applications/Xcode.app/Contents/Developer/Platforms/MacOSX.platform/Developer/SDKs/MacOSX26.1.sdk/usr/include/i386/types.h
/Applications/Xcode.app/Contents/Developer/Platforms/MacOSX.platform/Developer/SDKs/MacOSX26.1.sdk/usr/include/i386/_types.h
/Applications/Xcode.app/Contents/Developer/Platforms/MacOSX.platform/Developer/SDKs/MacOSX26.1.sdk/usr/include/_ctype.h
/Applications/Xcode.app/Contents/Developer/Platforms/MacOSX.platform/Developer/SDKs/MacOSX26.1.sdk/usr/include/xlocale/_ctype.h
/Applications/Xcode.app/Contents/Developer/Platforms/MacOSX.platform/Developer/SDKs/MacOSX26.1.sdk/usr/include/locale.h
/Applications/Xcode.app/Contents/Developer/Platforms/MacOSX.platform/Developer/SDKs/MacOSX26.1.sdk/usr/include/_locale.h
/Applications/Xcode.app/Contents/Developer/Platforms/MacOSX.platform/Developer/SDKs/MacOSX26.1.sdk/usr/include/_locale_posix2008.h
/Applications/Xcode.app/Contents/Developer/Platforms/MacOSX.platform/Developer/SDKs/MacOSX26.1.sdk/usr/include/stdint.h
/Applications/Xcode.app/Contents/Developer/Platforms/MacOSX.platform/Developer/SDKs/MacOSX26.1.sdk/usr/include/_types/_uint8_t.h
/Applications/Xcode.app/Contents/Developer/Platforms/MacOSX.platform/Developer/SDKs/MacOSX26.1.sdk/usr/include/_types/_uint16_t.h
/Applications/Xcode.app/Contents/Developer/Platforms/MacOSX.platform/Developer/SDKs/MacOSX26.1.sdk/usr/include/_types/_uint32_t.h
/Applications/Xcode.app/Contents/Developer/Platforms/MacOSX.platform/Developer/SDKs/MacOSX26.1.sdk/usr/include/_types/_uint64_t.h
/Applications/Xcode.app/Contents/Developer/Platforms/MacOSX.platform/Developer/SDKs/MacOSX26.1.sdk/usr/include/_types/_intmax_t.h
/Applications/Xcode.app/Contents/Developer/Platforms/MacOSX.platform/Developer/SDKs/MacOSX26.1.sdk/usr/include/_types/_uintmax_t.h
/Applications/Xcode.app/Contents/Developer/Platforms/MacOSX.platform/Developer/SDKs/MacOSX26.1.sdk/usr/include/_stdio.h
/Applications/Xcode.app/Contents/Developer/Platforms/MacOSX.platform/Developer/SDKs/MacOSX26.1.sdk/usr/include/sys/stdio.h
/Applications/Xcode.app/Contents/Developer/Platforms/MacOSX.platform/Developer/SDKs/MacOSX26.1.sdk/usr/include/_printf.h
/Applications/Xcode.app/Contents/Developer/Platforms/MacOSX.platform/Developer/SDKs/MacOSX26.1.sdk/usr/include/sys/_types/_seek_set.h
/Applications/Xcode.app/Contents/Developer/Platforms/MacOSX.platform/Developer/SDKs/MacOSX26.1.sdk/usr/include/_ctermid.h
/Applications/Xcode.app/Contents/Developer/Platforms/MacOSX.platform/Developer/SDKs/MacOSX26.1.sdk/usr/include/secure/_stdio.h
/Applications/Xcode.app/Contents/Developer/Platforms/MacOSX.platform/Developer/SDKs/MacOSX26.1.sdk/usr/include/xlocale/_stdio.h
/Applications/Xcode.app/Contents/Developer/Platforms/MacOSX.platform/Developer/SDKs/MacOSX26.1.sdk/usr/include/_string.h
/Applications/Xcode.app/Contents/Developer/Platforms/MacOSX.platform/Developer/SDKs/MacOSX26.1.sdk/usr/include/secure/_string.h
/Applications/Xcode.app/Contents/Developer/Platforms/MacOSX.platform/Developer/SDKs/MacOSX26.1.sdk/usr/include/xlocale/_string.h
/Applications/Xcode.app/Contents/Developer/Platforms/MacOSX.platform/Developer/SDKs/MacOSX26.1.sdk/usr/include/tgmath.h
/Applications/Xcode.app/Contents/Developer/Platforms/MacOSX.platform/Developer/SDKs/MacOSX26.1.sdk/usr/include/_time.h
/Applications/Xcode.app/Contents/Developer/Platforms/MacOSX.platform/Developer/SDKs/MacOSX26.1.sdk/usr/include/sys/_types/_timespec.h
/Applications/Xcode.app/Contents/Developer/Platforms/MacOSX.platform/Developer/SDKs/MacOSX26.1.sdk/usr/include/xlocale/_time.h
/Applications/Xcode.app/Contents/Developer/Platforms/MacOSX.platform/Developer/SDKs/MacOSX26.1.sdk/SDKSettings.json
/Applications/Xcode.app/Contents/Developer/Toolchains/XcodeDefault.xctoolchain/usr/lib/swift/macosx/prebuilt-modules/26.1/_DarwinFoundation2.swiftmodule/arm64e-apple-macos.swiftmodule
/Applications/Xcode.app/Contents/Developer/Toolchains/XcodeDefault.xctoolchain/usr/lib/swift/macosx/prebuilt-modules/26.1/_DarwinFoundation3.swiftmodule/arm64e-apple-macos.swiftmodule
/Applications/Xcode.app/Contents/Developer/Platforms/MacOSX.platform/Developer/SDKs/MacOSX26.1.sdk/usr/include/DarwinFoundation2.modulemap
/Applications/Xcode.app/Contents/Developer/Platforms/MacOSX.platform/Developer/SDKs/MacOSX26.1.sdk/usr/include/DarwinFoundation3.modulemap
/Applications/Xcode.app/Contents/Developer/Platforms/MacOSX.platform/Developer/SDKs/MacOSX26.1.sdk/usr/include/DarwinFoundation1.modulemap
/Applications/Xcode.app/Contents/Developer/Platforms/MacOSX.platform/Developer/SDKs/MacOSX26.1.sdk/usr/include/pthread/pthread.h
/Applications/Xcode.app/Contents/Developer/Platforms/MacOSX.platform/Developer/SDKs/MacOSX26.1.sdk/usr/include/pthread/sched.h
/Applications/Xcode.app/Contents/Developer/Platforms/MacOSX.platform/Developer/SDKs/MacOSX26.1.sdk/usr/include/pthread/pthread_impl.h
/Applications/Xcode.app/Contents/Developer/Platforms/MacOSX.platform/Developer/SDKs/MacOSX26.1.sdk/usr/include/time.h
/Applications/Xcode.app/Contents/Developer/Platforms/MacOSX.platform/Developer/SDKs/MacOSX26.1.sdk/usr/include/pthread/qos.h
/Applications/Xcode.app/Contents/Developer/Platforms/MacOSX.platform/Developer/SDKs/MacOSX26.1.sdk/usr/include/sys/_types/_sigset_t.h
/Applications/Xcode.app/Contents/Developer/Platforms/MacOSX.platform/Developer/SDKs/MacOSX26.1.sdk/usr/include/sys/resource.h
/Applications/Xcode.app/Contents/Developer/Toolchains/XcodeDefault.xctoolchain/usr/lib/swift/clang/include/module.modulemap
/Applications/Xcode.app/Contents/Developer/Platforms/MacOSX.platform/Developer/SDKs/MacOSX26.1.sdk/usr/include/sys/select.h
/Applications/Xcode.app/Contents/Developer/Platforms/MacOSX.platform/Developer/SDKs/MacOSX26.1.sdk/usr/include/sys/_select.h
/Applications/Xcode.app/Contents/Developer/Platforms/MacOSX.platform/Developer/SDKs/MacOSX26.1.sdk/usr/include/sys/wait.h
/Applications/Xcode.app/Contents/Developer/Platforms/MacOSX.platform/Developer/SDKs/MacOSX26.1.sdk/usr/include/sys/signal.h
/Applications/Xcode.app/Contents/Developer/Platforms/MacOSX.platform/Developer/SDKs/MacOSX26.1.sdk/usr/include/machine/signal.h
/Applications/Xcode.app/Contents/Developer/Platforms/MacOSX.platform/Developer/SDKs/MacOSX26.1.sdk/usr/include/arm/signal.h
/Applications/Xcode.app/Contents/Developer/Platforms/MacOSX.platform/Developer/SDKs/MacOSX26.1.sdk/usr/include/machine/_mcontext.h
/Applications/Xcode.app/Contents/Developer/Platforms/MacOSX.platform/Developer/SDKs/MacOSX26.1.sdk/usr/include/arm/_mcontext.h
/Applications/Xcode.app/Contents/Developer/Platforms/MacOSX.platform/Developer/SDKs/MacOSX26.1.sdk/usr/include/mach/machine/_structs.h
/Applications/Xcode.app/Contents/Developer/Platforms/MacOSX.platform/Developer/SDKs/MacOSX26.1.sdk/usr/include/mach/arm/_structs.h
/Applications/Xcode.app/Contents/Developer/Platforms/MacOSX.platform/Developer/SDKs/MacOSX26.1.sdk/usr/include/sys/_types/_sigaltstack.h
/Applications/Xcode.app/Contents/Developer/Platforms/MacOSX.platform/Developer/SDKs/MacOSX26.1.sdk/usr/include/sys/_types/_ucontext.h
/Applications/Xcode.app/Contents/Developer/Platforms/MacOSX.platform/Developer/SDKs/MacOSX26.1.sdk/usr/include/unistd.h
/Applications/Xcode.app/Contents/Developer/Platforms/MacOSX.platform/Developer/SDKs/MacOSX26.1.sdk/usr/include/sys/unistd.h
/Applications/Xcode.app/Contents/Developer/Platforms/MacOSX.platform/Developer/SDKs/MacOSX26.1.sdk/usr/include/sys/_types/_posix_vdisable.h
/Applications/Xcode.app/Contents/Developer/Platforms/MacOSX.platform/Developer/SDKs/MacOSX26.1.sdk/usr/include/gethostuuid.h
/Applications/Xcode.app/Contents/Developer/Platforms/MacOSX.platform/Developer/SDKs/MacOSX26.1.sdk/usr/include/mach/i386/_structs.h
/Applications/Xcode.app/Contents/Developer/Platforms/MacOSX.platform/Developer/SDKs/MacOSX26.1.sdk/usr/include/_inttypes.h
/Applications/Xcode.app/Contents/Developer/Platforms/MacOSX.platform/Developer/SDKs/MacOSX26.1.sdk/usr/include/xlocale/_inttypes.h
/Applications/Xcode.app/Contents/Developer/Toolchains/XcodeDefault.xctoolchain/usr/lib/swift/clang/include/stddef.h
/Applications/Xcode.app/Contents/Developer/Platforms/MacOSX.platform/Developer/SDKs/MacOSX26.1.sdk/usr/include/signal.h
/Applications/Xcode.app/Contents/Developer/Platforms/MacOSX.platform/Developer/SDKs/MacOSX26.1.sdk/usr/include/i386/signal.h
/Applications/Xcode.app/Contents/Developer/Platforms/MacOSX.platform/Developer/SDKs/MacOSX26.1.sdk/usr/include/i386/_mcontext.h
/Applications/Xcode.app/Contents/Developer/Platforms/MacOSX.platform/Developer/SDKs/MacOSX26.1.sdk/usr/include/_stdlib.h
/Applications/Xcode.app/Contents/Developer/Platforms/MacOSX.platform/Developer/SDKs/MacOSX26.1.sdk/usr/include/malloc/_malloc.h
/Applications/Xcode.app/Contents/Developer/Platforms/MacOSX.platform/Developer/SDKs/MacOSX26.1.sdk/usr/include/malloc/_malloc_type.h
/Applications/Xcode.app/Contents/Developer/Platforms/MacOSX.platform/Developer/SDKs/MacOSX26.1.sdk/usr/include/malloc/_ptrcheck.h
/Applications/Xcode.app/Contents/Developer/Platforms/MacOSX.platform/Developer/SDKs/MacOSX26.1.sdk/usr/include/_abort.h
/Applications/Xcode.app/Contents/Developer/Platforms/MacOSX.platform/Developer/SDKs/MacOSX26.1.sdk/usr/include/xlocale/_stdlib.h
/Applications/Xcode.app/Contents/Developer/Platforms/MacOSX.platform/Developer/SDKs/MacOSX26.1.sdk/usr/include/_wchar.h
/Applications/Xcode.app/Contents/Developer/Platforms/MacOSX.platform/Developer/SDKs/MacOSX26.1.sdk/usr/include/sys/_types/_mbstate_t.h
/Applications/Xcode.app/Contents/Developer/Toolchains/XcodeDefault.xctoolchain/usr/lib/swift/clang/include/stdarg.h
/Applications/Xcode.app/Contents/Developer/Platforms/MacOSX.platform/Developer/SDKs/MacOSX26.1.sdk/usr/include/stdio.h
/Applications/Xcode.app/Contents/Developer/Platforms/MacOSX.platform/Developer/SDKs/MacOSX26.1.sdk/usr/include/__wctype.h
/Applications/Xcode.app/Contents/Developer/Platforms/MacOSX.platform/Developer/SDKs/MacOSX26.1.sdk/usr/include/___wctype.h
/Applications/Xcode.app/Contents/Developer/Platforms/MacOSX.platform/Developer/SDKs/MacOSX26.1.sdk/usr/include/_types/_wctype_t.h
/Applications/Xcode.app/Contents/Developer/Platforms/MacOSX.platform/Developer/SDKs/MacOSX26.1.sdk/usr/include/ctype.h
/Applications/Xcode.app/Contents/Developer/Platforms/MacOSX.platform/Developer/SDKs/MacOSX26.1.sdk/usr/include/xlocale/_wchar.h
/Applications/Xcode.app/Contents/Developer/Platforms/MacOSX.platform/Developer/SDKs/MacOSX26.1.sdk/usr/include/_wctype.h
/Applications/Xcode.app/Contents/Developer/Platforms/MacOSX.platform/Developer/SDKs/MacOSX26.1.sdk/usr/include/_types/_wctrans_t.h
/Applications/Xcode.app/Contents/Developer/Platforms/MacOSX.platform/Developer/SDKs/MacOSX26.1.sdk/usr/include/xlocale/_wctype.h
/Applications/Xcode.app/Contents/Developer/Platforms/MacOSX.platform/Developer/SDKs/MacOSX26.1.sdk/usr/include/xlocale/___wctype.h
/Applications/Xcode.app/Contents/Developer/Platforms/MacOSX.platform/Developer/SDKs/MacOSX26.1.sdk/SDKSettings.json
/Applications/Xcode.app/Contents/Developer/Toolchains/XcodeDefault.xctoolchain/usr/lib/swift/macosx/prebuilt-modules/26.1/_StringProcessing.swiftmodule/arm64e-apple-macos.swiftmodule
/Applications/Xcode.app/Contents/Developer/Platforms/MacOSX.platform/Developer/SDKs/MacOSX26.1.sdk/usr/lib/swift/shims/module.modulemap
/Applications/Xcode.app/Contents/Developer/Platforms/MacOSX.platform/Developer/SDKs/MacOSX26.1.sdk/usr/lib/swift/shims/_SwiftConcurrency.h
/Applications/Xcode.app/Contents/Developer/Platforms/MacOSX.platform/Developer/SDKs/MacOSX26.1.sdk/SDKSettings.json
/Applications/Xcode.app/Contents/Developer/Platforms/MacOSX.platform/Developer/SDKs/MacOSX26.1.sdk/usr/include/launch.modulemap
/Applications/Xcode.app/Contents/Developer/Platforms/MacOSX.platform/Developer/SDKs/MacOSX26.1.sdk/usr/include/Darwin.modulemap
/Applications/Xcode.app/Contents/Developer/Platforms/MacOSX.platform/Developer/SDKs/MacOSX26.1.sdk/usr/include/Darwin_C.modulemap
/Applications/Xcode.app/Contents/Developer/Platforms/MacOSX.platform/Developer/SDKs/MacOSX26.1.sdk/usr/include/Darwin_POSIX.modulemap
/Applications/Xcode.app/Contents/Developer/Platforms/MacOSX.platform/Developer/SDKs/MacOSX26.1.sdk/usr/include/net.modulemap
/Applications/Xcode.app/Contents/Developer/Platforms/MacOSX.platform/Developer/SDKs/MacOSX26.1.sdk/usr/include/netinet.modulemap
/Applications/Xcode.app/Contents/Developer/Platforms/MacOSX.platform/Developer/SDKs/MacOSX26.1.sdk/usr/include/bank.modulemap
/Applications/Xcode.app/Contents/Developer/Platforms/MacOSX.platform/Developer/SDKs/MacOSX26.1.sdk/usr/include/Darwin_Mach.modulemap
/Applications/Xcode.app/Contents/Developer/Platforms/MacOSX.platform/Developer/SDKs/MacOSX26.1.sdk/usr/include/Darwin_Mach_machine.modulemap
/Applications/Xcode.app/Contents/Developer/Platforms/MacOSX.platform/Developer/SDKs/MacOSX26.1.sdk/usr/include/mach_debug.modulemap
/Applications/Xcode.app/Contents/Developer/Platforms/MacOSX.platform/Developer/SDKs/MacOSX26.1.sdk/usr/include/device.modulemap
/Applications/Xcode.app/Contents/Developer/Platforms/MacOSX.platform/Developer/SDKs/MacOSX26.1.sdk/usr/include/Darwin_machine.modulemap
/Applications/Xcode.app/Contents/Developer/Platforms/MacOSX.platform/Developer/SDKs/MacOSX26.1.sdk/usr/include/ncurses.modulemap
/Applications/Xcode.app/Contents/Developer/Platforms/MacOSX.platform/Developer/SDKs/MacOSX26.1.sdk/usr/include/netinet6.modulemap
/Applications/Xcode.app/Contents/Developer/Platforms/MacOSX.platform/Developer/SDKs/MacOSX26.1.sdk/usr/include/Darwin_sys.modulemap
/Applications/Xcode.app/Contents/Developer/Platforms/MacOSX.platform/Developer/SDKs/MacOSX26.1.sdk/usr/include/uuid.modulemap
/Applications/Xcode.app/Contents/Developer/Platforms/MacOSX.platform/Developer/SDKs/MacOSX26.1.sdk/usr/include/DarwinFoundation1.modulemap
/Applications/Xcode.app/Contents/Developer/Platforms/MacOSX.platform/Developer/SDKs/MacOSX26.1.sdk/usr/include/launch.h
/Applications/Xcode.app/Contents/Developer/Toolchains/XcodeDefault.xctoolchain/usr/lib/swift/clang/include/module.modulemap
/Applications/Xcode.app/Contents/Developer/Toolchains/XcodeDefault.xctoolchain/usr/lib/swift/clang/include/stddef.h
/Applications/Xcode.app/Contents/Developer/Platforms/MacOSX.platform/Developer/SDKs/MacOSX26.1.sdk/SDKSettings.json
/Applications/Xcode.app/Contents/Developer/Platforms/MacOSX.platform/Developer/SDKs/MacOSX26.1.sdk/usr/include/libDER/module.modulemap
/Applications/Xcode.app/Contents/Developer/Platforms/MacOSX.platform/Developer/SDKs/MacOSX26.1.sdk/usr/include/libDER/DERItem.h
/Applications/Xcode.app/Contents/Developer/Platforms/MacOSX.platform/Developer/SDKs/MacOSX26.1.sdk/usr/include/libDER/libDER_config.h
/Applications/Xcode.app/Contents/Developer/Toolchains/XcodeDefault.xctoolchain/usr/lib/swift/clang/include/module.modulemap
/Applications/Xcode.app/Contents/Developer/Toolchains/XcodeDefault.xctoolchain/usr/lib/swift/clang/include/stddef.h
/Applications/Xcode.app/Contents/Developer/Platforms/MacOSX.platform/Developer/SDKs/MacOSX26.1.sdk/usr/include/DarwinFoundation2.modulemap
/Applications/Xcode.app/Contents/Developer/Platforms/MacOSX.platform/Developer/SDKs/MacOSX26.1.sdk/usr/include/DarwinFoundation1.modulemap
/Applications/Xcode.app/Contents/Developer/Platforms/MacOSX.platform/Developer/SDKs/MacOSX26.1.sdk/usr/include/string.h
/Applications/Xcode.app/Contents/Developer/Platforms/MacOSX.platform/Developer/SDKs/MacOSX26.1.sdk/SDKSettings.json
/Applications/Xcode.app/Contents/Developer/Platforms/MacOSX.platform/Developer/SDKs/MacOSX26.1.sdk/usr/include/libkern.modulemap
/Applications/Xcode.app/Contents/Developer/Platforms/MacOSX.platform/Developer/SDKs/MacOSX26.1.sdk/usr/include/Darwin.modulemap
/Applications/Xcode.app/Contents/Developer/Platforms/MacOSX.platform/Developer/SDKs/MacOSX26.1.sdk/usr/include/Darwin_C.modulemap
/Applications/Xcode.app/Contents/Developer/Platforms/MacOSX.platform/Developer/SDKs/MacOSX26.1.sdk/usr/include/Darwin_POSIX.modulemap
/Applications/Xcode.app/Contents/Developer/Platforms/MacOSX.platform/Developer/SDKs/MacOSX26.1.sdk/usr/include/net.modulemap
/Applications/Xcode.app/Contents/Developer/Platforms/MacOSX.platform/Developer/SDKs/MacOSX26.1.sdk/usr/include/netinet.modulemap
/Applications/Xcode.app/Contents/Developer/Platforms/MacOSX.platform/Developer/SDKs/MacOSX26.1.sdk/usr/include/bank.modulemap
/Applications/Xcode.app/Contents/Developer/Platforms/MacOSX.platform/Developer/SDKs/MacOSX26.1.sdk/usr/include/Darwin_Mach.modulemap
/Applications/Xcode.app/Contents/Developer/Platforms/MacOSX.platform/Developer/SDKs/MacOSX26.1.sdk/usr/include/Darwin_Mach_machine.modulemap
/Applications/Xcode.app/Contents/Developer/Platforms/MacOSX.platform/Developer/SDKs/MacOSX26.1.sdk/usr/include/mach_debug.modulemap
/Applications/Xcode.app/Contents/Developer/Platforms/MacOSX.platform/Developer/SDKs/MacOSX26.1.sdk/usr/include/device.modulemap
/Applications/Xcode.app/Contents/Developer/Platforms/MacOSX.platform/Developer/SDKs/MacOSX26.1.sdk/usr/include/Darwin_machine.modulemap
/Applications/Xcode.app/Contents/Developer/Platforms/MacOSX.platform/Developer/SDKs/MacOSX26.1.sdk/usr/include/ncurses.modulemap
/Applications/Xcode.app/Contents/Developer/Platforms/MacOSX.platform/Developer/SDKs/MacOSX26.1.sdk/usr/include/netinet6.modulemap
/Applications/Xcode.app/Contents/Developer/Platforms/MacOSX.platform/Developer/SDKs/MacOSX26.1.sdk/usr/include/Darwin_sys.modulemap
/Applications/Xcode.app/Contents/Developer/Platforms/MacOSX.platform/Developer/SDKs/MacOSX26.1.sdk/usr/include/uuid.modulemap
/Applications/Xcode.app/Contents/Developer/Platforms/MacOSX.platform/Developer/SDKs/MacOSX26.1.sdk/usr/include/DarwinFoundation1.modulemap
/Applications/Xcode.app/Contents/Developer/Platforms/MacOSX.platform/Developer/SDKs/MacOSX26.1.sdk/usr/include/libkern/OSCacheControl.h
/Applications/Xcode.app/Contents/Developer/Toolchains/XcodeDefault.xctoolchain/usr/lib/swift/clang/include/module.modulemap
/Applications/Xcode.app/Contents/Developer/Toolchains/XcodeDefault.xctoolchain/usr/lib/swift/clang/include/stddef.h
/Applications/Xcode.app/Contents/Developer/Platforms/MacOSX.platform/Developer/SDKs/MacOSX26.1.sdk/usr/include/libkern/OSDebug.h
/Applications/Xcode.app/Contents/Developer/Platforms/MacOSX.platform/Developer/SDKs/MacOSX26.1.sdk/usr/include/libkern/OSReturn.h
/Applications/Xcode.app/Contents/Developer/Platforms/MacOSX.platform/Developer/SDKs/MacOSX26.1.sdk/usr/include/libkern/OSThermalNotification.h
/Applications/Xcode.app/Contents/Developer/Platforms/MacOSX.platform/Developer/SDKs/MacOSX26.1.sdk/usr/include/libkern/OSTypes.h
/Applications/Xcode.app/Contents/Developer/Platforms/MacOSX.platform/Developer/SDKs/MacOSX26.1.sdk/usr/include/libkern/OSKextLib.h
/Applications/Xcode.app/Contents/Developer/Platforms/MacOSX.platform/Developer/SDKs/MacOSX26.1.sdk/SDKSettings.json
/Applications/Xcode.app/Contents/Developer/Platforms/MacOSX.platform/Developer/SDKs/MacOSX26.1.sdk/usr/include/os.apinotes
/Applications/Xcode.app/Contents/Developer/Platforms/MacOSX.platform/Developer/SDKs/MacOSX26.1.sdk/usr/include/xpc.modulemap
/Applications/Xcode.app/Contents/Developer/Platforms/MacOSX.platform/Developer/SDKs/MacOSX26.1.sdk/usr/include/DarwinBasic.modulemap
/Applications/Xcode.app/Contents/Developer/Platforms/MacOSX.platform/Developer/SDKs/MacOSX26.1.sdk/usr/include/os.modulemap
/Applications/Xcode.app/Contents/Developer/Platforms/MacOSX.platform/Developer/SDKs/MacOSX26.1.sdk/usr/include/Darwin.modulemap
/Applications/Xcode.app/Contents/Developer/Platforms/MacOSX.platform/Developer/SDKs/MacOSX26.1.sdk/usr/include/Darwin_C.modulemap
/Applications/Xcode.app/Contents/Developer/Platforms/MacOSX.platform/Developer/SDKs/MacOSX26.1.sdk/usr/include/Darwin_POSIX.modulemap
/Applications/Xcode.app/Contents/Developer/Platforms/MacOSX.platform/Developer/SDKs/MacOSX26.1.sdk/usr/include/net.modulemap
/Applications/Xcode.app/Contents/Developer/Platforms/MacOSX.platform/Developer/SDKs/MacOSX26.1.sdk/usr/include/netinet.modulemap
/Applications/Xcode.app/Contents/Developer/Platforms/MacOSX.platform/Developer/SDKs/MacOSX26.1.sdk/usr/include/bank.modulemap
/Applications/Xcode.app/Contents/Developer/Platforms/MacOSX.platform/Developer/SDKs/MacOSX26.1.sdk/usr/include/Darwin_Mach.modulemap
/Applications/Xcode.app/Contents/Developer/Platforms/MacOSX.platform/Developer/SDKs/MacOSX26.1.sdk/usr/include/Darwin_Mach_machine.modulemap
/Applications/Xcode.app/Contents/Developer/Platforms/MacOSX.platform/Developer/SDKs/MacOSX26.1.sdk/usr/include/mach_debug.modulemap
/Applications/Xcode.app/Contents/Developer/Platforms/MacOSX.platform/Developer/SDKs/MacOSX26.1.sdk/usr/include/device.modulemap
/Applications/Xcode.app/Contents/Developer/Platforms/MacOSX.platform/Developer/SDKs/MacOSX26.1.sdk/usr/include/Darwin_machine.modulemap
/Applications/Xcode.app/Contents/Developer/Platforms/MacOSX.platform/Developer/SDKs/MacOSX26.1.sdk/usr/include/ncurses.modulemap
/Applications/Xcode.app/Contents/Developer/Platforms/MacOSX.platform/Developer/SDKs/MacOSX26.1.sdk/usr/include/netinet6.modulemap
/Applications/Xcode.app/Contents/Developer/Platforms/MacOSX.platform/Developer/SDKs/MacOSX26.1.sdk/usr/include/Darwin_sys.modulemap
/Applications/Xcode.app/Contents/Developer/Platforms/MacOSX.platform/Developer/SDKs/MacOSX26.1.sdk/usr/include/uuid.modulemap
/Applications/Xcode.app/Contents/Developer/Platforms/MacOSX.platform/Developer/SDKs/MacOSX26.1.sdk/usr/include/DarwinFoundation2.modulemap
/Applications/Xcode.app/Contents/Developer/Platforms/MacOSX.platform/Developer/SDKs/MacOSX26.1.sdk/usr/include/DarwinFoundation3.modulemap
/Applications/Xcode.app/Contents/Developer/Platforms/MacOSX.platform/Developer/SDKs/MacOSX26.1.sdk/usr/include/DarwinFoundation1.modulemap
/Applications/Xcode.app/Contents/Developer/Platforms/MacOSX.platform/Developer/SDKs/MacOSX26.1.sdk/usr/include/os/atomic.h
/Applications/Xcode.app/Contents/Developer/Toolchains/XcodeDefault.xctoolchain/usr/lib/swift/clang/include/module.modulemap
/Applications/Xcode.app/Contents/Developer/Platforms/MacOSX.platform/Developer/SDKs/MacOSX26.1.sdk/usr/include/os/overflow.h
/Applications/Xcode.app/Contents/Developer/Platforms/MacOSX.platform/Developer/SDKs/MacOSX26.1.sdk/usr/include/os/trace_base.h
/Applications/Xcode.app/Contents/Developer/Toolchains/XcodeDefault.xctoolchain/usr/lib/swift/clang/include/stdarg.h
/Applications/Xcode.app/Contents/Developer/Platforms/MacOSX.platform/Developer/SDKs/MacOSX26.1.sdk/usr/include/os/activity.h
/Applications/Xcode.app/Contents/Developer/Platforms/MacOSX.platform/Developer/SDKs/MacOSX26.1.sdk/usr/include/os/log.h
/Applications/Xcode.app/Contents/Developer/Platforms/MacOSX.platform/Developer/SDKs/MacOSX26.1.sdk/usr/include/os/trace.h
/Applications/Xcode.app/Contents/Developer/Platforms/MacOSX.platform/Developer/SDKs/MacOSX26.1.sdk/usr/include/os/signpost.h
/Applications/Xcode.app/Contents/Developer/Platforms/MacOSX.platform/Developer/SDKs/MacOSX26.1.sdk/usr/include/_modules/_os_lock.h
/Applications/Xcode.app/Contents/Developer/Platforms/MacOSX.platform/Developer/SDKs/MacOSX26.1.sdk/usr/include/_modules/_os_object.h
/Applications/Xcode.app/Contents/Developer/Platforms/MacOSX.platform/Developer/SDKs/MacOSX26.1.sdk/usr/include/_modules/_os_workgroup.h
/Applications/Xcode.app/Contents/Developer/Platforms/MacOSX.platform/Developer/SDKs/MacOSX26.1.sdk/SDKSettings.json
/Applications/Xcode.app/Contents/Developer/Toolchains/XcodeDefault.xctoolchain/usr/lib/swift/macosx/prebuilt-modules/26.1/os.swiftmodule/arm64e-apple-macos.swiftmodule
/Applications/Xcode.app/Contents/Developer/Platforms/MacOSX.platform/Developer/SDKs/MacOSX26.1.sdk/usr/include/os.modulemap
/Applications/Xcode.app/Contents/Developer/Platforms/MacOSX.platform/Developer/SDKs/MacOSX26.1.sdk/usr/include/ObjectiveC.modulemap
/Applications/Xcode.app/Contents/Developer/Platforms/MacOSX.platform/Developer/SDKs/MacOSX26.1.sdk/usr/include/Darwin.modulemap
/Applications/Xcode.app/Contents/Developer/Platforms/MacOSX.platform/Developer/SDKs/MacOSX26.1.sdk/usr/include/Darwin_C.modulemap
/Applications/Xcode.app/Contents/Developer/Platforms/MacOSX.platform/Developer/SDKs/MacOSX26.1.sdk/usr/include/Darwin_POSIX.modulemap
/Applications/Xcode.app/Contents/Developer/Platforms/MacOSX.platform/Developer/SDKs/MacOSX26.1.sdk/usr/include/net.modulemap
/Applications/Xcode.app/Contents/Developer/Platforms/MacOSX.platform/Developer/SDKs/MacOSX26.1.sdk/usr/include/netinet.modulemap
/Applications/Xcode.app/Contents/Developer/Platforms/MacOSX.platform/Developer/SDKs/MacOSX26.1.sdk/usr/include/bank.modulemap
/Applications/Xcode.app/Contents/Developer/Platforms/MacOSX.platform/Developer/SDKs/MacOSX26.1.sdk/usr/include/Darwin_Mach.modulemap
/Applications/Xcode.app/Contents/Developer/Platforms/MacOSX.platform/Developer/SDKs/MacOSX26.1.sdk/usr/include/Darwin_Mach_machine.modulemap
/Applications/Xcode.app/Contents/Developer/Platforms/MacOSX.platform/Developer/SDKs/MacOSX26.1.sdk/usr/include/mach_debug.modulemap
/Applications/Xcode.app/Contents/Developer/Platforms/MacOSX.platform/Developer/SDKs/MacOSX26.1.sdk/usr/include/device.modulemap
/Applications/Xcode.app/Contents/Developer/Platforms/MacOSX.platform/Developer/SDKs/MacOSX26.1.sdk/usr/include/Darwin_machine.modulemap
/Applications/Xcode.app/Contents/Developer/Platforms/MacOSX.platform/Developer/SDKs/MacOSX26.1.sdk/usr/include/ncurses.modulemap
/Applications/Xcode.app/Contents/Developer/Platforms/MacOSX.platform/Developer/SDKs/MacOSX26.1.sdk/usr/include/netinet6.modulemap
/Applications/Xcode.app/Contents/Developer/Platforms/MacOSX.platform/Developer/SDKs/MacOSX26.1.sdk/usr/include/Darwin_sys.modulemap
/Applications/Xcode.app/Contents/Developer/Platforms/MacOSX.platform/Developer/SDKs/MacOSX26.1.sdk/usr/include/uuid.modulemap
/Applications/Xcode.app/Contents/Developer/Platforms/MacOSX.platform/Developer/SDKs/MacOSX26.1.sdk/usr/include/DarwinFoundation1.modulemap
/Applications/Xcode.app/Contents/Developer/Platforms/MacOSX.platform/Developer/SDKs/MacOSX26.1.sdk/usr/include/os/object.h
/Applications/Xcode.app/Contents/Developer/Platforms/MacOSX.platform/Developer/SDKs/MacOSX26.1.sdk/SDKSettings.json
/Applications/Xcode.app/Contents/Developer/Platforms/MacOSX.platform/Developer/SDKs/MacOSX26.1.sdk/usr/include/os.modulemap
/Applications/Xcode.app/Contents/Developer/Platforms/MacOSX.platform/Developer/SDKs/MacOSX26.1.sdk/usr/include/Darwin.modulemap
/Applications/Xcode.app/Contents/Developer/Platforms/MacOSX.platform/Developer/SDKs/MacOSX26.1.sdk/usr/include/Darwin_C.modulemap
/Applications/Xcode.app/Contents/Developer/Platforms/MacOSX.platform/Developer/SDKs/MacOSX26.1.sdk/usr/include/Darwin_POSIX.modulemap
/Applications/Xcode.app/Contents/Developer/Platforms/MacOSX.platform/Developer/SDKs/MacOSX26.1.sdk/usr/include/net.modulemap
/Applications/Xcode.app/Contents/Developer/Platforms/MacOSX.platform/Developer/SDKs/MacOSX26.1.sdk/usr/include/netinet.modulemap
/Applications/Xcode.app/Contents/Developer/Platforms/MacOSX.platform/Developer/SDKs/MacOSX26.1.sdk/usr/include/bank.modulemap
/Applications/Xcode.app/Contents/Developer/Platforms/MacOSX.platform/Developer/SDKs/MacOSX26.1.sdk/usr/include/Darwin_Mach.modulemap
/Applications/Xcode.app/Contents/Developer/Platforms/MacOSX.platform/Developer/SDKs/MacOSX26.1.sdk/usr/include/Darwin_Mach_machine.modulemap
/Applications/Xcode.app/Contents/Developer/Platforms/MacOSX.platform/Developer/SDKs/MacOSX26.1.sdk/usr/include/mach_debug.modulemap
/Applications/Xcode.app/Contents/Developer/Platforms/MacOSX.platform/Developer/SDKs/MacOSX26.1.sdk/usr/include/device.modulemap
/Applications/Xcode.app/Contents/Developer/Platforms/MacOSX.platform/Developer/SDKs/MacOSX26.1.sdk/usr/include/Darwin_machine.modulemap
/Applications/Xcode.app/Contents/Developer/Platforms/MacOSX.platform/Developer/SDKs/MacOSX26.1.sdk/usr/include/ncurses.modulemap
/Applications/Xcode.app/Contents/Developer/Platforms/MacOSX.platform/Developer/SDKs/MacOSX26.1.sdk/usr/include/netinet6.modulemap
/Applications/Xcode.app/Contents/Developer/Platforms/MacOSX.platform/Developer/SDKs/MacOSX26.1.sdk/usr/include/Darwin_sys.modulemap
/Applications/Xcode.app/Contents/Developer/Platforms/MacOSX.platform/Developer/SDKs/MacOSX26.1.sdk/usr/include/uuid.modulemap
/Applications/Xcode.app/Contents/Developer/Platforms/MacOSX.platform/Developer/SDKs/MacOSX26.1.sdk/usr/include/DarwinFoundation2.modulemap
/Applications/Xcode.app/Contents/Developer/Platforms/MacOSX.platform/Developer/SDKs/MacOSX26.1.sdk/usr/include/DarwinFoundation3.modulemap
/Applications/Xcode.app/Contents/Developer/Platforms/MacOSX.platform/Developer/SDKs/MacOSX26.1.sdk/usr/include/DarwinFoundation1.modulemap
/Applications/Xcode.app/Contents/Developer/Platforms/MacOSX.platform/Developer/SDKs/MacOSX26.1.sdk/usr/include/os/workgroup.h
/Applications/Xcode.app/Contents/Developer/Platforms/MacOSX.platform/Developer/SDKs/MacOSX26.1.sdk/usr/include/os/workgroup_base.h
/Applications/Xcode.app/Contents/Developer/Toolchains/XcodeDefault.xctoolchain/usr/lib/swift/clang/include/module.modulemap
/Applications/Xcode.app/Contents/Developer/Toolchains/XcodeDefault.xctoolchain/usr/lib/swift/clang/include/stddef.h
/Applications/Xcode.app/Contents/Developer/Platforms/MacOSX.platform/Developer/SDKs/MacOSX26.1.sdk/usr/include/string.h
/Applications/Xcode.app/Contents/Developer/Platforms/MacOSX.platform/Developer/SDKs/MacOSX26.1.sdk/usr/include/stdlib.h
/Applications/Xcode.app/Contents/Developer/Platforms/MacOSX.platform/Developer/SDKs/MacOSX26.1.sdk/usr/include/os/workgroup_object.h
/Applications/Xcode.app/Contents/Developer/Platforms/MacOSX.platform/Developer/SDKs/MacOSX26.1.sdk/usr/include/os/workgroup_interval.h
/Applications/Xcode.app/Contents/Developer/Platforms/MacOSX.platform/Developer/SDKs/MacOSX26.1.sdk/usr/include/os/workgroup_parallel.h
/Applications/Xcode.app/Contents/Developer/Platforms/MacOSX.platform/Developer/SDKs/MacOSX26.1.sdk/SDKSettings.json
/Applications/Xcode.app/Contents/Developer/Toolchains/XcodeDefault.xctoolchain/usr/lib/swift/clang/include/module.modulemap
/Applications/Xcode.app/Contents/Developer/Toolchains/XcodeDefault.xctoolchain/usr/lib/swift/clang/include/ptrauth.h
/Applications/Xcode.app/Contents/Developer/Platforms/MacOSX.platform/Developer/SDKs/MacOSX26.1.sdk/SDKSettings.json
/Applications/Xcode.app/Contents/Developer/Toolchains/XcodeDefault.xctoolchain/usr/lib/swift/clang/include/module.modulemap
/Applications/Xcode.app/Contents/Developer/Toolchains/XcodeDefault.xctoolchain/usr/lib/swift/clang/include/ptrcheck.h
/Applications/Xcode.app/Contents/Developer/Platforms/MacOSX.platform/Developer/SDKs/MacOSX26.1.sdk/SDKSettings.json
/Applications/Xcode.app/Contents/Developer/Platforms/MacOSX.platform/Developer/SDKs/MacOSX26.1.sdk/usr/include/DarwinFoundation2.modulemap
/Applications/Xcode.app/Contents/Developer/Platforms/MacOSX.platform/Developer/SDKs/MacOSX26.1.sdk/usr/include/_modules/_sys_types.h
/Applications/Xcode.app/Contents/Developer/Platforms/MacOSX.platform/Developer/SDKs/MacOSX26.1.sdk/SDKSettings.json

Ld /Users/rogerlin/Library/Developer/Xcode/DerivedData/FinancialCalculatorKit-ackorybalcxbfocbkqsfdzcfkgmn/Build/Products/Debug/SwiftDraw.o normal (in target 'SwiftDraw' from project 'SwiftDraw')
    cd /Users/rogerlin/Library/Developer/Xcode/DerivedData/FinancialCalculatorKit-ackorybalcxbfocbkqsfdzcfkgmn/SourcePackages/checkouts/SwiftDraw
    /Applications/Xcode.app/Contents/Developer/Toolchains/XcodeDefault.xctoolchain/usr/bin/clang -Xlinker -reproducible -target arm64-apple-macos10.15 -r -isysroot /Applications/Xcode.app/Contents/Developer/Platforms/MacOSX.platform/Developer/SDKs/MacOSX26.1.sdk -O0 -w -L/Users/rogerlin/Library/Developer/Xcode/DerivedData/FinancialCalculatorKit-ackorybalcxbfocbkqsfdzcfkgmn/Build/Intermediates.noindex/EagerLinkingTBDs/Debug -L/Users/rogerlin/Library/Developer/Xcode/DerivedData/FinancialCalculatorKit-ackorybalcxbfocbkqsfdzcfkgmn/Build/Products/Debug -L/Applications/Xcode.app/Contents/Developer/Platforms/MacOSX.platform/Developer/usr/lib -F/Users/rogerlin/Library/Developer/Xcode/DerivedData/FinancialCalculatorKit-ackorybalcxbfocbkqsfdzcfkgmn/Build/Intermediates.noindex/EagerLinkingTBDs/Debug -F/Users/rogerlin/Library/Developer/Xcode/DerivedData/FinancialCalculatorKit-ackorybalcxbfocbkqsfdzcfkgmn/Build/Products/Debug/PackageFrameworks -F/Users/rogerlin/Library/Developer/Xcode/DerivedData/FinancialCalculatorKit-ackorybalcxbfocbkqsfdzcfkgmn/Build/Products/Debug -iframework /Applications/Xcode.app/Contents/Developer/Platforms/MacOSX.platform/Developer/Library/Frameworks -filelist /Users/rogerlin/Library/Developer/Xcode/DerivedData/FinancialCalculatorKit-ackorybalcxbfocbkqsfdzcfkgmn/Build/Intermediates.noindex/SwiftDraw.build/Debug/SwiftDraw.build/Objects-normal/arm64/SwiftDraw.LinkFileList -nostdlib -Xlinker -object_path_lto -Xlinker /Users/rogerlin/Library/Developer/Xcode/DerivedData/FinancialCalculatorKit-ackorybalcxbfocbkqsfdzcfkgmn/Build/Intermediates.noindex/SwiftDraw.build/Debug/SwiftDraw.build/Objects-normal/arm64/SwiftDraw_lto.o -rdynamic -Xlinker -no_deduplicate -Xlinker -debug_variant -Xlinker -dependency_info -Xlinker /Users/rogerlin/Library/Developer/Xcode/DerivedData/FinancialCalculatorKit-ackorybalcxbfocbkqsfdzcfkgmn/Build/Intermediates.noindex/SwiftDraw.build/Debug/SwiftDraw.build/Objects-normal/arm64/SwiftDraw_dependency_info.dat -fobjc-link-runtime -L/Applications/Xcode.app/Contents/Developer/Toolchains/XcodeDefault.xctoolchain/usr/lib/swift/macosx -L/usr/lib/swift -Xlinker -add_ast_path -Xlinker /Users/rogerlin/Library/Developer/Xcode/DerivedData/FinancialCalculatorKit-ackorybalcxbfocbkqsfdzcfkgmn/Build/Intermediates.noindex/SwiftDraw.build/Debug/SwiftDraw.build/Objects-normal/arm64/SwiftDraw.swiftmodule @/Users/rogerlin/Library/Developer/Xcode/DerivedData/FinancialCalculatorKit-ackorybalcxbfocbkqsfdzcfkgmn/Build/Intermediates.noindex/SwiftDraw.build/Debug/SwiftDraw.build/Objects-normal/arm64/SwiftDraw-linker-args.resp -o /Users/rogerlin/Library/Developer/Xcode/DerivedData/FinancialCalculatorKit-ackorybalcxbfocbkqsfdzcfkgmn/Build/Products/Debug/SwiftDraw.o

    Task input dependencies:
        /Users/rogerlin/Library/Developer/Xcode/DerivedData/FinancialCalculatorKit-ackorybalcxbfocbkqsfdzcfkgmn/Build/Intermediates.noindex/SwiftDraw.build/Debug/SwiftDraw.build/Objects-normal/arm64/CGImage+Mask.o
        /Users/rogerlin/Library/Developer/Xcode/DerivedData/FinancialCalculatorKit-ackorybalcxbfocbkqsfdzcfkgmn/Build/Intermediates.noindex/SwiftDraw.build/Debug/SwiftDraw.build/Objects-normal/arm64/CGPath+Segment.o
        /Users/rogerlin/Library/Developer/Xcode/DerivedData/FinancialCalculatorKit-ackorybalcxbfocbkqsfdzcfkgmn/Build/Intermediates.noindex/SwiftDraw.build/Debug/SwiftDraw.build/Objects-normal/arm64/CGPattern+Closure.o
        /Users/rogerlin/Library/Developer/Xcode/DerivedData/FinancialCalculatorKit-ackorybalcxbfocbkqsfdzcfkgmn/Build/Intermediates.noindex/SwiftDraw.build/Debug/SwiftDraw.build/Objects-normal/arm64/CGTextRenderer+Code.o
        /Users/rogerlin/Library/Developer/Xcode/DerivedData/FinancialCalculatorKit-ackorybalcxbfocbkqsfdzcfkgmn/Build/Intermediates.noindex/SwiftDraw.build/Debug/SwiftDraw.build/Objects-normal/arm64/CommandLine+Process.o
        /Users/rogerlin/Library/Developer/Xcode/DerivedData/FinancialCalculatorKit-ackorybalcxbfocbkqsfdzcfkgmn/Build/Intermediates.noindex/SwiftDraw.build/Debug/SwiftDraw.build/Objects-normal/arm64/CommandLine.Arguments.o
        /Users/rogerlin/Library/Developer/Xcode/DerivedData/FinancialCalculatorKit-ackorybalcxbfocbkqsfdzcfkgmn/Build/Intermediates.noindex/SwiftDraw.build/Debug/SwiftDraw.build/Objects-normal/arm64/CommandLine.Configuration.o
        /Users/rogerlin/Library/Developer/Xcode/DerivedData/FinancialCalculatorKit-ackorybalcxbfocbkqsfdzcfkgmn/Build/Intermediates.noindex/SwiftDraw.build/Debug/SwiftDraw.build/Objects-normal/arm64/CommandLine.o
        /Users/rogerlin/Library/Developer/Xcode/DerivedData/FinancialCalculatorKit-ackorybalcxbfocbkqsfdzcfkgmn/Build/Intermediates.noindex/SwiftDraw.build/Debug/SwiftDraw.build/Objects-normal/arm64/CoordinateFormatter.o
        /Users/rogerlin/Library/Developer/Xcode/DerivedData/FinancialCalculatorKit-ackorybalcxbfocbkqsfdzcfkgmn/Build/Intermediates.noindex/SwiftDraw.build/Debug/SwiftDraw.build/Objects-normal/arm64/LayerTree.Builder.Layer.o
        /Users/rogerlin/Library/Developer/Xcode/DerivedData/FinancialCalculatorKit-ackorybalcxbfocbkqsfdzcfkgmn/Build/Intermediates.noindex/SwiftDraw.build/Debug/SwiftDraw.build/Objects-normal/arm64/LayerTree.Builder.Path.Arc.o
        /Users/rogerlin/Library/Developer/Xcode/DerivedData/FinancialCalculatorKit-ackorybalcxbfocbkqsfdzcfkgmn/Build/Intermediates.noindex/SwiftDraw.build/Debug/SwiftDraw.build/Objects-normal/arm64/LayerTree.Builder.Path.o
        /Users/rogerlin/Library/Developer/Xcode/DerivedData/FinancialCalculatorKit-ackorybalcxbfocbkqsfdzcfkgmn/Build/Intermediates.noindex/SwiftDraw.build/Debug/SwiftDraw.build/Objects-normal/arm64/LayerTree.Builder.Shape.o
        /Users/rogerlin/Library/Developer/Xcode/DerivedData/FinancialCalculatorKit-ackorybalcxbfocbkqsfdzcfkgmn/Build/Intermediates.noindex/SwiftDraw.build/Debug/SwiftDraw.build/Objects-normal/arm64/LayerTree.Builder.Text.o
        /Users/rogerlin/Library/Developer/Xcode/DerivedData/FinancialCalculatorKit-ackorybalcxbfocbkqsfdzcfkgmn/Build/Intermediates.noindex/SwiftDraw.build/Debug/SwiftDraw.build/Objects-normal/arm64/LayerTree.Builder.o
        /Users/rogerlin/Library/Developer/Xcode/DerivedData/FinancialCalculatorKit-ackorybalcxbfocbkqsfdzcfkgmn/Build/Intermediates.noindex/SwiftDraw.build/Debug/SwiftDraw.build/Objects-normal/arm64/LayerTree.Color.o
        /Users/rogerlin/Library/Developer/Xcode/DerivedData/FinancialCalculatorKit-ackorybalcxbfocbkqsfdzcfkgmn/Build/Intermediates.noindex/SwiftDraw.build/Debug/SwiftDraw.build/Objects-normal/arm64/LayerTree.CommandGenerator.o
        /Users/rogerlin/Library/Developer/Xcode/DerivedData/FinancialCalculatorKit-ackorybalcxbfocbkqsfdzcfkgmn/Build/Intermediates.noindex/SwiftDraw.build/Debug/SwiftDraw.build/Objects-normal/arm64/LayerTree.CommandOptimizer.o
        /Users/rogerlin/Library/Developer/Xcode/DerivedData/FinancialCalculatorKit-ackorybalcxbfocbkqsfdzcfkgmn/Build/Intermediates.noindex/SwiftDraw.build/Debug/SwiftDraw.build/Objects-normal/arm64/LayerTree.Gradient.o
        /Users/rogerlin/Library/Developer/Xcode/DerivedData/FinancialCalculatorKit-ackorybalcxbfocbkqsfdzcfkgmn/Build/Intermediates.noindex/SwiftDraw.build/Debug/SwiftDraw.build/Objects-normal/arm64/LayerTree.Image.o
        /Users/rogerlin/Library/Developer/Xcode/DerivedData/FinancialCalculatorKit-ackorybalcxbfocbkqsfdzcfkgmn/Build/Intermediates.noindex/SwiftDraw.build/Debug/SwiftDraw.build/Objects-normal/arm64/LayerTree.Layer.o
        /Users/rogerlin/Library/Developer/Xcode/DerivedData/FinancialCalculatorKit-ackorybalcxbfocbkqsfdzcfkgmn/Build/Intermediates.noindex/SwiftDraw.build/Debug/SwiftDraw.build/Objects-normal/arm64/LayerTree.Path+Bounds.o
        /Users/rogerlin/Library/Developer/Xcode/DerivedData/FinancialCalculatorKit-ackorybalcxbfocbkqsfdzcfkgmn/Build/Intermediates.noindex/SwiftDraw.build/Debug/SwiftDraw.build/Objects-normal/arm64/LayerTree.Path+Reversed.o
        /Users/rogerlin/Library/Developer/Xcode/DerivedData/FinancialCalculatorKit-ackorybalcxbfocbkqsfdzcfkgmn/Build/Intermediates.noindex/SwiftDraw.build/Debug/SwiftDraw.build/Objects-normal/arm64/LayerTree.Path+Subpath.o
        /Users/rogerlin/Library/Developer/Xcode/DerivedData/FinancialCalculatorKit-ackorybalcxbfocbkqsfdzcfkgmn/Build/Intermediates.noindex/SwiftDraw.build/Debug/SwiftDraw.build/Objects-normal/arm64/LayerTree.Path.o
        /Users/rogerlin/Library/Developer/Xcode/DerivedData/FinancialCalculatorKit-ackorybalcxbfocbkqsfdzcfkgmn/Build/Intermediates.noindex/SwiftDraw.build/Debug/SwiftDraw.build/Objects-normal/arm64/LayerTree.Pattern.o
        /Users/rogerlin/Library/Developer/Xcode/DerivedData/FinancialCalculatorKit-ackorybalcxbfocbkqsfdzcfkgmn/Build/Intermediates.noindex/SwiftDraw.build/Debug/SwiftDraw.build/Objects-normal/arm64/LayerTree.Shape.o
        /Users/rogerlin/Library/Developer/Xcode/DerivedData/FinancialCalculatorKit-ackorybalcxbfocbkqsfdzcfkgmn/Build/Intermediates.noindex/SwiftDraw.build/Debug/SwiftDraw.build/Objects-normal/arm64/LayerTree.Transform.o
        /Users/rogerlin/Library/Developer/Xcode/DerivedData/FinancialCalculatorKit-ackorybalcxbfocbkqsfdzcfkgmn/Build/Intermediates.noindex/SwiftDraw.build/Debug/SwiftDraw.build/Objects-normal/arm64/LayerTree.o
        /Users/rogerlin/Library/Developer/Xcode/DerivedData/FinancialCalculatorKit-ackorybalcxbfocbkqsfdzcfkgmn/Build/Intermediates.noindex/SwiftDraw.build/Debug/SwiftDraw.build/Objects-normal/arm64/NSImage+SVG.o
        /Users/rogerlin/Library/Developer/Xcode/DerivedData/FinancialCalculatorKit-ackorybalcxbfocbkqsfdzcfkgmn/Build/Intermediates.noindex/SwiftDraw.build/Debug/SwiftDraw.build/Objects-normal/arm64/Renderer.CGText+Path.o
        /Users/rogerlin/Library/Developer/Xcode/DerivedData/FinancialCalculatorKit-ackorybalcxbfocbkqsfdzcfkgmn/Build/Intermediates.noindex/SwiftDraw.build/Debug/SwiftDraw.build/Objects-normal/arm64/Renderer.CGText.o
        /Users/rogerlin/Library/Developer/Xcode/DerivedData/FinancialCalculatorKit-ackorybalcxbfocbkqsfdzcfkgmn/Build/Intermediates.noindex/SwiftDraw.build/Debug/SwiftDraw.build/Objects-normal/arm64/Renderer.CoreGraphics.o
        /Users/rogerlin/Library/Developer/Xcode/DerivedData/FinancialCalculatorKit-ackorybalcxbfocbkqsfdzcfkgmn/Build/Intermediates.noindex/SwiftDraw.build/Debug/SwiftDraw.build/Objects-normal/arm64/Renderer.LayerTree.o
        /Users/rogerlin/Library/Developer/Xcode/DerivedData/FinancialCalculatorKit-ackorybalcxbfocbkqsfdzcfkgmn/Build/Intermediates.noindex/SwiftDraw.build/Debug/SwiftDraw.build/Objects-normal/arm64/Renderer.SFSymbol+CGPath.o
        /Users/rogerlin/Library/Developer/Xcode/DerivedData/FinancialCalculatorKit-ackorybalcxbfocbkqsfdzcfkgmn/Build/Intermediates.noindex/SwiftDraw.build/Debug/SwiftDraw.build/Objects-normal/arm64/Renderer.SFSymbol.o
        /Users/rogerlin/Library/Developer/Xcode/DerivedData/FinancialCalculatorKit-ackorybalcxbfocbkqsfdzcfkgmn/Build/Intermediates.noindex/SwiftDraw.build/Debug/SwiftDraw.build/Objects-normal/arm64/Renderer.SVG.o
        /Users/rogerlin/Library/Developer/Xcode/DerivedData/FinancialCalculatorKit-ackorybalcxbfocbkqsfdzcfkgmn/Build/Intermediates.noindex/SwiftDraw.build/Debug/SwiftDraw.build/Objects-normal/arm64/Renderer.o
        /Users/rogerlin/Library/Developer/Xcode/DerivedData/FinancialCalculatorKit-ackorybalcxbfocbkqsfdzcfkgmn/Build/Intermediates.noindex/SwiftDraw.build/Debug/SwiftDraw.build/Objects-normal/arm64/SVG+CoreGraphics.o
        /Users/rogerlin/Library/Developer/Xcode/DerivedData/FinancialCalculatorKit-ackorybalcxbfocbkqsfdzcfkgmn/Build/Intermediates.noindex/SwiftDraw.build/Debug/SwiftDraw.build/Objects-normal/arm64/SVG+Deprecated.o
        /Users/rogerlin/Library/Developer/Xcode/DerivedData/FinancialCalculatorKit-ackorybalcxbfocbkqsfdzcfkgmn/Build/Intermediates.noindex/SwiftDraw.build/Debug/SwiftDraw.build/Objects-normal/arm64/SVG+Hashable.o
        /Users/rogerlin/Library/Developer/Xcode/DerivedData/FinancialCalculatorKit-ackorybalcxbfocbkqsfdzcfkgmn/Build/Intermediates.noindex/SwiftDraw.build/Debug/SwiftDraw.build/Objects-normal/arm64/SVG+Insets.o
        /Users/rogerlin/Library/Developer/Xcode/DerivedData/FinancialCalculatorKit-ackorybalcxbfocbkqsfdzcfkgmn/Build/Intermediates.noindex/SwiftDraw.build/Debug/SwiftDraw.build/Objects-normal/arm64/SVG.o
        /Users/rogerlin/Library/Developer/Xcode/DerivedData/FinancialCalculatorKit-ackorybalcxbfocbkqsfdzcfkgmn/Build/Intermediates.noindex/SwiftDraw.build/Debug/SwiftDraw.build/Objects-normal/arm64/SVGView.o
        /Users/rogerlin/Library/Developer/Xcode/DerivedData/FinancialCalculatorKit-ackorybalcxbfocbkqsfdzcfkgmn/Build/Intermediates.noindex/SwiftDraw.build/Debug/SwiftDraw.build/Objects-normal/arm64/Stack.o
        /Users/rogerlin/Library/Developer/Xcode/DerivedData/FinancialCalculatorKit-ackorybalcxbfocbkqsfdzcfkgmn/Build/Intermediates.noindex/SwiftDraw.build/Debug/SwiftDraw.build/Objects-normal/arm64/UIImage+SVG.o
        /Users/rogerlin/Library/Developer/Xcode/DerivedData/FinancialCalculatorKit-ackorybalcxbfocbkqsfdzcfkgmn/Build/Intermediates.noindex/SwiftDraw.build/Debug/SwiftDraw.build/Objects-normal/arm64/PairedSequence.o
        /Users/rogerlin/Library/Developer/Xcode/DerivedData/FinancialCalculatorKit-ackorybalcxbfocbkqsfdzcfkgmn/Build/Intermediates.noindex/SwiftDraw.build/Debug/SwiftDraw.build/Objects-normal/arm64/XML.Formatter.SVG.o
        /Users/rogerlin/Library/Developer/Xcode/DerivedData/FinancialCalculatorKit-ackorybalcxbfocbkqsfdzcfkgmn/Build/Intermediates.noindex/SwiftDraw.build/Debug/SwiftDraw.build/Objects-normal/arm64/XML.Formatter.o
        /Users/rogerlin/Library/Developer/Xcode/DerivedData/FinancialCalculatorKit-ackorybalcxbfocbkqsfdzcfkgmn/Build/Intermediates.noindex/SwiftDraw.build/Debug/SwiftDraw.build/Objects-normal/arm64/SwiftDraw.LinkFileList
        /Users/rogerlin/Library/Developer/Xcode/DerivedData/FinancialCalculatorKit-ackorybalcxbfocbkqsfdzcfkgmn/Build/Products/Debug
        /Users/rogerlin/Library/Developer/Xcode/DerivedData/FinancialCalculatorKit-ackorybalcxbfocbkqsfdzcfkgmn/Build/Products/Debug/PackageFrameworks

    Task output dependencies:
        /Users/rogerlin/Library/Developer/Xcode/DerivedData/FinancialCalculatorKit-ackorybalcxbfocbkqsfdzcfkgmn/Build/Products/Debug/SwiftDraw.o
        /Users/rogerlin/Library/Developer/Xcode/DerivedData/FinancialCalculatorKit-ackorybalcxbfocbkqsfdzcfkgmn/Build/Intermediates.noindex/SwiftDraw.build/Debug/SwiftDraw.build/Objects-normal/arm64/SwiftDraw_lto.o
        /Users/rogerlin/Library/Developer/Xcode/DerivedData/FinancialCalculatorKit-ackorybalcxbfocbkqsfdzcfkgmn/Build/Intermediates.noindex/SwiftDraw.build/Debug/SwiftDraw.build/Objects-normal/arm64/SwiftDraw_dependency_info.dat

SwiftMergeGeneratedHeaders /Users/rogerlin/Library/Developer/Xcode/DerivedData/FinancialCalculatorKit-ackorybalcxbfocbkqsfdzcfkgmn/Build/Intermediates.noindex/GeneratedModuleMaps/CasePathsCore-Swift.h /Users/rogerlin/Library/Developer/Xcode/DerivedData/FinancialCalculatorKit-ackorybalcxbfocbkqsfdzcfkgmn/Build/Intermediates.noindex/swift-case-paths.build/Debug/CasePathsCore.build/Objects-normal/arm64/CasePathsCore-Swift.h (in target 'CasePathsCore' from project 'swift-case-paths')
    cd /Users/rogerlin/Library/Developer/Xcode/DerivedData/FinancialCalculatorKit-ackorybalcxbfocbkqsfdzcfkgmn/SourcePackages/checkouts/swift-case-paths
    builtin-swiftHeaderTool -arch arm64 /Users/rogerlin/Library/Developer/Xcode/DerivedData/FinancialCalculatorKit-ackorybalcxbfocbkqsfdzcfkgmn/Build/Intermediates.noindex/swift-case-paths.build/Debug/CasePathsCore.build/Objects-normal/arm64/CasePathsCore-Swift.h -o /Users/rogerlin/Library/Developer/Xcode/DerivedData/FinancialCalculatorKit-ackorybalcxbfocbkqsfdzcfkgmn/Build/Intermediates.noindex/GeneratedModuleMaps/CasePathsCore-Swift.h

    Task input dependencies:
        /Users/rogerlin/Library/Developer/Xcode/DerivedData/FinancialCalculatorKit-ackorybalcxbfocbkqsfdzcfkgmn/Build/Intermediates.noindex/swift-case-paths.build/Debug/CasePathsCore.build/Objects-normal/arm64/CasePathsCore-Swift.h

    Task output dependencies:
        /Users/rogerlin/Library/Developer/Xcode/DerivedData/FinancialCalculatorKit-ackorybalcxbfocbkqsfdzcfkgmn/Build/Intermediates.noindex/GeneratedModuleMaps/CasePathsCore-Swift.h

SwiftDriverJobDiscovery normal arm64 Emitting module for ExpressionParser (in target 'ExpressionParser' from project 'ExpressionParser')

SwiftDriver\ Compilation\ Requirements ExpressionParser normal arm64 com.apple.xcode.tools.swift.compiler (in target 'ExpressionParser' from project 'ExpressionParser')
    cd /Users/rogerlin/XCode-Projects/FinancialCalculatorKit-5.0-updated-accent-colors/FinancialCalculatorKit.xcodeproj
    builtin-Swift-Compilation-Requirements -- /Applications/Xcode.app/Contents/Developer/Toolchains/XcodeDefault.xctoolchain/usr/bin/swiftc -module-name ExpressionParser -Onone -enforce-exclusivity\=checked @/Users/rogerlin/Library/Developer/Xcode/DerivedData/FinancialCalculatorKit-ackorybalcxbfocbkqsfdzcfkgmn/Build/Intermediates.noindex/ExpressionParser.build/Debug/ExpressionParser.build/Objects-normal/arm64/ExpressionParser.SwiftFileList -DSWIFT_PACKAGE -DDEBUG -DSWIFT_MODULE_RESOURCE_BUNDLE_UNAVAILABLE -DXcode -plugin-path /Applications/Xcode.app/Contents/Developer/Toolchains/XcodeDefault.xctoolchain/usr/lib/swift/host/plugins/testing -enable-experimental-feature DebugDescriptionMacro -sdk /Applications/Xcode.app/Contents/Developer/Platforms/MacOSX.platform/Developer/SDKs/MacOSX26.1.sdk -target arm64-apple-macos15.0 -g -module-cache-path /Users/rogerlin/Library/Developer/Xcode/DerivedData/ModuleCache.noindex -Xfrontend -serialize-debugging-options -profile-coverage-mapping -profile-generate -enable-testing -suppress-warnings -index-store-path /Users/rogerlin/Library/Developer/Xcode/DerivedData/FinancialCalculatorKit-ackorybalcxbfocbkqsfdzcfkgmn/Index.noindex/DataStore -Xcc -D_LIBCPP_HARDENING_MODE\=_LIBCPP_HARDENING_MODE_DEBUG -swift-version 5 -I /Users/rogerlin/Library/Developer/Xcode/DerivedData/FinancialCalculatorKit-ackorybalcxbfocbkqsfdzcfkgmn/Build/Products/Debug -Isystem /Applications/Xcode.app/Contents/Developer/Platforms/MacOSX.platform/Developer/usr/lib -F /Users/rogerlin/Library/Developer/Xcode/DerivedData/FinancialCalculatorKit-ackorybalcxbfocbkqsfdzcfkgmn/Build/Products/Debug/PackageFrameworks -F /Users/rogerlin/Library/Developer/Xcode/DerivedData/FinancialCalculatorKit-ackorybalcxbfocbkqsfdzcfkgmn/Build/Products/Debug/PackageFrameworks -F /Users/rogerlin/Library/Developer/Xcode/DerivedData/FinancialCalculatorKit-ackorybalcxbfocbkqsfdzcfkgmn/Build/Products/Debug/PackageFrameworks -F /Users/rogerlin/Library/Developer/Xcode/DerivedData/FinancialCalculatorKit-ackorybalcxbfocbkqsfdzcfkgmn/Build/Products/Debug/PackageFrameworks -F /Users/rogerlin/Library/Developer/Xcode/DerivedData/FinancialCalculatorKit-ackorybalcxbfocbkqsfdzcfkgmn/Build/Products/Debug/PackageFrameworks -F /Users/rogerlin/Library/Developer/Xcode/DerivedData/FinancialCalculatorKit-ackorybalcxbfocbkqsfdzcfkgmn/Build/Products/Debug/PackageFrameworks -F /Users/rogerlin/Library/Developer/Xcode/DerivedData/FinancialCalculatorKit-ackorybalcxbfocbkqsfdzcfkgmn/Build/Products/Debug/PackageFrameworks -F /Users/rogerlin/Library/Developer/Xcode/DerivedData/FinancialCalculatorKit-ackorybalcxbfocbkqsfdzcfkgmn/Build/Products/Debug -F /Applications/Xcode.app/Contents/Developer/Platforms/MacOSX.platform/Developer/Library/Frameworks -c -j16 -enable-batch-mode -incremental -Xcc -ivfsstatcache -Xcc /Users/rogerlin/Library/Developer/Xcode/DerivedData/SDKStatCaches.noindex/macosx26.1-25B74-3ae1261907bdadc328169391a47051a6.sdkstatcache -output-file-map /Users/rogerlin/Library/Developer/Xcode/DerivedData/FinancialCalculatorKit-ackorybalcxbfocbkqsfdzcfkgmn/Build/Intermediates.noindex/ExpressionParser.build/Debug/ExpressionParser.build/Objects-normal/arm64/ExpressionParser-OutputFileMap.json -use-frontend-parseable-output -save-temps -no-color-diagnostics -explicit-module-build -module-cache-path /Users/rogerlin/Library/Developer/Xcode/DerivedData/FinancialCalculatorKit-ackorybalcxbfocbkqsfdzcfkgmn/Build/Intermediates.noindex/SwiftExplicitPrecompiledModules -clang-scanner-module-cache-path /Users/rogerlin/Library/Developer/Xcode/DerivedData/ModuleCache.noindex -sdk-module-cache-path /Users/rogerlin/Library/Developer/Xcode/DerivedData/ModuleCache.noindex -serialize-diagnostics -emit-dependencies -emit-module -emit-module-path /Users/rogerlin/Library/Developer/Xcode/DerivedData/FinancialCalculatorKit-ackorybalcxbfocbkqsfdzcfkgmn/Build/Intermediates.noindex/ExpressionParser.build/Debug/ExpressionParser.build/Objects-normal/arm64/ExpressionParser.swiftmodule -validate-clang-modules-once -clang-build-session-file /Users/rogerlin/Library/Developer/Xcode/DerivedData/ModuleCache.noindex/Session.modulevalidation -package-name expressionparser -Xcc -I/Users/rogerlin/Library/Developer/Xcode/DerivedData/FinancialCalculatorKit-ackorybalcxbfocbkqsfdzcfkgmn/Build/Intermediates.noindex/ExpressionParser.build/Debug/ExpressionParser.build/swift-overrides.hmap -emit-const-values -Xfrontend -const-gather-protocols-file -Xfrontend /Users/rogerlin/Library/Developer/Xcode/DerivedData/FinancialCalculatorKit-ackorybalcxbfocbkqsfdzcfkgmn/Build/Intermediates.noindex/ExpressionParser.build/Debug/ExpressionParser.build/Objects-normal/arm64/ExpressionParser_const_extract_protocols.json -Xcc -I/Users/rogerlin/Library/Developer/Xcode/DerivedData/FinancialCalculatorKit-ackorybalcxbfocbkqsfdzcfkgmn/SourcePackages/checkouts/swift-numerics/Sources/_NumericsShims/include -Xcc -I/Users/rogerlin/Library/Developer/Xcode/DerivedData/FinancialCalculatorKit-ackorybalcxbfocbkqsfdzcfkgmn/Build/Products/Debug/include -Xcc -I/Users/rogerlin/Library/Developer/Xcode/DerivedData/FinancialCalculatorKit-ackorybalcxbfocbkqsfdzcfkgmn/Build/Intermediates.noindex/ExpressionParser.build/Debug/ExpressionParser.build/DerivedSources-normal/arm64 -Xcc -I/Users/rogerlin/Library/Developer/Xcode/DerivedData/FinancialCalculatorKit-ackorybalcxbfocbkqsfdzcfkgmn/Build/Intermediates.noindex/ExpressionParser.build/Debug/ExpressionParser.build/DerivedSources/arm64 -Xcc -I/Users/rogerlin/Library/Developer/Xcode/DerivedData/FinancialCalculatorKit-ackorybalcxbfocbkqsfdzcfkgmn/Build/Intermediates.noindex/ExpressionParser.build/Debug/ExpressionParser.build/DerivedSources -Xcc -DSWIFT_PACKAGE -Xcc -DDEBUG\=1 -emit-objc-header -emit-objc-header-path /Users/rogerlin/Library/Developer/Xcode/DerivedData/FinancialCalculatorKit-ackorybalcxbfocbkqsfdzcfkgmn/Build/Intermediates.noindex/ExpressionParser.build/Debug/ExpressionParser.build/Objects-normal/arm64/ExpressionParser-Swift.h -working-directory /Users/rogerlin/XCode-Projects/FinancialCalculatorKit-5.0-updated-accent-colors/FinancialCalculatorKit.xcodeproj -experimental-emit-module-separately -disable-cmo

    Task input dependencies:
        /Users/rogerlin/Library/Developer/Xcode/DerivedData/FinancialCalculatorKit-ackorybalcxbfocbkqsfdzcfkgmn/SourcePackages/checkouts/ExpressionParser/Sources/ExpressionParser/AST.swift
        /Users/rogerlin/Library/Developer/Xcode/DerivedData/FinancialCalculatorKit-ackorybalcxbfocbkqsfdzcfkgmn/SourcePackages/checkouts/ExpressionParser/Sources/ExpressionParser/ExpressionParser.swift
        /Users/rogerlin/Library/Developer/Xcode/DerivedData/FinancialCalculatorKit-ackorybalcxbfocbkqsfdzcfkgmn/SourcePackages/checkouts/ExpressionParser/Sources/ExpressionParser/LaTeX.swift
        /Users/rogerlin/Library/Developer/Xcode/DerivedData/FinancialCalculatorKit-ackorybalcxbfocbkqsfdzcfkgmn/SourcePackages/checkouts/ExpressionParser/Sources/ExpressionParser/Parser.swift
        /Users/rogerlin/Library/Developer/Xcode/DerivedData/FinancialCalculatorKit-ackorybalcxbfocbkqsfdzcfkgmn/SourcePackages/checkouts/ExpressionParser/Sources/ExpressionParser/Scanner.swift
        /Users/rogerlin/Library/Developer/Xcode/DerivedData/FinancialCalculatorKit-ackorybalcxbfocbkqsfdzcfkgmn/SourcePackages/checkouts/ExpressionParser/Sources/ExpressionParser/String+Char.swift
        /Users/rogerlin/Library/Developer/Xcode/DerivedData/FinancialCalculatorKit-ackorybalcxbfocbkqsfdzcfkgmn/Build/Intermediates.noindex/ExpressionParser.build/Debug/ExpressionParser.build/Objects-normal/arm64/ExpressionParser.SwiftFileList
        /Users/rogerlin/Library/Developer/Xcode/DerivedData/FinancialCalculatorKit-ackorybalcxbfocbkqsfdzcfkgmn/Build/Intermediates.noindex/ExpressionParser.build/Debug/ExpressionParser.build/Objects-normal/arm64/ExpressionParser-OutputFileMap.json
        /Users/rogerlin/Library/Developer/Xcode/DerivedData/FinancialCalculatorKit-ackorybalcxbfocbkqsfdzcfkgmn/Build/Intermediates.noindex/ExpressionParser.build/Debug/ExpressionParser.build/Objects-normal/arm64/ExpressionParser_const_extract_protocols.json
        /Users/rogerlin/Library/Developer/Xcode/DerivedData/FinancialCalculatorKit-ackorybalcxbfocbkqsfdzcfkgmn/Build/Intermediates.noindex/GeneratedModuleMaps/ExpressionParser.modulemap
        /Users/rogerlin/Library/Developer/Xcode/DerivedData/FinancialCalculatorKit-ackorybalcxbfocbkqsfdzcfkgmn/SourcePackages/checkouts/ExpressionParser/Sources/ExpressionParser/AST.swift
        /Users/rogerlin/Library/Developer/Xcode/DerivedData/FinancialCalculatorKit-ackorybalcxbfocbkqsfdzcfkgmn/SourcePackages/checkouts/ExpressionParser/Sources/ExpressionParser/ExpressionParser.swift
        /Users/rogerlin/Library/Developer/Xcode/DerivedData/FinancialCalculatorKit-ackorybalcxbfocbkqsfdzcfkgmn/SourcePackages/checkouts/ExpressionParser/Sources/ExpressionParser/LaTeX.swift
        /Users/rogerlin/Library/Developer/Xcode/DerivedData/FinancialCalculatorKit-ackorybalcxbfocbkqsfdzcfkgmn/SourcePackages/checkouts/ExpressionParser/Sources/ExpressionParser/Parser.swift
        /Users/rogerlin/Library/Developer/Xcode/DerivedData/FinancialCalculatorKit-ackorybalcxbfocbkqsfdzcfkgmn/SourcePackages/checkouts/ExpressionParser/Sources/ExpressionParser/Scanner.swift
        /Users/rogerlin/Library/Developer/Xcode/DerivedData/FinancialCalculatorKit-ackorybalcxbfocbkqsfdzcfkgmn/SourcePackages/checkouts/ExpressionParser/Sources/ExpressionParser/String+Char.swift
        /Users/rogerlin/Library/Developer/Xcode/DerivedData/FinancialCalculatorKit-ackorybalcxbfocbkqsfdzcfkgmn/Build/Intermediates.noindex/ExpressionParser.build/Debug/ExpressionParser.build/Objects-normal/arm64/ExpressionParser.SwiftFileList
        /Users/rogerlin/Library/Developer/Xcode/DerivedData/FinancialCalculatorKit-ackorybalcxbfocbkqsfdzcfkgmn/Build/Intermediates.noindex/ExpressionParser.build/Debug/ExpressionParser.build/Objects-normal/arm64/ExpressionParser-OutputFileMap.json
        /Users/rogerlin/Library/Developer/Xcode/DerivedData/FinancialCalculatorKit-ackorybalcxbfocbkqsfdzcfkgmn/Build/Intermediates.noindex/ExpressionParser.build/Debug/ExpressionParser.build/Objects-normal/arm64/ExpressionParser_const_extract_protocols.json
        /Users/rogerlin/Library/Developer/Xcode/DerivedData/FinancialCalculatorKit-ackorybalcxbfocbkqsfdzcfkgmn/Build/Intermediates.noindex/GeneratedModuleMaps/ExpressionParser.modulemap
        <ClangStatCache /Users/rogerlin/Library/Developer/Xcode/DerivedData/SDKStatCaches.noindex/macosx26.1-25B74-3ae1261907bdadc328169391a47051a6.sdkstatcache>
        <target-ExpressionParser-PACKAGE-TARGET:ExpressionParser-SDKROOT:macosx:SDK_VARIANT:macos-copy-headers-completion>
        <target-ExpressionParser-PACKAGE-TARGET:ExpressionParser-SDKROOT:macosx:SDK_VARIANT:macos-ModuleVerifierTaskProducer>
        <target-ExpressionParser-PACKAGE-TARGET:ExpressionParser-SDKROOT:macosx:SDK_VARIANT:macos-begin-compiling>
        <WorkspaceHeaderMapVFSFilesWritten>

    Task output dependencies:
        /Users/rogerlin/Library/Developer/Xcode/DerivedData/FinancialCalculatorKit-ackorybalcxbfocbkqsfdzcfkgmn/Build/Intermediates.noindex/ExpressionParser.build/Debug/ExpressionParser.build/Objects-normal/arm64/ExpressionParser Swift Compilation Requirements Finished
        /Users/rogerlin/Library/Developer/Xcode/DerivedData/FinancialCalculatorKit-ackorybalcxbfocbkqsfdzcfkgmn/Build/Intermediates.noindex/ExpressionParser.build/Debug/ExpressionParser.build/Objects-normal/arm64/ExpressionParser.swiftmodule
        /Users/rogerlin/Library/Developer/Xcode/DerivedData/FinancialCalculatorKit-ackorybalcxbfocbkqsfdzcfkgmn/Build/Intermediates.noindex/ExpressionParser.build/Debug/ExpressionParser.build/Objects-normal/arm64/ExpressionParser-linker-args.resp
        /Users/rogerlin/Library/Developer/Xcode/DerivedData/FinancialCalculatorKit-ackorybalcxbfocbkqsfdzcfkgmn/Build/Intermediates.noindex/ExpressionParser.build/Debug/ExpressionParser.build/Objects-normal/arm64/ExpressionParser.swiftsourceinfo
        /Users/rogerlin/Library/Developer/Xcode/DerivedData/FinancialCalculatorKit-ackorybalcxbfocbkqsfdzcfkgmn/Build/Intermediates.noindex/ExpressionParser.build/Debug/ExpressionParser.build/Objects-normal/arm64/ExpressionParser.abi.json
        /Users/rogerlin/Library/Developer/Xcode/DerivedData/FinancialCalculatorKit-ackorybalcxbfocbkqsfdzcfkgmn/Build/Intermediates.noindex/ExpressionParser.build/Debug/ExpressionParser.build/Objects-normal/arm64/ExpressionParser-Swift.h
        /Users/rogerlin/Library/Developer/Xcode/DerivedData/FinancialCalculatorKit-ackorybalcxbfocbkqsfdzcfkgmn/Build/Intermediates.noindex/ExpressionParser.build/Debug/ExpressionParser.build/Objects-normal/arm64/ExpressionParser.swiftdoc
Discovered dependency nodes:
/Applications/Xcode.app/Contents/Developer/Platforms/MacOSX.platform/Developer/SDKs/MacOSX26.1.sdk/System/Library/Frameworks/CFNetwork.framework/Modules/module.modulemap
/Applications/Xcode.app/Contents/Developer/Platforms/MacOSX.platform/Developer/SDKs/MacOSX26.1.sdk/System/Library/Frameworks/CFNetwork.framework/Headers/CFNetwork.h
/Applications/Xcode.app/Contents/Developer/Platforms/MacOSX.platform/Developer/SDKs/MacOSX26.1.sdk/System/Library/Frameworks/CoreFoundation.framework/Modules/module.modulemap
/Applications/Xcode.app/Contents/Developer/Platforms/MacOSX.platform/Developer/SDKs/MacOSX26.1.sdk/System/Library/Frameworks/CFNetwork.framework/Headers/CFNetworkDefs.h
/Applications/Xcode.app/Contents/Developer/Platforms/MacOSX.platform/Developer/SDKs/MacOSX26.1.sdk/usr/include/Darwin.modulemap
/Applications/Xcode.app/Contents/Developer/Platforms/MacOSX.platform/Developer/SDKs/MacOSX26.1.sdk/System/Library/Frameworks/CFNetwork.framework/Headers/CFNetworkErrors.h
/Applications/Xcode.app/Contents/Developer/Platforms/MacOSX.platform/Developer/SDKs/MacOSX26.1.sdk/System/Library/Frameworks/CFNetwork.framework/Headers/CFSocketStream.h
/Applications/Xcode.app/Contents/Developer/Platforms/MacOSX.platform/Developer/SDKs/MacOSX26.1.sdk/System/Library/Frameworks/CFNetwork.framework/Headers/CFHost.h
/Applications/Xcode.app/Contents/Developer/Platforms/MacOSX.platform/Developer/SDKs/MacOSX26.1.sdk/System/Library/Frameworks/CFNetwork.framework/Headers/CFNetServices.h
/Applications/Xcode.app/Contents/Developer/Platforms/MacOSX.platform/Developer/SDKs/MacOSX26.1.sdk/System/Library/Frameworks/CFNetwork.framework/Headers/CFFTPStream.h
/Applications/Xcode.app/Contents/Developer/Platforms/MacOSX.platform/Developer/SDKs/MacOSX26.1.sdk/System/Library/Frameworks/CFNetwork.framework/Headers/CFHTTPMessage.h
/Applications/Xcode.app/Contents/Developer/Platforms/MacOSX.platform/Developer/SDKs/MacOSX26.1.sdk/System/Library/Frameworks/CFNetwork.framework/Headers/CFHTTPStream.h
/Applications/Xcode.app/Contents/Developer/Platforms/MacOSX.platform/Developer/SDKs/MacOSX26.1.sdk/System/Library/Frameworks/CFNetwork.framework/Headers/CFHTTPAuthentication.h
/Applications/Xcode.app/Contents/Developer/Platforms/MacOSX.platform/Developer/SDKs/MacOSX26.1.sdk/System/Library/Frameworks/CFNetwork.framework/Headers/CFNetDiagnostics.h
/Applications/Xcode.app/Contents/Developer/Toolchains/XcodeDefault.xctoolchain/usr/lib/swift/clang/include/module.modulemap
/Applications/Xcode.app/Contents/Developer/Platforms/MacOSX.platform/Developer/SDKs/MacOSX26.1.sdk/System/Library/Frameworks/CFNetwork.framework/Headers/CFProxySupport.h
/Applications/Xcode.app/Contents/Developer/Platforms/MacOSX.platform/Developer/SDKs/MacOSX26.1.sdk/SDKSettings.json
/Applications/Xcode.app/Contents/Developer/Toolchains/XcodeDefault.xctoolchain/usr/lib/swift/macosx/prebuilt-modules/26.1/Combine.swiftmodule/arm64e-apple-macos.swiftmodule
/Applications/Xcode.app/Contents/Developer/Platforms/MacOSX.platform/Developer/SDKs/MacOSX26.1.sdk/System/Library/Frameworks/CoreFoundation.framework/Modules/module.modulemap
/Applications/Xcode.app/Contents/Developer/Platforms/MacOSX.platform/Developer/SDKs/MacOSX26.1.sdk/System/Library/Frameworks/CoreFoundation.framework/Headers/CoreFoundation.h
/Applications/Xcode.app/Contents/Developer/Platforms/MacOSX.platform/Developer/SDKs/MacOSX26.1.sdk/usr/include/dispatch.modulemap
/Applications/Xcode.app/Contents/Developer/Platforms/MacOSX.platform/Developer/SDKs/MacOSX26.1.sdk/usr/include/Darwin.modulemap
/Applications/Xcode.app/Contents/Developer/Platforms/MacOSX.platform/Developer/SDKs/MacOSX26.1.sdk/usr/include/Darwin_C.modulemap
/Applications/Xcode.app/Contents/Developer/Platforms/MacOSX.platform/Developer/SDKs/MacOSX26.1.sdk/usr/include/Darwin_POSIX.modulemap
/Applications/Xcode.app/Contents/Developer/Platforms/MacOSX.platform/Developer/SDKs/MacOSX26.1.sdk/usr/include/net.modulemap
/Applications/Xcode.app/Contents/Developer/Platforms/MacOSX.platform/Developer/SDKs/MacOSX26.1.sdk/usr/include/netinet.modulemap
/Applications/Xcode.app/Contents/Developer/Platforms/MacOSX.platform/Developer/SDKs/MacOSX26.1.sdk/usr/include/bank.modulemap
/Applications/Xcode.app/Contents/Developer/Platforms/MacOSX.platform/Developer/SDKs/MacOSX26.1.sdk/usr/include/Darwin_Mach.modulemap
/Applications/Xcode.app/Contents/Developer/Platforms/MacOSX.platform/Developer/SDKs/MacOSX26.1.sdk/usr/include/Darwin_Mach_machine.modulemap
/Applications/Xcode.app/Contents/Developer/Platforms/MacOSX.platform/Developer/SDKs/MacOSX26.1.sdk/usr/include/mach_debug.modulemap
/Applications/Xcode.app/Contents/Developer/Platforms/MacOSX.platform/Developer/SDKs/MacOSX26.1.sdk/usr/include/device.modulemap
/Applications/Xcode.app/Contents/Developer/Platforms/MacOSX.platform/Developer/SDKs/MacOSX26.1.sdk/usr/include/Darwin_machine.modulemap
/Applications/Xcode.app/Contents/Developer/Platforms/MacOSX.platform/Developer/SDKs/MacOSX26.1.sdk/usr/include/ncurses.modulemap
/Applications/Xcode.app/Contents/Developer/Platforms/MacOSX.platform/Developer/SDKs/MacOSX26.1.sdk/usr/include/netinet6.modulemap
/Applications/Xcode.app/Contents/Developer/Platforms/MacOSX.platform/Developer/SDKs/MacOSX26.1.sdk/usr/include/Darwin_sys.modulemap
/Applications/Xcode.app/Contents/Developer/Platforms/MacOSX.platform/Developer/SDKs/MacOSX26.1.sdk/usr/include/uuid.modulemap
/Applications/Xcode.app/Contents/Developer/Platforms/MacOSX.platform/Developer/SDKs/MacOSX26.1.sdk/usr/include/DarwinFoundation2.modulemap
/Applications/Xcode.app/Contents/Developer/Platforms/MacOSX.platform/Developer/SDKs/MacOSX26.1.sdk/usr/include/DarwinFoundation3.modulemap
/Applications/Xcode.app/Contents/Developer/Platforms/MacOSX.platform/Developer/SDKs/MacOSX26.1.sdk/usr/include/DarwinFoundation1.modulemap
/Applications/Xcode.app/Contents/Developer/Toolchains/XcodeDefault.xctoolchain/usr/lib/swift/clang/include/module.modulemap
/Applications/Xcode.app/Contents/Developer/Toolchains/XcodeDefault.xctoolchain/usr/lib/swift/clang/include/stdarg.h
/Applications/Xcode.app/Contents/Developer/Platforms/MacOSX.platform/Developer/SDKs/MacOSX26.1.sdk/usr/include/assert.h
/Applications/Xcode.app/Contents/Developer/Platforms/MacOSX.platform/Developer/SDKs/MacOSX26.1.sdk/usr/include/ctype.h
/Applications/Xcode.app/Contents/Developer/Toolchains/XcodeDefault.xctoolchain/usr/lib/swift/clang/include/stddef.h
/Applications/Xcode.app/Contents/Developer/Platforms/MacOSX.platform/Developer/SDKs/MacOSX26.1.sdk/usr/include/stdio.h
/Applications/Xcode.app/Contents/Developer/Platforms/MacOSX.platform/Developer/SDKs/MacOSX26.1.sdk/usr/include/stdlib.h
/Applications/Xcode.app/Contents/Developer/Platforms/MacOSX.platform/Developer/SDKs/MacOSX26.1.sdk/usr/include/string.h
/Applications/Xcode.app/Contents/Developer/Platforms/MacOSX.platform/Developer/SDKs/MacOSX26.1.sdk/usr/include/time.h
/Applications/Xcode.app/Contents/Developer/Platforms/MacOSX.platform/Developer/SDKs/MacOSX26.1.sdk/System/Library/Frameworks/CoreFoundation.framework/Headers/CFBase.h
/Applications/Xcode.app/Contents/Developer/Platforms/MacOSX.platform/Developer/SDKs/MacOSX26.1.sdk/System/Library/Frameworks/CoreFoundation.framework/Headers/CFAvailability.h
/Applications/Xcode.app/Contents/Developer/Platforms/MacOSX.platform/Developer/SDKs/MacOSX26.1.sdk/System/Library/Frameworks/CoreFoundation.framework/Headers/CFArray.h
/Applications/Xcode.app/Contents/Developer/Platforms/MacOSX.platform/Developer/SDKs/MacOSX26.1.sdk/System/Library/Frameworks/CoreFoundation.framework/Headers/CFBag.h
/Applications/Xcode.app/Contents/Developer/Platforms/MacOSX.platform/Developer/SDKs/MacOSX26.1.sdk/System/Library/Frameworks/CoreFoundation.framework/Headers/CFBinaryHeap.h
/Applications/Xcode.app/Contents/Developer/Platforms/MacOSX.platform/Developer/SDKs/MacOSX26.1.sdk/System/Library/Frameworks/CoreFoundation.framework/Headers/CFBitVector.h
/Applications/Xcode.app/Contents/Developer/Platforms/MacOSX.platform/Developer/SDKs/MacOSX26.1.sdk/System/Library/Frameworks/CoreFoundation.framework/Headers/CFByteOrder.h
/Applications/Xcode.app/Contents/Developer/Platforms/MacOSX.platform/Developer/SDKs/MacOSX26.1.sdk/System/Library/Frameworks/CoreFoundation.framework/Headers/CFCalendar.h
/Applications/Xcode.app/Contents/Developer/Platforms/MacOSX.platform/Developer/SDKs/MacOSX26.1.sdk/System/Library/Frameworks/CoreFoundation.framework/Headers/CFLocale.h
/Applications/Xcode.app/Contents/Developer/Platforms/MacOSX.platform/Developer/SDKs/MacOSX26.1.sdk/System/Library/Frameworks/CoreFoundation.framework/Headers/CFDictionary.h
/Applications/Xcode.app/Contents/Developer/Platforms/MacOSX.platform/Developer/SDKs/MacOSX26.1.sdk/System/Library/Frameworks/CoreFoundation.framework/Headers/CFNotificationCenter.h
/Applications/Xcode.app/Contents/Developer/Platforms/MacOSX.platform/Developer/SDKs/MacOSX26.1.sdk/System/Library/Frameworks/CoreFoundation.framework/Headers/CFDate.h
/Applications/Xcode.app/Contents/Developer/Platforms/MacOSX.platform/Developer/SDKs/MacOSX26.1.sdk/System/Library/Frameworks/CoreFoundation.framework/Headers/CFTimeZone.h
/Applications/Xcode.app/Contents/Developer/Platforms/MacOSX.platform/Developer/SDKs/MacOSX26.1.sdk/System/Library/Frameworks/CoreFoundation.framework/Headers/CFData.h
/Applications/Xcode.app/Contents/Developer/Platforms/MacOSX.platform/Developer/SDKs/MacOSX26.1.sdk/System/Library/Frameworks/CoreFoundation.framework/Headers/CFString.h
/Applications/Xcode.app/Contents/Developer/Platforms/MacOSX.platform/Developer/SDKs/MacOSX26.1.sdk/System/Library/Frameworks/CoreFoundation.framework/Headers/CFCharacterSet.h
/Applications/Xcode.app/Contents/Developer/Platforms/MacOSX.platform/Developer/SDKs/MacOSX26.1.sdk/System/Library/Frameworks/CoreFoundation.framework/Headers/CFError.h
/Applications/Xcode.app/Contents/Developer/Platforms/MacOSX.platform/Developer/SDKs/MacOSX26.1.sdk/System/Library/Frameworks/CoreFoundation.framework/Headers/CFCGTypes.h
/Applications/Xcode.app/Contents/Developer/Platforms/MacOSX.platform/Developer/SDKs/MacOSX26.1.sdk/System/Library/Frameworks/CoreFoundation.framework/Headers/CFDateFormatter.h
/Applications/Xcode.app/Contents/Developer/Platforms/MacOSX.platform/Developer/SDKs/MacOSX26.1.sdk/System/Library/Frameworks/CoreFoundation.framework/Headers/CFNumber.h
/Applications/Xcode.app/Contents/Developer/Platforms/MacOSX.platform/Developer/SDKs/MacOSX26.1.sdk/System/Library/Frameworks/CoreFoundation.framework/Headers/CFNumberFormatter.h
/Applications/Xcode.app/Contents/Developer/Platforms/MacOSX.platform/Developer/SDKs/MacOSX26.1.sdk/System/Library/Frameworks/CoreFoundation.framework/Headers/CFPreferences.h
/Applications/Xcode.app/Contents/Developer/Platforms/MacOSX.platform/Developer/SDKs/MacOSX26.1.sdk/System/Library/Frameworks/CoreFoundation.framework/Headers/CFPropertyList.h
/Applications/Xcode.app/Contents/Developer/Platforms/MacOSX.platform/Developer/SDKs/MacOSX26.1.sdk/System/Library/Frameworks/CoreFoundation.framework/Headers/CFStream.h
/Applications/Xcode.app/Contents/Developer/Platforms/MacOSX.platform/Developer/SDKs/MacOSX26.1.sdk/System/Library/Frameworks/CoreFoundation.framework/Headers/CFURL.h
/Applications/Xcode.app/Contents/Developer/Platforms/MacOSX.platform/Developer/SDKs/MacOSX26.1.sdk/System/Library/Frameworks/CoreFoundation.framework/Headers/CFRunLoop.h
/Applications/Xcode.app/Contents/Developer/Platforms/MacOSX.platform/Developer/SDKs/MacOSX26.1.sdk/System/Library/Frameworks/CoreFoundation.framework/Headers/CFSocket.h
/Applications/Xcode.app/Contents/Developer/Platforms/MacOSX.platform/Developer/SDKs/MacOSX26.1.sdk/System/Library/Frameworks/CoreFoundation.framework/Headers/CFSet.h
/Applications/Xcode.app/Contents/Developer/Platforms/MacOSX.platform/Developer/SDKs/MacOSX26.1.sdk/System/Library/Frameworks/CoreFoundation.framework/Headers/CFStringEncodingExt.h
/Applications/Xcode.app/Contents/Developer/Platforms/MacOSX.platform/Developer/SDKs/MacOSX26.1.sdk/System/Library/Frameworks/CoreFoundation.framework/Headers/CFTree.h
/Applications/Xcode.app/Contents/Developer/Platforms/MacOSX.platform/Developer/SDKs/MacOSX26.1.sdk/System/Library/Frameworks/CoreFoundation.framework/Headers/CFURLAccess.h
/Applications/Xcode.app/Contents/Developer/Platforms/MacOSX.platform/Developer/SDKs/MacOSX26.1.sdk/System/Library/Frameworks/CoreFoundation.framework/Headers/CFUUID.h
/Applications/Xcode.app/Contents/Developer/Platforms/MacOSX.platform/Developer/SDKs/MacOSX26.1.sdk/System/Library/Frameworks/CoreFoundation.framework/Headers/CFUtilities.h
/Applications/Xcode.app/Contents/Developer/Platforms/MacOSX.platform/Developer/SDKs/MacOSX26.1.sdk/System/Library/Frameworks/CoreFoundation.framework/Headers/CFBundle.h
/Applications/Xcode.app/Contents/Developer/Platforms/MacOSX.platform/Developer/SDKs/MacOSX26.1.sdk/System/Library/Frameworks/CoreFoundation.framework/Headers/CFMessagePort.h
/Applications/Xcode.app/Contents/Developer/Platforms/MacOSX.platform/Developer/SDKs/MacOSX26.1.sdk/System/Library/Frameworks/CoreFoundation.framework/Headers/CFPlugIn.h
/Applications/Xcode.app/Contents/Developer/Platforms/MacOSX.platform/Developer/SDKs/MacOSX26.1.sdk/System/Library/Frameworks/CoreFoundation.framework/Headers/CFMachPort.h
/Applications/Xcode.app/Contents/Developer/Platforms/MacOSX.platform/Developer/SDKs/MacOSX26.1.sdk/System/Library/Frameworks/CoreFoundation.framework/Headers/CFAttributedString.h
/Applications/Xcode.app/Contents/Developer/Platforms/MacOSX.platform/Developer/SDKs/MacOSX26.1.sdk/System/Library/Frameworks/CoreFoundation.framework/Headers/CFURLEnumerator.h
/Applications/Xcode.app/Contents/Developer/Platforms/MacOSX.platform/Developer/SDKs/MacOSX26.1.sdk/System/Library/Frameworks/CoreFoundation.framework/Headers/CFFileSecurity.h
/Applications/Xcode.app/Contents/Developer/Platforms/MacOSX.platform/Developer/SDKs/MacOSX26.1.sdk/System/Library/Frameworks/CoreFoundation.framework/Headers/CFStringTokenizer.h
/Applications/Xcode.app/Contents/Developer/Platforms/MacOSX.platform/Developer/SDKs/MacOSX26.1.sdk/System/Library/Frameworks/CoreFoundation.framework/Headers/CFFileDescriptor.h
/Applications/Xcode.app/Contents/Developer/Platforms/MacOSX.platform/Developer/SDKs/MacOSX26.1.sdk/System/Library/Frameworks/CoreFoundation.framework/Headers/CFUserNotification.h
/Applications/Xcode.app/Contents/Developer/Platforms/MacOSX.platform/Developer/SDKs/MacOSX26.1.sdk/System/Library/Frameworks/CoreFoundation.framework/Headers/CFXMLNode.h
/Applications/Xcode.app/Contents/Developer/Platforms/MacOSX.platform/Developer/SDKs/MacOSX26.1.sdk/System/Library/Frameworks/CoreFoundation.framework/Headers/CFXMLParser.h
/Applications/Xcode.app/Contents/Developer/Platforms/MacOSX.platform/Developer/SDKs/MacOSX26.1.sdk/System/Library/Frameworks/CoreFoundation.framework/Headers/CFPlugInCOM.h
/Applications/Xcode.app/Contents/Developer/Platforms/MacOSX.platform/Developer/SDKs/MacOSX26.1.sdk/SDKSettings.json
/Applications/Xcode.app/Contents/Developer/Toolchains/XcodeDefault.xctoolchain/usr/lib/swift/macosx/prebuilt-modules/26.1/CoreFoundation.swiftmodule/arm64e-apple-macos.swiftmodule
/Applications/Xcode.app/Contents/Developer/Platforms/MacOSX.platform/Developer/SDKs/MacOSX26.1.sdk/System/Library/Frameworks/CoreServices.framework/Modules/module.modulemap
/Applications/Xcode.app/Contents/Developer/Platforms/MacOSX.platform/Developer/SDKs/MacOSX26.1.sdk/System/Library/Frameworks/CoreServices.framework/Headers/CoreServices.h
/Applications/Xcode.app/Contents/Developer/Platforms/MacOSX.platform/Developer/SDKs/MacOSX26.1.sdk/System/Library/Frameworks/CoreFoundation.framework/Modules/module.modulemap
/Applications/Xcode.app/Contents/Developer/Platforms/MacOSX.platform/Developer/SDKs/MacOSX26.1.sdk/System/Library/Frameworks/CoreServices.framework/Frameworks/AE.framework/Headers/AE.h
/Applications/Xcode.app/Contents/Developer/Platforms/MacOSX.platform/Developer/SDKs/MacOSX26.1.sdk/System/Library/Frameworks/CoreServices.framework/Frameworks/CarbonCore.framework/Headers/CarbonCore.h
/Applications/Xcode.app/Contents/Developer/Platforms/MacOSX.platform/Developer/SDKs/MacOSX26.1.sdk/System/Library/Frameworks/CoreServices.framework/Frameworks/CarbonCore.framework/Headers/Finder.h
/Applications/Xcode.app/Contents/Developer/Platforms/MacOSX.platform/Developer/SDKs/MacOSX26.1.sdk/usr/include/dispatch.modulemap
/Applications/Xcode.app/Contents/Developer/Platforms/MacOSX.platform/Developer/SDKs/MacOSX26.1.sdk/usr/include/Darwin.modulemap
/Applications/Xcode.app/Contents/Developer/Platforms/MacOSX.platform/Developer/SDKs/MacOSX26.1.sdk/usr/include/DarwinFoundation2.modulemap
/Applications/Xcode.app/Contents/Developer/Platforms/MacOSX.platform/Developer/SDKs/MacOSX26.1.sdk/usr/include/DarwinFoundation1.modulemap
/Applications/Xcode.app/Contents/Developer/Platforms/MacOSX.platform/Developer/SDKs/MacOSX26.1.sdk/System/Library/Frameworks/CoreServices.framework/Frameworks/CarbonCore.framework/Headers/FixMath.h
/Applications/Xcode.app/Contents/Developer/Platforms/MacOSX.platform/Developer/SDKs/MacOSX26.1.sdk/System/Library/Frameworks/CoreServices.framework/Frameworks/CarbonCore.framework/Headers/Script.h
/Applications/Xcode.app/Contents/Developer/Platforms/MacOSX.platform/Developer/SDKs/MacOSX26.1.sdk/System/Library/Frameworks/CoreServices.framework/Frameworks/CarbonCore.framework/Headers/IntlResources.h
/Applications/Xcode.app/Contents/Developer/Platforms/MacOSX.platform/Developer/SDKs/MacOSX26.1.sdk/System/Library/Frameworks/CoreServices.framework/Frameworks/CarbonCore.framework/Headers/UTCUtils.h
/Applications/Xcode.app/Contents/Developer/Platforms/MacOSX.platform/Developer/SDKs/MacOSX26.1.sdk/System/Library/Frameworks/CoreServices.framework/Frameworks/CarbonCore.framework/Headers/MacErrors.h
/Applications/Xcode.app/Contents/Developer/Platforms/MacOSX.platform/Developer/SDKs/MacOSX26.1.sdk/System/Library/Frameworks/CoreServices.framework/Frameworks/CarbonCore.framework/Headers/TextCommon.h
/Applications/Xcode.app/Contents/Developer/Platforms/MacOSX.platform/Developer/SDKs/MacOSX26.1.sdk/System/Library/Frameworks/CoreServices.framework/Frameworks/CarbonCore.framework/Headers/Collections.h
/Applications/Xcode.app/Contents/Developer/Platforms/MacOSX.platform/Developer/SDKs/MacOSX26.1.sdk/System/Library/Frameworks/CoreServices.framework/Frameworks/CarbonCore.framework/Headers/MixedMode.h
/Applications/Xcode.app/Contents/Developer/Platforms/MacOSX.platform/Developer/SDKs/MacOSX26.1.sdk/System/Library/Frameworks/CoreServices.framework/Frameworks/CarbonCore.framework/Headers/Endian.h
/Applications/Xcode.app/Contents/Developer/Platforms/MacOSX.platform/Developer/SDKs/MacOSX26.1.sdk/System/Library/Frameworks/CoreServices.framework/Frameworks/CarbonCore.framework/Headers/Gestalt.h
/Applications/Xcode.app/Contents/Developer/Platforms/MacOSX.platform/Developer/SDKs/MacOSX26.1.sdk/System/Library/Frameworks/CoreServices.framework/Frameworks/CarbonCore.framework/Headers/MacMemory.h
/Applications/Xcode.app/Contents/Developer/Platforms/MacOSX.platform/Developer/SDKs/MacOSX26.1.sdk/System/Library/Frameworks/CoreServices.framework/Frameworks/CarbonCore.framework/Headers/Math64.h
/Applications/Xcode.app/Contents/Developer/Platforms/MacOSX.platform/Developer/SDKs/MacOSX26.1.sdk/System/Library/Frameworks/CoreServices.framework/Frameworks/CarbonCore.framework/Headers/BackupCore.h
/Applications/Xcode.app/Contents/Developer/Platforms/MacOSX.platform/Developer/SDKs/MacOSX26.1.sdk/System/Library/Frameworks/CoreServices.framework/Frameworks/CarbonCore.framework/Headers/DiskSpaceRecovery.h
/Applications/Xcode.app/Contents/Developer/Platforms/MacOSX.platform/Developer/SDKs/MacOSX26.1.sdk/System/Library/Frameworks/CoreServices.framework/Frameworks/CarbonCore.framework/Headers/Components.h
/Applications/Xcode.app/Contents/Developer/Platforms/MacOSX.platform/Developer/SDKs/MacOSX26.1.sdk/System/Library/Frameworks/CoreServices.framework/Frameworks/CarbonCore.framework/Headers/Files.h
/Applications/Xcode.app/Contents/Developer/Platforms/MacOSX.platform/Developer/SDKs/MacOSX26.1.sdk/System/Library/Frameworks/CoreServices.framework/Frameworks/CarbonCore.framework/Headers/OSUtils.h
/Applications/Xcode.app/Contents/Developer/Platforms/MacOSX.platform/Developer/SDKs/MacOSX26.1.sdk/System/Library/Frameworks/CoreServices.framework/Frameworks/CarbonCore.framework/Headers/DateTimeUtils.h
/Applications/Xcode.app/Contents/Developer/Platforms/MacOSX.platform/Developer/SDKs/MacOSX26.1.sdk/System/Library/Frameworks/DiskArbitration.framework/Modules/module.modulemap
/Applications/Xcode.app/Contents/Developer/Platforms/MacOSX.platform/Developer/SDKs/MacOSX26.1.sdk/System/Library/Frameworks/CoreServices.framework/Frameworks/CarbonCore.framework/Headers/Resources.h
/Applications/Xcode.app/Contents/Developer/Platforms/MacOSX.platform/Developer/SDKs/MacOSX26.1.sdk/System/Library/Frameworks/CoreServices.framework/Frameworks/CarbonCore.framework/Headers/CodeFragments.h
/Applications/Xcode.app/Contents/Developer/Platforms/MacOSX.platform/Developer/SDKs/MacOSX26.1.sdk/System/Library/Frameworks/CoreServices.framework/Frameworks/CarbonCore.framework/Headers/Multiprocessing.h
/Applications/Xcode.app/Contents/Developer/Platforms/MacOSX.platform/Developer/SDKs/MacOSX26.1.sdk/System/Library/Frameworks/CoreServices.framework/Frameworks/CarbonCore.framework/Headers/Aliases.h
/Applications/Xcode.app/Contents/Developer/Platforms/MacOSX.platform/Developer/SDKs/MacOSX26.1.sdk/System/Library/Frameworks/CoreServices.framework/Frameworks/CarbonCore.framework/Headers/MacLocales.h
/Applications/Xcode.app/Contents/Developer/Platforms/MacOSX.platform/Developer/SDKs/MacOSX26.1.sdk/System/Library/Frameworks/CoreServices.framework/Frameworks/CarbonCore.framework/Headers/Debugging.h
/Applications/Xcode.app/Contents/Developer/Platforms/MacOSX.platform/Developer/SDKs/MacOSX26.1.sdk/System/Library/Frameworks/CoreServices.framework/Frameworks/CarbonCore.framework/Headers/PLStringFuncs.h
/Applications/Xcode.app/Contents/Developer/Platforms/MacOSX.platform/Developer/SDKs/MacOSX26.1.sdk/System/Library/Frameworks/CoreServices.framework/Frameworks/CarbonCore.framework/Headers/DriverSynchronization.h
/Applications/Xcode.app/Contents/Developer/Platforms/MacOSX.platform/Developer/SDKs/MacOSX26.1.sdk/System/Library/Frameworks/CoreServices.framework/Frameworks/CarbonCore.framework/Headers/DriverServices.h
/Applications/Xcode.app/Contents/Developer/Platforms/MacOSX.platform/Developer/SDKs/MacOSX26.1.sdk/System/Library/Frameworks/CoreServices.framework/Frameworks/CarbonCore.framework/Headers/MachineExceptions.h
/Applications/Xcode.app/Contents/Developer/Platforms/MacOSX.platform/Developer/SDKs/MacOSX26.1.sdk/System/Library/Frameworks/CoreServices.framework/Frameworks/CarbonCore.framework/Headers/NumberFormatting.h
/Applications/Xcode.app/Contents/Developer/Platforms/MacOSX.platform/Developer/SDKs/MacOSX26.1.sdk/System/Library/Frameworks/CoreServices.framework/Frameworks/CarbonCore.framework/Headers/StringCompare.h
/Applications/Xcode.app/Contents/Developer/Platforms/MacOSX.platform/Developer/SDKs/MacOSX26.1.sdk/System/Library/Frameworks/CoreServices.framework/Frameworks/CarbonCore.framework/Headers/TextUtils.h
/Applications/Xcode.app/Contents/Developer/Platforms/MacOSX.platform/Developer/SDKs/MacOSX26.1.sdk/System/Library/Frameworks/CoreServices.framework/Frameworks/CarbonCore.framework/Headers/ToolUtils.h
/Applications/Xcode.app/Contents/Developer/Platforms/MacOSX.platform/Developer/SDKs/MacOSX26.1.sdk/System/Library/Frameworks/CoreServices.framework/Frameworks/CarbonCore.framework/Headers/UnicodeUtilities.h
/Applications/Xcode.app/Contents/Developer/Platforms/MacOSX.platform/Developer/SDKs/MacOSX26.1.sdk/System/Library/Frameworks/CoreServices.framework/Frameworks/CarbonCore.framework/Headers/fp.h
/Applications/Xcode.app/Contents/Developer/Platforms/MacOSX.platform/Developer/SDKs/MacOSX26.1.sdk/System/Library/Frameworks/CoreServices.framework/Frameworks/CarbonCore.framework/Headers/TextEncodingConverter.h
/Applications/Xcode.app/Contents/Developer/Platforms/MacOSX.platform/Developer/SDKs/MacOSX26.1.sdk/System/Library/Frameworks/CoreServices.framework/Frameworks/CarbonCore.framework/Headers/UnicodeConverter.h
/Applications/Xcode.app/Contents/Developer/Platforms/MacOSX.platform/Developer/SDKs/MacOSX26.1.sdk/System/Library/Frameworks/CoreServices.framework/Frameworks/CarbonCore.framework/Headers/Threads.h
/Applications/Xcode.app/Contents/Developer/Platforms/MacOSX.platform/Developer/SDKs/MacOSX26.1.sdk/System/Library/Frameworks/CoreServices.framework/Frameworks/CarbonCore.framework/Headers/Folders.h
/Applications/Xcode.app/Contents/Developer/Platforms/MacOSX.platform/Developer/SDKs/MacOSX26.1.sdk/System/Library/Frameworks/CoreServices.framework/Frameworks/CarbonCore.framework/Headers/Timer.h
/Applications/Xcode.app/Contents/Developer/Platforms/MacOSX.platform/Developer/SDKs/MacOSX26.1.sdk/System/Library/Frameworks/CoreServices.framework/Frameworks/CarbonCore.framework/Headers/MultiprocessingInfo.h
/Applications/Xcode.app/Contents/Developer/Platforms/MacOSX.platform/Developer/SDKs/MacOSX26.1.sdk/System/Library/Frameworks/CoreServices.framework/Frameworks/CarbonCore.framework/Headers/LowMem.h
/Applications/Xcode.app/Contents/Developer/Platforms/MacOSX.platform/Developer/SDKs/MacOSX26.1.sdk/System/Library/Frameworks/CoreServices.framework/Frameworks/CarbonCore.framework/Headers/AVLTree.h
/Applications/Xcode.app/Contents/Developer/Platforms/MacOSX.platform/Developer/SDKs/MacOSX26.1.sdk/System/Library/Frameworks/CoreServices.framework/Frameworks/CarbonCore.framework/Headers/PEFBinaryFormat.h
/Applications/Xcode.app/Contents/Developer/Platforms/MacOSX.platform/Developer/SDKs/MacOSX26.1.sdk/System/Library/Frameworks/CoreServices.framework/Frameworks/CarbonCore.framework/Headers/HFSVolumes.h
/Applications/Xcode.app/Contents/Developer/Platforms/MacOSX.platform/Developer/SDKs/MacOSX26.1.sdk/System/Library/Frameworks/CoreServices.framework/Frameworks/CarbonCore.framework/Headers/AIFF.h
/Applications/Xcode.app/Contents/Developer/Toolchains/XcodeDefault.xctoolchain/usr/lib/swift/clang/include/module.modulemap
/Applications/Xcode.app/Contents/Developer/Platforms/MacOSX.platform/Developer/SDKs/MacOSX26.1.sdk/System/Library/Frameworks/CoreServices.framework/Frameworks/CarbonCore.framework/Headers/TextEncodingPlugin.h
/Applications/Xcode.app/Contents/Developer/Platforms/MacOSX.platform/Developer/SDKs/MacOSX26.1.sdk/System/Library/Frameworks/CoreServices.framework/Frameworks/AE.framework/Headers/AEDataModel.h
/Applications/Xcode.app/Contents/Developer/Platforms/MacOSX.platform/Developer/SDKs/MacOSX26.1.sdk/System/Library/Frameworks/CoreServices.framework/Frameworks/AE.framework/Headers/AppleEvents.h
/Applications/Xcode.app/Contents/Developer/Platforms/MacOSX.platform/Developer/SDKs/MacOSX26.1.sdk/System/Library/Frameworks/CoreServices.framework/Frameworks/AE.framework/Headers/AEPackObject.h
/Applications/Xcode.app/Contents/Developer/Platforms/MacOSX.platform/Developer/SDKs/MacOSX26.1.sdk/System/Library/Frameworks/CoreServices.framework/Frameworks/AE.framework/Headers/AEObjects.h
/Applications/Xcode.app/Contents/Developer/Platforms/MacOSX.platform/Developer/SDKs/MacOSX26.1.sdk/System/Library/Frameworks/CoreServices.framework/Frameworks/AE.framework/Headers/AERegistry.h
/Applications/Xcode.app/Contents/Developer/Platforms/MacOSX.platform/Developer/SDKs/MacOSX26.1.sdk/System/Library/Frameworks/CoreServices.framework/Frameworks/AE.framework/Headers/AEUserTermTypes.h
/Applications/Xcode.app/Contents/Developer/Platforms/MacOSX.platform/Developer/SDKs/MacOSX26.1.sdk/System/Library/Frameworks/CoreServices.framework/Frameworks/AE.framework/Headers/AEHelpers.h
/Applications/Xcode.app/Contents/Developer/Toolchains/XcodeDefault.xctoolchain/usr/lib/swift/clang/include/stdarg.h
/Applications/Xcode.app/Contents/Developer/Platforms/MacOSX.platform/Developer/SDKs/MacOSX26.1.sdk/System/Library/Frameworks/CoreServices.framework/Frameworks/AE.framework/Headers/AEMach.h
/Applications/Xcode.app/Contents/Developer/Platforms/MacOSX.platform/Developer/SDKs/MacOSX26.1.sdk/System/Library/Frameworks/CFNetwork.framework/Modules/module.modulemap
/Applications/Xcode.app/Contents/Developer/Platforms/MacOSX.platform/Developer/SDKs/MacOSX26.1.sdk/System/Library/Frameworks/CoreServices.framework/Frameworks/DictionaryServices.framework/Headers/DictionaryServices.h
/Applications/Xcode.app/Contents/Developer/Platforms/MacOSX.platform/Developer/SDKs/MacOSX26.1.sdk/System/Library/Frameworks/CoreServices.framework/Frameworks/LaunchServices.framework/Headers/LaunchServices.h
/Applications/Xcode.app/Contents/Developer/Platforms/MacOSX.platform/Developer/SDKs/MacOSX26.1.sdk/System/Library/Frameworks/CoreServices.framework/Frameworks/LaunchServices.framework/Headers/IconsCore.h
/Applications/Xcode.app/Contents/Developer/Platforms/MacOSX.platform/Developer/SDKs/MacOSX26.1.sdk/System/Library/Frameworks/CoreServices.framework/Frameworks/OSServices.framework/Headers/OSServices.h
/Applications/Xcode.app/Contents/Developer/Platforms/MacOSX.platform/Developer/SDKs/MacOSX26.1.sdk/System/Library/Frameworks/CoreServices.framework/Frameworks/OSServices.framework/Headers/CSIdentity.h
/Applications/Xcode.app/Contents/Developer/Platforms/MacOSX.platform/Developer/SDKs/MacOSX26.1.sdk/System/Library/Frameworks/CoreServices.framework/Frameworks/OSServices.framework/Headers/CSIdentityBase.h
/Applications/Xcode.app/Contents/Developer/Platforms/MacOSX.platform/Developer/SDKs/MacOSX26.1.sdk/System/Library/Frameworks/Security.framework/Modules/module.modulemap
/Applications/Xcode.app/Contents/Developer/Platforms/MacOSX.platform/Developer/SDKs/MacOSX26.1.sdk/System/Library/Frameworks/CoreServices.framework/Frameworks/OSServices.framework/Headers/CSIdentityAuthority.h
/Applications/Xcode.app/Contents/Developer/Platforms/MacOSX.platform/Developer/SDKs/MacOSX26.1.sdk/System/Library/Frameworks/CoreServices.framework/Frameworks/OSServices.framework/Headers/CSIdentityQuery.h
/Applications/Xcode.app/Contents/Developer/Platforms/MacOSX.platform/Developer/SDKs/MacOSX26.1.sdk/System/Library/Frameworks/CoreServices.framework/Frameworks/OSServices.framework/Headers/IconStorage.h
/Applications/Xcode.app/Contents/Developer/Platforms/MacOSX.platform/Developer/SDKs/MacOSX26.1.sdk/System/Library/Frameworks/CoreServices.framework/Frameworks/OSServices.framework/Headers/Power.h
/Applications/Xcode.app/Contents/Developer/Platforms/MacOSX.platform/Developer/SDKs/MacOSX26.1.sdk/System/Library/Frameworks/CoreServices.framework/Frameworks/OSServices.framework/Headers/SecurityCore.h
/Applications/Xcode.app/Contents/Developer/Platforms/MacOSX.platform/Developer/SDKs/MacOSX26.1.sdk/System/Library/Frameworks/CoreServices.framework/Frameworks/OSServices.framework/Headers/KeychainCore.h
/Applications/Xcode.app/Contents/Developer/Platforms/MacOSX.platform/Developer/SDKs/MacOSX26.1.sdk/System/Library/Frameworks/CoreServices.framework/Frameworks/OSServices.framework/Headers/WSMethodInvocation.h
/Applications/Xcode.app/Contents/Developer/Platforms/MacOSX.platform/Developer/SDKs/MacOSX26.1.sdk/System/Library/Frameworks/CoreServices.framework/Frameworks/OSServices.framework/Headers/WSTypes.h
/Applications/Xcode.app/Contents/Developer/Platforms/MacOSX.platform/Developer/SDKs/MacOSX26.1.sdk/System/Library/Frameworks/CoreServices.framework/Frameworks/OSServices.framework/Headers/WSProtocolHandler.h
/Applications/Xcode.app/Contents/Developer/Platforms/MacOSX.platform/Developer/SDKs/MacOSX26.1.sdk/System/Library/Frameworks/CoreServices.framework/Frameworks/LaunchServices.framework/Headers/LSConstants.h
/Applications/Xcode.app/Contents/Developer/Platforms/MacOSX.platform/Developer/SDKs/MacOSX26.1.sdk/System/Library/Frameworks/CoreServices.framework/Frameworks/LaunchServices.framework/Headers/LSInfo.h
/Applications/Xcode.app/Contents/Developer/Platforms/MacOSX.platform/Developer/SDKs/MacOSX26.1.sdk/System/Library/Frameworks/CoreServices.framework/Frameworks/LaunchServices.framework/Headers/LSInfoDeprecated.h
/Applications/Xcode.app/Contents/Developer/Platforms/MacOSX.platform/Developer/SDKs/MacOSX26.1.sdk/System/Library/Frameworks/CoreServices.framework/Frameworks/LaunchServices.framework/Headers/LSOpen.h
/Applications/Xcode.app/Contents/Developer/Platforms/MacOSX.platform/Developer/SDKs/MacOSX26.1.sdk/System/Library/Frameworks/CoreServices.framework/Frameworks/LaunchServices.framework/Headers/LSOpenDeprecated.h
/Applications/Xcode.app/Contents/Developer/Platforms/MacOSX.platform/Developer/SDKs/MacOSX26.1.sdk/System/Library/Frameworks/CoreServices.framework/Frameworks/LaunchServices.framework/Headers/LSQuarantine.h
/Applications/Xcode.app/Contents/Developer/Platforms/MacOSX.platform/Developer/SDKs/MacOSX26.1.sdk/System/Library/Frameworks/CoreServices.framework/Frameworks/LaunchServices.framework/Headers/UTCoreTypes.h
/Applications/Xcode.app/Contents/Developer/Platforms/MacOSX.platform/Developer/SDKs/MacOSX26.1.sdk/System/Library/Frameworks/CoreServices.framework/Frameworks/LaunchServices.framework/Headers/UTType.h
/Applications/Xcode.app/Contents/Developer/Platforms/MacOSX.platform/Developer/SDKs/MacOSX26.1.sdk/System/Library/Frameworks/CoreServices.framework/Frameworks/Metadata.framework/Headers/Metadata.h
/Applications/Xcode.app/Contents/Developer/Platforms/MacOSX.platform/Developer/SDKs/MacOSX26.1.sdk/System/Library/Frameworks/CoreServices.framework/Frameworks/Metadata.framework/Headers/MDItem.h
/Applications/Xcode.app/Contents/Developer/Platforms/MacOSX.platform/Developer/SDKs/MacOSX26.1.sdk/System/Library/Frameworks/CoreServices.framework/Frameworks/Metadata.framework/Headers/MDLabel.h
/Applications/Xcode.app/Contents/Developer/Platforms/MacOSX.platform/Developer/SDKs/MacOSX26.1.sdk/System/Library/Frameworks/CoreServices.framework/Frameworks/Metadata.framework/Headers/MDQuery.h
/Applications/Xcode.app/Contents/Developer/Platforms/MacOSX.platform/Developer/SDKs/MacOSX26.1.sdk/System/Library/Frameworks/CoreServices.framework/Frameworks/Metadata.framework/Headers/MDSchema.h
/Applications/Xcode.app/Contents/Developer/Platforms/MacOSX.platform/Developer/SDKs/MacOSX26.1.sdk/System/Library/Frameworks/CoreServices.framework/Frameworks/Metadata.framework/Headers/MDImporter.h
/Applications/Xcode.app/Contents/Developer/Platforms/MacOSX.platform/Developer/SDKs/MacOSX26.1.sdk/System/Library/Frameworks/CoreServices.framework/Frameworks/SearchKit.framework/Headers/SearchKit.h
/Applications/Xcode.app/Contents/Developer/Platforms/MacOSX.platform/Developer/SDKs/MacOSX26.1.sdk/System/Library/Frameworks/CoreServices.framework/Frameworks/SearchKit.framework/Headers/SKDocument.h
/Applications/Xcode.app/Contents/Developer/Platforms/MacOSX.platform/Developer/SDKs/MacOSX26.1.sdk/System/Library/Frameworks/CoreServices.framework/Frameworks/SearchKit.framework/Headers/SKAnalysis.h
/Applications/Xcode.app/Contents/Developer/Platforms/MacOSX.platform/Developer/SDKs/MacOSX26.1.sdk/System/Library/Frameworks/CoreServices.framework/Frameworks/SearchKit.framework/Headers/SKIndex.h
/Applications/Xcode.app/Contents/Developer/Platforms/MacOSX.platform/Developer/SDKs/MacOSX26.1.sdk/System/Library/Frameworks/CoreServices.framework/Frameworks/SearchKit.framework/Headers/SKSearch.h
/Applications/Xcode.app/Contents/Developer/Platforms/MacOSX.platform/Developer/SDKs/MacOSX26.1.sdk/System/Library/Frameworks/CoreServices.framework/Frameworks/SearchKit.framework/Headers/SKSummary.h
/Applications/Xcode.app/Contents/Developer/Platforms/MacOSX.platform/Developer/SDKs/MacOSX26.1.sdk/System/Library/Frameworks/CoreServices.framework/Frameworks/FSEvents.framework/Headers/FSEvents.h
/Applications/Xcode.app/Contents/Developer/Platforms/MacOSX.platform/Developer/SDKs/MacOSX26.1.sdk/System/Library/Frameworks/CoreServices.framework/Frameworks/SharedFileList.framework/Headers/SharedFileList.h
/Applications/Xcode.app/Contents/Developer/Platforms/MacOSX.platform/Developer/SDKs/MacOSX26.1.sdk/System/Library/Frameworks/CoreServices.framework/Frameworks/SharedFileList.framework/Headers/LSSharedFileList.h
/Applications/Xcode.app/Contents/Developer/Platforms/MacOSX.platform/Developer/SDKs/MacOSX26.1.sdk/SDKSettings.json
/Applications/Xcode.app/Contents/Developer/Platforms/MacOSX.platform/Developer/SDKs/MacOSX26.1.sdk/usr/include/Darwin.modulemap
/Applications/Xcode.app/Contents/Developer/Platforms/MacOSX.platform/Developer/SDKs/MacOSX26.1.sdk/usr/include/Darwin_C.modulemap
/Applications/Xcode.app/Contents/Developer/Platforms/MacOSX.platform/Developer/SDKs/MacOSX26.1.sdk/usr/include/Darwin_POSIX.modulemap
/Applications/Xcode.app/Contents/Developer/Platforms/MacOSX.platform/Developer/SDKs/MacOSX26.1.sdk/usr/include/net.modulemap
/Applications/Xcode.app/Contents/Developer/Platforms/MacOSX.platform/Developer/SDKs/MacOSX26.1.sdk/usr/include/netinet.modulemap
/Applications/Xcode.app/Contents/Developer/Platforms/MacOSX.platform/Developer/SDKs/MacOSX26.1.sdk/usr/include/bank.modulemap
/Applications/Xcode.app/Contents/Developer/Platforms/MacOSX.platform/Developer/SDKs/MacOSX26.1.sdk/usr/include/Darwin_Mach.modulemap
/Applications/Xcode.app/Contents/Developer/Platforms/MacOSX.platform/Developer/SDKs/MacOSX26.1.sdk/usr/include/Darwin_Mach_machine.modulemap
/Applications/Xcode.app/Contents/Developer/Platforms/MacOSX.platform/Developer/SDKs/MacOSX26.1.sdk/usr/include/mach_debug.modulemap
/Applications/Xcode.app/Contents/Developer/Platforms/MacOSX.platform/Developer/SDKs/MacOSX26.1.sdk/usr/include/device.modulemap
/Applications/Xcode.app/Contents/Developer/Platforms/MacOSX.platform/Developer/SDKs/MacOSX26.1.sdk/usr/include/Darwin_machine.modulemap
/Applications/Xcode.app/Contents/Developer/Platforms/MacOSX.platform/Developer/SDKs/MacOSX26.1.sdk/usr/include/ncurses.modulemap
/Applications/Xcode.app/Contents/Developer/Platforms/MacOSX.platform/Developer/SDKs/MacOSX26.1.sdk/usr/include/netinet6.modulemap
/Applications/Xcode.app/Contents/Developer/Platforms/MacOSX.platform/Developer/SDKs/MacOSX26.1.sdk/usr/include/Darwin_sys.modulemap
/Applications/Xcode.app/Contents/Developer/Platforms/MacOSX.platform/Developer/SDKs/MacOSX26.1.sdk/usr/include/uuid.modulemap
/Applications/Xcode.app/Contents/Developer/Platforms/MacOSX.platform/Developer/SDKs/MacOSX26.1.sdk/usr/include/DarwinFoundation2.modulemap
/Applications/Xcode.app/Contents/Developer/Platforms/MacOSX.platform/Developer/SDKs/MacOSX26.1.sdk/usr/include/DarwinFoundation3.modulemap
/Applications/Xcode.app/Contents/Developer/Platforms/MacOSX.platform/Developer/SDKs/MacOSX26.1.sdk/usr/include/DarwinFoundation1.modulemap
/Applications/Xcode.app/Contents/Developer/Platforms/MacOSX.platform/Developer/SDKs/MacOSX26.1.sdk/usr/include/copyfile.h
/Applications/Xcode.app/Contents/Developer/Toolchains/XcodeDefault.xctoolchain/usr/lib/swift/clang/include/module.modulemap
/Applications/Xcode.app/Contents/Developer/Platforms/MacOSX.platform/Developer/SDKs/MacOSX26.1.sdk/usr/include/err.h
/Applications/Xcode.app/Contents/Developer/Platforms/MacOSX.platform/Developer/SDKs/MacOSX26.1.sdk/usr/include/readpassphrase.h
/Applications/Xcode.app/Contents/Developer/Platforms/MacOSX.platform/Developer/SDKs/MacOSX26.1.sdk/usr/include/util.h
/Applications/Xcode.app/Contents/Developer/Platforms/MacOSX.platform/Developer/SDKs/MacOSX26.1.sdk/usr/include/sys/ttycom.h
/Applications/Xcode.app/Contents/Developer/Platforms/MacOSX.platform/Developer/SDKs/MacOSX26.1.sdk/usr/include/sys/ioccom.h
/Applications/Xcode.app/Contents/Developer/Platforms/MacOSX.platform/Developer/SDKs/MacOSX26.1.sdk/usr/include/stdio.h
/Applications/Xcode.app/Contents/Developer/Platforms/MacOSX.platform/Developer/SDKs/MacOSX26.1.sdk/usr/include/pwd.h
/Applications/Xcode.app/Contents/Developer/Platforms/MacOSX.platform/Developer/SDKs/MacOSX26.1.sdk/usr/include/uuid/uuid.h
/Applications/Xcode.app/Contents/Developer/Platforms/MacOSX.platform/Developer/SDKs/MacOSX26.1.sdk/usr/include/termios.h
/Applications/Xcode.app/Contents/Developer/Platforms/MacOSX.platform/Developer/SDKs/MacOSX26.1.sdk/usr/include/sys/termios.h
/Applications/Xcode.app/Contents/Developer/Platforms/MacOSX.platform/Developer/SDKs/MacOSX26.1.sdk/usr/include/sys/ttydefaults.h
/Applications/Xcode.app/Contents/Developer/Platforms/MacOSX.platform/Developer/SDKs/MacOSX26.1.sdk/usr/include/utmp.h
/Applications/Xcode.app/Contents/Developer/Platforms/MacOSX.platform/Developer/SDKs/MacOSX26.1.sdk/usr/include/xattr_flags.h
/Applications/Xcode.app/Contents/Developer/Platforms/MacOSX.platform/Developer/SDKs/MacOSX26.1.sdk/usr/include/_modules/_darwin_c_ctype.h
/Applications/Xcode.app/Contents/Developer/Platforms/MacOSX.platform/Developer/SDKs/MacOSX26.1.sdk/usr/include/ctype.h
/Applications/Xcode.app/Contents/Developer/Platforms/MacOSX.platform/Developer/SDKs/MacOSX26.1.sdk/usr/include/_modules/_darwin_c_errno.h
/Applications/Xcode.app/Contents/Developer/Platforms/MacOSX.platform/Developer/SDKs/MacOSX26.1.sdk/usr/include/_modules/_darwin_c_inttypes.h
/Applications/Xcode.app/Contents/Developer/Platforms/MacOSX.platform/Developer/SDKs/MacOSX26.1.sdk/usr/include/_modules/_darwin_c_limits.h
/Applications/Xcode.app/Contents/Developer/Platforms/MacOSX.platform/Developer/SDKs/MacOSX26.1.sdk/usr/include/_modules/_darwin_c_signal.h
/Applications/Xcode.app/Contents/Developer/Platforms/MacOSX.platform/Developer/SDKs/MacOSX26.1.sdk/usr/include/_modules/_darwin_c_stdarg.h
/Applications/Xcode.app/Contents/Developer/Toolchains/XcodeDefault.xctoolchain/usr/lib/swift/clang/include/stdarg.h
/Applications/Xcode.app/Contents/Developer/Platforms/MacOSX.platform/Developer/SDKs/MacOSX26.1.sdk/usr/include/_modules/_darwin_c_stdbool.h
/Applications/Xcode.app/Contents/Developer/Platforms/MacOSX.platform/Developer/SDKs/MacOSX26.1.sdk/usr/include/_modules/_darwin_c_stddef.h
/Applications/Xcode.app/Contents/Developer/Toolchains/XcodeDefault.xctoolchain/usr/lib/swift/clang/include/stddef.h
/Applications/Xcode.app/Contents/Developer/Platforms/MacOSX.platform/Developer/SDKs/MacOSX26.1.sdk/usr/include/_modules/_darwin_c_stdint.h
/Applications/Xcode.app/Contents/Developer/Platforms/MacOSX.platform/Developer/SDKs/MacOSX26.1.sdk/usr/include/_modules/_darwin_c_stdio.h
/Applications/Xcode.app/Contents/Developer/Platforms/MacOSX.platform/Developer/SDKs/MacOSX26.1.sdk/usr/include/_modules/_darwin_c_stdlib.h
/Applications/Xcode.app/Contents/Developer/Platforms/MacOSX.platform/Developer/SDKs/MacOSX26.1.sdk/usr/include/stdlib.h
/Applications/Xcode.app/Contents/Developer/Platforms/MacOSX.platform/Developer/SDKs/MacOSX26.1.sdk/usr/include/_modules/_darwin_c_string.h
/Applications/Xcode.app/Contents/Developer/Platforms/MacOSX.platform/Developer/SDKs/MacOSX26.1.sdk/usr/include/string.h
/Applications/Xcode.app/Contents/Developer/Platforms/MacOSX.platform/Developer/SDKs/MacOSX26.1.sdk/usr/include/_modules/_darwin_c_time.h
/Applications/Xcode.app/Contents/Developer/Platforms/MacOSX.platform/Developer/SDKs/MacOSX26.1.sdk/usr/include/time.h
/Applications/Xcode.app/Contents/Developer/Platforms/MacOSX.platform/Developer/SDKs/MacOSX26.1.sdk/usr/include/_modules/_darwin_c_wchar.h
/Applications/Xcode.app/Contents/Developer/Platforms/MacOSX.platform/Developer/SDKs/MacOSX26.1.sdk/usr/include/wchar.h
/Applications/Xcode.app/Contents/Developer/Platforms/MacOSX.platform/Developer/SDKs/MacOSX26.1.sdk/usr/include/aio.h
/Applications/Xcode.app/Contents/Developer/Platforms/MacOSX.platform/Developer/SDKs/MacOSX26.1.sdk/usr/include/sys/aio.h
/Applications/Xcode.app/Contents/Developer/Platforms/MacOSX.platform/Developer/SDKs/MacOSX26.1.sdk/usr/include/sys/_types/_o_sync.h
/Applications/Xcode.app/Contents/Developer/Platforms/MacOSX.platform/Developer/SDKs/MacOSX26.1.sdk/usr/include/sys/_types/_o_dsync.h
/Applications/Xcode.app/Contents/Developer/Platforms/MacOSX.platform/Developer/SDKs/MacOSX26.1.sdk/usr/include/arpa/inet.h
/Applications/Xcode.app/Contents/Developer/Platforms/MacOSX.platform/Developer/SDKs/MacOSX26.1.sdk/usr/include/netinet/in.h
/Applications/Xcode.app/Contents/Developer/Platforms/MacOSX.platform/Developer/SDKs/MacOSX26.1.sdk/usr/include/sys/socket.h
/Applications/Xcode.app/Contents/Developer/Platforms/MacOSX.platform/Developer/SDKs/MacOSX26.1.sdk/usr/include/sys/constrained_ctypes.h
/Applications/Xcode.app/Contents/Developer/Platforms/MacOSX.platform/Developer/SDKs/MacOSX26.1.sdk/usr/include/machine/_param.h
/Applications/Xcode.app/Contents/Developer/Platforms/MacOSX.platform/Developer/SDKs/MacOSX26.1.sdk/usr/include/arm/_param.h
/Applications/Xcode.app/Contents/Developer/Platforms/MacOSX.platform/Developer/SDKs/MacOSX26.1.sdk/usr/include/net/net_kev.h
/Applications/Xcode.app/Contents/Developer/Platforms/MacOSX.platform/Developer/SDKs/MacOSX26.1.sdk/usr/include/sys/_types/_sa_family_t.h
/Applications/Xcode.app/Contents/Developer/Platforms/MacOSX.platform/Developer/SDKs/MacOSX26.1.sdk/usr/include/sys/_types/_socklen_t.h
/Applications/Xcode.app/Contents/Developer/Platforms/MacOSX.platform/Developer/SDKs/MacOSX26.1.sdk/usr/include/sys/_types/_iovec_t.h
/Applications/Xcode.app/Contents/Developer/Platforms/MacOSX.platform/Developer/SDKs/MacOSX26.1.sdk/usr/include/netinet6/in6.h
/Applications/Xcode.app/Contents/Developer/Platforms/MacOSX.platform/Developer/SDKs/MacOSX26.1.sdk/usr/include/cpio.h
/Applications/Xcode.app/Contents/Developer/Platforms/MacOSX.platform/Developer/SDKs/MacOSX26.1.sdk/usr/include/dirent.h
/Applications/Xcode.app/Contents/Developer/Platforms/MacOSX.platform/Developer/SDKs/MacOSX26.1.sdk/usr/include/sys/dirent.h
/Applications/Xcode.app/Contents/Developer/Platforms/MacOSX.platform/Developer/SDKs/MacOSX26.1.sdk/usr/include/sys/dir.h
/Applications/Xcode.app/Contents/Developer/Platforms/MacOSX.platform/Developer/SDKs/MacOSX26.1.sdk/usr/include/dlfcn.h
/Applications/Xcode.app/Contents/Developer/Platforms/MacOSX.platform/Developer/SDKs/MacOSX26.1.sdk/usr/include/fcntl.h
/Applications/Xcode.app/Contents/Developer/Platforms/MacOSX.platform/Developer/SDKs/MacOSX26.1.sdk/usr/include/sys/fcntl.h
/Applications/Xcode.app/Contents/Developer/Platforms/MacOSX.platform/Developer/SDKs/MacOSX26.1.sdk/usr/include/sys/_types/_s_ifmt.h
/Applications/Xcode.app/Contents/Developer/Platforms/MacOSX.platform/Developer/SDKs/MacOSX26.1.sdk/usr/include/sys/_types/_filesec_t.h
/Applications/Xcode.app/Contents/Developer/Platforms/MacOSX.platform/Developer/SDKs/MacOSX26.1.sdk/usr/include/fmtmsg.h
/Applications/Xcode.app/Contents/Developer/Platforms/MacOSX.platform/Developer/SDKs/MacOSX26.1.sdk/usr/include/fnmatch.h
/Applications/Xcode.app/Contents/Developer/Platforms/MacOSX.platform/Developer/SDKs/MacOSX26.1.sdk/usr/include/ftw.h
/Applications/Xcode.app/Contents/Developer/Platforms/MacOSX.platform/Developer/SDKs/MacOSX26.1.sdk/usr/include/sys/stat.h
/Applications/Xcode.app/Contents/Developer/Platforms/MacOSX.platform/Developer/SDKs/MacOSX26.1.sdk/usr/include/glob.h
/Applications/Xcode.app/Contents/Developer/Platforms/MacOSX.platform/Developer/SDKs/MacOSX26.1.sdk/usr/include/grp.h
/Applications/Xcode.app/Contents/Developer/Platforms/MacOSX.platform/Developer/SDKs/MacOSX26.1.sdk/usr/include/iconv.h
/Applications/Xcode.app/Contents/Developer/Platforms/MacOSX.platform/Developer/SDKs/MacOSX26.1.sdk/usr/include/ifaddrs.h
/Applications/Xcode.app/Contents/Developer/Platforms/MacOSX.platform/Developer/SDKs/MacOSX26.1.sdk/usr/include/sys/ioctl.h
/Applications/Xcode.app/Contents/Developer/Platforms/MacOSX.platform/Developer/SDKs/MacOSX26.1.sdk/usr/include/sys/filio.h
/Applications/Xcode.app/Contents/Developer/Platforms/MacOSX.platform/Developer/SDKs/MacOSX26.1.sdk/usr/include/sys/sockio.h
/Applications/Xcode.app/Contents/Developer/Platforms/MacOSX.platform/Developer/SDKs/MacOSX26.1.sdk/usr/include/net/if.h
/Applications/Xcode.app/Contents/Developer/Platforms/MacOSX.platform/Developer/SDKs/MacOSX26.1.sdk/usr/include/net/if_var.h
/Applications/Xcode.app/Contents/Developer/Platforms/MacOSX.platform/Developer/SDKs/MacOSX26.1.sdk/usr/include/sys/time.h
/Applications/Xcode.app/Contents/Developer/Platforms/MacOSX.platform/Developer/SDKs/MacOSX26.1.sdk/usr/include/sys/_types/_timeval64.h
/Applications/Xcode.app/Contents/Developer/Platforms/MacOSX.platform/Developer/SDKs/MacOSX26.1.sdk/usr/include/sys/_types/_timeval32.h
/Applications/Xcode.app/Contents/Developer/Platforms/MacOSX.platform/Developer/SDKs/MacOSX26.1.sdk/usr/include/_langinfo.h
/Applications/Xcode.app/Contents/Developer/Platforms/MacOSX.platform/Developer/SDKs/MacOSX26.1.sdk/usr/include/xlocale/_langinfo.h
/Applications/Xcode.app/Contents/Developer/Platforms/MacOSX.platform/Developer/SDKs/MacOSX26.1.sdk/usr/include/libgen.h
/Applications/Xcode.app/Contents/Developer/Platforms/MacOSX.platform/Developer/SDKs/MacOSX26.1.sdk/usr/include/_monetary.h
/Applications/Xcode.app/Contents/Developer/Platforms/MacOSX.platform/Developer/SDKs/MacOSX26.1.sdk/usr/include/xlocale/_monetary.h
/Applications/Xcode.app/Contents/Developer/Platforms/MacOSX.platform/Developer/SDKs/MacOSX26.1.sdk/usr/include/ndbm.h
/Applications/Xcode.app/Contents/Developer/Platforms/MacOSX.platform/Developer/SDKs/MacOSX26.1.sdk/usr/include/netdb.h
/Applications/Xcode.app/Contents/Developer/Platforms/MacOSX.platform/Developer/SDKs/MacOSX26.1.sdk/usr/include/net/if_dl.h
/Applications/Xcode.app/Contents/Developer/Platforms/MacOSX.platform/Developer/SDKs/MacOSX26.1.sdk/usr/include/net/if_types.h
/Applications/Xcode.app/Contents/Developer/Platforms/MacOSX.platform/Developer/SDKs/MacOSX26.1.sdk/usr/include/netinet/tcp.h
/Applications/Xcode.app/Contents/Developer/Platforms/MacOSX.platform/Developer/SDKs/MacOSX26.1.sdk/usr/include/poll.h
/Applications/Xcode.app/Contents/Developer/Platforms/MacOSX.platform/Developer/SDKs/MacOSX26.1.sdk/usr/include/sys/poll.h
/Applications/Xcode.app/Contents/Developer/Platforms/MacOSX.platform/Developer/SDKs/MacOSX26.1.sdk/usr/include/pthread/spawn.h
/Applications/Xcode.app/Contents/Developer/Platforms/MacOSX.platform/Developer/SDKs/MacOSX26.1.sdk/usr/include/spawn.h
/Applications/Xcode.app/Contents/Developer/Platforms/MacOSX.platform/Developer/SDKs/MacOSX26.1.sdk/usr/include/sys/spawn.h
/Applications/Xcode.app/Contents/Developer/Platforms/MacOSX.platform/Developer/SDKs/MacOSX26.1.sdk/usr/include/mach/exception_types.h
/Applications/Xcode.app/Contents/Developer/Platforms/MacOSX.platform/Developer/SDKs/MacOSX26.1.sdk/usr/include/mach/machine/exception.h
/Applications/Xcode.app/Contents/Developer/Platforms/MacOSX.platform/Developer/SDKs/MacOSX26.1.sdk/usr/include/mach/arm/exception.h
/Applications/Xcode.app/Contents/Developer/Platforms/MacOSX.platform/Developer/SDKs/MacOSX26.1.sdk/usr/include/mach/port.h
/Applications/Xcode.app/Contents/Developer/Platforms/MacOSX.platform/Developer/SDKs/MacOSX26.1.sdk/usr/include/mach/boolean.h
/Applications/Xcode.app/Contents/Developer/Platforms/MacOSX.platform/Developer/SDKs/MacOSX26.1.sdk/usr/include/mach/machine/boolean.h
/Applications/Xcode.app/Contents/Developer/Platforms/MacOSX.platform/Developer/SDKs/MacOSX26.1.sdk/usr/include/mach/arm/boolean.h
/Applications/Xcode.app/Contents/Developer/Platforms/MacOSX.platform/Developer/SDKs/MacOSX26.1.sdk/usr/include/mach/machine/vm_types.h
/Applications/Xcode.app/Contents/Developer/Platforms/MacOSX.platform/Developer/SDKs/MacOSX26.1.sdk/usr/include/mach/arm/vm_types.h
/Applications/Xcode.app/Contents/Developer/Platforms/MacOSX.platform/Developer/SDKs/MacOSX26.1.sdk/usr/include/mach/thread_status.h
/Applications/Xcode.app/Contents/Developer/Platforms/MacOSX.platform/Developer/SDKs/MacOSX26.1.sdk/usr/include/mach/machine/thread_status.h
/Applications/Xcode.app/Contents/Developer/Platforms/MacOSX.platform/Developer/SDKs/MacOSX26.1.sdk/usr/include/mach/arm/thread_status.h
/Applications/Xcode.app/Contents/Developer/Platforms/MacOSX.platform/Developer/SDKs/MacOSX26.1.sdk/usr/include/mach/machine/thread_state.h
/Applications/Xcode.app/Contents/Developer/Platforms/MacOSX.platform/Developer/SDKs/MacOSX26.1.sdk/usr/include/mach/arm/thread_state.h
/Applications/Xcode.app/Contents/Developer/Platforms/MacOSX.platform/Developer/SDKs/MacOSX26.1.sdk/usr/include/mach/message.h
/Applications/Xcode.app/Contents/Developer/Platforms/MacOSX.platform/Developer/SDKs/MacOSX26.1.sdk/usr/include/mach/kern_return.h
/Applications/Xcode.app/Contents/Developer/Platforms/MacOSX.platform/Developer/SDKs/MacOSX26.1.sdk/usr/include/mach/machine/kern_return.h
/Applications/Xcode.app/Contents/Developer/Platforms/MacOSX.platform/Developer/SDKs/MacOSX26.1.sdk/usr/include/mach/arm/kern_return.h
/Applications/Xcode.app/Contents/Developer/Platforms/MacOSX.platform/Developer/SDKs/MacOSX26.1.sdk/usr/include/mach/vm_types.h
/Applications/Xcode.app/Contents/Developer/Platforms/MacOSX.platform/Developer/SDKs/MacOSX26.1.sdk/usr/include/mach_debug/ipc_info.h
/Applications/Xcode.app/Contents/Developer/Platforms/MacOSX.platform/Developer/SDKs/MacOSX26.1.sdk/usr/include/mach/machine.h
/Applications/Xcode.app/Contents/Developer/Platforms/MacOSX.platform/Developer/SDKs/MacOSX26.1.sdk/usr/include/pthread/pthread_spis.h
/Applications/Xcode.app/Contents/Developer/Platforms/MacOSX.platform/Developer/SDKs/MacOSX26.1.sdk/usr/include/_modules/_darwin_posix_pthread_pthread.h
/Applications/Xcode.app/Contents/Developer/Platforms/MacOSX.platform/Developer/SDKs/MacOSX26.1.sdk/usr/include/_regex.h
/Applications/Xcode.app/Contents/Developer/Platforms/MacOSX.platform/Developer/SDKs/MacOSX26.1.sdk/usr/include/xlocale/_regex.h
/Applications/Xcode.app/Contents/Developer/Platforms/MacOSX.platform/Developer/SDKs/MacOSX26.1.sdk/usr/include/search.h
/Applications/Xcode.app/Contents/Developer/Platforms/MacOSX.platform/Developer/SDKs/MacOSX26.1.sdk/usr/include/semaphore.h
/Applications/Xcode.app/Contents/Developer/Platforms/MacOSX.platform/Developer/SDKs/MacOSX26.1.sdk/usr/include/sys/semaphore.h
/Applications/Xcode.app/Contents/Developer/Platforms/MacOSX.platform/Developer/SDKs/MacOSX26.1.sdk/usr/include/sys/posix_sem.h
/Applications/Xcode.app/Contents/Developer/Platforms/MacOSX.platform/Developer/SDKs/MacOSX26.1.sdk/usr/include/sys/proc.h
/Applications/Xcode.app/Contents/Developer/Platforms/MacOSX.platform/Developer/SDKs/MacOSX26.1.sdk/usr/include/sys/queue.h
/Applications/Xcode.app/Contents/Developer/Platforms/MacOSX.platform/Developer/SDKs/MacOSX26.1.sdk/usr/include/sys/lock.h
/Applications/Xcode.app/Contents/Developer/Platforms/MacOSX.platform/Developer/SDKs/MacOSX26.1.sdk/usr/include/sys/param.h
/Applications/Xcode.app/Contents/Developer/Platforms/MacOSX.platform/Developer/SDKs/MacOSX26.1.sdk/usr/include/machine/param.h
/Applications/Xcode.app/Contents/Developer/Platforms/MacOSX.platform/Developer/SDKs/MacOSX26.1.sdk/usr/include/arm/param.h
/Applications/Xcode.app/Contents/Developer/Platforms/MacOSX.platform/Developer/SDKs/MacOSX26.1.sdk/usr/include/sys/event.h
/Applications/Xcode.app/Contents/Developer/Platforms/MacOSX.platform/Developer/SDKs/MacOSX26.1.sdk/usr/include/strings.h
/Applications/Xcode.app/Contents/Developer/Platforms/MacOSX.platform/Developer/SDKs/MacOSX26.1.sdk/usr/include/sys/ipc.h
/Applications/Xcode.app/Contents/Developer/Platforms/MacOSX.platform/Developer/SDKs/MacOSX26.1.sdk/usr/include/sys/mman.h
/Applications/Xcode.app/Contents/Developer/Platforms/MacOSX.platform/Developer/SDKs/MacOSX26.1.sdk/usr/include/sys/msg.h
/Applications/Xcode.app/Contents/Developer/Platforms/MacOSX.platform/Developer/SDKs/MacOSX26.1.sdk/usr/include/sys/sem.h
/Applications/Xcode.app/Contents/Developer/Platforms/MacOSX.platform/Developer/SDKs/MacOSX26.1.sdk/usr/include/sys/shm.h
/Applications/Xcode.app/Contents/Developer/Platforms/MacOSX.platform/Developer/SDKs/MacOSX26.1.sdk/usr/include/sys/posix_shm.h
/Applications/Xcode.app/Contents/Developer/Platforms/MacOSX.platform/Developer/SDKs/MacOSX26.1.sdk/usr/include/sys/statvfs.h
/Applications/Xcode.app/Contents/Developer/Platforms/MacOSX.platform/Developer/SDKs/MacOSX26.1.sdk/usr/include/sys/times.h
/Applications/Xcode.app/Contents/Developer/Platforms/MacOSX.platform/Developer/SDKs/MacOSX26.1.sdk/usr/include/sys/_types/_fsid_t.h
/Applications/Xcode.app/Contents/Developer/Platforms/MacOSX.platform/Developer/SDKs/MacOSX26.1.sdk/usr/include/sys/_types/_fsobj_id_t.h
/Applications/Xcode.app/Contents/Developer/Platforms/MacOSX.platform/Developer/SDKs/MacOSX26.1.sdk/usr/include/sys/_types/_graftdmg_un.h
/Applications/Xcode.app/Contents/Developer/Platforms/MacOSX.platform/Developer/SDKs/MacOSX26.1.sdk/usr/include/sys/_types/_guid_t.h
/Applications/Xcode.app/Contents/Developer/Platforms/MacOSX.platform/Developer/SDKs/MacOSX26.1.sdk/usr/include/sys/_types/_mount_t.h
/Applications/Xcode.app/Contents/Developer/Platforms/MacOSX.platform/Developer/SDKs/MacOSX26.1.sdk/usr/include/sys/_types/_os_inline.h
/Applications/Xcode.app/Contents/Developer/Platforms/MacOSX.platform/Developer/SDKs/MacOSX26.1.sdk/usr/include/sys/_types/_ucontext64.h
/Applications/Xcode.app/Contents/Developer/Platforms/MacOSX.platform/Developer/SDKs/MacOSX26.1.sdk/usr/include/sys/_types/_vnode_t.h
/Applications/Xcode.app/Contents/Developer/Platforms/MacOSX.platform/Developer/SDKs/MacOSX26.1.sdk/usr/include/sys/uio.h
/Applications/Xcode.app/Contents/Developer/Platforms/MacOSX.platform/Developer/SDKs/MacOSX26.1.sdk/usr/include/sys/un.h
/Applications/Xcode.app/Contents/Developer/Platforms/MacOSX.platform/Developer/SDKs/MacOSX26.1.sdk/usr/include/sys/utsname.h
/Applications/Xcode.app/Contents/Developer/Platforms/MacOSX.platform/Developer/SDKs/MacOSX26.1.sdk/usr/include/sys/vsock.h
/Applications/Xcode.app/Contents/Developer/Platforms/MacOSX.platform/Developer/SDKs/MacOSX26.1.sdk/usr/include/sys/ucred.h
/Applications/Xcode.app/Contents/Developer/Platforms/MacOSX.platform/Developer/SDKs/MacOSX26.1.sdk/usr/include/bsm/audit.h
/Applications/Xcode.app/Contents/Developer/Platforms/MacOSX.platform/Developer/SDKs/MacOSX26.1.sdk/usr/include/sys/socketvar.h
/Applications/Xcode.app/Contents/Developer/Platforms/MacOSX.platform/Developer/SDKs/MacOSX26.1.sdk/usr/include/sys/xattr.h
/Applications/Xcode.app/Contents/Developer/Platforms/MacOSX.platform/Developer/SDKs/MacOSX26.1.sdk/usr/include/_modules/_darwin_posix_sys_resource.h
/Applications/Xcode.app/Contents/Developer/Platforms/MacOSX.platform/Developer/SDKs/MacOSX26.1.sdk/usr/include/_modules/_darwin_posix_sys_select.h
/Applications/Xcode.app/Contents/Developer/Platforms/MacOSX.platform/Developer/SDKs/MacOSX26.1.sdk/usr/include/_modules/_darwin_posix_sys_wait.h
/Applications/Xcode.app/Contents/Developer/Platforms/MacOSX.platform/Developer/SDKs/MacOSX26.1.sdk/usr/include/syslog.h
/Applications/Xcode.app/Contents/Developer/Platforms/MacOSX.platform/Developer/SDKs/MacOSX26.1.sdk/usr/include/sys/syslog.h
/Applications/Xcode.app/Contents/Developer/Platforms/MacOSX.platform/Developer/SDKs/MacOSX26.1.sdk/usr/include/tar.h
/Applications/Xcode.app/Contents/Developer/Platforms/MacOSX.platform/Developer/SDKs/MacOSX26.1.sdk/usr/include/ulimit.h
/Applications/Xcode.app/Contents/Developer/Platforms/MacOSX.platform/Developer/SDKs/MacOSX26.1.sdk/usr/include/utime.h
/Applications/Xcode.app/Contents/Developer/Platforms/MacOSX.platform/Developer/SDKs/MacOSX26.1.sdk/usr/include/utmpx.h
/Applications/Xcode.app/Contents/Developer/Platforms/MacOSX.platform/Developer/SDKs/MacOSX26.1.sdk/usr/include/wordexp.h
/Applications/Xcode.app/Contents/Developer/Platforms/MacOSX.platform/Developer/SDKs/MacOSX26.1.sdk/usr/include/_modules/_darwin_posix_nl_types.h
/Applications/Xcode.app/Contents/Developer/Platforms/MacOSX.platform/Developer/SDKs/MacOSX26.1.sdk/usr/include/_modules/_darwin_posix_sched.h
/Applications/Xcode.app/Contents/Developer/Platforms/MacOSX.platform/Developer/SDKs/MacOSX26.1.sdk/usr/include/_modules/_darwin_posix_unistd.h
/Applications/Xcode.app/Contents/Developer/Platforms/MacOSX.platform/Developer/SDKs/MacOSX26.1.sdk/usr/include/net/bpf.h
/Applications/Xcode.app/Contents/Developer/Platforms/MacOSX.platform/Developer/SDKs/MacOSX26.1.sdk/usr/include/net/dlil.h
/Applications/Xcode.app/Contents/Developer/Platforms/MacOSX.platform/Developer/SDKs/MacOSX26.1.sdk/usr/include/net/ethernet.h
/Applications/Xcode.app/Contents/Developer/Platforms/MacOSX.platform/Developer/SDKs/MacOSX26.1.sdk/usr/include/net/if_arp.h
/Applications/Xcode.app/Contents/Developer/Platforms/MacOSX.platform/Developer/SDKs/MacOSX26.1.sdk/usr/include/net/if_llc.h
/Applications/Xcode.app/Contents/Developer/Platforms/MacOSX.platform/Developer/SDKs/MacOSX26.1.sdk/usr/include/net/if_media.h
/Applications/Xcode.app/Contents/Developer/Platforms/MacOSX.platform/Developer/SDKs/MacOSX26.1.sdk/usr/include/net/if_mib.h
/Applications/Xcode.app/Contents/Developer/Platforms/MacOSX.platform/Developer/SDKs/MacOSX26.1.sdk/usr/include/net/if_utun.h
/Applications/Xcode.app/Contents/Developer/Platforms/MacOSX.platform/Developer/SDKs/MacOSX26.1.sdk/usr/include/net/if_var_status.h
/Applications/Xcode.app/Contents/Developer/Platforms/MacOSX.platform/Developer/SDKs/MacOSX26.1.sdk/usr/include/net/kext_net.h
/Applications/Xcode.app/Contents/Developer/Platforms/MacOSX.platform/Developer/SDKs/MacOSX26.1.sdk/usr/include/net/ndrv.h
/Applications/Xcode.app/Contents/Developer/Platforms/MacOSX.platform/Developer/SDKs/MacOSX26.1.sdk/usr/include/net/pfkeyv2.h
/Applications/Xcode.app/Contents/Developer/Platforms/MacOSX.platform/Developer/SDKs/MacOSX26.1.sdk/usr/include/net/route.h
/Applications/Xcode.app/Contents/Developer/Platforms/MacOSX.platform/Developer/SDKs/MacOSX26.1.sdk/usr/include/netinet/bootp.h
/Applications/Xcode.app/Contents/Developer/Platforms/MacOSX.platform/Developer/SDKs/MacOSX26.1.sdk/usr/include/netinet/ip.h
/Applications/Xcode.app/Contents/Developer/Platforms/MacOSX.platform/Developer/SDKs/MacOSX26.1.sdk/usr/include/netinet/in_systm.h
/Applications/Xcode.app/Contents/Developer/Platforms/MacOSX.platform/Developer/SDKs/MacOSX26.1.sdk/usr/include/netinet/udp.h
/Applications/Xcode.app/Contents/Developer/Platforms/MacOSX.platform/Developer/SDKs/MacOSX26.1.sdk/usr/include/netinet/icmp6.h
/Applications/Xcode.app/Contents/Developer/Platforms/MacOSX.platform/Developer/SDKs/MacOSX26.1.sdk/usr/include/netinet/icmp_var.h
/Applications/Xcode.app/Contents/Developer/Platforms/MacOSX.platform/Developer/SDKs/MacOSX26.1.sdk/usr/include/netinet/ip_icmp.h
/Applications/Xcode.app/Contents/Developer/Platforms/MacOSX.platform/Developer/SDKs/MacOSX26.1.sdk/usr/include/netinet/if_ether.h
/Applications/Xcode.app/Contents/Developer/Platforms/MacOSX.platform/Developer/SDKs/MacOSX26.1.sdk/usr/include/netinet/igmp.h
/Applications/Xcode.app/Contents/Developer/Platforms/MacOSX.platform/Developer/SDKs/MacOSX26.1.sdk/usr/include/netinet/igmp_var.h
/Applications/Xcode.app/Contents/Developer/Platforms/MacOSX.platform/Developer/SDKs/MacOSX26.1.sdk/usr/include/netinet/in_pcb.h
/Applications/Xcode.app/Contents/Developer/Platforms/MacOSX.platform/Developer/SDKs/MacOSX26.1.sdk/usr/include/netinet/in_var.h
/Applications/Xcode.app/Contents/Developer/Platforms/MacOSX.platform/Developer/SDKs/MacOSX26.1.sdk/usr/include/sys/protosw.h
/Applications/Xcode.app/Contents/Developer/Platforms/MacOSX.platform/Developer/SDKs/MacOSX26.1.sdk/usr/include/sys/kern_event.h
/Applications/Xcode.app/Contents/Developer/Platforms/MacOSX.platform/Developer/SDKs/MacOSX26.1.sdk/usr/include/sys/sys_domain.h
/Applications/Xcode.app/Contents/Developer/Platforms/MacOSX.platform/Developer/SDKs/MacOSX26.1.sdk/usr/include/netinet6/in6_var.h
/Applications/Xcode.app/Contents/Developer/Platforms/MacOSX.platform/Developer/SDKs/MacOSX26.1.sdk/usr/include/netinet6/scope6_var.h
/Applications/Xcode.app/Contents/Developer/Platforms/MacOSX.platform/Developer/SDKs/MacOSX26.1.sdk/usr/include/netinet/ip6.h
/Applications/Xcode.app/Contents/Developer/Platforms/MacOSX.platform/Developer/SDKs/MacOSX26.1.sdk/usr/include/netinet/ip_var.h
/Applications/Xcode.app/Contents/Developer/Platforms/MacOSX.platform/Developer/SDKs/MacOSX26.1.sdk/usr/include/netinet/tcp_fsm.h
/Applications/Xcode.app/Contents/Developer/Platforms/MacOSX.platform/Developer/SDKs/MacOSX26.1.sdk/usr/include/netinet/tcp_seq.h
/Applications/Xcode.app/Contents/Developer/Platforms/MacOSX.platform/Developer/SDKs/MacOSX26.1.sdk/usr/include/netinet/tcp_timer.h
/Applications/Xcode.app/Contents/Developer/Platforms/MacOSX.platform/Developer/SDKs/MacOSX26.1.sdk/usr/include/netinet/tcp_var.h
/Applications/Xcode.app/Contents/Developer/Platforms/MacOSX.platform/Developer/SDKs/MacOSX26.1.sdk/usr/include/netinet/tcpip.h
/Applications/Xcode.app/Contents/Developer/Platforms/MacOSX.platform/Developer/SDKs/MacOSX26.1.sdk/usr/include/netinet/udp_var.h
/Applications/Xcode.app/Contents/Developer/Platforms/MacOSX.platform/Developer/SDKs/MacOSX26.1.sdk/usr/include/sys/sysctl.h
/Applications/Xcode.app/Contents/Developer/Platforms/MacOSX.platform/Developer/SDKs/MacOSX26.1.sdk/usr/include/sys/vm.h
/Applications/Xcode.app/Contents/Developer/Platforms/MacOSX.platform/Developer/SDKs/MacOSX26.1.sdk/usr/include/ar.h
/Applications/Xcode.app/Contents/Developer/Platforms/MacOSX.platform/Developer/SDKs/MacOSX26.1.sdk/usr/include/bank/bank_types.h
/Applications/Xcode.app/Contents/Developer/Platforms/MacOSX.platform/Developer/SDKs/MacOSX26.1.sdk/usr/include/os/base.h
/Applications/Xcode.app/Contents/Developer/Platforms/MacOSX.platform/Developer/SDKs/MacOSX26.1.sdk/usr/include/mach/mach_types.h
/Applications/Xcode.app/Contents/Developer/Platforms/MacOSX.platform/Developer/SDKs/MacOSX26.1.sdk/usr/include/mach/host_info.h
/Applications/Xcode.app/Contents/Developer/Platforms/MacOSX.platform/Developer/SDKs/MacOSX26.1.sdk/usr/include/mach/vm_statistics.h
/Applications/Xcode.app/Contents/Developer/Platforms/MacOSX.platform/Developer/SDKs/MacOSX26.1.sdk/usr/include/mach/time_value.h
/Applications/Xcode.app/Contents/Developer/Platforms/MacOSX.platform/Developer/SDKs/MacOSX26.1.sdk/usr/include/mach/host_notify.h
/Applications/Xcode.app/Contents/Developer/Platforms/MacOSX.platform/Developer/SDKs/MacOSX26.1.sdk/usr/include/mach/host_special_ports.h
/Applications/Xcode.app/Contents/Developer/Platforms/MacOSX.platform/Developer/SDKs/MacOSX26.1.sdk/usr/include/mach/memory_object_types.h
/Applications/Xcode.app/Contents/Developer/Platforms/MacOSX.platform/Developer/SDKs/MacOSX26.1.sdk/usr/include/mach/vm_prot.h
/Applications/Xcode.app/Contents/Developer/Platforms/MacOSX.platform/Developer/SDKs/MacOSX26.1.sdk/usr/include/mach/vm_sync.h
/Applications/Xcode.app/Contents/Developer/Platforms/MacOSX.platform/Developer/SDKs/MacOSX26.1.sdk/usr/include/mach/mach_voucher_types.h
/Applications/Xcode.app/Contents/Developer/Platforms/MacOSX.platform/Developer/SDKs/MacOSX26.1.sdk/usr/include/mach/std_types.h
/Applications/Xcode.app/Contents/Developer/Platforms/MacOSX.platform/Developer/SDKs/MacOSX26.1.sdk/usr/include/mach/processor_info.h
/Applications/Xcode.app/Contents/Developer/Platforms/MacOSX.platform/Developer/SDKs/MacOSX26.1.sdk/usr/include/mach/machine/processor_info.h
/Applications/Xcode.app/Contents/Developer/Platforms/MacOSX.platform/Developer/SDKs/MacOSX26.1.sdk/usr/include/mach/arm/processor_info.h
/Applications/Xcode.app/Contents/Developer/Platforms/MacOSX.platform/Developer/SDKs/MacOSX26.1.sdk/usr/include/mach/task_info.h
/Applications/Xcode.app/Contents/Developer/Platforms/MacOSX.platform/Developer/SDKs/MacOSX26.1.sdk/usr/include/mach/policy.h
/Applications/Xcode.app/Contents/Developer/Platforms/MacOSX.platform/Developer/SDKs/MacOSX26.1.sdk/usr/include/mach/task_inspect.h
/Applications/Xcode.app/Contents/Developer/Platforms/MacOSX.platform/Developer/SDKs/MacOSX26.1.sdk/usr/include/mach/task_policy.h
/Applications/Xcode.app/Contents/Developer/Platforms/MacOSX.platform/Developer/SDKs/MacOSX26.1.sdk/usr/include/mach/task_special_ports.h
/Applications/Xcode.app/Contents/Developer/Platforms/MacOSX.platform/Developer/SDKs/MacOSX26.1.sdk/usr/include/mach/thread_info.h
/Applications/Xcode.app/Contents/Developer/Platforms/MacOSX.platform/Developer/SDKs/MacOSX26.1.sdk/usr/include/mach/thread_policy.h
/Applications/Xcode.app/Contents/Developer/Platforms/MacOSX.platform/Developer/SDKs/MacOSX26.1.sdk/usr/include/mach/thread_special_ports.h
/Applications/Xcode.app/Contents/Developer/Platforms/MacOSX.platform/Developer/SDKs/MacOSX26.1.sdk/usr/include/mach/clock_types.h
/Applications/Xcode.app/Contents/Developer/Platforms/MacOSX.platform/Developer/SDKs/MacOSX26.1.sdk/usr/include/mach/vm_attributes.h
/Applications/Xcode.app/Contents/Developer/Platforms/MacOSX.platform/Developer/SDKs/MacOSX26.1.sdk/usr/include/mach/vm_inherit.h
/Applications/Xcode.app/Contents/Developer/Platforms/MacOSX.platform/Developer/SDKs/MacOSX26.1.sdk/usr/include/mach/vm_purgable.h
/Applications/Xcode.app/Contents/Developer/Platforms/MacOSX.platform/Developer/SDKs/MacOSX26.1.sdk/usr/include/mach/vm_behavior.h
/Applications/Xcode.app/Contents/Developer/Platforms/MacOSX.platform/Developer/SDKs/MacOSX26.1.sdk/usr/include/mach/vm_region.h
/Applications/Xcode.app/Contents/Developer/Platforms/MacOSX.platform/Developer/SDKs/MacOSX26.1.sdk/usr/include/mach/machine/vm_param.h
/Applications/Xcode.app/Contents/Developer/Platforms/MacOSX.platform/Developer/SDKs/MacOSX26.1.sdk/usr/include/mach/arm/vm_param.h
/Applications/Xcode.app/Contents/Developer/Platforms/MacOSX.platform/Developer/SDKs/MacOSX26.1.sdk/usr/include/mach/vm_page_size.h
/Applications/Xcode.app/Contents/Developer/Platforms/MacOSX.platform/Developer/SDKs/MacOSX26.1.sdk/usr/include/mach/kmod.h
/Applications/Xcode.app/Contents/Developer/Platforms/MacOSX.platform/Developer/SDKs/MacOSX26.1.sdk/usr/include/mach/dyld_kernel.h
/Applications/Xcode.app/Contents/Developer/Platforms/MacOSX.platform/Developer/SDKs/MacOSX26.1.sdk/usr/include/ConditionalMacros.h
/Applications/Xcode.app/Contents/Developer/Platforms/MacOSX.platform/Developer/SDKs/MacOSX26.1.sdk/usr/include/crt_externs.h
/Applications/Xcode.app/Contents/Developer/Platforms/MacOSX.platform/Developer/SDKs/MacOSX26.1.sdk/usr/include/fts.h
/Applications/Xcode.app/Contents/Developer/Platforms/MacOSX.platform/Developer/SDKs/MacOSX26.1.sdk/usr/include/getopt.h
/Applications/Xcode.app/Contents/Developer/Platforms/MacOSX.platform/Developer/SDKs/MacOSX26.1.sdk/usr/include/AssertMacros.h
/Applications/Xcode.app/Contents/Developer/Platforms/MacOSX.platform/Developer/SDKs/MacOSX26.1.sdk/usr/include/MacTypes.h
/Applications/Xcode.app/Contents/Developer/Platforms/MacOSX.platform/Developer/SDKs/MacOSX26.1.sdk/usr/include/mach/mach.h
/Applications/Xcode.app/Contents/Developer/Platforms/MacOSX.platform/Developer/SDKs/MacOSX26.1.sdk/usr/include/mach/mach_interface.h
/Applications/Xcode.app/Contents/Developer/Platforms/MacOSX.platform/Developer/SDKs/MacOSX26.1.sdk/usr/include/mach/clock_priv.h
/Applications/Xcode.app/Contents/Developer/Platforms/MacOSX.platform/Developer/SDKs/MacOSX26.1.sdk/usr/include/mach/ndr.h
/Applications/Xcode.app/Contents/Developer/Platforms/MacOSX.platform/Developer/SDKs/MacOSX26.1.sdk/usr/include/libkern/OSByteOrder.h
/Applications/Xcode.app/Contents/Developer/Platforms/MacOSX.platform/Developer/SDKs/MacOSX26.1.sdk/usr/include/libkern/arm/OSByteOrder.h
/Applications/Xcode.app/Contents/Developer/Platforms/MacOSX.platform/Developer/SDKs/MacOSX26.1.sdk/usr/include/arm/arch.h
/Applications/Xcode.app/Contents/Developer/Platforms/MacOSX.platform/Developer/SDKs/MacOSX26.1.sdk/usr/include/mach/notify.h
/Applications/Xcode.app/Contents/Developer/Platforms/MacOSX.platform/Developer/SDKs/MacOSX26.1.sdk/usr/include/mach/mig_errors.h
/Applications/Xcode.app/Contents/Developer/Platforms/MacOSX.platform/Developer/SDKs/MacOSX26.1.sdk/usr/include/mach/mig.h
/Applications/Xcode.app/Contents/Developer/Platforms/MacOSX.platform/Developer/SDKs/MacOSX26.1.sdk/usr/include/mach/host_priv.h
/Applications/Xcode.app/Contents/Developer/Platforms/MacOSX.platform/Developer/SDKs/MacOSX26.1.sdk/usr/include/mach_debug/mach_debug_types.h
/Applications/Xcode.app/Contents/Developer/Platforms/MacOSX.platform/Developer/SDKs/MacOSX26.1.sdk/usr/include/mach_debug/vm_info.h
/Applications/Xcode.app/Contents/Developer/Platforms/MacOSX.platform/Developer/SDKs/MacOSX26.1.sdk/usr/include/mach_debug/zone_info.h
/Applications/Xcode.app/Contents/Developer/Platforms/MacOSX.platform/Developer/SDKs/MacOSX26.1.sdk/usr/include/mach_debug/page_info.h
/Applications/Xcode.app/Contents/Developer/Platforms/MacOSX.platform/Developer/SDKs/MacOSX26.1.sdk/usr/include/mach_debug/hash_info.h
/Applications/Xcode.app/Contents/Developer/Platforms/MacOSX.platform/Developer/SDKs/MacOSX26.1.sdk/usr/include/mach_debug/lockgroup_info.h
/Applications/Xcode.app/Contents/Developer/Platforms/MacOSX.platform/Developer/SDKs/MacOSX26.1.sdk/usr/include/mach/host_security.h
/Applications/Xcode.app/Contents/Developer/Platforms/MacOSX.platform/Developer/SDKs/MacOSX26.1.sdk/usr/include/mach/processor.h
/Applications/Xcode.app/Contents/Developer/Platforms/MacOSX.platform/Developer/SDKs/MacOSX26.1.sdk/usr/include/mach/processor_set.h
/Applications/Xcode.app/Contents/Developer/Platforms/MacOSX.platform/Developer/SDKs/MacOSX26.1.sdk/usr/include/mach/semaphore.h
/Applications/Xcode.app/Contents/Developer/Platforms/MacOSX.platform/Developer/SDKs/MacOSX26.1.sdk/usr/include/mach/sync_policy.h
/Applications/Xcode.app/Contents/Developer/Platforms/MacOSX.platform/Developer/SDKs/MacOSX26.1.sdk/usr/include/mach/task.h
/Applications/Xcode.app/Contents/Developer/Platforms/MacOSX.platform/Developer/SDKs/MacOSX26.1.sdk/usr/include/mach/thread_act.h
/Applications/Xcode.app/Contents/Developer/Platforms/MacOSX.platform/Developer/SDKs/MacOSX26.1.sdk/usr/include/mach/vm_map.h
/Applications/Xcode.app/Contents/Developer/Platforms/MacOSX.platform/Developer/SDKs/MacOSX26.1.sdk/usr/include/mach/mach_port.h
/Applications/Xcode.app/Contents/Developer/Platforms/MacOSX.platform/Developer/SDKs/MacOSX26.1.sdk/usr/include/mach/mach_init.h
/Applications/Xcode.app/Contents/Developer/Platforms/MacOSX.platform/Developer/SDKs/MacOSX26.1.sdk/usr/include/mach/mach_traps.h
/Applications/Xcode.app/Contents/Developer/Platforms/MacOSX.platform/Developer/SDKs/MacOSX26.1.sdk/usr/include/mach/error.h
/Applications/Xcode.app/Contents/Developer/Platforms/MacOSX.platform/Developer/SDKs/MacOSX26.1.sdk/usr/include/mach/mach_host.h
/Applications/Xcode.app/Contents/Developer/Platforms/MacOSX.platform/Developer/SDKs/MacOSX26.1.sdk/usr/include/mach/thread_switch.h
/Applications/Xcode.app/Contents/Developer/Platforms/MacOSX.platform/Developer/SDKs/MacOSX26.1.sdk/usr/include/mach/rpc.h
/Applications/Xcode.app/Contents/Developer/Platforms/MacOSX.platform/Developer/SDKs/MacOSX26.1.sdk/usr/include/mach/machine/rpc.h
/Applications/Xcode.app/Contents/Developer/Platforms/MacOSX.platform/Developer/SDKs/MacOSX26.1.sdk/usr/include/mach/arm/rpc.h
/Applications/Xcode.app/Contents/Developer/Platforms/MacOSX.platform/Developer/SDKs/MacOSX26.1.sdk/usr/include/mach/mach_error.h
/Applications/Xcode.app/Contents/Developer/Platforms/MacOSX.platform/Developer/SDKs/MacOSX26.1.sdk/usr/include/mach/audit_triggers_types.h
/Applications/Xcode.app/Contents/Developer/Platforms/MacOSX.platform/Developer/SDKs/MacOSX26.1.sdk/usr/include/mach/bootstrap.h
/Applications/Xcode.app/Contents/Developer/Platforms/MacOSX.platform/Developer/SDKs/MacOSX26.1.sdk/usr/include/mach/clock.h
/Applications/Xcode.app/Contents/Developer/Platforms/MacOSX.platform/Developer/SDKs/MacOSX26.1.sdk/usr/include/mach/clock_reply.h
/Applications/Xcode.app/Contents/Developer/Platforms/MacOSX.platform/Developer/SDKs/MacOSX26.1.sdk/usr/include/mach/exc.h
/Applications/Xcode.app/Contents/Developer/Platforms/MacOSX.platform/Developer/SDKs/MacOSX26.1.sdk/usr/include/mach/exception.h
/Applications/Xcode.app/Contents/Developer/Platforms/MacOSX.platform/Developer/SDKs/MacOSX26.1.sdk/usr/include/mach/host_reboot.h
/Applications/Xcode.app/Contents/Developer/Platforms/MacOSX.platform/Developer/SDKs/MacOSX26.1.sdk/usr/include/arm64/hv/hv_kern_types.h
/Applications/Xcode.app/Contents/Developer/Platforms/MacOSX.platform/Developer/SDKs/MacOSX26.1.sdk/usr/include/mach/mach_param.h
/Applications/Xcode.app/Contents/Developer/Platforms/MacOSX.platform/Developer/SDKs/MacOSX26.1.sdk/usr/include/mach/mach_right.h
/Applications/Xcode.app/Contents/Developer/Platforms/MacOSX.platform/Developer/SDKs/MacOSX26.1.sdk/usr/include/mach/mach_syscalls.h
/Applications/Xcode.app/Contents/Developer/Platforms/MacOSX.platform/Developer/SDKs/MacOSX26.1.sdk/usr/include/mach/mach_time.h
/Applications/Xcode.app/Contents/Developer/Platforms/MacOSX.platform/Developer/SDKs/MacOSX26.1.sdk/usr/include/mach/mach_vm.h
/Applications/Xcode.app/Contents/Developer/Platforms/MacOSX.platform/Developer/SDKs/MacOSX26.1.sdk/usr/include/mach/mach_voucher.h
/Applications/Xcode.app/Contents/Developer/Platforms/MacOSX.platform/Developer/SDKs/MacOSX26.1.sdk/usr/include/mach/memory_entry.h
/Applications/Xcode.app/Contents/Developer/Platforms/MacOSX.platform/Developer/SDKs/MacOSX26.1.sdk/usr/include/mach/mig_strncpy_zerofill_support.h
/Applications/Xcode.app/Contents/Developer/Platforms/MacOSX.platform/Developer/SDKs/MacOSX26.1.sdk/usr/include/mach/mig_voucher_support.h
/Applications/Xcode.app/Contents/Developer/Platforms/MacOSX.platform/Developer/SDKs/MacOSX26.1.sdk/usr/include/mach/port_obj.h
/Applications/Xcode.app/Contents/Developer/Platforms/MacOSX.platform/Developer/SDKs/MacOSX26.1.sdk/usr/include/mach/sdt.h
/Applications/Xcode.app/Contents/Developer/Platforms/MacOSX.platform/Developer/SDKs/MacOSX26.1.sdk/usr/include/mach/machine/sdt.h
/Applications/Xcode.app/Contents/Developer/Platforms/MacOSX.platform/Developer/SDKs/MacOSX26.1.sdk/usr/include/sys/sdt.h
/Applications/Xcode.app/Contents/Developer/Platforms/MacOSX.platform/Developer/SDKs/MacOSX26.1.sdk/usr/include/mach/shared_region.h
/Applications/Xcode.app/Contents/Developer/Platforms/MacOSX.platform/Developer/SDKs/MacOSX26.1.sdk/usr/include/mach/sync.h
/Applications/Xcode.app/Contents/Developer/Platforms/MacOSX.platform/Developer/SDKs/MacOSX26.1.sdk/usr/include/mach/thread_state.h
/Applications/Xcode.app/Contents/Developer/Platforms/MacOSX.platform/Developer/SDKs/MacOSX26.1.sdk/usr/include/mach/vm_param.h
/Applications/Xcode.app/Contents/Developer/Platforms/MacOSX.platform/Developer/SDKs/MacOSX26.1.sdk/usr/include/mach/vm_task.h
/Applications/Xcode.app/Contents/Developer/Platforms/MacOSX.platform/Developer/SDKs/MacOSX26.1.sdk/usr/include/mach/machine/asm.h
/Applications/Xcode.app/Contents/Developer/Platforms/MacOSX.platform/Developer/SDKs/MacOSX26.1.sdk/usr/include/mach/arm64/asm.h
/Applications/Xcode.app/Contents/Developer/Platforms/MacOSX.platform/Developer/SDKs/MacOSX26.1.sdk/usr/include/mach/i386/asm.h
/Applications/Xcode.app/Contents/Developer/Platforms/MacOSX.platform/Developer/SDKs/MacOSX26.1.sdk/usr/include/mach/arm/asm.h
/Applications/Xcode.app/Contents/Developer/Platforms/MacOSX.platform/Developer/SDKs/MacOSX26.1.sdk/usr/include/mach/i386/boolean.h
/Applications/Xcode.app/Contents/Developer/Platforms/MacOSX.platform/Developer/SDKs/MacOSX26.1.sdk/usr/include/mach/i386/exception.h
/Applications/Xcode.app/Contents/Developer/Platforms/MacOSX.platform/Developer/SDKs/MacOSX26.1.sdk/usr/include/mach/i386/fp_reg.h
/Applications/Xcode.app/Contents/Developer/Platforms/MacOSX.platform/Developer/SDKs/MacOSX26.1.sdk/usr/include/mach/i386/kern_return.h
/Applications/Xcode.app/Contents/Developer/Platforms/MacOSX.platform/Developer/SDKs/MacOSX26.1.sdk/usr/include/mach/machine/ndr_def.h
/Applications/Xcode.app/Contents/Developer/Platforms/MacOSX.platform/Developer/SDKs/MacOSX26.1.sdk/usr/include/mach/arm/ndr_def.h
/Applications/Xcode.app/Contents/Developer/Platforms/MacOSX.platform/Developer/SDKs/MacOSX26.1.sdk/usr/include/mach/i386/processor_info.h
/Applications/Xcode.app/Contents/Developer/Platforms/MacOSX.platform/Developer/SDKs/MacOSX26.1.sdk/usr/include/mach/i386/rpc.h
/Applications/Xcode.app/Contents/Developer/Platforms/MacOSX.platform/Developer/SDKs/MacOSX26.1.sdk/usr/include/mach/machine/sdt_isa.h
/Applications/Xcode.app/Contents/Developer/Platforms/MacOSX.platform/Developer/SDKs/MacOSX26.1.sdk/usr/include/mach/arm/sdt_isa.h
/Applications/Xcode.app/Contents/Developer/Platforms/MacOSX.platform/Developer/SDKs/MacOSX26.1.sdk/usr/include/mach/i386/sdt_isa.h
/Applications/Xcode.app/Contents/Developer/Platforms/MacOSX.platform/Developer/SDKs/MacOSX26.1.sdk/usr/include/mach/i386/thread_state.h
/Applications/Xcode.app/Contents/Developer/Platforms/MacOSX.platform/Developer/SDKs/MacOSX26.1.sdk/usr/include/mach/i386/thread_status.h
/Applications/Xcode.app/Contents/Developer/Platforms/MacOSX.platform/Developer/SDKs/MacOSX26.1.sdk/usr/include/mach/arm/traps.h
/Applications/Xcode.app/Contents/Developer/Platforms/MacOSX.platform/Developer/SDKs/MacOSX26.1.sdk/usr/include/mach/i386/vm_param.h
/Applications/Xcode.app/Contents/Developer/Platforms/MacOSX.platform/Developer/SDKs/MacOSX26.1.sdk/usr/include/mach/i386/vm_types.h
/Applications/Xcode.app/Contents/Developer/Platforms/MacOSX.platform/Developer/SDKs/MacOSX26.1.sdk/usr/include/mach_debug/mach_debug.h
/Applications/Xcode.app/Contents/Developer/Platforms/MacOSX.platform/Developer/SDKs/MacOSX26.1.sdk/usr/include/device/device_types.h
/Applications/Xcode.app/Contents/Developer/Platforms/MacOSX.platform/Developer/SDKs/MacOSX26.1.sdk/usr/include/device/device_port.h
/Applications/Xcode.app/Contents/Developer/Platforms/MacOSX.platform/Developer/SDKs/MacOSX26.1.sdk/usr/include/libkern/OSAtomic.h
/Applications/Xcode.app/Contents/Developer/Platforms/MacOSX.platform/Developer/SDKs/MacOSX26.1.sdk/usr/include/libkern/OSAtomicDeprecated.h
/Applications/Xcode.app/Contents/Developer/Platforms/MacOSX.platform/Developer/SDKs/MacOSX26.1.sdk/usr/include/libkern/OSSpinLockDeprecated.h
/Applications/Xcode.app/Contents/Developer/Platforms/MacOSX.platform/Developer/SDKs/MacOSX26.1.sdk/usr/include/libkern/OSAtomicQueue.h
/Applications/Xcode.app/Contents/Developer/Platforms/MacOSX.platform/Developer/SDKs/MacOSX26.1.sdk/usr/include/libkern/machine/OSByteOrder.h
/Applications/Xcode.app/Contents/Developer/Platforms/MacOSX.platform/Developer/SDKs/MacOSX26.1.sdk/usr/include/libkern/i386/OSByteOrder.h
/Applications/Xcode.app/Contents/Developer/Platforms/MacOSX.platform/Developer/SDKs/MacOSX26.1.sdk/usr/include/libproc.h
/Applications/Xcode.app/Contents/Developer/Platforms/MacOSX.platform/Developer/SDKs/MacOSX26.1.sdk/usr/include/sys/mount.h
/Applications/Xcode.app/Contents/Developer/Platforms/MacOSX.platform/Developer/SDKs/MacOSX26.1.sdk/usr/include/sys/attr.h
/Applications/Xcode.app/Contents/Developer/Platforms/MacOSX.platform/Developer/SDKs/MacOSX26.1.sdk/usr/include/sys/proc_info.h
/Applications/Xcode.app/Contents/Developer/Platforms/MacOSX.platform/Developer/SDKs/MacOSX26.1.sdk/usr/include/sys/kern_control.h
/Applications/Xcode.app/Contents/Developer/Platforms/MacOSX.platform/Developer/SDKs/MacOSX26.1.sdk/usr/include/os/clock.h
/Applications/Xcode.app/Contents/Developer/Platforms/MacOSX.platform/Developer/SDKs/MacOSX26.1.sdk/usr/include/os/lock.h
/Applications/Xcode.app/Contents/Developer/Platforms/MacOSX.platform/Developer/SDKs/MacOSX26.1.sdk/usr/include/os/proc.h
/Applications/Xcode.app/Contents/Developer/Platforms/MacOSX.platform/Developer/SDKs/MacOSX26.1.sdk/usr/include/malloc/malloc.h
/Applications/Xcode.app/Contents/Developer/Platforms/MacOSX.platform/Developer/SDKs/MacOSX26.1.sdk/usr/include/malloc/_platform.h
/Applications/Xcode.app/Contents/Developer/Platforms/MacOSX.platform/Developer/SDKs/MacOSX26.1.sdk/usr/include/sys/malloc.h
/Applications/Xcode.app/Contents/Developer/Platforms/MacOSX.platform/Developer/SDKs/MacOSX26.1.sdk/usr/include/i386/_param.h
/Applications/Xcode.app/Contents/Developer/Platforms/MacOSX.platform/Developer/SDKs/MacOSX26.1.sdk/usr/include/machine/byte_order.h
/Applications/Xcode.app/Contents/Developer/Platforms/MacOSX.platform/Developer/SDKs/MacOSX26.1.sdk/usr/include/architecture/byte_order.h
/Applications/Xcode.app/Contents/Developer/Platforms/MacOSX.platform/Developer/SDKs/MacOSX26.1.sdk/usr/include/i386/eflags.h
/Applications/Xcode.app/Contents/Developer/Platforms/MacOSX.platform/Developer/SDKs/MacOSX26.1.sdk/usr/include/machine/fasttrap_isa.h
/Applications/Xcode.app/Contents/Developer/Platforms/MacOSX.platform/Developer/SDKs/MacOSX26.1.sdk/usr/include/arm/fasttrap_isa.h
/Applications/Xcode.app/Contents/Developer/Platforms/MacOSX.platform/Developer/SDKs/MacOSX26.1.sdk/usr/include/i386/fasttrap_isa.h
/Applications/Xcode.app/Contents/Developer/Platforms/MacOSX.platform/Developer/SDKs/MacOSX26.1.sdk/usr/include/i386/param.h
/Applications/Xcode.app/Contents/Developer/Platforms/MacOSX.platform/Developer/SDKs/MacOSX26.1.sdk/usr/include/machine/profile.h
/Applications/Xcode.app/Contents/Developer/Platforms/MacOSX.platform/Developer/SDKs/MacOSX26.1.sdk/usr/include/arm/profile.h
/Applications/Xcode.app/Contents/Developer/Platforms/MacOSX.platform/Developer/SDKs/MacOSX26.1.sdk/usr/include/i386/profile.h
/Applications/Xcode.app/Contents/Developer/Platforms/MacOSX.platform/Developer/SDKs/MacOSX26.1.sdk/usr/include/i386/user_ldt.h
/Applications/Xcode.app/Contents/Developer/Platforms/MacOSX.platform/Developer/SDKs/MacOSX26.1.sdk/usr/include/machine/vmparam.h
/Applications/Xcode.app/Contents/Developer/Platforms/MacOSX.platform/Developer/SDKs/MacOSX26.1.sdk/usr/include/arm/vmparam.h
/Applications/Xcode.app/Contents/Developer/Platforms/MacOSX.platform/Developer/SDKs/MacOSX26.1.sdk/usr/include/i386/vmparam.h
/Applications/Xcode.app/Contents/Developer/Platforms/MacOSX.platform/Developer/SDKs/MacOSX26.1.sdk/usr/include/aliasdb.h
/Applications/Xcode.app/Contents/Developer/Platforms/MacOSX.platform/Developer/SDKs/MacOSX26.1.sdk/usr/include/bootparams.h
/Applications/Xcode.app/Contents/Developer/Platforms/MacOSX.platform/Developer/SDKs/MacOSX26.1.sdk/usr/include/Block.h
/Applications/Xcode.app/Contents/Developer/Platforms/MacOSX.platform/Developer/SDKs/MacOSX26.1.sdk/usr/include/bsm/audit_domain.h
/Applications/Xcode.app/Contents/Developer/Platforms/MacOSX.platform/Developer/SDKs/MacOSX26.1.sdk/usr/include/bsm/audit_errno.h
/Applications/Xcode.app/Contents/Developer/Platforms/MacOSX.platform/Developer/SDKs/MacOSX26.1.sdk/usr/include/bsm/audit_fcntl.h
/Applications/Xcode.app/Contents/Developer/Platforms/MacOSX.platform/Developer/SDKs/MacOSX26.1.sdk/usr/include/bsm/audit_filter.h
/Applications/Xcode.app/Contents/Developer/Platforms/MacOSX.platform/Developer/SDKs/MacOSX26.1.sdk/usr/include/bsm/libbsm.h
/Applications/Xcode.app/Contents/Developer/Platforms/MacOSX.platform/Developer/SDKs/MacOSX26.1.sdk/usr/include/bsm/audit_record.h
/Applications/Xcode.app/Contents/Developer/Platforms/MacOSX.platform/Developer/SDKs/MacOSX26.1.sdk/usr/include/bsm/audit_internal.h
/Applications/Xcode.app/Contents/Developer/Platforms/MacOSX.platform/Developer/SDKs/MacOSX26.1.sdk/usr/include/bsm/audit_kevents.h
/Applications/Xcode.app/Contents/Developer/Platforms/MacOSX.platform/Developer/SDKs/MacOSX26.1.sdk/usr/include/bsm/audit_session.h
/Applications/Xcode.app/Contents/Developer/Platforms/MacOSX.platform/Developer/SDKs/MacOSX26.1.sdk/usr/include/bsm/audit_socket_type.h
/Applications/Xcode.app/Contents/Developer/Platforms/MacOSX.platform/Developer/SDKs/MacOSX26.1.sdk/usr/include/bsm/audit_uevents.h
/Applications/Xcode.app/Contents/Developer/Platforms/MacOSX.platform/Developer/SDKs/MacOSX26.1.sdk/usr/include/execinfo.h
/Applications/Xcode.app/Contents/Developer/Platforms/MacOSX.platform/Developer/SDKs/MacOSX26.1.sdk/usr/include/fstab.h
/Applications/Xcode.app/Contents/Developer/Platforms/MacOSX.platform/Developer/SDKs/MacOSX26.1.sdk/usr/include/hfs/hfs_format.h
/Applications/Xcode.app/Contents/Developer/Platforms/MacOSX.platform/Developer/SDKs/MacOSX26.1.sdk/usr/include/hfs/hfs_unistr.h
/Applications/Xcode.app/Contents/Developer/Platforms/MacOSX.platform/Developer/SDKs/MacOSX26.1.sdk/usr/include/hfs/hfs_mount.h
/Applications/Xcode.app/Contents/Developer/Platforms/MacOSX.platform/Developer/SDKs/MacOSX26.1.sdk/usr/include/membership.h
/Applications/Xcode.app/Contents/Developer/Platforms/MacOSX.platform/Developer/SDKs/MacOSX26.1.sdk/usr/include/ntsid.h
/Applications/Xcode.app/Contents/Developer/Platforms/MacOSX.platform/Developer/SDKs/MacOSX26.1.sdk/usr/include/curses.h
/Applications/Xcode.app/Contents/Developer/Platforms/MacOSX.platform/Developer/SDKs/MacOSX26.1.sdk/usr/include/ncurses_dll.h
/Applications/Xcode.app/Contents/Developer/Platforms/MacOSX.platform/Developer/SDKs/MacOSX26.1.sdk/usr/include/unctrl.h
/Applications/Xcode.app/Contents/Developer/Platforms/MacOSX.platform/Developer/SDKs/MacOSX26.1.sdk/usr/include/eti.h
/Applications/Xcode.app/Contents/Developer/Platforms/MacOSX.platform/Developer/SDKs/MacOSX26.1.sdk/usr/include/nc_tparm.h
/Applications/Xcode.app/Contents/Developer/Platforms/MacOSX.platform/Developer/SDKs/MacOSX26.1.sdk/usr/include/form.h
/Applications/Xcode.app/Contents/Developer/Platforms/MacOSX.platform/Developer/SDKs/MacOSX26.1.sdk/usr/include/menu.h
/Applications/Xcode.app/Contents/Developer/Platforms/MacOSX.platform/Developer/SDKs/MacOSX26.1.sdk/usr/include/panel.h
/Applications/Xcode.app/Contents/Developer/Platforms/MacOSX.platform/Developer/SDKs/MacOSX26.1.sdk/usr/include/netinet6/ah.h
/Applications/Xcode.app/Contents/Developer/Platforms/MacOSX.platform/Developer/SDKs/MacOSX26.1.sdk/usr/include/netinet6/esp.h
/Applications/Xcode.app/Contents/Developer/Platforms/MacOSX.platform/Developer/SDKs/MacOSX26.1.sdk/usr/include/netinet6/ipcomp.h
/Applications/Xcode.app/Contents/Developer/Platforms/MacOSX.platform/Developer/SDKs/MacOSX26.1.sdk/usr/include/netinet6/ipsec.h
/Applications/Xcode.app/Contents/Developer/Platforms/MacOSX.platform/Developer/SDKs/MacOSX26.1.sdk/usr/include/netinet6/raw_ip6.h
/Applications/Xcode.app/Contents/Developer/Platforms/MacOSX.platform/Developer/SDKs/MacOSX26.1.sdk/usr/include/printerdb.h
/Applications/Xcode.app/Contents/Developer/Platforms/MacOSX.platform/Developer/SDKs/MacOSX26.1.sdk/usr/include/sys/_structs.h
/Applications/Xcode.app/Contents/Developer/Platforms/MacOSX.platform/Developer/SDKs/MacOSX26.1.sdk/usr/include/sys/acct.h
/Applications/Xcode.app/Contents/Developer/Platforms/MacOSX.platform/Developer/SDKs/MacOSX26.1.sdk/usr/include/sys/acl.h
/Applications/Xcode.app/Contents/Developer/Platforms/MacOSX.platform/Developer/SDKs/MacOSX26.1.sdk/usr/include/sys/kauth.h
/Applications/Xcode.app/Contents/Developer/Platforms/MacOSX.platform/Developer/SDKs/MacOSX26.1.sdk/usr/include/sys/buf.h
/Applications/Xcode.app/Contents/Developer/Platforms/MacOSX.platform/Developer/SDKs/MacOSX26.1.sdk/usr/include/sys/kernel_types.h
/Applications/Xcode.app/Contents/Developer/Platforms/MacOSX.platform/Developer/SDKs/MacOSX26.1.sdk/usr/include/sys/clonefile.h
/Applications/Xcode.app/Contents/Developer/Platforms/MacOSX.platform/Developer/SDKs/MacOSX26.1.sdk/usr/include/sys/commpage.h
/Applications/Xcode.app/Contents/Developer/Platforms/MacOSX.platform/Developer/SDKs/MacOSX26.1.sdk/usr/include/sys/conf.h
/Applications/Xcode.app/Contents/Developer/Platforms/MacOSX.platform/Developer/SDKs/MacOSX26.1.sdk/usr/include/sys/disk.h
/Applications/Xcode.app/Contents/Developer/Platforms/MacOSX.platform/Developer/SDKs/MacOSX26.1.sdk/usr/include/sys/dkstat.h
/Applications/Xcode.app/Contents/Developer/Platforms/MacOSX.platform/Developer/SDKs/MacOSX26.1.sdk/usr/include/sys/domain.h
/Applications/Xcode.app/Contents/Developer/Platforms/MacOSX.platform/Developer/SDKs/MacOSX26.1.sdk/usr/include/sys/ev.h
/Applications/Xcode.app/Contents/Developer/Platforms/MacOSX.platform/Developer/SDKs/MacOSX26.1.sdk/usr/include/sys/file.h
/Applications/Xcode.app/Contents/Developer/Platforms/MacOSX.platform/Developer/SDKs/MacOSX26.1.sdk/usr/include/sys/filedesc.h
/Applications/Xcode.app/Contents/Developer/Platforms/MacOSX.platform/Developer/SDKs/MacOSX26.1.sdk/usr/include/sys/fileport.h
/Applications/Xcode.app/Contents/Developer/Platforms/MacOSX.platform/Developer/SDKs/MacOSX26.1.sdk/usr/include/sys/fsgetpath.h
/Applications/Xcode.app/Contents/Developer/Platforms/MacOSX.platform/Developer/SDKs/MacOSX26.1.sdk/usr/include/sys/gmon.h
/Applications/Xcode.app/Contents/Developer/Platforms/MacOSX.platform/Developer/SDKs/MacOSX26.1.sdk/usr/include/sys/ioctl_compat.h
/Applications/Xcode.app/Contents/Developer/Platforms/MacOSX.platform/Developer/SDKs/MacOSX26.1.sdk/usr/include/sys/ttychars.h
/Applications/Xcode.app/Contents/Developer/Platforms/MacOSX.platform/Developer/SDKs/MacOSX26.1.sdk/usr/include/sys/ttydev.h
/Applications/Xcode.app/Contents/Developer/Platforms/MacOSX.platform/Developer/SDKs/MacOSX26.1.sdk/usr/include/sys/kdebug.h
/Applications/Xcode.app/Contents/Developer/Platforms/MacOSX.platform/Developer/SDKs/MacOSX26.1.sdk/usr/include/sys/kdebug_signpost.h
/Applications/Xcode.app/Contents/Developer/Platforms/MacOSX.platform/Developer/SDKs/MacOSX26.1.sdk/usr/include/sys/lctx.h
/Applications/Xcode.app/Contents/Developer/Platforms/MacOSX.platform/Developer/SDKs/MacOSX26.1.sdk/usr/include/sys/mbuf.h
/Applications/Xcode.app/Contents/Developer/Platforms/MacOSX.platform/Developer/SDKs/MacOSX26.1.sdk/usr/include/sys/msgbuf.h
/Applications/Xcode.app/Contents/Developer/Platforms/MacOSX.platform/Developer/SDKs/MacOSX26.1.sdk/usr/include/sys/netport.h
/Applications/Xcode.app/Contents/Developer/Platforms/MacOSX.platform/Developer/SDKs/MacOSX26.1.sdk/usr/include/sys/paths.h
/Applications/Xcode.app/Contents/Developer/Platforms/MacOSX.platform/Developer/SDKs/MacOSX26.1.sdk/usr/include/sys/pipe.h
/Applications/Xcode.app/Contents/Developer/Platforms/MacOSX.platform/Developer/SDKs/MacOSX26.1.sdk/usr/include/sys/quota.h
/Applications/Xcode.app/Contents/Developer/Platforms/MacOSX.platform/Developer/SDKs/MacOSX26.1.sdk/usr/include/sys/rbtree.h
/Applications/Xcode.app/Contents/Developer/Platforms/MacOSX.platform/Developer/SDKs/MacOSX26.1.sdk/usr/include/sys/reboot.h
/Applications/Xcode.app/Contents/Developer/Platforms/MacOSX.platform/Developer/SDKs/MacOSX26.1.sdk/usr/include/sys/resourcevar.h
/Applications/Xcode.app/Contents/Developer/Platforms/MacOSX.platform/Developer/SDKs/MacOSX26.1.sdk/usr/include/sys/sbuf.h
/Applications/Xcode.app/Contents/Developer/Platforms/MacOSX.platform/Developer/SDKs/MacOSX26.1.sdk/usr/include/sys/signalvar.h
/Applications/Xcode.app/Contents/Developer/Platforms/MacOSX.platform/Developer/SDKs/MacOSX26.1.sdk/usr/include/sys/syscall.h
/Applications/Xcode.app/Contents/Developer/Platforms/MacOSX.platform/Developer/SDKs/MacOSX26.1.sdk/usr/include/sys/timeb.h
/Applications/Xcode.app/Contents/Developer/Platforms/MacOSX.platform/Developer/SDKs/MacOSX26.1.sdk/usr/include/sys/trace.h
/Applications/Xcode.app/Contents/Developer/Platforms/MacOSX.platform/Developer/SDKs/MacOSX26.1.sdk/usr/include/sys/tty.h
/Applications/Xcode.app/Contents/Developer/Platforms/MacOSX.platform/Developer/SDKs/MacOSX26.1.sdk/usr/include/sys/ucontext.h
/Applications/Xcode.app/Contents/Developer/Platforms/MacOSX.platform/Developer/SDKs/MacOSX26.1.sdk/usr/include/sys/unpcb.h
/Applications/Xcode.app/Contents/Developer/Platforms/MacOSX.platform/Developer/SDKs/MacOSX26.1.sdk/usr/include/sys/user.h
/Applications/Xcode.app/Contents/Developer/Platforms/MacOSX.platform/Developer/SDKs/MacOSX26.1.sdk/usr/include/sys/utfconv.h
/Applications/Xcode.app/Contents/Developer/Platforms/MacOSX.platform/Developer/SDKs/MacOSX26.1.sdk/usr/include/sys/vcmd.h
/Applications/Xcode.app/Contents/Developer/Platforms/MacOSX.platform/Developer/SDKs/MacOSX26.1.sdk/usr/include/sys/vnode.h
/Applications/Xcode.app/Contents/Developer/Platforms/MacOSX.platform/Developer/SDKs/MacOSX26.1.sdk/usr/include/_modules/_darwin_sys_signal.h
/Applications/Xcode.app/Contents/Developer/Platforms/MacOSX.platform/Developer/SDKs/MacOSX26.1.sdk/usr/include/sysdir.h
/Applications/Xcode.app/Contents/Developer/Platforms/MacOSX.platform/Developer/SDKs/MacOSX26.1.sdk/usr/include/libc.h
/Applications/Xcode.app/Contents/Developer/Platforms/MacOSX.platform/Developer/SDKs/MacOSX26.1.sdk/usr/include/paths.h
/Applications/Xcode.app/Contents/Developer/Platforms/MacOSX.platform/Developer/SDKs/MacOSX26.1.sdk/usr/include/sysexits.h
/Applications/Xcode.app/Contents/Developer/Platforms/MacOSX.platform/Developer/SDKs/MacOSX26.1.sdk/SDKSettings.json
/Applications/Xcode.app/Contents/Developer/Toolchains/XcodeDefault.xctoolchain/usr/lib/swift/macosx/prebuilt-modules/26.1/Darwin.swiftmodule/arm64e-apple-macos.swiftmodule
/Applications/Xcode.app/Contents/Developer/Platforms/MacOSX.platform/Developer/SDKs/MacOSX26.1.sdk/System/Library/Frameworks/DiskArbitration.framework/Modules/module.modulemap
/Applications/Xcode.app/Contents/Developer/Platforms/MacOSX.platform/Developer/SDKs/MacOSX26.1.sdk/System/Library/Frameworks/DiskArbitration.framework/Headers/DiskArbitration.h
/Applications/Xcode.app/Contents/Developer/Platforms/MacOSX.platform/Developer/SDKs/MacOSX26.1.sdk/System/Library/Frameworks/CoreFoundation.framework/Modules/module.modulemap
/Applications/Xcode.app/Contents/Developer/Platforms/MacOSX.platform/Developer/SDKs/MacOSX26.1.sdk/usr/include/Darwin.modulemap
/Applications/Xcode.app/Contents/Developer/Platforms/MacOSX.platform/Developer/SDKs/MacOSX26.1.sdk/usr/include/DarwinFoundation1.modulemap
/Applications/Xcode.app/Contents/Developer/Platforms/MacOSX.platform/Developer/SDKs/MacOSX26.1.sdk/System/Library/Frameworks/DiskArbitration.framework/Headers/DADisk.h
/Applications/Xcode.app/Contents/Developer/Platforms/MacOSX.platform/Developer/SDKs/MacOSX26.1.sdk/System/Library/Frameworks/IOKit.framework/Modules/module.modulemap
/Applications/Xcode.app/Contents/Developer/Platforms/MacOSX.platform/Developer/SDKs/MacOSX26.1.sdk/System/Library/Frameworks/DiskArbitration.framework/Headers/DASession.h
/Applications/Xcode.app/Contents/Developer/Platforms/MacOSX.platform/Developer/SDKs/MacOSX26.1.sdk/System/Library/Frameworks/DiskArbitration.framework/Headers/DADissenter.h
/Applications/Xcode.app/Contents/Developer/Platforms/MacOSX.platform/Developer/SDKs/MacOSX26.1.sdk/SDKSettings.json
/Applications/Xcode.app/Contents/Developer/Toolchains/XcodeDefault.xctoolchain/usr/lib/swift/macosx/prebuilt-modules/26.1/Dispatch.swiftmodule/arm64e-apple-macos.swiftmodule
/Applications/Xcode.app/Contents/Developer/Platforms/MacOSX.platform/Developer/SDKs/MacOSX26.1.sdk/usr/include/Dispatch.apinotes
/Applications/Xcode.app/Contents/Developer/Platforms/MacOSX.platform/Developer/SDKs/MacOSX26.1.sdk/usr/include/dispatch.modulemap
/Applications/Xcode.app/Contents/Developer/Platforms/MacOSX.platform/Developer/SDKs/MacOSX26.1.sdk/usr/include/os.modulemap
/Applications/Xcode.app/Contents/Developer/Platforms/MacOSX.platform/Developer/SDKs/MacOSX26.1.sdk/usr/include/Darwin.modulemap
/Applications/Xcode.app/Contents/Developer/Platforms/MacOSX.platform/Developer/SDKs/MacOSX26.1.sdk/usr/include/Darwin_C.modulemap
/Applications/Xcode.app/Contents/Developer/Platforms/MacOSX.platform/Developer/SDKs/MacOSX26.1.sdk/usr/include/Darwin_POSIX.modulemap
/Applications/Xcode.app/Contents/Developer/Platforms/MacOSX.platform/Developer/SDKs/MacOSX26.1.sdk/usr/include/net.modulemap
/Applications/Xcode.app/Contents/Developer/Platforms/MacOSX.platform/Developer/SDKs/MacOSX26.1.sdk/usr/include/netinet.modulemap
/Applications/Xcode.app/Contents/Developer/Platforms/MacOSX.platform/Developer/SDKs/MacOSX26.1.sdk/usr/include/bank.modulemap
/Applications/Xcode.app/Contents/Developer/Platforms/MacOSX.platform/Developer/SDKs/MacOSX26.1.sdk/usr/include/Darwin_Mach.modulemap
/Applications/Xcode.app/Contents/Developer/Platforms/MacOSX.platform/Developer/SDKs/MacOSX26.1.sdk/usr/include/Darwin_Mach_machine.modulemap
/Applications/Xcode.app/Contents/Developer/Platforms/MacOSX.platform/Developer/SDKs/MacOSX26.1.sdk/usr/include/mach_debug.modulemap
/Applications/Xcode.app/Contents/Developer/Platforms/MacOSX.platform/Developer/SDKs/MacOSX26.1.sdk/usr/include/device.modulemap
/Applications/Xcode.app/Contents/Developer/Platforms/MacOSX.platform/Developer/SDKs/MacOSX26.1.sdk/usr/include/Darwin_machine.modulemap
/Applications/Xcode.app/Contents/Developer/Platforms/MacOSX.platform/Developer/SDKs/MacOSX26.1.sdk/usr/include/ncurses.modulemap
/Applications/Xcode.app/Contents/Developer/Platforms/MacOSX.platform/Developer/SDKs/MacOSX26.1.sdk/usr/include/netinet6.modulemap
/Applications/Xcode.app/Contents/Developer/Platforms/MacOSX.platform/Developer/SDKs/MacOSX26.1.sdk/usr/include/Darwin_sys.modulemap
/Applications/Xcode.app/Contents/Developer/Platforms/MacOSX.platform/Developer/SDKs/MacOSX26.1.sdk/usr/include/uuid.modulemap
/Applications/Xcode.app/Contents/Developer/Platforms/MacOSX.platform/Developer/SDKs/MacOSX26.1.sdk/usr/include/DarwinFoundation2.modulemap
/Applications/Xcode.app/Contents/Developer/Platforms/MacOSX.platform/Developer/SDKs/MacOSX26.1.sdk/usr/include/DarwinFoundation3.modulemap
/Applications/Xcode.app/Contents/Developer/Platforms/MacOSX.platform/Developer/SDKs/MacOSX26.1.sdk/usr/include/DarwinFoundation1.modulemap
/Applications/Xcode.app/Contents/Developer/Platforms/MacOSX.platform/Developer/SDKs/MacOSX26.1.sdk/usr/include/dispatch/dispatch.h
/Applications/Xcode.app/Contents/Developer/Toolchains/XcodeDefault.xctoolchain/usr/lib/swift/clang/include/module.modulemap
/Applications/Xcode.app/Contents/Developer/Toolchains/XcodeDefault.xctoolchain/usr/lib/swift/clang/include/stddef.h
/Applications/Xcode.app/Contents/Developer/Toolchains/XcodeDefault.xctoolchain/usr/lib/swift/clang/include/stdarg.h
/Applications/Xcode.app/Contents/Developer/Platforms/MacOSX.platform/Developer/SDKs/MacOSX26.1.sdk/usr/include/string.h
/Applications/Xcode.app/Contents/Developer/Platforms/MacOSX.platform/Developer/SDKs/MacOSX26.1.sdk/usr/include/dispatch/base.h
/Applications/Xcode.app/Contents/Developer/Platforms/MacOSX.platform/Developer/SDKs/MacOSX26.1.sdk/usr/include/dispatch/time.h
/Applications/Xcode.app/Contents/Developer/Platforms/MacOSX.platform/Developer/SDKs/MacOSX26.1.sdk/usr/include/dispatch/object.h
/Applications/Xcode.app/Contents/Developer/Platforms/MacOSX.platform/Developer/SDKs/MacOSX26.1.sdk/usr/include/dispatch/queue.h
/Applications/Xcode.app/Contents/Developer/Platforms/MacOSX.platform/Developer/SDKs/MacOSX26.1.sdk/usr/include/dispatch/block.h
/Applications/Xcode.app/Contents/Developer/Platforms/MacOSX.platform/Developer/SDKs/MacOSX26.1.sdk/usr/include/dispatch/source.h
/Applications/Xcode.app/Contents/Developer/Platforms/MacOSX.platform/Developer/SDKs/MacOSX26.1.sdk/usr/include/dispatch/group.h
/Applications/Xcode.app/Contents/Developer/Platforms/MacOSX.platform/Developer/SDKs/MacOSX26.1.sdk/usr/include/dispatch/semaphore.h
/Applications/Xcode.app/Contents/Developer/Platforms/MacOSX.platform/Developer/SDKs/MacOSX26.1.sdk/usr/include/dispatch/once.h
/Applications/Xcode.app/Contents/Developer/Platforms/MacOSX.platform/Developer/SDKs/MacOSX26.1.sdk/usr/include/dispatch/data.h
/Applications/Xcode.app/Contents/Developer/Platforms/MacOSX.platform/Developer/SDKs/MacOSX26.1.sdk/usr/include/dispatch/io.h
/Applications/Xcode.app/Contents/Developer/Platforms/MacOSX.platform/Developer/SDKs/MacOSX26.1.sdk/usr/include/dispatch/workloop.h
/Applications/Xcode.app/Contents/Developer/Platforms/MacOSX.platform/Developer/SDKs/MacOSX26.1.sdk/usr/include/dispatch/dispatch_swift_shims.h
/Applications/Xcode.app/Contents/Developer/Platforms/MacOSX.platform/Developer/SDKs/MacOSX26.1.sdk/SDKSettings.json
/Applications/Xcode.app/Contents/Developer/Toolchains/XcodeDefault.xctoolchain/usr/lib/swift/macosx/prebuilt-modules/26.1/Foundation.swiftmodule/arm64e-apple-macos.swiftmodule
/Applications/Xcode.app/Contents/Developer/Platforms/MacOSX.platform/Developer/SDKs/MacOSX26.1.sdk/System/Library/Frameworks/Foundation.framework/Headers/Foundation.apinotes
/Applications/Xcode.app/Contents/Developer/Platforms/MacOSX.platform/Developer/SDKs/MacOSX26.1.sdk/System/Library/Frameworks/Foundation.framework/Modules/module.modulemap
/Applications/Xcode.app/Contents/Developer/Platforms/MacOSX.platform/Developer/SDKs/MacOSX26.1.sdk/System/Library/Frameworks/Foundation.framework/Headers/Foundation.h
/Applications/Xcode.app/Contents/Developer/Platforms/MacOSX.platform/Developer/SDKs/MacOSX26.1.sdk/System/Library/Frameworks/CoreFoundation.framework/Modules/module.modulemap
/Applications/Xcode.app/Contents/Developer/Platforms/MacOSX.platform/Developer/SDKs/MacOSX26.1.sdk/System/Library/Frameworks/Foundation.framework/Headers/NSObjCRuntime.h
/Applications/Xcode.app/Contents/Developer/Platforms/MacOSX.platform/Developer/SDKs/MacOSX26.1.sdk/usr/include/xpc.modulemap
/Applications/Xcode.app/Contents/Developer/Platforms/MacOSX.platform/Developer/SDKs/MacOSX26.1.sdk/usr/include/dispatch.modulemap
/Applications/Xcode.app/Contents/Developer/Platforms/MacOSX.platform/Developer/SDKs/MacOSX26.1.sdk/usr/include/ObjectiveC.modulemap
/Applications/Xcode.app/Contents/Developer/Platforms/MacOSX.platform/Developer/SDKs/MacOSX26.1.sdk/usr/include/Darwin.modulemap
/Applications/Xcode.app/Contents/Developer/Platforms/MacOSX.platform/Developer/SDKs/MacOSX26.1.sdk/usr/include/DarwinFoundation1.modulemap
/Applications/Xcode.app/Contents/Developer/Toolchains/XcodeDefault.xctoolchain/usr/lib/swift/clang/include/module.modulemap
/Applications/Xcode.app/Contents/Developer/Toolchains/XcodeDefault.xctoolchain/usr/lib/swift/clang/include/stdarg.h
/Applications/Xcode.app/Contents/Developer/Platforms/MacOSX.platform/Developer/SDKs/MacOSX26.1.sdk/System/Library/Frameworks/Foundation.framework/Headers/NSArray.h
/Applications/Xcode.app/Contents/Developer/Platforms/MacOSX.platform/Developer/SDKs/MacOSX26.1.sdk/System/Library/Frameworks/Foundation.framework/Headers/NSObject.h
/Applications/Xcode.app/Contents/Developer/Platforms/MacOSX.platform/Developer/SDKs/MacOSX26.1.sdk/System/Library/Frameworks/Foundation.framework/Headers/NSZone.h
/Applications/Xcode.app/Contents/Developer/Toolchains/XcodeDefault.xctoolchain/usr/lib/swift/clang/include/stddef.h
/Applications/Xcode.app/Contents/Developer/Platforms/MacOSX.platform/Developer/SDKs/MacOSX26.1.sdk/System/Library/Frameworks/Foundation.framework/Headers/NSEnumerator.h
/Applications/Xcode.app/Contents/Developer/Platforms/MacOSX.platform/Developer/SDKs/MacOSX26.1.sdk/System/Library/Frameworks/Foundation.framework/Headers/NSRange.h
/Applications/Xcode.app/Contents/Developer/Platforms/MacOSX.platform/Developer/SDKs/MacOSX26.1.sdk/System/Library/Frameworks/Foundation.framework/Headers/NSValue.h
/Applications/Xcode.app/Contents/Developer/Platforms/MacOSX.platform/Developer/SDKs/MacOSX26.1.sdk/System/Library/Frameworks/Foundation.framework/Headers/NSOrderedCollectionDifference.h
/Applications/Xcode.app/Contents/Developer/Platforms/MacOSX.platform/Developer/SDKs/MacOSX26.1.sdk/System/Library/Frameworks/Foundation.framework/Headers/NSOrderedCollectionChange.h
/Applications/Xcode.app/Contents/Developer/Platforms/MacOSX.platform/Developer/SDKs/MacOSX26.1.sdk/System/Library/Frameworks/Foundation.framework/Headers/NSIndexSet.h
/Applications/Xcode.app/Contents/Developer/Platforms/MacOSX.platform/Developer/SDKs/MacOSX26.1.sdk/System/Library/Frameworks/Foundation.framework/Headers/NSAutoreleasePool.h
/Applications/Xcode.app/Contents/Developer/Platforms/MacOSX.platform/Developer/SDKs/MacOSX26.1.sdk/System/Library/Frameworks/Foundation.framework/Headers/NSBundle.h
/Applications/Xcode.app/Contents/Developer/Platforms/MacOSX.platform/Developer/SDKs/MacOSX26.1.sdk/System/Library/Frameworks/Foundation.framework/Headers/NSString.h
/Applications/Xcode.app/Contents/Developer/Platforms/MacOSX.platform/Developer/SDKs/MacOSX26.1.sdk/System/Library/Frameworks/Foundation.framework/Headers/NSItemProvider.h
/Applications/Xcode.app/Contents/Developer/Platforms/MacOSX.platform/Developer/SDKs/MacOSX26.1.sdk/System/Library/Frameworks/Foundation.framework/Headers/NSDictionary.h
/Applications/Xcode.app/Contents/Developer/Platforms/MacOSX.platform/Developer/SDKs/MacOSX26.1.sdk/System/Library/Frameworks/Foundation.framework/Headers/NSSet.h
/Applications/Xcode.app/Contents/Developer/Platforms/MacOSX.platform/Developer/SDKs/MacOSX26.1.sdk/System/Library/Frameworks/Foundation.framework/Headers/NSProgress.h
/Applications/Xcode.app/Contents/Developer/Platforms/MacOSX.platform/Developer/SDKs/MacOSX26.1.sdk/System/Library/Frameworks/Foundation.framework/Headers/NSNotification.h
/Applications/Xcode.app/Contents/Developer/Platforms/MacOSX.platform/Developer/SDKs/MacOSX26.1.sdk/System/Library/Frameworks/Foundation.framework/Headers/NSByteOrder.h
/Applications/Xcode.app/Contents/Developer/Platforms/MacOSX.platform/Developer/SDKs/MacOSX26.1.sdk/System/Library/Frameworks/Foundation.framework/Headers/NSCalendar.h
/Applications/Xcode.app/Contents/Developer/Platforms/MacOSX.platform/Developer/SDKs/MacOSX26.1.sdk/System/Library/Frameworks/Foundation.framework/Headers/NSDate.h
/Applications/Xcode.app/Contents/Developer/Platforms/MacOSX.platform/Developer/SDKs/MacOSX26.1.sdk/System/Library/Frameworks/Foundation.framework/Headers/NSCharacterSet.h
/Applications/Xcode.app/Contents/Developer/Platforms/MacOSX.platform/Developer/SDKs/MacOSX26.1.sdk/System/Library/Frameworks/Foundation.framework/Headers/NSCoder.h
/Applications/Xcode.app/Contents/Developer/Platforms/MacOSX.platform/Developer/SDKs/MacOSX26.1.sdk/System/Library/Frameworks/Foundation.framework/Headers/NSData.h
/Applications/Xcode.app/Contents/Developer/Platforms/MacOSX.platform/Developer/SDKs/MacOSX26.1.sdk/System/Library/Frameworks/Foundation.framework/Headers/NSDateInterval.h
/Applications/Xcode.app/Contents/Developer/Platforms/MacOSX.platform/Developer/SDKs/MacOSX26.1.sdk/System/Library/Frameworks/Foundation.framework/Headers/NSDateFormatter.h
/Applications/Xcode.app/Contents/Developer/Platforms/MacOSX.platform/Developer/SDKs/MacOSX26.1.sdk/System/Library/Frameworks/Foundation.framework/Headers/NSFormatter.h
/Applications/Xcode.app/Contents/Developer/Platforms/MacOSX.platform/Developer/SDKs/MacOSX26.1.sdk/System/Library/Frameworks/Foundation.framework/Headers/NSAttributedString.h
/Applications/Xcode.app/Contents/Developer/Platforms/MacOSX.platform/Developer/SDKs/MacOSX26.1.sdk/System/Library/Frameworks/Foundation.framework/Headers/NSDateIntervalFormatter.h
/Applications/Xcode.app/Contents/Developer/Platforms/MacOSX.platform/Developer/SDKs/MacOSX26.1.sdk/System/Library/Frameworks/Foundation.framework/Headers/NSISO8601DateFormatter.h
/Applications/Xcode.app/Contents/Developer/Platforms/MacOSX.platform/Developer/SDKs/MacOSX26.1.sdk/System/Library/Frameworks/Foundation.framework/Headers/NSMassFormatter.h
/Applications/Xcode.app/Contents/Developer/Platforms/MacOSX.platform/Developer/SDKs/MacOSX26.1.sdk/System/Library/Frameworks/Foundation.framework/Headers/NSLengthFormatter.h
/Applications/Xcode.app/Contents/Developer/Platforms/MacOSX.platform/Developer/SDKs/MacOSX26.1.sdk/System/Library/Frameworks/Foundation.framework/Headers/NSEnergyFormatter.h
/Applications/Xcode.app/Contents/Developer/Platforms/MacOSX.platform/Developer/SDKs/MacOSX26.1.sdk/System/Library/Frameworks/Foundation.framework/Headers/NSMeasurementFormatter.h
/Applications/Xcode.app/Contents/Developer/Platforms/MacOSX.platform/Developer/SDKs/MacOSX26.1.sdk/System/Library/Frameworks/Foundation.framework/Headers/NSNumberFormatter.h
/Applications/Xcode.app/Contents/Developer/Platforms/MacOSX.platform/Developer/SDKs/MacOSX26.1.sdk/System/Library/Frameworks/Foundation.framework/Headers/NSMeasurement.h
/Applications/Xcode.app/Contents/Developer/Platforms/MacOSX.platform/Developer/SDKs/MacOSX26.1.sdk/System/Library/Frameworks/Foundation.framework/Headers/NSUnit.h
/Applications/Xcode.app/Contents/Developer/Platforms/MacOSX.platform/Developer/SDKs/MacOSX26.1.sdk/System/Library/Frameworks/Foundation.framework/Headers/NSLocale.h
/Applications/Xcode.app/Contents/Developer/Platforms/MacOSX.platform/Developer/SDKs/MacOSX26.1.sdk/System/Library/Frameworks/Foundation.framework/Headers/NSPersonNameComponents.h
/Applications/Xcode.app/Contents/Developer/Platforms/MacOSX.platform/Developer/SDKs/MacOSX26.1.sdk/System/Library/Frameworks/Foundation.framework/Headers/NSPersonNameComponentsFormatter.h
/Applications/Xcode.app/Contents/Developer/Platforms/MacOSX.platform/Developer/SDKs/MacOSX26.1.sdk/System/Library/Frameworks/Foundation.framework/Headers/NSRelativeDateTimeFormatter.h
/Applications/Xcode.app/Contents/Developer/Platforms/MacOSX.platform/Developer/SDKs/MacOSX26.1.sdk/System/Library/Frameworks/Foundation.framework/Headers/NSListFormatter.h
/Applications/Xcode.app/Contents/Developer/Platforms/MacOSX.platform/Developer/SDKs/MacOSX26.1.sdk/System/Library/Frameworks/Foundation.framework/Headers/NSDecimal.h
/Applications/Xcode.app/Contents/Developer/Platforms/MacOSX.platform/Developer/SDKs/MacOSX26.1.sdk/System/Library/Frameworks/Foundation.framework/Headers/NSDecimalNumber.h
/Applications/Xcode.app/Contents/Developer/Platforms/MacOSX.platform/Developer/SDKs/MacOSX26.1.sdk/System/Library/Frameworks/Foundation.framework/Headers/NSScanner.h
/Applications/Xcode.app/Contents/Developer/Platforms/MacOSX.platform/Developer/SDKs/MacOSX26.1.sdk/System/Library/Frameworks/Foundation.framework/Headers/NSException.h
/Applications/Xcode.app/Contents/Developer/Platforms/MacOSX.platform/Developer/SDKs/MacOSX26.1.sdk/System/Library/Frameworks/Foundation.framework/Headers/NSError.h
/Applications/Xcode.app/Contents/Developer/Platforms/MacOSX.platform/Developer/SDKs/MacOSX26.1.sdk/System/Library/Frameworks/Foundation.framework/Headers/NSFileHandle.h
/Applications/Xcode.app/Contents/Developer/Platforms/MacOSX.platform/Developer/SDKs/MacOSX26.1.sdk/System/Library/Frameworks/Foundation.framework/Headers/NSRunLoop.h
/Applications/Xcode.app/Contents/Developer/Platforms/MacOSX.platform/Developer/SDKs/MacOSX26.1.sdk/System/Library/Frameworks/Foundation.framework/Headers/NSFileManager.h
/Applications/Xcode.app/Contents/Developer/Platforms/MacOSX.platform/Developer/SDKs/MacOSX26.1.sdk/System/Library/Frameworks/Foundation.framework/Headers/NSPathUtilities.h
/Applications/Xcode.app/Contents/Developer/Platforms/MacOSX.platform/Developer/SDKs/MacOSX26.1.sdk/System/Library/Frameworks/Foundation.framework/Headers/NSURL.h
/Applications/Xcode.app/Contents/Developer/Platforms/MacOSX.platform/Developer/SDKs/MacOSX26.1.sdk/System/Library/Frameworks/Foundation.framework/Headers/NSURLHandle.h
/Applications/Xcode.app/Contents/Developer/Platforms/MacOSX.platform/Developer/SDKs/MacOSX26.1.sdk/System/Library/Frameworks/Foundation.framework/Headers/NSHashTable.h
/Applications/Xcode.app/Contents/Developer/Platforms/MacOSX.platform/Developer/SDKs/MacOSX26.1.sdk/System/Library/Frameworks/Foundation.framework/Headers/NSPointerFunctions.h
/Applications/Xcode.app/Contents/Developer/Platforms/MacOSX.platform/Developer/SDKs/MacOSX26.1.sdk/System/Library/Frameworks/Foundation.framework/Headers/NSHTTPCookie.h
/Applications/Xcode.app/Contents/Developer/Platforms/MacOSX.platform/Developer/SDKs/MacOSX26.1.sdk/System/Library/Frameworks/Foundation.framework/Headers/NSHTTPCookieStorage.h
/Applications/Xcode.app/Contents/Developer/Platforms/MacOSX.platform/Developer/SDKs/MacOSX26.1.sdk/System/Library/Frameworks/Foundation.framework/Headers/NSIndexPath.h
/Applications/Xcode.app/Contents/Developer/Platforms/MacOSX.platform/Developer/SDKs/MacOSX26.1.sdk/System/Library/Frameworks/Foundation.framework/Headers/NSInflectionRule.h
/Applications/Xcode.app/Contents/Developer/Platforms/MacOSX.platform/Developer/SDKs/MacOSX26.1.sdk/System/Library/Frameworks/Foundation.framework/Headers/NSInvocation.h
/Applications/Xcode.app/Contents/Developer/Platforms/MacOSX.platform/Developer/SDKs/MacOSX26.1.sdk/System/Library/Frameworks/Foundation.framework/Headers/NSJSONSerialization.h
/Applications/Xcode.app/Contents/Developer/Platforms/MacOSX.platform/Developer/SDKs/MacOSX26.1.sdk/System/Library/Frameworks/Foundation.framework/Headers/NSKeyValueCoding.h
/Applications/Xcode.app/Contents/Developer/Platforms/MacOSX.platform/Developer/SDKs/MacOSX26.1.sdk/System/Library/Frameworks/Foundation.framework/Headers/NSOrderedSet.h
/Applications/Xcode.app/Contents/Developer/Platforms/MacOSX.platform/Developer/SDKs/MacOSX26.1.sdk/System/Library/Frameworks/Foundation.framework/Headers/NSKeyValueObserving.h
/Applications/Xcode.app/Contents/Developer/Platforms/MacOSX.platform/Developer/SDKs/MacOSX26.1.sdk/System/Library/Frameworks/Foundation.framework/Headers/NSKeyValueSharedObservers.h
/Applications/Xcode.app/Contents/Developer/Platforms/MacOSX.platform/Developer/SDKs/MacOSX26.1.sdk/System/Library/Frameworks/Foundation.framework/Headers/NSKeyedArchiver.h
/Applications/Xcode.app/Contents/Developer/Platforms/MacOSX.platform/Developer/SDKs/MacOSX26.1.sdk/System/Library/Frameworks/Foundation.framework/Headers/NSPropertyList.h
/Applications/Xcode.app/Contents/Developer/Platforms/MacOSX.platform/Developer/SDKs/MacOSX26.1.sdk/System/Library/Frameworks/Foundation.framework/Headers/NSGeometry.h
/Applications/Xcode.app/Contents/Developer/Platforms/MacOSX.platform/Developer/SDKs/MacOSX26.1.sdk/System/Library/Frameworks/Foundation.framework/Headers/NSLock.h
/Applications/Xcode.app/Contents/Developer/Platforms/MacOSX.platform/Developer/SDKs/MacOSX26.1.sdk/System/Library/Frameworks/Foundation.framework/Headers/NSMapTable.h
/Applications/Xcode.app/Contents/Developer/Platforms/MacOSX.platform/Developer/SDKs/MacOSX26.1.sdk/System/Library/Frameworks/Foundation.framework/Headers/NSMethodSignature.h
/Applications/Xcode.app/Contents/Developer/Platforms/MacOSX.platform/Developer/SDKs/MacOSX26.1.sdk/System/Library/Frameworks/Foundation.framework/Headers/NSMorphology.h
/Applications/Xcode.app/Contents/Developer/Platforms/MacOSX.platform/Developer/SDKs/MacOSX26.1.sdk/System/Library/Frameworks/Foundation.framework/Headers/NSTermOfAddress.h
/Applications/Xcode.app/Contents/Developer/Platforms/MacOSX.platform/Developer/SDKs/MacOSX26.1.sdk/System/Library/Frameworks/Foundation.framework/Headers/NSNotificationQueue.h
/Applications/Xcode.app/Contents/Developer/Platforms/MacOSX.platform/Developer/SDKs/MacOSX26.1.sdk/System/Library/Frameworks/Foundation.framework/Headers/NSNull.h
/Applications/Xcode.app/Contents/Developer/Platforms/MacOSX.platform/Developer/SDKs/MacOSX26.1.sdk/System/Library/Frameworks/Foundation.framework/Headers/NSLocalizedNumberFormatRule.h
/Applications/Xcode.app/Contents/Developer/Platforms/MacOSX.platform/Developer/SDKs/MacOSX26.1.sdk/System/Library/Frameworks/Foundation.framework/Headers/NSOperation.h
/Applications/Xcode.app/Contents/Developer/Platforms/MacOSX.platform/Developer/SDKs/MacOSX26.1.sdk/System/Library/Frameworks/Foundation.framework/Headers/NSOrthography.h
/Applications/Xcode.app/Contents/Developer/Platforms/MacOSX.platform/Developer/SDKs/MacOSX26.1.sdk/System/Library/Frameworks/Foundation.framework/Headers/NSPointerArray.h
/Applications/Xcode.app/Contents/Developer/Platforms/MacOSX.platform/Developer/SDKs/MacOSX26.1.sdk/System/Library/Frameworks/Foundation.framework/Headers/NSPort.h
/Applications/Xcode.app/Contents/Developer/Platforms/MacOSX.platform/Developer/SDKs/MacOSX26.1.sdk/System/Library/Frameworks/Foundation.framework/Headers/NSProcessInfo.h
/Applications/Xcode.app/Contents/Developer/Platforms/MacOSX.platform/Developer/SDKs/MacOSX26.1.sdk/System/Library/Frameworks/Foundation.framework/Headers/NSProxy.h
/Applications/Xcode.app/Contents/Developer/Platforms/MacOSX.platform/Developer/SDKs/MacOSX26.1.sdk/System/Library/Frameworks/Foundation.framework/Headers/NSRegularExpression.h
/Applications/Xcode.app/Contents/Developer/Platforms/MacOSX.platform/Developer/SDKs/MacOSX26.1.sdk/System/Library/Frameworks/Foundation.framework/Headers/NSTextCheckingResult.h
/Applications/Xcode.app/Contents/Developer/Platforms/MacOSX.platform/Developer/SDKs/MacOSX26.1.sdk/System/Library/Frameworks/Foundation.framework/Headers/NSSortDescriptor.h
/Applications/Xcode.app/Contents/Developer/Platforms/MacOSX.platform/Developer/SDKs/MacOSX26.1.sdk/System/Library/Frameworks/Foundation.framework/Headers/NSStream.h
/Applications/Xcode.app/Contents/Developer/Platforms/MacOSX.platform/Developer/SDKs/MacOSX26.1.sdk/System/Library/Frameworks/Foundation.framework/Headers/NSThread.h
/Applications/Xcode.app/Contents/Developer/Platforms/MacOSX.platform/Developer/SDKs/MacOSX26.1.sdk/System/Library/Frameworks/Foundation.framework/Headers/NSTimeZone.h
/Applications/Xcode.app/Contents/Developer/Platforms/MacOSX.platform/Developer/SDKs/MacOSX26.1.sdk/System/Library/Frameworks/Foundation.framework/Headers/NSTimer.h
/Applications/Xcode.app/Contents/Developer/Platforms/MacOSX.platform/Developer/SDKs/MacOSX26.1.sdk/System/Library/Frameworks/Foundation.framework/Headers/NSURLAuthenticationChallenge.h
/Applications/Xcode.app/Contents/Developer/Platforms/MacOSX.platform/Developer/SDKs/MacOSX26.1.sdk/System/Library/Frameworks/Foundation.framework/Headers/NSURLCache.h
/Applications/Xcode.app/Contents/Developer/Platforms/MacOSX.platform/Developer/SDKs/MacOSX26.1.sdk/System/Library/Frameworks/Foundation.framework/Headers/NSURLConnection.h
/Applications/Xcode.app/Contents/Developer/Platforms/MacOSX.platform/Developer/SDKs/MacOSX26.1.sdk/System/Library/Frameworks/Foundation.framework/Headers/NSURLCredential.h
/Applications/Xcode.app/Contents/Developer/Platforms/MacOSX.platform/Developer/SDKs/MacOSX26.1.sdk/System/Library/Frameworks/Security.framework/Modules/module.modulemap
/Applications/Xcode.app/Contents/Developer/Platforms/MacOSX.platform/Developer/SDKs/MacOSX26.1.sdk/System/Library/Frameworks/Foundation.framework/Headers/NSURLCredentialStorage.h
/Applications/Xcode.app/Contents/Developer/Platforms/MacOSX.platform/Developer/SDKs/MacOSX26.1.sdk/System/Library/Frameworks/Foundation.framework/Headers/NSURLProtectionSpace.h
/Applications/Xcode.app/Contents/Developer/Platforms/MacOSX.platform/Developer/SDKs/MacOSX26.1.sdk/System/Library/Frameworks/Foundation.framework/Headers/NSURLError.h
/Applications/Xcode.app/Contents/Developer/Platforms/MacOSX.platform/Developer/SDKs/MacOSX26.1.sdk/System/Library/Frameworks/CoreServices.framework/Modules/module.modulemap
/Applications/Xcode.app/Contents/Developer/Platforms/MacOSX.platform/Developer/SDKs/MacOSX26.1.sdk/System/Library/Frameworks/Foundation.framework/Headers/NSURLProtocol.h
/Applications/Xcode.app/Contents/Developer/Platforms/MacOSX.platform/Developer/SDKs/MacOSX26.1.sdk/System/Library/Frameworks/Foundation.framework/Headers/NSURLRequest.h
/Applications/Xcode.app/Contents/Developer/Platforms/MacOSX.platform/Developer/SDKs/MacOSX26.1.sdk/System/Library/Frameworks/Foundation.framework/Headers/NSURLResponse.h
/Applications/Xcode.app/Contents/Developer/Platforms/MacOSX.platform/Developer/SDKs/MacOSX26.1.sdk/System/Library/Frameworks/Foundation.framework/Headers/NSUserDefaults.h
/Applications/Xcode.app/Contents/Developer/Platforms/MacOSX.platform/Developer/SDKs/MacOSX26.1.sdk/System/Library/Frameworks/Foundation.framework/Headers/NSValueTransformer.h
/Applications/Xcode.app/Contents/Developer/Platforms/MacOSX.platform/Developer/SDKs/MacOSX26.1.sdk/System/Library/Frameworks/Foundation.framework/Headers/NSXMLParser.h
/Applications/Xcode.app/Contents/Developer/Platforms/MacOSX.platform/Developer/SDKs/MacOSX26.1.sdk/System/Library/Frameworks/Foundation.framework/Headers/NSXPCConnection.h
/Applications/Xcode.app/Contents/Developer/Platforms/MacOSX.platform/Developer/SDKs/MacOSX26.1.sdk/System/Library/Frameworks/Foundation.framework/Headers/FoundationErrors.h
/Applications/Xcode.app/Contents/Developer/Platforms/MacOSX.platform/Developer/SDKs/MacOSX26.1.sdk/System/Library/Frameworks/Foundation.framework/Headers/NSByteCountFormatter.h
/Applications/Xcode.app/Contents/Developer/Platforms/MacOSX.platform/Developer/SDKs/MacOSX26.1.sdk/System/Library/Frameworks/Foundation.framework/Headers/NSCache.h
/Applications/Xcode.app/Contents/Developer/Platforms/MacOSX.platform/Developer/SDKs/MacOSX26.1.sdk/System/Library/Frameworks/Foundation.framework/Headers/NSComparisonPredicate.h
/Applications/Xcode.app/Contents/Developer/Platforms/MacOSX.platform/Developer/SDKs/MacOSX26.1.sdk/System/Library/Frameworks/Foundation.framework/Headers/NSPredicate.h
/Applications/Xcode.app/Contents/Developer/Platforms/MacOSX.platform/Developer/SDKs/MacOSX26.1.sdk/System/Library/Frameworks/Foundation.framework/Headers/NSCompoundPredicate.h
/Applications/Xcode.app/Contents/Developer/Platforms/MacOSX.platform/Developer/SDKs/MacOSX26.1.sdk/System/Library/Frameworks/Foundation.framework/Headers/NSDateComponentsFormatter.h
/Applications/Xcode.app/Contents/Developer/Platforms/MacOSX.platform/Developer/SDKs/MacOSX26.1.sdk/System/Library/Frameworks/Foundation.framework/Headers/NSExpression.h
/Applications/Xcode.app/Contents/Developer/Platforms/MacOSX.platform/Developer/SDKs/MacOSX26.1.sdk/System/Library/Frameworks/Foundation.framework/Headers/NSExtensionContext.h
/Applications/Xcode.app/Contents/Developer/Platforms/MacOSX.platform/Developer/SDKs/MacOSX26.1.sdk/System/Library/Frameworks/Foundation.framework/Headers/NSExtensionItem.h
/Applications/Xcode.app/Contents/Developer/Platforms/MacOSX.platform/Developer/SDKs/MacOSX26.1.sdk/System/Library/Frameworks/Foundation.framework/Headers/NSExtensionRequestHandling.h
/Applications/Xcode.app/Contents/Developer/Platforms/MacOSX.platform/Developer/SDKs/MacOSX26.1.sdk/System/Library/Frameworks/Foundation.framework/Headers/NSFileCoordinator.h
/Applications/Xcode.app/Contents/Developer/Platforms/MacOSX.platform/Developer/SDKs/MacOSX26.1.sdk/System/Library/Frameworks/Foundation.framework/Headers/NSFilePresenter.h
/Applications/Xcode.app/Contents/Developer/Platforms/MacOSX.platform/Developer/SDKs/MacOSX26.1.sdk/System/Library/Frameworks/Foundation.framework/Headers/NSFileVersion.h
/Applications/Xcode.app/Contents/Developer/Platforms/MacOSX.platform/Developer/SDKs/MacOSX26.1.sdk/System/Library/Frameworks/Foundation.framework/Headers/NSFileWrapper.h
/Applications/Xcode.app/Contents/Developer/Platforms/MacOSX.platform/Developer/SDKs/MacOSX26.1.sdk/System/Library/Frameworks/Foundation.framework/Headers/NSLinguisticTagger.h
/Applications/Xcode.app/Contents/Developer/Platforms/MacOSX.platform/Developer/SDKs/MacOSX26.1.sdk/System/Library/Frameworks/Foundation.framework/Headers/NSMetadata.h
/Applications/Xcode.app/Contents/Developer/Platforms/MacOSX.platform/Developer/SDKs/MacOSX26.1.sdk/System/Library/Frameworks/Foundation.framework/Headers/NSMetadataAttributes.h
/Applications/Xcode.app/Contents/Developer/Platforms/MacOSX.platform/Developer/SDKs/MacOSX26.1.sdk/System/Library/Frameworks/Foundation.framework/Headers/NSNetServices.h
/Applications/Xcode.app/Contents/Developer/Platforms/MacOSX.platform/Developer/SDKs/MacOSX26.1.sdk/System/Library/Frameworks/Foundation.framework/Headers/NSUbiquitousKeyValueStore.h
/Applications/Xcode.app/Contents/Developer/Platforms/MacOSX.platform/Developer/SDKs/MacOSX26.1.sdk/System/Library/Frameworks/Foundation.framework/Headers/NSUndoManager.h
/Applications/Xcode.app/Contents/Developer/Platforms/MacOSX.platform/Developer/SDKs/MacOSX26.1.sdk/System/Library/Frameworks/Foundation.framework/Headers/NSURLSession.h
/Applications/Xcode.app/Contents/Developer/Platforms/MacOSX.platform/Developer/SDKs/MacOSX26.1.sdk/System/Library/Frameworks/Foundation.framework/Headers/NSUserActivity.h
/Applications/Xcode.app/Contents/Developer/Platforms/MacOSX.platform/Developer/SDKs/MacOSX26.1.sdk/System/Library/Frameworks/Foundation.framework/Headers/NSUUID.h
/Applications/Xcode.app/Contents/Developer/Platforms/MacOSX.platform/Developer/SDKs/MacOSX26.1.sdk/System/Library/Frameworks/Foundation.framework/Headers/NSAffineTransform.h
/Applications/Xcode.app/Contents/Developer/Platforms/MacOSX.platform/Developer/SDKs/MacOSX26.1.sdk/System/Library/Frameworks/Foundation.framework/Headers/NSAppleScript.h
/Applications/Xcode.app/Contents/Developer/Platforms/MacOSX.platform/Developer/SDKs/MacOSX26.1.sdk/System/Library/Frameworks/Foundation.framework/Headers/NSArchiver.h
/Applications/Xcode.app/Contents/Developer/Platforms/MacOSX.platform/Developer/SDKs/MacOSX26.1.sdk/System/Library/Frameworks/Foundation.framework/Headers/NSBackgroundActivityScheduler.h
/Applications/Xcode.app/Contents/Developer/Platforms/MacOSX.platform/Developer/SDKs/MacOSX26.1.sdk/System/Library/Frameworks/Foundation.framework/Headers/NSCalendarDate.h
/Applications/Xcode.app/Contents/Developer/Platforms/MacOSX.platform/Developer/SDKs/MacOSX26.1.sdk/System/Library/Frameworks/Foundation.framework/Headers/NSConnection.h
/Applications/Xcode.app/Contents/Developer/Platforms/MacOSX.platform/Developer/SDKs/MacOSX26.1.sdk/System/Library/Frameworks/Foundation.framework/Headers/NSDistantObject.h
/Applications/Xcode.app/Contents/Developer/Platforms/MacOSX.platform/Developer/SDKs/MacOSX26.1.sdk/System/Library/Frameworks/Foundation.framework/Headers/NSDistributedNotificationCenter.h
/Applications/Xcode.app/Contents/Developer/Platforms/MacOSX.platform/Developer/SDKs/MacOSX26.1.sdk/System/Library/Frameworks/Foundation.framework/Headers/NSPortCoder.h
/Applications/Xcode.app/Contents/Developer/Platforms/MacOSX.platform/Developer/SDKs/MacOSX26.1.sdk/System/Library/Frameworks/Foundation.framework/Headers/NSPortMessage.h
/Applications/Xcode.app/Contents/Developer/Platforms/MacOSX.platform/Developer/SDKs/MacOSX26.1.sdk/System/Library/Frameworks/Foundation.framework/Headers/NSPortNameServer.h
/Applications/Xcode.app/Contents/Developer/Platforms/MacOSX.platform/Developer/SDKs/MacOSX26.1.sdk/System/Library/Frameworks/Foundation.framework/Headers/NSProtocolChecker.h
/Applications/Xcode.app/Contents/Developer/Platforms/MacOSX.platform/Developer/SDKs/MacOSX26.1.sdk/System/Library/Frameworks/Foundation.framework/Headers/NSTask.h
/Applications/Xcode.app/Contents/Developer/Platforms/MacOSX.platform/Developer/SDKs/MacOSX26.1.sdk/System/Library/Frameworks/Foundation.framework/Headers/NSXMLDTD.h
/Applications/Xcode.app/Contents/Developer/Platforms/MacOSX.platform/Developer/SDKs/MacOSX26.1.sdk/System/Library/Frameworks/Foundation.framework/Headers/NSXMLNode.h
/Applications/Xcode.app/Contents/Developer/Platforms/MacOSX.platform/Developer/SDKs/MacOSX26.1.sdk/System/Library/Frameworks/Foundation.framework/Headers/NSXMLNodeOptions.h
/Applications/Xcode.app/Contents/Developer/Platforms/MacOSX.platform/Developer/SDKs/MacOSX26.1.sdk/System/Library/Frameworks/Foundation.framework/Headers/NSXMLDTDNode.h
/Applications/Xcode.app/Contents/Developer/Platforms/MacOSX.platform/Developer/SDKs/MacOSX26.1.sdk/System/Library/Frameworks/Foundation.framework/Headers/NSXMLDocument.h
/Applications/Xcode.app/Contents/Developer/Platforms/MacOSX.platform/Developer/SDKs/MacOSX26.1.sdk/System/Library/Frameworks/Foundation.framework/Headers/NSXMLElement.h
/Applications/Xcode.app/Contents/Developer/Platforms/MacOSX.platform/Developer/SDKs/MacOSX26.1.sdk/System/Library/Frameworks/Foundation.framework/Headers/NSURLDownload.h
/Applications/Xcode.app/Contents/Developer/Platforms/MacOSX.platform/Developer/SDKs/MacOSX26.1.sdk/System/Library/Frameworks/Foundation.framework/Headers/NSAppleEventDescriptor.h
/Applications/Xcode.app/Contents/Developer/Platforms/MacOSX.platform/Developer/SDKs/MacOSX26.1.sdk/System/Library/Frameworks/Foundation.framework/Headers/NSAppleEventManager.h
/Applications/Xcode.app/Contents/Developer/Platforms/MacOSX.platform/Developer/SDKs/MacOSX26.1.sdk/System/Library/Frameworks/Foundation.framework/Headers/NSClassDescription.h
/Applications/Xcode.app/Contents/Developer/Platforms/MacOSX.platform/Developer/SDKs/MacOSX26.1.sdk/System/Library/Frameworks/Foundation.framework/Headers/NSDistributedLock.h
/Applications/Xcode.app/Contents/Developer/Platforms/MacOSX.platform/Developer/SDKs/MacOSX26.1.sdk/System/Library/Frameworks/Foundation.framework/Headers/NSGarbageCollector.h
/Applications/Xcode.app/Contents/Developer/Platforms/MacOSX.platform/Developer/SDKs/MacOSX26.1.sdk/System/Library/Frameworks/Foundation.framework/Headers/NSHFSFileTypes.h
/Applications/Xcode.app/Contents/Developer/Platforms/MacOSX.platform/Developer/SDKs/MacOSX26.1.sdk/System/Library/Frameworks/Foundation.framework/Headers/NSHost.h
/Applications/Xcode.app/Contents/Developer/Platforms/MacOSX.platform/Developer/SDKs/MacOSX26.1.sdk/System/Library/Frameworks/Foundation.framework/Headers/NSObjectScripting.h
/Applications/Xcode.app/Contents/Developer/Platforms/MacOSX.platform/Developer/SDKs/MacOSX26.1.sdk/System/Library/Frameworks/Foundation.framework/Headers/NSScriptClassDescription.h
/Applications/Xcode.app/Contents/Developer/Platforms/MacOSX.platform/Developer/SDKs/MacOSX26.1.sdk/System/Library/Frameworks/Foundation.framework/Headers/NSScriptCoercionHandler.h
/Applications/Xcode.app/Contents/Developer/Platforms/MacOSX.platform/Developer/SDKs/MacOSX26.1.sdk/System/Library/Frameworks/Foundation.framework/Headers/NSScriptCommand.h
/Applications/Xcode.app/Contents/Developer/Platforms/MacOSX.platform/Developer/SDKs/MacOSX26.1.sdk/System/Library/Frameworks/Foundation.framework/Headers/NSScriptCommandDescription.h
/Applications/Xcode.app/Contents/Developer/Platforms/MacOSX.platform/Developer/SDKs/MacOSX26.1.sdk/System/Library/Frameworks/Foundation.framework/Headers/NSScriptExecutionContext.h
/Applications/Xcode.app/Contents/Developer/Platforms/MacOSX.platform/Developer/SDKs/MacOSX26.1.sdk/System/Library/Frameworks/Foundation.framework/Headers/NSScriptKeyValueCoding.h
/Applications/Xcode.app/Contents/Developer/Platforms/MacOSX.platform/Developer/SDKs/MacOSX26.1.sdk/System/Library/Frameworks/Foundation.framework/Headers/NSScriptObjectSpecifiers.h
/Applications/Xcode.app/Contents/Developer/Platforms/MacOSX.platform/Developer/SDKs/MacOSX26.1.sdk/System/Library/Frameworks/Foundation.framework/Headers/NSScriptStandardSuiteCommands.h
/Applications/Xcode.app/Contents/Developer/Platforms/MacOSX.platform/Developer/SDKs/MacOSX26.1.sdk/System/Library/Frameworks/Foundation.framework/Headers/NSScriptSuiteRegistry.h
/Applications/Xcode.app/Contents/Developer/Platforms/MacOSX.platform/Developer/SDKs/MacOSX26.1.sdk/System/Library/Frameworks/Foundation.framework/Headers/NSScriptWhoseTests.h
/Applications/Xcode.app/Contents/Developer/Platforms/MacOSX.platform/Developer/SDKs/MacOSX26.1.sdk/System/Library/Frameworks/Foundation.framework/Headers/NSSpellServer.h
/Applications/Xcode.app/Contents/Developer/Platforms/MacOSX.platform/Developer/SDKs/MacOSX26.1.sdk/System/Library/Frameworks/Foundation.framework/Headers/NSUserNotification.h
/Applications/Xcode.app/Contents/Developer/Platforms/MacOSX.platform/Developer/SDKs/MacOSX26.1.sdk/System/Library/Frameworks/Foundation.framework/Headers/NSUserScriptTask.h
/Applications/Xcode.app/Contents/Developer/Platforms/MacOSX.platform/Developer/SDKs/MacOSX26.1.sdk/System/Library/Frameworks/Foundation.framework/Headers/FoundationLegacySwiftCompatibility.h
/Applications/Xcode.app/Contents/Developer/Platforms/MacOSX.platform/Developer/SDKs/MacOSX26.1.sdk/System/Library/Frameworks/Foundation.framework/Headers/NSDebug.h
/Applications/Xcode.app/Contents/Developer/Platforms/MacOSX.platform/Developer/SDKs/MacOSX26.1.sdk/SDKSettings.json
/Applications/Xcode.app/Contents/Developer/Toolchains/XcodeDefault.xctoolchain/usr/lib/swift/macosx/prebuilt-modules/26.1/IOKit.swiftmodule/arm64e-apple-macos.swiftmodule
/Applications/Xcode.app/Contents/Developer/Platforms/MacOSX.platform/Developer/SDKs/MacOSX26.1.sdk/System/Library/Frameworks/IOKit.framework/Modules/module.modulemap
/Applications/Xcode.app/Contents/Developer/Platforms/MacOSX.platform/Developer/SDKs/MacOSX26.1.sdk/System/Library/Frameworks/IOKit.framework/Headers/IOReturn.h
/Applications/Xcode.app/Contents/Developer/Platforms/MacOSX.platform/Developer/SDKs/MacOSX26.1.sdk/usr/include/dispatch.modulemap
/Applications/Xcode.app/Contents/Developer/Platforms/MacOSX.platform/Developer/SDKs/MacOSX26.1.sdk/usr/include/libkern.modulemap
/Applications/Xcode.app/Contents/Developer/Platforms/MacOSX.platform/Developer/SDKs/MacOSX26.1.sdk/usr/include/Darwin.modulemap
/Applications/Xcode.app/Contents/Developer/Platforms/MacOSX.platform/Developer/SDKs/MacOSX26.1.sdk/usr/include/Darwin_C.modulemap
/Applications/Xcode.app/Contents/Developer/Platforms/MacOSX.platform/Developer/SDKs/MacOSX26.1.sdk/usr/include/Darwin_POSIX.modulemap
/Applications/Xcode.app/Contents/Developer/Platforms/MacOSX.platform/Developer/SDKs/MacOSX26.1.sdk/usr/include/net.modulemap
/Applications/Xcode.app/Contents/Developer/Platforms/MacOSX.platform/Developer/SDKs/MacOSX26.1.sdk/usr/include/netinet.modulemap
/Applications/Xcode.app/Contents/Developer/Platforms/MacOSX.platform/Developer/SDKs/MacOSX26.1.sdk/usr/include/bank.modulemap
/Applications/Xcode.app/Contents/Developer/Platforms/MacOSX.platform/Developer/SDKs/MacOSX26.1.sdk/usr/include/Darwin_Mach.modulemap
/Applications/Xcode.app/Contents/Developer/Platforms/MacOSX.platform/Developer/SDKs/MacOSX26.1.sdk/usr/include/Darwin_Mach_machine.modulemap
/Applications/Xcode.app/Contents/Developer/Platforms/MacOSX.platform/Developer/SDKs/MacOSX26.1.sdk/usr/include/mach_debug.modulemap
/Applications/Xcode.app/Contents/Developer/Platforms/MacOSX.platform/Developer/SDKs/MacOSX26.1.sdk/usr/include/device.modulemap
/Applications/Xcode.app/Contents/Developer/Platforms/MacOSX.platform/Developer/SDKs/MacOSX26.1.sdk/usr/include/Darwin_machine.modulemap
/Applications/Xcode.app/Contents/Developer/Platforms/MacOSX.platform/Developer/SDKs/MacOSX26.1.sdk/usr/include/ncurses.modulemap
/Applications/Xcode.app/Contents/Developer/Platforms/MacOSX.platform/Developer/SDKs/MacOSX26.1.sdk/usr/include/netinet6.modulemap
/Applications/Xcode.app/Contents/Developer/Platforms/MacOSX.platform/Developer/SDKs/MacOSX26.1.sdk/usr/include/Darwin_sys.modulemap
/Applications/Xcode.app/Contents/Developer/Platforms/MacOSX.platform/Developer/SDKs/MacOSX26.1.sdk/usr/include/uuid.modulemap
/Applications/Xcode.app/Contents/Developer/Platforms/MacOSX.platform/Developer/SDKs/MacOSX26.1.sdk/usr/include/DarwinFoundation2.modulemap
/Applications/Xcode.app/Contents/Developer/Platforms/MacOSX.platform/Developer/SDKs/MacOSX26.1.sdk/usr/include/DarwinFoundation1.modulemap
/Applications/Xcode.app/Contents/Developer/Platforms/MacOSX.platform/Developer/SDKs/MacOSX26.1.sdk/System/Library/Frameworks/IOKit.framework/Headers/IOMapTypes.h
/Applications/Xcode.app/Contents/Developer/Platforms/MacOSX.platform/Developer/SDKs/MacOSX26.1.sdk/System/Library/Frameworks/IOKit.framework/Headers/IOTypes.h
/Applications/Xcode.app/Contents/Developer/Toolchains/XcodeDefault.xctoolchain/usr/lib/swift/clang/include/module.modulemap
/Applications/Xcode.app/Contents/Developer/Platforms/MacOSX.platform/Developer/SDKs/MacOSX26.1.sdk/System/Library/Frameworks/IOKit.framework/Headers/IOKitKeys.h
/Applications/Xcode.app/Contents/Developer/Platforms/MacOSX.platform/Developer/SDKs/MacOSX26.1.sdk/System/Library/Frameworks/IOKit.framework/Headers/OSMessageNotification.h
/Applications/Xcode.app/Contents/Developer/Platforms/MacOSX.platform/Developer/SDKs/MacOSX26.1.sdk/System/Library/Frameworks/IOKit.framework/Headers/IOKitLib.h
/Applications/Xcode.app/Contents/Developer/Platforms/MacOSX.platform/Developer/SDKs/MacOSX26.1.sdk/System/Library/Frameworks/CoreFoundation.framework/Modules/module.modulemap
/Applications/Xcode.app/Contents/Developer/Platforms/MacOSX.platform/Developer/SDKs/MacOSX26.1.sdk/System/Library/Frameworks/IOKit.framework/Headers/IOBSD.h
/Applications/Xcode.app/Contents/Developer/Platforms/MacOSX.platform/Developer/SDKs/MacOSX26.1.sdk/System/Library/Frameworks/IOKit.framework/Headers/IODataQueueClient.h
/Applications/Xcode.app/Contents/Developer/Platforms/MacOSX.platform/Developer/SDKs/MacOSX26.1.sdk/System/Library/Frameworks/IOKit.framework/Headers/IODataQueueShared.h
/Applications/Xcode.app/Contents/Developer/Platforms/MacOSX.platform/Developer/SDKs/MacOSX26.1.sdk/System/Library/Frameworks/IOKit.framework/Headers/IOCFBundle.h
/Applications/Xcode.app/Contents/Developer/Platforms/MacOSX.platform/Developer/SDKs/MacOSX26.1.sdk/System/Library/Frameworks/IOKit.framework/Headers/IOSharedLock.h
/Applications/Xcode.app/Contents/Developer/Platforms/MacOSX.platform/Developer/SDKs/MacOSX26.1.sdk/System/Library/Frameworks/IOKit.framework/Headers/IOCFPlugIn.h
/Applications/Xcode.app/Contents/Developer/Platforms/MacOSX.platform/Developer/SDKs/MacOSX26.1.sdk/System/Library/Frameworks/IOKit.framework/Headers/IOCFSerialize.h
/Applications/Xcode.app/Contents/Developer/Platforms/MacOSX.platform/Developer/SDKs/MacOSX26.1.sdk/System/Library/Frameworks/IOKit.framework/Headers/IOCFURLAccess.h
/Applications/Xcode.app/Contents/Developer/Platforms/MacOSX.platform/Developer/SDKs/MacOSX26.1.sdk/System/Library/Frameworks/IOKit.framework/Headers/IOKitServer.h
/Applications/Xcode.app/Contents/Developer/Platforms/MacOSX.platform/Developer/SDKs/MacOSX26.1.sdk/System/Library/Frameworks/IOKit.framework/Headers/IOCFUnserialize.h
/Applications/Xcode.app/Contents/Developer/Platforms/MacOSX.platform/Developer/SDKs/MacOSX26.1.sdk/System/Library/Frameworks/IOKit.framework/Headers/IOMessage.h
/Applications/Xcode.app/Contents/Developer/Platforms/MacOSX.platform/Developer/SDKs/MacOSX26.1.sdk/System/Library/Frameworks/IOKit.framework/Headers/IORPC.h
/Applications/Xcode.app/Contents/Developer/Platforms/MacOSX.platform/Developer/SDKs/MacOSX26.1.sdk/System/Library/Frameworks/IOKit.framework/Headers/IOUserServer.h
/Applications/Xcode.app/Contents/Developer/Platforms/MacOSX.platform/Developer/SDKs/MacOSX26.1.sdk/System/Library/Frameworks/IOKit.framework/Headers/audio/IOAudioDefines.h
/Applications/Xcode.app/Contents/Developer/Platforms/MacOSX.platform/Developer/SDKs/MacOSX26.1.sdk/System/Library/Frameworks/IOKit.framework/Headers/audio/IOAudioLib.h
/Applications/Xcode.app/Contents/Developer/Platforms/MacOSX.platform/Developer/SDKs/MacOSX26.1.sdk/System/Library/Frameworks/IOKit.framework/Headers/audio/IOAudioTypes.h
/Applications/Xcode.app/Contents/Developer/Platforms/MacOSX.platform/Developer/SDKs/MacOSX26.1.sdk/System/Library/Frameworks/IOKit.framework/Headers/avc/IOFireWireAVCConsts.h
/Applications/Xcode.app/Contents/Developer/Platforms/MacOSX.platform/Developer/SDKs/MacOSX26.1.sdk/System/Library/Frameworks/IOKit.framework/Headers/avc/IOFireWireAVCLib.h
/Applications/Xcode.app/Contents/Developer/Platforms/MacOSX.platform/Developer/SDKs/MacOSX26.1.sdk/System/Library/Frameworks/IOKit.framework/Headers/firewire/IOFireWireFamilyCommon.h
/Applications/Xcode.app/Contents/Developer/Platforms/MacOSX.platform/Developer/SDKs/MacOSX26.1.sdk/System/Library/Frameworks/IOKit.framework/Headers/firewire/IOFireWireLib.h
/Applications/Xcode.app/Contents/Developer/Platforms/MacOSX.platform/Developer/SDKs/MacOSX26.1.sdk/System/Library/Frameworks/IOKit.framework/Headers/firewire/IOFireWireLibIsoch.h
/Applications/Xcode.app/Contents/Developer/Platforms/MacOSX.platform/Developer/SDKs/MacOSX26.1.sdk/System/Library/Frameworks/IOKit.framework/Headers/graphics/IOAccelClientConnect.h
/Applications/Xcode.app/Contents/Developer/Platforms/MacOSX.platform/Developer/SDKs/MacOSX26.1.sdk/System/Library/Frameworks/IOKit.framework/Headers/graphics/IOGraphicsInterface.h
/Applications/Xcode.app/Contents/Developer/Platforms/MacOSX.platform/Developer/SDKs/MacOSX26.1.sdk/System/Library/Frameworks/IOKit.framework/Headers/graphics/IOGraphicsInterfaceTypes.h
/Applications/Xcode.app/Contents/Developer/Platforms/MacOSX.platform/Developer/SDKs/MacOSX26.1.sdk/System/Library/Frameworks/IOKit.framework/Headers/graphics/IOAccelSurfaceConnect.h
/Applications/Xcode.app/Contents/Developer/Platforms/MacOSX.platform/Developer/SDKs/MacOSX26.1.sdk/System/Library/Frameworks/IOKit.framework/Headers/graphics/IOAccelTypes.h
/Applications/Xcode.app/Contents/Developer/Platforms/MacOSX.platform/Developer/SDKs/MacOSX26.1.sdk/System/Library/Frameworks/IOKit.framework/Headers/graphics/IOGraphicsLib.h
/Applications/Xcode.app/Contents/Developer/Platforms/MacOSX.platform/Developer/SDKs/MacOSX26.1.sdk/System/Library/Frameworks/IOKit.framework/Headers/graphics/IOFramebufferShared.h
/Applications/Xcode.app/Contents/Developer/Platforms/MacOSX.platform/Developer/SDKs/MacOSX26.1.sdk/System/Library/Frameworks/IOKit.framework/Headers/hidsystem/IOHIDTypes.h
/Applications/Xcode.app/Contents/Developer/Platforms/MacOSX.platform/Developer/SDKs/MacOSX26.1.sdk/System/Library/Frameworks/IOKit.framework/Headers/graphics/IOGraphicsTypes.h
/Applications/Xcode.app/Contents/Developer/Platforms/MacOSX.platform/Developer/SDKs/MacOSX26.1.sdk/System/Library/Frameworks/IOKit.framework/Headers/graphics/IOGraphicsEngine.h
/Applications/Xcode.app/Contents/Developer/Platforms/MacOSX.platform/Developer/SDKs/MacOSX26.1.sdk/System/Library/Frameworks/IOKit.framework/Headers/hid/IOHIDBase.h
/Applications/Xcode.app/Contents/Developer/Platforms/MacOSX.platform/Developer/SDKs/MacOSX26.1.sdk/System/Library/Frameworks/IOKit.framework/Headers/hid/IOHIDKeys.h
/Applications/Xcode.app/Contents/Developer/Platforms/MacOSX.platform/Developer/SDKs/MacOSX26.1.sdk/System/Library/Frameworks/IOKit.framework/Headers/hidsystem/IOHIDParameter.h
/Applications/Xcode.app/Contents/Developer/Platforms/MacOSX.platform/Developer/SDKs/MacOSX26.1.sdk/System/Library/Frameworks/IOKit.framework/Headers/hidsystem/IOLLEvent.h
/Applications/Xcode.app/Contents/Developer/Platforms/MacOSX.platform/Developer/SDKs/MacOSX26.1.sdk/System/Library/Frameworks/IOKit.framework/Headers/hid/IOHIDProperties.h
/Applications/Xcode.app/Contents/Developer/Platforms/MacOSX.platform/Developer/SDKs/MacOSX26.1.sdk/System/Library/Frameworks/IOKit.framework/Headers/hid/IOHIDEventServiceKeys.h
/Applications/Xcode.app/Contents/Developer/Platforms/MacOSX.platform/Developer/SDKs/MacOSX26.1.sdk/System/Library/Frameworks/IOKit.framework/Headers/hid/IOHIDDeviceTypes.h
/Applications/Xcode.app/Contents/Developer/Platforms/MacOSX.platform/Developer/SDKs/MacOSX26.1.sdk/System/Library/Frameworks/IOKit.framework/Headers/hid/IOHIDDeviceKeys.h
/Applications/Xcode.app/Contents/Developer/Platforms/MacOSX.platform/Developer/SDKs/MacOSX26.1.sdk/System/Library/Frameworks/IOKit.framework/Headers/hid/IOHIDQueue.h
/Applications/Xcode.app/Contents/Developer/Platforms/MacOSX.platform/Developer/SDKs/MacOSX26.1.sdk/System/Library/Frameworks/IOKit.framework/Headers/hid/IOHIDDevice.h
/Applications/Xcode.app/Contents/Developer/Platforms/MacOSX.platform/Developer/SDKs/MacOSX26.1.sdk/System/Library/Frameworks/IOKit.framework/Headers/hid/IOHIDLib.h
/Applications/Xcode.app/Contents/Developer/Platforms/MacOSX.platform/Developer/SDKs/MacOSX26.1.sdk/System/Library/Frameworks/IOKit.framework/Headers/hid/IOHIDElement.h
/Applications/Xcode.app/Contents/Developer/Platforms/MacOSX.platform/Developer/SDKs/MacOSX26.1.sdk/System/Library/Frameworks/IOKit.framework/Headers/hid/IOHIDLibObsolete.h
/Applications/Xcode.app/Contents/Developer/Platforms/MacOSX.platform/Developer/SDKs/MacOSX26.1.sdk/System/Library/Frameworks/IOKit.framework/Headers/hid/IOHIDManager.h
/Applications/Xcode.app/Contents/Developer/Platforms/MacOSX.platform/Developer/SDKs/MacOSX26.1.sdk/System/Library/Frameworks/IOKit.framework/Headers/hid/IOHIDUsageTables.h
/Applications/Xcode.app/Contents/Developer/Platforms/MacOSX.platform/Developer/SDKs/MacOSX26.1.sdk/System/Library/Frameworks/IOKit.framework/Headers/hid/IOHIDValue.h
/Applications/Xcode.app/Contents/Developer/Platforms/MacOSX.platform/Developer/SDKs/MacOSX26.1.sdk/System/Library/Frameworks/IOKit.framework/Headers/hid/IOHIDTransaction.h
/Applications/Xcode.app/Contents/Developer/Platforms/MacOSX.platform/Developer/SDKs/MacOSX26.1.sdk/System/Library/Frameworks/IOKit.framework/Headers/hid/IOHIDDevicePlugIn.h
/Applications/Xcode.app/Contents/Developer/Platforms/MacOSX.platform/Developer/SDKs/MacOSX26.1.sdk/System/Library/Frameworks/IOKit.framework/Headers/hid/IOHIDEventServiceTypes.h
/Applications/Xcode.app/Contents/Developer/Platforms/MacOSX.platform/Developer/SDKs/MacOSX26.1.sdk/System/Library/Frameworks/IOKit.framework/Headers/hidsystem/IOHIDLib.h
/Applications/Xcode.app/Contents/Developer/Platforms/MacOSX.platform/Developer/SDKs/MacOSX26.1.sdk/System/Library/Frameworks/IOKit.framework/Headers/hidsystem/IOHIDShared.h
/Applications/Xcode.app/Contents/Developer/Platforms/MacOSX.platform/Developer/SDKs/MacOSX26.1.sdk/System/Library/Frameworks/IOKit.framework/Headers/hidsystem/event_status_driver.h
/Applications/Xcode.app/Contents/Developer/Platforms/MacOSX.platform/Developer/SDKs/MacOSX26.1.sdk/System/Library/Frameworks/IOKit.framework/Headers/hidsystem/ev_keymap.h
/Applications/Xcode.app/Contents/Developer/Platforms/MacOSX.platform/Developer/SDKs/MacOSX26.1.sdk/System/Library/Frameworks/IOKit.framework/Headers/hidsystem/IOHIDEventSystemClient.h
/Applications/Xcode.app/Contents/Developer/Platforms/MacOSX.platform/Developer/SDKs/MacOSX26.1.sdk/System/Library/Frameworks/IOKit.framework/Headers/hidsystem/IOHIDServiceClient.h
/Applications/Xcode.app/Contents/Developer/Platforms/MacOSX.platform/Developer/SDKs/MacOSX26.1.sdk/System/Library/Frameworks/IOKit.framework/Headers/hidsystem/IOHIDUserDevice.h
/Applications/Xcode.app/Contents/Developer/Platforms/MacOSX.platform/Developer/SDKs/MacOSX26.1.sdk/System/Library/Frameworks/IOKit.framework/Headers/i2c/IOI2CInterface.h
/Applications/Xcode.app/Contents/Developer/Platforms/MacOSX.platform/Developer/SDKs/MacOSX26.1.sdk/System/Library/Frameworks/IOKit.framework/Headers/kext/KextManager.h
/Applications/Xcode.app/Contents/Developer/Platforms/MacOSX.platform/Developer/SDKs/MacOSX26.1.sdk/System/Library/Frameworks/IOKit.framework/Headers/network/IOEthernetController.h
/Applications/Xcode.app/Contents/Developer/Platforms/MacOSX.platform/Developer/SDKs/MacOSX26.1.sdk/System/Library/Frameworks/IOKit.framework/Headers/network/IONetworkController.h
/Applications/Xcode.app/Contents/Developer/Platforms/MacOSX.platform/Developer/SDKs/MacOSX26.1.sdk/System/Library/Frameworks/IOKit.framework/Headers/network/IONetworkData.h
/Applications/Xcode.app/Contents/Developer/Platforms/MacOSX.platform/Developer/SDKs/MacOSX26.1.sdk/System/Library/Frameworks/IOKit.framework/Headers/network/IONetworkStack.h
/Applications/Xcode.app/Contents/Developer/Platforms/MacOSX.platform/Developer/SDKs/MacOSX26.1.sdk/System/Library/Frameworks/IOKit.framework/Headers/network/IOEthernetInterface.h
/Applications/Xcode.app/Contents/Developer/Platforms/MacOSX.platform/Developer/SDKs/MacOSX26.1.sdk/System/Library/Frameworks/IOKit.framework/Headers/network/IONetworkInterface.h
/Applications/Xcode.app/Contents/Developer/Platforms/MacOSX.platform/Developer/SDKs/MacOSX26.1.sdk/System/Library/Frameworks/IOKit.framework/Headers/network/IONetworkStats.h
/Applications/Xcode.app/Contents/Developer/Platforms/MacOSX.platform/Developer/SDKs/MacOSX26.1.sdk/System/Library/Frameworks/IOKit.framework/Headers/network/IOEthernetStats.h
/Applications/Xcode.app/Contents/Developer/Platforms/MacOSX.platform/Developer/SDKs/MacOSX26.1.sdk/System/Library/Frameworks/IOKit.framework/Headers/network/IONetworkLib.h
/Applications/Xcode.app/Contents/Developer/Platforms/MacOSX.platform/Developer/SDKs/MacOSX26.1.sdk/System/Library/Frameworks/IOKit.framework/Headers/network/IONetworkMedium.h
/Applications/Xcode.app/Contents/Developer/Platforms/MacOSX.platform/Developer/SDKs/MacOSX26.1.sdk/System/Library/Frameworks/IOKit.framework/Headers/network/IONetworkUserClient.h
/Applications/Xcode.app/Contents/Developer/Platforms/MacOSX.platform/Developer/SDKs/MacOSX26.1.sdk/System/Library/Frameworks/IOKit.framework/Headers/ps/IOPSKeys.h
/Applications/Xcode.app/Contents/Developer/Platforms/MacOSX.platform/Developer/SDKs/MacOSX26.1.sdk/System/Library/Frameworks/IOKit.framework/Headers/ps/IOPowerSources.h
/Applications/Xcode.app/Contents/Developer/Platforms/MacOSX.platform/Developer/SDKs/MacOSX26.1.sdk/System/Library/Frameworks/IOKit.framework/Headers/ps/IOUPSPlugIn.h
/Applications/Xcode.app/Contents/Developer/Platforms/MacOSX.platform/Developer/SDKs/MacOSX26.1.sdk/System/Library/Frameworks/IOKit.framework/Headers/pwr_mgt/IOPM.h
/Applications/Xcode.app/Contents/Developer/Platforms/MacOSX.platform/Developer/SDKs/MacOSX26.1.sdk/System/Library/Frameworks/IOKit.framework/Headers/pwr_mgt/IOPMKeys.h
/Applications/Xcode.app/Contents/Developer/Platforms/MacOSX.platform/Developer/SDKs/MacOSX26.1.sdk/System/Library/Frameworks/IOKit.framework/Headers/pwr_mgt/IOPMLib.h
/Applications/Xcode.app/Contents/Developer/Platforms/MacOSX.platform/Developer/SDKs/MacOSX26.1.sdk/System/Library/Frameworks/IOKit.framework/Headers/pwr_mgt/IOPMLibDefs.h
/Applications/Xcode.app/Contents/Developer/Platforms/MacOSX.platform/Developer/SDKs/MacOSX26.1.sdk/System/Library/Frameworks/IOKit.framework/Headers/sbp2/IOFireWireSBP2Lib.h
/Applications/Xcode.app/Contents/Developer/Platforms/MacOSX.platform/Developer/SDKs/MacOSX26.1.sdk/System/Library/Frameworks/IOKit.framework/Headers/scsi/IOSCSIMultimediaCommandsDevice.h
/Applications/Xcode.app/Contents/Developer/Platforms/MacOSX.platform/Developer/SDKs/MacOSX26.1.sdk/System/Library/Frameworks/IOKit.framework/Headers/storage/IOStorageDeviceCharacteristics.h
/Applications/Xcode.app/Contents/Developer/Platforms/MacOSX.platform/Developer/SDKs/MacOSX26.1.sdk/System/Library/Frameworks/IOKit.framework/Headers/storage/IOStorageProtocolCharacteristics.h
/Applications/Xcode.app/Contents/Developer/Platforms/MacOSX.platform/Developer/SDKs/MacOSX26.1.sdk/System/Library/Frameworks/IOKit.framework/Headers/storage/IOStorageControllerCharacteristics.h
/Applications/Xcode.app/Contents/Developer/Platforms/MacOSX.platform/Developer/SDKs/MacOSX26.1.sdk/System/Library/Frameworks/IOKit.framework/Headers/scsi/SCSICmds_REQUEST_SENSE_Defs.h
/Applications/Xcode.app/Contents/Developer/Platforms/MacOSX.platform/Developer/SDKs/MacOSX26.1.sdk/System/Library/Frameworks/IOKit.framework/Headers/scsi/SCSICmds_INQUIRY_Definitions.h
/Applications/Xcode.app/Contents/Developer/Platforms/MacOSX.platform/Developer/SDKs/MacOSX26.1.sdk/System/Library/Frameworks/IOKit.framework/Headers/scsi/SCSICommandDefinitions.h
/Applications/Xcode.app/Contents/Developer/Platforms/MacOSX.platform/Developer/SDKs/MacOSX26.1.sdk/System/Library/Frameworks/IOKit.framework/Headers/scsi/SCSICmds_MODE_Definitions.h
/Applications/Xcode.app/Contents/Developer/Platforms/MacOSX.platform/Developer/SDKs/MacOSX26.1.sdk/System/Library/Frameworks/IOKit.framework/Headers/scsi/SCSICommandOperationCodes.h
/Applications/Xcode.app/Contents/Developer/Platforms/MacOSX.platform/Developer/SDKs/MacOSX26.1.sdk/System/Library/Frameworks/IOKit.framework/Headers/scsi/SCSICmds_READ_CAPACITY_Definitions.h
/Applications/Xcode.app/Contents/Developer/Platforms/MacOSX.platform/Developer/SDKs/MacOSX26.1.sdk/System/Library/Frameworks/IOKit.framework/Headers/scsi/SCSITask.h
/Applications/Xcode.app/Contents/Developer/Platforms/MacOSX.platform/Developer/SDKs/MacOSX26.1.sdk/System/Library/Frameworks/IOKit.framework/Headers/scsi/SCSICmds_REPORT_LUNS_Definitions.h
/Applications/Xcode.app/Contents/Developer/Platforms/MacOSX.platform/Developer/SDKs/MacOSX26.1.sdk/System/Library/Frameworks/IOKit.framework/Headers/scsi/SCSITaskLib.h
/Applications/Xcode.app/Contents/Developer/Platforms/MacOSX.platform/Developer/SDKs/MacOSX26.1.sdk/System/Library/Frameworks/IOKit.framework/Headers/serial/IOSerialKeys.h
/Applications/Xcode.app/Contents/Developer/Platforms/MacOSX.platform/Developer/SDKs/MacOSX26.1.sdk/System/Library/Frameworks/IOKit.framework/Headers/serial/ioss.h
/Applications/Xcode.app/Contents/Developer/Platforms/MacOSX.platform/Developer/SDKs/MacOSX26.1.sdk/System/Library/Frameworks/IOKit.framework/Headers/storage/IOAppleLabelScheme.h
/Applications/Xcode.app/Contents/Developer/Platforms/MacOSX.platform/Developer/SDKs/MacOSX26.1.sdk/System/Library/Frameworks/IOKit.framework/Headers/storage/IODVDMediaBSDClient.h
/Applications/Xcode.app/Contents/Developer/Platforms/MacOSX.platform/Developer/SDKs/MacOSX26.1.sdk/System/Library/Frameworks/IOKit.framework/Headers/storage/IODVDTypes.h
/Applications/Xcode.app/Contents/Developer/Platforms/MacOSX.platform/Developer/SDKs/MacOSX26.1.sdk/System/Library/Frameworks/IOKit.framework/Headers/storage/IOApplePartitionScheme.h
/Applications/Xcode.app/Contents/Developer/Platforms/MacOSX.platform/Developer/SDKs/MacOSX26.1.sdk/System/Library/Frameworks/IOKit.framework/Headers/storage/IOBDBlockStorageDevice.h
/Applications/Xcode.app/Contents/Developer/Platforms/MacOSX.platform/Developer/SDKs/MacOSX26.1.sdk/System/Library/Frameworks/IOKit.framework/Headers/storage/IOBDTypes.h
/Applications/Xcode.app/Contents/Developer/Platforms/MacOSX.platform/Developer/SDKs/MacOSX26.1.sdk/System/Library/Frameworks/IOKit.framework/Headers/storage/IOFDiskPartitionScheme.h
/Applications/Xcode.app/Contents/Developer/Platforms/MacOSX.platform/Developer/SDKs/MacOSX26.1.sdk/System/Library/Frameworks/IOKit.framework/Headers/storage/IOBDMedia.h
/Applications/Xcode.app/Contents/Developer/Platforms/MacOSX.platform/Developer/SDKs/MacOSX26.1.sdk/System/Library/Frameworks/IOKit.framework/Headers/storage/IOFilterScheme.h
/Applications/Xcode.app/Contents/Developer/Platforms/MacOSX.platform/Developer/SDKs/MacOSX26.1.sdk/System/Library/Frameworks/IOKit.framework/Headers/storage/IOBDMediaBSDClient.h
/Applications/Xcode.app/Contents/Developer/Platforms/MacOSX.platform/Developer/SDKs/MacOSX26.1.sdk/System/Library/Frameworks/IOKit.framework/Headers/storage/IOFireWireStorageCharacteristics.h
/Applications/Xcode.app/Contents/Developer/Platforms/MacOSX.platform/Developer/SDKs/MacOSX26.1.sdk/System/Library/Frameworks/IOKit.framework/Headers/storage/IOGUIDPartitionScheme.h
/Applications/Xcode.app/Contents/Developer/Platforms/MacOSX.platform/Developer/SDKs/MacOSX26.1.sdk/System/Library/Frameworks/IOKit.framework/Headers/storage/IOBlockStorageDevice.h
/Applications/Xcode.app/Contents/Developer/Platforms/MacOSX.platform/Developer/SDKs/MacOSX26.1.sdk/System/Library/Frameworks/IOKit.framework/Headers/storage/IOMedia.h
/Applications/Xcode.app/Contents/Developer/Platforms/MacOSX.platform/Developer/SDKs/MacOSX26.1.sdk/System/Library/Frameworks/IOKit.framework/Headers/storage/IOBlockStorageDriver.h
/Applications/Xcode.app/Contents/Developer/Platforms/MacOSX.platform/Developer/SDKs/MacOSX26.1.sdk/System/Library/Frameworks/IOKit.framework/Headers/storage/IOMediaBSDClient.h
/Applications/Xcode.app/Contents/Developer/Platforms/MacOSX.platform/Developer/SDKs/MacOSX26.1.sdk/System/Library/Frameworks/IOKit.framework/Headers/storage/IOCDBlockStorageDevice.h
/Applications/Xcode.app/Contents/Developer/Platforms/MacOSX.platform/Developer/SDKs/MacOSX26.1.sdk/System/Library/Frameworks/IOKit.framework/Headers/storage/IOCDTypes.h
/Applications/Xcode.app/Contents/Developer/Platforms/MacOSX.platform/Developer/SDKs/MacOSX26.1.sdk/System/Library/Frameworks/IOKit.framework/Headers/storage/IOPartitionScheme.h
/Applications/Xcode.app/Contents/Developer/Platforms/MacOSX.platform/Developer/SDKs/MacOSX26.1.sdk/System/Library/Frameworks/IOKit.framework/Headers/storage/IOCDMedia.h
/Applications/Xcode.app/Contents/Developer/Platforms/MacOSX.platform/Developer/SDKs/MacOSX26.1.sdk/System/Library/Frameworks/IOKit.framework/Headers/storage/IOStorage.h
/Applications/Xcode.app/Contents/Developer/Platforms/MacOSX.platform/Developer/SDKs/MacOSX26.1.sdk/System/Library/Frameworks/IOKit.framework/Headers/storage/IOCDMediaBSDClient.h
/Applications/Xcode.app/Contents/Developer/Platforms/MacOSX.platform/Developer/SDKs/MacOSX26.1.sdk/System/Library/Frameworks/IOKit.framework/Headers/storage/IOStorageCardCharacteristics.h
/Applications/Xcode.app/Contents/Developer/Platforms/MacOSX.platform/Developer/SDKs/MacOSX26.1.sdk/System/Library/Frameworks/IOKit.framework/Headers/storage/IOCDPartitionScheme.h
/Applications/Xcode.app/Contents/Developer/Platforms/MacOSX.platform/Developer/SDKs/MacOSX26.1.sdk/System/Library/Frameworks/IOKit.framework/Headers/storage/IODVDBlockStorageDevice.h
/Applications/Xcode.app/Contents/Developer/Platforms/MacOSX.platform/Developer/SDKs/MacOSX26.1.sdk/System/Library/Frameworks/IOKit.framework/Headers/storage/IODVDMedia.h
/Applications/Xcode.app/Contents/Developer/Platforms/MacOSX.platform/Developer/SDKs/MacOSX26.1.sdk/System/Library/Frameworks/IOKit.framework/Headers/storage/ata/ATASMARTLib.h
/Applications/Xcode.app/Contents/Developer/Platforms/MacOSX.platform/Developer/SDKs/MacOSX26.1.sdk/System/Library/Frameworks/IOKit.framework/Headers/storage/ata/IOATAStorageDefines.h
/Applications/Xcode.app/Contents/Developer/Platforms/MacOSX.platform/Developer/SDKs/MacOSX26.1.sdk/System/Library/Frameworks/IOKit.framework/Headers/stream/IOStreamLib.h
/Applications/Xcode.app/Contents/Developer/Platforms/MacOSX.platform/Developer/SDKs/MacOSX26.1.sdk/System/Library/Frameworks/IOKit.framework/Headers/stream/IOStreamShared.h
/Applications/Xcode.app/Contents/Developer/Platforms/MacOSX.platform/Developer/SDKs/MacOSX26.1.sdk/System/Library/Frameworks/IOKit.framework/Headers/usb/AppleUSBDefinitions.h
/Applications/Xcode.app/Contents/Developer/Platforms/MacOSX.platform/Developer/SDKs/MacOSX26.1.sdk/System/Library/Frameworks/IOKit.framework/Headers/usb/IOUSBHostFamilyDefinitions.h
/Applications/Xcode.app/Contents/Developer/Platforms/MacOSX.platform/Developer/SDKs/MacOSX26.1.sdk/System/Library/Frameworks/IOKit.framework/Headers/usb/IOUSBLib.h
/Applications/Xcode.app/Contents/Developer/Platforms/MacOSX.platform/Developer/SDKs/MacOSX26.1.sdk/System/Library/Frameworks/IOKit.framework/Headers/usb/USB.h
/Applications/Xcode.app/Contents/Developer/Platforms/MacOSX.platform/Developer/SDKs/MacOSX26.1.sdk/System/Library/Frameworks/IOKit.framework/Headers/usb/USBSpec.h
/Applications/Xcode.app/Contents/Developer/Platforms/MacOSX.platform/Developer/SDKs/MacOSX26.1.sdk/SDKSettings.json
/Applications/Xcode.app/Contents/Developer/Platforms/MacOSX.platform/Developer/SDKs/MacOSX26.1.sdk/usr/include/DarwinBasic.modulemap
/Applications/Xcode.app/Contents/Developer/Platforms/MacOSX.platform/Developer/SDKs/MacOSX26.1.sdk/usr/include/Darwin.modulemap
/Applications/Xcode.app/Contents/Developer/Platforms/MacOSX.platform/Developer/SDKs/MacOSX26.1.sdk/usr/include/Darwin_C.modulemap
/Applications/Xcode.app/Contents/Developer/Platforms/MacOSX.platform/Developer/SDKs/MacOSX26.1.sdk/usr/include/Darwin_POSIX.modulemap
/Applications/Xcode.app/Contents/Developer/Platforms/MacOSX.platform/Developer/SDKs/MacOSX26.1.sdk/usr/include/net.modulemap
/Applications/Xcode.app/Contents/Developer/Platforms/MacOSX.platform/Developer/SDKs/MacOSX26.1.sdk/usr/include/netinet.modulemap
/Applications/Xcode.app/Contents/Developer/Platforms/MacOSX.platform/Developer/SDKs/MacOSX26.1.sdk/usr/include/bank.modulemap
/Applications/Xcode.app/Contents/Developer/Platforms/MacOSX.platform/Developer/SDKs/MacOSX26.1.sdk/usr/include/Darwin_Mach.modulemap
/Applications/Xcode.app/Contents/Developer/Platforms/MacOSX.platform/Developer/SDKs/MacOSX26.1.sdk/usr/include/Darwin_Mach_machine.modulemap
/Applications/Xcode.app/Contents/Developer/Platforms/MacOSX.platform/Developer/SDKs/MacOSX26.1.sdk/usr/include/mach_debug.modulemap
/Applications/Xcode.app/Contents/Developer/Platforms/MacOSX.platform/Developer/SDKs/MacOSX26.1.sdk/usr/include/device.modulemap
/Applications/Xcode.app/Contents/Developer/Platforms/MacOSX.platform/Developer/SDKs/MacOSX26.1.sdk/usr/include/Darwin_machine.modulemap
/Applications/Xcode.app/Contents/Developer/Platforms/MacOSX.platform/Developer/SDKs/MacOSX26.1.sdk/usr/include/ncurses.modulemap
/Applications/Xcode.app/Contents/Developer/Platforms/MacOSX.platform/Developer/SDKs/MacOSX26.1.sdk/usr/include/netinet6.modulemap
/Applications/Xcode.app/Contents/Developer/Platforms/MacOSX.platform/Developer/SDKs/MacOSX26.1.sdk/usr/include/Darwin_sys.modulemap
/Applications/Xcode.app/Contents/Developer/Platforms/MacOSX.platform/Developer/SDKs/MacOSX26.1.sdk/usr/include/uuid.modulemap
/Applications/Xcode.app/Contents/Developer/Platforms/MacOSX.platform/Developer/SDKs/MacOSX26.1.sdk/usr/include/DarwinFoundation2.modulemap
/Applications/Xcode.app/Contents/Developer/Platforms/MacOSX.platform/Developer/SDKs/MacOSX26.1.sdk/usr/include/DarwinFoundation3.modulemap
/Applications/Xcode.app/Contents/Developer/Platforms/MacOSX.platform/Developer/SDKs/MacOSX26.1.sdk/usr/include/DarwinFoundation1.modulemap
/Applications/Xcode.app/Contents/Developer/Platforms/MacOSX.platform/Developer/SDKs/MacOSX26.1.sdk/usr/include/mach-o/arch.h
/Applications/Xcode.app/Contents/Developer/Toolchains/XcodeDefault.xctoolchain/usr/lib/swift/clang/include/module.modulemap
/Applications/Xcode.app/Contents/Developer/Platforms/MacOSX.platform/Developer/SDKs/MacOSX26.1.sdk/usr/include/mach-o/arm/reloc.h
/Applications/Xcode.app/Contents/Developer/Platforms/MacOSX.platform/Developer/SDKs/MacOSX26.1.sdk/usr/include/mach-o/arm64/reloc.h
/Applications/Xcode.app/Contents/Developer/Platforms/MacOSX.platform/Developer/SDKs/MacOSX26.1.sdk/usr/include/mach-o/compact_unwind_encoding.h
/Applications/Xcode.app/Contents/Developer/Platforms/MacOSX.platform/Developer/SDKs/MacOSX26.1.sdk/usr/include/mach-o/dyld.h
/Applications/Xcode.app/Contents/Developer/Toolchains/XcodeDefault.xctoolchain/usr/lib/swift/clang/include/stddef.h
/Applications/Xcode.app/Contents/Developer/Platforms/MacOSX.platform/Developer/SDKs/MacOSX26.1.sdk/usr/include/mach-o/loader.h
/Applications/Xcode.app/Contents/Developer/Platforms/MacOSX.platform/Developer/SDKs/MacOSX26.1.sdk/usr/include/mach-o/dyld_images.h
/Applications/Xcode.app/Contents/Developer/Platforms/MacOSX.platform/Developer/SDKs/MacOSX26.1.sdk/usr/include/mach-o/fat.h
/Applications/Xcode.app/Contents/Developer/Platforms/MacOSX.platform/Developer/SDKs/MacOSX26.1.sdk/usr/include/mach-o/fixup-chains.h
/Applications/Xcode.app/Contents/Developer/Platforms/MacOSX.platform/Developer/SDKs/MacOSX26.1.sdk/usr/include/mach-o/getsect.h
/Applications/Xcode.app/Contents/Developer/Platforms/MacOSX.platform/Developer/SDKs/MacOSX26.1.sdk/usr/include/mach-o/ldsyms.h
/Applications/Xcode.app/Contents/Developer/Platforms/MacOSX.platform/Developer/SDKs/MacOSX26.1.sdk/usr/include/mach-o/nlist.h
/Applications/Xcode.app/Contents/Developer/Platforms/MacOSX.platform/Developer/SDKs/MacOSX26.1.sdk/usr/include/mach-o/ranlib.h
/Applications/Xcode.app/Contents/Developer/Platforms/MacOSX.platform/Developer/SDKs/MacOSX26.1.sdk/usr/include/mach-o/reloc.h
/Applications/Xcode.app/Contents/Developer/Platforms/MacOSX.platform/Developer/SDKs/MacOSX26.1.sdk/usr/include/mach-o/stab.h
/Applications/Xcode.app/Contents/Developer/Platforms/MacOSX.platform/Developer/SDKs/MacOSX26.1.sdk/usr/include/mach-o/swap.h
/Applications/Xcode.app/Contents/Developer/Platforms/MacOSX.platform/Developer/SDKs/MacOSX26.1.sdk/usr/include/mach-o/utils.h
/Applications/Xcode.app/Contents/Developer/Platforms/MacOSX.platform/Developer/SDKs/MacOSX26.1.sdk/usr/include/mach-o/x86_64/reloc.h
/Applications/Xcode.app/Contents/Developer/Platforms/MacOSX.platform/Developer/SDKs/MacOSX26.1.sdk/SDKSettings.json
/Applications/Xcode.app/Contents/Developer/Platforms/MacOSX.platform/Developer/SDKs/MacOSX26.1.sdk/usr/include/ObjectiveC.apinotes
/Applications/Xcode.app/Contents/Developer/Platforms/MacOSX.platform/Developer/SDKs/MacOSX26.1.sdk/usr/include/DarwinBasic.modulemap
/Applications/Xcode.app/Contents/Developer/Platforms/MacOSX.platform/Developer/SDKs/MacOSX26.1.sdk/usr/include/ObjectiveC.modulemap
/Applications/Xcode.app/Contents/Developer/Platforms/MacOSX.platform/Developer/SDKs/MacOSX26.1.sdk/usr/include/Darwin.modulemap
/Applications/Xcode.app/Contents/Developer/Platforms/MacOSX.platform/Developer/SDKs/MacOSX26.1.sdk/usr/include/Darwin_C.modulemap
/Applications/Xcode.app/Contents/Developer/Platforms/MacOSX.platform/Developer/SDKs/MacOSX26.1.sdk/usr/include/Darwin_POSIX.modulemap
/Applications/Xcode.app/Contents/Developer/Platforms/MacOSX.platform/Developer/SDKs/MacOSX26.1.sdk/usr/include/net.modulemap
/Applications/Xcode.app/Contents/Developer/Platforms/MacOSX.platform/Developer/SDKs/MacOSX26.1.sdk/usr/include/netinet.modulemap
/Applications/Xcode.app/Contents/Developer/Platforms/MacOSX.platform/Developer/SDKs/MacOSX26.1.sdk/usr/include/bank.modulemap
/Applications/Xcode.app/Contents/Developer/Platforms/MacOSX.platform/Developer/SDKs/MacOSX26.1.sdk/usr/include/Darwin_Mach.modulemap
/Applications/Xcode.app/Contents/Developer/Platforms/MacOSX.platform/Developer/SDKs/MacOSX26.1.sdk/usr/include/Darwin_Mach_machine.modulemap
/Applications/Xcode.app/Contents/Developer/Platforms/MacOSX.platform/Developer/SDKs/MacOSX26.1.sdk/usr/include/mach_debug.modulemap
/Applications/Xcode.app/Contents/Developer/Platforms/MacOSX.platform/Developer/SDKs/MacOSX26.1.sdk/usr/include/device.modulemap
/Applications/Xcode.app/Contents/Developer/Platforms/MacOSX.platform/Developer/SDKs/MacOSX26.1.sdk/usr/include/Darwin_machine.modulemap
/Applications/Xcode.app/Contents/Developer/Platforms/MacOSX.platform/Developer/SDKs/MacOSX26.1.sdk/usr/include/ncurses.modulemap
/Applications/Xcode.app/Contents/Developer/Platforms/MacOSX.platform/Developer/SDKs/MacOSX26.1.sdk/usr/include/netinet6.modulemap
/Applications/Xcode.app/Contents/Developer/Platforms/MacOSX.platform/Developer/SDKs/MacOSX26.1.sdk/usr/include/Darwin_sys.modulemap
/Applications/Xcode.app/Contents/Developer/Platforms/MacOSX.platform/Developer/SDKs/MacOSX26.1.sdk/usr/include/uuid.modulemap
/Applications/Xcode.app/Contents/Developer/Platforms/MacOSX.platform/Developer/SDKs/MacOSX26.1.sdk/usr/include/DarwinFoundation2.modulemap
/Applications/Xcode.app/Contents/Developer/Platforms/MacOSX.platform/Developer/SDKs/MacOSX26.1.sdk/usr/include/DarwinFoundation3.modulemap
/Applications/Xcode.app/Contents/Developer/Platforms/MacOSX.platform/Developer/SDKs/MacOSX26.1.sdk/usr/include/DarwinFoundation1.modulemap
/Applications/Xcode.app/Contents/Developer/Platforms/MacOSX.platform/Developer/SDKs/MacOSX26.1.sdk/usr/include/objc/List.h
/Applications/Xcode.app/Contents/Developer/Platforms/MacOSX.platform/Developer/SDKs/MacOSX26.1.sdk/usr/include/objc/NSObjCRuntime.h
/Applications/Xcode.app/Contents/Developer/Toolchains/XcodeDefault.xctoolchain/usr/lib/swift/clang/include/module.modulemap
/Applications/Xcode.app/Contents/Developer/Platforms/MacOSX.platform/Developer/SDKs/MacOSX26.1.sdk/usr/include/objc/objc.h
/Applications/Xcode.app/Contents/Developer/Platforms/MacOSX.platform/Developer/SDKs/MacOSX26.1.sdk/usr/include/stdlib.h
/Applications/Xcode.app/Contents/Developer/Platforms/MacOSX.platform/Developer/SDKs/MacOSX26.1.sdk/usr/include/objc/objc-api.h
/Applications/Xcode.app/Contents/Developer/Toolchains/XcodeDefault.xctoolchain/usr/lib/swift/clang/include/stddef.h
/Applications/Xcode.app/Contents/Developer/Platforms/MacOSX.platform/Developer/SDKs/MacOSX26.1.sdk/usr/include/objc/NSObject.h
/Applications/Xcode.app/Contents/Developer/Platforms/MacOSX.platform/Developer/SDKs/MacOSX26.1.sdk/usr/include/objc/Object.h
/Applications/Xcode.app/Contents/Developer/Toolchains/XcodeDefault.xctoolchain/usr/lib/swift/clang/include/stdarg.h
/Applications/Xcode.app/Contents/Developer/Platforms/MacOSX.platform/Developer/SDKs/MacOSX26.1.sdk/usr/include/objc/objc-runtime.h
/Applications/Xcode.app/Contents/Developer/Platforms/MacOSX.platform/Developer/SDKs/MacOSX26.1.sdk/usr/include/objc/runtime.h
/Applications/Xcode.app/Contents/Developer/Platforms/MacOSX.platform/Developer/SDKs/MacOSX26.1.sdk/usr/include/objc/message.h
/Applications/Xcode.app/Contents/Developer/Platforms/MacOSX.platform/Developer/SDKs/MacOSX26.1.sdk/usr/include/objc/Protocol.h
/Applications/Xcode.app/Contents/Developer/Platforms/MacOSX.platform/Developer/SDKs/MacOSX26.1.sdk/usr/include/objc/hashtable.h
/Applications/Xcode.app/Contents/Developer/Platforms/MacOSX.platform/Developer/SDKs/MacOSX26.1.sdk/usr/include/objc/hashtable2.h
/Applications/Xcode.app/Contents/Developer/Platforms/MacOSX.platform/Developer/SDKs/MacOSX26.1.sdk/usr/include/objc/objc-auto.h
/Applications/Xcode.app/Contents/Developer/Platforms/MacOSX.platform/Developer/SDKs/MacOSX26.1.sdk/usr/include/string.h
/Applications/Xcode.app/Contents/Developer/Platforms/MacOSX.platform/Developer/SDKs/MacOSX26.1.sdk/usr/include/objc/objc-class.h
/Applications/Xcode.app/Contents/Developer/Platforms/MacOSX.platform/Developer/SDKs/MacOSX26.1.sdk/usr/include/objc/objc-exception.h
/Applications/Xcode.app/Contents/Developer/Platforms/MacOSX.platform/Developer/SDKs/MacOSX26.1.sdk/usr/include/objc/objc-load.h
/Applications/Xcode.app/Contents/Developer/Platforms/MacOSX.platform/Developer/SDKs/MacOSX26.1.sdk/usr/include/objc/objc-sync.h
/Applications/Xcode.app/Contents/Developer/Platforms/MacOSX.platform/Developer/SDKs/MacOSX26.1.sdk/SDKSettings.json
/Applications/Xcode.app/Contents/Developer/Toolchains/XcodeDefault.xctoolchain/usr/lib/swift/macosx/prebuilt-modules/26.1/ObjectiveC.swiftmodule/arm64e-apple-macos.swiftmodule
/Applications/Xcode.app/Contents/Developer/Toolchains/XcodeDefault.xctoolchain/usr/lib/swift/macosx/prebuilt-modules/26.1/Observation.swiftmodule/arm64e-apple-macos.swiftmodule
/Applications/Xcode.app/Contents/Developer/Platforms/MacOSX.platform/Developer/SDKs/MacOSX26.1.sdk/System/Library/Frameworks/Security.framework/Headers/Security.apinotes
/Applications/Xcode.app/Contents/Developer/Platforms/MacOSX.platform/Developer/SDKs/MacOSX26.1.sdk/System/Library/Frameworks/Security.framework/Modules/module.modulemap
/Applications/Xcode.app/Contents/Developer/Platforms/MacOSX.platform/Developer/SDKs/MacOSX26.1.sdk/System/Library/Frameworks/Security.framework/Headers/Security.h
/Applications/Xcode.app/Contents/Developer/Platforms/MacOSX.platform/Developer/SDKs/MacOSX26.1.sdk/System/Library/Frameworks/Security.framework/Headers/SecBase.h
/Applications/Xcode.app/Contents/Developer/Platforms/MacOSX.platform/Developer/SDKs/MacOSX26.1.sdk/usr/include/xpc.modulemap
/Applications/Xcode.app/Contents/Developer/Platforms/MacOSX.platform/Developer/SDKs/MacOSX26.1.sdk/usr/include/dispatch.modulemap
/Applications/Xcode.app/Contents/Developer/Platforms/MacOSX.platform/Developer/SDKs/MacOSX26.1.sdk/usr/include/os.modulemap
/Applications/Xcode.app/Contents/Developer/Platforms/MacOSX.platform/Developer/SDKs/MacOSX26.1.sdk/usr/include/Darwin.modulemap
/Applications/Xcode.app/Contents/Developer/Platforms/MacOSX.platform/Developer/SDKs/MacOSX26.1.sdk/usr/include/Darwin_C.modulemap
/Applications/Xcode.app/Contents/Developer/Platforms/MacOSX.platform/Developer/SDKs/MacOSX26.1.sdk/usr/include/Darwin_POSIX.modulemap
/Applications/Xcode.app/Contents/Developer/Platforms/MacOSX.platform/Developer/SDKs/MacOSX26.1.sdk/usr/include/net.modulemap
/Applications/Xcode.app/Contents/Developer/Platforms/MacOSX.platform/Developer/SDKs/MacOSX26.1.sdk/usr/include/netinet.modulemap
/Applications/Xcode.app/Contents/Developer/Platforms/MacOSX.platform/Developer/SDKs/MacOSX26.1.sdk/usr/include/bank.modulemap
/Applications/Xcode.app/Contents/Developer/Platforms/MacOSX.platform/Developer/SDKs/MacOSX26.1.sdk/usr/include/Darwin_Mach.modulemap
/Applications/Xcode.app/Contents/Developer/Platforms/MacOSX.platform/Developer/SDKs/MacOSX26.1.sdk/usr/include/Darwin_Mach_machine.modulemap
/Applications/Xcode.app/Contents/Developer/Platforms/MacOSX.platform/Developer/SDKs/MacOSX26.1.sdk/usr/include/mach_debug.modulemap
/Applications/Xcode.app/Contents/Developer/Platforms/MacOSX.platform/Developer/SDKs/MacOSX26.1.sdk/usr/include/device.modulemap
/Applications/Xcode.app/Contents/Developer/Platforms/MacOSX.platform/Developer/SDKs/MacOSX26.1.sdk/usr/include/Darwin_machine.modulemap
/Applications/Xcode.app/Contents/Developer/Platforms/MacOSX.platform/Developer/SDKs/MacOSX26.1.sdk/usr/include/ncurses.modulemap
/Applications/Xcode.app/Contents/Developer/Platforms/MacOSX.platform/Developer/SDKs/MacOSX26.1.sdk/usr/include/netinet6.modulemap
/Applications/Xcode.app/Contents/Developer/Platforms/MacOSX.platform/Developer/SDKs/MacOSX26.1.sdk/usr/include/Darwin_sys.modulemap
/Applications/Xcode.app/Contents/Developer/Platforms/MacOSX.platform/Developer/SDKs/MacOSX26.1.sdk/usr/include/uuid.modulemap
/Applications/Xcode.app/Contents/Developer/Platforms/MacOSX.platform/Developer/SDKs/MacOSX26.1.sdk/usr/include/DarwinFoundation2.modulemap
/Applications/Xcode.app/Contents/Developer/Platforms/MacOSX.platform/Developer/SDKs/MacOSX26.1.sdk/usr/include/DarwinFoundation3.modulemap
/Applications/Xcode.app/Contents/Developer/Platforms/MacOSX.platform/Developer/SDKs/MacOSX26.1.sdk/usr/include/DarwinFoundation1.modulemap
/Applications/Xcode.app/Contents/Developer/Platforms/MacOSX.platform/Developer/SDKs/MacOSX26.1.sdk/System/Library/Frameworks/CoreFoundation.framework/Modules/module.modulemap
/Applications/Xcode.app/Contents/Developer/Platforms/MacOSX.platform/Developer/SDKs/MacOSX26.1.sdk/System/Library/Frameworks/Security.framework/Headers/SecCertificate.h
/Applications/Xcode.app/Contents/Developer/Platforms/MacOSX.platform/Developer/SDKs/MacOSX26.1.sdk/System/Library/Frameworks/Security.framework/Headers/cssmtype.h
/Applications/Xcode.app/Contents/Developer/Platforms/MacOSX.platform/Developer/SDKs/MacOSX26.1.sdk/System/Library/Frameworks/Security.framework/Headers/cssmconfig.h
/Applications/Xcode.app/Contents/Developer/Toolchains/XcodeDefault.xctoolchain/usr/lib/swift/clang/include/module.modulemap
/Applications/Xcode.app/Contents/Developer/Platforms/MacOSX.platform/Developer/SDKs/MacOSX26.1.sdk/System/Library/Frameworks/Security.framework/Headers/SecAsn1Types.h
/Applications/Xcode.app/Contents/Developer/Platforms/MacOSX.platform/Developer/SDKs/MacOSX26.1.sdk/System/Library/Frameworks/Security.framework/Headers/x509defs.h
/Applications/Xcode.app/Contents/Developer/Platforms/MacOSX.platform/Developer/SDKs/MacOSX26.1.sdk/System/Library/Frameworks/Security.framework/Headers/SecIdentity.h
/Applications/Xcode.app/Contents/Developer/Platforms/MacOSX.platform/Developer/SDKs/MacOSX26.1.sdk/System/Library/Frameworks/Security.framework/Headers/SecAccessControl.h
/Applications/Xcode.app/Contents/Developer/Platforms/MacOSX.platform/Developer/SDKs/MacOSX26.1.sdk/System/Library/Frameworks/Security.framework/Headers/SecItem.h
/Applications/Xcode.app/Contents/Developer/Platforms/MacOSX.platform/Developer/SDKs/MacOSX26.1.sdk/System/Library/Frameworks/Security.framework/Headers/SecKey.h
/Applications/Xcode.app/Contents/Developer/Platforms/MacOSX.platform/Developer/SDKs/MacOSX26.1.sdk/System/Library/Frameworks/Security.framework/Headers/SecAccess.h
/Applications/Xcode.app/Contents/Developer/Platforms/MacOSX.platform/Developer/SDKs/MacOSX26.1.sdk/System/Library/Frameworks/Security.framework/Headers/SecPolicy.h
/Applications/Xcode.app/Contents/Developer/Platforms/MacOSX.platform/Developer/SDKs/MacOSX26.1.sdk/System/Library/Frameworks/Security.framework/Headers/SecRandom.h
/Applications/Xcode.app/Contents/Developer/Platforms/MacOSX.platform/Developer/SDKs/MacOSX26.1.sdk/System/Library/Frameworks/Security.framework/Headers/SecImportExport.h
/Applications/Xcode.app/Contents/Developer/Platforms/MacOSX.platform/Developer/SDKs/MacOSX26.1.sdk/System/Library/Frameworks/Security.framework/Headers/SecKeychain.h
/Applications/Xcode.app/Contents/Developer/Platforms/MacOSX.platform/Developer/SDKs/MacOSX26.1.sdk/System/Library/Frameworks/Security.framework/Headers/cssmapple.h
/Applications/Xcode.app/Contents/Developer/Platforms/MacOSX.platform/Developer/SDKs/MacOSX26.1.sdk/System/Library/Frameworks/Security.framework/Headers/cssmerr.h
/Applications/Xcode.app/Contents/Developer/Platforms/MacOSX.platform/Developer/SDKs/MacOSX26.1.sdk/System/Library/Frameworks/Security.framework/Headers/certextensions.h
/Applications/Xcode.app/Contents/Developer/Platforms/MacOSX.platform/Developer/SDKs/MacOSX26.1.sdk/System/Library/Frameworks/Security.framework/Headers/SecTrust.h
/Applications/Xcode.app/Contents/Developer/Platforms/MacOSX.platform/Developer/SDKs/MacOSX26.1.sdk/System/Library/Frameworks/Security.framework/Headers/SecSharedCredential.h
/Applications/Xcode.app/Contents/Developer/Platforms/MacOSX.platform/Developer/SDKs/MacOSX26.1.sdk/System/Library/Frameworks/Security.framework/Headers/SecProtocolOptions.h
/Applications/Xcode.app/Contents/Developer/Platforms/MacOSX.platform/Developer/SDKs/MacOSX26.1.sdk/System/Library/Frameworks/Security.framework/Headers/SecProtocolObject.h
/Applications/Xcode.app/Contents/Developer/Platforms/MacOSX.platform/Developer/SDKs/MacOSX26.1.sdk/System/Library/Frameworks/Security.framework/Headers/SecProtocolTypes.h
/Applications/Xcode.app/Contents/Developer/Platforms/MacOSX.platform/Developer/SDKs/MacOSX26.1.sdk/System/Library/Frameworks/Security.framework/Headers/CipherSuite.h
/Applications/Xcode.app/Contents/Developer/Platforms/MacOSX.platform/Developer/SDKs/MacOSX26.1.sdk/System/Library/Frameworks/Security.framework/Headers/SecProtocolMetadata.h
/Applications/Xcode.app/Contents/Developer/Platforms/MacOSX.platform/Developer/SDKs/MacOSX26.1.sdk/System/Library/Frameworks/Security.framework/Headers/AuthSession.h
/Applications/Xcode.app/Contents/Developer/Platforms/MacOSX.platform/Developer/SDKs/MacOSX26.1.sdk/System/Library/Frameworks/Security.framework/Headers/Authorization.h
/Applications/Xcode.app/Contents/Developer/Platforms/MacOSX.platform/Developer/SDKs/MacOSX26.1.sdk/usr/include/stdio.h
/Applications/Xcode.app/Contents/Developer/Platforms/MacOSX.platform/Developer/SDKs/MacOSX26.1.sdk/System/Library/Frameworks/Security.framework/Headers/cssm.h
/Applications/Xcode.app/Contents/Developer/Platforms/MacOSX.platform/Developer/SDKs/MacOSX26.1.sdk/System/Library/Frameworks/Security.framework/Headers/emmtype.h
/Applications/Xcode.app/Contents/Developer/Platforms/MacOSX.platform/Developer/SDKs/MacOSX26.1.sdk/System/Library/Frameworks/Security.framework/Headers/cssmapi.h
/Applications/Xcode.app/Contents/Developer/Platforms/MacOSX.platform/Developer/SDKs/MacOSX26.1.sdk/System/Library/Frameworks/Security.framework/Headers/cssmaci.h
/Applications/Xcode.app/Contents/Developer/Platforms/MacOSX.platform/Developer/SDKs/MacOSX26.1.sdk/System/Library/Frameworks/Security.framework/Headers/cssmcli.h
/Applications/Xcode.app/Contents/Developer/Platforms/MacOSX.platform/Developer/SDKs/MacOSX26.1.sdk/System/Library/Frameworks/Security.framework/Headers/cssmcspi.h
/Applications/Xcode.app/Contents/Developer/Platforms/MacOSX.platform/Developer/SDKs/MacOSX26.1.sdk/System/Library/Frameworks/Security.framework/Headers/cssmspi.h
/Applications/Xcode.app/Contents/Developer/Platforms/MacOSX.platform/Developer/SDKs/MacOSX26.1.sdk/System/Library/Frameworks/Security.framework/Headers/cssmdli.h
/Applications/Xcode.app/Contents/Developer/Platforms/MacOSX.platform/Developer/SDKs/MacOSX26.1.sdk/System/Library/Frameworks/Security.framework/Headers/cssmkrapi.h
/Applications/Xcode.app/Contents/Developer/Platforms/MacOSX.platform/Developer/SDKs/MacOSX26.1.sdk/System/Library/Frameworks/Security.framework/Headers/cssmkrspi.h
/Applications/Xcode.app/Contents/Developer/Platforms/MacOSX.platform/Developer/SDKs/MacOSX26.1.sdk/System/Library/Frameworks/Security.framework/Headers/cssmtpi.h
/Applications/Xcode.app/Contents/Developer/Platforms/MacOSX.platform/Developer/SDKs/MacOSX26.1.sdk/System/Library/Frameworks/Security.framework/Headers/emmspi.h
/Applications/Xcode.app/Contents/Developer/Platforms/MacOSX.platform/Developer/SDKs/MacOSX26.1.sdk/System/Library/Frameworks/Security.framework/Headers/mds.h
/Applications/Xcode.app/Contents/Developer/Platforms/MacOSX.platform/Developer/SDKs/MacOSX26.1.sdk/System/Library/Frameworks/Security.framework/Headers/mds_schema.h
/Applications/Xcode.app/Contents/Developer/Platforms/MacOSX.platform/Developer/SDKs/MacOSX26.1.sdk/System/Library/Frameworks/Security.framework/Headers/oidsalg.h
/Applications/Xcode.app/Contents/Developer/Platforms/MacOSX.platform/Developer/SDKs/MacOSX26.1.sdk/System/Library/Frameworks/Security.framework/Headers/oidsattr.h
/Applications/Xcode.app/Contents/Developer/Platforms/MacOSX.platform/Developer/SDKs/MacOSX26.1.sdk/System/Library/Frameworks/Security.framework/Headers/oidsbase.h
/Applications/Xcode.app/Contents/Developer/Platforms/MacOSX.platform/Developer/SDKs/MacOSX26.1.sdk/System/Library/Frameworks/Security.framework/Headers/oidscert.h
/Applications/Xcode.app/Contents/Developer/Platforms/MacOSX.platform/Developer/SDKs/MacOSX26.1.sdk/System/Library/Frameworks/Security.framework/Headers/oidscrl.h
/Applications/Xcode.app/Contents/Developer/Platforms/MacOSX.platform/Developer/SDKs/MacOSX26.1.sdk/System/Library/Frameworks/Security.framework/Headers/SecACL.h
/Applications/Xcode.app/Contents/Developer/Platforms/MacOSX.platform/Developer/SDKs/MacOSX26.1.sdk/System/Library/Frameworks/Security.framework/Headers/SecCertificateOIDs.h
/Applications/Xcode.app/Contents/Developer/Platforms/MacOSX.platform/Developer/SDKs/MacOSX26.1.sdk/System/Library/Frameworks/Security.framework/Headers/SecIdentitySearch.h
/Applications/Xcode.app/Contents/Developer/Platforms/MacOSX.platform/Developer/SDKs/MacOSX26.1.sdk/System/Library/Frameworks/Security.framework/Headers/SecKeychainItem.h
/Applications/Xcode.app/Contents/Developer/Platforms/MacOSX.platform/Developer/SDKs/MacOSX26.1.sdk/System/Library/Frameworks/Security.framework/Headers/SecKeychainSearch.h
/Applications/Xcode.app/Contents/Developer/Platforms/MacOSX.platform/Developer/SDKs/MacOSX26.1.sdk/System/Library/Frameworks/Security.framework/Headers/SecPolicySearch.h
/Applications/Xcode.app/Contents/Developer/Platforms/MacOSX.platform/Developer/SDKs/MacOSX26.1.sdk/System/Library/Frameworks/Security.framework/Headers/SecTrustedApplication.h
/Applications/Xcode.app/Contents/Developer/Platforms/MacOSX.platform/Developer/SDKs/MacOSX26.1.sdk/System/Library/Frameworks/Security.framework/Headers/SecTrustSettings.h
/Applications/Xcode.app/Contents/Developer/Platforms/MacOSX.platform/Developer/SDKs/MacOSX26.1.sdk/System/Library/Frameworks/Security.framework/Headers/SecStaticCode.h
/Applications/Xcode.app/Contents/Developer/Platforms/MacOSX.platform/Developer/SDKs/MacOSX26.1.sdk/System/Library/Frameworks/Security.framework/Headers/CSCommon.h
/Applications/Xcode.app/Contents/Developer/Platforms/MacOSX.platform/Developer/SDKs/MacOSX26.1.sdk/System/Library/Frameworks/Security.framework/Headers/SecCode.h
/Applications/Xcode.app/Contents/Developer/Platforms/MacOSX.platform/Developer/SDKs/MacOSX26.1.sdk/System/Library/Frameworks/Security.framework/Headers/SecCodeHost.h
/Applications/Xcode.app/Contents/Developer/Platforms/MacOSX.platform/Developer/SDKs/MacOSX26.1.sdk/System/Library/Frameworks/Security.framework/Headers/SecRequirement.h
/Applications/Xcode.app/Contents/Developer/Platforms/MacOSX.platform/Developer/SDKs/MacOSX26.1.sdk/System/Library/Frameworks/Security.framework/Headers/SecTask.h
/Applications/Xcode.app/Contents/Developer/Platforms/MacOSX.platform/Developer/SDKs/MacOSX26.1.sdk/System/Library/Frameworks/Security.framework/Headers/AuthorizationTags.h
/Applications/Xcode.app/Contents/Developer/Platforms/MacOSX.platform/Developer/SDKs/MacOSX26.1.sdk/System/Library/Frameworks/Security.framework/Headers/AuthorizationDB.h
/Applications/Xcode.app/Contents/Developer/Platforms/MacOSX.platform/Developer/SDKs/MacOSX26.1.sdk/System/Library/Frameworks/Security.framework/Headers/CMSDecoder.h
/Applications/Xcode.app/Contents/Developer/Platforms/MacOSX.platform/Developer/SDKs/MacOSX26.1.sdk/System/Library/Frameworks/Security.framework/Headers/CMSEncoder.h
/Applications/Xcode.app/Contents/Developer/Platforms/MacOSX.platform/Developer/SDKs/MacOSX26.1.sdk/System/Library/Frameworks/Security.framework/Headers/SecureTransport.h
/Applications/Xcode.app/Contents/Developer/Platforms/MacOSX.platform/Developer/SDKs/MacOSX26.1.sdk/System/Library/Frameworks/Security.framework/Headers/SecTransform.h
/Applications/Xcode.app/Contents/Developer/Platforms/MacOSX.platform/Developer/SDKs/MacOSX26.1.sdk/System/Library/Frameworks/Security.framework/Headers/SecCustomTransform.h
/Applications/Xcode.app/Contents/Developer/Platforms/MacOSX.platform/Developer/SDKs/MacOSX26.1.sdk/System/Library/Frameworks/Security.framework/Headers/SecDecodeTransform.h
/Applications/Xcode.app/Contents/Developer/Platforms/MacOSX.platform/Developer/SDKs/MacOSX26.1.sdk/System/Library/Frameworks/Security.framework/Headers/SecEncodeTransform.h
/Applications/Xcode.app/Contents/Developer/Platforms/MacOSX.platform/Developer/SDKs/MacOSX26.1.sdk/System/Library/Frameworks/Security.framework/Headers/SecDigestTransform.h
/Applications/Xcode.app/Contents/Developer/Platforms/MacOSX.platform/Developer/SDKs/MacOSX26.1.sdk/System/Library/Frameworks/Security.framework/Headers/SecEncryptTransform.h
/Applications/Xcode.app/Contents/Developer/Platforms/MacOSX.platform/Developer/SDKs/MacOSX26.1.sdk/System/Library/Frameworks/Security.framework/Headers/SecSignVerifyTransform.h
/Applications/Xcode.app/Contents/Developer/Platforms/MacOSX.platform/Developer/SDKs/MacOSX26.1.sdk/System/Library/Frameworks/Security.framework/Headers/SecReadTransform.h
/Applications/Xcode.app/Contents/Developer/Platforms/MacOSX.platform/Developer/SDKs/MacOSX26.1.sdk/System/Library/Frameworks/Security.framework/Headers/SecTransformReadTransform.h
/Applications/Xcode.app/Contents/Developer/Platforms/MacOSX.platform/Developer/SDKs/MacOSX26.1.sdk/System/Library/Frameworks/Security.framework/Headers/oids.h
/Applications/Xcode.app/Contents/Developer/Platforms/MacOSX.platform/Developer/SDKs/MacOSX26.1.sdk/usr/include/libDER/module.modulemap
/Applications/Xcode.app/Contents/Developer/Platforms/MacOSX.platform/Developer/SDKs/MacOSX26.1.sdk/usr/include/string.h
/Applications/Xcode.app/Contents/Developer/Platforms/MacOSX.platform/Developer/SDKs/MacOSX26.1.sdk/System/Library/Frameworks/Security.framework/Headers/AuthorizationPlugin.h
/Applications/Xcode.app/Contents/Developer/Platforms/MacOSX.platform/Developer/SDKs/MacOSX26.1.sdk/System/Library/Frameworks/Security.framework/Headers/CodeSigning.h
/Applications/Xcode.app/Contents/Developer/Platforms/MacOSX.platform/Developer/SDKs/MacOSX26.1.sdk/System/Library/Frameworks/Security.framework/Headers/eisl.h
/Applications/Xcode.app/Contents/Developer/Platforms/MacOSX.platform/Developer/SDKs/MacOSX26.1.sdk/System/Library/Frameworks/Security.framework/Headers/SecAsn1Coder.h
/Applications/Xcode.app/Contents/Developer/Platforms/MacOSX.platform/Developer/SDKs/MacOSX26.1.sdk/System/Library/Frameworks/Security.framework/Headers/SecAsn1Templates.h
/Applications/Xcode.app/Contents/Developer/Platforms/MacOSX.platform/Developer/SDKs/MacOSX26.1.sdk/System/Library/Frameworks/Security.framework/Headers/SecureDownload.h
/Applications/Xcode.app/Contents/Developer/Platforms/MacOSX.platform/Developer/SDKs/MacOSX26.1.sdk/SDKSettings.json
/Applications/Xcode.app/Contents/Developer/Toolchains/XcodeDefault.xctoolchain/usr/lib/swift/macosx/prebuilt-modules/26.1/Swift.swiftmodule/arm64e-apple-macos.swiftmodule
/Applications/Xcode.app/Contents/Developer/Toolchains/XcodeDefault.xctoolchain/usr/lib/swift/macosx/prebuilt-modules/26.1/SwiftOnoneSupport.swiftmodule/arm64e-apple-macos.swiftmodule
/Applications/Xcode.app/Contents/Developer/Platforms/MacOSX.platform/Developer/SDKs/MacOSX26.1.sdk/usr/lib/swift/shims/module.modulemap
/Applications/Xcode.app/Contents/Developer/Platforms/MacOSX.platform/Developer/SDKs/MacOSX26.1.sdk/usr/lib/swift/shims/AssertionReporting.h
/Applications/Xcode.app/Contents/Developer/Platforms/MacOSX.platform/Developer/SDKs/MacOSX26.1.sdk/usr/lib/swift/shims/SwiftStdint.h
/Applications/Xcode.app/Contents/Developer/Platforms/MacOSX.platform/Developer/SDKs/MacOSX26.1.sdk/usr/lib/swift/shims/Visibility.h
/Applications/Xcode.app/Contents/Developer/Platforms/MacOSX.platform/Developer/SDKs/MacOSX26.1.sdk/usr/lib/swift/shims/CoreFoundationShims.h
/Applications/Xcode.app/Contents/Developer/Platforms/MacOSX.platform/Developer/SDKs/MacOSX26.1.sdk/usr/lib/swift/shims/ObjCShims.h
/Applications/Xcode.app/Contents/Developer/Platforms/MacOSX.platform/Developer/SDKs/MacOSX26.1.sdk/usr/lib/swift/shims/EmbeddedShims.h
/Applications/Xcode.app/Contents/Developer/Platforms/MacOSX.platform/Developer/SDKs/MacOSX26.1.sdk/usr/lib/swift/shims/SwiftStddef.h
/Applications/Xcode.app/Contents/Developer/Platforms/MacOSX.platform/Developer/SDKs/MacOSX26.1.sdk/usr/lib/swift/shims/FoundationShims.h
/Applications/Xcode.app/Contents/Developer/Platforms/MacOSX.platform/Developer/SDKs/MacOSX26.1.sdk/usr/lib/swift/shims/GlobalObjects.h
/Applications/Xcode.app/Contents/Developer/Platforms/MacOSX.platform/Developer/SDKs/MacOSX26.1.sdk/usr/lib/swift/shims/SwiftStdbool.h
/Applications/Xcode.app/Contents/Developer/Platforms/MacOSX.platform/Developer/SDKs/MacOSX26.1.sdk/usr/lib/swift/shims/HeapObject.h
/Applications/Xcode.app/Contents/Developer/Platforms/MacOSX.platform/Developer/SDKs/MacOSX26.1.sdk/usr/lib/swift/shims/RefCount.h
/Applications/Xcode.app/Contents/Developer/Platforms/MacOSX.platform/Developer/SDKs/MacOSX26.1.sdk/usr/lib/swift/shims/System.h
/Applications/Xcode.app/Contents/Developer/Platforms/MacOSX.platform/Developer/SDKs/MacOSX26.1.sdk/usr/lib/swift/shims/Target.h
/Applications/Xcode.app/Contents/Developer/Platforms/MacOSX.platform/Developer/SDKs/MacOSX26.1.sdk/usr/lib/swift/shims/KeyPath.h
/Applications/Xcode.app/Contents/Developer/Platforms/MacOSX.platform/Developer/SDKs/MacOSX26.1.sdk/usr/lib/swift/shims/LibcShims.h
/Applications/Xcode.app/Contents/Developer/Platforms/MacOSX.platform/Developer/SDKs/MacOSX26.1.sdk/usr/lib/swift/shims/MetadataSections.h
/Applications/Xcode.app/Contents/Developer/Platforms/MacOSX.platform/Developer/SDKs/MacOSX26.1.sdk/usr/lib/swift/shims/Random.h
/Applications/Xcode.app/Contents/Developer/Platforms/MacOSX.platform/Developer/SDKs/MacOSX26.1.sdk/usr/lib/swift/shims/Reflection.h
/Applications/Xcode.app/Contents/Developer/Platforms/MacOSX.platform/Developer/SDKs/MacOSX26.1.sdk/usr/lib/swift/shims/RuntimeShims.h
/Applications/Xcode.app/Contents/Developer/Platforms/MacOSX.platform/Developer/SDKs/MacOSX26.1.sdk/usr/lib/swift/shims/RuntimeStubs.h
/Applications/Xcode.app/Contents/Developer/Platforms/MacOSX.platform/Developer/SDKs/MacOSX26.1.sdk/usr/lib/swift/shims/ThreadLocalStorage.h
/Applications/Xcode.app/Contents/Developer/Platforms/MacOSX.platform/Developer/SDKs/MacOSX26.1.sdk/usr/lib/swift/shims/UnicodeData.h
/Applications/Xcode.app/Contents/Developer/Platforms/MacOSX.platform/Developer/SDKs/MacOSX26.1.sdk/SDKSettings.json
/Applications/Xcode.app/Contents/Developer/Toolchains/XcodeDefault.xctoolchain/usr/lib/swift/macosx/prebuilt-modules/26.1/System.swiftmodule/arm64e-apple-macos.swiftmodule
/Applications/Xcode.app/Contents/Developer/Platforms/MacOSX.platform/Developer/SDKs/MacOSX26.1.sdk/usr/include/XPC.apinotes
/Applications/Xcode.app/Contents/Developer/Platforms/MacOSX.platform/Developer/SDKs/MacOSX26.1.sdk/usr/include/launch.modulemap
/Applications/Xcode.app/Contents/Developer/Platforms/MacOSX.platform/Developer/SDKs/MacOSX26.1.sdk/usr/include/xpc.modulemap
/Applications/Xcode.app/Contents/Developer/Platforms/MacOSX.platform/Developer/SDKs/MacOSX26.1.sdk/usr/include/dispatch.modulemap
/Applications/Xcode.app/Contents/Developer/Platforms/MacOSX.platform/Developer/SDKs/MacOSX26.1.sdk/usr/include/os.modulemap
/Applications/Xcode.app/Contents/Developer/Platforms/MacOSX.platform/Developer/SDKs/MacOSX26.1.sdk/usr/include/Darwin.modulemap
/Applications/Xcode.app/Contents/Developer/Platforms/MacOSX.platform/Developer/SDKs/MacOSX26.1.sdk/usr/include/Darwin_C.modulemap
/Applications/Xcode.app/Contents/Developer/Platforms/MacOSX.platform/Developer/SDKs/MacOSX26.1.sdk/usr/include/Darwin_POSIX.modulemap
/Applications/Xcode.app/Contents/Developer/Platforms/MacOSX.platform/Developer/SDKs/MacOSX26.1.sdk/usr/include/net.modulemap
/Applications/Xcode.app/Contents/Developer/Platforms/MacOSX.platform/Developer/SDKs/MacOSX26.1.sdk/usr/include/netinet.modulemap
/Applications/Xcode.app/Contents/Developer/Platforms/MacOSX.platform/Developer/SDKs/MacOSX26.1.sdk/usr/include/bank.modulemap
/Applications/Xcode.app/Contents/Developer/Platforms/MacOSX.platform/Developer/SDKs/MacOSX26.1.sdk/usr/include/Darwin_Mach.modulemap
/Applications/Xcode.app/Contents/Developer/Platforms/MacOSX.platform/Developer/SDKs/MacOSX26.1.sdk/usr/include/Darwin_Mach_machine.modulemap
/Applications/Xcode.app/Contents/Developer/Platforms/MacOSX.platform/Developer/SDKs/MacOSX26.1.sdk/usr/include/mach_debug.modulemap
/Applications/Xcode.app/Contents/Developer/Platforms/MacOSX.platform/Developer/SDKs/MacOSX26.1.sdk/usr/include/device.modulemap
/Applications/Xcode.app/Contents/Developer/Platforms/MacOSX.platform/Developer/SDKs/MacOSX26.1.sdk/usr/include/Darwin_machine.modulemap
/Applications/Xcode.app/Contents/Developer/Platforms/MacOSX.platform/Developer/SDKs/MacOSX26.1.sdk/usr/include/ncurses.modulemap
/Applications/Xcode.app/Contents/Developer/Platforms/MacOSX.platform/Developer/SDKs/MacOSX26.1.sdk/usr/include/netinet6.modulemap
/Applications/Xcode.app/Contents/Developer/Platforms/MacOSX.platform/Developer/SDKs/MacOSX26.1.sdk/usr/include/Darwin_sys.modulemap
/Applications/Xcode.app/Contents/Developer/Platforms/MacOSX.platform/Developer/SDKs/MacOSX26.1.sdk/usr/include/uuid.modulemap
/Applications/Xcode.app/Contents/Developer/Platforms/MacOSX.platform/Developer/SDKs/MacOSX26.1.sdk/usr/include/DarwinFoundation2.modulemap
/Applications/Xcode.app/Contents/Developer/Platforms/MacOSX.platform/Developer/SDKs/MacOSX26.1.sdk/usr/include/DarwinFoundation3.modulemap
/Applications/Xcode.app/Contents/Developer/Platforms/MacOSX.platform/Developer/SDKs/MacOSX26.1.sdk/usr/include/DarwinFoundation1.modulemap
/Applications/Xcode.app/Contents/Developer/Platforms/MacOSX.platform/Developer/SDKs/MacOSX26.1.sdk/usr/include/xpc/xpc.h
/Applications/Xcode.app/Contents/Developer/Toolchains/XcodeDefault.xctoolchain/usr/lib/swift/clang/include/module.modulemap
/Applications/Xcode.app/Contents/Developer/Toolchains/XcodeDefault.xctoolchain/usr/lib/swift/clang/include/stdarg.h
/Applications/Xcode.app/Contents/Developer/Platforms/MacOSX.platform/Developer/SDKs/MacOSX26.1.sdk/usr/include/stdlib.h
/Applications/Xcode.app/Contents/Developer/Platforms/MacOSX.platform/Developer/SDKs/MacOSX26.1.sdk/usr/include/stdio.h
/Applications/Xcode.app/Contents/Developer/Platforms/MacOSX.platform/Developer/SDKs/MacOSX26.1.sdk/usr/include/string.h
/Applications/Xcode.app/Contents/Developer/Platforms/MacOSX.platform/Developer/SDKs/MacOSX26.1.sdk/usr/include/xpc/base.h
/Applications/Xcode.app/Contents/Developer/Platforms/MacOSX.platform/Developer/SDKs/MacOSX26.1.sdk/usr/include/xpc/availability.h
/Applications/Xcode.app/Contents/Developer/Platforms/MacOSX.platform/Developer/SDKs/MacOSX26.1.sdk/usr/include/xpc/endpoint.h
/Applications/Xcode.app/Contents/Developer/Platforms/MacOSX.platform/Developer/SDKs/MacOSX26.1.sdk/usr/include/xpc/debug.h
/Applications/Xcode.app/Contents/Developer/Platforms/MacOSX.platform/Developer/SDKs/MacOSX26.1.sdk/usr/include/xpc/activity.h
/Applications/Xcode.app/Contents/Developer/Platforms/MacOSX.platform/Developer/SDKs/MacOSX26.1.sdk/usr/include/xpc/peer_requirement.h
/Applications/Xcode.app/Contents/Developer/Platforms/MacOSX.platform/Developer/SDKs/MacOSX26.1.sdk/usr/include/xpc/connection.h
/Applications/Xcode.app/Contents/Developer/Platforms/MacOSX.platform/Developer/SDKs/MacOSX26.1.sdk/usr/include/xpc/rich_error.h
/Applications/Xcode.app/Contents/Developer/Platforms/MacOSX.platform/Developer/SDKs/MacOSX26.1.sdk/usr/include/xpc/session.h
/Applications/Xcode.app/Contents/Developer/Platforms/MacOSX.platform/Developer/SDKs/MacOSX26.1.sdk/usr/include/xpc/listener.h
/Applications/Xcode.app/Contents/Developer/Platforms/MacOSX.platform/Developer/SDKs/MacOSX26.1.sdk/SDKSettings.json
/Applications/Xcode.app/Contents/Developer/Toolchains/XcodeDefault.xctoolchain/usr/lib/swift/macosx/prebuilt-modules/26.1/XPC.swiftmodule/arm64e-apple-macos.swiftmodule
/Applications/Xcode.app/Contents/Developer/Platforms/MacOSX.platform/Developer/SDKs/MacOSX26.1.sdk/usr/include/DarwinFoundation1.modulemap
/Applications/Xcode.app/Contents/Developer/Platforms/MacOSX.platform/Developer/SDKs/MacOSX26.1.sdk/usr/include/AvailabilityInternal.h
/Applications/Xcode.app/Contents/Developer/Platforms/MacOSX.platform/Developer/SDKs/MacOSX26.1.sdk/usr/include/AvailabilityVersions.h
/Applications/Xcode.app/Contents/Developer/Platforms/MacOSX.platform/Developer/SDKs/MacOSX26.1.sdk/usr/include/AvailabilityInternalLegacy.h
/Applications/Xcode.app/Contents/Developer/Platforms/MacOSX.platform/Developer/SDKs/MacOSX26.1.sdk/SDKSettings.json
/Applications/Xcode.app/Contents/Developer/Toolchains/XcodeDefault.xctoolchain/usr/lib/swift/macosx/prebuilt-modules/26.1/_Builtin_float.swiftmodule/arm64e-apple-macos.swiftmodule
/Applications/Xcode.app/Contents/Developer/Toolchains/XcodeDefault.xctoolchain/usr/lib/swift/clang/include/module.modulemap
/Applications/Xcode.app/Contents/Developer/Toolchains/XcodeDefault.xctoolchain/usr/lib/swift/clang/include/float.h
/Applications/Xcode.app/Contents/Developer/Platforms/MacOSX.platform/Developer/SDKs/MacOSX26.1.sdk/SDKSettings.json
/Applications/Xcode.app/Contents/Developer/Toolchains/XcodeDefault.xctoolchain/usr/lib/swift/clang/include/module.modulemap
/Applications/Xcode.app/Contents/Developer/Toolchains/XcodeDefault.xctoolchain/usr/lib/swift/clang/include/inttypes.h
/Applications/Xcode.app/Contents/Developer/Platforms/MacOSX.platform/Developer/SDKs/MacOSX26.1.sdk/usr/include/DarwinFoundation3.modulemap
/Applications/Xcode.app/Contents/Developer/Platforms/MacOSX.platform/Developer/SDKs/MacOSX26.1.sdk/usr/include/inttypes.h
/Applications/Xcode.app/Contents/Developer/Platforms/MacOSX.platform/Developer/SDKs/MacOSX26.1.sdk/SDKSettings.json
/Applications/Xcode.app/Contents/Developer/Toolchains/XcodeDefault.xctoolchain/usr/lib/swift/clang/include/module.modulemap
/Applications/Xcode.app/Contents/Developer/Toolchains/XcodeDefault.xctoolchain/usr/lib/swift/clang/include/limits.h
/Applications/Xcode.app/Contents/Developer/Platforms/MacOSX.platform/Developer/SDKs/MacOSX26.1.sdk/usr/include/DarwinFoundation1.modulemap
/Applications/Xcode.app/Contents/Developer/Platforms/MacOSX.platform/Developer/SDKs/MacOSX26.1.sdk/SDKSettings.json
/Applications/Xcode.app/Contents/Developer/Toolchains/XcodeDefault.xctoolchain/usr/lib/swift/clang/include/module.modulemap
/Applications/Xcode.app/Contents/Developer/Toolchains/XcodeDefault.xctoolchain/usr/lib/swift/clang/include/__stdarg___gnuc_va_list.h
/Applications/Xcode.app/Contents/Developer/Toolchains/XcodeDefault.xctoolchain/usr/lib/swift/clang/include/__stdarg___va_copy.h
/Applications/Xcode.app/Contents/Developer/Toolchains/XcodeDefault.xctoolchain/usr/lib/swift/clang/include/__stdarg_header_macro.h
/Applications/Xcode.app/Contents/Developer/Toolchains/XcodeDefault.xctoolchain/usr/lib/swift/clang/include/__stdarg_va_arg.h
/Applications/Xcode.app/Contents/Developer/Toolchains/XcodeDefault.xctoolchain/usr/lib/swift/clang/include/__stdarg_va_copy.h
/Applications/Xcode.app/Contents/Developer/Toolchains/XcodeDefault.xctoolchain/usr/lib/swift/clang/include/__stdarg_va_list.h
/Applications/Xcode.app/Contents/Developer/Platforms/MacOSX.platform/Developer/SDKs/MacOSX26.1.sdk/SDKSettings.json
/Applications/Xcode.app/Contents/Developer/Toolchains/XcodeDefault.xctoolchain/usr/lib/swift/clang/include/module.modulemap
/Applications/Xcode.app/Contents/Developer/Toolchains/XcodeDefault.xctoolchain/usr/lib/swift/clang/include/stdbool.h
/Applications/Xcode.app/Contents/Developer/Platforms/MacOSX.platform/Developer/SDKs/MacOSX26.1.sdk/SDKSettings.json
/Applications/Xcode.app/Contents/Developer/Toolchains/XcodeDefault.xctoolchain/usr/lib/swift/clang/include/module.modulemap
/Applications/Xcode.app/Contents/Developer/Toolchains/XcodeDefault.xctoolchain/usr/lib/swift/clang/include/__stddef_header_macro.h
/Applications/Xcode.app/Contents/Developer/Toolchains/XcodeDefault.xctoolchain/usr/lib/swift/clang/include/__stddef_max_align_t.h
/Applications/Xcode.app/Contents/Developer/Toolchains/XcodeDefault.xctoolchain/usr/lib/swift/clang/include/__stddef_null.h
/Applications/Xcode.app/Contents/Developer/Toolchains/XcodeDefault.xctoolchain/usr/lib/swift/clang/include/__stddef_nullptr_t.h
/Applications/Xcode.app/Contents/Developer/Toolchains/XcodeDefault.xctoolchain/usr/lib/swift/clang/include/__stddef_offsetof.h
/Applications/Xcode.app/Contents/Developer/Toolchains/XcodeDefault.xctoolchain/usr/lib/swift/clang/include/__stddef_ptrdiff_t.h
/Applications/Xcode.app/Contents/Developer/Toolchains/XcodeDefault.xctoolchain/usr/lib/swift/clang/include/__stddef_rsize_t.h
/Applications/Xcode.app/Contents/Developer/Toolchains/XcodeDefault.xctoolchain/usr/lib/swift/clang/include/__stddef_size_t.h
/Applications/Xcode.app/Contents/Developer/Toolchains/XcodeDefault.xctoolchain/usr/lib/swift/clang/include/__stddef_unreachable.h
/Applications/Xcode.app/Contents/Developer/Toolchains/XcodeDefault.xctoolchain/usr/lib/swift/clang/include/__stddef_wchar_t.h
/Applications/Xcode.app/Contents/Developer/Platforms/MacOSX.platform/Developer/SDKs/MacOSX26.1.sdk/SDKSettings.json
/Applications/Xcode.app/Contents/Developer/Toolchains/XcodeDefault.xctoolchain/usr/lib/swift/clang/include/module.modulemap
/Applications/Xcode.app/Contents/Developer/Toolchains/XcodeDefault.xctoolchain/usr/lib/swift/clang/include/stdint.h
/Applications/Xcode.app/Contents/Developer/Platforms/MacOSX.platform/Developer/SDKs/MacOSX26.1.sdk/usr/include/DarwinFoundation2.modulemap
/Applications/Xcode.app/Contents/Developer/Platforms/MacOSX.platform/Developer/SDKs/MacOSX26.1.sdk/SDKSettings.json
/Applications/Xcode.app/Contents/Developer/Toolchains/XcodeDefault.xctoolchain/usr/lib/swift/macosx/prebuilt-modules/26.1/_Concurrency.swiftmodule/arm64e-apple-macos.swiftmodule
/Applications/Xcode.app/Contents/Developer/Platforms/MacOSX.platform/Developer/SDKs/MacOSX26.1.sdk/usr/include/DarwinFoundation1.modulemap
/Applications/Xcode.app/Contents/Developer/Platforms/MacOSX.platform/Developer/SDKs/MacOSX26.1.sdk/usr/include/sys/appleapiopts.h
/Applications/Xcode.app/Contents/Developer/Platforms/MacOSX.platform/Developer/SDKs/MacOSX26.1.sdk/usr/include/os/availability.h
/Applications/Xcode.app/Contents/Developer/Platforms/MacOSX.platform/Developer/SDKs/MacOSX26.1.sdk/usr/include/Availability.h
/Applications/Xcode.app/Contents/Developer/Platforms/MacOSX.platform/Developer/SDKs/MacOSX26.1.sdk/usr/include/AvailabilityMacros.h
/Applications/Xcode.app/Contents/Developer/Platforms/MacOSX.platform/Developer/SDKs/MacOSX26.1.sdk/usr/include/TargetConditionals.h
/Applications/Xcode.app/Contents/Developer/Platforms/MacOSX.platform/Developer/SDKs/MacOSX26.1.sdk/usr/include/_bounds.h
/Applications/Xcode.app/Contents/Developer/Platforms/MacOSX.platform/Developer/SDKs/MacOSX26.1.sdk/usr/include/sys/cdefs.h
/Applications/Xcode.app/Contents/Developer/Platforms/MacOSX.platform/Developer/SDKs/MacOSX26.1.sdk/usr/include/sys/_symbol_aliasing.h
/Applications/Xcode.app/Contents/Developer/Platforms/MacOSX.platform/Developer/SDKs/MacOSX26.1.sdk/usr/include/sys/_posix_availability.h
/Applications/Xcode.app/Contents/Developer/Toolchains/XcodeDefault.xctoolchain/usr/lib/swift/clang/include/module.modulemap
/Applications/Xcode.app/Contents/Developer/Platforms/MacOSX.platform/Developer/SDKs/MacOSX26.1.sdk/usr/include/sys/qos.h
/Applications/Xcode.app/Contents/Developer/Platforms/MacOSX.platform/Developer/SDKs/MacOSX26.1.sdk/usr/include/machine/_endian.h
/Applications/Xcode.app/Contents/Developer/Platforms/MacOSX.platform/Developer/SDKs/MacOSX26.1.sdk/usr/include/arm/_endian.h
/Applications/Xcode.app/Contents/Developer/Platforms/MacOSX.platform/Developer/SDKs/MacOSX26.1.sdk/usr/include/sys/__endian.h
/Applications/Xcode.app/Contents/Developer/Platforms/MacOSX.platform/Developer/SDKs/MacOSX26.1.sdk/usr/include/i386/_endian.h
/Applications/Xcode.app/Contents/Developer/Platforms/MacOSX.platform/Developer/SDKs/MacOSX26.1.sdk/usr/include/__xlocale.h
/Applications/Xcode.app/Contents/Developer/Platforms/MacOSX.platform/Developer/SDKs/MacOSX26.1.sdk/usr/include/_mb_cur_max.h
/Applications/Xcode.app/Contents/Developer/Platforms/MacOSX.platform/Developer/SDKs/MacOSX26.1.sdk/usr/include/_types/_locale_t.h
/Applications/Xcode.app/Contents/Developer/Platforms/MacOSX.platform/Developer/SDKs/MacOSX26.1.sdk/usr/include/sys/_types/_u_char.h
/Applications/Xcode.app/Contents/Developer/Platforms/MacOSX.platform/Developer/SDKs/MacOSX26.1.sdk/usr/include/sys/_types/_u_short.h
/Applications/Xcode.app/Contents/Developer/Platforms/MacOSX.platform/Developer/SDKs/MacOSX26.1.sdk/usr/include/sys/_types/_u_int.h
/Applications/Xcode.app/Contents/Developer/Platforms/MacOSX.platform/Developer/SDKs/MacOSX26.1.sdk/usr/include/sys/_types/_u_int8_t.h
/Applications/Xcode.app/Contents/Developer/Platforms/MacOSX.platform/Developer/SDKs/MacOSX26.1.sdk/usr/include/sys/_types/_u_int16_t.h
/Applications/Xcode.app/Contents/Developer/Platforms/MacOSX.platform/Developer/SDKs/MacOSX26.1.sdk/usr/include/sys/_types/_u_int32_t.h
/Applications/Xcode.app/Contents/Developer/Platforms/MacOSX.platform/Developer/SDKs/MacOSX26.1.sdk/usr/include/sys/_types/_u_int64_t.h
/Applications/Xcode.app/Contents/Developer/Platforms/MacOSX.platform/Developer/SDKs/MacOSX26.1.sdk/usr/include/_assert.h
/Applications/Xcode.app/Contents/Developer/Platforms/MacOSX.platform/Developer/SDKs/MacOSX26.1.sdk/usr/include/_static_assert.h
/Applications/Xcode.app/Contents/Developer/Platforms/MacOSX.platform/Developer/SDKs/MacOSX26.1.sdk/usr/include/complex.h
/Applications/Xcode.app/Contents/Developer/Platforms/MacOSX.platform/Developer/SDKs/MacOSX26.1.sdk/usr/include/errno.h
/Applications/Xcode.app/Contents/Developer/Platforms/MacOSX.platform/Developer/SDKs/MacOSX26.1.sdk/usr/include/sys/errno.h
/Applications/Xcode.app/Contents/Developer/Platforms/MacOSX.platform/Developer/SDKs/MacOSX26.1.sdk/usr/include/sys/_types/_errno_t.h
/Applications/Xcode.app/Contents/Developer/Platforms/MacOSX.platform/Developer/SDKs/MacOSX26.1.sdk/usr/include/fenv.h
/Applications/Xcode.app/Contents/Developer/Platforms/MacOSX.platform/Developer/SDKs/MacOSX26.1.sdk/usr/include/limits.h
/Applications/Xcode.app/Contents/Developer/Platforms/MacOSX.platform/Developer/SDKs/MacOSX26.1.sdk/usr/include/machine/limits.h
/Applications/Xcode.app/Contents/Developer/Platforms/MacOSX.platform/Developer/SDKs/MacOSX26.1.sdk/usr/include/arm/limits.h
/Applications/Xcode.app/Contents/Developer/Platforms/MacOSX.platform/Developer/SDKs/MacOSX26.1.sdk/usr/include/arm/_limits.h
/Applications/Xcode.app/Contents/Developer/Platforms/MacOSX.platform/Developer/SDKs/MacOSX26.1.sdk/usr/include/sys/syslimits.h
/Applications/Xcode.app/Contents/Developer/Platforms/MacOSX.platform/Developer/SDKs/MacOSX26.1.sdk/usr/include/i386/limits.h
/Applications/Xcode.app/Contents/Developer/Platforms/MacOSX.platform/Developer/SDKs/MacOSX26.1.sdk/usr/include/machine/_limits.h
/Applications/Xcode.app/Contents/Developer/Platforms/MacOSX.platform/Developer/SDKs/MacOSX26.1.sdk/usr/include/i386/_limits.h
/Applications/Xcode.app/Contents/Developer/Platforms/MacOSX.platform/Developer/SDKs/MacOSX26.1.sdk/usr/include/math.h
/Applications/Xcode.app/Contents/Developer/Platforms/MacOSX.platform/Developer/SDKs/MacOSX26.1.sdk/usr/include/setjmp.h
/Applications/Xcode.app/Contents/Developer/Platforms/MacOSX.platform/Developer/SDKs/MacOSX26.1.sdk/SDKSettings.json
/Applications/Xcode.app/Contents/Developer/Toolchains/XcodeDefault.xctoolchain/usr/lib/swift/macosx/prebuilt-modules/26.1/_DarwinFoundation1.swiftmodule/arm64e-apple-macos.swiftmodule
/Applications/Xcode.app/Contents/Developer/Toolchains/XcodeDefault.xctoolchain/usr/lib/swift/macosx/prebuilt-modules/26.1/_DarwinFoundation2.swiftmodule/arm64e-apple-macos.swiftmodule
/Applications/Xcode.app/Contents/Developer/Platforms/MacOSX.platform/Developer/SDKs/MacOSX26.1.sdk/usr/include/_DarwinFoundation2.apinotes
/Applications/Xcode.app/Contents/Developer/Platforms/MacOSX.platform/Developer/SDKs/MacOSX26.1.sdk/usr/include/DarwinFoundation2.modulemap
/Applications/Xcode.app/Contents/Developer/Platforms/MacOSX.platform/Developer/SDKs/MacOSX26.1.sdk/usr/include/DarwinFoundation1.modulemap
/Applications/Xcode.app/Contents/Developer/Platforms/MacOSX.platform/Developer/SDKs/MacOSX26.1.sdk/usr/include/nl_types.h
/Applications/Xcode.app/Contents/Developer/Platforms/MacOSX.platform/Developer/SDKs/MacOSX26.1.sdk/usr/include/sys/types.h
/Applications/Xcode.app/Contents/Developer/Platforms/MacOSX.platform/Developer/SDKs/MacOSX26.1.sdk/usr/include/machine/types.h
/Applications/Xcode.app/Contents/Developer/Platforms/MacOSX.platform/Developer/SDKs/MacOSX26.1.sdk/usr/include/arm/types.h
/Applications/Xcode.app/Contents/Developer/Platforms/MacOSX.platform/Developer/SDKs/MacOSX26.1.sdk/usr/include/arm/_types.h
/Applications/Xcode.app/Contents/Developer/Platforms/MacOSX.platform/Developer/SDKs/MacOSX26.1.sdk/usr/include/sys/_types/_ptrdiff_t.h
/Applications/Xcode.app/Contents/Developer/Toolchains/XcodeDefault.xctoolchain/usr/lib/swift/clang/include/module.modulemap
/Applications/Xcode.app/Contents/Developer/Toolchains/XcodeDefault.xctoolchain/usr/lib/swift/clang/include/stddef.h
/Applications/Xcode.app/Contents/Developer/Platforms/MacOSX.platform/Developer/SDKs/MacOSX26.1.sdk/usr/include/sys/_types/_size_t.h
/Applications/Xcode.app/Contents/Developer/Platforms/MacOSX.platform/Developer/SDKs/MacOSX26.1.sdk/usr/include/sys/_types/_va_list.h
/Applications/Xcode.app/Contents/Developer/Toolchains/XcodeDefault.xctoolchain/usr/lib/swift/clang/include/stdarg.h
/Applications/Xcode.app/Contents/Developer/Platforms/MacOSX.platform/Developer/SDKs/MacOSX26.1.sdk/usr/include/sys/_types/_wchar_t.h
/Applications/Xcode.app/Contents/Developer/Platforms/MacOSX.platform/Developer/SDKs/MacOSX26.1.sdk/usr/include/sys/_types/_int8_t.h
/Applications/Xcode.app/Contents/Developer/Platforms/MacOSX.platform/Developer/SDKs/MacOSX26.1.sdk/usr/include/sys/_types/_int16_t.h
/Applications/Xcode.app/Contents/Developer/Platforms/MacOSX.platform/Developer/SDKs/MacOSX26.1.sdk/usr/include/sys/_types/_int32_t.h
/Applications/Xcode.app/Contents/Developer/Platforms/MacOSX.platform/Developer/SDKs/MacOSX26.1.sdk/usr/include/sys/_types/_int64_t.h
/Applications/Xcode.app/Contents/Developer/Platforms/MacOSX.platform/Developer/SDKs/MacOSX26.1.sdk/usr/include/sys/_types/_intptr_t.h
/Applications/Xcode.app/Contents/Developer/Platforms/MacOSX.platform/Developer/SDKs/MacOSX26.1.sdk/usr/include/machine/_types.h
/Applications/Xcode.app/Contents/Developer/Platforms/MacOSX.platform/Developer/SDKs/MacOSX26.1.sdk/usr/include/sys/_types/_uintptr_t.h
/Applications/Xcode.app/Contents/Developer/Platforms/MacOSX.platform/Developer/SDKs/MacOSX26.1.sdk/usr/include/sys/_types.h
/Applications/Xcode.app/Contents/Developer/Platforms/MacOSX.platform/Developer/SDKs/MacOSX26.1.sdk/usr/include/sys/_types/_null.h
/Applications/Xcode.app/Contents/Developer/Platforms/MacOSX.platform/Developer/SDKs/MacOSX26.1.sdk/usr/include/sys/_pthread/_pthread_types.h
/Applications/Xcode.app/Contents/Developer/Platforms/MacOSX.platform/Developer/SDKs/MacOSX26.1.sdk/usr/include/machine/endian.h
/Applications/Xcode.app/Contents/Developer/Platforms/MacOSX.platform/Developer/SDKs/MacOSX26.1.sdk/usr/include/arm/endian.h
/Applications/Xcode.app/Contents/Developer/Platforms/MacOSX.platform/Developer/SDKs/MacOSX26.1.sdk/usr/include/sys/_endian.h
/Applications/Xcode.app/Contents/Developer/Platforms/MacOSX.platform/Developer/SDKs/MacOSX26.1.sdk/usr/include/libkern/_OSByteOrder.h
/Applications/Xcode.app/Contents/Developer/Platforms/MacOSX.platform/Developer/SDKs/MacOSX26.1.sdk/usr/include/libkern/arm/_OSByteOrder.h
/Applications/Xcode.app/Contents/Developer/Platforms/MacOSX.platform/Developer/SDKs/MacOSX26.1.sdk/usr/include/sys/_types/_caddr_t.h
/Applications/Xcode.app/Contents/Developer/Platforms/MacOSX.platform/Developer/SDKs/MacOSX26.1.sdk/usr/include/sys/_types/_dev_t.h
/Applications/Xcode.app/Contents/Developer/Platforms/MacOSX.platform/Developer/SDKs/MacOSX26.1.sdk/usr/include/sys/_types/_blkcnt_t.h
/Applications/Xcode.app/Contents/Developer/Platforms/MacOSX.platform/Developer/SDKs/MacOSX26.1.sdk/usr/include/sys/_types/_blksize_t.h
/Applications/Xcode.app/Contents/Developer/Platforms/MacOSX.platform/Developer/SDKs/MacOSX26.1.sdk/usr/include/sys/_types/_gid_t.h
/Applications/Xcode.app/Contents/Developer/Platforms/MacOSX.platform/Developer/SDKs/MacOSX26.1.sdk/usr/include/sys/_types/_in_addr_t.h
/Applications/Xcode.app/Contents/Developer/Platforms/MacOSX.platform/Developer/SDKs/MacOSX26.1.sdk/usr/include/sys/_types/_in_port_t.h
/Applications/Xcode.app/Contents/Developer/Platforms/MacOSX.platform/Developer/SDKs/MacOSX26.1.sdk/usr/include/sys/_types/_ino_t.h
/Applications/Xcode.app/Contents/Developer/Platforms/MacOSX.platform/Developer/SDKs/MacOSX26.1.sdk/usr/include/sys/_types/_ino64_t.h
/Applications/Xcode.app/Contents/Developer/Platforms/MacOSX.platform/Developer/SDKs/MacOSX26.1.sdk/usr/include/sys/_types/_key_t.h
/Applications/Xcode.app/Contents/Developer/Platforms/MacOSX.platform/Developer/SDKs/MacOSX26.1.sdk/usr/include/sys/_types/_mode_t.h
/Applications/Xcode.app/Contents/Developer/Platforms/MacOSX.platform/Developer/SDKs/MacOSX26.1.sdk/usr/include/sys/_types/_nlink_t.h
/Applications/Xcode.app/Contents/Developer/Platforms/MacOSX.platform/Developer/SDKs/MacOSX26.1.sdk/usr/include/sys/_types/_id_t.h
/Applications/Xcode.app/Contents/Developer/Platforms/MacOSX.platform/Developer/SDKs/MacOSX26.1.sdk/usr/include/sys/_types/_pid_t.h
/Applications/Xcode.app/Contents/Developer/Platforms/MacOSX.platform/Developer/SDKs/MacOSX26.1.sdk/usr/include/sys/_types/_off_t.h
/Applications/Xcode.app/Contents/Developer/Platforms/MacOSX.platform/Developer/SDKs/MacOSX26.1.sdk/usr/include/sys/_types/_uid_t.h
/Applications/Xcode.app/Contents/Developer/Platforms/MacOSX.platform/Developer/SDKs/MacOSX26.1.sdk/usr/include/sys/_types/_clock_t.h
/Applications/Xcode.app/Contents/Developer/Platforms/MacOSX.platform/Developer/SDKs/MacOSX26.1.sdk/usr/include/sys/_types/_ssize_t.h
/Applications/Xcode.app/Contents/Developer/Platforms/MacOSX.platform/Developer/SDKs/MacOSX26.1.sdk/usr/include/sys/_types/_time_t.h
/Applications/Xcode.app/Contents/Developer/Platforms/MacOSX.platform/Developer/SDKs/MacOSX26.1.sdk/usr/include/sys/_types/_useconds_t.h
/Applications/Xcode.app/Contents/Developer/Platforms/MacOSX.platform/Developer/SDKs/MacOSX26.1.sdk/usr/include/sys/_types/_suseconds_t.h
/Applications/Xcode.app/Contents/Developer/Platforms/MacOSX.platform/Developer/SDKs/MacOSX26.1.sdk/usr/include/sys/_types/_rsize_t.h
/Applications/Xcode.app/Contents/Developer/Platforms/MacOSX.platform/Developer/SDKs/MacOSX26.1.sdk/usr/include/sys/_types/_fd_def.h
/Applications/Xcode.app/Contents/Developer/Platforms/MacOSX.platform/Developer/SDKs/MacOSX26.1.sdk/usr/include/sys/_types/_fd_setsize.h
/Applications/Xcode.app/Contents/Developer/Platforms/MacOSX.platform/Developer/SDKs/MacOSX26.1.sdk/usr/include/sys/_types/_fd_set.h
/Applications/Xcode.app/Contents/Developer/Platforms/MacOSX.platform/Developer/SDKs/MacOSX26.1.sdk/usr/include/sys/_types/_fd_clr.h
/Applications/Xcode.app/Contents/Developer/Platforms/MacOSX.platform/Developer/SDKs/MacOSX26.1.sdk/usr/include/sys/_types/_fd_zero.h
/Applications/Xcode.app/Contents/Developer/Platforms/MacOSX.platform/Developer/SDKs/MacOSX26.1.sdk/usr/include/sys/_types/_fd_isset.h
/Applications/Xcode.app/Contents/Developer/Platforms/MacOSX.platform/Developer/SDKs/MacOSX26.1.sdk/usr/include/sys/_types/_fd_copy.h
/Applications/Xcode.app/Contents/Developer/Platforms/MacOSX.platform/Developer/SDKs/MacOSX26.1.sdk/usr/include/sys/_pthread/_pthread_attr_t.h
/Applications/Xcode.app/Contents/Developer/Platforms/MacOSX.platform/Developer/SDKs/MacOSX26.1.sdk/usr/include/sys/_pthread/_pthread_cond_t.h
/Applications/Xcode.app/Contents/Developer/Platforms/MacOSX.platform/Developer/SDKs/MacOSX26.1.sdk/usr/include/sys/_pthread/_pthread_condattr_t.h
/Applications/Xcode.app/Contents/Developer/Platforms/MacOSX.platform/Developer/SDKs/MacOSX26.1.sdk/usr/include/sys/_pthread/_pthread_mutex_t.h
/Applications/Xcode.app/Contents/Developer/Platforms/MacOSX.platform/Developer/SDKs/MacOSX26.1.sdk/usr/include/sys/_pthread/_pthread_mutexattr_t.h
/Applications/Xcode.app/Contents/Developer/Platforms/MacOSX.platform/Developer/SDKs/MacOSX26.1.sdk/usr/include/sys/_pthread/_pthread_once_t.h
/Applications/Xcode.app/Contents/Developer/Platforms/MacOSX.platform/Developer/SDKs/MacOSX26.1.sdk/usr/include/sys/_pthread/_pthread_rwlock_t.h
/Applications/Xcode.app/Contents/Developer/Platforms/MacOSX.platform/Developer/SDKs/MacOSX26.1.sdk/usr/include/sys/_pthread/_pthread_rwlockattr_t.h
/Applications/Xcode.app/Contents/Developer/Platforms/MacOSX.platform/Developer/SDKs/MacOSX26.1.sdk/usr/include/sys/_pthread/_pthread_t.h
/Applications/Xcode.app/Contents/Developer/Platforms/MacOSX.platform/Developer/SDKs/MacOSX26.1.sdk/usr/include/sys/_pthread/_pthread_key_t.h
/Applications/Xcode.app/Contents/Developer/Platforms/MacOSX.platform/Developer/SDKs/MacOSX26.1.sdk/usr/include/sys/_types/_fsblkcnt_t.h
/Applications/Xcode.app/Contents/Developer/Platforms/MacOSX.platform/Developer/SDKs/MacOSX26.1.sdk/usr/include/sys/_types/_fsfilcnt_t.h
/Applications/Xcode.app/Contents/Developer/Platforms/MacOSX.platform/Developer/SDKs/MacOSX26.1.sdk/usr/include/_types.h
/Applications/Xcode.app/Contents/Developer/Platforms/MacOSX.platform/Developer/SDKs/MacOSX26.1.sdk/usr/include/_types/_nl_item.h
/Applications/Xcode.app/Contents/Developer/Platforms/MacOSX.platform/Developer/SDKs/MacOSX26.1.sdk/usr/include/runetype.h
/Applications/Xcode.app/Contents/Developer/Platforms/MacOSX.platform/Developer/SDKs/MacOSX26.1.sdk/usr/include/sys/_types/_ct_rune_t.h
/Applications/Xcode.app/Contents/Developer/Platforms/MacOSX.platform/Developer/SDKs/MacOSX26.1.sdk/usr/include/sys/_types/_rune_t.h
/Applications/Xcode.app/Contents/Developer/Platforms/MacOSX.platform/Developer/SDKs/MacOSX26.1.sdk/usr/include/sys/_types/_wint_t.h
/Applications/Xcode.app/Contents/Developer/Platforms/MacOSX.platform/Developer/SDKs/MacOSX26.1.sdk/usr/include/alloca.h
/Applications/Xcode.app/Contents/Developer/Platforms/MacOSX.platform/Developer/SDKs/MacOSX26.1.sdk/usr/include/i386/endian.h
/Applications/Xcode.app/Contents/Developer/Platforms/MacOSX.platform/Developer/SDKs/MacOSX26.1.sdk/usr/include/libkern/i386/_OSByteOrder.h
/Applications/Xcode.app/Contents/Developer/Platforms/MacOSX.platform/Developer/SDKs/MacOSX26.1.sdk/usr/include/secure/_common.h
/Applications/Xcode.app/Contents/Developer/Platforms/MacOSX.platform/Developer/SDKs/MacOSX26.1.sdk/usr/include/sys/_types/_mach_port_t.h
/Applications/Xcode.app/Contents/Developer/Platforms/MacOSX.platform/Developer/SDKs/MacOSX26.1.sdk/usr/include/sys/_types/_offsetof.h
/Applications/Xcode.app/Contents/Developer/Platforms/MacOSX.platform/Developer/SDKs/MacOSX26.1.sdk/usr/include/_strings.h
/Applications/Xcode.app/Contents/Developer/Platforms/MacOSX.platform/Developer/SDKs/MacOSX26.1.sdk/usr/include/secure/_strings.h
/Applications/Xcode.app/Contents/Developer/Platforms/MacOSX.platform/Developer/SDKs/MacOSX26.1.sdk/usr/include/sys/_types/_timeval.h
/Applications/Xcode.app/Contents/Developer/Platforms/MacOSX.platform/Developer/SDKs/MacOSX26.1.sdk/usr/include/sys/_types/_uuid_t.h
/Applications/Xcode.app/Contents/Developer/Platforms/MacOSX.platform/Developer/SDKs/MacOSX26.1.sdk/usr/include/i386/types.h
/Applications/Xcode.app/Contents/Developer/Platforms/MacOSX.platform/Developer/SDKs/MacOSX26.1.sdk/usr/include/i386/_types.h
/Applications/Xcode.app/Contents/Developer/Platforms/MacOSX.platform/Developer/SDKs/MacOSX26.1.sdk/usr/include/_ctype.h
/Applications/Xcode.app/Contents/Developer/Platforms/MacOSX.platform/Developer/SDKs/MacOSX26.1.sdk/usr/include/xlocale/_ctype.h
/Applications/Xcode.app/Contents/Developer/Platforms/MacOSX.platform/Developer/SDKs/MacOSX26.1.sdk/usr/include/locale.h
/Applications/Xcode.app/Contents/Developer/Platforms/MacOSX.platform/Developer/SDKs/MacOSX26.1.sdk/usr/include/_locale.h
/Applications/Xcode.app/Contents/Developer/Platforms/MacOSX.platform/Developer/SDKs/MacOSX26.1.sdk/usr/include/_locale_posix2008.h
/Applications/Xcode.app/Contents/Developer/Platforms/MacOSX.platform/Developer/SDKs/MacOSX26.1.sdk/usr/include/stdint.h
/Applications/Xcode.app/Contents/Developer/Platforms/MacOSX.platform/Developer/SDKs/MacOSX26.1.sdk/usr/include/_types/_uint8_t.h
/Applications/Xcode.app/Contents/Developer/Platforms/MacOSX.platform/Developer/SDKs/MacOSX26.1.sdk/usr/include/_types/_uint16_t.h
/Applications/Xcode.app/Contents/Developer/Platforms/MacOSX.platform/Developer/SDKs/MacOSX26.1.sdk/usr/include/_types/_uint32_t.h
/Applications/Xcode.app/Contents/Developer/Platforms/MacOSX.platform/Developer/SDKs/MacOSX26.1.sdk/usr/include/_types/_uint64_t.h
/Applications/Xcode.app/Contents/Developer/Platforms/MacOSX.platform/Developer/SDKs/MacOSX26.1.sdk/usr/include/_types/_intmax_t.h
/Applications/Xcode.app/Contents/Developer/Platforms/MacOSX.platform/Developer/SDKs/MacOSX26.1.sdk/usr/include/_types/_uintmax_t.h
/Applications/Xcode.app/Contents/Developer/Platforms/MacOSX.platform/Developer/SDKs/MacOSX26.1.sdk/usr/include/_stdio.h
/Applications/Xcode.app/Contents/Developer/Platforms/MacOSX.platform/Developer/SDKs/MacOSX26.1.sdk/usr/include/sys/stdio.h
/Applications/Xcode.app/Contents/Developer/Platforms/MacOSX.platform/Developer/SDKs/MacOSX26.1.sdk/usr/include/_printf.h
/Applications/Xcode.app/Contents/Developer/Platforms/MacOSX.platform/Developer/SDKs/MacOSX26.1.sdk/usr/include/sys/_types/_seek_set.h
/Applications/Xcode.app/Contents/Developer/Platforms/MacOSX.platform/Developer/SDKs/MacOSX26.1.sdk/usr/include/_ctermid.h
/Applications/Xcode.app/Contents/Developer/Platforms/MacOSX.platform/Developer/SDKs/MacOSX26.1.sdk/usr/include/secure/_stdio.h
/Applications/Xcode.app/Contents/Developer/Platforms/MacOSX.platform/Developer/SDKs/MacOSX26.1.sdk/usr/include/xlocale/_stdio.h
/Applications/Xcode.app/Contents/Developer/Platforms/MacOSX.platform/Developer/SDKs/MacOSX26.1.sdk/usr/include/_string.h
/Applications/Xcode.app/Contents/Developer/Platforms/MacOSX.platform/Developer/SDKs/MacOSX26.1.sdk/usr/include/secure/_string.h
/Applications/Xcode.app/Contents/Developer/Platforms/MacOSX.platform/Developer/SDKs/MacOSX26.1.sdk/usr/include/xlocale/_string.h
/Applications/Xcode.app/Contents/Developer/Platforms/MacOSX.platform/Developer/SDKs/MacOSX26.1.sdk/usr/include/tgmath.h
/Applications/Xcode.app/Contents/Developer/Platforms/MacOSX.platform/Developer/SDKs/MacOSX26.1.sdk/usr/include/_time.h
/Applications/Xcode.app/Contents/Developer/Platforms/MacOSX.platform/Developer/SDKs/MacOSX26.1.sdk/usr/include/sys/_types/_timespec.h
/Applications/Xcode.app/Contents/Developer/Platforms/MacOSX.platform/Developer/SDKs/MacOSX26.1.sdk/usr/include/xlocale/_time.h
/Applications/Xcode.app/Contents/Developer/Platforms/MacOSX.platform/Developer/SDKs/MacOSX26.1.sdk/SDKSettings.json
/Applications/Xcode.app/Contents/Developer/Platforms/MacOSX.platform/Developer/SDKs/MacOSX26.1.sdk/usr/include/DarwinFoundation2.modulemap
/Applications/Xcode.app/Contents/Developer/Platforms/MacOSX.platform/Developer/SDKs/MacOSX26.1.sdk/usr/include/DarwinFoundation3.modulemap
/Applications/Xcode.app/Contents/Developer/Platforms/MacOSX.platform/Developer/SDKs/MacOSX26.1.sdk/usr/include/DarwinFoundation1.modulemap
/Applications/Xcode.app/Contents/Developer/Platforms/MacOSX.platform/Developer/SDKs/MacOSX26.1.sdk/usr/include/pthread/pthread.h
/Applications/Xcode.app/Contents/Developer/Platforms/MacOSX.platform/Developer/SDKs/MacOSX26.1.sdk/usr/include/pthread/sched.h
/Applications/Xcode.app/Contents/Developer/Platforms/MacOSX.platform/Developer/SDKs/MacOSX26.1.sdk/usr/include/pthread/pthread_impl.h
/Applications/Xcode.app/Contents/Developer/Platforms/MacOSX.platform/Developer/SDKs/MacOSX26.1.sdk/usr/include/time.h
/Applications/Xcode.app/Contents/Developer/Platforms/MacOSX.platform/Developer/SDKs/MacOSX26.1.sdk/usr/include/pthread/qos.h
/Applications/Xcode.app/Contents/Developer/Platforms/MacOSX.platform/Developer/SDKs/MacOSX26.1.sdk/usr/include/sys/_types/_sigset_t.h
/Applications/Xcode.app/Contents/Developer/Platforms/MacOSX.platform/Developer/SDKs/MacOSX26.1.sdk/usr/include/sys/resource.h
/Applications/Xcode.app/Contents/Developer/Toolchains/XcodeDefault.xctoolchain/usr/lib/swift/clang/include/module.modulemap
/Applications/Xcode.app/Contents/Developer/Platforms/MacOSX.platform/Developer/SDKs/MacOSX26.1.sdk/usr/include/sys/select.h
/Applications/Xcode.app/Contents/Developer/Platforms/MacOSX.platform/Developer/SDKs/MacOSX26.1.sdk/usr/include/sys/_select.h
/Applications/Xcode.app/Contents/Developer/Platforms/MacOSX.platform/Developer/SDKs/MacOSX26.1.sdk/usr/include/sys/wait.h
/Applications/Xcode.app/Contents/Developer/Platforms/MacOSX.platform/Developer/SDKs/MacOSX26.1.sdk/usr/include/sys/signal.h
/Applications/Xcode.app/Contents/Developer/Platforms/MacOSX.platform/Developer/SDKs/MacOSX26.1.sdk/usr/include/machine/signal.h
/Applications/Xcode.app/Contents/Developer/Platforms/MacOSX.platform/Developer/SDKs/MacOSX26.1.sdk/usr/include/arm/signal.h
/Applications/Xcode.app/Contents/Developer/Platforms/MacOSX.platform/Developer/SDKs/MacOSX26.1.sdk/usr/include/machine/_mcontext.h
/Applications/Xcode.app/Contents/Developer/Platforms/MacOSX.platform/Developer/SDKs/MacOSX26.1.sdk/usr/include/arm/_mcontext.h
/Applications/Xcode.app/Contents/Developer/Platforms/MacOSX.platform/Developer/SDKs/MacOSX26.1.sdk/usr/include/mach/machine/_structs.h
/Applications/Xcode.app/Contents/Developer/Platforms/MacOSX.platform/Developer/SDKs/MacOSX26.1.sdk/usr/include/mach/arm/_structs.h
/Applications/Xcode.app/Contents/Developer/Platforms/MacOSX.platform/Developer/SDKs/MacOSX26.1.sdk/usr/include/sys/_types/_sigaltstack.h
/Applications/Xcode.app/Contents/Developer/Platforms/MacOSX.platform/Developer/SDKs/MacOSX26.1.sdk/usr/include/sys/_types/_ucontext.h
/Applications/Xcode.app/Contents/Developer/Platforms/MacOSX.platform/Developer/SDKs/MacOSX26.1.sdk/usr/include/unistd.h
/Applications/Xcode.app/Contents/Developer/Platforms/MacOSX.platform/Developer/SDKs/MacOSX26.1.sdk/usr/include/sys/unistd.h
/Applications/Xcode.app/Contents/Developer/Platforms/MacOSX.platform/Developer/SDKs/MacOSX26.1.sdk/usr/include/sys/_types/_posix_vdisable.h
/Applications/Xcode.app/Contents/Developer/Platforms/MacOSX.platform/Developer/SDKs/MacOSX26.1.sdk/usr/include/gethostuuid.h
/Applications/Xcode.app/Contents/Developer/Platforms/MacOSX.platform/Developer/SDKs/MacOSX26.1.sdk/usr/include/mach/i386/_structs.h
/Applications/Xcode.app/Contents/Developer/Platforms/MacOSX.platform/Developer/SDKs/MacOSX26.1.sdk/usr/include/_inttypes.h
/Applications/Xcode.app/Contents/Developer/Platforms/MacOSX.platform/Developer/SDKs/MacOSX26.1.sdk/usr/include/xlocale/_inttypes.h
/Applications/Xcode.app/Contents/Developer/Toolchains/XcodeDefault.xctoolchain/usr/lib/swift/clang/include/stddef.h
/Applications/Xcode.app/Contents/Developer/Platforms/MacOSX.platform/Developer/SDKs/MacOSX26.1.sdk/usr/include/signal.h
/Applications/Xcode.app/Contents/Developer/Platforms/MacOSX.platform/Developer/SDKs/MacOSX26.1.sdk/usr/include/i386/signal.h
/Applications/Xcode.app/Contents/Developer/Platforms/MacOSX.platform/Developer/SDKs/MacOSX26.1.sdk/usr/include/i386/_mcontext.h
/Applications/Xcode.app/Contents/Developer/Platforms/MacOSX.platform/Developer/SDKs/MacOSX26.1.sdk/usr/include/_stdlib.h
/Applications/Xcode.app/Contents/Developer/Platforms/MacOSX.platform/Developer/SDKs/MacOSX26.1.sdk/usr/include/malloc/_malloc.h
/Applications/Xcode.app/Contents/Developer/Platforms/MacOSX.platform/Developer/SDKs/MacOSX26.1.sdk/usr/include/malloc/_malloc_type.h
/Applications/Xcode.app/Contents/Developer/Platforms/MacOSX.platform/Developer/SDKs/MacOSX26.1.sdk/usr/include/malloc/_ptrcheck.h
/Applications/Xcode.app/Contents/Developer/Platforms/MacOSX.platform/Developer/SDKs/MacOSX26.1.sdk/usr/include/_abort.h
/Applications/Xcode.app/Contents/Developer/Platforms/MacOSX.platform/Developer/SDKs/MacOSX26.1.sdk/usr/include/xlocale/_stdlib.h
/Applications/Xcode.app/Contents/Developer/Platforms/MacOSX.platform/Developer/SDKs/MacOSX26.1.sdk/usr/include/_wchar.h
/Applications/Xcode.app/Contents/Developer/Platforms/MacOSX.platform/Developer/SDKs/MacOSX26.1.sdk/usr/include/sys/_types/_mbstate_t.h
/Applications/Xcode.app/Contents/Developer/Toolchains/XcodeDefault.xctoolchain/usr/lib/swift/clang/include/stdarg.h
/Applications/Xcode.app/Contents/Developer/Platforms/MacOSX.platform/Developer/SDKs/MacOSX26.1.sdk/usr/include/stdio.h
/Applications/Xcode.app/Contents/Developer/Platforms/MacOSX.platform/Developer/SDKs/MacOSX26.1.sdk/usr/include/__wctype.h
/Applications/Xcode.app/Contents/Developer/Platforms/MacOSX.platform/Developer/SDKs/MacOSX26.1.sdk/usr/include/___wctype.h
/Applications/Xcode.app/Contents/Developer/Platforms/MacOSX.platform/Developer/SDKs/MacOSX26.1.sdk/usr/include/_types/_wctype_t.h
/Applications/Xcode.app/Contents/Developer/Platforms/MacOSX.platform/Developer/SDKs/MacOSX26.1.sdk/usr/include/ctype.h
/Applications/Xcode.app/Contents/Developer/Platforms/MacOSX.platform/Developer/SDKs/MacOSX26.1.sdk/usr/include/xlocale/_wchar.h
/Applications/Xcode.app/Contents/Developer/Platforms/MacOSX.platform/Developer/SDKs/MacOSX26.1.sdk/usr/include/_wctype.h
/Applications/Xcode.app/Contents/Developer/Platforms/MacOSX.platform/Developer/SDKs/MacOSX26.1.sdk/usr/include/_types/_wctrans_t.h
/Applications/Xcode.app/Contents/Developer/Platforms/MacOSX.platform/Developer/SDKs/MacOSX26.1.sdk/usr/include/xlocale/_wctype.h
/Applications/Xcode.app/Contents/Developer/Platforms/MacOSX.platform/Developer/SDKs/MacOSX26.1.sdk/usr/include/xlocale/___wctype.h
/Applications/Xcode.app/Contents/Developer/Platforms/MacOSX.platform/Developer/SDKs/MacOSX26.1.sdk/SDKSettings.json
/Applications/Xcode.app/Contents/Developer/Toolchains/XcodeDefault.xctoolchain/usr/lib/swift/macosx/prebuilt-modules/26.1/_DarwinFoundation3.swiftmodule/arm64e-apple-macos.swiftmodule
/Applications/Xcode.app/Contents/Developer/Toolchains/XcodeDefault.xctoolchain/usr/lib/swift/macosx/prebuilt-modules/26.1/_StringProcessing.swiftmodule/arm64e-apple-macos.swiftmodule
/Applications/Xcode.app/Contents/Developer/Platforms/MacOSX.platform/Developer/SDKs/MacOSX26.1.sdk/usr/lib/swift/shims/module.modulemap
/Applications/Xcode.app/Contents/Developer/Platforms/MacOSX.platform/Developer/SDKs/MacOSX26.1.sdk/usr/lib/swift/shims/_SwiftConcurrency.h
/Applications/Xcode.app/Contents/Developer/Platforms/MacOSX.platform/Developer/SDKs/MacOSX26.1.sdk/SDKSettings.json
/Applications/Xcode.app/Contents/Developer/Platforms/MacOSX.platform/Developer/SDKs/MacOSX26.1.sdk/usr/include/launch.modulemap
/Applications/Xcode.app/Contents/Developer/Platforms/MacOSX.platform/Developer/SDKs/MacOSX26.1.sdk/usr/include/Darwin.modulemap
/Applications/Xcode.app/Contents/Developer/Platforms/MacOSX.platform/Developer/SDKs/MacOSX26.1.sdk/usr/include/Darwin_C.modulemap
/Applications/Xcode.app/Contents/Developer/Platforms/MacOSX.platform/Developer/SDKs/MacOSX26.1.sdk/usr/include/Darwin_POSIX.modulemap
/Applications/Xcode.app/Contents/Developer/Platforms/MacOSX.platform/Developer/SDKs/MacOSX26.1.sdk/usr/include/net.modulemap
/Applications/Xcode.app/Contents/Developer/Platforms/MacOSX.platform/Developer/SDKs/MacOSX26.1.sdk/usr/include/netinet.modulemap
/Applications/Xcode.app/Contents/Developer/Platforms/MacOSX.platform/Developer/SDKs/MacOSX26.1.sdk/usr/include/bank.modulemap
/Applications/Xcode.app/Contents/Developer/Platforms/MacOSX.platform/Developer/SDKs/MacOSX26.1.sdk/usr/include/Darwin_Mach.modulemap
/Applications/Xcode.app/Contents/Developer/Platforms/MacOSX.platform/Developer/SDKs/MacOSX26.1.sdk/usr/include/Darwin_Mach_machine.modulemap
/Applications/Xcode.app/Contents/Developer/Platforms/MacOSX.platform/Developer/SDKs/MacOSX26.1.sdk/usr/include/mach_debug.modulemap
/Applications/Xcode.app/Contents/Developer/Platforms/MacOSX.platform/Developer/SDKs/MacOSX26.1.sdk/usr/include/device.modulemap
/Applications/Xcode.app/Contents/Developer/Platforms/MacOSX.platform/Developer/SDKs/MacOSX26.1.sdk/usr/include/Darwin_machine.modulemap
/Applications/Xcode.app/Contents/Developer/Platforms/MacOSX.platform/Developer/SDKs/MacOSX26.1.sdk/usr/include/ncurses.modulemap
/Applications/Xcode.app/Contents/Developer/Platforms/MacOSX.platform/Developer/SDKs/MacOSX26.1.sdk/usr/include/netinet6.modulemap
/Applications/Xcode.app/Contents/Developer/Platforms/MacOSX.platform/Developer/SDKs/MacOSX26.1.sdk/usr/include/Darwin_sys.modulemap
/Applications/Xcode.app/Contents/Developer/Platforms/MacOSX.platform/Developer/SDKs/MacOSX26.1.sdk/usr/include/uuid.modulemap
/Applications/Xcode.app/Contents/Developer/Platforms/MacOSX.platform/Developer/SDKs/MacOSX26.1.sdk/usr/include/DarwinFoundation1.modulemap
/Applications/Xcode.app/Contents/Developer/Platforms/MacOSX.platform/Developer/SDKs/MacOSX26.1.sdk/usr/include/launch.h
/Applications/Xcode.app/Contents/Developer/Toolchains/XcodeDefault.xctoolchain/usr/lib/swift/clang/include/module.modulemap
/Applications/Xcode.app/Contents/Developer/Toolchains/XcodeDefault.xctoolchain/usr/lib/swift/clang/include/stddef.h
/Applications/Xcode.app/Contents/Developer/Platforms/MacOSX.platform/Developer/SDKs/MacOSX26.1.sdk/SDKSettings.json
/Applications/Xcode.app/Contents/Developer/Platforms/MacOSX.platform/Developer/SDKs/MacOSX26.1.sdk/usr/include/libDER/module.modulemap
/Applications/Xcode.app/Contents/Developer/Platforms/MacOSX.platform/Developer/SDKs/MacOSX26.1.sdk/usr/include/libDER/DERItem.h
/Applications/Xcode.app/Contents/Developer/Platforms/MacOSX.platform/Developer/SDKs/MacOSX26.1.sdk/usr/include/libDER/libDER_config.h
/Applications/Xcode.app/Contents/Developer/Toolchains/XcodeDefault.xctoolchain/usr/lib/swift/clang/include/module.modulemap
/Applications/Xcode.app/Contents/Developer/Toolchains/XcodeDefault.xctoolchain/usr/lib/swift/clang/include/stddef.h
/Applications/Xcode.app/Contents/Developer/Platforms/MacOSX.platform/Developer/SDKs/MacOSX26.1.sdk/usr/include/DarwinFoundation2.modulemap
/Applications/Xcode.app/Contents/Developer/Platforms/MacOSX.platform/Developer/SDKs/MacOSX26.1.sdk/usr/include/DarwinFoundation1.modulemap
/Applications/Xcode.app/Contents/Developer/Platforms/MacOSX.platform/Developer/SDKs/MacOSX26.1.sdk/usr/include/string.h
/Applications/Xcode.app/Contents/Developer/Platforms/MacOSX.platform/Developer/SDKs/MacOSX26.1.sdk/SDKSettings.json
/Applications/Xcode.app/Contents/Developer/Platforms/MacOSX.platform/Developer/SDKs/MacOSX26.1.sdk/usr/include/libkern.modulemap
/Applications/Xcode.app/Contents/Developer/Platforms/MacOSX.platform/Developer/SDKs/MacOSX26.1.sdk/usr/include/Darwin.modulemap
/Applications/Xcode.app/Contents/Developer/Platforms/MacOSX.platform/Developer/SDKs/MacOSX26.1.sdk/usr/include/Darwin_C.modulemap
/Applications/Xcode.app/Contents/Developer/Platforms/MacOSX.platform/Developer/SDKs/MacOSX26.1.sdk/usr/include/Darwin_POSIX.modulemap
/Applications/Xcode.app/Contents/Developer/Platforms/MacOSX.platform/Developer/SDKs/MacOSX26.1.sdk/usr/include/net.modulemap
/Applications/Xcode.app/Contents/Developer/Platforms/MacOSX.platform/Developer/SDKs/MacOSX26.1.sdk/usr/include/netinet.modulemap
/Applications/Xcode.app/Contents/Developer/Platforms/MacOSX.platform/Developer/SDKs/MacOSX26.1.sdk/usr/include/bank.modulemap
/Applications/Xcode.app/Contents/Developer/Platforms/MacOSX.platform/Developer/SDKs/MacOSX26.1.sdk/usr/include/Darwin_Mach.modulemap
/Applications/Xcode.app/Contents/Developer/Platforms/MacOSX.platform/Developer/SDKs/MacOSX26.1.sdk/usr/include/Darwin_Mach_machine.modulemap
/Applications/Xcode.app/Contents/Developer/Platforms/MacOSX.platform/Developer/SDKs/MacOSX26.1.sdk/usr/include/mach_debug.modulemap
/Applications/Xcode.app/Contents/Developer/Platforms/MacOSX.platform/Developer/SDKs/MacOSX26.1.sdk/usr/include/device.modulemap
/Applications/Xcode.app/Contents/Developer/Platforms/MacOSX.platform/Developer/SDKs/MacOSX26.1.sdk/usr/include/Darwin_machine.modulemap
/Applications/Xcode.app/Contents/Developer/Platforms/MacOSX.platform/Developer/SDKs/MacOSX26.1.sdk/usr/include/ncurses.modulemap
/Applications/Xcode.app/Contents/Developer/Platforms/MacOSX.platform/Developer/SDKs/MacOSX26.1.sdk/usr/include/netinet6.modulemap
/Applications/Xcode.app/Contents/Developer/Platforms/MacOSX.platform/Developer/SDKs/MacOSX26.1.sdk/usr/include/Darwin_sys.modulemap
/Applications/Xcode.app/Contents/Developer/Platforms/MacOSX.platform/Developer/SDKs/MacOSX26.1.sdk/usr/include/uuid.modulemap
/Applications/Xcode.app/Contents/Developer/Platforms/MacOSX.platform/Developer/SDKs/MacOSX26.1.sdk/usr/include/DarwinFoundation1.modulemap
/Applications/Xcode.app/Contents/Developer/Platforms/MacOSX.platform/Developer/SDKs/MacOSX26.1.sdk/usr/include/libkern/OSCacheControl.h
/Applications/Xcode.app/Contents/Developer/Toolchains/XcodeDefault.xctoolchain/usr/lib/swift/clang/include/module.modulemap
/Applications/Xcode.app/Contents/Developer/Toolchains/XcodeDefault.xctoolchain/usr/lib/swift/clang/include/stddef.h
/Applications/Xcode.app/Contents/Developer/Platforms/MacOSX.platform/Developer/SDKs/MacOSX26.1.sdk/usr/include/libkern/OSDebug.h
/Applications/Xcode.app/Contents/Developer/Platforms/MacOSX.platform/Developer/SDKs/MacOSX26.1.sdk/usr/include/libkern/OSReturn.h
/Applications/Xcode.app/Contents/Developer/Platforms/MacOSX.platform/Developer/SDKs/MacOSX26.1.sdk/usr/include/libkern/OSThermalNotification.h
/Applications/Xcode.app/Contents/Developer/Platforms/MacOSX.platform/Developer/SDKs/MacOSX26.1.sdk/usr/include/libkern/OSTypes.h
/Applications/Xcode.app/Contents/Developer/Platforms/MacOSX.platform/Developer/SDKs/MacOSX26.1.sdk/usr/include/libkern/OSKextLib.h
/Applications/Xcode.app/Contents/Developer/Platforms/MacOSX.platform/Developer/SDKs/MacOSX26.1.sdk/SDKSettings.json
/Applications/Xcode.app/Contents/Developer/Platforms/MacOSX.platform/Developer/SDKs/MacOSX26.1.sdk/usr/include/os.modulemap
/Applications/Xcode.app/Contents/Developer/Platforms/MacOSX.platform/Developer/SDKs/MacOSX26.1.sdk/usr/include/ObjectiveC.modulemap
/Applications/Xcode.app/Contents/Developer/Platforms/MacOSX.platform/Developer/SDKs/MacOSX26.1.sdk/usr/include/Darwin.modulemap
/Applications/Xcode.app/Contents/Developer/Platforms/MacOSX.platform/Developer/SDKs/MacOSX26.1.sdk/usr/include/Darwin_C.modulemap
/Applications/Xcode.app/Contents/Developer/Platforms/MacOSX.platform/Developer/SDKs/MacOSX26.1.sdk/usr/include/Darwin_POSIX.modulemap
/Applications/Xcode.app/Contents/Developer/Platforms/MacOSX.platform/Developer/SDKs/MacOSX26.1.sdk/usr/include/net.modulemap
/Applications/Xcode.app/Contents/Developer/Platforms/MacOSX.platform/Developer/SDKs/MacOSX26.1.sdk/usr/include/netinet.modulemap
/Applications/Xcode.app/Contents/Developer/Platforms/MacOSX.platform/Developer/SDKs/MacOSX26.1.sdk/usr/include/bank.modulemap
/Applications/Xcode.app/Contents/Developer/Platforms/MacOSX.platform/Developer/SDKs/MacOSX26.1.sdk/usr/include/Darwin_Mach.modulemap
/Applications/Xcode.app/Contents/Developer/Platforms/MacOSX.platform/Developer/SDKs/MacOSX26.1.sdk/usr/include/Darwin_Mach_machine.modulemap
/Applications/Xcode.app/Contents/Developer/Platforms/MacOSX.platform/Developer/SDKs/MacOSX26.1.sdk/usr/include/mach_debug.modulemap
/Applications/Xcode.app/Contents/Developer/Platforms/MacOSX.platform/Developer/SDKs/MacOSX26.1.sdk/usr/include/device.modulemap
/Applications/Xcode.app/Contents/Developer/Platforms/MacOSX.platform/Developer/SDKs/MacOSX26.1.sdk/usr/include/Darwin_machine.modulemap
/Applications/Xcode.app/Contents/Developer/Platforms/MacOSX.platform/Developer/SDKs/MacOSX26.1.sdk/usr/include/ncurses.modulemap
/Applications/Xcode.app/Contents/Developer/Platforms/MacOSX.platform/Developer/SDKs/MacOSX26.1.sdk/usr/include/netinet6.modulemap
/Applications/Xcode.app/Contents/Developer/Platforms/MacOSX.platform/Developer/SDKs/MacOSX26.1.sdk/usr/include/Darwin_sys.modulemap
/Applications/Xcode.app/Contents/Developer/Platforms/MacOSX.platform/Developer/SDKs/MacOSX26.1.sdk/usr/include/uuid.modulemap
/Applications/Xcode.app/Contents/Developer/Platforms/MacOSX.platform/Developer/SDKs/MacOSX26.1.sdk/usr/include/DarwinFoundation1.modulemap
/Applications/Xcode.app/Contents/Developer/Platforms/MacOSX.platform/Developer/SDKs/MacOSX26.1.sdk/usr/include/os/object.h
/Applications/Xcode.app/Contents/Developer/Platforms/MacOSX.platform/Developer/SDKs/MacOSX26.1.sdk/SDKSettings.json
/Applications/Xcode.app/Contents/Developer/Platforms/MacOSX.platform/Developer/SDKs/MacOSX26.1.sdk/usr/include/os.modulemap
/Applications/Xcode.app/Contents/Developer/Platforms/MacOSX.platform/Developer/SDKs/MacOSX26.1.sdk/usr/include/Darwin.modulemap
/Applications/Xcode.app/Contents/Developer/Platforms/MacOSX.platform/Developer/SDKs/MacOSX26.1.sdk/usr/include/Darwin_C.modulemap
/Applications/Xcode.app/Contents/Developer/Platforms/MacOSX.platform/Developer/SDKs/MacOSX26.1.sdk/usr/include/Darwin_POSIX.modulemap
/Applications/Xcode.app/Contents/Developer/Platforms/MacOSX.platform/Developer/SDKs/MacOSX26.1.sdk/usr/include/net.modulemap
/Applications/Xcode.app/Contents/Developer/Platforms/MacOSX.platform/Developer/SDKs/MacOSX26.1.sdk/usr/include/netinet.modulemap
/Applications/Xcode.app/Contents/Developer/Platforms/MacOSX.platform/Developer/SDKs/MacOSX26.1.sdk/usr/include/bank.modulemap
/Applications/Xcode.app/Contents/Developer/Platforms/MacOSX.platform/Developer/SDKs/MacOSX26.1.sdk/usr/include/Darwin_Mach.modulemap
/Applications/Xcode.app/Contents/Developer/Platforms/MacOSX.platform/Developer/SDKs/MacOSX26.1.sdk/usr/include/Darwin_Mach_machine.modulemap
/Applications/Xcode.app/Contents/Developer/Platforms/MacOSX.platform/Developer/SDKs/MacOSX26.1.sdk/usr/include/mach_debug.modulemap
/Applications/Xcode.app/Contents/Developer/Platforms/MacOSX.platform/Developer/SDKs/MacOSX26.1.sdk/usr/include/device.modulemap
/Applications/Xcode.app/Contents/Developer/Platforms/MacOSX.platform/Developer/SDKs/MacOSX26.1.sdk/usr/include/Darwin_machine.modulemap
/Applications/Xcode.app/Contents/Developer/Platforms/MacOSX.platform/Developer/SDKs/MacOSX26.1.sdk/usr/include/ncurses.modulemap
/Applications/Xcode.app/Contents/Developer/Platforms/MacOSX.platform/Developer/SDKs/MacOSX26.1.sdk/usr/include/netinet6.modulemap
/Applications/Xcode.app/Contents/Developer/Platforms/MacOSX.platform/Developer/SDKs/MacOSX26.1.sdk/usr/include/Darwin_sys.modulemap
/Applications/Xcode.app/Contents/Developer/Platforms/MacOSX.platform/Developer/SDKs/MacOSX26.1.sdk/usr/include/uuid.modulemap
/Applications/Xcode.app/Contents/Developer/Platforms/MacOSX.platform/Developer/SDKs/MacOSX26.1.sdk/usr/include/DarwinFoundation2.modulemap
/Applications/Xcode.app/Contents/Developer/Platforms/MacOSX.platform/Developer/SDKs/MacOSX26.1.sdk/usr/include/DarwinFoundation3.modulemap
/Applications/Xcode.app/Contents/Developer/Platforms/MacOSX.platform/Developer/SDKs/MacOSX26.1.sdk/usr/include/DarwinFoundation1.modulemap
/Applications/Xcode.app/Contents/Developer/Platforms/MacOSX.platform/Developer/SDKs/MacOSX26.1.sdk/usr/include/os/workgroup.h
/Applications/Xcode.app/Contents/Developer/Platforms/MacOSX.platform/Developer/SDKs/MacOSX26.1.sdk/usr/include/os/workgroup_base.h
/Applications/Xcode.app/Contents/Developer/Toolchains/XcodeDefault.xctoolchain/usr/lib/swift/clang/include/module.modulemap
/Applications/Xcode.app/Contents/Developer/Toolchains/XcodeDefault.xctoolchain/usr/lib/swift/clang/include/stddef.h
/Applications/Xcode.app/Contents/Developer/Platforms/MacOSX.platform/Developer/SDKs/MacOSX26.1.sdk/usr/include/string.h
/Applications/Xcode.app/Contents/Developer/Platforms/MacOSX.platform/Developer/SDKs/MacOSX26.1.sdk/usr/include/stdlib.h
/Applications/Xcode.app/Contents/Developer/Platforms/MacOSX.platform/Developer/SDKs/MacOSX26.1.sdk/usr/include/os/workgroup_object.h
/Applications/Xcode.app/Contents/Developer/Platforms/MacOSX.platform/Developer/SDKs/MacOSX26.1.sdk/usr/include/os/workgroup_interval.h
/Applications/Xcode.app/Contents/Developer/Platforms/MacOSX.platform/Developer/SDKs/MacOSX26.1.sdk/usr/include/os/workgroup_parallel.h
/Applications/Xcode.app/Contents/Developer/Platforms/MacOSX.platform/Developer/SDKs/MacOSX26.1.sdk/SDKSettings.json
/Applications/Xcode.app/Contents/Developer/Toolchains/XcodeDefault.xctoolchain/usr/lib/swift/clang/include/module.modulemap
/Applications/Xcode.app/Contents/Developer/Toolchains/XcodeDefault.xctoolchain/usr/lib/swift/clang/include/ptrauth.h
/Applications/Xcode.app/Contents/Developer/Platforms/MacOSX.platform/Developer/SDKs/MacOSX26.1.sdk/SDKSettings.json
/Applications/Xcode.app/Contents/Developer/Toolchains/XcodeDefault.xctoolchain/usr/lib/swift/clang/include/module.modulemap
/Applications/Xcode.app/Contents/Developer/Toolchains/XcodeDefault.xctoolchain/usr/lib/swift/clang/include/ptrcheck.h
/Applications/Xcode.app/Contents/Developer/Platforms/MacOSX.platform/Developer/SDKs/MacOSX26.1.sdk/SDKSettings.json
/Applications/Xcode.app/Contents/Developer/Platforms/MacOSX.platform/Developer/SDKs/MacOSX26.1.sdk/usr/include/DarwinFoundation2.modulemap
/Applications/Xcode.app/Contents/Developer/Platforms/MacOSX.platform/Developer/SDKs/MacOSX26.1.sdk/usr/include/_modules/_sys_types.h
/Applications/Xcode.app/Contents/Developer/Platforms/MacOSX.platform/Developer/SDKs/MacOSX26.1.sdk/SDKSettings.json

Copy /Users/rogerlin/Library/Developer/Xcode/DerivedData/FinancialCalculatorKit-ackorybalcxbfocbkqsfdzcfkgmn/Build/Products/Debug/CasePathsCore.swiftmodule/arm64-apple-macos.swiftmodule /Users/rogerlin/Library/Developer/Xcode/DerivedData/FinancialCalculatorKit-ackorybalcxbfocbkqsfdzcfkgmn/Build/Intermediates.noindex/swift-case-paths.build/Debug/CasePathsCore.build/Objects-normal/arm64/CasePathsCore.swiftmodule (in target 'CasePathsCore' from project 'swift-case-paths')
    cd /Users/rogerlin/Library/Developer/Xcode/DerivedData/FinancialCalculatorKit-ackorybalcxbfocbkqsfdzcfkgmn/SourcePackages/checkouts/swift-case-paths
    builtin-copy -exclude .DS_Store -exclude CVS -exclude .svn -exclude .git -exclude .hg -resolve-src-symlinks -rename /Users/rogerlin/Library/Developer/Xcode/DerivedData/FinancialCalculatorKit-ackorybalcxbfocbkqsfdzcfkgmn/Build/Intermediates.noindex/swift-case-paths.build/Debug/CasePathsCore.build/Objects-normal/arm64/CasePathsCore.swiftmodule /Users/rogerlin/Library/Developer/Xcode/DerivedData/FinancialCalculatorKit-ackorybalcxbfocbkqsfdzcfkgmn/Build/Products/Debug/CasePathsCore.swiftmodule/arm64-apple-macos.swiftmodule

    Task input dependencies:
        /Users/rogerlin/Library/Developer/Xcode/DerivedData/FinancialCalculatorKit-ackorybalcxbfocbkqsfdzcfkgmn/Build/Intermediates.noindex/swift-case-paths.build/Debug/CasePathsCore.build/Objects-normal/arm64/CasePathsCore.swiftmodule/

    Task output dependencies:
        /Users/rogerlin/Library/Developer/Xcode/DerivedData/FinancialCalculatorKit-ackorybalcxbfocbkqsfdzcfkgmn/Build/Products/Debug/CasePathsCore.swiftmodule/arm64-apple-macos.swiftmodule

SwiftMergeGeneratedHeaders /Users/rogerlin/Library/Developer/Xcode/DerivedData/FinancialCalculatorKit-ackorybalcxbfocbkqsfdzcfkgmn/Build/Intermediates.noindex/GeneratedModuleMaps/ExpressionParser-Swift.h /Users/rogerlin/Library/Developer/Xcode/DerivedData/FinancialCalculatorKit-ackorybalcxbfocbkqsfdzcfkgmn/Build/Intermediates.noindex/ExpressionParser.build/Debug/ExpressionParser.build/Objects-normal/arm64/ExpressionParser-Swift.h (in target 'ExpressionParser' from project 'ExpressionParser')
    cd /Users/rogerlin/Library/Developer/Xcode/DerivedData/FinancialCalculatorKit-ackorybalcxbfocbkqsfdzcfkgmn/SourcePackages/checkouts/ExpressionParser
    builtin-swiftHeaderTool -arch arm64 /Users/rogerlin/Library/Developer/Xcode/DerivedData/FinancialCalculatorKit-ackorybalcxbfocbkqsfdzcfkgmn/Build/Intermediates.noindex/ExpressionParser.build/Debug/ExpressionParser.build/Objects-normal/arm64/ExpressionParser-Swift.h -o /Users/rogerlin/Library/Developer/Xcode/DerivedData/FinancialCalculatorKit-ackorybalcxbfocbkqsfdzcfkgmn/Build/Intermediates.noindex/GeneratedModuleMaps/ExpressionParser-Swift.h

    Task input dependencies:
        /Users/rogerlin/Library/Developer/Xcode/DerivedData/FinancialCalculatorKit-ackorybalcxbfocbkqsfdzcfkgmn/Build/Intermediates.noindex/ExpressionParser.build/Debug/ExpressionParser.build/Objects-normal/arm64/ExpressionParser-Swift.h

    Task output dependencies:
        /Users/rogerlin/Library/Developer/Xcode/DerivedData/FinancialCalculatorKit-ackorybalcxbfocbkqsfdzcfkgmn/Build/Intermediates.noindex/GeneratedModuleMaps/ExpressionParser-Swift.h

Copy /Users/rogerlin/Library/Developer/Xcode/DerivedData/FinancialCalculatorKit-ackorybalcxbfocbkqsfdzcfkgmn/Build/Products/Debug/ExpressionParser.swiftmodule/arm64-apple-macos.swiftmodule /Users/rogerlin/Library/Developer/Xcode/DerivedData/FinancialCalculatorKit-ackorybalcxbfocbkqsfdzcfkgmn/Build/Intermediates.noindex/ExpressionParser.build/Debug/ExpressionParser.build/Objects-normal/arm64/ExpressionParser.swiftmodule (in target 'ExpressionParser' from project 'ExpressionParser')
    cd /Users/rogerlin/Library/Developer/Xcode/DerivedData/FinancialCalculatorKit-ackorybalcxbfocbkqsfdzcfkgmn/SourcePackages/checkouts/ExpressionParser
    builtin-copy -exclude .DS_Store -exclude CVS -exclude .svn -exclude .git -exclude .hg -resolve-src-symlinks -rename /Users/rogerlin/Library/Developer/Xcode/DerivedData/FinancialCalculatorKit-ackorybalcxbfocbkqsfdzcfkgmn/Build/Intermediates.noindex/ExpressionParser.build/Debug/ExpressionParser.build/Objects-normal/arm64/ExpressionParser.swiftmodule /Users/rogerlin/Library/Developer/Xcode/DerivedData/FinancialCalculatorKit-ackorybalcxbfocbkqsfdzcfkgmn/Build/Products/Debug/ExpressionParser.swiftmodule/arm64-apple-macos.swiftmodule

    Task input dependencies:
        /Users/rogerlin/Library/Developer/Xcode/DerivedData/FinancialCalculatorKit-ackorybalcxbfocbkqsfdzcfkgmn/Build/Intermediates.noindex/ExpressionParser.build/Debug/ExpressionParser.build/Objects-normal/arm64/ExpressionParser.swiftmodule/

    Task output dependencies:
        /Users/rogerlin/Library/Developer/Xcode/DerivedData/FinancialCalculatorKit-ackorybalcxbfocbkqsfdzcfkgmn/Build/Products/Debug/ExpressionParser.swiftmodule/arm64-apple-macos.swiftmodule

Copy /Users/rogerlin/Library/Developer/Xcode/DerivedData/FinancialCalculatorKit-ackorybalcxbfocbkqsfdzcfkgmn/Build/Products/Debug/ExpressionParser.swiftmodule/arm64-apple-macos.swiftdoc /Users/rogerlin/Library/Developer/Xcode/DerivedData/FinancialCalculatorKit-ackorybalcxbfocbkqsfdzcfkgmn/Build/Intermediates.noindex/ExpressionParser.build/Debug/ExpressionParser.build/Objects-normal/arm64/ExpressionParser.swiftdoc (in target 'ExpressionParser' from project 'ExpressionParser')
    cd /Users/rogerlin/Library/Developer/Xcode/DerivedData/FinancialCalculatorKit-ackorybalcxbfocbkqsfdzcfkgmn/SourcePackages/checkouts/ExpressionParser
    builtin-copy -exclude .DS_Store -exclude CVS -exclude .svn -exclude .git -exclude .hg -resolve-src-symlinks -rename /Users/rogerlin/Library/Developer/Xcode/DerivedData/FinancialCalculatorKit-ackorybalcxbfocbkqsfdzcfkgmn/Build/Intermediates.noindex/ExpressionParser.build/Debug/ExpressionParser.build/Objects-normal/arm64/ExpressionParser.swiftdoc /Users/rogerlin/Library/Developer/Xcode/DerivedData/FinancialCalculatorKit-ackorybalcxbfocbkqsfdzcfkgmn/Build/Products/Debug/ExpressionParser.swiftmodule/arm64-apple-macos.swiftdoc

    Task input dependencies:
        /Users/rogerlin/Library/Developer/Xcode/DerivedData/FinancialCalculatorKit-ackorybalcxbfocbkqsfdzcfkgmn/Build/Intermediates.noindex/ExpressionParser.build/Debug/ExpressionParser.build/Objects-normal/arm64/ExpressionParser.swiftdoc/

    Task output dependencies:
        /Users/rogerlin/Library/Developer/Xcode/DerivedData/FinancialCalculatorKit-ackorybalcxbfocbkqsfdzcfkgmn/Build/Products/Debug/ExpressionParser.swiftmodule/arm64-apple-macos.swiftdoc

Copy /Users/rogerlin/Library/Developer/Xcode/DerivedData/FinancialCalculatorKit-ackorybalcxbfocbkqsfdzcfkgmn/Build/Products/Debug/ExpressionParser.swiftmodule/arm64-apple-macos.abi.json /Users/rogerlin/Library/Developer/Xcode/DerivedData/FinancialCalculatorKit-ackorybalcxbfocbkqsfdzcfkgmn/Build/Intermediates.noindex/ExpressionParser.build/Debug/ExpressionParser.build/Objects-normal/arm64/ExpressionParser.abi.json (in target 'ExpressionParser' from project 'ExpressionParser')
    cd /Users/rogerlin/Library/Developer/Xcode/DerivedData/FinancialCalculatorKit-ackorybalcxbfocbkqsfdzcfkgmn/SourcePackages/checkouts/ExpressionParser
    builtin-copy -exclude .DS_Store -exclude CVS -exclude .svn -exclude .git -exclude .hg -resolve-src-symlinks -rename /Users/rogerlin/Library/Developer/Xcode/DerivedData/FinancialCalculatorKit-ackorybalcxbfocbkqsfdzcfkgmn/Build/Intermediates.noindex/ExpressionParser.build/Debug/ExpressionParser.build/Objects-normal/arm64/ExpressionParser.abi.json /Users/rogerlin/Library/Developer/Xcode/DerivedData/FinancialCalculatorKit-ackorybalcxbfocbkqsfdzcfkgmn/Build/Products/Debug/ExpressionParser.swiftmodule/arm64-apple-macos.abi.json

    Task input dependencies:
        /Users/rogerlin/Library/Developer/Xcode/DerivedData/FinancialCalculatorKit-ackorybalcxbfocbkqsfdzcfkgmn/Build/Intermediates.noindex/ExpressionParser.build/Debug/ExpressionParser.build/Objects-normal/arm64/ExpressionParser.abi.json/

    Task output dependencies:
        /Users/rogerlin/Library/Developer/Xcode/DerivedData/FinancialCalculatorKit-ackorybalcxbfocbkqsfdzcfkgmn/Build/Products/Debug/ExpressionParser.swiftmodule/arm64-apple-macos.abi.json

SwiftDriverJobDiscovery normal arm64 Compiling KeyPath+Sendable.swift (in target 'CasePathsCore' from project 'swift-case-paths')

Copy /Users/rogerlin/Library/Developer/Xcode/DerivedData/FinancialCalculatorKit-ackorybalcxbfocbkqsfdzcfkgmn/Build/Products/Debug/ExpressionParser.swiftmodule/Project/arm64-apple-macos.swiftsourceinfo /Users/rogerlin/Library/Developer/Xcode/DerivedData/FinancialCalculatorKit-ackorybalcxbfocbkqsfdzcfkgmn/Build/Intermediates.noindex/ExpressionParser.build/Debug/ExpressionParser.build/Objects-normal/arm64/ExpressionParser.swiftsourceinfo (in target 'ExpressionParser' from project 'ExpressionParser')
    cd /Users/rogerlin/Library/Developer/Xcode/DerivedData/FinancialCalculatorKit-ackorybalcxbfocbkqsfdzcfkgmn/SourcePackages/checkouts/ExpressionParser
    builtin-copy -exclude .DS_Store -exclude CVS -exclude .svn -exclude .git -exclude .hg -resolve-src-symlinks -rename /Users/rogerlin/Library/Developer/Xcode/DerivedData/FinancialCalculatorKit-ackorybalcxbfocbkqsfdzcfkgmn/Build/Intermediates.noindex/ExpressionParser.build/Debug/ExpressionParser.build/Objects-normal/arm64/ExpressionParser.swiftsourceinfo /Users/rogerlin/Library/Developer/Xcode/DerivedData/FinancialCalculatorKit-ackorybalcxbfocbkqsfdzcfkgmn/Build/Products/Debug/ExpressionParser.swiftmodule/Project/arm64-apple-macos.swiftsourceinfo

    Task input dependencies:
        /Users/rogerlin/Library/Developer/Xcode/DerivedData/FinancialCalculatorKit-ackorybalcxbfocbkqsfdzcfkgmn/Build/Intermediates.noindex/ExpressionParser.build/Debug/ExpressionParser.build/Objects-normal/arm64/ExpressionParser.swiftsourceinfo/

    Task output dependencies:
        /Users/rogerlin/Library/Developer/Xcode/DerivedData/FinancialCalculatorKit-ackorybalcxbfocbkqsfdzcfkgmn/Build/Products/Debug/ExpressionParser.swiftmodule/Project/arm64-apple-macos.swiftsourceinfo

Copy /Users/rogerlin/Library/Developer/Xcode/DerivedData/FinancialCalculatorKit-ackorybalcxbfocbkqsfdzcfkgmn/Build/Products/Debug/CasePathsCore.swiftmodule/arm64-apple-macos.swiftdoc /Users/rogerlin/Library/Developer/Xcode/DerivedData/FinancialCalculatorKit-ackorybalcxbfocbkqsfdzcfkgmn/Build/Intermediates.noindex/swift-case-paths.build/Debug/CasePathsCore.build/Objects-normal/arm64/CasePathsCore.swiftdoc (in target 'CasePathsCore' from project 'swift-case-paths')
    cd /Users/rogerlin/Library/Developer/Xcode/DerivedData/FinancialCalculatorKit-ackorybalcxbfocbkqsfdzcfkgmn/SourcePackages/checkouts/swift-case-paths
    builtin-copy -exclude .DS_Store -exclude CVS -exclude .svn -exclude .git -exclude .hg -resolve-src-symlinks -rename /Users/rogerlin/Library/Developer/Xcode/DerivedData/FinancialCalculatorKit-ackorybalcxbfocbkqsfdzcfkgmn/Build/Intermediates.noindex/swift-case-paths.build/Debug/CasePathsCore.build/Objects-normal/arm64/CasePathsCore.swiftdoc /Users/rogerlin/Library/Developer/Xcode/DerivedData/FinancialCalculatorKit-ackorybalcxbfocbkqsfdzcfkgmn/Build/Products/Debug/CasePathsCore.swiftmodule/arm64-apple-macos.swiftdoc

    Task input dependencies:
        /Users/rogerlin/Library/Developer/Xcode/DerivedData/FinancialCalculatorKit-ackorybalcxbfocbkqsfdzcfkgmn/Build/Intermediates.noindex/swift-case-paths.build/Debug/CasePathsCore.build/Objects-normal/arm64/CasePathsCore.swiftdoc/

    Task output dependencies:
        /Users/rogerlin/Library/Developer/Xcode/DerivedData/FinancialCalculatorKit-ackorybalcxbfocbkqsfdzcfkgmn/Build/Products/Debug/CasePathsCore.swiftmodule/arm64-apple-macos.swiftdoc

Copy /Users/rogerlin/Library/Developer/Xcode/DerivedData/FinancialCalculatorKit-ackorybalcxbfocbkqsfdzcfkgmn/Build/Products/Debug/CasePathsCore.swiftmodule/arm64-apple-macos.abi.json /Users/rogerlin/Library/Developer/Xcode/DerivedData/FinancialCalculatorKit-ackorybalcxbfocbkqsfdzcfkgmn/Build/Intermediates.noindex/swift-case-paths.build/Debug/CasePathsCore.build/Objects-normal/arm64/CasePathsCore.abi.json (in target 'CasePathsCore' from project 'swift-case-paths')
    cd /Users/rogerlin/Library/Developer/Xcode/DerivedData/FinancialCalculatorKit-ackorybalcxbfocbkqsfdzcfkgmn/SourcePackages/checkouts/swift-case-paths
    builtin-copy -exclude .DS_Store -exclude CVS -exclude .svn -exclude .git -exclude .hg -resolve-src-symlinks -rename /Users/rogerlin/Library/Developer/Xcode/DerivedData/FinancialCalculatorKit-ackorybalcxbfocbkqsfdzcfkgmn/Build/Intermediates.noindex/swift-case-paths.build/Debug/CasePathsCore.build/Objects-normal/arm64/CasePathsCore.abi.json /Users/rogerlin/Library/Developer/Xcode/DerivedData/FinancialCalculatorKit-ackorybalcxbfocbkqsfdzcfkgmn/Build/Products/Debug/CasePathsCore.swiftmodule/arm64-apple-macos.abi.json

    Task input dependencies:
        /Users/rogerlin/Library/Developer/Xcode/DerivedData/FinancialCalculatorKit-ackorybalcxbfocbkqsfdzcfkgmn/Build/Intermediates.noindex/swift-case-paths.build/Debug/CasePathsCore.build/Objects-normal/arm64/CasePathsCore.abi.json/

    Task output dependencies:
        /Users/rogerlin/Library/Developer/Xcode/DerivedData/FinancialCalculatorKit-ackorybalcxbfocbkqsfdzcfkgmn/Build/Products/Debug/CasePathsCore.swiftmodule/arm64-apple-macos.abi.json

SwiftCompile normal arm64 Compiling\ MathJax+Extensions.swift,\ NSImage+Extensions.swift /Users/rogerlin/Library/Developer/Xcode/DerivedData/FinancialCalculatorKit-ackorybalcxbfocbkqsfdzcfkgmn/SourcePackages/checkouts/LaTeXSwiftUI/Sources/LaTeXSwiftUI/Extensions/MathJax+Extensions.swift /Users/rogerlin/Library/Developer/Xcode/DerivedData/FinancialCalculatorKit-ackorybalcxbfocbkqsfdzcfkgmn/SourcePackages/checkouts/LaTeXSwiftUI/Sources/LaTeXSwiftUI/Extensions/NSImage+Extensions.swift (in target 'LaTeXSwiftUI' from project 'LaTeXSwiftUI')
/Applications/Xcode.app/Contents/Developer/Toolchains/XcodeDefault.xctoolchain/usr/bin/swift-frontend -frontend -c /Users/rogerlin/Library/Developer/Xcode/DerivedData/FinancialCalculatorKit-ackorybalcxbfocbkqsfdzcfkgmn/SourcePackages/checkouts/LaTeXSwiftUI/Sources/LaTeXSwiftUI/Extensions/EnvironmentValues+Extensions.swift /Users/rogerlin/Library/Developer/Xcode/DerivedData/FinancialCalculatorKit-ackorybalcxbfocbkqsfdzcfkgmn/SourcePackages/checkouts/LaTeXSwiftUI/Sources/LaTeXSwiftUI/Extensions/Font+Extensions.swift /Users/rogerlin/Library/Developer/Xcode/DerivedData/FinancialCalculatorKit-ackorybalcxbfocbkqsfdzcfkgmn/SourcePackages/checkouts/LaTeXSwiftUI/Sources/LaTeXSwiftUI/Extensions/Image+Extensions.swift -primary-file /Users/rogerlin/Library/Developer/Xcode/DerivedData/FinancialCalculatorKit-ackorybalcxbfocbkqsfdzcfkgmn/SourcePackages/checkouts/LaTeXSwiftUI/Sources/LaTeXSwiftUI/Extensions/MathJax+Extensions.swift -primary-file /Users/rogerlin/Library/Developer/Xcode/DerivedData/FinancialCalculatorKit-ackorybalcxbfocbkqsfdzcfkgmn/SourcePackages/checkouts/LaTeXSwiftUI/Sources/LaTeXSwiftUI/Extensions/NSImage+Extensions.swift /Users/rogerlin/Library/Developer/Xcode/DerivedData/FinancialCalculatorKit-ackorybalcxbfocbkqsfdzcfkgmn/SourcePackages/checkouts/LaTeXSwiftUI/Sources/LaTeXSwiftUI/Extensions/Range+Extensions.swift /Users/rogerlin/Library/Developer/Xcode/DerivedData/FinancialCalculatorKit-ackorybalcxbfocbkqsfdzcfkgmn/SourcePackages/checkouts/LaTeXSwiftUI/Sources/LaTeXSwiftUI/Extensions/TeXInputProcessorOptions+Extensions.swift /Users/rogerlin/Library/Developer/Xcode/DerivedData/FinancialCalculatorKit-ackorybalcxbfocbkqsfdzcfkgmn/SourcePackages/checkouts/LaTeXSwiftUI/Sources/LaTeXSwiftUI/Extensions/View+Extensions.swift /Users/rogerlin/Library/Developer/Xcode/DerivedData/FinancialCalculatorKit-ackorybalcxbfocbkqsfdzcfkgmn/SourcePackages/checkouts/LaTeXSwiftUI/Sources/LaTeXSwiftUI/LaTeX.swift /Users/rogerlin/Library/Developer/Xcode/DerivedData/FinancialCalculatorKit-ackorybalcxbfocbkqsfdzcfkgmn/SourcePackages/checkouts/LaTeXSwiftUI/Sources/LaTeXSwiftUI/Models/Aliases.swift /Users/rogerlin/Library/Developer/Xcode/DerivedData/FinancialCalculatorKit-ackorybalcxbfocbkqsfdzcfkgmn/SourcePackages/checkouts/LaTeXSwiftUI/Sources/LaTeXSwiftUI/Models/Cache.swift /Users/rogerlin/Library/Developer/Xcode/DerivedData/FinancialCalculatorKit-ackorybalcxbfocbkqsfdzcfkgmn/SourcePackages/checkouts/LaTeXSwiftUI/Sources/LaTeXSwiftUI/Models/Component.swift /Users/rogerlin/Library/Developer/Xcode/DerivedData/FinancialCalculatorKit-ackorybalcxbfocbkqsfdzcfkgmn/SourcePackages/checkouts/LaTeXSwiftUI/Sources/LaTeXSwiftUI/Models/ComponentBlock.swift /Users/rogerlin/Library/Developer/Xcode/DerivedData/FinancialCalculatorKit-ackorybalcxbfocbkqsfdzcfkgmn/SourcePackages/checkouts/LaTeXSwiftUI/Sources/LaTeXSwiftUI/Models/HashableCGRect.swift /Users/rogerlin/Library/Developer/Xcode/DerivedData/FinancialCalculatorKit-ackorybalcxbfocbkqsfdzcfkgmn/SourcePackages/checkouts/LaTeXSwiftUI/Sources/LaTeXSwiftUI/Models/HashableCGSize.swift /Users/rogerlin/Library/Developer/Xcode/DerivedData/FinancialCalculatorKit-ackorybalcxbfocbkqsfdzcfkgmn/SourcePackages/checkouts/LaTeXSwiftUI/Sources/LaTeXSwiftUI/Models/ImageContainer.swift /Users/rogerlin/Library/Developer/Xcode/DerivedData/FinancialCalculatorKit-ackorybalcxbfocbkqsfdzcfkgmn/SourcePackages/checkouts/LaTeXSwiftUI/Sources/LaTeXSwiftUI/Models/Parser.swift /Users/rogerlin/Library/Developer/Xcode/DerivedData/FinancialCalculatorKit-ackorybalcxbfocbkqsfdzcfkgmn/SourcePackages/checkouts/LaTeXSwiftUI/Sources/LaTeXSwiftUI/Models/Renderer.swift /Users/rogerlin/Library/Developer/Xcode/DerivedData/FinancialCalculatorKit-ackorybalcxbfocbkqsfdzcfkgmn/SourcePackages/checkouts/LaTeXSwiftUI/Sources/LaTeXSwiftUI/Models/SVG.swift /Users/rogerlin/Library/Developer/Xcode/DerivedData/FinancialCalculatorKit-ackorybalcxbfocbkqsfdzcfkgmn/SourcePackages/checkouts/LaTeXSwiftUI/Sources/LaTeXSwiftUI/Models/SVGGeometry.swift /Users/rogerlin/Library/Developer/Xcode/DerivedData/FinancialCalculatorKit-ackorybalcxbfocbkqsfdzcfkgmn/SourcePackages/checkouts/LaTeXSwiftUI/Sources/LaTeXSwiftUI/Previews/LaTeX_Previews+Color.swift /Users/rogerlin/Library/Developer/Xcode/DerivedData/FinancialCalculatorKit-ackorybalcxbfocbkqsfdzcfkgmn/SourcePackages/checkouts/LaTeXSwiftUI/Sources/LaTeXSwiftUI/Previews/LaTeX_Previews+Fonts.swift /Users/rogerlin/Library/Developer/Xcode/DerivedData/FinancialCalculatorKit-ackorybalcxbfocbkqsfdzcfkgmn/SourcePackages/checkouts/LaTeXSwiftUI/Sources/LaTeXSwiftUI/Previews/LaTeX_Previews+Modes.swift /Users/rogerlin/Library/Developer/Xcode/DerivedData/FinancialCalculatorKit-ackorybalcxbfocbkqsfdzcfkgmn/SourcePackages/checkouts/LaTeXSwiftUI/Sources/LaTeXSwiftUI/Previews/LaTeX_Previews+Numbers.swift /Users/rogerlin/Library/Developer/Xcode/DerivedData/FinancialCalculatorKit-ackorybalcxbfocbkqsfdzcfkgmn/SourcePackages/checkouts/LaTeXSwiftUI/Sources/LaTeXSwiftUI/Previews/LaTeX_Previews+Special.swift /Users/rogerlin/Library/Developer/Xcode/DerivedData/FinancialCalculatorKit-ackorybalcxbfocbkqsfdzcfkgmn/SourcePackages/checkouts/LaTeXSwiftUI/Sources/LaTeXSwiftUI/Previews/LaTeX_Previews+Styles.swift /Users/rogerlin/Library/Developer/Xcode/DerivedData/FinancialCalculatorKit-ackorybalcxbfocbkqsfdzcfkgmn/SourcePackages/checkouts/LaTeXSwiftUI/Sources/LaTeXSwiftUI/Styles/DefaultLaTeXStyle.swift /Users/rogerlin/Library/Developer/Xcode/DerivedData/FinancialCalculatorKit-ackorybalcxbfocbkqsfdzcfkgmn/SourcePackages/checkouts/LaTeXSwiftUI/Sources/LaTeXSwiftUI/Styles/LaTeXStyle.swift /Users/rogerlin/Library/Developer/Xcode/DerivedData/FinancialCalculatorKit-ackorybalcxbfocbkqsfdzcfkgmn/SourcePackages/checkouts/LaTeXSwiftUI/Sources/LaTeXSwiftUI/Styles/StandardLaTeXStyle.swift /Users/rogerlin/Library/Developer/Xcode/DerivedData/FinancialCalculatorKit-ackorybalcxbfocbkqsfdzcfkgmn/SourcePackages/checkouts/LaTeXSwiftUI/Sources/LaTeXSwiftUI/Views/ComponentBlocksText.swift /Users/rogerlin/Library/Developer/Xcode/DerivedData/FinancialCalculatorKit-ackorybalcxbfocbkqsfdzcfkgmn/SourcePackages/checkouts/LaTeXSwiftUI/Sources/LaTeXSwiftUI/Views/ComponentBlocksViews.swift /Users/rogerlin/Library/Developer/Xcode/DerivedData/FinancialCalculatorKit-ackorybalcxbfocbkqsfdzcfkgmn/SourcePackages/checkouts/LaTeXSwiftUI/Sources/LaTeXSwiftUI/Views/EquationNumber.swift /Users/rogerlin/Library/Developer/Xcode/DerivedData/FinancialCalculatorKit-ackorybalcxbfocbkqsfdzcfkgmn/SourcePackages/checkouts/LaTeXSwiftUI/Sources/LaTeXSwiftUI/Views/HorizontalImageScroller.swift -emit-dependencies-path /Users/rogerlin/Library/Developer/Xcode/DerivedData/FinancialCalculatorKit-ackorybalcxbfocbkqsfdzcfkgmn/Build/Intermediates.noindex/LaTeXSwiftUI.build/Debug/LaTeXSwiftUI.build/Objects-normal/arm64/MathJax+Extensions.d -emit-const-values-path /Users/rogerlin/Library/Developer/Xcode/DerivedData/FinancialCalculatorKit-ackorybalcxbfocbkqsfdzcfkgmn/Build/Intermediates.noindex/LaTeXSwiftUI.build/Debug/LaTeXSwiftUI.build/Objects-normal/arm64/MathJax+Extensions.swiftconstvalues -emit-reference-dependencies-path /Users/rogerlin/Library/Developer/Xcode/DerivedData/FinancialCalculatorKit-ackorybalcxbfocbkqsfdzcfkgmn/Build/Intermediates.noindex/LaTeXSwiftUI.build/Debug/LaTeXSwiftUI.build/Objects-normal/arm64/MathJax+Extensions.swiftdeps -serialize-diagnostics-path /Users/rogerlin/Library/Developer/Xcode/DerivedData/FinancialCalculatorKit-ackorybalcxbfocbkqsfdzcfkgmn/Build/Intermediates.noindex/LaTeXSwiftUI.build/Debug/LaTeXSwiftUI.build/Objects-normal/arm64/MathJax+Extensions.dia -emit-dependencies-path /Users/rogerlin/Library/Developer/Xcode/DerivedData/FinancialCalculatorKit-ackorybalcxbfocbkqsfdzcfkgmn/Build/Intermediates.noindex/LaTeXSwiftUI.build/Debug/LaTeXSwiftUI.build/Objects-normal/arm64/NSImage+Extensions.d -emit-const-values-path /Users/rogerlin/Library/Developer/Xcode/DerivedData/FinancialCalculatorKit-ackorybalcxbfocbkqsfdzcfkgmn/Build/Intermediates.noindex/LaTeXSwiftUI.build/Debug/LaTeXSwiftUI.build/Objects-normal/arm64/NSImage+Extensions.swiftconstvalues -emit-reference-dependencies-path /Users/rogerlin/Library/Developer/Xcode/DerivedData/FinancialCalculatorKit-ackorybalcxbfocbkqsfdzcfkgmn/Build/Intermediates.noindex/LaTeXSwiftUI.build/Debug/LaTeXSwiftUI.build/Objects-normal/arm64/NSImage+Extensions.swiftdeps -serialize-diagnostics-path /Users/rogerlin/Library/Developer/Xcode/DerivedData/FinancialCalculatorKit-ackorybalcxbfocbkqsfdzcfkgmn/Build/Intermediates.noindex/LaTeXSwiftUI.build/Debug/LaTeXSwiftUI.build/Objects-normal/arm64/NSImage+Extensions.dia -target arm64-apple-macos12.0 -load-resolved-plugin /Applications/Xcode.app/Contents/Developer/Platforms/MacOSX.platform/Developer/usr/lib/swift/host/plugins/libFoundationMacros.dylib\#/Applications/Xcode.app/Contents/Developer/Platforms/MacOSX.platform/Developer/usr/bin/swift-plugin-server\#FoundationMacros -load-resolved-plugin /Applications/Xcode.app/Contents/Developer/Platforms/MacOSX.platform/Developer/usr/lib/swift/host/plugins/libObservationMacros.dylib\#/Applications/Xcode.app/Contents/Developer/Platforms/MacOSX.platform/Developer/usr/bin/swift-plugin-server\#ObservationMacros -load-resolved-plugin /Applications/Xcode.app/Contents/Developer/Platforms/MacOSX.platform/Developer/usr/lib/swift/host/plugins/libPreviewsMacros.dylib\#/Applications/Xcode.app/Contents/Developer/Platforms/MacOSX.platform/Developer/usr/bin/swift-plugin-server\#PreviewsMacros -load-resolved-plugin /Applications/Xcode.app/Contents/Developer/Platforms/MacOSX.platform/Developer/usr/lib/swift/host/plugins/libSwiftMacros.dylib\#/Applications/Xcode.app/Contents/Developer/Platforms/MacOSX.platform/Developer/usr/bin/swift-plugin-server\#SwiftMacros -load-resolved-plugin /Applications/Xcode.app/Contents/Developer/Platforms/MacOSX.platform/Developer/usr/lib/swift/host/plugins/libSwiftUIMacros.dylib\#/Applications/Xcode.app/Contents/Developer/Platforms/MacOSX.platform/Developer/usr/bin/swift-plugin-server\#SwiftUIMacros -disable-implicit-swift-modules -Xcc -fno-implicit-modules -Xcc -fno-implicit-module-maps -explicit-swift-module-map-file /Users/rogerlin/Library/Developer/Xcode/DerivedData/FinancialCalculatorKit-ackorybalcxbfocbkqsfdzcfkgmn/Build/Intermediates.noindex/LaTeXSwiftUI.build/Debug/LaTeXSwiftUI.build/Objects-normal/arm64/LaTeXSwiftUI-dependencies-1.json -Xllvm -aarch64-use-tbi -enable-objc-interop -stack-check -sdk /Applications/Xcode.app/Contents/Developer/Platforms/MacOSX.platform/Developer/SDKs/MacOSX26.1.sdk -I /Users/rogerlin/Library/Developer/Xcode/DerivedData/FinancialCalculatorKit-ackorybalcxbfocbkqsfdzcfkgmn/Build/Products/Debug -Isystem /Applications/Xcode.app/Contents/Developer/Platforms/MacOSX.platform/Developer/usr/lib -F /Users/rogerlin/Library/Developer/Xcode/DerivedData/FinancialCalculatorKit-ackorybalcxbfocbkqsfdzcfkgmn/Build/Products/Debug/PackageFrameworks -F /Users/rogerlin/Library/Developer/Xcode/DerivedData/FinancialCalculatorKit-ackorybalcxbfocbkqsfdzcfkgmn/Build/Products/Debug/PackageFrameworks -F /Users/rogerlin/Library/Developer/Xcode/DerivedData/FinancialCalculatorKit-ackorybalcxbfocbkqsfdzcfkgmn/Build/Products/Debug/PackageFrameworks -F /Users/rogerlin/Library/Developer/Xcode/DerivedData/FinancialCalculatorKit-ackorybalcxbfocbkqsfdzcfkgmn/Build/Products/Debug/PackageFrameworks -F /Users/rogerlin/Library/Developer/Xcode/DerivedData/FinancialCalculatorKit-ackorybalcxbfocbkqsfdzcfkgmn/Build/Products/Debug -F /Applications/Xcode.app/Contents/Developer/Platforms/MacOSX.platform/Developer/Library/Frameworks -no-color-diagnostics -Xcc -fno-color-diagnostics -enable-testing -g -debug-info-format\=dwarf -dwarf-version\=4 -module-cache-path /Users/rogerlin/Library/Developer/Xcode/DerivedData/FinancialCalculatorKit-ackorybalcxbfocbkqsfdzcfkgmn/Build/Intermediates.noindex/SwiftExplicitPrecompiledModules -suppress-warnings -profile-generate -profile-coverage-mapping -swift-version 5 -enforce-exclusivity\=checked -Onone -D SWIFT_PACKAGE -D DEBUG -D SWIFT_MODULE_RESOURCE_BUNDLE_UNAVAILABLE -D Xcode -serialize-debugging-options -const-gather-protocols-file /Users/rogerlin/Library/Developer/Xcode/DerivedData/FinancialCalculatorKit-ackorybalcxbfocbkqsfdzcfkgmn/Build/Intermediates.noindex/LaTeXSwiftUI.build/Debug/LaTeXSwiftUI.build/Objects-normal/arm64/LaTeXSwiftUI_const_extract_protocols.json -enable-experimental-feature DebugDescriptionMacro -empty-abi-descriptor -validate-clang-modules-once -clang-build-session-file /Users/rogerlin/Library/Developer/Xcode/DerivedData/ModuleCache.noindex/Session.modulevalidation -Xcc -working-directory -Xcc /Users/rogerlin/XCode-Projects/FinancialCalculatorKit-5.0-updated-accent-colors/FinancialCalculatorKit.xcodeproj -enable-anonymous-context-mangled-names -file-compilation-dir /Users/rogerlin/XCode-Projects/FinancialCalculatorKit-5.0-updated-accent-colors/FinancialCalculatorKit.xcodeproj -Xcc -D_LIBCPP_HARDENING_MODE\=_LIBCPP_HARDENING_MODE_DEBUG -Xcc -ivfsstatcache -Xcc /Users/rogerlin/Library/Developer/Xcode/DerivedData/SDKStatCaches.noindex/macosx26.1-25B74-3ae1261907bdadc328169391a47051a6.sdkstatcache -Xcc -I/Users/rogerlin/Library/Developer/Xcode/DerivedData/FinancialCalculatorKit-ackorybalcxbfocbkqsfdzcfkgmn/Build/Intermediates.noindex/LaTeXSwiftUI.build/Debug/LaTeXSwiftUI.build/swift-overrides.hmap -Xcc -I/Users/rogerlin/Library/Developer/Xcode/DerivedData/FinancialCalculatorKit-ackorybalcxbfocbkqsfdzcfkgmn/Build/Products/Debug/include -Xcc -I/Users/rogerlin/Library/Developer/Xcode/DerivedData/FinancialCalculatorKit-ackorybalcxbfocbkqsfdzcfkgmn/Build/Intermediates.noindex/LaTeXSwiftUI.build/Debug/LaTeXSwiftUI.build/DerivedSources-normal/arm64 -Xcc -I/Users/rogerlin/Library/Developer/Xcode/DerivedData/FinancialCalculatorKit-ackorybalcxbfocbkqsfdzcfkgmn/Build/Intermediates.noindex/LaTeXSwiftUI.build/Debug/LaTeXSwiftUI.build/DerivedSources/arm64 -Xcc -I/Users/rogerlin/Library/Developer/Xcode/DerivedData/FinancialCalculatorKit-ackorybalcxbfocbkqsfdzcfkgmn/Build/Intermediates.noindex/LaTeXSwiftUI.build/Debug/LaTeXSwiftUI.build/DerivedSources -Xcc -DSWIFT_PACKAGE -Xcc -DDEBUG\=1 -no-auto-bridging-header-chaining -module-name LaTeXSwiftUI -frontend-parseable-output -disable-clang-spi -target-sdk-version 26.1 -target-sdk-name macosx26.1 -clang-target arm64-apple-macos26.1 -in-process-plugin-server-path /Applications/Xcode.app/Contents/Developer/Toolchains/XcodeDefault.xctoolchain/usr/lib/swift/host/libSwiftInProcPluginServer.dylib -o /Users/rogerlin/Library/Developer/Xcode/DerivedData/FinancialCalculatorKit-ackorybalcxbfocbkqsfdzcfkgmn/Build/Intermediates.noindex/LaTeXSwiftUI.build/Debug/LaTeXSwiftUI.build/Objects-normal/arm64/MathJax+Extensions.o -o /Users/rogerlin/Library/Developer/Xcode/DerivedData/FinancialCalculatorKit-ackorybalcxbfocbkqsfdzcfkgmn/Build/Intermediates.noindex/LaTeXSwiftUI.build/Debug/LaTeXSwiftUI.build/Objects-normal/arm64/NSImage+Extensions.o -index-unit-output-path /LaTeXSwiftUI.build/Debug/LaTeXSwiftUI.build/Objects-normal/arm64/MathJax+Extensions.o -index-unit-output-path /LaTeXSwiftUI.build/Debug/LaTeXSwiftUI.build/Objects-normal/arm64/NSImage+Extensions.o -index-store-path /Users/rogerlin/Library/Developer/Xcode/DerivedData/FinancialCalculatorKit-ackorybalcxbfocbkqsfdzcfkgmn/Index.noindex/DataStore -index-system-modules

SwiftCompile normal arm64 /Users/rogerlin/Library/Developer/Xcode/DerivedData/FinancialCalculatorKit-ackorybalcxbfocbkqsfdzcfkgmn/SourcePackages/checkouts/LaTeXSwiftUI/Sources/LaTeXSwiftUI/Extensions/MathJax+Extensions.swift (in target 'LaTeXSwiftUI' from project 'LaTeXSwiftUI')
    cd /Users/rogerlin/XCode-Projects/FinancialCalculatorKit-5.0-updated-accent-colors/FinancialCalculatorKit.xcodeproj
    

SwiftCompile normal arm64 /Users/rogerlin/Library/Developer/Xcode/DerivedData/FinancialCalculatorKit-ackorybalcxbfocbkqsfdzcfkgmn/SourcePackages/checkouts/LaTeXSwiftUI/Sources/LaTeXSwiftUI/Extensions/NSImage+Extensions.swift (in target 'LaTeXSwiftUI' from project 'LaTeXSwiftUI')
    cd /Users/rogerlin/XCode-Projects/FinancialCalculatorKit-5.0-updated-accent-colors/FinancialCalculatorKit.xcodeproj
    

Copy /Users/rogerlin/Library/Developer/Xcode/DerivedData/FinancialCalculatorKit-ackorybalcxbfocbkqsfdzcfkgmn/Build/Products/Debug/CasePathsCore.swiftmodule/Project/arm64-apple-macos.swiftsourceinfo /Users/rogerlin/Library/Developer/Xcode/DerivedData/FinancialCalculatorKit-ackorybalcxbfocbkqsfdzcfkgmn/Build/Intermediates.noindex/swift-case-paths.build/Debug/CasePathsCore.build/Objects-normal/arm64/CasePathsCore.swiftsourceinfo (in target 'CasePathsCore' from project 'swift-case-paths')
    cd /Users/rogerlin/Library/Developer/Xcode/DerivedData/FinancialCalculatorKit-ackorybalcxbfocbkqsfdzcfkgmn/SourcePackages/checkouts/swift-case-paths
    builtin-copy -exclude .DS_Store -exclude CVS -exclude .svn -exclude .git -exclude .hg -resolve-src-symlinks -rename /Users/rogerlin/Library/Developer/Xcode/DerivedData/FinancialCalculatorKit-ackorybalcxbfocbkqsfdzcfkgmn/Build/Intermediates.noindex/swift-case-paths.build/Debug/CasePathsCore.build/Objects-normal/arm64/CasePathsCore.swiftsourceinfo /Users/rogerlin/Library/Developer/Xcode/DerivedData/FinancialCalculatorKit-ackorybalcxbfocbkqsfdzcfkgmn/Build/Products/Debug/CasePathsCore.swiftmodule/Project/arm64-apple-macos.swiftsourceinfo

    Task input dependencies:
        /Users/rogerlin/Library/Developer/Xcode/DerivedData/FinancialCalculatorKit-ackorybalcxbfocbkqsfdzcfkgmn/Build/Intermediates.noindex/swift-case-paths.build/Debug/CasePathsCore.build/Objects-normal/arm64/CasePathsCore.swiftsourceinfo/

    Task output dependencies:
        /Users/rogerlin/Library/Developer/Xcode/DerivedData/FinancialCalculatorKit-ackorybalcxbfocbkqsfdzcfkgmn/Build/Products/Debug/CasePathsCore.swiftmodule/Project/arm64-apple-macos.swiftsourceinfo

SwiftCompile normal arm64 Compiling\ EquationNumber.swift,\ HorizontalImageScroller.swift /Users/rogerlin/Library/Developer/Xcode/DerivedData/FinancialCalculatorKit-ackorybalcxbfocbkqsfdzcfkgmn/SourcePackages/checkouts/LaTeXSwiftUI/Sources/LaTeXSwiftUI/Views/EquationNumber.swift /Users/rogerlin/Library/Developer/Xcode/DerivedData/FinancialCalculatorKit-ackorybalcxbfocbkqsfdzcfkgmn/SourcePackages/checkouts/LaTeXSwiftUI/Sources/LaTeXSwiftUI/Views/HorizontalImageScroller.swift (in target 'LaTeXSwiftUI' from project 'LaTeXSwiftUI')
/Applications/Xcode.app/Contents/Developer/Toolchains/XcodeDefault.xctoolchain/usr/bin/swift-frontend -frontend -c /Users/rogerlin/Library/Developer/Xcode/DerivedData/FinancialCalculatorKit-ackorybalcxbfocbkqsfdzcfkgmn/SourcePackages/checkouts/LaTeXSwiftUI/Sources/LaTeXSwiftUI/Extensions/EnvironmentValues+Extensions.swift /Users/rogerlin/Library/Developer/Xcode/DerivedData/FinancialCalculatorKit-ackorybalcxbfocbkqsfdzcfkgmn/SourcePackages/checkouts/LaTeXSwiftUI/Sources/LaTeXSwiftUI/Extensions/Font+Extensions.swift /Users/rogerlin/Library/Developer/Xcode/DerivedData/FinancialCalculatorKit-ackorybalcxbfocbkqsfdzcfkgmn/SourcePackages/checkouts/LaTeXSwiftUI/Sources/LaTeXSwiftUI/Extensions/Image+Extensions.swift /Users/rogerlin/Library/Developer/Xcode/DerivedData/FinancialCalculatorKit-ackorybalcxbfocbkqsfdzcfkgmn/SourcePackages/checkouts/LaTeXSwiftUI/Sources/LaTeXSwiftUI/Extensions/MathJax+Extensions.swift /Users/rogerlin/Library/Developer/Xcode/DerivedData/FinancialCalculatorKit-ackorybalcxbfocbkqsfdzcfkgmn/SourcePackages/checkouts/LaTeXSwiftUI/Sources/LaTeXSwiftUI/Extensions/NSImage+Extensions.swift /Users/rogerlin/Library/Developer/Xcode/DerivedData/FinancialCalculatorKit-ackorybalcxbfocbkqsfdzcfkgmn/SourcePackages/checkouts/LaTeXSwiftUI/Sources/LaTeXSwiftUI/Extensions/Range+Extensions.swift /Users/rogerlin/Library/Developer/Xcode/DerivedData/FinancialCalculatorKit-ackorybalcxbfocbkqsfdzcfkgmn/SourcePackages/checkouts/LaTeXSwiftUI/Sources/LaTeXSwiftUI/Extensions/TeXInputProcessorOptions+Extensions.swift /Users/rogerlin/Library/Developer/Xcode/DerivedData/FinancialCalculatorKit-ackorybalcxbfocbkqsfdzcfkgmn/SourcePackages/checkouts/LaTeXSwiftUI/Sources/LaTeXSwiftUI/Extensions/View+Extensions.swift /Users/rogerlin/Library/Developer/Xcode/DerivedData/FinancialCalculatorKit-ackorybalcxbfocbkqsfdzcfkgmn/SourcePackages/checkouts/LaTeXSwiftUI/Sources/LaTeXSwiftUI/LaTeX.swift /Users/rogerlin/Library/Developer/Xcode/DerivedData/FinancialCalculatorKit-ackorybalcxbfocbkqsfdzcfkgmn/SourcePackages/checkouts/LaTeXSwiftUI/Sources/LaTeXSwiftUI/Models/Aliases.swift /Users/rogerlin/Library/Developer/Xcode/DerivedData/FinancialCalculatorKit-ackorybalcxbfocbkqsfdzcfkgmn/SourcePackages/checkouts/LaTeXSwiftUI/Sources/LaTeXSwiftUI/Models/Cache.swift /Users/rogerlin/Library/Developer/Xcode/DerivedData/FinancialCalculatorKit-ackorybalcxbfocbkqsfdzcfkgmn/SourcePackages/checkouts/LaTeXSwiftUI/Sources/LaTeXSwiftUI/Models/Component.swift /Users/rogerlin/Library/Developer/Xcode/DerivedData/FinancialCalculatorKit-ackorybalcxbfocbkqsfdzcfkgmn/SourcePackages/checkouts/LaTeXSwiftUI/Sources/LaTeXSwiftUI/Models/ComponentBlock.swift /Users/rogerlin/Library/Developer/Xcode/DerivedData/FinancialCalculatorKit-ackorybalcxbfocbkqsfdzcfkgmn/SourcePackages/checkouts/LaTeXSwiftUI/Sources/LaTeXSwiftUI/Models/HashableCGRect.swift /Users/rogerlin/Library/Developer/Xcode/DerivedData/FinancialCalculatorKit-ackorybalcxbfocbkqsfdzcfkgmn/SourcePackages/checkouts/LaTeXSwiftUI/Sources/LaTeXSwiftUI/Models/HashableCGSize.swift /Users/rogerlin/Library/Developer/Xcode/DerivedData/FinancialCalculatorKit-ackorybalcxbfocbkqsfdzcfkgmn/SourcePackages/checkouts/LaTeXSwiftUI/Sources/LaTeXSwiftUI/Models/ImageContainer.swift /Users/rogerlin/Library/Developer/Xcode/DerivedData/FinancialCalculatorKit-ackorybalcxbfocbkqsfdzcfkgmn/SourcePackages/checkouts/LaTeXSwiftUI/Sources/LaTeXSwiftUI/Models/Parser.swift /Users/rogerlin/Library/Developer/Xcode/DerivedData/FinancialCalculatorKit-ackorybalcxbfocbkqsfdzcfkgmn/SourcePackages/checkouts/LaTeXSwiftUI/Sources/LaTeXSwiftUI/Models/Renderer.swift /Users/rogerlin/Library/Developer/Xcode/DerivedData/FinancialCalculatorKit-ackorybalcxbfocbkqsfdzcfkgmn/SourcePackages/checkouts/LaTeXSwiftUI/Sources/LaTeXSwiftUI/Models/SVG.swift /Users/rogerlin/Library/Developer/Xcode/DerivedData/FinancialCalculatorKit-ackorybalcxbfocbkqsfdzcfkgmn/SourcePackages/checkouts/LaTeXSwiftUI/Sources/LaTeXSwiftUI/Models/SVGGeometry.swift /Users/rogerlin/Library/Developer/Xcode/DerivedData/FinancialCalculatorKit-ackorybalcxbfocbkqsfdzcfkgmn/SourcePackages/checkouts/LaTeXSwiftUI/Sources/LaTeXSwiftUI/Previews/LaTeX_Previews+Color.swift /Users/rogerlin/Library/Developer/Xcode/DerivedData/FinancialCalculatorKit-ackorybalcxbfocbkqsfdzcfkgmn/SourcePackages/checkouts/LaTeXSwiftUI/Sources/LaTeXSwiftUI/Previews/LaTeX_Previews+Fonts.swift /Users/rogerlin/Library/Developer/Xcode/DerivedData/FinancialCalculatorKit-ackorybalcxbfocbkqsfdzcfkgmn/SourcePackages/checkouts/LaTeXSwiftUI/Sources/LaTeXSwiftUI/Previews/LaTeX_Previews+Modes.swift /Users/rogerlin/Library/Developer/Xcode/DerivedData/FinancialCalculatorKit-ackorybalcxbfocbkqsfdzcfkgmn/SourcePackages/checkouts/LaTeXSwiftUI/Sources/LaTeXSwiftUI/Previews/LaTeX_Previews+Numbers.swift /Users/rogerlin/Library/Developer/Xcode/DerivedData/FinancialCalculatorKit-ackorybalcxbfocbkqsfdzcfkgmn/SourcePackages/checkouts/LaTeXSwiftUI/Sources/LaTeXSwiftUI/Previews/LaTeX_Previews+Special.swift /Users/rogerlin/Library/Developer/Xcode/DerivedData/FinancialCalculatorKit-ackorybalcxbfocbkqsfdzcfkgmn/SourcePackages/checkouts/LaTeXSwiftUI/Sources/LaTeXSwiftUI/Previews/LaTeX_Previews+Styles.swift /Users/rogerlin/Library/Developer/Xcode/DerivedData/FinancialCalculatorKit-ackorybalcxbfocbkqsfdzcfkgmn/SourcePackages/checkouts/LaTeXSwiftUI/Sources/LaTeXSwiftUI/Styles/DefaultLaTeXStyle.swift /Users/rogerlin/Library/Developer/Xcode/DerivedData/FinancialCalculatorKit-ackorybalcxbfocbkqsfdzcfkgmn/SourcePackages/checkouts/LaTeXSwiftUI/Sources/LaTeXSwiftUI/Styles/LaTeXStyle.swift /Users/rogerlin/Library/Developer/Xcode/DerivedData/FinancialCalculatorKit-ackorybalcxbfocbkqsfdzcfkgmn/SourcePackages/checkouts/LaTeXSwiftUI/Sources/LaTeXSwiftUI/Styles/StandardLaTeXStyle.swift /Users/rogerlin/Library/Developer/Xcode/DerivedData/FinancialCalculatorKit-ackorybalcxbfocbkqsfdzcfkgmn/SourcePackages/checkouts/LaTeXSwiftUI/Sources/LaTeXSwiftUI/Views/ComponentBlocksText.swift /Users/rogerlin/Library/Developer/Xcode/DerivedData/FinancialCalculatorKit-ackorybalcxbfocbkqsfdzcfkgmn/SourcePackages/checkouts/LaTeXSwiftUI/Sources/LaTeXSwiftUI/Views/ComponentBlocksViews.swift -primary-file /Users/rogerlin/Library/Developer/Xcode/DerivedData/FinancialCalculatorKit-ackorybalcxbfocbkqsfdzcfkgmn/SourcePackages/checkouts/LaTeXSwiftUI/Sources/LaTeXSwiftUI/Views/EquationNumber.swift -primary-file /Users/rogerlin/Library/Developer/Xcode/DerivedData/FinancialCalculatorKit-ackorybalcxbfocbkqsfdzcfkgmn/SourcePackages/checkouts/LaTeXSwiftUI/Sources/LaTeXSwiftUI/Views/HorizontalImageScroller.swift -emit-dependencies-path /Users/rogerlin/Library/Developer/Xcode/DerivedData/FinancialCalculatorKit-ackorybalcxbfocbkqsfdzcfkgmn/Build/Intermediates.noindex/LaTeXSwiftUI.build/Debug/LaTeXSwiftUI.build/Objects-normal/arm64/EquationNumber.d -emit-const-values-path /Users/rogerlin/Library/Developer/Xcode/DerivedData/FinancialCalculatorKit-ackorybalcxbfocbkqsfdzcfkgmn/Build/Intermediates.noindex/LaTeXSwiftUI.build/Debug/LaTeXSwiftUI.build/Objects-normal/arm64/EquationNumber.swiftconstvalues -emit-reference-dependencies-path /Users/rogerlin/Library/Developer/Xcode/DerivedData/FinancialCalculatorKit-ackorybalcxbfocbkqsfdzcfkgmn/Build/Intermediates.noindex/LaTeXSwiftUI.build/Debug/LaTeXSwiftUI.build/Objects-normal/arm64/EquationNumber.swiftdeps -serialize-diagnostics-path /Users/rogerlin/Library/Developer/Xcode/DerivedData/FinancialCalculatorKit-ackorybalcxbfocbkqsfdzcfkgmn/Build/Intermediates.noindex/LaTeXSwiftUI.build/Debug/LaTeXSwiftUI.build/Objects-normal/arm64/EquationNumber.dia -emit-dependencies-path /Users/rogerlin/Library/Developer/Xcode/DerivedData/FinancialCalculatorKit-ackorybalcxbfocbkqsfdzcfkgmn/Build/Intermediates.noindex/LaTeXSwiftUI.build/Debug/LaTeXSwiftUI.build/Objects-normal/arm64/HorizontalImageScroller.d -emit-const-values-path /Users/rogerlin/Library/Developer/Xcode/DerivedData/FinancialCalculatorKit-ackorybalcxbfocbkqsfdzcfkgmn/Build/Intermediates.noindex/LaTeXSwiftUI.build/Debug/LaTeXSwiftUI.build/Objects-normal/arm64/HorizontalImageScroller.swiftconstvalues -emit-reference-dependencies-path /Users/rogerlin/Library/Developer/Xcode/DerivedData/FinancialCalculatorKit-ackorybalcxbfocbkqsfdzcfkgmn/Build/Intermediates.noindex/LaTeXSwiftUI.build/Debug/LaTeXSwiftUI.build/Objects-normal/arm64/HorizontalImageScroller.swiftdeps -serialize-diagnostics-path /Users/rogerlin/Library/Developer/Xcode/DerivedData/FinancialCalculatorKit-ackorybalcxbfocbkqsfdzcfkgmn/Build/Intermediates.noindex/LaTeXSwiftUI.build/Debug/LaTeXSwiftUI.build/Objects-normal/arm64/HorizontalImageScroller.dia -target arm64-apple-macos12.0 -load-resolved-plugin /Applications/Xcode.app/Contents/Developer/Platforms/MacOSX.platform/Developer/usr/lib/swift/host/plugins/libFoundationMacros.dylib\#/Applications/Xcode.app/Contents/Developer/Platforms/MacOSX.platform/Developer/usr/bin/swift-plugin-server\#FoundationMacros -load-resolved-plugin /Applications/Xcode.app/Contents/Developer/Platforms/MacOSX.platform/Developer/usr/lib/swift/host/plugins/libObservationMacros.dylib\#/Applications/Xcode.app/Contents/Developer/Platforms/MacOSX.platform/Developer/usr/bin/swift-plugin-server\#ObservationMacros -load-resolved-plugin /Applications/Xcode.app/Contents/Developer/Platforms/MacOSX.platform/Developer/usr/lib/swift/host/plugins/libPreviewsMacros.dylib\#/Applications/Xcode.app/Contents/Developer/Platforms/MacOSX.platform/Developer/usr/bin/swift-plugin-server\#PreviewsMacros -load-resolved-plugin /Applications/Xcode.app/Contents/Developer/Platforms/MacOSX.platform/Developer/usr/lib/swift/host/plugins/libSwiftMacros.dylib\#/Applications/Xcode.app/Contents/Developer/Platforms/MacOSX.platform/Developer/usr/bin/swift-plugin-server\#SwiftMacros -load-resolved-plugin /Applications/Xcode.app/Contents/Developer/Platforms/MacOSX.platform/Developer/usr/lib/swift/host/plugins/libSwiftUIMacros.dylib\#/Applications/Xcode.app/Contents/Developer/Platforms/MacOSX.platform/Developer/usr/bin/swift-plugin-server\#SwiftUIMacros -disable-implicit-swift-modules -Xcc -fno-implicit-modules -Xcc -fno-implicit-module-maps -explicit-swift-module-map-file /Users/rogerlin/Library/Developer/Xcode/DerivedData/FinancialCalculatorKit-ackorybalcxbfocbkqsfdzcfkgmn/Build/Intermediates.noindex/LaTeXSwiftUI.build/Debug/LaTeXSwiftUI.build/Objects-normal/arm64/LaTeXSwiftUI-dependencies-1.json -Xllvm -aarch64-use-tbi -enable-objc-interop -stack-check -sdk /Applications/Xcode.app/Contents/Developer/Platforms/MacOSX.platform/Developer/SDKs/MacOSX26.1.sdk -I /Users/rogerlin/Library/Developer/Xcode/DerivedData/FinancialCalculatorKit-ackorybalcxbfocbkqsfdzcfkgmn/Build/Products/Debug -Isystem /Applications/Xcode.app/Contents/Developer/Platforms/MacOSX.platform/Developer/usr/lib -F /Users/rogerlin/Library/Developer/Xcode/DerivedData/FinancialCalculatorKit-ackorybalcxbfocbkqsfdzcfkgmn/Build/Products/Debug/PackageFrameworks -F /Users/rogerlin/Library/Developer/Xcode/DerivedData/FinancialCalculatorKit-ackorybalcxbfocbkqsfdzcfkgmn/Build/Products/Debug/PackageFrameworks -F /Users/rogerlin/Library/Developer/Xcode/DerivedData/FinancialCalculatorKit-ackorybalcxbfocbkqsfdzcfkgmn/Build/Products/Debug/PackageFrameworks -F /Users/rogerlin/Library/Developer/Xcode/DerivedData/FinancialCalculatorKit-ackorybalcxbfocbkqsfdzcfkgmn/Build/Products/Debug/PackageFrameworks -F /Users/rogerlin/Library/Developer/Xcode/DerivedData/FinancialCalculatorKit-ackorybalcxbfocbkqsfdzcfkgmn/Build/Products/Debug -F /Applications/Xcode.app/Contents/Developer/Platforms/MacOSX.platform/Developer/Library/Frameworks -no-color-diagnostics -Xcc -fno-color-diagnostics -enable-testing -g -debug-info-format\=dwarf -dwarf-version\=4 -module-cache-path /Users/rogerlin/Library/Developer/Xcode/DerivedData/FinancialCalculatorKit-ackorybalcxbfocbkqsfdzcfkgmn/Build/Intermediates.noindex/SwiftExplicitPrecompiledModules -suppress-warnings -profile-generate -profile-coverage-mapping -swift-version 5 -enforce-exclusivity\=checked -Onone -D SWIFT_PACKAGE -D DEBUG -D SWIFT_MODULE_RESOURCE_BUNDLE_UNAVAILABLE -D Xcode -serialize-debugging-options -const-gather-protocols-file /Users/rogerlin/Library/Developer/Xcode/DerivedData/FinancialCalculatorKit-ackorybalcxbfocbkqsfdzcfkgmn/Build/Intermediates.noindex/LaTeXSwiftUI.build/Debug/LaTeXSwiftUI.build/Objects-normal/arm64/LaTeXSwiftUI_const_extract_protocols.json -enable-experimental-feature DebugDescriptionMacro -empty-abi-descriptor -validate-clang-modules-once -clang-build-session-file /Users/rogerlin/Library/Developer/Xcode/DerivedData/ModuleCache.noindex/Session.modulevalidation -Xcc -working-directory -Xcc /Users/rogerlin/XCode-Projects/FinancialCalculatorKit-5.0-updated-accent-colors/FinancialCalculatorKit.xcodeproj -enable-anonymous-context-mangled-names -file-compilation-dir /Users/rogerlin/XCode-Projects/FinancialCalculatorKit-5.0-updated-accent-colors/FinancialCalculatorKit.xcodeproj -Xcc -D_LIBCPP_HARDENING_MODE\=_LIBCPP_HARDENING_MODE_DEBUG -Xcc -ivfsstatcache -Xcc /Users/rogerlin/Library/Developer/Xcode/DerivedData/SDKStatCaches.noindex/macosx26.1-25B74-3ae1261907bdadc328169391a47051a6.sdkstatcache -Xcc -I/Users/rogerlin/Library/Developer/Xcode/DerivedData/FinancialCalculatorKit-ackorybalcxbfocbkqsfdzcfkgmn/Build/Intermediates.noindex/LaTeXSwiftUI.build/Debug/LaTeXSwiftUI.build/swift-overrides.hmap -Xcc -I/Users/rogerlin/Library/Developer/Xcode/DerivedData/FinancialCalculatorKit-ackorybalcxbfocbkqsfdzcfkgmn/Build/Products/Debug/include -Xcc -I/Users/rogerlin/Library/Developer/Xcode/DerivedData/FinancialCalculatorKit-ackorybalcxbfocbkqsfdzcfkgmn/Build/Intermediates.noindex/LaTeXSwiftUI.build/Debug/LaTeXSwiftUI.build/DerivedSources-normal/arm64 -Xcc -I/Users/rogerlin/Library/Developer/Xcode/DerivedData/FinancialCalculatorKit-ackorybalcxbfocbkqsfdzcfkgmn/Build/Intermediates.noindex/LaTeXSwiftUI.build/Debug/LaTeXSwiftUI.build/DerivedSources/arm64 -Xcc -I/Users/rogerlin/Library/Developer/Xcode/DerivedData/FinancialCalculatorKit-ackorybalcxbfocbkqsfdzcfkgmn/Build/Intermediates.noindex/LaTeXSwiftUI.build/Debug/LaTeXSwiftUI.build/DerivedSources -Xcc -DSWIFT_PACKAGE -Xcc -DDEBUG\=1 -no-auto-bridging-header-chaining -module-name LaTeXSwiftUI -frontend-parseable-output -disable-clang-spi -target-sdk-version 26.1 -target-sdk-name macosx26.1 -clang-target arm64-apple-macos26.1 -in-process-plugin-server-path /Applications/Xcode.app/Contents/Developer/Toolchains/XcodeDefault.xctoolchain/usr/lib/swift/host/libSwiftInProcPluginServer.dylib -o /Users/rogerlin/Library/Developer/Xcode/DerivedData/FinancialCalculatorKit-ackorybalcxbfocbkqsfdzcfkgmn/Build/Intermediates.noindex/LaTeXSwiftUI.build/Debug/LaTeXSwiftUI.build/Objects-normal/arm64/EquationNumber.o -o /Users/rogerlin/Library/Developer/Xcode/DerivedData/FinancialCalculatorKit-ackorybalcxbfocbkqsfdzcfkgmn/Build/Intermediates.noindex/LaTeXSwiftUI.build/Debug/LaTeXSwiftUI.build/Objects-normal/arm64/HorizontalImageScroller.o -index-unit-output-path /LaTeXSwiftUI.build/Debug/LaTeXSwiftUI.build/Objects-normal/arm64/EquationNumber.o -index-unit-output-path /LaTeXSwiftUI.build/Debug/LaTeXSwiftUI.build/Objects-normal/arm64/HorizontalImageScroller.o -index-store-path /Users/rogerlin/Library/Developer/Xcode/DerivedData/FinancialCalculatorKit-ackorybalcxbfocbkqsfdzcfkgmn/Index.noindex/DataStore -index-system-modules

SwiftCompile normal arm64 /Users/rogerlin/Library/Developer/Xcode/DerivedData/FinancialCalculatorKit-ackorybalcxbfocbkqsfdzcfkgmn/SourcePackages/checkouts/LaTeXSwiftUI/Sources/LaTeXSwiftUI/Views/EquationNumber.swift (in target 'LaTeXSwiftUI' from project 'LaTeXSwiftUI')
    cd /Users/rogerlin/XCode-Projects/FinancialCalculatorKit-5.0-updated-accent-colors/FinancialCalculatorKit.xcodeproj
    

SwiftCompile normal arm64 /Users/rogerlin/Library/Developer/Xcode/DerivedData/FinancialCalculatorKit-ackorybalcxbfocbkqsfdzcfkgmn/SourcePackages/checkouts/LaTeXSwiftUI/Sources/LaTeXSwiftUI/Views/HorizontalImageScroller.swift (in target 'LaTeXSwiftUI' from project 'LaTeXSwiftUI')
    cd /Users/rogerlin/XCode-Projects/FinancialCalculatorKit-5.0-updated-accent-colors/FinancialCalculatorKit.xcodeproj
    

SwiftCompile normal arm64 Compiling\ Range+Extensions.swift,\ TeXInputProcessorOptions+Extensions.swift /Users/rogerlin/Library/Developer/Xcode/DerivedData/FinancialCalculatorKit-ackorybalcxbfocbkqsfdzcfkgmn/SourcePackages/checkouts/LaTeXSwiftUI/Sources/LaTeXSwiftUI/Extensions/Range+Extensions.swift /Users/rogerlin/Library/Developer/Xcode/DerivedData/FinancialCalculatorKit-ackorybalcxbfocbkqsfdzcfkgmn/SourcePackages/checkouts/LaTeXSwiftUI/Sources/LaTeXSwiftUI/Extensions/TeXInputProcessorOptions+Extensions.swift (in target 'LaTeXSwiftUI' from project 'LaTeXSwiftUI')
/Applications/Xcode.app/Contents/Developer/Toolchains/XcodeDefault.xctoolchain/usr/bin/swift-frontend -frontend -c /Users/rogerlin/Library/Developer/Xcode/DerivedData/FinancialCalculatorKit-ackorybalcxbfocbkqsfdzcfkgmn/SourcePackages/checkouts/LaTeXSwiftUI/Sources/LaTeXSwiftUI/Extensions/EnvironmentValues+Extensions.swift /Users/rogerlin/Library/Developer/Xcode/DerivedData/FinancialCalculatorKit-ackorybalcxbfocbkqsfdzcfkgmn/SourcePackages/checkouts/LaTeXSwiftUI/Sources/LaTeXSwiftUI/Extensions/Font+Extensions.swift /Users/rogerlin/Library/Developer/Xcode/DerivedData/FinancialCalculatorKit-ackorybalcxbfocbkqsfdzcfkgmn/SourcePackages/checkouts/LaTeXSwiftUI/Sources/LaTeXSwiftUI/Extensions/Image+Extensions.swift /Users/rogerlin/Library/Developer/Xcode/DerivedData/FinancialCalculatorKit-ackorybalcxbfocbkqsfdzcfkgmn/SourcePackages/checkouts/LaTeXSwiftUI/Sources/LaTeXSwiftUI/Extensions/MathJax+Extensions.swift /Users/rogerlin/Library/Developer/Xcode/DerivedData/FinancialCalculatorKit-ackorybalcxbfocbkqsfdzcfkgmn/SourcePackages/checkouts/LaTeXSwiftUI/Sources/LaTeXSwiftUI/Extensions/NSImage+Extensions.swift -primary-file /Users/rogerlin/Library/Developer/Xcode/DerivedData/FinancialCalculatorKit-ackorybalcxbfocbkqsfdzcfkgmn/SourcePackages/checkouts/LaTeXSwiftUI/Sources/LaTeXSwiftUI/Extensions/Range+Extensions.swift -primary-file /Users/rogerlin/Library/Developer/Xcode/DerivedData/FinancialCalculatorKit-ackorybalcxbfocbkqsfdzcfkgmn/SourcePackages/checkouts/LaTeXSwiftUI/Sources/LaTeXSwiftUI/Extensions/TeXInputProcessorOptions+Extensions.swift /Users/rogerlin/Library/Developer/Xcode/DerivedData/FinancialCalculatorKit-ackorybalcxbfocbkqsfdzcfkgmn/SourcePackages/checkouts/LaTeXSwiftUI/Sources/LaTeXSwiftUI/Extensions/View+Extensions.swift /Users/rogerlin/Library/Developer/Xcode/DerivedData/FinancialCalculatorKit-ackorybalcxbfocbkqsfdzcfkgmn/SourcePackages/checkouts/LaTeXSwiftUI/Sources/LaTeXSwiftUI/LaTeX.swift /Users/rogerlin/Library/Developer/Xcode/DerivedData/FinancialCalculatorKit-ackorybalcxbfocbkqsfdzcfkgmn/SourcePackages/checkouts/LaTeXSwiftUI/Sources/LaTeXSwiftUI/Models/Aliases.swift /Users/rogerlin/Library/Developer/Xcode/DerivedData/FinancialCalculatorKit-ackorybalcxbfocbkqsfdzcfkgmn/SourcePackages/checkouts/LaTeXSwiftUI/Sources/LaTeXSwiftUI/Models/Cache.swift /Users/rogerlin/Library/Developer/Xcode/DerivedData/FinancialCalculatorKit-ackorybalcxbfocbkqsfdzcfkgmn/SourcePackages/checkouts/LaTeXSwiftUI/Sources/LaTeXSwiftUI/Models/Component.swift /Users/rogerlin/Library/Developer/Xcode/DerivedData/FinancialCalculatorKit-ackorybalcxbfocbkqsfdzcfkgmn/SourcePackages/checkouts/LaTeXSwiftUI/Sources/LaTeXSwiftUI/Models/ComponentBlock.swift /Users/rogerlin/Library/Developer/Xcode/DerivedData/FinancialCalculatorKit-ackorybalcxbfocbkqsfdzcfkgmn/SourcePackages/checkouts/LaTeXSwiftUI/Sources/LaTeXSwiftUI/Models/HashableCGRect.swift /Users/rogerlin/Library/Developer/Xcode/DerivedData/FinancialCalculatorKit-ackorybalcxbfocbkqsfdzcfkgmn/SourcePackages/checkouts/LaTeXSwiftUI/Sources/LaTeXSwiftUI/Models/HashableCGSize.swift /Users/rogerlin/Library/Developer/Xcode/DerivedData/FinancialCalculatorKit-ackorybalcxbfocbkqsfdzcfkgmn/SourcePackages/checkouts/LaTeXSwiftUI/Sources/LaTeXSwiftUI/Models/ImageContainer.swift /Users/rogerlin/Library/Developer/Xcode/DerivedData/FinancialCalculatorKit-ackorybalcxbfocbkqsfdzcfkgmn/SourcePackages/checkouts/LaTeXSwiftUI/Sources/LaTeXSwiftUI/Models/Parser.swift /Users/rogerlin/Library/Developer/Xcode/DerivedData/FinancialCalculatorKit-ackorybalcxbfocbkqsfdzcfkgmn/SourcePackages/checkouts/LaTeXSwiftUI/Sources/LaTeXSwiftUI/Models/Renderer.swift /Users/rogerlin/Library/Developer/Xcode/DerivedData/FinancialCalculatorKit-ackorybalcxbfocbkqsfdzcfkgmn/SourcePackages/checkouts/LaTeXSwiftUI/Sources/LaTeXSwiftUI/Models/SVG.swift /Users/rogerlin/Library/Developer/Xcode/DerivedData/FinancialCalculatorKit-ackorybalcxbfocbkqsfdzcfkgmn/SourcePackages/checkouts/LaTeXSwiftUI/Sources/LaTeXSwiftUI/Models/SVGGeometry.swift /Users/rogerlin/Library/Developer/Xcode/DerivedData/FinancialCalculatorKit-ackorybalcxbfocbkqsfdzcfkgmn/SourcePackages/checkouts/LaTeXSwiftUI/Sources/LaTeXSwiftUI/Previews/LaTeX_Previews+Color.swift /Users/rogerlin/Library/Developer/Xcode/DerivedData/FinancialCalculatorKit-ackorybalcxbfocbkqsfdzcfkgmn/SourcePackages/checkouts/LaTeXSwiftUI/Sources/LaTeXSwiftUI/Previews/LaTeX_Previews+Fonts.swift /Users/rogerlin/Library/Developer/Xcode/DerivedData/FinancialCalculatorKit-ackorybalcxbfocbkqsfdzcfkgmn/SourcePackages/checkouts/LaTeXSwiftUI/Sources/LaTeXSwiftUI/Previews/LaTeX_Previews+Modes.swift /Users/rogerlin/Library/Developer/Xcode/DerivedData/FinancialCalculatorKit-ackorybalcxbfocbkqsfdzcfkgmn/SourcePackages/checkouts/LaTeXSwiftUI/Sources/LaTeXSwiftUI/Previews/LaTeX_Previews+Numbers.swift /Users/rogerlin/Library/Developer/Xcode/DerivedData/FinancialCalculatorKit-ackorybalcxbfocbkqsfdzcfkgmn/SourcePackages/checkouts/LaTeXSwiftUI/Sources/LaTeXSwiftUI/Previews/LaTeX_Previews+Special.swift /Users/rogerlin/Library/Developer/Xcode/DerivedData/FinancialCalculatorKit-ackorybalcxbfocbkqsfdzcfkgmn/SourcePackages/checkouts/LaTeXSwiftUI/Sources/LaTeXSwiftUI/Previews/LaTeX_Previews+Styles.swift /Users/rogerlin/Library/Developer/Xcode/DerivedData/FinancialCalculatorKit-ackorybalcxbfocbkqsfdzcfkgmn/SourcePackages/checkouts/LaTeXSwiftUI/Sources/LaTeXSwiftUI/Styles/DefaultLaTeXStyle.swift /Users/rogerlin/Library/Developer/Xcode/DerivedData/FinancialCalculatorKit-ackorybalcxbfocbkqsfdzcfkgmn/SourcePackages/checkouts/LaTeXSwiftUI/Sources/LaTeXSwiftUI/Styles/LaTeXStyle.swift /Users/rogerlin/Library/Developer/Xcode/DerivedData/FinancialCalculatorKit-ackorybalcxbfocbkqsfdzcfkgmn/SourcePackages/checkouts/LaTeXSwiftUI/Sources/LaTeXSwiftUI/Styles/StandardLaTeXStyle.swift /Users/rogerlin/Library/Developer/Xcode/DerivedData/FinancialCalculatorKit-ackorybalcxbfocbkqsfdzcfkgmn/SourcePackages/checkouts/LaTeXSwiftUI/Sources/LaTeXSwiftUI/Views/ComponentBlocksText.swift /Users/rogerlin/Library/Developer/Xcode/DerivedData/FinancialCalculatorKit-ackorybalcxbfocbkqsfdzcfkgmn/SourcePackages/checkouts/LaTeXSwiftUI/Sources/LaTeXSwiftUI/Views/ComponentBlocksViews.swift /Users/rogerlin/Library/Developer/Xcode/DerivedData/FinancialCalculatorKit-ackorybalcxbfocbkqsfdzcfkgmn/SourcePackages/checkouts/LaTeXSwiftUI/Sources/LaTeXSwiftUI/Views/EquationNumber.swift /Users/rogerlin/Library/Developer/Xcode/DerivedData/FinancialCalculatorKit-ackorybalcxbfocbkqsfdzcfkgmn/SourcePackages/checkouts/LaTeXSwiftUI/Sources/LaTeXSwiftUI/Views/HorizontalImageScroller.swift -emit-dependencies-path /Users/rogerlin/Library/Developer/Xcode/DerivedData/FinancialCalculatorKit-ackorybalcxbfocbkqsfdzcfkgmn/Build/Intermediates.noindex/LaTeXSwiftUI.build/Debug/LaTeXSwiftUI.build/Objects-normal/arm64/Range+Extensions.d -emit-const-values-path /Users/rogerlin/Library/Developer/Xcode/DerivedData/FinancialCalculatorKit-ackorybalcxbfocbkqsfdzcfkgmn/Build/Intermediates.noindex/LaTeXSwiftUI.build/Debug/LaTeXSwiftUI.build/Objects-normal/arm64/Range+Extensions.swiftconstvalues -emit-reference-dependencies-path /Users/rogerlin/Library/Developer/Xcode/DerivedData/FinancialCalculatorKit-ackorybalcxbfocbkqsfdzcfkgmn/Build/Intermediates.noindex/LaTeXSwiftUI.build/Debug/LaTeXSwiftUI.build/Objects-normal/arm64/Range+Extensions.swiftdeps -serialize-diagnostics-path /Users/rogerlin/Library/Developer/Xcode/DerivedData/FinancialCalculatorKit-ackorybalcxbfocbkqsfdzcfkgmn/Build/Intermediates.noindex/LaTeXSwiftUI.build/Debug/LaTeXSwiftUI.build/Objects-normal/arm64/Range+Extensions.dia -emit-dependencies-path /Users/rogerlin/Library/Developer/Xcode/DerivedData/FinancialCalculatorKit-ackorybalcxbfocbkqsfdzcfkgmn/Build/Intermediates.noindex/LaTeXSwiftUI.build/Debug/LaTeXSwiftUI.build/Objects-normal/arm64/TeXInputProcessorOptions+Extensions.d -emit-const-values-path /Users/rogerlin/Library/Developer/Xcode/DerivedData/FinancialCalculatorKit-ackorybalcxbfocbkqsfdzcfkgmn/Build/Intermediates.noindex/LaTeXSwiftUI.build/Debug/LaTeXSwiftUI.build/Objects-normal/arm64/TeXInputProcessorOptions+Extensions.swiftconstvalues -emit-reference-dependencies-path /Users/rogerlin/Library/Developer/Xcode/DerivedData/FinancialCalculatorKit-ackorybalcxbfocbkqsfdzcfkgmn/Build/Intermediates.noindex/LaTeXSwiftUI.build/Debug/LaTeXSwiftUI.build/Objects-normal/arm64/TeXInputProcessorOptions+Extensions.swiftdeps -serialize-diagnostics-path /Users/rogerlin/Library/Developer/Xcode/DerivedData/FinancialCalculatorKit-ackorybalcxbfocbkqsfdzcfkgmn/Build/Intermediates.noindex/LaTeXSwiftUI.build/Debug/LaTeXSwiftUI.build/Objects-normal/arm64/TeXInputProcessorOptions+Extensions.dia -target arm64-apple-macos12.0 -load-resolved-plugin /Applications/Xcode.app/Contents/Developer/Platforms/MacOSX.platform/Developer/usr/lib/swift/host/plugins/libFoundationMacros.dylib\#/Applications/Xcode.app/Contents/Developer/Platforms/MacOSX.platform/Developer/usr/bin/swift-plugin-server\#FoundationMacros -load-resolved-plugin /Applications/Xcode.app/Contents/Developer/Platforms/MacOSX.platform/Developer/usr/lib/swift/host/plugins/libObservationMacros.dylib\#/Applications/Xcode.app/Contents/Developer/Platforms/MacOSX.platform/Developer/usr/bin/swift-plugin-server\#ObservationMacros -load-resolved-plugin /Applications/Xcode.app/Contents/Developer/Platforms/MacOSX.platform/Developer/usr/lib/swift/host/plugins/libPreviewsMacros.dylib\#/Applications/Xcode.app/Contents/Developer/Platforms/MacOSX.platform/Developer/usr/bin/swift-plugin-server\#PreviewsMacros -load-resolved-plugin /Applications/Xcode.app/Contents/Developer/Platforms/MacOSX.platform/Developer/usr/lib/swift/host/plugins/libSwiftMacros.dylib\#/Applications/Xcode.app/Contents/Developer/Platforms/MacOSX.platform/Developer/usr/bin/swift-plugin-server\#SwiftMacros -load-resolved-plugin /Applications/Xcode.app/Contents/Developer/Platforms/MacOSX.platform/Developer/usr/lib/swift/host/plugins/libSwiftUIMacros.dylib\#/Applications/Xcode.app/Contents/Developer/Platforms/MacOSX.platform/Developer/usr/bin/swift-plugin-server\#SwiftUIMacros -disable-implicit-swift-modules -Xcc -fno-implicit-modules -Xcc -fno-implicit-module-maps -explicit-swift-module-map-file /Users/rogerlin/Library/Developer/Xcode/DerivedData/FinancialCalculatorKit-ackorybalcxbfocbkqsfdzcfkgmn/Build/Intermediates.noindex/LaTeXSwiftUI.build/Debug/LaTeXSwiftUI.build/Objects-normal/arm64/LaTeXSwiftUI-dependencies-1.json -Xllvm -aarch64-use-tbi -enable-objc-interop -stack-check -sdk /Applications/Xcode.app/Contents/Developer/Platforms/MacOSX.platform/Developer/SDKs/MacOSX26.1.sdk -I /Users/rogerlin/Library/Developer/Xcode/DerivedData/FinancialCalculatorKit-ackorybalcxbfocbkqsfdzcfkgmn/Build/Products/Debug -Isystem /Applications/Xcode.app/Contents/Developer/Platforms/MacOSX.platform/Developer/usr/lib -F /Users/rogerlin/Library/Developer/Xcode/DerivedData/FinancialCalculatorKit-ackorybalcxbfocbkqsfdzcfkgmn/Build/Products/Debug/PackageFrameworks -F /Users/rogerlin/Library/Developer/Xcode/DerivedData/FinancialCalculatorKit-ackorybalcxbfocbkqsfdzcfkgmn/Build/Products/Debug/PackageFrameworks -F /Users/rogerlin/Library/Developer/Xcode/DerivedData/FinancialCalculatorKit-ackorybalcxbfocbkqsfdzcfkgmn/Build/Products/Debug/PackageFrameworks -F /Users/rogerlin/Library/Developer/Xcode/DerivedData/FinancialCalculatorKit-ackorybalcxbfocbkqsfdzcfkgmn/Build/Products/Debug/PackageFrameworks -F /Users/rogerlin/Library/Developer/Xcode/DerivedData/FinancialCalculatorKit-ackorybalcxbfocbkqsfdzcfkgmn/Build/Products/Debug -F /Applications/Xcode.app/Contents/Developer/Platforms/MacOSX.platform/Developer/Library/Frameworks -no-color-diagnostics -Xcc -fno-color-diagnostics -enable-testing -g -debug-info-format\=dwarf -dwarf-version\=4 -module-cache-path /Users/rogerlin/Library/Developer/Xcode/DerivedData/FinancialCalculatorKit-ackorybalcxbfocbkqsfdzcfkgmn/Build/Intermediates.noindex/SwiftExplicitPrecompiledModules -suppress-warnings -profile-generate -profile-coverage-mapping -swift-version 5 -enforce-exclusivity\=checked -Onone -D SWIFT_PACKAGE -D DEBUG -D SWIFT_MODULE_RESOURCE_BUNDLE_UNAVAILABLE -D Xcode -serialize-debugging-options -const-gather-protocols-file /Users/rogerlin/Library/Developer/Xcode/DerivedData/FinancialCalculatorKit-ackorybalcxbfocbkqsfdzcfkgmn/Build/Intermediates.noindex/LaTeXSwiftUI.build/Debug/LaTeXSwiftUI.build/Objects-normal/arm64/LaTeXSwiftUI_const_extract_protocols.json -enable-experimental-feature DebugDescriptionMacro -empty-abi-descriptor -validate-clang-modules-once -clang-build-session-file /Users/rogerlin/Library/Developer/Xcode/DerivedData/ModuleCache.noindex/Session.modulevalidation -Xcc -working-directory -Xcc /Users/rogerlin/XCode-Projects/FinancialCalculatorKit-5.0-updated-accent-colors/FinancialCalculatorKit.xcodeproj -enable-anonymous-context-mangled-names -file-compilation-dir /Users/rogerlin/XCode-Projects/FinancialCalculatorKit-5.0-updated-accent-colors/FinancialCalculatorKit.xcodeproj -Xcc -D_LIBCPP_HARDENING_MODE\=_LIBCPP_HARDENING_MODE_DEBUG -Xcc -ivfsstatcache -Xcc /Users/rogerlin/Library/Developer/Xcode/DerivedData/SDKStatCaches.noindex/macosx26.1-25B74-3ae1261907bdadc328169391a47051a6.sdkstatcache -Xcc -I/Users/rogerlin/Library/Developer/Xcode/DerivedData/FinancialCalculatorKit-ackorybalcxbfocbkqsfdzcfkgmn/Build/Intermediates.noindex/LaTeXSwiftUI.build/Debug/LaTeXSwiftUI.build/swift-overrides.hmap -Xcc -I/Users/rogerlin/Library/Developer/Xcode/DerivedData/FinancialCalculatorKit-ackorybalcxbfocbkqsfdzcfkgmn/Build/Products/Debug/include -Xcc -I/Users/rogerlin/Library/Developer/Xcode/DerivedData/FinancialCalculatorKit-ackorybalcxbfocbkqsfdzcfkgmn/Build/Intermediates.noindex/LaTeXSwiftUI.build/Debug/LaTeXSwiftUI.build/DerivedSources-normal/arm64 -Xcc -I/Users/rogerlin/Library/Developer/Xcode/DerivedData/FinancialCalculatorKit-ackorybalcxbfocbkqsfdzcfkgmn/Build/Intermediates.noindex/LaTeXSwiftUI.build/Debug/LaTeXSwiftUI.build/DerivedSources/arm64 -Xcc -I/Users/rogerlin/Library/Developer/Xcode/DerivedData/FinancialCalculatorKit-ackorybalcxbfocbkqsfdzcfkgmn/Build/Intermediates.noindex/LaTeXSwiftUI.build/Debug/LaTeXSwiftUI.build/DerivedSources -Xcc -DSWIFT_PACKAGE -Xcc -DDEBUG\=1 -no-auto-bridging-header-chaining -module-name LaTeXSwiftUI -frontend-parseable-output -disable-clang-spi -target-sdk-version 26.1 -target-sdk-name macosx26.1 -clang-target arm64-apple-macos26.1 -in-process-plugin-server-path /Applications/Xcode.app/Contents/Developer/Toolchains/XcodeDefault.xctoolchain/usr/lib/swift/host/libSwiftInProcPluginServer.dylib -o /Users/rogerlin/Library/Developer/Xcode/DerivedData/FinancialCalculatorKit-ackorybalcxbfocbkqsfdzcfkgmn/Build/Intermediates.noindex/LaTeXSwiftUI.build/Debug/LaTeXSwiftUI.build/Objects-normal/arm64/Range+Extensions.o -o /Users/rogerlin/Library/Developer/Xcode/DerivedData/FinancialCalculatorKit-ackorybalcxbfocbkqsfdzcfkgmn/Build/Intermediates.noindex/LaTeXSwiftUI.build/Debug/LaTeXSwiftUI.build/Objects-normal/arm64/TeXInputProcessorOptions+Extensions.o -index-unit-output-path /LaTeXSwiftUI.build/Debug/LaTeXSwiftUI.build/Objects-normal/arm64/Range+Extensions.o -index-unit-output-path /LaTeXSwiftUI.build/Debug/LaTeXSwiftUI.build/Objects-normal/arm64/TeXInputProcessorOptions+Extensions.o -index-store-path /Users/rogerlin/Library/Developer/Xcode/DerivedData/FinancialCalculatorKit-ackorybalcxbfocbkqsfdzcfkgmn/Index.noindex/DataStore -index-system-modules

SwiftCompile normal arm64 /Users/rogerlin/Library/Developer/Xcode/DerivedData/FinancialCalculatorKit-ackorybalcxbfocbkqsfdzcfkgmn/SourcePackages/checkouts/LaTeXSwiftUI/Sources/LaTeXSwiftUI/Extensions/Range+Extensions.swift (in target 'LaTeXSwiftUI' from project 'LaTeXSwiftUI')
    cd /Users/rogerlin/XCode-Projects/FinancialCalculatorKit-5.0-updated-accent-colors/FinancialCalculatorKit.xcodeproj
    

SwiftCompile normal arm64 /Users/rogerlin/Library/Developer/Xcode/DerivedData/FinancialCalculatorKit-ackorybalcxbfocbkqsfdzcfkgmn/SourcePackages/checkouts/LaTeXSwiftUI/Sources/LaTeXSwiftUI/Extensions/TeXInputProcessorOptions+Extensions.swift (in target 'LaTeXSwiftUI' from project 'LaTeXSwiftUI')
    cd /Users/rogerlin/XCode-Projects/FinancialCalculatorKit-5.0-updated-accent-colors/FinancialCalculatorKit.xcodeproj
    

SwiftDriverJobDiscovery normal arm64 Compiling UncheckedSendable.swift (in target 'CasePathsCore' from project 'swift-case-paths')

SwiftCompile normal arm64 Compiling\ Aliases.swift,\ Cache.swift /Users/rogerlin/Library/Developer/Xcode/DerivedData/FinancialCalculatorKit-ackorybalcxbfocbkqsfdzcfkgmn/SourcePackages/checkouts/LaTeXSwiftUI/Sources/LaTeXSwiftUI/Models/Aliases.swift /Users/rogerlin/Library/Developer/Xcode/DerivedData/FinancialCalculatorKit-ackorybalcxbfocbkqsfdzcfkgmn/SourcePackages/checkouts/LaTeXSwiftUI/Sources/LaTeXSwiftUI/Models/Cache.swift (in target 'LaTeXSwiftUI' from project 'LaTeXSwiftUI')
/Applications/Xcode.app/Contents/Developer/Toolchains/XcodeDefault.xctoolchain/usr/bin/swift-frontend -frontend -c /Users/rogerlin/Library/Developer/Xcode/DerivedData/FinancialCalculatorKit-ackorybalcxbfocbkqsfdzcfkgmn/SourcePackages/checkouts/LaTeXSwiftUI/Sources/LaTeXSwiftUI/Extensions/EnvironmentValues+Extensions.swift /Users/rogerlin/Library/Developer/Xcode/DerivedData/FinancialCalculatorKit-ackorybalcxbfocbkqsfdzcfkgmn/SourcePackages/checkouts/LaTeXSwiftUI/Sources/LaTeXSwiftUI/Extensions/Font+Extensions.swift /Users/rogerlin/Library/Developer/Xcode/DerivedData/FinancialCalculatorKit-ackorybalcxbfocbkqsfdzcfkgmn/SourcePackages/checkouts/LaTeXSwiftUI/Sources/LaTeXSwiftUI/Extensions/Image+Extensions.swift /Users/rogerlin/Library/Developer/Xcode/DerivedData/FinancialCalculatorKit-ackorybalcxbfocbkqsfdzcfkgmn/SourcePackages/checkouts/LaTeXSwiftUI/Sources/LaTeXSwiftUI/Extensions/MathJax+Extensions.swift /Users/rogerlin/Library/Developer/Xcode/DerivedData/FinancialCalculatorKit-ackorybalcxbfocbkqsfdzcfkgmn/SourcePackages/checkouts/LaTeXSwiftUI/Sources/LaTeXSwiftUI/Extensions/NSImage+Extensions.swift /Users/rogerlin/Library/Developer/Xcode/DerivedData/FinancialCalculatorKit-ackorybalcxbfocbkqsfdzcfkgmn/SourcePackages/checkouts/LaTeXSwiftUI/Sources/LaTeXSwiftUI/Extensions/Range+Extensions.swift /Users/rogerlin/Library/Developer/Xcode/DerivedData/FinancialCalculatorKit-ackorybalcxbfocbkqsfdzcfkgmn/SourcePackages/checkouts/LaTeXSwiftUI/Sources/LaTeXSwiftUI/Extensions/TeXInputProcessorOptions+Extensions.swift /Users/rogerlin/Library/Developer/Xcode/DerivedData/FinancialCalculatorKit-ackorybalcxbfocbkqsfdzcfkgmn/SourcePackages/checkouts/LaTeXSwiftUI/Sources/LaTeXSwiftUI/Extensions/View+Extensions.swift /Users/rogerlin/Library/Developer/Xcode/DerivedData/FinancialCalculatorKit-ackorybalcxbfocbkqsfdzcfkgmn/SourcePackages/checkouts/LaTeXSwiftUI/Sources/LaTeXSwiftUI/LaTeX.swift -primary-file /Users/rogerlin/Library/Developer/Xcode/DerivedData/FinancialCalculatorKit-ackorybalcxbfocbkqsfdzcfkgmn/SourcePackages/checkouts/LaTeXSwiftUI/Sources/LaTeXSwiftUI/Models/Aliases.swift -primary-file /Users/rogerlin/Library/Developer/Xcode/DerivedData/FinancialCalculatorKit-ackorybalcxbfocbkqsfdzcfkgmn/SourcePackages/checkouts/LaTeXSwiftUI/Sources/LaTeXSwiftUI/Models/Cache.swift /Users/rogerlin/Library/Developer/Xcode/DerivedData/FinancialCalculatorKit-ackorybalcxbfocbkqsfdzcfkgmn/SourcePackages/checkouts/LaTeXSwiftUI/Sources/LaTeXSwiftUI/Models/Component.swift /Users/rogerlin/Library/Developer/Xcode/DerivedData/FinancialCalculatorKit-ackorybalcxbfocbkqsfdzcfkgmn/SourcePackages/checkouts/LaTeXSwiftUI/Sources/LaTeXSwiftUI/Models/ComponentBlock.swift /Users/rogerlin/Library/Developer/Xcode/DerivedData/FinancialCalculatorKit-ackorybalcxbfocbkqsfdzcfkgmn/SourcePackages/checkouts/LaTeXSwiftUI/Sources/LaTeXSwiftUI/Models/HashableCGRect.swift /Users/rogerlin/Library/Developer/Xcode/DerivedData/FinancialCalculatorKit-ackorybalcxbfocbkqsfdzcfkgmn/SourcePackages/checkouts/LaTeXSwiftUI/Sources/LaTeXSwiftUI/Models/HashableCGSize.swift /Users/rogerlin/Library/Developer/Xcode/DerivedData/FinancialCalculatorKit-ackorybalcxbfocbkqsfdzcfkgmn/SourcePackages/checkouts/LaTeXSwiftUI/Sources/LaTeXSwiftUI/Models/ImageContainer.swift /Users/rogerlin/Library/Developer/Xcode/DerivedData/FinancialCalculatorKit-ackorybalcxbfocbkqsfdzcfkgmn/SourcePackages/checkouts/LaTeXSwiftUI/Sources/LaTeXSwiftUI/Models/Parser.swift /Users/rogerlin/Library/Developer/Xcode/DerivedData/FinancialCalculatorKit-ackorybalcxbfocbkqsfdzcfkgmn/SourcePackages/checkouts/LaTeXSwiftUI/Sources/LaTeXSwiftUI/Models/Renderer.swift /Users/rogerlin/Library/Developer/Xcode/DerivedData/FinancialCalculatorKit-ackorybalcxbfocbkqsfdzcfkgmn/SourcePackages/checkouts/LaTeXSwiftUI/Sources/LaTeXSwiftUI/Models/SVG.swift /Users/rogerlin/Library/Developer/Xcode/DerivedData/FinancialCalculatorKit-ackorybalcxbfocbkqsfdzcfkgmn/SourcePackages/checkouts/LaTeXSwiftUI/Sources/LaTeXSwiftUI/Models/SVGGeometry.swift /Users/rogerlin/Library/Developer/Xcode/DerivedData/FinancialCalculatorKit-ackorybalcxbfocbkqsfdzcfkgmn/SourcePackages/checkouts/LaTeXSwiftUI/Sources/LaTeXSwiftUI/Previews/LaTeX_Previews+Color.swift /Users/rogerlin/Library/Developer/Xcode/DerivedData/FinancialCalculatorKit-ackorybalcxbfocbkqsfdzcfkgmn/SourcePackages/checkouts/LaTeXSwiftUI/Sources/LaTeXSwiftUI/Previews/LaTeX_Previews+Fonts.swift /Users/rogerlin/Library/Developer/Xcode/DerivedData/FinancialCalculatorKit-ackorybalcxbfocbkqsfdzcfkgmn/SourcePackages/checkouts/LaTeXSwiftUI/Sources/LaTeXSwiftUI/Previews/LaTeX_Previews+Modes.swift /Users/rogerlin/Library/Developer/Xcode/DerivedData/FinancialCalculatorKit-ackorybalcxbfocbkqsfdzcfkgmn/SourcePackages/checkouts/LaTeXSwiftUI/Sources/LaTeXSwiftUI/Previews/LaTeX_Previews+Numbers.swift /Users/rogerlin/Library/Developer/Xcode/DerivedData/FinancialCalculatorKit-ackorybalcxbfocbkqsfdzcfkgmn/SourcePackages/checkouts/LaTeXSwiftUI/Sources/LaTeXSwiftUI/Previews/LaTeX_Previews+Special.swift /Users/rogerlin/Library/Developer/Xcode/DerivedData/FinancialCalculatorKit-ackorybalcxbfocbkqsfdzcfkgmn/SourcePackages/checkouts/LaTeXSwiftUI/Sources/LaTeXSwiftUI/Previews/LaTeX_Previews+Styles.swift /Users/rogerlin/Library/Developer/Xcode/DerivedData/FinancialCalculatorKit-ackorybalcxbfocbkqsfdzcfkgmn/SourcePackages/checkouts/LaTeXSwiftUI/Sources/LaTeXSwiftUI/Styles/DefaultLaTeXStyle.swift /Users/rogerlin/Library/Developer/Xcode/DerivedData/FinancialCalculatorKit-ackorybalcxbfocbkqsfdzcfkgmn/SourcePackages/checkouts/LaTeXSwiftUI/Sources/LaTeXSwiftUI/Styles/LaTeXStyle.swift /Users/rogerlin/Library/Developer/Xcode/DerivedData/FinancialCalculatorKit-ackorybalcxbfocbkqsfdzcfkgmn/SourcePackages/checkouts/LaTeXSwiftUI/Sources/LaTeXSwiftUI/Styles/StandardLaTeXStyle.swift /Users/rogerlin/Library/Developer/Xcode/DerivedData/FinancialCalculatorKit-ackorybalcxbfocbkqsfdzcfkgmn/SourcePackages/checkouts/LaTeXSwiftUI/Sources/LaTeXSwiftUI/Views/ComponentBlocksText.swift /Users/rogerlin/Library/Developer/Xcode/DerivedData/FinancialCalculatorKit-ackorybalcxbfocbkqsfdzcfkgmn/SourcePackages/checkouts/LaTeXSwiftUI/Sources/LaTeXSwiftUI/Views/ComponentBlocksViews.swift /Users/rogerlin/Library/Developer/Xcode/DerivedData/FinancialCalculatorKit-ackorybalcxbfocbkqsfdzcfkgmn/SourcePackages/checkouts/LaTeXSwiftUI/Sources/LaTeXSwiftUI/Views/EquationNumber.swift /Users/rogerlin/Library/Developer/Xcode/DerivedData/FinancialCalculatorKit-ackorybalcxbfocbkqsfdzcfkgmn/SourcePackages/checkouts/LaTeXSwiftUI/Sources/LaTeXSwiftUI/Views/HorizontalImageScroller.swift -emit-dependencies-path /Users/rogerlin/Library/Developer/Xcode/DerivedData/FinancialCalculatorKit-ackorybalcxbfocbkqsfdzcfkgmn/Build/Intermediates.noindex/LaTeXSwiftUI.build/Debug/LaTeXSwiftUI.build/Objects-normal/arm64/Aliases.d -emit-const-values-path /Users/rogerlin/Library/Developer/Xcode/DerivedData/FinancialCalculatorKit-ackorybalcxbfocbkqsfdzcfkgmn/Build/Intermediates.noindex/LaTeXSwiftUI.build/Debug/LaTeXSwiftUI.build/Objects-normal/arm64/Aliases.swiftconstvalues -emit-reference-dependencies-path /Users/rogerlin/Library/Developer/Xcode/DerivedData/FinancialCalculatorKit-ackorybalcxbfocbkqsfdzcfkgmn/Build/Intermediates.noindex/LaTeXSwiftUI.build/Debug/LaTeXSwiftUI.build/Objects-normal/arm64/Aliases.swiftdeps -serialize-diagnostics-path /Users/rogerlin/Library/Developer/Xcode/DerivedData/FinancialCalculatorKit-ackorybalcxbfocbkqsfdzcfkgmn/Build/Intermediates.noindex/LaTeXSwiftUI.build/Debug/LaTeXSwiftUI.build/Objects-normal/arm64/Aliases.dia -emit-dependencies-path /Users/rogerlin/Library/Developer/Xcode/DerivedData/FinancialCalculatorKit-ackorybalcxbfocbkqsfdzcfkgmn/Build/Intermediates.noindex/LaTeXSwiftUI.build/Debug/LaTeXSwiftUI.build/Objects-normal/arm64/Cache.d -emit-const-values-path /Users/rogerlin/Library/Developer/Xcode/DerivedData/FinancialCalculatorKit-ackorybalcxbfocbkqsfdzcfkgmn/Build/Intermediates.noindex/LaTeXSwiftUI.build/Debug/LaTeXSwiftUI.build/Objects-normal/arm64/Cache.swiftconstvalues -emit-reference-dependencies-path /Users/rogerlin/Library/Developer/Xcode/DerivedData/FinancialCalculatorKit-ackorybalcxbfocbkqsfdzcfkgmn/Build/Intermediates.noindex/LaTeXSwiftUI.build/Debug/LaTeXSwiftUI.build/Objects-normal/arm64/Cache.swiftdeps -serialize-diagnostics-path /Users/rogerlin/Library/Developer/Xcode/DerivedData/FinancialCalculatorKit-ackorybalcxbfocbkqsfdzcfkgmn/Build/Intermediates.noindex/LaTeXSwiftUI.build/Debug/LaTeXSwiftUI.build/Objects-normal/arm64/Cache.dia -target arm64-apple-macos12.0 -load-resolved-plugin /Applications/Xcode.app/Contents/Developer/Platforms/MacOSX.platform/Developer/usr/lib/swift/host/plugins/libFoundationMacros.dylib\#/Applications/Xcode.app/Contents/Developer/Platforms/MacOSX.platform/Developer/usr/bin/swift-plugin-server\#FoundationMacros -load-resolved-plugin /Applications/Xcode.app/Contents/Developer/Platforms/MacOSX.platform/Developer/usr/lib/swift/host/plugins/libObservationMacros.dylib\#/Applications/Xcode.app/Contents/Developer/Platforms/MacOSX.platform/Developer/usr/bin/swift-plugin-server\#ObservationMacros -load-resolved-plugin /Applications/Xcode.app/Contents/Developer/Platforms/MacOSX.platform/Developer/usr/lib/swift/host/plugins/libPreviewsMacros.dylib\#/Applications/Xcode.app/Contents/Developer/Platforms/MacOSX.platform/Developer/usr/bin/swift-plugin-server\#PreviewsMacros -load-resolved-plugin /Applications/Xcode.app/Contents/Developer/Platforms/MacOSX.platform/Developer/usr/lib/swift/host/plugins/libSwiftMacros.dylib\#/Applications/Xcode.app/Contents/Developer/Platforms/MacOSX.platform/Developer/usr/bin/swift-plugin-server\#SwiftMacros -load-resolved-plugin /Applications/Xcode.app/Contents/Developer/Platforms/MacOSX.platform/Developer/usr/lib/swift/host/plugins/libSwiftUIMacros.dylib\#/Applications/Xcode.app/Contents/Developer/Platforms/MacOSX.platform/Developer/usr/bin/swift-plugin-server\#SwiftUIMacros -disable-implicit-swift-modules -Xcc -fno-implicit-modules -Xcc -fno-implicit-module-maps -explicit-swift-module-map-file /Users/rogerlin/Library/Developer/Xcode/DerivedData/FinancialCalculatorKit-ackorybalcxbfocbkqsfdzcfkgmn/Build/Intermediates.noindex/LaTeXSwiftUI.build/Debug/LaTeXSwiftUI.build/Objects-normal/arm64/LaTeXSwiftUI-dependencies-1.json -Xllvm -aarch64-use-tbi -enable-objc-interop -stack-check -sdk /Applications/Xcode.app/Contents/Developer/Platforms/MacOSX.platform/Developer/SDKs/MacOSX26.1.sdk -I /Users/rogerlin/Library/Developer/Xcode/DerivedData/FinancialCalculatorKit-ackorybalcxbfocbkqsfdzcfkgmn/Build/Products/Debug -Isystem /Applications/Xcode.app/Contents/Developer/Platforms/MacOSX.platform/Developer/usr/lib -F /Users/rogerlin/Library/Developer/Xcode/DerivedData/FinancialCalculatorKit-ackorybalcxbfocbkqsfdzcfkgmn/Build/Products/Debug/PackageFrameworks -F /Users/rogerlin/Library/Developer/Xcode/DerivedData/FinancialCalculatorKit-ackorybalcxbfocbkqsfdzcfkgmn/Build/Products/Debug/PackageFrameworks -F /Users/rogerlin/Library/Developer/Xcode/DerivedData/FinancialCalculatorKit-ackorybalcxbfocbkqsfdzcfkgmn/Build/Products/Debug/PackageFrameworks -F /Users/rogerlin/Library/Developer/Xcode/DerivedData/FinancialCalculatorKit-ackorybalcxbfocbkqsfdzcfkgmn/Build/Products/Debug/PackageFrameworks -F /Users/rogerlin/Library/Developer/Xcode/DerivedData/FinancialCalculatorKit-ackorybalcxbfocbkqsfdzcfkgmn/Build/Products/Debug -F /Applications/Xcode.app/Contents/Developer/Platforms/MacOSX.platform/Developer/Library/Frameworks -no-color-diagnostics -Xcc -fno-color-diagnostics -enable-testing -g -debug-info-format\=dwarf -dwarf-version\=4 -module-cache-path /Users/rogerlin/Library/Developer/Xcode/DerivedData/FinancialCalculatorKit-ackorybalcxbfocbkqsfdzcfkgmn/Build/Intermediates.noindex/SwiftExplicitPrecompiledModules -suppress-warnings -profile-generate -profile-coverage-mapping -swift-version 5 -enforce-exclusivity\=checked -Onone -D SWIFT_PACKAGE -D DEBUG -D SWIFT_MODULE_RESOURCE_BUNDLE_UNAVAILABLE -D Xcode -serialize-debugging-options -const-gather-protocols-file /Users/rogerlin/Library/Developer/Xcode/DerivedData/FinancialCalculatorKit-ackorybalcxbfocbkqsfdzcfkgmn/Build/Intermediates.noindex/LaTeXSwiftUI.build/Debug/LaTeXSwiftUI.build/Objects-normal/arm64/LaTeXSwiftUI_const_extract_protocols.json -enable-experimental-feature DebugDescriptionMacro -empty-abi-descriptor -validate-clang-modules-once -clang-build-session-file /Users/rogerlin/Library/Developer/Xcode/DerivedData/ModuleCache.noindex/Session.modulevalidation -Xcc -working-directory -Xcc /Users/rogerlin/XCode-Projects/FinancialCalculatorKit-5.0-updated-accent-colors/FinancialCalculatorKit.xcodeproj -enable-anonymous-context-mangled-names -file-compilation-dir /Users/rogerlin/XCode-Projects/FinancialCalculatorKit-5.0-updated-accent-colors/FinancialCalculatorKit.xcodeproj -Xcc -D_LIBCPP_HARDENING_MODE\=_LIBCPP_HARDENING_MODE_DEBUG -Xcc -ivfsstatcache -Xcc /Users/rogerlin/Library/Developer/Xcode/DerivedData/SDKStatCaches.noindex/macosx26.1-25B74-3ae1261907bdadc328169391a47051a6.sdkstatcache -Xcc -I/Users/rogerlin/Library/Developer/Xcode/DerivedData/FinancialCalculatorKit-ackorybalcxbfocbkqsfdzcfkgmn/Build/Intermediates.noindex/LaTeXSwiftUI.build/Debug/LaTeXSwiftUI.build/swift-overrides.hmap -Xcc -I/Users/rogerlin/Library/Developer/Xcode/DerivedData/FinancialCalculatorKit-ackorybalcxbfocbkqsfdzcfkgmn/Build/Products/Debug/include -Xcc -I/Users/rogerlin/Library/Developer/Xcode/DerivedData/FinancialCalculatorKit-ackorybalcxbfocbkqsfdzcfkgmn/Build/Intermediates.noindex/LaTeXSwiftUI.build/Debug/LaTeXSwiftUI.build/DerivedSources-normal/arm64 -Xcc -I/Users/rogerlin/Library/Developer/Xcode/DerivedData/FinancialCalculatorKit-ackorybalcxbfocbkqsfdzcfkgmn/Build/Intermediates.noindex/LaTeXSwiftUI.build/Debug/LaTeXSwiftUI.build/DerivedSources/arm64 -Xcc -I/Users/rogerlin/Library/Developer/Xcode/DerivedData/FinancialCalculatorKit-ackorybalcxbfocbkqsfdzcfkgmn/Build/Intermediates.noindex/LaTeXSwiftUI.build/Debug/LaTeXSwiftUI.build/DerivedSources -Xcc -DSWIFT_PACKAGE -Xcc -DDEBUG\=1 -no-auto-bridging-header-chaining -module-name LaTeXSwiftUI -frontend-parseable-output -disable-clang-spi -target-sdk-version 26.1 -target-sdk-name macosx26.1 -clang-target arm64-apple-macos26.1 -in-process-plugin-server-path /Applications/Xcode.app/Contents/Developer/Toolchains/XcodeDefault.xctoolchain/usr/lib/swift/host/libSwiftInProcPluginServer.dylib -o /Users/rogerlin/Library/Developer/Xcode/DerivedData/FinancialCalculatorKit-ackorybalcxbfocbkqsfdzcfkgmn/Build/Intermediates.noindex/LaTeXSwiftUI.build/Debug/LaTeXSwiftUI.build/Objects-normal/arm64/Aliases.o -o /Users/rogerlin/Library/Developer/Xcode/DerivedData/FinancialCalculatorKit-ackorybalcxbfocbkqsfdzcfkgmn/Build/Intermediates.noindex/LaTeXSwiftUI.build/Debug/LaTeXSwiftUI.build/Objects-normal/arm64/Cache.o -index-unit-output-path /LaTeXSwiftUI.build/Debug/LaTeXSwiftUI.build/Objects-normal/arm64/Aliases.o -index-unit-output-path /LaTeXSwiftUI.build/Debug/LaTeXSwiftUI.build/Objects-normal/arm64/Cache.o -index-store-path /Users/rogerlin/Library/Developer/Xcode/DerivedData/FinancialCalculatorKit-ackorybalcxbfocbkqsfdzcfkgmn/Index.noindex/DataStore -index-system-modules

SwiftCompile normal arm64 /Users/rogerlin/Library/Developer/Xcode/DerivedData/FinancialCalculatorKit-ackorybalcxbfocbkqsfdzcfkgmn/SourcePackages/checkouts/LaTeXSwiftUI/Sources/LaTeXSwiftUI/Models/Aliases.swift (in target 'LaTeXSwiftUI' from project 'LaTeXSwiftUI')
    cd /Users/rogerlin/XCode-Projects/FinancialCalculatorKit-5.0-updated-accent-colors/FinancialCalculatorKit.xcodeproj
    

SwiftCompile normal arm64 /Users/rogerlin/Library/Developer/Xcode/DerivedData/FinancialCalculatorKit-ackorybalcxbfocbkqsfdzcfkgmn/SourcePackages/checkouts/LaTeXSwiftUI/Sources/LaTeXSwiftUI/Models/Cache.swift (in target 'LaTeXSwiftUI' from project 'LaTeXSwiftUI')
    cd /Users/rogerlin/XCode-Projects/FinancialCalculatorKit-5.0-updated-accent-colors/FinancialCalculatorKit.xcodeproj
    

SwiftDriverJobDiscovery normal arm64 Compiling CasePathReflectable.swift (in target 'CasePathsCore' from project 'swift-case-paths')

SwiftCompile normal arm64 Compiling\ LaTeX_Previews+Fonts.swift,\ LaTeX_Previews+Modes.swift /Users/rogerlin/Library/Developer/Xcode/DerivedData/FinancialCalculatorKit-ackorybalcxbfocbkqsfdzcfkgmn/SourcePackages/checkouts/LaTeXSwiftUI/Sources/LaTeXSwiftUI/Previews/LaTeX_Previews+Fonts.swift /Users/rogerlin/Library/Developer/Xcode/DerivedData/FinancialCalculatorKit-ackorybalcxbfocbkqsfdzcfkgmn/SourcePackages/checkouts/LaTeXSwiftUI/Sources/LaTeXSwiftUI/Previews/LaTeX_Previews+Modes.swift (in target 'LaTeXSwiftUI' from project 'LaTeXSwiftUI')
/Applications/Xcode.app/Contents/Developer/Toolchains/XcodeDefault.xctoolchain/usr/bin/swift-frontend -frontend -c /Users/rogerlin/Library/Developer/Xcode/DerivedData/FinancialCalculatorKit-ackorybalcxbfocbkqsfdzcfkgmn/SourcePackages/checkouts/LaTeXSwiftUI/Sources/LaTeXSwiftUI/Extensions/EnvironmentValues+Extensions.swift /Users/rogerlin/Library/Developer/Xcode/DerivedData/FinancialCalculatorKit-ackorybalcxbfocbkqsfdzcfkgmn/SourcePackages/checkouts/LaTeXSwiftUI/Sources/LaTeXSwiftUI/Extensions/Font+Extensions.swift /Users/rogerlin/Library/Developer/Xcode/DerivedData/FinancialCalculatorKit-ackorybalcxbfocbkqsfdzcfkgmn/SourcePackages/checkouts/LaTeXSwiftUI/Sources/LaTeXSwiftUI/Extensions/Image+Extensions.swift /Users/rogerlin/Library/Developer/Xcode/DerivedData/FinancialCalculatorKit-ackorybalcxbfocbkqsfdzcfkgmn/SourcePackages/checkouts/LaTeXSwiftUI/Sources/LaTeXSwiftUI/Extensions/MathJax+Extensions.swift /Users/rogerlin/Library/Developer/Xcode/DerivedData/FinancialCalculatorKit-ackorybalcxbfocbkqsfdzcfkgmn/SourcePackages/checkouts/LaTeXSwiftUI/Sources/LaTeXSwiftUI/Extensions/NSImage+Extensions.swift /Users/rogerlin/Library/Developer/Xcode/DerivedData/FinancialCalculatorKit-ackorybalcxbfocbkqsfdzcfkgmn/SourcePackages/checkouts/LaTeXSwiftUI/Sources/LaTeXSwiftUI/Extensions/Range+Extensions.swift /Users/rogerlin/Library/Developer/Xcode/DerivedData/FinancialCalculatorKit-ackorybalcxbfocbkqsfdzcfkgmn/SourcePackages/checkouts/LaTeXSwiftUI/Sources/LaTeXSwiftUI/Extensions/TeXInputProcessorOptions+Extensions.swift /Users/rogerlin/Library/Developer/Xcode/DerivedData/FinancialCalculatorKit-ackorybalcxbfocbkqsfdzcfkgmn/SourcePackages/checkouts/LaTeXSwiftUI/Sources/LaTeXSwiftUI/Extensions/View+Extensions.swift /Users/rogerlin/Library/Developer/Xcode/DerivedData/FinancialCalculatorKit-ackorybalcxbfocbkqsfdzcfkgmn/SourcePackages/checkouts/LaTeXSwiftUI/Sources/LaTeXSwiftUI/LaTeX.swift /Users/rogerlin/Library/Developer/Xcode/DerivedData/FinancialCalculatorKit-ackorybalcxbfocbkqsfdzcfkgmn/SourcePackages/checkouts/LaTeXSwiftUI/Sources/LaTeXSwiftUI/Models/Aliases.swift /Users/rogerlin/Library/Developer/Xcode/DerivedData/FinancialCalculatorKit-ackorybalcxbfocbkqsfdzcfkgmn/SourcePackages/checkouts/LaTeXSwiftUI/Sources/LaTeXSwiftUI/Models/Cache.swift /Users/rogerlin/Library/Developer/Xcode/DerivedData/FinancialCalculatorKit-ackorybalcxbfocbkqsfdzcfkgmn/SourcePackages/checkouts/LaTeXSwiftUI/Sources/LaTeXSwiftUI/Models/Component.swift /Users/rogerlin/Library/Developer/Xcode/DerivedData/FinancialCalculatorKit-ackorybalcxbfocbkqsfdzcfkgmn/SourcePackages/checkouts/LaTeXSwiftUI/Sources/LaTeXSwiftUI/Models/ComponentBlock.swift /Users/rogerlin/Library/Developer/Xcode/DerivedData/FinancialCalculatorKit-ackorybalcxbfocbkqsfdzcfkgmn/SourcePackages/checkouts/LaTeXSwiftUI/Sources/LaTeXSwiftUI/Models/HashableCGRect.swift /Users/rogerlin/Library/Developer/Xcode/DerivedData/FinancialCalculatorKit-ackorybalcxbfocbkqsfdzcfkgmn/SourcePackages/checkouts/LaTeXSwiftUI/Sources/LaTeXSwiftUI/Models/HashableCGSize.swift /Users/rogerlin/Library/Developer/Xcode/DerivedData/FinancialCalculatorKit-ackorybalcxbfocbkqsfdzcfkgmn/SourcePackages/checkouts/LaTeXSwiftUI/Sources/LaTeXSwiftUI/Models/ImageContainer.swift /Users/rogerlin/Library/Developer/Xcode/DerivedData/FinancialCalculatorKit-ackorybalcxbfocbkqsfdzcfkgmn/SourcePackages/checkouts/LaTeXSwiftUI/Sources/LaTeXSwiftUI/Models/Parser.swift /Users/rogerlin/Library/Developer/Xcode/DerivedData/FinancialCalculatorKit-ackorybalcxbfocbkqsfdzcfkgmn/SourcePackages/checkouts/LaTeXSwiftUI/Sources/LaTeXSwiftUI/Models/Renderer.swift /Users/rogerlin/Library/Developer/Xcode/DerivedData/FinancialCalculatorKit-ackorybalcxbfocbkqsfdzcfkgmn/SourcePackages/checkouts/LaTeXSwiftUI/Sources/LaTeXSwiftUI/Models/SVG.swift /Users/rogerlin/Library/Developer/Xcode/DerivedData/FinancialCalculatorKit-ackorybalcxbfocbkqsfdzcfkgmn/SourcePackages/checkouts/LaTeXSwiftUI/Sources/LaTeXSwiftUI/Models/SVGGeometry.swift /Users/rogerlin/Library/Developer/Xcode/DerivedData/FinancialCalculatorKit-ackorybalcxbfocbkqsfdzcfkgmn/SourcePackages/checkouts/LaTeXSwiftUI/Sources/LaTeXSwiftUI/Previews/LaTeX_Previews+Color.swift -primary-file /Users/rogerlin/Library/Developer/Xcode/DerivedData/FinancialCalculatorKit-ackorybalcxbfocbkqsfdzcfkgmn/SourcePackages/checkouts/LaTeXSwiftUI/Sources/LaTeXSwiftUI/Previews/LaTeX_Previews+Fonts.swift -primary-file /Users/rogerlin/Library/Developer/Xcode/DerivedData/FinancialCalculatorKit-ackorybalcxbfocbkqsfdzcfkgmn/SourcePackages/checkouts/LaTeXSwiftUI/Sources/LaTeXSwiftUI/Previews/LaTeX_Previews+Modes.swift /Users/rogerlin/Library/Developer/Xcode/DerivedData/FinancialCalculatorKit-ackorybalcxbfocbkqsfdzcfkgmn/SourcePackages/checkouts/LaTeXSwiftUI/Sources/LaTeXSwiftUI/Previews/LaTeX_Previews+Numbers.swift /Users/rogerlin/Library/Developer/Xcode/DerivedData/FinancialCalculatorKit-ackorybalcxbfocbkqsfdzcfkgmn/SourcePackages/checkouts/LaTeXSwiftUI/Sources/LaTeXSwiftUI/Previews/LaTeX_Previews+Special.swift /Users/rogerlin/Library/Developer/Xcode/DerivedData/FinancialCalculatorKit-ackorybalcxbfocbkqsfdzcfkgmn/SourcePackages/checkouts/LaTeXSwiftUI/Sources/LaTeXSwiftUI/Previews/LaTeX_Previews+Styles.swift /Users/rogerlin/Library/Developer/Xcode/DerivedData/FinancialCalculatorKit-ackorybalcxbfocbkqsfdzcfkgmn/SourcePackages/checkouts/LaTeXSwiftUI/Sources/LaTeXSwiftUI/Styles/DefaultLaTeXStyle.swift /Users/rogerlin/Library/Developer/Xcode/DerivedData/FinancialCalculatorKit-ackorybalcxbfocbkqsfdzcfkgmn/SourcePackages/checkouts/LaTeXSwiftUI/Sources/LaTeXSwiftUI/Styles/LaTeXStyle.swift /Users/rogerlin/Library/Developer/Xcode/DerivedData/FinancialCalculatorKit-ackorybalcxbfocbkqsfdzcfkgmn/SourcePackages/checkouts/LaTeXSwiftUI/Sources/LaTeXSwiftUI/Styles/StandardLaTeXStyle.swift /Users/rogerlin/Library/Developer/Xcode/DerivedData/FinancialCalculatorKit-ackorybalcxbfocbkqsfdzcfkgmn/SourcePackages/checkouts/LaTeXSwiftUI/Sources/LaTeXSwiftUI/Views/ComponentBlocksText.swift /Users/rogerlin/Library/Developer/Xcode/DerivedData/FinancialCalculatorKit-ackorybalcxbfocbkqsfdzcfkgmn/SourcePackages/checkouts/LaTeXSwiftUI/Sources/LaTeXSwiftUI/Views/ComponentBlocksViews.swift /Users/rogerlin/Library/Developer/Xcode/DerivedData/FinancialCalculatorKit-ackorybalcxbfocbkqsfdzcfkgmn/SourcePackages/checkouts/LaTeXSwiftUI/Sources/LaTeXSwiftUI/Views/EquationNumber.swift /Users/rogerlin/Library/Developer/Xcode/DerivedData/FinancialCalculatorKit-ackorybalcxbfocbkqsfdzcfkgmn/SourcePackages/checkouts/LaTeXSwiftUI/Sources/LaTeXSwiftUI/Views/HorizontalImageScroller.swift -emit-dependencies-path /Users/rogerlin/Library/Developer/Xcode/DerivedData/FinancialCalculatorKit-ackorybalcxbfocbkqsfdzcfkgmn/Build/Intermediates.noindex/LaTeXSwiftUI.build/Debug/LaTeXSwiftUI.build/Objects-normal/arm64/LaTeX_Previews+Fonts.d -emit-const-values-path /Users/rogerlin/Library/Developer/Xcode/DerivedData/FinancialCalculatorKit-ackorybalcxbfocbkqsfdzcfkgmn/Build/Intermediates.noindex/LaTeXSwiftUI.build/Debug/LaTeXSwiftUI.build/Objects-normal/arm64/LaTeX_Previews+Fonts.swiftconstvalues -emit-reference-dependencies-path /Users/rogerlin/Library/Developer/Xcode/DerivedData/FinancialCalculatorKit-ackorybalcxbfocbkqsfdzcfkgmn/Build/Intermediates.noindex/LaTeXSwiftUI.build/Debug/LaTeXSwiftUI.build/Objects-normal/arm64/LaTeX_Previews+Fonts.swiftdeps -serialize-diagnostics-path /Users/rogerlin/Library/Developer/Xcode/DerivedData/FinancialCalculatorKit-ackorybalcxbfocbkqsfdzcfkgmn/Build/Intermediates.noindex/LaTeXSwiftUI.build/Debug/LaTeXSwiftUI.build/Objects-normal/arm64/LaTeX_Previews+Fonts.dia -emit-dependencies-path /Users/rogerlin/Library/Developer/Xcode/DerivedData/FinancialCalculatorKit-ackorybalcxbfocbkqsfdzcfkgmn/Build/Intermediates.noindex/LaTeXSwiftUI.build/Debug/LaTeXSwiftUI.build/Objects-normal/arm64/LaTeX_Previews+Modes.d -emit-const-values-path /Users/rogerlin/Library/Developer/Xcode/DerivedData/FinancialCalculatorKit-ackorybalcxbfocbkqsfdzcfkgmn/Build/Intermediates.noindex/LaTeXSwiftUI.build/Debug/LaTeXSwiftUI.build/Objects-normal/arm64/LaTeX_Previews+Modes.swiftconstvalues -emit-reference-dependencies-path /Users/rogerlin/Library/Developer/Xcode/DerivedData/FinancialCalculatorKit-ackorybalcxbfocbkqsfdzcfkgmn/Build/Intermediates.noindex/LaTeXSwiftUI.build/Debug/LaTeXSwiftUI.build/Objects-normal/arm64/LaTeX_Previews+Modes.swiftdeps -serialize-diagnostics-path /Users/rogerlin/Library/Developer/Xcode/DerivedData/FinancialCalculatorKit-ackorybalcxbfocbkqsfdzcfkgmn/Build/Intermediates.noindex/LaTeXSwiftUI.build/Debug/LaTeXSwiftUI.build/Objects-normal/arm64/LaTeX_Previews+Modes.dia -target arm64-apple-macos12.0 -load-resolved-plugin /Applications/Xcode.app/Contents/Developer/Platforms/MacOSX.platform/Developer/usr/lib/swift/host/plugins/libFoundationMacros.dylib\#/Applications/Xcode.app/Contents/Developer/Platforms/MacOSX.platform/Developer/usr/bin/swift-plugin-server\#FoundationMacros -load-resolved-plugin /Applications/Xcode.app/Contents/Developer/Platforms/MacOSX.platform/Developer/usr/lib/swift/host/plugins/libObservationMacros.dylib\#/Applications/Xcode.app/Contents/Developer/Platforms/MacOSX.platform/Developer/usr/bin/swift-plugin-server\#ObservationMacros -load-resolved-plugin /Applications/Xcode.app/Contents/Developer/Platforms/MacOSX.platform/Developer/usr/lib/swift/host/plugins/libPreviewsMacros.dylib\#/Applications/Xcode.app/Contents/Developer/Platforms/MacOSX.platform/Developer/usr/bin/swift-plugin-server\#PreviewsMacros -load-resolved-plugin /Applications/Xcode.app/Contents/Developer/Platforms/MacOSX.platform/Developer/usr/lib/swift/host/plugins/libSwiftMacros.dylib\#/Applications/Xcode.app/Contents/Developer/Platforms/MacOSX.platform/Developer/usr/bin/swift-plugin-server\#SwiftMacros -load-resolved-plugin /Applications/Xcode.app/Contents/Developer/Platforms/MacOSX.platform/Developer/usr/lib/swift/host/plugins/libSwiftUIMacros.dylib\#/Applications/Xcode.app/Contents/Developer/Platforms/MacOSX.platform/Developer/usr/bin/swift-plugin-server\#SwiftUIMacros -disable-implicit-swift-modules -Xcc -fno-implicit-modules -Xcc -fno-implicit-module-maps -explicit-swift-module-map-file /Users/rogerlin/Library/Developer/Xcode/DerivedData/FinancialCalculatorKit-ackorybalcxbfocbkqsfdzcfkgmn/Build/Intermediates.noindex/LaTeXSwiftUI.build/Debug/LaTeXSwiftUI.build/Objects-normal/arm64/LaTeXSwiftUI-dependencies-1.json -Xllvm -aarch64-use-tbi -enable-objc-interop -stack-check -sdk /Applications/Xcode.app/Contents/Developer/Platforms/MacOSX.platform/Developer/SDKs/MacOSX26.1.sdk -I /Users/rogerlin/Library/Developer/Xcode/DerivedData/FinancialCalculatorKit-ackorybalcxbfocbkqsfdzcfkgmn/Build/Products/Debug -Isystem /Applications/Xcode.app/Contents/Developer/Platforms/MacOSX.platform/Developer/usr/lib -F /Users/rogerlin/Library/Developer/Xcode/DerivedData/FinancialCalculatorKit-ackorybalcxbfocbkqsfdzcfkgmn/Build/Products/Debug/PackageFrameworks -F /Users/rogerlin/Library/Developer/Xcode/DerivedData/FinancialCalculatorKit-ackorybalcxbfocbkqsfdzcfkgmn/Build/Products/Debug/PackageFrameworks -F /Users/rogerlin/Library/Developer/Xcode/DerivedData/FinancialCalculatorKit-ackorybalcxbfocbkqsfdzcfkgmn/Build/Products/Debug/PackageFrameworks -F /Users/rogerlin/Library/Developer/Xcode/DerivedData/FinancialCalculatorKit-ackorybalcxbfocbkqsfdzcfkgmn/Build/Products/Debug/PackageFrameworks -F /Users/rogerlin/Library/Developer/Xcode/DerivedData/FinancialCalculatorKit-ackorybalcxbfocbkqsfdzcfkgmn/Build/Products/Debug -F /Applications/Xcode.app/Contents/Developer/Platforms/MacOSX.platform/Developer/Library/Frameworks -no-color-diagnostics -Xcc -fno-color-diagnostics -enable-testing -g -debug-info-format\=dwarf -dwarf-version\=4 -module-cache-path /Users/rogerlin/Library/Developer/Xcode/DerivedData/FinancialCalculatorKit-ackorybalcxbfocbkqsfdzcfkgmn/Build/Intermediates.noindex/SwiftExplicitPrecompiledModules -suppress-warnings -profile-generate -profile-coverage-mapping -swift-version 5 -enforce-exclusivity\=checked -Onone -D SWIFT_PACKAGE -D DEBUG -D SWIFT_MODULE_RESOURCE_BUNDLE_UNAVAILABLE -D Xcode -serialize-debugging-options -const-gather-protocols-file /Users/rogerlin/Library/Developer/Xcode/DerivedData/FinancialCalculatorKit-ackorybalcxbfocbkqsfdzcfkgmn/Build/Intermediates.noindex/LaTeXSwiftUI.build/Debug/LaTeXSwiftUI.build/Objects-normal/arm64/LaTeXSwiftUI_const_extract_protocols.json -enable-experimental-feature DebugDescriptionMacro -empty-abi-descriptor -validate-clang-modules-once -clang-build-session-file /Users/rogerlin/Library/Developer/Xcode/DerivedData/ModuleCache.noindex/Session.modulevalidation -Xcc -working-directory -Xcc /Users/rogerlin/XCode-Projects/FinancialCalculatorKit-5.0-updated-accent-colors/FinancialCalculatorKit.xcodeproj -enable-anonymous-context-mangled-names -file-compilation-dir /Users/rogerlin/XCode-Projects/FinancialCalculatorKit-5.0-updated-accent-colors/FinancialCalculatorKit.xcodeproj -Xcc -D_LIBCPP_HARDENING_MODE\=_LIBCPP_HARDENING_MODE_DEBUG -Xcc -ivfsstatcache -Xcc /Users/rogerlin/Library/Developer/Xcode/DerivedData/SDKStatCaches.noindex/macosx26.1-25B74-3ae1261907bdadc328169391a47051a6.sdkstatcache -Xcc -I/Users/rogerlin/Library/Developer/Xcode/DerivedData/FinancialCalculatorKit-ackorybalcxbfocbkqsfdzcfkgmn/Build/Intermediates.noindex/LaTeXSwiftUI.build/Debug/LaTeXSwiftUI.build/swift-overrides.hmap -Xcc -I/Users/rogerlin/Library/Developer/Xcode/DerivedData/FinancialCalculatorKit-ackorybalcxbfocbkqsfdzcfkgmn/Build/Products/Debug/include -Xcc -I/Users/rogerlin/Library/Developer/Xcode/DerivedData/FinancialCalculatorKit-ackorybalcxbfocbkqsfdzcfkgmn/Build/Intermediates.noindex/LaTeXSwiftUI.build/Debug/LaTeXSwiftUI.build/DerivedSources-normal/arm64 -Xcc -I/Users/rogerlin/Library/Developer/Xcode/DerivedData/FinancialCalculatorKit-ackorybalcxbfocbkqsfdzcfkgmn/Build/Intermediates.noindex/LaTeXSwiftUI.build/Debug/LaTeXSwiftUI.build/DerivedSources/arm64 -Xcc -I/Users/rogerlin/Library/Developer/Xcode/DerivedData/FinancialCalculatorKit-ackorybalcxbfocbkqsfdzcfkgmn/Build/Intermediates.noindex/LaTeXSwiftUI.build/Debug/LaTeXSwiftUI.build/DerivedSources -Xcc -DSWIFT_PACKAGE -Xcc -DDEBUG\=1 -no-auto-bridging-header-chaining -module-name LaTeXSwiftUI -frontend-parseable-output -disable-clang-spi -target-sdk-version 26.1 -target-sdk-name macosx26.1 -clang-target arm64-apple-macos26.1 -in-process-plugin-server-path /Applications/Xcode.app/Contents/Developer/Toolchains/XcodeDefault.xctoolchain/usr/lib/swift/host/libSwiftInProcPluginServer.dylib -o /Users/rogerlin/Library/Developer/Xcode/DerivedData/FinancialCalculatorKit-ackorybalcxbfocbkqsfdzcfkgmn/Build/Intermediates.noindex/LaTeXSwiftUI.build/Debug/LaTeXSwiftUI.build/Objects-normal/arm64/LaTeX_Previews+Fonts.o -o /Users/rogerlin/Library/Developer/Xcode/DerivedData/FinancialCalculatorKit-ackorybalcxbfocbkqsfdzcfkgmn/Build/Intermediates.noindex/LaTeXSwiftUI.build/Debug/LaTeXSwiftUI.build/Objects-normal/arm64/LaTeX_Previews+Modes.o -index-unit-output-path /LaTeXSwiftUI.build/Debug/LaTeXSwiftUI.build/Objects-normal/arm64/LaTeX_Previews+Fonts.o -index-unit-output-path /LaTeXSwiftUI.build/Debug/LaTeXSwiftUI.build/Objects-normal/arm64/LaTeX_Previews+Modes.o -index-store-path /Users/rogerlin/Library/Developer/Xcode/DerivedData/FinancialCalculatorKit-ackorybalcxbfocbkqsfdzcfkgmn/Index.noindex/DataStore -index-system-modules

SwiftCompile normal arm64 /Users/rogerlin/Library/Developer/Xcode/DerivedData/FinancialCalculatorKit-ackorybalcxbfocbkqsfdzcfkgmn/SourcePackages/checkouts/LaTeXSwiftUI/Sources/LaTeXSwiftUI/Previews/LaTeX_Previews+Fonts.swift (in target 'LaTeXSwiftUI' from project 'LaTeXSwiftUI')
    cd /Users/rogerlin/XCode-Projects/FinancialCalculatorKit-5.0-updated-accent-colors/FinancialCalculatorKit.xcodeproj
    

SwiftCompile normal arm64 /Users/rogerlin/Library/Developer/Xcode/DerivedData/FinancialCalculatorKit-ackorybalcxbfocbkqsfdzcfkgmn/SourcePackages/checkouts/LaTeXSwiftUI/Sources/LaTeXSwiftUI/Previews/LaTeX_Previews+Modes.swift (in target 'LaTeXSwiftUI' from project 'LaTeXSwiftUI')
    cd /Users/rogerlin/XCode-Projects/FinancialCalculatorKit-5.0-updated-accent-colors/FinancialCalculatorKit.xcodeproj
    

SwiftDriverJobDiscovery normal arm64 Compiling ExpressionParser.swift (in target 'ExpressionParser' from project 'ExpressionParser')

SwiftCompile normal arm64 Compiling\ LaTeXStyle.swift,\ StandardLaTeXStyle.swift /Users/rogerlin/Library/Developer/Xcode/DerivedData/FinancialCalculatorKit-ackorybalcxbfocbkqsfdzcfkgmn/SourcePackages/checkouts/LaTeXSwiftUI/Sources/LaTeXSwiftUI/Styles/LaTeXStyle.swift /Users/rogerlin/Library/Developer/Xcode/DerivedData/FinancialCalculatorKit-ackorybalcxbfocbkqsfdzcfkgmn/SourcePackages/checkouts/LaTeXSwiftUI/Sources/LaTeXSwiftUI/Styles/StandardLaTeXStyle.swift (in target 'LaTeXSwiftUI' from project 'LaTeXSwiftUI')
/Applications/Xcode.app/Contents/Developer/Toolchains/XcodeDefault.xctoolchain/usr/bin/swift-frontend -frontend -c /Users/rogerlin/Library/Developer/Xcode/DerivedData/FinancialCalculatorKit-ackorybalcxbfocbkqsfdzcfkgmn/SourcePackages/checkouts/LaTeXSwiftUI/Sources/LaTeXSwiftUI/Extensions/EnvironmentValues+Extensions.swift /Users/rogerlin/Library/Developer/Xcode/DerivedData/FinancialCalculatorKit-ackorybalcxbfocbkqsfdzcfkgmn/SourcePackages/checkouts/LaTeXSwiftUI/Sources/LaTeXSwiftUI/Extensions/Font+Extensions.swift /Users/rogerlin/Library/Developer/Xcode/DerivedData/FinancialCalculatorKit-ackorybalcxbfocbkqsfdzcfkgmn/SourcePackages/checkouts/LaTeXSwiftUI/Sources/LaTeXSwiftUI/Extensions/Image+Extensions.swift /Users/rogerlin/Library/Developer/Xcode/DerivedData/FinancialCalculatorKit-ackorybalcxbfocbkqsfdzcfkgmn/SourcePackages/checkouts/LaTeXSwiftUI/Sources/LaTeXSwiftUI/Extensions/MathJax+Extensions.swift /Users/rogerlin/Library/Developer/Xcode/DerivedData/FinancialCalculatorKit-ackorybalcxbfocbkqsfdzcfkgmn/SourcePackages/checkouts/LaTeXSwiftUI/Sources/LaTeXSwiftUI/Extensions/NSImage+Extensions.swift /Users/rogerlin/Library/Developer/Xcode/DerivedData/FinancialCalculatorKit-ackorybalcxbfocbkqsfdzcfkgmn/SourcePackages/checkouts/LaTeXSwiftUI/Sources/LaTeXSwiftUI/Extensions/Range+Extensions.swift /Users/rogerlin/Library/Developer/Xcode/DerivedData/FinancialCalculatorKit-ackorybalcxbfocbkqsfdzcfkgmn/SourcePackages/checkouts/LaTeXSwiftUI/Sources/LaTeXSwiftUI/Extensions/TeXInputProcessorOptions+Extensions.swift /Users/rogerlin/Library/Developer/Xcode/DerivedData/FinancialCalculatorKit-ackorybalcxbfocbkqsfdzcfkgmn/SourcePackages/checkouts/LaTeXSwiftUI/Sources/LaTeXSwiftUI/Extensions/View+Extensions.swift /Users/rogerlin/Library/Developer/Xcode/DerivedData/FinancialCalculatorKit-ackorybalcxbfocbkqsfdzcfkgmn/SourcePackages/checkouts/LaTeXSwiftUI/Sources/LaTeXSwiftUI/LaTeX.swift /Users/rogerlin/Library/Developer/Xcode/DerivedData/FinancialCalculatorKit-ackorybalcxbfocbkqsfdzcfkgmn/SourcePackages/checkouts/LaTeXSwiftUI/Sources/LaTeXSwiftUI/Models/Aliases.swift /Users/rogerlin/Library/Developer/Xcode/DerivedData/FinancialCalculatorKit-ackorybalcxbfocbkqsfdzcfkgmn/SourcePackages/checkouts/LaTeXSwiftUI/Sources/LaTeXSwiftUI/Models/Cache.swift /Users/rogerlin/Library/Developer/Xcode/DerivedData/FinancialCalculatorKit-ackorybalcxbfocbkqsfdzcfkgmn/SourcePackages/checkouts/LaTeXSwiftUI/Sources/LaTeXSwiftUI/Models/Component.swift /Users/rogerlin/Library/Developer/Xcode/DerivedData/FinancialCalculatorKit-ackorybalcxbfocbkqsfdzcfkgmn/SourcePackages/checkouts/LaTeXSwiftUI/Sources/LaTeXSwiftUI/Models/ComponentBlock.swift /Users/rogerlin/Library/Developer/Xcode/DerivedData/FinancialCalculatorKit-ackorybalcxbfocbkqsfdzcfkgmn/SourcePackages/checkouts/LaTeXSwiftUI/Sources/LaTeXSwiftUI/Models/HashableCGRect.swift /Users/rogerlin/Library/Developer/Xcode/DerivedData/FinancialCalculatorKit-ackorybalcxbfocbkqsfdzcfkgmn/SourcePackages/checkouts/LaTeXSwiftUI/Sources/LaTeXSwiftUI/Models/HashableCGSize.swift /Users/rogerlin/Library/Developer/Xcode/DerivedData/FinancialCalculatorKit-ackorybalcxbfocbkqsfdzcfkgmn/SourcePackages/checkouts/LaTeXSwiftUI/Sources/LaTeXSwiftUI/Models/ImageContainer.swift /Users/rogerlin/Library/Developer/Xcode/DerivedData/FinancialCalculatorKit-ackorybalcxbfocbkqsfdzcfkgmn/SourcePackages/checkouts/LaTeXSwiftUI/Sources/LaTeXSwiftUI/Models/Parser.swift /Users/rogerlin/Library/Developer/Xcode/DerivedData/FinancialCalculatorKit-ackorybalcxbfocbkqsfdzcfkgmn/SourcePackages/checkouts/LaTeXSwiftUI/Sources/LaTeXSwiftUI/Models/Renderer.swift /Users/rogerlin/Library/Developer/Xcode/DerivedData/FinancialCalculatorKit-ackorybalcxbfocbkqsfdzcfkgmn/SourcePackages/checkouts/LaTeXSwiftUI/Sources/LaTeXSwiftUI/Models/SVG.swift /Users/rogerlin/Library/Developer/Xcode/DerivedData/FinancialCalculatorKit-ackorybalcxbfocbkqsfdzcfkgmn/SourcePackages/checkouts/LaTeXSwiftUI/Sources/LaTeXSwiftUI/Models/SVGGeometry.swift /Users/rogerlin/Library/Developer/Xcode/DerivedData/FinancialCalculatorKit-ackorybalcxbfocbkqsfdzcfkgmn/SourcePackages/checkouts/LaTeXSwiftUI/Sources/LaTeXSwiftUI/Previews/LaTeX_Previews+Color.swift /Users/rogerlin/Library/Developer/Xcode/DerivedData/FinancialCalculatorKit-ackorybalcxbfocbkqsfdzcfkgmn/SourcePackages/checkouts/LaTeXSwiftUI/Sources/LaTeXSwiftUI/Previews/LaTeX_Previews+Fonts.swift /Users/rogerlin/Library/Developer/Xcode/DerivedData/FinancialCalculatorKit-ackorybalcxbfocbkqsfdzcfkgmn/SourcePackages/checkouts/LaTeXSwiftUI/Sources/LaTeXSwiftUI/Previews/LaTeX_Previews+Modes.swift /Users/rogerlin/Library/Developer/Xcode/DerivedData/FinancialCalculatorKit-ackorybalcxbfocbkqsfdzcfkgmn/SourcePackages/checkouts/LaTeXSwiftUI/Sources/LaTeXSwiftUI/Previews/LaTeX_Previews+Numbers.swift /Users/rogerlin/Library/Developer/Xcode/DerivedData/FinancialCalculatorKit-ackorybalcxbfocbkqsfdzcfkgmn/SourcePackages/checkouts/LaTeXSwiftUI/Sources/LaTeXSwiftUI/Previews/LaTeX_Previews+Special.swift /Users/rogerlin/Library/Developer/Xcode/DerivedData/FinancialCalculatorKit-ackorybalcxbfocbkqsfdzcfkgmn/SourcePackages/checkouts/LaTeXSwiftUI/Sources/LaTeXSwiftUI/Previews/LaTeX_Previews+Styles.swift /Users/rogerlin/Library/Developer/Xcode/DerivedData/FinancialCalculatorKit-ackorybalcxbfocbkqsfdzcfkgmn/SourcePackages/checkouts/LaTeXSwiftUI/Sources/LaTeXSwiftUI/Styles/DefaultLaTeXStyle.swift -primary-file /Users/rogerlin/Library/Developer/Xcode/DerivedData/FinancialCalculatorKit-ackorybalcxbfocbkqsfdzcfkgmn/SourcePackages/checkouts/LaTeXSwiftUI/Sources/LaTeXSwiftUI/Styles/LaTeXStyle.swift -primary-file /Users/rogerlin/Library/Developer/Xcode/DerivedData/FinancialCalculatorKit-ackorybalcxbfocbkqsfdzcfkgmn/SourcePackages/checkouts/LaTeXSwiftUI/Sources/LaTeXSwiftUI/Styles/StandardLaTeXStyle.swift /Users/rogerlin/Library/Developer/Xcode/DerivedData/FinancialCalculatorKit-ackorybalcxbfocbkqsfdzcfkgmn/SourcePackages/checkouts/LaTeXSwiftUI/Sources/LaTeXSwiftUI/Views/ComponentBlocksText.swift /Users/rogerlin/Library/Developer/Xcode/DerivedData/FinancialCalculatorKit-ackorybalcxbfocbkqsfdzcfkgmn/SourcePackages/checkouts/LaTeXSwiftUI/Sources/LaTeXSwiftUI/Views/ComponentBlocksViews.swift /Users/rogerlin/Library/Developer/Xcode/DerivedData/FinancialCalculatorKit-ackorybalcxbfocbkqsfdzcfkgmn/SourcePackages/checkouts/LaTeXSwiftUI/Sources/LaTeXSwiftUI/Views/EquationNumber.swift /Users/rogerlin/Library/Developer/Xcode/DerivedData/FinancialCalculatorKit-ackorybalcxbfocbkqsfdzcfkgmn/SourcePackages/checkouts/LaTeXSwiftUI/Sources/LaTeXSwiftUI/Views/HorizontalImageScroller.swift -emit-dependencies-path /Users/rogerlin/Library/Developer/Xcode/DerivedData/FinancialCalculatorKit-ackorybalcxbfocbkqsfdzcfkgmn/Build/Intermediates.noindex/LaTeXSwiftUI.build/Debug/LaTeXSwiftUI.build/Objects-normal/arm64/LaTeXStyle.d -emit-const-values-path /Users/rogerlin/Library/Developer/Xcode/DerivedData/FinancialCalculatorKit-ackorybalcxbfocbkqsfdzcfkgmn/Build/Intermediates.noindex/LaTeXSwiftUI.build/Debug/LaTeXSwiftUI.build/Objects-normal/arm64/LaTeXStyle.swiftconstvalues -emit-reference-dependencies-path /Users/rogerlin/Library/Developer/Xcode/DerivedData/FinancialCalculatorKit-ackorybalcxbfocbkqsfdzcfkgmn/Build/Intermediates.noindex/LaTeXSwiftUI.build/Debug/LaTeXSwiftUI.build/Objects-normal/arm64/LaTeXStyle.swiftdeps -serialize-diagnostics-path /Users/rogerlin/Library/Developer/Xcode/DerivedData/FinancialCalculatorKit-ackorybalcxbfocbkqsfdzcfkgmn/Build/Intermediates.noindex/LaTeXSwiftUI.build/Debug/LaTeXSwiftUI.build/Objects-normal/arm64/LaTeXStyle.dia -emit-dependencies-path /Users/rogerlin/Library/Developer/Xcode/DerivedData/FinancialCalculatorKit-ackorybalcxbfocbkqsfdzcfkgmn/Build/Intermediates.noindex/LaTeXSwiftUI.build/Debug/LaTeXSwiftUI.build/Objects-normal/arm64/StandardLaTeXStyle.d -emit-const-values-path /Users/rogerlin/Library/Developer/Xcode/DerivedData/FinancialCalculatorKit-ackorybalcxbfocbkqsfdzcfkgmn/Build/Intermediates.noindex/LaTeXSwiftUI.build/Debug/LaTeXSwiftUI.build/Objects-normal/arm64/StandardLaTeXStyle.swiftconstvalues -emit-reference-dependencies-path /Users/rogerlin/Library/Developer/Xcode/DerivedData/FinancialCalculatorKit-ackorybalcxbfocbkqsfdzcfkgmn/Build/Intermediates.noindex/LaTeXSwiftUI.build/Debug/LaTeXSwiftUI.build/Objects-normal/arm64/StandardLaTeXStyle.swiftdeps -serialize-diagnostics-path /Users/rogerlin/Library/Developer/Xcode/DerivedData/FinancialCalculatorKit-ackorybalcxbfocbkqsfdzcfkgmn/Build/Intermediates.noindex/LaTeXSwiftUI.build/Debug/LaTeXSwiftUI.build/Objects-normal/arm64/StandardLaTeXStyle.dia -target arm64-apple-macos12.0 -load-resolved-plugin /Applications/Xcode.app/Contents/Developer/Platforms/MacOSX.platform/Developer/usr/lib/swift/host/plugins/libFoundationMacros.dylib\#/Applications/Xcode.app/Contents/Developer/Platforms/MacOSX.platform/Developer/usr/bin/swift-plugin-server\#FoundationMacros -load-resolved-plugin /Applications/Xcode.app/Contents/Developer/Platforms/MacOSX.platform/Developer/usr/lib/swift/host/plugins/libObservationMacros.dylib\#/Applications/Xcode.app/Contents/Developer/Platforms/MacOSX.platform/Developer/usr/bin/swift-plugin-server\#ObservationMacros -load-resolved-plugin /Applications/Xcode.app/Contents/Developer/Platforms/MacOSX.platform/Developer/usr/lib/swift/host/plugins/libPreviewsMacros.dylib\#/Applications/Xcode.app/Contents/Developer/Platforms/MacOSX.platform/Developer/usr/bin/swift-plugin-server\#PreviewsMacros -load-resolved-plugin /Applications/Xcode.app/Contents/Developer/Platforms/MacOSX.platform/Developer/usr/lib/swift/host/plugins/libSwiftMacros.dylib\#/Applications/Xcode.app/Contents/Developer/Platforms/MacOSX.platform/Developer/usr/bin/swift-plugin-server\#SwiftMacros -load-resolved-plugin /Applications/Xcode.app/Contents/Developer/Platforms/MacOSX.platform/Developer/usr/lib/swift/host/plugins/libSwiftUIMacros.dylib\#/Applications/Xcode.app/Contents/Developer/Platforms/MacOSX.platform/Developer/usr/bin/swift-plugin-server\#SwiftUIMacros -disable-implicit-swift-modules -Xcc -fno-implicit-modules -Xcc -fno-implicit-module-maps -explicit-swift-module-map-file /Users/rogerlin/Library/Developer/Xcode/DerivedData/FinancialCalculatorKit-ackorybalcxbfocbkqsfdzcfkgmn/Build/Intermediates.noindex/LaTeXSwiftUI.build/Debug/LaTeXSwiftUI.build/Objects-normal/arm64/LaTeXSwiftUI-dependencies-1.json -Xllvm -aarch64-use-tbi -enable-objc-interop -stack-check -sdk /Applications/Xcode.app/Contents/Developer/Platforms/MacOSX.platform/Developer/SDKs/MacOSX26.1.sdk -I /Users/rogerlin/Library/Developer/Xcode/DerivedData/FinancialCalculatorKit-ackorybalcxbfocbkqsfdzcfkgmn/Build/Products/Debug -Isystem /Applications/Xcode.app/Contents/Developer/Platforms/MacOSX.platform/Developer/usr/lib -F /Users/rogerlin/Library/Developer/Xcode/DerivedData/FinancialCalculatorKit-ackorybalcxbfocbkqsfdzcfkgmn/Build/Products/Debug/PackageFrameworks -F /Users/rogerlin/Library/Developer/Xcode/DerivedData/FinancialCalculatorKit-ackorybalcxbfocbkqsfdzcfkgmn/Build/Products/Debug/PackageFrameworks -F /Users/rogerlin/Library/Developer/Xcode/DerivedData/FinancialCalculatorKit-ackorybalcxbfocbkqsfdzcfkgmn/Build/Products/Debug/PackageFrameworks -F /Users/rogerlin/Library/Developer/Xcode/DerivedData/FinancialCalculatorKit-ackorybalcxbfocbkqsfdzcfkgmn/Build/Products/Debug/PackageFrameworks -F /Users/rogerlin/Library/Developer/Xcode/DerivedData/FinancialCalculatorKit-ackorybalcxbfocbkqsfdzcfkgmn/Build/Products/Debug -F /Applications/Xcode.app/Contents/Developer/Platforms/MacOSX.platform/Developer/Library/Frameworks -no-color-diagnostics -Xcc -fno-color-diagnostics -enable-testing -g -debug-info-format\=dwarf -dwarf-version\=4 -module-cache-path /Users/rogerlin/Library/Developer/Xcode/DerivedData/FinancialCalculatorKit-ackorybalcxbfocbkqsfdzcfkgmn/Build/Intermediates.noindex/SwiftExplicitPrecompiledModules -suppress-warnings -profile-generate -profile-coverage-mapping -swift-version 5 -enforce-exclusivity\=checked -Onone -D SWIFT_PACKAGE -D DEBUG -D SWIFT_MODULE_RESOURCE_BUNDLE_UNAVAILABLE -D Xcode -serialize-debugging-options -const-gather-protocols-file /Users/rogerlin/Library/Developer/Xcode/DerivedData/FinancialCalculatorKit-ackorybalcxbfocbkqsfdzcfkgmn/Build/Intermediates.noindex/LaTeXSwiftUI.build/Debug/LaTeXSwiftUI.build/Objects-normal/arm64/LaTeXSwiftUI_const_extract_protocols.json -enable-experimental-feature DebugDescriptionMacro -empty-abi-descriptor -validate-clang-modules-once -clang-build-session-file /Users/rogerlin/Library/Developer/Xcode/DerivedData/ModuleCache.noindex/Session.modulevalidation -Xcc -working-directory -Xcc /Users/rogerlin/XCode-Projects/FinancialCalculatorKit-5.0-updated-accent-colors/FinancialCalculatorKit.xcodeproj -enable-anonymous-context-mangled-names -file-compilation-dir /Users/rogerlin/XCode-Projects/FinancialCalculatorKit-5.0-updated-accent-colors/FinancialCalculatorKit.xcodeproj -Xcc -D_LIBCPP_HARDENING_MODE\=_LIBCPP_HARDENING_MODE_DEBUG -Xcc -ivfsstatcache -Xcc /Users/rogerlin/Library/Developer/Xcode/DerivedData/SDKStatCaches.noindex/macosx26.1-25B74-3ae1261907bdadc328169391a47051a6.sdkstatcache -Xcc -I/Users/rogerlin/Library/Developer/Xcode/DerivedData/FinancialCalculatorKit-ackorybalcxbfocbkqsfdzcfkgmn/Build/Intermediates.noindex/LaTeXSwiftUI.build/Debug/LaTeXSwiftUI.build/swift-overrides.hmap -Xcc -I/Users/rogerlin/Library/Developer/Xcode/DerivedData/FinancialCalculatorKit-ackorybalcxbfocbkqsfdzcfkgmn/Build/Products/Debug/include -Xcc -I/Users/rogerlin/Library/Developer/Xcode/DerivedData/FinancialCalculatorKit-ackorybalcxbfocbkqsfdzcfkgmn/Build/Intermediates.noindex/LaTeXSwiftUI.build/Debug/LaTeXSwiftUI.build/DerivedSources-normal/arm64 -Xcc -I/Users/rogerlin/Library/Developer/Xcode/DerivedData/FinancialCalculatorKit-ackorybalcxbfocbkqsfdzcfkgmn/Build/Intermediates.noindex/LaTeXSwiftUI.build/Debug/LaTeXSwiftUI.build/DerivedSources/arm64 -Xcc -I/Users/rogerlin/Library/Developer/Xcode/DerivedData/FinancialCalculatorKit-ackorybalcxbfocbkqsfdzcfkgmn/Build/Intermediates.noindex/LaTeXSwiftUI.build/Debug/LaTeXSwiftUI.build/DerivedSources -Xcc -DSWIFT_PACKAGE -Xcc -DDEBUG\=1 -no-auto-bridging-header-chaining -module-name LaTeXSwiftUI -frontend-parseable-output -disable-clang-spi -target-sdk-version 26.1 -target-sdk-name macosx26.1 -clang-target arm64-apple-macos26.1 -in-process-plugin-server-path /Applications/Xcode.app/Contents/Developer/Toolchains/XcodeDefault.xctoolchain/usr/lib/swift/host/libSwiftInProcPluginServer.dylib -o /Users/rogerlin/Library/Developer/Xcode/DerivedData/FinancialCalculatorKit-ackorybalcxbfocbkqsfdzcfkgmn/Build/Intermediates.noindex/LaTeXSwiftUI.build/Debug/LaTeXSwiftUI.build/Objects-normal/arm64/LaTeXStyle.o -o /Users/rogerlin/Library/Developer/Xcode/DerivedData/FinancialCalculatorKit-ackorybalcxbfocbkqsfdzcfkgmn/Build/Intermediates.noindex/LaTeXSwiftUI.build/Debug/LaTeXSwiftUI.build/Objects-normal/arm64/StandardLaTeXStyle.o -index-unit-output-path /LaTeXSwiftUI.build/Debug/LaTeXSwiftUI.build/Objects-normal/arm64/LaTeXStyle.o -index-unit-output-path /LaTeXSwiftUI.build/Debug/LaTeXSwiftUI.build/Objects-normal/arm64/StandardLaTeXStyle.o -index-store-path /Users/rogerlin/Library/Developer/Xcode/DerivedData/FinancialCalculatorKit-ackorybalcxbfocbkqsfdzcfkgmn/Index.noindex/DataStore -index-system-modules

SwiftCompile normal arm64 /Users/rogerlin/Library/Developer/Xcode/DerivedData/FinancialCalculatorKit-ackorybalcxbfocbkqsfdzcfkgmn/SourcePackages/checkouts/LaTeXSwiftUI/Sources/LaTeXSwiftUI/Styles/LaTeXStyle.swift (in target 'LaTeXSwiftUI' from project 'LaTeXSwiftUI')
    cd /Users/rogerlin/XCode-Projects/FinancialCalculatorKit-5.0-updated-accent-colors/FinancialCalculatorKit.xcodeproj
    

SwiftCompile normal arm64 /Users/rogerlin/Library/Developer/Xcode/DerivedData/FinancialCalculatorKit-ackorybalcxbfocbkqsfdzcfkgmn/SourcePackages/checkouts/LaTeXSwiftUI/Sources/LaTeXSwiftUI/Styles/StandardLaTeXStyle.swift (in target 'LaTeXSwiftUI' from project 'LaTeXSwiftUI')
    cd /Users/rogerlin/XCode-Projects/FinancialCalculatorKit-5.0-updated-accent-colors/FinancialCalculatorKit.xcodeproj
    

SwiftCompile normal arm64 Compiling\ Renderer.swift,\ SVG.swift /Users/rogerlin/Library/Developer/Xcode/DerivedData/FinancialCalculatorKit-ackorybalcxbfocbkqsfdzcfkgmn/SourcePackages/checkouts/LaTeXSwiftUI/Sources/LaTeXSwiftUI/Models/Renderer.swift /Users/rogerlin/Library/Developer/Xcode/DerivedData/FinancialCalculatorKit-ackorybalcxbfocbkqsfdzcfkgmn/SourcePackages/checkouts/LaTeXSwiftUI/Sources/LaTeXSwiftUI/Models/SVG.swift (in target 'LaTeXSwiftUI' from project 'LaTeXSwiftUI')
/Applications/Xcode.app/Contents/Developer/Toolchains/XcodeDefault.xctoolchain/usr/bin/swift-frontend -frontend -c /Users/rogerlin/Library/Developer/Xcode/DerivedData/FinancialCalculatorKit-ackorybalcxbfocbkqsfdzcfkgmn/SourcePackages/checkouts/LaTeXSwiftUI/Sources/LaTeXSwiftUI/Extensions/EnvironmentValues+Extensions.swift /Users/rogerlin/Library/Developer/Xcode/DerivedData/FinancialCalculatorKit-ackorybalcxbfocbkqsfdzcfkgmn/SourcePackages/checkouts/LaTeXSwiftUI/Sources/LaTeXSwiftUI/Extensions/Font+Extensions.swift /Users/rogerlin/Library/Developer/Xcode/DerivedData/FinancialCalculatorKit-ackorybalcxbfocbkqsfdzcfkgmn/SourcePackages/checkouts/LaTeXSwiftUI/Sources/LaTeXSwiftUI/Extensions/Image+Extensions.swift /Users/rogerlin/Library/Developer/Xcode/DerivedData/FinancialCalculatorKit-ackorybalcxbfocbkqsfdzcfkgmn/SourcePackages/checkouts/LaTeXSwiftUI/Sources/LaTeXSwiftUI/Extensions/MathJax+Extensions.swift /Users/rogerlin/Library/Developer/Xcode/DerivedData/FinancialCalculatorKit-ackorybalcxbfocbkqsfdzcfkgmn/SourcePackages/checkouts/LaTeXSwiftUI/Sources/LaTeXSwiftUI/Extensions/NSImage+Extensions.swift /Users/rogerlin/Library/Developer/Xcode/DerivedData/FinancialCalculatorKit-ackorybalcxbfocbkqsfdzcfkgmn/SourcePackages/checkouts/LaTeXSwiftUI/Sources/LaTeXSwiftUI/Extensions/Range+Extensions.swift /Users/rogerlin/Library/Developer/Xcode/DerivedData/FinancialCalculatorKit-ackorybalcxbfocbkqsfdzcfkgmn/SourcePackages/checkouts/LaTeXSwiftUI/Sources/LaTeXSwiftUI/Extensions/TeXInputProcessorOptions+Extensions.swift /Users/rogerlin/Library/Developer/Xcode/DerivedData/FinancialCalculatorKit-ackorybalcxbfocbkqsfdzcfkgmn/SourcePackages/checkouts/LaTeXSwiftUI/Sources/LaTeXSwiftUI/Extensions/View+Extensions.swift /Users/rogerlin/Library/Developer/Xcode/DerivedData/FinancialCalculatorKit-ackorybalcxbfocbkqsfdzcfkgmn/SourcePackages/checkouts/LaTeXSwiftUI/Sources/LaTeXSwiftUI/LaTeX.swift /Users/rogerlin/Library/Developer/Xcode/DerivedData/FinancialCalculatorKit-ackorybalcxbfocbkqsfdzcfkgmn/SourcePackages/checkouts/LaTeXSwiftUI/Sources/LaTeXSwiftUI/Models/Aliases.swift /Users/rogerlin/Library/Developer/Xcode/DerivedData/FinancialCalculatorKit-ackorybalcxbfocbkqsfdzcfkgmn/SourcePackages/checkouts/LaTeXSwiftUI/Sources/LaTeXSwiftUI/Models/Cache.swift /Users/rogerlin/Library/Developer/Xcode/DerivedData/FinancialCalculatorKit-ackorybalcxbfocbkqsfdzcfkgmn/SourcePackages/checkouts/LaTeXSwiftUI/Sources/LaTeXSwiftUI/Models/Component.swift /Users/rogerlin/Library/Developer/Xcode/DerivedData/FinancialCalculatorKit-ackorybalcxbfocbkqsfdzcfkgmn/SourcePackages/checkouts/LaTeXSwiftUI/Sources/LaTeXSwiftUI/Models/ComponentBlock.swift /Users/rogerlin/Library/Developer/Xcode/DerivedData/FinancialCalculatorKit-ackorybalcxbfocbkqsfdzcfkgmn/SourcePackages/checkouts/LaTeXSwiftUI/Sources/LaTeXSwiftUI/Models/HashableCGRect.swift /Users/rogerlin/Library/Developer/Xcode/DerivedData/FinancialCalculatorKit-ackorybalcxbfocbkqsfdzcfkgmn/SourcePackages/checkouts/LaTeXSwiftUI/Sources/LaTeXSwiftUI/Models/HashableCGSize.swift /Users/rogerlin/Library/Developer/Xcode/DerivedData/FinancialCalculatorKit-ackorybalcxbfocbkqsfdzcfkgmn/SourcePackages/checkouts/LaTeXSwiftUI/Sources/LaTeXSwiftUI/Models/ImageContainer.swift /Users/rogerlin/Library/Developer/Xcode/DerivedData/FinancialCalculatorKit-ackorybalcxbfocbkqsfdzcfkgmn/SourcePackages/checkouts/LaTeXSwiftUI/Sources/LaTeXSwiftUI/Models/Parser.swift -primary-file /Users/rogerlin/Library/Developer/Xcode/DerivedData/FinancialCalculatorKit-ackorybalcxbfocbkqsfdzcfkgmn/SourcePackages/checkouts/LaTeXSwiftUI/Sources/LaTeXSwiftUI/Models/Renderer.swift -primary-file /Users/rogerlin/Library/Developer/Xcode/DerivedData/FinancialCalculatorKit-ackorybalcxbfocbkqsfdzcfkgmn/SourcePackages/checkouts/LaTeXSwiftUI/Sources/LaTeXSwiftUI/Models/SVG.swift /Users/rogerlin/Library/Developer/Xcode/DerivedData/FinancialCalculatorKit-ackorybalcxbfocbkqsfdzcfkgmn/SourcePackages/checkouts/LaTeXSwiftUI/Sources/LaTeXSwiftUI/Models/SVGGeometry.swift /Users/rogerlin/Library/Developer/Xcode/DerivedData/FinancialCalculatorKit-ackorybalcxbfocbkqsfdzcfkgmn/SourcePackages/checkouts/LaTeXSwiftUI/Sources/LaTeXSwiftUI/Previews/LaTeX_Previews+Color.swift /Users/rogerlin/Library/Developer/Xcode/DerivedData/FinancialCalculatorKit-ackorybalcxbfocbkqsfdzcfkgmn/SourcePackages/checkouts/LaTeXSwiftUI/Sources/LaTeXSwiftUI/Previews/LaTeX_Previews+Fonts.swift /Users/rogerlin/Library/Developer/Xcode/DerivedData/FinancialCalculatorKit-ackorybalcxbfocbkqsfdzcfkgmn/SourcePackages/checkouts/LaTeXSwiftUI/Sources/LaTeXSwiftUI/Previews/LaTeX_Previews+Modes.swift /Users/rogerlin/Library/Developer/Xcode/DerivedData/FinancialCalculatorKit-ackorybalcxbfocbkqsfdzcfkgmn/SourcePackages/checkouts/LaTeXSwiftUI/Sources/LaTeXSwiftUI/Previews/LaTeX_Previews+Numbers.swift /Users/rogerlin/Library/Developer/Xcode/DerivedData/FinancialCalculatorKit-ackorybalcxbfocbkqsfdzcfkgmn/SourcePackages/checkouts/LaTeXSwiftUI/Sources/LaTeXSwiftUI/Previews/LaTeX_Previews+Special.swift /Users/rogerlin/Library/Developer/Xcode/DerivedData/FinancialCalculatorKit-ackorybalcxbfocbkqsfdzcfkgmn/SourcePackages/checkouts/LaTeXSwiftUI/Sources/LaTeXSwiftUI/Previews/LaTeX_Previews+Styles.swift /Users/rogerlin/Library/Developer/Xcode/DerivedData/FinancialCalculatorKit-ackorybalcxbfocbkqsfdzcfkgmn/SourcePackages/checkouts/LaTeXSwiftUI/Sources/LaTeXSwiftUI/Styles/DefaultLaTeXStyle.swift /Users/rogerlin/Library/Developer/Xcode/DerivedData/FinancialCalculatorKit-ackorybalcxbfocbkqsfdzcfkgmn/SourcePackages/checkouts/LaTeXSwiftUI/Sources/LaTeXSwiftUI/Styles/LaTeXStyle.swift /Users/rogerlin/Library/Developer/Xcode/DerivedData/FinancialCalculatorKit-ackorybalcxbfocbkqsfdzcfkgmn/SourcePackages/checkouts/LaTeXSwiftUI/Sources/LaTeXSwiftUI/Styles/StandardLaTeXStyle.swift /Users/rogerlin/Library/Developer/Xcode/DerivedData/FinancialCalculatorKit-ackorybalcxbfocbkqsfdzcfkgmn/SourcePackages/checkouts/LaTeXSwiftUI/Sources/LaTeXSwiftUI/Views/ComponentBlocksText.swift /Users/rogerlin/Library/Developer/Xcode/DerivedData/FinancialCalculatorKit-ackorybalcxbfocbkqsfdzcfkgmn/SourcePackages/checkouts/LaTeXSwiftUI/Sources/LaTeXSwiftUI/Views/ComponentBlocksViews.swift /Users/rogerlin/Library/Developer/Xcode/DerivedData/FinancialCalculatorKit-ackorybalcxbfocbkqsfdzcfkgmn/SourcePackages/checkouts/LaTeXSwiftUI/Sources/LaTeXSwiftUI/Views/EquationNumber.swift /Users/rogerlin/Library/Developer/Xcode/DerivedData/FinancialCalculatorKit-ackorybalcxbfocbkqsfdzcfkgmn/SourcePackages/checkouts/LaTeXSwiftUI/Sources/LaTeXSwiftUI/Views/HorizontalImageScroller.swift -emit-dependencies-path /Users/rogerlin/Library/Developer/Xcode/DerivedData/FinancialCalculatorKit-ackorybalcxbfocbkqsfdzcfkgmn/Build/Intermediates.noindex/LaTeXSwiftUI.build/Debug/LaTeXSwiftUI.build/Objects-normal/arm64/Renderer.d -emit-const-values-path /Users/rogerlin/Library/Developer/Xcode/DerivedData/FinancialCalculatorKit-ackorybalcxbfocbkqsfdzcfkgmn/Build/Intermediates.noindex/LaTeXSwiftUI.build/Debug/LaTeXSwiftUI.build/Objects-normal/arm64/Renderer.swiftconstvalues -emit-reference-dependencies-path /Users/rogerlin/Library/Developer/Xcode/DerivedData/FinancialCalculatorKit-ackorybalcxbfocbkqsfdzcfkgmn/Build/Intermediates.noindex/LaTeXSwiftUI.build/Debug/LaTeXSwiftUI.build/Objects-normal/arm64/Renderer.swiftdeps -serialize-diagnostics-path /Users/rogerlin/Library/Developer/Xcode/DerivedData/FinancialCalculatorKit-ackorybalcxbfocbkqsfdzcfkgmn/Build/Intermediates.noindex/LaTeXSwiftUI.build/Debug/LaTeXSwiftUI.build/Objects-normal/arm64/Renderer.dia -emit-dependencies-path /Users/rogerlin/Library/Developer/Xcode/DerivedData/FinancialCalculatorKit-ackorybalcxbfocbkqsfdzcfkgmn/Build/Intermediates.noindex/LaTeXSwiftUI.build/Debug/LaTeXSwiftUI.build/Objects-normal/arm64/SVG.d -emit-const-values-path /Users/rogerlin/Library/Developer/Xcode/DerivedData/FinancialCalculatorKit-ackorybalcxbfocbkqsfdzcfkgmn/Build/Intermediates.noindex/LaTeXSwiftUI.build/Debug/LaTeXSwiftUI.build/Objects-normal/arm64/SVG.swiftconstvalues -emit-reference-dependencies-path /Users/rogerlin/Library/Developer/Xcode/DerivedData/FinancialCalculatorKit-ackorybalcxbfocbkqsfdzcfkgmn/Build/Intermediates.noindex/LaTeXSwiftUI.build/Debug/LaTeXSwiftUI.build/Objects-normal/arm64/SVG.swiftdeps -serialize-diagnostics-path /Users/rogerlin/Library/Developer/Xcode/DerivedData/FinancialCalculatorKit-ackorybalcxbfocbkqsfdzcfkgmn/Build/Intermediates.noindex/LaTeXSwiftUI.build/Debug/LaTeXSwiftUI.build/Objects-normal/arm64/SVG.dia -target arm64-apple-macos12.0 -load-resolved-plugin /Applications/Xcode.app/Contents/Developer/Platforms/MacOSX.platform/Developer/usr/lib/swift/host/plugins/libFoundationMacros.dylib\#/Applications/Xcode.app/Contents/Developer/Platforms/MacOSX.platform/Developer/usr/bin/swift-plugin-server\#FoundationMacros -load-resolved-plugin /Applications/Xcode.app/Contents/Developer/Platforms/MacOSX.platform/Developer/usr/lib/swift/host/plugins/libObservationMacros.dylib\#/Applications/Xcode.app/Contents/Developer/Platforms/MacOSX.platform/Developer/usr/bin/swift-plugin-server\#ObservationMacros -load-resolved-plugin /Applications/Xcode.app/Contents/Developer/Platforms/MacOSX.platform/Developer/usr/lib/swift/host/plugins/libPreviewsMacros.dylib\#/Applications/Xcode.app/Contents/Developer/Platforms/MacOSX.platform/Developer/usr/bin/swift-plugin-server\#PreviewsMacros -load-resolved-plugin /Applications/Xcode.app/Contents/Developer/Platforms/MacOSX.platform/Developer/usr/lib/swift/host/plugins/libSwiftMacros.dylib\#/Applications/Xcode.app/Contents/Developer/Platforms/MacOSX.platform/Developer/usr/bin/swift-plugin-server\#SwiftMacros -load-resolved-plugin /Applications/Xcode.app/Contents/Developer/Platforms/MacOSX.platform/Developer/usr/lib/swift/host/plugins/libSwiftUIMacros.dylib\#/Applications/Xcode.app/Contents/Developer/Platforms/MacOSX.platform/Developer/usr/bin/swift-plugin-server\#SwiftUIMacros -disable-implicit-swift-modules -Xcc -fno-implicit-modules -Xcc -fno-implicit-module-maps -explicit-swift-module-map-file /Users/rogerlin/Library/Developer/Xcode/DerivedData/FinancialCalculatorKit-ackorybalcxbfocbkqsfdzcfkgmn/Build/Intermediates.noindex/LaTeXSwiftUI.build/Debug/LaTeXSwiftUI.build/Objects-normal/arm64/LaTeXSwiftUI-dependencies-1.json -Xllvm -aarch64-use-tbi -enable-objc-interop -stack-check -sdk /Applications/Xcode.app/Contents/Developer/Platforms/MacOSX.platform/Developer/SDKs/MacOSX26.1.sdk -I /Users/rogerlin/Library/Developer/Xcode/DerivedData/FinancialCalculatorKit-ackorybalcxbfocbkqsfdzcfkgmn/Build/Products/Debug -Isystem /Applications/Xcode.app/Contents/Developer/Platforms/MacOSX.platform/Developer/usr/lib -F /Users/rogerlin/Library/Developer/Xcode/DerivedData/FinancialCalculatorKit-ackorybalcxbfocbkqsfdzcfkgmn/Build/Products/Debug/PackageFrameworks -F /Users/rogerlin/Library/Developer/Xcode/DerivedData/FinancialCalculatorKit-ackorybalcxbfocbkqsfdzcfkgmn/Build/Products/Debug/PackageFrameworks -F /Users/rogerlin/Library/Developer/Xcode/DerivedData/FinancialCalculatorKit-ackorybalcxbfocbkqsfdzcfkgmn/Build/Products/Debug/PackageFrameworks -F /Users/rogerlin/Library/Developer/Xcode/DerivedData/FinancialCalculatorKit-ackorybalcxbfocbkqsfdzcfkgmn/Build/Products/Debug/PackageFrameworks -F /Users/rogerlin/Library/Developer/Xcode/DerivedData/FinancialCalculatorKit-ackorybalcxbfocbkqsfdzcfkgmn/Build/Products/Debug -F /Applications/Xcode.app/Contents/Developer/Platforms/MacOSX.platform/Developer/Library/Frameworks -no-color-diagnostics -Xcc -fno-color-diagnostics -enable-testing -g -debug-info-format\=dwarf -dwarf-version\=4 -module-cache-path /Users/rogerlin/Library/Developer/Xcode/DerivedData/FinancialCalculatorKit-ackorybalcxbfocbkqsfdzcfkgmn/Build/Intermediates.noindex/SwiftExplicitPrecompiledModules -suppress-warnings -profile-generate -profile-coverage-mapping -swift-version 5 -enforce-exclusivity\=checked -Onone -D SWIFT_PACKAGE -D DEBUG -D SWIFT_MODULE_RESOURCE_BUNDLE_UNAVAILABLE -D Xcode -serialize-debugging-options -const-gather-protocols-file /Users/rogerlin/Library/Developer/Xcode/DerivedData/FinancialCalculatorKit-ackorybalcxbfocbkqsfdzcfkgmn/Build/Intermediates.noindex/LaTeXSwiftUI.build/Debug/LaTeXSwiftUI.build/Objects-normal/arm64/LaTeXSwiftUI_const_extract_protocols.json -enable-experimental-feature DebugDescriptionMacro -empty-abi-descriptor -validate-clang-modules-once -clang-build-session-file /Users/rogerlin/Library/Developer/Xcode/DerivedData/ModuleCache.noindex/Session.modulevalidation -Xcc -working-directory -Xcc /Users/rogerlin/XCode-Projects/FinancialCalculatorKit-5.0-updated-accent-colors/FinancialCalculatorKit.xcodeproj -enable-anonymous-context-mangled-names -file-compilation-dir /Users/rogerlin/XCode-Projects/FinancialCalculatorKit-5.0-updated-accent-colors/FinancialCalculatorKit.xcodeproj -Xcc -D_LIBCPP_HARDENING_MODE\=_LIBCPP_HARDENING_MODE_DEBUG -Xcc -ivfsstatcache -Xcc /Users/rogerlin/Library/Developer/Xcode/DerivedData/SDKStatCaches.noindex/macosx26.1-25B74-3ae1261907bdadc328169391a47051a6.sdkstatcache -Xcc -I/Users/rogerlin/Library/Developer/Xcode/DerivedData/FinancialCalculatorKit-ackorybalcxbfocbkqsfdzcfkgmn/Build/Intermediates.noindex/LaTeXSwiftUI.build/Debug/LaTeXSwiftUI.build/swift-overrides.hmap -Xcc -I/Users/rogerlin/Library/Developer/Xcode/DerivedData/FinancialCalculatorKit-ackorybalcxbfocbkqsfdzcfkgmn/Build/Products/Debug/include -Xcc -I/Users/rogerlin/Library/Developer/Xcode/DerivedData/FinancialCalculatorKit-ackorybalcxbfocbkqsfdzcfkgmn/Build/Intermediates.noindex/LaTeXSwiftUI.build/Debug/LaTeXSwiftUI.build/DerivedSources-normal/arm64 -Xcc -I/Users/rogerlin/Library/Developer/Xcode/DerivedData/FinancialCalculatorKit-ackorybalcxbfocbkqsfdzcfkgmn/Build/Intermediates.noindex/LaTeXSwiftUI.build/Debug/LaTeXSwiftUI.build/DerivedSources/arm64 -Xcc -I/Users/rogerlin/Library/Developer/Xcode/DerivedData/FinancialCalculatorKit-ackorybalcxbfocbkqsfdzcfkgmn/Build/Intermediates.noindex/LaTeXSwiftUI.build/Debug/LaTeXSwiftUI.build/DerivedSources -Xcc -DSWIFT_PACKAGE -Xcc -DDEBUG\=1 -no-auto-bridging-header-chaining -module-name LaTeXSwiftUI -frontend-parseable-output -disable-clang-spi -target-sdk-version 26.1 -target-sdk-name macosx26.1 -clang-target arm64-apple-macos26.1 -in-process-plugin-server-path /Applications/Xcode.app/Contents/Developer/Toolchains/XcodeDefault.xctoolchain/usr/lib/swift/host/libSwiftInProcPluginServer.dylib -o /Users/rogerlin/Library/Developer/Xcode/DerivedData/FinancialCalculatorKit-ackorybalcxbfocbkqsfdzcfkgmn/Build/Intermediates.noindex/LaTeXSwiftUI.build/Debug/LaTeXSwiftUI.build/Objects-normal/arm64/Renderer.o -o /Users/rogerlin/Library/Developer/Xcode/DerivedData/FinancialCalculatorKit-ackorybalcxbfocbkqsfdzcfkgmn/Build/Intermediates.noindex/LaTeXSwiftUI.build/Debug/LaTeXSwiftUI.build/Objects-normal/arm64/SVG.o -index-unit-output-path /LaTeXSwiftUI.build/Debug/LaTeXSwiftUI.build/Objects-normal/arm64/Renderer.o -index-unit-output-path /LaTeXSwiftUI.build/Debug/LaTeXSwiftUI.build/Objects-normal/arm64/SVG.o -index-store-path /Users/rogerlin/Library/Developer/Xcode/DerivedData/FinancialCalculatorKit-ackorybalcxbfocbkqsfdzcfkgmn/Index.noindex/DataStore -index-system-modules

SwiftCompile normal arm64 /Users/rogerlin/Library/Developer/Xcode/DerivedData/FinancialCalculatorKit-ackorybalcxbfocbkqsfdzcfkgmn/SourcePackages/checkouts/LaTeXSwiftUI/Sources/LaTeXSwiftUI/Models/Renderer.swift (in target 'LaTeXSwiftUI' from project 'LaTeXSwiftUI')
    cd /Users/rogerlin/XCode-Projects/FinancialCalculatorKit-5.0-updated-accent-colors/FinancialCalculatorKit.xcodeproj
    

SwiftCompile normal arm64 /Users/rogerlin/Library/Developer/Xcode/DerivedData/FinancialCalculatorKit-ackorybalcxbfocbkqsfdzcfkgmn/SourcePackages/checkouts/LaTeXSwiftUI/Sources/LaTeXSwiftUI/Models/SVG.swift (in target 'LaTeXSwiftUI' from project 'LaTeXSwiftUI')
    cd /Users/rogerlin/XCode-Projects/FinancialCalculatorKit-5.0-updated-accent-colors/FinancialCalculatorKit.xcodeproj
    

SwiftDriverJobDiscovery normal arm64 Compiling DecimalMath.swift (in target 'BigDecimal' from project 'BigDecimal')

SwiftDriverJobDiscovery normal arm64 Compiling String+Char.swift (in target 'ExpressionParser' from project 'ExpressionParser')

SwiftCompile normal arm64 Compiling\ SVGGeometry.swift,\ LaTeX_Previews+Color.swift /Users/rogerlin/Library/Developer/Xcode/DerivedData/FinancialCalculatorKit-ackorybalcxbfocbkqsfdzcfkgmn/SourcePackages/checkouts/LaTeXSwiftUI/Sources/LaTeXSwiftUI/Models/SVGGeometry.swift /Users/rogerlin/Library/Developer/Xcode/DerivedData/FinancialCalculatorKit-ackorybalcxbfocbkqsfdzcfkgmn/SourcePackages/checkouts/LaTeXSwiftUI/Sources/LaTeXSwiftUI/Previews/LaTeX_Previews+Color.swift (in target 'LaTeXSwiftUI' from project 'LaTeXSwiftUI')
/Applications/Xcode.app/Contents/Developer/Toolchains/XcodeDefault.xctoolchain/usr/bin/swift-frontend -frontend -c /Users/rogerlin/Library/Developer/Xcode/DerivedData/FinancialCalculatorKit-ackorybalcxbfocbkqsfdzcfkgmn/SourcePackages/checkouts/LaTeXSwiftUI/Sources/LaTeXSwiftUI/Extensions/EnvironmentValues+Extensions.swift /Users/rogerlin/Library/Developer/Xcode/DerivedData/FinancialCalculatorKit-ackorybalcxbfocbkqsfdzcfkgmn/SourcePackages/checkouts/LaTeXSwiftUI/Sources/LaTeXSwiftUI/Extensions/Font+Extensions.swift /Users/rogerlin/Library/Developer/Xcode/DerivedData/FinancialCalculatorKit-ackorybalcxbfocbkqsfdzcfkgmn/SourcePackages/checkouts/LaTeXSwiftUI/Sources/LaTeXSwiftUI/Extensions/Image+Extensions.swift /Users/rogerlin/Library/Developer/Xcode/DerivedData/FinancialCalculatorKit-ackorybalcxbfocbkqsfdzcfkgmn/SourcePackages/checkouts/LaTeXSwiftUI/Sources/LaTeXSwiftUI/Extensions/MathJax+Extensions.swift /Users/rogerlin/Library/Developer/Xcode/DerivedData/FinancialCalculatorKit-ackorybalcxbfocbkqsfdzcfkgmn/SourcePackages/checkouts/LaTeXSwiftUI/Sources/LaTeXSwiftUI/Extensions/NSImage+Extensions.swift /Users/rogerlin/Library/Developer/Xcode/DerivedData/FinancialCalculatorKit-ackorybalcxbfocbkqsfdzcfkgmn/SourcePackages/checkouts/LaTeXSwiftUI/Sources/LaTeXSwiftUI/Extensions/Range+Extensions.swift /Users/rogerlin/Library/Developer/Xcode/DerivedData/FinancialCalculatorKit-ackorybalcxbfocbkqsfdzcfkgmn/SourcePackages/checkouts/LaTeXSwiftUI/Sources/LaTeXSwiftUI/Extensions/TeXInputProcessorOptions+Extensions.swift /Users/rogerlin/Library/Developer/Xcode/DerivedData/FinancialCalculatorKit-ackorybalcxbfocbkqsfdzcfkgmn/SourcePackages/checkouts/LaTeXSwiftUI/Sources/LaTeXSwiftUI/Extensions/View+Extensions.swift /Users/rogerlin/Library/Developer/Xcode/DerivedData/FinancialCalculatorKit-ackorybalcxbfocbkqsfdzcfkgmn/SourcePackages/checkouts/LaTeXSwiftUI/Sources/LaTeXSwiftUI/LaTeX.swift /Users/rogerlin/Library/Developer/Xcode/DerivedData/FinancialCalculatorKit-ackorybalcxbfocbkqsfdzcfkgmn/SourcePackages/checkouts/LaTeXSwiftUI/Sources/LaTeXSwiftUI/Models/Aliases.swift /Users/rogerlin/Library/Developer/Xcode/DerivedData/FinancialCalculatorKit-ackorybalcxbfocbkqsfdzcfkgmn/SourcePackages/checkouts/LaTeXSwiftUI/Sources/LaTeXSwiftUI/Models/Cache.swift /Users/rogerlin/Library/Developer/Xcode/DerivedData/FinancialCalculatorKit-ackorybalcxbfocbkqsfdzcfkgmn/SourcePackages/checkouts/LaTeXSwiftUI/Sources/LaTeXSwiftUI/Models/Component.swift /Users/rogerlin/Library/Developer/Xcode/DerivedData/FinancialCalculatorKit-ackorybalcxbfocbkqsfdzcfkgmn/SourcePackages/checkouts/LaTeXSwiftUI/Sources/LaTeXSwiftUI/Models/ComponentBlock.swift /Users/rogerlin/Library/Developer/Xcode/DerivedData/FinancialCalculatorKit-ackorybalcxbfocbkqsfdzcfkgmn/SourcePackages/checkouts/LaTeXSwiftUI/Sources/LaTeXSwiftUI/Models/HashableCGRect.swift /Users/rogerlin/Library/Developer/Xcode/DerivedData/FinancialCalculatorKit-ackorybalcxbfocbkqsfdzcfkgmn/SourcePackages/checkouts/LaTeXSwiftUI/Sources/LaTeXSwiftUI/Models/HashableCGSize.swift /Users/rogerlin/Library/Developer/Xcode/DerivedData/FinancialCalculatorKit-ackorybalcxbfocbkqsfdzcfkgmn/SourcePackages/checkouts/LaTeXSwiftUI/Sources/LaTeXSwiftUI/Models/ImageContainer.swift /Users/rogerlin/Library/Developer/Xcode/DerivedData/FinancialCalculatorKit-ackorybalcxbfocbkqsfdzcfkgmn/SourcePackages/checkouts/LaTeXSwiftUI/Sources/LaTeXSwiftUI/Models/Parser.swift /Users/rogerlin/Library/Developer/Xcode/DerivedData/FinancialCalculatorKit-ackorybalcxbfocbkqsfdzcfkgmn/SourcePackages/checkouts/LaTeXSwiftUI/Sources/LaTeXSwiftUI/Models/Renderer.swift /Users/rogerlin/Library/Developer/Xcode/DerivedData/FinancialCalculatorKit-ackorybalcxbfocbkqsfdzcfkgmn/SourcePackages/checkouts/LaTeXSwiftUI/Sources/LaTeXSwiftUI/Models/SVG.swift -primary-file /Users/rogerlin/Library/Developer/Xcode/DerivedData/FinancialCalculatorKit-ackorybalcxbfocbkqsfdzcfkgmn/SourcePackages/checkouts/LaTeXSwiftUI/Sources/LaTeXSwiftUI/Models/SVGGeometry.swift -primary-file /Users/rogerlin/Library/Developer/Xcode/DerivedData/FinancialCalculatorKit-ackorybalcxbfocbkqsfdzcfkgmn/SourcePackages/checkouts/LaTeXSwiftUI/Sources/LaTeXSwiftUI/Previews/LaTeX_Previews+Color.swift /Users/rogerlin/Library/Developer/Xcode/DerivedData/FinancialCalculatorKit-ackorybalcxbfocbkqsfdzcfkgmn/SourcePackages/checkouts/LaTeXSwiftUI/Sources/LaTeXSwiftUI/Previews/LaTeX_Previews+Fonts.swift /Users/rogerlin/Library/Developer/Xcode/DerivedData/FinancialCalculatorKit-ackorybalcxbfocbkqsfdzcfkgmn/SourcePackages/checkouts/LaTeXSwiftUI/Sources/LaTeXSwiftUI/Previews/LaTeX_Previews+Modes.swift /Users/rogerlin/Library/Developer/Xcode/DerivedData/FinancialCalculatorKit-ackorybalcxbfocbkqsfdzcfkgmn/SourcePackages/checkouts/LaTeXSwiftUI/Sources/LaTeXSwiftUI/Previews/LaTeX_Previews+Numbers.swift /Users/rogerlin/Library/Developer/Xcode/DerivedData/FinancialCalculatorKit-ackorybalcxbfocbkqsfdzcfkgmn/SourcePackages/checkouts/LaTeXSwiftUI/Sources/LaTeXSwiftUI/Previews/LaTeX_Previews+Special.swift /Users/rogerlin/Library/Developer/Xcode/DerivedData/FinancialCalculatorKit-ackorybalcxbfocbkqsfdzcfkgmn/SourcePackages/checkouts/LaTeXSwiftUI/Sources/LaTeXSwiftUI/Previews/LaTeX_Previews+Styles.swift /Users/rogerlin/Library/Developer/Xcode/DerivedData/FinancialCalculatorKit-ackorybalcxbfocbkqsfdzcfkgmn/SourcePackages/checkouts/LaTeXSwiftUI/Sources/LaTeXSwiftUI/Styles/DefaultLaTeXStyle.swift /Users/rogerlin/Library/Developer/Xcode/DerivedData/FinancialCalculatorKit-ackorybalcxbfocbkqsfdzcfkgmn/SourcePackages/checkouts/LaTeXSwiftUI/Sources/LaTeXSwiftUI/Styles/LaTeXStyle.swift /Users/rogerlin/Library/Developer/Xcode/DerivedData/FinancialCalculatorKit-ackorybalcxbfocbkqsfdzcfkgmn/SourcePackages/checkouts/LaTeXSwiftUI/Sources/LaTeXSwiftUI/Styles/StandardLaTeXStyle.swift /Users/rogerlin/Library/Developer/Xcode/DerivedData/FinancialCalculatorKit-ackorybalcxbfocbkqsfdzcfkgmn/SourcePackages/checkouts/LaTeXSwiftUI/Sources/LaTeXSwiftUI/Views/ComponentBlocksText.swift /Users/rogerlin/Library/Developer/Xcode/DerivedData/FinancialCalculatorKit-ackorybalcxbfocbkqsfdzcfkgmn/SourcePackages/checkouts/LaTeXSwiftUI/Sources/LaTeXSwiftUI/Views/ComponentBlocksViews.swift /Users/rogerlin/Library/Developer/Xcode/DerivedData/FinancialCalculatorKit-ackorybalcxbfocbkqsfdzcfkgmn/SourcePackages/checkouts/LaTeXSwiftUI/Sources/LaTeXSwiftUI/Views/EquationNumber.swift /Users/rogerlin/Library/Developer/Xcode/DerivedData/FinancialCalculatorKit-ackorybalcxbfocbkqsfdzcfkgmn/SourcePackages/checkouts/LaTeXSwiftUI/Sources/LaTeXSwiftUI/Views/HorizontalImageScroller.swift -emit-dependencies-path /Users/rogerlin/Library/Developer/Xcode/DerivedData/FinancialCalculatorKit-ackorybalcxbfocbkqsfdzcfkgmn/Build/Intermediates.noindex/LaTeXSwiftUI.build/Debug/LaTeXSwiftUI.build/Objects-normal/arm64/SVGGeometry.d -emit-const-values-path /Users/rogerlin/Library/Developer/Xcode/DerivedData/FinancialCalculatorKit-ackorybalcxbfocbkqsfdzcfkgmn/Build/Intermediates.noindex/LaTeXSwiftUI.build/Debug/LaTeXSwiftUI.build/Objects-normal/arm64/SVGGeometry.swiftconstvalues -emit-reference-dependencies-path /Users/rogerlin/Library/Developer/Xcode/DerivedData/FinancialCalculatorKit-ackorybalcxbfocbkqsfdzcfkgmn/Build/Intermediates.noindex/LaTeXSwiftUI.build/Debug/LaTeXSwiftUI.build/Objects-normal/arm64/SVGGeometry.swiftdeps -serialize-diagnostics-path /Users/rogerlin/Library/Developer/Xcode/DerivedData/FinancialCalculatorKit-ackorybalcxbfocbkqsfdzcfkgmn/Build/Intermediates.noindex/LaTeXSwiftUI.build/Debug/LaTeXSwiftUI.build/Objects-normal/arm64/SVGGeometry.dia -emit-dependencies-path /Users/rogerlin/Library/Developer/Xcode/DerivedData/FinancialCalculatorKit-ackorybalcxbfocbkqsfdzcfkgmn/Build/Intermediates.noindex/LaTeXSwiftUI.build/Debug/LaTeXSwiftUI.build/Objects-normal/arm64/LaTeX_Previews+Color.d -emit-const-values-path /Users/rogerlin/Library/Developer/Xcode/DerivedData/FinancialCalculatorKit-ackorybalcxbfocbkqsfdzcfkgmn/Build/Intermediates.noindex/LaTeXSwiftUI.build/Debug/LaTeXSwiftUI.build/Objects-normal/arm64/LaTeX_Previews+Color.swiftconstvalues -emit-reference-dependencies-path /Users/rogerlin/Library/Developer/Xcode/DerivedData/FinancialCalculatorKit-ackorybalcxbfocbkqsfdzcfkgmn/Build/Intermediates.noindex/LaTeXSwiftUI.build/Debug/LaTeXSwiftUI.build/Objects-normal/arm64/LaTeX_Previews+Color.swiftdeps -serialize-diagnostics-path /Users/rogerlin/Library/Developer/Xcode/DerivedData/FinancialCalculatorKit-ackorybalcxbfocbkqsfdzcfkgmn/Build/Intermediates.noindex/LaTeXSwiftUI.build/Debug/LaTeXSwiftUI.build/Objects-normal/arm64/LaTeX_Previews+Color.dia -target arm64-apple-macos12.0 -load-resolved-plugin /Applications/Xcode.app/Contents/Developer/Platforms/MacOSX.platform/Developer/usr/lib/swift/host/plugins/libFoundationMacros.dylib\#/Applications/Xcode.app/Contents/Developer/Platforms/MacOSX.platform/Developer/usr/bin/swift-plugin-server\#FoundationMacros -load-resolved-plugin /Applications/Xcode.app/Contents/Developer/Platforms/MacOSX.platform/Developer/usr/lib/swift/host/plugins/libObservationMacros.dylib\#/Applications/Xcode.app/Contents/Developer/Platforms/MacOSX.platform/Developer/usr/bin/swift-plugin-server\#ObservationMacros -load-resolved-plugin /Applications/Xcode.app/Contents/Developer/Platforms/MacOSX.platform/Developer/usr/lib/swift/host/plugins/libPreviewsMacros.dylib\#/Applications/Xcode.app/Contents/Developer/Platforms/MacOSX.platform/Developer/usr/bin/swift-plugin-server\#PreviewsMacros -load-resolved-plugin /Applications/Xcode.app/Contents/Developer/Platforms/MacOSX.platform/Developer/usr/lib/swift/host/plugins/libSwiftMacros.dylib\#/Applications/Xcode.app/Contents/Developer/Platforms/MacOSX.platform/Developer/usr/bin/swift-plugin-server\#SwiftMacros -load-resolved-plugin /Applications/Xcode.app/Contents/Developer/Platforms/MacOSX.platform/Developer/usr/lib/swift/host/plugins/libSwiftUIMacros.dylib\#/Applications/Xcode.app/Contents/Developer/Platforms/MacOSX.platform/Developer/usr/bin/swift-plugin-server\#SwiftUIMacros -disable-implicit-swift-modules -Xcc -fno-implicit-modules -Xcc -fno-implicit-module-maps -explicit-swift-module-map-file /Users/rogerlin/Library/Developer/Xcode/DerivedData/FinancialCalculatorKit-ackorybalcxbfocbkqsfdzcfkgmn/Build/Intermediates.noindex/LaTeXSwiftUI.build/Debug/LaTeXSwiftUI.build/Objects-normal/arm64/LaTeXSwiftUI-dependencies-1.json -Xllvm -aarch64-use-tbi -enable-objc-interop -stack-check -sdk /Applications/Xcode.app/Contents/Developer/Platforms/MacOSX.platform/Developer/SDKs/MacOSX26.1.sdk -I /Users/rogerlin/Library/Developer/Xcode/DerivedData/FinancialCalculatorKit-ackorybalcxbfocbkqsfdzcfkgmn/Build/Products/Debug -Isystem /Applications/Xcode.app/Contents/Developer/Platforms/MacOSX.platform/Developer/usr/lib -F /Users/rogerlin/Library/Developer/Xcode/DerivedData/FinancialCalculatorKit-ackorybalcxbfocbkqsfdzcfkgmn/Build/Products/Debug/PackageFrameworks -F /Users/rogerlin/Library/Developer/Xcode/DerivedData/FinancialCalculatorKit-ackorybalcxbfocbkqsfdzcfkgmn/Build/Products/Debug/PackageFrameworks -F /Users/rogerlin/Library/Developer/Xcode/DerivedData/FinancialCalculatorKit-ackorybalcxbfocbkqsfdzcfkgmn/Build/Products/Debug/PackageFrameworks -F /Users/rogerlin/Library/Developer/Xcode/DerivedData/FinancialCalculatorKit-ackorybalcxbfocbkqsfdzcfkgmn/Build/Products/Debug/PackageFrameworks -F /Users/rogerlin/Library/Developer/Xcode/DerivedData/FinancialCalculatorKit-ackorybalcxbfocbkqsfdzcfkgmn/Build/Products/Debug -F /Applications/Xcode.app/Contents/Developer/Platforms/MacOSX.platform/Developer/Library/Frameworks -no-color-diagnostics -Xcc -fno-color-diagnostics -enable-testing -g -debug-info-format\=dwarf -dwarf-version\=4 -module-cache-path /Users/rogerlin/Library/Developer/Xcode/DerivedData/FinancialCalculatorKit-ackorybalcxbfocbkqsfdzcfkgmn/Build/Intermediates.noindex/SwiftExplicitPrecompiledModules -suppress-warnings -profile-generate -profile-coverage-mapping -swift-version 5 -enforce-exclusivity\=checked -Onone -D SWIFT_PACKAGE -D DEBUG -D SWIFT_MODULE_RESOURCE_BUNDLE_UNAVAILABLE -D Xcode -serialize-debugging-options -const-gather-protocols-file /Users/rogerlin/Library/Developer/Xcode/DerivedData/FinancialCalculatorKit-ackorybalcxbfocbkqsfdzcfkgmn/Build/Intermediates.noindex/LaTeXSwiftUI.build/Debug/LaTeXSwiftUI.build/Objects-normal/arm64/LaTeXSwiftUI_const_extract_protocols.json -enable-experimental-feature DebugDescriptionMacro -empty-abi-descriptor -validate-clang-modules-once -clang-build-session-file /Users/rogerlin/Library/Developer/Xcode/DerivedData/ModuleCache.noindex/Session.modulevalidation -Xcc -working-directory -Xcc /Users/rogerlin/XCode-Projects/FinancialCalculatorKit-5.0-updated-accent-colors/FinancialCalculatorKit.xcodeproj -enable-anonymous-context-mangled-names -file-compilation-dir /Users/rogerlin/XCode-Projects/FinancialCalculatorKit-5.0-updated-accent-colors/FinancialCalculatorKit.xcodeproj -Xcc -D_LIBCPP_HARDENING_MODE\=_LIBCPP_HARDENING_MODE_DEBUG -Xcc -ivfsstatcache -Xcc /Users/rogerlin/Library/Developer/Xcode/DerivedData/SDKStatCaches.noindex/macosx26.1-25B74-3ae1261907bdadc328169391a47051a6.sdkstatcache -Xcc -I/Users/rogerlin/Library/Developer/Xcode/DerivedData/FinancialCalculatorKit-ackorybalcxbfocbkqsfdzcfkgmn/Build/Intermediates.noindex/LaTeXSwiftUI.build/Debug/LaTeXSwiftUI.build/swift-overrides.hmap -Xcc -I/Users/rogerlin/Library/Developer/Xcode/DerivedData/FinancialCalculatorKit-ackorybalcxbfocbkqsfdzcfkgmn/Build/Products/Debug/include -Xcc -I/Users/rogerlin/Library/Developer/Xcode/DerivedData/FinancialCalculatorKit-ackorybalcxbfocbkqsfdzcfkgmn/Build/Intermediates.noindex/LaTeXSwiftUI.build/Debug/LaTeXSwiftUI.build/DerivedSources-normal/arm64 -Xcc -I/Users/rogerlin/Library/Developer/Xcode/DerivedData/FinancialCalculatorKit-ackorybalcxbfocbkqsfdzcfkgmn/Build/Intermediates.noindex/LaTeXSwiftUI.build/Debug/LaTeXSwiftUI.build/DerivedSources/arm64 -Xcc -I/Users/rogerlin/Library/Developer/Xcode/DerivedData/FinancialCalculatorKit-ackorybalcxbfocbkqsfdzcfkgmn/Build/Intermediates.noindex/LaTeXSwiftUI.build/Debug/LaTeXSwiftUI.build/DerivedSources -Xcc -DSWIFT_PACKAGE -Xcc -DDEBUG\=1 -no-auto-bridging-header-chaining -module-name LaTeXSwiftUI -frontend-parseable-output -disable-clang-spi -target-sdk-version 26.1 -target-sdk-name macosx26.1 -clang-target arm64-apple-macos26.1 -in-process-plugin-server-path /Applications/Xcode.app/Contents/Developer/Toolchains/XcodeDefault.xctoolchain/usr/lib/swift/host/libSwiftInProcPluginServer.dylib -o /Users/rogerlin/Library/Developer/Xcode/DerivedData/FinancialCalculatorKit-ackorybalcxbfocbkqsfdzcfkgmn/Build/Intermediates.noindex/LaTeXSwiftUI.build/Debug/LaTeXSwiftUI.build/Objects-normal/arm64/SVGGeometry.o -o /Users/rogerlin/Library/Developer/Xcode/DerivedData/FinancialCalculatorKit-ackorybalcxbfocbkqsfdzcfkgmn/Build/Intermediates.noindex/LaTeXSwiftUI.build/Debug/LaTeXSwiftUI.build/Objects-normal/arm64/LaTeX_Previews+Color.o -index-unit-output-path /LaTeXSwiftUI.build/Debug/LaTeXSwiftUI.build/Objects-normal/arm64/SVGGeometry.o -index-unit-output-path /LaTeXSwiftUI.build/Debug/LaTeXSwiftUI.build/Objects-normal/arm64/LaTeX_Previews+Color.o -index-store-path /Users/rogerlin/Library/Developer/Xcode/DerivedData/FinancialCalculatorKit-ackorybalcxbfocbkqsfdzcfkgmn/Index.noindex/DataStore -index-system-modules

SwiftCompile normal arm64 /Users/rogerlin/Library/Developer/Xcode/DerivedData/FinancialCalculatorKit-ackorybalcxbfocbkqsfdzcfkgmn/SourcePackages/checkouts/LaTeXSwiftUI/Sources/LaTeXSwiftUI/Models/SVGGeometry.swift (in target 'LaTeXSwiftUI' from project 'LaTeXSwiftUI')
    cd /Users/rogerlin/XCode-Projects/FinancialCalculatorKit-5.0-updated-accent-colors/FinancialCalculatorKit.xcodeproj
    

SwiftCompile normal arm64 /Users/rogerlin/Library/Developer/Xcode/DerivedData/FinancialCalculatorKit-ackorybalcxbfocbkqsfdzcfkgmn/SourcePackages/checkouts/LaTeXSwiftUI/Sources/LaTeXSwiftUI/Previews/LaTeX_Previews+Color.swift (in target 'LaTeXSwiftUI' from project 'LaTeXSwiftUI')
    cd /Users/rogerlin/XCode-Projects/FinancialCalculatorKit-5.0-updated-accent-colors/FinancialCalculatorKit.xcodeproj
    

SwiftCompile normal arm64 Compiling\ View+Extensions.swift,\ LaTeX.swift /Users/rogerlin/Library/Developer/Xcode/DerivedData/FinancialCalculatorKit-ackorybalcxbfocbkqsfdzcfkgmn/SourcePackages/checkouts/LaTeXSwiftUI/Sources/LaTeXSwiftUI/Extensions/View+Extensions.swift /Users/rogerlin/Library/Developer/Xcode/DerivedData/FinancialCalculatorKit-ackorybalcxbfocbkqsfdzcfkgmn/SourcePackages/checkouts/LaTeXSwiftUI/Sources/LaTeXSwiftUI/LaTeX.swift (in target 'LaTeXSwiftUI' from project 'LaTeXSwiftUI')
/Applications/Xcode.app/Contents/Developer/Toolchains/XcodeDefault.xctoolchain/usr/bin/swift-frontend -frontend -c /Users/rogerlin/Library/Developer/Xcode/DerivedData/FinancialCalculatorKit-ackorybalcxbfocbkqsfdzcfkgmn/SourcePackages/checkouts/LaTeXSwiftUI/Sources/LaTeXSwiftUI/Extensions/EnvironmentValues+Extensions.swift /Users/rogerlin/Library/Developer/Xcode/DerivedData/FinancialCalculatorKit-ackorybalcxbfocbkqsfdzcfkgmn/SourcePackages/checkouts/LaTeXSwiftUI/Sources/LaTeXSwiftUI/Extensions/Font+Extensions.swift /Users/rogerlin/Library/Developer/Xcode/DerivedData/FinancialCalculatorKit-ackorybalcxbfocbkqsfdzcfkgmn/SourcePackages/checkouts/LaTeXSwiftUI/Sources/LaTeXSwiftUI/Extensions/Image+Extensions.swift /Users/rogerlin/Library/Developer/Xcode/DerivedData/FinancialCalculatorKit-ackorybalcxbfocbkqsfdzcfkgmn/SourcePackages/checkouts/LaTeXSwiftUI/Sources/LaTeXSwiftUI/Extensions/MathJax+Extensions.swift /Users/rogerlin/Library/Developer/Xcode/DerivedData/FinancialCalculatorKit-ackorybalcxbfocbkqsfdzcfkgmn/SourcePackages/checkouts/LaTeXSwiftUI/Sources/LaTeXSwiftUI/Extensions/NSImage+Extensions.swift /Users/rogerlin/Library/Developer/Xcode/DerivedData/FinancialCalculatorKit-ackorybalcxbfocbkqsfdzcfkgmn/SourcePackages/checkouts/LaTeXSwiftUI/Sources/LaTeXSwiftUI/Extensions/Range+Extensions.swift /Users/rogerlin/Library/Developer/Xcode/DerivedData/FinancialCalculatorKit-ackorybalcxbfocbkqsfdzcfkgmn/SourcePackages/checkouts/LaTeXSwiftUI/Sources/LaTeXSwiftUI/Extensions/TeXInputProcessorOptions+Extensions.swift -primary-file /Users/rogerlin/Library/Developer/Xcode/DerivedData/FinancialCalculatorKit-ackorybalcxbfocbkqsfdzcfkgmn/SourcePackages/checkouts/LaTeXSwiftUI/Sources/LaTeXSwiftUI/Extensions/View+Extensions.swift -primary-file /Users/rogerlin/Library/Developer/Xcode/DerivedData/FinancialCalculatorKit-ackorybalcxbfocbkqsfdzcfkgmn/SourcePackages/checkouts/LaTeXSwiftUI/Sources/LaTeXSwiftUI/LaTeX.swift /Users/rogerlin/Library/Developer/Xcode/DerivedData/FinancialCalculatorKit-ackorybalcxbfocbkqsfdzcfkgmn/SourcePackages/checkouts/LaTeXSwiftUI/Sources/LaTeXSwiftUI/Models/Aliases.swift /Users/rogerlin/Library/Developer/Xcode/DerivedData/FinancialCalculatorKit-ackorybalcxbfocbkqsfdzcfkgmn/SourcePackages/checkouts/LaTeXSwiftUI/Sources/LaTeXSwiftUI/Models/Cache.swift /Users/rogerlin/Library/Developer/Xcode/DerivedData/FinancialCalculatorKit-ackorybalcxbfocbkqsfdzcfkgmn/SourcePackages/checkouts/LaTeXSwiftUI/Sources/LaTeXSwiftUI/Models/Component.swift /Users/rogerlin/Library/Developer/Xcode/DerivedData/FinancialCalculatorKit-ackorybalcxbfocbkqsfdzcfkgmn/SourcePackages/checkouts/LaTeXSwiftUI/Sources/LaTeXSwiftUI/Models/ComponentBlock.swift /Users/rogerlin/Library/Developer/Xcode/DerivedData/FinancialCalculatorKit-ackorybalcxbfocbkqsfdzcfkgmn/SourcePackages/checkouts/LaTeXSwiftUI/Sources/LaTeXSwiftUI/Models/HashableCGRect.swift /Users/rogerlin/Library/Developer/Xcode/DerivedData/FinancialCalculatorKit-ackorybalcxbfocbkqsfdzcfkgmn/SourcePackages/checkouts/LaTeXSwiftUI/Sources/LaTeXSwiftUI/Models/HashableCGSize.swift /Users/rogerlin/Library/Developer/Xcode/DerivedData/FinancialCalculatorKit-ackorybalcxbfocbkqsfdzcfkgmn/SourcePackages/checkouts/LaTeXSwiftUI/Sources/LaTeXSwiftUI/Models/ImageContainer.swift /Users/rogerlin/Library/Developer/Xcode/DerivedData/FinancialCalculatorKit-ackorybalcxbfocbkqsfdzcfkgmn/SourcePackages/checkouts/LaTeXSwiftUI/Sources/LaTeXSwiftUI/Models/Parser.swift /Users/rogerlin/Library/Developer/Xcode/DerivedData/FinancialCalculatorKit-ackorybalcxbfocbkqsfdzcfkgmn/SourcePackages/checkouts/LaTeXSwiftUI/Sources/LaTeXSwiftUI/Models/Renderer.swift /Users/rogerlin/Library/Developer/Xcode/DerivedData/FinancialCalculatorKit-ackorybalcxbfocbkqsfdzcfkgmn/SourcePackages/checkouts/LaTeXSwiftUI/Sources/LaTeXSwiftUI/Models/SVG.swift /Users/rogerlin/Library/Developer/Xcode/DerivedData/FinancialCalculatorKit-ackorybalcxbfocbkqsfdzcfkgmn/SourcePackages/checkouts/LaTeXSwiftUI/Sources/LaTeXSwiftUI/Models/SVGGeometry.swift /Users/rogerlin/Library/Developer/Xcode/DerivedData/FinancialCalculatorKit-ackorybalcxbfocbkqsfdzcfkgmn/SourcePackages/checkouts/LaTeXSwiftUI/Sources/LaTeXSwiftUI/Previews/LaTeX_Previews+Color.swift /Users/rogerlin/Library/Developer/Xcode/DerivedData/FinancialCalculatorKit-ackorybalcxbfocbkqsfdzcfkgmn/SourcePackages/checkouts/LaTeXSwiftUI/Sources/LaTeXSwiftUI/Previews/LaTeX_Previews+Fonts.swift /Users/rogerlin/Library/Developer/Xcode/DerivedData/FinancialCalculatorKit-ackorybalcxbfocbkqsfdzcfkgmn/SourcePackages/checkouts/LaTeXSwiftUI/Sources/LaTeXSwiftUI/Previews/LaTeX_Previews+Modes.swift /Users/rogerlin/Library/Developer/Xcode/DerivedData/FinancialCalculatorKit-ackorybalcxbfocbkqsfdzcfkgmn/SourcePackages/checkouts/LaTeXSwiftUI/Sources/LaTeXSwiftUI/Previews/LaTeX_Previews+Numbers.swift /Users/rogerlin/Library/Developer/Xcode/DerivedData/FinancialCalculatorKit-ackorybalcxbfocbkqsfdzcfkgmn/SourcePackages/checkouts/LaTeXSwiftUI/Sources/LaTeXSwiftUI/Previews/LaTeX_Previews+Special.swift /Users/rogerlin/Library/Developer/Xcode/DerivedData/FinancialCalculatorKit-ackorybalcxbfocbkqsfdzcfkgmn/SourcePackages/checkouts/LaTeXSwiftUI/Sources/LaTeXSwiftUI/Previews/LaTeX_Previews+Styles.swift /Users/rogerlin/Library/Developer/Xcode/DerivedData/FinancialCalculatorKit-ackorybalcxbfocbkqsfdzcfkgmn/SourcePackages/checkouts/LaTeXSwiftUI/Sources/LaTeXSwiftUI/Styles/DefaultLaTeXStyle.swift /Users/rogerlin/Library/Developer/Xcode/DerivedData/FinancialCalculatorKit-ackorybalcxbfocbkqsfdzcfkgmn/SourcePackages/checkouts/LaTeXSwiftUI/Sources/LaTeXSwiftUI/Styles/LaTeXStyle.swift /Users/rogerlin/Library/Developer/Xcode/DerivedData/FinancialCalculatorKit-ackorybalcxbfocbkqsfdzcfkgmn/SourcePackages/checkouts/LaTeXSwiftUI/Sources/LaTeXSwiftUI/Styles/StandardLaTeXStyle.swift /Users/rogerlin/Library/Developer/Xcode/DerivedData/FinancialCalculatorKit-ackorybalcxbfocbkqsfdzcfkgmn/SourcePackages/checkouts/LaTeXSwiftUI/Sources/LaTeXSwiftUI/Views/ComponentBlocksText.swift /Users/rogerlin/Library/Developer/Xcode/DerivedData/FinancialCalculatorKit-ackorybalcxbfocbkqsfdzcfkgmn/SourcePackages/checkouts/LaTeXSwiftUI/Sources/LaTeXSwiftUI/Views/ComponentBlocksViews.swift /Users/rogerlin/Library/Developer/Xcode/DerivedData/FinancialCalculatorKit-ackorybalcxbfocbkqsfdzcfkgmn/SourcePackages/checkouts/LaTeXSwiftUI/Sources/LaTeXSwiftUI/Views/EquationNumber.swift /Users/rogerlin/Library/Developer/Xcode/DerivedData/FinancialCalculatorKit-ackorybalcxbfocbkqsfdzcfkgmn/SourcePackages/checkouts/LaTeXSwiftUI/Sources/LaTeXSwiftUI/Views/HorizontalImageScroller.swift -emit-dependencies-path /Users/rogerlin/Library/Developer/Xcode/DerivedData/FinancialCalculatorKit-ackorybalcxbfocbkqsfdzcfkgmn/Build/Intermediates.noindex/LaTeXSwiftUI.build/Debug/LaTeXSwiftUI.build/Objects-normal/arm64/View+Extensions.d -emit-const-values-path /Users/rogerlin/Library/Developer/Xcode/DerivedData/FinancialCalculatorKit-ackorybalcxbfocbkqsfdzcfkgmn/Build/Intermediates.noindex/LaTeXSwiftUI.build/Debug/LaTeXSwiftUI.build/Objects-normal/arm64/View+Extensions.swiftconstvalues -emit-reference-dependencies-path /Users/rogerlin/Library/Developer/Xcode/DerivedData/FinancialCalculatorKit-ackorybalcxbfocbkqsfdzcfkgmn/Build/Intermediates.noindex/LaTeXSwiftUI.build/Debug/LaTeXSwiftUI.build/Objects-normal/arm64/View+Extensions.swiftdeps -serialize-diagnostics-path /Users/rogerlin/Library/Developer/Xcode/DerivedData/FinancialCalculatorKit-ackorybalcxbfocbkqsfdzcfkgmn/Build/Intermediates.noindex/LaTeXSwiftUI.build/Debug/LaTeXSwiftUI.build/Objects-normal/arm64/View+Extensions.dia -emit-dependencies-path /Users/rogerlin/Library/Developer/Xcode/DerivedData/FinancialCalculatorKit-ackorybalcxbfocbkqsfdzcfkgmn/Build/Intermediates.noindex/LaTeXSwiftUI.build/Debug/LaTeXSwiftUI.build/Objects-normal/arm64/LaTeX.d -emit-const-values-path /Users/rogerlin/Library/Developer/Xcode/DerivedData/FinancialCalculatorKit-ackorybalcxbfocbkqsfdzcfkgmn/Build/Intermediates.noindex/LaTeXSwiftUI.build/Debug/LaTeXSwiftUI.build/Objects-normal/arm64/LaTeX.swiftconstvalues -emit-reference-dependencies-path /Users/rogerlin/Library/Developer/Xcode/DerivedData/FinancialCalculatorKit-ackorybalcxbfocbkqsfdzcfkgmn/Build/Intermediates.noindex/LaTeXSwiftUI.build/Debug/LaTeXSwiftUI.build/Objects-normal/arm64/LaTeX.swiftdeps -serialize-diagnostics-path /Users/rogerlin/Library/Developer/Xcode/DerivedData/FinancialCalculatorKit-ackorybalcxbfocbkqsfdzcfkgmn/Build/Intermediates.noindex/LaTeXSwiftUI.build/Debug/LaTeXSwiftUI.build/Objects-normal/arm64/LaTeX.dia -target arm64-apple-macos12.0 -load-resolved-plugin /Applications/Xcode.app/Contents/Developer/Platforms/MacOSX.platform/Developer/usr/lib/swift/host/plugins/libFoundationMacros.dylib\#/Applications/Xcode.app/Contents/Developer/Platforms/MacOSX.platform/Developer/usr/bin/swift-plugin-server\#FoundationMacros -load-resolved-plugin /Applications/Xcode.app/Contents/Developer/Platforms/MacOSX.platform/Developer/usr/lib/swift/host/plugins/libObservationMacros.dylib\#/Applications/Xcode.app/Contents/Developer/Platforms/MacOSX.platform/Developer/usr/bin/swift-plugin-server\#ObservationMacros -load-resolved-plugin /Applications/Xcode.app/Contents/Developer/Platforms/MacOSX.platform/Developer/usr/lib/swift/host/plugins/libPreviewsMacros.dylib\#/Applications/Xcode.app/Contents/Developer/Platforms/MacOSX.platform/Developer/usr/bin/swift-plugin-server\#PreviewsMacros -load-resolved-plugin /Applications/Xcode.app/Contents/Developer/Platforms/MacOSX.platform/Developer/usr/lib/swift/host/plugins/libSwiftMacros.dylib\#/Applications/Xcode.app/Contents/Developer/Platforms/MacOSX.platform/Developer/usr/bin/swift-plugin-server\#SwiftMacros -load-resolved-plugin /Applications/Xcode.app/Contents/Developer/Platforms/MacOSX.platform/Developer/usr/lib/swift/host/plugins/libSwiftUIMacros.dylib\#/Applications/Xcode.app/Contents/Developer/Platforms/MacOSX.platform/Developer/usr/bin/swift-plugin-server\#SwiftUIMacros -disable-implicit-swift-modules -Xcc -fno-implicit-modules -Xcc -fno-implicit-module-maps -explicit-swift-module-map-file /Users/rogerlin/Library/Developer/Xcode/DerivedData/FinancialCalculatorKit-ackorybalcxbfocbkqsfdzcfkgmn/Build/Intermediates.noindex/LaTeXSwiftUI.build/Debug/LaTeXSwiftUI.build/Objects-normal/arm64/LaTeXSwiftUI-dependencies-1.json -Xllvm -aarch64-use-tbi -enable-objc-interop -stack-check -sdk /Applications/Xcode.app/Contents/Developer/Platforms/MacOSX.platform/Developer/SDKs/MacOSX26.1.sdk -I /Users/rogerlin/Library/Developer/Xcode/DerivedData/FinancialCalculatorKit-ackorybalcxbfocbkqsfdzcfkgmn/Build/Products/Debug -Isystem /Applications/Xcode.app/Contents/Developer/Platforms/MacOSX.platform/Developer/usr/lib -F /Users/rogerlin/Library/Developer/Xcode/DerivedData/FinancialCalculatorKit-ackorybalcxbfocbkqsfdzcfkgmn/Build/Products/Debug/PackageFrameworks -F /Users/rogerlin/Library/Developer/Xcode/DerivedData/FinancialCalculatorKit-ackorybalcxbfocbkqsfdzcfkgmn/Build/Products/Debug/PackageFrameworks -F /Users/rogerlin/Library/Developer/Xcode/DerivedData/FinancialCalculatorKit-ackorybalcxbfocbkqsfdzcfkgmn/Build/Products/Debug/PackageFrameworks -F /Users/rogerlin/Library/Developer/Xcode/DerivedData/FinancialCalculatorKit-ackorybalcxbfocbkqsfdzcfkgmn/Build/Products/Debug/PackageFrameworks -F /Users/rogerlin/Library/Developer/Xcode/DerivedData/FinancialCalculatorKit-ackorybalcxbfocbkqsfdzcfkgmn/Build/Products/Debug -F /Applications/Xcode.app/Contents/Developer/Platforms/MacOSX.platform/Developer/Library/Frameworks -no-color-diagnostics -Xcc -fno-color-diagnostics -enable-testing -g -debug-info-format\=dwarf -dwarf-version\=4 -module-cache-path /Users/rogerlin/Library/Developer/Xcode/DerivedData/FinancialCalculatorKit-ackorybalcxbfocbkqsfdzcfkgmn/Build/Intermediates.noindex/SwiftExplicitPrecompiledModules -suppress-warnings -profile-generate -profile-coverage-mapping -swift-version 5 -enforce-exclusivity\=checked -Onone -D SWIFT_PACKAGE -D DEBUG -D SWIFT_MODULE_RESOURCE_BUNDLE_UNAVAILABLE -D Xcode -serialize-debugging-options -const-gather-protocols-file /Users/rogerlin/Library/Developer/Xcode/DerivedData/FinancialCalculatorKit-ackorybalcxbfocbkqsfdzcfkgmn/Build/Intermediates.noindex/LaTeXSwiftUI.build/Debug/LaTeXSwiftUI.build/Objects-normal/arm64/LaTeXSwiftUI_const_extract_protocols.json -enable-experimental-feature DebugDescriptionMacro -empty-abi-descriptor -validate-clang-modules-once -clang-build-session-file /Users/rogerlin/Library/Developer/Xcode/DerivedData/ModuleCache.noindex/Session.modulevalidation -Xcc -working-directory -Xcc /Users/rogerlin/XCode-Projects/FinancialCalculatorKit-5.0-updated-accent-colors/FinancialCalculatorKit.xcodeproj -enable-anonymous-context-mangled-names -file-compilation-dir /Users/rogerlin/XCode-Projects/FinancialCalculatorKit-5.0-updated-accent-colors/FinancialCalculatorKit.xcodeproj -Xcc -D_LIBCPP_HARDENING_MODE\=_LIBCPP_HARDENING_MODE_DEBUG -Xcc -ivfsstatcache -Xcc /Users/rogerlin/Library/Developer/Xcode/DerivedData/SDKStatCaches.noindex/macosx26.1-25B74-3ae1261907bdadc328169391a47051a6.sdkstatcache -Xcc -I/Users/rogerlin/Library/Developer/Xcode/DerivedData/FinancialCalculatorKit-ackorybalcxbfocbkqsfdzcfkgmn/Build/Intermediates.noindex/LaTeXSwiftUI.build/Debug/LaTeXSwiftUI.build/swift-overrides.hmap -Xcc -I/Users/rogerlin/Library/Developer/Xcode/DerivedData/FinancialCalculatorKit-ackorybalcxbfocbkqsfdzcfkgmn/Build/Products/Debug/include -Xcc -I/Users/rogerlin/Library/Developer/Xcode/DerivedData/FinancialCalculatorKit-ackorybalcxbfocbkqsfdzcfkgmn/Build/Intermediates.noindex/LaTeXSwiftUI.build/Debug/LaTeXSwiftUI.build/DerivedSources-normal/arm64 -Xcc -I/Users/rogerlin/Library/Developer/Xcode/DerivedData/FinancialCalculatorKit-ackorybalcxbfocbkqsfdzcfkgmn/Build/Intermediates.noindex/LaTeXSwiftUI.build/Debug/LaTeXSwiftUI.build/DerivedSources/arm64 -Xcc -I/Users/rogerlin/Library/Developer/Xcode/DerivedData/FinancialCalculatorKit-ackorybalcxbfocbkqsfdzcfkgmn/Build/Intermediates.noindex/LaTeXSwiftUI.build/Debug/LaTeXSwiftUI.build/DerivedSources -Xcc -DSWIFT_PACKAGE -Xcc -DDEBUG\=1 -no-auto-bridging-header-chaining -module-name LaTeXSwiftUI -frontend-parseable-output -disable-clang-spi -target-sdk-version 26.1 -target-sdk-name macosx26.1 -clang-target arm64-apple-macos26.1 -in-process-plugin-server-path /Applications/Xcode.app/Contents/Developer/Toolchains/XcodeDefault.xctoolchain/usr/lib/swift/host/libSwiftInProcPluginServer.dylib -o /Users/rogerlin/Library/Developer/Xcode/DerivedData/FinancialCalculatorKit-ackorybalcxbfocbkqsfdzcfkgmn/Build/Intermediates.noindex/LaTeXSwiftUI.build/Debug/LaTeXSwiftUI.build/Objects-normal/arm64/View+Extensions.o -o /Users/rogerlin/Library/Developer/Xcode/DerivedData/FinancialCalculatorKit-ackorybalcxbfocbkqsfdzcfkgmn/Build/Intermediates.noindex/LaTeXSwiftUI.build/Debug/LaTeXSwiftUI.build/Objects-normal/arm64/LaTeX.o -index-unit-output-path /LaTeXSwiftUI.build/Debug/LaTeXSwiftUI.build/Objects-normal/arm64/View+Extensions.o -index-unit-output-path /LaTeXSwiftUI.build/Debug/LaTeXSwiftUI.build/Objects-normal/arm64/LaTeX.o -index-store-path /Users/rogerlin/Library/Developer/Xcode/DerivedData/FinancialCalculatorKit-ackorybalcxbfocbkqsfdzcfkgmn/Index.noindex/DataStore -index-system-modules

SwiftCompile normal arm64 /Users/rogerlin/Library/Developer/Xcode/DerivedData/FinancialCalculatorKit-ackorybalcxbfocbkqsfdzcfkgmn/SourcePackages/checkouts/LaTeXSwiftUI/Sources/LaTeXSwiftUI/Extensions/View+Extensions.swift (in target 'LaTeXSwiftUI' from project 'LaTeXSwiftUI')
    cd /Users/rogerlin/XCode-Projects/FinancialCalculatorKit-5.0-updated-accent-colors/FinancialCalculatorKit.xcodeproj
    

SwiftCompile normal arm64 /Users/rogerlin/Library/Developer/Xcode/DerivedData/FinancialCalculatorKit-ackorybalcxbfocbkqsfdzcfkgmn/SourcePackages/checkouts/LaTeXSwiftUI/Sources/LaTeXSwiftUI/LaTeX.swift (in target 'LaTeXSwiftUI' from project 'LaTeXSwiftUI')
    cd /Users/rogerlin/XCode-Projects/FinancialCalculatorKit-5.0-updated-accent-colors/FinancialCalculatorKit.xcodeproj
    

SwiftDriverJobDiscovery normal arm64 Compiling TypeName.swift (in target 'CasePathsCore' from project 'swift-case-paths')

SwiftCompile normal arm64 Compiling\ ImageContainer.swift,\ Parser.swift /Users/rogerlin/Library/Developer/Xcode/DerivedData/FinancialCalculatorKit-ackorybalcxbfocbkqsfdzcfkgmn/SourcePackages/checkouts/LaTeXSwiftUI/Sources/LaTeXSwiftUI/Models/ImageContainer.swift /Users/rogerlin/Library/Developer/Xcode/DerivedData/FinancialCalculatorKit-ackorybalcxbfocbkqsfdzcfkgmn/SourcePackages/checkouts/LaTeXSwiftUI/Sources/LaTeXSwiftUI/Models/Parser.swift (in target 'LaTeXSwiftUI' from project 'LaTeXSwiftUI')
/Applications/Xcode.app/Contents/Developer/Toolchains/XcodeDefault.xctoolchain/usr/bin/swift-frontend -frontend -c /Users/rogerlin/Library/Developer/Xcode/DerivedData/FinancialCalculatorKit-ackorybalcxbfocbkqsfdzcfkgmn/SourcePackages/checkouts/LaTeXSwiftUI/Sources/LaTeXSwiftUI/Extensions/EnvironmentValues+Extensions.swift /Users/rogerlin/Library/Developer/Xcode/DerivedData/FinancialCalculatorKit-ackorybalcxbfocbkqsfdzcfkgmn/SourcePackages/checkouts/LaTeXSwiftUI/Sources/LaTeXSwiftUI/Extensions/Font+Extensions.swift /Users/rogerlin/Library/Developer/Xcode/DerivedData/FinancialCalculatorKit-ackorybalcxbfocbkqsfdzcfkgmn/SourcePackages/checkouts/LaTeXSwiftUI/Sources/LaTeXSwiftUI/Extensions/Image+Extensions.swift /Users/rogerlin/Library/Developer/Xcode/DerivedData/FinancialCalculatorKit-ackorybalcxbfocbkqsfdzcfkgmn/SourcePackages/checkouts/LaTeXSwiftUI/Sources/LaTeXSwiftUI/Extensions/MathJax+Extensions.swift /Users/rogerlin/Library/Developer/Xcode/DerivedData/FinancialCalculatorKit-ackorybalcxbfocbkqsfdzcfkgmn/SourcePackages/checkouts/LaTeXSwiftUI/Sources/LaTeXSwiftUI/Extensions/NSImage+Extensions.swift /Users/rogerlin/Library/Developer/Xcode/DerivedData/FinancialCalculatorKit-ackorybalcxbfocbkqsfdzcfkgmn/SourcePackages/checkouts/LaTeXSwiftUI/Sources/LaTeXSwiftUI/Extensions/Range+Extensions.swift /Users/rogerlin/Library/Developer/Xcode/DerivedData/FinancialCalculatorKit-ackorybalcxbfocbkqsfdzcfkgmn/SourcePackages/checkouts/LaTeXSwiftUI/Sources/LaTeXSwiftUI/Extensions/TeXInputProcessorOptions+Extensions.swift /Users/rogerlin/Library/Developer/Xcode/DerivedData/FinancialCalculatorKit-ackorybalcxbfocbkqsfdzcfkgmn/SourcePackages/checkouts/LaTeXSwiftUI/Sources/LaTeXSwiftUI/Extensions/View+Extensions.swift /Users/rogerlin/Library/Developer/Xcode/DerivedData/FinancialCalculatorKit-ackorybalcxbfocbkqsfdzcfkgmn/SourcePackages/checkouts/LaTeXSwiftUI/Sources/LaTeXSwiftUI/LaTeX.swift /Users/rogerlin/Library/Developer/Xcode/DerivedData/FinancialCalculatorKit-ackorybalcxbfocbkqsfdzcfkgmn/SourcePackages/checkouts/LaTeXSwiftUI/Sources/LaTeXSwiftUI/Models/Aliases.swift /Users/rogerlin/Library/Developer/Xcode/DerivedData/FinancialCalculatorKit-ackorybalcxbfocbkqsfdzcfkgmn/SourcePackages/checkouts/LaTeXSwiftUI/Sources/LaTeXSwiftUI/Models/Cache.swift /Users/rogerlin/Library/Developer/Xcode/DerivedData/FinancialCalculatorKit-ackorybalcxbfocbkqsfdzcfkgmn/SourcePackages/checkouts/LaTeXSwiftUI/Sources/LaTeXSwiftUI/Models/Component.swift /Users/rogerlin/Library/Developer/Xcode/DerivedData/FinancialCalculatorKit-ackorybalcxbfocbkqsfdzcfkgmn/SourcePackages/checkouts/LaTeXSwiftUI/Sources/LaTeXSwiftUI/Models/ComponentBlock.swift /Users/rogerlin/Library/Developer/Xcode/DerivedData/FinancialCalculatorKit-ackorybalcxbfocbkqsfdzcfkgmn/SourcePackages/checkouts/LaTeXSwiftUI/Sources/LaTeXSwiftUI/Models/HashableCGRect.swift /Users/rogerlin/Library/Developer/Xcode/DerivedData/FinancialCalculatorKit-ackorybalcxbfocbkqsfdzcfkgmn/SourcePackages/checkouts/LaTeXSwiftUI/Sources/LaTeXSwiftUI/Models/HashableCGSize.swift -primary-file /Users/rogerlin/Library/Developer/Xcode/DerivedData/FinancialCalculatorKit-ackorybalcxbfocbkqsfdzcfkgmn/SourcePackages/checkouts/LaTeXSwiftUI/Sources/LaTeXSwiftUI/Models/ImageContainer.swift -primary-file /Users/rogerlin/Library/Developer/Xcode/DerivedData/FinancialCalculatorKit-ackorybalcxbfocbkqsfdzcfkgmn/SourcePackages/checkouts/LaTeXSwiftUI/Sources/LaTeXSwiftUI/Models/Parser.swift /Users/rogerlin/Library/Developer/Xcode/DerivedData/FinancialCalculatorKit-ackorybalcxbfocbkqsfdzcfkgmn/SourcePackages/checkouts/LaTeXSwiftUI/Sources/LaTeXSwiftUI/Models/Renderer.swift /Users/rogerlin/Library/Developer/Xcode/DerivedData/FinancialCalculatorKit-ackorybalcxbfocbkqsfdzcfkgmn/SourcePackages/checkouts/LaTeXSwiftUI/Sources/LaTeXSwiftUI/Models/SVG.swift /Users/rogerlin/Library/Developer/Xcode/DerivedData/FinancialCalculatorKit-ackorybalcxbfocbkqsfdzcfkgmn/SourcePackages/checkouts/LaTeXSwiftUI/Sources/LaTeXSwiftUI/Models/SVGGeometry.swift /Users/rogerlin/Library/Developer/Xcode/DerivedData/FinancialCalculatorKit-ackorybalcxbfocbkqsfdzcfkgmn/SourcePackages/checkouts/LaTeXSwiftUI/Sources/LaTeXSwiftUI/Previews/LaTeX_Previews+Color.swift /Users/rogerlin/Library/Developer/Xcode/DerivedData/FinancialCalculatorKit-ackorybalcxbfocbkqsfdzcfkgmn/SourcePackages/checkouts/LaTeXSwiftUI/Sources/LaTeXSwiftUI/Previews/LaTeX_Previews+Fonts.swift /Users/rogerlin/Library/Developer/Xcode/DerivedData/FinancialCalculatorKit-ackorybalcxbfocbkqsfdzcfkgmn/SourcePackages/checkouts/LaTeXSwiftUI/Sources/LaTeXSwiftUI/Previews/LaTeX_Previews+Modes.swift /Users/rogerlin/Library/Developer/Xcode/DerivedData/FinancialCalculatorKit-ackorybalcxbfocbkqsfdzcfkgmn/SourcePackages/checkouts/LaTeXSwiftUI/Sources/LaTeXSwiftUI/Previews/LaTeX_Previews+Numbers.swift /Users/rogerlin/Library/Developer/Xcode/DerivedData/FinancialCalculatorKit-ackorybalcxbfocbkqsfdzcfkgmn/SourcePackages/checkouts/LaTeXSwiftUI/Sources/LaTeXSwiftUI/Previews/LaTeX_Previews+Special.swift /Users/rogerlin/Library/Developer/Xcode/DerivedData/FinancialCalculatorKit-ackorybalcxbfocbkqsfdzcfkgmn/SourcePackages/checkouts/LaTeXSwiftUI/Sources/LaTeXSwiftUI/Previews/LaTeX_Previews+Styles.swift /Users/rogerlin/Library/Developer/Xcode/DerivedData/FinancialCalculatorKit-ackorybalcxbfocbkqsfdzcfkgmn/SourcePackages/checkouts/LaTeXSwiftUI/Sources/LaTeXSwiftUI/Styles/DefaultLaTeXStyle.swift /Users/rogerlin/Library/Developer/Xcode/DerivedData/FinancialCalculatorKit-ackorybalcxbfocbkqsfdzcfkgmn/SourcePackages/checkouts/LaTeXSwiftUI/Sources/LaTeXSwiftUI/Styles/LaTeXStyle.swift /Users/rogerlin/Library/Developer/Xcode/DerivedData/FinancialCalculatorKit-ackorybalcxbfocbkqsfdzcfkgmn/SourcePackages/checkouts/LaTeXSwiftUI/Sources/LaTeXSwiftUI/Styles/StandardLaTeXStyle.swift /Users/rogerlin/Library/Developer/Xcode/DerivedData/FinancialCalculatorKit-ackorybalcxbfocbkqsfdzcfkgmn/SourcePackages/checkouts/LaTeXSwiftUI/Sources/LaTeXSwiftUI/Views/ComponentBlocksText.swift /Users/rogerlin/Library/Developer/Xcode/DerivedData/FinancialCalculatorKit-ackorybalcxbfocbkqsfdzcfkgmn/SourcePackages/checkouts/LaTeXSwiftUI/Sources/LaTeXSwiftUI/Views/ComponentBlocksViews.swift /Users/rogerlin/Library/Developer/Xcode/DerivedData/FinancialCalculatorKit-ackorybalcxbfocbkqsfdzcfkgmn/SourcePackages/checkouts/LaTeXSwiftUI/Sources/LaTeXSwiftUI/Views/EquationNumber.swift /Users/rogerlin/Library/Developer/Xcode/DerivedData/FinancialCalculatorKit-ackorybalcxbfocbkqsfdzcfkgmn/SourcePackages/checkouts/LaTeXSwiftUI/Sources/LaTeXSwiftUI/Views/HorizontalImageScroller.swift -emit-dependencies-path /Users/rogerlin/Library/Developer/Xcode/DerivedData/FinancialCalculatorKit-ackorybalcxbfocbkqsfdzcfkgmn/Build/Intermediates.noindex/LaTeXSwiftUI.build/Debug/LaTeXSwiftUI.build/Objects-normal/arm64/ImageContainer.d -emit-const-values-path /Users/rogerlin/Library/Developer/Xcode/DerivedData/FinancialCalculatorKit-ackorybalcxbfocbkqsfdzcfkgmn/Build/Intermediates.noindex/LaTeXSwiftUI.build/Debug/LaTeXSwiftUI.build/Objects-normal/arm64/ImageContainer.swiftconstvalues -emit-reference-dependencies-path /Users/rogerlin/Library/Developer/Xcode/DerivedData/FinancialCalculatorKit-ackorybalcxbfocbkqsfdzcfkgmn/Build/Intermediates.noindex/LaTeXSwiftUI.build/Debug/LaTeXSwiftUI.build/Objects-normal/arm64/ImageContainer.swiftdeps -serialize-diagnostics-path /Users/rogerlin/Library/Developer/Xcode/DerivedData/FinancialCalculatorKit-ackorybalcxbfocbkqsfdzcfkgmn/Build/Intermediates.noindex/LaTeXSwiftUI.build/Debug/LaTeXSwiftUI.build/Objects-normal/arm64/ImageContainer.dia -emit-dependencies-path /Users/rogerlin/Library/Developer/Xcode/DerivedData/FinancialCalculatorKit-ackorybalcxbfocbkqsfdzcfkgmn/Build/Intermediates.noindex/LaTeXSwiftUI.build/Debug/LaTeXSwiftUI.build/Objects-normal/arm64/Parser.d -emit-const-values-path /Users/rogerlin/Library/Developer/Xcode/DerivedData/FinancialCalculatorKit-ackorybalcxbfocbkqsfdzcfkgmn/Build/Intermediates.noindex/LaTeXSwiftUI.build/Debug/LaTeXSwiftUI.build/Objects-normal/arm64/Parser.swiftconstvalues -emit-reference-dependencies-path /Users/rogerlin/Library/Developer/Xcode/DerivedData/FinancialCalculatorKit-ackorybalcxbfocbkqsfdzcfkgmn/Build/Intermediates.noindex/LaTeXSwiftUI.build/Debug/LaTeXSwiftUI.build/Objects-normal/arm64/Parser.swiftdeps -serialize-diagnostics-path /Users/rogerlin/Library/Developer/Xcode/DerivedData/FinancialCalculatorKit-ackorybalcxbfocbkqsfdzcfkgmn/Build/Intermediates.noindex/LaTeXSwiftUI.build/Debug/LaTeXSwiftUI.build/Objects-normal/arm64/Parser.dia -target arm64-apple-macos12.0 -load-resolved-plugin /Applications/Xcode.app/Contents/Developer/Platforms/MacOSX.platform/Developer/usr/lib/swift/host/plugins/libFoundationMacros.dylib\#/Applications/Xcode.app/Contents/Developer/Platforms/MacOSX.platform/Developer/usr/bin/swift-plugin-server\#FoundationMacros -load-resolved-plugin /Applications/Xcode.app/Contents/Developer/Platforms/MacOSX.platform/Developer/usr/lib/swift/host/plugins/libObservationMacros.dylib\#/Applications/Xcode.app/Contents/Developer/Platforms/MacOSX.platform/Developer/usr/bin/swift-plugin-server\#ObservationMacros -load-resolved-plugin /Applications/Xcode.app/Contents/Developer/Platforms/MacOSX.platform/Developer/usr/lib/swift/host/plugins/libPreviewsMacros.dylib\#/Applications/Xcode.app/Contents/Developer/Platforms/MacOSX.platform/Developer/usr/bin/swift-plugin-server\#PreviewsMacros -load-resolved-plugin /Applications/Xcode.app/Contents/Developer/Platforms/MacOSX.platform/Developer/usr/lib/swift/host/plugins/libSwiftMacros.dylib\#/Applications/Xcode.app/Contents/Developer/Platforms/MacOSX.platform/Developer/usr/bin/swift-plugin-server\#SwiftMacros -load-resolved-plugin /Applications/Xcode.app/Contents/Developer/Platforms/MacOSX.platform/Developer/usr/lib/swift/host/plugins/libSwiftUIMacros.dylib\#/Applications/Xcode.app/Contents/Developer/Platforms/MacOSX.platform/Developer/usr/bin/swift-plugin-server\#SwiftUIMacros -disable-implicit-swift-modules -Xcc -fno-implicit-modules -Xcc -fno-implicit-module-maps -explicit-swift-module-map-file /Users/rogerlin/Library/Developer/Xcode/DerivedData/FinancialCalculatorKit-ackorybalcxbfocbkqsfdzcfkgmn/Build/Intermediates.noindex/LaTeXSwiftUI.build/Debug/LaTeXSwiftUI.build/Objects-normal/arm64/LaTeXSwiftUI-dependencies-1.json -Xllvm -aarch64-use-tbi -enable-objc-interop -stack-check -sdk /Applications/Xcode.app/Contents/Developer/Platforms/MacOSX.platform/Developer/SDKs/MacOSX26.1.sdk -I /Users/rogerlin/Library/Developer/Xcode/DerivedData/FinancialCalculatorKit-ackorybalcxbfocbkqsfdzcfkgmn/Build/Products/Debug -Isystem /Applications/Xcode.app/Contents/Developer/Platforms/MacOSX.platform/Developer/usr/lib -F /Users/rogerlin/Library/Developer/Xcode/DerivedData/FinancialCalculatorKit-ackorybalcxbfocbkqsfdzcfkgmn/Build/Products/Debug/PackageFrameworks -F /Users/rogerlin/Library/Developer/Xcode/DerivedData/FinancialCalculatorKit-ackorybalcxbfocbkqsfdzcfkgmn/Build/Products/Debug/PackageFrameworks -F /Users/rogerlin/Library/Developer/Xcode/DerivedData/FinancialCalculatorKit-ackorybalcxbfocbkqsfdzcfkgmn/Build/Products/Debug/PackageFrameworks -F /Users/rogerlin/Library/Developer/Xcode/DerivedData/FinancialCalculatorKit-ackorybalcxbfocbkqsfdzcfkgmn/Build/Products/Debug/PackageFrameworks -F /Users/rogerlin/Library/Developer/Xcode/DerivedData/FinancialCalculatorKit-ackorybalcxbfocbkqsfdzcfkgmn/Build/Products/Debug -F /Applications/Xcode.app/Contents/Developer/Platforms/MacOSX.platform/Developer/Library/Frameworks -no-color-diagnostics -Xcc -fno-color-diagnostics -enable-testing -g -debug-info-format\=dwarf -dwarf-version\=4 -module-cache-path /Users/rogerlin/Library/Developer/Xcode/DerivedData/FinancialCalculatorKit-ackorybalcxbfocbkqsfdzcfkgmn/Build/Intermediates.noindex/SwiftExplicitPrecompiledModules -suppress-warnings -profile-generate -profile-coverage-mapping -swift-version 5 -enforce-exclusivity\=checked -Onone -D SWIFT_PACKAGE -D DEBUG -D SWIFT_MODULE_RESOURCE_BUNDLE_UNAVAILABLE -D Xcode -serialize-debugging-options -const-gather-protocols-file /Users/rogerlin/Library/Developer/Xcode/DerivedData/FinancialCalculatorKit-ackorybalcxbfocbkqsfdzcfkgmn/Build/Intermediates.noindex/LaTeXSwiftUI.build/Debug/LaTeXSwiftUI.build/Objects-normal/arm64/LaTeXSwiftUI_const_extract_protocols.json -enable-experimental-feature DebugDescriptionMacro -empty-abi-descriptor -validate-clang-modules-once -clang-build-session-file /Users/rogerlin/Library/Developer/Xcode/DerivedData/ModuleCache.noindex/Session.modulevalidation -Xcc -working-directory -Xcc /Users/rogerlin/XCode-Projects/FinancialCalculatorKit-5.0-updated-accent-colors/FinancialCalculatorKit.xcodeproj -enable-anonymous-context-mangled-names -file-compilation-dir /Users/rogerlin/XCode-Projects/FinancialCalculatorKit-5.0-updated-accent-colors/FinancialCalculatorKit.xcodeproj -Xcc -D_LIBCPP_HARDENING_MODE\=_LIBCPP_HARDENING_MODE_DEBUG -Xcc -ivfsstatcache -Xcc /Users/rogerlin/Library/Developer/Xcode/DerivedData/SDKStatCaches.noindex/macosx26.1-25B74-3ae1261907bdadc328169391a47051a6.sdkstatcache -Xcc -I/Users/rogerlin/Library/Developer/Xcode/DerivedData/FinancialCalculatorKit-ackorybalcxbfocbkqsfdzcfkgmn/Build/Intermediates.noindex/LaTeXSwiftUI.build/Debug/LaTeXSwiftUI.build/swift-overrides.hmap -Xcc -I/Users/rogerlin/Library/Developer/Xcode/DerivedData/FinancialCalculatorKit-ackorybalcxbfocbkqsfdzcfkgmn/Build/Products/Debug/include -Xcc -I/Users/rogerlin/Library/Developer/Xcode/DerivedData/FinancialCalculatorKit-ackorybalcxbfocbkqsfdzcfkgmn/Build/Intermediates.noindex/LaTeXSwiftUI.build/Debug/LaTeXSwiftUI.build/DerivedSources-normal/arm64 -Xcc -I/Users/rogerlin/Library/Developer/Xcode/DerivedData/FinancialCalculatorKit-ackorybalcxbfocbkqsfdzcfkgmn/Build/Intermediates.noindex/LaTeXSwiftUI.build/Debug/LaTeXSwiftUI.build/DerivedSources/arm64 -Xcc -I/Users/rogerlin/Library/Developer/Xcode/DerivedData/FinancialCalculatorKit-ackorybalcxbfocbkqsfdzcfkgmn/Build/Intermediates.noindex/LaTeXSwiftUI.build/Debug/LaTeXSwiftUI.build/DerivedSources -Xcc -DSWIFT_PACKAGE -Xcc -DDEBUG\=1 -no-auto-bridging-header-chaining -module-name LaTeXSwiftUI -frontend-parseable-output -disable-clang-spi -target-sdk-version 26.1 -target-sdk-name macosx26.1 -clang-target arm64-apple-macos26.1 -in-process-plugin-server-path /Applications/Xcode.app/Contents/Developer/Toolchains/XcodeDefault.xctoolchain/usr/lib/swift/host/libSwiftInProcPluginServer.dylib -o /Users/rogerlin/Library/Developer/Xcode/DerivedData/FinancialCalculatorKit-ackorybalcxbfocbkqsfdzcfkgmn/Build/Intermediates.noindex/LaTeXSwiftUI.build/Debug/LaTeXSwiftUI.build/Objects-normal/arm64/ImageContainer.o -o /Users/rogerlin/Library/Developer/Xcode/DerivedData/FinancialCalculatorKit-ackorybalcxbfocbkqsfdzcfkgmn/Build/Intermediates.noindex/LaTeXSwiftUI.build/Debug/LaTeXSwiftUI.build/Objects-normal/arm64/Parser.o -index-unit-output-path /LaTeXSwiftUI.build/Debug/LaTeXSwiftUI.build/Objects-normal/arm64/ImageContainer.o -index-unit-output-path /LaTeXSwiftUI.build/Debug/LaTeXSwiftUI.build/Objects-normal/arm64/Parser.o -index-store-path /Users/rogerlin/Library/Developer/Xcode/DerivedData/FinancialCalculatorKit-ackorybalcxbfocbkqsfdzcfkgmn/Index.noindex/DataStore -index-system-modules

SwiftCompile normal arm64 /Users/rogerlin/Library/Developer/Xcode/DerivedData/FinancialCalculatorKit-ackorybalcxbfocbkqsfdzcfkgmn/SourcePackages/checkouts/LaTeXSwiftUI/Sources/LaTeXSwiftUI/Models/ImageContainer.swift (in target 'LaTeXSwiftUI' from project 'LaTeXSwiftUI')
    cd /Users/rogerlin/XCode-Projects/FinancialCalculatorKit-5.0-updated-accent-colors/FinancialCalculatorKit.xcodeproj
    

SwiftCompile normal arm64 /Users/rogerlin/Library/Developer/Xcode/DerivedData/FinancialCalculatorKit-ackorybalcxbfocbkqsfdzcfkgmn/SourcePackages/checkouts/LaTeXSwiftUI/Sources/LaTeXSwiftUI/Models/Parser.swift (in target 'LaTeXSwiftUI' from project 'LaTeXSwiftUI')
    cd /Users/rogerlin/XCode-Projects/FinancialCalculatorKit-5.0-updated-accent-colors/FinancialCalculatorKit.xcodeproj
    

SwiftDriverJobDiscovery normal arm64 Compiling BigDecimal.swift, CBDecimal.swift (in target 'BigDecimal' from project 'BigDecimal')

SwiftCompile normal arm64 Compiling\ LaTeX_Previews+Styles.swift,\ DefaultLaTeXStyle.swift /Users/rogerlin/Library/Developer/Xcode/DerivedData/FinancialCalculatorKit-ackorybalcxbfocbkqsfdzcfkgmn/SourcePackages/checkouts/LaTeXSwiftUI/Sources/LaTeXSwiftUI/Previews/LaTeX_Previews+Styles.swift /Users/rogerlin/Library/Developer/Xcode/DerivedData/FinancialCalculatorKit-ackorybalcxbfocbkqsfdzcfkgmn/SourcePackages/checkouts/LaTeXSwiftUI/Sources/LaTeXSwiftUI/Styles/DefaultLaTeXStyle.swift (in target 'LaTeXSwiftUI' from project 'LaTeXSwiftUI')
/Applications/Xcode.app/Contents/Developer/Toolchains/XcodeDefault.xctoolchain/usr/bin/swift-frontend -frontend -c /Users/rogerlin/Library/Developer/Xcode/DerivedData/FinancialCalculatorKit-ackorybalcxbfocbkqsfdzcfkgmn/SourcePackages/checkouts/LaTeXSwiftUI/Sources/LaTeXSwiftUI/Extensions/EnvironmentValues+Extensions.swift /Users/rogerlin/Library/Developer/Xcode/DerivedData/FinancialCalculatorKit-ackorybalcxbfocbkqsfdzcfkgmn/SourcePackages/checkouts/LaTeXSwiftUI/Sources/LaTeXSwiftUI/Extensions/Font+Extensions.swift /Users/rogerlin/Library/Developer/Xcode/DerivedData/FinancialCalculatorKit-ackorybalcxbfocbkqsfdzcfkgmn/SourcePackages/checkouts/LaTeXSwiftUI/Sources/LaTeXSwiftUI/Extensions/Image+Extensions.swift /Users/rogerlin/Library/Developer/Xcode/DerivedData/FinancialCalculatorKit-ackorybalcxbfocbkqsfdzcfkgmn/SourcePackages/checkouts/LaTeXSwiftUI/Sources/LaTeXSwiftUI/Extensions/MathJax+Extensions.swift /Users/rogerlin/Library/Developer/Xcode/DerivedData/FinancialCalculatorKit-ackorybalcxbfocbkqsfdzcfkgmn/SourcePackages/checkouts/LaTeXSwiftUI/Sources/LaTeXSwiftUI/Extensions/NSImage+Extensions.swift /Users/rogerlin/Library/Developer/Xcode/DerivedData/FinancialCalculatorKit-ackorybalcxbfocbkqsfdzcfkgmn/SourcePackages/checkouts/LaTeXSwiftUI/Sources/LaTeXSwiftUI/Extensions/Range+Extensions.swift /Users/rogerlin/Library/Developer/Xcode/DerivedData/FinancialCalculatorKit-ackorybalcxbfocbkqsfdzcfkgmn/SourcePackages/checkouts/LaTeXSwiftUI/Sources/LaTeXSwiftUI/Extensions/TeXInputProcessorOptions+Extensions.swift /Users/rogerlin/Library/Developer/Xcode/DerivedData/FinancialCalculatorKit-ackorybalcxbfocbkqsfdzcfkgmn/SourcePackages/checkouts/LaTeXSwiftUI/Sources/LaTeXSwiftUI/Extensions/View+Extensions.swift /Users/rogerlin/Library/Developer/Xcode/DerivedData/FinancialCalculatorKit-ackorybalcxbfocbkqsfdzcfkgmn/SourcePackages/checkouts/LaTeXSwiftUI/Sources/LaTeXSwiftUI/LaTeX.swift /Users/rogerlin/Library/Developer/Xcode/DerivedData/FinancialCalculatorKit-ackorybalcxbfocbkqsfdzcfkgmn/SourcePackages/checkouts/LaTeXSwiftUI/Sources/LaTeXSwiftUI/Models/Aliases.swift /Users/rogerlin/Library/Developer/Xcode/DerivedData/FinancialCalculatorKit-ackorybalcxbfocbkqsfdzcfkgmn/SourcePackages/checkouts/LaTeXSwiftUI/Sources/LaTeXSwiftUI/Models/Cache.swift /Users/rogerlin/Library/Developer/Xcode/DerivedData/FinancialCalculatorKit-ackorybalcxbfocbkqsfdzcfkgmn/SourcePackages/checkouts/LaTeXSwiftUI/Sources/LaTeXSwiftUI/Models/Component.swift /Users/rogerlin/Library/Developer/Xcode/DerivedData/FinancialCalculatorKit-ackorybalcxbfocbkqsfdzcfkgmn/SourcePackages/checkouts/LaTeXSwiftUI/Sources/LaTeXSwiftUI/Models/ComponentBlock.swift /Users/rogerlin/Library/Developer/Xcode/DerivedData/FinancialCalculatorKit-ackorybalcxbfocbkqsfdzcfkgmn/SourcePackages/checkouts/LaTeXSwiftUI/Sources/LaTeXSwiftUI/Models/HashableCGRect.swift /Users/rogerlin/Library/Developer/Xcode/DerivedData/FinancialCalculatorKit-ackorybalcxbfocbkqsfdzcfkgmn/SourcePackages/checkouts/LaTeXSwiftUI/Sources/LaTeXSwiftUI/Models/HashableCGSize.swift /Users/rogerlin/Library/Developer/Xcode/DerivedData/FinancialCalculatorKit-ackorybalcxbfocbkqsfdzcfkgmn/SourcePackages/checkouts/LaTeXSwiftUI/Sources/LaTeXSwiftUI/Models/ImageContainer.swift /Users/rogerlin/Library/Developer/Xcode/DerivedData/FinancialCalculatorKit-ackorybalcxbfocbkqsfdzcfkgmn/SourcePackages/checkouts/LaTeXSwiftUI/Sources/LaTeXSwiftUI/Models/Parser.swift /Users/rogerlin/Library/Developer/Xcode/DerivedData/FinancialCalculatorKit-ackorybalcxbfocbkqsfdzcfkgmn/SourcePackages/checkouts/LaTeXSwiftUI/Sources/LaTeXSwiftUI/Models/Renderer.swift /Users/rogerlin/Library/Developer/Xcode/DerivedData/FinancialCalculatorKit-ackorybalcxbfocbkqsfdzcfkgmn/SourcePackages/checkouts/LaTeXSwiftUI/Sources/LaTeXSwiftUI/Models/SVG.swift /Users/rogerlin/Library/Developer/Xcode/DerivedData/FinancialCalculatorKit-ackorybalcxbfocbkqsfdzcfkgmn/SourcePackages/checkouts/LaTeXSwiftUI/Sources/LaTeXSwiftUI/Models/SVGGeometry.swift /Users/rogerlin/Library/Developer/Xcode/DerivedData/FinancialCalculatorKit-ackorybalcxbfocbkqsfdzcfkgmn/SourcePackages/checkouts/LaTeXSwiftUI/Sources/LaTeXSwiftUI/Previews/LaTeX_Previews+Color.swift /Users/rogerlin/Library/Developer/Xcode/DerivedData/FinancialCalculatorKit-ackorybalcxbfocbkqsfdzcfkgmn/SourcePackages/checkouts/LaTeXSwiftUI/Sources/LaTeXSwiftUI/Previews/LaTeX_Previews+Fonts.swift /Users/rogerlin/Library/Developer/Xcode/DerivedData/FinancialCalculatorKit-ackorybalcxbfocbkqsfdzcfkgmn/SourcePackages/checkouts/LaTeXSwiftUI/Sources/LaTeXSwiftUI/Previews/LaTeX_Previews+Modes.swift /Users/rogerlin/Library/Developer/Xcode/DerivedData/FinancialCalculatorKit-ackorybalcxbfocbkqsfdzcfkgmn/SourcePackages/checkouts/LaTeXSwiftUI/Sources/LaTeXSwiftUI/Previews/LaTeX_Previews+Numbers.swift /Users/rogerlin/Library/Developer/Xcode/DerivedData/FinancialCalculatorKit-ackorybalcxbfocbkqsfdzcfkgmn/SourcePackages/checkouts/LaTeXSwiftUI/Sources/LaTeXSwiftUI/Previews/LaTeX_Previews+Special.swift -primary-file /Users/rogerlin/Library/Developer/Xcode/DerivedData/FinancialCalculatorKit-ackorybalcxbfocbkqsfdzcfkgmn/SourcePackages/checkouts/LaTeXSwiftUI/Sources/LaTeXSwiftUI/Previews/LaTeX_Previews+Styles.swift -primary-file /Users/rogerlin/Library/Developer/Xcode/DerivedData/FinancialCalculatorKit-ackorybalcxbfocbkqsfdzcfkgmn/SourcePackages/checkouts/LaTeXSwiftUI/Sources/LaTeXSwiftUI/Styles/DefaultLaTeXStyle.swift /Users/rogerlin/Library/Developer/Xcode/DerivedData/FinancialCalculatorKit-ackorybalcxbfocbkqsfdzcfkgmn/SourcePackages/checkouts/LaTeXSwiftUI/Sources/LaTeXSwiftUI/Styles/LaTeXStyle.swift /Users/rogerlin/Library/Developer/Xcode/DerivedData/FinancialCalculatorKit-ackorybalcxbfocbkqsfdzcfkgmn/SourcePackages/checkouts/LaTeXSwiftUI/Sources/LaTeXSwiftUI/Styles/StandardLaTeXStyle.swift /Users/rogerlin/Library/Developer/Xcode/DerivedData/FinancialCalculatorKit-ackorybalcxbfocbkqsfdzcfkgmn/SourcePackages/checkouts/LaTeXSwiftUI/Sources/LaTeXSwiftUI/Views/ComponentBlocksText.swift /Users/rogerlin/Library/Developer/Xcode/DerivedData/FinancialCalculatorKit-ackorybalcxbfocbkqsfdzcfkgmn/SourcePackages/checkouts/LaTeXSwiftUI/Sources/LaTeXSwiftUI/Views/ComponentBlocksViews.swift /Users/rogerlin/Library/Developer/Xcode/DerivedData/FinancialCalculatorKit-ackorybalcxbfocbkqsfdzcfkgmn/SourcePackages/checkouts/LaTeXSwiftUI/Sources/LaTeXSwiftUI/Views/EquationNumber.swift /Users/rogerlin/Library/Developer/Xcode/DerivedData/FinancialCalculatorKit-ackorybalcxbfocbkqsfdzcfkgmn/SourcePackages/checkouts/LaTeXSwiftUI/Sources/LaTeXSwiftUI/Views/HorizontalImageScroller.swift -emit-dependencies-path /Users/rogerlin/Library/Developer/Xcode/DerivedData/FinancialCalculatorKit-ackorybalcxbfocbkqsfdzcfkgmn/Build/Intermediates.noindex/LaTeXSwiftUI.build/Debug/LaTeXSwiftUI.build/Objects-normal/arm64/LaTeX_Previews+Styles.d -emit-const-values-path /Users/rogerlin/Library/Developer/Xcode/DerivedData/FinancialCalculatorKit-ackorybalcxbfocbkqsfdzcfkgmn/Build/Intermediates.noindex/LaTeXSwiftUI.build/Debug/LaTeXSwiftUI.build/Objects-normal/arm64/LaTeX_Previews+Styles.swiftconstvalues -emit-reference-dependencies-path /Users/rogerlin/Library/Developer/Xcode/DerivedData/FinancialCalculatorKit-ackorybalcxbfocbkqsfdzcfkgmn/Build/Intermediates.noindex/LaTeXSwiftUI.build/Debug/LaTeXSwiftUI.build/Objects-normal/arm64/LaTeX_Previews+Styles.swiftdeps -serialize-diagnostics-path /Users/rogerlin/Library/Developer/Xcode/DerivedData/FinancialCalculatorKit-ackorybalcxbfocbkqsfdzcfkgmn/Build/Intermediates.noindex/LaTeXSwiftUI.build/Debug/LaTeXSwiftUI.build/Objects-normal/arm64/LaTeX_Previews+Styles.dia -emit-dependencies-path /Users/rogerlin/Library/Developer/Xcode/DerivedData/FinancialCalculatorKit-ackorybalcxbfocbkqsfdzcfkgmn/Build/Intermediates.noindex/LaTeXSwiftUI.build/Debug/LaTeXSwiftUI.build/Objects-normal/arm64/DefaultLaTeXStyle.d -emit-const-values-path /Users/rogerlin/Library/Developer/Xcode/DerivedData/FinancialCalculatorKit-ackorybalcxbfocbkqsfdzcfkgmn/Build/Intermediates.noindex/LaTeXSwiftUI.build/Debug/LaTeXSwiftUI.build/Objects-normal/arm64/DefaultLaTeXStyle.swiftconstvalues -emit-reference-dependencies-path /Users/rogerlin/Library/Developer/Xcode/DerivedData/FinancialCalculatorKit-ackorybalcxbfocbkqsfdzcfkgmn/Build/Intermediates.noindex/LaTeXSwiftUI.build/Debug/LaTeXSwiftUI.build/Objects-normal/arm64/DefaultLaTeXStyle.swiftdeps -serialize-diagnostics-path /Users/rogerlin/Library/Developer/Xcode/DerivedData/FinancialCalculatorKit-ackorybalcxbfocbkqsfdzcfkgmn/Build/Intermediates.noindex/LaTeXSwiftUI.build/Debug/LaTeXSwiftUI.build/Objects-normal/arm64/DefaultLaTeXStyle.dia -target arm64-apple-macos12.0 -load-resolved-plugin /Applications/Xcode.app/Contents/Developer/Platforms/MacOSX.platform/Developer/usr/lib/swift/host/plugins/libFoundationMacros.dylib\#/Applications/Xcode.app/Contents/Developer/Platforms/MacOSX.platform/Developer/usr/bin/swift-plugin-server\#FoundationMacros -load-resolved-plugin /Applications/Xcode.app/Contents/Developer/Platforms/MacOSX.platform/Developer/usr/lib/swift/host/plugins/libObservationMacros.dylib\#/Applications/Xcode.app/Contents/Developer/Platforms/MacOSX.platform/Developer/usr/bin/swift-plugin-server\#ObservationMacros -load-resolved-plugin /Applications/Xcode.app/Contents/Developer/Platforms/MacOSX.platform/Developer/usr/lib/swift/host/plugins/libPreviewsMacros.dylib\#/Applications/Xcode.app/Contents/Developer/Platforms/MacOSX.platform/Developer/usr/bin/swift-plugin-server\#PreviewsMacros -load-resolved-plugin /Applications/Xcode.app/Contents/Developer/Platforms/MacOSX.platform/Developer/usr/lib/swift/host/plugins/libSwiftMacros.dylib\#/Applications/Xcode.app/Contents/Developer/Platforms/MacOSX.platform/Developer/usr/bin/swift-plugin-server\#SwiftMacros -load-resolved-plugin /Applications/Xcode.app/Contents/Developer/Platforms/MacOSX.platform/Developer/usr/lib/swift/host/plugins/libSwiftUIMacros.dylib\#/Applications/Xcode.app/Contents/Developer/Platforms/MacOSX.platform/Developer/usr/bin/swift-plugin-server\#SwiftUIMacros -disable-implicit-swift-modules -Xcc -fno-implicit-modules -Xcc -fno-implicit-module-maps -explicit-swift-module-map-file /Users/rogerlin/Library/Developer/Xcode/DerivedData/FinancialCalculatorKit-ackorybalcxbfocbkqsfdzcfkgmn/Build/Intermediates.noindex/LaTeXSwiftUI.build/Debug/LaTeXSwiftUI.build/Objects-normal/arm64/LaTeXSwiftUI-dependencies-1.json -Xllvm -aarch64-use-tbi -enable-objc-interop -stack-check -sdk /Applications/Xcode.app/Contents/Developer/Platforms/MacOSX.platform/Developer/SDKs/MacOSX26.1.sdk -I /Users/rogerlin/Library/Developer/Xcode/DerivedData/FinancialCalculatorKit-ackorybalcxbfocbkqsfdzcfkgmn/Build/Products/Debug -Isystem /Applications/Xcode.app/Contents/Developer/Platforms/MacOSX.platform/Developer/usr/lib -F /Users/rogerlin/Library/Developer/Xcode/DerivedData/FinancialCalculatorKit-ackorybalcxbfocbkqsfdzcfkgmn/Build/Products/Debug/PackageFrameworks -F /Users/rogerlin/Library/Developer/Xcode/DerivedData/FinancialCalculatorKit-ackorybalcxbfocbkqsfdzcfkgmn/Build/Products/Debug/PackageFrameworks -F /Users/rogerlin/Library/Developer/Xcode/DerivedData/FinancialCalculatorKit-ackorybalcxbfocbkqsfdzcfkgmn/Build/Products/Debug/PackageFrameworks -F /Users/rogerlin/Library/Developer/Xcode/DerivedData/FinancialCalculatorKit-ackorybalcxbfocbkqsfdzcfkgmn/Build/Products/Debug/PackageFrameworks -F /Users/rogerlin/Library/Developer/Xcode/DerivedData/FinancialCalculatorKit-ackorybalcxbfocbkqsfdzcfkgmn/Build/Products/Debug -F /Applications/Xcode.app/Contents/Developer/Platforms/MacOSX.platform/Developer/Library/Frameworks -no-color-diagnostics -Xcc -fno-color-diagnostics -enable-testing -g -debug-info-format\=dwarf -dwarf-version\=4 -module-cache-path /Users/rogerlin/Library/Developer/Xcode/DerivedData/FinancialCalculatorKit-ackorybalcxbfocbkqsfdzcfkgmn/Build/Intermediates.noindex/SwiftExplicitPrecompiledModules -suppress-warnings -profile-generate -profile-coverage-mapping -swift-version 5 -enforce-exclusivity\=checked -Onone -D SWIFT_PACKAGE -D DEBUG -D SWIFT_MODULE_RESOURCE_BUNDLE_UNAVAILABLE -D Xcode -serialize-debugging-options -const-gather-protocols-file /Users/rogerlin/Library/Developer/Xcode/DerivedData/FinancialCalculatorKit-ackorybalcxbfocbkqsfdzcfkgmn/Build/Intermediates.noindex/LaTeXSwiftUI.build/Debug/LaTeXSwiftUI.build/Objects-normal/arm64/LaTeXSwiftUI_const_extract_protocols.json -enable-experimental-feature DebugDescriptionMacro -empty-abi-descriptor -validate-clang-modules-once -clang-build-session-file /Users/rogerlin/Library/Developer/Xcode/DerivedData/ModuleCache.noindex/Session.modulevalidation -Xcc -working-directory -Xcc /Users/rogerlin/XCode-Projects/FinancialCalculatorKit-5.0-updated-accent-colors/FinancialCalculatorKit.xcodeproj -enable-anonymous-context-mangled-names -file-compilation-dir /Users/rogerlin/XCode-Projects/FinancialCalculatorKit-5.0-updated-accent-colors/FinancialCalculatorKit.xcodeproj -Xcc -D_LIBCPP_HARDENING_MODE\=_LIBCPP_HARDENING_MODE_DEBUG -Xcc -ivfsstatcache -Xcc /Users/rogerlin/Library/Developer/Xcode/DerivedData/SDKStatCaches.noindex/macosx26.1-25B74-3ae1261907bdadc328169391a47051a6.sdkstatcache -Xcc -I/Users/rogerlin/Library/Developer/Xcode/DerivedData/FinancialCalculatorKit-ackorybalcxbfocbkqsfdzcfkgmn/Build/Intermediates.noindex/LaTeXSwiftUI.build/Debug/LaTeXSwiftUI.build/swift-overrides.hmap -Xcc -I/Users/rogerlin/Library/Developer/Xcode/DerivedData/FinancialCalculatorKit-ackorybalcxbfocbkqsfdzcfkgmn/Build/Products/Debug/include -Xcc -I/Users/rogerlin/Library/Developer/Xcode/DerivedData/FinancialCalculatorKit-ackorybalcxbfocbkqsfdzcfkgmn/Build/Intermediates.noindex/LaTeXSwiftUI.build/Debug/LaTeXSwiftUI.build/DerivedSources-normal/arm64 -Xcc -I/Users/rogerlin/Library/Developer/Xcode/DerivedData/FinancialCalculatorKit-ackorybalcxbfocbkqsfdzcfkgmn/Build/Intermediates.noindex/LaTeXSwiftUI.build/Debug/LaTeXSwiftUI.build/DerivedSources/arm64 -Xcc -I/Users/rogerlin/Library/Developer/Xcode/DerivedData/FinancialCalculatorKit-ackorybalcxbfocbkqsfdzcfkgmn/Build/Intermediates.noindex/LaTeXSwiftUI.build/Debug/LaTeXSwiftUI.build/DerivedSources -Xcc -DSWIFT_PACKAGE -Xcc -DDEBUG\=1 -no-auto-bridging-header-chaining -module-name LaTeXSwiftUI -frontend-parseable-output -disable-clang-spi -target-sdk-version 26.1 -target-sdk-name macosx26.1 -clang-target arm64-apple-macos26.1 -in-process-plugin-server-path /Applications/Xcode.app/Contents/Developer/Toolchains/XcodeDefault.xctoolchain/usr/lib/swift/host/libSwiftInProcPluginServer.dylib -o /Users/rogerlin/Library/Developer/Xcode/DerivedData/FinancialCalculatorKit-ackorybalcxbfocbkqsfdzcfkgmn/Build/Intermediates.noindex/LaTeXSwiftUI.build/Debug/LaTeXSwiftUI.build/Objects-normal/arm64/LaTeX_Previews+Styles.o -o /Users/rogerlin/Library/Developer/Xcode/DerivedData/FinancialCalculatorKit-ackorybalcxbfocbkqsfdzcfkgmn/Build/Intermediates.noindex/LaTeXSwiftUI.build/Debug/LaTeXSwiftUI.build/Objects-normal/arm64/DefaultLaTeXStyle.o -index-unit-output-path /LaTeXSwiftUI.build/Debug/LaTeXSwiftUI.build/Objects-normal/arm64/LaTeX_Previews+Styles.o -index-unit-output-path /LaTeXSwiftUI.build/Debug/LaTeXSwiftUI.build/Objects-normal/arm64/DefaultLaTeXStyle.o -index-store-path /Users/rogerlin/Library/Developer/Xcode/DerivedData/FinancialCalculatorKit-ackorybalcxbfocbkqsfdzcfkgmn/Index.noindex/DataStore -index-system-modules

SwiftCompile normal arm64 /Users/rogerlin/Library/Developer/Xcode/DerivedData/FinancialCalculatorKit-ackorybalcxbfocbkqsfdzcfkgmn/SourcePackages/checkouts/LaTeXSwiftUI/Sources/LaTeXSwiftUI/Previews/LaTeX_Previews+Styles.swift (in target 'LaTeXSwiftUI' from project 'LaTeXSwiftUI')
    cd /Users/rogerlin/XCode-Projects/FinancialCalculatorKit-5.0-updated-accent-colors/FinancialCalculatorKit.xcodeproj
    

SwiftCompile normal arm64 /Users/rogerlin/Library/Developer/Xcode/DerivedData/FinancialCalculatorKit-ackorybalcxbfocbkqsfdzcfkgmn/SourcePackages/checkouts/LaTeXSwiftUI/Sources/LaTeXSwiftUI/Styles/DefaultLaTeXStyle.swift (in target 'LaTeXSwiftUI' from project 'LaTeXSwiftUI')
    cd /Users/rogerlin/XCode-Projects/FinancialCalculatorKit-5.0-updated-accent-colors/FinancialCalculatorKit.xcodeproj
    

SwiftDriverJobDiscovery normal arm64 Compiling Parser.swift (in target 'ExpressionParser' from project 'ExpressionParser')

SwiftCompile normal arm64 Compiling\ Component.swift,\ ComponentBlock.swift /Users/rogerlin/Library/Developer/Xcode/DerivedData/FinancialCalculatorKit-ackorybalcxbfocbkqsfdzcfkgmn/SourcePackages/checkouts/LaTeXSwiftUI/Sources/LaTeXSwiftUI/Models/Component.swift /Users/rogerlin/Library/Developer/Xcode/DerivedData/FinancialCalculatorKit-ackorybalcxbfocbkqsfdzcfkgmn/SourcePackages/checkouts/LaTeXSwiftUI/Sources/LaTeXSwiftUI/Models/ComponentBlock.swift (in target 'LaTeXSwiftUI' from project 'LaTeXSwiftUI')
/Applications/Xcode.app/Contents/Developer/Toolchains/XcodeDefault.xctoolchain/usr/bin/swift-frontend -frontend -c /Users/rogerlin/Library/Developer/Xcode/DerivedData/FinancialCalculatorKit-ackorybalcxbfocbkqsfdzcfkgmn/SourcePackages/checkouts/LaTeXSwiftUI/Sources/LaTeXSwiftUI/Extensions/EnvironmentValues+Extensions.swift /Users/rogerlin/Library/Developer/Xcode/DerivedData/FinancialCalculatorKit-ackorybalcxbfocbkqsfdzcfkgmn/SourcePackages/checkouts/LaTeXSwiftUI/Sources/LaTeXSwiftUI/Extensions/Font+Extensions.swift /Users/rogerlin/Library/Developer/Xcode/DerivedData/FinancialCalculatorKit-ackorybalcxbfocbkqsfdzcfkgmn/SourcePackages/checkouts/LaTeXSwiftUI/Sources/LaTeXSwiftUI/Extensions/Image+Extensions.swift /Users/rogerlin/Library/Developer/Xcode/DerivedData/FinancialCalculatorKit-ackorybalcxbfocbkqsfdzcfkgmn/SourcePackages/checkouts/LaTeXSwiftUI/Sources/LaTeXSwiftUI/Extensions/MathJax+Extensions.swift /Users/rogerlin/Library/Developer/Xcode/DerivedData/FinancialCalculatorKit-ackorybalcxbfocbkqsfdzcfkgmn/SourcePackages/checkouts/LaTeXSwiftUI/Sources/LaTeXSwiftUI/Extensions/NSImage+Extensions.swift /Users/rogerlin/Library/Developer/Xcode/DerivedData/FinancialCalculatorKit-ackorybalcxbfocbkqsfdzcfkgmn/SourcePackages/checkouts/LaTeXSwiftUI/Sources/LaTeXSwiftUI/Extensions/Range+Extensions.swift /Users/rogerlin/Library/Developer/Xcode/DerivedData/FinancialCalculatorKit-ackorybalcxbfocbkqsfdzcfkgmn/SourcePackages/checkouts/LaTeXSwiftUI/Sources/LaTeXSwiftUI/Extensions/TeXInputProcessorOptions+Extensions.swift /Users/rogerlin/Library/Developer/Xcode/DerivedData/FinancialCalculatorKit-ackorybalcxbfocbkqsfdzcfkgmn/SourcePackages/checkouts/LaTeXSwiftUI/Sources/LaTeXSwiftUI/Extensions/View+Extensions.swift /Users/rogerlin/Library/Developer/Xcode/DerivedData/FinancialCalculatorKit-ackorybalcxbfocbkqsfdzcfkgmn/SourcePackages/checkouts/LaTeXSwiftUI/Sources/LaTeXSwiftUI/LaTeX.swift /Users/rogerlin/Library/Developer/Xcode/DerivedData/FinancialCalculatorKit-ackorybalcxbfocbkqsfdzcfkgmn/SourcePackages/checkouts/LaTeXSwiftUI/Sources/LaTeXSwiftUI/Models/Aliases.swift /Users/rogerlin/Library/Developer/Xcode/DerivedData/FinancialCalculatorKit-ackorybalcxbfocbkqsfdzcfkgmn/SourcePackages/checkouts/LaTeXSwiftUI/Sources/LaTeXSwiftUI/Models/Cache.swift -primary-file /Users/rogerlin/Library/Developer/Xcode/DerivedData/FinancialCalculatorKit-ackorybalcxbfocbkqsfdzcfkgmn/SourcePackages/checkouts/LaTeXSwiftUI/Sources/LaTeXSwiftUI/Models/Component.swift -primary-file /Users/rogerlin/Library/Developer/Xcode/DerivedData/FinancialCalculatorKit-ackorybalcxbfocbkqsfdzcfkgmn/SourcePackages/checkouts/LaTeXSwiftUI/Sources/LaTeXSwiftUI/Models/ComponentBlock.swift /Users/rogerlin/Library/Developer/Xcode/DerivedData/FinancialCalculatorKit-ackorybalcxbfocbkqsfdzcfkgmn/SourcePackages/checkouts/LaTeXSwiftUI/Sources/LaTeXSwiftUI/Models/HashableCGRect.swift /Users/rogerlin/Library/Developer/Xcode/DerivedData/FinancialCalculatorKit-ackorybalcxbfocbkqsfdzcfkgmn/SourcePackages/checkouts/LaTeXSwiftUI/Sources/LaTeXSwiftUI/Models/HashableCGSize.swift /Users/rogerlin/Library/Developer/Xcode/DerivedData/FinancialCalculatorKit-ackorybalcxbfocbkqsfdzcfkgmn/SourcePackages/checkouts/LaTeXSwiftUI/Sources/LaTeXSwiftUI/Models/ImageContainer.swift /Users/rogerlin/Library/Developer/Xcode/DerivedData/FinancialCalculatorKit-ackorybalcxbfocbkqsfdzcfkgmn/SourcePackages/checkouts/LaTeXSwiftUI/Sources/LaTeXSwiftUI/Models/Parser.swift /Users/rogerlin/Library/Developer/Xcode/DerivedData/FinancialCalculatorKit-ackorybalcxbfocbkqsfdzcfkgmn/SourcePackages/checkouts/LaTeXSwiftUI/Sources/LaTeXSwiftUI/Models/Renderer.swift /Users/rogerlin/Library/Developer/Xcode/DerivedData/FinancialCalculatorKit-ackorybalcxbfocbkqsfdzcfkgmn/SourcePackages/checkouts/LaTeXSwiftUI/Sources/LaTeXSwiftUI/Models/SVG.swift /Users/rogerlin/Library/Developer/Xcode/DerivedData/FinancialCalculatorKit-ackorybalcxbfocbkqsfdzcfkgmn/SourcePackages/checkouts/LaTeXSwiftUI/Sources/LaTeXSwiftUI/Models/SVGGeometry.swift /Users/rogerlin/Library/Developer/Xcode/DerivedData/FinancialCalculatorKit-ackorybalcxbfocbkqsfdzcfkgmn/SourcePackages/checkouts/LaTeXSwiftUI/Sources/LaTeXSwiftUI/Previews/LaTeX_Previews+Color.swift /Users/rogerlin/Library/Developer/Xcode/DerivedData/FinancialCalculatorKit-ackorybalcxbfocbkqsfdzcfkgmn/SourcePackages/checkouts/LaTeXSwiftUI/Sources/LaTeXSwiftUI/Previews/LaTeX_Previews+Fonts.swift /Users/rogerlin/Library/Developer/Xcode/DerivedData/FinancialCalculatorKit-ackorybalcxbfocbkqsfdzcfkgmn/SourcePackages/checkouts/LaTeXSwiftUI/Sources/LaTeXSwiftUI/Previews/LaTeX_Previews+Modes.swift /Users/rogerlin/Library/Developer/Xcode/DerivedData/FinancialCalculatorKit-ackorybalcxbfocbkqsfdzcfkgmn/SourcePackages/checkouts/LaTeXSwiftUI/Sources/LaTeXSwiftUI/Previews/LaTeX_Previews+Numbers.swift /Users/rogerlin/Library/Developer/Xcode/DerivedData/FinancialCalculatorKit-ackorybalcxbfocbkqsfdzcfkgmn/SourcePackages/checkouts/LaTeXSwiftUI/Sources/LaTeXSwiftUI/Previews/LaTeX_Previews+Special.swift /Users/rogerlin/Library/Developer/Xcode/DerivedData/FinancialCalculatorKit-ackorybalcxbfocbkqsfdzcfkgmn/SourcePackages/checkouts/LaTeXSwiftUI/Sources/LaTeXSwiftUI/Previews/LaTeX_Previews+Styles.swift /Users/rogerlin/Library/Developer/Xcode/DerivedData/FinancialCalculatorKit-ackorybalcxbfocbkqsfdzcfkgmn/SourcePackages/checkouts/LaTeXSwiftUI/Sources/LaTeXSwiftUI/Styles/DefaultLaTeXStyle.swift /Users/rogerlin/Library/Developer/Xcode/DerivedData/FinancialCalculatorKit-ackorybalcxbfocbkqsfdzcfkgmn/SourcePackages/checkouts/LaTeXSwiftUI/Sources/LaTeXSwiftUI/Styles/LaTeXStyle.swift /Users/rogerlin/Library/Developer/Xcode/DerivedData/FinancialCalculatorKit-ackorybalcxbfocbkqsfdzcfkgmn/SourcePackages/checkouts/LaTeXSwiftUI/Sources/LaTeXSwiftUI/Styles/StandardLaTeXStyle.swift /Users/rogerlin/Library/Developer/Xcode/DerivedData/FinancialCalculatorKit-ackorybalcxbfocbkqsfdzcfkgmn/SourcePackages/checkouts/LaTeXSwiftUI/Sources/LaTeXSwiftUI/Views/ComponentBlocksText.swift /Users/rogerlin/Library/Developer/Xcode/DerivedData/FinancialCalculatorKit-ackorybalcxbfocbkqsfdzcfkgmn/SourcePackages/checkouts/LaTeXSwiftUI/Sources/LaTeXSwiftUI/Views/ComponentBlocksViews.swift /Users/rogerlin/Library/Developer/Xcode/DerivedData/FinancialCalculatorKit-ackorybalcxbfocbkqsfdzcfkgmn/SourcePackages/checkouts/LaTeXSwiftUI/Sources/LaTeXSwiftUI/Views/EquationNumber.swift /Users/rogerlin/Library/Developer/Xcode/DerivedData/FinancialCalculatorKit-ackorybalcxbfocbkqsfdzcfkgmn/SourcePackages/checkouts/LaTeXSwiftUI/Sources/LaTeXSwiftUI/Views/HorizontalImageScroller.swift -emit-dependencies-path /Users/rogerlin/Library/Developer/Xcode/DerivedData/FinancialCalculatorKit-ackorybalcxbfocbkqsfdzcfkgmn/Build/Intermediates.noindex/LaTeXSwiftUI.build/Debug/LaTeXSwiftUI.build/Objects-normal/arm64/Component.d -emit-const-values-path /Users/rogerlin/Library/Developer/Xcode/DerivedData/FinancialCalculatorKit-ackorybalcxbfocbkqsfdzcfkgmn/Build/Intermediates.noindex/LaTeXSwiftUI.build/Debug/LaTeXSwiftUI.build/Objects-normal/arm64/Component.swiftconstvalues -emit-reference-dependencies-path /Users/rogerlin/Library/Developer/Xcode/DerivedData/FinancialCalculatorKit-ackorybalcxbfocbkqsfdzcfkgmn/Build/Intermediates.noindex/LaTeXSwiftUI.build/Debug/LaTeXSwiftUI.build/Objects-normal/arm64/Component.swiftdeps -serialize-diagnostics-path /Users/rogerlin/Library/Developer/Xcode/DerivedData/FinancialCalculatorKit-ackorybalcxbfocbkqsfdzcfkgmn/Build/Intermediates.noindex/LaTeXSwiftUI.build/Debug/LaTeXSwiftUI.build/Objects-normal/arm64/Component.dia -emit-dependencies-path /Users/rogerlin/Library/Developer/Xcode/DerivedData/FinancialCalculatorKit-ackorybalcxbfocbkqsfdzcfkgmn/Build/Intermediates.noindex/LaTeXSwiftUI.build/Debug/LaTeXSwiftUI.build/Objects-normal/arm64/ComponentBlock.d -emit-const-values-path /Users/rogerlin/Library/Developer/Xcode/DerivedData/FinancialCalculatorKit-ackorybalcxbfocbkqsfdzcfkgmn/Build/Intermediates.noindex/LaTeXSwiftUI.build/Debug/LaTeXSwiftUI.build/Objects-normal/arm64/ComponentBlock.swiftconstvalues -emit-reference-dependencies-path /Users/rogerlin/Library/Developer/Xcode/DerivedData/FinancialCalculatorKit-ackorybalcxbfocbkqsfdzcfkgmn/Build/Intermediates.noindex/LaTeXSwiftUI.build/Debug/LaTeXSwiftUI.build/Objects-normal/arm64/ComponentBlock.swiftdeps -serialize-diagnostics-path /Users/rogerlin/Library/Developer/Xcode/DerivedData/FinancialCalculatorKit-ackorybalcxbfocbkqsfdzcfkgmn/Build/Intermediates.noindex/LaTeXSwiftUI.build/Debug/LaTeXSwiftUI.build/Objects-normal/arm64/ComponentBlock.dia -target arm64-apple-macos12.0 -load-resolved-plugin /Applications/Xcode.app/Contents/Developer/Platforms/MacOSX.platform/Developer/usr/lib/swift/host/plugins/libFoundationMacros.dylib\#/Applications/Xcode.app/Contents/Developer/Platforms/MacOSX.platform/Developer/usr/bin/swift-plugin-server\#FoundationMacros -load-resolved-plugin /Applications/Xcode.app/Contents/Developer/Platforms/MacOSX.platform/Developer/usr/lib/swift/host/plugins/libObservationMacros.dylib\#/Applications/Xcode.app/Contents/Developer/Platforms/MacOSX.platform/Developer/usr/bin/swift-plugin-server\#ObservationMacros -load-resolved-plugin /Applications/Xcode.app/Contents/Developer/Platforms/MacOSX.platform/Developer/usr/lib/swift/host/plugins/libPreviewsMacros.dylib\#/Applications/Xcode.app/Contents/Developer/Platforms/MacOSX.platform/Developer/usr/bin/swift-plugin-server\#PreviewsMacros -load-resolved-plugin /Applications/Xcode.app/Contents/Developer/Platforms/MacOSX.platform/Developer/usr/lib/swift/host/plugins/libSwiftMacros.dylib\#/Applications/Xcode.app/Contents/Developer/Platforms/MacOSX.platform/Developer/usr/bin/swift-plugin-server\#SwiftMacros -load-resolved-plugin /Applications/Xcode.app/Contents/Developer/Platforms/MacOSX.platform/Developer/usr/lib/swift/host/plugins/libSwiftUIMacros.dylib\#/Applications/Xcode.app/Contents/Developer/Platforms/MacOSX.platform/Developer/usr/bin/swift-plugin-server\#SwiftUIMacros -disable-implicit-swift-modules -Xcc -fno-implicit-modules -Xcc -fno-implicit-module-maps -explicit-swift-module-map-file /Users/rogerlin/Library/Developer/Xcode/DerivedData/FinancialCalculatorKit-ackorybalcxbfocbkqsfdzcfkgmn/Build/Intermediates.noindex/LaTeXSwiftUI.build/Debug/LaTeXSwiftUI.build/Objects-normal/arm64/LaTeXSwiftUI-dependencies-1.json -Xllvm -aarch64-use-tbi -enable-objc-interop -stack-check -sdk /Applications/Xcode.app/Contents/Developer/Platforms/MacOSX.platform/Developer/SDKs/MacOSX26.1.sdk -I /Users/rogerlin/Library/Developer/Xcode/DerivedData/FinancialCalculatorKit-ackorybalcxbfocbkqsfdzcfkgmn/Build/Products/Debug -Isystem /Applications/Xcode.app/Contents/Developer/Platforms/MacOSX.platform/Developer/usr/lib -F /Users/rogerlin/Library/Developer/Xcode/DerivedData/FinancialCalculatorKit-ackorybalcxbfocbkqsfdzcfkgmn/Build/Products/Debug/PackageFrameworks -F /Users/rogerlin/Library/Developer/Xcode/DerivedData/FinancialCalculatorKit-ackorybalcxbfocbkqsfdzcfkgmn/Build/Products/Debug/PackageFrameworks -F /Users/rogerlin/Library/Developer/Xcode/DerivedData/FinancialCalculatorKit-ackorybalcxbfocbkqsfdzcfkgmn/Build/Products/Debug/PackageFrameworks -F /Users/rogerlin/Library/Developer/Xcode/DerivedData/FinancialCalculatorKit-ackorybalcxbfocbkqsfdzcfkgmn/Build/Products/Debug/PackageFrameworks -F /Users/rogerlin/Library/Developer/Xcode/DerivedData/FinancialCalculatorKit-ackorybalcxbfocbkqsfdzcfkgmn/Build/Products/Debug -F /Applications/Xcode.app/Contents/Developer/Platforms/MacOSX.platform/Developer/Library/Frameworks -no-color-diagnostics -Xcc -fno-color-diagnostics -enable-testing -g -debug-info-format\=dwarf -dwarf-version\=4 -module-cache-path /Users/rogerlin/Library/Developer/Xcode/DerivedData/FinancialCalculatorKit-ackorybalcxbfocbkqsfdzcfkgmn/Build/Intermediates.noindex/SwiftExplicitPrecompiledModules -suppress-warnings -profile-generate -profile-coverage-mapping -swift-version 5 -enforce-exclusivity\=checked -Onone -D SWIFT_PACKAGE -D DEBUG -D SWIFT_MODULE_RESOURCE_BUNDLE_UNAVAILABLE -D Xcode -serialize-debugging-options -const-gather-protocols-file /Users/rogerlin/Library/Developer/Xcode/DerivedData/FinancialCalculatorKit-ackorybalcxbfocbkqsfdzcfkgmn/Build/Intermediates.noindex/LaTeXSwiftUI.build/Debug/LaTeXSwiftUI.build/Objects-normal/arm64/LaTeXSwiftUI_const_extract_protocols.json -enable-experimental-feature DebugDescriptionMacro -empty-abi-descriptor -validate-clang-modules-once -clang-build-session-file /Users/rogerlin/Library/Developer/Xcode/DerivedData/ModuleCache.noindex/Session.modulevalidation -Xcc -working-directory -Xcc /Users/rogerlin/XCode-Projects/FinancialCalculatorKit-5.0-updated-accent-colors/FinancialCalculatorKit.xcodeproj -enable-anonymous-context-mangled-names -file-compilation-dir /Users/rogerlin/XCode-Projects/FinancialCalculatorKit-5.0-updated-accent-colors/FinancialCalculatorKit.xcodeproj -Xcc -D_LIBCPP_HARDENING_MODE\=_LIBCPP_HARDENING_MODE_DEBUG -Xcc -ivfsstatcache -Xcc /Users/rogerlin/Library/Developer/Xcode/DerivedData/SDKStatCaches.noindex/macosx26.1-25B74-3ae1261907bdadc328169391a47051a6.sdkstatcache -Xcc -I/Users/rogerlin/Library/Developer/Xcode/DerivedData/FinancialCalculatorKit-ackorybalcxbfocbkqsfdzcfkgmn/Build/Intermediates.noindex/LaTeXSwiftUI.build/Debug/LaTeXSwiftUI.build/swift-overrides.hmap -Xcc -I/Users/rogerlin/Library/Developer/Xcode/DerivedData/FinancialCalculatorKit-ackorybalcxbfocbkqsfdzcfkgmn/Build/Products/Debug/include -Xcc -I/Users/rogerlin/Library/Developer/Xcode/DerivedData/FinancialCalculatorKit-ackorybalcxbfocbkqsfdzcfkgmn/Build/Intermediates.noindex/LaTeXSwiftUI.build/Debug/LaTeXSwiftUI.build/DerivedSources-normal/arm64 -Xcc -I/Users/rogerlin/Library/Developer/Xcode/DerivedData/FinancialCalculatorKit-ackorybalcxbfocbkqsfdzcfkgmn/Build/Intermediates.noindex/LaTeXSwiftUI.build/Debug/LaTeXSwiftUI.build/DerivedSources/arm64 -Xcc -I/Users/rogerlin/Library/Developer/Xcode/DerivedData/FinancialCalculatorKit-ackorybalcxbfocbkqsfdzcfkgmn/Build/Intermediates.noindex/LaTeXSwiftUI.build/Debug/LaTeXSwiftUI.build/DerivedSources -Xcc -DSWIFT_PACKAGE -Xcc -DDEBUG\=1 -no-auto-bridging-header-chaining -module-name LaTeXSwiftUI -frontend-parseable-output -disable-clang-spi -target-sdk-version 26.1 -target-sdk-name macosx26.1 -clang-target arm64-apple-macos26.1 -in-process-plugin-server-path /Applications/Xcode.app/Contents/Developer/Toolchains/XcodeDefault.xctoolchain/usr/lib/swift/host/libSwiftInProcPluginServer.dylib -o /Users/rogerlin/Library/Developer/Xcode/DerivedData/FinancialCalculatorKit-ackorybalcxbfocbkqsfdzcfkgmn/Build/Intermediates.noindex/LaTeXSwiftUI.build/Debug/LaTeXSwiftUI.build/Objects-normal/arm64/Component.o -o /Users/rogerlin/Library/Developer/Xcode/DerivedData/FinancialCalculatorKit-ackorybalcxbfocbkqsfdzcfkgmn/Build/Intermediates.noindex/LaTeXSwiftUI.build/Debug/LaTeXSwiftUI.build/Objects-normal/arm64/ComponentBlock.o -index-unit-output-path /LaTeXSwiftUI.build/Debug/LaTeXSwiftUI.build/Objects-normal/arm64/Component.o -index-unit-output-path /LaTeXSwiftUI.build/Debug/LaTeXSwiftUI.build/Objects-normal/arm64/ComponentBlock.o -index-store-path /Users/rogerlin/Library/Developer/Xcode/DerivedData/FinancialCalculatorKit-ackorybalcxbfocbkqsfdzcfkgmn/Index.noindex/DataStore -index-system-modules

SwiftCompile normal arm64 /Users/rogerlin/Library/Developer/Xcode/DerivedData/FinancialCalculatorKit-ackorybalcxbfocbkqsfdzcfkgmn/SourcePackages/checkouts/LaTeXSwiftUI/Sources/LaTeXSwiftUI/Models/Component.swift (in target 'LaTeXSwiftUI' from project 'LaTeXSwiftUI')
    cd /Users/rogerlin/XCode-Projects/FinancialCalculatorKit-5.0-updated-accent-colors/FinancialCalculatorKit.xcodeproj
    

SwiftCompile normal arm64 /Users/rogerlin/Library/Developer/Xcode/DerivedData/FinancialCalculatorKit-ackorybalcxbfocbkqsfdzcfkgmn/SourcePackages/checkouts/LaTeXSwiftUI/Sources/LaTeXSwiftUI/Models/ComponentBlock.swift (in target 'LaTeXSwiftUI' from project 'LaTeXSwiftUI')
    cd /Users/rogerlin/XCode-Projects/FinancialCalculatorKit-5.0-updated-accent-colors/FinancialCalculatorKit.xcodeproj
    

SwiftDriverJobDiscovery normal arm64 Compiling LaTeXStyle.swift, StandardLaTeXStyle.swift (in target 'LaTeXSwiftUI' from project 'LaTeXSwiftUI')

SwiftCompile normal arm64 Compiling\ ComponentBlocksText.swift,\ ComponentBlocksViews.swift /Users/rogerlin/Library/Developer/Xcode/DerivedData/FinancialCalculatorKit-ackorybalcxbfocbkqsfdzcfkgmn/SourcePackages/checkouts/LaTeXSwiftUI/Sources/LaTeXSwiftUI/Views/ComponentBlocksText.swift /Users/rogerlin/Library/Developer/Xcode/DerivedData/FinancialCalculatorKit-ackorybalcxbfocbkqsfdzcfkgmn/SourcePackages/checkouts/LaTeXSwiftUI/Sources/LaTeXSwiftUI/Views/ComponentBlocksViews.swift (in target 'LaTeXSwiftUI' from project 'LaTeXSwiftUI')
/Applications/Xcode.app/Contents/Developer/Toolchains/XcodeDefault.xctoolchain/usr/bin/swift-frontend -frontend -c /Users/rogerlin/Library/Developer/Xcode/DerivedData/FinancialCalculatorKit-ackorybalcxbfocbkqsfdzcfkgmn/SourcePackages/checkouts/LaTeXSwiftUI/Sources/LaTeXSwiftUI/Extensions/EnvironmentValues+Extensions.swift /Users/rogerlin/Library/Developer/Xcode/DerivedData/FinancialCalculatorKit-ackorybalcxbfocbkqsfdzcfkgmn/SourcePackages/checkouts/LaTeXSwiftUI/Sources/LaTeXSwiftUI/Extensions/Font+Extensions.swift /Users/rogerlin/Library/Developer/Xcode/DerivedData/FinancialCalculatorKit-ackorybalcxbfocbkqsfdzcfkgmn/SourcePackages/checkouts/LaTeXSwiftUI/Sources/LaTeXSwiftUI/Extensions/Image+Extensions.swift /Users/rogerlin/Library/Developer/Xcode/DerivedData/FinancialCalculatorKit-ackorybalcxbfocbkqsfdzcfkgmn/SourcePackages/checkouts/LaTeXSwiftUI/Sources/LaTeXSwiftUI/Extensions/MathJax+Extensions.swift /Users/rogerlin/Library/Developer/Xcode/DerivedData/FinancialCalculatorKit-ackorybalcxbfocbkqsfdzcfkgmn/SourcePackages/checkouts/LaTeXSwiftUI/Sources/LaTeXSwiftUI/Extensions/NSImage+Extensions.swift /Users/rogerlin/Library/Developer/Xcode/DerivedData/FinancialCalculatorKit-ackorybalcxbfocbkqsfdzcfkgmn/SourcePackages/checkouts/LaTeXSwiftUI/Sources/LaTeXSwiftUI/Extensions/Range+Extensions.swift /Users/rogerlin/Library/Developer/Xcode/DerivedData/FinancialCalculatorKit-ackorybalcxbfocbkqsfdzcfkgmn/SourcePackages/checkouts/LaTeXSwiftUI/Sources/LaTeXSwiftUI/Extensions/TeXInputProcessorOptions+Extensions.swift /Users/rogerlin/Library/Developer/Xcode/DerivedData/FinancialCalculatorKit-ackorybalcxbfocbkqsfdzcfkgmn/SourcePackages/checkouts/LaTeXSwiftUI/Sources/LaTeXSwiftUI/Extensions/View+Extensions.swift /Users/rogerlin/Library/Developer/Xcode/DerivedData/FinancialCalculatorKit-ackorybalcxbfocbkqsfdzcfkgmn/SourcePackages/checkouts/LaTeXSwiftUI/Sources/LaTeXSwiftUI/LaTeX.swift /Users/rogerlin/Library/Developer/Xcode/DerivedData/FinancialCalculatorKit-ackorybalcxbfocbkqsfdzcfkgmn/SourcePackages/checkouts/LaTeXSwiftUI/Sources/LaTeXSwiftUI/Models/Aliases.swift /Users/rogerlin/Library/Developer/Xcode/DerivedData/FinancialCalculatorKit-ackorybalcxbfocbkqsfdzcfkgmn/SourcePackages/checkouts/LaTeXSwiftUI/Sources/LaTeXSwiftUI/Models/Cache.swift /Users/rogerlin/Library/Developer/Xcode/DerivedData/FinancialCalculatorKit-ackorybalcxbfocbkqsfdzcfkgmn/SourcePackages/checkouts/LaTeXSwiftUI/Sources/LaTeXSwiftUI/Models/Component.swift /Users/rogerlin/Library/Developer/Xcode/DerivedData/FinancialCalculatorKit-ackorybalcxbfocbkqsfdzcfkgmn/SourcePackages/checkouts/LaTeXSwiftUI/Sources/LaTeXSwiftUI/Models/ComponentBlock.swift /Users/rogerlin/Library/Developer/Xcode/DerivedData/FinancialCalculatorKit-ackorybalcxbfocbkqsfdzcfkgmn/SourcePackages/checkouts/LaTeXSwiftUI/Sources/LaTeXSwiftUI/Models/HashableCGRect.swift /Users/rogerlin/Library/Developer/Xcode/DerivedData/FinancialCalculatorKit-ackorybalcxbfocbkqsfdzcfkgmn/SourcePackages/checkouts/LaTeXSwiftUI/Sources/LaTeXSwiftUI/Models/HashableCGSize.swift /Users/rogerlin/Library/Developer/Xcode/DerivedData/FinancialCalculatorKit-ackorybalcxbfocbkqsfdzcfkgmn/SourcePackages/checkouts/LaTeXSwiftUI/Sources/LaTeXSwiftUI/Models/ImageContainer.swift /Users/rogerlin/Library/Developer/Xcode/DerivedData/FinancialCalculatorKit-ackorybalcxbfocbkqsfdzcfkgmn/SourcePackages/checkouts/LaTeXSwiftUI/Sources/LaTeXSwiftUI/Models/Parser.swift /Users/rogerlin/Library/Developer/Xcode/DerivedData/FinancialCalculatorKit-ackorybalcxbfocbkqsfdzcfkgmn/SourcePackages/checkouts/LaTeXSwiftUI/Sources/LaTeXSwiftUI/Models/Renderer.swift /Users/rogerlin/Library/Developer/Xcode/DerivedData/FinancialCalculatorKit-ackorybalcxbfocbkqsfdzcfkgmn/SourcePackages/checkouts/LaTeXSwiftUI/Sources/LaTeXSwiftUI/Models/SVG.swift /Users/rogerlin/Library/Developer/Xcode/DerivedData/FinancialCalculatorKit-ackorybalcxbfocbkqsfdzcfkgmn/SourcePackages/checkouts/LaTeXSwiftUI/Sources/LaTeXSwiftUI/Models/SVGGeometry.swift /Users/rogerlin/Library/Developer/Xcode/DerivedData/FinancialCalculatorKit-ackorybalcxbfocbkqsfdzcfkgmn/SourcePackages/checkouts/LaTeXSwiftUI/Sources/LaTeXSwiftUI/Previews/LaTeX_Previews+Color.swift /Users/rogerlin/Library/Developer/Xcode/DerivedData/FinancialCalculatorKit-ackorybalcxbfocbkqsfdzcfkgmn/SourcePackages/checkouts/LaTeXSwiftUI/Sources/LaTeXSwiftUI/Previews/LaTeX_Previews+Fonts.swift /Users/rogerlin/Library/Developer/Xcode/DerivedData/FinancialCalculatorKit-ackorybalcxbfocbkqsfdzcfkgmn/SourcePackages/checkouts/LaTeXSwiftUI/Sources/LaTeXSwiftUI/Previews/LaTeX_Previews+Modes.swift /Users/rogerlin/Library/Developer/Xcode/DerivedData/FinancialCalculatorKit-ackorybalcxbfocbkqsfdzcfkgmn/SourcePackages/checkouts/LaTeXSwiftUI/Sources/LaTeXSwiftUI/Previews/LaTeX_Previews+Numbers.swift /Users/rogerlin/Library/Developer/Xcode/DerivedData/FinancialCalculatorKit-ackorybalcxbfocbkqsfdzcfkgmn/SourcePackages/checkouts/LaTeXSwiftUI/Sources/LaTeXSwiftUI/Previews/LaTeX_Previews+Special.swift /Users/rogerlin/Library/Developer/Xcode/DerivedData/FinancialCalculatorKit-ackorybalcxbfocbkqsfdzcfkgmn/SourcePackages/checkouts/LaTeXSwiftUI/Sources/LaTeXSwiftUI/Previews/LaTeX_Previews+Styles.swift /Users/rogerlin/Library/Developer/Xcode/DerivedData/FinancialCalculatorKit-ackorybalcxbfocbkqsfdzcfkgmn/SourcePackages/checkouts/LaTeXSwiftUI/Sources/LaTeXSwiftUI/Styles/DefaultLaTeXStyle.swift /Users/rogerlin/Library/Developer/Xcode/DerivedData/FinancialCalculatorKit-ackorybalcxbfocbkqsfdzcfkgmn/SourcePackages/checkouts/LaTeXSwiftUI/Sources/LaTeXSwiftUI/Styles/LaTeXStyle.swift /Users/rogerlin/Library/Developer/Xcode/DerivedData/FinancialCalculatorKit-ackorybalcxbfocbkqsfdzcfkgmn/SourcePackages/checkouts/LaTeXSwiftUI/Sources/LaTeXSwiftUI/Styles/StandardLaTeXStyle.swift -primary-file /Users/rogerlin/Library/Developer/Xcode/DerivedData/FinancialCalculatorKit-ackorybalcxbfocbkqsfdzcfkgmn/SourcePackages/checkouts/LaTeXSwiftUI/Sources/LaTeXSwiftUI/Views/ComponentBlocksText.swift -primary-file /Users/rogerlin/Library/Developer/Xcode/DerivedData/FinancialCalculatorKit-ackorybalcxbfocbkqsfdzcfkgmn/SourcePackages/checkouts/LaTeXSwiftUI/Sources/LaTeXSwiftUI/Views/ComponentBlocksViews.swift /Users/rogerlin/Library/Developer/Xcode/DerivedData/FinancialCalculatorKit-ackorybalcxbfocbkqsfdzcfkgmn/SourcePackages/checkouts/LaTeXSwiftUI/Sources/LaTeXSwiftUI/Views/EquationNumber.swift /Users/rogerlin/Library/Developer/Xcode/DerivedData/FinancialCalculatorKit-ackorybalcxbfocbkqsfdzcfkgmn/SourcePackages/checkouts/LaTeXSwiftUI/Sources/LaTeXSwiftUI/Views/HorizontalImageScroller.swift -emit-dependencies-path /Users/rogerlin/Library/Developer/Xcode/DerivedData/FinancialCalculatorKit-ackorybalcxbfocbkqsfdzcfkgmn/Build/Intermediates.noindex/LaTeXSwiftUI.build/Debug/LaTeXSwiftUI.build/Objects-normal/arm64/ComponentBlocksText.d -emit-const-values-path /Users/rogerlin/Library/Developer/Xcode/DerivedData/FinancialCalculatorKit-ackorybalcxbfocbkqsfdzcfkgmn/Build/Intermediates.noindex/LaTeXSwiftUI.build/Debug/LaTeXSwiftUI.build/Objects-normal/arm64/ComponentBlocksText.swiftconstvalues -emit-reference-dependencies-path /Users/rogerlin/Library/Developer/Xcode/DerivedData/FinancialCalculatorKit-ackorybalcxbfocbkqsfdzcfkgmn/Build/Intermediates.noindex/LaTeXSwiftUI.build/Debug/LaTeXSwiftUI.build/Objects-normal/arm64/ComponentBlocksText.swiftdeps -serialize-diagnostics-path /Users/rogerlin/Library/Developer/Xcode/DerivedData/FinancialCalculatorKit-ackorybalcxbfocbkqsfdzcfkgmn/Build/Intermediates.noindex/LaTeXSwiftUI.build/Debug/LaTeXSwiftUI.build/Objects-normal/arm64/ComponentBlocksText.dia -emit-dependencies-path /Users/rogerlin/Library/Developer/Xcode/DerivedData/FinancialCalculatorKit-ackorybalcxbfocbkqsfdzcfkgmn/Build/Intermediates.noindex/LaTeXSwiftUI.build/Debug/LaTeXSwiftUI.build/Objects-normal/arm64/ComponentBlocksViews.d -emit-const-values-path /Users/rogerlin/Library/Developer/Xcode/DerivedData/FinancialCalculatorKit-ackorybalcxbfocbkqsfdzcfkgmn/Build/Intermediates.noindex/LaTeXSwiftUI.build/Debug/LaTeXSwiftUI.build/Objects-normal/arm64/ComponentBlocksViews.swiftconstvalues -emit-reference-dependencies-path /Users/rogerlin/Library/Developer/Xcode/DerivedData/FinancialCalculatorKit-ackorybalcxbfocbkqsfdzcfkgmn/Build/Intermediates.noindex/LaTeXSwiftUI.build/Debug/LaTeXSwiftUI.build/Objects-normal/arm64/ComponentBlocksViews.swiftdeps -serialize-diagnostics-path /Users/rogerlin/Library/Developer/Xcode/DerivedData/FinancialCalculatorKit-ackorybalcxbfocbkqsfdzcfkgmn/Build/Intermediates.noindex/LaTeXSwiftUI.build/Debug/LaTeXSwiftUI.build/Objects-normal/arm64/ComponentBlocksViews.dia -target arm64-apple-macos12.0 -load-resolved-plugin /Applications/Xcode.app/Contents/Developer/Platforms/MacOSX.platform/Developer/usr/lib/swift/host/plugins/libFoundationMacros.dylib\#/Applications/Xcode.app/Contents/Developer/Platforms/MacOSX.platform/Developer/usr/bin/swift-plugin-server\#FoundationMacros -load-resolved-plugin /Applications/Xcode.app/Contents/Developer/Platforms/MacOSX.platform/Developer/usr/lib/swift/host/plugins/libObservationMacros.dylib\#/Applications/Xcode.app/Contents/Developer/Platforms/MacOSX.platform/Developer/usr/bin/swift-plugin-server\#ObservationMacros -load-resolved-plugin /Applications/Xcode.app/Contents/Developer/Platforms/MacOSX.platform/Developer/usr/lib/swift/host/plugins/libPreviewsMacros.dylib\#/Applications/Xcode.app/Contents/Developer/Platforms/MacOSX.platform/Developer/usr/bin/swift-plugin-server\#PreviewsMacros -load-resolved-plugin /Applications/Xcode.app/Contents/Developer/Platforms/MacOSX.platform/Developer/usr/lib/swift/host/plugins/libSwiftMacros.dylib\#/Applications/Xcode.app/Contents/Developer/Platforms/MacOSX.platform/Developer/usr/bin/swift-plugin-server\#SwiftMacros -load-resolved-plugin /Applications/Xcode.app/Contents/Developer/Platforms/MacOSX.platform/Developer/usr/lib/swift/host/plugins/libSwiftUIMacros.dylib\#/Applications/Xcode.app/Contents/Developer/Platforms/MacOSX.platform/Developer/usr/bin/swift-plugin-server\#SwiftUIMacros -disable-implicit-swift-modules -Xcc -fno-implicit-modules -Xcc -fno-implicit-module-maps -explicit-swift-module-map-file /Users/rogerlin/Library/Developer/Xcode/DerivedData/FinancialCalculatorKit-ackorybalcxbfocbkqsfdzcfkgmn/Build/Intermediates.noindex/LaTeXSwiftUI.build/Debug/LaTeXSwiftUI.build/Objects-normal/arm64/LaTeXSwiftUI-dependencies-1.json -Xllvm -aarch64-use-tbi -enable-objc-interop -stack-check -sdk /Applications/Xcode.app/Contents/Developer/Platforms/MacOSX.platform/Developer/SDKs/MacOSX26.1.sdk -I /Users/rogerlin/Library/Developer/Xcode/DerivedData/FinancialCalculatorKit-ackorybalcxbfocbkqsfdzcfkgmn/Build/Products/Debug -Isystem /Applications/Xcode.app/Contents/Developer/Platforms/MacOSX.platform/Developer/usr/lib -F /Users/rogerlin/Library/Developer/Xcode/DerivedData/FinancialCalculatorKit-ackorybalcxbfocbkqsfdzcfkgmn/Build/Products/Debug/PackageFrameworks -F /Users/rogerlin/Library/Developer/Xcode/DerivedData/FinancialCalculatorKit-ackorybalcxbfocbkqsfdzcfkgmn/Build/Products/Debug/PackageFrameworks -F /Users/rogerlin/Library/Developer/Xcode/DerivedData/FinancialCalculatorKit-ackorybalcxbfocbkqsfdzcfkgmn/Build/Products/Debug/PackageFrameworks -F /Users/rogerlin/Library/Developer/Xcode/DerivedData/FinancialCalculatorKit-ackorybalcxbfocbkqsfdzcfkgmn/Build/Products/Debug/PackageFrameworks -F /Users/rogerlin/Library/Developer/Xcode/DerivedData/FinancialCalculatorKit-ackorybalcxbfocbkqsfdzcfkgmn/Build/Products/Debug -F /Applications/Xcode.app/Contents/Developer/Platforms/MacOSX.platform/Developer/Library/Frameworks -no-color-diagnostics -Xcc -fno-color-diagnostics -enable-testing -g -debug-info-format\=dwarf -dwarf-version\=4 -module-cache-path /Users/rogerlin/Library/Developer/Xcode/DerivedData/FinancialCalculatorKit-ackorybalcxbfocbkqsfdzcfkgmn/Build/Intermediates.noindex/SwiftExplicitPrecompiledModules -suppress-warnings -profile-generate -profile-coverage-mapping -swift-version 5 -enforce-exclusivity\=checked -Onone -D SWIFT_PACKAGE -D DEBUG -D SWIFT_MODULE_RESOURCE_BUNDLE_UNAVAILABLE -D Xcode -serialize-debugging-options -const-gather-protocols-file /Users/rogerlin/Library/Developer/Xcode/DerivedData/FinancialCalculatorKit-ackorybalcxbfocbkqsfdzcfkgmn/Build/Intermediates.noindex/LaTeXSwiftUI.build/Debug/LaTeXSwiftUI.build/Objects-normal/arm64/LaTeXSwiftUI_const_extract_protocols.json -enable-experimental-feature DebugDescriptionMacro -empty-abi-descriptor -validate-clang-modules-once -clang-build-session-file /Users/rogerlin/Library/Developer/Xcode/DerivedData/ModuleCache.noindex/Session.modulevalidation -Xcc -working-directory -Xcc /Users/rogerlin/XCode-Projects/FinancialCalculatorKit-5.0-updated-accent-colors/FinancialCalculatorKit.xcodeproj -enable-anonymous-context-mangled-names -file-compilation-dir /Users/rogerlin/XCode-Projects/FinancialCalculatorKit-5.0-updated-accent-colors/FinancialCalculatorKit.xcodeproj -Xcc -D_LIBCPP_HARDENING_MODE\=_LIBCPP_HARDENING_MODE_DEBUG -Xcc -ivfsstatcache -Xcc /Users/rogerlin/Library/Developer/Xcode/DerivedData/SDKStatCaches.noindex/macosx26.1-25B74-3ae1261907bdadc328169391a47051a6.sdkstatcache -Xcc -I/Users/rogerlin/Library/Developer/Xcode/DerivedData/FinancialCalculatorKit-ackorybalcxbfocbkqsfdzcfkgmn/Build/Intermediates.noindex/LaTeXSwiftUI.build/Debug/LaTeXSwiftUI.build/swift-overrides.hmap -Xcc -I/Users/rogerlin/Library/Developer/Xcode/DerivedData/FinancialCalculatorKit-ackorybalcxbfocbkqsfdzcfkgmn/Build/Products/Debug/include -Xcc -I/Users/rogerlin/Library/Developer/Xcode/DerivedData/FinancialCalculatorKit-ackorybalcxbfocbkqsfdzcfkgmn/Build/Intermediates.noindex/LaTeXSwiftUI.build/Debug/LaTeXSwiftUI.build/DerivedSources-normal/arm64 -Xcc -I/Users/rogerlin/Library/Developer/Xcode/DerivedData/FinancialCalculatorKit-ackorybalcxbfocbkqsfdzcfkgmn/Build/Intermediates.noindex/LaTeXSwiftUI.build/Debug/LaTeXSwiftUI.build/DerivedSources/arm64 -Xcc -I/Users/rogerlin/Library/Developer/Xcode/DerivedData/FinancialCalculatorKit-ackorybalcxbfocbkqsfdzcfkgmn/Build/Intermediates.noindex/LaTeXSwiftUI.build/Debug/LaTeXSwiftUI.build/DerivedSources -Xcc -DSWIFT_PACKAGE -Xcc -DDEBUG\=1 -no-auto-bridging-header-chaining -module-name LaTeXSwiftUI -frontend-parseable-output -disable-clang-spi -target-sdk-version 26.1 -target-sdk-name macosx26.1 -clang-target arm64-apple-macos26.1 -in-process-plugin-server-path /Applications/Xcode.app/Contents/Developer/Toolchains/XcodeDefault.xctoolchain/usr/lib/swift/host/libSwiftInProcPluginServer.dylib -o /Users/rogerlin/Library/Developer/Xcode/DerivedData/FinancialCalculatorKit-ackorybalcxbfocbkqsfdzcfkgmn/Build/Intermediates.noindex/LaTeXSwiftUI.build/Debug/LaTeXSwiftUI.build/Objects-normal/arm64/ComponentBlocksText.o -o /Users/rogerlin/Library/Developer/Xcode/DerivedData/FinancialCalculatorKit-ackorybalcxbfocbkqsfdzcfkgmn/Build/Intermediates.noindex/LaTeXSwiftUI.build/Debug/LaTeXSwiftUI.build/Objects-normal/arm64/ComponentBlocksViews.o -index-unit-output-path /LaTeXSwiftUI.build/Debug/LaTeXSwiftUI.build/Objects-normal/arm64/ComponentBlocksText.o -index-unit-output-path /LaTeXSwiftUI.build/Debug/LaTeXSwiftUI.build/Objects-normal/arm64/ComponentBlocksViews.o -index-store-path /Users/rogerlin/Library/Developer/Xcode/DerivedData/FinancialCalculatorKit-ackorybalcxbfocbkqsfdzcfkgmn/Index.noindex/DataStore -index-system-modules

SwiftCompile normal arm64 /Users/rogerlin/Library/Developer/Xcode/DerivedData/FinancialCalculatorKit-ackorybalcxbfocbkqsfdzcfkgmn/SourcePackages/checkouts/LaTeXSwiftUI/Sources/LaTeXSwiftUI/Views/ComponentBlocksText.swift (in target 'LaTeXSwiftUI' from project 'LaTeXSwiftUI')
    cd /Users/rogerlin/XCode-Projects/FinancialCalculatorKit-5.0-updated-accent-colors/FinancialCalculatorKit.xcodeproj
    

SwiftCompile normal arm64 /Users/rogerlin/Library/Developer/Xcode/DerivedData/FinancialCalculatorKit-ackorybalcxbfocbkqsfdzcfkgmn/SourcePackages/checkouts/LaTeXSwiftUI/Sources/LaTeXSwiftUI/Views/ComponentBlocksViews.swift (in target 'LaTeXSwiftUI' from project 'LaTeXSwiftUI')
    cd /Users/rogerlin/XCode-Projects/FinancialCalculatorKit-5.0-updated-accent-colors/FinancialCalculatorKit.xcodeproj
    

SwiftDriverJobDiscovery normal arm64 Compiling Range+Extensions.swift, TeXInputProcessorOptions+Extensions.swift (in target 'LaTeXSwiftUI' from project 'LaTeXSwiftUI')

SwiftCompile normal arm64 Compiling\ LaTeX_Previews+Numbers.swift,\ LaTeX_Previews+Special.swift /Users/rogerlin/Library/Developer/Xcode/DerivedData/FinancialCalculatorKit-ackorybalcxbfocbkqsfdzcfkgmn/SourcePackages/checkouts/LaTeXSwiftUI/Sources/LaTeXSwiftUI/Previews/LaTeX_Previews+Numbers.swift /Users/rogerlin/Library/Developer/Xcode/DerivedData/FinancialCalculatorKit-ackorybalcxbfocbkqsfdzcfkgmn/SourcePackages/checkouts/LaTeXSwiftUI/Sources/LaTeXSwiftUI/Previews/LaTeX_Previews+Special.swift (in target 'LaTeXSwiftUI' from project 'LaTeXSwiftUI')
/Applications/Xcode.app/Contents/Developer/Toolchains/XcodeDefault.xctoolchain/usr/bin/swift-frontend -frontend -c /Users/rogerlin/Library/Developer/Xcode/DerivedData/FinancialCalculatorKit-ackorybalcxbfocbkqsfdzcfkgmn/SourcePackages/checkouts/LaTeXSwiftUI/Sources/LaTeXSwiftUI/Extensions/EnvironmentValues+Extensions.swift /Users/rogerlin/Library/Developer/Xcode/DerivedData/FinancialCalculatorKit-ackorybalcxbfocbkqsfdzcfkgmn/SourcePackages/checkouts/LaTeXSwiftUI/Sources/LaTeXSwiftUI/Extensions/Font+Extensions.swift /Users/rogerlin/Library/Developer/Xcode/DerivedData/FinancialCalculatorKit-ackorybalcxbfocbkqsfdzcfkgmn/SourcePackages/checkouts/LaTeXSwiftUI/Sources/LaTeXSwiftUI/Extensions/Image+Extensions.swift /Users/rogerlin/Library/Developer/Xcode/DerivedData/FinancialCalculatorKit-ackorybalcxbfocbkqsfdzcfkgmn/SourcePackages/checkouts/LaTeXSwiftUI/Sources/LaTeXSwiftUI/Extensions/MathJax+Extensions.swift /Users/rogerlin/Library/Developer/Xcode/DerivedData/FinancialCalculatorKit-ackorybalcxbfocbkqsfdzcfkgmn/SourcePackages/checkouts/LaTeXSwiftUI/Sources/LaTeXSwiftUI/Extensions/NSImage+Extensions.swift /Users/rogerlin/Library/Developer/Xcode/DerivedData/FinancialCalculatorKit-ackorybalcxbfocbkqsfdzcfkgmn/SourcePackages/checkouts/LaTeXSwiftUI/Sources/LaTeXSwiftUI/Extensions/Range+Extensions.swift /Users/rogerlin/Library/Developer/Xcode/DerivedData/FinancialCalculatorKit-ackorybalcxbfocbkqsfdzcfkgmn/SourcePackages/checkouts/LaTeXSwiftUI/Sources/LaTeXSwiftUI/Extensions/TeXInputProcessorOptions+Extensions.swift /Users/rogerlin/Library/Developer/Xcode/DerivedData/FinancialCalculatorKit-ackorybalcxbfocbkqsfdzcfkgmn/SourcePackages/checkouts/LaTeXSwiftUI/Sources/LaTeXSwiftUI/Extensions/View+Extensions.swift /Users/rogerlin/Library/Developer/Xcode/DerivedData/FinancialCalculatorKit-ackorybalcxbfocbkqsfdzcfkgmn/SourcePackages/checkouts/LaTeXSwiftUI/Sources/LaTeXSwiftUI/LaTeX.swift /Users/rogerlin/Library/Developer/Xcode/DerivedData/FinancialCalculatorKit-ackorybalcxbfocbkqsfdzcfkgmn/SourcePackages/checkouts/LaTeXSwiftUI/Sources/LaTeXSwiftUI/Models/Aliases.swift /Users/rogerlin/Library/Developer/Xcode/DerivedData/FinancialCalculatorKit-ackorybalcxbfocbkqsfdzcfkgmn/SourcePackages/checkouts/LaTeXSwiftUI/Sources/LaTeXSwiftUI/Models/Cache.swift /Users/rogerlin/Library/Developer/Xcode/DerivedData/FinancialCalculatorKit-ackorybalcxbfocbkqsfdzcfkgmn/SourcePackages/checkouts/LaTeXSwiftUI/Sources/LaTeXSwiftUI/Models/Component.swift /Users/rogerlin/Library/Developer/Xcode/DerivedData/FinancialCalculatorKit-ackorybalcxbfocbkqsfdzcfkgmn/SourcePackages/checkouts/LaTeXSwiftUI/Sources/LaTeXSwiftUI/Models/ComponentBlock.swift /Users/rogerlin/Library/Developer/Xcode/DerivedData/FinancialCalculatorKit-ackorybalcxbfocbkqsfdzcfkgmn/SourcePackages/checkouts/LaTeXSwiftUI/Sources/LaTeXSwiftUI/Models/HashableCGRect.swift /Users/rogerlin/Library/Developer/Xcode/DerivedData/FinancialCalculatorKit-ackorybalcxbfocbkqsfdzcfkgmn/SourcePackages/checkouts/LaTeXSwiftUI/Sources/LaTeXSwiftUI/Models/HashableCGSize.swift /Users/rogerlin/Library/Developer/Xcode/DerivedData/FinancialCalculatorKit-ackorybalcxbfocbkqsfdzcfkgmn/SourcePackages/checkouts/LaTeXSwiftUI/Sources/LaTeXSwiftUI/Models/ImageContainer.swift /Users/rogerlin/Library/Developer/Xcode/DerivedData/FinancialCalculatorKit-ackorybalcxbfocbkqsfdzcfkgmn/SourcePackages/checkouts/LaTeXSwiftUI/Sources/LaTeXSwiftUI/Models/Parser.swift /Users/rogerlin/Library/Developer/Xcode/DerivedData/FinancialCalculatorKit-ackorybalcxbfocbkqsfdzcfkgmn/SourcePackages/checkouts/LaTeXSwiftUI/Sources/LaTeXSwiftUI/Models/Renderer.swift /Users/rogerlin/Library/Developer/Xcode/DerivedData/FinancialCalculatorKit-ackorybalcxbfocbkqsfdzcfkgmn/SourcePackages/checkouts/LaTeXSwiftUI/Sources/LaTeXSwiftUI/Models/SVG.swift /Users/rogerlin/Library/Developer/Xcode/DerivedData/FinancialCalculatorKit-ackorybalcxbfocbkqsfdzcfkgmn/SourcePackages/checkouts/LaTeXSwiftUI/Sources/LaTeXSwiftUI/Models/SVGGeometry.swift /Users/rogerlin/Library/Developer/Xcode/DerivedData/FinancialCalculatorKit-ackorybalcxbfocbkqsfdzcfkgmn/SourcePackages/checkouts/LaTeXSwiftUI/Sources/LaTeXSwiftUI/Previews/LaTeX_Previews+Color.swift /Users/rogerlin/Library/Developer/Xcode/DerivedData/FinancialCalculatorKit-ackorybalcxbfocbkqsfdzcfkgmn/SourcePackages/checkouts/LaTeXSwiftUI/Sources/LaTeXSwiftUI/Previews/LaTeX_Previews+Fonts.swift /Users/rogerlin/Library/Developer/Xcode/DerivedData/FinancialCalculatorKit-ackorybalcxbfocbkqsfdzcfkgmn/SourcePackages/checkouts/LaTeXSwiftUI/Sources/LaTeXSwiftUI/Previews/LaTeX_Previews+Modes.swift -primary-file /Users/rogerlin/Library/Developer/Xcode/DerivedData/FinancialCalculatorKit-ackorybalcxbfocbkqsfdzcfkgmn/SourcePackages/checkouts/LaTeXSwiftUI/Sources/LaTeXSwiftUI/Previews/LaTeX_Previews+Numbers.swift -primary-file /Users/rogerlin/Library/Developer/Xcode/DerivedData/FinancialCalculatorKit-ackorybalcxbfocbkqsfdzcfkgmn/SourcePackages/checkouts/LaTeXSwiftUI/Sources/LaTeXSwiftUI/Previews/LaTeX_Previews+Special.swift /Users/rogerlin/Library/Developer/Xcode/DerivedData/FinancialCalculatorKit-ackorybalcxbfocbkqsfdzcfkgmn/SourcePackages/checkouts/LaTeXSwiftUI/Sources/LaTeXSwiftUI/Previews/LaTeX_Previews+Styles.swift /Users/rogerlin/Library/Developer/Xcode/DerivedData/FinancialCalculatorKit-ackorybalcxbfocbkqsfdzcfkgmn/SourcePackages/checkouts/LaTeXSwiftUI/Sources/LaTeXSwiftUI/Styles/DefaultLaTeXStyle.swift /Users/rogerlin/Library/Developer/Xcode/DerivedData/FinancialCalculatorKit-ackorybalcxbfocbkqsfdzcfkgmn/SourcePackages/checkouts/LaTeXSwiftUI/Sources/LaTeXSwiftUI/Styles/LaTeXStyle.swift /Users/rogerlin/Library/Developer/Xcode/DerivedData/FinancialCalculatorKit-ackorybalcxbfocbkqsfdzcfkgmn/SourcePackages/checkouts/LaTeXSwiftUI/Sources/LaTeXSwiftUI/Styles/StandardLaTeXStyle.swift /Users/rogerlin/Library/Developer/Xcode/DerivedData/FinancialCalculatorKit-ackorybalcxbfocbkqsfdzcfkgmn/SourcePackages/checkouts/LaTeXSwiftUI/Sources/LaTeXSwiftUI/Views/ComponentBlocksText.swift /Users/rogerlin/Library/Developer/Xcode/DerivedData/FinancialCalculatorKit-ackorybalcxbfocbkqsfdzcfkgmn/SourcePackages/checkouts/LaTeXSwiftUI/Sources/LaTeXSwiftUI/Views/ComponentBlocksViews.swift /Users/rogerlin/Library/Developer/Xcode/DerivedData/FinancialCalculatorKit-ackorybalcxbfocbkqsfdzcfkgmn/SourcePackages/checkouts/LaTeXSwiftUI/Sources/LaTeXSwiftUI/Views/EquationNumber.swift /Users/rogerlin/Library/Developer/Xcode/DerivedData/FinancialCalculatorKit-ackorybalcxbfocbkqsfdzcfkgmn/SourcePackages/checkouts/LaTeXSwiftUI/Sources/LaTeXSwiftUI/Views/HorizontalImageScroller.swift -emit-dependencies-path /Users/rogerlin/Library/Developer/Xcode/DerivedData/FinancialCalculatorKit-ackorybalcxbfocbkqsfdzcfkgmn/Build/Intermediates.noindex/LaTeXSwiftUI.build/Debug/LaTeXSwiftUI.build/Objects-normal/arm64/LaTeX_Previews+Numbers.d -emit-const-values-path /Users/rogerlin/Library/Developer/Xcode/DerivedData/FinancialCalculatorKit-ackorybalcxbfocbkqsfdzcfkgmn/Build/Intermediates.noindex/LaTeXSwiftUI.build/Debug/LaTeXSwiftUI.build/Objects-normal/arm64/LaTeX_Previews+Numbers.swiftconstvalues -emit-reference-dependencies-path /Users/rogerlin/Library/Developer/Xcode/DerivedData/FinancialCalculatorKit-ackorybalcxbfocbkqsfdzcfkgmn/Build/Intermediates.noindex/LaTeXSwiftUI.build/Debug/LaTeXSwiftUI.build/Objects-normal/arm64/LaTeX_Previews+Numbers.swiftdeps -serialize-diagnostics-path /Users/rogerlin/Library/Developer/Xcode/DerivedData/FinancialCalculatorKit-ackorybalcxbfocbkqsfdzcfkgmn/Build/Intermediates.noindex/LaTeXSwiftUI.build/Debug/LaTeXSwiftUI.build/Objects-normal/arm64/LaTeX_Previews+Numbers.dia -emit-dependencies-path /Users/rogerlin/Library/Developer/Xcode/DerivedData/FinancialCalculatorKit-ackorybalcxbfocbkqsfdzcfkgmn/Build/Intermediates.noindex/LaTeXSwiftUI.build/Debug/LaTeXSwiftUI.build/Objects-normal/arm64/LaTeX_Previews+Special.d -emit-const-values-path /Users/rogerlin/Library/Developer/Xcode/DerivedData/FinancialCalculatorKit-ackorybalcxbfocbkqsfdzcfkgmn/Build/Intermediates.noindex/LaTeXSwiftUI.build/Debug/LaTeXSwiftUI.build/Objects-normal/arm64/LaTeX_Previews+Special.swiftconstvalues -emit-reference-dependencies-path /Users/rogerlin/Library/Developer/Xcode/DerivedData/FinancialCalculatorKit-ackorybalcxbfocbkqsfdzcfkgmn/Build/Intermediates.noindex/LaTeXSwiftUI.build/Debug/LaTeXSwiftUI.build/Objects-normal/arm64/LaTeX_Previews+Special.swiftdeps -serialize-diagnostics-path /Users/rogerlin/Library/Developer/Xcode/DerivedData/FinancialCalculatorKit-ackorybalcxbfocbkqsfdzcfkgmn/Build/Intermediates.noindex/LaTeXSwiftUI.build/Debug/LaTeXSwiftUI.build/Objects-normal/arm64/LaTeX_Previews+Special.dia -target arm64-apple-macos12.0 -load-resolved-plugin /Applications/Xcode.app/Contents/Developer/Platforms/MacOSX.platform/Developer/usr/lib/swift/host/plugins/libFoundationMacros.dylib\#/Applications/Xcode.app/Contents/Developer/Platforms/MacOSX.platform/Developer/usr/bin/swift-plugin-server\#FoundationMacros -load-resolved-plugin /Applications/Xcode.app/Contents/Developer/Platforms/MacOSX.platform/Developer/usr/lib/swift/host/plugins/libObservationMacros.dylib\#/Applications/Xcode.app/Contents/Developer/Platforms/MacOSX.platform/Developer/usr/bin/swift-plugin-server\#ObservationMacros -load-resolved-plugin /Applications/Xcode.app/Contents/Developer/Platforms/MacOSX.platform/Developer/usr/lib/swift/host/plugins/libPreviewsMacros.dylib\#/Applications/Xcode.app/Contents/Developer/Platforms/MacOSX.platform/Developer/usr/bin/swift-plugin-server\#PreviewsMacros -load-resolved-plugin /Applications/Xcode.app/Contents/Developer/Platforms/MacOSX.platform/Developer/usr/lib/swift/host/plugins/libSwiftMacros.dylib\#/Applications/Xcode.app/Contents/Developer/Platforms/MacOSX.platform/Developer/usr/bin/swift-plugin-server\#SwiftMacros -load-resolved-plugin /Applications/Xcode.app/Contents/Developer/Platforms/MacOSX.platform/Developer/usr/lib/swift/host/plugins/libSwiftUIMacros.dylib\#/Applications/Xcode.app/Contents/Developer/Platforms/MacOSX.platform/Developer/usr/bin/swift-plugin-server\#SwiftUIMacros -disable-implicit-swift-modules -Xcc -fno-implicit-modules -Xcc -fno-implicit-module-maps -explicit-swift-module-map-file /Users/rogerlin/Library/Developer/Xcode/DerivedData/FinancialCalculatorKit-ackorybalcxbfocbkqsfdzcfkgmn/Build/Intermediates.noindex/LaTeXSwiftUI.build/Debug/LaTeXSwiftUI.build/Objects-normal/arm64/LaTeXSwiftUI-dependencies-1.json -Xllvm -aarch64-use-tbi -enable-objc-interop -stack-check -sdk /Applications/Xcode.app/Contents/Developer/Platforms/MacOSX.platform/Developer/SDKs/MacOSX26.1.sdk -I /Users/rogerlin/Library/Developer/Xcode/DerivedData/FinancialCalculatorKit-ackorybalcxbfocbkqsfdzcfkgmn/Build/Products/Debug -Isystem /Applications/Xcode.app/Contents/Developer/Platforms/MacOSX.platform/Developer/usr/lib -F /Users/rogerlin/Library/Developer/Xcode/DerivedData/FinancialCalculatorKit-ackorybalcxbfocbkqsfdzcfkgmn/Build/Products/Debug/PackageFrameworks -F /Users/rogerlin/Library/Developer/Xcode/DerivedData/FinancialCalculatorKit-ackorybalcxbfocbkqsfdzcfkgmn/Build/Products/Debug/PackageFrameworks -F /Users/rogerlin/Library/Developer/Xcode/DerivedData/FinancialCalculatorKit-ackorybalcxbfocbkqsfdzcfkgmn/Build/Products/Debug/PackageFrameworks -F /Users/rogerlin/Library/Developer/Xcode/DerivedData/FinancialCalculatorKit-ackorybalcxbfocbkqsfdzcfkgmn/Build/Products/Debug/PackageFrameworks -F /Users/rogerlin/Library/Developer/Xcode/DerivedData/FinancialCalculatorKit-ackorybalcxbfocbkqsfdzcfkgmn/Build/Products/Debug -F /Applications/Xcode.app/Contents/Developer/Platforms/MacOSX.platform/Developer/Library/Frameworks -no-color-diagnostics -Xcc -fno-color-diagnostics -enable-testing -g -debug-info-format\=dwarf -dwarf-version\=4 -module-cache-path /Users/rogerlin/Library/Developer/Xcode/DerivedData/FinancialCalculatorKit-ackorybalcxbfocbkqsfdzcfkgmn/Build/Intermediates.noindex/SwiftExplicitPrecompiledModules -suppress-warnings -profile-generate -profile-coverage-mapping -swift-version 5 -enforce-exclusivity\=checked -Onone -D SWIFT_PACKAGE -D DEBUG -D SWIFT_MODULE_RESOURCE_BUNDLE_UNAVAILABLE -D Xcode -serialize-debugging-options -const-gather-protocols-file /Users/rogerlin/Library/Developer/Xcode/DerivedData/FinancialCalculatorKit-ackorybalcxbfocbkqsfdzcfkgmn/Build/Intermediates.noindex/LaTeXSwiftUI.build/Debug/LaTeXSwiftUI.build/Objects-normal/arm64/LaTeXSwiftUI_const_extract_protocols.json -enable-experimental-feature DebugDescriptionMacro -empty-abi-descriptor -validate-clang-modules-once -clang-build-session-file /Users/rogerlin/Library/Developer/Xcode/DerivedData/ModuleCache.noindex/Session.modulevalidation -Xcc -working-directory -Xcc /Users/rogerlin/XCode-Projects/FinancialCalculatorKit-5.0-updated-accent-colors/FinancialCalculatorKit.xcodeproj -enable-anonymous-context-mangled-names -file-compilation-dir /Users/rogerlin/XCode-Projects/FinancialCalculatorKit-5.0-updated-accent-colors/FinancialCalculatorKit.xcodeproj -Xcc -D_LIBCPP_HARDENING_MODE\=_LIBCPP_HARDENING_MODE_DEBUG -Xcc -ivfsstatcache -Xcc /Users/rogerlin/Library/Developer/Xcode/DerivedData/SDKStatCaches.noindex/macosx26.1-25B74-3ae1261907bdadc328169391a47051a6.sdkstatcache -Xcc -I/Users/rogerlin/Library/Developer/Xcode/DerivedData/FinancialCalculatorKit-ackorybalcxbfocbkqsfdzcfkgmn/Build/Intermediates.noindex/LaTeXSwiftUI.build/Debug/LaTeXSwiftUI.build/swift-overrides.hmap -Xcc -I/Users/rogerlin/Library/Developer/Xcode/DerivedData/FinancialCalculatorKit-ackorybalcxbfocbkqsfdzcfkgmn/Build/Products/Debug/include -Xcc -I/Users/rogerlin/Library/Developer/Xcode/DerivedData/FinancialCalculatorKit-ackorybalcxbfocbkqsfdzcfkgmn/Build/Intermediates.noindex/LaTeXSwiftUI.build/Debug/LaTeXSwiftUI.build/DerivedSources-normal/arm64 -Xcc -I/Users/rogerlin/Library/Developer/Xcode/DerivedData/FinancialCalculatorKit-ackorybalcxbfocbkqsfdzcfkgmn/Build/Intermediates.noindex/LaTeXSwiftUI.build/Debug/LaTeXSwiftUI.build/DerivedSources/arm64 -Xcc -I/Users/rogerlin/Library/Developer/Xcode/DerivedData/FinancialCalculatorKit-ackorybalcxbfocbkqsfdzcfkgmn/Build/Intermediates.noindex/LaTeXSwiftUI.build/Debug/LaTeXSwiftUI.build/DerivedSources -Xcc -DSWIFT_PACKAGE -Xcc -DDEBUG\=1 -no-auto-bridging-header-chaining -module-name LaTeXSwiftUI -frontend-parseable-output -disable-clang-spi -target-sdk-version 26.1 -target-sdk-name macosx26.1 -clang-target arm64-apple-macos26.1 -in-process-plugin-server-path /Applications/Xcode.app/Contents/Developer/Toolchains/XcodeDefault.xctoolchain/usr/lib/swift/host/libSwiftInProcPluginServer.dylib -o /Users/rogerlin/Library/Developer/Xcode/DerivedData/FinancialCalculatorKit-ackorybalcxbfocbkqsfdzcfkgmn/Build/Intermediates.noindex/LaTeXSwiftUI.build/Debug/LaTeXSwiftUI.build/Objects-normal/arm64/LaTeX_Previews+Numbers.o -o /Users/rogerlin/Library/Developer/Xcode/DerivedData/FinancialCalculatorKit-ackorybalcxbfocbkqsfdzcfkgmn/Build/Intermediates.noindex/LaTeXSwiftUI.build/Debug/LaTeXSwiftUI.build/Objects-normal/arm64/LaTeX_Previews+Special.o -index-unit-output-path /LaTeXSwiftUI.build/Debug/LaTeXSwiftUI.build/Objects-normal/arm64/LaTeX_Previews+Numbers.o -index-unit-output-path /LaTeXSwiftUI.build/Debug/LaTeXSwiftUI.build/Objects-normal/arm64/LaTeX_Previews+Special.o -index-store-path /Users/rogerlin/Library/Developer/Xcode/DerivedData/FinancialCalculatorKit-ackorybalcxbfocbkqsfdzcfkgmn/Index.noindex/DataStore -index-system-modules

SwiftCompile normal arm64 /Users/rogerlin/Library/Developer/Xcode/DerivedData/FinancialCalculatorKit-ackorybalcxbfocbkqsfdzcfkgmn/SourcePackages/checkouts/LaTeXSwiftUI/Sources/LaTeXSwiftUI/Previews/LaTeX_Previews+Numbers.swift (in target 'LaTeXSwiftUI' from project 'LaTeXSwiftUI')
    cd /Users/rogerlin/XCode-Projects/FinancialCalculatorKit-5.0-updated-accent-colors/FinancialCalculatorKit.xcodeproj
    

SwiftCompile normal arm64 /Users/rogerlin/Library/Developer/Xcode/DerivedData/FinancialCalculatorKit-ackorybalcxbfocbkqsfdzcfkgmn/SourcePackages/checkouts/LaTeXSwiftUI/Sources/LaTeXSwiftUI/Previews/LaTeX_Previews+Special.swift (in target 'LaTeXSwiftUI' from project 'LaTeXSwiftUI')
    cd /Users/rogerlin/XCode-Projects/FinancialCalculatorKit-5.0-updated-accent-colors/FinancialCalculatorKit.xcodeproj
    

SwiftDriverJobDiscovery normal arm64 Compiling Decimal.swift, Decimal128.swift (in target 'BigDecimal' from project 'BigDecimal')

SwiftCompile normal arm64 Compiling\ HashableCGRect.swift,\ HashableCGSize.swift /Users/rogerlin/Library/Developer/Xcode/DerivedData/FinancialCalculatorKit-ackorybalcxbfocbkqsfdzcfkgmn/SourcePackages/checkouts/LaTeXSwiftUI/Sources/LaTeXSwiftUI/Models/HashableCGRect.swift /Users/rogerlin/Library/Developer/Xcode/DerivedData/FinancialCalculatorKit-ackorybalcxbfocbkqsfdzcfkgmn/SourcePackages/checkouts/LaTeXSwiftUI/Sources/LaTeXSwiftUI/Models/HashableCGSize.swift (in target 'LaTeXSwiftUI' from project 'LaTeXSwiftUI')
/Applications/Xcode.app/Contents/Developer/Toolchains/XcodeDefault.xctoolchain/usr/bin/swift-frontend -frontend -c /Users/rogerlin/Library/Developer/Xcode/DerivedData/FinancialCalculatorKit-ackorybalcxbfocbkqsfdzcfkgmn/SourcePackages/checkouts/LaTeXSwiftUI/Sources/LaTeXSwiftUI/Extensions/EnvironmentValues+Extensions.swift /Users/rogerlin/Library/Developer/Xcode/DerivedData/FinancialCalculatorKit-ackorybalcxbfocbkqsfdzcfkgmn/SourcePackages/checkouts/LaTeXSwiftUI/Sources/LaTeXSwiftUI/Extensions/Font+Extensions.swift /Users/rogerlin/Library/Developer/Xcode/DerivedData/FinancialCalculatorKit-ackorybalcxbfocbkqsfdzcfkgmn/SourcePackages/checkouts/LaTeXSwiftUI/Sources/LaTeXSwiftUI/Extensions/Image+Extensions.swift /Users/rogerlin/Library/Developer/Xcode/DerivedData/FinancialCalculatorKit-ackorybalcxbfocbkqsfdzcfkgmn/SourcePackages/checkouts/LaTeXSwiftUI/Sources/LaTeXSwiftUI/Extensions/MathJax+Extensions.swift /Users/rogerlin/Library/Developer/Xcode/DerivedData/FinancialCalculatorKit-ackorybalcxbfocbkqsfdzcfkgmn/SourcePackages/checkouts/LaTeXSwiftUI/Sources/LaTeXSwiftUI/Extensions/NSImage+Extensions.swift /Users/rogerlin/Library/Developer/Xcode/DerivedData/FinancialCalculatorKit-ackorybalcxbfocbkqsfdzcfkgmn/SourcePackages/checkouts/LaTeXSwiftUI/Sources/LaTeXSwiftUI/Extensions/Range+Extensions.swift /Users/rogerlin/Library/Developer/Xcode/DerivedData/FinancialCalculatorKit-ackorybalcxbfocbkqsfdzcfkgmn/SourcePackages/checkouts/LaTeXSwiftUI/Sources/LaTeXSwiftUI/Extensions/TeXInputProcessorOptions+Extensions.swift /Users/rogerlin/Library/Developer/Xcode/DerivedData/FinancialCalculatorKit-ackorybalcxbfocbkqsfdzcfkgmn/SourcePackages/checkouts/LaTeXSwiftUI/Sources/LaTeXSwiftUI/Extensions/View+Extensions.swift /Users/rogerlin/Library/Developer/Xcode/DerivedData/FinancialCalculatorKit-ackorybalcxbfocbkqsfdzcfkgmn/SourcePackages/checkouts/LaTeXSwiftUI/Sources/LaTeXSwiftUI/LaTeX.swift /Users/rogerlin/Library/Developer/Xcode/DerivedData/FinancialCalculatorKit-ackorybalcxbfocbkqsfdzcfkgmn/SourcePackages/checkouts/LaTeXSwiftUI/Sources/LaTeXSwiftUI/Models/Aliases.swift /Users/rogerlin/Library/Developer/Xcode/DerivedData/FinancialCalculatorKit-ackorybalcxbfocbkqsfdzcfkgmn/SourcePackages/checkouts/LaTeXSwiftUI/Sources/LaTeXSwiftUI/Models/Cache.swift /Users/rogerlin/Library/Developer/Xcode/DerivedData/FinancialCalculatorKit-ackorybalcxbfocbkqsfdzcfkgmn/SourcePackages/checkouts/LaTeXSwiftUI/Sources/LaTeXSwiftUI/Models/Component.swift /Users/rogerlin/Library/Developer/Xcode/DerivedData/FinancialCalculatorKit-ackorybalcxbfocbkqsfdzcfkgmn/SourcePackages/checkouts/LaTeXSwiftUI/Sources/LaTeXSwiftUI/Models/ComponentBlock.swift -primary-file /Users/rogerlin/Library/Developer/Xcode/DerivedData/FinancialCalculatorKit-ackorybalcxbfocbkqsfdzcfkgmn/SourcePackages/checkouts/LaTeXSwiftUI/Sources/LaTeXSwiftUI/Models/HashableCGRect.swift -primary-file /Users/rogerlin/Library/Developer/Xcode/DerivedData/FinancialCalculatorKit-ackorybalcxbfocbkqsfdzcfkgmn/SourcePackages/checkouts/LaTeXSwiftUI/Sources/LaTeXSwiftUI/Models/HashableCGSize.swift /Users/rogerlin/Library/Developer/Xcode/DerivedData/FinancialCalculatorKit-ackorybalcxbfocbkqsfdzcfkgmn/SourcePackages/checkouts/LaTeXSwiftUI/Sources/LaTeXSwiftUI/Models/ImageContainer.swift /Users/rogerlin/Library/Developer/Xcode/DerivedData/FinancialCalculatorKit-ackorybalcxbfocbkqsfdzcfkgmn/SourcePackages/checkouts/LaTeXSwiftUI/Sources/LaTeXSwiftUI/Models/Parser.swift /Users/rogerlin/Library/Developer/Xcode/DerivedData/FinancialCalculatorKit-ackorybalcxbfocbkqsfdzcfkgmn/SourcePackages/checkouts/LaTeXSwiftUI/Sources/LaTeXSwiftUI/Models/Renderer.swift /Users/rogerlin/Library/Developer/Xcode/DerivedData/FinancialCalculatorKit-ackorybalcxbfocbkqsfdzcfkgmn/SourcePackages/checkouts/LaTeXSwiftUI/Sources/LaTeXSwiftUI/Models/SVG.swift /Users/rogerlin/Library/Developer/Xcode/DerivedData/FinancialCalculatorKit-ackorybalcxbfocbkqsfdzcfkgmn/SourcePackages/checkouts/LaTeXSwiftUI/Sources/LaTeXSwiftUI/Models/SVGGeometry.swift /Users/rogerlin/Library/Developer/Xcode/DerivedData/FinancialCalculatorKit-ackorybalcxbfocbkqsfdzcfkgmn/SourcePackages/checkouts/LaTeXSwiftUI/Sources/LaTeXSwiftUI/Previews/LaTeX_Previews+Color.swift /Users/rogerlin/Library/Developer/Xcode/DerivedData/FinancialCalculatorKit-ackorybalcxbfocbkqsfdzcfkgmn/SourcePackages/checkouts/LaTeXSwiftUI/Sources/LaTeXSwiftUI/Previews/LaTeX_Previews+Fonts.swift /Users/rogerlin/Library/Developer/Xcode/DerivedData/FinancialCalculatorKit-ackorybalcxbfocbkqsfdzcfkgmn/SourcePackages/checkouts/LaTeXSwiftUI/Sources/LaTeXSwiftUI/Previews/LaTeX_Previews+Modes.swift /Users/rogerlin/Library/Developer/Xcode/DerivedData/FinancialCalculatorKit-ackorybalcxbfocbkqsfdzcfkgmn/SourcePackages/checkouts/LaTeXSwiftUI/Sources/LaTeXSwiftUI/Previews/LaTeX_Previews+Numbers.swift /Users/rogerlin/Library/Developer/Xcode/DerivedData/FinancialCalculatorKit-ackorybalcxbfocbkqsfdzcfkgmn/SourcePackages/checkouts/LaTeXSwiftUI/Sources/LaTeXSwiftUI/Previews/LaTeX_Previews+Special.swift /Users/rogerlin/Library/Developer/Xcode/DerivedData/FinancialCalculatorKit-ackorybalcxbfocbkqsfdzcfkgmn/SourcePackages/checkouts/LaTeXSwiftUI/Sources/LaTeXSwiftUI/Previews/LaTeX_Previews+Styles.swift /Users/rogerlin/Library/Developer/Xcode/DerivedData/FinancialCalculatorKit-ackorybalcxbfocbkqsfdzcfkgmn/SourcePackages/checkouts/LaTeXSwiftUI/Sources/LaTeXSwiftUI/Styles/DefaultLaTeXStyle.swift /Users/rogerlin/Library/Developer/Xcode/DerivedData/FinancialCalculatorKit-ackorybalcxbfocbkqsfdzcfkgmn/SourcePackages/checkouts/LaTeXSwiftUI/Sources/LaTeXSwiftUI/Styles/LaTeXStyle.swift /Users/rogerlin/Library/Developer/Xcode/DerivedData/FinancialCalculatorKit-ackorybalcxbfocbkqsfdzcfkgmn/SourcePackages/checkouts/LaTeXSwiftUI/Sources/LaTeXSwiftUI/Styles/StandardLaTeXStyle.swift /Users/rogerlin/Library/Developer/Xcode/DerivedData/FinancialCalculatorKit-ackorybalcxbfocbkqsfdzcfkgmn/SourcePackages/checkouts/LaTeXSwiftUI/Sources/LaTeXSwiftUI/Views/ComponentBlocksText.swift /Users/rogerlin/Library/Developer/Xcode/DerivedData/FinancialCalculatorKit-ackorybalcxbfocbkqsfdzcfkgmn/SourcePackages/checkouts/LaTeXSwiftUI/Sources/LaTeXSwiftUI/Views/ComponentBlocksViews.swift /Users/rogerlin/Library/Developer/Xcode/DerivedData/FinancialCalculatorKit-ackorybalcxbfocbkqsfdzcfkgmn/SourcePackages/checkouts/LaTeXSwiftUI/Sources/LaTeXSwiftUI/Views/EquationNumber.swift /Users/rogerlin/Library/Developer/Xcode/DerivedData/FinancialCalculatorKit-ackorybalcxbfocbkqsfdzcfkgmn/SourcePackages/checkouts/LaTeXSwiftUI/Sources/LaTeXSwiftUI/Views/HorizontalImageScroller.swift -emit-dependencies-path /Users/rogerlin/Library/Developer/Xcode/DerivedData/FinancialCalculatorKit-ackorybalcxbfocbkqsfdzcfkgmn/Build/Intermediates.noindex/LaTeXSwiftUI.build/Debug/LaTeXSwiftUI.build/Objects-normal/arm64/HashableCGRect.d -emit-const-values-path /Users/rogerlin/Library/Developer/Xcode/DerivedData/FinancialCalculatorKit-ackorybalcxbfocbkqsfdzcfkgmn/Build/Intermediates.noindex/LaTeXSwiftUI.build/Debug/LaTeXSwiftUI.build/Objects-normal/arm64/HashableCGRect.swiftconstvalues -emit-reference-dependencies-path /Users/rogerlin/Library/Developer/Xcode/DerivedData/FinancialCalculatorKit-ackorybalcxbfocbkqsfdzcfkgmn/Build/Intermediates.noindex/LaTeXSwiftUI.build/Debug/LaTeXSwiftUI.build/Objects-normal/arm64/HashableCGRect.swiftdeps -serialize-diagnostics-path /Users/rogerlin/Library/Developer/Xcode/DerivedData/FinancialCalculatorKit-ackorybalcxbfocbkqsfdzcfkgmn/Build/Intermediates.noindex/LaTeXSwiftUI.build/Debug/LaTeXSwiftUI.build/Objects-normal/arm64/HashableCGRect.dia -emit-dependencies-path /Users/rogerlin/Library/Developer/Xcode/DerivedData/FinancialCalculatorKit-ackorybalcxbfocbkqsfdzcfkgmn/Build/Intermediates.noindex/LaTeXSwiftUI.build/Debug/LaTeXSwiftUI.build/Objects-normal/arm64/HashableCGSize.d -emit-const-values-path /Users/rogerlin/Library/Developer/Xcode/DerivedData/FinancialCalculatorKit-ackorybalcxbfocbkqsfdzcfkgmn/Build/Intermediates.noindex/LaTeXSwiftUI.build/Debug/LaTeXSwiftUI.build/Objects-normal/arm64/HashableCGSize.swiftconstvalues -emit-reference-dependencies-path /Users/rogerlin/Library/Developer/Xcode/DerivedData/FinancialCalculatorKit-ackorybalcxbfocbkqsfdzcfkgmn/Build/Intermediates.noindex/LaTeXSwiftUI.build/Debug/LaTeXSwiftUI.build/Objects-normal/arm64/HashableCGSize.swiftdeps -serialize-diagnostics-path /Users/rogerlin/Library/Developer/Xcode/DerivedData/FinancialCalculatorKit-ackorybalcxbfocbkqsfdzcfkgmn/Build/Intermediates.noindex/LaTeXSwiftUI.build/Debug/LaTeXSwiftUI.build/Objects-normal/arm64/HashableCGSize.dia -target arm64-apple-macos12.0 -load-resolved-plugin /Applications/Xcode.app/Contents/Developer/Platforms/MacOSX.platform/Developer/usr/lib/swift/host/plugins/libFoundationMacros.dylib\#/Applications/Xcode.app/Contents/Developer/Platforms/MacOSX.platform/Developer/usr/bin/swift-plugin-server\#FoundationMacros -load-resolved-plugin /Applications/Xcode.app/Contents/Developer/Platforms/MacOSX.platform/Developer/usr/lib/swift/host/plugins/libObservationMacros.dylib\#/Applications/Xcode.app/Contents/Developer/Platforms/MacOSX.platform/Developer/usr/bin/swift-plugin-server\#ObservationMacros -load-resolved-plugin /Applications/Xcode.app/Contents/Developer/Platforms/MacOSX.platform/Developer/usr/lib/swift/host/plugins/libPreviewsMacros.dylib\#/Applications/Xcode.app/Contents/Developer/Platforms/MacOSX.platform/Developer/usr/bin/swift-plugin-server\#PreviewsMacros -load-resolved-plugin /Applications/Xcode.app/Contents/Developer/Platforms/MacOSX.platform/Developer/usr/lib/swift/host/plugins/libSwiftMacros.dylib\#/Applications/Xcode.app/Contents/Developer/Platforms/MacOSX.platform/Developer/usr/bin/swift-plugin-server\#SwiftMacros -load-resolved-plugin /Applications/Xcode.app/Contents/Developer/Platforms/MacOSX.platform/Developer/usr/lib/swift/host/plugins/libSwiftUIMacros.dylib\#/Applications/Xcode.app/Contents/Developer/Platforms/MacOSX.platform/Developer/usr/bin/swift-plugin-server\#SwiftUIMacros -disable-implicit-swift-modules -Xcc -fno-implicit-modules -Xcc -fno-implicit-module-maps -explicit-swift-module-map-file /Users/rogerlin/Library/Developer/Xcode/DerivedData/FinancialCalculatorKit-ackorybalcxbfocbkqsfdzcfkgmn/Build/Intermediates.noindex/LaTeXSwiftUI.build/Debug/LaTeXSwiftUI.build/Objects-normal/arm64/LaTeXSwiftUI-dependencies-1.json -Xllvm -aarch64-use-tbi -enable-objc-interop -stack-check -sdk /Applications/Xcode.app/Contents/Developer/Platforms/MacOSX.platform/Developer/SDKs/MacOSX26.1.sdk -I /Users/rogerlin/Library/Developer/Xcode/DerivedData/FinancialCalculatorKit-ackorybalcxbfocbkqsfdzcfkgmn/Build/Products/Debug -Isystem /Applications/Xcode.app/Contents/Developer/Platforms/MacOSX.platform/Developer/usr/lib -F /Users/rogerlin/Library/Developer/Xcode/DerivedData/FinancialCalculatorKit-ackorybalcxbfocbkqsfdzcfkgmn/Build/Products/Debug/PackageFrameworks -F /Users/rogerlin/Library/Developer/Xcode/DerivedData/FinancialCalculatorKit-ackorybalcxbfocbkqsfdzcfkgmn/Build/Products/Debug/PackageFrameworks -F /Users/rogerlin/Library/Developer/Xcode/DerivedData/FinancialCalculatorKit-ackorybalcxbfocbkqsfdzcfkgmn/Build/Products/Debug/PackageFrameworks -F /Users/rogerlin/Library/Developer/Xcode/DerivedData/FinancialCalculatorKit-ackorybalcxbfocbkqsfdzcfkgmn/Build/Products/Debug/PackageFrameworks -F /Users/rogerlin/Library/Developer/Xcode/DerivedData/FinancialCalculatorKit-ackorybalcxbfocbkqsfdzcfkgmn/Build/Products/Debug -F /Applications/Xcode.app/Contents/Developer/Platforms/MacOSX.platform/Developer/Library/Frameworks -no-color-diagnostics -Xcc -fno-color-diagnostics -enable-testing -g -debug-info-format\=dwarf -dwarf-version\=4 -module-cache-path /Users/rogerlin/Library/Developer/Xcode/DerivedData/FinancialCalculatorKit-ackorybalcxbfocbkqsfdzcfkgmn/Build/Intermediates.noindex/SwiftExplicitPrecompiledModules -suppress-warnings -profile-generate -profile-coverage-mapping -swift-version 5 -enforce-exclusivity\=checked -Onone -D SWIFT_PACKAGE -D DEBUG -D SWIFT_MODULE_RESOURCE_BUNDLE_UNAVAILABLE -D Xcode -serialize-debugging-options -const-gather-protocols-file /Users/rogerlin/Library/Developer/Xcode/DerivedData/FinancialCalculatorKit-ackorybalcxbfocbkqsfdzcfkgmn/Build/Intermediates.noindex/LaTeXSwiftUI.build/Debug/LaTeXSwiftUI.build/Objects-normal/arm64/LaTeXSwiftUI_const_extract_protocols.json -enable-experimental-feature DebugDescriptionMacro -empty-abi-descriptor -validate-clang-modules-once -clang-build-session-file /Users/rogerlin/Library/Developer/Xcode/DerivedData/ModuleCache.noindex/Session.modulevalidation -Xcc -working-directory -Xcc /Users/rogerlin/XCode-Projects/FinancialCalculatorKit-5.0-updated-accent-colors/FinancialCalculatorKit.xcodeproj -enable-anonymous-context-mangled-names -file-compilation-dir /Users/rogerlin/XCode-Projects/FinancialCalculatorKit-5.0-updated-accent-colors/FinancialCalculatorKit.xcodeproj -Xcc -D_LIBCPP_HARDENING_MODE\=_LIBCPP_HARDENING_MODE_DEBUG -Xcc -ivfsstatcache -Xcc /Users/rogerlin/Library/Developer/Xcode/DerivedData/SDKStatCaches.noindex/macosx26.1-25B74-3ae1261907bdadc328169391a47051a6.sdkstatcache -Xcc -I/Users/rogerlin/Library/Developer/Xcode/DerivedData/FinancialCalculatorKit-ackorybalcxbfocbkqsfdzcfkgmn/Build/Intermediates.noindex/LaTeXSwiftUI.build/Debug/LaTeXSwiftUI.build/swift-overrides.hmap -Xcc -I/Users/rogerlin/Library/Developer/Xcode/DerivedData/FinancialCalculatorKit-ackorybalcxbfocbkqsfdzcfkgmn/Build/Products/Debug/include -Xcc -I/Users/rogerlin/Library/Developer/Xcode/DerivedData/FinancialCalculatorKit-ackorybalcxbfocbkqsfdzcfkgmn/Build/Intermediates.noindex/LaTeXSwiftUI.build/Debug/LaTeXSwiftUI.build/DerivedSources-normal/arm64 -Xcc -I/Users/rogerlin/Library/Developer/Xcode/DerivedData/FinancialCalculatorKit-ackorybalcxbfocbkqsfdzcfkgmn/Build/Intermediates.noindex/LaTeXSwiftUI.build/Debug/LaTeXSwiftUI.build/DerivedSources/arm64 -Xcc -I/Users/rogerlin/Library/Developer/Xcode/DerivedData/FinancialCalculatorKit-ackorybalcxbfocbkqsfdzcfkgmn/Build/Intermediates.noindex/LaTeXSwiftUI.build/Debug/LaTeXSwiftUI.build/DerivedSources -Xcc -DSWIFT_PACKAGE -Xcc -DDEBUG\=1 -no-auto-bridging-header-chaining -module-name LaTeXSwiftUI -frontend-parseable-output -disable-clang-spi -target-sdk-version 26.1 -target-sdk-name macosx26.1 -clang-target arm64-apple-macos26.1 -in-process-plugin-server-path /Applications/Xcode.app/Contents/Developer/Toolchains/XcodeDefault.xctoolchain/usr/lib/swift/host/libSwiftInProcPluginServer.dylib -o /Users/rogerlin/Library/Developer/Xcode/DerivedData/FinancialCalculatorKit-ackorybalcxbfocbkqsfdzcfkgmn/Build/Intermediates.noindex/LaTeXSwiftUI.build/Debug/LaTeXSwiftUI.build/Objects-normal/arm64/HashableCGRect.o -o /Users/rogerlin/Library/Developer/Xcode/DerivedData/FinancialCalculatorKit-ackorybalcxbfocbkqsfdzcfkgmn/Build/Intermediates.noindex/LaTeXSwiftUI.build/Debug/LaTeXSwiftUI.build/Objects-normal/arm64/HashableCGSize.o -index-unit-output-path /LaTeXSwiftUI.build/Debug/LaTeXSwiftUI.build/Objects-normal/arm64/HashableCGRect.o -index-unit-output-path /LaTeXSwiftUI.build/Debug/LaTeXSwiftUI.build/Objects-normal/arm64/HashableCGSize.o -index-store-path /Users/rogerlin/Library/Developer/Xcode/DerivedData/FinancialCalculatorKit-ackorybalcxbfocbkqsfdzcfkgmn/Index.noindex/DataStore -index-system-modules

SwiftCompile normal arm64 /Users/rogerlin/Library/Developer/Xcode/DerivedData/FinancialCalculatorKit-ackorybalcxbfocbkqsfdzcfkgmn/SourcePackages/checkouts/LaTeXSwiftUI/Sources/LaTeXSwiftUI/Models/HashableCGRect.swift (in target 'LaTeXSwiftUI' from project 'LaTeXSwiftUI')
    cd /Users/rogerlin/XCode-Projects/FinancialCalculatorKit-5.0-updated-accent-colors/FinancialCalculatorKit.xcodeproj
    

SwiftCompile normal arm64 /Users/rogerlin/Library/Developer/Xcode/DerivedData/FinancialCalculatorKit-ackorybalcxbfocbkqsfdzcfkgmn/SourcePackages/checkouts/LaTeXSwiftUI/Sources/LaTeXSwiftUI/Models/HashableCGSize.swift (in target 'LaTeXSwiftUI' from project 'LaTeXSwiftUI')
    cd /Users/rogerlin/XCode-Projects/FinancialCalculatorKit-5.0-updated-accent-colors/FinancialCalculatorKit.xcodeproj
    

SwiftDriverJobDiscovery normal arm64 Compiling MathJax+Extensions.swift, NSImage+Extensions.swift (in target 'LaTeXSwiftUI' from project 'LaTeXSwiftUI')

SwiftCompile normal arm64 Compiling\ EnvironmentValues+Extensions.swift,\ Font+Extensions.swift,\ Image+Extensions.swift /Users/rogerlin/Library/Developer/Xcode/DerivedData/FinancialCalculatorKit-ackorybalcxbfocbkqsfdzcfkgmn/SourcePackages/checkouts/LaTeXSwiftUI/Sources/LaTeXSwiftUI/Extensions/EnvironmentValues+Extensions.swift /Users/rogerlin/Library/Developer/Xcode/DerivedData/FinancialCalculatorKit-ackorybalcxbfocbkqsfdzcfkgmn/SourcePackages/checkouts/LaTeXSwiftUI/Sources/LaTeXSwiftUI/Extensions/Font+Extensions.swift /Users/rogerlin/Library/Developer/Xcode/DerivedData/FinancialCalculatorKit-ackorybalcxbfocbkqsfdzcfkgmn/SourcePackages/checkouts/LaTeXSwiftUI/Sources/LaTeXSwiftUI/Extensions/Image+Extensions.swift (in target 'LaTeXSwiftUI' from project 'LaTeXSwiftUI')
/Applications/Xcode.app/Contents/Developer/Toolchains/XcodeDefault.xctoolchain/usr/bin/swift-frontend -frontend -c -primary-file /Users/rogerlin/Library/Developer/Xcode/DerivedData/FinancialCalculatorKit-ackorybalcxbfocbkqsfdzcfkgmn/SourcePackages/checkouts/LaTeXSwiftUI/Sources/LaTeXSwiftUI/Extensions/EnvironmentValues+Extensions.swift -primary-file /Users/rogerlin/Library/Developer/Xcode/DerivedData/FinancialCalculatorKit-ackorybalcxbfocbkqsfdzcfkgmn/SourcePackages/checkouts/LaTeXSwiftUI/Sources/LaTeXSwiftUI/Extensions/Font+Extensions.swift -primary-file /Users/rogerlin/Library/Developer/Xcode/DerivedData/FinancialCalculatorKit-ackorybalcxbfocbkqsfdzcfkgmn/SourcePackages/checkouts/LaTeXSwiftUI/Sources/LaTeXSwiftUI/Extensions/Image+Extensions.swift /Users/rogerlin/Library/Developer/Xcode/DerivedData/FinancialCalculatorKit-ackorybalcxbfocbkqsfdzcfkgmn/SourcePackages/checkouts/LaTeXSwiftUI/Sources/LaTeXSwiftUI/Extensions/MathJax+Extensions.swift /Users/rogerlin/Library/Developer/Xcode/DerivedData/FinancialCalculatorKit-ackorybalcxbfocbkqsfdzcfkgmn/SourcePackages/checkouts/LaTeXSwiftUI/Sources/LaTeXSwiftUI/Extensions/NSImage+Extensions.swift /Users/rogerlin/Library/Developer/Xcode/DerivedData/FinancialCalculatorKit-ackorybalcxbfocbkqsfdzcfkgmn/SourcePackages/checkouts/LaTeXSwiftUI/Sources/LaTeXSwiftUI/Extensions/Range+Extensions.swift /Users/rogerlin/Library/Developer/Xcode/DerivedData/FinancialCalculatorKit-ackorybalcxbfocbkqsfdzcfkgmn/SourcePackages/checkouts/LaTeXSwiftUI/Sources/LaTeXSwiftUI/Extensions/TeXInputProcessorOptions+Extensions.swift /Users/rogerlin/Library/Developer/Xcode/DerivedData/FinancialCalculatorKit-ackorybalcxbfocbkqsfdzcfkgmn/SourcePackages/checkouts/LaTeXSwiftUI/Sources/LaTeXSwiftUI/Extensions/View+Extensions.swift /Users/rogerlin/Library/Developer/Xcode/DerivedData/FinancialCalculatorKit-ackorybalcxbfocbkqsfdzcfkgmn/SourcePackages/checkouts/LaTeXSwiftUI/Sources/LaTeXSwiftUI/LaTeX.swift /Users/rogerlin/Library/Developer/Xcode/DerivedData/FinancialCalculatorKit-ackorybalcxbfocbkqsfdzcfkgmn/SourcePackages/checkouts/LaTeXSwiftUI/Sources/LaTeXSwiftUI/Models/Aliases.swift /Users/rogerlin/Library/Developer/Xcode/DerivedData/FinancialCalculatorKit-ackorybalcxbfocbkqsfdzcfkgmn/SourcePackages/checkouts/LaTeXSwiftUI/Sources/LaTeXSwiftUI/Models/Cache.swift /Users/rogerlin/Library/Developer/Xcode/DerivedData/FinancialCalculatorKit-ackorybalcxbfocbkqsfdzcfkgmn/SourcePackages/checkouts/LaTeXSwiftUI/Sources/LaTeXSwiftUI/Models/Component.swift /Users/rogerlin/Library/Developer/Xcode/DerivedData/FinancialCalculatorKit-ackorybalcxbfocbkqsfdzcfkgmn/SourcePackages/checkouts/LaTeXSwiftUI/Sources/LaTeXSwiftUI/Models/ComponentBlock.swift /Users/rogerlin/Library/Developer/Xcode/DerivedData/FinancialCalculatorKit-ackorybalcxbfocbkqsfdzcfkgmn/SourcePackages/checkouts/LaTeXSwiftUI/Sources/LaTeXSwiftUI/Models/HashableCGRect.swift /Users/rogerlin/Library/Developer/Xcode/DerivedData/FinancialCalculatorKit-ackorybalcxbfocbkqsfdzcfkgmn/SourcePackages/checkouts/LaTeXSwiftUI/Sources/LaTeXSwiftUI/Models/HashableCGSize.swift /Users/rogerlin/Library/Developer/Xcode/DerivedData/FinancialCalculatorKit-ackorybalcxbfocbkqsfdzcfkgmn/SourcePackages/checkouts/LaTeXSwiftUI/Sources/LaTeXSwiftUI/Models/ImageContainer.swift /Users/rogerlin/Library/Developer/Xcode/DerivedData/FinancialCalculatorKit-ackorybalcxbfocbkqsfdzcfkgmn/SourcePackages/checkouts/LaTeXSwiftUI/Sources/LaTeXSwiftUI/Models/Parser.swift /Users/rogerlin/Library/Developer/Xcode/DerivedData/FinancialCalculatorKit-ackorybalcxbfocbkqsfdzcfkgmn/SourcePackages/checkouts/LaTeXSwiftUI/Sources/LaTeXSwiftUI/Models/Renderer.swift /Users/rogerlin/Library/Developer/Xcode/DerivedData/FinancialCalculatorKit-ackorybalcxbfocbkqsfdzcfkgmn/SourcePackages/checkouts/LaTeXSwiftUI/Sources/LaTeXSwiftUI/Models/SVG.swift /Users/rogerlin/Library/Developer/Xcode/DerivedData/FinancialCalculatorKit-ackorybalcxbfocbkqsfdzcfkgmn/SourcePackages/checkouts/LaTeXSwiftUI/Sources/LaTeXSwiftUI/Models/SVGGeometry.swift /Users/rogerlin/Library/Developer/Xcode/DerivedData/FinancialCalculatorKit-ackorybalcxbfocbkqsfdzcfkgmn/SourcePackages/checkouts/LaTeXSwiftUI/Sources/LaTeXSwiftUI/Previews/LaTeX_Previews+Color.swift /Users/rogerlin/Library/Developer/Xcode/DerivedData/FinancialCalculatorKit-ackorybalcxbfocbkqsfdzcfkgmn/SourcePackages/checkouts/LaTeXSwiftUI/Sources/LaTeXSwiftUI/Previews/LaTeX_Previews+Fonts.swift /Users/rogerlin/Library/Developer/Xcode/DerivedData/FinancialCalculatorKit-ackorybalcxbfocbkqsfdzcfkgmn/SourcePackages/checkouts/LaTeXSwiftUI/Sources/LaTeXSwiftUI/Previews/LaTeX_Previews+Modes.swift /Users/rogerlin/Library/Developer/Xcode/DerivedData/FinancialCalculatorKit-ackorybalcxbfocbkqsfdzcfkgmn/SourcePackages/checkouts/LaTeXSwiftUI/Sources/LaTeXSwiftUI/Previews/LaTeX_Previews+Numbers.swift /Users/rogerlin/Library/Developer/Xcode/DerivedData/FinancialCalculatorKit-ackorybalcxbfocbkqsfdzcfkgmn/SourcePackages/checkouts/LaTeXSwiftUI/Sources/LaTeXSwiftUI/Previews/LaTeX_Previews+Special.swift /Users/rogerlin/Library/Developer/Xcode/DerivedData/FinancialCalculatorKit-ackorybalcxbfocbkqsfdzcfkgmn/SourcePackages/checkouts/LaTeXSwiftUI/Sources/LaTeXSwiftUI/Previews/LaTeX_Previews+Styles.swift /Users/rogerlin/Library/Developer/Xcode/DerivedData/FinancialCalculatorKit-ackorybalcxbfocbkqsfdzcfkgmn/SourcePackages/checkouts/LaTeXSwiftUI/Sources/LaTeXSwiftUI/Styles/DefaultLaTeXStyle.swift /Users/rogerlin/Library/Developer/Xcode/DerivedData/FinancialCalculatorKit-ackorybalcxbfocbkqsfdzcfkgmn/SourcePackages/checkouts/LaTeXSwiftUI/Sources/LaTeXSwiftUI/Styles/LaTeXStyle.swift /Users/rogerlin/Library/Developer/Xcode/DerivedData/FinancialCalculatorKit-ackorybalcxbfocbkqsfdzcfkgmn/SourcePackages/checkouts/LaTeXSwiftUI/Sources/LaTeXSwiftUI/Styles/StandardLaTeXStyle.swift /Users/rogerlin/Library/Developer/Xcode/DerivedData/FinancialCalculatorKit-ackorybalcxbfocbkqsfdzcfkgmn/SourcePackages/checkouts/LaTeXSwiftUI/Sources/LaTeXSwiftUI/Views/ComponentBlocksText.swift /Users/rogerlin/Library/Developer/Xcode/DerivedData/FinancialCalculatorKit-ackorybalcxbfocbkqsfdzcfkgmn/SourcePackages/checkouts/LaTeXSwiftUI/Sources/LaTeXSwiftUI/Views/ComponentBlocksViews.swift /Users/rogerlin/Library/Developer/Xcode/DerivedData/FinancialCalculatorKit-ackorybalcxbfocbkqsfdzcfkgmn/SourcePackages/checkouts/LaTeXSwiftUI/Sources/LaTeXSwiftUI/Views/EquationNumber.swift /Users/rogerlin/Library/Developer/Xcode/DerivedData/FinancialCalculatorKit-ackorybalcxbfocbkqsfdzcfkgmn/SourcePackages/checkouts/LaTeXSwiftUI/Sources/LaTeXSwiftUI/Views/HorizontalImageScroller.swift -supplementary-output-file-map /Users/rogerlin/Library/Developer/Xcode/DerivedData/FinancialCalculatorKit-ackorybalcxbfocbkqsfdzcfkgmn/Build/Intermediates.noindex/LaTeXSwiftUI.build/Debug/LaTeXSwiftUI.build/Objects-normal/arm64/supplementaryOutputs-34 -target arm64-apple-macos12.0 -load-resolved-plugin /Applications/Xcode.app/Contents/Developer/Platforms/MacOSX.platform/Developer/usr/lib/swift/host/plugins/libFoundationMacros.dylib\#/Applications/Xcode.app/Contents/Developer/Platforms/MacOSX.platform/Developer/usr/bin/swift-plugin-server\#FoundationMacros -load-resolved-plugin /Applications/Xcode.app/Contents/Developer/Platforms/MacOSX.platform/Developer/usr/lib/swift/host/plugins/libObservationMacros.dylib\#/Applications/Xcode.app/Contents/Developer/Platforms/MacOSX.platform/Developer/usr/bin/swift-plugin-server\#ObservationMacros -load-resolved-plugin /Applications/Xcode.app/Contents/Developer/Platforms/MacOSX.platform/Developer/usr/lib/swift/host/plugins/libPreviewsMacros.dylib\#/Applications/Xcode.app/Contents/Developer/Platforms/MacOSX.platform/Developer/usr/bin/swift-plugin-server\#PreviewsMacros -load-resolved-plugin /Applications/Xcode.app/Contents/Developer/Platforms/MacOSX.platform/Developer/usr/lib/swift/host/plugins/libSwiftMacros.dylib\#/Applications/Xcode.app/Contents/Developer/Platforms/MacOSX.platform/Developer/usr/bin/swift-plugin-server\#SwiftMacros -load-resolved-plugin /Applications/Xcode.app/Contents/Developer/Platforms/MacOSX.platform/Developer/usr/lib/swift/host/plugins/libSwiftUIMacros.dylib\#/Applications/Xcode.app/Contents/Developer/Platforms/MacOSX.platform/Developer/usr/bin/swift-plugin-server\#SwiftUIMacros -disable-implicit-swift-modules -Xcc -fno-implicit-modules -Xcc -fno-implicit-module-maps -explicit-swift-module-map-file /Users/rogerlin/Library/Developer/Xcode/DerivedData/FinancialCalculatorKit-ackorybalcxbfocbkqsfdzcfkgmn/Build/Intermediates.noindex/LaTeXSwiftUI.build/Debug/LaTeXSwiftUI.build/Objects-normal/arm64/LaTeXSwiftUI-dependencies-1.json -Xllvm -aarch64-use-tbi -enable-objc-interop -stack-check -sdk /Applications/Xcode.app/Contents/Developer/Platforms/MacOSX.platform/Developer/SDKs/MacOSX26.1.sdk -I /Users/rogerlin/Library/Developer/Xcode/DerivedData/FinancialCalculatorKit-ackorybalcxbfocbkqsfdzcfkgmn/Build/Products/Debug -Isystem /Applications/Xcode.app/Contents/Developer/Platforms/MacOSX.platform/Developer/usr/lib -F /Users/rogerlin/Library/Developer/Xcode/DerivedData/FinancialCalculatorKit-ackorybalcxbfocbkqsfdzcfkgmn/Build/Products/Debug/PackageFrameworks -F /Users/rogerlin/Library/Developer/Xcode/DerivedData/FinancialCalculatorKit-ackorybalcxbfocbkqsfdzcfkgmn/Build/Products/Debug/PackageFrameworks -F /Users/rogerlin/Library/Developer/Xcode/DerivedData/FinancialCalculatorKit-ackorybalcxbfocbkqsfdzcfkgmn/Build/Products/Debug/PackageFrameworks -F /Users/rogerlin/Library/Developer/Xcode/DerivedData/FinancialCalculatorKit-ackorybalcxbfocbkqsfdzcfkgmn/Build/Products/Debug/PackageFrameworks -F /Users/rogerlin/Library/Developer/Xcode/DerivedData/FinancialCalculatorKit-ackorybalcxbfocbkqsfdzcfkgmn/Build/Products/Debug -F /Applications/Xcode.app/Contents/Developer/Platforms/MacOSX.platform/Developer/Library/Frameworks -no-color-diagnostics -Xcc -fno-color-diagnostics -enable-testing -g -debug-info-format\=dwarf -dwarf-version\=4 -module-cache-path /Users/rogerlin/Library/Developer/Xcode/DerivedData/FinancialCalculatorKit-ackorybalcxbfocbkqsfdzcfkgmn/Build/Intermediates.noindex/SwiftExplicitPrecompiledModules -suppress-warnings -profile-generate -profile-coverage-mapping -swift-version 5 -enforce-exclusivity\=checked -Onone -D SWIFT_PACKAGE -D DEBUG -D SWIFT_MODULE_RESOURCE_BUNDLE_UNAVAILABLE -D Xcode -serialize-debugging-options -const-gather-protocols-file /Users/rogerlin/Library/Developer/Xcode/DerivedData/FinancialCalculatorKit-ackorybalcxbfocbkqsfdzcfkgmn/Build/Intermediates.noindex/LaTeXSwiftUI.build/Debug/LaTeXSwiftUI.build/Objects-normal/arm64/LaTeXSwiftUI_const_extract_protocols.json -enable-experimental-feature DebugDescriptionMacro -empty-abi-descriptor -validate-clang-modules-once -clang-build-session-file /Users/rogerlin/Library/Developer/Xcode/DerivedData/ModuleCache.noindex/Session.modulevalidation -Xcc -working-directory -Xcc /Users/rogerlin/XCode-Projects/FinancialCalculatorKit-5.0-updated-accent-colors/FinancialCalculatorKit.xcodeproj -enable-anonymous-context-mangled-names -file-compilation-dir /Users/rogerlin/XCode-Projects/FinancialCalculatorKit-5.0-updated-accent-colors/FinancialCalculatorKit.xcodeproj -Xcc -D_LIBCPP_HARDENING_MODE\=_LIBCPP_HARDENING_MODE_DEBUG -Xcc -ivfsstatcache -Xcc /Users/rogerlin/Library/Developer/Xcode/DerivedData/SDKStatCaches.noindex/macosx26.1-25B74-3ae1261907bdadc328169391a47051a6.sdkstatcache -Xcc -I/Users/rogerlin/Library/Developer/Xcode/DerivedData/FinancialCalculatorKit-ackorybalcxbfocbkqsfdzcfkgmn/Build/Intermediates.noindex/LaTeXSwiftUI.build/Debug/LaTeXSwiftUI.build/swift-overrides.hmap -Xcc -I/Users/rogerlin/Library/Developer/Xcode/DerivedData/FinancialCalculatorKit-ackorybalcxbfocbkqsfdzcfkgmn/Build/Products/Debug/include -Xcc -I/Users/rogerlin/Library/Developer/Xcode/DerivedData/FinancialCalculatorKit-ackorybalcxbfocbkqsfdzcfkgmn/Build/Intermediates.noindex/LaTeXSwiftUI.build/Debug/LaTeXSwiftUI.build/DerivedSources-normal/arm64 -Xcc -I/Users/rogerlin/Library/Developer/Xcode/DerivedData/FinancialCalculatorKit-ackorybalcxbfocbkqsfdzcfkgmn/Build/Intermediates.noindex/LaTeXSwiftUI.build/Debug/LaTeXSwiftUI.build/DerivedSources/arm64 -Xcc -I/Users/rogerlin/Library/Developer/Xcode/DerivedData/FinancialCalculatorKit-ackorybalcxbfocbkqsfdzcfkgmn/Build/Intermediates.noindex/LaTeXSwiftUI.build/Debug/LaTeXSwiftUI.build/DerivedSources -Xcc -DSWIFT_PACKAGE -Xcc -DDEBUG\=1 -no-auto-bridging-header-chaining -module-name LaTeXSwiftUI -frontend-parseable-output -disable-clang-spi -target-sdk-version 26.1 -target-sdk-name macosx26.1 -clang-target arm64-apple-macos26.1 -in-process-plugin-server-path /Applications/Xcode.app/Contents/Developer/Toolchains/XcodeDefault.xctoolchain/usr/lib/swift/host/libSwiftInProcPluginServer.dylib -o /Users/rogerlin/Library/Developer/Xcode/DerivedData/FinancialCalculatorKit-ackorybalcxbfocbkqsfdzcfkgmn/Build/Intermediates.noindex/LaTeXSwiftUI.build/Debug/LaTeXSwiftUI.build/Objects-normal/arm64/EnvironmentValues+Extensions.o -o /Users/rogerlin/Library/Developer/Xcode/DerivedData/FinancialCalculatorKit-ackorybalcxbfocbkqsfdzcfkgmn/Build/Intermediates.noindex/LaTeXSwiftUI.build/Debug/LaTeXSwiftUI.build/Objects-normal/arm64/Font+Extensions.o -o /Users/rogerlin/Library/Developer/Xcode/DerivedData/FinancialCalculatorKit-ackorybalcxbfocbkqsfdzcfkgmn/Build/Intermediates.noindex/LaTeXSwiftUI.build/Debug/LaTeXSwiftUI.build/Objects-normal/arm64/Image+Extensions.o -index-unit-output-path /LaTeXSwiftUI.build/Debug/LaTeXSwiftUI.build/Objects-normal/arm64/EnvironmentValues+Extensions.o -index-unit-output-path /LaTeXSwiftUI.build/Debug/LaTeXSwiftUI.build/Objects-normal/arm64/Font+Extensions.o -index-unit-output-path /LaTeXSwiftUI.build/Debug/LaTeXSwiftUI.build/Objects-normal/arm64/Image+Extensions.o -index-store-path /Users/rogerlin/Library/Developer/Xcode/DerivedData/FinancialCalculatorKit-ackorybalcxbfocbkqsfdzcfkgmn/Index.noindex/DataStore -index-system-modules

SwiftCompile normal arm64 /Users/rogerlin/Library/Developer/Xcode/DerivedData/FinancialCalculatorKit-ackorybalcxbfocbkqsfdzcfkgmn/SourcePackages/checkouts/LaTeXSwiftUI/Sources/LaTeXSwiftUI/Extensions/EnvironmentValues+Extensions.swift (in target 'LaTeXSwiftUI' from project 'LaTeXSwiftUI')
    cd /Users/rogerlin/XCode-Projects/FinancialCalculatorKit-5.0-updated-accent-colors/FinancialCalculatorKit.xcodeproj
    

SwiftCompile normal arm64 /Users/rogerlin/Library/Developer/Xcode/DerivedData/FinancialCalculatorKit-ackorybalcxbfocbkqsfdzcfkgmn/SourcePackages/checkouts/LaTeXSwiftUI/Sources/LaTeXSwiftUI/Extensions/Font+Extensions.swift (in target 'LaTeXSwiftUI' from project 'LaTeXSwiftUI')
    cd /Users/rogerlin/XCode-Projects/FinancialCalculatorKit-5.0-updated-accent-colors/FinancialCalculatorKit.xcodeproj
    

SwiftCompile normal arm64 /Users/rogerlin/Library/Developer/Xcode/DerivedData/FinancialCalculatorKit-ackorybalcxbfocbkqsfdzcfkgmn/SourcePackages/checkouts/LaTeXSwiftUI/Sources/LaTeXSwiftUI/Extensions/Image+Extensions.swift (in target 'LaTeXSwiftUI' from project 'LaTeXSwiftUI')
    cd /Users/rogerlin/XCode-Projects/FinancialCalculatorKit-5.0-updated-accent-colors/FinancialCalculatorKit.xcodeproj
    

SwiftDriverJobDiscovery normal arm64 Compiling AST.swift (in target 'ExpressionParser' from project 'ExpressionParser')

SwiftDriverJobDiscovery normal arm64 Compiling Aliases.swift, Cache.swift (in target 'LaTeXSwiftUI' from project 'LaTeXSwiftUI')

SwiftCompile normal arm64 Compiling\ Never+CasePathable.swift /Users/rogerlin/Library/Developer/Xcode/DerivedData/FinancialCalculatorKit-ackorybalcxbfocbkqsfdzcfkgmn/SourcePackages/checkouts/swift-case-paths/Sources/CasePathsCore/Never+CasePathable.swift (in target 'CasePathsCore' from project 'swift-case-paths')
/Applications/Xcode.app/Contents/Developer/Toolchains/XcodeDefault.xctoolchain/usr/bin/swift-frontend -frontend -c /Users/rogerlin/Library/Developer/Xcode/DerivedData/FinancialCalculatorKit-ackorybalcxbfocbkqsfdzcfkgmn/SourcePackages/checkouts/swift-case-paths/Sources/CasePathsCore/AnyCasePath.swift /Users/rogerlin/Library/Developer/Xcode/DerivedData/FinancialCalculatorKit-ackorybalcxbfocbkqsfdzcfkgmn/SourcePackages/checkouts/swift-case-paths/Sources/CasePathsCore/CasePathIterable.swift /Users/rogerlin/Library/Developer/Xcode/DerivedData/FinancialCalculatorKit-ackorybalcxbfocbkqsfdzcfkgmn/SourcePackages/checkouts/swift-case-paths/Sources/CasePathsCore/CasePathReflectable.swift /Users/rogerlin/Library/Developer/Xcode/DerivedData/FinancialCalculatorKit-ackorybalcxbfocbkqsfdzcfkgmn/SourcePackages/checkouts/swift-case-paths/Sources/CasePathsCore/CasePathable.swift /Users/rogerlin/Library/Developer/Xcode/DerivedData/FinancialCalculatorKit-ackorybalcxbfocbkqsfdzcfkgmn/SourcePackages/checkouts/swift-case-paths/Sources/CasePathsCore/Internal/KeyPath+Sendable.swift /Users/rogerlin/Library/Developer/Xcode/DerivedData/FinancialCalculatorKit-ackorybalcxbfocbkqsfdzcfkgmn/SourcePackages/checkouts/swift-case-paths/Sources/CasePathsCore/Internal/TypeName.swift /Users/rogerlin/Library/Developer/Xcode/DerivedData/FinancialCalculatorKit-ackorybalcxbfocbkqsfdzcfkgmn/SourcePackages/checkouts/swift-case-paths/Sources/CasePathsCore/Internal/UncheckedSendable.swift -primary-file /Users/rogerlin/Library/Developer/Xcode/DerivedData/FinancialCalculatorKit-ackorybalcxbfocbkqsfdzcfkgmn/SourcePackages/checkouts/swift-case-paths/Sources/CasePathsCore/Never+CasePathable.swift /Users/rogerlin/Library/Developer/Xcode/DerivedData/FinancialCalculatorKit-ackorybalcxbfocbkqsfdzcfkgmn/SourcePackages/checkouts/swift-case-paths/Sources/CasePathsCore/Optional+CasePathable.swift /Users/rogerlin/Library/Developer/Xcode/DerivedData/FinancialCalculatorKit-ackorybalcxbfocbkqsfdzcfkgmn/SourcePackages/checkouts/swift-case-paths/Sources/CasePathsCore/Result+CasePathable.swift -emit-dependencies-path /Users/rogerlin/Library/Developer/Xcode/DerivedData/FinancialCalculatorKit-ackorybalcxbfocbkqsfdzcfkgmn/Build/Intermediates.noindex/swift-case-paths.build/Debug/CasePathsCore.build/Objects-normal/arm64/Never+CasePathable.d -emit-const-values-path /Users/rogerlin/Library/Developer/Xcode/DerivedData/FinancialCalculatorKit-ackorybalcxbfocbkqsfdzcfkgmn/Build/Intermediates.noindex/swift-case-paths.build/Debug/CasePathsCore.build/Objects-normal/arm64/Never+CasePathable.swiftconstvalues -emit-reference-dependencies-path /Users/rogerlin/Library/Developer/Xcode/DerivedData/FinancialCalculatorKit-ackorybalcxbfocbkqsfdzcfkgmn/Build/Intermediates.noindex/swift-case-paths.build/Debug/CasePathsCore.build/Objects-normal/arm64/Never+CasePathable.swiftdeps -serialize-diagnostics-path /Users/rogerlin/Library/Developer/Xcode/DerivedData/FinancialCalculatorKit-ackorybalcxbfocbkqsfdzcfkgmn/Build/Intermediates.noindex/swift-case-paths.build/Debug/CasePathsCore.build/Objects-normal/arm64/Never+CasePathable.dia -target arm64-apple-macos10.15 -load-resolved-plugin /Applications/Xcode.app/Contents/Developer/Platforms/MacOSX.platform/Developer/usr/lib/swift/host/plugins/libFoundationMacros.dylib\#/Applications/Xcode.app/Contents/Developer/Platforms/MacOSX.platform/Developer/usr/bin/swift-plugin-server\#FoundationMacros -load-resolved-plugin /Applications/Xcode.app/Contents/Developer/Platforms/MacOSX.platform/Developer/usr/lib/swift/host/plugins/libObservationMacros.dylib\#/Applications/Xcode.app/Contents/Developer/Platforms/MacOSX.platform/Developer/usr/bin/swift-plugin-server\#ObservationMacros -load-resolved-plugin /Applications/Xcode.app/Contents/Developer/Platforms/MacOSX.platform/Developer/usr/lib/swift/host/plugins/libSwiftMacros.dylib\#/Applications/Xcode.app/Contents/Developer/Platforms/MacOSX.platform/Developer/usr/bin/swift-plugin-server\#SwiftMacros -disable-implicit-swift-modules -Xcc -fno-implicit-modules -Xcc -fno-implicit-module-maps -explicit-swift-module-map-file /Users/rogerlin/Library/Developer/Xcode/DerivedData/FinancialCalculatorKit-ackorybalcxbfocbkqsfdzcfkgmn/Build/Intermediates.noindex/swift-case-paths.build/Debug/CasePathsCore.build/Objects-normal/arm64/CasePathsCore-dependencies-1.json -Xllvm -aarch64-use-tbi -enable-objc-interop -stack-check -sdk /Applications/Xcode.app/Contents/Developer/Platforms/MacOSX.platform/Developer/SDKs/MacOSX26.1.sdk -I /Users/rogerlin/Library/Developer/Xcode/DerivedData/FinancialCalculatorKit-ackorybalcxbfocbkqsfdzcfkgmn/Build/Products/Debug -Isystem /Applications/Xcode.app/Contents/Developer/Platforms/MacOSX.platform/Developer/usr/lib -F /Users/rogerlin/Library/Developer/Xcode/DerivedData/FinancialCalculatorKit-ackorybalcxbfocbkqsfdzcfkgmn/Build/Products/Debug/PackageFrameworks -F /Users/rogerlin/Library/Developer/Xcode/DerivedData/FinancialCalculatorKit-ackorybalcxbfocbkqsfdzcfkgmn/Build/Products/Debug/PackageFrameworks -F /Users/rogerlin/Library/Developer/Xcode/DerivedData/FinancialCalculatorKit-ackorybalcxbfocbkqsfdzcfkgmn/Build/Products/Debug -F /Applications/Xcode.app/Contents/Developer/Platforms/MacOSX.platform/Developer/Library/Frameworks -no-color-diagnostics -Xcc -fno-color-diagnostics -enable-testing -g -debug-info-format\=dwarf -dwarf-version\=4 -module-cache-path /Users/rogerlin/Library/Developer/Xcode/DerivedData/FinancialCalculatorKit-ackorybalcxbfocbkqsfdzcfkgmn/Build/Intermediates.noindex/SwiftExplicitPrecompiledModules -suppress-warnings -profile-generate -profile-coverage-mapping -swift-version 6 -enforce-exclusivity\=checked -Onone -D SWIFT_PACKAGE -D DEBUG -D SWIFT_MODULE_RESOURCE_BUNDLE_UNAVAILABLE -D Xcode -serialize-debugging-options -const-gather-protocols-file /Users/rogerlin/Library/Developer/Xcode/DerivedData/FinancialCalculatorKit-ackorybalcxbfocbkqsfdzcfkgmn/Build/Intermediates.noindex/swift-case-paths.build/Debug/CasePathsCore.build/Objects-normal/arm64/CasePathsCore_const_extract_protocols.json -enable-experimental-feature DebugDescriptionMacro -empty-abi-descriptor -user-module-version 1.7.0 -validate-clang-modules-once -clang-build-session-file /Users/rogerlin/Library/Developer/Xcode/DerivedData/ModuleCache.noindex/Session.modulevalidation -Xcc -working-directory -Xcc /Users/rogerlin/XCode-Projects/FinancialCalculatorKit-5.0-updated-accent-colors/FinancialCalculatorKit.xcodeproj -enable-anonymous-context-mangled-names -file-compilation-dir /Users/rogerlin/XCode-Projects/FinancialCalculatorKit-5.0-updated-accent-colors/FinancialCalculatorKit.xcodeproj -Xcc -D_LIBCPP_HARDENING_MODE\=_LIBCPP_HARDENING_MODE_DEBUG -Xcc -ivfsstatcache -Xcc /Users/rogerlin/Library/Developer/Xcode/DerivedData/SDKStatCaches.noindex/macosx26.1-25B74-3ae1261907bdadc328169391a47051a6.sdkstatcache -Xcc -I/Users/rogerlin/Library/Developer/Xcode/DerivedData/FinancialCalculatorKit-ackorybalcxbfocbkqsfdzcfkgmn/Build/Intermediates.noindex/swift-case-paths.build/Debug/CasePathsCore.build/swift-overrides.hmap -Xcc -I/Users/rogerlin/Library/Developer/Xcode/DerivedData/FinancialCalculatorKit-ackorybalcxbfocbkqsfdzcfkgmn/Build/Products/Debug/include -Xcc -I/Users/rogerlin/Library/Developer/Xcode/DerivedData/FinancialCalculatorKit-ackorybalcxbfocbkqsfdzcfkgmn/Build/Intermediates.noindex/swift-case-paths.build/Debug/CasePathsCore.build/DerivedSources-normal/arm64 -Xcc -I/Users/rogerlin/Library/Developer/Xcode/DerivedData/FinancialCalculatorKit-ackorybalcxbfocbkqsfdzcfkgmn/Build/Intermediates.noindex/swift-case-paths.build/Debug/CasePathsCore.build/DerivedSources/arm64 -Xcc -I/Users/rogerlin/Library/Developer/Xcode/DerivedData/FinancialCalculatorKit-ackorybalcxbfocbkqsfdzcfkgmn/Build/Intermediates.noindex/swift-case-paths.build/Debug/CasePathsCore.build/DerivedSources -Xcc -DSWIFT_PACKAGE -Xcc -DDEBUG\=1 -no-auto-bridging-header-chaining -module-name CasePathsCore -package-name swift_case_paths -frontend-parseable-output -disable-clang-spi -target-sdk-version 26.1 -target-sdk-name macosx26.1 -clang-target arm64-apple-macos26.1 -in-process-plugin-server-path /Applications/Xcode.app/Contents/Developer/Toolchains/XcodeDefault.xctoolchain/usr/lib/swift/host/libSwiftInProcPluginServer.dylib -o /Users/rogerlin/Library/Developer/Xcode/DerivedData/FinancialCalculatorKit-ackorybalcxbfocbkqsfdzcfkgmn/Build/Intermediates.noindex/swift-case-paths.build/Debug/CasePathsCore.build/Objects-normal/arm64/Never+CasePathable.o -index-unit-output-path /swift-case-paths.build/Debug/CasePathsCore.build/Objects-normal/arm64/Never+CasePathable.o -index-store-path /Users/rogerlin/Library/Developer/Xcode/DerivedData/FinancialCalculatorKit-ackorybalcxbfocbkqsfdzcfkgmn/Index.noindex/DataStore -index-system-modules

SwiftCompile normal arm64 /Users/rogerlin/Library/Developer/Xcode/DerivedData/FinancialCalculatorKit-ackorybalcxbfocbkqsfdzcfkgmn/SourcePackages/checkouts/swift-case-paths/Sources/CasePathsCore/Never+CasePathable.swift (in target 'CasePathsCore' from project 'swift-case-paths')
    cd /Users/rogerlin/XCode-Projects/FinancialCalculatorKit-5.0-updated-accent-colors/FinancialCalculatorKit.xcodeproj
    

SwiftCompile normal arm64 Compiling\ Result+CasePathable.swift /Users/rogerlin/Library/Developer/Xcode/DerivedData/FinancialCalculatorKit-ackorybalcxbfocbkqsfdzcfkgmn/SourcePackages/checkouts/swift-case-paths/Sources/CasePathsCore/Result+CasePathable.swift (in target 'CasePathsCore' from project 'swift-case-paths')
/Applications/Xcode.app/Contents/Developer/Toolchains/XcodeDefault.xctoolchain/usr/bin/swift-frontend -frontend -c /Users/rogerlin/Library/Developer/Xcode/DerivedData/FinancialCalculatorKit-ackorybalcxbfocbkqsfdzcfkgmn/SourcePackages/checkouts/swift-case-paths/Sources/CasePathsCore/AnyCasePath.swift /Users/rogerlin/Library/Developer/Xcode/DerivedData/FinancialCalculatorKit-ackorybalcxbfocbkqsfdzcfkgmn/SourcePackages/checkouts/swift-case-paths/Sources/CasePathsCore/CasePathIterable.swift /Users/rogerlin/Library/Developer/Xcode/DerivedData/FinancialCalculatorKit-ackorybalcxbfocbkqsfdzcfkgmn/SourcePackages/checkouts/swift-case-paths/Sources/CasePathsCore/CasePathReflectable.swift /Users/rogerlin/Library/Developer/Xcode/DerivedData/FinancialCalculatorKit-ackorybalcxbfocbkqsfdzcfkgmn/SourcePackages/checkouts/swift-case-paths/Sources/CasePathsCore/CasePathable.swift /Users/rogerlin/Library/Developer/Xcode/DerivedData/FinancialCalculatorKit-ackorybalcxbfocbkqsfdzcfkgmn/SourcePackages/checkouts/swift-case-paths/Sources/CasePathsCore/Internal/KeyPath+Sendable.swift /Users/rogerlin/Library/Developer/Xcode/DerivedData/FinancialCalculatorKit-ackorybalcxbfocbkqsfdzcfkgmn/SourcePackages/checkouts/swift-case-paths/Sources/CasePathsCore/Internal/TypeName.swift /Users/rogerlin/Library/Developer/Xcode/DerivedData/FinancialCalculatorKit-ackorybalcxbfocbkqsfdzcfkgmn/SourcePackages/checkouts/swift-case-paths/Sources/CasePathsCore/Internal/UncheckedSendable.swift /Users/rogerlin/Library/Developer/Xcode/DerivedData/FinancialCalculatorKit-ackorybalcxbfocbkqsfdzcfkgmn/SourcePackages/checkouts/swift-case-paths/Sources/CasePathsCore/Never+CasePathable.swift /Users/rogerlin/Library/Developer/Xcode/DerivedData/FinancialCalculatorKit-ackorybalcxbfocbkqsfdzcfkgmn/SourcePackages/checkouts/swift-case-paths/Sources/CasePathsCore/Optional+CasePathable.swift -primary-file /Users/rogerlin/Library/Developer/Xcode/DerivedData/FinancialCalculatorKit-ackorybalcxbfocbkqsfdzcfkgmn/SourcePackages/checkouts/swift-case-paths/Sources/CasePathsCore/Result+CasePathable.swift -emit-dependencies-path /Users/rogerlin/Library/Developer/Xcode/DerivedData/FinancialCalculatorKit-ackorybalcxbfocbkqsfdzcfkgmn/Build/Intermediates.noindex/swift-case-paths.build/Debug/CasePathsCore.build/Objects-normal/arm64/Result+CasePathable.d -emit-const-values-path /Users/rogerlin/Library/Developer/Xcode/DerivedData/FinancialCalculatorKit-ackorybalcxbfocbkqsfdzcfkgmn/Build/Intermediates.noindex/swift-case-paths.build/Debug/CasePathsCore.build/Objects-normal/arm64/Result+CasePathable.swiftconstvalues -emit-reference-dependencies-path /Users/rogerlin/Library/Developer/Xcode/DerivedData/FinancialCalculatorKit-ackorybalcxbfocbkqsfdzcfkgmn/Build/Intermediates.noindex/swift-case-paths.build/Debug/CasePathsCore.build/Objects-normal/arm64/Result+CasePathable.swiftdeps -serialize-diagnostics-path /Users/rogerlin/Library/Developer/Xcode/DerivedData/FinancialCalculatorKit-ackorybalcxbfocbkqsfdzcfkgmn/Build/Intermediates.noindex/swift-case-paths.build/Debug/CasePathsCore.build/Objects-normal/arm64/Result+CasePathable.dia -target arm64-apple-macos10.15 -load-resolved-plugin /Applications/Xcode.app/Contents/Developer/Platforms/MacOSX.platform/Developer/usr/lib/swift/host/plugins/libFoundationMacros.dylib\#/Applications/Xcode.app/Contents/Developer/Platforms/MacOSX.platform/Developer/usr/bin/swift-plugin-server\#FoundationMacros -load-resolved-plugin /Applications/Xcode.app/Contents/Developer/Platforms/MacOSX.platform/Developer/usr/lib/swift/host/plugins/libObservationMacros.dylib\#/Applications/Xcode.app/Contents/Developer/Platforms/MacOSX.platform/Developer/usr/bin/swift-plugin-server\#ObservationMacros -load-resolved-plugin /Applications/Xcode.app/Contents/Developer/Platforms/MacOSX.platform/Developer/usr/lib/swift/host/plugins/libSwiftMacros.dylib\#/Applications/Xcode.app/Contents/Developer/Platforms/MacOSX.platform/Developer/usr/bin/swift-plugin-server\#SwiftMacros -disable-implicit-swift-modules -Xcc -fno-implicit-modules -Xcc -fno-implicit-module-maps -explicit-swift-module-map-file /Users/rogerlin/Library/Developer/Xcode/DerivedData/FinancialCalculatorKit-ackorybalcxbfocbkqsfdzcfkgmn/Build/Intermediates.noindex/swift-case-paths.build/Debug/CasePathsCore.build/Objects-normal/arm64/CasePathsCore-dependencies-1.json -Xllvm -aarch64-use-tbi -enable-objc-interop -stack-check -sdk /Applications/Xcode.app/Contents/Developer/Platforms/MacOSX.platform/Developer/SDKs/MacOSX26.1.sdk -I /Users/rogerlin/Library/Developer/Xcode/DerivedData/FinancialCalculatorKit-ackorybalcxbfocbkqsfdzcfkgmn/Build/Products/Debug -Isystem /Applications/Xcode.app/Contents/Developer/Platforms/MacOSX.platform/Developer/usr/lib -F /Users/rogerlin/Library/Developer/Xcode/DerivedData/FinancialCalculatorKit-ackorybalcxbfocbkqsfdzcfkgmn/Build/Products/Debug/PackageFrameworks -F /Users/rogerlin/Library/Developer/Xcode/DerivedData/FinancialCalculatorKit-ackorybalcxbfocbkqsfdzcfkgmn/Build/Products/Debug/PackageFrameworks -F /Users/rogerlin/Library/Developer/Xcode/DerivedData/FinancialCalculatorKit-ackorybalcxbfocbkqsfdzcfkgmn/Build/Products/Debug -F /Applications/Xcode.app/Contents/Developer/Platforms/MacOSX.platform/Developer/Library/Frameworks -no-color-diagnostics -Xcc -fno-color-diagnostics -enable-testing -g -debug-info-format\=dwarf -dwarf-version\=4 -module-cache-path /Users/rogerlin/Library/Developer/Xcode/DerivedData/FinancialCalculatorKit-ackorybalcxbfocbkqsfdzcfkgmn/Build/Intermediates.noindex/SwiftExplicitPrecompiledModules -suppress-warnings -profile-generate -profile-coverage-mapping -swift-version 6 -enforce-exclusivity\=checked -Onone -D SWIFT_PACKAGE -D DEBUG -D SWIFT_MODULE_RESOURCE_BUNDLE_UNAVAILABLE -D Xcode -serialize-debugging-options -const-gather-protocols-file /Users/rogerlin/Library/Developer/Xcode/DerivedData/FinancialCalculatorKit-ackorybalcxbfocbkqsfdzcfkgmn/Build/Intermediates.noindex/swift-case-paths.build/Debug/CasePathsCore.build/Objects-normal/arm64/CasePathsCore_const_extract_protocols.json -enable-experimental-feature DebugDescriptionMacro -empty-abi-descriptor -user-module-version 1.7.0 -validate-clang-modules-once -clang-build-session-file /Users/rogerlin/Library/Developer/Xcode/DerivedData/ModuleCache.noindex/Session.modulevalidation -Xcc -working-directory -Xcc /Users/rogerlin/XCode-Projects/FinancialCalculatorKit-5.0-updated-accent-colors/FinancialCalculatorKit.xcodeproj -enable-anonymous-context-mangled-names -file-compilation-dir /Users/rogerlin/XCode-Projects/FinancialCalculatorKit-5.0-updated-accent-colors/FinancialCalculatorKit.xcodeproj -Xcc -D_LIBCPP_HARDENING_MODE\=_LIBCPP_HARDENING_MODE_DEBUG -Xcc -ivfsstatcache -Xcc /Users/rogerlin/Library/Developer/Xcode/DerivedData/SDKStatCaches.noindex/macosx26.1-25B74-3ae1261907bdadc328169391a47051a6.sdkstatcache -Xcc -I/Users/rogerlin/Library/Developer/Xcode/DerivedData/FinancialCalculatorKit-ackorybalcxbfocbkqsfdzcfkgmn/Build/Intermediates.noindex/swift-case-paths.build/Debug/CasePathsCore.build/swift-overrides.hmap -Xcc -I/Users/rogerlin/Library/Developer/Xcode/DerivedData/FinancialCalculatorKit-ackorybalcxbfocbkqsfdzcfkgmn/Build/Products/Debug/include -Xcc -I/Users/rogerlin/Library/Developer/Xcode/DerivedData/FinancialCalculatorKit-ackorybalcxbfocbkqsfdzcfkgmn/Build/Intermediates.noindex/swift-case-paths.build/Debug/CasePathsCore.build/DerivedSources-normal/arm64 -Xcc -I/Users/rogerlin/Library/Developer/Xcode/DerivedData/FinancialCalculatorKit-ackorybalcxbfocbkqsfdzcfkgmn/Build/Intermediates.noindex/swift-case-paths.build/Debug/CasePathsCore.build/DerivedSources/arm64 -Xcc -I/Users/rogerlin/Library/Developer/Xcode/DerivedData/FinancialCalculatorKit-ackorybalcxbfocbkqsfdzcfkgmn/Build/Intermediates.noindex/swift-case-paths.build/Debug/CasePathsCore.build/DerivedSources -Xcc -DSWIFT_PACKAGE -Xcc -DDEBUG\=1 -no-auto-bridging-header-chaining -module-name CasePathsCore -package-name swift_case_paths -frontend-parseable-output -disable-clang-spi -target-sdk-version 26.1 -target-sdk-name macosx26.1 -clang-target arm64-apple-macos26.1 -in-process-plugin-server-path /Applications/Xcode.app/Contents/Developer/Toolchains/XcodeDefault.xctoolchain/usr/lib/swift/host/libSwiftInProcPluginServer.dylib -o /Users/rogerlin/Library/Developer/Xcode/DerivedData/FinancialCalculatorKit-ackorybalcxbfocbkqsfdzcfkgmn/Build/Intermediates.noindex/swift-case-paths.build/Debug/CasePathsCore.build/Objects-normal/arm64/Result+CasePathable.o -index-unit-output-path /swift-case-paths.build/Debug/CasePathsCore.build/Objects-normal/arm64/Result+CasePathable.o -index-store-path /Users/rogerlin/Library/Developer/Xcode/DerivedData/FinancialCalculatorKit-ackorybalcxbfocbkqsfdzcfkgmn/Index.noindex/DataStore -index-system-modules

SwiftCompile normal arm64 /Users/rogerlin/Library/Developer/Xcode/DerivedData/FinancialCalculatorKit-ackorybalcxbfocbkqsfdzcfkgmn/SourcePackages/checkouts/swift-case-paths/Sources/CasePathsCore/Result+CasePathable.swift (in target 'CasePathsCore' from project 'swift-case-paths')
    cd /Users/rogerlin/XCode-Projects/FinancialCalculatorKit-5.0-updated-accent-colors/FinancialCalculatorKit.xcodeproj
    

SwiftDriverJobDiscovery normal arm64 Compiling LaTeX_Previews+Fonts.swift, LaTeX_Previews+Modes.swift (in target 'LaTeXSwiftUI' from project 'LaTeXSwiftUI')

SwiftCompile normal arm64 Compiling\ CasePathable.swift /Users/rogerlin/Library/Developer/Xcode/DerivedData/FinancialCalculatorKit-ackorybalcxbfocbkqsfdzcfkgmn/SourcePackages/checkouts/swift-case-paths/Sources/CasePathsCore/CasePathable.swift (in target 'CasePathsCore' from project 'swift-case-paths')
/Applications/Xcode.app/Contents/Developer/Toolchains/XcodeDefault.xctoolchain/usr/bin/swift-frontend -frontend -c /Users/rogerlin/Library/Developer/Xcode/DerivedData/FinancialCalculatorKit-ackorybalcxbfocbkqsfdzcfkgmn/SourcePackages/checkouts/swift-case-paths/Sources/CasePathsCore/AnyCasePath.swift /Users/rogerlin/Library/Developer/Xcode/DerivedData/FinancialCalculatorKit-ackorybalcxbfocbkqsfdzcfkgmn/SourcePackages/checkouts/swift-case-paths/Sources/CasePathsCore/CasePathIterable.swift /Users/rogerlin/Library/Developer/Xcode/DerivedData/FinancialCalculatorKit-ackorybalcxbfocbkqsfdzcfkgmn/SourcePackages/checkouts/swift-case-paths/Sources/CasePathsCore/CasePathReflectable.swift -primary-file /Users/rogerlin/Library/Developer/Xcode/DerivedData/FinancialCalculatorKit-ackorybalcxbfocbkqsfdzcfkgmn/SourcePackages/checkouts/swift-case-paths/Sources/CasePathsCore/CasePathable.swift /Users/rogerlin/Library/Developer/Xcode/DerivedData/FinancialCalculatorKit-ackorybalcxbfocbkqsfdzcfkgmn/SourcePackages/checkouts/swift-case-paths/Sources/CasePathsCore/Internal/KeyPath+Sendable.swift /Users/rogerlin/Library/Developer/Xcode/DerivedData/FinancialCalculatorKit-ackorybalcxbfocbkqsfdzcfkgmn/SourcePackages/checkouts/swift-case-paths/Sources/CasePathsCore/Internal/TypeName.swift /Users/rogerlin/Library/Developer/Xcode/DerivedData/FinancialCalculatorKit-ackorybalcxbfocbkqsfdzcfkgmn/SourcePackages/checkouts/swift-case-paths/Sources/CasePathsCore/Internal/UncheckedSendable.swift /Users/rogerlin/Library/Developer/Xcode/DerivedData/FinancialCalculatorKit-ackorybalcxbfocbkqsfdzcfkgmn/SourcePackages/checkouts/swift-case-paths/Sources/CasePathsCore/Never+CasePathable.swift /Users/rogerlin/Library/Developer/Xcode/DerivedData/FinancialCalculatorKit-ackorybalcxbfocbkqsfdzcfkgmn/SourcePackages/checkouts/swift-case-paths/Sources/CasePathsCore/Optional+CasePathable.swift /Users/rogerlin/Library/Developer/Xcode/DerivedData/FinancialCalculatorKit-ackorybalcxbfocbkqsfdzcfkgmn/SourcePackages/checkouts/swift-case-paths/Sources/CasePathsCore/Result+CasePathable.swift -emit-dependencies-path /Users/rogerlin/Library/Developer/Xcode/DerivedData/FinancialCalculatorKit-ackorybalcxbfocbkqsfdzcfkgmn/Build/Intermediates.noindex/swift-case-paths.build/Debug/CasePathsCore.build/Objects-normal/arm64/CasePathable.d -emit-const-values-path /Users/rogerlin/Library/Developer/Xcode/DerivedData/FinancialCalculatorKit-ackorybalcxbfocbkqsfdzcfkgmn/Build/Intermediates.noindex/swift-case-paths.build/Debug/CasePathsCore.build/Objects-normal/arm64/CasePathable.swiftconstvalues -emit-reference-dependencies-path /Users/rogerlin/Library/Developer/Xcode/DerivedData/FinancialCalculatorKit-ackorybalcxbfocbkqsfdzcfkgmn/Build/Intermediates.noindex/swift-case-paths.build/Debug/CasePathsCore.build/Objects-normal/arm64/CasePathable.swiftdeps -serialize-diagnostics-path /Users/rogerlin/Library/Developer/Xcode/DerivedData/FinancialCalculatorKit-ackorybalcxbfocbkqsfdzcfkgmn/Build/Intermediates.noindex/swift-case-paths.build/Debug/CasePathsCore.build/Objects-normal/arm64/CasePathable.dia -target arm64-apple-macos10.15 -load-resolved-plugin /Applications/Xcode.app/Contents/Developer/Platforms/MacOSX.platform/Developer/usr/lib/swift/host/plugins/libFoundationMacros.dylib\#/Applications/Xcode.app/Contents/Developer/Platforms/MacOSX.platform/Developer/usr/bin/swift-plugin-server\#FoundationMacros -load-resolved-plugin /Applications/Xcode.app/Contents/Developer/Platforms/MacOSX.platform/Developer/usr/lib/swift/host/plugins/libObservationMacros.dylib\#/Applications/Xcode.app/Contents/Developer/Platforms/MacOSX.platform/Developer/usr/bin/swift-plugin-server\#ObservationMacros -load-resolved-plugin /Applications/Xcode.app/Contents/Developer/Platforms/MacOSX.platform/Developer/usr/lib/swift/host/plugins/libSwiftMacros.dylib\#/Applications/Xcode.app/Contents/Developer/Platforms/MacOSX.platform/Developer/usr/bin/swift-plugin-server\#SwiftMacros -disable-implicit-swift-modules -Xcc -fno-implicit-modules -Xcc -fno-implicit-module-maps -explicit-swift-module-map-file /Users/rogerlin/Library/Developer/Xcode/DerivedData/FinancialCalculatorKit-ackorybalcxbfocbkqsfdzcfkgmn/Build/Intermediates.noindex/swift-case-paths.build/Debug/CasePathsCore.build/Objects-normal/arm64/CasePathsCore-dependencies-1.json -Xllvm -aarch64-use-tbi -enable-objc-interop -stack-check -sdk /Applications/Xcode.app/Contents/Developer/Platforms/MacOSX.platform/Developer/SDKs/MacOSX26.1.sdk -I /Users/rogerlin/Library/Developer/Xcode/DerivedData/FinancialCalculatorKit-ackorybalcxbfocbkqsfdzcfkgmn/Build/Products/Debug -Isystem /Applications/Xcode.app/Contents/Developer/Platforms/MacOSX.platform/Developer/usr/lib -F /Users/rogerlin/Library/Developer/Xcode/DerivedData/FinancialCalculatorKit-ackorybalcxbfocbkqsfdzcfkgmn/Build/Products/Debug/PackageFrameworks -F /Users/rogerlin/Library/Developer/Xcode/DerivedData/FinancialCalculatorKit-ackorybalcxbfocbkqsfdzcfkgmn/Build/Products/Debug/PackageFrameworks -F /Users/rogerlin/Library/Developer/Xcode/DerivedData/FinancialCalculatorKit-ackorybalcxbfocbkqsfdzcfkgmn/Build/Products/Debug -F /Applications/Xcode.app/Contents/Developer/Platforms/MacOSX.platform/Developer/Library/Frameworks -no-color-diagnostics -Xcc -fno-color-diagnostics -enable-testing -g -debug-info-format\=dwarf -dwarf-version\=4 -module-cache-path /Users/rogerlin/Library/Developer/Xcode/DerivedData/FinancialCalculatorKit-ackorybalcxbfocbkqsfdzcfkgmn/Build/Intermediates.noindex/SwiftExplicitPrecompiledModules -suppress-warnings -profile-generate -profile-coverage-mapping -swift-version 6 -enforce-exclusivity\=checked -Onone -D SWIFT_PACKAGE -D DEBUG -D SWIFT_MODULE_RESOURCE_BUNDLE_UNAVAILABLE -D Xcode -serialize-debugging-options -const-gather-protocols-file /Users/rogerlin/Library/Developer/Xcode/DerivedData/FinancialCalculatorKit-ackorybalcxbfocbkqsfdzcfkgmn/Build/Intermediates.noindex/swift-case-paths.build/Debug/CasePathsCore.build/Objects-normal/arm64/CasePathsCore_const_extract_protocols.json -enable-experimental-feature DebugDescriptionMacro -empty-abi-descriptor -user-module-version 1.7.0 -validate-clang-modules-once -clang-build-session-file /Users/rogerlin/Library/Developer/Xcode/DerivedData/ModuleCache.noindex/Session.modulevalidation -Xcc -working-directory -Xcc /Users/rogerlin/XCode-Projects/FinancialCalculatorKit-5.0-updated-accent-colors/FinancialCalculatorKit.xcodeproj -enable-anonymous-context-mangled-names -file-compilation-dir /Users/rogerlin/XCode-Projects/FinancialCalculatorKit-5.0-updated-accent-colors/FinancialCalculatorKit.xcodeproj -Xcc -D_LIBCPP_HARDENING_MODE\=_LIBCPP_HARDENING_MODE_DEBUG -Xcc -ivfsstatcache -Xcc /Users/rogerlin/Library/Developer/Xcode/DerivedData/SDKStatCaches.noindex/macosx26.1-25B74-3ae1261907bdadc328169391a47051a6.sdkstatcache -Xcc -I/Users/rogerlin/Library/Developer/Xcode/DerivedData/FinancialCalculatorKit-ackorybalcxbfocbkqsfdzcfkgmn/Build/Intermediates.noindex/swift-case-paths.build/Debug/CasePathsCore.build/swift-overrides.hmap -Xcc -I/Users/rogerlin/Library/Developer/Xcode/DerivedData/FinancialCalculatorKit-ackorybalcxbfocbkqsfdzcfkgmn/Build/Products/Debug/include -Xcc -I/Users/rogerlin/Library/Developer/Xcode/DerivedData/FinancialCalculatorKit-ackorybalcxbfocbkqsfdzcfkgmn/Build/Intermediates.noindex/swift-case-paths.build/Debug/CasePathsCore.build/DerivedSources-normal/arm64 -Xcc -I/Users/rogerlin/Library/Developer/Xcode/DerivedData/FinancialCalculatorKit-ackorybalcxbfocbkqsfdzcfkgmn/Build/Intermediates.noindex/swift-case-paths.build/Debug/CasePathsCore.build/DerivedSources/arm64 -Xcc -I/Users/rogerlin/Library/Developer/Xcode/DerivedData/FinancialCalculatorKit-ackorybalcxbfocbkqsfdzcfkgmn/Build/Intermediates.noindex/swift-case-paths.build/Debug/CasePathsCore.build/DerivedSources -Xcc -DSWIFT_PACKAGE -Xcc -DDEBUG\=1 -no-auto-bridging-header-chaining -module-name CasePathsCore -package-name swift_case_paths -frontend-parseable-output -disable-clang-spi -target-sdk-version 26.1 -target-sdk-name macosx26.1 -clang-target arm64-apple-macos26.1 -in-process-plugin-server-path /Applications/Xcode.app/Contents/Developer/Toolchains/XcodeDefault.xctoolchain/usr/lib/swift/host/libSwiftInProcPluginServer.dylib -o /Users/rogerlin/Library/Developer/Xcode/DerivedData/FinancialCalculatorKit-ackorybalcxbfocbkqsfdzcfkgmn/Build/Intermediates.noindex/swift-case-paths.build/Debug/CasePathsCore.build/Objects-normal/arm64/CasePathable.o -index-unit-output-path /swift-case-paths.build/Debug/CasePathsCore.build/Objects-normal/arm64/CasePathable.o -index-store-path /Users/rogerlin/Library/Developer/Xcode/DerivedData/FinancialCalculatorKit-ackorybalcxbfocbkqsfdzcfkgmn/Index.noindex/DataStore -index-system-modules

SwiftCompile normal arm64 /Users/rogerlin/Library/Developer/Xcode/DerivedData/FinancialCalculatorKit-ackorybalcxbfocbkqsfdzcfkgmn/SourcePackages/checkouts/swift-case-paths/Sources/CasePathsCore/CasePathable.swift (in target 'CasePathsCore' from project 'swift-case-paths')
    cd /Users/rogerlin/XCode-Projects/FinancialCalculatorKit-5.0-updated-accent-colors/FinancialCalculatorKit.xcodeproj
    

SwiftDriverJobDiscovery normal arm64 Compiling EquationNumber.swift, HorizontalImageScroller.swift (in target 'LaTeXSwiftUI' from project 'LaTeXSwiftUI')

SwiftCompile normal arm64 Compiling\ Optional+CasePathable.swift /Users/rogerlin/Library/Developer/Xcode/DerivedData/FinancialCalculatorKit-ackorybalcxbfocbkqsfdzcfkgmn/SourcePackages/checkouts/swift-case-paths/Sources/CasePathsCore/Optional+CasePathable.swift (in target 'CasePathsCore' from project 'swift-case-paths')
/Applications/Xcode.app/Contents/Developer/Toolchains/XcodeDefault.xctoolchain/usr/bin/swift-frontend -frontend -c /Users/rogerlin/Library/Developer/Xcode/DerivedData/FinancialCalculatorKit-ackorybalcxbfocbkqsfdzcfkgmn/SourcePackages/checkouts/swift-case-paths/Sources/CasePathsCore/AnyCasePath.swift /Users/rogerlin/Library/Developer/Xcode/DerivedData/FinancialCalculatorKit-ackorybalcxbfocbkqsfdzcfkgmn/SourcePackages/checkouts/swift-case-paths/Sources/CasePathsCore/CasePathIterable.swift /Users/rogerlin/Library/Developer/Xcode/DerivedData/FinancialCalculatorKit-ackorybalcxbfocbkqsfdzcfkgmn/SourcePackages/checkouts/swift-case-paths/Sources/CasePathsCore/CasePathReflectable.swift /Users/rogerlin/Library/Developer/Xcode/DerivedData/FinancialCalculatorKit-ackorybalcxbfocbkqsfdzcfkgmn/SourcePackages/checkouts/swift-case-paths/Sources/CasePathsCore/CasePathable.swift /Users/rogerlin/Library/Developer/Xcode/DerivedData/FinancialCalculatorKit-ackorybalcxbfocbkqsfdzcfkgmn/SourcePackages/checkouts/swift-case-paths/Sources/CasePathsCore/Internal/KeyPath+Sendable.swift /Users/rogerlin/Library/Developer/Xcode/DerivedData/FinancialCalculatorKit-ackorybalcxbfocbkqsfdzcfkgmn/SourcePackages/checkouts/swift-case-paths/Sources/CasePathsCore/Internal/TypeName.swift /Users/rogerlin/Library/Developer/Xcode/DerivedData/FinancialCalculatorKit-ackorybalcxbfocbkqsfdzcfkgmn/SourcePackages/checkouts/swift-case-paths/Sources/CasePathsCore/Internal/UncheckedSendable.swift /Users/rogerlin/Library/Developer/Xcode/DerivedData/FinancialCalculatorKit-ackorybalcxbfocbkqsfdzcfkgmn/SourcePackages/checkouts/swift-case-paths/Sources/CasePathsCore/Never+CasePathable.swift -primary-file /Users/rogerlin/Library/Developer/Xcode/DerivedData/FinancialCalculatorKit-ackorybalcxbfocbkqsfdzcfkgmn/SourcePackages/checkouts/swift-case-paths/Sources/CasePathsCore/Optional+CasePathable.swift /Users/rogerlin/Library/Developer/Xcode/DerivedData/FinancialCalculatorKit-ackorybalcxbfocbkqsfdzcfkgmn/SourcePackages/checkouts/swift-case-paths/Sources/CasePathsCore/Result+CasePathable.swift -emit-dependencies-path /Users/rogerlin/Library/Developer/Xcode/DerivedData/FinancialCalculatorKit-ackorybalcxbfocbkqsfdzcfkgmn/Build/Intermediates.noindex/swift-case-paths.build/Debug/CasePathsCore.build/Objects-normal/arm64/Optional+CasePathable.d -emit-const-values-path /Users/rogerlin/Library/Developer/Xcode/DerivedData/FinancialCalculatorKit-ackorybalcxbfocbkqsfdzcfkgmn/Build/Intermediates.noindex/swift-case-paths.build/Debug/CasePathsCore.build/Objects-normal/arm64/Optional+CasePathable.swiftconstvalues -emit-reference-dependencies-path /Users/rogerlin/Library/Developer/Xcode/DerivedData/FinancialCalculatorKit-ackorybalcxbfocbkqsfdzcfkgmn/Build/Intermediates.noindex/swift-case-paths.build/Debug/CasePathsCore.build/Objects-normal/arm64/Optional+CasePathable.swiftdeps -serialize-diagnostics-path /Users/rogerlin/Library/Developer/Xcode/DerivedData/FinancialCalculatorKit-ackorybalcxbfocbkqsfdzcfkgmn/Build/Intermediates.noindex/swift-case-paths.build/Debug/CasePathsCore.build/Objects-normal/arm64/Optional+CasePathable.dia -target arm64-apple-macos10.15 -load-resolved-plugin /Applications/Xcode.app/Contents/Developer/Platforms/MacOSX.platform/Developer/usr/lib/swift/host/plugins/libFoundationMacros.dylib\#/Applications/Xcode.app/Contents/Developer/Platforms/MacOSX.platform/Developer/usr/bin/swift-plugin-server\#FoundationMacros -load-resolved-plugin /Applications/Xcode.app/Contents/Developer/Platforms/MacOSX.platform/Developer/usr/lib/swift/host/plugins/libObservationMacros.dylib\#/Applications/Xcode.app/Contents/Developer/Platforms/MacOSX.platform/Developer/usr/bin/swift-plugin-server\#ObservationMacros -load-resolved-plugin /Applications/Xcode.app/Contents/Developer/Platforms/MacOSX.platform/Developer/usr/lib/swift/host/plugins/libSwiftMacros.dylib\#/Applications/Xcode.app/Contents/Developer/Platforms/MacOSX.platform/Developer/usr/bin/swift-plugin-server\#SwiftMacros -disable-implicit-swift-modules -Xcc -fno-implicit-modules -Xcc -fno-implicit-module-maps -explicit-swift-module-map-file /Users/rogerlin/Library/Developer/Xcode/DerivedData/FinancialCalculatorKit-ackorybalcxbfocbkqsfdzcfkgmn/Build/Intermediates.noindex/swift-case-paths.build/Debug/CasePathsCore.build/Objects-normal/arm64/CasePathsCore-dependencies-1.json -Xllvm -aarch64-use-tbi -enable-objc-interop -stack-check -sdk /Applications/Xcode.app/Contents/Developer/Platforms/MacOSX.platform/Developer/SDKs/MacOSX26.1.sdk -I /Users/rogerlin/Library/Developer/Xcode/DerivedData/FinancialCalculatorKit-ackorybalcxbfocbkqsfdzcfkgmn/Build/Products/Debug -Isystem /Applications/Xcode.app/Contents/Developer/Platforms/MacOSX.platform/Developer/usr/lib -F /Users/rogerlin/Library/Developer/Xcode/DerivedData/FinancialCalculatorKit-ackorybalcxbfocbkqsfdzcfkgmn/Build/Products/Debug/PackageFrameworks -F /Users/rogerlin/Library/Developer/Xcode/DerivedData/FinancialCalculatorKit-ackorybalcxbfocbkqsfdzcfkgmn/Build/Products/Debug/PackageFrameworks -F /Users/rogerlin/Library/Developer/Xcode/DerivedData/FinancialCalculatorKit-ackorybalcxbfocbkqsfdzcfkgmn/Build/Products/Debug -F /Applications/Xcode.app/Contents/Developer/Platforms/MacOSX.platform/Developer/Library/Frameworks -no-color-diagnostics -Xcc -fno-color-diagnostics -enable-testing -g -debug-info-format\=dwarf -dwarf-version\=4 -module-cache-path /Users/rogerlin/Library/Developer/Xcode/DerivedData/FinancialCalculatorKit-ackorybalcxbfocbkqsfdzcfkgmn/Build/Intermediates.noindex/SwiftExplicitPrecompiledModules -suppress-warnings -profile-generate -profile-coverage-mapping -swift-version 6 -enforce-exclusivity\=checked -Onone -D SWIFT_PACKAGE -D DEBUG -D SWIFT_MODULE_RESOURCE_BUNDLE_UNAVAILABLE -D Xcode -serialize-debugging-options -const-gather-protocols-file /Users/rogerlin/Library/Developer/Xcode/DerivedData/FinancialCalculatorKit-ackorybalcxbfocbkqsfdzcfkgmn/Build/Intermediates.noindex/swift-case-paths.build/Debug/CasePathsCore.build/Objects-normal/arm64/CasePathsCore_const_extract_protocols.json -enable-experimental-feature DebugDescriptionMacro -empty-abi-descriptor -user-module-version 1.7.0 -validate-clang-modules-once -clang-build-session-file /Users/rogerlin/Library/Developer/Xcode/DerivedData/ModuleCache.noindex/Session.modulevalidation -Xcc -working-directory -Xcc /Users/rogerlin/XCode-Projects/FinancialCalculatorKit-5.0-updated-accent-colors/FinancialCalculatorKit.xcodeproj -enable-anonymous-context-mangled-names -file-compilation-dir /Users/rogerlin/XCode-Projects/FinancialCalculatorKit-5.0-updated-accent-colors/FinancialCalculatorKit.xcodeproj -Xcc -D_LIBCPP_HARDENING_MODE\=_LIBCPP_HARDENING_MODE_DEBUG -Xcc -ivfsstatcache -Xcc /Users/rogerlin/Library/Developer/Xcode/DerivedData/SDKStatCaches.noindex/macosx26.1-25B74-3ae1261907bdadc328169391a47051a6.sdkstatcache -Xcc -I/Users/rogerlin/Library/Developer/Xcode/DerivedData/FinancialCalculatorKit-ackorybalcxbfocbkqsfdzcfkgmn/Build/Intermediates.noindex/swift-case-paths.build/Debug/CasePathsCore.build/swift-overrides.hmap -Xcc -I/Users/rogerlin/Library/Developer/Xcode/DerivedData/FinancialCalculatorKit-ackorybalcxbfocbkqsfdzcfkgmn/Build/Products/Debug/include -Xcc -I/Users/rogerlin/Library/Developer/Xcode/DerivedData/FinancialCalculatorKit-ackorybalcxbfocbkqsfdzcfkgmn/Build/Intermediates.noindex/swift-case-paths.build/Debug/CasePathsCore.build/DerivedSources-normal/arm64 -Xcc -I/Users/rogerlin/Library/Developer/Xcode/DerivedData/FinancialCalculatorKit-ackorybalcxbfocbkqsfdzcfkgmn/Build/Intermediates.noindex/swift-case-paths.build/Debug/CasePathsCore.build/DerivedSources/arm64 -Xcc -I/Users/rogerlin/Library/Developer/Xcode/DerivedData/FinancialCalculatorKit-ackorybalcxbfocbkqsfdzcfkgmn/Build/Intermediates.noindex/swift-case-paths.build/Debug/CasePathsCore.build/DerivedSources -Xcc -DSWIFT_PACKAGE -Xcc -DDEBUG\=1 -no-auto-bridging-header-chaining -module-name CasePathsCore -package-name swift_case_paths -frontend-parseable-output -disable-clang-spi -target-sdk-version 26.1 -target-sdk-name macosx26.1 -clang-target arm64-apple-macos26.1 -in-process-plugin-server-path /Applications/Xcode.app/Contents/Developer/Toolchains/XcodeDefault.xctoolchain/usr/lib/swift/host/libSwiftInProcPluginServer.dylib -o /Users/rogerlin/Library/Developer/Xcode/DerivedData/FinancialCalculatorKit-ackorybalcxbfocbkqsfdzcfkgmn/Build/Intermediates.noindex/swift-case-paths.build/Debug/CasePathsCore.build/Objects-normal/arm64/Optional+CasePathable.o -index-unit-output-path /swift-case-paths.build/Debug/CasePathsCore.build/Objects-normal/arm64/Optional+CasePathable.o -index-store-path /Users/rogerlin/Library/Developer/Xcode/DerivedData/FinancialCalculatorKit-ackorybalcxbfocbkqsfdzcfkgmn/Index.noindex/DataStore -index-system-modules

SwiftCompile normal arm64 /Users/rogerlin/Library/Developer/Xcode/DerivedData/FinancialCalculatorKit-ackorybalcxbfocbkqsfdzcfkgmn/SourcePackages/checkouts/swift-case-paths/Sources/CasePathsCore/Optional+CasePathable.swift (in target 'CasePathsCore' from project 'swift-case-paths')
    cd /Users/rogerlin/XCode-Projects/FinancialCalculatorKit-5.0-updated-accent-colors/FinancialCalculatorKit.xcodeproj
    

SwiftDriverJobDiscovery normal arm64 Emitting module for LaTeXSwiftUI (in target 'LaTeXSwiftUI' from project 'LaTeXSwiftUI')

SwiftDriver\ Compilation\ Requirements LaTeXSwiftUI normal arm64 com.apple.xcode.tools.swift.compiler (in target 'LaTeXSwiftUI' from project 'LaTeXSwiftUI')
    cd /Users/rogerlin/XCode-Projects/FinancialCalculatorKit-5.0-updated-accent-colors/FinancialCalculatorKit.xcodeproj
    builtin-Swift-Compilation-Requirements -- /Applications/Xcode.app/Contents/Developer/Toolchains/XcodeDefault.xctoolchain/usr/bin/swiftc -module-name LaTeXSwiftUI -Onone -enforce-exclusivity\=checked @/Users/rogerlin/Library/Developer/Xcode/DerivedData/FinancialCalculatorKit-ackorybalcxbfocbkqsfdzcfkgmn/Build/Intermediates.noindex/LaTeXSwiftUI.build/Debug/LaTeXSwiftUI.build/Objects-normal/arm64/LaTeXSwiftUI.SwiftFileList -DSWIFT_PACKAGE -DDEBUG -DSWIFT_MODULE_RESOURCE_BUNDLE_UNAVAILABLE -DXcode -plugin-path /Applications/Xcode.app/Contents/Developer/Toolchains/XcodeDefault.xctoolchain/usr/lib/swift/host/plugins/testing -enable-experimental-feature DebugDescriptionMacro -sdk /Applications/Xcode.app/Contents/Developer/Platforms/MacOSX.platform/Developer/SDKs/MacOSX26.1.sdk -target arm64-apple-macos12.0 -g -module-cache-path /Users/rogerlin/Library/Developer/Xcode/DerivedData/ModuleCache.noindex -Xfrontend -serialize-debugging-options -profile-coverage-mapping -profile-generate -enable-testing -suppress-warnings -index-store-path /Users/rogerlin/Library/Developer/Xcode/DerivedData/FinancialCalculatorKit-ackorybalcxbfocbkqsfdzcfkgmn/Index.noindex/DataStore -Xcc -D_LIBCPP_HARDENING_MODE\=_LIBCPP_HARDENING_MODE_DEBUG -swift-version 5 -I /Users/rogerlin/Library/Developer/Xcode/DerivedData/FinancialCalculatorKit-ackorybalcxbfocbkqsfdzcfkgmn/Build/Products/Debug -Isystem /Applications/Xcode.app/Contents/Developer/Platforms/MacOSX.platform/Developer/usr/lib -F /Users/rogerlin/Library/Developer/Xcode/DerivedData/FinancialCalculatorKit-ackorybalcxbfocbkqsfdzcfkgmn/Build/Products/Debug/PackageFrameworks -F /Users/rogerlin/Library/Developer/Xcode/DerivedData/FinancialCalculatorKit-ackorybalcxbfocbkqsfdzcfkgmn/Build/Products/Debug/PackageFrameworks -F /Users/rogerlin/Library/Developer/Xcode/DerivedData/FinancialCalculatorKit-ackorybalcxbfocbkqsfdzcfkgmn/Build/Products/Debug/PackageFrameworks -F /Users/rogerlin/Library/Developer/Xcode/DerivedData/FinancialCalculatorKit-ackorybalcxbfocbkqsfdzcfkgmn/Build/Products/Debug/PackageFrameworks -F /Users/rogerlin/Library/Developer/Xcode/DerivedData/FinancialCalculatorKit-ackorybalcxbfocbkqsfdzcfkgmn/Build/Products/Debug -F /Applications/Xcode.app/Contents/Developer/Platforms/MacOSX.platform/Developer/Library/Frameworks -c -j16 -enable-batch-mode -incremental -Xcc -ivfsstatcache -Xcc /Users/rogerlin/Library/Developer/Xcode/DerivedData/SDKStatCaches.noindex/macosx26.1-25B74-3ae1261907bdadc328169391a47051a6.sdkstatcache -output-file-map /Users/rogerlin/Library/Developer/Xcode/DerivedData/FinancialCalculatorKit-ackorybalcxbfocbkqsfdzcfkgmn/Build/Intermediates.noindex/LaTeXSwiftUI.build/Debug/LaTeXSwiftUI.build/Objects-normal/arm64/LaTeXSwiftUI-OutputFileMap.json -use-frontend-parseable-output -save-temps -no-color-diagnostics -explicit-module-build -module-cache-path /Users/rogerlin/Library/Developer/Xcode/DerivedData/FinancialCalculatorKit-ackorybalcxbfocbkqsfdzcfkgmn/Build/Intermediates.noindex/SwiftExplicitPrecompiledModules -clang-scanner-module-cache-path /Users/rogerlin/Library/Developer/Xcode/DerivedData/ModuleCache.noindex -sdk-module-cache-path /Users/rogerlin/Library/Developer/Xcode/DerivedData/ModuleCache.noindex -serialize-diagnostics -emit-dependencies -emit-module -emit-module-path /Users/rogerlin/Library/Developer/Xcode/DerivedData/FinancialCalculatorKit-ackorybalcxbfocbkqsfdzcfkgmn/Build/Intermediates.noindex/LaTeXSwiftUI.build/Debug/LaTeXSwiftUI.build/Objects-normal/arm64/LaTeXSwiftUI.swiftmodule -validate-clang-modules-once -clang-build-session-file /Users/rogerlin/Library/Developer/Xcode/DerivedData/ModuleCache.noindex/Session.modulevalidation -Xcc -I/Users/rogerlin/Library/Developer/Xcode/DerivedData/FinancialCalculatorKit-ackorybalcxbfocbkqsfdzcfkgmn/Build/Intermediates.noindex/LaTeXSwiftUI.build/Debug/LaTeXSwiftUI.build/swift-overrides.hmap -emit-const-values -Xfrontend -const-gather-protocols-file -Xfrontend /Users/rogerlin/Library/Developer/Xcode/DerivedData/FinancialCalculatorKit-ackorybalcxbfocbkqsfdzcfkgmn/Build/Intermediates.noindex/LaTeXSwiftUI.build/Debug/LaTeXSwiftUI.build/Objects-normal/arm64/LaTeXSwiftUI_const_extract_protocols.json -Xcc -I/Users/rogerlin/Library/Developer/Xcode/DerivedData/FinancialCalculatorKit-ackorybalcxbfocbkqsfdzcfkgmn/Build/Products/Debug/include -Xcc -I/Users/rogerlin/Library/Developer/Xcode/DerivedData/FinancialCalculatorKit-ackorybalcxbfocbkqsfdzcfkgmn/Build/Intermediates.noindex/LaTeXSwiftUI.build/Debug/LaTeXSwiftUI.build/DerivedSources-normal/arm64 -Xcc -I/Users/rogerlin/Library/Developer/Xcode/DerivedData/FinancialCalculatorKit-ackorybalcxbfocbkqsfdzcfkgmn/Build/Intermediates.noindex/LaTeXSwiftUI.build/Debug/LaTeXSwiftUI.build/DerivedSources/arm64 -Xcc -I/Users/rogerlin/Library/Developer/Xcode/DerivedData/FinancialCalculatorKit-ackorybalcxbfocbkqsfdzcfkgmn/Build/Intermediates.noindex/LaTeXSwiftUI.build/Debug/LaTeXSwiftUI.build/DerivedSources -Xcc -DSWIFT_PACKAGE -Xcc -DDEBUG\=1 -emit-objc-header -emit-objc-header-path /Users/rogerlin/Library/Developer/Xcode/DerivedData/FinancialCalculatorKit-ackorybalcxbfocbkqsfdzcfkgmn/Build/Intermediates.noindex/LaTeXSwiftUI.build/Debug/LaTeXSwiftUI.build/Objects-normal/arm64/LaTeXSwiftUI-Swift.h -working-directory /Users/rogerlin/XCode-Projects/FinancialCalculatorKit-5.0-updated-accent-colors/FinancialCalculatorKit.xcodeproj -experimental-emit-module-separately -disable-cmo

    Task input dependencies:
        /Users/rogerlin/Library/Developer/Xcode/DerivedData/FinancialCalculatorKit-ackorybalcxbfocbkqsfdzcfkgmn/SourcePackages/checkouts/LaTeXSwiftUI/Sources/LaTeXSwiftUI/Extensions/EnvironmentValues+Extensions.swift
        /Users/rogerlin/Library/Developer/Xcode/DerivedData/FinancialCalculatorKit-ackorybalcxbfocbkqsfdzcfkgmn/SourcePackages/checkouts/LaTeXSwiftUI/Sources/LaTeXSwiftUI/Extensions/Font+Extensions.swift
        /Users/rogerlin/Library/Developer/Xcode/DerivedData/FinancialCalculatorKit-ackorybalcxbfocbkqsfdzcfkgmn/SourcePackages/checkouts/LaTeXSwiftUI/Sources/LaTeXSwiftUI/Extensions/Image+Extensions.swift
        /Users/rogerlin/Library/Developer/Xcode/DerivedData/FinancialCalculatorKit-ackorybalcxbfocbkqsfdzcfkgmn/SourcePackages/checkouts/LaTeXSwiftUI/Sources/LaTeXSwiftUI/Extensions/MathJax+Extensions.swift
        /Users/rogerlin/Library/Developer/Xcode/DerivedData/FinancialCalculatorKit-ackorybalcxbfocbkqsfdzcfkgmn/SourcePackages/checkouts/LaTeXSwiftUI/Sources/LaTeXSwiftUI/Extensions/NSImage+Extensions.swift
        /Users/rogerlin/Library/Developer/Xcode/DerivedData/FinancialCalculatorKit-ackorybalcxbfocbkqsfdzcfkgmn/SourcePackages/checkouts/LaTeXSwiftUI/Sources/LaTeXSwiftUI/Extensions/Range+Extensions.swift
        /Users/rogerlin/Library/Developer/Xcode/DerivedData/FinancialCalculatorKit-ackorybalcxbfocbkqsfdzcfkgmn/SourcePackages/checkouts/LaTeXSwiftUI/Sources/LaTeXSwiftUI/Extensions/TeXInputProcessorOptions+Extensions.swift
        /Users/rogerlin/Library/Developer/Xcode/DerivedData/FinancialCalculatorKit-ackorybalcxbfocbkqsfdzcfkgmn/SourcePackages/checkouts/LaTeXSwiftUI/Sources/LaTeXSwiftUI/Extensions/View+Extensions.swift
        /Users/rogerlin/Library/Developer/Xcode/DerivedData/FinancialCalculatorKit-ackorybalcxbfocbkqsfdzcfkgmn/SourcePackages/checkouts/LaTeXSwiftUI/Sources/LaTeXSwiftUI/LaTeX.swift
        /Users/rogerlin/Library/Developer/Xcode/DerivedData/FinancialCalculatorKit-ackorybalcxbfocbkqsfdzcfkgmn/SourcePackages/checkouts/LaTeXSwiftUI/Sources/LaTeXSwiftUI/Models/Aliases.swift
        /Users/rogerlin/Library/Developer/Xcode/DerivedData/FinancialCalculatorKit-ackorybalcxbfocbkqsfdzcfkgmn/SourcePackages/checkouts/LaTeXSwiftUI/Sources/LaTeXSwiftUI/Models/Cache.swift
        /Users/rogerlin/Library/Developer/Xcode/DerivedData/FinancialCalculatorKit-ackorybalcxbfocbkqsfdzcfkgmn/SourcePackages/checkouts/LaTeXSwiftUI/Sources/LaTeXSwiftUI/Models/Component.swift
        /Users/rogerlin/Library/Developer/Xcode/DerivedData/FinancialCalculatorKit-ackorybalcxbfocbkqsfdzcfkgmn/SourcePackages/checkouts/LaTeXSwiftUI/Sources/LaTeXSwiftUI/Models/ComponentBlock.swift
        /Users/rogerlin/Library/Developer/Xcode/DerivedData/FinancialCalculatorKit-ackorybalcxbfocbkqsfdzcfkgmn/SourcePackages/checkouts/LaTeXSwiftUI/Sources/LaTeXSwiftUI/Models/HashableCGRect.swift
        /Users/rogerlin/Library/Developer/Xcode/DerivedData/FinancialCalculatorKit-ackorybalcxbfocbkqsfdzcfkgmn/SourcePackages/checkouts/LaTeXSwiftUI/Sources/LaTeXSwiftUI/Models/HashableCGSize.swift
        /Users/rogerlin/Library/Developer/Xcode/DerivedData/FinancialCalculatorKit-ackorybalcxbfocbkqsfdzcfkgmn/SourcePackages/checkouts/LaTeXSwiftUI/Sources/LaTeXSwiftUI/Models/ImageContainer.swift
        /Users/rogerlin/Library/Developer/Xcode/DerivedData/FinancialCalculatorKit-ackorybalcxbfocbkqsfdzcfkgmn/SourcePackages/checkouts/LaTeXSwiftUI/Sources/LaTeXSwiftUI/Models/Parser.swift
        /Users/rogerlin/Library/Developer/Xcode/DerivedData/FinancialCalculatorKit-ackorybalcxbfocbkqsfdzcfkgmn/SourcePackages/checkouts/LaTeXSwiftUI/Sources/LaTeXSwiftUI/Models/Renderer.swift
        /Users/rogerlin/Library/Developer/Xcode/DerivedData/FinancialCalculatorKit-ackorybalcxbfocbkqsfdzcfkgmn/SourcePackages/checkouts/LaTeXSwiftUI/Sources/LaTeXSwiftUI/Models/SVG.swift
        /Users/rogerlin/Library/Developer/Xcode/DerivedData/FinancialCalculatorKit-ackorybalcxbfocbkqsfdzcfkgmn/SourcePackages/checkouts/LaTeXSwiftUI/Sources/LaTeXSwiftUI/Models/SVGGeometry.swift
        /Users/rogerlin/Library/Developer/Xcode/DerivedData/FinancialCalculatorKit-ackorybalcxbfocbkqsfdzcfkgmn/SourcePackages/checkouts/LaTeXSwiftUI/Sources/LaTeXSwiftUI/Previews/LaTeX_Previews+Color.swift
        /Users/rogerlin/Library/Developer/Xcode/DerivedData/FinancialCalculatorKit-ackorybalcxbfocbkqsfdzcfkgmn/SourcePackages/checkouts/LaTeXSwiftUI/Sources/LaTeXSwiftUI/Previews/LaTeX_Previews+Fonts.swift
        /Users/rogerlin/Library/Developer/Xcode/DerivedData/FinancialCalculatorKit-ackorybalcxbfocbkqsfdzcfkgmn/SourcePackages/checkouts/LaTeXSwiftUI/Sources/LaTeXSwiftUI/Previews/LaTeX_Previews+Modes.swift
        /Users/rogerlin/Library/Developer/Xcode/DerivedData/FinancialCalculatorKit-ackorybalcxbfocbkqsfdzcfkgmn/SourcePackages/checkouts/LaTeXSwiftUI/Sources/LaTeXSwiftUI/Previews/LaTeX_Previews+Numbers.swift
        /Users/rogerlin/Library/Developer/Xcode/DerivedData/FinancialCalculatorKit-ackorybalcxbfocbkqsfdzcfkgmn/SourcePackages/checkouts/LaTeXSwiftUI/Sources/LaTeXSwiftUI/Previews/LaTeX_Previews+Special.swift
        /Users/rogerlin/Library/Developer/Xcode/DerivedData/FinancialCalculatorKit-ackorybalcxbfocbkqsfdzcfkgmn/SourcePackages/checkouts/LaTeXSwiftUI/Sources/LaTeXSwiftUI/Previews/LaTeX_Previews+Styles.swift
        /Users/rogerlin/Library/Developer/Xcode/DerivedData/FinancialCalculatorKit-ackorybalcxbfocbkqsfdzcfkgmn/SourcePackages/checkouts/LaTeXSwiftUI/Sources/LaTeXSwiftUI/Styles/DefaultLaTeXStyle.swift
        /Users/rogerlin/Library/Developer/Xcode/DerivedData/FinancialCalculatorKit-ackorybalcxbfocbkqsfdzcfkgmn/SourcePackages/checkouts/LaTeXSwiftUI/Sources/LaTeXSwiftUI/Styles/LaTeXStyle.swift
        /Users/rogerlin/Library/Developer/Xcode/DerivedData/FinancialCalculatorKit-ackorybalcxbfocbkqsfdzcfkgmn/SourcePackages/checkouts/LaTeXSwiftUI/Sources/LaTeXSwiftUI/Styles/StandardLaTeXStyle.swift
        /Users/rogerlin/Library/Developer/Xcode/DerivedData/FinancialCalculatorKit-ackorybalcxbfocbkqsfdzcfkgmn/SourcePackages/checkouts/LaTeXSwiftUI/Sources/LaTeXSwiftUI/Views/ComponentBlocksText.swift
        /Users/rogerlin/Library/Developer/Xcode/DerivedData/FinancialCalculatorKit-ackorybalcxbfocbkqsfdzcfkgmn/SourcePackages/checkouts/LaTeXSwiftUI/Sources/LaTeXSwiftUI/Views/ComponentBlocksViews.swift
        /Users/rogerlin/Library/Developer/Xcode/DerivedData/FinancialCalculatorKit-ackorybalcxbfocbkqsfdzcfkgmn/SourcePackages/checkouts/LaTeXSwiftUI/Sources/LaTeXSwiftUI/Views/EquationNumber.swift
        /Users/rogerlin/Library/Developer/Xcode/DerivedData/FinancialCalculatorKit-ackorybalcxbfocbkqsfdzcfkgmn/SourcePackages/checkouts/LaTeXSwiftUI/Sources/LaTeXSwiftUI/Views/HorizontalImageScroller.swift
        /Users/rogerlin/Library/Developer/Xcode/DerivedData/FinancialCalculatorKit-ackorybalcxbfocbkqsfdzcfkgmn/Build/Intermediates.noindex/LaTeXSwiftUI.build/Debug/LaTeXSwiftUI.build/Objects-normal/arm64/LaTeXSwiftUI.SwiftFileList
        /Users/rogerlin/Library/Developer/Xcode/DerivedData/FinancialCalculatorKit-ackorybalcxbfocbkqsfdzcfkgmn/Build/Intermediates.noindex/LaTeXSwiftUI.build/Debug/LaTeXSwiftUI.build/Objects-normal/arm64/LaTeXSwiftUI-OutputFileMap.json
        /Users/rogerlin/Library/Developer/Xcode/DerivedData/FinancialCalculatorKit-ackorybalcxbfocbkqsfdzcfkgmn/Build/Intermediates.noindex/LaTeXSwiftUI.build/Debug/LaTeXSwiftUI.build/Objects-normal/arm64/LaTeXSwiftUI_const_extract_protocols.json
        /Users/rogerlin/Library/Developer/Xcode/DerivedData/FinancialCalculatorKit-ackorybalcxbfocbkqsfdzcfkgmn/Build/Intermediates.noindex/GeneratedModuleMaps/LaTeXSwiftUI.modulemap
        /Users/rogerlin/Library/Developer/Xcode/DerivedData/FinancialCalculatorKit-ackorybalcxbfocbkqsfdzcfkgmn/SourcePackages/checkouts/LaTeXSwiftUI/Sources/LaTeXSwiftUI/Extensions/EnvironmentValues+Extensions.swift
        /Users/rogerlin/Library/Developer/Xcode/DerivedData/FinancialCalculatorKit-ackorybalcxbfocbkqsfdzcfkgmn/SourcePackages/checkouts/LaTeXSwiftUI/Sources/LaTeXSwiftUI/Extensions/Font+Extensions.swift
        /Users/rogerlin/Library/Developer/Xcode/DerivedData/FinancialCalculatorKit-ackorybalcxbfocbkqsfdzcfkgmn/SourcePackages/checkouts/LaTeXSwiftUI/Sources/LaTeXSwiftUI/Extensions/Image+Extensions.swift
        /Users/rogerlin/Library/Developer/Xcode/DerivedData/FinancialCalculatorKit-ackorybalcxbfocbkqsfdzcfkgmn/SourcePackages/checkouts/LaTeXSwiftUI/Sources/LaTeXSwiftUI/Extensions/MathJax+Extensions.swift
        /Users/rogerlin/Library/Developer/Xcode/DerivedData/FinancialCalculatorKit-ackorybalcxbfocbkqsfdzcfkgmn/SourcePackages/checkouts/LaTeXSwiftUI/Sources/LaTeXSwiftUI/Extensions/NSImage+Extensions.swift
        /Users/rogerlin/Library/Developer/Xcode/DerivedData/FinancialCalculatorKit-ackorybalcxbfocbkqsfdzcfkgmn/SourcePackages/checkouts/LaTeXSwiftUI/Sources/LaTeXSwiftUI/Extensions/Range+Extensions.swift
        /Users/rogerlin/Library/Developer/Xcode/DerivedData/FinancialCalculatorKit-ackorybalcxbfocbkqsfdzcfkgmn/SourcePackages/checkouts/LaTeXSwiftUI/Sources/LaTeXSwiftUI/Extensions/TeXInputProcessorOptions+Extensions.swift
        /Users/rogerlin/Library/Developer/Xcode/DerivedData/FinancialCalculatorKit-ackorybalcxbfocbkqsfdzcfkgmn/SourcePackages/checkouts/LaTeXSwiftUI/Sources/LaTeXSwiftUI/Extensions/View+Extensions.swift
        /Users/rogerlin/Library/Developer/Xcode/DerivedData/FinancialCalculatorKit-ackorybalcxbfocbkqsfdzcfkgmn/SourcePackages/checkouts/LaTeXSwiftUI/Sources/LaTeXSwiftUI/LaTeX.swift
        /Users/rogerlin/Library/Developer/Xcode/DerivedData/FinancialCalculatorKit-ackorybalcxbfocbkqsfdzcfkgmn/SourcePackages/checkouts/LaTeXSwiftUI/Sources/LaTeXSwiftUI/Models/Aliases.swift
        /Users/rogerlin/Library/Developer/Xcode/DerivedData/FinancialCalculatorKit-ackorybalcxbfocbkqsfdzcfkgmn/SourcePackages/checkouts/LaTeXSwiftUI/Sources/LaTeXSwiftUI/Models/Cache.swift
        /Users/rogerlin/Library/Developer/Xcode/DerivedData/FinancialCalculatorKit-ackorybalcxbfocbkqsfdzcfkgmn/SourcePackages/checkouts/LaTeXSwiftUI/Sources/LaTeXSwiftUI/Models/Component.swift
        /Users/rogerlin/Library/Developer/Xcode/DerivedData/FinancialCalculatorKit-ackorybalcxbfocbkqsfdzcfkgmn/SourcePackages/checkouts/LaTeXSwiftUI/Sources/LaTeXSwiftUI/Models/ComponentBlock.swift
        /Users/rogerlin/Library/Developer/Xcode/DerivedData/FinancialCalculatorKit-ackorybalcxbfocbkqsfdzcfkgmn/SourcePackages/checkouts/LaTeXSwiftUI/Sources/LaTeXSwiftUI/Models/HashableCGRect.swift
        /Users/rogerlin/Library/Developer/Xcode/DerivedData/FinancialCalculatorKit-ackorybalcxbfocbkqsfdzcfkgmn/SourcePackages/checkouts/LaTeXSwiftUI/Sources/LaTeXSwiftUI/Models/HashableCGSize.swift
        /Users/rogerlin/Library/Developer/Xcode/DerivedData/FinancialCalculatorKit-ackorybalcxbfocbkqsfdzcfkgmn/SourcePackages/checkouts/LaTeXSwiftUI/Sources/LaTeXSwiftUI/Models/ImageContainer.swift
        /Users/rogerlin/Library/Developer/Xcode/DerivedData/FinancialCalculatorKit-ackorybalcxbfocbkqsfdzcfkgmn/SourcePackages/checkouts/LaTeXSwiftUI/Sources/LaTeXSwiftUI/Models/Parser.swift
        /Users/rogerlin/Library/Developer/Xcode/DerivedData/FinancialCalculatorKit-ackorybalcxbfocbkqsfdzcfkgmn/SourcePackages/checkouts/LaTeXSwiftUI/Sources/LaTeXSwiftUI/Models/Renderer.swift
        /Users/rogerlin/Library/Developer/Xcode/DerivedData/FinancialCalculatorKit-ackorybalcxbfocbkqsfdzcfkgmn/SourcePackages/checkouts/LaTeXSwiftUI/Sources/LaTeXSwiftUI/Models/SVG.swift
        /Users/rogerlin/Library/Developer/Xcode/DerivedData/FinancialCalculatorKit-ackorybalcxbfocbkqsfdzcfkgmn/SourcePackages/checkouts/LaTeXSwiftUI/Sources/LaTeXSwiftUI/Models/SVGGeometry.swift
        /Users/rogerlin/Library/Developer/Xcode/DerivedData/FinancialCalculatorKit-ackorybalcxbfocbkqsfdzcfkgmn/SourcePackages/checkouts/LaTeXSwiftUI/Sources/LaTeXSwiftUI/Previews/LaTeX_Previews+Color.swift
        /Users/rogerlin/Library/Developer/Xcode/DerivedData/FinancialCalculatorKit-ackorybalcxbfocbkqsfdzcfkgmn/SourcePackages/checkouts/LaTeXSwiftUI/Sources/LaTeXSwiftUI/Previews/LaTeX_Previews+Fonts.swift
        /Users/rogerlin/Library/Developer/Xcode/DerivedData/FinancialCalculatorKit-ackorybalcxbfocbkqsfdzcfkgmn/SourcePackages/checkouts/LaTeXSwiftUI/Sources/LaTeXSwiftUI/Previews/LaTeX_Previews+Modes.swift
        /Users/rogerlin/Library/Developer/Xcode/DerivedData/FinancialCalculatorKit-ackorybalcxbfocbkqsfdzcfkgmn/SourcePackages/checkouts/LaTeXSwiftUI/Sources/LaTeXSwiftUI/Previews/LaTeX_Previews+Numbers.swift
        /Users/rogerlin/Library/Developer/Xcode/DerivedData/FinancialCalculatorKit-ackorybalcxbfocbkqsfdzcfkgmn/SourcePackages/checkouts/LaTeXSwiftUI/Sources/LaTeXSwiftUI/Previews/LaTeX_Previews+Special.swift
        /Users/rogerlin/Library/Developer/Xcode/DerivedData/FinancialCalculatorKit-ackorybalcxbfocbkqsfdzcfkgmn/SourcePackages/checkouts/LaTeXSwiftUI/Sources/LaTeXSwiftUI/Previews/LaTeX_Previews+Styles.swift
        /Users/rogerlin/Library/Developer/Xcode/DerivedData/FinancialCalculatorKit-ackorybalcxbfocbkqsfdzcfkgmn/SourcePackages/checkouts/LaTeXSwiftUI/Sources/LaTeXSwiftUI/Styles/DefaultLaTeXStyle.swift
        /Users/rogerlin/Library/Developer/Xcode/DerivedData/FinancialCalculatorKit-ackorybalcxbfocbkqsfdzcfkgmn/SourcePackages/checkouts/LaTeXSwiftUI/Sources/LaTeXSwiftUI/Styles/LaTeXStyle.swift
        /Users/rogerlin/Library/Developer/Xcode/DerivedData/FinancialCalculatorKit-ackorybalcxbfocbkqsfdzcfkgmn/SourcePackages/checkouts/LaTeXSwiftUI/Sources/LaTeXSwiftUI/Styles/StandardLaTeXStyle.swift
        /Users/rogerlin/Library/Developer/Xcode/DerivedData/FinancialCalculatorKit-ackorybalcxbfocbkqsfdzcfkgmn/SourcePackages/checkouts/LaTeXSwiftUI/Sources/LaTeXSwiftUI/Views/ComponentBlocksText.swift
        /Users/rogerlin/Library/Developer/Xcode/DerivedData/FinancialCalculatorKit-ackorybalcxbfocbkqsfdzcfkgmn/SourcePackages/checkouts/LaTeXSwiftUI/Sources/LaTeXSwiftUI/Views/ComponentBlocksViews.swift
        /Users/rogerlin/Library/Developer/Xcode/DerivedData/FinancialCalculatorKit-ackorybalcxbfocbkqsfdzcfkgmn/SourcePackages/checkouts/LaTeXSwiftUI/Sources/LaTeXSwiftUI/Views/EquationNumber.swift
        /Users/rogerlin/Library/Developer/Xcode/DerivedData/FinancialCalculatorKit-ackorybalcxbfocbkqsfdzcfkgmn/SourcePackages/checkouts/LaTeXSwiftUI/Sources/LaTeXSwiftUI/Views/HorizontalImageScroller.swift
        /Users/rogerlin/Library/Developer/Xcode/DerivedData/FinancialCalculatorKit-ackorybalcxbfocbkqsfdzcfkgmn/Build/Intermediates.noindex/LaTeXSwiftUI.build/Debug/LaTeXSwiftUI.build/Objects-normal/arm64/LaTeXSwiftUI.SwiftFileList
        /Users/rogerlin/Library/Developer/Xcode/DerivedData/FinancialCalculatorKit-ackorybalcxbfocbkqsfdzcfkgmn/Build/Intermediates.noindex/LaTeXSwiftUI.build/Debug/LaTeXSwiftUI.build/Objects-normal/arm64/LaTeXSwiftUI-OutputFileMap.json
        /Users/rogerlin/Library/Developer/Xcode/DerivedData/FinancialCalculatorKit-ackorybalcxbfocbkqsfdzcfkgmn/Build/Intermediates.noindex/LaTeXSwiftUI.build/Debug/LaTeXSwiftUI.build/Objects-normal/arm64/LaTeXSwiftUI_const_extract_protocols.json
        /Users/rogerlin/Library/Developer/Xcode/DerivedData/FinancialCalculatorKit-ackorybalcxbfocbkqsfdzcfkgmn/Build/Intermediates.noindex/GeneratedModuleMaps/LaTeXSwiftUI.modulemap
        <ClangStatCache /Users/rogerlin/Library/Developer/Xcode/DerivedData/SDKStatCaches.noindex/macosx26.1-25B74-3ae1261907bdadc328169391a47051a6.sdkstatcache>
        <target-LaTeXSwiftUI-PACKAGE-TARGET:LaTeXSwiftUI-SDKROOT:macosx:SDK_VARIANT:macos-copy-headers-completion>
        <target-LaTeXSwiftUI-PACKAGE-TARGET:LaTeXSwiftUI-SDKROOT:macosx:SDK_VARIANT:macos-ModuleVerifierTaskProducer>
        <target-LaTeXSwiftUI-PACKAGE-TARGET:LaTeXSwiftUI-SDKROOT:macosx:SDK_VARIANT:macos-begin-compiling>
        <WorkspaceHeaderMapVFSFilesWritten>

    Task output dependencies:
        /Users/rogerlin/Library/Developer/Xcode/DerivedData/FinancialCalculatorKit-ackorybalcxbfocbkqsfdzcfkgmn/Build/Intermediates.noindex/LaTeXSwiftUI.build/Debug/LaTeXSwiftUI.build/Objects-normal/arm64/LaTeXSwiftUI Swift Compilation Requirements Finished
        /Users/rogerlin/Library/Developer/Xcode/DerivedData/FinancialCalculatorKit-ackorybalcxbfocbkqsfdzcfkgmn/Build/Intermediates.noindex/LaTeXSwiftUI.build/Debug/LaTeXSwiftUI.build/Objects-normal/arm64/LaTeXSwiftUI.swiftmodule
        /Users/rogerlin/Library/Developer/Xcode/DerivedData/FinancialCalculatorKit-ackorybalcxbfocbkqsfdzcfkgmn/Build/Intermediates.noindex/LaTeXSwiftUI.build/Debug/LaTeXSwiftUI.build/Objects-normal/arm64/LaTeXSwiftUI-linker-args.resp
        /Users/rogerlin/Library/Developer/Xcode/DerivedData/FinancialCalculatorKit-ackorybalcxbfocbkqsfdzcfkgmn/Build/Intermediates.noindex/LaTeXSwiftUI.build/Debug/LaTeXSwiftUI.build/Objects-normal/arm64/LaTeXSwiftUI.swiftsourceinfo
        /Users/rogerlin/Library/Developer/Xcode/DerivedData/FinancialCalculatorKit-ackorybalcxbfocbkqsfdzcfkgmn/Build/Intermediates.noindex/LaTeXSwiftUI.build/Debug/LaTeXSwiftUI.build/Objects-normal/arm64/LaTeXSwiftUI.abi.json
        /Users/rogerlin/Library/Developer/Xcode/DerivedData/FinancialCalculatorKit-ackorybalcxbfocbkqsfdzcfkgmn/Build/Intermediates.noindex/LaTeXSwiftUI.build/Debug/LaTeXSwiftUI.build/Objects-normal/arm64/LaTeXSwiftUI-Swift.h
        /Users/rogerlin/Library/Developer/Xcode/DerivedData/FinancialCalculatorKit-ackorybalcxbfocbkqsfdzcfkgmn/Build/Intermediates.noindex/LaTeXSwiftUI.build/Debug/LaTeXSwiftUI.build/Objects-normal/arm64/LaTeXSwiftUI.swiftdoc
Discovered dependency nodes:
/Applications/Xcode.app/Contents/Developer/Toolchains/XcodeDefault.xctoolchain/usr/lib/swift/macosx/prebuilt-modules/26.1/Accessibility.swiftmodule/arm64e-apple-macos.swiftmodule
/Applications/Xcode.app/Contents/Developer/Platforms/MacOSX.platform/Developer/SDKs/MacOSX26.1.sdk/System/Library/Frameworks/Accessibility.framework/Modules/module.modulemap
/Applications/Xcode.app/Contents/Developer/Platforms/MacOSX.platform/Developer/SDKs/MacOSX26.1.sdk/System/Library/Frameworks/Accessibility.framework/Headers/Accessibility.h
/Applications/Xcode.app/Contents/Developer/Platforms/MacOSX.platform/Developer/SDKs/MacOSX26.1.sdk/System/Library/Frameworks/Accessibility.framework/Headers/AXFoundation.h
/Applications/Xcode.app/Contents/Developer/Platforms/MacOSX.platform/Developer/SDKs/MacOSX26.1.sdk/System/Library/Frameworks/CoreGraphics.framework/Modules/module.modulemap
/Applications/Xcode.app/Contents/Developer/Platforms/MacOSX.platform/Developer/SDKs/MacOSX26.1.sdk/System/Library/Frameworks/Foundation.framework/Modules/module.modulemap
/Applications/Xcode.app/Contents/Developer/Platforms/MacOSX.platform/Developer/SDKs/MacOSX26.1.sdk/System/Library/Frameworks/Accessibility.framework/Headers/AXAudiograph.h
/Applications/Xcode.app/Contents/Developer/Platforms/MacOSX.platform/Developer/SDKs/MacOSX26.1.sdk/System/Library/Frameworks/Accessibility.framework/Headers/AXBrailleMap.h
/Applications/Xcode.app/Contents/Developer/Platforms/MacOSX.platform/Developer/SDKs/MacOSX26.1.sdk/System/Library/Frameworks/Accessibility.framework/Headers/AXColorUtilities.h
/Applications/Xcode.app/Contents/Developer/Platforms/MacOSX.platform/Developer/SDKs/MacOSX26.1.sdk/System/Library/Frameworks/Accessibility.framework/Headers/AXCustomContent.h
/Applications/Xcode.app/Contents/Developer/Platforms/MacOSX.platform/Developer/SDKs/MacOSX26.1.sdk/System/Library/Frameworks/Accessibility.framework/Headers/AXHearingUtilities.h
/Applications/Xcode.app/Contents/Developer/Platforms/MacOSX.platform/Developer/SDKs/MacOSX26.1.sdk/System/Library/Frameworks/Accessibility.framework/Headers/AXRequest.h
/Applications/Xcode.app/Contents/Developer/Platforms/MacOSX.platform/Developer/SDKs/MacOSX26.1.sdk/System/Library/Frameworks/Accessibility.framework/Headers/AXTechnology.h
/Applications/Xcode.app/Contents/Developer/Platforms/MacOSX.platform/Developer/SDKs/MacOSX26.1.sdk/System/Library/Frameworks/Accessibility.framework/Headers/AXSettings.h
/Applications/Xcode.app/Contents/Developer/Platforms/MacOSX.platform/Developer/SDKs/MacOSX26.1.sdk/System/Library/Frameworks/Accessibility.framework/Headers/AXMathExpression.h
/Applications/Xcode.app/Contents/Developer/Platforms/MacOSX.platform/Developer/SDKs/MacOSX26.1.sdk/System/Library/Frameworks/Accessibility.framework/Headers/AXFeatureOverrideSessionManager.h
/Applications/Xcode.app/Contents/Developer/Platforms/MacOSX.platform/Developer/SDKs/MacOSX26.1.sdk/usr/include/DarwinFoundation1.modulemap
/Applications/Xcode.app/Contents/Developer/Platforms/MacOSX.platform/Developer/SDKs/MacOSX26.1.sdk/System/Library/Frameworks/Accessibility.framework/Headers/AXBrailleTranslator.h
/Applications/Xcode.app/Contents/Developer/Platforms/MacOSX.platform/Developer/SDKs/MacOSX26.1.sdk/SDKSettings.json
/Applications/Xcode.app/Contents/Developer/Platforms/MacOSX.platform/Developer/SDKs/MacOSX26.1.sdk/System/Library/Frameworks/AppKit.framework/Headers/AppKit.apinotes
/Applications/Xcode.app/Contents/Developer/Platforms/MacOSX.platform/Developer/SDKs/MacOSX26.1.sdk/System/Library/Frameworks/AppKit.framework/Modules/module.modulemap
/Applications/Xcode.app/Contents/Developer/Platforms/MacOSX.platform/Developer/SDKs/MacOSX26.1.sdk/System/Library/Frameworks/AppKit.framework/Headers/AppKit.h
/Applications/Xcode.app/Contents/Developer/Platforms/MacOSX.platform/Developer/SDKs/MacOSX26.1.sdk/System/Library/Frameworks/Foundation.framework/Modules/module.modulemap
/Applications/Xcode.app/Contents/Developer/Platforms/MacOSX.platform/Developer/SDKs/MacOSX26.1.sdk/System/Library/Frameworks/AppKit.framework/Headers/AppKitDefines.h
/Applications/Xcode.app/Contents/Developer/Platforms/MacOSX.platform/Developer/SDKs/MacOSX26.1.sdk/usr/include/Darwin.modulemap
/Applications/Xcode.app/Contents/Developer/Platforms/MacOSX.platform/Developer/SDKs/MacOSX26.1.sdk/usr/include/DarwinFoundation1.modulemap
/Applications/Xcode.app/Contents/Developer/Platforms/MacOSX.platform/Developer/SDKs/MacOSX26.1.sdk/System/Library/Frameworks/AppKit.framework/Headers/AppKitErrors.h
/Applications/Xcode.app/Contents/Developer/Platforms/MacOSX.platform/Developer/SDKs/MacOSX26.1.sdk/System/Library/Frameworks/AppKit.framework/Headers/NSGraphicsContext.h
/Applications/Xcode.app/Contents/Developer/Platforms/MacOSX.platform/Developer/SDKs/MacOSX26.1.sdk/System/Library/Frameworks/AppKit.framework/Headers/NSGraphics.h
/Applications/Xcode.app/Contents/Developer/Platforms/MacOSX.platform/Developer/SDKs/MacOSX26.1.sdk/System/Library/Frameworks/CoreGraphics.framework/Modules/module.modulemap
/Applications/Xcode.app/Contents/Developer/Platforms/MacOSX.platform/Developer/SDKs/MacOSX26.1.sdk/System/Library/Frameworks/AppKit.framework/Headers/NSAccessibility.h
/Applications/Xcode.app/Contents/Developer/Platforms/MacOSX.platform/Developer/SDKs/MacOSX26.1.sdk/System/Library/Frameworks/AppKit.framework/Headers/NSErrors.h
/Applications/Xcode.app/Contents/Developer/Platforms/MacOSX.platform/Developer/SDKs/MacOSX26.1.sdk/System/Library/Frameworks/AppKit.framework/Headers/NSAccessibilityConstants.h
/Applications/Xcode.app/Contents/Developer/Platforms/MacOSX.platform/Developer/SDKs/MacOSX26.1.sdk/System/Library/Frameworks/AppKit.framework/Headers/NSAccessibilityProtocols.h
/Applications/Xcode.app/Contents/Developer/Platforms/MacOSX.platform/Developer/SDKs/MacOSX26.1.sdk/System/Library/Frameworks/AppKit.framework/Headers/NSAccessibilityCustomAction.h
/Applications/Xcode.app/Contents/Developer/Platforms/MacOSX.platform/Developer/SDKs/MacOSX26.1.sdk/System/Library/Frameworks/AppKit.framework/Headers/NSAccessibilityElement.h
/Applications/Xcode.app/Contents/Developer/Platforms/MacOSX.platform/Developer/SDKs/MacOSX26.1.sdk/System/Library/Frameworks/AppKit.framework/Headers/NSAccessibilityCustomRotor.h
/Applications/Xcode.app/Contents/Developer/Platforms/MacOSX.platform/Developer/SDKs/MacOSX26.1.sdk/System/Library/Frameworks/AppKit.framework/Headers/NSWorkspace.h
/Applications/Xcode.app/Contents/Developer/Platforms/MacOSX.platform/Developer/SDKs/MacOSX26.1.sdk/System/Library/Frameworks/AppKit.framework/Headers/NSAccessibilityColor.h
/Applications/Xcode.app/Contents/Developer/Platforms/MacOSX.platform/Developer/SDKs/MacOSX26.1.sdk/System/Library/Frameworks/AppKit.framework/Headers/NSColor.h
/Applications/Xcode.app/Contents/Developer/Platforms/MacOSX.platform/Developer/SDKs/MacOSX26.1.sdk/System/Library/Frameworks/AppKit.framework/Headers/NSApplication.h
/Applications/Xcode.app/Contents/Developer/Platforms/MacOSX.platform/Developer/SDKs/MacOSX26.1.sdk/System/Library/Frameworks/AppKit.framework/Headers/NSResponder.h
/Applications/Xcode.app/Contents/Developer/Platforms/MacOSX.platform/Developer/SDKs/MacOSX26.1.sdk/System/Library/Frameworks/AppKit.framework/Headers/NSEvent.h
/Applications/Xcode.app/Contents/Developer/Platforms/MacOSX.platform/Developer/SDKs/MacOSX26.1.sdk/System/Library/Frameworks/AppKit.framework/Headers/NSTouch.h
/Applications/Xcode.app/Contents/Developer/Platforms/MacOSX.platform/Developer/SDKs/MacOSX26.1.sdk/System/Library/Frameworks/ApplicationServices.framework/Modules/module.modulemap
/Applications/Xcode.app/Contents/Developer/Platforms/MacOSX.platform/Developer/SDKs/MacOSX26.1.sdk/System/Library/Frameworks/IOKit.framework/Modules/module.modulemap
/Applications/Xcode.app/Contents/Developer/Toolchains/XcodeDefault.xctoolchain/usr/lib/swift/clang/include/module.modulemap
/Applications/Xcode.app/Contents/Developer/Platforms/MacOSX.platform/Developer/SDKs/MacOSX26.1.sdk/System/Library/Frameworks/AppKit.framework/Headers/NSPasteboard.h
/Applications/Xcode.app/Contents/Developer/Platforms/MacOSX.platform/Developer/SDKs/MacOSX26.1.sdk/System/Library/Frameworks/CoreFoundation.framework/Modules/module.modulemap
/Applications/Xcode.app/Contents/Developer/Platforms/MacOSX.platform/Developer/SDKs/MacOSX26.1.sdk/System/Library/Frameworks/AppKit.framework/Headers/NSUserInterfaceValidation.h
/Applications/Xcode.app/Contents/Developer/Platforms/MacOSX.platform/Developer/SDKs/MacOSX26.1.sdk/System/Library/Frameworks/AppKit.framework/Headers/NSRunningApplication.h
/Applications/Xcode.app/Contents/Developer/Platforms/MacOSX.platform/Developer/SDKs/MacOSX26.1.sdk/System/Library/Frameworks/AppKit.framework/Headers/NSUserActivity.h
/Applications/Xcode.app/Contents/Developer/Platforms/MacOSX.platform/Developer/SDKs/MacOSX26.1.sdk/System/Library/Frameworks/AppKit.framework/Headers/NSDocument.h
/Applications/Xcode.app/Contents/Developer/Platforms/MacOSX.platform/Developer/SDKs/MacOSX26.1.sdk/System/Library/Frameworks/AppKit.framework/Headers/NSNib.h
/Applications/Xcode.app/Contents/Developer/Platforms/MacOSX.platform/Developer/SDKs/MacOSX26.1.sdk/System/Library/Frameworks/AppKit.framework/Headers/NSNibDeclarations.h
/Applications/Xcode.app/Contents/Developer/Platforms/MacOSX.platform/Developer/SDKs/MacOSX26.1.sdk/System/Library/Frameworks/AppKit.framework/Headers/NSMenu.h
/Applications/Xcode.app/Contents/Developer/Platforms/MacOSX.platform/Developer/SDKs/MacOSX26.1.sdk/System/Library/Frameworks/AppKit.framework/Headers/NSMenuItem.h
/Applications/Xcode.app/Contents/Developer/Platforms/MacOSX.platform/Developer/SDKs/MacOSX26.1.sdk/System/Library/Frameworks/AppKit.framework/Headers/NSUserInterfaceItemIdentification.h
/Applications/Xcode.app/Contents/Developer/Platforms/MacOSX.platform/Developer/SDKs/MacOSX26.1.sdk/System/Library/Frameworks/AppKit.framework/Headers/NSView.h
/Applications/Xcode.app/Contents/Developer/Platforms/MacOSX.platform/Developer/SDKs/MacOSX26.1.sdk/System/Library/Frameworks/AppKit.framework/Headers/NSAnimation.h
/Applications/Xcode.app/Contents/Developer/Platforms/MacOSX.platform/Developer/SDKs/MacOSX26.1.sdk/System/Library/Frameworks/AppKit.framework/Headers/NSAppearance.h
/Applications/Xcode.app/Contents/Developer/Platforms/MacOSX.platform/Developer/SDKs/MacOSX26.1.sdk/System/Library/Frameworks/AppKit.framework/Headers/NSDragging.h
/Applications/Xcode.app/Contents/Developer/Platforms/MacOSX.platform/Developer/SDKs/MacOSX26.1.sdk/System/Library/Frameworks/AppKit.framework/Headers/NSUserInterfaceLayout.h
/Applications/Xcode.app/Contents/Developer/Platforms/MacOSX.platform/Developer/SDKs/MacOSX26.1.sdk/System/Library/Frameworks/AppKit.framework/Headers/NSCell.h
/Applications/Xcode.app/Contents/Developer/Platforms/MacOSX.platform/Developer/SDKs/MacOSX26.1.sdk/System/Library/Frameworks/AppKit.framework/Headers/NSText.h
/Applications/Xcode.app/Contents/Developer/Platforms/MacOSX.platform/Developer/SDKs/MacOSX26.1.sdk/System/Library/Frameworks/AppKit.framework/Headers/NSSpellProtocol.h
/Applications/Xcode.app/Contents/Developer/Platforms/MacOSX.platform/Developer/SDKs/MacOSX26.1.sdk/System/Library/Frameworks/AppKit.framework/Headers/NSParagraphStyle.h
/Applications/Xcode.app/Contents/Developer/Platforms/MacOSX.platform/Developer/SDKs/MacOSX26.1.sdk/System/Library/Frameworks/AppKit.framework/Headers/NSPrintInfo.h
/Applications/Xcode.app/Contents/Developer/Platforms/MacOSX.platform/Developer/SDKs/MacOSX26.1.sdk/System/Library/Frameworks/AppKit.framework/Headers/NSPrinter.h
/Applications/Xcode.app/Contents/Developer/Platforms/MacOSX.platform/Developer/SDKs/MacOSX26.1.sdk/System/Library/Frameworks/AppKit.framework/Headers/NSKeyValueBinding.h
/Applications/Xcode.app/Contents/Developer/Platforms/MacOSX.platform/Developer/SDKs/MacOSX26.1.sdk/System/Library/Frameworks/CoreData.framework/Modules/module.modulemap
/Applications/Xcode.app/Contents/Developer/Platforms/MacOSX.platform/Developer/SDKs/MacOSX26.1.sdk/System/Library/Frameworks/AppKit.framework/Headers/NSPreviewRepresentingActivityItem.h
/Applications/Xcode.app/Contents/Developer/Platforms/MacOSX.platform/Developer/SDKs/MacOSX26.1.sdk/System/Library/Frameworks/AppKit.framework/Headers/NSColorList.h
/Applications/Xcode.app/Contents/Developer/Platforms/MacOSX.platform/Developer/SDKs/MacOSX26.1.sdk/System/Library/Frameworks/CoreImage.framework/Modules/module.modulemap
/Applications/Xcode.app/Contents/Developer/Platforms/MacOSX.platform/Developer/SDKs/MacOSX26.1.sdk/System/Library/Frameworks/AppKit.framework/Headers/NSActionCell.h
/Applications/Xcode.app/Contents/Developer/Platforms/MacOSX.platform/Developer/SDKs/MacOSX26.1.sdk/System/Library/Frameworks/AppKit.framework/Headers/NSAlert.h
/Applications/Xcode.app/Contents/Developer/Platforms/MacOSX.platform/Developer/SDKs/MacOSX26.1.sdk/System/Library/Frameworks/AppKit.framework/Headers/NSHelpManager.h
/Applications/Xcode.app/Contents/Developer/Platforms/MacOSX.platform/Developer/SDKs/MacOSX26.1.sdk/System/Library/Frameworks/AppKit.framework/Headers/NSAnimationContext.h
/Applications/Xcode.app/Contents/Developer/Platforms/MacOSX.platform/Developer/SDKs/MacOSX26.1.sdk/System/Library/Frameworks/AppKit.framework/Headers/NSAppleScriptExtensions.h
/Applications/Xcode.app/Contents/Developer/Platforms/MacOSX.platform/Developer/SDKs/MacOSX26.1.sdk/System/Library/Frameworks/AppKit.framework/Headers/NSBackgroundExtensionView.h
/Applications/Xcode.app/Contents/Developer/Platforms/MacOSX.platform/Developer/SDKs/MacOSX26.1.sdk/System/Library/Frameworks/AppKit.framework/Headers/NSBox.h
/Applications/Xcode.app/Contents/Developer/Platforms/MacOSX.platform/Developer/SDKs/MacOSX26.1.sdk/System/Library/Frameworks/AppKit.framework/Headers/NSButton.h
/Applications/Xcode.app/Contents/Developer/Platforms/MacOSX.platform/Developer/SDKs/MacOSX26.1.sdk/System/Library/Frameworks/AppKit.framework/Headers/NSControl.h
/Applications/Xcode.app/Contents/Developer/Platforms/MacOSX.platform/Developer/SDKs/MacOSX26.1.sdk/System/Library/Frameworks/AppKit.framework/Headers/NSButtonCell.h
/Applications/Xcode.app/Contents/Developer/Platforms/MacOSX.platform/Developer/SDKs/MacOSX26.1.sdk/System/Library/Frameworks/AppKit.framework/Headers/NSUserInterfaceCompression.h
/Applications/Xcode.app/Contents/Developer/Platforms/MacOSX.platform/Developer/SDKs/MacOSX26.1.sdk/System/Library/Frameworks/AppKit.framework/Headers/NSTintProminence.h
/Applications/Xcode.app/Contents/Developer/Platforms/MacOSX.platform/Developer/SDKs/MacOSX26.1.sdk/System/Library/Frameworks/AppKit.framework/Headers/NSCandidateListTouchBarItem.h
/Applications/Xcode.app/Contents/Developer/Platforms/MacOSX.platform/Developer/SDKs/MacOSX26.1.sdk/System/Library/Frameworks/AppKit.framework/Headers/NSTouchBar.h
/Applications/Xcode.app/Contents/Developer/Platforms/MacOSX.platform/Developer/SDKs/MacOSX26.1.sdk/System/Library/Frameworks/AppKit.framework/Headers/NSTouchBarItem.h
/Applications/Xcode.app/Contents/Developer/Platforms/MacOSX.platform/Developer/SDKs/MacOSX26.1.sdk/System/Library/Frameworks/AppKit.framework/Headers/NSClipView.h
/Applications/Xcode.app/Contents/Developer/Platforms/MacOSX.platform/Developer/SDKs/MacOSX26.1.sdk/System/Library/Frameworks/AppKit.framework/Headers/NSCollectionView.h
/Applications/Xcode.app/Contents/Developer/Platforms/MacOSX.platform/Developer/SDKs/MacOSX26.1.sdk/System/Library/Frameworks/AppKit.framework/Headers/NSViewController.h
/Applications/Xcode.app/Contents/Developer/Platforms/MacOSX.platform/Developer/SDKs/MacOSX26.1.sdk/System/Library/Frameworks/AppKit.framework/Headers/NSPopover.h
/Applications/Xcode.app/Contents/Developer/Platforms/MacOSX.platform/Developer/SDKs/MacOSX26.1.sdk/System/Library/Frameworks/AppKit.framework/Headers/NSStoryboard.h
/Applications/Xcode.app/Contents/Developer/Platforms/MacOSX.platform/Developer/SDKs/MacOSX26.1.sdk/System/Library/Frameworks/AppKit.framework/Headers/NSStoryboardSegue.h
/Applications/Xcode.app/Contents/Developer/Platforms/MacOSX.platform/Developer/SDKs/MacOSX26.1.sdk/System/Library/Frameworks/AppKit.framework/Headers/NSCollectionViewLayout.h
/Applications/Xcode.app/Contents/Developer/Platforms/MacOSX.platform/Developer/SDKs/MacOSX26.1.sdk/System/Library/Frameworks/AppKit.framework/Headers/NSCollectionViewCompositionalLayout.h
/Applications/Xcode.app/Contents/Developer/Platforms/MacOSX.platform/Developer/SDKs/MacOSX26.1.sdk/System/Library/Frameworks/AppKit.framework/Headers/NSCollectionViewFlowLayout.h
/Applications/Xcode.app/Contents/Developer/Platforms/MacOSX.platform/Developer/SDKs/MacOSX26.1.sdk/System/Library/Frameworks/AppKit.framework/Headers/NSCollectionViewGridLayout.h
/Applications/Xcode.app/Contents/Developer/Platforms/MacOSX.platform/Developer/SDKs/MacOSX26.1.sdk/System/Library/Frameworks/AppKit.framework/Headers/NSCollectionViewTransitionLayout.h
/Applications/Xcode.app/Contents/Developer/Platforms/MacOSX.platform/Developer/SDKs/MacOSX26.1.sdk/System/Library/Frameworks/AppKit.framework/Headers/NSColorSampler.h
/Applications/Xcode.app/Contents/Developer/Platforms/MacOSX.platform/Developer/SDKs/MacOSX26.1.sdk/System/Library/Frameworks/AppKit.framework/Headers/NSDiffableDataSource.h
/Applications/Xcode.app/Contents/Developer/Platforms/MacOSX.platform/Developer/SDKs/MacOSX26.1.sdk/System/Library/Frameworks/AppKit.framework/Headers/NSDirection.h
/Applications/Xcode.app/Contents/Developer/Platforms/MacOSX.platform/Developer/SDKs/MacOSX26.1.sdk/System/Library/Frameworks/AppKit.framework/Headers/NSDockTile.h
/Applications/Xcode.app/Contents/Developer/Platforms/MacOSX.platform/Developer/SDKs/MacOSX26.1.sdk/System/Library/Frameworks/AppKit.framework/Headers/NSFont.h
/Applications/Xcode.app/Contents/Developer/Platforms/MacOSX.platform/Developer/SDKs/MacOSX26.1.sdk/System/Library/Frameworks/AppKit.framework/Headers/NSFontDescriptor.h
/Applications/Xcode.app/Contents/Developer/Platforms/MacOSX.platform/Developer/SDKs/MacOSX26.1.sdk/System/Library/Frameworks/AppKit.framework/Headers/NSFontAssetRequest.h
/Applications/Xcode.app/Contents/Developer/Platforms/MacOSX.platform/Developer/SDKs/MacOSX26.1.sdk/System/Library/Frameworks/AppKit.framework/Headers/NSFontCollection.h
/Applications/Xcode.app/Contents/Developer/Platforms/MacOSX.platform/Developer/SDKs/MacOSX26.1.sdk/System/Library/Frameworks/AppKit.framework/Headers/NSFontManager.h
/Applications/Xcode.app/Contents/Developer/Platforms/MacOSX.platform/Developer/SDKs/MacOSX26.1.sdk/System/Library/Frameworks/AppKit.framework/Headers/NSFontPanel.h
/Applications/Xcode.app/Contents/Developer/Platforms/MacOSX.platform/Developer/SDKs/MacOSX26.1.sdk/System/Library/Frameworks/AppKit.framework/Headers/NSPanel.h
/Applications/Xcode.app/Contents/Developer/Platforms/MacOSX.platform/Developer/SDKs/MacOSX26.1.sdk/System/Library/Frameworks/AppKit.framework/Headers/NSWindow.h
/Applications/Xcode.app/Contents/Developer/Platforms/MacOSX.platform/Developer/SDKs/MacOSX26.1.sdk/System/Library/Frameworks/AppKit.framework/Headers/NSForm.h
/Applications/Xcode.app/Contents/Developer/Platforms/MacOSX.platform/Developer/SDKs/MacOSX26.1.sdk/System/Library/Frameworks/AppKit.framework/Headers/NSMatrix.h
/Applications/Xcode.app/Contents/Developer/Platforms/MacOSX.platform/Developer/SDKs/MacOSX26.1.sdk/System/Library/Frameworks/AppKit.framework/Headers/NSFormCell.h
/Applications/Xcode.app/Contents/Developer/Platforms/MacOSX.platform/Developer/SDKs/MacOSX26.1.sdk/System/Library/Frameworks/AppKit.framework/Headers/NSGlassEffectView.h
/Applications/Xcode.app/Contents/Developer/Platforms/MacOSX.platform/Developer/SDKs/MacOSX26.1.sdk/System/Library/Frameworks/AppKit.framework/Headers/NSMenuItemBadge.h
/Applications/Xcode.app/Contents/Developer/Platforms/MacOSX.platform/Developer/SDKs/MacOSX26.1.sdk/System/Library/Frameworks/AppKit.framework/Headers/NSColorSpace.h
/Applications/Xcode.app/Contents/Developer/Platforms/MacOSX.platform/Developer/SDKs/MacOSX26.1.sdk/System/Library/Frameworks/AppKit.framework/Headers/NSBitmapImageRep.h
/Applications/Xcode.app/Contents/Developer/Platforms/MacOSX.platform/Developer/SDKs/MacOSX26.1.sdk/System/Library/Frameworks/AppKit.framework/Headers/NSImageRep.h
/Applications/Xcode.app/Contents/Developer/Platforms/MacOSX.platform/Developer/SDKs/MacOSX26.1.sdk/System/Library/Frameworks/AppKit.framework/Headers/NSBrowser.h
/Applications/Xcode.app/Contents/Developer/Platforms/MacOSX.platform/Developer/SDKs/MacOSX26.1.sdk/System/Library/Frameworks/AppKit.framework/Headers/NSBrowserCell.h
/Applications/Xcode.app/Contents/Developer/Platforms/MacOSX.platform/Developer/SDKs/MacOSX26.1.sdk/System/Library/Frameworks/AppKit.framework/Headers/NSCachedImageRep.h
/Applications/Xcode.app/Contents/Developer/Platforms/MacOSX.platform/Developer/SDKs/MacOSX26.1.sdk/System/Library/Frameworks/AppKit.framework/Headers/NSCIImageRep.h
/Applications/Xcode.app/Contents/Developer/Platforms/MacOSX.platform/Developer/SDKs/MacOSX26.1.sdk/System/Library/Frameworks/AppKit.framework/Headers/NSColorPanel.h
/Applications/Xcode.app/Contents/Developer/Platforms/MacOSX.platform/Developer/SDKs/MacOSX26.1.sdk/System/Library/Frameworks/AppKit.framework/Headers/NSColorPicking.h
/Applications/Xcode.app/Contents/Developer/Platforms/MacOSX.platform/Developer/SDKs/MacOSX26.1.sdk/System/Library/Frameworks/AppKit.framework/Headers/NSColorPicker.h
/Applications/Xcode.app/Contents/Developer/Platforms/MacOSX.platform/Developer/SDKs/MacOSX26.1.sdk/System/Library/Frameworks/AppKit.framework/Headers/NSColorPickerTouchBarItem.h
/Applications/Xcode.app/Contents/Developer/Platforms/MacOSX.platform/Developer/SDKs/MacOSX26.1.sdk/System/Library/Frameworks/AppKit.framework/Headers/NSColorWell.h
/Applications/Xcode.app/Contents/Developer/Platforms/MacOSX.platform/Developer/SDKs/MacOSX26.1.sdk/System/Library/Frameworks/AppKit.framework/Headers/NSCursor.h
/Applications/Xcode.app/Contents/Developer/Platforms/MacOSX.platform/Developer/SDKs/MacOSX26.1.sdk/System/Library/Frameworks/AppKit.framework/Headers/NSCustomImageRep.h
/Applications/Xcode.app/Contents/Developer/Platforms/MacOSX.platform/Developer/SDKs/MacOSX26.1.sdk/System/Library/Frameworks/AppKit.framework/Headers/NSCustomTouchBarItem.h
/Applications/Xcode.app/Contents/Developer/Platforms/MacOSX.platform/Developer/SDKs/MacOSX26.1.sdk/System/Library/Frameworks/AppKit.framework/Headers/NSDocumentController.h
/Applications/Xcode.app/Contents/Developer/Platforms/MacOSX.platform/Developer/SDKs/MacOSX26.1.sdk/System/Library/Frameworks/AppKit.framework/Headers/NSDraggingItem.h
/Applications/Xcode.app/Contents/Developer/Platforms/MacOSX.platform/Developer/SDKs/MacOSX26.1.sdk/System/Library/Frameworks/AppKit.framework/Headers/NSDraggingSession.h
/Applications/Xcode.app/Contents/Developer/Platforms/MacOSX.platform/Developer/SDKs/MacOSX26.1.sdk/System/Library/Frameworks/AppKit.framework/Headers/NSFilePromiseProvider.h
/Applications/Xcode.app/Contents/Developer/Platforms/MacOSX.platform/Developer/SDKs/MacOSX26.1.sdk/System/Library/Frameworks/AppKit.framework/Headers/NSFilePromiseReceiver.h
/Applications/Xcode.app/Contents/Developer/Platforms/MacOSX.platform/Developer/SDKs/MacOSX26.1.sdk/System/Library/Frameworks/AppKit.framework/Headers/NSEPSImageRep.h
/Applications/Xcode.app/Contents/Developer/Platforms/MacOSX.platform/Developer/SDKs/MacOSX26.1.sdk/System/Library/Frameworks/AppKit.framework/Headers/NSFileWrapperExtensions.h
/Applications/Xcode.app/Contents/Developer/Platforms/MacOSX.platform/Developer/SDKs/MacOSX26.1.sdk/System/Library/Frameworks/AppKit.framework/Headers/NSGradient.h
/Applications/Xcode.app/Contents/Developer/Platforms/MacOSX.platform/Developer/SDKs/MacOSX26.1.sdk/System/Library/Frameworks/AppKit.framework/Headers/NSGroupTouchBarItem.h
/Applications/Xcode.app/Contents/Developer/Platforms/MacOSX.platform/Developer/SDKs/MacOSX26.1.sdk/System/Library/Frameworks/AppKit.framework/Headers/NSGestureRecognizer.h
/Applications/Xcode.app/Contents/Developer/Platforms/MacOSX.platform/Developer/SDKs/MacOSX26.1.sdk/System/Library/Frameworks/AppKit.framework/Headers/NSClickGestureRecognizer.h
/Applications/Xcode.app/Contents/Developer/Platforms/MacOSX.platform/Developer/SDKs/MacOSX26.1.sdk/System/Library/Frameworks/AppKit.framework/Headers/NSPanGestureRecognizer.h
/Applications/Xcode.app/Contents/Developer/Platforms/MacOSX.platform/Developer/SDKs/MacOSX26.1.sdk/System/Library/Frameworks/AppKit.framework/Headers/NSPressGestureRecognizer.h
/Applications/Xcode.app/Contents/Developer/Platforms/MacOSX.platform/Developer/SDKs/MacOSX26.1.sdk/System/Library/Frameworks/AppKit.framework/Headers/NSMagnificationGestureRecognizer.h
/Applications/Xcode.app/Contents/Developer/Platforms/MacOSX.platform/Developer/SDKs/MacOSX26.1.sdk/System/Library/Frameworks/AppKit.framework/Headers/NSRotationGestureRecognizer.h
/Applications/Xcode.app/Contents/Developer/Platforms/MacOSX.platform/Developer/SDKs/MacOSX26.1.sdk/System/Library/Frameworks/AppKit.framework/Headers/NSLayoutConstraint.h
/Applications/Xcode.app/Contents/Developer/Platforms/MacOSX.platform/Developer/SDKs/MacOSX26.1.sdk/System/Library/Frameworks/AppKit.framework/Headers/NSLayoutAnchor.h
/Applications/Xcode.app/Contents/Developer/Platforms/MacOSX.platform/Developer/SDKs/MacOSX26.1.sdk/System/Library/Frameworks/AppKit.framework/Headers/NSLayoutGuide.h
/Applications/Xcode.app/Contents/Developer/Platforms/MacOSX.platform/Developer/SDKs/MacOSX26.1.sdk/System/Library/Frameworks/AppKit.framework/Headers/NSImage.h
/Applications/Xcode.app/Contents/Developer/Platforms/MacOSX.platform/Developer/SDKs/MacOSX26.1.sdk/System/Library/Frameworks/AppKit.framework/Headers/NSImageCell.h
/Applications/Xcode.app/Contents/Developer/Platforms/MacOSX.platform/Developer/SDKs/MacOSX26.1.sdk/System/Library/Frameworks/AppKit.framework/Headers/NSImageView.h
/Applications/Xcode.app/Contents/Developer/Platforms/MacOSX.platform/Developer/SDKs/MacOSX26.1.sdk/System/Library/Frameworks/Symbols.framework/Modules/module.modulemap
/Applications/Xcode.app/Contents/Developer/Platforms/MacOSX.platform/Developer/SDKs/MacOSX26.1.sdk/System/Library/Frameworks/AppKit.framework/Headers/NSNibLoading.h
/Applications/Xcode.app/Contents/Developer/Platforms/MacOSX.platform/Developer/SDKs/MacOSX26.1.sdk/System/Library/Frameworks/AppKit.framework/Headers/NSScrubber.h
/Applications/Xcode.app/Contents/Developer/Platforms/MacOSX.platform/Developer/SDKs/MacOSX26.1.sdk/System/Library/Frameworks/AppKit.framework/Headers/NSScrubberItemView.h
/Applications/Xcode.app/Contents/Developer/Platforms/MacOSX.platform/Developer/SDKs/MacOSX26.1.sdk/System/Library/Frameworks/AppKit.framework/Headers/NSScrubberLayout.h
/Applications/Xcode.app/Contents/Developer/Platforms/MacOSX.platform/Developer/SDKs/MacOSX26.1.sdk/System/Library/Frameworks/AppKit.framework/Headers/NSSharingServicePickerTouchBarItem.h
/Applications/Xcode.app/Contents/Developer/Platforms/MacOSX.platform/Developer/SDKs/MacOSX26.1.sdk/System/Library/Frameworks/AppKit.framework/Headers/NSSharingService.h
/Applications/Xcode.app/Contents/Developer/Platforms/MacOSX.platform/Developer/SDKs/MacOSX26.1.sdk/System/Library/Frameworks/AppKit.framework/Headers/NSSliderAccessory.h
/Applications/Xcode.app/Contents/Developer/Platforms/MacOSX.platform/Developer/SDKs/MacOSX26.1.sdk/System/Library/Frameworks/AppKit.framework/Headers/NSSliderTouchBarItem.h
/Applications/Xcode.app/Contents/Developer/Platforms/MacOSX.platform/Developer/SDKs/MacOSX26.1.sdk/System/Library/Frameworks/AppKit.framework/Headers/NSSpeechRecognizer.h
/Applications/Xcode.app/Contents/Developer/Platforms/MacOSX.platform/Developer/SDKs/MacOSX26.1.sdk/System/Library/Frameworks/AppKit.framework/Headers/NSSpeechSynthesizer.h
/Applications/Xcode.app/Contents/Developer/Platforms/MacOSX.platform/Developer/SDKs/MacOSX26.1.sdk/System/Library/Frameworks/AppKit.framework/Headers/NSSpellChecker.h
/Applications/Xcode.app/Contents/Developer/Platforms/MacOSX.platform/Developer/SDKs/MacOSX26.1.sdk/System/Library/Frameworks/AppKit.framework/Headers/NSSplitView.h
/Applications/Xcode.app/Contents/Developer/Platforms/MacOSX.platform/Developer/SDKs/MacOSX26.1.sdk/System/Library/Frameworks/AppKit.framework/Headers/NSSplitViewController.h
/Applications/Xcode.app/Contents/Developer/Platforms/MacOSX.platform/Developer/SDKs/MacOSX26.1.sdk/System/Library/Frameworks/AppKit.framework/Headers/NSSplitViewItem.h
/Applications/Xcode.app/Contents/Developer/Platforms/MacOSX.platform/Developer/SDKs/MacOSX26.1.sdk/System/Library/Frameworks/AppKit.framework/Headers/NSSplitViewItemAccessoryViewController.h
/Applications/Xcode.app/Contents/Developer/Platforms/MacOSX.platform/Developer/SDKs/MacOSX26.1.sdk/System/Library/Frameworks/AppKit.framework/Headers/NSScrollEdgeEffect.h
/Applications/Xcode.app/Contents/Developer/Platforms/MacOSX.platform/Developer/SDKs/MacOSX26.1.sdk/System/Library/Frameworks/AppKit.framework/Headers/NSOpenPanel.h
/Applications/Xcode.app/Contents/Developer/Platforms/MacOSX.platform/Developer/SDKs/MacOSX26.1.sdk/System/Library/Frameworks/AppKit.framework/Headers/NSSavePanel.h
/Applications/Xcode.app/Contents/Developer/Platforms/MacOSX.platform/Developer/SDKs/MacOSX26.1.sdk/System/Library/Frameworks/AppKit.framework/Headers/NSPageLayout.h
/Applications/Xcode.app/Contents/Developer/Platforms/MacOSX.platform/Developer/SDKs/MacOSX26.1.sdk/System/Library/Frameworks/AppKit.framework/Headers/NSPasteboardItem.h
/Applications/Xcode.app/Contents/Developer/Platforms/MacOSX.platform/Developer/SDKs/MacOSX26.1.sdk/System/Library/Frameworks/AppKit.framework/Headers/NSPopoverTouchBarItem.h
/Applications/Xcode.app/Contents/Developer/Platforms/MacOSX.platform/Developer/SDKs/MacOSX26.1.sdk/System/Library/Frameworks/AppKit.framework/Headers/NSPopUpButton.h
/Applications/Xcode.app/Contents/Developer/Platforms/MacOSX.platform/Developer/SDKs/MacOSX26.1.sdk/System/Library/Frameworks/AppKit.framework/Headers/NSPopUpButtonCell.h
/Applications/Xcode.app/Contents/Developer/Platforms/MacOSX.platform/Developer/SDKs/MacOSX26.1.sdk/System/Library/Frameworks/AppKit.framework/Headers/NSMenuItemCell.h
/Applications/Xcode.app/Contents/Developer/Platforms/MacOSX.platform/Developer/SDKs/MacOSX26.1.sdk/System/Library/Frameworks/AppKit.framework/Headers/NSPrintOperation.h
/Applications/Xcode.app/Contents/Developer/Platforms/MacOSX.platform/Developer/SDKs/MacOSX26.1.sdk/System/Library/Frameworks/AppKit.framework/Headers/NSPrintPanel.h
/Applications/Xcode.app/Contents/Developer/Platforms/MacOSX.platform/Developer/SDKs/MacOSX26.1.sdk/System/Library/Frameworks/AppKit.framework/Headers/NSPDFInfo.h
/Applications/Xcode.app/Contents/Developer/Platforms/MacOSX.platform/Developer/SDKs/MacOSX26.1.sdk/System/Library/Frameworks/AppKit.framework/Headers/NSPDFPanel.h
/Applications/Xcode.app/Contents/Developer/Platforms/MacOSX.platform/Developer/SDKs/MacOSX26.1.sdk/System/Library/Frameworks/AppKit.framework/Headers/NSMediaLibraryBrowserController.h
/Applications/Xcode.app/Contents/Developer/Platforms/MacOSX.platform/Developer/SDKs/MacOSX26.1.sdk/System/Library/Frameworks/AppKit.framework/Headers/NSScreen.h
/Applications/Xcode.app/Contents/Developer/Platforms/MacOSX.platform/Developer/SDKs/MacOSX26.1.sdk/System/Library/Frameworks/AppKit.framework/Headers/NSScrollView.h
/Applications/Xcode.app/Contents/Developer/Platforms/MacOSX.platform/Developer/SDKs/MacOSX26.1.sdk/System/Library/Frameworks/AppKit.framework/Headers/NSScroller.h
/Applications/Xcode.app/Contents/Developer/Platforms/MacOSX.platform/Developer/SDKs/MacOSX26.1.sdk/System/Library/Frameworks/AppKit.framework/Headers/NSTextFinder.h
/Applications/Xcode.app/Contents/Developer/Platforms/MacOSX.platform/Developer/SDKs/MacOSX26.1.sdk/System/Library/Frameworks/AppKit.framework/Headers/NSSegmentedControl.h
/Applications/Xcode.app/Contents/Developer/Platforms/MacOSX.platform/Developer/SDKs/MacOSX26.1.sdk/System/Library/Frameworks/AppKit.framework/Headers/NSSegmentedCell.h
/Applications/Xcode.app/Contents/Developer/Platforms/MacOSX.platform/Developer/SDKs/MacOSX26.1.sdk/System/Library/Frameworks/AppKit.framework/Headers/NSSharingCollaborationModeRestriction.h
/Applications/Xcode.app/Contents/Developer/Platforms/MacOSX.platform/Developer/SDKs/MacOSX26.1.sdk/System/Library/Frameworks/AppKit.framework/Headers/NSSlider.h
/Applications/Xcode.app/Contents/Developer/Platforms/MacOSX.platform/Developer/SDKs/MacOSX26.1.sdk/System/Library/Frameworks/AppKit.framework/Headers/NSSliderCell.h
/Applications/Xcode.app/Contents/Developer/Platforms/MacOSX.platform/Developer/SDKs/MacOSX26.1.sdk/System/Library/Frameworks/AppKit.framework/Headers/NSStackView.h
/Applications/Xcode.app/Contents/Developer/Platforms/MacOSX.platform/Developer/SDKs/MacOSX26.1.sdk/System/Library/Frameworks/AppKit.framework/Headers/NSSwitch.h
/Applications/Xcode.app/Contents/Developer/Platforms/MacOSX.platform/Developer/SDKs/MacOSX26.1.sdk/System/Library/Frameworks/AppKit.framework/Headers/NSGridView.h
/Applications/Xcode.app/Contents/Developer/Platforms/MacOSX.platform/Developer/SDKs/MacOSX26.1.sdk/System/Library/Frameworks/AppKit.framework/Headers/NSTextCheckingClient.h
/Applications/Xcode.app/Contents/Developer/Platforms/MacOSX.platform/Developer/SDKs/MacOSX26.1.sdk/System/Library/Frameworks/AppKit.framework/Headers/NSTextInputClient.h
/Applications/Xcode.app/Contents/Developer/Platforms/MacOSX.platform/Developer/SDKs/MacOSX26.1.sdk/System/Library/Frameworks/AppKit.framework/Headers/NSTextCheckingController.h
/Applications/Xcode.app/Contents/Developer/Platforms/MacOSX.platform/Developer/SDKs/MacOSX26.1.sdk/System/Library/Frameworks/AppKit.framework/Headers/NSTextField.h
/Applications/Xcode.app/Contents/Developer/Platforms/MacOSX.platform/Developer/SDKs/MacOSX26.1.sdk/System/Library/Frameworks/AppKit.framework/Headers/NSTextFieldCell.h
/Applications/Xcode.app/Contents/Developer/Platforms/MacOSX.platform/Developer/SDKs/MacOSX26.1.sdk/System/Library/Frameworks/AppKit.framework/Headers/NSTextContent.h
/Applications/Xcode.app/Contents/Developer/Platforms/MacOSX.platform/Developer/SDKs/MacOSX26.1.sdk/System/Library/Frameworks/AppKit.framework/Headers/NSTextInsertionIndicator.h
/Applications/Xcode.app/Contents/Developer/Platforms/MacOSX.platform/Developer/SDKs/MacOSX26.1.sdk/System/Library/Frameworks/AppKit.framework/Headers/NSTokenField.h
/Applications/Xcode.app/Contents/Developer/Platforms/MacOSX.platform/Developer/SDKs/MacOSX26.1.sdk/System/Library/Frameworks/AppKit.framework/Headers/NSTextContainer.h
/Applications/Xcode.app/Contents/Developer/Platforms/MacOSX.platform/Developer/SDKs/MacOSX26.1.sdk/System/Library/Frameworks/AppKit.framework/Headers/NSLayoutManager.h
/Applications/Xcode.app/Contents/Developer/Platforms/MacOSX.platform/Developer/SDKs/MacOSX26.1.sdk/System/Library/Frameworks/AppKit.framework/Headers/NSTextStorage.h
/Applications/Xcode.app/Contents/Developer/Platforms/MacOSX.platform/Developer/SDKs/MacOSX26.1.sdk/System/Library/Frameworks/AppKit.framework/Headers/NSAttributedString.h
/Applications/Xcode.app/Contents/Developer/Platforms/MacOSX.platform/Developer/SDKs/MacOSX26.1.sdk/System/Library/Frameworks/AppKit.framework/Headers/NSGlyphGenerator.h
/Applications/Xcode.app/Contents/Developer/Platforms/MacOSX.platform/Developer/SDKs/MacOSX26.1.sdk/System/Library/Frameworks/AppKit.framework/Headers/NSTokenFieldCell.h
/Applications/Xcode.app/Contents/Developer/Platforms/MacOSX.platform/Developer/SDKs/MacOSX26.1.sdk/System/Library/Frameworks/AppKit.framework/Headers/NSTrackingArea.h
/Applications/Xcode.app/Contents/Developer/Platforms/MacOSX.platform/Developer/SDKs/MacOSX26.1.sdk/System/Library/Frameworks/AppKit.framework/Headers/NSTrackingSeparatorToolbarItem.h
/Applications/Xcode.app/Contents/Developer/Platforms/MacOSX.platform/Developer/SDKs/MacOSX26.1.sdk/System/Library/Frameworks/AppKit.framework/Headers/NSToolbarItem.h
/Applications/Xcode.app/Contents/Developer/Platforms/MacOSX.platform/Developer/SDKs/MacOSX26.1.sdk/System/Library/Frameworks/AppKit.framework/Headers/NSToolbar.h
/Applications/Xcode.app/Contents/Developer/Platforms/MacOSX.platform/Developer/SDKs/MacOSX26.1.sdk/System/Library/Frameworks/AppKit.framework/Headers/NSViewLayoutRegion.h
/Applications/Xcode.app/Contents/Developer/Platforms/MacOSX.platform/Developer/SDKs/MacOSX26.1.sdk/System/Library/Frameworks/AppKit.framework/Headers/NSWindowTab.h
/Applications/Xcode.app/Contents/Developer/Platforms/MacOSX.platform/Developer/SDKs/MacOSX26.1.sdk/System/Library/Frameworks/AppKit.framework/Headers/NSWindowTabGroup.h
/Applications/Xcode.app/Contents/Developer/Platforms/MacOSX.platform/Developer/SDKs/MacOSX26.1.sdk/System/Library/Frameworks/AppKit.framework/Headers/NSWindowController.h
/Applications/Xcode.app/Contents/Developer/Platforms/MacOSX.platform/Developer/SDKs/MacOSX26.1.sdk/System/Library/Frameworks/AppKit.framework/Headers/NSComboBox.h
/Applications/Xcode.app/Contents/Developer/Platforms/MacOSX.platform/Developer/SDKs/MacOSX26.1.sdk/System/Library/Frameworks/AppKit.framework/Headers/NSComboBoxCell.h
/Applications/Xcode.app/Contents/Developer/Platforms/MacOSX.platform/Developer/SDKs/MacOSX26.1.sdk/System/Library/Frameworks/AppKit.framework/Headers/NSComboButton.h
/Applications/Xcode.app/Contents/Developer/Platforms/MacOSX.platform/Developer/SDKs/MacOSX26.1.sdk/System/Library/Frameworks/AppKit.framework/Headers/NSTableCellView.h
/Applications/Xcode.app/Contents/Developer/Platforms/MacOSX.platform/Developer/SDKs/MacOSX26.1.sdk/System/Library/Frameworks/AppKit.framework/Headers/NSTableView.h
/Applications/Xcode.app/Contents/Developer/Platforms/MacOSX.platform/Developer/SDKs/MacOSX26.1.sdk/System/Library/Frameworks/AppKit.framework/Headers/NSTextView.h
/Applications/Xcode.app/Contents/Developer/Platforms/MacOSX.platform/Developer/SDKs/MacOSX26.1.sdk/System/Library/Frameworks/AppKit.framework/Headers/NSInputManager.h
/Applications/Xcode.app/Contents/Developer/Platforms/MacOSX.platform/Developer/SDKs/MacOSX26.1.sdk/System/Library/Frameworks/AppKit.framework/Headers/NSTextAttachment.h
/Applications/Xcode.app/Contents/Developer/Platforms/MacOSX.platform/Developer/SDKs/MacOSX26.1.sdk/System/Library/Frameworks/AppKit.framework/Headers/NSTextAttachmentCell.h
/Applications/Xcode.app/Contents/Developer/Platforms/MacOSX.platform/Developer/SDKs/MacOSX26.1.sdk/System/Library/Frameworks/AppKit.framework/Headers/NSTableColumn.h
/Applications/Xcode.app/Contents/Developer/Platforms/MacOSX.platform/Developer/SDKs/MacOSX26.1.sdk/System/Library/Frameworks/AppKit.framework/Headers/NSTableHeaderCell.h
/Applications/Xcode.app/Contents/Developer/Platforms/MacOSX.platform/Developer/SDKs/MacOSX26.1.sdk/System/Library/Frameworks/AppKit.framework/Headers/NSTableHeaderView.h
/Applications/Xcode.app/Contents/Developer/Platforms/MacOSX.platform/Developer/SDKs/MacOSX26.1.sdk/System/Library/Frameworks/AppKit.framework/Headers/NSTableRowView.h
/Applications/Xcode.app/Contents/Developer/Platforms/MacOSX.platform/Developer/SDKs/MacOSX26.1.sdk/System/Library/Frameworks/AppKit.framework/Headers/NSTableViewDiffableDataSource.h
/Applications/Xcode.app/Contents/Developer/Platforms/MacOSX.platform/Developer/SDKs/MacOSX26.1.sdk/System/Library/Frameworks/AppKit.framework/Headers/NSTableViewRowAction.h
/Applications/Xcode.app/Contents/Developer/Platforms/MacOSX.platform/Developer/SDKs/MacOSX26.1.sdk/System/Library/Frameworks/AppKit.framework/Headers/NSOutlineView.h
/Applications/Xcode.app/Contents/Developer/Platforms/MacOSX.platform/Developer/SDKs/MacOSX26.1.sdk/System/Library/Frameworks/AppKit.framework/Headers/NSInputServer.h
/Applications/Xcode.app/Contents/Developer/Platforms/MacOSX.platform/Developer/SDKs/MacOSX26.1.sdk/System/Library/Frameworks/AppKit.framework/Headers/NSStringDrawing.h
/Applications/Xcode.app/Contents/Developer/Platforms/MacOSX.platform/Developer/SDKs/MacOSX26.1.sdk/System/Library/Frameworks/AppKit.framework/Headers/NSRulerMarker.h
/Applications/Xcode.app/Contents/Developer/Platforms/MacOSX.platform/Developer/SDKs/MacOSX26.1.sdk/System/Library/Frameworks/AppKit.framework/Headers/NSRulerView.h
/Applications/Xcode.app/Contents/Developer/Platforms/MacOSX.platform/Developer/SDKs/MacOSX26.1.sdk/System/Library/Frameworks/AppKit.framework/Headers/NSSecureTextField.h
/Applications/Xcode.app/Contents/Developer/Platforms/MacOSX.platform/Developer/SDKs/MacOSX26.1.sdk/System/Library/Frameworks/AppKit.framework/Headers/NSInterfaceStyle.h
/Applications/Xcode.app/Contents/Developer/Platforms/MacOSX.platform/Developer/SDKs/MacOSX26.1.sdk/System/Library/Frameworks/AppKit.framework/Headers/NSProgressIndicator.h
/Applications/Xcode.app/Contents/Developer/Platforms/MacOSX.platform/Developer/SDKs/MacOSX26.1.sdk/System/Library/Frameworks/AppKit.framework/Headers/NSTabView.h
/Applications/Xcode.app/Contents/Developer/Platforms/MacOSX.platform/Developer/SDKs/MacOSX26.1.sdk/System/Library/Frameworks/AppKit.framework/Headers/NSTabViewController.h
/Applications/Xcode.app/Contents/Developer/Platforms/MacOSX.platform/Developer/SDKs/MacOSX26.1.sdk/System/Library/Frameworks/AppKit.framework/Headers/NSTabViewItem.h
/Applications/Xcode.app/Contents/Developer/Platforms/MacOSX.platform/Developer/SDKs/MacOSX26.1.sdk/System/Library/Frameworks/AppKit.framework/Headers/NSAffineTransform.h
/Applications/Xcode.app/Contents/Developer/Platforms/MacOSX.platform/Developer/SDKs/MacOSX26.1.sdk/System/Library/Frameworks/AppKit.framework/Headers/NSBezierPath.h
/Applications/Xcode.app/Contents/Developer/Platforms/MacOSX.platform/Developer/SDKs/MacOSX26.1.sdk/System/Library/Frameworks/AppKit.framework/Headers/NSPICTImageRep.h
/Applications/Xcode.app/Contents/Developer/Platforms/MacOSX.platform/Developer/SDKs/MacOSX26.1.sdk/System/Library/Frameworks/AppKit.framework/Headers/NSStatusBar.h
/Applications/Xcode.app/Contents/Developer/Platforms/MacOSX.platform/Developer/SDKs/MacOSX26.1.sdk/System/Library/Frameworks/AppKit.framework/Headers/NSStatusBarButton.h
/Applications/Xcode.app/Contents/Developer/Platforms/MacOSX.platform/Developer/SDKs/MacOSX26.1.sdk/System/Library/Frameworks/AppKit.framework/Headers/NSStatusItem.h
/Applications/Xcode.app/Contents/Developer/Platforms/MacOSX.platform/Developer/SDKs/MacOSX26.1.sdk/System/Library/Frameworks/AppKit.framework/Headers/NSSound.h
/Applications/Xcode.app/Contents/Developer/Platforms/MacOSX.platform/Developer/SDKs/MacOSX26.1.sdk/System/Library/Frameworks/AppKit.framework/Headers/NSMovie.h
/Applications/Xcode.app/Contents/Developer/Platforms/MacOSX.platform/Developer/SDKs/MacOSX26.1.sdk/System/Library/Frameworks/AppKit.framework/Headers/NSPDFImageRep.h
/Applications/Xcode.app/Contents/Developer/Platforms/MacOSX.platform/Developer/SDKs/MacOSX26.1.sdk/System/Library/Frameworks/AppKit.framework/Headers/NSDrawer.h
/Applications/Xcode.app/Contents/Developer/Platforms/MacOSX.platform/Developer/SDKs/MacOSX26.1.sdk/System/Library/Frameworks/AppKit.framework/Headers/NSOpenGL.h
/Applications/Xcode.app/Contents/Developer/Platforms/MacOSX.platform/Developer/SDKs/MacOSX26.1.sdk/System/Library/Frameworks/OpenGL.framework/Modules/module.modulemap
/Applications/Xcode.app/Contents/Developer/Platforms/MacOSX.platform/Developer/SDKs/MacOSX26.1.sdk/System/Library/Frameworks/AppKit.framework/Headers/NSOpenGLLayer.h
/Applications/Xcode.app/Contents/Developer/Platforms/MacOSX.platform/Developer/SDKs/MacOSX26.1.sdk/System/Library/Frameworks/QuartzCore.framework/Modules/module.modulemap
/Applications/Xcode.app/Contents/Developer/Platforms/MacOSX.platform/Developer/SDKs/MacOSX26.1.sdk/System/Library/Frameworks/AppKit.framework/Headers/NSOpenGLView.h
/Applications/Xcode.app/Contents/Developer/Platforms/MacOSX.platform/Developer/SDKs/MacOSX26.1.sdk/System/Library/Frameworks/AppKit.framework/Headers/NSApplicationScripting.h
/Applications/Xcode.app/Contents/Developer/Platforms/MacOSX.platform/Developer/SDKs/MacOSX26.1.sdk/System/Library/Frameworks/AppKit.framework/Headers/NSDocumentScripting.h
/Applications/Xcode.app/Contents/Developer/Platforms/MacOSX.platform/Developer/SDKs/MacOSX26.1.sdk/System/Library/Frameworks/AppKit.framework/Headers/NSTextStorageScripting.h
/Applications/Xcode.app/Contents/Developer/Platforms/MacOSX.platform/Developer/SDKs/MacOSX26.1.sdk/System/Library/Frameworks/AppKit.framework/Headers/NSToolbarItemGroup.h
/Applications/Xcode.app/Contents/Developer/Platforms/MacOSX.platform/Developer/SDKs/MacOSX26.1.sdk/System/Library/Frameworks/AppKit.framework/Headers/NSMenuToolbarItem.h
/Applications/Xcode.app/Contents/Developer/Platforms/MacOSX.platform/Developer/SDKs/MacOSX26.1.sdk/System/Library/Frameworks/AppKit.framework/Headers/NSSharingServicePickerToolbarItem.h
/Applications/Xcode.app/Contents/Developer/Platforms/MacOSX.platform/Developer/SDKs/MacOSX26.1.sdk/System/Library/Frameworks/AppKit.framework/Headers/NSWindowScripting.h
/Applications/Xcode.app/Contents/Developer/Platforms/MacOSX.platform/Developer/SDKs/MacOSX26.1.sdk/System/Library/Frameworks/AppKit.framework/Headers/NSStepper.h
/Applications/Xcode.app/Contents/Developer/Platforms/MacOSX.platform/Developer/SDKs/MacOSX26.1.sdk/System/Library/Frameworks/AppKit.framework/Headers/NSStepperCell.h
/Applications/Xcode.app/Contents/Developer/Platforms/MacOSX.platform/Developer/SDKs/MacOSX26.1.sdk/System/Library/Frameworks/AppKit.framework/Headers/NSGlyphInfo.h
/Applications/Xcode.app/Contents/Developer/Platforms/MacOSX.platform/Developer/SDKs/MacOSX26.1.sdk/System/Library/Frameworks/AppKit.framework/Headers/NSShadow.h
/Applications/Xcode.app/Contents/Developer/Platforms/MacOSX.platform/Developer/SDKs/MacOSX26.1.sdk/System/Library/Frameworks/AppKit.framework/Headers/NSATSTypesetter.h
/Applications/Xcode.app/Contents/Developer/Platforms/MacOSX.platform/Developer/SDKs/MacOSX26.1.sdk/System/Library/Frameworks/AppKit.framework/Headers/NSTypesetter.h
/Applications/Xcode.app/Contents/Developer/Platforms/MacOSX.platform/Developer/SDKs/MacOSX26.1.sdk/System/Library/Frameworks/AppKit.framework/Headers/NSSearchField.h
/Applications/Xcode.app/Contents/Developer/Platforms/MacOSX.platform/Developer/SDKs/MacOSX26.1.sdk/System/Library/Frameworks/AppKit.framework/Headers/NSSearchFieldCell.h
/Applications/Xcode.app/Contents/Developer/Platforms/MacOSX.platform/Developer/SDKs/MacOSX26.1.sdk/System/Library/Frameworks/AppKit.framework/Headers/NSController.h
/Applications/Xcode.app/Contents/Developer/Platforms/MacOSX.platform/Developer/SDKs/MacOSX26.1.sdk/System/Library/Frameworks/AppKit.framework/Headers/NSObjectController.h
/Applications/Xcode.app/Contents/Developer/Platforms/MacOSX.platform/Developer/SDKs/MacOSX26.1.sdk/System/Library/Frameworks/AppKit.framework/Headers/NSArrayController.h
/Applications/Xcode.app/Contents/Developer/Platforms/MacOSX.platform/Developer/SDKs/MacOSX26.1.sdk/System/Library/Frameworks/AppKit.framework/Headers/NSDictionaryController.h
/Applications/Xcode.app/Contents/Developer/Platforms/MacOSX.platform/Developer/SDKs/MacOSX26.1.sdk/System/Library/Frameworks/AppKit.framework/Headers/NSTreeNode.h
/Applications/Xcode.app/Contents/Developer/Platforms/MacOSX.platform/Developer/SDKs/MacOSX26.1.sdk/System/Library/Frameworks/AppKit.framework/Headers/NSTreeController.h
/Applications/Xcode.app/Contents/Developer/Platforms/MacOSX.platform/Developer/SDKs/MacOSX26.1.sdk/System/Library/Frameworks/AppKit.framework/Headers/NSUserDefaultsController.h
/Applications/Xcode.app/Contents/Developer/Platforms/MacOSX.platform/Developer/SDKs/MacOSX26.1.sdk/System/Library/Frameworks/AppKit.framework/Headers/NSTextList.h
/Applications/Xcode.app/Contents/Developer/Platforms/MacOSX.platform/Developer/SDKs/MacOSX26.1.sdk/System/Library/Frameworks/AppKit.framework/Headers/NSTextTable.h
/Applications/Xcode.app/Contents/Developer/Platforms/MacOSX.platform/Developer/SDKs/MacOSX26.1.sdk/System/Library/Frameworks/AppKit.framework/Headers/NSDatePickerCell.h
/Applications/Xcode.app/Contents/Developer/Platforms/MacOSX.platform/Developer/SDKs/MacOSX26.1.sdk/System/Library/Frameworks/AppKit.framework/Headers/NSDatePicker.h
/Applications/Xcode.app/Contents/Developer/Platforms/MacOSX.platform/Developer/SDKs/MacOSX26.1.sdk/System/Library/Frameworks/AppKit.framework/Headers/NSLevelIndicatorCell.h
/Applications/Xcode.app/Contents/Developer/Platforms/MacOSX.platform/Developer/SDKs/MacOSX26.1.sdk/System/Library/Frameworks/AppKit.framework/Headers/NSLevelIndicator.h
/Applications/Xcode.app/Contents/Developer/Platforms/MacOSX.platform/Developer/SDKs/MacOSX26.1.sdk/System/Library/Frameworks/AppKit.framework/Headers/NSPersistentDocument.h
/Applications/Xcode.app/Contents/Developer/Platforms/MacOSX.platform/Developer/SDKs/MacOSX26.1.sdk/System/Library/Frameworks/AppKit.framework/Headers/NSRuleEditor.h
/Applications/Xcode.app/Contents/Developer/Platforms/MacOSX.platform/Developer/SDKs/MacOSX26.1.sdk/System/Library/Frameworks/AppKit.framework/Headers/NSPredicateEditor.h
/Applications/Xcode.app/Contents/Developer/Platforms/MacOSX.platform/Developer/SDKs/MacOSX26.1.sdk/System/Library/Frameworks/AppKit.framework/Headers/NSPredicateEditorRowTemplate.h
/Applications/Xcode.app/Contents/Developer/Platforms/MacOSX.platform/Developer/SDKs/MacOSX26.1.sdk/System/Library/Frameworks/AppKit.framework/Headers/NSPathCell.h
/Applications/Xcode.app/Contents/Developer/Platforms/MacOSX.platform/Developer/SDKs/MacOSX26.1.sdk/System/Library/Frameworks/AppKit.framework/Headers/NSPathControl.h
/Applications/Xcode.app/Contents/Developer/Platforms/MacOSX.platform/Developer/SDKs/MacOSX26.1.sdk/System/Library/Frameworks/AppKit.framework/Headers/NSPathComponentCell.h
/Applications/Xcode.app/Contents/Developer/Platforms/MacOSX.platform/Developer/SDKs/MacOSX26.1.sdk/System/Library/Frameworks/AppKit.framework/Headers/NSPathControlItem.h
/Applications/Xcode.app/Contents/Developer/Platforms/MacOSX.platform/Developer/SDKs/MacOSX26.1.sdk/System/Library/Frameworks/AppKit.framework/Headers/NSPageController.h
/Applications/Xcode.app/Contents/Developer/Platforms/MacOSX.platform/Developer/SDKs/MacOSX26.1.sdk/System/Library/Frameworks/AppKit.framework/Headers/NSTextInputContext.h
/Applications/Xcode.app/Contents/Developer/Platforms/MacOSX.platform/Developer/SDKs/MacOSX26.1.sdk/System/Library/Frameworks/AppKit.framework/Headers/NSUserInterfaceItemSearching.h
/Applications/Xcode.app/Contents/Developer/Platforms/MacOSX.platform/Developer/SDKs/MacOSX26.1.sdk/System/Library/Frameworks/AppKit.framework/Headers/NSWindowRestoration.h
/Applications/Xcode.app/Contents/Developer/Platforms/MacOSX.platform/Developer/SDKs/MacOSX26.1.sdk/System/Library/Frameworks/AppKit.framework/Headers/NSTextAlternatives.h
/Applications/Xcode.app/Contents/Developer/Platforms/MacOSX.platform/Developer/SDKs/MacOSX26.1.sdk/System/Library/Frameworks/AppKit.framework/Headers/NSVisualEffectView.h
/Applications/Xcode.app/Contents/Developer/Platforms/MacOSX.platform/Developer/SDKs/MacOSX26.1.sdk/System/Library/Frameworks/AppKit.framework/Headers/NSItemBadge.h
/Applications/Xcode.app/Contents/Developer/Platforms/MacOSX.platform/Developer/SDKs/MacOSX26.1.sdk/System/Library/Frameworks/AppKit.framework/Headers/NSItemProvider.h
/Applications/Xcode.app/Contents/Developer/Platforms/MacOSX.platform/Developer/SDKs/MacOSX26.1.sdk/System/Library/Frameworks/AppKit.framework/Headers/NSTitlebarAccessoryViewController.h
/Applications/Xcode.app/Contents/Developer/Platforms/MacOSX.platform/Developer/SDKs/MacOSX26.1.sdk/System/Library/Frameworks/AppKit.framework/Headers/NSDataAsset.h
/Applications/Xcode.app/Contents/Developer/Platforms/MacOSX.platform/Developer/SDKs/MacOSX26.1.sdk/System/Library/Frameworks/AppKit.framework/Headers/NSAlignmentFeedbackFilter.h
/Applications/Xcode.app/Contents/Developer/Platforms/MacOSX.platform/Developer/SDKs/MacOSX26.1.sdk/System/Library/Frameworks/AppKit.framework/Headers/NSHapticFeedback.h
/Applications/Xcode.app/Contents/Developer/Platforms/MacOSX.platform/Developer/SDKs/MacOSX26.1.sdk/System/Library/Frameworks/AppKit.framework/Headers/NSPressureConfiguration.h
/Applications/Xcode.app/Contents/Developer/Platforms/MacOSX.platform/Developer/SDKs/MacOSX26.1.sdk/System/Library/Frameworks/AppKit.framework/Headers/NSButtonTouchBarItem.h
/Applications/Xcode.app/Contents/Developer/Platforms/MacOSX.platform/Developer/SDKs/MacOSX26.1.sdk/System/Library/Frameworks/AppKit.framework/Headers/NSPickerTouchBarItem.h
/Applications/Xcode.app/Contents/Developer/Platforms/MacOSX.platform/Developer/SDKs/MacOSX26.1.sdk/System/Library/Frameworks/AppKit.framework/Headers/NSStepperTouchBarItem.h
/Applications/Xcode.app/Contents/Developer/Platforms/MacOSX.platform/Developer/SDKs/MacOSX26.1.sdk/System/Library/Frameworks/AppKit.framework/Headers/NSTintConfiguration.h
/Applications/Xcode.app/Contents/Developer/Platforms/MacOSX.platform/Developer/SDKs/MacOSX26.1.sdk/System/Library/Frameworks/AppKit.framework/Headers/NSSearchToolbarItem.h
/Applications/Xcode.app/Contents/Developer/Platforms/MacOSX.platform/Developer/SDKs/MacOSX26.1.sdk/System/Library/Frameworks/AppKit.framework/Headers/NSTextRange.h
/Applications/Xcode.app/Contents/Developer/Platforms/MacOSX.platform/Developer/SDKs/MacOSX26.1.sdk/System/Library/Frameworks/AppKit.framework/Headers/NSTextSelection.h
/Applications/Xcode.app/Contents/Developer/Platforms/MacOSX.platform/Developer/SDKs/MacOSX26.1.sdk/System/Library/Frameworks/AppKit.framework/Headers/NSTextSelectionNavigation.h
/Applications/Xcode.app/Contents/Developer/Platforms/MacOSX.platform/Developer/SDKs/MacOSX26.1.sdk/System/Library/Frameworks/AppKit.framework/Headers/NSTextContentManager.h
/Applications/Xcode.app/Contents/Developer/Platforms/MacOSX.platform/Developer/SDKs/MacOSX26.1.sdk/System/Library/Frameworks/AppKit.framework/Headers/NSTextElement.h
/Applications/Xcode.app/Contents/Developer/Platforms/MacOSX.platform/Developer/SDKs/MacOSX26.1.sdk/System/Library/Frameworks/AppKit.framework/Headers/NSTextListElement.h
/Applications/Xcode.app/Contents/Developer/Platforms/MacOSX.platform/Developer/SDKs/MacOSX26.1.sdk/System/Library/Frameworks/AppKit.framework/Headers/NSTextLayoutFragment.h
/Applications/Xcode.app/Contents/Developer/Platforms/MacOSX.platform/Developer/SDKs/MacOSX26.1.sdk/System/Library/Frameworks/AppKit.framework/Headers/NSTextLayoutManager.h
/Applications/Xcode.app/Contents/Developer/Platforms/MacOSX.platform/Developer/SDKs/MacOSX26.1.sdk/System/Library/Frameworks/AppKit.framework/Headers/NSTextLineFragment.h
/Applications/Xcode.app/Contents/Developer/Platforms/MacOSX.platform/Developer/SDKs/MacOSX26.1.sdk/System/Library/Frameworks/AppKit.framework/Headers/NSTextViewportLayoutController.h
/Applications/Xcode.app/Contents/Developer/Platforms/MacOSX.platform/Developer/SDKs/MacOSX26.1.sdk/System/Library/Frameworks/AppKit.framework/Headers/NSAdaptiveImageGlyph.h
/Applications/Xcode.app/Contents/Developer/Platforms/MacOSX.platform/Developer/SDKs/MacOSX26.1.sdk/System/Library/Frameworks/CoreText.framework/Modules/module.modulemap
/Applications/Xcode.app/Contents/Developer/Platforms/MacOSX.platform/Developer/SDKs/MacOSX26.1.sdk/System/Library/Frameworks/AppKit.framework/Headers/NSWritingToolsCoordinatorAnimationParameters.h
/Applications/Xcode.app/Contents/Developer/Platforms/MacOSX.platform/Developer/SDKs/MacOSX26.1.sdk/System/Library/Frameworks/AppKit.framework/Headers/NSWritingToolsCoordinatorContext.h
/Applications/Xcode.app/Contents/Developer/Platforms/MacOSX.platform/Developer/SDKs/MacOSX26.1.sdk/System/Library/Frameworks/AppKit.framework/Headers/NSWritingToolsCoordinator.h
/Applications/Xcode.app/Contents/Developer/Platforms/MacOSX.platform/Developer/SDKs/MacOSX26.1.sdk/System/Library/Frameworks/AppKit.framework/Headers/NSNibConnector.h
/Applications/Xcode.app/Contents/Developer/Platforms/MacOSX.platform/Developer/SDKs/MacOSX26.1.sdk/System/Library/Frameworks/AppKit.framework/Headers/NSNibControlConnector.h
/Applications/Xcode.app/Contents/Developer/Platforms/MacOSX.platform/Developer/SDKs/MacOSX26.1.sdk/System/Library/Frameworks/AppKit.framework/Headers/NSNibOutletConnector.h
/Applications/Xcode.app/Contents/Developer/Platforms/MacOSX.platform/Developer/SDKs/MacOSX26.1.sdk/SDKSettings.json
/Applications/Xcode.app/Contents/Developer/Toolchains/XcodeDefault.xctoolchain/usr/lib/swift/macosx/prebuilt-modules/26.1/AppKit.swiftmodule/arm64e-apple-macos.swiftmodule
/Applications/Xcode.app/Contents/Developer/Platforms/MacOSX.platform/Developer/SDKs/MacOSX26.1.sdk/System/Library/Frameworks/ApplicationServices.framework/Headers/ApplicationServices.apinotes
/Applications/Xcode.app/Contents/Developer/Platforms/MacOSX.platform/Developer/SDKs/MacOSX26.1.sdk/System/Library/Frameworks/ApplicationServices.framework/Modules/module.modulemap
/Applications/Xcode.app/Contents/Developer/Platforms/MacOSX.platform/Developer/SDKs/MacOSX26.1.sdk/System/Library/Frameworks/ApplicationServices.framework/Headers/ApplicationServices.h
/Applications/Xcode.app/Contents/Developer/Platforms/MacOSX.platform/Developer/SDKs/MacOSX26.1.sdk/usr/include/cups.modulemap
/Applications/Xcode.app/Contents/Developer/Platforms/MacOSX.platform/Developer/SDKs/MacOSX26.1.sdk/usr/include/DarwinFoundation2.modulemap
/Applications/Xcode.app/Contents/Developer/Platforms/MacOSX.platform/Developer/SDKs/MacOSX26.1.sdk/usr/include/DarwinFoundation1.modulemap
/Applications/Xcode.app/Contents/Developer/Platforms/MacOSX.platform/Developer/SDKs/MacOSX26.1.sdk/System/Library/Frameworks/CoreServices.framework/Modules/module.modulemap
/Applications/Xcode.app/Contents/Developer/Platforms/MacOSX.platform/Developer/SDKs/MacOSX26.1.sdk/System/Library/Frameworks/ApplicationServices.framework/Frameworks/ATS.framework/Headers/ATS.h
/Applications/Xcode.app/Contents/Developer/Platforms/MacOSX.platform/Developer/SDKs/MacOSX26.1.sdk/System/Library/Frameworks/ApplicationServices.framework/Frameworks/ATS.framework/Headers/ATSDefines.h
/Applications/Xcode.app/Contents/Developer/Platforms/MacOSX.platform/Developer/SDKs/MacOSX26.1.sdk/System/Library/Frameworks/ApplicationServices.framework/Frameworks/ATS.framework/Headers/ATSLayoutTypes.h
/Applications/Xcode.app/Contents/Developer/Platforms/MacOSX.platform/Developer/SDKs/MacOSX26.1.sdk/System/Library/Frameworks/ApplicationServices.framework/Frameworks/ATS.framework/Headers/SFNTLayoutTypes.h
/Applications/Xcode.app/Contents/Developer/Platforms/MacOSX.platform/Developer/SDKs/MacOSX26.1.sdk/System/Library/Frameworks/CoreText.framework/Modules/module.modulemap
/Applications/Xcode.app/Contents/Developer/Platforms/MacOSX.platform/Developer/SDKs/MacOSX26.1.sdk/System/Library/Frameworks/ApplicationServices.framework/Frameworks/ATS.framework/Headers/ATSTypes.h
/Applications/Xcode.app/Contents/Developer/Platforms/MacOSX.platform/Developer/SDKs/MacOSX26.1.sdk/System/Library/Frameworks/CoreGraphics.framework/Modules/module.modulemap
/Applications/Xcode.app/Contents/Developer/Platforms/MacOSX.platform/Developer/SDKs/MacOSX26.1.sdk/System/Library/Frameworks/ApplicationServices.framework/Frameworks/ATS.framework/Headers/ATSFont.h
/Applications/Xcode.app/Contents/Developer/Platforms/MacOSX.platform/Developer/SDKs/MacOSX26.1.sdk/System/Library/Frameworks/ApplicationServices.framework/Frameworks/ATS.framework/Headers/SFNTTypes.h
/Applications/Xcode.app/Contents/Developer/Platforms/MacOSX.platform/Developer/SDKs/MacOSX26.1.sdk/System/Library/Frameworks/ColorSync.framework/Modules/module.modulemap
/Applications/Xcode.app/Contents/Developer/Platforms/MacOSX.platform/Developer/SDKs/MacOSX26.1.sdk/System/Library/Frameworks/ApplicationServices.framework/Frameworks/HIServices.framework/Headers/HIServices.h
/Applications/Xcode.app/Contents/Developer/Platforms/MacOSX.platform/Developer/SDKs/MacOSX26.1.sdk/System/Library/Frameworks/ApplicationServices.framework/Frameworks/HIServices.framework/Headers/HIShape.h
/Applications/Xcode.app/Contents/Developer/Platforms/MacOSX.platform/Developer/SDKs/MacOSX26.1.sdk/System/Library/Frameworks/ApplicationServices.framework/Frameworks/QD.framework/Headers/Quickdraw.h
/Applications/Xcode.app/Contents/Developer/Platforms/MacOSX.platform/Developer/SDKs/MacOSX26.1.sdk/System/Library/Frameworks/ApplicationServices.framework/Frameworks/QD.framework/Headers/ColorSyncDeprecated.h
/Applications/Xcode.app/Contents/Developer/Toolchains/XcodeDefault.xctoolchain/usr/lib/swift/clang/include/module.modulemap
/Applications/Xcode.app/Contents/Developer/Toolchains/XcodeDefault.xctoolchain/usr/lib/swift/clang/include/stddef.h
/Applications/Xcode.app/Contents/Developer/Platforms/MacOSX.platform/Developer/SDKs/MacOSX26.1.sdk/System/Library/Frameworks/ApplicationServices.framework/Frameworks/HIServices.framework/Headers/Icons.h
/Applications/Xcode.app/Contents/Developer/Platforms/MacOSX.platform/Developer/SDKs/MacOSX26.1.sdk/System/Library/Frameworks/ApplicationServices.framework/Frameworks/HIServices.framework/Headers/InternetConfig.h
/Applications/Xcode.app/Contents/Developer/Platforms/MacOSX.platform/Developer/SDKs/MacOSX26.1.sdk/System/Library/Frameworks/ApplicationServices.framework/Frameworks/HIServices.framework/Headers/Processes.h
/Applications/Xcode.app/Contents/Developer/Platforms/MacOSX.platform/Developer/SDKs/MacOSX26.1.sdk/System/Library/Frameworks/ApplicationServices.framework/Frameworks/HIServices.framework/Headers/Pasteboard.h
/Applications/Xcode.app/Contents/Developer/Platforms/MacOSX.platform/Developer/SDKs/MacOSX26.1.sdk/System/Library/Frameworks/ApplicationServices.framework/Frameworks/HIServices.framework/Headers/TranslationServices.h
/Applications/Xcode.app/Contents/Developer/Platforms/MacOSX.platform/Developer/SDKs/MacOSX26.1.sdk/System/Library/Frameworks/ApplicationServices.framework/Frameworks/HIServices.framework/Headers/Accessibility.h
/Applications/Xcode.app/Contents/Developer/Platforms/MacOSX.platform/Developer/SDKs/MacOSX26.1.sdk/System/Library/Frameworks/ApplicationServices.framework/Frameworks/HIServices.framework/Headers/AXError.h
/Applications/Xcode.app/Contents/Developer/Platforms/MacOSX.platform/Developer/SDKs/MacOSX26.1.sdk/System/Library/Frameworks/CoreFoundation.framework/Modules/module.modulemap
/Applications/Xcode.app/Contents/Developer/Platforms/MacOSX.platform/Developer/SDKs/MacOSX26.1.sdk/System/Library/Frameworks/ApplicationServices.framework/Frameworks/HIServices.framework/Headers/AXConstants.h
/Applications/Xcode.app/Contents/Developer/Platforms/MacOSX.platform/Developer/SDKs/MacOSX26.1.sdk/System/Library/Frameworks/ApplicationServices.framework/Frameworks/HIServices.framework/Headers/AXRoleConstants.h
/Applications/Xcode.app/Contents/Developer/Platforms/MacOSX.platform/Developer/SDKs/MacOSX26.1.sdk/System/Library/Frameworks/ApplicationServices.framework/Frameworks/HIServices.framework/Headers/AXAttributeConstants.h
/Applications/Xcode.app/Contents/Developer/Platforms/MacOSX.platform/Developer/SDKs/MacOSX26.1.sdk/System/Library/Frameworks/ApplicationServices.framework/Frameworks/HIServices.framework/Headers/AXActionConstants.h
/Applications/Xcode.app/Contents/Developer/Platforms/MacOSX.platform/Developer/SDKs/MacOSX26.1.sdk/System/Library/Frameworks/ApplicationServices.framework/Frameworks/HIServices.framework/Headers/AXNotificationConstants.h
/Applications/Xcode.app/Contents/Developer/Platforms/MacOSX.platform/Developer/SDKs/MacOSX26.1.sdk/System/Library/Frameworks/ApplicationServices.framework/Frameworks/HIServices.framework/Headers/AXValueConstants.h
/Applications/Xcode.app/Contents/Developer/Platforms/MacOSX.platform/Developer/SDKs/MacOSX26.1.sdk/System/Library/Frameworks/ApplicationServices.framework/Frameworks/HIServices.framework/Headers/AXWebConstants.h
/Applications/Xcode.app/Contents/Developer/Platforms/MacOSX.platform/Developer/SDKs/MacOSX26.1.sdk/System/Library/Frameworks/ApplicationServices.framework/Frameworks/HIServices.framework/Headers/AXUIElement.h
/Applications/Xcode.app/Contents/Developer/Platforms/MacOSX.platform/Developer/SDKs/MacOSX26.1.sdk/System/Library/Frameworks/ApplicationServices.framework/Frameworks/HIServices.framework/Headers/AXValue.h
/Applications/Xcode.app/Contents/Developer/Platforms/MacOSX.platform/Developer/SDKs/MacOSX26.1.sdk/System/Library/Frameworks/ApplicationServices.framework/Frameworks/HIServices.framework/Headers/AXTextAttributedString.h
/Applications/Xcode.app/Contents/Developer/Platforms/MacOSX.platform/Developer/SDKs/MacOSX26.1.sdk/System/Library/Frameworks/ApplicationServices.framework/Frameworks/HIServices.framework/Headers/UniversalAccess.h
/Applications/Xcode.app/Contents/Developer/Platforms/MacOSX.platform/Developer/SDKs/MacOSX26.1.sdk/System/Library/Frameworks/ImageIO.framework/Modules/module.modulemap
/Applications/Xcode.app/Contents/Developer/Platforms/MacOSX.platform/Developer/SDKs/MacOSX26.1.sdk/System/Library/Frameworks/ApplicationServices.framework/Frameworks/PrintCore.framework/Headers/PrintCore.h
/Applications/Xcode.app/Contents/Developer/Platforms/MacOSX.platform/Developer/SDKs/MacOSX26.1.sdk/System/Library/Frameworks/ApplicationServices.framework/Frameworks/PrintCore.framework/Headers/PDEPluginInterface.h
/Applications/Xcode.app/Contents/Developer/Platforms/MacOSX.platform/Developer/SDKs/MacOSX26.1.sdk/System/Library/Frameworks/Foundation.framework/Modules/module.modulemap
/Applications/Xcode.app/Contents/Developer/Platforms/MacOSX.platform/Developer/SDKs/MacOSX26.1.sdk/System/Library/Frameworks/ApplicationServices.framework/Frameworks/PrintCore.framework/Headers/PMDefinitions.h
/Applications/Xcode.app/Contents/Developer/Platforms/MacOSX.platform/Developer/SDKs/MacOSX26.1.sdk/System/Library/Frameworks/ApplicationServices.framework/Frameworks/PrintCore.framework/Headers/PMCore.h
/Applications/Xcode.app/Contents/Developer/Platforms/MacOSX.platform/Developer/SDKs/MacOSX26.1.sdk/System/Library/Frameworks/ApplicationServices.framework/Frameworks/PrintCore.framework/Headers/PMPrintAETypes.h
/Applications/Xcode.app/Contents/Developer/Platforms/MacOSX.platform/Developer/SDKs/MacOSX26.1.sdk/System/Library/Frameworks/ApplicationServices.framework/Frameworks/PrintCore.framework/Headers/PMPrintingDialogExtensions.h
/Applications/Xcode.app/Contents/Developer/Platforms/MacOSX.platform/Developer/SDKs/MacOSX26.1.sdk/System/Library/Frameworks/ApplicationServices.framework/Frameworks/PrintCore.framework/Headers/PMPrintSettingsKeys.h
/Applications/Xcode.app/Contents/Developer/Platforms/MacOSX.platform/Developer/SDKs/MacOSX26.1.sdk/System/Library/Frameworks/ApplicationServices.framework/Frameworks/PrintCore.framework/Headers/PMErrors.h
/Applications/Xcode.app/Contents/Developer/Platforms/MacOSX.platform/Developer/SDKs/MacOSX26.1.sdk/System/Library/Frameworks/ApplicationServices.framework/Frameworks/QD.framework/Headers/QD.h
/Applications/Xcode.app/Contents/Developer/Platforms/MacOSX.platform/Developer/SDKs/MacOSX26.1.sdk/System/Library/Frameworks/ApplicationServices.framework/Frameworks/QD.framework/Headers/QDAvailability.h
/Applications/Xcode.app/Contents/Developer/Platforms/MacOSX.platform/Developer/SDKs/MacOSX26.1.sdk/System/Library/Frameworks/ApplicationServices.framework/Frameworks/QD.framework/Headers/Fonts.h
/Applications/Xcode.app/Contents/Developer/Platforms/MacOSX.platform/Developer/SDKs/MacOSX26.1.sdk/System/Library/Frameworks/ApplicationServices.framework/Frameworks/ATSUI.framework/Headers/ATSUnicode.h
/Applications/Xcode.app/Contents/Developer/Platforms/MacOSX.platform/Developer/SDKs/MacOSX26.1.sdk/System/Library/Frameworks/ApplicationServices.framework/Frameworks/ATSUI.framework/Headers/ATSAvailability.h
/Applications/Xcode.app/Contents/Developer/Platforms/MacOSX.platform/Developer/SDKs/MacOSX26.1.sdk/System/Library/Frameworks/ApplicationServices.framework/Frameworks/ATSUI.framework/Headers/ATSUnicodeTypes.h
/Applications/Xcode.app/Contents/Developer/Platforms/MacOSX.platform/Developer/SDKs/MacOSX26.1.sdk/System/Library/Frameworks/ApplicationServices.framework/Frameworks/ATSUI.framework/Headers/ATSUnicodeGlyphs.h
/Applications/Xcode.app/Contents/Developer/Platforms/MacOSX.platform/Developer/SDKs/MacOSX26.1.sdk/System/Library/Frameworks/ApplicationServices.framework/Frameworks/ATSUI.framework/Headers/ATSUnicodeFlattening.h
/Applications/Xcode.app/Contents/Developer/Platforms/MacOSX.platform/Developer/SDKs/MacOSX26.1.sdk/System/Library/Frameworks/ApplicationServices.framework/Frameworks/ATSUI.framework/Headers/ATSUnicodeDirectAccess.h
/Applications/Xcode.app/Contents/Developer/Platforms/MacOSX.platform/Developer/SDKs/MacOSX26.1.sdk/System/Library/Frameworks/ApplicationServices.framework/Frameworks/SpeechSynthesis.framework/Headers/SpeechSynthesis.h
/Applications/Xcode.app/Contents/Developer/Platforms/MacOSX.platform/Developer/SDKs/MacOSX26.1.sdk/SDKSettings.json
/Applications/Xcode.app/Contents/Developer/Platforms/MacOSX.platform/Developer/SDKs/MacOSX26.1.sdk/System/Library/Frameworks/CFNetwork.framework/Modules/module.modulemap
/Applications/Xcode.app/Contents/Developer/Platforms/MacOSX.platform/Developer/SDKs/MacOSX26.1.sdk/System/Library/Frameworks/CFNetwork.framework/Headers/CFNetwork.h
/Applications/Xcode.app/Contents/Developer/Platforms/MacOSX.platform/Developer/SDKs/MacOSX26.1.sdk/System/Library/Frameworks/CoreFoundation.framework/Modules/module.modulemap
/Applications/Xcode.app/Contents/Developer/Platforms/MacOSX.platform/Developer/SDKs/MacOSX26.1.sdk/System/Library/Frameworks/CFNetwork.framework/Headers/CFNetworkDefs.h
/Applications/Xcode.app/Contents/Developer/Platforms/MacOSX.platform/Developer/SDKs/MacOSX26.1.sdk/usr/include/Darwin.modulemap
/Applications/Xcode.app/Contents/Developer/Platforms/MacOSX.platform/Developer/SDKs/MacOSX26.1.sdk/System/Library/Frameworks/CFNetwork.framework/Headers/CFNetworkErrors.h
/Applications/Xcode.app/Contents/Developer/Platforms/MacOSX.platform/Developer/SDKs/MacOSX26.1.sdk/System/Library/Frameworks/CFNetwork.framework/Headers/CFSocketStream.h
/Applications/Xcode.app/Contents/Developer/Platforms/MacOSX.platform/Developer/SDKs/MacOSX26.1.sdk/System/Library/Frameworks/CFNetwork.framework/Headers/CFHost.h
/Applications/Xcode.app/Contents/Developer/Platforms/MacOSX.platform/Developer/SDKs/MacOSX26.1.sdk/System/Library/Frameworks/CFNetwork.framework/Headers/CFNetServices.h
/Applications/Xcode.app/Contents/Developer/Platforms/MacOSX.platform/Developer/SDKs/MacOSX26.1.sdk/System/Library/Frameworks/CFNetwork.framework/Headers/CFFTPStream.h
/Applications/Xcode.app/Contents/Developer/Platforms/MacOSX.platform/Developer/SDKs/MacOSX26.1.sdk/System/Library/Frameworks/CFNetwork.framework/Headers/CFHTTPMessage.h
/Applications/Xcode.app/Contents/Developer/Platforms/MacOSX.platform/Developer/SDKs/MacOSX26.1.sdk/System/Library/Frameworks/CFNetwork.framework/Headers/CFHTTPStream.h
/Applications/Xcode.app/Contents/Developer/Platforms/MacOSX.platform/Developer/SDKs/MacOSX26.1.sdk/System/Library/Frameworks/CFNetwork.framework/Headers/CFHTTPAuthentication.h
/Applications/Xcode.app/Contents/Developer/Platforms/MacOSX.platform/Developer/SDKs/MacOSX26.1.sdk/System/Library/Frameworks/CFNetwork.framework/Headers/CFNetDiagnostics.h
/Applications/Xcode.app/Contents/Developer/Toolchains/XcodeDefault.xctoolchain/usr/lib/swift/clang/include/module.modulemap
/Applications/Xcode.app/Contents/Developer/Platforms/MacOSX.platform/Developer/SDKs/MacOSX26.1.sdk/System/Library/Frameworks/CFNetwork.framework/Headers/CFProxySupport.h
/Applications/Xcode.app/Contents/Developer/Platforms/MacOSX.platform/Developer/SDKs/MacOSX26.1.sdk/SDKSettings.json
/Applications/Xcode.app/Contents/Developer/Platforms/MacOSX.platform/Developer/SDKs/MacOSX26.1.sdk/usr/include/cups.modulemap
/Applications/Xcode.app/Contents/Developer/Platforms/MacOSX.platform/Developer/SDKs/MacOSX26.1.sdk/usr/include/Darwin.modulemap
/Applications/Xcode.app/Contents/Developer/Platforms/MacOSX.platform/Developer/SDKs/MacOSX26.1.sdk/usr/include/Darwin_C.modulemap
/Applications/Xcode.app/Contents/Developer/Platforms/MacOSX.platform/Developer/SDKs/MacOSX26.1.sdk/usr/include/Darwin_POSIX.modulemap
/Applications/Xcode.app/Contents/Developer/Platforms/MacOSX.platform/Developer/SDKs/MacOSX26.1.sdk/usr/include/net.modulemap
/Applications/Xcode.app/Contents/Developer/Platforms/MacOSX.platform/Developer/SDKs/MacOSX26.1.sdk/usr/include/netinet.modulemap
/Applications/Xcode.app/Contents/Developer/Platforms/MacOSX.platform/Developer/SDKs/MacOSX26.1.sdk/usr/include/bank.modulemap
/Applications/Xcode.app/Contents/Developer/Platforms/MacOSX.platform/Developer/SDKs/MacOSX26.1.sdk/usr/include/Darwin_Mach.modulemap
/Applications/Xcode.app/Contents/Developer/Platforms/MacOSX.platform/Developer/SDKs/MacOSX26.1.sdk/usr/include/Darwin_Mach_machine.modulemap
/Applications/Xcode.app/Contents/Developer/Platforms/MacOSX.platform/Developer/SDKs/MacOSX26.1.sdk/usr/include/mach_debug.modulemap
/Applications/Xcode.app/Contents/Developer/Platforms/MacOSX.platform/Developer/SDKs/MacOSX26.1.sdk/usr/include/device.modulemap
/Applications/Xcode.app/Contents/Developer/Platforms/MacOSX.platform/Developer/SDKs/MacOSX26.1.sdk/usr/include/Darwin_machine.modulemap
/Applications/Xcode.app/Contents/Developer/Platforms/MacOSX.platform/Developer/SDKs/MacOSX26.1.sdk/usr/include/ncurses.modulemap
/Applications/Xcode.app/Contents/Developer/Platforms/MacOSX.platform/Developer/SDKs/MacOSX26.1.sdk/usr/include/netinet6.modulemap
/Applications/Xcode.app/Contents/Developer/Platforms/MacOSX.platform/Developer/SDKs/MacOSX26.1.sdk/usr/include/Darwin_sys.modulemap
/Applications/Xcode.app/Contents/Developer/Platforms/MacOSX.platform/Developer/SDKs/MacOSX26.1.sdk/usr/include/uuid.modulemap
/Applications/Xcode.app/Contents/Developer/Platforms/MacOSX.platform/Developer/SDKs/MacOSX26.1.sdk/usr/include/DarwinFoundation2.modulemap
/Applications/Xcode.app/Contents/Developer/Platforms/MacOSX.platform/Developer/SDKs/MacOSX26.1.sdk/usr/include/DarwinFoundation3.modulemap
/Applications/Xcode.app/Contents/Developer/Platforms/MacOSX.platform/Developer/SDKs/MacOSX26.1.sdk/usr/include/DarwinFoundation1.modulemap
/Applications/Xcode.app/Contents/Developer/Platforms/MacOSX.platform/Developer/SDKs/MacOSX26.1.sdk/usr/include/cups/cups.h
/Applications/Xcode.app/Contents/Developer/Platforms/MacOSX.platform/Developer/SDKs/MacOSX26.1.sdk/usr/include/cups/file.h
/Applications/Xcode.app/Contents/Developer/Platforms/MacOSX.platform/Developer/SDKs/MacOSX26.1.sdk/usr/include/cups/versioning.h
/Applications/Xcode.app/Contents/Developer/Toolchains/XcodeDefault.xctoolchain/usr/lib/swift/clang/include/module.modulemap
/Applications/Xcode.app/Contents/Developer/Toolchains/XcodeDefault.xctoolchain/usr/lib/swift/clang/include/stddef.h
/Applications/Xcode.app/Contents/Developer/Platforms/MacOSX.platform/Developer/SDKs/MacOSX26.1.sdk/usr/include/cups/ipp.h
/Applications/Xcode.app/Contents/Developer/Platforms/MacOSX.platform/Developer/SDKs/MacOSX26.1.sdk/usr/include/cups/http.h
/Applications/Xcode.app/Contents/Developer/Platforms/MacOSX.platform/Developer/SDKs/MacOSX26.1.sdk/usr/include/cups/array.h
/Applications/Xcode.app/Contents/Developer/Platforms/MacOSX.platform/Developer/SDKs/MacOSX26.1.sdk/usr/include/stdlib.h
/Applications/Xcode.app/Contents/Developer/Platforms/MacOSX.platform/Developer/SDKs/MacOSX26.1.sdk/usr/include/string.h
/Applications/Xcode.app/Contents/Developer/Platforms/MacOSX.platform/Developer/SDKs/MacOSX26.1.sdk/usr/include/time.h
/Applications/Xcode.app/Contents/Developer/Toolchains/XcodeDefault.xctoolchain/usr/lib/swift/clang/include/stdarg.h
/Applications/Xcode.app/Contents/Developer/Platforms/MacOSX.platform/Developer/SDKs/MacOSX26.1.sdk/usr/include/cups/language.h
/Applications/Xcode.app/Contents/Developer/Platforms/MacOSX.platform/Developer/SDKs/MacOSX26.1.sdk/usr/include/cups/pwg.h
/Applications/Xcode.app/Contents/Developer/Platforms/MacOSX.platform/Developer/SDKs/MacOSX26.1.sdk/usr/include/cups/adminutil.h
/Applications/Xcode.app/Contents/Developer/Platforms/MacOSX.platform/Developer/SDKs/MacOSX26.1.sdk/usr/include/stdio.h
/Applications/Xcode.app/Contents/Developer/Platforms/MacOSX.platform/Developer/SDKs/MacOSX26.1.sdk/usr/include/cups/backend.h
/Applications/Xcode.app/Contents/Developer/Platforms/MacOSX.platform/Developer/SDKs/MacOSX26.1.sdk/usr/include/cups/dir.h
/Applications/Xcode.app/Contents/Developer/Platforms/MacOSX.platform/Developer/SDKs/MacOSX26.1.sdk/usr/include/cups/ppd.h
/Applications/Xcode.app/Contents/Developer/Platforms/MacOSX.platform/Developer/SDKs/MacOSX26.1.sdk/usr/include/cups/raster.h
/Applications/Xcode.app/Contents/Developer/Platforms/MacOSX.platform/Developer/SDKs/MacOSX26.1.sdk/usr/include/cups/sidechannel.h
/Applications/Xcode.app/Contents/Developer/Platforms/MacOSX.platform/Developer/SDKs/MacOSX26.1.sdk/usr/include/cups/transcode.h
/Applications/Xcode.app/Contents/Developer/Platforms/MacOSX.platform/Developer/SDKs/MacOSX26.1.sdk/SDKSettings.json
/Applications/Xcode.app/Contents/Developer/Platforms/MacOSX.platform/Developer/SDKs/MacOSX26.1.sdk/System/Library/Frameworks/Cocoa.framework/Modules/module.modulemap
/Applications/Xcode.app/Contents/Developer/Platforms/MacOSX.platform/Developer/SDKs/MacOSX26.1.sdk/System/Library/Frameworks/Cocoa.framework/Headers/Cocoa.h
/Applications/Xcode.app/Contents/Developer/Platforms/MacOSX.platform/Developer/SDKs/MacOSX26.1.sdk/System/Library/Frameworks/Foundation.framework/Modules/module.modulemap
/Applications/Xcode.app/Contents/Developer/Platforms/MacOSX.platform/Developer/SDKs/MacOSX26.1.sdk/System/Library/Frameworks/AppKit.framework/Modules/module.modulemap
/Applications/Xcode.app/Contents/Developer/Platforms/MacOSX.platform/Developer/SDKs/MacOSX26.1.sdk/System/Library/Frameworks/CoreData.framework/Modules/module.modulemap
/Applications/Xcode.app/Contents/Developer/Platforms/MacOSX.platform/Developer/SDKs/MacOSX26.1.sdk/SDKSettings.json
/Applications/Xcode.app/Contents/Developer/Platforms/MacOSX.platform/Developer/SDKs/MacOSX26.1.sdk/System/Library/Frameworks/ColorSync.framework/Modules/module.modulemap
/Applications/Xcode.app/Contents/Developer/Platforms/MacOSX.platform/Developer/SDKs/MacOSX26.1.sdk/System/Library/Frameworks/ColorSync.framework/Headers/ColorSync.h
/Applications/Xcode.app/Contents/Developer/Platforms/MacOSX.platform/Developer/SDKs/MacOSX26.1.sdk/System/Library/Frameworks/ColorSync.framework/Headers/ColorSyncBase.h
/Applications/Xcode.app/Contents/Developer/Platforms/MacOSX.platform/Developer/SDKs/MacOSX26.1.sdk/System/Library/Frameworks/CoreFoundation.framework/Modules/module.modulemap
/Applications/Xcode.app/Contents/Developer/Platforms/MacOSX.platform/Developer/SDKs/MacOSX26.1.sdk/usr/include/DarwinFoundation1.modulemap
/Applications/Xcode.app/Contents/Developer/Toolchains/XcodeDefault.xctoolchain/usr/lib/swift/clang/include/module.modulemap
/Applications/Xcode.app/Contents/Developer/Platforms/MacOSX.platform/Developer/SDKs/MacOSX26.1.sdk/System/Library/Frameworks/ColorSync.framework/Headers/ColorSyncProfile.h
/Applications/Xcode.app/Contents/Developer/Platforms/MacOSX.platform/Developer/SDKs/MacOSX26.1.sdk/System/Library/Frameworks/ColorSync.framework/Headers/ColorSyncTransform.h
/Applications/Xcode.app/Contents/Developer/Platforms/MacOSX.platform/Developer/SDKs/MacOSX26.1.sdk/System/Library/Frameworks/ColorSync.framework/Headers/ColorSyncCMM.h
/Applications/Xcode.app/Contents/Developer/Platforms/MacOSX.platform/Developer/SDKs/MacOSX26.1.sdk/System/Library/Frameworks/ColorSync.framework/Headers/ColorSyncDevice.h
/Applications/Xcode.app/Contents/Developer/Platforms/MacOSX.platform/Developer/SDKs/MacOSX26.1.sdk/SDKSettings.json
/Applications/Xcode.app/Contents/Developer/Toolchains/XcodeDefault.xctoolchain/usr/lib/swift/macosx/prebuilt-modules/26.1/Combine.swiftmodule/arm64e-apple-macos.swiftmodule
/Applications/Xcode.app/Contents/Developer/Toolchains/XcodeDefault.xctoolchain/usr/lib/swift/macosx/prebuilt-modules/26.1/CoreData.swiftmodule/arm64e-apple-macos.swiftmodule
/Applications/Xcode.app/Contents/Developer/Platforms/MacOSX.platform/Developer/SDKs/MacOSX26.1.sdk/System/Library/Frameworks/CoreData.framework/Headers/CoreData.apinotes
/Applications/Xcode.app/Contents/Developer/Platforms/MacOSX.platform/Developer/SDKs/MacOSX26.1.sdk/System/Library/Frameworks/CoreData.framework/Modules/module.modulemap
/Applications/Xcode.app/Contents/Developer/Platforms/MacOSX.platform/Developer/SDKs/MacOSX26.1.sdk/System/Library/Frameworks/CoreData.framework/Headers/CoreData.h
/Applications/Xcode.app/Contents/Developer/Platforms/MacOSX.platform/Developer/SDKs/MacOSX26.1.sdk/System/Library/Frameworks/Foundation.framework/Modules/module.modulemap
/Applications/Xcode.app/Contents/Developer/Platforms/MacOSX.platform/Developer/SDKs/MacOSX26.1.sdk/System/Library/Frameworks/CoreData.framework/Headers/CoreDataDefines.h
/Applications/Xcode.app/Contents/Developer/Platforms/MacOSX.platform/Developer/SDKs/MacOSX26.1.sdk/usr/include/DarwinFoundation1.modulemap
/Applications/Xcode.app/Contents/Developer/Platforms/MacOSX.platform/Developer/SDKs/MacOSX26.1.sdk/System/Library/Frameworks/CoreData.framework/Headers/CoreDataErrors.h
/Applications/Xcode.app/Contents/Developer/Platforms/MacOSX.platform/Developer/SDKs/MacOSX26.1.sdk/System/Library/Frameworks/CoreData.framework/Headers/NSAttributeDescription.h
/Applications/Xcode.app/Contents/Developer/Platforms/MacOSX.platform/Developer/SDKs/MacOSX26.1.sdk/System/Library/Frameworks/CoreData.framework/Headers/NSPropertyDescription.h
/Applications/Xcode.app/Contents/Developer/Platforms/MacOSX.platform/Developer/SDKs/MacOSX26.1.sdk/System/Library/Frameworks/CoreData.framework/Headers/NSDerivedAttributeDescription.h
/Applications/Xcode.app/Contents/Developer/Platforms/MacOSX.platform/Developer/SDKs/MacOSX26.1.sdk/System/Library/Frameworks/CoreData.framework/Headers/NSCompositeAttributeDescription.h
/Applications/Xcode.app/Contents/Developer/Platforms/MacOSX.platform/Developer/SDKs/MacOSX26.1.sdk/System/Library/Frameworks/CoreData.framework/Headers/NSEntityDescription.h
/Applications/Xcode.app/Contents/Developer/Platforms/MacOSX.platform/Developer/SDKs/MacOSX26.1.sdk/System/Library/Frameworks/CoreData.framework/Headers/NSFetchedPropertyDescription.h
/Applications/Xcode.app/Contents/Developer/Platforms/MacOSX.platform/Developer/SDKs/MacOSX26.1.sdk/System/Library/Frameworks/CoreData.framework/Headers/NSExpressionDescription.h
/Applications/Xcode.app/Contents/Developer/Platforms/MacOSX.platform/Developer/SDKs/MacOSX26.1.sdk/System/Library/Frameworks/CoreData.framework/Headers/NSRelationshipDescription.h
/Applications/Xcode.app/Contents/Developer/Platforms/MacOSX.platform/Developer/SDKs/MacOSX26.1.sdk/System/Library/Frameworks/CoreData.framework/Headers/NSFetchIndexDescription.h
/Applications/Xcode.app/Contents/Developer/Platforms/MacOSX.platform/Developer/SDKs/MacOSX26.1.sdk/System/Library/Frameworks/CoreData.framework/Headers/NSFetchIndexElementDescription.h
/Applications/Xcode.app/Contents/Developer/Platforms/MacOSX.platform/Developer/SDKs/MacOSX26.1.sdk/System/Library/Frameworks/CoreData.framework/Headers/NSFetchRequest.h
/Applications/Xcode.app/Contents/Developer/Platforms/MacOSX.platform/Developer/SDKs/MacOSX26.1.sdk/System/Library/Frameworks/CoreData.framework/Headers/NSPersistentStoreRequest.h
/Applications/Xcode.app/Contents/Developer/Platforms/MacOSX.platform/Developer/SDKs/MacOSX26.1.sdk/System/Library/Frameworks/CoreData.framework/Headers/NSManagedObject.h
/Applications/Xcode.app/Contents/Developer/Platforms/MacOSX.platform/Developer/SDKs/MacOSX26.1.sdk/System/Library/Frameworks/CoreData.framework/Headers/NSManagedObjectID.h
/Applications/Xcode.app/Contents/Developer/Platforms/MacOSX.platform/Developer/SDKs/MacOSX26.1.sdk/System/Library/Frameworks/CoreData.framework/Headers/NSFetchRequestExpression.h
/Applications/Xcode.app/Contents/Developer/Platforms/MacOSX.platform/Developer/SDKs/MacOSX26.1.sdk/System/Library/Frameworks/CoreData.framework/Headers/NSManagedObjectModel.h
/Applications/Xcode.app/Contents/Developer/Platforms/MacOSX.platform/Developer/SDKs/MacOSX26.1.sdk/System/Library/Frameworks/CoreData.framework/Headers/NSManagedObjectContext.h
/Applications/Xcode.app/Contents/Developer/Platforms/MacOSX.platform/Developer/SDKs/MacOSX26.1.sdk/System/Library/Frameworks/CoreData.framework/Headers/NSPersistentStoreCoordinator.h
/Applications/Xcode.app/Contents/Developer/Platforms/MacOSX.platform/Developer/SDKs/MacOSX26.1.sdk/System/Library/Frameworks/CoreData.framework/Headers/NSPersistentStore.h
/Applications/Xcode.app/Contents/Developer/Platforms/MacOSX.platform/Developer/SDKs/MacOSX26.1.sdk/System/Library/Frameworks/CoreData.framework/Headers/NSAtomicStore.h
/Applications/Xcode.app/Contents/Developer/Platforms/MacOSX.platform/Developer/SDKs/MacOSX26.1.sdk/System/Library/Frameworks/CoreData.framework/Headers/NSAtomicStoreCacheNode.h
/Applications/Xcode.app/Contents/Developer/Platforms/MacOSX.platform/Developer/SDKs/MacOSX26.1.sdk/System/Library/Frameworks/CoreData.framework/Headers/NSEntityMigrationPolicy.h
/Applications/Xcode.app/Contents/Developer/Platforms/MacOSX.platform/Developer/SDKs/MacOSX26.1.sdk/System/Library/Frameworks/CoreData.framework/Headers/NSMappingModel.h
/Applications/Xcode.app/Contents/Developer/Platforms/MacOSX.platform/Developer/SDKs/MacOSX26.1.sdk/System/Library/Frameworks/CoreData.framework/Headers/NSEntityMapping.h
/Applications/Xcode.app/Contents/Developer/Platforms/MacOSX.platform/Developer/SDKs/MacOSX26.1.sdk/System/Library/Frameworks/CoreData.framework/Headers/NSPropertyMapping.h
/Applications/Xcode.app/Contents/Developer/Platforms/MacOSX.platform/Developer/SDKs/MacOSX26.1.sdk/System/Library/Frameworks/CoreData.framework/Headers/NSMigrationManager.h
/Applications/Xcode.app/Contents/Developer/Platforms/MacOSX.platform/Developer/SDKs/MacOSX26.1.sdk/System/Library/Frameworks/CoreData.framework/Headers/NSIncrementalStore.h
/Applications/Xcode.app/Contents/Developer/Platforms/MacOSX.platform/Developer/SDKs/MacOSX26.1.sdk/System/Library/Frameworks/CoreData.framework/Headers/NSIncrementalStoreNode.h
/Applications/Xcode.app/Contents/Developer/Platforms/MacOSX.platform/Developer/SDKs/MacOSX26.1.sdk/System/Library/Frameworks/CoreData.framework/Headers/NSPersistentStoreResult.h
/Applications/Xcode.app/Contents/Developer/Platforms/MacOSX.platform/Developer/SDKs/MacOSX26.1.sdk/System/Library/Frameworks/CoreData.framework/Headers/NSSaveChangesRequest.h
/Applications/Xcode.app/Contents/Developer/Platforms/MacOSX.platform/Developer/SDKs/MacOSX26.1.sdk/System/Library/Frameworks/CoreData.framework/Headers/NSBatchUpdateRequest.h
/Applications/Xcode.app/Contents/Developer/Platforms/MacOSX.platform/Developer/SDKs/MacOSX26.1.sdk/System/Library/Frameworks/CoreData.framework/Headers/NSBatchDeleteRequest.h
/Applications/Xcode.app/Contents/Developer/Platforms/MacOSX.platform/Developer/SDKs/MacOSX26.1.sdk/System/Library/Frameworks/CoreData.framework/Headers/NSBatchInsertRequest.h
/Applications/Xcode.app/Contents/Developer/Platforms/MacOSX.platform/Developer/SDKs/MacOSX26.1.sdk/System/Library/Frameworks/CoreData.framework/Headers/NSMergePolicy.h
/Applications/Xcode.app/Contents/Developer/Platforms/MacOSX.platform/Developer/SDKs/MacOSX26.1.sdk/System/Library/Frameworks/CoreData.framework/Headers/NSFetchedResultsController.h
/Applications/Xcode.app/Contents/Developer/Platforms/MacOSX.platform/Developer/SDKs/MacOSX26.1.sdk/System/Library/Frameworks/CoreData.framework/Headers/NSQueryGenerationToken.h
/Applications/Xcode.app/Contents/Developer/Platforms/MacOSX.platform/Developer/SDKs/MacOSX26.1.sdk/System/Library/Frameworks/CoreData.framework/Headers/NSPersistentStoreDescription.h
/Applications/Xcode.app/Contents/Developer/Platforms/MacOSX.platform/Developer/SDKs/MacOSX26.1.sdk/System/Library/Frameworks/CoreData.framework/Headers/NSPersistentContainer.h
/Applications/Xcode.app/Contents/Developer/Platforms/MacOSX.platform/Developer/SDKs/MacOSX26.1.sdk/System/Library/Frameworks/CoreData.framework/Headers/NSPersistentHistoryChange.h
/Applications/Xcode.app/Contents/Developer/Platforms/MacOSX.platform/Developer/SDKs/MacOSX26.1.sdk/System/Library/Frameworks/CoreData.framework/Headers/NSPersistentHistoryChangeRequest.h
/Applications/Xcode.app/Contents/Developer/Platforms/MacOSX.platform/Developer/SDKs/MacOSX26.1.sdk/System/Library/Frameworks/CoreData.framework/Headers/NSPersistentHistoryToken.h
/Applications/Xcode.app/Contents/Developer/Platforms/MacOSX.platform/Developer/SDKs/MacOSX26.1.sdk/System/Library/Frameworks/CoreData.framework/Headers/NSPersistentHistoryTransaction.h
/Applications/Xcode.app/Contents/Developer/Platforms/MacOSX.platform/Developer/SDKs/MacOSX26.1.sdk/System/Library/Frameworks/CoreData.framework/Headers/NSPersistentCloudKitContainer.h
/Applications/Xcode.app/Contents/Developer/Platforms/MacOSX.platform/Developer/SDKs/MacOSX26.1.sdk/System/Library/Frameworks/CoreData.framework/Headers/NSPersistentCloudKitContainerOptions.h
/Applications/Xcode.app/Contents/Developer/Platforms/MacOSX.platform/Developer/SDKs/MacOSX26.1.sdk/System/Library/Frameworks/CoreData.framework/Headers/NSPersistentCloudKitContainerEvent.h
/Applications/Xcode.app/Contents/Developer/Platforms/MacOSX.platform/Developer/SDKs/MacOSX26.1.sdk/System/Library/Frameworks/CoreData.framework/Headers/NSPersistentCloudKitContainerEventRequest.h
/Applications/Xcode.app/Contents/Developer/Platforms/MacOSX.platform/Developer/SDKs/MacOSX26.1.sdk/System/Library/Frameworks/CoreData.framework/Headers/NSStagedMigrationManager.h
/Applications/Xcode.app/Contents/Developer/Platforms/MacOSX.platform/Developer/SDKs/MacOSX26.1.sdk/System/Library/Frameworks/CoreData.framework/Headers/NSMigrationStage.h
/Applications/Xcode.app/Contents/Developer/Platforms/MacOSX.platform/Developer/SDKs/MacOSX26.1.sdk/System/Library/Frameworks/CoreData.framework/Headers/NSCustomMigrationStage.h
/Applications/Xcode.app/Contents/Developer/Platforms/MacOSX.platform/Developer/SDKs/MacOSX26.1.sdk/System/Library/Frameworks/CoreData.framework/Headers/NSLightweightMigrationStage.h
/Applications/Xcode.app/Contents/Developer/Platforms/MacOSX.platform/Developer/SDKs/MacOSX26.1.sdk/System/Library/Frameworks/CoreData.framework/Headers/NSManagedObjectModelReference.h
/Applications/Xcode.app/Contents/Developer/Platforms/MacOSX.platform/Developer/SDKs/MacOSX26.1.sdk/System/Library/Frameworks/CoreData.framework/Headers/NSCoreDataCoreSpotlightDelegate.h
/Applications/Xcode.app/Contents/Developer/Platforms/MacOSX.platform/Developer/SDKs/MacOSX26.1.sdk/System/Library/Frameworks/CoreData.framework/Headers/CoreData_CloudKit.h
/Applications/Xcode.app/Contents/Developer/Platforms/MacOSX.platform/Developer/SDKs/MacOSX26.1.sdk/System/Library/Frameworks/CoreData.framework/Headers/NSPersistentCloudKitContainer_Sharing.h
/Applications/Xcode.app/Contents/Developer/Platforms/MacOSX.platform/Developer/SDKs/MacOSX26.1.sdk/System/Library/Frameworks/CoreData.framework/Headers/NSPersistentCloudKitContainer_SwiftOverlay.h
/Applications/Xcode.app/Contents/Developer/Platforms/MacOSX.platform/Developer/SDKs/MacOSX26.1.sdk/SDKSettings.json
/Applications/Xcode.app/Contents/Developer/Toolchains/XcodeDefault.xctoolchain/usr/lib/swift/macosx/prebuilt-modules/26.1/CoreFoundation.swiftmodule/arm64e-apple-macos.swiftmodule
/Applications/Xcode.app/Contents/Developer/Platforms/MacOSX.platform/Developer/SDKs/MacOSX26.1.sdk/System/Library/Frameworks/CoreFoundation.framework/Modules/module.modulemap
/Applications/Xcode.app/Contents/Developer/Platforms/MacOSX.platform/Developer/SDKs/MacOSX26.1.sdk/System/Library/Frameworks/CoreFoundation.framework/Headers/CoreFoundation.h
/Applications/Xcode.app/Contents/Developer/Platforms/MacOSX.platform/Developer/SDKs/MacOSX26.1.sdk/usr/include/dispatch.modulemap
/Applications/Xcode.app/Contents/Developer/Platforms/MacOSX.platform/Developer/SDKs/MacOSX26.1.sdk/usr/include/Darwin.modulemap
/Applications/Xcode.app/Contents/Developer/Platforms/MacOSX.platform/Developer/SDKs/MacOSX26.1.sdk/usr/include/Darwin_C.modulemap
/Applications/Xcode.app/Contents/Developer/Platforms/MacOSX.platform/Developer/SDKs/MacOSX26.1.sdk/usr/include/Darwin_POSIX.modulemap
/Applications/Xcode.app/Contents/Developer/Platforms/MacOSX.platform/Developer/SDKs/MacOSX26.1.sdk/usr/include/net.modulemap
/Applications/Xcode.app/Contents/Developer/Platforms/MacOSX.platform/Developer/SDKs/MacOSX26.1.sdk/usr/include/netinet.modulemap
/Applications/Xcode.app/Contents/Developer/Platforms/MacOSX.platform/Developer/SDKs/MacOSX26.1.sdk/usr/include/bank.modulemap
/Applications/Xcode.app/Contents/Developer/Platforms/MacOSX.platform/Developer/SDKs/MacOSX26.1.sdk/usr/include/Darwin_Mach.modulemap
/Applications/Xcode.app/Contents/Developer/Platforms/MacOSX.platform/Developer/SDKs/MacOSX26.1.sdk/usr/include/Darwin_Mach_machine.modulemap
/Applications/Xcode.app/Contents/Developer/Platforms/MacOSX.platform/Developer/SDKs/MacOSX26.1.sdk/usr/include/mach_debug.modulemap
/Applications/Xcode.app/Contents/Developer/Platforms/MacOSX.platform/Developer/SDKs/MacOSX26.1.sdk/usr/include/device.modulemap
/Applications/Xcode.app/Contents/Developer/Platforms/MacOSX.platform/Developer/SDKs/MacOSX26.1.sdk/usr/include/Darwin_machine.modulemap
/Applications/Xcode.app/Contents/Developer/Platforms/MacOSX.platform/Developer/SDKs/MacOSX26.1.sdk/usr/include/ncurses.modulemap
/Applications/Xcode.app/Contents/Developer/Platforms/MacOSX.platform/Developer/SDKs/MacOSX26.1.sdk/usr/include/netinet6.modulemap
/Applications/Xcode.app/Contents/Developer/Platforms/MacOSX.platform/Developer/SDKs/MacOSX26.1.sdk/usr/include/Darwin_sys.modulemap
/Applications/Xcode.app/Contents/Developer/Platforms/MacOSX.platform/Developer/SDKs/MacOSX26.1.sdk/usr/include/uuid.modulemap
/Applications/Xcode.app/Contents/Developer/Platforms/MacOSX.platform/Developer/SDKs/MacOSX26.1.sdk/usr/include/DarwinFoundation2.modulemap
/Applications/Xcode.app/Contents/Developer/Platforms/MacOSX.platform/Developer/SDKs/MacOSX26.1.sdk/usr/include/DarwinFoundation3.modulemap
/Applications/Xcode.app/Contents/Developer/Platforms/MacOSX.platform/Developer/SDKs/MacOSX26.1.sdk/usr/include/DarwinFoundation1.modulemap
/Applications/Xcode.app/Contents/Developer/Toolchains/XcodeDefault.xctoolchain/usr/lib/swift/clang/include/module.modulemap
/Applications/Xcode.app/Contents/Developer/Toolchains/XcodeDefault.xctoolchain/usr/lib/swift/clang/include/stdarg.h
/Applications/Xcode.app/Contents/Developer/Platforms/MacOSX.platform/Developer/SDKs/MacOSX26.1.sdk/usr/include/assert.h
/Applications/Xcode.app/Contents/Developer/Platforms/MacOSX.platform/Developer/SDKs/MacOSX26.1.sdk/usr/include/ctype.h
/Applications/Xcode.app/Contents/Developer/Toolchains/XcodeDefault.xctoolchain/usr/lib/swift/clang/include/stddef.h
/Applications/Xcode.app/Contents/Developer/Platforms/MacOSX.platform/Developer/SDKs/MacOSX26.1.sdk/usr/include/stdio.h
/Applications/Xcode.app/Contents/Developer/Platforms/MacOSX.platform/Developer/SDKs/MacOSX26.1.sdk/usr/include/stdlib.h
/Applications/Xcode.app/Contents/Developer/Platforms/MacOSX.platform/Developer/SDKs/MacOSX26.1.sdk/usr/include/string.h
/Applications/Xcode.app/Contents/Developer/Platforms/MacOSX.platform/Developer/SDKs/MacOSX26.1.sdk/usr/include/time.h
/Applications/Xcode.app/Contents/Developer/Platforms/MacOSX.platform/Developer/SDKs/MacOSX26.1.sdk/System/Library/Frameworks/CoreFoundation.framework/Headers/CFBase.h
/Applications/Xcode.app/Contents/Developer/Platforms/MacOSX.platform/Developer/SDKs/MacOSX26.1.sdk/System/Library/Frameworks/CoreFoundation.framework/Headers/CFAvailability.h
/Applications/Xcode.app/Contents/Developer/Platforms/MacOSX.platform/Developer/SDKs/MacOSX26.1.sdk/System/Library/Frameworks/CoreFoundation.framework/Headers/CFArray.h
/Applications/Xcode.app/Contents/Developer/Platforms/MacOSX.platform/Developer/SDKs/MacOSX26.1.sdk/System/Library/Frameworks/CoreFoundation.framework/Headers/CFBag.h
/Applications/Xcode.app/Contents/Developer/Platforms/MacOSX.platform/Developer/SDKs/MacOSX26.1.sdk/System/Library/Frameworks/CoreFoundation.framework/Headers/CFBinaryHeap.h
/Applications/Xcode.app/Contents/Developer/Platforms/MacOSX.platform/Developer/SDKs/MacOSX26.1.sdk/System/Library/Frameworks/CoreFoundation.framework/Headers/CFBitVector.h
/Applications/Xcode.app/Contents/Developer/Platforms/MacOSX.platform/Developer/SDKs/MacOSX26.1.sdk/System/Library/Frameworks/CoreFoundation.framework/Headers/CFByteOrder.h
/Applications/Xcode.app/Contents/Developer/Platforms/MacOSX.platform/Developer/SDKs/MacOSX26.1.sdk/System/Library/Frameworks/CoreFoundation.framework/Headers/CFCalendar.h
/Applications/Xcode.app/Contents/Developer/Platforms/MacOSX.platform/Developer/SDKs/MacOSX26.1.sdk/System/Library/Frameworks/CoreFoundation.framework/Headers/CFLocale.h
/Applications/Xcode.app/Contents/Developer/Platforms/MacOSX.platform/Developer/SDKs/MacOSX26.1.sdk/System/Library/Frameworks/CoreFoundation.framework/Headers/CFDictionary.h
/Applications/Xcode.app/Contents/Developer/Platforms/MacOSX.platform/Developer/SDKs/MacOSX26.1.sdk/System/Library/Frameworks/CoreFoundation.framework/Headers/CFNotificationCenter.h
/Applications/Xcode.app/Contents/Developer/Platforms/MacOSX.platform/Developer/SDKs/MacOSX26.1.sdk/System/Library/Frameworks/CoreFoundation.framework/Headers/CFDate.h
/Applications/Xcode.app/Contents/Developer/Platforms/MacOSX.platform/Developer/SDKs/MacOSX26.1.sdk/System/Library/Frameworks/CoreFoundation.framework/Headers/CFTimeZone.h
/Applications/Xcode.app/Contents/Developer/Platforms/MacOSX.platform/Developer/SDKs/MacOSX26.1.sdk/System/Library/Frameworks/CoreFoundation.framework/Headers/CFData.h
/Applications/Xcode.app/Contents/Developer/Platforms/MacOSX.platform/Developer/SDKs/MacOSX26.1.sdk/System/Library/Frameworks/CoreFoundation.framework/Headers/CFString.h
/Applications/Xcode.app/Contents/Developer/Platforms/MacOSX.platform/Developer/SDKs/MacOSX26.1.sdk/System/Library/Frameworks/CoreFoundation.framework/Headers/CFCharacterSet.h
/Applications/Xcode.app/Contents/Developer/Platforms/MacOSX.platform/Developer/SDKs/MacOSX26.1.sdk/System/Library/Frameworks/CoreFoundation.framework/Headers/CFError.h
/Applications/Xcode.app/Contents/Developer/Platforms/MacOSX.platform/Developer/SDKs/MacOSX26.1.sdk/System/Library/Frameworks/CoreFoundation.framework/Headers/CFCGTypes.h
/Applications/Xcode.app/Contents/Developer/Platforms/MacOSX.platform/Developer/SDKs/MacOSX26.1.sdk/System/Library/Frameworks/CoreFoundation.framework/Headers/CFDateFormatter.h
/Applications/Xcode.app/Contents/Developer/Platforms/MacOSX.platform/Developer/SDKs/MacOSX26.1.sdk/System/Library/Frameworks/CoreFoundation.framework/Headers/CFNumber.h
/Applications/Xcode.app/Contents/Developer/Platforms/MacOSX.platform/Developer/SDKs/MacOSX26.1.sdk/System/Library/Frameworks/CoreFoundation.framework/Headers/CFNumberFormatter.h
/Applications/Xcode.app/Contents/Developer/Platforms/MacOSX.platform/Developer/SDKs/MacOSX26.1.sdk/System/Library/Frameworks/CoreFoundation.framework/Headers/CFPreferences.h
/Applications/Xcode.app/Contents/Developer/Platforms/MacOSX.platform/Developer/SDKs/MacOSX26.1.sdk/System/Library/Frameworks/CoreFoundation.framework/Headers/CFPropertyList.h
/Applications/Xcode.app/Contents/Developer/Platforms/MacOSX.platform/Developer/SDKs/MacOSX26.1.sdk/System/Library/Frameworks/CoreFoundation.framework/Headers/CFStream.h
/Applications/Xcode.app/Contents/Developer/Platforms/MacOSX.platform/Developer/SDKs/MacOSX26.1.sdk/System/Library/Frameworks/CoreFoundation.framework/Headers/CFURL.h
/Applications/Xcode.app/Contents/Developer/Platforms/MacOSX.platform/Developer/SDKs/MacOSX26.1.sdk/System/Library/Frameworks/CoreFoundation.framework/Headers/CFRunLoop.h
/Applications/Xcode.app/Contents/Developer/Platforms/MacOSX.platform/Developer/SDKs/MacOSX26.1.sdk/System/Library/Frameworks/CoreFoundation.framework/Headers/CFSocket.h
/Applications/Xcode.app/Contents/Developer/Platforms/MacOSX.platform/Developer/SDKs/MacOSX26.1.sdk/System/Library/Frameworks/CoreFoundation.framework/Headers/CFSet.h
/Applications/Xcode.app/Contents/Developer/Platforms/MacOSX.platform/Developer/SDKs/MacOSX26.1.sdk/System/Library/Frameworks/CoreFoundation.framework/Headers/CFStringEncodingExt.h
/Applications/Xcode.app/Contents/Developer/Platforms/MacOSX.platform/Developer/SDKs/MacOSX26.1.sdk/System/Library/Frameworks/CoreFoundation.framework/Headers/CFTree.h
/Applications/Xcode.app/Contents/Developer/Platforms/MacOSX.platform/Developer/SDKs/MacOSX26.1.sdk/System/Library/Frameworks/CoreFoundation.framework/Headers/CFURLAccess.h
/Applications/Xcode.app/Contents/Developer/Platforms/MacOSX.platform/Developer/SDKs/MacOSX26.1.sdk/System/Library/Frameworks/CoreFoundation.framework/Headers/CFUUID.h
/Applications/Xcode.app/Contents/Developer/Platforms/MacOSX.platform/Developer/SDKs/MacOSX26.1.sdk/System/Library/Frameworks/CoreFoundation.framework/Headers/CFUtilities.h
/Applications/Xcode.app/Contents/Developer/Platforms/MacOSX.platform/Developer/SDKs/MacOSX26.1.sdk/System/Library/Frameworks/CoreFoundation.framework/Headers/CFBundle.h
/Applications/Xcode.app/Contents/Developer/Platforms/MacOSX.platform/Developer/SDKs/MacOSX26.1.sdk/System/Library/Frameworks/CoreFoundation.framework/Headers/CFMessagePort.h
/Applications/Xcode.app/Contents/Developer/Platforms/MacOSX.platform/Developer/SDKs/MacOSX26.1.sdk/System/Library/Frameworks/CoreFoundation.framework/Headers/CFPlugIn.h
/Applications/Xcode.app/Contents/Developer/Platforms/MacOSX.platform/Developer/SDKs/MacOSX26.1.sdk/System/Library/Frameworks/CoreFoundation.framework/Headers/CFMachPort.h
/Applications/Xcode.app/Contents/Developer/Platforms/MacOSX.platform/Developer/SDKs/MacOSX26.1.sdk/System/Library/Frameworks/CoreFoundation.framework/Headers/CFAttributedString.h
/Applications/Xcode.app/Contents/Developer/Platforms/MacOSX.platform/Developer/SDKs/MacOSX26.1.sdk/System/Library/Frameworks/CoreFoundation.framework/Headers/CFURLEnumerator.h
/Applications/Xcode.app/Contents/Developer/Platforms/MacOSX.platform/Developer/SDKs/MacOSX26.1.sdk/System/Library/Frameworks/CoreFoundation.framework/Headers/CFFileSecurity.h
/Applications/Xcode.app/Contents/Developer/Platforms/MacOSX.platform/Developer/SDKs/MacOSX26.1.sdk/System/Library/Frameworks/CoreFoundation.framework/Headers/CFStringTokenizer.h
/Applications/Xcode.app/Contents/Developer/Platforms/MacOSX.platform/Developer/SDKs/MacOSX26.1.sdk/System/Library/Frameworks/CoreFoundation.framework/Headers/CFFileDescriptor.h
/Applications/Xcode.app/Contents/Developer/Platforms/MacOSX.platform/Developer/SDKs/MacOSX26.1.sdk/System/Library/Frameworks/CoreFoundation.framework/Headers/CFUserNotification.h
/Applications/Xcode.app/Contents/Developer/Platforms/MacOSX.platform/Developer/SDKs/MacOSX26.1.sdk/System/Library/Frameworks/CoreFoundation.framework/Headers/CFXMLNode.h
/Applications/Xcode.app/Contents/Developer/Platforms/MacOSX.platform/Developer/SDKs/MacOSX26.1.sdk/System/Library/Frameworks/CoreFoundation.framework/Headers/CFXMLParser.h
/Applications/Xcode.app/Contents/Developer/Platforms/MacOSX.platform/Developer/SDKs/MacOSX26.1.sdk/System/Library/Frameworks/CoreFoundation.framework/Headers/CFPlugInCOM.h
/Applications/Xcode.app/Contents/Developer/Platforms/MacOSX.platform/Developer/SDKs/MacOSX26.1.sdk/SDKSettings.json
/Applications/Xcode.app/Contents/Developer/Platforms/MacOSX.platform/Developer/SDKs/MacOSX26.1.sdk/System/Library/Frameworks/CoreGraphics.framework/Headers/CoreGraphics.apinotes
/Applications/Xcode.app/Contents/Developer/Platforms/MacOSX.platform/Developer/SDKs/MacOSX26.1.sdk/System/Library/Frameworks/CoreGraphics.framework/Modules/module.modulemap
/Applications/Xcode.app/Contents/Developer/Platforms/MacOSX.platform/Developer/SDKs/MacOSX26.1.sdk/System/Library/Frameworks/CoreGraphics.framework/Headers/CoreGraphics.h
/Applications/Xcode.app/Contents/Developer/Platforms/MacOSX.platform/Developer/SDKs/MacOSX26.1.sdk/System/Library/Frameworks/CoreGraphics.framework/Headers/CGBase.h
/Applications/Xcode.app/Contents/Developer/Toolchains/XcodeDefault.xctoolchain/usr/lib/swift/clang/include/module.modulemap
/Applications/Xcode.app/Contents/Developer/Toolchains/XcodeDefault.xctoolchain/usr/lib/swift/clang/include/stddef.h
/Applications/Xcode.app/Contents/Developer/Platforms/MacOSX.platform/Developer/SDKs/MacOSX26.1.sdk/usr/include/dispatch.modulemap
/Applications/Xcode.app/Contents/Developer/Platforms/MacOSX.platform/Developer/SDKs/MacOSX26.1.sdk/usr/include/Darwin.modulemap
/Applications/Xcode.app/Contents/Developer/Platforms/MacOSX.platform/Developer/SDKs/MacOSX26.1.sdk/usr/include/Darwin_C.modulemap
/Applications/Xcode.app/Contents/Developer/Platforms/MacOSX.platform/Developer/SDKs/MacOSX26.1.sdk/usr/include/Darwin_POSIX.modulemap
/Applications/Xcode.app/Contents/Developer/Platforms/MacOSX.platform/Developer/SDKs/MacOSX26.1.sdk/usr/include/net.modulemap
/Applications/Xcode.app/Contents/Developer/Platforms/MacOSX.platform/Developer/SDKs/MacOSX26.1.sdk/usr/include/netinet.modulemap
/Applications/Xcode.app/Contents/Developer/Platforms/MacOSX.platform/Developer/SDKs/MacOSX26.1.sdk/usr/include/bank.modulemap
/Applications/Xcode.app/Contents/Developer/Platforms/MacOSX.platform/Developer/SDKs/MacOSX26.1.sdk/usr/include/Darwin_Mach.modulemap
/Applications/Xcode.app/Contents/Developer/Platforms/MacOSX.platform/Developer/SDKs/MacOSX26.1.sdk/usr/include/Darwin_Mach_machine.modulemap
/Applications/Xcode.app/Contents/Developer/Platforms/MacOSX.platform/Developer/SDKs/MacOSX26.1.sdk/usr/include/mach_debug.modulemap
/Applications/Xcode.app/Contents/Developer/Platforms/MacOSX.platform/Developer/SDKs/MacOSX26.1.sdk/usr/include/device.modulemap
/Applications/Xcode.app/Contents/Developer/Platforms/MacOSX.platform/Developer/SDKs/MacOSX26.1.sdk/usr/include/Darwin_machine.modulemap
/Applications/Xcode.app/Contents/Developer/Platforms/MacOSX.platform/Developer/SDKs/MacOSX26.1.sdk/usr/include/ncurses.modulemap
/Applications/Xcode.app/Contents/Developer/Platforms/MacOSX.platform/Developer/SDKs/MacOSX26.1.sdk/usr/include/netinet6.modulemap
/Applications/Xcode.app/Contents/Developer/Platforms/MacOSX.platform/Developer/SDKs/MacOSX26.1.sdk/usr/include/Darwin_sys.modulemap
/Applications/Xcode.app/Contents/Developer/Platforms/MacOSX.platform/Developer/SDKs/MacOSX26.1.sdk/usr/include/uuid.modulemap
/Applications/Xcode.app/Contents/Developer/Platforms/MacOSX.platform/Developer/SDKs/MacOSX26.1.sdk/usr/include/DarwinFoundation2.modulemap
/Applications/Xcode.app/Contents/Developer/Platforms/MacOSX.platform/Developer/SDKs/MacOSX26.1.sdk/usr/include/DarwinFoundation1.modulemap
/Applications/Xcode.app/Contents/Developer/Platforms/MacOSX.platform/Developer/SDKs/MacOSX26.1.sdk/System/Library/Frameworks/CoreFoundation.framework/Modules/module.modulemap
/Applications/Xcode.app/Contents/Developer/Platforms/MacOSX.platform/Developer/SDKs/MacOSX26.1.sdk/System/Library/Frameworks/CoreGraphics.framework/Headers/CGAffineTransform.h
/Applications/Xcode.app/Contents/Developer/Platforms/MacOSX.platform/Developer/SDKs/MacOSX26.1.sdk/System/Library/Frameworks/CoreGraphics.framework/Headers/CGGeometry.h
/Applications/Xcode.app/Contents/Developer/Platforms/MacOSX.platform/Developer/SDKs/MacOSX26.1.sdk/System/Library/Frameworks/CoreGraphics.framework/Headers/CGBitmapContext.h
/Applications/Xcode.app/Contents/Developer/Platforms/MacOSX.platform/Developer/SDKs/MacOSX26.1.sdk/System/Library/Frameworks/CoreGraphics.framework/Headers/CGContext.h
/Applications/Xcode.app/Contents/Developer/Platforms/MacOSX.platform/Developer/SDKs/MacOSX26.1.sdk/System/Library/Frameworks/CoreGraphics.framework/Headers/CGColor.h
/Applications/Xcode.app/Contents/Developer/Platforms/MacOSX.platform/Developer/SDKs/MacOSX26.1.sdk/System/Library/Frameworks/CoreGraphics.framework/Headers/CGColorSpace.h
/Applications/Xcode.app/Contents/Developer/Platforms/MacOSX.platform/Developer/SDKs/MacOSX26.1.sdk/System/Library/Frameworks/CoreGraphics.framework/Headers/CGDataProvider.h
/Applications/Xcode.app/Contents/Developer/Platforms/MacOSX.platform/Developer/SDKs/MacOSX26.1.sdk/System/Library/Frameworks/CoreGraphics.framework/Headers/CGPattern.h
/Applications/Xcode.app/Contents/Developer/Platforms/MacOSX.platform/Developer/SDKs/MacOSX26.1.sdk/System/Library/Frameworks/CoreGraphics.framework/Headers/CGFont.h
/Applications/Xcode.app/Contents/Developer/Platforms/MacOSX.platform/Developer/SDKs/MacOSX26.1.sdk/System/Library/Frameworks/CoreGraphics.framework/Headers/CGGradient.h
/Applications/Xcode.app/Contents/Developer/Platforms/MacOSX.platform/Developer/SDKs/MacOSX26.1.sdk/System/Library/Frameworks/CoreGraphics.framework/Headers/CGImage.h
/Applications/Xcode.app/Contents/Developer/Platforms/MacOSX.platform/Developer/SDKs/MacOSX26.1.sdk/System/Library/Frameworks/CoreGraphics.framework/Headers/CGPath.h
/Applications/Xcode.app/Contents/Developer/Platforms/MacOSX.platform/Developer/SDKs/MacOSX26.1.sdk/System/Library/Frameworks/CoreGraphics.framework/Headers/CGPDFDocument.h
/Applications/Xcode.app/Contents/Developer/Platforms/MacOSX.platform/Developer/SDKs/MacOSX26.1.sdk/System/Library/Frameworks/CoreGraphics.framework/Headers/CGPDFPage.h
/Applications/Xcode.app/Contents/Developer/Platforms/MacOSX.platform/Developer/SDKs/MacOSX26.1.sdk/System/Library/Frameworks/CoreGraphics.framework/Headers/CGPDFDictionary.h
/Applications/Xcode.app/Contents/Developer/Platforms/MacOSX.platform/Developer/SDKs/MacOSX26.1.sdk/System/Library/Frameworks/CoreGraphics.framework/Headers/CGPDFArray.h
/Applications/Xcode.app/Contents/Developer/Platforms/MacOSX.platform/Developer/SDKs/MacOSX26.1.sdk/System/Library/Frameworks/CoreGraphics.framework/Headers/CGPDFObject.h
/Applications/Xcode.app/Contents/Developer/Platforms/MacOSX.platform/Developer/SDKs/MacOSX26.1.sdk/System/Library/Frameworks/CoreGraphics.framework/Headers/CGPDFStream.h
/Applications/Xcode.app/Contents/Developer/Platforms/MacOSX.platform/Developer/SDKs/MacOSX26.1.sdk/System/Library/Frameworks/CoreGraphics.framework/Headers/CGPDFString.h
/Applications/Xcode.app/Contents/Developer/Platforms/MacOSX.platform/Developer/SDKs/MacOSX26.1.sdk/System/Library/Frameworks/CoreGraphics.framework/Headers/CGShading.h
/Applications/Xcode.app/Contents/Developer/Platforms/MacOSX.platform/Developer/SDKs/MacOSX26.1.sdk/System/Library/Frameworks/CoreGraphics.framework/Headers/CGFunction.h
/Applications/Xcode.app/Contents/Developer/Platforms/MacOSX.platform/Developer/SDKs/MacOSX26.1.sdk/System/Library/Frameworks/CoreGraphics.framework/Headers/CGToneMapping.h
/Applications/Xcode.app/Contents/Developer/Platforms/MacOSX.platform/Developer/SDKs/MacOSX26.1.sdk/System/Library/Frameworks/CoreGraphics.framework/Headers/CGEXRToneMappingGamma.h
/Applications/Xcode.app/Contents/Developer/Platforms/MacOSX.platform/Developer/SDKs/MacOSX26.1.sdk/System/Library/Frameworks/CoreGraphics.framework/Headers/CGITUToneMapping.h
/Applications/Xcode.app/Contents/Developer/Platforms/MacOSX.platform/Developer/SDKs/MacOSX26.1.sdk/System/Library/Frameworks/CoreGraphics.framework/Headers/CGRenderingBufferProvider.h
/Applications/Xcode.app/Contents/Developer/Platforms/MacOSX.platform/Developer/SDKs/MacOSX26.1.sdk/System/Library/Frameworks/CoreGraphics.framework/Headers/CGColorConversionInfo.h
/Applications/Xcode.app/Contents/Developer/Platforms/MacOSX.platform/Developer/SDKs/MacOSX26.1.sdk/System/Library/Frameworks/CoreGraphics.framework/Headers/CGConvertColorDataWithFormat.h
/Applications/Xcode.app/Contents/Developer/Platforms/MacOSX.platform/Developer/SDKs/MacOSX26.1.sdk/System/Library/Frameworks/CoreGraphics.framework/Headers/CGDataConsumer.h
/Applications/Xcode.app/Contents/Developer/Platforms/MacOSX.platform/Developer/SDKs/MacOSX26.1.sdk/System/Library/Frameworks/CoreGraphics.framework/Headers/CGError.h
/Applications/Xcode.app/Contents/Developer/Platforms/MacOSX.platform/Developer/SDKs/MacOSX26.1.sdk/System/Library/Frameworks/CoreGraphics.framework/Headers/CGLayer.h
/Applications/Xcode.app/Contents/Developer/Platforms/MacOSX.platform/Developer/SDKs/MacOSX26.1.sdk/System/Library/Frameworks/CoreGraphics.framework/Headers/CGPDFContentStream.h
/Applications/Xcode.app/Contents/Developer/Platforms/MacOSX.platform/Developer/SDKs/MacOSX26.1.sdk/System/Library/Frameworks/CoreGraphics.framework/Headers/CGPDFContext.h
/Applications/Xcode.app/Contents/Developer/Platforms/MacOSX.platform/Developer/SDKs/MacOSX26.1.sdk/System/Library/Frameworks/CoreGraphics.framework/Headers/CGPDFOperatorTable.h
/Applications/Xcode.app/Contents/Developer/Platforms/MacOSX.platform/Developer/SDKs/MacOSX26.1.sdk/System/Library/Frameworks/CoreGraphics.framework/Headers/CGPDFScanner.h
/Applications/Xcode.app/Contents/Developer/Platforms/MacOSX.platform/Developer/SDKs/MacOSX26.1.sdk/System/Library/Frameworks/CoreGraphics.framework/Headers/CGDirectDisplay.h
/Applications/Xcode.app/Contents/Developer/Platforms/MacOSX.platform/Developer/SDKs/MacOSX26.1.sdk/System/Library/Frameworks/CoreGraphics.framework/Headers/CGWindow.h
/Applications/Xcode.app/Contents/Developer/Platforms/MacOSX.platform/Developer/SDKs/MacOSX26.1.sdk/System/Library/Frameworks/CoreGraphics.framework/Headers/CGWindowLevel.h
/Applications/Xcode.app/Contents/Developer/Platforms/MacOSX.platform/Developer/SDKs/MacOSX26.1.sdk/System/Library/Frameworks/CoreGraphics.framework/Headers/CGDirectPalette.h
/Applications/Xcode.app/Contents/Developer/Platforms/MacOSX.platform/Developer/SDKs/MacOSX26.1.sdk/System/Library/Frameworks/CoreGraphics.framework/Headers/CGDisplayConfiguration.h
/Applications/Xcode.app/Contents/Developer/Platforms/MacOSX.platform/Developer/SDKs/MacOSX26.1.sdk/System/Library/Frameworks/IOKit.framework/Modules/module.modulemap
/Applications/Xcode.app/Contents/Developer/Platforms/MacOSX.platform/Developer/SDKs/MacOSX26.1.sdk/System/Library/Frameworks/CoreGraphics.framework/Headers/CGDisplayFade.h
/Applications/Xcode.app/Contents/Developer/Platforms/MacOSX.platform/Developer/SDKs/MacOSX26.1.sdk/System/Library/Frameworks/CoreGraphics.framework/Headers/CGDisplayStream.h
/Applications/Xcode.app/Contents/Developer/Platforms/MacOSX.platform/Developer/SDKs/MacOSX26.1.sdk/System/Library/Frameworks/CoreGraphics.framework/Headers/CGEvent.h
/Applications/Xcode.app/Contents/Developer/Platforms/MacOSX.platform/Developer/SDKs/MacOSX26.1.sdk/System/Library/Frameworks/CoreGraphics.framework/Headers/CGEventTypes.h
/Applications/Xcode.app/Contents/Developer/Platforms/MacOSX.platform/Developer/SDKs/MacOSX26.1.sdk/System/Library/Frameworks/CoreGraphics.framework/Headers/CGRemoteOperation.h
/Applications/Xcode.app/Contents/Developer/Platforms/MacOSX.platform/Developer/SDKs/MacOSX26.1.sdk/System/Library/Frameworks/CoreGraphics.framework/Headers/CGEventSource.h
/Applications/Xcode.app/Contents/Developer/Platforms/MacOSX.platform/Developer/SDKs/MacOSX26.1.sdk/System/Library/Frameworks/CoreGraphics.framework/Headers/CGPSConverter.h
/Applications/Xcode.app/Contents/Developer/Platforms/MacOSX.platform/Developer/SDKs/MacOSX26.1.sdk/System/Library/Frameworks/CoreGraphics.framework/Headers/CGSession.h
/Applications/Xcode.app/Contents/Developer/Platforms/MacOSX.platform/Developer/SDKs/MacOSX26.1.sdk/System/Library/Frameworks/CoreGraphics.framework/Headers/CGDirectDisplayMetal.h
/Applications/Xcode.app/Contents/Developer/Platforms/MacOSX.platform/Developer/SDKs/MacOSX26.1.sdk/SDKSettings.json
/Applications/Xcode.app/Contents/Developer/Toolchains/XcodeDefault.xctoolchain/usr/lib/swift/macosx/prebuilt-modules/26.1/CoreGraphics.swiftmodule/arm64e-apple-macos.swiftmodule
/Applications/Xcode.app/Contents/Developer/Platforms/MacOSX.platform/Developer/SDKs/MacOSX26.1.sdk/System/Library/Frameworks/CoreImage.framework/Headers/CoreImage.apinotes
/Applications/Xcode.app/Contents/Developer/Platforms/MacOSX.platform/Developer/SDKs/MacOSX26.1.sdk/System/Library/Frameworks/CoreImage.framework/Modules/module.modulemap
/Applications/Xcode.app/Contents/Developer/Platforms/MacOSX.platform/Developer/SDKs/MacOSX26.1.sdk/System/Library/Frameworks/CoreImage.framework/Headers/CoreImage.h
/Applications/Xcode.app/Contents/Developer/Platforms/MacOSX.platform/Developer/SDKs/MacOSX26.1.sdk/System/Library/Frameworks/CoreImage.framework/Headers/CoreImageDefines.h
/Applications/Xcode.app/Contents/Developer/Platforms/MacOSX.platform/Developer/SDKs/MacOSX26.1.sdk/usr/include/ObjectiveC.modulemap
/Applications/Xcode.app/Contents/Developer/Platforms/MacOSX.platform/Developer/SDKs/MacOSX26.1.sdk/usr/include/DarwinFoundation1.modulemap
/Applications/Xcode.app/Contents/Developer/Toolchains/XcodeDefault.xctoolchain/usr/lib/swift/clang/include/module.modulemap
/Applications/Xcode.app/Contents/Developer/Toolchains/XcodeDefault.xctoolchain/usr/lib/swift/clang/include/stddef.h
/Applications/Xcode.app/Contents/Developer/Platforms/MacOSX.platform/Developer/SDKs/MacOSX26.1.sdk/System/Library/Frameworks/CoreGraphics.framework/Modules/module.modulemap
/Applications/Xcode.app/Contents/Developer/Platforms/MacOSX.platform/Developer/SDKs/MacOSX26.1.sdk/System/Library/Frameworks/Foundation.framework/Modules/module.modulemap
/Applications/Xcode.app/Contents/Developer/Platforms/MacOSX.platform/Developer/SDKs/MacOSX26.1.sdk/System/Library/Frameworks/CoreImage.framework/Headers/CIVector.h
/Applications/Xcode.app/Contents/Developer/Platforms/MacOSX.platform/Developer/SDKs/MacOSX26.1.sdk/System/Library/Frameworks/CoreImage.framework/Headers/CIColor.h
/Applications/Xcode.app/Contents/Developer/Platforms/MacOSX.platform/Developer/SDKs/MacOSX26.1.sdk/System/Library/Frameworks/CoreImage.framework/Headers/CIImage.h
/Applications/Xcode.app/Contents/Developer/Platforms/MacOSX.platform/Developer/SDKs/MacOSX26.1.sdk/System/Library/Frameworks/CoreVideo.framework/Modules/module.modulemap
/Applications/Xcode.app/Contents/Developer/Platforms/MacOSX.platform/Developer/SDKs/MacOSX26.1.sdk/System/Library/Frameworks/ImageIO.framework/Modules/module.modulemap
/Applications/Xcode.app/Contents/Developer/Platforms/MacOSX.platform/Developer/SDKs/MacOSX26.1.sdk/System/Library/Frameworks/IOSurface.framework/Modules/module.modulemap
/Applications/Xcode.app/Contents/Developer/Platforms/MacOSX.platform/Developer/SDKs/MacOSX26.1.sdk/System/Library/Frameworks/CoreImage.framework/Headers/CIContext.h
/Applications/Xcode.app/Contents/Developer/Platforms/MacOSX.platform/Developer/SDKs/MacOSX26.1.sdk/System/Library/Frameworks/OpenGL.framework/Modules/module.modulemap
/Applications/Xcode.app/Contents/Developer/Platforms/MacOSX.platform/Developer/SDKs/MacOSX26.1.sdk/System/Library/Frameworks/CoreImage.framework/Headers/CIFilter.h
/Applications/Xcode.app/Contents/Developer/Platforms/MacOSX.platform/Developer/SDKs/MacOSX26.1.sdk/System/Library/Frameworks/CoreImage.framework/Headers/CIFilterConstructor.h
/Applications/Xcode.app/Contents/Developer/Platforms/MacOSX.platform/Developer/SDKs/MacOSX26.1.sdk/System/Library/Frameworks/CoreImage.framework/Headers/CIKernel.h
/Applications/Xcode.app/Contents/Developer/Platforms/MacOSX.platform/Developer/SDKs/MacOSX26.1.sdk/System/Library/Frameworks/CoreImage.framework/Headers/CIDetector.h
/Applications/Xcode.app/Contents/Developer/Platforms/MacOSX.platform/Developer/SDKs/MacOSX26.1.sdk/System/Library/Frameworks/CoreImage.framework/Headers/CIFeature.h
/Applications/Xcode.app/Contents/Developer/Platforms/MacOSX.platform/Developer/SDKs/MacOSX26.1.sdk/System/Library/Frameworks/CoreImage.framework/Headers/CIImageProvider.h
/Applications/Xcode.app/Contents/Developer/Platforms/MacOSX.platform/Developer/SDKs/MacOSX26.1.sdk/System/Library/Frameworks/CoreImage.framework/Headers/CIImageProcessor.h
/Applications/Xcode.app/Contents/Developer/Platforms/MacOSX.platform/Developer/SDKs/MacOSX26.1.sdk/System/Library/Frameworks/CoreImage.framework/Headers/CIImageAccumulator.h
/Applications/Xcode.app/Contents/Developer/Platforms/MacOSX.platform/Developer/SDKs/MacOSX26.1.sdk/System/Library/Frameworks/CoreImage.framework/Headers/CIFilterShape.h
/Applications/Xcode.app/Contents/Developer/Platforms/MacOSX.platform/Developer/SDKs/MacOSX26.1.sdk/System/Library/Frameworks/CoreImage.framework/Headers/CISampler.h
/Applications/Xcode.app/Contents/Developer/Platforms/MacOSX.platform/Developer/SDKs/MacOSX26.1.sdk/System/Library/Frameworks/CoreImage.framework/Headers/CIRAWFilter.h
/Applications/Xcode.app/Contents/Developer/Platforms/MacOSX.platform/Developer/SDKs/MacOSX26.1.sdk/System/Library/Frameworks/CoreImage.framework/Headers/CIRAWFilter_Deprecated.h
/Applications/Xcode.app/Contents/Developer/Platforms/MacOSX.platform/Developer/SDKs/MacOSX26.1.sdk/System/Library/Frameworks/CoreImage.framework/Headers/CIRenderDestination.h
/Applications/Xcode.app/Contents/Developer/Platforms/MacOSX.platform/Developer/SDKs/MacOSX26.1.sdk/System/Library/Frameworks/Metal.framework/Modules/module.modulemap
/Applications/Xcode.app/Contents/Developer/Platforms/MacOSX.platform/Developer/SDKs/MacOSX26.1.sdk/System/Library/Frameworks/CoreImage.framework/Headers/CIBarcodeDescriptor.h
/Applications/Xcode.app/Contents/Developer/Platforms/MacOSX.platform/Developer/SDKs/MacOSX26.1.sdk/System/Library/Frameworks/CoreImage.framework/Headers/CIFilterGenerator.h
/Applications/Xcode.app/Contents/Developer/Platforms/MacOSX.platform/Developer/SDKs/MacOSX26.1.sdk/System/Library/Frameworks/CoreImage.framework/Headers/CIPlugIn.h
/Applications/Xcode.app/Contents/Developer/Platforms/MacOSX.platform/Developer/SDKs/MacOSX26.1.sdk/System/Library/Frameworks/CoreImage.framework/Headers/CIPlugInInterface.h
/Applications/Xcode.app/Contents/Developer/Platforms/MacOSX.platform/Developer/SDKs/MacOSX26.1.sdk/System/Library/Frameworks/CoreImage.framework/Headers/CIKernelMetalLib.h
/Applications/Xcode.app/Contents/Developer/Platforms/MacOSX.platform/Developer/SDKs/MacOSX26.1.sdk/System/Library/Frameworks/CoreImage.framework/Headers/CIFilterBuiltins.h
/Applications/Xcode.app/Contents/Developer/Platforms/MacOSX.platform/Developer/SDKs/MacOSX26.1.sdk/SDKSettings.json
/Applications/Xcode.app/Contents/Developer/Toolchains/XcodeDefault.xctoolchain/usr/lib/swift/macosx/prebuilt-modules/26.1/CoreImage.swiftmodule/arm64e-apple-macos.swiftmodule
/Applications/Xcode.app/Contents/Developer/Platforms/MacOSX.platform/Developer/SDKs/MacOSX26.1.sdk/System/Library/Frameworks/CoreServices.framework/Modules/module.modulemap
/Applications/Xcode.app/Contents/Developer/Platforms/MacOSX.platform/Developer/SDKs/MacOSX26.1.sdk/System/Library/Frameworks/CoreServices.framework/Headers/CoreServices.h
/Applications/Xcode.app/Contents/Developer/Platforms/MacOSX.platform/Developer/SDKs/MacOSX26.1.sdk/System/Library/Frameworks/CoreFoundation.framework/Modules/module.modulemap
/Applications/Xcode.app/Contents/Developer/Platforms/MacOSX.platform/Developer/SDKs/MacOSX26.1.sdk/System/Library/Frameworks/CoreServices.framework/Frameworks/AE.framework/Headers/AE.h
/Applications/Xcode.app/Contents/Developer/Platforms/MacOSX.platform/Developer/SDKs/MacOSX26.1.sdk/System/Library/Frameworks/CoreServices.framework/Frameworks/CarbonCore.framework/Headers/CarbonCore.h
/Applications/Xcode.app/Contents/Developer/Platforms/MacOSX.platform/Developer/SDKs/MacOSX26.1.sdk/System/Library/Frameworks/CoreServices.framework/Frameworks/CarbonCore.framework/Headers/Finder.h
/Applications/Xcode.app/Contents/Developer/Platforms/MacOSX.platform/Developer/SDKs/MacOSX26.1.sdk/usr/include/dispatch.modulemap
/Applications/Xcode.app/Contents/Developer/Platforms/MacOSX.platform/Developer/SDKs/MacOSX26.1.sdk/usr/include/Darwin.modulemap
/Applications/Xcode.app/Contents/Developer/Platforms/MacOSX.platform/Developer/SDKs/MacOSX26.1.sdk/usr/include/DarwinFoundation2.modulemap
/Applications/Xcode.app/Contents/Developer/Platforms/MacOSX.platform/Developer/SDKs/MacOSX26.1.sdk/usr/include/DarwinFoundation1.modulemap
/Applications/Xcode.app/Contents/Developer/Platforms/MacOSX.platform/Developer/SDKs/MacOSX26.1.sdk/System/Library/Frameworks/CoreServices.framework/Frameworks/CarbonCore.framework/Headers/FixMath.h
/Applications/Xcode.app/Contents/Developer/Platforms/MacOSX.platform/Developer/SDKs/MacOSX26.1.sdk/System/Library/Frameworks/CoreServices.framework/Frameworks/CarbonCore.framework/Headers/Script.h
/Applications/Xcode.app/Contents/Developer/Platforms/MacOSX.platform/Developer/SDKs/MacOSX26.1.sdk/System/Library/Frameworks/CoreServices.framework/Frameworks/CarbonCore.framework/Headers/IntlResources.h
/Applications/Xcode.app/Contents/Developer/Platforms/MacOSX.platform/Developer/SDKs/MacOSX26.1.sdk/System/Library/Frameworks/CoreServices.framework/Frameworks/CarbonCore.framework/Headers/UTCUtils.h
/Applications/Xcode.app/Contents/Developer/Platforms/MacOSX.platform/Developer/SDKs/MacOSX26.1.sdk/System/Library/Frameworks/CoreServices.framework/Frameworks/CarbonCore.framework/Headers/MacErrors.h
/Applications/Xcode.app/Contents/Developer/Platforms/MacOSX.platform/Developer/SDKs/MacOSX26.1.sdk/System/Library/Frameworks/CoreServices.framework/Frameworks/CarbonCore.framework/Headers/TextCommon.h
/Applications/Xcode.app/Contents/Developer/Platforms/MacOSX.platform/Developer/SDKs/MacOSX26.1.sdk/System/Library/Frameworks/CoreServices.framework/Frameworks/CarbonCore.framework/Headers/Collections.h
/Applications/Xcode.app/Contents/Developer/Platforms/MacOSX.platform/Developer/SDKs/MacOSX26.1.sdk/System/Library/Frameworks/CoreServices.framework/Frameworks/CarbonCore.framework/Headers/MixedMode.h
/Applications/Xcode.app/Contents/Developer/Platforms/MacOSX.platform/Developer/SDKs/MacOSX26.1.sdk/System/Library/Frameworks/CoreServices.framework/Frameworks/CarbonCore.framework/Headers/Endian.h
/Applications/Xcode.app/Contents/Developer/Platforms/MacOSX.platform/Developer/SDKs/MacOSX26.1.sdk/System/Library/Frameworks/CoreServices.framework/Frameworks/CarbonCore.framework/Headers/Gestalt.h
/Applications/Xcode.app/Contents/Developer/Platforms/MacOSX.platform/Developer/SDKs/MacOSX26.1.sdk/System/Library/Frameworks/CoreServices.framework/Frameworks/CarbonCore.framework/Headers/MacMemory.h
/Applications/Xcode.app/Contents/Developer/Platforms/MacOSX.platform/Developer/SDKs/MacOSX26.1.sdk/System/Library/Frameworks/CoreServices.framework/Frameworks/CarbonCore.framework/Headers/Math64.h
/Applications/Xcode.app/Contents/Developer/Platforms/MacOSX.platform/Developer/SDKs/MacOSX26.1.sdk/System/Library/Frameworks/CoreServices.framework/Frameworks/CarbonCore.framework/Headers/BackupCore.h
/Applications/Xcode.app/Contents/Developer/Platforms/MacOSX.platform/Developer/SDKs/MacOSX26.1.sdk/System/Library/Frameworks/CoreServices.framework/Frameworks/CarbonCore.framework/Headers/DiskSpaceRecovery.h
/Applications/Xcode.app/Contents/Developer/Platforms/MacOSX.platform/Developer/SDKs/MacOSX26.1.sdk/System/Library/Frameworks/CoreServices.framework/Frameworks/CarbonCore.framework/Headers/Components.h
/Applications/Xcode.app/Contents/Developer/Platforms/MacOSX.platform/Developer/SDKs/MacOSX26.1.sdk/System/Library/Frameworks/CoreServices.framework/Frameworks/CarbonCore.framework/Headers/Files.h
/Applications/Xcode.app/Contents/Developer/Platforms/MacOSX.platform/Developer/SDKs/MacOSX26.1.sdk/System/Library/Frameworks/CoreServices.framework/Frameworks/CarbonCore.framework/Headers/OSUtils.h
/Applications/Xcode.app/Contents/Developer/Platforms/MacOSX.platform/Developer/SDKs/MacOSX26.1.sdk/System/Library/Frameworks/CoreServices.framework/Frameworks/CarbonCore.framework/Headers/DateTimeUtils.h
/Applications/Xcode.app/Contents/Developer/Platforms/MacOSX.platform/Developer/SDKs/MacOSX26.1.sdk/System/Library/Frameworks/DiskArbitration.framework/Modules/module.modulemap
/Applications/Xcode.app/Contents/Developer/Platforms/MacOSX.platform/Developer/SDKs/MacOSX26.1.sdk/System/Library/Frameworks/CoreServices.framework/Frameworks/CarbonCore.framework/Headers/Resources.h
/Applications/Xcode.app/Contents/Developer/Platforms/MacOSX.platform/Developer/SDKs/MacOSX26.1.sdk/System/Library/Frameworks/CoreServices.framework/Frameworks/CarbonCore.framework/Headers/CodeFragments.h
/Applications/Xcode.app/Contents/Developer/Platforms/MacOSX.platform/Developer/SDKs/MacOSX26.1.sdk/System/Library/Frameworks/CoreServices.framework/Frameworks/CarbonCore.framework/Headers/Multiprocessing.h
/Applications/Xcode.app/Contents/Developer/Platforms/MacOSX.platform/Developer/SDKs/MacOSX26.1.sdk/System/Library/Frameworks/CoreServices.framework/Frameworks/CarbonCore.framework/Headers/Aliases.h
/Applications/Xcode.app/Contents/Developer/Platforms/MacOSX.platform/Developer/SDKs/MacOSX26.1.sdk/System/Library/Frameworks/CoreServices.framework/Frameworks/CarbonCore.framework/Headers/MacLocales.h
/Applications/Xcode.app/Contents/Developer/Platforms/MacOSX.platform/Developer/SDKs/MacOSX26.1.sdk/System/Library/Frameworks/CoreServices.framework/Frameworks/CarbonCore.framework/Headers/Debugging.h
/Applications/Xcode.app/Contents/Developer/Platforms/MacOSX.platform/Developer/SDKs/MacOSX26.1.sdk/System/Library/Frameworks/CoreServices.framework/Frameworks/CarbonCore.framework/Headers/PLStringFuncs.h
/Applications/Xcode.app/Contents/Developer/Platforms/MacOSX.platform/Developer/SDKs/MacOSX26.1.sdk/System/Library/Frameworks/CoreServices.framework/Frameworks/CarbonCore.framework/Headers/DriverSynchronization.h
/Applications/Xcode.app/Contents/Developer/Platforms/MacOSX.platform/Developer/SDKs/MacOSX26.1.sdk/System/Library/Frameworks/CoreServices.framework/Frameworks/CarbonCore.framework/Headers/DriverServices.h
/Applications/Xcode.app/Contents/Developer/Platforms/MacOSX.platform/Developer/SDKs/MacOSX26.1.sdk/System/Library/Frameworks/CoreServices.framework/Frameworks/CarbonCore.framework/Headers/MachineExceptions.h
/Applications/Xcode.app/Contents/Developer/Platforms/MacOSX.platform/Developer/SDKs/MacOSX26.1.sdk/System/Library/Frameworks/CoreServices.framework/Frameworks/CarbonCore.framework/Headers/NumberFormatting.h
/Applications/Xcode.app/Contents/Developer/Platforms/MacOSX.platform/Developer/SDKs/MacOSX26.1.sdk/System/Library/Frameworks/CoreServices.framework/Frameworks/CarbonCore.framework/Headers/StringCompare.h
/Applications/Xcode.app/Contents/Developer/Platforms/MacOSX.platform/Developer/SDKs/MacOSX26.1.sdk/System/Library/Frameworks/CoreServices.framework/Frameworks/CarbonCore.framework/Headers/TextUtils.h
/Applications/Xcode.app/Contents/Developer/Platforms/MacOSX.platform/Developer/SDKs/MacOSX26.1.sdk/System/Library/Frameworks/CoreServices.framework/Frameworks/CarbonCore.framework/Headers/ToolUtils.h
/Applications/Xcode.app/Contents/Developer/Platforms/MacOSX.platform/Developer/SDKs/MacOSX26.1.sdk/System/Library/Frameworks/CoreServices.framework/Frameworks/CarbonCore.framework/Headers/UnicodeUtilities.h
/Applications/Xcode.app/Contents/Developer/Platforms/MacOSX.platform/Developer/SDKs/MacOSX26.1.sdk/System/Library/Frameworks/CoreServices.framework/Frameworks/CarbonCore.framework/Headers/fp.h
/Applications/Xcode.app/Contents/Developer/Platforms/MacOSX.platform/Developer/SDKs/MacOSX26.1.sdk/System/Library/Frameworks/CoreServices.framework/Frameworks/CarbonCore.framework/Headers/TextEncodingConverter.h
/Applications/Xcode.app/Contents/Developer/Platforms/MacOSX.platform/Developer/SDKs/MacOSX26.1.sdk/System/Library/Frameworks/CoreServices.framework/Frameworks/CarbonCore.framework/Headers/UnicodeConverter.h
/Applications/Xcode.app/Contents/Developer/Platforms/MacOSX.platform/Developer/SDKs/MacOSX26.1.sdk/System/Library/Frameworks/CoreServices.framework/Frameworks/CarbonCore.framework/Headers/Threads.h
/Applications/Xcode.app/Contents/Developer/Platforms/MacOSX.platform/Developer/SDKs/MacOSX26.1.sdk/System/Library/Frameworks/CoreServices.framework/Frameworks/CarbonCore.framework/Headers/Folders.h
/Applications/Xcode.app/Contents/Developer/Platforms/MacOSX.platform/Developer/SDKs/MacOSX26.1.sdk/System/Library/Frameworks/CoreServices.framework/Frameworks/CarbonCore.framework/Headers/Timer.h
/Applications/Xcode.app/Contents/Developer/Platforms/MacOSX.platform/Developer/SDKs/MacOSX26.1.sdk/System/Library/Frameworks/CoreServices.framework/Frameworks/CarbonCore.framework/Headers/MultiprocessingInfo.h
/Applications/Xcode.app/Contents/Developer/Platforms/MacOSX.platform/Developer/SDKs/MacOSX26.1.sdk/System/Library/Frameworks/CoreServices.framework/Frameworks/CarbonCore.framework/Headers/LowMem.h
/Applications/Xcode.app/Contents/Developer/Platforms/MacOSX.platform/Developer/SDKs/MacOSX26.1.sdk/System/Library/Frameworks/CoreServices.framework/Frameworks/CarbonCore.framework/Headers/AVLTree.h
/Applications/Xcode.app/Contents/Developer/Platforms/MacOSX.platform/Developer/SDKs/MacOSX26.1.sdk/System/Library/Frameworks/CoreServices.framework/Frameworks/CarbonCore.framework/Headers/PEFBinaryFormat.h
/Applications/Xcode.app/Contents/Developer/Platforms/MacOSX.platform/Developer/SDKs/MacOSX26.1.sdk/System/Library/Frameworks/CoreServices.framework/Frameworks/CarbonCore.framework/Headers/HFSVolumes.h
/Applications/Xcode.app/Contents/Developer/Platforms/MacOSX.platform/Developer/SDKs/MacOSX26.1.sdk/System/Library/Frameworks/CoreServices.framework/Frameworks/CarbonCore.framework/Headers/AIFF.h
/Applications/Xcode.app/Contents/Developer/Toolchains/XcodeDefault.xctoolchain/usr/lib/swift/clang/include/module.modulemap
/Applications/Xcode.app/Contents/Developer/Platforms/MacOSX.platform/Developer/SDKs/MacOSX26.1.sdk/System/Library/Frameworks/CoreServices.framework/Frameworks/CarbonCore.framework/Headers/TextEncodingPlugin.h
/Applications/Xcode.app/Contents/Developer/Platforms/MacOSX.platform/Developer/SDKs/MacOSX26.1.sdk/System/Library/Frameworks/CoreServices.framework/Frameworks/AE.framework/Headers/AEDataModel.h
/Applications/Xcode.app/Contents/Developer/Platforms/MacOSX.platform/Developer/SDKs/MacOSX26.1.sdk/System/Library/Frameworks/CoreServices.framework/Frameworks/AE.framework/Headers/AppleEvents.h
/Applications/Xcode.app/Contents/Developer/Platforms/MacOSX.platform/Developer/SDKs/MacOSX26.1.sdk/System/Library/Frameworks/CoreServices.framework/Frameworks/AE.framework/Headers/AEPackObject.h
/Applications/Xcode.app/Contents/Developer/Platforms/MacOSX.platform/Developer/SDKs/MacOSX26.1.sdk/System/Library/Frameworks/CoreServices.framework/Frameworks/AE.framework/Headers/AEObjects.h
/Applications/Xcode.app/Contents/Developer/Platforms/MacOSX.platform/Developer/SDKs/MacOSX26.1.sdk/System/Library/Frameworks/CoreServices.framework/Frameworks/AE.framework/Headers/AERegistry.h
/Applications/Xcode.app/Contents/Developer/Platforms/MacOSX.platform/Developer/SDKs/MacOSX26.1.sdk/System/Library/Frameworks/CoreServices.framework/Frameworks/AE.framework/Headers/AEUserTermTypes.h
/Applications/Xcode.app/Contents/Developer/Platforms/MacOSX.platform/Developer/SDKs/MacOSX26.1.sdk/System/Library/Frameworks/CoreServices.framework/Frameworks/AE.framework/Headers/AEHelpers.h
/Applications/Xcode.app/Contents/Developer/Toolchains/XcodeDefault.xctoolchain/usr/lib/swift/clang/include/stdarg.h
/Applications/Xcode.app/Contents/Developer/Platforms/MacOSX.platform/Developer/SDKs/MacOSX26.1.sdk/System/Library/Frameworks/CoreServices.framework/Frameworks/AE.framework/Headers/AEMach.h
/Applications/Xcode.app/Contents/Developer/Platforms/MacOSX.platform/Developer/SDKs/MacOSX26.1.sdk/System/Library/Frameworks/CFNetwork.framework/Modules/module.modulemap
/Applications/Xcode.app/Contents/Developer/Platforms/MacOSX.platform/Developer/SDKs/MacOSX26.1.sdk/System/Library/Frameworks/CoreServices.framework/Frameworks/DictionaryServices.framework/Headers/DictionaryServices.h
/Applications/Xcode.app/Contents/Developer/Platforms/MacOSX.platform/Developer/SDKs/MacOSX26.1.sdk/System/Library/Frameworks/CoreServices.framework/Frameworks/LaunchServices.framework/Headers/LaunchServices.h
/Applications/Xcode.app/Contents/Developer/Platforms/MacOSX.platform/Developer/SDKs/MacOSX26.1.sdk/System/Library/Frameworks/CoreServices.framework/Frameworks/LaunchServices.framework/Headers/IconsCore.h
/Applications/Xcode.app/Contents/Developer/Platforms/MacOSX.platform/Developer/SDKs/MacOSX26.1.sdk/System/Library/Frameworks/CoreServices.framework/Frameworks/OSServices.framework/Headers/OSServices.h
/Applications/Xcode.app/Contents/Developer/Platforms/MacOSX.platform/Developer/SDKs/MacOSX26.1.sdk/System/Library/Frameworks/CoreServices.framework/Frameworks/OSServices.framework/Headers/CSIdentity.h
/Applications/Xcode.app/Contents/Developer/Platforms/MacOSX.platform/Developer/SDKs/MacOSX26.1.sdk/System/Library/Frameworks/CoreServices.framework/Frameworks/OSServices.framework/Headers/CSIdentityBase.h
/Applications/Xcode.app/Contents/Developer/Platforms/MacOSX.platform/Developer/SDKs/MacOSX26.1.sdk/System/Library/Frameworks/Security.framework/Modules/module.modulemap
/Applications/Xcode.app/Contents/Developer/Platforms/MacOSX.platform/Developer/SDKs/MacOSX26.1.sdk/System/Library/Frameworks/CoreServices.framework/Frameworks/OSServices.framework/Headers/CSIdentityAuthority.h
/Applications/Xcode.app/Contents/Developer/Platforms/MacOSX.platform/Developer/SDKs/MacOSX26.1.sdk/System/Library/Frameworks/CoreServices.framework/Frameworks/OSServices.framework/Headers/CSIdentityQuery.h
/Applications/Xcode.app/Contents/Developer/Platforms/MacOSX.platform/Developer/SDKs/MacOSX26.1.sdk/System/Library/Frameworks/CoreServices.framework/Frameworks/OSServices.framework/Headers/IconStorage.h
/Applications/Xcode.app/Contents/Developer/Platforms/MacOSX.platform/Developer/SDKs/MacOSX26.1.sdk/System/Library/Frameworks/CoreServices.framework/Frameworks/OSServices.framework/Headers/Power.h
/Applications/Xcode.app/Contents/Developer/Platforms/MacOSX.platform/Developer/SDKs/MacOSX26.1.sdk/System/Library/Frameworks/CoreServices.framework/Frameworks/OSServices.framework/Headers/SecurityCore.h
/Applications/Xcode.app/Contents/Developer/Platforms/MacOSX.platform/Developer/SDKs/MacOSX26.1.sdk/System/Library/Frameworks/CoreServices.framework/Frameworks/OSServices.framework/Headers/KeychainCore.h
/Applications/Xcode.app/Contents/Developer/Platforms/MacOSX.platform/Developer/SDKs/MacOSX26.1.sdk/System/Library/Frameworks/CoreServices.framework/Frameworks/OSServices.framework/Headers/WSMethodInvocation.h
/Applications/Xcode.app/Contents/Developer/Platforms/MacOSX.platform/Developer/SDKs/MacOSX26.1.sdk/System/Library/Frameworks/CoreServices.framework/Frameworks/OSServices.framework/Headers/WSTypes.h
/Applications/Xcode.app/Contents/Developer/Platforms/MacOSX.platform/Developer/SDKs/MacOSX26.1.sdk/System/Library/Frameworks/CoreServices.framework/Frameworks/OSServices.framework/Headers/WSProtocolHandler.h
/Applications/Xcode.app/Contents/Developer/Platforms/MacOSX.platform/Developer/SDKs/MacOSX26.1.sdk/System/Library/Frameworks/CoreServices.framework/Frameworks/LaunchServices.framework/Headers/LSConstants.h
/Applications/Xcode.app/Contents/Developer/Platforms/MacOSX.platform/Developer/SDKs/MacOSX26.1.sdk/System/Library/Frameworks/CoreServices.framework/Frameworks/LaunchServices.framework/Headers/LSInfo.h
/Applications/Xcode.app/Contents/Developer/Platforms/MacOSX.platform/Developer/SDKs/MacOSX26.1.sdk/System/Library/Frameworks/CoreServices.framework/Frameworks/LaunchServices.framework/Headers/LSInfoDeprecated.h
/Applications/Xcode.app/Contents/Developer/Platforms/MacOSX.platform/Developer/SDKs/MacOSX26.1.sdk/System/Library/Frameworks/CoreServices.framework/Frameworks/LaunchServices.framework/Headers/LSOpen.h
/Applications/Xcode.app/Contents/Developer/Platforms/MacOSX.platform/Developer/SDKs/MacOSX26.1.sdk/System/Library/Frameworks/CoreServices.framework/Frameworks/LaunchServices.framework/Headers/LSOpenDeprecated.h
/Applications/Xcode.app/Contents/Developer/Platforms/MacOSX.platform/Developer/SDKs/MacOSX26.1.sdk/System/Library/Frameworks/CoreServices.framework/Frameworks/LaunchServices.framework/Headers/LSQuarantine.h
/Applications/Xcode.app/Contents/Developer/Platforms/MacOSX.platform/Developer/SDKs/MacOSX26.1.sdk/System/Library/Frameworks/CoreServices.framework/Frameworks/LaunchServices.framework/Headers/UTCoreTypes.h
/Applications/Xcode.app/Contents/Developer/Platforms/MacOSX.platform/Developer/SDKs/MacOSX26.1.sdk/System/Library/Frameworks/CoreServices.framework/Frameworks/LaunchServices.framework/Headers/UTType.h
/Applications/Xcode.app/Contents/Developer/Platforms/MacOSX.platform/Developer/SDKs/MacOSX26.1.sdk/System/Library/Frameworks/CoreServices.framework/Frameworks/Metadata.framework/Headers/Metadata.h
/Applications/Xcode.app/Contents/Developer/Platforms/MacOSX.platform/Developer/SDKs/MacOSX26.1.sdk/System/Library/Frameworks/CoreServices.framework/Frameworks/Metadata.framework/Headers/MDItem.h
/Applications/Xcode.app/Contents/Developer/Platforms/MacOSX.platform/Developer/SDKs/MacOSX26.1.sdk/System/Library/Frameworks/CoreServices.framework/Frameworks/Metadata.framework/Headers/MDLabel.h
/Applications/Xcode.app/Contents/Developer/Platforms/MacOSX.platform/Developer/SDKs/MacOSX26.1.sdk/System/Library/Frameworks/CoreServices.framework/Frameworks/Metadata.framework/Headers/MDQuery.h
/Applications/Xcode.app/Contents/Developer/Platforms/MacOSX.platform/Developer/SDKs/MacOSX26.1.sdk/System/Library/Frameworks/CoreServices.framework/Frameworks/Metadata.framework/Headers/MDSchema.h
/Applications/Xcode.app/Contents/Developer/Platforms/MacOSX.platform/Developer/SDKs/MacOSX26.1.sdk/System/Library/Frameworks/CoreServices.framework/Frameworks/Metadata.framework/Headers/MDImporter.h
/Applications/Xcode.app/Contents/Developer/Platforms/MacOSX.platform/Developer/SDKs/MacOSX26.1.sdk/System/Library/Frameworks/CoreServices.framework/Frameworks/SearchKit.framework/Headers/SearchKit.h
/Applications/Xcode.app/Contents/Developer/Platforms/MacOSX.platform/Developer/SDKs/MacOSX26.1.sdk/System/Library/Frameworks/CoreServices.framework/Frameworks/SearchKit.framework/Headers/SKDocument.h
/Applications/Xcode.app/Contents/Developer/Platforms/MacOSX.platform/Developer/SDKs/MacOSX26.1.sdk/System/Library/Frameworks/CoreServices.framework/Frameworks/SearchKit.framework/Headers/SKAnalysis.h
/Applications/Xcode.app/Contents/Developer/Platforms/MacOSX.platform/Developer/SDKs/MacOSX26.1.sdk/System/Library/Frameworks/CoreServices.framework/Frameworks/SearchKit.framework/Headers/SKIndex.h
/Applications/Xcode.app/Contents/Developer/Platforms/MacOSX.platform/Developer/SDKs/MacOSX26.1.sdk/System/Library/Frameworks/CoreServices.framework/Frameworks/SearchKit.framework/Headers/SKSearch.h
/Applications/Xcode.app/Contents/Developer/Platforms/MacOSX.platform/Developer/SDKs/MacOSX26.1.sdk/System/Library/Frameworks/CoreServices.framework/Frameworks/SearchKit.framework/Headers/SKSummary.h
/Applications/Xcode.app/Contents/Developer/Platforms/MacOSX.platform/Developer/SDKs/MacOSX26.1.sdk/System/Library/Frameworks/CoreServices.framework/Frameworks/FSEvents.framework/Headers/FSEvents.h
/Applications/Xcode.app/Contents/Developer/Platforms/MacOSX.platform/Developer/SDKs/MacOSX26.1.sdk/System/Library/Frameworks/CoreServices.framework/Frameworks/SharedFileList.framework/Headers/SharedFileList.h
/Applications/Xcode.app/Contents/Developer/Platforms/MacOSX.platform/Developer/SDKs/MacOSX26.1.sdk/System/Library/Frameworks/CoreServices.framework/Frameworks/SharedFileList.framework/Headers/LSSharedFileList.h
/Applications/Xcode.app/Contents/Developer/Platforms/MacOSX.platform/Developer/SDKs/MacOSX26.1.sdk/SDKSettings.json
/Applications/Xcode.app/Contents/Developer/Toolchains/XcodeDefault.xctoolchain/usr/lib/swift/macosx/prebuilt-modules/26.1/CoreText.swiftmodule/arm64e-apple-macos.swiftmodule
/Applications/Xcode.app/Contents/Developer/Platforms/MacOSX.platform/Developer/SDKs/MacOSX26.1.sdk/System/Library/Frameworks/CoreText.framework/Headers/CoreText.apinotes
/Applications/Xcode.app/Contents/Developer/Platforms/MacOSX.platform/Developer/SDKs/MacOSX26.1.sdk/System/Library/Frameworks/CoreText.framework/Modules/module.modulemap
/Applications/Xcode.app/Contents/Developer/Platforms/MacOSX.platform/Developer/SDKs/MacOSX26.1.sdk/System/Library/Frameworks/CoreText.framework/Headers/CoreText.h
/Applications/Xcode.app/Contents/Developer/Platforms/MacOSX.platform/Developer/SDKs/MacOSX26.1.sdk/System/Library/Frameworks/CoreText.framework/Headers/CTFont.h
/Applications/Xcode.app/Contents/Developer/Platforms/MacOSX.platform/Developer/SDKs/MacOSX26.1.sdk/System/Library/Frameworks/CoreText.framework/Headers/CTFontDescriptor.h
/Applications/Xcode.app/Contents/Developer/Platforms/MacOSX.platform/Developer/SDKs/MacOSX26.1.sdk/System/Library/Frameworks/CoreText.framework/Headers/CTFontTraits.h
/Applications/Xcode.app/Contents/Developer/Platforms/MacOSX.platform/Developer/SDKs/MacOSX26.1.sdk/System/Library/Frameworks/CoreText.framework/Headers/CTDefines.h
/Applications/Xcode.app/Contents/Developer/Platforms/MacOSX.platform/Developer/SDKs/MacOSX26.1.sdk/usr/include/Darwin.modulemap
/Applications/Xcode.app/Contents/Developer/Platforms/MacOSX.platform/Developer/SDKs/MacOSX26.1.sdk/usr/include/Darwin_C.modulemap
/Applications/Xcode.app/Contents/Developer/Platforms/MacOSX.platform/Developer/SDKs/MacOSX26.1.sdk/usr/include/Darwin_POSIX.modulemap
/Applications/Xcode.app/Contents/Developer/Platforms/MacOSX.platform/Developer/SDKs/MacOSX26.1.sdk/usr/include/net.modulemap
/Applications/Xcode.app/Contents/Developer/Platforms/MacOSX.platform/Developer/SDKs/MacOSX26.1.sdk/usr/include/netinet.modulemap
/Applications/Xcode.app/Contents/Developer/Platforms/MacOSX.platform/Developer/SDKs/MacOSX26.1.sdk/usr/include/bank.modulemap
/Applications/Xcode.app/Contents/Developer/Platforms/MacOSX.platform/Developer/SDKs/MacOSX26.1.sdk/usr/include/Darwin_Mach.modulemap
/Applications/Xcode.app/Contents/Developer/Platforms/MacOSX.platform/Developer/SDKs/MacOSX26.1.sdk/usr/include/Darwin_Mach_machine.modulemap
/Applications/Xcode.app/Contents/Developer/Platforms/MacOSX.platform/Developer/SDKs/MacOSX26.1.sdk/usr/include/mach_debug.modulemap
/Applications/Xcode.app/Contents/Developer/Platforms/MacOSX.platform/Developer/SDKs/MacOSX26.1.sdk/usr/include/device.modulemap
/Applications/Xcode.app/Contents/Developer/Platforms/MacOSX.platform/Developer/SDKs/MacOSX26.1.sdk/usr/include/Darwin_machine.modulemap
/Applications/Xcode.app/Contents/Developer/Platforms/MacOSX.platform/Developer/SDKs/MacOSX26.1.sdk/usr/include/ncurses.modulemap
/Applications/Xcode.app/Contents/Developer/Platforms/MacOSX.platform/Developer/SDKs/MacOSX26.1.sdk/usr/include/netinet6.modulemap
/Applications/Xcode.app/Contents/Developer/Platforms/MacOSX.platform/Developer/SDKs/MacOSX26.1.sdk/usr/include/Darwin_sys.modulemap
/Applications/Xcode.app/Contents/Developer/Platforms/MacOSX.platform/Developer/SDKs/MacOSX26.1.sdk/usr/include/uuid.modulemap
/Applications/Xcode.app/Contents/Developer/Platforms/MacOSX.platform/Developer/SDKs/MacOSX26.1.sdk/usr/include/DarwinFoundation1.modulemap
/Applications/Xcode.app/Contents/Developer/Platforms/MacOSX.platform/Developer/SDKs/MacOSX26.1.sdk/System/Library/Frameworks/CoreFoundation.framework/Modules/module.modulemap
/Applications/Xcode.app/Contents/Developer/Platforms/MacOSX.platform/Developer/SDKs/MacOSX26.1.sdk/System/Library/Frameworks/CoreGraphics.framework/Modules/module.modulemap
/Applications/Xcode.app/Contents/Developer/Platforms/MacOSX.platform/Developer/SDKs/MacOSX26.1.sdk/System/Library/Frameworks/CoreText.framework/Headers/CTFontCollection.h
/Applications/Xcode.app/Contents/Developer/Platforms/MacOSX.platform/Developer/SDKs/MacOSX26.1.sdk/System/Library/Frameworks/CoreText.framework/Headers/CTFontManager.h
/Applications/Xcode.app/Contents/Developer/Platforms/MacOSX.platform/Developer/SDKs/MacOSX26.1.sdk/System/Library/Frameworks/CoreText.framework/Headers/CTFontManagerErrors.h
/Applications/Xcode.app/Contents/Developer/Platforms/MacOSX.platform/Developer/SDKs/MacOSX26.1.sdk/System/Library/Frameworks/CoreText.framework/Headers/CTFrame.h
/Applications/Xcode.app/Contents/Developer/Platforms/MacOSX.platform/Developer/SDKs/MacOSX26.1.sdk/System/Library/Frameworks/CoreText.framework/Headers/CTFramesetter.h
/Applications/Xcode.app/Contents/Developer/Platforms/MacOSX.platform/Developer/SDKs/MacOSX26.1.sdk/System/Library/Frameworks/CoreText.framework/Headers/CTTypesetter.h
/Applications/Xcode.app/Contents/Developer/Platforms/MacOSX.platform/Developer/SDKs/MacOSX26.1.sdk/System/Library/Frameworks/CoreText.framework/Headers/CTLine.h
/Applications/Xcode.app/Contents/Developer/Platforms/MacOSX.platform/Developer/SDKs/MacOSX26.1.sdk/System/Library/Frameworks/CoreText.framework/Headers/CTGlyphInfo.h
/Applications/Xcode.app/Contents/Developer/Platforms/MacOSX.platform/Developer/SDKs/MacOSX26.1.sdk/System/Library/Frameworks/CoreText.framework/Headers/CTParagraphStyle.h
/Applications/Xcode.app/Contents/Developer/Platforms/MacOSX.platform/Developer/SDKs/MacOSX26.1.sdk/System/Library/Frameworks/CoreText.framework/Headers/CTRubyAnnotation.h
/Applications/Xcode.app/Contents/Developer/Platforms/MacOSX.platform/Developer/SDKs/MacOSX26.1.sdk/System/Library/Frameworks/CoreText.framework/Headers/CTRun.h
/Applications/Xcode.app/Contents/Developer/Platforms/MacOSX.platform/Developer/SDKs/MacOSX26.1.sdk/System/Library/Frameworks/CoreText.framework/Headers/CTRunDelegate.h
/Applications/Xcode.app/Contents/Developer/Platforms/MacOSX.platform/Developer/SDKs/MacOSX26.1.sdk/System/Library/Frameworks/CoreText.framework/Headers/CTStringAttributes.h
/Applications/Xcode.app/Contents/Developer/Platforms/MacOSX.platform/Developer/SDKs/MacOSX26.1.sdk/System/Library/Frameworks/CoreText.framework/Headers/CTTextTab.h
/Applications/Xcode.app/Contents/Developer/Platforms/MacOSX.platform/Developer/SDKs/MacOSX26.1.sdk/System/Library/Frameworks/CoreText.framework/Headers/SFNTLayoutTypes.h
/Applications/Xcode.app/Contents/Developer/Platforms/MacOSX.platform/Developer/SDKs/MacOSX26.1.sdk/System/Library/Frameworks/CoreText.framework/Headers/SFNTTypes.h
/Applications/Xcode.app/Contents/Developer/Platforms/MacOSX.platform/Developer/SDKs/MacOSX26.1.sdk/SDKSettings.json
/Applications/Xcode.app/Contents/Developer/Toolchains/XcodeDefault.xctoolchain/usr/lib/swift/macosx/prebuilt-modules/26.1/CoreTransferable.swiftmodule/arm64e-apple-macos.swiftmodule
/Applications/Xcode.app/Contents/Developer/Platforms/MacOSX.platform/Developer/SDKs/MacOSX26.1.sdk/System/Library/Frameworks/CoreTransferable.framework/Modules/module.modulemap
/Applications/Xcode.app/Contents/Developer/Platforms/MacOSX.platform/Developer/SDKs/MacOSX26.1.sdk/System/Library/Frameworks/CoreTransferable.framework/Headers/CoreTransferable.h
/Applications/Xcode.app/Contents/Developer/Platforms/MacOSX.platform/Developer/SDKs/MacOSX26.1.sdk/System/Library/Frameworks/Foundation.framework/Modules/module.modulemap
/Applications/Xcode.app/Contents/Developer/Platforms/MacOSX.platform/Developer/SDKs/MacOSX26.1.sdk/SDKSettings.json
/Applications/Xcode.app/Contents/Developer/Toolchains/XcodeDefault.xctoolchain/usr/lib/swift/macosx/prebuilt-modules/26.1/CoreVideo.swiftmodule/arm64e-apple-macos.swiftmodule
/Applications/Xcode.app/Contents/Developer/Platforms/MacOSX.platform/Developer/SDKs/MacOSX26.1.sdk/System/Library/Frameworks/CoreVideo.framework/Modules/module.modulemap
/Applications/Xcode.app/Contents/Developer/Platforms/MacOSX.platform/Developer/SDKs/MacOSX26.1.sdk/System/Library/Frameworks/CoreVideo.framework/Headers/CoreVideo.h
/Applications/Xcode.app/Contents/Developer/Platforms/MacOSX.platform/Developer/SDKs/MacOSX26.1.sdk/usr/include/DarwinFoundation1.modulemap
/Applications/Xcode.app/Contents/Developer/Platforms/MacOSX.platform/Developer/SDKs/MacOSX26.1.sdk/System/Library/Frameworks/CoreVideo.framework/Headers/CVReturn.h
/Applications/Xcode.app/Contents/Developer/Platforms/MacOSX.platform/Developer/SDKs/MacOSX26.1.sdk/System/Library/Frameworks/CoreVideo.framework/Headers/CVBase.h
/Applications/Xcode.app/Contents/Developer/Toolchains/XcodeDefault.xctoolchain/usr/lib/swift/clang/include/module.modulemap
/Applications/Xcode.app/Contents/Developer/Platforms/MacOSX.platform/Developer/SDKs/MacOSX26.1.sdk/System/Library/Frameworks/CoreFoundation.framework/Modules/module.modulemap
/Applications/Xcode.app/Contents/Developer/Platforms/MacOSX.platform/Developer/SDKs/MacOSX26.1.sdk/System/Library/Frameworks/CoreVideo.framework/Headers/CVHostTime.h
/Applications/Xcode.app/Contents/Developer/Platforms/MacOSX.platform/Developer/SDKs/MacOSX26.1.sdk/System/Library/Frameworks/CoreVideo.framework/Headers/CVDisplayLink.h
/Applications/Xcode.app/Contents/Developer/Platforms/MacOSX.platform/Developer/SDKs/MacOSX26.1.sdk/System/Library/Frameworks/CoreGraphics.framework/Modules/module.modulemap
/Applications/Xcode.app/Contents/Developer/Platforms/MacOSX.platform/Developer/SDKs/MacOSX26.1.sdk/System/Library/Frameworks/OpenGL.framework/Modules/module.modulemap
/Applications/Xcode.app/Contents/Developer/Platforms/MacOSX.platform/Developer/SDKs/MacOSX26.1.sdk/System/Library/Frameworks/CoreVideo.framework/Headers/CVBuffer.h
/Applications/Xcode.app/Contents/Developer/Toolchains/XcodeDefault.xctoolchain/usr/lib/swift/clang/include/stddef.h
/Applications/Xcode.app/Contents/Developer/Platforms/MacOSX.platform/Developer/SDKs/MacOSX26.1.sdk/System/Library/Frameworks/CoreVideo.framework/Headers/CVPixelBuffer.h
/Applications/Xcode.app/Contents/Developer/Platforms/MacOSX.platform/Developer/SDKs/MacOSX26.1.sdk/System/Library/Frameworks/CoreVideo.framework/Headers/CVImageBuffer.h
/Applications/Xcode.app/Contents/Developer/Platforms/MacOSX.platform/Developer/SDKs/MacOSX26.1.sdk/System/Library/Frameworks/ApplicationServices.framework/Modules/module.modulemap
/Applications/Xcode.app/Contents/Developer/Platforms/MacOSX.platform/Developer/SDKs/MacOSX26.1.sdk/System/Library/Frameworks/CoreVideo.framework/Headers/CVPixelBufferIOSurface.h
/Applications/Xcode.app/Contents/Developer/Platforms/MacOSX.platform/Developer/SDKs/MacOSX26.1.sdk/System/Library/Frameworks/IOSurface.framework/Modules/module.modulemap
/Applications/Xcode.app/Contents/Developer/Platforms/MacOSX.platform/Developer/SDKs/MacOSX26.1.sdk/System/Library/Frameworks/CoreVideo.framework/Headers/CVPixelBufferPool.h
/Applications/Xcode.app/Contents/Developer/Platforms/MacOSX.platform/Developer/SDKs/MacOSX26.1.sdk/System/Library/Frameworks/CoreVideo.framework/Headers/CVOpenGLBuffer.h
/Applications/Xcode.app/Contents/Developer/Platforms/MacOSX.platform/Developer/SDKs/MacOSX26.1.sdk/System/Library/Frameworks/CoreVideo.framework/Headers/CVOpenGLBufferPool.h
/Applications/Xcode.app/Contents/Developer/Platforms/MacOSX.platform/Developer/SDKs/MacOSX26.1.sdk/System/Library/Frameworks/CoreVideo.framework/Headers/CVOpenGLTexture.h
/Applications/Xcode.app/Contents/Developer/Platforms/MacOSX.platform/Developer/SDKs/MacOSX26.1.sdk/System/Library/Frameworks/CoreVideo.framework/Headers/CVOpenGLTextureCache.h
/Applications/Xcode.app/Contents/Developer/Platforms/MacOSX.platform/Developer/SDKs/MacOSX26.1.sdk/System/Library/Frameworks/CoreVideo.framework/Headers/CVPixelFormatDescription.h
/Applications/Xcode.app/Contents/Developer/Platforms/MacOSX.platform/Developer/SDKs/MacOSX26.1.sdk/System/Library/Frameworks/CoreVideo.framework/Headers/CVMetalTexture.h
/Applications/Xcode.app/Contents/Developer/Platforms/MacOSX.platform/Developer/SDKs/MacOSX26.1.sdk/System/Library/Frameworks/CoreVideo.framework/Headers/CVMetalTextureCache.h
/Applications/Xcode.app/Contents/Developer/Platforms/MacOSX.platform/Developer/SDKs/MacOSX26.1.sdk/System/Library/Frameworks/Metal.framework/Modules/module.modulemap
/Applications/Xcode.app/Contents/Developer/Platforms/MacOSX.platform/Developer/SDKs/MacOSX26.1.sdk/System/Library/Frameworks/CoreVideo.framework/Headers/CVMetalBuffer.h
/Applications/Xcode.app/Contents/Developer/Platforms/MacOSX.platform/Developer/SDKs/MacOSX26.1.sdk/System/Library/Frameworks/CoreVideo.framework/Headers/CVMetalBufferCache.h
/Applications/Xcode.app/Contents/Developer/Platforms/MacOSX.platform/Developer/SDKs/MacOSX26.1.sdk/SDKSettings.json
/Applications/Xcode.app/Contents/Developer/Toolchains/XcodeDefault.xctoolchain/usr/lib/swift/macosx/prebuilt-modules/26.1/CryptoKit.swiftmodule/arm64e-apple-macos.swiftmodule
/Applications/Xcode.app/Contents/Developer/Platforms/MacOSX.platform/Developer/SDKs/MacOSX26.1.sdk/usr/include/Darwin.modulemap
/Applications/Xcode.app/Contents/Developer/Platforms/MacOSX.platform/Developer/SDKs/MacOSX26.1.sdk/usr/include/Darwin_C.modulemap
/Applications/Xcode.app/Contents/Developer/Platforms/MacOSX.platform/Developer/SDKs/MacOSX26.1.sdk/usr/include/Darwin_POSIX.modulemap
/Applications/Xcode.app/Contents/Developer/Platforms/MacOSX.platform/Developer/SDKs/MacOSX26.1.sdk/usr/include/net.modulemap
/Applications/Xcode.app/Contents/Developer/Platforms/MacOSX.platform/Developer/SDKs/MacOSX26.1.sdk/usr/include/netinet.modulemap
/Applications/Xcode.app/Contents/Developer/Platforms/MacOSX.platform/Developer/SDKs/MacOSX26.1.sdk/usr/include/bank.modulemap
/Applications/Xcode.app/Contents/Developer/Platforms/MacOSX.platform/Developer/SDKs/MacOSX26.1.sdk/usr/include/Darwin_Mach.modulemap
/Applications/Xcode.app/Contents/Developer/Platforms/MacOSX.platform/Developer/SDKs/MacOSX26.1.sdk/usr/include/Darwin_Mach_machine.modulemap
/Applications/Xcode.app/Contents/Developer/Platforms/MacOSX.platform/Developer/SDKs/MacOSX26.1.sdk/usr/include/mach_debug.modulemap
/Applications/Xcode.app/Contents/Developer/Platforms/MacOSX.platform/Developer/SDKs/MacOSX26.1.sdk/usr/include/device.modulemap
/Applications/Xcode.app/Contents/Developer/Platforms/MacOSX.platform/Developer/SDKs/MacOSX26.1.sdk/usr/include/Darwin_machine.modulemap
/Applications/Xcode.app/Contents/Developer/Platforms/MacOSX.platform/Developer/SDKs/MacOSX26.1.sdk/usr/include/ncurses.modulemap
/Applications/Xcode.app/Contents/Developer/Platforms/MacOSX.platform/Developer/SDKs/MacOSX26.1.sdk/usr/include/netinet6.modulemap
/Applications/Xcode.app/Contents/Developer/Platforms/MacOSX.platform/Developer/SDKs/MacOSX26.1.sdk/usr/include/Darwin_sys.modulemap
/Applications/Xcode.app/Contents/Developer/Platforms/MacOSX.platform/Developer/SDKs/MacOSX26.1.sdk/usr/include/uuid.modulemap
/Applications/Xcode.app/Contents/Developer/Platforms/MacOSX.platform/Developer/SDKs/MacOSX26.1.sdk/usr/include/DarwinFoundation2.modulemap
/Applications/Xcode.app/Contents/Developer/Platforms/MacOSX.platform/Developer/SDKs/MacOSX26.1.sdk/usr/include/DarwinFoundation3.modulemap
/Applications/Xcode.app/Contents/Developer/Platforms/MacOSX.platform/Developer/SDKs/MacOSX26.1.sdk/usr/include/DarwinFoundation1.modulemap
/Applications/Xcode.app/Contents/Developer/Platforms/MacOSX.platform/Developer/SDKs/MacOSX26.1.sdk/usr/include/copyfile.h
/Applications/Xcode.app/Contents/Developer/Toolchains/XcodeDefault.xctoolchain/usr/lib/swift/clang/include/module.modulemap
/Applications/Xcode.app/Contents/Developer/Platforms/MacOSX.platform/Developer/SDKs/MacOSX26.1.sdk/usr/include/err.h
/Applications/Xcode.app/Contents/Developer/Platforms/MacOSX.platform/Developer/SDKs/MacOSX26.1.sdk/usr/include/readpassphrase.h
/Applications/Xcode.app/Contents/Developer/Platforms/MacOSX.platform/Developer/SDKs/MacOSX26.1.sdk/usr/include/util.h
/Applications/Xcode.app/Contents/Developer/Platforms/MacOSX.platform/Developer/SDKs/MacOSX26.1.sdk/usr/include/sys/ttycom.h
/Applications/Xcode.app/Contents/Developer/Platforms/MacOSX.platform/Developer/SDKs/MacOSX26.1.sdk/usr/include/sys/ioccom.h
/Applications/Xcode.app/Contents/Developer/Platforms/MacOSX.platform/Developer/SDKs/MacOSX26.1.sdk/usr/include/stdio.h
/Applications/Xcode.app/Contents/Developer/Platforms/MacOSX.platform/Developer/SDKs/MacOSX26.1.sdk/usr/include/pwd.h
/Applications/Xcode.app/Contents/Developer/Platforms/MacOSX.platform/Developer/SDKs/MacOSX26.1.sdk/usr/include/uuid/uuid.h
/Applications/Xcode.app/Contents/Developer/Platforms/MacOSX.platform/Developer/SDKs/MacOSX26.1.sdk/usr/include/termios.h
/Applications/Xcode.app/Contents/Developer/Platforms/MacOSX.platform/Developer/SDKs/MacOSX26.1.sdk/usr/include/sys/termios.h
/Applications/Xcode.app/Contents/Developer/Platforms/MacOSX.platform/Developer/SDKs/MacOSX26.1.sdk/usr/include/sys/ttydefaults.h
/Applications/Xcode.app/Contents/Developer/Platforms/MacOSX.platform/Developer/SDKs/MacOSX26.1.sdk/usr/include/utmp.h
/Applications/Xcode.app/Contents/Developer/Platforms/MacOSX.platform/Developer/SDKs/MacOSX26.1.sdk/usr/include/xattr_flags.h
/Applications/Xcode.app/Contents/Developer/Platforms/MacOSX.platform/Developer/SDKs/MacOSX26.1.sdk/usr/include/_modules/_darwin_c_ctype.h
/Applications/Xcode.app/Contents/Developer/Platforms/MacOSX.platform/Developer/SDKs/MacOSX26.1.sdk/usr/include/ctype.h
/Applications/Xcode.app/Contents/Developer/Platforms/MacOSX.platform/Developer/SDKs/MacOSX26.1.sdk/usr/include/_modules/_darwin_c_errno.h
/Applications/Xcode.app/Contents/Developer/Platforms/MacOSX.platform/Developer/SDKs/MacOSX26.1.sdk/usr/include/_modules/_darwin_c_inttypes.h
/Applications/Xcode.app/Contents/Developer/Platforms/MacOSX.platform/Developer/SDKs/MacOSX26.1.sdk/usr/include/_modules/_darwin_c_limits.h
/Applications/Xcode.app/Contents/Developer/Platforms/MacOSX.platform/Developer/SDKs/MacOSX26.1.sdk/usr/include/_modules/_darwin_c_signal.h
/Applications/Xcode.app/Contents/Developer/Platforms/MacOSX.platform/Developer/SDKs/MacOSX26.1.sdk/usr/include/_modules/_darwin_c_stdarg.h
/Applications/Xcode.app/Contents/Developer/Toolchains/XcodeDefault.xctoolchain/usr/lib/swift/clang/include/stdarg.h
/Applications/Xcode.app/Contents/Developer/Platforms/MacOSX.platform/Developer/SDKs/MacOSX26.1.sdk/usr/include/_modules/_darwin_c_stdbool.h
/Applications/Xcode.app/Contents/Developer/Platforms/MacOSX.platform/Developer/SDKs/MacOSX26.1.sdk/usr/include/_modules/_darwin_c_stddef.h
/Applications/Xcode.app/Contents/Developer/Toolchains/XcodeDefault.xctoolchain/usr/lib/swift/clang/include/stddef.h
/Applications/Xcode.app/Contents/Developer/Platforms/MacOSX.platform/Developer/SDKs/MacOSX26.1.sdk/usr/include/_modules/_darwin_c_stdint.h
/Applications/Xcode.app/Contents/Developer/Platforms/MacOSX.platform/Developer/SDKs/MacOSX26.1.sdk/usr/include/_modules/_darwin_c_stdio.h
/Applications/Xcode.app/Contents/Developer/Platforms/MacOSX.platform/Developer/SDKs/MacOSX26.1.sdk/usr/include/_modules/_darwin_c_stdlib.h
/Applications/Xcode.app/Contents/Developer/Platforms/MacOSX.platform/Developer/SDKs/MacOSX26.1.sdk/usr/include/stdlib.h
/Applications/Xcode.app/Contents/Developer/Platforms/MacOSX.platform/Developer/SDKs/MacOSX26.1.sdk/usr/include/_modules/_darwin_c_string.h
/Applications/Xcode.app/Contents/Developer/Platforms/MacOSX.platform/Developer/SDKs/MacOSX26.1.sdk/usr/include/string.h
/Applications/Xcode.app/Contents/Developer/Platforms/MacOSX.platform/Developer/SDKs/MacOSX26.1.sdk/usr/include/_modules/_darwin_c_time.h
/Applications/Xcode.app/Contents/Developer/Platforms/MacOSX.platform/Developer/SDKs/MacOSX26.1.sdk/usr/include/time.h
/Applications/Xcode.app/Contents/Developer/Platforms/MacOSX.platform/Developer/SDKs/MacOSX26.1.sdk/usr/include/_modules/_darwin_c_wchar.h
/Applications/Xcode.app/Contents/Developer/Platforms/MacOSX.platform/Developer/SDKs/MacOSX26.1.sdk/usr/include/wchar.h
/Applications/Xcode.app/Contents/Developer/Platforms/MacOSX.platform/Developer/SDKs/MacOSX26.1.sdk/usr/include/aio.h
/Applications/Xcode.app/Contents/Developer/Platforms/MacOSX.platform/Developer/SDKs/MacOSX26.1.sdk/usr/include/sys/aio.h
/Applications/Xcode.app/Contents/Developer/Platforms/MacOSX.platform/Developer/SDKs/MacOSX26.1.sdk/usr/include/sys/_types/_o_sync.h
/Applications/Xcode.app/Contents/Developer/Platforms/MacOSX.platform/Developer/SDKs/MacOSX26.1.sdk/usr/include/sys/_types/_o_dsync.h
/Applications/Xcode.app/Contents/Developer/Platforms/MacOSX.platform/Developer/SDKs/MacOSX26.1.sdk/usr/include/arpa/inet.h
/Applications/Xcode.app/Contents/Developer/Platforms/MacOSX.platform/Developer/SDKs/MacOSX26.1.sdk/usr/include/netinet/in.h
/Applications/Xcode.app/Contents/Developer/Platforms/MacOSX.platform/Developer/SDKs/MacOSX26.1.sdk/usr/include/sys/socket.h
/Applications/Xcode.app/Contents/Developer/Platforms/MacOSX.platform/Developer/SDKs/MacOSX26.1.sdk/usr/include/sys/constrained_ctypes.h
/Applications/Xcode.app/Contents/Developer/Platforms/MacOSX.platform/Developer/SDKs/MacOSX26.1.sdk/usr/include/machine/_param.h
/Applications/Xcode.app/Contents/Developer/Platforms/MacOSX.platform/Developer/SDKs/MacOSX26.1.sdk/usr/include/arm/_param.h
/Applications/Xcode.app/Contents/Developer/Platforms/MacOSX.platform/Developer/SDKs/MacOSX26.1.sdk/usr/include/net/net_kev.h
/Applications/Xcode.app/Contents/Developer/Platforms/MacOSX.platform/Developer/SDKs/MacOSX26.1.sdk/usr/include/sys/_types/_sa_family_t.h
/Applications/Xcode.app/Contents/Developer/Platforms/MacOSX.platform/Developer/SDKs/MacOSX26.1.sdk/usr/include/sys/_types/_socklen_t.h
/Applications/Xcode.app/Contents/Developer/Platforms/MacOSX.platform/Developer/SDKs/MacOSX26.1.sdk/usr/include/sys/_types/_iovec_t.h
/Applications/Xcode.app/Contents/Developer/Platforms/MacOSX.platform/Developer/SDKs/MacOSX26.1.sdk/usr/include/netinet6/in6.h
/Applications/Xcode.app/Contents/Developer/Platforms/MacOSX.platform/Developer/SDKs/MacOSX26.1.sdk/usr/include/cpio.h
/Applications/Xcode.app/Contents/Developer/Platforms/MacOSX.platform/Developer/SDKs/MacOSX26.1.sdk/usr/include/dirent.h
/Applications/Xcode.app/Contents/Developer/Platforms/MacOSX.platform/Developer/SDKs/MacOSX26.1.sdk/usr/include/sys/dirent.h
/Applications/Xcode.app/Contents/Developer/Platforms/MacOSX.platform/Developer/SDKs/MacOSX26.1.sdk/usr/include/sys/dir.h
/Applications/Xcode.app/Contents/Developer/Platforms/MacOSX.platform/Developer/SDKs/MacOSX26.1.sdk/usr/include/dlfcn.h
/Applications/Xcode.app/Contents/Developer/Platforms/MacOSX.platform/Developer/SDKs/MacOSX26.1.sdk/usr/include/fcntl.h
/Applications/Xcode.app/Contents/Developer/Platforms/MacOSX.platform/Developer/SDKs/MacOSX26.1.sdk/usr/include/sys/fcntl.h
/Applications/Xcode.app/Contents/Developer/Platforms/MacOSX.platform/Developer/SDKs/MacOSX26.1.sdk/usr/include/sys/_types/_s_ifmt.h
/Applications/Xcode.app/Contents/Developer/Platforms/MacOSX.platform/Developer/SDKs/MacOSX26.1.sdk/usr/include/sys/_types/_filesec_t.h
/Applications/Xcode.app/Contents/Developer/Platforms/MacOSX.platform/Developer/SDKs/MacOSX26.1.sdk/usr/include/fmtmsg.h
/Applications/Xcode.app/Contents/Developer/Platforms/MacOSX.platform/Developer/SDKs/MacOSX26.1.sdk/usr/include/fnmatch.h
/Applications/Xcode.app/Contents/Developer/Platforms/MacOSX.platform/Developer/SDKs/MacOSX26.1.sdk/usr/include/ftw.h
/Applications/Xcode.app/Contents/Developer/Platforms/MacOSX.platform/Developer/SDKs/MacOSX26.1.sdk/usr/include/sys/stat.h
/Applications/Xcode.app/Contents/Developer/Platforms/MacOSX.platform/Developer/SDKs/MacOSX26.1.sdk/usr/include/glob.h
/Applications/Xcode.app/Contents/Developer/Platforms/MacOSX.platform/Developer/SDKs/MacOSX26.1.sdk/usr/include/grp.h
/Applications/Xcode.app/Contents/Developer/Platforms/MacOSX.platform/Developer/SDKs/MacOSX26.1.sdk/usr/include/iconv.h
/Applications/Xcode.app/Contents/Developer/Platforms/MacOSX.platform/Developer/SDKs/MacOSX26.1.sdk/usr/include/ifaddrs.h
/Applications/Xcode.app/Contents/Developer/Platforms/MacOSX.platform/Developer/SDKs/MacOSX26.1.sdk/usr/include/sys/ioctl.h
/Applications/Xcode.app/Contents/Developer/Platforms/MacOSX.platform/Developer/SDKs/MacOSX26.1.sdk/usr/include/sys/filio.h
/Applications/Xcode.app/Contents/Developer/Platforms/MacOSX.platform/Developer/SDKs/MacOSX26.1.sdk/usr/include/sys/sockio.h
/Applications/Xcode.app/Contents/Developer/Platforms/MacOSX.platform/Developer/SDKs/MacOSX26.1.sdk/usr/include/net/if.h
/Applications/Xcode.app/Contents/Developer/Platforms/MacOSX.platform/Developer/SDKs/MacOSX26.1.sdk/usr/include/net/if_var.h
/Applications/Xcode.app/Contents/Developer/Platforms/MacOSX.platform/Developer/SDKs/MacOSX26.1.sdk/usr/include/sys/time.h
/Applications/Xcode.app/Contents/Developer/Platforms/MacOSX.platform/Developer/SDKs/MacOSX26.1.sdk/usr/include/sys/_types/_timeval64.h
/Applications/Xcode.app/Contents/Developer/Platforms/MacOSX.platform/Developer/SDKs/MacOSX26.1.sdk/usr/include/sys/_types/_timeval32.h
/Applications/Xcode.app/Contents/Developer/Platforms/MacOSX.platform/Developer/SDKs/MacOSX26.1.sdk/usr/include/_langinfo.h
/Applications/Xcode.app/Contents/Developer/Platforms/MacOSX.platform/Developer/SDKs/MacOSX26.1.sdk/usr/include/xlocale/_langinfo.h
/Applications/Xcode.app/Contents/Developer/Platforms/MacOSX.platform/Developer/SDKs/MacOSX26.1.sdk/usr/include/libgen.h
/Applications/Xcode.app/Contents/Developer/Platforms/MacOSX.platform/Developer/SDKs/MacOSX26.1.sdk/usr/include/_monetary.h
/Applications/Xcode.app/Contents/Developer/Platforms/MacOSX.platform/Developer/SDKs/MacOSX26.1.sdk/usr/include/xlocale/_monetary.h
/Applications/Xcode.app/Contents/Developer/Platforms/MacOSX.platform/Developer/SDKs/MacOSX26.1.sdk/usr/include/ndbm.h
/Applications/Xcode.app/Contents/Developer/Platforms/MacOSX.platform/Developer/SDKs/MacOSX26.1.sdk/usr/include/netdb.h
/Applications/Xcode.app/Contents/Developer/Platforms/MacOSX.platform/Developer/SDKs/MacOSX26.1.sdk/usr/include/net/if_dl.h
/Applications/Xcode.app/Contents/Developer/Platforms/MacOSX.platform/Developer/SDKs/MacOSX26.1.sdk/usr/include/net/if_types.h
/Applications/Xcode.app/Contents/Developer/Platforms/MacOSX.platform/Developer/SDKs/MacOSX26.1.sdk/usr/include/netinet/tcp.h
/Applications/Xcode.app/Contents/Developer/Platforms/MacOSX.platform/Developer/SDKs/MacOSX26.1.sdk/usr/include/poll.h
/Applications/Xcode.app/Contents/Developer/Platforms/MacOSX.platform/Developer/SDKs/MacOSX26.1.sdk/usr/include/sys/poll.h
/Applications/Xcode.app/Contents/Developer/Platforms/MacOSX.platform/Developer/SDKs/MacOSX26.1.sdk/usr/include/pthread/spawn.h
/Applications/Xcode.app/Contents/Developer/Platforms/MacOSX.platform/Developer/SDKs/MacOSX26.1.sdk/usr/include/spawn.h
/Applications/Xcode.app/Contents/Developer/Platforms/MacOSX.platform/Developer/SDKs/MacOSX26.1.sdk/usr/include/sys/spawn.h
/Applications/Xcode.app/Contents/Developer/Platforms/MacOSX.platform/Developer/SDKs/MacOSX26.1.sdk/usr/include/mach/exception_types.h
/Applications/Xcode.app/Contents/Developer/Platforms/MacOSX.platform/Developer/SDKs/MacOSX26.1.sdk/usr/include/mach/machine/exception.h
/Applications/Xcode.app/Contents/Developer/Platforms/MacOSX.platform/Developer/SDKs/MacOSX26.1.sdk/usr/include/mach/arm/exception.h
/Applications/Xcode.app/Contents/Developer/Platforms/MacOSX.platform/Developer/SDKs/MacOSX26.1.sdk/usr/include/mach/port.h
/Applications/Xcode.app/Contents/Developer/Platforms/MacOSX.platform/Developer/SDKs/MacOSX26.1.sdk/usr/include/mach/boolean.h
/Applications/Xcode.app/Contents/Developer/Platforms/MacOSX.platform/Developer/SDKs/MacOSX26.1.sdk/usr/include/mach/machine/boolean.h
/Applications/Xcode.app/Contents/Developer/Platforms/MacOSX.platform/Developer/SDKs/MacOSX26.1.sdk/usr/include/mach/arm/boolean.h
/Applications/Xcode.app/Contents/Developer/Platforms/MacOSX.platform/Developer/SDKs/MacOSX26.1.sdk/usr/include/mach/machine/vm_types.h
/Applications/Xcode.app/Contents/Developer/Platforms/MacOSX.platform/Developer/SDKs/MacOSX26.1.sdk/usr/include/mach/arm/vm_types.h
/Applications/Xcode.app/Contents/Developer/Platforms/MacOSX.platform/Developer/SDKs/MacOSX26.1.sdk/usr/include/mach/thread_status.h
/Applications/Xcode.app/Contents/Developer/Platforms/MacOSX.platform/Developer/SDKs/MacOSX26.1.sdk/usr/include/mach/machine/thread_status.h
/Applications/Xcode.app/Contents/Developer/Platforms/MacOSX.platform/Developer/SDKs/MacOSX26.1.sdk/usr/include/mach/arm/thread_status.h
/Applications/Xcode.app/Contents/Developer/Platforms/MacOSX.platform/Developer/SDKs/MacOSX26.1.sdk/usr/include/mach/machine/thread_state.h
/Applications/Xcode.app/Contents/Developer/Platforms/MacOSX.platform/Developer/SDKs/MacOSX26.1.sdk/usr/include/mach/arm/thread_state.h
/Applications/Xcode.app/Contents/Developer/Platforms/MacOSX.platform/Developer/SDKs/MacOSX26.1.sdk/usr/include/mach/message.h
/Applications/Xcode.app/Contents/Developer/Platforms/MacOSX.platform/Developer/SDKs/MacOSX26.1.sdk/usr/include/mach/kern_return.h
/Applications/Xcode.app/Contents/Developer/Platforms/MacOSX.platform/Developer/SDKs/MacOSX26.1.sdk/usr/include/mach/machine/kern_return.h
/Applications/Xcode.app/Contents/Developer/Platforms/MacOSX.platform/Developer/SDKs/MacOSX26.1.sdk/usr/include/mach/arm/kern_return.h
/Applications/Xcode.app/Contents/Developer/Platforms/MacOSX.platform/Developer/SDKs/MacOSX26.1.sdk/usr/include/mach/vm_types.h
/Applications/Xcode.app/Contents/Developer/Platforms/MacOSX.platform/Developer/SDKs/MacOSX26.1.sdk/usr/include/mach_debug/ipc_info.h
/Applications/Xcode.app/Contents/Developer/Platforms/MacOSX.platform/Developer/SDKs/MacOSX26.1.sdk/usr/include/mach/machine.h
/Applications/Xcode.app/Contents/Developer/Platforms/MacOSX.platform/Developer/SDKs/MacOSX26.1.sdk/usr/include/pthread/pthread_spis.h
/Applications/Xcode.app/Contents/Developer/Platforms/MacOSX.platform/Developer/SDKs/MacOSX26.1.sdk/usr/include/_modules/_darwin_posix_pthread_pthread.h
/Applications/Xcode.app/Contents/Developer/Platforms/MacOSX.platform/Developer/SDKs/MacOSX26.1.sdk/usr/include/_regex.h
/Applications/Xcode.app/Contents/Developer/Platforms/MacOSX.platform/Developer/SDKs/MacOSX26.1.sdk/usr/include/xlocale/_regex.h
/Applications/Xcode.app/Contents/Developer/Platforms/MacOSX.platform/Developer/SDKs/MacOSX26.1.sdk/usr/include/search.h
/Applications/Xcode.app/Contents/Developer/Platforms/MacOSX.platform/Developer/SDKs/MacOSX26.1.sdk/usr/include/semaphore.h
/Applications/Xcode.app/Contents/Developer/Platforms/MacOSX.platform/Developer/SDKs/MacOSX26.1.sdk/usr/include/sys/semaphore.h
/Applications/Xcode.app/Contents/Developer/Platforms/MacOSX.platform/Developer/SDKs/MacOSX26.1.sdk/usr/include/sys/posix_sem.h
/Applications/Xcode.app/Contents/Developer/Platforms/MacOSX.platform/Developer/SDKs/MacOSX26.1.sdk/usr/include/sys/proc.h
/Applications/Xcode.app/Contents/Developer/Platforms/MacOSX.platform/Developer/SDKs/MacOSX26.1.sdk/usr/include/sys/queue.h
/Applications/Xcode.app/Contents/Developer/Platforms/MacOSX.platform/Developer/SDKs/MacOSX26.1.sdk/usr/include/sys/lock.h
/Applications/Xcode.app/Contents/Developer/Platforms/MacOSX.platform/Developer/SDKs/MacOSX26.1.sdk/usr/include/sys/param.h
/Applications/Xcode.app/Contents/Developer/Platforms/MacOSX.platform/Developer/SDKs/MacOSX26.1.sdk/usr/include/machine/param.h
/Applications/Xcode.app/Contents/Developer/Platforms/MacOSX.platform/Developer/SDKs/MacOSX26.1.sdk/usr/include/arm/param.h
/Applications/Xcode.app/Contents/Developer/Platforms/MacOSX.platform/Developer/SDKs/MacOSX26.1.sdk/usr/include/sys/event.h
/Applications/Xcode.app/Contents/Developer/Platforms/MacOSX.platform/Developer/SDKs/MacOSX26.1.sdk/usr/include/strings.h
/Applications/Xcode.app/Contents/Developer/Platforms/MacOSX.platform/Developer/SDKs/MacOSX26.1.sdk/usr/include/sys/ipc.h
/Applications/Xcode.app/Contents/Developer/Platforms/MacOSX.platform/Developer/SDKs/MacOSX26.1.sdk/usr/include/sys/mman.h
/Applications/Xcode.app/Contents/Developer/Platforms/MacOSX.platform/Developer/SDKs/MacOSX26.1.sdk/usr/include/sys/msg.h
/Applications/Xcode.app/Contents/Developer/Platforms/MacOSX.platform/Developer/SDKs/MacOSX26.1.sdk/usr/include/sys/sem.h
/Applications/Xcode.app/Contents/Developer/Platforms/MacOSX.platform/Developer/SDKs/MacOSX26.1.sdk/usr/include/sys/shm.h
/Applications/Xcode.app/Contents/Developer/Platforms/MacOSX.platform/Developer/SDKs/MacOSX26.1.sdk/usr/include/sys/posix_shm.h
/Applications/Xcode.app/Contents/Developer/Platforms/MacOSX.platform/Developer/SDKs/MacOSX26.1.sdk/usr/include/sys/statvfs.h
/Applications/Xcode.app/Contents/Developer/Platforms/MacOSX.platform/Developer/SDKs/MacOSX26.1.sdk/usr/include/sys/times.h
/Applications/Xcode.app/Contents/Developer/Platforms/MacOSX.platform/Developer/SDKs/MacOSX26.1.sdk/usr/include/sys/_types/_fsid_t.h
/Applications/Xcode.app/Contents/Developer/Platforms/MacOSX.platform/Developer/SDKs/MacOSX26.1.sdk/usr/include/sys/_types/_fsobj_id_t.h
/Applications/Xcode.app/Contents/Developer/Platforms/MacOSX.platform/Developer/SDKs/MacOSX26.1.sdk/usr/include/sys/_types/_graftdmg_un.h
/Applications/Xcode.app/Contents/Developer/Platforms/MacOSX.platform/Developer/SDKs/MacOSX26.1.sdk/usr/include/sys/_types/_guid_t.h
/Applications/Xcode.app/Contents/Developer/Platforms/MacOSX.platform/Developer/SDKs/MacOSX26.1.sdk/usr/include/sys/_types/_mount_t.h
/Applications/Xcode.app/Contents/Developer/Platforms/MacOSX.platform/Developer/SDKs/MacOSX26.1.sdk/usr/include/sys/_types/_os_inline.h
/Applications/Xcode.app/Contents/Developer/Platforms/MacOSX.platform/Developer/SDKs/MacOSX26.1.sdk/usr/include/sys/_types/_ucontext64.h
/Applications/Xcode.app/Contents/Developer/Platforms/MacOSX.platform/Developer/SDKs/MacOSX26.1.sdk/usr/include/sys/_types/_vnode_t.h
/Applications/Xcode.app/Contents/Developer/Platforms/MacOSX.platform/Developer/SDKs/MacOSX26.1.sdk/usr/include/sys/uio.h
/Applications/Xcode.app/Contents/Developer/Platforms/MacOSX.platform/Developer/SDKs/MacOSX26.1.sdk/usr/include/sys/un.h
/Applications/Xcode.app/Contents/Developer/Platforms/MacOSX.platform/Developer/SDKs/MacOSX26.1.sdk/usr/include/sys/utsname.h
/Applications/Xcode.app/Contents/Developer/Platforms/MacOSX.platform/Developer/SDKs/MacOSX26.1.sdk/usr/include/sys/vsock.h
/Applications/Xcode.app/Contents/Developer/Platforms/MacOSX.platform/Developer/SDKs/MacOSX26.1.sdk/usr/include/sys/ucred.h
/Applications/Xcode.app/Contents/Developer/Platforms/MacOSX.platform/Developer/SDKs/MacOSX26.1.sdk/usr/include/bsm/audit.h
/Applications/Xcode.app/Contents/Developer/Platforms/MacOSX.platform/Developer/SDKs/MacOSX26.1.sdk/usr/include/sys/socketvar.h
/Applications/Xcode.app/Contents/Developer/Platforms/MacOSX.platform/Developer/SDKs/MacOSX26.1.sdk/usr/include/sys/xattr.h
/Applications/Xcode.app/Contents/Developer/Platforms/MacOSX.platform/Developer/SDKs/MacOSX26.1.sdk/usr/include/_modules/_darwin_posix_sys_resource.h
/Applications/Xcode.app/Contents/Developer/Platforms/MacOSX.platform/Developer/SDKs/MacOSX26.1.sdk/usr/include/_modules/_darwin_posix_sys_select.h
/Applications/Xcode.app/Contents/Developer/Platforms/MacOSX.platform/Developer/SDKs/MacOSX26.1.sdk/usr/include/_modules/_darwin_posix_sys_wait.h
/Applications/Xcode.app/Contents/Developer/Platforms/MacOSX.platform/Developer/SDKs/MacOSX26.1.sdk/usr/include/syslog.h
/Applications/Xcode.app/Contents/Developer/Platforms/MacOSX.platform/Developer/SDKs/MacOSX26.1.sdk/usr/include/sys/syslog.h
/Applications/Xcode.app/Contents/Developer/Platforms/MacOSX.platform/Developer/SDKs/MacOSX26.1.sdk/usr/include/tar.h
/Applications/Xcode.app/Contents/Developer/Platforms/MacOSX.platform/Developer/SDKs/MacOSX26.1.sdk/usr/include/ulimit.h
/Applications/Xcode.app/Contents/Developer/Platforms/MacOSX.platform/Developer/SDKs/MacOSX26.1.sdk/usr/include/utime.h
/Applications/Xcode.app/Contents/Developer/Platforms/MacOSX.platform/Developer/SDKs/MacOSX26.1.sdk/usr/include/utmpx.h
/Applications/Xcode.app/Contents/Developer/Platforms/MacOSX.platform/Developer/SDKs/MacOSX26.1.sdk/usr/include/wordexp.h
/Applications/Xcode.app/Contents/Developer/Platforms/MacOSX.platform/Developer/SDKs/MacOSX26.1.sdk/usr/include/_modules/_darwin_posix_nl_types.h
/Applications/Xcode.app/Contents/Developer/Platforms/MacOSX.platform/Developer/SDKs/MacOSX26.1.sdk/usr/include/_modules/_darwin_posix_sched.h
/Applications/Xcode.app/Contents/Developer/Platforms/MacOSX.platform/Developer/SDKs/MacOSX26.1.sdk/usr/include/_modules/_darwin_posix_unistd.h
/Applications/Xcode.app/Contents/Developer/Platforms/MacOSX.platform/Developer/SDKs/MacOSX26.1.sdk/usr/include/net/bpf.h
/Applications/Xcode.app/Contents/Developer/Platforms/MacOSX.platform/Developer/SDKs/MacOSX26.1.sdk/usr/include/net/dlil.h
/Applications/Xcode.app/Contents/Developer/Platforms/MacOSX.platform/Developer/SDKs/MacOSX26.1.sdk/usr/include/net/ethernet.h
/Applications/Xcode.app/Contents/Developer/Platforms/MacOSX.platform/Developer/SDKs/MacOSX26.1.sdk/usr/include/net/if_arp.h
/Applications/Xcode.app/Contents/Developer/Platforms/MacOSX.platform/Developer/SDKs/MacOSX26.1.sdk/usr/include/net/if_llc.h
/Applications/Xcode.app/Contents/Developer/Platforms/MacOSX.platform/Developer/SDKs/MacOSX26.1.sdk/usr/include/net/if_media.h
/Applications/Xcode.app/Contents/Developer/Platforms/MacOSX.platform/Developer/SDKs/MacOSX26.1.sdk/usr/include/net/if_mib.h
/Applications/Xcode.app/Contents/Developer/Platforms/MacOSX.platform/Developer/SDKs/MacOSX26.1.sdk/usr/include/net/if_utun.h
/Applications/Xcode.app/Contents/Developer/Platforms/MacOSX.platform/Developer/SDKs/MacOSX26.1.sdk/usr/include/net/if_var_status.h
/Applications/Xcode.app/Contents/Developer/Platforms/MacOSX.platform/Developer/SDKs/MacOSX26.1.sdk/usr/include/net/kext_net.h
/Applications/Xcode.app/Contents/Developer/Platforms/MacOSX.platform/Developer/SDKs/MacOSX26.1.sdk/usr/include/net/ndrv.h
/Applications/Xcode.app/Contents/Developer/Platforms/MacOSX.platform/Developer/SDKs/MacOSX26.1.sdk/usr/include/net/pfkeyv2.h
/Applications/Xcode.app/Contents/Developer/Platforms/MacOSX.platform/Developer/SDKs/MacOSX26.1.sdk/usr/include/net/route.h
/Applications/Xcode.app/Contents/Developer/Platforms/MacOSX.platform/Developer/SDKs/MacOSX26.1.sdk/usr/include/netinet/bootp.h
/Applications/Xcode.app/Contents/Developer/Platforms/MacOSX.platform/Developer/SDKs/MacOSX26.1.sdk/usr/include/netinet/ip.h
/Applications/Xcode.app/Contents/Developer/Platforms/MacOSX.platform/Developer/SDKs/MacOSX26.1.sdk/usr/include/netinet/in_systm.h
/Applications/Xcode.app/Contents/Developer/Platforms/MacOSX.platform/Developer/SDKs/MacOSX26.1.sdk/usr/include/netinet/udp.h
/Applications/Xcode.app/Contents/Developer/Platforms/MacOSX.platform/Developer/SDKs/MacOSX26.1.sdk/usr/include/netinet/icmp6.h
/Applications/Xcode.app/Contents/Developer/Platforms/MacOSX.platform/Developer/SDKs/MacOSX26.1.sdk/usr/include/netinet/icmp_var.h
/Applications/Xcode.app/Contents/Developer/Platforms/MacOSX.platform/Developer/SDKs/MacOSX26.1.sdk/usr/include/netinet/ip_icmp.h
/Applications/Xcode.app/Contents/Developer/Platforms/MacOSX.platform/Developer/SDKs/MacOSX26.1.sdk/usr/include/netinet/if_ether.h
/Applications/Xcode.app/Contents/Developer/Platforms/MacOSX.platform/Developer/SDKs/MacOSX26.1.sdk/usr/include/netinet/igmp.h
/Applications/Xcode.app/Contents/Developer/Platforms/MacOSX.platform/Developer/SDKs/MacOSX26.1.sdk/usr/include/netinet/igmp_var.h
/Applications/Xcode.app/Contents/Developer/Platforms/MacOSX.platform/Developer/SDKs/MacOSX26.1.sdk/usr/include/netinet/in_pcb.h
/Applications/Xcode.app/Contents/Developer/Platforms/MacOSX.platform/Developer/SDKs/MacOSX26.1.sdk/usr/include/netinet/in_var.h
/Applications/Xcode.app/Contents/Developer/Platforms/MacOSX.platform/Developer/SDKs/MacOSX26.1.sdk/usr/include/sys/protosw.h
/Applications/Xcode.app/Contents/Developer/Platforms/MacOSX.platform/Developer/SDKs/MacOSX26.1.sdk/usr/include/sys/kern_event.h
/Applications/Xcode.app/Contents/Developer/Platforms/MacOSX.platform/Developer/SDKs/MacOSX26.1.sdk/usr/include/sys/sys_domain.h
/Applications/Xcode.app/Contents/Developer/Platforms/MacOSX.platform/Developer/SDKs/MacOSX26.1.sdk/usr/include/netinet6/in6_var.h
/Applications/Xcode.app/Contents/Developer/Platforms/MacOSX.platform/Developer/SDKs/MacOSX26.1.sdk/usr/include/netinet6/scope6_var.h
/Applications/Xcode.app/Contents/Developer/Platforms/MacOSX.platform/Developer/SDKs/MacOSX26.1.sdk/usr/include/netinet/ip6.h
/Applications/Xcode.app/Contents/Developer/Platforms/MacOSX.platform/Developer/SDKs/MacOSX26.1.sdk/usr/include/netinet/ip_var.h
/Applications/Xcode.app/Contents/Developer/Platforms/MacOSX.platform/Developer/SDKs/MacOSX26.1.sdk/usr/include/netinet/tcp_fsm.h
/Applications/Xcode.app/Contents/Developer/Platforms/MacOSX.platform/Developer/SDKs/MacOSX26.1.sdk/usr/include/netinet/tcp_seq.h
/Applications/Xcode.app/Contents/Developer/Platforms/MacOSX.platform/Developer/SDKs/MacOSX26.1.sdk/usr/include/netinet/tcp_timer.h
/Applications/Xcode.app/Contents/Developer/Platforms/MacOSX.platform/Developer/SDKs/MacOSX26.1.sdk/usr/include/netinet/tcp_var.h
/Applications/Xcode.app/Contents/Developer/Platforms/MacOSX.platform/Developer/SDKs/MacOSX26.1.sdk/usr/include/netinet/tcpip.h
/Applications/Xcode.app/Contents/Developer/Platforms/MacOSX.platform/Developer/SDKs/MacOSX26.1.sdk/usr/include/netinet/udp_var.h
/Applications/Xcode.app/Contents/Developer/Platforms/MacOSX.platform/Developer/SDKs/MacOSX26.1.sdk/usr/include/sys/sysctl.h
/Applications/Xcode.app/Contents/Developer/Platforms/MacOSX.platform/Developer/SDKs/MacOSX26.1.sdk/usr/include/sys/vm.h
/Applications/Xcode.app/Contents/Developer/Platforms/MacOSX.platform/Developer/SDKs/MacOSX26.1.sdk/usr/include/ar.h
/Applications/Xcode.app/Contents/Developer/Platforms/MacOSX.platform/Developer/SDKs/MacOSX26.1.sdk/usr/include/bank/bank_types.h
/Applications/Xcode.app/Contents/Developer/Platforms/MacOSX.platform/Developer/SDKs/MacOSX26.1.sdk/usr/include/os/base.h
/Applications/Xcode.app/Contents/Developer/Platforms/MacOSX.platform/Developer/SDKs/MacOSX26.1.sdk/usr/include/mach/mach_types.h
/Applications/Xcode.app/Contents/Developer/Platforms/MacOSX.platform/Developer/SDKs/MacOSX26.1.sdk/usr/include/mach/host_info.h
/Applications/Xcode.app/Contents/Developer/Platforms/MacOSX.platform/Developer/SDKs/MacOSX26.1.sdk/usr/include/mach/vm_statistics.h
/Applications/Xcode.app/Contents/Developer/Platforms/MacOSX.platform/Developer/SDKs/MacOSX26.1.sdk/usr/include/mach/time_value.h
/Applications/Xcode.app/Contents/Developer/Platforms/MacOSX.platform/Developer/SDKs/MacOSX26.1.sdk/usr/include/mach/host_notify.h
/Applications/Xcode.app/Contents/Developer/Platforms/MacOSX.platform/Developer/SDKs/MacOSX26.1.sdk/usr/include/mach/host_special_ports.h
/Applications/Xcode.app/Contents/Developer/Platforms/MacOSX.platform/Developer/SDKs/MacOSX26.1.sdk/usr/include/mach/memory_object_types.h
/Applications/Xcode.app/Contents/Developer/Platforms/MacOSX.platform/Developer/SDKs/MacOSX26.1.sdk/usr/include/mach/vm_prot.h
/Applications/Xcode.app/Contents/Developer/Platforms/MacOSX.platform/Developer/SDKs/MacOSX26.1.sdk/usr/include/mach/vm_sync.h
/Applications/Xcode.app/Contents/Developer/Platforms/MacOSX.platform/Developer/SDKs/MacOSX26.1.sdk/usr/include/mach/mach_voucher_types.h
/Applications/Xcode.app/Contents/Developer/Platforms/MacOSX.platform/Developer/SDKs/MacOSX26.1.sdk/usr/include/mach/std_types.h
/Applications/Xcode.app/Contents/Developer/Platforms/MacOSX.platform/Developer/SDKs/MacOSX26.1.sdk/usr/include/mach/processor_info.h
/Applications/Xcode.app/Contents/Developer/Platforms/MacOSX.platform/Developer/SDKs/MacOSX26.1.sdk/usr/include/mach/machine/processor_info.h
/Applications/Xcode.app/Contents/Developer/Platforms/MacOSX.platform/Developer/SDKs/MacOSX26.1.sdk/usr/include/mach/arm/processor_info.h
/Applications/Xcode.app/Contents/Developer/Platforms/MacOSX.platform/Developer/SDKs/MacOSX26.1.sdk/usr/include/mach/task_info.h
/Applications/Xcode.app/Contents/Developer/Platforms/MacOSX.platform/Developer/SDKs/MacOSX26.1.sdk/usr/include/mach/policy.h
/Applications/Xcode.app/Contents/Developer/Platforms/MacOSX.platform/Developer/SDKs/MacOSX26.1.sdk/usr/include/mach/task_inspect.h
/Applications/Xcode.app/Contents/Developer/Platforms/MacOSX.platform/Developer/SDKs/MacOSX26.1.sdk/usr/include/mach/task_policy.h
/Applications/Xcode.app/Contents/Developer/Platforms/MacOSX.platform/Developer/SDKs/MacOSX26.1.sdk/usr/include/mach/task_special_ports.h
/Applications/Xcode.app/Contents/Developer/Platforms/MacOSX.platform/Developer/SDKs/MacOSX26.1.sdk/usr/include/mach/thread_info.h
/Applications/Xcode.app/Contents/Developer/Platforms/MacOSX.platform/Developer/SDKs/MacOSX26.1.sdk/usr/include/mach/thread_policy.h
/Applications/Xcode.app/Contents/Developer/Platforms/MacOSX.platform/Developer/SDKs/MacOSX26.1.sdk/usr/include/mach/thread_special_ports.h
/Applications/Xcode.app/Contents/Developer/Platforms/MacOSX.platform/Developer/SDKs/MacOSX26.1.sdk/usr/include/mach/clock_types.h
/Applications/Xcode.app/Contents/Developer/Platforms/MacOSX.platform/Developer/SDKs/MacOSX26.1.sdk/usr/include/mach/vm_attributes.h
/Applications/Xcode.app/Contents/Developer/Platforms/MacOSX.platform/Developer/SDKs/MacOSX26.1.sdk/usr/include/mach/vm_inherit.h
/Applications/Xcode.app/Contents/Developer/Platforms/MacOSX.platform/Developer/SDKs/MacOSX26.1.sdk/usr/include/mach/vm_purgable.h
/Applications/Xcode.app/Contents/Developer/Platforms/MacOSX.platform/Developer/SDKs/MacOSX26.1.sdk/usr/include/mach/vm_behavior.h
/Applications/Xcode.app/Contents/Developer/Platforms/MacOSX.platform/Developer/SDKs/MacOSX26.1.sdk/usr/include/mach/vm_region.h
/Applications/Xcode.app/Contents/Developer/Platforms/MacOSX.platform/Developer/SDKs/MacOSX26.1.sdk/usr/include/mach/machine/vm_param.h
/Applications/Xcode.app/Contents/Developer/Platforms/MacOSX.platform/Developer/SDKs/MacOSX26.1.sdk/usr/include/mach/arm/vm_param.h
/Applications/Xcode.app/Contents/Developer/Platforms/MacOSX.platform/Developer/SDKs/MacOSX26.1.sdk/usr/include/mach/vm_page_size.h
/Applications/Xcode.app/Contents/Developer/Platforms/MacOSX.platform/Developer/SDKs/MacOSX26.1.sdk/usr/include/mach/kmod.h
/Applications/Xcode.app/Contents/Developer/Platforms/MacOSX.platform/Developer/SDKs/MacOSX26.1.sdk/usr/include/mach/dyld_kernel.h
/Applications/Xcode.app/Contents/Developer/Platforms/MacOSX.platform/Developer/SDKs/MacOSX26.1.sdk/usr/include/ConditionalMacros.h
/Applications/Xcode.app/Contents/Developer/Platforms/MacOSX.platform/Developer/SDKs/MacOSX26.1.sdk/usr/include/crt_externs.h
/Applications/Xcode.app/Contents/Developer/Platforms/MacOSX.platform/Developer/SDKs/MacOSX26.1.sdk/usr/include/fts.h
/Applications/Xcode.app/Contents/Developer/Platforms/MacOSX.platform/Developer/SDKs/MacOSX26.1.sdk/usr/include/getopt.h
/Applications/Xcode.app/Contents/Developer/Platforms/MacOSX.platform/Developer/SDKs/MacOSX26.1.sdk/usr/include/AssertMacros.h
/Applications/Xcode.app/Contents/Developer/Platforms/MacOSX.platform/Developer/SDKs/MacOSX26.1.sdk/usr/include/MacTypes.h
/Applications/Xcode.app/Contents/Developer/Platforms/MacOSX.platform/Developer/SDKs/MacOSX26.1.sdk/usr/include/mach/mach.h
/Applications/Xcode.app/Contents/Developer/Platforms/MacOSX.platform/Developer/SDKs/MacOSX26.1.sdk/usr/include/mach/mach_interface.h
/Applications/Xcode.app/Contents/Developer/Platforms/MacOSX.platform/Developer/SDKs/MacOSX26.1.sdk/usr/include/mach/clock_priv.h
/Applications/Xcode.app/Contents/Developer/Platforms/MacOSX.platform/Developer/SDKs/MacOSX26.1.sdk/usr/include/mach/ndr.h
/Applications/Xcode.app/Contents/Developer/Platforms/MacOSX.platform/Developer/SDKs/MacOSX26.1.sdk/usr/include/libkern/OSByteOrder.h
/Applications/Xcode.app/Contents/Developer/Platforms/MacOSX.platform/Developer/SDKs/MacOSX26.1.sdk/usr/include/libkern/arm/OSByteOrder.h
/Applications/Xcode.app/Contents/Developer/Platforms/MacOSX.platform/Developer/SDKs/MacOSX26.1.sdk/usr/include/arm/arch.h
/Applications/Xcode.app/Contents/Developer/Platforms/MacOSX.platform/Developer/SDKs/MacOSX26.1.sdk/usr/include/mach/notify.h
/Applications/Xcode.app/Contents/Developer/Platforms/MacOSX.platform/Developer/SDKs/MacOSX26.1.sdk/usr/include/mach/mig_errors.h
/Applications/Xcode.app/Contents/Developer/Platforms/MacOSX.platform/Developer/SDKs/MacOSX26.1.sdk/usr/include/mach/mig.h
/Applications/Xcode.app/Contents/Developer/Platforms/MacOSX.platform/Developer/SDKs/MacOSX26.1.sdk/usr/include/mach/host_priv.h
/Applications/Xcode.app/Contents/Developer/Platforms/MacOSX.platform/Developer/SDKs/MacOSX26.1.sdk/usr/include/mach_debug/mach_debug_types.h
/Applications/Xcode.app/Contents/Developer/Platforms/MacOSX.platform/Developer/SDKs/MacOSX26.1.sdk/usr/include/mach_debug/vm_info.h
/Applications/Xcode.app/Contents/Developer/Platforms/MacOSX.platform/Developer/SDKs/MacOSX26.1.sdk/usr/include/mach_debug/zone_info.h
/Applications/Xcode.app/Contents/Developer/Platforms/MacOSX.platform/Developer/SDKs/MacOSX26.1.sdk/usr/include/mach_debug/page_info.h
/Applications/Xcode.app/Contents/Developer/Platforms/MacOSX.platform/Developer/SDKs/MacOSX26.1.sdk/usr/include/mach_debug/hash_info.h
/Applications/Xcode.app/Contents/Developer/Platforms/MacOSX.platform/Developer/SDKs/MacOSX26.1.sdk/usr/include/mach_debug/lockgroup_info.h
/Applications/Xcode.app/Contents/Developer/Platforms/MacOSX.platform/Developer/SDKs/MacOSX26.1.sdk/usr/include/mach/host_security.h
/Applications/Xcode.app/Contents/Developer/Platforms/MacOSX.platform/Developer/SDKs/MacOSX26.1.sdk/usr/include/mach/processor.h
/Applications/Xcode.app/Contents/Developer/Platforms/MacOSX.platform/Developer/SDKs/MacOSX26.1.sdk/usr/include/mach/processor_set.h
/Applications/Xcode.app/Contents/Developer/Platforms/MacOSX.platform/Developer/SDKs/MacOSX26.1.sdk/usr/include/mach/semaphore.h
/Applications/Xcode.app/Contents/Developer/Platforms/MacOSX.platform/Developer/SDKs/MacOSX26.1.sdk/usr/include/mach/sync_policy.h
/Applications/Xcode.app/Contents/Developer/Platforms/MacOSX.platform/Developer/SDKs/MacOSX26.1.sdk/usr/include/mach/task.h
/Applications/Xcode.app/Contents/Developer/Platforms/MacOSX.platform/Developer/SDKs/MacOSX26.1.sdk/usr/include/mach/thread_act.h
/Applications/Xcode.app/Contents/Developer/Platforms/MacOSX.platform/Developer/SDKs/MacOSX26.1.sdk/usr/include/mach/vm_map.h
/Applications/Xcode.app/Contents/Developer/Platforms/MacOSX.platform/Developer/SDKs/MacOSX26.1.sdk/usr/include/mach/mach_port.h
/Applications/Xcode.app/Contents/Developer/Platforms/MacOSX.platform/Developer/SDKs/MacOSX26.1.sdk/usr/include/mach/mach_init.h
/Applications/Xcode.app/Contents/Developer/Platforms/MacOSX.platform/Developer/SDKs/MacOSX26.1.sdk/usr/include/mach/mach_traps.h
/Applications/Xcode.app/Contents/Developer/Platforms/MacOSX.platform/Developer/SDKs/MacOSX26.1.sdk/usr/include/mach/error.h
/Applications/Xcode.app/Contents/Developer/Platforms/MacOSX.platform/Developer/SDKs/MacOSX26.1.sdk/usr/include/mach/mach_host.h
/Applications/Xcode.app/Contents/Developer/Platforms/MacOSX.platform/Developer/SDKs/MacOSX26.1.sdk/usr/include/mach/thread_switch.h
/Applications/Xcode.app/Contents/Developer/Platforms/MacOSX.platform/Developer/SDKs/MacOSX26.1.sdk/usr/include/mach/rpc.h
/Applications/Xcode.app/Contents/Developer/Platforms/MacOSX.platform/Developer/SDKs/MacOSX26.1.sdk/usr/include/mach/machine/rpc.h
/Applications/Xcode.app/Contents/Developer/Platforms/MacOSX.platform/Developer/SDKs/MacOSX26.1.sdk/usr/include/mach/arm/rpc.h
/Applications/Xcode.app/Contents/Developer/Platforms/MacOSX.platform/Developer/SDKs/MacOSX26.1.sdk/usr/include/mach/mach_error.h
/Applications/Xcode.app/Contents/Developer/Platforms/MacOSX.platform/Developer/SDKs/MacOSX26.1.sdk/usr/include/mach/audit_triggers_types.h
/Applications/Xcode.app/Contents/Developer/Platforms/MacOSX.platform/Developer/SDKs/MacOSX26.1.sdk/usr/include/mach/bootstrap.h
/Applications/Xcode.app/Contents/Developer/Platforms/MacOSX.platform/Developer/SDKs/MacOSX26.1.sdk/usr/include/mach/clock.h
/Applications/Xcode.app/Contents/Developer/Platforms/MacOSX.platform/Developer/SDKs/MacOSX26.1.sdk/usr/include/mach/clock_reply.h
/Applications/Xcode.app/Contents/Developer/Platforms/MacOSX.platform/Developer/SDKs/MacOSX26.1.sdk/usr/include/mach/exc.h
/Applications/Xcode.app/Contents/Developer/Platforms/MacOSX.platform/Developer/SDKs/MacOSX26.1.sdk/usr/include/mach/exception.h
/Applications/Xcode.app/Contents/Developer/Platforms/MacOSX.platform/Developer/SDKs/MacOSX26.1.sdk/usr/include/mach/host_reboot.h
/Applications/Xcode.app/Contents/Developer/Platforms/MacOSX.platform/Developer/SDKs/MacOSX26.1.sdk/usr/include/arm64/hv/hv_kern_types.h
/Applications/Xcode.app/Contents/Developer/Platforms/MacOSX.platform/Developer/SDKs/MacOSX26.1.sdk/usr/include/mach/mach_param.h
/Applications/Xcode.app/Contents/Developer/Platforms/MacOSX.platform/Developer/SDKs/MacOSX26.1.sdk/usr/include/mach/mach_right.h
/Applications/Xcode.app/Contents/Developer/Platforms/MacOSX.platform/Developer/SDKs/MacOSX26.1.sdk/usr/include/mach/mach_syscalls.h
/Applications/Xcode.app/Contents/Developer/Platforms/MacOSX.platform/Developer/SDKs/MacOSX26.1.sdk/usr/include/mach/mach_time.h
/Applications/Xcode.app/Contents/Developer/Platforms/MacOSX.platform/Developer/SDKs/MacOSX26.1.sdk/usr/include/mach/mach_vm.h
/Applications/Xcode.app/Contents/Developer/Platforms/MacOSX.platform/Developer/SDKs/MacOSX26.1.sdk/usr/include/mach/mach_voucher.h
/Applications/Xcode.app/Contents/Developer/Platforms/MacOSX.platform/Developer/SDKs/MacOSX26.1.sdk/usr/include/mach/memory_entry.h
/Applications/Xcode.app/Contents/Developer/Platforms/MacOSX.platform/Developer/SDKs/MacOSX26.1.sdk/usr/include/mach/mig_strncpy_zerofill_support.h
/Applications/Xcode.app/Contents/Developer/Platforms/MacOSX.platform/Developer/SDKs/MacOSX26.1.sdk/usr/include/mach/mig_voucher_support.h
/Applications/Xcode.app/Contents/Developer/Platforms/MacOSX.platform/Developer/SDKs/MacOSX26.1.sdk/usr/include/mach/port_obj.h
/Applications/Xcode.app/Contents/Developer/Platforms/MacOSX.platform/Developer/SDKs/MacOSX26.1.sdk/usr/include/mach/sdt.h
/Applications/Xcode.app/Contents/Developer/Platforms/MacOSX.platform/Developer/SDKs/MacOSX26.1.sdk/usr/include/mach/machine/sdt.h
/Applications/Xcode.app/Contents/Developer/Platforms/MacOSX.platform/Developer/SDKs/MacOSX26.1.sdk/usr/include/sys/sdt.h
/Applications/Xcode.app/Contents/Developer/Platforms/MacOSX.platform/Developer/SDKs/MacOSX26.1.sdk/usr/include/mach/shared_region.h
/Applications/Xcode.app/Contents/Developer/Platforms/MacOSX.platform/Developer/SDKs/MacOSX26.1.sdk/usr/include/mach/sync.h
/Applications/Xcode.app/Contents/Developer/Platforms/MacOSX.platform/Developer/SDKs/MacOSX26.1.sdk/usr/include/mach/thread_state.h
/Applications/Xcode.app/Contents/Developer/Platforms/MacOSX.platform/Developer/SDKs/MacOSX26.1.sdk/usr/include/mach/vm_param.h
/Applications/Xcode.app/Contents/Developer/Platforms/MacOSX.platform/Developer/SDKs/MacOSX26.1.sdk/usr/include/mach/vm_task.h
/Applications/Xcode.app/Contents/Developer/Platforms/MacOSX.platform/Developer/SDKs/MacOSX26.1.sdk/usr/include/mach/machine/asm.h
/Applications/Xcode.app/Contents/Developer/Platforms/MacOSX.platform/Developer/SDKs/MacOSX26.1.sdk/usr/include/mach/arm64/asm.h
/Applications/Xcode.app/Contents/Developer/Platforms/MacOSX.platform/Developer/SDKs/MacOSX26.1.sdk/usr/include/mach/i386/asm.h
/Applications/Xcode.app/Contents/Developer/Platforms/MacOSX.platform/Developer/SDKs/MacOSX26.1.sdk/usr/include/mach/arm/asm.h
/Applications/Xcode.app/Contents/Developer/Platforms/MacOSX.platform/Developer/SDKs/MacOSX26.1.sdk/usr/include/mach/i386/boolean.h
/Applications/Xcode.app/Contents/Developer/Platforms/MacOSX.platform/Developer/SDKs/MacOSX26.1.sdk/usr/include/mach/i386/exception.h
/Applications/Xcode.app/Contents/Developer/Platforms/MacOSX.platform/Developer/SDKs/MacOSX26.1.sdk/usr/include/mach/i386/fp_reg.h
/Applications/Xcode.app/Contents/Developer/Platforms/MacOSX.platform/Developer/SDKs/MacOSX26.1.sdk/usr/include/mach/i386/kern_return.h
/Applications/Xcode.app/Contents/Developer/Platforms/MacOSX.platform/Developer/SDKs/MacOSX26.1.sdk/usr/include/mach/machine/ndr_def.h
/Applications/Xcode.app/Contents/Developer/Platforms/MacOSX.platform/Developer/SDKs/MacOSX26.1.sdk/usr/include/mach/arm/ndr_def.h
/Applications/Xcode.app/Contents/Developer/Platforms/MacOSX.platform/Developer/SDKs/MacOSX26.1.sdk/usr/include/mach/i386/processor_info.h
/Applications/Xcode.app/Contents/Developer/Platforms/MacOSX.platform/Developer/SDKs/MacOSX26.1.sdk/usr/include/mach/i386/rpc.h
/Applications/Xcode.app/Contents/Developer/Platforms/MacOSX.platform/Developer/SDKs/MacOSX26.1.sdk/usr/include/mach/machine/sdt_isa.h
/Applications/Xcode.app/Contents/Developer/Platforms/MacOSX.platform/Developer/SDKs/MacOSX26.1.sdk/usr/include/mach/arm/sdt_isa.h
/Applications/Xcode.app/Contents/Developer/Platforms/MacOSX.platform/Developer/SDKs/MacOSX26.1.sdk/usr/include/mach/i386/sdt_isa.h
/Applications/Xcode.app/Contents/Developer/Platforms/MacOSX.platform/Developer/SDKs/MacOSX26.1.sdk/usr/include/mach/i386/thread_state.h
/Applications/Xcode.app/Contents/Developer/Platforms/MacOSX.platform/Developer/SDKs/MacOSX26.1.sdk/usr/include/mach/i386/thread_status.h
/Applications/Xcode.app/Contents/Developer/Platforms/MacOSX.platform/Developer/SDKs/MacOSX26.1.sdk/usr/include/mach/arm/traps.h
/Applications/Xcode.app/Contents/Developer/Platforms/MacOSX.platform/Developer/SDKs/MacOSX26.1.sdk/usr/include/mach/i386/vm_param.h
/Applications/Xcode.app/Contents/Developer/Platforms/MacOSX.platform/Developer/SDKs/MacOSX26.1.sdk/usr/include/mach/i386/vm_types.h
/Applications/Xcode.app/Contents/Developer/Platforms/MacOSX.platform/Developer/SDKs/MacOSX26.1.sdk/usr/include/mach_debug/mach_debug.h
/Applications/Xcode.app/Contents/Developer/Platforms/MacOSX.platform/Developer/SDKs/MacOSX26.1.sdk/usr/include/device/device_types.h
/Applications/Xcode.app/Contents/Developer/Platforms/MacOSX.platform/Developer/SDKs/MacOSX26.1.sdk/usr/include/device/device_port.h
/Applications/Xcode.app/Contents/Developer/Platforms/MacOSX.platform/Developer/SDKs/MacOSX26.1.sdk/usr/include/libkern/OSAtomic.h
/Applications/Xcode.app/Contents/Developer/Platforms/MacOSX.platform/Developer/SDKs/MacOSX26.1.sdk/usr/include/libkern/OSAtomicDeprecated.h
/Applications/Xcode.app/Contents/Developer/Platforms/MacOSX.platform/Developer/SDKs/MacOSX26.1.sdk/usr/include/libkern/OSSpinLockDeprecated.h
/Applications/Xcode.app/Contents/Developer/Platforms/MacOSX.platform/Developer/SDKs/MacOSX26.1.sdk/usr/include/libkern/OSAtomicQueue.h
/Applications/Xcode.app/Contents/Developer/Platforms/MacOSX.platform/Developer/SDKs/MacOSX26.1.sdk/usr/include/libkern/machine/OSByteOrder.h
/Applications/Xcode.app/Contents/Developer/Platforms/MacOSX.platform/Developer/SDKs/MacOSX26.1.sdk/usr/include/libkern/i386/OSByteOrder.h
/Applications/Xcode.app/Contents/Developer/Platforms/MacOSX.platform/Developer/SDKs/MacOSX26.1.sdk/usr/include/libproc.h
/Applications/Xcode.app/Contents/Developer/Platforms/MacOSX.platform/Developer/SDKs/MacOSX26.1.sdk/usr/include/sys/mount.h
/Applications/Xcode.app/Contents/Developer/Platforms/MacOSX.platform/Developer/SDKs/MacOSX26.1.sdk/usr/include/sys/attr.h
/Applications/Xcode.app/Contents/Developer/Platforms/MacOSX.platform/Developer/SDKs/MacOSX26.1.sdk/usr/include/sys/proc_info.h
/Applications/Xcode.app/Contents/Developer/Platforms/MacOSX.platform/Developer/SDKs/MacOSX26.1.sdk/usr/include/sys/kern_control.h
/Applications/Xcode.app/Contents/Developer/Platforms/MacOSX.platform/Developer/SDKs/MacOSX26.1.sdk/usr/include/os/clock.h
/Applications/Xcode.app/Contents/Developer/Platforms/MacOSX.platform/Developer/SDKs/MacOSX26.1.sdk/usr/include/os/lock.h
/Applications/Xcode.app/Contents/Developer/Platforms/MacOSX.platform/Developer/SDKs/MacOSX26.1.sdk/usr/include/os/proc.h
/Applications/Xcode.app/Contents/Developer/Platforms/MacOSX.platform/Developer/SDKs/MacOSX26.1.sdk/usr/include/malloc/malloc.h
/Applications/Xcode.app/Contents/Developer/Platforms/MacOSX.platform/Developer/SDKs/MacOSX26.1.sdk/usr/include/malloc/_platform.h
/Applications/Xcode.app/Contents/Developer/Platforms/MacOSX.platform/Developer/SDKs/MacOSX26.1.sdk/usr/include/sys/malloc.h
/Applications/Xcode.app/Contents/Developer/Platforms/MacOSX.platform/Developer/SDKs/MacOSX26.1.sdk/usr/include/i386/_param.h
/Applications/Xcode.app/Contents/Developer/Platforms/MacOSX.platform/Developer/SDKs/MacOSX26.1.sdk/usr/include/machine/byte_order.h
/Applications/Xcode.app/Contents/Developer/Platforms/MacOSX.platform/Developer/SDKs/MacOSX26.1.sdk/usr/include/architecture/byte_order.h
/Applications/Xcode.app/Contents/Developer/Platforms/MacOSX.platform/Developer/SDKs/MacOSX26.1.sdk/usr/include/i386/eflags.h
/Applications/Xcode.app/Contents/Developer/Platforms/MacOSX.platform/Developer/SDKs/MacOSX26.1.sdk/usr/include/machine/fasttrap_isa.h
/Applications/Xcode.app/Contents/Developer/Platforms/MacOSX.platform/Developer/SDKs/MacOSX26.1.sdk/usr/include/arm/fasttrap_isa.h
/Applications/Xcode.app/Contents/Developer/Platforms/MacOSX.platform/Developer/SDKs/MacOSX26.1.sdk/usr/include/i386/fasttrap_isa.h
/Applications/Xcode.app/Contents/Developer/Platforms/MacOSX.platform/Developer/SDKs/MacOSX26.1.sdk/usr/include/i386/param.h
/Applications/Xcode.app/Contents/Developer/Platforms/MacOSX.platform/Developer/SDKs/MacOSX26.1.sdk/usr/include/machine/profile.h
/Applications/Xcode.app/Contents/Developer/Platforms/MacOSX.platform/Developer/SDKs/MacOSX26.1.sdk/usr/include/arm/profile.h
/Applications/Xcode.app/Contents/Developer/Platforms/MacOSX.platform/Developer/SDKs/MacOSX26.1.sdk/usr/include/i386/profile.h
/Applications/Xcode.app/Contents/Developer/Platforms/MacOSX.platform/Developer/SDKs/MacOSX26.1.sdk/usr/include/i386/user_ldt.h
/Applications/Xcode.app/Contents/Developer/Platforms/MacOSX.platform/Developer/SDKs/MacOSX26.1.sdk/usr/include/machine/vmparam.h
/Applications/Xcode.app/Contents/Developer/Platforms/MacOSX.platform/Developer/SDKs/MacOSX26.1.sdk/usr/include/arm/vmparam.h
/Applications/Xcode.app/Contents/Developer/Platforms/MacOSX.platform/Developer/SDKs/MacOSX26.1.sdk/usr/include/i386/vmparam.h
/Applications/Xcode.app/Contents/Developer/Platforms/MacOSX.platform/Developer/SDKs/MacOSX26.1.sdk/usr/include/aliasdb.h
/Applications/Xcode.app/Contents/Developer/Platforms/MacOSX.platform/Developer/SDKs/MacOSX26.1.sdk/usr/include/bootparams.h
/Applications/Xcode.app/Contents/Developer/Platforms/MacOSX.platform/Developer/SDKs/MacOSX26.1.sdk/usr/include/Block.h
/Applications/Xcode.app/Contents/Developer/Platforms/MacOSX.platform/Developer/SDKs/MacOSX26.1.sdk/usr/include/bsm/audit_domain.h
/Applications/Xcode.app/Contents/Developer/Platforms/MacOSX.platform/Developer/SDKs/MacOSX26.1.sdk/usr/include/bsm/audit_errno.h
/Applications/Xcode.app/Contents/Developer/Platforms/MacOSX.platform/Developer/SDKs/MacOSX26.1.sdk/usr/include/bsm/audit_fcntl.h
/Applications/Xcode.app/Contents/Developer/Platforms/MacOSX.platform/Developer/SDKs/MacOSX26.1.sdk/usr/include/bsm/audit_filter.h
/Applications/Xcode.app/Contents/Developer/Platforms/MacOSX.platform/Developer/SDKs/MacOSX26.1.sdk/usr/include/bsm/libbsm.h
/Applications/Xcode.app/Contents/Developer/Platforms/MacOSX.platform/Developer/SDKs/MacOSX26.1.sdk/usr/include/bsm/audit_record.h
/Applications/Xcode.app/Contents/Developer/Platforms/MacOSX.platform/Developer/SDKs/MacOSX26.1.sdk/usr/include/bsm/audit_internal.h
/Applications/Xcode.app/Contents/Developer/Platforms/MacOSX.platform/Developer/SDKs/MacOSX26.1.sdk/usr/include/bsm/audit_kevents.h
/Applications/Xcode.app/Contents/Developer/Platforms/MacOSX.platform/Developer/SDKs/MacOSX26.1.sdk/usr/include/bsm/audit_session.h
/Applications/Xcode.app/Contents/Developer/Platforms/MacOSX.platform/Developer/SDKs/MacOSX26.1.sdk/usr/include/bsm/audit_socket_type.h
/Applications/Xcode.app/Contents/Developer/Platforms/MacOSX.platform/Developer/SDKs/MacOSX26.1.sdk/usr/include/bsm/audit_uevents.h
/Applications/Xcode.app/Contents/Developer/Platforms/MacOSX.platform/Developer/SDKs/MacOSX26.1.sdk/usr/include/execinfo.h
/Applications/Xcode.app/Contents/Developer/Platforms/MacOSX.platform/Developer/SDKs/MacOSX26.1.sdk/usr/include/fstab.h
/Applications/Xcode.app/Contents/Developer/Platforms/MacOSX.platform/Developer/SDKs/MacOSX26.1.sdk/usr/include/hfs/hfs_format.h
/Applications/Xcode.app/Contents/Developer/Platforms/MacOSX.platform/Developer/SDKs/MacOSX26.1.sdk/usr/include/hfs/hfs_unistr.h
/Applications/Xcode.app/Contents/Developer/Platforms/MacOSX.platform/Developer/SDKs/MacOSX26.1.sdk/usr/include/hfs/hfs_mount.h
/Applications/Xcode.app/Contents/Developer/Platforms/MacOSX.platform/Developer/SDKs/MacOSX26.1.sdk/usr/include/membership.h
/Applications/Xcode.app/Contents/Developer/Platforms/MacOSX.platform/Developer/SDKs/MacOSX26.1.sdk/usr/include/ntsid.h
/Applications/Xcode.app/Contents/Developer/Platforms/MacOSX.platform/Developer/SDKs/MacOSX26.1.sdk/usr/include/curses.h
/Applications/Xcode.app/Contents/Developer/Platforms/MacOSX.platform/Developer/SDKs/MacOSX26.1.sdk/usr/include/ncurses_dll.h
/Applications/Xcode.app/Contents/Developer/Platforms/MacOSX.platform/Developer/SDKs/MacOSX26.1.sdk/usr/include/unctrl.h
/Applications/Xcode.app/Contents/Developer/Platforms/MacOSX.platform/Developer/SDKs/MacOSX26.1.sdk/usr/include/eti.h
/Applications/Xcode.app/Contents/Developer/Platforms/MacOSX.platform/Developer/SDKs/MacOSX26.1.sdk/usr/include/nc_tparm.h
/Applications/Xcode.app/Contents/Developer/Platforms/MacOSX.platform/Developer/SDKs/MacOSX26.1.sdk/usr/include/form.h
/Applications/Xcode.app/Contents/Developer/Platforms/MacOSX.platform/Developer/SDKs/MacOSX26.1.sdk/usr/include/menu.h
/Applications/Xcode.app/Contents/Developer/Platforms/MacOSX.platform/Developer/SDKs/MacOSX26.1.sdk/usr/include/panel.h
/Applications/Xcode.app/Contents/Developer/Platforms/MacOSX.platform/Developer/SDKs/MacOSX26.1.sdk/usr/include/netinet6/ah.h
/Applications/Xcode.app/Contents/Developer/Platforms/MacOSX.platform/Developer/SDKs/MacOSX26.1.sdk/usr/include/netinet6/esp.h
/Applications/Xcode.app/Contents/Developer/Platforms/MacOSX.platform/Developer/SDKs/MacOSX26.1.sdk/usr/include/netinet6/ipcomp.h
/Applications/Xcode.app/Contents/Developer/Platforms/MacOSX.platform/Developer/SDKs/MacOSX26.1.sdk/usr/include/netinet6/ipsec.h
/Applications/Xcode.app/Contents/Developer/Platforms/MacOSX.platform/Developer/SDKs/MacOSX26.1.sdk/usr/include/netinet6/raw_ip6.h
/Applications/Xcode.app/Contents/Developer/Platforms/MacOSX.platform/Developer/SDKs/MacOSX26.1.sdk/usr/include/printerdb.h
/Applications/Xcode.app/Contents/Developer/Platforms/MacOSX.platform/Developer/SDKs/MacOSX26.1.sdk/usr/include/sys/_structs.h
/Applications/Xcode.app/Contents/Developer/Platforms/MacOSX.platform/Developer/SDKs/MacOSX26.1.sdk/usr/include/sys/acct.h
/Applications/Xcode.app/Contents/Developer/Platforms/MacOSX.platform/Developer/SDKs/MacOSX26.1.sdk/usr/include/sys/acl.h
/Applications/Xcode.app/Contents/Developer/Platforms/MacOSX.platform/Developer/SDKs/MacOSX26.1.sdk/usr/include/sys/kauth.h
/Applications/Xcode.app/Contents/Developer/Platforms/MacOSX.platform/Developer/SDKs/MacOSX26.1.sdk/usr/include/sys/buf.h
/Applications/Xcode.app/Contents/Developer/Platforms/MacOSX.platform/Developer/SDKs/MacOSX26.1.sdk/usr/include/sys/kernel_types.h
/Applications/Xcode.app/Contents/Developer/Platforms/MacOSX.platform/Developer/SDKs/MacOSX26.1.sdk/usr/include/sys/clonefile.h
/Applications/Xcode.app/Contents/Developer/Platforms/MacOSX.platform/Developer/SDKs/MacOSX26.1.sdk/usr/include/sys/commpage.h
/Applications/Xcode.app/Contents/Developer/Platforms/MacOSX.platform/Developer/SDKs/MacOSX26.1.sdk/usr/include/sys/conf.h
/Applications/Xcode.app/Contents/Developer/Platforms/MacOSX.platform/Developer/SDKs/MacOSX26.1.sdk/usr/include/sys/disk.h
/Applications/Xcode.app/Contents/Developer/Platforms/MacOSX.platform/Developer/SDKs/MacOSX26.1.sdk/usr/include/sys/dkstat.h
/Applications/Xcode.app/Contents/Developer/Platforms/MacOSX.platform/Developer/SDKs/MacOSX26.1.sdk/usr/include/sys/domain.h
/Applications/Xcode.app/Contents/Developer/Platforms/MacOSX.platform/Developer/SDKs/MacOSX26.1.sdk/usr/include/sys/ev.h
/Applications/Xcode.app/Contents/Developer/Platforms/MacOSX.platform/Developer/SDKs/MacOSX26.1.sdk/usr/include/sys/file.h
/Applications/Xcode.app/Contents/Developer/Platforms/MacOSX.platform/Developer/SDKs/MacOSX26.1.sdk/usr/include/sys/filedesc.h
/Applications/Xcode.app/Contents/Developer/Platforms/MacOSX.platform/Developer/SDKs/MacOSX26.1.sdk/usr/include/sys/fileport.h
/Applications/Xcode.app/Contents/Developer/Platforms/MacOSX.platform/Developer/SDKs/MacOSX26.1.sdk/usr/include/sys/fsgetpath.h
/Applications/Xcode.app/Contents/Developer/Platforms/MacOSX.platform/Developer/SDKs/MacOSX26.1.sdk/usr/include/sys/gmon.h
/Applications/Xcode.app/Contents/Developer/Platforms/MacOSX.platform/Developer/SDKs/MacOSX26.1.sdk/usr/include/sys/ioctl_compat.h
/Applications/Xcode.app/Contents/Developer/Platforms/MacOSX.platform/Developer/SDKs/MacOSX26.1.sdk/usr/include/sys/ttychars.h
/Applications/Xcode.app/Contents/Developer/Platforms/MacOSX.platform/Developer/SDKs/MacOSX26.1.sdk/usr/include/sys/ttydev.h
/Applications/Xcode.app/Contents/Developer/Platforms/MacOSX.platform/Developer/SDKs/MacOSX26.1.sdk/usr/include/sys/kdebug.h
/Applications/Xcode.app/Contents/Developer/Platforms/MacOSX.platform/Developer/SDKs/MacOSX26.1.sdk/usr/include/sys/kdebug_signpost.h
/Applications/Xcode.app/Contents/Developer/Platforms/MacOSX.platform/Developer/SDKs/MacOSX26.1.sdk/usr/include/sys/lctx.h
/Applications/Xcode.app/Contents/Developer/Platforms/MacOSX.platform/Developer/SDKs/MacOSX26.1.sdk/usr/include/sys/mbuf.h
/Applications/Xcode.app/Contents/Developer/Platforms/MacOSX.platform/Developer/SDKs/MacOSX26.1.sdk/usr/include/sys/msgbuf.h
/Applications/Xcode.app/Contents/Developer/Platforms/MacOSX.platform/Developer/SDKs/MacOSX26.1.sdk/usr/include/sys/netport.h
/Applications/Xcode.app/Contents/Developer/Platforms/MacOSX.platform/Developer/SDKs/MacOSX26.1.sdk/usr/include/sys/paths.h
/Applications/Xcode.app/Contents/Developer/Platforms/MacOSX.platform/Developer/SDKs/MacOSX26.1.sdk/usr/include/sys/pipe.h
/Applications/Xcode.app/Contents/Developer/Platforms/MacOSX.platform/Developer/SDKs/MacOSX26.1.sdk/usr/include/sys/quota.h
/Applications/Xcode.app/Contents/Developer/Platforms/MacOSX.platform/Developer/SDKs/MacOSX26.1.sdk/usr/include/sys/rbtree.h
/Applications/Xcode.app/Contents/Developer/Platforms/MacOSX.platform/Developer/SDKs/MacOSX26.1.sdk/usr/include/sys/reboot.h
/Applications/Xcode.app/Contents/Developer/Platforms/MacOSX.platform/Developer/SDKs/MacOSX26.1.sdk/usr/include/sys/resourcevar.h
/Applications/Xcode.app/Contents/Developer/Platforms/MacOSX.platform/Developer/SDKs/MacOSX26.1.sdk/usr/include/sys/sbuf.h
/Applications/Xcode.app/Contents/Developer/Platforms/MacOSX.platform/Developer/SDKs/MacOSX26.1.sdk/usr/include/sys/signalvar.h
/Applications/Xcode.app/Contents/Developer/Platforms/MacOSX.platform/Developer/SDKs/MacOSX26.1.sdk/usr/include/sys/syscall.h
/Applications/Xcode.app/Contents/Developer/Platforms/MacOSX.platform/Developer/SDKs/MacOSX26.1.sdk/usr/include/sys/timeb.h
/Applications/Xcode.app/Contents/Developer/Platforms/MacOSX.platform/Developer/SDKs/MacOSX26.1.sdk/usr/include/sys/trace.h
/Applications/Xcode.app/Contents/Developer/Platforms/MacOSX.platform/Developer/SDKs/MacOSX26.1.sdk/usr/include/sys/tty.h
/Applications/Xcode.app/Contents/Developer/Platforms/MacOSX.platform/Developer/SDKs/MacOSX26.1.sdk/usr/include/sys/ucontext.h
/Applications/Xcode.app/Contents/Developer/Platforms/MacOSX.platform/Developer/SDKs/MacOSX26.1.sdk/usr/include/sys/unpcb.h
/Applications/Xcode.app/Contents/Developer/Platforms/MacOSX.platform/Developer/SDKs/MacOSX26.1.sdk/usr/include/sys/user.h
/Applications/Xcode.app/Contents/Developer/Platforms/MacOSX.platform/Developer/SDKs/MacOSX26.1.sdk/usr/include/sys/utfconv.h
/Applications/Xcode.app/Contents/Developer/Platforms/MacOSX.platform/Developer/SDKs/MacOSX26.1.sdk/usr/include/sys/vcmd.h
/Applications/Xcode.app/Contents/Developer/Platforms/MacOSX.platform/Developer/SDKs/MacOSX26.1.sdk/usr/include/sys/vnode.h
/Applications/Xcode.app/Contents/Developer/Platforms/MacOSX.platform/Developer/SDKs/MacOSX26.1.sdk/usr/include/_modules/_darwin_sys_signal.h
/Applications/Xcode.app/Contents/Developer/Platforms/MacOSX.platform/Developer/SDKs/MacOSX26.1.sdk/usr/include/sysdir.h
/Applications/Xcode.app/Contents/Developer/Platforms/MacOSX.platform/Developer/SDKs/MacOSX26.1.sdk/usr/include/libc.h
/Applications/Xcode.app/Contents/Developer/Platforms/MacOSX.platform/Developer/SDKs/MacOSX26.1.sdk/usr/include/paths.h
/Applications/Xcode.app/Contents/Developer/Platforms/MacOSX.platform/Developer/SDKs/MacOSX26.1.sdk/usr/include/sysexits.h
/Applications/Xcode.app/Contents/Developer/Platforms/MacOSX.platform/Developer/SDKs/MacOSX26.1.sdk/SDKSettings.json
/Applications/Xcode.app/Contents/Developer/Toolchains/XcodeDefault.xctoolchain/usr/lib/swift/macosx/prebuilt-modules/26.1/Darwin.swiftmodule/arm64e-apple-macos.swiftmodule
/Applications/Xcode.app/Contents/Developer/Toolchains/XcodeDefault.xctoolchain/usr/lib/swift/macosx/prebuilt-modules/26.1/DataDetection.swiftmodule/arm64e-apple-macos.swiftmodule
/Applications/Xcode.app/Contents/Developer/Platforms/MacOSX.platform/Developer/SDKs/MacOSX26.1.sdk/System/Library/Frameworks/DataDetection.framework/Modules/module.modulemap
/Applications/Xcode.app/Contents/Developer/Platforms/MacOSX.platform/Developer/SDKs/MacOSX26.1.sdk/System/Library/Frameworks/DataDetection.framework/Headers/DataDetection.h
/Applications/Xcode.app/Contents/Developer/Platforms/MacOSX.platform/Developer/SDKs/MacOSX26.1.sdk/System/Library/Frameworks/Foundation.framework/Modules/module.modulemap
/Applications/Xcode.app/Contents/Developer/Platforms/MacOSX.platform/Developer/SDKs/MacOSX26.1.sdk/System/Library/Frameworks/DataDetection.framework/Headers/DataDetectionBase.h
/Applications/Xcode.app/Contents/Developer/Platforms/MacOSX.platform/Developer/SDKs/MacOSX26.1.sdk/System/Library/Frameworks/DataDetection.framework/Headers/DDMatch.h
/Applications/Xcode.app/Contents/Developer/Platforms/MacOSX.platform/Developer/SDKs/MacOSX26.1.sdk/SDKSettings.json
/Applications/Xcode.app/Contents/Developer/Platforms/MacOSX.platform/Developer/SDKs/MacOSX26.1.sdk/System/Library/Frameworks/DeveloperToolsSupport.framework/Modules/module.modulemap
/Applications/Xcode.app/Contents/Developer/Platforms/MacOSX.platform/Developer/SDKs/MacOSX26.1.sdk/SDKSettings.json
/Applications/Xcode.app/Contents/Developer/Toolchains/XcodeDefault.xctoolchain/usr/lib/swift/macosx/prebuilt-modules/26.1/DeveloperToolsSupport.swiftmodule/arm64e-apple-macos.swiftmodule
/Applications/Xcode.app/Contents/Developer/Platforms/MacOSX.platform/Developer/SDKs/MacOSX26.1.sdk/System/Library/Frameworks/DiskArbitration.framework/Modules/module.modulemap
/Applications/Xcode.app/Contents/Developer/Platforms/MacOSX.platform/Developer/SDKs/MacOSX26.1.sdk/System/Library/Frameworks/DiskArbitration.framework/Headers/DiskArbitration.h
/Applications/Xcode.app/Contents/Developer/Platforms/MacOSX.platform/Developer/SDKs/MacOSX26.1.sdk/System/Library/Frameworks/CoreFoundation.framework/Modules/module.modulemap
/Applications/Xcode.app/Contents/Developer/Platforms/MacOSX.platform/Developer/SDKs/MacOSX26.1.sdk/usr/include/Darwin.modulemap
/Applications/Xcode.app/Contents/Developer/Platforms/MacOSX.platform/Developer/SDKs/MacOSX26.1.sdk/usr/include/DarwinFoundation1.modulemap
/Applications/Xcode.app/Contents/Developer/Platforms/MacOSX.platform/Developer/SDKs/MacOSX26.1.sdk/System/Library/Frameworks/DiskArbitration.framework/Headers/DADisk.h
/Applications/Xcode.app/Contents/Developer/Platforms/MacOSX.platform/Developer/SDKs/MacOSX26.1.sdk/System/Library/Frameworks/IOKit.framework/Modules/module.modulemap
/Applications/Xcode.app/Contents/Developer/Platforms/MacOSX.platform/Developer/SDKs/MacOSX26.1.sdk/System/Library/Frameworks/DiskArbitration.framework/Headers/DASession.h
/Applications/Xcode.app/Contents/Developer/Platforms/MacOSX.platform/Developer/SDKs/MacOSX26.1.sdk/System/Library/Frameworks/DiskArbitration.framework/Headers/DADissenter.h
/Applications/Xcode.app/Contents/Developer/Platforms/MacOSX.platform/Developer/SDKs/MacOSX26.1.sdk/SDKSettings.json
/Applications/Xcode.app/Contents/Developer/Platforms/MacOSX.platform/Developer/SDKs/MacOSX26.1.sdk/usr/include/Dispatch.apinotes
/Applications/Xcode.app/Contents/Developer/Platforms/MacOSX.platform/Developer/SDKs/MacOSX26.1.sdk/usr/include/dispatch.modulemap
/Applications/Xcode.app/Contents/Developer/Platforms/MacOSX.platform/Developer/SDKs/MacOSX26.1.sdk/usr/include/os.modulemap
/Applications/Xcode.app/Contents/Developer/Platforms/MacOSX.platform/Developer/SDKs/MacOSX26.1.sdk/usr/include/Darwin.modulemap
/Applications/Xcode.app/Contents/Developer/Platforms/MacOSX.platform/Developer/SDKs/MacOSX26.1.sdk/usr/include/Darwin_C.modulemap
/Applications/Xcode.app/Contents/Developer/Platforms/MacOSX.platform/Developer/SDKs/MacOSX26.1.sdk/usr/include/Darwin_POSIX.modulemap
/Applications/Xcode.app/Contents/Developer/Platforms/MacOSX.platform/Developer/SDKs/MacOSX26.1.sdk/usr/include/net.modulemap
/Applications/Xcode.app/Contents/Developer/Platforms/MacOSX.platform/Developer/SDKs/MacOSX26.1.sdk/usr/include/netinet.modulemap
/Applications/Xcode.app/Contents/Developer/Platforms/MacOSX.platform/Developer/SDKs/MacOSX26.1.sdk/usr/include/bank.modulemap
/Applications/Xcode.app/Contents/Developer/Platforms/MacOSX.platform/Developer/SDKs/MacOSX26.1.sdk/usr/include/Darwin_Mach.modulemap
/Applications/Xcode.app/Contents/Developer/Platforms/MacOSX.platform/Developer/SDKs/MacOSX26.1.sdk/usr/include/Darwin_Mach_machine.modulemap
/Applications/Xcode.app/Contents/Developer/Platforms/MacOSX.platform/Developer/SDKs/MacOSX26.1.sdk/usr/include/mach_debug.modulemap
/Applications/Xcode.app/Contents/Developer/Platforms/MacOSX.platform/Developer/SDKs/MacOSX26.1.sdk/usr/include/device.modulemap
/Applications/Xcode.app/Contents/Developer/Platforms/MacOSX.platform/Developer/SDKs/MacOSX26.1.sdk/usr/include/Darwin_machine.modulemap
/Applications/Xcode.app/Contents/Developer/Platforms/MacOSX.platform/Developer/SDKs/MacOSX26.1.sdk/usr/include/ncurses.modulemap
/Applications/Xcode.app/Contents/Developer/Platforms/MacOSX.platform/Developer/SDKs/MacOSX26.1.sdk/usr/include/netinet6.modulemap
/Applications/Xcode.app/Contents/Developer/Platforms/MacOSX.platform/Developer/SDKs/MacOSX26.1.sdk/usr/include/Darwin_sys.modulemap
/Applications/Xcode.app/Contents/Developer/Platforms/MacOSX.platform/Developer/SDKs/MacOSX26.1.sdk/usr/include/uuid.modulemap
/Applications/Xcode.app/Contents/Developer/Platforms/MacOSX.platform/Developer/SDKs/MacOSX26.1.sdk/usr/include/DarwinFoundation2.modulemap
/Applications/Xcode.app/Contents/Developer/Platforms/MacOSX.platform/Developer/SDKs/MacOSX26.1.sdk/usr/include/DarwinFoundation3.modulemap
/Applications/Xcode.app/Contents/Developer/Platforms/MacOSX.platform/Developer/SDKs/MacOSX26.1.sdk/usr/include/DarwinFoundation1.modulemap
/Applications/Xcode.app/Contents/Developer/Platforms/MacOSX.platform/Developer/SDKs/MacOSX26.1.sdk/usr/include/dispatch/dispatch.h
/Applications/Xcode.app/Contents/Developer/Toolchains/XcodeDefault.xctoolchain/usr/lib/swift/clang/include/module.modulemap
/Applications/Xcode.app/Contents/Developer/Toolchains/XcodeDefault.xctoolchain/usr/lib/swift/clang/include/stddef.h
/Applications/Xcode.app/Contents/Developer/Toolchains/XcodeDefault.xctoolchain/usr/lib/swift/clang/include/stdarg.h
/Applications/Xcode.app/Contents/Developer/Platforms/MacOSX.platform/Developer/SDKs/MacOSX26.1.sdk/usr/include/string.h
/Applications/Xcode.app/Contents/Developer/Platforms/MacOSX.platform/Developer/SDKs/MacOSX26.1.sdk/usr/include/dispatch/base.h
/Applications/Xcode.app/Contents/Developer/Platforms/MacOSX.platform/Developer/SDKs/MacOSX26.1.sdk/usr/include/dispatch/time.h
/Applications/Xcode.app/Contents/Developer/Platforms/MacOSX.platform/Developer/SDKs/MacOSX26.1.sdk/usr/include/dispatch/object.h
/Applications/Xcode.app/Contents/Developer/Platforms/MacOSX.platform/Developer/SDKs/MacOSX26.1.sdk/usr/include/dispatch/queue.h
/Applications/Xcode.app/Contents/Developer/Platforms/MacOSX.platform/Developer/SDKs/MacOSX26.1.sdk/usr/include/dispatch/block.h
/Applications/Xcode.app/Contents/Developer/Platforms/MacOSX.platform/Developer/SDKs/MacOSX26.1.sdk/usr/include/dispatch/source.h
/Applications/Xcode.app/Contents/Developer/Platforms/MacOSX.platform/Developer/SDKs/MacOSX26.1.sdk/usr/include/dispatch/group.h
/Applications/Xcode.app/Contents/Developer/Platforms/MacOSX.platform/Developer/SDKs/MacOSX26.1.sdk/usr/include/dispatch/semaphore.h
/Applications/Xcode.app/Contents/Developer/Platforms/MacOSX.platform/Developer/SDKs/MacOSX26.1.sdk/usr/include/dispatch/once.h
/Applications/Xcode.app/Contents/Developer/Platforms/MacOSX.platform/Developer/SDKs/MacOSX26.1.sdk/usr/include/dispatch/data.h
/Applications/Xcode.app/Contents/Developer/Platforms/MacOSX.platform/Developer/SDKs/MacOSX26.1.sdk/usr/include/dispatch/io.h
/Applications/Xcode.app/Contents/Developer/Platforms/MacOSX.platform/Developer/SDKs/MacOSX26.1.sdk/usr/include/dispatch/workloop.h
/Applications/Xcode.app/Contents/Developer/Platforms/MacOSX.platform/Developer/SDKs/MacOSX26.1.sdk/usr/include/dispatch/dispatch_swift_shims.h
/Applications/Xcode.app/Contents/Developer/Platforms/MacOSX.platform/Developer/SDKs/MacOSX26.1.sdk/SDKSettings.json
/Applications/Xcode.app/Contents/Developer/Toolchains/XcodeDefault.xctoolchain/usr/lib/swift/macosx/prebuilt-modules/26.1/Dispatch.swiftmodule/arm64e-apple-macos.swiftmodule
/Applications/Xcode.app/Contents/Developer/Platforms/MacOSX.platform/Developer/SDKs/MacOSX26.1.sdk/System/Library/Frameworks/Foundation.framework/Headers/Foundation.apinotes
/Applications/Xcode.app/Contents/Developer/Platforms/MacOSX.platform/Developer/SDKs/MacOSX26.1.sdk/System/Library/Frameworks/Foundation.framework/Modules/module.modulemap
/Applications/Xcode.app/Contents/Developer/Platforms/MacOSX.platform/Developer/SDKs/MacOSX26.1.sdk/System/Library/Frameworks/Foundation.framework/Headers/Foundation.h
/Applications/Xcode.app/Contents/Developer/Platforms/MacOSX.platform/Developer/SDKs/MacOSX26.1.sdk/System/Library/Frameworks/CoreFoundation.framework/Modules/module.modulemap
/Applications/Xcode.app/Contents/Developer/Platforms/MacOSX.platform/Developer/SDKs/MacOSX26.1.sdk/System/Library/Frameworks/Foundation.framework/Headers/NSObjCRuntime.h
/Applications/Xcode.app/Contents/Developer/Platforms/MacOSX.platform/Developer/SDKs/MacOSX26.1.sdk/usr/include/xpc.modulemap
/Applications/Xcode.app/Contents/Developer/Platforms/MacOSX.platform/Developer/SDKs/MacOSX26.1.sdk/usr/include/dispatch.modulemap
/Applications/Xcode.app/Contents/Developer/Platforms/MacOSX.platform/Developer/SDKs/MacOSX26.1.sdk/usr/include/ObjectiveC.modulemap
/Applications/Xcode.app/Contents/Developer/Platforms/MacOSX.platform/Developer/SDKs/MacOSX26.1.sdk/usr/include/Darwin.modulemap
/Applications/Xcode.app/Contents/Developer/Platforms/MacOSX.platform/Developer/SDKs/MacOSX26.1.sdk/usr/include/DarwinFoundation1.modulemap
/Applications/Xcode.app/Contents/Developer/Toolchains/XcodeDefault.xctoolchain/usr/lib/swift/clang/include/module.modulemap
/Applications/Xcode.app/Contents/Developer/Toolchains/XcodeDefault.xctoolchain/usr/lib/swift/clang/include/stdarg.h
/Applications/Xcode.app/Contents/Developer/Platforms/MacOSX.platform/Developer/SDKs/MacOSX26.1.sdk/System/Library/Frameworks/Foundation.framework/Headers/NSArray.h
/Applications/Xcode.app/Contents/Developer/Platforms/MacOSX.platform/Developer/SDKs/MacOSX26.1.sdk/System/Library/Frameworks/Foundation.framework/Headers/NSObject.h
/Applications/Xcode.app/Contents/Developer/Platforms/MacOSX.platform/Developer/SDKs/MacOSX26.1.sdk/System/Library/Frameworks/Foundation.framework/Headers/NSZone.h
/Applications/Xcode.app/Contents/Developer/Toolchains/XcodeDefault.xctoolchain/usr/lib/swift/clang/include/stddef.h
/Applications/Xcode.app/Contents/Developer/Platforms/MacOSX.platform/Developer/SDKs/MacOSX26.1.sdk/System/Library/Frameworks/Foundation.framework/Headers/NSEnumerator.h
/Applications/Xcode.app/Contents/Developer/Platforms/MacOSX.platform/Developer/SDKs/MacOSX26.1.sdk/System/Library/Frameworks/Foundation.framework/Headers/NSRange.h
/Applications/Xcode.app/Contents/Developer/Platforms/MacOSX.platform/Developer/SDKs/MacOSX26.1.sdk/System/Library/Frameworks/Foundation.framework/Headers/NSValue.h
/Applications/Xcode.app/Contents/Developer/Platforms/MacOSX.platform/Developer/SDKs/MacOSX26.1.sdk/System/Library/Frameworks/Foundation.framework/Headers/NSOrderedCollectionDifference.h
/Applications/Xcode.app/Contents/Developer/Platforms/MacOSX.platform/Developer/SDKs/MacOSX26.1.sdk/System/Library/Frameworks/Foundation.framework/Headers/NSOrderedCollectionChange.h
/Applications/Xcode.app/Contents/Developer/Platforms/MacOSX.platform/Developer/SDKs/MacOSX26.1.sdk/System/Library/Frameworks/Foundation.framework/Headers/NSIndexSet.h
/Applications/Xcode.app/Contents/Developer/Platforms/MacOSX.platform/Developer/SDKs/MacOSX26.1.sdk/System/Library/Frameworks/Foundation.framework/Headers/NSAutoreleasePool.h
/Applications/Xcode.app/Contents/Developer/Platforms/MacOSX.platform/Developer/SDKs/MacOSX26.1.sdk/System/Library/Frameworks/Foundation.framework/Headers/NSBundle.h
/Applications/Xcode.app/Contents/Developer/Platforms/MacOSX.platform/Developer/SDKs/MacOSX26.1.sdk/System/Library/Frameworks/Foundation.framework/Headers/NSString.h
/Applications/Xcode.app/Contents/Developer/Platforms/MacOSX.platform/Developer/SDKs/MacOSX26.1.sdk/System/Library/Frameworks/Foundation.framework/Headers/NSItemProvider.h
/Applications/Xcode.app/Contents/Developer/Platforms/MacOSX.platform/Developer/SDKs/MacOSX26.1.sdk/System/Library/Frameworks/Foundation.framework/Headers/NSDictionary.h
/Applications/Xcode.app/Contents/Developer/Platforms/MacOSX.platform/Developer/SDKs/MacOSX26.1.sdk/System/Library/Frameworks/Foundation.framework/Headers/NSSet.h
/Applications/Xcode.app/Contents/Developer/Platforms/MacOSX.platform/Developer/SDKs/MacOSX26.1.sdk/System/Library/Frameworks/Foundation.framework/Headers/NSProgress.h
/Applications/Xcode.app/Contents/Developer/Platforms/MacOSX.platform/Developer/SDKs/MacOSX26.1.sdk/System/Library/Frameworks/Foundation.framework/Headers/NSNotification.h
/Applications/Xcode.app/Contents/Developer/Platforms/MacOSX.platform/Developer/SDKs/MacOSX26.1.sdk/System/Library/Frameworks/Foundation.framework/Headers/NSByteOrder.h
/Applications/Xcode.app/Contents/Developer/Platforms/MacOSX.platform/Developer/SDKs/MacOSX26.1.sdk/System/Library/Frameworks/Foundation.framework/Headers/NSCalendar.h
/Applications/Xcode.app/Contents/Developer/Platforms/MacOSX.platform/Developer/SDKs/MacOSX26.1.sdk/System/Library/Frameworks/Foundation.framework/Headers/NSDate.h
/Applications/Xcode.app/Contents/Developer/Platforms/MacOSX.platform/Developer/SDKs/MacOSX26.1.sdk/System/Library/Frameworks/Foundation.framework/Headers/NSCharacterSet.h
/Applications/Xcode.app/Contents/Developer/Platforms/MacOSX.platform/Developer/SDKs/MacOSX26.1.sdk/System/Library/Frameworks/Foundation.framework/Headers/NSCoder.h
/Applications/Xcode.app/Contents/Developer/Platforms/MacOSX.platform/Developer/SDKs/MacOSX26.1.sdk/System/Library/Frameworks/Foundation.framework/Headers/NSData.h
/Applications/Xcode.app/Contents/Developer/Platforms/MacOSX.platform/Developer/SDKs/MacOSX26.1.sdk/System/Library/Frameworks/Foundation.framework/Headers/NSDateInterval.h
/Applications/Xcode.app/Contents/Developer/Platforms/MacOSX.platform/Developer/SDKs/MacOSX26.1.sdk/System/Library/Frameworks/Foundation.framework/Headers/NSDateFormatter.h
/Applications/Xcode.app/Contents/Developer/Platforms/MacOSX.platform/Developer/SDKs/MacOSX26.1.sdk/System/Library/Frameworks/Foundation.framework/Headers/NSFormatter.h
/Applications/Xcode.app/Contents/Developer/Platforms/MacOSX.platform/Developer/SDKs/MacOSX26.1.sdk/System/Library/Frameworks/Foundation.framework/Headers/NSAttributedString.h
/Applications/Xcode.app/Contents/Developer/Platforms/MacOSX.platform/Developer/SDKs/MacOSX26.1.sdk/System/Library/Frameworks/Foundation.framework/Headers/NSDateIntervalFormatter.h
/Applications/Xcode.app/Contents/Developer/Platforms/MacOSX.platform/Developer/SDKs/MacOSX26.1.sdk/System/Library/Frameworks/Foundation.framework/Headers/NSISO8601DateFormatter.h
/Applications/Xcode.app/Contents/Developer/Platforms/MacOSX.platform/Developer/SDKs/MacOSX26.1.sdk/System/Library/Frameworks/Foundation.framework/Headers/NSMassFormatter.h
/Applications/Xcode.app/Contents/Developer/Platforms/MacOSX.platform/Developer/SDKs/MacOSX26.1.sdk/System/Library/Frameworks/Foundation.framework/Headers/NSLengthFormatter.h
/Applications/Xcode.app/Contents/Developer/Platforms/MacOSX.platform/Developer/SDKs/MacOSX26.1.sdk/System/Library/Frameworks/Foundation.framework/Headers/NSEnergyFormatter.h
/Applications/Xcode.app/Contents/Developer/Platforms/MacOSX.platform/Developer/SDKs/MacOSX26.1.sdk/System/Library/Frameworks/Foundation.framework/Headers/NSMeasurementFormatter.h
/Applications/Xcode.app/Contents/Developer/Platforms/MacOSX.platform/Developer/SDKs/MacOSX26.1.sdk/System/Library/Frameworks/Foundation.framework/Headers/NSNumberFormatter.h
/Applications/Xcode.app/Contents/Developer/Platforms/MacOSX.platform/Developer/SDKs/MacOSX26.1.sdk/System/Library/Frameworks/Foundation.framework/Headers/NSMeasurement.h
/Applications/Xcode.app/Contents/Developer/Platforms/MacOSX.platform/Developer/SDKs/MacOSX26.1.sdk/System/Library/Frameworks/Foundation.framework/Headers/NSUnit.h
/Applications/Xcode.app/Contents/Developer/Platforms/MacOSX.platform/Developer/SDKs/MacOSX26.1.sdk/System/Library/Frameworks/Foundation.framework/Headers/NSLocale.h
/Applications/Xcode.app/Contents/Developer/Platforms/MacOSX.platform/Developer/SDKs/MacOSX26.1.sdk/System/Library/Frameworks/Foundation.framework/Headers/NSPersonNameComponents.h
/Applications/Xcode.app/Contents/Developer/Platforms/MacOSX.platform/Developer/SDKs/MacOSX26.1.sdk/System/Library/Frameworks/Foundation.framework/Headers/NSPersonNameComponentsFormatter.h
/Applications/Xcode.app/Contents/Developer/Platforms/MacOSX.platform/Developer/SDKs/MacOSX26.1.sdk/System/Library/Frameworks/Foundation.framework/Headers/NSRelativeDateTimeFormatter.h
/Applications/Xcode.app/Contents/Developer/Platforms/MacOSX.platform/Developer/SDKs/MacOSX26.1.sdk/System/Library/Frameworks/Foundation.framework/Headers/NSListFormatter.h
/Applications/Xcode.app/Contents/Developer/Platforms/MacOSX.platform/Developer/SDKs/MacOSX26.1.sdk/System/Library/Frameworks/Foundation.framework/Headers/NSDecimal.h
/Applications/Xcode.app/Contents/Developer/Platforms/MacOSX.platform/Developer/SDKs/MacOSX26.1.sdk/System/Library/Frameworks/Foundation.framework/Headers/NSDecimalNumber.h
/Applications/Xcode.app/Contents/Developer/Platforms/MacOSX.platform/Developer/SDKs/MacOSX26.1.sdk/System/Library/Frameworks/Foundation.framework/Headers/NSScanner.h
/Applications/Xcode.app/Contents/Developer/Platforms/MacOSX.platform/Developer/SDKs/MacOSX26.1.sdk/System/Library/Frameworks/Foundation.framework/Headers/NSException.h
/Applications/Xcode.app/Contents/Developer/Platforms/MacOSX.platform/Developer/SDKs/MacOSX26.1.sdk/System/Library/Frameworks/Foundation.framework/Headers/NSError.h
/Applications/Xcode.app/Contents/Developer/Platforms/MacOSX.platform/Developer/SDKs/MacOSX26.1.sdk/System/Library/Frameworks/Foundation.framework/Headers/NSFileHandle.h
/Applications/Xcode.app/Contents/Developer/Platforms/MacOSX.platform/Developer/SDKs/MacOSX26.1.sdk/System/Library/Frameworks/Foundation.framework/Headers/NSRunLoop.h
/Applications/Xcode.app/Contents/Developer/Platforms/MacOSX.platform/Developer/SDKs/MacOSX26.1.sdk/System/Library/Frameworks/Foundation.framework/Headers/NSFileManager.h
/Applications/Xcode.app/Contents/Developer/Platforms/MacOSX.platform/Developer/SDKs/MacOSX26.1.sdk/System/Library/Frameworks/Foundation.framework/Headers/NSPathUtilities.h
/Applications/Xcode.app/Contents/Developer/Platforms/MacOSX.platform/Developer/SDKs/MacOSX26.1.sdk/System/Library/Frameworks/Foundation.framework/Headers/NSURL.h
/Applications/Xcode.app/Contents/Developer/Platforms/MacOSX.platform/Developer/SDKs/MacOSX26.1.sdk/System/Library/Frameworks/Foundation.framework/Headers/NSURLHandle.h
/Applications/Xcode.app/Contents/Developer/Platforms/MacOSX.platform/Developer/SDKs/MacOSX26.1.sdk/System/Library/Frameworks/Foundation.framework/Headers/NSHashTable.h
/Applications/Xcode.app/Contents/Developer/Platforms/MacOSX.platform/Developer/SDKs/MacOSX26.1.sdk/System/Library/Frameworks/Foundation.framework/Headers/NSPointerFunctions.h
/Applications/Xcode.app/Contents/Developer/Platforms/MacOSX.platform/Developer/SDKs/MacOSX26.1.sdk/System/Library/Frameworks/Foundation.framework/Headers/NSHTTPCookie.h
/Applications/Xcode.app/Contents/Developer/Platforms/MacOSX.platform/Developer/SDKs/MacOSX26.1.sdk/System/Library/Frameworks/Foundation.framework/Headers/NSHTTPCookieStorage.h
/Applications/Xcode.app/Contents/Developer/Platforms/MacOSX.platform/Developer/SDKs/MacOSX26.1.sdk/System/Library/Frameworks/Foundation.framework/Headers/NSIndexPath.h
/Applications/Xcode.app/Contents/Developer/Platforms/MacOSX.platform/Developer/SDKs/MacOSX26.1.sdk/System/Library/Frameworks/Foundation.framework/Headers/NSInflectionRule.h
/Applications/Xcode.app/Contents/Developer/Platforms/MacOSX.platform/Developer/SDKs/MacOSX26.1.sdk/System/Library/Frameworks/Foundation.framework/Headers/NSInvocation.h
/Applications/Xcode.app/Contents/Developer/Platforms/MacOSX.platform/Developer/SDKs/MacOSX26.1.sdk/System/Library/Frameworks/Foundation.framework/Headers/NSJSONSerialization.h
/Applications/Xcode.app/Contents/Developer/Platforms/MacOSX.platform/Developer/SDKs/MacOSX26.1.sdk/System/Library/Frameworks/Foundation.framework/Headers/NSKeyValueCoding.h
/Applications/Xcode.app/Contents/Developer/Platforms/MacOSX.platform/Developer/SDKs/MacOSX26.1.sdk/System/Library/Frameworks/Foundation.framework/Headers/NSOrderedSet.h
/Applications/Xcode.app/Contents/Developer/Platforms/MacOSX.platform/Developer/SDKs/MacOSX26.1.sdk/System/Library/Frameworks/Foundation.framework/Headers/NSKeyValueObserving.h
/Applications/Xcode.app/Contents/Developer/Platforms/MacOSX.platform/Developer/SDKs/MacOSX26.1.sdk/System/Library/Frameworks/Foundation.framework/Headers/NSKeyValueSharedObservers.h
/Applications/Xcode.app/Contents/Developer/Platforms/MacOSX.platform/Developer/SDKs/MacOSX26.1.sdk/System/Library/Frameworks/Foundation.framework/Headers/NSKeyedArchiver.h
/Applications/Xcode.app/Contents/Developer/Platforms/MacOSX.platform/Developer/SDKs/MacOSX26.1.sdk/System/Library/Frameworks/Foundation.framework/Headers/NSPropertyList.h
/Applications/Xcode.app/Contents/Developer/Platforms/MacOSX.platform/Developer/SDKs/MacOSX26.1.sdk/System/Library/Frameworks/Foundation.framework/Headers/NSGeometry.h
/Applications/Xcode.app/Contents/Developer/Platforms/MacOSX.platform/Developer/SDKs/MacOSX26.1.sdk/System/Library/Frameworks/Foundation.framework/Headers/NSLock.h
/Applications/Xcode.app/Contents/Developer/Platforms/MacOSX.platform/Developer/SDKs/MacOSX26.1.sdk/System/Library/Frameworks/Foundation.framework/Headers/NSMapTable.h
/Applications/Xcode.app/Contents/Developer/Platforms/MacOSX.platform/Developer/SDKs/MacOSX26.1.sdk/System/Library/Frameworks/Foundation.framework/Headers/NSMethodSignature.h
/Applications/Xcode.app/Contents/Developer/Platforms/MacOSX.platform/Developer/SDKs/MacOSX26.1.sdk/System/Library/Frameworks/Foundation.framework/Headers/NSMorphology.h
/Applications/Xcode.app/Contents/Developer/Platforms/MacOSX.platform/Developer/SDKs/MacOSX26.1.sdk/System/Library/Frameworks/Foundation.framework/Headers/NSTermOfAddress.h
/Applications/Xcode.app/Contents/Developer/Platforms/MacOSX.platform/Developer/SDKs/MacOSX26.1.sdk/System/Library/Frameworks/Foundation.framework/Headers/NSNotificationQueue.h
/Applications/Xcode.app/Contents/Developer/Platforms/MacOSX.platform/Developer/SDKs/MacOSX26.1.sdk/System/Library/Frameworks/Foundation.framework/Headers/NSNull.h
/Applications/Xcode.app/Contents/Developer/Platforms/MacOSX.platform/Developer/SDKs/MacOSX26.1.sdk/System/Library/Frameworks/Foundation.framework/Headers/NSLocalizedNumberFormatRule.h
/Applications/Xcode.app/Contents/Developer/Platforms/MacOSX.platform/Developer/SDKs/MacOSX26.1.sdk/System/Library/Frameworks/Foundation.framework/Headers/NSOperation.h
/Applications/Xcode.app/Contents/Developer/Platforms/MacOSX.platform/Developer/SDKs/MacOSX26.1.sdk/System/Library/Frameworks/Foundation.framework/Headers/NSOrthography.h
/Applications/Xcode.app/Contents/Developer/Platforms/MacOSX.platform/Developer/SDKs/MacOSX26.1.sdk/System/Library/Frameworks/Foundation.framework/Headers/NSPointerArray.h
/Applications/Xcode.app/Contents/Developer/Platforms/MacOSX.platform/Developer/SDKs/MacOSX26.1.sdk/System/Library/Frameworks/Foundation.framework/Headers/NSPort.h
/Applications/Xcode.app/Contents/Developer/Platforms/MacOSX.platform/Developer/SDKs/MacOSX26.1.sdk/System/Library/Frameworks/Foundation.framework/Headers/NSProcessInfo.h
/Applications/Xcode.app/Contents/Developer/Platforms/MacOSX.platform/Developer/SDKs/MacOSX26.1.sdk/System/Library/Frameworks/Foundation.framework/Headers/NSProxy.h
/Applications/Xcode.app/Contents/Developer/Platforms/MacOSX.platform/Developer/SDKs/MacOSX26.1.sdk/System/Library/Frameworks/Foundation.framework/Headers/NSRegularExpression.h
/Applications/Xcode.app/Contents/Developer/Platforms/MacOSX.platform/Developer/SDKs/MacOSX26.1.sdk/System/Library/Frameworks/Foundation.framework/Headers/NSTextCheckingResult.h
/Applications/Xcode.app/Contents/Developer/Platforms/MacOSX.platform/Developer/SDKs/MacOSX26.1.sdk/System/Library/Frameworks/Foundation.framework/Headers/NSSortDescriptor.h
/Applications/Xcode.app/Contents/Developer/Platforms/MacOSX.platform/Developer/SDKs/MacOSX26.1.sdk/System/Library/Frameworks/Foundation.framework/Headers/NSStream.h
/Applications/Xcode.app/Contents/Developer/Platforms/MacOSX.platform/Developer/SDKs/MacOSX26.1.sdk/System/Library/Frameworks/Foundation.framework/Headers/NSThread.h
/Applications/Xcode.app/Contents/Developer/Platforms/MacOSX.platform/Developer/SDKs/MacOSX26.1.sdk/System/Library/Frameworks/Foundation.framework/Headers/NSTimeZone.h
/Applications/Xcode.app/Contents/Developer/Platforms/MacOSX.platform/Developer/SDKs/MacOSX26.1.sdk/System/Library/Frameworks/Foundation.framework/Headers/NSTimer.h
/Applications/Xcode.app/Contents/Developer/Platforms/MacOSX.platform/Developer/SDKs/MacOSX26.1.sdk/System/Library/Frameworks/Foundation.framework/Headers/NSURLAuthenticationChallenge.h
/Applications/Xcode.app/Contents/Developer/Platforms/MacOSX.platform/Developer/SDKs/MacOSX26.1.sdk/System/Library/Frameworks/Foundation.framework/Headers/NSURLCache.h
/Applications/Xcode.app/Contents/Developer/Platforms/MacOSX.platform/Developer/SDKs/MacOSX26.1.sdk/System/Library/Frameworks/Foundation.framework/Headers/NSURLConnection.h
/Applications/Xcode.app/Contents/Developer/Platforms/MacOSX.platform/Developer/SDKs/MacOSX26.1.sdk/System/Library/Frameworks/Foundation.framework/Headers/NSURLCredential.h
/Applications/Xcode.app/Contents/Developer/Platforms/MacOSX.platform/Developer/SDKs/MacOSX26.1.sdk/System/Library/Frameworks/Security.framework/Modules/module.modulemap
/Applications/Xcode.app/Contents/Developer/Platforms/MacOSX.platform/Developer/SDKs/MacOSX26.1.sdk/System/Library/Frameworks/Foundation.framework/Headers/NSURLCredentialStorage.h
/Applications/Xcode.app/Contents/Developer/Platforms/MacOSX.platform/Developer/SDKs/MacOSX26.1.sdk/System/Library/Frameworks/Foundation.framework/Headers/NSURLProtectionSpace.h
/Applications/Xcode.app/Contents/Developer/Platforms/MacOSX.platform/Developer/SDKs/MacOSX26.1.sdk/System/Library/Frameworks/Foundation.framework/Headers/NSURLError.h
/Applications/Xcode.app/Contents/Developer/Platforms/MacOSX.platform/Developer/SDKs/MacOSX26.1.sdk/System/Library/Frameworks/CoreServices.framework/Modules/module.modulemap
/Applications/Xcode.app/Contents/Developer/Platforms/MacOSX.platform/Developer/SDKs/MacOSX26.1.sdk/System/Library/Frameworks/Foundation.framework/Headers/NSURLProtocol.h
/Applications/Xcode.app/Contents/Developer/Platforms/MacOSX.platform/Developer/SDKs/MacOSX26.1.sdk/System/Library/Frameworks/Foundation.framework/Headers/NSURLRequest.h
/Applications/Xcode.app/Contents/Developer/Platforms/MacOSX.platform/Developer/SDKs/MacOSX26.1.sdk/System/Library/Frameworks/Foundation.framework/Headers/NSURLResponse.h
/Applications/Xcode.app/Contents/Developer/Platforms/MacOSX.platform/Developer/SDKs/MacOSX26.1.sdk/System/Library/Frameworks/Foundation.framework/Headers/NSUserDefaults.h
/Applications/Xcode.app/Contents/Developer/Platforms/MacOSX.platform/Developer/SDKs/MacOSX26.1.sdk/System/Library/Frameworks/Foundation.framework/Headers/NSValueTransformer.h
/Applications/Xcode.app/Contents/Developer/Platforms/MacOSX.platform/Developer/SDKs/MacOSX26.1.sdk/System/Library/Frameworks/Foundation.framework/Headers/NSXMLParser.h
/Applications/Xcode.app/Contents/Developer/Platforms/MacOSX.platform/Developer/SDKs/MacOSX26.1.sdk/System/Library/Frameworks/Foundation.framework/Headers/NSXPCConnection.h
/Applications/Xcode.app/Contents/Developer/Platforms/MacOSX.platform/Developer/SDKs/MacOSX26.1.sdk/System/Library/Frameworks/Foundation.framework/Headers/FoundationErrors.h
/Applications/Xcode.app/Contents/Developer/Platforms/MacOSX.platform/Developer/SDKs/MacOSX26.1.sdk/System/Library/Frameworks/Foundation.framework/Headers/NSByteCountFormatter.h
/Applications/Xcode.app/Contents/Developer/Platforms/MacOSX.platform/Developer/SDKs/MacOSX26.1.sdk/System/Library/Frameworks/Foundation.framework/Headers/NSCache.h
/Applications/Xcode.app/Contents/Developer/Platforms/MacOSX.platform/Developer/SDKs/MacOSX26.1.sdk/System/Library/Frameworks/Foundation.framework/Headers/NSComparisonPredicate.h
/Applications/Xcode.app/Contents/Developer/Platforms/MacOSX.platform/Developer/SDKs/MacOSX26.1.sdk/System/Library/Frameworks/Foundation.framework/Headers/NSPredicate.h
/Applications/Xcode.app/Contents/Developer/Platforms/MacOSX.platform/Developer/SDKs/MacOSX26.1.sdk/System/Library/Frameworks/Foundation.framework/Headers/NSCompoundPredicate.h
/Applications/Xcode.app/Contents/Developer/Platforms/MacOSX.platform/Developer/SDKs/MacOSX26.1.sdk/System/Library/Frameworks/Foundation.framework/Headers/NSDateComponentsFormatter.h
/Applications/Xcode.app/Contents/Developer/Platforms/MacOSX.platform/Developer/SDKs/MacOSX26.1.sdk/System/Library/Frameworks/Foundation.framework/Headers/NSExpression.h
/Applications/Xcode.app/Contents/Developer/Platforms/MacOSX.platform/Developer/SDKs/MacOSX26.1.sdk/System/Library/Frameworks/Foundation.framework/Headers/NSExtensionContext.h
/Applications/Xcode.app/Contents/Developer/Platforms/MacOSX.platform/Developer/SDKs/MacOSX26.1.sdk/System/Library/Frameworks/Foundation.framework/Headers/NSExtensionItem.h
/Applications/Xcode.app/Contents/Developer/Platforms/MacOSX.platform/Developer/SDKs/MacOSX26.1.sdk/System/Library/Frameworks/Foundation.framework/Headers/NSExtensionRequestHandling.h
/Applications/Xcode.app/Contents/Developer/Platforms/MacOSX.platform/Developer/SDKs/MacOSX26.1.sdk/System/Library/Frameworks/Foundation.framework/Headers/NSFileCoordinator.h
/Applications/Xcode.app/Contents/Developer/Platforms/MacOSX.platform/Developer/SDKs/MacOSX26.1.sdk/System/Library/Frameworks/Foundation.framework/Headers/NSFilePresenter.h
/Applications/Xcode.app/Contents/Developer/Platforms/MacOSX.platform/Developer/SDKs/MacOSX26.1.sdk/System/Library/Frameworks/Foundation.framework/Headers/NSFileVersion.h
/Applications/Xcode.app/Contents/Developer/Platforms/MacOSX.platform/Developer/SDKs/MacOSX26.1.sdk/System/Library/Frameworks/Foundation.framework/Headers/NSFileWrapper.h
/Applications/Xcode.app/Contents/Developer/Platforms/MacOSX.platform/Developer/SDKs/MacOSX26.1.sdk/System/Library/Frameworks/Foundation.framework/Headers/NSLinguisticTagger.h
/Applications/Xcode.app/Contents/Developer/Platforms/MacOSX.platform/Developer/SDKs/MacOSX26.1.sdk/System/Library/Frameworks/Foundation.framework/Headers/NSMetadata.h
/Applications/Xcode.app/Contents/Developer/Platforms/MacOSX.platform/Developer/SDKs/MacOSX26.1.sdk/System/Library/Frameworks/Foundation.framework/Headers/NSMetadataAttributes.h
/Applications/Xcode.app/Contents/Developer/Platforms/MacOSX.platform/Developer/SDKs/MacOSX26.1.sdk/System/Library/Frameworks/Foundation.framework/Headers/NSNetServices.h
/Applications/Xcode.app/Contents/Developer/Platforms/MacOSX.platform/Developer/SDKs/MacOSX26.1.sdk/System/Library/Frameworks/Foundation.framework/Headers/NSUbiquitousKeyValueStore.h
/Applications/Xcode.app/Contents/Developer/Platforms/MacOSX.platform/Developer/SDKs/MacOSX26.1.sdk/System/Library/Frameworks/Foundation.framework/Headers/NSUndoManager.h
/Applications/Xcode.app/Contents/Developer/Platforms/MacOSX.platform/Developer/SDKs/MacOSX26.1.sdk/System/Library/Frameworks/Foundation.framework/Headers/NSURLSession.h
/Applications/Xcode.app/Contents/Developer/Platforms/MacOSX.platform/Developer/SDKs/MacOSX26.1.sdk/System/Library/Frameworks/Foundation.framework/Headers/NSUserActivity.h
/Applications/Xcode.app/Contents/Developer/Platforms/MacOSX.platform/Developer/SDKs/MacOSX26.1.sdk/System/Library/Frameworks/Foundation.framework/Headers/NSUUID.h
/Applications/Xcode.app/Contents/Developer/Platforms/MacOSX.platform/Developer/SDKs/MacOSX26.1.sdk/System/Library/Frameworks/Foundation.framework/Headers/NSAffineTransform.h
/Applications/Xcode.app/Contents/Developer/Platforms/MacOSX.platform/Developer/SDKs/MacOSX26.1.sdk/System/Library/Frameworks/Foundation.framework/Headers/NSAppleScript.h
/Applications/Xcode.app/Contents/Developer/Platforms/MacOSX.platform/Developer/SDKs/MacOSX26.1.sdk/System/Library/Frameworks/Foundation.framework/Headers/NSArchiver.h
/Applications/Xcode.app/Contents/Developer/Platforms/MacOSX.platform/Developer/SDKs/MacOSX26.1.sdk/System/Library/Frameworks/Foundation.framework/Headers/NSBackgroundActivityScheduler.h
/Applications/Xcode.app/Contents/Developer/Platforms/MacOSX.platform/Developer/SDKs/MacOSX26.1.sdk/System/Library/Frameworks/Foundation.framework/Headers/NSCalendarDate.h
/Applications/Xcode.app/Contents/Developer/Platforms/MacOSX.platform/Developer/SDKs/MacOSX26.1.sdk/System/Library/Frameworks/Foundation.framework/Headers/NSConnection.h
/Applications/Xcode.app/Contents/Developer/Platforms/MacOSX.platform/Developer/SDKs/MacOSX26.1.sdk/System/Library/Frameworks/Foundation.framework/Headers/NSDistantObject.h
/Applications/Xcode.app/Contents/Developer/Platforms/MacOSX.platform/Developer/SDKs/MacOSX26.1.sdk/System/Library/Frameworks/Foundation.framework/Headers/NSDistributedNotificationCenter.h
/Applications/Xcode.app/Contents/Developer/Platforms/MacOSX.platform/Developer/SDKs/MacOSX26.1.sdk/System/Library/Frameworks/Foundation.framework/Headers/NSPortCoder.h
/Applications/Xcode.app/Contents/Developer/Platforms/MacOSX.platform/Developer/SDKs/MacOSX26.1.sdk/System/Library/Frameworks/Foundation.framework/Headers/NSPortMessage.h
/Applications/Xcode.app/Contents/Developer/Platforms/MacOSX.platform/Developer/SDKs/MacOSX26.1.sdk/System/Library/Frameworks/Foundation.framework/Headers/NSPortNameServer.h
/Applications/Xcode.app/Contents/Developer/Platforms/MacOSX.platform/Developer/SDKs/MacOSX26.1.sdk/System/Library/Frameworks/Foundation.framework/Headers/NSProtocolChecker.h
/Applications/Xcode.app/Contents/Developer/Platforms/MacOSX.platform/Developer/SDKs/MacOSX26.1.sdk/System/Library/Frameworks/Foundation.framework/Headers/NSTask.h
/Applications/Xcode.app/Contents/Developer/Platforms/MacOSX.platform/Developer/SDKs/MacOSX26.1.sdk/System/Library/Frameworks/Foundation.framework/Headers/NSXMLDTD.h
/Applications/Xcode.app/Contents/Developer/Platforms/MacOSX.platform/Developer/SDKs/MacOSX26.1.sdk/System/Library/Frameworks/Foundation.framework/Headers/NSXMLNode.h
/Applications/Xcode.app/Contents/Developer/Platforms/MacOSX.platform/Developer/SDKs/MacOSX26.1.sdk/System/Library/Frameworks/Foundation.framework/Headers/NSXMLNodeOptions.h
/Applications/Xcode.app/Contents/Developer/Platforms/MacOSX.platform/Developer/SDKs/MacOSX26.1.sdk/System/Library/Frameworks/Foundation.framework/Headers/NSXMLDTDNode.h
/Applications/Xcode.app/Contents/Developer/Platforms/MacOSX.platform/Developer/SDKs/MacOSX26.1.sdk/System/Library/Frameworks/Foundation.framework/Headers/NSXMLDocument.h
/Applications/Xcode.app/Contents/Developer/Platforms/MacOSX.platform/Developer/SDKs/MacOSX26.1.sdk/System/Library/Frameworks/Foundation.framework/Headers/NSXMLElement.h
/Applications/Xcode.app/Contents/Developer/Platforms/MacOSX.platform/Developer/SDKs/MacOSX26.1.sdk/System/Library/Frameworks/Foundation.framework/Headers/NSURLDownload.h
/Applications/Xcode.app/Contents/Developer/Platforms/MacOSX.platform/Developer/SDKs/MacOSX26.1.sdk/System/Library/Frameworks/Foundation.framework/Headers/NSAppleEventDescriptor.h
/Applications/Xcode.app/Contents/Developer/Platforms/MacOSX.platform/Developer/SDKs/MacOSX26.1.sdk/System/Library/Frameworks/Foundation.framework/Headers/NSAppleEventManager.h
/Applications/Xcode.app/Contents/Developer/Platforms/MacOSX.platform/Developer/SDKs/MacOSX26.1.sdk/System/Library/Frameworks/Foundation.framework/Headers/NSClassDescription.h
/Applications/Xcode.app/Contents/Developer/Platforms/MacOSX.platform/Developer/SDKs/MacOSX26.1.sdk/System/Library/Frameworks/Foundation.framework/Headers/NSDistributedLock.h
/Applications/Xcode.app/Contents/Developer/Platforms/MacOSX.platform/Developer/SDKs/MacOSX26.1.sdk/System/Library/Frameworks/Foundation.framework/Headers/NSGarbageCollector.h
/Applications/Xcode.app/Contents/Developer/Platforms/MacOSX.platform/Developer/SDKs/MacOSX26.1.sdk/System/Library/Frameworks/Foundation.framework/Headers/NSHFSFileTypes.h
/Applications/Xcode.app/Contents/Developer/Platforms/MacOSX.platform/Developer/SDKs/MacOSX26.1.sdk/System/Library/Frameworks/Foundation.framework/Headers/NSHost.h
/Applications/Xcode.app/Contents/Developer/Platforms/MacOSX.platform/Developer/SDKs/MacOSX26.1.sdk/System/Library/Frameworks/Foundation.framework/Headers/NSObjectScripting.h
/Applications/Xcode.app/Contents/Developer/Platforms/MacOSX.platform/Developer/SDKs/MacOSX26.1.sdk/System/Library/Frameworks/Foundation.framework/Headers/NSScriptClassDescription.h
/Applications/Xcode.app/Contents/Developer/Platforms/MacOSX.platform/Developer/SDKs/MacOSX26.1.sdk/System/Library/Frameworks/Foundation.framework/Headers/NSScriptCoercionHandler.h
/Applications/Xcode.app/Contents/Developer/Platforms/MacOSX.platform/Developer/SDKs/MacOSX26.1.sdk/System/Library/Frameworks/Foundation.framework/Headers/NSScriptCommand.h
/Applications/Xcode.app/Contents/Developer/Platforms/MacOSX.platform/Developer/SDKs/MacOSX26.1.sdk/System/Library/Frameworks/Foundation.framework/Headers/NSScriptCommandDescription.h
/Applications/Xcode.app/Contents/Developer/Platforms/MacOSX.platform/Developer/SDKs/MacOSX26.1.sdk/System/Library/Frameworks/Foundation.framework/Headers/NSScriptExecutionContext.h
/Applications/Xcode.app/Contents/Developer/Platforms/MacOSX.platform/Developer/SDKs/MacOSX26.1.sdk/System/Library/Frameworks/Foundation.framework/Headers/NSScriptKeyValueCoding.h
/Applications/Xcode.app/Contents/Developer/Platforms/MacOSX.platform/Developer/SDKs/MacOSX26.1.sdk/System/Library/Frameworks/Foundation.framework/Headers/NSScriptObjectSpecifiers.h
/Applications/Xcode.app/Contents/Developer/Platforms/MacOSX.platform/Developer/SDKs/MacOSX26.1.sdk/System/Library/Frameworks/Foundation.framework/Headers/NSScriptStandardSuiteCommands.h
/Applications/Xcode.app/Contents/Developer/Platforms/MacOSX.platform/Developer/SDKs/MacOSX26.1.sdk/System/Library/Frameworks/Foundation.framework/Headers/NSScriptSuiteRegistry.h
/Applications/Xcode.app/Contents/Developer/Platforms/MacOSX.platform/Developer/SDKs/MacOSX26.1.sdk/System/Library/Frameworks/Foundation.framework/Headers/NSScriptWhoseTests.h
/Applications/Xcode.app/Contents/Developer/Platforms/MacOSX.platform/Developer/SDKs/MacOSX26.1.sdk/System/Library/Frameworks/Foundation.framework/Headers/NSSpellServer.h
/Applications/Xcode.app/Contents/Developer/Platforms/MacOSX.platform/Developer/SDKs/MacOSX26.1.sdk/System/Library/Frameworks/Foundation.framework/Headers/NSUserNotification.h
/Applications/Xcode.app/Contents/Developer/Platforms/MacOSX.platform/Developer/SDKs/MacOSX26.1.sdk/System/Library/Frameworks/Foundation.framework/Headers/NSUserScriptTask.h
/Applications/Xcode.app/Contents/Developer/Platforms/MacOSX.platform/Developer/SDKs/MacOSX26.1.sdk/System/Library/Frameworks/Foundation.framework/Headers/FoundationLegacySwiftCompatibility.h
/Applications/Xcode.app/Contents/Developer/Platforms/MacOSX.platform/Developer/SDKs/MacOSX26.1.sdk/System/Library/Frameworks/Foundation.framework/Headers/NSDebug.h
/Applications/Xcode.app/Contents/Developer/Platforms/MacOSX.platform/Developer/SDKs/MacOSX26.1.sdk/SDKSettings.json
/Applications/Xcode.app/Contents/Developer/Toolchains/XcodeDefault.xctoolchain/usr/lib/swift/macosx/prebuilt-modules/26.1/Foundation.swiftmodule/arm64e-apple-macos.swiftmodule
/Users/rogerlin/Library/Developer/Xcode/DerivedData/FinancialCalculatorKit-ackorybalcxbfocbkqsfdzcfkgmn/Build/Products/Debug/HTMLEntities.swiftmodule/arm64-apple-macos.swiftmodule
/Applications/Xcode.app/Contents/Developer/Platforms/MacOSX.platform/Developer/SDKs/MacOSX26.1.sdk/System/Library/Frameworks/IOKit.framework/Modules/module.modulemap
/Applications/Xcode.app/Contents/Developer/Platforms/MacOSX.platform/Developer/SDKs/MacOSX26.1.sdk/System/Library/Frameworks/IOKit.framework/Headers/IOReturn.h
/Applications/Xcode.app/Contents/Developer/Platforms/MacOSX.platform/Developer/SDKs/MacOSX26.1.sdk/usr/include/dispatch.modulemap
/Applications/Xcode.app/Contents/Developer/Platforms/MacOSX.platform/Developer/SDKs/MacOSX26.1.sdk/usr/include/libkern.modulemap
/Applications/Xcode.app/Contents/Developer/Platforms/MacOSX.platform/Developer/SDKs/MacOSX26.1.sdk/usr/include/Darwin.modulemap
/Applications/Xcode.app/Contents/Developer/Platforms/MacOSX.platform/Developer/SDKs/MacOSX26.1.sdk/usr/include/Darwin_C.modulemap
/Applications/Xcode.app/Contents/Developer/Platforms/MacOSX.platform/Developer/SDKs/MacOSX26.1.sdk/usr/include/Darwin_POSIX.modulemap
/Applications/Xcode.app/Contents/Developer/Platforms/MacOSX.platform/Developer/SDKs/MacOSX26.1.sdk/usr/include/net.modulemap
/Applications/Xcode.app/Contents/Developer/Platforms/MacOSX.platform/Developer/SDKs/MacOSX26.1.sdk/usr/include/netinet.modulemap
/Applications/Xcode.app/Contents/Developer/Platforms/MacOSX.platform/Developer/SDKs/MacOSX26.1.sdk/usr/include/bank.modulemap
/Applications/Xcode.app/Contents/Developer/Platforms/MacOSX.platform/Developer/SDKs/MacOSX26.1.sdk/usr/include/Darwin_Mach.modulemap
/Applications/Xcode.app/Contents/Developer/Platforms/MacOSX.platform/Developer/SDKs/MacOSX26.1.sdk/usr/include/Darwin_Mach_machine.modulemap
/Applications/Xcode.app/Contents/Developer/Platforms/MacOSX.platform/Developer/SDKs/MacOSX26.1.sdk/usr/include/mach_debug.modulemap
/Applications/Xcode.app/Contents/Developer/Platforms/MacOSX.platform/Developer/SDKs/MacOSX26.1.sdk/usr/include/device.modulemap
/Applications/Xcode.app/Contents/Developer/Platforms/MacOSX.platform/Developer/SDKs/MacOSX26.1.sdk/usr/include/Darwin_machine.modulemap
/Applications/Xcode.app/Contents/Developer/Platforms/MacOSX.platform/Developer/SDKs/MacOSX26.1.sdk/usr/include/ncurses.modulemap
/Applications/Xcode.app/Contents/Developer/Platforms/MacOSX.platform/Developer/SDKs/MacOSX26.1.sdk/usr/include/netinet6.modulemap
/Applications/Xcode.app/Contents/Developer/Platforms/MacOSX.platform/Developer/SDKs/MacOSX26.1.sdk/usr/include/Darwin_sys.modulemap
/Applications/Xcode.app/Contents/Developer/Platforms/MacOSX.platform/Developer/SDKs/MacOSX26.1.sdk/usr/include/uuid.modulemap
/Applications/Xcode.app/Contents/Developer/Platforms/MacOSX.platform/Developer/SDKs/MacOSX26.1.sdk/usr/include/DarwinFoundation2.modulemap
/Applications/Xcode.app/Contents/Developer/Platforms/MacOSX.platform/Developer/SDKs/MacOSX26.1.sdk/usr/include/DarwinFoundation1.modulemap
/Applications/Xcode.app/Contents/Developer/Platforms/MacOSX.platform/Developer/SDKs/MacOSX26.1.sdk/System/Library/Frameworks/IOKit.framework/Headers/IOMapTypes.h
/Applications/Xcode.app/Contents/Developer/Platforms/MacOSX.platform/Developer/SDKs/MacOSX26.1.sdk/System/Library/Frameworks/IOKit.framework/Headers/IOTypes.h
/Applications/Xcode.app/Contents/Developer/Toolchains/XcodeDefault.xctoolchain/usr/lib/swift/clang/include/module.modulemap
/Applications/Xcode.app/Contents/Developer/Platforms/MacOSX.platform/Developer/SDKs/MacOSX26.1.sdk/System/Library/Frameworks/IOKit.framework/Headers/IOKitKeys.h
/Applications/Xcode.app/Contents/Developer/Platforms/MacOSX.platform/Developer/SDKs/MacOSX26.1.sdk/System/Library/Frameworks/IOKit.framework/Headers/OSMessageNotification.h
/Applications/Xcode.app/Contents/Developer/Platforms/MacOSX.platform/Developer/SDKs/MacOSX26.1.sdk/System/Library/Frameworks/IOKit.framework/Headers/IOKitLib.h
/Applications/Xcode.app/Contents/Developer/Platforms/MacOSX.platform/Developer/SDKs/MacOSX26.1.sdk/System/Library/Frameworks/CoreFoundation.framework/Modules/module.modulemap
/Applications/Xcode.app/Contents/Developer/Platforms/MacOSX.platform/Developer/SDKs/MacOSX26.1.sdk/System/Library/Frameworks/IOKit.framework/Headers/IOBSD.h
/Applications/Xcode.app/Contents/Developer/Platforms/MacOSX.platform/Developer/SDKs/MacOSX26.1.sdk/System/Library/Frameworks/IOKit.framework/Headers/IODataQueueClient.h
/Applications/Xcode.app/Contents/Developer/Platforms/MacOSX.platform/Developer/SDKs/MacOSX26.1.sdk/System/Library/Frameworks/IOKit.framework/Headers/IODataQueueShared.h
/Applications/Xcode.app/Contents/Developer/Platforms/MacOSX.platform/Developer/SDKs/MacOSX26.1.sdk/System/Library/Frameworks/IOKit.framework/Headers/IOCFBundle.h
/Applications/Xcode.app/Contents/Developer/Platforms/MacOSX.platform/Developer/SDKs/MacOSX26.1.sdk/System/Library/Frameworks/IOKit.framework/Headers/IOSharedLock.h
/Applications/Xcode.app/Contents/Developer/Platforms/MacOSX.platform/Developer/SDKs/MacOSX26.1.sdk/System/Library/Frameworks/IOKit.framework/Headers/IOCFPlugIn.h
/Applications/Xcode.app/Contents/Developer/Platforms/MacOSX.platform/Developer/SDKs/MacOSX26.1.sdk/System/Library/Frameworks/IOKit.framework/Headers/IOCFSerialize.h
/Applications/Xcode.app/Contents/Developer/Platforms/MacOSX.platform/Developer/SDKs/MacOSX26.1.sdk/System/Library/Frameworks/IOKit.framework/Headers/IOCFURLAccess.h
/Applications/Xcode.app/Contents/Developer/Platforms/MacOSX.platform/Developer/SDKs/MacOSX26.1.sdk/System/Library/Frameworks/IOKit.framework/Headers/IOKitServer.h
/Applications/Xcode.app/Contents/Developer/Platforms/MacOSX.platform/Developer/SDKs/MacOSX26.1.sdk/System/Library/Frameworks/IOKit.framework/Headers/IOCFUnserialize.h
/Applications/Xcode.app/Contents/Developer/Platforms/MacOSX.platform/Developer/SDKs/MacOSX26.1.sdk/System/Library/Frameworks/IOKit.framework/Headers/IOMessage.h
/Applications/Xcode.app/Contents/Developer/Platforms/MacOSX.platform/Developer/SDKs/MacOSX26.1.sdk/System/Library/Frameworks/IOKit.framework/Headers/IORPC.h
/Applications/Xcode.app/Contents/Developer/Platforms/MacOSX.platform/Developer/SDKs/MacOSX26.1.sdk/System/Library/Frameworks/IOKit.framework/Headers/IOUserServer.h
/Applications/Xcode.app/Contents/Developer/Platforms/MacOSX.platform/Developer/SDKs/MacOSX26.1.sdk/System/Library/Frameworks/IOKit.framework/Headers/audio/IOAudioDefines.h
/Applications/Xcode.app/Contents/Developer/Platforms/MacOSX.platform/Developer/SDKs/MacOSX26.1.sdk/System/Library/Frameworks/IOKit.framework/Headers/audio/IOAudioLib.h
/Applications/Xcode.app/Contents/Developer/Platforms/MacOSX.platform/Developer/SDKs/MacOSX26.1.sdk/System/Library/Frameworks/IOKit.framework/Headers/audio/IOAudioTypes.h
/Applications/Xcode.app/Contents/Developer/Platforms/MacOSX.platform/Developer/SDKs/MacOSX26.1.sdk/System/Library/Frameworks/IOKit.framework/Headers/avc/IOFireWireAVCConsts.h
/Applications/Xcode.app/Contents/Developer/Platforms/MacOSX.platform/Developer/SDKs/MacOSX26.1.sdk/System/Library/Frameworks/IOKit.framework/Headers/avc/IOFireWireAVCLib.h
/Applications/Xcode.app/Contents/Developer/Platforms/MacOSX.platform/Developer/SDKs/MacOSX26.1.sdk/System/Library/Frameworks/IOKit.framework/Headers/firewire/IOFireWireFamilyCommon.h
/Applications/Xcode.app/Contents/Developer/Platforms/MacOSX.platform/Developer/SDKs/MacOSX26.1.sdk/System/Library/Frameworks/IOKit.framework/Headers/firewire/IOFireWireLib.h
/Applications/Xcode.app/Contents/Developer/Platforms/MacOSX.platform/Developer/SDKs/MacOSX26.1.sdk/System/Library/Frameworks/IOKit.framework/Headers/firewire/IOFireWireLibIsoch.h
/Applications/Xcode.app/Contents/Developer/Platforms/MacOSX.platform/Developer/SDKs/MacOSX26.1.sdk/System/Library/Frameworks/IOKit.framework/Headers/graphics/IOAccelClientConnect.h
/Applications/Xcode.app/Contents/Developer/Platforms/MacOSX.platform/Developer/SDKs/MacOSX26.1.sdk/System/Library/Frameworks/IOKit.framework/Headers/graphics/IOGraphicsInterface.h
/Applications/Xcode.app/Contents/Developer/Platforms/MacOSX.platform/Developer/SDKs/MacOSX26.1.sdk/System/Library/Frameworks/IOKit.framework/Headers/graphics/IOGraphicsInterfaceTypes.h
/Applications/Xcode.app/Contents/Developer/Platforms/MacOSX.platform/Developer/SDKs/MacOSX26.1.sdk/System/Library/Frameworks/IOKit.framework/Headers/graphics/IOAccelSurfaceConnect.h
/Applications/Xcode.app/Contents/Developer/Platforms/MacOSX.platform/Developer/SDKs/MacOSX26.1.sdk/System/Library/Frameworks/IOKit.framework/Headers/graphics/IOAccelTypes.h
/Applications/Xcode.app/Contents/Developer/Platforms/MacOSX.platform/Developer/SDKs/MacOSX26.1.sdk/System/Library/Frameworks/IOKit.framework/Headers/graphics/IOGraphicsLib.h
/Applications/Xcode.app/Contents/Developer/Platforms/MacOSX.platform/Developer/SDKs/MacOSX26.1.sdk/System/Library/Frameworks/IOKit.framework/Headers/graphics/IOFramebufferShared.h
/Applications/Xcode.app/Contents/Developer/Platforms/MacOSX.platform/Developer/SDKs/MacOSX26.1.sdk/System/Library/Frameworks/IOKit.framework/Headers/hidsystem/IOHIDTypes.h
/Applications/Xcode.app/Contents/Developer/Platforms/MacOSX.platform/Developer/SDKs/MacOSX26.1.sdk/System/Library/Frameworks/IOKit.framework/Headers/graphics/IOGraphicsTypes.h
/Applications/Xcode.app/Contents/Developer/Platforms/MacOSX.platform/Developer/SDKs/MacOSX26.1.sdk/System/Library/Frameworks/IOKit.framework/Headers/graphics/IOGraphicsEngine.h
/Applications/Xcode.app/Contents/Developer/Platforms/MacOSX.platform/Developer/SDKs/MacOSX26.1.sdk/System/Library/Frameworks/IOKit.framework/Headers/hid/IOHIDBase.h
/Applications/Xcode.app/Contents/Developer/Platforms/MacOSX.platform/Developer/SDKs/MacOSX26.1.sdk/System/Library/Frameworks/IOKit.framework/Headers/hid/IOHIDKeys.h
/Applications/Xcode.app/Contents/Developer/Platforms/MacOSX.platform/Developer/SDKs/MacOSX26.1.sdk/System/Library/Frameworks/IOKit.framework/Headers/hidsystem/IOHIDParameter.h
/Applications/Xcode.app/Contents/Developer/Platforms/MacOSX.platform/Developer/SDKs/MacOSX26.1.sdk/System/Library/Frameworks/IOKit.framework/Headers/hidsystem/IOLLEvent.h
/Applications/Xcode.app/Contents/Developer/Platforms/MacOSX.platform/Developer/SDKs/MacOSX26.1.sdk/System/Library/Frameworks/IOKit.framework/Headers/hid/IOHIDProperties.h
/Applications/Xcode.app/Contents/Developer/Platforms/MacOSX.platform/Developer/SDKs/MacOSX26.1.sdk/System/Library/Frameworks/IOKit.framework/Headers/hid/IOHIDEventServiceKeys.h
/Applications/Xcode.app/Contents/Developer/Platforms/MacOSX.platform/Developer/SDKs/MacOSX26.1.sdk/System/Library/Frameworks/IOKit.framework/Headers/hid/IOHIDDeviceTypes.h
/Applications/Xcode.app/Contents/Developer/Platforms/MacOSX.platform/Developer/SDKs/MacOSX26.1.sdk/System/Library/Frameworks/IOKit.framework/Headers/hid/IOHIDDeviceKeys.h
/Applications/Xcode.app/Contents/Developer/Platforms/MacOSX.platform/Developer/SDKs/MacOSX26.1.sdk/System/Library/Frameworks/IOKit.framework/Headers/hid/IOHIDQueue.h
/Applications/Xcode.app/Contents/Developer/Platforms/MacOSX.platform/Developer/SDKs/MacOSX26.1.sdk/System/Library/Frameworks/IOKit.framework/Headers/hid/IOHIDDevice.h
/Applications/Xcode.app/Contents/Developer/Platforms/MacOSX.platform/Developer/SDKs/MacOSX26.1.sdk/System/Library/Frameworks/IOKit.framework/Headers/hid/IOHIDLib.h
/Applications/Xcode.app/Contents/Developer/Platforms/MacOSX.platform/Developer/SDKs/MacOSX26.1.sdk/System/Library/Frameworks/IOKit.framework/Headers/hid/IOHIDElement.h
/Applications/Xcode.app/Contents/Developer/Platforms/MacOSX.platform/Developer/SDKs/MacOSX26.1.sdk/System/Library/Frameworks/IOKit.framework/Headers/hid/IOHIDLibObsolete.h
/Applications/Xcode.app/Contents/Developer/Platforms/MacOSX.platform/Developer/SDKs/MacOSX26.1.sdk/System/Library/Frameworks/IOKit.framework/Headers/hid/IOHIDManager.h
/Applications/Xcode.app/Contents/Developer/Platforms/MacOSX.platform/Developer/SDKs/MacOSX26.1.sdk/System/Library/Frameworks/IOKit.framework/Headers/hid/IOHIDUsageTables.h
/Applications/Xcode.app/Contents/Developer/Platforms/MacOSX.platform/Developer/SDKs/MacOSX26.1.sdk/System/Library/Frameworks/IOKit.framework/Headers/hid/IOHIDValue.h
/Applications/Xcode.app/Contents/Developer/Platforms/MacOSX.platform/Developer/SDKs/MacOSX26.1.sdk/System/Library/Frameworks/IOKit.framework/Headers/hid/IOHIDTransaction.h
/Applications/Xcode.app/Contents/Developer/Platforms/MacOSX.platform/Developer/SDKs/MacOSX26.1.sdk/System/Library/Frameworks/IOKit.framework/Headers/hid/IOHIDDevicePlugIn.h
/Applications/Xcode.app/Contents/Developer/Platforms/MacOSX.platform/Developer/SDKs/MacOSX26.1.sdk/System/Library/Frameworks/IOKit.framework/Headers/hid/IOHIDEventServiceTypes.h
/Applications/Xcode.app/Contents/Developer/Platforms/MacOSX.platform/Developer/SDKs/MacOSX26.1.sdk/System/Library/Frameworks/IOKit.framework/Headers/hidsystem/IOHIDLib.h
/Applications/Xcode.app/Contents/Developer/Platforms/MacOSX.platform/Developer/SDKs/MacOSX26.1.sdk/System/Library/Frameworks/IOKit.framework/Headers/hidsystem/IOHIDShared.h
/Applications/Xcode.app/Contents/Developer/Platforms/MacOSX.platform/Developer/SDKs/MacOSX26.1.sdk/System/Library/Frameworks/IOKit.framework/Headers/hidsystem/event_status_driver.h
/Applications/Xcode.app/Contents/Developer/Platforms/MacOSX.platform/Developer/SDKs/MacOSX26.1.sdk/System/Library/Frameworks/IOKit.framework/Headers/hidsystem/ev_keymap.h
/Applications/Xcode.app/Contents/Developer/Platforms/MacOSX.platform/Developer/SDKs/MacOSX26.1.sdk/System/Library/Frameworks/IOKit.framework/Headers/hidsystem/IOHIDEventSystemClient.h
/Applications/Xcode.app/Contents/Developer/Platforms/MacOSX.platform/Developer/SDKs/MacOSX26.1.sdk/System/Library/Frameworks/IOKit.framework/Headers/hidsystem/IOHIDServiceClient.h
/Applications/Xcode.app/Contents/Developer/Platforms/MacOSX.platform/Developer/SDKs/MacOSX26.1.sdk/System/Library/Frameworks/IOKit.framework/Headers/hidsystem/IOHIDUserDevice.h
/Applications/Xcode.app/Contents/Developer/Platforms/MacOSX.platform/Developer/SDKs/MacOSX26.1.sdk/System/Library/Frameworks/IOKit.framework/Headers/i2c/IOI2CInterface.h
/Applications/Xcode.app/Contents/Developer/Platforms/MacOSX.platform/Developer/SDKs/MacOSX26.1.sdk/System/Library/Frameworks/IOKit.framework/Headers/kext/KextManager.h
/Applications/Xcode.app/Contents/Developer/Platforms/MacOSX.platform/Developer/SDKs/MacOSX26.1.sdk/System/Library/Frameworks/IOKit.framework/Headers/network/IOEthernetController.h
/Applications/Xcode.app/Contents/Developer/Platforms/MacOSX.platform/Developer/SDKs/MacOSX26.1.sdk/System/Library/Frameworks/IOKit.framework/Headers/network/IONetworkController.h
/Applications/Xcode.app/Contents/Developer/Platforms/MacOSX.platform/Developer/SDKs/MacOSX26.1.sdk/System/Library/Frameworks/IOKit.framework/Headers/network/IONetworkData.h
/Applications/Xcode.app/Contents/Developer/Platforms/MacOSX.platform/Developer/SDKs/MacOSX26.1.sdk/System/Library/Frameworks/IOKit.framework/Headers/network/IONetworkStack.h
/Applications/Xcode.app/Contents/Developer/Platforms/MacOSX.platform/Developer/SDKs/MacOSX26.1.sdk/System/Library/Frameworks/IOKit.framework/Headers/network/IOEthernetInterface.h
/Applications/Xcode.app/Contents/Developer/Platforms/MacOSX.platform/Developer/SDKs/MacOSX26.1.sdk/System/Library/Frameworks/IOKit.framework/Headers/network/IONetworkInterface.h
/Applications/Xcode.app/Contents/Developer/Platforms/MacOSX.platform/Developer/SDKs/MacOSX26.1.sdk/System/Library/Frameworks/IOKit.framework/Headers/network/IONetworkStats.h
/Applications/Xcode.app/Contents/Developer/Platforms/MacOSX.platform/Developer/SDKs/MacOSX26.1.sdk/System/Library/Frameworks/IOKit.framework/Headers/network/IOEthernetStats.h
/Applications/Xcode.app/Contents/Developer/Platforms/MacOSX.platform/Developer/SDKs/MacOSX26.1.sdk/System/Library/Frameworks/IOKit.framework/Headers/network/IONetworkLib.h
/Applications/Xcode.app/Contents/Developer/Platforms/MacOSX.platform/Developer/SDKs/MacOSX26.1.sdk/System/Library/Frameworks/IOKit.framework/Headers/network/IONetworkMedium.h
/Applications/Xcode.app/Contents/Developer/Platforms/MacOSX.platform/Developer/SDKs/MacOSX26.1.sdk/System/Library/Frameworks/IOKit.framework/Headers/network/IONetworkUserClient.h
/Applications/Xcode.app/Contents/Developer/Platforms/MacOSX.platform/Developer/SDKs/MacOSX26.1.sdk/System/Library/Frameworks/IOKit.framework/Headers/ps/IOPSKeys.h
/Applications/Xcode.app/Contents/Developer/Platforms/MacOSX.platform/Developer/SDKs/MacOSX26.1.sdk/System/Library/Frameworks/IOKit.framework/Headers/ps/IOPowerSources.h
/Applications/Xcode.app/Contents/Developer/Platforms/MacOSX.platform/Developer/SDKs/MacOSX26.1.sdk/System/Library/Frameworks/IOKit.framework/Headers/ps/IOUPSPlugIn.h
/Applications/Xcode.app/Contents/Developer/Platforms/MacOSX.platform/Developer/SDKs/MacOSX26.1.sdk/System/Library/Frameworks/IOKit.framework/Headers/pwr_mgt/IOPM.h
/Applications/Xcode.app/Contents/Developer/Platforms/MacOSX.platform/Developer/SDKs/MacOSX26.1.sdk/System/Library/Frameworks/IOKit.framework/Headers/pwr_mgt/IOPMKeys.h
/Applications/Xcode.app/Contents/Developer/Platforms/MacOSX.platform/Developer/SDKs/MacOSX26.1.sdk/System/Library/Frameworks/IOKit.framework/Headers/pwr_mgt/IOPMLib.h
/Applications/Xcode.app/Contents/Developer/Platforms/MacOSX.platform/Developer/SDKs/MacOSX26.1.sdk/System/Library/Frameworks/IOKit.framework/Headers/pwr_mgt/IOPMLibDefs.h
/Applications/Xcode.app/Contents/Developer/Platforms/MacOSX.platform/Developer/SDKs/MacOSX26.1.sdk/System/Library/Frameworks/IOKit.framework/Headers/sbp2/IOFireWireSBP2Lib.h
/Applications/Xcode.app/Contents/Developer/Platforms/MacOSX.platform/Developer/SDKs/MacOSX26.1.sdk/System/Library/Frameworks/IOKit.framework/Headers/scsi/IOSCSIMultimediaCommandsDevice.h
/Applications/Xcode.app/Contents/Developer/Platforms/MacOSX.platform/Developer/SDKs/MacOSX26.1.sdk/System/Library/Frameworks/IOKit.framework/Headers/storage/IOStorageDeviceCharacteristics.h
/Applications/Xcode.app/Contents/Developer/Platforms/MacOSX.platform/Developer/SDKs/MacOSX26.1.sdk/System/Library/Frameworks/IOKit.framework/Headers/storage/IOStorageProtocolCharacteristics.h
/Applications/Xcode.app/Contents/Developer/Platforms/MacOSX.platform/Developer/SDKs/MacOSX26.1.sdk/System/Library/Frameworks/IOKit.framework/Headers/storage/IOStorageControllerCharacteristics.h
/Applications/Xcode.app/Contents/Developer/Platforms/MacOSX.platform/Developer/SDKs/MacOSX26.1.sdk/System/Library/Frameworks/IOKit.framework/Headers/scsi/SCSICmds_REQUEST_SENSE_Defs.h
/Applications/Xcode.app/Contents/Developer/Platforms/MacOSX.platform/Developer/SDKs/MacOSX26.1.sdk/System/Library/Frameworks/IOKit.framework/Headers/scsi/SCSICmds_INQUIRY_Definitions.h
/Applications/Xcode.app/Contents/Developer/Platforms/MacOSX.platform/Developer/SDKs/MacOSX26.1.sdk/System/Library/Frameworks/IOKit.framework/Headers/scsi/SCSICommandDefinitions.h
/Applications/Xcode.app/Contents/Developer/Platforms/MacOSX.platform/Developer/SDKs/MacOSX26.1.sdk/System/Library/Frameworks/IOKit.framework/Headers/scsi/SCSICmds_MODE_Definitions.h
/Applications/Xcode.app/Contents/Developer/Platforms/MacOSX.platform/Developer/SDKs/MacOSX26.1.sdk/System/Library/Frameworks/IOKit.framework/Headers/scsi/SCSICommandOperationCodes.h
/Applications/Xcode.app/Contents/Developer/Platforms/MacOSX.platform/Developer/SDKs/MacOSX26.1.sdk/System/Library/Frameworks/IOKit.framework/Headers/scsi/SCSICmds_READ_CAPACITY_Definitions.h
/Applications/Xcode.app/Contents/Developer/Platforms/MacOSX.platform/Developer/SDKs/MacOSX26.1.sdk/System/Library/Frameworks/IOKit.framework/Headers/scsi/SCSITask.h
/Applications/Xcode.app/Contents/Developer/Platforms/MacOSX.platform/Developer/SDKs/MacOSX26.1.sdk/System/Library/Frameworks/IOKit.framework/Headers/scsi/SCSICmds_REPORT_LUNS_Definitions.h
/Applications/Xcode.app/Contents/Developer/Platforms/MacOSX.platform/Developer/SDKs/MacOSX26.1.sdk/System/Library/Frameworks/IOKit.framework/Headers/scsi/SCSITaskLib.h
/Applications/Xcode.app/Contents/Developer/Platforms/MacOSX.platform/Developer/SDKs/MacOSX26.1.sdk/System/Library/Frameworks/IOKit.framework/Headers/serial/IOSerialKeys.h
/Applications/Xcode.app/Contents/Developer/Platforms/MacOSX.platform/Developer/SDKs/MacOSX26.1.sdk/System/Library/Frameworks/IOKit.framework/Headers/serial/ioss.h
/Applications/Xcode.app/Contents/Developer/Platforms/MacOSX.platform/Developer/SDKs/MacOSX26.1.sdk/System/Library/Frameworks/IOKit.framework/Headers/storage/IOAppleLabelScheme.h
/Applications/Xcode.app/Contents/Developer/Platforms/MacOSX.platform/Developer/SDKs/MacOSX26.1.sdk/System/Library/Frameworks/IOKit.framework/Headers/storage/IODVDMediaBSDClient.h
/Applications/Xcode.app/Contents/Developer/Platforms/MacOSX.platform/Developer/SDKs/MacOSX26.1.sdk/System/Library/Frameworks/IOKit.framework/Headers/storage/IODVDTypes.h
/Applications/Xcode.app/Contents/Developer/Platforms/MacOSX.platform/Developer/SDKs/MacOSX26.1.sdk/System/Library/Frameworks/IOKit.framework/Headers/storage/IOApplePartitionScheme.h
/Applications/Xcode.app/Contents/Developer/Platforms/MacOSX.platform/Developer/SDKs/MacOSX26.1.sdk/System/Library/Frameworks/IOKit.framework/Headers/storage/IOBDBlockStorageDevice.h
/Applications/Xcode.app/Contents/Developer/Platforms/MacOSX.platform/Developer/SDKs/MacOSX26.1.sdk/System/Library/Frameworks/IOKit.framework/Headers/storage/IOBDTypes.h
/Applications/Xcode.app/Contents/Developer/Platforms/MacOSX.platform/Developer/SDKs/MacOSX26.1.sdk/System/Library/Frameworks/IOKit.framework/Headers/storage/IOFDiskPartitionScheme.h
/Applications/Xcode.app/Contents/Developer/Platforms/MacOSX.platform/Developer/SDKs/MacOSX26.1.sdk/System/Library/Frameworks/IOKit.framework/Headers/storage/IOBDMedia.h
/Applications/Xcode.app/Contents/Developer/Platforms/MacOSX.platform/Developer/SDKs/MacOSX26.1.sdk/System/Library/Frameworks/IOKit.framework/Headers/storage/IOFilterScheme.h
/Applications/Xcode.app/Contents/Developer/Platforms/MacOSX.platform/Developer/SDKs/MacOSX26.1.sdk/System/Library/Frameworks/IOKit.framework/Headers/storage/IOBDMediaBSDClient.h
/Applications/Xcode.app/Contents/Developer/Platforms/MacOSX.platform/Developer/SDKs/MacOSX26.1.sdk/System/Library/Frameworks/IOKit.framework/Headers/storage/IOFireWireStorageCharacteristics.h
/Applications/Xcode.app/Contents/Developer/Platforms/MacOSX.platform/Developer/SDKs/MacOSX26.1.sdk/System/Library/Frameworks/IOKit.framework/Headers/storage/IOGUIDPartitionScheme.h
/Applications/Xcode.app/Contents/Developer/Platforms/MacOSX.platform/Developer/SDKs/MacOSX26.1.sdk/System/Library/Frameworks/IOKit.framework/Headers/storage/IOBlockStorageDevice.h
/Applications/Xcode.app/Contents/Developer/Platforms/MacOSX.platform/Developer/SDKs/MacOSX26.1.sdk/System/Library/Frameworks/IOKit.framework/Headers/storage/IOMedia.h
/Applications/Xcode.app/Contents/Developer/Platforms/MacOSX.platform/Developer/SDKs/MacOSX26.1.sdk/System/Library/Frameworks/IOKit.framework/Headers/storage/IOBlockStorageDriver.h
/Applications/Xcode.app/Contents/Developer/Platforms/MacOSX.platform/Developer/SDKs/MacOSX26.1.sdk/System/Library/Frameworks/IOKit.framework/Headers/storage/IOMediaBSDClient.h
/Applications/Xcode.app/Contents/Developer/Platforms/MacOSX.platform/Developer/SDKs/MacOSX26.1.sdk/System/Library/Frameworks/IOKit.framework/Headers/storage/IOCDBlockStorageDevice.h
/Applications/Xcode.app/Contents/Developer/Platforms/MacOSX.platform/Developer/SDKs/MacOSX26.1.sdk/System/Library/Frameworks/IOKit.framework/Headers/storage/IOCDTypes.h
/Applications/Xcode.app/Contents/Developer/Platforms/MacOSX.platform/Developer/SDKs/MacOSX26.1.sdk/System/Library/Frameworks/IOKit.framework/Headers/storage/IOPartitionScheme.h
/Applications/Xcode.app/Contents/Developer/Platforms/MacOSX.platform/Developer/SDKs/MacOSX26.1.sdk/System/Library/Frameworks/IOKit.framework/Headers/storage/IOCDMedia.h
/Applications/Xcode.app/Contents/Developer/Platforms/MacOSX.platform/Developer/SDKs/MacOSX26.1.sdk/System/Library/Frameworks/IOKit.framework/Headers/storage/IOStorage.h
/Applications/Xcode.app/Contents/Developer/Platforms/MacOSX.platform/Developer/SDKs/MacOSX26.1.sdk/System/Library/Frameworks/IOKit.framework/Headers/storage/IOCDMediaBSDClient.h
/Applications/Xcode.app/Contents/Developer/Platforms/MacOSX.platform/Developer/SDKs/MacOSX26.1.sdk/System/Library/Frameworks/IOKit.framework/Headers/storage/IOStorageCardCharacteristics.h
/Applications/Xcode.app/Contents/Developer/Platforms/MacOSX.platform/Developer/SDKs/MacOSX26.1.sdk/System/Library/Frameworks/IOKit.framework/Headers/storage/IOCDPartitionScheme.h
/Applications/Xcode.app/Contents/Developer/Platforms/MacOSX.platform/Developer/SDKs/MacOSX26.1.sdk/System/Library/Frameworks/IOKit.framework/Headers/storage/IODVDBlockStorageDevice.h
/Applications/Xcode.app/Contents/Developer/Platforms/MacOSX.platform/Developer/SDKs/MacOSX26.1.sdk/System/Library/Frameworks/IOKit.framework/Headers/storage/IODVDMedia.h
/Applications/Xcode.app/Contents/Developer/Platforms/MacOSX.platform/Developer/SDKs/MacOSX26.1.sdk/System/Library/Frameworks/IOKit.framework/Headers/storage/ata/ATASMARTLib.h
/Applications/Xcode.app/Contents/Developer/Platforms/MacOSX.platform/Developer/SDKs/MacOSX26.1.sdk/System/Library/Frameworks/IOKit.framework/Headers/storage/ata/IOATAStorageDefines.h
/Applications/Xcode.app/Contents/Developer/Platforms/MacOSX.platform/Developer/SDKs/MacOSX26.1.sdk/System/Library/Frameworks/IOKit.framework/Headers/stream/IOStreamLib.h
/Applications/Xcode.app/Contents/Developer/Platforms/MacOSX.platform/Developer/SDKs/MacOSX26.1.sdk/System/Library/Frameworks/IOKit.framework/Headers/stream/IOStreamShared.h
/Applications/Xcode.app/Contents/Developer/Platforms/MacOSX.platform/Developer/SDKs/MacOSX26.1.sdk/System/Library/Frameworks/IOKit.framework/Headers/usb/AppleUSBDefinitions.h
/Applications/Xcode.app/Contents/Developer/Platforms/MacOSX.platform/Developer/SDKs/MacOSX26.1.sdk/System/Library/Frameworks/IOKit.framework/Headers/usb/IOUSBHostFamilyDefinitions.h
/Applications/Xcode.app/Contents/Developer/Platforms/MacOSX.platform/Developer/SDKs/MacOSX26.1.sdk/System/Library/Frameworks/IOKit.framework/Headers/usb/IOUSBLib.h
/Applications/Xcode.app/Contents/Developer/Platforms/MacOSX.platform/Developer/SDKs/MacOSX26.1.sdk/System/Library/Frameworks/IOKit.framework/Headers/usb/USB.h
/Applications/Xcode.app/Contents/Developer/Platforms/MacOSX.platform/Developer/SDKs/MacOSX26.1.sdk/System/Library/Frameworks/IOKit.framework/Headers/usb/USBSpec.h
/Applications/Xcode.app/Contents/Developer/Platforms/MacOSX.platform/Developer/SDKs/MacOSX26.1.sdk/SDKSettings.json
/Applications/Xcode.app/Contents/Developer/Toolchains/XcodeDefault.xctoolchain/usr/lib/swift/macosx/prebuilt-modules/26.1/IOKit.swiftmodule/arm64e-apple-macos.swiftmodule
/Applications/Xcode.app/Contents/Developer/Platforms/MacOSX.platform/Developer/SDKs/MacOSX26.1.sdk/System/Library/Frameworks/IOSurface.framework/Modules/module.modulemap
/Applications/Xcode.app/Contents/Developer/Platforms/MacOSX.platform/Developer/SDKs/MacOSX26.1.sdk/System/Library/Frameworks/IOSurface.framework/Headers/IOSurface.h
/Applications/Xcode.app/Contents/Developer/Platforms/MacOSX.platform/Developer/SDKs/MacOSX26.1.sdk/System/Library/Frameworks/IOSurface.framework/Headers/IOSurfaceBase.h
/Applications/Xcode.app/Contents/Developer/Platforms/MacOSX.platform/Developer/SDKs/MacOSX26.1.sdk/usr/include/xpc.modulemap
/Applications/Xcode.app/Contents/Developer/Platforms/MacOSX.platform/Developer/SDKs/MacOSX26.1.sdk/usr/include/Darwin.modulemap
/Applications/Xcode.app/Contents/Developer/Platforms/MacOSX.platform/Developer/SDKs/MacOSX26.1.sdk/usr/include/Darwin_C.modulemap
/Applications/Xcode.app/Contents/Developer/Platforms/MacOSX.platform/Developer/SDKs/MacOSX26.1.sdk/usr/include/Darwin_POSIX.modulemap
/Applications/Xcode.app/Contents/Developer/Platforms/MacOSX.platform/Developer/SDKs/MacOSX26.1.sdk/usr/include/net.modulemap
/Applications/Xcode.app/Contents/Developer/Platforms/MacOSX.platform/Developer/SDKs/MacOSX26.1.sdk/usr/include/netinet.modulemap
/Applications/Xcode.app/Contents/Developer/Platforms/MacOSX.platform/Developer/SDKs/MacOSX26.1.sdk/usr/include/bank.modulemap
/Applications/Xcode.app/Contents/Developer/Platforms/MacOSX.platform/Developer/SDKs/MacOSX26.1.sdk/usr/include/Darwin_Mach.modulemap
/Applications/Xcode.app/Contents/Developer/Platforms/MacOSX.platform/Developer/SDKs/MacOSX26.1.sdk/usr/include/Darwin_Mach_machine.modulemap
/Applications/Xcode.app/Contents/Developer/Platforms/MacOSX.platform/Developer/SDKs/MacOSX26.1.sdk/usr/include/mach_debug.modulemap
/Applications/Xcode.app/Contents/Developer/Platforms/MacOSX.platform/Developer/SDKs/MacOSX26.1.sdk/usr/include/device.modulemap
/Applications/Xcode.app/Contents/Developer/Platforms/MacOSX.platform/Developer/SDKs/MacOSX26.1.sdk/usr/include/Darwin_machine.modulemap
/Applications/Xcode.app/Contents/Developer/Platforms/MacOSX.platform/Developer/SDKs/MacOSX26.1.sdk/usr/include/ncurses.modulemap
/Applications/Xcode.app/Contents/Developer/Platforms/MacOSX.platform/Developer/SDKs/MacOSX26.1.sdk/usr/include/netinet6.modulemap
/Applications/Xcode.app/Contents/Developer/Platforms/MacOSX.platform/Developer/SDKs/MacOSX26.1.sdk/usr/include/Darwin_sys.modulemap
/Applications/Xcode.app/Contents/Developer/Platforms/MacOSX.platform/Developer/SDKs/MacOSX26.1.sdk/usr/include/uuid.modulemap
/Applications/Xcode.app/Contents/Developer/Platforms/MacOSX.platform/Developer/SDKs/MacOSX26.1.sdk/usr/include/DarwinFoundation1.modulemap
/Applications/Xcode.app/Contents/Developer/Platforms/MacOSX.platform/Developer/SDKs/MacOSX26.1.sdk/System/Library/Frameworks/CoreFoundation.framework/Modules/module.modulemap
/Applications/Xcode.app/Contents/Developer/Platforms/MacOSX.platform/Developer/SDKs/MacOSX26.1.sdk/System/Library/Frameworks/IOSurface.framework/Headers/IOSurfaceAPI.h
/Applications/Xcode.app/Contents/Developer/Platforms/MacOSX.platform/Developer/SDKs/MacOSX26.1.sdk/System/Library/Frameworks/IOKit.framework/Modules/module.modulemap
/Applications/Xcode.app/Contents/Developer/Platforms/MacOSX.platform/Developer/SDKs/MacOSX26.1.sdk/System/Library/Frameworks/IOSurface.framework/Headers/IOSurfaceTypes.h
/Applications/Xcode.app/Contents/Developer/Platforms/MacOSX.platform/Developer/SDKs/MacOSX26.1.sdk/System/Library/Frameworks/IOSurface.framework/Headers/IOSurfaceRef.h
/Applications/Xcode.app/Contents/Developer/Platforms/MacOSX.platform/Developer/SDKs/MacOSX26.1.sdk/System/Library/Frameworks/IOSurface.framework/Headers/IOSurfaceObjC.h
/Applications/Xcode.app/Contents/Developer/Platforms/MacOSX.platform/Developer/SDKs/MacOSX26.1.sdk/System/Library/Frameworks/Foundation.framework/Modules/module.modulemap
/Applications/Xcode.app/Contents/Developer/Platforms/MacOSX.platform/Developer/SDKs/MacOSX26.1.sdk/SDKSettings.json
/Applications/Xcode.app/Contents/Developer/Platforms/MacOSX.platform/Developer/SDKs/MacOSX26.1.sdk/System/Library/Frameworks/ImageIO.framework/Modules/module.modulemap
/Applications/Xcode.app/Contents/Developer/Platforms/MacOSX.platform/Developer/SDKs/MacOSX26.1.sdk/System/Library/Frameworks/ImageIO.framework/Headers/ImageIO.h
/Applications/Xcode.app/Contents/Developer/Platforms/MacOSX.platform/Developer/SDKs/MacOSX26.1.sdk/System/Library/Frameworks/ImageIO.framework/Headers/ImageIOBase.h
/Applications/Xcode.app/Contents/Developer/Toolchains/XcodeDefault.xctoolchain/usr/lib/swift/clang/include/module.modulemap
/Applications/Xcode.app/Contents/Developer/Toolchains/XcodeDefault.xctoolchain/usr/lib/swift/clang/include/stddef.h
/Applications/Xcode.app/Contents/Developer/Platforms/MacOSX.platform/Developer/SDKs/MacOSX26.1.sdk/usr/include/DarwinFoundation1.modulemap
/Applications/Xcode.app/Contents/Developer/Platforms/MacOSX.platform/Developer/SDKs/MacOSX26.1.sdk/System/Library/Frameworks/CoreFoundation.framework/Modules/module.modulemap
/Applications/Xcode.app/Contents/Developer/Platforms/MacOSX.platform/Developer/SDKs/MacOSX26.1.sdk/System/Library/Frameworks/ImageIO.framework/Headers/CGImageSource.h
/Applications/Xcode.app/Contents/Developer/Platforms/MacOSX.platform/Developer/SDKs/MacOSX26.1.sdk/System/Library/Frameworks/CoreGraphics.framework/Modules/module.modulemap
/Applications/Xcode.app/Contents/Developer/Platforms/MacOSX.platform/Developer/SDKs/MacOSX26.1.sdk/System/Library/Frameworks/ImageIO.framework/Headers/CGImageMetadata.h
/Applications/Xcode.app/Contents/Developer/Platforms/MacOSX.platform/Developer/SDKs/MacOSX26.1.sdk/System/Library/Frameworks/ImageIO.framework/Headers/CGImageDestination.h
/Applications/Xcode.app/Contents/Developer/Platforms/MacOSX.platform/Developer/SDKs/MacOSX26.1.sdk/System/Library/Frameworks/ImageIO.framework/Headers/CGImageProperties.h
/Applications/Xcode.app/Contents/Developer/Platforms/MacOSX.platform/Developer/SDKs/MacOSX26.1.sdk/System/Library/Frameworks/ImageIO.framework/Headers/CGImageAnimation.h
/Applications/Xcode.app/Contents/Developer/Platforms/MacOSX.platform/Developer/SDKs/MacOSX26.1.sdk/SDKSettings.json
/Applications/Xcode.app/Contents/Developer/Platforms/MacOSX.platform/Developer/SDKs/MacOSX26.1.sdk/System/Library/Frameworks/JavaScriptCore.framework/Modules/module.modulemap
/Applications/Xcode.app/Contents/Developer/Platforms/MacOSX.platform/Developer/SDKs/MacOSX26.1.sdk/System/Library/Frameworks/JavaScriptCore.framework/Headers/JavaScriptCore.h
/Applications/Xcode.app/Contents/Developer/Platforms/MacOSX.platform/Developer/SDKs/MacOSX26.1.sdk/System/Library/Frameworks/JavaScriptCore.framework/Headers/JavaScript.h
/Applications/Xcode.app/Contents/Developer/Platforms/MacOSX.platform/Developer/SDKs/MacOSX26.1.sdk/System/Library/Frameworks/JavaScriptCore.framework/Headers/JSBase.h
/Applications/Xcode.app/Contents/Developer/Toolchains/XcodeDefault.xctoolchain/usr/lib/swift/clang/include/module.modulemap
/Applications/Xcode.app/Contents/Developer/Platforms/MacOSX.platform/Developer/SDKs/MacOSX26.1.sdk/System/Library/Frameworks/Foundation.framework/Modules/module.modulemap
/Applications/Xcode.app/Contents/Developer/Platforms/MacOSX.platform/Developer/SDKs/MacOSX26.1.sdk/System/Library/Frameworks/JavaScriptCore.framework/Headers/JSContextRef.h
/Applications/Xcode.app/Contents/Developer/Platforms/MacOSX.platform/Developer/SDKs/MacOSX26.1.sdk/System/Library/Frameworks/JavaScriptCore.framework/Headers/JSObjectRef.h
/Applications/Xcode.app/Contents/Developer/Platforms/MacOSX.platform/Developer/SDKs/MacOSX26.1.sdk/System/Library/Frameworks/JavaScriptCore.framework/Headers/JSValueRef.h
/Applications/Xcode.app/Contents/Developer/Platforms/MacOSX.platform/Developer/SDKs/MacOSX26.1.sdk/System/Library/Frameworks/JavaScriptCore.framework/Headers/WebKitAvailability.h
/Applications/Xcode.app/Contents/Developer/Platforms/MacOSX.platform/Developer/SDKs/MacOSX26.1.sdk/usr/include/DarwinFoundation1.modulemap
/Applications/Xcode.app/Contents/Developer/Platforms/MacOSX.platform/Developer/SDKs/MacOSX26.1.sdk/System/Library/Frameworks/CoreFoundation.framework/Modules/module.modulemap
/Applications/Xcode.app/Contents/Developer/Toolchains/XcodeDefault.xctoolchain/usr/lib/swift/clang/include/stddef.h
/Applications/Xcode.app/Contents/Developer/Platforms/MacOSX.platform/Developer/SDKs/MacOSX26.1.sdk/System/Library/Frameworks/JavaScriptCore.framework/Headers/JSStringRef.h
/Applications/Xcode.app/Contents/Developer/Platforms/MacOSX.platform/Developer/SDKs/MacOSX26.1.sdk/System/Library/Frameworks/JavaScriptCore.framework/Headers/JSTypedArray.h
/Applications/Xcode.app/Contents/Developer/Platforms/MacOSX.platform/Developer/SDKs/MacOSX26.1.sdk/System/Library/Frameworks/JavaScriptCore.framework/Headers/JSStringRefCF.h
/Applications/Xcode.app/Contents/Developer/Platforms/MacOSX.platform/Developer/SDKs/MacOSX26.1.sdk/System/Library/Frameworks/JavaScriptCore.framework/Headers/JSContext.h
/Applications/Xcode.app/Contents/Developer/Platforms/MacOSX.platform/Developer/SDKs/MacOSX26.1.sdk/System/Library/Frameworks/JavaScriptCore.framework/Headers/JSValue.h
/Applications/Xcode.app/Contents/Developer/Platforms/MacOSX.platform/Developer/SDKs/MacOSX26.1.sdk/System/Library/Frameworks/CoreGraphics.framework/Modules/module.modulemap
/Applications/Xcode.app/Contents/Developer/Platforms/MacOSX.platform/Developer/SDKs/MacOSX26.1.sdk/System/Library/Frameworks/JavaScriptCore.framework/Headers/JSManagedValue.h
/Applications/Xcode.app/Contents/Developer/Platforms/MacOSX.platform/Developer/SDKs/MacOSX26.1.sdk/System/Library/Frameworks/JavaScriptCore.framework/Headers/JSVirtualMachine.h
/Applications/Xcode.app/Contents/Developer/Platforms/MacOSX.platform/Developer/SDKs/MacOSX26.1.sdk/System/Library/Frameworks/JavaScriptCore.framework/Headers/JSExport.h
/Applications/Xcode.app/Contents/Developer/Platforms/MacOSX.platform/Developer/SDKs/MacOSX26.1.sdk/SDKSettings.json
/Applications/Xcode.app/Contents/Developer/Platforms/MacOSX.platform/Developer/SDKs/MacOSX26.1.sdk/System/Library/Frameworks/LocalAuthentication.framework/Headers/LocalAuthentication.apinotes
/Applications/Xcode.app/Contents/Developer/Platforms/MacOSX.platform/Developer/SDKs/MacOSX26.1.sdk/System/Library/Frameworks/LocalAuthentication.framework/Modules/module.modulemap
/Applications/Xcode.app/Contents/Developer/Platforms/MacOSX.platform/Developer/SDKs/MacOSX26.1.sdk/System/Library/Frameworks/LocalAuthentication.framework/Headers/LocalAuthentication.h
/Applications/Xcode.app/Contents/Developer/Platforms/MacOSX.platform/Developer/SDKs/MacOSX26.1.sdk/System/Library/Frameworks/LocalAuthentication.framework/Headers/LABase.h
/Applications/Xcode.app/Contents/Developer/Platforms/MacOSX.platform/Developer/SDKs/MacOSX26.1.sdk/System/Library/Frameworks/LocalAuthentication.framework/Headers/LABiometryType.h
/Applications/Xcode.app/Contents/Developer/Platforms/MacOSX.platform/Developer/SDKs/MacOSX26.1.sdk/System/Library/Frameworks/Foundation.framework/Modules/module.modulemap
/Applications/Xcode.app/Contents/Developer/Platforms/MacOSX.platform/Developer/SDKs/MacOSX26.1.sdk/System/Library/Frameworks/LocalAuthentication.framework/Headers/LAPublicDefines.h
/Applications/Xcode.app/Contents/Developer/Platforms/MacOSX.platform/Developer/SDKs/MacOSX26.1.sdk/System/Library/Frameworks/LocalAuthentication.framework/Headers/LACompanionType.h
/Applications/Xcode.app/Contents/Developer/Platforms/MacOSX.platform/Developer/SDKs/MacOSX26.1.sdk/System/Library/Frameworks/LocalAuthentication.framework/Headers/LAContext.h
/Applications/Xcode.app/Contents/Developer/Platforms/MacOSX.platform/Developer/SDKs/MacOSX26.1.sdk/System/Library/Frameworks/LocalAuthentication.framework/Headers/LADomainState.h
/Applications/Xcode.app/Contents/Developer/Platforms/MacOSX.platform/Developer/SDKs/MacOSX26.1.sdk/System/Library/Frameworks/LocalAuthentication.framework/Headers/LAEnvironment.h
/Applications/Xcode.app/Contents/Developer/Platforms/MacOSX.platform/Developer/SDKs/MacOSX26.1.sdk/System/Library/Frameworks/LocalAuthentication.framework/Headers/LAEnvironmentState.h
/Applications/Xcode.app/Contents/Developer/Platforms/MacOSX.platform/Developer/SDKs/MacOSX26.1.sdk/System/Library/Frameworks/LocalAuthentication.framework/Headers/LAEnvironmentMechanism.h
/Applications/Xcode.app/Contents/Developer/Platforms/MacOSX.platform/Developer/SDKs/MacOSX26.1.sdk/System/Library/Frameworks/LocalAuthentication.framework/Headers/LAEnvironmentMechanismBiometry.h
/Applications/Xcode.app/Contents/Developer/Platforms/MacOSX.platform/Developer/SDKs/MacOSX26.1.sdk/System/Library/Frameworks/LocalAuthentication.framework/Headers/LAEnvironmentMechanismCompanion.h
/Applications/Xcode.app/Contents/Developer/Platforms/MacOSX.platform/Developer/SDKs/MacOSX26.1.sdk/System/Library/Frameworks/LocalAuthentication.framework/Headers/LAEnvironmentMechanismUserPassword.h
/Applications/Xcode.app/Contents/Developer/Platforms/MacOSX.platform/Developer/SDKs/MacOSX26.1.sdk/System/Library/Frameworks/LocalAuthentication.framework/Headers/LAError.h
/Applications/Xcode.app/Contents/Developer/Platforms/MacOSX.platform/Developer/SDKs/MacOSX26.1.sdk/System/Library/Frameworks/LocalAuthentication.framework/Headers/LAPersistedRight.h
/Applications/Xcode.app/Contents/Developer/Platforms/MacOSX.platform/Developer/SDKs/MacOSX26.1.sdk/System/Library/Frameworks/LocalAuthentication.framework/Headers/LARight.h
/Applications/Xcode.app/Contents/Developer/Platforms/MacOSX.platform/Developer/SDKs/MacOSX26.1.sdk/System/Library/Frameworks/LocalAuthentication.framework/Headers/LAPrivateKey.h
/Applications/Xcode.app/Contents/Developer/Platforms/MacOSX.platform/Developer/SDKs/MacOSX26.1.sdk/System/Library/Frameworks/Security.framework/Modules/module.modulemap
/Applications/Xcode.app/Contents/Developer/Platforms/MacOSX.platform/Developer/SDKs/MacOSX26.1.sdk/System/Library/Frameworks/LocalAuthentication.framework/Headers/LAPublicKey.h
/Applications/Xcode.app/Contents/Developer/Platforms/MacOSX.platform/Developer/SDKs/MacOSX26.1.sdk/System/Library/Frameworks/LocalAuthentication.framework/Headers/LARequirement.h
/Applications/Xcode.app/Contents/Developer/Platforms/MacOSX.platform/Developer/SDKs/MacOSX26.1.sdk/System/Library/Frameworks/LocalAuthentication.framework/Headers/LARightStore.h
/Applications/Xcode.app/Contents/Developer/Platforms/MacOSX.platform/Developer/SDKs/MacOSX26.1.sdk/System/Library/Frameworks/LocalAuthentication.framework/Headers/LASecret.h
/Applications/Xcode.app/Contents/Developer/Platforms/MacOSX.platform/Developer/SDKs/MacOSX26.1.sdk/SDKSettings.json
/Applications/Xcode.app/Contents/Developer/Toolchains/XcodeDefault.xctoolchain/usr/lib/swift/macosx/prebuilt-modules/26.1/LocalAuthentication.swiftmodule/arm64e-apple-macos.swiftmodule
/Applications/Xcode.app/Contents/Developer/Platforms/MacOSX.platform/Developer/SDKs/MacOSX26.1.sdk/usr/include/DarwinBasic.modulemap
/Applications/Xcode.app/Contents/Developer/Platforms/MacOSX.platform/Developer/SDKs/MacOSX26.1.sdk/usr/include/Darwin.modulemap
/Applications/Xcode.app/Contents/Developer/Platforms/MacOSX.platform/Developer/SDKs/MacOSX26.1.sdk/usr/include/Darwin_C.modulemap
/Applications/Xcode.app/Contents/Developer/Platforms/MacOSX.platform/Developer/SDKs/MacOSX26.1.sdk/usr/include/Darwin_POSIX.modulemap
/Applications/Xcode.app/Contents/Developer/Platforms/MacOSX.platform/Developer/SDKs/MacOSX26.1.sdk/usr/include/net.modulemap
/Applications/Xcode.app/Contents/Developer/Platforms/MacOSX.platform/Developer/SDKs/MacOSX26.1.sdk/usr/include/netinet.modulemap
/Applications/Xcode.app/Contents/Developer/Platforms/MacOSX.platform/Developer/SDKs/MacOSX26.1.sdk/usr/include/bank.modulemap
/Applications/Xcode.app/Contents/Developer/Platforms/MacOSX.platform/Developer/SDKs/MacOSX26.1.sdk/usr/include/Darwin_Mach.modulemap
/Applications/Xcode.app/Contents/Developer/Platforms/MacOSX.platform/Developer/SDKs/MacOSX26.1.sdk/usr/include/Darwin_Mach_machine.modulemap
/Applications/Xcode.app/Contents/Developer/Platforms/MacOSX.platform/Developer/SDKs/MacOSX26.1.sdk/usr/include/mach_debug.modulemap
/Applications/Xcode.app/Contents/Developer/Platforms/MacOSX.platform/Developer/SDKs/MacOSX26.1.sdk/usr/include/device.modulemap
/Applications/Xcode.app/Contents/Developer/Platforms/MacOSX.platform/Developer/SDKs/MacOSX26.1.sdk/usr/include/Darwin_machine.modulemap
/Applications/Xcode.app/Contents/Developer/Platforms/MacOSX.platform/Developer/SDKs/MacOSX26.1.sdk/usr/include/ncurses.modulemap
/Applications/Xcode.app/Contents/Developer/Platforms/MacOSX.platform/Developer/SDKs/MacOSX26.1.sdk/usr/include/netinet6.modulemap
/Applications/Xcode.app/Contents/Developer/Platforms/MacOSX.platform/Developer/SDKs/MacOSX26.1.sdk/usr/include/Darwin_sys.modulemap
/Applications/Xcode.app/Contents/Developer/Platforms/MacOSX.platform/Developer/SDKs/MacOSX26.1.sdk/usr/include/uuid.modulemap
/Applications/Xcode.app/Contents/Developer/Platforms/MacOSX.platform/Developer/SDKs/MacOSX26.1.sdk/usr/include/DarwinFoundation2.modulemap
/Applications/Xcode.app/Contents/Developer/Platforms/MacOSX.platform/Developer/SDKs/MacOSX26.1.sdk/usr/include/DarwinFoundation3.modulemap
/Applications/Xcode.app/Contents/Developer/Platforms/MacOSX.platform/Developer/SDKs/MacOSX26.1.sdk/usr/include/DarwinFoundation1.modulemap
/Applications/Xcode.app/Contents/Developer/Platforms/MacOSX.platform/Developer/SDKs/MacOSX26.1.sdk/usr/include/mach-o/arch.h
/Applications/Xcode.app/Contents/Developer/Toolchains/XcodeDefault.xctoolchain/usr/lib/swift/clang/include/module.modulemap
/Applications/Xcode.app/Contents/Developer/Platforms/MacOSX.platform/Developer/SDKs/MacOSX26.1.sdk/usr/include/mach-o/arm/reloc.h
/Applications/Xcode.app/Contents/Developer/Platforms/MacOSX.platform/Developer/SDKs/MacOSX26.1.sdk/usr/include/mach-o/arm64/reloc.h
/Applications/Xcode.app/Contents/Developer/Platforms/MacOSX.platform/Developer/SDKs/MacOSX26.1.sdk/usr/include/mach-o/compact_unwind_encoding.h
/Applications/Xcode.app/Contents/Developer/Platforms/MacOSX.platform/Developer/SDKs/MacOSX26.1.sdk/usr/include/mach-o/dyld.h
/Applications/Xcode.app/Contents/Developer/Toolchains/XcodeDefault.xctoolchain/usr/lib/swift/clang/include/stddef.h
/Applications/Xcode.app/Contents/Developer/Platforms/MacOSX.platform/Developer/SDKs/MacOSX26.1.sdk/usr/include/mach-o/loader.h
/Applications/Xcode.app/Contents/Developer/Platforms/MacOSX.platform/Developer/SDKs/MacOSX26.1.sdk/usr/include/mach-o/dyld_images.h
/Applications/Xcode.app/Contents/Developer/Platforms/MacOSX.platform/Developer/SDKs/MacOSX26.1.sdk/usr/include/mach-o/fat.h
/Applications/Xcode.app/Contents/Developer/Platforms/MacOSX.platform/Developer/SDKs/MacOSX26.1.sdk/usr/include/mach-o/fixup-chains.h
/Applications/Xcode.app/Contents/Developer/Platforms/MacOSX.platform/Developer/SDKs/MacOSX26.1.sdk/usr/include/mach-o/getsect.h
/Applications/Xcode.app/Contents/Developer/Platforms/MacOSX.platform/Developer/SDKs/MacOSX26.1.sdk/usr/include/mach-o/ldsyms.h
/Applications/Xcode.app/Contents/Developer/Platforms/MacOSX.platform/Developer/SDKs/MacOSX26.1.sdk/usr/include/mach-o/nlist.h
/Applications/Xcode.app/Contents/Developer/Platforms/MacOSX.platform/Developer/SDKs/MacOSX26.1.sdk/usr/include/mach-o/ranlib.h
/Applications/Xcode.app/Contents/Developer/Platforms/MacOSX.platform/Developer/SDKs/MacOSX26.1.sdk/usr/include/mach-o/reloc.h
/Applications/Xcode.app/Contents/Developer/Platforms/MacOSX.platform/Developer/SDKs/MacOSX26.1.sdk/usr/include/mach-o/stab.h
/Applications/Xcode.app/Contents/Developer/Platforms/MacOSX.platform/Developer/SDKs/MacOSX26.1.sdk/usr/include/mach-o/swap.h
/Applications/Xcode.app/Contents/Developer/Platforms/MacOSX.platform/Developer/SDKs/MacOSX26.1.sdk/usr/include/mach-o/utils.h
/Applications/Xcode.app/Contents/Developer/Platforms/MacOSX.platform/Developer/SDKs/MacOSX26.1.sdk/usr/include/mach-o/x86_64/reloc.h
/Applications/Xcode.app/Contents/Developer/Platforms/MacOSX.platform/Developer/SDKs/MacOSX26.1.sdk/SDKSettings.json
/Users/rogerlin/Library/Developer/Xcode/DerivedData/FinancialCalculatorKit-ackorybalcxbfocbkqsfdzcfkgmn/Build/Products/Debug/MathJaxSwift.swiftmodule/arm64-apple-macos.swiftmodule
/Applications/Xcode.app/Contents/Developer/Platforms/MacOSX.platform/Developer/SDKs/MacOSX26.1.sdk/System/Library/Frameworks/Metal.framework/Headers/Metal.apinotes
/Applications/Xcode.app/Contents/Developer/Platforms/MacOSX.platform/Developer/SDKs/MacOSX26.1.sdk/System/Library/Frameworks/Metal.framework/Modules/module.modulemap
/Applications/Xcode.app/Contents/Developer/Platforms/MacOSX.platform/Developer/SDKs/MacOSX26.1.sdk/System/Library/Frameworks/Metal.framework/Headers/Metal.h
/Applications/Xcode.app/Contents/Developer/Platforms/MacOSX.platform/Developer/SDKs/MacOSX26.1.sdk/System/Library/Frameworks/Metal.framework/Headers/MTLDefines.h
/Applications/Xcode.app/Contents/Developer/Platforms/MacOSX.platform/Developer/SDKs/MacOSX26.1.sdk/usr/include/Darwin.modulemap
/Applications/Xcode.app/Contents/Developer/Platforms/MacOSX.platform/Developer/SDKs/MacOSX26.1.sdk/usr/include/Darwin_C.modulemap
/Applications/Xcode.app/Contents/Developer/Platforms/MacOSX.platform/Developer/SDKs/MacOSX26.1.sdk/usr/include/Darwin_POSIX.modulemap
/Applications/Xcode.app/Contents/Developer/Platforms/MacOSX.platform/Developer/SDKs/MacOSX26.1.sdk/usr/include/net.modulemap
/Applications/Xcode.app/Contents/Developer/Platforms/MacOSX.platform/Developer/SDKs/MacOSX26.1.sdk/usr/include/netinet.modulemap
/Applications/Xcode.app/Contents/Developer/Platforms/MacOSX.platform/Developer/SDKs/MacOSX26.1.sdk/usr/include/bank.modulemap
/Applications/Xcode.app/Contents/Developer/Platforms/MacOSX.platform/Developer/SDKs/MacOSX26.1.sdk/usr/include/Darwin_Mach.modulemap
/Applications/Xcode.app/Contents/Developer/Platforms/MacOSX.platform/Developer/SDKs/MacOSX26.1.sdk/usr/include/Darwin_Mach_machine.modulemap
/Applications/Xcode.app/Contents/Developer/Platforms/MacOSX.platform/Developer/SDKs/MacOSX26.1.sdk/usr/include/mach_debug.modulemap
/Applications/Xcode.app/Contents/Developer/Platforms/MacOSX.platform/Developer/SDKs/MacOSX26.1.sdk/usr/include/device.modulemap
/Applications/Xcode.app/Contents/Developer/Platforms/MacOSX.platform/Developer/SDKs/MacOSX26.1.sdk/usr/include/Darwin_machine.modulemap
/Applications/Xcode.app/Contents/Developer/Platforms/MacOSX.platform/Developer/SDKs/MacOSX26.1.sdk/usr/include/ncurses.modulemap
/Applications/Xcode.app/Contents/Developer/Platforms/MacOSX.platform/Developer/SDKs/MacOSX26.1.sdk/usr/include/netinet6.modulemap
/Applications/Xcode.app/Contents/Developer/Platforms/MacOSX.platform/Developer/SDKs/MacOSX26.1.sdk/usr/include/Darwin_sys.modulemap
/Applications/Xcode.app/Contents/Developer/Platforms/MacOSX.platform/Developer/SDKs/MacOSX26.1.sdk/usr/include/uuid.modulemap
/Applications/Xcode.app/Contents/Developer/Platforms/MacOSX.platform/Developer/SDKs/MacOSX26.1.sdk/usr/include/DarwinFoundation1.modulemap
/Applications/Xcode.app/Contents/Developer/Platforms/MacOSX.platform/Developer/SDKs/MacOSX26.1.sdk/System/Library/Frameworks/Metal.framework/Headers/MTLTypes.h
/Applications/Xcode.app/Contents/Developer/Platforms/MacOSX.platform/Developer/SDKs/MacOSX26.1.sdk/System/Library/Frameworks/Foundation.framework/Modules/module.modulemap
/Applications/Xcode.app/Contents/Developer/Platforms/MacOSX.platform/Developer/SDKs/MacOSX26.1.sdk/System/Library/Frameworks/Metal.framework/Headers/MTLBlitCommandEncoder.h
/Applications/Xcode.app/Contents/Developer/Platforms/MacOSX.platform/Developer/SDKs/MacOSX26.1.sdk/System/Library/Frameworks/Metal.framework/Headers/MTLCommandEncoder.h
/Applications/Xcode.app/Contents/Developer/Platforms/MacOSX.platform/Developer/SDKs/MacOSX26.1.sdk/System/Library/Frameworks/Metal.framework/Headers/MTLResourceStateCommandEncoder.h
/Applications/Xcode.app/Contents/Developer/Platforms/MacOSX.platform/Developer/SDKs/MacOSX26.1.sdk/System/Library/Frameworks/Metal.framework/Headers/MTLTexture.h
/Applications/Xcode.app/Contents/Developer/Platforms/MacOSX.platform/Developer/SDKs/MacOSX26.1.sdk/System/Library/Frameworks/Metal.framework/Headers/MTLResource.h
/Applications/Xcode.app/Contents/Developer/Platforms/MacOSX.platform/Developer/SDKs/MacOSX26.1.sdk/System/Library/Frameworks/Metal.framework/Headers/MTLAllocation.h
/Applications/Xcode.app/Contents/Developer/Platforms/MacOSX.platform/Developer/SDKs/MacOSX26.1.sdk/System/Library/Frameworks/Metal.framework/Headers/MTLBuffer.h
/Applications/Xcode.app/Contents/Developer/Platforms/MacOSX.platform/Developer/SDKs/MacOSX26.1.sdk/System/Library/Frameworks/Metal.framework/Headers/MTLPixelFormat.h
/Applications/Xcode.app/Contents/Developer/Platforms/MacOSX.platform/Developer/SDKs/MacOSX26.1.sdk/System/Library/Frameworks/Metal.framework/Headers/MTLTensor.h
/Applications/Xcode.app/Contents/Developer/Platforms/MacOSX.platform/Developer/SDKs/MacOSX26.1.sdk/System/Library/Frameworks/Metal.framework/Headers/MTLDataType.h
/Applications/Xcode.app/Contents/Developer/Platforms/MacOSX.platform/Developer/SDKs/MacOSX26.1.sdk/System/Library/Frameworks/Metal.framework/Headers/MTLGPUAddress.h
/Applications/Xcode.app/Contents/Developer/Toolchains/XcodeDefault.xctoolchain/usr/lib/swift/clang/include/module.modulemap
/Applications/Xcode.app/Contents/Developer/Platforms/MacOSX.platform/Developer/SDKs/MacOSX26.1.sdk/System/Library/Frameworks/IOSurface.framework/Modules/module.modulemap
/Applications/Xcode.app/Contents/Developer/Platforms/MacOSX.platform/Developer/SDKs/MacOSX26.1.sdk/System/Library/Frameworks/Metal.framework/Headers/MTLFence.h
/Applications/Xcode.app/Contents/Developer/Platforms/MacOSX.platform/Developer/SDKs/MacOSX26.1.sdk/System/Library/Frameworks/Metal.framework/Headers/MTLDevice.h
/Applications/Xcode.app/Contents/Developer/Platforms/MacOSX.platform/Developer/SDKs/MacOSX26.1.sdk/System/Library/Frameworks/Metal.framework/Headers/MTLLibrary.h
/Applications/Xcode.app/Contents/Developer/Platforms/MacOSX.platform/Developer/SDKs/MacOSX26.1.sdk/System/Library/Frameworks/Metal.framework/Headers/MTLArgument.h
/Applications/Xcode.app/Contents/Developer/Platforms/MacOSX.platform/Developer/SDKs/MacOSX26.1.sdk/System/Library/Frameworks/Metal.framework/Headers/MTLFunctionDescriptor.h
/Applications/Xcode.app/Contents/Developer/Platforms/MacOSX.platform/Developer/SDKs/MacOSX26.1.sdk/System/Library/Frameworks/Metal.framework/Headers/MTLFunctionConstantValues.h
/Applications/Xcode.app/Contents/Developer/Platforms/MacOSX.platform/Developer/SDKs/MacOSX26.1.sdk/System/Library/Frameworks/Metal.framework/Headers/MTLCounters.h
/Applications/Xcode.app/Contents/Developer/Platforms/MacOSX.platform/Developer/SDKs/MacOSX26.1.sdk/System/Library/Frameworks/Metal.framework/Headers/MTL4Compiler.h
/Applications/Xcode.app/Contents/Developer/Platforms/MacOSX.platform/Developer/SDKs/MacOSX26.1.sdk/System/Library/Frameworks/Metal.framework/Headers/MTL4CompilerTask.h
/Applications/Xcode.app/Contents/Developer/Platforms/MacOSX.platform/Developer/SDKs/MacOSX26.1.sdk/System/Library/Frameworks/Metal.framework/Headers/MTL4Counters.h
/Applications/Xcode.app/Contents/Developer/Platforms/MacOSX.platform/Developer/SDKs/MacOSX26.1.sdk/System/Library/Frameworks/Metal.framework/Headers/MTLResourceStatePass.h
/Applications/Xcode.app/Contents/Developer/Platforms/MacOSX.platform/Developer/SDKs/MacOSX26.1.sdk/System/Library/Frameworks/Metal.framework/Headers/MTLRenderPass.h
/Applications/Xcode.app/Contents/Developer/Platforms/MacOSX.platform/Developer/SDKs/MacOSX26.1.sdk/System/Library/Frameworks/Metal.framework/Headers/MTLBlitPass.h
/Applications/Xcode.app/Contents/Developer/Platforms/MacOSX.platform/Developer/SDKs/MacOSX26.1.sdk/System/Library/Frameworks/Metal.framework/Headers/MTLCommandBuffer.h
/Applications/Xcode.app/Contents/Developer/Platforms/MacOSX.platform/Developer/SDKs/MacOSX26.1.sdk/System/Library/Frameworks/Metal.framework/Headers/MTLComputeCommandEncoder.h
/Applications/Xcode.app/Contents/Developer/Platforms/MacOSX.platform/Developer/SDKs/MacOSX26.1.sdk/System/Library/Frameworks/Metal.framework/Headers/MTLComputePass.h
/Applications/Xcode.app/Contents/Developer/Platforms/MacOSX.platform/Developer/SDKs/MacOSX26.1.sdk/System/Library/Frameworks/Metal.framework/Headers/MTLCommandQueue.h
/Applications/Xcode.app/Contents/Developer/Platforms/MacOSX.platform/Developer/SDKs/MacOSX26.1.sdk/System/Library/Frameworks/Metal.framework/Headers/MTLDeviceCertification.h
/Applications/Xcode.app/Contents/Developer/Platforms/MacOSX.platform/Developer/SDKs/MacOSX26.1.sdk/System/Library/Frameworks/Metal.framework/Headers/MTLDepthStencil.h
/Applications/Xcode.app/Contents/Developer/Platforms/MacOSX.platform/Developer/SDKs/MacOSX26.1.sdk/System/Library/Frameworks/Metal.framework/Headers/MTLDrawable.h
/Applications/Xcode.app/Contents/Developer/Platforms/MacOSX.platform/Developer/SDKs/MacOSX26.1.sdk/System/Library/Frameworks/Metal.framework/Headers/MTLComputePipeline.h
/Applications/Xcode.app/Contents/Developer/Platforms/MacOSX.platform/Developer/SDKs/MacOSX26.1.sdk/System/Library/Frameworks/Metal.framework/Headers/MTLStageInputOutputDescriptor.h
/Applications/Xcode.app/Contents/Developer/Platforms/MacOSX.platform/Developer/SDKs/MacOSX26.1.sdk/System/Library/Frameworks/Metal.framework/Headers/MTLVertexDescriptor.h
/Applications/Xcode.app/Contents/Developer/Platforms/MacOSX.platform/Developer/SDKs/MacOSX26.1.sdk/System/Library/Frameworks/Metal.framework/Headers/MTLPipeline.h
/Applications/Xcode.app/Contents/Developer/Platforms/MacOSX.platform/Developer/SDKs/MacOSX26.1.sdk/System/Library/Frameworks/Metal.framework/Headers/MTLLinkedFunctions.h
/Applications/Xcode.app/Contents/Developer/Platforms/MacOSX.platform/Developer/SDKs/MacOSX26.1.sdk/System/Library/Frameworks/Metal.framework/Headers/MTLRenderPipeline.h
/Applications/Xcode.app/Contents/Developer/Platforms/MacOSX.platform/Developer/SDKs/MacOSX26.1.sdk/System/Library/Frameworks/Metal.framework/Headers/MTLRenderCommandEncoder.h
/Applications/Xcode.app/Contents/Developer/Platforms/MacOSX.platform/Developer/SDKs/MacOSX26.1.sdk/System/Library/Frameworks/Metal.framework/Headers/MTLFunctionHandle.h
/Applications/Xcode.app/Contents/Developer/Platforms/MacOSX.platform/Developer/SDKs/MacOSX26.1.sdk/System/Library/Frameworks/Metal.framework/Headers/MTLVisibleFunctionTable.h
/Applications/Xcode.app/Contents/Developer/Platforms/MacOSX.platform/Developer/SDKs/MacOSX26.1.sdk/System/Library/Frameworks/Metal.framework/Headers/MTLParallelRenderCommandEncoder.h
/Applications/Xcode.app/Contents/Developer/Platforms/MacOSX.platform/Developer/SDKs/MacOSX26.1.sdk/System/Library/Frameworks/Metal.framework/Headers/MTLSampler.h
/Applications/Xcode.app/Contents/Developer/Platforms/MacOSX.platform/Developer/SDKs/MacOSX26.1.sdk/System/Library/Frameworks/Metal.framework/Headers/MTLHeap.h
/Applications/Xcode.app/Contents/Developer/Platforms/MacOSX.platform/Developer/SDKs/MacOSX26.1.sdk/System/Library/Frameworks/Metal.framework/Headers/MTLAccelerationStructure.h
/Applications/Xcode.app/Contents/Developer/Platforms/MacOSX.platform/Developer/SDKs/MacOSX26.1.sdk/System/Library/Frameworks/Metal.framework/Headers/MTLAccelerationStructureTypes.h
/Applications/Xcode.app/Contents/Developer/Platforms/MacOSX.platform/Developer/SDKs/MacOSX26.1.sdk/System/Library/Frameworks/Metal.framework/Headers/MTL4BufferRange.h
/Applications/Xcode.app/Contents/Developer/Platforms/MacOSX.platform/Developer/SDKs/MacOSX26.1.sdk/System/Library/Frameworks/Metal.framework/Headers/MTLArgumentEncoder.h
/Applications/Xcode.app/Contents/Developer/Platforms/MacOSX.platform/Developer/SDKs/MacOSX26.1.sdk/System/Library/Frameworks/Metal.framework/Headers/MTLCaptureManager.h
/Applications/Xcode.app/Contents/Developer/Platforms/MacOSX.platform/Developer/SDKs/MacOSX26.1.sdk/System/Library/Frameworks/Metal.framework/Headers/MTL4CommandQueue.h
/Applications/Xcode.app/Contents/Developer/Platforms/MacOSX.platform/Developer/SDKs/MacOSX26.1.sdk/System/Library/Frameworks/Metal.framework/Headers/MTL4CommandBuffer.h
/Applications/Xcode.app/Contents/Developer/Platforms/MacOSX.platform/Developer/SDKs/MacOSX26.1.sdk/System/Library/Frameworks/Metal.framework/Headers/MTL4RenderCommandEncoder.h
/Applications/Xcode.app/Contents/Developer/Platforms/MacOSX.platform/Developer/SDKs/MacOSX26.1.sdk/System/Library/Frameworks/Metal.framework/Headers/MTL4CommandEncoder.h
/Applications/Xcode.app/Contents/Developer/Platforms/MacOSX.platform/Developer/SDKs/MacOSX26.1.sdk/System/Library/Frameworks/Metal.framework/Headers/MTLEvent.h
/Applications/Xcode.app/Contents/Developer/Platforms/MacOSX.platform/Developer/SDKs/MacOSX26.1.sdk/System/Library/Frameworks/Metal.framework/Headers/MTL4CommitFeedback.h
/Applications/Xcode.app/Contents/Developer/Platforms/MacOSX.platform/Developer/SDKs/MacOSX26.1.sdk/System/Library/Frameworks/Metal.framework/Headers/MTLCaptureScope.h
/Applications/Xcode.app/Contents/Developer/Platforms/MacOSX.platform/Developer/SDKs/MacOSX26.1.sdk/System/Library/Frameworks/Metal.framework/Headers/MTLIndirectCommandBuffer.h
/Applications/Xcode.app/Contents/Developer/Platforms/MacOSX.platform/Developer/SDKs/MacOSX26.1.sdk/System/Library/Frameworks/Metal.framework/Headers/MTLIndirectCommandEncoder.h
/Applications/Xcode.app/Contents/Developer/Platforms/MacOSX.platform/Developer/SDKs/MacOSX26.1.sdk/System/Library/Frameworks/Metal.framework/Headers/MTLFunctionLog.h
/Applications/Xcode.app/Contents/Developer/Platforms/MacOSX.platform/Developer/SDKs/MacOSX26.1.sdk/System/Library/Frameworks/Metal.framework/Headers/MTLAccelerationStructureCommandEncoder.h
/Applications/Xcode.app/Contents/Developer/Platforms/MacOSX.platform/Developer/SDKs/MacOSX26.1.sdk/System/Library/Frameworks/Metal.framework/Headers/MTLRasterizationRate.h
/Applications/Xcode.app/Contents/Developer/Platforms/MacOSX.platform/Developer/SDKs/MacOSX26.1.sdk/System/Library/Frameworks/Metal.framework/Headers/MTLDynamicLibrary.h
/Applications/Xcode.app/Contents/Developer/Platforms/MacOSX.platform/Developer/SDKs/MacOSX26.1.sdk/System/Library/Frameworks/Metal.framework/Headers/MTLLogState.h
/Applications/Xcode.app/Contents/Developer/Platforms/MacOSX.platform/Developer/SDKs/MacOSX26.1.sdk/System/Library/Frameworks/Metal.framework/Headers/MTLBinaryArchive.h
/Applications/Xcode.app/Contents/Developer/Platforms/MacOSX.platform/Developer/SDKs/MacOSX26.1.sdk/System/Library/Frameworks/Metal.framework/Headers/MTLIntersectionFunctionTable.h
/Applications/Xcode.app/Contents/Developer/Platforms/MacOSX.platform/Developer/SDKs/MacOSX26.1.sdk/System/Library/Frameworks/Metal.framework/Headers/MTLFunctionStitching.h
/Applications/Xcode.app/Contents/Developer/Platforms/MacOSX.platform/Developer/SDKs/MacOSX26.1.sdk/System/Library/Frameworks/Metal.framework/Headers/MTLIOCommandQueue.h
/Applications/Xcode.app/Contents/Developer/Platforms/MacOSX.platform/Developer/SDKs/MacOSX26.1.sdk/System/Library/Frameworks/Metal.framework/Headers/MTLIOCommandBuffer.h
/Applications/Xcode.app/Contents/Developer/Platforms/MacOSX.platform/Developer/SDKs/MacOSX26.1.sdk/System/Library/Frameworks/Metal.framework/Headers/MTLIOCompressor.h
/Applications/Xcode.app/Contents/Developer/Platforms/MacOSX.platform/Developer/SDKs/MacOSX26.1.sdk/System/Library/Frameworks/Metal.framework/Headers/MTLResidencySet.h
/Applications/Xcode.app/Contents/Developer/Platforms/MacOSX.platform/Developer/SDKs/MacOSX26.1.sdk/System/Library/Frameworks/Metal.framework/Headers/MTLResourceViewPool.h
/Applications/Xcode.app/Contents/Developer/Platforms/MacOSX.platform/Developer/SDKs/MacOSX26.1.sdk/System/Library/Frameworks/Metal.framework/Headers/MTLTextureViewPool.h
/Applications/Xcode.app/Contents/Developer/Platforms/MacOSX.platform/Developer/SDKs/MacOSX26.1.sdk/System/Library/Frameworks/Metal.framework/Headers/MTL4ArgumentTable.h
/Applications/Xcode.app/Contents/Developer/Platforms/MacOSX.platform/Developer/SDKs/MacOSX26.1.sdk/System/Library/Frameworks/Metal.framework/Headers/MTL4BinaryFunction.h
/Applications/Xcode.app/Contents/Developer/Platforms/MacOSX.platform/Developer/SDKs/MacOSX26.1.sdk/System/Library/Frameworks/Metal.framework/Headers/MTL4CommandAllocator.h
/Applications/Xcode.app/Contents/Developer/Platforms/MacOSX.platform/Developer/SDKs/MacOSX26.1.sdk/System/Library/Frameworks/Metal.framework/Headers/MTL4RenderPass.h
/Applications/Xcode.app/Contents/Developer/Platforms/MacOSX.platform/Developer/SDKs/MacOSX26.1.sdk/System/Library/Frameworks/Metal.framework/Headers/MTL4ComputeCommandEncoder.h
/Applications/Xcode.app/Contents/Developer/Platforms/MacOSX.platform/Developer/SDKs/MacOSX26.1.sdk/System/Library/Frameworks/Metal.framework/Headers/MTL4AccelerationStructure.h
/Applications/Xcode.app/Contents/Developer/Platforms/MacOSX.platform/Developer/SDKs/MacOSX26.1.sdk/System/Library/Frameworks/Metal.framework/Headers/MTL4MachineLearningCommandEncoder.h
/Applications/Xcode.app/Contents/Developer/Platforms/MacOSX.platform/Developer/SDKs/MacOSX26.1.sdk/System/Library/Frameworks/Metal.framework/Headers/MTL4LibraryDescriptor.h
/Applications/Xcode.app/Contents/Developer/Platforms/MacOSX.platform/Developer/SDKs/MacOSX26.1.sdk/System/Library/Frameworks/Metal.framework/Headers/MTL4FunctionDescriptor.h
/Applications/Xcode.app/Contents/Developer/Platforms/MacOSX.platform/Developer/SDKs/MacOSX26.1.sdk/System/Library/Frameworks/Metal.framework/Headers/MTL4LibraryFunctionDescriptor.h
/Applications/Xcode.app/Contents/Developer/Platforms/MacOSX.platform/Developer/SDKs/MacOSX26.1.sdk/System/Library/Frameworks/Metal.framework/Headers/MTL4SpecializedFunctionDescriptor.h
/Applications/Xcode.app/Contents/Developer/Platforms/MacOSX.platform/Developer/SDKs/MacOSX26.1.sdk/System/Library/Frameworks/Metal.framework/Headers/MTL4StitchedFunctionDescriptor.h
/Applications/Xcode.app/Contents/Developer/Platforms/MacOSX.platform/Developer/SDKs/MacOSX26.1.sdk/System/Library/Frameworks/Metal.framework/Headers/MTL4PipelineState.h
/Applications/Xcode.app/Contents/Developer/Platforms/MacOSX.platform/Developer/SDKs/MacOSX26.1.sdk/System/Library/Frameworks/Metal.framework/Headers/MTL4ComputePipeline.h
/Applications/Xcode.app/Contents/Developer/Platforms/MacOSX.platform/Developer/SDKs/MacOSX26.1.sdk/System/Library/Frameworks/Metal.framework/Headers/MTL4RenderPipeline.h
/Applications/Xcode.app/Contents/Developer/Platforms/MacOSX.platform/Developer/SDKs/MacOSX26.1.sdk/System/Library/Frameworks/Metal.framework/Headers/MTL4MachineLearningPipeline.h
/Applications/Xcode.app/Contents/Developer/Platforms/MacOSX.platform/Developer/SDKs/MacOSX26.1.sdk/System/Library/Frameworks/Metal.framework/Headers/MTL4TileRenderPipeline.h
/Applications/Xcode.app/Contents/Developer/Platforms/MacOSX.platform/Developer/SDKs/MacOSX26.1.sdk/System/Library/Frameworks/Metal.framework/Headers/MTL4MeshRenderPipeline.h
/Applications/Xcode.app/Contents/Developer/Platforms/MacOSX.platform/Developer/SDKs/MacOSX26.1.sdk/System/Library/Frameworks/Metal.framework/Headers/MTL4PipelineDataSetSerializer.h
/Applications/Xcode.app/Contents/Developer/Platforms/MacOSX.platform/Developer/SDKs/MacOSX26.1.sdk/System/Library/Frameworks/Metal.framework/Headers/MTL4Archive.h
/Applications/Xcode.app/Contents/Developer/Platforms/MacOSX.platform/Developer/SDKs/MacOSX26.1.sdk/System/Library/Frameworks/Metal.framework/Headers/MTL4BinaryFunctionDescriptor.h
/Applications/Xcode.app/Contents/Developer/Platforms/MacOSX.platform/Developer/SDKs/MacOSX26.1.sdk/System/Library/Frameworks/Metal.framework/Headers/MTL4LinkingDescriptor.h
/Applications/Xcode.app/Contents/Developer/Platforms/MacOSX.platform/Developer/SDKs/MacOSX26.1.sdk/SDKSettings.json
/Applications/Xcode.app/Contents/Developer/Toolchains/XcodeDefault.xctoolchain/usr/lib/swift/macosx/prebuilt-modules/26.1/Metal.swiftmodule/arm64e-apple-macos.swiftmodule
/Applications/Xcode.app/Contents/Developer/Platforms/MacOSX.platform/Developer/SDKs/MacOSX26.1.sdk/System/Library/Frameworks/OSLog.framework/Modules/module.modulemap
/Applications/Xcode.app/Contents/Developer/Platforms/MacOSX.platform/Developer/SDKs/MacOSX26.1.sdk/System/Library/Frameworks/OSLog.framework/Headers/OSLog.h
/Applications/Xcode.app/Contents/Developer/Platforms/MacOSX.platform/Developer/SDKs/MacOSX26.1.sdk/System/Library/Frameworks/Foundation.framework/Modules/module.modulemap
/Applications/Xcode.app/Contents/Developer/Platforms/MacOSX.platform/Developer/SDKs/MacOSX26.1.sdk/usr/include/os.modulemap
/Applications/Xcode.app/Contents/Developer/Platforms/MacOSX.platform/Developer/SDKs/MacOSX26.1.sdk/System/Library/Frameworks/OSLog.framework/Headers/Entry.h
/Applications/Xcode.app/Contents/Developer/Platforms/MacOSX.platform/Developer/SDKs/MacOSX26.1.sdk/System/Library/Frameworks/OSLog.framework/Headers/EntryActivity.h
/Applications/Xcode.app/Contents/Developer/Platforms/MacOSX.platform/Developer/SDKs/MacOSX26.1.sdk/System/Library/Frameworks/OSLog.framework/Headers/EntryBoundary.h
/Applications/Xcode.app/Contents/Developer/Platforms/MacOSX.platform/Developer/SDKs/MacOSX26.1.sdk/System/Library/Frameworks/OSLog.framework/Headers/EntryLog.h
/Applications/Xcode.app/Contents/Developer/Platforms/MacOSX.platform/Developer/SDKs/MacOSX26.1.sdk/System/Library/Frameworks/OSLog.framework/Headers/EntrySignpost.h
/Applications/Xcode.app/Contents/Developer/Platforms/MacOSX.platform/Developer/SDKs/MacOSX26.1.sdk/System/Library/Frameworks/OSLog.framework/Headers/Enumerator.h
/Applications/Xcode.app/Contents/Developer/Platforms/MacOSX.platform/Developer/SDKs/MacOSX26.1.sdk/System/Library/Frameworks/OSLog.framework/Headers/MessageComponent.h
/Applications/Xcode.app/Contents/Developer/Platforms/MacOSX.platform/Developer/SDKs/MacOSX26.1.sdk/System/Library/Frameworks/OSLog.framework/Headers/Position.h
/Applications/Xcode.app/Contents/Developer/Platforms/MacOSX.platform/Developer/SDKs/MacOSX26.1.sdk/System/Library/Frameworks/OSLog.framework/Headers/Store.h
/Applications/Xcode.app/Contents/Developer/Platforms/MacOSX.platform/Developer/SDKs/MacOSX26.1.sdk/SDKSettings.json
/Applications/Xcode.app/Contents/Developer/Toolchains/XcodeDefault.xctoolchain/usr/lib/swift/macosx/prebuilt-modules/26.1/OSLog.swiftmodule/arm64e-apple-macos.swiftmodule
/Applications/Xcode.app/Contents/Developer/Toolchains/XcodeDefault.xctoolchain/usr/lib/swift/macosx/prebuilt-modules/26.1/ObjectiveC.swiftmodule/arm64e-apple-macos.swiftmodule
/Applications/Xcode.app/Contents/Developer/Platforms/MacOSX.platform/Developer/SDKs/MacOSX26.1.sdk/usr/include/ObjectiveC.apinotes
/Applications/Xcode.app/Contents/Developer/Platforms/MacOSX.platform/Developer/SDKs/MacOSX26.1.sdk/usr/include/DarwinBasic.modulemap
/Applications/Xcode.app/Contents/Developer/Platforms/MacOSX.platform/Developer/SDKs/MacOSX26.1.sdk/usr/include/ObjectiveC.modulemap
/Applications/Xcode.app/Contents/Developer/Platforms/MacOSX.platform/Developer/SDKs/MacOSX26.1.sdk/usr/include/Darwin.modulemap
/Applications/Xcode.app/Contents/Developer/Platforms/MacOSX.platform/Developer/SDKs/MacOSX26.1.sdk/usr/include/Darwin_C.modulemap
/Applications/Xcode.app/Contents/Developer/Platforms/MacOSX.platform/Developer/SDKs/MacOSX26.1.sdk/usr/include/Darwin_POSIX.modulemap
/Applications/Xcode.app/Contents/Developer/Platforms/MacOSX.platform/Developer/SDKs/MacOSX26.1.sdk/usr/include/net.modulemap
/Applications/Xcode.app/Contents/Developer/Platforms/MacOSX.platform/Developer/SDKs/MacOSX26.1.sdk/usr/include/netinet.modulemap
/Applications/Xcode.app/Contents/Developer/Platforms/MacOSX.platform/Developer/SDKs/MacOSX26.1.sdk/usr/include/bank.modulemap
/Applications/Xcode.app/Contents/Developer/Platforms/MacOSX.platform/Developer/SDKs/MacOSX26.1.sdk/usr/include/Darwin_Mach.modulemap
/Applications/Xcode.app/Contents/Developer/Platforms/MacOSX.platform/Developer/SDKs/MacOSX26.1.sdk/usr/include/Darwin_Mach_machine.modulemap
/Applications/Xcode.app/Contents/Developer/Platforms/MacOSX.platform/Developer/SDKs/MacOSX26.1.sdk/usr/include/mach_debug.modulemap
/Applications/Xcode.app/Contents/Developer/Platforms/MacOSX.platform/Developer/SDKs/MacOSX26.1.sdk/usr/include/device.modulemap
/Applications/Xcode.app/Contents/Developer/Platforms/MacOSX.platform/Developer/SDKs/MacOSX26.1.sdk/usr/include/Darwin_machine.modulemap
/Applications/Xcode.app/Contents/Developer/Platforms/MacOSX.platform/Developer/SDKs/MacOSX26.1.sdk/usr/include/ncurses.modulemap
/Applications/Xcode.app/Contents/Developer/Platforms/MacOSX.platform/Developer/SDKs/MacOSX26.1.sdk/usr/include/netinet6.modulemap
/Applications/Xcode.app/Contents/Developer/Platforms/MacOSX.platform/Developer/SDKs/MacOSX26.1.sdk/usr/include/Darwin_sys.modulemap
/Applications/Xcode.app/Contents/Developer/Platforms/MacOSX.platform/Developer/SDKs/MacOSX26.1.sdk/usr/include/uuid.modulemap
/Applications/Xcode.app/Contents/Developer/Platforms/MacOSX.platform/Developer/SDKs/MacOSX26.1.sdk/usr/include/DarwinFoundation2.modulemap
/Applications/Xcode.app/Contents/Developer/Platforms/MacOSX.platform/Developer/SDKs/MacOSX26.1.sdk/usr/include/DarwinFoundation3.modulemap
/Applications/Xcode.app/Contents/Developer/Platforms/MacOSX.platform/Developer/SDKs/MacOSX26.1.sdk/usr/include/DarwinFoundation1.modulemap
/Applications/Xcode.app/Contents/Developer/Platforms/MacOSX.platform/Developer/SDKs/MacOSX26.1.sdk/usr/include/objc/List.h
/Applications/Xcode.app/Contents/Developer/Platforms/MacOSX.platform/Developer/SDKs/MacOSX26.1.sdk/usr/include/objc/NSObjCRuntime.h
/Applications/Xcode.app/Contents/Developer/Toolchains/XcodeDefault.xctoolchain/usr/lib/swift/clang/include/module.modulemap
/Applications/Xcode.app/Contents/Developer/Platforms/MacOSX.platform/Developer/SDKs/MacOSX26.1.sdk/usr/include/objc/objc.h
/Applications/Xcode.app/Contents/Developer/Platforms/MacOSX.platform/Developer/SDKs/MacOSX26.1.sdk/usr/include/stdlib.h
/Applications/Xcode.app/Contents/Developer/Platforms/MacOSX.platform/Developer/SDKs/MacOSX26.1.sdk/usr/include/objc/objc-api.h
/Applications/Xcode.app/Contents/Developer/Toolchains/XcodeDefault.xctoolchain/usr/lib/swift/clang/include/stddef.h
/Applications/Xcode.app/Contents/Developer/Platforms/MacOSX.platform/Developer/SDKs/MacOSX26.1.sdk/usr/include/objc/NSObject.h
/Applications/Xcode.app/Contents/Developer/Platforms/MacOSX.platform/Developer/SDKs/MacOSX26.1.sdk/usr/include/objc/Object.h
/Applications/Xcode.app/Contents/Developer/Toolchains/XcodeDefault.xctoolchain/usr/lib/swift/clang/include/stdarg.h
/Applications/Xcode.app/Contents/Developer/Platforms/MacOSX.platform/Developer/SDKs/MacOSX26.1.sdk/usr/include/objc/objc-runtime.h
/Applications/Xcode.app/Contents/Developer/Platforms/MacOSX.platform/Developer/SDKs/MacOSX26.1.sdk/usr/include/objc/runtime.h
/Applications/Xcode.app/Contents/Developer/Platforms/MacOSX.platform/Developer/SDKs/MacOSX26.1.sdk/usr/include/objc/message.h
/Applications/Xcode.app/Contents/Developer/Platforms/MacOSX.platform/Developer/SDKs/MacOSX26.1.sdk/usr/include/objc/Protocol.h
/Applications/Xcode.app/Contents/Developer/Platforms/MacOSX.platform/Developer/SDKs/MacOSX26.1.sdk/usr/include/objc/hashtable.h
/Applications/Xcode.app/Contents/Developer/Platforms/MacOSX.platform/Developer/SDKs/MacOSX26.1.sdk/usr/include/objc/hashtable2.h
/Applications/Xcode.app/Contents/Developer/Platforms/MacOSX.platform/Developer/SDKs/MacOSX26.1.sdk/usr/include/objc/objc-auto.h
/Applications/Xcode.app/Contents/Developer/Platforms/MacOSX.platform/Developer/SDKs/MacOSX26.1.sdk/usr/include/string.h
/Applications/Xcode.app/Contents/Developer/Platforms/MacOSX.platform/Developer/SDKs/MacOSX26.1.sdk/usr/include/objc/objc-class.h
/Applications/Xcode.app/Contents/Developer/Platforms/MacOSX.platform/Developer/SDKs/MacOSX26.1.sdk/usr/include/objc/objc-exception.h
/Applications/Xcode.app/Contents/Developer/Platforms/MacOSX.platform/Developer/SDKs/MacOSX26.1.sdk/usr/include/objc/objc-load.h
/Applications/Xcode.app/Contents/Developer/Platforms/MacOSX.platform/Developer/SDKs/MacOSX26.1.sdk/usr/include/objc/objc-sync.h
/Applications/Xcode.app/Contents/Developer/Platforms/MacOSX.platform/Developer/SDKs/MacOSX26.1.sdk/SDKSettings.json
/Applications/Xcode.app/Contents/Developer/Toolchains/XcodeDefault.xctoolchain/usr/lib/swift/macosx/prebuilt-modules/26.1/Observation.swiftmodule/arm64e-apple-macos.swiftmodule
/Applications/Xcode.app/Contents/Developer/Platforms/MacOSX.platform/Developer/SDKs/MacOSX26.1.sdk/System/Library/Frameworks/OpenGL.framework/Modules/module.modulemap
/Applications/Xcode.app/Contents/Developer/Platforms/MacOSX.platform/Developer/SDKs/MacOSX26.1.sdk/System/Library/Frameworks/OpenGL.framework/Headers/OpenGL.h
/Applications/Xcode.app/Contents/Developer/Platforms/MacOSX.platform/Developer/SDKs/MacOSX26.1.sdk/System/Library/Frameworks/OpenGL.framework/Headers/OpenGLAvailability.h
/Applications/Xcode.app/Contents/Developer/Platforms/MacOSX.platform/Developer/SDKs/MacOSX26.1.sdk/usr/include/DarwinFoundation1.modulemap
/Applications/Xcode.app/Contents/Developer/Platforms/MacOSX.platform/Developer/SDKs/MacOSX26.1.sdk/System/Library/Frameworks/OpenGL.framework/Headers/CGLCurrent.h
/Applications/Xcode.app/Contents/Developer/Platforms/MacOSX.platform/Developer/SDKs/MacOSX26.1.sdk/System/Library/Frameworks/OpenGL.framework/Headers/CGLTypes.h
/Applications/Xcode.app/Contents/Developer/Platforms/MacOSX.platform/Developer/SDKs/MacOSX26.1.sdk/System/Library/Frameworks/OpenGL.framework/Headers/CGLDevice.h
/Applications/Xcode.app/Contents/Developer/Platforms/MacOSX.platform/Developer/SDKs/MacOSX26.1.sdk/System/Library/Frameworks/OpenGL.framework/Headers/gltypes.h
/Applications/Xcode.app/Contents/Developer/Toolchains/XcodeDefault.xctoolchain/usr/lib/swift/clang/include/module.modulemap
/Applications/Xcode.app/Contents/Developer/Platforms/MacOSX.platform/Developer/SDKs/MacOSX26.1.sdk/System/Library/Frameworks/OpenGL.framework/Headers/CGLRenderers.h
/Applications/Xcode.app/Contents/Developer/Platforms/MacOSX.platform/Developer/SDKs/MacOSX26.1.sdk/System/Library/Frameworks/OpenGL.framework/Headers/CGLIOSurface.h
/Applications/Xcode.app/Contents/Developer/Platforms/MacOSX.platform/Developer/SDKs/MacOSX26.1.sdk/System/Library/Frameworks/OpenGL.framework/Headers/gl3.h
/Applications/Xcode.app/Contents/Developer/Platforms/MacOSX.platform/Developer/SDKs/MacOSX26.1.sdk/System/Library/Frameworks/OpenGL.framework/Headers/gl3ext.h
/Applications/Xcode.app/Contents/Developer/Platforms/MacOSX.platform/Developer/SDKs/MacOSX26.1.sdk/System/Library/Frameworks/OpenGL.framework/Headers/gl.h
/Applications/Xcode.app/Contents/Developer/Platforms/MacOSX.platform/Developer/SDKs/MacOSX26.1.sdk/System/Library/Frameworks/OpenGL.framework/Headers/glext.h
/Applications/Xcode.app/Contents/Developer/Platforms/MacOSX.platform/Developer/SDKs/MacOSX26.1.sdk/System/Library/Frameworks/OpenGL.framework/Headers/glu.h
/Applications/Xcode.app/Contents/Developer/Platforms/MacOSX.platform/Developer/SDKs/MacOSX26.1.sdk/System/Library/Frameworks/OpenGL.framework/Headers/gluContext.h
/Applications/Xcode.app/Contents/Developer/Platforms/MacOSX.platform/Developer/SDKs/MacOSX26.1.sdk/System/Library/Frameworks/OpenGL.framework/Headers/CGLContext.h
/Applications/Xcode.app/Contents/Developer/Platforms/MacOSX.platform/Developer/SDKs/MacOSX26.1.sdk/System/Library/Frameworks/OpenGL.framework/Headers/gliContext.h
/Applications/Xcode.app/Contents/Developer/Platforms/MacOSX.platform/Developer/SDKs/MacOSX26.1.sdk/System/Library/Frameworks/OpenGL.framework/Headers/gliDispatch.h
/Applications/Xcode.app/Contents/Developer/Platforms/MacOSX.platform/Developer/SDKs/MacOSX26.1.sdk/SDKSettings.json
/Applications/Xcode.app/Contents/Developer/Toolchains/XcodeDefault.xctoolchain/usr/lib/swift/macosx/prebuilt-modules/26.1/QuartzCore.swiftmodule/arm64e-apple-macos.swiftmodule
/Applications/Xcode.app/Contents/Developer/Platforms/MacOSX.platform/Developer/SDKs/MacOSX26.1.sdk/System/Library/Frameworks/QuartzCore.framework/Headers/QuartzCore.apinotes
/Applications/Xcode.app/Contents/Developer/Platforms/MacOSX.platform/Developer/SDKs/MacOSX26.1.sdk/System/Library/Frameworks/QuartzCore.framework/Modules/module.modulemap
/Applications/Xcode.app/Contents/Developer/Platforms/MacOSX.platform/Developer/SDKs/MacOSX26.1.sdk/System/Library/Frameworks/QuartzCore.framework/Headers/QuartzCore.h
/Applications/Xcode.app/Contents/Developer/Platforms/MacOSX.platform/Developer/SDKs/MacOSX26.1.sdk/System/Library/Frameworks/QuartzCore.framework/Headers/CoreAnimation.h
/Applications/Xcode.app/Contents/Developer/Platforms/MacOSX.platform/Developer/SDKs/MacOSX26.1.sdk/System/Library/Frameworks/QuartzCore.framework/Headers/CABase.h
/Applications/Xcode.app/Contents/Developer/Toolchains/XcodeDefault.xctoolchain/usr/lib/swift/clang/include/module.modulemap
/Applications/Xcode.app/Contents/Developer/Toolchains/XcodeDefault.xctoolchain/usr/lib/swift/clang/include/stddef.h
/Applications/Xcode.app/Contents/Developer/Platforms/MacOSX.platform/Developer/SDKs/MacOSX26.1.sdk/usr/include/ObjectiveC.modulemap
/Applications/Xcode.app/Contents/Developer/Platforms/MacOSX.platform/Developer/SDKs/MacOSX26.1.sdk/usr/include/Darwin.modulemap
/Applications/Xcode.app/Contents/Developer/Platforms/MacOSX.platform/Developer/SDKs/MacOSX26.1.sdk/usr/include/Darwin_C.modulemap
/Applications/Xcode.app/Contents/Developer/Platforms/MacOSX.platform/Developer/SDKs/MacOSX26.1.sdk/usr/include/Darwin_POSIX.modulemap
/Applications/Xcode.app/Contents/Developer/Platforms/MacOSX.platform/Developer/SDKs/MacOSX26.1.sdk/usr/include/net.modulemap
/Applications/Xcode.app/Contents/Developer/Platforms/MacOSX.platform/Developer/SDKs/MacOSX26.1.sdk/usr/include/netinet.modulemap
/Applications/Xcode.app/Contents/Developer/Platforms/MacOSX.platform/Developer/SDKs/MacOSX26.1.sdk/usr/include/bank.modulemap
/Applications/Xcode.app/Contents/Developer/Platforms/MacOSX.platform/Developer/SDKs/MacOSX26.1.sdk/usr/include/Darwin_Mach.modulemap
/Applications/Xcode.app/Contents/Developer/Platforms/MacOSX.platform/Developer/SDKs/MacOSX26.1.sdk/usr/include/Darwin_Mach_machine.modulemap
/Applications/Xcode.app/Contents/Developer/Platforms/MacOSX.platform/Developer/SDKs/MacOSX26.1.sdk/usr/include/mach_debug.modulemap
/Applications/Xcode.app/Contents/Developer/Platforms/MacOSX.platform/Developer/SDKs/MacOSX26.1.sdk/usr/include/device.modulemap
/Applications/Xcode.app/Contents/Developer/Platforms/MacOSX.platform/Developer/SDKs/MacOSX26.1.sdk/usr/include/Darwin_machine.modulemap
/Applications/Xcode.app/Contents/Developer/Platforms/MacOSX.platform/Developer/SDKs/MacOSX26.1.sdk/usr/include/ncurses.modulemap
/Applications/Xcode.app/Contents/Developer/Platforms/MacOSX.platform/Developer/SDKs/MacOSX26.1.sdk/usr/include/netinet6.modulemap
/Applications/Xcode.app/Contents/Developer/Platforms/MacOSX.platform/Developer/SDKs/MacOSX26.1.sdk/usr/include/Darwin_sys.modulemap
/Applications/Xcode.app/Contents/Developer/Platforms/MacOSX.platform/Developer/SDKs/MacOSX26.1.sdk/usr/include/uuid.modulemap
/Applications/Xcode.app/Contents/Developer/Platforms/MacOSX.platform/Developer/SDKs/MacOSX26.1.sdk/usr/include/DarwinFoundation1.modulemap
/Applications/Xcode.app/Contents/Developer/Platforms/MacOSX.platform/Developer/SDKs/MacOSX26.1.sdk/System/Library/Frameworks/CoreFoundation.framework/Modules/module.modulemap
/Applications/Xcode.app/Contents/Developer/Platforms/MacOSX.platform/Developer/SDKs/MacOSX26.1.sdk/System/Library/Frameworks/CoreGraphics.framework/Modules/module.modulemap
/Applications/Xcode.app/Contents/Developer/Platforms/MacOSX.platform/Developer/SDKs/MacOSX26.1.sdk/System/Library/Frameworks/QuartzCore.framework/Headers/CATransform3D.h
/Applications/Xcode.app/Contents/Developer/Platforms/MacOSX.platform/Developer/SDKs/MacOSX26.1.sdk/System/Library/Frameworks/Foundation.framework/Modules/module.modulemap
/Applications/Xcode.app/Contents/Developer/Platforms/MacOSX.platform/Developer/SDKs/MacOSX26.1.sdk/System/Library/Frameworks/QuartzCore.framework/Headers/CAAnimation.h
/Applications/Xcode.app/Contents/Developer/Platforms/MacOSX.platform/Developer/SDKs/MacOSX26.1.sdk/System/Library/Frameworks/QuartzCore.framework/Headers/CALayer.h
/Applications/Xcode.app/Contents/Developer/Platforms/MacOSX.platform/Developer/SDKs/MacOSX26.1.sdk/System/Library/Frameworks/QuartzCore.framework/Headers/CAMediaTiming.h
/Applications/Xcode.app/Contents/Developer/Platforms/MacOSX.platform/Developer/SDKs/MacOSX26.1.sdk/System/Library/Frameworks/QuartzCore.framework/Headers/CAFrameRateRange.h
/Applications/Xcode.app/Contents/Developer/Platforms/MacOSX.platform/Developer/SDKs/MacOSX26.1.sdk/System/Library/Frameworks/QuartzCore.framework/Headers/CAConstraintLayoutManager.h
/Applications/Xcode.app/Contents/Developer/Platforms/MacOSX.platform/Developer/SDKs/MacOSX26.1.sdk/System/Library/Frameworks/QuartzCore.framework/Headers/CADisplayLink.h
/Applications/Xcode.app/Contents/Developer/Platforms/MacOSX.platform/Developer/SDKs/MacOSX26.1.sdk/System/Library/Frameworks/QuartzCore.framework/Headers/CAEAGLLayer.h
/Applications/Xcode.app/Contents/Developer/Platforms/MacOSX.platform/Developer/SDKs/MacOSX26.1.sdk/System/Library/Frameworks/QuartzCore.framework/Headers/CAMetalLayer.h
/Applications/Xcode.app/Contents/Developer/Platforms/MacOSX.platform/Developer/SDKs/MacOSX26.1.sdk/System/Library/Frameworks/Metal.framework/Modules/module.modulemap
/Applications/Xcode.app/Contents/Developer/Platforms/MacOSX.platform/Developer/SDKs/MacOSX26.1.sdk/System/Library/Frameworks/QuartzCore.framework/Headers/CAEDRMetadata.h
/Applications/Xcode.app/Contents/Developer/Platforms/MacOSX.platform/Developer/SDKs/MacOSX26.1.sdk/System/Library/Frameworks/QuartzCore.framework/Headers/CAMetalDisplayLink.h
/Applications/Xcode.app/Contents/Developer/Platforms/MacOSX.platform/Developer/SDKs/MacOSX26.1.sdk/System/Library/Frameworks/QuartzCore.framework/Headers/CAEmitterCell.h
/Applications/Xcode.app/Contents/Developer/Platforms/MacOSX.platform/Developer/SDKs/MacOSX26.1.sdk/System/Library/Frameworks/QuartzCore.framework/Headers/CAEmitterLayer.h
/Applications/Xcode.app/Contents/Developer/Platforms/MacOSX.platform/Developer/SDKs/MacOSX26.1.sdk/System/Library/Frameworks/QuartzCore.framework/Headers/CAGradientLayer.h
/Applications/Xcode.app/Contents/Developer/Platforms/MacOSX.platform/Developer/SDKs/MacOSX26.1.sdk/System/Library/Frameworks/QuartzCore.framework/Headers/CAMediaTimingFunction.h
/Applications/Xcode.app/Contents/Developer/Platforms/MacOSX.platform/Developer/SDKs/MacOSX26.1.sdk/System/Library/Frameworks/QuartzCore.framework/Headers/CAOpenGLLayer.h
/Applications/Xcode.app/Contents/Developer/Platforms/MacOSX.platform/Developer/SDKs/MacOSX26.1.sdk/System/Library/Frameworks/OpenGL.framework/Modules/module.modulemap
/Applications/Xcode.app/Contents/Developer/Platforms/MacOSX.platform/Developer/SDKs/MacOSX26.1.sdk/System/Library/Frameworks/CoreVideo.framework/Modules/module.modulemap
/Applications/Xcode.app/Contents/Developer/Platforms/MacOSX.platform/Developer/SDKs/MacOSX26.1.sdk/System/Library/Frameworks/QuartzCore.framework/Headers/CARemoteLayerClient.h
/Applications/Xcode.app/Contents/Developer/Platforms/MacOSX.platform/Developer/SDKs/MacOSX26.1.sdk/System/Library/Frameworks/QuartzCore.framework/Headers/CARemoteLayerServer.h
/Applications/Xcode.app/Contents/Developer/Platforms/MacOSX.platform/Developer/SDKs/MacOSX26.1.sdk/System/Library/Frameworks/QuartzCore.framework/Headers/CARenderer.h
/Applications/Xcode.app/Contents/Developer/Platforms/MacOSX.platform/Developer/SDKs/MacOSX26.1.sdk/System/Library/Frameworks/QuartzCore.framework/Headers/CAReplicatorLayer.h
/Applications/Xcode.app/Contents/Developer/Platforms/MacOSX.platform/Developer/SDKs/MacOSX26.1.sdk/System/Library/Frameworks/QuartzCore.framework/Headers/CAScrollLayer.h
/Applications/Xcode.app/Contents/Developer/Platforms/MacOSX.platform/Developer/SDKs/MacOSX26.1.sdk/System/Library/Frameworks/QuartzCore.framework/Headers/CAShapeLayer.h
/Applications/Xcode.app/Contents/Developer/Platforms/MacOSX.platform/Developer/SDKs/MacOSX26.1.sdk/System/Library/Frameworks/QuartzCore.framework/Headers/CATextLayer.h
/Applications/Xcode.app/Contents/Developer/Platforms/MacOSX.platform/Developer/SDKs/MacOSX26.1.sdk/System/Library/Frameworks/QuartzCore.framework/Headers/CATiledLayer.h
/Applications/Xcode.app/Contents/Developer/Platforms/MacOSX.platform/Developer/SDKs/MacOSX26.1.sdk/System/Library/Frameworks/QuartzCore.framework/Headers/CATransaction.h
/Applications/Xcode.app/Contents/Developer/Platforms/MacOSX.platform/Developer/SDKs/MacOSX26.1.sdk/System/Library/Frameworks/QuartzCore.framework/Headers/CATransformLayer.h
/Applications/Xcode.app/Contents/Developer/Platforms/MacOSX.platform/Developer/SDKs/MacOSX26.1.sdk/System/Library/Frameworks/QuartzCore.framework/Headers/CAValueFunction.h
/Applications/Xcode.app/Contents/Developer/Platforms/MacOSX.platform/Developer/SDKs/MacOSX26.1.sdk/SDKSettings.json
/Applications/Xcode.app/Contents/Developer/Platforms/MacOSX.platform/Developer/SDKs/MacOSX26.1.sdk/System/Library/Frameworks/Security.framework/Headers/Security.apinotes
/Applications/Xcode.app/Contents/Developer/Platforms/MacOSX.platform/Developer/SDKs/MacOSX26.1.sdk/System/Library/Frameworks/Security.framework/Modules/module.modulemap
/Applications/Xcode.app/Contents/Developer/Platforms/MacOSX.platform/Developer/SDKs/MacOSX26.1.sdk/System/Library/Frameworks/Security.framework/Headers/Security.h
/Applications/Xcode.app/Contents/Developer/Platforms/MacOSX.platform/Developer/SDKs/MacOSX26.1.sdk/System/Library/Frameworks/Security.framework/Headers/SecBase.h
/Applications/Xcode.app/Contents/Developer/Platforms/MacOSX.platform/Developer/SDKs/MacOSX26.1.sdk/usr/include/xpc.modulemap
/Applications/Xcode.app/Contents/Developer/Platforms/MacOSX.platform/Developer/SDKs/MacOSX26.1.sdk/usr/include/dispatch.modulemap
/Applications/Xcode.app/Contents/Developer/Platforms/MacOSX.platform/Developer/SDKs/MacOSX26.1.sdk/usr/include/os.modulemap
/Applications/Xcode.app/Contents/Developer/Platforms/MacOSX.platform/Developer/SDKs/MacOSX26.1.sdk/usr/include/Darwin.modulemap
/Applications/Xcode.app/Contents/Developer/Platforms/MacOSX.platform/Developer/SDKs/MacOSX26.1.sdk/usr/include/Darwin_C.modulemap
/Applications/Xcode.app/Contents/Developer/Platforms/MacOSX.platform/Developer/SDKs/MacOSX26.1.sdk/usr/include/Darwin_POSIX.modulemap
/Applications/Xcode.app/Contents/Developer/Platforms/MacOSX.platform/Developer/SDKs/MacOSX26.1.sdk/usr/include/net.modulemap
/Applications/Xcode.app/Contents/Developer/Platforms/MacOSX.platform/Developer/SDKs/MacOSX26.1.sdk/usr/include/netinet.modulemap
/Applications/Xcode.app/Contents/Developer/Platforms/MacOSX.platform/Developer/SDKs/MacOSX26.1.sdk/usr/include/bank.modulemap
/Applications/Xcode.app/Contents/Developer/Platforms/MacOSX.platform/Developer/SDKs/MacOSX26.1.sdk/usr/include/Darwin_Mach.modulemap
/Applications/Xcode.app/Contents/Developer/Platforms/MacOSX.platform/Developer/SDKs/MacOSX26.1.sdk/usr/include/Darwin_Mach_machine.modulemap
/Applications/Xcode.app/Contents/Developer/Platforms/MacOSX.platform/Developer/SDKs/MacOSX26.1.sdk/usr/include/mach_debug.modulemap
/Applications/Xcode.app/Contents/Developer/Platforms/MacOSX.platform/Developer/SDKs/MacOSX26.1.sdk/usr/include/device.modulemap
/Applications/Xcode.app/Contents/Developer/Platforms/MacOSX.platform/Developer/SDKs/MacOSX26.1.sdk/usr/include/Darwin_machine.modulemap
/Applications/Xcode.app/Contents/Developer/Platforms/MacOSX.platform/Developer/SDKs/MacOSX26.1.sdk/usr/include/ncurses.modulemap
/Applications/Xcode.app/Contents/Developer/Platforms/MacOSX.platform/Developer/SDKs/MacOSX26.1.sdk/usr/include/netinet6.modulemap
/Applications/Xcode.app/Contents/Developer/Platforms/MacOSX.platform/Developer/SDKs/MacOSX26.1.sdk/usr/include/Darwin_sys.modulemap
/Applications/Xcode.app/Contents/Developer/Platforms/MacOSX.platform/Developer/SDKs/MacOSX26.1.sdk/usr/include/uuid.modulemap
/Applications/Xcode.app/Contents/Developer/Platforms/MacOSX.platform/Developer/SDKs/MacOSX26.1.sdk/usr/include/DarwinFoundation2.modulemap
/Applications/Xcode.app/Contents/Developer/Platforms/MacOSX.platform/Developer/SDKs/MacOSX26.1.sdk/usr/include/DarwinFoundation3.modulemap
/Applications/Xcode.app/Contents/Developer/Platforms/MacOSX.platform/Developer/SDKs/MacOSX26.1.sdk/usr/include/DarwinFoundation1.modulemap
/Applications/Xcode.app/Contents/Developer/Platforms/MacOSX.platform/Developer/SDKs/MacOSX26.1.sdk/System/Library/Frameworks/CoreFoundation.framework/Modules/module.modulemap
/Applications/Xcode.app/Contents/Developer/Platforms/MacOSX.platform/Developer/SDKs/MacOSX26.1.sdk/System/Library/Frameworks/Security.framework/Headers/SecCertificate.h
/Applications/Xcode.app/Contents/Developer/Platforms/MacOSX.platform/Developer/SDKs/MacOSX26.1.sdk/System/Library/Frameworks/Security.framework/Headers/cssmtype.h
/Applications/Xcode.app/Contents/Developer/Platforms/MacOSX.platform/Developer/SDKs/MacOSX26.1.sdk/System/Library/Frameworks/Security.framework/Headers/cssmconfig.h
/Applications/Xcode.app/Contents/Developer/Toolchains/XcodeDefault.xctoolchain/usr/lib/swift/clang/include/module.modulemap
/Applications/Xcode.app/Contents/Developer/Platforms/MacOSX.platform/Developer/SDKs/MacOSX26.1.sdk/System/Library/Frameworks/Security.framework/Headers/SecAsn1Types.h
/Applications/Xcode.app/Contents/Developer/Platforms/MacOSX.platform/Developer/SDKs/MacOSX26.1.sdk/System/Library/Frameworks/Security.framework/Headers/x509defs.h
/Applications/Xcode.app/Contents/Developer/Platforms/MacOSX.platform/Developer/SDKs/MacOSX26.1.sdk/System/Library/Frameworks/Security.framework/Headers/SecIdentity.h
/Applications/Xcode.app/Contents/Developer/Platforms/MacOSX.platform/Developer/SDKs/MacOSX26.1.sdk/System/Library/Frameworks/Security.framework/Headers/SecAccessControl.h
/Applications/Xcode.app/Contents/Developer/Platforms/MacOSX.platform/Developer/SDKs/MacOSX26.1.sdk/System/Library/Frameworks/Security.framework/Headers/SecItem.h
/Applications/Xcode.app/Contents/Developer/Platforms/MacOSX.platform/Developer/SDKs/MacOSX26.1.sdk/System/Library/Frameworks/Security.framework/Headers/SecKey.h
/Applications/Xcode.app/Contents/Developer/Platforms/MacOSX.platform/Developer/SDKs/MacOSX26.1.sdk/System/Library/Frameworks/Security.framework/Headers/SecAccess.h
/Applications/Xcode.app/Contents/Developer/Platforms/MacOSX.platform/Developer/SDKs/MacOSX26.1.sdk/System/Library/Frameworks/Security.framework/Headers/SecPolicy.h
/Applications/Xcode.app/Contents/Developer/Platforms/MacOSX.platform/Developer/SDKs/MacOSX26.1.sdk/System/Library/Frameworks/Security.framework/Headers/SecRandom.h
/Applications/Xcode.app/Contents/Developer/Platforms/MacOSX.platform/Developer/SDKs/MacOSX26.1.sdk/System/Library/Frameworks/Security.framework/Headers/SecImportExport.h
/Applications/Xcode.app/Contents/Developer/Platforms/MacOSX.platform/Developer/SDKs/MacOSX26.1.sdk/System/Library/Frameworks/Security.framework/Headers/SecKeychain.h
/Applications/Xcode.app/Contents/Developer/Platforms/MacOSX.platform/Developer/SDKs/MacOSX26.1.sdk/System/Library/Frameworks/Security.framework/Headers/cssmapple.h
/Applications/Xcode.app/Contents/Developer/Platforms/MacOSX.platform/Developer/SDKs/MacOSX26.1.sdk/System/Library/Frameworks/Security.framework/Headers/cssmerr.h
/Applications/Xcode.app/Contents/Developer/Platforms/MacOSX.platform/Developer/SDKs/MacOSX26.1.sdk/System/Library/Frameworks/Security.framework/Headers/certextensions.h
/Applications/Xcode.app/Contents/Developer/Platforms/MacOSX.platform/Developer/SDKs/MacOSX26.1.sdk/System/Library/Frameworks/Security.framework/Headers/SecTrust.h
/Applications/Xcode.app/Contents/Developer/Platforms/MacOSX.platform/Developer/SDKs/MacOSX26.1.sdk/System/Library/Frameworks/Security.framework/Headers/SecSharedCredential.h
/Applications/Xcode.app/Contents/Developer/Platforms/MacOSX.platform/Developer/SDKs/MacOSX26.1.sdk/System/Library/Frameworks/Security.framework/Headers/SecProtocolOptions.h
/Applications/Xcode.app/Contents/Developer/Platforms/MacOSX.platform/Developer/SDKs/MacOSX26.1.sdk/System/Library/Frameworks/Security.framework/Headers/SecProtocolObject.h
/Applications/Xcode.app/Contents/Developer/Platforms/MacOSX.platform/Developer/SDKs/MacOSX26.1.sdk/System/Library/Frameworks/Security.framework/Headers/SecProtocolTypes.h
/Applications/Xcode.app/Contents/Developer/Platforms/MacOSX.platform/Developer/SDKs/MacOSX26.1.sdk/System/Library/Frameworks/Security.framework/Headers/CipherSuite.h
/Applications/Xcode.app/Contents/Developer/Platforms/MacOSX.platform/Developer/SDKs/MacOSX26.1.sdk/System/Library/Frameworks/Security.framework/Headers/SecProtocolMetadata.h
/Applications/Xcode.app/Contents/Developer/Platforms/MacOSX.platform/Developer/SDKs/MacOSX26.1.sdk/System/Library/Frameworks/Security.framework/Headers/AuthSession.h
/Applications/Xcode.app/Contents/Developer/Platforms/MacOSX.platform/Developer/SDKs/MacOSX26.1.sdk/System/Library/Frameworks/Security.framework/Headers/Authorization.h
/Applications/Xcode.app/Contents/Developer/Platforms/MacOSX.platform/Developer/SDKs/MacOSX26.1.sdk/usr/include/stdio.h
/Applications/Xcode.app/Contents/Developer/Platforms/MacOSX.platform/Developer/SDKs/MacOSX26.1.sdk/System/Library/Frameworks/Security.framework/Headers/cssm.h
/Applications/Xcode.app/Contents/Developer/Platforms/MacOSX.platform/Developer/SDKs/MacOSX26.1.sdk/System/Library/Frameworks/Security.framework/Headers/emmtype.h
/Applications/Xcode.app/Contents/Developer/Platforms/MacOSX.platform/Developer/SDKs/MacOSX26.1.sdk/System/Library/Frameworks/Security.framework/Headers/cssmapi.h
/Applications/Xcode.app/Contents/Developer/Platforms/MacOSX.platform/Developer/SDKs/MacOSX26.1.sdk/System/Library/Frameworks/Security.framework/Headers/cssmaci.h
/Applications/Xcode.app/Contents/Developer/Platforms/MacOSX.platform/Developer/SDKs/MacOSX26.1.sdk/System/Library/Frameworks/Security.framework/Headers/cssmcli.h
/Applications/Xcode.app/Contents/Developer/Platforms/MacOSX.platform/Developer/SDKs/MacOSX26.1.sdk/System/Library/Frameworks/Security.framework/Headers/cssmcspi.h
/Applications/Xcode.app/Contents/Developer/Platforms/MacOSX.platform/Developer/SDKs/MacOSX26.1.sdk/System/Library/Frameworks/Security.framework/Headers/cssmspi.h
/Applications/Xcode.app/Contents/Developer/Platforms/MacOSX.platform/Developer/SDKs/MacOSX26.1.sdk/System/Library/Frameworks/Security.framework/Headers/cssmdli.h
/Applications/Xcode.app/Contents/Developer/Platforms/MacOSX.platform/Developer/SDKs/MacOSX26.1.sdk/System/Library/Frameworks/Security.framework/Headers/cssmkrapi.h
/Applications/Xcode.app/Contents/Developer/Platforms/MacOSX.platform/Developer/SDKs/MacOSX26.1.sdk/System/Library/Frameworks/Security.framework/Headers/cssmkrspi.h
/Applications/Xcode.app/Contents/Developer/Platforms/MacOSX.platform/Developer/SDKs/MacOSX26.1.sdk/System/Library/Frameworks/Security.framework/Headers/cssmtpi.h
/Applications/Xcode.app/Contents/Developer/Platforms/MacOSX.platform/Developer/SDKs/MacOSX26.1.sdk/System/Library/Frameworks/Security.framework/Headers/emmspi.h
/Applications/Xcode.app/Contents/Developer/Platforms/MacOSX.platform/Developer/SDKs/MacOSX26.1.sdk/System/Library/Frameworks/Security.framework/Headers/mds.h
/Applications/Xcode.app/Contents/Developer/Platforms/MacOSX.platform/Developer/SDKs/MacOSX26.1.sdk/System/Library/Frameworks/Security.framework/Headers/mds_schema.h
/Applications/Xcode.app/Contents/Developer/Platforms/MacOSX.platform/Developer/SDKs/MacOSX26.1.sdk/System/Library/Frameworks/Security.framework/Headers/oidsalg.h
/Applications/Xcode.app/Contents/Developer/Platforms/MacOSX.platform/Developer/SDKs/MacOSX26.1.sdk/System/Library/Frameworks/Security.framework/Headers/oidsattr.h
/Applications/Xcode.app/Contents/Developer/Platforms/MacOSX.platform/Developer/SDKs/MacOSX26.1.sdk/System/Library/Frameworks/Security.framework/Headers/oidsbase.h
/Applications/Xcode.app/Contents/Developer/Platforms/MacOSX.platform/Developer/SDKs/MacOSX26.1.sdk/System/Library/Frameworks/Security.framework/Headers/oidscert.h
/Applications/Xcode.app/Contents/Developer/Platforms/MacOSX.platform/Developer/SDKs/MacOSX26.1.sdk/System/Library/Frameworks/Security.framework/Headers/oidscrl.h
/Applications/Xcode.app/Contents/Developer/Platforms/MacOSX.platform/Developer/SDKs/MacOSX26.1.sdk/System/Library/Frameworks/Security.framework/Headers/SecACL.h
/Applications/Xcode.app/Contents/Developer/Platforms/MacOSX.platform/Developer/SDKs/MacOSX26.1.sdk/System/Library/Frameworks/Security.framework/Headers/SecCertificateOIDs.h
/Applications/Xcode.app/Contents/Developer/Platforms/MacOSX.platform/Developer/SDKs/MacOSX26.1.sdk/System/Library/Frameworks/Security.framework/Headers/SecIdentitySearch.h
/Applications/Xcode.app/Contents/Developer/Platforms/MacOSX.platform/Developer/SDKs/MacOSX26.1.sdk/System/Library/Frameworks/Security.framework/Headers/SecKeychainItem.h
/Applications/Xcode.app/Contents/Developer/Platforms/MacOSX.platform/Developer/SDKs/MacOSX26.1.sdk/System/Library/Frameworks/Security.framework/Headers/SecKeychainSearch.h
/Applications/Xcode.app/Contents/Developer/Platforms/MacOSX.platform/Developer/SDKs/MacOSX26.1.sdk/System/Library/Frameworks/Security.framework/Headers/SecPolicySearch.h
/Applications/Xcode.app/Contents/Developer/Platforms/MacOSX.platform/Developer/SDKs/MacOSX26.1.sdk/System/Library/Frameworks/Security.framework/Headers/SecTrustedApplication.h
/Applications/Xcode.app/Contents/Developer/Platforms/MacOSX.platform/Developer/SDKs/MacOSX26.1.sdk/System/Library/Frameworks/Security.framework/Headers/SecTrustSettings.h
/Applications/Xcode.app/Contents/Developer/Platforms/MacOSX.platform/Developer/SDKs/MacOSX26.1.sdk/System/Library/Frameworks/Security.framework/Headers/SecStaticCode.h
/Applications/Xcode.app/Contents/Developer/Platforms/MacOSX.platform/Developer/SDKs/MacOSX26.1.sdk/System/Library/Frameworks/Security.framework/Headers/CSCommon.h
/Applications/Xcode.app/Contents/Developer/Platforms/MacOSX.platform/Developer/SDKs/MacOSX26.1.sdk/System/Library/Frameworks/Security.framework/Headers/SecCode.h
/Applications/Xcode.app/Contents/Developer/Platforms/MacOSX.platform/Developer/SDKs/MacOSX26.1.sdk/System/Library/Frameworks/Security.framework/Headers/SecCodeHost.h
/Applications/Xcode.app/Contents/Developer/Platforms/MacOSX.platform/Developer/SDKs/MacOSX26.1.sdk/System/Library/Frameworks/Security.framework/Headers/SecRequirement.h
/Applications/Xcode.app/Contents/Developer/Platforms/MacOSX.platform/Developer/SDKs/MacOSX26.1.sdk/System/Library/Frameworks/Security.framework/Headers/SecTask.h
/Applications/Xcode.app/Contents/Developer/Platforms/MacOSX.platform/Developer/SDKs/MacOSX26.1.sdk/System/Library/Frameworks/Security.framework/Headers/AuthorizationTags.h
/Applications/Xcode.app/Contents/Developer/Platforms/MacOSX.platform/Developer/SDKs/MacOSX26.1.sdk/System/Library/Frameworks/Security.framework/Headers/AuthorizationDB.h
/Applications/Xcode.app/Contents/Developer/Platforms/MacOSX.platform/Developer/SDKs/MacOSX26.1.sdk/System/Library/Frameworks/Security.framework/Headers/CMSDecoder.h
/Applications/Xcode.app/Contents/Developer/Platforms/MacOSX.platform/Developer/SDKs/MacOSX26.1.sdk/System/Library/Frameworks/Security.framework/Headers/CMSEncoder.h
/Applications/Xcode.app/Contents/Developer/Platforms/MacOSX.platform/Developer/SDKs/MacOSX26.1.sdk/System/Library/Frameworks/Security.framework/Headers/SecureTransport.h
/Applications/Xcode.app/Contents/Developer/Platforms/MacOSX.platform/Developer/SDKs/MacOSX26.1.sdk/System/Library/Frameworks/Security.framework/Headers/SecTransform.h
/Applications/Xcode.app/Contents/Developer/Platforms/MacOSX.platform/Developer/SDKs/MacOSX26.1.sdk/System/Library/Frameworks/Security.framework/Headers/SecCustomTransform.h
/Applications/Xcode.app/Contents/Developer/Platforms/MacOSX.platform/Developer/SDKs/MacOSX26.1.sdk/System/Library/Frameworks/Security.framework/Headers/SecDecodeTransform.h
/Applications/Xcode.app/Contents/Developer/Platforms/MacOSX.platform/Developer/SDKs/MacOSX26.1.sdk/System/Library/Frameworks/Security.framework/Headers/SecEncodeTransform.h
/Applications/Xcode.app/Contents/Developer/Platforms/MacOSX.platform/Developer/SDKs/MacOSX26.1.sdk/System/Library/Frameworks/Security.framework/Headers/SecDigestTransform.h
/Applications/Xcode.app/Contents/Developer/Platforms/MacOSX.platform/Developer/SDKs/MacOSX26.1.sdk/System/Library/Frameworks/Security.framework/Headers/SecEncryptTransform.h
/Applications/Xcode.app/Contents/Developer/Platforms/MacOSX.platform/Developer/SDKs/MacOSX26.1.sdk/System/Library/Frameworks/Security.framework/Headers/SecSignVerifyTransform.h
/Applications/Xcode.app/Contents/Developer/Platforms/MacOSX.platform/Developer/SDKs/MacOSX26.1.sdk/System/Library/Frameworks/Security.framework/Headers/SecReadTransform.h
/Applications/Xcode.app/Contents/Developer/Platforms/MacOSX.platform/Developer/SDKs/MacOSX26.1.sdk/System/Library/Frameworks/Security.framework/Headers/SecTransformReadTransform.h
/Applications/Xcode.app/Contents/Developer/Platforms/MacOSX.platform/Developer/SDKs/MacOSX26.1.sdk/System/Library/Frameworks/Security.framework/Headers/oids.h
/Applications/Xcode.app/Contents/Developer/Platforms/MacOSX.platform/Developer/SDKs/MacOSX26.1.sdk/usr/include/libDER/module.modulemap
/Applications/Xcode.app/Contents/Developer/Platforms/MacOSX.platform/Developer/SDKs/MacOSX26.1.sdk/usr/include/string.h
/Applications/Xcode.app/Contents/Developer/Platforms/MacOSX.platform/Developer/SDKs/MacOSX26.1.sdk/System/Library/Frameworks/Security.framework/Headers/AuthorizationPlugin.h
/Applications/Xcode.app/Contents/Developer/Platforms/MacOSX.platform/Developer/SDKs/MacOSX26.1.sdk/System/Library/Frameworks/Security.framework/Headers/CodeSigning.h
/Applications/Xcode.app/Contents/Developer/Platforms/MacOSX.platform/Developer/SDKs/MacOSX26.1.sdk/System/Library/Frameworks/Security.framework/Headers/eisl.h
/Applications/Xcode.app/Contents/Developer/Platforms/MacOSX.platform/Developer/SDKs/MacOSX26.1.sdk/System/Library/Frameworks/Security.framework/Headers/SecAsn1Coder.h
/Applications/Xcode.app/Contents/Developer/Platforms/MacOSX.platform/Developer/SDKs/MacOSX26.1.sdk/System/Library/Frameworks/Security.framework/Headers/SecAsn1Templates.h
/Applications/Xcode.app/Contents/Developer/Platforms/MacOSX.platform/Developer/SDKs/MacOSX26.1.sdk/System/Library/Frameworks/Security.framework/Headers/SecureDownload.h
/Applications/Xcode.app/Contents/Developer/Platforms/MacOSX.platform/Developer/SDKs/MacOSX26.1.sdk/SDKSettings.json
/Applications/Xcode.app/Contents/Developer/Platforms/MacOSX.platform/Developer/SDKs/MacOSX26.1.sdk/usr/include/Spatial/module.modulemap
/Applications/Xcode.app/Contents/Developer/Platforms/MacOSX.platform/Developer/SDKs/MacOSX26.1.sdk/usr/include/Spatial/Spatial.h
/Applications/Xcode.app/Contents/Developer/Platforms/MacOSX.platform/Developer/SDKs/MacOSX26.1.sdk/usr/include/Spatial/Base.h
/Applications/Xcode.app/Contents/Developer/Platforms/MacOSX.platform/Developer/SDKs/MacOSX26.1.sdk/usr/include/Spatial/Structures.h
/Applications/Xcode.app/Contents/Developer/Platforms/MacOSX.platform/Developer/SDKs/MacOSX26.1.sdk/usr/include/simd/module.modulemap
/Applications/Xcode.app/Contents/Developer/Toolchains/XcodeDefault.xctoolchain/usr/lib/swift/clang/include/module.modulemap
/Applications/Xcode.app/Contents/Developer/Platforms/MacOSX.platform/Developer/SDKs/MacOSX26.1.sdk/usr/include/Spatial/StructuresFloat.h
/Applications/Xcode.app/Contents/Developer/Platforms/MacOSX.platform/Developer/SDKs/MacOSX26.1.sdk/usr/include/Spatial/StucturesPackedFloat.h
/Applications/Xcode.app/Contents/Developer/Platforms/MacOSX.platform/Developer/SDKs/MacOSX26.1.sdk/usr/include/Spatial/StructuresPackedDouble.h
/Applications/Xcode.app/Contents/Developer/Platforms/MacOSX.platform/Developer/SDKs/MacOSX26.1.sdk/usr/include/Spatial/SPAngle.h
/Applications/Xcode.app/Contents/Developer/Platforms/MacOSX.platform/Developer/SDKs/MacOSX26.1.sdk/usr/include/DarwinFoundation1.modulemap
/Applications/Xcode.app/Contents/Developer/Platforms/MacOSX.platform/Developer/SDKs/MacOSX26.1.sdk/usr/include/Spatial/SPAngleFloat.h
/Applications/Xcode.app/Contents/Developer/Platforms/MacOSX.platform/Developer/SDKs/MacOSX26.1.sdk/usr/include/Spatial/SPRotationAxis3D.h
/Applications/Xcode.app/Contents/Developer/Platforms/MacOSX.platform/Developer/SDKs/MacOSX26.1.sdk/usr/include/Spatial/SPRotationAxis3DFloat.h
/Applications/Xcode.app/Contents/Developer/Platforms/MacOSX.platform/Developer/SDKs/MacOSX26.1.sdk/usr/include/Spatial/SpatialEnumerations.h
/Applications/Xcode.app/Contents/Developer/Platforms/MacOSX.platform/Developer/SDKs/MacOSX26.1.sdk/usr/include/Spatial/SPRotation3D.h
/Applications/Xcode.app/Contents/Developer/Platforms/MacOSX.platform/Developer/SDKs/MacOSX26.1.sdk/usr/include/Spatial/SPRotation3DFloat.h
/Applications/Xcode.app/Contents/Developer/Platforms/MacOSX.platform/Developer/SDKs/MacOSX26.1.sdk/usr/include/Spatial/SPAffineTransform3D.h
/Applications/Xcode.app/Contents/Developer/Platforms/MacOSX.platform/Developer/SDKs/MacOSX26.1.sdk/usr/include/Spatial/SPAffineTransform3DFloat.h
/Applications/Xcode.app/Contents/Developer/Platforms/MacOSX.platform/Developer/SDKs/MacOSX26.1.sdk/usr/include/Spatial/SPProjectiveTransform3D.h
/Applications/Xcode.app/Contents/Developer/Platforms/MacOSX.platform/Developer/SDKs/MacOSX26.1.sdk/usr/include/Spatial/SPProjectiveTransform3DFloat.h
/Applications/Xcode.app/Contents/Developer/Platforms/MacOSX.platform/Developer/SDKs/MacOSX26.1.sdk/usr/include/Spatial/SPPoint3D.h
/Applications/Xcode.app/Contents/Developer/Platforms/MacOSX.platform/Developer/SDKs/MacOSX26.1.sdk/usr/include/Spatial/SPPoint3DFloat.h
/Applications/Xcode.app/Contents/Developer/Platforms/MacOSX.platform/Developer/SDKs/MacOSX26.1.sdk/usr/include/Spatial/SPVector3D.h
/Applications/Xcode.app/Contents/Developer/Platforms/MacOSX.platform/Developer/SDKs/MacOSX26.1.sdk/usr/include/Spatial/SPVector3DFloat.h
/Applications/Xcode.app/Contents/Developer/Platforms/MacOSX.platform/Developer/SDKs/MacOSX26.1.sdk/usr/include/Spatial/SPRect3D.h
/Applications/Xcode.app/Contents/Developer/Platforms/MacOSX.platform/Developer/SDKs/MacOSX26.1.sdk/usr/include/Spatial/SPRect3DFloat.h
/Applications/Xcode.app/Contents/Developer/Platforms/MacOSX.platform/Developer/SDKs/MacOSX26.1.sdk/usr/include/Spatial/SPRay3D.h
/Applications/Xcode.app/Contents/Developer/Platforms/MacOSX.platform/Developer/SDKs/MacOSX26.1.sdk/usr/include/Spatial/SPRay3DFloat.h
/Applications/Xcode.app/Contents/Developer/Platforms/MacOSX.platform/Developer/SDKs/MacOSX26.1.sdk/usr/include/Spatial/SPSize3D.h
/Applications/Xcode.app/Contents/Developer/Platforms/MacOSX.platform/Developer/SDKs/MacOSX26.1.sdk/usr/include/Spatial/SPSize3DFloat.h
/Applications/Xcode.app/Contents/Developer/Platforms/MacOSX.platform/Developer/SDKs/MacOSX26.1.sdk/usr/include/Spatial/SPPose3D.h
/Applications/Xcode.app/Contents/Developer/Platforms/MacOSX.platform/Developer/SDKs/MacOSX26.1.sdk/usr/include/Spatial/SPPose3DFloat.h
/Applications/Xcode.app/Contents/Developer/Platforms/MacOSX.platform/Developer/SDKs/MacOSX26.1.sdk/usr/include/Spatial/SPScaledPose3D.h
/Applications/Xcode.app/Contents/Developer/Platforms/MacOSX.platform/Developer/SDKs/MacOSX26.1.sdk/usr/include/Spatial/SPScaledPose3DFloat.h
/Applications/Xcode.app/Contents/Developer/Platforms/MacOSX.platform/Developer/SDKs/MacOSX26.1.sdk/usr/include/Spatial/SPSphericalCoordinates3D.h
/Applications/Xcode.app/Contents/Developer/Platforms/MacOSX.platform/Developer/SDKs/MacOSX26.1.sdk/usr/include/Spatial/SPSphericalCoordinates3DFloat.h
/Applications/Xcode.app/Contents/Developer/Platforms/MacOSX.platform/Developer/SDKs/MacOSX26.1.sdk/usr/include/Spatial/SpatialTypeConversion.h
/Applications/Xcode.app/Contents/Developer/Platforms/MacOSX.platform/Developer/SDKs/MacOSX26.1.sdk/SDKSettings.json
/Applications/Xcode.app/Contents/Developer/Toolchains/XcodeDefault.xctoolchain/usr/lib/swift/macosx/prebuilt-modules/26.1/Spatial.swiftmodule/arm64e-apple-macos.swiftmodule
/Applications/Xcode.app/Contents/Developer/Toolchains/XcodeDefault.xctoolchain/usr/lib/swift/macosx/prebuilt-modules/26.1/Swift.swiftmodule/arm64e-apple-macos.swiftmodule
/Users/rogerlin/Library/Developer/Xcode/DerivedData/FinancialCalculatorKit-ackorybalcxbfocbkqsfdzcfkgmn/Build/Products/Debug/SwiftDraw.swiftmodule/arm64-apple-macos.swiftmodule
/Users/rogerlin/Library/Developer/Xcode/DerivedData/FinancialCalculatorKit-ackorybalcxbfocbkqsfdzcfkgmn/Build/Products/Debug/SwiftDrawDOM.swiftmodule/arm64-apple-macos.swiftmodule
/Applications/Xcode.app/Contents/Developer/Toolchains/XcodeDefault.xctoolchain/usr/lib/swift/macosx/prebuilt-modules/26.1/SwiftOnoneSupport.swiftmodule/arm64e-apple-macos.swiftmodule
/Applications/Xcode.app/Contents/Developer/Platforms/MacOSX.platform/Developer/SDKs/MacOSX26.1.sdk/usr/lib/swift/shims/module.modulemap
/Applications/Xcode.app/Contents/Developer/Platforms/MacOSX.platform/Developer/SDKs/MacOSX26.1.sdk/usr/lib/swift/shims/AssertionReporting.h
/Applications/Xcode.app/Contents/Developer/Platforms/MacOSX.platform/Developer/SDKs/MacOSX26.1.sdk/usr/lib/swift/shims/SwiftStdint.h
/Applications/Xcode.app/Contents/Developer/Platforms/MacOSX.platform/Developer/SDKs/MacOSX26.1.sdk/usr/lib/swift/shims/Visibility.h
/Applications/Xcode.app/Contents/Developer/Platforms/MacOSX.platform/Developer/SDKs/MacOSX26.1.sdk/usr/lib/swift/shims/CoreFoundationShims.h
/Applications/Xcode.app/Contents/Developer/Platforms/MacOSX.platform/Developer/SDKs/MacOSX26.1.sdk/usr/lib/swift/shims/ObjCShims.h
/Applications/Xcode.app/Contents/Developer/Platforms/MacOSX.platform/Developer/SDKs/MacOSX26.1.sdk/usr/lib/swift/shims/EmbeddedShims.h
/Applications/Xcode.app/Contents/Developer/Platforms/MacOSX.platform/Developer/SDKs/MacOSX26.1.sdk/usr/lib/swift/shims/SwiftStddef.h
/Applications/Xcode.app/Contents/Developer/Platforms/MacOSX.platform/Developer/SDKs/MacOSX26.1.sdk/usr/lib/swift/shims/FoundationShims.h
/Applications/Xcode.app/Contents/Developer/Platforms/MacOSX.platform/Developer/SDKs/MacOSX26.1.sdk/usr/lib/swift/shims/GlobalObjects.h
/Applications/Xcode.app/Contents/Developer/Platforms/MacOSX.platform/Developer/SDKs/MacOSX26.1.sdk/usr/lib/swift/shims/SwiftStdbool.h
/Applications/Xcode.app/Contents/Developer/Platforms/MacOSX.platform/Developer/SDKs/MacOSX26.1.sdk/usr/lib/swift/shims/HeapObject.h
/Applications/Xcode.app/Contents/Developer/Platforms/MacOSX.platform/Developer/SDKs/MacOSX26.1.sdk/usr/lib/swift/shims/RefCount.h
/Applications/Xcode.app/Contents/Developer/Platforms/MacOSX.platform/Developer/SDKs/MacOSX26.1.sdk/usr/lib/swift/shims/System.h
/Applications/Xcode.app/Contents/Developer/Platforms/MacOSX.platform/Developer/SDKs/MacOSX26.1.sdk/usr/lib/swift/shims/Target.h
/Applications/Xcode.app/Contents/Developer/Platforms/MacOSX.platform/Developer/SDKs/MacOSX26.1.sdk/usr/lib/swift/shims/KeyPath.h
/Applications/Xcode.app/Contents/Developer/Platforms/MacOSX.platform/Developer/SDKs/MacOSX26.1.sdk/usr/lib/swift/shims/LibcShims.h
/Applications/Xcode.app/Contents/Developer/Platforms/MacOSX.platform/Developer/SDKs/MacOSX26.1.sdk/usr/lib/swift/shims/MetadataSections.h
/Applications/Xcode.app/Contents/Developer/Platforms/MacOSX.platform/Developer/SDKs/MacOSX26.1.sdk/usr/lib/swift/shims/Random.h
/Applications/Xcode.app/Contents/Developer/Platforms/MacOSX.platform/Developer/SDKs/MacOSX26.1.sdk/usr/lib/swift/shims/Reflection.h
/Applications/Xcode.app/Contents/Developer/Platforms/MacOSX.platform/Developer/SDKs/MacOSX26.1.sdk/usr/lib/swift/shims/RuntimeShims.h
/Applications/Xcode.app/Contents/Developer/Platforms/MacOSX.platform/Developer/SDKs/MacOSX26.1.sdk/usr/lib/swift/shims/RuntimeStubs.h
/Applications/Xcode.app/Contents/Developer/Platforms/MacOSX.platform/Developer/SDKs/MacOSX26.1.sdk/usr/lib/swift/shims/ThreadLocalStorage.h
/Applications/Xcode.app/Contents/Developer/Platforms/MacOSX.platform/Developer/SDKs/MacOSX26.1.sdk/usr/lib/swift/shims/UnicodeData.h
/Applications/Xcode.app/Contents/Developer/Platforms/MacOSX.platform/Developer/SDKs/MacOSX26.1.sdk/SDKSettings.json
/Applications/Xcode.app/Contents/Developer/Toolchains/XcodeDefault.xctoolchain/usr/lib/swift/macosx/prebuilt-modules/26.1/SwiftUI.swiftmodule/arm64e-apple-macos.swiftmodule
/Applications/Xcode.app/Contents/Developer/Platforms/MacOSX.platform/Developer/SDKs/MacOSX26.1.sdk/System/Library/Frameworks/SwiftUI.framework/Modules/module.modulemap
/Applications/Xcode.app/Contents/Developer/Platforms/MacOSX.platform/Developer/SDKs/MacOSX26.1.sdk/System/Library/Frameworks/SwiftUI.framework/Headers/SwiftUI.h
/Applications/Xcode.app/Contents/Developer/Platforms/MacOSX.platform/Developer/SDKs/MacOSX26.1.sdk/usr/include/DarwinFoundation1.modulemap
/Applications/Xcode.app/Contents/Developer/Platforms/MacOSX.platform/Developer/SDKs/MacOSX26.1.sdk/System/Library/Frameworks/AppKit.framework/Modules/module.modulemap
/Applications/Xcode.app/Contents/Developer/Platforms/MacOSX.platform/Developer/SDKs/MacOSX26.1.sdk/SDKSettings.json
/Applications/Xcode.app/Contents/Developer/Platforms/MacOSX.platform/Developer/SDKs/MacOSX26.1.sdk/System/Library/Frameworks/SwiftUICore.framework/Modules/module.modulemap
/Applications/Xcode.app/Contents/Developer/Platforms/MacOSX.platform/Developer/SDKs/MacOSX26.1.sdk/System/Library/Frameworks/SwiftUICore.framework/Headers/SwiftUICore.h
/Applications/Xcode.app/Contents/Developer/Platforms/MacOSX.platform/Developer/SDKs/MacOSX26.1.sdk/usr/include/DarwinFoundation1.modulemap
/Applications/Xcode.app/Contents/Developer/Platforms/MacOSX.platform/Developer/SDKs/MacOSX26.1.sdk/System/Library/Frameworks/Foundation.framework/Modules/module.modulemap
/Applications/Xcode.app/Contents/Developer/Platforms/MacOSX.platform/Developer/SDKs/MacOSX26.1.sdk/System/Library/Frameworks/CoreGraphics.framework/Modules/module.modulemap
/Applications/Xcode.app/Contents/Developer/Platforms/MacOSX.platform/Developer/SDKs/MacOSX26.1.sdk/System/Library/Frameworks/CoreText.framework/Modules/module.modulemap
/Applications/Xcode.app/Contents/Developer/Platforms/MacOSX.platform/Developer/SDKs/MacOSX26.1.sdk/System/Library/Frameworks/QuartzCore.framework/Modules/module.modulemap
/Applications/Xcode.app/Contents/Developer/Platforms/MacOSX.platform/Developer/SDKs/MacOSX26.1.sdk/SDKSettings.json
/Applications/Xcode.app/Contents/Developer/Toolchains/XcodeDefault.xctoolchain/usr/lib/swift/macosx/prebuilt-modules/26.1/SwiftUICore.swiftmodule/arm64e-apple-macos.swiftmodule
/Applications/Xcode.app/Contents/Developer/Toolchains/XcodeDefault.xctoolchain/usr/lib/swift/macosx/prebuilt-modules/26.1/Symbols.swiftmodule/arm64e-apple-macos.swiftmodule
/Applications/Xcode.app/Contents/Developer/Platforms/MacOSX.platform/Developer/SDKs/MacOSX26.1.sdk/System/Library/Frameworks/Symbols.framework/Modules/module.modulemap
/Applications/Xcode.app/Contents/Developer/Platforms/MacOSX.platform/Developer/SDKs/MacOSX26.1.sdk/System/Library/Frameworks/Symbols.framework/Headers/Symbols.h
/Applications/Xcode.app/Contents/Developer/Platforms/MacOSX.platform/Developer/SDKs/MacOSX26.1.sdk/System/Library/Frameworks/Foundation.framework/Modules/module.modulemap
/Applications/Xcode.app/Contents/Developer/Platforms/MacOSX.platform/Developer/SDKs/MacOSX26.1.sdk/System/Library/Frameworks/Symbols.framework/Headers/NSSymbolEffect.h
/Applications/Xcode.app/Contents/Developer/Platforms/MacOSX.platform/Developer/SDKs/MacOSX26.1.sdk/SDKSettings.json
/Applications/Xcode.app/Contents/Developer/Toolchains/XcodeDefault.xctoolchain/usr/lib/swift/macosx/prebuilt-modules/26.1/System.swiftmodule/arm64e-apple-macos.swiftmodule
/Applications/Xcode.app/Contents/Developer/Platforms/MacOSX.platform/Developer/SDKs/MacOSX26.1.sdk/System/Library/Frameworks/UniformTypeIdentifiers.framework/Headers/UniformTypeIdentifiers.apinotes
/Applications/Xcode.app/Contents/Developer/Platforms/MacOSX.platform/Developer/SDKs/MacOSX26.1.sdk/System/Library/Frameworks/UniformTypeIdentifiers.framework/Modules/module.modulemap
/Applications/Xcode.app/Contents/Developer/Platforms/MacOSX.platform/Developer/SDKs/MacOSX26.1.sdk/System/Library/Frameworks/UniformTypeIdentifiers.framework/Headers/UniformTypeIdentifiers.h
/Applications/Xcode.app/Contents/Developer/Platforms/MacOSX.platform/Developer/SDKs/MacOSX26.1.sdk/System/Library/Frameworks/UniformTypeIdentifiers.framework/Headers/UTDefines.h
/Applications/Xcode.app/Contents/Developer/Platforms/MacOSX.platform/Developer/SDKs/MacOSX26.1.sdk/usr/include/DarwinFoundation1.modulemap
/Applications/Xcode.app/Contents/Developer/Platforms/MacOSX.platform/Developer/SDKs/MacOSX26.1.sdk/System/Library/Frameworks/UniformTypeIdentifiers.framework/Headers/UTTagClass.h
/Applications/Xcode.app/Contents/Developer/Platforms/MacOSX.platform/Developer/SDKs/MacOSX26.1.sdk/System/Library/Frameworks/Foundation.framework/Modules/module.modulemap
/Applications/Xcode.app/Contents/Developer/Platforms/MacOSX.platform/Developer/SDKs/MacOSX26.1.sdk/System/Library/Frameworks/UniformTypeIdentifiers.framework/Headers/UTType.h
/Applications/Xcode.app/Contents/Developer/Platforms/MacOSX.platform/Developer/SDKs/MacOSX26.1.sdk/System/Library/Frameworks/UniformTypeIdentifiers.framework/Headers/UTCoreTypes.h
/Applications/Xcode.app/Contents/Developer/Platforms/MacOSX.platform/Developer/SDKs/MacOSX26.1.sdk/System/Library/Frameworks/UniformTypeIdentifiers.framework/Headers/UTAdditions.h
/Applications/Xcode.app/Contents/Developer/Platforms/MacOSX.platform/Developer/SDKs/MacOSX26.1.sdk/System/Library/Frameworks/UniformTypeIdentifiers.framework/Headers/NSItemProvider+UTType.h
/Applications/Xcode.app/Contents/Developer/Platforms/MacOSX.platform/Developer/SDKs/MacOSX26.1.sdk/SDKSettings.json
/Applications/Xcode.app/Contents/Developer/Toolchains/XcodeDefault.xctoolchain/usr/lib/swift/macosx/prebuilt-modules/26.1/UniformTypeIdentifiers.swiftmodule/arm64e-apple-macos.swiftmodule
/Applications/Xcode.app/Contents/Developer/Platforms/MacOSX.platform/Developer/SDKs/MacOSX26.1.sdk/usr/include/XPC.apinotes
/Applications/Xcode.app/Contents/Developer/Platforms/MacOSX.platform/Developer/SDKs/MacOSX26.1.sdk/usr/include/launch.modulemap
/Applications/Xcode.app/Contents/Developer/Platforms/MacOSX.platform/Developer/SDKs/MacOSX26.1.sdk/usr/include/xpc.modulemap
/Applications/Xcode.app/Contents/Developer/Platforms/MacOSX.platform/Developer/SDKs/MacOSX26.1.sdk/usr/include/dispatch.modulemap
/Applications/Xcode.app/Contents/Developer/Platforms/MacOSX.platform/Developer/SDKs/MacOSX26.1.sdk/usr/include/os.modulemap
/Applications/Xcode.app/Contents/Developer/Platforms/MacOSX.platform/Developer/SDKs/MacOSX26.1.sdk/usr/include/Darwin.modulemap
/Applications/Xcode.app/Contents/Developer/Platforms/MacOSX.platform/Developer/SDKs/MacOSX26.1.sdk/usr/include/Darwin_C.modulemap
/Applications/Xcode.app/Contents/Developer/Platforms/MacOSX.platform/Developer/SDKs/MacOSX26.1.sdk/usr/include/Darwin_POSIX.modulemap
/Applications/Xcode.app/Contents/Developer/Platforms/MacOSX.platform/Developer/SDKs/MacOSX26.1.sdk/usr/include/net.modulemap
/Applications/Xcode.app/Contents/Developer/Platforms/MacOSX.platform/Developer/SDKs/MacOSX26.1.sdk/usr/include/netinet.modulemap
/Applications/Xcode.app/Contents/Developer/Platforms/MacOSX.platform/Developer/SDKs/MacOSX26.1.sdk/usr/include/bank.modulemap
/Applications/Xcode.app/Contents/Developer/Platforms/MacOSX.platform/Developer/SDKs/MacOSX26.1.sdk/usr/include/Darwin_Mach.modulemap
/Applications/Xcode.app/Contents/Developer/Platforms/MacOSX.platform/Developer/SDKs/MacOSX26.1.sdk/usr/include/Darwin_Mach_machine.modulemap
/Applications/Xcode.app/Contents/Developer/Platforms/MacOSX.platform/Developer/SDKs/MacOSX26.1.sdk/usr/include/mach_debug.modulemap
/Applications/Xcode.app/Contents/Developer/Platforms/MacOSX.platform/Developer/SDKs/MacOSX26.1.sdk/usr/include/device.modulemap
/Applications/Xcode.app/Contents/Developer/Platforms/MacOSX.platform/Developer/SDKs/MacOSX26.1.sdk/usr/include/Darwin_machine.modulemap
/Applications/Xcode.app/Contents/Developer/Platforms/MacOSX.platform/Developer/SDKs/MacOSX26.1.sdk/usr/include/ncurses.modulemap
/Applications/Xcode.app/Contents/Developer/Platforms/MacOSX.platform/Developer/SDKs/MacOSX26.1.sdk/usr/include/netinet6.modulemap
/Applications/Xcode.app/Contents/Developer/Platforms/MacOSX.platform/Developer/SDKs/MacOSX26.1.sdk/usr/include/Darwin_sys.modulemap
/Applications/Xcode.app/Contents/Developer/Platforms/MacOSX.platform/Developer/SDKs/MacOSX26.1.sdk/usr/include/uuid.modulemap
/Applications/Xcode.app/Contents/Developer/Platforms/MacOSX.platform/Developer/SDKs/MacOSX26.1.sdk/usr/include/DarwinFoundation2.modulemap
/Applications/Xcode.app/Contents/Developer/Platforms/MacOSX.platform/Developer/SDKs/MacOSX26.1.sdk/usr/include/DarwinFoundation3.modulemap
/Applications/Xcode.app/Contents/Developer/Platforms/MacOSX.platform/Developer/SDKs/MacOSX26.1.sdk/usr/include/DarwinFoundation1.modulemap
/Applications/Xcode.app/Contents/Developer/Platforms/MacOSX.platform/Developer/SDKs/MacOSX26.1.sdk/usr/include/xpc/xpc.h
/Applications/Xcode.app/Contents/Developer/Toolchains/XcodeDefault.xctoolchain/usr/lib/swift/clang/include/module.modulemap
/Applications/Xcode.app/Contents/Developer/Toolchains/XcodeDefault.xctoolchain/usr/lib/swift/clang/include/stdarg.h
/Applications/Xcode.app/Contents/Developer/Platforms/MacOSX.platform/Developer/SDKs/MacOSX26.1.sdk/usr/include/stdlib.h
/Applications/Xcode.app/Contents/Developer/Platforms/MacOSX.platform/Developer/SDKs/MacOSX26.1.sdk/usr/include/stdio.h
/Applications/Xcode.app/Contents/Developer/Platforms/MacOSX.platform/Developer/SDKs/MacOSX26.1.sdk/usr/include/string.h
/Applications/Xcode.app/Contents/Developer/Platforms/MacOSX.platform/Developer/SDKs/MacOSX26.1.sdk/usr/include/xpc/base.h
/Applications/Xcode.app/Contents/Developer/Platforms/MacOSX.platform/Developer/SDKs/MacOSX26.1.sdk/usr/include/xpc/availability.h
/Applications/Xcode.app/Contents/Developer/Platforms/MacOSX.platform/Developer/SDKs/MacOSX26.1.sdk/usr/include/xpc/endpoint.h
/Applications/Xcode.app/Contents/Developer/Platforms/MacOSX.platform/Developer/SDKs/MacOSX26.1.sdk/usr/include/xpc/debug.h
/Applications/Xcode.app/Contents/Developer/Platforms/MacOSX.platform/Developer/SDKs/MacOSX26.1.sdk/usr/include/xpc/activity.h
/Applications/Xcode.app/Contents/Developer/Platforms/MacOSX.platform/Developer/SDKs/MacOSX26.1.sdk/usr/include/xpc/peer_requirement.h
/Applications/Xcode.app/Contents/Developer/Platforms/MacOSX.platform/Developer/SDKs/MacOSX26.1.sdk/usr/include/xpc/connection.h
/Applications/Xcode.app/Contents/Developer/Platforms/MacOSX.platform/Developer/SDKs/MacOSX26.1.sdk/usr/include/xpc/rich_error.h
/Applications/Xcode.app/Contents/Developer/Platforms/MacOSX.platform/Developer/SDKs/MacOSX26.1.sdk/usr/include/xpc/session.h
/Applications/Xcode.app/Contents/Developer/Platforms/MacOSX.platform/Developer/SDKs/MacOSX26.1.sdk/usr/include/xpc/listener.h
/Applications/Xcode.app/Contents/Developer/Platforms/MacOSX.platform/Developer/SDKs/MacOSX26.1.sdk/SDKSettings.json
/Applications/Xcode.app/Contents/Developer/Toolchains/XcodeDefault.xctoolchain/usr/lib/swift/macosx/prebuilt-modules/26.1/XPC.swiftmodule/arm64e-apple-macos.swiftmodule
/Applications/Xcode.app/Contents/Developer/Platforms/MacOSX.platform/Developer/SDKs/MacOSX26.1.sdk/usr/include/DarwinFoundation1.modulemap
/Applications/Xcode.app/Contents/Developer/Platforms/MacOSX.platform/Developer/SDKs/MacOSX26.1.sdk/usr/include/AvailabilityInternal.h
/Applications/Xcode.app/Contents/Developer/Platforms/MacOSX.platform/Developer/SDKs/MacOSX26.1.sdk/usr/include/AvailabilityVersions.h
/Applications/Xcode.app/Contents/Developer/Platforms/MacOSX.platform/Developer/SDKs/MacOSX26.1.sdk/usr/include/AvailabilityInternalLegacy.h
/Applications/Xcode.app/Contents/Developer/Platforms/MacOSX.platform/Developer/SDKs/MacOSX26.1.sdk/SDKSettings.json
/Applications/Xcode.app/Contents/Developer/Toolchains/XcodeDefault.xctoolchain/usr/lib/swift/clang/include/module.modulemap
/Applications/Xcode.app/Contents/Developer/Toolchains/XcodeDefault.xctoolchain/usr/lib/swift/clang/include/float.h
/Applications/Xcode.app/Contents/Developer/Platforms/MacOSX.platform/Developer/SDKs/MacOSX26.1.sdk/SDKSettings.json
/Applications/Xcode.app/Contents/Developer/Toolchains/XcodeDefault.xctoolchain/usr/lib/swift/macosx/prebuilt-modules/26.1/_Builtin_float.swiftmodule/arm64e-apple-macos.swiftmodule
/Applications/Xcode.app/Contents/Developer/Toolchains/XcodeDefault.xctoolchain/usr/lib/swift/clang/include/module.modulemap
/Applications/Xcode.app/Contents/Developer/Toolchains/XcodeDefault.xctoolchain/usr/lib/swift/clang/include/arm_acle.h
/Applications/Xcode.app/Contents/Developer/Toolchains/XcodeDefault.xctoolchain/usr/lib/swift/clang/include/arm_neon.h
/Applications/Xcode.app/Contents/Developer/Toolchains/XcodeDefault.xctoolchain/usr/lib/swift/clang/include/arm_bf16.h
/Applications/Xcode.app/Contents/Developer/Toolchains/XcodeDefault.xctoolchain/usr/lib/swift/clang/include/arm_vector_types.h
/Applications/Xcode.app/Contents/Developer/Toolchains/XcodeDefault.xctoolchain/usr/lib/swift/clang/include/arm_fp16.h
/Applications/Xcode.app/Contents/Developer/Platforms/MacOSX.platform/Developer/SDKs/MacOSX26.1.sdk/SDKSettings.json
/Applications/Xcode.app/Contents/Developer/Toolchains/XcodeDefault.xctoolchain/usr/lib/swift/clang/include/module.modulemap
/Applications/Xcode.app/Contents/Developer/Toolchains/XcodeDefault.xctoolchain/usr/lib/swift/clang/include/inttypes.h
/Applications/Xcode.app/Contents/Developer/Platforms/MacOSX.platform/Developer/SDKs/MacOSX26.1.sdk/usr/include/DarwinFoundation3.modulemap
/Applications/Xcode.app/Contents/Developer/Platforms/MacOSX.platform/Developer/SDKs/MacOSX26.1.sdk/usr/include/inttypes.h
/Applications/Xcode.app/Contents/Developer/Platforms/MacOSX.platform/Developer/SDKs/MacOSX26.1.sdk/SDKSettings.json
/Applications/Xcode.app/Contents/Developer/Toolchains/XcodeDefault.xctoolchain/usr/lib/swift/clang/include/module.modulemap
/Applications/Xcode.app/Contents/Developer/Toolchains/XcodeDefault.xctoolchain/usr/lib/swift/clang/include/limits.h
/Applications/Xcode.app/Contents/Developer/Platforms/MacOSX.platform/Developer/SDKs/MacOSX26.1.sdk/usr/include/DarwinFoundation1.modulemap
/Applications/Xcode.app/Contents/Developer/Platforms/MacOSX.platform/Developer/SDKs/MacOSX26.1.sdk/SDKSettings.json
/Applications/Xcode.app/Contents/Developer/Toolchains/XcodeDefault.xctoolchain/usr/lib/swift/clang/include/module.modulemap
/Applications/Xcode.app/Contents/Developer/Toolchains/XcodeDefault.xctoolchain/usr/lib/swift/clang/include/__stdarg___gnuc_va_list.h
/Applications/Xcode.app/Contents/Developer/Toolchains/XcodeDefault.xctoolchain/usr/lib/swift/clang/include/__stdarg___va_copy.h
/Applications/Xcode.app/Contents/Developer/Toolchains/XcodeDefault.xctoolchain/usr/lib/swift/clang/include/__stdarg_header_macro.h
/Applications/Xcode.app/Contents/Developer/Toolchains/XcodeDefault.xctoolchain/usr/lib/swift/clang/include/__stdarg_va_arg.h
/Applications/Xcode.app/Contents/Developer/Toolchains/XcodeDefault.xctoolchain/usr/lib/swift/clang/include/__stdarg_va_copy.h
/Applications/Xcode.app/Contents/Developer/Toolchains/XcodeDefault.xctoolchain/usr/lib/swift/clang/include/__stdarg_va_list.h
/Applications/Xcode.app/Contents/Developer/Platforms/MacOSX.platform/Developer/SDKs/MacOSX26.1.sdk/SDKSettings.json
/Applications/Xcode.app/Contents/Developer/Toolchains/XcodeDefault.xctoolchain/usr/lib/swift/clang/include/module.modulemap
/Applications/Xcode.app/Contents/Developer/Toolchains/XcodeDefault.xctoolchain/usr/lib/swift/clang/include/stdatomic.h
/Applications/Xcode.app/Contents/Developer/Toolchains/XcodeDefault.xctoolchain/usr/lib/swift/clang/include/stddef.h
/Applications/Xcode.app/Contents/Developer/Platforms/MacOSX.platform/Developer/SDKs/MacOSX26.1.sdk/SDKSettings.json
/Applications/Xcode.app/Contents/Developer/Toolchains/XcodeDefault.xctoolchain/usr/lib/swift/clang/include/module.modulemap
/Applications/Xcode.app/Contents/Developer/Toolchains/XcodeDefault.xctoolchain/usr/lib/swift/clang/include/stdbool.h
/Applications/Xcode.app/Contents/Developer/Platforms/MacOSX.platform/Developer/SDKs/MacOSX26.1.sdk/SDKSettings.json
/Applications/Xcode.app/Contents/Developer/Toolchains/XcodeDefault.xctoolchain/usr/lib/swift/clang/include/module.modulemap
/Applications/Xcode.app/Contents/Developer/Toolchains/XcodeDefault.xctoolchain/usr/lib/swift/clang/include/__stddef_header_macro.h
/Applications/Xcode.app/Contents/Developer/Toolchains/XcodeDefault.xctoolchain/usr/lib/swift/clang/include/__stddef_max_align_t.h
/Applications/Xcode.app/Contents/Developer/Toolchains/XcodeDefault.xctoolchain/usr/lib/swift/clang/include/__stddef_null.h
/Applications/Xcode.app/Contents/Developer/Toolchains/XcodeDefault.xctoolchain/usr/lib/swift/clang/include/__stddef_nullptr_t.h
/Applications/Xcode.app/Contents/Developer/Toolchains/XcodeDefault.xctoolchain/usr/lib/swift/clang/include/__stddef_offsetof.h
/Applications/Xcode.app/Contents/Developer/Toolchains/XcodeDefault.xctoolchain/usr/lib/swift/clang/include/__stddef_ptrdiff_t.h
/Applications/Xcode.app/Contents/Developer/Toolchains/XcodeDefault.xctoolchain/usr/lib/swift/clang/include/__stddef_rsize_t.h
/Applications/Xcode.app/Contents/Developer/Toolchains/XcodeDefault.xctoolchain/usr/lib/swift/clang/include/__stddef_size_t.h
/Applications/Xcode.app/Contents/Developer/Toolchains/XcodeDefault.xctoolchain/usr/lib/swift/clang/include/__stddef_unreachable.h
/Applications/Xcode.app/Contents/Developer/Toolchains/XcodeDefault.xctoolchain/usr/lib/swift/clang/include/__stddef_wchar_t.h
/Applications/Xcode.app/Contents/Developer/Platforms/MacOSX.platform/Developer/SDKs/MacOSX26.1.sdk/SDKSettings.json
/Applications/Xcode.app/Contents/Developer/Toolchains/XcodeDefault.xctoolchain/usr/lib/swift/clang/include/module.modulemap
/Applications/Xcode.app/Contents/Developer/Toolchains/XcodeDefault.xctoolchain/usr/lib/swift/clang/include/stdint.h
/Applications/Xcode.app/Contents/Developer/Platforms/MacOSX.platform/Developer/SDKs/MacOSX26.1.sdk/usr/include/DarwinFoundation2.modulemap
/Applications/Xcode.app/Contents/Developer/Platforms/MacOSX.platform/Developer/SDKs/MacOSX26.1.sdk/SDKSettings.json
/Applications/Xcode.app/Contents/Developer/Toolchains/XcodeDefault.xctoolchain/usr/lib/swift/clang/include/module.modulemap
/Applications/Xcode.app/Contents/Developer/Toolchains/XcodeDefault.xctoolchain/usr/lib/swift/clang/include/tgmath.h
/Applications/Xcode.app/Contents/Developer/Platforms/MacOSX.platform/Developer/SDKs/MacOSX26.1.sdk/usr/include/DarwinFoundation2.modulemap
/Applications/Xcode.app/Contents/Developer/Platforms/MacOSX.platform/Developer/SDKs/MacOSX26.1.sdk/usr/include/DarwinFoundation1.modulemap
/Applications/Xcode.app/Contents/Developer/Platforms/MacOSX.platform/Developer/SDKs/MacOSX26.1.sdk/SDKSettings.json
/Applications/Xcode.app/Contents/Developer/Toolchains/XcodeDefault.xctoolchain/usr/lib/swift/macosx/prebuilt-modules/26.1/_Concurrency.swiftmodule/arm64e-apple-macos.swiftmodule
/Applications/Xcode.app/Contents/Developer/Platforms/MacOSX.platform/Developer/SDKs/MacOSX26.1.sdk/usr/include/DarwinFoundation1.modulemap
/Applications/Xcode.app/Contents/Developer/Platforms/MacOSX.platform/Developer/SDKs/MacOSX26.1.sdk/usr/include/sys/appleapiopts.h
/Applications/Xcode.app/Contents/Developer/Platforms/MacOSX.platform/Developer/SDKs/MacOSX26.1.sdk/usr/include/os/availability.h
/Applications/Xcode.app/Contents/Developer/Platforms/MacOSX.platform/Developer/SDKs/MacOSX26.1.sdk/usr/include/Availability.h
/Applications/Xcode.app/Contents/Developer/Platforms/MacOSX.platform/Developer/SDKs/MacOSX26.1.sdk/usr/include/AvailabilityMacros.h
/Applications/Xcode.app/Contents/Developer/Platforms/MacOSX.platform/Developer/SDKs/MacOSX26.1.sdk/usr/include/TargetConditionals.h
/Applications/Xcode.app/Contents/Developer/Platforms/MacOSX.platform/Developer/SDKs/MacOSX26.1.sdk/usr/include/_bounds.h
/Applications/Xcode.app/Contents/Developer/Platforms/MacOSX.platform/Developer/SDKs/MacOSX26.1.sdk/usr/include/sys/cdefs.h
/Applications/Xcode.app/Contents/Developer/Platforms/MacOSX.platform/Developer/SDKs/MacOSX26.1.sdk/usr/include/sys/_symbol_aliasing.h
/Applications/Xcode.app/Contents/Developer/Platforms/MacOSX.platform/Developer/SDKs/MacOSX26.1.sdk/usr/include/sys/_posix_availability.h
/Applications/Xcode.app/Contents/Developer/Toolchains/XcodeDefault.xctoolchain/usr/lib/swift/clang/include/module.modulemap
/Applications/Xcode.app/Contents/Developer/Platforms/MacOSX.platform/Developer/SDKs/MacOSX26.1.sdk/usr/include/sys/qos.h
/Applications/Xcode.app/Contents/Developer/Platforms/MacOSX.platform/Developer/SDKs/MacOSX26.1.sdk/usr/include/machine/_endian.h
/Applications/Xcode.app/Contents/Developer/Platforms/MacOSX.platform/Developer/SDKs/MacOSX26.1.sdk/usr/include/arm/_endian.h
/Applications/Xcode.app/Contents/Developer/Platforms/MacOSX.platform/Developer/SDKs/MacOSX26.1.sdk/usr/include/sys/__endian.h
/Applications/Xcode.app/Contents/Developer/Platforms/MacOSX.platform/Developer/SDKs/MacOSX26.1.sdk/usr/include/i386/_endian.h
/Applications/Xcode.app/Contents/Developer/Platforms/MacOSX.platform/Developer/SDKs/MacOSX26.1.sdk/usr/include/__xlocale.h
/Applications/Xcode.app/Contents/Developer/Platforms/MacOSX.platform/Developer/SDKs/MacOSX26.1.sdk/usr/include/_mb_cur_max.h
/Applications/Xcode.app/Contents/Developer/Platforms/MacOSX.platform/Developer/SDKs/MacOSX26.1.sdk/usr/include/_types/_locale_t.h
/Applications/Xcode.app/Contents/Developer/Platforms/MacOSX.platform/Developer/SDKs/MacOSX26.1.sdk/usr/include/sys/_types/_u_char.h
/Applications/Xcode.app/Contents/Developer/Platforms/MacOSX.platform/Developer/SDKs/MacOSX26.1.sdk/usr/include/sys/_types/_u_short.h
/Applications/Xcode.app/Contents/Developer/Platforms/MacOSX.platform/Developer/SDKs/MacOSX26.1.sdk/usr/include/sys/_types/_u_int.h
/Applications/Xcode.app/Contents/Developer/Platforms/MacOSX.platform/Developer/SDKs/MacOSX26.1.sdk/usr/include/sys/_types/_u_int8_t.h
/Applications/Xcode.app/Contents/Developer/Platforms/MacOSX.platform/Developer/SDKs/MacOSX26.1.sdk/usr/include/sys/_types/_u_int16_t.h
/Applications/Xcode.app/Contents/Developer/Platforms/MacOSX.platform/Developer/SDKs/MacOSX26.1.sdk/usr/include/sys/_types/_u_int32_t.h
/Applications/Xcode.app/Contents/Developer/Platforms/MacOSX.platform/Developer/SDKs/MacOSX26.1.sdk/usr/include/sys/_types/_u_int64_t.h
/Applications/Xcode.app/Contents/Developer/Platforms/MacOSX.platform/Developer/SDKs/MacOSX26.1.sdk/usr/include/_assert.h
/Applications/Xcode.app/Contents/Developer/Platforms/MacOSX.platform/Developer/SDKs/MacOSX26.1.sdk/usr/include/_static_assert.h
/Applications/Xcode.app/Contents/Developer/Platforms/MacOSX.platform/Developer/SDKs/MacOSX26.1.sdk/usr/include/complex.h
/Applications/Xcode.app/Contents/Developer/Platforms/MacOSX.platform/Developer/SDKs/MacOSX26.1.sdk/usr/include/errno.h
/Applications/Xcode.app/Contents/Developer/Platforms/MacOSX.platform/Developer/SDKs/MacOSX26.1.sdk/usr/include/sys/errno.h
/Applications/Xcode.app/Contents/Developer/Platforms/MacOSX.platform/Developer/SDKs/MacOSX26.1.sdk/usr/include/sys/_types/_errno_t.h
/Applications/Xcode.app/Contents/Developer/Platforms/MacOSX.platform/Developer/SDKs/MacOSX26.1.sdk/usr/include/fenv.h
/Applications/Xcode.app/Contents/Developer/Platforms/MacOSX.platform/Developer/SDKs/MacOSX26.1.sdk/usr/include/limits.h
/Applications/Xcode.app/Contents/Developer/Platforms/MacOSX.platform/Developer/SDKs/MacOSX26.1.sdk/usr/include/machine/limits.h
/Applications/Xcode.app/Contents/Developer/Platforms/MacOSX.platform/Developer/SDKs/MacOSX26.1.sdk/usr/include/arm/limits.h
/Applications/Xcode.app/Contents/Developer/Platforms/MacOSX.platform/Developer/SDKs/MacOSX26.1.sdk/usr/include/arm/_limits.h
/Applications/Xcode.app/Contents/Developer/Platforms/MacOSX.platform/Developer/SDKs/MacOSX26.1.sdk/usr/include/sys/syslimits.h
/Applications/Xcode.app/Contents/Developer/Platforms/MacOSX.platform/Developer/SDKs/MacOSX26.1.sdk/usr/include/i386/limits.h
/Applications/Xcode.app/Contents/Developer/Platforms/MacOSX.platform/Developer/SDKs/MacOSX26.1.sdk/usr/include/machine/_limits.h
/Applications/Xcode.app/Contents/Developer/Platforms/MacOSX.platform/Developer/SDKs/MacOSX26.1.sdk/usr/include/i386/_limits.h
/Applications/Xcode.app/Contents/Developer/Platforms/MacOSX.platform/Developer/SDKs/MacOSX26.1.sdk/usr/include/math.h
/Applications/Xcode.app/Contents/Developer/Platforms/MacOSX.platform/Developer/SDKs/MacOSX26.1.sdk/usr/include/setjmp.h
/Applications/Xcode.app/Contents/Developer/Platforms/MacOSX.platform/Developer/SDKs/MacOSX26.1.sdk/SDKSettings.json
/Applications/Xcode.app/Contents/Developer/Toolchains/XcodeDefault.xctoolchain/usr/lib/swift/macosx/prebuilt-modules/26.1/_DarwinFoundation1.swiftmodule/arm64e-apple-macos.swiftmodule
/Applications/Xcode.app/Contents/Developer/Platforms/MacOSX.platform/Developer/SDKs/MacOSX26.1.sdk/usr/include/_DarwinFoundation2.apinotes
/Applications/Xcode.app/Contents/Developer/Platforms/MacOSX.platform/Developer/SDKs/MacOSX26.1.sdk/usr/include/DarwinFoundation2.modulemap
/Applications/Xcode.app/Contents/Developer/Platforms/MacOSX.platform/Developer/SDKs/MacOSX26.1.sdk/usr/include/DarwinFoundation1.modulemap
/Applications/Xcode.app/Contents/Developer/Platforms/MacOSX.platform/Developer/SDKs/MacOSX26.1.sdk/usr/include/nl_types.h
/Applications/Xcode.app/Contents/Developer/Platforms/MacOSX.platform/Developer/SDKs/MacOSX26.1.sdk/usr/include/sys/types.h
/Applications/Xcode.app/Contents/Developer/Platforms/MacOSX.platform/Developer/SDKs/MacOSX26.1.sdk/usr/include/machine/types.h
/Applications/Xcode.app/Contents/Developer/Platforms/MacOSX.platform/Developer/SDKs/MacOSX26.1.sdk/usr/include/arm/types.h
/Applications/Xcode.app/Contents/Developer/Platforms/MacOSX.platform/Developer/SDKs/MacOSX26.1.sdk/usr/include/arm/_types.h
/Applications/Xcode.app/Contents/Developer/Platforms/MacOSX.platform/Developer/SDKs/MacOSX26.1.sdk/usr/include/sys/_types/_ptrdiff_t.h
/Applications/Xcode.app/Contents/Developer/Toolchains/XcodeDefault.xctoolchain/usr/lib/swift/clang/include/module.modulemap
/Applications/Xcode.app/Contents/Developer/Toolchains/XcodeDefault.xctoolchain/usr/lib/swift/clang/include/stddef.h
/Applications/Xcode.app/Contents/Developer/Platforms/MacOSX.platform/Developer/SDKs/MacOSX26.1.sdk/usr/include/sys/_types/_size_t.h
/Applications/Xcode.app/Contents/Developer/Platforms/MacOSX.platform/Developer/SDKs/MacOSX26.1.sdk/usr/include/sys/_types/_va_list.h
/Applications/Xcode.app/Contents/Developer/Toolchains/XcodeDefault.xctoolchain/usr/lib/swift/clang/include/stdarg.h
/Applications/Xcode.app/Contents/Developer/Platforms/MacOSX.platform/Developer/SDKs/MacOSX26.1.sdk/usr/include/sys/_types/_wchar_t.h
/Applications/Xcode.app/Contents/Developer/Platforms/MacOSX.platform/Developer/SDKs/MacOSX26.1.sdk/usr/include/sys/_types/_int8_t.h
/Applications/Xcode.app/Contents/Developer/Platforms/MacOSX.platform/Developer/SDKs/MacOSX26.1.sdk/usr/include/sys/_types/_int16_t.h
/Applications/Xcode.app/Contents/Developer/Platforms/MacOSX.platform/Developer/SDKs/MacOSX26.1.sdk/usr/include/sys/_types/_int32_t.h
/Applications/Xcode.app/Contents/Developer/Platforms/MacOSX.platform/Developer/SDKs/MacOSX26.1.sdk/usr/include/sys/_types/_int64_t.h
/Applications/Xcode.app/Contents/Developer/Platforms/MacOSX.platform/Developer/SDKs/MacOSX26.1.sdk/usr/include/sys/_types/_intptr_t.h
/Applications/Xcode.app/Contents/Developer/Platforms/MacOSX.platform/Developer/SDKs/MacOSX26.1.sdk/usr/include/machine/_types.h
/Applications/Xcode.app/Contents/Developer/Platforms/MacOSX.platform/Developer/SDKs/MacOSX26.1.sdk/usr/include/sys/_types/_uintptr_t.h
/Applications/Xcode.app/Contents/Developer/Platforms/MacOSX.platform/Developer/SDKs/MacOSX26.1.sdk/usr/include/sys/_types.h
/Applications/Xcode.app/Contents/Developer/Platforms/MacOSX.platform/Developer/SDKs/MacOSX26.1.sdk/usr/include/sys/_types/_null.h
/Applications/Xcode.app/Contents/Developer/Platforms/MacOSX.platform/Developer/SDKs/MacOSX26.1.sdk/usr/include/sys/_pthread/_pthread_types.h
/Applications/Xcode.app/Contents/Developer/Platforms/MacOSX.platform/Developer/SDKs/MacOSX26.1.sdk/usr/include/machine/endian.h
/Applications/Xcode.app/Contents/Developer/Platforms/MacOSX.platform/Developer/SDKs/MacOSX26.1.sdk/usr/include/arm/endian.h
/Applications/Xcode.app/Contents/Developer/Platforms/MacOSX.platform/Developer/SDKs/MacOSX26.1.sdk/usr/include/sys/_endian.h
/Applications/Xcode.app/Contents/Developer/Platforms/MacOSX.platform/Developer/SDKs/MacOSX26.1.sdk/usr/include/libkern/_OSByteOrder.h
/Applications/Xcode.app/Contents/Developer/Platforms/MacOSX.platform/Developer/SDKs/MacOSX26.1.sdk/usr/include/libkern/arm/_OSByteOrder.h
/Applications/Xcode.app/Contents/Developer/Platforms/MacOSX.platform/Developer/SDKs/MacOSX26.1.sdk/usr/include/sys/_types/_caddr_t.h
/Applications/Xcode.app/Contents/Developer/Platforms/MacOSX.platform/Developer/SDKs/MacOSX26.1.sdk/usr/include/sys/_types/_dev_t.h
/Applications/Xcode.app/Contents/Developer/Platforms/MacOSX.platform/Developer/SDKs/MacOSX26.1.sdk/usr/include/sys/_types/_blkcnt_t.h
/Applications/Xcode.app/Contents/Developer/Platforms/MacOSX.platform/Developer/SDKs/MacOSX26.1.sdk/usr/include/sys/_types/_blksize_t.h
/Applications/Xcode.app/Contents/Developer/Platforms/MacOSX.platform/Developer/SDKs/MacOSX26.1.sdk/usr/include/sys/_types/_gid_t.h
/Applications/Xcode.app/Contents/Developer/Platforms/MacOSX.platform/Developer/SDKs/MacOSX26.1.sdk/usr/include/sys/_types/_in_addr_t.h
/Applications/Xcode.app/Contents/Developer/Platforms/MacOSX.platform/Developer/SDKs/MacOSX26.1.sdk/usr/include/sys/_types/_in_port_t.h
/Applications/Xcode.app/Contents/Developer/Platforms/MacOSX.platform/Developer/SDKs/MacOSX26.1.sdk/usr/include/sys/_types/_ino_t.h
/Applications/Xcode.app/Contents/Developer/Platforms/MacOSX.platform/Developer/SDKs/MacOSX26.1.sdk/usr/include/sys/_types/_ino64_t.h
/Applications/Xcode.app/Contents/Developer/Platforms/MacOSX.platform/Developer/SDKs/MacOSX26.1.sdk/usr/include/sys/_types/_key_t.h
/Applications/Xcode.app/Contents/Developer/Platforms/MacOSX.platform/Developer/SDKs/MacOSX26.1.sdk/usr/include/sys/_types/_mode_t.h
/Applications/Xcode.app/Contents/Developer/Platforms/MacOSX.platform/Developer/SDKs/MacOSX26.1.sdk/usr/include/sys/_types/_nlink_t.h
/Applications/Xcode.app/Contents/Developer/Platforms/MacOSX.platform/Developer/SDKs/MacOSX26.1.sdk/usr/include/sys/_types/_id_t.h
/Applications/Xcode.app/Contents/Developer/Platforms/MacOSX.platform/Developer/SDKs/MacOSX26.1.sdk/usr/include/sys/_types/_pid_t.h
/Applications/Xcode.app/Contents/Developer/Platforms/MacOSX.platform/Developer/SDKs/MacOSX26.1.sdk/usr/include/sys/_types/_off_t.h
/Applications/Xcode.app/Contents/Developer/Platforms/MacOSX.platform/Developer/SDKs/MacOSX26.1.sdk/usr/include/sys/_types/_uid_t.h
/Applications/Xcode.app/Contents/Developer/Platforms/MacOSX.platform/Developer/SDKs/MacOSX26.1.sdk/usr/include/sys/_types/_clock_t.h
/Applications/Xcode.app/Contents/Developer/Platforms/MacOSX.platform/Developer/SDKs/MacOSX26.1.sdk/usr/include/sys/_types/_ssize_t.h
/Applications/Xcode.app/Contents/Developer/Platforms/MacOSX.platform/Developer/SDKs/MacOSX26.1.sdk/usr/include/sys/_types/_time_t.h
/Applications/Xcode.app/Contents/Developer/Platforms/MacOSX.platform/Developer/SDKs/MacOSX26.1.sdk/usr/include/sys/_types/_useconds_t.h
/Applications/Xcode.app/Contents/Developer/Platforms/MacOSX.platform/Developer/SDKs/MacOSX26.1.sdk/usr/include/sys/_types/_suseconds_t.h
/Applications/Xcode.app/Contents/Developer/Platforms/MacOSX.platform/Developer/SDKs/MacOSX26.1.sdk/usr/include/sys/_types/_rsize_t.h
/Applications/Xcode.app/Contents/Developer/Platforms/MacOSX.platform/Developer/SDKs/MacOSX26.1.sdk/usr/include/sys/_types/_fd_def.h
/Applications/Xcode.app/Contents/Developer/Platforms/MacOSX.platform/Developer/SDKs/MacOSX26.1.sdk/usr/include/sys/_types/_fd_setsize.h
/Applications/Xcode.app/Contents/Developer/Platforms/MacOSX.platform/Developer/SDKs/MacOSX26.1.sdk/usr/include/sys/_types/_fd_set.h
/Applications/Xcode.app/Contents/Developer/Platforms/MacOSX.platform/Developer/SDKs/MacOSX26.1.sdk/usr/include/sys/_types/_fd_clr.h
/Applications/Xcode.app/Contents/Developer/Platforms/MacOSX.platform/Developer/SDKs/MacOSX26.1.sdk/usr/include/sys/_types/_fd_zero.h
/Applications/Xcode.app/Contents/Developer/Platforms/MacOSX.platform/Developer/SDKs/MacOSX26.1.sdk/usr/include/sys/_types/_fd_isset.h
/Applications/Xcode.app/Contents/Developer/Platforms/MacOSX.platform/Developer/SDKs/MacOSX26.1.sdk/usr/include/sys/_types/_fd_copy.h
/Applications/Xcode.app/Contents/Developer/Platforms/MacOSX.platform/Developer/SDKs/MacOSX26.1.sdk/usr/include/sys/_pthread/_pthread_attr_t.h
/Applications/Xcode.app/Contents/Developer/Platforms/MacOSX.platform/Developer/SDKs/MacOSX26.1.sdk/usr/include/sys/_pthread/_pthread_cond_t.h
/Applications/Xcode.app/Contents/Developer/Platforms/MacOSX.platform/Developer/SDKs/MacOSX26.1.sdk/usr/include/sys/_pthread/_pthread_condattr_t.h
/Applications/Xcode.app/Contents/Developer/Platforms/MacOSX.platform/Developer/SDKs/MacOSX26.1.sdk/usr/include/sys/_pthread/_pthread_mutex_t.h
/Applications/Xcode.app/Contents/Developer/Platforms/MacOSX.platform/Developer/SDKs/MacOSX26.1.sdk/usr/include/sys/_pthread/_pthread_mutexattr_t.h
/Applications/Xcode.app/Contents/Developer/Platforms/MacOSX.platform/Developer/SDKs/MacOSX26.1.sdk/usr/include/sys/_pthread/_pthread_once_t.h
/Applications/Xcode.app/Contents/Developer/Platforms/MacOSX.platform/Developer/SDKs/MacOSX26.1.sdk/usr/include/sys/_pthread/_pthread_rwlock_t.h
/Applications/Xcode.app/Contents/Developer/Platforms/MacOSX.platform/Developer/SDKs/MacOSX26.1.sdk/usr/include/sys/_pthread/_pthread_rwlockattr_t.h
/Applications/Xcode.app/Contents/Developer/Platforms/MacOSX.platform/Developer/SDKs/MacOSX26.1.sdk/usr/include/sys/_pthread/_pthread_t.h
/Applications/Xcode.app/Contents/Developer/Platforms/MacOSX.platform/Developer/SDKs/MacOSX26.1.sdk/usr/include/sys/_pthread/_pthread_key_t.h
/Applications/Xcode.app/Contents/Developer/Platforms/MacOSX.platform/Developer/SDKs/MacOSX26.1.sdk/usr/include/sys/_types/_fsblkcnt_t.h
/Applications/Xcode.app/Contents/Developer/Platforms/MacOSX.platform/Developer/SDKs/MacOSX26.1.sdk/usr/include/sys/_types/_fsfilcnt_t.h
/Applications/Xcode.app/Contents/Developer/Platforms/MacOSX.platform/Developer/SDKs/MacOSX26.1.sdk/usr/include/_types.h
/Applications/Xcode.app/Contents/Developer/Platforms/MacOSX.platform/Developer/SDKs/MacOSX26.1.sdk/usr/include/_types/_nl_item.h
/Applications/Xcode.app/Contents/Developer/Platforms/MacOSX.platform/Developer/SDKs/MacOSX26.1.sdk/usr/include/runetype.h
/Applications/Xcode.app/Contents/Developer/Platforms/MacOSX.platform/Developer/SDKs/MacOSX26.1.sdk/usr/include/sys/_types/_ct_rune_t.h
/Applications/Xcode.app/Contents/Developer/Platforms/MacOSX.platform/Developer/SDKs/MacOSX26.1.sdk/usr/include/sys/_types/_rune_t.h
/Applications/Xcode.app/Contents/Developer/Platforms/MacOSX.platform/Developer/SDKs/MacOSX26.1.sdk/usr/include/sys/_types/_wint_t.h
/Applications/Xcode.app/Contents/Developer/Platforms/MacOSX.platform/Developer/SDKs/MacOSX26.1.sdk/usr/include/alloca.h
/Applications/Xcode.app/Contents/Developer/Platforms/MacOSX.platform/Developer/SDKs/MacOSX26.1.sdk/usr/include/i386/endian.h
/Applications/Xcode.app/Contents/Developer/Platforms/MacOSX.platform/Developer/SDKs/MacOSX26.1.sdk/usr/include/libkern/i386/_OSByteOrder.h
/Applications/Xcode.app/Contents/Developer/Platforms/MacOSX.platform/Developer/SDKs/MacOSX26.1.sdk/usr/include/secure/_common.h
/Applications/Xcode.app/Contents/Developer/Platforms/MacOSX.platform/Developer/SDKs/MacOSX26.1.sdk/usr/include/sys/_types/_mach_port_t.h
/Applications/Xcode.app/Contents/Developer/Platforms/MacOSX.platform/Developer/SDKs/MacOSX26.1.sdk/usr/include/sys/_types/_offsetof.h
/Applications/Xcode.app/Contents/Developer/Platforms/MacOSX.platform/Developer/SDKs/MacOSX26.1.sdk/usr/include/_strings.h
/Applications/Xcode.app/Contents/Developer/Platforms/MacOSX.platform/Developer/SDKs/MacOSX26.1.sdk/usr/include/secure/_strings.h
/Applications/Xcode.app/Contents/Developer/Platforms/MacOSX.platform/Developer/SDKs/MacOSX26.1.sdk/usr/include/sys/_types/_timeval.h
/Applications/Xcode.app/Contents/Developer/Platforms/MacOSX.platform/Developer/SDKs/MacOSX26.1.sdk/usr/include/sys/_types/_uuid_t.h
/Applications/Xcode.app/Contents/Developer/Platforms/MacOSX.platform/Developer/SDKs/MacOSX26.1.sdk/usr/include/i386/types.h
/Applications/Xcode.app/Contents/Developer/Platforms/MacOSX.platform/Developer/SDKs/MacOSX26.1.sdk/usr/include/i386/_types.h
/Applications/Xcode.app/Contents/Developer/Platforms/MacOSX.platform/Developer/SDKs/MacOSX26.1.sdk/usr/include/_ctype.h
/Applications/Xcode.app/Contents/Developer/Platforms/MacOSX.platform/Developer/SDKs/MacOSX26.1.sdk/usr/include/xlocale/_ctype.h
/Applications/Xcode.app/Contents/Developer/Platforms/MacOSX.platform/Developer/SDKs/MacOSX26.1.sdk/usr/include/locale.h
/Applications/Xcode.app/Contents/Developer/Platforms/MacOSX.platform/Developer/SDKs/MacOSX26.1.sdk/usr/include/_locale.h
/Applications/Xcode.app/Contents/Developer/Platforms/MacOSX.platform/Developer/SDKs/MacOSX26.1.sdk/usr/include/_locale_posix2008.h
/Applications/Xcode.app/Contents/Developer/Platforms/MacOSX.platform/Developer/SDKs/MacOSX26.1.sdk/usr/include/stdint.h
/Applications/Xcode.app/Contents/Developer/Platforms/MacOSX.platform/Developer/SDKs/MacOSX26.1.sdk/usr/include/_types/_uint8_t.h
/Applications/Xcode.app/Contents/Developer/Platforms/MacOSX.platform/Developer/SDKs/MacOSX26.1.sdk/usr/include/_types/_uint16_t.h
/Applications/Xcode.app/Contents/Developer/Platforms/MacOSX.platform/Developer/SDKs/MacOSX26.1.sdk/usr/include/_types/_uint32_t.h
/Applications/Xcode.app/Contents/Developer/Platforms/MacOSX.platform/Developer/SDKs/MacOSX26.1.sdk/usr/include/_types/_uint64_t.h
/Applications/Xcode.app/Contents/Developer/Platforms/MacOSX.platform/Developer/SDKs/MacOSX26.1.sdk/usr/include/_types/_intmax_t.h
/Applications/Xcode.app/Contents/Developer/Platforms/MacOSX.platform/Developer/SDKs/MacOSX26.1.sdk/usr/include/_types/_uintmax_t.h
/Applications/Xcode.app/Contents/Developer/Platforms/MacOSX.platform/Developer/SDKs/MacOSX26.1.sdk/usr/include/_stdio.h
/Applications/Xcode.app/Contents/Developer/Platforms/MacOSX.platform/Developer/SDKs/MacOSX26.1.sdk/usr/include/sys/stdio.h
/Applications/Xcode.app/Contents/Developer/Platforms/MacOSX.platform/Developer/SDKs/MacOSX26.1.sdk/usr/include/_printf.h
/Applications/Xcode.app/Contents/Developer/Platforms/MacOSX.platform/Developer/SDKs/MacOSX26.1.sdk/usr/include/sys/_types/_seek_set.h
/Applications/Xcode.app/Contents/Developer/Platforms/MacOSX.platform/Developer/SDKs/MacOSX26.1.sdk/usr/include/_ctermid.h
/Applications/Xcode.app/Contents/Developer/Platforms/MacOSX.platform/Developer/SDKs/MacOSX26.1.sdk/usr/include/secure/_stdio.h
/Applications/Xcode.app/Contents/Developer/Platforms/MacOSX.platform/Developer/SDKs/MacOSX26.1.sdk/usr/include/xlocale/_stdio.h
/Applications/Xcode.app/Contents/Developer/Platforms/MacOSX.platform/Developer/SDKs/MacOSX26.1.sdk/usr/include/_string.h
/Applications/Xcode.app/Contents/Developer/Platforms/MacOSX.platform/Developer/SDKs/MacOSX26.1.sdk/usr/include/secure/_string.h
/Applications/Xcode.app/Contents/Developer/Platforms/MacOSX.platform/Developer/SDKs/MacOSX26.1.sdk/usr/include/xlocale/_string.h
/Applications/Xcode.app/Contents/Developer/Platforms/MacOSX.platform/Developer/SDKs/MacOSX26.1.sdk/usr/include/tgmath.h
/Applications/Xcode.app/Contents/Developer/Platforms/MacOSX.platform/Developer/SDKs/MacOSX26.1.sdk/usr/include/_time.h
/Applications/Xcode.app/Contents/Developer/Platforms/MacOSX.platform/Developer/SDKs/MacOSX26.1.sdk/usr/include/sys/_types/_timespec.h
/Applications/Xcode.app/Contents/Developer/Platforms/MacOSX.platform/Developer/SDKs/MacOSX26.1.sdk/usr/include/xlocale/_time.h
/Applications/Xcode.app/Contents/Developer/Platforms/MacOSX.platform/Developer/SDKs/MacOSX26.1.sdk/SDKSettings.json
/Applications/Xcode.app/Contents/Developer/Toolchains/XcodeDefault.xctoolchain/usr/lib/swift/macosx/prebuilt-modules/26.1/_DarwinFoundation2.swiftmodule/arm64e-apple-macos.swiftmodule
/Applications/Xcode.app/Contents/Developer/Toolchains/XcodeDefault.xctoolchain/usr/lib/swift/macosx/prebuilt-modules/26.1/_DarwinFoundation3.swiftmodule/arm64e-apple-macos.swiftmodule
/Applications/Xcode.app/Contents/Developer/Platforms/MacOSX.platform/Developer/SDKs/MacOSX26.1.sdk/usr/include/DarwinFoundation2.modulemap
/Applications/Xcode.app/Contents/Developer/Platforms/MacOSX.platform/Developer/SDKs/MacOSX26.1.sdk/usr/include/DarwinFoundation3.modulemap
/Applications/Xcode.app/Contents/Developer/Platforms/MacOSX.platform/Developer/SDKs/MacOSX26.1.sdk/usr/include/DarwinFoundation1.modulemap
/Applications/Xcode.app/Contents/Developer/Platforms/MacOSX.platform/Developer/SDKs/MacOSX26.1.sdk/usr/include/pthread/pthread.h
/Applications/Xcode.app/Contents/Developer/Platforms/MacOSX.platform/Developer/SDKs/MacOSX26.1.sdk/usr/include/pthread/sched.h
/Applications/Xcode.app/Contents/Developer/Platforms/MacOSX.platform/Developer/SDKs/MacOSX26.1.sdk/usr/include/pthread/pthread_impl.h
/Applications/Xcode.app/Contents/Developer/Platforms/MacOSX.platform/Developer/SDKs/MacOSX26.1.sdk/usr/include/time.h
/Applications/Xcode.app/Contents/Developer/Platforms/MacOSX.platform/Developer/SDKs/MacOSX26.1.sdk/usr/include/pthread/qos.h
/Applications/Xcode.app/Contents/Developer/Platforms/MacOSX.platform/Developer/SDKs/MacOSX26.1.sdk/usr/include/sys/_types/_sigset_t.h
/Applications/Xcode.app/Contents/Developer/Platforms/MacOSX.platform/Developer/SDKs/MacOSX26.1.sdk/usr/include/sys/resource.h
/Applications/Xcode.app/Contents/Developer/Toolchains/XcodeDefault.xctoolchain/usr/lib/swift/clang/include/module.modulemap
/Applications/Xcode.app/Contents/Developer/Platforms/MacOSX.platform/Developer/SDKs/MacOSX26.1.sdk/usr/include/sys/select.h
/Applications/Xcode.app/Contents/Developer/Platforms/MacOSX.platform/Developer/SDKs/MacOSX26.1.sdk/usr/include/sys/_select.h
/Applications/Xcode.app/Contents/Developer/Platforms/MacOSX.platform/Developer/SDKs/MacOSX26.1.sdk/usr/include/sys/wait.h
/Applications/Xcode.app/Contents/Developer/Platforms/MacOSX.platform/Developer/SDKs/MacOSX26.1.sdk/usr/include/sys/signal.h
/Applications/Xcode.app/Contents/Developer/Platforms/MacOSX.platform/Developer/SDKs/MacOSX26.1.sdk/usr/include/machine/signal.h
/Applications/Xcode.app/Contents/Developer/Platforms/MacOSX.platform/Developer/SDKs/MacOSX26.1.sdk/usr/include/arm/signal.h
/Applications/Xcode.app/Contents/Developer/Platforms/MacOSX.platform/Developer/SDKs/MacOSX26.1.sdk/usr/include/machine/_mcontext.h
/Applications/Xcode.app/Contents/Developer/Platforms/MacOSX.platform/Developer/SDKs/MacOSX26.1.sdk/usr/include/arm/_mcontext.h
/Applications/Xcode.app/Contents/Developer/Platforms/MacOSX.platform/Developer/SDKs/MacOSX26.1.sdk/usr/include/mach/machine/_structs.h
/Applications/Xcode.app/Contents/Developer/Platforms/MacOSX.platform/Developer/SDKs/MacOSX26.1.sdk/usr/include/mach/arm/_structs.h
/Applications/Xcode.app/Contents/Developer/Platforms/MacOSX.platform/Developer/SDKs/MacOSX26.1.sdk/usr/include/sys/_types/_sigaltstack.h
/Applications/Xcode.app/Contents/Developer/Platforms/MacOSX.platform/Developer/SDKs/MacOSX26.1.sdk/usr/include/sys/_types/_ucontext.h
/Applications/Xcode.app/Contents/Developer/Platforms/MacOSX.platform/Developer/SDKs/MacOSX26.1.sdk/usr/include/unistd.h
/Applications/Xcode.app/Contents/Developer/Platforms/MacOSX.platform/Developer/SDKs/MacOSX26.1.sdk/usr/include/sys/unistd.h
/Applications/Xcode.app/Contents/Developer/Platforms/MacOSX.platform/Developer/SDKs/MacOSX26.1.sdk/usr/include/sys/_types/_posix_vdisable.h
/Applications/Xcode.app/Contents/Developer/Platforms/MacOSX.platform/Developer/SDKs/MacOSX26.1.sdk/usr/include/gethostuuid.h
/Applications/Xcode.app/Contents/Developer/Platforms/MacOSX.platform/Developer/SDKs/MacOSX26.1.sdk/usr/include/mach/i386/_structs.h
/Applications/Xcode.app/Contents/Developer/Platforms/MacOSX.platform/Developer/SDKs/MacOSX26.1.sdk/usr/include/_inttypes.h
/Applications/Xcode.app/Contents/Developer/Platforms/MacOSX.platform/Developer/SDKs/MacOSX26.1.sdk/usr/include/xlocale/_inttypes.h
/Applications/Xcode.app/Contents/Developer/Toolchains/XcodeDefault.xctoolchain/usr/lib/swift/clang/include/stddef.h
/Applications/Xcode.app/Contents/Developer/Platforms/MacOSX.platform/Developer/SDKs/MacOSX26.1.sdk/usr/include/signal.h
/Applications/Xcode.app/Contents/Developer/Platforms/MacOSX.platform/Developer/SDKs/MacOSX26.1.sdk/usr/include/i386/signal.h
/Applications/Xcode.app/Contents/Developer/Platforms/MacOSX.platform/Developer/SDKs/MacOSX26.1.sdk/usr/include/i386/_mcontext.h
/Applications/Xcode.app/Contents/Developer/Platforms/MacOSX.platform/Developer/SDKs/MacOSX26.1.sdk/usr/include/_stdlib.h
/Applications/Xcode.app/Contents/Developer/Platforms/MacOSX.platform/Developer/SDKs/MacOSX26.1.sdk/usr/include/malloc/_malloc.h
/Applications/Xcode.app/Contents/Developer/Platforms/MacOSX.platform/Developer/SDKs/MacOSX26.1.sdk/usr/include/malloc/_malloc_type.h
/Applications/Xcode.app/Contents/Developer/Platforms/MacOSX.platform/Developer/SDKs/MacOSX26.1.sdk/usr/include/malloc/_ptrcheck.h
/Applications/Xcode.app/Contents/Developer/Platforms/MacOSX.platform/Developer/SDKs/MacOSX26.1.sdk/usr/include/_abort.h
/Applications/Xcode.app/Contents/Developer/Platforms/MacOSX.platform/Developer/SDKs/MacOSX26.1.sdk/usr/include/xlocale/_stdlib.h
/Applications/Xcode.app/Contents/Developer/Platforms/MacOSX.platform/Developer/SDKs/MacOSX26.1.sdk/usr/include/_wchar.h
/Applications/Xcode.app/Contents/Developer/Platforms/MacOSX.platform/Developer/SDKs/MacOSX26.1.sdk/usr/include/sys/_types/_mbstate_t.h
/Applications/Xcode.app/Contents/Developer/Toolchains/XcodeDefault.xctoolchain/usr/lib/swift/clang/include/stdarg.h
/Applications/Xcode.app/Contents/Developer/Platforms/MacOSX.platform/Developer/SDKs/MacOSX26.1.sdk/usr/include/stdio.h
/Applications/Xcode.app/Contents/Developer/Platforms/MacOSX.platform/Developer/SDKs/MacOSX26.1.sdk/usr/include/__wctype.h
/Applications/Xcode.app/Contents/Developer/Platforms/MacOSX.platform/Developer/SDKs/MacOSX26.1.sdk/usr/include/___wctype.h
/Applications/Xcode.app/Contents/Developer/Platforms/MacOSX.platform/Developer/SDKs/MacOSX26.1.sdk/usr/include/_types/_wctype_t.h
/Applications/Xcode.app/Contents/Developer/Platforms/MacOSX.platform/Developer/SDKs/MacOSX26.1.sdk/usr/include/ctype.h
/Applications/Xcode.app/Contents/Developer/Platforms/MacOSX.platform/Developer/SDKs/MacOSX26.1.sdk/usr/include/xlocale/_wchar.h
/Applications/Xcode.app/Contents/Developer/Platforms/MacOSX.platform/Developer/SDKs/MacOSX26.1.sdk/usr/include/_wctype.h
/Applications/Xcode.app/Contents/Developer/Platforms/MacOSX.platform/Developer/SDKs/MacOSX26.1.sdk/usr/include/_types/_wctrans_t.h
/Applications/Xcode.app/Contents/Developer/Platforms/MacOSX.platform/Developer/SDKs/MacOSX26.1.sdk/usr/include/xlocale/_wctype.h
/Applications/Xcode.app/Contents/Developer/Platforms/MacOSX.platform/Developer/SDKs/MacOSX26.1.sdk/usr/include/xlocale/___wctype.h
/Applications/Xcode.app/Contents/Developer/Platforms/MacOSX.platform/Developer/SDKs/MacOSX26.1.sdk/SDKSettings.json
/Applications/Xcode.app/Contents/Developer/Toolchains/XcodeDefault.xctoolchain/usr/lib/swift/macosx/prebuilt-modules/26.1/_StringProcessing.swiftmodule/arm64e-apple-macos.swiftmodule
/Applications/Xcode.app/Contents/Developer/Platforms/MacOSX.platform/Developer/SDKs/MacOSX26.1.sdk/usr/lib/swift/shims/module.modulemap
/Applications/Xcode.app/Contents/Developer/Platforms/MacOSX.platform/Developer/SDKs/MacOSX26.1.sdk/usr/lib/swift/shims/_SwiftConcurrency.h
/Applications/Xcode.app/Contents/Developer/Platforms/MacOSX.platform/Developer/SDKs/MacOSX26.1.sdk/SDKSettings.json
/Applications/Xcode.app/Contents/Developer/Platforms/MacOSX.platform/Developer/SDKs/MacOSX26.1.sdk/usr/include/launch.modulemap
/Applications/Xcode.app/Contents/Developer/Platforms/MacOSX.platform/Developer/SDKs/MacOSX26.1.sdk/usr/include/Darwin.modulemap
/Applications/Xcode.app/Contents/Developer/Platforms/MacOSX.platform/Developer/SDKs/MacOSX26.1.sdk/usr/include/Darwin_C.modulemap
/Applications/Xcode.app/Contents/Developer/Platforms/MacOSX.platform/Developer/SDKs/MacOSX26.1.sdk/usr/include/Darwin_POSIX.modulemap
/Applications/Xcode.app/Contents/Developer/Platforms/MacOSX.platform/Developer/SDKs/MacOSX26.1.sdk/usr/include/net.modulemap
/Applications/Xcode.app/Contents/Developer/Platforms/MacOSX.platform/Developer/SDKs/MacOSX26.1.sdk/usr/include/netinet.modulemap
/Applications/Xcode.app/Contents/Developer/Platforms/MacOSX.platform/Developer/SDKs/MacOSX26.1.sdk/usr/include/bank.modulemap
/Applications/Xcode.app/Contents/Developer/Platforms/MacOSX.platform/Developer/SDKs/MacOSX26.1.sdk/usr/include/Darwin_Mach.modulemap
/Applications/Xcode.app/Contents/Developer/Platforms/MacOSX.platform/Developer/SDKs/MacOSX26.1.sdk/usr/include/Darwin_Mach_machine.modulemap
/Applications/Xcode.app/Contents/Developer/Platforms/MacOSX.platform/Developer/SDKs/MacOSX26.1.sdk/usr/include/mach_debug.modulemap
/Applications/Xcode.app/Contents/Developer/Platforms/MacOSX.platform/Developer/SDKs/MacOSX26.1.sdk/usr/include/device.modulemap
/Applications/Xcode.app/Contents/Developer/Platforms/MacOSX.platform/Developer/SDKs/MacOSX26.1.sdk/usr/include/Darwin_machine.modulemap
/Applications/Xcode.app/Contents/Developer/Platforms/MacOSX.platform/Developer/SDKs/MacOSX26.1.sdk/usr/include/ncurses.modulemap
/Applications/Xcode.app/Contents/Developer/Platforms/MacOSX.platform/Developer/SDKs/MacOSX26.1.sdk/usr/include/netinet6.modulemap
/Applications/Xcode.app/Contents/Developer/Platforms/MacOSX.platform/Developer/SDKs/MacOSX26.1.sdk/usr/include/Darwin_sys.modulemap
/Applications/Xcode.app/Contents/Developer/Platforms/MacOSX.platform/Developer/SDKs/MacOSX26.1.sdk/usr/include/uuid.modulemap
/Applications/Xcode.app/Contents/Developer/Platforms/MacOSX.platform/Developer/SDKs/MacOSX26.1.sdk/usr/include/DarwinFoundation1.modulemap
/Applications/Xcode.app/Contents/Developer/Platforms/MacOSX.platform/Developer/SDKs/MacOSX26.1.sdk/usr/include/launch.h
/Applications/Xcode.app/Contents/Developer/Toolchains/XcodeDefault.xctoolchain/usr/lib/swift/clang/include/module.modulemap
/Applications/Xcode.app/Contents/Developer/Toolchains/XcodeDefault.xctoolchain/usr/lib/swift/clang/include/stddef.h
/Applications/Xcode.app/Contents/Developer/Platforms/MacOSX.platform/Developer/SDKs/MacOSX26.1.sdk/SDKSettings.json
/Applications/Xcode.app/Contents/Developer/Platforms/MacOSX.platform/Developer/SDKs/MacOSX26.1.sdk/usr/include/libDER/module.modulemap
/Applications/Xcode.app/Contents/Developer/Platforms/MacOSX.platform/Developer/SDKs/MacOSX26.1.sdk/usr/include/libDER/DERItem.h
/Applications/Xcode.app/Contents/Developer/Platforms/MacOSX.platform/Developer/SDKs/MacOSX26.1.sdk/usr/include/libDER/libDER_config.h
/Applications/Xcode.app/Contents/Developer/Toolchains/XcodeDefault.xctoolchain/usr/lib/swift/clang/include/module.modulemap
/Applications/Xcode.app/Contents/Developer/Toolchains/XcodeDefault.xctoolchain/usr/lib/swift/clang/include/stddef.h
/Applications/Xcode.app/Contents/Developer/Platforms/MacOSX.platform/Developer/SDKs/MacOSX26.1.sdk/usr/include/DarwinFoundation2.modulemap
/Applications/Xcode.app/Contents/Developer/Platforms/MacOSX.platform/Developer/SDKs/MacOSX26.1.sdk/usr/include/DarwinFoundation1.modulemap
/Applications/Xcode.app/Contents/Developer/Platforms/MacOSX.platform/Developer/SDKs/MacOSX26.1.sdk/usr/include/string.h
/Applications/Xcode.app/Contents/Developer/Platforms/MacOSX.platform/Developer/SDKs/MacOSX26.1.sdk/SDKSettings.json
/Applications/Xcode.app/Contents/Developer/Platforms/MacOSX.platform/Developer/SDKs/MacOSX26.1.sdk/usr/include/libkern.modulemap
/Applications/Xcode.app/Contents/Developer/Platforms/MacOSX.platform/Developer/SDKs/MacOSX26.1.sdk/usr/include/Darwin.modulemap
/Applications/Xcode.app/Contents/Developer/Platforms/MacOSX.platform/Developer/SDKs/MacOSX26.1.sdk/usr/include/Darwin_C.modulemap
/Applications/Xcode.app/Contents/Developer/Platforms/MacOSX.platform/Developer/SDKs/MacOSX26.1.sdk/usr/include/Darwin_POSIX.modulemap
/Applications/Xcode.app/Contents/Developer/Platforms/MacOSX.platform/Developer/SDKs/MacOSX26.1.sdk/usr/include/net.modulemap
/Applications/Xcode.app/Contents/Developer/Platforms/MacOSX.platform/Developer/SDKs/MacOSX26.1.sdk/usr/include/netinet.modulemap
/Applications/Xcode.app/Contents/Developer/Platforms/MacOSX.platform/Developer/SDKs/MacOSX26.1.sdk/usr/include/bank.modulemap
/Applications/Xcode.app/Contents/Developer/Platforms/MacOSX.platform/Developer/SDKs/MacOSX26.1.sdk/usr/include/Darwin_Mach.modulemap
/Applications/Xcode.app/Contents/Developer/Platforms/MacOSX.platform/Developer/SDKs/MacOSX26.1.sdk/usr/include/Darwin_Mach_machine.modulemap
/Applications/Xcode.app/Contents/Developer/Platforms/MacOSX.platform/Developer/SDKs/MacOSX26.1.sdk/usr/include/mach_debug.modulemap
/Applications/Xcode.app/Contents/Developer/Platforms/MacOSX.platform/Developer/SDKs/MacOSX26.1.sdk/usr/include/device.modulemap
/Applications/Xcode.app/Contents/Developer/Platforms/MacOSX.platform/Developer/SDKs/MacOSX26.1.sdk/usr/include/Darwin_machine.modulemap
/Applications/Xcode.app/Contents/Developer/Platforms/MacOSX.platform/Developer/SDKs/MacOSX26.1.sdk/usr/include/ncurses.modulemap
/Applications/Xcode.app/Contents/Developer/Platforms/MacOSX.platform/Developer/SDKs/MacOSX26.1.sdk/usr/include/netinet6.modulemap
/Applications/Xcode.app/Contents/Developer/Platforms/MacOSX.platform/Developer/SDKs/MacOSX26.1.sdk/usr/include/Darwin_sys.modulemap
/Applications/Xcode.app/Contents/Developer/Platforms/MacOSX.platform/Developer/SDKs/MacOSX26.1.sdk/usr/include/uuid.modulemap
/Applications/Xcode.app/Contents/Developer/Platforms/MacOSX.platform/Developer/SDKs/MacOSX26.1.sdk/usr/include/DarwinFoundation1.modulemap
/Applications/Xcode.app/Contents/Developer/Platforms/MacOSX.platform/Developer/SDKs/MacOSX26.1.sdk/usr/include/libkern/OSCacheControl.h
/Applications/Xcode.app/Contents/Developer/Toolchains/XcodeDefault.xctoolchain/usr/lib/swift/clang/include/module.modulemap
/Applications/Xcode.app/Contents/Developer/Toolchains/XcodeDefault.xctoolchain/usr/lib/swift/clang/include/stddef.h
/Applications/Xcode.app/Contents/Developer/Platforms/MacOSX.platform/Developer/SDKs/MacOSX26.1.sdk/usr/include/libkern/OSDebug.h
/Applications/Xcode.app/Contents/Developer/Platforms/MacOSX.platform/Developer/SDKs/MacOSX26.1.sdk/usr/include/libkern/OSReturn.h
/Applications/Xcode.app/Contents/Developer/Platforms/MacOSX.platform/Developer/SDKs/MacOSX26.1.sdk/usr/include/libkern/OSThermalNotification.h
/Applications/Xcode.app/Contents/Developer/Platforms/MacOSX.platform/Developer/SDKs/MacOSX26.1.sdk/usr/include/libkern/OSTypes.h
/Applications/Xcode.app/Contents/Developer/Platforms/MacOSX.platform/Developer/SDKs/MacOSX26.1.sdk/usr/include/libkern/OSKextLib.h
/Applications/Xcode.app/Contents/Developer/Platforms/MacOSX.platform/Developer/SDKs/MacOSX26.1.sdk/SDKSettings.json
/Applications/Xcode.app/Contents/Developer/Platforms/MacOSX.platform/Developer/SDKs/MacOSX26.1.sdk/usr/include/os.apinotes
/Applications/Xcode.app/Contents/Developer/Platforms/MacOSX.platform/Developer/SDKs/MacOSX26.1.sdk/usr/include/xpc.modulemap
/Applications/Xcode.app/Contents/Developer/Platforms/MacOSX.platform/Developer/SDKs/MacOSX26.1.sdk/usr/include/DarwinBasic.modulemap
/Applications/Xcode.app/Contents/Developer/Platforms/MacOSX.platform/Developer/SDKs/MacOSX26.1.sdk/usr/include/os.modulemap
/Applications/Xcode.app/Contents/Developer/Platforms/MacOSX.platform/Developer/SDKs/MacOSX26.1.sdk/usr/include/Darwin.modulemap
/Applications/Xcode.app/Contents/Developer/Platforms/MacOSX.platform/Developer/SDKs/MacOSX26.1.sdk/usr/include/Darwin_C.modulemap
/Applications/Xcode.app/Contents/Developer/Platforms/MacOSX.platform/Developer/SDKs/MacOSX26.1.sdk/usr/include/Darwin_POSIX.modulemap
/Applications/Xcode.app/Contents/Developer/Platforms/MacOSX.platform/Developer/SDKs/MacOSX26.1.sdk/usr/include/net.modulemap
/Applications/Xcode.app/Contents/Developer/Platforms/MacOSX.platform/Developer/SDKs/MacOSX26.1.sdk/usr/include/netinet.modulemap
/Applications/Xcode.app/Contents/Developer/Platforms/MacOSX.platform/Developer/SDKs/MacOSX26.1.sdk/usr/include/bank.modulemap
/Applications/Xcode.app/Contents/Developer/Platforms/MacOSX.platform/Developer/SDKs/MacOSX26.1.sdk/usr/include/Darwin_Mach.modulemap
/Applications/Xcode.app/Contents/Developer/Platforms/MacOSX.platform/Developer/SDKs/MacOSX26.1.sdk/usr/include/Darwin_Mach_machine.modulemap
/Applications/Xcode.app/Contents/Developer/Platforms/MacOSX.platform/Developer/SDKs/MacOSX26.1.sdk/usr/include/mach_debug.modulemap
/Applications/Xcode.app/Contents/Developer/Platforms/MacOSX.platform/Developer/SDKs/MacOSX26.1.sdk/usr/include/device.modulemap
/Applications/Xcode.app/Contents/Developer/Platforms/MacOSX.platform/Developer/SDKs/MacOSX26.1.sdk/usr/include/Darwin_machine.modulemap
/Applications/Xcode.app/Contents/Developer/Platforms/MacOSX.platform/Developer/SDKs/MacOSX26.1.sdk/usr/include/ncurses.modulemap
/Applications/Xcode.app/Contents/Developer/Platforms/MacOSX.platform/Developer/SDKs/MacOSX26.1.sdk/usr/include/netinet6.modulemap
/Applications/Xcode.app/Contents/Developer/Platforms/MacOSX.platform/Developer/SDKs/MacOSX26.1.sdk/usr/include/Darwin_sys.modulemap
/Applications/Xcode.app/Contents/Developer/Platforms/MacOSX.platform/Developer/SDKs/MacOSX26.1.sdk/usr/include/uuid.modulemap
/Applications/Xcode.app/Contents/Developer/Platforms/MacOSX.platform/Developer/SDKs/MacOSX26.1.sdk/usr/include/DarwinFoundation2.modulemap
/Applications/Xcode.app/Contents/Developer/Platforms/MacOSX.platform/Developer/SDKs/MacOSX26.1.sdk/usr/include/DarwinFoundation3.modulemap
/Applications/Xcode.app/Contents/Developer/Platforms/MacOSX.platform/Developer/SDKs/MacOSX26.1.sdk/usr/include/DarwinFoundation1.modulemap
/Applications/Xcode.app/Contents/Developer/Platforms/MacOSX.platform/Developer/SDKs/MacOSX26.1.sdk/usr/include/os/atomic.h
/Applications/Xcode.app/Contents/Developer/Toolchains/XcodeDefault.xctoolchain/usr/lib/swift/clang/include/module.modulemap
/Applications/Xcode.app/Contents/Developer/Platforms/MacOSX.platform/Developer/SDKs/MacOSX26.1.sdk/usr/include/os/overflow.h
/Applications/Xcode.app/Contents/Developer/Platforms/MacOSX.platform/Developer/SDKs/MacOSX26.1.sdk/usr/include/os/trace_base.h
/Applications/Xcode.app/Contents/Developer/Toolchains/XcodeDefault.xctoolchain/usr/lib/swift/clang/include/stdarg.h
/Applications/Xcode.app/Contents/Developer/Platforms/MacOSX.platform/Developer/SDKs/MacOSX26.1.sdk/usr/include/os/activity.h
/Applications/Xcode.app/Contents/Developer/Platforms/MacOSX.platform/Developer/SDKs/MacOSX26.1.sdk/usr/include/os/log.h
/Applications/Xcode.app/Contents/Developer/Platforms/MacOSX.platform/Developer/SDKs/MacOSX26.1.sdk/usr/include/os/trace.h
/Applications/Xcode.app/Contents/Developer/Platforms/MacOSX.platform/Developer/SDKs/MacOSX26.1.sdk/usr/include/os/signpost.h
/Applications/Xcode.app/Contents/Developer/Platforms/MacOSX.platform/Developer/SDKs/MacOSX26.1.sdk/usr/include/_modules/_os_lock.h
/Applications/Xcode.app/Contents/Developer/Platforms/MacOSX.platform/Developer/SDKs/MacOSX26.1.sdk/usr/include/_modules/_os_object.h
/Applications/Xcode.app/Contents/Developer/Platforms/MacOSX.platform/Developer/SDKs/MacOSX26.1.sdk/usr/include/_modules/_os_workgroup.h
/Applications/Xcode.app/Contents/Developer/Platforms/MacOSX.platform/Developer/SDKs/MacOSX26.1.sdk/SDKSettings.json
/Applications/Xcode.app/Contents/Developer/Toolchains/XcodeDefault.xctoolchain/usr/lib/swift/macosx/prebuilt-modules/26.1/os.swiftmodule/arm64e-apple-macos.swiftmodule
/Applications/Xcode.app/Contents/Developer/Platforms/MacOSX.platform/Developer/SDKs/MacOSX26.1.sdk/usr/include/os.modulemap
/Applications/Xcode.app/Contents/Developer/Platforms/MacOSX.platform/Developer/SDKs/MacOSX26.1.sdk/usr/include/ObjectiveC.modulemap
/Applications/Xcode.app/Contents/Developer/Platforms/MacOSX.platform/Developer/SDKs/MacOSX26.1.sdk/usr/include/Darwin.modulemap
/Applications/Xcode.app/Contents/Developer/Platforms/MacOSX.platform/Developer/SDKs/MacOSX26.1.sdk/usr/include/Darwin_C.modulemap
/Applications/Xcode.app/Contents/Developer/Platforms/MacOSX.platform/Developer/SDKs/MacOSX26.1.sdk/usr/include/Darwin_POSIX.modulemap
/Applications/Xcode.app/Contents/Developer/Platforms/MacOSX.platform/Developer/SDKs/MacOSX26.1.sdk/usr/include/net.modulemap
/Applications/Xcode.app/Contents/Developer/Platforms/MacOSX.platform/Developer/SDKs/MacOSX26.1.sdk/usr/include/netinet.modulemap
/Applications/Xcode.app/Contents/Developer/Platforms/MacOSX.platform/Developer/SDKs/MacOSX26.1.sdk/usr/include/bank.modulemap
/Applications/Xcode.app/Contents/Developer/Platforms/MacOSX.platform/Developer/SDKs/MacOSX26.1.sdk/usr/include/Darwin_Mach.modulemap
/Applications/Xcode.app/Contents/Developer/Platforms/MacOSX.platform/Developer/SDKs/MacOSX26.1.sdk/usr/include/Darwin_Mach_machine.modulemap
/Applications/Xcode.app/Contents/Developer/Platforms/MacOSX.platform/Developer/SDKs/MacOSX26.1.sdk/usr/include/mach_debug.modulemap
/Applications/Xcode.app/Contents/Developer/Platforms/MacOSX.platform/Developer/SDKs/MacOSX26.1.sdk/usr/include/device.modulemap
/Applications/Xcode.app/Contents/Developer/Platforms/MacOSX.platform/Developer/SDKs/MacOSX26.1.sdk/usr/include/Darwin_machine.modulemap
/Applications/Xcode.app/Contents/Developer/Platforms/MacOSX.platform/Developer/SDKs/MacOSX26.1.sdk/usr/include/ncurses.modulemap
/Applications/Xcode.app/Contents/Developer/Platforms/MacOSX.platform/Developer/SDKs/MacOSX26.1.sdk/usr/include/netinet6.modulemap
/Applications/Xcode.app/Contents/Developer/Platforms/MacOSX.platform/Developer/SDKs/MacOSX26.1.sdk/usr/include/Darwin_sys.modulemap
/Applications/Xcode.app/Contents/Developer/Platforms/MacOSX.platform/Developer/SDKs/MacOSX26.1.sdk/usr/include/uuid.modulemap
/Applications/Xcode.app/Contents/Developer/Platforms/MacOSX.platform/Developer/SDKs/MacOSX26.1.sdk/usr/include/DarwinFoundation1.modulemap
/Applications/Xcode.app/Contents/Developer/Platforms/MacOSX.platform/Developer/SDKs/MacOSX26.1.sdk/usr/include/os/object.h
/Applications/Xcode.app/Contents/Developer/Platforms/MacOSX.platform/Developer/SDKs/MacOSX26.1.sdk/SDKSettings.json
/Applications/Xcode.app/Contents/Developer/Platforms/MacOSX.platform/Developer/SDKs/MacOSX26.1.sdk/usr/include/os.modulemap
/Applications/Xcode.app/Contents/Developer/Platforms/MacOSX.platform/Developer/SDKs/MacOSX26.1.sdk/usr/include/Darwin.modulemap
/Applications/Xcode.app/Contents/Developer/Platforms/MacOSX.platform/Developer/SDKs/MacOSX26.1.sdk/usr/include/Darwin_C.modulemap
/Applications/Xcode.app/Contents/Developer/Platforms/MacOSX.platform/Developer/SDKs/MacOSX26.1.sdk/usr/include/Darwin_POSIX.modulemap
/Applications/Xcode.app/Contents/Developer/Platforms/MacOSX.platform/Developer/SDKs/MacOSX26.1.sdk/usr/include/net.modulemap
/Applications/Xcode.app/Contents/Developer/Platforms/MacOSX.platform/Developer/SDKs/MacOSX26.1.sdk/usr/include/netinet.modulemap
/Applications/Xcode.app/Contents/Developer/Platforms/MacOSX.platform/Developer/SDKs/MacOSX26.1.sdk/usr/include/bank.modulemap
/Applications/Xcode.app/Contents/Developer/Platforms/MacOSX.platform/Developer/SDKs/MacOSX26.1.sdk/usr/include/Darwin_Mach.modulemap
/Applications/Xcode.app/Contents/Developer/Platforms/MacOSX.platform/Developer/SDKs/MacOSX26.1.sdk/usr/include/Darwin_Mach_machine.modulemap
/Applications/Xcode.app/Contents/Developer/Platforms/MacOSX.platform/Developer/SDKs/MacOSX26.1.sdk/usr/include/mach_debug.modulemap
/Applications/Xcode.app/Contents/Developer/Platforms/MacOSX.platform/Developer/SDKs/MacOSX26.1.sdk/usr/include/device.modulemap
/Applications/Xcode.app/Contents/Developer/Platforms/MacOSX.platform/Developer/SDKs/MacOSX26.1.sdk/usr/include/Darwin_machine.modulemap
/Applications/Xcode.app/Contents/Developer/Platforms/MacOSX.platform/Developer/SDKs/MacOSX26.1.sdk/usr/include/ncurses.modulemap
/Applications/Xcode.app/Contents/Developer/Platforms/MacOSX.platform/Developer/SDKs/MacOSX26.1.sdk/usr/include/netinet6.modulemap
/Applications/Xcode.app/Contents/Developer/Platforms/MacOSX.platform/Developer/SDKs/MacOSX26.1.sdk/usr/include/Darwin_sys.modulemap
/Applications/Xcode.app/Contents/Developer/Platforms/MacOSX.platform/Developer/SDKs/MacOSX26.1.sdk/usr/include/uuid.modulemap
/Applications/Xcode.app/Contents/Developer/Platforms/MacOSX.platform/Developer/SDKs/MacOSX26.1.sdk/usr/include/DarwinFoundation2.modulemap
/Applications/Xcode.app/Contents/Developer/Platforms/MacOSX.platform/Developer/SDKs/MacOSX26.1.sdk/usr/include/DarwinFoundation3.modulemap
/Applications/Xcode.app/Contents/Developer/Platforms/MacOSX.platform/Developer/SDKs/MacOSX26.1.sdk/usr/include/DarwinFoundation1.modulemap
/Applications/Xcode.app/Contents/Developer/Platforms/MacOSX.platform/Developer/SDKs/MacOSX26.1.sdk/usr/include/os/workgroup.h
/Applications/Xcode.app/Contents/Developer/Platforms/MacOSX.platform/Developer/SDKs/MacOSX26.1.sdk/usr/include/os/workgroup_base.h
/Applications/Xcode.app/Contents/Developer/Toolchains/XcodeDefault.xctoolchain/usr/lib/swift/clang/include/module.modulemap
/Applications/Xcode.app/Contents/Developer/Toolchains/XcodeDefault.xctoolchain/usr/lib/swift/clang/include/stddef.h
/Applications/Xcode.app/Contents/Developer/Platforms/MacOSX.platform/Developer/SDKs/MacOSX26.1.sdk/usr/include/string.h
/Applications/Xcode.app/Contents/Developer/Platforms/MacOSX.platform/Developer/SDKs/MacOSX26.1.sdk/usr/include/stdlib.h
/Applications/Xcode.app/Contents/Developer/Platforms/MacOSX.platform/Developer/SDKs/MacOSX26.1.sdk/usr/include/os/workgroup_object.h
/Applications/Xcode.app/Contents/Developer/Platforms/MacOSX.platform/Developer/SDKs/MacOSX26.1.sdk/usr/include/os/workgroup_interval.h
/Applications/Xcode.app/Contents/Developer/Platforms/MacOSX.platform/Developer/SDKs/MacOSX26.1.sdk/usr/include/os/workgroup_parallel.h
/Applications/Xcode.app/Contents/Developer/Platforms/MacOSX.platform/Developer/SDKs/MacOSX26.1.sdk/SDKSettings.json
/Applications/Xcode.app/Contents/Developer/Toolchains/XcodeDefault.xctoolchain/usr/lib/swift/clang/include/module.modulemap
/Applications/Xcode.app/Contents/Developer/Toolchains/XcodeDefault.xctoolchain/usr/lib/swift/clang/include/ptrauth.h
/Applications/Xcode.app/Contents/Developer/Platforms/MacOSX.platform/Developer/SDKs/MacOSX26.1.sdk/SDKSettings.json
/Applications/Xcode.app/Contents/Developer/Toolchains/XcodeDefault.xctoolchain/usr/lib/swift/clang/include/module.modulemap
/Applications/Xcode.app/Contents/Developer/Toolchains/XcodeDefault.xctoolchain/usr/lib/swift/clang/include/ptrcheck.h
/Applications/Xcode.app/Contents/Developer/Platforms/MacOSX.platform/Developer/SDKs/MacOSX26.1.sdk/SDKSettings.json
/Applications/Xcode.app/Contents/Developer/Platforms/MacOSX.platform/Developer/SDKs/MacOSX26.1.sdk/usr/include/simd/module.modulemap
/Applications/Xcode.app/Contents/Developer/Platforms/MacOSX.platform/Developer/SDKs/MacOSX26.1.sdk/usr/include/simd/simd.h
/Applications/Xcode.app/Contents/Developer/Platforms/MacOSX.platform/Developer/SDKs/MacOSX26.1.sdk/usr/include/simd/vector.h
/Applications/Xcode.app/Contents/Developer/Platforms/MacOSX.platform/Developer/SDKs/MacOSX26.1.sdk/usr/include/simd/vector_types.h
/Applications/Xcode.app/Contents/Developer/Platforms/MacOSX.platform/Developer/SDKs/MacOSX26.1.sdk/usr/include/simd/base.h
/Applications/Xcode.app/Contents/Developer/Platforms/MacOSX.platform/Developer/SDKs/MacOSX26.1.sdk/usr/include/DarwinFoundation1.modulemap
/Applications/Xcode.app/Contents/Developer/Toolchains/XcodeDefault.xctoolchain/usr/lib/swift/clang/include/module.modulemap
/Applications/Xcode.app/Contents/Developer/Platforms/MacOSX.platform/Developer/SDKs/MacOSX26.1.sdk/usr/include/simd/packed.h
/Applications/Xcode.app/Contents/Developer/Platforms/MacOSX.platform/Developer/SDKs/MacOSX26.1.sdk/usr/include/simd/vector_make.h
/Applications/Xcode.app/Contents/Developer/Toolchains/XcodeDefault.xctoolchain/usr/lib/swift/clang/include/stddef.h
/Applications/Xcode.app/Contents/Developer/Platforms/MacOSX.platform/Developer/SDKs/MacOSX26.1.sdk/usr/include/simd/logic.h
/Applications/Xcode.app/Contents/Developer/Platforms/MacOSX.platform/Developer/SDKs/MacOSX26.1.sdk/usr/include/simd/math.h
/Applications/Xcode.app/Contents/Developer/Platforms/MacOSX.platform/Developer/SDKs/MacOSX26.1.sdk/usr/include/simd/common.h
/Applications/Xcode.app/Contents/Developer/Platforms/MacOSX.platform/Developer/SDKs/MacOSX26.1.sdk/usr/include/simd/geometry.h
/Applications/Xcode.app/Contents/Developer/Platforms/MacOSX.platform/Developer/SDKs/MacOSX26.1.sdk/usr/include/simd/extern.h
/Applications/Xcode.app/Contents/Developer/Platforms/MacOSX.platform/Developer/SDKs/MacOSX26.1.sdk/usr/include/simd/types.h
/Applications/Xcode.app/Contents/Developer/Platforms/MacOSX.platform/Developer/SDKs/MacOSX26.1.sdk/usr/include/simd/conversion.h
/Applications/Xcode.app/Contents/Developer/Platforms/MacOSX.platform/Developer/SDKs/MacOSX26.1.sdk/usr/include/simd/matrix.h
/Applications/Xcode.app/Contents/Developer/Platforms/MacOSX.platform/Developer/SDKs/MacOSX26.1.sdk/usr/include/simd/matrix_types.h
/Applications/Xcode.app/Contents/Developer/Platforms/MacOSX.platform/Developer/SDKs/MacOSX26.1.sdk/usr/include/simd/quaternion.h
/Applications/Xcode.app/Contents/Developer/Platforms/MacOSX.platform/Developer/SDKs/MacOSX26.1.sdk/SDKSettings.json
/Applications/Xcode.app/Contents/Developer/Toolchains/XcodeDefault.xctoolchain/usr/lib/swift/macosx/prebuilt-modules/26.1/simd.swiftmodule/arm64e-apple-macos.swiftmodule
/Applications/Xcode.app/Contents/Developer/Platforms/MacOSX.platform/Developer/SDKs/MacOSX26.1.sdk/usr/include/DarwinFoundation2.modulemap
/Applications/Xcode.app/Contents/Developer/Platforms/MacOSX.platform/Developer/SDKs/MacOSX26.1.sdk/usr/include/_modules/_sys_types.h
/Applications/Xcode.app/Contents/Developer/Platforms/MacOSX.platform/Developer/SDKs/MacOSX26.1.sdk/SDKSettings.json

SwiftDriverJobDiscovery normal arm64 Compiling Never+CasePathable.swift (in target 'CasePathsCore' from project 'swift-case-paths')

SwiftMergeGeneratedHeaders /Users/rogerlin/Library/Developer/Xcode/DerivedData/FinancialCalculatorKit-ackorybalcxbfocbkqsfdzcfkgmn/Build/Intermediates.noindex/GeneratedModuleMaps/LaTeXSwiftUI-Swift.h /Users/rogerlin/Library/Developer/Xcode/DerivedData/FinancialCalculatorKit-ackorybalcxbfocbkqsfdzcfkgmn/Build/Intermediates.noindex/LaTeXSwiftUI.build/Debug/LaTeXSwiftUI.build/Objects-normal/arm64/LaTeXSwiftUI-Swift.h (in target 'LaTeXSwiftUI' from project 'LaTeXSwiftUI')
    cd /Users/rogerlin/Library/Developer/Xcode/DerivedData/FinancialCalculatorKit-ackorybalcxbfocbkqsfdzcfkgmn/SourcePackages/checkouts/LaTeXSwiftUI
    builtin-swiftHeaderTool -arch arm64 /Users/rogerlin/Library/Developer/Xcode/DerivedData/FinancialCalculatorKit-ackorybalcxbfocbkqsfdzcfkgmn/Build/Intermediates.noindex/LaTeXSwiftUI.build/Debug/LaTeXSwiftUI.build/Objects-normal/arm64/LaTeXSwiftUI-Swift.h -o /Users/rogerlin/Library/Developer/Xcode/DerivedData/FinancialCalculatorKit-ackorybalcxbfocbkqsfdzcfkgmn/Build/Intermediates.noindex/GeneratedModuleMaps/LaTeXSwiftUI-Swift.h

    Task input dependencies:
        /Users/rogerlin/Library/Developer/Xcode/DerivedData/FinancialCalculatorKit-ackorybalcxbfocbkqsfdzcfkgmn/Build/Intermediates.noindex/LaTeXSwiftUI.build/Debug/LaTeXSwiftUI.build/Objects-normal/arm64/LaTeXSwiftUI-Swift.h

    Task output dependencies:
        /Users/rogerlin/Library/Developer/Xcode/DerivedData/FinancialCalculatorKit-ackorybalcxbfocbkqsfdzcfkgmn/Build/Intermediates.noindex/GeneratedModuleMaps/LaTeXSwiftUI-Swift.h

Copy /Users/rogerlin/Library/Developer/Xcode/DerivedData/FinancialCalculatorKit-ackorybalcxbfocbkqsfdzcfkgmn/Build/Products/Debug/LaTeXSwiftUI.swiftmodule/arm64-apple-macos.swiftmodule /Users/rogerlin/Library/Developer/Xcode/DerivedData/FinancialCalculatorKit-ackorybalcxbfocbkqsfdzcfkgmn/Build/Intermediates.noindex/LaTeXSwiftUI.build/Debug/LaTeXSwiftUI.build/Objects-normal/arm64/LaTeXSwiftUI.swiftmodule (in target 'LaTeXSwiftUI' from project 'LaTeXSwiftUI')
    cd /Users/rogerlin/Library/Developer/Xcode/DerivedData/FinancialCalculatorKit-ackorybalcxbfocbkqsfdzcfkgmn/SourcePackages/checkouts/LaTeXSwiftUI
    builtin-copy -exclude .DS_Store -exclude CVS -exclude .svn -exclude .git -exclude .hg -resolve-src-symlinks -rename /Users/rogerlin/Library/Developer/Xcode/DerivedData/FinancialCalculatorKit-ackorybalcxbfocbkqsfdzcfkgmn/Build/Intermediates.noindex/LaTeXSwiftUI.build/Debug/LaTeXSwiftUI.build/Objects-normal/arm64/LaTeXSwiftUI.swiftmodule /Users/rogerlin/Library/Developer/Xcode/DerivedData/FinancialCalculatorKit-ackorybalcxbfocbkqsfdzcfkgmn/Build/Products/Debug/LaTeXSwiftUI.swiftmodule/arm64-apple-macos.swiftmodule

    Task input dependencies:
        /Users/rogerlin/Library/Developer/Xcode/DerivedData/FinancialCalculatorKit-ackorybalcxbfocbkqsfdzcfkgmn/Build/Intermediates.noindex/LaTeXSwiftUI.build/Debug/LaTeXSwiftUI.build/Objects-normal/arm64/LaTeXSwiftUI.swiftmodule/

    Task output dependencies:
        /Users/rogerlin/Library/Developer/Xcode/DerivedData/FinancialCalculatorKit-ackorybalcxbfocbkqsfdzcfkgmn/Build/Products/Debug/LaTeXSwiftUI.swiftmodule/arm64-apple-macos.swiftmodule

Copy /Users/rogerlin/Library/Developer/Xcode/DerivedData/FinancialCalculatorKit-ackorybalcxbfocbkqsfdzcfkgmn/Build/Products/Debug/LaTeXSwiftUI.swiftmodule/arm64-apple-macos.swiftdoc /Users/rogerlin/Library/Developer/Xcode/DerivedData/FinancialCalculatorKit-ackorybalcxbfocbkqsfdzcfkgmn/Build/Intermediates.noindex/LaTeXSwiftUI.build/Debug/LaTeXSwiftUI.build/Objects-normal/arm64/LaTeXSwiftUI.swiftdoc (in target 'LaTeXSwiftUI' from project 'LaTeXSwiftUI')
    cd /Users/rogerlin/Library/Developer/Xcode/DerivedData/FinancialCalculatorKit-ackorybalcxbfocbkqsfdzcfkgmn/SourcePackages/checkouts/LaTeXSwiftUI
    builtin-copy -exclude .DS_Store -exclude CVS -exclude .svn -exclude .git -exclude .hg -resolve-src-symlinks -rename /Users/rogerlin/Library/Developer/Xcode/DerivedData/FinancialCalculatorKit-ackorybalcxbfocbkqsfdzcfkgmn/Build/Intermediates.noindex/LaTeXSwiftUI.build/Debug/LaTeXSwiftUI.build/Objects-normal/arm64/LaTeXSwiftUI.swiftdoc /Users/rogerlin/Library/Developer/Xcode/DerivedData/FinancialCalculatorKit-ackorybalcxbfocbkqsfdzcfkgmn/Build/Products/Debug/LaTeXSwiftUI.swiftmodule/arm64-apple-macos.swiftdoc

    Task input dependencies:
        /Users/rogerlin/Library/Developer/Xcode/DerivedData/FinancialCalculatorKit-ackorybalcxbfocbkqsfdzcfkgmn/Build/Intermediates.noindex/LaTeXSwiftUI.build/Debug/LaTeXSwiftUI.build/Objects-normal/arm64/LaTeXSwiftUI.swiftdoc/

    Task output dependencies:
        /Users/rogerlin/Library/Developer/Xcode/DerivedData/FinancialCalculatorKit-ackorybalcxbfocbkqsfdzcfkgmn/Build/Products/Debug/LaTeXSwiftUI.swiftmodule/arm64-apple-macos.swiftdoc

Copy /Users/rogerlin/Library/Developer/Xcode/DerivedData/FinancialCalculatorKit-ackorybalcxbfocbkqsfdzcfkgmn/Build/Products/Debug/LaTeXSwiftUI.swiftmodule/arm64-apple-macos.abi.json /Users/rogerlin/Library/Developer/Xcode/DerivedData/FinancialCalculatorKit-ackorybalcxbfocbkqsfdzcfkgmn/Build/Intermediates.noindex/LaTeXSwiftUI.build/Debug/LaTeXSwiftUI.build/Objects-normal/arm64/LaTeXSwiftUI.abi.json (in target 'LaTeXSwiftUI' from project 'LaTeXSwiftUI')
    cd /Users/rogerlin/Library/Developer/Xcode/DerivedData/FinancialCalculatorKit-ackorybalcxbfocbkqsfdzcfkgmn/SourcePackages/checkouts/LaTeXSwiftUI
    builtin-copy -exclude .DS_Store -exclude CVS -exclude .svn -exclude .git -exclude .hg -resolve-src-symlinks -rename /Users/rogerlin/Library/Developer/Xcode/DerivedData/FinancialCalculatorKit-ackorybalcxbfocbkqsfdzcfkgmn/Build/Intermediates.noindex/LaTeXSwiftUI.build/Debug/LaTeXSwiftUI.build/Objects-normal/arm64/LaTeXSwiftUI.abi.json /Users/rogerlin/Library/Developer/Xcode/DerivedData/FinancialCalculatorKit-ackorybalcxbfocbkqsfdzcfkgmn/Build/Products/Debug/LaTeXSwiftUI.swiftmodule/arm64-apple-macos.abi.json

    Task input dependencies:
        /Users/rogerlin/Library/Developer/Xcode/DerivedData/FinancialCalculatorKit-ackorybalcxbfocbkqsfdzcfkgmn/Build/Intermediates.noindex/LaTeXSwiftUI.build/Debug/LaTeXSwiftUI.build/Objects-normal/arm64/LaTeXSwiftUI.abi.json/

    Task output dependencies:
        /Users/rogerlin/Library/Developer/Xcode/DerivedData/FinancialCalculatorKit-ackorybalcxbfocbkqsfdzcfkgmn/Build/Products/Debug/LaTeXSwiftUI.swiftmodule/arm64-apple-macos.abi.json

Copy /Users/rogerlin/Library/Developer/Xcode/DerivedData/FinancialCalculatorKit-ackorybalcxbfocbkqsfdzcfkgmn/Build/Products/Debug/LaTeXSwiftUI.swiftmodule/Project/arm64-apple-macos.swiftsourceinfo /Users/rogerlin/Library/Developer/Xcode/DerivedData/FinancialCalculatorKit-ackorybalcxbfocbkqsfdzcfkgmn/Build/Intermediates.noindex/LaTeXSwiftUI.build/Debug/LaTeXSwiftUI.build/Objects-normal/arm64/LaTeXSwiftUI.swiftsourceinfo (in target 'LaTeXSwiftUI' from project 'LaTeXSwiftUI')
    cd /Users/rogerlin/Library/Developer/Xcode/DerivedData/FinancialCalculatorKit-ackorybalcxbfocbkqsfdzcfkgmn/SourcePackages/checkouts/LaTeXSwiftUI
    builtin-copy -exclude .DS_Store -exclude CVS -exclude .svn -exclude .git -exclude .hg -resolve-src-symlinks -rename /Users/rogerlin/Library/Developer/Xcode/DerivedData/FinancialCalculatorKit-ackorybalcxbfocbkqsfdzcfkgmn/Build/Intermediates.noindex/LaTeXSwiftUI.build/Debug/LaTeXSwiftUI.build/Objects-normal/arm64/LaTeXSwiftUI.swiftsourceinfo /Users/rogerlin/Library/Developer/Xcode/DerivedData/FinancialCalculatorKit-ackorybalcxbfocbkqsfdzcfkgmn/Build/Products/Debug/LaTeXSwiftUI.swiftmodule/Project/arm64-apple-macos.swiftsourceinfo

    Task input dependencies:
        /Users/rogerlin/Library/Developer/Xcode/DerivedData/FinancialCalculatorKit-ackorybalcxbfocbkqsfdzcfkgmn/Build/Intermediates.noindex/LaTeXSwiftUI.build/Debug/LaTeXSwiftUI.build/Objects-normal/arm64/LaTeXSwiftUI.swiftsourceinfo/

    Task output dependencies:
        /Users/rogerlin/Library/Developer/Xcode/DerivedData/FinancialCalculatorKit-ackorybalcxbfocbkqsfdzcfkgmn/Build/Products/Debug/LaTeXSwiftUI.swiftmodule/Project/arm64-apple-macos.swiftsourceinfo

SwiftCompile normal arm64 Compiling\ AnyCasePath.swift /Users/rogerlin/Library/Developer/Xcode/DerivedData/FinancialCalculatorKit-ackorybalcxbfocbkqsfdzcfkgmn/SourcePackages/checkouts/swift-case-paths/Sources/CasePathsCore/AnyCasePath.swift (in target 'CasePathsCore' from project 'swift-case-paths')
/Applications/Xcode.app/Contents/Developer/Toolchains/XcodeDefault.xctoolchain/usr/bin/swift-frontend -frontend -c -primary-file /Users/rogerlin/Library/Developer/Xcode/DerivedData/FinancialCalculatorKit-ackorybalcxbfocbkqsfdzcfkgmn/SourcePackages/checkouts/swift-case-paths/Sources/CasePathsCore/AnyCasePath.swift /Users/rogerlin/Library/Developer/Xcode/DerivedData/FinancialCalculatorKit-ackorybalcxbfocbkqsfdzcfkgmn/SourcePackages/checkouts/swift-case-paths/Sources/CasePathsCore/CasePathIterable.swift /Users/rogerlin/Library/Developer/Xcode/DerivedData/FinancialCalculatorKit-ackorybalcxbfocbkqsfdzcfkgmn/SourcePackages/checkouts/swift-case-paths/Sources/CasePathsCore/CasePathReflectable.swift /Users/rogerlin/Library/Developer/Xcode/DerivedData/FinancialCalculatorKit-ackorybalcxbfocbkqsfdzcfkgmn/SourcePackages/checkouts/swift-case-paths/Sources/CasePathsCore/CasePathable.swift /Users/rogerlin/Library/Developer/Xcode/DerivedData/FinancialCalculatorKit-ackorybalcxbfocbkqsfdzcfkgmn/SourcePackages/checkouts/swift-case-paths/Sources/CasePathsCore/Internal/KeyPath+Sendable.swift /Users/rogerlin/Library/Developer/Xcode/DerivedData/FinancialCalculatorKit-ackorybalcxbfocbkqsfdzcfkgmn/SourcePackages/checkouts/swift-case-paths/Sources/CasePathsCore/Internal/TypeName.swift /Users/rogerlin/Library/Developer/Xcode/DerivedData/FinancialCalculatorKit-ackorybalcxbfocbkqsfdzcfkgmn/SourcePackages/checkouts/swift-case-paths/Sources/CasePathsCore/Internal/UncheckedSendable.swift /Users/rogerlin/Library/Developer/Xcode/DerivedData/FinancialCalculatorKit-ackorybalcxbfocbkqsfdzcfkgmn/SourcePackages/checkouts/swift-case-paths/Sources/CasePathsCore/Never+CasePathable.swift /Users/rogerlin/Library/Developer/Xcode/DerivedData/FinancialCalculatorKit-ackorybalcxbfocbkqsfdzcfkgmn/SourcePackages/checkouts/swift-case-paths/Sources/CasePathsCore/Optional+CasePathable.swift /Users/rogerlin/Library/Developer/Xcode/DerivedData/FinancialCalculatorKit-ackorybalcxbfocbkqsfdzcfkgmn/SourcePackages/checkouts/swift-case-paths/Sources/CasePathsCore/Result+CasePathable.swift -emit-dependencies-path /Users/rogerlin/Library/Developer/Xcode/DerivedData/FinancialCalculatorKit-ackorybalcxbfocbkqsfdzcfkgmn/Build/Intermediates.noindex/swift-case-paths.build/Debug/CasePathsCore.build/Objects-normal/arm64/AnyCasePath.d -emit-const-values-path /Users/rogerlin/Library/Developer/Xcode/DerivedData/FinancialCalculatorKit-ackorybalcxbfocbkqsfdzcfkgmn/Build/Intermediates.noindex/swift-case-paths.build/Debug/CasePathsCore.build/Objects-normal/arm64/AnyCasePath.swiftconstvalues -emit-reference-dependencies-path /Users/rogerlin/Library/Developer/Xcode/DerivedData/FinancialCalculatorKit-ackorybalcxbfocbkqsfdzcfkgmn/Build/Intermediates.noindex/swift-case-paths.build/Debug/CasePathsCore.build/Objects-normal/arm64/AnyCasePath.swiftdeps -serialize-diagnostics-path /Users/rogerlin/Library/Developer/Xcode/DerivedData/FinancialCalculatorKit-ackorybalcxbfocbkqsfdzcfkgmn/Build/Intermediates.noindex/swift-case-paths.build/Debug/CasePathsCore.build/Objects-normal/arm64/AnyCasePath.dia -target arm64-apple-macos10.15 -load-resolved-plugin /Applications/Xcode.app/Contents/Developer/Platforms/MacOSX.platform/Developer/usr/lib/swift/host/plugins/libFoundationMacros.dylib\#/Applications/Xcode.app/Contents/Developer/Platforms/MacOSX.platform/Developer/usr/bin/swift-plugin-server\#FoundationMacros -load-resolved-plugin /Applications/Xcode.app/Contents/Developer/Platforms/MacOSX.platform/Developer/usr/lib/swift/host/plugins/libObservationMacros.dylib\#/Applications/Xcode.app/Contents/Developer/Platforms/MacOSX.platform/Developer/usr/bin/swift-plugin-server\#ObservationMacros -load-resolved-plugin /Applications/Xcode.app/Contents/Developer/Platforms/MacOSX.platform/Developer/usr/lib/swift/host/plugins/libSwiftMacros.dylib\#/Applications/Xcode.app/Contents/Developer/Platforms/MacOSX.platform/Developer/usr/bin/swift-plugin-server\#SwiftMacros -disable-implicit-swift-modules -Xcc -fno-implicit-modules -Xcc -fno-implicit-module-maps -explicit-swift-module-map-file /Users/rogerlin/Library/Developer/Xcode/DerivedData/FinancialCalculatorKit-ackorybalcxbfocbkqsfdzcfkgmn/Build/Intermediates.noindex/swift-case-paths.build/Debug/CasePathsCore.build/Objects-normal/arm64/CasePathsCore-dependencies-1.json -Xllvm -aarch64-use-tbi -enable-objc-interop -stack-check -sdk /Applications/Xcode.app/Contents/Developer/Platforms/MacOSX.platform/Developer/SDKs/MacOSX26.1.sdk -I /Users/rogerlin/Library/Developer/Xcode/DerivedData/FinancialCalculatorKit-ackorybalcxbfocbkqsfdzcfkgmn/Build/Products/Debug -Isystem /Applications/Xcode.app/Contents/Developer/Platforms/MacOSX.platform/Developer/usr/lib -F /Users/rogerlin/Library/Developer/Xcode/DerivedData/FinancialCalculatorKit-ackorybalcxbfocbkqsfdzcfkgmn/Build/Products/Debug/PackageFrameworks -F /Users/rogerlin/Library/Developer/Xcode/DerivedData/FinancialCalculatorKit-ackorybalcxbfocbkqsfdzcfkgmn/Build/Products/Debug/PackageFrameworks -F /Users/rogerlin/Library/Developer/Xcode/DerivedData/FinancialCalculatorKit-ackorybalcxbfocbkqsfdzcfkgmn/Build/Products/Debug -F /Applications/Xcode.app/Contents/Developer/Platforms/MacOSX.platform/Developer/Library/Frameworks -no-color-diagnostics -Xcc -fno-color-diagnostics -enable-testing -g -debug-info-format\=dwarf -dwarf-version\=4 -module-cache-path /Users/rogerlin/Library/Developer/Xcode/DerivedData/FinancialCalculatorKit-ackorybalcxbfocbkqsfdzcfkgmn/Build/Intermediates.noindex/SwiftExplicitPrecompiledModules -suppress-warnings -profile-generate -profile-coverage-mapping -swift-version 6 -enforce-exclusivity\=checked -Onone -D SWIFT_PACKAGE -D DEBUG -D SWIFT_MODULE_RESOURCE_BUNDLE_UNAVAILABLE -D Xcode -serialize-debugging-options -const-gather-protocols-file /Users/rogerlin/Library/Developer/Xcode/DerivedData/FinancialCalculatorKit-ackorybalcxbfocbkqsfdzcfkgmn/Build/Intermediates.noindex/swift-case-paths.build/Debug/CasePathsCore.build/Objects-normal/arm64/CasePathsCore_const_extract_protocols.json -enable-experimental-feature DebugDescriptionMacro -empty-abi-descriptor -user-module-version 1.7.0 -validate-clang-modules-once -clang-build-session-file /Users/rogerlin/Library/Developer/Xcode/DerivedData/ModuleCache.noindex/Session.modulevalidation -Xcc -working-directory -Xcc /Users/rogerlin/XCode-Projects/FinancialCalculatorKit-5.0-updated-accent-colors/FinancialCalculatorKit.xcodeproj -enable-anonymous-context-mangled-names -file-compilation-dir /Users/rogerlin/XCode-Projects/FinancialCalculatorKit-5.0-updated-accent-colors/FinancialCalculatorKit.xcodeproj -Xcc -D_LIBCPP_HARDENING_MODE\=_LIBCPP_HARDENING_MODE_DEBUG -Xcc -ivfsstatcache -Xcc /Users/rogerlin/Library/Developer/Xcode/DerivedData/SDKStatCaches.noindex/macosx26.1-25B74-3ae1261907bdadc328169391a47051a6.sdkstatcache -Xcc -I/Users/rogerlin/Library/Developer/Xcode/DerivedData/FinancialCalculatorKit-ackorybalcxbfocbkqsfdzcfkgmn/Build/Intermediates.noindex/swift-case-paths.build/Debug/CasePathsCore.build/swift-overrides.hmap -Xcc -I/Users/rogerlin/Library/Developer/Xcode/DerivedData/FinancialCalculatorKit-ackorybalcxbfocbkqsfdzcfkgmn/Build/Products/Debug/include -Xcc -I/Users/rogerlin/Library/Developer/Xcode/DerivedData/FinancialCalculatorKit-ackorybalcxbfocbkqsfdzcfkgmn/Build/Intermediates.noindex/swift-case-paths.build/Debug/CasePathsCore.build/DerivedSources-normal/arm64 -Xcc -I/Users/rogerlin/Library/Developer/Xcode/DerivedData/FinancialCalculatorKit-ackorybalcxbfocbkqsfdzcfkgmn/Build/Intermediates.noindex/swift-case-paths.build/Debug/CasePathsCore.build/DerivedSources/arm64 -Xcc -I/Users/rogerlin/Library/Developer/Xcode/DerivedData/FinancialCalculatorKit-ackorybalcxbfocbkqsfdzcfkgmn/Build/Intermediates.noindex/swift-case-paths.build/Debug/CasePathsCore.build/DerivedSources -Xcc -DSWIFT_PACKAGE -Xcc -DDEBUG\=1 -no-auto-bridging-header-chaining -module-name CasePathsCore -package-name swift_case_paths -frontend-parseable-output -disable-clang-spi -target-sdk-version 26.1 -target-sdk-name macosx26.1 -clang-target arm64-apple-macos26.1 -in-process-plugin-server-path /Applications/Xcode.app/Contents/Developer/Toolchains/XcodeDefault.xctoolchain/usr/lib/swift/host/libSwiftInProcPluginServer.dylib -o /Users/rogerlin/Library/Developer/Xcode/DerivedData/FinancialCalculatorKit-ackorybalcxbfocbkqsfdzcfkgmn/Build/Intermediates.noindex/swift-case-paths.build/Debug/CasePathsCore.build/Objects-normal/arm64/AnyCasePath.o -index-unit-output-path /swift-case-paths.build/Debug/CasePathsCore.build/Objects-normal/arm64/AnyCasePath.o -index-store-path /Users/rogerlin/Library/Developer/Xcode/DerivedData/FinancialCalculatorKit-ackorybalcxbfocbkqsfdzcfkgmn/Index.noindex/DataStore -index-system-modules

SwiftCompile normal arm64 /Users/rogerlin/Library/Developer/Xcode/DerivedData/FinancialCalculatorKit-ackorybalcxbfocbkqsfdzcfkgmn/SourcePackages/checkouts/swift-case-paths/Sources/CasePathsCore/AnyCasePath.swift (in target 'CasePathsCore' from project 'swift-case-paths')
    cd /Users/rogerlin/XCode-Projects/FinancialCalculatorKit-5.0-updated-accent-colors/FinancialCalculatorKit.xcodeproj
    

SwiftDriverJobDiscovery normal arm64 Compiling LaTeX_Previews+Styles.swift, DefaultLaTeXStyle.swift (in target 'LaTeXSwiftUI' from project 'LaTeXSwiftUI')

SwiftCompile normal arm64 Compiling\ CasePathIterable.swift /Users/rogerlin/Library/Developer/Xcode/DerivedData/FinancialCalculatorKit-ackorybalcxbfocbkqsfdzcfkgmn/SourcePackages/checkouts/swift-case-paths/Sources/CasePathsCore/CasePathIterable.swift (in target 'CasePathsCore' from project 'swift-case-paths')
/Applications/Xcode.app/Contents/Developer/Toolchains/XcodeDefault.xctoolchain/usr/bin/swift-frontend -frontend -c /Users/rogerlin/Library/Developer/Xcode/DerivedData/FinancialCalculatorKit-ackorybalcxbfocbkqsfdzcfkgmn/SourcePackages/checkouts/swift-case-paths/Sources/CasePathsCore/AnyCasePath.swift -primary-file /Users/rogerlin/Library/Developer/Xcode/DerivedData/FinancialCalculatorKit-ackorybalcxbfocbkqsfdzcfkgmn/SourcePackages/checkouts/swift-case-paths/Sources/CasePathsCore/CasePathIterable.swift /Users/rogerlin/Library/Developer/Xcode/DerivedData/FinancialCalculatorKit-ackorybalcxbfocbkqsfdzcfkgmn/SourcePackages/checkouts/swift-case-paths/Sources/CasePathsCore/CasePathReflectable.swift /Users/rogerlin/Library/Developer/Xcode/DerivedData/FinancialCalculatorKit-ackorybalcxbfocbkqsfdzcfkgmn/SourcePackages/checkouts/swift-case-paths/Sources/CasePathsCore/CasePathable.swift /Users/rogerlin/Library/Developer/Xcode/DerivedData/FinancialCalculatorKit-ackorybalcxbfocbkqsfdzcfkgmn/SourcePackages/checkouts/swift-case-paths/Sources/CasePathsCore/Internal/KeyPath+Sendable.swift /Users/rogerlin/Library/Developer/Xcode/DerivedData/FinancialCalculatorKit-ackorybalcxbfocbkqsfdzcfkgmn/SourcePackages/checkouts/swift-case-paths/Sources/CasePathsCore/Internal/TypeName.swift /Users/rogerlin/Library/Developer/Xcode/DerivedData/FinancialCalculatorKit-ackorybalcxbfocbkqsfdzcfkgmn/SourcePackages/checkouts/swift-case-paths/Sources/CasePathsCore/Internal/UncheckedSendable.swift /Users/rogerlin/Library/Developer/Xcode/DerivedData/FinancialCalculatorKit-ackorybalcxbfocbkqsfdzcfkgmn/SourcePackages/checkouts/swift-case-paths/Sources/CasePathsCore/Never+CasePathable.swift /Users/rogerlin/Library/Developer/Xcode/DerivedData/FinancialCalculatorKit-ackorybalcxbfocbkqsfdzcfkgmn/SourcePackages/checkouts/swift-case-paths/Sources/CasePathsCore/Optional+CasePathable.swift /Users/rogerlin/Library/Developer/Xcode/DerivedData/FinancialCalculatorKit-ackorybalcxbfocbkqsfdzcfkgmn/SourcePackages/checkouts/swift-case-paths/Sources/CasePathsCore/Result+CasePathable.swift -emit-dependencies-path /Users/rogerlin/Library/Developer/Xcode/DerivedData/FinancialCalculatorKit-ackorybalcxbfocbkqsfdzcfkgmn/Build/Intermediates.noindex/swift-case-paths.build/Debug/CasePathsCore.build/Objects-normal/arm64/CasePathIterable.d -emit-const-values-path /Users/rogerlin/Library/Developer/Xcode/DerivedData/FinancialCalculatorKit-ackorybalcxbfocbkqsfdzcfkgmn/Build/Intermediates.noindex/swift-case-paths.build/Debug/CasePathsCore.build/Objects-normal/arm64/CasePathIterable.swiftconstvalues -emit-reference-dependencies-path /Users/rogerlin/Library/Developer/Xcode/DerivedData/FinancialCalculatorKit-ackorybalcxbfocbkqsfdzcfkgmn/Build/Intermediates.noindex/swift-case-paths.build/Debug/CasePathsCore.build/Objects-normal/arm64/CasePathIterable.swiftdeps -serialize-diagnostics-path /Users/rogerlin/Library/Developer/Xcode/DerivedData/FinancialCalculatorKit-ackorybalcxbfocbkqsfdzcfkgmn/Build/Intermediates.noindex/swift-case-paths.build/Debug/CasePathsCore.build/Objects-normal/arm64/CasePathIterable.dia -target arm64-apple-macos10.15 -load-resolved-plugin /Applications/Xcode.app/Contents/Developer/Platforms/MacOSX.platform/Developer/usr/lib/swift/host/plugins/libFoundationMacros.dylib\#/Applications/Xcode.app/Contents/Developer/Platforms/MacOSX.platform/Developer/usr/bin/swift-plugin-server\#FoundationMacros -load-resolved-plugin /Applications/Xcode.app/Contents/Developer/Platforms/MacOSX.platform/Developer/usr/lib/swift/host/plugins/libObservationMacros.dylib\#/Applications/Xcode.app/Contents/Developer/Platforms/MacOSX.platform/Developer/usr/bin/swift-plugin-server\#ObservationMacros -load-resolved-plugin /Applications/Xcode.app/Contents/Developer/Platforms/MacOSX.platform/Developer/usr/lib/swift/host/plugins/libSwiftMacros.dylib\#/Applications/Xcode.app/Contents/Developer/Platforms/MacOSX.platform/Developer/usr/bin/swift-plugin-server\#SwiftMacros -disable-implicit-swift-modules -Xcc -fno-implicit-modules -Xcc -fno-implicit-module-maps -explicit-swift-module-map-file /Users/rogerlin/Library/Developer/Xcode/DerivedData/FinancialCalculatorKit-ackorybalcxbfocbkqsfdzcfkgmn/Build/Intermediates.noindex/swift-case-paths.build/Debug/CasePathsCore.build/Objects-normal/arm64/CasePathsCore-dependencies-1.json -Xllvm -aarch64-use-tbi -enable-objc-interop -stack-check -sdk /Applications/Xcode.app/Contents/Developer/Platforms/MacOSX.platform/Developer/SDKs/MacOSX26.1.sdk -I /Users/rogerlin/Library/Developer/Xcode/DerivedData/FinancialCalculatorKit-ackorybalcxbfocbkqsfdzcfkgmn/Build/Products/Debug -Isystem /Applications/Xcode.app/Contents/Developer/Platforms/MacOSX.platform/Developer/usr/lib -F /Users/rogerlin/Library/Developer/Xcode/DerivedData/FinancialCalculatorKit-ackorybalcxbfocbkqsfdzcfkgmn/Build/Products/Debug/PackageFrameworks -F /Users/rogerlin/Library/Developer/Xcode/DerivedData/FinancialCalculatorKit-ackorybalcxbfocbkqsfdzcfkgmn/Build/Products/Debug/PackageFrameworks -F /Users/rogerlin/Library/Developer/Xcode/DerivedData/FinancialCalculatorKit-ackorybalcxbfocbkqsfdzcfkgmn/Build/Products/Debug -F /Applications/Xcode.app/Contents/Developer/Platforms/MacOSX.platform/Developer/Library/Frameworks -no-color-diagnostics -Xcc -fno-color-diagnostics -enable-testing -g -debug-info-format\=dwarf -dwarf-version\=4 -module-cache-path /Users/rogerlin/Library/Developer/Xcode/DerivedData/FinancialCalculatorKit-ackorybalcxbfocbkqsfdzcfkgmn/Build/Intermediates.noindex/SwiftExplicitPrecompiledModules -suppress-warnings -profile-generate -profile-coverage-mapping -swift-version 6 -enforce-exclusivity\=checked -Onone -D SWIFT_PACKAGE -D DEBUG -D SWIFT_MODULE_RESOURCE_BUNDLE_UNAVAILABLE -D Xcode -serialize-debugging-options -const-gather-protocols-file /Users/rogerlin/Library/Developer/Xcode/DerivedData/FinancialCalculatorKit-ackorybalcxbfocbkqsfdzcfkgmn/Build/Intermediates.noindex/swift-case-paths.build/Debug/CasePathsCore.build/Objects-normal/arm64/CasePathsCore_const_extract_protocols.json -enable-experimental-feature DebugDescriptionMacro -empty-abi-descriptor -user-module-version 1.7.0 -validate-clang-modules-once -clang-build-session-file /Users/rogerlin/Library/Developer/Xcode/DerivedData/ModuleCache.noindex/Session.modulevalidation -Xcc -working-directory -Xcc /Users/rogerlin/XCode-Projects/FinancialCalculatorKit-5.0-updated-accent-colors/FinancialCalculatorKit.xcodeproj -enable-anonymous-context-mangled-names -file-compilation-dir /Users/rogerlin/XCode-Projects/FinancialCalculatorKit-5.0-updated-accent-colors/FinancialCalculatorKit.xcodeproj -Xcc -D_LIBCPP_HARDENING_MODE\=_LIBCPP_HARDENING_MODE_DEBUG -Xcc -ivfsstatcache -Xcc /Users/rogerlin/Library/Developer/Xcode/DerivedData/SDKStatCaches.noindex/macosx26.1-25B74-3ae1261907bdadc328169391a47051a6.sdkstatcache -Xcc -I/Users/rogerlin/Library/Developer/Xcode/DerivedData/FinancialCalculatorKit-ackorybalcxbfocbkqsfdzcfkgmn/Build/Intermediates.noindex/swift-case-paths.build/Debug/CasePathsCore.build/swift-overrides.hmap -Xcc -I/Users/rogerlin/Library/Developer/Xcode/DerivedData/FinancialCalculatorKit-ackorybalcxbfocbkqsfdzcfkgmn/Build/Products/Debug/include -Xcc -I/Users/rogerlin/Library/Developer/Xcode/DerivedData/FinancialCalculatorKit-ackorybalcxbfocbkqsfdzcfkgmn/Build/Intermediates.noindex/swift-case-paths.build/Debug/CasePathsCore.build/DerivedSources-normal/arm64 -Xcc -I/Users/rogerlin/Library/Developer/Xcode/DerivedData/FinancialCalculatorKit-ackorybalcxbfocbkqsfdzcfkgmn/Build/Intermediates.noindex/swift-case-paths.build/Debug/CasePathsCore.build/DerivedSources/arm64 -Xcc -I/Users/rogerlin/Library/Developer/Xcode/DerivedData/FinancialCalculatorKit-ackorybalcxbfocbkqsfdzcfkgmn/Build/Intermediates.noindex/swift-case-paths.build/Debug/CasePathsCore.build/DerivedSources -Xcc -DSWIFT_PACKAGE -Xcc -DDEBUG\=1 -no-auto-bridging-header-chaining -module-name CasePathsCore -package-name swift_case_paths -frontend-parseable-output -disable-clang-spi -target-sdk-version 26.1 -target-sdk-name macosx26.1 -clang-target arm64-apple-macos26.1 -in-process-plugin-server-path /Applications/Xcode.app/Contents/Developer/Toolchains/XcodeDefault.xctoolchain/usr/lib/swift/host/libSwiftInProcPluginServer.dylib -o /Users/rogerlin/Library/Developer/Xcode/DerivedData/FinancialCalculatorKit-ackorybalcxbfocbkqsfdzcfkgmn/Build/Intermediates.noindex/swift-case-paths.build/Debug/CasePathsCore.build/Objects-normal/arm64/CasePathIterable.o -index-unit-output-path /swift-case-paths.build/Debug/CasePathsCore.build/Objects-normal/arm64/CasePathIterable.o -index-store-path /Users/rogerlin/Library/Developer/Xcode/DerivedData/FinancialCalculatorKit-ackorybalcxbfocbkqsfdzcfkgmn/Index.noindex/DataStore -index-system-modules

SwiftCompile normal arm64 /Users/rogerlin/Library/Developer/Xcode/DerivedData/FinancialCalculatorKit-ackorybalcxbfocbkqsfdzcfkgmn/SourcePackages/checkouts/swift-case-paths/Sources/CasePathsCore/CasePathIterable.swift (in target 'CasePathsCore' from project 'swift-case-paths')
    cd /Users/rogerlin/XCode-Projects/FinancialCalculatorKit-5.0-updated-accent-colors/FinancialCalculatorKit.xcodeproj
    

SwiftDriverJobDiscovery normal arm64 Compiling ImageContainer.swift, Parser.swift (in target 'LaTeXSwiftUI' from project 'LaTeXSwiftUI')

SwiftDriver\ Compilation BigDecimal normal arm64 com.apple.xcode.tools.swift.compiler (in target 'BigDecimal' from project 'BigDecimal')
    cd /Users/rogerlin/XCode-Projects/FinancialCalculatorKit-5.0-updated-accent-colors/FinancialCalculatorKit.xcodeproj
    builtin-Swift-Compilation -- /Applications/Xcode.app/Contents/Developer/Toolchains/XcodeDefault.xctoolchain/usr/bin/swiftc -module-name BigDecimal -Onone -enforce-exclusivity\=checked @/Users/rogerlin/Library/Developer/Xcode/DerivedData/FinancialCalculatorKit-ackorybalcxbfocbkqsfdzcfkgmn/Build/Intermediates.noindex/BigDecimal.build/Debug/BigDecimal.build/Objects-normal/arm64/BigDecimal.SwiftFileList -DSWIFT_PACKAGE -DDEBUG -DSWIFT_MODULE_RESOURCE_BUNDLE_UNAVAILABLE -DXcode -plugin-path /Applications/Xcode.app/Contents/Developer/Toolchains/XcodeDefault.xctoolchain/usr/lib/swift/host/plugins/testing -enable-experimental-feature DebugDescriptionMacro -sdk /Applications/Xcode.app/Contents/Developer/Platforms/MacOSX.platform/Developer/SDKs/MacOSX26.1.sdk -target arm64-apple-macos13.3 -g -module-cache-path /Users/rogerlin/Library/Developer/Xcode/DerivedData/ModuleCache.noindex -Xfrontend -serialize-debugging-options -profile-coverage-mapping -profile-generate -enable-testing -suppress-warnings -index-store-path /Users/rogerlin/Library/Developer/Xcode/DerivedData/FinancialCalculatorKit-ackorybalcxbfocbkqsfdzcfkgmn/Index.noindex/DataStore -Xcc -D_LIBCPP_HARDENING_MODE\=_LIBCPP_HARDENING_MODE_DEBUG -swift-version 5 -I /Users/rogerlin/Library/Developer/Xcode/DerivedData/FinancialCalculatorKit-ackorybalcxbfocbkqsfdzcfkgmn/Build/Products/Debug -Isystem /Applications/Xcode.app/Contents/Developer/Platforms/MacOSX.platform/Developer/usr/lib -F /Users/rogerlin/Library/Developer/Xcode/DerivedData/FinancialCalculatorKit-ackorybalcxbfocbkqsfdzcfkgmn/Build/Products/Debug/PackageFrameworks -F /Users/rogerlin/Library/Developer/Xcode/DerivedData/FinancialCalculatorKit-ackorybalcxbfocbkqsfdzcfkgmn/Build/Products/Debug/PackageFrameworks -F /Users/rogerlin/Library/Developer/Xcode/DerivedData/FinancialCalculatorKit-ackorybalcxbfocbkqsfdzcfkgmn/Build/Products/Debug/PackageFrameworks -F /Users/rogerlin/Library/Developer/Xcode/DerivedData/FinancialCalculatorKit-ackorybalcxbfocbkqsfdzcfkgmn/Build/Products/Debug/PackageFrameworks -F /Users/rogerlin/Library/Developer/Xcode/DerivedData/FinancialCalculatorKit-ackorybalcxbfocbkqsfdzcfkgmn/Build/Products/Debug/PackageFrameworks -F /Users/rogerlin/Library/Developer/Xcode/DerivedData/FinancialCalculatorKit-ackorybalcxbfocbkqsfdzcfkgmn/Build/Products/Debug/PackageFrameworks -F /Users/rogerlin/Library/Developer/Xcode/DerivedData/FinancialCalculatorKit-ackorybalcxbfocbkqsfdzcfkgmn/Build/Products/Debug -F /Applications/Xcode.app/Contents/Developer/Platforms/MacOSX.platform/Developer/Library/Frameworks -c -j16 -enable-batch-mode -incremental -Xcc -ivfsstatcache -Xcc /Users/rogerlin/Library/Developer/Xcode/DerivedData/SDKStatCaches.noindex/macosx26.1-25B74-3ae1261907bdadc328169391a47051a6.sdkstatcache -output-file-map /Users/rogerlin/Library/Developer/Xcode/DerivedData/FinancialCalculatorKit-ackorybalcxbfocbkqsfdzcfkgmn/Build/Intermediates.noindex/BigDecimal.build/Debug/BigDecimal.build/Objects-normal/arm64/BigDecimal-OutputFileMap.json -use-frontend-parseable-output -save-temps -no-color-diagnostics -explicit-module-build -module-cache-path /Users/rogerlin/Library/Developer/Xcode/DerivedData/FinancialCalculatorKit-ackorybalcxbfocbkqsfdzcfkgmn/Build/Intermediates.noindex/SwiftExplicitPrecompiledModules -clang-scanner-module-cache-path /Users/rogerlin/Library/Developer/Xcode/DerivedData/ModuleCache.noindex -sdk-module-cache-path /Users/rogerlin/Library/Developer/Xcode/DerivedData/ModuleCache.noindex -serialize-diagnostics -emit-dependencies -emit-module -emit-module-path /Users/rogerlin/Library/Developer/Xcode/DerivedData/FinancialCalculatorKit-ackorybalcxbfocbkqsfdzcfkgmn/Build/Intermediates.noindex/BigDecimal.build/Debug/BigDecimal.build/Objects-normal/arm64/BigDecimal.swiftmodule -validate-clang-modules-once -clang-build-session-file /Users/rogerlin/Library/Developer/Xcode/DerivedData/ModuleCache.noindex/Session.modulevalidation -package-name bigdecimal -Xcc -I/Users/rogerlin/Library/Developer/Xcode/DerivedData/FinancialCalculatorKit-ackorybalcxbfocbkqsfdzcfkgmn/Build/Intermediates.noindex/BigDecimal.build/Debug/BigDecimal.build/swift-overrides.hmap -emit-const-values -Xfrontend -const-gather-protocols-file -Xfrontend /Users/rogerlin/Library/Developer/Xcode/DerivedData/FinancialCalculatorKit-ackorybalcxbfocbkqsfdzcfkgmn/Build/Intermediates.noindex/BigDecimal.build/Debug/BigDecimal.build/Objects-normal/arm64/BigDecimal_const_extract_protocols.json -Xcc -I/Users/rogerlin/Library/Developer/Xcode/DerivedData/FinancialCalculatorKit-ackorybalcxbfocbkqsfdzcfkgmn/SourcePackages/checkouts/swift-numerics/Sources/_NumericsShims/include -Xcc -I/Users/rogerlin/Library/Developer/Xcode/DerivedData/FinancialCalculatorKit-ackorybalcxbfocbkqsfdzcfkgmn/Build/Products/Debug/include -Xcc -I/Users/rogerlin/Library/Developer/Xcode/DerivedData/FinancialCalculatorKit-ackorybalcxbfocbkqsfdzcfkgmn/Build/Intermediates.noindex/BigDecimal.build/Debug/BigDecimal.build/DerivedSources-normal/arm64 -Xcc -I/Users/rogerlin/Library/Developer/Xcode/DerivedData/FinancialCalculatorKit-ackorybalcxbfocbkqsfdzcfkgmn/Build/Intermediates.noindex/BigDecimal.build/Debug/BigDecimal.build/DerivedSources/arm64 -Xcc -I/Users/rogerlin/Library/Developer/Xcode/DerivedData/FinancialCalculatorKit-ackorybalcxbfocbkqsfdzcfkgmn/Build/Intermediates.noindex/BigDecimal.build/Debug/BigDecimal.build/DerivedSources -Xcc -DSWIFT_PACKAGE -Xcc -DDEBUG\=1 -emit-objc-header -emit-objc-header-path /Users/rogerlin/Library/Developer/Xcode/DerivedData/FinancialCalculatorKit-ackorybalcxbfocbkqsfdzcfkgmn/Build/Intermediates.noindex/BigDecimal.build/Debug/BigDecimal.build/Objects-normal/arm64/BigDecimal-Swift.h -working-directory /Users/rogerlin/XCode-Projects/FinancialCalculatorKit-5.0-updated-accent-colors/FinancialCalculatorKit.xcodeproj -experimental-emit-module-separately -disable-cmo

    Task input dependencies:
        /Users/rogerlin/Library/Developer/Xcode/DerivedData/FinancialCalculatorKit-ackorybalcxbfocbkqsfdzcfkgmn/SourcePackages/checkouts/BigDecimal/Sources/BigDecimal/BigDecimal.swift
        /Users/rogerlin/Library/Developer/Xcode/DerivedData/FinancialCalculatorKit-ackorybalcxbfocbkqsfdzcfkgmn/SourcePackages/checkouts/BigDecimal/Sources/BigDecimal/CBDecimal.swift
        /Users/rogerlin/Library/Developer/Xcode/DerivedData/FinancialCalculatorKit-ackorybalcxbfocbkqsfdzcfkgmn/SourcePackages/checkouts/BigDecimal/Sources/BigDecimal/Decimal.swift
        /Users/rogerlin/Library/Developer/Xcode/DerivedData/FinancialCalculatorKit-ackorybalcxbfocbkqsfdzcfkgmn/SourcePackages/checkouts/BigDecimal/Sources/BigDecimal/Decimal128.swift
        /Users/rogerlin/Library/Developer/Xcode/DerivedData/FinancialCalculatorKit-ackorybalcxbfocbkqsfdzcfkgmn/SourcePackages/checkouts/BigDecimal/Sources/BigDecimal/Decimal32.swift
        /Users/rogerlin/Library/Developer/Xcode/DerivedData/FinancialCalculatorKit-ackorybalcxbfocbkqsfdzcfkgmn/SourcePackages/checkouts/BigDecimal/Sources/BigDecimal/Decimal64.swift
        /Users/rogerlin/Library/Developer/Xcode/DerivedData/FinancialCalculatorKit-ackorybalcxbfocbkqsfdzcfkgmn/SourcePackages/checkouts/BigDecimal/Sources/BigDecimal/DecimalMath/AsinCalculator.swift
        /Users/rogerlin/Library/Developer/Xcode/DerivedData/FinancialCalculatorKit-ackorybalcxbfocbkqsfdzcfkgmn/SourcePackages/checkouts/BigDecimal/Sources/BigDecimal/DecimalMath/CosCalculator.swift
        /Users/rogerlin/Library/Developer/Xcode/DerivedData/FinancialCalculatorKit-ackorybalcxbfocbkqsfdzcfkgmn/SourcePackages/checkouts/BigDecimal/Sources/BigDecimal/DecimalMath/CoshCalculator.swift
        /Users/rogerlin/Library/Developer/Xcode/DerivedData/FinancialCalculatorKit-ackorybalcxbfocbkqsfdzcfkgmn/SourcePackages/checkouts/BigDecimal/Sources/BigDecimal/DecimalMath/DecimalMath-Simple.swift
        /Users/rogerlin/Library/Developer/Xcode/DerivedData/FinancialCalculatorKit-ackorybalcxbfocbkqsfdzcfkgmn/SourcePackages/checkouts/BigDecimal/Sources/BigDecimal/DecimalMath/DecimalMath.swift
        /Users/rogerlin/Library/Developer/Xcode/DerivedData/FinancialCalculatorKit-ackorybalcxbfocbkqsfdzcfkgmn/SourcePackages/checkouts/BigDecimal/Sources/BigDecimal/DecimalMath/ExponentCalculator.swift
        /Users/rogerlin/Library/Developer/Xcode/DerivedData/FinancialCalculatorKit-ackorybalcxbfocbkqsfdzcfkgmn/SourcePackages/checkouts/BigDecimal/Sources/BigDecimal/DecimalMath/SeriesCalculator.swift
        /Users/rogerlin/Library/Developer/Xcode/DerivedData/FinancialCalculatorKit-ackorybalcxbfocbkqsfdzcfkgmn/SourcePackages/checkouts/BigDecimal/Sources/BigDecimal/DecimalMath/SinCalculator.swift
        /Users/rogerlin/Library/Developer/Xcode/DerivedData/FinancialCalculatorKit-ackorybalcxbfocbkqsfdzcfkgmn/SourcePackages/checkouts/BigDecimal/Sources/BigDecimal/DecimalMath/SinhCalculator.swift
        /Users/rogerlin/Library/Developer/Xcode/DerivedData/FinancialCalculatorKit-ackorybalcxbfocbkqsfdzcfkgmn/SourcePackages/checkouts/BigDecimal/Sources/BigDecimal/Support/DecimalFloatingPoint.swift
        /Users/rogerlin/Library/Developer/Xcode/DerivedData/FinancialCalculatorKit-ackorybalcxbfocbkqsfdzcfkgmn/SourcePackages/checkouts/BigDecimal/Sources/BigDecimal/Support/DecimalLogic.swift
        /Users/rogerlin/Library/Developer/Xcode/DerivedData/FinancialCalculatorKit-ackorybalcxbfocbkqsfdzcfkgmn/SourcePackages/checkouts/BigDecimal/Sources/BigDecimal/Support/Extensions.swift
        /Users/rogerlin/Library/Developer/Xcode/DerivedData/FinancialCalculatorKit-ackorybalcxbfocbkqsfdzcfkgmn/SourcePackages/checkouts/BigDecimal/Sources/BigDecimal/Support/Rounding.swift
        /Users/rogerlin/Library/Developer/Xcode/DerivedData/FinancialCalculatorKit-ackorybalcxbfocbkqsfdzcfkgmn/Build/Intermediates.noindex/BigDecimal.build/Debug/BigDecimal.build/Objects-normal/arm64/BigDecimal.SwiftFileList
        /Users/rogerlin/Library/Developer/Xcode/DerivedData/FinancialCalculatorKit-ackorybalcxbfocbkqsfdzcfkgmn/Build/Intermediates.noindex/BigDecimal.build/Debug/BigDecimal.build/Objects-normal/arm64/BigDecimal-OutputFileMap.json
        /Users/rogerlin/Library/Developer/Xcode/DerivedData/FinancialCalculatorKit-ackorybalcxbfocbkqsfdzcfkgmn/Build/Intermediates.noindex/BigDecimal.build/Debug/BigDecimal.build/Objects-normal/arm64/BigDecimal_const_extract_protocols.json
        /Users/rogerlin/Library/Developer/Xcode/DerivedData/FinancialCalculatorKit-ackorybalcxbfocbkqsfdzcfkgmn/Build/Intermediates.noindex/GeneratedModuleMaps/BigDecimal.modulemap
        /Users/rogerlin/Library/Developer/Xcode/DerivedData/FinancialCalculatorKit-ackorybalcxbfocbkqsfdzcfkgmn/SourcePackages/checkouts/BigDecimal/Sources/BigDecimal/BigDecimal.swift
        /Users/rogerlin/Library/Developer/Xcode/DerivedData/FinancialCalculatorKit-ackorybalcxbfocbkqsfdzcfkgmn/SourcePackages/checkouts/BigDecimal/Sources/BigDecimal/CBDecimal.swift
        /Users/rogerlin/Library/Developer/Xcode/DerivedData/FinancialCalculatorKit-ackorybalcxbfocbkqsfdzcfkgmn/SourcePackages/checkouts/BigDecimal/Sources/BigDecimal/Decimal.swift
        /Users/rogerlin/Library/Developer/Xcode/DerivedData/FinancialCalculatorKit-ackorybalcxbfocbkqsfdzcfkgmn/SourcePackages/checkouts/BigDecimal/Sources/BigDecimal/Decimal128.swift
        /Users/rogerlin/Library/Developer/Xcode/DerivedData/FinancialCalculatorKit-ackorybalcxbfocbkqsfdzcfkgmn/SourcePackages/checkouts/BigDecimal/Sources/BigDecimal/Decimal32.swift
        /Users/rogerlin/Library/Developer/Xcode/DerivedData/FinancialCalculatorKit-ackorybalcxbfocbkqsfdzcfkgmn/SourcePackages/checkouts/BigDecimal/Sources/BigDecimal/Decimal64.swift
        /Users/rogerlin/Library/Developer/Xcode/DerivedData/FinancialCalculatorKit-ackorybalcxbfocbkqsfdzcfkgmn/SourcePackages/checkouts/BigDecimal/Sources/BigDecimal/DecimalMath/AsinCalculator.swift
        /Users/rogerlin/Library/Developer/Xcode/DerivedData/FinancialCalculatorKit-ackorybalcxbfocbkqsfdzcfkgmn/SourcePackages/checkouts/BigDecimal/Sources/BigDecimal/DecimalMath/CosCalculator.swift
        /Users/rogerlin/Library/Developer/Xcode/DerivedData/FinancialCalculatorKit-ackorybalcxbfocbkqsfdzcfkgmn/SourcePackages/checkouts/BigDecimal/Sources/BigDecimal/DecimalMath/CoshCalculator.swift
        /Users/rogerlin/Library/Developer/Xcode/DerivedData/FinancialCalculatorKit-ackorybalcxbfocbkqsfdzcfkgmn/SourcePackages/checkouts/BigDecimal/Sources/BigDecimal/DecimalMath/DecimalMath-Simple.swift
        /Users/rogerlin/Library/Developer/Xcode/DerivedData/FinancialCalculatorKit-ackorybalcxbfocbkqsfdzcfkgmn/SourcePackages/checkouts/BigDecimal/Sources/BigDecimal/DecimalMath/DecimalMath.swift
        /Users/rogerlin/Library/Developer/Xcode/DerivedData/FinancialCalculatorKit-ackorybalcxbfocbkqsfdzcfkgmn/SourcePackages/checkouts/BigDecimal/Sources/BigDecimal/DecimalMath/ExponentCalculator.swift
        /Users/rogerlin/Library/Developer/Xcode/DerivedData/FinancialCalculatorKit-ackorybalcxbfocbkqsfdzcfkgmn/SourcePackages/checkouts/BigDecimal/Sources/BigDecimal/DecimalMath/SeriesCalculator.swift
        /Users/rogerlin/Library/Developer/Xcode/DerivedData/FinancialCalculatorKit-ackorybalcxbfocbkqsfdzcfkgmn/SourcePackages/checkouts/BigDecimal/Sources/BigDecimal/DecimalMath/SinCalculator.swift
        /Users/rogerlin/Library/Developer/Xcode/DerivedData/FinancialCalculatorKit-ackorybalcxbfocbkqsfdzcfkgmn/SourcePackages/checkouts/BigDecimal/Sources/BigDecimal/DecimalMath/SinhCalculator.swift
        /Users/rogerlin/Library/Developer/Xcode/DerivedData/FinancialCalculatorKit-ackorybalcxbfocbkqsfdzcfkgmn/SourcePackages/checkouts/BigDecimal/Sources/BigDecimal/Support/DecimalFloatingPoint.swift
        /Users/rogerlin/Library/Developer/Xcode/DerivedData/FinancialCalculatorKit-ackorybalcxbfocbkqsfdzcfkgmn/SourcePackages/checkouts/BigDecimal/Sources/BigDecimal/Support/DecimalLogic.swift
        /Users/rogerlin/Library/Developer/Xcode/DerivedData/FinancialCalculatorKit-ackorybalcxbfocbkqsfdzcfkgmn/SourcePackages/checkouts/BigDecimal/Sources/BigDecimal/Support/Extensions.swift
        /Users/rogerlin/Library/Developer/Xcode/DerivedData/FinancialCalculatorKit-ackorybalcxbfocbkqsfdzcfkgmn/SourcePackages/checkouts/BigDecimal/Sources/BigDecimal/Support/Rounding.swift
        /Users/rogerlin/Library/Developer/Xcode/DerivedData/FinancialCalculatorKit-ackorybalcxbfocbkqsfdzcfkgmn/Build/Intermediates.noindex/BigDecimal.build/Debug/BigDecimal.build/Objects-normal/arm64/BigDecimal.SwiftFileList
        /Users/rogerlin/Library/Developer/Xcode/DerivedData/FinancialCalculatorKit-ackorybalcxbfocbkqsfdzcfkgmn/Build/Intermediates.noindex/BigDecimal.build/Debug/BigDecimal.build/Objects-normal/arm64/BigDecimal-OutputFileMap.json
        /Users/rogerlin/Library/Developer/Xcode/DerivedData/FinancialCalculatorKit-ackorybalcxbfocbkqsfdzcfkgmn/Build/Intermediates.noindex/BigDecimal.build/Debug/BigDecimal.build/Objects-normal/arm64/BigDecimal_const_extract_protocols.json
        /Users/rogerlin/Library/Developer/Xcode/DerivedData/FinancialCalculatorKit-ackorybalcxbfocbkqsfdzcfkgmn/Build/Intermediates.noindex/GeneratedModuleMaps/BigDecimal.modulemap
        <ClangStatCache /Users/rogerlin/Library/Developer/Xcode/DerivedData/SDKStatCaches.noindex/macosx26.1-25B74-3ae1261907bdadc328169391a47051a6.sdkstatcache>
        <target-BigDecimal-PACKAGE-TARGET:BigDecimal-SDKROOT:macosx:SDK_VARIANT:macos-generated-headers>
        <target-BigDecimal-PACKAGE-TARGET:BigDecimal-SDKROOT:macosx:SDK_VARIANT:macos-copy-headers-completion>
        <target-BigDecimal-PACKAGE-TARGET:BigDecimal-SDKROOT:macosx:SDK_VARIANT:macos-ModuleVerifierTaskProducer>
        <target-BigDecimal-PACKAGE-TARGET:BigDecimal-SDKROOT:macosx:SDK_VARIANT:macos-begin-compiling>
        <WorkspaceHeaderMapVFSFilesWritten>

    Task output dependencies:
        /Users/rogerlin/Library/Developer/Xcode/DerivedData/FinancialCalculatorKit-ackorybalcxbfocbkqsfdzcfkgmn/Build/Intermediates.noindex/BigDecimal.build/Debug/BigDecimal.build/Objects-normal/arm64/BigDecimal Swift Compilation Finished
        /Users/rogerlin/Library/Developer/Xcode/DerivedData/FinancialCalculatorKit-ackorybalcxbfocbkqsfdzcfkgmn/Build/Intermediates.noindex/BigDecimal.build/Debug/BigDecimal.build/Objects-normal/arm64/BigDecimal-e1a089ac5ea41b6909b7e4c93a151285.o
        /Users/rogerlin/Library/Developer/Xcode/DerivedData/FinancialCalculatorKit-ackorybalcxbfocbkqsfdzcfkgmn/Build/Intermediates.noindex/BigDecimal.build/Debug/BigDecimal.build/Objects-normal/arm64/CBDecimal.o
        /Users/rogerlin/Library/Developer/Xcode/DerivedData/FinancialCalculatorKit-ackorybalcxbfocbkqsfdzcfkgmn/Build/Intermediates.noindex/BigDecimal.build/Debug/BigDecimal.build/Objects-normal/arm64/Decimal.o
        /Users/rogerlin/Library/Developer/Xcode/DerivedData/FinancialCalculatorKit-ackorybalcxbfocbkqsfdzcfkgmn/Build/Intermediates.noindex/BigDecimal.build/Debug/BigDecimal.build/Objects-normal/arm64/Decimal128.o
        /Users/rogerlin/Library/Developer/Xcode/DerivedData/FinancialCalculatorKit-ackorybalcxbfocbkqsfdzcfkgmn/Build/Intermediates.noindex/BigDecimal.build/Debug/BigDecimal.build/Objects-normal/arm64/Decimal32.o
        /Users/rogerlin/Library/Developer/Xcode/DerivedData/FinancialCalculatorKit-ackorybalcxbfocbkqsfdzcfkgmn/Build/Intermediates.noindex/BigDecimal.build/Debug/BigDecimal.build/Objects-normal/arm64/Decimal64.o
        /Users/rogerlin/Library/Developer/Xcode/DerivedData/FinancialCalculatorKit-ackorybalcxbfocbkqsfdzcfkgmn/Build/Intermediates.noindex/BigDecimal.build/Debug/BigDecimal.build/Objects-normal/arm64/AsinCalculator.o
        /Users/rogerlin/Library/Developer/Xcode/DerivedData/FinancialCalculatorKit-ackorybalcxbfocbkqsfdzcfkgmn/Build/Intermediates.noindex/BigDecimal.build/Debug/BigDecimal.build/Objects-normal/arm64/CosCalculator.o
        /Users/rogerlin/Library/Developer/Xcode/DerivedData/FinancialCalculatorKit-ackorybalcxbfocbkqsfdzcfkgmn/Build/Intermediates.noindex/BigDecimal.build/Debug/BigDecimal.build/Objects-normal/arm64/CoshCalculator.o
        /Users/rogerlin/Library/Developer/Xcode/DerivedData/FinancialCalculatorKit-ackorybalcxbfocbkqsfdzcfkgmn/Build/Intermediates.noindex/BigDecimal.build/Debug/BigDecimal.build/Objects-normal/arm64/DecimalMath-Simple.o
        /Users/rogerlin/Library/Developer/Xcode/DerivedData/FinancialCalculatorKit-ackorybalcxbfocbkqsfdzcfkgmn/Build/Intermediates.noindex/BigDecimal.build/Debug/BigDecimal.build/Objects-normal/arm64/DecimalMath.o
        /Users/rogerlin/Library/Developer/Xcode/DerivedData/FinancialCalculatorKit-ackorybalcxbfocbkqsfdzcfkgmn/Build/Intermediates.noindex/BigDecimal.build/Debug/BigDecimal.build/Objects-normal/arm64/ExponentCalculator.o
        /Users/rogerlin/Library/Developer/Xcode/DerivedData/FinancialCalculatorKit-ackorybalcxbfocbkqsfdzcfkgmn/Build/Intermediates.noindex/BigDecimal.build/Debug/BigDecimal.build/Objects-normal/arm64/SeriesCalculator.o
        /Users/rogerlin/Library/Developer/Xcode/DerivedData/FinancialCalculatorKit-ackorybalcxbfocbkqsfdzcfkgmn/Build/Intermediates.noindex/BigDecimal.build/Debug/BigDecimal.build/Objects-normal/arm64/SinCalculator.o
        /Users/rogerlin/Library/Developer/Xcode/DerivedData/FinancialCalculatorKit-ackorybalcxbfocbkqsfdzcfkgmn/Build/Intermediates.noindex/BigDecimal.build/Debug/BigDecimal.build/Objects-normal/arm64/SinhCalculator.o
        /Users/rogerlin/Library/Developer/Xcode/DerivedData/FinancialCalculatorKit-ackorybalcxbfocbkqsfdzcfkgmn/Build/Intermediates.noindex/BigDecimal.build/Debug/BigDecimal.build/Objects-normal/arm64/DecimalFloatingPoint.o
        /Users/rogerlin/Library/Developer/Xcode/DerivedData/FinancialCalculatorKit-ackorybalcxbfocbkqsfdzcfkgmn/Build/Intermediates.noindex/BigDecimal.build/Debug/BigDecimal.build/Objects-normal/arm64/DecimalLogic.o
        /Users/rogerlin/Library/Developer/Xcode/DerivedData/FinancialCalculatorKit-ackorybalcxbfocbkqsfdzcfkgmn/Build/Intermediates.noindex/BigDecimal.build/Debug/BigDecimal.build/Objects-normal/arm64/Extensions.o
        /Users/rogerlin/Library/Developer/Xcode/DerivedData/FinancialCalculatorKit-ackorybalcxbfocbkqsfdzcfkgmn/Build/Intermediates.noindex/BigDecimal.build/Debug/BigDecimal.build/Objects-normal/arm64/Rounding.o
        /Users/rogerlin/Library/Developer/Xcode/DerivedData/FinancialCalculatorKit-ackorybalcxbfocbkqsfdzcfkgmn/Build/Intermediates.noindex/BigDecimal.build/Debug/BigDecimal.build/Objects-normal/arm64/BigDecimal-e1a089ac5ea41b6909b7e4c93a151285.swiftconstvalues
        /Users/rogerlin/Library/Developer/Xcode/DerivedData/FinancialCalculatorKit-ackorybalcxbfocbkqsfdzcfkgmn/Build/Intermediates.noindex/BigDecimal.build/Debug/BigDecimal.build/Objects-normal/arm64/CBDecimal.swiftconstvalues
        /Users/rogerlin/Library/Developer/Xcode/DerivedData/FinancialCalculatorKit-ackorybalcxbfocbkqsfdzcfkgmn/Build/Intermediates.noindex/BigDecimal.build/Debug/BigDecimal.build/Objects-normal/arm64/Decimal.swiftconstvalues
        /Users/rogerlin/Library/Developer/Xcode/DerivedData/FinancialCalculatorKit-ackorybalcxbfocbkqsfdzcfkgmn/Build/Intermediates.noindex/BigDecimal.build/Debug/BigDecimal.build/Objects-normal/arm64/Decimal128.swiftconstvalues
        /Users/rogerlin/Library/Developer/Xcode/DerivedData/FinancialCalculatorKit-ackorybalcxbfocbkqsfdzcfkgmn/Build/Intermediates.noindex/BigDecimal.build/Debug/BigDecimal.build/Objects-normal/arm64/Decimal32.swiftconstvalues
        /Users/rogerlin/Library/Developer/Xcode/DerivedData/FinancialCalculatorKit-ackorybalcxbfocbkqsfdzcfkgmn/Build/Intermediates.noindex/BigDecimal.build/Debug/BigDecimal.build/Objects-normal/arm64/Decimal64.swiftconstvalues
        /Users/rogerlin/Library/Developer/Xcode/DerivedData/FinancialCalculatorKit-ackorybalcxbfocbkqsfdzcfkgmn/Build/Intermediates.noindex/BigDecimal.build/Debug/BigDecimal.build/Objects-normal/arm64/AsinCalculator.swiftconstvalues
        /Users/rogerlin/Library/Developer/Xcode/DerivedData/FinancialCalculatorKit-ackorybalcxbfocbkqsfdzcfkgmn/Build/Intermediates.noindex/BigDecimal.build/Debug/BigDecimal.build/Objects-normal/arm64/CosCalculator.swiftconstvalues
        /Users/rogerlin/Library/Developer/Xcode/DerivedData/FinancialCalculatorKit-ackorybalcxbfocbkqsfdzcfkgmn/Build/Intermediates.noindex/BigDecimal.build/Debug/BigDecimal.build/Objects-normal/arm64/CoshCalculator.swiftconstvalues
        /Users/rogerlin/Library/Developer/Xcode/DerivedData/FinancialCalculatorKit-ackorybalcxbfocbkqsfdzcfkgmn/Build/Intermediates.noindex/BigDecimal.build/Debug/BigDecimal.build/Objects-normal/arm64/DecimalMath-Simple.swiftconstvalues
        /Users/rogerlin/Library/Developer/Xcode/DerivedData/FinancialCalculatorKit-ackorybalcxbfocbkqsfdzcfkgmn/Build/Intermediates.noindex/BigDecimal.build/Debug/BigDecimal.build/Objects-normal/arm64/DecimalMath.swiftconstvalues
        /Users/rogerlin/Library/Developer/Xcode/DerivedData/FinancialCalculatorKit-ackorybalcxbfocbkqsfdzcfkgmn/Build/Intermediates.noindex/BigDecimal.build/Debug/BigDecimal.build/Objects-normal/arm64/ExponentCalculator.swiftconstvalues
        /Users/rogerlin/Library/Developer/Xcode/DerivedData/FinancialCalculatorKit-ackorybalcxbfocbkqsfdzcfkgmn/Build/Intermediates.noindex/BigDecimal.build/Debug/BigDecimal.build/Objects-normal/arm64/SeriesCalculator.swiftconstvalues
        /Users/rogerlin/Library/Developer/Xcode/DerivedData/FinancialCalculatorKit-ackorybalcxbfocbkqsfdzcfkgmn/Build/Intermediates.noindex/BigDecimal.build/Debug/BigDecimal.build/Objects-normal/arm64/SinCalculator.swiftconstvalues
        /Users/rogerlin/Library/Developer/Xcode/DerivedData/FinancialCalculatorKit-ackorybalcxbfocbkqsfdzcfkgmn/Build/Intermediates.noindex/BigDecimal.build/Debug/BigDecimal.build/Objects-normal/arm64/SinhCalculator.swiftconstvalues
        /Users/rogerlin/Library/Developer/Xcode/DerivedData/FinancialCalculatorKit-ackorybalcxbfocbkqsfdzcfkgmn/Build/Intermediates.noindex/BigDecimal.build/Debug/BigDecimal.build/Objects-normal/arm64/DecimalFloatingPoint.swiftconstvalues
        /Users/rogerlin/Library/Developer/Xcode/DerivedData/FinancialCalculatorKit-ackorybalcxbfocbkqsfdzcfkgmn/Build/Intermediates.noindex/BigDecimal.build/Debug/BigDecimal.build/Objects-normal/arm64/DecimalLogic.swiftconstvalues
        /Users/rogerlin/Library/Developer/Xcode/DerivedData/FinancialCalculatorKit-ackorybalcxbfocbkqsfdzcfkgmn/Build/Intermediates.noindex/BigDecimal.build/Debug/BigDecimal.build/Objects-normal/arm64/Extensions.swiftconstvalues
        /Users/rogerlin/Library/Developer/Xcode/DerivedData/FinancialCalculatorKit-ackorybalcxbfocbkqsfdzcfkgmn/Build/Intermediates.noindex/BigDecimal.build/Debug/BigDecimal.build/Objects-normal/arm64/Rounding.swiftconstvalues
Discovered dependency nodes:
/Users/rogerlin/Library/Developer/Xcode/DerivedData/FinancialCalculatorKit-ackorybalcxbfocbkqsfdzcfkgmn/Build/Products/Debug/BigInt.swiftmodule/arm64-apple-macos.swiftmodule
/Applications/Xcode.app/Contents/Developer/Platforms/MacOSX.platform/Developer/SDKs/MacOSX26.1.sdk/System/Library/Frameworks/CFNetwork.framework/Modules/module.modulemap
/Applications/Xcode.app/Contents/Developer/Platforms/MacOSX.platform/Developer/SDKs/MacOSX26.1.sdk/System/Library/Frameworks/CFNetwork.framework/Headers/CFNetwork.h
/Applications/Xcode.app/Contents/Developer/Platforms/MacOSX.platform/Developer/SDKs/MacOSX26.1.sdk/System/Library/Frameworks/CoreFoundation.framework/Modules/module.modulemap
/Applications/Xcode.app/Contents/Developer/Platforms/MacOSX.platform/Developer/SDKs/MacOSX26.1.sdk/System/Library/Frameworks/CFNetwork.framework/Headers/CFNetworkDefs.h
/Applications/Xcode.app/Contents/Developer/Platforms/MacOSX.platform/Developer/SDKs/MacOSX26.1.sdk/usr/include/Darwin.modulemap
/Applications/Xcode.app/Contents/Developer/Platforms/MacOSX.platform/Developer/SDKs/MacOSX26.1.sdk/System/Library/Frameworks/CFNetwork.framework/Headers/CFNetworkErrors.h
/Applications/Xcode.app/Contents/Developer/Platforms/MacOSX.platform/Developer/SDKs/MacOSX26.1.sdk/System/Library/Frameworks/CFNetwork.framework/Headers/CFSocketStream.h
/Applications/Xcode.app/Contents/Developer/Platforms/MacOSX.platform/Developer/SDKs/MacOSX26.1.sdk/System/Library/Frameworks/CFNetwork.framework/Headers/CFHost.h
/Applications/Xcode.app/Contents/Developer/Platforms/MacOSX.platform/Developer/SDKs/MacOSX26.1.sdk/System/Library/Frameworks/CFNetwork.framework/Headers/CFNetServices.h
/Applications/Xcode.app/Contents/Developer/Platforms/MacOSX.platform/Developer/SDKs/MacOSX26.1.sdk/System/Library/Frameworks/CFNetwork.framework/Headers/CFFTPStream.h
/Applications/Xcode.app/Contents/Developer/Platforms/MacOSX.platform/Developer/SDKs/MacOSX26.1.sdk/System/Library/Frameworks/CFNetwork.framework/Headers/CFHTTPMessage.h
/Applications/Xcode.app/Contents/Developer/Platforms/MacOSX.platform/Developer/SDKs/MacOSX26.1.sdk/System/Library/Frameworks/CFNetwork.framework/Headers/CFHTTPStream.h
/Applications/Xcode.app/Contents/Developer/Platforms/MacOSX.platform/Developer/SDKs/MacOSX26.1.sdk/System/Library/Frameworks/CFNetwork.framework/Headers/CFHTTPAuthentication.h
/Applications/Xcode.app/Contents/Developer/Platforms/MacOSX.platform/Developer/SDKs/MacOSX26.1.sdk/System/Library/Frameworks/CFNetwork.framework/Headers/CFNetDiagnostics.h
/Applications/Xcode.app/Contents/Developer/Toolchains/XcodeDefault.xctoolchain/usr/lib/swift/clang/include/module.modulemap
/Applications/Xcode.app/Contents/Developer/Platforms/MacOSX.platform/Developer/SDKs/MacOSX26.1.sdk/System/Library/Frameworks/CFNetwork.framework/Headers/CFProxySupport.h
/Applications/Xcode.app/Contents/Developer/Platforms/MacOSX.platform/Developer/SDKs/MacOSX26.1.sdk/SDKSettings.json
/Applications/Xcode.app/Contents/Developer/Toolchains/XcodeDefault.xctoolchain/usr/lib/swift/macosx/prebuilt-modules/26.1/Combine.swiftmodule/arm64e-apple-macos.swiftmodule
/Users/rogerlin/Library/Developer/Xcode/DerivedData/FinancialCalculatorKit-ackorybalcxbfocbkqsfdzcfkgmn/Build/Products/Debug/ComplexModule.swiftmodule/arm64-apple-macos.swiftmodule
/Applications/Xcode.app/Contents/Developer/Toolchains/XcodeDefault.xctoolchain/usr/lib/swift/macosx/prebuilt-modules/26.1/CoreFoundation.swiftmodule/arm64e-apple-macos.swiftmodule
/Applications/Xcode.app/Contents/Developer/Platforms/MacOSX.platform/Developer/SDKs/MacOSX26.1.sdk/System/Library/Frameworks/CoreFoundation.framework/Modules/module.modulemap
/Applications/Xcode.app/Contents/Developer/Platforms/MacOSX.platform/Developer/SDKs/MacOSX26.1.sdk/System/Library/Frameworks/CoreFoundation.framework/Headers/CoreFoundation.h
/Applications/Xcode.app/Contents/Developer/Platforms/MacOSX.platform/Developer/SDKs/MacOSX26.1.sdk/usr/include/dispatch.modulemap
/Applications/Xcode.app/Contents/Developer/Platforms/MacOSX.platform/Developer/SDKs/MacOSX26.1.sdk/usr/include/Darwin.modulemap
/Applications/Xcode.app/Contents/Developer/Platforms/MacOSX.platform/Developer/SDKs/MacOSX26.1.sdk/usr/include/Darwin_C.modulemap
/Applications/Xcode.app/Contents/Developer/Platforms/MacOSX.platform/Developer/SDKs/MacOSX26.1.sdk/usr/include/Darwin_POSIX.modulemap
/Applications/Xcode.app/Contents/Developer/Platforms/MacOSX.platform/Developer/SDKs/MacOSX26.1.sdk/usr/include/net.modulemap
/Applications/Xcode.app/Contents/Developer/Platforms/MacOSX.platform/Developer/SDKs/MacOSX26.1.sdk/usr/include/netinet.modulemap
/Applications/Xcode.app/Contents/Developer/Platforms/MacOSX.platform/Developer/SDKs/MacOSX26.1.sdk/usr/include/bank.modulemap
/Applications/Xcode.app/Contents/Developer/Platforms/MacOSX.platform/Developer/SDKs/MacOSX26.1.sdk/usr/include/Darwin_Mach.modulemap
/Applications/Xcode.app/Contents/Developer/Platforms/MacOSX.platform/Developer/SDKs/MacOSX26.1.sdk/usr/include/Darwin_Mach_machine.modulemap
/Applications/Xcode.app/Contents/Developer/Platforms/MacOSX.platform/Developer/SDKs/MacOSX26.1.sdk/usr/include/mach_debug.modulemap
/Applications/Xcode.app/Contents/Developer/Platforms/MacOSX.platform/Developer/SDKs/MacOSX26.1.sdk/usr/include/device.modulemap
/Applications/Xcode.app/Contents/Developer/Platforms/MacOSX.platform/Developer/SDKs/MacOSX26.1.sdk/usr/include/Darwin_machine.modulemap
/Applications/Xcode.app/Contents/Developer/Platforms/MacOSX.platform/Developer/SDKs/MacOSX26.1.sdk/usr/include/ncurses.modulemap
/Applications/Xcode.app/Contents/Developer/Platforms/MacOSX.platform/Developer/SDKs/MacOSX26.1.sdk/usr/include/netinet6.modulemap
/Applications/Xcode.app/Contents/Developer/Platforms/MacOSX.platform/Developer/SDKs/MacOSX26.1.sdk/usr/include/Darwin_sys.modulemap
/Applications/Xcode.app/Contents/Developer/Platforms/MacOSX.platform/Developer/SDKs/MacOSX26.1.sdk/usr/include/uuid.modulemap
/Applications/Xcode.app/Contents/Developer/Platforms/MacOSX.platform/Developer/SDKs/MacOSX26.1.sdk/usr/include/DarwinFoundation2.modulemap
/Applications/Xcode.app/Contents/Developer/Platforms/MacOSX.platform/Developer/SDKs/MacOSX26.1.sdk/usr/include/DarwinFoundation3.modulemap
/Applications/Xcode.app/Contents/Developer/Platforms/MacOSX.platform/Developer/SDKs/MacOSX26.1.sdk/usr/include/DarwinFoundation1.modulemap
/Applications/Xcode.app/Contents/Developer/Toolchains/XcodeDefault.xctoolchain/usr/lib/swift/clang/include/module.modulemap
/Applications/Xcode.app/Contents/Developer/Toolchains/XcodeDefault.xctoolchain/usr/lib/swift/clang/include/stdarg.h
/Applications/Xcode.app/Contents/Developer/Platforms/MacOSX.platform/Developer/SDKs/MacOSX26.1.sdk/usr/include/assert.h
/Applications/Xcode.app/Contents/Developer/Platforms/MacOSX.platform/Developer/SDKs/MacOSX26.1.sdk/usr/include/ctype.h
/Applications/Xcode.app/Contents/Developer/Toolchains/XcodeDefault.xctoolchain/usr/lib/swift/clang/include/stddef.h
/Applications/Xcode.app/Contents/Developer/Platforms/MacOSX.platform/Developer/SDKs/MacOSX26.1.sdk/usr/include/stdio.h
/Applications/Xcode.app/Contents/Developer/Platforms/MacOSX.platform/Developer/SDKs/MacOSX26.1.sdk/usr/include/stdlib.h
/Applications/Xcode.app/Contents/Developer/Platforms/MacOSX.platform/Developer/SDKs/MacOSX26.1.sdk/usr/include/string.h
/Applications/Xcode.app/Contents/Developer/Platforms/MacOSX.platform/Developer/SDKs/MacOSX26.1.sdk/usr/include/time.h
/Applications/Xcode.app/Contents/Developer/Platforms/MacOSX.platform/Developer/SDKs/MacOSX26.1.sdk/System/Library/Frameworks/CoreFoundation.framework/Headers/CFBase.h
/Applications/Xcode.app/Contents/Developer/Platforms/MacOSX.platform/Developer/SDKs/MacOSX26.1.sdk/System/Library/Frameworks/CoreFoundation.framework/Headers/CFAvailability.h
/Applications/Xcode.app/Contents/Developer/Platforms/MacOSX.platform/Developer/SDKs/MacOSX26.1.sdk/System/Library/Frameworks/CoreFoundation.framework/Headers/CFArray.h
/Applications/Xcode.app/Contents/Developer/Platforms/MacOSX.platform/Developer/SDKs/MacOSX26.1.sdk/System/Library/Frameworks/CoreFoundation.framework/Headers/CFBag.h
/Applications/Xcode.app/Contents/Developer/Platforms/MacOSX.platform/Developer/SDKs/MacOSX26.1.sdk/System/Library/Frameworks/CoreFoundation.framework/Headers/CFBinaryHeap.h
/Applications/Xcode.app/Contents/Developer/Platforms/MacOSX.platform/Developer/SDKs/MacOSX26.1.sdk/System/Library/Frameworks/CoreFoundation.framework/Headers/CFBitVector.h
/Applications/Xcode.app/Contents/Developer/Platforms/MacOSX.platform/Developer/SDKs/MacOSX26.1.sdk/System/Library/Frameworks/CoreFoundation.framework/Headers/CFByteOrder.h
/Applications/Xcode.app/Contents/Developer/Platforms/MacOSX.platform/Developer/SDKs/MacOSX26.1.sdk/System/Library/Frameworks/CoreFoundation.framework/Headers/CFCalendar.h
/Applications/Xcode.app/Contents/Developer/Platforms/MacOSX.platform/Developer/SDKs/MacOSX26.1.sdk/System/Library/Frameworks/CoreFoundation.framework/Headers/CFLocale.h
/Applications/Xcode.app/Contents/Developer/Platforms/MacOSX.platform/Developer/SDKs/MacOSX26.1.sdk/System/Library/Frameworks/CoreFoundation.framework/Headers/CFDictionary.h
/Applications/Xcode.app/Contents/Developer/Platforms/MacOSX.platform/Developer/SDKs/MacOSX26.1.sdk/System/Library/Frameworks/CoreFoundation.framework/Headers/CFNotificationCenter.h
/Applications/Xcode.app/Contents/Developer/Platforms/MacOSX.platform/Developer/SDKs/MacOSX26.1.sdk/System/Library/Frameworks/CoreFoundation.framework/Headers/CFDate.h
/Applications/Xcode.app/Contents/Developer/Platforms/MacOSX.platform/Developer/SDKs/MacOSX26.1.sdk/System/Library/Frameworks/CoreFoundation.framework/Headers/CFTimeZone.h
/Applications/Xcode.app/Contents/Developer/Platforms/MacOSX.platform/Developer/SDKs/MacOSX26.1.sdk/System/Library/Frameworks/CoreFoundation.framework/Headers/CFData.h
/Applications/Xcode.app/Contents/Developer/Platforms/MacOSX.platform/Developer/SDKs/MacOSX26.1.sdk/System/Library/Frameworks/CoreFoundation.framework/Headers/CFString.h
/Applications/Xcode.app/Contents/Developer/Platforms/MacOSX.platform/Developer/SDKs/MacOSX26.1.sdk/System/Library/Frameworks/CoreFoundation.framework/Headers/CFCharacterSet.h
/Applications/Xcode.app/Contents/Developer/Platforms/MacOSX.platform/Developer/SDKs/MacOSX26.1.sdk/System/Library/Frameworks/CoreFoundation.framework/Headers/CFError.h
/Applications/Xcode.app/Contents/Developer/Platforms/MacOSX.platform/Developer/SDKs/MacOSX26.1.sdk/System/Library/Frameworks/CoreFoundation.framework/Headers/CFCGTypes.h
/Applications/Xcode.app/Contents/Developer/Platforms/MacOSX.platform/Developer/SDKs/MacOSX26.1.sdk/System/Library/Frameworks/CoreFoundation.framework/Headers/CFDateFormatter.h
/Applications/Xcode.app/Contents/Developer/Platforms/MacOSX.platform/Developer/SDKs/MacOSX26.1.sdk/System/Library/Frameworks/CoreFoundation.framework/Headers/CFNumber.h
/Applications/Xcode.app/Contents/Developer/Platforms/MacOSX.platform/Developer/SDKs/MacOSX26.1.sdk/System/Library/Frameworks/CoreFoundation.framework/Headers/CFNumberFormatter.h
/Applications/Xcode.app/Contents/Developer/Platforms/MacOSX.platform/Developer/SDKs/MacOSX26.1.sdk/System/Library/Frameworks/CoreFoundation.framework/Headers/CFPreferences.h
/Applications/Xcode.app/Contents/Developer/Platforms/MacOSX.platform/Developer/SDKs/MacOSX26.1.sdk/System/Library/Frameworks/CoreFoundation.framework/Headers/CFPropertyList.h
/Applications/Xcode.app/Contents/Developer/Platforms/MacOSX.platform/Developer/SDKs/MacOSX26.1.sdk/System/Library/Frameworks/CoreFoundation.framework/Headers/CFStream.h
/Applications/Xcode.app/Contents/Developer/Platforms/MacOSX.platform/Developer/SDKs/MacOSX26.1.sdk/System/Library/Frameworks/CoreFoundation.framework/Headers/CFURL.h
/Applications/Xcode.app/Contents/Developer/Platforms/MacOSX.platform/Developer/SDKs/MacOSX26.1.sdk/System/Library/Frameworks/CoreFoundation.framework/Headers/CFRunLoop.h
/Applications/Xcode.app/Contents/Developer/Platforms/MacOSX.platform/Developer/SDKs/MacOSX26.1.sdk/System/Library/Frameworks/CoreFoundation.framework/Headers/CFSocket.h
/Applications/Xcode.app/Contents/Developer/Platforms/MacOSX.platform/Developer/SDKs/MacOSX26.1.sdk/System/Library/Frameworks/CoreFoundation.framework/Headers/CFSet.h
/Applications/Xcode.app/Contents/Developer/Platforms/MacOSX.platform/Developer/SDKs/MacOSX26.1.sdk/System/Library/Frameworks/CoreFoundation.framework/Headers/CFStringEncodingExt.h
/Applications/Xcode.app/Contents/Developer/Platforms/MacOSX.platform/Developer/SDKs/MacOSX26.1.sdk/System/Library/Frameworks/CoreFoundation.framework/Headers/CFTree.h
/Applications/Xcode.app/Contents/Developer/Platforms/MacOSX.platform/Developer/SDKs/MacOSX26.1.sdk/System/Library/Frameworks/CoreFoundation.framework/Headers/CFURLAccess.h
/Applications/Xcode.app/Contents/Developer/Platforms/MacOSX.platform/Developer/SDKs/MacOSX26.1.sdk/System/Library/Frameworks/CoreFoundation.framework/Headers/CFUUID.h
/Applications/Xcode.app/Contents/Developer/Platforms/MacOSX.platform/Developer/SDKs/MacOSX26.1.sdk/System/Library/Frameworks/CoreFoundation.framework/Headers/CFUtilities.h
/Applications/Xcode.app/Contents/Developer/Platforms/MacOSX.platform/Developer/SDKs/MacOSX26.1.sdk/System/Library/Frameworks/CoreFoundation.framework/Headers/CFBundle.h
/Applications/Xcode.app/Contents/Developer/Platforms/MacOSX.platform/Developer/SDKs/MacOSX26.1.sdk/System/Library/Frameworks/CoreFoundation.framework/Headers/CFMessagePort.h
/Applications/Xcode.app/Contents/Developer/Platforms/MacOSX.platform/Developer/SDKs/MacOSX26.1.sdk/System/Library/Frameworks/CoreFoundation.framework/Headers/CFPlugIn.h
/Applications/Xcode.app/Contents/Developer/Platforms/MacOSX.platform/Developer/SDKs/MacOSX26.1.sdk/System/Library/Frameworks/CoreFoundation.framework/Headers/CFMachPort.h
/Applications/Xcode.app/Contents/Developer/Platforms/MacOSX.platform/Developer/SDKs/MacOSX26.1.sdk/System/Library/Frameworks/CoreFoundation.framework/Headers/CFAttributedString.h
/Applications/Xcode.app/Contents/Developer/Platforms/MacOSX.platform/Developer/SDKs/MacOSX26.1.sdk/System/Library/Frameworks/CoreFoundation.framework/Headers/CFURLEnumerator.h
/Applications/Xcode.app/Contents/Developer/Platforms/MacOSX.platform/Developer/SDKs/MacOSX26.1.sdk/System/Library/Frameworks/CoreFoundation.framework/Headers/CFFileSecurity.h
/Applications/Xcode.app/Contents/Developer/Platforms/MacOSX.platform/Developer/SDKs/MacOSX26.1.sdk/System/Library/Frameworks/CoreFoundation.framework/Headers/CFStringTokenizer.h
/Applications/Xcode.app/Contents/Developer/Platforms/MacOSX.platform/Developer/SDKs/MacOSX26.1.sdk/System/Library/Frameworks/CoreFoundation.framework/Headers/CFFileDescriptor.h
/Applications/Xcode.app/Contents/Developer/Platforms/MacOSX.platform/Developer/SDKs/MacOSX26.1.sdk/System/Library/Frameworks/CoreFoundation.framework/Headers/CFUserNotification.h
/Applications/Xcode.app/Contents/Developer/Platforms/MacOSX.platform/Developer/SDKs/MacOSX26.1.sdk/System/Library/Frameworks/CoreFoundation.framework/Headers/CFXMLNode.h
/Applications/Xcode.app/Contents/Developer/Platforms/MacOSX.platform/Developer/SDKs/MacOSX26.1.sdk/System/Library/Frameworks/CoreFoundation.framework/Headers/CFXMLParser.h
/Applications/Xcode.app/Contents/Developer/Platforms/MacOSX.platform/Developer/SDKs/MacOSX26.1.sdk/System/Library/Frameworks/CoreFoundation.framework/Headers/CFPlugInCOM.h
/Applications/Xcode.app/Contents/Developer/Platforms/MacOSX.platform/Developer/SDKs/MacOSX26.1.sdk/SDKSettings.json
/Applications/Xcode.app/Contents/Developer/Platforms/MacOSX.platform/Developer/SDKs/MacOSX26.1.sdk/System/Library/Frameworks/CoreServices.framework/Modules/module.modulemap
/Applications/Xcode.app/Contents/Developer/Platforms/MacOSX.platform/Developer/SDKs/MacOSX26.1.sdk/System/Library/Frameworks/CoreServices.framework/Headers/CoreServices.h
/Applications/Xcode.app/Contents/Developer/Platforms/MacOSX.platform/Developer/SDKs/MacOSX26.1.sdk/System/Library/Frameworks/CoreFoundation.framework/Modules/module.modulemap
/Applications/Xcode.app/Contents/Developer/Platforms/MacOSX.platform/Developer/SDKs/MacOSX26.1.sdk/System/Library/Frameworks/CoreServices.framework/Frameworks/AE.framework/Headers/AE.h
/Applications/Xcode.app/Contents/Developer/Platforms/MacOSX.platform/Developer/SDKs/MacOSX26.1.sdk/System/Library/Frameworks/CoreServices.framework/Frameworks/CarbonCore.framework/Headers/CarbonCore.h
/Applications/Xcode.app/Contents/Developer/Platforms/MacOSX.platform/Developer/SDKs/MacOSX26.1.sdk/System/Library/Frameworks/CoreServices.framework/Frameworks/CarbonCore.framework/Headers/Finder.h
/Applications/Xcode.app/Contents/Developer/Platforms/MacOSX.platform/Developer/SDKs/MacOSX26.1.sdk/usr/include/dispatch.modulemap
/Applications/Xcode.app/Contents/Developer/Platforms/MacOSX.platform/Developer/SDKs/MacOSX26.1.sdk/usr/include/Darwin.modulemap
/Applications/Xcode.app/Contents/Developer/Platforms/MacOSX.platform/Developer/SDKs/MacOSX26.1.sdk/usr/include/DarwinFoundation2.modulemap
/Applications/Xcode.app/Contents/Developer/Platforms/MacOSX.platform/Developer/SDKs/MacOSX26.1.sdk/usr/include/DarwinFoundation1.modulemap
/Applications/Xcode.app/Contents/Developer/Platforms/MacOSX.platform/Developer/SDKs/MacOSX26.1.sdk/System/Library/Frameworks/CoreServices.framework/Frameworks/CarbonCore.framework/Headers/FixMath.h
/Applications/Xcode.app/Contents/Developer/Platforms/MacOSX.platform/Developer/SDKs/MacOSX26.1.sdk/System/Library/Frameworks/CoreServices.framework/Frameworks/CarbonCore.framework/Headers/Script.h
/Applications/Xcode.app/Contents/Developer/Platforms/MacOSX.platform/Developer/SDKs/MacOSX26.1.sdk/System/Library/Frameworks/CoreServices.framework/Frameworks/CarbonCore.framework/Headers/IntlResources.h
/Applications/Xcode.app/Contents/Developer/Platforms/MacOSX.platform/Developer/SDKs/MacOSX26.1.sdk/System/Library/Frameworks/CoreServices.framework/Frameworks/CarbonCore.framework/Headers/UTCUtils.h
/Applications/Xcode.app/Contents/Developer/Platforms/MacOSX.platform/Developer/SDKs/MacOSX26.1.sdk/System/Library/Frameworks/CoreServices.framework/Frameworks/CarbonCore.framework/Headers/MacErrors.h
/Applications/Xcode.app/Contents/Developer/Platforms/MacOSX.platform/Developer/SDKs/MacOSX26.1.sdk/System/Library/Frameworks/CoreServices.framework/Frameworks/CarbonCore.framework/Headers/TextCommon.h
/Applications/Xcode.app/Contents/Developer/Platforms/MacOSX.platform/Developer/SDKs/MacOSX26.1.sdk/System/Library/Frameworks/CoreServices.framework/Frameworks/CarbonCore.framework/Headers/Collections.h
/Applications/Xcode.app/Contents/Developer/Platforms/MacOSX.platform/Developer/SDKs/MacOSX26.1.sdk/System/Library/Frameworks/CoreServices.framework/Frameworks/CarbonCore.framework/Headers/MixedMode.h
/Applications/Xcode.app/Contents/Developer/Platforms/MacOSX.platform/Developer/SDKs/MacOSX26.1.sdk/System/Library/Frameworks/CoreServices.framework/Frameworks/CarbonCore.framework/Headers/Endian.h
/Applications/Xcode.app/Contents/Developer/Platforms/MacOSX.platform/Developer/SDKs/MacOSX26.1.sdk/System/Library/Frameworks/CoreServices.framework/Frameworks/CarbonCore.framework/Headers/Gestalt.h
/Applications/Xcode.app/Contents/Developer/Platforms/MacOSX.platform/Developer/SDKs/MacOSX26.1.sdk/System/Library/Frameworks/CoreServices.framework/Frameworks/CarbonCore.framework/Headers/MacMemory.h
/Applications/Xcode.app/Contents/Developer/Platforms/MacOSX.platform/Developer/SDKs/MacOSX26.1.sdk/System/Library/Frameworks/CoreServices.framework/Frameworks/CarbonCore.framework/Headers/Math64.h
/Applications/Xcode.app/Contents/Developer/Platforms/MacOSX.platform/Developer/SDKs/MacOSX26.1.sdk/System/Library/Frameworks/CoreServices.framework/Frameworks/CarbonCore.framework/Headers/BackupCore.h
/Applications/Xcode.app/Contents/Developer/Platforms/MacOSX.platform/Developer/SDKs/MacOSX26.1.sdk/System/Library/Frameworks/CoreServices.framework/Frameworks/CarbonCore.framework/Headers/DiskSpaceRecovery.h
/Applications/Xcode.app/Contents/Developer/Platforms/MacOSX.platform/Developer/SDKs/MacOSX26.1.sdk/System/Library/Frameworks/CoreServices.framework/Frameworks/CarbonCore.framework/Headers/Components.h
/Applications/Xcode.app/Contents/Developer/Platforms/MacOSX.platform/Developer/SDKs/MacOSX26.1.sdk/System/Library/Frameworks/CoreServices.framework/Frameworks/CarbonCore.framework/Headers/Files.h
/Applications/Xcode.app/Contents/Developer/Platforms/MacOSX.platform/Developer/SDKs/MacOSX26.1.sdk/System/Library/Frameworks/CoreServices.framework/Frameworks/CarbonCore.framework/Headers/OSUtils.h
/Applications/Xcode.app/Contents/Developer/Platforms/MacOSX.platform/Developer/SDKs/MacOSX26.1.sdk/System/Library/Frameworks/CoreServices.framework/Frameworks/CarbonCore.framework/Headers/DateTimeUtils.h
/Applications/Xcode.app/Contents/Developer/Platforms/MacOSX.platform/Developer/SDKs/MacOSX26.1.sdk/System/Library/Frameworks/DiskArbitration.framework/Modules/module.modulemap
/Applications/Xcode.app/Contents/Developer/Platforms/MacOSX.platform/Developer/SDKs/MacOSX26.1.sdk/System/Library/Frameworks/CoreServices.framework/Frameworks/CarbonCore.framework/Headers/Resources.h
/Applications/Xcode.app/Contents/Developer/Platforms/MacOSX.platform/Developer/SDKs/MacOSX26.1.sdk/System/Library/Frameworks/CoreServices.framework/Frameworks/CarbonCore.framework/Headers/CodeFragments.h
/Applications/Xcode.app/Contents/Developer/Platforms/MacOSX.platform/Developer/SDKs/MacOSX26.1.sdk/System/Library/Frameworks/CoreServices.framework/Frameworks/CarbonCore.framework/Headers/Multiprocessing.h
/Applications/Xcode.app/Contents/Developer/Platforms/MacOSX.platform/Developer/SDKs/MacOSX26.1.sdk/System/Library/Frameworks/CoreServices.framework/Frameworks/CarbonCore.framework/Headers/Aliases.h
/Applications/Xcode.app/Contents/Developer/Platforms/MacOSX.platform/Developer/SDKs/MacOSX26.1.sdk/System/Library/Frameworks/CoreServices.framework/Frameworks/CarbonCore.framework/Headers/MacLocales.h
/Applications/Xcode.app/Contents/Developer/Platforms/MacOSX.platform/Developer/SDKs/MacOSX26.1.sdk/System/Library/Frameworks/CoreServices.framework/Frameworks/CarbonCore.framework/Headers/Debugging.h
/Applications/Xcode.app/Contents/Developer/Platforms/MacOSX.platform/Developer/SDKs/MacOSX26.1.sdk/System/Library/Frameworks/CoreServices.framework/Frameworks/CarbonCore.framework/Headers/PLStringFuncs.h
/Applications/Xcode.app/Contents/Developer/Platforms/MacOSX.platform/Developer/SDKs/MacOSX26.1.sdk/System/Library/Frameworks/CoreServices.framework/Frameworks/CarbonCore.framework/Headers/DriverSynchronization.h
/Applications/Xcode.app/Contents/Developer/Platforms/MacOSX.platform/Developer/SDKs/MacOSX26.1.sdk/System/Library/Frameworks/CoreServices.framework/Frameworks/CarbonCore.framework/Headers/DriverServices.h
/Applications/Xcode.app/Contents/Developer/Platforms/MacOSX.platform/Developer/SDKs/MacOSX26.1.sdk/System/Library/Frameworks/CoreServices.framework/Frameworks/CarbonCore.framework/Headers/MachineExceptions.h
/Applications/Xcode.app/Contents/Developer/Platforms/MacOSX.platform/Developer/SDKs/MacOSX26.1.sdk/System/Library/Frameworks/CoreServices.framework/Frameworks/CarbonCore.framework/Headers/NumberFormatting.h
/Applications/Xcode.app/Contents/Developer/Platforms/MacOSX.platform/Developer/SDKs/MacOSX26.1.sdk/System/Library/Frameworks/CoreServices.framework/Frameworks/CarbonCore.framework/Headers/StringCompare.h
/Applications/Xcode.app/Contents/Developer/Platforms/MacOSX.platform/Developer/SDKs/MacOSX26.1.sdk/System/Library/Frameworks/CoreServices.framework/Frameworks/CarbonCore.framework/Headers/TextUtils.h
/Applications/Xcode.app/Contents/Developer/Platforms/MacOSX.platform/Developer/SDKs/MacOSX26.1.sdk/System/Library/Frameworks/CoreServices.framework/Frameworks/CarbonCore.framework/Headers/ToolUtils.h
/Applications/Xcode.app/Contents/Developer/Platforms/MacOSX.platform/Developer/SDKs/MacOSX26.1.sdk/System/Library/Frameworks/CoreServices.framework/Frameworks/CarbonCore.framework/Headers/UnicodeUtilities.h
/Applications/Xcode.app/Contents/Developer/Platforms/MacOSX.platform/Developer/SDKs/MacOSX26.1.sdk/System/Library/Frameworks/CoreServices.framework/Frameworks/CarbonCore.framework/Headers/fp.h
/Applications/Xcode.app/Contents/Developer/Platforms/MacOSX.platform/Developer/SDKs/MacOSX26.1.sdk/System/Library/Frameworks/CoreServices.framework/Frameworks/CarbonCore.framework/Headers/TextEncodingConverter.h
/Applications/Xcode.app/Contents/Developer/Platforms/MacOSX.platform/Developer/SDKs/MacOSX26.1.sdk/System/Library/Frameworks/CoreServices.framework/Frameworks/CarbonCore.framework/Headers/UnicodeConverter.h
/Applications/Xcode.app/Contents/Developer/Platforms/MacOSX.platform/Developer/SDKs/MacOSX26.1.sdk/System/Library/Frameworks/CoreServices.framework/Frameworks/CarbonCore.framework/Headers/Threads.h
/Applications/Xcode.app/Contents/Developer/Platforms/MacOSX.platform/Developer/SDKs/MacOSX26.1.sdk/System/Library/Frameworks/CoreServices.framework/Frameworks/CarbonCore.framework/Headers/Folders.h
/Applications/Xcode.app/Contents/Developer/Platforms/MacOSX.platform/Developer/SDKs/MacOSX26.1.sdk/System/Library/Frameworks/CoreServices.framework/Frameworks/CarbonCore.framework/Headers/Timer.h
/Applications/Xcode.app/Contents/Developer/Platforms/MacOSX.platform/Developer/SDKs/MacOSX26.1.sdk/System/Library/Frameworks/CoreServices.framework/Frameworks/CarbonCore.framework/Headers/MultiprocessingInfo.h
/Applications/Xcode.app/Contents/Developer/Platforms/MacOSX.platform/Developer/SDKs/MacOSX26.1.sdk/System/Library/Frameworks/CoreServices.framework/Frameworks/CarbonCore.framework/Headers/LowMem.h
/Applications/Xcode.app/Contents/Developer/Platforms/MacOSX.platform/Developer/SDKs/MacOSX26.1.sdk/System/Library/Frameworks/CoreServices.framework/Frameworks/CarbonCore.framework/Headers/AVLTree.h
/Applications/Xcode.app/Contents/Developer/Platforms/MacOSX.platform/Developer/SDKs/MacOSX26.1.sdk/System/Library/Frameworks/CoreServices.framework/Frameworks/CarbonCore.framework/Headers/PEFBinaryFormat.h
/Applications/Xcode.app/Contents/Developer/Platforms/MacOSX.platform/Developer/SDKs/MacOSX26.1.sdk/System/Library/Frameworks/CoreServices.framework/Frameworks/CarbonCore.framework/Headers/HFSVolumes.h
/Applications/Xcode.app/Contents/Developer/Platforms/MacOSX.platform/Developer/SDKs/MacOSX26.1.sdk/System/Library/Frameworks/CoreServices.framework/Frameworks/CarbonCore.framework/Headers/AIFF.h
/Applications/Xcode.app/Contents/Developer/Toolchains/XcodeDefault.xctoolchain/usr/lib/swift/clang/include/module.modulemap
/Applications/Xcode.app/Contents/Developer/Platforms/MacOSX.platform/Developer/SDKs/MacOSX26.1.sdk/System/Library/Frameworks/CoreServices.framework/Frameworks/CarbonCore.framework/Headers/TextEncodingPlugin.h
/Applications/Xcode.app/Contents/Developer/Platforms/MacOSX.platform/Developer/SDKs/MacOSX26.1.sdk/System/Library/Frameworks/CoreServices.framework/Frameworks/AE.framework/Headers/AEDataModel.h
/Applications/Xcode.app/Contents/Developer/Platforms/MacOSX.platform/Developer/SDKs/MacOSX26.1.sdk/System/Library/Frameworks/CoreServices.framework/Frameworks/AE.framework/Headers/AppleEvents.h
/Applications/Xcode.app/Contents/Developer/Platforms/MacOSX.platform/Developer/SDKs/MacOSX26.1.sdk/System/Library/Frameworks/CoreServices.framework/Frameworks/AE.framework/Headers/AEPackObject.h
/Applications/Xcode.app/Contents/Developer/Platforms/MacOSX.platform/Developer/SDKs/MacOSX26.1.sdk/System/Library/Frameworks/CoreServices.framework/Frameworks/AE.framework/Headers/AEObjects.h
/Applications/Xcode.app/Contents/Developer/Platforms/MacOSX.platform/Developer/SDKs/MacOSX26.1.sdk/System/Library/Frameworks/CoreServices.framework/Frameworks/AE.framework/Headers/AERegistry.h
/Applications/Xcode.app/Contents/Developer/Platforms/MacOSX.platform/Developer/SDKs/MacOSX26.1.sdk/System/Library/Frameworks/CoreServices.framework/Frameworks/AE.framework/Headers/AEUserTermTypes.h
/Applications/Xcode.app/Contents/Developer/Platforms/MacOSX.platform/Developer/SDKs/MacOSX26.1.sdk/System/Library/Frameworks/CoreServices.framework/Frameworks/AE.framework/Headers/AEHelpers.h
/Applications/Xcode.app/Contents/Developer/Toolchains/XcodeDefault.xctoolchain/usr/lib/swift/clang/include/stdarg.h
/Applications/Xcode.app/Contents/Developer/Platforms/MacOSX.platform/Developer/SDKs/MacOSX26.1.sdk/System/Library/Frameworks/CoreServices.framework/Frameworks/AE.framework/Headers/AEMach.h
/Applications/Xcode.app/Contents/Developer/Platforms/MacOSX.platform/Developer/SDKs/MacOSX26.1.sdk/System/Library/Frameworks/CFNetwork.framework/Modules/module.modulemap
/Applications/Xcode.app/Contents/Developer/Platforms/MacOSX.platform/Developer/SDKs/MacOSX26.1.sdk/System/Library/Frameworks/CoreServices.framework/Frameworks/DictionaryServices.framework/Headers/DictionaryServices.h
/Applications/Xcode.app/Contents/Developer/Platforms/MacOSX.platform/Developer/SDKs/MacOSX26.1.sdk/System/Library/Frameworks/CoreServices.framework/Frameworks/LaunchServices.framework/Headers/LaunchServices.h
/Applications/Xcode.app/Contents/Developer/Platforms/MacOSX.platform/Developer/SDKs/MacOSX26.1.sdk/System/Library/Frameworks/CoreServices.framework/Frameworks/LaunchServices.framework/Headers/IconsCore.h
/Applications/Xcode.app/Contents/Developer/Platforms/MacOSX.platform/Developer/SDKs/MacOSX26.1.sdk/System/Library/Frameworks/CoreServices.framework/Frameworks/OSServices.framework/Headers/OSServices.h
/Applications/Xcode.app/Contents/Developer/Platforms/MacOSX.platform/Developer/SDKs/MacOSX26.1.sdk/System/Library/Frameworks/CoreServices.framework/Frameworks/OSServices.framework/Headers/CSIdentity.h
/Applications/Xcode.app/Contents/Developer/Platforms/MacOSX.platform/Developer/SDKs/MacOSX26.1.sdk/System/Library/Frameworks/CoreServices.framework/Frameworks/OSServices.framework/Headers/CSIdentityBase.h
/Applications/Xcode.app/Contents/Developer/Platforms/MacOSX.platform/Developer/SDKs/MacOSX26.1.sdk/System/Library/Frameworks/Security.framework/Modules/module.modulemap
/Applications/Xcode.app/Contents/Developer/Platforms/MacOSX.platform/Developer/SDKs/MacOSX26.1.sdk/System/Library/Frameworks/CoreServices.framework/Frameworks/OSServices.framework/Headers/CSIdentityAuthority.h
/Applications/Xcode.app/Contents/Developer/Platforms/MacOSX.platform/Developer/SDKs/MacOSX26.1.sdk/System/Library/Frameworks/CoreServices.framework/Frameworks/OSServices.framework/Headers/CSIdentityQuery.h
/Applications/Xcode.app/Contents/Developer/Platforms/MacOSX.platform/Developer/SDKs/MacOSX26.1.sdk/System/Library/Frameworks/CoreServices.framework/Frameworks/OSServices.framework/Headers/IconStorage.h
/Applications/Xcode.app/Contents/Developer/Platforms/MacOSX.platform/Developer/SDKs/MacOSX26.1.sdk/System/Library/Frameworks/CoreServices.framework/Frameworks/OSServices.framework/Headers/Power.h
/Applications/Xcode.app/Contents/Developer/Platforms/MacOSX.platform/Developer/SDKs/MacOSX26.1.sdk/System/Library/Frameworks/CoreServices.framework/Frameworks/OSServices.framework/Headers/SecurityCore.h
/Applications/Xcode.app/Contents/Developer/Platforms/MacOSX.platform/Developer/SDKs/MacOSX26.1.sdk/System/Library/Frameworks/CoreServices.framework/Frameworks/OSServices.framework/Headers/KeychainCore.h
/Applications/Xcode.app/Contents/Developer/Platforms/MacOSX.platform/Developer/SDKs/MacOSX26.1.sdk/System/Library/Frameworks/CoreServices.framework/Frameworks/OSServices.framework/Headers/WSMethodInvocation.h
/Applications/Xcode.app/Contents/Developer/Platforms/MacOSX.platform/Developer/SDKs/MacOSX26.1.sdk/System/Library/Frameworks/CoreServices.framework/Frameworks/OSServices.framework/Headers/WSTypes.h
/Applications/Xcode.app/Contents/Developer/Platforms/MacOSX.platform/Developer/SDKs/MacOSX26.1.sdk/System/Library/Frameworks/CoreServices.framework/Frameworks/OSServices.framework/Headers/WSProtocolHandler.h
/Applications/Xcode.app/Contents/Developer/Platforms/MacOSX.platform/Developer/SDKs/MacOSX26.1.sdk/System/Library/Frameworks/CoreServices.framework/Frameworks/LaunchServices.framework/Headers/LSConstants.h
/Applications/Xcode.app/Contents/Developer/Platforms/MacOSX.platform/Developer/SDKs/MacOSX26.1.sdk/System/Library/Frameworks/CoreServices.framework/Frameworks/LaunchServices.framework/Headers/LSInfo.h
/Applications/Xcode.app/Contents/Developer/Platforms/MacOSX.platform/Developer/SDKs/MacOSX26.1.sdk/System/Library/Frameworks/CoreServices.framework/Frameworks/LaunchServices.framework/Headers/LSInfoDeprecated.h
/Applications/Xcode.app/Contents/Developer/Platforms/MacOSX.platform/Developer/SDKs/MacOSX26.1.sdk/System/Library/Frameworks/CoreServices.framework/Frameworks/LaunchServices.framework/Headers/LSOpen.h
/Applications/Xcode.app/Contents/Developer/Platforms/MacOSX.platform/Developer/SDKs/MacOSX26.1.sdk/System/Library/Frameworks/CoreServices.framework/Frameworks/LaunchServices.framework/Headers/LSOpenDeprecated.h
/Applications/Xcode.app/Contents/Developer/Platforms/MacOSX.platform/Developer/SDKs/MacOSX26.1.sdk/System/Library/Frameworks/CoreServices.framework/Frameworks/LaunchServices.framework/Headers/LSQuarantine.h
/Applications/Xcode.app/Contents/Developer/Platforms/MacOSX.platform/Developer/SDKs/MacOSX26.1.sdk/System/Library/Frameworks/CoreServices.framework/Frameworks/LaunchServices.framework/Headers/UTCoreTypes.h
/Applications/Xcode.app/Contents/Developer/Platforms/MacOSX.platform/Developer/SDKs/MacOSX26.1.sdk/System/Library/Frameworks/CoreServices.framework/Frameworks/LaunchServices.framework/Headers/UTType.h
/Applications/Xcode.app/Contents/Developer/Platforms/MacOSX.platform/Developer/SDKs/MacOSX26.1.sdk/System/Library/Frameworks/CoreServices.framework/Frameworks/Metadata.framework/Headers/Metadata.h
/Applications/Xcode.app/Contents/Developer/Platforms/MacOSX.platform/Developer/SDKs/MacOSX26.1.sdk/System/Library/Frameworks/CoreServices.framework/Frameworks/Metadata.framework/Headers/MDItem.h
/Applications/Xcode.app/Contents/Developer/Platforms/MacOSX.platform/Developer/SDKs/MacOSX26.1.sdk/System/Library/Frameworks/CoreServices.framework/Frameworks/Metadata.framework/Headers/MDLabel.h
/Applications/Xcode.app/Contents/Developer/Platforms/MacOSX.platform/Developer/SDKs/MacOSX26.1.sdk/System/Library/Frameworks/CoreServices.framework/Frameworks/Metadata.framework/Headers/MDQuery.h
/Applications/Xcode.app/Contents/Developer/Platforms/MacOSX.platform/Developer/SDKs/MacOSX26.1.sdk/System/Library/Frameworks/CoreServices.framework/Frameworks/Metadata.framework/Headers/MDSchema.h
/Applications/Xcode.app/Contents/Developer/Platforms/MacOSX.platform/Developer/SDKs/MacOSX26.1.sdk/System/Library/Frameworks/CoreServices.framework/Frameworks/Metadata.framework/Headers/MDImporter.h
/Applications/Xcode.app/Contents/Developer/Platforms/MacOSX.platform/Developer/SDKs/MacOSX26.1.sdk/System/Library/Frameworks/CoreServices.framework/Frameworks/SearchKit.framework/Headers/SearchKit.h
/Applications/Xcode.app/Contents/Developer/Platforms/MacOSX.platform/Developer/SDKs/MacOSX26.1.sdk/System/Library/Frameworks/CoreServices.framework/Frameworks/SearchKit.framework/Headers/SKDocument.h
/Applications/Xcode.app/Contents/Developer/Platforms/MacOSX.platform/Developer/SDKs/MacOSX26.1.sdk/System/Library/Frameworks/CoreServices.framework/Frameworks/SearchKit.framework/Headers/SKAnalysis.h
/Applications/Xcode.app/Contents/Developer/Platforms/MacOSX.platform/Developer/SDKs/MacOSX26.1.sdk/System/Library/Frameworks/CoreServices.framework/Frameworks/SearchKit.framework/Headers/SKIndex.h
/Applications/Xcode.app/Contents/Developer/Platforms/MacOSX.platform/Developer/SDKs/MacOSX26.1.sdk/System/Library/Frameworks/CoreServices.framework/Frameworks/SearchKit.framework/Headers/SKSearch.h
/Applications/Xcode.app/Contents/Developer/Platforms/MacOSX.platform/Developer/SDKs/MacOSX26.1.sdk/System/Library/Frameworks/CoreServices.framework/Frameworks/SearchKit.framework/Headers/SKSummary.h
/Applications/Xcode.app/Contents/Developer/Platforms/MacOSX.platform/Developer/SDKs/MacOSX26.1.sdk/System/Library/Frameworks/CoreServices.framework/Frameworks/FSEvents.framework/Headers/FSEvents.h
/Applications/Xcode.app/Contents/Developer/Platforms/MacOSX.platform/Developer/SDKs/MacOSX26.1.sdk/System/Library/Frameworks/CoreServices.framework/Frameworks/SharedFileList.framework/Headers/SharedFileList.h
/Applications/Xcode.app/Contents/Developer/Platforms/MacOSX.platform/Developer/SDKs/MacOSX26.1.sdk/System/Library/Frameworks/CoreServices.framework/Frameworks/SharedFileList.framework/Headers/LSSharedFileList.h
/Applications/Xcode.app/Contents/Developer/Platforms/MacOSX.platform/Developer/SDKs/MacOSX26.1.sdk/SDKSettings.json
/Applications/Xcode.app/Contents/Developer/Platforms/MacOSX.platform/Developer/SDKs/MacOSX26.1.sdk/usr/include/Darwin.modulemap
/Applications/Xcode.app/Contents/Developer/Platforms/MacOSX.platform/Developer/SDKs/MacOSX26.1.sdk/usr/include/Darwin_C.modulemap
/Applications/Xcode.app/Contents/Developer/Platforms/MacOSX.platform/Developer/SDKs/MacOSX26.1.sdk/usr/include/Darwin_POSIX.modulemap
/Applications/Xcode.app/Contents/Developer/Platforms/MacOSX.platform/Developer/SDKs/MacOSX26.1.sdk/usr/include/net.modulemap
/Applications/Xcode.app/Contents/Developer/Platforms/MacOSX.platform/Developer/SDKs/MacOSX26.1.sdk/usr/include/netinet.modulemap
/Applications/Xcode.app/Contents/Developer/Platforms/MacOSX.platform/Developer/SDKs/MacOSX26.1.sdk/usr/include/bank.modulemap
/Applications/Xcode.app/Contents/Developer/Platforms/MacOSX.platform/Developer/SDKs/MacOSX26.1.sdk/usr/include/Darwin_Mach.modulemap
/Applications/Xcode.app/Contents/Developer/Platforms/MacOSX.platform/Developer/SDKs/MacOSX26.1.sdk/usr/include/Darwin_Mach_machine.modulemap
/Applications/Xcode.app/Contents/Developer/Platforms/MacOSX.platform/Developer/SDKs/MacOSX26.1.sdk/usr/include/mach_debug.modulemap
/Applications/Xcode.app/Contents/Developer/Platforms/MacOSX.platform/Developer/SDKs/MacOSX26.1.sdk/usr/include/device.modulemap
/Applications/Xcode.app/Contents/Developer/Platforms/MacOSX.platform/Developer/SDKs/MacOSX26.1.sdk/usr/include/Darwin_machine.modulemap
/Applications/Xcode.app/Contents/Developer/Platforms/MacOSX.platform/Developer/SDKs/MacOSX26.1.sdk/usr/include/ncurses.modulemap
/Applications/Xcode.app/Contents/Developer/Platforms/MacOSX.platform/Developer/SDKs/MacOSX26.1.sdk/usr/include/netinet6.modulemap
/Applications/Xcode.app/Contents/Developer/Platforms/MacOSX.platform/Developer/SDKs/MacOSX26.1.sdk/usr/include/Darwin_sys.modulemap
/Applications/Xcode.app/Contents/Developer/Platforms/MacOSX.platform/Developer/SDKs/MacOSX26.1.sdk/usr/include/uuid.modulemap
/Applications/Xcode.app/Contents/Developer/Platforms/MacOSX.platform/Developer/SDKs/MacOSX26.1.sdk/usr/include/DarwinFoundation2.modulemap
/Applications/Xcode.app/Contents/Developer/Platforms/MacOSX.platform/Developer/SDKs/MacOSX26.1.sdk/usr/include/DarwinFoundation3.modulemap
/Applications/Xcode.app/Contents/Developer/Platforms/MacOSX.platform/Developer/SDKs/MacOSX26.1.sdk/usr/include/DarwinFoundation1.modulemap
/Applications/Xcode.app/Contents/Developer/Platforms/MacOSX.platform/Developer/SDKs/MacOSX26.1.sdk/usr/include/copyfile.h
/Applications/Xcode.app/Contents/Developer/Toolchains/XcodeDefault.xctoolchain/usr/lib/swift/clang/include/module.modulemap
/Applications/Xcode.app/Contents/Developer/Platforms/MacOSX.platform/Developer/SDKs/MacOSX26.1.sdk/usr/include/err.h
/Applications/Xcode.app/Contents/Developer/Platforms/MacOSX.platform/Developer/SDKs/MacOSX26.1.sdk/usr/include/readpassphrase.h
/Applications/Xcode.app/Contents/Developer/Platforms/MacOSX.platform/Developer/SDKs/MacOSX26.1.sdk/usr/include/util.h
/Applications/Xcode.app/Contents/Developer/Platforms/MacOSX.platform/Developer/SDKs/MacOSX26.1.sdk/usr/include/sys/ttycom.h
/Applications/Xcode.app/Contents/Developer/Platforms/MacOSX.platform/Developer/SDKs/MacOSX26.1.sdk/usr/include/sys/ioccom.h
/Applications/Xcode.app/Contents/Developer/Platforms/MacOSX.platform/Developer/SDKs/MacOSX26.1.sdk/usr/include/stdio.h
/Applications/Xcode.app/Contents/Developer/Platforms/MacOSX.platform/Developer/SDKs/MacOSX26.1.sdk/usr/include/pwd.h
/Applications/Xcode.app/Contents/Developer/Platforms/MacOSX.platform/Developer/SDKs/MacOSX26.1.sdk/usr/include/uuid/uuid.h
/Applications/Xcode.app/Contents/Developer/Platforms/MacOSX.platform/Developer/SDKs/MacOSX26.1.sdk/usr/include/termios.h
/Applications/Xcode.app/Contents/Developer/Platforms/MacOSX.platform/Developer/SDKs/MacOSX26.1.sdk/usr/include/sys/termios.h
/Applications/Xcode.app/Contents/Developer/Platforms/MacOSX.platform/Developer/SDKs/MacOSX26.1.sdk/usr/include/sys/ttydefaults.h
/Applications/Xcode.app/Contents/Developer/Platforms/MacOSX.platform/Developer/SDKs/MacOSX26.1.sdk/usr/include/utmp.h
/Applications/Xcode.app/Contents/Developer/Platforms/MacOSX.platform/Developer/SDKs/MacOSX26.1.sdk/usr/include/xattr_flags.h
/Applications/Xcode.app/Contents/Developer/Platforms/MacOSX.platform/Developer/SDKs/MacOSX26.1.sdk/usr/include/_modules/_darwin_c_ctype.h
/Applications/Xcode.app/Contents/Developer/Platforms/MacOSX.platform/Developer/SDKs/MacOSX26.1.sdk/usr/include/ctype.h
/Applications/Xcode.app/Contents/Developer/Platforms/MacOSX.platform/Developer/SDKs/MacOSX26.1.sdk/usr/include/_modules/_darwin_c_errno.h
/Applications/Xcode.app/Contents/Developer/Platforms/MacOSX.platform/Developer/SDKs/MacOSX26.1.sdk/usr/include/_modules/_darwin_c_inttypes.h
/Applications/Xcode.app/Contents/Developer/Platforms/MacOSX.platform/Developer/SDKs/MacOSX26.1.sdk/usr/include/_modules/_darwin_c_limits.h
/Applications/Xcode.app/Contents/Developer/Platforms/MacOSX.platform/Developer/SDKs/MacOSX26.1.sdk/usr/include/_modules/_darwin_c_signal.h
/Applications/Xcode.app/Contents/Developer/Platforms/MacOSX.platform/Developer/SDKs/MacOSX26.1.sdk/usr/include/_modules/_darwin_c_stdarg.h
/Applications/Xcode.app/Contents/Developer/Toolchains/XcodeDefault.xctoolchain/usr/lib/swift/clang/include/stdarg.h
/Applications/Xcode.app/Contents/Developer/Platforms/MacOSX.platform/Developer/SDKs/MacOSX26.1.sdk/usr/include/_modules/_darwin_c_stdbool.h
/Applications/Xcode.app/Contents/Developer/Platforms/MacOSX.platform/Developer/SDKs/MacOSX26.1.sdk/usr/include/_modules/_darwin_c_stddef.h
/Applications/Xcode.app/Contents/Developer/Toolchains/XcodeDefault.xctoolchain/usr/lib/swift/clang/include/stddef.h
/Applications/Xcode.app/Contents/Developer/Platforms/MacOSX.platform/Developer/SDKs/MacOSX26.1.sdk/usr/include/_modules/_darwin_c_stdint.h
/Applications/Xcode.app/Contents/Developer/Platforms/MacOSX.platform/Developer/SDKs/MacOSX26.1.sdk/usr/include/_modules/_darwin_c_stdio.h
/Applications/Xcode.app/Contents/Developer/Platforms/MacOSX.platform/Developer/SDKs/MacOSX26.1.sdk/usr/include/_modules/_darwin_c_stdlib.h
/Applications/Xcode.app/Contents/Developer/Platforms/MacOSX.platform/Developer/SDKs/MacOSX26.1.sdk/usr/include/stdlib.h
/Applications/Xcode.app/Contents/Developer/Platforms/MacOSX.platform/Developer/SDKs/MacOSX26.1.sdk/usr/include/_modules/_darwin_c_string.h
/Applications/Xcode.app/Contents/Developer/Platforms/MacOSX.platform/Developer/SDKs/MacOSX26.1.sdk/usr/include/string.h
/Applications/Xcode.app/Contents/Developer/Platforms/MacOSX.platform/Developer/SDKs/MacOSX26.1.sdk/usr/include/_modules/_darwin_c_time.h
/Applications/Xcode.app/Contents/Developer/Platforms/MacOSX.platform/Developer/SDKs/MacOSX26.1.sdk/usr/include/time.h
/Applications/Xcode.app/Contents/Developer/Platforms/MacOSX.platform/Developer/SDKs/MacOSX26.1.sdk/usr/include/_modules/_darwin_c_wchar.h
/Applications/Xcode.app/Contents/Developer/Platforms/MacOSX.platform/Developer/SDKs/MacOSX26.1.sdk/usr/include/wchar.h
/Applications/Xcode.app/Contents/Developer/Platforms/MacOSX.platform/Developer/SDKs/MacOSX26.1.sdk/usr/include/aio.h
/Applications/Xcode.app/Contents/Developer/Platforms/MacOSX.platform/Developer/SDKs/MacOSX26.1.sdk/usr/include/sys/aio.h
/Applications/Xcode.app/Contents/Developer/Platforms/MacOSX.platform/Developer/SDKs/MacOSX26.1.sdk/usr/include/sys/_types/_o_sync.h
/Applications/Xcode.app/Contents/Developer/Platforms/MacOSX.platform/Developer/SDKs/MacOSX26.1.sdk/usr/include/sys/_types/_o_dsync.h
/Applications/Xcode.app/Contents/Developer/Platforms/MacOSX.platform/Developer/SDKs/MacOSX26.1.sdk/usr/include/arpa/inet.h
/Applications/Xcode.app/Contents/Developer/Platforms/MacOSX.platform/Developer/SDKs/MacOSX26.1.sdk/usr/include/netinet/in.h
/Applications/Xcode.app/Contents/Developer/Platforms/MacOSX.platform/Developer/SDKs/MacOSX26.1.sdk/usr/include/sys/socket.h
/Applications/Xcode.app/Contents/Developer/Platforms/MacOSX.platform/Developer/SDKs/MacOSX26.1.sdk/usr/include/sys/constrained_ctypes.h
/Applications/Xcode.app/Contents/Developer/Platforms/MacOSX.platform/Developer/SDKs/MacOSX26.1.sdk/usr/include/machine/_param.h
/Applications/Xcode.app/Contents/Developer/Platforms/MacOSX.platform/Developer/SDKs/MacOSX26.1.sdk/usr/include/arm/_param.h
/Applications/Xcode.app/Contents/Developer/Platforms/MacOSX.platform/Developer/SDKs/MacOSX26.1.sdk/usr/include/net/net_kev.h
/Applications/Xcode.app/Contents/Developer/Platforms/MacOSX.platform/Developer/SDKs/MacOSX26.1.sdk/usr/include/sys/_types/_sa_family_t.h
/Applications/Xcode.app/Contents/Developer/Platforms/MacOSX.platform/Developer/SDKs/MacOSX26.1.sdk/usr/include/sys/_types/_socklen_t.h
/Applications/Xcode.app/Contents/Developer/Platforms/MacOSX.platform/Developer/SDKs/MacOSX26.1.sdk/usr/include/sys/_types/_iovec_t.h
/Applications/Xcode.app/Contents/Developer/Platforms/MacOSX.platform/Developer/SDKs/MacOSX26.1.sdk/usr/include/netinet6/in6.h
/Applications/Xcode.app/Contents/Developer/Platforms/MacOSX.platform/Developer/SDKs/MacOSX26.1.sdk/usr/include/cpio.h
/Applications/Xcode.app/Contents/Developer/Platforms/MacOSX.platform/Developer/SDKs/MacOSX26.1.sdk/usr/include/dirent.h
/Applications/Xcode.app/Contents/Developer/Platforms/MacOSX.platform/Developer/SDKs/MacOSX26.1.sdk/usr/include/sys/dirent.h
/Applications/Xcode.app/Contents/Developer/Platforms/MacOSX.platform/Developer/SDKs/MacOSX26.1.sdk/usr/include/sys/dir.h
/Applications/Xcode.app/Contents/Developer/Platforms/MacOSX.platform/Developer/SDKs/MacOSX26.1.sdk/usr/include/dlfcn.h
/Applications/Xcode.app/Contents/Developer/Platforms/MacOSX.platform/Developer/SDKs/MacOSX26.1.sdk/usr/include/fcntl.h
/Applications/Xcode.app/Contents/Developer/Platforms/MacOSX.platform/Developer/SDKs/MacOSX26.1.sdk/usr/include/sys/fcntl.h
/Applications/Xcode.app/Contents/Developer/Platforms/MacOSX.platform/Developer/SDKs/MacOSX26.1.sdk/usr/include/sys/_types/_s_ifmt.h
/Applications/Xcode.app/Contents/Developer/Platforms/MacOSX.platform/Developer/SDKs/MacOSX26.1.sdk/usr/include/sys/_types/_filesec_t.h
/Applications/Xcode.app/Contents/Developer/Platforms/MacOSX.platform/Developer/SDKs/MacOSX26.1.sdk/usr/include/fmtmsg.h
/Applications/Xcode.app/Contents/Developer/Platforms/MacOSX.platform/Developer/SDKs/MacOSX26.1.sdk/usr/include/fnmatch.h
/Applications/Xcode.app/Contents/Developer/Platforms/MacOSX.platform/Developer/SDKs/MacOSX26.1.sdk/usr/include/ftw.h
/Applications/Xcode.app/Contents/Developer/Platforms/MacOSX.platform/Developer/SDKs/MacOSX26.1.sdk/usr/include/sys/stat.h
/Applications/Xcode.app/Contents/Developer/Platforms/MacOSX.platform/Developer/SDKs/MacOSX26.1.sdk/usr/include/glob.h
/Applications/Xcode.app/Contents/Developer/Platforms/MacOSX.platform/Developer/SDKs/MacOSX26.1.sdk/usr/include/grp.h
/Applications/Xcode.app/Contents/Developer/Platforms/MacOSX.platform/Developer/SDKs/MacOSX26.1.sdk/usr/include/iconv.h
/Applications/Xcode.app/Contents/Developer/Platforms/MacOSX.platform/Developer/SDKs/MacOSX26.1.sdk/usr/include/ifaddrs.h
/Applications/Xcode.app/Contents/Developer/Platforms/MacOSX.platform/Developer/SDKs/MacOSX26.1.sdk/usr/include/sys/ioctl.h
/Applications/Xcode.app/Contents/Developer/Platforms/MacOSX.platform/Developer/SDKs/MacOSX26.1.sdk/usr/include/sys/filio.h
/Applications/Xcode.app/Contents/Developer/Platforms/MacOSX.platform/Developer/SDKs/MacOSX26.1.sdk/usr/include/sys/sockio.h
/Applications/Xcode.app/Contents/Developer/Platforms/MacOSX.platform/Developer/SDKs/MacOSX26.1.sdk/usr/include/net/if.h
/Applications/Xcode.app/Contents/Developer/Platforms/MacOSX.platform/Developer/SDKs/MacOSX26.1.sdk/usr/include/net/if_var.h
/Applications/Xcode.app/Contents/Developer/Platforms/MacOSX.platform/Developer/SDKs/MacOSX26.1.sdk/usr/include/sys/time.h
/Applications/Xcode.app/Contents/Developer/Platforms/MacOSX.platform/Developer/SDKs/MacOSX26.1.sdk/usr/include/sys/_types/_timeval64.h
/Applications/Xcode.app/Contents/Developer/Platforms/MacOSX.platform/Developer/SDKs/MacOSX26.1.sdk/usr/include/sys/_types/_timeval32.h
/Applications/Xcode.app/Contents/Developer/Platforms/MacOSX.platform/Developer/SDKs/MacOSX26.1.sdk/usr/include/_langinfo.h
/Applications/Xcode.app/Contents/Developer/Platforms/MacOSX.platform/Developer/SDKs/MacOSX26.1.sdk/usr/include/xlocale/_langinfo.h
/Applications/Xcode.app/Contents/Developer/Platforms/MacOSX.platform/Developer/SDKs/MacOSX26.1.sdk/usr/include/libgen.h
/Applications/Xcode.app/Contents/Developer/Platforms/MacOSX.platform/Developer/SDKs/MacOSX26.1.sdk/usr/include/_monetary.h
/Applications/Xcode.app/Contents/Developer/Platforms/MacOSX.platform/Developer/SDKs/MacOSX26.1.sdk/usr/include/xlocale/_monetary.h
/Applications/Xcode.app/Contents/Developer/Platforms/MacOSX.platform/Developer/SDKs/MacOSX26.1.sdk/usr/include/ndbm.h
/Applications/Xcode.app/Contents/Developer/Platforms/MacOSX.platform/Developer/SDKs/MacOSX26.1.sdk/usr/include/netdb.h
/Applications/Xcode.app/Contents/Developer/Platforms/MacOSX.platform/Developer/SDKs/MacOSX26.1.sdk/usr/include/net/if_dl.h
/Applications/Xcode.app/Contents/Developer/Platforms/MacOSX.platform/Developer/SDKs/MacOSX26.1.sdk/usr/include/net/if_types.h
/Applications/Xcode.app/Contents/Developer/Platforms/MacOSX.platform/Developer/SDKs/MacOSX26.1.sdk/usr/include/netinet/tcp.h
/Applications/Xcode.app/Contents/Developer/Platforms/MacOSX.platform/Developer/SDKs/MacOSX26.1.sdk/usr/include/poll.h
/Applications/Xcode.app/Contents/Developer/Platforms/MacOSX.platform/Developer/SDKs/MacOSX26.1.sdk/usr/include/sys/poll.h
/Applications/Xcode.app/Contents/Developer/Platforms/MacOSX.platform/Developer/SDKs/MacOSX26.1.sdk/usr/include/pthread/spawn.h
/Applications/Xcode.app/Contents/Developer/Platforms/MacOSX.platform/Developer/SDKs/MacOSX26.1.sdk/usr/include/spawn.h
/Applications/Xcode.app/Contents/Developer/Platforms/MacOSX.platform/Developer/SDKs/MacOSX26.1.sdk/usr/include/sys/spawn.h
/Applications/Xcode.app/Contents/Developer/Platforms/MacOSX.platform/Developer/SDKs/MacOSX26.1.sdk/usr/include/mach/exception_types.h
/Applications/Xcode.app/Contents/Developer/Platforms/MacOSX.platform/Developer/SDKs/MacOSX26.1.sdk/usr/include/mach/machine/exception.h
/Applications/Xcode.app/Contents/Developer/Platforms/MacOSX.platform/Developer/SDKs/MacOSX26.1.sdk/usr/include/mach/arm/exception.h
/Applications/Xcode.app/Contents/Developer/Platforms/MacOSX.platform/Developer/SDKs/MacOSX26.1.sdk/usr/include/mach/port.h
/Applications/Xcode.app/Contents/Developer/Platforms/MacOSX.platform/Developer/SDKs/MacOSX26.1.sdk/usr/include/mach/boolean.h
/Applications/Xcode.app/Contents/Developer/Platforms/MacOSX.platform/Developer/SDKs/MacOSX26.1.sdk/usr/include/mach/machine/boolean.h
/Applications/Xcode.app/Contents/Developer/Platforms/MacOSX.platform/Developer/SDKs/MacOSX26.1.sdk/usr/include/mach/arm/boolean.h
/Applications/Xcode.app/Contents/Developer/Platforms/MacOSX.platform/Developer/SDKs/MacOSX26.1.sdk/usr/include/mach/machine/vm_types.h
/Applications/Xcode.app/Contents/Developer/Platforms/MacOSX.platform/Developer/SDKs/MacOSX26.1.sdk/usr/include/mach/arm/vm_types.h
/Applications/Xcode.app/Contents/Developer/Platforms/MacOSX.platform/Developer/SDKs/MacOSX26.1.sdk/usr/include/mach/thread_status.h
/Applications/Xcode.app/Contents/Developer/Platforms/MacOSX.platform/Developer/SDKs/MacOSX26.1.sdk/usr/include/mach/machine/thread_status.h
/Applications/Xcode.app/Contents/Developer/Platforms/MacOSX.platform/Developer/SDKs/MacOSX26.1.sdk/usr/include/mach/arm/thread_status.h
/Applications/Xcode.app/Contents/Developer/Platforms/MacOSX.platform/Developer/SDKs/MacOSX26.1.sdk/usr/include/mach/machine/thread_state.h
/Applications/Xcode.app/Contents/Developer/Platforms/MacOSX.platform/Developer/SDKs/MacOSX26.1.sdk/usr/include/mach/arm/thread_state.h
/Applications/Xcode.app/Contents/Developer/Platforms/MacOSX.platform/Developer/SDKs/MacOSX26.1.sdk/usr/include/mach/message.h
/Applications/Xcode.app/Contents/Developer/Platforms/MacOSX.platform/Developer/SDKs/MacOSX26.1.sdk/usr/include/mach/kern_return.h
/Applications/Xcode.app/Contents/Developer/Platforms/MacOSX.platform/Developer/SDKs/MacOSX26.1.sdk/usr/include/mach/machine/kern_return.h
/Applications/Xcode.app/Contents/Developer/Platforms/MacOSX.platform/Developer/SDKs/MacOSX26.1.sdk/usr/include/mach/arm/kern_return.h
/Applications/Xcode.app/Contents/Developer/Platforms/MacOSX.platform/Developer/SDKs/MacOSX26.1.sdk/usr/include/mach/vm_types.h
/Applications/Xcode.app/Contents/Developer/Platforms/MacOSX.platform/Developer/SDKs/MacOSX26.1.sdk/usr/include/mach_debug/ipc_info.h
/Applications/Xcode.app/Contents/Developer/Platforms/MacOSX.platform/Developer/SDKs/MacOSX26.1.sdk/usr/include/mach/machine.h
/Applications/Xcode.app/Contents/Developer/Platforms/MacOSX.platform/Developer/SDKs/MacOSX26.1.sdk/usr/include/pthread/pthread_spis.h
/Applications/Xcode.app/Contents/Developer/Platforms/MacOSX.platform/Developer/SDKs/MacOSX26.1.sdk/usr/include/_modules/_darwin_posix_pthread_pthread.h
/Applications/Xcode.app/Contents/Developer/Platforms/MacOSX.platform/Developer/SDKs/MacOSX26.1.sdk/usr/include/_regex.h
/Applications/Xcode.app/Contents/Developer/Platforms/MacOSX.platform/Developer/SDKs/MacOSX26.1.sdk/usr/include/xlocale/_regex.h
/Applications/Xcode.app/Contents/Developer/Platforms/MacOSX.platform/Developer/SDKs/MacOSX26.1.sdk/usr/include/search.h
/Applications/Xcode.app/Contents/Developer/Platforms/MacOSX.platform/Developer/SDKs/MacOSX26.1.sdk/usr/include/semaphore.h
/Applications/Xcode.app/Contents/Developer/Platforms/MacOSX.platform/Developer/SDKs/MacOSX26.1.sdk/usr/include/sys/semaphore.h
/Applications/Xcode.app/Contents/Developer/Platforms/MacOSX.platform/Developer/SDKs/MacOSX26.1.sdk/usr/include/sys/posix_sem.h
/Applications/Xcode.app/Contents/Developer/Platforms/MacOSX.platform/Developer/SDKs/MacOSX26.1.sdk/usr/include/sys/proc.h
/Applications/Xcode.app/Contents/Developer/Platforms/MacOSX.platform/Developer/SDKs/MacOSX26.1.sdk/usr/include/sys/queue.h
/Applications/Xcode.app/Contents/Developer/Platforms/MacOSX.platform/Developer/SDKs/MacOSX26.1.sdk/usr/include/sys/lock.h
/Applications/Xcode.app/Contents/Developer/Platforms/MacOSX.platform/Developer/SDKs/MacOSX26.1.sdk/usr/include/sys/param.h
/Applications/Xcode.app/Contents/Developer/Platforms/MacOSX.platform/Developer/SDKs/MacOSX26.1.sdk/usr/include/machine/param.h
/Applications/Xcode.app/Contents/Developer/Platforms/MacOSX.platform/Developer/SDKs/MacOSX26.1.sdk/usr/include/arm/param.h
/Applications/Xcode.app/Contents/Developer/Platforms/MacOSX.platform/Developer/SDKs/MacOSX26.1.sdk/usr/include/sys/event.h
/Applications/Xcode.app/Contents/Developer/Platforms/MacOSX.platform/Developer/SDKs/MacOSX26.1.sdk/usr/include/strings.h
/Applications/Xcode.app/Contents/Developer/Platforms/MacOSX.platform/Developer/SDKs/MacOSX26.1.sdk/usr/include/sys/ipc.h
/Applications/Xcode.app/Contents/Developer/Platforms/MacOSX.platform/Developer/SDKs/MacOSX26.1.sdk/usr/include/sys/mman.h
/Applications/Xcode.app/Contents/Developer/Platforms/MacOSX.platform/Developer/SDKs/MacOSX26.1.sdk/usr/include/sys/msg.h
/Applications/Xcode.app/Contents/Developer/Platforms/MacOSX.platform/Developer/SDKs/MacOSX26.1.sdk/usr/include/sys/sem.h
/Applications/Xcode.app/Contents/Developer/Platforms/MacOSX.platform/Developer/SDKs/MacOSX26.1.sdk/usr/include/sys/shm.h
/Applications/Xcode.app/Contents/Developer/Platforms/MacOSX.platform/Developer/SDKs/MacOSX26.1.sdk/usr/include/sys/posix_shm.h
/Applications/Xcode.app/Contents/Developer/Platforms/MacOSX.platform/Developer/SDKs/MacOSX26.1.sdk/usr/include/sys/statvfs.h
/Applications/Xcode.app/Contents/Developer/Platforms/MacOSX.platform/Developer/SDKs/MacOSX26.1.sdk/usr/include/sys/times.h
/Applications/Xcode.app/Contents/Developer/Platforms/MacOSX.platform/Developer/SDKs/MacOSX26.1.sdk/usr/include/sys/_types/_fsid_t.h
/Applications/Xcode.app/Contents/Developer/Platforms/MacOSX.platform/Developer/SDKs/MacOSX26.1.sdk/usr/include/sys/_types/_fsobj_id_t.h
/Applications/Xcode.app/Contents/Developer/Platforms/MacOSX.platform/Developer/SDKs/MacOSX26.1.sdk/usr/include/sys/_types/_graftdmg_un.h
/Applications/Xcode.app/Contents/Developer/Platforms/MacOSX.platform/Developer/SDKs/MacOSX26.1.sdk/usr/include/sys/_types/_guid_t.h
/Applications/Xcode.app/Contents/Developer/Platforms/MacOSX.platform/Developer/SDKs/MacOSX26.1.sdk/usr/include/sys/_types/_mount_t.h
/Applications/Xcode.app/Contents/Developer/Platforms/MacOSX.platform/Developer/SDKs/MacOSX26.1.sdk/usr/include/sys/_types/_os_inline.h
/Applications/Xcode.app/Contents/Developer/Platforms/MacOSX.platform/Developer/SDKs/MacOSX26.1.sdk/usr/include/sys/_types/_ucontext64.h
/Applications/Xcode.app/Contents/Developer/Platforms/MacOSX.platform/Developer/SDKs/MacOSX26.1.sdk/usr/include/sys/_types/_vnode_t.h
/Applications/Xcode.app/Contents/Developer/Platforms/MacOSX.platform/Developer/SDKs/MacOSX26.1.sdk/usr/include/sys/uio.h
/Applications/Xcode.app/Contents/Developer/Platforms/MacOSX.platform/Developer/SDKs/MacOSX26.1.sdk/usr/include/sys/un.h
/Applications/Xcode.app/Contents/Developer/Platforms/MacOSX.platform/Developer/SDKs/MacOSX26.1.sdk/usr/include/sys/utsname.h
/Applications/Xcode.app/Contents/Developer/Platforms/MacOSX.platform/Developer/SDKs/MacOSX26.1.sdk/usr/include/sys/vsock.h
/Applications/Xcode.app/Contents/Developer/Platforms/MacOSX.platform/Developer/SDKs/MacOSX26.1.sdk/usr/include/sys/ucred.h
/Applications/Xcode.app/Contents/Developer/Platforms/MacOSX.platform/Developer/SDKs/MacOSX26.1.sdk/usr/include/bsm/audit.h
/Applications/Xcode.app/Contents/Developer/Platforms/MacOSX.platform/Developer/SDKs/MacOSX26.1.sdk/usr/include/sys/socketvar.h
/Applications/Xcode.app/Contents/Developer/Platforms/MacOSX.platform/Developer/SDKs/MacOSX26.1.sdk/usr/include/sys/xattr.h
/Applications/Xcode.app/Contents/Developer/Platforms/MacOSX.platform/Developer/SDKs/MacOSX26.1.sdk/usr/include/_modules/_darwin_posix_sys_resource.h
/Applications/Xcode.app/Contents/Developer/Platforms/MacOSX.platform/Developer/SDKs/MacOSX26.1.sdk/usr/include/_modules/_darwin_posix_sys_select.h
/Applications/Xcode.app/Contents/Developer/Platforms/MacOSX.platform/Developer/SDKs/MacOSX26.1.sdk/usr/include/_modules/_darwin_posix_sys_wait.h
/Applications/Xcode.app/Contents/Developer/Platforms/MacOSX.platform/Developer/SDKs/MacOSX26.1.sdk/usr/include/syslog.h
/Applications/Xcode.app/Contents/Developer/Platforms/MacOSX.platform/Developer/SDKs/MacOSX26.1.sdk/usr/include/sys/syslog.h
/Applications/Xcode.app/Contents/Developer/Platforms/MacOSX.platform/Developer/SDKs/MacOSX26.1.sdk/usr/include/tar.h
/Applications/Xcode.app/Contents/Developer/Platforms/MacOSX.platform/Developer/SDKs/MacOSX26.1.sdk/usr/include/ulimit.h
/Applications/Xcode.app/Contents/Developer/Platforms/MacOSX.platform/Developer/SDKs/MacOSX26.1.sdk/usr/include/utime.h
/Applications/Xcode.app/Contents/Developer/Platforms/MacOSX.platform/Developer/SDKs/MacOSX26.1.sdk/usr/include/utmpx.h
/Applications/Xcode.app/Contents/Developer/Platforms/MacOSX.platform/Developer/SDKs/MacOSX26.1.sdk/usr/include/wordexp.h
/Applications/Xcode.app/Contents/Developer/Platforms/MacOSX.platform/Developer/SDKs/MacOSX26.1.sdk/usr/include/_modules/_darwin_posix_nl_types.h
/Applications/Xcode.app/Contents/Developer/Platforms/MacOSX.platform/Developer/SDKs/MacOSX26.1.sdk/usr/include/_modules/_darwin_posix_sched.h
/Applications/Xcode.app/Contents/Developer/Platforms/MacOSX.platform/Developer/SDKs/MacOSX26.1.sdk/usr/include/_modules/_darwin_posix_unistd.h
/Applications/Xcode.app/Contents/Developer/Platforms/MacOSX.platform/Developer/SDKs/MacOSX26.1.sdk/usr/include/net/bpf.h
/Applications/Xcode.app/Contents/Developer/Platforms/MacOSX.platform/Developer/SDKs/MacOSX26.1.sdk/usr/include/net/dlil.h
/Applications/Xcode.app/Contents/Developer/Platforms/MacOSX.platform/Developer/SDKs/MacOSX26.1.sdk/usr/include/net/ethernet.h
/Applications/Xcode.app/Contents/Developer/Platforms/MacOSX.platform/Developer/SDKs/MacOSX26.1.sdk/usr/include/net/if_arp.h
/Applications/Xcode.app/Contents/Developer/Platforms/MacOSX.platform/Developer/SDKs/MacOSX26.1.sdk/usr/include/net/if_llc.h
/Applications/Xcode.app/Contents/Developer/Platforms/MacOSX.platform/Developer/SDKs/MacOSX26.1.sdk/usr/include/net/if_media.h
/Applications/Xcode.app/Contents/Developer/Platforms/MacOSX.platform/Developer/SDKs/MacOSX26.1.sdk/usr/include/net/if_mib.h
/Applications/Xcode.app/Contents/Developer/Platforms/MacOSX.platform/Developer/SDKs/MacOSX26.1.sdk/usr/include/net/if_utun.h
/Applications/Xcode.app/Contents/Developer/Platforms/MacOSX.platform/Developer/SDKs/MacOSX26.1.sdk/usr/include/net/if_var_status.h
/Applications/Xcode.app/Contents/Developer/Platforms/MacOSX.platform/Developer/SDKs/MacOSX26.1.sdk/usr/include/net/kext_net.h
/Applications/Xcode.app/Contents/Developer/Platforms/MacOSX.platform/Developer/SDKs/MacOSX26.1.sdk/usr/include/net/ndrv.h
/Applications/Xcode.app/Contents/Developer/Platforms/MacOSX.platform/Developer/SDKs/MacOSX26.1.sdk/usr/include/net/pfkeyv2.h
/Applications/Xcode.app/Contents/Developer/Platforms/MacOSX.platform/Developer/SDKs/MacOSX26.1.sdk/usr/include/net/route.h
/Applications/Xcode.app/Contents/Developer/Platforms/MacOSX.platform/Developer/SDKs/MacOSX26.1.sdk/usr/include/netinet/bootp.h
/Applications/Xcode.app/Contents/Developer/Platforms/MacOSX.platform/Developer/SDKs/MacOSX26.1.sdk/usr/include/netinet/ip.h
/Applications/Xcode.app/Contents/Developer/Platforms/MacOSX.platform/Developer/SDKs/MacOSX26.1.sdk/usr/include/netinet/in_systm.h
/Applications/Xcode.app/Contents/Developer/Platforms/MacOSX.platform/Developer/SDKs/MacOSX26.1.sdk/usr/include/netinet/udp.h
/Applications/Xcode.app/Contents/Developer/Platforms/MacOSX.platform/Developer/SDKs/MacOSX26.1.sdk/usr/include/netinet/icmp6.h
/Applications/Xcode.app/Contents/Developer/Platforms/MacOSX.platform/Developer/SDKs/MacOSX26.1.sdk/usr/include/netinet/icmp_var.h
/Applications/Xcode.app/Contents/Developer/Platforms/MacOSX.platform/Developer/SDKs/MacOSX26.1.sdk/usr/include/netinet/ip_icmp.h
/Applications/Xcode.app/Contents/Developer/Platforms/MacOSX.platform/Developer/SDKs/MacOSX26.1.sdk/usr/include/netinet/if_ether.h
/Applications/Xcode.app/Contents/Developer/Platforms/MacOSX.platform/Developer/SDKs/MacOSX26.1.sdk/usr/include/netinet/igmp.h
/Applications/Xcode.app/Contents/Developer/Platforms/MacOSX.platform/Developer/SDKs/MacOSX26.1.sdk/usr/include/netinet/igmp_var.h
/Applications/Xcode.app/Contents/Developer/Platforms/MacOSX.platform/Developer/SDKs/MacOSX26.1.sdk/usr/include/netinet/in_pcb.h
/Applications/Xcode.app/Contents/Developer/Platforms/MacOSX.platform/Developer/SDKs/MacOSX26.1.sdk/usr/include/netinet/in_var.h
/Applications/Xcode.app/Contents/Developer/Platforms/MacOSX.platform/Developer/SDKs/MacOSX26.1.sdk/usr/include/sys/protosw.h
/Applications/Xcode.app/Contents/Developer/Platforms/MacOSX.platform/Developer/SDKs/MacOSX26.1.sdk/usr/include/sys/kern_event.h
/Applications/Xcode.app/Contents/Developer/Platforms/MacOSX.platform/Developer/SDKs/MacOSX26.1.sdk/usr/include/sys/sys_domain.h
/Applications/Xcode.app/Contents/Developer/Platforms/MacOSX.platform/Developer/SDKs/MacOSX26.1.sdk/usr/include/netinet6/in6_var.h
/Applications/Xcode.app/Contents/Developer/Platforms/MacOSX.platform/Developer/SDKs/MacOSX26.1.sdk/usr/include/netinet6/scope6_var.h
/Applications/Xcode.app/Contents/Developer/Platforms/MacOSX.platform/Developer/SDKs/MacOSX26.1.sdk/usr/include/netinet/ip6.h
/Applications/Xcode.app/Contents/Developer/Platforms/MacOSX.platform/Developer/SDKs/MacOSX26.1.sdk/usr/include/netinet/ip_var.h
/Applications/Xcode.app/Contents/Developer/Platforms/MacOSX.platform/Developer/SDKs/MacOSX26.1.sdk/usr/include/netinet/tcp_fsm.h
/Applications/Xcode.app/Contents/Developer/Platforms/MacOSX.platform/Developer/SDKs/MacOSX26.1.sdk/usr/include/netinet/tcp_seq.h
/Applications/Xcode.app/Contents/Developer/Platforms/MacOSX.platform/Developer/SDKs/MacOSX26.1.sdk/usr/include/netinet/tcp_timer.h
/Applications/Xcode.app/Contents/Developer/Platforms/MacOSX.platform/Developer/SDKs/MacOSX26.1.sdk/usr/include/netinet/tcp_var.h
/Applications/Xcode.app/Contents/Developer/Platforms/MacOSX.platform/Developer/SDKs/MacOSX26.1.sdk/usr/include/netinet/tcpip.h
/Applications/Xcode.app/Contents/Developer/Platforms/MacOSX.platform/Developer/SDKs/MacOSX26.1.sdk/usr/include/netinet/udp_var.h
/Applications/Xcode.app/Contents/Developer/Platforms/MacOSX.platform/Developer/SDKs/MacOSX26.1.sdk/usr/include/sys/sysctl.h
/Applications/Xcode.app/Contents/Developer/Platforms/MacOSX.platform/Developer/SDKs/MacOSX26.1.sdk/usr/include/sys/vm.h
/Applications/Xcode.app/Contents/Developer/Platforms/MacOSX.platform/Developer/SDKs/MacOSX26.1.sdk/usr/include/ar.h
/Applications/Xcode.app/Contents/Developer/Platforms/MacOSX.platform/Developer/SDKs/MacOSX26.1.sdk/usr/include/bank/bank_types.h
/Applications/Xcode.app/Contents/Developer/Platforms/MacOSX.platform/Developer/SDKs/MacOSX26.1.sdk/usr/include/os/base.h
/Applications/Xcode.app/Contents/Developer/Platforms/MacOSX.platform/Developer/SDKs/MacOSX26.1.sdk/usr/include/mach/mach_types.h
/Applications/Xcode.app/Contents/Developer/Platforms/MacOSX.platform/Developer/SDKs/MacOSX26.1.sdk/usr/include/mach/host_info.h
/Applications/Xcode.app/Contents/Developer/Platforms/MacOSX.platform/Developer/SDKs/MacOSX26.1.sdk/usr/include/mach/vm_statistics.h
/Applications/Xcode.app/Contents/Developer/Platforms/MacOSX.platform/Developer/SDKs/MacOSX26.1.sdk/usr/include/mach/time_value.h
/Applications/Xcode.app/Contents/Developer/Platforms/MacOSX.platform/Developer/SDKs/MacOSX26.1.sdk/usr/include/mach/host_notify.h
/Applications/Xcode.app/Contents/Developer/Platforms/MacOSX.platform/Developer/SDKs/MacOSX26.1.sdk/usr/include/mach/host_special_ports.h
/Applications/Xcode.app/Contents/Developer/Platforms/MacOSX.platform/Developer/SDKs/MacOSX26.1.sdk/usr/include/mach/memory_object_types.h
/Applications/Xcode.app/Contents/Developer/Platforms/MacOSX.platform/Developer/SDKs/MacOSX26.1.sdk/usr/include/mach/vm_prot.h
/Applications/Xcode.app/Contents/Developer/Platforms/MacOSX.platform/Developer/SDKs/MacOSX26.1.sdk/usr/include/mach/vm_sync.h
/Applications/Xcode.app/Contents/Developer/Platforms/MacOSX.platform/Developer/SDKs/MacOSX26.1.sdk/usr/include/mach/mach_voucher_types.h
/Applications/Xcode.app/Contents/Developer/Platforms/MacOSX.platform/Developer/SDKs/MacOSX26.1.sdk/usr/include/mach/std_types.h
/Applications/Xcode.app/Contents/Developer/Platforms/MacOSX.platform/Developer/SDKs/MacOSX26.1.sdk/usr/include/mach/processor_info.h
/Applications/Xcode.app/Contents/Developer/Platforms/MacOSX.platform/Developer/SDKs/MacOSX26.1.sdk/usr/include/mach/machine/processor_info.h
/Applications/Xcode.app/Contents/Developer/Platforms/MacOSX.platform/Developer/SDKs/MacOSX26.1.sdk/usr/include/mach/arm/processor_info.h
/Applications/Xcode.app/Contents/Developer/Platforms/MacOSX.platform/Developer/SDKs/MacOSX26.1.sdk/usr/include/mach/task_info.h
/Applications/Xcode.app/Contents/Developer/Platforms/MacOSX.platform/Developer/SDKs/MacOSX26.1.sdk/usr/include/mach/policy.h
/Applications/Xcode.app/Contents/Developer/Platforms/MacOSX.platform/Developer/SDKs/MacOSX26.1.sdk/usr/include/mach/task_inspect.h
/Applications/Xcode.app/Contents/Developer/Platforms/MacOSX.platform/Developer/SDKs/MacOSX26.1.sdk/usr/include/mach/task_policy.h
/Applications/Xcode.app/Contents/Developer/Platforms/MacOSX.platform/Developer/SDKs/MacOSX26.1.sdk/usr/include/mach/task_special_ports.h
/Applications/Xcode.app/Contents/Developer/Platforms/MacOSX.platform/Developer/SDKs/MacOSX26.1.sdk/usr/include/mach/thread_info.h
/Applications/Xcode.app/Contents/Developer/Platforms/MacOSX.platform/Developer/SDKs/MacOSX26.1.sdk/usr/include/mach/thread_policy.h
/Applications/Xcode.app/Contents/Developer/Platforms/MacOSX.platform/Developer/SDKs/MacOSX26.1.sdk/usr/include/mach/thread_special_ports.h
/Applications/Xcode.app/Contents/Developer/Platforms/MacOSX.platform/Developer/SDKs/MacOSX26.1.sdk/usr/include/mach/clock_types.h
/Applications/Xcode.app/Contents/Developer/Platforms/MacOSX.platform/Developer/SDKs/MacOSX26.1.sdk/usr/include/mach/vm_attributes.h
/Applications/Xcode.app/Contents/Developer/Platforms/MacOSX.platform/Developer/SDKs/MacOSX26.1.sdk/usr/include/mach/vm_inherit.h
/Applications/Xcode.app/Contents/Developer/Platforms/MacOSX.platform/Developer/SDKs/MacOSX26.1.sdk/usr/include/mach/vm_purgable.h
/Applications/Xcode.app/Contents/Developer/Platforms/MacOSX.platform/Developer/SDKs/MacOSX26.1.sdk/usr/include/mach/vm_behavior.h
/Applications/Xcode.app/Contents/Developer/Platforms/MacOSX.platform/Developer/SDKs/MacOSX26.1.sdk/usr/include/mach/vm_region.h
/Applications/Xcode.app/Contents/Developer/Platforms/MacOSX.platform/Developer/SDKs/MacOSX26.1.sdk/usr/include/mach/machine/vm_param.h
/Applications/Xcode.app/Contents/Developer/Platforms/MacOSX.platform/Developer/SDKs/MacOSX26.1.sdk/usr/include/mach/arm/vm_param.h
/Applications/Xcode.app/Contents/Developer/Platforms/MacOSX.platform/Developer/SDKs/MacOSX26.1.sdk/usr/include/mach/vm_page_size.h
/Applications/Xcode.app/Contents/Developer/Platforms/MacOSX.platform/Developer/SDKs/MacOSX26.1.sdk/usr/include/mach/kmod.h
/Applications/Xcode.app/Contents/Developer/Platforms/MacOSX.platform/Developer/SDKs/MacOSX26.1.sdk/usr/include/mach/dyld_kernel.h
/Applications/Xcode.app/Contents/Developer/Platforms/MacOSX.platform/Developer/SDKs/MacOSX26.1.sdk/usr/include/ConditionalMacros.h
/Applications/Xcode.app/Contents/Developer/Platforms/MacOSX.platform/Developer/SDKs/MacOSX26.1.sdk/usr/include/crt_externs.h
/Applications/Xcode.app/Contents/Developer/Platforms/MacOSX.platform/Developer/SDKs/MacOSX26.1.sdk/usr/include/fts.h
/Applications/Xcode.app/Contents/Developer/Platforms/MacOSX.platform/Developer/SDKs/MacOSX26.1.sdk/usr/include/getopt.h
/Applications/Xcode.app/Contents/Developer/Platforms/MacOSX.platform/Developer/SDKs/MacOSX26.1.sdk/usr/include/AssertMacros.h
/Applications/Xcode.app/Contents/Developer/Platforms/MacOSX.platform/Developer/SDKs/MacOSX26.1.sdk/usr/include/MacTypes.h
/Applications/Xcode.app/Contents/Developer/Platforms/MacOSX.platform/Developer/SDKs/MacOSX26.1.sdk/usr/include/mach/mach.h
/Applications/Xcode.app/Contents/Developer/Platforms/MacOSX.platform/Developer/SDKs/MacOSX26.1.sdk/usr/include/mach/mach_interface.h
/Applications/Xcode.app/Contents/Developer/Platforms/MacOSX.platform/Developer/SDKs/MacOSX26.1.sdk/usr/include/mach/clock_priv.h
/Applications/Xcode.app/Contents/Developer/Platforms/MacOSX.platform/Developer/SDKs/MacOSX26.1.sdk/usr/include/mach/ndr.h
/Applications/Xcode.app/Contents/Developer/Platforms/MacOSX.platform/Developer/SDKs/MacOSX26.1.sdk/usr/include/libkern/OSByteOrder.h
/Applications/Xcode.app/Contents/Developer/Platforms/MacOSX.platform/Developer/SDKs/MacOSX26.1.sdk/usr/include/libkern/arm/OSByteOrder.h
/Applications/Xcode.app/Contents/Developer/Platforms/MacOSX.platform/Developer/SDKs/MacOSX26.1.sdk/usr/include/arm/arch.h
/Applications/Xcode.app/Contents/Developer/Platforms/MacOSX.platform/Developer/SDKs/MacOSX26.1.sdk/usr/include/mach/notify.h
/Applications/Xcode.app/Contents/Developer/Platforms/MacOSX.platform/Developer/SDKs/MacOSX26.1.sdk/usr/include/mach/mig_errors.h
/Applications/Xcode.app/Contents/Developer/Platforms/MacOSX.platform/Developer/SDKs/MacOSX26.1.sdk/usr/include/mach/mig.h
/Applications/Xcode.app/Contents/Developer/Platforms/MacOSX.platform/Developer/SDKs/MacOSX26.1.sdk/usr/include/mach/host_priv.h
/Applications/Xcode.app/Contents/Developer/Platforms/MacOSX.platform/Developer/SDKs/MacOSX26.1.sdk/usr/include/mach_debug/mach_debug_types.h
/Applications/Xcode.app/Contents/Developer/Platforms/MacOSX.platform/Developer/SDKs/MacOSX26.1.sdk/usr/include/mach_debug/vm_info.h
/Applications/Xcode.app/Contents/Developer/Platforms/MacOSX.platform/Developer/SDKs/MacOSX26.1.sdk/usr/include/mach_debug/zone_info.h
/Applications/Xcode.app/Contents/Developer/Platforms/MacOSX.platform/Developer/SDKs/MacOSX26.1.sdk/usr/include/mach_debug/page_info.h
/Applications/Xcode.app/Contents/Developer/Platforms/MacOSX.platform/Developer/SDKs/MacOSX26.1.sdk/usr/include/mach_debug/hash_info.h
/Applications/Xcode.app/Contents/Developer/Platforms/MacOSX.platform/Developer/SDKs/MacOSX26.1.sdk/usr/include/mach_debug/lockgroup_info.h
/Applications/Xcode.app/Contents/Developer/Platforms/MacOSX.platform/Developer/SDKs/MacOSX26.1.sdk/usr/include/mach/host_security.h
/Applications/Xcode.app/Contents/Developer/Platforms/MacOSX.platform/Developer/SDKs/MacOSX26.1.sdk/usr/include/mach/processor.h
/Applications/Xcode.app/Contents/Developer/Platforms/MacOSX.platform/Developer/SDKs/MacOSX26.1.sdk/usr/include/mach/processor_set.h
/Applications/Xcode.app/Contents/Developer/Platforms/MacOSX.platform/Developer/SDKs/MacOSX26.1.sdk/usr/include/mach/semaphore.h
/Applications/Xcode.app/Contents/Developer/Platforms/MacOSX.platform/Developer/SDKs/MacOSX26.1.sdk/usr/include/mach/sync_policy.h
/Applications/Xcode.app/Contents/Developer/Platforms/MacOSX.platform/Developer/SDKs/MacOSX26.1.sdk/usr/include/mach/task.h
/Applications/Xcode.app/Contents/Developer/Platforms/MacOSX.platform/Developer/SDKs/MacOSX26.1.sdk/usr/include/mach/thread_act.h
/Applications/Xcode.app/Contents/Developer/Platforms/MacOSX.platform/Developer/SDKs/MacOSX26.1.sdk/usr/include/mach/vm_map.h
/Applications/Xcode.app/Contents/Developer/Platforms/MacOSX.platform/Developer/SDKs/MacOSX26.1.sdk/usr/include/mach/mach_port.h
/Applications/Xcode.app/Contents/Developer/Platforms/MacOSX.platform/Developer/SDKs/MacOSX26.1.sdk/usr/include/mach/mach_init.h
/Applications/Xcode.app/Contents/Developer/Platforms/MacOSX.platform/Developer/SDKs/MacOSX26.1.sdk/usr/include/mach/mach_traps.h
/Applications/Xcode.app/Contents/Developer/Platforms/MacOSX.platform/Developer/SDKs/MacOSX26.1.sdk/usr/include/mach/error.h
/Applications/Xcode.app/Contents/Developer/Platforms/MacOSX.platform/Developer/SDKs/MacOSX26.1.sdk/usr/include/mach/mach_host.h
/Applications/Xcode.app/Contents/Developer/Platforms/MacOSX.platform/Developer/SDKs/MacOSX26.1.sdk/usr/include/mach/thread_switch.h
/Applications/Xcode.app/Contents/Developer/Platforms/MacOSX.platform/Developer/SDKs/MacOSX26.1.sdk/usr/include/mach/rpc.h
/Applications/Xcode.app/Contents/Developer/Platforms/MacOSX.platform/Developer/SDKs/MacOSX26.1.sdk/usr/include/mach/machine/rpc.h
/Applications/Xcode.app/Contents/Developer/Platforms/MacOSX.platform/Developer/SDKs/MacOSX26.1.sdk/usr/include/mach/arm/rpc.h
/Applications/Xcode.app/Contents/Developer/Platforms/MacOSX.platform/Developer/SDKs/MacOSX26.1.sdk/usr/include/mach/mach_error.h
/Applications/Xcode.app/Contents/Developer/Platforms/MacOSX.platform/Developer/SDKs/MacOSX26.1.sdk/usr/include/mach/audit_triggers_types.h
/Applications/Xcode.app/Contents/Developer/Platforms/MacOSX.platform/Developer/SDKs/MacOSX26.1.sdk/usr/include/mach/bootstrap.h
/Applications/Xcode.app/Contents/Developer/Platforms/MacOSX.platform/Developer/SDKs/MacOSX26.1.sdk/usr/include/mach/clock.h
/Applications/Xcode.app/Contents/Developer/Platforms/MacOSX.platform/Developer/SDKs/MacOSX26.1.sdk/usr/include/mach/clock_reply.h
/Applications/Xcode.app/Contents/Developer/Platforms/MacOSX.platform/Developer/SDKs/MacOSX26.1.sdk/usr/include/mach/exc.h
/Applications/Xcode.app/Contents/Developer/Platforms/MacOSX.platform/Developer/SDKs/MacOSX26.1.sdk/usr/include/mach/exception.h
/Applications/Xcode.app/Contents/Developer/Platforms/MacOSX.platform/Developer/SDKs/MacOSX26.1.sdk/usr/include/mach/host_reboot.h
/Applications/Xcode.app/Contents/Developer/Platforms/MacOSX.platform/Developer/SDKs/MacOSX26.1.sdk/usr/include/arm64/hv/hv_kern_types.h
/Applications/Xcode.app/Contents/Developer/Platforms/MacOSX.platform/Developer/SDKs/MacOSX26.1.sdk/usr/include/mach/mach_param.h
/Applications/Xcode.app/Contents/Developer/Platforms/MacOSX.platform/Developer/SDKs/MacOSX26.1.sdk/usr/include/mach/mach_right.h
/Applications/Xcode.app/Contents/Developer/Platforms/MacOSX.platform/Developer/SDKs/MacOSX26.1.sdk/usr/include/mach/mach_syscalls.h
/Applications/Xcode.app/Contents/Developer/Platforms/MacOSX.platform/Developer/SDKs/MacOSX26.1.sdk/usr/include/mach/mach_time.h
/Applications/Xcode.app/Contents/Developer/Platforms/MacOSX.platform/Developer/SDKs/MacOSX26.1.sdk/usr/include/mach/mach_vm.h
/Applications/Xcode.app/Contents/Developer/Platforms/MacOSX.platform/Developer/SDKs/MacOSX26.1.sdk/usr/include/mach/mach_voucher.h
/Applications/Xcode.app/Contents/Developer/Platforms/MacOSX.platform/Developer/SDKs/MacOSX26.1.sdk/usr/include/mach/memory_entry.h
/Applications/Xcode.app/Contents/Developer/Platforms/MacOSX.platform/Developer/SDKs/MacOSX26.1.sdk/usr/include/mach/mig_strncpy_zerofill_support.h
/Applications/Xcode.app/Contents/Developer/Platforms/MacOSX.platform/Developer/SDKs/MacOSX26.1.sdk/usr/include/mach/mig_voucher_support.h
/Applications/Xcode.app/Contents/Developer/Platforms/MacOSX.platform/Developer/SDKs/MacOSX26.1.sdk/usr/include/mach/port_obj.h
/Applications/Xcode.app/Contents/Developer/Platforms/MacOSX.platform/Developer/SDKs/MacOSX26.1.sdk/usr/include/mach/sdt.h
/Applications/Xcode.app/Contents/Developer/Platforms/MacOSX.platform/Developer/SDKs/MacOSX26.1.sdk/usr/include/mach/machine/sdt.h
/Applications/Xcode.app/Contents/Developer/Platforms/MacOSX.platform/Developer/SDKs/MacOSX26.1.sdk/usr/include/sys/sdt.h
/Applications/Xcode.app/Contents/Developer/Platforms/MacOSX.platform/Developer/SDKs/MacOSX26.1.sdk/usr/include/mach/shared_region.h
/Applications/Xcode.app/Contents/Developer/Platforms/MacOSX.platform/Developer/SDKs/MacOSX26.1.sdk/usr/include/mach/sync.h
/Applications/Xcode.app/Contents/Developer/Platforms/MacOSX.platform/Developer/SDKs/MacOSX26.1.sdk/usr/include/mach/thread_state.h
/Applications/Xcode.app/Contents/Developer/Platforms/MacOSX.platform/Developer/SDKs/MacOSX26.1.sdk/usr/include/mach/vm_param.h
/Applications/Xcode.app/Contents/Developer/Platforms/MacOSX.platform/Developer/SDKs/MacOSX26.1.sdk/usr/include/mach/vm_task.h
/Applications/Xcode.app/Contents/Developer/Platforms/MacOSX.platform/Developer/SDKs/MacOSX26.1.sdk/usr/include/mach/machine/asm.h
/Applications/Xcode.app/Contents/Developer/Platforms/MacOSX.platform/Developer/SDKs/MacOSX26.1.sdk/usr/include/mach/arm64/asm.h
/Applications/Xcode.app/Contents/Developer/Platforms/MacOSX.platform/Developer/SDKs/MacOSX26.1.sdk/usr/include/mach/i386/asm.h
/Applications/Xcode.app/Contents/Developer/Platforms/MacOSX.platform/Developer/SDKs/MacOSX26.1.sdk/usr/include/mach/arm/asm.h
/Applications/Xcode.app/Contents/Developer/Platforms/MacOSX.platform/Developer/SDKs/MacOSX26.1.sdk/usr/include/mach/i386/boolean.h
/Applications/Xcode.app/Contents/Developer/Platforms/MacOSX.platform/Developer/SDKs/MacOSX26.1.sdk/usr/include/mach/i386/exception.h
/Applications/Xcode.app/Contents/Developer/Platforms/MacOSX.platform/Developer/SDKs/MacOSX26.1.sdk/usr/include/mach/i386/fp_reg.h
/Applications/Xcode.app/Contents/Developer/Platforms/MacOSX.platform/Developer/SDKs/MacOSX26.1.sdk/usr/include/mach/i386/kern_return.h
/Applications/Xcode.app/Contents/Developer/Platforms/MacOSX.platform/Developer/SDKs/MacOSX26.1.sdk/usr/include/mach/machine/ndr_def.h
/Applications/Xcode.app/Contents/Developer/Platforms/MacOSX.platform/Developer/SDKs/MacOSX26.1.sdk/usr/include/mach/arm/ndr_def.h
/Applications/Xcode.app/Contents/Developer/Platforms/MacOSX.platform/Developer/SDKs/MacOSX26.1.sdk/usr/include/mach/i386/processor_info.h
/Applications/Xcode.app/Contents/Developer/Platforms/MacOSX.platform/Developer/SDKs/MacOSX26.1.sdk/usr/include/mach/i386/rpc.h
/Applications/Xcode.app/Contents/Developer/Platforms/MacOSX.platform/Developer/SDKs/MacOSX26.1.sdk/usr/include/mach/machine/sdt_isa.h
/Applications/Xcode.app/Contents/Developer/Platforms/MacOSX.platform/Developer/SDKs/MacOSX26.1.sdk/usr/include/mach/arm/sdt_isa.h
/Applications/Xcode.app/Contents/Developer/Platforms/MacOSX.platform/Developer/SDKs/MacOSX26.1.sdk/usr/include/mach/i386/sdt_isa.h
/Applications/Xcode.app/Contents/Developer/Platforms/MacOSX.platform/Developer/SDKs/MacOSX26.1.sdk/usr/include/mach/i386/thread_state.h
/Applications/Xcode.app/Contents/Developer/Platforms/MacOSX.platform/Developer/SDKs/MacOSX26.1.sdk/usr/include/mach/i386/thread_status.h
/Applications/Xcode.app/Contents/Developer/Platforms/MacOSX.platform/Developer/SDKs/MacOSX26.1.sdk/usr/include/mach/arm/traps.h
/Applications/Xcode.app/Contents/Developer/Platforms/MacOSX.platform/Developer/SDKs/MacOSX26.1.sdk/usr/include/mach/i386/vm_param.h
/Applications/Xcode.app/Contents/Developer/Platforms/MacOSX.platform/Developer/SDKs/MacOSX26.1.sdk/usr/include/mach/i386/vm_types.h
/Applications/Xcode.app/Contents/Developer/Platforms/MacOSX.platform/Developer/SDKs/MacOSX26.1.sdk/usr/include/mach_debug/mach_debug.h
/Applications/Xcode.app/Contents/Developer/Platforms/MacOSX.platform/Developer/SDKs/MacOSX26.1.sdk/usr/include/device/device_types.h
/Applications/Xcode.app/Contents/Developer/Platforms/MacOSX.platform/Developer/SDKs/MacOSX26.1.sdk/usr/include/device/device_port.h
/Applications/Xcode.app/Contents/Developer/Platforms/MacOSX.platform/Developer/SDKs/MacOSX26.1.sdk/usr/include/libkern/OSAtomic.h
/Applications/Xcode.app/Contents/Developer/Platforms/MacOSX.platform/Developer/SDKs/MacOSX26.1.sdk/usr/include/libkern/OSAtomicDeprecated.h
/Applications/Xcode.app/Contents/Developer/Platforms/MacOSX.platform/Developer/SDKs/MacOSX26.1.sdk/usr/include/libkern/OSSpinLockDeprecated.h
/Applications/Xcode.app/Contents/Developer/Platforms/MacOSX.platform/Developer/SDKs/MacOSX26.1.sdk/usr/include/libkern/OSAtomicQueue.h
/Applications/Xcode.app/Contents/Developer/Platforms/MacOSX.platform/Developer/SDKs/MacOSX26.1.sdk/usr/include/libkern/machine/OSByteOrder.h
/Applications/Xcode.app/Contents/Developer/Platforms/MacOSX.platform/Developer/SDKs/MacOSX26.1.sdk/usr/include/libkern/i386/OSByteOrder.h
/Applications/Xcode.app/Contents/Developer/Platforms/MacOSX.platform/Developer/SDKs/MacOSX26.1.sdk/usr/include/libproc.h
/Applications/Xcode.app/Contents/Developer/Platforms/MacOSX.platform/Developer/SDKs/MacOSX26.1.sdk/usr/include/sys/mount.h
/Applications/Xcode.app/Contents/Developer/Platforms/MacOSX.platform/Developer/SDKs/MacOSX26.1.sdk/usr/include/sys/attr.h
/Applications/Xcode.app/Contents/Developer/Platforms/MacOSX.platform/Developer/SDKs/MacOSX26.1.sdk/usr/include/sys/proc_info.h
/Applications/Xcode.app/Contents/Developer/Platforms/MacOSX.platform/Developer/SDKs/MacOSX26.1.sdk/usr/include/sys/kern_control.h
/Applications/Xcode.app/Contents/Developer/Platforms/MacOSX.platform/Developer/SDKs/MacOSX26.1.sdk/usr/include/os/clock.h
/Applications/Xcode.app/Contents/Developer/Platforms/MacOSX.platform/Developer/SDKs/MacOSX26.1.sdk/usr/include/os/lock.h
/Applications/Xcode.app/Contents/Developer/Platforms/MacOSX.platform/Developer/SDKs/MacOSX26.1.sdk/usr/include/os/proc.h
/Applications/Xcode.app/Contents/Developer/Platforms/MacOSX.platform/Developer/SDKs/MacOSX26.1.sdk/usr/include/malloc/malloc.h
/Applications/Xcode.app/Contents/Developer/Platforms/MacOSX.platform/Developer/SDKs/MacOSX26.1.sdk/usr/include/malloc/_platform.h
/Applications/Xcode.app/Contents/Developer/Platforms/MacOSX.platform/Developer/SDKs/MacOSX26.1.sdk/usr/include/sys/malloc.h
/Applications/Xcode.app/Contents/Developer/Platforms/MacOSX.platform/Developer/SDKs/MacOSX26.1.sdk/usr/include/i386/_param.h
/Applications/Xcode.app/Contents/Developer/Platforms/MacOSX.platform/Developer/SDKs/MacOSX26.1.sdk/usr/include/machine/byte_order.h
/Applications/Xcode.app/Contents/Developer/Platforms/MacOSX.platform/Developer/SDKs/MacOSX26.1.sdk/usr/include/architecture/byte_order.h
/Applications/Xcode.app/Contents/Developer/Platforms/MacOSX.platform/Developer/SDKs/MacOSX26.1.sdk/usr/include/i386/eflags.h
/Applications/Xcode.app/Contents/Developer/Platforms/MacOSX.platform/Developer/SDKs/MacOSX26.1.sdk/usr/include/machine/fasttrap_isa.h
/Applications/Xcode.app/Contents/Developer/Platforms/MacOSX.platform/Developer/SDKs/MacOSX26.1.sdk/usr/include/arm/fasttrap_isa.h
/Applications/Xcode.app/Contents/Developer/Platforms/MacOSX.platform/Developer/SDKs/MacOSX26.1.sdk/usr/include/i386/fasttrap_isa.h
/Applications/Xcode.app/Contents/Developer/Platforms/MacOSX.platform/Developer/SDKs/MacOSX26.1.sdk/usr/include/i386/param.h
/Applications/Xcode.app/Contents/Developer/Platforms/MacOSX.platform/Developer/SDKs/MacOSX26.1.sdk/usr/include/machine/profile.h
/Applications/Xcode.app/Contents/Developer/Platforms/MacOSX.platform/Developer/SDKs/MacOSX26.1.sdk/usr/include/arm/profile.h
/Applications/Xcode.app/Contents/Developer/Platforms/MacOSX.platform/Developer/SDKs/MacOSX26.1.sdk/usr/include/i386/profile.h
/Applications/Xcode.app/Contents/Developer/Platforms/MacOSX.platform/Developer/SDKs/MacOSX26.1.sdk/usr/include/i386/user_ldt.h
/Applications/Xcode.app/Contents/Developer/Platforms/MacOSX.platform/Developer/SDKs/MacOSX26.1.sdk/usr/include/machine/vmparam.h
/Applications/Xcode.app/Contents/Developer/Platforms/MacOSX.platform/Developer/SDKs/MacOSX26.1.sdk/usr/include/arm/vmparam.h
/Applications/Xcode.app/Contents/Developer/Platforms/MacOSX.platform/Developer/SDKs/MacOSX26.1.sdk/usr/include/i386/vmparam.h
/Applications/Xcode.app/Contents/Developer/Platforms/MacOSX.platform/Developer/SDKs/MacOSX26.1.sdk/usr/include/aliasdb.h
/Applications/Xcode.app/Contents/Developer/Platforms/MacOSX.platform/Developer/SDKs/MacOSX26.1.sdk/usr/include/bootparams.h
/Applications/Xcode.app/Contents/Developer/Platforms/MacOSX.platform/Developer/SDKs/MacOSX26.1.sdk/usr/include/Block.h
/Applications/Xcode.app/Contents/Developer/Platforms/MacOSX.platform/Developer/SDKs/MacOSX26.1.sdk/usr/include/bsm/audit_domain.h
/Applications/Xcode.app/Contents/Developer/Platforms/MacOSX.platform/Developer/SDKs/MacOSX26.1.sdk/usr/include/bsm/audit_errno.h
/Applications/Xcode.app/Contents/Developer/Platforms/MacOSX.platform/Developer/SDKs/MacOSX26.1.sdk/usr/include/bsm/audit_fcntl.h
/Applications/Xcode.app/Contents/Developer/Platforms/MacOSX.platform/Developer/SDKs/MacOSX26.1.sdk/usr/include/bsm/audit_filter.h
/Applications/Xcode.app/Contents/Developer/Platforms/MacOSX.platform/Developer/SDKs/MacOSX26.1.sdk/usr/include/bsm/libbsm.h
/Applications/Xcode.app/Contents/Developer/Platforms/MacOSX.platform/Developer/SDKs/MacOSX26.1.sdk/usr/include/bsm/audit_record.h
/Applications/Xcode.app/Contents/Developer/Platforms/MacOSX.platform/Developer/SDKs/MacOSX26.1.sdk/usr/include/bsm/audit_internal.h
/Applications/Xcode.app/Contents/Developer/Platforms/MacOSX.platform/Developer/SDKs/MacOSX26.1.sdk/usr/include/bsm/audit_kevents.h
/Applications/Xcode.app/Contents/Developer/Platforms/MacOSX.platform/Developer/SDKs/MacOSX26.1.sdk/usr/include/bsm/audit_session.h
/Applications/Xcode.app/Contents/Developer/Platforms/MacOSX.platform/Developer/SDKs/MacOSX26.1.sdk/usr/include/bsm/audit_socket_type.h
/Applications/Xcode.app/Contents/Developer/Platforms/MacOSX.platform/Developer/SDKs/MacOSX26.1.sdk/usr/include/bsm/audit_uevents.h
/Applications/Xcode.app/Contents/Developer/Platforms/MacOSX.platform/Developer/SDKs/MacOSX26.1.sdk/usr/include/execinfo.h
/Applications/Xcode.app/Contents/Developer/Platforms/MacOSX.platform/Developer/SDKs/MacOSX26.1.sdk/usr/include/fstab.h
/Applications/Xcode.app/Contents/Developer/Platforms/MacOSX.platform/Developer/SDKs/MacOSX26.1.sdk/usr/include/hfs/hfs_format.h
/Applications/Xcode.app/Contents/Developer/Platforms/MacOSX.platform/Developer/SDKs/MacOSX26.1.sdk/usr/include/hfs/hfs_unistr.h
/Applications/Xcode.app/Contents/Developer/Platforms/MacOSX.platform/Developer/SDKs/MacOSX26.1.sdk/usr/include/hfs/hfs_mount.h
/Applications/Xcode.app/Contents/Developer/Platforms/MacOSX.platform/Developer/SDKs/MacOSX26.1.sdk/usr/include/membership.h
/Applications/Xcode.app/Contents/Developer/Platforms/MacOSX.platform/Developer/SDKs/MacOSX26.1.sdk/usr/include/ntsid.h
/Applications/Xcode.app/Contents/Developer/Platforms/MacOSX.platform/Developer/SDKs/MacOSX26.1.sdk/usr/include/curses.h
/Applications/Xcode.app/Contents/Developer/Platforms/MacOSX.platform/Developer/SDKs/MacOSX26.1.sdk/usr/include/ncurses_dll.h
/Applications/Xcode.app/Contents/Developer/Platforms/MacOSX.platform/Developer/SDKs/MacOSX26.1.sdk/usr/include/unctrl.h
/Applications/Xcode.app/Contents/Developer/Platforms/MacOSX.platform/Developer/SDKs/MacOSX26.1.sdk/usr/include/eti.h
/Applications/Xcode.app/Contents/Developer/Platforms/MacOSX.platform/Developer/SDKs/MacOSX26.1.sdk/usr/include/nc_tparm.h
/Applications/Xcode.app/Contents/Developer/Platforms/MacOSX.platform/Developer/SDKs/MacOSX26.1.sdk/usr/include/form.h
/Applications/Xcode.app/Contents/Developer/Platforms/MacOSX.platform/Developer/SDKs/MacOSX26.1.sdk/usr/include/menu.h
/Applications/Xcode.app/Contents/Developer/Platforms/MacOSX.platform/Developer/SDKs/MacOSX26.1.sdk/usr/include/panel.h
/Applications/Xcode.app/Contents/Developer/Platforms/MacOSX.platform/Developer/SDKs/MacOSX26.1.sdk/usr/include/netinet6/ah.h
/Applications/Xcode.app/Contents/Developer/Platforms/MacOSX.platform/Developer/SDKs/MacOSX26.1.sdk/usr/include/netinet6/esp.h
/Applications/Xcode.app/Contents/Developer/Platforms/MacOSX.platform/Developer/SDKs/MacOSX26.1.sdk/usr/include/netinet6/ipcomp.h
/Applications/Xcode.app/Contents/Developer/Platforms/MacOSX.platform/Developer/SDKs/MacOSX26.1.sdk/usr/include/netinet6/ipsec.h
/Applications/Xcode.app/Contents/Developer/Platforms/MacOSX.platform/Developer/SDKs/MacOSX26.1.sdk/usr/include/netinet6/raw_ip6.h
/Applications/Xcode.app/Contents/Developer/Platforms/MacOSX.platform/Developer/SDKs/MacOSX26.1.sdk/usr/include/printerdb.h
/Applications/Xcode.app/Contents/Developer/Platforms/MacOSX.platform/Developer/SDKs/MacOSX26.1.sdk/usr/include/sys/_structs.h
/Applications/Xcode.app/Contents/Developer/Platforms/MacOSX.platform/Developer/SDKs/MacOSX26.1.sdk/usr/include/sys/acct.h
/Applications/Xcode.app/Contents/Developer/Platforms/MacOSX.platform/Developer/SDKs/MacOSX26.1.sdk/usr/include/sys/acl.h
/Applications/Xcode.app/Contents/Developer/Platforms/MacOSX.platform/Developer/SDKs/MacOSX26.1.sdk/usr/include/sys/kauth.h
/Applications/Xcode.app/Contents/Developer/Platforms/MacOSX.platform/Developer/SDKs/MacOSX26.1.sdk/usr/include/sys/buf.h
/Applications/Xcode.app/Contents/Developer/Platforms/MacOSX.platform/Developer/SDKs/MacOSX26.1.sdk/usr/include/sys/kernel_types.h
/Applications/Xcode.app/Contents/Developer/Platforms/MacOSX.platform/Developer/SDKs/MacOSX26.1.sdk/usr/include/sys/clonefile.h
/Applications/Xcode.app/Contents/Developer/Platforms/MacOSX.platform/Developer/SDKs/MacOSX26.1.sdk/usr/include/sys/commpage.h
/Applications/Xcode.app/Contents/Developer/Platforms/MacOSX.platform/Developer/SDKs/MacOSX26.1.sdk/usr/include/sys/conf.h
/Applications/Xcode.app/Contents/Developer/Platforms/MacOSX.platform/Developer/SDKs/MacOSX26.1.sdk/usr/include/sys/disk.h
/Applications/Xcode.app/Contents/Developer/Platforms/MacOSX.platform/Developer/SDKs/MacOSX26.1.sdk/usr/include/sys/dkstat.h
/Applications/Xcode.app/Contents/Developer/Platforms/MacOSX.platform/Developer/SDKs/MacOSX26.1.sdk/usr/include/sys/domain.h
/Applications/Xcode.app/Contents/Developer/Platforms/MacOSX.platform/Developer/SDKs/MacOSX26.1.sdk/usr/include/sys/ev.h
/Applications/Xcode.app/Contents/Developer/Platforms/MacOSX.platform/Developer/SDKs/MacOSX26.1.sdk/usr/include/sys/file.h
/Applications/Xcode.app/Contents/Developer/Platforms/MacOSX.platform/Developer/SDKs/MacOSX26.1.sdk/usr/include/sys/filedesc.h
/Applications/Xcode.app/Contents/Developer/Platforms/MacOSX.platform/Developer/SDKs/MacOSX26.1.sdk/usr/include/sys/fileport.h
/Applications/Xcode.app/Contents/Developer/Platforms/MacOSX.platform/Developer/SDKs/MacOSX26.1.sdk/usr/include/sys/fsgetpath.h
/Applications/Xcode.app/Contents/Developer/Platforms/MacOSX.platform/Developer/SDKs/MacOSX26.1.sdk/usr/include/sys/gmon.h
/Applications/Xcode.app/Contents/Developer/Platforms/MacOSX.platform/Developer/SDKs/MacOSX26.1.sdk/usr/include/sys/ioctl_compat.h
/Applications/Xcode.app/Contents/Developer/Platforms/MacOSX.platform/Developer/SDKs/MacOSX26.1.sdk/usr/include/sys/ttychars.h
/Applications/Xcode.app/Contents/Developer/Platforms/MacOSX.platform/Developer/SDKs/MacOSX26.1.sdk/usr/include/sys/ttydev.h
/Applications/Xcode.app/Contents/Developer/Platforms/MacOSX.platform/Developer/SDKs/MacOSX26.1.sdk/usr/include/sys/kdebug.h
/Applications/Xcode.app/Contents/Developer/Platforms/MacOSX.platform/Developer/SDKs/MacOSX26.1.sdk/usr/include/sys/kdebug_signpost.h
/Applications/Xcode.app/Contents/Developer/Platforms/MacOSX.platform/Developer/SDKs/MacOSX26.1.sdk/usr/include/sys/lctx.h
/Applications/Xcode.app/Contents/Developer/Platforms/MacOSX.platform/Developer/SDKs/MacOSX26.1.sdk/usr/include/sys/mbuf.h
/Applications/Xcode.app/Contents/Developer/Platforms/MacOSX.platform/Developer/SDKs/MacOSX26.1.sdk/usr/include/sys/msgbuf.h
/Applications/Xcode.app/Contents/Developer/Platforms/MacOSX.platform/Developer/SDKs/MacOSX26.1.sdk/usr/include/sys/netport.h
/Applications/Xcode.app/Contents/Developer/Platforms/MacOSX.platform/Developer/SDKs/MacOSX26.1.sdk/usr/include/sys/paths.h
/Applications/Xcode.app/Contents/Developer/Platforms/MacOSX.platform/Developer/SDKs/MacOSX26.1.sdk/usr/include/sys/pipe.h
/Applications/Xcode.app/Contents/Developer/Platforms/MacOSX.platform/Developer/SDKs/MacOSX26.1.sdk/usr/include/sys/quota.h
/Applications/Xcode.app/Contents/Developer/Platforms/MacOSX.platform/Developer/SDKs/MacOSX26.1.sdk/usr/include/sys/rbtree.h
/Applications/Xcode.app/Contents/Developer/Platforms/MacOSX.platform/Developer/SDKs/MacOSX26.1.sdk/usr/include/sys/reboot.h
/Applications/Xcode.app/Contents/Developer/Platforms/MacOSX.platform/Developer/SDKs/MacOSX26.1.sdk/usr/include/sys/resourcevar.h
/Applications/Xcode.app/Contents/Developer/Platforms/MacOSX.platform/Developer/SDKs/MacOSX26.1.sdk/usr/include/sys/sbuf.h
/Applications/Xcode.app/Contents/Developer/Platforms/MacOSX.platform/Developer/SDKs/MacOSX26.1.sdk/usr/include/sys/signalvar.h
/Applications/Xcode.app/Contents/Developer/Platforms/MacOSX.platform/Developer/SDKs/MacOSX26.1.sdk/usr/include/sys/syscall.h
/Applications/Xcode.app/Contents/Developer/Platforms/MacOSX.platform/Developer/SDKs/MacOSX26.1.sdk/usr/include/sys/timeb.h
/Applications/Xcode.app/Contents/Developer/Platforms/MacOSX.platform/Developer/SDKs/MacOSX26.1.sdk/usr/include/sys/trace.h
/Applications/Xcode.app/Contents/Developer/Platforms/MacOSX.platform/Developer/SDKs/MacOSX26.1.sdk/usr/include/sys/tty.h
/Applications/Xcode.app/Contents/Developer/Platforms/MacOSX.platform/Developer/SDKs/MacOSX26.1.sdk/usr/include/sys/ucontext.h
/Applications/Xcode.app/Contents/Developer/Platforms/MacOSX.platform/Developer/SDKs/MacOSX26.1.sdk/usr/include/sys/unpcb.h
/Applications/Xcode.app/Contents/Developer/Platforms/MacOSX.platform/Developer/SDKs/MacOSX26.1.sdk/usr/include/sys/user.h
/Applications/Xcode.app/Contents/Developer/Platforms/MacOSX.platform/Developer/SDKs/MacOSX26.1.sdk/usr/include/sys/utfconv.h
/Applications/Xcode.app/Contents/Developer/Platforms/MacOSX.platform/Developer/SDKs/MacOSX26.1.sdk/usr/include/sys/vcmd.h
/Applications/Xcode.app/Contents/Developer/Platforms/MacOSX.platform/Developer/SDKs/MacOSX26.1.sdk/usr/include/sys/vnode.h
/Applications/Xcode.app/Contents/Developer/Platforms/MacOSX.platform/Developer/SDKs/MacOSX26.1.sdk/usr/include/_modules/_darwin_sys_signal.h
/Applications/Xcode.app/Contents/Developer/Platforms/MacOSX.platform/Developer/SDKs/MacOSX26.1.sdk/usr/include/sysdir.h
/Applications/Xcode.app/Contents/Developer/Platforms/MacOSX.platform/Developer/SDKs/MacOSX26.1.sdk/usr/include/libc.h
/Applications/Xcode.app/Contents/Developer/Platforms/MacOSX.platform/Developer/SDKs/MacOSX26.1.sdk/usr/include/paths.h
/Applications/Xcode.app/Contents/Developer/Platforms/MacOSX.platform/Developer/SDKs/MacOSX26.1.sdk/usr/include/sysexits.h
/Applications/Xcode.app/Contents/Developer/Platforms/MacOSX.platform/Developer/SDKs/MacOSX26.1.sdk/SDKSettings.json
/Applications/Xcode.app/Contents/Developer/Toolchains/XcodeDefault.xctoolchain/usr/lib/swift/macosx/prebuilt-modules/26.1/Darwin.swiftmodule/arm64e-apple-macos.swiftmodule
/Applications/Xcode.app/Contents/Developer/Platforms/MacOSX.platform/Developer/SDKs/MacOSX26.1.sdk/System/Library/Frameworks/DiskArbitration.framework/Modules/module.modulemap
/Applications/Xcode.app/Contents/Developer/Platforms/MacOSX.platform/Developer/SDKs/MacOSX26.1.sdk/System/Library/Frameworks/DiskArbitration.framework/Headers/DiskArbitration.h
/Applications/Xcode.app/Contents/Developer/Platforms/MacOSX.platform/Developer/SDKs/MacOSX26.1.sdk/System/Library/Frameworks/CoreFoundation.framework/Modules/module.modulemap
/Applications/Xcode.app/Contents/Developer/Platforms/MacOSX.platform/Developer/SDKs/MacOSX26.1.sdk/usr/include/Darwin.modulemap
/Applications/Xcode.app/Contents/Developer/Platforms/MacOSX.platform/Developer/SDKs/MacOSX26.1.sdk/usr/include/DarwinFoundation1.modulemap
/Applications/Xcode.app/Contents/Developer/Platforms/MacOSX.platform/Developer/SDKs/MacOSX26.1.sdk/System/Library/Frameworks/DiskArbitration.framework/Headers/DADisk.h
/Applications/Xcode.app/Contents/Developer/Platforms/MacOSX.platform/Developer/SDKs/MacOSX26.1.sdk/System/Library/Frameworks/IOKit.framework/Modules/module.modulemap
/Applications/Xcode.app/Contents/Developer/Platforms/MacOSX.platform/Developer/SDKs/MacOSX26.1.sdk/System/Library/Frameworks/DiskArbitration.framework/Headers/DASession.h
/Applications/Xcode.app/Contents/Developer/Platforms/MacOSX.platform/Developer/SDKs/MacOSX26.1.sdk/System/Library/Frameworks/DiskArbitration.framework/Headers/DADissenter.h
/Applications/Xcode.app/Contents/Developer/Platforms/MacOSX.platform/Developer/SDKs/MacOSX26.1.sdk/SDKSettings.json
/Applications/Xcode.app/Contents/Developer/Platforms/MacOSX.platform/Developer/SDKs/MacOSX26.1.sdk/usr/include/Dispatch.apinotes
/Applications/Xcode.app/Contents/Developer/Platforms/MacOSX.platform/Developer/SDKs/MacOSX26.1.sdk/usr/include/dispatch.modulemap
/Applications/Xcode.app/Contents/Developer/Platforms/MacOSX.platform/Developer/SDKs/MacOSX26.1.sdk/usr/include/os.modulemap
/Applications/Xcode.app/Contents/Developer/Platforms/MacOSX.platform/Developer/SDKs/MacOSX26.1.sdk/usr/include/Darwin.modulemap
/Applications/Xcode.app/Contents/Developer/Platforms/MacOSX.platform/Developer/SDKs/MacOSX26.1.sdk/usr/include/Darwin_C.modulemap
/Applications/Xcode.app/Contents/Developer/Platforms/MacOSX.platform/Developer/SDKs/MacOSX26.1.sdk/usr/include/Darwin_POSIX.modulemap
/Applications/Xcode.app/Contents/Developer/Platforms/MacOSX.platform/Developer/SDKs/MacOSX26.1.sdk/usr/include/net.modulemap
/Applications/Xcode.app/Contents/Developer/Platforms/MacOSX.platform/Developer/SDKs/MacOSX26.1.sdk/usr/include/netinet.modulemap
/Applications/Xcode.app/Contents/Developer/Platforms/MacOSX.platform/Developer/SDKs/MacOSX26.1.sdk/usr/include/bank.modulemap
/Applications/Xcode.app/Contents/Developer/Platforms/MacOSX.platform/Developer/SDKs/MacOSX26.1.sdk/usr/include/Darwin_Mach.modulemap
/Applications/Xcode.app/Contents/Developer/Platforms/MacOSX.platform/Developer/SDKs/MacOSX26.1.sdk/usr/include/Darwin_Mach_machine.modulemap
/Applications/Xcode.app/Contents/Developer/Platforms/MacOSX.platform/Developer/SDKs/MacOSX26.1.sdk/usr/include/mach_debug.modulemap
/Applications/Xcode.app/Contents/Developer/Platforms/MacOSX.platform/Developer/SDKs/MacOSX26.1.sdk/usr/include/device.modulemap
/Applications/Xcode.app/Contents/Developer/Platforms/MacOSX.platform/Developer/SDKs/MacOSX26.1.sdk/usr/include/Darwin_machine.modulemap
/Applications/Xcode.app/Contents/Developer/Platforms/MacOSX.platform/Developer/SDKs/MacOSX26.1.sdk/usr/include/ncurses.modulemap
/Applications/Xcode.app/Contents/Developer/Platforms/MacOSX.platform/Developer/SDKs/MacOSX26.1.sdk/usr/include/netinet6.modulemap
/Applications/Xcode.app/Contents/Developer/Platforms/MacOSX.platform/Developer/SDKs/MacOSX26.1.sdk/usr/include/Darwin_sys.modulemap
/Applications/Xcode.app/Contents/Developer/Platforms/MacOSX.platform/Developer/SDKs/MacOSX26.1.sdk/usr/include/uuid.modulemap
/Applications/Xcode.app/Contents/Developer/Platforms/MacOSX.platform/Developer/SDKs/MacOSX26.1.sdk/usr/include/DarwinFoundation2.modulemap
/Applications/Xcode.app/Contents/Developer/Platforms/MacOSX.platform/Developer/SDKs/MacOSX26.1.sdk/usr/include/DarwinFoundation3.modulemap
/Applications/Xcode.app/Contents/Developer/Platforms/MacOSX.platform/Developer/SDKs/MacOSX26.1.sdk/usr/include/DarwinFoundation1.modulemap
/Applications/Xcode.app/Contents/Developer/Platforms/MacOSX.platform/Developer/SDKs/MacOSX26.1.sdk/usr/include/dispatch/dispatch.h
/Applications/Xcode.app/Contents/Developer/Toolchains/XcodeDefault.xctoolchain/usr/lib/swift/clang/include/module.modulemap
/Applications/Xcode.app/Contents/Developer/Toolchains/XcodeDefault.xctoolchain/usr/lib/swift/clang/include/stddef.h
/Applications/Xcode.app/Contents/Developer/Toolchains/XcodeDefault.xctoolchain/usr/lib/swift/clang/include/stdarg.h
/Applications/Xcode.app/Contents/Developer/Platforms/MacOSX.platform/Developer/SDKs/MacOSX26.1.sdk/usr/include/string.h
/Applications/Xcode.app/Contents/Developer/Platforms/MacOSX.platform/Developer/SDKs/MacOSX26.1.sdk/usr/include/dispatch/base.h
/Applications/Xcode.app/Contents/Developer/Platforms/MacOSX.platform/Developer/SDKs/MacOSX26.1.sdk/usr/include/dispatch/time.h
/Applications/Xcode.app/Contents/Developer/Platforms/MacOSX.platform/Developer/SDKs/MacOSX26.1.sdk/usr/include/dispatch/object.h
/Applications/Xcode.app/Contents/Developer/Platforms/MacOSX.platform/Developer/SDKs/MacOSX26.1.sdk/usr/include/dispatch/queue.h
/Applications/Xcode.app/Contents/Developer/Platforms/MacOSX.platform/Developer/SDKs/MacOSX26.1.sdk/usr/include/dispatch/block.h
/Applications/Xcode.app/Contents/Developer/Platforms/MacOSX.platform/Developer/SDKs/MacOSX26.1.sdk/usr/include/dispatch/source.h
/Applications/Xcode.app/Contents/Developer/Platforms/MacOSX.platform/Developer/SDKs/MacOSX26.1.sdk/usr/include/dispatch/group.h
/Applications/Xcode.app/Contents/Developer/Platforms/MacOSX.platform/Developer/SDKs/MacOSX26.1.sdk/usr/include/dispatch/semaphore.h
/Applications/Xcode.app/Contents/Developer/Platforms/MacOSX.platform/Developer/SDKs/MacOSX26.1.sdk/usr/include/dispatch/once.h
/Applications/Xcode.app/Contents/Developer/Platforms/MacOSX.platform/Developer/SDKs/MacOSX26.1.sdk/usr/include/dispatch/data.h
/Applications/Xcode.app/Contents/Developer/Platforms/MacOSX.platform/Developer/SDKs/MacOSX26.1.sdk/usr/include/dispatch/io.h
/Applications/Xcode.app/Contents/Developer/Platforms/MacOSX.platform/Developer/SDKs/MacOSX26.1.sdk/usr/include/dispatch/workloop.h
/Applications/Xcode.app/Contents/Developer/Platforms/MacOSX.platform/Developer/SDKs/MacOSX26.1.sdk/usr/include/dispatch/dispatch_swift_shims.h
/Applications/Xcode.app/Contents/Developer/Platforms/MacOSX.platform/Developer/SDKs/MacOSX26.1.sdk/SDKSettings.json
/Applications/Xcode.app/Contents/Developer/Toolchains/XcodeDefault.xctoolchain/usr/lib/swift/macosx/prebuilt-modules/26.1/Dispatch.swiftmodule/arm64e-apple-macos.swiftmodule
/Applications/Xcode.app/Contents/Developer/Toolchains/XcodeDefault.xctoolchain/usr/lib/swift/macosx/prebuilt-modules/26.1/Foundation.swiftmodule/arm64e-apple-macos.swiftmodule
/Applications/Xcode.app/Contents/Developer/Platforms/MacOSX.platform/Developer/SDKs/MacOSX26.1.sdk/System/Library/Frameworks/Foundation.framework/Headers/Foundation.apinotes
/Applications/Xcode.app/Contents/Developer/Platforms/MacOSX.platform/Developer/SDKs/MacOSX26.1.sdk/System/Library/Frameworks/Foundation.framework/Modules/module.modulemap
/Applications/Xcode.app/Contents/Developer/Platforms/MacOSX.platform/Developer/SDKs/MacOSX26.1.sdk/System/Library/Frameworks/Foundation.framework/Headers/Foundation.h
/Applications/Xcode.app/Contents/Developer/Platforms/MacOSX.platform/Developer/SDKs/MacOSX26.1.sdk/System/Library/Frameworks/CoreFoundation.framework/Modules/module.modulemap
/Applications/Xcode.app/Contents/Developer/Platforms/MacOSX.platform/Developer/SDKs/MacOSX26.1.sdk/System/Library/Frameworks/Foundation.framework/Headers/NSObjCRuntime.h
/Applications/Xcode.app/Contents/Developer/Platforms/MacOSX.platform/Developer/SDKs/MacOSX26.1.sdk/usr/include/xpc.modulemap
/Applications/Xcode.app/Contents/Developer/Platforms/MacOSX.platform/Developer/SDKs/MacOSX26.1.sdk/usr/include/dispatch.modulemap
/Applications/Xcode.app/Contents/Developer/Platforms/MacOSX.platform/Developer/SDKs/MacOSX26.1.sdk/usr/include/ObjectiveC.modulemap
/Applications/Xcode.app/Contents/Developer/Platforms/MacOSX.platform/Developer/SDKs/MacOSX26.1.sdk/usr/include/Darwin.modulemap
/Applications/Xcode.app/Contents/Developer/Platforms/MacOSX.platform/Developer/SDKs/MacOSX26.1.sdk/usr/include/DarwinFoundation1.modulemap
/Applications/Xcode.app/Contents/Developer/Toolchains/XcodeDefault.xctoolchain/usr/lib/swift/clang/include/module.modulemap
/Applications/Xcode.app/Contents/Developer/Toolchains/XcodeDefault.xctoolchain/usr/lib/swift/clang/include/stdarg.h
/Applications/Xcode.app/Contents/Developer/Platforms/MacOSX.platform/Developer/SDKs/MacOSX26.1.sdk/System/Library/Frameworks/Foundation.framework/Headers/NSArray.h
/Applications/Xcode.app/Contents/Developer/Platforms/MacOSX.platform/Developer/SDKs/MacOSX26.1.sdk/System/Library/Frameworks/Foundation.framework/Headers/NSObject.h
/Applications/Xcode.app/Contents/Developer/Platforms/MacOSX.platform/Developer/SDKs/MacOSX26.1.sdk/System/Library/Frameworks/Foundation.framework/Headers/NSZone.h
/Applications/Xcode.app/Contents/Developer/Toolchains/XcodeDefault.xctoolchain/usr/lib/swift/clang/include/stddef.h
/Applications/Xcode.app/Contents/Developer/Platforms/MacOSX.platform/Developer/SDKs/MacOSX26.1.sdk/System/Library/Frameworks/Foundation.framework/Headers/NSEnumerator.h
/Applications/Xcode.app/Contents/Developer/Platforms/MacOSX.platform/Developer/SDKs/MacOSX26.1.sdk/System/Library/Frameworks/Foundation.framework/Headers/NSRange.h
/Applications/Xcode.app/Contents/Developer/Platforms/MacOSX.platform/Developer/SDKs/MacOSX26.1.sdk/System/Library/Frameworks/Foundation.framework/Headers/NSValue.h
/Applications/Xcode.app/Contents/Developer/Platforms/MacOSX.platform/Developer/SDKs/MacOSX26.1.sdk/System/Library/Frameworks/Foundation.framework/Headers/NSOrderedCollectionDifference.h
/Applications/Xcode.app/Contents/Developer/Platforms/MacOSX.platform/Developer/SDKs/MacOSX26.1.sdk/System/Library/Frameworks/Foundation.framework/Headers/NSOrderedCollectionChange.h
/Applications/Xcode.app/Contents/Developer/Platforms/MacOSX.platform/Developer/SDKs/MacOSX26.1.sdk/System/Library/Frameworks/Foundation.framework/Headers/NSIndexSet.h
/Applications/Xcode.app/Contents/Developer/Platforms/MacOSX.platform/Developer/SDKs/MacOSX26.1.sdk/System/Library/Frameworks/Foundation.framework/Headers/NSAutoreleasePool.h
/Applications/Xcode.app/Contents/Developer/Platforms/MacOSX.platform/Developer/SDKs/MacOSX26.1.sdk/System/Library/Frameworks/Foundation.framework/Headers/NSBundle.h
/Applications/Xcode.app/Contents/Developer/Platforms/MacOSX.platform/Developer/SDKs/MacOSX26.1.sdk/System/Library/Frameworks/Foundation.framework/Headers/NSString.h
/Applications/Xcode.app/Contents/Developer/Platforms/MacOSX.platform/Developer/SDKs/MacOSX26.1.sdk/System/Library/Frameworks/Foundation.framework/Headers/NSItemProvider.h
/Applications/Xcode.app/Contents/Developer/Platforms/MacOSX.platform/Developer/SDKs/MacOSX26.1.sdk/System/Library/Frameworks/Foundation.framework/Headers/NSDictionary.h
/Applications/Xcode.app/Contents/Developer/Platforms/MacOSX.platform/Developer/SDKs/MacOSX26.1.sdk/System/Library/Frameworks/Foundation.framework/Headers/NSSet.h
/Applications/Xcode.app/Contents/Developer/Platforms/MacOSX.platform/Developer/SDKs/MacOSX26.1.sdk/System/Library/Frameworks/Foundation.framework/Headers/NSProgress.h
/Applications/Xcode.app/Contents/Developer/Platforms/MacOSX.platform/Developer/SDKs/MacOSX26.1.sdk/System/Library/Frameworks/Foundation.framework/Headers/NSNotification.h
/Applications/Xcode.app/Contents/Developer/Platforms/MacOSX.platform/Developer/SDKs/MacOSX26.1.sdk/System/Library/Frameworks/Foundation.framework/Headers/NSByteOrder.h
/Applications/Xcode.app/Contents/Developer/Platforms/MacOSX.platform/Developer/SDKs/MacOSX26.1.sdk/System/Library/Frameworks/Foundation.framework/Headers/NSCalendar.h
/Applications/Xcode.app/Contents/Developer/Platforms/MacOSX.platform/Developer/SDKs/MacOSX26.1.sdk/System/Library/Frameworks/Foundation.framework/Headers/NSDate.h
/Applications/Xcode.app/Contents/Developer/Platforms/MacOSX.platform/Developer/SDKs/MacOSX26.1.sdk/System/Library/Frameworks/Foundation.framework/Headers/NSCharacterSet.h
/Applications/Xcode.app/Contents/Developer/Platforms/MacOSX.platform/Developer/SDKs/MacOSX26.1.sdk/System/Library/Frameworks/Foundation.framework/Headers/NSCoder.h
/Applications/Xcode.app/Contents/Developer/Platforms/MacOSX.platform/Developer/SDKs/MacOSX26.1.sdk/System/Library/Frameworks/Foundation.framework/Headers/NSData.h
/Applications/Xcode.app/Contents/Developer/Platforms/MacOSX.platform/Developer/SDKs/MacOSX26.1.sdk/System/Library/Frameworks/Foundation.framework/Headers/NSDateInterval.h
/Applications/Xcode.app/Contents/Developer/Platforms/MacOSX.platform/Developer/SDKs/MacOSX26.1.sdk/System/Library/Frameworks/Foundation.framework/Headers/NSDateFormatter.h
/Applications/Xcode.app/Contents/Developer/Platforms/MacOSX.platform/Developer/SDKs/MacOSX26.1.sdk/System/Library/Frameworks/Foundation.framework/Headers/NSFormatter.h
/Applications/Xcode.app/Contents/Developer/Platforms/MacOSX.platform/Developer/SDKs/MacOSX26.1.sdk/System/Library/Frameworks/Foundation.framework/Headers/NSAttributedString.h
/Applications/Xcode.app/Contents/Developer/Platforms/MacOSX.platform/Developer/SDKs/MacOSX26.1.sdk/System/Library/Frameworks/Foundation.framework/Headers/NSDateIntervalFormatter.h
/Applications/Xcode.app/Contents/Developer/Platforms/MacOSX.platform/Developer/SDKs/MacOSX26.1.sdk/System/Library/Frameworks/Foundation.framework/Headers/NSISO8601DateFormatter.h
/Applications/Xcode.app/Contents/Developer/Platforms/MacOSX.platform/Developer/SDKs/MacOSX26.1.sdk/System/Library/Frameworks/Foundation.framework/Headers/NSMassFormatter.h
/Applications/Xcode.app/Contents/Developer/Platforms/MacOSX.platform/Developer/SDKs/MacOSX26.1.sdk/System/Library/Frameworks/Foundation.framework/Headers/NSLengthFormatter.h
/Applications/Xcode.app/Contents/Developer/Platforms/MacOSX.platform/Developer/SDKs/MacOSX26.1.sdk/System/Library/Frameworks/Foundation.framework/Headers/NSEnergyFormatter.h
/Applications/Xcode.app/Contents/Developer/Platforms/MacOSX.platform/Developer/SDKs/MacOSX26.1.sdk/System/Library/Frameworks/Foundation.framework/Headers/NSMeasurementFormatter.h
/Applications/Xcode.app/Contents/Developer/Platforms/MacOSX.platform/Developer/SDKs/MacOSX26.1.sdk/System/Library/Frameworks/Foundation.framework/Headers/NSNumberFormatter.h
/Applications/Xcode.app/Contents/Developer/Platforms/MacOSX.platform/Developer/SDKs/MacOSX26.1.sdk/System/Library/Frameworks/Foundation.framework/Headers/NSMeasurement.h
/Applications/Xcode.app/Contents/Developer/Platforms/MacOSX.platform/Developer/SDKs/MacOSX26.1.sdk/System/Library/Frameworks/Foundation.framework/Headers/NSUnit.h
/Applications/Xcode.app/Contents/Developer/Platforms/MacOSX.platform/Developer/SDKs/MacOSX26.1.sdk/System/Library/Frameworks/Foundation.framework/Headers/NSLocale.h
/Applications/Xcode.app/Contents/Developer/Platforms/MacOSX.platform/Developer/SDKs/MacOSX26.1.sdk/System/Library/Frameworks/Foundation.framework/Headers/NSPersonNameComponents.h
/Applications/Xcode.app/Contents/Developer/Platforms/MacOSX.platform/Developer/SDKs/MacOSX26.1.sdk/System/Library/Frameworks/Foundation.framework/Headers/NSPersonNameComponentsFormatter.h
/Applications/Xcode.app/Contents/Developer/Platforms/MacOSX.platform/Developer/SDKs/MacOSX26.1.sdk/System/Library/Frameworks/Foundation.framework/Headers/NSRelativeDateTimeFormatter.h
/Applications/Xcode.app/Contents/Developer/Platforms/MacOSX.platform/Developer/SDKs/MacOSX26.1.sdk/System/Library/Frameworks/Foundation.framework/Headers/NSListFormatter.h
/Applications/Xcode.app/Contents/Developer/Platforms/MacOSX.platform/Developer/SDKs/MacOSX26.1.sdk/System/Library/Frameworks/Foundation.framework/Headers/NSDecimal.h
/Applications/Xcode.app/Contents/Developer/Platforms/MacOSX.platform/Developer/SDKs/MacOSX26.1.sdk/System/Library/Frameworks/Foundation.framework/Headers/NSDecimalNumber.h
/Applications/Xcode.app/Contents/Developer/Platforms/MacOSX.platform/Developer/SDKs/MacOSX26.1.sdk/System/Library/Frameworks/Foundation.framework/Headers/NSScanner.h
/Applications/Xcode.app/Contents/Developer/Platforms/MacOSX.platform/Developer/SDKs/MacOSX26.1.sdk/System/Library/Frameworks/Foundation.framework/Headers/NSException.h
/Applications/Xcode.app/Contents/Developer/Platforms/MacOSX.platform/Developer/SDKs/MacOSX26.1.sdk/System/Library/Frameworks/Foundation.framework/Headers/NSError.h
/Applications/Xcode.app/Contents/Developer/Platforms/MacOSX.platform/Developer/SDKs/MacOSX26.1.sdk/System/Library/Frameworks/Foundation.framework/Headers/NSFileHandle.h
/Applications/Xcode.app/Contents/Developer/Platforms/MacOSX.platform/Developer/SDKs/MacOSX26.1.sdk/System/Library/Frameworks/Foundation.framework/Headers/NSRunLoop.h
/Applications/Xcode.app/Contents/Developer/Platforms/MacOSX.platform/Developer/SDKs/MacOSX26.1.sdk/System/Library/Frameworks/Foundation.framework/Headers/NSFileManager.h
/Applications/Xcode.app/Contents/Developer/Platforms/MacOSX.platform/Developer/SDKs/MacOSX26.1.sdk/System/Library/Frameworks/Foundation.framework/Headers/NSPathUtilities.h
/Applications/Xcode.app/Contents/Developer/Platforms/MacOSX.platform/Developer/SDKs/MacOSX26.1.sdk/System/Library/Frameworks/Foundation.framework/Headers/NSURL.h
/Applications/Xcode.app/Contents/Developer/Platforms/MacOSX.platform/Developer/SDKs/MacOSX26.1.sdk/System/Library/Frameworks/Foundation.framework/Headers/NSURLHandle.h
/Applications/Xcode.app/Contents/Developer/Platforms/MacOSX.platform/Developer/SDKs/MacOSX26.1.sdk/System/Library/Frameworks/Foundation.framework/Headers/NSHashTable.h
/Applications/Xcode.app/Contents/Developer/Platforms/MacOSX.platform/Developer/SDKs/MacOSX26.1.sdk/System/Library/Frameworks/Foundation.framework/Headers/NSPointerFunctions.h
/Applications/Xcode.app/Contents/Developer/Platforms/MacOSX.platform/Developer/SDKs/MacOSX26.1.sdk/System/Library/Frameworks/Foundation.framework/Headers/NSHTTPCookie.h
/Applications/Xcode.app/Contents/Developer/Platforms/MacOSX.platform/Developer/SDKs/MacOSX26.1.sdk/System/Library/Frameworks/Foundation.framework/Headers/NSHTTPCookieStorage.h
/Applications/Xcode.app/Contents/Developer/Platforms/MacOSX.platform/Developer/SDKs/MacOSX26.1.sdk/System/Library/Frameworks/Foundation.framework/Headers/NSIndexPath.h
/Applications/Xcode.app/Contents/Developer/Platforms/MacOSX.platform/Developer/SDKs/MacOSX26.1.sdk/System/Library/Frameworks/Foundation.framework/Headers/NSInflectionRule.h
/Applications/Xcode.app/Contents/Developer/Platforms/MacOSX.platform/Developer/SDKs/MacOSX26.1.sdk/System/Library/Frameworks/Foundation.framework/Headers/NSInvocation.h
/Applications/Xcode.app/Contents/Developer/Platforms/MacOSX.platform/Developer/SDKs/MacOSX26.1.sdk/System/Library/Frameworks/Foundation.framework/Headers/NSJSONSerialization.h
/Applications/Xcode.app/Contents/Developer/Platforms/MacOSX.platform/Developer/SDKs/MacOSX26.1.sdk/System/Library/Frameworks/Foundation.framework/Headers/NSKeyValueCoding.h
/Applications/Xcode.app/Contents/Developer/Platforms/MacOSX.platform/Developer/SDKs/MacOSX26.1.sdk/System/Library/Frameworks/Foundation.framework/Headers/NSOrderedSet.h
/Applications/Xcode.app/Contents/Developer/Platforms/MacOSX.platform/Developer/SDKs/MacOSX26.1.sdk/System/Library/Frameworks/Foundation.framework/Headers/NSKeyValueObserving.h
/Applications/Xcode.app/Contents/Developer/Platforms/MacOSX.platform/Developer/SDKs/MacOSX26.1.sdk/System/Library/Frameworks/Foundation.framework/Headers/NSKeyValueSharedObservers.h
/Applications/Xcode.app/Contents/Developer/Platforms/MacOSX.platform/Developer/SDKs/MacOSX26.1.sdk/System/Library/Frameworks/Foundation.framework/Headers/NSKeyedArchiver.h
/Applications/Xcode.app/Contents/Developer/Platforms/MacOSX.platform/Developer/SDKs/MacOSX26.1.sdk/System/Library/Frameworks/Foundation.framework/Headers/NSPropertyList.h
/Applications/Xcode.app/Contents/Developer/Platforms/MacOSX.platform/Developer/SDKs/MacOSX26.1.sdk/System/Library/Frameworks/Foundation.framework/Headers/NSGeometry.h
/Applications/Xcode.app/Contents/Developer/Platforms/MacOSX.platform/Developer/SDKs/MacOSX26.1.sdk/System/Library/Frameworks/Foundation.framework/Headers/NSLock.h
/Applications/Xcode.app/Contents/Developer/Platforms/MacOSX.platform/Developer/SDKs/MacOSX26.1.sdk/System/Library/Frameworks/Foundation.framework/Headers/NSMapTable.h
/Applications/Xcode.app/Contents/Developer/Platforms/MacOSX.platform/Developer/SDKs/MacOSX26.1.sdk/System/Library/Frameworks/Foundation.framework/Headers/NSMethodSignature.h
/Applications/Xcode.app/Contents/Developer/Platforms/MacOSX.platform/Developer/SDKs/MacOSX26.1.sdk/System/Library/Frameworks/Foundation.framework/Headers/NSMorphology.h
/Applications/Xcode.app/Contents/Developer/Platforms/MacOSX.platform/Developer/SDKs/MacOSX26.1.sdk/System/Library/Frameworks/Foundation.framework/Headers/NSTermOfAddress.h
/Applications/Xcode.app/Contents/Developer/Platforms/MacOSX.platform/Developer/SDKs/MacOSX26.1.sdk/System/Library/Frameworks/Foundation.framework/Headers/NSNotificationQueue.h
/Applications/Xcode.app/Contents/Developer/Platforms/MacOSX.platform/Developer/SDKs/MacOSX26.1.sdk/System/Library/Frameworks/Foundation.framework/Headers/NSNull.h
/Applications/Xcode.app/Contents/Developer/Platforms/MacOSX.platform/Developer/SDKs/MacOSX26.1.sdk/System/Library/Frameworks/Foundation.framework/Headers/NSLocalizedNumberFormatRule.h
/Applications/Xcode.app/Contents/Developer/Platforms/MacOSX.platform/Developer/SDKs/MacOSX26.1.sdk/System/Library/Frameworks/Foundation.framework/Headers/NSOperation.h
/Applications/Xcode.app/Contents/Developer/Platforms/MacOSX.platform/Developer/SDKs/MacOSX26.1.sdk/System/Library/Frameworks/Foundation.framework/Headers/NSOrthography.h
/Applications/Xcode.app/Contents/Developer/Platforms/MacOSX.platform/Developer/SDKs/MacOSX26.1.sdk/System/Library/Frameworks/Foundation.framework/Headers/NSPointerArray.h
/Applications/Xcode.app/Contents/Developer/Platforms/MacOSX.platform/Developer/SDKs/MacOSX26.1.sdk/System/Library/Frameworks/Foundation.framework/Headers/NSPort.h
/Applications/Xcode.app/Contents/Developer/Platforms/MacOSX.platform/Developer/SDKs/MacOSX26.1.sdk/System/Library/Frameworks/Foundation.framework/Headers/NSProcessInfo.h
/Applications/Xcode.app/Contents/Developer/Platforms/MacOSX.platform/Developer/SDKs/MacOSX26.1.sdk/System/Library/Frameworks/Foundation.framework/Headers/NSProxy.h
/Applications/Xcode.app/Contents/Developer/Platforms/MacOSX.platform/Developer/SDKs/MacOSX26.1.sdk/System/Library/Frameworks/Foundation.framework/Headers/NSRegularExpression.h
/Applications/Xcode.app/Contents/Developer/Platforms/MacOSX.platform/Developer/SDKs/MacOSX26.1.sdk/System/Library/Frameworks/Foundation.framework/Headers/NSTextCheckingResult.h
/Applications/Xcode.app/Contents/Developer/Platforms/MacOSX.platform/Developer/SDKs/MacOSX26.1.sdk/System/Library/Frameworks/Foundation.framework/Headers/NSSortDescriptor.h
/Applications/Xcode.app/Contents/Developer/Platforms/MacOSX.platform/Developer/SDKs/MacOSX26.1.sdk/System/Library/Frameworks/Foundation.framework/Headers/NSStream.h
/Applications/Xcode.app/Contents/Developer/Platforms/MacOSX.platform/Developer/SDKs/MacOSX26.1.sdk/System/Library/Frameworks/Foundation.framework/Headers/NSThread.h
/Applications/Xcode.app/Contents/Developer/Platforms/MacOSX.platform/Developer/SDKs/MacOSX26.1.sdk/System/Library/Frameworks/Foundation.framework/Headers/NSTimeZone.h
/Applications/Xcode.app/Contents/Developer/Platforms/MacOSX.platform/Developer/SDKs/MacOSX26.1.sdk/System/Library/Frameworks/Foundation.framework/Headers/NSTimer.h
/Applications/Xcode.app/Contents/Developer/Platforms/MacOSX.platform/Developer/SDKs/MacOSX26.1.sdk/System/Library/Frameworks/Foundation.framework/Headers/NSURLAuthenticationChallenge.h
/Applications/Xcode.app/Contents/Developer/Platforms/MacOSX.platform/Developer/SDKs/MacOSX26.1.sdk/System/Library/Frameworks/Foundation.framework/Headers/NSURLCache.h
/Applications/Xcode.app/Contents/Developer/Platforms/MacOSX.platform/Developer/SDKs/MacOSX26.1.sdk/System/Library/Frameworks/Foundation.framework/Headers/NSURLConnection.h
/Applications/Xcode.app/Contents/Developer/Platforms/MacOSX.platform/Developer/SDKs/MacOSX26.1.sdk/System/Library/Frameworks/Foundation.framework/Headers/NSURLCredential.h
/Applications/Xcode.app/Contents/Developer/Platforms/MacOSX.platform/Developer/SDKs/MacOSX26.1.sdk/System/Library/Frameworks/Security.framework/Modules/module.modulemap
/Applications/Xcode.app/Contents/Developer/Platforms/MacOSX.platform/Developer/SDKs/MacOSX26.1.sdk/System/Library/Frameworks/Foundation.framework/Headers/NSURLCredentialStorage.h
/Applications/Xcode.app/Contents/Developer/Platforms/MacOSX.platform/Developer/SDKs/MacOSX26.1.sdk/System/Library/Frameworks/Foundation.framework/Headers/NSURLProtectionSpace.h
/Applications/Xcode.app/Contents/Developer/Platforms/MacOSX.platform/Developer/SDKs/MacOSX26.1.sdk/System/Library/Frameworks/Foundation.framework/Headers/NSURLError.h
/Applications/Xcode.app/Contents/Developer/Platforms/MacOSX.platform/Developer/SDKs/MacOSX26.1.sdk/System/Library/Frameworks/CoreServices.framework/Modules/module.modulemap
/Applications/Xcode.app/Contents/Developer/Platforms/MacOSX.platform/Developer/SDKs/MacOSX26.1.sdk/System/Library/Frameworks/Foundation.framework/Headers/NSURLProtocol.h
/Applications/Xcode.app/Contents/Developer/Platforms/MacOSX.platform/Developer/SDKs/MacOSX26.1.sdk/System/Library/Frameworks/Foundation.framework/Headers/NSURLRequest.h
/Applications/Xcode.app/Contents/Developer/Platforms/MacOSX.platform/Developer/SDKs/MacOSX26.1.sdk/System/Library/Frameworks/Foundation.framework/Headers/NSURLResponse.h
/Applications/Xcode.app/Contents/Developer/Platforms/MacOSX.platform/Developer/SDKs/MacOSX26.1.sdk/System/Library/Frameworks/Foundation.framework/Headers/NSUserDefaults.h
/Applications/Xcode.app/Contents/Developer/Platforms/MacOSX.platform/Developer/SDKs/MacOSX26.1.sdk/System/Library/Frameworks/Foundation.framework/Headers/NSValueTransformer.h
/Applications/Xcode.app/Contents/Developer/Platforms/MacOSX.platform/Developer/SDKs/MacOSX26.1.sdk/System/Library/Frameworks/Foundation.framework/Headers/NSXMLParser.h
/Applications/Xcode.app/Contents/Developer/Platforms/MacOSX.platform/Developer/SDKs/MacOSX26.1.sdk/System/Library/Frameworks/Foundation.framework/Headers/NSXPCConnection.h
/Applications/Xcode.app/Contents/Developer/Platforms/MacOSX.platform/Developer/SDKs/MacOSX26.1.sdk/System/Library/Frameworks/Foundation.framework/Headers/FoundationErrors.h
/Applications/Xcode.app/Contents/Developer/Platforms/MacOSX.platform/Developer/SDKs/MacOSX26.1.sdk/System/Library/Frameworks/Foundation.framework/Headers/NSByteCountFormatter.h
/Applications/Xcode.app/Contents/Developer/Platforms/MacOSX.platform/Developer/SDKs/MacOSX26.1.sdk/System/Library/Frameworks/Foundation.framework/Headers/NSCache.h
/Applications/Xcode.app/Contents/Developer/Platforms/MacOSX.platform/Developer/SDKs/MacOSX26.1.sdk/System/Library/Frameworks/Foundation.framework/Headers/NSComparisonPredicate.h
/Applications/Xcode.app/Contents/Developer/Platforms/MacOSX.platform/Developer/SDKs/MacOSX26.1.sdk/System/Library/Frameworks/Foundation.framework/Headers/NSPredicate.h
/Applications/Xcode.app/Contents/Developer/Platforms/MacOSX.platform/Developer/SDKs/MacOSX26.1.sdk/System/Library/Frameworks/Foundation.framework/Headers/NSCompoundPredicate.h
/Applications/Xcode.app/Contents/Developer/Platforms/MacOSX.platform/Developer/SDKs/MacOSX26.1.sdk/System/Library/Frameworks/Foundation.framework/Headers/NSDateComponentsFormatter.h
/Applications/Xcode.app/Contents/Developer/Platforms/MacOSX.platform/Developer/SDKs/MacOSX26.1.sdk/System/Library/Frameworks/Foundation.framework/Headers/NSExpression.h
/Applications/Xcode.app/Contents/Developer/Platforms/MacOSX.platform/Developer/SDKs/MacOSX26.1.sdk/System/Library/Frameworks/Foundation.framework/Headers/NSExtensionContext.h
/Applications/Xcode.app/Contents/Developer/Platforms/MacOSX.platform/Developer/SDKs/MacOSX26.1.sdk/System/Library/Frameworks/Foundation.framework/Headers/NSExtensionItem.h
/Applications/Xcode.app/Contents/Developer/Platforms/MacOSX.platform/Developer/SDKs/MacOSX26.1.sdk/System/Library/Frameworks/Foundation.framework/Headers/NSExtensionRequestHandling.h
/Applications/Xcode.app/Contents/Developer/Platforms/MacOSX.platform/Developer/SDKs/MacOSX26.1.sdk/System/Library/Frameworks/Foundation.framework/Headers/NSFileCoordinator.h
/Applications/Xcode.app/Contents/Developer/Platforms/MacOSX.platform/Developer/SDKs/MacOSX26.1.sdk/System/Library/Frameworks/Foundation.framework/Headers/NSFilePresenter.h
/Applications/Xcode.app/Contents/Developer/Platforms/MacOSX.platform/Developer/SDKs/MacOSX26.1.sdk/System/Library/Frameworks/Foundation.framework/Headers/NSFileVersion.h
/Applications/Xcode.app/Contents/Developer/Platforms/MacOSX.platform/Developer/SDKs/MacOSX26.1.sdk/System/Library/Frameworks/Foundation.framework/Headers/NSFileWrapper.h
/Applications/Xcode.app/Contents/Developer/Platforms/MacOSX.platform/Developer/SDKs/MacOSX26.1.sdk/System/Library/Frameworks/Foundation.framework/Headers/NSLinguisticTagger.h
/Applications/Xcode.app/Contents/Developer/Platforms/MacOSX.platform/Developer/SDKs/MacOSX26.1.sdk/System/Library/Frameworks/Foundation.framework/Headers/NSMetadata.h
/Applications/Xcode.app/Contents/Developer/Platforms/MacOSX.platform/Developer/SDKs/MacOSX26.1.sdk/System/Library/Frameworks/Foundation.framework/Headers/NSMetadataAttributes.h
/Applications/Xcode.app/Contents/Developer/Platforms/MacOSX.platform/Developer/SDKs/MacOSX26.1.sdk/System/Library/Frameworks/Foundation.framework/Headers/NSNetServices.h
/Applications/Xcode.app/Contents/Developer/Platforms/MacOSX.platform/Developer/SDKs/MacOSX26.1.sdk/System/Library/Frameworks/Foundation.framework/Headers/NSUbiquitousKeyValueStore.h
/Applications/Xcode.app/Contents/Developer/Platforms/MacOSX.platform/Developer/SDKs/MacOSX26.1.sdk/System/Library/Frameworks/Foundation.framework/Headers/NSUndoManager.h
/Applications/Xcode.app/Contents/Developer/Platforms/MacOSX.platform/Developer/SDKs/MacOSX26.1.sdk/System/Library/Frameworks/Foundation.framework/Headers/NSURLSession.h
/Applications/Xcode.app/Contents/Developer/Platforms/MacOSX.platform/Developer/SDKs/MacOSX26.1.sdk/System/Library/Frameworks/Foundation.framework/Headers/NSUserActivity.h
/Applications/Xcode.app/Contents/Developer/Platforms/MacOSX.platform/Developer/SDKs/MacOSX26.1.sdk/System/Library/Frameworks/Foundation.framework/Headers/NSUUID.h
/Applications/Xcode.app/Contents/Developer/Platforms/MacOSX.platform/Developer/SDKs/MacOSX26.1.sdk/System/Library/Frameworks/Foundation.framework/Headers/NSAffineTransform.h
/Applications/Xcode.app/Contents/Developer/Platforms/MacOSX.platform/Developer/SDKs/MacOSX26.1.sdk/System/Library/Frameworks/Foundation.framework/Headers/NSAppleScript.h
/Applications/Xcode.app/Contents/Developer/Platforms/MacOSX.platform/Developer/SDKs/MacOSX26.1.sdk/System/Library/Frameworks/Foundation.framework/Headers/NSArchiver.h
/Applications/Xcode.app/Contents/Developer/Platforms/MacOSX.platform/Developer/SDKs/MacOSX26.1.sdk/System/Library/Frameworks/Foundation.framework/Headers/NSBackgroundActivityScheduler.h
/Applications/Xcode.app/Contents/Developer/Platforms/MacOSX.platform/Developer/SDKs/MacOSX26.1.sdk/System/Library/Frameworks/Foundation.framework/Headers/NSCalendarDate.h
/Applications/Xcode.app/Contents/Developer/Platforms/MacOSX.platform/Developer/SDKs/MacOSX26.1.sdk/System/Library/Frameworks/Foundation.framework/Headers/NSConnection.h
/Applications/Xcode.app/Contents/Developer/Platforms/MacOSX.platform/Developer/SDKs/MacOSX26.1.sdk/System/Library/Frameworks/Foundation.framework/Headers/NSDistantObject.h
/Applications/Xcode.app/Contents/Developer/Platforms/MacOSX.platform/Developer/SDKs/MacOSX26.1.sdk/System/Library/Frameworks/Foundation.framework/Headers/NSDistributedNotificationCenter.h
/Applications/Xcode.app/Contents/Developer/Platforms/MacOSX.platform/Developer/SDKs/MacOSX26.1.sdk/System/Library/Frameworks/Foundation.framework/Headers/NSPortCoder.h
/Applications/Xcode.app/Contents/Developer/Platforms/MacOSX.platform/Developer/SDKs/MacOSX26.1.sdk/System/Library/Frameworks/Foundation.framework/Headers/NSPortMessage.h
/Applications/Xcode.app/Contents/Developer/Platforms/MacOSX.platform/Developer/SDKs/MacOSX26.1.sdk/System/Library/Frameworks/Foundation.framework/Headers/NSPortNameServer.h
/Applications/Xcode.app/Contents/Developer/Platforms/MacOSX.platform/Developer/SDKs/MacOSX26.1.sdk/System/Library/Frameworks/Foundation.framework/Headers/NSProtocolChecker.h
/Applications/Xcode.app/Contents/Developer/Platforms/MacOSX.platform/Developer/SDKs/MacOSX26.1.sdk/System/Library/Frameworks/Foundation.framework/Headers/NSTask.h
/Applications/Xcode.app/Contents/Developer/Platforms/MacOSX.platform/Developer/SDKs/MacOSX26.1.sdk/System/Library/Frameworks/Foundation.framework/Headers/NSXMLDTD.h
/Applications/Xcode.app/Contents/Developer/Platforms/MacOSX.platform/Developer/SDKs/MacOSX26.1.sdk/System/Library/Frameworks/Foundation.framework/Headers/NSXMLNode.h
/Applications/Xcode.app/Contents/Developer/Platforms/MacOSX.platform/Developer/SDKs/MacOSX26.1.sdk/System/Library/Frameworks/Foundation.framework/Headers/NSXMLNodeOptions.h
/Applications/Xcode.app/Contents/Developer/Platforms/MacOSX.platform/Developer/SDKs/MacOSX26.1.sdk/System/Library/Frameworks/Foundation.framework/Headers/NSXMLDTDNode.h
/Applications/Xcode.app/Contents/Developer/Platforms/MacOSX.platform/Developer/SDKs/MacOSX26.1.sdk/System/Library/Frameworks/Foundation.framework/Headers/NSXMLDocument.h
/Applications/Xcode.app/Contents/Developer/Platforms/MacOSX.platform/Developer/SDKs/MacOSX26.1.sdk/System/Library/Frameworks/Foundation.framework/Headers/NSXMLElement.h
/Applications/Xcode.app/Contents/Developer/Platforms/MacOSX.platform/Developer/SDKs/MacOSX26.1.sdk/System/Library/Frameworks/Foundation.framework/Headers/NSURLDownload.h
/Applications/Xcode.app/Contents/Developer/Platforms/MacOSX.platform/Developer/SDKs/MacOSX26.1.sdk/System/Library/Frameworks/Foundation.framework/Headers/NSAppleEventDescriptor.h
/Applications/Xcode.app/Contents/Developer/Platforms/MacOSX.platform/Developer/SDKs/MacOSX26.1.sdk/System/Library/Frameworks/Foundation.framework/Headers/NSAppleEventManager.h
/Applications/Xcode.app/Contents/Developer/Platforms/MacOSX.platform/Developer/SDKs/MacOSX26.1.sdk/System/Library/Frameworks/Foundation.framework/Headers/NSClassDescription.h
/Applications/Xcode.app/Contents/Developer/Platforms/MacOSX.platform/Developer/SDKs/MacOSX26.1.sdk/System/Library/Frameworks/Foundation.framework/Headers/NSDistributedLock.h
/Applications/Xcode.app/Contents/Developer/Platforms/MacOSX.platform/Developer/SDKs/MacOSX26.1.sdk/System/Library/Frameworks/Foundation.framework/Headers/NSGarbageCollector.h
/Applications/Xcode.app/Contents/Developer/Platforms/MacOSX.platform/Developer/SDKs/MacOSX26.1.sdk/System/Library/Frameworks/Foundation.framework/Headers/NSHFSFileTypes.h
/Applications/Xcode.app/Contents/Developer/Platforms/MacOSX.platform/Developer/SDKs/MacOSX26.1.sdk/System/Library/Frameworks/Foundation.framework/Headers/NSHost.h
/Applications/Xcode.app/Contents/Developer/Platforms/MacOSX.platform/Developer/SDKs/MacOSX26.1.sdk/System/Library/Frameworks/Foundation.framework/Headers/NSObjectScripting.h
/Applications/Xcode.app/Contents/Developer/Platforms/MacOSX.platform/Developer/SDKs/MacOSX26.1.sdk/System/Library/Frameworks/Foundation.framework/Headers/NSScriptClassDescription.h
/Applications/Xcode.app/Contents/Developer/Platforms/MacOSX.platform/Developer/SDKs/MacOSX26.1.sdk/System/Library/Frameworks/Foundation.framework/Headers/NSScriptCoercionHandler.h
/Applications/Xcode.app/Contents/Developer/Platforms/MacOSX.platform/Developer/SDKs/MacOSX26.1.sdk/System/Library/Frameworks/Foundation.framework/Headers/NSScriptCommand.h
/Applications/Xcode.app/Contents/Developer/Platforms/MacOSX.platform/Developer/SDKs/MacOSX26.1.sdk/System/Library/Frameworks/Foundation.framework/Headers/NSScriptCommandDescription.h
/Applications/Xcode.app/Contents/Developer/Platforms/MacOSX.platform/Developer/SDKs/MacOSX26.1.sdk/System/Library/Frameworks/Foundation.framework/Headers/NSScriptExecutionContext.h
/Applications/Xcode.app/Contents/Developer/Platforms/MacOSX.platform/Developer/SDKs/MacOSX26.1.sdk/System/Library/Frameworks/Foundation.framework/Headers/NSScriptKeyValueCoding.h
/Applications/Xcode.app/Contents/Developer/Platforms/MacOSX.platform/Developer/SDKs/MacOSX26.1.sdk/System/Library/Frameworks/Foundation.framework/Headers/NSScriptObjectSpecifiers.h
/Applications/Xcode.app/Contents/Developer/Platforms/MacOSX.platform/Developer/SDKs/MacOSX26.1.sdk/System/Library/Frameworks/Foundation.framework/Headers/NSScriptStandardSuiteCommands.h
/Applications/Xcode.app/Contents/Developer/Platforms/MacOSX.platform/Developer/SDKs/MacOSX26.1.sdk/System/Library/Frameworks/Foundation.framework/Headers/NSScriptSuiteRegistry.h
/Applications/Xcode.app/Contents/Developer/Platforms/MacOSX.platform/Developer/SDKs/MacOSX26.1.sdk/System/Library/Frameworks/Foundation.framework/Headers/NSScriptWhoseTests.h
/Applications/Xcode.app/Contents/Developer/Platforms/MacOSX.platform/Developer/SDKs/MacOSX26.1.sdk/System/Library/Frameworks/Foundation.framework/Headers/NSSpellServer.h
/Applications/Xcode.app/Contents/Developer/Platforms/MacOSX.platform/Developer/SDKs/MacOSX26.1.sdk/System/Library/Frameworks/Foundation.framework/Headers/NSUserNotification.h
/Applications/Xcode.app/Contents/Developer/Platforms/MacOSX.platform/Developer/SDKs/MacOSX26.1.sdk/System/Library/Frameworks/Foundation.framework/Headers/NSUserScriptTask.h
/Applications/Xcode.app/Contents/Developer/Platforms/MacOSX.platform/Developer/SDKs/MacOSX26.1.sdk/System/Library/Frameworks/Foundation.framework/Headers/FoundationLegacySwiftCompatibility.h
/Applications/Xcode.app/Contents/Developer/Platforms/MacOSX.platform/Developer/SDKs/MacOSX26.1.sdk/System/Library/Frameworks/Foundation.framework/Headers/NSDebug.h
/Applications/Xcode.app/Contents/Developer/Platforms/MacOSX.platform/Developer/SDKs/MacOSX26.1.sdk/SDKSettings.json
/Applications/Xcode.app/Contents/Developer/Platforms/MacOSX.platform/Developer/SDKs/MacOSX26.1.sdk/System/Library/Frameworks/IOKit.framework/Modules/module.modulemap
/Applications/Xcode.app/Contents/Developer/Platforms/MacOSX.platform/Developer/SDKs/MacOSX26.1.sdk/System/Library/Frameworks/IOKit.framework/Headers/IOReturn.h
/Applications/Xcode.app/Contents/Developer/Platforms/MacOSX.platform/Developer/SDKs/MacOSX26.1.sdk/usr/include/dispatch.modulemap
/Applications/Xcode.app/Contents/Developer/Platforms/MacOSX.platform/Developer/SDKs/MacOSX26.1.sdk/usr/include/libkern.modulemap
/Applications/Xcode.app/Contents/Developer/Platforms/MacOSX.platform/Developer/SDKs/MacOSX26.1.sdk/usr/include/Darwin.modulemap
/Applications/Xcode.app/Contents/Developer/Platforms/MacOSX.platform/Developer/SDKs/MacOSX26.1.sdk/usr/include/Darwin_C.modulemap
/Applications/Xcode.app/Contents/Developer/Platforms/MacOSX.platform/Developer/SDKs/MacOSX26.1.sdk/usr/include/Darwin_POSIX.modulemap
/Applications/Xcode.app/Contents/Developer/Platforms/MacOSX.platform/Developer/SDKs/MacOSX26.1.sdk/usr/include/net.modulemap
/Applications/Xcode.app/Contents/Developer/Platforms/MacOSX.platform/Developer/SDKs/MacOSX26.1.sdk/usr/include/netinet.modulemap
/Applications/Xcode.app/Contents/Developer/Platforms/MacOSX.platform/Developer/SDKs/MacOSX26.1.sdk/usr/include/bank.modulemap
/Applications/Xcode.app/Contents/Developer/Platforms/MacOSX.platform/Developer/SDKs/MacOSX26.1.sdk/usr/include/Darwin_Mach.modulemap
/Applications/Xcode.app/Contents/Developer/Platforms/MacOSX.platform/Developer/SDKs/MacOSX26.1.sdk/usr/include/Darwin_Mach_machine.modulemap
/Applications/Xcode.app/Contents/Developer/Platforms/MacOSX.platform/Developer/SDKs/MacOSX26.1.sdk/usr/include/mach_debug.modulemap
/Applications/Xcode.app/Contents/Developer/Platforms/MacOSX.platform/Developer/SDKs/MacOSX26.1.sdk/usr/include/device.modulemap
/Applications/Xcode.app/Contents/Developer/Platforms/MacOSX.platform/Developer/SDKs/MacOSX26.1.sdk/usr/include/Darwin_machine.modulemap
/Applications/Xcode.app/Contents/Developer/Platforms/MacOSX.platform/Developer/SDKs/MacOSX26.1.sdk/usr/include/ncurses.modulemap
/Applications/Xcode.app/Contents/Developer/Platforms/MacOSX.platform/Developer/SDKs/MacOSX26.1.sdk/usr/include/netinet6.modulemap
/Applications/Xcode.app/Contents/Developer/Platforms/MacOSX.platform/Developer/SDKs/MacOSX26.1.sdk/usr/include/Darwin_sys.modulemap
/Applications/Xcode.app/Contents/Developer/Platforms/MacOSX.platform/Developer/SDKs/MacOSX26.1.sdk/usr/include/uuid.modulemap
/Applications/Xcode.app/Contents/Developer/Platforms/MacOSX.platform/Developer/SDKs/MacOSX26.1.sdk/usr/include/DarwinFoundation2.modulemap
/Applications/Xcode.app/Contents/Developer/Platforms/MacOSX.platform/Developer/SDKs/MacOSX26.1.sdk/usr/include/DarwinFoundation1.modulemap
/Applications/Xcode.app/Contents/Developer/Platforms/MacOSX.platform/Developer/SDKs/MacOSX26.1.sdk/System/Library/Frameworks/IOKit.framework/Headers/IOMapTypes.h
/Applications/Xcode.app/Contents/Developer/Platforms/MacOSX.platform/Developer/SDKs/MacOSX26.1.sdk/System/Library/Frameworks/IOKit.framework/Headers/IOTypes.h
/Applications/Xcode.app/Contents/Developer/Toolchains/XcodeDefault.xctoolchain/usr/lib/swift/clang/include/module.modulemap
/Applications/Xcode.app/Contents/Developer/Platforms/MacOSX.platform/Developer/SDKs/MacOSX26.1.sdk/System/Library/Frameworks/IOKit.framework/Headers/IOKitKeys.h
/Applications/Xcode.app/Contents/Developer/Platforms/MacOSX.platform/Developer/SDKs/MacOSX26.1.sdk/System/Library/Frameworks/IOKit.framework/Headers/OSMessageNotification.h
/Applications/Xcode.app/Contents/Developer/Platforms/MacOSX.platform/Developer/SDKs/MacOSX26.1.sdk/System/Library/Frameworks/IOKit.framework/Headers/IOKitLib.h
/Applications/Xcode.app/Contents/Developer/Platforms/MacOSX.platform/Developer/SDKs/MacOSX26.1.sdk/System/Library/Frameworks/CoreFoundation.framework/Modules/module.modulemap
/Applications/Xcode.app/Contents/Developer/Platforms/MacOSX.platform/Developer/SDKs/MacOSX26.1.sdk/System/Library/Frameworks/IOKit.framework/Headers/IOBSD.h
/Applications/Xcode.app/Contents/Developer/Platforms/MacOSX.platform/Developer/SDKs/MacOSX26.1.sdk/System/Library/Frameworks/IOKit.framework/Headers/IODataQueueClient.h
/Applications/Xcode.app/Contents/Developer/Platforms/MacOSX.platform/Developer/SDKs/MacOSX26.1.sdk/System/Library/Frameworks/IOKit.framework/Headers/IODataQueueShared.h
/Applications/Xcode.app/Contents/Developer/Platforms/MacOSX.platform/Developer/SDKs/MacOSX26.1.sdk/System/Library/Frameworks/IOKit.framework/Headers/IOCFBundle.h
/Applications/Xcode.app/Contents/Developer/Platforms/MacOSX.platform/Developer/SDKs/MacOSX26.1.sdk/System/Library/Frameworks/IOKit.framework/Headers/IOSharedLock.h
/Applications/Xcode.app/Contents/Developer/Platforms/MacOSX.platform/Developer/SDKs/MacOSX26.1.sdk/System/Library/Frameworks/IOKit.framework/Headers/IOCFPlugIn.h
/Applications/Xcode.app/Contents/Developer/Platforms/MacOSX.platform/Developer/SDKs/MacOSX26.1.sdk/System/Library/Frameworks/IOKit.framework/Headers/IOCFSerialize.h
/Applications/Xcode.app/Contents/Developer/Platforms/MacOSX.platform/Developer/SDKs/MacOSX26.1.sdk/System/Library/Frameworks/IOKit.framework/Headers/IOCFURLAccess.h
/Applications/Xcode.app/Contents/Developer/Platforms/MacOSX.platform/Developer/SDKs/MacOSX26.1.sdk/System/Library/Frameworks/IOKit.framework/Headers/IOKitServer.h
/Applications/Xcode.app/Contents/Developer/Platforms/MacOSX.platform/Developer/SDKs/MacOSX26.1.sdk/System/Library/Frameworks/IOKit.framework/Headers/IOCFUnserialize.h
/Applications/Xcode.app/Contents/Developer/Platforms/MacOSX.platform/Developer/SDKs/MacOSX26.1.sdk/System/Library/Frameworks/IOKit.framework/Headers/IOMessage.h
/Applications/Xcode.app/Contents/Developer/Platforms/MacOSX.platform/Developer/SDKs/MacOSX26.1.sdk/System/Library/Frameworks/IOKit.framework/Headers/IORPC.h
/Applications/Xcode.app/Contents/Developer/Platforms/MacOSX.platform/Developer/SDKs/MacOSX26.1.sdk/System/Library/Frameworks/IOKit.framework/Headers/IOUserServer.h
/Applications/Xcode.app/Contents/Developer/Platforms/MacOSX.platform/Developer/SDKs/MacOSX26.1.sdk/System/Library/Frameworks/IOKit.framework/Headers/audio/IOAudioDefines.h
/Applications/Xcode.app/Contents/Developer/Platforms/MacOSX.platform/Developer/SDKs/MacOSX26.1.sdk/System/Library/Frameworks/IOKit.framework/Headers/audio/IOAudioLib.h
/Applications/Xcode.app/Contents/Developer/Platforms/MacOSX.platform/Developer/SDKs/MacOSX26.1.sdk/System/Library/Frameworks/IOKit.framework/Headers/audio/IOAudioTypes.h
/Applications/Xcode.app/Contents/Developer/Platforms/MacOSX.platform/Developer/SDKs/MacOSX26.1.sdk/System/Library/Frameworks/IOKit.framework/Headers/avc/IOFireWireAVCConsts.h
/Applications/Xcode.app/Contents/Developer/Platforms/MacOSX.platform/Developer/SDKs/MacOSX26.1.sdk/System/Library/Frameworks/IOKit.framework/Headers/avc/IOFireWireAVCLib.h
/Applications/Xcode.app/Contents/Developer/Platforms/MacOSX.platform/Developer/SDKs/MacOSX26.1.sdk/System/Library/Frameworks/IOKit.framework/Headers/firewire/IOFireWireFamilyCommon.h
/Applications/Xcode.app/Contents/Developer/Platforms/MacOSX.platform/Developer/SDKs/MacOSX26.1.sdk/System/Library/Frameworks/IOKit.framework/Headers/firewire/IOFireWireLib.h
/Applications/Xcode.app/Contents/Developer/Platforms/MacOSX.platform/Developer/SDKs/MacOSX26.1.sdk/System/Library/Frameworks/IOKit.framework/Headers/firewire/IOFireWireLibIsoch.h
/Applications/Xcode.app/Contents/Developer/Platforms/MacOSX.platform/Developer/SDKs/MacOSX26.1.sdk/System/Library/Frameworks/IOKit.framework/Headers/graphics/IOAccelClientConnect.h
/Applications/Xcode.app/Contents/Developer/Platforms/MacOSX.platform/Developer/SDKs/MacOSX26.1.sdk/System/Library/Frameworks/IOKit.framework/Headers/graphics/IOGraphicsInterface.h
/Applications/Xcode.app/Contents/Developer/Platforms/MacOSX.platform/Developer/SDKs/MacOSX26.1.sdk/System/Library/Frameworks/IOKit.framework/Headers/graphics/IOGraphicsInterfaceTypes.h
/Applications/Xcode.app/Contents/Developer/Platforms/MacOSX.platform/Developer/SDKs/MacOSX26.1.sdk/System/Library/Frameworks/IOKit.framework/Headers/graphics/IOAccelSurfaceConnect.h
/Applications/Xcode.app/Contents/Developer/Platforms/MacOSX.platform/Developer/SDKs/MacOSX26.1.sdk/System/Library/Frameworks/IOKit.framework/Headers/graphics/IOAccelTypes.h
/Applications/Xcode.app/Contents/Developer/Platforms/MacOSX.platform/Developer/SDKs/MacOSX26.1.sdk/System/Library/Frameworks/IOKit.framework/Headers/graphics/IOGraphicsLib.h
/Applications/Xcode.app/Contents/Developer/Platforms/MacOSX.platform/Developer/SDKs/MacOSX26.1.sdk/System/Library/Frameworks/IOKit.framework/Headers/graphics/IOFramebufferShared.h
/Applications/Xcode.app/Contents/Developer/Platforms/MacOSX.platform/Developer/SDKs/MacOSX26.1.sdk/System/Library/Frameworks/IOKit.framework/Headers/hidsystem/IOHIDTypes.h
/Applications/Xcode.app/Contents/Developer/Platforms/MacOSX.platform/Developer/SDKs/MacOSX26.1.sdk/System/Library/Frameworks/IOKit.framework/Headers/graphics/IOGraphicsTypes.h
/Applications/Xcode.app/Contents/Developer/Platforms/MacOSX.platform/Developer/SDKs/MacOSX26.1.sdk/System/Library/Frameworks/IOKit.framework/Headers/graphics/IOGraphicsEngine.h
/Applications/Xcode.app/Contents/Developer/Platforms/MacOSX.platform/Developer/SDKs/MacOSX26.1.sdk/System/Library/Frameworks/IOKit.framework/Headers/hid/IOHIDBase.h
/Applications/Xcode.app/Contents/Developer/Platforms/MacOSX.platform/Developer/SDKs/MacOSX26.1.sdk/System/Library/Frameworks/IOKit.framework/Headers/hid/IOHIDKeys.h
/Applications/Xcode.app/Contents/Developer/Platforms/MacOSX.platform/Developer/SDKs/MacOSX26.1.sdk/System/Library/Frameworks/IOKit.framework/Headers/hidsystem/IOHIDParameter.h
/Applications/Xcode.app/Contents/Developer/Platforms/MacOSX.platform/Developer/SDKs/MacOSX26.1.sdk/System/Library/Frameworks/IOKit.framework/Headers/hidsystem/IOLLEvent.h
/Applications/Xcode.app/Contents/Developer/Platforms/MacOSX.platform/Developer/SDKs/MacOSX26.1.sdk/System/Library/Frameworks/IOKit.framework/Headers/hid/IOHIDProperties.h
/Applications/Xcode.app/Contents/Developer/Platforms/MacOSX.platform/Developer/SDKs/MacOSX26.1.sdk/System/Library/Frameworks/IOKit.framework/Headers/hid/IOHIDEventServiceKeys.h
/Applications/Xcode.app/Contents/Developer/Platforms/MacOSX.platform/Developer/SDKs/MacOSX26.1.sdk/System/Library/Frameworks/IOKit.framework/Headers/hid/IOHIDDeviceTypes.h
/Applications/Xcode.app/Contents/Developer/Platforms/MacOSX.platform/Developer/SDKs/MacOSX26.1.sdk/System/Library/Frameworks/IOKit.framework/Headers/hid/IOHIDDeviceKeys.h
/Applications/Xcode.app/Contents/Developer/Platforms/MacOSX.platform/Developer/SDKs/MacOSX26.1.sdk/System/Library/Frameworks/IOKit.framework/Headers/hid/IOHIDQueue.h
/Applications/Xcode.app/Contents/Developer/Platforms/MacOSX.platform/Developer/SDKs/MacOSX26.1.sdk/System/Library/Frameworks/IOKit.framework/Headers/hid/IOHIDDevice.h
/Applications/Xcode.app/Contents/Developer/Platforms/MacOSX.platform/Developer/SDKs/MacOSX26.1.sdk/System/Library/Frameworks/IOKit.framework/Headers/hid/IOHIDLib.h
/Applications/Xcode.app/Contents/Developer/Platforms/MacOSX.platform/Developer/SDKs/MacOSX26.1.sdk/System/Library/Frameworks/IOKit.framework/Headers/hid/IOHIDElement.h
/Applications/Xcode.app/Contents/Developer/Platforms/MacOSX.platform/Developer/SDKs/MacOSX26.1.sdk/System/Library/Frameworks/IOKit.framework/Headers/hid/IOHIDLibObsolete.h
/Applications/Xcode.app/Contents/Developer/Platforms/MacOSX.platform/Developer/SDKs/MacOSX26.1.sdk/System/Library/Frameworks/IOKit.framework/Headers/hid/IOHIDManager.h
/Applications/Xcode.app/Contents/Developer/Platforms/MacOSX.platform/Developer/SDKs/MacOSX26.1.sdk/System/Library/Frameworks/IOKit.framework/Headers/hid/IOHIDUsageTables.h
/Applications/Xcode.app/Contents/Developer/Platforms/MacOSX.platform/Developer/SDKs/MacOSX26.1.sdk/System/Library/Frameworks/IOKit.framework/Headers/hid/IOHIDValue.h
/Applications/Xcode.app/Contents/Developer/Platforms/MacOSX.platform/Developer/SDKs/MacOSX26.1.sdk/System/Library/Frameworks/IOKit.framework/Headers/hid/IOHIDTransaction.h
/Applications/Xcode.app/Contents/Developer/Platforms/MacOSX.platform/Developer/SDKs/MacOSX26.1.sdk/System/Library/Frameworks/IOKit.framework/Headers/hid/IOHIDDevicePlugIn.h
/Applications/Xcode.app/Contents/Developer/Platforms/MacOSX.platform/Developer/SDKs/MacOSX26.1.sdk/System/Library/Frameworks/IOKit.framework/Headers/hid/IOHIDEventServiceTypes.h
/Applications/Xcode.app/Contents/Developer/Platforms/MacOSX.platform/Developer/SDKs/MacOSX26.1.sdk/System/Library/Frameworks/IOKit.framework/Headers/hidsystem/IOHIDLib.h
/Applications/Xcode.app/Contents/Developer/Platforms/MacOSX.platform/Developer/SDKs/MacOSX26.1.sdk/System/Library/Frameworks/IOKit.framework/Headers/hidsystem/IOHIDShared.h
/Applications/Xcode.app/Contents/Developer/Platforms/MacOSX.platform/Developer/SDKs/MacOSX26.1.sdk/System/Library/Frameworks/IOKit.framework/Headers/hidsystem/event_status_driver.h
/Applications/Xcode.app/Contents/Developer/Platforms/MacOSX.platform/Developer/SDKs/MacOSX26.1.sdk/System/Library/Frameworks/IOKit.framework/Headers/hidsystem/ev_keymap.h
/Applications/Xcode.app/Contents/Developer/Platforms/MacOSX.platform/Developer/SDKs/MacOSX26.1.sdk/System/Library/Frameworks/IOKit.framework/Headers/hidsystem/IOHIDEventSystemClient.h
/Applications/Xcode.app/Contents/Developer/Platforms/MacOSX.platform/Developer/SDKs/MacOSX26.1.sdk/System/Library/Frameworks/IOKit.framework/Headers/hidsystem/IOHIDServiceClient.h
/Applications/Xcode.app/Contents/Developer/Platforms/MacOSX.platform/Developer/SDKs/MacOSX26.1.sdk/System/Library/Frameworks/IOKit.framework/Headers/hidsystem/IOHIDUserDevice.h
/Applications/Xcode.app/Contents/Developer/Platforms/MacOSX.platform/Developer/SDKs/MacOSX26.1.sdk/System/Library/Frameworks/IOKit.framework/Headers/i2c/IOI2CInterface.h
/Applications/Xcode.app/Contents/Developer/Platforms/MacOSX.platform/Developer/SDKs/MacOSX26.1.sdk/System/Library/Frameworks/IOKit.framework/Headers/kext/KextManager.h
/Applications/Xcode.app/Contents/Developer/Platforms/MacOSX.platform/Developer/SDKs/MacOSX26.1.sdk/System/Library/Frameworks/IOKit.framework/Headers/network/IOEthernetController.h
/Applications/Xcode.app/Contents/Developer/Platforms/MacOSX.platform/Developer/SDKs/MacOSX26.1.sdk/System/Library/Frameworks/IOKit.framework/Headers/network/IONetworkController.h
/Applications/Xcode.app/Contents/Developer/Platforms/MacOSX.platform/Developer/SDKs/MacOSX26.1.sdk/System/Library/Frameworks/IOKit.framework/Headers/network/IONetworkData.h
/Applications/Xcode.app/Contents/Developer/Platforms/MacOSX.platform/Developer/SDKs/MacOSX26.1.sdk/System/Library/Frameworks/IOKit.framework/Headers/network/IONetworkStack.h
/Applications/Xcode.app/Contents/Developer/Platforms/MacOSX.platform/Developer/SDKs/MacOSX26.1.sdk/System/Library/Frameworks/IOKit.framework/Headers/network/IOEthernetInterface.h
/Applications/Xcode.app/Contents/Developer/Platforms/MacOSX.platform/Developer/SDKs/MacOSX26.1.sdk/System/Library/Frameworks/IOKit.framework/Headers/network/IONetworkInterface.h
/Applications/Xcode.app/Contents/Developer/Platforms/MacOSX.platform/Developer/SDKs/MacOSX26.1.sdk/System/Library/Frameworks/IOKit.framework/Headers/network/IONetworkStats.h
/Applications/Xcode.app/Contents/Developer/Platforms/MacOSX.platform/Developer/SDKs/MacOSX26.1.sdk/System/Library/Frameworks/IOKit.framework/Headers/network/IOEthernetStats.h
/Applications/Xcode.app/Contents/Developer/Platforms/MacOSX.platform/Developer/SDKs/MacOSX26.1.sdk/System/Library/Frameworks/IOKit.framework/Headers/network/IONetworkLib.h
/Applications/Xcode.app/Contents/Developer/Platforms/MacOSX.platform/Developer/SDKs/MacOSX26.1.sdk/System/Library/Frameworks/IOKit.framework/Headers/network/IONetworkMedium.h
/Applications/Xcode.app/Contents/Developer/Platforms/MacOSX.platform/Developer/SDKs/MacOSX26.1.sdk/System/Library/Frameworks/IOKit.framework/Headers/network/IONetworkUserClient.h
/Applications/Xcode.app/Contents/Developer/Platforms/MacOSX.platform/Developer/SDKs/MacOSX26.1.sdk/System/Library/Frameworks/IOKit.framework/Headers/ps/IOPSKeys.h
/Applications/Xcode.app/Contents/Developer/Platforms/MacOSX.platform/Developer/SDKs/MacOSX26.1.sdk/System/Library/Frameworks/IOKit.framework/Headers/ps/IOPowerSources.h
/Applications/Xcode.app/Contents/Developer/Platforms/MacOSX.platform/Developer/SDKs/MacOSX26.1.sdk/System/Library/Frameworks/IOKit.framework/Headers/ps/IOUPSPlugIn.h
/Applications/Xcode.app/Contents/Developer/Platforms/MacOSX.platform/Developer/SDKs/MacOSX26.1.sdk/System/Library/Frameworks/IOKit.framework/Headers/pwr_mgt/IOPM.h
/Applications/Xcode.app/Contents/Developer/Platforms/MacOSX.platform/Developer/SDKs/MacOSX26.1.sdk/System/Library/Frameworks/IOKit.framework/Headers/pwr_mgt/IOPMKeys.h
/Applications/Xcode.app/Contents/Developer/Platforms/MacOSX.platform/Developer/SDKs/MacOSX26.1.sdk/System/Library/Frameworks/IOKit.framework/Headers/pwr_mgt/IOPMLib.h
/Applications/Xcode.app/Contents/Developer/Platforms/MacOSX.platform/Developer/SDKs/MacOSX26.1.sdk/System/Library/Frameworks/IOKit.framework/Headers/pwr_mgt/IOPMLibDefs.h
/Applications/Xcode.app/Contents/Developer/Platforms/MacOSX.platform/Developer/SDKs/MacOSX26.1.sdk/System/Library/Frameworks/IOKit.framework/Headers/sbp2/IOFireWireSBP2Lib.h
/Applications/Xcode.app/Contents/Developer/Platforms/MacOSX.platform/Developer/SDKs/MacOSX26.1.sdk/System/Library/Frameworks/IOKit.framework/Headers/scsi/IOSCSIMultimediaCommandsDevice.h
/Applications/Xcode.app/Contents/Developer/Platforms/MacOSX.platform/Developer/SDKs/MacOSX26.1.sdk/System/Library/Frameworks/IOKit.framework/Headers/storage/IOStorageDeviceCharacteristics.h
/Applications/Xcode.app/Contents/Developer/Platforms/MacOSX.platform/Developer/SDKs/MacOSX26.1.sdk/System/Library/Frameworks/IOKit.framework/Headers/storage/IOStorageProtocolCharacteristics.h
/Applications/Xcode.app/Contents/Developer/Platforms/MacOSX.platform/Developer/SDKs/MacOSX26.1.sdk/System/Library/Frameworks/IOKit.framework/Headers/storage/IOStorageControllerCharacteristics.h
/Applications/Xcode.app/Contents/Developer/Platforms/MacOSX.platform/Developer/SDKs/MacOSX26.1.sdk/System/Library/Frameworks/IOKit.framework/Headers/scsi/SCSICmds_REQUEST_SENSE_Defs.h
/Applications/Xcode.app/Contents/Developer/Platforms/MacOSX.platform/Developer/SDKs/MacOSX26.1.sdk/System/Library/Frameworks/IOKit.framework/Headers/scsi/SCSICmds_INQUIRY_Definitions.h
/Applications/Xcode.app/Contents/Developer/Platforms/MacOSX.platform/Developer/SDKs/MacOSX26.1.sdk/System/Library/Frameworks/IOKit.framework/Headers/scsi/SCSICommandDefinitions.h
/Applications/Xcode.app/Contents/Developer/Platforms/MacOSX.platform/Developer/SDKs/MacOSX26.1.sdk/System/Library/Frameworks/IOKit.framework/Headers/scsi/SCSICmds_MODE_Definitions.h
/Applications/Xcode.app/Contents/Developer/Platforms/MacOSX.platform/Developer/SDKs/MacOSX26.1.sdk/System/Library/Frameworks/IOKit.framework/Headers/scsi/SCSICommandOperationCodes.h
/Applications/Xcode.app/Contents/Developer/Platforms/MacOSX.platform/Developer/SDKs/MacOSX26.1.sdk/System/Library/Frameworks/IOKit.framework/Headers/scsi/SCSICmds_READ_CAPACITY_Definitions.h
/Applications/Xcode.app/Contents/Developer/Platforms/MacOSX.platform/Developer/SDKs/MacOSX26.1.sdk/System/Library/Frameworks/IOKit.framework/Headers/scsi/SCSITask.h
/Applications/Xcode.app/Contents/Developer/Platforms/MacOSX.platform/Developer/SDKs/MacOSX26.1.sdk/System/Library/Frameworks/IOKit.framework/Headers/scsi/SCSICmds_REPORT_LUNS_Definitions.h
/Applications/Xcode.app/Contents/Developer/Platforms/MacOSX.platform/Developer/SDKs/MacOSX26.1.sdk/System/Library/Frameworks/IOKit.framework/Headers/scsi/SCSITaskLib.h
/Applications/Xcode.app/Contents/Developer/Platforms/MacOSX.platform/Developer/SDKs/MacOSX26.1.sdk/System/Library/Frameworks/IOKit.framework/Headers/serial/IOSerialKeys.h
/Applications/Xcode.app/Contents/Developer/Platforms/MacOSX.platform/Developer/SDKs/MacOSX26.1.sdk/System/Library/Frameworks/IOKit.framework/Headers/serial/ioss.h
/Applications/Xcode.app/Contents/Developer/Platforms/MacOSX.platform/Developer/SDKs/MacOSX26.1.sdk/System/Library/Frameworks/IOKit.framework/Headers/storage/IOAppleLabelScheme.h
/Applications/Xcode.app/Contents/Developer/Platforms/MacOSX.platform/Developer/SDKs/MacOSX26.1.sdk/System/Library/Frameworks/IOKit.framework/Headers/storage/IODVDMediaBSDClient.h
/Applications/Xcode.app/Contents/Developer/Platforms/MacOSX.platform/Developer/SDKs/MacOSX26.1.sdk/System/Library/Frameworks/IOKit.framework/Headers/storage/IODVDTypes.h
/Applications/Xcode.app/Contents/Developer/Platforms/MacOSX.platform/Developer/SDKs/MacOSX26.1.sdk/System/Library/Frameworks/IOKit.framework/Headers/storage/IOApplePartitionScheme.h
/Applications/Xcode.app/Contents/Developer/Platforms/MacOSX.platform/Developer/SDKs/MacOSX26.1.sdk/System/Library/Frameworks/IOKit.framework/Headers/storage/IOBDBlockStorageDevice.h
/Applications/Xcode.app/Contents/Developer/Platforms/MacOSX.platform/Developer/SDKs/MacOSX26.1.sdk/System/Library/Frameworks/IOKit.framework/Headers/storage/IOBDTypes.h
/Applications/Xcode.app/Contents/Developer/Platforms/MacOSX.platform/Developer/SDKs/MacOSX26.1.sdk/System/Library/Frameworks/IOKit.framework/Headers/storage/IOFDiskPartitionScheme.h
/Applications/Xcode.app/Contents/Developer/Platforms/MacOSX.platform/Developer/SDKs/MacOSX26.1.sdk/System/Library/Frameworks/IOKit.framework/Headers/storage/IOBDMedia.h
/Applications/Xcode.app/Contents/Developer/Platforms/MacOSX.platform/Developer/SDKs/MacOSX26.1.sdk/System/Library/Frameworks/IOKit.framework/Headers/storage/IOFilterScheme.h
/Applications/Xcode.app/Contents/Developer/Platforms/MacOSX.platform/Developer/SDKs/MacOSX26.1.sdk/System/Library/Frameworks/IOKit.framework/Headers/storage/IOBDMediaBSDClient.h
/Applications/Xcode.app/Contents/Developer/Platforms/MacOSX.platform/Developer/SDKs/MacOSX26.1.sdk/System/Library/Frameworks/IOKit.framework/Headers/storage/IOFireWireStorageCharacteristics.h
/Applications/Xcode.app/Contents/Developer/Platforms/MacOSX.platform/Developer/SDKs/MacOSX26.1.sdk/System/Library/Frameworks/IOKit.framework/Headers/storage/IOGUIDPartitionScheme.h
/Applications/Xcode.app/Contents/Developer/Platforms/MacOSX.platform/Developer/SDKs/MacOSX26.1.sdk/System/Library/Frameworks/IOKit.framework/Headers/storage/IOBlockStorageDevice.h
/Applications/Xcode.app/Contents/Developer/Platforms/MacOSX.platform/Developer/SDKs/MacOSX26.1.sdk/System/Library/Frameworks/IOKit.framework/Headers/storage/IOMedia.h
/Applications/Xcode.app/Contents/Developer/Platforms/MacOSX.platform/Developer/SDKs/MacOSX26.1.sdk/System/Library/Frameworks/IOKit.framework/Headers/storage/IOBlockStorageDriver.h
/Applications/Xcode.app/Contents/Developer/Platforms/MacOSX.platform/Developer/SDKs/MacOSX26.1.sdk/System/Library/Frameworks/IOKit.framework/Headers/storage/IOMediaBSDClient.h
/Applications/Xcode.app/Contents/Developer/Platforms/MacOSX.platform/Developer/SDKs/MacOSX26.1.sdk/System/Library/Frameworks/IOKit.framework/Headers/storage/IOCDBlockStorageDevice.h
/Applications/Xcode.app/Contents/Developer/Platforms/MacOSX.platform/Developer/SDKs/MacOSX26.1.sdk/System/Library/Frameworks/IOKit.framework/Headers/storage/IOCDTypes.h
/Applications/Xcode.app/Contents/Developer/Platforms/MacOSX.platform/Developer/SDKs/MacOSX26.1.sdk/System/Library/Frameworks/IOKit.framework/Headers/storage/IOPartitionScheme.h
/Applications/Xcode.app/Contents/Developer/Platforms/MacOSX.platform/Developer/SDKs/MacOSX26.1.sdk/System/Library/Frameworks/IOKit.framework/Headers/storage/IOCDMedia.h
/Applications/Xcode.app/Contents/Developer/Platforms/MacOSX.platform/Developer/SDKs/MacOSX26.1.sdk/System/Library/Frameworks/IOKit.framework/Headers/storage/IOStorage.h
/Applications/Xcode.app/Contents/Developer/Platforms/MacOSX.platform/Developer/SDKs/MacOSX26.1.sdk/System/Library/Frameworks/IOKit.framework/Headers/storage/IOCDMediaBSDClient.h
/Applications/Xcode.app/Contents/Developer/Platforms/MacOSX.platform/Developer/SDKs/MacOSX26.1.sdk/System/Library/Frameworks/IOKit.framework/Headers/storage/IOStorageCardCharacteristics.h
/Applications/Xcode.app/Contents/Developer/Platforms/MacOSX.platform/Developer/SDKs/MacOSX26.1.sdk/System/Library/Frameworks/IOKit.framework/Headers/storage/IOCDPartitionScheme.h
/Applications/Xcode.app/Contents/Developer/Platforms/MacOSX.platform/Developer/SDKs/MacOSX26.1.sdk/System/Library/Frameworks/IOKit.framework/Headers/storage/IODVDBlockStorageDevice.h
/Applications/Xcode.app/Contents/Developer/Platforms/MacOSX.platform/Developer/SDKs/MacOSX26.1.sdk/System/Library/Frameworks/IOKit.framework/Headers/storage/IODVDMedia.h
/Applications/Xcode.app/Contents/Developer/Platforms/MacOSX.platform/Developer/SDKs/MacOSX26.1.sdk/System/Library/Frameworks/IOKit.framework/Headers/storage/ata/ATASMARTLib.h
/Applications/Xcode.app/Contents/Developer/Platforms/MacOSX.platform/Developer/SDKs/MacOSX26.1.sdk/System/Library/Frameworks/IOKit.framework/Headers/storage/ata/IOATAStorageDefines.h
/Applications/Xcode.app/Contents/Developer/Platforms/MacOSX.platform/Developer/SDKs/MacOSX26.1.sdk/System/Library/Frameworks/IOKit.framework/Headers/stream/IOStreamLib.h
/Applications/Xcode.app/Contents/Developer/Platforms/MacOSX.platform/Developer/SDKs/MacOSX26.1.sdk/System/Library/Frameworks/IOKit.framework/Headers/stream/IOStreamShared.h
/Applications/Xcode.app/Contents/Developer/Platforms/MacOSX.platform/Developer/SDKs/MacOSX26.1.sdk/System/Library/Frameworks/IOKit.framework/Headers/usb/AppleUSBDefinitions.h
/Applications/Xcode.app/Contents/Developer/Platforms/MacOSX.platform/Developer/SDKs/MacOSX26.1.sdk/System/Library/Frameworks/IOKit.framework/Headers/usb/IOUSBHostFamilyDefinitions.h
/Applications/Xcode.app/Contents/Developer/Platforms/MacOSX.platform/Developer/SDKs/MacOSX26.1.sdk/System/Library/Frameworks/IOKit.framework/Headers/usb/IOUSBLib.h
/Applications/Xcode.app/Contents/Developer/Platforms/MacOSX.platform/Developer/SDKs/MacOSX26.1.sdk/System/Library/Frameworks/IOKit.framework/Headers/usb/USB.h
/Applications/Xcode.app/Contents/Developer/Platforms/MacOSX.platform/Developer/SDKs/MacOSX26.1.sdk/System/Library/Frameworks/IOKit.framework/Headers/usb/USBSpec.h
/Applications/Xcode.app/Contents/Developer/Platforms/MacOSX.platform/Developer/SDKs/MacOSX26.1.sdk/SDKSettings.json
/Applications/Xcode.app/Contents/Developer/Toolchains/XcodeDefault.xctoolchain/usr/lib/swift/macosx/prebuilt-modules/26.1/IOKit.swiftmodule/arm64e-apple-macos.swiftmodule
/Applications/Xcode.app/Contents/Developer/Platforms/MacOSX.platform/Developer/SDKs/MacOSX26.1.sdk/usr/include/DarwinBasic.modulemap
/Applications/Xcode.app/Contents/Developer/Platforms/MacOSX.platform/Developer/SDKs/MacOSX26.1.sdk/usr/include/Darwin.modulemap
/Applications/Xcode.app/Contents/Developer/Platforms/MacOSX.platform/Developer/SDKs/MacOSX26.1.sdk/usr/include/Darwin_C.modulemap
/Applications/Xcode.app/Contents/Developer/Platforms/MacOSX.platform/Developer/SDKs/MacOSX26.1.sdk/usr/include/Darwin_POSIX.modulemap
/Applications/Xcode.app/Contents/Developer/Platforms/MacOSX.platform/Developer/SDKs/MacOSX26.1.sdk/usr/include/net.modulemap
/Applications/Xcode.app/Contents/Developer/Platforms/MacOSX.platform/Developer/SDKs/MacOSX26.1.sdk/usr/include/netinet.modulemap
/Applications/Xcode.app/Contents/Developer/Platforms/MacOSX.platform/Developer/SDKs/MacOSX26.1.sdk/usr/include/bank.modulemap
/Applications/Xcode.app/Contents/Developer/Platforms/MacOSX.platform/Developer/SDKs/MacOSX26.1.sdk/usr/include/Darwin_Mach.modulemap
/Applications/Xcode.app/Contents/Developer/Platforms/MacOSX.platform/Developer/SDKs/MacOSX26.1.sdk/usr/include/Darwin_Mach_machine.modulemap
/Applications/Xcode.app/Contents/Developer/Platforms/MacOSX.platform/Developer/SDKs/MacOSX26.1.sdk/usr/include/mach_debug.modulemap
/Applications/Xcode.app/Contents/Developer/Platforms/MacOSX.platform/Developer/SDKs/MacOSX26.1.sdk/usr/include/device.modulemap
/Applications/Xcode.app/Contents/Developer/Platforms/MacOSX.platform/Developer/SDKs/MacOSX26.1.sdk/usr/include/Darwin_machine.modulemap
/Applications/Xcode.app/Contents/Developer/Platforms/MacOSX.platform/Developer/SDKs/MacOSX26.1.sdk/usr/include/ncurses.modulemap
/Applications/Xcode.app/Contents/Developer/Platforms/MacOSX.platform/Developer/SDKs/MacOSX26.1.sdk/usr/include/netinet6.modulemap
/Applications/Xcode.app/Contents/Developer/Platforms/MacOSX.platform/Developer/SDKs/MacOSX26.1.sdk/usr/include/Darwin_sys.modulemap
/Applications/Xcode.app/Contents/Developer/Platforms/MacOSX.platform/Developer/SDKs/MacOSX26.1.sdk/usr/include/uuid.modulemap
/Applications/Xcode.app/Contents/Developer/Platforms/MacOSX.platform/Developer/SDKs/MacOSX26.1.sdk/usr/include/DarwinFoundation2.modulemap
/Applications/Xcode.app/Contents/Developer/Platforms/MacOSX.platform/Developer/SDKs/MacOSX26.1.sdk/usr/include/DarwinFoundation3.modulemap
/Applications/Xcode.app/Contents/Developer/Platforms/MacOSX.platform/Developer/SDKs/MacOSX26.1.sdk/usr/include/DarwinFoundation1.modulemap
/Applications/Xcode.app/Contents/Developer/Platforms/MacOSX.platform/Developer/SDKs/MacOSX26.1.sdk/usr/include/mach-o/arch.h
/Applications/Xcode.app/Contents/Developer/Toolchains/XcodeDefault.xctoolchain/usr/lib/swift/clang/include/module.modulemap
/Applications/Xcode.app/Contents/Developer/Platforms/MacOSX.platform/Developer/SDKs/MacOSX26.1.sdk/usr/include/mach-o/arm/reloc.h
/Applications/Xcode.app/Contents/Developer/Platforms/MacOSX.platform/Developer/SDKs/MacOSX26.1.sdk/usr/include/mach-o/arm64/reloc.h
/Applications/Xcode.app/Contents/Developer/Platforms/MacOSX.platform/Developer/SDKs/MacOSX26.1.sdk/usr/include/mach-o/compact_unwind_encoding.h
/Applications/Xcode.app/Contents/Developer/Platforms/MacOSX.platform/Developer/SDKs/MacOSX26.1.sdk/usr/include/mach-o/dyld.h
/Applications/Xcode.app/Contents/Developer/Toolchains/XcodeDefault.xctoolchain/usr/lib/swift/clang/include/stddef.h
/Applications/Xcode.app/Contents/Developer/Platforms/MacOSX.platform/Developer/SDKs/MacOSX26.1.sdk/usr/include/mach-o/loader.h
/Applications/Xcode.app/Contents/Developer/Platforms/MacOSX.platform/Developer/SDKs/MacOSX26.1.sdk/usr/include/mach-o/dyld_images.h
/Applications/Xcode.app/Contents/Developer/Platforms/MacOSX.platform/Developer/SDKs/MacOSX26.1.sdk/usr/include/mach-o/fat.h
/Applications/Xcode.app/Contents/Developer/Platforms/MacOSX.platform/Developer/SDKs/MacOSX26.1.sdk/usr/include/mach-o/fixup-chains.h
/Applications/Xcode.app/Contents/Developer/Platforms/MacOSX.platform/Developer/SDKs/MacOSX26.1.sdk/usr/include/mach-o/getsect.h
/Applications/Xcode.app/Contents/Developer/Platforms/MacOSX.platform/Developer/SDKs/MacOSX26.1.sdk/usr/include/mach-o/ldsyms.h
/Applications/Xcode.app/Contents/Developer/Platforms/MacOSX.platform/Developer/SDKs/MacOSX26.1.sdk/usr/include/mach-o/nlist.h
/Applications/Xcode.app/Contents/Developer/Platforms/MacOSX.platform/Developer/SDKs/MacOSX26.1.sdk/usr/include/mach-o/ranlib.h
/Applications/Xcode.app/Contents/Developer/Platforms/MacOSX.platform/Developer/SDKs/MacOSX26.1.sdk/usr/include/mach-o/reloc.h
/Applications/Xcode.app/Contents/Developer/Platforms/MacOSX.platform/Developer/SDKs/MacOSX26.1.sdk/usr/include/mach-o/stab.h
/Applications/Xcode.app/Contents/Developer/Platforms/MacOSX.platform/Developer/SDKs/MacOSX26.1.sdk/usr/include/mach-o/swap.h
/Applications/Xcode.app/Contents/Developer/Platforms/MacOSX.platform/Developer/SDKs/MacOSX26.1.sdk/usr/include/mach-o/utils.h
/Applications/Xcode.app/Contents/Developer/Platforms/MacOSX.platform/Developer/SDKs/MacOSX26.1.sdk/usr/include/mach-o/x86_64/reloc.h
/Applications/Xcode.app/Contents/Developer/Platforms/MacOSX.platform/Developer/SDKs/MacOSX26.1.sdk/SDKSettings.json
/Applications/Xcode.app/Contents/Developer/Platforms/MacOSX.platform/Developer/SDKs/MacOSX26.1.sdk/usr/include/ObjectiveC.apinotes
/Applications/Xcode.app/Contents/Developer/Platforms/MacOSX.platform/Developer/SDKs/MacOSX26.1.sdk/usr/include/DarwinBasic.modulemap
/Applications/Xcode.app/Contents/Developer/Platforms/MacOSX.platform/Developer/SDKs/MacOSX26.1.sdk/usr/include/ObjectiveC.modulemap
/Applications/Xcode.app/Contents/Developer/Platforms/MacOSX.platform/Developer/SDKs/MacOSX26.1.sdk/usr/include/Darwin.modulemap
/Applications/Xcode.app/Contents/Developer/Platforms/MacOSX.platform/Developer/SDKs/MacOSX26.1.sdk/usr/include/Darwin_C.modulemap
/Applications/Xcode.app/Contents/Developer/Platforms/MacOSX.platform/Developer/SDKs/MacOSX26.1.sdk/usr/include/Darwin_POSIX.modulemap
/Applications/Xcode.app/Contents/Developer/Platforms/MacOSX.platform/Developer/SDKs/MacOSX26.1.sdk/usr/include/net.modulemap
/Applications/Xcode.app/Contents/Developer/Platforms/MacOSX.platform/Developer/SDKs/MacOSX26.1.sdk/usr/include/netinet.modulemap
/Applications/Xcode.app/Contents/Developer/Platforms/MacOSX.platform/Developer/SDKs/MacOSX26.1.sdk/usr/include/bank.modulemap
/Applications/Xcode.app/Contents/Developer/Platforms/MacOSX.platform/Developer/SDKs/MacOSX26.1.sdk/usr/include/Darwin_Mach.modulemap
/Applications/Xcode.app/Contents/Developer/Platforms/MacOSX.platform/Developer/SDKs/MacOSX26.1.sdk/usr/include/Darwin_Mach_machine.modulemap
/Applications/Xcode.app/Contents/Developer/Platforms/MacOSX.platform/Developer/SDKs/MacOSX26.1.sdk/usr/include/mach_debug.modulemap
/Applications/Xcode.app/Contents/Developer/Platforms/MacOSX.platform/Developer/SDKs/MacOSX26.1.sdk/usr/include/device.modulemap
/Applications/Xcode.app/Contents/Developer/Platforms/MacOSX.platform/Developer/SDKs/MacOSX26.1.sdk/usr/include/Darwin_machine.modulemap
/Applications/Xcode.app/Contents/Developer/Platforms/MacOSX.platform/Developer/SDKs/MacOSX26.1.sdk/usr/include/ncurses.modulemap
/Applications/Xcode.app/Contents/Developer/Platforms/MacOSX.platform/Developer/SDKs/MacOSX26.1.sdk/usr/include/netinet6.modulemap
/Applications/Xcode.app/Contents/Developer/Platforms/MacOSX.platform/Developer/SDKs/MacOSX26.1.sdk/usr/include/Darwin_sys.modulemap
/Applications/Xcode.app/Contents/Developer/Platforms/MacOSX.platform/Developer/SDKs/MacOSX26.1.sdk/usr/include/uuid.modulemap
/Applications/Xcode.app/Contents/Developer/Platforms/MacOSX.platform/Developer/SDKs/MacOSX26.1.sdk/usr/include/DarwinFoundation2.modulemap
/Applications/Xcode.app/Contents/Developer/Platforms/MacOSX.platform/Developer/SDKs/MacOSX26.1.sdk/usr/include/DarwinFoundation3.modulemap
/Applications/Xcode.app/Contents/Developer/Platforms/MacOSX.platform/Developer/SDKs/MacOSX26.1.sdk/usr/include/DarwinFoundation1.modulemap
/Applications/Xcode.app/Contents/Developer/Platforms/MacOSX.platform/Developer/SDKs/MacOSX26.1.sdk/usr/include/objc/List.h
/Applications/Xcode.app/Contents/Developer/Platforms/MacOSX.platform/Developer/SDKs/MacOSX26.1.sdk/usr/include/objc/NSObjCRuntime.h
/Applications/Xcode.app/Contents/Developer/Toolchains/XcodeDefault.xctoolchain/usr/lib/swift/clang/include/module.modulemap
/Applications/Xcode.app/Contents/Developer/Platforms/MacOSX.platform/Developer/SDKs/MacOSX26.1.sdk/usr/include/objc/objc.h
/Applications/Xcode.app/Contents/Developer/Platforms/MacOSX.platform/Developer/SDKs/MacOSX26.1.sdk/usr/include/stdlib.h
/Applications/Xcode.app/Contents/Developer/Platforms/MacOSX.platform/Developer/SDKs/MacOSX26.1.sdk/usr/include/objc/objc-api.h
/Applications/Xcode.app/Contents/Developer/Toolchains/XcodeDefault.xctoolchain/usr/lib/swift/clang/include/stddef.h
/Applications/Xcode.app/Contents/Developer/Platforms/MacOSX.platform/Developer/SDKs/MacOSX26.1.sdk/usr/include/objc/NSObject.h
/Applications/Xcode.app/Contents/Developer/Platforms/MacOSX.platform/Developer/SDKs/MacOSX26.1.sdk/usr/include/objc/Object.h
/Applications/Xcode.app/Contents/Developer/Toolchains/XcodeDefault.xctoolchain/usr/lib/swift/clang/include/stdarg.h
/Applications/Xcode.app/Contents/Developer/Platforms/MacOSX.platform/Developer/SDKs/MacOSX26.1.sdk/usr/include/objc/objc-runtime.h
/Applications/Xcode.app/Contents/Developer/Platforms/MacOSX.platform/Developer/SDKs/MacOSX26.1.sdk/usr/include/objc/runtime.h
/Applications/Xcode.app/Contents/Developer/Platforms/MacOSX.platform/Developer/SDKs/MacOSX26.1.sdk/usr/include/objc/message.h
/Applications/Xcode.app/Contents/Developer/Platforms/MacOSX.platform/Developer/SDKs/MacOSX26.1.sdk/usr/include/objc/Protocol.h
/Applications/Xcode.app/Contents/Developer/Platforms/MacOSX.platform/Developer/SDKs/MacOSX26.1.sdk/usr/include/objc/hashtable.h
/Applications/Xcode.app/Contents/Developer/Platforms/MacOSX.platform/Developer/SDKs/MacOSX26.1.sdk/usr/include/objc/hashtable2.h
/Applications/Xcode.app/Contents/Developer/Platforms/MacOSX.platform/Developer/SDKs/MacOSX26.1.sdk/usr/include/objc/objc-auto.h
/Applications/Xcode.app/Contents/Developer/Platforms/MacOSX.platform/Developer/SDKs/MacOSX26.1.sdk/usr/include/string.h
/Applications/Xcode.app/Contents/Developer/Platforms/MacOSX.platform/Developer/SDKs/MacOSX26.1.sdk/usr/include/objc/objc-class.h
/Applications/Xcode.app/Contents/Developer/Platforms/MacOSX.platform/Developer/SDKs/MacOSX26.1.sdk/usr/include/objc/objc-exception.h
/Applications/Xcode.app/Contents/Developer/Platforms/MacOSX.platform/Developer/SDKs/MacOSX26.1.sdk/usr/include/objc/objc-load.h
/Applications/Xcode.app/Contents/Developer/Platforms/MacOSX.platform/Developer/SDKs/MacOSX26.1.sdk/usr/include/objc/objc-sync.h
/Applications/Xcode.app/Contents/Developer/Platforms/MacOSX.platform/Developer/SDKs/MacOSX26.1.sdk/SDKSettings.json
/Applications/Xcode.app/Contents/Developer/Toolchains/XcodeDefault.xctoolchain/usr/lib/swift/macosx/prebuilt-modules/26.1/ObjectiveC.swiftmodule/arm64e-apple-macos.swiftmodule
/Applications/Xcode.app/Contents/Developer/Toolchains/XcodeDefault.xctoolchain/usr/lib/swift/macosx/prebuilt-modules/26.1/Observation.swiftmodule/arm64e-apple-macos.swiftmodule
/Users/rogerlin/Library/Developer/Xcode/DerivedData/FinancialCalculatorKit-ackorybalcxbfocbkqsfdzcfkgmn/Build/Products/Debug/RealModule.swiftmodule/arm64-apple-macos.swiftmodule
/Applications/Xcode.app/Contents/Developer/Platforms/MacOSX.platform/Developer/SDKs/MacOSX26.1.sdk/System/Library/Frameworks/Security.framework/Headers/Security.apinotes
/Applications/Xcode.app/Contents/Developer/Platforms/MacOSX.platform/Developer/SDKs/MacOSX26.1.sdk/System/Library/Frameworks/Security.framework/Modules/module.modulemap
/Applications/Xcode.app/Contents/Developer/Platforms/MacOSX.platform/Developer/SDKs/MacOSX26.1.sdk/System/Library/Frameworks/Security.framework/Headers/Security.h
/Applications/Xcode.app/Contents/Developer/Platforms/MacOSX.platform/Developer/SDKs/MacOSX26.1.sdk/System/Library/Frameworks/Security.framework/Headers/SecBase.h
/Applications/Xcode.app/Contents/Developer/Platforms/MacOSX.platform/Developer/SDKs/MacOSX26.1.sdk/usr/include/xpc.modulemap
/Applications/Xcode.app/Contents/Developer/Platforms/MacOSX.platform/Developer/SDKs/MacOSX26.1.sdk/usr/include/dispatch.modulemap
/Applications/Xcode.app/Contents/Developer/Platforms/MacOSX.platform/Developer/SDKs/MacOSX26.1.sdk/usr/include/os.modulemap
/Applications/Xcode.app/Contents/Developer/Platforms/MacOSX.platform/Developer/SDKs/MacOSX26.1.sdk/usr/include/Darwin.modulemap
/Applications/Xcode.app/Contents/Developer/Platforms/MacOSX.platform/Developer/SDKs/MacOSX26.1.sdk/usr/include/Darwin_C.modulemap
/Applications/Xcode.app/Contents/Developer/Platforms/MacOSX.platform/Developer/SDKs/MacOSX26.1.sdk/usr/include/Darwin_POSIX.modulemap
/Applications/Xcode.app/Contents/Developer/Platforms/MacOSX.platform/Developer/SDKs/MacOSX26.1.sdk/usr/include/net.modulemap
/Applications/Xcode.app/Contents/Developer/Platforms/MacOSX.platform/Developer/SDKs/MacOSX26.1.sdk/usr/include/netinet.modulemap
/Applications/Xcode.app/Contents/Developer/Platforms/MacOSX.platform/Developer/SDKs/MacOSX26.1.sdk/usr/include/bank.modulemap
/Applications/Xcode.app/Contents/Developer/Platforms/MacOSX.platform/Developer/SDKs/MacOSX26.1.sdk/usr/include/Darwin_Mach.modulemap
/Applications/Xcode.app/Contents/Developer/Platforms/MacOSX.platform/Developer/SDKs/MacOSX26.1.sdk/usr/include/Darwin_Mach_machine.modulemap
/Applications/Xcode.app/Contents/Developer/Platforms/MacOSX.platform/Developer/SDKs/MacOSX26.1.sdk/usr/include/mach_debug.modulemap
/Applications/Xcode.app/Contents/Developer/Platforms/MacOSX.platform/Developer/SDKs/MacOSX26.1.sdk/usr/include/device.modulemap
/Applications/Xcode.app/Contents/Developer/Platforms/MacOSX.platform/Developer/SDKs/MacOSX26.1.sdk/usr/include/Darwin_machine.modulemap
/Applications/Xcode.app/Contents/Developer/Platforms/MacOSX.platform/Developer/SDKs/MacOSX26.1.sdk/usr/include/ncurses.modulemap
/Applications/Xcode.app/Contents/Developer/Platforms/MacOSX.platform/Developer/SDKs/MacOSX26.1.sdk/usr/include/netinet6.modulemap
/Applications/Xcode.app/Contents/Developer/Platforms/MacOSX.platform/Developer/SDKs/MacOSX26.1.sdk/usr/include/Darwin_sys.modulemap
/Applications/Xcode.app/Contents/Developer/Platforms/MacOSX.platform/Developer/SDKs/MacOSX26.1.sdk/usr/include/uuid.modulemap
/Applications/Xcode.app/Contents/Developer/Platforms/MacOSX.platform/Developer/SDKs/MacOSX26.1.sdk/usr/include/DarwinFoundation2.modulemap
/Applications/Xcode.app/Contents/Developer/Platforms/MacOSX.platform/Developer/SDKs/MacOSX26.1.sdk/usr/include/DarwinFoundation3.modulemap
/Applications/Xcode.app/Contents/Developer/Platforms/MacOSX.platform/Developer/SDKs/MacOSX26.1.sdk/usr/include/DarwinFoundation1.modulemap
/Applications/Xcode.app/Contents/Developer/Platforms/MacOSX.platform/Developer/SDKs/MacOSX26.1.sdk/System/Library/Frameworks/CoreFoundation.framework/Modules/module.modulemap
/Applications/Xcode.app/Contents/Developer/Platforms/MacOSX.platform/Developer/SDKs/MacOSX26.1.sdk/System/Library/Frameworks/Security.framework/Headers/SecCertificate.h
/Applications/Xcode.app/Contents/Developer/Platforms/MacOSX.platform/Developer/SDKs/MacOSX26.1.sdk/System/Library/Frameworks/Security.framework/Headers/cssmtype.h
/Applications/Xcode.app/Contents/Developer/Platforms/MacOSX.platform/Developer/SDKs/MacOSX26.1.sdk/System/Library/Frameworks/Security.framework/Headers/cssmconfig.h
/Applications/Xcode.app/Contents/Developer/Toolchains/XcodeDefault.xctoolchain/usr/lib/swift/clang/include/module.modulemap
/Applications/Xcode.app/Contents/Developer/Platforms/MacOSX.platform/Developer/SDKs/MacOSX26.1.sdk/System/Library/Frameworks/Security.framework/Headers/SecAsn1Types.h
/Applications/Xcode.app/Contents/Developer/Platforms/MacOSX.platform/Developer/SDKs/MacOSX26.1.sdk/System/Library/Frameworks/Security.framework/Headers/x509defs.h
/Applications/Xcode.app/Contents/Developer/Platforms/MacOSX.platform/Developer/SDKs/MacOSX26.1.sdk/System/Library/Frameworks/Security.framework/Headers/SecIdentity.h
/Applications/Xcode.app/Contents/Developer/Platforms/MacOSX.platform/Developer/SDKs/MacOSX26.1.sdk/System/Library/Frameworks/Security.framework/Headers/SecAccessControl.h
/Applications/Xcode.app/Contents/Developer/Platforms/MacOSX.platform/Developer/SDKs/MacOSX26.1.sdk/System/Library/Frameworks/Security.framework/Headers/SecItem.h
/Applications/Xcode.app/Contents/Developer/Platforms/MacOSX.platform/Developer/SDKs/MacOSX26.1.sdk/System/Library/Frameworks/Security.framework/Headers/SecKey.h
/Applications/Xcode.app/Contents/Developer/Platforms/MacOSX.platform/Developer/SDKs/MacOSX26.1.sdk/System/Library/Frameworks/Security.framework/Headers/SecAccess.h
/Applications/Xcode.app/Contents/Developer/Platforms/MacOSX.platform/Developer/SDKs/MacOSX26.1.sdk/System/Library/Frameworks/Security.framework/Headers/SecPolicy.h
/Applications/Xcode.app/Contents/Developer/Platforms/MacOSX.platform/Developer/SDKs/MacOSX26.1.sdk/System/Library/Frameworks/Security.framework/Headers/SecRandom.h
/Applications/Xcode.app/Contents/Developer/Platforms/MacOSX.platform/Developer/SDKs/MacOSX26.1.sdk/System/Library/Frameworks/Security.framework/Headers/SecImportExport.h
/Applications/Xcode.app/Contents/Developer/Platforms/MacOSX.platform/Developer/SDKs/MacOSX26.1.sdk/System/Library/Frameworks/Security.framework/Headers/SecKeychain.h
/Applications/Xcode.app/Contents/Developer/Platforms/MacOSX.platform/Developer/SDKs/MacOSX26.1.sdk/System/Library/Frameworks/Security.framework/Headers/cssmapple.h
/Applications/Xcode.app/Contents/Developer/Platforms/MacOSX.platform/Developer/SDKs/MacOSX26.1.sdk/System/Library/Frameworks/Security.framework/Headers/cssmerr.h
/Applications/Xcode.app/Contents/Developer/Platforms/MacOSX.platform/Developer/SDKs/MacOSX26.1.sdk/System/Library/Frameworks/Security.framework/Headers/certextensions.h
/Applications/Xcode.app/Contents/Developer/Platforms/MacOSX.platform/Developer/SDKs/MacOSX26.1.sdk/System/Library/Frameworks/Security.framework/Headers/SecTrust.h
/Applications/Xcode.app/Contents/Developer/Platforms/MacOSX.platform/Developer/SDKs/MacOSX26.1.sdk/System/Library/Frameworks/Security.framework/Headers/SecSharedCredential.h
/Applications/Xcode.app/Contents/Developer/Platforms/MacOSX.platform/Developer/SDKs/MacOSX26.1.sdk/System/Library/Frameworks/Security.framework/Headers/SecProtocolOptions.h
/Applications/Xcode.app/Contents/Developer/Platforms/MacOSX.platform/Developer/SDKs/MacOSX26.1.sdk/System/Library/Frameworks/Security.framework/Headers/SecProtocolObject.h
/Applications/Xcode.app/Contents/Developer/Platforms/MacOSX.platform/Developer/SDKs/MacOSX26.1.sdk/System/Library/Frameworks/Security.framework/Headers/SecProtocolTypes.h
/Applications/Xcode.app/Contents/Developer/Platforms/MacOSX.platform/Developer/SDKs/MacOSX26.1.sdk/System/Library/Frameworks/Security.framework/Headers/CipherSuite.h
/Applications/Xcode.app/Contents/Developer/Platforms/MacOSX.platform/Developer/SDKs/MacOSX26.1.sdk/System/Library/Frameworks/Security.framework/Headers/SecProtocolMetadata.h
/Applications/Xcode.app/Contents/Developer/Platforms/MacOSX.platform/Developer/SDKs/MacOSX26.1.sdk/System/Library/Frameworks/Security.framework/Headers/AuthSession.h
/Applications/Xcode.app/Contents/Developer/Platforms/MacOSX.platform/Developer/SDKs/MacOSX26.1.sdk/System/Library/Frameworks/Security.framework/Headers/Authorization.h
/Applications/Xcode.app/Contents/Developer/Platforms/MacOSX.platform/Developer/SDKs/MacOSX26.1.sdk/usr/include/stdio.h
/Applications/Xcode.app/Contents/Developer/Platforms/MacOSX.platform/Developer/SDKs/MacOSX26.1.sdk/System/Library/Frameworks/Security.framework/Headers/cssm.h
/Applications/Xcode.app/Contents/Developer/Platforms/MacOSX.platform/Developer/SDKs/MacOSX26.1.sdk/System/Library/Frameworks/Security.framework/Headers/emmtype.h
/Applications/Xcode.app/Contents/Developer/Platforms/MacOSX.platform/Developer/SDKs/MacOSX26.1.sdk/System/Library/Frameworks/Security.framework/Headers/cssmapi.h
/Applications/Xcode.app/Contents/Developer/Platforms/MacOSX.platform/Developer/SDKs/MacOSX26.1.sdk/System/Library/Frameworks/Security.framework/Headers/cssmaci.h
/Applications/Xcode.app/Contents/Developer/Platforms/MacOSX.platform/Developer/SDKs/MacOSX26.1.sdk/System/Library/Frameworks/Security.framework/Headers/cssmcli.h
/Applications/Xcode.app/Contents/Developer/Platforms/MacOSX.platform/Developer/SDKs/MacOSX26.1.sdk/System/Library/Frameworks/Security.framework/Headers/cssmcspi.h
/Applications/Xcode.app/Contents/Developer/Platforms/MacOSX.platform/Developer/SDKs/MacOSX26.1.sdk/System/Library/Frameworks/Security.framework/Headers/cssmspi.h
/Applications/Xcode.app/Contents/Developer/Platforms/MacOSX.platform/Developer/SDKs/MacOSX26.1.sdk/System/Library/Frameworks/Security.framework/Headers/cssmdli.h
/Applications/Xcode.app/Contents/Developer/Platforms/MacOSX.platform/Developer/SDKs/MacOSX26.1.sdk/System/Library/Frameworks/Security.framework/Headers/cssmkrapi.h
/Applications/Xcode.app/Contents/Developer/Platforms/MacOSX.platform/Developer/SDKs/MacOSX26.1.sdk/System/Library/Frameworks/Security.framework/Headers/cssmkrspi.h
/Applications/Xcode.app/Contents/Developer/Platforms/MacOSX.platform/Developer/SDKs/MacOSX26.1.sdk/System/Library/Frameworks/Security.framework/Headers/cssmtpi.h
/Applications/Xcode.app/Contents/Developer/Platforms/MacOSX.platform/Developer/SDKs/MacOSX26.1.sdk/System/Library/Frameworks/Security.framework/Headers/emmspi.h
/Applications/Xcode.app/Contents/Developer/Platforms/MacOSX.platform/Developer/SDKs/MacOSX26.1.sdk/System/Library/Frameworks/Security.framework/Headers/mds.h
/Applications/Xcode.app/Contents/Developer/Platforms/MacOSX.platform/Developer/SDKs/MacOSX26.1.sdk/System/Library/Frameworks/Security.framework/Headers/mds_schema.h
/Applications/Xcode.app/Contents/Developer/Platforms/MacOSX.platform/Developer/SDKs/MacOSX26.1.sdk/System/Library/Frameworks/Security.framework/Headers/oidsalg.h
/Applications/Xcode.app/Contents/Developer/Platforms/MacOSX.platform/Developer/SDKs/MacOSX26.1.sdk/System/Library/Frameworks/Security.framework/Headers/oidsattr.h
/Applications/Xcode.app/Contents/Developer/Platforms/MacOSX.platform/Developer/SDKs/MacOSX26.1.sdk/System/Library/Frameworks/Security.framework/Headers/oidsbase.h
/Applications/Xcode.app/Contents/Developer/Platforms/MacOSX.platform/Developer/SDKs/MacOSX26.1.sdk/System/Library/Frameworks/Security.framework/Headers/oidscert.h
/Applications/Xcode.app/Contents/Developer/Platforms/MacOSX.platform/Developer/SDKs/MacOSX26.1.sdk/System/Library/Frameworks/Security.framework/Headers/oidscrl.h
/Applications/Xcode.app/Contents/Developer/Platforms/MacOSX.platform/Developer/SDKs/MacOSX26.1.sdk/System/Library/Frameworks/Security.framework/Headers/SecACL.h
/Applications/Xcode.app/Contents/Developer/Platforms/MacOSX.platform/Developer/SDKs/MacOSX26.1.sdk/System/Library/Frameworks/Security.framework/Headers/SecCertificateOIDs.h
/Applications/Xcode.app/Contents/Developer/Platforms/MacOSX.platform/Developer/SDKs/MacOSX26.1.sdk/System/Library/Frameworks/Security.framework/Headers/SecIdentitySearch.h
/Applications/Xcode.app/Contents/Developer/Platforms/MacOSX.platform/Developer/SDKs/MacOSX26.1.sdk/System/Library/Frameworks/Security.framework/Headers/SecKeychainItem.h
/Applications/Xcode.app/Contents/Developer/Platforms/MacOSX.platform/Developer/SDKs/MacOSX26.1.sdk/System/Library/Frameworks/Security.framework/Headers/SecKeychainSearch.h
/Applications/Xcode.app/Contents/Developer/Platforms/MacOSX.platform/Developer/SDKs/MacOSX26.1.sdk/System/Library/Frameworks/Security.framework/Headers/SecPolicySearch.h
/Applications/Xcode.app/Contents/Developer/Platforms/MacOSX.platform/Developer/SDKs/MacOSX26.1.sdk/System/Library/Frameworks/Security.framework/Headers/SecTrustedApplication.h
/Applications/Xcode.app/Contents/Developer/Platforms/MacOSX.platform/Developer/SDKs/MacOSX26.1.sdk/System/Library/Frameworks/Security.framework/Headers/SecTrustSettings.h
/Applications/Xcode.app/Contents/Developer/Platforms/MacOSX.platform/Developer/SDKs/MacOSX26.1.sdk/System/Library/Frameworks/Security.framework/Headers/SecStaticCode.h
/Applications/Xcode.app/Contents/Developer/Platforms/MacOSX.platform/Developer/SDKs/MacOSX26.1.sdk/System/Library/Frameworks/Security.framework/Headers/CSCommon.h
/Applications/Xcode.app/Contents/Developer/Platforms/MacOSX.platform/Developer/SDKs/MacOSX26.1.sdk/System/Library/Frameworks/Security.framework/Headers/SecCode.h
/Applications/Xcode.app/Contents/Developer/Platforms/MacOSX.platform/Developer/SDKs/MacOSX26.1.sdk/System/Library/Frameworks/Security.framework/Headers/SecCodeHost.h
/Applications/Xcode.app/Contents/Developer/Platforms/MacOSX.platform/Developer/SDKs/MacOSX26.1.sdk/System/Library/Frameworks/Security.framework/Headers/SecRequirement.h
/Applications/Xcode.app/Contents/Developer/Platforms/MacOSX.platform/Developer/SDKs/MacOSX26.1.sdk/System/Library/Frameworks/Security.framework/Headers/SecTask.h
/Applications/Xcode.app/Contents/Developer/Platforms/MacOSX.platform/Developer/SDKs/MacOSX26.1.sdk/System/Library/Frameworks/Security.framework/Headers/AuthorizationTags.h
/Applications/Xcode.app/Contents/Developer/Platforms/MacOSX.platform/Developer/SDKs/MacOSX26.1.sdk/System/Library/Frameworks/Security.framework/Headers/AuthorizationDB.h
/Applications/Xcode.app/Contents/Developer/Platforms/MacOSX.platform/Developer/SDKs/MacOSX26.1.sdk/System/Library/Frameworks/Security.framework/Headers/CMSDecoder.h
/Applications/Xcode.app/Contents/Developer/Platforms/MacOSX.platform/Developer/SDKs/MacOSX26.1.sdk/System/Library/Frameworks/Security.framework/Headers/CMSEncoder.h
/Applications/Xcode.app/Contents/Developer/Platforms/MacOSX.platform/Developer/SDKs/MacOSX26.1.sdk/System/Library/Frameworks/Security.framework/Headers/SecureTransport.h
/Applications/Xcode.app/Contents/Developer/Platforms/MacOSX.platform/Developer/SDKs/MacOSX26.1.sdk/System/Library/Frameworks/Security.framework/Headers/SecTransform.h
/Applications/Xcode.app/Contents/Developer/Platforms/MacOSX.platform/Developer/SDKs/MacOSX26.1.sdk/System/Library/Frameworks/Security.framework/Headers/SecCustomTransform.h
/Applications/Xcode.app/Contents/Developer/Platforms/MacOSX.platform/Developer/SDKs/MacOSX26.1.sdk/System/Library/Frameworks/Security.framework/Headers/SecDecodeTransform.h
/Applications/Xcode.app/Contents/Developer/Platforms/MacOSX.platform/Developer/SDKs/MacOSX26.1.sdk/System/Library/Frameworks/Security.framework/Headers/SecEncodeTransform.h
/Applications/Xcode.app/Contents/Developer/Platforms/MacOSX.platform/Developer/SDKs/MacOSX26.1.sdk/System/Library/Frameworks/Security.framework/Headers/SecDigestTransform.h
/Applications/Xcode.app/Contents/Developer/Platforms/MacOSX.platform/Developer/SDKs/MacOSX26.1.sdk/System/Library/Frameworks/Security.framework/Headers/SecEncryptTransform.h
/Applications/Xcode.app/Contents/Developer/Platforms/MacOSX.platform/Developer/SDKs/MacOSX26.1.sdk/System/Library/Frameworks/Security.framework/Headers/SecSignVerifyTransform.h
/Applications/Xcode.app/Contents/Developer/Platforms/MacOSX.platform/Developer/SDKs/MacOSX26.1.sdk/System/Library/Frameworks/Security.framework/Headers/SecReadTransform.h
/Applications/Xcode.app/Contents/Developer/Platforms/MacOSX.platform/Developer/SDKs/MacOSX26.1.sdk/System/Library/Frameworks/Security.framework/Headers/SecTransformReadTransform.h
/Applications/Xcode.app/Contents/Developer/Platforms/MacOSX.platform/Developer/SDKs/MacOSX26.1.sdk/System/Library/Frameworks/Security.framework/Headers/oids.h
/Applications/Xcode.app/Contents/Developer/Platforms/MacOSX.platform/Developer/SDKs/MacOSX26.1.sdk/usr/include/libDER/module.modulemap
/Applications/Xcode.app/Contents/Developer/Platforms/MacOSX.platform/Developer/SDKs/MacOSX26.1.sdk/usr/include/string.h
/Applications/Xcode.app/Contents/Developer/Platforms/MacOSX.platform/Developer/SDKs/MacOSX26.1.sdk/System/Library/Frameworks/Security.framework/Headers/AuthorizationPlugin.h
/Applications/Xcode.app/Contents/Developer/Platforms/MacOSX.platform/Developer/SDKs/MacOSX26.1.sdk/System/Library/Frameworks/Security.framework/Headers/CodeSigning.h
/Applications/Xcode.app/Contents/Developer/Platforms/MacOSX.platform/Developer/SDKs/MacOSX26.1.sdk/System/Library/Frameworks/Security.framework/Headers/eisl.h
/Applications/Xcode.app/Contents/Developer/Platforms/MacOSX.platform/Developer/SDKs/MacOSX26.1.sdk/System/Library/Frameworks/Security.framework/Headers/SecAsn1Coder.h
/Applications/Xcode.app/Contents/Developer/Platforms/MacOSX.platform/Developer/SDKs/MacOSX26.1.sdk/System/Library/Frameworks/Security.framework/Headers/SecAsn1Templates.h
/Applications/Xcode.app/Contents/Developer/Platforms/MacOSX.platform/Developer/SDKs/MacOSX26.1.sdk/System/Library/Frameworks/Security.framework/Headers/SecureDownload.h
/Applications/Xcode.app/Contents/Developer/Platforms/MacOSX.platform/Developer/SDKs/MacOSX26.1.sdk/SDKSettings.json
/Applications/Xcode.app/Contents/Developer/Toolchains/XcodeDefault.xctoolchain/usr/lib/swift/macosx/prebuilt-modules/26.1/Swift.swiftmodule/arm64e-apple-macos.swiftmodule
/Applications/Xcode.app/Contents/Developer/Toolchains/XcodeDefault.xctoolchain/usr/lib/swift/macosx/prebuilt-modules/26.1/SwiftOnoneSupport.swiftmodule/arm64e-apple-macos.swiftmodule
/Applications/Xcode.app/Contents/Developer/Platforms/MacOSX.platform/Developer/SDKs/MacOSX26.1.sdk/usr/lib/swift/shims/module.modulemap
/Applications/Xcode.app/Contents/Developer/Platforms/MacOSX.platform/Developer/SDKs/MacOSX26.1.sdk/usr/lib/swift/shims/AssertionReporting.h
/Applications/Xcode.app/Contents/Developer/Platforms/MacOSX.platform/Developer/SDKs/MacOSX26.1.sdk/usr/lib/swift/shims/SwiftStdint.h
/Applications/Xcode.app/Contents/Developer/Platforms/MacOSX.platform/Developer/SDKs/MacOSX26.1.sdk/usr/lib/swift/shims/Visibility.h
/Applications/Xcode.app/Contents/Developer/Platforms/MacOSX.platform/Developer/SDKs/MacOSX26.1.sdk/usr/lib/swift/shims/CoreFoundationShims.h
/Applications/Xcode.app/Contents/Developer/Platforms/MacOSX.platform/Developer/SDKs/MacOSX26.1.sdk/usr/lib/swift/shims/ObjCShims.h
/Applications/Xcode.app/Contents/Developer/Platforms/MacOSX.platform/Developer/SDKs/MacOSX26.1.sdk/usr/lib/swift/shims/EmbeddedShims.h
/Applications/Xcode.app/Contents/Developer/Platforms/MacOSX.platform/Developer/SDKs/MacOSX26.1.sdk/usr/lib/swift/shims/SwiftStddef.h
/Applications/Xcode.app/Contents/Developer/Platforms/MacOSX.platform/Developer/SDKs/MacOSX26.1.sdk/usr/lib/swift/shims/FoundationShims.h
/Applications/Xcode.app/Contents/Developer/Platforms/MacOSX.platform/Developer/SDKs/MacOSX26.1.sdk/usr/lib/swift/shims/GlobalObjects.h
/Applications/Xcode.app/Contents/Developer/Platforms/MacOSX.platform/Developer/SDKs/MacOSX26.1.sdk/usr/lib/swift/shims/SwiftStdbool.h
/Applications/Xcode.app/Contents/Developer/Platforms/MacOSX.platform/Developer/SDKs/MacOSX26.1.sdk/usr/lib/swift/shims/HeapObject.h
/Applications/Xcode.app/Contents/Developer/Platforms/MacOSX.platform/Developer/SDKs/MacOSX26.1.sdk/usr/lib/swift/shims/RefCount.h
/Applications/Xcode.app/Contents/Developer/Platforms/MacOSX.platform/Developer/SDKs/MacOSX26.1.sdk/usr/lib/swift/shims/System.h
/Applications/Xcode.app/Contents/Developer/Platforms/MacOSX.platform/Developer/SDKs/MacOSX26.1.sdk/usr/lib/swift/shims/Target.h
/Applications/Xcode.app/Contents/Developer/Platforms/MacOSX.platform/Developer/SDKs/MacOSX26.1.sdk/usr/lib/swift/shims/KeyPath.h
/Applications/Xcode.app/Contents/Developer/Platforms/MacOSX.platform/Developer/SDKs/MacOSX26.1.sdk/usr/lib/swift/shims/LibcShims.h
/Applications/Xcode.app/Contents/Developer/Platforms/MacOSX.platform/Developer/SDKs/MacOSX26.1.sdk/usr/lib/swift/shims/MetadataSections.h
/Applications/Xcode.app/Contents/Developer/Platforms/MacOSX.platform/Developer/SDKs/MacOSX26.1.sdk/usr/lib/swift/shims/Random.h
/Applications/Xcode.app/Contents/Developer/Platforms/MacOSX.platform/Developer/SDKs/MacOSX26.1.sdk/usr/lib/swift/shims/Reflection.h
/Applications/Xcode.app/Contents/Developer/Platforms/MacOSX.platform/Developer/SDKs/MacOSX26.1.sdk/usr/lib/swift/shims/RuntimeShims.h
/Applications/Xcode.app/Contents/Developer/Platforms/MacOSX.platform/Developer/SDKs/MacOSX26.1.sdk/usr/lib/swift/shims/RuntimeStubs.h
/Applications/Xcode.app/Contents/Developer/Platforms/MacOSX.platform/Developer/SDKs/MacOSX26.1.sdk/usr/lib/swift/shims/ThreadLocalStorage.h
/Applications/Xcode.app/Contents/Developer/Platforms/MacOSX.platform/Developer/SDKs/MacOSX26.1.sdk/usr/lib/swift/shims/UnicodeData.h
/Applications/Xcode.app/Contents/Developer/Platforms/MacOSX.platform/Developer/SDKs/MacOSX26.1.sdk/SDKSettings.json
/Applications/Xcode.app/Contents/Developer/Toolchains/XcodeDefault.xctoolchain/usr/lib/swift/macosx/prebuilt-modules/26.1/System.swiftmodule/arm64e-apple-macos.swiftmodule
/Users/rogerlin/Library/Developer/Xcode/DerivedData/FinancialCalculatorKit-ackorybalcxbfocbkqsfdzcfkgmn/Build/Products/Debug/UInt128.swiftmodule/arm64-apple-macos.swiftmodule
/Applications/Xcode.app/Contents/Developer/Toolchains/XcodeDefault.xctoolchain/usr/lib/swift/macosx/prebuilt-modules/26.1/XPC.swiftmodule/arm64e-apple-macos.swiftmodule
/Applications/Xcode.app/Contents/Developer/Platforms/MacOSX.platform/Developer/SDKs/MacOSX26.1.sdk/usr/include/XPC.apinotes
/Applications/Xcode.app/Contents/Developer/Platforms/MacOSX.platform/Developer/SDKs/MacOSX26.1.sdk/usr/include/launch.modulemap
/Applications/Xcode.app/Contents/Developer/Platforms/MacOSX.platform/Developer/SDKs/MacOSX26.1.sdk/usr/include/xpc.modulemap
/Applications/Xcode.app/Contents/Developer/Platforms/MacOSX.platform/Developer/SDKs/MacOSX26.1.sdk/usr/include/dispatch.modulemap
/Applications/Xcode.app/Contents/Developer/Platforms/MacOSX.platform/Developer/SDKs/MacOSX26.1.sdk/usr/include/os.modulemap
/Applications/Xcode.app/Contents/Developer/Platforms/MacOSX.platform/Developer/SDKs/MacOSX26.1.sdk/usr/include/Darwin.modulemap
/Applications/Xcode.app/Contents/Developer/Platforms/MacOSX.platform/Developer/SDKs/MacOSX26.1.sdk/usr/include/Darwin_C.modulemap
/Applications/Xcode.app/Contents/Developer/Platforms/MacOSX.platform/Developer/SDKs/MacOSX26.1.sdk/usr/include/Darwin_POSIX.modulemap
/Applications/Xcode.app/Contents/Developer/Platforms/MacOSX.platform/Developer/SDKs/MacOSX26.1.sdk/usr/include/net.modulemap
/Applications/Xcode.app/Contents/Developer/Platforms/MacOSX.platform/Developer/SDKs/MacOSX26.1.sdk/usr/include/netinet.modulemap
/Applications/Xcode.app/Contents/Developer/Platforms/MacOSX.platform/Developer/SDKs/MacOSX26.1.sdk/usr/include/bank.modulemap
/Applications/Xcode.app/Contents/Developer/Platforms/MacOSX.platform/Developer/SDKs/MacOSX26.1.sdk/usr/include/Darwin_Mach.modulemap
/Applications/Xcode.app/Contents/Developer/Platforms/MacOSX.platform/Developer/SDKs/MacOSX26.1.sdk/usr/include/Darwin_Mach_machine.modulemap
/Applications/Xcode.app/Contents/Developer/Platforms/MacOSX.platform/Developer/SDKs/MacOSX26.1.sdk/usr/include/mach_debug.modulemap
/Applications/Xcode.app/Contents/Developer/Platforms/MacOSX.platform/Developer/SDKs/MacOSX26.1.sdk/usr/include/device.modulemap
/Applications/Xcode.app/Contents/Developer/Platforms/MacOSX.platform/Developer/SDKs/MacOSX26.1.sdk/usr/include/Darwin_machine.modulemap
/Applications/Xcode.app/Contents/Developer/Platforms/MacOSX.platform/Developer/SDKs/MacOSX26.1.sdk/usr/include/ncurses.modulemap
/Applications/Xcode.app/Contents/Developer/Platforms/MacOSX.platform/Developer/SDKs/MacOSX26.1.sdk/usr/include/netinet6.modulemap
/Applications/Xcode.app/Contents/Developer/Platforms/MacOSX.platform/Developer/SDKs/MacOSX26.1.sdk/usr/include/Darwin_sys.modulemap
/Applications/Xcode.app/Contents/Developer/Platforms/MacOSX.platform/Developer/SDKs/MacOSX26.1.sdk/usr/include/uuid.modulemap
/Applications/Xcode.app/Contents/Developer/Platforms/MacOSX.platform/Developer/SDKs/MacOSX26.1.sdk/usr/include/DarwinFoundation2.modulemap
/Applications/Xcode.app/Contents/Developer/Platforms/MacOSX.platform/Developer/SDKs/MacOSX26.1.sdk/usr/include/DarwinFoundation3.modulemap
/Applications/Xcode.app/Contents/Developer/Platforms/MacOSX.platform/Developer/SDKs/MacOSX26.1.sdk/usr/include/DarwinFoundation1.modulemap
/Applications/Xcode.app/Contents/Developer/Platforms/MacOSX.platform/Developer/SDKs/MacOSX26.1.sdk/usr/include/xpc/xpc.h
/Applications/Xcode.app/Contents/Developer/Toolchains/XcodeDefault.xctoolchain/usr/lib/swift/clang/include/module.modulemap
/Applications/Xcode.app/Contents/Developer/Toolchains/XcodeDefault.xctoolchain/usr/lib/swift/clang/include/stdarg.h
/Applications/Xcode.app/Contents/Developer/Platforms/MacOSX.platform/Developer/SDKs/MacOSX26.1.sdk/usr/include/stdlib.h
/Applications/Xcode.app/Contents/Developer/Platforms/MacOSX.platform/Developer/SDKs/MacOSX26.1.sdk/usr/include/stdio.h
/Applications/Xcode.app/Contents/Developer/Platforms/MacOSX.platform/Developer/SDKs/MacOSX26.1.sdk/usr/include/string.h
/Applications/Xcode.app/Contents/Developer/Platforms/MacOSX.platform/Developer/SDKs/MacOSX26.1.sdk/usr/include/xpc/base.h
/Applications/Xcode.app/Contents/Developer/Platforms/MacOSX.platform/Developer/SDKs/MacOSX26.1.sdk/usr/include/xpc/availability.h
/Applications/Xcode.app/Contents/Developer/Platforms/MacOSX.platform/Developer/SDKs/MacOSX26.1.sdk/usr/include/xpc/endpoint.h
/Applications/Xcode.app/Contents/Developer/Platforms/MacOSX.platform/Developer/SDKs/MacOSX26.1.sdk/usr/include/xpc/debug.h
/Applications/Xcode.app/Contents/Developer/Platforms/MacOSX.platform/Developer/SDKs/MacOSX26.1.sdk/usr/include/xpc/activity.h
/Applications/Xcode.app/Contents/Developer/Platforms/MacOSX.platform/Developer/SDKs/MacOSX26.1.sdk/usr/include/xpc/peer_requirement.h
/Applications/Xcode.app/Contents/Developer/Platforms/MacOSX.platform/Developer/SDKs/MacOSX26.1.sdk/usr/include/xpc/connection.h
/Applications/Xcode.app/Contents/Developer/Platforms/MacOSX.platform/Developer/SDKs/MacOSX26.1.sdk/usr/include/xpc/rich_error.h
/Applications/Xcode.app/Contents/Developer/Platforms/MacOSX.platform/Developer/SDKs/MacOSX26.1.sdk/usr/include/xpc/session.h
/Applications/Xcode.app/Contents/Developer/Platforms/MacOSX.platform/Developer/SDKs/MacOSX26.1.sdk/usr/include/xpc/listener.h
/Applications/Xcode.app/Contents/Developer/Platforms/MacOSX.platform/Developer/SDKs/MacOSX26.1.sdk/SDKSettings.json
/Applications/Xcode.app/Contents/Developer/Platforms/MacOSX.platform/Developer/SDKs/MacOSX26.1.sdk/usr/include/DarwinFoundation1.modulemap
/Applications/Xcode.app/Contents/Developer/Platforms/MacOSX.platform/Developer/SDKs/MacOSX26.1.sdk/usr/include/AvailabilityInternal.h
/Applications/Xcode.app/Contents/Developer/Platforms/MacOSX.platform/Developer/SDKs/MacOSX26.1.sdk/usr/include/AvailabilityVersions.h
/Applications/Xcode.app/Contents/Developer/Platforms/MacOSX.platform/Developer/SDKs/MacOSX26.1.sdk/usr/include/AvailabilityInternalLegacy.h
/Applications/Xcode.app/Contents/Developer/Platforms/MacOSX.platform/Developer/SDKs/MacOSX26.1.sdk/SDKSettings.json
/Applications/Xcode.app/Contents/Developer/Toolchains/XcodeDefault.xctoolchain/usr/lib/swift/macosx/prebuilt-modules/26.1/_Builtin_float.swiftmodule/arm64e-apple-macos.swiftmodule
/Applications/Xcode.app/Contents/Developer/Toolchains/XcodeDefault.xctoolchain/usr/lib/swift/clang/include/module.modulemap
/Applications/Xcode.app/Contents/Developer/Toolchains/XcodeDefault.xctoolchain/usr/lib/swift/clang/include/float.h
/Applications/Xcode.app/Contents/Developer/Platforms/MacOSX.platform/Developer/SDKs/MacOSX26.1.sdk/SDKSettings.json
/Applications/Xcode.app/Contents/Developer/Toolchains/XcodeDefault.xctoolchain/usr/lib/swift/clang/include/module.modulemap
/Applications/Xcode.app/Contents/Developer/Toolchains/XcodeDefault.xctoolchain/usr/lib/swift/clang/include/inttypes.h
/Applications/Xcode.app/Contents/Developer/Platforms/MacOSX.platform/Developer/SDKs/MacOSX26.1.sdk/usr/include/DarwinFoundation3.modulemap
/Applications/Xcode.app/Contents/Developer/Platforms/MacOSX.platform/Developer/SDKs/MacOSX26.1.sdk/usr/include/inttypes.h
/Applications/Xcode.app/Contents/Developer/Platforms/MacOSX.platform/Developer/SDKs/MacOSX26.1.sdk/SDKSettings.json
/Applications/Xcode.app/Contents/Developer/Toolchains/XcodeDefault.xctoolchain/usr/lib/swift/clang/include/module.modulemap
/Applications/Xcode.app/Contents/Developer/Toolchains/XcodeDefault.xctoolchain/usr/lib/swift/clang/include/limits.h
/Applications/Xcode.app/Contents/Developer/Platforms/MacOSX.platform/Developer/SDKs/MacOSX26.1.sdk/usr/include/DarwinFoundation1.modulemap
/Applications/Xcode.app/Contents/Developer/Platforms/MacOSX.platform/Developer/SDKs/MacOSX26.1.sdk/SDKSettings.json
/Applications/Xcode.app/Contents/Developer/Toolchains/XcodeDefault.xctoolchain/usr/lib/swift/clang/include/module.modulemap
/Applications/Xcode.app/Contents/Developer/Toolchains/XcodeDefault.xctoolchain/usr/lib/swift/clang/include/__stdarg___gnuc_va_list.h
/Applications/Xcode.app/Contents/Developer/Toolchains/XcodeDefault.xctoolchain/usr/lib/swift/clang/include/__stdarg___va_copy.h
/Applications/Xcode.app/Contents/Developer/Toolchains/XcodeDefault.xctoolchain/usr/lib/swift/clang/include/__stdarg_header_macro.h
/Applications/Xcode.app/Contents/Developer/Toolchains/XcodeDefault.xctoolchain/usr/lib/swift/clang/include/__stdarg_va_arg.h
/Applications/Xcode.app/Contents/Developer/Toolchains/XcodeDefault.xctoolchain/usr/lib/swift/clang/include/__stdarg_va_copy.h
/Applications/Xcode.app/Contents/Developer/Toolchains/XcodeDefault.xctoolchain/usr/lib/swift/clang/include/__stdarg_va_list.h
/Applications/Xcode.app/Contents/Developer/Platforms/MacOSX.platform/Developer/SDKs/MacOSX26.1.sdk/SDKSettings.json
/Applications/Xcode.app/Contents/Developer/Toolchains/XcodeDefault.xctoolchain/usr/lib/swift/clang/include/module.modulemap
/Applications/Xcode.app/Contents/Developer/Toolchains/XcodeDefault.xctoolchain/usr/lib/swift/clang/include/stdbool.h
/Applications/Xcode.app/Contents/Developer/Platforms/MacOSX.platform/Developer/SDKs/MacOSX26.1.sdk/SDKSettings.json
/Applications/Xcode.app/Contents/Developer/Toolchains/XcodeDefault.xctoolchain/usr/lib/swift/clang/include/module.modulemap
/Applications/Xcode.app/Contents/Developer/Toolchains/XcodeDefault.xctoolchain/usr/lib/swift/clang/include/__stddef_header_macro.h
/Applications/Xcode.app/Contents/Developer/Toolchains/XcodeDefault.xctoolchain/usr/lib/swift/clang/include/__stddef_max_align_t.h
/Applications/Xcode.app/Contents/Developer/Toolchains/XcodeDefault.xctoolchain/usr/lib/swift/clang/include/__stddef_null.h
/Applications/Xcode.app/Contents/Developer/Toolchains/XcodeDefault.xctoolchain/usr/lib/swift/clang/include/__stddef_nullptr_t.h
/Applications/Xcode.app/Contents/Developer/Toolchains/XcodeDefault.xctoolchain/usr/lib/swift/clang/include/__stddef_offsetof.h
/Applications/Xcode.app/Contents/Developer/Toolchains/XcodeDefault.xctoolchain/usr/lib/swift/clang/include/__stddef_ptrdiff_t.h
/Applications/Xcode.app/Contents/Developer/Toolchains/XcodeDefault.xctoolchain/usr/lib/swift/clang/include/__stddef_rsize_t.h
/Applications/Xcode.app/Contents/Developer/Toolchains/XcodeDefault.xctoolchain/usr/lib/swift/clang/include/__stddef_size_t.h
/Applications/Xcode.app/Contents/Developer/Toolchains/XcodeDefault.xctoolchain/usr/lib/swift/clang/include/__stddef_unreachable.h
/Applications/Xcode.app/Contents/Developer/Toolchains/XcodeDefault.xctoolchain/usr/lib/swift/clang/include/__stddef_wchar_t.h
/Applications/Xcode.app/Contents/Developer/Platforms/MacOSX.platform/Developer/SDKs/MacOSX26.1.sdk/SDKSettings.json
/Applications/Xcode.app/Contents/Developer/Toolchains/XcodeDefault.xctoolchain/usr/lib/swift/clang/include/module.modulemap
/Applications/Xcode.app/Contents/Developer/Toolchains/XcodeDefault.xctoolchain/usr/lib/swift/clang/include/stdint.h
/Applications/Xcode.app/Contents/Developer/Platforms/MacOSX.platform/Developer/SDKs/MacOSX26.1.sdk/usr/include/DarwinFoundation2.modulemap
/Applications/Xcode.app/Contents/Developer/Platforms/MacOSX.platform/Developer/SDKs/MacOSX26.1.sdk/SDKSettings.json
/Applications/Xcode.app/Contents/Developer/Toolchains/XcodeDefault.xctoolchain/usr/lib/swift/macosx/prebuilt-modules/26.1/_Concurrency.swiftmodule/arm64e-apple-macos.swiftmodule
/Applications/Xcode.app/Contents/Developer/Platforms/MacOSX.platform/Developer/SDKs/MacOSX26.1.sdk/usr/include/DarwinFoundation1.modulemap
/Applications/Xcode.app/Contents/Developer/Platforms/MacOSX.platform/Developer/SDKs/MacOSX26.1.sdk/usr/include/sys/appleapiopts.h
/Applications/Xcode.app/Contents/Developer/Platforms/MacOSX.platform/Developer/SDKs/MacOSX26.1.sdk/usr/include/os/availability.h
/Applications/Xcode.app/Contents/Developer/Platforms/MacOSX.platform/Developer/SDKs/MacOSX26.1.sdk/usr/include/Availability.h
/Applications/Xcode.app/Contents/Developer/Platforms/MacOSX.platform/Developer/SDKs/MacOSX26.1.sdk/usr/include/AvailabilityMacros.h
/Applications/Xcode.app/Contents/Developer/Platforms/MacOSX.platform/Developer/SDKs/MacOSX26.1.sdk/usr/include/TargetConditionals.h
/Applications/Xcode.app/Contents/Developer/Platforms/MacOSX.platform/Developer/SDKs/MacOSX26.1.sdk/usr/include/_bounds.h
/Applications/Xcode.app/Contents/Developer/Platforms/MacOSX.platform/Developer/SDKs/MacOSX26.1.sdk/usr/include/sys/cdefs.h
/Applications/Xcode.app/Contents/Developer/Platforms/MacOSX.platform/Developer/SDKs/MacOSX26.1.sdk/usr/include/sys/_symbol_aliasing.h
/Applications/Xcode.app/Contents/Developer/Platforms/MacOSX.platform/Developer/SDKs/MacOSX26.1.sdk/usr/include/sys/_posix_availability.h
/Applications/Xcode.app/Contents/Developer/Toolchains/XcodeDefault.xctoolchain/usr/lib/swift/clang/include/module.modulemap
/Applications/Xcode.app/Contents/Developer/Platforms/MacOSX.platform/Developer/SDKs/MacOSX26.1.sdk/usr/include/sys/qos.h
/Applications/Xcode.app/Contents/Developer/Platforms/MacOSX.platform/Developer/SDKs/MacOSX26.1.sdk/usr/include/machine/_endian.h
/Applications/Xcode.app/Contents/Developer/Platforms/MacOSX.platform/Developer/SDKs/MacOSX26.1.sdk/usr/include/arm/_endian.h
/Applications/Xcode.app/Contents/Developer/Platforms/MacOSX.platform/Developer/SDKs/MacOSX26.1.sdk/usr/include/sys/__endian.h
/Applications/Xcode.app/Contents/Developer/Platforms/MacOSX.platform/Developer/SDKs/MacOSX26.1.sdk/usr/include/i386/_endian.h
/Applications/Xcode.app/Contents/Developer/Platforms/MacOSX.platform/Developer/SDKs/MacOSX26.1.sdk/usr/include/__xlocale.h
/Applications/Xcode.app/Contents/Developer/Platforms/MacOSX.platform/Developer/SDKs/MacOSX26.1.sdk/usr/include/_mb_cur_max.h
/Applications/Xcode.app/Contents/Developer/Platforms/MacOSX.platform/Developer/SDKs/MacOSX26.1.sdk/usr/include/_types/_locale_t.h
/Applications/Xcode.app/Contents/Developer/Platforms/MacOSX.platform/Developer/SDKs/MacOSX26.1.sdk/usr/include/sys/_types/_u_char.h
/Applications/Xcode.app/Contents/Developer/Platforms/MacOSX.platform/Developer/SDKs/MacOSX26.1.sdk/usr/include/sys/_types/_u_short.h
/Applications/Xcode.app/Contents/Developer/Platforms/MacOSX.platform/Developer/SDKs/MacOSX26.1.sdk/usr/include/sys/_types/_u_int.h
/Applications/Xcode.app/Contents/Developer/Platforms/MacOSX.platform/Developer/SDKs/MacOSX26.1.sdk/usr/include/sys/_types/_u_int8_t.h
/Applications/Xcode.app/Contents/Developer/Platforms/MacOSX.platform/Developer/SDKs/MacOSX26.1.sdk/usr/include/sys/_types/_u_int16_t.h
/Applications/Xcode.app/Contents/Developer/Platforms/MacOSX.platform/Developer/SDKs/MacOSX26.1.sdk/usr/include/sys/_types/_u_int32_t.h
/Applications/Xcode.app/Contents/Developer/Platforms/MacOSX.platform/Developer/SDKs/MacOSX26.1.sdk/usr/include/sys/_types/_u_int64_t.h
/Applications/Xcode.app/Contents/Developer/Platforms/MacOSX.platform/Developer/SDKs/MacOSX26.1.sdk/usr/include/_assert.h
/Applications/Xcode.app/Contents/Developer/Platforms/MacOSX.platform/Developer/SDKs/MacOSX26.1.sdk/usr/include/_static_assert.h
/Applications/Xcode.app/Contents/Developer/Platforms/MacOSX.platform/Developer/SDKs/MacOSX26.1.sdk/usr/include/complex.h
/Applications/Xcode.app/Contents/Developer/Platforms/MacOSX.platform/Developer/SDKs/MacOSX26.1.sdk/usr/include/errno.h
/Applications/Xcode.app/Contents/Developer/Platforms/MacOSX.platform/Developer/SDKs/MacOSX26.1.sdk/usr/include/sys/errno.h
/Applications/Xcode.app/Contents/Developer/Platforms/MacOSX.platform/Developer/SDKs/MacOSX26.1.sdk/usr/include/sys/_types/_errno_t.h
/Applications/Xcode.app/Contents/Developer/Platforms/MacOSX.platform/Developer/SDKs/MacOSX26.1.sdk/usr/include/fenv.h
/Applications/Xcode.app/Contents/Developer/Platforms/MacOSX.platform/Developer/SDKs/MacOSX26.1.sdk/usr/include/limits.h
/Applications/Xcode.app/Contents/Developer/Platforms/MacOSX.platform/Developer/SDKs/MacOSX26.1.sdk/usr/include/machine/limits.h
/Applications/Xcode.app/Contents/Developer/Platforms/MacOSX.platform/Developer/SDKs/MacOSX26.1.sdk/usr/include/arm/limits.h
/Applications/Xcode.app/Contents/Developer/Platforms/MacOSX.platform/Developer/SDKs/MacOSX26.1.sdk/usr/include/arm/_limits.h
/Applications/Xcode.app/Contents/Developer/Platforms/MacOSX.platform/Developer/SDKs/MacOSX26.1.sdk/usr/include/sys/syslimits.h
/Applications/Xcode.app/Contents/Developer/Platforms/MacOSX.platform/Developer/SDKs/MacOSX26.1.sdk/usr/include/i386/limits.h
/Applications/Xcode.app/Contents/Developer/Platforms/MacOSX.platform/Developer/SDKs/MacOSX26.1.sdk/usr/include/machine/_limits.h
/Applications/Xcode.app/Contents/Developer/Platforms/MacOSX.platform/Developer/SDKs/MacOSX26.1.sdk/usr/include/i386/_limits.h
/Applications/Xcode.app/Contents/Developer/Platforms/MacOSX.platform/Developer/SDKs/MacOSX26.1.sdk/usr/include/math.h
/Applications/Xcode.app/Contents/Developer/Platforms/MacOSX.platform/Developer/SDKs/MacOSX26.1.sdk/usr/include/setjmp.h
/Applications/Xcode.app/Contents/Developer/Platforms/MacOSX.platform/Developer/SDKs/MacOSX26.1.sdk/SDKSettings.json
/Applications/Xcode.app/Contents/Developer/Toolchains/XcodeDefault.xctoolchain/usr/lib/swift/macosx/prebuilt-modules/26.1/_DarwinFoundation1.swiftmodule/arm64e-apple-macos.swiftmodule
/Applications/Xcode.app/Contents/Developer/Platforms/MacOSX.platform/Developer/SDKs/MacOSX26.1.sdk/usr/include/_DarwinFoundation2.apinotes
/Applications/Xcode.app/Contents/Developer/Platforms/MacOSX.platform/Developer/SDKs/MacOSX26.1.sdk/usr/include/DarwinFoundation2.modulemap
/Applications/Xcode.app/Contents/Developer/Platforms/MacOSX.platform/Developer/SDKs/MacOSX26.1.sdk/usr/include/DarwinFoundation1.modulemap
/Applications/Xcode.app/Contents/Developer/Platforms/MacOSX.platform/Developer/SDKs/MacOSX26.1.sdk/usr/include/nl_types.h
/Applications/Xcode.app/Contents/Developer/Platforms/MacOSX.platform/Developer/SDKs/MacOSX26.1.sdk/usr/include/sys/types.h
/Applications/Xcode.app/Contents/Developer/Platforms/MacOSX.platform/Developer/SDKs/MacOSX26.1.sdk/usr/include/machine/types.h
/Applications/Xcode.app/Contents/Developer/Platforms/MacOSX.platform/Developer/SDKs/MacOSX26.1.sdk/usr/include/arm/types.h
/Applications/Xcode.app/Contents/Developer/Platforms/MacOSX.platform/Developer/SDKs/MacOSX26.1.sdk/usr/include/arm/_types.h
/Applications/Xcode.app/Contents/Developer/Platforms/MacOSX.platform/Developer/SDKs/MacOSX26.1.sdk/usr/include/sys/_types/_ptrdiff_t.h
/Applications/Xcode.app/Contents/Developer/Toolchains/XcodeDefault.xctoolchain/usr/lib/swift/clang/include/module.modulemap
/Applications/Xcode.app/Contents/Developer/Toolchains/XcodeDefault.xctoolchain/usr/lib/swift/clang/include/stddef.h
/Applications/Xcode.app/Contents/Developer/Platforms/MacOSX.platform/Developer/SDKs/MacOSX26.1.sdk/usr/include/sys/_types/_size_t.h
/Applications/Xcode.app/Contents/Developer/Platforms/MacOSX.platform/Developer/SDKs/MacOSX26.1.sdk/usr/include/sys/_types/_va_list.h
/Applications/Xcode.app/Contents/Developer/Toolchains/XcodeDefault.xctoolchain/usr/lib/swift/clang/include/stdarg.h
/Applications/Xcode.app/Contents/Developer/Platforms/MacOSX.platform/Developer/SDKs/MacOSX26.1.sdk/usr/include/sys/_types/_wchar_t.h
/Applications/Xcode.app/Contents/Developer/Platforms/MacOSX.platform/Developer/SDKs/MacOSX26.1.sdk/usr/include/sys/_types/_int8_t.h
/Applications/Xcode.app/Contents/Developer/Platforms/MacOSX.platform/Developer/SDKs/MacOSX26.1.sdk/usr/include/sys/_types/_int16_t.h
/Applications/Xcode.app/Contents/Developer/Platforms/MacOSX.platform/Developer/SDKs/MacOSX26.1.sdk/usr/include/sys/_types/_int32_t.h
/Applications/Xcode.app/Contents/Developer/Platforms/MacOSX.platform/Developer/SDKs/MacOSX26.1.sdk/usr/include/sys/_types/_int64_t.h
/Applications/Xcode.app/Contents/Developer/Platforms/MacOSX.platform/Developer/SDKs/MacOSX26.1.sdk/usr/include/sys/_types/_intptr_t.h
/Applications/Xcode.app/Contents/Developer/Platforms/MacOSX.platform/Developer/SDKs/MacOSX26.1.sdk/usr/include/machine/_types.h
/Applications/Xcode.app/Contents/Developer/Platforms/MacOSX.platform/Developer/SDKs/MacOSX26.1.sdk/usr/include/sys/_types/_uintptr_t.h
/Applications/Xcode.app/Contents/Developer/Platforms/MacOSX.platform/Developer/SDKs/MacOSX26.1.sdk/usr/include/sys/_types.h
/Applications/Xcode.app/Contents/Developer/Platforms/MacOSX.platform/Developer/SDKs/MacOSX26.1.sdk/usr/include/sys/_types/_null.h
/Applications/Xcode.app/Contents/Developer/Platforms/MacOSX.platform/Developer/SDKs/MacOSX26.1.sdk/usr/include/sys/_pthread/_pthread_types.h
/Applications/Xcode.app/Contents/Developer/Platforms/MacOSX.platform/Developer/SDKs/MacOSX26.1.sdk/usr/include/machine/endian.h
/Applications/Xcode.app/Contents/Developer/Platforms/MacOSX.platform/Developer/SDKs/MacOSX26.1.sdk/usr/include/arm/endian.h
/Applications/Xcode.app/Contents/Developer/Platforms/MacOSX.platform/Developer/SDKs/MacOSX26.1.sdk/usr/include/sys/_endian.h
/Applications/Xcode.app/Contents/Developer/Platforms/MacOSX.platform/Developer/SDKs/MacOSX26.1.sdk/usr/include/libkern/_OSByteOrder.h
/Applications/Xcode.app/Contents/Developer/Platforms/MacOSX.platform/Developer/SDKs/MacOSX26.1.sdk/usr/include/libkern/arm/_OSByteOrder.h
/Applications/Xcode.app/Contents/Developer/Platforms/MacOSX.platform/Developer/SDKs/MacOSX26.1.sdk/usr/include/sys/_types/_caddr_t.h
/Applications/Xcode.app/Contents/Developer/Platforms/MacOSX.platform/Developer/SDKs/MacOSX26.1.sdk/usr/include/sys/_types/_dev_t.h
/Applications/Xcode.app/Contents/Developer/Platforms/MacOSX.platform/Developer/SDKs/MacOSX26.1.sdk/usr/include/sys/_types/_blkcnt_t.h
/Applications/Xcode.app/Contents/Developer/Platforms/MacOSX.platform/Developer/SDKs/MacOSX26.1.sdk/usr/include/sys/_types/_blksize_t.h
/Applications/Xcode.app/Contents/Developer/Platforms/MacOSX.platform/Developer/SDKs/MacOSX26.1.sdk/usr/include/sys/_types/_gid_t.h
/Applications/Xcode.app/Contents/Developer/Platforms/MacOSX.platform/Developer/SDKs/MacOSX26.1.sdk/usr/include/sys/_types/_in_addr_t.h
/Applications/Xcode.app/Contents/Developer/Platforms/MacOSX.platform/Developer/SDKs/MacOSX26.1.sdk/usr/include/sys/_types/_in_port_t.h
/Applications/Xcode.app/Contents/Developer/Platforms/MacOSX.platform/Developer/SDKs/MacOSX26.1.sdk/usr/include/sys/_types/_ino_t.h
/Applications/Xcode.app/Contents/Developer/Platforms/MacOSX.platform/Developer/SDKs/MacOSX26.1.sdk/usr/include/sys/_types/_ino64_t.h
/Applications/Xcode.app/Contents/Developer/Platforms/MacOSX.platform/Developer/SDKs/MacOSX26.1.sdk/usr/include/sys/_types/_key_t.h
/Applications/Xcode.app/Contents/Developer/Platforms/MacOSX.platform/Developer/SDKs/MacOSX26.1.sdk/usr/include/sys/_types/_mode_t.h
/Applications/Xcode.app/Contents/Developer/Platforms/MacOSX.platform/Developer/SDKs/MacOSX26.1.sdk/usr/include/sys/_types/_nlink_t.h
/Applications/Xcode.app/Contents/Developer/Platforms/MacOSX.platform/Developer/SDKs/MacOSX26.1.sdk/usr/include/sys/_types/_id_t.h
/Applications/Xcode.app/Contents/Developer/Platforms/MacOSX.platform/Developer/SDKs/MacOSX26.1.sdk/usr/include/sys/_types/_pid_t.h
/Applications/Xcode.app/Contents/Developer/Platforms/MacOSX.platform/Developer/SDKs/MacOSX26.1.sdk/usr/include/sys/_types/_off_t.h
/Applications/Xcode.app/Contents/Developer/Platforms/MacOSX.platform/Developer/SDKs/MacOSX26.1.sdk/usr/include/sys/_types/_uid_t.h
/Applications/Xcode.app/Contents/Developer/Platforms/MacOSX.platform/Developer/SDKs/MacOSX26.1.sdk/usr/include/sys/_types/_clock_t.h
/Applications/Xcode.app/Contents/Developer/Platforms/MacOSX.platform/Developer/SDKs/MacOSX26.1.sdk/usr/include/sys/_types/_ssize_t.h
/Applications/Xcode.app/Contents/Developer/Platforms/MacOSX.platform/Developer/SDKs/MacOSX26.1.sdk/usr/include/sys/_types/_time_t.h
/Applications/Xcode.app/Contents/Developer/Platforms/MacOSX.platform/Developer/SDKs/MacOSX26.1.sdk/usr/include/sys/_types/_useconds_t.h
/Applications/Xcode.app/Contents/Developer/Platforms/MacOSX.platform/Developer/SDKs/MacOSX26.1.sdk/usr/include/sys/_types/_suseconds_t.h
/Applications/Xcode.app/Contents/Developer/Platforms/MacOSX.platform/Developer/SDKs/MacOSX26.1.sdk/usr/include/sys/_types/_rsize_t.h
/Applications/Xcode.app/Contents/Developer/Platforms/MacOSX.platform/Developer/SDKs/MacOSX26.1.sdk/usr/include/sys/_types/_fd_def.h
/Applications/Xcode.app/Contents/Developer/Platforms/MacOSX.platform/Developer/SDKs/MacOSX26.1.sdk/usr/include/sys/_types/_fd_setsize.h
/Applications/Xcode.app/Contents/Developer/Platforms/MacOSX.platform/Developer/SDKs/MacOSX26.1.sdk/usr/include/sys/_types/_fd_set.h
/Applications/Xcode.app/Contents/Developer/Platforms/MacOSX.platform/Developer/SDKs/MacOSX26.1.sdk/usr/include/sys/_types/_fd_clr.h
/Applications/Xcode.app/Contents/Developer/Platforms/MacOSX.platform/Developer/SDKs/MacOSX26.1.sdk/usr/include/sys/_types/_fd_zero.h
/Applications/Xcode.app/Contents/Developer/Platforms/MacOSX.platform/Developer/SDKs/MacOSX26.1.sdk/usr/include/sys/_types/_fd_isset.h
/Applications/Xcode.app/Contents/Developer/Platforms/MacOSX.platform/Developer/SDKs/MacOSX26.1.sdk/usr/include/sys/_types/_fd_copy.h
/Applications/Xcode.app/Contents/Developer/Platforms/MacOSX.platform/Developer/SDKs/MacOSX26.1.sdk/usr/include/sys/_pthread/_pthread_attr_t.h
/Applications/Xcode.app/Contents/Developer/Platforms/MacOSX.platform/Developer/SDKs/MacOSX26.1.sdk/usr/include/sys/_pthread/_pthread_cond_t.h
/Applications/Xcode.app/Contents/Developer/Platforms/MacOSX.platform/Developer/SDKs/MacOSX26.1.sdk/usr/include/sys/_pthread/_pthread_condattr_t.h
/Applications/Xcode.app/Contents/Developer/Platforms/MacOSX.platform/Developer/SDKs/MacOSX26.1.sdk/usr/include/sys/_pthread/_pthread_mutex_t.h
/Applications/Xcode.app/Contents/Developer/Platforms/MacOSX.platform/Developer/SDKs/MacOSX26.1.sdk/usr/include/sys/_pthread/_pthread_mutexattr_t.h
/Applications/Xcode.app/Contents/Developer/Platforms/MacOSX.platform/Developer/SDKs/MacOSX26.1.sdk/usr/include/sys/_pthread/_pthread_once_t.h
/Applications/Xcode.app/Contents/Developer/Platforms/MacOSX.platform/Developer/SDKs/MacOSX26.1.sdk/usr/include/sys/_pthread/_pthread_rwlock_t.h
/Applications/Xcode.app/Contents/Developer/Platforms/MacOSX.platform/Developer/SDKs/MacOSX26.1.sdk/usr/include/sys/_pthread/_pthread_rwlockattr_t.h
/Applications/Xcode.app/Contents/Developer/Platforms/MacOSX.platform/Developer/SDKs/MacOSX26.1.sdk/usr/include/sys/_pthread/_pthread_t.h
/Applications/Xcode.app/Contents/Developer/Platforms/MacOSX.platform/Developer/SDKs/MacOSX26.1.sdk/usr/include/sys/_pthread/_pthread_key_t.h
/Applications/Xcode.app/Contents/Developer/Platforms/MacOSX.platform/Developer/SDKs/MacOSX26.1.sdk/usr/include/sys/_types/_fsblkcnt_t.h
/Applications/Xcode.app/Contents/Developer/Platforms/MacOSX.platform/Developer/SDKs/MacOSX26.1.sdk/usr/include/sys/_types/_fsfilcnt_t.h
/Applications/Xcode.app/Contents/Developer/Platforms/MacOSX.platform/Developer/SDKs/MacOSX26.1.sdk/usr/include/_types.h
/Applications/Xcode.app/Contents/Developer/Platforms/MacOSX.platform/Developer/SDKs/MacOSX26.1.sdk/usr/include/_types/_nl_item.h
/Applications/Xcode.app/Contents/Developer/Platforms/MacOSX.platform/Developer/SDKs/MacOSX26.1.sdk/usr/include/runetype.h
/Applications/Xcode.app/Contents/Developer/Platforms/MacOSX.platform/Developer/SDKs/MacOSX26.1.sdk/usr/include/sys/_types/_ct_rune_t.h
/Applications/Xcode.app/Contents/Developer/Platforms/MacOSX.platform/Developer/SDKs/MacOSX26.1.sdk/usr/include/sys/_types/_rune_t.h
/Applications/Xcode.app/Contents/Developer/Platforms/MacOSX.platform/Developer/SDKs/MacOSX26.1.sdk/usr/include/sys/_types/_wint_t.h
/Applications/Xcode.app/Contents/Developer/Platforms/MacOSX.platform/Developer/SDKs/MacOSX26.1.sdk/usr/include/alloca.h
/Applications/Xcode.app/Contents/Developer/Platforms/MacOSX.platform/Developer/SDKs/MacOSX26.1.sdk/usr/include/i386/endian.h
/Applications/Xcode.app/Contents/Developer/Platforms/MacOSX.platform/Developer/SDKs/MacOSX26.1.sdk/usr/include/libkern/i386/_OSByteOrder.h
/Applications/Xcode.app/Contents/Developer/Platforms/MacOSX.platform/Developer/SDKs/MacOSX26.1.sdk/usr/include/secure/_common.h
/Applications/Xcode.app/Contents/Developer/Platforms/MacOSX.platform/Developer/SDKs/MacOSX26.1.sdk/usr/include/sys/_types/_mach_port_t.h
/Applications/Xcode.app/Contents/Developer/Platforms/MacOSX.platform/Developer/SDKs/MacOSX26.1.sdk/usr/include/sys/_types/_offsetof.h
/Applications/Xcode.app/Contents/Developer/Platforms/MacOSX.platform/Developer/SDKs/MacOSX26.1.sdk/usr/include/_strings.h
/Applications/Xcode.app/Contents/Developer/Platforms/MacOSX.platform/Developer/SDKs/MacOSX26.1.sdk/usr/include/secure/_strings.h
/Applications/Xcode.app/Contents/Developer/Platforms/MacOSX.platform/Developer/SDKs/MacOSX26.1.sdk/usr/include/sys/_types/_timeval.h
/Applications/Xcode.app/Contents/Developer/Platforms/MacOSX.platform/Developer/SDKs/MacOSX26.1.sdk/usr/include/sys/_types/_uuid_t.h
/Applications/Xcode.app/Contents/Developer/Platforms/MacOSX.platform/Developer/SDKs/MacOSX26.1.sdk/usr/include/i386/types.h
/Applications/Xcode.app/Contents/Developer/Platforms/MacOSX.platform/Developer/SDKs/MacOSX26.1.sdk/usr/include/i386/_types.h
/Applications/Xcode.app/Contents/Developer/Platforms/MacOSX.platform/Developer/SDKs/MacOSX26.1.sdk/usr/include/_ctype.h
/Applications/Xcode.app/Contents/Developer/Platforms/MacOSX.platform/Developer/SDKs/MacOSX26.1.sdk/usr/include/xlocale/_ctype.h
/Applications/Xcode.app/Contents/Developer/Platforms/MacOSX.platform/Developer/SDKs/MacOSX26.1.sdk/usr/include/locale.h
/Applications/Xcode.app/Contents/Developer/Platforms/MacOSX.platform/Developer/SDKs/MacOSX26.1.sdk/usr/include/_locale.h
/Applications/Xcode.app/Contents/Developer/Platforms/MacOSX.platform/Developer/SDKs/MacOSX26.1.sdk/usr/include/_locale_posix2008.h
/Applications/Xcode.app/Contents/Developer/Platforms/MacOSX.platform/Developer/SDKs/MacOSX26.1.sdk/usr/include/stdint.h
/Applications/Xcode.app/Contents/Developer/Platforms/MacOSX.platform/Developer/SDKs/MacOSX26.1.sdk/usr/include/_types/_uint8_t.h
/Applications/Xcode.app/Contents/Developer/Platforms/MacOSX.platform/Developer/SDKs/MacOSX26.1.sdk/usr/include/_types/_uint16_t.h
/Applications/Xcode.app/Contents/Developer/Platforms/MacOSX.platform/Developer/SDKs/MacOSX26.1.sdk/usr/include/_types/_uint32_t.h
/Applications/Xcode.app/Contents/Developer/Platforms/MacOSX.platform/Developer/SDKs/MacOSX26.1.sdk/usr/include/_types/_uint64_t.h
/Applications/Xcode.app/Contents/Developer/Platforms/MacOSX.platform/Developer/SDKs/MacOSX26.1.sdk/usr/include/_types/_intmax_t.h
/Applications/Xcode.app/Contents/Developer/Platforms/MacOSX.platform/Developer/SDKs/MacOSX26.1.sdk/usr/include/_types/_uintmax_t.h
/Applications/Xcode.app/Contents/Developer/Platforms/MacOSX.platform/Developer/SDKs/MacOSX26.1.sdk/usr/include/_stdio.h
/Applications/Xcode.app/Contents/Developer/Platforms/MacOSX.platform/Developer/SDKs/MacOSX26.1.sdk/usr/include/sys/stdio.h
/Applications/Xcode.app/Contents/Developer/Platforms/MacOSX.platform/Developer/SDKs/MacOSX26.1.sdk/usr/include/_printf.h
/Applications/Xcode.app/Contents/Developer/Platforms/MacOSX.platform/Developer/SDKs/MacOSX26.1.sdk/usr/include/sys/_types/_seek_set.h
/Applications/Xcode.app/Contents/Developer/Platforms/MacOSX.platform/Developer/SDKs/MacOSX26.1.sdk/usr/include/_ctermid.h
/Applications/Xcode.app/Contents/Developer/Platforms/MacOSX.platform/Developer/SDKs/MacOSX26.1.sdk/usr/include/secure/_stdio.h
/Applications/Xcode.app/Contents/Developer/Platforms/MacOSX.platform/Developer/SDKs/MacOSX26.1.sdk/usr/include/xlocale/_stdio.h
/Applications/Xcode.app/Contents/Developer/Platforms/MacOSX.platform/Developer/SDKs/MacOSX26.1.sdk/usr/include/_string.h
/Applications/Xcode.app/Contents/Developer/Platforms/MacOSX.platform/Developer/SDKs/MacOSX26.1.sdk/usr/include/secure/_string.h
/Applications/Xcode.app/Contents/Developer/Platforms/MacOSX.platform/Developer/SDKs/MacOSX26.1.sdk/usr/include/xlocale/_string.h
/Applications/Xcode.app/Contents/Developer/Platforms/MacOSX.platform/Developer/SDKs/MacOSX26.1.sdk/usr/include/tgmath.h
/Applications/Xcode.app/Contents/Developer/Platforms/MacOSX.platform/Developer/SDKs/MacOSX26.1.sdk/usr/include/_time.h
/Applications/Xcode.app/Contents/Developer/Platforms/MacOSX.platform/Developer/SDKs/MacOSX26.1.sdk/usr/include/sys/_types/_timespec.h
/Applications/Xcode.app/Contents/Developer/Platforms/MacOSX.platform/Developer/SDKs/MacOSX26.1.sdk/usr/include/xlocale/_time.h
/Applications/Xcode.app/Contents/Developer/Platforms/MacOSX.platform/Developer/SDKs/MacOSX26.1.sdk/SDKSettings.json
/Applications/Xcode.app/Contents/Developer/Toolchains/XcodeDefault.xctoolchain/usr/lib/swift/macosx/prebuilt-modules/26.1/_DarwinFoundation2.swiftmodule/arm64e-apple-macos.swiftmodule
/Applications/Xcode.app/Contents/Developer/Platforms/MacOSX.platform/Developer/SDKs/MacOSX26.1.sdk/usr/include/DarwinFoundation2.modulemap
/Applications/Xcode.app/Contents/Developer/Platforms/MacOSX.platform/Developer/SDKs/MacOSX26.1.sdk/usr/include/DarwinFoundation3.modulemap
/Applications/Xcode.app/Contents/Developer/Platforms/MacOSX.platform/Developer/SDKs/MacOSX26.1.sdk/usr/include/DarwinFoundation1.modulemap
/Applications/Xcode.app/Contents/Developer/Platforms/MacOSX.platform/Developer/SDKs/MacOSX26.1.sdk/usr/include/pthread/pthread.h
/Applications/Xcode.app/Contents/Developer/Platforms/MacOSX.platform/Developer/SDKs/MacOSX26.1.sdk/usr/include/pthread/sched.h
/Applications/Xcode.app/Contents/Developer/Platforms/MacOSX.platform/Developer/SDKs/MacOSX26.1.sdk/usr/include/pthread/pthread_impl.h
/Applications/Xcode.app/Contents/Developer/Platforms/MacOSX.platform/Developer/SDKs/MacOSX26.1.sdk/usr/include/time.h
/Applications/Xcode.app/Contents/Developer/Platforms/MacOSX.platform/Developer/SDKs/MacOSX26.1.sdk/usr/include/pthread/qos.h
/Applications/Xcode.app/Contents/Developer/Platforms/MacOSX.platform/Developer/SDKs/MacOSX26.1.sdk/usr/include/sys/_types/_sigset_t.h
/Applications/Xcode.app/Contents/Developer/Platforms/MacOSX.platform/Developer/SDKs/MacOSX26.1.sdk/usr/include/sys/resource.h
/Applications/Xcode.app/Contents/Developer/Toolchains/XcodeDefault.xctoolchain/usr/lib/swift/clang/include/module.modulemap
/Applications/Xcode.app/Contents/Developer/Platforms/MacOSX.platform/Developer/SDKs/MacOSX26.1.sdk/usr/include/sys/select.h
/Applications/Xcode.app/Contents/Developer/Platforms/MacOSX.platform/Developer/SDKs/MacOSX26.1.sdk/usr/include/sys/_select.h
/Applications/Xcode.app/Contents/Developer/Platforms/MacOSX.platform/Developer/SDKs/MacOSX26.1.sdk/usr/include/sys/wait.h
/Applications/Xcode.app/Contents/Developer/Platforms/MacOSX.platform/Developer/SDKs/MacOSX26.1.sdk/usr/include/sys/signal.h
/Applications/Xcode.app/Contents/Developer/Platforms/MacOSX.platform/Developer/SDKs/MacOSX26.1.sdk/usr/include/machine/signal.h
/Applications/Xcode.app/Contents/Developer/Platforms/MacOSX.platform/Developer/SDKs/MacOSX26.1.sdk/usr/include/arm/signal.h
/Applications/Xcode.app/Contents/Developer/Platforms/MacOSX.platform/Developer/SDKs/MacOSX26.1.sdk/usr/include/machine/_mcontext.h
/Applications/Xcode.app/Contents/Developer/Platforms/MacOSX.platform/Developer/SDKs/MacOSX26.1.sdk/usr/include/arm/_mcontext.h
/Applications/Xcode.app/Contents/Developer/Platforms/MacOSX.platform/Developer/SDKs/MacOSX26.1.sdk/usr/include/mach/machine/_structs.h
/Applications/Xcode.app/Contents/Developer/Platforms/MacOSX.platform/Developer/SDKs/MacOSX26.1.sdk/usr/include/mach/arm/_structs.h
/Applications/Xcode.app/Contents/Developer/Platforms/MacOSX.platform/Developer/SDKs/MacOSX26.1.sdk/usr/include/sys/_types/_sigaltstack.h
/Applications/Xcode.app/Contents/Developer/Platforms/MacOSX.platform/Developer/SDKs/MacOSX26.1.sdk/usr/include/sys/_types/_ucontext.h
/Applications/Xcode.app/Contents/Developer/Platforms/MacOSX.platform/Developer/SDKs/MacOSX26.1.sdk/usr/include/unistd.h
/Applications/Xcode.app/Contents/Developer/Platforms/MacOSX.platform/Developer/SDKs/MacOSX26.1.sdk/usr/include/sys/unistd.h
/Applications/Xcode.app/Contents/Developer/Platforms/MacOSX.platform/Developer/SDKs/MacOSX26.1.sdk/usr/include/sys/_types/_posix_vdisable.h
/Applications/Xcode.app/Contents/Developer/Platforms/MacOSX.platform/Developer/SDKs/MacOSX26.1.sdk/usr/include/gethostuuid.h
/Applications/Xcode.app/Contents/Developer/Platforms/MacOSX.platform/Developer/SDKs/MacOSX26.1.sdk/usr/include/mach/i386/_structs.h
/Applications/Xcode.app/Contents/Developer/Platforms/MacOSX.platform/Developer/SDKs/MacOSX26.1.sdk/usr/include/_inttypes.h
/Applications/Xcode.app/Contents/Developer/Platforms/MacOSX.platform/Developer/SDKs/MacOSX26.1.sdk/usr/include/xlocale/_inttypes.h
/Applications/Xcode.app/Contents/Developer/Toolchains/XcodeDefault.xctoolchain/usr/lib/swift/clang/include/stddef.h
/Applications/Xcode.app/Contents/Developer/Platforms/MacOSX.platform/Developer/SDKs/MacOSX26.1.sdk/usr/include/signal.h
/Applications/Xcode.app/Contents/Developer/Platforms/MacOSX.platform/Developer/SDKs/MacOSX26.1.sdk/usr/include/i386/signal.h
/Applications/Xcode.app/Contents/Developer/Platforms/MacOSX.platform/Developer/SDKs/MacOSX26.1.sdk/usr/include/i386/_mcontext.h
/Applications/Xcode.app/Contents/Developer/Platforms/MacOSX.platform/Developer/SDKs/MacOSX26.1.sdk/usr/include/_stdlib.h
/Applications/Xcode.app/Contents/Developer/Platforms/MacOSX.platform/Developer/SDKs/MacOSX26.1.sdk/usr/include/malloc/_malloc.h
/Applications/Xcode.app/Contents/Developer/Platforms/MacOSX.platform/Developer/SDKs/MacOSX26.1.sdk/usr/include/malloc/_malloc_type.h
/Applications/Xcode.app/Contents/Developer/Platforms/MacOSX.platform/Developer/SDKs/MacOSX26.1.sdk/usr/include/malloc/_ptrcheck.h
/Applications/Xcode.app/Contents/Developer/Platforms/MacOSX.platform/Developer/SDKs/MacOSX26.1.sdk/usr/include/_abort.h
/Applications/Xcode.app/Contents/Developer/Platforms/MacOSX.platform/Developer/SDKs/MacOSX26.1.sdk/usr/include/xlocale/_stdlib.h
/Applications/Xcode.app/Contents/Developer/Platforms/MacOSX.platform/Developer/SDKs/MacOSX26.1.sdk/usr/include/_wchar.h
/Applications/Xcode.app/Contents/Developer/Platforms/MacOSX.platform/Developer/SDKs/MacOSX26.1.sdk/usr/include/sys/_types/_mbstate_t.h
/Applications/Xcode.app/Contents/Developer/Toolchains/XcodeDefault.xctoolchain/usr/lib/swift/clang/include/stdarg.h
/Applications/Xcode.app/Contents/Developer/Platforms/MacOSX.platform/Developer/SDKs/MacOSX26.1.sdk/usr/include/stdio.h
/Applications/Xcode.app/Contents/Developer/Platforms/MacOSX.platform/Developer/SDKs/MacOSX26.1.sdk/usr/include/__wctype.h
/Applications/Xcode.app/Contents/Developer/Platforms/MacOSX.platform/Developer/SDKs/MacOSX26.1.sdk/usr/include/___wctype.h
/Applications/Xcode.app/Contents/Developer/Platforms/MacOSX.platform/Developer/SDKs/MacOSX26.1.sdk/usr/include/_types/_wctype_t.h
/Applications/Xcode.app/Contents/Developer/Platforms/MacOSX.platform/Developer/SDKs/MacOSX26.1.sdk/usr/include/ctype.h
/Applications/Xcode.app/Contents/Developer/Platforms/MacOSX.platform/Developer/SDKs/MacOSX26.1.sdk/usr/include/xlocale/_wchar.h
/Applications/Xcode.app/Contents/Developer/Platforms/MacOSX.platform/Developer/SDKs/MacOSX26.1.sdk/usr/include/_wctype.h
/Applications/Xcode.app/Contents/Developer/Platforms/MacOSX.platform/Developer/SDKs/MacOSX26.1.sdk/usr/include/_types/_wctrans_t.h
/Applications/Xcode.app/Contents/Developer/Platforms/MacOSX.platform/Developer/SDKs/MacOSX26.1.sdk/usr/include/xlocale/_wctype.h
/Applications/Xcode.app/Contents/Developer/Platforms/MacOSX.platform/Developer/SDKs/MacOSX26.1.sdk/usr/include/xlocale/___wctype.h
/Applications/Xcode.app/Contents/Developer/Platforms/MacOSX.platform/Developer/SDKs/MacOSX26.1.sdk/SDKSettings.json
/Applications/Xcode.app/Contents/Developer/Toolchains/XcodeDefault.xctoolchain/usr/lib/swift/macosx/prebuilt-modules/26.1/_DarwinFoundation3.swiftmodule/arm64e-apple-macos.swiftmodule
/Users/rogerlin/Library/Developer/Xcode/DerivedData/FinancialCalculatorKit-ackorybalcxbfocbkqsfdzcfkgmn/SourcePackages/checkouts/swift-numerics/Sources/_NumericsShims/include/module.modulemap
/Users/rogerlin/Library/Developer/Xcode/DerivedData/FinancialCalculatorKit-ackorybalcxbfocbkqsfdzcfkgmn/SourcePackages/checkouts/swift-numerics/Sources/_NumericsShims/include/_NumericsShims.h
/Applications/Xcode.app/Contents/Developer/Platforms/MacOSX.platform/Developer/SDKs/MacOSX26.1.sdk/SDKSettings.json
/Applications/Xcode.app/Contents/Developer/Toolchains/XcodeDefault.xctoolchain/usr/lib/swift/macosx/prebuilt-modules/26.1/_StringProcessing.swiftmodule/arm64e-apple-macos.swiftmodule
/Applications/Xcode.app/Contents/Developer/Platforms/MacOSX.platform/Developer/SDKs/MacOSX26.1.sdk/usr/lib/swift/shims/module.modulemap
/Applications/Xcode.app/Contents/Developer/Platforms/MacOSX.platform/Developer/SDKs/MacOSX26.1.sdk/usr/lib/swift/shims/_SwiftConcurrency.h
/Applications/Xcode.app/Contents/Developer/Platforms/MacOSX.platform/Developer/SDKs/MacOSX26.1.sdk/SDKSettings.json
/Applications/Xcode.app/Contents/Developer/Platforms/MacOSX.platform/Developer/SDKs/MacOSX26.1.sdk/usr/include/launch.modulemap
/Applications/Xcode.app/Contents/Developer/Platforms/MacOSX.platform/Developer/SDKs/MacOSX26.1.sdk/usr/include/Darwin.modulemap
/Applications/Xcode.app/Contents/Developer/Platforms/MacOSX.platform/Developer/SDKs/MacOSX26.1.sdk/usr/include/Darwin_C.modulemap
/Applications/Xcode.app/Contents/Developer/Platforms/MacOSX.platform/Developer/SDKs/MacOSX26.1.sdk/usr/include/Darwin_POSIX.modulemap
/Applications/Xcode.app/Contents/Developer/Platforms/MacOSX.platform/Developer/SDKs/MacOSX26.1.sdk/usr/include/net.modulemap
/Applications/Xcode.app/Contents/Developer/Platforms/MacOSX.platform/Developer/SDKs/MacOSX26.1.sdk/usr/include/netinet.modulemap
/Applications/Xcode.app/Contents/Developer/Platforms/MacOSX.platform/Developer/SDKs/MacOSX26.1.sdk/usr/include/bank.modulemap
/Applications/Xcode.app/Contents/Developer/Platforms/MacOSX.platform/Developer/SDKs/MacOSX26.1.sdk/usr/include/Darwin_Mach.modulemap
/Applications/Xcode.app/Contents/Developer/Platforms/MacOSX.platform/Developer/SDKs/MacOSX26.1.sdk/usr/include/Darwin_Mach_machine.modulemap
/Applications/Xcode.app/Contents/Developer/Platforms/MacOSX.platform/Developer/SDKs/MacOSX26.1.sdk/usr/include/mach_debug.modulemap
/Applications/Xcode.app/Contents/Developer/Platforms/MacOSX.platform/Developer/SDKs/MacOSX26.1.sdk/usr/include/device.modulemap
/Applications/Xcode.app/Contents/Developer/Platforms/MacOSX.platform/Developer/SDKs/MacOSX26.1.sdk/usr/include/Darwin_machine.modulemap
/Applications/Xcode.app/Contents/Developer/Platforms/MacOSX.platform/Developer/SDKs/MacOSX26.1.sdk/usr/include/ncurses.modulemap
/Applications/Xcode.app/Contents/Developer/Platforms/MacOSX.platform/Developer/SDKs/MacOSX26.1.sdk/usr/include/netinet6.modulemap
/Applications/Xcode.app/Contents/Developer/Platforms/MacOSX.platform/Developer/SDKs/MacOSX26.1.sdk/usr/include/Darwin_sys.modulemap
/Applications/Xcode.app/Contents/Developer/Platforms/MacOSX.platform/Developer/SDKs/MacOSX26.1.sdk/usr/include/uuid.modulemap
/Applications/Xcode.app/Contents/Developer/Platforms/MacOSX.platform/Developer/SDKs/MacOSX26.1.sdk/usr/include/DarwinFoundation1.modulemap
/Applications/Xcode.app/Contents/Developer/Platforms/MacOSX.platform/Developer/SDKs/MacOSX26.1.sdk/usr/include/launch.h
/Applications/Xcode.app/Contents/Developer/Toolchains/XcodeDefault.xctoolchain/usr/lib/swift/clang/include/module.modulemap
/Applications/Xcode.app/Contents/Developer/Toolchains/XcodeDefault.xctoolchain/usr/lib/swift/clang/include/stddef.h
/Applications/Xcode.app/Contents/Developer/Platforms/MacOSX.platform/Developer/SDKs/MacOSX26.1.sdk/SDKSettings.json
/Applications/Xcode.app/Contents/Developer/Platforms/MacOSX.platform/Developer/SDKs/MacOSX26.1.sdk/usr/include/libDER/module.modulemap
/Applications/Xcode.app/Contents/Developer/Platforms/MacOSX.platform/Developer/SDKs/MacOSX26.1.sdk/usr/include/libDER/DERItem.h
/Applications/Xcode.app/Contents/Developer/Platforms/MacOSX.platform/Developer/SDKs/MacOSX26.1.sdk/usr/include/libDER/libDER_config.h
/Applications/Xcode.app/Contents/Developer/Toolchains/XcodeDefault.xctoolchain/usr/lib/swift/clang/include/module.modulemap
/Applications/Xcode.app/Contents/Developer/Toolchains/XcodeDefault.xctoolchain/usr/lib/swift/clang/include/stddef.h
/Applications/Xcode.app/Contents/Developer/Platforms/MacOSX.platform/Developer/SDKs/MacOSX26.1.sdk/usr/include/DarwinFoundation2.modulemap
/Applications/Xcode.app/Contents/Developer/Platforms/MacOSX.platform/Developer/SDKs/MacOSX26.1.sdk/usr/include/DarwinFoundation1.modulemap
/Applications/Xcode.app/Contents/Developer/Platforms/MacOSX.platform/Developer/SDKs/MacOSX26.1.sdk/usr/include/string.h
/Applications/Xcode.app/Contents/Developer/Platforms/MacOSX.platform/Developer/SDKs/MacOSX26.1.sdk/SDKSettings.json
/Applications/Xcode.app/Contents/Developer/Platforms/MacOSX.platform/Developer/SDKs/MacOSX26.1.sdk/usr/include/libkern.modulemap
/Applications/Xcode.app/Contents/Developer/Platforms/MacOSX.platform/Developer/SDKs/MacOSX26.1.sdk/usr/include/Darwin.modulemap
/Applications/Xcode.app/Contents/Developer/Platforms/MacOSX.platform/Developer/SDKs/MacOSX26.1.sdk/usr/include/Darwin_C.modulemap
/Applications/Xcode.app/Contents/Developer/Platforms/MacOSX.platform/Developer/SDKs/MacOSX26.1.sdk/usr/include/Darwin_POSIX.modulemap
/Applications/Xcode.app/Contents/Developer/Platforms/MacOSX.platform/Developer/SDKs/MacOSX26.1.sdk/usr/include/net.modulemap
/Applications/Xcode.app/Contents/Developer/Platforms/MacOSX.platform/Developer/SDKs/MacOSX26.1.sdk/usr/include/netinet.modulemap
/Applications/Xcode.app/Contents/Developer/Platforms/MacOSX.platform/Developer/SDKs/MacOSX26.1.sdk/usr/include/bank.modulemap
/Applications/Xcode.app/Contents/Developer/Platforms/MacOSX.platform/Developer/SDKs/MacOSX26.1.sdk/usr/include/Darwin_Mach.modulemap
/Applications/Xcode.app/Contents/Developer/Platforms/MacOSX.platform/Developer/SDKs/MacOSX26.1.sdk/usr/include/Darwin_Mach_machine.modulemap
/Applications/Xcode.app/Contents/Developer/Platforms/MacOSX.platform/Developer/SDKs/MacOSX26.1.sdk/usr/include/mach_debug.modulemap
/Applications/Xcode.app/Contents/Developer/Platforms/MacOSX.platform/Developer/SDKs/MacOSX26.1.sdk/usr/include/device.modulemap
/Applications/Xcode.app/Contents/Developer/Platforms/MacOSX.platform/Developer/SDKs/MacOSX26.1.sdk/usr/include/Darwin_machine.modulemap
/Applications/Xcode.app/Contents/Developer/Platforms/MacOSX.platform/Developer/SDKs/MacOSX26.1.sdk/usr/include/ncurses.modulemap
/Applications/Xcode.app/Contents/Developer/Platforms/MacOSX.platform/Developer/SDKs/MacOSX26.1.sdk/usr/include/netinet6.modulemap
/Applications/Xcode.app/Contents/Developer/Platforms/MacOSX.platform/Developer/SDKs/MacOSX26.1.sdk/usr/include/Darwin_sys.modulemap
/Applications/Xcode.app/Contents/Developer/Platforms/MacOSX.platform/Developer/SDKs/MacOSX26.1.sdk/usr/include/uuid.modulemap
/Applications/Xcode.app/Contents/Developer/Platforms/MacOSX.platform/Developer/SDKs/MacOSX26.1.sdk/usr/include/DarwinFoundation1.modulemap
/Applications/Xcode.app/Contents/Developer/Platforms/MacOSX.platform/Developer/SDKs/MacOSX26.1.sdk/usr/include/libkern/OSCacheControl.h
/Applications/Xcode.app/Contents/Developer/Toolchains/XcodeDefault.xctoolchain/usr/lib/swift/clang/include/module.modulemap
/Applications/Xcode.app/Contents/Developer/Toolchains/XcodeDefault.xctoolchain/usr/lib/swift/clang/include/stddef.h
/Applications/Xcode.app/Contents/Developer/Platforms/MacOSX.platform/Developer/SDKs/MacOSX26.1.sdk/usr/include/libkern/OSDebug.h
/Applications/Xcode.app/Contents/Developer/Platforms/MacOSX.platform/Developer/SDKs/MacOSX26.1.sdk/usr/include/libkern/OSReturn.h
/Applications/Xcode.app/Contents/Developer/Platforms/MacOSX.platform/Developer/SDKs/MacOSX26.1.sdk/usr/include/libkern/OSThermalNotification.h
/Applications/Xcode.app/Contents/Developer/Platforms/MacOSX.platform/Developer/SDKs/MacOSX26.1.sdk/usr/include/libkern/OSTypes.h
/Applications/Xcode.app/Contents/Developer/Platforms/MacOSX.platform/Developer/SDKs/MacOSX26.1.sdk/usr/include/libkern/OSKextLib.h
/Applications/Xcode.app/Contents/Developer/Platforms/MacOSX.platform/Developer/SDKs/MacOSX26.1.sdk/SDKSettings.json
/Applications/Xcode.app/Contents/Developer/Platforms/MacOSX.platform/Developer/SDKs/MacOSX26.1.sdk/usr/include/os.modulemap
/Applications/Xcode.app/Contents/Developer/Platforms/MacOSX.platform/Developer/SDKs/MacOSX26.1.sdk/usr/include/ObjectiveC.modulemap
/Applications/Xcode.app/Contents/Developer/Platforms/MacOSX.platform/Developer/SDKs/MacOSX26.1.sdk/usr/include/Darwin.modulemap
/Applications/Xcode.app/Contents/Developer/Platforms/MacOSX.platform/Developer/SDKs/MacOSX26.1.sdk/usr/include/Darwin_C.modulemap
/Applications/Xcode.app/Contents/Developer/Platforms/MacOSX.platform/Developer/SDKs/MacOSX26.1.sdk/usr/include/Darwin_POSIX.modulemap
/Applications/Xcode.app/Contents/Developer/Platforms/MacOSX.platform/Developer/SDKs/MacOSX26.1.sdk/usr/include/net.modulemap
/Applications/Xcode.app/Contents/Developer/Platforms/MacOSX.platform/Developer/SDKs/MacOSX26.1.sdk/usr/include/netinet.modulemap
/Applications/Xcode.app/Contents/Developer/Platforms/MacOSX.platform/Developer/SDKs/MacOSX26.1.sdk/usr/include/bank.modulemap
/Applications/Xcode.app/Contents/Developer/Platforms/MacOSX.platform/Developer/SDKs/MacOSX26.1.sdk/usr/include/Darwin_Mach.modulemap
/Applications/Xcode.app/Contents/Developer/Platforms/MacOSX.platform/Developer/SDKs/MacOSX26.1.sdk/usr/include/Darwin_Mach_machine.modulemap
/Applications/Xcode.app/Contents/Developer/Platforms/MacOSX.platform/Developer/SDKs/MacOSX26.1.sdk/usr/include/mach_debug.modulemap
/Applications/Xcode.app/Contents/Developer/Platforms/MacOSX.platform/Developer/SDKs/MacOSX26.1.sdk/usr/include/device.modulemap
/Applications/Xcode.app/Contents/Developer/Platforms/MacOSX.platform/Developer/SDKs/MacOSX26.1.sdk/usr/include/Darwin_machine.modulemap
/Applications/Xcode.app/Contents/Developer/Platforms/MacOSX.platform/Developer/SDKs/MacOSX26.1.sdk/usr/include/ncurses.modulemap
/Applications/Xcode.app/Contents/Developer/Platforms/MacOSX.platform/Developer/SDKs/MacOSX26.1.sdk/usr/include/netinet6.modulemap
/Applications/Xcode.app/Contents/Developer/Platforms/MacOSX.platform/Developer/SDKs/MacOSX26.1.sdk/usr/include/Darwin_sys.modulemap
/Applications/Xcode.app/Contents/Developer/Platforms/MacOSX.platform/Developer/SDKs/MacOSX26.1.sdk/usr/include/uuid.modulemap
/Applications/Xcode.app/Contents/Developer/Platforms/MacOSX.platform/Developer/SDKs/MacOSX26.1.sdk/usr/include/DarwinFoundation1.modulemap
/Applications/Xcode.app/Contents/Developer/Platforms/MacOSX.platform/Developer/SDKs/MacOSX26.1.sdk/usr/include/os/object.h
/Applications/Xcode.app/Contents/Developer/Platforms/MacOSX.platform/Developer/SDKs/MacOSX26.1.sdk/SDKSettings.json
/Applications/Xcode.app/Contents/Developer/Platforms/MacOSX.platform/Developer/SDKs/MacOSX26.1.sdk/usr/include/os.modulemap
/Applications/Xcode.app/Contents/Developer/Platforms/MacOSX.platform/Developer/SDKs/MacOSX26.1.sdk/usr/include/Darwin.modulemap
/Applications/Xcode.app/Contents/Developer/Platforms/MacOSX.platform/Developer/SDKs/MacOSX26.1.sdk/usr/include/Darwin_C.modulemap
/Applications/Xcode.app/Contents/Developer/Platforms/MacOSX.platform/Developer/SDKs/MacOSX26.1.sdk/usr/include/Darwin_POSIX.modulemap
/Applications/Xcode.app/Contents/Developer/Platforms/MacOSX.platform/Developer/SDKs/MacOSX26.1.sdk/usr/include/net.modulemap
/Applications/Xcode.app/Contents/Developer/Platforms/MacOSX.platform/Developer/SDKs/MacOSX26.1.sdk/usr/include/netinet.modulemap
/Applications/Xcode.app/Contents/Developer/Platforms/MacOSX.platform/Developer/SDKs/MacOSX26.1.sdk/usr/include/bank.modulemap
/Applications/Xcode.app/Contents/Developer/Platforms/MacOSX.platform/Developer/SDKs/MacOSX26.1.sdk/usr/include/Darwin_Mach.modulemap
/Applications/Xcode.app/Contents/Developer/Platforms/MacOSX.platform/Developer/SDKs/MacOSX26.1.sdk/usr/include/Darwin_Mach_machine.modulemap
/Applications/Xcode.app/Contents/Developer/Platforms/MacOSX.platform/Developer/SDKs/MacOSX26.1.sdk/usr/include/mach_debug.modulemap
/Applications/Xcode.app/Contents/Developer/Platforms/MacOSX.platform/Developer/SDKs/MacOSX26.1.sdk/usr/include/device.modulemap
/Applications/Xcode.app/Contents/Developer/Platforms/MacOSX.platform/Developer/SDKs/MacOSX26.1.sdk/usr/include/Darwin_machine.modulemap
/Applications/Xcode.app/Contents/Developer/Platforms/MacOSX.platform/Developer/SDKs/MacOSX26.1.sdk/usr/include/ncurses.modulemap
/Applications/Xcode.app/Contents/Developer/Platforms/MacOSX.platform/Developer/SDKs/MacOSX26.1.sdk/usr/include/netinet6.modulemap
/Applications/Xcode.app/Contents/Developer/Platforms/MacOSX.platform/Developer/SDKs/MacOSX26.1.sdk/usr/include/Darwin_sys.modulemap
/Applications/Xcode.app/Contents/Developer/Platforms/MacOSX.platform/Developer/SDKs/MacOSX26.1.sdk/usr/include/uuid.modulemap
/Applications/Xcode.app/Contents/Developer/Platforms/MacOSX.platform/Developer/SDKs/MacOSX26.1.sdk/usr/include/DarwinFoundation2.modulemap
/Applications/Xcode.app/Contents/Developer/Platforms/MacOSX.platform/Developer/SDKs/MacOSX26.1.sdk/usr/include/DarwinFoundation3.modulemap
/Applications/Xcode.app/Contents/Developer/Platforms/MacOSX.platform/Developer/SDKs/MacOSX26.1.sdk/usr/include/DarwinFoundation1.modulemap
/Applications/Xcode.app/Contents/Developer/Platforms/MacOSX.platform/Developer/SDKs/MacOSX26.1.sdk/usr/include/os/workgroup.h
/Applications/Xcode.app/Contents/Developer/Platforms/MacOSX.platform/Developer/SDKs/MacOSX26.1.sdk/usr/include/os/workgroup_base.h
/Applications/Xcode.app/Contents/Developer/Toolchains/XcodeDefault.xctoolchain/usr/lib/swift/clang/include/module.modulemap
/Applications/Xcode.app/Contents/Developer/Toolchains/XcodeDefault.xctoolchain/usr/lib/swift/clang/include/stddef.h
/Applications/Xcode.app/Contents/Developer/Platforms/MacOSX.platform/Developer/SDKs/MacOSX26.1.sdk/usr/include/string.h
/Applications/Xcode.app/Contents/Developer/Platforms/MacOSX.platform/Developer/SDKs/MacOSX26.1.sdk/usr/include/stdlib.h
/Applications/Xcode.app/Contents/Developer/Platforms/MacOSX.platform/Developer/SDKs/MacOSX26.1.sdk/usr/include/os/workgroup_object.h
/Applications/Xcode.app/Contents/Developer/Platforms/MacOSX.platform/Developer/SDKs/MacOSX26.1.sdk/usr/include/os/workgroup_interval.h
/Applications/Xcode.app/Contents/Developer/Platforms/MacOSX.platform/Developer/SDKs/MacOSX26.1.sdk/usr/include/os/workgroup_parallel.h
/Applications/Xcode.app/Contents/Developer/Platforms/MacOSX.platform/Developer/SDKs/MacOSX26.1.sdk/SDKSettings.json
/Applications/Xcode.app/Contents/Developer/Toolchains/XcodeDefault.xctoolchain/usr/lib/swift/clang/include/module.modulemap
/Applications/Xcode.app/Contents/Developer/Toolchains/XcodeDefault.xctoolchain/usr/lib/swift/clang/include/ptrauth.h
/Applications/Xcode.app/Contents/Developer/Platforms/MacOSX.platform/Developer/SDKs/MacOSX26.1.sdk/SDKSettings.json
/Applications/Xcode.app/Contents/Developer/Toolchains/XcodeDefault.xctoolchain/usr/lib/swift/clang/include/module.modulemap
/Applications/Xcode.app/Contents/Developer/Toolchains/XcodeDefault.xctoolchain/usr/lib/swift/clang/include/ptrcheck.h
/Applications/Xcode.app/Contents/Developer/Platforms/MacOSX.platform/Developer/SDKs/MacOSX26.1.sdk/SDKSettings.json
/Applications/Xcode.app/Contents/Developer/Platforms/MacOSX.platform/Developer/SDKs/MacOSX26.1.sdk/usr/include/DarwinFoundation2.modulemap
/Applications/Xcode.app/Contents/Developer/Platforms/MacOSX.platform/Developer/SDKs/MacOSX26.1.sdk/usr/include/_modules/_sys_types.h
/Applications/Xcode.app/Contents/Developer/Platforms/MacOSX.platform/Developer/SDKs/MacOSX26.1.sdk/SDKSettings.json

SwiftDriverJobDiscovery normal arm64 Compiling Result+CasePathable.swift (in target 'CasePathsCore' from project 'swift-case-paths')

ExtractAppIntentsMetadata (in target 'SwiftDraw' from project 'SwiftDraw')
    cd /Users/rogerlin/Library/Developer/Xcode/DerivedData/FinancialCalculatorKit-ackorybalcxbfocbkqsfdzcfkgmn/SourcePackages/checkouts/SwiftDraw
    /Applications/Xcode.app/Contents/Developer/Toolchains/XcodeDefault.xctoolchain/usr/bin/appintentsmetadataprocessor --toolchain-dir /Applications/Xcode.app/Contents/Developer/Toolchains/XcodeDefault.xctoolchain --module-name SwiftDraw --sdk-root /Applications/Xcode.app/Contents/Developer/Platforms/MacOSX.platform/Developer/SDKs/MacOSX26.1.sdk --xcode-version 17B55 --platform-family macOS --deployment-target 10.15 --bundle-identifier swiftdraw.SwiftDraw --output /Users/rogerlin/Library/Developer/Xcode/DerivedData/FinancialCalculatorKit-ackorybalcxbfocbkqsfdzcfkgmn/Build/Products/Debug/SwiftDraw.appintents --target-triple arm64-apple-macos10.15 --binary-file /Users/rogerlin/Library/Developer/Xcode/DerivedData/FinancialCalculatorKit-ackorybalcxbfocbkqsfdzcfkgmn/Build/Products/Debug/SwiftDraw.o --dependency-file /Users/rogerlin/Library/Developer/Xcode/DerivedData/FinancialCalculatorKit-ackorybalcxbfocbkqsfdzcfkgmn/Build/Intermediates.noindex/SwiftDraw.build/Debug/SwiftDraw.build/Objects-normal/arm64/SwiftDraw_dependency_info.dat --stringsdata-file /Users/rogerlin/Library/Developer/Xcode/DerivedData/FinancialCalculatorKit-ackorybalcxbfocbkqsfdzcfkgmn/Build/Intermediates.noindex/SwiftDraw.build/Debug/SwiftDraw.build/Objects-normal/arm64/ExtractedAppShortcutsMetadata.stringsdata --source-file-list /Users/rogerlin/Library/Developer/Xcode/DerivedData/FinancialCalculatorKit-ackorybalcxbfocbkqsfdzcfkgmn/Build/Intermediates.noindex/SwiftDraw.build/Debug/SwiftDraw.build/Objects-normal/arm64/SwiftDraw.SwiftFileList --metadata-file-list /Users/rogerlin/Library/Developer/Xcode/DerivedData/FinancialCalculatorKit-ackorybalcxbfocbkqsfdzcfkgmn/Build/Intermediates.noindex/SwiftDraw.build/Debug/SwiftDraw.build/SwiftDraw.DependencyMetadataFileList --static-metadata-file-list /Users/rogerlin/Library/Developer/Xcode/DerivedData/FinancialCalculatorKit-ackorybalcxbfocbkqsfdzcfkgmn/Build/Intermediates.noindex/SwiftDraw.build/Debug/SwiftDraw.build/SwiftDraw.DependencyStaticMetadataFileList --swift-const-vals-list /Users/rogerlin/Library/Developer/Xcode/DerivedData/FinancialCalculatorKit-ackorybalcxbfocbkqsfdzcfkgmn/Build/Intermediates.noindex/SwiftDraw.build/Debug/SwiftDraw.build/Objects-normal/arm64/SwiftDraw.SwiftConstValuesFileList --force --compile-time-extraction --deployment-aware-processing --validate-assistant-intents --no-app-shortcuts-localization

    Task input dependencies:
        /Users/rogerlin/Library/Developer/Xcode/DerivedData/FinancialCalculatorKit-ackorybalcxbfocbkqsfdzcfkgmn/SourcePackages/checkouts/SwiftDraw/SwiftDraw/CGImage+Mask.swift
        /Users/rogerlin/Library/Developer/Xcode/DerivedData/FinancialCalculatorKit-ackorybalcxbfocbkqsfdzcfkgmn/SourcePackages/checkouts/SwiftDraw/SwiftDraw/CGPath+Segment.swift
        /Users/rogerlin/Library/Developer/Xcode/DerivedData/FinancialCalculatorKit-ackorybalcxbfocbkqsfdzcfkgmn/SourcePackages/checkouts/SwiftDraw/SwiftDraw/CGPattern+Closure.swift
        /Users/rogerlin/Library/Developer/Xcode/DerivedData/FinancialCalculatorKit-ackorybalcxbfocbkqsfdzcfkgmn/SourcePackages/checkouts/SwiftDraw/SwiftDraw/CGTextRenderer+Code.swift
        /Users/rogerlin/Library/Developer/Xcode/DerivedData/FinancialCalculatorKit-ackorybalcxbfocbkqsfdzcfkgmn/SourcePackages/checkouts/SwiftDraw/SwiftDraw/CommandLine+Process.swift
        /Users/rogerlin/Library/Developer/Xcode/DerivedData/FinancialCalculatorKit-ackorybalcxbfocbkqsfdzcfkgmn/SourcePackages/checkouts/SwiftDraw/SwiftDraw/CommandLine.Arguments.swift
        /Users/rogerlin/Library/Developer/Xcode/DerivedData/FinancialCalculatorKit-ackorybalcxbfocbkqsfdzcfkgmn/SourcePackages/checkouts/SwiftDraw/SwiftDraw/CommandLine.Configuration.swift
        /Users/rogerlin/Library/Developer/Xcode/DerivedData/FinancialCalculatorKit-ackorybalcxbfocbkqsfdzcfkgmn/SourcePackages/checkouts/SwiftDraw/SwiftDraw/CommandLine.swift
        /Users/rogerlin/Library/Developer/Xcode/DerivedData/FinancialCalculatorKit-ackorybalcxbfocbkqsfdzcfkgmn/SourcePackages/checkouts/SwiftDraw/SwiftDraw/CoordinateFormatter.swift
        /Users/rogerlin/Library/Developer/Xcode/DerivedData/FinancialCalculatorKit-ackorybalcxbfocbkqsfdzcfkgmn/SourcePackages/checkouts/SwiftDraw/SwiftDraw/LayerTree.Builder.Layer.swift
        /Users/rogerlin/Library/Developer/Xcode/DerivedData/FinancialCalculatorKit-ackorybalcxbfocbkqsfdzcfkgmn/SourcePackages/checkouts/SwiftDraw/SwiftDraw/LayerTree.Builder.Path.Arc.swift
        /Users/rogerlin/Library/Developer/Xcode/DerivedData/FinancialCalculatorKit-ackorybalcxbfocbkqsfdzcfkgmn/SourcePackages/checkouts/SwiftDraw/SwiftDraw/LayerTree.Builder.Path.swift
        /Users/rogerlin/Library/Developer/Xcode/DerivedData/FinancialCalculatorKit-ackorybalcxbfocbkqsfdzcfkgmn/SourcePackages/checkouts/SwiftDraw/SwiftDraw/LayerTree.Builder.Shape.swift
        /Users/rogerlin/Library/Developer/Xcode/DerivedData/FinancialCalculatorKit-ackorybalcxbfocbkqsfdzcfkgmn/SourcePackages/checkouts/SwiftDraw/SwiftDraw/LayerTree.Builder.Text.swift
        /Users/rogerlin/Library/Developer/Xcode/DerivedData/FinancialCalculatorKit-ackorybalcxbfocbkqsfdzcfkgmn/SourcePackages/checkouts/SwiftDraw/SwiftDraw/LayerTree.Builder.swift
        /Users/rogerlin/Library/Developer/Xcode/DerivedData/FinancialCalculatorKit-ackorybalcxbfocbkqsfdzcfkgmn/SourcePackages/checkouts/SwiftDraw/SwiftDraw/LayerTree.Color.swift
        /Users/rogerlin/Library/Developer/Xcode/DerivedData/FinancialCalculatorKit-ackorybalcxbfocbkqsfdzcfkgmn/SourcePackages/checkouts/SwiftDraw/SwiftDraw/LayerTree.CommandGenerator.swift
        /Users/rogerlin/Library/Developer/Xcode/DerivedData/FinancialCalculatorKit-ackorybalcxbfocbkqsfdzcfkgmn/SourcePackages/checkouts/SwiftDraw/SwiftDraw/LayerTree.CommandOptimizer.swift
        /Users/rogerlin/Library/Developer/Xcode/DerivedData/FinancialCalculatorKit-ackorybalcxbfocbkqsfdzcfkgmn/SourcePackages/checkouts/SwiftDraw/SwiftDraw/LayerTree.Gradient.swift
        /Users/rogerlin/Library/Developer/Xcode/DerivedData/FinancialCalculatorKit-ackorybalcxbfocbkqsfdzcfkgmn/SourcePackages/checkouts/SwiftDraw/SwiftDraw/LayerTree.Image.swift
        /Users/rogerlin/Library/Developer/Xcode/DerivedData/FinancialCalculatorKit-ackorybalcxbfocbkqsfdzcfkgmn/SourcePackages/checkouts/SwiftDraw/SwiftDraw/LayerTree.Layer.swift
        /Users/rogerlin/Library/Developer/Xcode/DerivedData/FinancialCalculatorKit-ackorybalcxbfocbkqsfdzcfkgmn/SourcePackages/checkouts/SwiftDraw/SwiftDraw/LayerTree.Path+Bounds.swift
        /Users/rogerlin/Library/Developer/Xcode/DerivedData/FinancialCalculatorKit-ackorybalcxbfocbkqsfdzcfkgmn/SourcePackages/checkouts/SwiftDraw/SwiftDraw/LayerTree.Path+Reversed.swift
        /Users/rogerlin/Library/Developer/Xcode/DerivedData/FinancialCalculatorKit-ackorybalcxbfocbkqsfdzcfkgmn/SourcePackages/checkouts/SwiftDraw/SwiftDraw/LayerTree.Path+Subpath.swift
        /Users/rogerlin/Library/Developer/Xcode/DerivedData/FinancialCalculatorKit-ackorybalcxbfocbkqsfdzcfkgmn/SourcePackages/checkouts/SwiftDraw/SwiftDraw/LayerTree.Path.swift
        /Users/rogerlin/Library/Developer/Xcode/DerivedData/FinancialCalculatorKit-ackorybalcxbfocbkqsfdzcfkgmn/SourcePackages/checkouts/SwiftDraw/SwiftDraw/LayerTree.Pattern.swift
        /Users/rogerlin/Library/Developer/Xcode/DerivedData/FinancialCalculatorKit-ackorybalcxbfocbkqsfdzcfkgmn/SourcePackages/checkouts/SwiftDraw/SwiftDraw/LayerTree.Shape.swift
        /Users/rogerlin/Library/Developer/Xcode/DerivedData/FinancialCalculatorKit-ackorybalcxbfocbkqsfdzcfkgmn/SourcePackages/checkouts/SwiftDraw/SwiftDraw/LayerTree.Transform.swift
        /Users/rogerlin/Library/Developer/Xcode/DerivedData/FinancialCalculatorKit-ackorybalcxbfocbkqsfdzcfkgmn/SourcePackages/checkouts/SwiftDraw/SwiftDraw/LayerTree.swift
        /Users/rogerlin/Library/Developer/Xcode/DerivedData/FinancialCalculatorKit-ackorybalcxbfocbkqsfdzcfkgmn/SourcePackages/checkouts/SwiftDraw/SwiftDraw/NSImage+SVG.swift
        /Users/rogerlin/Library/Developer/Xcode/DerivedData/FinancialCalculatorKit-ackorybalcxbfocbkqsfdzcfkgmn/SourcePackages/checkouts/SwiftDraw/SwiftDraw/Renderer.CGText+Path.swift
        /Users/rogerlin/Library/Developer/Xcode/DerivedData/FinancialCalculatorKit-ackorybalcxbfocbkqsfdzcfkgmn/SourcePackages/checkouts/SwiftDraw/SwiftDraw/Renderer.CGText.swift
        /Users/rogerlin/Library/Developer/Xcode/DerivedData/FinancialCalculatorKit-ackorybalcxbfocbkqsfdzcfkgmn/SourcePackages/checkouts/SwiftDraw/SwiftDraw/Renderer.CoreGraphics.swift
        /Users/rogerlin/Library/Developer/Xcode/DerivedData/FinancialCalculatorKit-ackorybalcxbfocbkqsfdzcfkgmn/SourcePackages/checkouts/SwiftDraw/SwiftDraw/Renderer.LayerTree.swift
        /Users/rogerlin/Library/Developer/Xcode/DerivedData/FinancialCalculatorKit-ackorybalcxbfocbkqsfdzcfkgmn/SourcePackages/checkouts/SwiftDraw/SwiftDraw/Renderer.SFSymbol+CGPath.swift
        /Users/rogerlin/Library/Developer/Xcode/DerivedData/FinancialCalculatorKit-ackorybalcxbfocbkqsfdzcfkgmn/SourcePackages/checkouts/SwiftDraw/SwiftDraw/Renderer.SFSymbol.swift
        /Users/rogerlin/Library/Developer/Xcode/DerivedData/FinancialCalculatorKit-ackorybalcxbfocbkqsfdzcfkgmn/SourcePackages/checkouts/SwiftDraw/SwiftDraw/Renderer.SVG.swift
        /Users/rogerlin/Library/Developer/Xcode/DerivedData/FinancialCalculatorKit-ackorybalcxbfocbkqsfdzcfkgmn/SourcePackages/checkouts/SwiftDraw/SwiftDraw/Renderer.swift
        /Users/rogerlin/Library/Developer/Xcode/DerivedData/FinancialCalculatorKit-ackorybalcxbfocbkqsfdzcfkgmn/SourcePackages/checkouts/SwiftDraw/SwiftDraw/SVG+CoreGraphics.swift
        /Users/rogerlin/Library/Developer/Xcode/DerivedData/FinancialCalculatorKit-ackorybalcxbfocbkqsfdzcfkgmn/SourcePackages/checkouts/SwiftDraw/SwiftDraw/SVG+Deprecated.swift
        /Users/rogerlin/Library/Developer/Xcode/DerivedData/FinancialCalculatorKit-ackorybalcxbfocbkqsfdzcfkgmn/SourcePackages/checkouts/SwiftDraw/SwiftDraw/SVG+Hashable.swift
        /Users/rogerlin/Library/Developer/Xcode/DerivedData/FinancialCalculatorKit-ackorybalcxbfocbkqsfdzcfkgmn/SourcePackages/checkouts/SwiftDraw/SwiftDraw/SVG+Insets.swift
        /Users/rogerlin/Library/Developer/Xcode/DerivedData/FinancialCalculatorKit-ackorybalcxbfocbkqsfdzcfkgmn/SourcePackages/checkouts/SwiftDraw/SwiftDraw/SVG.swift
        /Users/rogerlin/Library/Developer/Xcode/DerivedData/FinancialCalculatorKit-ackorybalcxbfocbkqsfdzcfkgmn/SourcePackages/checkouts/SwiftDraw/SwiftDraw/SVGView.swift
        /Users/rogerlin/Library/Developer/Xcode/DerivedData/FinancialCalculatorKit-ackorybalcxbfocbkqsfdzcfkgmn/SourcePackages/checkouts/SwiftDraw/SwiftDraw/Stack.swift
        /Users/rogerlin/Library/Developer/Xcode/DerivedData/FinancialCalculatorKit-ackorybalcxbfocbkqsfdzcfkgmn/SourcePackages/checkouts/SwiftDraw/SwiftDraw/UIImage+SVG.swift
        /Users/rogerlin/Library/Developer/Xcode/DerivedData/FinancialCalculatorKit-ackorybalcxbfocbkqsfdzcfkgmn/SourcePackages/checkouts/SwiftDraw/SwiftDraw/Utilities/PairedSequence.swift
        /Users/rogerlin/Library/Developer/Xcode/DerivedData/FinancialCalculatorKit-ackorybalcxbfocbkqsfdzcfkgmn/SourcePackages/checkouts/SwiftDraw/SwiftDraw/XML.Formatter.SVG.swift
        /Users/rogerlin/Library/Developer/Xcode/DerivedData/FinancialCalculatorKit-ackorybalcxbfocbkqsfdzcfkgmn/SourcePackages/checkouts/SwiftDraw/SwiftDraw/XML.Formatter.swift
        /Users/rogerlin/Library/Developer/Xcode/DerivedData/FinancialCalculatorKit-ackorybalcxbfocbkqsfdzcfkgmn/Build/Intermediates.noindex/SwiftDraw.build/Debug/SwiftDraw.build/Objects-normal/arm64/CGImage+Mask.swiftconstvalues
        /Users/rogerlin/Library/Developer/Xcode/DerivedData/FinancialCalculatorKit-ackorybalcxbfocbkqsfdzcfkgmn/Build/Intermediates.noindex/SwiftDraw.build/Debug/SwiftDraw.build/Objects-normal/arm64/CGPath+Segment.swiftconstvalues
        /Users/rogerlin/Library/Developer/Xcode/DerivedData/FinancialCalculatorKit-ackorybalcxbfocbkqsfdzcfkgmn/Build/Intermediates.noindex/SwiftDraw.build/Debug/SwiftDraw.build/Objects-normal/arm64/CGPattern+Closure.swiftconstvalues
        /Users/rogerlin/Library/Developer/Xcode/DerivedData/FinancialCalculatorKit-ackorybalcxbfocbkqsfdzcfkgmn/Build/Intermediates.noindex/SwiftDraw.build/Debug/SwiftDraw.build/Objects-normal/arm64/CGTextRenderer+Code.swiftconstvalues
        /Users/rogerlin/Library/Developer/Xcode/DerivedData/FinancialCalculatorKit-ackorybalcxbfocbkqsfdzcfkgmn/Build/Intermediates.noindex/SwiftDraw.build/Debug/SwiftDraw.build/Objects-normal/arm64/CommandLine+Process.swiftconstvalues
        /Users/rogerlin/Library/Developer/Xcode/DerivedData/FinancialCalculatorKit-ackorybalcxbfocbkqsfdzcfkgmn/Build/Intermediates.noindex/SwiftDraw.build/Debug/SwiftDraw.build/Objects-normal/arm64/CommandLine.Arguments.swiftconstvalues
        /Users/rogerlin/Library/Developer/Xcode/DerivedData/FinancialCalculatorKit-ackorybalcxbfocbkqsfdzcfkgmn/Build/Intermediates.noindex/SwiftDraw.build/Debug/SwiftDraw.build/Objects-normal/arm64/CommandLine.Configuration.swiftconstvalues
        /Users/rogerlin/Library/Developer/Xcode/DerivedData/FinancialCalculatorKit-ackorybalcxbfocbkqsfdzcfkgmn/Build/Intermediates.noindex/SwiftDraw.build/Debug/SwiftDraw.build/Objects-normal/arm64/CommandLine.swiftconstvalues
        /Users/rogerlin/Library/Developer/Xcode/DerivedData/FinancialCalculatorKit-ackorybalcxbfocbkqsfdzcfkgmn/Build/Intermediates.noindex/SwiftDraw.build/Debug/SwiftDraw.build/Objects-normal/arm64/CoordinateFormatter.swiftconstvalues
        /Users/rogerlin/Library/Developer/Xcode/DerivedData/FinancialCalculatorKit-ackorybalcxbfocbkqsfdzcfkgmn/Build/Intermediates.noindex/SwiftDraw.build/Debug/SwiftDraw.build/Objects-normal/arm64/LayerTree.Builder.Layer.swiftconstvalues
        /Users/rogerlin/Library/Developer/Xcode/DerivedData/FinancialCalculatorKit-ackorybalcxbfocbkqsfdzcfkgmn/Build/Intermediates.noindex/SwiftDraw.build/Debug/SwiftDraw.build/Objects-normal/arm64/LayerTree.Builder.Path.Arc.swiftconstvalues
        /Users/rogerlin/Library/Developer/Xcode/DerivedData/FinancialCalculatorKit-ackorybalcxbfocbkqsfdzcfkgmn/Build/Intermediates.noindex/SwiftDraw.build/Debug/SwiftDraw.build/Objects-normal/arm64/LayerTree.Builder.Path.swiftconstvalues
        /Users/rogerlin/Library/Developer/Xcode/DerivedData/FinancialCalculatorKit-ackorybalcxbfocbkqsfdzcfkgmn/Build/Intermediates.noindex/SwiftDraw.build/Debug/SwiftDraw.build/Objects-normal/arm64/LayerTree.Builder.Shape.swiftconstvalues
        /Users/rogerlin/Library/Developer/Xcode/DerivedData/FinancialCalculatorKit-ackorybalcxbfocbkqsfdzcfkgmn/Build/Intermediates.noindex/SwiftDraw.build/Debug/SwiftDraw.build/Objects-normal/arm64/LayerTree.Builder.Text.swiftconstvalues
        /Users/rogerlin/Library/Developer/Xcode/DerivedData/FinancialCalculatorKit-ackorybalcxbfocbkqsfdzcfkgmn/Build/Intermediates.noindex/SwiftDraw.build/Debug/SwiftDraw.build/Objects-normal/arm64/LayerTree.Builder.swiftconstvalues
        /Users/rogerlin/Library/Developer/Xcode/DerivedData/FinancialCalculatorKit-ackorybalcxbfocbkqsfdzcfkgmn/Build/Intermediates.noindex/SwiftDraw.build/Debug/SwiftDraw.build/Objects-normal/arm64/LayerTree.Color.swiftconstvalues
        /Users/rogerlin/Library/Developer/Xcode/DerivedData/FinancialCalculatorKit-ackorybalcxbfocbkqsfdzcfkgmn/Build/Intermediates.noindex/SwiftDraw.build/Debug/SwiftDraw.build/Objects-normal/arm64/LayerTree.CommandGenerator.swiftconstvalues
        /Users/rogerlin/Library/Developer/Xcode/DerivedData/FinancialCalculatorKit-ackorybalcxbfocbkqsfdzcfkgmn/Build/Intermediates.noindex/SwiftDraw.build/Debug/SwiftDraw.build/Objects-normal/arm64/LayerTree.CommandOptimizer.swiftconstvalues
        /Users/rogerlin/Library/Developer/Xcode/DerivedData/FinancialCalculatorKit-ackorybalcxbfocbkqsfdzcfkgmn/Build/Intermediates.noindex/SwiftDraw.build/Debug/SwiftDraw.build/Objects-normal/arm64/LayerTree.Gradient.swiftconstvalues
        /Users/rogerlin/Library/Developer/Xcode/DerivedData/FinancialCalculatorKit-ackorybalcxbfocbkqsfdzcfkgmn/Build/Intermediates.noindex/SwiftDraw.build/Debug/SwiftDraw.build/Objects-normal/arm64/LayerTree.Image.swiftconstvalues
        /Users/rogerlin/Library/Developer/Xcode/DerivedData/FinancialCalculatorKit-ackorybalcxbfocbkqsfdzcfkgmn/Build/Intermediates.noindex/SwiftDraw.build/Debug/SwiftDraw.build/Objects-normal/arm64/LayerTree.Layer.swiftconstvalues
        /Users/rogerlin/Library/Developer/Xcode/DerivedData/FinancialCalculatorKit-ackorybalcxbfocbkqsfdzcfkgmn/Build/Intermediates.noindex/SwiftDraw.build/Debug/SwiftDraw.build/Objects-normal/arm64/LayerTree.Path+Bounds.swiftconstvalues
        /Users/rogerlin/Library/Developer/Xcode/DerivedData/FinancialCalculatorKit-ackorybalcxbfocbkqsfdzcfkgmn/Build/Intermediates.noindex/SwiftDraw.build/Debug/SwiftDraw.build/Objects-normal/arm64/LayerTree.Path+Reversed.swiftconstvalues
        /Users/rogerlin/Library/Developer/Xcode/DerivedData/FinancialCalculatorKit-ackorybalcxbfocbkqsfdzcfkgmn/Build/Intermediates.noindex/SwiftDraw.build/Debug/SwiftDraw.build/Objects-normal/arm64/LayerTree.Path+Subpath.swiftconstvalues
        /Users/rogerlin/Library/Developer/Xcode/DerivedData/FinancialCalculatorKit-ackorybalcxbfocbkqsfdzcfkgmn/Build/Intermediates.noindex/SwiftDraw.build/Debug/SwiftDraw.build/Objects-normal/arm64/LayerTree.Path.swiftconstvalues
        /Users/rogerlin/Library/Developer/Xcode/DerivedData/FinancialCalculatorKit-ackorybalcxbfocbkqsfdzcfkgmn/Build/Intermediates.noindex/SwiftDraw.build/Debug/SwiftDraw.build/Objects-normal/arm64/LayerTree.Pattern.swiftconstvalues
        /Users/rogerlin/Library/Developer/Xcode/DerivedData/FinancialCalculatorKit-ackorybalcxbfocbkqsfdzcfkgmn/Build/Intermediates.noindex/SwiftDraw.build/Debug/SwiftDraw.build/Objects-normal/arm64/LayerTree.Shape.swiftconstvalues
        /Users/rogerlin/Library/Developer/Xcode/DerivedData/FinancialCalculatorKit-ackorybalcxbfocbkqsfdzcfkgmn/Build/Intermediates.noindex/SwiftDraw.build/Debug/SwiftDraw.build/Objects-normal/arm64/LayerTree.Transform.swiftconstvalues
        /Users/rogerlin/Library/Developer/Xcode/DerivedData/FinancialCalculatorKit-ackorybalcxbfocbkqsfdzcfkgmn/Build/Intermediates.noindex/SwiftDraw.build/Debug/SwiftDraw.build/Objects-normal/arm64/LayerTree.swiftconstvalues
        /Users/rogerlin/Library/Developer/Xcode/DerivedData/FinancialCalculatorKit-ackorybalcxbfocbkqsfdzcfkgmn/Build/Intermediates.noindex/SwiftDraw.build/Debug/SwiftDraw.build/Objects-normal/arm64/NSImage+SVG.swiftconstvalues
        /Users/rogerlin/Library/Developer/Xcode/DerivedData/FinancialCalculatorKit-ackorybalcxbfocbkqsfdzcfkgmn/Build/Intermediates.noindex/SwiftDraw.build/Debug/SwiftDraw.build/Objects-normal/arm64/Renderer.CGText+Path.swiftconstvalues
        /Users/rogerlin/Library/Developer/Xcode/DerivedData/FinancialCalculatorKit-ackorybalcxbfocbkqsfdzcfkgmn/Build/Intermediates.noindex/SwiftDraw.build/Debug/SwiftDraw.build/Objects-normal/arm64/Renderer.CGText.swiftconstvalues
        /Users/rogerlin/Library/Developer/Xcode/DerivedData/FinancialCalculatorKit-ackorybalcxbfocbkqsfdzcfkgmn/Build/Intermediates.noindex/SwiftDraw.build/Debug/SwiftDraw.build/Objects-normal/arm64/Renderer.CoreGraphics.swiftconstvalues
        /Users/rogerlin/Library/Developer/Xcode/DerivedData/FinancialCalculatorKit-ackorybalcxbfocbkqsfdzcfkgmn/Build/Intermediates.noindex/SwiftDraw.build/Debug/SwiftDraw.build/Objects-normal/arm64/Renderer.LayerTree.swiftconstvalues
        /Users/rogerlin/Library/Developer/Xcode/DerivedData/FinancialCalculatorKit-ackorybalcxbfocbkqsfdzcfkgmn/Build/Intermediates.noindex/SwiftDraw.build/Debug/SwiftDraw.build/Objects-normal/arm64/Renderer.SFSymbol+CGPath.swiftconstvalues
        /Users/rogerlin/Library/Developer/Xcode/DerivedData/FinancialCalculatorKit-ackorybalcxbfocbkqsfdzcfkgmn/Build/Intermediates.noindex/SwiftDraw.build/Debug/SwiftDraw.build/Objects-normal/arm64/Renderer.SFSymbol.swiftconstvalues
        /Users/rogerlin/Library/Developer/Xcode/DerivedData/FinancialCalculatorKit-ackorybalcxbfocbkqsfdzcfkgmn/Build/Intermediates.noindex/SwiftDraw.build/Debug/SwiftDraw.build/Objects-normal/arm64/Renderer.SVG.swiftconstvalues
        /Users/rogerlin/Library/Developer/Xcode/DerivedData/FinancialCalculatorKit-ackorybalcxbfocbkqsfdzcfkgmn/Build/Intermediates.noindex/SwiftDraw.build/Debug/SwiftDraw.build/Objects-normal/arm64/Renderer.swiftconstvalues
        /Users/rogerlin/Library/Developer/Xcode/DerivedData/FinancialCalculatorKit-ackorybalcxbfocbkqsfdzcfkgmn/Build/Intermediates.noindex/SwiftDraw.build/Debug/SwiftDraw.build/Objects-normal/arm64/SVG+CoreGraphics.swiftconstvalues
        /Users/rogerlin/Library/Developer/Xcode/DerivedData/FinancialCalculatorKit-ackorybalcxbfocbkqsfdzcfkgmn/Build/Intermediates.noindex/SwiftDraw.build/Debug/SwiftDraw.build/Objects-normal/arm64/SVG+Deprecated.swiftconstvalues
        /Users/rogerlin/Library/Developer/Xcode/DerivedData/FinancialCalculatorKit-ackorybalcxbfocbkqsfdzcfkgmn/Build/Intermediates.noindex/SwiftDraw.build/Debug/SwiftDraw.build/Objects-normal/arm64/SVG+Hashable.swiftconstvalues
        /Users/rogerlin/Library/Developer/Xcode/DerivedData/FinancialCalculatorKit-ackorybalcxbfocbkqsfdzcfkgmn/Build/Intermediates.noindex/SwiftDraw.build/Debug/SwiftDraw.build/Objects-normal/arm64/SVG+Insets.swiftconstvalues
        /Users/rogerlin/Library/Developer/Xcode/DerivedData/FinancialCalculatorKit-ackorybalcxbfocbkqsfdzcfkgmn/Build/Intermediates.noindex/SwiftDraw.build/Debug/SwiftDraw.build/Objects-normal/arm64/SVG.swiftconstvalues
        /Users/rogerlin/Library/Developer/Xcode/DerivedData/FinancialCalculatorKit-ackorybalcxbfocbkqsfdzcfkgmn/Build/Intermediates.noindex/SwiftDraw.build/Debug/SwiftDraw.build/Objects-normal/arm64/SVGView.swiftconstvalues
        /Users/rogerlin/Library/Developer/Xcode/DerivedData/FinancialCalculatorKit-ackorybalcxbfocbkqsfdzcfkgmn/Build/Intermediates.noindex/SwiftDraw.build/Debug/SwiftDraw.build/Objects-normal/arm64/Stack.swiftconstvalues
        /Users/rogerlin/Library/Developer/Xcode/DerivedData/FinancialCalculatorKit-ackorybalcxbfocbkqsfdzcfkgmn/Build/Intermediates.noindex/SwiftDraw.build/Debug/SwiftDraw.build/Objects-normal/arm64/UIImage+SVG.swiftconstvalues
        /Users/rogerlin/Library/Developer/Xcode/DerivedData/FinancialCalculatorKit-ackorybalcxbfocbkqsfdzcfkgmn/Build/Intermediates.noindex/SwiftDraw.build/Debug/SwiftDraw.build/Objects-normal/arm64/PairedSequence.swiftconstvalues
        /Users/rogerlin/Library/Developer/Xcode/DerivedData/FinancialCalculatorKit-ackorybalcxbfocbkqsfdzcfkgmn/Build/Intermediates.noindex/SwiftDraw.build/Debug/SwiftDraw.build/Objects-normal/arm64/XML.Formatter.SVG.swiftconstvalues
        /Users/rogerlin/Library/Developer/Xcode/DerivedData/FinancialCalculatorKit-ackorybalcxbfocbkqsfdzcfkgmn/Build/Intermediates.noindex/SwiftDraw.build/Debug/SwiftDraw.build/Objects-normal/arm64/XML.Formatter.swiftconstvalues
        /Users/rogerlin/Library/Developer/Xcode/DerivedData/FinancialCalculatorKit-ackorybalcxbfocbkqsfdzcfkgmn/Build/Products/Debug/SwiftDraw.o
        /Users/rogerlin/Library/Developer/Xcode/DerivedData/FinancialCalculatorKit-ackorybalcxbfocbkqsfdzcfkgmn/Build/Intermediates.noindex/SwiftDraw.build/Debug/SwiftDraw.build/SwiftDraw.DependencyMetadataFileList
        /Users/rogerlin/Library/Developer/Xcode/DerivedData/FinancialCalculatorKit-ackorybalcxbfocbkqsfdzcfkgmn/Build/Intermediates.noindex/SwiftDraw.build/Debug/SwiftDraw.build/SwiftDraw.DependencyStaticMetadataFileList
        /Users/rogerlin/Library/Developer/Xcode/DerivedData/FinancialCalculatorKit-ackorybalcxbfocbkqsfdzcfkgmn/Build/Intermediates.noindex/SwiftDraw.build/Debug/SwiftDraw.build/Objects-normal/arm64/SwiftDraw_dependency_info.dat
        /Users/rogerlin/Library/Developer/Xcode/DerivedData/FinancialCalculatorKit-ackorybalcxbfocbkqsfdzcfkgmn/Build/Intermediates.noindex/SwiftDraw.build/Debug/SwiftDraw.build/Objects-normal/arm64/SwiftDraw.SwiftFileList
        /Users/rogerlin/Library/Developer/Xcode/DerivedData/FinancialCalculatorKit-ackorybalcxbfocbkqsfdzcfkgmn/Build/Intermediates.noindex/SwiftDraw.build/Debug/SwiftDraw.build/Objects-normal/arm64/SwiftDraw.SwiftConstValuesFileList

    Task output dependencies:
        /Users/rogerlin/Library/Developer/Xcode/DerivedData/FinancialCalculatorKit-ackorybalcxbfocbkqsfdzcfkgmn/Build/Intermediates.noindex/SwiftDraw.build/Debug/SwiftDraw.build/Objects-normal/arm64/ExtractedAppShortcutsMetadata.stringsdata
2025-11-05 20:45:57.275 appintentsmetadataprocessor[14031:497027] Starting appintentsmetadataprocessor export
2025-11-05 20:45:57.402 appintentsmetadataprocessor[14031:497027] Extracted no relevant App Intents symbols, skipping writing output

SwiftDriver CasePaths normal arm64 com.apple.xcode.tools.swift.compiler (in target 'CasePaths' from project 'swift-case-paths')
    cd /Users/rogerlin/XCode-Projects/FinancialCalculatorKit-5.0-updated-accent-colors/FinancialCalculatorKit.xcodeproj
    builtin-SwiftDriver -- /Applications/Xcode.app/Contents/Developer/Toolchains/XcodeDefault.xctoolchain/usr/bin/swiftc -module-name CasePaths -Onone -enforce-exclusivity\=checked @/Users/rogerlin/Library/Developer/Xcode/DerivedData/FinancialCalculatorKit-ackorybalcxbfocbkqsfdzcfkgmn/Build/Intermediates.noindex/swift-case-paths.build/Debug/CasePaths.build/Objects-normal/arm64/CasePaths.SwiftFileList -DSWIFT_PACKAGE -DDEBUG -DSWIFT_MODULE_RESOURCE_BUNDLE_UNAVAILABLE -DXcode -plugin-path /Applications/Xcode.app/Contents/Developer/Toolchains/XcodeDefault.xctoolchain/usr/lib/swift/host/plugins/testing -enable-experimental-feature DebugDescriptionMacro -sdk /Applications/Xcode.app/Contents/Developer/Platforms/MacOSX.platform/Developer/SDKs/MacOSX26.1.sdk -target arm64-apple-macos10.15 -g -module-cache-path /Users/rogerlin/Library/Developer/Xcode/DerivedData/ModuleCache.noindex -Xfrontend -serialize-debugging-options -profile-coverage-mapping -profile-generate -enable-testing -suppress-warnings -index-store-path /Users/rogerlin/Library/Developer/Xcode/DerivedData/FinancialCalculatorKit-ackorybalcxbfocbkqsfdzcfkgmn/Index.noindex/DataStore -Xcc -D_LIBCPP_HARDENING_MODE\=_LIBCPP_HARDENING_MODE_DEBUG -swift-version 6 -I /Users/rogerlin/Library/Developer/Xcode/DerivedData/FinancialCalculatorKit-ackorybalcxbfocbkqsfdzcfkgmn/Build/Products/Debug -Isystem /Applications/Xcode.app/Contents/Developer/Platforms/MacOSX.platform/Developer/usr/lib -F /Users/rogerlin/Library/Developer/Xcode/DerivedData/FinancialCalculatorKit-ackorybalcxbfocbkqsfdzcfkgmn/Build/Products/Debug/PackageFrameworks -F /Users/rogerlin/Library/Developer/Xcode/DerivedData/FinancialCalculatorKit-ackorybalcxbfocbkqsfdzcfkgmn/Build/Products/Debug/PackageFrameworks -F /Users/rogerlin/Library/Developer/Xcode/DerivedData/FinancialCalculatorKit-ackorybalcxbfocbkqsfdzcfkgmn/Build/Products/Debug/PackageFrameworks -F /Users/rogerlin/Library/Developer/Xcode/DerivedData/FinancialCalculatorKit-ackorybalcxbfocbkqsfdzcfkgmn/Build/Products/Debug -F /Applications/Xcode.app/Contents/Developer/Platforms/MacOSX.platform/Developer/Library/Frameworks -Xfrontend -load-plugin-executable -Xfrontend /Users/rogerlin/Library/Developer/Xcode/DerivedData/FinancialCalculatorKit-ackorybalcxbfocbkqsfdzcfkgmn/Build/Products/Debug/CasePathsMacros\#CasePathsMacros -c -j16 -enable-batch-mode -incremental -Xcc -ivfsstatcache -Xcc /Users/rogerlin/Library/Developer/Xcode/DerivedData/SDKStatCaches.noindex/macosx26.1-25B74-3ae1261907bdadc328169391a47051a6.sdkstatcache -output-file-map /Users/rogerlin/Library/Developer/Xcode/DerivedData/FinancialCalculatorKit-ackorybalcxbfocbkqsfdzcfkgmn/Build/Intermediates.noindex/swift-case-paths.build/Debug/CasePaths.build/Objects-normal/arm64/CasePaths-OutputFileMap.json -use-frontend-parseable-output -save-temps -no-color-diagnostics -explicit-module-build -module-cache-path /Users/rogerlin/Library/Developer/Xcode/DerivedData/FinancialCalculatorKit-ackorybalcxbfocbkqsfdzcfkgmn/Build/Intermediates.noindex/SwiftExplicitPrecompiledModules -clang-scanner-module-cache-path /Users/rogerlin/Library/Developer/Xcode/DerivedData/ModuleCache.noindex -sdk-module-cache-path /Users/rogerlin/Library/Developer/Xcode/DerivedData/ModuleCache.noindex -serialize-diagnostics -emit-dependencies -emit-module -emit-module-path /Users/rogerlin/Library/Developer/Xcode/DerivedData/FinancialCalculatorKit-ackorybalcxbfocbkqsfdzcfkgmn/Build/Intermediates.noindex/swift-case-paths.build/Debug/CasePaths.build/Objects-normal/arm64/CasePaths.swiftmodule -user-module-version 1.7.0 -validate-clang-modules-once -clang-build-session-file /Users/rogerlin/Library/Developer/Xcode/DerivedData/ModuleCache.noindex/Session.modulevalidation -package-name swift_case_paths -Xcc -I/Users/rogerlin/Library/Developer/Xcode/DerivedData/FinancialCalculatorKit-ackorybalcxbfocbkqsfdzcfkgmn/Build/Intermediates.noindex/swift-case-paths.build/Debug/CasePaths.build/swift-overrides.hmap -emit-const-values -Xfrontend -const-gather-protocols-file -Xfrontend /Users/rogerlin/Library/Developer/Xcode/DerivedData/FinancialCalculatorKit-ackorybalcxbfocbkqsfdzcfkgmn/Build/Intermediates.noindex/swift-case-paths.build/Debug/CasePaths.build/Objects-normal/arm64/CasePaths_const_extract_protocols.json -Xcc -I/Users/rogerlin/Library/Developer/Xcode/DerivedData/FinancialCalculatorKit-ackorybalcxbfocbkqsfdzcfkgmn/Build/Products/Debug/include -Xcc -I/Users/rogerlin/Library/Developer/Xcode/DerivedData/FinancialCalculatorKit-ackorybalcxbfocbkqsfdzcfkgmn/Build/Intermediates.noindex/swift-case-paths.build/Debug/CasePaths.build/DerivedSources-normal/arm64 -Xcc -I/Users/rogerlin/Library/Developer/Xcode/DerivedData/FinancialCalculatorKit-ackorybalcxbfocbkqsfdzcfkgmn/Build/Intermediates.noindex/swift-case-paths.build/Debug/CasePaths.build/DerivedSources/arm64 -Xcc -I/Users/rogerlin/Library/Developer/Xcode/DerivedData/FinancialCalculatorKit-ackorybalcxbfocbkqsfdzcfkgmn/Build/Intermediates.noindex/swift-case-paths.build/Debug/CasePaths.build/DerivedSources -Xcc -DSWIFT_PACKAGE -Xcc -DDEBUG\=1 -emit-objc-header -emit-objc-header-path /Users/rogerlin/Library/Developer/Xcode/DerivedData/FinancialCalculatorKit-ackorybalcxbfocbkqsfdzcfkgmn/Build/Intermediates.noindex/swift-case-paths.build/Debug/CasePaths.build/Objects-normal/arm64/CasePaths-Swift.h -working-directory /Users/rogerlin/XCode-Projects/FinancialCalculatorKit-5.0-updated-accent-colors/FinancialCalculatorKit.xcodeproj -experimental-emit-module-separately -disable-cmo

    Task input dependencies:

    Task output dependencies:
note: Swift Driver planned jobs for target CasePaths (arm64-normal):
	Explicit Modules:

	Compilation Requirements:
		<PlannedSwiftDriverJob [target(0)]:EmitModule CasePaths dependencies=[]>
	Compilation:
		<PlannedSwiftDriverJob [target(1)]:Compile CasePaths EnumReflection.swift dependencies=[]>
		<PlannedSwiftDriverJob [target(2)]:Compile CasePaths Deprecations.swift dependencies=[]>
		<PlannedSwiftDriverJob [target(3)]:Compile CasePaths Exports.swift dependencies=[]>
		<PlannedSwiftDriverJob [target(4)]:Compile CasePaths LockIsolated.swift dependencies=[]>
		<PlannedSwiftDriverJob [target(5)]:Compile CasePaths Macros.swift dependencies=[]>
		<PlannedSwiftDriverJob [target(6)]:Compile CasePaths XCTestSupport.swift dependencies=[]>
	After Compilation:

	Verification:
 (in target 'CasePaths' from project 'swift-case-paths')

SwiftDriverJobDiscovery normal arm64 Compiling HashableCGRect.swift, HashableCGSize.swift (in target 'LaTeXSwiftUI' from project 'LaTeXSwiftUI')

RegisterExecutionPolicyException /Users/rogerlin/Library/Developer/Xcode/DerivedData/FinancialCalculatorKit-ackorybalcxbfocbkqsfdzcfkgmn/Build/Products/Debug/XCTestDynamicOverlay.o (in target 'XCTestDynamicOverlay' from project 'xctest-dynamic-overlay')
    cd /Users/rogerlin/Library/Developer/Xcode/DerivedData/FinancialCalculatorKit-ackorybalcxbfocbkqsfdzcfkgmn/SourcePackages/checkouts/xctest-dynamic-overlay
    builtin-RegisterExecutionPolicyException /Users/rogerlin/Library/Developer/Xcode/DerivedData/FinancialCalculatorKit-ackorybalcxbfocbkqsfdzcfkgmn/Build/Products/Debug/XCTestDynamicOverlay.o

    Task input dependencies:
        /Users/rogerlin/Library/Developer/Xcode/DerivedData/FinancialCalculatorKit-ackorybalcxbfocbkqsfdzcfkgmn/Build/Products/Debug/XCTestDynamicOverlay.o

    Task output dependencies:

SwiftDriverJobDiscovery normal arm64 Compiling Optional+CasePathable.swift (in target 'CasePathsCore' from project 'swift-case-paths')

RegisterExecutionPolicyException /Users/rogerlin/Library/Developer/Xcode/DerivedData/FinancialCalculatorKit-ackorybalcxbfocbkqsfdzcfkgmn/Build/Products/Debug/Numerics.o (in target 'Numerics' from project 'swift-numerics')
    cd /Users/rogerlin/Library/Developer/Xcode/DerivedData/FinancialCalculatorKit-ackorybalcxbfocbkqsfdzcfkgmn/SourcePackages/checkouts/swift-numerics
    builtin-RegisterExecutionPolicyException /Users/rogerlin/Library/Developer/Xcode/DerivedData/FinancialCalculatorKit-ackorybalcxbfocbkqsfdzcfkgmn/Build/Products/Debug/Numerics.o

    Task input dependencies:
        /Users/rogerlin/Library/Developer/Xcode/DerivedData/FinancialCalculatorKit-ackorybalcxbfocbkqsfdzcfkgmn/Build/Products/Debug/Numerics.o

    Task output dependencies:

RegisterExecutionPolicyException /Users/rogerlin/Library/Developer/Xcode/DerivedData/FinancialCalculatorKit-ackorybalcxbfocbkqsfdzcfkgmn/Build/Products/Debug/BigInt.o (in target 'BigInt' from project 'BigInt')
    cd /Users/rogerlin/Library/Developer/Xcode/DerivedData/FinancialCalculatorKit-ackorybalcxbfocbkqsfdzcfkgmn/SourcePackages/checkouts/BigInt
    builtin-RegisterExecutionPolicyException /Users/rogerlin/Library/Developer/Xcode/DerivedData/FinancialCalculatorKit-ackorybalcxbfocbkqsfdzcfkgmn/Build/Products/Debug/BigInt.o

    Task input dependencies:
        /Users/rogerlin/Library/Developer/Xcode/DerivedData/FinancialCalculatorKit-ackorybalcxbfocbkqsfdzcfkgmn/Build/Products/Debug/BigInt.o

    Task output dependencies:

SwiftDriverJobDiscovery normal arm64 Compiling LaTeX_Previews+Numbers.swift, LaTeX_Previews+Special.swift (in target 'LaTeXSwiftUI' from project 'LaTeXSwiftUI')

SwiftDriverJobDiscovery normal arm64 Compiling Renderer.swift, SVG.swift (in target 'LaTeXSwiftUI' from project 'LaTeXSwiftUI')

SwiftDriverJobDiscovery normal arm64 Compiling CasePathable.swift (in target 'CasePathsCore' from project 'swift-case-paths')

SwiftDriverJobDiscovery normal arm64 Compiling AnyCasePath.swift (in target 'CasePathsCore' from project 'swift-case-paths')

SwiftDriverJobDiscovery normal arm64 Compiling CasePathIterable.swift (in target 'CasePathsCore' from project 'swift-case-paths')

SwiftDriver\ Compilation CasePathsCore normal arm64 com.apple.xcode.tools.swift.compiler (in target 'CasePathsCore' from project 'swift-case-paths')
    cd /Users/rogerlin/XCode-Projects/FinancialCalculatorKit-5.0-updated-accent-colors/FinancialCalculatorKit.xcodeproj
    builtin-Swift-Compilation -- /Applications/Xcode.app/Contents/Developer/Toolchains/XcodeDefault.xctoolchain/usr/bin/swiftc -module-name CasePathsCore -Onone -enforce-exclusivity\=checked @/Users/rogerlin/Library/Developer/Xcode/DerivedData/FinancialCalculatorKit-ackorybalcxbfocbkqsfdzcfkgmn/Build/Intermediates.noindex/swift-case-paths.build/Debug/CasePathsCore.build/Objects-normal/arm64/CasePathsCore.SwiftFileList -DSWIFT_PACKAGE -DDEBUG -DSWIFT_MODULE_RESOURCE_BUNDLE_UNAVAILABLE -DXcode -plugin-path /Applications/Xcode.app/Contents/Developer/Toolchains/XcodeDefault.xctoolchain/usr/lib/swift/host/plugins/testing -enable-experimental-feature DebugDescriptionMacro -sdk /Applications/Xcode.app/Contents/Developer/Platforms/MacOSX.platform/Developer/SDKs/MacOSX26.1.sdk -target arm64-apple-macos10.15 -g -module-cache-path /Users/rogerlin/Library/Developer/Xcode/DerivedData/ModuleCache.noindex -Xfrontend -serialize-debugging-options -profile-coverage-mapping -profile-generate -enable-testing -suppress-warnings -index-store-path /Users/rogerlin/Library/Developer/Xcode/DerivedData/FinancialCalculatorKit-ackorybalcxbfocbkqsfdzcfkgmn/Index.noindex/DataStore -Xcc -D_LIBCPP_HARDENING_MODE\=_LIBCPP_HARDENING_MODE_DEBUG -swift-version 6 -I /Users/rogerlin/Library/Developer/Xcode/DerivedData/FinancialCalculatorKit-ackorybalcxbfocbkqsfdzcfkgmn/Build/Products/Debug -Isystem /Applications/Xcode.app/Contents/Developer/Platforms/MacOSX.platform/Developer/usr/lib -F /Users/rogerlin/Library/Developer/Xcode/DerivedData/FinancialCalculatorKit-ackorybalcxbfocbkqsfdzcfkgmn/Build/Products/Debug/PackageFrameworks -F /Users/rogerlin/Library/Developer/Xcode/DerivedData/FinancialCalculatorKit-ackorybalcxbfocbkqsfdzcfkgmn/Build/Products/Debug/PackageFrameworks -F /Users/rogerlin/Library/Developer/Xcode/DerivedData/FinancialCalculatorKit-ackorybalcxbfocbkqsfdzcfkgmn/Build/Products/Debug -F /Applications/Xcode.app/Contents/Developer/Platforms/MacOSX.platform/Developer/Library/Frameworks -c -j16 -enable-batch-mode -incremental -Xcc -ivfsstatcache -Xcc /Users/rogerlin/Library/Developer/Xcode/DerivedData/SDKStatCaches.noindex/macosx26.1-25B74-3ae1261907bdadc328169391a47051a6.sdkstatcache -output-file-map /Users/rogerlin/Library/Developer/Xcode/DerivedData/FinancialCalculatorKit-ackorybalcxbfocbkqsfdzcfkgmn/Build/Intermediates.noindex/swift-case-paths.build/Debug/CasePathsCore.build/Objects-normal/arm64/CasePathsCore-OutputFileMap.json -use-frontend-parseable-output -save-temps -no-color-diagnostics -explicit-module-build -module-cache-path /Users/rogerlin/Library/Developer/Xcode/DerivedData/FinancialCalculatorKit-ackorybalcxbfocbkqsfdzcfkgmn/Build/Intermediates.noindex/SwiftExplicitPrecompiledModules -clang-scanner-module-cache-path /Users/rogerlin/Library/Developer/Xcode/DerivedData/ModuleCache.noindex -sdk-module-cache-path /Users/rogerlin/Library/Developer/Xcode/DerivedData/ModuleCache.noindex -serialize-diagnostics -emit-dependencies -emit-module -emit-module-path /Users/rogerlin/Library/Developer/Xcode/DerivedData/FinancialCalculatorKit-ackorybalcxbfocbkqsfdzcfkgmn/Build/Intermediates.noindex/swift-case-paths.build/Debug/CasePathsCore.build/Objects-normal/arm64/CasePathsCore.swiftmodule -user-module-version 1.7.0 -validate-clang-modules-once -clang-build-session-file /Users/rogerlin/Library/Developer/Xcode/DerivedData/ModuleCache.noindex/Session.modulevalidation -package-name swift_case_paths -Xcc -I/Users/rogerlin/Library/Developer/Xcode/DerivedData/FinancialCalculatorKit-ackorybalcxbfocbkqsfdzcfkgmn/Build/Intermediates.noindex/swift-case-paths.build/Debug/CasePathsCore.build/swift-overrides.hmap -emit-const-values -Xfrontend -const-gather-protocols-file -Xfrontend /Users/rogerlin/Library/Developer/Xcode/DerivedData/FinancialCalculatorKit-ackorybalcxbfocbkqsfdzcfkgmn/Build/Intermediates.noindex/swift-case-paths.build/Debug/CasePathsCore.build/Objects-normal/arm64/CasePathsCore_const_extract_protocols.json -Xcc -I/Users/rogerlin/Library/Developer/Xcode/DerivedData/FinancialCalculatorKit-ackorybalcxbfocbkqsfdzcfkgmn/Build/Products/Debug/include -Xcc -I/Users/rogerlin/Library/Developer/Xcode/DerivedData/FinancialCalculatorKit-ackorybalcxbfocbkqsfdzcfkgmn/Build/Intermediates.noindex/swift-case-paths.build/Debug/CasePathsCore.build/DerivedSources-normal/arm64 -Xcc -I/Users/rogerlin/Library/Developer/Xcode/DerivedData/FinancialCalculatorKit-ackorybalcxbfocbkqsfdzcfkgmn/Build/Intermediates.noindex/swift-case-paths.build/Debug/CasePathsCore.build/DerivedSources/arm64 -Xcc -I/Users/rogerlin/Library/Developer/Xcode/DerivedData/FinancialCalculatorKit-ackorybalcxbfocbkqsfdzcfkgmn/Build/Intermediates.noindex/swift-case-paths.build/Debug/CasePathsCore.build/DerivedSources -Xcc -DSWIFT_PACKAGE -Xcc -DDEBUG\=1 -emit-objc-header -emit-objc-header-path /Users/rogerlin/Library/Developer/Xcode/DerivedData/FinancialCalculatorKit-ackorybalcxbfocbkqsfdzcfkgmn/Build/Intermediates.noindex/swift-case-paths.build/Debug/CasePathsCore.build/Objects-normal/arm64/CasePathsCore-Swift.h -working-directory /Users/rogerlin/XCode-Projects/FinancialCalculatorKit-5.0-updated-accent-colors/FinancialCalculatorKit.xcodeproj -experimental-emit-module-separately -disable-cmo

    Task input dependencies:
        /Users/rogerlin/Library/Developer/Xcode/DerivedData/FinancialCalculatorKit-ackorybalcxbfocbkqsfdzcfkgmn/SourcePackages/checkouts/swift-case-paths/Sources/CasePathsCore/AnyCasePath.swift
        /Users/rogerlin/Library/Developer/Xcode/DerivedData/FinancialCalculatorKit-ackorybalcxbfocbkqsfdzcfkgmn/SourcePackages/checkouts/swift-case-paths/Sources/CasePathsCore/CasePathIterable.swift
        /Users/rogerlin/Library/Developer/Xcode/DerivedData/FinancialCalculatorKit-ackorybalcxbfocbkqsfdzcfkgmn/SourcePackages/checkouts/swift-case-paths/Sources/CasePathsCore/CasePathReflectable.swift
        /Users/rogerlin/Library/Developer/Xcode/DerivedData/FinancialCalculatorKit-ackorybalcxbfocbkqsfdzcfkgmn/SourcePackages/checkouts/swift-case-paths/Sources/CasePathsCore/CasePathable.swift
        /Users/rogerlin/Library/Developer/Xcode/DerivedData/FinancialCalculatorKit-ackorybalcxbfocbkqsfdzcfkgmn/SourcePackages/checkouts/swift-case-paths/Sources/CasePathsCore/Internal/KeyPath+Sendable.swift
        /Users/rogerlin/Library/Developer/Xcode/DerivedData/FinancialCalculatorKit-ackorybalcxbfocbkqsfdzcfkgmn/SourcePackages/checkouts/swift-case-paths/Sources/CasePathsCore/Internal/TypeName.swift
        /Users/rogerlin/Library/Developer/Xcode/DerivedData/FinancialCalculatorKit-ackorybalcxbfocbkqsfdzcfkgmn/SourcePackages/checkouts/swift-case-paths/Sources/CasePathsCore/Internal/UncheckedSendable.swift
        /Users/rogerlin/Library/Developer/Xcode/DerivedData/FinancialCalculatorKit-ackorybalcxbfocbkqsfdzcfkgmn/SourcePackages/checkouts/swift-case-paths/Sources/CasePathsCore/Never+CasePathable.swift
        /Users/rogerlin/Library/Developer/Xcode/DerivedData/FinancialCalculatorKit-ackorybalcxbfocbkqsfdzcfkgmn/SourcePackages/checkouts/swift-case-paths/Sources/CasePathsCore/Optional+CasePathable.swift
        /Users/rogerlin/Library/Developer/Xcode/DerivedData/FinancialCalculatorKit-ackorybalcxbfocbkqsfdzcfkgmn/SourcePackages/checkouts/swift-case-paths/Sources/CasePathsCore/Result+CasePathable.swift
        /Users/rogerlin/Library/Developer/Xcode/DerivedData/FinancialCalculatorKit-ackorybalcxbfocbkqsfdzcfkgmn/Build/Intermediates.noindex/swift-case-paths.build/Debug/CasePathsCore.build/Objects-normal/arm64/CasePathsCore.SwiftFileList
        /Users/rogerlin/Library/Developer/Xcode/DerivedData/FinancialCalculatorKit-ackorybalcxbfocbkqsfdzcfkgmn/Build/Intermediates.noindex/swift-case-paths.build/Debug/CasePathsCore.build/Objects-normal/arm64/CasePathsCore-OutputFileMap.json
        /Users/rogerlin/Library/Developer/Xcode/DerivedData/FinancialCalculatorKit-ackorybalcxbfocbkqsfdzcfkgmn/Build/Intermediates.noindex/swift-case-paths.build/Debug/CasePathsCore.build/Objects-normal/arm64/CasePathsCore_const_extract_protocols.json
        /Users/rogerlin/Library/Developer/Xcode/DerivedData/FinancialCalculatorKit-ackorybalcxbfocbkqsfdzcfkgmn/Build/Intermediates.noindex/GeneratedModuleMaps/CasePathsCore.modulemap
        /Users/rogerlin/Library/Developer/Xcode/DerivedData/FinancialCalculatorKit-ackorybalcxbfocbkqsfdzcfkgmn/SourcePackages/checkouts/swift-case-paths/Sources/CasePathsCore/AnyCasePath.swift
        /Users/rogerlin/Library/Developer/Xcode/DerivedData/FinancialCalculatorKit-ackorybalcxbfocbkqsfdzcfkgmn/SourcePackages/checkouts/swift-case-paths/Sources/CasePathsCore/CasePathIterable.swift
        /Users/rogerlin/Library/Developer/Xcode/DerivedData/FinancialCalculatorKit-ackorybalcxbfocbkqsfdzcfkgmn/SourcePackages/checkouts/swift-case-paths/Sources/CasePathsCore/CasePathReflectable.swift
        /Users/rogerlin/Library/Developer/Xcode/DerivedData/FinancialCalculatorKit-ackorybalcxbfocbkqsfdzcfkgmn/SourcePackages/checkouts/swift-case-paths/Sources/CasePathsCore/CasePathable.swift
        /Users/rogerlin/Library/Developer/Xcode/DerivedData/FinancialCalculatorKit-ackorybalcxbfocbkqsfdzcfkgmn/SourcePackages/checkouts/swift-case-paths/Sources/CasePathsCore/Internal/KeyPath+Sendable.swift
        /Users/rogerlin/Library/Developer/Xcode/DerivedData/FinancialCalculatorKit-ackorybalcxbfocbkqsfdzcfkgmn/SourcePackages/checkouts/swift-case-paths/Sources/CasePathsCore/Internal/TypeName.swift
        /Users/rogerlin/Library/Developer/Xcode/DerivedData/FinancialCalculatorKit-ackorybalcxbfocbkqsfdzcfkgmn/SourcePackages/checkouts/swift-case-paths/Sources/CasePathsCore/Internal/UncheckedSendable.swift
        /Users/rogerlin/Library/Developer/Xcode/DerivedData/FinancialCalculatorKit-ackorybalcxbfocbkqsfdzcfkgmn/SourcePackages/checkouts/swift-case-paths/Sources/CasePathsCore/Never+CasePathable.swift
        /Users/rogerlin/Library/Developer/Xcode/DerivedData/FinancialCalculatorKit-ackorybalcxbfocbkqsfdzcfkgmn/SourcePackages/checkouts/swift-case-paths/Sources/CasePathsCore/Optional+CasePathable.swift
        /Users/rogerlin/Library/Developer/Xcode/DerivedData/FinancialCalculatorKit-ackorybalcxbfocbkqsfdzcfkgmn/SourcePackages/checkouts/swift-case-paths/Sources/CasePathsCore/Result+CasePathable.swift
        /Users/rogerlin/Library/Developer/Xcode/DerivedData/FinancialCalculatorKit-ackorybalcxbfocbkqsfdzcfkgmn/Build/Intermediates.noindex/swift-case-paths.build/Debug/CasePathsCore.build/Objects-normal/arm64/CasePathsCore.SwiftFileList
        /Users/rogerlin/Library/Developer/Xcode/DerivedData/FinancialCalculatorKit-ackorybalcxbfocbkqsfdzcfkgmn/Build/Intermediates.noindex/swift-case-paths.build/Debug/CasePathsCore.build/Objects-normal/arm64/CasePathsCore-OutputFileMap.json
        /Users/rogerlin/Library/Developer/Xcode/DerivedData/FinancialCalculatorKit-ackorybalcxbfocbkqsfdzcfkgmn/Build/Intermediates.noindex/swift-case-paths.build/Debug/CasePathsCore.build/Objects-normal/arm64/CasePathsCore_const_extract_protocols.json
        /Users/rogerlin/Library/Developer/Xcode/DerivedData/FinancialCalculatorKit-ackorybalcxbfocbkqsfdzcfkgmn/Build/Intermediates.noindex/GeneratedModuleMaps/CasePathsCore.modulemap
        <ClangStatCache /Users/rogerlin/Library/Developer/Xcode/DerivedData/SDKStatCaches.noindex/macosx26.1-25B74-3ae1261907bdadc328169391a47051a6.sdkstatcache>
        <target-CasePathsCore-PACKAGE-TARGET:CasePathsCore-SDKROOT:macosx:SDK_VARIANT:macos-generated-headers>
        <target-CasePathsCore-PACKAGE-TARGET:CasePathsCore-SDKROOT:macosx:SDK_VARIANT:macos-copy-headers-completion>
        <target-CasePathsCore-PACKAGE-TARGET:CasePathsCore-SDKROOT:macosx:SDK_VARIANT:macos-ModuleVerifierTaskProducer>
        <target-CasePathsCore-PACKAGE-TARGET:CasePathsCore-SDKROOT:macosx:SDK_VARIANT:macos-begin-compiling>
        <WorkspaceHeaderMapVFSFilesWritten>

    Task output dependencies:
        /Users/rogerlin/Library/Developer/Xcode/DerivedData/FinancialCalculatorKit-ackorybalcxbfocbkqsfdzcfkgmn/Build/Intermediates.noindex/swift-case-paths.build/Debug/CasePathsCore.build/Objects-normal/arm64/CasePathsCore Swift Compilation Finished
        /Users/rogerlin/Library/Developer/Xcode/DerivedData/FinancialCalculatorKit-ackorybalcxbfocbkqsfdzcfkgmn/Build/Intermediates.noindex/swift-case-paths.build/Debug/CasePathsCore.build/Objects-normal/arm64/AnyCasePath.o
        /Users/rogerlin/Library/Developer/Xcode/DerivedData/FinancialCalculatorKit-ackorybalcxbfocbkqsfdzcfkgmn/Build/Intermediates.noindex/swift-case-paths.build/Debug/CasePathsCore.build/Objects-normal/arm64/CasePathIterable.o
        /Users/rogerlin/Library/Developer/Xcode/DerivedData/FinancialCalculatorKit-ackorybalcxbfocbkqsfdzcfkgmn/Build/Intermediates.noindex/swift-case-paths.build/Debug/CasePathsCore.build/Objects-normal/arm64/CasePathReflectable.o
        /Users/rogerlin/Library/Developer/Xcode/DerivedData/FinancialCalculatorKit-ackorybalcxbfocbkqsfdzcfkgmn/Build/Intermediates.noindex/swift-case-paths.build/Debug/CasePathsCore.build/Objects-normal/arm64/CasePathable.o
        /Users/rogerlin/Library/Developer/Xcode/DerivedData/FinancialCalculatorKit-ackorybalcxbfocbkqsfdzcfkgmn/Build/Intermediates.noindex/swift-case-paths.build/Debug/CasePathsCore.build/Objects-normal/arm64/KeyPath+Sendable.o
        /Users/rogerlin/Library/Developer/Xcode/DerivedData/FinancialCalculatorKit-ackorybalcxbfocbkqsfdzcfkgmn/Build/Intermediates.noindex/swift-case-paths.build/Debug/CasePathsCore.build/Objects-normal/arm64/TypeName.o
        /Users/rogerlin/Library/Developer/Xcode/DerivedData/FinancialCalculatorKit-ackorybalcxbfocbkqsfdzcfkgmn/Build/Intermediates.noindex/swift-case-paths.build/Debug/CasePathsCore.build/Objects-normal/arm64/UncheckedSendable.o
        /Users/rogerlin/Library/Developer/Xcode/DerivedData/FinancialCalculatorKit-ackorybalcxbfocbkqsfdzcfkgmn/Build/Intermediates.noindex/swift-case-paths.build/Debug/CasePathsCore.build/Objects-normal/arm64/Never+CasePathable.o
        /Users/rogerlin/Library/Developer/Xcode/DerivedData/FinancialCalculatorKit-ackorybalcxbfocbkqsfdzcfkgmn/Build/Intermediates.noindex/swift-case-paths.build/Debug/CasePathsCore.build/Objects-normal/arm64/Optional+CasePathable.o
        /Users/rogerlin/Library/Developer/Xcode/DerivedData/FinancialCalculatorKit-ackorybalcxbfocbkqsfdzcfkgmn/Build/Intermediates.noindex/swift-case-paths.build/Debug/CasePathsCore.build/Objects-normal/arm64/Result+CasePathable.o
        /Users/rogerlin/Library/Developer/Xcode/DerivedData/FinancialCalculatorKit-ackorybalcxbfocbkqsfdzcfkgmn/Build/Intermediates.noindex/swift-case-paths.build/Debug/CasePathsCore.build/Objects-normal/arm64/AnyCasePath.swiftconstvalues
        /Users/rogerlin/Library/Developer/Xcode/DerivedData/FinancialCalculatorKit-ackorybalcxbfocbkqsfdzcfkgmn/Build/Intermediates.noindex/swift-case-paths.build/Debug/CasePathsCore.build/Objects-normal/arm64/CasePathIterable.swiftconstvalues
        /Users/rogerlin/Library/Developer/Xcode/DerivedData/FinancialCalculatorKit-ackorybalcxbfocbkqsfdzcfkgmn/Build/Intermediates.noindex/swift-case-paths.build/Debug/CasePathsCore.build/Objects-normal/arm64/CasePathReflectable.swiftconstvalues
        /Users/rogerlin/Library/Developer/Xcode/DerivedData/FinancialCalculatorKit-ackorybalcxbfocbkqsfdzcfkgmn/Build/Intermediates.noindex/swift-case-paths.build/Debug/CasePathsCore.build/Objects-normal/arm64/CasePathable.swiftconstvalues
        /Users/rogerlin/Library/Developer/Xcode/DerivedData/FinancialCalculatorKit-ackorybalcxbfocbkqsfdzcfkgmn/Build/Intermediates.noindex/swift-case-paths.build/Debug/CasePathsCore.build/Objects-normal/arm64/KeyPath+Sendable.swiftconstvalues
        /Users/rogerlin/Library/Developer/Xcode/DerivedData/FinancialCalculatorKit-ackorybalcxbfocbkqsfdzcfkgmn/Build/Intermediates.noindex/swift-case-paths.build/Debug/CasePathsCore.build/Objects-normal/arm64/TypeName.swiftconstvalues
        /Users/rogerlin/Library/Developer/Xcode/DerivedData/FinancialCalculatorKit-ackorybalcxbfocbkqsfdzcfkgmn/Build/Intermediates.noindex/swift-case-paths.build/Debug/CasePathsCore.build/Objects-normal/arm64/UncheckedSendable.swiftconstvalues
        /Users/rogerlin/Library/Developer/Xcode/DerivedData/FinancialCalculatorKit-ackorybalcxbfocbkqsfdzcfkgmn/Build/Intermediates.noindex/swift-case-paths.build/Debug/CasePathsCore.build/Objects-normal/arm64/Never+CasePathable.swiftconstvalues
        /Users/rogerlin/Library/Developer/Xcode/DerivedData/FinancialCalculatorKit-ackorybalcxbfocbkqsfdzcfkgmn/Build/Intermediates.noindex/swift-case-paths.build/Debug/CasePathsCore.build/Objects-normal/arm64/Optional+CasePathable.swiftconstvalues
        /Users/rogerlin/Library/Developer/Xcode/DerivedData/FinancialCalculatorKit-ackorybalcxbfocbkqsfdzcfkgmn/Build/Intermediates.noindex/swift-case-paths.build/Debug/CasePathsCore.build/Objects-normal/arm64/Result+CasePathable.swiftconstvalues
Discovered dependency nodes:
/Applications/Xcode.app/Contents/Developer/Platforms/MacOSX.platform/Developer/SDKs/MacOSX26.1.sdk/System/Library/Frameworks/CFNetwork.framework/Modules/module.modulemap
/Applications/Xcode.app/Contents/Developer/Platforms/MacOSX.platform/Developer/SDKs/MacOSX26.1.sdk/System/Library/Frameworks/CFNetwork.framework/Headers/CFNetwork.h
/Applications/Xcode.app/Contents/Developer/Platforms/MacOSX.platform/Developer/SDKs/MacOSX26.1.sdk/System/Library/Frameworks/CoreFoundation.framework/Modules/module.modulemap
/Applications/Xcode.app/Contents/Developer/Platforms/MacOSX.platform/Developer/SDKs/MacOSX26.1.sdk/System/Library/Frameworks/CFNetwork.framework/Headers/CFNetworkDefs.h
/Applications/Xcode.app/Contents/Developer/Platforms/MacOSX.platform/Developer/SDKs/MacOSX26.1.sdk/usr/include/Darwin.modulemap
/Applications/Xcode.app/Contents/Developer/Platforms/MacOSX.platform/Developer/SDKs/MacOSX26.1.sdk/System/Library/Frameworks/CFNetwork.framework/Headers/CFNetworkErrors.h
/Applications/Xcode.app/Contents/Developer/Platforms/MacOSX.platform/Developer/SDKs/MacOSX26.1.sdk/System/Library/Frameworks/CFNetwork.framework/Headers/CFSocketStream.h
/Applications/Xcode.app/Contents/Developer/Platforms/MacOSX.platform/Developer/SDKs/MacOSX26.1.sdk/System/Library/Frameworks/CFNetwork.framework/Headers/CFHost.h
/Applications/Xcode.app/Contents/Developer/Platforms/MacOSX.platform/Developer/SDKs/MacOSX26.1.sdk/System/Library/Frameworks/CFNetwork.framework/Headers/CFNetServices.h
/Applications/Xcode.app/Contents/Developer/Platforms/MacOSX.platform/Developer/SDKs/MacOSX26.1.sdk/System/Library/Frameworks/CFNetwork.framework/Headers/CFFTPStream.h
/Applications/Xcode.app/Contents/Developer/Platforms/MacOSX.platform/Developer/SDKs/MacOSX26.1.sdk/System/Library/Frameworks/CFNetwork.framework/Headers/CFHTTPMessage.h
/Applications/Xcode.app/Contents/Developer/Platforms/MacOSX.platform/Developer/SDKs/MacOSX26.1.sdk/System/Library/Frameworks/CFNetwork.framework/Headers/CFHTTPStream.h
/Applications/Xcode.app/Contents/Developer/Platforms/MacOSX.platform/Developer/SDKs/MacOSX26.1.sdk/System/Library/Frameworks/CFNetwork.framework/Headers/CFHTTPAuthentication.h
/Applications/Xcode.app/Contents/Developer/Platforms/MacOSX.platform/Developer/SDKs/MacOSX26.1.sdk/System/Library/Frameworks/CFNetwork.framework/Headers/CFNetDiagnostics.h
/Applications/Xcode.app/Contents/Developer/Toolchains/XcodeDefault.xctoolchain/usr/lib/swift/clang/include/module.modulemap
/Applications/Xcode.app/Contents/Developer/Platforms/MacOSX.platform/Developer/SDKs/MacOSX26.1.sdk/System/Library/Frameworks/CFNetwork.framework/Headers/CFProxySupport.h
/Applications/Xcode.app/Contents/Developer/Platforms/MacOSX.platform/Developer/SDKs/MacOSX26.1.sdk/SDKSettings.json
/Applications/Xcode.app/Contents/Developer/Toolchains/XcodeDefault.xctoolchain/usr/lib/swift/macosx/prebuilt-modules/26.1/Combine.swiftmodule/arm64e-apple-macos.swiftmodule
/Applications/Xcode.app/Contents/Developer/Toolchains/XcodeDefault.xctoolchain/usr/lib/swift/macosx/prebuilt-modules/26.1/CoreFoundation.swiftmodule/arm64e-apple-macos.swiftmodule
/Applications/Xcode.app/Contents/Developer/Platforms/MacOSX.platform/Developer/SDKs/MacOSX26.1.sdk/System/Library/Frameworks/CoreFoundation.framework/Modules/module.modulemap
/Applications/Xcode.app/Contents/Developer/Platforms/MacOSX.platform/Developer/SDKs/MacOSX26.1.sdk/System/Library/Frameworks/CoreFoundation.framework/Headers/CoreFoundation.h
/Applications/Xcode.app/Contents/Developer/Platforms/MacOSX.platform/Developer/SDKs/MacOSX26.1.sdk/usr/include/dispatch.modulemap
/Applications/Xcode.app/Contents/Developer/Platforms/MacOSX.platform/Developer/SDKs/MacOSX26.1.sdk/usr/include/Darwin.modulemap
/Applications/Xcode.app/Contents/Developer/Platforms/MacOSX.platform/Developer/SDKs/MacOSX26.1.sdk/usr/include/Darwin_C.modulemap
/Applications/Xcode.app/Contents/Developer/Platforms/MacOSX.platform/Developer/SDKs/MacOSX26.1.sdk/usr/include/Darwin_POSIX.modulemap
/Applications/Xcode.app/Contents/Developer/Platforms/MacOSX.platform/Developer/SDKs/MacOSX26.1.sdk/usr/include/net.modulemap
/Applications/Xcode.app/Contents/Developer/Platforms/MacOSX.platform/Developer/SDKs/MacOSX26.1.sdk/usr/include/netinet.modulemap
/Applications/Xcode.app/Contents/Developer/Platforms/MacOSX.platform/Developer/SDKs/MacOSX26.1.sdk/usr/include/bank.modulemap
/Applications/Xcode.app/Contents/Developer/Platforms/MacOSX.platform/Developer/SDKs/MacOSX26.1.sdk/usr/include/Darwin_Mach.modulemap
/Applications/Xcode.app/Contents/Developer/Platforms/MacOSX.platform/Developer/SDKs/MacOSX26.1.sdk/usr/include/Darwin_Mach_machine.modulemap
/Applications/Xcode.app/Contents/Developer/Platforms/MacOSX.platform/Developer/SDKs/MacOSX26.1.sdk/usr/include/mach_debug.modulemap
/Applications/Xcode.app/Contents/Developer/Platforms/MacOSX.platform/Developer/SDKs/MacOSX26.1.sdk/usr/include/device.modulemap
/Applications/Xcode.app/Contents/Developer/Platforms/MacOSX.platform/Developer/SDKs/MacOSX26.1.sdk/usr/include/Darwin_machine.modulemap
/Applications/Xcode.app/Contents/Developer/Platforms/MacOSX.platform/Developer/SDKs/MacOSX26.1.sdk/usr/include/ncurses.modulemap
/Applications/Xcode.app/Contents/Developer/Platforms/MacOSX.platform/Developer/SDKs/MacOSX26.1.sdk/usr/include/netinet6.modulemap
/Applications/Xcode.app/Contents/Developer/Platforms/MacOSX.platform/Developer/SDKs/MacOSX26.1.sdk/usr/include/Darwin_sys.modulemap
/Applications/Xcode.app/Contents/Developer/Platforms/MacOSX.platform/Developer/SDKs/MacOSX26.1.sdk/usr/include/uuid.modulemap
/Applications/Xcode.app/Contents/Developer/Platforms/MacOSX.platform/Developer/SDKs/MacOSX26.1.sdk/usr/include/DarwinFoundation2.modulemap
/Applications/Xcode.app/Contents/Developer/Platforms/MacOSX.platform/Developer/SDKs/MacOSX26.1.sdk/usr/include/DarwinFoundation3.modulemap
/Applications/Xcode.app/Contents/Developer/Platforms/MacOSX.platform/Developer/SDKs/MacOSX26.1.sdk/usr/include/DarwinFoundation1.modulemap
/Applications/Xcode.app/Contents/Developer/Toolchains/XcodeDefault.xctoolchain/usr/lib/swift/clang/include/module.modulemap
/Applications/Xcode.app/Contents/Developer/Toolchains/XcodeDefault.xctoolchain/usr/lib/swift/clang/include/stdarg.h
/Applications/Xcode.app/Contents/Developer/Platforms/MacOSX.platform/Developer/SDKs/MacOSX26.1.sdk/usr/include/assert.h
/Applications/Xcode.app/Contents/Developer/Platforms/MacOSX.platform/Developer/SDKs/MacOSX26.1.sdk/usr/include/ctype.h
/Applications/Xcode.app/Contents/Developer/Toolchains/XcodeDefault.xctoolchain/usr/lib/swift/clang/include/stddef.h
/Applications/Xcode.app/Contents/Developer/Platforms/MacOSX.platform/Developer/SDKs/MacOSX26.1.sdk/usr/include/stdio.h
/Applications/Xcode.app/Contents/Developer/Platforms/MacOSX.platform/Developer/SDKs/MacOSX26.1.sdk/usr/include/stdlib.h
/Applications/Xcode.app/Contents/Developer/Platforms/MacOSX.platform/Developer/SDKs/MacOSX26.1.sdk/usr/include/string.h
/Applications/Xcode.app/Contents/Developer/Platforms/MacOSX.platform/Developer/SDKs/MacOSX26.1.sdk/usr/include/time.h
/Applications/Xcode.app/Contents/Developer/Platforms/MacOSX.platform/Developer/SDKs/MacOSX26.1.sdk/System/Library/Frameworks/CoreFoundation.framework/Headers/CFBase.h
/Applications/Xcode.app/Contents/Developer/Platforms/MacOSX.platform/Developer/SDKs/MacOSX26.1.sdk/System/Library/Frameworks/CoreFoundation.framework/Headers/CFAvailability.h
/Applications/Xcode.app/Contents/Developer/Platforms/MacOSX.platform/Developer/SDKs/MacOSX26.1.sdk/System/Library/Frameworks/CoreFoundation.framework/Headers/CFArray.h
/Applications/Xcode.app/Contents/Developer/Platforms/MacOSX.platform/Developer/SDKs/MacOSX26.1.sdk/System/Library/Frameworks/CoreFoundation.framework/Headers/CFBag.h
/Applications/Xcode.app/Contents/Developer/Platforms/MacOSX.platform/Developer/SDKs/MacOSX26.1.sdk/System/Library/Frameworks/CoreFoundation.framework/Headers/CFBinaryHeap.h
/Applications/Xcode.app/Contents/Developer/Platforms/MacOSX.platform/Developer/SDKs/MacOSX26.1.sdk/System/Library/Frameworks/CoreFoundation.framework/Headers/CFBitVector.h
/Applications/Xcode.app/Contents/Developer/Platforms/MacOSX.platform/Developer/SDKs/MacOSX26.1.sdk/System/Library/Frameworks/CoreFoundation.framework/Headers/CFByteOrder.h
/Applications/Xcode.app/Contents/Developer/Platforms/MacOSX.platform/Developer/SDKs/MacOSX26.1.sdk/System/Library/Frameworks/CoreFoundation.framework/Headers/CFCalendar.h
/Applications/Xcode.app/Contents/Developer/Platforms/MacOSX.platform/Developer/SDKs/MacOSX26.1.sdk/System/Library/Frameworks/CoreFoundation.framework/Headers/CFLocale.h
/Applications/Xcode.app/Contents/Developer/Platforms/MacOSX.platform/Developer/SDKs/MacOSX26.1.sdk/System/Library/Frameworks/CoreFoundation.framework/Headers/CFDictionary.h
/Applications/Xcode.app/Contents/Developer/Platforms/MacOSX.platform/Developer/SDKs/MacOSX26.1.sdk/System/Library/Frameworks/CoreFoundation.framework/Headers/CFNotificationCenter.h
/Applications/Xcode.app/Contents/Developer/Platforms/MacOSX.platform/Developer/SDKs/MacOSX26.1.sdk/System/Library/Frameworks/CoreFoundation.framework/Headers/CFDate.h
/Applications/Xcode.app/Contents/Developer/Platforms/MacOSX.platform/Developer/SDKs/MacOSX26.1.sdk/System/Library/Frameworks/CoreFoundation.framework/Headers/CFTimeZone.h
/Applications/Xcode.app/Contents/Developer/Platforms/MacOSX.platform/Developer/SDKs/MacOSX26.1.sdk/System/Library/Frameworks/CoreFoundation.framework/Headers/CFData.h
/Applications/Xcode.app/Contents/Developer/Platforms/MacOSX.platform/Developer/SDKs/MacOSX26.1.sdk/System/Library/Frameworks/CoreFoundation.framework/Headers/CFString.h
/Applications/Xcode.app/Contents/Developer/Platforms/MacOSX.platform/Developer/SDKs/MacOSX26.1.sdk/System/Library/Frameworks/CoreFoundation.framework/Headers/CFCharacterSet.h
/Applications/Xcode.app/Contents/Developer/Platforms/MacOSX.platform/Developer/SDKs/MacOSX26.1.sdk/System/Library/Frameworks/CoreFoundation.framework/Headers/CFError.h
/Applications/Xcode.app/Contents/Developer/Platforms/MacOSX.platform/Developer/SDKs/MacOSX26.1.sdk/System/Library/Frameworks/CoreFoundation.framework/Headers/CFCGTypes.h
/Applications/Xcode.app/Contents/Developer/Platforms/MacOSX.platform/Developer/SDKs/MacOSX26.1.sdk/System/Library/Frameworks/CoreFoundation.framework/Headers/CFDateFormatter.h
/Applications/Xcode.app/Contents/Developer/Platforms/MacOSX.platform/Developer/SDKs/MacOSX26.1.sdk/System/Library/Frameworks/CoreFoundation.framework/Headers/CFNumber.h
/Applications/Xcode.app/Contents/Developer/Platforms/MacOSX.platform/Developer/SDKs/MacOSX26.1.sdk/System/Library/Frameworks/CoreFoundation.framework/Headers/CFNumberFormatter.h
/Applications/Xcode.app/Contents/Developer/Platforms/MacOSX.platform/Developer/SDKs/MacOSX26.1.sdk/System/Library/Frameworks/CoreFoundation.framework/Headers/CFPreferences.h
/Applications/Xcode.app/Contents/Developer/Platforms/MacOSX.platform/Developer/SDKs/MacOSX26.1.sdk/System/Library/Frameworks/CoreFoundation.framework/Headers/CFPropertyList.h
/Applications/Xcode.app/Contents/Developer/Platforms/MacOSX.platform/Developer/SDKs/MacOSX26.1.sdk/System/Library/Frameworks/CoreFoundation.framework/Headers/CFStream.h
/Applications/Xcode.app/Contents/Developer/Platforms/MacOSX.platform/Developer/SDKs/MacOSX26.1.sdk/System/Library/Frameworks/CoreFoundation.framework/Headers/CFURL.h
/Applications/Xcode.app/Contents/Developer/Platforms/MacOSX.platform/Developer/SDKs/MacOSX26.1.sdk/System/Library/Frameworks/CoreFoundation.framework/Headers/CFRunLoop.h
/Applications/Xcode.app/Contents/Developer/Platforms/MacOSX.platform/Developer/SDKs/MacOSX26.1.sdk/System/Library/Frameworks/CoreFoundation.framework/Headers/CFSocket.h
/Applications/Xcode.app/Contents/Developer/Platforms/MacOSX.platform/Developer/SDKs/MacOSX26.1.sdk/System/Library/Frameworks/CoreFoundation.framework/Headers/CFSet.h
/Applications/Xcode.app/Contents/Developer/Platforms/MacOSX.platform/Developer/SDKs/MacOSX26.1.sdk/System/Library/Frameworks/CoreFoundation.framework/Headers/CFStringEncodingExt.h
/Applications/Xcode.app/Contents/Developer/Platforms/MacOSX.platform/Developer/SDKs/MacOSX26.1.sdk/System/Library/Frameworks/CoreFoundation.framework/Headers/CFTree.h
/Applications/Xcode.app/Contents/Developer/Platforms/MacOSX.platform/Developer/SDKs/MacOSX26.1.sdk/System/Library/Frameworks/CoreFoundation.framework/Headers/CFURLAccess.h
/Applications/Xcode.app/Contents/Developer/Platforms/MacOSX.platform/Developer/SDKs/MacOSX26.1.sdk/System/Library/Frameworks/CoreFoundation.framework/Headers/CFUUID.h
/Applications/Xcode.app/Contents/Developer/Platforms/MacOSX.platform/Developer/SDKs/MacOSX26.1.sdk/System/Library/Frameworks/CoreFoundation.framework/Headers/CFUtilities.h
/Applications/Xcode.app/Contents/Developer/Platforms/MacOSX.platform/Developer/SDKs/MacOSX26.1.sdk/System/Library/Frameworks/CoreFoundation.framework/Headers/CFBundle.h
/Applications/Xcode.app/Contents/Developer/Platforms/MacOSX.platform/Developer/SDKs/MacOSX26.1.sdk/System/Library/Frameworks/CoreFoundation.framework/Headers/CFMessagePort.h
/Applications/Xcode.app/Contents/Developer/Platforms/MacOSX.platform/Developer/SDKs/MacOSX26.1.sdk/System/Library/Frameworks/CoreFoundation.framework/Headers/CFPlugIn.h
/Applications/Xcode.app/Contents/Developer/Platforms/MacOSX.platform/Developer/SDKs/MacOSX26.1.sdk/System/Library/Frameworks/CoreFoundation.framework/Headers/CFMachPort.h
/Applications/Xcode.app/Contents/Developer/Platforms/MacOSX.platform/Developer/SDKs/MacOSX26.1.sdk/System/Library/Frameworks/CoreFoundation.framework/Headers/CFAttributedString.h
/Applications/Xcode.app/Contents/Developer/Platforms/MacOSX.platform/Developer/SDKs/MacOSX26.1.sdk/System/Library/Frameworks/CoreFoundation.framework/Headers/CFURLEnumerator.h
/Applications/Xcode.app/Contents/Developer/Platforms/MacOSX.platform/Developer/SDKs/MacOSX26.1.sdk/System/Library/Frameworks/CoreFoundation.framework/Headers/CFFileSecurity.h
/Applications/Xcode.app/Contents/Developer/Platforms/MacOSX.platform/Developer/SDKs/MacOSX26.1.sdk/System/Library/Frameworks/CoreFoundation.framework/Headers/CFStringTokenizer.h
/Applications/Xcode.app/Contents/Developer/Platforms/MacOSX.platform/Developer/SDKs/MacOSX26.1.sdk/System/Library/Frameworks/CoreFoundation.framework/Headers/CFFileDescriptor.h
/Applications/Xcode.app/Contents/Developer/Platforms/MacOSX.platform/Developer/SDKs/MacOSX26.1.sdk/System/Library/Frameworks/CoreFoundation.framework/Headers/CFUserNotification.h
/Applications/Xcode.app/Contents/Developer/Platforms/MacOSX.platform/Developer/SDKs/MacOSX26.1.sdk/System/Library/Frameworks/CoreFoundation.framework/Headers/CFXMLNode.h
/Applications/Xcode.app/Contents/Developer/Platforms/MacOSX.platform/Developer/SDKs/MacOSX26.1.sdk/System/Library/Frameworks/CoreFoundation.framework/Headers/CFXMLParser.h
/Applications/Xcode.app/Contents/Developer/Platforms/MacOSX.platform/Developer/SDKs/MacOSX26.1.sdk/System/Library/Frameworks/CoreFoundation.framework/Headers/CFPlugInCOM.h
/Applications/Xcode.app/Contents/Developer/Platforms/MacOSX.platform/Developer/SDKs/MacOSX26.1.sdk/SDKSettings.json
/Applications/Xcode.app/Contents/Developer/Platforms/MacOSX.platform/Developer/SDKs/MacOSX26.1.sdk/System/Library/Frameworks/CoreServices.framework/Modules/module.modulemap
/Applications/Xcode.app/Contents/Developer/Platforms/MacOSX.platform/Developer/SDKs/MacOSX26.1.sdk/System/Library/Frameworks/CoreServices.framework/Headers/CoreServices.h
/Applications/Xcode.app/Contents/Developer/Platforms/MacOSX.platform/Developer/SDKs/MacOSX26.1.sdk/System/Library/Frameworks/CoreFoundation.framework/Modules/module.modulemap
/Applications/Xcode.app/Contents/Developer/Platforms/MacOSX.platform/Developer/SDKs/MacOSX26.1.sdk/System/Library/Frameworks/CoreServices.framework/Frameworks/AE.framework/Headers/AE.h
/Applications/Xcode.app/Contents/Developer/Platforms/MacOSX.platform/Developer/SDKs/MacOSX26.1.sdk/System/Library/Frameworks/CoreServices.framework/Frameworks/CarbonCore.framework/Headers/CarbonCore.h
/Applications/Xcode.app/Contents/Developer/Platforms/MacOSX.platform/Developer/SDKs/MacOSX26.1.sdk/System/Library/Frameworks/CoreServices.framework/Frameworks/CarbonCore.framework/Headers/Finder.h
/Applications/Xcode.app/Contents/Developer/Platforms/MacOSX.platform/Developer/SDKs/MacOSX26.1.sdk/usr/include/dispatch.modulemap
/Applications/Xcode.app/Contents/Developer/Platforms/MacOSX.platform/Developer/SDKs/MacOSX26.1.sdk/usr/include/Darwin.modulemap
/Applications/Xcode.app/Contents/Developer/Platforms/MacOSX.platform/Developer/SDKs/MacOSX26.1.sdk/usr/include/DarwinFoundation2.modulemap
/Applications/Xcode.app/Contents/Developer/Platforms/MacOSX.platform/Developer/SDKs/MacOSX26.1.sdk/usr/include/DarwinFoundation1.modulemap
/Applications/Xcode.app/Contents/Developer/Platforms/MacOSX.platform/Developer/SDKs/MacOSX26.1.sdk/System/Library/Frameworks/CoreServices.framework/Frameworks/CarbonCore.framework/Headers/FixMath.h
/Applications/Xcode.app/Contents/Developer/Platforms/MacOSX.platform/Developer/SDKs/MacOSX26.1.sdk/System/Library/Frameworks/CoreServices.framework/Frameworks/CarbonCore.framework/Headers/Script.h
/Applications/Xcode.app/Contents/Developer/Platforms/MacOSX.platform/Developer/SDKs/MacOSX26.1.sdk/System/Library/Frameworks/CoreServices.framework/Frameworks/CarbonCore.framework/Headers/IntlResources.h
/Applications/Xcode.app/Contents/Developer/Platforms/MacOSX.platform/Developer/SDKs/MacOSX26.1.sdk/System/Library/Frameworks/CoreServices.framework/Frameworks/CarbonCore.framework/Headers/UTCUtils.h
/Applications/Xcode.app/Contents/Developer/Platforms/MacOSX.platform/Developer/SDKs/MacOSX26.1.sdk/System/Library/Frameworks/CoreServices.framework/Frameworks/CarbonCore.framework/Headers/MacErrors.h
/Applications/Xcode.app/Contents/Developer/Platforms/MacOSX.platform/Developer/SDKs/MacOSX26.1.sdk/System/Library/Frameworks/CoreServices.framework/Frameworks/CarbonCore.framework/Headers/TextCommon.h
/Applications/Xcode.app/Contents/Developer/Platforms/MacOSX.platform/Developer/SDKs/MacOSX26.1.sdk/System/Library/Frameworks/CoreServices.framework/Frameworks/CarbonCore.framework/Headers/Collections.h
/Applications/Xcode.app/Contents/Developer/Platforms/MacOSX.platform/Developer/SDKs/MacOSX26.1.sdk/System/Library/Frameworks/CoreServices.framework/Frameworks/CarbonCore.framework/Headers/MixedMode.h
/Applications/Xcode.app/Contents/Developer/Platforms/MacOSX.platform/Developer/SDKs/MacOSX26.1.sdk/System/Library/Frameworks/CoreServices.framework/Frameworks/CarbonCore.framework/Headers/Endian.h
/Applications/Xcode.app/Contents/Developer/Platforms/MacOSX.platform/Developer/SDKs/MacOSX26.1.sdk/System/Library/Frameworks/CoreServices.framework/Frameworks/CarbonCore.framework/Headers/Gestalt.h
/Applications/Xcode.app/Contents/Developer/Platforms/MacOSX.platform/Developer/SDKs/MacOSX26.1.sdk/System/Library/Frameworks/CoreServices.framework/Frameworks/CarbonCore.framework/Headers/MacMemory.h
/Applications/Xcode.app/Contents/Developer/Platforms/MacOSX.platform/Developer/SDKs/MacOSX26.1.sdk/System/Library/Frameworks/CoreServices.framework/Frameworks/CarbonCore.framework/Headers/Math64.h
/Applications/Xcode.app/Contents/Developer/Platforms/MacOSX.platform/Developer/SDKs/MacOSX26.1.sdk/System/Library/Frameworks/CoreServices.framework/Frameworks/CarbonCore.framework/Headers/BackupCore.h
/Applications/Xcode.app/Contents/Developer/Platforms/MacOSX.platform/Developer/SDKs/MacOSX26.1.sdk/System/Library/Frameworks/CoreServices.framework/Frameworks/CarbonCore.framework/Headers/DiskSpaceRecovery.h
/Applications/Xcode.app/Contents/Developer/Platforms/MacOSX.platform/Developer/SDKs/MacOSX26.1.sdk/System/Library/Frameworks/CoreServices.framework/Frameworks/CarbonCore.framework/Headers/Components.h
/Applications/Xcode.app/Contents/Developer/Platforms/MacOSX.platform/Developer/SDKs/MacOSX26.1.sdk/System/Library/Frameworks/CoreServices.framework/Frameworks/CarbonCore.framework/Headers/Files.h
/Applications/Xcode.app/Contents/Developer/Platforms/MacOSX.platform/Developer/SDKs/MacOSX26.1.sdk/System/Library/Frameworks/CoreServices.framework/Frameworks/CarbonCore.framework/Headers/OSUtils.h
/Applications/Xcode.app/Contents/Developer/Platforms/MacOSX.platform/Developer/SDKs/MacOSX26.1.sdk/System/Library/Frameworks/CoreServices.framework/Frameworks/CarbonCore.framework/Headers/DateTimeUtils.h
/Applications/Xcode.app/Contents/Developer/Platforms/MacOSX.platform/Developer/SDKs/MacOSX26.1.sdk/System/Library/Frameworks/DiskArbitration.framework/Modules/module.modulemap
/Applications/Xcode.app/Contents/Developer/Platforms/MacOSX.platform/Developer/SDKs/MacOSX26.1.sdk/System/Library/Frameworks/CoreServices.framework/Frameworks/CarbonCore.framework/Headers/Resources.h
/Applications/Xcode.app/Contents/Developer/Platforms/MacOSX.platform/Developer/SDKs/MacOSX26.1.sdk/System/Library/Frameworks/CoreServices.framework/Frameworks/CarbonCore.framework/Headers/CodeFragments.h
/Applications/Xcode.app/Contents/Developer/Platforms/MacOSX.platform/Developer/SDKs/MacOSX26.1.sdk/System/Library/Frameworks/CoreServices.framework/Frameworks/CarbonCore.framework/Headers/Multiprocessing.h
/Applications/Xcode.app/Contents/Developer/Platforms/MacOSX.platform/Developer/SDKs/MacOSX26.1.sdk/System/Library/Frameworks/CoreServices.framework/Frameworks/CarbonCore.framework/Headers/Aliases.h
/Applications/Xcode.app/Contents/Developer/Platforms/MacOSX.platform/Developer/SDKs/MacOSX26.1.sdk/System/Library/Frameworks/CoreServices.framework/Frameworks/CarbonCore.framework/Headers/MacLocales.h
/Applications/Xcode.app/Contents/Developer/Platforms/MacOSX.platform/Developer/SDKs/MacOSX26.1.sdk/System/Library/Frameworks/CoreServices.framework/Frameworks/CarbonCore.framework/Headers/Debugging.h
/Applications/Xcode.app/Contents/Developer/Platforms/MacOSX.platform/Developer/SDKs/MacOSX26.1.sdk/System/Library/Frameworks/CoreServices.framework/Frameworks/CarbonCore.framework/Headers/PLStringFuncs.h
/Applications/Xcode.app/Contents/Developer/Platforms/MacOSX.platform/Developer/SDKs/MacOSX26.1.sdk/System/Library/Frameworks/CoreServices.framework/Frameworks/CarbonCore.framework/Headers/DriverSynchronization.h
/Applications/Xcode.app/Contents/Developer/Platforms/MacOSX.platform/Developer/SDKs/MacOSX26.1.sdk/System/Library/Frameworks/CoreServices.framework/Frameworks/CarbonCore.framework/Headers/DriverServices.h
/Applications/Xcode.app/Contents/Developer/Platforms/MacOSX.platform/Developer/SDKs/MacOSX26.1.sdk/System/Library/Frameworks/CoreServices.framework/Frameworks/CarbonCore.framework/Headers/MachineExceptions.h
/Applications/Xcode.app/Contents/Developer/Platforms/MacOSX.platform/Developer/SDKs/MacOSX26.1.sdk/System/Library/Frameworks/CoreServices.framework/Frameworks/CarbonCore.framework/Headers/NumberFormatting.h
/Applications/Xcode.app/Contents/Developer/Platforms/MacOSX.platform/Developer/SDKs/MacOSX26.1.sdk/System/Library/Frameworks/CoreServices.framework/Frameworks/CarbonCore.framework/Headers/StringCompare.h
/Applications/Xcode.app/Contents/Developer/Platforms/MacOSX.platform/Developer/SDKs/MacOSX26.1.sdk/System/Library/Frameworks/CoreServices.framework/Frameworks/CarbonCore.framework/Headers/TextUtils.h
/Applications/Xcode.app/Contents/Developer/Platforms/MacOSX.platform/Developer/SDKs/MacOSX26.1.sdk/System/Library/Frameworks/CoreServices.framework/Frameworks/CarbonCore.framework/Headers/ToolUtils.h
/Applications/Xcode.app/Contents/Developer/Platforms/MacOSX.platform/Developer/SDKs/MacOSX26.1.sdk/System/Library/Frameworks/CoreServices.framework/Frameworks/CarbonCore.framework/Headers/UnicodeUtilities.h
/Applications/Xcode.app/Contents/Developer/Platforms/MacOSX.platform/Developer/SDKs/MacOSX26.1.sdk/System/Library/Frameworks/CoreServices.framework/Frameworks/CarbonCore.framework/Headers/fp.h
/Applications/Xcode.app/Contents/Developer/Platforms/MacOSX.platform/Developer/SDKs/MacOSX26.1.sdk/System/Library/Frameworks/CoreServices.framework/Frameworks/CarbonCore.framework/Headers/TextEncodingConverter.h
/Applications/Xcode.app/Contents/Developer/Platforms/MacOSX.platform/Developer/SDKs/MacOSX26.1.sdk/System/Library/Frameworks/CoreServices.framework/Frameworks/CarbonCore.framework/Headers/UnicodeConverter.h
/Applications/Xcode.app/Contents/Developer/Platforms/MacOSX.platform/Developer/SDKs/MacOSX26.1.sdk/System/Library/Frameworks/CoreServices.framework/Frameworks/CarbonCore.framework/Headers/Threads.h
/Applications/Xcode.app/Contents/Developer/Platforms/MacOSX.platform/Developer/SDKs/MacOSX26.1.sdk/System/Library/Frameworks/CoreServices.framework/Frameworks/CarbonCore.framework/Headers/Folders.h
/Applications/Xcode.app/Contents/Developer/Platforms/MacOSX.platform/Developer/SDKs/MacOSX26.1.sdk/System/Library/Frameworks/CoreServices.framework/Frameworks/CarbonCore.framework/Headers/Timer.h
/Applications/Xcode.app/Contents/Developer/Platforms/MacOSX.platform/Developer/SDKs/MacOSX26.1.sdk/System/Library/Frameworks/CoreServices.framework/Frameworks/CarbonCore.framework/Headers/MultiprocessingInfo.h
/Applications/Xcode.app/Contents/Developer/Platforms/MacOSX.platform/Developer/SDKs/MacOSX26.1.sdk/System/Library/Frameworks/CoreServices.framework/Frameworks/CarbonCore.framework/Headers/LowMem.h
/Applications/Xcode.app/Contents/Developer/Platforms/MacOSX.platform/Developer/SDKs/MacOSX26.1.sdk/System/Library/Frameworks/CoreServices.framework/Frameworks/CarbonCore.framework/Headers/AVLTree.h
/Applications/Xcode.app/Contents/Developer/Platforms/MacOSX.platform/Developer/SDKs/MacOSX26.1.sdk/System/Library/Frameworks/CoreServices.framework/Frameworks/CarbonCore.framework/Headers/PEFBinaryFormat.h
/Applications/Xcode.app/Contents/Developer/Platforms/MacOSX.platform/Developer/SDKs/MacOSX26.1.sdk/System/Library/Frameworks/CoreServices.framework/Frameworks/CarbonCore.framework/Headers/HFSVolumes.h
/Applications/Xcode.app/Contents/Developer/Platforms/MacOSX.platform/Developer/SDKs/MacOSX26.1.sdk/System/Library/Frameworks/CoreServices.framework/Frameworks/CarbonCore.framework/Headers/AIFF.h
/Applications/Xcode.app/Contents/Developer/Toolchains/XcodeDefault.xctoolchain/usr/lib/swift/clang/include/module.modulemap
/Applications/Xcode.app/Contents/Developer/Platforms/MacOSX.platform/Developer/SDKs/MacOSX26.1.sdk/System/Library/Frameworks/CoreServices.framework/Frameworks/CarbonCore.framework/Headers/TextEncodingPlugin.h
/Applications/Xcode.app/Contents/Developer/Platforms/MacOSX.platform/Developer/SDKs/MacOSX26.1.sdk/System/Library/Frameworks/CoreServices.framework/Frameworks/AE.framework/Headers/AEDataModel.h
/Applications/Xcode.app/Contents/Developer/Platforms/MacOSX.platform/Developer/SDKs/MacOSX26.1.sdk/System/Library/Frameworks/CoreServices.framework/Frameworks/AE.framework/Headers/AppleEvents.h
/Applications/Xcode.app/Contents/Developer/Platforms/MacOSX.platform/Developer/SDKs/MacOSX26.1.sdk/System/Library/Frameworks/CoreServices.framework/Frameworks/AE.framework/Headers/AEPackObject.h
/Applications/Xcode.app/Contents/Developer/Platforms/MacOSX.platform/Developer/SDKs/MacOSX26.1.sdk/System/Library/Frameworks/CoreServices.framework/Frameworks/AE.framework/Headers/AEObjects.h
/Applications/Xcode.app/Contents/Developer/Platforms/MacOSX.platform/Developer/SDKs/MacOSX26.1.sdk/System/Library/Frameworks/CoreServices.framework/Frameworks/AE.framework/Headers/AERegistry.h
/Applications/Xcode.app/Contents/Developer/Platforms/MacOSX.platform/Developer/SDKs/MacOSX26.1.sdk/System/Library/Frameworks/CoreServices.framework/Frameworks/AE.framework/Headers/AEUserTermTypes.h
/Applications/Xcode.app/Contents/Developer/Platforms/MacOSX.platform/Developer/SDKs/MacOSX26.1.sdk/System/Library/Frameworks/CoreServices.framework/Frameworks/AE.framework/Headers/AEHelpers.h
/Applications/Xcode.app/Contents/Developer/Toolchains/XcodeDefault.xctoolchain/usr/lib/swift/clang/include/stdarg.h
/Applications/Xcode.app/Contents/Developer/Platforms/MacOSX.platform/Developer/SDKs/MacOSX26.1.sdk/System/Library/Frameworks/CoreServices.framework/Frameworks/AE.framework/Headers/AEMach.h
/Applications/Xcode.app/Contents/Developer/Platforms/MacOSX.platform/Developer/SDKs/MacOSX26.1.sdk/System/Library/Frameworks/CFNetwork.framework/Modules/module.modulemap
/Applications/Xcode.app/Contents/Developer/Platforms/MacOSX.platform/Developer/SDKs/MacOSX26.1.sdk/System/Library/Frameworks/CoreServices.framework/Frameworks/DictionaryServices.framework/Headers/DictionaryServices.h
/Applications/Xcode.app/Contents/Developer/Platforms/MacOSX.platform/Developer/SDKs/MacOSX26.1.sdk/System/Library/Frameworks/CoreServices.framework/Frameworks/LaunchServices.framework/Headers/LaunchServices.h
/Applications/Xcode.app/Contents/Developer/Platforms/MacOSX.platform/Developer/SDKs/MacOSX26.1.sdk/System/Library/Frameworks/CoreServices.framework/Frameworks/LaunchServices.framework/Headers/IconsCore.h
/Applications/Xcode.app/Contents/Developer/Platforms/MacOSX.platform/Developer/SDKs/MacOSX26.1.sdk/System/Library/Frameworks/CoreServices.framework/Frameworks/OSServices.framework/Headers/OSServices.h
/Applications/Xcode.app/Contents/Developer/Platforms/MacOSX.platform/Developer/SDKs/MacOSX26.1.sdk/System/Library/Frameworks/CoreServices.framework/Frameworks/OSServices.framework/Headers/CSIdentity.h
/Applications/Xcode.app/Contents/Developer/Platforms/MacOSX.platform/Developer/SDKs/MacOSX26.1.sdk/System/Library/Frameworks/CoreServices.framework/Frameworks/OSServices.framework/Headers/CSIdentityBase.h
/Applications/Xcode.app/Contents/Developer/Platforms/MacOSX.platform/Developer/SDKs/MacOSX26.1.sdk/System/Library/Frameworks/Security.framework/Modules/module.modulemap
/Applications/Xcode.app/Contents/Developer/Platforms/MacOSX.platform/Developer/SDKs/MacOSX26.1.sdk/System/Library/Frameworks/CoreServices.framework/Frameworks/OSServices.framework/Headers/CSIdentityAuthority.h
/Applications/Xcode.app/Contents/Developer/Platforms/MacOSX.platform/Developer/SDKs/MacOSX26.1.sdk/System/Library/Frameworks/CoreServices.framework/Frameworks/OSServices.framework/Headers/CSIdentityQuery.h
/Applications/Xcode.app/Contents/Developer/Platforms/MacOSX.platform/Developer/SDKs/MacOSX26.1.sdk/System/Library/Frameworks/CoreServices.framework/Frameworks/OSServices.framework/Headers/IconStorage.h
/Applications/Xcode.app/Contents/Developer/Platforms/MacOSX.platform/Developer/SDKs/MacOSX26.1.sdk/System/Library/Frameworks/CoreServices.framework/Frameworks/OSServices.framework/Headers/Power.h
/Applications/Xcode.app/Contents/Developer/Platforms/MacOSX.platform/Developer/SDKs/MacOSX26.1.sdk/System/Library/Frameworks/CoreServices.framework/Frameworks/OSServices.framework/Headers/SecurityCore.h
/Applications/Xcode.app/Contents/Developer/Platforms/MacOSX.platform/Developer/SDKs/MacOSX26.1.sdk/System/Library/Frameworks/CoreServices.framework/Frameworks/OSServices.framework/Headers/KeychainCore.h
/Applications/Xcode.app/Contents/Developer/Platforms/MacOSX.platform/Developer/SDKs/MacOSX26.1.sdk/System/Library/Frameworks/CoreServices.framework/Frameworks/OSServices.framework/Headers/WSMethodInvocation.h
/Applications/Xcode.app/Contents/Developer/Platforms/MacOSX.platform/Developer/SDKs/MacOSX26.1.sdk/System/Library/Frameworks/CoreServices.framework/Frameworks/OSServices.framework/Headers/WSTypes.h
/Applications/Xcode.app/Contents/Developer/Platforms/MacOSX.platform/Developer/SDKs/MacOSX26.1.sdk/System/Library/Frameworks/CoreServices.framework/Frameworks/OSServices.framework/Headers/WSProtocolHandler.h
/Applications/Xcode.app/Contents/Developer/Platforms/MacOSX.platform/Developer/SDKs/MacOSX26.1.sdk/System/Library/Frameworks/CoreServices.framework/Frameworks/LaunchServices.framework/Headers/LSConstants.h
/Applications/Xcode.app/Contents/Developer/Platforms/MacOSX.platform/Developer/SDKs/MacOSX26.1.sdk/System/Library/Frameworks/CoreServices.framework/Frameworks/LaunchServices.framework/Headers/LSInfo.h
/Applications/Xcode.app/Contents/Developer/Platforms/MacOSX.platform/Developer/SDKs/MacOSX26.1.sdk/System/Library/Frameworks/CoreServices.framework/Frameworks/LaunchServices.framework/Headers/LSInfoDeprecated.h
/Applications/Xcode.app/Contents/Developer/Platforms/MacOSX.platform/Developer/SDKs/MacOSX26.1.sdk/System/Library/Frameworks/CoreServices.framework/Frameworks/LaunchServices.framework/Headers/LSOpen.h
/Applications/Xcode.app/Contents/Developer/Platforms/MacOSX.platform/Developer/SDKs/MacOSX26.1.sdk/System/Library/Frameworks/CoreServices.framework/Frameworks/LaunchServices.framework/Headers/LSOpenDeprecated.h
/Applications/Xcode.app/Contents/Developer/Platforms/MacOSX.platform/Developer/SDKs/MacOSX26.1.sdk/System/Library/Frameworks/CoreServices.framework/Frameworks/LaunchServices.framework/Headers/LSQuarantine.h
/Applications/Xcode.app/Contents/Developer/Platforms/MacOSX.platform/Developer/SDKs/MacOSX26.1.sdk/System/Library/Frameworks/CoreServices.framework/Frameworks/LaunchServices.framework/Headers/UTCoreTypes.h
/Applications/Xcode.app/Contents/Developer/Platforms/MacOSX.platform/Developer/SDKs/MacOSX26.1.sdk/System/Library/Frameworks/CoreServices.framework/Frameworks/LaunchServices.framework/Headers/UTType.h
/Applications/Xcode.app/Contents/Developer/Platforms/MacOSX.platform/Developer/SDKs/MacOSX26.1.sdk/System/Library/Frameworks/CoreServices.framework/Frameworks/Metadata.framework/Headers/Metadata.h
/Applications/Xcode.app/Contents/Developer/Platforms/MacOSX.platform/Developer/SDKs/MacOSX26.1.sdk/System/Library/Frameworks/CoreServices.framework/Frameworks/Metadata.framework/Headers/MDItem.h
/Applications/Xcode.app/Contents/Developer/Platforms/MacOSX.platform/Developer/SDKs/MacOSX26.1.sdk/System/Library/Frameworks/CoreServices.framework/Frameworks/Metadata.framework/Headers/MDLabel.h
/Applications/Xcode.app/Contents/Developer/Platforms/MacOSX.platform/Developer/SDKs/MacOSX26.1.sdk/System/Library/Frameworks/CoreServices.framework/Frameworks/Metadata.framework/Headers/MDQuery.h
/Applications/Xcode.app/Contents/Developer/Platforms/MacOSX.platform/Developer/SDKs/MacOSX26.1.sdk/System/Library/Frameworks/CoreServices.framework/Frameworks/Metadata.framework/Headers/MDSchema.h
/Applications/Xcode.app/Contents/Developer/Platforms/MacOSX.platform/Developer/SDKs/MacOSX26.1.sdk/System/Library/Frameworks/CoreServices.framework/Frameworks/Metadata.framework/Headers/MDImporter.h
/Applications/Xcode.app/Contents/Developer/Platforms/MacOSX.platform/Developer/SDKs/MacOSX26.1.sdk/System/Library/Frameworks/CoreServices.framework/Frameworks/SearchKit.framework/Headers/SearchKit.h
/Applications/Xcode.app/Contents/Developer/Platforms/MacOSX.platform/Developer/SDKs/MacOSX26.1.sdk/System/Library/Frameworks/CoreServices.framework/Frameworks/SearchKit.framework/Headers/SKDocument.h
/Applications/Xcode.app/Contents/Developer/Platforms/MacOSX.platform/Developer/SDKs/MacOSX26.1.sdk/System/Library/Frameworks/CoreServices.framework/Frameworks/SearchKit.framework/Headers/SKAnalysis.h
/Applications/Xcode.app/Contents/Developer/Platforms/MacOSX.platform/Developer/SDKs/MacOSX26.1.sdk/System/Library/Frameworks/CoreServices.framework/Frameworks/SearchKit.framework/Headers/SKIndex.h
/Applications/Xcode.app/Contents/Developer/Platforms/MacOSX.platform/Developer/SDKs/MacOSX26.1.sdk/System/Library/Frameworks/CoreServices.framework/Frameworks/SearchKit.framework/Headers/SKSearch.h
/Applications/Xcode.app/Contents/Developer/Platforms/MacOSX.platform/Developer/SDKs/MacOSX26.1.sdk/System/Library/Frameworks/CoreServices.framework/Frameworks/SearchKit.framework/Headers/SKSummary.h
/Applications/Xcode.app/Contents/Developer/Platforms/MacOSX.platform/Developer/SDKs/MacOSX26.1.sdk/System/Library/Frameworks/CoreServices.framework/Frameworks/FSEvents.framework/Headers/FSEvents.h
/Applications/Xcode.app/Contents/Developer/Platforms/MacOSX.platform/Developer/SDKs/MacOSX26.1.sdk/System/Library/Frameworks/CoreServices.framework/Frameworks/SharedFileList.framework/Headers/SharedFileList.h
/Applications/Xcode.app/Contents/Developer/Platforms/MacOSX.platform/Developer/SDKs/MacOSX26.1.sdk/System/Library/Frameworks/CoreServices.framework/Frameworks/SharedFileList.framework/Headers/LSSharedFileList.h
/Applications/Xcode.app/Contents/Developer/Platforms/MacOSX.platform/Developer/SDKs/MacOSX26.1.sdk/SDKSettings.json
/Applications/Xcode.app/Contents/Developer/Platforms/MacOSX.platform/Developer/SDKs/MacOSX26.1.sdk/usr/include/Darwin.modulemap
/Applications/Xcode.app/Contents/Developer/Platforms/MacOSX.platform/Developer/SDKs/MacOSX26.1.sdk/usr/include/Darwin_C.modulemap
/Applications/Xcode.app/Contents/Developer/Platforms/MacOSX.platform/Developer/SDKs/MacOSX26.1.sdk/usr/include/Darwin_POSIX.modulemap
/Applications/Xcode.app/Contents/Developer/Platforms/MacOSX.platform/Developer/SDKs/MacOSX26.1.sdk/usr/include/net.modulemap
/Applications/Xcode.app/Contents/Developer/Platforms/MacOSX.platform/Developer/SDKs/MacOSX26.1.sdk/usr/include/netinet.modulemap
/Applications/Xcode.app/Contents/Developer/Platforms/MacOSX.platform/Developer/SDKs/MacOSX26.1.sdk/usr/include/bank.modulemap
/Applications/Xcode.app/Contents/Developer/Platforms/MacOSX.platform/Developer/SDKs/MacOSX26.1.sdk/usr/include/Darwin_Mach.modulemap
/Applications/Xcode.app/Contents/Developer/Platforms/MacOSX.platform/Developer/SDKs/MacOSX26.1.sdk/usr/include/Darwin_Mach_machine.modulemap
/Applications/Xcode.app/Contents/Developer/Platforms/MacOSX.platform/Developer/SDKs/MacOSX26.1.sdk/usr/include/mach_debug.modulemap
/Applications/Xcode.app/Contents/Developer/Platforms/MacOSX.platform/Developer/SDKs/MacOSX26.1.sdk/usr/include/device.modulemap
/Applications/Xcode.app/Contents/Developer/Platforms/MacOSX.platform/Developer/SDKs/MacOSX26.1.sdk/usr/include/Darwin_machine.modulemap
/Applications/Xcode.app/Contents/Developer/Platforms/MacOSX.platform/Developer/SDKs/MacOSX26.1.sdk/usr/include/ncurses.modulemap
/Applications/Xcode.app/Contents/Developer/Platforms/MacOSX.platform/Developer/SDKs/MacOSX26.1.sdk/usr/include/netinet6.modulemap
/Applications/Xcode.app/Contents/Developer/Platforms/MacOSX.platform/Developer/SDKs/MacOSX26.1.sdk/usr/include/Darwin_sys.modulemap
/Applications/Xcode.app/Contents/Developer/Platforms/MacOSX.platform/Developer/SDKs/MacOSX26.1.sdk/usr/include/uuid.modulemap
/Applications/Xcode.app/Contents/Developer/Platforms/MacOSX.platform/Developer/SDKs/MacOSX26.1.sdk/usr/include/DarwinFoundation2.modulemap
/Applications/Xcode.app/Contents/Developer/Platforms/MacOSX.platform/Developer/SDKs/MacOSX26.1.sdk/usr/include/DarwinFoundation3.modulemap
/Applications/Xcode.app/Contents/Developer/Platforms/MacOSX.platform/Developer/SDKs/MacOSX26.1.sdk/usr/include/DarwinFoundation1.modulemap
/Applications/Xcode.app/Contents/Developer/Platforms/MacOSX.platform/Developer/SDKs/MacOSX26.1.sdk/usr/include/copyfile.h
/Applications/Xcode.app/Contents/Developer/Toolchains/XcodeDefault.xctoolchain/usr/lib/swift/clang/include/module.modulemap
/Applications/Xcode.app/Contents/Developer/Platforms/MacOSX.platform/Developer/SDKs/MacOSX26.1.sdk/usr/include/err.h
/Applications/Xcode.app/Contents/Developer/Platforms/MacOSX.platform/Developer/SDKs/MacOSX26.1.sdk/usr/include/readpassphrase.h
/Applications/Xcode.app/Contents/Developer/Platforms/MacOSX.platform/Developer/SDKs/MacOSX26.1.sdk/usr/include/util.h
/Applications/Xcode.app/Contents/Developer/Platforms/MacOSX.platform/Developer/SDKs/MacOSX26.1.sdk/usr/include/sys/ttycom.h
/Applications/Xcode.app/Contents/Developer/Platforms/MacOSX.platform/Developer/SDKs/MacOSX26.1.sdk/usr/include/sys/ioccom.h
/Applications/Xcode.app/Contents/Developer/Platforms/MacOSX.platform/Developer/SDKs/MacOSX26.1.sdk/usr/include/stdio.h
/Applications/Xcode.app/Contents/Developer/Platforms/MacOSX.platform/Developer/SDKs/MacOSX26.1.sdk/usr/include/pwd.h
/Applications/Xcode.app/Contents/Developer/Platforms/MacOSX.platform/Developer/SDKs/MacOSX26.1.sdk/usr/include/uuid/uuid.h
/Applications/Xcode.app/Contents/Developer/Platforms/MacOSX.platform/Developer/SDKs/MacOSX26.1.sdk/usr/include/termios.h
/Applications/Xcode.app/Contents/Developer/Platforms/MacOSX.platform/Developer/SDKs/MacOSX26.1.sdk/usr/include/sys/termios.h
/Applications/Xcode.app/Contents/Developer/Platforms/MacOSX.platform/Developer/SDKs/MacOSX26.1.sdk/usr/include/sys/ttydefaults.h
/Applications/Xcode.app/Contents/Developer/Platforms/MacOSX.platform/Developer/SDKs/MacOSX26.1.sdk/usr/include/utmp.h
/Applications/Xcode.app/Contents/Developer/Platforms/MacOSX.platform/Developer/SDKs/MacOSX26.1.sdk/usr/include/xattr_flags.h
/Applications/Xcode.app/Contents/Developer/Platforms/MacOSX.platform/Developer/SDKs/MacOSX26.1.sdk/usr/include/_modules/_darwin_c_ctype.h
/Applications/Xcode.app/Contents/Developer/Platforms/MacOSX.platform/Developer/SDKs/MacOSX26.1.sdk/usr/include/ctype.h
/Applications/Xcode.app/Contents/Developer/Platforms/MacOSX.platform/Developer/SDKs/MacOSX26.1.sdk/usr/include/_modules/_darwin_c_errno.h
/Applications/Xcode.app/Contents/Developer/Platforms/MacOSX.platform/Developer/SDKs/MacOSX26.1.sdk/usr/include/_modules/_darwin_c_inttypes.h
/Applications/Xcode.app/Contents/Developer/Platforms/MacOSX.platform/Developer/SDKs/MacOSX26.1.sdk/usr/include/_modules/_darwin_c_limits.h
/Applications/Xcode.app/Contents/Developer/Platforms/MacOSX.platform/Developer/SDKs/MacOSX26.1.sdk/usr/include/_modules/_darwin_c_signal.h
/Applications/Xcode.app/Contents/Developer/Platforms/MacOSX.platform/Developer/SDKs/MacOSX26.1.sdk/usr/include/_modules/_darwin_c_stdarg.h
/Applications/Xcode.app/Contents/Developer/Toolchains/XcodeDefault.xctoolchain/usr/lib/swift/clang/include/stdarg.h
/Applications/Xcode.app/Contents/Developer/Platforms/MacOSX.platform/Developer/SDKs/MacOSX26.1.sdk/usr/include/_modules/_darwin_c_stdbool.h
/Applications/Xcode.app/Contents/Developer/Platforms/MacOSX.platform/Developer/SDKs/MacOSX26.1.sdk/usr/include/_modules/_darwin_c_stddef.h
/Applications/Xcode.app/Contents/Developer/Toolchains/XcodeDefault.xctoolchain/usr/lib/swift/clang/include/stddef.h
/Applications/Xcode.app/Contents/Developer/Platforms/MacOSX.platform/Developer/SDKs/MacOSX26.1.sdk/usr/include/_modules/_darwin_c_stdint.h
/Applications/Xcode.app/Contents/Developer/Platforms/MacOSX.platform/Developer/SDKs/MacOSX26.1.sdk/usr/include/_modules/_darwin_c_stdio.h
/Applications/Xcode.app/Contents/Developer/Platforms/MacOSX.platform/Developer/SDKs/MacOSX26.1.sdk/usr/include/_modules/_darwin_c_stdlib.h
/Applications/Xcode.app/Contents/Developer/Platforms/MacOSX.platform/Developer/SDKs/MacOSX26.1.sdk/usr/include/stdlib.h
/Applications/Xcode.app/Contents/Developer/Platforms/MacOSX.platform/Developer/SDKs/MacOSX26.1.sdk/usr/include/_modules/_darwin_c_string.h
/Applications/Xcode.app/Contents/Developer/Platforms/MacOSX.platform/Developer/SDKs/MacOSX26.1.sdk/usr/include/string.h
/Applications/Xcode.app/Contents/Developer/Platforms/MacOSX.platform/Developer/SDKs/MacOSX26.1.sdk/usr/include/_modules/_darwin_c_time.h
/Applications/Xcode.app/Contents/Developer/Platforms/MacOSX.platform/Developer/SDKs/MacOSX26.1.sdk/usr/include/time.h
/Applications/Xcode.app/Contents/Developer/Platforms/MacOSX.platform/Developer/SDKs/MacOSX26.1.sdk/usr/include/_modules/_darwin_c_wchar.h
/Applications/Xcode.app/Contents/Developer/Platforms/MacOSX.platform/Developer/SDKs/MacOSX26.1.sdk/usr/include/wchar.h
/Applications/Xcode.app/Contents/Developer/Platforms/MacOSX.platform/Developer/SDKs/MacOSX26.1.sdk/usr/include/aio.h
/Applications/Xcode.app/Contents/Developer/Platforms/MacOSX.platform/Developer/SDKs/MacOSX26.1.sdk/usr/include/sys/aio.h
/Applications/Xcode.app/Contents/Developer/Platforms/MacOSX.platform/Developer/SDKs/MacOSX26.1.sdk/usr/include/sys/_types/_o_sync.h
/Applications/Xcode.app/Contents/Developer/Platforms/MacOSX.platform/Developer/SDKs/MacOSX26.1.sdk/usr/include/sys/_types/_o_dsync.h
/Applications/Xcode.app/Contents/Developer/Platforms/MacOSX.platform/Developer/SDKs/MacOSX26.1.sdk/usr/include/arpa/inet.h
/Applications/Xcode.app/Contents/Developer/Platforms/MacOSX.platform/Developer/SDKs/MacOSX26.1.sdk/usr/include/netinet/in.h
/Applications/Xcode.app/Contents/Developer/Platforms/MacOSX.platform/Developer/SDKs/MacOSX26.1.sdk/usr/include/sys/socket.h
/Applications/Xcode.app/Contents/Developer/Platforms/MacOSX.platform/Developer/SDKs/MacOSX26.1.sdk/usr/include/sys/constrained_ctypes.h
/Applications/Xcode.app/Contents/Developer/Platforms/MacOSX.platform/Developer/SDKs/MacOSX26.1.sdk/usr/include/machine/_param.h
/Applications/Xcode.app/Contents/Developer/Platforms/MacOSX.platform/Developer/SDKs/MacOSX26.1.sdk/usr/include/arm/_param.h
/Applications/Xcode.app/Contents/Developer/Platforms/MacOSX.platform/Developer/SDKs/MacOSX26.1.sdk/usr/include/net/net_kev.h
/Applications/Xcode.app/Contents/Developer/Platforms/MacOSX.platform/Developer/SDKs/MacOSX26.1.sdk/usr/include/sys/_types/_sa_family_t.h
/Applications/Xcode.app/Contents/Developer/Platforms/MacOSX.platform/Developer/SDKs/MacOSX26.1.sdk/usr/include/sys/_types/_socklen_t.h
/Applications/Xcode.app/Contents/Developer/Platforms/MacOSX.platform/Developer/SDKs/MacOSX26.1.sdk/usr/include/sys/_types/_iovec_t.h
/Applications/Xcode.app/Contents/Developer/Platforms/MacOSX.platform/Developer/SDKs/MacOSX26.1.sdk/usr/include/netinet6/in6.h
/Applications/Xcode.app/Contents/Developer/Platforms/MacOSX.platform/Developer/SDKs/MacOSX26.1.sdk/usr/include/cpio.h
/Applications/Xcode.app/Contents/Developer/Platforms/MacOSX.platform/Developer/SDKs/MacOSX26.1.sdk/usr/include/dirent.h
/Applications/Xcode.app/Contents/Developer/Platforms/MacOSX.platform/Developer/SDKs/MacOSX26.1.sdk/usr/include/sys/dirent.h
/Applications/Xcode.app/Contents/Developer/Platforms/MacOSX.platform/Developer/SDKs/MacOSX26.1.sdk/usr/include/sys/dir.h
/Applications/Xcode.app/Contents/Developer/Platforms/MacOSX.platform/Developer/SDKs/MacOSX26.1.sdk/usr/include/dlfcn.h
/Applications/Xcode.app/Contents/Developer/Platforms/MacOSX.platform/Developer/SDKs/MacOSX26.1.sdk/usr/include/fcntl.h
/Applications/Xcode.app/Contents/Developer/Platforms/MacOSX.platform/Developer/SDKs/MacOSX26.1.sdk/usr/include/sys/fcntl.h
/Applications/Xcode.app/Contents/Developer/Platforms/MacOSX.platform/Developer/SDKs/MacOSX26.1.sdk/usr/include/sys/_types/_s_ifmt.h
/Applications/Xcode.app/Contents/Developer/Platforms/MacOSX.platform/Developer/SDKs/MacOSX26.1.sdk/usr/include/sys/_types/_filesec_t.h
/Applications/Xcode.app/Contents/Developer/Platforms/MacOSX.platform/Developer/SDKs/MacOSX26.1.sdk/usr/include/fmtmsg.h
/Applications/Xcode.app/Contents/Developer/Platforms/MacOSX.platform/Developer/SDKs/MacOSX26.1.sdk/usr/include/fnmatch.h
/Applications/Xcode.app/Contents/Developer/Platforms/MacOSX.platform/Developer/SDKs/MacOSX26.1.sdk/usr/include/ftw.h
/Applications/Xcode.app/Contents/Developer/Platforms/MacOSX.platform/Developer/SDKs/MacOSX26.1.sdk/usr/include/sys/stat.h
/Applications/Xcode.app/Contents/Developer/Platforms/MacOSX.platform/Developer/SDKs/MacOSX26.1.sdk/usr/include/glob.h
/Applications/Xcode.app/Contents/Developer/Platforms/MacOSX.platform/Developer/SDKs/MacOSX26.1.sdk/usr/include/grp.h
/Applications/Xcode.app/Contents/Developer/Platforms/MacOSX.platform/Developer/SDKs/MacOSX26.1.sdk/usr/include/iconv.h
/Applications/Xcode.app/Contents/Developer/Platforms/MacOSX.platform/Developer/SDKs/MacOSX26.1.sdk/usr/include/ifaddrs.h
/Applications/Xcode.app/Contents/Developer/Platforms/MacOSX.platform/Developer/SDKs/MacOSX26.1.sdk/usr/include/sys/ioctl.h
/Applications/Xcode.app/Contents/Developer/Platforms/MacOSX.platform/Developer/SDKs/MacOSX26.1.sdk/usr/include/sys/filio.h
/Applications/Xcode.app/Contents/Developer/Platforms/MacOSX.platform/Developer/SDKs/MacOSX26.1.sdk/usr/include/sys/sockio.h
/Applications/Xcode.app/Contents/Developer/Platforms/MacOSX.platform/Developer/SDKs/MacOSX26.1.sdk/usr/include/net/if.h
/Applications/Xcode.app/Contents/Developer/Platforms/MacOSX.platform/Developer/SDKs/MacOSX26.1.sdk/usr/include/net/if_var.h
/Applications/Xcode.app/Contents/Developer/Platforms/MacOSX.platform/Developer/SDKs/MacOSX26.1.sdk/usr/include/sys/time.h
/Applications/Xcode.app/Contents/Developer/Platforms/MacOSX.platform/Developer/SDKs/MacOSX26.1.sdk/usr/include/sys/_types/_timeval64.h
/Applications/Xcode.app/Contents/Developer/Platforms/MacOSX.platform/Developer/SDKs/MacOSX26.1.sdk/usr/include/sys/_types/_timeval32.h
/Applications/Xcode.app/Contents/Developer/Platforms/MacOSX.platform/Developer/SDKs/MacOSX26.1.sdk/usr/include/_langinfo.h
/Applications/Xcode.app/Contents/Developer/Platforms/MacOSX.platform/Developer/SDKs/MacOSX26.1.sdk/usr/include/xlocale/_langinfo.h
/Applications/Xcode.app/Contents/Developer/Platforms/MacOSX.platform/Developer/SDKs/MacOSX26.1.sdk/usr/include/libgen.h
/Applications/Xcode.app/Contents/Developer/Platforms/MacOSX.platform/Developer/SDKs/MacOSX26.1.sdk/usr/include/_monetary.h
/Applications/Xcode.app/Contents/Developer/Platforms/MacOSX.platform/Developer/SDKs/MacOSX26.1.sdk/usr/include/xlocale/_monetary.h
/Applications/Xcode.app/Contents/Developer/Platforms/MacOSX.platform/Developer/SDKs/MacOSX26.1.sdk/usr/include/ndbm.h
/Applications/Xcode.app/Contents/Developer/Platforms/MacOSX.platform/Developer/SDKs/MacOSX26.1.sdk/usr/include/netdb.h
/Applications/Xcode.app/Contents/Developer/Platforms/MacOSX.platform/Developer/SDKs/MacOSX26.1.sdk/usr/include/net/if_dl.h
/Applications/Xcode.app/Contents/Developer/Platforms/MacOSX.platform/Developer/SDKs/MacOSX26.1.sdk/usr/include/net/if_types.h
/Applications/Xcode.app/Contents/Developer/Platforms/MacOSX.platform/Developer/SDKs/MacOSX26.1.sdk/usr/include/netinet/tcp.h
/Applications/Xcode.app/Contents/Developer/Platforms/MacOSX.platform/Developer/SDKs/MacOSX26.1.sdk/usr/include/poll.h
/Applications/Xcode.app/Contents/Developer/Platforms/MacOSX.platform/Developer/SDKs/MacOSX26.1.sdk/usr/include/sys/poll.h
/Applications/Xcode.app/Contents/Developer/Platforms/MacOSX.platform/Developer/SDKs/MacOSX26.1.sdk/usr/include/pthread/spawn.h
/Applications/Xcode.app/Contents/Developer/Platforms/MacOSX.platform/Developer/SDKs/MacOSX26.1.sdk/usr/include/spawn.h
/Applications/Xcode.app/Contents/Developer/Platforms/MacOSX.platform/Developer/SDKs/MacOSX26.1.sdk/usr/include/sys/spawn.h
/Applications/Xcode.app/Contents/Developer/Platforms/MacOSX.platform/Developer/SDKs/MacOSX26.1.sdk/usr/include/mach/exception_types.h
/Applications/Xcode.app/Contents/Developer/Platforms/MacOSX.platform/Developer/SDKs/MacOSX26.1.sdk/usr/include/mach/machine/exception.h
/Applications/Xcode.app/Contents/Developer/Platforms/MacOSX.platform/Developer/SDKs/MacOSX26.1.sdk/usr/include/mach/arm/exception.h
/Applications/Xcode.app/Contents/Developer/Platforms/MacOSX.platform/Developer/SDKs/MacOSX26.1.sdk/usr/include/mach/port.h
/Applications/Xcode.app/Contents/Developer/Platforms/MacOSX.platform/Developer/SDKs/MacOSX26.1.sdk/usr/include/mach/boolean.h
/Applications/Xcode.app/Contents/Developer/Platforms/MacOSX.platform/Developer/SDKs/MacOSX26.1.sdk/usr/include/mach/machine/boolean.h
/Applications/Xcode.app/Contents/Developer/Platforms/MacOSX.platform/Developer/SDKs/MacOSX26.1.sdk/usr/include/mach/arm/boolean.h
/Applications/Xcode.app/Contents/Developer/Platforms/MacOSX.platform/Developer/SDKs/MacOSX26.1.sdk/usr/include/mach/machine/vm_types.h
/Applications/Xcode.app/Contents/Developer/Platforms/MacOSX.platform/Developer/SDKs/MacOSX26.1.sdk/usr/include/mach/arm/vm_types.h
/Applications/Xcode.app/Contents/Developer/Platforms/MacOSX.platform/Developer/SDKs/MacOSX26.1.sdk/usr/include/mach/thread_status.h
/Applications/Xcode.app/Contents/Developer/Platforms/MacOSX.platform/Developer/SDKs/MacOSX26.1.sdk/usr/include/mach/machine/thread_status.h
/Applications/Xcode.app/Contents/Developer/Platforms/MacOSX.platform/Developer/SDKs/MacOSX26.1.sdk/usr/include/mach/arm/thread_status.h
/Applications/Xcode.app/Contents/Developer/Platforms/MacOSX.platform/Developer/SDKs/MacOSX26.1.sdk/usr/include/mach/machine/thread_state.h
/Applications/Xcode.app/Contents/Developer/Platforms/MacOSX.platform/Developer/SDKs/MacOSX26.1.sdk/usr/include/mach/arm/thread_state.h
/Applications/Xcode.app/Contents/Developer/Platforms/MacOSX.platform/Developer/SDKs/MacOSX26.1.sdk/usr/include/mach/message.h
/Applications/Xcode.app/Contents/Developer/Platforms/MacOSX.platform/Developer/SDKs/MacOSX26.1.sdk/usr/include/mach/kern_return.h
/Applications/Xcode.app/Contents/Developer/Platforms/MacOSX.platform/Developer/SDKs/MacOSX26.1.sdk/usr/include/mach/machine/kern_return.h
/Applications/Xcode.app/Contents/Developer/Platforms/MacOSX.platform/Developer/SDKs/MacOSX26.1.sdk/usr/include/mach/arm/kern_return.h
/Applications/Xcode.app/Contents/Developer/Platforms/MacOSX.platform/Developer/SDKs/MacOSX26.1.sdk/usr/include/mach/vm_types.h
/Applications/Xcode.app/Contents/Developer/Platforms/MacOSX.platform/Developer/SDKs/MacOSX26.1.sdk/usr/include/mach_debug/ipc_info.h
/Applications/Xcode.app/Contents/Developer/Platforms/MacOSX.platform/Developer/SDKs/MacOSX26.1.sdk/usr/include/mach/machine.h
/Applications/Xcode.app/Contents/Developer/Platforms/MacOSX.platform/Developer/SDKs/MacOSX26.1.sdk/usr/include/pthread/pthread_spis.h
/Applications/Xcode.app/Contents/Developer/Platforms/MacOSX.platform/Developer/SDKs/MacOSX26.1.sdk/usr/include/_modules/_darwin_posix_pthread_pthread.h
/Applications/Xcode.app/Contents/Developer/Platforms/MacOSX.platform/Developer/SDKs/MacOSX26.1.sdk/usr/include/_regex.h
/Applications/Xcode.app/Contents/Developer/Platforms/MacOSX.platform/Developer/SDKs/MacOSX26.1.sdk/usr/include/xlocale/_regex.h
/Applications/Xcode.app/Contents/Developer/Platforms/MacOSX.platform/Developer/SDKs/MacOSX26.1.sdk/usr/include/search.h
/Applications/Xcode.app/Contents/Developer/Platforms/MacOSX.platform/Developer/SDKs/MacOSX26.1.sdk/usr/include/semaphore.h
/Applications/Xcode.app/Contents/Developer/Platforms/MacOSX.platform/Developer/SDKs/MacOSX26.1.sdk/usr/include/sys/semaphore.h
/Applications/Xcode.app/Contents/Developer/Platforms/MacOSX.platform/Developer/SDKs/MacOSX26.1.sdk/usr/include/sys/posix_sem.h
/Applications/Xcode.app/Contents/Developer/Platforms/MacOSX.platform/Developer/SDKs/MacOSX26.1.sdk/usr/include/sys/proc.h
/Applications/Xcode.app/Contents/Developer/Platforms/MacOSX.platform/Developer/SDKs/MacOSX26.1.sdk/usr/include/sys/queue.h
/Applications/Xcode.app/Contents/Developer/Platforms/MacOSX.platform/Developer/SDKs/MacOSX26.1.sdk/usr/include/sys/lock.h
/Applications/Xcode.app/Contents/Developer/Platforms/MacOSX.platform/Developer/SDKs/MacOSX26.1.sdk/usr/include/sys/param.h
/Applications/Xcode.app/Contents/Developer/Platforms/MacOSX.platform/Developer/SDKs/MacOSX26.1.sdk/usr/include/machine/param.h
/Applications/Xcode.app/Contents/Developer/Platforms/MacOSX.platform/Developer/SDKs/MacOSX26.1.sdk/usr/include/arm/param.h
/Applications/Xcode.app/Contents/Developer/Platforms/MacOSX.platform/Developer/SDKs/MacOSX26.1.sdk/usr/include/sys/event.h
/Applications/Xcode.app/Contents/Developer/Platforms/MacOSX.platform/Developer/SDKs/MacOSX26.1.sdk/usr/include/strings.h
/Applications/Xcode.app/Contents/Developer/Platforms/MacOSX.platform/Developer/SDKs/MacOSX26.1.sdk/usr/include/sys/ipc.h
/Applications/Xcode.app/Contents/Developer/Platforms/MacOSX.platform/Developer/SDKs/MacOSX26.1.sdk/usr/include/sys/mman.h
/Applications/Xcode.app/Contents/Developer/Platforms/MacOSX.platform/Developer/SDKs/MacOSX26.1.sdk/usr/include/sys/msg.h
/Applications/Xcode.app/Contents/Developer/Platforms/MacOSX.platform/Developer/SDKs/MacOSX26.1.sdk/usr/include/sys/sem.h
/Applications/Xcode.app/Contents/Developer/Platforms/MacOSX.platform/Developer/SDKs/MacOSX26.1.sdk/usr/include/sys/shm.h
/Applications/Xcode.app/Contents/Developer/Platforms/MacOSX.platform/Developer/SDKs/MacOSX26.1.sdk/usr/include/sys/posix_shm.h
/Applications/Xcode.app/Contents/Developer/Platforms/MacOSX.platform/Developer/SDKs/MacOSX26.1.sdk/usr/include/sys/statvfs.h
/Applications/Xcode.app/Contents/Developer/Platforms/MacOSX.platform/Developer/SDKs/MacOSX26.1.sdk/usr/include/sys/times.h
/Applications/Xcode.app/Contents/Developer/Platforms/MacOSX.platform/Developer/SDKs/MacOSX26.1.sdk/usr/include/sys/_types/_fsid_t.h
/Applications/Xcode.app/Contents/Developer/Platforms/MacOSX.platform/Developer/SDKs/MacOSX26.1.sdk/usr/include/sys/_types/_fsobj_id_t.h
/Applications/Xcode.app/Contents/Developer/Platforms/MacOSX.platform/Developer/SDKs/MacOSX26.1.sdk/usr/include/sys/_types/_graftdmg_un.h
/Applications/Xcode.app/Contents/Developer/Platforms/MacOSX.platform/Developer/SDKs/MacOSX26.1.sdk/usr/include/sys/_types/_guid_t.h
/Applications/Xcode.app/Contents/Developer/Platforms/MacOSX.platform/Developer/SDKs/MacOSX26.1.sdk/usr/include/sys/_types/_mount_t.h
/Applications/Xcode.app/Contents/Developer/Platforms/MacOSX.platform/Developer/SDKs/MacOSX26.1.sdk/usr/include/sys/_types/_os_inline.h
/Applications/Xcode.app/Contents/Developer/Platforms/MacOSX.platform/Developer/SDKs/MacOSX26.1.sdk/usr/include/sys/_types/_ucontext64.h
/Applications/Xcode.app/Contents/Developer/Platforms/MacOSX.platform/Developer/SDKs/MacOSX26.1.sdk/usr/include/sys/_types/_vnode_t.h
/Applications/Xcode.app/Contents/Developer/Platforms/MacOSX.platform/Developer/SDKs/MacOSX26.1.sdk/usr/include/sys/uio.h
/Applications/Xcode.app/Contents/Developer/Platforms/MacOSX.platform/Developer/SDKs/MacOSX26.1.sdk/usr/include/sys/un.h
/Applications/Xcode.app/Contents/Developer/Platforms/MacOSX.platform/Developer/SDKs/MacOSX26.1.sdk/usr/include/sys/utsname.h
/Applications/Xcode.app/Contents/Developer/Platforms/MacOSX.platform/Developer/SDKs/MacOSX26.1.sdk/usr/include/sys/vsock.h
/Applications/Xcode.app/Contents/Developer/Platforms/MacOSX.platform/Developer/SDKs/MacOSX26.1.sdk/usr/include/sys/ucred.h
/Applications/Xcode.app/Contents/Developer/Platforms/MacOSX.platform/Developer/SDKs/MacOSX26.1.sdk/usr/include/bsm/audit.h
/Applications/Xcode.app/Contents/Developer/Platforms/MacOSX.platform/Developer/SDKs/MacOSX26.1.sdk/usr/include/sys/socketvar.h
/Applications/Xcode.app/Contents/Developer/Platforms/MacOSX.platform/Developer/SDKs/MacOSX26.1.sdk/usr/include/sys/xattr.h
/Applications/Xcode.app/Contents/Developer/Platforms/MacOSX.platform/Developer/SDKs/MacOSX26.1.sdk/usr/include/_modules/_darwin_posix_sys_resource.h
/Applications/Xcode.app/Contents/Developer/Platforms/MacOSX.platform/Developer/SDKs/MacOSX26.1.sdk/usr/include/_modules/_darwin_posix_sys_select.h
/Applications/Xcode.app/Contents/Developer/Platforms/MacOSX.platform/Developer/SDKs/MacOSX26.1.sdk/usr/include/_modules/_darwin_posix_sys_wait.h
/Applications/Xcode.app/Contents/Developer/Platforms/MacOSX.platform/Developer/SDKs/MacOSX26.1.sdk/usr/include/syslog.h
/Applications/Xcode.app/Contents/Developer/Platforms/MacOSX.platform/Developer/SDKs/MacOSX26.1.sdk/usr/include/sys/syslog.h
/Applications/Xcode.app/Contents/Developer/Platforms/MacOSX.platform/Developer/SDKs/MacOSX26.1.sdk/usr/include/tar.h
/Applications/Xcode.app/Contents/Developer/Platforms/MacOSX.platform/Developer/SDKs/MacOSX26.1.sdk/usr/include/ulimit.h
/Applications/Xcode.app/Contents/Developer/Platforms/MacOSX.platform/Developer/SDKs/MacOSX26.1.sdk/usr/include/utime.h
/Applications/Xcode.app/Contents/Developer/Platforms/MacOSX.platform/Developer/SDKs/MacOSX26.1.sdk/usr/include/utmpx.h
/Applications/Xcode.app/Contents/Developer/Platforms/MacOSX.platform/Developer/SDKs/MacOSX26.1.sdk/usr/include/wordexp.h
/Applications/Xcode.app/Contents/Developer/Platforms/MacOSX.platform/Developer/SDKs/MacOSX26.1.sdk/usr/include/_modules/_darwin_posix_nl_types.h
/Applications/Xcode.app/Contents/Developer/Platforms/MacOSX.platform/Developer/SDKs/MacOSX26.1.sdk/usr/include/_modules/_darwin_posix_sched.h
/Applications/Xcode.app/Contents/Developer/Platforms/MacOSX.platform/Developer/SDKs/MacOSX26.1.sdk/usr/include/_modules/_darwin_posix_unistd.h
/Applications/Xcode.app/Contents/Developer/Platforms/MacOSX.platform/Developer/SDKs/MacOSX26.1.sdk/usr/include/net/bpf.h
/Applications/Xcode.app/Contents/Developer/Platforms/MacOSX.platform/Developer/SDKs/MacOSX26.1.sdk/usr/include/net/dlil.h
/Applications/Xcode.app/Contents/Developer/Platforms/MacOSX.platform/Developer/SDKs/MacOSX26.1.sdk/usr/include/net/ethernet.h
/Applications/Xcode.app/Contents/Developer/Platforms/MacOSX.platform/Developer/SDKs/MacOSX26.1.sdk/usr/include/net/if_arp.h
/Applications/Xcode.app/Contents/Developer/Platforms/MacOSX.platform/Developer/SDKs/MacOSX26.1.sdk/usr/include/net/if_llc.h
/Applications/Xcode.app/Contents/Developer/Platforms/MacOSX.platform/Developer/SDKs/MacOSX26.1.sdk/usr/include/net/if_media.h
/Applications/Xcode.app/Contents/Developer/Platforms/MacOSX.platform/Developer/SDKs/MacOSX26.1.sdk/usr/include/net/if_mib.h
/Applications/Xcode.app/Contents/Developer/Platforms/MacOSX.platform/Developer/SDKs/MacOSX26.1.sdk/usr/include/net/if_utun.h
/Applications/Xcode.app/Contents/Developer/Platforms/MacOSX.platform/Developer/SDKs/MacOSX26.1.sdk/usr/include/net/if_var_status.h
/Applications/Xcode.app/Contents/Developer/Platforms/MacOSX.platform/Developer/SDKs/MacOSX26.1.sdk/usr/include/net/kext_net.h
/Applications/Xcode.app/Contents/Developer/Platforms/MacOSX.platform/Developer/SDKs/MacOSX26.1.sdk/usr/include/net/ndrv.h
/Applications/Xcode.app/Contents/Developer/Platforms/MacOSX.platform/Developer/SDKs/MacOSX26.1.sdk/usr/include/net/pfkeyv2.h
/Applications/Xcode.app/Contents/Developer/Platforms/MacOSX.platform/Developer/SDKs/MacOSX26.1.sdk/usr/include/net/route.h
/Applications/Xcode.app/Contents/Developer/Platforms/MacOSX.platform/Developer/SDKs/MacOSX26.1.sdk/usr/include/netinet/bootp.h
/Applications/Xcode.app/Contents/Developer/Platforms/MacOSX.platform/Developer/SDKs/MacOSX26.1.sdk/usr/include/netinet/ip.h
/Applications/Xcode.app/Contents/Developer/Platforms/MacOSX.platform/Developer/SDKs/MacOSX26.1.sdk/usr/include/netinet/in_systm.h
/Applications/Xcode.app/Contents/Developer/Platforms/MacOSX.platform/Developer/SDKs/MacOSX26.1.sdk/usr/include/netinet/udp.h
/Applications/Xcode.app/Contents/Developer/Platforms/MacOSX.platform/Developer/SDKs/MacOSX26.1.sdk/usr/include/netinet/icmp6.h
/Applications/Xcode.app/Contents/Developer/Platforms/MacOSX.platform/Developer/SDKs/MacOSX26.1.sdk/usr/include/netinet/icmp_var.h
/Applications/Xcode.app/Contents/Developer/Platforms/MacOSX.platform/Developer/SDKs/MacOSX26.1.sdk/usr/include/netinet/ip_icmp.h
/Applications/Xcode.app/Contents/Developer/Platforms/MacOSX.platform/Developer/SDKs/MacOSX26.1.sdk/usr/include/netinet/if_ether.h
/Applications/Xcode.app/Contents/Developer/Platforms/MacOSX.platform/Developer/SDKs/MacOSX26.1.sdk/usr/include/netinet/igmp.h
/Applications/Xcode.app/Contents/Developer/Platforms/MacOSX.platform/Developer/SDKs/MacOSX26.1.sdk/usr/include/netinet/igmp_var.h
/Applications/Xcode.app/Contents/Developer/Platforms/MacOSX.platform/Developer/SDKs/MacOSX26.1.sdk/usr/include/netinet/in_pcb.h
/Applications/Xcode.app/Contents/Developer/Platforms/MacOSX.platform/Developer/SDKs/MacOSX26.1.sdk/usr/include/netinet/in_var.h
/Applications/Xcode.app/Contents/Developer/Platforms/MacOSX.platform/Developer/SDKs/MacOSX26.1.sdk/usr/include/sys/protosw.h
/Applications/Xcode.app/Contents/Developer/Platforms/MacOSX.platform/Developer/SDKs/MacOSX26.1.sdk/usr/include/sys/kern_event.h
/Applications/Xcode.app/Contents/Developer/Platforms/MacOSX.platform/Developer/SDKs/MacOSX26.1.sdk/usr/include/sys/sys_domain.h
/Applications/Xcode.app/Contents/Developer/Platforms/MacOSX.platform/Developer/SDKs/MacOSX26.1.sdk/usr/include/netinet6/in6_var.h
/Applications/Xcode.app/Contents/Developer/Platforms/MacOSX.platform/Developer/SDKs/MacOSX26.1.sdk/usr/include/netinet6/scope6_var.h
/Applications/Xcode.app/Contents/Developer/Platforms/MacOSX.platform/Developer/SDKs/MacOSX26.1.sdk/usr/include/netinet/ip6.h
/Applications/Xcode.app/Contents/Developer/Platforms/MacOSX.platform/Developer/SDKs/MacOSX26.1.sdk/usr/include/netinet/ip_var.h
/Applications/Xcode.app/Contents/Developer/Platforms/MacOSX.platform/Developer/SDKs/MacOSX26.1.sdk/usr/include/netinet/tcp_fsm.h
/Applications/Xcode.app/Contents/Developer/Platforms/MacOSX.platform/Developer/SDKs/MacOSX26.1.sdk/usr/include/netinet/tcp_seq.h
/Applications/Xcode.app/Contents/Developer/Platforms/MacOSX.platform/Developer/SDKs/MacOSX26.1.sdk/usr/include/netinet/tcp_timer.h
/Applications/Xcode.app/Contents/Developer/Platforms/MacOSX.platform/Developer/SDKs/MacOSX26.1.sdk/usr/include/netinet/tcp_var.h
/Applications/Xcode.app/Contents/Developer/Platforms/MacOSX.platform/Developer/SDKs/MacOSX26.1.sdk/usr/include/netinet/tcpip.h
/Applications/Xcode.app/Contents/Developer/Platforms/MacOSX.platform/Developer/SDKs/MacOSX26.1.sdk/usr/include/netinet/udp_var.h
/Applications/Xcode.app/Contents/Developer/Platforms/MacOSX.platform/Developer/SDKs/MacOSX26.1.sdk/usr/include/sys/sysctl.h
/Applications/Xcode.app/Contents/Developer/Platforms/MacOSX.platform/Developer/SDKs/MacOSX26.1.sdk/usr/include/sys/vm.h
/Applications/Xcode.app/Contents/Developer/Platforms/MacOSX.platform/Developer/SDKs/MacOSX26.1.sdk/usr/include/ar.h
/Applications/Xcode.app/Contents/Developer/Platforms/MacOSX.platform/Developer/SDKs/MacOSX26.1.sdk/usr/include/bank/bank_types.h
/Applications/Xcode.app/Contents/Developer/Platforms/MacOSX.platform/Developer/SDKs/MacOSX26.1.sdk/usr/include/os/base.h
/Applications/Xcode.app/Contents/Developer/Platforms/MacOSX.platform/Developer/SDKs/MacOSX26.1.sdk/usr/include/mach/mach_types.h
/Applications/Xcode.app/Contents/Developer/Platforms/MacOSX.platform/Developer/SDKs/MacOSX26.1.sdk/usr/include/mach/host_info.h
/Applications/Xcode.app/Contents/Developer/Platforms/MacOSX.platform/Developer/SDKs/MacOSX26.1.sdk/usr/include/mach/vm_statistics.h
/Applications/Xcode.app/Contents/Developer/Platforms/MacOSX.platform/Developer/SDKs/MacOSX26.1.sdk/usr/include/mach/time_value.h
/Applications/Xcode.app/Contents/Developer/Platforms/MacOSX.platform/Developer/SDKs/MacOSX26.1.sdk/usr/include/mach/host_notify.h
/Applications/Xcode.app/Contents/Developer/Platforms/MacOSX.platform/Developer/SDKs/MacOSX26.1.sdk/usr/include/mach/host_special_ports.h
/Applications/Xcode.app/Contents/Developer/Platforms/MacOSX.platform/Developer/SDKs/MacOSX26.1.sdk/usr/include/mach/memory_object_types.h
/Applications/Xcode.app/Contents/Developer/Platforms/MacOSX.platform/Developer/SDKs/MacOSX26.1.sdk/usr/include/mach/vm_prot.h
/Applications/Xcode.app/Contents/Developer/Platforms/MacOSX.platform/Developer/SDKs/MacOSX26.1.sdk/usr/include/mach/vm_sync.h
/Applications/Xcode.app/Contents/Developer/Platforms/MacOSX.platform/Developer/SDKs/MacOSX26.1.sdk/usr/include/mach/mach_voucher_types.h
/Applications/Xcode.app/Contents/Developer/Platforms/MacOSX.platform/Developer/SDKs/MacOSX26.1.sdk/usr/include/mach/std_types.h
/Applications/Xcode.app/Contents/Developer/Platforms/MacOSX.platform/Developer/SDKs/MacOSX26.1.sdk/usr/include/mach/processor_info.h
/Applications/Xcode.app/Contents/Developer/Platforms/MacOSX.platform/Developer/SDKs/MacOSX26.1.sdk/usr/include/mach/machine/processor_info.h
/Applications/Xcode.app/Contents/Developer/Platforms/MacOSX.platform/Developer/SDKs/MacOSX26.1.sdk/usr/include/mach/arm/processor_info.h
/Applications/Xcode.app/Contents/Developer/Platforms/MacOSX.platform/Developer/SDKs/MacOSX26.1.sdk/usr/include/mach/task_info.h
/Applications/Xcode.app/Contents/Developer/Platforms/MacOSX.platform/Developer/SDKs/MacOSX26.1.sdk/usr/include/mach/policy.h
/Applications/Xcode.app/Contents/Developer/Platforms/MacOSX.platform/Developer/SDKs/MacOSX26.1.sdk/usr/include/mach/task_inspect.h
/Applications/Xcode.app/Contents/Developer/Platforms/MacOSX.platform/Developer/SDKs/MacOSX26.1.sdk/usr/include/mach/task_policy.h
/Applications/Xcode.app/Contents/Developer/Platforms/MacOSX.platform/Developer/SDKs/MacOSX26.1.sdk/usr/include/mach/task_special_ports.h
/Applications/Xcode.app/Contents/Developer/Platforms/MacOSX.platform/Developer/SDKs/MacOSX26.1.sdk/usr/include/mach/thread_info.h
/Applications/Xcode.app/Contents/Developer/Platforms/MacOSX.platform/Developer/SDKs/MacOSX26.1.sdk/usr/include/mach/thread_policy.h
/Applications/Xcode.app/Contents/Developer/Platforms/MacOSX.platform/Developer/SDKs/MacOSX26.1.sdk/usr/include/mach/thread_special_ports.h
/Applications/Xcode.app/Contents/Developer/Platforms/MacOSX.platform/Developer/SDKs/MacOSX26.1.sdk/usr/include/mach/clock_types.h
/Applications/Xcode.app/Contents/Developer/Platforms/MacOSX.platform/Developer/SDKs/MacOSX26.1.sdk/usr/include/mach/vm_attributes.h
/Applications/Xcode.app/Contents/Developer/Platforms/MacOSX.platform/Developer/SDKs/MacOSX26.1.sdk/usr/include/mach/vm_inherit.h
/Applications/Xcode.app/Contents/Developer/Platforms/MacOSX.platform/Developer/SDKs/MacOSX26.1.sdk/usr/include/mach/vm_purgable.h
/Applications/Xcode.app/Contents/Developer/Platforms/MacOSX.platform/Developer/SDKs/MacOSX26.1.sdk/usr/include/mach/vm_behavior.h
/Applications/Xcode.app/Contents/Developer/Platforms/MacOSX.platform/Developer/SDKs/MacOSX26.1.sdk/usr/include/mach/vm_region.h
/Applications/Xcode.app/Contents/Developer/Platforms/MacOSX.platform/Developer/SDKs/MacOSX26.1.sdk/usr/include/mach/machine/vm_param.h
/Applications/Xcode.app/Contents/Developer/Platforms/MacOSX.platform/Developer/SDKs/MacOSX26.1.sdk/usr/include/mach/arm/vm_param.h
/Applications/Xcode.app/Contents/Developer/Platforms/MacOSX.platform/Developer/SDKs/MacOSX26.1.sdk/usr/include/mach/vm_page_size.h
/Applications/Xcode.app/Contents/Developer/Platforms/MacOSX.platform/Developer/SDKs/MacOSX26.1.sdk/usr/include/mach/kmod.h
/Applications/Xcode.app/Contents/Developer/Platforms/MacOSX.platform/Developer/SDKs/MacOSX26.1.sdk/usr/include/mach/dyld_kernel.h
/Applications/Xcode.app/Contents/Developer/Platforms/MacOSX.platform/Developer/SDKs/MacOSX26.1.sdk/usr/include/ConditionalMacros.h
/Applications/Xcode.app/Contents/Developer/Platforms/MacOSX.platform/Developer/SDKs/MacOSX26.1.sdk/usr/include/crt_externs.h
/Applications/Xcode.app/Contents/Developer/Platforms/MacOSX.platform/Developer/SDKs/MacOSX26.1.sdk/usr/include/fts.h
/Applications/Xcode.app/Contents/Developer/Platforms/MacOSX.platform/Developer/SDKs/MacOSX26.1.sdk/usr/include/getopt.h
/Applications/Xcode.app/Contents/Developer/Platforms/MacOSX.platform/Developer/SDKs/MacOSX26.1.sdk/usr/include/AssertMacros.h
/Applications/Xcode.app/Contents/Developer/Platforms/MacOSX.platform/Developer/SDKs/MacOSX26.1.sdk/usr/include/MacTypes.h
/Applications/Xcode.app/Contents/Developer/Platforms/MacOSX.platform/Developer/SDKs/MacOSX26.1.sdk/usr/include/mach/mach.h
/Applications/Xcode.app/Contents/Developer/Platforms/MacOSX.platform/Developer/SDKs/MacOSX26.1.sdk/usr/include/mach/mach_interface.h
/Applications/Xcode.app/Contents/Developer/Platforms/MacOSX.platform/Developer/SDKs/MacOSX26.1.sdk/usr/include/mach/clock_priv.h
/Applications/Xcode.app/Contents/Developer/Platforms/MacOSX.platform/Developer/SDKs/MacOSX26.1.sdk/usr/include/mach/ndr.h
/Applications/Xcode.app/Contents/Developer/Platforms/MacOSX.platform/Developer/SDKs/MacOSX26.1.sdk/usr/include/libkern/OSByteOrder.h
/Applications/Xcode.app/Contents/Developer/Platforms/MacOSX.platform/Developer/SDKs/MacOSX26.1.sdk/usr/include/libkern/arm/OSByteOrder.h
/Applications/Xcode.app/Contents/Developer/Platforms/MacOSX.platform/Developer/SDKs/MacOSX26.1.sdk/usr/include/arm/arch.h
/Applications/Xcode.app/Contents/Developer/Platforms/MacOSX.platform/Developer/SDKs/MacOSX26.1.sdk/usr/include/mach/notify.h
/Applications/Xcode.app/Contents/Developer/Platforms/MacOSX.platform/Developer/SDKs/MacOSX26.1.sdk/usr/include/mach/mig_errors.h
/Applications/Xcode.app/Contents/Developer/Platforms/MacOSX.platform/Developer/SDKs/MacOSX26.1.sdk/usr/include/mach/mig.h
/Applications/Xcode.app/Contents/Developer/Platforms/MacOSX.platform/Developer/SDKs/MacOSX26.1.sdk/usr/include/mach/host_priv.h
/Applications/Xcode.app/Contents/Developer/Platforms/MacOSX.platform/Developer/SDKs/MacOSX26.1.sdk/usr/include/mach_debug/mach_debug_types.h
/Applications/Xcode.app/Contents/Developer/Platforms/MacOSX.platform/Developer/SDKs/MacOSX26.1.sdk/usr/include/mach_debug/vm_info.h
/Applications/Xcode.app/Contents/Developer/Platforms/MacOSX.platform/Developer/SDKs/MacOSX26.1.sdk/usr/include/mach_debug/zone_info.h
/Applications/Xcode.app/Contents/Developer/Platforms/MacOSX.platform/Developer/SDKs/MacOSX26.1.sdk/usr/include/mach_debug/page_info.h
/Applications/Xcode.app/Contents/Developer/Platforms/MacOSX.platform/Developer/SDKs/MacOSX26.1.sdk/usr/include/mach_debug/hash_info.h
/Applications/Xcode.app/Contents/Developer/Platforms/MacOSX.platform/Developer/SDKs/MacOSX26.1.sdk/usr/include/mach_debug/lockgroup_info.h
/Applications/Xcode.app/Contents/Developer/Platforms/MacOSX.platform/Developer/SDKs/MacOSX26.1.sdk/usr/include/mach/host_security.h
/Applications/Xcode.app/Contents/Developer/Platforms/MacOSX.platform/Developer/SDKs/MacOSX26.1.sdk/usr/include/mach/processor.h
/Applications/Xcode.app/Contents/Developer/Platforms/MacOSX.platform/Developer/SDKs/MacOSX26.1.sdk/usr/include/mach/processor_set.h
/Applications/Xcode.app/Contents/Developer/Platforms/MacOSX.platform/Developer/SDKs/MacOSX26.1.sdk/usr/include/mach/semaphore.h
/Applications/Xcode.app/Contents/Developer/Platforms/MacOSX.platform/Developer/SDKs/MacOSX26.1.sdk/usr/include/mach/sync_policy.h
/Applications/Xcode.app/Contents/Developer/Platforms/MacOSX.platform/Developer/SDKs/MacOSX26.1.sdk/usr/include/mach/task.h
/Applications/Xcode.app/Contents/Developer/Platforms/MacOSX.platform/Developer/SDKs/MacOSX26.1.sdk/usr/include/mach/thread_act.h
/Applications/Xcode.app/Contents/Developer/Platforms/MacOSX.platform/Developer/SDKs/MacOSX26.1.sdk/usr/include/mach/vm_map.h
/Applications/Xcode.app/Contents/Developer/Platforms/MacOSX.platform/Developer/SDKs/MacOSX26.1.sdk/usr/include/mach/mach_port.h
/Applications/Xcode.app/Contents/Developer/Platforms/MacOSX.platform/Developer/SDKs/MacOSX26.1.sdk/usr/include/mach/mach_init.h
/Applications/Xcode.app/Contents/Developer/Platforms/MacOSX.platform/Developer/SDKs/MacOSX26.1.sdk/usr/include/mach/mach_traps.h
/Applications/Xcode.app/Contents/Developer/Platforms/MacOSX.platform/Developer/SDKs/MacOSX26.1.sdk/usr/include/mach/error.h
/Applications/Xcode.app/Contents/Developer/Platforms/MacOSX.platform/Developer/SDKs/MacOSX26.1.sdk/usr/include/mach/mach_host.h
/Applications/Xcode.app/Contents/Developer/Platforms/MacOSX.platform/Developer/SDKs/MacOSX26.1.sdk/usr/include/mach/thread_switch.h
/Applications/Xcode.app/Contents/Developer/Platforms/MacOSX.platform/Developer/SDKs/MacOSX26.1.sdk/usr/include/mach/rpc.h
/Applications/Xcode.app/Contents/Developer/Platforms/MacOSX.platform/Developer/SDKs/MacOSX26.1.sdk/usr/include/mach/machine/rpc.h
/Applications/Xcode.app/Contents/Developer/Platforms/MacOSX.platform/Developer/SDKs/MacOSX26.1.sdk/usr/include/mach/arm/rpc.h
/Applications/Xcode.app/Contents/Developer/Platforms/MacOSX.platform/Developer/SDKs/MacOSX26.1.sdk/usr/include/mach/mach_error.h
/Applications/Xcode.app/Contents/Developer/Platforms/MacOSX.platform/Developer/SDKs/MacOSX26.1.sdk/usr/include/mach/audit_triggers_types.h
/Applications/Xcode.app/Contents/Developer/Platforms/MacOSX.platform/Developer/SDKs/MacOSX26.1.sdk/usr/include/mach/bootstrap.h
/Applications/Xcode.app/Contents/Developer/Platforms/MacOSX.platform/Developer/SDKs/MacOSX26.1.sdk/usr/include/mach/clock.h
/Applications/Xcode.app/Contents/Developer/Platforms/MacOSX.platform/Developer/SDKs/MacOSX26.1.sdk/usr/include/mach/clock_reply.h
/Applications/Xcode.app/Contents/Developer/Platforms/MacOSX.platform/Developer/SDKs/MacOSX26.1.sdk/usr/include/mach/exc.h
/Applications/Xcode.app/Contents/Developer/Platforms/MacOSX.platform/Developer/SDKs/MacOSX26.1.sdk/usr/include/mach/exception.h
/Applications/Xcode.app/Contents/Developer/Platforms/MacOSX.platform/Developer/SDKs/MacOSX26.1.sdk/usr/include/mach/host_reboot.h
/Applications/Xcode.app/Contents/Developer/Platforms/MacOSX.platform/Developer/SDKs/MacOSX26.1.sdk/usr/include/arm64/hv/hv_kern_types.h
/Applications/Xcode.app/Contents/Developer/Platforms/MacOSX.platform/Developer/SDKs/MacOSX26.1.sdk/usr/include/mach/mach_param.h
/Applications/Xcode.app/Contents/Developer/Platforms/MacOSX.platform/Developer/SDKs/MacOSX26.1.sdk/usr/include/mach/mach_right.h
/Applications/Xcode.app/Contents/Developer/Platforms/MacOSX.platform/Developer/SDKs/MacOSX26.1.sdk/usr/include/mach/mach_syscalls.h
/Applications/Xcode.app/Contents/Developer/Platforms/MacOSX.platform/Developer/SDKs/MacOSX26.1.sdk/usr/include/mach/mach_time.h
/Applications/Xcode.app/Contents/Developer/Platforms/MacOSX.platform/Developer/SDKs/MacOSX26.1.sdk/usr/include/mach/mach_vm.h
/Applications/Xcode.app/Contents/Developer/Platforms/MacOSX.platform/Developer/SDKs/MacOSX26.1.sdk/usr/include/mach/mach_voucher.h
/Applications/Xcode.app/Contents/Developer/Platforms/MacOSX.platform/Developer/SDKs/MacOSX26.1.sdk/usr/include/mach/memory_entry.h
/Applications/Xcode.app/Contents/Developer/Platforms/MacOSX.platform/Developer/SDKs/MacOSX26.1.sdk/usr/include/mach/mig_strncpy_zerofill_support.h
/Applications/Xcode.app/Contents/Developer/Platforms/MacOSX.platform/Developer/SDKs/MacOSX26.1.sdk/usr/include/mach/mig_voucher_support.h
/Applications/Xcode.app/Contents/Developer/Platforms/MacOSX.platform/Developer/SDKs/MacOSX26.1.sdk/usr/include/mach/port_obj.h
/Applications/Xcode.app/Contents/Developer/Platforms/MacOSX.platform/Developer/SDKs/MacOSX26.1.sdk/usr/include/mach/sdt.h
/Applications/Xcode.app/Contents/Developer/Platforms/MacOSX.platform/Developer/SDKs/MacOSX26.1.sdk/usr/include/mach/machine/sdt.h
/Applications/Xcode.app/Contents/Developer/Platforms/MacOSX.platform/Developer/SDKs/MacOSX26.1.sdk/usr/include/sys/sdt.h
/Applications/Xcode.app/Contents/Developer/Platforms/MacOSX.platform/Developer/SDKs/MacOSX26.1.sdk/usr/include/mach/shared_region.h
/Applications/Xcode.app/Contents/Developer/Platforms/MacOSX.platform/Developer/SDKs/MacOSX26.1.sdk/usr/include/mach/sync.h
/Applications/Xcode.app/Contents/Developer/Platforms/MacOSX.platform/Developer/SDKs/MacOSX26.1.sdk/usr/include/mach/thread_state.h
/Applications/Xcode.app/Contents/Developer/Platforms/MacOSX.platform/Developer/SDKs/MacOSX26.1.sdk/usr/include/mach/vm_param.h
/Applications/Xcode.app/Contents/Developer/Platforms/MacOSX.platform/Developer/SDKs/MacOSX26.1.sdk/usr/include/mach/vm_task.h
/Applications/Xcode.app/Contents/Developer/Platforms/MacOSX.platform/Developer/SDKs/MacOSX26.1.sdk/usr/include/mach/machine/asm.h
/Applications/Xcode.app/Contents/Developer/Platforms/MacOSX.platform/Developer/SDKs/MacOSX26.1.sdk/usr/include/mach/arm64/asm.h
/Applications/Xcode.app/Contents/Developer/Platforms/MacOSX.platform/Developer/SDKs/MacOSX26.1.sdk/usr/include/mach/i386/asm.h
/Applications/Xcode.app/Contents/Developer/Platforms/MacOSX.platform/Developer/SDKs/MacOSX26.1.sdk/usr/include/mach/arm/asm.h
/Applications/Xcode.app/Contents/Developer/Platforms/MacOSX.platform/Developer/SDKs/MacOSX26.1.sdk/usr/include/mach/i386/boolean.h
/Applications/Xcode.app/Contents/Developer/Platforms/MacOSX.platform/Developer/SDKs/MacOSX26.1.sdk/usr/include/mach/i386/exception.h
/Applications/Xcode.app/Contents/Developer/Platforms/MacOSX.platform/Developer/SDKs/MacOSX26.1.sdk/usr/include/mach/i386/fp_reg.h
/Applications/Xcode.app/Contents/Developer/Platforms/MacOSX.platform/Developer/SDKs/MacOSX26.1.sdk/usr/include/mach/i386/kern_return.h
/Applications/Xcode.app/Contents/Developer/Platforms/MacOSX.platform/Developer/SDKs/MacOSX26.1.sdk/usr/include/mach/machine/ndr_def.h
/Applications/Xcode.app/Contents/Developer/Platforms/MacOSX.platform/Developer/SDKs/MacOSX26.1.sdk/usr/include/mach/arm/ndr_def.h
/Applications/Xcode.app/Contents/Developer/Platforms/MacOSX.platform/Developer/SDKs/MacOSX26.1.sdk/usr/include/mach/i386/processor_info.h
/Applications/Xcode.app/Contents/Developer/Platforms/MacOSX.platform/Developer/SDKs/MacOSX26.1.sdk/usr/include/mach/i386/rpc.h
/Applications/Xcode.app/Contents/Developer/Platforms/MacOSX.platform/Developer/SDKs/MacOSX26.1.sdk/usr/include/mach/machine/sdt_isa.h
/Applications/Xcode.app/Contents/Developer/Platforms/MacOSX.platform/Developer/SDKs/MacOSX26.1.sdk/usr/include/mach/arm/sdt_isa.h
/Applications/Xcode.app/Contents/Developer/Platforms/MacOSX.platform/Developer/SDKs/MacOSX26.1.sdk/usr/include/mach/i386/sdt_isa.h
/Applications/Xcode.app/Contents/Developer/Platforms/MacOSX.platform/Developer/SDKs/MacOSX26.1.sdk/usr/include/mach/i386/thread_state.h
/Applications/Xcode.app/Contents/Developer/Platforms/MacOSX.platform/Developer/SDKs/MacOSX26.1.sdk/usr/include/mach/i386/thread_status.h
/Applications/Xcode.app/Contents/Developer/Platforms/MacOSX.platform/Developer/SDKs/MacOSX26.1.sdk/usr/include/mach/arm/traps.h
/Applications/Xcode.app/Contents/Developer/Platforms/MacOSX.platform/Developer/SDKs/MacOSX26.1.sdk/usr/include/mach/i386/vm_param.h
/Applications/Xcode.app/Contents/Developer/Platforms/MacOSX.platform/Developer/SDKs/MacOSX26.1.sdk/usr/include/mach/i386/vm_types.h
/Applications/Xcode.app/Contents/Developer/Platforms/MacOSX.platform/Developer/SDKs/MacOSX26.1.sdk/usr/include/mach_debug/mach_debug.h
/Applications/Xcode.app/Contents/Developer/Platforms/MacOSX.platform/Developer/SDKs/MacOSX26.1.sdk/usr/include/device/device_types.h
/Applications/Xcode.app/Contents/Developer/Platforms/MacOSX.platform/Developer/SDKs/MacOSX26.1.sdk/usr/include/device/device_port.h
/Applications/Xcode.app/Contents/Developer/Platforms/MacOSX.platform/Developer/SDKs/MacOSX26.1.sdk/usr/include/libkern/OSAtomic.h
/Applications/Xcode.app/Contents/Developer/Platforms/MacOSX.platform/Developer/SDKs/MacOSX26.1.sdk/usr/include/libkern/OSAtomicDeprecated.h
/Applications/Xcode.app/Contents/Developer/Platforms/MacOSX.platform/Developer/SDKs/MacOSX26.1.sdk/usr/include/libkern/OSSpinLockDeprecated.h
/Applications/Xcode.app/Contents/Developer/Platforms/MacOSX.platform/Developer/SDKs/MacOSX26.1.sdk/usr/include/libkern/OSAtomicQueue.h
/Applications/Xcode.app/Contents/Developer/Platforms/MacOSX.platform/Developer/SDKs/MacOSX26.1.sdk/usr/include/libkern/machine/OSByteOrder.h
/Applications/Xcode.app/Contents/Developer/Platforms/MacOSX.platform/Developer/SDKs/MacOSX26.1.sdk/usr/include/libkern/i386/OSByteOrder.h
/Applications/Xcode.app/Contents/Developer/Platforms/MacOSX.platform/Developer/SDKs/MacOSX26.1.sdk/usr/include/libproc.h
/Applications/Xcode.app/Contents/Developer/Platforms/MacOSX.platform/Developer/SDKs/MacOSX26.1.sdk/usr/include/sys/mount.h
/Applications/Xcode.app/Contents/Developer/Platforms/MacOSX.platform/Developer/SDKs/MacOSX26.1.sdk/usr/include/sys/attr.h
/Applications/Xcode.app/Contents/Developer/Platforms/MacOSX.platform/Developer/SDKs/MacOSX26.1.sdk/usr/include/sys/proc_info.h
/Applications/Xcode.app/Contents/Developer/Platforms/MacOSX.platform/Developer/SDKs/MacOSX26.1.sdk/usr/include/sys/kern_control.h
/Applications/Xcode.app/Contents/Developer/Platforms/MacOSX.platform/Developer/SDKs/MacOSX26.1.sdk/usr/include/os/clock.h
/Applications/Xcode.app/Contents/Developer/Platforms/MacOSX.platform/Developer/SDKs/MacOSX26.1.sdk/usr/include/os/lock.h
/Applications/Xcode.app/Contents/Developer/Platforms/MacOSX.platform/Developer/SDKs/MacOSX26.1.sdk/usr/include/os/proc.h
/Applications/Xcode.app/Contents/Developer/Platforms/MacOSX.platform/Developer/SDKs/MacOSX26.1.sdk/usr/include/malloc/malloc.h
/Applications/Xcode.app/Contents/Developer/Platforms/MacOSX.platform/Developer/SDKs/MacOSX26.1.sdk/usr/include/malloc/_platform.h
/Applications/Xcode.app/Contents/Developer/Platforms/MacOSX.platform/Developer/SDKs/MacOSX26.1.sdk/usr/include/sys/malloc.h
/Applications/Xcode.app/Contents/Developer/Platforms/MacOSX.platform/Developer/SDKs/MacOSX26.1.sdk/usr/include/i386/_param.h
/Applications/Xcode.app/Contents/Developer/Platforms/MacOSX.platform/Developer/SDKs/MacOSX26.1.sdk/usr/include/machine/byte_order.h
/Applications/Xcode.app/Contents/Developer/Platforms/MacOSX.platform/Developer/SDKs/MacOSX26.1.sdk/usr/include/architecture/byte_order.h
/Applications/Xcode.app/Contents/Developer/Platforms/MacOSX.platform/Developer/SDKs/MacOSX26.1.sdk/usr/include/i386/eflags.h
/Applications/Xcode.app/Contents/Developer/Platforms/MacOSX.platform/Developer/SDKs/MacOSX26.1.sdk/usr/include/machine/fasttrap_isa.h
/Applications/Xcode.app/Contents/Developer/Platforms/MacOSX.platform/Developer/SDKs/MacOSX26.1.sdk/usr/include/arm/fasttrap_isa.h
/Applications/Xcode.app/Contents/Developer/Platforms/MacOSX.platform/Developer/SDKs/MacOSX26.1.sdk/usr/include/i386/fasttrap_isa.h
/Applications/Xcode.app/Contents/Developer/Platforms/MacOSX.platform/Developer/SDKs/MacOSX26.1.sdk/usr/include/i386/param.h
/Applications/Xcode.app/Contents/Developer/Platforms/MacOSX.platform/Developer/SDKs/MacOSX26.1.sdk/usr/include/machine/profile.h
/Applications/Xcode.app/Contents/Developer/Platforms/MacOSX.platform/Developer/SDKs/MacOSX26.1.sdk/usr/include/arm/profile.h
/Applications/Xcode.app/Contents/Developer/Platforms/MacOSX.platform/Developer/SDKs/MacOSX26.1.sdk/usr/include/i386/profile.h
/Applications/Xcode.app/Contents/Developer/Platforms/MacOSX.platform/Developer/SDKs/MacOSX26.1.sdk/usr/include/i386/user_ldt.h
/Applications/Xcode.app/Contents/Developer/Platforms/MacOSX.platform/Developer/SDKs/MacOSX26.1.sdk/usr/include/machine/vmparam.h
/Applications/Xcode.app/Contents/Developer/Platforms/MacOSX.platform/Developer/SDKs/MacOSX26.1.sdk/usr/include/arm/vmparam.h
/Applications/Xcode.app/Contents/Developer/Platforms/MacOSX.platform/Developer/SDKs/MacOSX26.1.sdk/usr/include/i386/vmparam.h
/Applications/Xcode.app/Contents/Developer/Platforms/MacOSX.platform/Developer/SDKs/MacOSX26.1.sdk/usr/include/aliasdb.h
/Applications/Xcode.app/Contents/Developer/Platforms/MacOSX.platform/Developer/SDKs/MacOSX26.1.sdk/usr/include/bootparams.h
/Applications/Xcode.app/Contents/Developer/Platforms/MacOSX.platform/Developer/SDKs/MacOSX26.1.sdk/usr/include/Block.h
/Applications/Xcode.app/Contents/Developer/Platforms/MacOSX.platform/Developer/SDKs/MacOSX26.1.sdk/usr/include/bsm/audit_domain.h
/Applications/Xcode.app/Contents/Developer/Platforms/MacOSX.platform/Developer/SDKs/MacOSX26.1.sdk/usr/include/bsm/audit_errno.h
/Applications/Xcode.app/Contents/Developer/Platforms/MacOSX.platform/Developer/SDKs/MacOSX26.1.sdk/usr/include/bsm/audit_fcntl.h
/Applications/Xcode.app/Contents/Developer/Platforms/MacOSX.platform/Developer/SDKs/MacOSX26.1.sdk/usr/include/bsm/audit_filter.h
/Applications/Xcode.app/Contents/Developer/Platforms/MacOSX.platform/Developer/SDKs/MacOSX26.1.sdk/usr/include/bsm/libbsm.h
/Applications/Xcode.app/Contents/Developer/Platforms/MacOSX.platform/Developer/SDKs/MacOSX26.1.sdk/usr/include/bsm/audit_record.h
/Applications/Xcode.app/Contents/Developer/Platforms/MacOSX.platform/Developer/SDKs/MacOSX26.1.sdk/usr/include/bsm/audit_internal.h
/Applications/Xcode.app/Contents/Developer/Platforms/MacOSX.platform/Developer/SDKs/MacOSX26.1.sdk/usr/include/bsm/audit_kevents.h
/Applications/Xcode.app/Contents/Developer/Platforms/MacOSX.platform/Developer/SDKs/MacOSX26.1.sdk/usr/include/bsm/audit_session.h
/Applications/Xcode.app/Contents/Developer/Platforms/MacOSX.platform/Developer/SDKs/MacOSX26.1.sdk/usr/include/bsm/audit_socket_type.h
/Applications/Xcode.app/Contents/Developer/Platforms/MacOSX.platform/Developer/SDKs/MacOSX26.1.sdk/usr/include/bsm/audit_uevents.h
/Applications/Xcode.app/Contents/Developer/Platforms/MacOSX.platform/Developer/SDKs/MacOSX26.1.sdk/usr/include/execinfo.h
/Applications/Xcode.app/Contents/Developer/Platforms/MacOSX.platform/Developer/SDKs/MacOSX26.1.sdk/usr/include/fstab.h
/Applications/Xcode.app/Contents/Developer/Platforms/MacOSX.platform/Developer/SDKs/MacOSX26.1.sdk/usr/include/hfs/hfs_format.h
/Applications/Xcode.app/Contents/Developer/Platforms/MacOSX.platform/Developer/SDKs/MacOSX26.1.sdk/usr/include/hfs/hfs_unistr.h
/Applications/Xcode.app/Contents/Developer/Platforms/MacOSX.platform/Developer/SDKs/MacOSX26.1.sdk/usr/include/hfs/hfs_mount.h
/Applications/Xcode.app/Contents/Developer/Platforms/MacOSX.platform/Developer/SDKs/MacOSX26.1.sdk/usr/include/membership.h
/Applications/Xcode.app/Contents/Developer/Platforms/MacOSX.platform/Developer/SDKs/MacOSX26.1.sdk/usr/include/ntsid.h
/Applications/Xcode.app/Contents/Developer/Platforms/MacOSX.platform/Developer/SDKs/MacOSX26.1.sdk/usr/include/curses.h
/Applications/Xcode.app/Contents/Developer/Platforms/MacOSX.platform/Developer/SDKs/MacOSX26.1.sdk/usr/include/ncurses_dll.h
/Applications/Xcode.app/Contents/Developer/Platforms/MacOSX.platform/Developer/SDKs/MacOSX26.1.sdk/usr/include/unctrl.h
/Applications/Xcode.app/Contents/Developer/Platforms/MacOSX.platform/Developer/SDKs/MacOSX26.1.sdk/usr/include/eti.h
/Applications/Xcode.app/Contents/Developer/Platforms/MacOSX.platform/Developer/SDKs/MacOSX26.1.sdk/usr/include/nc_tparm.h
/Applications/Xcode.app/Contents/Developer/Platforms/MacOSX.platform/Developer/SDKs/MacOSX26.1.sdk/usr/include/form.h
/Applications/Xcode.app/Contents/Developer/Platforms/MacOSX.platform/Developer/SDKs/MacOSX26.1.sdk/usr/include/menu.h
/Applications/Xcode.app/Contents/Developer/Platforms/MacOSX.platform/Developer/SDKs/MacOSX26.1.sdk/usr/include/panel.h
/Applications/Xcode.app/Contents/Developer/Platforms/MacOSX.platform/Developer/SDKs/MacOSX26.1.sdk/usr/include/netinet6/ah.h
/Applications/Xcode.app/Contents/Developer/Platforms/MacOSX.platform/Developer/SDKs/MacOSX26.1.sdk/usr/include/netinet6/esp.h
/Applications/Xcode.app/Contents/Developer/Platforms/MacOSX.platform/Developer/SDKs/MacOSX26.1.sdk/usr/include/netinet6/ipcomp.h
/Applications/Xcode.app/Contents/Developer/Platforms/MacOSX.platform/Developer/SDKs/MacOSX26.1.sdk/usr/include/netinet6/ipsec.h
/Applications/Xcode.app/Contents/Developer/Platforms/MacOSX.platform/Developer/SDKs/MacOSX26.1.sdk/usr/include/netinet6/raw_ip6.h
/Applications/Xcode.app/Contents/Developer/Platforms/MacOSX.platform/Developer/SDKs/MacOSX26.1.sdk/usr/include/printerdb.h
/Applications/Xcode.app/Contents/Developer/Platforms/MacOSX.platform/Developer/SDKs/MacOSX26.1.sdk/usr/include/sys/_structs.h
/Applications/Xcode.app/Contents/Developer/Platforms/MacOSX.platform/Developer/SDKs/MacOSX26.1.sdk/usr/include/sys/acct.h
/Applications/Xcode.app/Contents/Developer/Platforms/MacOSX.platform/Developer/SDKs/MacOSX26.1.sdk/usr/include/sys/acl.h
/Applications/Xcode.app/Contents/Developer/Platforms/MacOSX.platform/Developer/SDKs/MacOSX26.1.sdk/usr/include/sys/kauth.h
/Applications/Xcode.app/Contents/Developer/Platforms/MacOSX.platform/Developer/SDKs/MacOSX26.1.sdk/usr/include/sys/buf.h
/Applications/Xcode.app/Contents/Developer/Platforms/MacOSX.platform/Developer/SDKs/MacOSX26.1.sdk/usr/include/sys/kernel_types.h
/Applications/Xcode.app/Contents/Developer/Platforms/MacOSX.platform/Developer/SDKs/MacOSX26.1.sdk/usr/include/sys/clonefile.h
/Applications/Xcode.app/Contents/Developer/Platforms/MacOSX.platform/Developer/SDKs/MacOSX26.1.sdk/usr/include/sys/commpage.h
/Applications/Xcode.app/Contents/Developer/Platforms/MacOSX.platform/Developer/SDKs/MacOSX26.1.sdk/usr/include/sys/conf.h
/Applications/Xcode.app/Contents/Developer/Platforms/MacOSX.platform/Developer/SDKs/MacOSX26.1.sdk/usr/include/sys/disk.h
/Applications/Xcode.app/Contents/Developer/Platforms/MacOSX.platform/Developer/SDKs/MacOSX26.1.sdk/usr/include/sys/dkstat.h
/Applications/Xcode.app/Contents/Developer/Platforms/MacOSX.platform/Developer/SDKs/MacOSX26.1.sdk/usr/include/sys/domain.h
/Applications/Xcode.app/Contents/Developer/Platforms/MacOSX.platform/Developer/SDKs/MacOSX26.1.sdk/usr/include/sys/ev.h
/Applications/Xcode.app/Contents/Developer/Platforms/MacOSX.platform/Developer/SDKs/MacOSX26.1.sdk/usr/include/sys/file.h
/Applications/Xcode.app/Contents/Developer/Platforms/MacOSX.platform/Developer/SDKs/MacOSX26.1.sdk/usr/include/sys/filedesc.h
/Applications/Xcode.app/Contents/Developer/Platforms/MacOSX.platform/Developer/SDKs/MacOSX26.1.sdk/usr/include/sys/fileport.h
/Applications/Xcode.app/Contents/Developer/Platforms/MacOSX.platform/Developer/SDKs/MacOSX26.1.sdk/usr/include/sys/fsgetpath.h
/Applications/Xcode.app/Contents/Developer/Platforms/MacOSX.platform/Developer/SDKs/MacOSX26.1.sdk/usr/include/sys/gmon.h
/Applications/Xcode.app/Contents/Developer/Platforms/MacOSX.platform/Developer/SDKs/MacOSX26.1.sdk/usr/include/sys/ioctl_compat.h
/Applications/Xcode.app/Contents/Developer/Platforms/MacOSX.platform/Developer/SDKs/MacOSX26.1.sdk/usr/include/sys/ttychars.h
/Applications/Xcode.app/Contents/Developer/Platforms/MacOSX.platform/Developer/SDKs/MacOSX26.1.sdk/usr/include/sys/ttydev.h
/Applications/Xcode.app/Contents/Developer/Platforms/MacOSX.platform/Developer/SDKs/MacOSX26.1.sdk/usr/include/sys/kdebug.h
/Applications/Xcode.app/Contents/Developer/Platforms/MacOSX.platform/Developer/SDKs/MacOSX26.1.sdk/usr/include/sys/kdebug_signpost.h
/Applications/Xcode.app/Contents/Developer/Platforms/MacOSX.platform/Developer/SDKs/MacOSX26.1.sdk/usr/include/sys/lctx.h
/Applications/Xcode.app/Contents/Developer/Platforms/MacOSX.platform/Developer/SDKs/MacOSX26.1.sdk/usr/include/sys/mbuf.h
/Applications/Xcode.app/Contents/Developer/Platforms/MacOSX.platform/Developer/SDKs/MacOSX26.1.sdk/usr/include/sys/msgbuf.h
/Applications/Xcode.app/Contents/Developer/Platforms/MacOSX.platform/Developer/SDKs/MacOSX26.1.sdk/usr/include/sys/netport.h
/Applications/Xcode.app/Contents/Developer/Platforms/MacOSX.platform/Developer/SDKs/MacOSX26.1.sdk/usr/include/sys/paths.h
/Applications/Xcode.app/Contents/Developer/Platforms/MacOSX.platform/Developer/SDKs/MacOSX26.1.sdk/usr/include/sys/pipe.h
/Applications/Xcode.app/Contents/Developer/Platforms/MacOSX.platform/Developer/SDKs/MacOSX26.1.sdk/usr/include/sys/quota.h
/Applications/Xcode.app/Contents/Developer/Platforms/MacOSX.platform/Developer/SDKs/MacOSX26.1.sdk/usr/include/sys/rbtree.h
/Applications/Xcode.app/Contents/Developer/Platforms/MacOSX.platform/Developer/SDKs/MacOSX26.1.sdk/usr/include/sys/reboot.h
/Applications/Xcode.app/Contents/Developer/Platforms/MacOSX.platform/Developer/SDKs/MacOSX26.1.sdk/usr/include/sys/resourcevar.h
/Applications/Xcode.app/Contents/Developer/Platforms/MacOSX.platform/Developer/SDKs/MacOSX26.1.sdk/usr/include/sys/sbuf.h
/Applications/Xcode.app/Contents/Developer/Platforms/MacOSX.platform/Developer/SDKs/MacOSX26.1.sdk/usr/include/sys/signalvar.h
/Applications/Xcode.app/Contents/Developer/Platforms/MacOSX.platform/Developer/SDKs/MacOSX26.1.sdk/usr/include/sys/syscall.h
/Applications/Xcode.app/Contents/Developer/Platforms/MacOSX.platform/Developer/SDKs/MacOSX26.1.sdk/usr/include/sys/timeb.h
/Applications/Xcode.app/Contents/Developer/Platforms/MacOSX.platform/Developer/SDKs/MacOSX26.1.sdk/usr/include/sys/trace.h
/Applications/Xcode.app/Contents/Developer/Platforms/MacOSX.platform/Developer/SDKs/MacOSX26.1.sdk/usr/include/sys/tty.h
/Applications/Xcode.app/Contents/Developer/Platforms/MacOSX.platform/Developer/SDKs/MacOSX26.1.sdk/usr/include/sys/ucontext.h
/Applications/Xcode.app/Contents/Developer/Platforms/MacOSX.platform/Developer/SDKs/MacOSX26.1.sdk/usr/include/sys/unpcb.h
/Applications/Xcode.app/Contents/Developer/Platforms/MacOSX.platform/Developer/SDKs/MacOSX26.1.sdk/usr/include/sys/user.h
/Applications/Xcode.app/Contents/Developer/Platforms/MacOSX.platform/Developer/SDKs/MacOSX26.1.sdk/usr/include/sys/utfconv.h
/Applications/Xcode.app/Contents/Developer/Platforms/MacOSX.platform/Developer/SDKs/MacOSX26.1.sdk/usr/include/sys/vcmd.h
/Applications/Xcode.app/Contents/Developer/Platforms/MacOSX.platform/Developer/SDKs/MacOSX26.1.sdk/usr/include/sys/vnode.h
/Applications/Xcode.app/Contents/Developer/Platforms/MacOSX.platform/Developer/SDKs/MacOSX26.1.sdk/usr/include/_modules/_darwin_sys_signal.h
/Applications/Xcode.app/Contents/Developer/Platforms/MacOSX.platform/Developer/SDKs/MacOSX26.1.sdk/usr/include/sysdir.h
/Applications/Xcode.app/Contents/Developer/Platforms/MacOSX.platform/Developer/SDKs/MacOSX26.1.sdk/usr/include/libc.h
/Applications/Xcode.app/Contents/Developer/Platforms/MacOSX.platform/Developer/SDKs/MacOSX26.1.sdk/usr/include/paths.h
/Applications/Xcode.app/Contents/Developer/Platforms/MacOSX.platform/Developer/SDKs/MacOSX26.1.sdk/usr/include/sysexits.h
/Applications/Xcode.app/Contents/Developer/Platforms/MacOSX.platform/Developer/SDKs/MacOSX26.1.sdk/SDKSettings.json
/Applications/Xcode.app/Contents/Developer/Toolchains/XcodeDefault.xctoolchain/usr/lib/swift/macosx/prebuilt-modules/26.1/Darwin.swiftmodule/arm64e-apple-macos.swiftmodule
/Applications/Xcode.app/Contents/Developer/Platforms/MacOSX.platform/Developer/SDKs/MacOSX26.1.sdk/System/Library/Frameworks/DiskArbitration.framework/Modules/module.modulemap
/Applications/Xcode.app/Contents/Developer/Platforms/MacOSX.platform/Developer/SDKs/MacOSX26.1.sdk/System/Library/Frameworks/DiskArbitration.framework/Headers/DiskArbitration.h
/Applications/Xcode.app/Contents/Developer/Platforms/MacOSX.platform/Developer/SDKs/MacOSX26.1.sdk/System/Library/Frameworks/CoreFoundation.framework/Modules/module.modulemap
/Applications/Xcode.app/Contents/Developer/Platforms/MacOSX.platform/Developer/SDKs/MacOSX26.1.sdk/usr/include/Darwin.modulemap
/Applications/Xcode.app/Contents/Developer/Platforms/MacOSX.platform/Developer/SDKs/MacOSX26.1.sdk/usr/include/DarwinFoundation1.modulemap
/Applications/Xcode.app/Contents/Developer/Platforms/MacOSX.platform/Developer/SDKs/MacOSX26.1.sdk/System/Library/Frameworks/DiskArbitration.framework/Headers/DADisk.h
/Applications/Xcode.app/Contents/Developer/Platforms/MacOSX.platform/Developer/SDKs/MacOSX26.1.sdk/System/Library/Frameworks/IOKit.framework/Modules/module.modulemap
/Applications/Xcode.app/Contents/Developer/Platforms/MacOSX.platform/Developer/SDKs/MacOSX26.1.sdk/System/Library/Frameworks/DiskArbitration.framework/Headers/DASession.h
/Applications/Xcode.app/Contents/Developer/Platforms/MacOSX.platform/Developer/SDKs/MacOSX26.1.sdk/System/Library/Frameworks/DiskArbitration.framework/Headers/DADissenter.h
/Applications/Xcode.app/Contents/Developer/Platforms/MacOSX.platform/Developer/SDKs/MacOSX26.1.sdk/SDKSettings.json
/Applications/Xcode.app/Contents/Developer/Platforms/MacOSX.platform/Developer/SDKs/MacOSX26.1.sdk/usr/include/Dispatch.apinotes
/Applications/Xcode.app/Contents/Developer/Platforms/MacOSX.platform/Developer/SDKs/MacOSX26.1.sdk/usr/include/dispatch.modulemap
/Applications/Xcode.app/Contents/Developer/Platforms/MacOSX.platform/Developer/SDKs/MacOSX26.1.sdk/usr/include/os.modulemap
/Applications/Xcode.app/Contents/Developer/Platforms/MacOSX.platform/Developer/SDKs/MacOSX26.1.sdk/usr/include/Darwin.modulemap
/Applications/Xcode.app/Contents/Developer/Platforms/MacOSX.platform/Developer/SDKs/MacOSX26.1.sdk/usr/include/Darwin_C.modulemap
/Applications/Xcode.app/Contents/Developer/Platforms/MacOSX.platform/Developer/SDKs/MacOSX26.1.sdk/usr/include/Darwin_POSIX.modulemap
/Applications/Xcode.app/Contents/Developer/Platforms/MacOSX.platform/Developer/SDKs/MacOSX26.1.sdk/usr/include/net.modulemap
/Applications/Xcode.app/Contents/Developer/Platforms/MacOSX.platform/Developer/SDKs/MacOSX26.1.sdk/usr/include/netinet.modulemap
/Applications/Xcode.app/Contents/Developer/Platforms/MacOSX.platform/Developer/SDKs/MacOSX26.1.sdk/usr/include/bank.modulemap
/Applications/Xcode.app/Contents/Developer/Platforms/MacOSX.platform/Developer/SDKs/MacOSX26.1.sdk/usr/include/Darwin_Mach.modulemap
/Applications/Xcode.app/Contents/Developer/Platforms/MacOSX.platform/Developer/SDKs/MacOSX26.1.sdk/usr/include/Darwin_Mach_machine.modulemap
/Applications/Xcode.app/Contents/Developer/Platforms/MacOSX.platform/Developer/SDKs/MacOSX26.1.sdk/usr/include/mach_debug.modulemap
/Applications/Xcode.app/Contents/Developer/Platforms/MacOSX.platform/Developer/SDKs/MacOSX26.1.sdk/usr/include/device.modulemap
/Applications/Xcode.app/Contents/Developer/Platforms/MacOSX.platform/Developer/SDKs/MacOSX26.1.sdk/usr/include/Darwin_machine.modulemap
/Applications/Xcode.app/Contents/Developer/Platforms/MacOSX.platform/Developer/SDKs/MacOSX26.1.sdk/usr/include/ncurses.modulemap
/Applications/Xcode.app/Contents/Developer/Platforms/MacOSX.platform/Developer/SDKs/MacOSX26.1.sdk/usr/include/netinet6.modulemap
/Applications/Xcode.app/Contents/Developer/Platforms/MacOSX.platform/Developer/SDKs/MacOSX26.1.sdk/usr/include/Darwin_sys.modulemap
/Applications/Xcode.app/Contents/Developer/Platforms/MacOSX.platform/Developer/SDKs/MacOSX26.1.sdk/usr/include/uuid.modulemap
/Applications/Xcode.app/Contents/Developer/Platforms/MacOSX.platform/Developer/SDKs/MacOSX26.1.sdk/usr/include/DarwinFoundation2.modulemap
/Applications/Xcode.app/Contents/Developer/Platforms/MacOSX.platform/Developer/SDKs/MacOSX26.1.sdk/usr/include/DarwinFoundation3.modulemap
/Applications/Xcode.app/Contents/Developer/Platforms/MacOSX.platform/Developer/SDKs/MacOSX26.1.sdk/usr/include/DarwinFoundation1.modulemap
/Applications/Xcode.app/Contents/Developer/Platforms/MacOSX.platform/Developer/SDKs/MacOSX26.1.sdk/usr/include/dispatch/dispatch.h
/Applications/Xcode.app/Contents/Developer/Toolchains/XcodeDefault.xctoolchain/usr/lib/swift/clang/include/module.modulemap
/Applications/Xcode.app/Contents/Developer/Toolchains/XcodeDefault.xctoolchain/usr/lib/swift/clang/include/stddef.h
/Applications/Xcode.app/Contents/Developer/Toolchains/XcodeDefault.xctoolchain/usr/lib/swift/clang/include/stdarg.h
/Applications/Xcode.app/Contents/Developer/Platforms/MacOSX.platform/Developer/SDKs/MacOSX26.1.sdk/usr/include/string.h
/Applications/Xcode.app/Contents/Developer/Platforms/MacOSX.platform/Developer/SDKs/MacOSX26.1.sdk/usr/include/dispatch/base.h
/Applications/Xcode.app/Contents/Developer/Platforms/MacOSX.platform/Developer/SDKs/MacOSX26.1.sdk/usr/include/dispatch/time.h
/Applications/Xcode.app/Contents/Developer/Platforms/MacOSX.platform/Developer/SDKs/MacOSX26.1.sdk/usr/include/dispatch/object.h
/Applications/Xcode.app/Contents/Developer/Platforms/MacOSX.platform/Developer/SDKs/MacOSX26.1.sdk/usr/include/dispatch/queue.h
/Applications/Xcode.app/Contents/Developer/Platforms/MacOSX.platform/Developer/SDKs/MacOSX26.1.sdk/usr/include/dispatch/block.h
/Applications/Xcode.app/Contents/Developer/Platforms/MacOSX.platform/Developer/SDKs/MacOSX26.1.sdk/usr/include/dispatch/source.h
/Applications/Xcode.app/Contents/Developer/Platforms/MacOSX.platform/Developer/SDKs/MacOSX26.1.sdk/usr/include/dispatch/group.h
/Applications/Xcode.app/Contents/Developer/Platforms/MacOSX.platform/Developer/SDKs/MacOSX26.1.sdk/usr/include/dispatch/semaphore.h
/Applications/Xcode.app/Contents/Developer/Platforms/MacOSX.platform/Developer/SDKs/MacOSX26.1.sdk/usr/include/dispatch/once.h
/Applications/Xcode.app/Contents/Developer/Platforms/MacOSX.platform/Developer/SDKs/MacOSX26.1.sdk/usr/include/dispatch/data.h
/Applications/Xcode.app/Contents/Developer/Platforms/MacOSX.platform/Developer/SDKs/MacOSX26.1.sdk/usr/include/dispatch/io.h
/Applications/Xcode.app/Contents/Developer/Platforms/MacOSX.platform/Developer/SDKs/MacOSX26.1.sdk/usr/include/dispatch/workloop.h
/Applications/Xcode.app/Contents/Developer/Platforms/MacOSX.platform/Developer/SDKs/MacOSX26.1.sdk/usr/include/dispatch/dispatch_swift_shims.h
/Applications/Xcode.app/Contents/Developer/Platforms/MacOSX.platform/Developer/SDKs/MacOSX26.1.sdk/SDKSettings.json
/Applications/Xcode.app/Contents/Developer/Toolchains/XcodeDefault.xctoolchain/usr/lib/swift/macosx/prebuilt-modules/26.1/Dispatch.swiftmodule/arm64e-apple-macos.swiftmodule
/Applications/Xcode.app/Contents/Developer/Toolchains/XcodeDefault.xctoolchain/usr/lib/swift/macosx/prebuilt-modules/26.1/Foundation.swiftmodule/arm64e-apple-macos.swiftmodule
/Applications/Xcode.app/Contents/Developer/Platforms/MacOSX.platform/Developer/SDKs/MacOSX26.1.sdk/System/Library/Frameworks/Foundation.framework/Headers/Foundation.apinotes
/Applications/Xcode.app/Contents/Developer/Platforms/MacOSX.platform/Developer/SDKs/MacOSX26.1.sdk/System/Library/Frameworks/Foundation.framework/Modules/module.modulemap
/Applications/Xcode.app/Contents/Developer/Platforms/MacOSX.platform/Developer/SDKs/MacOSX26.1.sdk/System/Library/Frameworks/Foundation.framework/Headers/Foundation.h
/Applications/Xcode.app/Contents/Developer/Platforms/MacOSX.platform/Developer/SDKs/MacOSX26.1.sdk/System/Library/Frameworks/CoreFoundation.framework/Modules/module.modulemap
/Applications/Xcode.app/Contents/Developer/Platforms/MacOSX.platform/Developer/SDKs/MacOSX26.1.sdk/System/Library/Frameworks/Foundation.framework/Headers/NSObjCRuntime.h
/Applications/Xcode.app/Contents/Developer/Platforms/MacOSX.platform/Developer/SDKs/MacOSX26.1.sdk/usr/include/xpc.modulemap
/Applications/Xcode.app/Contents/Developer/Platforms/MacOSX.platform/Developer/SDKs/MacOSX26.1.sdk/usr/include/dispatch.modulemap
/Applications/Xcode.app/Contents/Developer/Platforms/MacOSX.platform/Developer/SDKs/MacOSX26.1.sdk/usr/include/ObjectiveC.modulemap
/Applications/Xcode.app/Contents/Developer/Platforms/MacOSX.platform/Developer/SDKs/MacOSX26.1.sdk/usr/include/Darwin.modulemap
/Applications/Xcode.app/Contents/Developer/Platforms/MacOSX.platform/Developer/SDKs/MacOSX26.1.sdk/usr/include/DarwinFoundation1.modulemap
/Applications/Xcode.app/Contents/Developer/Toolchains/XcodeDefault.xctoolchain/usr/lib/swift/clang/include/module.modulemap
/Applications/Xcode.app/Contents/Developer/Toolchains/XcodeDefault.xctoolchain/usr/lib/swift/clang/include/stdarg.h
/Applications/Xcode.app/Contents/Developer/Platforms/MacOSX.platform/Developer/SDKs/MacOSX26.1.sdk/System/Library/Frameworks/Foundation.framework/Headers/NSArray.h
/Applications/Xcode.app/Contents/Developer/Platforms/MacOSX.platform/Developer/SDKs/MacOSX26.1.sdk/System/Library/Frameworks/Foundation.framework/Headers/NSObject.h
/Applications/Xcode.app/Contents/Developer/Platforms/MacOSX.platform/Developer/SDKs/MacOSX26.1.sdk/System/Library/Frameworks/Foundation.framework/Headers/NSZone.h
/Applications/Xcode.app/Contents/Developer/Toolchains/XcodeDefault.xctoolchain/usr/lib/swift/clang/include/stddef.h
/Applications/Xcode.app/Contents/Developer/Platforms/MacOSX.platform/Developer/SDKs/MacOSX26.1.sdk/System/Library/Frameworks/Foundation.framework/Headers/NSEnumerator.h
/Applications/Xcode.app/Contents/Developer/Platforms/MacOSX.platform/Developer/SDKs/MacOSX26.1.sdk/System/Library/Frameworks/Foundation.framework/Headers/NSRange.h
/Applications/Xcode.app/Contents/Developer/Platforms/MacOSX.platform/Developer/SDKs/MacOSX26.1.sdk/System/Library/Frameworks/Foundation.framework/Headers/NSValue.h
/Applications/Xcode.app/Contents/Developer/Platforms/MacOSX.platform/Developer/SDKs/MacOSX26.1.sdk/System/Library/Frameworks/Foundation.framework/Headers/NSOrderedCollectionDifference.h
/Applications/Xcode.app/Contents/Developer/Platforms/MacOSX.platform/Developer/SDKs/MacOSX26.1.sdk/System/Library/Frameworks/Foundation.framework/Headers/NSOrderedCollectionChange.h
/Applications/Xcode.app/Contents/Developer/Platforms/MacOSX.platform/Developer/SDKs/MacOSX26.1.sdk/System/Library/Frameworks/Foundation.framework/Headers/NSIndexSet.h
/Applications/Xcode.app/Contents/Developer/Platforms/MacOSX.platform/Developer/SDKs/MacOSX26.1.sdk/System/Library/Frameworks/Foundation.framework/Headers/NSAutoreleasePool.h
/Applications/Xcode.app/Contents/Developer/Platforms/MacOSX.platform/Developer/SDKs/MacOSX26.1.sdk/System/Library/Frameworks/Foundation.framework/Headers/NSBundle.h
/Applications/Xcode.app/Contents/Developer/Platforms/MacOSX.platform/Developer/SDKs/MacOSX26.1.sdk/System/Library/Frameworks/Foundation.framework/Headers/NSString.h
/Applications/Xcode.app/Contents/Developer/Platforms/MacOSX.platform/Developer/SDKs/MacOSX26.1.sdk/System/Library/Frameworks/Foundation.framework/Headers/NSItemProvider.h
/Applications/Xcode.app/Contents/Developer/Platforms/MacOSX.platform/Developer/SDKs/MacOSX26.1.sdk/System/Library/Frameworks/Foundation.framework/Headers/NSDictionary.h
/Applications/Xcode.app/Contents/Developer/Platforms/MacOSX.platform/Developer/SDKs/MacOSX26.1.sdk/System/Library/Frameworks/Foundation.framework/Headers/NSSet.h
/Applications/Xcode.app/Contents/Developer/Platforms/MacOSX.platform/Developer/SDKs/MacOSX26.1.sdk/System/Library/Frameworks/Foundation.framework/Headers/NSProgress.h
/Applications/Xcode.app/Contents/Developer/Platforms/MacOSX.platform/Developer/SDKs/MacOSX26.1.sdk/System/Library/Frameworks/Foundation.framework/Headers/NSNotification.h
/Applications/Xcode.app/Contents/Developer/Platforms/MacOSX.platform/Developer/SDKs/MacOSX26.1.sdk/System/Library/Frameworks/Foundation.framework/Headers/NSByteOrder.h
/Applications/Xcode.app/Contents/Developer/Platforms/MacOSX.platform/Developer/SDKs/MacOSX26.1.sdk/System/Library/Frameworks/Foundation.framework/Headers/NSCalendar.h
/Applications/Xcode.app/Contents/Developer/Platforms/MacOSX.platform/Developer/SDKs/MacOSX26.1.sdk/System/Library/Frameworks/Foundation.framework/Headers/NSDate.h
/Applications/Xcode.app/Contents/Developer/Platforms/MacOSX.platform/Developer/SDKs/MacOSX26.1.sdk/System/Library/Frameworks/Foundation.framework/Headers/NSCharacterSet.h
/Applications/Xcode.app/Contents/Developer/Platforms/MacOSX.platform/Developer/SDKs/MacOSX26.1.sdk/System/Library/Frameworks/Foundation.framework/Headers/NSCoder.h
/Applications/Xcode.app/Contents/Developer/Platforms/MacOSX.platform/Developer/SDKs/MacOSX26.1.sdk/System/Library/Frameworks/Foundation.framework/Headers/NSData.h
/Applications/Xcode.app/Contents/Developer/Platforms/MacOSX.platform/Developer/SDKs/MacOSX26.1.sdk/System/Library/Frameworks/Foundation.framework/Headers/NSDateInterval.h
/Applications/Xcode.app/Contents/Developer/Platforms/MacOSX.platform/Developer/SDKs/MacOSX26.1.sdk/System/Library/Frameworks/Foundation.framework/Headers/NSDateFormatter.h
/Applications/Xcode.app/Contents/Developer/Platforms/MacOSX.platform/Developer/SDKs/MacOSX26.1.sdk/System/Library/Frameworks/Foundation.framework/Headers/NSFormatter.h
/Applications/Xcode.app/Contents/Developer/Platforms/MacOSX.platform/Developer/SDKs/MacOSX26.1.sdk/System/Library/Frameworks/Foundation.framework/Headers/NSAttributedString.h
/Applications/Xcode.app/Contents/Developer/Platforms/MacOSX.platform/Developer/SDKs/MacOSX26.1.sdk/System/Library/Frameworks/Foundation.framework/Headers/NSDateIntervalFormatter.h
/Applications/Xcode.app/Contents/Developer/Platforms/MacOSX.platform/Developer/SDKs/MacOSX26.1.sdk/System/Library/Frameworks/Foundation.framework/Headers/NSISO8601DateFormatter.h
/Applications/Xcode.app/Contents/Developer/Platforms/MacOSX.platform/Developer/SDKs/MacOSX26.1.sdk/System/Library/Frameworks/Foundation.framework/Headers/NSMassFormatter.h
/Applications/Xcode.app/Contents/Developer/Platforms/MacOSX.platform/Developer/SDKs/MacOSX26.1.sdk/System/Library/Frameworks/Foundation.framework/Headers/NSLengthFormatter.h
/Applications/Xcode.app/Contents/Developer/Platforms/MacOSX.platform/Developer/SDKs/MacOSX26.1.sdk/System/Library/Frameworks/Foundation.framework/Headers/NSEnergyFormatter.h
/Applications/Xcode.app/Contents/Developer/Platforms/MacOSX.platform/Developer/SDKs/MacOSX26.1.sdk/System/Library/Frameworks/Foundation.framework/Headers/NSMeasurementFormatter.h
/Applications/Xcode.app/Contents/Developer/Platforms/MacOSX.platform/Developer/SDKs/MacOSX26.1.sdk/System/Library/Frameworks/Foundation.framework/Headers/NSNumberFormatter.h
/Applications/Xcode.app/Contents/Developer/Platforms/MacOSX.platform/Developer/SDKs/MacOSX26.1.sdk/System/Library/Frameworks/Foundation.framework/Headers/NSMeasurement.h
/Applications/Xcode.app/Contents/Developer/Platforms/MacOSX.platform/Developer/SDKs/MacOSX26.1.sdk/System/Library/Frameworks/Foundation.framework/Headers/NSUnit.h
/Applications/Xcode.app/Contents/Developer/Platforms/MacOSX.platform/Developer/SDKs/MacOSX26.1.sdk/System/Library/Frameworks/Foundation.framework/Headers/NSLocale.h
/Applications/Xcode.app/Contents/Developer/Platforms/MacOSX.platform/Developer/SDKs/MacOSX26.1.sdk/System/Library/Frameworks/Foundation.framework/Headers/NSPersonNameComponents.h
/Applications/Xcode.app/Contents/Developer/Platforms/MacOSX.platform/Developer/SDKs/MacOSX26.1.sdk/System/Library/Frameworks/Foundation.framework/Headers/NSPersonNameComponentsFormatter.h
/Applications/Xcode.app/Contents/Developer/Platforms/MacOSX.platform/Developer/SDKs/MacOSX26.1.sdk/System/Library/Frameworks/Foundation.framework/Headers/NSRelativeDateTimeFormatter.h
/Applications/Xcode.app/Contents/Developer/Platforms/MacOSX.platform/Developer/SDKs/MacOSX26.1.sdk/System/Library/Frameworks/Foundation.framework/Headers/NSListFormatter.h
/Applications/Xcode.app/Contents/Developer/Platforms/MacOSX.platform/Developer/SDKs/MacOSX26.1.sdk/System/Library/Frameworks/Foundation.framework/Headers/NSDecimal.h
/Applications/Xcode.app/Contents/Developer/Platforms/MacOSX.platform/Developer/SDKs/MacOSX26.1.sdk/System/Library/Frameworks/Foundation.framework/Headers/NSDecimalNumber.h
/Applications/Xcode.app/Contents/Developer/Platforms/MacOSX.platform/Developer/SDKs/MacOSX26.1.sdk/System/Library/Frameworks/Foundation.framework/Headers/NSScanner.h
/Applications/Xcode.app/Contents/Developer/Platforms/MacOSX.platform/Developer/SDKs/MacOSX26.1.sdk/System/Library/Frameworks/Foundation.framework/Headers/NSException.h
/Applications/Xcode.app/Contents/Developer/Platforms/MacOSX.platform/Developer/SDKs/MacOSX26.1.sdk/System/Library/Frameworks/Foundation.framework/Headers/NSError.h
/Applications/Xcode.app/Contents/Developer/Platforms/MacOSX.platform/Developer/SDKs/MacOSX26.1.sdk/System/Library/Frameworks/Foundation.framework/Headers/NSFileHandle.h
/Applications/Xcode.app/Contents/Developer/Platforms/MacOSX.platform/Developer/SDKs/MacOSX26.1.sdk/System/Library/Frameworks/Foundation.framework/Headers/NSRunLoop.h
/Applications/Xcode.app/Contents/Developer/Platforms/MacOSX.platform/Developer/SDKs/MacOSX26.1.sdk/System/Library/Frameworks/Foundation.framework/Headers/NSFileManager.h
/Applications/Xcode.app/Contents/Developer/Platforms/MacOSX.platform/Developer/SDKs/MacOSX26.1.sdk/System/Library/Frameworks/Foundation.framework/Headers/NSPathUtilities.h
/Applications/Xcode.app/Contents/Developer/Platforms/MacOSX.platform/Developer/SDKs/MacOSX26.1.sdk/System/Library/Frameworks/Foundation.framework/Headers/NSURL.h
/Applications/Xcode.app/Contents/Developer/Platforms/MacOSX.platform/Developer/SDKs/MacOSX26.1.sdk/System/Library/Frameworks/Foundation.framework/Headers/NSURLHandle.h
/Applications/Xcode.app/Contents/Developer/Platforms/MacOSX.platform/Developer/SDKs/MacOSX26.1.sdk/System/Library/Frameworks/Foundation.framework/Headers/NSHashTable.h
/Applications/Xcode.app/Contents/Developer/Platforms/MacOSX.platform/Developer/SDKs/MacOSX26.1.sdk/System/Library/Frameworks/Foundation.framework/Headers/NSPointerFunctions.h
/Applications/Xcode.app/Contents/Developer/Platforms/MacOSX.platform/Developer/SDKs/MacOSX26.1.sdk/System/Library/Frameworks/Foundation.framework/Headers/NSHTTPCookie.h
/Applications/Xcode.app/Contents/Developer/Platforms/MacOSX.platform/Developer/SDKs/MacOSX26.1.sdk/System/Library/Frameworks/Foundation.framework/Headers/NSHTTPCookieStorage.h
/Applications/Xcode.app/Contents/Developer/Platforms/MacOSX.platform/Developer/SDKs/MacOSX26.1.sdk/System/Library/Frameworks/Foundation.framework/Headers/NSIndexPath.h
/Applications/Xcode.app/Contents/Developer/Platforms/MacOSX.platform/Developer/SDKs/MacOSX26.1.sdk/System/Library/Frameworks/Foundation.framework/Headers/NSInflectionRule.h
/Applications/Xcode.app/Contents/Developer/Platforms/MacOSX.platform/Developer/SDKs/MacOSX26.1.sdk/System/Library/Frameworks/Foundation.framework/Headers/NSInvocation.h
/Applications/Xcode.app/Contents/Developer/Platforms/MacOSX.platform/Developer/SDKs/MacOSX26.1.sdk/System/Library/Frameworks/Foundation.framework/Headers/NSJSONSerialization.h
/Applications/Xcode.app/Contents/Developer/Platforms/MacOSX.platform/Developer/SDKs/MacOSX26.1.sdk/System/Library/Frameworks/Foundation.framework/Headers/NSKeyValueCoding.h
/Applications/Xcode.app/Contents/Developer/Platforms/MacOSX.platform/Developer/SDKs/MacOSX26.1.sdk/System/Library/Frameworks/Foundation.framework/Headers/NSOrderedSet.h
/Applications/Xcode.app/Contents/Developer/Platforms/MacOSX.platform/Developer/SDKs/MacOSX26.1.sdk/System/Library/Frameworks/Foundation.framework/Headers/NSKeyValueObserving.h
/Applications/Xcode.app/Contents/Developer/Platforms/MacOSX.platform/Developer/SDKs/MacOSX26.1.sdk/System/Library/Frameworks/Foundation.framework/Headers/NSKeyValueSharedObservers.h
/Applications/Xcode.app/Contents/Developer/Platforms/MacOSX.platform/Developer/SDKs/MacOSX26.1.sdk/System/Library/Frameworks/Foundation.framework/Headers/NSKeyedArchiver.h
/Applications/Xcode.app/Contents/Developer/Platforms/MacOSX.platform/Developer/SDKs/MacOSX26.1.sdk/System/Library/Frameworks/Foundation.framework/Headers/NSPropertyList.h
/Applications/Xcode.app/Contents/Developer/Platforms/MacOSX.platform/Developer/SDKs/MacOSX26.1.sdk/System/Library/Frameworks/Foundation.framework/Headers/NSGeometry.h
/Applications/Xcode.app/Contents/Developer/Platforms/MacOSX.platform/Developer/SDKs/MacOSX26.1.sdk/System/Library/Frameworks/Foundation.framework/Headers/NSLock.h
/Applications/Xcode.app/Contents/Developer/Platforms/MacOSX.platform/Developer/SDKs/MacOSX26.1.sdk/System/Library/Frameworks/Foundation.framework/Headers/NSMapTable.h
/Applications/Xcode.app/Contents/Developer/Platforms/MacOSX.platform/Developer/SDKs/MacOSX26.1.sdk/System/Library/Frameworks/Foundation.framework/Headers/NSMethodSignature.h
/Applications/Xcode.app/Contents/Developer/Platforms/MacOSX.platform/Developer/SDKs/MacOSX26.1.sdk/System/Library/Frameworks/Foundation.framework/Headers/NSMorphology.h
/Applications/Xcode.app/Contents/Developer/Platforms/MacOSX.platform/Developer/SDKs/MacOSX26.1.sdk/System/Library/Frameworks/Foundation.framework/Headers/NSTermOfAddress.h
/Applications/Xcode.app/Contents/Developer/Platforms/MacOSX.platform/Developer/SDKs/MacOSX26.1.sdk/System/Library/Frameworks/Foundation.framework/Headers/NSNotificationQueue.h
/Applications/Xcode.app/Contents/Developer/Platforms/MacOSX.platform/Developer/SDKs/MacOSX26.1.sdk/System/Library/Frameworks/Foundation.framework/Headers/NSNull.h
/Applications/Xcode.app/Contents/Developer/Platforms/MacOSX.platform/Developer/SDKs/MacOSX26.1.sdk/System/Library/Frameworks/Foundation.framework/Headers/NSLocalizedNumberFormatRule.h
/Applications/Xcode.app/Contents/Developer/Platforms/MacOSX.platform/Developer/SDKs/MacOSX26.1.sdk/System/Library/Frameworks/Foundation.framework/Headers/NSOperation.h
/Applications/Xcode.app/Contents/Developer/Platforms/MacOSX.platform/Developer/SDKs/MacOSX26.1.sdk/System/Library/Frameworks/Foundation.framework/Headers/NSOrthography.h
/Applications/Xcode.app/Contents/Developer/Platforms/MacOSX.platform/Developer/SDKs/MacOSX26.1.sdk/System/Library/Frameworks/Foundation.framework/Headers/NSPointerArray.h
/Applications/Xcode.app/Contents/Developer/Platforms/MacOSX.platform/Developer/SDKs/MacOSX26.1.sdk/System/Library/Frameworks/Foundation.framework/Headers/NSPort.h
/Applications/Xcode.app/Contents/Developer/Platforms/MacOSX.platform/Developer/SDKs/MacOSX26.1.sdk/System/Library/Frameworks/Foundation.framework/Headers/NSProcessInfo.h
/Applications/Xcode.app/Contents/Developer/Platforms/MacOSX.platform/Developer/SDKs/MacOSX26.1.sdk/System/Library/Frameworks/Foundation.framework/Headers/NSProxy.h
/Applications/Xcode.app/Contents/Developer/Platforms/MacOSX.platform/Developer/SDKs/MacOSX26.1.sdk/System/Library/Frameworks/Foundation.framework/Headers/NSRegularExpression.h
/Applications/Xcode.app/Contents/Developer/Platforms/MacOSX.platform/Developer/SDKs/MacOSX26.1.sdk/System/Library/Frameworks/Foundation.framework/Headers/NSTextCheckingResult.h
/Applications/Xcode.app/Contents/Developer/Platforms/MacOSX.platform/Developer/SDKs/MacOSX26.1.sdk/System/Library/Frameworks/Foundation.framework/Headers/NSSortDescriptor.h
/Applications/Xcode.app/Contents/Developer/Platforms/MacOSX.platform/Developer/SDKs/MacOSX26.1.sdk/System/Library/Frameworks/Foundation.framework/Headers/NSStream.h
/Applications/Xcode.app/Contents/Developer/Platforms/MacOSX.platform/Developer/SDKs/MacOSX26.1.sdk/System/Library/Frameworks/Foundation.framework/Headers/NSThread.h
/Applications/Xcode.app/Contents/Developer/Platforms/MacOSX.platform/Developer/SDKs/MacOSX26.1.sdk/System/Library/Frameworks/Foundation.framework/Headers/NSTimeZone.h
/Applications/Xcode.app/Contents/Developer/Platforms/MacOSX.platform/Developer/SDKs/MacOSX26.1.sdk/System/Library/Frameworks/Foundation.framework/Headers/NSTimer.h
/Applications/Xcode.app/Contents/Developer/Platforms/MacOSX.platform/Developer/SDKs/MacOSX26.1.sdk/System/Library/Frameworks/Foundation.framework/Headers/NSURLAuthenticationChallenge.h
/Applications/Xcode.app/Contents/Developer/Platforms/MacOSX.platform/Developer/SDKs/MacOSX26.1.sdk/System/Library/Frameworks/Foundation.framework/Headers/NSURLCache.h
/Applications/Xcode.app/Contents/Developer/Platforms/MacOSX.platform/Developer/SDKs/MacOSX26.1.sdk/System/Library/Frameworks/Foundation.framework/Headers/NSURLConnection.h
/Applications/Xcode.app/Contents/Developer/Platforms/MacOSX.platform/Developer/SDKs/MacOSX26.1.sdk/System/Library/Frameworks/Foundation.framework/Headers/NSURLCredential.h
/Applications/Xcode.app/Contents/Developer/Platforms/MacOSX.platform/Developer/SDKs/MacOSX26.1.sdk/System/Library/Frameworks/Security.framework/Modules/module.modulemap
/Applications/Xcode.app/Contents/Developer/Platforms/MacOSX.platform/Developer/SDKs/MacOSX26.1.sdk/System/Library/Frameworks/Foundation.framework/Headers/NSURLCredentialStorage.h
/Applications/Xcode.app/Contents/Developer/Platforms/MacOSX.platform/Developer/SDKs/MacOSX26.1.sdk/System/Library/Frameworks/Foundation.framework/Headers/NSURLProtectionSpace.h
/Applications/Xcode.app/Contents/Developer/Platforms/MacOSX.platform/Developer/SDKs/MacOSX26.1.sdk/System/Library/Frameworks/Foundation.framework/Headers/NSURLError.h
/Applications/Xcode.app/Contents/Developer/Platforms/MacOSX.platform/Developer/SDKs/MacOSX26.1.sdk/System/Library/Frameworks/CoreServices.framework/Modules/module.modulemap
/Applications/Xcode.app/Contents/Developer/Platforms/MacOSX.platform/Developer/SDKs/MacOSX26.1.sdk/System/Library/Frameworks/Foundation.framework/Headers/NSURLProtocol.h
/Applications/Xcode.app/Contents/Developer/Platforms/MacOSX.platform/Developer/SDKs/MacOSX26.1.sdk/System/Library/Frameworks/Foundation.framework/Headers/NSURLRequest.h
/Applications/Xcode.app/Contents/Developer/Platforms/MacOSX.platform/Developer/SDKs/MacOSX26.1.sdk/System/Library/Frameworks/Foundation.framework/Headers/NSURLResponse.h
/Applications/Xcode.app/Contents/Developer/Platforms/MacOSX.platform/Developer/SDKs/MacOSX26.1.sdk/System/Library/Frameworks/Foundation.framework/Headers/NSUserDefaults.h
/Applications/Xcode.app/Contents/Developer/Platforms/MacOSX.platform/Developer/SDKs/MacOSX26.1.sdk/System/Library/Frameworks/Foundation.framework/Headers/NSValueTransformer.h
/Applications/Xcode.app/Contents/Developer/Platforms/MacOSX.platform/Developer/SDKs/MacOSX26.1.sdk/System/Library/Frameworks/Foundation.framework/Headers/NSXMLParser.h
/Applications/Xcode.app/Contents/Developer/Platforms/MacOSX.platform/Developer/SDKs/MacOSX26.1.sdk/System/Library/Frameworks/Foundation.framework/Headers/NSXPCConnection.h
/Applications/Xcode.app/Contents/Developer/Platforms/MacOSX.platform/Developer/SDKs/MacOSX26.1.sdk/System/Library/Frameworks/Foundation.framework/Headers/FoundationErrors.h
/Applications/Xcode.app/Contents/Developer/Platforms/MacOSX.platform/Developer/SDKs/MacOSX26.1.sdk/System/Library/Frameworks/Foundation.framework/Headers/NSByteCountFormatter.h
/Applications/Xcode.app/Contents/Developer/Platforms/MacOSX.platform/Developer/SDKs/MacOSX26.1.sdk/System/Library/Frameworks/Foundation.framework/Headers/NSCache.h
/Applications/Xcode.app/Contents/Developer/Platforms/MacOSX.platform/Developer/SDKs/MacOSX26.1.sdk/System/Library/Frameworks/Foundation.framework/Headers/NSComparisonPredicate.h
/Applications/Xcode.app/Contents/Developer/Platforms/MacOSX.platform/Developer/SDKs/MacOSX26.1.sdk/System/Library/Frameworks/Foundation.framework/Headers/NSPredicate.h
/Applications/Xcode.app/Contents/Developer/Platforms/MacOSX.platform/Developer/SDKs/MacOSX26.1.sdk/System/Library/Frameworks/Foundation.framework/Headers/NSCompoundPredicate.h
/Applications/Xcode.app/Contents/Developer/Platforms/MacOSX.platform/Developer/SDKs/MacOSX26.1.sdk/System/Library/Frameworks/Foundation.framework/Headers/NSDateComponentsFormatter.h
/Applications/Xcode.app/Contents/Developer/Platforms/MacOSX.platform/Developer/SDKs/MacOSX26.1.sdk/System/Library/Frameworks/Foundation.framework/Headers/NSExpression.h
/Applications/Xcode.app/Contents/Developer/Platforms/MacOSX.platform/Developer/SDKs/MacOSX26.1.sdk/System/Library/Frameworks/Foundation.framework/Headers/NSExtensionContext.h
/Applications/Xcode.app/Contents/Developer/Platforms/MacOSX.platform/Developer/SDKs/MacOSX26.1.sdk/System/Library/Frameworks/Foundation.framework/Headers/NSExtensionItem.h
/Applications/Xcode.app/Contents/Developer/Platforms/MacOSX.platform/Developer/SDKs/MacOSX26.1.sdk/System/Library/Frameworks/Foundation.framework/Headers/NSExtensionRequestHandling.h
/Applications/Xcode.app/Contents/Developer/Platforms/MacOSX.platform/Developer/SDKs/MacOSX26.1.sdk/System/Library/Frameworks/Foundation.framework/Headers/NSFileCoordinator.h
/Applications/Xcode.app/Contents/Developer/Platforms/MacOSX.platform/Developer/SDKs/MacOSX26.1.sdk/System/Library/Frameworks/Foundation.framework/Headers/NSFilePresenter.h
/Applications/Xcode.app/Contents/Developer/Platforms/MacOSX.platform/Developer/SDKs/MacOSX26.1.sdk/System/Library/Frameworks/Foundation.framework/Headers/NSFileVersion.h
/Applications/Xcode.app/Contents/Developer/Platforms/MacOSX.platform/Developer/SDKs/MacOSX26.1.sdk/System/Library/Frameworks/Foundation.framework/Headers/NSFileWrapper.h
/Applications/Xcode.app/Contents/Developer/Platforms/MacOSX.platform/Developer/SDKs/MacOSX26.1.sdk/System/Library/Frameworks/Foundation.framework/Headers/NSLinguisticTagger.h
/Applications/Xcode.app/Contents/Developer/Platforms/MacOSX.platform/Developer/SDKs/MacOSX26.1.sdk/System/Library/Frameworks/Foundation.framework/Headers/NSMetadata.h
/Applications/Xcode.app/Contents/Developer/Platforms/MacOSX.platform/Developer/SDKs/MacOSX26.1.sdk/System/Library/Frameworks/Foundation.framework/Headers/NSMetadataAttributes.h
/Applications/Xcode.app/Contents/Developer/Platforms/MacOSX.platform/Developer/SDKs/MacOSX26.1.sdk/System/Library/Frameworks/Foundation.framework/Headers/NSNetServices.h
/Applications/Xcode.app/Contents/Developer/Platforms/MacOSX.platform/Developer/SDKs/MacOSX26.1.sdk/System/Library/Frameworks/Foundation.framework/Headers/NSUbiquitousKeyValueStore.h
/Applications/Xcode.app/Contents/Developer/Platforms/MacOSX.platform/Developer/SDKs/MacOSX26.1.sdk/System/Library/Frameworks/Foundation.framework/Headers/NSUndoManager.h
/Applications/Xcode.app/Contents/Developer/Platforms/MacOSX.platform/Developer/SDKs/MacOSX26.1.sdk/System/Library/Frameworks/Foundation.framework/Headers/NSURLSession.h
/Applications/Xcode.app/Contents/Developer/Platforms/MacOSX.platform/Developer/SDKs/MacOSX26.1.sdk/System/Library/Frameworks/Foundation.framework/Headers/NSUserActivity.h
/Applications/Xcode.app/Contents/Developer/Platforms/MacOSX.platform/Developer/SDKs/MacOSX26.1.sdk/System/Library/Frameworks/Foundation.framework/Headers/NSUUID.h
/Applications/Xcode.app/Contents/Developer/Platforms/MacOSX.platform/Developer/SDKs/MacOSX26.1.sdk/System/Library/Frameworks/Foundation.framework/Headers/NSAffineTransform.h
/Applications/Xcode.app/Contents/Developer/Platforms/MacOSX.platform/Developer/SDKs/MacOSX26.1.sdk/System/Library/Frameworks/Foundation.framework/Headers/NSAppleScript.h
/Applications/Xcode.app/Contents/Developer/Platforms/MacOSX.platform/Developer/SDKs/MacOSX26.1.sdk/System/Library/Frameworks/Foundation.framework/Headers/NSArchiver.h
/Applications/Xcode.app/Contents/Developer/Platforms/MacOSX.platform/Developer/SDKs/MacOSX26.1.sdk/System/Library/Frameworks/Foundation.framework/Headers/NSBackgroundActivityScheduler.h
/Applications/Xcode.app/Contents/Developer/Platforms/MacOSX.platform/Developer/SDKs/MacOSX26.1.sdk/System/Library/Frameworks/Foundation.framework/Headers/NSCalendarDate.h
/Applications/Xcode.app/Contents/Developer/Platforms/MacOSX.platform/Developer/SDKs/MacOSX26.1.sdk/System/Library/Frameworks/Foundation.framework/Headers/NSConnection.h
/Applications/Xcode.app/Contents/Developer/Platforms/MacOSX.platform/Developer/SDKs/MacOSX26.1.sdk/System/Library/Frameworks/Foundation.framework/Headers/NSDistantObject.h
/Applications/Xcode.app/Contents/Developer/Platforms/MacOSX.platform/Developer/SDKs/MacOSX26.1.sdk/System/Library/Frameworks/Foundation.framework/Headers/NSDistributedNotificationCenter.h
/Applications/Xcode.app/Contents/Developer/Platforms/MacOSX.platform/Developer/SDKs/MacOSX26.1.sdk/System/Library/Frameworks/Foundation.framework/Headers/NSPortCoder.h
/Applications/Xcode.app/Contents/Developer/Platforms/MacOSX.platform/Developer/SDKs/MacOSX26.1.sdk/System/Library/Frameworks/Foundation.framework/Headers/NSPortMessage.h
/Applications/Xcode.app/Contents/Developer/Platforms/MacOSX.platform/Developer/SDKs/MacOSX26.1.sdk/System/Library/Frameworks/Foundation.framework/Headers/NSPortNameServer.h
/Applications/Xcode.app/Contents/Developer/Platforms/MacOSX.platform/Developer/SDKs/MacOSX26.1.sdk/System/Library/Frameworks/Foundation.framework/Headers/NSProtocolChecker.h
/Applications/Xcode.app/Contents/Developer/Platforms/MacOSX.platform/Developer/SDKs/MacOSX26.1.sdk/System/Library/Frameworks/Foundation.framework/Headers/NSTask.h
/Applications/Xcode.app/Contents/Developer/Platforms/MacOSX.platform/Developer/SDKs/MacOSX26.1.sdk/System/Library/Frameworks/Foundation.framework/Headers/NSXMLDTD.h
/Applications/Xcode.app/Contents/Developer/Platforms/MacOSX.platform/Developer/SDKs/MacOSX26.1.sdk/System/Library/Frameworks/Foundation.framework/Headers/NSXMLNode.h
/Applications/Xcode.app/Contents/Developer/Platforms/MacOSX.platform/Developer/SDKs/MacOSX26.1.sdk/System/Library/Frameworks/Foundation.framework/Headers/NSXMLNodeOptions.h
/Applications/Xcode.app/Contents/Developer/Platforms/MacOSX.platform/Developer/SDKs/MacOSX26.1.sdk/System/Library/Frameworks/Foundation.framework/Headers/NSXMLDTDNode.h
/Applications/Xcode.app/Contents/Developer/Platforms/MacOSX.platform/Developer/SDKs/MacOSX26.1.sdk/System/Library/Frameworks/Foundation.framework/Headers/NSXMLDocument.h
/Applications/Xcode.app/Contents/Developer/Platforms/MacOSX.platform/Developer/SDKs/MacOSX26.1.sdk/System/Library/Frameworks/Foundation.framework/Headers/NSXMLElement.h
/Applications/Xcode.app/Contents/Developer/Platforms/MacOSX.platform/Developer/SDKs/MacOSX26.1.sdk/System/Library/Frameworks/Foundation.framework/Headers/NSURLDownload.h
/Applications/Xcode.app/Contents/Developer/Platforms/MacOSX.platform/Developer/SDKs/MacOSX26.1.sdk/System/Library/Frameworks/Foundation.framework/Headers/NSAppleEventDescriptor.h
/Applications/Xcode.app/Contents/Developer/Platforms/MacOSX.platform/Developer/SDKs/MacOSX26.1.sdk/System/Library/Frameworks/Foundation.framework/Headers/NSAppleEventManager.h
/Applications/Xcode.app/Contents/Developer/Platforms/MacOSX.platform/Developer/SDKs/MacOSX26.1.sdk/System/Library/Frameworks/Foundation.framework/Headers/NSClassDescription.h
/Applications/Xcode.app/Contents/Developer/Platforms/MacOSX.platform/Developer/SDKs/MacOSX26.1.sdk/System/Library/Frameworks/Foundation.framework/Headers/NSDistributedLock.h
/Applications/Xcode.app/Contents/Developer/Platforms/MacOSX.platform/Developer/SDKs/MacOSX26.1.sdk/System/Library/Frameworks/Foundation.framework/Headers/NSGarbageCollector.h
/Applications/Xcode.app/Contents/Developer/Platforms/MacOSX.platform/Developer/SDKs/MacOSX26.1.sdk/System/Library/Frameworks/Foundation.framework/Headers/NSHFSFileTypes.h
/Applications/Xcode.app/Contents/Developer/Platforms/MacOSX.platform/Developer/SDKs/MacOSX26.1.sdk/System/Library/Frameworks/Foundation.framework/Headers/NSHost.h
/Applications/Xcode.app/Contents/Developer/Platforms/MacOSX.platform/Developer/SDKs/MacOSX26.1.sdk/System/Library/Frameworks/Foundation.framework/Headers/NSObjectScripting.h
/Applications/Xcode.app/Contents/Developer/Platforms/MacOSX.platform/Developer/SDKs/MacOSX26.1.sdk/System/Library/Frameworks/Foundation.framework/Headers/NSScriptClassDescription.h
/Applications/Xcode.app/Contents/Developer/Platforms/MacOSX.platform/Developer/SDKs/MacOSX26.1.sdk/System/Library/Frameworks/Foundation.framework/Headers/NSScriptCoercionHandler.h
/Applications/Xcode.app/Contents/Developer/Platforms/MacOSX.platform/Developer/SDKs/MacOSX26.1.sdk/System/Library/Frameworks/Foundation.framework/Headers/NSScriptCommand.h
/Applications/Xcode.app/Contents/Developer/Platforms/MacOSX.platform/Developer/SDKs/MacOSX26.1.sdk/System/Library/Frameworks/Foundation.framework/Headers/NSScriptCommandDescription.h
/Applications/Xcode.app/Contents/Developer/Platforms/MacOSX.platform/Developer/SDKs/MacOSX26.1.sdk/System/Library/Frameworks/Foundation.framework/Headers/NSScriptExecutionContext.h
/Applications/Xcode.app/Contents/Developer/Platforms/MacOSX.platform/Developer/SDKs/MacOSX26.1.sdk/System/Library/Frameworks/Foundation.framework/Headers/NSScriptKeyValueCoding.h
/Applications/Xcode.app/Contents/Developer/Platforms/MacOSX.platform/Developer/SDKs/MacOSX26.1.sdk/System/Library/Frameworks/Foundation.framework/Headers/NSScriptObjectSpecifiers.h
/Applications/Xcode.app/Contents/Developer/Platforms/MacOSX.platform/Developer/SDKs/MacOSX26.1.sdk/System/Library/Frameworks/Foundation.framework/Headers/NSScriptStandardSuiteCommands.h
/Applications/Xcode.app/Contents/Developer/Platforms/MacOSX.platform/Developer/SDKs/MacOSX26.1.sdk/System/Library/Frameworks/Foundation.framework/Headers/NSScriptSuiteRegistry.h
/Applications/Xcode.app/Contents/Developer/Platforms/MacOSX.platform/Developer/SDKs/MacOSX26.1.sdk/System/Library/Frameworks/Foundation.framework/Headers/NSScriptWhoseTests.h
/Applications/Xcode.app/Contents/Developer/Platforms/MacOSX.platform/Developer/SDKs/MacOSX26.1.sdk/System/Library/Frameworks/Foundation.framework/Headers/NSSpellServer.h
/Applications/Xcode.app/Contents/Developer/Platforms/MacOSX.platform/Developer/SDKs/MacOSX26.1.sdk/System/Library/Frameworks/Foundation.framework/Headers/NSUserNotification.h
/Applications/Xcode.app/Contents/Developer/Platforms/MacOSX.platform/Developer/SDKs/MacOSX26.1.sdk/System/Library/Frameworks/Foundation.framework/Headers/NSUserScriptTask.h
/Applications/Xcode.app/Contents/Developer/Platforms/MacOSX.platform/Developer/SDKs/MacOSX26.1.sdk/System/Library/Frameworks/Foundation.framework/Headers/FoundationLegacySwiftCompatibility.h
/Applications/Xcode.app/Contents/Developer/Platforms/MacOSX.platform/Developer/SDKs/MacOSX26.1.sdk/System/Library/Frameworks/Foundation.framework/Headers/NSDebug.h
/Applications/Xcode.app/Contents/Developer/Platforms/MacOSX.platform/Developer/SDKs/MacOSX26.1.sdk/SDKSettings.json
/Applications/Xcode.app/Contents/Developer/Toolchains/XcodeDefault.xctoolchain/usr/lib/swift/macosx/prebuilt-modules/26.1/IOKit.swiftmodule/arm64e-apple-macos.swiftmodule
/Applications/Xcode.app/Contents/Developer/Platforms/MacOSX.platform/Developer/SDKs/MacOSX26.1.sdk/System/Library/Frameworks/IOKit.framework/Modules/module.modulemap
/Applications/Xcode.app/Contents/Developer/Platforms/MacOSX.platform/Developer/SDKs/MacOSX26.1.sdk/System/Library/Frameworks/IOKit.framework/Headers/IOReturn.h
/Applications/Xcode.app/Contents/Developer/Platforms/MacOSX.platform/Developer/SDKs/MacOSX26.1.sdk/usr/include/dispatch.modulemap
/Applications/Xcode.app/Contents/Developer/Platforms/MacOSX.platform/Developer/SDKs/MacOSX26.1.sdk/usr/include/libkern.modulemap
/Applications/Xcode.app/Contents/Developer/Platforms/MacOSX.platform/Developer/SDKs/MacOSX26.1.sdk/usr/include/Darwin.modulemap
/Applications/Xcode.app/Contents/Developer/Platforms/MacOSX.platform/Developer/SDKs/MacOSX26.1.sdk/usr/include/Darwin_C.modulemap
/Applications/Xcode.app/Contents/Developer/Platforms/MacOSX.platform/Developer/SDKs/MacOSX26.1.sdk/usr/include/Darwin_POSIX.modulemap
/Applications/Xcode.app/Contents/Developer/Platforms/MacOSX.platform/Developer/SDKs/MacOSX26.1.sdk/usr/include/net.modulemap
/Applications/Xcode.app/Contents/Developer/Platforms/MacOSX.platform/Developer/SDKs/MacOSX26.1.sdk/usr/include/netinet.modulemap
/Applications/Xcode.app/Contents/Developer/Platforms/MacOSX.platform/Developer/SDKs/MacOSX26.1.sdk/usr/include/bank.modulemap
/Applications/Xcode.app/Contents/Developer/Platforms/MacOSX.platform/Developer/SDKs/MacOSX26.1.sdk/usr/include/Darwin_Mach.modulemap
/Applications/Xcode.app/Contents/Developer/Platforms/MacOSX.platform/Developer/SDKs/MacOSX26.1.sdk/usr/include/Darwin_Mach_machine.modulemap
/Applications/Xcode.app/Contents/Developer/Platforms/MacOSX.platform/Developer/SDKs/MacOSX26.1.sdk/usr/include/mach_debug.modulemap
/Applications/Xcode.app/Contents/Developer/Platforms/MacOSX.platform/Developer/SDKs/MacOSX26.1.sdk/usr/include/device.modulemap
/Applications/Xcode.app/Contents/Developer/Platforms/MacOSX.platform/Developer/SDKs/MacOSX26.1.sdk/usr/include/Darwin_machine.modulemap
/Applications/Xcode.app/Contents/Developer/Platforms/MacOSX.platform/Developer/SDKs/MacOSX26.1.sdk/usr/include/ncurses.modulemap
/Applications/Xcode.app/Contents/Developer/Platforms/MacOSX.platform/Developer/SDKs/MacOSX26.1.sdk/usr/include/netinet6.modulemap
/Applications/Xcode.app/Contents/Developer/Platforms/MacOSX.platform/Developer/SDKs/MacOSX26.1.sdk/usr/include/Darwin_sys.modulemap
/Applications/Xcode.app/Contents/Developer/Platforms/MacOSX.platform/Developer/SDKs/MacOSX26.1.sdk/usr/include/uuid.modulemap
/Applications/Xcode.app/Contents/Developer/Platforms/MacOSX.platform/Developer/SDKs/MacOSX26.1.sdk/usr/include/DarwinFoundation2.modulemap
/Applications/Xcode.app/Contents/Developer/Platforms/MacOSX.platform/Developer/SDKs/MacOSX26.1.sdk/usr/include/DarwinFoundation1.modulemap
/Applications/Xcode.app/Contents/Developer/Platforms/MacOSX.platform/Developer/SDKs/MacOSX26.1.sdk/System/Library/Frameworks/IOKit.framework/Headers/IOMapTypes.h
/Applications/Xcode.app/Contents/Developer/Platforms/MacOSX.platform/Developer/SDKs/MacOSX26.1.sdk/System/Library/Frameworks/IOKit.framework/Headers/IOTypes.h
/Applications/Xcode.app/Contents/Developer/Toolchains/XcodeDefault.xctoolchain/usr/lib/swift/clang/include/module.modulemap
/Applications/Xcode.app/Contents/Developer/Platforms/MacOSX.platform/Developer/SDKs/MacOSX26.1.sdk/System/Library/Frameworks/IOKit.framework/Headers/IOKitKeys.h
/Applications/Xcode.app/Contents/Developer/Platforms/MacOSX.platform/Developer/SDKs/MacOSX26.1.sdk/System/Library/Frameworks/IOKit.framework/Headers/OSMessageNotification.h
/Applications/Xcode.app/Contents/Developer/Platforms/MacOSX.platform/Developer/SDKs/MacOSX26.1.sdk/System/Library/Frameworks/IOKit.framework/Headers/IOKitLib.h
/Applications/Xcode.app/Contents/Developer/Platforms/MacOSX.platform/Developer/SDKs/MacOSX26.1.sdk/System/Library/Frameworks/CoreFoundation.framework/Modules/module.modulemap
/Applications/Xcode.app/Contents/Developer/Platforms/MacOSX.platform/Developer/SDKs/MacOSX26.1.sdk/System/Library/Frameworks/IOKit.framework/Headers/IOBSD.h
/Applications/Xcode.app/Contents/Developer/Platforms/MacOSX.platform/Developer/SDKs/MacOSX26.1.sdk/System/Library/Frameworks/IOKit.framework/Headers/IODataQueueClient.h
/Applications/Xcode.app/Contents/Developer/Platforms/MacOSX.platform/Developer/SDKs/MacOSX26.1.sdk/System/Library/Frameworks/IOKit.framework/Headers/IODataQueueShared.h
/Applications/Xcode.app/Contents/Developer/Platforms/MacOSX.platform/Developer/SDKs/MacOSX26.1.sdk/System/Library/Frameworks/IOKit.framework/Headers/IOCFBundle.h
/Applications/Xcode.app/Contents/Developer/Platforms/MacOSX.platform/Developer/SDKs/MacOSX26.1.sdk/System/Library/Frameworks/IOKit.framework/Headers/IOSharedLock.h
/Applications/Xcode.app/Contents/Developer/Platforms/MacOSX.platform/Developer/SDKs/MacOSX26.1.sdk/System/Library/Frameworks/IOKit.framework/Headers/IOCFPlugIn.h
/Applications/Xcode.app/Contents/Developer/Platforms/MacOSX.platform/Developer/SDKs/MacOSX26.1.sdk/System/Library/Frameworks/IOKit.framework/Headers/IOCFSerialize.h
/Applications/Xcode.app/Contents/Developer/Platforms/MacOSX.platform/Developer/SDKs/MacOSX26.1.sdk/System/Library/Frameworks/IOKit.framework/Headers/IOCFURLAccess.h
/Applications/Xcode.app/Contents/Developer/Platforms/MacOSX.platform/Developer/SDKs/MacOSX26.1.sdk/System/Library/Frameworks/IOKit.framework/Headers/IOKitServer.h
/Applications/Xcode.app/Contents/Developer/Platforms/MacOSX.platform/Developer/SDKs/MacOSX26.1.sdk/System/Library/Frameworks/IOKit.framework/Headers/IOCFUnserialize.h
/Applications/Xcode.app/Contents/Developer/Platforms/MacOSX.platform/Developer/SDKs/MacOSX26.1.sdk/System/Library/Frameworks/IOKit.framework/Headers/IOMessage.h
/Applications/Xcode.app/Contents/Developer/Platforms/MacOSX.platform/Developer/SDKs/MacOSX26.1.sdk/System/Library/Frameworks/IOKit.framework/Headers/IORPC.h
/Applications/Xcode.app/Contents/Developer/Platforms/MacOSX.platform/Developer/SDKs/MacOSX26.1.sdk/System/Library/Frameworks/IOKit.framework/Headers/IOUserServer.h
/Applications/Xcode.app/Contents/Developer/Platforms/MacOSX.platform/Developer/SDKs/MacOSX26.1.sdk/System/Library/Frameworks/IOKit.framework/Headers/audio/IOAudioDefines.h
/Applications/Xcode.app/Contents/Developer/Platforms/MacOSX.platform/Developer/SDKs/MacOSX26.1.sdk/System/Library/Frameworks/IOKit.framework/Headers/audio/IOAudioLib.h
/Applications/Xcode.app/Contents/Developer/Platforms/MacOSX.platform/Developer/SDKs/MacOSX26.1.sdk/System/Library/Frameworks/IOKit.framework/Headers/audio/IOAudioTypes.h
/Applications/Xcode.app/Contents/Developer/Platforms/MacOSX.platform/Developer/SDKs/MacOSX26.1.sdk/System/Library/Frameworks/IOKit.framework/Headers/avc/IOFireWireAVCConsts.h
/Applications/Xcode.app/Contents/Developer/Platforms/MacOSX.platform/Developer/SDKs/MacOSX26.1.sdk/System/Library/Frameworks/IOKit.framework/Headers/avc/IOFireWireAVCLib.h
/Applications/Xcode.app/Contents/Developer/Platforms/MacOSX.platform/Developer/SDKs/MacOSX26.1.sdk/System/Library/Frameworks/IOKit.framework/Headers/firewire/IOFireWireFamilyCommon.h
/Applications/Xcode.app/Contents/Developer/Platforms/MacOSX.platform/Developer/SDKs/MacOSX26.1.sdk/System/Library/Frameworks/IOKit.framework/Headers/firewire/IOFireWireLib.h
/Applications/Xcode.app/Contents/Developer/Platforms/MacOSX.platform/Developer/SDKs/MacOSX26.1.sdk/System/Library/Frameworks/IOKit.framework/Headers/firewire/IOFireWireLibIsoch.h
/Applications/Xcode.app/Contents/Developer/Platforms/MacOSX.platform/Developer/SDKs/MacOSX26.1.sdk/System/Library/Frameworks/IOKit.framework/Headers/graphics/IOAccelClientConnect.h
/Applications/Xcode.app/Contents/Developer/Platforms/MacOSX.platform/Developer/SDKs/MacOSX26.1.sdk/System/Library/Frameworks/IOKit.framework/Headers/graphics/IOGraphicsInterface.h
/Applications/Xcode.app/Contents/Developer/Platforms/MacOSX.platform/Developer/SDKs/MacOSX26.1.sdk/System/Library/Frameworks/IOKit.framework/Headers/graphics/IOGraphicsInterfaceTypes.h
/Applications/Xcode.app/Contents/Developer/Platforms/MacOSX.platform/Developer/SDKs/MacOSX26.1.sdk/System/Library/Frameworks/IOKit.framework/Headers/graphics/IOAccelSurfaceConnect.h
/Applications/Xcode.app/Contents/Developer/Platforms/MacOSX.platform/Developer/SDKs/MacOSX26.1.sdk/System/Library/Frameworks/IOKit.framework/Headers/graphics/IOAccelTypes.h
/Applications/Xcode.app/Contents/Developer/Platforms/MacOSX.platform/Developer/SDKs/MacOSX26.1.sdk/System/Library/Frameworks/IOKit.framework/Headers/graphics/IOGraphicsLib.h
/Applications/Xcode.app/Contents/Developer/Platforms/MacOSX.platform/Developer/SDKs/MacOSX26.1.sdk/System/Library/Frameworks/IOKit.framework/Headers/graphics/IOFramebufferShared.h
/Applications/Xcode.app/Contents/Developer/Platforms/MacOSX.platform/Developer/SDKs/MacOSX26.1.sdk/System/Library/Frameworks/IOKit.framework/Headers/hidsystem/IOHIDTypes.h
/Applications/Xcode.app/Contents/Developer/Platforms/MacOSX.platform/Developer/SDKs/MacOSX26.1.sdk/System/Library/Frameworks/IOKit.framework/Headers/graphics/IOGraphicsTypes.h
/Applications/Xcode.app/Contents/Developer/Platforms/MacOSX.platform/Developer/SDKs/MacOSX26.1.sdk/System/Library/Frameworks/IOKit.framework/Headers/graphics/IOGraphicsEngine.h
/Applications/Xcode.app/Contents/Developer/Platforms/MacOSX.platform/Developer/SDKs/MacOSX26.1.sdk/System/Library/Frameworks/IOKit.framework/Headers/hid/IOHIDBase.h
/Applications/Xcode.app/Contents/Developer/Platforms/MacOSX.platform/Developer/SDKs/MacOSX26.1.sdk/System/Library/Frameworks/IOKit.framework/Headers/hid/IOHIDKeys.h
/Applications/Xcode.app/Contents/Developer/Platforms/MacOSX.platform/Developer/SDKs/MacOSX26.1.sdk/System/Library/Frameworks/IOKit.framework/Headers/hidsystem/IOHIDParameter.h
/Applications/Xcode.app/Contents/Developer/Platforms/MacOSX.platform/Developer/SDKs/MacOSX26.1.sdk/System/Library/Frameworks/IOKit.framework/Headers/hidsystem/IOLLEvent.h
/Applications/Xcode.app/Contents/Developer/Platforms/MacOSX.platform/Developer/SDKs/MacOSX26.1.sdk/System/Library/Frameworks/IOKit.framework/Headers/hid/IOHIDProperties.h
/Applications/Xcode.app/Contents/Developer/Platforms/MacOSX.platform/Developer/SDKs/MacOSX26.1.sdk/System/Library/Frameworks/IOKit.framework/Headers/hid/IOHIDEventServiceKeys.h
/Applications/Xcode.app/Contents/Developer/Platforms/MacOSX.platform/Developer/SDKs/MacOSX26.1.sdk/System/Library/Frameworks/IOKit.framework/Headers/hid/IOHIDDeviceTypes.h
/Applications/Xcode.app/Contents/Developer/Platforms/MacOSX.platform/Developer/SDKs/MacOSX26.1.sdk/System/Library/Frameworks/IOKit.framework/Headers/hid/IOHIDDeviceKeys.h
/Applications/Xcode.app/Contents/Developer/Platforms/MacOSX.platform/Developer/SDKs/MacOSX26.1.sdk/System/Library/Frameworks/IOKit.framework/Headers/hid/IOHIDQueue.h
/Applications/Xcode.app/Contents/Developer/Platforms/MacOSX.platform/Developer/SDKs/MacOSX26.1.sdk/System/Library/Frameworks/IOKit.framework/Headers/hid/IOHIDDevice.h
/Applications/Xcode.app/Contents/Developer/Platforms/MacOSX.platform/Developer/SDKs/MacOSX26.1.sdk/System/Library/Frameworks/IOKit.framework/Headers/hid/IOHIDLib.h
/Applications/Xcode.app/Contents/Developer/Platforms/MacOSX.platform/Developer/SDKs/MacOSX26.1.sdk/System/Library/Frameworks/IOKit.framework/Headers/hid/IOHIDElement.h
/Applications/Xcode.app/Contents/Developer/Platforms/MacOSX.platform/Developer/SDKs/MacOSX26.1.sdk/System/Library/Frameworks/IOKit.framework/Headers/hid/IOHIDLibObsolete.h
/Applications/Xcode.app/Contents/Developer/Platforms/MacOSX.platform/Developer/SDKs/MacOSX26.1.sdk/System/Library/Frameworks/IOKit.framework/Headers/hid/IOHIDManager.h
/Applications/Xcode.app/Contents/Developer/Platforms/MacOSX.platform/Developer/SDKs/MacOSX26.1.sdk/System/Library/Frameworks/IOKit.framework/Headers/hid/IOHIDUsageTables.h
/Applications/Xcode.app/Contents/Developer/Platforms/MacOSX.platform/Developer/SDKs/MacOSX26.1.sdk/System/Library/Frameworks/IOKit.framework/Headers/hid/IOHIDValue.h
/Applications/Xcode.app/Contents/Developer/Platforms/MacOSX.platform/Developer/SDKs/MacOSX26.1.sdk/System/Library/Frameworks/IOKit.framework/Headers/hid/IOHIDTransaction.h
/Applications/Xcode.app/Contents/Developer/Platforms/MacOSX.platform/Developer/SDKs/MacOSX26.1.sdk/System/Library/Frameworks/IOKit.framework/Headers/hid/IOHIDDevicePlugIn.h
/Applications/Xcode.app/Contents/Developer/Platforms/MacOSX.platform/Developer/SDKs/MacOSX26.1.sdk/System/Library/Frameworks/IOKit.framework/Headers/hid/IOHIDEventServiceTypes.h
/Applications/Xcode.app/Contents/Developer/Platforms/MacOSX.platform/Developer/SDKs/MacOSX26.1.sdk/System/Library/Frameworks/IOKit.framework/Headers/hidsystem/IOHIDLib.h
/Applications/Xcode.app/Contents/Developer/Platforms/MacOSX.platform/Developer/SDKs/MacOSX26.1.sdk/System/Library/Frameworks/IOKit.framework/Headers/hidsystem/IOHIDShared.h
/Applications/Xcode.app/Contents/Developer/Platforms/MacOSX.platform/Developer/SDKs/MacOSX26.1.sdk/System/Library/Frameworks/IOKit.framework/Headers/hidsystem/event_status_driver.h
/Applications/Xcode.app/Contents/Developer/Platforms/MacOSX.platform/Developer/SDKs/MacOSX26.1.sdk/System/Library/Frameworks/IOKit.framework/Headers/hidsystem/ev_keymap.h
/Applications/Xcode.app/Contents/Developer/Platforms/MacOSX.platform/Developer/SDKs/MacOSX26.1.sdk/System/Library/Frameworks/IOKit.framework/Headers/hidsystem/IOHIDEventSystemClient.h
/Applications/Xcode.app/Contents/Developer/Platforms/MacOSX.platform/Developer/SDKs/MacOSX26.1.sdk/System/Library/Frameworks/IOKit.framework/Headers/hidsystem/IOHIDServiceClient.h
/Applications/Xcode.app/Contents/Developer/Platforms/MacOSX.platform/Developer/SDKs/MacOSX26.1.sdk/System/Library/Frameworks/IOKit.framework/Headers/hidsystem/IOHIDUserDevice.h
/Applications/Xcode.app/Contents/Developer/Platforms/MacOSX.platform/Developer/SDKs/MacOSX26.1.sdk/System/Library/Frameworks/IOKit.framework/Headers/i2c/IOI2CInterface.h
/Applications/Xcode.app/Contents/Developer/Platforms/MacOSX.platform/Developer/SDKs/MacOSX26.1.sdk/System/Library/Frameworks/IOKit.framework/Headers/kext/KextManager.h
/Applications/Xcode.app/Contents/Developer/Platforms/MacOSX.platform/Developer/SDKs/MacOSX26.1.sdk/System/Library/Frameworks/IOKit.framework/Headers/network/IOEthernetController.h
/Applications/Xcode.app/Contents/Developer/Platforms/MacOSX.platform/Developer/SDKs/MacOSX26.1.sdk/System/Library/Frameworks/IOKit.framework/Headers/network/IONetworkController.h
/Applications/Xcode.app/Contents/Developer/Platforms/MacOSX.platform/Developer/SDKs/MacOSX26.1.sdk/System/Library/Frameworks/IOKit.framework/Headers/network/IONetworkData.h
/Applications/Xcode.app/Contents/Developer/Platforms/MacOSX.platform/Developer/SDKs/MacOSX26.1.sdk/System/Library/Frameworks/IOKit.framework/Headers/network/IONetworkStack.h
/Applications/Xcode.app/Contents/Developer/Platforms/MacOSX.platform/Developer/SDKs/MacOSX26.1.sdk/System/Library/Frameworks/IOKit.framework/Headers/network/IOEthernetInterface.h
/Applications/Xcode.app/Contents/Developer/Platforms/MacOSX.platform/Developer/SDKs/MacOSX26.1.sdk/System/Library/Frameworks/IOKit.framework/Headers/network/IONetworkInterface.h
/Applications/Xcode.app/Contents/Developer/Platforms/MacOSX.platform/Developer/SDKs/MacOSX26.1.sdk/System/Library/Frameworks/IOKit.framework/Headers/network/IONetworkStats.h
/Applications/Xcode.app/Contents/Developer/Platforms/MacOSX.platform/Developer/SDKs/MacOSX26.1.sdk/System/Library/Frameworks/IOKit.framework/Headers/network/IOEthernetStats.h
/Applications/Xcode.app/Contents/Developer/Platforms/MacOSX.platform/Developer/SDKs/MacOSX26.1.sdk/System/Library/Frameworks/IOKit.framework/Headers/network/IONetworkLib.h
/Applications/Xcode.app/Contents/Developer/Platforms/MacOSX.platform/Developer/SDKs/MacOSX26.1.sdk/System/Library/Frameworks/IOKit.framework/Headers/network/IONetworkMedium.h
/Applications/Xcode.app/Contents/Developer/Platforms/MacOSX.platform/Developer/SDKs/MacOSX26.1.sdk/System/Library/Frameworks/IOKit.framework/Headers/network/IONetworkUserClient.h
/Applications/Xcode.app/Contents/Developer/Platforms/MacOSX.platform/Developer/SDKs/MacOSX26.1.sdk/System/Library/Frameworks/IOKit.framework/Headers/ps/IOPSKeys.h
/Applications/Xcode.app/Contents/Developer/Platforms/MacOSX.platform/Developer/SDKs/MacOSX26.1.sdk/System/Library/Frameworks/IOKit.framework/Headers/ps/IOPowerSources.h
/Applications/Xcode.app/Contents/Developer/Platforms/MacOSX.platform/Developer/SDKs/MacOSX26.1.sdk/System/Library/Frameworks/IOKit.framework/Headers/ps/IOUPSPlugIn.h
/Applications/Xcode.app/Contents/Developer/Platforms/MacOSX.platform/Developer/SDKs/MacOSX26.1.sdk/System/Library/Frameworks/IOKit.framework/Headers/pwr_mgt/IOPM.h
/Applications/Xcode.app/Contents/Developer/Platforms/MacOSX.platform/Developer/SDKs/MacOSX26.1.sdk/System/Library/Frameworks/IOKit.framework/Headers/pwr_mgt/IOPMKeys.h
/Applications/Xcode.app/Contents/Developer/Platforms/MacOSX.platform/Developer/SDKs/MacOSX26.1.sdk/System/Library/Frameworks/IOKit.framework/Headers/pwr_mgt/IOPMLib.h
/Applications/Xcode.app/Contents/Developer/Platforms/MacOSX.platform/Developer/SDKs/MacOSX26.1.sdk/System/Library/Frameworks/IOKit.framework/Headers/pwr_mgt/IOPMLibDefs.h
/Applications/Xcode.app/Contents/Developer/Platforms/MacOSX.platform/Developer/SDKs/MacOSX26.1.sdk/System/Library/Frameworks/IOKit.framework/Headers/sbp2/IOFireWireSBP2Lib.h
/Applications/Xcode.app/Contents/Developer/Platforms/MacOSX.platform/Developer/SDKs/MacOSX26.1.sdk/System/Library/Frameworks/IOKit.framework/Headers/scsi/IOSCSIMultimediaCommandsDevice.h
/Applications/Xcode.app/Contents/Developer/Platforms/MacOSX.platform/Developer/SDKs/MacOSX26.1.sdk/System/Library/Frameworks/IOKit.framework/Headers/storage/IOStorageDeviceCharacteristics.h
/Applications/Xcode.app/Contents/Developer/Platforms/MacOSX.platform/Developer/SDKs/MacOSX26.1.sdk/System/Library/Frameworks/IOKit.framework/Headers/storage/IOStorageProtocolCharacteristics.h
/Applications/Xcode.app/Contents/Developer/Platforms/MacOSX.platform/Developer/SDKs/MacOSX26.1.sdk/System/Library/Frameworks/IOKit.framework/Headers/storage/IOStorageControllerCharacteristics.h
/Applications/Xcode.app/Contents/Developer/Platforms/MacOSX.platform/Developer/SDKs/MacOSX26.1.sdk/System/Library/Frameworks/IOKit.framework/Headers/scsi/SCSICmds_REQUEST_SENSE_Defs.h
/Applications/Xcode.app/Contents/Developer/Platforms/MacOSX.platform/Developer/SDKs/MacOSX26.1.sdk/System/Library/Frameworks/IOKit.framework/Headers/scsi/SCSICmds_INQUIRY_Definitions.h
/Applications/Xcode.app/Contents/Developer/Platforms/MacOSX.platform/Developer/SDKs/MacOSX26.1.sdk/System/Library/Frameworks/IOKit.framework/Headers/scsi/SCSICommandDefinitions.h
/Applications/Xcode.app/Contents/Developer/Platforms/MacOSX.platform/Developer/SDKs/MacOSX26.1.sdk/System/Library/Frameworks/IOKit.framework/Headers/scsi/SCSICmds_MODE_Definitions.h
/Applications/Xcode.app/Contents/Developer/Platforms/MacOSX.platform/Developer/SDKs/MacOSX26.1.sdk/System/Library/Frameworks/IOKit.framework/Headers/scsi/SCSICommandOperationCodes.h
/Applications/Xcode.app/Contents/Developer/Platforms/MacOSX.platform/Developer/SDKs/MacOSX26.1.sdk/System/Library/Frameworks/IOKit.framework/Headers/scsi/SCSICmds_READ_CAPACITY_Definitions.h
/Applications/Xcode.app/Contents/Developer/Platforms/MacOSX.platform/Developer/SDKs/MacOSX26.1.sdk/System/Library/Frameworks/IOKit.framework/Headers/scsi/SCSITask.h
/Applications/Xcode.app/Contents/Developer/Platforms/MacOSX.platform/Developer/SDKs/MacOSX26.1.sdk/System/Library/Frameworks/IOKit.framework/Headers/scsi/SCSICmds_REPORT_LUNS_Definitions.h
/Applications/Xcode.app/Contents/Developer/Platforms/MacOSX.platform/Developer/SDKs/MacOSX26.1.sdk/System/Library/Frameworks/IOKit.framework/Headers/scsi/SCSITaskLib.h
/Applications/Xcode.app/Contents/Developer/Platforms/MacOSX.platform/Developer/SDKs/MacOSX26.1.sdk/System/Library/Frameworks/IOKit.framework/Headers/serial/IOSerialKeys.h
/Applications/Xcode.app/Contents/Developer/Platforms/MacOSX.platform/Developer/SDKs/MacOSX26.1.sdk/System/Library/Frameworks/IOKit.framework/Headers/serial/ioss.h
/Applications/Xcode.app/Contents/Developer/Platforms/MacOSX.platform/Developer/SDKs/MacOSX26.1.sdk/System/Library/Frameworks/IOKit.framework/Headers/storage/IOAppleLabelScheme.h
/Applications/Xcode.app/Contents/Developer/Platforms/MacOSX.platform/Developer/SDKs/MacOSX26.1.sdk/System/Library/Frameworks/IOKit.framework/Headers/storage/IODVDMediaBSDClient.h
/Applications/Xcode.app/Contents/Developer/Platforms/MacOSX.platform/Developer/SDKs/MacOSX26.1.sdk/System/Library/Frameworks/IOKit.framework/Headers/storage/IODVDTypes.h
/Applications/Xcode.app/Contents/Developer/Platforms/MacOSX.platform/Developer/SDKs/MacOSX26.1.sdk/System/Library/Frameworks/IOKit.framework/Headers/storage/IOApplePartitionScheme.h
/Applications/Xcode.app/Contents/Developer/Platforms/MacOSX.platform/Developer/SDKs/MacOSX26.1.sdk/System/Library/Frameworks/IOKit.framework/Headers/storage/IOBDBlockStorageDevice.h
/Applications/Xcode.app/Contents/Developer/Platforms/MacOSX.platform/Developer/SDKs/MacOSX26.1.sdk/System/Library/Frameworks/IOKit.framework/Headers/storage/IOBDTypes.h
/Applications/Xcode.app/Contents/Developer/Platforms/MacOSX.platform/Developer/SDKs/MacOSX26.1.sdk/System/Library/Frameworks/IOKit.framework/Headers/storage/IOFDiskPartitionScheme.h
/Applications/Xcode.app/Contents/Developer/Platforms/MacOSX.platform/Developer/SDKs/MacOSX26.1.sdk/System/Library/Frameworks/IOKit.framework/Headers/storage/IOBDMedia.h
/Applications/Xcode.app/Contents/Developer/Platforms/MacOSX.platform/Developer/SDKs/MacOSX26.1.sdk/System/Library/Frameworks/IOKit.framework/Headers/storage/IOFilterScheme.h
/Applications/Xcode.app/Contents/Developer/Platforms/MacOSX.platform/Developer/SDKs/MacOSX26.1.sdk/System/Library/Frameworks/IOKit.framework/Headers/storage/IOBDMediaBSDClient.h
/Applications/Xcode.app/Contents/Developer/Platforms/MacOSX.platform/Developer/SDKs/MacOSX26.1.sdk/System/Library/Frameworks/IOKit.framework/Headers/storage/IOFireWireStorageCharacteristics.h
/Applications/Xcode.app/Contents/Developer/Platforms/MacOSX.platform/Developer/SDKs/MacOSX26.1.sdk/System/Library/Frameworks/IOKit.framework/Headers/storage/IOGUIDPartitionScheme.h
/Applications/Xcode.app/Contents/Developer/Platforms/MacOSX.platform/Developer/SDKs/MacOSX26.1.sdk/System/Library/Frameworks/IOKit.framework/Headers/storage/IOBlockStorageDevice.h
/Applications/Xcode.app/Contents/Developer/Platforms/MacOSX.platform/Developer/SDKs/MacOSX26.1.sdk/System/Library/Frameworks/IOKit.framework/Headers/storage/IOMedia.h
/Applications/Xcode.app/Contents/Developer/Platforms/MacOSX.platform/Developer/SDKs/MacOSX26.1.sdk/System/Library/Frameworks/IOKit.framework/Headers/storage/IOBlockStorageDriver.h
/Applications/Xcode.app/Contents/Developer/Platforms/MacOSX.platform/Developer/SDKs/MacOSX26.1.sdk/System/Library/Frameworks/IOKit.framework/Headers/storage/IOMediaBSDClient.h
/Applications/Xcode.app/Contents/Developer/Platforms/MacOSX.platform/Developer/SDKs/MacOSX26.1.sdk/System/Library/Frameworks/IOKit.framework/Headers/storage/IOCDBlockStorageDevice.h
/Applications/Xcode.app/Contents/Developer/Platforms/MacOSX.platform/Developer/SDKs/MacOSX26.1.sdk/System/Library/Frameworks/IOKit.framework/Headers/storage/IOCDTypes.h
/Applications/Xcode.app/Contents/Developer/Platforms/MacOSX.platform/Developer/SDKs/MacOSX26.1.sdk/System/Library/Frameworks/IOKit.framework/Headers/storage/IOPartitionScheme.h
/Applications/Xcode.app/Contents/Developer/Platforms/MacOSX.platform/Developer/SDKs/MacOSX26.1.sdk/System/Library/Frameworks/IOKit.framework/Headers/storage/IOCDMedia.h
/Applications/Xcode.app/Contents/Developer/Platforms/MacOSX.platform/Developer/SDKs/MacOSX26.1.sdk/System/Library/Frameworks/IOKit.framework/Headers/storage/IOStorage.h
/Applications/Xcode.app/Contents/Developer/Platforms/MacOSX.platform/Developer/SDKs/MacOSX26.1.sdk/System/Library/Frameworks/IOKit.framework/Headers/storage/IOCDMediaBSDClient.h
/Applications/Xcode.app/Contents/Developer/Platforms/MacOSX.platform/Developer/SDKs/MacOSX26.1.sdk/System/Library/Frameworks/IOKit.framework/Headers/storage/IOStorageCardCharacteristics.h
/Applications/Xcode.app/Contents/Developer/Platforms/MacOSX.platform/Developer/SDKs/MacOSX26.1.sdk/System/Library/Frameworks/IOKit.framework/Headers/storage/IOCDPartitionScheme.h
/Applications/Xcode.app/Contents/Developer/Platforms/MacOSX.platform/Developer/SDKs/MacOSX26.1.sdk/System/Library/Frameworks/IOKit.framework/Headers/storage/IODVDBlockStorageDevice.h
/Applications/Xcode.app/Contents/Developer/Platforms/MacOSX.platform/Developer/SDKs/MacOSX26.1.sdk/System/Library/Frameworks/IOKit.framework/Headers/storage/IODVDMedia.h
/Applications/Xcode.app/Contents/Developer/Platforms/MacOSX.platform/Developer/SDKs/MacOSX26.1.sdk/System/Library/Frameworks/IOKit.framework/Headers/storage/ata/ATASMARTLib.h
/Applications/Xcode.app/Contents/Developer/Platforms/MacOSX.platform/Developer/SDKs/MacOSX26.1.sdk/System/Library/Frameworks/IOKit.framework/Headers/storage/ata/IOATAStorageDefines.h
/Applications/Xcode.app/Contents/Developer/Platforms/MacOSX.platform/Developer/SDKs/MacOSX26.1.sdk/System/Library/Frameworks/IOKit.framework/Headers/stream/IOStreamLib.h
/Applications/Xcode.app/Contents/Developer/Platforms/MacOSX.platform/Developer/SDKs/MacOSX26.1.sdk/System/Library/Frameworks/IOKit.framework/Headers/stream/IOStreamShared.h
/Applications/Xcode.app/Contents/Developer/Platforms/MacOSX.platform/Developer/SDKs/MacOSX26.1.sdk/System/Library/Frameworks/IOKit.framework/Headers/usb/AppleUSBDefinitions.h
/Applications/Xcode.app/Contents/Developer/Platforms/MacOSX.platform/Developer/SDKs/MacOSX26.1.sdk/System/Library/Frameworks/IOKit.framework/Headers/usb/IOUSBHostFamilyDefinitions.h
/Applications/Xcode.app/Contents/Developer/Platforms/MacOSX.platform/Developer/SDKs/MacOSX26.1.sdk/System/Library/Frameworks/IOKit.framework/Headers/usb/IOUSBLib.h
/Applications/Xcode.app/Contents/Developer/Platforms/MacOSX.platform/Developer/SDKs/MacOSX26.1.sdk/System/Library/Frameworks/IOKit.framework/Headers/usb/USB.h
/Applications/Xcode.app/Contents/Developer/Platforms/MacOSX.platform/Developer/SDKs/MacOSX26.1.sdk/System/Library/Frameworks/IOKit.framework/Headers/usb/USBSpec.h
/Applications/Xcode.app/Contents/Developer/Platforms/MacOSX.platform/Developer/SDKs/MacOSX26.1.sdk/SDKSettings.json
/Users/rogerlin/Library/Developer/Xcode/DerivedData/FinancialCalculatorKit-ackorybalcxbfocbkqsfdzcfkgmn/Build/Products/Debug/IssueReporting.swiftmodule/arm64-apple-macos.swiftmodule
/Applications/Xcode.app/Contents/Developer/Platforms/MacOSX.platform/Developer/SDKs/MacOSX26.1.sdk/usr/include/DarwinBasic.modulemap
/Applications/Xcode.app/Contents/Developer/Platforms/MacOSX.platform/Developer/SDKs/MacOSX26.1.sdk/usr/include/Darwin.modulemap
/Applications/Xcode.app/Contents/Developer/Platforms/MacOSX.platform/Developer/SDKs/MacOSX26.1.sdk/usr/include/Darwin_C.modulemap
/Applications/Xcode.app/Contents/Developer/Platforms/MacOSX.platform/Developer/SDKs/MacOSX26.1.sdk/usr/include/Darwin_POSIX.modulemap
/Applications/Xcode.app/Contents/Developer/Platforms/MacOSX.platform/Developer/SDKs/MacOSX26.1.sdk/usr/include/net.modulemap
/Applications/Xcode.app/Contents/Developer/Platforms/MacOSX.platform/Developer/SDKs/MacOSX26.1.sdk/usr/include/netinet.modulemap
/Applications/Xcode.app/Contents/Developer/Platforms/MacOSX.platform/Developer/SDKs/MacOSX26.1.sdk/usr/include/bank.modulemap
/Applications/Xcode.app/Contents/Developer/Platforms/MacOSX.platform/Developer/SDKs/MacOSX26.1.sdk/usr/include/Darwin_Mach.modulemap
/Applications/Xcode.app/Contents/Developer/Platforms/MacOSX.platform/Developer/SDKs/MacOSX26.1.sdk/usr/include/Darwin_Mach_machine.modulemap
/Applications/Xcode.app/Contents/Developer/Platforms/MacOSX.platform/Developer/SDKs/MacOSX26.1.sdk/usr/include/mach_debug.modulemap
/Applications/Xcode.app/Contents/Developer/Platforms/MacOSX.platform/Developer/SDKs/MacOSX26.1.sdk/usr/include/device.modulemap
/Applications/Xcode.app/Contents/Developer/Platforms/MacOSX.platform/Developer/SDKs/MacOSX26.1.sdk/usr/include/Darwin_machine.modulemap
/Applications/Xcode.app/Contents/Developer/Platforms/MacOSX.platform/Developer/SDKs/MacOSX26.1.sdk/usr/include/ncurses.modulemap
/Applications/Xcode.app/Contents/Developer/Platforms/MacOSX.platform/Developer/SDKs/MacOSX26.1.sdk/usr/include/netinet6.modulemap
/Applications/Xcode.app/Contents/Developer/Platforms/MacOSX.platform/Developer/SDKs/MacOSX26.1.sdk/usr/include/Darwin_sys.modulemap
/Applications/Xcode.app/Contents/Developer/Platforms/MacOSX.platform/Developer/SDKs/MacOSX26.1.sdk/usr/include/uuid.modulemap
/Applications/Xcode.app/Contents/Developer/Platforms/MacOSX.platform/Developer/SDKs/MacOSX26.1.sdk/usr/include/DarwinFoundation2.modulemap
/Applications/Xcode.app/Contents/Developer/Platforms/MacOSX.platform/Developer/SDKs/MacOSX26.1.sdk/usr/include/DarwinFoundation3.modulemap
/Applications/Xcode.app/Contents/Developer/Platforms/MacOSX.platform/Developer/SDKs/MacOSX26.1.sdk/usr/include/DarwinFoundation1.modulemap
/Applications/Xcode.app/Contents/Developer/Platforms/MacOSX.platform/Developer/SDKs/MacOSX26.1.sdk/usr/include/mach-o/arch.h
/Applications/Xcode.app/Contents/Developer/Toolchains/XcodeDefault.xctoolchain/usr/lib/swift/clang/include/module.modulemap
/Applications/Xcode.app/Contents/Developer/Platforms/MacOSX.platform/Developer/SDKs/MacOSX26.1.sdk/usr/include/mach-o/arm/reloc.h
/Applications/Xcode.app/Contents/Developer/Platforms/MacOSX.platform/Developer/SDKs/MacOSX26.1.sdk/usr/include/mach-o/arm64/reloc.h
/Applications/Xcode.app/Contents/Developer/Platforms/MacOSX.platform/Developer/SDKs/MacOSX26.1.sdk/usr/include/mach-o/compact_unwind_encoding.h
/Applications/Xcode.app/Contents/Developer/Platforms/MacOSX.platform/Developer/SDKs/MacOSX26.1.sdk/usr/include/mach-o/dyld.h
/Applications/Xcode.app/Contents/Developer/Toolchains/XcodeDefault.xctoolchain/usr/lib/swift/clang/include/stddef.h
/Applications/Xcode.app/Contents/Developer/Platforms/MacOSX.platform/Developer/SDKs/MacOSX26.1.sdk/usr/include/mach-o/loader.h
/Applications/Xcode.app/Contents/Developer/Platforms/MacOSX.platform/Developer/SDKs/MacOSX26.1.sdk/usr/include/mach-o/dyld_images.h
/Applications/Xcode.app/Contents/Developer/Platforms/MacOSX.platform/Developer/SDKs/MacOSX26.1.sdk/usr/include/mach-o/fat.h
/Applications/Xcode.app/Contents/Developer/Platforms/MacOSX.platform/Developer/SDKs/MacOSX26.1.sdk/usr/include/mach-o/fixup-chains.h
/Applications/Xcode.app/Contents/Developer/Platforms/MacOSX.platform/Developer/SDKs/MacOSX26.1.sdk/usr/include/mach-o/getsect.h
/Applications/Xcode.app/Contents/Developer/Platforms/MacOSX.platform/Developer/SDKs/MacOSX26.1.sdk/usr/include/mach-o/ldsyms.h
/Applications/Xcode.app/Contents/Developer/Platforms/MacOSX.platform/Developer/SDKs/MacOSX26.1.sdk/usr/include/mach-o/nlist.h
/Applications/Xcode.app/Contents/Developer/Platforms/MacOSX.platform/Developer/SDKs/MacOSX26.1.sdk/usr/include/mach-o/ranlib.h
/Applications/Xcode.app/Contents/Developer/Platforms/MacOSX.platform/Developer/SDKs/MacOSX26.1.sdk/usr/include/mach-o/reloc.h
/Applications/Xcode.app/Contents/Developer/Platforms/MacOSX.platform/Developer/SDKs/MacOSX26.1.sdk/usr/include/mach-o/stab.h
/Applications/Xcode.app/Contents/Developer/Platforms/MacOSX.platform/Developer/SDKs/MacOSX26.1.sdk/usr/include/mach-o/swap.h
/Applications/Xcode.app/Contents/Developer/Platforms/MacOSX.platform/Developer/SDKs/MacOSX26.1.sdk/usr/include/mach-o/utils.h
/Applications/Xcode.app/Contents/Developer/Platforms/MacOSX.platform/Developer/SDKs/MacOSX26.1.sdk/usr/include/mach-o/x86_64/reloc.h
/Applications/Xcode.app/Contents/Developer/Platforms/MacOSX.platform/Developer/SDKs/MacOSX26.1.sdk/SDKSettings.json
/Applications/Xcode.app/Contents/Developer/Toolchains/XcodeDefault.xctoolchain/usr/lib/swift/macosx/prebuilt-modules/26.1/ObjectiveC.swiftmodule/arm64e-apple-macos.swiftmodule
/Applications/Xcode.app/Contents/Developer/Platforms/MacOSX.platform/Developer/SDKs/MacOSX26.1.sdk/usr/include/ObjectiveC.apinotes
/Applications/Xcode.app/Contents/Developer/Platforms/MacOSX.platform/Developer/SDKs/MacOSX26.1.sdk/usr/include/DarwinBasic.modulemap
/Applications/Xcode.app/Contents/Developer/Platforms/MacOSX.platform/Developer/SDKs/MacOSX26.1.sdk/usr/include/ObjectiveC.modulemap
/Applications/Xcode.app/Contents/Developer/Platforms/MacOSX.platform/Developer/SDKs/MacOSX26.1.sdk/usr/include/Darwin.modulemap
/Applications/Xcode.app/Contents/Developer/Platforms/MacOSX.platform/Developer/SDKs/MacOSX26.1.sdk/usr/include/Darwin_C.modulemap
/Applications/Xcode.app/Contents/Developer/Platforms/MacOSX.platform/Developer/SDKs/MacOSX26.1.sdk/usr/include/Darwin_POSIX.modulemap
/Applications/Xcode.app/Contents/Developer/Platforms/MacOSX.platform/Developer/SDKs/MacOSX26.1.sdk/usr/include/net.modulemap
/Applications/Xcode.app/Contents/Developer/Platforms/MacOSX.platform/Developer/SDKs/MacOSX26.1.sdk/usr/include/netinet.modulemap
/Applications/Xcode.app/Contents/Developer/Platforms/MacOSX.platform/Developer/SDKs/MacOSX26.1.sdk/usr/include/bank.modulemap
/Applications/Xcode.app/Contents/Developer/Platforms/MacOSX.platform/Developer/SDKs/MacOSX26.1.sdk/usr/include/Darwin_Mach.modulemap
/Applications/Xcode.app/Contents/Developer/Platforms/MacOSX.platform/Developer/SDKs/MacOSX26.1.sdk/usr/include/Darwin_Mach_machine.modulemap
/Applications/Xcode.app/Contents/Developer/Platforms/MacOSX.platform/Developer/SDKs/MacOSX26.1.sdk/usr/include/mach_debug.modulemap
/Applications/Xcode.app/Contents/Developer/Platforms/MacOSX.platform/Developer/SDKs/MacOSX26.1.sdk/usr/include/device.modulemap
/Applications/Xcode.app/Contents/Developer/Platforms/MacOSX.platform/Developer/SDKs/MacOSX26.1.sdk/usr/include/Darwin_machine.modulemap
/Applications/Xcode.app/Contents/Developer/Platforms/MacOSX.platform/Developer/SDKs/MacOSX26.1.sdk/usr/include/ncurses.modulemap
/Applications/Xcode.app/Contents/Developer/Platforms/MacOSX.platform/Developer/SDKs/MacOSX26.1.sdk/usr/include/netinet6.modulemap
/Applications/Xcode.app/Contents/Developer/Platforms/MacOSX.platform/Developer/SDKs/MacOSX26.1.sdk/usr/include/Darwin_sys.modulemap
/Applications/Xcode.app/Contents/Developer/Platforms/MacOSX.platform/Developer/SDKs/MacOSX26.1.sdk/usr/include/uuid.modulemap
/Applications/Xcode.app/Contents/Developer/Platforms/MacOSX.platform/Developer/SDKs/MacOSX26.1.sdk/usr/include/DarwinFoundation2.modulemap
/Applications/Xcode.app/Contents/Developer/Platforms/MacOSX.platform/Developer/SDKs/MacOSX26.1.sdk/usr/include/DarwinFoundation3.modulemap
/Applications/Xcode.app/Contents/Developer/Platforms/MacOSX.platform/Developer/SDKs/MacOSX26.1.sdk/usr/include/DarwinFoundation1.modulemap
/Applications/Xcode.app/Contents/Developer/Platforms/MacOSX.platform/Developer/SDKs/MacOSX26.1.sdk/usr/include/objc/List.h
/Applications/Xcode.app/Contents/Developer/Platforms/MacOSX.platform/Developer/SDKs/MacOSX26.1.sdk/usr/include/objc/NSObjCRuntime.h
/Applications/Xcode.app/Contents/Developer/Toolchains/XcodeDefault.xctoolchain/usr/lib/swift/clang/include/module.modulemap
/Applications/Xcode.app/Contents/Developer/Platforms/MacOSX.platform/Developer/SDKs/MacOSX26.1.sdk/usr/include/objc/objc.h
/Applications/Xcode.app/Contents/Developer/Platforms/MacOSX.platform/Developer/SDKs/MacOSX26.1.sdk/usr/include/stdlib.h
/Applications/Xcode.app/Contents/Developer/Platforms/MacOSX.platform/Developer/SDKs/MacOSX26.1.sdk/usr/include/objc/objc-api.h
/Applications/Xcode.app/Contents/Developer/Toolchains/XcodeDefault.xctoolchain/usr/lib/swift/clang/include/stddef.h
/Applications/Xcode.app/Contents/Developer/Platforms/MacOSX.platform/Developer/SDKs/MacOSX26.1.sdk/usr/include/objc/NSObject.h
/Applications/Xcode.app/Contents/Developer/Platforms/MacOSX.platform/Developer/SDKs/MacOSX26.1.sdk/usr/include/objc/Object.h
/Applications/Xcode.app/Contents/Developer/Toolchains/XcodeDefault.xctoolchain/usr/lib/swift/clang/include/stdarg.h
/Applications/Xcode.app/Contents/Developer/Platforms/MacOSX.platform/Developer/SDKs/MacOSX26.1.sdk/usr/include/objc/objc-runtime.h
/Applications/Xcode.app/Contents/Developer/Platforms/MacOSX.platform/Developer/SDKs/MacOSX26.1.sdk/usr/include/objc/runtime.h
/Applications/Xcode.app/Contents/Developer/Platforms/MacOSX.platform/Developer/SDKs/MacOSX26.1.sdk/usr/include/objc/message.h
/Applications/Xcode.app/Contents/Developer/Platforms/MacOSX.platform/Developer/SDKs/MacOSX26.1.sdk/usr/include/objc/Protocol.h
/Applications/Xcode.app/Contents/Developer/Platforms/MacOSX.platform/Developer/SDKs/MacOSX26.1.sdk/usr/include/objc/hashtable.h
/Applications/Xcode.app/Contents/Developer/Platforms/MacOSX.platform/Developer/SDKs/MacOSX26.1.sdk/usr/include/objc/hashtable2.h
/Applications/Xcode.app/Contents/Developer/Platforms/MacOSX.platform/Developer/SDKs/MacOSX26.1.sdk/usr/include/objc/objc-auto.h
/Applications/Xcode.app/Contents/Developer/Platforms/MacOSX.platform/Developer/SDKs/MacOSX26.1.sdk/usr/include/string.h
/Applications/Xcode.app/Contents/Developer/Platforms/MacOSX.platform/Developer/SDKs/MacOSX26.1.sdk/usr/include/objc/objc-class.h
/Applications/Xcode.app/Contents/Developer/Platforms/MacOSX.platform/Developer/SDKs/MacOSX26.1.sdk/usr/include/objc/objc-exception.h
/Applications/Xcode.app/Contents/Developer/Platforms/MacOSX.platform/Developer/SDKs/MacOSX26.1.sdk/usr/include/objc/objc-load.h
/Applications/Xcode.app/Contents/Developer/Platforms/MacOSX.platform/Developer/SDKs/MacOSX26.1.sdk/usr/include/objc/objc-sync.h
/Applications/Xcode.app/Contents/Developer/Platforms/MacOSX.platform/Developer/SDKs/MacOSX26.1.sdk/SDKSettings.json
/Applications/Xcode.app/Contents/Developer/Toolchains/XcodeDefault.xctoolchain/usr/lib/swift/macosx/prebuilt-modules/26.1/Observation.swiftmodule/arm64e-apple-macos.swiftmodule
/Applications/Xcode.app/Contents/Developer/Platforms/MacOSX.platform/Developer/SDKs/MacOSX26.1.sdk/System/Library/Frameworks/Security.framework/Headers/Security.apinotes
/Applications/Xcode.app/Contents/Developer/Platforms/MacOSX.platform/Developer/SDKs/MacOSX26.1.sdk/System/Library/Frameworks/Security.framework/Modules/module.modulemap
/Applications/Xcode.app/Contents/Developer/Platforms/MacOSX.platform/Developer/SDKs/MacOSX26.1.sdk/System/Library/Frameworks/Security.framework/Headers/Security.h
/Applications/Xcode.app/Contents/Developer/Platforms/MacOSX.platform/Developer/SDKs/MacOSX26.1.sdk/System/Library/Frameworks/Security.framework/Headers/SecBase.h
/Applications/Xcode.app/Contents/Developer/Platforms/MacOSX.platform/Developer/SDKs/MacOSX26.1.sdk/usr/include/xpc.modulemap
/Applications/Xcode.app/Contents/Developer/Platforms/MacOSX.platform/Developer/SDKs/MacOSX26.1.sdk/usr/include/dispatch.modulemap
/Applications/Xcode.app/Contents/Developer/Platforms/MacOSX.platform/Developer/SDKs/MacOSX26.1.sdk/usr/include/os.modulemap
/Applications/Xcode.app/Contents/Developer/Platforms/MacOSX.platform/Developer/SDKs/MacOSX26.1.sdk/usr/include/Darwin.modulemap
/Applications/Xcode.app/Contents/Developer/Platforms/MacOSX.platform/Developer/SDKs/MacOSX26.1.sdk/usr/include/Darwin_C.modulemap
/Applications/Xcode.app/Contents/Developer/Platforms/MacOSX.platform/Developer/SDKs/MacOSX26.1.sdk/usr/include/Darwin_POSIX.modulemap
/Applications/Xcode.app/Contents/Developer/Platforms/MacOSX.platform/Developer/SDKs/MacOSX26.1.sdk/usr/include/net.modulemap
/Applications/Xcode.app/Contents/Developer/Platforms/MacOSX.platform/Developer/SDKs/MacOSX26.1.sdk/usr/include/netinet.modulemap
/Applications/Xcode.app/Contents/Developer/Platforms/MacOSX.platform/Developer/SDKs/MacOSX26.1.sdk/usr/include/bank.modulemap
/Applications/Xcode.app/Contents/Developer/Platforms/MacOSX.platform/Developer/SDKs/MacOSX26.1.sdk/usr/include/Darwin_Mach.modulemap
/Applications/Xcode.app/Contents/Developer/Platforms/MacOSX.platform/Developer/SDKs/MacOSX26.1.sdk/usr/include/Darwin_Mach_machine.modulemap
/Applications/Xcode.app/Contents/Developer/Platforms/MacOSX.platform/Developer/SDKs/MacOSX26.1.sdk/usr/include/mach_debug.modulemap
/Applications/Xcode.app/Contents/Developer/Platforms/MacOSX.platform/Developer/SDKs/MacOSX26.1.sdk/usr/include/device.modulemap
/Applications/Xcode.app/Contents/Developer/Platforms/MacOSX.platform/Developer/SDKs/MacOSX26.1.sdk/usr/include/Darwin_machine.modulemap
/Applications/Xcode.app/Contents/Developer/Platforms/MacOSX.platform/Developer/SDKs/MacOSX26.1.sdk/usr/include/ncurses.modulemap
/Applications/Xcode.app/Contents/Developer/Platforms/MacOSX.platform/Developer/SDKs/MacOSX26.1.sdk/usr/include/netinet6.modulemap
/Applications/Xcode.app/Contents/Developer/Platforms/MacOSX.platform/Developer/SDKs/MacOSX26.1.sdk/usr/include/Darwin_sys.modulemap
/Applications/Xcode.app/Contents/Developer/Platforms/MacOSX.platform/Developer/SDKs/MacOSX26.1.sdk/usr/include/uuid.modulemap
/Applications/Xcode.app/Contents/Developer/Platforms/MacOSX.platform/Developer/SDKs/MacOSX26.1.sdk/usr/include/DarwinFoundation2.modulemap
/Applications/Xcode.app/Contents/Developer/Platforms/MacOSX.platform/Developer/SDKs/MacOSX26.1.sdk/usr/include/DarwinFoundation3.modulemap
/Applications/Xcode.app/Contents/Developer/Platforms/MacOSX.platform/Developer/SDKs/MacOSX26.1.sdk/usr/include/DarwinFoundation1.modulemap
/Applications/Xcode.app/Contents/Developer/Platforms/MacOSX.platform/Developer/SDKs/MacOSX26.1.sdk/System/Library/Frameworks/CoreFoundation.framework/Modules/module.modulemap
/Applications/Xcode.app/Contents/Developer/Platforms/MacOSX.platform/Developer/SDKs/MacOSX26.1.sdk/System/Library/Frameworks/Security.framework/Headers/SecCertificate.h
/Applications/Xcode.app/Contents/Developer/Platforms/MacOSX.platform/Developer/SDKs/MacOSX26.1.sdk/System/Library/Frameworks/Security.framework/Headers/cssmtype.h
/Applications/Xcode.app/Contents/Developer/Platforms/MacOSX.platform/Developer/SDKs/MacOSX26.1.sdk/System/Library/Frameworks/Security.framework/Headers/cssmconfig.h
/Applications/Xcode.app/Contents/Developer/Toolchains/XcodeDefault.xctoolchain/usr/lib/swift/clang/include/module.modulemap
/Applications/Xcode.app/Contents/Developer/Platforms/MacOSX.platform/Developer/SDKs/MacOSX26.1.sdk/System/Library/Frameworks/Security.framework/Headers/SecAsn1Types.h
/Applications/Xcode.app/Contents/Developer/Platforms/MacOSX.platform/Developer/SDKs/MacOSX26.1.sdk/System/Library/Frameworks/Security.framework/Headers/x509defs.h
/Applications/Xcode.app/Contents/Developer/Platforms/MacOSX.platform/Developer/SDKs/MacOSX26.1.sdk/System/Library/Frameworks/Security.framework/Headers/SecIdentity.h
/Applications/Xcode.app/Contents/Developer/Platforms/MacOSX.platform/Developer/SDKs/MacOSX26.1.sdk/System/Library/Frameworks/Security.framework/Headers/SecAccessControl.h
/Applications/Xcode.app/Contents/Developer/Platforms/MacOSX.platform/Developer/SDKs/MacOSX26.1.sdk/System/Library/Frameworks/Security.framework/Headers/SecItem.h
/Applications/Xcode.app/Contents/Developer/Platforms/MacOSX.platform/Developer/SDKs/MacOSX26.1.sdk/System/Library/Frameworks/Security.framework/Headers/SecKey.h
/Applications/Xcode.app/Contents/Developer/Platforms/MacOSX.platform/Developer/SDKs/MacOSX26.1.sdk/System/Library/Frameworks/Security.framework/Headers/SecAccess.h
/Applications/Xcode.app/Contents/Developer/Platforms/MacOSX.platform/Developer/SDKs/MacOSX26.1.sdk/System/Library/Frameworks/Security.framework/Headers/SecPolicy.h
/Applications/Xcode.app/Contents/Developer/Platforms/MacOSX.platform/Developer/SDKs/MacOSX26.1.sdk/System/Library/Frameworks/Security.framework/Headers/SecRandom.h
/Applications/Xcode.app/Contents/Developer/Platforms/MacOSX.platform/Developer/SDKs/MacOSX26.1.sdk/System/Library/Frameworks/Security.framework/Headers/SecImportExport.h
/Applications/Xcode.app/Contents/Developer/Platforms/MacOSX.platform/Developer/SDKs/MacOSX26.1.sdk/System/Library/Frameworks/Security.framework/Headers/SecKeychain.h
/Applications/Xcode.app/Contents/Developer/Platforms/MacOSX.platform/Developer/SDKs/MacOSX26.1.sdk/System/Library/Frameworks/Security.framework/Headers/cssmapple.h
/Applications/Xcode.app/Contents/Developer/Platforms/MacOSX.platform/Developer/SDKs/MacOSX26.1.sdk/System/Library/Frameworks/Security.framework/Headers/cssmerr.h
/Applications/Xcode.app/Contents/Developer/Platforms/MacOSX.platform/Developer/SDKs/MacOSX26.1.sdk/System/Library/Frameworks/Security.framework/Headers/certextensions.h
/Applications/Xcode.app/Contents/Developer/Platforms/MacOSX.platform/Developer/SDKs/MacOSX26.1.sdk/System/Library/Frameworks/Security.framework/Headers/SecTrust.h
/Applications/Xcode.app/Contents/Developer/Platforms/MacOSX.platform/Developer/SDKs/MacOSX26.1.sdk/System/Library/Frameworks/Security.framework/Headers/SecSharedCredential.h
/Applications/Xcode.app/Contents/Developer/Platforms/MacOSX.platform/Developer/SDKs/MacOSX26.1.sdk/System/Library/Frameworks/Security.framework/Headers/SecProtocolOptions.h
/Applications/Xcode.app/Contents/Developer/Platforms/MacOSX.platform/Developer/SDKs/MacOSX26.1.sdk/System/Library/Frameworks/Security.framework/Headers/SecProtocolObject.h
/Applications/Xcode.app/Contents/Developer/Platforms/MacOSX.platform/Developer/SDKs/MacOSX26.1.sdk/System/Library/Frameworks/Security.framework/Headers/SecProtocolTypes.h
/Applications/Xcode.app/Contents/Developer/Platforms/MacOSX.platform/Developer/SDKs/MacOSX26.1.sdk/System/Library/Frameworks/Security.framework/Headers/CipherSuite.h
/Applications/Xcode.app/Contents/Developer/Platforms/MacOSX.platform/Developer/SDKs/MacOSX26.1.sdk/System/Library/Frameworks/Security.framework/Headers/SecProtocolMetadata.h
/Applications/Xcode.app/Contents/Developer/Platforms/MacOSX.platform/Developer/SDKs/MacOSX26.1.sdk/System/Library/Frameworks/Security.framework/Headers/AuthSession.h
/Applications/Xcode.app/Contents/Developer/Platforms/MacOSX.platform/Developer/SDKs/MacOSX26.1.sdk/System/Library/Frameworks/Security.framework/Headers/Authorization.h
/Applications/Xcode.app/Contents/Developer/Platforms/MacOSX.platform/Developer/SDKs/MacOSX26.1.sdk/usr/include/stdio.h
/Applications/Xcode.app/Contents/Developer/Platforms/MacOSX.platform/Developer/SDKs/MacOSX26.1.sdk/System/Library/Frameworks/Security.framework/Headers/cssm.h
/Applications/Xcode.app/Contents/Developer/Platforms/MacOSX.platform/Developer/SDKs/MacOSX26.1.sdk/System/Library/Frameworks/Security.framework/Headers/emmtype.h
/Applications/Xcode.app/Contents/Developer/Platforms/MacOSX.platform/Developer/SDKs/MacOSX26.1.sdk/System/Library/Frameworks/Security.framework/Headers/cssmapi.h
/Applications/Xcode.app/Contents/Developer/Platforms/MacOSX.platform/Developer/SDKs/MacOSX26.1.sdk/System/Library/Frameworks/Security.framework/Headers/cssmaci.h
/Applications/Xcode.app/Contents/Developer/Platforms/MacOSX.platform/Developer/SDKs/MacOSX26.1.sdk/System/Library/Frameworks/Security.framework/Headers/cssmcli.h
/Applications/Xcode.app/Contents/Developer/Platforms/MacOSX.platform/Developer/SDKs/MacOSX26.1.sdk/System/Library/Frameworks/Security.framework/Headers/cssmcspi.h
/Applications/Xcode.app/Contents/Developer/Platforms/MacOSX.platform/Developer/SDKs/MacOSX26.1.sdk/System/Library/Frameworks/Security.framework/Headers/cssmspi.h
/Applications/Xcode.app/Contents/Developer/Platforms/MacOSX.platform/Developer/SDKs/MacOSX26.1.sdk/System/Library/Frameworks/Security.framework/Headers/cssmdli.h
/Applications/Xcode.app/Contents/Developer/Platforms/MacOSX.platform/Developer/SDKs/MacOSX26.1.sdk/System/Library/Frameworks/Security.framework/Headers/cssmkrapi.h
/Applications/Xcode.app/Contents/Developer/Platforms/MacOSX.platform/Developer/SDKs/MacOSX26.1.sdk/System/Library/Frameworks/Security.framework/Headers/cssmkrspi.h
/Applications/Xcode.app/Contents/Developer/Platforms/MacOSX.platform/Developer/SDKs/MacOSX26.1.sdk/System/Library/Frameworks/Security.framework/Headers/cssmtpi.h
/Applications/Xcode.app/Contents/Developer/Platforms/MacOSX.platform/Developer/SDKs/MacOSX26.1.sdk/System/Library/Frameworks/Security.framework/Headers/emmspi.h
/Applications/Xcode.app/Contents/Developer/Platforms/MacOSX.platform/Developer/SDKs/MacOSX26.1.sdk/System/Library/Frameworks/Security.framework/Headers/mds.h
/Applications/Xcode.app/Contents/Developer/Platforms/MacOSX.platform/Developer/SDKs/MacOSX26.1.sdk/System/Library/Frameworks/Security.framework/Headers/mds_schema.h
/Applications/Xcode.app/Contents/Developer/Platforms/MacOSX.platform/Developer/SDKs/MacOSX26.1.sdk/System/Library/Frameworks/Security.framework/Headers/oidsalg.h
/Applications/Xcode.app/Contents/Developer/Platforms/MacOSX.platform/Developer/SDKs/MacOSX26.1.sdk/System/Library/Frameworks/Security.framework/Headers/oidsattr.h
/Applications/Xcode.app/Contents/Developer/Platforms/MacOSX.platform/Developer/SDKs/MacOSX26.1.sdk/System/Library/Frameworks/Security.framework/Headers/oidsbase.h
/Applications/Xcode.app/Contents/Developer/Platforms/MacOSX.platform/Developer/SDKs/MacOSX26.1.sdk/System/Library/Frameworks/Security.framework/Headers/oidscert.h
/Applications/Xcode.app/Contents/Developer/Platforms/MacOSX.platform/Developer/SDKs/MacOSX26.1.sdk/System/Library/Frameworks/Security.framework/Headers/oidscrl.h
/Applications/Xcode.app/Contents/Developer/Platforms/MacOSX.platform/Developer/SDKs/MacOSX26.1.sdk/System/Library/Frameworks/Security.framework/Headers/SecACL.h
/Applications/Xcode.app/Contents/Developer/Platforms/MacOSX.platform/Developer/SDKs/MacOSX26.1.sdk/System/Library/Frameworks/Security.framework/Headers/SecCertificateOIDs.h
/Applications/Xcode.app/Contents/Developer/Platforms/MacOSX.platform/Developer/SDKs/MacOSX26.1.sdk/System/Library/Frameworks/Security.framework/Headers/SecIdentitySearch.h
/Applications/Xcode.app/Contents/Developer/Platforms/MacOSX.platform/Developer/SDKs/MacOSX26.1.sdk/System/Library/Frameworks/Security.framework/Headers/SecKeychainItem.h
/Applications/Xcode.app/Contents/Developer/Platforms/MacOSX.platform/Developer/SDKs/MacOSX26.1.sdk/System/Library/Frameworks/Security.framework/Headers/SecKeychainSearch.h
/Applications/Xcode.app/Contents/Developer/Platforms/MacOSX.platform/Developer/SDKs/MacOSX26.1.sdk/System/Library/Frameworks/Security.framework/Headers/SecPolicySearch.h
/Applications/Xcode.app/Contents/Developer/Platforms/MacOSX.platform/Developer/SDKs/MacOSX26.1.sdk/System/Library/Frameworks/Security.framework/Headers/SecTrustedApplication.h
/Applications/Xcode.app/Contents/Developer/Platforms/MacOSX.platform/Developer/SDKs/MacOSX26.1.sdk/System/Library/Frameworks/Security.framework/Headers/SecTrustSettings.h
/Applications/Xcode.app/Contents/Developer/Platforms/MacOSX.platform/Developer/SDKs/MacOSX26.1.sdk/System/Library/Frameworks/Security.framework/Headers/SecStaticCode.h
/Applications/Xcode.app/Contents/Developer/Platforms/MacOSX.platform/Developer/SDKs/MacOSX26.1.sdk/System/Library/Frameworks/Security.framework/Headers/CSCommon.h
/Applications/Xcode.app/Contents/Developer/Platforms/MacOSX.platform/Developer/SDKs/MacOSX26.1.sdk/System/Library/Frameworks/Security.framework/Headers/SecCode.h
/Applications/Xcode.app/Contents/Developer/Platforms/MacOSX.platform/Developer/SDKs/MacOSX26.1.sdk/System/Library/Frameworks/Security.framework/Headers/SecCodeHost.h
/Applications/Xcode.app/Contents/Developer/Platforms/MacOSX.platform/Developer/SDKs/MacOSX26.1.sdk/System/Library/Frameworks/Security.framework/Headers/SecRequirement.h
/Applications/Xcode.app/Contents/Developer/Platforms/MacOSX.platform/Developer/SDKs/MacOSX26.1.sdk/System/Library/Frameworks/Security.framework/Headers/SecTask.h
/Applications/Xcode.app/Contents/Developer/Platforms/MacOSX.platform/Developer/SDKs/MacOSX26.1.sdk/System/Library/Frameworks/Security.framework/Headers/AuthorizationTags.h
/Applications/Xcode.app/Contents/Developer/Platforms/MacOSX.platform/Developer/SDKs/MacOSX26.1.sdk/System/Library/Frameworks/Security.framework/Headers/AuthorizationDB.h
/Applications/Xcode.app/Contents/Developer/Platforms/MacOSX.platform/Developer/SDKs/MacOSX26.1.sdk/System/Library/Frameworks/Security.framework/Headers/CMSDecoder.h
/Applications/Xcode.app/Contents/Developer/Platforms/MacOSX.platform/Developer/SDKs/MacOSX26.1.sdk/System/Library/Frameworks/Security.framework/Headers/CMSEncoder.h
/Applications/Xcode.app/Contents/Developer/Platforms/MacOSX.platform/Developer/SDKs/MacOSX26.1.sdk/System/Library/Frameworks/Security.framework/Headers/SecureTransport.h
/Applications/Xcode.app/Contents/Developer/Platforms/MacOSX.platform/Developer/SDKs/MacOSX26.1.sdk/System/Library/Frameworks/Security.framework/Headers/SecTransform.h
/Applications/Xcode.app/Contents/Developer/Platforms/MacOSX.platform/Developer/SDKs/MacOSX26.1.sdk/System/Library/Frameworks/Security.framework/Headers/SecCustomTransform.h
/Applications/Xcode.app/Contents/Developer/Platforms/MacOSX.platform/Developer/SDKs/MacOSX26.1.sdk/System/Library/Frameworks/Security.framework/Headers/SecDecodeTransform.h
/Applications/Xcode.app/Contents/Developer/Platforms/MacOSX.platform/Developer/SDKs/MacOSX26.1.sdk/System/Library/Frameworks/Security.framework/Headers/SecEncodeTransform.h
/Applications/Xcode.app/Contents/Developer/Platforms/MacOSX.platform/Developer/SDKs/MacOSX26.1.sdk/System/Library/Frameworks/Security.framework/Headers/SecDigestTransform.h
/Applications/Xcode.app/Contents/Developer/Platforms/MacOSX.platform/Developer/SDKs/MacOSX26.1.sdk/System/Library/Frameworks/Security.framework/Headers/SecEncryptTransform.h
/Applications/Xcode.app/Contents/Developer/Platforms/MacOSX.platform/Developer/SDKs/MacOSX26.1.sdk/System/Library/Frameworks/Security.framework/Headers/SecSignVerifyTransform.h
/Applications/Xcode.app/Contents/Developer/Platforms/MacOSX.platform/Developer/SDKs/MacOSX26.1.sdk/System/Library/Frameworks/Security.framework/Headers/SecReadTransform.h
/Applications/Xcode.app/Contents/Developer/Platforms/MacOSX.platform/Developer/SDKs/MacOSX26.1.sdk/System/Library/Frameworks/Security.framework/Headers/SecTransformReadTransform.h
/Applications/Xcode.app/Contents/Developer/Platforms/MacOSX.platform/Developer/SDKs/MacOSX26.1.sdk/System/Library/Frameworks/Security.framework/Headers/oids.h
/Applications/Xcode.app/Contents/Developer/Platforms/MacOSX.platform/Developer/SDKs/MacOSX26.1.sdk/usr/include/libDER/module.modulemap
/Applications/Xcode.app/Contents/Developer/Platforms/MacOSX.platform/Developer/SDKs/MacOSX26.1.sdk/usr/include/string.h
/Applications/Xcode.app/Contents/Developer/Platforms/MacOSX.platform/Developer/SDKs/MacOSX26.1.sdk/System/Library/Frameworks/Security.framework/Headers/AuthorizationPlugin.h
/Applications/Xcode.app/Contents/Developer/Platforms/MacOSX.platform/Developer/SDKs/MacOSX26.1.sdk/System/Library/Frameworks/Security.framework/Headers/CodeSigning.h
/Applications/Xcode.app/Contents/Developer/Platforms/MacOSX.platform/Developer/SDKs/MacOSX26.1.sdk/System/Library/Frameworks/Security.framework/Headers/eisl.h
/Applications/Xcode.app/Contents/Developer/Platforms/MacOSX.platform/Developer/SDKs/MacOSX26.1.sdk/System/Library/Frameworks/Security.framework/Headers/SecAsn1Coder.h
/Applications/Xcode.app/Contents/Developer/Platforms/MacOSX.platform/Developer/SDKs/MacOSX26.1.sdk/System/Library/Frameworks/Security.framework/Headers/SecAsn1Templates.h
/Applications/Xcode.app/Contents/Developer/Platforms/MacOSX.platform/Developer/SDKs/MacOSX26.1.sdk/System/Library/Frameworks/Security.framework/Headers/SecureDownload.h
/Applications/Xcode.app/Contents/Developer/Platforms/MacOSX.platform/Developer/SDKs/MacOSX26.1.sdk/SDKSettings.json
/Applications/Xcode.app/Contents/Developer/Toolchains/XcodeDefault.xctoolchain/usr/lib/swift/macosx/prebuilt-modules/26.1/Swift.swiftmodule/arm64e-apple-macos.swiftmodule
/Applications/Xcode.app/Contents/Developer/Toolchains/XcodeDefault.xctoolchain/usr/lib/swift/macosx/prebuilt-modules/26.1/SwiftOnoneSupport.swiftmodule/arm64e-apple-macos.swiftmodule
/Applications/Xcode.app/Contents/Developer/Platforms/MacOSX.platform/Developer/SDKs/MacOSX26.1.sdk/usr/lib/swift/shims/module.modulemap
/Applications/Xcode.app/Contents/Developer/Platforms/MacOSX.platform/Developer/SDKs/MacOSX26.1.sdk/usr/lib/swift/shims/AssertionReporting.h
/Applications/Xcode.app/Contents/Developer/Platforms/MacOSX.platform/Developer/SDKs/MacOSX26.1.sdk/usr/lib/swift/shims/SwiftStdint.h
/Applications/Xcode.app/Contents/Developer/Platforms/MacOSX.platform/Developer/SDKs/MacOSX26.1.sdk/usr/lib/swift/shims/Visibility.h
/Applications/Xcode.app/Contents/Developer/Platforms/MacOSX.platform/Developer/SDKs/MacOSX26.1.sdk/usr/lib/swift/shims/CoreFoundationShims.h
/Applications/Xcode.app/Contents/Developer/Platforms/MacOSX.platform/Developer/SDKs/MacOSX26.1.sdk/usr/lib/swift/shims/ObjCShims.h
/Applications/Xcode.app/Contents/Developer/Platforms/MacOSX.platform/Developer/SDKs/MacOSX26.1.sdk/usr/lib/swift/shims/EmbeddedShims.h
/Applications/Xcode.app/Contents/Developer/Platforms/MacOSX.platform/Developer/SDKs/MacOSX26.1.sdk/usr/lib/swift/shims/SwiftStddef.h
/Applications/Xcode.app/Contents/Developer/Platforms/MacOSX.platform/Developer/SDKs/MacOSX26.1.sdk/usr/lib/swift/shims/FoundationShims.h
/Applications/Xcode.app/Contents/Developer/Platforms/MacOSX.platform/Developer/SDKs/MacOSX26.1.sdk/usr/lib/swift/shims/GlobalObjects.h
/Applications/Xcode.app/Contents/Developer/Platforms/MacOSX.platform/Developer/SDKs/MacOSX26.1.sdk/usr/lib/swift/shims/SwiftStdbool.h
/Applications/Xcode.app/Contents/Developer/Platforms/MacOSX.platform/Developer/SDKs/MacOSX26.1.sdk/usr/lib/swift/shims/HeapObject.h
/Applications/Xcode.app/Contents/Developer/Platforms/MacOSX.platform/Developer/SDKs/MacOSX26.1.sdk/usr/lib/swift/shims/RefCount.h
/Applications/Xcode.app/Contents/Developer/Platforms/MacOSX.platform/Developer/SDKs/MacOSX26.1.sdk/usr/lib/swift/shims/System.h
/Applications/Xcode.app/Contents/Developer/Platforms/MacOSX.platform/Developer/SDKs/MacOSX26.1.sdk/usr/lib/swift/shims/Target.h
/Applications/Xcode.app/Contents/Developer/Platforms/MacOSX.platform/Developer/SDKs/MacOSX26.1.sdk/usr/lib/swift/shims/KeyPath.h
/Applications/Xcode.app/Contents/Developer/Platforms/MacOSX.platform/Developer/SDKs/MacOSX26.1.sdk/usr/lib/swift/shims/LibcShims.h
/Applications/Xcode.app/Contents/Developer/Platforms/MacOSX.platform/Developer/SDKs/MacOSX26.1.sdk/usr/lib/swift/shims/MetadataSections.h
/Applications/Xcode.app/Contents/Developer/Platforms/MacOSX.platform/Developer/SDKs/MacOSX26.1.sdk/usr/lib/swift/shims/Random.h
/Applications/Xcode.app/Contents/Developer/Platforms/MacOSX.platform/Developer/SDKs/MacOSX26.1.sdk/usr/lib/swift/shims/Reflection.h
/Applications/Xcode.app/Contents/Developer/Platforms/MacOSX.platform/Developer/SDKs/MacOSX26.1.sdk/usr/lib/swift/shims/RuntimeShims.h
/Applications/Xcode.app/Contents/Developer/Platforms/MacOSX.platform/Developer/SDKs/MacOSX26.1.sdk/usr/lib/swift/shims/RuntimeStubs.h
/Applications/Xcode.app/Contents/Developer/Platforms/MacOSX.platform/Developer/SDKs/MacOSX26.1.sdk/usr/lib/swift/shims/ThreadLocalStorage.h
/Applications/Xcode.app/Contents/Developer/Platforms/MacOSX.platform/Developer/SDKs/MacOSX26.1.sdk/usr/lib/swift/shims/UnicodeData.h
/Applications/Xcode.app/Contents/Developer/Platforms/MacOSX.platform/Developer/SDKs/MacOSX26.1.sdk/SDKSettings.json
/Applications/Xcode.app/Contents/Developer/Toolchains/XcodeDefault.xctoolchain/usr/lib/swift/macosx/prebuilt-modules/26.1/System.swiftmodule/arm64e-apple-macos.swiftmodule
/Applications/Xcode.app/Contents/Developer/Toolchains/XcodeDefault.xctoolchain/usr/lib/swift/macosx/prebuilt-modules/26.1/XPC.swiftmodule/arm64e-apple-macos.swiftmodule
/Applications/Xcode.app/Contents/Developer/Platforms/MacOSX.platform/Developer/SDKs/MacOSX26.1.sdk/usr/include/XPC.apinotes
/Applications/Xcode.app/Contents/Developer/Platforms/MacOSX.platform/Developer/SDKs/MacOSX26.1.sdk/usr/include/launch.modulemap
/Applications/Xcode.app/Contents/Developer/Platforms/MacOSX.platform/Developer/SDKs/MacOSX26.1.sdk/usr/include/xpc.modulemap
/Applications/Xcode.app/Contents/Developer/Platforms/MacOSX.platform/Developer/SDKs/MacOSX26.1.sdk/usr/include/dispatch.modulemap
/Applications/Xcode.app/Contents/Developer/Platforms/MacOSX.platform/Developer/SDKs/MacOSX26.1.sdk/usr/include/os.modulemap
/Applications/Xcode.app/Contents/Developer/Platforms/MacOSX.platform/Developer/SDKs/MacOSX26.1.sdk/usr/include/Darwin.modulemap
/Applications/Xcode.app/Contents/Developer/Platforms/MacOSX.platform/Developer/SDKs/MacOSX26.1.sdk/usr/include/Darwin_C.modulemap
/Applications/Xcode.app/Contents/Developer/Platforms/MacOSX.platform/Developer/SDKs/MacOSX26.1.sdk/usr/include/Darwin_POSIX.modulemap
/Applications/Xcode.app/Contents/Developer/Platforms/MacOSX.platform/Developer/SDKs/MacOSX26.1.sdk/usr/include/net.modulemap
/Applications/Xcode.app/Contents/Developer/Platforms/MacOSX.platform/Developer/SDKs/MacOSX26.1.sdk/usr/include/netinet.modulemap
/Applications/Xcode.app/Contents/Developer/Platforms/MacOSX.platform/Developer/SDKs/MacOSX26.1.sdk/usr/include/bank.modulemap
/Applications/Xcode.app/Contents/Developer/Platforms/MacOSX.platform/Developer/SDKs/MacOSX26.1.sdk/usr/include/Darwin_Mach.modulemap
/Applications/Xcode.app/Contents/Developer/Platforms/MacOSX.platform/Developer/SDKs/MacOSX26.1.sdk/usr/include/Darwin_Mach_machine.modulemap
/Applications/Xcode.app/Contents/Developer/Platforms/MacOSX.platform/Developer/SDKs/MacOSX26.1.sdk/usr/include/mach_debug.modulemap
/Applications/Xcode.app/Contents/Developer/Platforms/MacOSX.platform/Developer/SDKs/MacOSX26.1.sdk/usr/include/device.modulemap
/Applications/Xcode.app/Contents/Developer/Platforms/MacOSX.platform/Developer/SDKs/MacOSX26.1.sdk/usr/include/Darwin_machine.modulemap
/Applications/Xcode.app/Contents/Developer/Platforms/MacOSX.platform/Developer/SDKs/MacOSX26.1.sdk/usr/include/ncurses.modulemap
/Applications/Xcode.app/Contents/Developer/Platforms/MacOSX.platform/Developer/SDKs/MacOSX26.1.sdk/usr/include/netinet6.modulemap
/Applications/Xcode.app/Contents/Developer/Platforms/MacOSX.platform/Developer/SDKs/MacOSX26.1.sdk/usr/include/Darwin_sys.modulemap
/Applications/Xcode.app/Contents/Developer/Platforms/MacOSX.platform/Developer/SDKs/MacOSX26.1.sdk/usr/include/uuid.modulemap
/Applications/Xcode.app/Contents/Developer/Platforms/MacOSX.platform/Developer/SDKs/MacOSX26.1.sdk/usr/include/DarwinFoundation2.modulemap
/Applications/Xcode.app/Contents/Developer/Platforms/MacOSX.platform/Developer/SDKs/MacOSX26.1.sdk/usr/include/DarwinFoundation3.modulemap
/Applications/Xcode.app/Contents/Developer/Platforms/MacOSX.platform/Developer/SDKs/MacOSX26.1.sdk/usr/include/DarwinFoundation1.modulemap
/Applications/Xcode.app/Contents/Developer/Platforms/MacOSX.platform/Developer/SDKs/MacOSX26.1.sdk/usr/include/xpc/xpc.h
/Applications/Xcode.app/Contents/Developer/Toolchains/XcodeDefault.xctoolchain/usr/lib/swift/clang/include/module.modulemap
/Applications/Xcode.app/Contents/Developer/Toolchains/XcodeDefault.xctoolchain/usr/lib/swift/clang/include/stdarg.h
/Applications/Xcode.app/Contents/Developer/Platforms/MacOSX.platform/Developer/SDKs/MacOSX26.1.sdk/usr/include/stdlib.h
/Applications/Xcode.app/Contents/Developer/Platforms/MacOSX.platform/Developer/SDKs/MacOSX26.1.sdk/usr/include/stdio.h
/Applications/Xcode.app/Contents/Developer/Platforms/MacOSX.platform/Developer/SDKs/MacOSX26.1.sdk/usr/include/string.h
/Applications/Xcode.app/Contents/Developer/Platforms/MacOSX.platform/Developer/SDKs/MacOSX26.1.sdk/usr/include/xpc/base.h
/Applications/Xcode.app/Contents/Developer/Platforms/MacOSX.platform/Developer/SDKs/MacOSX26.1.sdk/usr/include/xpc/availability.h
/Applications/Xcode.app/Contents/Developer/Platforms/MacOSX.platform/Developer/SDKs/MacOSX26.1.sdk/usr/include/xpc/endpoint.h
/Applications/Xcode.app/Contents/Developer/Platforms/MacOSX.platform/Developer/SDKs/MacOSX26.1.sdk/usr/include/xpc/debug.h
/Applications/Xcode.app/Contents/Developer/Platforms/MacOSX.platform/Developer/SDKs/MacOSX26.1.sdk/usr/include/xpc/activity.h
/Applications/Xcode.app/Contents/Developer/Platforms/MacOSX.platform/Developer/SDKs/MacOSX26.1.sdk/usr/include/xpc/peer_requirement.h
/Applications/Xcode.app/Contents/Developer/Platforms/MacOSX.platform/Developer/SDKs/MacOSX26.1.sdk/usr/include/xpc/connection.h
/Applications/Xcode.app/Contents/Developer/Platforms/MacOSX.platform/Developer/SDKs/MacOSX26.1.sdk/usr/include/xpc/rich_error.h
/Applications/Xcode.app/Contents/Developer/Platforms/MacOSX.platform/Developer/SDKs/MacOSX26.1.sdk/usr/include/xpc/session.h
/Applications/Xcode.app/Contents/Developer/Platforms/MacOSX.platform/Developer/SDKs/MacOSX26.1.sdk/usr/include/xpc/listener.h
/Applications/Xcode.app/Contents/Developer/Platforms/MacOSX.platform/Developer/SDKs/MacOSX26.1.sdk/SDKSettings.json
/Applications/Xcode.app/Contents/Developer/Platforms/MacOSX.platform/Developer/SDKs/MacOSX26.1.sdk/usr/include/DarwinFoundation1.modulemap
/Applications/Xcode.app/Contents/Developer/Platforms/MacOSX.platform/Developer/SDKs/MacOSX26.1.sdk/usr/include/AvailabilityInternal.h
/Applications/Xcode.app/Contents/Developer/Platforms/MacOSX.platform/Developer/SDKs/MacOSX26.1.sdk/usr/include/AvailabilityVersions.h
/Applications/Xcode.app/Contents/Developer/Platforms/MacOSX.platform/Developer/SDKs/MacOSX26.1.sdk/usr/include/AvailabilityInternalLegacy.h
/Applications/Xcode.app/Contents/Developer/Platforms/MacOSX.platform/Developer/SDKs/MacOSX26.1.sdk/SDKSettings.json
/Applications/Xcode.app/Contents/Developer/Toolchains/XcodeDefault.xctoolchain/usr/lib/swift/macosx/prebuilt-modules/26.1/_Builtin_float.swiftmodule/arm64e-apple-macos.swiftmodule
/Applications/Xcode.app/Contents/Developer/Toolchains/XcodeDefault.xctoolchain/usr/lib/swift/clang/include/module.modulemap
/Applications/Xcode.app/Contents/Developer/Toolchains/XcodeDefault.xctoolchain/usr/lib/swift/clang/include/float.h
/Applications/Xcode.app/Contents/Developer/Platforms/MacOSX.platform/Developer/SDKs/MacOSX26.1.sdk/SDKSettings.json
/Applications/Xcode.app/Contents/Developer/Toolchains/XcodeDefault.xctoolchain/usr/lib/swift/clang/include/module.modulemap
/Applications/Xcode.app/Contents/Developer/Toolchains/XcodeDefault.xctoolchain/usr/lib/swift/clang/include/inttypes.h
/Applications/Xcode.app/Contents/Developer/Platforms/MacOSX.platform/Developer/SDKs/MacOSX26.1.sdk/usr/include/DarwinFoundation3.modulemap
/Applications/Xcode.app/Contents/Developer/Platforms/MacOSX.platform/Developer/SDKs/MacOSX26.1.sdk/usr/include/inttypes.h
/Applications/Xcode.app/Contents/Developer/Platforms/MacOSX.platform/Developer/SDKs/MacOSX26.1.sdk/SDKSettings.json
/Applications/Xcode.app/Contents/Developer/Toolchains/XcodeDefault.xctoolchain/usr/lib/swift/clang/include/module.modulemap
/Applications/Xcode.app/Contents/Developer/Toolchains/XcodeDefault.xctoolchain/usr/lib/swift/clang/include/limits.h
/Applications/Xcode.app/Contents/Developer/Platforms/MacOSX.platform/Developer/SDKs/MacOSX26.1.sdk/usr/include/DarwinFoundation1.modulemap
/Applications/Xcode.app/Contents/Developer/Platforms/MacOSX.platform/Developer/SDKs/MacOSX26.1.sdk/SDKSettings.json
/Applications/Xcode.app/Contents/Developer/Toolchains/XcodeDefault.xctoolchain/usr/lib/swift/clang/include/module.modulemap
/Applications/Xcode.app/Contents/Developer/Toolchains/XcodeDefault.xctoolchain/usr/lib/swift/clang/include/__stdarg___gnuc_va_list.h
/Applications/Xcode.app/Contents/Developer/Toolchains/XcodeDefault.xctoolchain/usr/lib/swift/clang/include/__stdarg___va_copy.h
/Applications/Xcode.app/Contents/Developer/Toolchains/XcodeDefault.xctoolchain/usr/lib/swift/clang/include/__stdarg_header_macro.h
/Applications/Xcode.app/Contents/Developer/Toolchains/XcodeDefault.xctoolchain/usr/lib/swift/clang/include/__stdarg_va_arg.h
/Applications/Xcode.app/Contents/Developer/Toolchains/XcodeDefault.xctoolchain/usr/lib/swift/clang/include/__stdarg_va_copy.h
/Applications/Xcode.app/Contents/Developer/Toolchains/XcodeDefault.xctoolchain/usr/lib/swift/clang/include/__stdarg_va_list.h
/Applications/Xcode.app/Contents/Developer/Platforms/MacOSX.platform/Developer/SDKs/MacOSX26.1.sdk/SDKSettings.json
/Applications/Xcode.app/Contents/Developer/Toolchains/XcodeDefault.xctoolchain/usr/lib/swift/clang/include/module.modulemap
/Applications/Xcode.app/Contents/Developer/Toolchains/XcodeDefault.xctoolchain/usr/lib/swift/clang/include/stdatomic.h
/Applications/Xcode.app/Contents/Developer/Toolchains/XcodeDefault.xctoolchain/usr/lib/swift/clang/include/stddef.h
/Applications/Xcode.app/Contents/Developer/Platforms/MacOSX.platform/Developer/SDKs/MacOSX26.1.sdk/SDKSettings.json
/Applications/Xcode.app/Contents/Developer/Toolchains/XcodeDefault.xctoolchain/usr/lib/swift/clang/include/module.modulemap
/Applications/Xcode.app/Contents/Developer/Toolchains/XcodeDefault.xctoolchain/usr/lib/swift/clang/include/stdbool.h
/Applications/Xcode.app/Contents/Developer/Platforms/MacOSX.platform/Developer/SDKs/MacOSX26.1.sdk/SDKSettings.json
/Applications/Xcode.app/Contents/Developer/Toolchains/XcodeDefault.xctoolchain/usr/lib/swift/clang/include/module.modulemap
/Applications/Xcode.app/Contents/Developer/Toolchains/XcodeDefault.xctoolchain/usr/lib/swift/clang/include/__stddef_header_macro.h
/Applications/Xcode.app/Contents/Developer/Toolchains/XcodeDefault.xctoolchain/usr/lib/swift/clang/include/__stddef_max_align_t.h
/Applications/Xcode.app/Contents/Developer/Toolchains/XcodeDefault.xctoolchain/usr/lib/swift/clang/include/__stddef_null.h
/Applications/Xcode.app/Contents/Developer/Toolchains/XcodeDefault.xctoolchain/usr/lib/swift/clang/include/__stddef_nullptr_t.h
/Applications/Xcode.app/Contents/Developer/Toolchains/XcodeDefault.xctoolchain/usr/lib/swift/clang/include/__stddef_offsetof.h
/Applications/Xcode.app/Contents/Developer/Toolchains/XcodeDefault.xctoolchain/usr/lib/swift/clang/include/__stddef_ptrdiff_t.h
/Applications/Xcode.app/Contents/Developer/Toolchains/XcodeDefault.xctoolchain/usr/lib/swift/clang/include/__stddef_rsize_t.h
/Applications/Xcode.app/Contents/Developer/Toolchains/XcodeDefault.xctoolchain/usr/lib/swift/clang/include/__stddef_size_t.h
/Applications/Xcode.app/Contents/Developer/Toolchains/XcodeDefault.xctoolchain/usr/lib/swift/clang/include/__stddef_unreachable.h
/Applications/Xcode.app/Contents/Developer/Toolchains/XcodeDefault.xctoolchain/usr/lib/swift/clang/include/__stddef_wchar_t.h
/Applications/Xcode.app/Contents/Developer/Platforms/MacOSX.platform/Developer/SDKs/MacOSX26.1.sdk/SDKSettings.json
/Applications/Xcode.app/Contents/Developer/Toolchains/XcodeDefault.xctoolchain/usr/lib/swift/clang/include/module.modulemap
/Applications/Xcode.app/Contents/Developer/Toolchains/XcodeDefault.xctoolchain/usr/lib/swift/clang/include/stdint.h
/Applications/Xcode.app/Contents/Developer/Platforms/MacOSX.platform/Developer/SDKs/MacOSX26.1.sdk/usr/include/DarwinFoundation2.modulemap
/Applications/Xcode.app/Contents/Developer/Platforms/MacOSX.platform/Developer/SDKs/MacOSX26.1.sdk/SDKSettings.json
/Applications/Xcode.app/Contents/Developer/Toolchains/XcodeDefault.xctoolchain/usr/lib/swift/macosx/prebuilt-modules/26.1/_Concurrency.swiftmodule/arm64e-apple-macos.swiftmodule
/Applications/Xcode.app/Contents/Developer/Toolchains/XcodeDefault.xctoolchain/usr/lib/swift/macosx/prebuilt-modules/26.1/_DarwinFoundation1.swiftmodule/arm64e-apple-macos.swiftmodule
/Applications/Xcode.app/Contents/Developer/Platforms/MacOSX.platform/Developer/SDKs/MacOSX26.1.sdk/usr/include/DarwinFoundation1.modulemap
/Applications/Xcode.app/Contents/Developer/Platforms/MacOSX.platform/Developer/SDKs/MacOSX26.1.sdk/usr/include/sys/appleapiopts.h
/Applications/Xcode.app/Contents/Developer/Platforms/MacOSX.platform/Developer/SDKs/MacOSX26.1.sdk/usr/include/os/availability.h
/Applications/Xcode.app/Contents/Developer/Platforms/MacOSX.platform/Developer/SDKs/MacOSX26.1.sdk/usr/include/Availability.h
/Applications/Xcode.app/Contents/Developer/Platforms/MacOSX.platform/Developer/SDKs/MacOSX26.1.sdk/usr/include/AvailabilityMacros.h
/Applications/Xcode.app/Contents/Developer/Platforms/MacOSX.platform/Developer/SDKs/MacOSX26.1.sdk/usr/include/TargetConditionals.h
/Applications/Xcode.app/Contents/Developer/Platforms/MacOSX.platform/Developer/SDKs/MacOSX26.1.sdk/usr/include/_bounds.h
/Applications/Xcode.app/Contents/Developer/Platforms/MacOSX.platform/Developer/SDKs/MacOSX26.1.sdk/usr/include/sys/cdefs.h
/Applications/Xcode.app/Contents/Developer/Platforms/MacOSX.platform/Developer/SDKs/MacOSX26.1.sdk/usr/include/sys/_symbol_aliasing.h
/Applications/Xcode.app/Contents/Developer/Platforms/MacOSX.platform/Developer/SDKs/MacOSX26.1.sdk/usr/include/sys/_posix_availability.h
/Applications/Xcode.app/Contents/Developer/Toolchains/XcodeDefault.xctoolchain/usr/lib/swift/clang/include/module.modulemap
/Applications/Xcode.app/Contents/Developer/Platforms/MacOSX.platform/Developer/SDKs/MacOSX26.1.sdk/usr/include/sys/qos.h
/Applications/Xcode.app/Contents/Developer/Platforms/MacOSX.platform/Developer/SDKs/MacOSX26.1.sdk/usr/include/machine/_endian.h
/Applications/Xcode.app/Contents/Developer/Platforms/MacOSX.platform/Developer/SDKs/MacOSX26.1.sdk/usr/include/arm/_endian.h
/Applications/Xcode.app/Contents/Developer/Platforms/MacOSX.platform/Developer/SDKs/MacOSX26.1.sdk/usr/include/sys/__endian.h
/Applications/Xcode.app/Contents/Developer/Platforms/MacOSX.platform/Developer/SDKs/MacOSX26.1.sdk/usr/include/i386/_endian.h
/Applications/Xcode.app/Contents/Developer/Platforms/MacOSX.platform/Developer/SDKs/MacOSX26.1.sdk/usr/include/__xlocale.h
/Applications/Xcode.app/Contents/Developer/Platforms/MacOSX.platform/Developer/SDKs/MacOSX26.1.sdk/usr/include/_mb_cur_max.h
/Applications/Xcode.app/Contents/Developer/Platforms/MacOSX.platform/Developer/SDKs/MacOSX26.1.sdk/usr/include/_types/_locale_t.h
/Applications/Xcode.app/Contents/Developer/Platforms/MacOSX.platform/Developer/SDKs/MacOSX26.1.sdk/usr/include/sys/_types/_u_char.h
/Applications/Xcode.app/Contents/Developer/Platforms/MacOSX.platform/Developer/SDKs/MacOSX26.1.sdk/usr/include/sys/_types/_u_short.h
/Applications/Xcode.app/Contents/Developer/Platforms/MacOSX.platform/Developer/SDKs/MacOSX26.1.sdk/usr/include/sys/_types/_u_int.h
/Applications/Xcode.app/Contents/Developer/Platforms/MacOSX.platform/Developer/SDKs/MacOSX26.1.sdk/usr/include/sys/_types/_u_int8_t.h
/Applications/Xcode.app/Contents/Developer/Platforms/MacOSX.platform/Developer/SDKs/MacOSX26.1.sdk/usr/include/sys/_types/_u_int16_t.h
/Applications/Xcode.app/Contents/Developer/Platforms/MacOSX.platform/Developer/SDKs/MacOSX26.1.sdk/usr/include/sys/_types/_u_int32_t.h
/Applications/Xcode.app/Contents/Developer/Platforms/MacOSX.platform/Developer/SDKs/MacOSX26.1.sdk/usr/include/sys/_types/_u_int64_t.h
/Applications/Xcode.app/Contents/Developer/Platforms/MacOSX.platform/Developer/SDKs/MacOSX26.1.sdk/usr/include/_assert.h
/Applications/Xcode.app/Contents/Developer/Platforms/MacOSX.platform/Developer/SDKs/MacOSX26.1.sdk/usr/include/_static_assert.h
/Applications/Xcode.app/Contents/Developer/Platforms/MacOSX.platform/Developer/SDKs/MacOSX26.1.sdk/usr/include/complex.h
/Applications/Xcode.app/Contents/Developer/Platforms/MacOSX.platform/Developer/SDKs/MacOSX26.1.sdk/usr/include/errno.h
/Applications/Xcode.app/Contents/Developer/Platforms/MacOSX.platform/Developer/SDKs/MacOSX26.1.sdk/usr/include/sys/errno.h
/Applications/Xcode.app/Contents/Developer/Platforms/MacOSX.platform/Developer/SDKs/MacOSX26.1.sdk/usr/include/sys/_types/_errno_t.h
/Applications/Xcode.app/Contents/Developer/Platforms/MacOSX.platform/Developer/SDKs/MacOSX26.1.sdk/usr/include/fenv.h
/Applications/Xcode.app/Contents/Developer/Platforms/MacOSX.platform/Developer/SDKs/MacOSX26.1.sdk/usr/include/limits.h
/Applications/Xcode.app/Contents/Developer/Platforms/MacOSX.platform/Developer/SDKs/MacOSX26.1.sdk/usr/include/machine/limits.h
/Applications/Xcode.app/Contents/Developer/Platforms/MacOSX.platform/Developer/SDKs/MacOSX26.1.sdk/usr/include/arm/limits.h
/Applications/Xcode.app/Contents/Developer/Platforms/MacOSX.platform/Developer/SDKs/MacOSX26.1.sdk/usr/include/arm/_limits.h
/Applications/Xcode.app/Contents/Developer/Platforms/MacOSX.platform/Developer/SDKs/MacOSX26.1.sdk/usr/include/sys/syslimits.h
/Applications/Xcode.app/Contents/Developer/Platforms/MacOSX.platform/Developer/SDKs/MacOSX26.1.sdk/usr/include/i386/limits.h
/Applications/Xcode.app/Contents/Developer/Platforms/MacOSX.platform/Developer/SDKs/MacOSX26.1.sdk/usr/include/machine/_limits.h
/Applications/Xcode.app/Contents/Developer/Platforms/MacOSX.platform/Developer/SDKs/MacOSX26.1.sdk/usr/include/i386/_limits.h
/Applications/Xcode.app/Contents/Developer/Platforms/MacOSX.platform/Developer/SDKs/MacOSX26.1.sdk/usr/include/math.h
/Applications/Xcode.app/Contents/Developer/Platforms/MacOSX.platform/Developer/SDKs/MacOSX26.1.sdk/usr/include/setjmp.h
/Applications/Xcode.app/Contents/Developer/Platforms/MacOSX.platform/Developer/SDKs/MacOSX26.1.sdk/SDKSettings.json
/Applications/Xcode.app/Contents/Developer/Platforms/MacOSX.platform/Developer/SDKs/MacOSX26.1.sdk/usr/include/_DarwinFoundation2.apinotes
/Applications/Xcode.app/Contents/Developer/Platforms/MacOSX.platform/Developer/SDKs/MacOSX26.1.sdk/usr/include/DarwinFoundation2.modulemap
/Applications/Xcode.app/Contents/Developer/Platforms/MacOSX.platform/Developer/SDKs/MacOSX26.1.sdk/usr/include/DarwinFoundation1.modulemap
/Applications/Xcode.app/Contents/Developer/Platforms/MacOSX.platform/Developer/SDKs/MacOSX26.1.sdk/usr/include/nl_types.h
/Applications/Xcode.app/Contents/Developer/Platforms/MacOSX.platform/Developer/SDKs/MacOSX26.1.sdk/usr/include/sys/types.h
/Applications/Xcode.app/Contents/Developer/Platforms/MacOSX.platform/Developer/SDKs/MacOSX26.1.sdk/usr/include/machine/types.h
/Applications/Xcode.app/Contents/Developer/Platforms/MacOSX.platform/Developer/SDKs/MacOSX26.1.sdk/usr/include/arm/types.h
/Applications/Xcode.app/Contents/Developer/Platforms/MacOSX.platform/Developer/SDKs/MacOSX26.1.sdk/usr/include/arm/_types.h
/Applications/Xcode.app/Contents/Developer/Platforms/MacOSX.platform/Developer/SDKs/MacOSX26.1.sdk/usr/include/sys/_types/_ptrdiff_t.h
/Applications/Xcode.app/Contents/Developer/Toolchains/XcodeDefault.xctoolchain/usr/lib/swift/clang/include/module.modulemap
/Applications/Xcode.app/Contents/Developer/Toolchains/XcodeDefault.xctoolchain/usr/lib/swift/clang/include/stddef.h
/Applications/Xcode.app/Contents/Developer/Platforms/MacOSX.platform/Developer/SDKs/MacOSX26.1.sdk/usr/include/sys/_types/_size_t.h
/Applications/Xcode.app/Contents/Developer/Platforms/MacOSX.platform/Developer/SDKs/MacOSX26.1.sdk/usr/include/sys/_types/_va_list.h
/Applications/Xcode.app/Contents/Developer/Toolchains/XcodeDefault.xctoolchain/usr/lib/swift/clang/include/stdarg.h
/Applications/Xcode.app/Contents/Developer/Platforms/MacOSX.platform/Developer/SDKs/MacOSX26.1.sdk/usr/include/sys/_types/_wchar_t.h
/Applications/Xcode.app/Contents/Developer/Platforms/MacOSX.platform/Developer/SDKs/MacOSX26.1.sdk/usr/include/sys/_types/_int8_t.h
/Applications/Xcode.app/Contents/Developer/Platforms/MacOSX.platform/Developer/SDKs/MacOSX26.1.sdk/usr/include/sys/_types/_int16_t.h
/Applications/Xcode.app/Contents/Developer/Platforms/MacOSX.platform/Developer/SDKs/MacOSX26.1.sdk/usr/include/sys/_types/_int32_t.h
/Applications/Xcode.app/Contents/Developer/Platforms/MacOSX.platform/Developer/SDKs/MacOSX26.1.sdk/usr/include/sys/_types/_int64_t.h
/Applications/Xcode.app/Contents/Developer/Platforms/MacOSX.platform/Developer/SDKs/MacOSX26.1.sdk/usr/include/sys/_types/_intptr_t.h
/Applications/Xcode.app/Contents/Developer/Platforms/MacOSX.platform/Developer/SDKs/MacOSX26.1.sdk/usr/include/machine/_types.h
/Applications/Xcode.app/Contents/Developer/Platforms/MacOSX.platform/Developer/SDKs/MacOSX26.1.sdk/usr/include/sys/_types/_uintptr_t.h
/Applications/Xcode.app/Contents/Developer/Platforms/MacOSX.platform/Developer/SDKs/MacOSX26.1.sdk/usr/include/sys/_types.h
/Applications/Xcode.app/Contents/Developer/Platforms/MacOSX.platform/Developer/SDKs/MacOSX26.1.sdk/usr/include/sys/_types/_null.h
/Applications/Xcode.app/Contents/Developer/Platforms/MacOSX.platform/Developer/SDKs/MacOSX26.1.sdk/usr/include/sys/_pthread/_pthread_types.h
/Applications/Xcode.app/Contents/Developer/Platforms/MacOSX.platform/Developer/SDKs/MacOSX26.1.sdk/usr/include/machine/endian.h
/Applications/Xcode.app/Contents/Developer/Platforms/MacOSX.platform/Developer/SDKs/MacOSX26.1.sdk/usr/include/arm/endian.h
/Applications/Xcode.app/Contents/Developer/Platforms/MacOSX.platform/Developer/SDKs/MacOSX26.1.sdk/usr/include/sys/_endian.h
/Applications/Xcode.app/Contents/Developer/Platforms/MacOSX.platform/Developer/SDKs/MacOSX26.1.sdk/usr/include/libkern/_OSByteOrder.h
/Applications/Xcode.app/Contents/Developer/Platforms/MacOSX.platform/Developer/SDKs/MacOSX26.1.sdk/usr/include/libkern/arm/_OSByteOrder.h
/Applications/Xcode.app/Contents/Developer/Platforms/MacOSX.platform/Developer/SDKs/MacOSX26.1.sdk/usr/include/sys/_types/_caddr_t.h
/Applications/Xcode.app/Contents/Developer/Platforms/MacOSX.platform/Developer/SDKs/MacOSX26.1.sdk/usr/include/sys/_types/_dev_t.h
/Applications/Xcode.app/Contents/Developer/Platforms/MacOSX.platform/Developer/SDKs/MacOSX26.1.sdk/usr/include/sys/_types/_blkcnt_t.h
/Applications/Xcode.app/Contents/Developer/Platforms/MacOSX.platform/Developer/SDKs/MacOSX26.1.sdk/usr/include/sys/_types/_blksize_t.h
/Applications/Xcode.app/Contents/Developer/Platforms/MacOSX.platform/Developer/SDKs/MacOSX26.1.sdk/usr/include/sys/_types/_gid_t.h
/Applications/Xcode.app/Contents/Developer/Platforms/MacOSX.platform/Developer/SDKs/MacOSX26.1.sdk/usr/include/sys/_types/_in_addr_t.h
/Applications/Xcode.app/Contents/Developer/Platforms/MacOSX.platform/Developer/SDKs/MacOSX26.1.sdk/usr/include/sys/_types/_in_port_t.h
/Applications/Xcode.app/Contents/Developer/Platforms/MacOSX.platform/Developer/SDKs/MacOSX26.1.sdk/usr/include/sys/_types/_ino_t.h
/Applications/Xcode.app/Contents/Developer/Platforms/MacOSX.platform/Developer/SDKs/MacOSX26.1.sdk/usr/include/sys/_types/_ino64_t.h
/Applications/Xcode.app/Contents/Developer/Platforms/MacOSX.platform/Developer/SDKs/MacOSX26.1.sdk/usr/include/sys/_types/_key_t.h
/Applications/Xcode.app/Contents/Developer/Platforms/MacOSX.platform/Developer/SDKs/MacOSX26.1.sdk/usr/include/sys/_types/_mode_t.h
/Applications/Xcode.app/Contents/Developer/Platforms/MacOSX.platform/Developer/SDKs/MacOSX26.1.sdk/usr/include/sys/_types/_nlink_t.h
/Applications/Xcode.app/Contents/Developer/Platforms/MacOSX.platform/Developer/SDKs/MacOSX26.1.sdk/usr/include/sys/_types/_id_t.h
/Applications/Xcode.app/Contents/Developer/Platforms/MacOSX.platform/Developer/SDKs/MacOSX26.1.sdk/usr/include/sys/_types/_pid_t.h
/Applications/Xcode.app/Contents/Developer/Platforms/MacOSX.platform/Developer/SDKs/MacOSX26.1.sdk/usr/include/sys/_types/_off_t.h
/Applications/Xcode.app/Contents/Developer/Platforms/MacOSX.platform/Developer/SDKs/MacOSX26.1.sdk/usr/include/sys/_types/_uid_t.h
/Applications/Xcode.app/Contents/Developer/Platforms/MacOSX.platform/Developer/SDKs/MacOSX26.1.sdk/usr/include/sys/_types/_clock_t.h
/Applications/Xcode.app/Contents/Developer/Platforms/MacOSX.platform/Developer/SDKs/MacOSX26.1.sdk/usr/include/sys/_types/_ssize_t.h
/Applications/Xcode.app/Contents/Developer/Platforms/MacOSX.platform/Developer/SDKs/MacOSX26.1.sdk/usr/include/sys/_types/_time_t.h
/Applications/Xcode.app/Contents/Developer/Platforms/MacOSX.platform/Developer/SDKs/MacOSX26.1.sdk/usr/include/sys/_types/_useconds_t.h
/Applications/Xcode.app/Contents/Developer/Platforms/MacOSX.platform/Developer/SDKs/MacOSX26.1.sdk/usr/include/sys/_types/_suseconds_t.h
/Applications/Xcode.app/Contents/Developer/Platforms/MacOSX.platform/Developer/SDKs/MacOSX26.1.sdk/usr/include/sys/_types/_rsize_t.h
/Applications/Xcode.app/Contents/Developer/Platforms/MacOSX.platform/Developer/SDKs/MacOSX26.1.sdk/usr/include/sys/_types/_fd_def.h
/Applications/Xcode.app/Contents/Developer/Platforms/MacOSX.platform/Developer/SDKs/MacOSX26.1.sdk/usr/include/sys/_types/_fd_setsize.h
/Applications/Xcode.app/Contents/Developer/Platforms/MacOSX.platform/Developer/SDKs/MacOSX26.1.sdk/usr/include/sys/_types/_fd_set.h
/Applications/Xcode.app/Contents/Developer/Platforms/MacOSX.platform/Developer/SDKs/MacOSX26.1.sdk/usr/include/sys/_types/_fd_clr.h
/Applications/Xcode.app/Contents/Developer/Platforms/MacOSX.platform/Developer/SDKs/MacOSX26.1.sdk/usr/include/sys/_types/_fd_zero.h
/Applications/Xcode.app/Contents/Developer/Platforms/MacOSX.platform/Developer/SDKs/MacOSX26.1.sdk/usr/include/sys/_types/_fd_isset.h
/Applications/Xcode.app/Contents/Developer/Platforms/MacOSX.platform/Developer/SDKs/MacOSX26.1.sdk/usr/include/sys/_types/_fd_copy.h
/Applications/Xcode.app/Contents/Developer/Platforms/MacOSX.platform/Developer/SDKs/MacOSX26.1.sdk/usr/include/sys/_pthread/_pthread_attr_t.h
/Applications/Xcode.app/Contents/Developer/Platforms/MacOSX.platform/Developer/SDKs/MacOSX26.1.sdk/usr/include/sys/_pthread/_pthread_cond_t.h
/Applications/Xcode.app/Contents/Developer/Platforms/MacOSX.platform/Developer/SDKs/MacOSX26.1.sdk/usr/include/sys/_pthread/_pthread_condattr_t.h
/Applications/Xcode.app/Contents/Developer/Platforms/MacOSX.platform/Developer/SDKs/MacOSX26.1.sdk/usr/include/sys/_pthread/_pthread_mutex_t.h
/Applications/Xcode.app/Contents/Developer/Platforms/MacOSX.platform/Developer/SDKs/MacOSX26.1.sdk/usr/include/sys/_pthread/_pthread_mutexattr_t.h
/Applications/Xcode.app/Contents/Developer/Platforms/MacOSX.platform/Developer/SDKs/MacOSX26.1.sdk/usr/include/sys/_pthread/_pthread_once_t.h
/Applications/Xcode.app/Contents/Developer/Platforms/MacOSX.platform/Developer/SDKs/MacOSX26.1.sdk/usr/include/sys/_pthread/_pthread_rwlock_t.h
/Applications/Xcode.app/Contents/Developer/Platforms/MacOSX.platform/Developer/SDKs/MacOSX26.1.sdk/usr/include/sys/_pthread/_pthread_rwlockattr_t.h
/Applications/Xcode.app/Contents/Developer/Platforms/MacOSX.platform/Developer/SDKs/MacOSX26.1.sdk/usr/include/sys/_pthread/_pthread_t.h
/Applications/Xcode.app/Contents/Developer/Platforms/MacOSX.platform/Developer/SDKs/MacOSX26.1.sdk/usr/include/sys/_pthread/_pthread_key_t.h
/Applications/Xcode.app/Contents/Developer/Platforms/MacOSX.platform/Developer/SDKs/MacOSX26.1.sdk/usr/include/sys/_types/_fsblkcnt_t.h
/Applications/Xcode.app/Contents/Developer/Platforms/MacOSX.platform/Developer/SDKs/MacOSX26.1.sdk/usr/include/sys/_types/_fsfilcnt_t.h
/Applications/Xcode.app/Contents/Developer/Platforms/MacOSX.platform/Developer/SDKs/MacOSX26.1.sdk/usr/include/_types.h
/Applications/Xcode.app/Contents/Developer/Platforms/MacOSX.platform/Developer/SDKs/MacOSX26.1.sdk/usr/include/_types/_nl_item.h
/Applications/Xcode.app/Contents/Developer/Platforms/MacOSX.platform/Developer/SDKs/MacOSX26.1.sdk/usr/include/runetype.h
/Applications/Xcode.app/Contents/Developer/Platforms/MacOSX.platform/Developer/SDKs/MacOSX26.1.sdk/usr/include/sys/_types/_ct_rune_t.h
/Applications/Xcode.app/Contents/Developer/Platforms/MacOSX.platform/Developer/SDKs/MacOSX26.1.sdk/usr/include/sys/_types/_rune_t.h
/Applications/Xcode.app/Contents/Developer/Platforms/MacOSX.platform/Developer/SDKs/MacOSX26.1.sdk/usr/include/sys/_types/_wint_t.h
/Applications/Xcode.app/Contents/Developer/Platforms/MacOSX.platform/Developer/SDKs/MacOSX26.1.sdk/usr/include/alloca.h
/Applications/Xcode.app/Contents/Developer/Platforms/MacOSX.platform/Developer/SDKs/MacOSX26.1.sdk/usr/include/i386/endian.h
/Applications/Xcode.app/Contents/Developer/Platforms/MacOSX.platform/Developer/SDKs/MacOSX26.1.sdk/usr/include/libkern/i386/_OSByteOrder.h
/Applications/Xcode.app/Contents/Developer/Platforms/MacOSX.platform/Developer/SDKs/MacOSX26.1.sdk/usr/include/secure/_common.h
/Applications/Xcode.app/Contents/Developer/Platforms/MacOSX.platform/Developer/SDKs/MacOSX26.1.sdk/usr/include/sys/_types/_mach_port_t.h
/Applications/Xcode.app/Contents/Developer/Platforms/MacOSX.platform/Developer/SDKs/MacOSX26.1.sdk/usr/include/sys/_types/_offsetof.h
/Applications/Xcode.app/Contents/Developer/Platforms/MacOSX.platform/Developer/SDKs/MacOSX26.1.sdk/usr/include/_strings.h
/Applications/Xcode.app/Contents/Developer/Platforms/MacOSX.platform/Developer/SDKs/MacOSX26.1.sdk/usr/include/secure/_strings.h
/Applications/Xcode.app/Contents/Developer/Platforms/MacOSX.platform/Developer/SDKs/MacOSX26.1.sdk/usr/include/sys/_types/_timeval.h
/Applications/Xcode.app/Contents/Developer/Platforms/MacOSX.platform/Developer/SDKs/MacOSX26.1.sdk/usr/include/sys/_types/_uuid_t.h
/Applications/Xcode.app/Contents/Developer/Platforms/MacOSX.platform/Developer/SDKs/MacOSX26.1.sdk/usr/include/i386/types.h
/Applications/Xcode.app/Contents/Developer/Platforms/MacOSX.platform/Developer/SDKs/MacOSX26.1.sdk/usr/include/i386/_types.h
/Applications/Xcode.app/Contents/Developer/Platforms/MacOSX.platform/Developer/SDKs/MacOSX26.1.sdk/usr/include/_ctype.h
/Applications/Xcode.app/Contents/Developer/Platforms/MacOSX.platform/Developer/SDKs/MacOSX26.1.sdk/usr/include/xlocale/_ctype.h
/Applications/Xcode.app/Contents/Developer/Platforms/MacOSX.platform/Developer/SDKs/MacOSX26.1.sdk/usr/include/locale.h
/Applications/Xcode.app/Contents/Developer/Platforms/MacOSX.platform/Developer/SDKs/MacOSX26.1.sdk/usr/include/_locale.h
/Applications/Xcode.app/Contents/Developer/Platforms/MacOSX.platform/Developer/SDKs/MacOSX26.1.sdk/usr/include/_locale_posix2008.h
/Applications/Xcode.app/Contents/Developer/Platforms/MacOSX.platform/Developer/SDKs/MacOSX26.1.sdk/usr/include/stdint.h
/Applications/Xcode.app/Contents/Developer/Platforms/MacOSX.platform/Developer/SDKs/MacOSX26.1.sdk/usr/include/_types/_uint8_t.h
/Applications/Xcode.app/Contents/Developer/Platforms/MacOSX.platform/Developer/SDKs/MacOSX26.1.sdk/usr/include/_types/_uint16_t.h
/Applications/Xcode.app/Contents/Developer/Platforms/MacOSX.platform/Developer/SDKs/MacOSX26.1.sdk/usr/include/_types/_uint32_t.h
/Applications/Xcode.app/Contents/Developer/Platforms/MacOSX.platform/Developer/SDKs/MacOSX26.1.sdk/usr/include/_types/_uint64_t.h
/Applications/Xcode.app/Contents/Developer/Platforms/MacOSX.platform/Developer/SDKs/MacOSX26.1.sdk/usr/include/_types/_intmax_t.h
/Applications/Xcode.app/Contents/Developer/Platforms/MacOSX.platform/Developer/SDKs/MacOSX26.1.sdk/usr/include/_types/_uintmax_t.h
/Applications/Xcode.app/Contents/Developer/Platforms/MacOSX.platform/Developer/SDKs/MacOSX26.1.sdk/usr/include/_stdio.h
/Applications/Xcode.app/Contents/Developer/Platforms/MacOSX.platform/Developer/SDKs/MacOSX26.1.sdk/usr/include/sys/stdio.h
/Applications/Xcode.app/Contents/Developer/Platforms/MacOSX.platform/Developer/SDKs/MacOSX26.1.sdk/usr/include/_printf.h
/Applications/Xcode.app/Contents/Developer/Platforms/MacOSX.platform/Developer/SDKs/MacOSX26.1.sdk/usr/include/sys/_types/_seek_set.h
/Applications/Xcode.app/Contents/Developer/Platforms/MacOSX.platform/Developer/SDKs/MacOSX26.1.sdk/usr/include/_ctermid.h
/Applications/Xcode.app/Contents/Developer/Platforms/MacOSX.platform/Developer/SDKs/MacOSX26.1.sdk/usr/include/secure/_stdio.h
/Applications/Xcode.app/Contents/Developer/Platforms/MacOSX.platform/Developer/SDKs/MacOSX26.1.sdk/usr/include/xlocale/_stdio.h
/Applications/Xcode.app/Contents/Developer/Platforms/MacOSX.platform/Developer/SDKs/MacOSX26.1.sdk/usr/include/_string.h
/Applications/Xcode.app/Contents/Developer/Platforms/MacOSX.platform/Developer/SDKs/MacOSX26.1.sdk/usr/include/secure/_string.h
/Applications/Xcode.app/Contents/Developer/Platforms/MacOSX.platform/Developer/SDKs/MacOSX26.1.sdk/usr/include/xlocale/_string.h
/Applications/Xcode.app/Contents/Developer/Platforms/MacOSX.platform/Developer/SDKs/MacOSX26.1.sdk/usr/include/tgmath.h
/Applications/Xcode.app/Contents/Developer/Platforms/MacOSX.platform/Developer/SDKs/MacOSX26.1.sdk/usr/include/_time.h
/Applications/Xcode.app/Contents/Developer/Platforms/MacOSX.platform/Developer/SDKs/MacOSX26.1.sdk/usr/include/sys/_types/_timespec.h
/Applications/Xcode.app/Contents/Developer/Platforms/MacOSX.platform/Developer/SDKs/MacOSX26.1.sdk/usr/include/xlocale/_time.h
/Applications/Xcode.app/Contents/Developer/Platforms/MacOSX.platform/Developer/SDKs/MacOSX26.1.sdk/SDKSettings.json
/Applications/Xcode.app/Contents/Developer/Toolchains/XcodeDefault.xctoolchain/usr/lib/swift/macosx/prebuilt-modules/26.1/_DarwinFoundation2.swiftmodule/arm64e-apple-macos.swiftmodule
/Applications/Xcode.app/Contents/Developer/Toolchains/XcodeDefault.xctoolchain/usr/lib/swift/macosx/prebuilt-modules/26.1/_DarwinFoundation3.swiftmodule/arm64e-apple-macos.swiftmodule
/Applications/Xcode.app/Contents/Developer/Platforms/MacOSX.platform/Developer/SDKs/MacOSX26.1.sdk/usr/include/DarwinFoundation2.modulemap
/Applications/Xcode.app/Contents/Developer/Platforms/MacOSX.platform/Developer/SDKs/MacOSX26.1.sdk/usr/include/DarwinFoundation3.modulemap
/Applications/Xcode.app/Contents/Developer/Platforms/MacOSX.platform/Developer/SDKs/MacOSX26.1.sdk/usr/include/DarwinFoundation1.modulemap
/Applications/Xcode.app/Contents/Developer/Platforms/MacOSX.platform/Developer/SDKs/MacOSX26.1.sdk/usr/include/pthread/pthread.h
/Applications/Xcode.app/Contents/Developer/Platforms/MacOSX.platform/Developer/SDKs/MacOSX26.1.sdk/usr/include/pthread/sched.h
/Applications/Xcode.app/Contents/Developer/Platforms/MacOSX.platform/Developer/SDKs/MacOSX26.1.sdk/usr/include/pthread/pthread_impl.h
/Applications/Xcode.app/Contents/Developer/Platforms/MacOSX.platform/Developer/SDKs/MacOSX26.1.sdk/usr/include/time.h
/Applications/Xcode.app/Contents/Developer/Platforms/MacOSX.platform/Developer/SDKs/MacOSX26.1.sdk/usr/include/pthread/qos.h
/Applications/Xcode.app/Contents/Developer/Platforms/MacOSX.platform/Developer/SDKs/MacOSX26.1.sdk/usr/include/sys/_types/_sigset_t.h
/Applications/Xcode.app/Contents/Developer/Platforms/MacOSX.platform/Developer/SDKs/MacOSX26.1.sdk/usr/include/sys/resource.h
/Applications/Xcode.app/Contents/Developer/Toolchains/XcodeDefault.xctoolchain/usr/lib/swift/clang/include/module.modulemap
/Applications/Xcode.app/Contents/Developer/Platforms/MacOSX.platform/Developer/SDKs/MacOSX26.1.sdk/usr/include/sys/select.h
/Applications/Xcode.app/Contents/Developer/Platforms/MacOSX.platform/Developer/SDKs/MacOSX26.1.sdk/usr/include/sys/_select.h
/Applications/Xcode.app/Contents/Developer/Platforms/MacOSX.platform/Developer/SDKs/MacOSX26.1.sdk/usr/include/sys/wait.h
/Applications/Xcode.app/Contents/Developer/Platforms/MacOSX.platform/Developer/SDKs/MacOSX26.1.sdk/usr/include/sys/signal.h
/Applications/Xcode.app/Contents/Developer/Platforms/MacOSX.platform/Developer/SDKs/MacOSX26.1.sdk/usr/include/machine/signal.h
/Applications/Xcode.app/Contents/Developer/Platforms/MacOSX.platform/Developer/SDKs/MacOSX26.1.sdk/usr/include/arm/signal.h
/Applications/Xcode.app/Contents/Developer/Platforms/MacOSX.platform/Developer/SDKs/MacOSX26.1.sdk/usr/include/machine/_mcontext.h
/Applications/Xcode.app/Contents/Developer/Platforms/MacOSX.platform/Developer/SDKs/MacOSX26.1.sdk/usr/include/arm/_mcontext.h
/Applications/Xcode.app/Contents/Developer/Platforms/MacOSX.platform/Developer/SDKs/MacOSX26.1.sdk/usr/include/mach/machine/_structs.h
/Applications/Xcode.app/Contents/Developer/Platforms/MacOSX.platform/Developer/SDKs/MacOSX26.1.sdk/usr/include/mach/arm/_structs.h
/Applications/Xcode.app/Contents/Developer/Platforms/MacOSX.platform/Developer/SDKs/MacOSX26.1.sdk/usr/include/sys/_types/_sigaltstack.h
/Applications/Xcode.app/Contents/Developer/Platforms/MacOSX.platform/Developer/SDKs/MacOSX26.1.sdk/usr/include/sys/_types/_ucontext.h
/Applications/Xcode.app/Contents/Developer/Platforms/MacOSX.platform/Developer/SDKs/MacOSX26.1.sdk/usr/include/unistd.h
/Applications/Xcode.app/Contents/Developer/Platforms/MacOSX.platform/Developer/SDKs/MacOSX26.1.sdk/usr/include/sys/unistd.h
/Applications/Xcode.app/Contents/Developer/Platforms/MacOSX.platform/Developer/SDKs/MacOSX26.1.sdk/usr/include/sys/_types/_posix_vdisable.h
/Applications/Xcode.app/Contents/Developer/Platforms/MacOSX.platform/Developer/SDKs/MacOSX26.1.sdk/usr/include/gethostuuid.h
/Applications/Xcode.app/Contents/Developer/Platforms/MacOSX.platform/Developer/SDKs/MacOSX26.1.sdk/usr/include/mach/i386/_structs.h
/Applications/Xcode.app/Contents/Developer/Platforms/MacOSX.platform/Developer/SDKs/MacOSX26.1.sdk/usr/include/_inttypes.h
/Applications/Xcode.app/Contents/Developer/Platforms/MacOSX.platform/Developer/SDKs/MacOSX26.1.sdk/usr/include/xlocale/_inttypes.h
/Applications/Xcode.app/Contents/Developer/Toolchains/XcodeDefault.xctoolchain/usr/lib/swift/clang/include/stddef.h
/Applications/Xcode.app/Contents/Developer/Platforms/MacOSX.platform/Developer/SDKs/MacOSX26.1.sdk/usr/include/signal.h
/Applications/Xcode.app/Contents/Developer/Platforms/MacOSX.platform/Developer/SDKs/MacOSX26.1.sdk/usr/include/i386/signal.h
/Applications/Xcode.app/Contents/Developer/Platforms/MacOSX.platform/Developer/SDKs/MacOSX26.1.sdk/usr/include/i386/_mcontext.h
/Applications/Xcode.app/Contents/Developer/Platforms/MacOSX.platform/Developer/SDKs/MacOSX26.1.sdk/usr/include/_stdlib.h
/Applications/Xcode.app/Contents/Developer/Platforms/MacOSX.platform/Developer/SDKs/MacOSX26.1.sdk/usr/include/malloc/_malloc.h
/Applications/Xcode.app/Contents/Developer/Platforms/MacOSX.platform/Developer/SDKs/MacOSX26.1.sdk/usr/include/malloc/_malloc_type.h
/Applications/Xcode.app/Contents/Developer/Platforms/MacOSX.platform/Developer/SDKs/MacOSX26.1.sdk/usr/include/malloc/_ptrcheck.h
/Applications/Xcode.app/Contents/Developer/Platforms/MacOSX.platform/Developer/SDKs/MacOSX26.1.sdk/usr/include/_abort.h
/Applications/Xcode.app/Contents/Developer/Platforms/MacOSX.platform/Developer/SDKs/MacOSX26.1.sdk/usr/include/xlocale/_stdlib.h
/Applications/Xcode.app/Contents/Developer/Platforms/MacOSX.platform/Developer/SDKs/MacOSX26.1.sdk/usr/include/_wchar.h
/Applications/Xcode.app/Contents/Developer/Platforms/MacOSX.platform/Developer/SDKs/MacOSX26.1.sdk/usr/include/sys/_types/_mbstate_t.h
/Applications/Xcode.app/Contents/Developer/Toolchains/XcodeDefault.xctoolchain/usr/lib/swift/clang/include/stdarg.h
/Applications/Xcode.app/Contents/Developer/Platforms/MacOSX.platform/Developer/SDKs/MacOSX26.1.sdk/usr/include/stdio.h
/Applications/Xcode.app/Contents/Developer/Platforms/MacOSX.platform/Developer/SDKs/MacOSX26.1.sdk/usr/include/__wctype.h
/Applications/Xcode.app/Contents/Developer/Platforms/MacOSX.platform/Developer/SDKs/MacOSX26.1.sdk/usr/include/___wctype.h
/Applications/Xcode.app/Contents/Developer/Platforms/MacOSX.platform/Developer/SDKs/MacOSX26.1.sdk/usr/include/_types/_wctype_t.h
/Applications/Xcode.app/Contents/Developer/Platforms/MacOSX.platform/Developer/SDKs/MacOSX26.1.sdk/usr/include/ctype.h
/Applications/Xcode.app/Contents/Developer/Platforms/MacOSX.platform/Developer/SDKs/MacOSX26.1.sdk/usr/include/xlocale/_wchar.h
/Applications/Xcode.app/Contents/Developer/Platforms/MacOSX.platform/Developer/SDKs/MacOSX26.1.sdk/usr/include/_wctype.h
/Applications/Xcode.app/Contents/Developer/Platforms/MacOSX.platform/Developer/SDKs/MacOSX26.1.sdk/usr/include/_types/_wctrans_t.h
/Applications/Xcode.app/Contents/Developer/Platforms/MacOSX.platform/Developer/SDKs/MacOSX26.1.sdk/usr/include/xlocale/_wctype.h
/Applications/Xcode.app/Contents/Developer/Platforms/MacOSX.platform/Developer/SDKs/MacOSX26.1.sdk/usr/include/xlocale/___wctype.h
/Applications/Xcode.app/Contents/Developer/Platforms/MacOSX.platform/Developer/SDKs/MacOSX26.1.sdk/SDKSettings.json
/Applications/Xcode.app/Contents/Developer/Toolchains/XcodeDefault.xctoolchain/usr/lib/swift/macosx/prebuilt-modules/26.1/_StringProcessing.swiftmodule/arm64e-apple-macos.swiftmodule
/Applications/Xcode.app/Contents/Developer/Platforms/MacOSX.platform/Developer/SDKs/MacOSX26.1.sdk/usr/lib/swift/shims/module.modulemap
/Applications/Xcode.app/Contents/Developer/Platforms/MacOSX.platform/Developer/SDKs/MacOSX26.1.sdk/usr/lib/swift/shims/_SwiftConcurrency.h
/Applications/Xcode.app/Contents/Developer/Platforms/MacOSX.platform/Developer/SDKs/MacOSX26.1.sdk/SDKSettings.json
/Applications/Xcode.app/Contents/Developer/Platforms/MacOSX.platform/Developer/SDKs/MacOSX26.1.sdk/usr/include/launch.modulemap
/Applications/Xcode.app/Contents/Developer/Platforms/MacOSX.platform/Developer/SDKs/MacOSX26.1.sdk/usr/include/Darwin.modulemap
/Applications/Xcode.app/Contents/Developer/Platforms/MacOSX.platform/Developer/SDKs/MacOSX26.1.sdk/usr/include/Darwin_C.modulemap
/Applications/Xcode.app/Contents/Developer/Platforms/MacOSX.platform/Developer/SDKs/MacOSX26.1.sdk/usr/include/Darwin_POSIX.modulemap
/Applications/Xcode.app/Contents/Developer/Platforms/MacOSX.platform/Developer/SDKs/MacOSX26.1.sdk/usr/include/net.modulemap
/Applications/Xcode.app/Contents/Developer/Platforms/MacOSX.platform/Developer/SDKs/MacOSX26.1.sdk/usr/include/netinet.modulemap
/Applications/Xcode.app/Contents/Developer/Platforms/MacOSX.platform/Developer/SDKs/MacOSX26.1.sdk/usr/include/bank.modulemap
/Applications/Xcode.app/Contents/Developer/Platforms/MacOSX.platform/Developer/SDKs/MacOSX26.1.sdk/usr/include/Darwin_Mach.modulemap
/Applications/Xcode.app/Contents/Developer/Platforms/MacOSX.platform/Developer/SDKs/MacOSX26.1.sdk/usr/include/Darwin_Mach_machine.modulemap
/Applications/Xcode.app/Contents/Developer/Platforms/MacOSX.platform/Developer/SDKs/MacOSX26.1.sdk/usr/include/mach_debug.modulemap
/Applications/Xcode.app/Contents/Developer/Platforms/MacOSX.platform/Developer/SDKs/MacOSX26.1.sdk/usr/include/device.modulemap
/Applications/Xcode.app/Contents/Developer/Platforms/MacOSX.platform/Developer/SDKs/MacOSX26.1.sdk/usr/include/Darwin_machine.modulemap
/Applications/Xcode.app/Contents/Developer/Platforms/MacOSX.platform/Developer/SDKs/MacOSX26.1.sdk/usr/include/ncurses.modulemap
/Applications/Xcode.app/Contents/Developer/Platforms/MacOSX.platform/Developer/SDKs/MacOSX26.1.sdk/usr/include/netinet6.modulemap
/Applications/Xcode.app/Contents/Developer/Platforms/MacOSX.platform/Developer/SDKs/MacOSX26.1.sdk/usr/include/Darwin_sys.modulemap
/Applications/Xcode.app/Contents/Developer/Platforms/MacOSX.platform/Developer/SDKs/MacOSX26.1.sdk/usr/include/uuid.modulemap
/Applications/Xcode.app/Contents/Developer/Platforms/MacOSX.platform/Developer/SDKs/MacOSX26.1.sdk/usr/include/DarwinFoundation1.modulemap
/Applications/Xcode.app/Contents/Developer/Platforms/MacOSX.platform/Developer/SDKs/MacOSX26.1.sdk/usr/include/launch.h
/Applications/Xcode.app/Contents/Developer/Toolchains/XcodeDefault.xctoolchain/usr/lib/swift/clang/include/module.modulemap
/Applications/Xcode.app/Contents/Developer/Toolchains/XcodeDefault.xctoolchain/usr/lib/swift/clang/include/stddef.h
/Applications/Xcode.app/Contents/Developer/Platforms/MacOSX.platform/Developer/SDKs/MacOSX26.1.sdk/SDKSettings.json
/Applications/Xcode.app/Contents/Developer/Platforms/MacOSX.platform/Developer/SDKs/MacOSX26.1.sdk/usr/include/libDER/module.modulemap
/Applications/Xcode.app/Contents/Developer/Platforms/MacOSX.platform/Developer/SDKs/MacOSX26.1.sdk/usr/include/libDER/DERItem.h
/Applications/Xcode.app/Contents/Developer/Platforms/MacOSX.platform/Developer/SDKs/MacOSX26.1.sdk/usr/include/libDER/libDER_config.h
/Applications/Xcode.app/Contents/Developer/Toolchains/XcodeDefault.xctoolchain/usr/lib/swift/clang/include/module.modulemap
/Applications/Xcode.app/Contents/Developer/Toolchains/XcodeDefault.xctoolchain/usr/lib/swift/clang/include/stddef.h
/Applications/Xcode.app/Contents/Developer/Platforms/MacOSX.platform/Developer/SDKs/MacOSX26.1.sdk/usr/include/DarwinFoundation2.modulemap
/Applications/Xcode.app/Contents/Developer/Platforms/MacOSX.platform/Developer/SDKs/MacOSX26.1.sdk/usr/include/DarwinFoundation1.modulemap
/Applications/Xcode.app/Contents/Developer/Platforms/MacOSX.platform/Developer/SDKs/MacOSX26.1.sdk/usr/include/string.h
/Applications/Xcode.app/Contents/Developer/Platforms/MacOSX.platform/Developer/SDKs/MacOSX26.1.sdk/SDKSettings.json
/Applications/Xcode.app/Contents/Developer/Platforms/MacOSX.platform/Developer/SDKs/MacOSX26.1.sdk/usr/include/libkern.modulemap
/Applications/Xcode.app/Contents/Developer/Platforms/MacOSX.platform/Developer/SDKs/MacOSX26.1.sdk/usr/include/Darwin.modulemap
/Applications/Xcode.app/Contents/Developer/Platforms/MacOSX.platform/Developer/SDKs/MacOSX26.1.sdk/usr/include/Darwin_C.modulemap
/Applications/Xcode.app/Contents/Developer/Platforms/MacOSX.platform/Developer/SDKs/MacOSX26.1.sdk/usr/include/Darwin_POSIX.modulemap
/Applications/Xcode.app/Contents/Developer/Platforms/MacOSX.platform/Developer/SDKs/MacOSX26.1.sdk/usr/include/net.modulemap
/Applications/Xcode.app/Contents/Developer/Platforms/MacOSX.platform/Developer/SDKs/MacOSX26.1.sdk/usr/include/netinet.modulemap
/Applications/Xcode.app/Contents/Developer/Platforms/MacOSX.platform/Developer/SDKs/MacOSX26.1.sdk/usr/include/bank.modulemap
/Applications/Xcode.app/Contents/Developer/Platforms/MacOSX.platform/Developer/SDKs/MacOSX26.1.sdk/usr/include/Darwin_Mach.modulemap
/Applications/Xcode.app/Contents/Developer/Platforms/MacOSX.platform/Developer/SDKs/MacOSX26.1.sdk/usr/include/Darwin_Mach_machine.modulemap
/Applications/Xcode.app/Contents/Developer/Platforms/MacOSX.platform/Developer/SDKs/MacOSX26.1.sdk/usr/include/mach_debug.modulemap
/Applications/Xcode.app/Contents/Developer/Platforms/MacOSX.platform/Developer/SDKs/MacOSX26.1.sdk/usr/include/device.modulemap
/Applications/Xcode.app/Contents/Developer/Platforms/MacOSX.platform/Developer/SDKs/MacOSX26.1.sdk/usr/include/Darwin_machine.modulemap
/Applications/Xcode.app/Contents/Developer/Platforms/MacOSX.platform/Developer/SDKs/MacOSX26.1.sdk/usr/include/ncurses.modulemap
/Applications/Xcode.app/Contents/Developer/Platforms/MacOSX.platform/Developer/SDKs/MacOSX26.1.sdk/usr/include/netinet6.modulemap
/Applications/Xcode.app/Contents/Developer/Platforms/MacOSX.platform/Developer/SDKs/MacOSX26.1.sdk/usr/include/Darwin_sys.modulemap
/Applications/Xcode.app/Contents/Developer/Platforms/MacOSX.platform/Developer/SDKs/MacOSX26.1.sdk/usr/include/uuid.modulemap
/Applications/Xcode.app/Contents/Developer/Platforms/MacOSX.platform/Developer/SDKs/MacOSX26.1.sdk/usr/include/DarwinFoundation1.modulemap
/Applications/Xcode.app/Contents/Developer/Platforms/MacOSX.platform/Developer/SDKs/MacOSX26.1.sdk/usr/include/libkern/OSCacheControl.h
/Applications/Xcode.app/Contents/Developer/Toolchains/XcodeDefault.xctoolchain/usr/lib/swift/clang/include/module.modulemap
/Applications/Xcode.app/Contents/Developer/Toolchains/XcodeDefault.xctoolchain/usr/lib/swift/clang/include/stddef.h
/Applications/Xcode.app/Contents/Developer/Platforms/MacOSX.platform/Developer/SDKs/MacOSX26.1.sdk/usr/include/libkern/OSDebug.h
/Applications/Xcode.app/Contents/Developer/Platforms/MacOSX.platform/Developer/SDKs/MacOSX26.1.sdk/usr/include/libkern/OSReturn.h
/Applications/Xcode.app/Contents/Developer/Platforms/MacOSX.platform/Developer/SDKs/MacOSX26.1.sdk/usr/include/libkern/OSThermalNotification.h
/Applications/Xcode.app/Contents/Developer/Platforms/MacOSX.platform/Developer/SDKs/MacOSX26.1.sdk/usr/include/libkern/OSTypes.h
/Applications/Xcode.app/Contents/Developer/Platforms/MacOSX.platform/Developer/SDKs/MacOSX26.1.sdk/usr/include/libkern/OSKextLib.h
/Applications/Xcode.app/Contents/Developer/Platforms/MacOSX.platform/Developer/SDKs/MacOSX26.1.sdk/SDKSettings.json
/Applications/Xcode.app/Contents/Developer/Platforms/MacOSX.platform/Developer/SDKs/MacOSX26.1.sdk/usr/include/os.apinotes
/Applications/Xcode.app/Contents/Developer/Platforms/MacOSX.platform/Developer/SDKs/MacOSX26.1.sdk/usr/include/xpc.modulemap
/Applications/Xcode.app/Contents/Developer/Platforms/MacOSX.platform/Developer/SDKs/MacOSX26.1.sdk/usr/include/DarwinBasic.modulemap
/Applications/Xcode.app/Contents/Developer/Platforms/MacOSX.platform/Developer/SDKs/MacOSX26.1.sdk/usr/include/os.modulemap
/Applications/Xcode.app/Contents/Developer/Platforms/MacOSX.platform/Developer/SDKs/MacOSX26.1.sdk/usr/include/Darwin.modulemap
/Applications/Xcode.app/Contents/Developer/Platforms/MacOSX.platform/Developer/SDKs/MacOSX26.1.sdk/usr/include/Darwin_C.modulemap
/Applications/Xcode.app/Contents/Developer/Platforms/MacOSX.platform/Developer/SDKs/MacOSX26.1.sdk/usr/include/Darwin_POSIX.modulemap
/Applications/Xcode.app/Contents/Developer/Platforms/MacOSX.platform/Developer/SDKs/MacOSX26.1.sdk/usr/include/net.modulemap
/Applications/Xcode.app/Contents/Developer/Platforms/MacOSX.platform/Developer/SDKs/MacOSX26.1.sdk/usr/include/netinet.modulemap
/Applications/Xcode.app/Contents/Developer/Platforms/MacOSX.platform/Developer/SDKs/MacOSX26.1.sdk/usr/include/bank.modulemap
/Applications/Xcode.app/Contents/Developer/Platforms/MacOSX.platform/Developer/SDKs/MacOSX26.1.sdk/usr/include/Darwin_Mach.modulemap
/Applications/Xcode.app/Contents/Developer/Platforms/MacOSX.platform/Developer/SDKs/MacOSX26.1.sdk/usr/include/Darwin_Mach_machine.modulemap
/Applications/Xcode.app/Contents/Developer/Platforms/MacOSX.platform/Developer/SDKs/MacOSX26.1.sdk/usr/include/mach_debug.modulemap
/Applications/Xcode.app/Contents/Developer/Platforms/MacOSX.platform/Developer/SDKs/MacOSX26.1.sdk/usr/include/device.modulemap
/Applications/Xcode.app/Contents/Developer/Platforms/MacOSX.platform/Developer/SDKs/MacOSX26.1.sdk/usr/include/Darwin_machine.modulemap
/Applications/Xcode.app/Contents/Developer/Platforms/MacOSX.platform/Developer/SDKs/MacOSX26.1.sdk/usr/include/ncurses.modulemap
/Applications/Xcode.app/Contents/Developer/Platforms/MacOSX.platform/Developer/SDKs/MacOSX26.1.sdk/usr/include/netinet6.modulemap
/Applications/Xcode.app/Contents/Developer/Platforms/MacOSX.platform/Developer/SDKs/MacOSX26.1.sdk/usr/include/Darwin_sys.modulemap
/Applications/Xcode.app/Contents/Developer/Platforms/MacOSX.platform/Developer/SDKs/MacOSX26.1.sdk/usr/include/uuid.modulemap
/Applications/Xcode.app/Contents/Developer/Platforms/MacOSX.platform/Developer/SDKs/MacOSX26.1.sdk/usr/include/DarwinFoundation2.modulemap
/Applications/Xcode.app/Contents/Developer/Platforms/MacOSX.platform/Developer/SDKs/MacOSX26.1.sdk/usr/include/DarwinFoundation3.modulemap
/Applications/Xcode.app/Contents/Developer/Platforms/MacOSX.platform/Developer/SDKs/MacOSX26.1.sdk/usr/include/DarwinFoundation1.modulemap
/Applications/Xcode.app/Contents/Developer/Platforms/MacOSX.platform/Developer/SDKs/MacOSX26.1.sdk/usr/include/os/atomic.h
/Applications/Xcode.app/Contents/Developer/Toolchains/XcodeDefault.xctoolchain/usr/lib/swift/clang/include/module.modulemap
/Applications/Xcode.app/Contents/Developer/Platforms/MacOSX.platform/Developer/SDKs/MacOSX26.1.sdk/usr/include/os/overflow.h
/Applications/Xcode.app/Contents/Developer/Platforms/MacOSX.platform/Developer/SDKs/MacOSX26.1.sdk/usr/include/os/trace_base.h
/Applications/Xcode.app/Contents/Developer/Toolchains/XcodeDefault.xctoolchain/usr/lib/swift/clang/include/stdarg.h
/Applications/Xcode.app/Contents/Developer/Platforms/MacOSX.platform/Developer/SDKs/MacOSX26.1.sdk/usr/include/os/activity.h
/Applications/Xcode.app/Contents/Developer/Platforms/MacOSX.platform/Developer/SDKs/MacOSX26.1.sdk/usr/include/os/log.h
/Applications/Xcode.app/Contents/Developer/Platforms/MacOSX.platform/Developer/SDKs/MacOSX26.1.sdk/usr/include/os/trace.h
/Applications/Xcode.app/Contents/Developer/Platforms/MacOSX.platform/Developer/SDKs/MacOSX26.1.sdk/usr/include/os/signpost.h
/Applications/Xcode.app/Contents/Developer/Platforms/MacOSX.platform/Developer/SDKs/MacOSX26.1.sdk/usr/include/_modules/_os_lock.h
/Applications/Xcode.app/Contents/Developer/Platforms/MacOSX.platform/Developer/SDKs/MacOSX26.1.sdk/usr/include/_modules/_os_object.h
/Applications/Xcode.app/Contents/Developer/Platforms/MacOSX.platform/Developer/SDKs/MacOSX26.1.sdk/usr/include/_modules/_os_workgroup.h
/Applications/Xcode.app/Contents/Developer/Platforms/MacOSX.platform/Developer/SDKs/MacOSX26.1.sdk/SDKSettings.json
/Applications/Xcode.app/Contents/Developer/Toolchains/XcodeDefault.xctoolchain/usr/lib/swift/macosx/prebuilt-modules/26.1/os.swiftmodule/arm64e-apple-macos.swiftmodule
/Applications/Xcode.app/Contents/Developer/Platforms/MacOSX.platform/Developer/SDKs/MacOSX26.1.sdk/usr/include/os.modulemap
/Applications/Xcode.app/Contents/Developer/Platforms/MacOSX.platform/Developer/SDKs/MacOSX26.1.sdk/usr/include/ObjectiveC.modulemap
/Applications/Xcode.app/Contents/Developer/Platforms/MacOSX.platform/Developer/SDKs/MacOSX26.1.sdk/usr/include/Darwin.modulemap
/Applications/Xcode.app/Contents/Developer/Platforms/MacOSX.platform/Developer/SDKs/MacOSX26.1.sdk/usr/include/Darwin_C.modulemap
/Applications/Xcode.app/Contents/Developer/Platforms/MacOSX.platform/Developer/SDKs/MacOSX26.1.sdk/usr/include/Darwin_POSIX.modulemap
/Applications/Xcode.app/Contents/Developer/Platforms/MacOSX.platform/Developer/SDKs/MacOSX26.1.sdk/usr/include/net.modulemap
/Applications/Xcode.app/Contents/Developer/Platforms/MacOSX.platform/Developer/SDKs/MacOSX26.1.sdk/usr/include/netinet.modulemap
/Applications/Xcode.app/Contents/Developer/Platforms/MacOSX.platform/Developer/SDKs/MacOSX26.1.sdk/usr/include/bank.modulemap
/Applications/Xcode.app/Contents/Developer/Platforms/MacOSX.platform/Developer/SDKs/MacOSX26.1.sdk/usr/include/Darwin_Mach.modulemap
/Applications/Xcode.app/Contents/Developer/Platforms/MacOSX.platform/Developer/SDKs/MacOSX26.1.sdk/usr/include/Darwin_Mach_machine.modulemap
/Applications/Xcode.app/Contents/Developer/Platforms/MacOSX.platform/Developer/SDKs/MacOSX26.1.sdk/usr/include/mach_debug.modulemap
/Applications/Xcode.app/Contents/Developer/Platforms/MacOSX.platform/Developer/SDKs/MacOSX26.1.sdk/usr/include/device.modulemap
/Applications/Xcode.app/Contents/Developer/Platforms/MacOSX.platform/Developer/SDKs/MacOSX26.1.sdk/usr/include/Darwin_machine.modulemap
/Applications/Xcode.app/Contents/Developer/Platforms/MacOSX.platform/Developer/SDKs/MacOSX26.1.sdk/usr/include/ncurses.modulemap
/Applications/Xcode.app/Contents/Developer/Platforms/MacOSX.platform/Developer/SDKs/MacOSX26.1.sdk/usr/include/netinet6.modulemap
/Applications/Xcode.app/Contents/Developer/Platforms/MacOSX.platform/Developer/SDKs/MacOSX26.1.sdk/usr/include/Darwin_sys.modulemap
/Applications/Xcode.app/Contents/Developer/Platforms/MacOSX.platform/Developer/SDKs/MacOSX26.1.sdk/usr/include/uuid.modulemap
/Applications/Xcode.app/Contents/Developer/Platforms/MacOSX.platform/Developer/SDKs/MacOSX26.1.sdk/usr/include/DarwinFoundation1.modulemap
/Applications/Xcode.app/Contents/Developer/Platforms/MacOSX.platform/Developer/SDKs/MacOSX26.1.sdk/usr/include/os/object.h
/Applications/Xcode.app/Contents/Developer/Platforms/MacOSX.platform/Developer/SDKs/MacOSX26.1.sdk/SDKSettings.json
/Applications/Xcode.app/Contents/Developer/Platforms/MacOSX.platform/Developer/SDKs/MacOSX26.1.sdk/usr/include/os.modulemap
/Applications/Xcode.app/Contents/Developer/Platforms/MacOSX.platform/Developer/SDKs/MacOSX26.1.sdk/usr/include/Darwin.modulemap
/Applications/Xcode.app/Contents/Developer/Platforms/MacOSX.platform/Developer/SDKs/MacOSX26.1.sdk/usr/include/Darwin_C.modulemap
/Applications/Xcode.app/Contents/Developer/Platforms/MacOSX.platform/Developer/SDKs/MacOSX26.1.sdk/usr/include/Darwin_POSIX.modulemap
/Applications/Xcode.app/Contents/Developer/Platforms/MacOSX.platform/Developer/SDKs/MacOSX26.1.sdk/usr/include/net.modulemap
/Applications/Xcode.app/Contents/Developer/Platforms/MacOSX.platform/Developer/SDKs/MacOSX26.1.sdk/usr/include/netinet.modulemap
/Applications/Xcode.app/Contents/Developer/Platforms/MacOSX.platform/Developer/SDKs/MacOSX26.1.sdk/usr/include/bank.modulemap
/Applications/Xcode.app/Contents/Developer/Platforms/MacOSX.platform/Developer/SDKs/MacOSX26.1.sdk/usr/include/Darwin_Mach.modulemap
/Applications/Xcode.app/Contents/Developer/Platforms/MacOSX.platform/Developer/SDKs/MacOSX26.1.sdk/usr/include/Darwin_Mach_machine.modulemap
/Applications/Xcode.app/Contents/Developer/Platforms/MacOSX.platform/Developer/SDKs/MacOSX26.1.sdk/usr/include/mach_debug.modulemap
/Applications/Xcode.app/Contents/Developer/Platforms/MacOSX.platform/Developer/SDKs/MacOSX26.1.sdk/usr/include/device.modulemap
/Applications/Xcode.app/Contents/Developer/Platforms/MacOSX.platform/Developer/SDKs/MacOSX26.1.sdk/usr/include/Darwin_machine.modulemap
/Applications/Xcode.app/Contents/Developer/Platforms/MacOSX.platform/Developer/SDKs/MacOSX26.1.sdk/usr/include/ncurses.modulemap
/Applications/Xcode.app/Contents/Developer/Platforms/MacOSX.platform/Developer/SDKs/MacOSX26.1.sdk/usr/include/netinet6.modulemap
/Applications/Xcode.app/Contents/Developer/Platforms/MacOSX.platform/Developer/SDKs/MacOSX26.1.sdk/usr/include/Darwin_sys.modulemap
/Applications/Xcode.app/Contents/Developer/Platforms/MacOSX.platform/Developer/SDKs/MacOSX26.1.sdk/usr/include/uuid.modulemap
/Applications/Xcode.app/Contents/Developer/Platforms/MacOSX.platform/Developer/SDKs/MacOSX26.1.sdk/usr/include/DarwinFoundation2.modulemap
/Applications/Xcode.app/Contents/Developer/Platforms/MacOSX.platform/Developer/SDKs/MacOSX26.1.sdk/usr/include/DarwinFoundation3.modulemap
/Applications/Xcode.app/Contents/Developer/Platforms/MacOSX.platform/Developer/SDKs/MacOSX26.1.sdk/usr/include/DarwinFoundation1.modulemap
/Applications/Xcode.app/Contents/Developer/Platforms/MacOSX.platform/Developer/SDKs/MacOSX26.1.sdk/usr/include/os/workgroup.h
/Applications/Xcode.app/Contents/Developer/Platforms/MacOSX.platform/Developer/SDKs/MacOSX26.1.sdk/usr/include/os/workgroup_base.h
/Applications/Xcode.app/Contents/Developer/Toolchains/XcodeDefault.xctoolchain/usr/lib/swift/clang/include/module.modulemap
/Applications/Xcode.app/Contents/Developer/Toolchains/XcodeDefault.xctoolchain/usr/lib/swift/clang/include/stddef.h
/Applications/Xcode.app/Contents/Developer/Platforms/MacOSX.platform/Developer/SDKs/MacOSX26.1.sdk/usr/include/string.h
/Applications/Xcode.app/Contents/Developer/Platforms/MacOSX.platform/Developer/SDKs/MacOSX26.1.sdk/usr/include/stdlib.h
/Applications/Xcode.app/Contents/Developer/Platforms/MacOSX.platform/Developer/SDKs/MacOSX26.1.sdk/usr/include/os/workgroup_object.h
/Applications/Xcode.app/Contents/Developer/Platforms/MacOSX.platform/Developer/SDKs/MacOSX26.1.sdk/usr/include/os/workgroup_interval.h
/Applications/Xcode.app/Contents/Developer/Platforms/MacOSX.platform/Developer/SDKs/MacOSX26.1.sdk/usr/include/os/workgroup_parallel.h
/Applications/Xcode.app/Contents/Developer/Platforms/MacOSX.platform/Developer/SDKs/MacOSX26.1.sdk/SDKSettings.json
/Applications/Xcode.app/Contents/Developer/Toolchains/XcodeDefault.xctoolchain/usr/lib/swift/clang/include/module.modulemap
/Applications/Xcode.app/Contents/Developer/Toolchains/XcodeDefault.xctoolchain/usr/lib/swift/clang/include/ptrauth.h
/Applications/Xcode.app/Contents/Developer/Platforms/MacOSX.platform/Developer/SDKs/MacOSX26.1.sdk/SDKSettings.json
/Applications/Xcode.app/Contents/Developer/Toolchains/XcodeDefault.xctoolchain/usr/lib/swift/clang/include/module.modulemap
/Applications/Xcode.app/Contents/Developer/Toolchains/XcodeDefault.xctoolchain/usr/lib/swift/clang/include/ptrcheck.h
/Applications/Xcode.app/Contents/Developer/Platforms/MacOSX.platform/Developer/SDKs/MacOSX26.1.sdk/SDKSettings.json
/Applications/Xcode.app/Contents/Developer/Platforms/MacOSX.platform/Developer/SDKs/MacOSX26.1.sdk/usr/include/DarwinFoundation2.modulemap
/Applications/Xcode.app/Contents/Developer/Platforms/MacOSX.platform/Developer/SDKs/MacOSX26.1.sdk/usr/include/_modules/_sys_types.h
/Applications/Xcode.app/Contents/Developer/Platforms/MacOSX.platform/Developer/SDKs/MacOSX26.1.sdk/SDKSettings.json

Ld /Users/rogerlin/Library/Developer/Xcode/DerivedData/FinancialCalculatorKit-ackorybalcxbfocbkqsfdzcfkgmn/Build/Products/Debug/CasePathsCore.o normal (in target 'CasePathsCore' from project 'swift-case-paths')
    cd /Users/rogerlin/Library/Developer/Xcode/DerivedData/FinancialCalculatorKit-ackorybalcxbfocbkqsfdzcfkgmn/SourcePackages/checkouts/swift-case-paths
    /Applications/Xcode.app/Contents/Developer/Toolchains/XcodeDefault.xctoolchain/usr/bin/clang -Xlinker -reproducible -target arm64-apple-macos10.15 -r -isysroot /Applications/Xcode.app/Contents/Developer/Platforms/MacOSX.platform/Developer/SDKs/MacOSX26.1.sdk -O0 -w -L/Users/rogerlin/Library/Developer/Xcode/DerivedData/FinancialCalculatorKit-ackorybalcxbfocbkqsfdzcfkgmn/Build/Intermediates.noindex/EagerLinkingTBDs/Debug -L/Users/rogerlin/Library/Developer/Xcode/DerivedData/FinancialCalculatorKit-ackorybalcxbfocbkqsfdzcfkgmn/Build/Products/Debug -L/Applications/Xcode.app/Contents/Developer/Platforms/MacOSX.platform/Developer/usr/lib -F/Users/rogerlin/Library/Developer/Xcode/DerivedData/FinancialCalculatorKit-ackorybalcxbfocbkqsfdzcfkgmn/Build/Intermediates.noindex/EagerLinkingTBDs/Debug -F/Users/rogerlin/Library/Developer/Xcode/DerivedData/FinancialCalculatorKit-ackorybalcxbfocbkqsfdzcfkgmn/Build/Products/Debug/PackageFrameworks -F/Users/rogerlin/Library/Developer/Xcode/DerivedData/FinancialCalculatorKit-ackorybalcxbfocbkqsfdzcfkgmn/Build/Products/Debug/PackageFrameworks -F/Users/rogerlin/Library/Developer/Xcode/DerivedData/FinancialCalculatorKit-ackorybalcxbfocbkqsfdzcfkgmn/Build/Products/Debug -iframework /Applications/Xcode.app/Contents/Developer/Platforms/MacOSX.platform/Developer/Library/Frameworks -filelist /Users/rogerlin/Library/Developer/Xcode/DerivedData/FinancialCalculatorKit-ackorybalcxbfocbkqsfdzcfkgmn/Build/Intermediates.noindex/swift-case-paths.build/Debug/CasePathsCore.build/Objects-normal/arm64/CasePathsCore.LinkFileList -nostdlib -Xlinker -object_path_lto -Xlinker /Users/rogerlin/Library/Developer/Xcode/DerivedData/FinancialCalculatorKit-ackorybalcxbfocbkqsfdzcfkgmn/Build/Intermediates.noindex/swift-case-paths.build/Debug/CasePathsCore.build/Objects-normal/arm64/CasePathsCore_lto.o -rdynamic -Xlinker -no_deduplicate -Xlinker -debug_variant -Xlinker -dependency_info -Xlinker /Users/rogerlin/Library/Developer/Xcode/DerivedData/FinancialCalculatorKit-ackorybalcxbfocbkqsfdzcfkgmn/Build/Intermediates.noindex/swift-case-paths.build/Debug/CasePathsCore.build/Objects-normal/arm64/CasePathsCore_dependency_info.dat -fobjc-link-runtime -L/Applications/Xcode.app/Contents/Developer/Toolchains/XcodeDefault.xctoolchain/usr/lib/swift/macosx -L/usr/lib/swift -Xlinker -add_ast_path -Xlinker /Users/rogerlin/Library/Developer/Xcode/DerivedData/FinancialCalculatorKit-ackorybalcxbfocbkqsfdzcfkgmn/Build/Intermediates.noindex/swift-case-paths.build/Debug/CasePathsCore.build/Objects-normal/arm64/CasePathsCore.swiftmodule @/Users/rogerlin/Library/Developer/Xcode/DerivedData/FinancialCalculatorKit-ackorybalcxbfocbkqsfdzcfkgmn/Build/Intermediates.noindex/swift-case-paths.build/Debug/CasePathsCore.build/Objects-normal/arm64/CasePathsCore-linker-args.resp -o /Users/rogerlin/Library/Developer/Xcode/DerivedData/FinancialCalculatorKit-ackorybalcxbfocbkqsfdzcfkgmn/Build/Products/Debug/CasePathsCore.o

    Task input dependencies:
        /Users/rogerlin/Library/Developer/Xcode/DerivedData/FinancialCalculatorKit-ackorybalcxbfocbkqsfdzcfkgmn/Build/Intermediates.noindex/swift-case-paths.build/Debug/CasePathsCore.build/Objects-normal/arm64/AnyCasePath.o
        /Users/rogerlin/Library/Developer/Xcode/DerivedData/FinancialCalculatorKit-ackorybalcxbfocbkqsfdzcfkgmn/Build/Intermediates.noindex/swift-case-paths.build/Debug/CasePathsCore.build/Objects-normal/arm64/CasePathIterable.o
        /Users/rogerlin/Library/Developer/Xcode/DerivedData/FinancialCalculatorKit-ackorybalcxbfocbkqsfdzcfkgmn/Build/Intermediates.noindex/swift-case-paths.build/Debug/CasePathsCore.build/Objects-normal/arm64/CasePathReflectable.o
        /Users/rogerlin/Library/Developer/Xcode/DerivedData/FinancialCalculatorKit-ackorybalcxbfocbkqsfdzcfkgmn/Build/Intermediates.noindex/swift-case-paths.build/Debug/CasePathsCore.build/Objects-normal/arm64/CasePathable.o
        /Users/rogerlin/Library/Developer/Xcode/DerivedData/FinancialCalculatorKit-ackorybalcxbfocbkqsfdzcfkgmn/Build/Intermediates.noindex/swift-case-paths.build/Debug/CasePathsCore.build/Objects-normal/arm64/KeyPath+Sendable.o
        /Users/rogerlin/Library/Developer/Xcode/DerivedData/FinancialCalculatorKit-ackorybalcxbfocbkqsfdzcfkgmn/Build/Intermediates.noindex/swift-case-paths.build/Debug/CasePathsCore.build/Objects-normal/arm64/TypeName.o
        /Users/rogerlin/Library/Developer/Xcode/DerivedData/FinancialCalculatorKit-ackorybalcxbfocbkqsfdzcfkgmn/Build/Intermediates.noindex/swift-case-paths.build/Debug/CasePathsCore.build/Objects-normal/arm64/UncheckedSendable.o
        /Users/rogerlin/Library/Developer/Xcode/DerivedData/FinancialCalculatorKit-ackorybalcxbfocbkqsfdzcfkgmn/Build/Intermediates.noindex/swift-case-paths.build/Debug/CasePathsCore.build/Objects-normal/arm64/Never+CasePathable.o
        /Users/rogerlin/Library/Developer/Xcode/DerivedData/FinancialCalculatorKit-ackorybalcxbfocbkqsfdzcfkgmn/Build/Intermediates.noindex/swift-case-paths.build/Debug/CasePathsCore.build/Objects-normal/arm64/Optional+CasePathable.o
        /Users/rogerlin/Library/Developer/Xcode/DerivedData/FinancialCalculatorKit-ackorybalcxbfocbkqsfdzcfkgmn/Build/Intermediates.noindex/swift-case-paths.build/Debug/CasePathsCore.build/Objects-normal/arm64/Result+CasePathable.o
        /Users/rogerlin/Library/Developer/Xcode/DerivedData/FinancialCalculatorKit-ackorybalcxbfocbkqsfdzcfkgmn/Build/Intermediates.noindex/swift-case-paths.build/Debug/CasePathsCore.build/Objects-normal/arm64/CasePathsCore.LinkFileList
        /Users/rogerlin/Library/Developer/Xcode/DerivedData/FinancialCalculatorKit-ackorybalcxbfocbkqsfdzcfkgmn/Build/Products/Debug
        /Users/rogerlin/Library/Developer/Xcode/DerivedData/FinancialCalculatorKit-ackorybalcxbfocbkqsfdzcfkgmn/Build/Products/Debug/PackageFrameworks

    Task output dependencies:
        /Users/rogerlin/Library/Developer/Xcode/DerivedData/FinancialCalculatorKit-ackorybalcxbfocbkqsfdzcfkgmn/Build/Products/Debug/CasePathsCore.o
        /Users/rogerlin/Library/Developer/Xcode/DerivedData/FinancialCalculatorKit-ackorybalcxbfocbkqsfdzcfkgmn/Build/Intermediates.noindex/swift-case-paths.build/Debug/CasePathsCore.build/Objects-normal/arm64/CasePathsCore_lto.o
        /Users/rogerlin/Library/Developer/Xcode/DerivedData/FinancialCalculatorKit-ackorybalcxbfocbkqsfdzcfkgmn/Build/Intermediates.noindex/swift-case-paths.build/Debug/CasePathsCore.build/Objects-normal/arm64/CasePathsCore_dependency_info.dat

SwiftDriverJobDiscovery normal arm64 Compiling Scanner.swift (in target 'ExpressionParser' from project 'ExpressionParser')

SwiftDriver\ Compilation ExpressionParser normal arm64 com.apple.xcode.tools.swift.compiler (in target 'ExpressionParser' from project 'ExpressionParser')
    cd /Users/rogerlin/XCode-Projects/FinancialCalculatorKit-5.0-updated-accent-colors/FinancialCalculatorKit.xcodeproj
    builtin-Swift-Compilation -- /Applications/Xcode.app/Contents/Developer/Toolchains/XcodeDefault.xctoolchain/usr/bin/swiftc -module-name ExpressionParser -Onone -enforce-exclusivity\=checked @/Users/rogerlin/Library/Developer/Xcode/DerivedData/FinancialCalculatorKit-ackorybalcxbfocbkqsfdzcfkgmn/Build/Intermediates.noindex/ExpressionParser.build/Debug/ExpressionParser.build/Objects-normal/arm64/ExpressionParser.SwiftFileList -DSWIFT_PACKAGE -DDEBUG -DSWIFT_MODULE_RESOURCE_BUNDLE_UNAVAILABLE -DXcode -plugin-path /Applications/Xcode.app/Contents/Developer/Toolchains/XcodeDefault.xctoolchain/usr/lib/swift/host/plugins/testing -enable-experimental-feature DebugDescriptionMacro -sdk /Applications/Xcode.app/Contents/Developer/Platforms/MacOSX.platform/Developer/SDKs/MacOSX26.1.sdk -target arm64-apple-macos15.0 -g -module-cache-path /Users/rogerlin/Library/Developer/Xcode/DerivedData/ModuleCache.noindex -Xfrontend -serialize-debugging-options -profile-coverage-mapping -profile-generate -enable-testing -suppress-warnings -index-store-path /Users/rogerlin/Library/Developer/Xcode/DerivedData/FinancialCalculatorKit-ackorybalcxbfocbkqsfdzcfkgmn/Index.noindex/DataStore -Xcc -D_LIBCPP_HARDENING_MODE\=_LIBCPP_HARDENING_MODE_DEBUG -swift-version 5 -I /Users/rogerlin/Library/Developer/Xcode/DerivedData/FinancialCalculatorKit-ackorybalcxbfocbkqsfdzcfkgmn/Build/Products/Debug -Isystem /Applications/Xcode.app/Contents/Developer/Platforms/MacOSX.platform/Developer/usr/lib -F /Users/rogerlin/Library/Developer/Xcode/DerivedData/FinancialCalculatorKit-ackorybalcxbfocbkqsfdzcfkgmn/Build/Products/Debug/PackageFrameworks -F /Users/rogerlin/Library/Developer/Xcode/DerivedData/FinancialCalculatorKit-ackorybalcxbfocbkqsfdzcfkgmn/Build/Products/Debug/PackageFrameworks -F /Users/rogerlin/Library/Developer/Xcode/DerivedData/FinancialCalculatorKit-ackorybalcxbfocbkqsfdzcfkgmn/Build/Products/Debug/PackageFrameworks -F /Users/rogerlin/Library/Developer/Xcode/DerivedData/FinancialCalculatorKit-ackorybalcxbfocbkqsfdzcfkgmn/Build/Products/Debug/PackageFrameworks -F /Users/rogerlin/Library/Developer/Xcode/DerivedData/FinancialCalculatorKit-ackorybalcxbfocbkqsfdzcfkgmn/Build/Products/Debug/PackageFrameworks -F /Users/rogerlin/Library/Developer/Xcode/DerivedData/FinancialCalculatorKit-ackorybalcxbfocbkqsfdzcfkgmn/Build/Products/Debug/PackageFrameworks -F /Users/rogerlin/Library/Developer/Xcode/DerivedData/FinancialCalculatorKit-ackorybalcxbfocbkqsfdzcfkgmn/Build/Products/Debug/PackageFrameworks -F /Users/rogerlin/Library/Developer/Xcode/DerivedData/FinancialCalculatorKit-ackorybalcxbfocbkqsfdzcfkgmn/Build/Products/Debug -F /Applications/Xcode.app/Contents/Developer/Platforms/MacOSX.platform/Developer/Library/Frameworks -c -j16 -enable-batch-mode -incremental -Xcc -ivfsstatcache -Xcc /Users/rogerlin/Library/Developer/Xcode/DerivedData/SDKStatCaches.noindex/macosx26.1-25B74-3ae1261907bdadc328169391a47051a6.sdkstatcache -output-file-map /Users/rogerlin/Library/Developer/Xcode/DerivedData/FinancialCalculatorKit-ackorybalcxbfocbkqsfdzcfkgmn/Build/Intermediates.noindex/ExpressionParser.build/Debug/ExpressionParser.build/Objects-normal/arm64/ExpressionParser-OutputFileMap.json -use-frontend-parseable-output -save-temps -no-color-diagnostics -explicit-module-build -module-cache-path /Users/rogerlin/Library/Developer/Xcode/DerivedData/FinancialCalculatorKit-ackorybalcxbfocbkqsfdzcfkgmn/Build/Intermediates.noindex/SwiftExplicitPrecompiledModules -clang-scanner-module-cache-path /Users/rogerlin/Library/Developer/Xcode/DerivedData/ModuleCache.noindex -sdk-module-cache-path /Users/rogerlin/Library/Developer/Xcode/DerivedData/ModuleCache.noindex -serialize-diagnostics -emit-dependencies -emit-module -emit-module-path /Users/rogerlin/Library/Developer/Xcode/DerivedData/FinancialCalculatorKit-ackorybalcxbfocbkqsfdzcfkgmn/Build/Intermediates.noindex/ExpressionParser.build/Debug/ExpressionParser.build/Objects-normal/arm64/ExpressionParser.swiftmodule -validate-clang-modules-once -clang-build-session-file /Users/rogerlin/Library/Developer/Xcode/DerivedData/ModuleCache.noindex/Session.modulevalidation -package-name expressionparser -Xcc -I/Users/rogerlin/Library/Developer/Xcode/DerivedData/FinancialCalculatorKit-ackorybalcxbfocbkqsfdzcfkgmn/Build/Intermediates.noindex/ExpressionParser.build/Debug/ExpressionParser.build/swift-overrides.hmap -emit-const-values -Xfrontend -const-gather-protocols-file -Xfrontend /Users/rogerlin/Library/Developer/Xcode/DerivedData/FinancialCalculatorKit-ackorybalcxbfocbkqsfdzcfkgmn/Build/Intermediates.noindex/ExpressionParser.build/Debug/ExpressionParser.build/Objects-normal/arm64/ExpressionParser_const_extract_protocols.json -Xcc -I/Users/rogerlin/Library/Developer/Xcode/DerivedData/FinancialCalculatorKit-ackorybalcxbfocbkqsfdzcfkgmn/SourcePackages/checkouts/swift-numerics/Sources/_NumericsShims/include -Xcc -I/Users/rogerlin/Library/Developer/Xcode/DerivedData/FinancialCalculatorKit-ackorybalcxbfocbkqsfdzcfkgmn/Build/Products/Debug/include -Xcc -I/Users/rogerlin/Library/Developer/Xcode/DerivedData/FinancialCalculatorKit-ackorybalcxbfocbkqsfdzcfkgmn/Build/Intermediates.noindex/ExpressionParser.build/Debug/ExpressionParser.build/DerivedSources-normal/arm64 -Xcc -I/Users/rogerlin/Library/Developer/Xcode/DerivedData/FinancialCalculatorKit-ackorybalcxbfocbkqsfdzcfkgmn/Build/Intermediates.noindex/ExpressionParser.build/Debug/ExpressionParser.build/DerivedSources/arm64 -Xcc -I/Users/rogerlin/Library/Developer/Xcode/DerivedData/FinancialCalculatorKit-ackorybalcxbfocbkqsfdzcfkgmn/Build/Intermediates.noindex/ExpressionParser.build/Debug/ExpressionParser.build/DerivedSources -Xcc -DSWIFT_PACKAGE -Xcc -DDEBUG\=1 -emit-objc-header -emit-objc-header-path /Users/rogerlin/Library/Developer/Xcode/DerivedData/FinancialCalculatorKit-ackorybalcxbfocbkqsfdzcfkgmn/Build/Intermediates.noindex/ExpressionParser.build/Debug/ExpressionParser.build/Objects-normal/arm64/ExpressionParser-Swift.h -working-directory /Users/rogerlin/XCode-Projects/FinancialCalculatorKit-5.0-updated-accent-colors/FinancialCalculatorKit.xcodeproj -experimental-emit-module-separately -disable-cmo

    Task input dependencies:
        /Users/rogerlin/Library/Developer/Xcode/DerivedData/FinancialCalculatorKit-ackorybalcxbfocbkqsfdzcfkgmn/SourcePackages/checkouts/ExpressionParser/Sources/ExpressionParser/AST.swift
        /Users/rogerlin/Library/Developer/Xcode/DerivedData/FinancialCalculatorKit-ackorybalcxbfocbkqsfdzcfkgmn/SourcePackages/checkouts/ExpressionParser/Sources/ExpressionParser/ExpressionParser.swift
        /Users/rogerlin/Library/Developer/Xcode/DerivedData/FinancialCalculatorKit-ackorybalcxbfocbkqsfdzcfkgmn/SourcePackages/checkouts/ExpressionParser/Sources/ExpressionParser/LaTeX.swift
        /Users/rogerlin/Library/Developer/Xcode/DerivedData/FinancialCalculatorKit-ackorybalcxbfocbkqsfdzcfkgmn/SourcePackages/checkouts/ExpressionParser/Sources/ExpressionParser/Parser.swift
        /Users/rogerlin/Library/Developer/Xcode/DerivedData/FinancialCalculatorKit-ackorybalcxbfocbkqsfdzcfkgmn/SourcePackages/checkouts/ExpressionParser/Sources/ExpressionParser/Scanner.swift
        /Users/rogerlin/Library/Developer/Xcode/DerivedData/FinancialCalculatorKit-ackorybalcxbfocbkqsfdzcfkgmn/SourcePackages/checkouts/ExpressionParser/Sources/ExpressionParser/String+Char.swift
        /Users/rogerlin/Library/Developer/Xcode/DerivedData/FinancialCalculatorKit-ackorybalcxbfocbkqsfdzcfkgmn/Build/Intermediates.noindex/ExpressionParser.build/Debug/ExpressionParser.build/Objects-normal/arm64/ExpressionParser.SwiftFileList
        /Users/rogerlin/Library/Developer/Xcode/DerivedData/FinancialCalculatorKit-ackorybalcxbfocbkqsfdzcfkgmn/Build/Intermediates.noindex/ExpressionParser.build/Debug/ExpressionParser.build/Objects-normal/arm64/ExpressionParser-OutputFileMap.json
        /Users/rogerlin/Library/Developer/Xcode/DerivedData/FinancialCalculatorKit-ackorybalcxbfocbkqsfdzcfkgmn/Build/Intermediates.noindex/ExpressionParser.build/Debug/ExpressionParser.build/Objects-normal/arm64/ExpressionParser_const_extract_protocols.json
        /Users/rogerlin/Library/Developer/Xcode/DerivedData/FinancialCalculatorKit-ackorybalcxbfocbkqsfdzcfkgmn/Build/Intermediates.noindex/GeneratedModuleMaps/ExpressionParser.modulemap
        /Users/rogerlin/Library/Developer/Xcode/DerivedData/FinancialCalculatorKit-ackorybalcxbfocbkqsfdzcfkgmn/SourcePackages/checkouts/ExpressionParser/Sources/ExpressionParser/AST.swift
        /Users/rogerlin/Library/Developer/Xcode/DerivedData/FinancialCalculatorKit-ackorybalcxbfocbkqsfdzcfkgmn/SourcePackages/checkouts/ExpressionParser/Sources/ExpressionParser/ExpressionParser.swift
        /Users/rogerlin/Library/Developer/Xcode/DerivedData/FinancialCalculatorKit-ackorybalcxbfocbkqsfdzcfkgmn/SourcePackages/checkouts/ExpressionParser/Sources/ExpressionParser/LaTeX.swift
        /Users/rogerlin/Library/Developer/Xcode/DerivedData/FinancialCalculatorKit-ackorybalcxbfocbkqsfdzcfkgmn/SourcePackages/checkouts/ExpressionParser/Sources/ExpressionParser/Parser.swift
        /Users/rogerlin/Library/Developer/Xcode/DerivedData/FinancialCalculatorKit-ackorybalcxbfocbkqsfdzcfkgmn/SourcePackages/checkouts/ExpressionParser/Sources/ExpressionParser/Scanner.swift
        /Users/rogerlin/Library/Developer/Xcode/DerivedData/FinancialCalculatorKit-ackorybalcxbfocbkqsfdzcfkgmn/SourcePackages/checkouts/ExpressionParser/Sources/ExpressionParser/String+Char.swift
        /Users/rogerlin/Library/Developer/Xcode/DerivedData/FinancialCalculatorKit-ackorybalcxbfocbkqsfdzcfkgmn/Build/Intermediates.noindex/ExpressionParser.build/Debug/ExpressionParser.build/Objects-normal/arm64/ExpressionParser.SwiftFileList
        /Users/rogerlin/Library/Developer/Xcode/DerivedData/FinancialCalculatorKit-ackorybalcxbfocbkqsfdzcfkgmn/Build/Intermediates.noindex/ExpressionParser.build/Debug/ExpressionParser.build/Objects-normal/arm64/ExpressionParser-OutputFileMap.json
        /Users/rogerlin/Library/Developer/Xcode/DerivedData/FinancialCalculatorKit-ackorybalcxbfocbkqsfdzcfkgmn/Build/Intermediates.noindex/ExpressionParser.build/Debug/ExpressionParser.build/Objects-normal/arm64/ExpressionParser_const_extract_protocols.json
        /Users/rogerlin/Library/Developer/Xcode/DerivedData/FinancialCalculatorKit-ackorybalcxbfocbkqsfdzcfkgmn/Build/Intermediates.noindex/GeneratedModuleMaps/ExpressionParser.modulemap
        <ClangStatCache /Users/rogerlin/Library/Developer/Xcode/DerivedData/SDKStatCaches.noindex/macosx26.1-25B74-3ae1261907bdadc328169391a47051a6.sdkstatcache>
        <target-ExpressionParser-PACKAGE-TARGET:ExpressionParser-SDKROOT:macosx:SDK_VARIANT:macos-generated-headers>
        <target-ExpressionParser-PACKAGE-TARGET:ExpressionParser-SDKROOT:macosx:SDK_VARIANT:macos-copy-headers-completion>
        <target-ExpressionParser-PACKAGE-TARGET:ExpressionParser-SDKROOT:macosx:SDK_VARIANT:macos-ModuleVerifierTaskProducer>
        <target-ExpressionParser-PACKAGE-TARGET:ExpressionParser-SDKROOT:macosx:SDK_VARIANT:macos-begin-compiling>
        <WorkspaceHeaderMapVFSFilesWritten>

    Task output dependencies:
        /Users/rogerlin/Library/Developer/Xcode/DerivedData/FinancialCalculatorKit-ackorybalcxbfocbkqsfdzcfkgmn/Build/Intermediates.noindex/ExpressionParser.build/Debug/ExpressionParser.build/Objects-normal/arm64/ExpressionParser Swift Compilation Finished
        /Users/rogerlin/Library/Developer/Xcode/DerivedData/FinancialCalculatorKit-ackorybalcxbfocbkqsfdzcfkgmn/Build/Intermediates.noindex/ExpressionParser.build/Debug/ExpressionParser.build/Objects-normal/arm64/AST.o
        /Users/rogerlin/Library/Developer/Xcode/DerivedData/FinancialCalculatorKit-ackorybalcxbfocbkqsfdzcfkgmn/Build/Intermediates.noindex/ExpressionParser.build/Debug/ExpressionParser.build/Objects-normal/arm64/ExpressionParser.o
        /Users/rogerlin/Library/Developer/Xcode/DerivedData/FinancialCalculatorKit-ackorybalcxbfocbkqsfdzcfkgmn/Build/Intermediates.noindex/ExpressionParser.build/Debug/ExpressionParser.build/Objects-normal/arm64/LaTeX.o
        /Users/rogerlin/Library/Developer/Xcode/DerivedData/FinancialCalculatorKit-ackorybalcxbfocbkqsfdzcfkgmn/Build/Intermediates.noindex/ExpressionParser.build/Debug/ExpressionParser.build/Objects-normal/arm64/Parser.o
        /Users/rogerlin/Library/Developer/Xcode/DerivedData/FinancialCalculatorKit-ackorybalcxbfocbkqsfdzcfkgmn/Build/Intermediates.noindex/ExpressionParser.build/Debug/ExpressionParser.build/Objects-normal/arm64/Scanner.o
        /Users/rogerlin/Library/Developer/Xcode/DerivedData/FinancialCalculatorKit-ackorybalcxbfocbkqsfdzcfkgmn/Build/Intermediates.noindex/ExpressionParser.build/Debug/ExpressionParser.build/Objects-normal/arm64/String+Char.o
        /Users/rogerlin/Library/Developer/Xcode/DerivedData/FinancialCalculatorKit-ackorybalcxbfocbkqsfdzcfkgmn/Build/Intermediates.noindex/ExpressionParser.build/Debug/ExpressionParser.build/Objects-normal/arm64/AST.swiftconstvalues
        /Users/rogerlin/Library/Developer/Xcode/DerivedData/FinancialCalculatorKit-ackorybalcxbfocbkqsfdzcfkgmn/Build/Intermediates.noindex/ExpressionParser.build/Debug/ExpressionParser.build/Objects-normal/arm64/ExpressionParser.swiftconstvalues
        /Users/rogerlin/Library/Developer/Xcode/DerivedData/FinancialCalculatorKit-ackorybalcxbfocbkqsfdzcfkgmn/Build/Intermediates.noindex/ExpressionParser.build/Debug/ExpressionParser.build/Objects-normal/arm64/LaTeX.swiftconstvalues
        /Users/rogerlin/Library/Developer/Xcode/DerivedData/FinancialCalculatorKit-ackorybalcxbfocbkqsfdzcfkgmn/Build/Intermediates.noindex/ExpressionParser.build/Debug/ExpressionParser.build/Objects-normal/arm64/Parser.swiftconstvalues
        /Users/rogerlin/Library/Developer/Xcode/DerivedData/FinancialCalculatorKit-ackorybalcxbfocbkqsfdzcfkgmn/Build/Intermediates.noindex/ExpressionParser.build/Debug/ExpressionParser.build/Objects-normal/arm64/Scanner.swiftconstvalues
        /Users/rogerlin/Library/Developer/Xcode/DerivedData/FinancialCalculatorKit-ackorybalcxbfocbkqsfdzcfkgmn/Build/Intermediates.noindex/ExpressionParser.build/Debug/ExpressionParser.build/Objects-normal/arm64/String+Char.swiftconstvalues
Discovered dependency nodes:
/Applications/Xcode.app/Contents/Developer/Platforms/MacOSX.platform/Developer/SDKs/MacOSX26.1.sdk/System/Library/Frameworks/CFNetwork.framework/Modules/module.modulemap
/Applications/Xcode.app/Contents/Developer/Platforms/MacOSX.platform/Developer/SDKs/MacOSX26.1.sdk/System/Library/Frameworks/CFNetwork.framework/Headers/CFNetwork.h
/Applications/Xcode.app/Contents/Developer/Platforms/MacOSX.platform/Developer/SDKs/MacOSX26.1.sdk/System/Library/Frameworks/CoreFoundation.framework/Modules/module.modulemap
/Applications/Xcode.app/Contents/Developer/Platforms/MacOSX.platform/Developer/SDKs/MacOSX26.1.sdk/System/Library/Frameworks/CFNetwork.framework/Headers/CFNetworkDefs.h
/Applications/Xcode.app/Contents/Developer/Platforms/MacOSX.platform/Developer/SDKs/MacOSX26.1.sdk/usr/include/Darwin.modulemap
/Applications/Xcode.app/Contents/Developer/Platforms/MacOSX.platform/Developer/SDKs/MacOSX26.1.sdk/System/Library/Frameworks/CFNetwork.framework/Headers/CFNetworkErrors.h
/Applications/Xcode.app/Contents/Developer/Platforms/MacOSX.platform/Developer/SDKs/MacOSX26.1.sdk/System/Library/Frameworks/CFNetwork.framework/Headers/CFSocketStream.h
/Applications/Xcode.app/Contents/Developer/Platforms/MacOSX.platform/Developer/SDKs/MacOSX26.1.sdk/System/Library/Frameworks/CFNetwork.framework/Headers/CFHost.h
/Applications/Xcode.app/Contents/Developer/Platforms/MacOSX.platform/Developer/SDKs/MacOSX26.1.sdk/System/Library/Frameworks/CFNetwork.framework/Headers/CFNetServices.h
/Applications/Xcode.app/Contents/Developer/Platforms/MacOSX.platform/Developer/SDKs/MacOSX26.1.sdk/System/Library/Frameworks/CFNetwork.framework/Headers/CFFTPStream.h
/Applications/Xcode.app/Contents/Developer/Platforms/MacOSX.platform/Developer/SDKs/MacOSX26.1.sdk/System/Library/Frameworks/CFNetwork.framework/Headers/CFHTTPMessage.h
/Applications/Xcode.app/Contents/Developer/Platforms/MacOSX.platform/Developer/SDKs/MacOSX26.1.sdk/System/Library/Frameworks/CFNetwork.framework/Headers/CFHTTPStream.h
/Applications/Xcode.app/Contents/Developer/Platforms/MacOSX.platform/Developer/SDKs/MacOSX26.1.sdk/System/Library/Frameworks/CFNetwork.framework/Headers/CFHTTPAuthentication.h
/Applications/Xcode.app/Contents/Developer/Platforms/MacOSX.platform/Developer/SDKs/MacOSX26.1.sdk/System/Library/Frameworks/CFNetwork.framework/Headers/CFNetDiagnostics.h
/Applications/Xcode.app/Contents/Developer/Toolchains/XcodeDefault.xctoolchain/usr/lib/swift/clang/include/module.modulemap
/Applications/Xcode.app/Contents/Developer/Platforms/MacOSX.platform/Developer/SDKs/MacOSX26.1.sdk/System/Library/Frameworks/CFNetwork.framework/Headers/CFProxySupport.h
/Applications/Xcode.app/Contents/Developer/Platforms/MacOSX.platform/Developer/SDKs/MacOSX26.1.sdk/SDKSettings.json
/Applications/Xcode.app/Contents/Developer/Toolchains/XcodeDefault.xctoolchain/usr/lib/swift/macosx/prebuilt-modules/26.1/Combine.swiftmodule/arm64e-apple-macos.swiftmodule
/Applications/Xcode.app/Contents/Developer/Platforms/MacOSX.platform/Developer/SDKs/MacOSX26.1.sdk/System/Library/Frameworks/CoreFoundation.framework/Modules/module.modulemap
/Applications/Xcode.app/Contents/Developer/Platforms/MacOSX.platform/Developer/SDKs/MacOSX26.1.sdk/System/Library/Frameworks/CoreFoundation.framework/Headers/CoreFoundation.h
/Applications/Xcode.app/Contents/Developer/Platforms/MacOSX.platform/Developer/SDKs/MacOSX26.1.sdk/usr/include/dispatch.modulemap
/Applications/Xcode.app/Contents/Developer/Platforms/MacOSX.platform/Developer/SDKs/MacOSX26.1.sdk/usr/include/Darwin.modulemap
/Applications/Xcode.app/Contents/Developer/Platforms/MacOSX.platform/Developer/SDKs/MacOSX26.1.sdk/usr/include/Darwin_C.modulemap
/Applications/Xcode.app/Contents/Developer/Platforms/MacOSX.platform/Developer/SDKs/MacOSX26.1.sdk/usr/include/Darwin_POSIX.modulemap
/Applications/Xcode.app/Contents/Developer/Platforms/MacOSX.platform/Developer/SDKs/MacOSX26.1.sdk/usr/include/net.modulemap
/Applications/Xcode.app/Contents/Developer/Platforms/MacOSX.platform/Developer/SDKs/MacOSX26.1.sdk/usr/include/netinet.modulemap
/Applications/Xcode.app/Contents/Developer/Platforms/MacOSX.platform/Developer/SDKs/MacOSX26.1.sdk/usr/include/bank.modulemap
/Applications/Xcode.app/Contents/Developer/Platforms/MacOSX.platform/Developer/SDKs/MacOSX26.1.sdk/usr/include/Darwin_Mach.modulemap
/Applications/Xcode.app/Contents/Developer/Platforms/MacOSX.platform/Developer/SDKs/MacOSX26.1.sdk/usr/include/Darwin_Mach_machine.modulemap
/Applications/Xcode.app/Contents/Developer/Platforms/MacOSX.platform/Developer/SDKs/MacOSX26.1.sdk/usr/include/mach_debug.modulemap
/Applications/Xcode.app/Contents/Developer/Platforms/MacOSX.platform/Developer/SDKs/MacOSX26.1.sdk/usr/include/device.modulemap
/Applications/Xcode.app/Contents/Developer/Platforms/MacOSX.platform/Developer/SDKs/MacOSX26.1.sdk/usr/include/Darwin_machine.modulemap
/Applications/Xcode.app/Contents/Developer/Platforms/MacOSX.platform/Developer/SDKs/MacOSX26.1.sdk/usr/include/ncurses.modulemap
/Applications/Xcode.app/Contents/Developer/Platforms/MacOSX.platform/Developer/SDKs/MacOSX26.1.sdk/usr/include/netinet6.modulemap
/Applications/Xcode.app/Contents/Developer/Platforms/MacOSX.platform/Developer/SDKs/MacOSX26.1.sdk/usr/include/Darwin_sys.modulemap
/Applications/Xcode.app/Contents/Developer/Platforms/MacOSX.platform/Developer/SDKs/MacOSX26.1.sdk/usr/include/uuid.modulemap
/Applications/Xcode.app/Contents/Developer/Platforms/MacOSX.platform/Developer/SDKs/MacOSX26.1.sdk/usr/include/DarwinFoundation2.modulemap
/Applications/Xcode.app/Contents/Developer/Platforms/MacOSX.platform/Developer/SDKs/MacOSX26.1.sdk/usr/include/DarwinFoundation3.modulemap
/Applications/Xcode.app/Contents/Developer/Platforms/MacOSX.platform/Developer/SDKs/MacOSX26.1.sdk/usr/include/DarwinFoundation1.modulemap
/Applications/Xcode.app/Contents/Developer/Toolchains/XcodeDefault.xctoolchain/usr/lib/swift/clang/include/module.modulemap
/Applications/Xcode.app/Contents/Developer/Toolchains/XcodeDefault.xctoolchain/usr/lib/swift/clang/include/stdarg.h
/Applications/Xcode.app/Contents/Developer/Platforms/MacOSX.platform/Developer/SDKs/MacOSX26.1.sdk/usr/include/assert.h
/Applications/Xcode.app/Contents/Developer/Platforms/MacOSX.platform/Developer/SDKs/MacOSX26.1.sdk/usr/include/ctype.h
/Applications/Xcode.app/Contents/Developer/Toolchains/XcodeDefault.xctoolchain/usr/lib/swift/clang/include/stddef.h
/Applications/Xcode.app/Contents/Developer/Platforms/MacOSX.platform/Developer/SDKs/MacOSX26.1.sdk/usr/include/stdio.h
/Applications/Xcode.app/Contents/Developer/Platforms/MacOSX.platform/Developer/SDKs/MacOSX26.1.sdk/usr/include/stdlib.h
/Applications/Xcode.app/Contents/Developer/Platforms/MacOSX.platform/Developer/SDKs/MacOSX26.1.sdk/usr/include/string.h
/Applications/Xcode.app/Contents/Developer/Platforms/MacOSX.platform/Developer/SDKs/MacOSX26.1.sdk/usr/include/time.h
/Applications/Xcode.app/Contents/Developer/Platforms/MacOSX.platform/Developer/SDKs/MacOSX26.1.sdk/System/Library/Frameworks/CoreFoundation.framework/Headers/CFBase.h
/Applications/Xcode.app/Contents/Developer/Platforms/MacOSX.platform/Developer/SDKs/MacOSX26.1.sdk/System/Library/Frameworks/CoreFoundation.framework/Headers/CFAvailability.h
/Applications/Xcode.app/Contents/Developer/Platforms/MacOSX.platform/Developer/SDKs/MacOSX26.1.sdk/System/Library/Frameworks/CoreFoundation.framework/Headers/CFArray.h
/Applications/Xcode.app/Contents/Developer/Platforms/MacOSX.platform/Developer/SDKs/MacOSX26.1.sdk/System/Library/Frameworks/CoreFoundation.framework/Headers/CFBag.h
/Applications/Xcode.app/Contents/Developer/Platforms/MacOSX.platform/Developer/SDKs/MacOSX26.1.sdk/System/Library/Frameworks/CoreFoundation.framework/Headers/CFBinaryHeap.h
/Applications/Xcode.app/Contents/Developer/Platforms/MacOSX.platform/Developer/SDKs/MacOSX26.1.sdk/System/Library/Frameworks/CoreFoundation.framework/Headers/CFBitVector.h
/Applications/Xcode.app/Contents/Developer/Platforms/MacOSX.platform/Developer/SDKs/MacOSX26.1.sdk/System/Library/Frameworks/CoreFoundation.framework/Headers/CFByteOrder.h
/Applications/Xcode.app/Contents/Developer/Platforms/MacOSX.platform/Developer/SDKs/MacOSX26.1.sdk/System/Library/Frameworks/CoreFoundation.framework/Headers/CFCalendar.h
/Applications/Xcode.app/Contents/Developer/Platforms/MacOSX.platform/Developer/SDKs/MacOSX26.1.sdk/System/Library/Frameworks/CoreFoundation.framework/Headers/CFLocale.h
/Applications/Xcode.app/Contents/Developer/Platforms/MacOSX.platform/Developer/SDKs/MacOSX26.1.sdk/System/Library/Frameworks/CoreFoundation.framework/Headers/CFDictionary.h
/Applications/Xcode.app/Contents/Developer/Platforms/MacOSX.platform/Developer/SDKs/MacOSX26.1.sdk/System/Library/Frameworks/CoreFoundation.framework/Headers/CFNotificationCenter.h
/Applications/Xcode.app/Contents/Developer/Platforms/MacOSX.platform/Developer/SDKs/MacOSX26.1.sdk/System/Library/Frameworks/CoreFoundation.framework/Headers/CFDate.h
/Applications/Xcode.app/Contents/Developer/Platforms/MacOSX.platform/Developer/SDKs/MacOSX26.1.sdk/System/Library/Frameworks/CoreFoundation.framework/Headers/CFTimeZone.h
/Applications/Xcode.app/Contents/Developer/Platforms/MacOSX.platform/Developer/SDKs/MacOSX26.1.sdk/System/Library/Frameworks/CoreFoundation.framework/Headers/CFData.h
/Applications/Xcode.app/Contents/Developer/Platforms/MacOSX.platform/Developer/SDKs/MacOSX26.1.sdk/System/Library/Frameworks/CoreFoundation.framework/Headers/CFString.h
/Applications/Xcode.app/Contents/Developer/Platforms/MacOSX.platform/Developer/SDKs/MacOSX26.1.sdk/System/Library/Frameworks/CoreFoundation.framework/Headers/CFCharacterSet.h
/Applications/Xcode.app/Contents/Developer/Platforms/MacOSX.platform/Developer/SDKs/MacOSX26.1.sdk/System/Library/Frameworks/CoreFoundation.framework/Headers/CFError.h
/Applications/Xcode.app/Contents/Developer/Platforms/MacOSX.platform/Developer/SDKs/MacOSX26.1.sdk/System/Library/Frameworks/CoreFoundation.framework/Headers/CFCGTypes.h
/Applications/Xcode.app/Contents/Developer/Platforms/MacOSX.platform/Developer/SDKs/MacOSX26.1.sdk/System/Library/Frameworks/CoreFoundation.framework/Headers/CFDateFormatter.h
/Applications/Xcode.app/Contents/Developer/Platforms/MacOSX.platform/Developer/SDKs/MacOSX26.1.sdk/System/Library/Frameworks/CoreFoundation.framework/Headers/CFNumber.h
/Applications/Xcode.app/Contents/Developer/Platforms/MacOSX.platform/Developer/SDKs/MacOSX26.1.sdk/System/Library/Frameworks/CoreFoundation.framework/Headers/CFNumberFormatter.h
/Applications/Xcode.app/Contents/Developer/Platforms/MacOSX.platform/Developer/SDKs/MacOSX26.1.sdk/System/Library/Frameworks/CoreFoundation.framework/Headers/CFPreferences.h
/Applications/Xcode.app/Contents/Developer/Platforms/MacOSX.platform/Developer/SDKs/MacOSX26.1.sdk/System/Library/Frameworks/CoreFoundation.framework/Headers/CFPropertyList.h
/Applications/Xcode.app/Contents/Developer/Platforms/MacOSX.platform/Developer/SDKs/MacOSX26.1.sdk/System/Library/Frameworks/CoreFoundation.framework/Headers/CFStream.h
/Applications/Xcode.app/Contents/Developer/Platforms/MacOSX.platform/Developer/SDKs/MacOSX26.1.sdk/System/Library/Frameworks/CoreFoundation.framework/Headers/CFURL.h
/Applications/Xcode.app/Contents/Developer/Platforms/MacOSX.platform/Developer/SDKs/MacOSX26.1.sdk/System/Library/Frameworks/CoreFoundation.framework/Headers/CFRunLoop.h
/Applications/Xcode.app/Contents/Developer/Platforms/MacOSX.platform/Developer/SDKs/MacOSX26.1.sdk/System/Library/Frameworks/CoreFoundation.framework/Headers/CFSocket.h
/Applications/Xcode.app/Contents/Developer/Platforms/MacOSX.platform/Developer/SDKs/MacOSX26.1.sdk/System/Library/Frameworks/CoreFoundation.framework/Headers/CFSet.h
/Applications/Xcode.app/Contents/Developer/Platforms/MacOSX.platform/Developer/SDKs/MacOSX26.1.sdk/System/Library/Frameworks/CoreFoundation.framework/Headers/CFStringEncodingExt.h
/Applications/Xcode.app/Contents/Developer/Platforms/MacOSX.platform/Developer/SDKs/MacOSX26.1.sdk/System/Library/Frameworks/CoreFoundation.framework/Headers/CFTree.h
/Applications/Xcode.app/Contents/Developer/Platforms/MacOSX.platform/Developer/SDKs/MacOSX26.1.sdk/System/Library/Frameworks/CoreFoundation.framework/Headers/CFURLAccess.h
/Applications/Xcode.app/Contents/Developer/Platforms/MacOSX.platform/Developer/SDKs/MacOSX26.1.sdk/System/Library/Frameworks/CoreFoundation.framework/Headers/CFUUID.h
/Applications/Xcode.app/Contents/Developer/Platforms/MacOSX.platform/Developer/SDKs/MacOSX26.1.sdk/System/Library/Frameworks/CoreFoundation.framework/Headers/CFUtilities.h
/Applications/Xcode.app/Contents/Developer/Platforms/MacOSX.platform/Developer/SDKs/MacOSX26.1.sdk/System/Library/Frameworks/CoreFoundation.framework/Headers/CFBundle.h
/Applications/Xcode.app/Contents/Developer/Platforms/MacOSX.platform/Developer/SDKs/MacOSX26.1.sdk/System/Library/Frameworks/CoreFoundation.framework/Headers/CFMessagePort.h
/Applications/Xcode.app/Contents/Developer/Platforms/MacOSX.platform/Developer/SDKs/MacOSX26.1.sdk/System/Library/Frameworks/CoreFoundation.framework/Headers/CFPlugIn.h
/Applications/Xcode.app/Contents/Developer/Platforms/MacOSX.platform/Developer/SDKs/MacOSX26.1.sdk/System/Library/Frameworks/CoreFoundation.framework/Headers/CFMachPort.h
/Applications/Xcode.app/Contents/Developer/Platforms/MacOSX.platform/Developer/SDKs/MacOSX26.1.sdk/System/Library/Frameworks/CoreFoundation.framework/Headers/CFAttributedString.h
/Applications/Xcode.app/Contents/Developer/Platforms/MacOSX.platform/Developer/SDKs/MacOSX26.1.sdk/System/Library/Frameworks/CoreFoundation.framework/Headers/CFURLEnumerator.h
/Applications/Xcode.app/Contents/Developer/Platforms/MacOSX.platform/Developer/SDKs/MacOSX26.1.sdk/System/Library/Frameworks/CoreFoundation.framework/Headers/CFFileSecurity.h
/Applications/Xcode.app/Contents/Developer/Platforms/MacOSX.platform/Developer/SDKs/MacOSX26.1.sdk/System/Library/Frameworks/CoreFoundation.framework/Headers/CFStringTokenizer.h
/Applications/Xcode.app/Contents/Developer/Platforms/MacOSX.platform/Developer/SDKs/MacOSX26.1.sdk/System/Library/Frameworks/CoreFoundation.framework/Headers/CFFileDescriptor.h
/Applications/Xcode.app/Contents/Developer/Platforms/MacOSX.platform/Developer/SDKs/MacOSX26.1.sdk/System/Library/Frameworks/CoreFoundation.framework/Headers/CFUserNotification.h
/Applications/Xcode.app/Contents/Developer/Platforms/MacOSX.platform/Developer/SDKs/MacOSX26.1.sdk/System/Library/Frameworks/CoreFoundation.framework/Headers/CFXMLNode.h
/Applications/Xcode.app/Contents/Developer/Platforms/MacOSX.platform/Developer/SDKs/MacOSX26.1.sdk/System/Library/Frameworks/CoreFoundation.framework/Headers/CFXMLParser.h
/Applications/Xcode.app/Contents/Developer/Platforms/MacOSX.platform/Developer/SDKs/MacOSX26.1.sdk/System/Library/Frameworks/CoreFoundation.framework/Headers/CFPlugInCOM.h
/Applications/Xcode.app/Contents/Developer/Platforms/MacOSX.platform/Developer/SDKs/MacOSX26.1.sdk/SDKSettings.json
/Applications/Xcode.app/Contents/Developer/Toolchains/XcodeDefault.xctoolchain/usr/lib/swift/macosx/prebuilt-modules/26.1/CoreFoundation.swiftmodule/arm64e-apple-macos.swiftmodule
/Applications/Xcode.app/Contents/Developer/Platforms/MacOSX.platform/Developer/SDKs/MacOSX26.1.sdk/System/Library/Frameworks/CoreServices.framework/Modules/module.modulemap
/Applications/Xcode.app/Contents/Developer/Platforms/MacOSX.platform/Developer/SDKs/MacOSX26.1.sdk/System/Library/Frameworks/CoreServices.framework/Headers/CoreServices.h
/Applications/Xcode.app/Contents/Developer/Platforms/MacOSX.platform/Developer/SDKs/MacOSX26.1.sdk/System/Library/Frameworks/CoreFoundation.framework/Modules/module.modulemap
/Applications/Xcode.app/Contents/Developer/Platforms/MacOSX.platform/Developer/SDKs/MacOSX26.1.sdk/System/Library/Frameworks/CoreServices.framework/Frameworks/AE.framework/Headers/AE.h
/Applications/Xcode.app/Contents/Developer/Platforms/MacOSX.platform/Developer/SDKs/MacOSX26.1.sdk/System/Library/Frameworks/CoreServices.framework/Frameworks/CarbonCore.framework/Headers/CarbonCore.h
/Applications/Xcode.app/Contents/Developer/Platforms/MacOSX.platform/Developer/SDKs/MacOSX26.1.sdk/System/Library/Frameworks/CoreServices.framework/Frameworks/CarbonCore.framework/Headers/Finder.h
/Applications/Xcode.app/Contents/Developer/Platforms/MacOSX.platform/Developer/SDKs/MacOSX26.1.sdk/usr/include/dispatch.modulemap
/Applications/Xcode.app/Contents/Developer/Platforms/MacOSX.platform/Developer/SDKs/MacOSX26.1.sdk/usr/include/Darwin.modulemap
/Applications/Xcode.app/Contents/Developer/Platforms/MacOSX.platform/Developer/SDKs/MacOSX26.1.sdk/usr/include/DarwinFoundation2.modulemap
/Applications/Xcode.app/Contents/Developer/Platforms/MacOSX.platform/Developer/SDKs/MacOSX26.1.sdk/usr/include/DarwinFoundation1.modulemap
/Applications/Xcode.app/Contents/Developer/Platforms/MacOSX.platform/Developer/SDKs/MacOSX26.1.sdk/System/Library/Frameworks/CoreServices.framework/Frameworks/CarbonCore.framework/Headers/FixMath.h
/Applications/Xcode.app/Contents/Developer/Platforms/MacOSX.platform/Developer/SDKs/MacOSX26.1.sdk/System/Library/Frameworks/CoreServices.framework/Frameworks/CarbonCore.framework/Headers/Script.h
/Applications/Xcode.app/Contents/Developer/Platforms/MacOSX.platform/Developer/SDKs/MacOSX26.1.sdk/System/Library/Frameworks/CoreServices.framework/Frameworks/CarbonCore.framework/Headers/IntlResources.h
/Applications/Xcode.app/Contents/Developer/Platforms/MacOSX.platform/Developer/SDKs/MacOSX26.1.sdk/System/Library/Frameworks/CoreServices.framework/Frameworks/CarbonCore.framework/Headers/UTCUtils.h
/Applications/Xcode.app/Contents/Developer/Platforms/MacOSX.platform/Developer/SDKs/MacOSX26.1.sdk/System/Library/Frameworks/CoreServices.framework/Frameworks/CarbonCore.framework/Headers/MacErrors.h
/Applications/Xcode.app/Contents/Developer/Platforms/MacOSX.platform/Developer/SDKs/MacOSX26.1.sdk/System/Library/Frameworks/CoreServices.framework/Frameworks/CarbonCore.framework/Headers/TextCommon.h
/Applications/Xcode.app/Contents/Developer/Platforms/MacOSX.platform/Developer/SDKs/MacOSX26.1.sdk/System/Library/Frameworks/CoreServices.framework/Frameworks/CarbonCore.framework/Headers/Collections.h
/Applications/Xcode.app/Contents/Developer/Platforms/MacOSX.platform/Developer/SDKs/MacOSX26.1.sdk/System/Library/Frameworks/CoreServices.framework/Frameworks/CarbonCore.framework/Headers/MixedMode.h
/Applications/Xcode.app/Contents/Developer/Platforms/MacOSX.platform/Developer/SDKs/MacOSX26.1.sdk/System/Library/Frameworks/CoreServices.framework/Frameworks/CarbonCore.framework/Headers/Endian.h
/Applications/Xcode.app/Contents/Developer/Platforms/MacOSX.platform/Developer/SDKs/MacOSX26.1.sdk/System/Library/Frameworks/CoreServices.framework/Frameworks/CarbonCore.framework/Headers/Gestalt.h
/Applications/Xcode.app/Contents/Developer/Platforms/MacOSX.platform/Developer/SDKs/MacOSX26.1.sdk/System/Library/Frameworks/CoreServices.framework/Frameworks/CarbonCore.framework/Headers/MacMemory.h
/Applications/Xcode.app/Contents/Developer/Platforms/MacOSX.platform/Developer/SDKs/MacOSX26.1.sdk/System/Library/Frameworks/CoreServices.framework/Frameworks/CarbonCore.framework/Headers/Math64.h
/Applications/Xcode.app/Contents/Developer/Platforms/MacOSX.platform/Developer/SDKs/MacOSX26.1.sdk/System/Library/Frameworks/CoreServices.framework/Frameworks/CarbonCore.framework/Headers/BackupCore.h
/Applications/Xcode.app/Contents/Developer/Platforms/MacOSX.platform/Developer/SDKs/MacOSX26.1.sdk/System/Library/Frameworks/CoreServices.framework/Frameworks/CarbonCore.framework/Headers/DiskSpaceRecovery.h
/Applications/Xcode.app/Contents/Developer/Platforms/MacOSX.platform/Developer/SDKs/MacOSX26.1.sdk/System/Library/Frameworks/CoreServices.framework/Frameworks/CarbonCore.framework/Headers/Components.h
/Applications/Xcode.app/Contents/Developer/Platforms/MacOSX.platform/Developer/SDKs/MacOSX26.1.sdk/System/Library/Frameworks/CoreServices.framework/Frameworks/CarbonCore.framework/Headers/Files.h
/Applications/Xcode.app/Contents/Developer/Platforms/MacOSX.platform/Developer/SDKs/MacOSX26.1.sdk/System/Library/Frameworks/CoreServices.framework/Frameworks/CarbonCore.framework/Headers/OSUtils.h
/Applications/Xcode.app/Contents/Developer/Platforms/MacOSX.platform/Developer/SDKs/MacOSX26.1.sdk/System/Library/Frameworks/CoreServices.framework/Frameworks/CarbonCore.framework/Headers/DateTimeUtils.h
/Applications/Xcode.app/Contents/Developer/Platforms/MacOSX.platform/Developer/SDKs/MacOSX26.1.sdk/System/Library/Frameworks/DiskArbitration.framework/Modules/module.modulemap
/Applications/Xcode.app/Contents/Developer/Platforms/MacOSX.platform/Developer/SDKs/MacOSX26.1.sdk/System/Library/Frameworks/CoreServices.framework/Frameworks/CarbonCore.framework/Headers/Resources.h
/Applications/Xcode.app/Contents/Developer/Platforms/MacOSX.platform/Developer/SDKs/MacOSX26.1.sdk/System/Library/Frameworks/CoreServices.framework/Frameworks/CarbonCore.framework/Headers/CodeFragments.h
/Applications/Xcode.app/Contents/Developer/Platforms/MacOSX.platform/Developer/SDKs/MacOSX26.1.sdk/System/Library/Frameworks/CoreServices.framework/Frameworks/CarbonCore.framework/Headers/Multiprocessing.h
/Applications/Xcode.app/Contents/Developer/Platforms/MacOSX.platform/Developer/SDKs/MacOSX26.1.sdk/System/Library/Frameworks/CoreServices.framework/Frameworks/CarbonCore.framework/Headers/Aliases.h
/Applications/Xcode.app/Contents/Developer/Platforms/MacOSX.platform/Developer/SDKs/MacOSX26.1.sdk/System/Library/Frameworks/CoreServices.framework/Frameworks/CarbonCore.framework/Headers/MacLocales.h
/Applications/Xcode.app/Contents/Developer/Platforms/MacOSX.platform/Developer/SDKs/MacOSX26.1.sdk/System/Library/Frameworks/CoreServices.framework/Frameworks/CarbonCore.framework/Headers/Debugging.h
/Applications/Xcode.app/Contents/Developer/Platforms/MacOSX.platform/Developer/SDKs/MacOSX26.1.sdk/System/Library/Frameworks/CoreServices.framework/Frameworks/CarbonCore.framework/Headers/PLStringFuncs.h
/Applications/Xcode.app/Contents/Developer/Platforms/MacOSX.platform/Developer/SDKs/MacOSX26.1.sdk/System/Library/Frameworks/CoreServices.framework/Frameworks/CarbonCore.framework/Headers/DriverSynchronization.h
/Applications/Xcode.app/Contents/Developer/Platforms/MacOSX.platform/Developer/SDKs/MacOSX26.1.sdk/System/Library/Frameworks/CoreServices.framework/Frameworks/CarbonCore.framework/Headers/DriverServices.h
/Applications/Xcode.app/Contents/Developer/Platforms/MacOSX.platform/Developer/SDKs/MacOSX26.1.sdk/System/Library/Frameworks/CoreServices.framework/Frameworks/CarbonCore.framework/Headers/MachineExceptions.h
/Applications/Xcode.app/Contents/Developer/Platforms/MacOSX.platform/Developer/SDKs/MacOSX26.1.sdk/System/Library/Frameworks/CoreServices.framework/Frameworks/CarbonCore.framework/Headers/NumberFormatting.h
/Applications/Xcode.app/Contents/Developer/Platforms/MacOSX.platform/Developer/SDKs/MacOSX26.1.sdk/System/Library/Frameworks/CoreServices.framework/Frameworks/CarbonCore.framework/Headers/StringCompare.h
/Applications/Xcode.app/Contents/Developer/Platforms/MacOSX.platform/Developer/SDKs/MacOSX26.1.sdk/System/Library/Frameworks/CoreServices.framework/Frameworks/CarbonCore.framework/Headers/TextUtils.h
/Applications/Xcode.app/Contents/Developer/Platforms/MacOSX.platform/Developer/SDKs/MacOSX26.1.sdk/System/Library/Frameworks/CoreServices.framework/Frameworks/CarbonCore.framework/Headers/ToolUtils.h
/Applications/Xcode.app/Contents/Developer/Platforms/MacOSX.platform/Developer/SDKs/MacOSX26.1.sdk/System/Library/Frameworks/CoreServices.framework/Frameworks/CarbonCore.framework/Headers/UnicodeUtilities.h
/Applications/Xcode.app/Contents/Developer/Platforms/MacOSX.platform/Developer/SDKs/MacOSX26.1.sdk/System/Library/Frameworks/CoreServices.framework/Frameworks/CarbonCore.framework/Headers/fp.h
/Applications/Xcode.app/Contents/Developer/Platforms/MacOSX.platform/Developer/SDKs/MacOSX26.1.sdk/System/Library/Frameworks/CoreServices.framework/Frameworks/CarbonCore.framework/Headers/TextEncodingConverter.h
/Applications/Xcode.app/Contents/Developer/Platforms/MacOSX.platform/Developer/SDKs/MacOSX26.1.sdk/System/Library/Frameworks/CoreServices.framework/Frameworks/CarbonCore.framework/Headers/UnicodeConverter.h
/Applications/Xcode.app/Contents/Developer/Platforms/MacOSX.platform/Developer/SDKs/MacOSX26.1.sdk/System/Library/Frameworks/CoreServices.framework/Frameworks/CarbonCore.framework/Headers/Threads.h
/Applications/Xcode.app/Contents/Developer/Platforms/MacOSX.platform/Developer/SDKs/MacOSX26.1.sdk/System/Library/Frameworks/CoreServices.framework/Frameworks/CarbonCore.framework/Headers/Folders.h
/Applications/Xcode.app/Contents/Developer/Platforms/MacOSX.platform/Developer/SDKs/MacOSX26.1.sdk/System/Library/Frameworks/CoreServices.framework/Frameworks/CarbonCore.framework/Headers/Timer.h
/Applications/Xcode.app/Contents/Developer/Platforms/MacOSX.platform/Developer/SDKs/MacOSX26.1.sdk/System/Library/Frameworks/CoreServices.framework/Frameworks/CarbonCore.framework/Headers/MultiprocessingInfo.h
/Applications/Xcode.app/Contents/Developer/Platforms/MacOSX.platform/Developer/SDKs/MacOSX26.1.sdk/System/Library/Frameworks/CoreServices.framework/Frameworks/CarbonCore.framework/Headers/LowMem.h
/Applications/Xcode.app/Contents/Developer/Platforms/MacOSX.platform/Developer/SDKs/MacOSX26.1.sdk/System/Library/Frameworks/CoreServices.framework/Frameworks/CarbonCore.framework/Headers/AVLTree.h
/Applications/Xcode.app/Contents/Developer/Platforms/MacOSX.platform/Developer/SDKs/MacOSX26.1.sdk/System/Library/Frameworks/CoreServices.framework/Frameworks/CarbonCore.framework/Headers/PEFBinaryFormat.h
/Applications/Xcode.app/Contents/Developer/Platforms/MacOSX.platform/Developer/SDKs/MacOSX26.1.sdk/System/Library/Frameworks/CoreServices.framework/Frameworks/CarbonCore.framework/Headers/HFSVolumes.h
/Applications/Xcode.app/Contents/Developer/Platforms/MacOSX.platform/Developer/SDKs/MacOSX26.1.sdk/System/Library/Frameworks/CoreServices.framework/Frameworks/CarbonCore.framework/Headers/AIFF.h
/Applications/Xcode.app/Contents/Developer/Toolchains/XcodeDefault.xctoolchain/usr/lib/swift/clang/include/module.modulemap
/Applications/Xcode.app/Contents/Developer/Platforms/MacOSX.platform/Developer/SDKs/MacOSX26.1.sdk/System/Library/Frameworks/CoreServices.framework/Frameworks/CarbonCore.framework/Headers/TextEncodingPlugin.h
/Applications/Xcode.app/Contents/Developer/Platforms/MacOSX.platform/Developer/SDKs/MacOSX26.1.sdk/System/Library/Frameworks/CoreServices.framework/Frameworks/AE.framework/Headers/AEDataModel.h
/Applications/Xcode.app/Contents/Developer/Platforms/MacOSX.platform/Developer/SDKs/MacOSX26.1.sdk/System/Library/Frameworks/CoreServices.framework/Frameworks/AE.framework/Headers/AppleEvents.h
/Applications/Xcode.app/Contents/Developer/Platforms/MacOSX.platform/Developer/SDKs/MacOSX26.1.sdk/System/Library/Frameworks/CoreServices.framework/Frameworks/AE.framework/Headers/AEPackObject.h
/Applications/Xcode.app/Contents/Developer/Platforms/MacOSX.platform/Developer/SDKs/MacOSX26.1.sdk/System/Library/Frameworks/CoreServices.framework/Frameworks/AE.framework/Headers/AEObjects.h
/Applications/Xcode.app/Contents/Developer/Platforms/MacOSX.platform/Developer/SDKs/MacOSX26.1.sdk/System/Library/Frameworks/CoreServices.framework/Frameworks/AE.framework/Headers/AERegistry.h
/Applications/Xcode.app/Contents/Developer/Platforms/MacOSX.platform/Developer/SDKs/MacOSX26.1.sdk/System/Library/Frameworks/CoreServices.framework/Frameworks/AE.framework/Headers/AEUserTermTypes.h
/Applications/Xcode.app/Contents/Developer/Platforms/MacOSX.platform/Developer/SDKs/MacOSX26.1.sdk/System/Library/Frameworks/CoreServices.framework/Frameworks/AE.framework/Headers/AEHelpers.h
/Applications/Xcode.app/Contents/Developer/Toolchains/XcodeDefault.xctoolchain/usr/lib/swift/clang/include/stdarg.h
/Applications/Xcode.app/Contents/Developer/Platforms/MacOSX.platform/Developer/SDKs/MacOSX26.1.sdk/System/Library/Frameworks/CoreServices.framework/Frameworks/AE.framework/Headers/AEMach.h
/Applications/Xcode.app/Contents/Developer/Platforms/MacOSX.platform/Developer/SDKs/MacOSX26.1.sdk/System/Library/Frameworks/CFNetwork.framework/Modules/module.modulemap
/Applications/Xcode.app/Contents/Developer/Platforms/MacOSX.platform/Developer/SDKs/MacOSX26.1.sdk/System/Library/Frameworks/CoreServices.framework/Frameworks/DictionaryServices.framework/Headers/DictionaryServices.h
/Applications/Xcode.app/Contents/Developer/Platforms/MacOSX.platform/Developer/SDKs/MacOSX26.1.sdk/System/Library/Frameworks/CoreServices.framework/Frameworks/LaunchServices.framework/Headers/LaunchServices.h
/Applications/Xcode.app/Contents/Developer/Platforms/MacOSX.platform/Developer/SDKs/MacOSX26.1.sdk/System/Library/Frameworks/CoreServices.framework/Frameworks/LaunchServices.framework/Headers/IconsCore.h
/Applications/Xcode.app/Contents/Developer/Platforms/MacOSX.platform/Developer/SDKs/MacOSX26.1.sdk/System/Library/Frameworks/CoreServices.framework/Frameworks/OSServices.framework/Headers/OSServices.h
/Applications/Xcode.app/Contents/Developer/Platforms/MacOSX.platform/Developer/SDKs/MacOSX26.1.sdk/System/Library/Frameworks/CoreServices.framework/Frameworks/OSServices.framework/Headers/CSIdentity.h
/Applications/Xcode.app/Contents/Developer/Platforms/MacOSX.platform/Developer/SDKs/MacOSX26.1.sdk/System/Library/Frameworks/CoreServices.framework/Frameworks/OSServices.framework/Headers/CSIdentityBase.h
/Applications/Xcode.app/Contents/Developer/Platforms/MacOSX.platform/Developer/SDKs/MacOSX26.1.sdk/System/Library/Frameworks/Security.framework/Modules/module.modulemap
/Applications/Xcode.app/Contents/Developer/Platforms/MacOSX.platform/Developer/SDKs/MacOSX26.1.sdk/System/Library/Frameworks/CoreServices.framework/Frameworks/OSServices.framework/Headers/CSIdentityAuthority.h
/Applications/Xcode.app/Contents/Developer/Platforms/MacOSX.platform/Developer/SDKs/MacOSX26.1.sdk/System/Library/Frameworks/CoreServices.framework/Frameworks/OSServices.framework/Headers/CSIdentityQuery.h
/Applications/Xcode.app/Contents/Developer/Platforms/MacOSX.platform/Developer/SDKs/MacOSX26.1.sdk/System/Library/Frameworks/CoreServices.framework/Frameworks/OSServices.framework/Headers/IconStorage.h
/Applications/Xcode.app/Contents/Developer/Platforms/MacOSX.platform/Developer/SDKs/MacOSX26.1.sdk/System/Library/Frameworks/CoreServices.framework/Frameworks/OSServices.framework/Headers/Power.h
/Applications/Xcode.app/Contents/Developer/Platforms/MacOSX.platform/Developer/SDKs/MacOSX26.1.sdk/System/Library/Frameworks/CoreServices.framework/Frameworks/OSServices.framework/Headers/SecurityCore.h
/Applications/Xcode.app/Contents/Developer/Platforms/MacOSX.platform/Developer/SDKs/MacOSX26.1.sdk/System/Library/Frameworks/CoreServices.framework/Frameworks/OSServices.framework/Headers/KeychainCore.h
/Applications/Xcode.app/Contents/Developer/Platforms/MacOSX.platform/Developer/SDKs/MacOSX26.1.sdk/System/Library/Frameworks/CoreServices.framework/Frameworks/OSServices.framework/Headers/WSMethodInvocation.h
/Applications/Xcode.app/Contents/Developer/Platforms/MacOSX.platform/Developer/SDKs/MacOSX26.1.sdk/System/Library/Frameworks/CoreServices.framework/Frameworks/OSServices.framework/Headers/WSTypes.h
/Applications/Xcode.app/Contents/Developer/Platforms/MacOSX.platform/Developer/SDKs/MacOSX26.1.sdk/System/Library/Frameworks/CoreServices.framework/Frameworks/OSServices.framework/Headers/WSProtocolHandler.h
/Applications/Xcode.app/Contents/Developer/Platforms/MacOSX.platform/Developer/SDKs/MacOSX26.1.sdk/System/Library/Frameworks/CoreServices.framework/Frameworks/LaunchServices.framework/Headers/LSConstants.h
/Applications/Xcode.app/Contents/Developer/Platforms/MacOSX.platform/Developer/SDKs/MacOSX26.1.sdk/System/Library/Frameworks/CoreServices.framework/Frameworks/LaunchServices.framework/Headers/LSInfo.h
/Applications/Xcode.app/Contents/Developer/Platforms/MacOSX.platform/Developer/SDKs/MacOSX26.1.sdk/System/Library/Frameworks/CoreServices.framework/Frameworks/LaunchServices.framework/Headers/LSInfoDeprecated.h
/Applications/Xcode.app/Contents/Developer/Platforms/MacOSX.platform/Developer/SDKs/MacOSX26.1.sdk/System/Library/Frameworks/CoreServices.framework/Frameworks/LaunchServices.framework/Headers/LSOpen.h
/Applications/Xcode.app/Contents/Developer/Platforms/MacOSX.platform/Developer/SDKs/MacOSX26.1.sdk/System/Library/Frameworks/CoreServices.framework/Frameworks/LaunchServices.framework/Headers/LSOpenDeprecated.h
/Applications/Xcode.app/Contents/Developer/Platforms/MacOSX.platform/Developer/SDKs/MacOSX26.1.sdk/System/Library/Frameworks/CoreServices.framework/Frameworks/LaunchServices.framework/Headers/LSQuarantine.h
/Applications/Xcode.app/Contents/Developer/Platforms/MacOSX.platform/Developer/SDKs/MacOSX26.1.sdk/System/Library/Frameworks/CoreServices.framework/Frameworks/LaunchServices.framework/Headers/UTCoreTypes.h
/Applications/Xcode.app/Contents/Developer/Platforms/MacOSX.platform/Developer/SDKs/MacOSX26.1.sdk/System/Library/Frameworks/CoreServices.framework/Frameworks/LaunchServices.framework/Headers/UTType.h
/Applications/Xcode.app/Contents/Developer/Platforms/MacOSX.platform/Developer/SDKs/MacOSX26.1.sdk/System/Library/Frameworks/CoreServices.framework/Frameworks/Metadata.framework/Headers/Metadata.h
/Applications/Xcode.app/Contents/Developer/Platforms/MacOSX.platform/Developer/SDKs/MacOSX26.1.sdk/System/Library/Frameworks/CoreServices.framework/Frameworks/Metadata.framework/Headers/MDItem.h
/Applications/Xcode.app/Contents/Developer/Platforms/MacOSX.platform/Developer/SDKs/MacOSX26.1.sdk/System/Library/Frameworks/CoreServices.framework/Frameworks/Metadata.framework/Headers/MDLabel.h
/Applications/Xcode.app/Contents/Developer/Platforms/MacOSX.platform/Developer/SDKs/MacOSX26.1.sdk/System/Library/Frameworks/CoreServices.framework/Frameworks/Metadata.framework/Headers/MDQuery.h
/Applications/Xcode.app/Contents/Developer/Platforms/MacOSX.platform/Developer/SDKs/MacOSX26.1.sdk/System/Library/Frameworks/CoreServices.framework/Frameworks/Metadata.framework/Headers/MDSchema.h
/Applications/Xcode.app/Contents/Developer/Platforms/MacOSX.platform/Developer/SDKs/MacOSX26.1.sdk/System/Library/Frameworks/CoreServices.framework/Frameworks/Metadata.framework/Headers/MDImporter.h
/Applications/Xcode.app/Contents/Developer/Platforms/MacOSX.platform/Developer/SDKs/MacOSX26.1.sdk/System/Library/Frameworks/CoreServices.framework/Frameworks/SearchKit.framework/Headers/SearchKit.h
/Applications/Xcode.app/Contents/Developer/Platforms/MacOSX.platform/Developer/SDKs/MacOSX26.1.sdk/System/Library/Frameworks/CoreServices.framework/Frameworks/SearchKit.framework/Headers/SKDocument.h
/Applications/Xcode.app/Contents/Developer/Platforms/MacOSX.platform/Developer/SDKs/MacOSX26.1.sdk/System/Library/Frameworks/CoreServices.framework/Frameworks/SearchKit.framework/Headers/SKAnalysis.h
/Applications/Xcode.app/Contents/Developer/Platforms/MacOSX.platform/Developer/SDKs/MacOSX26.1.sdk/System/Library/Frameworks/CoreServices.framework/Frameworks/SearchKit.framework/Headers/SKIndex.h
/Applications/Xcode.app/Contents/Developer/Platforms/MacOSX.platform/Developer/SDKs/MacOSX26.1.sdk/System/Library/Frameworks/CoreServices.framework/Frameworks/SearchKit.framework/Headers/SKSearch.h
/Applications/Xcode.app/Contents/Developer/Platforms/MacOSX.platform/Developer/SDKs/MacOSX26.1.sdk/System/Library/Frameworks/CoreServices.framework/Frameworks/SearchKit.framework/Headers/SKSummary.h
/Applications/Xcode.app/Contents/Developer/Platforms/MacOSX.platform/Developer/SDKs/MacOSX26.1.sdk/System/Library/Frameworks/CoreServices.framework/Frameworks/FSEvents.framework/Headers/FSEvents.h
/Applications/Xcode.app/Contents/Developer/Platforms/MacOSX.platform/Developer/SDKs/MacOSX26.1.sdk/System/Library/Frameworks/CoreServices.framework/Frameworks/SharedFileList.framework/Headers/SharedFileList.h
/Applications/Xcode.app/Contents/Developer/Platforms/MacOSX.platform/Developer/SDKs/MacOSX26.1.sdk/System/Library/Frameworks/CoreServices.framework/Frameworks/SharedFileList.framework/Headers/LSSharedFileList.h
/Applications/Xcode.app/Contents/Developer/Platforms/MacOSX.platform/Developer/SDKs/MacOSX26.1.sdk/SDKSettings.json
/Applications/Xcode.app/Contents/Developer/Platforms/MacOSX.platform/Developer/SDKs/MacOSX26.1.sdk/usr/include/Darwin.modulemap
/Applications/Xcode.app/Contents/Developer/Platforms/MacOSX.platform/Developer/SDKs/MacOSX26.1.sdk/usr/include/Darwin_C.modulemap
/Applications/Xcode.app/Contents/Developer/Platforms/MacOSX.platform/Developer/SDKs/MacOSX26.1.sdk/usr/include/Darwin_POSIX.modulemap
/Applications/Xcode.app/Contents/Developer/Platforms/MacOSX.platform/Developer/SDKs/MacOSX26.1.sdk/usr/include/net.modulemap
/Applications/Xcode.app/Contents/Developer/Platforms/MacOSX.platform/Developer/SDKs/MacOSX26.1.sdk/usr/include/netinet.modulemap
/Applications/Xcode.app/Contents/Developer/Platforms/MacOSX.platform/Developer/SDKs/MacOSX26.1.sdk/usr/include/bank.modulemap
/Applications/Xcode.app/Contents/Developer/Platforms/MacOSX.platform/Developer/SDKs/MacOSX26.1.sdk/usr/include/Darwin_Mach.modulemap
/Applications/Xcode.app/Contents/Developer/Platforms/MacOSX.platform/Developer/SDKs/MacOSX26.1.sdk/usr/include/Darwin_Mach_machine.modulemap
/Applications/Xcode.app/Contents/Developer/Platforms/MacOSX.platform/Developer/SDKs/MacOSX26.1.sdk/usr/include/mach_debug.modulemap
/Applications/Xcode.app/Contents/Developer/Platforms/MacOSX.platform/Developer/SDKs/MacOSX26.1.sdk/usr/include/device.modulemap
/Applications/Xcode.app/Contents/Developer/Platforms/MacOSX.platform/Developer/SDKs/MacOSX26.1.sdk/usr/include/Darwin_machine.modulemap
/Applications/Xcode.app/Contents/Developer/Platforms/MacOSX.platform/Developer/SDKs/MacOSX26.1.sdk/usr/include/ncurses.modulemap
/Applications/Xcode.app/Contents/Developer/Platforms/MacOSX.platform/Developer/SDKs/MacOSX26.1.sdk/usr/include/netinet6.modulemap
/Applications/Xcode.app/Contents/Developer/Platforms/MacOSX.platform/Developer/SDKs/MacOSX26.1.sdk/usr/include/Darwin_sys.modulemap
/Applications/Xcode.app/Contents/Developer/Platforms/MacOSX.platform/Developer/SDKs/MacOSX26.1.sdk/usr/include/uuid.modulemap
/Applications/Xcode.app/Contents/Developer/Platforms/MacOSX.platform/Developer/SDKs/MacOSX26.1.sdk/usr/include/DarwinFoundation2.modulemap
/Applications/Xcode.app/Contents/Developer/Platforms/MacOSX.platform/Developer/SDKs/MacOSX26.1.sdk/usr/include/DarwinFoundation3.modulemap
/Applications/Xcode.app/Contents/Developer/Platforms/MacOSX.platform/Developer/SDKs/MacOSX26.1.sdk/usr/include/DarwinFoundation1.modulemap
/Applications/Xcode.app/Contents/Developer/Platforms/MacOSX.platform/Developer/SDKs/MacOSX26.1.sdk/usr/include/copyfile.h
/Applications/Xcode.app/Contents/Developer/Toolchains/XcodeDefault.xctoolchain/usr/lib/swift/clang/include/module.modulemap
/Applications/Xcode.app/Contents/Developer/Platforms/MacOSX.platform/Developer/SDKs/MacOSX26.1.sdk/usr/include/err.h
/Applications/Xcode.app/Contents/Developer/Platforms/MacOSX.platform/Developer/SDKs/MacOSX26.1.sdk/usr/include/readpassphrase.h
/Applications/Xcode.app/Contents/Developer/Platforms/MacOSX.platform/Developer/SDKs/MacOSX26.1.sdk/usr/include/util.h
/Applications/Xcode.app/Contents/Developer/Platforms/MacOSX.platform/Developer/SDKs/MacOSX26.1.sdk/usr/include/sys/ttycom.h
/Applications/Xcode.app/Contents/Developer/Platforms/MacOSX.platform/Developer/SDKs/MacOSX26.1.sdk/usr/include/sys/ioccom.h
/Applications/Xcode.app/Contents/Developer/Platforms/MacOSX.platform/Developer/SDKs/MacOSX26.1.sdk/usr/include/stdio.h
/Applications/Xcode.app/Contents/Developer/Platforms/MacOSX.platform/Developer/SDKs/MacOSX26.1.sdk/usr/include/pwd.h
/Applications/Xcode.app/Contents/Developer/Platforms/MacOSX.platform/Developer/SDKs/MacOSX26.1.sdk/usr/include/uuid/uuid.h
/Applications/Xcode.app/Contents/Developer/Platforms/MacOSX.platform/Developer/SDKs/MacOSX26.1.sdk/usr/include/termios.h
/Applications/Xcode.app/Contents/Developer/Platforms/MacOSX.platform/Developer/SDKs/MacOSX26.1.sdk/usr/include/sys/termios.h
/Applications/Xcode.app/Contents/Developer/Platforms/MacOSX.platform/Developer/SDKs/MacOSX26.1.sdk/usr/include/sys/ttydefaults.h
/Applications/Xcode.app/Contents/Developer/Platforms/MacOSX.platform/Developer/SDKs/MacOSX26.1.sdk/usr/include/utmp.h
/Applications/Xcode.app/Contents/Developer/Platforms/MacOSX.platform/Developer/SDKs/MacOSX26.1.sdk/usr/include/xattr_flags.h
/Applications/Xcode.app/Contents/Developer/Platforms/MacOSX.platform/Developer/SDKs/MacOSX26.1.sdk/usr/include/_modules/_darwin_c_ctype.h
/Applications/Xcode.app/Contents/Developer/Platforms/MacOSX.platform/Developer/SDKs/MacOSX26.1.sdk/usr/include/ctype.h
/Applications/Xcode.app/Contents/Developer/Platforms/MacOSX.platform/Developer/SDKs/MacOSX26.1.sdk/usr/include/_modules/_darwin_c_errno.h
/Applications/Xcode.app/Contents/Developer/Platforms/MacOSX.platform/Developer/SDKs/MacOSX26.1.sdk/usr/include/_modules/_darwin_c_inttypes.h
/Applications/Xcode.app/Contents/Developer/Platforms/MacOSX.platform/Developer/SDKs/MacOSX26.1.sdk/usr/include/_modules/_darwin_c_limits.h
/Applications/Xcode.app/Contents/Developer/Platforms/MacOSX.platform/Developer/SDKs/MacOSX26.1.sdk/usr/include/_modules/_darwin_c_signal.h
/Applications/Xcode.app/Contents/Developer/Platforms/MacOSX.platform/Developer/SDKs/MacOSX26.1.sdk/usr/include/_modules/_darwin_c_stdarg.h
/Applications/Xcode.app/Contents/Developer/Toolchains/XcodeDefault.xctoolchain/usr/lib/swift/clang/include/stdarg.h
/Applications/Xcode.app/Contents/Developer/Platforms/MacOSX.platform/Developer/SDKs/MacOSX26.1.sdk/usr/include/_modules/_darwin_c_stdbool.h
/Applications/Xcode.app/Contents/Developer/Platforms/MacOSX.platform/Developer/SDKs/MacOSX26.1.sdk/usr/include/_modules/_darwin_c_stddef.h
/Applications/Xcode.app/Contents/Developer/Toolchains/XcodeDefault.xctoolchain/usr/lib/swift/clang/include/stddef.h
/Applications/Xcode.app/Contents/Developer/Platforms/MacOSX.platform/Developer/SDKs/MacOSX26.1.sdk/usr/include/_modules/_darwin_c_stdint.h
/Applications/Xcode.app/Contents/Developer/Platforms/MacOSX.platform/Developer/SDKs/MacOSX26.1.sdk/usr/include/_modules/_darwin_c_stdio.h
/Applications/Xcode.app/Contents/Developer/Platforms/MacOSX.platform/Developer/SDKs/MacOSX26.1.sdk/usr/include/_modules/_darwin_c_stdlib.h
/Applications/Xcode.app/Contents/Developer/Platforms/MacOSX.platform/Developer/SDKs/MacOSX26.1.sdk/usr/include/stdlib.h
/Applications/Xcode.app/Contents/Developer/Platforms/MacOSX.platform/Developer/SDKs/MacOSX26.1.sdk/usr/include/_modules/_darwin_c_string.h
/Applications/Xcode.app/Contents/Developer/Platforms/MacOSX.platform/Developer/SDKs/MacOSX26.1.sdk/usr/include/string.h
/Applications/Xcode.app/Contents/Developer/Platforms/MacOSX.platform/Developer/SDKs/MacOSX26.1.sdk/usr/include/_modules/_darwin_c_time.h
/Applications/Xcode.app/Contents/Developer/Platforms/MacOSX.platform/Developer/SDKs/MacOSX26.1.sdk/usr/include/time.h
/Applications/Xcode.app/Contents/Developer/Platforms/MacOSX.platform/Developer/SDKs/MacOSX26.1.sdk/usr/include/_modules/_darwin_c_wchar.h
/Applications/Xcode.app/Contents/Developer/Platforms/MacOSX.platform/Developer/SDKs/MacOSX26.1.sdk/usr/include/wchar.h
/Applications/Xcode.app/Contents/Developer/Platforms/MacOSX.platform/Developer/SDKs/MacOSX26.1.sdk/usr/include/aio.h
/Applications/Xcode.app/Contents/Developer/Platforms/MacOSX.platform/Developer/SDKs/MacOSX26.1.sdk/usr/include/sys/aio.h
/Applications/Xcode.app/Contents/Developer/Platforms/MacOSX.platform/Developer/SDKs/MacOSX26.1.sdk/usr/include/sys/_types/_o_sync.h
/Applications/Xcode.app/Contents/Developer/Platforms/MacOSX.platform/Developer/SDKs/MacOSX26.1.sdk/usr/include/sys/_types/_o_dsync.h
/Applications/Xcode.app/Contents/Developer/Platforms/MacOSX.platform/Developer/SDKs/MacOSX26.1.sdk/usr/include/arpa/inet.h
/Applications/Xcode.app/Contents/Developer/Platforms/MacOSX.platform/Developer/SDKs/MacOSX26.1.sdk/usr/include/netinet/in.h
/Applications/Xcode.app/Contents/Developer/Platforms/MacOSX.platform/Developer/SDKs/MacOSX26.1.sdk/usr/include/sys/socket.h
/Applications/Xcode.app/Contents/Developer/Platforms/MacOSX.platform/Developer/SDKs/MacOSX26.1.sdk/usr/include/sys/constrained_ctypes.h
/Applications/Xcode.app/Contents/Developer/Platforms/MacOSX.platform/Developer/SDKs/MacOSX26.1.sdk/usr/include/machine/_param.h
/Applications/Xcode.app/Contents/Developer/Platforms/MacOSX.platform/Developer/SDKs/MacOSX26.1.sdk/usr/include/arm/_param.h
/Applications/Xcode.app/Contents/Developer/Platforms/MacOSX.platform/Developer/SDKs/MacOSX26.1.sdk/usr/include/net/net_kev.h
/Applications/Xcode.app/Contents/Developer/Platforms/MacOSX.platform/Developer/SDKs/MacOSX26.1.sdk/usr/include/sys/_types/_sa_family_t.h
/Applications/Xcode.app/Contents/Developer/Platforms/MacOSX.platform/Developer/SDKs/MacOSX26.1.sdk/usr/include/sys/_types/_socklen_t.h
/Applications/Xcode.app/Contents/Developer/Platforms/MacOSX.platform/Developer/SDKs/MacOSX26.1.sdk/usr/include/sys/_types/_iovec_t.h
/Applications/Xcode.app/Contents/Developer/Platforms/MacOSX.platform/Developer/SDKs/MacOSX26.1.sdk/usr/include/netinet6/in6.h
/Applications/Xcode.app/Contents/Developer/Platforms/MacOSX.platform/Developer/SDKs/MacOSX26.1.sdk/usr/include/cpio.h
/Applications/Xcode.app/Contents/Developer/Platforms/MacOSX.platform/Developer/SDKs/MacOSX26.1.sdk/usr/include/dirent.h
/Applications/Xcode.app/Contents/Developer/Platforms/MacOSX.platform/Developer/SDKs/MacOSX26.1.sdk/usr/include/sys/dirent.h
/Applications/Xcode.app/Contents/Developer/Platforms/MacOSX.platform/Developer/SDKs/MacOSX26.1.sdk/usr/include/sys/dir.h
/Applications/Xcode.app/Contents/Developer/Platforms/MacOSX.platform/Developer/SDKs/MacOSX26.1.sdk/usr/include/dlfcn.h
/Applications/Xcode.app/Contents/Developer/Platforms/MacOSX.platform/Developer/SDKs/MacOSX26.1.sdk/usr/include/fcntl.h
/Applications/Xcode.app/Contents/Developer/Platforms/MacOSX.platform/Developer/SDKs/MacOSX26.1.sdk/usr/include/sys/fcntl.h
/Applications/Xcode.app/Contents/Developer/Platforms/MacOSX.platform/Developer/SDKs/MacOSX26.1.sdk/usr/include/sys/_types/_s_ifmt.h
/Applications/Xcode.app/Contents/Developer/Platforms/MacOSX.platform/Developer/SDKs/MacOSX26.1.sdk/usr/include/sys/_types/_filesec_t.h
/Applications/Xcode.app/Contents/Developer/Platforms/MacOSX.platform/Developer/SDKs/MacOSX26.1.sdk/usr/include/fmtmsg.h
/Applications/Xcode.app/Contents/Developer/Platforms/MacOSX.platform/Developer/SDKs/MacOSX26.1.sdk/usr/include/fnmatch.h
/Applications/Xcode.app/Contents/Developer/Platforms/MacOSX.platform/Developer/SDKs/MacOSX26.1.sdk/usr/include/ftw.h
/Applications/Xcode.app/Contents/Developer/Platforms/MacOSX.platform/Developer/SDKs/MacOSX26.1.sdk/usr/include/sys/stat.h
/Applications/Xcode.app/Contents/Developer/Platforms/MacOSX.platform/Developer/SDKs/MacOSX26.1.sdk/usr/include/glob.h
/Applications/Xcode.app/Contents/Developer/Platforms/MacOSX.platform/Developer/SDKs/MacOSX26.1.sdk/usr/include/grp.h
/Applications/Xcode.app/Contents/Developer/Platforms/MacOSX.platform/Developer/SDKs/MacOSX26.1.sdk/usr/include/iconv.h
/Applications/Xcode.app/Contents/Developer/Platforms/MacOSX.platform/Developer/SDKs/MacOSX26.1.sdk/usr/include/ifaddrs.h
/Applications/Xcode.app/Contents/Developer/Platforms/MacOSX.platform/Developer/SDKs/MacOSX26.1.sdk/usr/include/sys/ioctl.h
/Applications/Xcode.app/Contents/Developer/Platforms/MacOSX.platform/Developer/SDKs/MacOSX26.1.sdk/usr/include/sys/filio.h
/Applications/Xcode.app/Contents/Developer/Platforms/MacOSX.platform/Developer/SDKs/MacOSX26.1.sdk/usr/include/sys/sockio.h
/Applications/Xcode.app/Contents/Developer/Platforms/MacOSX.platform/Developer/SDKs/MacOSX26.1.sdk/usr/include/net/if.h
/Applications/Xcode.app/Contents/Developer/Platforms/MacOSX.platform/Developer/SDKs/MacOSX26.1.sdk/usr/include/net/if_var.h
/Applications/Xcode.app/Contents/Developer/Platforms/MacOSX.platform/Developer/SDKs/MacOSX26.1.sdk/usr/include/sys/time.h
/Applications/Xcode.app/Contents/Developer/Platforms/MacOSX.platform/Developer/SDKs/MacOSX26.1.sdk/usr/include/sys/_types/_timeval64.h
/Applications/Xcode.app/Contents/Developer/Platforms/MacOSX.platform/Developer/SDKs/MacOSX26.1.sdk/usr/include/sys/_types/_timeval32.h
/Applications/Xcode.app/Contents/Developer/Platforms/MacOSX.platform/Developer/SDKs/MacOSX26.1.sdk/usr/include/_langinfo.h
/Applications/Xcode.app/Contents/Developer/Platforms/MacOSX.platform/Developer/SDKs/MacOSX26.1.sdk/usr/include/xlocale/_langinfo.h
/Applications/Xcode.app/Contents/Developer/Platforms/MacOSX.platform/Developer/SDKs/MacOSX26.1.sdk/usr/include/libgen.h
/Applications/Xcode.app/Contents/Developer/Platforms/MacOSX.platform/Developer/SDKs/MacOSX26.1.sdk/usr/include/_monetary.h
/Applications/Xcode.app/Contents/Developer/Platforms/MacOSX.platform/Developer/SDKs/MacOSX26.1.sdk/usr/include/xlocale/_monetary.h
/Applications/Xcode.app/Contents/Developer/Platforms/MacOSX.platform/Developer/SDKs/MacOSX26.1.sdk/usr/include/ndbm.h
/Applications/Xcode.app/Contents/Developer/Platforms/MacOSX.platform/Developer/SDKs/MacOSX26.1.sdk/usr/include/netdb.h
/Applications/Xcode.app/Contents/Developer/Platforms/MacOSX.platform/Developer/SDKs/MacOSX26.1.sdk/usr/include/net/if_dl.h
/Applications/Xcode.app/Contents/Developer/Platforms/MacOSX.platform/Developer/SDKs/MacOSX26.1.sdk/usr/include/net/if_types.h
/Applications/Xcode.app/Contents/Developer/Platforms/MacOSX.platform/Developer/SDKs/MacOSX26.1.sdk/usr/include/netinet/tcp.h
/Applications/Xcode.app/Contents/Developer/Platforms/MacOSX.platform/Developer/SDKs/MacOSX26.1.sdk/usr/include/poll.h
/Applications/Xcode.app/Contents/Developer/Platforms/MacOSX.platform/Developer/SDKs/MacOSX26.1.sdk/usr/include/sys/poll.h
/Applications/Xcode.app/Contents/Developer/Platforms/MacOSX.platform/Developer/SDKs/MacOSX26.1.sdk/usr/include/pthread/spawn.h
/Applications/Xcode.app/Contents/Developer/Platforms/MacOSX.platform/Developer/SDKs/MacOSX26.1.sdk/usr/include/spawn.h
/Applications/Xcode.app/Contents/Developer/Platforms/MacOSX.platform/Developer/SDKs/MacOSX26.1.sdk/usr/include/sys/spawn.h
/Applications/Xcode.app/Contents/Developer/Platforms/MacOSX.platform/Developer/SDKs/MacOSX26.1.sdk/usr/include/mach/exception_types.h
/Applications/Xcode.app/Contents/Developer/Platforms/MacOSX.platform/Developer/SDKs/MacOSX26.1.sdk/usr/include/mach/machine/exception.h
/Applications/Xcode.app/Contents/Developer/Platforms/MacOSX.platform/Developer/SDKs/MacOSX26.1.sdk/usr/include/mach/arm/exception.h
/Applications/Xcode.app/Contents/Developer/Platforms/MacOSX.platform/Developer/SDKs/MacOSX26.1.sdk/usr/include/mach/port.h
/Applications/Xcode.app/Contents/Developer/Platforms/MacOSX.platform/Developer/SDKs/MacOSX26.1.sdk/usr/include/mach/boolean.h
/Applications/Xcode.app/Contents/Developer/Platforms/MacOSX.platform/Developer/SDKs/MacOSX26.1.sdk/usr/include/mach/machine/boolean.h
/Applications/Xcode.app/Contents/Developer/Platforms/MacOSX.platform/Developer/SDKs/MacOSX26.1.sdk/usr/include/mach/arm/boolean.h
/Applications/Xcode.app/Contents/Developer/Platforms/MacOSX.platform/Developer/SDKs/MacOSX26.1.sdk/usr/include/mach/machine/vm_types.h
/Applications/Xcode.app/Contents/Developer/Platforms/MacOSX.platform/Developer/SDKs/MacOSX26.1.sdk/usr/include/mach/arm/vm_types.h
/Applications/Xcode.app/Contents/Developer/Platforms/MacOSX.platform/Developer/SDKs/MacOSX26.1.sdk/usr/include/mach/thread_status.h
/Applications/Xcode.app/Contents/Developer/Platforms/MacOSX.platform/Developer/SDKs/MacOSX26.1.sdk/usr/include/mach/machine/thread_status.h
/Applications/Xcode.app/Contents/Developer/Platforms/MacOSX.platform/Developer/SDKs/MacOSX26.1.sdk/usr/include/mach/arm/thread_status.h
/Applications/Xcode.app/Contents/Developer/Platforms/MacOSX.platform/Developer/SDKs/MacOSX26.1.sdk/usr/include/mach/machine/thread_state.h
/Applications/Xcode.app/Contents/Developer/Platforms/MacOSX.platform/Developer/SDKs/MacOSX26.1.sdk/usr/include/mach/arm/thread_state.h
/Applications/Xcode.app/Contents/Developer/Platforms/MacOSX.platform/Developer/SDKs/MacOSX26.1.sdk/usr/include/mach/message.h
/Applications/Xcode.app/Contents/Developer/Platforms/MacOSX.platform/Developer/SDKs/MacOSX26.1.sdk/usr/include/mach/kern_return.h
/Applications/Xcode.app/Contents/Developer/Platforms/MacOSX.platform/Developer/SDKs/MacOSX26.1.sdk/usr/include/mach/machine/kern_return.h
/Applications/Xcode.app/Contents/Developer/Platforms/MacOSX.platform/Developer/SDKs/MacOSX26.1.sdk/usr/include/mach/arm/kern_return.h
/Applications/Xcode.app/Contents/Developer/Platforms/MacOSX.platform/Developer/SDKs/MacOSX26.1.sdk/usr/include/mach/vm_types.h
/Applications/Xcode.app/Contents/Developer/Platforms/MacOSX.platform/Developer/SDKs/MacOSX26.1.sdk/usr/include/mach_debug/ipc_info.h
/Applications/Xcode.app/Contents/Developer/Platforms/MacOSX.platform/Developer/SDKs/MacOSX26.1.sdk/usr/include/mach/machine.h
/Applications/Xcode.app/Contents/Developer/Platforms/MacOSX.platform/Developer/SDKs/MacOSX26.1.sdk/usr/include/pthread/pthread_spis.h
/Applications/Xcode.app/Contents/Developer/Platforms/MacOSX.platform/Developer/SDKs/MacOSX26.1.sdk/usr/include/_modules/_darwin_posix_pthread_pthread.h
/Applications/Xcode.app/Contents/Developer/Platforms/MacOSX.platform/Developer/SDKs/MacOSX26.1.sdk/usr/include/_regex.h
/Applications/Xcode.app/Contents/Developer/Platforms/MacOSX.platform/Developer/SDKs/MacOSX26.1.sdk/usr/include/xlocale/_regex.h
/Applications/Xcode.app/Contents/Developer/Platforms/MacOSX.platform/Developer/SDKs/MacOSX26.1.sdk/usr/include/search.h
/Applications/Xcode.app/Contents/Developer/Platforms/MacOSX.platform/Developer/SDKs/MacOSX26.1.sdk/usr/include/semaphore.h
/Applications/Xcode.app/Contents/Developer/Platforms/MacOSX.platform/Developer/SDKs/MacOSX26.1.sdk/usr/include/sys/semaphore.h
/Applications/Xcode.app/Contents/Developer/Platforms/MacOSX.platform/Developer/SDKs/MacOSX26.1.sdk/usr/include/sys/posix_sem.h
/Applications/Xcode.app/Contents/Developer/Platforms/MacOSX.platform/Developer/SDKs/MacOSX26.1.sdk/usr/include/sys/proc.h
/Applications/Xcode.app/Contents/Developer/Platforms/MacOSX.platform/Developer/SDKs/MacOSX26.1.sdk/usr/include/sys/queue.h
/Applications/Xcode.app/Contents/Developer/Platforms/MacOSX.platform/Developer/SDKs/MacOSX26.1.sdk/usr/include/sys/lock.h
/Applications/Xcode.app/Contents/Developer/Platforms/MacOSX.platform/Developer/SDKs/MacOSX26.1.sdk/usr/include/sys/param.h
/Applications/Xcode.app/Contents/Developer/Platforms/MacOSX.platform/Developer/SDKs/MacOSX26.1.sdk/usr/include/machine/param.h
/Applications/Xcode.app/Contents/Developer/Platforms/MacOSX.platform/Developer/SDKs/MacOSX26.1.sdk/usr/include/arm/param.h
/Applications/Xcode.app/Contents/Developer/Platforms/MacOSX.platform/Developer/SDKs/MacOSX26.1.sdk/usr/include/sys/event.h
/Applications/Xcode.app/Contents/Developer/Platforms/MacOSX.platform/Developer/SDKs/MacOSX26.1.sdk/usr/include/strings.h
/Applications/Xcode.app/Contents/Developer/Platforms/MacOSX.platform/Developer/SDKs/MacOSX26.1.sdk/usr/include/sys/ipc.h
/Applications/Xcode.app/Contents/Developer/Platforms/MacOSX.platform/Developer/SDKs/MacOSX26.1.sdk/usr/include/sys/mman.h
/Applications/Xcode.app/Contents/Developer/Platforms/MacOSX.platform/Developer/SDKs/MacOSX26.1.sdk/usr/include/sys/msg.h
/Applications/Xcode.app/Contents/Developer/Platforms/MacOSX.platform/Developer/SDKs/MacOSX26.1.sdk/usr/include/sys/sem.h
/Applications/Xcode.app/Contents/Developer/Platforms/MacOSX.platform/Developer/SDKs/MacOSX26.1.sdk/usr/include/sys/shm.h
/Applications/Xcode.app/Contents/Developer/Platforms/MacOSX.platform/Developer/SDKs/MacOSX26.1.sdk/usr/include/sys/posix_shm.h
/Applications/Xcode.app/Contents/Developer/Platforms/MacOSX.platform/Developer/SDKs/MacOSX26.1.sdk/usr/include/sys/statvfs.h
/Applications/Xcode.app/Contents/Developer/Platforms/MacOSX.platform/Developer/SDKs/MacOSX26.1.sdk/usr/include/sys/times.h
/Applications/Xcode.app/Contents/Developer/Platforms/MacOSX.platform/Developer/SDKs/MacOSX26.1.sdk/usr/include/sys/_types/_fsid_t.h
/Applications/Xcode.app/Contents/Developer/Platforms/MacOSX.platform/Developer/SDKs/MacOSX26.1.sdk/usr/include/sys/_types/_fsobj_id_t.h
/Applications/Xcode.app/Contents/Developer/Platforms/MacOSX.platform/Developer/SDKs/MacOSX26.1.sdk/usr/include/sys/_types/_graftdmg_un.h
/Applications/Xcode.app/Contents/Developer/Platforms/MacOSX.platform/Developer/SDKs/MacOSX26.1.sdk/usr/include/sys/_types/_guid_t.h
/Applications/Xcode.app/Contents/Developer/Platforms/MacOSX.platform/Developer/SDKs/MacOSX26.1.sdk/usr/include/sys/_types/_mount_t.h
/Applications/Xcode.app/Contents/Developer/Platforms/MacOSX.platform/Developer/SDKs/MacOSX26.1.sdk/usr/include/sys/_types/_os_inline.h
/Applications/Xcode.app/Contents/Developer/Platforms/MacOSX.platform/Developer/SDKs/MacOSX26.1.sdk/usr/include/sys/_types/_ucontext64.h
/Applications/Xcode.app/Contents/Developer/Platforms/MacOSX.platform/Developer/SDKs/MacOSX26.1.sdk/usr/include/sys/_types/_vnode_t.h
/Applications/Xcode.app/Contents/Developer/Platforms/MacOSX.platform/Developer/SDKs/MacOSX26.1.sdk/usr/include/sys/uio.h
/Applications/Xcode.app/Contents/Developer/Platforms/MacOSX.platform/Developer/SDKs/MacOSX26.1.sdk/usr/include/sys/un.h
/Applications/Xcode.app/Contents/Developer/Platforms/MacOSX.platform/Developer/SDKs/MacOSX26.1.sdk/usr/include/sys/utsname.h
/Applications/Xcode.app/Contents/Developer/Platforms/MacOSX.platform/Developer/SDKs/MacOSX26.1.sdk/usr/include/sys/vsock.h
/Applications/Xcode.app/Contents/Developer/Platforms/MacOSX.platform/Developer/SDKs/MacOSX26.1.sdk/usr/include/sys/ucred.h
/Applications/Xcode.app/Contents/Developer/Platforms/MacOSX.platform/Developer/SDKs/MacOSX26.1.sdk/usr/include/bsm/audit.h
/Applications/Xcode.app/Contents/Developer/Platforms/MacOSX.platform/Developer/SDKs/MacOSX26.1.sdk/usr/include/sys/socketvar.h
/Applications/Xcode.app/Contents/Developer/Platforms/MacOSX.platform/Developer/SDKs/MacOSX26.1.sdk/usr/include/sys/xattr.h
/Applications/Xcode.app/Contents/Developer/Platforms/MacOSX.platform/Developer/SDKs/MacOSX26.1.sdk/usr/include/_modules/_darwin_posix_sys_resource.h
/Applications/Xcode.app/Contents/Developer/Platforms/MacOSX.platform/Developer/SDKs/MacOSX26.1.sdk/usr/include/_modules/_darwin_posix_sys_select.h
/Applications/Xcode.app/Contents/Developer/Platforms/MacOSX.platform/Developer/SDKs/MacOSX26.1.sdk/usr/include/_modules/_darwin_posix_sys_wait.h
/Applications/Xcode.app/Contents/Developer/Platforms/MacOSX.platform/Developer/SDKs/MacOSX26.1.sdk/usr/include/syslog.h
/Applications/Xcode.app/Contents/Developer/Platforms/MacOSX.platform/Developer/SDKs/MacOSX26.1.sdk/usr/include/sys/syslog.h
/Applications/Xcode.app/Contents/Developer/Platforms/MacOSX.platform/Developer/SDKs/MacOSX26.1.sdk/usr/include/tar.h
/Applications/Xcode.app/Contents/Developer/Platforms/MacOSX.platform/Developer/SDKs/MacOSX26.1.sdk/usr/include/ulimit.h
/Applications/Xcode.app/Contents/Developer/Platforms/MacOSX.platform/Developer/SDKs/MacOSX26.1.sdk/usr/include/utime.h
/Applications/Xcode.app/Contents/Developer/Platforms/MacOSX.platform/Developer/SDKs/MacOSX26.1.sdk/usr/include/utmpx.h
/Applications/Xcode.app/Contents/Developer/Platforms/MacOSX.platform/Developer/SDKs/MacOSX26.1.sdk/usr/include/wordexp.h
/Applications/Xcode.app/Contents/Developer/Platforms/MacOSX.platform/Developer/SDKs/MacOSX26.1.sdk/usr/include/_modules/_darwin_posix_nl_types.h
/Applications/Xcode.app/Contents/Developer/Platforms/MacOSX.platform/Developer/SDKs/MacOSX26.1.sdk/usr/include/_modules/_darwin_posix_sched.h
/Applications/Xcode.app/Contents/Developer/Platforms/MacOSX.platform/Developer/SDKs/MacOSX26.1.sdk/usr/include/_modules/_darwin_posix_unistd.h
/Applications/Xcode.app/Contents/Developer/Platforms/MacOSX.platform/Developer/SDKs/MacOSX26.1.sdk/usr/include/net/bpf.h
/Applications/Xcode.app/Contents/Developer/Platforms/MacOSX.platform/Developer/SDKs/MacOSX26.1.sdk/usr/include/net/dlil.h
/Applications/Xcode.app/Contents/Developer/Platforms/MacOSX.platform/Developer/SDKs/MacOSX26.1.sdk/usr/include/net/ethernet.h
/Applications/Xcode.app/Contents/Developer/Platforms/MacOSX.platform/Developer/SDKs/MacOSX26.1.sdk/usr/include/net/if_arp.h
/Applications/Xcode.app/Contents/Developer/Platforms/MacOSX.platform/Developer/SDKs/MacOSX26.1.sdk/usr/include/net/if_llc.h
/Applications/Xcode.app/Contents/Developer/Platforms/MacOSX.platform/Developer/SDKs/MacOSX26.1.sdk/usr/include/net/if_media.h
/Applications/Xcode.app/Contents/Developer/Platforms/MacOSX.platform/Developer/SDKs/MacOSX26.1.sdk/usr/include/net/if_mib.h
/Applications/Xcode.app/Contents/Developer/Platforms/MacOSX.platform/Developer/SDKs/MacOSX26.1.sdk/usr/include/net/if_utun.h
/Applications/Xcode.app/Contents/Developer/Platforms/MacOSX.platform/Developer/SDKs/MacOSX26.1.sdk/usr/include/net/if_var_status.h
/Applications/Xcode.app/Contents/Developer/Platforms/MacOSX.platform/Developer/SDKs/MacOSX26.1.sdk/usr/include/net/kext_net.h
/Applications/Xcode.app/Contents/Developer/Platforms/MacOSX.platform/Developer/SDKs/MacOSX26.1.sdk/usr/include/net/ndrv.h
/Applications/Xcode.app/Contents/Developer/Platforms/MacOSX.platform/Developer/SDKs/MacOSX26.1.sdk/usr/include/net/pfkeyv2.h
/Applications/Xcode.app/Contents/Developer/Platforms/MacOSX.platform/Developer/SDKs/MacOSX26.1.sdk/usr/include/net/route.h
/Applications/Xcode.app/Contents/Developer/Platforms/MacOSX.platform/Developer/SDKs/MacOSX26.1.sdk/usr/include/netinet/bootp.h
/Applications/Xcode.app/Contents/Developer/Platforms/MacOSX.platform/Developer/SDKs/MacOSX26.1.sdk/usr/include/netinet/ip.h
/Applications/Xcode.app/Contents/Developer/Platforms/MacOSX.platform/Developer/SDKs/MacOSX26.1.sdk/usr/include/netinet/in_systm.h
/Applications/Xcode.app/Contents/Developer/Platforms/MacOSX.platform/Developer/SDKs/MacOSX26.1.sdk/usr/include/netinet/udp.h
/Applications/Xcode.app/Contents/Developer/Platforms/MacOSX.platform/Developer/SDKs/MacOSX26.1.sdk/usr/include/netinet/icmp6.h
/Applications/Xcode.app/Contents/Developer/Platforms/MacOSX.platform/Developer/SDKs/MacOSX26.1.sdk/usr/include/netinet/icmp_var.h
/Applications/Xcode.app/Contents/Developer/Platforms/MacOSX.platform/Developer/SDKs/MacOSX26.1.sdk/usr/include/netinet/ip_icmp.h
/Applications/Xcode.app/Contents/Developer/Platforms/MacOSX.platform/Developer/SDKs/MacOSX26.1.sdk/usr/include/netinet/if_ether.h
/Applications/Xcode.app/Contents/Developer/Platforms/MacOSX.platform/Developer/SDKs/MacOSX26.1.sdk/usr/include/netinet/igmp.h
/Applications/Xcode.app/Contents/Developer/Platforms/MacOSX.platform/Developer/SDKs/MacOSX26.1.sdk/usr/include/netinet/igmp_var.h
/Applications/Xcode.app/Contents/Developer/Platforms/MacOSX.platform/Developer/SDKs/MacOSX26.1.sdk/usr/include/netinet/in_pcb.h
/Applications/Xcode.app/Contents/Developer/Platforms/MacOSX.platform/Developer/SDKs/MacOSX26.1.sdk/usr/include/netinet/in_var.h
/Applications/Xcode.app/Contents/Developer/Platforms/MacOSX.platform/Developer/SDKs/MacOSX26.1.sdk/usr/include/sys/protosw.h
/Applications/Xcode.app/Contents/Developer/Platforms/MacOSX.platform/Developer/SDKs/MacOSX26.1.sdk/usr/include/sys/kern_event.h
/Applications/Xcode.app/Contents/Developer/Platforms/MacOSX.platform/Developer/SDKs/MacOSX26.1.sdk/usr/include/sys/sys_domain.h
/Applications/Xcode.app/Contents/Developer/Platforms/MacOSX.platform/Developer/SDKs/MacOSX26.1.sdk/usr/include/netinet6/in6_var.h
/Applications/Xcode.app/Contents/Developer/Platforms/MacOSX.platform/Developer/SDKs/MacOSX26.1.sdk/usr/include/netinet6/scope6_var.h
/Applications/Xcode.app/Contents/Developer/Platforms/MacOSX.platform/Developer/SDKs/MacOSX26.1.sdk/usr/include/netinet/ip6.h
/Applications/Xcode.app/Contents/Developer/Platforms/MacOSX.platform/Developer/SDKs/MacOSX26.1.sdk/usr/include/netinet/ip_var.h
/Applications/Xcode.app/Contents/Developer/Platforms/MacOSX.platform/Developer/SDKs/MacOSX26.1.sdk/usr/include/netinet/tcp_fsm.h
/Applications/Xcode.app/Contents/Developer/Platforms/MacOSX.platform/Developer/SDKs/MacOSX26.1.sdk/usr/include/netinet/tcp_seq.h
/Applications/Xcode.app/Contents/Developer/Platforms/MacOSX.platform/Developer/SDKs/MacOSX26.1.sdk/usr/include/netinet/tcp_timer.h
/Applications/Xcode.app/Contents/Developer/Platforms/MacOSX.platform/Developer/SDKs/MacOSX26.1.sdk/usr/include/netinet/tcp_var.h
/Applications/Xcode.app/Contents/Developer/Platforms/MacOSX.platform/Developer/SDKs/MacOSX26.1.sdk/usr/include/netinet/tcpip.h
/Applications/Xcode.app/Contents/Developer/Platforms/MacOSX.platform/Developer/SDKs/MacOSX26.1.sdk/usr/include/netinet/udp_var.h
/Applications/Xcode.app/Contents/Developer/Platforms/MacOSX.platform/Developer/SDKs/MacOSX26.1.sdk/usr/include/sys/sysctl.h
/Applications/Xcode.app/Contents/Developer/Platforms/MacOSX.platform/Developer/SDKs/MacOSX26.1.sdk/usr/include/sys/vm.h
/Applications/Xcode.app/Contents/Developer/Platforms/MacOSX.platform/Developer/SDKs/MacOSX26.1.sdk/usr/include/ar.h
/Applications/Xcode.app/Contents/Developer/Platforms/MacOSX.platform/Developer/SDKs/MacOSX26.1.sdk/usr/include/bank/bank_types.h
/Applications/Xcode.app/Contents/Developer/Platforms/MacOSX.platform/Developer/SDKs/MacOSX26.1.sdk/usr/include/os/base.h
/Applications/Xcode.app/Contents/Developer/Platforms/MacOSX.platform/Developer/SDKs/MacOSX26.1.sdk/usr/include/mach/mach_types.h
/Applications/Xcode.app/Contents/Developer/Platforms/MacOSX.platform/Developer/SDKs/MacOSX26.1.sdk/usr/include/mach/host_info.h
/Applications/Xcode.app/Contents/Developer/Platforms/MacOSX.platform/Developer/SDKs/MacOSX26.1.sdk/usr/include/mach/vm_statistics.h
/Applications/Xcode.app/Contents/Developer/Platforms/MacOSX.platform/Developer/SDKs/MacOSX26.1.sdk/usr/include/mach/time_value.h
/Applications/Xcode.app/Contents/Developer/Platforms/MacOSX.platform/Developer/SDKs/MacOSX26.1.sdk/usr/include/mach/host_notify.h
/Applications/Xcode.app/Contents/Developer/Platforms/MacOSX.platform/Developer/SDKs/MacOSX26.1.sdk/usr/include/mach/host_special_ports.h
/Applications/Xcode.app/Contents/Developer/Platforms/MacOSX.platform/Developer/SDKs/MacOSX26.1.sdk/usr/include/mach/memory_object_types.h
/Applications/Xcode.app/Contents/Developer/Platforms/MacOSX.platform/Developer/SDKs/MacOSX26.1.sdk/usr/include/mach/vm_prot.h
/Applications/Xcode.app/Contents/Developer/Platforms/MacOSX.platform/Developer/SDKs/MacOSX26.1.sdk/usr/include/mach/vm_sync.h
/Applications/Xcode.app/Contents/Developer/Platforms/MacOSX.platform/Developer/SDKs/MacOSX26.1.sdk/usr/include/mach/mach_voucher_types.h
/Applications/Xcode.app/Contents/Developer/Platforms/MacOSX.platform/Developer/SDKs/MacOSX26.1.sdk/usr/include/mach/std_types.h
/Applications/Xcode.app/Contents/Developer/Platforms/MacOSX.platform/Developer/SDKs/MacOSX26.1.sdk/usr/include/mach/processor_info.h
/Applications/Xcode.app/Contents/Developer/Platforms/MacOSX.platform/Developer/SDKs/MacOSX26.1.sdk/usr/include/mach/machine/processor_info.h
/Applications/Xcode.app/Contents/Developer/Platforms/MacOSX.platform/Developer/SDKs/MacOSX26.1.sdk/usr/include/mach/arm/processor_info.h
/Applications/Xcode.app/Contents/Developer/Platforms/MacOSX.platform/Developer/SDKs/MacOSX26.1.sdk/usr/include/mach/task_info.h
/Applications/Xcode.app/Contents/Developer/Platforms/MacOSX.platform/Developer/SDKs/MacOSX26.1.sdk/usr/include/mach/policy.h
/Applications/Xcode.app/Contents/Developer/Platforms/MacOSX.platform/Developer/SDKs/MacOSX26.1.sdk/usr/include/mach/task_inspect.h
/Applications/Xcode.app/Contents/Developer/Platforms/MacOSX.platform/Developer/SDKs/MacOSX26.1.sdk/usr/include/mach/task_policy.h
/Applications/Xcode.app/Contents/Developer/Platforms/MacOSX.platform/Developer/SDKs/MacOSX26.1.sdk/usr/include/mach/task_special_ports.h
/Applications/Xcode.app/Contents/Developer/Platforms/MacOSX.platform/Developer/SDKs/MacOSX26.1.sdk/usr/include/mach/thread_info.h
/Applications/Xcode.app/Contents/Developer/Platforms/MacOSX.platform/Developer/SDKs/MacOSX26.1.sdk/usr/include/mach/thread_policy.h
/Applications/Xcode.app/Contents/Developer/Platforms/MacOSX.platform/Developer/SDKs/MacOSX26.1.sdk/usr/include/mach/thread_special_ports.h
/Applications/Xcode.app/Contents/Developer/Platforms/MacOSX.platform/Developer/SDKs/MacOSX26.1.sdk/usr/include/mach/clock_types.h
/Applications/Xcode.app/Contents/Developer/Platforms/MacOSX.platform/Developer/SDKs/MacOSX26.1.sdk/usr/include/mach/vm_attributes.h
/Applications/Xcode.app/Contents/Developer/Platforms/MacOSX.platform/Developer/SDKs/MacOSX26.1.sdk/usr/include/mach/vm_inherit.h
/Applications/Xcode.app/Contents/Developer/Platforms/MacOSX.platform/Developer/SDKs/MacOSX26.1.sdk/usr/include/mach/vm_purgable.h
/Applications/Xcode.app/Contents/Developer/Platforms/MacOSX.platform/Developer/SDKs/MacOSX26.1.sdk/usr/include/mach/vm_behavior.h
/Applications/Xcode.app/Contents/Developer/Platforms/MacOSX.platform/Developer/SDKs/MacOSX26.1.sdk/usr/include/mach/vm_region.h
/Applications/Xcode.app/Contents/Developer/Platforms/MacOSX.platform/Developer/SDKs/MacOSX26.1.sdk/usr/include/mach/machine/vm_param.h
/Applications/Xcode.app/Contents/Developer/Platforms/MacOSX.platform/Developer/SDKs/MacOSX26.1.sdk/usr/include/mach/arm/vm_param.h
/Applications/Xcode.app/Contents/Developer/Platforms/MacOSX.platform/Developer/SDKs/MacOSX26.1.sdk/usr/include/mach/vm_page_size.h
/Applications/Xcode.app/Contents/Developer/Platforms/MacOSX.platform/Developer/SDKs/MacOSX26.1.sdk/usr/include/mach/kmod.h
/Applications/Xcode.app/Contents/Developer/Platforms/MacOSX.platform/Developer/SDKs/MacOSX26.1.sdk/usr/include/mach/dyld_kernel.h
/Applications/Xcode.app/Contents/Developer/Platforms/MacOSX.platform/Developer/SDKs/MacOSX26.1.sdk/usr/include/ConditionalMacros.h
/Applications/Xcode.app/Contents/Developer/Platforms/MacOSX.platform/Developer/SDKs/MacOSX26.1.sdk/usr/include/crt_externs.h
/Applications/Xcode.app/Contents/Developer/Platforms/MacOSX.platform/Developer/SDKs/MacOSX26.1.sdk/usr/include/fts.h
/Applications/Xcode.app/Contents/Developer/Platforms/MacOSX.platform/Developer/SDKs/MacOSX26.1.sdk/usr/include/getopt.h
/Applications/Xcode.app/Contents/Developer/Platforms/MacOSX.platform/Developer/SDKs/MacOSX26.1.sdk/usr/include/AssertMacros.h
/Applications/Xcode.app/Contents/Developer/Platforms/MacOSX.platform/Developer/SDKs/MacOSX26.1.sdk/usr/include/MacTypes.h
/Applications/Xcode.app/Contents/Developer/Platforms/MacOSX.platform/Developer/SDKs/MacOSX26.1.sdk/usr/include/mach/mach.h
/Applications/Xcode.app/Contents/Developer/Platforms/MacOSX.platform/Developer/SDKs/MacOSX26.1.sdk/usr/include/mach/mach_interface.h
/Applications/Xcode.app/Contents/Developer/Platforms/MacOSX.platform/Developer/SDKs/MacOSX26.1.sdk/usr/include/mach/clock_priv.h
/Applications/Xcode.app/Contents/Developer/Platforms/MacOSX.platform/Developer/SDKs/MacOSX26.1.sdk/usr/include/mach/ndr.h
/Applications/Xcode.app/Contents/Developer/Platforms/MacOSX.platform/Developer/SDKs/MacOSX26.1.sdk/usr/include/libkern/OSByteOrder.h
/Applications/Xcode.app/Contents/Developer/Platforms/MacOSX.platform/Developer/SDKs/MacOSX26.1.sdk/usr/include/libkern/arm/OSByteOrder.h
/Applications/Xcode.app/Contents/Developer/Platforms/MacOSX.platform/Developer/SDKs/MacOSX26.1.sdk/usr/include/arm/arch.h
/Applications/Xcode.app/Contents/Developer/Platforms/MacOSX.platform/Developer/SDKs/MacOSX26.1.sdk/usr/include/mach/notify.h
/Applications/Xcode.app/Contents/Developer/Platforms/MacOSX.platform/Developer/SDKs/MacOSX26.1.sdk/usr/include/mach/mig_errors.h
/Applications/Xcode.app/Contents/Developer/Platforms/MacOSX.platform/Developer/SDKs/MacOSX26.1.sdk/usr/include/mach/mig.h
/Applications/Xcode.app/Contents/Developer/Platforms/MacOSX.platform/Developer/SDKs/MacOSX26.1.sdk/usr/include/mach/host_priv.h
/Applications/Xcode.app/Contents/Developer/Platforms/MacOSX.platform/Developer/SDKs/MacOSX26.1.sdk/usr/include/mach_debug/mach_debug_types.h
/Applications/Xcode.app/Contents/Developer/Platforms/MacOSX.platform/Developer/SDKs/MacOSX26.1.sdk/usr/include/mach_debug/vm_info.h
/Applications/Xcode.app/Contents/Developer/Platforms/MacOSX.platform/Developer/SDKs/MacOSX26.1.sdk/usr/include/mach_debug/zone_info.h
/Applications/Xcode.app/Contents/Developer/Platforms/MacOSX.platform/Developer/SDKs/MacOSX26.1.sdk/usr/include/mach_debug/page_info.h
/Applications/Xcode.app/Contents/Developer/Platforms/MacOSX.platform/Developer/SDKs/MacOSX26.1.sdk/usr/include/mach_debug/hash_info.h
/Applications/Xcode.app/Contents/Developer/Platforms/MacOSX.platform/Developer/SDKs/MacOSX26.1.sdk/usr/include/mach_debug/lockgroup_info.h
/Applications/Xcode.app/Contents/Developer/Platforms/MacOSX.platform/Developer/SDKs/MacOSX26.1.sdk/usr/include/mach/host_security.h
/Applications/Xcode.app/Contents/Developer/Platforms/MacOSX.platform/Developer/SDKs/MacOSX26.1.sdk/usr/include/mach/processor.h
/Applications/Xcode.app/Contents/Developer/Platforms/MacOSX.platform/Developer/SDKs/MacOSX26.1.sdk/usr/include/mach/processor_set.h
/Applications/Xcode.app/Contents/Developer/Platforms/MacOSX.platform/Developer/SDKs/MacOSX26.1.sdk/usr/include/mach/semaphore.h
/Applications/Xcode.app/Contents/Developer/Platforms/MacOSX.platform/Developer/SDKs/MacOSX26.1.sdk/usr/include/mach/sync_policy.h
/Applications/Xcode.app/Contents/Developer/Platforms/MacOSX.platform/Developer/SDKs/MacOSX26.1.sdk/usr/include/mach/task.h
/Applications/Xcode.app/Contents/Developer/Platforms/MacOSX.platform/Developer/SDKs/MacOSX26.1.sdk/usr/include/mach/thread_act.h
/Applications/Xcode.app/Contents/Developer/Platforms/MacOSX.platform/Developer/SDKs/MacOSX26.1.sdk/usr/include/mach/vm_map.h
/Applications/Xcode.app/Contents/Developer/Platforms/MacOSX.platform/Developer/SDKs/MacOSX26.1.sdk/usr/include/mach/mach_port.h
/Applications/Xcode.app/Contents/Developer/Platforms/MacOSX.platform/Developer/SDKs/MacOSX26.1.sdk/usr/include/mach/mach_init.h
/Applications/Xcode.app/Contents/Developer/Platforms/MacOSX.platform/Developer/SDKs/MacOSX26.1.sdk/usr/include/mach/mach_traps.h
/Applications/Xcode.app/Contents/Developer/Platforms/MacOSX.platform/Developer/SDKs/MacOSX26.1.sdk/usr/include/mach/error.h
/Applications/Xcode.app/Contents/Developer/Platforms/MacOSX.platform/Developer/SDKs/MacOSX26.1.sdk/usr/include/mach/mach_host.h
/Applications/Xcode.app/Contents/Developer/Platforms/MacOSX.platform/Developer/SDKs/MacOSX26.1.sdk/usr/include/mach/thread_switch.h
/Applications/Xcode.app/Contents/Developer/Platforms/MacOSX.platform/Developer/SDKs/MacOSX26.1.sdk/usr/include/mach/rpc.h
/Applications/Xcode.app/Contents/Developer/Platforms/MacOSX.platform/Developer/SDKs/MacOSX26.1.sdk/usr/include/mach/machine/rpc.h
/Applications/Xcode.app/Contents/Developer/Platforms/MacOSX.platform/Developer/SDKs/MacOSX26.1.sdk/usr/include/mach/arm/rpc.h
/Applications/Xcode.app/Contents/Developer/Platforms/MacOSX.platform/Developer/SDKs/MacOSX26.1.sdk/usr/include/mach/mach_error.h
/Applications/Xcode.app/Contents/Developer/Platforms/MacOSX.platform/Developer/SDKs/MacOSX26.1.sdk/usr/include/mach/audit_triggers_types.h
/Applications/Xcode.app/Contents/Developer/Platforms/MacOSX.platform/Developer/SDKs/MacOSX26.1.sdk/usr/include/mach/bootstrap.h
/Applications/Xcode.app/Contents/Developer/Platforms/MacOSX.platform/Developer/SDKs/MacOSX26.1.sdk/usr/include/mach/clock.h
/Applications/Xcode.app/Contents/Developer/Platforms/MacOSX.platform/Developer/SDKs/MacOSX26.1.sdk/usr/include/mach/clock_reply.h
/Applications/Xcode.app/Contents/Developer/Platforms/MacOSX.platform/Developer/SDKs/MacOSX26.1.sdk/usr/include/mach/exc.h
/Applications/Xcode.app/Contents/Developer/Platforms/MacOSX.platform/Developer/SDKs/MacOSX26.1.sdk/usr/include/mach/exception.h
/Applications/Xcode.app/Contents/Developer/Platforms/MacOSX.platform/Developer/SDKs/MacOSX26.1.sdk/usr/include/mach/host_reboot.h
/Applications/Xcode.app/Contents/Developer/Platforms/MacOSX.platform/Developer/SDKs/MacOSX26.1.sdk/usr/include/arm64/hv/hv_kern_types.h
/Applications/Xcode.app/Contents/Developer/Platforms/MacOSX.platform/Developer/SDKs/MacOSX26.1.sdk/usr/include/mach/mach_param.h
/Applications/Xcode.app/Contents/Developer/Platforms/MacOSX.platform/Developer/SDKs/MacOSX26.1.sdk/usr/include/mach/mach_right.h
/Applications/Xcode.app/Contents/Developer/Platforms/MacOSX.platform/Developer/SDKs/MacOSX26.1.sdk/usr/include/mach/mach_syscalls.h
/Applications/Xcode.app/Contents/Developer/Platforms/MacOSX.platform/Developer/SDKs/MacOSX26.1.sdk/usr/include/mach/mach_time.h
/Applications/Xcode.app/Contents/Developer/Platforms/MacOSX.platform/Developer/SDKs/MacOSX26.1.sdk/usr/include/mach/mach_vm.h
/Applications/Xcode.app/Contents/Developer/Platforms/MacOSX.platform/Developer/SDKs/MacOSX26.1.sdk/usr/include/mach/mach_voucher.h
/Applications/Xcode.app/Contents/Developer/Platforms/MacOSX.platform/Developer/SDKs/MacOSX26.1.sdk/usr/include/mach/memory_entry.h
/Applications/Xcode.app/Contents/Developer/Platforms/MacOSX.platform/Developer/SDKs/MacOSX26.1.sdk/usr/include/mach/mig_strncpy_zerofill_support.h
/Applications/Xcode.app/Contents/Developer/Platforms/MacOSX.platform/Developer/SDKs/MacOSX26.1.sdk/usr/include/mach/mig_voucher_support.h
/Applications/Xcode.app/Contents/Developer/Platforms/MacOSX.platform/Developer/SDKs/MacOSX26.1.sdk/usr/include/mach/port_obj.h
/Applications/Xcode.app/Contents/Developer/Platforms/MacOSX.platform/Developer/SDKs/MacOSX26.1.sdk/usr/include/mach/sdt.h
/Applications/Xcode.app/Contents/Developer/Platforms/MacOSX.platform/Developer/SDKs/MacOSX26.1.sdk/usr/include/mach/machine/sdt.h
/Applications/Xcode.app/Contents/Developer/Platforms/MacOSX.platform/Developer/SDKs/MacOSX26.1.sdk/usr/include/sys/sdt.h
/Applications/Xcode.app/Contents/Developer/Platforms/MacOSX.platform/Developer/SDKs/MacOSX26.1.sdk/usr/include/mach/shared_region.h
/Applications/Xcode.app/Contents/Developer/Platforms/MacOSX.platform/Developer/SDKs/MacOSX26.1.sdk/usr/include/mach/sync.h
/Applications/Xcode.app/Contents/Developer/Platforms/MacOSX.platform/Developer/SDKs/MacOSX26.1.sdk/usr/include/mach/thread_state.h
/Applications/Xcode.app/Contents/Developer/Platforms/MacOSX.platform/Developer/SDKs/MacOSX26.1.sdk/usr/include/mach/vm_param.h
/Applications/Xcode.app/Contents/Developer/Platforms/MacOSX.platform/Developer/SDKs/MacOSX26.1.sdk/usr/include/mach/vm_task.h
/Applications/Xcode.app/Contents/Developer/Platforms/MacOSX.platform/Developer/SDKs/MacOSX26.1.sdk/usr/include/mach/machine/asm.h
/Applications/Xcode.app/Contents/Developer/Platforms/MacOSX.platform/Developer/SDKs/MacOSX26.1.sdk/usr/include/mach/arm64/asm.h
/Applications/Xcode.app/Contents/Developer/Platforms/MacOSX.platform/Developer/SDKs/MacOSX26.1.sdk/usr/include/mach/i386/asm.h
/Applications/Xcode.app/Contents/Developer/Platforms/MacOSX.platform/Developer/SDKs/MacOSX26.1.sdk/usr/include/mach/arm/asm.h
/Applications/Xcode.app/Contents/Developer/Platforms/MacOSX.platform/Developer/SDKs/MacOSX26.1.sdk/usr/include/mach/i386/boolean.h
/Applications/Xcode.app/Contents/Developer/Platforms/MacOSX.platform/Developer/SDKs/MacOSX26.1.sdk/usr/include/mach/i386/exception.h
/Applications/Xcode.app/Contents/Developer/Platforms/MacOSX.platform/Developer/SDKs/MacOSX26.1.sdk/usr/include/mach/i386/fp_reg.h
/Applications/Xcode.app/Contents/Developer/Platforms/MacOSX.platform/Developer/SDKs/MacOSX26.1.sdk/usr/include/mach/i386/kern_return.h
/Applications/Xcode.app/Contents/Developer/Platforms/MacOSX.platform/Developer/SDKs/MacOSX26.1.sdk/usr/include/mach/machine/ndr_def.h
/Applications/Xcode.app/Contents/Developer/Platforms/MacOSX.platform/Developer/SDKs/MacOSX26.1.sdk/usr/include/mach/arm/ndr_def.h
/Applications/Xcode.app/Contents/Developer/Platforms/MacOSX.platform/Developer/SDKs/MacOSX26.1.sdk/usr/include/mach/i386/processor_info.h
/Applications/Xcode.app/Contents/Developer/Platforms/MacOSX.platform/Developer/SDKs/MacOSX26.1.sdk/usr/include/mach/i386/rpc.h
/Applications/Xcode.app/Contents/Developer/Platforms/MacOSX.platform/Developer/SDKs/MacOSX26.1.sdk/usr/include/mach/machine/sdt_isa.h
/Applications/Xcode.app/Contents/Developer/Platforms/MacOSX.platform/Developer/SDKs/MacOSX26.1.sdk/usr/include/mach/arm/sdt_isa.h
/Applications/Xcode.app/Contents/Developer/Platforms/MacOSX.platform/Developer/SDKs/MacOSX26.1.sdk/usr/include/mach/i386/sdt_isa.h
/Applications/Xcode.app/Contents/Developer/Platforms/MacOSX.platform/Developer/SDKs/MacOSX26.1.sdk/usr/include/mach/i386/thread_state.h
/Applications/Xcode.app/Contents/Developer/Platforms/MacOSX.platform/Developer/SDKs/MacOSX26.1.sdk/usr/include/mach/i386/thread_status.h
/Applications/Xcode.app/Contents/Developer/Platforms/MacOSX.platform/Developer/SDKs/MacOSX26.1.sdk/usr/include/mach/arm/traps.h
/Applications/Xcode.app/Contents/Developer/Platforms/MacOSX.platform/Developer/SDKs/MacOSX26.1.sdk/usr/include/mach/i386/vm_param.h
/Applications/Xcode.app/Contents/Developer/Platforms/MacOSX.platform/Developer/SDKs/MacOSX26.1.sdk/usr/include/mach/i386/vm_types.h
/Applications/Xcode.app/Contents/Developer/Platforms/MacOSX.platform/Developer/SDKs/MacOSX26.1.sdk/usr/include/mach_debug/mach_debug.h
/Applications/Xcode.app/Contents/Developer/Platforms/MacOSX.platform/Developer/SDKs/MacOSX26.1.sdk/usr/include/device/device_types.h
/Applications/Xcode.app/Contents/Developer/Platforms/MacOSX.platform/Developer/SDKs/MacOSX26.1.sdk/usr/include/device/device_port.h
/Applications/Xcode.app/Contents/Developer/Platforms/MacOSX.platform/Developer/SDKs/MacOSX26.1.sdk/usr/include/libkern/OSAtomic.h
/Applications/Xcode.app/Contents/Developer/Platforms/MacOSX.platform/Developer/SDKs/MacOSX26.1.sdk/usr/include/libkern/OSAtomicDeprecated.h
/Applications/Xcode.app/Contents/Developer/Platforms/MacOSX.platform/Developer/SDKs/MacOSX26.1.sdk/usr/include/libkern/OSSpinLockDeprecated.h
/Applications/Xcode.app/Contents/Developer/Platforms/MacOSX.platform/Developer/SDKs/MacOSX26.1.sdk/usr/include/libkern/OSAtomicQueue.h
/Applications/Xcode.app/Contents/Developer/Platforms/MacOSX.platform/Developer/SDKs/MacOSX26.1.sdk/usr/include/libkern/machine/OSByteOrder.h
/Applications/Xcode.app/Contents/Developer/Platforms/MacOSX.platform/Developer/SDKs/MacOSX26.1.sdk/usr/include/libkern/i386/OSByteOrder.h
/Applications/Xcode.app/Contents/Developer/Platforms/MacOSX.platform/Developer/SDKs/MacOSX26.1.sdk/usr/include/libproc.h
/Applications/Xcode.app/Contents/Developer/Platforms/MacOSX.platform/Developer/SDKs/MacOSX26.1.sdk/usr/include/sys/mount.h
/Applications/Xcode.app/Contents/Developer/Platforms/MacOSX.platform/Developer/SDKs/MacOSX26.1.sdk/usr/include/sys/attr.h
/Applications/Xcode.app/Contents/Developer/Platforms/MacOSX.platform/Developer/SDKs/MacOSX26.1.sdk/usr/include/sys/proc_info.h
/Applications/Xcode.app/Contents/Developer/Platforms/MacOSX.platform/Developer/SDKs/MacOSX26.1.sdk/usr/include/sys/kern_control.h
/Applications/Xcode.app/Contents/Developer/Platforms/MacOSX.platform/Developer/SDKs/MacOSX26.1.sdk/usr/include/os/clock.h
/Applications/Xcode.app/Contents/Developer/Platforms/MacOSX.platform/Developer/SDKs/MacOSX26.1.sdk/usr/include/os/lock.h
/Applications/Xcode.app/Contents/Developer/Platforms/MacOSX.platform/Developer/SDKs/MacOSX26.1.sdk/usr/include/os/proc.h
/Applications/Xcode.app/Contents/Developer/Platforms/MacOSX.platform/Developer/SDKs/MacOSX26.1.sdk/usr/include/malloc/malloc.h
/Applications/Xcode.app/Contents/Developer/Platforms/MacOSX.platform/Developer/SDKs/MacOSX26.1.sdk/usr/include/malloc/_platform.h
/Applications/Xcode.app/Contents/Developer/Platforms/MacOSX.platform/Developer/SDKs/MacOSX26.1.sdk/usr/include/sys/malloc.h
/Applications/Xcode.app/Contents/Developer/Platforms/MacOSX.platform/Developer/SDKs/MacOSX26.1.sdk/usr/include/i386/_param.h
/Applications/Xcode.app/Contents/Developer/Platforms/MacOSX.platform/Developer/SDKs/MacOSX26.1.sdk/usr/include/machine/byte_order.h
/Applications/Xcode.app/Contents/Developer/Platforms/MacOSX.platform/Developer/SDKs/MacOSX26.1.sdk/usr/include/architecture/byte_order.h
/Applications/Xcode.app/Contents/Developer/Platforms/MacOSX.platform/Developer/SDKs/MacOSX26.1.sdk/usr/include/i386/eflags.h
/Applications/Xcode.app/Contents/Developer/Platforms/MacOSX.platform/Developer/SDKs/MacOSX26.1.sdk/usr/include/machine/fasttrap_isa.h
/Applications/Xcode.app/Contents/Developer/Platforms/MacOSX.platform/Developer/SDKs/MacOSX26.1.sdk/usr/include/arm/fasttrap_isa.h
/Applications/Xcode.app/Contents/Developer/Platforms/MacOSX.platform/Developer/SDKs/MacOSX26.1.sdk/usr/include/i386/fasttrap_isa.h
/Applications/Xcode.app/Contents/Developer/Platforms/MacOSX.platform/Developer/SDKs/MacOSX26.1.sdk/usr/include/i386/param.h
/Applications/Xcode.app/Contents/Developer/Platforms/MacOSX.platform/Developer/SDKs/MacOSX26.1.sdk/usr/include/machine/profile.h
/Applications/Xcode.app/Contents/Developer/Platforms/MacOSX.platform/Developer/SDKs/MacOSX26.1.sdk/usr/include/arm/profile.h
/Applications/Xcode.app/Contents/Developer/Platforms/MacOSX.platform/Developer/SDKs/MacOSX26.1.sdk/usr/include/i386/profile.h
/Applications/Xcode.app/Contents/Developer/Platforms/MacOSX.platform/Developer/SDKs/MacOSX26.1.sdk/usr/include/i386/user_ldt.h
/Applications/Xcode.app/Contents/Developer/Platforms/MacOSX.platform/Developer/SDKs/MacOSX26.1.sdk/usr/include/machine/vmparam.h
/Applications/Xcode.app/Contents/Developer/Platforms/MacOSX.platform/Developer/SDKs/MacOSX26.1.sdk/usr/include/arm/vmparam.h
/Applications/Xcode.app/Contents/Developer/Platforms/MacOSX.platform/Developer/SDKs/MacOSX26.1.sdk/usr/include/i386/vmparam.h
/Applications/Xcode.app/Contents/Developer/Platforms/MacOSX.platform/Developer/SDKs/MacOSX26.1.sdk/usr/include/aliasdb.h
/Applications/Xcode.app/Contents/Developer/Platforms/MacOSX.platform/Developer/SDKs/MacOSX26.1.sdk/usr/include/bootparams.h
/Applications/Xcode.app/Contents/Developer/Platforms/MacOSX.platform/Developer/SDKs/MacOSX26.1.sdk/usr/include/Block.h
/Applications/Xcode.app/Contents/Developer/Platforms/MacOSX.platform/Developer/SDKs/MacOSX26.1.sdk/usr/include/bsm/audit_domain.h
/Applications/Xcode.app/Contents/Developer/Platforms/MacOSX.platform/Developer/SDKs/MacOSX26.1.sdk/usr/include/bsm/audit_errno.h
/Applications/Xcode.app/Contents/Developer/Platforms/MacOSX.platform/Developer/SDKs/MacOSX26.1.sdk/usr/include/bsm/audit_fcntl.h
/Applications/Xcode.app/Contents/Developer/Platforms/MacOSX.platform/Developer/SDKs/MacOSX26.1.sdk/usr/include/bsm/audit_filter.h
/Applications/Xcode.app/Contents/Developer/Platforms/MacOSX.platform/Developer/SDKs/MacOSX26.1.sdk/usr/include/bsm/libbsm.h
/Applications/Xcode.app/Contents/Developer/Platforms/MacOSX.platform/Developer/SDKs/MacOSX26.1.sdk/usr/include/bsm/audit_record.h
/Applications/Xcode.app/Contents/Developer/Platforms/MacOSX.platform/Developer/SDKs/MacOSX26.1.sdk/usr/include/bsm/audit_internal.h
/Applications/Xcode.app/Contents/Developer/Platforms/MacOSX.platform/Developer/SDKs/MacOSX26.1.sdk/usr/include/bsm/audit_kevents.h
/Applications/Xcode.app/Contents/Developer/Platforms/MacOSX.platform/Developer/SDKs/MacOSX26.1.sdk/usr/include/bsm/audit_session.h
/Applications/Xcode.app/Contents/Developer/Platforms/MacOSX.platform/Developer/SDKs/MacOSX26.1.sdk/usr/include/bsm/audit_socket_type.h
/Applications/Xcode.app/Contents/Developer/Platforms/MacOSX.platform/Developer/SDKs/MacOSX26.1.sdk/usr/include/bsm/audit_uevents.h
/Applications/Xcode.app/Contents/Developer/Platforms/MacOSX.platform/Developer/SDKs/MacOSX26.1.sdk/usr/include/execinfo.h
/Applications/Xcode.app/Contents/Developer/Platforms/MacOSX.platform/Developer/SDKs/MacOSX26.1.sdk/usr/include/fstab.h
/Applications/Xcode.app/Contents/Developer/Platforms/MacOSX.platform/Developer/SDKs/MacOSX26.1.sdk/usr/include/hfs/hfs_format.h
/Applications/Xcode.app/Contents/Developer/Platforms/MacOSX.platform/Developer/SDKs/MacOSX26.1.sdk/usr/include/hfs/hfs_unistr.h
/Applications/Xcode.app/Contents/Developer/Platforms/MacOSX.platform/Developer/SDKs/MacOSX26.1.sdk/usr/include/hfs/hfs_mount.h
/Applications/Xcode.app/Contents/Developer/Platforms/MacOSX.platform/Developer/SDKs/MacOSX26.1.sdk/usr/include/membership.h
/Applications/Xcode.app/Contents/Developer/Platforms/MacOSX.platform/Developer/SDKs/MacOSX26.1.sdk/usr/include/ntsid.h
/Applications/Xcode.app/Contents/Developer/Platforms/MacOSX.platform/Developer/SDKs/MacOSX26.1.sdk/usr/include/curses.h
/Applications/Xcode.app/Contents/Developer/Platforms/MacOSX.platform/Developer/SDKs/MacOSX26.1.sdk/usr/include/ncurses_dll.h
/Applications/Xcode.app/Contents/Developer/Platforms/MacOSX.platform/Developer/SDKs/MacOSX26.1.sdk/usr/include/unctrl.h
/Applications/Xcode.app/Contents/Developer/Platforms/MacOSX.platform/Developer/SDKs/MacOSX26.1.sdk/usr/include/eti.h
/Applications/Xcode.app/Contents/Developer/Platforms/MacOSX.platform/Developer/SDKs/MacOSX26.1.sdk/usr/include/nc_tparm.h
/Applications/Xcode.app/Contents/Developer/Platforms/MacOSX.platform/Developer/SDKs/MacOSX26.1.sdk/usr/include/form.h
/Applications/Xcode.app/Contents/Developer/Platforms/MacOSX.platform/Developer/SDKs/MacOSX26.1.sdk/usr/include/menu.h
/Applications/Xcode.app/Contents/Developer/Platforms/MacOSX.platform/Developer/SDKs/MacOSX26.1.sdk/usr/include/panel.h
/Applications/Xcode.app/Contents/Developer/Platforms/MacOSX.platform/Developer/SDKs/MacOSX26.1.sdk/usr/include/netinet6/ah.h
/Applications/Xcode.app/Contents/Developer/Platforms/MacOSX.platform/Developer/SDKs/MacOSX26.1.sdk/usr/include/netinet6/esp.h
/Applications/Xcode.app/Contents/Developer/Platforms/MacOSX.platform/Developer/SDKs/MacOSX26.1.sdk/usr/include/netinet6/ipcomp.h
/Applications/Xcode.app/Contents/Developer/Platforms/MacOSX.platform/Developer/SDKs/MacOSX26.1.sdk/usr/include/netinet6/ipsec.h
/Applications/Xcode.app/Contents/Developer/Platforms/MacOSX.platform/Developer/SDKs/MacOSX26.1.sdk/usr/include/netinet6/raw_ip6.h
/Applications/Xcode.app/Contents/Developer/Platforms/MacOSX.platform/Developer/SDKs/MacOSX26.1.sdk/usr/include/printerdb.h
/Applications/Xcode.app/Contents/Developer/Platforms/MacOSX.platform/Developer/SDKs/MacOSX26.1.sdk/usr/include/sys/_structs.h
/Applications/Xcode.app/Contents/Developer/Platforms/MacOSX.platform/Developer/SDKs/MacOSX26.1.sdk/usr/include/sys/acct.h
/Applications/Xcode.app/Contents/Developer/Platforms/MacOSX.platform/Developer/SDKs/MacOSX26.1.sdk/usr/include/sys/acl.h
/Applications/Xcode.app/Contents/Developer/Platforms/MacOSX.platform/Developer/SDKs/MacOSX26.1.sdk/usr/include/sys/kauth.h
/Applications/Xcode.app/Contents/Developer/Platforms/MacOSX.platform/Developer/SDKs/MacOSX26.1.sdk/usr/include/sys/buf.h
/Applications/Xcode.app/Contents/Developer/Platforms/MacOSX.platform/Developer/SDKs/MacOSX26.1.sdk/usr/include/sys/kernel_types.h
/Applications/Xcode.app/Contents/Developer/Platforms/MacOSX.platform/Developer/SDKs/MacOSX26.1.sdk/usr/include/sys/clonefile.h
/Applications/Xcode.app/Contents/Developer/Platforms/MacOSX.platform/Developer/SDKs/MacOSX26.1.sdk/usr/include/sys/commpage.h
/Applications/Xcode.app/Contents/Developer/Platforms/MacOSX.platform/Developer/SDKs/MacOSX26.1.sdk/usr/include/sys/conf.h
/Applications/Xcode.app/Contents/Developer/Platforms/MacOSX.platform/Developer/SDKs/MacOSX26.1.sdk/usr/include/sys/disk.h
/Applications/Xcode.app/Contents/Developer/Platforms/MacOSX.platform/Developer/SDKs/MacOSX26.1.sdk/usr/include/sys/dkstat.h
/Applications/Xcode.app/Contents/Developer/Platforms/MacOSX.platform/Developer/SDKs/MacOSX26.1.sdk/usr/include/sys/domain.h
/Applications/Xcode.app/Contents/Developer/Platforms/MacOSX.platform/Developer/SDKs/MacOSX26.1.sdk/usr/include/sys/ev.h
/Applications/Xcode.app/Contents/Developer/Platforms/MacOSX.platform/Developer/SDKs/MacOSX26.1.sdk/usr/include/sys/file.h
/Applications/Xcode.app/Contents/Developer/Platforms/MacOSX.platform/Developer/SDKs/MacOSX26.1.sdk/usr/include/sys/filedesc.h
/Applications/Xcode.app/Contents/Developer/Platforms/MacOSX.platform/Developer/SDKs/MacOSX26.1.sdk/usr/include/sys/fileport.h
/Applications/Xcode.app/Contents/Developer/Platforms/MacOSX.platform/Developer/SDKs/MacOSX26.1.sdk/usr/include/sys/fsgetpath.h
/Applications/Xcode.app/Contents/Developer/Platforms/MacOSX.platform/Developer/SDKs/MacOSX26.1.sdk/usr/include/sys/gmon.h
/Applications/Xcode.app/Contents/Developer/Platforms/MacOSX.platform/Developer/SDKs/MacOSX26.1.sdk/usr/include/sys/ioctl_compat.h
/Applications/Xcode.app/Contents/Developer/Platforms/MacOSX.platform/Developer/SDKs/MacOSX26.1.sdk/usr/include/sys/ttychars.h
/Applications/Xcode.app/Contents/Developer/Platforms/MacOSX.platform/Developer/SDKs/MacOSX26.1.sdk/usr/include/sys/ttydev.h
/Applications/Xcode.app/Contents/Developer/Platforms/MacOSX.platform/Developer/SDKs/MacOSX26.1.sdk/usr/include/sys/kdebug.h
/Applications/Xcode.app/Contents/Developer/Platforms/MacOSX.platform/Developer/SDKs/MacOSX26.1.sdk/usr/include/sys/kdebug_signpost.h
/Applications/Xcode.app/Contents/Developer/Platforms/MacOSX.platform/Developer/SDKs/MacOSX26.1.sdk/usr/include/sys/lctx.h
/Applications/Xcode.app/Contents/Developer/Platforms/MacOSX.platform/Developer/SDKs/MacOSX26.1.sdk/usr/include/sys/mbuf.h
/Applications/Xcode.app/Contents/Developer/Platforms/MacOSX.platform/Developer/SDKs/MacOSX26.1.sdk/usr/include/sys/msgbuf.h
/Applications/Xcode.app/Contents/Developer/Platforms/MacOSX.platform/Developer/SDKs/MacOSX26.1.sdk/usr/include/sys/netport.h
/Applications/Xcode.app/Contents/Developer/Platforms/MacOSX.platform/Developer/SDKs/MacOSX26.1.sdk/usr/include/sys/paths.h
/Applications/Xcode.app/Contents/Developer/Platforms/MacOSX.platform/Developer/SDKs/MacOSX26.1.sdk/usr/include/sys/pipe.h
/Applications/Xcode.app/Contents/Developer/Platforms/MacOSX.platform/Developer/SDKs/MacOSX26.1.sdk/usr/include/sys/quota.h
/Applications/Xcode.app/Contents/Developer/Platforms/MacOSX.platform/Developer/SDKs/MacOSX26.1.sdk/usr/include/sys/rbtree.h
/Applications/Xcode.app/Contents/Developer/Platforms/MacOSX.platform/Developer/SDKs/MacOSX26.1.sdk/usr/include/sys/reboot.h
/Applications/Xcode.app/Contents/Developer/Platforms/MacOSX.platform/Developer/SDKs/MacOSX26.1.sdk/usr/include/sys/resourcevar.h
/Applications/Xcode.app/Contents/Developer/Platforms/MacOSX.platform/Developer/SDKs/MacOSX26.1.sdk/usr/include/sys/sbuf.h
/Applications/Xcode.app/Contents/Developer/Platforms/MacOSX.platform/Developer/SDKs/MacOSX26.1.sdk/usr/include/sys/signalvar.h
/Applications/Xcode.app/Contents/Developer/Platforms/MacOSX.platform/Developer/SDKs/MacOSX26.1.sdk/usr/include/sys/syscall.h
/Applications/Xcode.app/Contents/Developer/Platforms/MacOSX.platform/Developer/SDKs/MacOSX26.1.sdk/usr/include/sys/timeb.h
/Applications/Xcode.app/Contents/Developer/Platforms/MacOSX.platform/Developer/SDKs/MacOSX26.1.sdk/usr/include/sys/trace.h
/Applications/Xcode.app/Contents/Developer/Platforms/MacOSX.platform/Developer/SDKs/MacOSX26.1.sdk/usr/include/sys/tty.h
/Applications/Xcode.app/Contents/Developer/Platforms/MacOSX.platform/Developer/SDKs/MacOSX26.1.sdk/usr/include/sys/ucontext.h
/Applications/Xcode.app/Contents/Developer/Platforms/MacOSX.platform/Developer/SDKs/MacOSX26.1.sdk/usr/include/sys/unpcb.h
/Applications/Xcode.app/Contents/Developer/Platforms/MacOSX.platform/Developer/SDKs/MacOSX26.1.sdk/usr/include/sys/user.h
/Applications/Xcode.app/Contents/Developer/Platforms/MacOSX.platform/Developer/SDKs/MacOSX26.1.sdk/usr/include/sys/utfconv.h
/Applications/Xcode.app/Contents/Developer/Platforms/MacOSX.platform/Developer/SDKs/MacOSX26.1.sdk/usr/include/sys/vcmd.h
/Applications/Xcode.app/Contents/Developer/Platforms/MacOSX.platform/Developer/SDKs/MacOSX26.1.sdk/usr/include/sys/vnode.h
/Applications/Xcode.app/Contents/Developer/Platforms/MacOSX.platform/Developer/SDKs/MacOSX26.1.sdk/usr/include/_modules/_darwin_sys_signal.h
/Applications/Xcode.app/Contents/Developer/Platforms/MacOSX.platform/Developer/SDKs/MacOSX26.1.sdk/usr/include/sysdir.h
/Applications/Xcode.app/Contents/Developer/Platforms/MacOSX.platform/Developer/SDKs/MacOSX26.1.sdk/usr/include/libc.h
/Applications/Xcode.app/Contents/Developer/Platforms/MacOSX.platform/Developer/SDKs/MacOSX26.1.sdk/usr/include/paths.h
/Applications/Xcode.app/Contents/Developer/Platforms/MacOSX.platform/Developer/SDKs/MacOSX26.1.sdk/usr/include/sysexits.h
/Applications/Xcode.app/Contents/Developer/Platforms/MacOSX.platform/Developer/SDKs/MacOSX26.1.sdk/SDKSettings.json
/Applications/Xcode.app/Contents/Developer/Toolchains/XcodeDefault.xctoolchain/usr/lib/swift/macosx/prebuilt-modules/26.1/Darwin.swiftmodule/arm64e-apple-macos.swiftmodule
/Applications/Xcode.app/Contents/Developer/Platforms/MacOSX.platform/Developer/SDKs/MacOSX26.1.sdk/System/Library/Frameworks/DiskArbitration.framework/Modules/module.modulemap
/Applications/Xcode.app/Contents/Developer/Platforms/MacOSX.platform/Developer/SDKs/MacOSX26.1.sdk/System/Library/Frameworks/DiskArbitration.framework/Headers/DiskArbitration.h
/Applications/Xcode.app/Contents/Developer/Platforms/MacOSX.platform/Developer/SDKs/MacOSX26.1.sdk/System/Library/Frameworks/CoreFoundation.framework/Modules/module.modulemap
/Applications/Xcode.app/Contents/Developer/Platforms/MacOSX.platform/Developer/SDKs/MacOSX26.1.sdk/usr/include/Darwin.modulemap
/Applications/Xcode.app/Contents/Developer/Platforms/MacOSX.platform/Developer/SDKs/MacOSX26.1.sdk/usr/include/DarwinFoundation1.modulemap
/Applications/Xcode.app/Contents/Developer/Platforms/MacOSX.platform/Developer/SDKs/MacOSX26.1.sdk/System/Library/Frameworks/DiskArbitration.framework/Headers/DADisk.h
/Applications/Xcode.app/Contents/Developer/Platforms/MacOSX.platform/Developer/SDKs/MacOSX26.1.sdk/System/Library/Frameworks/IOKit.framework/Modules/module.modulemap
/Applications/Xcode.app/Contents/Developer/Platforms/MacOSX.platform/Developer/SDKs/MacOSX26.1.sdk/System/Library/Frameworks/DiskArbitration.framework/Headers/DASession.h
/Applications/Xcode.app/Contents/Developer/Platforms/MacOSX.platform/Developer/SDKs/MacOSX26.1.sdk/System/Library/Frameworks/DiskArbitration.framework/Headers/DADissenter.h
/Applications/Xcode.app/Contents/Developer/Platforms/MacOSX.platform/Developer/SDKs/MacOSX26.1.sdk/SDKSettings.json
/Applications/Xcode.app/Contents/Developer/Toolchains/XcodeDefault.xctoolchain/usr/lib/swift/macosx/prebuilt-modules/26.1/Dispatch.swiftmodule/arm64e-apple-macos.swiftmodule
/Applications/Xcode.app/Contents/Developer/Platforms/MacOSX.platform/Developer/SDKs/MacOSX26.1.sdk/usr/include/Dispatch.apinotes
/Applications/Xcode.app/Contents/Developer/Platforms/MacOSX.platform/Developer/SDKs/MacOSX26.1.sdk/usr/include/dispatch.modulemap
/Applications/Xcode.app/Contents/Developer/Platforms/MacOSX.platform/Developer/SDKs/MacOSX26.1.sdk/usr/include/os.modulemap
/Applications/Xcode.app/Contents/Developer/Platforms/MacOSX.platform/Developer/SDKs/MacOSX26.1.sdk/usr/include/Darwin.modulemap
/Applications/Xcode.app/Contents/Developer/Platforms/MacOSX.platform/Developer/SDKs/MacOSX26.1.sdk/usr/include/Darwin_C.modulemap
/Applications/Xcode.app/Contents/Developer/Platforms/MacOSX.platform/Developer/SDKs/MacOSX26.1.sdk/usr/include/Darwin_POSIX.modulemap
/Applications/Xcode.app/Contents/Developer/Platforms/MacOSX.platform/Developer/SDKs/MacOSX26.1.sdk/usr/include/net.modulemap
/Applications/Xcode.app/Contents/Developer/Platforms/MacOSX.platform/Developer/SDKs/MacOSX26.1.sdk/usr/include/netinet.modulemap
/Applications/Xcode.app/Contents/Developer/Platforms/MacOSX.platform/Developer/SDKs/MacOSX26.1.sdk/usr/include/bank.modulemap
/Applications/Xcode.app/Contents/Developer/Platforms/MacOSX.platform/Developer/SDKs/MacOSX26.1.sdk/usr/include/Darwin_Mach.modulemap
/Applications/Xcode.app/Contents/Developer/Platforms/MacOSX.platform/Developer/SDKs/MacOSX26.1.sdk/usr/include/Darwin_Mach_machine.modulemap
/Applications/Xcode.app/Contents/Developer/Platforms/MacOSX.platform/Developer/SDKs/MacOSX26.1.sdk/usr/include/mach_debug.modulemap
/Applications/Xcode.app/Contents/Developer/Platforms/MacOSX.platform/Developer/SDKs/MacOSX26.1.sdk/usr/include/device.modulemap
/Applications/Xcode.app/Contents/Developer/Platforms/MacOSX.platform/Developer/SDKs/MacOSX26.1.sdk/usr/include/Darwin_machine.modulemap
/Applications/Xcode.app/Contents/Developer/Platforms/MacOSX.platform/Developer/SDKs/MacOSX26.1.sdk/usr/include/ncurses.modulemap
/Applications/Xcode.app/Contents/Developer/Platforms/MacOSX.platform/Developer/SDKs/MacOSX26.1.sdk/usr/include/netinet6.modulemap
/Applications/Xcode.app/Contents/Developer/Platforms/MacOSX.platform/Developer/SDKs/MacOSX26.1.sdk/usr/include/Darwin_sys.modulemap
/Applications/Xcode.app/Contents/Developer/Platforms/MacOSX.platform/Developer/SDKs/MacOSX26.1.sdk/usr/include/uuid.modulemap
/Applications/Xcode.app/Contents/Developer/Platforms/MacOSX.platform/Developer/SDKs/MacOSX26.1.sdk/usr/include/DarwinFoundation2.modulemap
/Applications/Xcode.app/Contents/Developer/Platforms/MacOSX.platform/Developer/SDKs/MacOSX26.1.sdk/usr/include/DarwinFoundation3.modulemap
/Applications/Xcode.app/Contents/Developer/Platforms/MacOSX.platform/Developer/SDKs/MacOSX26.1.sdk/usr/include/DarwinFoundation1.modulemap
/Applications/Xcode.app/Contents/Developer/Platforms/MacOSX.platform/Developer/SDKs/MacOSX26.1.sdk/usr/include/dispatch/dispatch.h
/Applications/Xcode.app/Contents/Developer/Toolchains/XcodeDefault.xctoolchain/usr/lib/swift/clang/include/module.modulemap
/Applications/Xcode.app/Contents/Developer/Toolchains/XcodeDefault.xctoolchain/usr/lib/swift/clang/include/stddef.h
/Applications/Xcode.app/Contents/Developer/Toolchains/XcodeDefault.xctoolchain/usr/lib/swift/clang/include/stdarg.h
/Applications/Xcode.app/Contents/Developer/Platforms/MacOSX.platform/Developer/SDKs/MacOSX26.1.sdk/usr/include/string.h
/Applications/Xcode.app/Contents/Developer/Platforms/MacOSX.platform/Developer/SDKs/MacOSX26.1.sdk/usr/include/dispatch/base.h
/Applications/Xcode.app/Contents/Developer/Platforms/MacOSX.platform/Developer/SDKs/MacOSX26.1.sdk/usr/include/dispatch/time.h
/Applications/Xcode.app/Contents/Developer/Platforms/MacOSX.platform/Developer/SDKs/MacOSX26.1.sdk/usr/include/dispatch/object.h
/Applications/Xcode.app/Contents/Developer/Platforms/MacOSX.platform/Developer/SDKs/MacOSX26.1.sdk/usr/include/dispatch/queue.h
/Applications/Xcode.app/Contents/Developer/Platforms/MacOSX.platform/Developer/SDKs/MacOSX26.1.sdk/usr/include/dispatch/block.h
/Applications/Xcode.app/Contents/Developer/Platforms/MacOSX.platform/Developer/SDKs/MacOSX26.1.sdk/usr/include/dispatch/source.h
/Applications/Xcode.app/Contents/Developer/Platforms/MacOSX.platform/Developer/SDKs/MacOSX26.1.sdk/usr/include/dispatch/group.h
/Applications/Xcode.app/Contents/Developer/Platforms/MacOSX.platform/Developer/SDKs/MacOSX26.1.sdk/usr/include/dispatch/semaphore.h
/Applications/Xcode.app/Contents/Developer/Platforms/MacOSX.platform/Developer/SDKs/MacOSX26.1.sdk/usr/include/dispatch/once.h
/Applications/Xcode.app/Contents/Developer/Platforms/MacOSX.platform/Developer/SDKs/MacOSX26.1.sdk/usr/include/dispatch/data.h
/Applications/Xcode.app/Contents/Developer/Platforms/MacOSX.platform/Developer/SDKs/MacOSX26.1.sdk/usr/include/dispatch/io.h
/Applications/Xcode.app/Contents/Developer/Platforms/MacOSX.platform/Developer/SDKs/MacOSX26.1.sdk/usr/include/dispatch/workloop.h
/Applications/Xcode.app/Contents/Developer/Platforms/MacOSX.platform/Developer/SDKs/MacOSX26.1.sdk/usr/include/dispatch/dispatch_swift_shims.h
/Applications/Xcode.app/Contents/Developer/Platforms/MacOSX.platform/Developer/SDKs/MacOSX26.1.sdk/SDKSettings.json
/Applications/Xcode.app/Contents/Developer/Toolchains/XcodeDefault.xctoolchain/usr/lib/swift/macosx/prebuilt-modules/26.1/Foundation.swiftmodule/arm64e-apple-macos.swiftmodule
/Applications/Xcode.app/Contents/Developer/Platforms/MacOSX.platform/Developer/SDKs/MacOSX26.1.sdk/System/Library/Frameworks/Foundation.framework/Headers/Foundation.apinotes
/Applications/Xcode.app/Contents/Developer/Platforms/MacOSX.platform/Developer/SDKs/MacOSX26.1.sdk/System/Library/Frameworks/Foundation.framework/Modules/module.modulemap
/Applications/Xcode.app/Contents/Developer/Platforms/MacOSX.platform/Developer/SDKs/MacOSX26.1.sdk/System/Library/Frameworks/Foundation.framework/Headers/Foundation.h
/Applications/Xcode.app/Contents/Developer/Platforms/MacOSX.platform/Developer/SDKs/MacOSX26.1.sdk/System/Library/Frameworks/CoreFoundation.framework/Modules/module.modulemap
/Applications/Xcode.app/Contents/Developer/Platforms/MacOSX.platform/Developer/SDKs/MacOSX26.1.sdk/System/Library/Frameworks/Foundation.framework/Headers/NSObjCRuntime.h
/Applications/Xcode.app/Contents/Developer/Platforms/MacOSX.platform/Developer/SDKs/MacOSX26.1.sdk/usr/include/xpc.modulemap
/Applications/Xcode.app/Contents/Developer/Platforms/MacOSX.platform/Developer/SDKs/MacOSX26.1.sdk/usr/include/dispatch.modulemap
/Applications/Xcode.app/Contents/Developer/Platforms/MacOSX.platform/Developer/SDKs/MacOSX26.1.sdk/usr/include/ObjectiveC.modulemap
/Applications/Xcode.app/Contents/Developer/Platforms/MacOSX.platform/Developer/SDKs/MacOSX26.1.sdk/usr/include/Darwin.modulemap
/Applications/Xcode.app/Contents/Developer/Platforms/MacOSX.platform/Developer/SDKs/MacOSX26.1.sdk/usr/include/DarwinFoundation1.modulemap
/Applications/Xcode.app/Contents/Developer/Toolchains/XcodeDefault.xctoolchain/usr/lib/swift/clang/include/module.modulemap
/Applications/Xcode.app/Contents/Developer/Toolchains/XcodeDefault.xctoolchain/usr/lib/swift/clang/include/stdarg.h
/Applications/Xcode.app/Contents/Developer/Platforms/MacOSX.platform/Developer/SDKs/MacOSX26.1.sdk/System/Library/Frameworks/Foundation.framework/Headers/NSArray.h
/Applications/Xcode.app/Contents/Developer/Platforms/MacOSX.platform/Developer/SDKs/MacOSX26.1.sdk/System/Library/Frameworks/Foundation.framework/Headers/NSObject.h
/Applications/Xcode.app/Contents/Developer/Platforms/MacOSX.platform/Developer/SDKs/MacOSX26.1.sdk/System/Library/Frameworks/Foundation.framework/Headers/NSZone.h
/Applications/Xcode.app/Contents/Developer/Toolchains/XcodeDefault.xctoolchain/usr/lib/swift/clang/include/stddef.h
/Applications/Xcode.app/Contents/Developer/Platforms/MacOSX.platform/Developer/SDKs/MacOSX26.1.sdk/System/Library/Frameworks/Foundation.framework/Headers/NSEnumerator.h
/Applications/Xcode.app/Contents/Developer/Platforms/MacOSX.platform/Developer/SDKs/MacOSX26.1.sdk/System/Library/Frameworks/Foundation.framework/Headers/NSRange.h
/Applications/Xcode.app/Contents/Developer/Platforms/MacOSX.platform/Developer/SDKs/MacOSX26.1.sdk/System/Library/Frameworks/Foundation.framework/Headers/NSValue.h
/Applications/Xcode.app/Contents/Developer/Platforms/MacOSX.platform/Developer/SDKs/MacOSX26.1.sdk/System/Library/Frameworks/Foundation.framework/Headers/NSOrderedCollectionDifference.h
/Applications/Xcode.app/Contents/Developer/Platforms/MacOSX.platform/Developer/SDKs/MacOSX26.1.sdk/System/Library/Frameworks/Foundation.framework/Headers/NSOrderedCollectionChange.h
/Applications/Xcode.app/Contents/Developer/Platforms/MacOSX.platform/Developer/SDKs/MacOSX26.1.sdk/System/Library/Frameworks/Foundation.framework/Headers/NSIndexSet.h
/Applications/Xcode.app/Contents/Developer/Platforms/MacOSX.platform/Developer/SDKs/MacOSX26.1.sdk/System/Library/Frameworks/Foundation.framework/Headers/NSAutoreleasePool.h
/Applications/Xcode.app/Contents/Developer/Platforms/MacOSX.platform/Developer/SDKs/MacOSX26.1.sdk/System/Library/Frameworks/Foundation.framework/Headers/NSBundle.h
/Applications/Xcode.app/Contents/Developer/Platforms/MacOSX.platform/Developer/SDKs/MacOSX26.1.sdk/System/Library/Frameworks/Foundation.framework/Headers/NSString.h
/Applications/Xcode.app/Contents/Developer/Platforms/MacOSX.platform/Developer/SDKs/MacOSX26.1.sdk/System/Library/Frameworks/Foundation.framework/Headers/NSItemProvider.h
/Applications/Xcode.app/Contents/Developer/Platforms/MacOSX.platform/Developer/SDKs/MacOSX26.1.sdk/System/Library/Frameworks/Foundation.framework/Headers/NSDictionary.h
/Applications/Xcode.app/Contents/Developer/Platforms/MacOSX.platform/Developer/SDKs/MacOSX26.1.sdk/System/Library/Frameworks/Foundation.framework/Headers/NSSet.h
/Applications/Xcode.app/Contents/Developer/Platforms/MacOSX.platform/Developer/SDKs/MacOSX26.1.sdk/System/Library/Frameworks/Foundation.framework/Headers/NSProgress.h
/Applications/Xcode.app/Contents/Developer/Platforms/MacOSX.platform/Developer/SDKs/MacOSX26.1.sdk/System/Library/Frameworks/Foundation.framework/Headers/NSNotification.h
/Applications/Xcode.app/Contents/Developer/Platforms/MacOSX.platform/Developer/SDKs/MacOSX26.1.sdk/System/Library/Frameworks/Foundation.framework/Headers/NSByteOrder.h
/Applications/Xcode.app/Contents/Developer/Platforms/MacOSX.platform/Developer/SDKs/MacOSX26.1.sdk/System/Library/Frameworks/Foundation.framework/Headers/NSCalendar.h
/Applications/Xcode.app/Contents/Developer/Platforms/MacOSX.platform/Developer/SDKs/MacOSX26.1.sdk/System/Library/Frameworks/Foundation.framework/Headers/NSDate.h
/Applications/Xcode.app/Contents/Developer/Platforms/MacOSX.platform/Developer/SDKs/MacOSX26.1.sdk/System/Library/Frameworks/Foundation.framework/Headers/NSCharacterSet.h
/Applications/Xcode.app/Contents/Developer/Platforms/MacOSX.platform/Developer/SDKs/MacOSX26.1.sdk/System/Library/Frameworks/Foundation.framework/Headers/NSCoder.h
/Applications/Xcode.app/Contents/Developer/Platforms/MacOSX.platform/Developer/SDKs/MacOSX26.1.sdk/System/Library/Frameworks/Foundation.framework/Headers/NSData.h
/Applications/Xcode.app/Contents/Developer/Platforms/MacOSX.platform/Developer/SDKs/MacOSX26.1.sdk/System/Library/Frameworks/Foundation.framework/Headers/NSDateInterval.h
/Applications/Xcode.app/Contents/Developer/Platforms/MacOSX.platform/Developer/SDKs/MacOSX26.1.sdk/System/Library/Frameworks/Foundation.framework/Headers/NSDateFormatter.h
/Applications/Xcode.app/Contents/Developer/Platforms/MacOSX.platform/Developer/SDKs/MacOSX26.1.sdk/System/Library/Frameworks/Foundation.framework/Headers/NSFormatter.h
/Applications/Xcode.app/Contents/Developer/Platforms/MacOSX.platform/Developer/SDKs/MacOSX26.1.sdk/System/Library/Frameworks/Foundation.framework/Headers/NSAttributedString.h
/Applications/Xcode.app/Contents/Developer/Platforms/MacOSX.platform/Developer/SDKs/MacOSX26.1.sdk/System/Library/Frameworks/Foundation.framework/Headers/NSDateIntervalFormatter.h
/Applications/Xcode.app/Contents/Developer/Platforms/MacOSX.platform/Developer/SDKs/MacOSX26.1.sdk/System/Library/Frameworks/Foundation.framework/Headers/NSISO8601DateFormatter.h
/Applications/Xcode.app/Contents/Developer/Platforms/MacOSX.platform/Developer/SDKs/MacOSX26.1.sdk/System/Library/Frameworks/Foundation.framework/Headers/NSMassFormatter.h
/Applications/Xcode.app/Contents/Developer/Platforms/MacOSX.platform/Developer/SDKs/MacOSX26.1.sdk/System/Library/Frameworks/Foundation.framework/Headers/NSLengthFormatter.h
/Applications/Xcode.app/Contents/Developer/Platforms/MacOSX.platform/Developer/SDKs/MacOSX26.1.sdk/System/Library/Frameworks/Foundation.framework/Headers/NSEnergyFormatter.h
/Applications/Xcode.app/Contents/Developer/Platforms/MacOSX.platform/Developer/SDKs/MacOSX26.1.sdk/System/Library/Frameworks/Foundation.framework/Headers/NSMeasurementFormatter.h
/Applications/Xcode.app/Contents/Developer/Platforms/MacOSX.platform/Developer/SDKs/MacOSX26.1.sdk/System/Library/Frameworks/Foundation.framework/Headers/NSNumberFormatter.h
/Applications/Xcode.app/Contents/Developer/Platforms/MacOSX.platform/Developer/SDKs/MacOSX26.1.sdk/System/Library/Frameworks/Foundation.framework/Headers/NSMeasurement.h
/Applications/Xcode.app/Contents/Developer/Platforms/MacOSX.platform/Developer/SDKs/MacOSX26.1.sdk/System/Library/Frameworks/Foundation.framework/Headers/NSUnit.h
/Applications/Xcode.app/Contents/Developer/Platforms/MacOSX.platform/Developer/SDKs/MacOSX26.1.sdk/System/Library/Frameworks/Foundation.framework/Headers/NSLocale.h
/Applications/Xcode.app/Contents/Developer/Platforms/MacOSX.platform/Developer/SDKs/MacOSX26.1.sdk/System/Library/Frameworks/Foundation.framework/Headers/NSPersonNameComponents.h
/Applications/Xcode.app/Contents/Developer/Platforms/MacOSX.platform/Developer/SDKs/MacOSX26.1.sdk/System/Library/Frameworks/Foundation.framework/Headers/NSPersonNameComponentsFormatter.h
/Applications/Xcode.app/Contents/Developer/Platforms/MacOSX.platform/Developer/SDKs/MacOSX26.1.sdk/System/Library/Frameworks/Foundation.framework/Headers/NSRelativeDateTimeFormatter.h
/Applications/Xcode.app/Contents/Developer/Platforms/MacOSX.platform/Developer/SDKs/MacOSX26.1.sdk/System/Library/Frameworks/Foundation.framework/Headers/NSListFormatter.h
/Applications/Xcode.app/Contents/Developer/Platforms/MacOSX.platform/Developer/SDKs/MacOSX26.1.sdk/System/Library/Frameworks/Foundation.framework/Headers/NSDecimal.h
/Applications/Xcode.app/Contents/Developer/Platforms/MacOSX.platform/Developer/SDKs/MacOSX26.1.sdk/System/Library/Frameworks/Foundation.framework/Headers/NSDecimalNumber.h
/Applications/Xcode.app/Contents/Developer/Platforms/MacOSX.platform/Developer/SDKs/MacOSX26.1.sdk/System/Library/Frameworks/Foundation.framework/Headers/NSScanner.h
/Applications/Xcode.app/Contents/Developer/Platforms/MacOSX.platform/Developer/SDKs/MacOSX26.1.sdk/System/Library/Frameworks/Foundation.framework/Headers/NSException.h
/Applications/Xcode.app/Contents/Developer/Platforms/MacOSX.platform/Developer/SDKs/MacOSX26.1.sdk/System/Library/Frameworks/Foundation.framework/Headers/NSError.h
/Applications/Xcode.app/Contents/Developer/Platforms/MacOSX.platform/Developer/SDKs/MacOSX26.1.sdk/System/Library/Frameworks/Foundation.framework/Headers/NSFileHandle.h
/Applications/Xcode.app/Contents/Developer/Platforms/MacOSX.platform/Developer/SDKs/MacOSX26.1.sdk/System/Library/Frameworks/Foundation.framework/Headers/NSRunLoop.h
/Applications/Xcode.app/Contents/Developer/Platforms/MacOSX.platform/Developer/SDKs/MacOSX26.1.sdk/System/Library/Frameworks/Foundation.framework/Headers/NSFileManager.h
/Applications/Xcode.app/Contents/Developer/Platforms/MacOSX.platform/Developer/SDKs/MacOSX26.1.sdk/System/Library/Frameworks/Foundation.framework/Headers/NSPathUtilities.h
/Applications/Xcode.app/Contents/Developer/Platforms/MacOSX.platform/Developer/SDKs/MacOSX26.1.sdk/System/Library/Frameworks/Foundation.framework/Headers/NSURL.h
/Applications/Xcode.app/Contents/Developer/Platforms/MacOSX.platform/Developer/SDKs/MacOSX26.1.sdk/System/Library/Frameworks/Foundation.framework/Headers/NSURLHandle.h
/Applications/Xcode.app/Contents/Developer/Platforms/MacOSX.platform/Developer/SDKs/MacOSX26.1.sdk/System/Library/Frameworks/Foundation.framework/Headers/NSHashTable.h
/Applications/Xcode.app/Contents/Developer/Platforms/MacOSX.platform/Developer/SDKs/MacOSX26.1.sdk/System/Library/Frameworks/Foundation.framework/Headers/NSPointerFunctions.h
/Applications/Xcode.app/Contents/Developer/Platforms/MacOSX.platform/Developer/SDKs/MacOSX26.1.sdk/System/Library/Frameworks/Foundation.framework/Headers/NSHTTPCookie.h
/Applications/Xcode.app/Contents/Developer/Platforms/MacOSX.platform/Developer/SDKs/MacOSX26.1.sdk/System/Library/Frameworks/Foundation.framework/Headers/NSHTTPCookieStorage.h
/Applications/Xcode.app/Contents/Developer/Platforms/MacOSX.platform/Developer/SDKs/MacOSX26.1.sdk/System/Library/Frameworks/Foundation.framework/Headers/NSIndexPath.h
/Applications/Xcode.app/Contents/Developer/Platforms/MacOSX.platform/Developer/SDKs/MacOSX26.1.sdk/System/Library/Frameworks/Foundation.framework/Headers/NSInflectionRule.h
/Applications/Xcode.app/Contents/Developer/Platforms/MacOSX.platform/Developer/SDKs/MacOSX26.1.sdk/System/Library/Frameworks/Foundation.framework/Headers/NSInvocation.h
/Applications/Xcode.app/Contents/Developer/Platforms/MacOSX.platform/Developer/SDKs/MacOSX26.1.sdk/System/Library/Frameworks/Foundation.framework/Headers/NSJSONSerialization.h
/Applications/Xcode.app/Contents/Developer/Platforms/MacOSX.platform/Developer/SDKs/MacOSX26.1.sdk/System/Library/Frameworks/Foundation.framework/Headers/NSKeyValueCoding.h
/Applications/Xcode.app/Contents/Developer/Platforms/MacOSX.platform/Developer/SDKs/MacOSX26.1.sdk/System/Library/Frameworks/Foundation.framework/Headers/NSOrderedSet.h
/Applications/Xcode.app/Contents/Developer/Platforms/MacOSX.platform/Developer/SDKs/MacOSX26.1.sdk/System/Library/Frameworks/Foundation.framework/Headers/NSKeyValueObserving.h
/Applications/Xcode.app/Contents/Developer/Platforms/MacOSX.platform/Developer/SDKs/MacOSX26.1.sdk/System/Library/Frameworks/Foundation.framework/Headers/NSKeyValueSharedObservers.h
/Applications/Xcode.app/Contents/Developer/Platforms/MacOSX.platform/Developer/SDKs/MacOSX26.1.sdk/System/Library/Frameworks/Foundation.framework/Headers/NSKeyedArchiver.h
/Applications/Xcode.app/Contents/Developer/Platforms/MacOSX.platform/Developer/SDKs/MacOSX26.1.sdk/System/Library/Frameworks/Foundation.framework/Headers/NSPropertyList.h
/Applications/Xcode.app/Contents/Developer/Platforms/MacOSX.platform/Developer/SDKs/MacOSX26.1.sdk/System/Library/Frameworks/Foundation.framework/Headers/NSGeometry.h
/Applications/Xcode.app/Contents/Developer/Platforms/MacOSX.platform/Developer/SDKs/MacOSX26.1.sdk/System/Library/Frameworks/Foundation.framework/Headers/NSLock.h
/Applications/Xcode.app/Contents/Developer/Platforms/MacOSX.platform/Developer/SDKs/MacOSX26.1.sdk/System/Library/Frameworks/Foundation.framework/Headers/NSMapTable.h
/Applications/Xcode.app/Contents/Developer/Platforms/MacOSX.platform/Developer/SDKs/MacOSX26.1.sdk/System/Library/Frameworks/Foundation.framework/Headers/NSMethodSignature.h
/Applications/Xcode.app/Contents/Developer/Platforms/MacOSX.platform/Developer/SDKs/MacOSX26.1.sdk/System/Library/Frameworks/Foundation.framework/Headers/NSMorphology.h
/Applications/Xcode.app/Contents/Developer/Platforms/MacOSX.platform/Developer/SDKs/MacOSX26.1.sdk/System/Library/Frameworks/Foundation.framework/Headers/NSTermOfAddress.h
/Applications/Xcode.app/Contents/Developer/Platforms/MacOSX.platform/Developer/SDKs/MacOSX26.1.sdk/System/Library/Frameworks/Foundation.framework/Headers/NSNotificationQueue.h
/Applications/Xcode.app/Contents/Developer/Platforms/MacOSX.platform/Developer/SDKs/MacOSX26.1.sdk/System/Library/Frameworks/Foundation.framework/Headers/NSNull.h
/Applications/Xcode.app/Contents/Developer/Platforms/MacOSX.platform/Developer/SDKs/MacOSX26.1.sdk/System/Library/Frameworks/Foundation.framework/Headers/NSLocalizedNumberFormatRule.h
/Applications/Xcode.app/Contents/Developer/Platforms/MacOSX.platform/Developer/SDKs/MacOSX26.1.sdk/System/Library/Frameworks/Foundation.framework/Headers/NSOperation.h
/Applications/Xcode.app/Contents/Developer/Platforms/MacOSX.platform/Developer/SDKs/MacOSX26.1.sdk/System/Library/Frameworks/Foundation.framework/Headers/NSOrthography.h
/Applications/Xcode.app/Contents/Developer/Platforms/MacOSX.platform/Developer/SDKs/MacOSX26.1.sdk/System/Library/Frameworks/Foundation.framework/Headers/NSPointerArray.h
/Applications/Xcode.app/Contents/Developer/Platforms/MacOSX.platform/Developer/SDKs/MacOSX26.1.sdk/System/Library/Frameworks/Foundation.framework/Headers/NSPort.h
/Applications/Xcode.app/Contents/Developer/Platforms/MacOSX.platform/Developer/SDKs/MacOSX26.1.sdk/System/Library/Frameworks/Foundation.framework/Headers/NSProcessInfo.h
/Applications/Xcode.app/Contents/Developer/Platforms/MacOSX.platform/Developer/SDKs/MacOSX26.1.sdk/System/Library/Frameworks/Foundation.framework/Headers/NSProxy.h
/Applications/Xcode.app/Contents/Developer/Platforms/MacOSX.platform/Developer/SDKs/MacOSX26.1.sdk/System/Library/Frameworks/Foundation.framework/Headers/NSRegularExpression.h
/Applications/Xcode.app/Contents/Developer/Platforms/MacOSX.platform/Developer/SDKs/MacOSX26.1.sdk/System/Library/Frameworks/Foundation.framework/Headers/NSTextCheckingResult.h
/Applications/Xcode.app/Contents/Developer/Platforms/MacOSX.platform/Developer/SDKs/MacOSX26.1.sdk/System/Library/Frameworks/Foundation.framework/Headers/NSSortDescriptor.h
/Applications/Xcode.app/Contents/Developer/Platforms/MacOSX.platform/Developer/SDKs/MacOSX26.1.sdk/System/Library/Frameworks/Foundation.framework/Headers/NSStream.h
/Applications/Xcode.app/Contents/Developer/Platforms/MacOSX.platform/Developer/SDKs/MacOSX26.1.sdk/System/Library/Frameworks/Foundation.framework/Headers/NSThread.h
/Applications/Xcode.app/Contents/Developer/Platforms/MacOSX.platform/Developer/SDKs/MacOSX26.1.sdk/System/Library/Frameworks/Foundation.framework/Headers/NSTimeZone.h
/Applications/Xcode.app/Contents/Developer/Platforms/MacOSX.platform/Developer/SDKs/MacOSX26.1.sdk/System/Library/Frameworks/Foundation.framework/Headers/NSTimer.h
/Applications/Xcode.app/Contents/Developer/Platforms/MacOSX.platform/Developer/SDKs/MacOSX26.1.sdk/System/Library/Frameworks/Foundation.framework/Headers/NSURLAuthenticationChallenge.h
/Applications/Xcode.app/Contents/Developer/Platforms/MacOSX.platform/Developer/SDKs/MacOSX26.1.sdk/System/Library/Frameworks/Foundation.framework/Headers/NSURLCache.h
/Applications/Xcode.app/Contents/Developer/Platforms/MacOSX.platform/Developer/SDKs/MacOSX26.1.sdk/System/Library/Frameworks/Foundation.framework/Headers/NSURLConnection.h
/Applications/Xcode.app/Contents/Developer/Platforms/MacOSX.platform/Developer/SDKs/MacOSX26.1.sdk/System/Library/Frameworks/Foundation.framework/Headers/NSURLCredential.h
/Applications/Xcode.app/Contents/Developer/Platforms/MacOSX.platform/Developer/SDKs/MacOSX26.1.sdk/System/Library/Frameworks/Security.framework/Modules/module.modulemap
/Applications/Xcode.app/Contents/Developer/Platforms/MacOSX.platform/Developer/SDKs/MacOSX26.1.sdk/System/Library/Frameworks/Foundation.framework/Headers/NSURLCredentialStorage.h
/Applications/Xcode.app/Contents/Developer/Platforms/MacOSX.platform/Developer/SDKs/MacOSX26.1.sdk/System/Library/Frameworks/Foundation.framework/Headers/NSURLProtectionSpace.h
/Applications/Xcode.app/Contents/Developer/Platforms/MacOSX.platform/Developer/SDKs/MacOSX26.1.sdk/System/Library/Frameworks/Foundation.framework/Headers/NSURLError.h
/Applications/Xcode.app/Contents/Developer/Platforms/MacOSX.platform/Developer/SDKs/MacOSX26.1.sdk/System/Library/Frameworks/CoreServices.framework/Modules/module.modulemap
/Applications/Xcode.app/Contents/Developer/Platforms/MacOSX.platform/Developer/SDKs/MacOSX26.1.sdk/System/Library/Frameworks/Foundation.framework/Headers/NSURLProtocol.h
/Applications/Xcode.app/Contents/Developer/Platforms/MacOSX.platform/Developer/SDKs/MacOSX26.1.sdk/System/Library/Frameworks/Foundation.framework/Headers/NSURLRequest.h
/Applications/Xcode.app/Contents/Developer/Platforms/MacOSX.platform/Developer/SDKs/MacOSX26.1.sdk/System/Library/Frameworks/Foundation.framework/Headers/NSURLResponse.h
/Applications/Xcode.app/Contents/Developer/Platforms/MacOSX.platform/Developer/SDKs/MacOSX26.1.sdk/System/Library/Frameworks/Foundation.framework/Headers/NSUserDefaults.h
/Applications/Xcode.app/Contents/Developer/Platforms/MacOSX.platform/Developer/SDKs/MacOSX26.1.sdk/System/Library/Frameworks/Foundation.framework/Headers/NSValueTransformer.h
/Applications/Xcode.app/Contents/Developer/Platforms/MacOSX.platform/Developer/SDKs/MacOSX26.1.sdk/System/Library/Frameworks/Foundation.framework/Headers/NSXMLParser.h
/Applications/Xcode.app/Contents/Developer/Platforms/MacOSX.platform/Developer/SDKs/MacOSX26.1.sdk/System/Library/Frameworks/Foundation.framework/Headers/NSXPCConnection.h
/Applications/Xcode.app/Contents/Developer/Platforms/MacOSX.platform/Developer/SDKs/MacOSX26.1.sdk/System/Library/Frameworks/Foundation.framework/Headers/FoundationErrors.h
/Applications/Xcode.app/Contents/Developer/Platforms/MacOSX.platform/Developer/SDKs/MacOSX26.1.sdk/System/Library/Frameworks/Foundation.framework/Headers/NSByteCountFormatter.h
/Applications/Xcode.app/Contents/Developer/Platforms/MacOSX.platform/Developer/SDKs/MacOSX26.1.sdk/System/Library/Frameworks/Foundation.framework/Headers/NSCache.h
/Applications/Xcode.app/Contents/Developer/Platforms/MacOSX.platform/Developer/SDKs/MacOSX26.1.sdk/System/Library/Frameworks/Foundation.framework/Headers/NSComparisonPredicate.h
/Applications/Xcode.app/Contents/Developer/Platforms/MacOSX.platform/Developer/SDKs/MacOSX26.1.sdk/System/Library/Frameworks/Foundation.framework/Headers/NSPredicate.h
/Applications/Xcode.app/Contents/Developer/Platforms/MacOSX.platform/Developer/SDKs/MacOSX26.1.sdk/System/Library/Frameworks/Foundation.framework/Headers/NSCompoundPredicate.h
/Applications/Xcode.app/Contents/Developer/Platforms/MacOSX.platform/Developer/SDKs/MacOSX26.1.sdk/System/Library/Frameworks/Foundation.framework/Headers/NSDateComponentsFormatter.h
/Applications/Xcode.app/Contents/Developer/Platforms/MacOSX.platform/Developer/SDKs/MacOSX26.1.sdk/System/Library/Frameworks/Foundation.framework/Headers/NSExpression.h
/Applications/Xcode.app/Contents/Developer/Platforms/MacOSX.platform/Developer/SDKs/MacOSX26.1.sdk/System/Library/Frameworks/Foundation.framework/Headers/NSExtensionContext.h
/Applications/Xcode.app/Contents/Developer/Platforms/MacOSX.platform/Developer/SDKs/MacOSX26.1.sdk/System/Library/Frameworks/Foundation.framework/Headers/NSExtensionItem.h
/Applications/Xcode.app/Contents/Developer/Platforms/MacOSX.platform/Developer/SDKs/MacOSX26.1.sdk/System/Library/Frameworks/Foundation.framework/Headers/NSExtensionRequestHandling.h
/Applications/Xcode.app/Contents/Developer/Platforms/MacOSX.platform/Developer/SDKs/MacOSX26.1.sdk/System/Library/Frameworks/Foundation.framework/Headers/NSFileCoordinator.h
/Applications/Xcode.app/Contents/Developer/Platforms/MacOSX.platform/Developer/SDKs/MacOSX26.1.sdk/System/Library/Frameworks/Foundation.framework/Headers/NSFilePresenter.h
/Applications/Xcode.app/Contents/Developer/Platforms/MacOSX.platform/Developer/SDKs/MacOSX26.1.sdk/System/Library/Frameworks/Foundation.framework/Headers/NSFileVersion.h
/Applications/Xcode.app/Contents/Developer/Platforms/MacOSX.platform/Developer/SDKs/MacOSX26.1.sdk/System/Library/Frameworks/Foundation.framework/Headers/NSFileWrapper.h
/Applications/Xcode.app/Contents/Developer/Platforms/MacOSX.platform/Developer/SDKs/MacOSX26.1.sdk/System/Library/Frameworks/Foundation.framework/Headers/NSLinguisticTagger.h
/Applications/Xcode.app/Contents/Developer/Platforms/MacOSX.platform/Developer/SDKs/MacOSX26.1.sdk/System/Library/Frameworks/Foundation.framework/Headers/NSMetadata.h
/Applications/Xcode.app/Contents/Developer/Platforms/MacOSX.platform/Developer/SDKs/MacOSX26.1.sdk/System/Library/Frameworks/Foundation.framework/Headers/NSMetadataAttributes.h
/Applications/Xcode.app/Contents/Developer/Platforms/MacOSX.platform/Developer/SDKs/MacOSX26.1.sdk/System/Library/Frameworks/Foundation.framework/Headers/NSNetServices.h
/Applications/Xcode.app/Contents/Developer/Platforms/MacOSX.platform/Developer/SDKs/MacOSX26.1.sdk/System/Library/Frameworks/Foundation.framework/Headers/NSUbiquitousKeyValueStore.h
/Applications/Xcode.app/Contents/Developer/Platforms/MacOSX.platform/Developer/SDKs/MacOSX26.1.sdk/System/Library/Frameworks/Foundation.framework/Headers/NSUndoManager.h
/Applications/Xcode.app/Contents/Developer/Platforms/MacOSX.platform/Developer/SDKs/MacOSX26.1.sdk/System/Library/Frameworks/Foundation.framework/Headers/NSURLSession.h
/Applications/Xcode.app/Contents/Developer/Platforms/MacOSX.platform/Developer/SDKs/MacOSX26.1.sdk/System/Library/Frameworks/Foundation.framework/Headers/NSUserActivity.h
/Applications/Xcode.app/Contents/Developer/Platforms/MacOSX.platform/Developer/SDKs/MacOSX26.1.sdk/System/Library/Frameworks/Foundation.framework/Headers/NSUUID.h
/Applications/Xcode.app/Contents/Developer/Platforms/MacOSX.platform/Developer/SDKs/MacOSX26.1.sdk/System/Library/Frameworks/Foundation.framework/Headers/NSAffineTransform.h
/Applications/Xcode.app/Contents/Developer/Platforms/MacOSX.platform/Developer/SDKs/MacOSX26.1.sdk/System/Library/Frameworks/Foundation.framework/Headers/NSAppleScript.h
/Applications/Xcode.app/Contents/Developer/Platforms/MacOSX.platform/Developer/SDKs/MacOSX26.1.sdk/System/Library/Frameworks/Foundation.framework/Headers/NSArchiver.h
/Applications/Xcode.app/Contents/Developer/Platforms/MacOSX.platform/Developer/SDKs/MacOSX26.1.sdk/System/Library/Frameworks/Foundation.framework/Headers/NSBackgroundActivityScheduler.h
/Applications/Xcode.app/Contents/Developer/Platforms/MacOSX.platform/Developer/SDKs/MacOSX26.1.sdk/System/Library/Frameworks/Foundation.framework/Headers/NSCalendarDate.h
/Applications/Xcode.app/Contents/Developer/Platforms/MacOSX.platform/Developer/SDKs/MacOSX26.1.sdk/System/Library/Frameworks/Foundation.framework/Headers/NSConnection.h
/Applications/Xcode.app/Contents/Developer/Platforms/MacOSX.platform/Developer/SDKs/MacOSX26.1.sdk/System/Library/Frameworks/Foundation.framework/Headers/NSDistantObject.h
/Applications/Xcode.app/Contents/Developer/Platforms/MacOSX.platform/Developer/SDKs/MacOSX26.1.sdk/System/Library/Frameworks/Foundation.framework/Headers/NSDistributedNotificationCenter.h
/Applications/Xcode.app/Contents/Developer/Platforms/MacOSX.platform/Developer/SDKs/MacOSX26.1.sdk/System/Library/Frameworks/Foundation.framework/Headers/NSPortCoder.h
/Applications/Xcode.app/Contents/Developer/Platforms/MacOSX.platform/Developer/SDKs/MacOSX26.1.sdk/System/Library/Frameworks/Foundation.framework/Headers/NSPortMessage.h
/Applications/Xcode.app/Contents/Developer/Platforms/MacOSX.platform/Developer/SDKs/MacOSX26.1.sdk/System/Library/Frameworks/Foundation.framework/Headers/NSPortNameServer.h
/Applications/Xcode.app/Contents/Developer/Platforms/MacOSX.platform/Developer/SDKs/MacOSX26.1.sdk/System/Library/Frameworks/Foundation.framework/Headers/NSProtocolChecker.h
/Applications/Xcode.app/Contents/Developer/Platforms/MacOSX.platform/Developer/SDKs/MacOSX26.1.sdk/System/Library/Frameworks/Foundation.framework/Headers/NSTask.h
/Applications/Xcode.app/Contents/Developer/Platforms/MacOSX.platform/Developer/SDKs/MacOSX26.1.sdk/System/Library/Frameworks/Foundation.framework/Headers/NSXMLDTD.h
/Applications/Xcode.app/Contents/Developer/Platforms/MacOSX.platform/Developer/SDKs/MacOSX26.1.sdk/System/Library/Frameworks/Foundation.framework/Headers/NSXMLNode.h
/Applications/Xcode.app/Contents/Developer/Platforms/MacOSX.platform/Developer/SDKs/MacOSX26.1.sdk/System/Library/Frameworks/Foundation.framework/Headers/NSXMLNodeOptions.h
/Applications/Xcode.app/Contents/Developer/Platforms/MacOSX.platform/Developer/SDKs/MacOSX26.1.sdk/System/Library/Frameworks/Foundation.framework/Headers/NSXMLDTDNode.h
/Applications/Xcode.app/Contents/Developer/Platforms/MacOSX.platform/Developer/SDKs/MacOSX26.1.sdk/System/Library/Frameworks/Foundation.framework/Headers/NSXMLDocument.h
/Applications/Xcode.app/Contents/Developer/Platforms/MacOSX.platform/Developer/SDKs/MacOSX26.1.sdk/System/Library/Frameworks/Foundation.framework/Headers/NSXMLElement.h
/Applications/Xcode.app/Contents/Developer/Platforms/MacOSX.platform/Developer/SDKs/MacOSX26.1.sdk/System/Library/Frameworks/Foundation.framework/Headers/NSURLDownload.h
/Applications/Xcode.app/Contents/Developer/Platforms/MacOSX.platform/Developer/SDKs/MacOSX26.1.sdk/System/Library/Frameworks/Foundation.framework/Headers/NSAppleEventDescriptor.h
/Applications/Xcode.app/Contents/Developer/Platforms/MacOSX.platform/Developer/SDKs/MacOSX26.1.sdk/System/Library/Frameworks/Foundation.framework/Headers/NSAppleEventManager.h
/Applications/Xcode.app/Contents/Developer/Platforms/MacOSX.platform/Developer/SDKs/MacOSX26.1.sdk/System/Library/Frameworks/Foundation.framework/Headers/NSClassDescription.h
/Applications/Xcode.app/Contents/Developer/Platforms/MacOSX.platform/Developer/SDKs/MacOSX26.1.sdk/System/Library/Frameworks/Foundation.framework/Headers/NSDistributedLock.h
/Applications/Xcode.app/Contents/Developer/Platforms/MacOSX.platform/Developer/SDKs/MacOSX26.1.sdk/System/Library/Frameworks/Foundation.framework/Headers/NSGarbageCollector.h
/Applications/Xcode.app/Contents/Developer/Platforms/MacOSX.platform/Developer/SDKs/MacOSX26.1.sdk/System/Library/Frameworks/Foundation.framework/Headers/NSHFSFileTypes.h
/Applications/Xcode.app/Contents/Developer/Platforms/MacOSX.platform/Developer/SDKs/MacOSX26.1.sdk/System/Library/Frameworks/Foundation.framework/Headers/NSHost.h
/Applications/Xcode.app/Contents/Developer/Platforms/MacOSX.platform/Developer/SDKs/MacOSX26.1.sdk/System/Library/Frameworks/Foundation.framework/Headers/NSObjectScripting.h
/Applications/Xcode.app/Contents/Developer/Platforms/MacOSX.platform/Developer/SDKs/MacOSX26.1.sdk/System/Library/Frameworks/Foundation.framework/Headers/NSScriptClassDescription.h
/Applications/Xcode.app/Contents/Developer/Platforms/MacOSX.platform/Developer/SDKs/MacOSX26.1.sdk/System/Library/Frameworks/Foundation.framework/Headers/NSScriptCoercionHandler.h
/Applications/Xcode.app/Contents/Developer/Platforms/MacOSX.platform/Developer/SDKs/MacOSX26.1.sdk/System/Library/Frameworks/Foundation.framework/Headers/NSScriptCommand.h
/Applications/Xcode.app/Contents/Developer/Platforms/MacOSX.platform/Developer/SDKs/MacOSX26.1.sdk/System/Library/Frameworks/Foundation.framework/Headers/NSScriptCommandDescription.h
/Applications/Xcode.app/Contents/Developer/Platforms/MacOSX.platform/Developer/SDKs/MacOSX26.1.sdk/System/Library/Frameworks/Foundation.framework/Headers/NSScriptExecutionContext.h
/Applications/Xcode.app/Contents/Developer/Platforms/MacOSX.platform/Developer/SDKs/MacOSX26.1.sdk/System/Library/Frameworks/Foundation.framework/Headers/NSScriptKeyValueCoding.h
/Applications/Xcode.app/Contents/Developer/Platforms/MacOSX.platform/Developer/SDKs/MacOSX26.1.sdk/System/Library/Frameworks/Foundation.framework/Headers/NSScriptObjectSpecifiers.h
/Applications/Xcode.app/Contents/Developer/Platforms/MacOSX.platform/Developer/SDKs/MacOSX26.1.sdk/System/Library/Frameworks/Foundation.framework/Headers/NSScriptStandardSuiteCommands.h
/Applications/Xcode.app/Contents/Developer/Platforms/MacOSX.platform/Developer/SDKs/MacOSX26.1.sdk/System/Library/Frameworks/Foundation.framework/Headers/NSScriptSuiteRegistry.h
/Applications/Xcode.app/Contents/Developer/Platforms/MacOSX.platform/Developer/SDKs/MacOSX26.1.sdk/System/Library/Frameworks/Foundation.framework/Headers/NSScriptWhoseTests.h
/Applications/Xcode.app/Contents/Developer/Platforms/MacOSX.platform/Developer/SDKs/MacOSX26.1.sdk/System/Library/Frameworks/Foundation.framework/Headers/NSSpellServer.h
/Applications/Xcode.app/Contents/Developer/Platforms/MacOSX.platform/Developer/SDKs/MacOSX26.1.sdk/System/Library/Frameworks/Foundation.framework/Headers/NSUserNotification.h
/Applications/Xcode.app/Contents/Developer/Platforms/MacOSX.platform/Developer/SDKs/MacOSX26.1.sdk/System/Library/Frameworks/Foundation.framework/Headers/NSUserScriptTask.h
/Applications/Xcode.app/Contents/Developer/Platforms/MacOSX.platform/Developer/SDKs/MacOSX26.1.sdk/System/Library/Frameworks/Foundation.framework/Headers/FoundationLegacySwiftCompatibility.h
/Applications/Xcode.app/Contents/Developer/Platforms/MacOSX.platform/Developer/SDKs/MacOSX26.1.sdk/System/Library/Frameworks/Foundation.framework/Headers/NSDebug.h
/Applications/Xcode.app/Contents/Developer/Platforms/MacOSX.platform/Developer/SDKs/MacOSX26.1.sdk/SDKSettings.json
/Applications/Xcode.app/Contents/Developer/Toolchains/XcodeDefault.xctoolchain/usr/lib/swift/macosx/prebuilt-modules/26.1/IOKit.swiftmodule/arm64e-apple-macos.swiftmodule
/Applications/Xcode.app/Contents/Developer/Platforms/MacOSX.platform/Developer/SDKs/MacOSX26.1.sdk/System/Library/Frameworks/IOKit.framework/Modules/module.modulemap
/Applications/Xcode.app/Contents/Developer/Platforms/MacOSX.platform/Developer/SDKs/MacOSX26.1.sdk/System/Library/Frameworks/IOKit.framework/Headers/IOReturn.h
/Applications/Xcode.app/Contents/Developer/Platforms/MacOSX.platform/Developer/SDKs/MacOSX26.1.sdk/usr/include/dispatch.modulemap
/Applications/Xcode.app/Contents/Developer/Platforms/MacOSX.platform/Developer/SDKs/MacOSX26.1.sdk/usr/include/libkern.modulemap
/Applications/Xcode.app/Contents/Developer/Platforms/MacOSX.platform/Developer/SDKs/MacOSX26.1.sdk/usr/include/Darwin.modulemap
/Applications/Xcode.app/Contents/Developer/Platforms/MacOSX.platform/Developer/SDKs/MacOSX26.1.sdk/usr/include/Darwin_C.modulemap
/Applications/Xcode.app/Contents/Developer/Platforms/MacOSX.platform/Developer/SDKs/MacOSX26.1.sdk/usr/include/Darwin_POSIX.modulemap
/Applications/Xcode.app/Contents/Developer/Platforms/MacOSX.platform/Developer/SDKs/MacOSX26.1.sdk/usr/include/net.modulemap
/Applications/Xcode.app/Contents/Developer/Platforms/MacOSX.platform/Developer/SDKs/MacOSX26.1.sdk/usr/include/netinet.modulemap
/Applications/Xcode.app/Contents/Developer/Platforms/MacOSX.platform/Developer/SDKs/MacOSX26.1.sdk/usr/include/bank.modulemap
/Applications/Xcode.app/Contents/Developer/Platforms/MacOSX.platform/Developer/SDKs/MacOSX26.1.sdk/usr/include/Darwin_Mach.modulemap
/Applications/Xcode.app/Contents/Developer/Platforms/MacOSX.platform/Developer/SDKs/MacOSX26.1.sdk/usr/include/Darwin_Mach_machine.modulemap
/Applications/Xcode.app/Contents/Developer/Platforms/MacOSX.platform/Developer/SDKs/MacOSX26.1.sdk/usr/include/mach_debug.modulemap
/Applications/Xcode.app/Contents/Developer/Platforms/MacOSX.platform/Developer/SDKs/MacOSX26.1.sdk/usr/include/device.modulemap
/Applications/Xcode.app/Contents/Developer/Platforms/MacOSX.platform/Developer/SDKs/MacOSX26.1.sdk/usr/include/Darwin_machine.modulemap
/Applications/Xcode.app/Contents/Developer/Platforms/MacOSX.platform/Developer/SDKs/MacOSX26.1.sdk/usr/include/ncurses.modulemap
/Applications/Xcode.app/Contents/Developer/Platforms/MacOSX.platform/Developer/SDKs/MacOSX26.1.sdk/usr/include/netinet6.modulemap
/Applications/Xcode.app/Contents/Developer/Platforms/MacOSX.platform/Developer/SDKs/MacOSX26.1.sdk/usr/include/Darwin_sys.modulemap
/Applications/Xcode.app/Contents/Developer/Platforms/MacOSX.platform/Developer/SDKs/MacOSX26.1.sdk/usr/include/uuid.modulemap
/Applications/Xcode.app/Contents/Developer/Platforms/MacOSX.platform/Developer/SDKs/MacOSX26.1.sdk/usr/include/DarwinFoundation2.modulemap
/Applications/Xcode.app/Contents/Developer/Platforms/MacOSX.platform/Developer/SDKs/MacOSX26.1.sdk/usr/include/DarwinFoundation1.modulemap
/Applications/Xcode.app/Contents/Developer/Platforms/MacOSX.platform/Developer/SDKs/MacOSX26.1.sdk/System/Library/Frameworks/IOKit.framework/Headers/IOMapTypes.h
/Applications/Xcode.app/Contents/Developer/Platforms/MacOSX.platform/Developer/SDKs/MacOSX26.1.sdk/System/Library/Frameworks/IOKit.framework/Headers/IOTypes.h
/Applications/Xcode.app/Contents/Developer/Toolchains/XcodeDefault.xctoolchain/usr/lib/swift/clang/include/module.modulemap
/Applications/Xcode.app/Contents/Developer/Platforms/MacOSX.platform/Developer/SDKs/MacOSX26.1.sdk/System/Library/Frameworks/IOKit.framework/Headers/IOKitKeys.h
/Applications/Xcode.app/Contents/Developer/Platforms/MacOSX.platform/Developer/SDKs/MacOSX26.1.sdk/System/Library/Frameworks/IOKit.framework/Headers/OSMessageNotification.h
/Applications/Xcode.app/Contents/Developer/Platforms/MacOSX.platform/Developer/SDKs/MacOSX26.1.sdk/System/Library/Frameworks/IOKit.framework/Headers/IOKitLib.h
/Applications/Xcode.app/Contents/Developer/Platforms/MacOSX.platform/Developer/SDKs/MacOSX26.1.sdk/System/Library/Frameworks/CoreFoundation.framework/Modules/module.modulemap
/Applications/Xcode.app/Contents/Developer/Platforms/MacOSX.platform/Developer/SDKs/MacOSX26.1.sdk/System/Library/Frameworks/IOKit.framework/Headers/IOBSD.h
/Applications/Xcode.app/Contents/Developer/Platforms/MacOSX.platform/Developer/SDKs/MacOSX26.1.sdk/System/Library/Frameworks/IOKit.framework/Headers/IODataQueueClient.h
/Applications/Xcode.app/Contents/Developer/Platforms/MacOSX.platform/Developer/SDKs/MacOSX26.1.sdk/System/Library/Frameworks/IOKit.framework/Headers/IODataQueueShared.h
/Applications/Xcode.app/Contents/Developer/Platforms/MacOSX.platform/Developer/SDKs/MacOSX26.1.sdk/System/Library/Frameworks/IOKit.framework/Headers/IOCFBundle.h
/Applications/Xcode.app/Contents/Developer/Platforms/MacOSX.platform/Developer/SDKs/MacOSX26.1.sdk/System/Library/Frameworks/IOKit.framework/Headers/IOSharedLock.h
/Applications/Xcode.app/Contents/Developer/Platforms/MacOSX.platform/Developer/SDKs/MacOSX26.1.sdk/System/Library/Frameworks/IOKit.framework/Headers/IOCFPlugIn.h
/Applications/Xcode.app/Contents/Developer/Platforms/MacOSX.platform/Developer/SDKs/MacOSX26.1.sdk/System/Library/Frameworks/IOKit.framework/Headers/IOCFSerialize.h
/Applications/Xcode.app/Contents/Developer/Platforms/MacOSX.platform/Developer/SDKs/MacOSX26.1.sdk/System/Library/Frameworks/IOKit.framework/Headers/IOCFURLAccess.h
/Applications/Xcode.app/Contents/Developer/Platforms/MacOSX.platform/Developer/SDKs/MacOSX26.1.sdk/System/Library/Frameworks/IOKit.framework/Headers/IOKitServer.h
/Applications/Xcode.app/Contents/Developer/Platforms/MacOSX.platform/Developer/SDKs/MacOSX26.1.sdk/System/Library/Frameworks/IOKit.framework/Headers/IOCFUnserialize.h
/Applications/Xcode.app/Contents/Developer/Platforms/MacOSX.platform/Developer/SDKs/MacOSX26.1.sdk/System/Library/Frameworks/IOKit.framework/Headers/IOMessage.h
/Applications/Xcode.app/Contents/Developer/Platforms/MacOSX.platform/Developer/SDKs/MacOSX26.1.sdk/System/Library/Frameworks/IOKit.framework/Headers/IORPC.h
/Applications/Xcode.app/Contents/Developer/Platforms/MacOSX.platform/Developer/SDKs/MacOSX26.1.sdk/System/Library/Frameworks/IOKit.framework/Headers/IOUserServer.h
/Applications/Xcode.app/Contents/Developer/Platforms/MacOSX.platform/Developer/SDKs/MacOSX26.1.sdk/System/Library/Frameworks/IOKit.framework/Headers/audio/IOAudioDefines.h
/Applications/Xcode.app/Contents/Developer/Platforms/MacOSX.platform/Developer/SDKs/MacOSX26.1.sdk/System/Library/Frameworks/IOKit.framework/Headers/audio/IOAudioLib.h
/Applications/Xcode.app/Contents/Developer/Platforms/MacOSX.platform/Developer/SDKs/MacOSX26.1.sdk/System/Library/Frameworks/IOKit.framework/Headers/audio/IOAudioTypes.h
/Applications/Xcode.app/Contents/Developer/Platforms/MacOSX.platform/Developer/SDKs/MacOSX26.1.sdk/System/Library/Frameworks/IOKit.framework/Headers/avc/IOFireWireAVCConsts.h
/Applications/Xcode.app/Contents/Developer/Platforms/MacOSX.platform/Developer/SDKs/MacOSX26.1.sdk/System/Library/Frameworks/IOKit.framework/Headers/avc/IOFireWireAVCLib.h
/Applications/Xcode.app/Contents/Developer/Platforms/MacOSX.platform/Developer/SDKs/MacOSX26.1.sdk/System/Library/Frameworks/IOKit.framework/Headers/firewire/IOFireWireFamilyCommon.h
/Applications/Xcode.app/Contents/Developer/Platforms/MacOSX.platform/Developer/SDKs/MacOSX26.1.sdk/System/Library/Frameworks/IOKit.framework/Headers/firewire/IOFireWireLib.h
/Applications/Xcode.app/Contents/Developer/Platforms/MacOSX.platform/Developer/SDKs/MacOSX26.1.sdk/System/Library/Frameworks/IOKit.framework/Headers/firewire/IOFireWireLibIsoch.h
/Applications/Xcode.app/Contents/Developer/Platforms/MacOSX.platform/Developer/SDKs/MacOSX26.1.sdk/System/Library/Frameworks/IOKit.framework/Headers/graphics/IOAccelClientConnect.h
/Applications/Xcode.app/Contents/Developer/Platforms/MacOSX.platform/Developer/SDKs/MacOSX26.1.sdk/System/Library/Frameworks/IOKit.framework/Headers/graphics/IOGraphicsInterface.h
/Applications/Xcode.app/Contents/Developer/Platforms/MacOSX.platform/Developer/SDKs/MacOSX26.1.sdk/System/Library/Frameworks/IOKit.framework/Headers/graphics/IOGraphicsInterfaceTypes.h
/Applications/Xcode.app/Contents/Developer/Platforms/MacOSX.platform/Developer/SDKs/MacOSX26.1.sdk/System/Library/Frameworks/IOKit.framework/Headers/graphics/IOAccelSurfaceConnect.h
/Applications/Xcode.app/Contents/Developer/Platforms/MacOSX.platform/Developer/SDKs/MacOSX26.1.sdk/System/Library/Frameworks/IOKit.framework/Headers/graphics/IOAccelTypes.h
/Applications/Xcode.app/Contents/Developer/Platforms/MacOSX.platform/Developer/SDKs/MacOSX26.1.sdk/System/Library/Frameworks/IOKit.framework/Headers/graphics/IOGraphicsLib.h
/Applications/Xcode.app/Contents/Developer/Platforms/MacOSX.platform/Developer/SDKs/MacOSX26.1.sdk/System/Library/Frameworks/IOKit.framework/Headers/graphics/IOFramebufferShared.h
/Applications/Xcode.app/Contents/Developer/Platforms/MacOSX.platform/Developer/SDKs/MacOSX26.1.sdk/System/Library/Frameworks/IOKit.framework/Headers/hidsystem/IOHIDTypes.h
/Applications/Xcode.app/Contents/Developer/Platforms/MacOSX.platform/Developer/SDKs/MacOSX26.1.sdk/System/Library/Frameworks/IOKit.framework/Headers/graphics/IOGraphicsTypes.h
/Applications/Xcode.app/Contents/Developer/Platforms/MacOSX.platform/Developer/SDKs/MacOSX26.1.sdk/System/Library/Frameworks/IOKit.framework/Headers/graphics/IOGraphicsEngine.h
/Applications/Xcode.app/Contents/Developer/Platforms/MacOSX.platform/Developer/SDKs/MacOSX26.1.sdk/System/Library/Frameworks/IOKit.framework/Headers/hid/IOHIDBase.h
/Applications/Xcode.app/Contents/Developer/Platforms/MacOSX.platform/Developer/SDKs/MacOSX26.1.sdk/System/Library/Frameworks/IOKit.framework/Headers/hid/IOHIDKeys.h
/Applications/Xcode.app/Contents/Developer/Platforms/MacOSX.platform/Developer/SDKs/MacOSX26.1.sdk/System/Library/Frameworks/IOKit.framework/Headers/hidsystem/IOHIDParameter.h
/Applications/Xcode.app/Contents/Developer/Platforms/MacOSX.platform/Developer/SDKs/MacOSX26.1.sdk/System/Library/Frameworks/IOKit.framework/Headers/hidsystem/IOLLEvent.h
/Applications/Xcode.app/Contents/Developer/Platforms/MacOSX.platform/Developer/SDKs/MacOSX26.1.sdk/System/Library/Frameworks/IOKit.framework/Headers/hid/IOHIDProperties.h
/Applications/Xcode.app/Contents/Developer/Platforms/MacOSX.platform/Developer/SDKs/MacOSX26.1.sdk/System/Library/Frameworks/IOKit.framework/Headers/hid/IOHIDEventServiceKeys.h
/Applications/Xcode.app/Contents/Developer/Platforms/MacOSX.platform/Developer/SDKs/MacOSX26.1.sdk/System/Library/Frameworks/IOKit.framework/Headers/hid/IOHIDDeviceTypes.h
/Applications/Xcode.app/Contents/Developer/Platforms/MacOSX.platform/Developer/SDKs/MacOSX26.1.sdk/System/Library/Frameworks/IOKit.framework/Headers/hid/IOHIDDeviceKeys.h
/Applications/Xcode.app/Contents/Developer/Platforms/MacOSX.platform/Developer/SDKs/MacOSX26.1.sdk/System/Library/Frameworks/IOKit.framework/Headers/hid/IOHIDQueue.h
/Applications/Xcode.app/Contents/Developer/Platforms/MacOSX.platform/Developer/SDKs/MacOSX26.1.sdk/System/Library/Frameworks/IOKit.framework/Headers/hid/IOHIDDevice.h
/Applications/Xcode.app/Contents/Developer/Platforms/MacOSX.platform/Developer/SDKs/MacOSX26.1.sdk/System/Library/Frameworks/IOKit.framework/Headers/hid/IOHIDLib.h
/Applications/Xcode.app/Contents/Developer/Platforms/MacOSX.platform/Developer/SDKs/MacOSX26.1.sdk/System/Library/Frameworks/IOKit.framework/Headers/hid/IOHIDElement.h
/Applications/Xcode.app/Contents/Developer/Platforms/MacOSX.platform/Developer/SDKs/MacOSX26.1.sdk/System/Library/Frameworks/IOKit.framework/Headers/hid/IOHIDLibObsolete.h
/Applications/Xcode.app/Contents/Developer/Platforms/MacOSX.platform/Developer/SDKs/MacOSX26.1.sdk/System/Library/Frameworks/IOKit.framework/Headers/hid/IOHIDManager.h
/Applications/Xcode.app/Contents/Developer/Platforms/MacOSX.platform/Developer/SDKs/MacOSX26.1.sdk/System/Library/Frameworks/IOKit.framework/Headers/hid/IOHIDUsageTables.h
/Applications/Xcode.app/Contents/Developer/Platforms/MacOSX.platform/Developer/SDKs/MacOSX26.1.sdk/System/Library/Frameworks/IOKit.framework/Headers/hid/IOHIDValue.h
/Applications/Xcode.app/Contents/Developer/Platforms/MacOSX.platform/Developer/SDKs/MacOSX26.1.sdk/System/Library/Frameworks/IOKit.framework/Headers/hid/IOHIDTransaction.h
/Applications/Xcode.app/Contents/Developer/Platforms/MacOSX.platform/Developer/SDKs/MacOSX26.1.sdk/System/Library/Frameworks/IOKit.framework/Headers/hid/IOHIDDevicePlugIn.h
/Applications/Xcode.app/Contents/Developer/Platforms/MacOSX.platform/Developer/SDKs/MacOSX26.1.sdk/System/Library/Frameworks/IOKit.framework/Headers/hid/IOHIDEventServiceTypes.h
/Applications/Xcode.app/Contents/Developer/Platforms/MacOSX.platform/Developer/SDKs/MacOSX26.1.sdk/System/Library/Frameworks/IOKit.framework/Headers/hidsystem/IOHIDLib.h
/Applications/Xcode.app/Contents/Developer/Platforms/MacOSX.platform/Developer/SDKs/MacOSX26.1.sdk/System/Library/Frameworks/IOKit.framework/Headers/hidsystem/IOHIDShared.h
/Applications/Xcode.app/Contents/Developer/Platforms/MacOSX.platform/Developer/SDKs/MacOSX26.1.sdk/System/Library/Frameworks/IOKit.framework/Headers/hidsystem/event_status_driver.h
/Applications/Xcode.app/Contents/Developer/Platforms/MacOSX.platform/Developer/SDKs/MacOSX26.1.sdk/System/Library/Frameworks/IOKit.framework/Headers/hidsystem/ev_keymap.h
/Applications/Xcode.app/Contents/Developer/Platforms/MacOSX.platform/Developer/SDKs/MacOSX26.1.sdk/System/Library/Frameworks/IOKit.framework/Headers/hidsystem/IOHIDEventSystemClient.h
/Applications/Xcode.app/Contents/Developer/Platforms/MacOSX.platform/Developer/SDKs/MacOSX26.1.sdk/System/Library/Frameworks/IOKit.framework/Headers/hidsystem/IOHIDServiceClient.h
/Applications/Xcode.app/Contents/Developer/Platforms/MacOSX.platform/Developer/SDKs/MacOSX26.1.sdk/System/Library/Frameworks/IOKit.framework/Headers/hidsystem/IOHIDUserDevice.h
/Applications/Xcode.app/Contents/Developer/Platforms/MacOSX.platform/Developer/SDKs/MacOSX26.1.sdk/System/Library/Frameworks/IOKit.framework/Headers/i2c/IOI2CInterface.h
/Applications/Xcode.app/Contents/Developer/Platforms/MacOSX.platform/Developer/SDKs/MacOSX26.1.sdk/System/Library/Frameworks/IOKit.framework/Headers/kext/KextManager.h
/Applications/Xcode.app/Contents/Developer/Platforms/MacOSX.platform/Developer/SDKs/MacOSX26.1.sdk/System/Library/Frameworks/IOKit.framework/Headers/network/IOEthernetController.h
/Applications/Xcode.app/Contents/Developer/Platforms/MacOSX.platform/Developer/SDKs/MacOSX26.1.sdk/System/Library/Frameworks/IOKit.framework/Headers/network/IONetworkController.h
/Applications/Xcode.app/Contents/Developer/Platforms/MacOSX.platform/Developer/SDKs/MacOSX26.1.sdk/System/Library/Frameworks/IOKit.framework/Headers/network/IONetworkData.h
/Applications/Xcode.app/Contents/Developer/Platforms/MacOSX.platform/Developer/SDKs/MacOSX26.1.sdk/System/Library/Frameworks/IOKit.framework/Headers/network/IONetworkStack.h
/Applications/Xcode.app/Contents/Developer/Platforms/MacOSX.platform/Developer/SDKs/MacOSX26.1.sdk/System/Library/Frameworks/IOKit.framework/Headers/network/IOEthernetInterface.h
/Applications/Xcode.app/Contents/Developer/Platforms/MacOSX.platform/Developer/SDKs/MacOSX26.1.sdk/System/Library/Frameworks/IOKit.framework/Headers/network/IONetworkInterface.h
/Applications/Xcode.app/Contents/Developer/Platforms/MacOSX.platform/Developer/SDKs/MacOSX26.1.sdk/System/Library/Frameworks/IOKit.framework/Headers/network/IONetworkStats.h
/Applications/Xcode.app/Contents/Developer/Platforms/MacOSX.platform/Developer/SDKs/MacOSX26.1.sdk/System/Library/Frameworks/IOKit.framework/Headers/network/IOEthernetStats.h
/Applications/Xcode.app/Contents/Developer/Platforms/MacOSX.platform/Developer/SDKs/MacOSX26.1.sdk/System/Library/Frameworks/IOKit.framework/Headers/network/IONetworkLib.h
/Applications/Xcode.app/Contents/Developer/Platforms/MacOSX.platform/Developer/SDKs/MacOSX26.1.sdk/System/Library/Frameworks/IOKit.framework/Headers/network/IONetworkMedium.h
/Applications/Xcode.app/Contents/Developer/Platforms/MacOSX.platform/Developer/SDKs/MacOSX26.1.sdk/System/Library/Frameworks/IOKit.framework/Headers/network/IONetworkUserClient.h
/Applications/Xcode.app/Contents/Developer/Platforms/MacOSX.platform/Developer/SDKs/MacOSX26.1.sdk/System/Library/Frameworks/IOKit.framework/Headers/ps/IOPSKeys.h
/Applications/Xcode.app/Contents/Developer/Platforms/MacOSX.platform/Developer/SDKs/MacOSX26.1.sdk/System/Library/Frameworks/IOKit.framework/Headers/ps/IOPowerSources.h
/Applications/Xcode.app/Contents/Developer/Platforms/MacOSX.platform/Developer/SDKs/MacOSX26.1.sdk/System/Library/Frameworks/IOKit.framework/Headers/ps/IOUPSPlugIn.h
/Applications/Xcode.app/Contents/Developer/Platforms/MacOSX.platform/Developer/SDKs/MacOSX26.1.sdk/System/Library/Frameworks/IOKit.framework/Headers/pwr_mgt/IOPM.h
/Applications/Xcode.app/Contents/Developer/Platforms/MacOSX.platform/Developer/SDKs/MacOSX26.1.sdk/System/Library/Frameworks/IOKit.framework/Headers/pwr_mgt/IOPMKeys.h
/Applications/Xcode.app/Contents/Developer/Platforms/MacOSX.platform/Developer/SDKs/MacOSX26.1.sdk/System/Library/Frameworks/IOKit.framework/Headers/pwr_mgt/IOPMLib.h
/Applications/Xcode.app/Contents/Developer/Platforms/MacOSX.platform/Developer/SDKs/MacOSX26.1.sdk/System/Library/Frameworks/IOKit.framework/Headers/pwr_mgt/IOPMLibDefs.h
/Applications/Xcode.app/Contents/Developer/Platforms/MacOSX.platform/Developer/SDKs/MacOSX26.1.sdk/System/Library/Frameworks/IOKit.framework/Headers/sbp2/IOFireWireSBP2Lib.h
/Applications/Xcode.app/Contents/Developer/Platforms/MacOSX.platform/Developer/SDKs/MacOSX26.1.sdk/System/Library/Frameworks/IOKit.framework/Headers/scsi/IOSCSIMultimediaCommandsDevice.h
/Applications/Xcode.app/Contents/Developer/Platforms/MacOSX.platform/Developer/SDKs/MacOSX26.1.sdk/System/Library/Frameworks/IOKit.framework/Headers/storage/IOStorageDeviceCharacteristics.h
/Applications/Xcode.app/Contents/Developer/Platforms/MacOSX.platform/Developer/SDKs/MacOSX26.1.sdk/System/Library/Frameworks/IOKit.framework/Headers/storage/IOStorageProtocolCharacteristics.h
/Applications/Xcode.app/Contents/Developer/Platforms/MacOSX.platform/Developer/SDKs/MacOSX26.1.sdk/System/Library/Frameworks/IOKit.framework/Headers/storage/IOStorageControllerCharacteristics.h
/Applications/Xcode.app/Contents/Developer/Platforms/MacOSX.platform/Developer/SDKs/MacOSX26.1.sdk/System/Library/Frameworks/IOKit.framework/Headers/scsi/SCSICmds_REQUEST_SENSE_Defs.h
/Applications/Xcode.app/Contents/Developer/Platforms/MacOSX.platform/Developer/SDKs/MacOSX26.1.sdk/System/Library/Frameworks/IOKit.framework/Headers/scsi/SCSICmds_INQUIRY_Definitions.h
/Applications/Xcode.app/Contents/Developer/Platforms/MacOSX.platform/Developer/SDKs/MacOSX26.1.sdk/System/Library/Frameworks/IOKit.framework/Headers/scsi/SCSICommandDefinitions.h
/Applications/Xcode.app/Contents/Developer/Platforms/MacOSX.platform/Developer/SDKs/MacOSX26.1.sdk/System/Library/Frameworks/IOKit.framework/Headers/scsi/SCSICmds_MODE_Definitions.h
/Applications/Xcode.app/Contents/Developer/Platforms/MacOSX.platform/Developer/SDKs/MacOSX26.1.sdk/System/Library/Frameworks/IOKit.framework/Headers/scsi/SCSICommandOperationCodes.h
/Applications/Xcode.app/Contents/Developer/Platforms/MacOSX.platform/Developer/SDKs/MacOSX26.1.sdk/System/Library/Frameworks/IOKit.framework/Headers/scsi/SCSICmds_READ_CAPACITY_Definitions.h
/Applications/Xcode.app/Contents/Developer/Platforms/MacOSX.platform/Developer/SDKs/MacOSX26.1.sdk/System/Library/Frameworks/IOKit.framework/Headers/scsi/SCSITask.h
/Applications/Xcode.app/Contents/Developer/Platforms/MacOSX.platform/Developer/SDKs/MacOSX26.1.sdk/System/Library/Frameworks/IOKit.framework/Headers/scsi/SCSICmds_REPORT_LUNS_Definitions.h
/Applications/Xcode.app/Contents/Developer/Platforms/MacOSX.platform/Developer/SDKs/MacOSX26.1.sdk/System/Library/Frameworks/IOKit.framework/Headers/scsi/SCSITaskLib.h
/Applications/Xcode.app/Contents/Developer/Platforms/MacOSX.platform/Developer/SDKs/MacOSX26.1.sdk/System/Library/Frameworks/IOKit.framework/Headers/serial/IOSerialKeys.h
/Applications/Xcode.app/Contents/Developer/Platforms/MacOSX.platform/Developer/SDKs/MacOSX26.1.sdk/System/Library/Frameworks/IOKit.framework/Headers/serial/ioss.h
/Applications/Xcode.app/Contents/Developer/Platforms/MacOSX.platform/Developer/SDKs/MacOSX26.1.sdk/System/Library/Frameworks/IOKit.framework/Headers/storage/IOAppleLabelScheme.h
/Applications/Xcode.app/Contents/Developer/Platforms/MacOSX.platform/Developer/SDKs/MacOSX26.1.sdk/System/Library/Frameworks/IOKit.framework/Headers/storage/IODVDMediaBSDClient.h
/Applications/Xcode.app/Contents/Developer/Platforms/MacOSX.platform/Developer/SDKs/MacOSX26.1.sdk/System/Library/Frameworks/IOKit.framework/Headers/storage/IODVDTypes.h
/Applications/Xcode.app/Contents/Developer/Platforms/MacOSX.platform/Developer/SDKs/MacOSX26.1.sdk/System/Library/Frameworks/IOKit.framework/Headers/storage/IOApplePartitionScheme.h
/Applications/Xcode.app/Contents/Developer/Platforms/MacOSX.platform/Developer/SDKs/MacOSX26.1.sdk/System/Library/Frameworks/IOKit.framework/Headers/storage/IOBDBlockStorageDevice.h
/Applications/Xcode.app/Contents/Developer/Platforms/MacOSX.platform/Developer/SDKs/MacOSX26.1.sdk/System/Library/Frameworks/IOKit.framework/Headers/storage/IOBDTypes.h
/Applications/Xcode.app/Contents/Developer/Platforms/MacOSX.platform/Developer/SDKs/MacOSX26.1.sdk/System/Library/Frameworks/IOKit.framework/Headers/storage/IOFDiskPartitionScheme.h
/Applications/Xcode.app/Contents/Developer/Platforms/MacOSX.platform/Developer/SDKs/MacOSX26.1.sdk/System/Library/Frameworks/IOKit.framework/Headers/storage/IOBDMedia.h
/Applications/Xcode.app/Contents/Developer/Platforms/MacOSX.platform/Developer/SDKs/MacOSX26.1.sdk/System/Library/Frameworks/IOKit.framework/Headers/storage/IOFilterScheme.h
/Applications/Xcode.app/Contents/Developer/Platforms/MacOSX.platform/Developer/SDKs/MacOSX26.1.sdk/System/Library/Frameworks/IOKit.framework/Headers/storage/IOBDMediaBSDClient.h
/Applications/Xcode.app/Contents/Developer/Platforms/MacOSX.platform/Developer/SDKs/MacOSX26.1.sdk/System/Library/Frameworks/IOKit.framework/Headers/storage/IOFireWireStorageCharacteristics.h
/Applications/Xcode.app/Contents/Developer/Platforms/MacOSX.platform/Developer/SDKs/MacOSX26.1.sdk/System/Library/Frameworks/IOKit.framework/Headers/storage/IOGUIDPartitionScheme.h
/Applications/Xcode.app/Contents/Developer/Platforms/MacOSX.platform/Developer/SDKs/MacOSX26.1.sdk/System/Library/Frameworks/IOKit.framework/Headers/storage/IOBlockStorageDevice.h
/Applications/Xcode.app/Contents/Developer/Platforms/MacOSX.platform/Developer/SDKs/MacOSX26.1.sdk/System/Library/Frameworks/IOKit.framework/Headers/storage/IOMedia.h
/Applications/Xcode.app/Contents/Developer/Platforms/MacOSX.platform/Developer/SDKs/MacOSX26.1.sdk/System/Library/Frameworks/IOKit.framework/Headers/storage/IOBlockStorageDriver.h
/Applications/Xcode.app/Contents/Developer/Platforms/MacOSX.platform/Developer/SDKs/MacOSX26.1.sdk/System/Library/Frameworks/IOKit.framework/Headers/storage/IOMediaBSDClient.h
/Applications/Xcode.app/Contents/Developer/Platforms/MacOSX.platform/Developer/SDKs/MacOSX26.1.sdk/System/Library/Frameworks/IOKit.framework/Headers/storage/IOCDBlockStorageDevice.h
/Applications/Xcode.app/Contents/Developer/Platforms/MacOSX.platform/Developer/SDKs/MacOSX26.1.sdk/System/Library/Frameworks/IOKit.framework/Headers/storage/IOCDTypes.h
/Applications/Xcode.app/Contents/Developer/Platforms/MacOSX.platform/Developer/SDKs/MacOSX26.1.sdk/System/Library/Frameworks/IOKit.framework/Headers/storage/IOPartitionScheme.h
/Applications/Xcode.app/Contents/Developer/Platforms/MacOSX.platform/Developer/SDKs/MacOSX26.1.sdk/System/Library/Frameworks/IOKit.framework/Headers/storage/IOCDMedia.h
/Applications/Xcode.app/Contents/Developer/Platforms/MacOSX.platform/Developer/SDKs/MacOSX26.1.sdk/System/Library/Frameworks/IOKit.framework/Headers/storage/IOStorage.h
/Applications/Xcode.app/Contents/Developer/Platforms/MacOSX.platform/Developer/SDKs/MacOSX26.1.sdk/System/Library/Frameworks/IOKit.framework/Headers/storage/IOCDMediaBSDClient.h
/Applications/Xcode.app/Contents/Developer/Platforms/MacOSX.platform/Developer/SDKs/MacOSX26.1.sdk/System/Library/Frameworks/IOKit.framework/Headers/storage/IOStorageCardCharacteristics.h
/Applications/Xcode.app/Contents/Developer/Platforms/MacOSX.platform/Developer/SDKs/MacOSX26.1.sdk/System/Library/Frameworks/IOKit.framework/Headers/storage/IOCDPartitionScheme.h
/Applications/Xcode.app/Contents/Developer/Platforms/MacOSX.platform/Developer/SDKs/MacOSX26.1.sdk/System/Library/Frameworks/IOKit.framework/Headers/storage/IODVDBlockStorageDevice.h
/Applications/Xcode.app/Contents/Developer/Platforms/MacOSX.platform/Developer/SDKs/MacOSX26.1.sdk/System/Library/Frameworks/IOKit.framework/Headers/storage/IODVDMedia.h
/Applications/Xcode.app/Contents/Developer/Platforms/MacOSX.platform/Developer/SDKs/MacOSX26.1.sdk/System/Library/Frameworks/IOKit.framework/Headers/storage/ata/ATASMARTLib.h
/Applications/Xcode.app/Contents/Developer/Platforms/MacOSX.platform/Developer/SDKs/MacOSX26.1.sdk/System/Library/Frameworks/IOKit.framework/Headers/storage/ata/IOATAStorageDefines.h
/Applications/Xcode.app/Contents/Developer/Platforms/MacOSX.platform/Developer/SDKs/MacOSX26.1.sdk/System/Library/Frameworks/IOKit.framework/Headers/stream/IOStreamLib.h
/Applications/Xcode.app/Contents/Developer/Platforms/MacOSX.platform/Developer/SDKs/MacOSX26.1.sdk/System/Library/Frameworks/IOKit.framework/Headers/stream/IOStreamShared.h
/Applications/Xcode.app/Contents/Developer/Platforms/MacOSX.platform/Developer/SDKs/MacOSX26.1.sdk/System/Library/Frameworks/IOKit.framework/Headers/usb/AppleUSBDefinitions.h
/Applications/Xcode.app/Contents/Developer/Platforms/MacOSX.platform/Developer/SDKs/MacOSX26.1.sdk/System/Library/Frameworks/IOKit.framework/Headers/usb/IOUSBHostFamilyDefinitions.h
/Applications/Xcode.app/Contents/Developer/Platforms/MacOSX.platform/Developer/SDKs/MacOSX26.1.sdk/System/Library/Frameworks/IOKit.framework/Headers/usb/IOUSBLib.h
/Applications/Xcode.app/Contents/Developer/Platforms/MacOSX.platform/Developer/SDKs/MacOSX26.1.sdk/System/Library/Frameworks/IOKit.framework/Headers/usb/USB.h
/Applications/Xcode.app/Contents/Developer/Platforms/MacOSX.platform/Developer/SDKs/MacOSX26.1.sdk/System/Library/Frameworks/IOKit.framework/Headers/usb/USBSpec.h
/Applications/Xcode.app/Contents/Developer/Platforms/MacOSX.platform/Developer/SDKs/MacOSX26.1.sdk/SDKSettings.json
/Applications/Xcode.app/Contents/Developer/Platforms/MacOSX.platform/Developer/SDKs/MacOSX26.1.sdk/usr/include/DarwinBasic.modulemap
/Applications/Xcode.app/Contents/Developer/Platforms/MacOSX.platform/Developer/SDKs/MacOSX26.1.sdk/usr/include/Darwin.modulemap
/Applications/Xcode.app/Contents/Developer/Platforms/MacOSX.platform/Developer/SDKs/MacOSX26.1.sdk/usr/include/Darwin_C.modulemap
/Applications/Xcode.app/Contents/Developer/Platforms/MacOSX.platform/Developer/SDKs/MacOSX26.1.sdk/usr/include/Darwin_POSIX.modulemap
/Applications/Xcode.app/Contents/Developer/Platforms/MacOSX.platform/Developer/SDKs/MacOSX26.1.sdk/usr/include/net.modulemap
/Applications/Xcode.app/Contents/Developer/Platforms/MacOSX.platform/Developer/SDKs/MacOSX26.1.sdk/usr/include/netinet.modulemap
/Applications/Xcode.app/Contents/Developer/Platforms/MacOSX.platform/Developer/SDKs/MacOSX26.1.sdk/usr/include/bank.modulemap
/Applications/Xcode.app/Contents/Developer/Platforms/MacOSX.platform/Developer/SDKs/MacOSX26.1.sdk/usr/include/Darwin_Mach.modulemap
/Applications/Xcode.app/Contents/Developer/Platforms/MacOSX.platform/Developer/SDKs/MacOSX26.1.sdk/usr/include/Darwin_Mach_machine.modulemap
/Applications/Xcode.app/Contents/Developer/Platforms/MacOSX.platform/Developer/SDKs/MacOSX26.1.sdk/usr/include/mach_debug.modulemap
/Applications/Xcode.app/Contents/Developer/Platforms/MacOSX.platform/Developer/SDKs/MacOSX26.1.sdk/usr/include/device.modulemap
/Applications/Xcode.app/Contents/Developer/Platforms/MacOSX.platform/Developer/SDKs/MacOSX26.1.sdk/usr/include/Darwin_machine.modulemap
/Applications/Xcode.app/Contents/Developer/Platforms/MacOSX.platform/Developer/SDKs/MacOSX26.1.sdk/usr/include/ncurses.modulemap
/Applications/Xcode.app/Contents/Developer/Platforms/MacOSX.platform/Developer/SDKs/MacOSX26.1.sdk/usr/include/netinet6.modulemap
/Applications/Xcode.app/Contents/Developer/Platforms/MacOSX.platform/Developer/SDKs/MacOSX26.1.sdk/usr/include/Darwin_sys.modulemap
/Applications/Xcode.app/Contents/Developer/Platforms/MacOSX.platform/Developer/SDKs/MacOSX26.1.sdk/usr/include/uuid.modulemap
/Applications/Xcode.app/Contents/Developer/Platforms/MacOSX.platform/Developer/SDKs/MacOSX26.1.sdk/usr/include/DarwinFoundation2.modulemap
/Applications/Xcode.app/Contents/Developer/Platforms/MacOSX.platform/Developer/SDKs/MacOSX26.1.sdk/usr/include/DarwinFoundation3.modulemap
/Applications/Xcode.app/Contents/Developer/Platforms/MacOSX.platform/Developer/SDKs/MacOSX26.1.sdk/usr/include/DarwinFoundation1.modulemap
/Applications/Xcode.app/Contents/Developer/Platforms/MacOSX.platform/Developer/SDKs/MacOSX26.1.sdk/usr/include/mach-o/arch.h
/Applications/Xcode.app/Contents/Developer/Toolchains/XcodeDefault.xctoolchain/usr/lib/swift/clang/include/module.modulemap
/Applications/Xcode.app/Contents/Developer/Platforms/MacOSX.platform/Developer/SDKs/MacOSX26.1.sdk/usr/include/mach-o/arm/reloc.h
/Applications/Xcode.app/Contents/Developer/Platforms/MacOSX.platform/Developer/SDKs/MacOSX26.1.sdk/usr/include/mach-o/arm64/reloc.h
/Applications/Xcode.app/Contents/Developer/Platforms/MacOSX.platform/Developer/SDKs/MacOSX26.1.sdk/usr/include/mach-o/compact_unwind_encoding.h
/Applications/Xcode.app/Contents/Developer/Platforms/MacOSX.platform/Developer/SDKs/MacOSX26.1.sdk/usr/include/mach-o/dyld.h
/Applications/Xcode.app/Contents/Developer/Toolchains/XcodeDefault.xctoolchain/usr/lib/swift/clang/include/stddef.h
/Applications/Xcode.app/Contents/Developer/Platforms/MacOSX.platform/Developer/SDKs/MacOSX26.1.sdk/usr/include/mach-o/loader.h
/Applications/Xcode.app/Contents/Developer/Platforms/MacOSX.platform/Developer/SDKs/MacOSX26.1.sdk/usr/include/mach-o/dyld_images.h
/Applications/Xcode.app/Contents/Developer/Platforms/MacOSX.platform/Developer/SDKs/MacOSX26.1.sdk/usr/include/mach-o/fat.h
/Applications/Xcode.app/Contents/Developer/Platforms/MacOSX.platform/Developer/SDKs/MacOSX26.1.sdk/usr/include/mach-o/fixup-chains.h
/Applications/Xcode.app/Contents/Developer/Platforms/MacOSX.platform/Developer/SDKs/MacOSX26.1.sdk/usr/include/mach-o/getsect.h
/Applications/Xcode.app/Contents/Developer/Platforms/MacOSX.platform/Developer/SDKs/MacOSX26.1.sdk/usr/include/mach-o/ldsyms.h
/Applications/Xcode.app/Contents/Developer/Platforms/MacOSX.platform/Developer/SDKs/MacOSX26.1.sdk/usr/include/mach-o/nlist.h
/Applications/Xcode.app/Contents/Developer/Platforms/MacOSX.platform/Developer/SDKs/MacOSX26.1.sdk/usr/include/mach-o/ranlib.h
/Applications/Xcode.app/Contents/Developer/Platforms/MacOSX.platform/Developer/SDKs/MacOSX26.1.sdk/usr/include/mach-o/reloc.h
/Applications/Xcode.app/Contents/Developer/Platforms/MacOSX.platform/Developer/SDKs/MacOSX26.1.sdk/usr/include/mach-o/stab.h
/Applications/Xcode.app/Contents/Developer/Platforms/MacOSX.platform/Developer/SDKs/MacOSX26.1.sdk/usr/include/mach-o/swap.h
/Applications/Xcode.app/Contents/Developer/Platforms/MacOSX.platform/Developer/SDKs/MacOSX26.1.sdk/usr/include/mach-o/utils.h
/Applications/Xcode.app/Contents/Developer/Platforms/MacOSX.platform/Developer/SDKs/MacOSX26.1.sdk/usr/include/mach-o/x86_64/reloc.h
/Applications/Xcode.app/Contents/Developer/Platforms/MacOSX.platform/Developer/SDKs/MacOSX26.1.sdk/SDKSettings.json
/Applications/Xcode.app/Contents/Developer/Platforms/MacOSX.platform/Developer/SDKs/MacOSX26.1.sdk/usr/include/ObjectiveC.apinotes
/Applications/Xcode.app/Contents/Developer/Platforms/MacOSX.platform/Developer/SDKs/MacOSX26.1.sdk/usr/include/DarwinBasic.modulemap
/Applications/Xcode.app/Contents/Developer/Platforms/MacOSX.platform/Developer/SDKs/MacOSX26.1.sdk/usr/include/ObjectiveC.modulemap
/Applications/Xcode.app/Contents/Developer/Platforms/MacOSX.platform/Developer/SDKs/MacOSX26.1.sdk/usr/include/Darwin.modulemap
/Applications/Xcode.app/Contents/Developer/Platforms/MacOSX.platform/Developer/SDKs/MacOSX26.1.sdk/usr/include/Darwin_C.modulemap
/Applications/Xcode.app/Contents/Developer/Platforms/MacOSX.platform/Developer/SDKs/MacOSX26.1.sdk/usr/include/Darwin_POSIX.modulemap
/Applications/Xcode.app/Contents/Developer/Platforms/MacOSX.platform/Developer/SDKs/MacOSX26.1.sdk/usr/include/net.modulemap
/Applications/Xcode.app/Contents/Developer/Platforms/MacOSX.platform/Developer/SDKs/MacOSX26.1.sdk/usr/include/netinet.modulemap
/Applications/Xcode.app/Contents/Developer/Platforms/MacOSX.platform/Developer/SDKs/MacOSX26.1.sdk/usr/include/bank.modulemap
/Applications/Xcode.app/Contents/Developer/Platforms/MacOSX.platform/Developer/SDKs/MacOSX26.1.sdk/usr/include/Darwin_Mach.modulemap
/Applications/Xcode.app/Contents/Developer/Platforms/MacOSX.platform/Developer/SDKs/MacOSX26.1.sdk/usr/include/Darwin_Mach_machine.modulemap
/Applications/Xcode.app/Contents/Developer/Platforms/MacOSX.platform/Developer/SDKs/MacOSX26.1.sdk/usr/include/mach_debug.modulemap
/Applications/Xcode.app/Contents/Developer/Platforms/MacOSX.platform/Developer/SDKs/MacOSX26.1.sdk/usr/include/device.modulemap
/Applications/Xcode.app/Contents/Developer/Platforms/MacOSX.platform/Developer/SDKs/MacOSX26.1.sdk/usr/include/Darwin_machine.modulemap
/Applications/Xcode.app/Contents/Developer/Platforms/MacOSX.platform/Developer/SDKs/MacOSX26.1.sdk/usr/include/ncurses.modulemap
/Applications/Xcode.app/Contents/Developer/Platforms/MacOSX.platform/Developer/SDKs/MacOSX26.1.sdk/usr/include/netinet6.modulemap
/Applications/Xcode.app/Contents/Developer/Platforms/MacOSX.platform/Developer/SDKs/MacOSX26.1.sdk/usr/include/Darwin_sys.modulemap
/Applications/Xcode.app/Contents/Developer/Platforms/MacOSX.platform/Developer/SDKs/MacOSX26.1.sdk/usr/include/uuid.modulemap
/Applications/Xcode.app/Contents/Developer/Platforms/MacOSX.platform/Developer/SDKs/MacOSX26.1.sdk/usr/include/DarwinFoundation2.modulemap
/Applications/Xcode.app/Contents/Developer/Platforms/MacOSX.platform/Developer/SDKs/MacOSX26.1.sdk/usr/include/DarwinFoundation3.modulemap
/Applications/Xcode.app/Contents/Developer/Platforms/MacOSX.platform/Developer/SDKs/MacOSX26.1.sdk/usr/include/DarwinFoundation1.modulemap
/Applications/Xcode.app/Contents/Developer/Platforms/MacOSX.platform/Developer/SDKs/MacOSX26.1.sdk/usr/include/objc/List.h
/Applications/Xcode.app/Contents/Developer/Platforms/MacOSX.platform/Developer/SDKs/MacOSX26.1.sdk/usr/include/objc/NSObjCRuntime.h
/Applications/Xcode.app/Contents/Developer/Toolchains/XcodeDefault.xctoolchain/usr/lib/swift/clang/include/module.modulemap
/Applications/Xcode.app/Contents/Developer/Platforms/MacOSX.platform/Developer/SDKs/MacOSX26.1.sdk/usr/include/objc/objc.h
/Applications/Xcode.app/Contents/Developer/Platforms/MacOSX.platform/Developer/SDKs/MacOSX26.1.sdk/usr/include/stdlib.h
/Applications/Xcode.app/Contents/Developer/Platforms/MacOSX.platform/Developer/SDKs/MacOSX26.1.sdk/usr/include/objc/objc-api.h
/Applications/Xcode.app/Contents/Developer/Toolchains/XcodeDefault.xctoolchain/usr/lib/swift/clang/include/stddef.h
/Applications/Xcode.app/Contents/Developer/Platforms/MacOSX.platform/Developer/SDKs/MacOSX26.1.sdk/usr/include/objc/NSObject.h
/Applications/Xcode.app/Contents/Developer/Platforms/MacOSX.platform/Developer/SDKs/MacOSX26.1.sdk/usr/include/objc/Object.h
/Applications/Xcode.app/Contents/Developer/Toolchains/XcodeDefault.xctoolchain/usr/lib/swift/clang/include/stdarg.h
/Applications/Xcode.app/Contents/Developer/Platforms/MacOSX.platform/Developer/SDKs/MacOSX26.1.sdk/usr/include/objc/objc-runtime.h
/Applications/Xcode.app/Contents/Developer/Platforms/MacOSX.platform/Developer/SDKs/MacOSX26.1.sdk/usr/include/objc/runtime.h
/Applications/Xcode.app/Contents/Developer/Platforms/MacOSX.platform/Developer/SDKs/MacOSX26.1.sdk/usr/include/objc/message.h
/Applications/Xcode.app/Contents/Developer/Platforms/MacOSX.platform/Developer/SDKs/MacOSX26.1.sdk/usr/include/objc/Protocol.h
/Applications/Xcode.app/Contents/Developer/Platforms/MacOSX.platform/Developer/SDKs/MacOSX26.1.sdk/usr/include/objc/hashtable.h
/Applications/Xcode.app/Contents/Developer/Platforms/MacOSX.platform/Developer/SDKs/MacOSX26.1.sdk/usr/include/objc/hashtable2.h
/Applications/Xcode.app/Contents/Developer/Platforms/MacOSX.platform/Developer/SDKs/MacOSX26.1.sdk/usr/include/objc/objc-auto.h
/Applications/Xcode.app/Contents/Developer/Platforms/MacOSX.platform/Developer/SDKs/MacOSX26.1.sdk/usr/include/string.h
/Applications/Xcode.app/Contents/Developer/Platforms/MacOSX.platform/Developer/SDKs/MacOSX26.1.sdk/usr/include/objc/objc-class.h
/Applications/Xcode.app/Contents/Developer/Platforms/MacOSX.platform/Developer/SDKs/MacOSX26.1.sdk/usr/include/objc/objc-exception.h
/Applications/Xcode.app/Contents/Developer/Platforms/MacOSX.platform/Developer/SDKs/MacOSX26.1.sdk/usr/include/objc/objc-load.h
/Applications/Xcode.app/Contents/Developer/Platforms/MacOSX.platform/Developer/SDKs/MacOSX26.1.sdk/usr/include/objc/objc-sync.h
/Applications/Xcode.app/Contents/Developer/Platforms/MacOSX.platform/Developer/SDKs/MacOSX26.1.sdk/SDKSettings.json
/Applications/Xcode.app/Contents/Developer/Toolchains/XcodeDefault.xctoolchain/usr/lib/swift/macosx/prebuilt-modules/26.1/ObjectiveC.swiftmodule/arm64e-apple-macos.swiftmodule
/Applications/Xcode.app/Contents/Developer/Toolchains/XcodeDefault.xctoolchain/usr/lib/swift/macosx/prebuilt-modules/26.1/Observation.swiftmodule/arm64e-apple-macos.swiftmodule
/Applications/Xcode.app/Contents/Developer/Platforms/MacOSX.platform/Developer/SDKs/MacOSX26.1.sdk/System/Library/Frameworks/Security.framework/Headers/Security.apinotes
/Applications/Xcode.app/Contents/Developer/Platforms/MacOSX.platform/Developer/SDKs/MacOSX26.1.sdk/System/Library/Frameworks/Security.framework/Modules/module.modulemap
/Applications/Xcode.app/Contents/Developer/Platforms/MacOSX.platform/Developer/SDKs/MacOSX26.1.sdk/System/Library/Frameworks/Security.framework/Headers/Security.h
/Applications/Xcode.app/Contents/Developer/Platforms/MacOSX.platform/Developer/SDKs/MacOSX26.1.sdk/System/Library/Frameworks/Security.framework/Headers/SecBase.h
/Applications/Xcode.app/Contents/Developer/Platforms/MacOSX.platform/Developer/SDKs/MacOSX26.1.sdk/usr/include/xpc.modulemap
/Applications/Xcode.app/Contents/Developer/Platforms/MacOSX.platform/Developer/SDKs/MacOSX26.1.sdk/usr/include/dispatch.modulemap
/Applications/Xcode.app/Contents/Developer/Platforms/MacOSX.platform/Developer/SDKs/MacOSX26.1.sdk/usr/include/os.modulemap
/Applications/Xcode.app/Contents/Developer/Platforms/MacOSX.platform/Developer/SDKs/MacOSX26.1.sdk/usr/include/Darwin.modulemap
/Applications/Xcode.app/Contents/Developer/Platforms/MacOSX.platform/Developer/SDKs/MacOSX26.1.sdk/usr/include/Darwin_C.modulemap
/Applications/Xcode.app/Contents/Developer/Platforms/MacOSX.platform/Developer/SDKs/MacOSX26.1.sdk/usr/include/Darwin_POSIX.modulemap
/Applications/Xcode.app/Contents/Developer/Platforms/MacOSX.platform/Developer/SDKs/MacOSX26.1.sdk/usr/include/net.modulemap
/Applications/Xcode.app/Contents/Developer/Platforms/MacOSX.platform/Developer/SDKs/MacOSX26.1.sdk/usr/include/netinet.modulemap
/Applications/Xcode.app/Contents/Developer/Platforms/MacOSX.platform/Developer/SDKs/MacOSX26.1.sdk/usr/include/bank.modulemap
/Applications/Xcode.app/Contents/Developer/Platforms/MacOSX.platform/Developer/SDKs/MacOSX26.1.sdk/usr/include/Darwin_Mach.modulemap
/Applications/Xcode.app/Contents/Developer/Platforms/MacOSX.platform/Developer/SDKs/MacOSX26.1.sdk/usr/include/Darwin_Mach_machine.modulemap
/Applications/Xcode.app/Contents/Developer/Platforms/MacOSX.platform/Developer/SDKs/MacOSX26.1.sdk/usr/include/mach_debug.modulemap
/Applications/Xcode.app/Contents/Developer/Platforms/MacOSX.platform/Developer/SDKs/MacOSX26.1.sdk/usr/include/device.modulemap
/Applications/Xcode.app/Contents/Developer/Platforms/MacOSX.platform/Developer/SDKs/MacOSX26.1.sdk/usr/include/Darwin_machine.modulemap
/Applications/Xcode.app/Contents/Developer/Platforms/MacOSX.platform/Developer/SDKs/MacOSX26.1.sdk/usr/include/ncurses.modulemap
/Applications/Xcode.app/Contents/Developer/Platforms/MacOSX.platform/Developer/SDKs/MacOSX26.1.sdk/usr/include/netinet6.modulemap
/Applications/Xcode.app/Contents/Developer/Platforms/MacOSX.platform/Developer/SDKs/MacOSX26.1.sdk/usr/include/Darwin_sys.modulemap
/Applications/Xcode.app/Contents/Developer/Platforms/MacOSX.platform/Developer/SDKs/MacOSX26.1.sdk/usr/include/uuid.modulemap
/Applications/Xcode.app/Contents/Developer/Platforms/MacOSX.platform/Developer/SDKs/MacOSX26.1.sdk/usr/include/DarwinFoundation2.modulemap
/Applications/Xcode.app/Contents/Developer/Platforms/MacOSX.platform/Developer/SDKs/MacOSX26.1.sdk/usr/include/DarwinFoundation3.modulemap
/Applications/Xcode.app/Contents/Developer/Platforms/MacOSX.platform/Developer/SDKs/MacOSX26.1.sdk/usr/include/DarwinFoundation1.modulemap
/Applications/Xcode.app/Contents/Developer/Platforms/MacOSX.platform/Developer/SDKs/MacOSX26.1.sdk/System/Library/Frameworks/CoreFoundation.framework/Modules/module.modulemap
/Applications/Xcode.app/Contents/Developer/Platforms/MacOSX.platform/Developer/SDKs/MacOSX26.1.sdk/System/Library/Frameworks/Security.framework/Headers/SecCertificate.h
/Applications/Xcode.app/Contents/Developer/Platforms/MacOSX.platform/Developer/SDKs/MacOSX26.1.sdk/System/Library/Frameworks/Security.framework/Headers/cssmtype.h
/Applications/Xcode.app/Contents/Developer/Platforms/MacOSX.platform/Developer/SDKs/MacOSX26.1.sdk/System/Library/Frameworks/Security.framework/Headers/cssmconfig.h
/Applications/Xcode.app/Contents/Developer/Toolchains/XcodeDefault.xctoolchain/usr/lib/swift/clang/include/module.modulemap
/Applications/Xcode.app/Contents/Developer/Platforms/MacOSX.platform/Developer/SDKs/MacOSX26.1.sdk/System/Library/Frameworks/Security.framework/Headers/SecAsn1Types.h
/Applications/Xcode.app/Contents/Developer/Platforms/MacOSX.platform/Developer/SDKs/MacOSX26.1.sdk/System/Library/Frameworks/Security.framework/Headers/x509defs.h
/Applications/Xcode.app/Contents/Developer/Platforms/MacOSX.platform/Developer/SDKs/MacOSX26.1.sdk/System/Library/Frameworks/Security.framework/Headers/SecIdentity.h
/Applications/Xcode.app/Contents/Developer/Platforms/MacOSX.platform/Developer/SDKs/MacOSX26.1.sdk/System/Library/Frameworks/Security.framework/Headers/SecAccessControl.h
/Applications/Xcode.app/Contents/Developer/Platforms/MacOSX.platform/Developer/SDKs/MacOSX26.1.sdk/System/Library/Frameworks/Security.framework/Headers/SecItem.h
/Applications/Xcode.app/Contents/Developer/Platforms/MacOSX.platform/Developer/SDKs/MacOSX26.1.sdk/System/Library/Frameworks/Security.framework/Headers/SecKey.h
/Applications/Xcode.app/Contents/Developer/Platforms/MacOSX.platform/Developer/SDKs/MacOSX26.1.sdk/System/Library/Frameworks/Security.framework/Headers/SecAccess.h
/Applications/Xcode.app/Contents/Developer/Platforms/MacOSX.platform/Developer/SDKs/MacOSX26.1.sdk/System/Library/Frameworks/Security.framework/Headers/SecPolicy.h
/Applications/Xcode.app/Contents/Developer/Platforms/MacOSX.platform/Developer/SDKs/MacOSX26.1.sdk/System/Library/Frameworks/Security.framework/Headers/SecRandom.h
/Applications/Xcode.app/Contents/Developer/Platforms/MacOSX.platform/Developer/SDKs/MacOSX26.1.sdk/System/Library/Frameworks/Security.framework/Headers/SecImportExport.h
/Applications/Xcode.app/Contents/Developer/Platforms/MacOSX.platform/Developer/SDKs/MacOSX26.1.sdk/System/Library/Frameworks/Security.framework/Headers/SecKeychain.h
/Applications/Xcode.app/Contents/Developer/Platforms/MacOSX.platform/Developer/SDKs/MacOSX26.1.sdk/System/Library/Frameworks/Security.framework/Headers/cssmapple.h
/Applications/Xcode.app/Contents/Developer/Platforms/MacOSX.platform/Developer/SDKs/MacOSX26.1.sdk/System/Library/Frameworks/Security.framework/Headers/cssmerr.h
/Applications/Xcode.app/Contents/Developer/Platforms/MacOSX.platform/Developer/SDKs/MacOSX26.1.sdk/System/Library/Frameworks/Security.framework/Headers/certextensions.h
/Applications/Xcode.app/Contents/Developer/Platforms/MacOSX.platform/Developer/SDKs/MacOSX26.1.sdk/System/Library/Frameworks/Security.framework/Headers/SecTrust.h
/Applications/Xcode.app/Contents/Developer/Platforms/MacOSX.platform/Developer/SDKs/MacOSX26.1.sdk/System/Library/Frameworks/Security.framework/Headers/SecSharedCredential.h
/Applications/Xcode.app/Contents/Developer/Platforms/MacOSX.platform/Developer/SDKs/MacOSX26.1.sdk/System/Library/Frameworks/Security.framework/Headers/SecProtocolOptions.h
/Applications/Xcode.app/Contents/Developer/Platforms/MacOSX.platform/Developer/SDKs/MacOSX26.1.sdk/System/Library/Frameworks/Security.framework/Headers/SecProtocolObject.h
/Applications/Xcode.app/Contents/Developer/Platforms/MacOSX.platform/Developer/SDKs/MacOSX26.1.sdk/System/Library/Frameworks/Security.framework/Headers/SecProtocolTypes.h
/Applications/Xcode.app/Contents/Developer/Platforms/MacOSX.platform/Developer/SDKs/MacOSX26.1.sdk/System/Library/Frameworks/Security.framework/Headers/CipherSuite.h
/Applications/Xcode.app/Contents/Developer/Platforms/MacOSX.platform/Developer/SDKs/MacOSX26.1.sdk/System/Library/Frameworks/Security.framework/Headers/SecProtocolMetadata.h
/Applications/Xcode.app/Contents/Developer/Platforms/MacOSX.platform/Developer/SDKs/MacOSX26.1.sdk/System/Library/Frameworks/Security.framework/Headers/AuthSession.h
/Applications/Xcode.app/Contents/Developer/Platforms/MacOSX.platform/Developer/SDKs/MacOSX26.1.sdk/System/Library/Frameworks/Security.framework/Headers/Authorization.h
/Applications/Xcode.app/Contents/Developer/Platforms/MacOSX.platform/Developer/SDKs/MacOSX26.1.sdk/usr/include/stdio.h
/Applications/Xcode.app/Contents/Developer/Platforms/MacOSX.platform/Developer/SDKs/MacOSX26.1.sdk/System/Library/Frameworks/Security.framework/Headers/cssm.h
/Applications/Xcode.app/Contents/Developer/Platforms/MacOSX.platform/Developer/SDKs/MacOSX26.1.sdk/System/Library/Frameworks/Security.framework/Headers/emmtype.h
/Applications/Xcode.app/Contents/Developer/Platforms/MacOSX.platform/Developer/SDKs/MacOSX26.1.sdk/System/Library/Frameworks/Security.framework/Headers/cssmapi.h
/Applications/Xcode.app/Contents/Developer/Platforms/MacOSX.platform/Developer/SDKs/MacOSX26.1.sdk/System/Library/Frameworks/Security.framework/Headers/cssmaci.h
/Applications/Xcode.app/Contents/Developer/Platforms/MacOSX.platform/Developer/SDKs/MacOSX26.1.sdk/System/Library/Frameworks/Security.framework/Headers/cssmcli.h
/Applications/Xcode.app/Contents/Developer/Platforms/MacOSX.platform/Developer/SDKs/MacOSX26.1.sdk/System/Library/Frameworks/Security.framework/Headers/cssmcspi.h
/Applications/Xcode.app/Contents/Developer/Platforms/MacOSX.platform/Developer/SDKs/MacOSX26.1.sdk/System/Library/Frameworks/Security.framework/Headers/cssmspi.h
/Applications/Xcode.app/Contents/Developer/Platforms/MacOSX.platform/Developer/SDKs/MacOSX26.1.sdk/System/Library/Frameworks/Security.framework/Headers/cssmdli.h
/Applications/Xcode.app/Contents/Developer/Platforms/MacOSX.platform/Developer/SDKs/MacOSX26.1.sdk/System/Library/Frameworks/Security.framework/Headers/cssmkrapi.h
/Applications/Xcode.app/Contents/Developer/Platforms/MacOSX.platform/Developer/SDKs/MacOSX26.1.sdk/System/Library/Frameworks/Security.framework/Headers/cssmkrspi.h
/Applications/Xcode.app/Contents/Developer/Platforms/MacOSX.platform/Developer/SDKs/MacOSX26.1.sdk/System/Library/Frameworks/Security.framework/Headers/cssmtpi.h
/Applications/Xcode.app/Contents/Developer/Platforms/MacOSX.platform/Developer/SDKs/MacOSX26.1.sdk/System/Library/Frameworks/Security.framework/Headers/emmspi.h
/Applications/Xcode.app/Contents/Developer/Platforms/MacOSX.platform/Developer/SDKs/MacOSX26.1.sdk/System/Library/Frameworks/Security.framework/Headers/mds.h
/Applications/Xcode.app/Contents/Developer/Platforms/MacOSX.platform/Developer/SDKs/MacOSX26.1.sdk/System/Library/Frameworks/Security.framework/Headers/mds_schema.h
/Applications/Xcode.app/Contents/Developer/Platforms/MacOSX.platform/Developer/SDKs/MacOSX26.1.sdk/System/Library/Frameworks/Security.framework/Headers/oidsalg.h
/Applications/Xcode.app/Contents/Developer/Platforms/MacOSX.platform/Developer/SDKs/MacOSX26.1.sdk/System/Library/Frameworks/Security.framework/Headers/oidsattr.h
/Applications/Xcode.app/Contents/Developer/Platforms/MacOSX.platform/Developer/SDKs/MacOSX26.1.sdk/System/Library/Frameworks/Security.framework/Headers/oidsbase.h
/Applications/Xcode.app/Contents/Developer/Platforms/MacOSX.platform/Developer/SDKs/MacOSX26.1.sdk/System/Library/Frameworks/Security.framework/Headers/oidscert.h
/Applications/Xcode.app/Contents/Developer/Platforms/MacOSX.platform/Developer/SDKs/MacOSX26.1.sdk/System/Library/Frameworks/Security.framework/Headers/oidscrl.h
/Applications/Xcode.app/Contents/Developer/Platforms/MacOSX.platform/Developer/SDKs/MacOSX26.1.sdk/System/Library/Frameworks/Security.framework/Headers/SecACL.h
/Applications/Xcode.app/Contents/Developer/Platforms/MacOSX.platform/Developer/SDKs/MacOSX26.1.sdk/System/Library/Frameworks/Security.framework/Headers/SecCertificateOIDs.h
/Applications/Xcode.app/Contents/Developer/Platforms/MacOSX.platform/Developer/SDKs/MacOSX26.1.sdk/System/Library/Frameworks/Security.framework/Headers/SecIdentitySearch.h
/Applications/Xcode.app/Contents/Developer/Platforms/MacOSX.platform/Developer/SDKs/MacOSX26.1.sdk/System/Library/Frameworks/Security.framework/Headers/SecKeychainItem.h
/Applications/Xcode.app/Contents/Developer/Platforms/MacOSX.platform/Developer/SDKs/MacOSX26.1.sdk/System/Library/Frameworks/Security.framework/Headers/SecKeychainSearch.h
/Applications/Xcode.app/Contents/Developer/Platforms/MacOSX.platform/Developer/SDKs/MacOSX26.1.sdk/System/Library/Frameworks/Security.framework/Headers/SecPolicySearch.h
/Applications/Xcode.app/Contents/Developer/Platforms/MacOSX.platform/Developer/SDKs/MacOSX26.1.sdk/System/Library/Frameworks/Security.framework/Headers/SecTrustedApplication.h
/Applications/Xcode.app/Contents/Developer/Platforms/MacOSX.platform/Developer/SDKs/MacOSX26.1.sdk/System/Library/Frameworks/Security.framework/Headers/SecTrustSettings.h
/Applications/Xcode.app/Contents/Developer/Platforms/MacOSX.platform/Developer/SDKs/MacOSX26.1.sdk/System/Library/Frameworks/Security.framework/Headers/SecStaticCode.h
/Applications/Xcode.app/Contents/Developer/Platforms/MacOSX.platform/Developer/SDKs/MacOSX26.1.sdk/System/Library/Frameworks/Security.framework/Headers/CSCommon.h
/Applications/Xcode.app/Contents/Developer/Platforms/MacOSX.platform/Developer/SDKs/MacOSX26.1.sdk/System/Library/Frameworks/Security.framework/Headers/SecCode.h
/Applications/Xcode.app/Contents/Developer/Platforms/MacOSX.platform/Developer/SDKs/MacOSX26.1.sdk/System/Library/Frameworks/Security.framework/Headers/SecCodeHost.h
/Applications/Xcode.app/Contents/Developer/Platforms/MacOSX.platform/Developer/SDKs/MacOSX26.1.sdk/System/Library/Frameworks/Security.framework/Headers/SecRequirement.h
/Applications/Xcode.app/Contents/Developer/Platforms/MacOSX.platform/Developer/SDKs/MacOSX26.1.sdk/System/Library/Frameworks/Security.framework/Headers/SecTask.h
/Applications/Xcode.app/Contents/Developer/Platforms/MacOSX.platform/Developer/SDKs/MacOSX26.1.sdk/System/Library/Frameworks/Security.framework/Headers/AuthorizationTags.h
/Applications/Xcode.app/Contents/Developer/Platforms/MacOSX.platform/Developer/SDKs/MacOSX26.1.sdk/System/Library/Frameworks/Security.framework/Headers/AuthorizationDB.h
/Applications/Xcode.app/Contents/Developer/Platforms/MacOSX.platform/Developer/SDKs/MacOSX26.1.sdk/System/Library/Frameworks/Security.framework/Headers/CMSDecoder.h
/Applications/Xcode.app/Contents/Developer/Platforms/MacOSX.platform/Developer/SDKs/MacOSX26.1.sdk/System/Library/Frameworks/Security.framework/Headers/CMSEncoder.h
/Applications/Xcode.app/Contents/Developer/Platforms/MacOSX.platform/Developer/SDKs/MacOSX26.1.sdk/System/Library/Frameworks/Security.framework/Headers/SecureTransport.h
/Applications/Xcode.app/Contents/Developer/Platforms/MacOSX.platform/Developer/SDKs/MacOSX26.1.sdk/System/Library/Frameworks/Security.framework/Headers/SecTransform.h
/Applications/Xcode.app/Contents/Developer/Platforms/MacOSX.platform/Developer/SDKs/MacOSX26.1.sdk/System/Library/Frameworks/Security.framework/Headers/SecCustomTransform.h
/Applications/Xcode.app/Contents/Developer/Platforms/MacOSX.platform/Developer/SDKs/MacOSX26.1.sdk/System/Library/Frameworks/Security.framework/Headers/SecDecodeTransform.h
/Applications/Xcode.app/Contents/Developer/Platforms/MacOSX.platform/Developer/SDKs/MacOSX26.1.sdk/System/Library/Frameworks/Security.framework/Headers/SecEncodeTransform.h
/Applications/Xcode.app/Contents/Developer/Platforms/MacOSX.platform/Developer/SDKs/MacOSX26.1.sdk/System/Library/Frameworks/Security.framework/Headers/SecDigestTransform.h
/Applications/Xcode.app/Contents/Developer/Platforms/MacOSX.platform/Developer/SDKs/MacOSX26.1.sdk/System/Library/Frameworks/Security.framework/Headers/SecEncryptTransform.h
/Applications/Xcode.app/Contents/Developer/Platforms/MacOSX.platform/Developer/SDKs/MacOSX26.1.sdk/System/Library/Frameworks/Security.framework/Headers/SecSignVerifyTransform.h
/Applications/Xcode.app/Contents/Developer/Platforms/MacOSX.platform/Developer/SDKs/MacOSX26.1.sdk/System/Library/Frameworks/Security.framework/Headers/SecReadTransform.h
/Applications/Xcode.app/Contents/Developer/Platforms/MacOSX.platform/Developer/SDKs/MacOSX26.1.sdk/System/Library/Frameworks/Security.framework/Headers/SecTransformReadTransform.h
/Applications/Xcode.app/Contents/Developer/Platforms/MacOSX.platform/Developer/SDKs/MacOSX26.1.sdk/System/Library/Frameworks/Security.framework/Headers/oids.h
/Applications/Xcode.app/Contents/Developer/Platforms/MacOSX.platform/Developer/SDKs/MacOSX26.1.sdk/usr/include/libDER/module.modulemap
/Applications/Xcode.app/Contents/Developer/Platforms/MacOSX.platform/Developer/SDKs/MacOSX26.1.sdk/usr/include/string.h
/Applications/Xcode.app/Contents/Developer/Platforms/MacOSX.platform/Developer/SDKs/MacOSX26.1.sdk/System/Library/Frameworks/Security.framework/Headers/AuthorizationPlugin.h
/Applications/Xcode.app/Contents/Developer/Platforms/MacOSX.platform/Developer/SDKs/MacOSX26.1.sdk/System/Library/Frameworks/Security.framework/Headers/CodeSigning.h
/Applications/Xcode.app/Contents/Developer/Platforms/MacOSX.platform/Developer/SDKs/MacOSX26.1.sdk/System/Library/Frameworks/Security.framework/Headers/eisl.h
/Applications/Xcode.app/Contents/Developer/Platforms/MacOSX.platform/Developer/SDKs/MacOSX26.1.sdk/System/Library/Frameworks/Security.framework/Headers/SecAsn1Coder.h
/Applications/Xcode.app/Contents/Developer/Platforms/MacOSX.platform/Developer/SDKs/MacOSX26.1.sdk/System/Library/Frameworks/Security.framework/Headers/SecAsn1Templates.h
/Applications/Xcode.app/Contents/Developer/Platforms/MacOSX.platform/Developer/SDKs/MacOSX26.1.sdk/System/Library/Frameworks/Security.framework/Headers/SecureDownload.h
/Applications/Xcode.app/Contents/Developer/Platforms/MacOSX.platform/Developer/SDKs/MacOSX26.1.sdk/SDKSettings.json
/Applications/Xcode.app/Contents/Developer/Toolchains/XcodeDefault.xctoolchain/usr/lib/swift/macosx/prebuilt-modules/26.1/Swift.swiftmodule/arm64e-apple-macos.swiftmodule
/Applications/Xcode.app/Contents/Developer/Toolchains/XcodeDefault.xctoolchain/usr/lib/swift/macosx/prebuilt-modules/26.1/SwiftOnoneSupport.swiftmodule/arm64e-apple-macos.swiftmodule
/Applications/Xcode.app/Contents/Developer/Platforms/MacOSX.platform/Developer/SDKs/MacOSX26.1.sdk/usr/lib/swift/shims/module.modulemap
/Applications/Xcode.app/Contents/Developer/Platforms/MacOSX.platform/Developer/SDKs/MacOSX26.1.sdk/usr/lib/swift/shims/AssertionReporting.h
/Applications/Xcode.app/Contents/Developer/Platforms/MacOSX.platform/Developer/SDKs/MacOSX26.1.sdk/usr/lib/swift/shims/SwiftStdint.h
/Applications/Xcode.app/Contents/Developer/Platforms/MacOSX.platform/Developer/SDKs/MacOSX26.1.sdk/usr/lib/swift/shims/Visibility.h
/Applications/Xcode.app/Contents/Developer/Platforms/MacOSX.platform/Developer/SDKs/MacOSX26.1.sdk/usr/lib/swift/shims/CoreFoundationShims.h
/Applications/Xcode.app/Contents/Developer/Platforms/MacOSX.platform/Developer/SDKs/MacOSX26.1.sdk/usr/lib/swift/shims/ObjCShims.h
/Applications/Xcode.app/Contents/Developer/Platforms/MacOSX.platform/Developer/SDKs/MacOSX26.1.sdk/usr/lib/swift/shims/EmbeddedShims.h
/Applications/Xcode.app/Contents/Developer/Platforms/MacOSX.platform/Developer/SDKs/MacOSX26.1.sdk/usr/lib/swift/shims/SwiftStddef.h
/Applications/Xcode.app/Contents/Developer/Platforms/MacOSX.platform/Developer/SDKs/MacOSX26.1.sdk/usr/lib/swift/shims/FoundationShims.h
/Applications/Xcode.app/Contents/Developer/Platforms/MacOSX.platform/Developer/SDKs/MacOSX26.1.sdk/usr/lib/swift/shims/GlobalObjects.h
/Applications/Xcode.app/Contents/Developer/Platforms/MacOSX.platform/Developer/SDKs/MacOSX26.1.sdk/usr/lib/swift/shims/SwiftStdbool.h
/Applications/Xcode.app/Contents/Developer/Platforms/MacOSX.platform/Developer/SDKs/MacOSX26.1.sdk/usr/lib/swift/shims/HeapObject.h
/Applications/Xcode.app/Contents/Developer/Platforms/MacOSX.platform/Developer/SDKs/MacOSX26.1.sdk/usr/lib/swift/shims/RefCount.h
/Applications/Xcode.app/Contents/Developer/Platforms/MacOSX.platform/Developer/SDKs/MacOSX26.1.sdk/usr/lib/swift/shims/System.h
/Applications/Xcode.app/Contents/Developer/Platforms/MacOSX.platform/Developer/SDKs/MacOSX26.1.sdk/usr/lib/swift/shims/Target.h
/Applications/Xcode.app/Contents/Developer/Platforms/MacOSX.platform/Developer/SDKs/MacOSX26.1.sdk/usr/lib/swift/shims/KeyPath.h
/Applications/Xcode.app/Contents/Developer/Platforms/MacOSX.platform/Developer/SDKs/MacOSX26.1.sdk/usr/lib/swift/shims/LibcShims.h
/Applications/Xcode.app/Contents/Developer/Platforms/MacOSX.platform/Developer/SDKs/MacOSX26.1.sdk/usr/lib/swift/shims/MetadataSections.h
/Applications/Xcode.app/Contents/Developer/Platforms/MacOSX.platform/Developer/SDKs/MacOSX26.1.sdk/usr/lib/swift/shims/Random.h
/Applications/Xcode.app/Contents/Developer/Platforms/MacOSX.platform/Developer/SDKs/MacOSX26.1.sdk/usr/lib/swift/shims/Reflection.h
/Applications/Xcode.app/Contents/Developer/Platforms/MacOSX.platform/Developer/SDKs/MacOSX26.1.sdk/usr/lib/swift/shims/RuntimeShims.h
/Applications/Xcode.app/Contents/Developer/Platforms/MacOSX.platform/Developer/SDKs/MacOSX26.1.sdk/usr/lib/swift/shims/RuntimeStubs.h
/Applications/Xcode.app/Contents/Developer/Platforms/MacOSX.platform/Developer/SDKs/MacOSX26.1.sdk/usr/lib/swift/shims/ThreadLocalStorage.h
/Applications/Xcode.app/Contents/Developer/Platforms/MacOSX.platform/Developer/SDKs/MacOSX26.1.sdk/usr/lib/swift/shims/UnicodeData.h
/Applications/Xcode.app/Contents/Developer/Platforms/MacOSX.platform/Developer/SDKs/MacOSX26.1.sdk/SDKSettings.json
/Applications/Xcode.app/Contents/Developer/Toolchains/XcodeDefault.xctoolchain/usr/lib/swift/macosx/prebuilt-modules/26.1/System.swiftmodule/arm64e-apple-macos.swiftmodule
/Applications/Xcode.app/Contents/Developer/Platforms/MacOSX.platform/Developer/SDKs/MacOSX26.1.sdk/usr/include/XPC.apinotes
/Applications/Xcode.app/Contents/Developer/Platforms/MacOSX.platform/Developer/SDKs/MacOSX26.1.sdk/usr/include/launch.modulemap
/Applications/Xcode.app/Contents/Developer/Platforms/MacOSX.platform/Developer/SDKs/MacOSX26.1.sdk/usr/include/xpc.modulemap
/Applications/Xcode.app/Contents/Developer/Platforms/MacOSX.platform/Developer/SDKs/MacOSX26.1.sdk/usr/include/dispatch.modulemap
/Applications/Xcode.app/Contents/Developer/Platforms/MacOSX.platform/Developer/SDKs/MacOSX26.1.sdk/usr/include/os.modulemap
/Applications/Xcode.app/Contents/Developer/Platforms/MacOSX.platform/Developer/SDKs/MacOSX26.1.sdk/usr/include/Darwin.modulemap
/Applications/Xcode.app/Contents/Developer/Platforms/MacOSX.platform/Developer/SDKs/MacOSX26.1.sdk/usr/include/Darwin_C.modulemap
/Applications/Xcode.app/Contents/Developer/Platforms/MacOSX.platform/Developer/SDKs/MacOSX26.1.sdk/usr/include/Darwin_POSIX.modulemap
/Applications/Xcode.app/Contents/Developer/Platforms/MacOSX.platform/Developer/SDKs/MacOSX26.1.sdk/usr/include/net.modulemap
/Applications/Xcode.app/Contents/Developer/Platforms/MacOSX.platform/Developer/SDKs/MacOSX26.1.sdk/usr/include/netinet.modulemap
/Applications/Xcode.app/Contents/Developer/Platforms/MacOSX.platform/Developer/SDKs/MacOSX26.1.sdk/usr/include/bank.modulemap
/Applications/Xcode.app/Contents/Developer/Platforms/MacOSX.platform/Developer/SDKs/MacOSX26.1.sdk/usr/include/Darwin_Mach.modulemap
/Applications/Xcode.app/Contents/Developer/Platforms/MacOSX.platform/Developer/SDKs/MacOSX26.1.sdk/usr/include/Darwin_Mach_machine.modulemap
/Applications/Xcode.app/Contents/Developer/Platforms/MacOSX.platform/Developer/SDKs/MacOSX26.1.sdk/usr/include/mach_debug.modulemap
/Applications/Xcode.app/Contents/Developer/Platforms/MacOSX.platform/Developer/SDKs/MacOSX26.1.sdk/usr/include/device.modulemap
/Applications/Xcode.app/Contents/Developer/Platforms/MacOSX.platform/Developer/SDKs/MacOSX26.1.sdk/usr/include/Darwin_machine.modulemap
/Applications/Xcode.app/Contents/Developer/Platforms/MacOSX.platform/Developer/SDKs/MacOSX26.1.sdk/usr/include/ncurses.modulemap
/Applications/Xcode.app/Contents/Developer/Platforms/MacOSX.platform/Developer/SDKs/MacOSX26.1.sdk/usr/include/netinet6.modulemap
/Applications/Xcode.app/Contents/Developer/Platforms/MacOSX.platform/Developer/SDKs/MacOSX26.1.sdk/usr/include/Darwin_sys.modulemap
/Applications/Xcode.app/Contents/Developer/Platforms/MacOSX.platform/Developer/SDKs/MacOSX26.1.sdk/usr/include/uuid.modulemap
/Applications/Xcode.app/Contents/Developer/Platforms/MacOSX.platform/Developer/SDKs/MacOSX26.1.sdk/usr/include/DarwinFoundation2.modulemap
/Applications/Xcode.app/Contents/Developer/Platforms/MacOSX.platform/Developer/SDKs/MacOSX26.1.sdk/usr/include/DarwinFoundation3.modulemap
/Applications/Xcode.app/Contents/Developer/Platforms/MacOSX.platform/Developer/SDKs/MacOSX26.1.sdk/usr/include/DarwinFoundation1.modulemap
/Applications/Xcode.app/Contents/Developer/Platforms/MacOSX.platform/Developer/SDKs/MacOSX26.1.sdk/usr/include/xpc/xpc.h
/Applications/Xcode.app/Contents/Developer/Toolchains/XcodeDefault.xctoolchain/usr/lib/swift/clang/include/module.modulemap
/Applications/Xcode.app/Contents/Developer/Toolchains/XcodeDefault.xctoolchain/usr/lib/swift/clang/include/stdarg.h
/Applications/Xcode.app/Contents/Developer/Platforms/MacOSX.platform/Developer/SDKs/MacOSX26.1.sdk/usr/include/stdlib.h
/Applications/Xcode.app/Contents/Developer/Platforms/MacOSX.platform/Developer/SDKs/MacOSX26.1.sdk/usr/include/stdio.h
/Applications/Xcode.app/Contents/Developer/Platforms/MacOSX.platform/Developer/SDKs/MacOSX26.1.sdk/usr/include/string.h
/Applications/Xcode.app/Contents/Developer/Platforms/MacOSX.platform/Developer/SDKs/MacOSX26.1.sdk/usr/include/xpc/base.h
/Applications/Xcode.app/Contents/Developer/Platforms/MacOSX.platform/Developer/SDKs/MacOSX26.1.sdk/usr/include/xpc/availability.h
/Applications/Xcode.app/Contents/Developer/Platforms/MacOSX.platform/Developer/SDKs/MacOSX26.1.sdk/usr/include/xpc/endpoint.h
/Applications/Xcode.app/Contents/Developer/Platforms/MacOSX.platform/Developer/SDKs/MacOSX26.1.sdk/usr/include/xpc/debug.h
/Applications/Xcode.app/Contents/Developer/Platforms/MacOSX.platform/Developer/SDKs/MacOSX26.1.sdk/usr/include/xpc/activity.h
/Applications/Xcode.app/Contents/Developer/Platforms/MacOSX.platform/Developer/SDKs/MacOSX26.1.sdk/usr/include/xpc/peer_requirement.h
/Applications/Xcode.app/Contents/Developer/Platforms/MacOSX.platform/Developer/SDKs/MacOSX26.1.sdk/usr/include/xpc/connection.h
/Applications/Xcode.app/Contents/Developer/Platforms/MacOSX.platform/Developer/SDKs/MacOSX26.1.sdk/usr/include/xpc/rich_error.h
/Applications/Xcode.app/Contents/Developer/Platforms/MacOSX.platform/Developer/SDKs/MacOSX26.1.sdk/usr/include/xpc/session.h
/Applications/Xcode.app/Contents/Developer/Platforms/MacOSX.platform/Developer/SDKs/MacOSX26.1.sdk/usr/include/xpc/listener.h
/Applications/Xcode.app/Contents/Developer/Platforms/MacOSX.platform/Developer/SDKs/MacOSX26.1.sdk/SDKSettings.json
/Applications/Xcode.app/Contents/Developer/Toolchains/XcodeDefault.xctoolchain/usr/lib/swift/macosx/prebuilt-modules/26.1/XPC.swiftmodule/arm64e-apple-macos.swiftmodule
/Applications/Xcode.app/Contents/Developer/Platforms/MacOSX.platform/Developer/SDKs/MacOSX26.1.sdk/usr/include/DarwinFoundation1.modulemap
/Applications/Xcode.app/Contents/Developer/Platforms/MacOSX.platform/Developer/SDKs/MacOSX26.1.sdk/usr/include/AvailabilityInternal.h
/Applications/Xcode.app/Contents/Developer/Platforms/MacOSX.platform/Developer/SDKs/MacOSX26.1.sdk/usr/include/AvailabilityVersions.h
/Applications/Xcode.app/Contents/Developer/Platforms/MacOSX.platform/Developer/SDKs/MacOSX26.1.sdk/usr/include/AvailabilityInternalLegacy.h
/Applications/Xcode.app/Contents/Developer/Platforms/MacOSX.platform/Developer/SDKs/MacOSX26.1.sdk/SDKSettings.json
/Applications/Xcode.app/Contents/Developer/Toolchains/XcodeDefault.xctoolchain/usr/lib/swift/macosx/prebuilt-modules/26.1/_Builtin_float.swiftmodule/arm64e-apple-macos.swiftmodule
/Applications/Xcode.app/Contents/Developer/Toolchains/XcodeDefault.xctoolchain/usr/lib/swift/clang/include/module.modulemap
/Applications/Xcode.app/Contents/Developer/Toolchains/XcodeDefault.xctoolchain/usr/lib/swift/clang/include/float.h
/Applications/Xcode.app/Contents/Developer/Platforms/MacOSX.platform/Developer/SDKs/MacOSX26.1.sdk/SDKSettings.json
/Applications/Xcode.app/Contents/Developer/Toolchains/XcodeDefault.xctoolchain/usr/lib/swift/clang/include/module.modulemap
/Applications/Xcode.app/Contents/Developer/Toolchains/XcodeDefault.xctoolchain/usr/lib/swift/clang/include/inttypes.h
/Applications/Xcode.app/Contents/Developer/Platforms/MacOSX.platform/Developer/SDKs/MacOSX26.1.sdk/usr/include/DarwinFoundation3.modulemap
/Applications/Xcode.app/Contents/Developer/Platforms/MacOSX.platform/Developer/SDKs/MacOSX26.1.sdk/usr/include/inttypes.h
/Applications/Xcode.app/Contents/Developer/Platforms/MacOSX.platform/Developer/SDKs/MacOSX26.1.sdk/SDKSettings.json
/Applications/Xcode.app/Contents/Developer/Toolchains/XcodeDefault.xctoolchain/usr/lib/swift/clang/include/module.modulemap
/Applications/Xcode.app/Contents/Developer/Toolchains/XcodeDefault.xctoolchain/usr/lib/swift/clang/include/limits.h
/Applications/Xcode.app/Contents/Developer/Platforms/MacOSX.platform/Developer/SDKs/MacOSX26.1.sdk/usr/include/DarwinFoundation1.modulemap
/Applications/Xcode.app/Contents/Developer/Platforms/MacOSX.platform/Developer/SDKs/MacOSX26.1.sdk/SDKSettings.json
/Applications/Xcode.app/Contents/Developer/Toolchains/XcodeDefault.xctoolchain/usr/lib/swift/clang/include/module.modulemap
/Applications/Xcode.app/Contents/Developer/Toolchains/XcodeDefault.xctoolchain/usr/lib/swift/clang/include/__stdarg___gnuc_va_list.h
/Applications/Xcode.app/Contents/Developer/Toolchains/XcodeDefault.xctoolchain/usr/lib/swift/clang/include/__stdarg___va_copy.h
/Applications/Xcode.app/Contents/Developer/Toolchains/XcodeDefault.xctoolchain/usr/lib/swift/clang/include/__stdarg_header_macro.h
/Applications/Xcode.app/Contents/Developer/Toolchains/XcodeDefault.xctoolchain/usr/lib/swift/clang/include/__stdarg_va_arg.h
/Applications/Xcode.app/Contents/Developer/Toolchains/XcodeDefault.xctoolchain/usr/lib/swift/clang/include/__stdarg_va_copy.h
/Applications/Xcode.app/Contents/Developer/Toolchains/XcodeDefault.xctoolchain/usr/lib/swift/clang/include/__stdarg_va_list.h
/Applications/Xcode.app/Contents/Developer/Platforms/MacOSX.platform/Developer/SDKs/MacOSX26.1.sdk/SDKSettings.json
/Applications/Xcode.app/Contents/Developer/Toolchains/XcodeDefault.xctoolchain/usr/lib/swift/clang/include/module.modulemap
/Applications/Xcode.app/Contents/Developer/Toolchains/XcodeDefault.xctoolchain/usr/lib/swift/clang/include/stdbool.h
/Applications/Xcode.app/Contents/Developer/Platforms/MacOSX.platform/Developer/SDKs/MacOSX26.1.sdk/SDKSettings.json
/Applications/Xcode.app/Contents/Developer/Toolchains/XcodeDefault.xctoolchain/usr/lib/swift/clang/include/module.modulemap
/Applications/Xcode.app/Contents/Developer/Toolchains/XcodeDefault.xctoolchain/usr/lib/swift/clang/include/__stddef_header_macro.h
/Applications/Xcode.app/Contents/Developer/Toolchains/XcodeDefault.xctoolchain/usr/lib/swift/clang/include/__stddef_max_align_t.h
/Applications/Xcode.app/Contents/Developer/Toolchains/XcodeDefault.xctoolchain/usr/lib/swift/clang/include/__stddef_null.h
/Applications/Xcode.app/Contents/Developer/Toolchains/XcodeDefault.xctoolchain/usr/lib/swift/clang/include/__stddef_nullptr_t.h
/Applications/Xcode.app/Contents/Developer/Toolchains/XcodeDefault.xctoolchain/usr/lib/swift/clang/include/__stddef_offsetof.h
/Applications/Xcode.app/Contents/Developer/Toolchains/XcodeDefault.xctoolchain/usr/lib/swift/clang/include/__stddef_ptrdiff_t.h
/Applications/Xcode.app/Contents/Developer/Toolchains/XcodeDefault.xctoolchain/usr/lib/swift/clang/include/__stddef_rsize_t.h
/Applications/Xcode.app/Contents/Developer/Toolchains/XcodeDefault.xctoolchain/usr/lib/swift/clang/include/__stddef_size_t.h
/Applications/Xcode.app/Contents/Developer/Toolchains/XcodeDefault.xctoolchain/usr/lib/swift/clang/include/__stddef_unreachable.h
/Applications/Xcode.app/Contents/Developer/Toolchains/XcodeDefault.xctoolchain/usr/lib/swift/clang/include/__stddef_wchar_t.h
/Applications/Xcode.app/Contents/Developer/Platforms/MacOSX.platform/Developer/SDKs/MacOSX26.1.sdk/SDKSettings.json
/Applications/Xcode.app/Contents/Developer/Toolchains/XcodeDefault.xctoolchain/usr/lib/swift/clang/include/module.modulemap
/Applications/Xcode.app/Contents/Developer/Toolchains/XcodeDefault.xctoolchain/usr/lib/swift/clang/include/stdint.h
/Applications/Xcode.app/Contents/Developer/Platforms/MacOSX.platform/Developer/SDKs/MacOSX26.1.sdk/usr/include/DarwinFoundation2.modulemap
/Applications/Xcode.app/Contents/Developer/Platforms/MacOSX.platform/Developer/SDKs/MacOSX26.1.sdk/SDKSettings.json
/Applications/Xcode.app/Contents/Developer/Toolchains/XcodeDefault.xctoolchain/usr/lib/swift/macosx/prebuilt-modules/26.1/_Concurrency.swiftmodule/arm64e-apple-macos.swiftmodule
/Applications/Xcode.app/Contents/Developer/Platforms/MacOSX.platform/Developer/SDKs/MacOSX26.1.sdk/usr/include/DarwinFoundation1.modulemap
/Applications/Xcode.app/Contents/Developer/Platforms/MacOSX.platform/Developer/SDKs/MacOSX26.1.sdk/usr/include/sys/appleapiopts.h
/Applications/Xcode.app/Contents/Developer/Platforms/MacOSX.platform/Developer/SDKs/MacOSX26.1.sdk/usr/include/os/availability.h
/Applications/Xcode.app/Contents/Developer/Platforms/MacOSX.platform/Developer/SDKs/MacOSX26.1.sdk/usr/include/Availability.h
/Applications/Xcode.app/Contents/Developer/Platforms/MacOSX.platform/Developer/SDKs/MacOSX26.1.sdk/usr/include/AvailabilityMacros.h
/Applications/Xcode.app/Contents/Developer/Platforms/MacOSX.platform/Developer/SDKs/MacOSX26.1.sdk/usr/include/TargetConditionals.h
/Applications/Xcode.app/Contents/Developer/Platforms/MacOSX.platform/Developer/SDKs/MacOSX26.1.sdk/usr/include/_bounds.h
/Applications/Xcode.app/Contents/Developer/Platforms/MacOSX.platform/Developer/SDKs/MacOSX26.1.sdk/usr/include/sys/cdefs.h
/Applications/Xcode.app/Contents/Developer/Platforms/MacOSX.platform/Developer/SDKs/MacOSX26.1.sdk/usr/include/sys/_symbol_aliasing.h
/Applications/Xcode.app/Contents/Developer/Platforms/MacOSX.platform/Developer/SDKs/MacOSX26.1.sdk/usr/include/sys/_posix_availability.h
/Applications/Xcode.app/Contents/Developer/Toolchains/XcodeDefault.xctoolchain/usr/lib/swift/clang/include/module.modulemap
/Applications/Xcode.app/Contents/Developer/Platforms/MacOSX.platform/Developer/SDKs/MacOSX26.1.sdk/usr/include/sys/qos.h
/Applications/Xcode.app/Contents/Developer/Platforms/MacOSX.platform/Developer/SDKs/MacOSX26.1.sdk/usr/include/machine/_endian.h
/Applications/Xcode.app/Contents/Developer/Platforms/MacOSX.platform/Developer/SDKs/MacOSX26.1.sdk/usr/include/arm/_endian.h
/Applications/Xcode.app/Contents/Developer/Platforms/MacOSX.platform/Developer/SDKs/MacOSX26.1.sdk/usr/include/sys/__endian.h
/Applications/Xcode.app/Contents/Developer/Platforms/MacOSX.platform/Developer/SDKs/MacOSX26.1.sdk/usr/include/i386/_endian.h
/Applications/Xcode.app/Contents/Developer/Platforms/MacOSX.platform/Developer/SDKs/MacOSX26.1.sdk/usr/include/__xlocale.h
/Applications/Xcode.app/Contents/Developer/Platforms/MacOSX.platform/Developer/SDKs/MacOSX26.1.sdk/usr/include/_mb_cur_max.h
/Applications/Xcode.app/Contents/Developer/Platforms/MacOSX.platform/Developer/SDKs/MacOSX26.1.sdk/usr/include/_types/_locale_t.h
/Applications/Xcode.app/Contents/Developer/Platforms/MacOSX.platform/Developer/SDKs/MacOSX26.1.sdk/usr/include/sys/_types/_u_char.h
/Applications/Xcode.app/Contents/Developer/Platforms/MacOSX.platform/Developer/SDKs/MacOSX26.1.sdk/usr/include/sys/_types/_u_short.h
/Applications/Xcode.app/Contents/Developer/Platforms/MacOSX.platform/Developer/SDKs/MacOSX26.1.sdk/usr/include/sys/_types/_u_int.h
/Applications/Xcode.app/Contents/Developer/Platforms/MacOSX.platform/Developer/SDKs/MacOSX26.1.sdk/usr/include/sys/_types/_u_int8_t.h
/Applications/Xcode.app/Contents/Developer/Platforms/MacOSX.platform/Developer/SDKs/MacOSX26.1.sdk/usr/include/sys/_types/_u_int16_t.h
/Applications/Xcode.app/Contents/Developer/Platforms/MacOSX.platform/Developer/SDKs/MacOSX26.1.sdk/usr/include/sys/_types/_u_int32_t.h
/Applications/Xcode.app/Contents/Developer/Platforms/MacOSX.platform/Developer/SDKs/MacOSX26.1.sdk/usr/include/sys/_types/_u_int64_t.h
/Applications/Xcode.app/Contents/Developer/Platforms/MacOSX.platform/Developer/SDKs/MacOSX26.1.sdk/usr/include/_assert.h
/Applications/Xcode.app/Contents/Developer/Platforms/MacOSX.platform/Developer/SDKs/MacOSX26.1.sdk/usr/include/_static_assert.h
/Applications/Xcode.app/Contents/Developer/Platforms/MacOSX.platform/Developer/SDKs/MacOSX26.1.sdk/usr/include/complex.h
/Applications/Xcode.app/Contents/Developer/Platforms/MacOSX.platform/Developer/SDKs/MacOSX26.1.sdk/usr/include/errno.h
/Applications/Xcode.app/Contents/Developer/Platforms/MacOSX.platform/Developer/SDKs/MacOSX26.1.sdk/usr/include/sys/errno.h
/Applications/Xcode.app/Contents/Developer/Platforms/MacOSX.platform/Developer/SDKs/MacOSX26.1.sdk/usr/include/sys/_types/_errno_t.h
/Applications/Xcode.app/Contents/Developer/Platforms/MacOSX.platform/Developer/SDKs/MacOSX26.1.sdk/usr/include/fenv.h
/Applications/Xcode.app/Contents/Developer/Platforms/MacOSX.platform/Developer/SDKs/MacOSX26.1.sdk/usr/include/limits.h
/Applications/Xcode.app/Contents/Developer/Platforms/MacOSX.platform/Developer/SDKs/MacOSX26.1.sdk/usr/include/machine/limits.h
/Applications/Xcode.app/Contents/Developer/Platforms/MacOSX.platform/Developer/SDKs/MacOSX26.1.sdk/usr/include/arm/limits.h
/Applications/Xcode.app/Contents/Developer/Platforms/MacOSX.platform/Developer/SDKs/MacOSX26.1.sdk/usr/include/arm/_limits.h
/Applications/Xcode.app/Contents/Developer/Platforms/MacOSX.platform/Developer/SDKs/MacOSX26.1.sdk/usr/include/sys/syslimits.h
/Applications/Xcode.app/Contents/Developer/Platforms/MacOSX.platform/Developer/SDKs/MacOSX26.1.sdk/usr/include/i386/limits.h
/Applications/Xcode.app/Contents/Developer/Platforms/MacOSX.platform/Developer/SDKs/MacOSX26.1.sdk/usr/include/machine/_limits.h
/Applications/Xcode.app/Contents/Developer/Platforms/MacOSX.platform/Developer/SDKs/MacOSX26.1.sdk/usr/include/i386/_limits.h
/Applications/Xcode.app/Contents/Developer/Platforms/MacOSX.platform/Developer/SDKs/MacOSX26.1.sdk/usr/include/math.h
/Applications/Xcode.app/Contents/Developer/Platforms/MacOSX.platform/Developer/SDKs/MacOSX26.1.sdk/usr/include/setjmp.h
/Applications/Xcode.app/Contents/Developer/Platforms/MacOSX.platform/Developer/SDKs/MacOSX26.1.sdk/SDKSettings.json
/Applications/Xcode.app/Contents/Developer/Toolchains/XcodeDefault.xctoolchain/usr/lib/swift/macosx/prebuilt-modules/26.1/_DarwinFoundation1.swiftmodule/arm64e-apple-macos.swiftmodule
/Applications/Xcode.app/Contents/Developer/Toolchains/XcodeDefault.xctoolchain/usr/lib/swift/macosx/prebuilt-modules/26.1/_DarwinFoundation2.swiftmodule/arm64e-apple-macos.swiftmodule
/Applications/Xcode.app/Contents/Developer/Platforms/MacOSX.platform/Developer/SDKs/MacOSX26.1.sdk/usr/include/_DarwinFoundation2.apinotes
/Applications/Xcode.app/Contents/Developer/Platforms/MacOSX.platform/Developer/SDKs/MacOSX26.1.sdk/usr/include/DarwinFoundation2.modulemap
/Applications/Xcode.app/Contents/Developer/Platforms/MacOSX.platform/Developer/SDKs/MacOSX26.1.sdk/usr/include/DarwinFoundation1.modulemap
/Applications/Xcode.app/Contents/Developer/Platforms/MacOSX.platform/Developer/SDKs/MacOSX26.1.sdk/usr/include/nl_types.h
/Applications/Xcode.app/Contents/Developer/Platforms/MacOSX.platform/Developer/SDKs/MacOSX26.1.sdk/usr/include/sys/types.h
/Applications/Xcode.app/Contents/Developer/Platforms/MacOSX.platform/Developer/SDKs/MacOSX26.1.sdk/usr/include/machine/types.h
/Applications/Xcode.app/Contents/Developer/Platforms/MacOSX.platform/Developer/SDKs/MacOSX26.1.sdk/usr/include/arm/types.h
/Applications/Xcode.app/Contents/Developer/Platforms/MacOSX.platform/Developer/SDKs/MacOSX26.1.sdk/usr/include/arm/_types.h
/Applications/Xcode.app/Contents/Developer/Platforms/MacOSX.platform/Developer/SDKs/MacOSX26.1.sdk/usr/include/sys/_types/_ptrdiff_t.h
/Applications/Xcode.app/Contents/Developer/Toolchains/XcodeDefault.xctoolchain/usr/lib/swift/clang/include/module.modulemap
/Applications/Xcode.app/Contents/Developer/Toolchains/XcodeDefault.xctoolchain/usr/lib/swift/clang/include/stddef.h
/Applications/Xcode.app/Contents/Developer/Platforms/MacOSX.platform/Developer/SDKs/MacOSX26.1.sdk/usr/include/sys/_types/_size_t.h
/Applications/Xcode.app/Contents/Developer/Platforms/MacOSX.platform/Developer/SDKs/MacOSX26.1.sdk/usr/include/sys/_types/_va_list.h
/Applications/Xcode.app/Contents/Developer/Toolchains/XcodeDefault.xctoolchain/usr/lib/swift/clang/include/stdarg.h
/Applications/Xcode.app/Contents/Developer/Platforms/MacOSX.platform/Developer/SDKs/MacOSX26.1.sdk/usr/include/sys/_types/_wchar_t.h
/Applications/Xcode.app/Contents/Developer/Platforms/MacOSX.platform/Developer/SDKs/MacOSX26.1.sdk/usr/include/sys/_types/_int8_t.h
/Applications/Xcode.app/Contents/Developer/Platforms/MacOSX.platform/Developer/SDKs/MacOSX26.1.sdk/usr/include/sys/_types/_int16_t.h
/Applications/Xcode.app/Contents/Developer/Platforms/MacOSX.platform/Developer/SDKs/MacOSX26.1.sdk/usr/include/sys/_types/_int32_t.h
/Applications/Xcode.app/Contents/Developer/Platforms/MacOSX.platform/Developer/SDKs/MacOSX26.1.sdk/usr/include/sys/_types/_int64_t.h
/Applications/Xcode.app/Contents/Developer/Platforms/MacOSX.platform/Developer/SDKs/MacOSX26.1.sdk/usr/include/sys/_types/_intptr_t.h
/Applications/Xcode.app/Contents/Developer/Platforms/MacOSX.platform/Developer/SDKs/MacOSX26.1.sdk/usr/include/machine/_types.h
/Applications/Xcode.app/Contents/Developer/Platforms/MacOSX.platform/Developer/SDKs/MacOSX26.1.sdk/usr/include/sys/_types/_uintptr_t.h
/Applications/Xcode.app/Contents/Developer/Platforms/MacOSX.platform/Developer/SDKs/MacOSX26.1.sdk/usr/include/sys/_types.h
/Applications/Xcode.app/Contents/Developer/Platforms/MacOSX.platform/Developer/SDKs/MacOSX26.1.sdk/usr/include/sys/_types/_null.h
/Applications/Xcode.app/Contents/Developer/Platforms/MacOSX.platform/Developer/SDKs/MacOSX26.1.sdk/usr/include/sys/_pthread/_pthread_types.h
/Applications/Xcode.app/Contents/Developer/Platforms/MacOSX.platform/Developer/SDKs/MacOSX26.1.sdk/usr/include/machine/endian.h
/Applications/Xcode.app/Contents/Developer/Platforms/MacOSX.platform/Developer/SDKs/MacOSX26.1.sdk/usr/include/arm/endian.h
/Applications/Xcode.app/Contents/Developer/Platforms/MacOSX.platform/Developer/SDKs/MacOSX26.1.sdk/usr/include/sys/_endian.h
/Applications/Xcode.app/Contents/Developer/Platforms/MacOSX.platform/Developer/SDKs/MacOSX26.1.sdk/usr/include/libkern/_OSByteOrder.h
/Applications/Xcode.app/Contents/Developer/Platforms/MacOSX.platform/Developer/SDKs/MacOSX26.1.sdk/usr/include/libkern/arm/_OSByteOrder.h
/Applications/Xcode.app/Contents/Developer/Platforms/MacOSX.platform/Developer/SDKs/MacOSX26.1.sdk/usr/include/sys/_types/_caddr_t.h
/Applications/Xcode.app/Contents/Developer/Platforms/MacOSX.platform/Developer/SDKs/MacOSX26.1.sdk/usr/include/sys/_types/_dev_t.h
/Applications/Xcode.app/Contents/Developer/Platforms/MacOSX.platform/Developer/SDKs/MacOSX26.1.sdk/usr/include/sys/_types/_blkcnt_t.h
/Applications/Xcode.app/Contents/Developer/Platforms/MacOSX.platform/Developer/SDKs/MacOSX26.1.sdk/usr/include/sys/_types/_blksize_t.h
/Applications/Xcode.app/Contents/Developer/Platforms/MacOSX.platform/Developer/SDKs/MacOSX26.1.sdk/usr/include/sys/_types/_gid_t.h
/Applications/Xcode.app/Contents/Developer/Platforms/MacOSX.platform/Developer/SDKs/MacOSX26.1.sdk/usr/include/sys/_types/_in_addr_t.h
/Applications/Xcode.app/Contents/Developer/Platforms/MacOSX.platform/Developer/SDKs/MacOSX26.1.sdk/usr/include/sys/_types/_in_port_t.h
/Applications/Xcode.app/Contents/Developer/Platforms/MacOSX.platform/Developer/SDKs/MacOSX26.1.sdk/usr/include/sys/_types/_ino_t.h
/Applications/Xcode.app/Contents/Developer/Platforms/MacOSX.platform/Developer/SDKs/MacOSX26.1.sdk/usr/include/sys/_types/_ino64_t.h
/Applications/Xcode.app/Contents/Developer/Platforms/MacOSX.platform/Developer/SDKs/MacOSX26.1.sdk/usr/include/sys/_types/_key_t.h
/Applications/Xcode.app/Contents/Developer/Platforms/MacOSX.platform/Developer/SDKs/MacOSX26.1.sdk/usr/include/sys/_types/_mode_t.h
/Applications/Xcode.app/Contents/Developer/Platforms/MacOSX.platform/Developer/SDKs/MacOSX26.1.sdk/usr/include/sys/_types/_nlink_t.h
/Applications/Xcode.app/Contents/Developer/Platforms/MacOSX.platform/Developer/SDKs/MacOSX26.1.sdk/usr/include/sys/_types/_id_t.h
/Applications/Xcode.app/Contents/Developer/Platforms/MacOSX.platform/Developer/SDKs/MacOSX26.1.sdk/usr/include/sys/_types/_pid_t.h
/Applications/Xcode.app/Contents/Developer/Platforms/MacOSX.platform/Developer/SDKs/MacOSX26.1.sdk/usr/include/sys/_types/_off_t.h
/Applications/Xcode.app/Contents/Developer/Platforms/MacOSX.platform/Developer/SDKs/MacOSX26.1.sdk/usr/include/sys/_types/_uid_t.h
/Applications/Xcode.app/Contents/Developer/Platforms/MacOSX.platform/Developer/SDKs/MacOSX26.1.sdk/usr/include/sys/_types/_clock_t.h
/Applications/Xcode.app/Contents/Developer/Platforms/MacOSX.platform/Developer/SDKs/MacOSX26.1.sdk/usr/include/sys/_types/_ssize_t.h
/Applications/Xcode.app/Contents/Developer/Platforms/MacOSX.platform/Developer/SDKs/MacOSX26.1.sdk/usr/include/sys/_types/_time_t.h
/Applications/Xcode.app/Contents/Developer/Platforms/MacOSX.platform/Developer/SDKs/MacOSX26.1.sdk/usr/include/sys/_types/_useconds_t.h
/Applications/Xcode.app/Contents/Developer/Platforms/MacOSX.platform/Developer/SDKs/MacOSX26.1.sdk/usr/include/sys/_types/_suseconds_t.h
/Applications/Xcode.app/Contents/Developer/Platforms/MacOSX.platform/Developer/SDKs/MacOSX26.1.sdk/usr/include/sys/_types/_rsize_t.h
/Applications/Xcode.app/Contents/Developer/Platforms/MacOSX.platform/Developer/SDKs/MacOSX26.1.sdk/usr/include/sys/_types/_fd_def.h
/Applications/Xcode.app/Contents/Developer/Platforms/MacOSX.platform/Developer/SDKs/MacOSX26.1.sdk/usr/include/sys/_types/_fd_setsize.h
/Applications/Xcode.app/Contents/Developer/Platforms/MacOSX.platform/Developer/SDKs/MacOSX26.1.sdk/usr/include/sys/_types/_fd_set.h
/Applications/Xcode.app/Contents/Developer/Platforms/MacOSX.platform/Developer/SDKs/MacOSX26.1.sdk/usr/include/sys/_types/_fd_clr.h
/Applications/Xcode.app/Contents/Developer/Platforms/MacOSX.platform/Developer/SDKs/MacOSX26.1.sdk/usr/include/sys/_types/_fd_zero.h
/Applications/Xcode.app/Contents/Developer/Platforms/MacOSX.platform/Developer/SDKs/MacOSX26.1.sdk/usr/include/sys/_types/_fd_isset.h
/Applications/Xcode.app/Contents/Developer/Platforms/MacOSX.platform/Developer/SDKs/MacOSX26.1.sdk/usr/include/sys/_types/_fd_copy.h
/Applications/Xcode.app/Contents/Developer/Platforms/MacOSX.platform/Developer/SDKs/MacOSX26.1.sdk/usr/include/sys/_pthread/_pthread_attr_t.h
/Applications/Xcode.app/Contents/Developer/Platforms/MacOSX.platform/Developer/SDKs/MacOSX26.1.sdk/usr/include/sys/_pthread/_pthread_cond_t.h
/Applications/Xcode.app/Contents/Developer/Platforms/MacOSX.platform/Developer/SDKs/MacOSX26.1.sdk/usr/include/sys/_pthread/_pthread_condattr_t.h
/Applications/Xcode.app/Contents/Developer/Platforms/MacOSX.platform/Developer/SDKs/MacOSX26.1.sdk/usr/include/sys/_pthread/_pthread_mutex_t.h
/Applications/Xcode.app/Contents/Developer/Platforms/MacOSX.platform/Developer/SDKs/MacOSX26.1.sdk/usr/include/sys/_pthread/_pthread_mutexattr_t.h
/Applications/Xcode.app/Contents/Developer/Platforms/MacOSX.platform/Developer/SDKs/MacOSX26.1.sdk/usr/include/sys/_pthread/_pthread_once_t.h
/Applications/Xcode.app/Contents/Developer/Platforms/MacOSX.platform/Developer/SDKs/MacOSX26.1.sdk/usr/include/sys/_pthread/_pthread_rwlock_t.h
/Applications/Xcode.app/Contents/Developer/Platforms/MacOSX.platform/Developer/SDKs/MacOSX26.1.sdk/usr/include/sys/_pthread/_pthread_rwlockattr_t.h
/Applications/Xcode.app/Contents/Developer/Platforms/MacOSX.platform/Developer/SDKs/MacOSX26.1.sdk/usr/include/sys/_pthread/_pthread_t.h
/Applications/Xcode.app/Contents/Developer/Platforms/MacOSX.platform/Developer/SDKs/MacOSX26.1.sdk/usr/include/sys/_pthread/_pthread_key_t.h
/Applications/Xcode.app/Contents/Developer/Platforms/MacOSX.platform/Developer/SDKs/MacOSX26.1.sdk/usr/include/sys/_types/_fsblkcnt_t.h
/Applications/Xcode.app/Contents/Developer/Platforms/MacOSX.platform/Developer/SDKs/MacOSX26.1.sdk/usr/include/sys/_types/_fsfilcnt_t.h
/Applications/Xcode.app/Contents/Developer/Platforms/MacOSX.platform/Developer/SDKs/MacOSX26.1.sdk/usr/include/_types.h
/Applications/Xcode.app/Contents/Developer/Platforms/MacOSX.platform/Developer/SDKs/MacOSX26.1.sdk/usr/include/_types/_nl_item.h
/Applications/Xcode.app/Contents/Developer/Platforms/MacOSX.platform/Developer/SDKs/MacOSX26.1.sdk/usr/include/runetype.h
/Applications/Xcode.app/Contents/Developer/Platforms/MacOSX.platform/Developer/SDKs/MacOSX26.1.sdk/usr/include/sys/_types/_ct_rune_t.h
/Applications/Xcode.app/Contents/Developer/Platforms/MacOSX.platform/Developer/SDKs/MacOSX26.1.sdk/usr/include/sys/_types/_rune_t.h
/Applications/Xcode.app/Contents/Developer/Platforms/MacOSX.platform/Developer/SDKs/MacOSX26.1.sdk/usr/include/sys/_types/_wint_t.h
/Applications/Xcode.app/Contents/Developer/Platforms/MacOSX.platform/Developer/SDKs/MacOSX26.1.sdk/usr/include/alloca.h
/Applications/Xcode.app/Contents/Developer/Platforms/MacOSX.platform/Developer/SDKs/MacOSX26.1.sdk/usr/include/i386/endian.h
/Applications/Xcode.app/Contents/Developer/Platforms/MacOSX.platform/Developer/SDKs/MacOSX26.1.sdk/usr/include/libkern/i386/_OSByteOrder.h
/Applications/Xcode.app/Contents/Developer/Platforms/MacOSX.platform/Developer/SDKs/MacOSX26.1.sdk/usr/include/secure/_common.h
/Applications/Xcode.app/Contents/Developer/Platforms/MacOSX.platform/Developer/SDKs/MacOSX26.1.sdk/usr/include/sys/_types/_mach_port_t.h
/Applications/Xcode.app/Contents/Developer/Platforms/MacOSX.platform/Developer/SDKs/MacOSX26.1.sdk/usr/include/sys/_types/_offsetof.h
/Applications/Xcode.app/Contents/Developer/Platforms/MacOSX.platform/Developer/SDKs/MacOSX26.1.sdk/usr/include/_strings.h
/Applications/Xcode.app/Contents/Developer/Platforms/MacOSX.platform/Developer/SDKs/MacOSX26.1.sdk/usr/include/secure/_strings.h
/Applications/Xcode.app/Contents/Developer/Platforms/MacOSX.platform/Developer/SDKs/MacOSX26.1.sdk/usr/include/sys/_types/_timeval.h
/Applications/Xcode.app/Contents/Developer/Platforms/MacOSX.platform/Developer/SDKs/MacOSX26.1.sdk/usr/include/sys/_types/_uuid_t.h
/Applications/Xcode.app/Contents/Developer/Platforms/MacOSX.platform/Developer/SDKs/MacOSX26.1.sdk/usr/include/i386/types.h
/Applications/Xcode.app/Contents/Developer/Platforms/MacOSX.platform/Developer/SDKs/MacOSX26.1.sdk/usr/include/i386/_types.h
/Applications/Xcode.app/Contents/Developer/Platforms/MacOSX.platform/Developer/SDKs/MacOSX26.1.sdk/usr/include/_ctype.h
/Applications/Xcode.app/Contents/Developer/Platforms/MacOSX.platform/Developer/SDKs/MacOSX26.1.sdk/usr/include/xlocale/_ctype.h
/Applications/Xcode.app/Contents/Developer/Platforms/MacOSX.platform/Developer/SDKs/MacOSX26.1.sdk/usr/include/locale.h
/Applications/Xcode.app/Contents/Developer/Platforms/MacOSX.platform/Developer/SDKs/MacOSX26.1.sdk/usr/include/_locale.h
/Applications/Xcode.app/Contents/Developer/Platforms/MacOSX.platform/Developer/SDKs/MacOSX26.1.sdk/usr/include/_locale_posix2008.h
/Applications/Xcode.app/Contents/Developer/Platforms/MacOSX.platform/Developer/SDKs/MacOSX26.1.sdk/usr/include/stdint.h
/Applications/Xcode.app/Contents/Developer/Platforms/MacOSX.platform/Developer/SDKs/MacOSX26.1.sdk/usr/include/_types/_uint8_t.h
/Applications/Xcode.app/Contents/Developer/Platforms/MacOSX.platform/Developer/SDKs/MacOSX26.1.sdk/usr/include/_types/_uint16_t.h
/Applications/Xcode.app/Contents/Developer/Platforms/MacOSX.platform/Developer/SDKs/MacOSX26.1.sdk/usr/include/_types/_uint32_t.h
/Applications/Xcode.app/Contents/Developer/Platforms/MacOSX.platform/Developer/SDKs/MacOSX26.1.sdk/usr/include/_types/_uint64_t.h
/Applications/Xcode.app/Contents/Developer/Platforms/MacOSX.platform/Developer/SDKs/MacOSX26.1.sdk/usr/include/_types/_intmax_t.h
/Applications/Xcode.app/Contents/Developer/Platforms/MacOSX.platform/Developer/SDKs/MacOSX26.1.sdk/usr/include/_types/_uintmax_t.h
/Applications/Xcode.app/Contents/Developer/Platforms/MacOSX.platform/Developer/SDKs/MacOSX26.1.sdk/usr/include/_stdio.h
/Applications/Xcode.app/Contents/Developer/Platforms/MacOSX.platform/Developer/SDKs/MacOSX26.1.sdk/usr/include/sys/stdio.h
/Applications/Xcode.app/Contents/Developer/Platforms/MacOSX.platform/Developer/SDKs/MacOSX26.1.sdk/usr/include/_printf.h
/Applications/Xcode.app/Contents/Developer/Platforms/MacOSX.platform/Developer/SDKs/MacOSX26.1.sdk/usr/include/sys/_types/_seek_set.h
/Applications/Xcode.app/Contents/Developer/Platforms/MacOSX.platform/Developer/SDKs/MacOSX26.1.sdk/usr/include/_ctermid.h
/Applications/Xcode.app/Contents/Developer/Platforms/MacOSX.platform/Developer/SDKs/MacOSX26.1.sdk/usr/include/secure/_stdio.h
/Applications/Xcode.app/Contents/Developer/Platforms/MacOSX.platform/Developer/SDKs/MacOSX26.1.sdk/usr/include/xlocale/_stdio.h
/Applications/Xcode.app/Contents/Developer/Platforms/MacOSX.platform/Developer/SDKs/MacOSX26.1.sdk/usr/include/_string.h
/Applications/Xcode.app/Contents/Developer/Platforms/MacOSX.platform/Developer/SDKs/MacOSX26.1.sdk/usr/include/secure/_string.h
/Applications/Xcode.app/Contents/Developer/Platforms/MacOSX.platform/Developer/SDKs/MacOSX26.1.sdk/usr/include/xlocale/_string.h
/Applications/Xcode.app/Contents/Developer/Platforms/MacOSX.platform/Developer/SDKs/MacOSX26.1.sdk/usr/include/tgmath.h
/Applications/Xcode.app/Contents/Developer/Platforms/MacOSX.platform/Developer/SDKs/MacOSX26.1.sdk/usr/include/_time.h
/Applications/Xcode.app/Contents/Developer/Platforms/MacOSX.platform/Developer/SDKs/MacOSX26.1.sdk/usr/include/sys/_types/_timespec.h
/Applications/Xcode.app/Contents/Developer/Platforms/MacOSX.platform/Developer/SDKs/MacOSX26.1.sdk/usr/include/xlocale/_time.h
/Applications/Xcode.app/Contents/Developer/Platforms/MacOSX.platform/Developer/SDKs/MacOSX26.1.sdk/SDKSettings.json
/Applications/Xcode.app/Contents/Developer/Platforms/MacOSX.platform/Developer/SDKs/MacOSX26.1.sdk/usr/include/DarwinFoundation2.modulemap
/Applications/Xcode.app/Contents/Developer/Platforms/MacOSX.platform/Developer/SDKs/MacOSX26.1.sdk/usr/include/DarwinFoundation3.modulemap
/Applications/Xcode.app/Contents/Developer/Platforms/MacOSX.platform/Developer/SDKs/MacOSX26.1.sdk/usr/include/DarwinFoundation1.modulemap
/Applications/Xcode.app/Contents/Developer/Platforms/MacOSX.platform/Developer/SDKs/MacOSX26.1.sdk/usr/include/pthread/pthread.h
/Applications/Xcode.app/Contents/Developer/Platforms/MacOSX.platform/Developer/SDKs/MacOSX26.1.sdk/usr/include/pthread/sched.h
/Applications/Xcode.app/Contents/Developer/Platforms/MacOSX.platform/Developer/SDKs/MacOSX26.1.sdk/usr/include/pthread/pthread_impl.h
/Applications/Xcode.app/Contents/Developer/Platforms/MacOSX.platform/Developer/SDKs/MacOSX26.1.sdk/usr/include/time.h
/Applications/Xcode.app/Contents/Developer/Platforms/MacOSX.platform/Developer/SDKs/MacOSX26.1.sdk/usr/include/pthread/qos.h
/Applications/Xcode.app/Contents/Developer/Platforms/MacOSX.platform/Developer/SDKs/MacOSX26.1.sdk/usr/include/sys/_types/_sigset_t.h
/Applications/Xcode.app/Contents/Developer/Platforms/MacOSX.platform/Developer/SDKs/MacOSX26.1.sdk/usr/include/sys/resource.h
/Applications/Xcode.app/Contents/Developer/Toolchains/XcodeDefault.xctoolchain/usr/lib/swift/clang/include/module.modulemap
/Applications/Xcode.app/Contents/Developer/Platforms/MacOSX.platform/Developer/SDKs/MacOSX26.1.sdk/usr/include/sys/select.h
/Applications/Xcode.app/Contents/Developer/Platforms/MacOSX.platform/Developer/SDKs/MacOSX26.1.sdk/usr/include/sys/_select.h
/Applications/Xcode.app/Contents/Developer/Platforms/MacOSX.platform/Developer/SDKs/MacOSX26.1.sdk/usr/include/sys/wait.h
/Applications/Xcode.app/Contents/Developer/Platforms/MacOSX.platform/Developer/SDKs/MacOSX26.1.sdk/usr/include/sys/signal.h
/Applications/Xcode.app/Contents/Developer/Platforms/MacOSX.platform/Developer/SDKs/MacOSX26.1.sdk/usr/include/machine/signal.h
/Applications/Xcode.app/Contents/Developer/Platforms/MacOSX.platform/Developer/SDKs/MacOSX26.1.sdk/usr/include/arm/signal.h
/Applications/Xcode.app/Contents/Developer/Platforms/MacOSX.platform/Developer/SDKs/MacOSX26.1.sdk/usr/include/machine/_mcontext.h
/Applications/Xcode.app/Contents/Developer/Platforms/MacOSX.platform/Developer/SDKs/MacOSX26.1.sdk/usr/include/arm/_mcontext.h
/Applications/Xcode.app/Contents/Developer/Platforms/MacOSX.platform/Developer/SDKs/MacOSX26.1.sdk/usr/include/mach/machine/_structs.h
/Applications/Xcode.app/Contents/Developer/Platforms/MacOSX.platform/Developer/SDKs/MacOSX26.1.sdk/usr/include/mach/arm/_structs.h
/Applications/Xcode.app/Contents/Developer/Platforms/MacOSX.platform/Developer/SDKs/MacOSX26.1.sdk/usr/include/sys/_types/_sigaltstack.h
/Applications/Xcode.app/Contents/Developer/Platforms/MacOSX.platform/Developer/SDKs/MacOSX26.1.sdk/usr/include/sys/_types/_ucontext.h
/Applications/Xcode.app/Contents/Developer/Platforms/MacOSX.platform/Developer/SDKs/MacOSX26.1.sdk/usr/include/unistd.h
/Applications/Xcode.app/Contents/Developer/Platforms/MacOSX.platform/Developer/SDKs/MacOSX26.1.sdk/usr/include/sys/unistd.h
/Applications/Xcode.app/Contents/Developer/Platforms/MacOSX.platform/Developer/SDKs/MacOSX26.1.sdk/usr/include/sys/_types/_posix_vdisable.h
/Applications/Xcode.app/Contents/Developer/Platforms/MacOSX.platform/Developer/SDKs/MacOSX26.1.sdk/usr/include/gethostuuid.h
/Applications/Xcode.app/Contents/Developer/Platforms/MacOSX.platform/Developer/SDKs/MacOSX26.1.sdk/usr/include/mach/i386/_structs.h
/Applications/Xcode.app/Contents/Developer/Platforms/MacOSX.platform/Developer/SDKs/MacOSX26.1.sdk/usr/include/_inttypes.h
/Applications/Xcode.app/Contents/Developer/Platforms/MacOSX.platform/Developer/SDKs/MacOSX26.1.sdk/usr/include/xlocale/_inttypes.h
/Applications/Xcode.app/Contents/Developer/Toolchains/XcodeDefault.xctoolchain/usr/lib/swift/clang/include/stddef.h
/Applications/Xcode.app/Contents/Developer/Platforms/MacOSX.platform/Developer/SDKs/MacOSX26.1.sdk/usr/include/signal.h
/Applications/Xcode.app/Contents/Developer/Platforms/MacOSX.platform/Developer/SDKs/MacOSX26.1.sdk/usr/include/i386/signal.h
/Applications/Xcode.app/Contents/Developer/Platforms/MacOSX.platform/Developer/SDKs/MacOSX26.1.sdk/usr/include/i386/_mcontext.h
/Applications/Xcode.app/Contents/Developer/Platforms/MacOSX.platform/Developer/SDKs/MacOSX26.1.sdk/usr/include/_stdlib.h
/Applications/Xcode.app/Contents/Developer/Platforms/MacOSX.platform/Developer/SDKs/MacOSX26.1.sdk/usr/include/malloc/_malloc.h
/Applications/Xcode.app/Contents/Developer/Platforms/MacOSX.platform/Developer/SDKs/MacOSX26.1.sdk/usr/include/malloc/_malloc_type.h
/Applications/Xcode.app/Contents/Developer/Platforms/MacOSX.platform/Developer/SDKs/MacOSX26.1.sdk/usr/include/malloc/_ptrcheck.h
/Applications/Xcode.app/Contents/Developer/Platforms/MacOSX.platform/Developer/SDKs/MacOSX26.1.sdk/usr/include/_abort.h
/Applications/Xcode.app/Contents/Developer/Platforms/MacOSX.platform/Developer/SDKs/MacOSX26.1.sdk/usr/include/xlocale/_stdlib.h
/Applications/Xcode.app/Contents/Developer/Platforms/MacOSX.platform/Developer/SDKs/MacOSX26.1.sdk/usr/include/_wchar.h
/Applications/Xcode.app/Contents/Developer/Platforms/MacOSX.platform/Developer/SDKs/MacOSX26.1.sdk/usr/include/sys/_types/_mbstate_t.h
/Applications/Xcode.app/Contents/Developer/Toolchains/XcodeDefault.xctoolchain/usr/lib/swift/clang/include/stdarg.h
/Applications/Xcode.app/Contents/Developer/Platforms/MacOSX.platform/Developer/SDKs/MacOSX26.1.sdk/usr/include/stdio.h
/Applications/Xcode.app/Contents/Developer/Platforms/MacOSX.platform/Developer/SDKs/MacOSX26.1.sdk/usr/include/__wctype.h
/Applications/Xcode.app/Contents/Developer/Platforms/MacOSX.platform/Developer/SDKs/MacOSX26.1.sdk/usr/include/___wctype.h
/Applications/Xcode.app/Contents/Developer/Platforms/MacOSX.platform/Developer/SDKs/MacOSX26.1.sdk/usr/include/_types/_wctype_t.h
/Applications/Xcode.app/Contents/Developer/Platforms/MacOSX.platform/Developer/SDKs/MacOSX26.1.sdk/usr/include/ctype.h
/Applications/Xcode.app/Contents/Developer/Platforms/MacOSX.platform/Developer/SDKs/MacOSX26.1.sdk/usr/include/xlocale/_wchar.h
/Applications/Xcode.app/Contents/Developer/Platforms/MacOSX.platform/Developer/SDKs/MacOSX26.1.sdk/usr/include/_wctype.h
/Applications/Xcode.app/Contents/Developer/Platforms/MacOSX.platform/Developer/SDKs/MacOSX26.1.sdk/usr/include/_types/_wctrans_t.h
/Applications/Xcode.app/Contents/Developer/Platforms/MacOSX.platform/Developer/SDKs/MacOSX26.1.sdk/usr/include/xlocale/_wctype.h
/Applications/Xcode.app/Contents/Developer/Platforms/MacOSX.platform/Developer/SDKs/MacOSX26.1.sdk/usr/include/xlocale/___wctype.h
/Applications/Xcode.app/Contents/Developer/Platforms/MacOSX.platform/Developer/SDKs/MacOSX26.1.sdk/SDKSettings.json
/Applications/Xcode.app/Contents/Developer/Toolchains/XcodeDefault.xctoolchain/usr/lib/swift/macosx/prebuilt-modules/26.1/_DarwinFoundation3.swiftmodule/arm64e-apple-macos.swiftmodule
/Applications/Xcode.app/Contents/Developer/Toolchains/XcodeDefault.xctoolchain/usr/lib/swift/macosx/prebuilt-modules/26.1/_StringProcessing.swiftmodule/arm64e-apple-macos.swiftmodule
/Applications/Xcode.app/Contents/Developer/Platforms/MacOSX.platform/Developer/SDKs/MacOSX26.1.sdk/usr/lib/swift/shims/module.modulemap
/Applications/Xcode.app/Contents/Developer/Platforms/MacOSX.platform/Developer/SDKs/MacOSX26.1.sdk/usr/lib/swift/shims/_SwiftConcurrency.h
/Applications/Xcode.app/Contents/Developer/Platforms/MacOSX.platform/Developer/SDKs/MacOSX26.1.sdk/SDKSettings.json
/Applications/Xcode.app/Contents/Developer/Platforms/MacOSX.platform/Developer/SDKs/MacOSX26.1.sdk/usr/include/launch.modulemap
/Applications/Xcode.app/Contents/Developer/Platforms/MacOSX.platform/Developer/SDKs/MacOSX26.1.sdk/usr/include/Darwin.modulemap
/Applications/Xcode.app/Contents/Developer/Platforms/MacOSX.platform/Developer/SDKs/MacOSX26.1.sdk/usr/include/Darwin_C.modulemap
/Applications/Xcode.app/Contents/Developer/Platforms/MacOSX.platform/Developer/SDKs/MacOSX26.1.sdk/usr/include/Darwin_POSIX.modulemap
/Applications/Xcode.app/Contents/Developer/Platforms/MacOSX.platform/Developer/SDKs/MacOSX26.1.sdk/usr/include/net.modulemap
/Applications/Xcode.app/Contents/Developer/Platforms/MacOSX.platform/Developer/SDKs/MacOSX26.1.sdk/usr/include/netinet.modulemap
/Applications/Xcode.app/Contents/Developer/Platforms/MacOSX.platform/Developer/SDKs/MacOSX26.1.sdk/usr/include/bank.modulemap
/Applications/Xcode.app/Contents/Developer/Platforms/MacOSX.platform/Developer/SDKs/MacOSX26.1.sdk/usr/include/Darwin_Mach.modulemap
/Applications/Xcode.app/Contents/Developer/Platforms/MacOSX.platform/Developer/SDKs/MacOSX26.1.sdk/usr/include/Darwin_Mach_machine.modulemap
/Applications/Xcode.app/Contents/Developer/Platforms/MacOSX.platform/Developer/SDKs/MacOSX26.1.sdk/usr/include/mach_debug.modulemap
/Applications/Xcode.app/Contents/Developer/Platforms/MacOSX.platform/Developer/SDKs/MacOSX26.1.sdk/usr/include/device.modulemap
/Applications/Xcode.app/Contents/Developer/Platforms/MacOSX.platform/Developer/SDKs/MacOSX26.1.sdk/usr/include/Darwin_machine.modulemap
/Applications/Xcode.app/Contents/Developer/Platforms/MacOSX.platform/Developer/SDKs/MacOSX26.1.sdk/usr/include/ncurses.modulemap
/Applications/Xcode.app/Contents/Developer/Platforms/MacOSX.platform/Developer/SDKs/MacOSX26.1.sdk/usr/include/netinet6.modulemap
/Applications/Xcode.app/Contents/Developer/Platforms/MacOSX.platform/Developer/SDKs/MacOSX26.1.sdk/usr/include/Darwin_sys.modulemap
/Applications/Xcode.app/Contents/Developer/Platforms/MacOSX.platform/Developer/SDKs/MacOSX26.1.sdk/usr/include/uuid.modulemap
/Applications/Xcode.app/Contents/Developer/Platforms/MacOSX.platform/Developer/SDKs/MacOSX26.1.sdk/usr/include/DarwinFoundation1.modulemap
/Applications/Xcode.app/Contents/Developer/Platforms/MacOSX.platform/Developer/SDKs/MacOSX26.1.sdk/usr/include/launch.h
/Applications/Xcode.app/Contents/Developer/Toolchains/XcodeDefault.xctoolchain/usr/lib/swift/clang/include/module.modulemap
/Applications/Xcode.app/Contents/Developer/Toolchains/XcodeDefault.xctoolchain/usr/lib/swift/clang/include/stddef.h
/Applications/Xcode.app/Contents/Developer/Platforms/MacOSX.platform/Developer/SDKs/MacOSX26.1.sdk/SDKSettings.json
/Applications/Xcode.app/Contents/Developer/Platforms/MacOSX.platform/Developer/SDKs/MacOSX26.1.sdk/usr/include/libDER/module.modulemap
/Applications/Xcode.app/Contents/Developer/Platforms/MacOSX.platform/Developer/SDKs/MacOSX26.1.sdk/usr/include/libDER/DERItem.h
/Applications/Xcode.app/Contents/Developer/Platforms/MacOSX.platform/Developer/SDKs/MacOSX26.1.sdk/usr/include/libDER/libDER_config.h
/Applications/Xcode.app/Contents/Developer/Toolchains/XcodeDefault.xctoolchain/usr/lib/swift/clang/include/module.modulemap
/Applications/Xcode.app/Contents/Developer/Toolchains/XcodeDefault.xctoolchain/usr/lib/swift/clang/include/stddef.h
/Applications/Xcode.app/Contents/Developer/Platforms/MacOSX.platform/Developer/SDKs/MacOSX26.1.sdk/usr/include/DarwinFoundation2.modulemap
/Applications/Xcode.app/Contents/Developer/Platforms/MacOSX.platform/Developer/SDKs/MacOSX26.1.sdk/usr/include/DarwinFoundation1.modulemap
/Applications/Xcode.app/Contents/Developer/Platforms/MacOSX.platform/Developer/SDKs/MacOSX26.1.sdk/usr/include/string.h
/Applications/Xcode.app/Contents/Developer/Platforms/MacOSX.platform/Developer/SDKs/MacOSX26.1.sdk/SDKSettings.json
/Applications/Xcode.app/Contents/Developer/Platforms/MacOSX.platform/Developer/SDKs/MacOSX26.1.sdk/usr/include/libkern.modulemap
/Applications/Xcode.app/Contents/Developer/Platforms/MacOSX.platform/Developer/SDKs/MacOSX26.1.sdk/usr/include/Darwin.modulemap
/Applications/Xcode.app/Contents/Developer/Platforms/MacOSX.platform/Developer/SDKs/MacOSX26.1.sdk/usr/include/Darwin_C.modulemap
/Applications/Xcode.app/Contents/Developer/Platforms/MacOSX.platform/Developer/SDKs/MacOSX26.1.sdk/usr/include/Darwin_POSIX.modulemap
/Applications/Xcode.app/Contents/Developer/Platforms/MacOSX.platform/Developer/SDKs/MacOSX26.1.sdk/usr/include/net.modulemap
/Applications/Xcode.app/Contents/Developer/Platforms/MacOSX.platform/Developer/SDKs/MacOSX26.1.sdk/usr/include/netinet.modulemap
/Applications/Xcode.app/Contents/Developer/Platforms/MacOSX.platform/Developer/SDKs/MacOSX26.1.sdk/usr/include/bank.modulemap
/Applications/Xcode.app/Contents/Developer/Platforms/MacOSX.platform/Developer/SDKs/MacOSX26.1.sdk/usr/include/Darwin_Mach.modulemap
/Applications/Xcode.app/Contents/Developer/Platforms/MacOSX.platform/Developer/SDKs/MacOSX26.1.sdk/usr/include/Darwin_Mach_machine.modulemap
/Applications/Xcode.app/Contents/Developer/Platforms/MacOSX.platform/Developer/SDKs/MacOSX26.1.sdk/usr/include/mach_debug.modulemap
/Applications/Xcode.app/Contents/Developer/Platforms/MacOSX.platform/Developer/SDKs/MacOSX26.1.sdk/usr/include/device.modulemap
/Applications/Xcode.app/Contents/Developer/Platforms/MacOSX.platform/Developer/SDKs/MacOSX26.1.sdk/usr/include/Darwin_machine.modulemap
/Applications/Xcode.app/Contents/Developer/Platforms/MacOSX.platform/Developer/SDKs/MacOSX26.1.sdk/usr/include/ncurses.modulemap
/Applications/Xcode.app/Contents/Developer/Platforms/MacOSX.platform/Developer/SDKs/MacOSX26.1.sdk/usr/include/netinet6.modulemap
/Applications/Xcode.app/Contents/Developer/Platforms/MacOSX.platform/Developer/SDKs/MacOSX26.1.sdk/usr/include/Darwin_sys.modulemap
/Applications/Xcode.app/Contents/Developer/Platforms/MacOSX.platform/Developer/SDKs/MacOSX26.1.sdk/usr/include/uuid.modulemap
/Applications/Xcode.app/Contents/Developer/Platforms/MacOSX.platform/Developer/SDKs/MacOSX26.1.sdk/usr/include/DarwinFoundation1.modulemap
/Applications/Xcode.app/Contents/Developer/Platforms/MacOSX.platform/Developer/SDKs/MacOSX26.1.sdk/usr/include/libkern/OSCacheControl.h
/Applications/Xcode.app/Contents/Developer/Toolchains/XcodeDefault.xctoolchain/usr/lib/swift/clang/include/module.modulemap
/Applications/Xcode.app/Contents/Developer/Toolchains/XcodeDefault.xctoolchain/usr/lib/swift/clang/include/stddef.h
/Applications/Xcode.app/Contents/Developer/Platforms/MacOSX.platform/Developer/SDKs/MacOSX26.1.sdk/usr/include/libkern/OSDebug.h
/Applications/Xcode.app/Contents/Developer/Platforms/MacOSX.platform/Developer/SDKs/MacOSX26.1.sdk/usr/include/libkern/OSReturn.h
/Applications/Xcode.app/Contents/Developer/Platforms/MacOSX.platform/Developer/SDKs/MacOSX26.1.sdk/usr/include/libkern/OSThermalNotification.h
/Applications/Xcode.app/Contents/Developer/Platforms/MacOSX.platform/Developer/SDKs/MacOSX26.1.sdk/usr/include/libkern/OSTypes.h
/Applications/Xcode.app/Contents/Developer/Platforms/MacOSX.platform/Developer/SDKs/MacOSX26.1.sdk/usr/include/libkern/OSKextLib.h
/Applications/Xcode.app/Contents/Developer/Platforms/MacOSX.platform/Developer/SDKs/MacOSX26.1.sdk/SDKSettings.json
/Applications/Xcode.app/Contents/Developer/Platforms/MacOSX.platform/Developer/SDKs/MacOSX26.1.sdk/usr/include/os.modulemap
/Applications/Xcode.app/Contents/Developer/Platforms/MacOSX.platform/Developer/SDKs/MacOSX26.1.sdk/usr/include/ObjectiveC.modulemap
/Applications/Xcode.app/Contents/Developer/Platforms/MacOSX.platform/Developer/SDKs/MacOSX26.1.sdk/usr/include/Darwin.modulemap
/Applications/Xcode.app/Contents/Developer/Platforms/MacOSX.platform/Developer/SDKs/MacOSX26.1.sdk/usr/include/Darwin_C.modulemap
/Applications/Xcode.app/Contents/Developer/Platforms/MacOSX.platform/Developer/SDKs/MacOSX26.1.sdk/usr/include/Darwin_POSIX.modulemap
/Applications/Xcode.app/Contents/Developer/Platforms/MacOSX.platform/Developer/SDKs/MacOSX26.1.sdk/usr/include/net.modulemap
/Applications/Xcode.app/Contents/Developer/Platforms/MacOSX.platform/Developer/SDKs/MacOSX26.1.sdk/usr/include/netinet.modulemap
/Applications/Xcode.app/Contents/Developer/Platforms/MacOSX.platform/Developer/SDKs/MacOSX26.1.sdk/usr/include/bank.modulemap
/Applications/Xcode.app/Contents/Developer/Platforms/MacOSX.platform/Developer/SDKs/MacOSX26.1.sdk/usr/include/Darwin_Mach.modulemap
/Applications/Xcode.app/Contents/Developer/Platforms/MacOSX.platform/Developer/SDKs/MacOSX26.1.sdk/usr/include/Darwin_Mach_machine.modulemap
/Applications/Xcode.app/Contents/Developer/Platforms/MacOSX.platform/Developer/SDKs/MacOSX26.1.sdk/usr/include/mach_debug.modulemap
/Applications/Xcode.app/Contents/Developer/Platforms/MacOSX.platform/Developer/SDKs/MacOSX26.1.sdk/usr/include/device.modulemap
/Applications/Xcode.app/Contents/Developer/Platforms/MacOSX.platform/Developer/SDKs/MacOSX26.1.sdk/usr/include/Darwin_machine.modulemap
/Applications/Xcode.app/Contents/Developer/Platforms/MacOSX.platform/Developer/SDKs/MacOSX26.1.sdk/usr/include/ncurses.modulemap
/Applications/Xcode.app/Contents/Developer/Platforms/MacOSX.platform/Developer/SDKs/MacOSX26.1.sdk/usr/include/netinet6.modulemap
/Applications/Xcode.app/Contents/Developer/Platforms/MacOSX.platform/Developer/SDKs/MacOSX26.1.sdk/usr/include/Darwin_sys.modulemap
/Applications/Xcode.app/Contents/Developer/Platforms/MacOSX.platform/Developer/SDKs/MacOSX26.1.sdk/usr/include/uuid.modulemap
/Applications/Xcode.app/Contents/Developer/Platforms/MacOSX.platform/Developer/SDKs/MacOSX26.1.sdk/usr/include/DarwinFoundation1.modulemap
/Applications/Xcode.app/Contents/Developer/Platforms/MacOSX.platform/Developer/SDKs/MacOSX26.1.sdk/usr/include/os/object.h
/Applications/Xcode.app/Contents/Developer/Platforms/MacOSX.platform/Developer/SDKs/MacOSX26.1.sdk/SDKSettings.json
/Applications/Xcode.app/Contents/Developer/Platforms/MacOSX.platform/Developer/SDKs/MacOSX26.1.sdk/usr/include/os.modulemap
/Applications/Xcode.app/Contents/Developer/Platforms/MacOSX.platform/Developer/SDKs/MacOSX26.1.sdk/usr/include/Darwin.modulemap
/Applications/Xcode.app/Contents/Developer/Platforms/MacOSX.platform/Developer/SDKs/MacOSX26.1.sdk/usr/include/Darwin_C.modulemap
/Applications/Xcode.app/Contents/Developer/Platforms/MacOSX.platform/Developer/SDKs/MacOSX26.1.sdk/usr/include/Darwin_POSIX.modulemap
/Applications/Xcode.app/Contents/Developer/Platforms/MacOSX.platform/Developer/SDKs/MacOSX26.1.sdk/usr/include/net.modulemap
/Applications/Xcode.app/Contents/Developer/Platforms/MacOSX.platform/Developer/SDKs/MacOSX26.1.sdk/usr/include/netinet.modulemap
/Applications/Xcode.app/Contents/Developer/Platforms/MacOSX.platform/Developer/SDKs/MacOSX26.1.sdk/usr/include/bank.modulemap
/Applications/Xcode.app/Contents/Developer/Platforms/MacOSX.platform/Developer/SDKs/MacOSX26.1.sdk/usr/include/Darwin_Mach.modulemap
/Applications/Xcode.app/Contents/Developer/Platforms/MacOSX.platform/Developer/SDKs/MacOSX26.1.sdk/usr/include/Darwin_Mach_machine.modulemap
/Applications/Xcode.app/Contents/Developer/Platforms/MacOSX.platform/Developer/SDKs/MacOSX26.1.sdk/usr/include/mach_debug.modulemap
/Applications/Xcode.app/Contents/Developer/Platforms/MacOSX.platform/Developer/SDKs/MacOSX26.1.sdk/usr/include/device.modulemap
/Applications/Xcode.app/Contents/Developer/Platforms/MacOSX.platform/Developer/SDKs/MacOSX26.1.sdk/usr/include/Darwin_machine.modulemap
/Applications/Xcode.app/Contents/Developer/Platforms/MacOSX.platform/Developer/SDKs/MacOSX26.1.sdk/usr/include/ncurses.modulemap
/Applications/Xcode.app/Contents/Developer/Platforms/MacOSX.platform/Developer/SDKs/MacOSX26.1.sdk/usr/include/netinet6.modulemap
/Applications/Xcode.app/Contents/Developer/Platforms/MacOSX.platform/Developer/SDKs/MacOSX26.1.sdk/usr/include/Darwin_sys.modulemap
/Applications/Xcode.app/Contents/Developer/Platforms/MacOSX.platform/Developer/SDKs/MacOSX26.1.sdk/usr/include/uuid.modulemap
/Applications/Xcode.app/Contents/Developer/Platforms/MacOSX.platform/Developer/SDKs/MacOSX26.1.sdk/usr/include/DarwinFoundation2.modulemap
/Applications/Xcode.app/Contents/Developer/Platforms/MacOSX.platform/Developer/SDKs/MacOSX26.1.sdk/usr/include/DarwinFoundation3.modulemap
/Applications/Xcode.app/Contents/Developer/Platforms/MacOSX.platform/Developer/SDKs/MacOSX26.1.sdk/usr/include/DarwinFoundation1.modulemap
/Applications/Xcode.app/Contents/Developer/Platforms/MacOSX.platform/Developer/SDKs/MacOSX26.1.sdk/usr/include/os/workgroup.h
/Applications/Xcode.app/Contents/Developer/Platforms/MacOSX.platform/Developer/SDKs/MacOSX26.1.sdk/usr/include/os/workgroup_base.h
/Applications/Xcode.app/Contents/Developer/Toolchains/XcodeDefault.xctoolchain/usr/lib/swift/clang/include/module.modulemap
/Applications/Xcode.app/Contents/Developer/Toolchains/XcodeDefault.xctoolchain/usr/lib/swift/clang/include/stddef.h
/Applications/Xcode.app/Contents/Developer/Platforms/MacOSX.platform/Developer/SDKs/MacOSX26.1.sdk/usr/include/string.h
/Applications/Xcode.app/Contents/Developer/Platforms/MacOSX.platform/Developer/SDKs/MacOSX26.1.sdk/usr/include/stdlib.h
/Applications/Xcode.app/Contents/Developer/Platforms/MacOSX.platform/Developer/SDKs/MacOSX26.1.sdk/usr/include/os/workgroup_object.h
/Applications/Xcode.app/Contents/Developer/Platforms/MacOSX.platform/Developer/SDKs/MacOSX26.1.sdk/usr/include/os/workgroup_interval.h
/Applications/Xcode.app/Contents/Developer/Platforms/MacOSX.platform/Developer/SDKs/MacOSX26.1.sdk/usr/include/os/workgroup_parallel.h
/Applications/Xcode.app/Contents/Developer/Platforms/MacOSX.platform/Developer/SDKs/MacOSX26.1.sdk/SDKSettings.json
/Applications/Xcode.app/Contents/Developer/Toolchains/XcodeDefault.xctoolchain/usr/lib/swift/clang/include/module.modulemap
/Applications/Xcode.app/Contents/Developer/Toolchains/XcodeDefault.xctoolchain/usr/lib/swift/clang/include/ptrauth.h
/Applications/Xcode.app/Contents/Developer/Platforms/MacOSX.platform/Developer/SDKs/MacOSX26.1.sdk/SDKSettings.json
/Applications/Xcode.app/Contents/Developer/Toolchains/XcodeDefault.xctoolchain/usr/lib/swift/clang/include/module.modulemap
/Applications/Xcode.app/Contents/Developer/Toolchains/XcodeDefault.xctoolchain/usr/lib/swift/clang/include/ptrcheck.h
/Applications/Xcode.app/Contents/Developer/Platforms/MacOSX.platform/Developer/SDKs/MacOSX26.1.sdk/SDKSettings.json
/Applications/Xcode.app/Contents/Developer/Platforms/MacOSX.platform/Developer/SDKs/MacOSX26.1.sdk/usr/include/DarwinFoundation2.modulemap
/Applications/Xcode.app/Contents/Developer/Platforms/MacOSX.platform/Developer/SDKs/MacOSX26.1.sdk/usr/include/_modules/_sys_types.h
/Applications/Xcode.app/Contents/Developer/Platforms/MacOSX.platform/Developer/SDKs/MacOSX26.1.sdk/SDKSettings.json

Ld /Users/rogerlin/Library/Developer/Xcode/DerivedData/FinancialCalculatorKit-ackorybalcxbfocbkqsfdzcfkgmn/Build/Products/Debug/BigDecimal.o normal (in target 'BigDecimal' from project 'BigDecimal')
    cd /Users/rogerlin/Library/Developer/Xcode/DerivedData/FinancialCalculatorKit-ackorybalcxbfocbkqsfdzcfkgmn/SourcePackages/checkouts/BigDecimal
    /Applications/Xcode.app/Contents/Developer/Toolchains/XcodeDefault.xctoolchain/usr/bin/clang -Xlinker -reproducible -target arm64-apple-macos13.3 -r -isysroot /Applications/Xcode.app/Contents/Developer/Platforms/MacOSX.platform/Developer/SDKs/MacOSX26.1.sdk -O0 -w -L/Users/rogerlin/Library/Developer/Xcode/DerivedData/FinancialCalculatorKit-ackorybalcxbfocbkqsfdzcfkgmn/Build/Intermediates.noindex/EagerLinkingTBDs/Debug -L/Users/rogerlin/Library/Developer/Xcode/DerivedData/FinancialCalculatorKit-ackorybalcxbfocbkqsfdzcfkgmn/Build/Products/Debug -L/Applications/Xcode.app/Contents/Developer/Platforms/MacOSX.platform/Developer/usr/lib -F/Users/rogerlin/Library/Developer/Xcode/DerivedData/FinancialCalculatorKit-ackorybalcxbfocbkqsfdzcfkgmn/Build/Intermediates.noindex/EagerLinkingTBDs/Debug -F/Users/rogerlin/Library/Developer/Xcode/DerivedData/FinancialCalculatorKit-ackorybalcxbfocbkqsfdzcfkgmn/Build/Products/Debug/PackageFrameworks -F/Users/rogerlin/Library/Developer/Xcode/DerivedData/FinancialCalculatorKit-ackorybalcxbfocbkqsfdzcfkgmn/Build/Products/Debug/PackageFrameworks -F/Users/rogerlin/Library/Developer/Xcode/DerivedData/FinancialCalculatorKit-ackorybalcxbfocbkqsfdzcfkgmn/Build/Products/Debug/PackageFrameworks -F/Users/rogerlin/Library/Developer/Xcode/DerivedData/FinancialCalculatorKit-ackorybalcxbfocbkqsfdzcfkgmn/Build/Products/Debug/PackageFrameworks -F/Users/rogerlin/Library/Developer/Xcode/DerivedData/FinancialCalculatorKit-ackorybalcxbfocbkqsfdzcfkgmn/Build/Products/Debug/PackageFrameworks -F/Users/rogerlin/Library/Developer/Xcode/DerivedData/FinancialCalculatorKit-ackorybalcxbfocbkqsfdzcfkgmn/Build/Products/Debug/PackageFrameworks -F/Users/rogerlin/Library/Developer/Xcode/DerivedData/FinancialCalculatorKit-ackorybalcxbfocbkqsfdzcfkgmn/Build/Products/Debug -iframework /Applications/Xcode.app/Contents/Developer/Platforms/MacOSX.platform/Developer/Library/Frameworks -filelist /Users/rogerlin/Library/Developer/Xcode/DerivedData/FinancialCalculatorKit-ackorybalcxbfocbkqsfdzcfkgmn/Build/Intermediates.noindex/BigDecimal.build/Debug/BigDecimal.build/Objects-normal/arm64/BigDecimal.LinkFileList -nostdlib -Xlinker -object_path_lto -Xlinker /Users/rogerlin/Library/Developer/Xcode/DerivedData/FinancialCalculatorKit-ackorybalcxbfocbkqsfdzcfkgmn/Build/Intermediates.noindex/BigDecimal.build/Debug/BigDecimal.build/Objects-normal/arm64/BigDecimal_lto.o -rdynamic -Xlinker -no_deduplicate -Xlinker -debug_variant -Xlinker -dependency_info -Xlinker /Users/rogerlin/Library/Developer/Xcode/DerivedData/FinancialCalculatorKit-ackorybalcxbfocbkqsfdzcfkgmn/Build/Intermediates.noindex/BigDecimal.build/Debug/BigDecimal.build/Objects-normal/arm64/BigDecimal_dependency_info.dat -fobjc-link-runtime -L/Applications/Xcode.app/Contents/Developer/Toolchains/XcodeDefault.xctoolchain/usr/lib/swift/macosx -L/usr/lib/swift -Xlinker -add_ast_path -Xlinker /Users/rogerlin/Library/Developer/Xcode/DerivedData/FinancialCalculatorKit-ackorybalcxbfocbkqsfdzcfkgmn/Build/Intermediates.noindex/BigDecimal.build/Debug/BigDecimal.build/Objects-normal/arm64/BigDecimal.swiftmodule @/Users/rogerlin/Library/Developer/Xcode/DerivedData/FinancialCalculatorKit-ackorybalcxbfocbkqsfdzcfkgmn/Build/Intermediates.noindex/BigDecimal.build/Debug/BigDecimal.build/Objects-normal/arm64/BigDecimal-linker-args.resp -o /Users/rogerlin/Library/Developer/Xcode/DerivedData/FinancialCalculatorKit-ackorybalcxbfocbkqsfdzcfkgmn/Build/Products/Debug/BigDecimal.o

    Task input dependencies:
        /Users/rogerlin/Library/Developer/Xcode/DerivedData/FinancialCalculatorKit-ackorybalcxbfocbkqsfdzcfkgmn/Build/Intermediates.noindex/BigDecimal.build/Debug/BigDecimal.build/Objects-normal/arm64/BigDecimal-e1a089ac5ea41b6909b7e4c93a151285.o
        /Users/rogerlin/Library/Developer/Xcode/DerivedData/FinancialCalculatorKit-ackorybalcxbfocbkqsfdzcfkgmn/Build/Intermediates.noindex/BigDecimal.build/Debug/BigDecimal.build/Objects-normal/arm64/CBDecimal.o
        /Users/rogerlin/Library/Developer/Xcode/DerivedData/FinancialCalculatorKit-ackorybalcxbfocbkqsfdzcfkgmn/Build/Intermediates.noindex/BigDecimal.build/Debug/BigDecimal.build/Objects-normal/arm64/Decimal.o
        /Users/rogerlin/Library/Developer/Xcode/DerivedData/FinancialCalculatorKit-ackorybalcxbfocbkqsfdzcfkgmn/Build/Intermediates.noindex/BigDecimal.build/Debug/BigDecimal.build/Objects-normal/arm64/Decimal128.o
        /Users/rogerlin/Library/Developer/Xcode/DerivedData/FinancialCalculatorKit-ackorybalcxbfocbkqsfdzcfkgmn/Build/Intermediates.noindex/BigDecimal.build/Debug/BigDecimal.build/Objects-normal/arm64/Decimal32.o
        /Users/rogerlin/Library/Developer/Xcode/DerivedData/FinancialCalculatorKit-ackorybalcxbfocbkqsfdzcfkgmn/Build/Intermediates.noindex/BigDecimal.build/Debug/BigDecimal.build/Objects-normal/arm64/Decimal64.o
        /Users/rogerlin/Library/Developer/Xcode/DerivedData/FinancialCalculatorKit-ackorybalcxbfocbkqsfdzcfkgmn/Build/Intermediates.noindex/BigDecimal.build/Debug/BigDecimal.build/Objects-normal/arm64/AsinCalculator.o
        /Users/rogerlin/Library/Developer/Xcode/DerivedData/FinancialCalculatorKit-ackorybalcxbfocbkqsfdzcfkgmn/Build/Intermediates.noindex/BigDecimal.build/Debug/BigDecimal.build/Objects-normal/arm64/CosCalculator.o
        /Users/rogerlin/Library/Developer/Xcode/DerivedData/FinancialCalculatorKit-ackorybalcxbfocbkqsfdzcfkgmn/Build/Intermediates.noindex/BigDecimal.build/Debug/BigDecimal.build/Objects-normal/arm64/CoshCalculator.o
        /Users/rogerlin/Library/Developer/Xcode/DerivedData/FinancialCalculatorKit-ackorybalcxbfocbkqsfdzcfkgmn/Build/Intermediates.noindex/BigDecimal.build/Debug/BigDecimal.build/Objects-normal/arm64/DecimalMath-Simple.o
        /Users/rogerlin/Library/Developer/Xcode/DerivedData/FinancialCalculatorKit-ackorybalcxbfocbkqsfdzcfkgmn/Build/Intermediates.noindex/BigDecimal.build/Debug/BigDecimal.build/Objects-normal/arm64/DecimalMath.o
        /Users/rogerlin/Library/Developer/Xcode/DerivedData/FinancialCalculatorKit-ackorybalcxbfocbkqsfdzcfkgmn/Build/Intermediates.noindex/BigDecimal.build/Debug/BigDecimal.build/Objects-normal/arm64/ExponentCalculator.o
        /Users/rogerlin/Library/Developer/Xcode/DerivedData/FinancialCalculatorKit-ackorybalcxbfocbkqsfdzcfkgmn/Build/Intermediates.noindex/BigDecimal.build/Debug/BigDecimal.build/Objects-normal/arm64/SeriesCalculator.o
        /Users/rogerlin/Library/Developer/Xcode/DerivedData/FinancialCalculatorKit-ackorybalcxbfocbkqsfdzcfkgmn/Build/Intermediates.noindex/BigDecimal.build/Debug/BigDecimal.build/Objects-normal/arm64/SinCalculator.o
        /Users/rogerlin/Library/Developer/Xcode/DerivedData/FinancialCalculatorKit-ackorybalcxbfocbkqsfdzcfkgmn/Build/Intermediates.noindex/BigDecimal.build/Debug/BigDecimal.build/Objects-normal/arm64/SinhCalculator.o
        /Users/rogerlin/Library/Developer/Xcode/DerivedData/FinancialCalculatorKit-ackorybalcxbfocbkqsfdzcfkgmn/Build/Intermediates.noindex/BigDecimal.build/Debug/BigDecimal.build/Objects-normal/arm64/DecimalFloatingPoint.o
        /Users/rogerlin/Library/Developer/Xcode/DerivedData/FinancialCalculatorKit-ackorybalcxbfocbkqsfdzcfkgmn/Build/Intermediates.noindex/BigDecimal.build/Debug/BigDecimal.build/Objects-normal/arm64/DecimalLogic.o
        /Users/rogerlin/Library/Developer/Xcode/DerivedData/FinancialCalculatorKit-ackorybalcxbfocbkqsfdzcfkgmn/Build/Intermediates.noindex/BigDecimal.build/Debug/BigDecimal.build/Objects-normal/arm64/Extensions.o
        /Users/rogerlin/Library/Developer/Xcode/DerivedData/FinancialCalculatorKit-ackorybalcxbfocbkqsfdzcfkgmn/Build/Intermediates.noindex/BigDecimal.build/Debug/BigDecimal.build/Objects-normal/arm64/Rounding.o
        /Users/rogerlin/Library/Developer/Xcode/DerivedData/FinancialCalculatorKit-ackorybalcxbfocbkqsfdzcfkgmn/Build/Intermediates.noindex/BigDecimal.build/Debug/BigDecimal.build/Objects-normal/arm64/BigDecimal.LinkFileList
        /Users/rogerlin/Library/Developer/Xcode/DerivedData/FinancialCalculatorKit-ackorybalcxbfocbkqsfdzcfkgmn/Build/Products/Debug
        /Users/rogerlin/Library/Developer/Xcode/DerivedData/FinancialCalculatorKit-ackorybalcxbfocbkqsfdzcfkgmn/Build/Products/Debug/PackageFrameworks

    Task output dependencies:
        /Users/rogerlin/Library/Developer/Xcode/DerivedData/FinancialCalculatorKit-ackorybalcxbfocbkqsfdzcfkgmn/Build/Products/Debug/BigDecimal.o
        /Users/rogerlin/Library/Developer/Xcode/DerivedData/FinancialCalculatorKit-ackorybalcxbfocbkqsfdzcfkgmn/Build/Intermediates.noindex/BigDecimal.build/Debug/BigDecimal.build/Objects-normal/arm64/BigDecimal_lto.o
        /Users/rogerlin/Library/Developer/Xcode/DerivedData/FinancialCalculatorKit-ackorybalcxbfocbkqsfdzcfkgmn/Build/Intermediates.noindex/BigDecimal.build/Debug/BigDecimal.build/Objects-normal/arm64/BigDecimal_dependency_info.dat

ExtractAppIntentsMetadata (in target 'CasePathsCore' from project 'swift-case-paths')
    cd /Users/rogerlin/Library/Developer/Xcode/DerivedData/FinancialCalculatorKit-ackorybalcxbfocbkqsfdzcfkgmn/SourcePackages/checkouts/swift-case-paths
    /Applications/Xcode.app/Contents/Developer/Toolchains/XcodeDefault.xctoolchain/usr/bin/appintentsmetadataprocessor --toolchain-dir /Applications/Xcode.app/Contents/Developer/Toolchains/XcodeDefault.xctoolchain --module-name CasePathsCore --sdk-root /Applications/Xcode.app/Contents/Developer/Platforms/MacOSX.platform/Developer/SDKs/MacOSX26.1.sdk --xcode-version 17B55 --platform-family macOS --deployment-target 10.15 --bundle-identifier swift-case-paths.CasePathsCore --output /Users/rogerlin/Library/Developer/Xcode/DerivedData/FinancialCalculatorKit-ackorybalcxbfocbkqsfdzcfkgmn/Build/Products/Debug/CasePathsCore.appintents --target-triple arm64-apple-macos10.15 --binary-file /Users/rogerlin/Library/Developer/Xcode/DerivedData/FinancialCalculatorKit-ackorybalcxbfocbkqsfdzcfkgmn/Build/Products/Debug/CasePathsCore.o --dependency-file /Users/rogerlin/Library/Developer/Xcode/DerivedData/FinancialCalculatorKit-ackorybalcxbfocbkqsfdzcfkgmn/Build/Intermediates.noindex/swift-case-paths.build/Debug/CasePathsCore.build/Objects-normal/arm64/CasePathsCore_dependency_info.dat --stringsdata-file /Users/rogerlin/Library/Developer/Xcode/DerivedData/FinancialCalculatorKit-ackorybalcxbfocbkqsfdzcfkgmn/Build/Intermediates.noindex/swift-case-paths.build/Debug/CasePathsCore.build/Objects-normal/arm64/ExtractedAppShortcutsMetadata.stringsdata --source-file-list /Users/rogerlin/Library/Developer/Xcode/DerivedData/FinancialCalculatorKit-ackorybalcxbfocbkqsfdzcfkgmn/Build/Intermediates.noindex/swift-case-paths.build/Debug/CasePathsCore.build/Objects-normal/arm64/CasePathsCore.SwiftFileList --metadata-file-list /Users/rogerlin/Library/Developer/Xcode/DerivedData/FinancialCalculatorKit-ackorybalcxbfocbkqsfdzcfkgmn/Build/Intermediates.noindex/swift-case-paths.build/Debug/CasePathsCore.build/CasePathsCore.DependencyMetadataFileList --static-metadata-file-list /Users/rogerlin/Library/Developer/Xcode/DerivedData/FinancialCalculatorKit-ackorybalcxbfocbkqsfdzcfkgmn/Build/Intermediates.noindex/swift-case-paths.build/Debug/CasePathsCore.build/CasePathsCore.DependencyStaticMetadataFileList --swift-const-vals-list /Users/rogerlin/Library/Developer/Xcode/DerivedData/FinancialCalculatorKit-ackorybalcxbfocbkqsfdzcfkgmn/Build/Intermediates.noindex/swift-case-paths.build/Debug/CasePathsCore.build/Objects-normal/arm64/CasePathsCore.SwiftConstValuesFileList --force --compile-time-extraction --deployment-aware-processing --validate-assistant-intents --no-app-shortcuts-localization

    Task input dependencies:
        /Users/rogerlin/Library/Developer/Xcode/DerivedData/FinancialCalculatorKit-ackorybalcxbfocbkqsfdzcfkgmn/SourcePackages/checkouts/swift-case-paths/Sources/CasePathsCore/AnyCasePath.swift
        /Users/rogerlin/Library/Developer/Xcode/DerivedData/FinancialCalculatorKit-ackorybalcxbfocbkqsfdzcfkgmn/SourcePackages/checkouts/swift-case-paths/Sources/CasePathsCore/CasePathIterable.swift
        /Users/rogerlin/Library/Developer/Xcode/DerivedData/FinancialCalculatorKit-ackorybalcxbfocbkqsfdzcfkgmn/SourcePackages/checkouts/swift-case-paths/Sources/CasePathsCore/CasePathReflectable.swift
        /Users/rogerlin/Library/Developer/Xcode/DerivedData/FinancialCalculatorKit-ackorybalcxbfocbkqsfdzcfkgmn/SourcePackages/checkouts/swift-case-paths/Sources/CasePathsCore/CasePathable.swift
        /Users/rogerlin/Library/Developer/Xcode/DerivedData/FinancialCalculatorKit-ackorybalcxbfocbkqsfdzcfkgmn/SourcePackages/checkouts/swift-case-paths/Sources/CasePathsCore/Internal/KeyPath+Sendable.swift
        /Users/rogerlin/Library/Developer/Xcode/DerivedData/FinancialCalculatorKit-ackorybalcxbfocbkqsfdzcfkgmn/SourcePackages/checkouts/swift-case-paths/Sources/CasePathsCore/Internal/TypeName.swift
        /Users/rogerlin/Library/Developer/Xcode/DerivedData/FinancialCalculatorKit-ackorybalcxbfocbkqsfdzcfkgmn/SourcePackages/checkouts/swift-case-paths/Sources/CasePathsCore/Internal/UncheckedSendable.swift
        /Users/rogerlin/Library/Developer/Xcode/DerivedData/FinancialCalculatorKit-ackorybalcxbfocbkqsfdzcfkgmn/SourcePackages/checkouts/swift-case-paths/Sources/CasePathsCore/Never+CasePathable.swift
        /Users/rogerlin/Library/Developer/Xcode/DerivedData/FinancialCalculatorKit-ackorybalcxbfocbkqsfdzcfkgmn/SourcePackages/checkouts/swift-case-paths/Sources/CasePathsCore/Optional+CasePathable.swift
        /Users/rogerlin/Library/Developer/Xcode/DerivedData/FinancialCalculatorKit-ackorybalcxbfocbkqsfdzcfkgmn/SourcePackages/checkouts/swift-case-paths/Sources/CasePathsCore/Result+CasePathable.swift
        /Users/rogerlin/Library/Developer/Xcode/DerivedData/FinancialCalculatorKit-ackorybalcxbfocbkqsfdzcfkgmn/Build/Intermediates.noindex/swift-case-paths.build/Debug/CasePathsCore.build/Objects-normal/arm64/AnyCasePath.swiftconstvalues
        /Users/rogerlin/Library/Developer/Xcode/DerivedData/FinancialCalculatorKit-ackorybalcxbfocbkqsfdzcfkgmn/Build/Intermediates.noindex/swift-case-paths.build/Debug/CasePathsCore.build/Objects-normal/arm64/CasePathIterable.swiftconstvalues
        /Users/rogerlin/Library/Developer/Xcode/DerivedData/FinancialCalculatorKit-ackorybalcxbfocbkqsfdzcfkgmn/Build/Intermediates.noindex/swift-case-paths.build/Debug/CasePathsCore.build/Objects-normal/arm64/CasePathReflectable.swiftconstvalues
        /Users/rogerlin/Library/Developer/Xcode/DerivedData/FinancialCalculatorKit-ackorybalcxbfocbkqsfdzcfkgmn/Build/Intermediates.noindex/swift-case-paths.build/Debug/CasePathsCore.build/Objects-normal/arm64/CasePathable.swiftconstvalues
        /Users/rogerlin/Library/Developer/Xcode/DerivedData/FinancialCalculatorKit-ackorybalcxbfocbkqsfdzcfkgmn/Build/Intermediates.noindex/swift-case-paths.build/Debug/CasePathsCore.build/Objects-normal/arm64/KeyPath+Sendable.swiftconstvalues
        /Users/rogerlin/Library/Developer/Xcode/DerivedData/FinancialCalculatorKit-ackorybalcxbfocbkqsfdzcfkgmn/Build/Intermediates.noindex/swift-case-paths.build/Debug/CasePathsCore.build/Objects-normal/arm64/TypeName.swiftconstvalues
        /Users/rogerlin/Library/Developer/Xcode/DerivedData/FinancialCalculatorKit-ackorybalcxbfocbkqsfdzcfkgmn/Build/Intermediates.noindex/swift-case-paths.build/Debug/CasePathsCore.build/Objects-normal/arm64/UncheckedSendable.swiftconstvalues
        /Users/rogerlin/Library/Developer/Xcode/DerivedData/FinancialCalculatorKit-ackorybalcxbfocbkqsfdzcfkgmn/Build/Intermediates.noindex/swift-case-paths.build/Debug/CasePathsCore.build/Objects-normal/arm64/Never+CasePathable.swiftconstvalues
        /Users/rogerlin/Library/Developer/Xcode/DerivedData/FinancialCalculatorKit-ackorybalcxbfocbkqsfdzcfkgmn/Build/Intermediates.noindex/swift-case-paths.build/Debug/CasePathsCore.build/Objects-normal/arm64/Optional+CasePathable.swiftconstvalues
        /Users/rogerlin/Library/Developer/Xcode/DerivedData/FinancialCalculatorKit-ackorybalcxbfocbkqsfdzcfkgmn/Build/Intermediates.noindex/swift-case-paths.build/Debug/CasePathsCore.build/Objects-normal/arm64/Result+CasePathable.swiftconstvalues
        /Users/rogerlin/Library/Developer/Xcode/DerivedData/FinancialCalculatorKit-ackorybalcxbfocbkqsfdzcfkgmn/Build/Products/Debug/CasePathsCore.o
        /Users/rogerlin/Library/Developer/Xcode/DerivedData/FinancialCalculatorKit-ackorybalcxbfocbkqsfdzcfkgmn/Build/Intermediates.noindex/swift-case-paths.build/Debug/CasePathsCore.build/CasePathsCore.DependencyMetadataFileList
        /Users/rogerlin/Library/Developer/Xcode/DerivedData/FinancialCalculatorKit-ackorybalcxbfocbkqsfdzcfkgmn/Build/Intermediates.noindex/swift-case-paths.build/Debug/CasePathsCore.build/CasePathsCore.DependencyStaticMetadataFileList
        /Users/rogerlin/Library/Developer/Xcode/DerivedData/FinancialCalculatorKit-ackorybalcxbfocbkqsfdzcfkgmn/Build/Intermediates.noindex/swift-case-paths.build/Debug/CasePathsCore.build/Objects-normal/arm64/CasePathsCore_dependency_info.dat
        /Users/rogerlin/Library/Developer/Xcode/DerivedData/FinancialCalculatorKit-ackorybalcxbfocbkqsfdzcfkgmn/Build/Intermediates.noindex/swift-case-paths.build/Debug/CasePathsCore.build/Objects-normal/arm64/CasePathsCore.SwiftFileList
        /Users/rogerlin/Library/Developer/Xcode/DerivedData/FinancialCalculatorKit-ackorybalcxbfocbkqsfdzcfkgmn/Build/Intermediates.noindex/swift-case-paths.build/Debug/CasePathsCore.build/Objects-normal/arm64/CasePathsCore.SwiftConstValuesFileList

    Task output dependencies:
        /Users/rogerlin/Library/Developer/Xcode/DerivedData/FinancialCalculatorKit-ackorybalcxbfocbkqsfdzcfkgmn/Build/Intermediates.noindex/swift-case-paths.build/Debug/CasePathsCore.build/Objects-normal/arm64/ExtractedAppShortcutsMetadata.stringsdata
2025-11-05 20:45:57.389 appintentsmetadataprocessor[14036:497119] Starting appintentsmetadataprocessor export
2025-11-05 20:45:57.463 appintentsmetadataprocessor[14036:497119] Extracted no relevant App Intents symbols, skipping writing output

SwiftDriverJobDiscovery normal arm64 Compiling ComponentBlocksText.swift, ComponentBlocksViews.swift (in target 'LaTeXSwiftUI' from project 'LaTeXSwiftUI')

SwiftDriverJobDiscovery normal arm64 Compiling SVGGeometry.swift, LaTeX_Previews+Color.swift (in target 'LaTeXSwiftUI' from project 'LaTeXSwiftUI')

SwiftDriverJobDiscovery normal arm64 Compiling View+Extensions.swift, LaTeX.swift (in target 'LaTeXSwiftUI' from project 'LaTeXSwiftUI')

ExtractAppIntentsMetadata (in target 'BigDecimal' from project 'BigDecimal')
    cd /Users/rogerlin/Library/Developer/Xcode/DerivedData/FinancialCalculatorKit-ackorybalcxbfocbkqsfdzcfkgmn/SourcePackages/checkouts/BigDecimal
    /Applications/Xcode.app/Contents/Developer/Toolchains/XcodeDefault.xctoolchain/usr/bin/appintentsmetadataprocessor --toolchain-dir /Applications/Xcode.app/Contents/Developer/Toolchains/XcodeDefault.xctoolchain --module-name BigDecimal --sdk-root /Applications/Xcode.app/Contents/Developer/Platforms/MacOSX.platform/Developer/SDKs/MacOSX26.1.sdk --xcode-version 17B55 --platform-family macOS --deployment-target 13.3 --bundle-identifier bigdecimal.BigDecimal --output /Users/rogerlin/Library/Developer/Xcode/DerivedData/FinancialCalculatorKit-ackorybalcxbfocbkqsfdzcfkgmn/Build/Products/Debug/BigDecimal.appintents --target-triple arm64-apple-macos13.3 --binary-file /Users/rogerlin/Library/Developer/Xcode/DerivedData/FinancialCalculatorKit-ackorybalcxbfocbkqsfdzcfkgmn/Build/Products/Debug/BigDecimal.o --dependency-file /Users/rogerlin/Library/Developer/Xcode/DerivedData/FinancialCalculatorKit-ackorybalcxbfocbkqsfdzcfkgmn/Build/Intermediates.noindex/BigDecimal.build/Debug/BigDecimal.build/Objects-normal/arm64/BigDecimal_dependency_info.dat --stringsdata-file /Users/rogerlin/Library/Developer/Xcode/DerivedData/FinancialCalculatorKit-ackorybalcxbfocbkqsfdzcfkgmn/Build/Intermediates.noindex/BigDecimal.build/Debug/BigDecimal.build/Objects-normal/arm64/ExtractedAppShortcutsMetadata.stringsdata --source-file-list /Users/rogerlin/Library/Developer/Xcode/DerivedData/FinancialCalculatorKit-ackorybalcxbfocbkqsfdzcfkgmn/Build/Intermediates.noindex/BigDecimal.build/Debug/BigDecimal.build/Objects-normal/arm64/BigDecimal.SwiftFileList --metadata-file-list /Users/rogerlin/Library/Developer/Xcode/DerivedData/FinancialCalculatorKit-ackorybalcxbfocbkqsfdzcfkgmn/Build/Intermediates.noindex/BigDecimal.build/Debug/BigDecimal.build/BigDecimal.DependencyMetadataFileList --static-metadata-file-list /Users/rogerlin/Library/Developer/Xcode/DerivedData/FinancialCalculatorKit-ackorybalcxbfocbkqsfdzcfkgmn/Build/Intermediates.noindex/BigDecimal.build/Debug/BigDecimal.build/BigDecimal.DependencyStaticMetadataFileList --swift-const-vals-list /Users/rogerlin/Library/Developer/Xcode/DerivedData/FinancialCalculatorKit-ackorybalcxbfocbkqsfdzcfkgmn/Build/Intermediates.noindex/BigDecimal.build/Debug/BigDecimal.build/Objects-normal/arm64/BigDecimal.SwiftConstValuesFileList --force --compile-time-extraction --deployment-aware-processing --validate-assistant-intents --no-app-shortcuts-localization

    Task input dependencies:
        /Users/rogerlin/Library/Developer/Xcode/DerivedData/FinancialCalculatorKit-ackorybalcxbfocbkqsfdzcfkgmn/SourcePackages/checkouts/BigDecimal/Sources/BigDecimal/BigDecimal.swift
        /Users/rogerlin/Library/Developer/Xcode/DerivedData/FinancialCalculatorKit-ackorybalcxbfocbkqsfdzcfkgmn/SourcePackages/checkouts/BigDecimal/Sources/BigDecimal/CBDecimal.swift
        /Users/rogerlin/Library/Developer/Xcode/DerivedData/FinancialCalculatorKit-ackorybalcxbfocbkqsfdzcfkgmn/SourcePackages/checkouts/BigDecimal/Sources/BigDecimal/Decimal.swift
        /Users/rogerlin/Library/Developer/Xcode/DerivedData/FinancialCalculatorKit-ackorybalcxbfocbkqsfdzcfkgmn/SourcePackages/checkouts/BigDecimal/Sources/BigDecimal/Decimal128.swift
        /Users/rogerlin/Library/Developer/Xcode/DerivedData/FinancialCalculatorKit-ackorybalcxbfocbkqsfdzcfkgmn/SourcePackages/checkouts/BigDecimal/Sources/BigDecimal/Decimal32.swift
        /Users/rogerlin/Library/Developer/Xcode/DerivedData/FinancialCalculatorKit-ackorybalcxbfocbkqsfdzcfkgmn/SourcePackages/checkouts/BigDecimal/Sources/BigDecimal/Decimal64.swift
        /Users/rogerlin/Library/Developer/Xcode/DerivedData/FinancialCalculatorKit-ackorybalcxbfocbkqsfdzcfkgmn/SourcePackages/checkouts/BigDecimal/Sources/BigDecimal/DecimalMath/AsinCalculator.swift
        /Users/rogerlin/Library/Developer/Xcode/DerivedData/FinancialCalculatorKit-ackorybalcxbfocbkqsfdzcfkgmn/SourcePackages/checkouts/BigDecimal/Sources/BigDecimal/DecimalMath/CosCalculator.swift
        /Users/rogerlin/Library/Developer/Xcode/DerivedData/FinancialCalculatorKit-ackorybalcxbfocbkqsfdzcfkgmn/SourcePackages/checkouts/BigDecimal/Sources/BigDecimal/DecimalMath/CoshCalculator.swift
        /Users/rogerlin/Library/Developer/Xcode/DerivedData/FinancialCalculatorKit-ackorybalcxbfocbkqsfdzcfkgmn/SourcePackages/checkouts/BigDecimal/Sources/BigDecimal/DecimalMath/DecimalMath-Simple.swift
        /Users/rogerlin/Library/Developer/Xcode/DerivedData/FinancialCalculatorKit-ackorybalcxbfocbkqsfdzcfkgmn/SourcePackages/checkouts/BigDecimal/Sources/BigDecimal/DecimalMath/DecimalMath.swift
        /Users/rogerlin/Library/Developer/Xcode/DerivedData/FinancialCalculatorKit-ackorybalcxbfocbkqsfdzcfkgmn/SourcePackages/checkouts/BigDecimal/Sources/BigDecimal/DecimalMath/ExponentCalculator.swift
        /Users/rogerlin/Library/Developer/Xcode/DerivedData/FinancialCalculatorKit-ackorybalcxbfocbkqsfdzcfkgmn/SourcePackages/checkouts/BigDecimal/Sources/BigDecimal/DecimalMath/SeriesCalculator.swift
        /Users/rogerlin/Library/Developer/Xcode/DerivedData/FinancialCalculatorKit-ackorybalcxbfocbkqsfdzcfkgmn/SourcePackages/checkouts/BigDecimal/Sources/BigDecimal/DecimalMath/SinCalculator.swift
        /Users/rogerlin/Library/Developer/Xcode/DerivedData/FinancialCalculatorKit-ackorybalcxbfocbkqsfdzcfkgmn/SourcePackages/checkouts/BigDecimal/Sources/BigDecimal/DecimalMath/SinhCalculator.swift
        /Users/rogerlin/Library/Developer/Xcode/DerivedData/FinancialCalculatorKit-ackorybalcxbfocbkqsfdzcfkgmn/SourcePackages/checkouts/BigDecimal/Sources/BigDecimal/Support/DecimalFloatingPoint.swift
        /Users/rogerlin/Library/Developer/Xcode/DerivedData/FinancialCalculatorKit-ackorybalcxbfocbkqsfdzcfkgmn/SourcePackages/checkouts/BigDecimal/Sources/BigDecimal/Support/DecimalLogic.swift
        /Users/rogerlin/Library/Developer/Xcode/DerivedData/FinancialCalculatorKit-ackorybalcxbfocbkqsfdzcfkgmn/SourcePackages/checkouts/BigDecimal/Sources/BigDecimal/Support/Extensions.swift
        /Users/rogerlin/Library/Developer/Xcode/DerivedData/FinancialCalculatorKit-ackorybalcxbfocbkqsfdzcfkgmn/SourcePackages/checkouts/BigDecimal/Sources/BigDecimal/Support/Rounding.swift
        /Users/rogerlin/Library/Developer/Xcode/DerivedData/FinancialCalculatorKit-ackorybalcxbfocbkqsfdzcfkgmn/Build/Intermediates.noindex/BigDecimal.build/Debug/BigDecimal.build/Objects-normal/arm64/BigDecimal-e1a089ac5ea41b6909b7e4c93a151285.swiftconstvalues
        /Users/rogerlin/Library/Developer/Xcode/DerivedData/FinancialCalculatorKit-ackorybalcxbfocbkqsfdzcfkgmn/Build/Intermediates.noindex/BigDecimal.build/Debug/BigDecimal.build/Objects-normal/arm64/CBDecimal.swiftconstvalues
        /Users/rogerlin/Library/Developer/Xcode/DerivedData/FinancialCalculatorKit-ackorybalcxbfocbkqsfdzcfkgmn/Build/Intermediates.noindex/BigDecimal.build/Debug/BigDecimal.build/Objects-normal/arm64/Decimal.swiftconstvalues
        /Users/rogerlin/Library/Developer/Xcode/DerivedData/FinancialCalculatorKit-ackorybalcxbfocbkqsfdzcfkgmn/Build/Intermediates.noindex/BigDecimal.build/Debug/BigDecimal.build/Objects-normal/arm64/Decimal128.swiftconstvalues
        /Users/rogerlin/Library/Developer/Xcode/DerivedData/FinancialCalculatorKit-ackorybalcxbfocbkqsfdzcfkgmn/Build/Intermediates.noindex/BigDecimal.build/Debug/BigDecimal.build/Objects-normal/arm64/Decimal32.swiftconstvalues
        /Users/rogerlin/Library/Developer/Xcode/DerivedData/FinancialCalculatorKit-ackorybalcxbfocbkqsfdzcfkgmn/Build/Intermediates.noindex/BigDecimal.build/Debug/BigDecimal.build/Objects-normal/arm64/Decimal64.swiftconstvalues
        /Users/rogerlin/Library/Developer/Xcode/DerivedData/FinancialCalculatorKit-ackorybalcxbfocbkqsfdzcfkgmn/Build/Intermediates.noindex/BigDecimal.build/Debug/BigDecimal.build/Objects-normal/arm64/AsinCalculator.swiftconstvalues
        /Users/rogerlin/Library/Developer/Xcode/DerivedData/FinancialCalculatorKit-ackorybalcxbfocbkqsfdzcfkgmn/Build/Intermediates.noindex/BigDecimal.build/Debug/BigDecimal.build/Objects-normal/arm64/CosCalculator.swiftconstvalues
        /Users/rogerlin/Library/Developer/Xcode/DerivedData/FinancialCalculatorKit-ackorybalcxbfocbkqsfdzcfkgmn/Build/Intermediates.noindex/BigDecimal.build/Debug/BigDecimal.build/Objects-normal/arm64/CoshCalculator.swiftconstvalues
        /Users/rogerlin/Library/Developer/Xcode/DerivedData/FinancialCalculatorKit-ackorybalcxbfocbkqsfdzcfkgmn/Build/Intermediates.noindex/BigDecimal.build/Debug/BigDecimal.build/Objects-normal/arm64/DecimalMath-Simple.swiftconstvalues
        /Users/rogerlin/Library/Developer/Xcode/DerivedData/FinancialCalculatorKit-ackorybalcxbfocbkqsfdzcfkgmn/Build/Intermediates.noindex/BigDecimal.build/Debug/BigDecimal.build/Objects-normal/arm64/DecimalMath.swiftconstvalues
        /Users/rogerlin/Library/Developer/Xcode/DerivedData/FinancialCalculatorKit-ackorybalcxbfocbkqsfdzcfkgmn/Build/Intermediates.noindex/BigDecimal.build/Debug/BigDecimal.build/Objects-normal/arm64/ExponentCalculator.swiftconstvalues
        /Users/rogerlin/Library/Developer/Xcode/DerivedData/FinancialCalculatorKit-ackorybalcxbfocbkqsfdzcfkgmn/Build/Intermediates.noindex/BigDecimal.build/Debug/BigDecimal.build/Objects-normal/arm64/SeriesCalculator.swiftconstvalues
        /Users/rogerlin/Library/Developer/Xcode/DerivedData/FinancialCalculatorKit-ackorybalcxbfocbkqsfdzcfkgmn/Build/Intermediates.noindex/BigDecimal.build/Debug/BigDecimal.build/Objects-normal/arm64/SinCalculator.swiftconstvalues
        /Users/rogerlin/Library/Developer/Xcode/DerivedData/FinancialCalculatorKit-ackorybalcxbfocbkqsfdzcfkgmn/Build/Intermediates.noindex/BigDecimal.build/Debug/BigDecimal.build/Objects-normal/arm64/SinhCalculator.swiftconstvalues
        /Users/rogerlin/Library/Developer/Xcode/DerivedData/FinancialCalculatorKit-ackorybalcxbfocbkqsfdzcfkgmn/Build/Intermediates.noindex/BigDecimal.build/Debug/BigDecimal.build/Objects-normal/arm64/DecimalFloatingPoint.swiftconstvalues
        /Users/rogerlin/Library/Developer/Xcode/DerivedData/FinancialCalculatorKit-ackorybalcxbfocbkqsfdzcfkgmn/Build/Intermediates.noindex/BigDecimal.build/Debug/BigDecimal.build/Objects-normal/arm64/DecimalLogic.swiftconstvalues
        /Users/rogerlin/Library/Developer/Xcode/DerivedData/FinancialCalculatorKit-ackorybalcxbfocbkqsfdzcfkgmn/Build/Intermediates.noindex/BigDecimal.build/Debug/BigDecimal.build/Objects-normal/arm64/Extensions.swiftconstvalues
        /Users/rogerlin/Library/Developer/Xcode/DerivedData/FinancialCalculatorKit-ackorybalcxbfocbkqsfdzcfkgmn/Build/Intermediates.noindex/BigDecimal.build/Debug/BigDecimal.build/Objects-normal/arm64/Rounding.swiftconstvalues
        /Users/rogerlin/Library/Developer/Xcode/DerivedData/FinancialCalculatorKit-ackorybalcxbfocbkqsfdzcfkgmn/Build/Products/Debug/BigDecimal.o
        /Users/rogerlin/Library/Developer/Xcode/DerivedData/FinancialCalculatorKit-ackorybalcxbfocbkqsfdzcfkgmn/Build/Intermediates.noindex/BigDecimal.build/Debug/BigDecimal.build/BigDecimal.DependencyMetadataFileList
        /Users/rogerlin/Library/Developer/Xcode/DerivedData/FinancialCalculatorKit-ackorybalcxbfocbkqsfdzcfkgmn/Build/Intermediates.noindex/BigDecimal.build/Debug/BigDecimal.build/BigDecimal.DependencyStaticMetadataFileList
        /Users/rogerlin/Library/Developer/Xcode/DerivedData/FinancialCalculatorKit-ackorybalcxbfocbkqsfdzcfkgmn/Build/Intermediates.noindex/BigDecimal.build/Debug/BigDecimal.build/Objects-normal/arm64/BigDecimal_dependency_info.dat
        /Users/rogerlin/Library/Developer/Xcode/DerivedData/FinancialCalculatorKit-ackorybalcxbfocbkqsfdzcfkgmn/Build/Intermediates.noindex/BigDecimal.build/Debug/BigDecimal.build/Objects-normal/arm64/BigDecimal.SwiftFileList
        /Users/rogerlin/Library/Developer/Xcode/DerivedData/FinancialCalculatorKit-ackorybalcxbfocbkqsfdzcfkgmn/Build/Intermediates.noindex/BigDecimal.build/Debug/BigDecimal.build/Objects-normal/arm64/BigDecimal.SwiftConstValuesFileList

    Task output dependencies:
        /Users/rogerlin/Library/Developer/Xcode/DerivedData/FinancialCalculatorKit-ackorybalcxbfocbkqsfdzcfkgmn/Build/Intermediates.noindex/BigDecimal.build/Debug/BigDecimal.build/Objects-normal/arm64/ExtractedAppShortcutsMetadata.stringsdata
2025-11-05 20:45:57.402 appintentsmetadataprocessor[14037:497138] Starting appintentsmetadataprocessor export
2025-11-05 20:45:57.480 appintentsmetadataprocessor[14037:497138] Extracted no relevant App Intents symbols, skipping writing output

SwiftDriverJobDiscovery normal arm64 Compiling Component.swift, ComponentBlock.swift (in target 'LaTeXSwiftUI' from project 'LaTeXSwiftUI')

SwiftCompile normal arm64 Compiling\ Deprecations.swift /Users/rogerlin/Library/Developer/Xcode/DerivedData/FinancialCalculatorKit-ackorybalcxbfocbkqsfdzcfkgmn/SourcePackages/checkouts/swift-case-paths/Sources/CasePaths/Internal/Deprecations.swift (in target 'CasePaths' from project 'swift-case-paths')
SwiftCompile normal arm64 /Users/rogerlin/Library/Developer/Xcode/DerivedData/FinancialCalculatorKit-ackorybalcxbfocbkqsfdzcfkgmn/SourcePackages/checkouts/swift-case-paths/Sources/CasePaths/Internal/Deprecations.swift (in target 'CasePaths' from project 'swift-case-paths')
    cd /Users/rogerlin/XCode-Projects/FinancialCalculatorKit-5.0-updated-accent-colors/FinancialCalculatorKit.xcodeproj
    

/Applications/Xcode.app/Contents/Developer/Toolchains/XcodeDefault.xctoolchain/usr/bin/swift-frontend -frontend -c /Users/rogerlin/Library/Developer/Xcode/DerivedData/FinancialCalculatorKit-ackorybalcxbfocbkqsfdzcfkgmn/SourcePackages/checkouts/swift-case-paths/Sources/CasePaths/EnumReflection.swift -primary-file /Users/rogerlin/Library/Developer/Xcode/DerivedData/FinancialCalculatorKit-ackorybalcxbfocbkqsfdzcfkgmn/SourcePackages/checkouts/swift-case-paths/Sources/CasePaths/Internal/Deprecations.swift /Users/rogerlin/Library/Developer/Xcode/DerivedData/FinancialCalculatorKit-ackorybalcxbfocbkqsfdzcfkgmn/SourcePackages/checkouts/swift-case-paths/Sources/CasePaths/Internal/Exports.swift /Users/rogerlin/Library/Developer/Xcode/DerivedData/FinancialCalculatorKit-ackorybalcxbfocbkqsfdzcfkgmn/SourcePackages/checkouts/swift-case-paths/Sources/CasePaths/Internal/LockIsolated.swift /Users/rogerlin/Library/Developer/Xcode/DerivedData/FinancialCalculatorKit-ackorybalcxbfocbkqsfdzcfkgmn/SourcePackages/checkouts/swift-case-paths/Sources/CasePaths/Macros.swift /Users/rogerlin/Library/Developer/Xcode/DerivedData/FinancialCalculatorKit-ackorybalcxbfocbkqsfdzcfkgmn/SourcePackages/checkouts/swift-case-paths/Sources/CasePaths/XCTestSupport.swift -emit-dependencies-path /Users/rogerlin/Library/Developer/Xcode/DerivedData/FinancialCalculatorKit-ackorybalcxbfocbkqsfdzcfkgmn/Build/Intermediates.noindex/swift-case-paths.build/Debug/CasePaths.build/Objects-normal/arm64/Deprecations.d -emit-const-values-path /Users/rogerlin/Library/Developer/Xcode/DerivedData/FinancialCalculatorKit-ackorybalcxbfocbkqsfdzcfkgmn/Build/Intermediates.noindex/swift-case-paths.build/Debug/CasePaths.build/Objects-normal/arm64/Deprecations.swiftconstvalues -emit-reference-dependencies-path /Users/rogerlin/Library/Developer/Xcode/DerivedData/FinancialCalculatorKit-ackorybalcxbfocbkqsfdzcfkgmn/Build/Intermediates.noindex/swift-case-paths.build/Debug/CasePaths.build/Objects-normal/arm64/Deprecations.swiftdeps -serialize-diagnostics-path /Users/rogerlin/Library/Developer/Xcode/DerivedData/FinancialCalculatorKit-ackorybalcxbfocbkqsfdzcfkgmn/Build/Intermediates.noindex/swift-case-paths.build/Debug/CasePaths.build/Objects-normal/arm64/Deprecations.dia -target arm64-apple-macos10.15 -module-can-import-version ObjectiveC 951.1 0 -load-resolved-plugin \#/Users/rogerlin/Library/Developer/Xcode/DerivedData/FinancialCalculatorKit-ackorybalcxbfocbkqsfdzcfkgmn/Build/Products/Debug/CasePathsMacros\#CasePathsMacros -load-resolved-plugin /Applications/Xcode.app/Contents/Developer/Platforms/MacOSX.platform/Developer/usr/lib/swift/host/plugins/libFoundationMacros.dylib\#/Applications/Xcode.app/Contents/Developer/Platforms/MacOSX.platform/Developer/usr/bin/swift-plugin-server\#FoundationMacros -load-resolved-plugin /Applications/Xcode.app/Contents/Developer/Platforms/MacOSX.platform/Developer/usr/lib/swift/host/plugins/libObservationMacros.dylib\#/Applications/Xcode.app/Contents/Developer/Platforms/MacOSX.platform/Developer/usr/bin/swift-plugin-server\#ObservationMacros -load-resolved-plugin /Applications/Xcode.app/Contents/Developer/Platforms/MacOSX.platform/Developer/usr/lib/swift/host/plugins/libSwiftMacros.dylib\#/Applications/Xcode.app/Contents/Developer/Platforms/MacOSX.platform/Developer/usr/bin/swift-plugin-server\#SwiftMacros -disable-implicit-swift-modules -Xcc -fno-implicit-modules -Xcc -fno-implicit-module-maps -explicit-swift-module-map-file /Users/rogerlin/Library/Developer/Xcode/DerivedData/FinancialCalculatorKit-ackorybalcxbfocbkqsfdzcfkgmn/Build/Intermediates.noindex/swift-case-paths.build/Debug/CasePaths.build/Objects-normal/arm64/CasePaths-dependencies-1.json -Xllvm -aarch64-use-tbi -enable-objc-interop -stack-check -sdk /Applications/Xcode.app/Contents/Developer/Platforms/MacOSX.platform/Developer/SDKs/MacOSX26.1.sdk -I /Users/rogerlin/Library/Developer/Xcode/DerivedData/FinancialCalculatorKit-ackorybalcxbfocbkqsfdzcfkgmn/Build/Products/Debug -Isystem /Applications/Xcode.app/Contents/Developer/Platforms/MacOSX.platform/Developer/usr/lib -F /Users/rogerlin/Library/Developer/Xcode/DerivedData/FinancialCalculatorKit-ackorybalcxbfocbkqsfdzcfkgmn/Build/Products/Debug/PackageFrameworks -F /Users/rogerlin/Library/Developer/Xcode/DerivedData/FinancialCalculatorKit-ackorybalcxbfocbkqsfdzcfkgmn/Build/Products/Debug/PackageFrameworks -F /Users/rogerlin/Library/Developer/Xcode/DerivedData/FinancialCalculatorKit-ackorybalcxbfocbkqsfdzcfkgmn/Build/Products/Debug/PackageFrameworks -F /Users/rogerlin/Library/Developer/Xcode/DerivedData/FinancialCalculatorKit-ackorybalcxbfocbkqsfdzcfkgmn/Build/Products/Debug -F /Applications/Xcode.app/Contents/Developer/Platforms/MacOSX.platform/Developer/Library/Frameworks -no-color-diagnostics -Xcc -fno-color-diagnostics -enable-testing -g -debug-info-format\=dwarf -dwarf-version\=4 -module-cache-path /Users/rogerlin/Library/Developer/Xcode/DerivedData/FinancialCalculatorKit-ackorybalcxbfocbkqsfdzcfkgmn/Build/Intermediates.noindex/SwiftExplicitPrecompiledModules -suppress-warnings -profile-generate -profile-coverage-mapping -swift-version 6 -enforce-exclusivity\=checked -Onone -D SWIFT_PACKAGE -D DEBUG -D SWIFT_MODULE_RESOURCE_BUNDLE_UNAVAILABLE -D Xcode -serialize-debugging-options -load-plugin-executable /Users/rogerlin/Library/Developer/Xcode/DerivedData/FinancialCalculatorKit-ackorybalcxbfocbkqsfdzcfkgmn/Build/Products/Debug/CasePathsMacros\#CasePathsMacros -const-gather-protocols-file /Users/rogerlin/Library/Developer/Xcode/DerivedData/FinancialCalculatorKit-ackorybalcxbfocbkqsfdzcfkgmn/Build/Intermediates.noindex/swift-case-paths.build/Debug/CasePaths.build/Objects-normal/arm64/CasePaths_const_extract_protocols.json -enable-experimental-feature DebugDescriptionMacro -empty-abi-descriptor -user-module-version 1.7.0 -validate-clang-modules-once -clang-build-session-file /Users/rogerlin/Library/Developer/Xcode/DerivedData/ModuleCache.noindex/Session.modulevalidation -Xcc -working-directory -Xcc /Users/rogerlin/XCode-Projects/FinancialCalculatorKit-5.0-updated-accent-colors/FinancialCalculatorKit.xcodeproj -enable-anonymous-context-mangled-names -file-compilation-dir /Users/rogerlin/XCode-Projects/FinancialCalculatorKit-5.0-updated-accent-colors/FinancialCalculatorKit.xcodeproj -Xcc -D_LIBCPP_HARDENING_MODE\=_LIBCPP_HARDENING_MODE_DEBUG -Xcc -ivfsstatcache -Xcc /Users/rogerlin/Library/Developer/Xcode/DerivedData/SDKStatCaches.noindex/macosx26.1-25B74-3ae1261907bdadc328169391a47051a6.sdkstatcache -Xcc -I/Users/rogerlin/Library/Developer/Xcode/DerivedData/FinancialCalculatorKit-ackorybalcxbfocbkqsfdzcfkgmn/Build/Intermediates.noindex/swift-case-paths.build/Debug/CasePaths.build/swift-overrides.hmap -Xcc -I/Users/rogerlin/Library/Developer/Xcode/DerivedData/FinancialCalculatorKit-ackorybalcxbfocbkqsfdzcfkgmn/Build/Products/Debug/include -Xcc -I/Users/rogerlin/Library/Developer/Xcode/DerivedData/FinancialCalculatorKit-ackorybalcxbfocbkqsfdzcfkgmn/Build/Intermediates.noindex/swift-case-paths.build/Debug/CasePaths.build/DerivedSources-normal/arm64 -Xcc -I/Users/rogerlin/Library/Developer/Xcode/DerivedData/FinancialCalculatorKit-ackorybalcxbfocbkqsfdzcfkgmn/Build/Intermediates.noindex/swift-case-paths.build/Debug/CasePaths.build/DerivedSources/arm64 -Xcc -I/Users/rogerlin/Library/Developer/Xcode/DerivedData/FinancialCalculatorKit-ackorybalcxbfocbkqsfdzcfkgmn/Build/Intermediates.noindex/swift-case-paths.build/Debug/CasePaths.build/DerivedSources -Xcc -DSWIFT_PACKAGE -Xcc -DDEBUG\=1 -no-auto-bridging-header-chaining -module-name CasePaths -package-name swift_case_paths -frontend-parseable-output -disable-clang-spi -target-sdk-version 26.1 -target-sdk-name macosx26.1 -clang-target arm64-apple-macos26.1 -in-process-plugin-server-path /Applications/Xcode.app/Contents/Developer/Toolchains/XcodeDefault.xctoolchain/usr/lib/swift/host/libSwiftInProcPluginServer.dylib -o /Users/rogerlin/Library/Developer/Xcode/DerivedData/FinancialCalculatorKit-ackorybalcxbfocbkqsfdzcfkgmn/Build/Intermediates.noindex/swift-case-paths.build/Debug/CasePaths.build/Objects-normal/arm64/Deprecations.o -index-unit-output-path /swift-case-paths.build/Debug/CasePaths.build/Objects-normal/arm64/Deprecations.o -index-store-path /Users/rogerlin/Library/Developer/Xcode/DerivedData/FinancialCalculatorKit-ackorybalcxbfocbkqsfdzcfkgmn/Index.noindex/DataStore -index-system-modules
SwiftEmitModule normal arm64 Emitting\ module\ for\ CasePaths (in target 'CasePaths' from project 'swift-case-paths')
EmitSwiftModule normal arm64 (in target 'CasePaths' from project 'swift-case-paths')
    cd /Users/rogerlin/XCode-Projects/FinancialCalculatorKit-5.0-updated-accent-colors/FinancialCalculatorKit.xcodeproj
    

/Applications/Xcode.app/Contents/Developer/Toolchains/XcodeDefault.xctoolchain/usr/bin/swift-frontend -frontend -emit-module -experimental-skip-non-inlinable-function-bodies-without-types /Users/rogerlin/Library/Developer/Xcode/DerivedData/FinancialCalculatorKit-ackorybalcxbfocbkqsfdzcfkgmn/SourcePackages/checkouts/swift-case-paths/Sources/CasePaths/EnumReflection.swift /Users/rogerlin/Library/Developer/Xcode/DerivedData/FinancialCalculatorKit-ackorybalcxbfocbkqsfdzcfkgmn/SourcePackages/checkouts/swift-case-paths/Sources/CasePaths/Internal/Deprecations.swift /Users/rogerlin/Library/Developer/Xcode/DerivedData/FinancialCalculatorKit-ackorybalcxbfocbkqsfdzcfkgmn/SourcePackages/checkouts/swift-case-paths/Sources/CasePaths/Internal/Exports.swift /Users/rogerlin/Library/Developer/Xcode/DerivedData/FinancialCalculatorKit-ackorybalcxbfocbkqsfdzcfkgmn/SourcePackages/checkouts/swift-case-paths/Sources/CasePaths/Internal/LockIsolated.swift /Users/rogerlin/Library/Developer/Xcode/DerivedData/FinancialCalculatorKit-ackorybalcxbfocbkqsfdzcfkgmn/SourcePackages/checkouts/swift-case-paths/Sources/CasePaths/Macros.swift /Users/rogerlin/Library/Developer/Xcode/DerivedData/FinancialCalculatorKit-ackorybalcxbfocbkqsfdzcfkgmn/SourcePackages/checkouts/swift-case-paths/Sources/CasePaths/XCTestSupport.swift -target arm64-apple-macos10.15 -module-can-import-version ObjectiveC 951.1 0 -load-resolved-plugin \#/Users/rogerlin/Library/Developer/Xcode/DerivedData/FinancialCalculatorKit-ackorybalcxbfocbkqsfdzcfkgmn/Build/Products/Debug/CasePathsMacros\#CasePathsMacros -load-resolved-plugin /Applications/Xcode.app/Contents/Developer/Platforms/MacOSX.platform/Developer/usr/lib/swift/host/plugins/libFoundationMacros.dylib\#/Applications/Xcode.app/Contents/Developer/Platforms/MacOSX.platform/Developer/usr/bin/swift-plugin-server\#FoundationMacros -load-resolved-plugin /Applications/Xcode.app/Contents/Developer/Platforms/MacOSX.platform/Developer/usr/lib/swift/host/plugins/libObservationMacros.dylib\#/Applications/Xcode.app/Contents/Developer/Platforms/MacOSX.platform/Developer/usr/bin/swift-plugin-server\#ObservationMacros -load-resolved-plugin /Applications/Xcode.app/Contents/Developer/Platforms/MacOSX.platform/Developer/usr/lib/swift/host/plugins/libSwiftMacros.dylib\#/Applications/Xcode.app/Contents/Developer/Platforms/MacOSX.platform/Developer/usr/bin/swift-plugin-server\#SwiftMacros -disable-implicit-swift-modules -Xcc -fno-implicit-modules -Xcc -fno-implicit-module-maps -explicit-swift-module-map-file /Users/rogerlin/Library/Developer/Xcode/DerivedData/FinancialCalculatorKit-ackorybalcxbfocbkqsfdzcfkgmn/Build/Intermediates.noindex/swift-case-paths.build/Debug/CasePaths.build/Objects-normal/arm64/CasePaths-dependencies-1.json -Xllvm -aarch64-use-tbi -enable-objc-interop -stack-check -sdk /Applications/Xcode.app/Contents/Developer/Platforms/MacOSX.platform/Developer/SDKs/MacOSX26.1.sdk -I /Users/rogerlin/Library/Developer/Xcode/DerivedData/FinancialCalculatorKit-ackorybalcxbfocbkqsfdzcfkgmn/Build/Products/Debug -Isystem /Applications/Xcode.app/Contents/Developer/Platforms/MacOSX.platform/Developer/usr/lib -F /Users/rogerlin/Library/Developer/Xcode/DerivedData/FinancialCalculatorKit-ackorybalcxbfocbkqsfdzcfkgmn/Build/Products/Debug/PackageFrameworks -F /Users/rogerlin/Library/Developer/Xcode/DerivedData/FinancialCalculatorKit-ackorybalcxbfocbkqsfdzcfkgmn/Build/Products/Debug/PackageFrameworks -F /Users/rogerlin/Library/Developer/Xcode/DerivedData/FinancialCalculatorKit-ackorybalcxbfocbkqsfdzcfkgmn/Build/Products/Debug/PackageFrameworks -F /Users/rogerlin/Library/Developer/Xcode/DerivedData/FinancialCalculatorKit-ackorybalcxbfocbkqsfdzcfkgmn/Build/Products/Debug -F /Applications/Xcode.app/Contents/Developer/Platforms/MacOSX.platform/Developer/Library/Frameworks -no-color-diagnostics -Xcc -fno-color-diagnostics -enable-testing -g -debug-info-format\=dwarf -dwarf-version\=4 -module-cache-path /Users/rogerlin/Library/Developer/Xcode/DerivedData/FinancialCalculatorKit-ackorybalcxbfocbkqsfdzcfkgmn/Build/Intermediates.noindex/SwiftExplicitPrecompiledModules -suppress-warnings -profile-generate -profile-coverage-mapping -swift-version 6 -enforce-exclusivity\=checked -Onone -D SWIFT_PACKAGE -D DEBUG -D SWIFT_MODULE_RESOURCE_BUNDLE_UNAVAILABLE -D Xcode -serialize-debugging-options -load-plugin-executable /Users/rogerlin/Library/Developer/Xcode/DerivedData/FinancialCalculatorKit-ackorybalcxbfocbkqsfdzcfkgmn/Build/Products/Debug/CasePathsMacros\#CasePathsMacros -const-gather-protocols-file /Users/rogerlin/Library/Developer/Xcode/DerivedData/FinancialCalculatorKit-ackorybalcxbfocbkqsfdzcfkgmn/Build/Intermediates.noindex/swift-case-paths.build/Debug/CasePaths.build/Objects-normal/arm64/CasePaths_const_extract_protocols.json -enable-experimental-feature DebugDescriptionMacro -empty-abi-descriptor -user-module-version 1.7.0 -validate-clang-modules-once -clang-build-session-file /Users/rogerlin/Library/Developer/Xcode/DerivedData/ModuleCache.noindex/Session.modulevalidation -Xcc -working-directory -Xcc /Users/rogerlin/XCode-Projects/FinancialCalculatorKit-5.0-updated-accent-colors/FinancialCalculatorKit.xcodeproj -enable-anonymous-context-mangled-names -file-compilation-dir /Users/rogerlin/XCode-Projects/FinancialCalculatorKit-5.0-updated-accent-colors/FinancialCalculatorKit.xcodeproj -Xcc -D_LIBCPP_HARDENING_MODE\=_LIBCPP_HARDENING_MODE_DEBUG -Xcc -ivfsstatcache -Xcc /Users/rogerlin/Library/Developer/Xcode/DerivedData/SDKStatCaches.noindex/macosx26.1-25B74-3ae1261907bdadc328169391a47051a6.sdkstatcache -Xcc -I/Users/rogerlin/Library/Developer/Xcode/DerivedData/FinancialCalculatorKit-ackorybalcxbfocbkqsfdzcfkgmn/Build/Intermediates.noindex/swift-case-paths.build/Debug/CasePaths.build/swift-overrides.hmap -Xcc -I/Users/rogerlin/Library/Developer/Xcode/DerivedData/FinancialCalculatorKit-ackorybalcxbfocbkqsfdzcfkgmn/Build/Products/Debug/include -Xcc -I/Users/rogerlin/Library/Developer/Xcode/DerivedData/FinancialCalculatorKit-ackorybalcxbfocbkqsfdzcfkgmn/Build/Intermediates.noindex/swift-case-paths.build/Debug/CasePaths.build/DerivedSources-normal/arm64 -Xcc -I/Users/rogerlin/Library/Developer/Xcode/DerivedData/FinancialCalculatorKit-ackorybalcxbfocbkqsfdzcfkgmn/Build/Intermediates.noindex/swift-case-paths.build/Debug/CasePaths.build/DerivedSources/arm64 -Xcc -I/Users/rogerlin/Library/Developer/Xcode/DerivedData/FinancialCalculatorKit-ackorybalcxbfocbkqsfdzcfkgmn/Build/Intermediates.noindex/swift-case-paths.build/Debug/CasePaths.build/DerivedSources -Xcc -DSWIFT_PACKAGE -Xcc -DDEBUG\=1 -no-auto-bridging-header-chaining -module-name CasePaths -package-name swift_case_paths -frontend-parseable-output -disable-clang-spi -target-sdk-version 26.1 -target-sdk-name macosx26.1 -clang-target arm64-apple-macos26.1 -in-process-plugin-server-path /Applications/Xcode.app/Contents/Developer/Toolchains/XcodeDefault.xctoolchain/usr/lib/swift/host/libSwiftInProcPluginServer.dylib -emit-module-doc-path /Users/rogerlin/Library/Developer/Xcode/DerivedData/FinancialCalculatorKit-ackorybalcxbfocbkqsfdzcfkgmn/Build/Intermediates.noindex/swift-case-paths.build/Debug/CasePaths.build/Objects-normal/arm64/CasePaths.swiftdoc -emit-module-source-info-path /Users/rogerlin/Library/Developer/Xcode/DerivedData/FinancialCalculatorKit-ackorybalcxbfocbkqsfdzcfkgmn/Build/Intermediates.noindex/swift-case-paths.build/Debug/CasePaths.build/Objects-normal/arm64/CasePaths.swiftsourceinfo -emit-objc-header-path /Users/rogerlin/Library/Developer/Xcode/DerivedData/FinancialCalculatorKit-ackorybalcxbfocbkqsfdzcfkgmn/Build/Intermediates.noindex/swift-case-paths.build/Debug/CasePaths.build/Objects-normal/arm64/CasePaths-Swift.h -serialize-diagnostics-path /Users/rogerlin/Library/Developer/Xcode/DerivedData/FinancialCalculatorKit-ackorybalcxbfocbkqsfdzcfkgmn/Build/Intermediates.noindex/swift-case-paths.build/Debug/CasePaths.build/Objects-normal/arm64/CasePaths-primary-emit-module.dia -emit-dependencies-path /Users/rogerlin/Library/Developer/Xcode/DerivedData/FinancialCalculatorKit-ackorybalcxbfocbkqsfdzcfkgmn/Build/Intermediates.noindex/swift-case-paths.build/Debug/CasePaths.build/Objects-normal/arm64/CasePaths-primary-emit-module.d -o /Users/rogerlin/Library/Developer/Xcode/DerivedData/FinancialCalculatorKit-ackorybalcxbfocbkqsfdzcfkgmn/Build/Intermediates.noindex/swift-case-paths.build/Debug/CasePaths.build/Objects-normal/arm64/CasePaths.swiftmodule -emit-abi-descriptor-path /Users/rogerlin/Library/Developer/Xcode/DerivedData/FinancialCalculatorKit-ackorybalcxbfocbkqsfdzcfkgmn/Build/Intermediates.noindex/swift-case-paths.build/Debug/CasePaths.build/Objects-normal/arm64/CasePaths.abi.json
SwiftCompile normal arm64 Compiling\ XCTestSupport.swift /Users/rogerlin/Library/Developer/Xcode/DerivedData/FinancialCalculatorKit-ackorybalcxbfocbkqsfdzcfkgmn/SourcePackages/checkouts/swift-case-paths/Sources/CasePaths/XCTestSupport.swift (in target 'CasePaths' from project 'swift-case-paths')
/Applications/Xcode.app/Contents/Developer/Toolchains/XcodeDefault.xctoolchain/usr/bin/swift-frontend -frontend -c /Users/rogerlin/Library/Developer/Xcode/DerivedData/FinancialCalculatorKit-ackorybalcxbfocbkqsfdzcfkgmn/SourcePackages/checkouts/swift-case-paths/Sources/CasePaths/EnumReflection.swift /Users/rogerlin/Library/Developer/Xcode/DerivedData/FinancialCalculatorKit-ackorybalcxbfocbkqsfdzcfkgmn/SourcePackages/checkouts/swift-case-paths/Sources/CasePaths/Internal/Deprecations.swift /Users/rogerlin/Library/Developer/Xcode/DerivedData/FinancialCalculatorKit-ackorybalcxbfocbkqsfdzcfkgmn/SourcePackages/checkouts/swift-case-paths/Sources/CasePaths/Internal/Exports.swift /Users/rogerlin/Library/Developer/Xcode/DerivedData/FinancialCalculatorKit-ackorybalcxbfocbkqsfdzcfkgmn/SourcePackages/checkouts/swift-case-paths/Sources/CasePaths/Internal/LockIsolated.swift /Users/rogerlin/Library/Developer/Xcode/DerivedData/FinancialCalculatorKit-ackorybalcxbfocbkqsfdzcfkgmn/SourcePackages/checkouts/swift-case-paths/Sources/CasePaths/Macros.swift -primary-file /Users/rogerlin/Library/Developer/Xcode/DerivedData/FinancialCalculatorKit-ackorybalcxbfocbkqsfdzcfkgmn/SourcePackages/checkouts/swift-case-paths/Sources/CasePaths/XCTestSupport.swift -emit-dependencies-path /Users/rogerlin/Library/Developer/Xcode/DerivedData/FinancialCalculatorKit-ackorybalcxbfocbkqsfdzcfkgmn/Build/Intermediates.noindex/swift-case-paths.build/Debug/CasePaths.build/Objects-normal/arm64/XCTestSupport.d -emit-const-values-path /Users/rogerlin/Library/Developer/Xcode/DerivedData/FinancialCalculatorKit-ackorybalcxbfocbkqsfdzcfkgmn/Build/Intermediates.noindex/swift-case-paths.build/Debug/CasePaths.build/Objects-normal/arm64/XCTestSupport.swiftconstvalues -emit-reference-dependencies-path /Users/rogerlin/Library/Developer/Xcode/DerivedData/FinancialCalculatorKit-ackorybalcxbfocbkqsfdzcfkgmn/Build/Intermediates.noindex/swift-case-paths.build/Debug/CasePaths.build/Objects-normal/arm64/XCTestSupport.swiftdeps -serialize-diagnostics-path /Users/rogerlin/Library/Developer/Xcode/DerivedData/FinancialCalculatorKit-ackorybalcxbfocbkqsfdzcfkgmn/Build/Intermediates.noindex/swift-case-paths.build/Debug/CasePaths.build/Objects-normal/arm64/XCTestSupport.dia -target arm64-apple-macos10.15 -module-can-import-version ObjectiveC 951.1 0 -load-resolved-plugin \#/Users/rogerlin/Library/Developer/Xcode/DerivedData/FinancialCalculatorKit-ackorybalcxbfocbkqsfdzcfkgmn/Build/Products/Debug/CasePathsMacros\#CasePathsMacros -load-resolved-plugin /Applications/Xcode.app/Contents/Developer/Platforms/MacOSX.platform/Developer/usr/lib/swift/host/plugins/libFoundationMacros.dylib\#/Applications/Xcode.app/Contents/Developer/Platforms/MacOSX.platform/Developer/usr/bin/swift-plugin-server\#FoundationMacros -load-resolved-plugin /Applications/Xcode.app/Contents/Developer/Platforms/MacOSX.platform/Developer/usr/lib/swift/host/plugins/libObservationMacros.dylib\#/Applications/Xcode.app/Contents/Developer/Platforms/MacOSX.platform/Developer/usr/bin/swift-plugin-server\#ObservationMacros -load-resolved-plugin /Applications/Xcode.app/Contents/Developer/Platforms/MacOSX.platform/Developer/usr/lib/swift/host/plugins/libSwiftMacros.dylib\#/Applications/Xcode.app/Contents/Developer/Platforms/MacOSX.platform/Developer/usr/bin/swift-plugin-server\#SwiftMacros -disable-implicit-swift-modules -Xcc -fno-implicit-modules -Xcc -fno-implicit-module-maps -explicit-swift-module-map-file /Users/rogerlin/Library/Developer/Xcode/DerivedData/FinancialCalculatorKit-ackorybalcxbfocbkqsfdzcfkgmn/Build/Intermediates.noindex/swift-case-paths.build/Debug/CasePaths.build/Objects-normal/arm64/CasePaths-dependencies-1.json -Xllvm -aarch64-use-tbi -enable-objc-interop -stack-check -sdk /Applications/Xcode.app/Contents/Developer/Platforms/MacOSX.platform/Developer/SDKs/MacOSX26.1.sdk -I /Users/rogerlin/Library/Developer/Xcode/DerivedData/FinancialCalculatorKit-ackorybalcxbfocbkqsfdzcfkgmn/Build/Products/Debug -Isystem /Applications/Xcode.app/Contents/Developer/Platforms/MacOSX.platform/Developer/usr/lib -F /Users/rogerlin/Library/Developer/Xcode/DerivedData/FinancialCalculatorKit-ackorybalcxbfocbkqsfdzcfkgmn/Build/Products/Debug/PackageFrameworks -F /Users/rogerlin/Library/Developer/Xcode/DerivedData/FinancialCalculatorKit-ackorybalcxbfocbkqsfdzcfkgmn/Build/Products/Debug/PackageFrameworks -F /Users/rogerlin/Library/Developer/Xcode/DerivedData/FinancialCalculatorKit-ackorybalcxbfocbkqsfdzcfkgmn/Build/Products/Debug/PackageFrameworks -F /Users/rogerlin/Library/Developer/Xcode/DerivedData/FinancialCalculatorKit-ackorybalcxbfocbkqsfdzcfkgmn/Build/Products/Debug -F /Applications/Xcode.app/Contents/Developer/Platforms/MacOSX.platform/Developer/Library/Frameworks -no-color-diagnostics -Xcc -fno-color-diagnostics -enable-testing -g -debug-info-format\=dwarf -dwarf-version\=4 -module-cache-path /Users/rogerlin/Library/Developer/Xcode/DerivedData/FinancialCalculatorKit-ackorybalcxbfocbkqsfdzcfkgmn/Build/Intermediates.noindex/SwiftExplicitPrecompiledModules -suppress-warnings -profile-generate -profile-coverage-mapping -swift-version 6 -enforce-exclusivity\=checked -Onone -D SWIFT_PACKAGE -D DEBUG -D SWIFT_MODULE_RESOURCE_BUNDLE_UNAVAILABLE -D Xcode -serialize-debugging-options -load-plugin-executable /Users/rogerlin/Library/Developer/Xcode/DerivedData/FinancialCalculatorKit-ackorybalcxbfocbkqsfdzcfkgmn/Build/Products/Debug/CasePathsMacros\#CasePathsMacros -const-gather-protocols-file /Users/rogerlin/Library/Developer/Xcode/DerivedData/FinancialCalculatorKit-ackorybalcxbfocbkqsfdzcfkgmn/Build/Intermediates.noindex/swift-case-paths.build/Debug/CasePaths.build/Objects-normal/arm64/CasePaths_const_extract_protocols.json -enable-experimental-feature DebugDescriptionMacro -empty-abi-descriptor -user-module-version 1.7.0 -validate-clang-modules-once -clang-build-session-file /Users/rogerlin/Library/Developer/Xcode/DerivedData/ModuleCache.noindex/Session.modulevalidation -Xcc -working-directory -Xcc /Users/rogerlin/XCode-Projects/FinancialCalculatorKit-5.0-updated-accent-colors/FinancialCalculatorKit.xcodeproj -enable-anonymous-context-mangled-names -file-compilation-dir /Users/rogerlin/XCode-Projects/FinancialCalculatorKit-5.0-updated-accent-colors/FinancialCalculatorKit.xcodeproj -Xcc -D_LIBCPP_HARDENING_MODE\=_LIBCPP_HARDENING_MODE_DEBUG -Xcc -ivfsstatcache -Xcc /Users/rogerlin/Library/Developer/Xcode/DerivedData/SDKStatCaches.noindex/macosx26.1-25B74-3ae1261907bdadc328169391a47051a6.sdkstatcache -Xcc -I/Users/rogerlin/Library/Developer/Xcode/DerivedData/FinancialCalculatorKit-ackorybalcxbfocbkqsfdzcfkgmn/Build/Intermediates.noindex/swift-case-paths.build/Debug/CasePaths.build/swift-overrides.hmap -Xcc -I/Users/rogerlin/Library/Developer/Xcode/DerivedData/FinancialCalculatorKit-ackorybalcxbfocbkqsfdzcfkgmn/Build/Products/Debug/include -Xcc -I/Users/rogerlin/Library/Developer/Xcode/DerivedData/FinancialCalculatorKit-ackorybalcxbfocbkqsfdzcfkgmn/Build/Intermediates.noindex/swift-case-paths.build/Debug/CasePaths.build/DerivedSources-normal/arm64 -Xcc -I/Users/rogerlin/Library/Developer/Xcode/DerivedData/FinancialCalculatorKit-ackorybalcxbfocbkqsfdzcfkgmn/Build/Intermediates.noindex/swift-case-paths.build/Debug/CasePaths.build/DerivedSources/arm64 -Xcc -I/Users/rogerlin/Library/Developer/Xcode/DerivedData/FinancialCalculatorKit-ackorybalcxbfocbkqsfdzcfkgmn/Build/Intermediates.noindex/swift-case-paths.build/Debug/CasePaths.build/DerivedSources -Xcc -DSWIFT_PACKAGE -Xcc -DDEBUG\=1 -no-auto-bridging-header-chaining -module-name CasePaths -package-name swift_case_paths -frontend-parseable-output -disable-clang-spi -target-sdk-version 26.1 -target-sdk-name macosx26.1 -clang-target arm64-apple-macos26.1 -in-process-plugin-server-path /Applications/Xcode.app/Contents/Developer/Toolchains/XcodeDefault.xctoolchain/usr/lib/swift/host/libSwiftInProcPluginServer.dylib -o /Users/rogerlin/Library/Developer/Xcode/DerivedData/FinancialCalculatorKit-ackorybalcxbfocbkqsfdzcfkgmn/Build/Intermediates.noindex/swift-case-paths.build/Debug/CasePaths.build/Objects-normal/arm64/XCTestSupport.o -index-unit-output-path /swift-case-paths.build/Debug/CasePaths.build/Objects-normal/arm64/XCTestSupport.o -index-store-path /Users/rogerlin/Library/Developer/Xcode/DerivedData/FinancialCalculatorKit-ackorybalcxbfocbkqsfdzcfkgmn/Index.noindex/DataStore -index-system-modules

SwiftCompile normal arm64 /Users/rogerlin/Library/Developer/Xcode/DerivedData/FinancialCalculatorKit-ackorybalcxbfocbkqsfdzcfkgmn/SourcePackages/checkouts/swift-case-paths/Sources/CasePaths/XCTestSupport.swift (in target 'CasePaths' from project 'swift-case-paths')
    cd /Users/rogerlin/XCode-Projects/FinancialCalculatorKit-5.0-updated-accent-colors/FinancialCalculatorKit.xcodeproj
    

SwiftCompile normal arm64 Compiling\ EnumReflection.swift /Users/rogerlin/Library/Developer/Xcode/DerivedData/FinancialCalculatorKit-ackorybalcxbfocbkqsfdzcfkgmn/SourcePackages/checkouts/swift-case-paths/Sources/CasePaths/EnumReflection.swift (in target 'CasePaths' from project 'swift-case-paths')
/Applications/Xcode.app/Contents/Developer/Toolchains/XcodeDefault.xctoolchain/usr/bin/swift-frontend -frontend -c -primary-file /Users/rogerlin/Library/Developer/Xcode/DerivedData/FinancialCalculatorKit-ackorybalcxbfocbkqsfdzcfkgmn/SourcePackages/checkouts/swift-case-paths/Sources/CasePaths/EnumReflection.swift /Users/rogerlin/Library/Developer/Xcode/DerivedData/FinancialCalculatorKit-ackorybalcxbfocbkqsfdzcfkgmn/SourcePackages/checkouts/swift-case-paths/Sources/CasePaths/Internal/Deprecations.swift /Users/rogerlin/Library/Developer/Xcode/DerivedData/FinancialCalculatorKit-ackorybalcxbfocbkqsfdzcfkgmn/SourcePackages/checkouts/swift-case-paths/Sources/CasePaths/Internal/Exports.swift /Users/rogerlin/Library/Developer/Xcode/DerivedData/FinancialCalculatorKit-ackorybalcxbfocbkqsfdzcfkgmn/SourcePackages/checkouts/swift-case-paths/Sources/CasePaths/Internal/LockIsolated.swift /Users/rogerlin/Library/Developer/Xcode/DerivedData/FinancialCalculatorKit-ackorybalcxbfocbkqsfdzcfkgmn/SourcePackages/checkouts/swift-case-paths/Sources/CasePaths/Macros.swift /Users/rogerlin/Library/Developer/Xcode/DerivedData/FinancialCalculatorKit-ackorybalcxbfocbkqsfdzcfkgmn/SourcePackages/checkouts/swift-case-paths/Sources/CasePaths/XCTestSupport.swift -emit-dependencies-path /Users/rogerlin/Library/Developer/Xcode/DerivedData/FinancialCalculatorKit-ackorybalcxbfocbkqsfdzcfkgmn/Build/Intermediates.noindex/swift-case-paths.build/Debug/CasePaths.build/Objects-normal/arm64/EnumReflection.d -emit-const-values-path /Users/rogerlin/Library/Developer/Xcode/DerivedData/FinancialCalculatorKit-ackorybalcxbfocbkqsfdzcfkgmn/Build/Intermediates.noindex/swift-case-paths.build/Debug/CasePaths.build/Objects-normal/arm64/EnumReflection.swiftconstvalues -emit-reference-dependencies-path /Users/rogerlin/Library/Developer/Xcode/DerivedData/FinancialCalculatorKit-ackorybalcxbfocbkqsfdzcfkgmn/Build/Intermediates.noindex/swift-case-paths.build/Debug/CasePaths.build/Objects-normal/arm64/EnumReflection.swiftdeps -serialize-diagnostics-path /Users/rogerlin/Library/Developer/Xcode/DerivedData/FinancialCalculatorKit-ackorybalcxbfocbkqsfdzcfkgmn/Build/Intermediates.noindex/swift-case-paths.build/Debug/CasePaths.build/Objects-normal/arm64/EnumReflection.dia -target arm64-apple-macos10.15 -module-can-import-version ObjectiveC 951.1 0 -load-resolved-plugin \#/Users/rogerlin/Library/Developer/Xcode/DerivedData/FinancialCalculatorKit-ackorybalcxbfocbkqsfdzcfkgmn/Build/Products/Debug/CasePathsMacros\#CasePathsMacros -load-resolved-plugin /Applications/Xcode.app/Contents/Developer/Platforms/MacOSX.platform/Developer/usr/lib/swift/host/plugins/libFoundationMacros.dylib\#/Applications/Xcode.app/Contents/Developer/Platforms/MacOSX.platform/Developer/usr/bin/swift-plugin-server\#FoundationMacros -load-resolved-plugin /Applications/Xcode.app/Contents/Developer/Platforms/MacOSX.platform/Developer/usr/lib/swift/host/plugins/libObservationMacros.dylib\#/Applications/Xcode.app/Contents/Developer/Platforms/MacOSX.platform/Developer/usr/bin/swift-plugin-server\#ObservationMacros -load-resolved-plugin /Applications/Xcode.app/Contents/Developer/Platforms/MacOSX.platform/Developer/usr/lib/swift/host/plugins/libSwiftMacros.dylib\#/Applications/Xcode.app/Contents/Developer/Platforms/MacOSX.platform/Developer/usr/bin/swift-plugin-server\#SwiftMacros -disable-implicit-swift-modules -Xcc -fno-implicit-modules -Xcc -fno-implicit-module-maps -explicit-swift-module-map-file /Users/rogerlin/Library/Developer/Xcode/DerivedData/FinancialCalculatorKit-ackorybalcxbfocbkqsfdzcfkgmn/Build/Intermediates.noindex/swift-case-paths.build/Debug/CasePaths.build/Objects-normal/arm64/CasePaths-dependencies-1.json -Xllvm -aarch64-use-tbi -enable-objc-interop -stack-check -sdk /Applications/Xcode.app/Contents/Developer/Platforms/MacOSX.platform/Developer/SDKs/MacOSX26.1.sdk -I /Users/rogerlin/Library/Developer/Xcode/DerivedData/FinancialCalculatorKit-ackorybalcxbfocbkqsfdzcfkgmn/Build/Products/Debug -Isystem /Applications/Xcode.app/Contents/Developer/Platforms/MacOSX.platform/Developer/usr/lib -F /Users/rogerlin/Library/Developer/Xcode/DerivedData/FinancialCalculatorKit-ackorybalcxbfocbkqsfdzcfkgmn/Build/Products/Debug/PackageFrameworks -F /Users/rogerlin/Library/Developer/Xcode/DerivedData/FinancialCalculatorKit-ackorybalcxbfocbkqsfdzcfkgmn/Build/Products/Debug/PackageFrameworks -F /Users/rogerlin/Library/Developer/Xcode/DerivedData/FinancialCalculatorKit-ackorybalcxbfocbkqsfdzcfkgmn/Build/Products/Debug/PackageFrameworks -F /Users/rogerlin/Library/Developer/Xcode/DerivedData/FinancialCalculatorKit-ackorybalcxbfocbkqsfdzcfkgmn/Build/Products/Debug -F /Applications/Xcode.app/Contents/Developer/Platforms/MacOSX.platform/Developer/Library/Frameworks -no-color-diagnostics -Xcc -fno-color-diagnostics -enable-testing -g -debug-info-format\=dwarf -dwarf-version\=4 -module-cache-path /Users/rogerlin/Library/Developer/Xcode/DerivedData/FinancialCalculatorKit-ackorybalcxbfocbkqsfdzcfkgmn/Build/Intermediates.noindex/SwiftExplicitPrecompiledModules -suppress-warnings -profile-generate -profile-coverage-mapping -swift-version 6 -enforce-exclusivity\=checked -Onone -D SWIFT_PACKAGE -D DEBUG -D SWIFT_MODULE_RESOURCE_BUNDLE_UNAVAILABLE -D Xcode -serialize-debugging-options -load-plugin-executable /Users/rogerlin/Library/Developer/Xcode/DerivedData/FinancialCalculatorKit-ackorybalcxbfocbkqsfdzcfkgmn/Build/Products/Debug/CasePathsMacros\#CasePathsMacros -const-gather-protocols-file /Users/rogerlin/Library/Developer/Xcode/DerivedData/FinancialCalculatorKit-ackorybalcxbfocbkqsfdzcfkgmn/Build/Intermediates.noindex/swift-case-paths.build/Debug/CasePaths.build/Objects-normal/arm64/CasePaths_const_extract_protocols.json -enable-experimental-feature DebugDescriptionMacro -empty-abi-descriptor -user-module-version 1.7.0 -validate-clang-modules-once -clang-build-session-file /Users/rogerlin/Library/Developer/Xcode/DerivedData/ModuleCache.noindex/Session.modulevalidation -Xcc -working-directory -Xcc /Users/rogerlin/XCode-Projects/FinancialCalculatorKit-5.0-updated-accent-colors/FinancialCalculatorKit.xcodeproj -enable-anonymous-context-mangled-names -file-compilation-dir /Users/rogerlin/XCode-Projects/FinancialCalculatorKit-5.0-updated-accent-colors/FinancialCalculatorKit.xcodeproj -Xcc -D_LIBCPP_HARDENING_MODE\=_LIBCPP_HARDENING_MODE_DEBUG -Xcc -ivfsstatcache -Xcc /Users/rogerlin/Library/Developer/Xcode/DerivedData/SDKStatCaches.noindex/macosx26.1-25B74-3ae1261907bdadc328169391a47051a6.sdkstatcache -Xcc -I/Users/rogerlin/Library/Developer/Xcode/DerivedData/FinancialCalculatorKit-ackorybalcxbfocbkqsfdzcfkgmn/Build/Intermediates.noindex/swift-case-paths.build/Debug/CasePaths.build/swift-overrides.hmap -Xcc -I/Users/rogerlin/Library/Developer/Xcode/DerivedData/FinancialCalculatorKit-ackorybalcxbfocbkqsfdzcfkgmn/Build/Products/Debug/include -Xcc -I/Users/rogerlin/Library/Developer/Xcode/DerivedData/FinancialCalculatorKit-ackorybalcxbfocbkqsfdzcfkgmn/Build/Intermediates.noindex/swift-case-paths.build/Debug/CasePaths.build/DerivedSources-normal/arm64 -Xcc -I/Users/rogerlin/Library/Developer/Xcode/DerivedData/FinancialCalculatorKit-ackorybalcxbfocbkqsfdzcfkgmn/Build/Intermediates.noindex/swift-case-paths.build/Debug/CasePaths.build/DerivedSources/arm64 -Xcc -I/Users/rogerlin/Library/Developer/Xcode/DerivedData/FinancialCalculatorKit-ackorybalcxbfocbkqsfdzcfkgmn/Build/Intermediates.noindex/swift-case-paths.build/Debug/CasePaths.build/DerivedSources -Xcc -DSWIFT_PACKAGE -Xcc -DDEBUG\=1 -no-auto-bridging-header-chaining -module-name CasePaths -package-name swift_case_paths -frontend-parseable-output -disable-clang-spi -target-sdk-version 26.1 -target-sdk-name macosx26.1 -clang-target arm64-apple-macos26.1 -in-process-plugin-server-path /Applications/Xcode.app/Contents/Developer/Toolchains/XcodeDefault.xctoolchain/usr/lib/swift/host/libSwiftInProcPluginServer.dylib -o /Users/rogerlin/Library/Developer/Xcode/DerivedData/FinancialCalculatorKit-ackorybalcxbfocbkqsfdzcfkgmn/Build/Intermediates.noindex/swift-case-paths.build/Debug/CasePaths.build/Objects-normal/arm64/EnumReflection.o -index-unit-output-path /swift-case-paths.build/Debug/CasePaths.build/Objects-normal/arm64/EnumReflection.o -index-store-path /Users/rogerlin/Library/Developer/Xcode/DerivedData/FinancialCalculatorKit-ackorybalcxbfocbkqsfdzcfkgmn/Index.noindex/DataStore -index-system-modules

SwiftCompile normal arm64 /Users/rogerlin/Library/Developer/Xcode/DerivedData/FinancialCalculatorKit-ackorybalcxbfocbkqsfdzcfkgmn/SourcePackages/checkouts/swift-case-paths/Sources/CasePaths/EnumReflection.swift (in target 'CasePaths' from project 'swift-case-paths')
    cd /Users/rogerlin/XCode-Projects/FinancialCalculatorKit-5.0-updated-accent-colors/FinancialCalculatorKit.xcodeproj
    

SwiftCompile normal arm64 Compiling\ Exports.swift /Users/rogerlin/Library/Developer/Xcode/DerivedData/FinancialCalculatorKit-ackorybalcxbfocbkqsfdzcfkgmn/SourcePackages/checkouts/swift-case-paths/Sources/CasePaths/Internal/Exports.swift (in target 'CasePaths' from project 'swift-case-paths')
/Applications/Xcode.app/Contents/Developer/Toolchains/XcodeDefault.xctoolchain/usr/bin/swift-frontend -frontend -c /Users/rogerlin/Library/Developer/Xcode/DerivedData/FinancialCalculatorKit-ackorybalcxbfocbkqsfdzcfkgmn/SourcePackages/checkouts/swift-case-paths/Sources/CasePaths/EnumReflection.swift /Users/rogerlin/Library/Developer/Xcode/DerivedData/FinancialCalculatorKit-ackorybalcxbfocbkqsfdzcfkgmn/SourcePackages/checkouts/swift-case-paths/Sources/CasePaths/Internal/Deprecations.swift -primary-file /Users/rogerlin/Library/Developer/Xcode/DerivedData/FinancialCalculatorKit-ackorybalcxbfocbkqsfdzcfkgmn/SourcePackages/checkouts/swift-case-paths/Sources/CasePaths/Internal/Exports.swift /Users/rogerlin/Library/Developer/Xcode/DerivedData/FinancialCalculatorKit-ackorybalcxbfocbkqsfdzcfkgmn/SourcePackages/checkouts/swift-case-paths/Sources/CasePaths/Internal/LockIsolated.swift /Users/rogerlin/Library/Developer/Xcode/DerivedData/FinancialCalculatorKit-ackorybalcxbfocbkqsfdzcfkgmn/SourcePackages/checkouts/swift-case-paths/Sources/CasePaths/Macros.swift /Users/rogerlin/Library/Developer/Xcode/DerivedData/FinancialCalculatorKit-ackorybalcxbfocbkqsfdzcfkgmn/SourcePackages/checkouts/swift-case-paths/Sources/CasePaths/XCTestSupport.swift -emit-dependencies-path /Users/rogerlin/Library/Developer/Xcode/DerivedData/FinancialCalculatorKit-ackorybalcxbfocbkqsfdzcfkgmn/Build/Intermediates.noindex/swift-case-paths.build/Debug/CasePaths.build/Objects-normal/arm64/Exports.d -emit-const-values-path /Users/rogerlin/Library/Developer/Xcode/DerivedData/FinancialCalculatorKit-ackorybalcxbfocbkqsfdzcfkgmn/Build/Intermediates.noindex/swift-case-paths.build/Debug/CasePaths.build/Objects-normal/arm64/Exports.swiftconstvalues -emit-reference-dependencies-path /Users/rogerlin/Library/Developer/Xcode/DerivedData/FinancialCalculatorKit-ackorybalcxbfocbkqsfdzcfkgmn/Build/Intermediates.noindex/swift-case-paths.build/Debug/CasePaths.build/Objects-normal/arm64/Exports.swiftdeps -serialize-diagnostics-path /Users/rogerlin/Library/Developer/Xcode/DerivedData/FinancialCalculatorKit-ackorybalcxbfocbkqsfdzcfkgmn/Build/Intermediates.noindex/swift-case-paths.build/Debug/CasePaths.build/Objects-normal/arm64/Exports.dia -target arm64-apple-macos10.15 -module-can-import-version ObjectiveC 951.1 0 -load-resolved-plugin \#/Users/rogerlin/Library/Developer/Xcode/DerivedData/FinancialCalculatorKit-ackorybalcxbfocbkqsfdzcfkgmn/Build/Products/Debug/CasePathsMacros\#CasePathsMacros -load-resolved-plugin /Applications/Xcode.app/Contents/Developer/Platforms/MacOSX.platform/Developer/usr/lib/swift/host/plugins/libFoundationMacros.dylib\#/Applications/Xcode.app/Contents/Developer/Platforms/MacOSX.platform/Developer/usr/bin/swift-plugin-server\#FoundationMacros -load-resolved-plugin /Applications/Xcode.app/Contents/Developer/Platforms/MacOSX.platform/Developer/usr/lib/swift/host/plugins/libObservationMacros.dylib\#/Applications/Xcode.app/Contents/Developer/Platforms/MacOSX.platform/Developer/usr/bin/swift-plugin-server\#ObservationMacros -load-resolved-plugin /Applications/Xcode.app/Contents/Developer/Platforms/MacOSX.platform/Developer/usr/lib/swift/host/plugins/libSwiftMacros.dylib\#/Applications/Xcode.app/Contents/Developer/Platforms/MacOSX.platform/Developer/usr/bin/swift-plugin-server\#SwiftMacros -disable-implicit-swift-modules -Xcc -fno-implicit-modules -Xcc -fno-implicit-module-maps -explicit-swift-module-map-file /Users/rogerlin/Library/Developer/Xcode/DerivedData/FinancialCalculatorKit-ackorybalcxbfocbkqsfdzcfkgmn/Build/Intermediates.noindex/swift-case-paths.build/Debug/CasePaths.build/Objects-normal/arm64/CasePaths-dependencies-1.json -Xllvm -aarch64-use-tbi -enable-objc-interop -stack-check -sdk /Applications/Xcode.app/Contents/Developer/Platforms/MacOSX.platform/Developer/SDKs/MacOSX26.1.sdk -I /Users/rogerlin/Library/Developer/Xcode/DerivedData/FinancialCalculatorKit-ackorybalcxbfocbkqsfdzcfkgmn/Build/Products/Debug -Isystem /Applications/Xcode.app/Contents/Developer/Platforms/MacOSX.platform/Developer/usr/lib -F /Users/rogerlin/Library/Developer/Xcode/DerivedData/FinancialCalculatorKit-ackorybalcxbfocbkqsfdzcfkgmn/Build/Products/Debug/PackageFrameworks -F /Users/rogerlin/Library/Developer/Xcode/DerivedData/FinancialCalculatorKit-ackorybalcxbfocbkqsfdzcfkgmn/Build/Products/Debug/PackageFrameworks -F /Users/rogerlin/Library/Developer/Xcode/DerivedData/FinancialCalculatorKit-ackorybalcxbfocbkqsfdzcfkgmn/Build/Products/Debug/PackageFrameworks -F /Users/rogerlin/Library/Developer/Xcode/DerivedData/FinancialCalculatorKit-ackorybalcxbfocbkqsfdzcfkgmn/Build/Products/Debug -F /Applications/Xcode.app/Contents/Developer/Platforms/MacOSX.platform/Developer/Library/Frameworks -no-color-diagnostics -Xcc -fno-color-diagnostics -enable-testing -g -debug-info-format\=dwarf -dwarf-version\=4 -module-cache-path /Users/rogerlin/Library/Developer/Xcode/DerivedData/FinancialCalculatorKit-ackorybalcxbfocbkqsfdzcfkgmn/Build/Intermediates.noindex/SwiftExplicitPrecompiledModules -suppress-warnings -profile-generate -profile-coverage-mapping -swift-version 6 -enforce-exclusivity\=checked -Onone -D SWIFT_PACKAGE -D DEBUG -D SWIFT_MODULE_RESOURCE_BUNDLE_UNAVAILABLE -D Xcode -serialize-debugging-options -load-plugin-executable /Users/rogerlin/Library/Developer/Xcode/DerivedData/FinancialCalculatorKit-ackorybalcxbfocbkqsfdzcfkgmn/Build/Products/Debug/CasePathsMacros\#CasePathsMacros -const-gather-protocols-file /Users/rogerlin/Library/Developer/Xcode/DerivedData/FinancialCalculatorKit-ackorybalcxbfocbkqsfdzcfkgmn/Build/Intermediates.noindex/swift-case-paths.build/Debug/CasePaths.build/Objects-normal/arm64/CasePaths_const_extract_protocols.json -enable-experimental-feature DebugDescriptionMacro -empty-abi-descriptor -user-module-version 1.7.0 -validate-clang-modules-once -clang-build-session-file /Users/rogerlin/Library/Developer/Xcode/DerivedData/ModuleCache.noindex/Session.modulevalidation -Xcc -working-directory -Xcc /Users/rogerlin/XCode-Projects/FinancialCalculatorKit-5.0-updated-accent-colors/FinancialCalculatorKit.xcodeproj -enable-anonymous-context-mangled-names -file-compilation-dir /Users/rogerlin/XCode-Projects/FinancialCalculatorKit-5.0-updated-accent-colors/FinancialCalculatorKit.xcodeproj -Xcc -D_LIBCPP_HARDENING_MODE\=_LIBCPP_HARDENING_MODE_DEBUG -Xcc -ivfsstatcache -Xcc /Users/rogerlin/Library/Developer/Xcode/DerivedData/SDKStatCaches.noindex/macosx26.1-25B74-3ae1261907bdadc328169391a47051a6.sdkstatcache -Xcc -I/Users/rogerlin/Library/Developer/Xcode/DerivedData/FinancialCalculatorKit-ackorybalcxbfocbkqsfdzcfkgmn/Build/Intermediates.noindex/swift-case-paths.build/Debug/CasePaths.build/swift-overrides.hmap -Xcc -I/Users/rogerlin/Library/Developer/Xcode/DerivedData/FinancialCalculatorKit-ackorybalcxbfocbkqsfdzcfkgmn/Build/Products/Debug/include -Xcc -I/Users/rogerlin/Library/Developer/Xcode/DerivedData/FinancialCalculatorKit-ackorybalcxbfocbkqsfdzcfkgmn/Build/Intermediates.noindex/swift-case-paths.build/Debug/CasePaths.build/DerivedSources-normal/arm64 -Xcc -I/Users/rogerlin/Library/Developer/Xcode/DerivedData/FinancialCalculatorKit-ackorybalcxbfocbkqsfdzcfkgmn/Build/Intermediates.noindex/swift-case-paths.build/Debug/CasePaths.build/DerivedSources/arm64 -Xcc -I/Users/rogerlin/Library/Developer/Xcode/DerivedData/FinancialCalculatorKit-ackorybalcxbfocbkqsfdzcfkgmn/Build/Intermediates.noindex/swift-case-paths.build/Debug/CasePaths.build/DerivedSources -Xcc -DSWIFT_PACKAGE -Xcc -DDEBUG\=1 -no-auto-bridging-header-chaining -module-name CasePaths -package-name swift_case_paths -frontend-parseable-output -disable-clang-spi -target-sdk-version 26.1 -target-sdk-name macosx26.1 -clang-target arm64-apple-macos26.1 -in-process-plugin-server-path /Applications/Xcode.app/Contents/Developer/Toolchains/XcodeDefault.xctoolchain/usr/lib/swift/host/libSwiftInProcPluginServer.dylib -o /Users/rogerlin/Library/Developer/Xcode/DerivedData/FinancialCalculatorKit-ackorybalcxbfocbkqsfdzcfkgmn/Build/Intermediates.noindex/swift-case-paths.build/Debug/CasePaths.build/Objects-normal/arm64/Exports.o -index-unit-output-path /swift-case-paths.build/Debug/CasePaths.build/Objects-normal/arm64/Exports.o -index-store-path /Users/rogerlin/Library/Developer/Xcode/DerivedData/FinancialCalculatorKit-ackorybalcxbfocbkqsfdzcfkgmn/Index.noindex/DataStore -index-system-modules

SwiftCompile normal arm64 /Users/rogerlin/Library/Developer/Xcode/DerivedData/FinancialCalculatorKit-ackorybalcxbfocbkqsfdzcfkgmn/SourcePackages/checkouts/swift-case-paths/Sources/CasePaths/Internal/Exports.swift (in target 'CasePaths' from project 'swift-case-paths')
    cd /Users/rogerlin/XCode-Projects/FinancialCalculatorKit-5.0-updated-accent-colors/FinancialCalculatorKit.xcodeproj
    

SwiftCompile normal arm64 Compiling\ LockIsolated.swift /Users/rogerlin/Library/Developer/Xcode/DerivedData/FinancialCalculatorKit-ackorybalcxbfocbkqsfdzcfkgmn/SourcePackages/checkouts/swift-case-paths/Sources/CasePaths/Internal/LockIsolated.swift (in target 'CasePaths' from project 'swift-case-paths')
/Applications/Xcode.app/Contents/Developer/Toolchains/XcodeDefault.xctoolchain/usr/bin/swift-frontend -frontend -c /Users/rogerlin/Library/Developer/Xcode/DerivedData/FinancialCalculatorKit-ackorybalcxbfocbkqsfdzcfkgmn/SourcePackages/checkouts/swift-case-paths/Sources/CasePaths/EnumReflection.swift /Users/rogerlin/Library/Developer/Xcode/DerivedData/FinancialCalculatorKit-ackorybalcxbfocbkqsfdzcfkgmn/SourcePackages/checkouts/swift-case-paths/Sources/CasePaths/Internal/Deprecations.swift /Users/rogerlin/Library/Developer/Xcode/DerivedData/FinancialCalculatorKit-ackorybalcxbfocbkqsfdzcfkgmn/SourcePackages/checkouts/swift-case-paths/Sources/CasePaths/Internal/Exports.swift -primary-file /Users/rogerlin/Library/Developer/Xcode/DerivedData/FinancialCalculatorKit-ackorybalcxbfocbkqsfdzcfkgmn/SourcePackages/checkouts/swift-case-paths/Sources/CasePaths/Internal/LockIsolated.swift /Users/rogerlin/Library/Developer/Xcode/DerivedData/FinancialCalculatorKit-ackorybalcxbfocbkqsfdzcfkgmn/SourcePackages/checkouts/swift-case-paths/Sources/CasePaths/Macros.swift /Users/rogerlin/Library/Developer/Xcode/DerivedData/FinancialCalculatorKit-ackorybalcxbfocbkqsfdzcfkgmn/SourcePackages/checkouts/swift-case-paths/Sources/CasePaths/XCTestSupport.swift -emit-dependencies-path /Users/rogerlin/Library/Developer/Xcode/DerivedData/FinancialCalculatorKit-ackorybalcxbfocbkqsfdzcfkgmn/Build/Intermediates.noindex/swift-case-paths.build/Debug/CasePaths.build/Objects-normal/arm64/LockIsolated.d -emit-const-values-path /Users/rogerlin/Library/Developer/Xcode/DerivedData/FinancialCalculatorKit-ackorybalcxbfocbkqsfdzcfkgmn/Build/Intermediates.noindex/swift-case-paths.build/Debug/CasePaths.build/Objects-normal/arm64/LockIsolated.swiftconstvalues -emit-reference-dependencies-path /Users/rogerlin/Library/Developer/Xcode/DerivedData/FinancialCalculatorKit-ackorybalcxbfocbkqsfdzcfkgmn/Build/Intermediates.noindex/swift-case-paths.build/Debug/CasePaths.build/Objects-normal/arm64/LockIsolated.swiftdeps -serialize-diagnostics-path /Users/rogerlin/Library/Developer/Xcode/DerivedData/FinancialCalculatorKit-ackorybalcxbfocbkqsfdzcfkgmn/Build/Intermediates.noindex/swift-case-paths.build/Debug/CasePaths.build/Objects-normal/arm64/LockIsolated.dia -target arm64-apple-macos10.15 -module-can-import-version ObjectiveC 951.1 0 -load-resolved-plugin \#/Users/rogerlin/Library/Developer/Xcode/DerivedData/FinancialCalculatorKit-ackorybalcxbfocbkqsfdzcfkgmn/Build/Products/Debug/CasePathsMacros\#CasePathsMacros -load-resolved-plugin /Applications/Xcode.app/Contents/Developer/Platforms/MacOSX.platform/Developer/usr/lib/swift/host/plugins/libFoundationMacros.dylib\#/Applications/Xcode.app/Contents/Developer/Platforms/MacOSX.platform/Developer/usr/bin/swift-plugin-server\#FoundationMacros -load-resolved-plugin /Applications/Xcode.app/Contents/Developer/Platforms/MacOSX.platform/Developer/usr/lib/swift/host/plugins/libObservationMacros.dylib\#/Applications/Xcode.app/Contents/Developer/Platforms/MacOSX.platform/Developer/usr/bin/swift-plugin-server\#ObservationMacros -load-resolved-plugin /Applications/Xcode.app/Contents/Developer/Platforms/MacOSX.platform/Developer/usr/lib/swift/host/plugins/libSwiftMacros.dylib\#/Applications/Xcode.app/Contents/Developer/Platforms/MacOSX.platform/Developer/usr/bin/swift-plugin-server\#SwiftMacros -disable-implicit-swift-modules -Xcc -fno-implicit-modules -Xcc -fno-implicit-module-maps -explicit-swift-module-map-file /Users/rogerlin/Library/Developer/Xcode/DerivedData/FinancialCalculatorKit-ackorybalcxbfocbkqsfdzcfkgmn/Build/Intermediates.noindex/swift-case-paths.build/Debug/CasePaths.build/Objects-normal/arm64/CasePaths-dependencies-1.json -Xllvm -aarch64-use-tbi -enable-objc-interop -stack-check -sdk /Applications/Xcode.app/Contents/Developer/Platforms/MacOSX.platform/Developer/SDKs/MacOSX26.1.sdk -I /Users/rogerlin/Library/Developer/Xcode/DerivedData/FinancialCalculatorKit-ackorybalcxbfocbkqsfdzcfkgmn/Build/Products/Debug -Isystem /Applications/Xcode.app/Contents/Developer/Platforms/MacOSX.platform/Developer/usr/lib -F /Users/rogerlin/Library/Developer/Xcode/DerivedData/FinancialCalculatorKit-ackorybalcxbfocbkqsfdzcfkgmn/Build/Products/Debug/PackageFrameworks -F /Users/rogerlin/Library/Developer/Xcode/DerivedData/FinancialCalculatorKit-ackorybalcxbfocbkqsfdzcfkgmn/Build/Products/Debug/PackageFrameworks -F /Users/rogerlin/Library/Developer/Xcode/DerivedData/FinancialCalculatorKit-ackorybalcxbfocbkqsfdzcfkgmn/Build/Products/Debug/PackageFrameworks -F /Users/rogerlin/Library/Developer/Xcode/DerivedData/FinancialCalculatorKit-ackorybalcxbfocbkqsfdzcfkgmn/Build/Products/Debug -F /Applications/Xcode.app/Contents/Developer/Platforms/MacOSX.platform/Developer/Library/Frameworks -no-color-diagnostics -Xcc -fno-color-diagnostics -enable-testing -g -debug-info-format\=dwarf -dwarf-version\=4 -module-cache-path /Users/rogerlin/Library/Developer/Xcode/DerivedData/FinancialCalculatorKit-ackorybalcxbfocbkqsfdzcfkgmn/Build/Intermediates.noindex/SwiftExplicitPrecompiledModules -suppress-warnings -profile-generate -profile-coverage-mapping -swift-version 6 -enforce-exclusivity\=checked -Onone -D SWIFT_PACKAGE -D DEBUG -D SWIFT_MODULE_RESOURCE_BUNDLE_UNAVAILABLE -D Xcode -serialize-debugging-options -load-plugin-executable /Users/rogerlin/Library/Developer/Xcode/DerivedData/FinancialCalculatorKit-ackorybalcxbfocbkqsfdzcfkgmn/Build/Products/Debug/CasePathsMacros\#CasePathsMacros -const-gather-protocols-file /Users/rogerlin/Library/Developer/Xcode/DerivedData/FinancialCalculatorKit-ackorybalcxbfocbkqsfdzcfkgmn/Build/Intermediates.noindex/swift-case-paths.build/Debug/CasePaths.build/Objects-normal/arm64/CasePaths_const_extract_protocols.json -enable-experimental-feature DebugDescriptionMacro -empty-abi-descriptor -user-module-version 1.7.0 -validate-clang-modules-once -clang-build-session-file /Users/rogerlin/Library/Developer/Xcode/DerivedData/ModuleCache.noindex/Session.modulevalidation -Xcc -working-directory -Xcc /Users/rogerlin/XCode-Projects/FinancialCalculatorKit-5.0-updated-accent-colors/FinancialCalculatorKit.xcodeproj -enable-anonymous-context-mangled-names -file-compilation-dir /Users/rogerlin/XCode-Projects/FinancialCalculatorKit-5.0-updated-accent-colors/FinancialCalculatorKit.xcodeproj -Xcc -D_LIBCPP_HARDENING_MODE\=_LIBCPP_HARDENING_MODE_DEBUG -Xcc -ivfsstatcache -Xcc /Users/rogerlin/Library/Developer/Xcode/DerivedData/SDKStatCaches.noindex/macosx26.1-25B74-3ae1261907bdadc328169391a47051a6.sdkstatcache -Xcc -I/Users/rogerlin/Library/Developer/Xcode/DerivedData/FinancialCalculatorKit-ackorybalcxbfocbkqsfdzcfkgmn/Build/Intermediates.noindex/swift-case-paths.build/Debug/CasePaths.build/swift-overrides.hmap -Xcc -I/Users/rogerlin/Library/Developer/Xcode/DerivedData/FinancialCalculatorKit-ackorybalcxbfocbkqsfdzcfkgmn/Build/Products/Debug/include -Xcc -I/Users/rogerlin/Library/Developer/Xcode/DerivedData/FinancialCalculatorKit-ackorybalcxbfocbkqsfdzcfkgmn/Build/Intermediates.noindex/swift-case-paths.build/Debug/CasePaths.build/DerivedSources-normal/arm64 -Xcc -I/Users/rogerlin/Library/Developer/Xcode/DerivedData/FinancialCalculatorKit-ackorybalcxbfocbkqsfdzcfkgmn/Build/Intermediates.noindex/swift-case-paths.build/Debug/CasePaths.build/DerivedSources/arm64 -Xcc -I/Users/rogerlin/Library/Developer/Xcode/DerivedData/FinancialCalculatorKit-ackorybalcxbfocbkqsfdzcfkgmn/Build/Intermediates.noindex/swift-case-paths.build/Debug/CasePaths.build/DerivedSources -Xcc -DSWIFT_PACKAGE -Xcc -DDEBUG\=1 -no-auto-bridging-header-chaining -module-name CasePaths -package-name swift_case_paths -frontend-parseable-output -disable-clang-spi -target-sdk-version 26.1 -target-sdk-name macosx26.1 -clang-target arm64-apple-macos26.1 -in-process-plugin-server-path /Applications/Xcode.app/Contents/Developer/Toolchains/XcodeDefault.xctoolchain/usr/lib/swift/host/libSwiftInProcPluginServer.dylib -o /Users/rogerlin/Library/Developer/Xcode/DerivedData/FinancialCalculatorKit-ackorybalcxbfocbkqsfdzcfkgmn/Build/Intermediates.noindex/swift-case-paths.build/Debug/CasePaths.build/Objects-normal/arm64/LockIsolated.o -index-unit-output-path /swift-case-paths.build/Debug/CasePaths.build/Objects-normal/arm64/LockIsolated.o -index-store-path /Users/rogerlin/Library/Developer/Xcode/DerivedData/FinancialCalculatorKit-ackorybalcxbfocbkqsfdzcfkgmn/Index.noindex/DataStore -index-system-modules

SwiftCompile normal arm64 /Users/rogerlin/Library/Developer/Xcode/DerivedData/FinancialCalculatorKit-ackorybalcxbfocbkqsfdzcfkgmn/SourcePackages/checkouts/swift-case-paths/Sources/CasePaths/Internal/LockIsolated.swift (in target 'CasePaths' from project 'swift-case-paths')
    cd /Users/rogerlin/XCode-Projects/FinancialCalculatorKit-5.0-updated-accent-colors/FinancialCalculatorKit.xcodeproj
    

SwiftCompile normal arm64 Compiling\ Macros.swift /Users/rogerlin/Library/Developer/Xcode/DerivedData/FinancialCalculatorKit-ackorybalcxbfocbkqsfdzcfkgmn/SourcePackages/checkouts/swift-case-paths/Sources/CasePaths/Macros.swift (in target 'CasePaths' from project 'swift-case-paths')
/Applications/Xcode.app/Contents/Developer/Toolchains/XcodeDefault.xctoolchain/usr/bin/swift-frontend -frontend -c /Users/rogerlin/Library/Developer/Xcode/DerivedData/FinancialCalculatorKit-ackorybalcxbfocbkqsfdzcfkgmn/SourcePackages/checkouts/swift-case-paths/Sources/CasePaths/EnumReflection.swift /Users/rogerlin/Library/Developer/Xcode/DerivedData/FinancialCalculatorKit-ackorybalcxbfocbkqsfdzcfkgmn/SourcePackages/checkouts/swift-case-paths/Sources/CasePaths/Internal/Deprecations.swift /Users/rogerlin/Library/Developer/Xcode/DerivedData/FinancialCalculatorKit-ackorybalcxbfocbkqsfdzcfkgmn/SourcePackages/checkouts/swift-case-paths/Sources/CasePaths/Internal/Exports.swift /Users/rogerlin/Library/Developer/Xcode/DerivedData/FinancialCalculatorKit-ackorybalcxbfocbkqsfdzcfkgmn/SourcePackages/checkouts/swift-case-paths/Sources/CasePaths/Internal/LockIsolated.swift -primary-file /Users/rogerlin/Library/Developer/Xcode/DerivedData/FinancialCalculatorKit-ackorybalcxbfocbkqsfdzcfkgmn/SourcePackages/checkouts/swift-case-paths/Sources/CasePaths/Macros.swift /Users/rogerlin/Library/Developer/Xcode/DerivedData/FinancialCalculatorKit-ackorybalcxbfocbkqsfdzcfkgmn/SourcePackages/checkouts/swift-case-paths/Sources/CasePaths/XCTestSupport.swift -emit-dependencies-path /Users/rogerlin/Library/Developer/Xcode/DerivedData/FinancialCalculatorKit-ackorybalcxbfocbkqsfdzcfkgmn/Build/Intermediates.noindex/swift-case-paths.build/Debug/CasePaths.build/Objects-normal/arm64/Macros.d -emit-const-values-path /Users/rogerlin/Library/Developer/Xcode/DerivedData/FinancialCalculatorKit-ackorybalcxbfocbkqsfdzcfkgmn/Build/Intermediates.noindex/swift-case-paths.build/Debug/CasePaths.build/Objects-normal/arm64/Macros.swiftconstvalues -emit-reference-dependencies-path /Users/rogerlin/Library/Developer/Xcode/DerivedData/FinancialCalculatorKit-ackorybalcxbfocbkqsfdzcfkgmn/Build/Intermediates.noindex/swift-case-paths.build/Debug/CasePaths.build/Objects-normal/arm64/Macros.swiftdeps -serialize-diagnostics-path /Users/rogerlin/Library/Developer/Xcode/DerivedData/FinancialCalculatorKit-ackorybalcxbfocbkqsfdzcfkgmn/Build/Intermediates.noindex/swift-case-paths.build/Debug/CasePaths.build/Objects-normal/arm64/Macros.dia -target arm64-apple-macos10.15 -module-can-import-version ObjectiveC 951.1 0 -load-resolved-plugin \#/Users/rogerlin/Library/Developer/Xcode/DerivedData/FinancialCalculatorKit-ackorybalcxbfocbkqsfdzcfkgmn/Build/Products/Debug/CasePathsMacros\#CasePathsMacros -load-resolved-plugin /Applications/Xcode.app/Contents/Developer/Platforms/MacOSX.platform/Developer/usr/lib/swift/host/plugins/libFoundationMacros.dylib\#/Applications/Xcode.app/Contents/Developer/Platforms/MacOSX.platform/Developer/usr/bin/swift-plugin-server\#FoundationMacros -load-resolved-plugin /Applications/Xcode.app/Contents/Developer/Platforms/MacOSX.platform/Developer/usr/lib/swift/host/plugins/libObservationMacros.dylib\#/Applications/Xcode.app/Contents/Developer/Platforms/MacOSX.platform/Developer/usr/bin/swift-plugin-server\#ObservationMacros -load-resolved-plugin /Applications/Xcode.app/Contents/Developer/Platforms/MacOSX.platform/Developer/usr/lib/swift/host/plugins/libSwiftMacros.dylib\#/Applications/Xcode.app/Contents/Developer/Platforms/MacOSX.platform/Developer/usr/bin/swift-plugin-server\#SwiftMacros -disable-implicit-swift-modules -Xcc -fno-implicit-modules -Xcc -fno-implicit-module-maps -explicit-swift-module-map-file /Users/rogerlin/Library/Developer/Xcode/DerivedData/FinancialCalculatorKit-ackorybalcxbfocbkqsfdzcfkgmn/Build/Intermediates.noindex/swift-case-paths.build/Debug/CasePaths.build/Objects-normal/arm64/CasePaths-dependencies-1.json -Xllvm -aarch64-use-tbi -enable-objc-interop -stack-check -sdk /Applications/Xcode.app/Contents/Developer/Platforms/MacOSX.platform/Developer/SDKs/MacOSX26.1.sdk -I /Users/rogerlin/Library/Developer/Xcode/DerivedData/FinancialCalculatorKit-ackorybalcxbfocbkqsfdzcfkgmn/Build/Products/Debug -Isystem /Applications/Xcode.app/Contents/Developer/Platforms/MacOSX.platform/Developer/usr/lib -F /Users/rogerlin/Library/Developer/Xcode/DerivedData/FinancialCalculatorKit-ackorybalcxbfocbkqsfdzcfkgmn/Build/Products/Debug/PackageFrameworks -F /Users/rogerlin/Library/Developer/Xcode/DerivedData/FinancialCalculatorKit-ackorybalcxbfocbkqsfdzcfkgmn/Build/Products/Debug/PackageFrameworks -F /Users/rogerlin/Library/Developer/Xcode/DerivedData/FinancialCalculatorKit-ackorybalcxbfocbkqsfdzcfkgmn/Build/Products/Debug/PackageFrameworks -F /Users/rogerlin/Library/Developer/Xcode/DerivedData/FinancialCalculatorKit-ackorybalcxbfocbkqsfdzcfkgmn/Build/Products/Debug -F /Applications/Xcode.app/Contents/Developer/Platforms/MacOSX.platform/Developer/Library/Frameworks -no-color-diagnostics -Xcc -fno-color-diagnostics -enable-testing -g -debug-info-format\=dwarf -dwarf-version\=4 -module-cache-path /Users/rogerlin/Library/Developer/Xcode/DerivedData/FinancialCalculatorKit-ackorybalcxbfocbkqsfdzcfkgmn/Build/Intermediates.noindex/SwiftExplicitPrecompiledModules -suppress-warnings -profile-generate -profile-coverage-mapping -swift-version 6 -enforce-exclusivity\=checked -Onone -D SWIFT_PACKAGE -D DEBUG -D SWIFT_MODULE_RESOURCE_BUNDLE_UNAVAILABLE -D Xcode -serialize-debugging-options -load-plugin-executable /Users/rogerlin/Library/Developer/Xcode/DerivedData/FinancialCalculatorKit-ackorybalcxbfocbkqsfdzcfkgmn/Build/Products/Debug/CasePathsMacros\#CasePathsMacros -const-gather-protocols-file /Users/rogerlin/Library/Developer/Xcode/DerivedData/FinancialCalculatorKit-ackorybalcxbfocbkqsfdzcfkgmn/Build/Intermediates.noindex/swift-case-paths.build/Debug/CasePaths.build/Objects-normal/arm64/CasePaths_const_extract_protocols.json -enable-experimental-feature DebugDescriptionMacro -empty-abi-descriptor -user-module-version 1.7.0 -validate-clang-modules-once -clang-build-session-file /Users/rogerlin/Library/Developer/Xcode/DerivedData/ModuleCache.noindex/Session.modulevalidation -Xcc -working-directory -Xcc /Users/rogerlin/XCode-Projects/FinancialCalculatorKit-5.0-updated-accent-colors/FinancialCalculatorKit.xcodeproj -enable-anonymous-context-mangled-names -file-compilation-dir /Users/rogerlin/XCode-Projects/FinancialCalculatorKit-5.0-updated-accent-colors/FinancialCalculatorKit.xcodeproj -Xcc -D_LIBCPP_HARDENING_MODE\=_LIBCPP_HARDENING_MODE_DEBUG -Xcc -ivfsstatcache -Xcc /Users/rogerlin/Library/Developer/Xcode/DerivedData/SDKStatCaches.noindex/macosx26.1-25B74-3ae1261907bdadc328169391a47051a6.sdkstatcache -Xcc -I/Users/rogerlin/Library/Developer/Xcode/DerivedData/FinancialCalculatorKit-ackorybalcxbfocbkqsfdzcfkgmn/Build/Intermediates.noindex/swift-case-paths.build/Debug/CasePaths.build/swift-overrides.hmap -Xcc -I/Users/rogerlin/Library/Developer/Xcode/DerivedData/FinancialCalculatorKit-ackorybalcxbfocbkqsfdzcfkgmn/Build/Products/Debug/include -Xcc -I/Users/rogerlin/Library/Developer/Xcode/DerivedData/FinancialCalculatorKit-ackorybalcxbfocbkqsfdzcfkgmn/Build/Intermediates.noindex/swift-case-paths.build/Debug/CasePaths.build/DerivedSources-normal/arm64 -Xcc -I/Users/rogerlin/Library/Developer/Xcode/DerivedData/FinancialCalculatorKit-ackorybalcxbfocbkqsfdzcfkgmn/Build/Intermediates.noindex/swift-case-paths.build/Debug/CasePaths.build/DerivedSources/arm64 -Xcc -I/Users/rogerlin/Library/Developer/Xcode/DerivedData/FinancialCalculatorKit-ackorybalcxbfocbkqsfdzcfkgmn/Build/Intermediates.noindex/swift-case-paths.build/Debug/CasePaths.build/DerivedSources -Xcc -DSWIFT_PACKAGE -Xcc -DDEBUG\=1 -no-auto-bridging-header-chaining -module-name CasePaths -package-name swift_case_paths -frontend-parseable-output -disable-clang-spi -target-sdk-version 26.1 -target-sdk-name macosx26.1 -clang-target arm64-apple-macos26.1 -in-process-plugin-server-path /Applications/Xcode.app/Contents/Developer/Toolchains/XcodeDefault.xctoolchain/usr/lib/swift/host/libSwiftInProcPluginServer.dylib -o /Users/rogerlin/Library/Developer/Xcode/DerivedData/FinancialCalculatorKit-ackorybalcxbfocbkqsfdzcfkgmn/Build/Intermediates.noindex/swift-case-paths.build/Debug/CasePaths.build/Objects-normal/arm64/Macros.o -index-unit-output-path /swift-case-paths.build/Debug/CasePaths.build/Objects-normal/arm64/Macros.o -index-store-path /Users/rogerlin/Library/Developer/Xcode/DerivedData/FinancialCalculatorKit-ackorybalcxbfocbkqsfdzcfkgmn/Index.noindex/DataStore -index-system-modules

SwiftCompile normal arm64 /Users/rogerlin/Library/Developer/Xcode/DerivedData/FinancialCalculatorKit-ackorybalcxbfocbkqsfdzcfkgmn/SourcePackages/checkouts/swift-case-paths/Sources/CasePaths/Macros.swift (in target 'CasePaths' from project 'swift-case-paths')
    cd /Users/rogerlin/XCode-Projects/FinancialCalculatorKit-5.0-updated-accent-colors/FinancialCalculatorKit.xcodeproj
    

SwiftDriverJobDiscovery normal arm64 Compiling EnvironmentValues+Extensions.swift, Font+Extensions.swift, Image+Extensions.swift (in target 'LaTeXSwiftUI' from project 'LaTeXSwiftUI')

SwiftDriver\ Compilation LaTeXSwiftUI normal arm64 com.apple.xcode.tools.swift.compiler (in target 'LaTeXSwiftUI' from project 'LaTeXSwiftUI')
    cd /Users/rogerlin/XCode-Projects/FinancialCalculatorKit-5.0-updated-accent-colors/FinancialCalculatorKit.xcodeproj
    builtin-Swift-Compilation -- /Applications/Xcode.app/Contents/Developer/Toolchains/XcodeDefault.xctoolchain/usr/bin/swiftc -module-name LaTeXSwiftUI -Onone -enforce-exclusivity\=checked @/Users/rogerlin/Library/Developer/Xcode/DerivedData/FinancialCalculatorKit-ackorybalcxbfocbkqsfdzcfkgmn/Build/Intermediates.noindex/LaTeXSwiftUI.build/Debug/LaTeXSwiftUI.build/Objects-normal/arm64/LaTeXSwiftUI.SwiftFileList -DSWIFT_PACKAGE -DDEBUG -DSWIFT_MODULE_RESOURCE_BUNDLE_UNAVAILABLE -DXcode -plugin-path /Applications/Xcode.app/Contents/Developer/Toolchains/XcodeDefault.xctoolchain/usr/lib/swift/host/plugins/testing -enable-experimental-feature DebugDescriptionMacro -sdk /Applications/Xcode.app/Contents/Developer/Platforms/MacOSX.platform/Developer/SDKs/MacOSX26.1.sdk -target arm64-apple-macos12.0 -g -module-cache-path /Users/rogerlin/Library/Developer/Xcode/DerivedData/ModuleCache.noindex -Xfrontend -serialize-debugging-options -profile-coverage-mapping -profile-generate -enable-testing -suppress-warnings -index-store-path /Users/rogerlin/Library/Developer/Xcode/DerivedData/FinancialCalculatorKit-ackorybalcxbfocbkqsfdzcfkgmn/Index.noindex/DataStore -Xcc -D_LIBCPP_HARDENING_MODE\=_LIBCPP_HARDENING_MODE_DEBUG -swift-version 5 -I /Users/rogerlin/Library/Developer/Xcode/DerivedData/FinancialCalculatorKit-ackorybalcxbfocbkqsfdzcfkgmn/Build/Products/Debug -Isystem /Applications/Xcode.app/Contents/Developer/Platforms/MacOSX.platform/Developer/usr/lib -F /Users/rogerlin/Library/Developer/Xcode/DerivedData/FinancialCalculatorKit-ackorybalcxbfocbkqsfdzcfkgmn/Build/Products/Debug/PackageFrameworks -F /Users/rogerlin/Library/Developer/Xcode/DerivedData/FinancialCalculatorKit-ackorybalcxbfocbkqsfdzcfkgmn/Build/Products/Debug/PackageFrameworks -F /Users/rogerlin/Library/Developer/Xcode/DerivedData/FinancialCalculatorKit-ackorybalcxbfocbkqsfdzcfkgmn/Build/Products/Debug/PackageFrameworks -F /Users/rogerlin/Library/Developer/Xcode/DerivedData/FinancialCalculatorKit-ackorybalcxbfocbkqsfdzcfkgmn/Build/Products/Debug/PackageFrameworks -F /Users/rogerlin/Library/Developer/Xcode/DerivedData/FinancialCalculatorKit-ackorybalcxbfocbkqsfdzcfkgmn/Build/Products/Debug -F /Applications/Xcode.app/Contents/Developer/Platforms/MacOSX.platform/Developer/Library/Frameworks -c -j16 -enable-batch-mode -incremental -Xcc -ivfsstatcache -Xcc /Users/rogerlin/Library/Developer/Xcode/DerivedData/SDKStatCaches.noindex/macosx26.1-25B74-3ae1261907bdadc328169391a47051a6.sdkstatcache -output-file-map /Users/rogerlin/Library/Developer/Xcode/DerivedData/FinancialCalculatorKit-ackorybalcxbfocbkqsfdzcfkgmn/Build/Intermediates.noindex/LaTeXSwiftUI.build/Debug/LaTeXSwiftUI.build/Objects-normal/arm64/LaTeXSwiftUI-OutputFileMap.json -use-frontend-parseable-output -save-temps -no-color-diagnostics -explicit-module-build -module-cache-path /Users/rogerlin/Library/Developer/Xcode/DerivedData/FinancialCalculatorKit-ackorybalcxbfocbkqsfdzcfkgmn/Build/Intermediates.noindex/SwiftExplicitPrecompiledModules -clang-scanner-module-cache-path /Users/rogerlin/Library/Developer/Xcode/DerivedData/ModuleCache.noindex -sdk-module-cache-path /Users/rogerlin/Library/Developer/Xcode/DerivedData/ModuleCache.noindex -serialize-diagnostics -emit-dependencies -emit-module -emit-module-path /Users/rogerlin/Library/Developer/Xcode/DerivedData/FinancialCalculatorKit-ackorybalcxbfocbkqsfdzcfkgmn/Build/Intermediates.noindex/LaTeXSwiftUI.build/Debug/LaTeXSwiftUI.build/Objects-normal/arm64/LaTeXSwiftUI.swiftmodule -validate-clang-modules-once -clang-build-session-file /Users/rogerlin/Library/Developer/Xcode/DerivedData/ModuleCache.noindex/Session.modulevalidation -Xcc -I/Users/rogerlin/Library/Developer/Xcode/DerivedData/FinancialCalculatorKit-ackorybalcxbfocbkqsfdzcfkgmn/Build/Intermediates.noindex/LaTeXSwiftUI.build/Debug/LaTeXSwiftUI.build/swift-overrides.hmap -emit-const-values -Xfrontend -const-gather-protocols-file -Xfrontend /Users/rogerlin/Library/Developer/Xcode/DerivedData/FinancialCalculatorKit-ackorybalcxbfocbkqsfdzcfkgmn/Build/Intermediates.noindex/LaTeXSwiftUI.build/Debug/LaTeXSwiftUI.build/Objects-normal/arm64/LaTeXSwiftUI_const_extract_protocols.json -Xcc -I/Users/rogerlin/Library/Developer/Xcode/DerivedData/FinancialCalculatorKit-ackorybalcxbfocbkqsfdzcfkgmn/Build/Products/Debug/include -Xcc -I/Users/rogerlin/Library/Developer/Xcode/DerivedData/FinancialCalculatorKit-ackorybalcxbfocbkqsfdzcfkgmn/Build/Intermediates.noindex/LaTeXSwiftUI.build/Debug/LaTeXSwiftUI.build/DerivedSources-normal/arm64 -Xcc -I/Users/rogerlin/Library/Developer/Xcode/DerivedData/FinancialCalculatorKit-ackorybalcxbfocbkqsfdzcfkgmn/Build/Intermediates.noindex/LaTeXSwiftUI.build/Debug/LaTeXSwiftUI.build/DerivedSources/arm64 -Xcc -I/Users/rogerlin/Library/Developer/Xcode/DerivedData/FinancialCalculatorKit-ackorybalcxbfocbkqsfdzcfkgmn/Build/Intermediates.noindex/LaTeXSwiftUI.build/Debug/LaTeXSwiftUI.build/DerivedSources -Xcc -DSWIFT_PACKAGE -Xcc -DDEBUG\=1 -emit-objc-header -emit-objc-header-path /Users/rogerlin/Library/Developer/Xcode/DerivedData/FinancialCalculatorKit-ackorybalcxbfocbkqsfdzcfkgmn/Build/Intermediates.noindex/LaTeXSwiftUI.build/Debug/LaTeXSwiftUI.build/Objects-normal/arm64/LaTeXSwiftUI-Swift.h -working-directory /Users/rogerlin/XCode-Projects/FinancialCalculatorKit-5.0-updated-accent-colors/FinancialCalculatorKit.xcodeproj -experimental-emit-module-separately -disable-cmo

    Task input dependencies:
        /Users/rogerlin/Library/Developer/Xcode/DerivedData/FinancialCalculatorKit-ackorybalcxbfocbkqsfdzcfkgmn/SourcePackages/checkouts/LaTeXSwiftUI/Sources/LaTeXSwiftUI/Extensions/EnvironmentValues+Extensions.swift
        /Users/rogerlin/Library/Developer/Xcode/DerivedData/FinancialCalculatorKit-ackorybalcxbfocbkqsfdzcfkgmn/SourcePackages/checkouts/LaTeXSwiftUI/Sources/LaTeXSwiftUI/Extensions/Font+Extensions.swift
        /Users/rogerlin/Library/Developer/Xcode/DerivedData/FinancialCalculatorKit-ackorybalcxbfocbkqsfdzcfkgmn/SourcePackages/checkouts/LaTeXSwiftUI/Sources/LaTeXSwiftUI/Extensions/Image+Extensions.swift
        /Users/rogerlin/Library/Developer/Xcode/DerivedData/FinancialCalculatorKit-ackorybalcxbfocbkqsfdzcfkgmn/SourcePackages/checkouts/LaTeXSwiftUI/Sources/LaTeXSwiftUI/Extensions/MathJax+Extensions.swift
        /Users/rogerlin/Library/Developer/Xcode/DerivedData/FinancialCalculatorKit-ackorybalcxbfocbkqsfdzcfkgmn/SourcePackages/checkouts/LaTeXSwiftUI/Sources/LaTeXSwiftUI/Extensions/NSImage+Extensions.swift
        /Users/rogerlin/Library/Developer/Xcode/DerivedData/FinancialCalculatorKit-ackorybalcxbfocbkqsfdzcfkgmn/SourcePackages/checkouts/LaTeXSwiftUI/Sources/LaTeXSwiftUI/Extensions/Range+Extensions.swift
        /Users/rogerlin/Library/Developer/Xcode/DerivedData/FinancialCalculatorKit-ackorybalcxbfocbkqsfdzcfkgmn/SourcePackages/checkouts/LaTeXSwiftUI/Sources/LaTeXSwiftUI/Extensions/TeXInputProcessorOptions+Extensions.swift
        /Users/rogerlin/Library/Developer/Xcode/DerivedData/FinancialCalculatorKit-ackorybalcxbfocbkqsfdzcfkgmn/SourcePackages/checkouts/LaTeXSwiftUI/Sources/LaTeXSwiftUI/Extensions/View+Extensions.swift
        /Users/rogerlin/Library/Developer/Xcode/DerivedData/FinancialCalculatorKit-ackorybalcxbfocbkqsfdzcfkgmn/SourcePackages/checkouts/LaTeXSwiftUI/Sources/LaTeXSwiftUI/LaTeX.swift
        /Users/rogerlin/Library/Developer/Xcode/DerivedData/FinancialCalculatorKit-ackorybalcxbfocbkqsfdzcfkgmn/SourcePackages/checkouts/LaTeXSwiftUI/Sources/LaTeXSwiftUI/Models/Aliases.swift
        /Users/rogerlin/Library/Developer/Xcode/DerivedData/FinancialCalculatorKit-ackorybalcxbfocbkqsfdzcfkgmn/SourcePackages/checkouts/LaTeXSwiftUI/Sources/LaTeXSwiftUI/Models/Cache.swift
        /Users/rogerlin/Library/Developer/Xcode/DerivedData/FinancialCalculatorKit-ackorybalcxbfocbkqsfdzcfkgmn/SourcePackages/checkouts/LaTeXSwiftUI/Sources/LaTeXSwiftUI/Models/Component.swift
        /Users/rogerlin/Library/Developer/Xcode/DerivedData/FinancialCalculatorKit-ackorybalcxbfocbkqsfdzcfkgmn/SourcePackages/checkouts/LaTeXSwiftUI/Sources/LaTeXSwiftUI/Models/ComponentBlock.swift
        /Users/rogerlin/Library/Developer/Xcode/DerivedData/FinancialCalculatorKit-ackorybalcxbfocbkqsfdzcfkgmn/SourcePackages/checkouts/LaTeXSwiftUI/Sources/LaTeXSwiftUI/Models/HashableCGRect.swift
        /Users/rogerlin/Library/Developer/Xcode/DerivedData/FinancialCalculatorKit-ackorybalcxbfocbkqsfdzcfkgmn/SourcePackages/checkouts/LaTeXSwiftUI/Sources/LaTeXSwiftUI/Models/HashableCGSize.swift
        /Users/rogerlin/Library/Developer/Xcode/DerivedData/FinancialCalculatorKit-ackorybalcxbfocbkqsfdzcfkgmn/SourcePackages/checkouts/LaTeXSwiftUI/Sources/LaTeXSwiftUI/Models/ImageContainer.swift
        /Users/rogerlin/Library/Developer/Xcode/DerivedData/FinancialCalculatorKit-ackorybalcxbfocbkqsfdzcfkgmn/SourcePackages/checkouts/LaTeXSwiftUI/Sources/LaTeXSwiftUI/Models/Parser.swift
        /Users/rogerlin/Library/Developer/Xcode/DerivedData/FinancialCalculatorKit-ackorybalcxbfocbkqsfdzcfkgmn/SourcePackages/checkouts/LaTeXSwiftUI/Sources/LaTeXSwiftUI/Models/Renderer.swift
        /Users/rogerlin/Library/Developer/Xcode/DerivedData/FinancialCalculatorKit-ackorybalcxbfocbkqsfdzcfkgmn/SourcePackages/checkouts/LaTeXSwiftUI/Sources/LaTeXSwiftUI/Models/SVG.swift
        /Users/rogerlin/Library/Developer/Xcode/DerivedData/FinancialCalculatorKit-ackorybalcxbfocbkqsfdzcfkgmn/SourcePackages/checkouts/LaTeXSwiftUI/Sources/LaTeXSwiftUI/Models/SVGGeometry.swift
        /Users/rogerlin/Library/Developer/Xcode/DerivedData/FinancialCalculatorKit-ackorybalcxbfocbkqsfdzcfkgmn/SourcePackages/checkouts/LaTeXSwiftUI/Sources/LaTeXSwiftUI/Previews/LaTeX_Previews+Color.swift
        /Users/rogerlin/Library/Developer/Xcode/DerivedData/FinancialCalculatorKit-ackorybalcxbfocbkqsfdzcfkgmn/SourcePackages/checkouts/LaTeXSwiftUI/Sources/LaTeXSwiftUI/Previews/LaTeX_Previews+Fonts.swift
        /Users/rogerlin/Library/Developer/Xcode/DerivedData/FinancialCalculatorKit-ackorybalcxbfocbkqsfdzcfkgmn/SourcePackages/checkouts/LaTeXSwiftUI/Sources/LaTeXSwiftUI/Previews/LaTeX_Previews+Modes.swift
        /Users/rogerlin/Library/Developer/Xcode/DerivedData/FinancialCalculatorKit-ackorybalcxbfocbkqsfdzcfkgmn/SourcePackages/checkouts/LaTeXSwiftUI/Sources/LaTeXSwiftUI/Previews/LaTeX_Previews+Numbers.swift
        /Users/rogerlin/Library/Developer/Xcode/DerivedData/FinancialCalculatorKit-ackorybalcxbfocbkqsfdzcfkgmn/SourcePackages/checkouts/LaTeXSwiftUI/Sources/LaTeXSwiftUI/Previews/LaTeX_Previews+Special.swift
        /Users/rogerlin/Library/Developer/Xcode/DerivedData/FinancialCalculatorKit-ackorybalcxbfocbkqsfdzcfkgmn/SourcePackages/checkouts/LaTeXSwiftUI/Sources/LaTeXSwiftUI/Previews/LaTeX_Previews+Styles.swift
        /Users/rogerlin/Library/Developer/Xcode/DerivedData/FinancialCalculatorKit-ackorybalcxbfocbkqsfdzcfkgmn/SourcePackages/checkouts/LaTeXSwiftUI/Sources/LaTeXSwiftUI/Styles/DefaultLaTeXStyle.swift
        /Users/rogerlin/Library/Developer/Xcode/DerivedData/FinancialCalculatorKit-ackorybalcxbfocbkqsfdzcfkgmn/SourcePackages/checkouts/LaTeXSwiftUI/Sources/LaTeXSwiftUI/Styles/LaTeXStyle.swift
        /Users/rogerlin/Library/Developer/Xcode/DerivedData/FinancialCalculatorKit-ackorybalcxbfocbkqsfdzcfkgmn/SourcePackages/checkouts/LaTeXSwiftUI/Sources/LaTeXSwiftUI/Styles/StandardLaTeXStyle.swift
        /Users/rogerlin/Library/Developer/Xcode/DerivedData/FinancialCalculatorKit-ackorybalcxbfocbkqsfdzcfkgmn/SourcePackages/checkouts/LaTeXSwiftUI/Sources/LaTeXSwiftUI/Views/ComponentBlocksText.swift
        /Users/rogerlin/Library/Developer/Xcode/DerivedData/FinancialCalculatorKit-ackorybalcxbfocbkqsfdzcfkgmn/SourcePackages/checkouts/LaTeXSwiftUI/Sources/LaTeXSwiftUI/Views/ComponentBlocksViews.swift
        /Users/rogerlin/Library/Developer/Xcode/DerivedData/FinancialCalculatorKit-ackorybalcxbfocbkqsfdzcfkgmn/SourcePackages/checkouts/LaTeXSwiftUI/Sources/LaTeXSwiftUI/Views/EquationNumber.swift
        /Users/rogerlin/Library/Developer/Xcode/DerivedData/FinancialCalculatorKit-ackorybalcxbfocbkqsfdzcfkgmn/SourcePackages/checkouts/LaTeXSwiftUI/Sources/LaTeXSwiftUI/Views/HorizontalImageScroller.swift
        /Users/rogerlin/Library/Developer/Xcode/DerivedData/FinancialCalculatorKit-ackorybalcxbfocbkqsfdzcfkgmn/Build/Intermediates.noindex/LaTeXSwiftUI.build/Debug/LaTeXSwiftUI.build/Objects-normal/arm64/LaTeXSwiftUI.SwiftFileList
        /Users/rogerlin/Library/Developer/Xcode/DerivedData/FinancialCalculatorKit-ackorybalcxbfocbkqsfdzcfkgmn/Build/Intermediates.noindex/LaTeXSwiftUI.build/Debug/LaTeXSwiftUI.build/Objects-normal/arm64/LaTeXSwiftUI-OutputFileMap.json
        /Users/rogerlin/Library/Developer/Xcode/DerivedData/FinancialCalculatorKit-ackorybalcxbfocbkqsfdzcfkgmn/Build/Intermediates.noindex/LaTeXSwiftUI.build/Debug/LaTeXSwiftUI.build/Objects-normal/arm64/LaTeXSwiftUI_const_extract_protocols.json
        /Users/rogerlin/Library/Developer/Xcode/DerivedData/FinancialCalculatorKit-ackorybalcxbfocbkqsfdzcfkgmn/Build/Intermediates.noindex/GeneratedModuleMaps/LaTeXSwiftUI.modulemap
        /Users/rogerlin/Library/Developer/Xcode/DerivedData/FinancialCalculatorKit-ackorybalcxbfocbkqsfdzcfkgmn/SourcePackages/checkouts/LaTeXSwiftUI/Sources/LaTeXSwiftUI/Extensions/EnvironmentValues+Extensions.swift
        /Users/rogerlin/Library/Developer/Xcode/DerivedData/FinancialCalculatorKit-ackorybalcxbfocbkqsfdzcfkgmn/SourcePackages/checkouts/LaTeXSwiftUI/Sources/LaTeXSwiftUI/Extensions/Font+Extensions.swift
        /Users/rogerlin/Library/Developer/Xcode/DerivedData/FinancialCalculatorKit-ackorybalcxbfocbkqsfdzcfkgmn/SourcePackages/checkouts/LaTeXSwiftUI/Sources/LaTeXSwiftUI/Extensions/Image+Extensions.swift
        /Users/rogerlin/Library/Developer/Xcode/DerivedData/FinancialCalculatorKit-ackorybalcxbfocbkqsfdzcfkgmn/SourcePackages/checkouts/LaTeXSwiftUI/Sources/LaTeXSwiftUI/Extensions/MathJax+Extensions.swift
        /Users/rogerlin/Library/Developer/Xcode/DerivedData/FinancialCalculatorKit-ackorybalcxbfocbkqsfdzcfkgmn/SourcePackages/checkouts/LaTeXSwiftUI/Sources/LaTeXSwiftUI/Extensions/NSImage+Extensions.swift
        /Users/rogerlin/Library/Developer/Xcode/DerivedData/FinancialCalculatorKit-ackorybalcxbfocbkqsfdzcfkgmn/SourcePackages/checkouts/LaTeXSwiftUI/Sources/LaTeXSwiftUI/Extensions/Range+Extensions.swift
        /Users/rogerlin/Library/Developer/Xcode/DerivedData/FinancialCalculatorKit-ackorybalcxbfocbkqsfdzcfkgmn/SourcePackages/checkouts/LaTeXSwiftUI/Sources/LaTeXSwiftUI/Extensions/TeXInputProcessorOptions+Extensions.swift
        /Users/rogerlin/Library/Developer/Xcode/DerivedData/FinancialCalculatorKit-ackorybalcxbfocbkqsfdzcfkgmn/SourcePackages/checkouts/LaTeXSwiftUI/Sources/LaTeXSwiftUI/Extensions/View+Extensions.swift
        /Users/rogerlin/Library/Developer/Xcode/DerivedData/FinancialCalculatorKit-ackorybalcxbfocbkqsfdzcfkgmn/SourcePackages/checkouts/LaTeXSwiftUI/Sources/LaTeXSwiftUI/LaTeX.swift
        /Users/rogerlin/Library/Developer/Xcode/DerivedData/FinancialCalculatorKit-ackorybalcxbfocbkqsfdzcfkgmn/SourcePackages/checkouts/LaTeXSwiftUI/Sources/LaTeXSwiftUI/Models/Aliases.swift
        /Users/rogerlin/Library/Developer/Xcode/DerivedData/FinancialCalculatorKit-ackorybalcxbfocbkqsfdzcfkgmn/SourcePackages/checkouts/LaTeXSwiftUI/Sources/LaTeXSwiftUI/Models/Cache.swift
        /Users/rogerlin/Library/Developer/Xcode/DerivedData/FinancialCalculatorKit-ackorybalcxbfocbkqsfdzcfkgmn/SourcePackages/checkouts/LaTeXSwiftUI/Sources/LaTeXSwiftUI/Models/Component.swift
        /Users/rogerlin/Library/Developer/Xcode/DerivedData/FinancialCalculatorKit-ackorybalcxbfocbkqsfdzcfkgmn/SourcePackages/checkouts/LaTeXSwiftUI/Sources/LaTeXSwiftUI/Models/ComponentBlock.swift
        /Users/rogerlin/Library/Developer/Xcode/DerivedData/FinancialCalculatorKit-ackorybalcxbfocbkqsfdzcfkgmn/SourcePackages/checkouts/LaTeXSwiftUI/Sources/LaTeXSwiftUI/Models/HashableCGRect.swift
        /Users/rogerlin/Library/Developer/Xcode/DerivedData/FinancialCalculatorKit-ackorybalcxbfocbkqsfdzcfkgmn/SourcePackages/checkouts/LaTeXSwiftUI/Sources/LaTeXSwiftUI/Models/HashableCGSize.swift
        /Users/rogerlin/Library/Developer/Xcode/DerivedData/FinancialCalculatorKit-ackorybalcxbfocbkqsfdzcfkgmn/SourcePackages/checkouts/LaTeXSwiftUI/Sources/LaTeXSwiftUI/Models/ImageContainer.swift
        /Users/rogerlin/Library/Developer/Xcode/DerivedData/FinancialCalculatorKit-ackorybalcxbfocbkqsfdzcfkgmn/SourcePackages/checkouts/LaTeXSwiftUI/Sources/LaTeXSwiftUI/Models/Parser.swift
        /Users/rogerlin/Library/Developer/Xcode/DerivedData/FinancialCalculatorKit-ackorybalcxbfocbkqsfdzcfkgmn/SourcePackages/checkouts/LaTeXSwiftUI/Sources/LaTeXSwiftUI/Models/Renderer.swift
        /Users/rogerlin/Library/Developer/Xcode/DerivedData/FinancialCalculatorKit-ackorybalcxbfocbkqsfdzcfkgmn/SourcePackages/checkouts/LaTeXSwiftUI/Sources/LaTeXSwiftUI/Models/SVG.swift
        /Users/rogerlin/Library/Developer/Xcode/DerivedData/FinancialCalculatorKit-ackorybalcxbfocbkqsfdzcfkgmn/SourcePackages/checkouts/LaTeXSwiftUI/Sources/LaTeXSwiftUI/Models/SVGGeometry.swift
        /Users/rogerlin/Library/Developer/Xcode/DerivedData/FinancialCalculatorKit-ackorybalcxbfocbkqsfdzcfkgmn/SourcePackages/checkouts/LaTeXSwiftUI/Sources/LaTeXSwiftUI/Previews/LaTeX_Previews+Color.swift
        /Users/rogerlin/Library/Developer/Xcode/DerivedData/FinancialCalculatorKit-ackorybalcxbfocbkqsfdzcfkgmn/SourcePackages/checkouts/LaTeXSwiftUI/Sources/LaTeXSwiftUI/Previews/LaTeX_Previews+Fonts.swift
        /Users/rogerlin/Library/Developer/Xcode/DerivedData/FinancialCalculatorKit-ackorybalcxbfocbkqsfdzcfkgmn/SourcePackages/checkouts/LaTeXSwiftUI/Sources/LaTeXSwiftUI/Previews/LaTeX_Previews+Modes.swift
        /Users/rogerlin/Library/Developer/Xcode/DerivedData/FinancialCalculatorKit-ackorybalcxbfocbkqsfdzcfkgmn/SourcePackages/checkouts/LaTeXSwiftUI/Sources/LaTeXSwiftUI/Previews/LaTeX_Previews+Numbers.swift
        /Users/rogerlin/Library/Developer/Xcode/DerivedData/FinancialCalculatorKit-ackorybalcxbfocbkqsfdzcfkgmn/SourcePackages/checkouts/LaTeXSwiftUI/Sources/LaTeXSwiftUI/Previews/LaTeX_Previews+Special.swift
        /Users/rogerlin/Library/Developer/Xcode/DerivedData/FinancialCalculatorKit-ackorybalcxbfocbkqsfdzcfkgmn/SourcePackages/checkouts/LaTeXSwiftUI/Sources/LaTeXSwiftUI/Previews/LaTeX_Previews+Styles.swift
        /Users/rogerlin/Library/Developer/Xcode/DerivedData/FinancialCalculatorKit-ackorybalcxbfocbkqsfdzcfkgmn/SourcePackages/checkouts/LaTeXSwiftUI/Sources/LaTeXSwiftUI/Styles/DefaultLaTeXStyle.swift
        /Users/rogerlin/Library/Developer/Xcode/DerivedData/FinancialCalculatorKit-ackorybalcxbfocbkqsfdzcfkgmn/SourcePackages/checkouts/LaTeXSwiftUI/Sources/LaTeXSwiftUI/Styles/LaTeXStyle.swift
        /Users/rogerlin/Library/Developer/Xcode/DerivedData/FinancialCalculatorKit-ackorybalcxbfocbkqsfdzcfkgmn/SourcePackages/checkouts/LaTeXSwiftUI/Sources/LaTeXSwiftUI/Styles/StandardLaTeXStyle.swift
        /Users/rogerlin/Library/Developer/Xcode/DerivedData/FinancialCalculatorKit-ackorybalcxbfocbkqsfdzcfkgmn/SourcePackages/checkouts/LaTeXSwiftUI/Sources/LaTeXSwiftUI/Views/ComponentBlocksText.swift
        /Users/rogerlin/Library/Developer/Xcode/DerivedData/FinancialCalculatorKit-ackorybalcxbfocbkqsfdzcfkgmn/SourcePackages/checkouts/LaTeXSwiftUI/Sources/LaTeXSwiftUI/Views/ComponentBlocksViews.swift
        /Users/rogerlin/Library/Developer/Xcode/DerivedData/FinancialCalculatorKit-ackorybalcxbfocbkqsfdzcfkgmn/SourcePackages/checkouts/LaTeXSwiftUI/Sources/LaTeXSwiftUI/Views/EquationNumber.swift
        /Users/rogerlin/Library/Developer/Xcode/DerivedData/FinancialCalculatorKit-ackorybalcxbfocbkqsfdzcfkgmn/SourcePackages/checkouts/LaTeXSwiftUI/Sources/LaTeXSwiftUI/Views/HorizontalImageScroller.swift
        /Users/rogerlin/Library/Developer/Xcode/DerivedData/FinancialCalculatorKit-ackorybalcxbfocbkqsfdzcfkgmn/Build/Intermediates.noindex/LaTeXSwiftUI.build/Debug/LaTeXSwiftUI.build/Objects-normal/arm64/LaTeXSwiftUI.SwiftFileList
        /Users/rogerlin/Library/Developer/Xcode/DerivedData/FinancialCalculatorKit-ackorybalcxbfocbkqsfdzcfkgmn/Build/Intermediates.noindex/LaTeXSwiftUI.build/Debug/LaTeXSwiftUI.build/Objects-normal/arm64/LaTeXSwiftUI-OutputFileMap.json
        /Users/rogerlin/Library/Developer/Xcode/DerivedData/FinancialCalculatorKit-ackorybalcxbfocbkqsfdzcfkgmn/Build/Intermediates.noindex/LaTeXSwiftUI.build/Debug/LaTeXSwiftUI.build/Objects-normal/arm64/LaTeXSwiftUI_const_extract_protocols.json
        /Users/rogerlin/Library/Developer/Xcode/DerivedData/FinancialCalculatorKit-ackorybalcxbfocbkqsfdzcfkgmn/Build/Intermediates.noindex/GeneratedModuleMaps/LaTeXSwiftUI.modulemap
        <ClangStatCache /Users/rogerlin/Library/Developer/Xcode/DerivedData/SDKStatCaches.noindex/macosx26.1-25B74-3ae1261907bdadc328169391a47051a6.sdkstatcache>
        <target-LaTeXSwiftUI-PACKAGE-TARGET:LaTeXSwiftUI-SDKROOT:macosx:SDK_VARIANT:macos-generated-headers>
        <target-LaTeXSwiftUI-PACKAGE-TARGET:LaTeXSwiftUI-SDKROOT:macosx:SDK_VARIANT:macos-copy-headers-completion>
        <target-LaTeXSwiftUI-PACKAGE-TARGET:LaTeXSwiftUI-SDKROOT:macosx:SDK_VARIANT:macos-ModuleVerifierTaskProducer>
        <target-LaTeXSwiftUI-PACKAGE-TARGET:LaTeXSwiftUI-SDKROOT:macosx:SDK_VARIANT:macos-begin-compiling>
        <WorkspaceHeaderMapVFSFilesWritten>

    Task output dependencies:
        /Users/rogerlin/Library/Developer/Xcode/DerivedData/FinancialCalculatorKit-ackorybalcxbfocbkqsfdzcfkgmn/Build/Intermediates.noindex/LaTeXSwiftUI.build/Debug/LaTeXSwiftUI.build/Objects-normal/arm64/LaTeXSwiftUI Swift Compilation Finished
        /Users/rogerlin/Library/Developer/Xcode/DerivedData/FinancialCalculatorKit-ackorybalcxbfocbkqsfdzcfkgmn/Build/Intermediates.noindex/LaTeXSwiftUI.build/Debug/LaTeXSwiftUI.build/Objects-normal/arm64/EnvironmentValues+Extensions.o
        /Users/rogerlin/Library/Developer/Xcode/DerivedData/FinancialCalculatorKit-ackorybalcxbfocbkqsfdzcfkgmn/Build/Intermediates.noindex/LaTeXSwiftUI.build/Debug/LaTeXSwiftUI.build/Objects-normal/arm64/Font+Extensions.o
        /Users/rogerlin/Library/Developer/Xcode/DerivedData/FinancialCalculatorKit-ackorybalcxbfocbkqsfdzcfkgmn/Build/Intermediates.noindex/LaTeXSwiftUI.build/Debug/LaTeXSwiftUI.build/Objects-normal/arm64/Image+Extensions.o
        /Users/rogerlin/Library/Developer/Xcode/DerivedData/FinancialCalculatorKit-ackorybalcxbfocbkqsfdzcfkgmn/Build/Intermediates.noindex/LaTeXSwiftUI.build/Debug/LaTeXSwiftUI.build/Objects-normal/arm64/MathJax+Extensions.o
        /Users/rogerlin/Library/Developer/Xcode/DerivedData/FinancialCalculatorKit-ackorybalcxbfocbkqsfdzcfkgmn/Build/Intermediates.noindex/LaTeXSwiftUI.build/Debug/LaTeXSwiftUI.build/Objects-normal/arm64/NSImage+Extensions.o
        /Users/rogerlin/Library/Developer/Xcode/DerivedData/FinancialCalculatorKit-ackorybalcxbfocbkqsfdzcfkgmn/Build/Intermediates.noindex/LaTeXSwiftUI.build/Debug/LaTeXSwiftUI.build/Objects-normal/arm64/Range+Extensions.o
        /Users/rogerlin/Library/Developer/Xcode/DerivedData/FinancialCalculatorKit-ackorybalcxbfocbkqsfdzcfkgmn/Build/Intermediates.noindex/LaTeXSwiftUI.build/Debug/LaTeXSwiftUI.build/Objects-normal/arm64/TeXInputProcessorOptions+Extensions.o
        /Users/rogerlin/Library/Developer/Xcode/DerivedData/FinancialCalculatorKit-ackorybalcxbfocbkqsfdzcfkgmn/Build/Intermediates.noindex/LaTeXSwiftUI.build/Debug/LaTeXSwiftUI.build/Objects-normal/arm64/View+Extensions.o
        /Users/rogerlin/Library/Developer/Xcode/DerivedData/FinancialCalculatorKit-ackorybalcxbfocbkqsfdzcfkgmn/Build/Intermediates.noindex/LaTeXSwiftUI.build/Debug/LaTeXSwiftUI.build/Objects-normal/arm64/LaTeX.o
        /Users/rogerlin/Library/Developer/Xcode/DerivedData/FinancialCalculatorKit-ackorybalcxbfocbkqsfdzcfkgmn/Build/Intermediates.noindex/LaTeXSwiftUI.build/Debug/LaTeXSwiftUI.build/Objects-normal/arm64/Aliases.o
        /Users/rogerlin/Library/Developer/Xcode/DerivedData/FinancialCalculatorKit-ackorybalcxbfocbkqsfdzcfkgmn/Build/Intermediates.noindex/LaTeXSwiftUI.build/Debug/LaTeXSwiftUI.build/Objects-normal/arm64/Cache.o
        /Users/rogerlin/Library/Developer/Xcode/DerivedData/FinancialCalculatorKit-ackorybalcxbfocbkqsfdzcfkgmn/Build/Intermediates.noindex/LaTeXSwiftUI.build/Debug/LaTeXSwiftUI.build/Objects-normal/arm64/Component.o
        /Users/rogerlin/Library/Developer/Xcode/DerivedData/FinancialCalculatorKit-ackorybalcxbfocbkqsfdzcfkgmn/Build/Intermediates.noindex/LaTeXSwiftUI.build/Debug/LaTeXSwiftUI.build/Objects-normal/arm64/ComponentBlock.o
        /Users/rogerlin/Library/Developer/Xcode/DerivedData/FinancialCalculatorKit-ackorybalcxbfocbkqsfdzcfkgmn/Build/Intermediates.noindex/LaTeXSwiftUI.build/Debug/LaTeXSwiftUI.build/Objects-normal/arm64/HashableCGRect.o
        /Users/rogerlin/Library/Developer/Xcode/DerivedData/FinancialCalculatorKit-ackorybalcxbfocbkqsfdzcfkgmn/Build/Intermediates.noindex/LaTeXSwiftUI.build/Debug/LaTeXSwiftUI.build/Objects-normal/arm64/HashableCGSize.o
        /Users/rogerlin/Library/Developer/Xcode/DerivedData/FinancialCalculatorKit-ackorybalcxbfocbkqsfdzcfkgmn/Build/Intermediates.noindex/LaTeXSwiftUI.build/Debug/LaTeXSwiftUI.build/Objects-normal/arm64/ImageContainer.o
        /Users/rogerlin/Library/Developer/Xcode/DerivedData/FinancialCalculatorKit-ackorybalcxbfocbkqsfdzcfkgmn/Build/Intermediates.noindex/LaTeXSwiftUI.build/Debug/LaTeXSwiftUI.build/Objects-normal/arm64/Parser.o
        /Users/rogerlin/Library/Developer/Xcode/DerivedData/FinancialCalculatorKit-ackorybalcxbfocbkqsfdzcfkgmn/Build/Intermediates.noindex/LaTeXSwiftUI.build/Debug/LaTeXSwiftUI.build/Objects-normal/arm64/Renderer.o
        /Users/rogerlin/Library/Developer/Xcode/DerivedData/FinancialCalculatorKit-ackorybalcxbfocbkqsfdzcfkgmn/Build/Intermediates.noindex/LaTeXSwiftUI.build/Debug/LaTeXSwiftUI.build/Objects-normal/arm64/SVG.o
        /Users/rogerlin/Library/Developer/Xcode/DerivedData/FinancialCalculatorKit-ackorybalcxbfocbkqsfdzcfkgmn/Build/Intermediates.noindex/LaTeXSwiftUI.build/Debug/LaTeXSwiftUI.build/Objects-normal/arm64/SVGGeometry.o
        /Users/rogerlin/Library/Developer/Xcode/DerivedData/FinancialCalculatorKit-ackorybalcxbfocbkqsfdzcfkgmn/Build/Intermediates.noindex/LaTeXSwiftUI.build/Debug/LaTeXSwiftUI.build/Objects-normal/arm64/LaTeX_Previews+Color.o
        /Users/rogerlin/Library/Developer/Xcode/DerivedData/FinancialCalculatorKit-ackorybalcxbfocbkqsfdzcfkgmn/Build/Intermediates.noindex/LaTeXSwiftUI.build/Debug/LaTeXSwiftUI.build/Objects-normal/arm64/LaTeX_Previews+Fonts.o
        /Users/rogerlin/Library/Developer/Xcode/DerivedData/FinancialCalculatorKit-ackorybalcxbfocbkqsfdzcfkgmn/Build/Intermediates.noindex/LaTeXSwiftUI.build/Debug/LaTeXSwiftUI.build/Objects-normal/arm64/LaTeX_Previews+Modes.o
        /Users/rogerlin/Library/Developer/Xcode/DerivedData/FinancialCalculatorKit-ackorybalcxbfocbkqsfdzcfkgmn/Build/Intermediates.noindex/LaTeXSwiftUI.build/Debug/LaTeXSwiftUI.build/Objects-normal/arm64/LaTeX_Previews+Numbers.o
        /Users/rogerlin/Library/Developer/Xcode/DerivedData/FinancialCalculatorKit-ackorybalcxbfocbkqsfdzcfkgmn/Build/Intermediates.noindex/LaTeXSwiftUI.build/Debug/LaTeXSwiftUI.build/Objects-normal/arm64/LaTeX_Previews+Special.o
        /Users/rogerlin/Library/Developer/Xcode/DerivedData/FinancialCalculatorKit-ackorybalcxbfocbkqsfdzcfkgmn/Build/Intermediates.noindex/LaTeXSwiftUI.build/Debug/LaTeXSwiftUI.build/Objects-normal/arm64/LaTeX_Previews+Styles.o
        /Users/rogerlin/Library/Developer/Xcode/DerivedData/FinancialCalculatorKit-ackorybalcxbfocbkqsfdzcfkgmn/Build/Intermediates.noindex/LaTeXSwiftUI.build/Debug/LaTeXSwiftUI.build/Objects-normal/arm64/DefaultLaTeXStyle.o
        /Users/rogerlin/Library/Developer/Xcode/DerivedData/FinancialCalculatorKit-ackorybalcxbfocbkqsfdzcfkgmn/Build/Intermediates.noindex/LaTeXSwiftUI.build/Debug/LaTeXSwiftUI.build/Objects-normal/arm64/LaTeXStyle.o
        /Users/rogerlin/Library/Developer/Xcode/DerivedData/FinancialCalculatorKit-ackorybalcxbfocbkqsfdzcfkgmn/Build/Intermediates.noindex/LaTeXSwiftUI.build/Debug/LaTeXSwiftUI.build/Objects-normal/arm64/StandardLaTeXStyle.o
        /Users/rogerlin/Library/Developer/Xcode/DerivedData/FinancialCalculatorKit-ackorybalcxbfocbkqsfdzcfkgmn/Build/Intermediates.noindex/LaTeXSwiftUI.build/Debug/LaTeXSwiftUI.build/Objects-normal/arm64/ComponentBlocksText.o
        /Users/rogerlin/Library/Developer/Xcode/DerivedData/FinancialCalculatorKit-ackorybalcxbfocbkqsfdzcfkgmn/Build/Intermediates.noindex/LaTeXSwiftUI.build/Debug/LaTeXSwiftUI.build/Objects-normal/arm64/ComponentBlocksViews.o
        /Users/rogerlin/Library/Developer/Xcode/DerivedData/FinancialCalculatorKit-ackorybalcxbfocbkqsfdzcfkgmn/Build/Intermediates.noindex/LaTeXSwiftUI.build/Debug/LaTeXSwiftUI.build/Objects-normal/arm64/EquationNumber.o
        /Users/rogerlin/Library/Developer/Xcode/DerivedData/FinancialCalculatorKit-ackorybalcxbfocbkqsfdzcfkgmn/Build/Intermediates.noindex/LaTeXSwiftUI.build/Debug/LaTeXSwiftUI.build/Objects-normal/arm64/HorizontalImageScroller.o
        /Users/rogerlin/Library/Developer/Xcode/DerivedData/FinancialCalculatorKit-ackorybalcxbfocbkqsfdzcfkgmn/Build/Intermediates.noindex/LaTeXSwiftUI.build/Debug/LaTeXSwiftUI.build/Objects-normal/arm64/EnvironmentValues+Extensions.swiftconstvalues
        /Users/rogerlin/Library/Developer/Xcode/DerivedData/FinancialCalculatorKit-ackorybalcxbfocbkqsfdzcfkgmn/Build/Intermediates.noindex/LaTeXSwiftUI.build/Debug/LaTeXSwiftUI.build/Objects-normal/arm64/Font+Extensions.swiftconstvalues
        /Users/rogerlin/Library/Developer/Xcode/DerivedData/FinancialCalculatorKit-ackorybalcxbfocbkqsfdzcfkgmn/Build/Intermediates.noindex/LaTeXSwiftUI.build/Debug/LaTeXSwiftUI.build/Objects-normal/arm64/Image+Extensions.swiftconstvalues
        /Users/rogerlin/Library/Developer/Xcode/DerivedData/FinancialCalculatorKit-ackorybalcxbfocbkqsfdzcfkgmn/Build/Intermediates.noindex/LaTeXSwiftUI.build/Debug/LaTeXSwiftUI.build/Objects-normal/arm64/MathJax+Extensions.swiftconstvalues
        /Users/rogerlin/Library/Developer/Xcode/DerivedData/FinancialCalculatorKit-ackorybalcxbfocbkqsfdzcfkgmn/Build/Intermediates.noindex/LaTeXSwiftUI.build/Debug/LaTeXSwiftUI.build/Objects-normal/arm64/NSImage+Extensions.swiftconstvalues
        /Users/rogerlin/Library/Developer/Xcode/DerivedData/FinancialCalculatorKit-ackorybalcxbfocbkqsfdzcfkgmn/Build/Intermediates.noindex/LaTeXSwiftUI.build/Debug/LaTeXSwiftUI.build/Objects-normal/arm64/Range+Extensions.swiftconstvalues
        /Users/rogerlin/Library/Developer/Xcode/DerivedData/FinancialCalculatorKit-ackorybalcxbfocbkqsfdzcfkgmn/Build/Intermediates.noindex/LaTeXSwiftUI.build/Debug/LaTeXSwiftUI.build/Objects-normal/arm64/TeXInputProcessorOptions+Extensions.swiftconstvalues
        /Users/rogerlin/Library/Developer/Xcode/DerivedData/FinancialCalculatorKit-ackorybalcxbfocbkqsfdzcfkgmn/Build/Intermediates.noindex/LaTeXSwiftUI.build/Debug/LaTeXSwiftUI.build/Objects-normal/arm64/View+Extensions.swiftconstvalues
        /Users/rogerlin/Library/Developer/Xcode/DerivedData/FinancialCalculatorKit-ackorybalcxbfocbkqsfdzcfkgmn/Build/Intermediates.noindex/LaTeXSwiftUI.build/Debug/LaTeXSwiftUI.build/Objects-normal/arm64/LaTeX.swiftconstvalues
        /Users/rogerlin/Library/Developer/Xcode/DerivedData/FinancialCalculatorKit-ackorybalcxbfocbkqsfdzcfkgmn/Build/Intermediates.noindex/LaTeXSwiftUI.build/Debug/LaTeXSwiftUI.build/Objects-normal/arm64/Aliases.swiftconstvalues
        /Users/rogerlin/Library/Developer/Xcode/DerivedData/FinancialCalculatorKit-ackorybalcxbfocbkqsfdzcfkgmn/Build/Intermediates.noindex/LaTeXSwiftUI.build/Debug/LaTeXSwiftUI.build/Objects-normal/arm64/Cache.swiftconstvalues
        /Users/rogerlin/Library/Developer/Xcode/DerivedData/FinancialCalculatorKit-ackorybalcxbfocbkqsfdzcfkgmn/Build/Intermediates.noindex/LaTeXSwiftUI.build/Debug/LaTeXSwiftUI.build/Objects-normal/arm64/Component.swiftconstvalues
        /Users/rogerlin/Library/Developer/Xcode/DerivedData/FinancialCalculatorKit-ackorybalcxbfocbkqsfdzcfkgmn/Build/Intermediates.noindex/LaTeXSwiftUI.build/Debug/LaTeXSwiftUI.build/Objects-normal/arm64/ComponentBlock.swiftconstvalues
        /Users/rogerlin/Library/Developer/Xcode/DerivedData/FinancialCalculatorKit-ackorybalcxbfocbkqsfdzcfkgmn/Build/Intermediates.noindex/LaTeXSwiftUI.build/Debug/LaTeXSwiftUI.build/Objects-normal/arm64/HashableCGRect.swiftconstvalues
        /Users/rogerlin/Library/Developer/Xcode/DerivedData/FinancialCalculatorKit-ackorybalcxbfocbkqsfdzcfkgmn/Build/Intermediates.noindex/LaTeXSwiftUI.build/Debug/LaTeXSwiftUI.build/Objects-normal/arm64/HashableCGSize.swiftconstvalues
        /Users/rogerlin/Library/Developer/Xcode/DerivedData/FinancialCalculatorKit-ackorybalcxbfocbkqsfdzcfkgmn/Build/Intermediates.noindex/LaTeXSwiftUI.build/Debug/LaTeXSwiftUI.build/Objects-normal/arm64/ImageContainer.swiftconstvalues
        /Users/rogerlin/Library/Developer/Xcode/DerivedData/FinancialCalculatorKit-ackorybalcxbfocbkqsfdzcfkgmn/Build/Intermediates.noindex/LaTeXSwiftUI.build/Debug/LaTeXSwiftUI.build/Objects-normal/arm64/Parser.swiftconstvalues
        /Users/rogerlin/Library/Developer/Xcode/DerivedData/FinancialCalculatorKit-ackorybalcxbfocbkqsfdzcfkgmn/Build/Intermediates.noindex/LaTeXSwiftUI.build/Debug/LaTeXSwiftUI.build/Objects-normal/arm64/Renderer.swiftconstvalues
        /Users/rogerlin/Library/Developer/Xcode/DerivedData/FinancialCalculatorKit-ackorybalcxbfocbkqsfdzcfkgmn/Build/Intermediates.noindex/LaTeXSwiftUI.build/Debug/LaTeXSwiftUI.build/Objects-normal/arm64/SVG.swiftconstvalues
        /Users/rogerlin/Library/Developer/Xcode/DerivedData/FinancialCalculatorKit-ackorybalcxbfocbkqsfdzcfkgmn/Build/Intermediates.noindex/LaTeXSwiftUI.build/Debug/LaTeXSwiftUI.build/Objects-normal/arm64/SVGGeometry.swiftconstvalues
        /Users/rogerlin/Library/Developer/Xcode/DerivedData/FinancialCalculatorKit-ackorybalcxbfocbkqsfdzcfkgmn/Build/Intermediates.noindex/LaTeXSwiftUI.build/Debug/LaTeXSwiftUI.build/Objects-normal/arm64/LaTeX_Previews+Color.swiftconstvalues
        /Users/rogerlin/Library/Developer/Xcode/DerivedData/FinancialCalculatorKit-ackorybalcxbfocbkqsfdzcfkgmn/Build/Intermediates.noindex/LaTeXSwiftUI.build/Debug/LaTeXSwiftUI.build/Objects-normal/arm64/LaTeX_Previews+Fonts.swiftconstvalues
        /Users/rogerlin/Library/Developer/Xcode/DerivedData/FinancialCalculatorKit-ackorybalcxbfocbkqsfdzcfkgmn/Build/Intermediates.noindex/LaTeXSwiftUI.build/Debug/LaTeXSwiftUI.build/Objects-normal/arm64/LaTeX_Previews+Modes.swiftconstvalues
        /Users/rogerlin/Library/Developer/Xcode/DerivedData/FinancialCalculatorKit-ackorybalcxbfocbkqsfdzcfkgmn/Build/Intermediates.noindex/LaTeXSwiftUI.build/Debug/LaTeXSwiftUI.build/Objects-normal/arm64/LaTeX_Previews+Numbers.swiftconstvalues
        /Users/rogerlin/Library/Developer/Xcode/DerivedData/FinancialCalculatorKit-ackorybalcxbfocbkqsfdzcfkgmn/Build/Intermediates.noindex/LaTeXSwiftUI.build/Debug/LaTeXSwiftUI.build/Objects-normal/arm64/LaTeX_Previews+Special.swiftconstvalues
        /Users/rogerlin/Library/Developer/Xcode/DerivedData/FinancialCalculatorKit-ackorybalcxbfocbkqsfdzcfkgmn/Build/Intermediates.noindex/LaTeXSwiftUI.build/Debug/LaTeXSwiftUI.build/Objects-normal/arm64/LaTeX_Previews+Styles.swiftconstvalues
        /Users/rogerlin/Library/Developer/Xcode/DerivedData/FinancialCalculatorKit-ackorybalcxbfocbkqsfdzcfkgmn/Build/Intermediates.noindex/LaTeXSwiftUI.build/Debug/LaTeXSwiftUI.build/Objects-normal/arm64/DefaultLaTeXStyle.swiftconstvalues
        /Users/rogerlin/Library/Developer/Xcode/DerivedData/FinancialCalculatorKit-ackorybalcxbfocbkqsfdzcfkgmn/Build/Intermediates.noindex/LaTeXSwiftUI.build/Debug/LaTeXSwiftUI.build/Objects-normal/arm64/LaTeXStyle.swiftconstvalues
        /Users/rogerlin/Library/Developer/Xcode/DerivedData/FinancialCalculatorKit-ackorybalcxbfocbkqsfdzcfkgmn/Build/Intermediates.noindex/LaTeXSwiftUI.build/Debug/LaTeXSwiftUI.build/Objects-normal/arm64/StandardLaTeXStyle.swiftconstvalues
        /Users/rogerlin/Library/Developer/Xcode/DerivedData/FinancialCalculatorKit-ackorybalcxbfocbkqsfdzcfkgmn/Build/Intermediates.noindex/LaTeXSwiftUI.build/Debug/LaTeXSwiftUI.build/Objects-normal/arm64/ComponentBlocksText.swiftconstvalues
        /Users/rogerlin/Library/Developer/Xcode/DerivedData/FinancialCalculatorKit-ackorybalcxbfocbkqsfdzcfkgmn/Build/Intermediates.noindex/LaTeXSwiftUI.build/Debug/LaTeXSwiftUI.build/Objects-normal/arm64/ComponentBlocksViews.swiftconstvalues
        /Users/rogerlin/Library/Developer/Xcode/DerivedData/FinancialCalculatorKit-ackorybalcxbfocbkqsfdzcfkgmn/Build/Intermediates.noindex/LaTeXSwiftUI.build/Debug/LaTeXSwiftUI.build/Objects-normal/arm64/EquationNumber.swiftconstvalues
        /Users/rogerlin/Library/Developer/Xcode/DerivedData/FinancialCalculatorKit-ackorybalcxbfocbkqsfdzcfkgmn/Build/Intermediates.noindex/LaTeXSwiftUI.build/Debug/LaTeXSwiftUI.build/Objects-normal/arm64/HorizontalImageScroller.swiftconstvalues
Discovered dependency nodes:
/Applications/Xcode.app/Contents/Developer/Toolchains/XcodeDefault.xctoolchain/usr/lib/swift/macosx/prebuilt-modules/26.1/Accessibility.swiftmodule/arm64e-apple-macos.swiftmodule
/Applications/Xcode.app/Contents/Developer/Platforms/MacOSX.platform/Developer/SDKs/MacOSX26.1.sdk/System/Library/Frameworks/Accessibility.framework/Modules/module.modulemap
/Applications/Xcode.app/Contents/Developer/Platforms/MacOSX.platform/Developer/SDKs/MacOSX26.1.sdk/System/Library/Frameworks/Accessibility.framework/Headers/Accessibility.h
/Applications/Xcode.app/Contents/Developer/Platforms/MacOSX.platform/Developer/SDKs/MacOSX26.1.sdk/System/Library/Frameworks/Accessibility.framework/Headers/AXFoundation.h
/Applications/Xcode.app/Contents/Developer/Platforms/MacOSX.platform/Developer/SDKs/MacOSX26.1.sdk/System/Library/Frameworks/CoreGraphics.framework/Modules/module.modulemap
/Applications/Xcode.app/Contents/Developer/Platforms/MacOSX.platform/Developer/SDKs/MacOSX26.1.sdk/System/Library/Frameworks/Foundation.framework/Modules/module.modulemap
/Applications/Xcode.app/Contents/Developer/Platforms/MacOSX.platform/Developer/SDKs/MacOSX26.1.sdk/System/Library/Frameworks/Accessibility.framework/Headers/AXAudiograph.h
/Applications/Xcode.app/Contents/Developer/Platforms/MacOSX.platform/Developer/SDKs/MacOSX26.1.sdk/System/Library/Frameworks/Accessibility.framework/Headers/AXBrailleMap.h
/Applications/Xcode.app/Contents/Developer/Platforms/MacOSX.platform/Developer/SDKs/MacOSX26.1.sdk/System/Library/Frameworks/Accessibility.framework/Headers/AXColorUtilities.h
/Applications/Xcode.app/Contents/Developer/Platforms/MacOSX.platform/Developer/SDKs/MacOSX26.1.sdk/System/Library/Frameworks/Accessibility.framework/Headers/AXCustomContent.h
/Applications/Xcode.app/Contents/Developer/Platforms/MacOSX.platform/Developer/SDKs/MacOSX26.1.sdk/System/Library/Frameworks/Accessibility.framework/Headers/AXHearingUtilities.h
/Applications/Xcode.app/Contents/Developer/Platforms/MacOSX.platform/Developer/SDKs/MacOSX26.1.sdk/System/Library/Frameworks/Accessibility.framework/Headers/AXRequest.h
/Applications/Xcode.app/Contents/Developer/Platforms/MacOSX.platform/Developer/SDKs/MacOSX26.1.sdk/System/Library/Frameworks/Accessibility.framework/Headers/AXTechnology.h
/Applications/Xcode.app/Contents/Developer/Platforms/MacOSX.platform/Developer/SDKs/MacOSX26.1.sdk/System/Library/Frameworks/Accessibility.framework/Headers/AXSettings.h
/Applications/Xcode.app/Contents/Developer/Platforms/MacOSX.platform/Developer/SDKs/MacOSX26.1.sdk/System/Library/Frameworks/Accessibility.framework/Headers/AXMathExpression.h
/Applications/Xcode.app/Contents/Developer/Platforms/MacOSX.platform/Developer/SDKs/MacOSX26.1.sdk/System/Library/Frameworks/Accessibility.framework/Headers/AXFeatureOverrideSessionManager.h
/Applications/Xcode.app/Contents/Developer/Platforms/MacOSX.platform/Developer/SDKs/MacOSX26.1.sdk/usr/include/DarwinFoundation1.modulemap
/Applications/Xcode.app/Contents/Developer/Platforms/MacOSX.platform/Developer/SDKs/MacOSX26.1.sdk/System/Library/Frameworks/Accessibility.framework/Headers/AXBrailleTranslator.h
/Applications/Xcode.app/Contents/Developer/Platforms/MacOSX.platform/Developer/SDKs/MacOSX26.1.sdk/SDKSettings.json
/Applications/Xcode.app/Contents/Developer/Platforms/MacOSX.platform/Developer/SDKs/MacOSX26.1.sdk/System/Library/Frameworks/AppKit.framework/Headers/AppKit.apinotes
/Applications/Xcode.app/Contents/Developer/Platforms/MacOSX.platform/Developer/SDKs/MacOSX26.1.sdk/System/Library/Frameworks/AppKit.framework/Modules/module.modulemap
/Applications/Xcode.app/Contents/Developer/Platforms/MacOSX.platform/Developer/SDKs/MacOSX26.1.sdk/System/Library/Frameworks/AppKit.framework/Headers/AppKit.h
/Applications/Xcode.app/Contents/Developer/Platforms/MacOSX.platform/Developer/SDKs/MacOSX26.1.sdk/System/Library/Frameworks/Foundation.framework/Modules/module.modulemap
/Applications/Xcode.app/Contents/Developer/Platforms/MacOSX.platform/Developer/SDKs/MacOSX26.1.sdk/System/Library/Frameworks/AppKit.framework/Headers/AppKitDefines.h
/Applications/Xcode.app/Contents/Developer/Platforms/MacOSX.platform/Developer/SDKs/MacOSX26.1.sdk/usr/include/Darwin.modulemap
/Applications/Xcode.app/Contents/Developer/Platforms/MacOSX.platform/Developer/SDKs/MacOSX26.1.sdk/usr/include/DarwinFoundation1.modulemap
/Applications/Xcode.app/Contents/Developer/Platforms/MacOSX.platform/Developer/SDKs/MacOSX26.1.sdk/System/Library/Frameworks/AppKit.framework/Headers/AppKitErrors.h
/Applications/Xcode.app/Contents/Developer/Platforms/MacOSX.platform/Developer/SDKs/MacOSX26.1.sdk/System/Library/Frameworks/AppKit.framework/Headers/NSGraphicsContext.h
/Applications/Xcode.app/Contents/Developer/Platforms/MacOSX.platform/Developer/SDKs/MacOSX26.1.sdk/System/Library/Frameworks/AppKit.framework/Headers/NSGraphics.h
/Applications/Xcode.app/Contents/Developer/Platforms/MacOSX.platform/Developer/SDKs/MacOSX26.1.sdk/System/Library/Frameworks/CoreGraphics.framework/Modules/module.modulemap
/Applications/Xcode.app/Contents/Developer/Platforms/MacOSX.platform/Developer/SDKs/MacOSX26.1.sdk/System/Library/Frameworks/AppKit.framework/Headers/NSAccessibility.h
/Applications/Xcode.app/Contents/Developer/Platforms/MacOSX.platform/Developer/SDKs/MacOSX26.1.sdk/System/Library/Frameworks/AppKit.framework/Headers/NSErrors.h
/Applications/Xcode.app/Contents/Developer/Platforms/MacOSX.platform/Developer/SDKs/MacOSX26.1.sdk/System/Library/Frameworks/AppKit.framework/Headers/NSAccessibilityConstants.h
/Applications/Xcode.app/Contents/Developer/Platforms/MacOSX.platform/Developer/SDKs/MacOSX26.1.sdk/System/Library/Frameworks/AppKit.framework/Headers/NSAccessibilityProtocols.h
/Applications/Xcode.app/Contents/Developer/Platforms/MacOSX.platform/Developer/SDKs/MacOSX26.1.sdk/System/Library/Frameworks/AppKit.framework/Headers/NSAccessibilityCustomAction.h
/Applications/Xcode.app/Contents/Developer/Platforms/MacOSX.platform/Developer/SDKs/MacOSX26.1.sdk/System/Library/Frameworks/AppKit.framework/Headers/NSAccessibilityElement.h
/Applications/Xcode.app/Contents/Developer/Platforms/MacOSX.platform/Developer/SDKs/MacOSX26.1.sdk/System/Library/Frameworks/AppKit.framework/Headers/NSAccessibilityCustomRotor.h
/Applications/Xcode.app/Contents/Developer/Platforms/MacOSX.platform/Developer/SDKs/MacOSX26.1.sdk/System/Library/Frameworks/AppKit.framework/Headers/NSWorkspace.h
/Applications/Xcode.app/Contents/Developer/Platforms/MacOSX.platform/Developer/SDKs/MacOSX26.1.sdk/System/Library/Frameworks/AppKit.framework/Headers/NSAccessibilityColor.h
/Applications/Xcode.app/Contents/Developer/Platforms/MacOSX.platform/Developer/SDKs/MacOSX26.1.sdk/System/Library/Frameworks/AppKit.framework/Headers/NSColor.h
/Applications/Xcode.app/Contents/Developer/Platforms/MacOSX.platform/Developer/SDKs/MacOSX26.1.sdk/System/Library/Frameworks/AppKit.framework/Headers/NSApplication.h
/Applications/Xcode.app/Contents/Developer/Platforms/MacOSX.platform/Developer/SDKs/MacOSX26.1.sdk/System/Library/Frameworks/AppKit.framework/Headers/NSResponder.h
/Applications/Xcode.app/Contents/Developer/Platforms/MacOSX.platform/Developer/SDKs/MacOSX26.1.sdk/System/Library/Frameworks/AppKit.framework/Headers/NSEvent.h
/Applications/Xcode.app/Contents/Developer/Platforms/MacOSX.platform/Developer/SDKs/MacOSX26.1.sdk/System/Library/Frameworks/AppKit.framework/Headers/NSTouch.h
/Applications/Xcode.app/Contents/Developer/Platforms/MacOSX.platform/Developer/SDKs/MacOSX26.1.sdk/System/Library/Frameworks/ApplicationServices.framework/Modules/module.modulemap
/Applications/Xcode.app/Contents/Developer/Platforms/MacOSX.platform/Developer/SDKs/MacOSX26.1.sdk/System/Library/Frameworks/IOKit.framework/Modules/module.modulemap
/Applications/Xcode.app/Contents/Developer/Toolchains/XcodeDefault.xctoolchain/usr/lib/swift/clang/include/module.modulemap
/Applications/Xcode.app/Contents/Developer/Platforms/MacOSX.platform/Developer/SDKs/MacOSX26.1.sdk/System/Library/Frameworks/AppKit.framework/Headers/NSPasteboard.h
/Applications/Xcode.app/Contents/Developer/Platforms/MacOSX.platform/Developer/SDKs/MacOSX26.1.sdk/System/Library/Frameworks/CoreFoundation.framework/Modules/module.modulemap
/Applications/Xcode.app/Contents/Developer/Platforms/MacOSX.platform/Developer/SDKs/MacOSX26.1.sdk/System/Library/Frameworks/AppKit.framework/Headers/NSUserInterfaceValidation.h
/Applications/Xcode.app/Contents/Developer/Platforms/MacOSX.platform/Developer/SDKs/MacOSX26.1.sdk/System/Library/Frameworks/AppKit.framework/Headers/NSRunningApplication.h
/Applications/Xcode.app/Contents/Developer/Platforms/MacOSX.platform/Developer/SDKs/MacOSX26.1.sdk/System/Library/Frameworks/AppKit.framework/Headers/NSUserActivity.h
/Applications/Xcode.app/Contents/Developer/Platforms/MacOSX.platform/Developer/SDKs/MacOSX26.1.sdk/System/Library/Frameworks/AppKit.framework/Headers/NSDocument.h
/Applications/Xcode.app/Contents/Developer/Platforms/MacOSX.platform/Developer/SDKs/MacOSX26.1.sdk/System/Library/Frameworks/AppKit.framework/Headers/NSNib.h
/Applications/Xcode.app/Contents/Developer/Platforms/MacOSX.platform/Developer/SDKs/MacOSX26.1.sdk/System/Library/Frameworks/AppKit.framework/Headers/NSNibDeclarations.h
/Applications/Xcode.app/Contents/Developer/Platforms/MacOSX.platform/Developer/SDKs/MacOSX26.1.sdk/System/Library/Frameworks/AppKit.framework/Headers/NSMenu.h
/Applications/Xcode.app/Contents/Developer/Platforms/MacOSX.platform/Developer/SDKs/MacOSX26.1.sdk/System/Library/Frameworks/AppKit.framework/Headers/NSMenuItem.h
/Applications/Xcode.app/Contents/Developer/Platforms/MacOSX.platform/Developer/SDKs/MacOSX26.1.sdk/System/Library/Frameworks/AppKit.framework/Headers/NSUserInterfaceItemIdentification.h
/Applications/Xcode.app/Contents/Developer/Platforms/MacOSX.platform/Developer/SDKs/MacOSX26.1.sdk/System/Library/Frameworks/AppKit.framework/Headers/NSView.h
/Applications/Xcode.app/Contents/Developer/Platforms/MacOSX.platform/Developer/SDKs/MacOSX26.1.sdk/System/Library/Frameworks/AppKit.framework/Headers/NSAnimation.h
/Applications/Xcode.app/Contents/Developer/Platforms/MacOSX.platform/Developer/SDKs/MacOSX26.1.sdk/System/Library/Frameworks/AppKit.framework/Headers/NSAppearance.h
/Applications/Xcode.app/Contents/Developer/Platforms/MacOSX.platform/Developer/SDKs/MacOSX26.1.sdk/System/Library/Frameworks/AppKit.framework/Headers/NSDragging.h
/Applications/Xcode.app/Contents/Developer/Platforms/MacOSX.platform/Developer/SDKs/MacOSX26.1.sdk/System/Library/Frameworks/AppKit.framework/Headers/NSUserInterfaceLayout.h
/Applications/Xcode.app/Contents/Developer/Platforms/MacOSX.platform/Developer/SDKs/MacOSX26.1.sdk/System/Library/Frameworks/AppKit.framework/Headers/NSCell.h
/Applications/Xcode.app/Contents/Developer/Platforms/MacOSX.platform/Developer/SDKs/MacOSX26.1.sdk/System/Library/Frameworks/AppKit.framework/Headers/NSText.h
/Applications/Xcode.app/Contents/Developer/Platforms/MacOSX.platform/Developer/SDKs/MacOSX26.1.sdk/System/Library/Frameworks/AppKit.framework/Headers/NSSpellProtocol.h
/Applications/Xcode.app/Contents/Developer/Platforms/MacOSX.platform/Developer/SDKs/MacOSX26.1.sdk/System/Library/Frameworks/AppKit.framework/Headers/NSParagraphStyle.h
/Applications/Xcode.app/Contents/Developer/Platforms/MacOSX.platform/Developer/SDKs/MacOSX26.1.sdk/System/Library/Frameworks/AppKit.framework/Headers/NSPrintInfo.h
/Applications/Xcode.app/Contents/Developer/Platforms/MacOSX.platform/Developer/SDKs/MacOSX26.1.sdk/System/Library/Frameworks/AppKit.framework/Headers/NSPrinter.h
/Applications/Xcode.app/Contents/Developer/Platforms/MacOSX.platform/Developer/SDKs/MacOSX26.1.sdk/System/Library/Frameworks/AppKit.framework/Headers/NSKeyValueBinding.h
/Applications/Xcode.app/Contents/Developer/Platforms/MacOSX.platform/Developer/SDKs/MacOSX26.1.sdk/System/Library/Frameworks/CoreData.framework/Modules/module.modulemap
/Applications/Xcode.app/Contents/Developer/Platforms/MacOSX.platform/Developer/SDKs/MacOSX26.1.sdk/System/Library/Frameworks/AppKit.framework/Headers/NSPreviewRepresentingActivityItem.h
/Applications/Xcode.app/Contents/Developer/Platforms/MacOSX.platform/Developer/SDKs/MacOSX26.1.sdk/System/Library/Frameworks/AppKit.framework/Headers/NSColorList.h
/Applications/Xcode.app/Contents/Developer/Platforms/MacOSX.platform/Developer/SDKs/MacOSX26.1.sdk/System/Library/Frameworks/CoreImage.framework/Modules/module.modulemap
/Applications/Xcode.app/Contents/Developer/Platforms/MacOSX.platform/Developer/SDKs/MacOSX26.1.sdk/System/Library/Frameworks/AppKit.framework/Headers/NSActionCell.h
/Applications/Xcode.app/Contents/Developer/Platforms/MacOSX.platform/Developer/SDKs/MacOSX26.1.sdk/System/Library/Frameworks/AppKit.framework/Headers/NSAlert.h
/Applications/Xcode.app/Contents/Developer/Platforms/MacOSX.platform/Developer/SDKs/MacOSX26.1.sdk/System/Library/Frameworks/AppKit.framework/Headers/NSHelpManager.h
/Applications/Xcode.app/Contents/Developer/Platforms/MacOSX.platform/Developer/SDKs/MacOSX26.1.sdk/System/Library/Frameworks/AppKit.framework/Headers/NSAnimationContext.h
/Applications/Xcode.app/Contents/Developer/Platforms/MacOSX.platform/Developer/SDKs/MacOSX26.1.sdk/System/Library/Frameworks/AppKit.framework/Headers/NSAppleScriptExtensions.h
/Applications/Xcode.app/Contents/Developer/Platforms/MacOSX.platform/Developer/SDKs/MacOSX26.1.sdk/System/Library/Frameworks/AppKit.framework/Headers/NSBackgroundExtensionView.h
/Applications/Xcode.app/Contents/Developer/Platforms/MacOSX.platform/Developer/SDKs/MacOSX26.1.sdk/System/Library/Frameworks/AppKit.framework/Headers/NSBox.h
/Applications/Xcode.app/Contents/Developer/Platforms/MacOSX.platform/Developer/SDKs/MacOSX26.1.sdk/System/Library/Frameworks/AppKit.framework/Headers/NSButton.h
/Applications/Xcode.app/Contents/Developer/Platforms/MacOSX.platform/Developer/SDKs/MacOSX26.1.sdk/System/Library/Frameworks/AppKit.framework/Headers/NSControl.h
/Applications/Xcode.app/Contents/Developer/Platforms/MacOSX.platform/Developer/SDKs/MacOSX26.1.sdk/System/Library/Frameworks/AppKit.framework/Headers/NSButtonCell.h
/Applications/Xcode.app/Contents/Developer/Platforms/MacOSX.platform/Developer/SDKs/MacOSX26.1.sdk/System/Library/Frameworks/AppKit.framework/Headers/NSUserInterfaceCompression.h
/Applications/Xcode.app/Contents/Developer/Platforms/MacOSX.platform/Developer/SDKs/MacOSX26.1.sdk/System/Library/Frameworks/AppKit.framework/Headers/NSTintProminence.h
/Applications/Xcode.app/Contents/Developer/Platforms/MacOSX.platform/Developer/SDKs/MacOSX26.1.sdk/System/Library/Frameworks/AppKit.framework/Headers/NSCandidateListTouchBarItem.h
/Applications/Xcode.app/Contents/Developer/Platforms/MacOSX.platform/Developer/SDKs/MacOSX26.1.sdk/System/Library/Frameworks/AppKit.framework/Headers/NSTouchBar.h
/Applications/Xcode.app/Contents/Developer/Platforms/MacOSX.platform/Developer/SDKs/MacOSX26.1.sdk/System/Library/Frameworks/AppKit.framework/Headers/NSTouchBarItem.h
/Applications/Xcode.app/Contents/Developer/Platforms/MacOSX.platform/Developer/SDKs/MacOSX26.1.sdk/System/Library/Frameworks/AppKit.framework/Headers/NSClipView.h
/Applications/Xcode.app/Contents/Developer/Platforms/MacOSX.platform/Developer/SDKs/MacOSX26.1.sdk/System/Library/Frameworks/AppKit.framework/Headers/NSCollectionView.h
/Applications/Xcode.app/Contents/Developer/Platforms/MacOSX.platform/Developer/SDKs/MacOSX26.1.sdk/System/Library/Frameworks/AppKit.framework/Headers/NSViewController.h
/Applications/Xcode.app/Contents/Developer/Platforms/MacOSX.platform/Developer/SDKs/MacOSX26.1.sdk/System/Library/Frameworks/AppKit.framework/Headers/NSPopover.h
/Applications/Xcode.app/Contents/Developer/Platforms/MacOSX.platform/Developer/SDKs/MacOSX26.1.sdk/System/Library/Frameworks/AppKit.framework/Headers/NSStoryboard.h
/Applications/Xcode.app/Contents/Developer/Platforms/MacOSX.platform/Developer/SDKs/MacOSX26.1.sdk/System/Library/Frameworks/AppKit.framework/Headers/NSStoryboardSegue.h
/Applications/Xcode.app/Contents/Developer/Platforms/MacOSX.platform/Developer/SDKs/MacOSX26.1.sdk/System/Library/Frameworks/AppKit.framework/Headers/NSCollectionViewLayout.h
/Applications/Xcode.app/Contents/Developer/Platforms/MacOSX.platform/Developer/SDKs/MacOSX26.1.sdk/System/Library/Frameworks/AppKit.framework/Headers/NSCollectionViewCompositionalLayout.h
/Applications/Xcode.app/Contents/Developer/Platforms/MacOSX.platform/Developer/SDKs/MacOSX26.1.sdk/System/Library/Frameworks/AppKit.framework/Headers/NSCollectionViewFlowLayout.h
/Applications/Xcode.app/Contents/Developer/Platforms/MacOSX.platform/Developer/SDKs/MacOSX26.1.sdk/System/Library/Frameworks/AppKit.framework/Headers/NSCollectionViewGridLayout.h
/Applications/Xcode.app/Contents/Developer/Platforms/MacOSX.platform/Developer/SDKs/MacOSX26.1.sdk/System/Library/Frameworks/AppKit.framework/Headers/NSCollectionViewTransitionLayout.h
/Applications/Xcode.app/Contents/Developer/Platforms/MacOSX.platform/Developer/SDKs/MacOSX26.1.sdk/System/Library/Frameworks/AppKit.framework/Headers/NSColorSampler.h
/Applications/Xcode.app/Contents/Developer/Platforms/MacOSX.platform/Developer/SDKs/MacOSX26.1.sdk/System/Library/Frameworks/AppKit.framework/Headers/NSDiffableDataSource.h
/Applications/Xcode.app/Contents/Developer/Platforms/MacOSX.platform/Developer/SDKs/MacOSX26.1.sdk/System/Library/Frameworks/AppKit.framework/Headers/NSDirection.h
/Applications/Xcode.app/Contents/Developer/Platforms/MacOSX.platform/Developer/SDKs/MacOSX26.1.sdk/System/Library/Frameworks/AppKit.framework/Headers/NSDockTile.h
/Applications/Xcode.app/Contents/Developer/Platforms/MacOSX.platform/Developer/SDKs/MacOSX26.1.sdk/System/Library/Frameworks/AppKit.framework/Headers/NSFont.h
/Applications/Xcode.app/Contents/Developer/Platforms/MacOSX.platform/Developer/SDKs/MacOSX26.1.sdk/System/Library/Frameworks/AppKit.framework/Headers/NSFontDescriptor.h
/Applications/Xcode.app/Contents/Developer/Platforms/MacOSX.platform/Developer/SDKs/MacOSX26.1.sdk/System/Library/Frameworks/AppKit.framework/Headers/NSFontAssetRequest.h
/Applications/Xcode.app/Contents/Developer/Platforms/MacOSX.platform/Developer/SDKs/MacOSX26.1.sdk/System/Library/Frameworks/AppKit.framework/Headers/NSFontCollection.h
/Applications/Xcode.app/Contents/Developer/Platforms/MacOSX.platform/Developer/SDKs/MacOSX26.1.sdk/System/Library/Frameworks/AppKit.framework/Headers/NSFontManager.h
/Applications/Xcode.app/Contents/Developer/Platforms/MacOSX.platform/Developer/SDKs/MacOSX26.1.sdk/System/Library/Frameworks/AppKit.framework/Headers/NSFontPanel.h
/Applications/Xcode.app/Contents/Developer/Platforms/MacOSX.platform/Developer/SDKs/MacOSX26.1.sdk/System/Library/Frameworks/AppKit.framework/Headers/NSPanel.h
/Applications/Xcode.app/Contents/Developer/Platforms/MacOSX.platform/Developer/SDKs/MacOSX26.1.sdk/System/Library/Frameworks/AppKit.framework/Headers/NSWindow.h
/Applications/Xcode.app/Contents/Developer/Platforms/MacOSX.platform/Developer/SDKs/MacOSX26.1.sdk/System/Library/Frameworks/AppKit.framework/Headers/NSForm.h
/Applications/Xcode.app/Contents/Developer/Platforms/MacOSX.platform/Developer/SDKs/MacOSX26.1.sdk/System/Library/Frameworks/AppKit.framework/Headers/NSMatrix.h
/Applications/Xcode.app/Contents/Developer/Platforms/MacOSX.platform/Developer/SDKs/MacOSX26.1.sdk/System/Library/Frameworks/AppKit.framework/Headers/NSFormCell.h
/Applications/Xcode.app/Contents/Developer/Platforms/MacOSX.platform/Developer/SDKs/MacOSX26.1.sdk/System/Library/Frameworks/AppKit.framework/Headers/NSGlassEffectView.h
/Applications/Xcode.app/Contents/Developer/Platforms/MacOSX.platform/Developer/SDKs/MacOSX26.1.sdk/System/Library/Frameworks/AppKit.framework/Headers/NSMenuItemBadge.h
/Applications/Xcode.app/Contents/Developer/Platforms/MacOSX.platform/Developer/SDKs/MacOSX26.1.sdk/System/Library/Frameworks/AppKit.framework/Headers/NSColorSpace.h
/Applications/Xcode.app/Contents/Developer/Platforms/MacOSX.platform/Developer/SDKs/MacOSX26.1.sdk/System/Library/Frameworks/AppKit.framework/Headers/NSBitmapImageRep.h
/Applications/Xcode.app/Contents/Developer/Platforms/MacOSX.platform/Developer/SDKs/MacOSX26.1.sdk/System/Library/Frameworks/AppKit.framework/Headers/NSImageRep.h
/Applications/Xcode.app/Contents/Developer/Platforms/MacOSX.platform/Developer/SDKs/MacOSX26.1.sdk/System/Library/Frameworks/AppKit.framework/Headers/NSBrowser.h
/Applications/Xcode.app/Contents/Developer/Platforms/MacOSX.platform/Developer/SDKs/MacOSX26.1.sdk/System/Library/Frameworks/AppKit.framework/Headers/NSBrowserCell.h
/Applications/Xcode.app/Contents/Developer/Platforms/MacOSX.platform/Developer/SDKs/MacOSX26.1.sdk/System/Library/Frameworks/AppKit.framework/Headers/NSCachedImageRep.h
/Applications/Xcode.app/Contents/Developer/Platforms/MacOSX.platform/Developer/SDKs/MacOSX26.1.sdk/System/Library/Frameworks/AppKit.framework/Headers/NSCIImageRep.h
/Applications/Xcode.app/Contents/Developer/Platforms/MacOSX.platform/Developer/SDKs/MacOSX26.1.sdk/System/Library/Frameworks/AppKit.framework/Headers/NSColorPanel.h
/Applications/Xcode.app/Contents/Developer/Platforms/MacOSX.platform/Developer/SDKs/MacOSX26.1.sdk/System/Library/Frameworks/AppKit.framework/Headers/NSColorPicking.h
/Applications/Xcode.app/Contents/Developer/Platforms/MacOSX.platform/Developer/SDKs/MacOSX26.1.sdk/System/Library/Frameworks/AppKit.framework/Headers/NSColorPicker.h
/Applications/Xcode.app/Contents/Developer/Platforms/MacOSX.platform/Developer/SDKs/MacOSX26.1.sdk/System/Library/Frameworks/AppKit.framework/Headers/NSColorPickerTouchBarItem.h
/Applications/Xcode.app/Contents/Developer/Platforms/MacOSX.platform/Developer/SDKs/MacOSX26.1.sdk/System/Library/Frameworks/AppKit.framework/Headers/NSColorWell.h
/Applications/Xcode.app/Contents/Developer/Platforms/MacOSX.platform/Developer/SDKs/MacOSX26.1.sdk/System/Library/Frameworks/AppKit.framework/Headers/NSCursor.h
/Applications/Xcode.app/Contents/Developer/Platforms/MacOSX.platform/Developer/SDKs/MacOSX26.1.sdk/System/Library/Frameworks/AppKit.framework/Headers/NSCustomImageRep.h
/Applications/Xcode.app/Contents/Developer/Platforms/MacOSX.platform/Developer/SDKs/MacOSX26.1.sdk/System/Library/Frameworks/AppKit.framework/Headers/NSCustomTouchBarItem.h
/Applications/Xcode.app/Contents/Developer/Platforms/MacOSX.platform/Developer/SDKs/MacOSX26.1.sdk/System/Library/Frameworks/AppKit.framework/Headers/NSDocumentController.h
/Applications/Xcode.app/Contents/Developer/Platforms/MacOSX.platform/Developer/SDKs/MacOSX26.1.sdk/System/Library/Frameworks/AppKit.framework/Headers/NSDraggingItem.h
/Applications/Xcode.app/Contents/Developer/Platforms/MacOSX.platform/Developer/SDKs/MacOSX26.1.sdk/System/Library/Frameworks/AppKit.framework/Headers/NSDraggingSession.h
/Applications/Xcode.app/Contents/Developer/Platforms/MacOSX.platform/Developer/SDKs/MacOSX26.1.sdk/System/Library/Frameworks/AppKit.framework/Headers/NSFilePromiseProvider.h
/Applications/Xcode.app/Contents/Developer/Platforms/MacOSX.platform/Developer/SDKs/MacOSX26.1.sdk/System/Library/Frameworks/AppKit.framework/Headers/NSFilePromiseReceiver.h
/Applications/Xcode.app/Contents/Developer/Platforms/MacOSX.platform/Developer/SDKs/MacOSX26.1.sdk/System/Library/Frameworks/AppKit.framework/Headers/NSEPSImageRep.h
/Applications/Xcode.app/Contents/Developer/Platforms/MacOSX.platform/Developer/SDKs/MacOSX26.1.sdk/System/Library/Frameworks/AppKit.framework/Headers/NSFileWrapperExtensions.h
/Applications/Xcode.app/Contents/Developer/Platforms/MacOSX.platform/Developer/SDKs/MacOSX26.1.sdk/System/Library/Frameworks/AppKit.framework/Headers/NSGradient.h
/Applications/Xcode.app/Contents/Developer/Platforms/MacOSX.platform/Developer/SDKs/MacOSX26.1.sdk/System/Library/Frameworks/AppKit.framework/Headers/NSGroupTouchBarItem.h
/Applications/Xcode.app/Contents/Developer/Platforms/MacOSX.platform/Developer/SDKs/MacOSX26.1.sdk/System/Library/Frameworks/AppKit.framework/Headers/NSGestureRecognizer.h
/Applications/Xcode.app/Contents/Developer/Platforms/MacOSX.platform/Developer/SDKs/MacOSX26.1.sdk/System/Library/Frameworks/AppKit.framework/Headers/NSClickGestureRecognizer.h
/Applications/Xcode.app/Contents/Developer/Platforms/MacOSX.platform/Developer/SDKs/MacOSX26.1.sdk/System/Library/Frameworks/AppKit.framework/Headers/NSPanGestureRecognizer.h
/Applications/Xcode.app/Contents/Developer/Platforms/MacOSX.platform/Developer/SDKs/MacOSX26.1.sdk/System/Library/Frameworks/AppKit.framework/Headers/NSPressGestureRecognizer.h
/Applications/Xcode.app/Contents/Developer/Platforms/MacOSX.platform/Developer/SDKs/MacOSX26.1.sdk/System/Library/Frameworks/AppKit.framework/Headers/NSMagnificationGestureRecognizer.h
/Applications/Xcode.app/Contents/Developer/Platforms/MacOSX.platform/Developer/SDKs/MacOSX26.1.sdk/System/Library/Frameworks/AppKit.framework/Headers/NSRotationGestureRecognizer.h
/Applications/Xcode.app/Contents/Developer/Platforms/MacOSX.platform/Developer/SDKs/MacOSX26.1.sdk/System/Library/Frameworks/AppKit.framework/Headers/NSLayoutConstraint.h
/Applications/Xcode.app/Contents/Developer/Platforms/MacOSX.platform/Developer/SDKs/MacOSX26.1.sdk/System/Library/Frameworks/AppKit.framework/Headers/NSLayoutAnchor.h
/Applications/Xcode.app/Contents/Developer/Platforms/MacOSX.platform/Developer/SDKs/MacOSX26.1.sdk/System/Library/Frameworks/AppKit.framework/Headers/NSLayoutGuide.h
/Applications/Xcode.app/Contents/Developer/Platforms/MacOSX.platform/Developer/SDKs/MacOSX26.1.sdk/System/Library/Frameworks/AppKit.framework/Headers/NSImage.h
/Applications/Xcode.app/Contents/Developer/Platforms/MacOSX.platform/Developer/SDKs/MacOSX26.1.sdk/System/Library/Frameworks/AppKit.framework/Headers/NSImageCell.h
/Applications/Xcode.app/Contents/Developer/Platforms/MacOSX.platform/Developer/SDKs/MacOSX26.1.sdk/System/Library/Frameworks/AppKit.framework/Headers/NSImageView.h
/Applications/Xcode.app/Contents/Developer/Platforms/MacOSX.platform/Developer/SDKs/MacOSX26.1.sdk/System/Library/Frameworks/Symbols.framework/Modules/module.modulemap
/Applications/Xcode.app/Contents/Developer/Platforms/MacOSX.platform/Developer/SDKs/MacOSX26.1.sdk/System/Library/Frameworks/AppKit.framework/Headers/NSNibLoading.h
/Applications/Xcode.app/Contents/Developer/Platforms/MacOSX.platform/Developer/SDKs/MacOSX26.1.sdk/System/Library/Frameworks/AppKit.framework/Headers/NSScrubber.h
/Applications/Xcode.app/Contents/Developer/Platforms/MacOSX.platform/Developer/SDKs/MacOSX26.1.sdk/System/Library/Frameworks/AppKit.framework/Headers/NSScrubberItemView.h
/Applications/Xcode.app/Contents/Developer/Platforms/MacOSX.platform/Developer/SDKs/MacOSX26.1.sdk/System/Library/Frameworks/AppKit.framework/Headers/NSScrubberLayout.h
/Applications/Xcode.app/Contents/Developer/Platforms/MacOSX.platform/Developer/SDKs/MacOSX26.1.sdk/System/Library/Frameworks/AppKit.framework/Headers/NSSharingServicePickerTouchBarItem.h
/Applications/Xcode.app/Contents/Developer/Platforms/MacOSX.platform/Developer/SDKs/MacOSX26.1.sdk/System/Library/Frameworks/AppKit.framework/Headers/NSSharingService.h
/Applications/Xcode.app/Contents/Developer/Platforms/MacOSX.platform/Developer/SDKs/MacOSX26.1.sdk/System/Library/Frameworks/AppKit.framework/Headers/NSSliderAccessory.h
/Applications/Xcode.app/Contents/Developer/Platforms/MacOSX.platform/Developer/SDKs/MacOSX26.1.sdk/System/Library/Frameworks/AppKit.framework/Headers/NSSliderTouchBarItem.h
/Applications/Xcode.app/Contents/Developer/Platforms/MacOSX.platform/Developer/SDKs/MacOSX26.1.sdk/System/Library/Frameworks/AppKit.framework/Headers/NSSpeechRecognizer.h
/Applications/Xcode.app/Contents/Developer/Platforms/MacOSX.platform/Developer/SDKs/MacOSX26.1.sdk/System/Library/Frameworks/AppKit.framework/Headers/NSSpeechSynthesizer.h
/Applications/Xcode.app/Contents/Developer/Platforms/MacOSX.platform/Developer/SDKs/MacOSX26.1.sdk/System/Library/Frameworks/AppKit.framework/Headers/NSSpellChecker.h
/Applications/Xcode.app/Contents/Developer/Platforms/MacOSX.platform/Developer/SDKs/MacOSX26.1.sdk/System/Library/Frameworks/AppKit.framework/Headers/NSSplitView.h
/Applications/Xcode.app/Contents/Developer/Platforms/MacOSX.platform/Developer/SDKs/MacOSX26.1.sdk/System/Library/Frameworks/AppKit.framework/Headers/NSSplitViewController.h
/Applications/Xcode.app/Contents/Developer/Platforms/MacOSX.platform/Developer/SDKs/MacOSX26.1.sdk/System/Library/Frameworks/AppKit.framework/Headers/NSSplitViewItem.h
/Applications/Xcode.app/Contents/Developer/Platforms/MacOSX.platform/Developer/SDKs/MacOSX26.1.sdk/System/Library/Frameworks/AppKit.framework/Headers/NSSplitViewItemAccessoryViewController.h
/Applications/Xcode.app/Contents/Developer/Platforms/MacOSX.platform/Developer/SDKs/MacOSX26.1.sdk/System/Library/Frameworks/AppKit.framework/Headers/NSScrollEdgeEffect.h
/Applications/Xcode.app/Contents/Developer/Platforms/MacOSX.platform/Developer/SDKs/MacOSX26.1.sdk/System/Library/Frameworks/AppKit.framework/Headers/NSOpenPanel.h
/Applications/Xcode.app/Contents/Developer/Platforms/MacOSX.platform/Developer/SDKs/MacOSX26.1.sdk/System/Library/Frameworks/AppKit.framework/Headers/NSSavePanel.h
/Applications/Xcode.app/Contents/Developer/Platforms/MacOSX.platform/Developer/SDKs/MacOSX26.1.sdk/System/Library/Frameworks/AppKit.framework/Headers/NSPageLayout.h
/Applications/Xcode.app/Contents/Developer/Platforms/MacOSX.platform/Developer/SDKs/MacOSX26.1.sdk/System/Library/Frameworks/AppKit.framework/Headers/NSPasteboardItem.h
/Applications/Xcode.app/Contents/Developer/Platforms/MacOSX.platform/Developer/SDKs/MacOSX26.1.sdk/System/Library/Frameworks/AppKit.framework/Headers/NSPopoverTouchBarItem.h
/Applications/Xcode.app/Contents/Developer/Platforms/MacOSX.platform/Developer/SDKs/MacOSX26.1.sdk/System/Library/Frameworks/AppKit.framework/Headers/NSPopUpButton.h
/Applications/Xcode.app/Contents/Developer/Platforms/MacOSX.platform/Developer/SDKs/MacOSX26.1.sdk/System/Library/Frameworks/AppKit.framework/Headers/NSPopUpButtonCell.h
/Applications/Xcode.app/Contents/Developer/Platforms/MacOSX.platform/Developer/SDKs/MacOSX26.1.sdk/System/Library/Frameworks/AppKit.framework/Headers/NSMenuItemCell.h
/Applications/Xcode.app/Contents/Developer/Platforms/MacOSX.platform/Developer/SDKs/MacOSX26.1.sdk/System/Library/Frameworks/AppKit.framework/Headers/NSPrintOperation.h
/Applications/Xcode.app/Contents/Developer/Platforms/MacOSX.platform/Developer/SDKs/MacOSX26.1.sdk/System/Library/Frameworks/AppKit.framework/Headers/NSPrintPanel.h
/Applications/Xcode.app/Contents/Developer/Platforms/MacOSX.platform/Developer/SDKs/MacOSX26.1.sdk/System/Library/Frameworks/AppKit.framework/Headers/NSPDFInfo.h
/Applications/Xcode.app/Contents/Developer/Platforms/MacOSX.platform/Developer/SDKs/MacOSX26.1.sdk/System/Library/Frameworks/AppKit.framework/Headers/NSPDFPanel.h
/Applications/Xcode.app/Contents/Developer/Platforms/MacOSX.platform/Developer/SDKs/MacOSX26.1.sdk/System/Library/Frameworks/AppKit.framework/Headers/NSMediaLibraryBrowserController.h
/Applications/Xcode.app/Contents/Developer/Platforms/MacOSX.platform/Developer/SDKs/MacOSX26.1.sdk/System/Library/Frameworks/AppKit.framework/Headers/NSScreen.h
/Applications/Xcode.app/Contents/Developer/Platforms/MacOSX.platform/Developer/SDKs/MacOSX26.1.sdk/System/Library/Frameworks/AppKit.framework/Headers/NSScrollView.h
/Applications/Xcode.app/Contents/Developer/Platforms/MacOSX.platform/Developer/SDKs/MacOSX26.1.sdk/System/Library/Frameworks/AppKit.framework/Headers/NSScroller.h
/Applications/Xcode.app/Contents/Developer/Platforms/MacOSX.platform/Developer/SDKs/MacOSX26.1.sdk/System/Library/Frameworks/AppKit.framework/Headers/NSTextFinder.h
/Applications/Xcode.app/Contents/Developer/Platforms/MacOSX.platform/Developer/SDKs/MacOSX26.1.sdk/System/Library/Frameworks/AppKit.framework/Headers/NSSegmentedControl.h
/Applications/Xcode.app/Contents/Developer/Platforms/MacOSX.platform/Developer/SDKs/MacOSX26.1.sdk/System/Library/Frameworks/AppKit.framework/Headers/NSSegmentedCell.h
/Applications/Xcode.app/Contents/Developer/Platforms/MacOSX.platform/Developer/SDKs/MacOSX26.1.sdk/System/Library/Frameworks/AppKit.framework/Headers/NSSharingCollaborationModeRestriction.h
/Applications/Xcode.app/Contents/Developer/Platforms/MacOSX.platform/Developer/SDKs/MacOSX26.1.sdk/System/Library/Frameworks/AppKit.framework/Headers/NSSlider.h
/Applications/Xcode.app/Contents/Developer/Platforms/MacOSX.platform/Developer/SDKs/MacOSX26.1.sdk/System/Library/Frameworks/AppKit.framework/Headers/NSSliderCell.h
/Applications/Xcode.app/Contents/Developer/Platforms/MacOSX.platform/Developer/SDKs/MacOSX26.1.sdk/System/Library/Frameworks/AppKit.framework/Headers/NSStackView.h
/Applications/Xcode.app/Contents/Developer/Platforms/MacOSX.platform/Developer/SDKs/MacOSX26.1.sdk/System/Library/Frameworks/AppKit.framework/Headers/NSSwitch.h
/Applications/Xcode.app/Contents/Developer/Platforms/MacOSX.platform/Developer/SDKs/MacOSX26.1.sdk/System/Library/Frameworks/AppKit.framework/Headers/NSGridView.h
/Applications/Xcode.app/Contents/Developer/Platforms/MacOSX.platform/Developer/SDKs/MacOSX26.1.sdk/System/Library/Frameworks/AppKit.framework/Headers/NSTextCheckingClient.h
/Applications/Xcode.app/Contents/Developer/Platforms/MacOSX.platform/Developer/SDKs/MacOSX26.1.sdk/System/Library/Frameworks/AppKit.framework/Headers/NSTextInputClient.h
/Applications/Xcode.app/Contents/Developer/Platforms/MacOSX.platform/Developer/SDKs/MacOSX26.1.sdk/System/Library/Frameworks/AppKit.framework/Headers/NSTextCheckingController.h
/Applications/Xcode.app/Contents/Developer/Platforms/MacOSX.platform/Developer/SDKs/MacOSX26.1.sdk/System/Library/Frameworks/AppKit.framework/Headers/NSTextField.h
/Applications/Xcode.app/Contents/Developer/Platforms/MacOSX.platform/Developer/SDKs/MacOSX26.1.sdk/System/Library/Frameworks/AppKit.framework/Headers/NSTextFieldCell.h
/Applications/Xcode.app/Contents/Developer/Platforms/MacOSX.platform/Developer/SDKs/MacOSX26.1.sdk/System/Library/Frameworks/AppKit.framework/Headers/NSTextContent.h
/Applications/Xcode.app/Contents/Developer/Platforms/MacOSX.platform/Developer/SDKs/MacOSX26.1.sdk/System/Library/Frameworks/AppKit.framework/Headers/NSTextInsertionIndicator.h
/Applications/Xcode.app/Contents/Developer/Platforms/MacOSX.platform/Developer/SDKs/MacOSX26.1.sdk/System/Library/Frameworks/AppKit.framework/Headers/NSTokenField.h
/Applications/Xcode.app/Contents/Developer/Platforms/MacOSX.platform/Developer/SDKs/MacOSX26.1.sdk/System/Library/Frameworks/AppKit.framework/Headers/NSTextContainer.h
/Applications/Xcode.app/Contents/Developer/Platforms/MacOSX.platform/Developer/SDKs/MacOSX26.1.sdk/System/Library/Frameworks/AppKit.framework/Headers/NSLayoutManager.h
/Applications/Xcode.app/Contents/Developer/Platforms/MacOSX.platform/Developer/SDKs/MacOSX26.1.sdk/System/Library/Frameworks/AppKit.framework/Headers/NSTextStorage.h
/Applications/Xcode.app/Contents/Developer/Platforms/MacOSX.platform/Developer/SDKs/MacOSX26.1.sdk/System/Library/Frameworks/AppKit.framework/Headers/NSAttributedString.h
/Applications/Xcode.app/Contents/Developer/Platforms/MacOSX.platform/Developer/SDKs/MacOSX26.1.sdk/System/Library/Frameworks/AppKit.framework/Headers/NSGlyphGenerator.h
/Applications/Xcode.app/Contents/Developer/Platforms/MacOSX.platform/Developer/SDKs/MacOSX26.1.sdk/System/Library/Frameworks/AppKit.framework/Headers/NSTokenFieldCell.h
/Applications/Xcode.app/Contents/Developer/Platforms/MacOSX.platform/Developer/SDKs/MacOSX26.1.sdk/System/Library/Frameworks/AppKit.framework/Headers/NSTrackingArea.h
/Applications/Xcode.app/Contents/Developer/Platforms/MacOSX.platform/Developer/SDKs/MacOSX26.1.sdk/System/Library/Frameworks/AppKit.framework/Headers/NSTrackingSeparatorToolbarItem.h
/Applications/Xcode.app/Contents/Developer/Platforms/MacOSX.platform/Developer/SDKs/MacOSX26.1.sdk/System/Library/Frameworks/AppKit.framework/Headers/NSToolbarItem.h
/Applications/Xcode.app/Contents/Developer/Platforms/MacOSX.platform/Developer/SDKs/MacOSX26.1.sdk/System/Library/Frameworks/AppKit.framework/Headers/NSToolbar.h
/Applications/Xcode.app/Contents/Developer/Platforms/MacOSX.platform/Developer/SDKs/MacOSX26.1.sdk/System/Library/Frameworks/AppKit.framework/Headers/NSViewLayoutRegion.h
/Applications/Xcode.app/Contents/Developer/Platforms/MacOSX.platform/Developer/SDKs/MacOSX26.1.sdk/System/Library/Frameworks/AppKit.framework/Headers/NSWindowTab.h
/Applications/Xcode.app/Contents/Developer/Platforms/MacOSX.platform/Developer/SDKs/MacOSX26.1.sdk/System/Library/Frameworks/AppKit.framework/Headers/NSWindowTabGroup.h
/Applications/Xcode.app/Contents/Developer/Platforms/MacOSX.platform/Developer/SDKs/MacOSX26.1.sdk/System/Library/Frameworks/AppKit.framework/Headers/NSWindowController.h
/Applications/Xcode.app/Contents/Developer/Platforms/MacOSX.platform/Developer/SDKs/MacOSX26.1.sdk/System/Library/Frameworks/AppKit.framework/Headers/NSComboBox.h
/Applications/Xcode.app/Contents/Developer/Platforms/MacOSX.platform/Developer/SDKs/MacOSX26.1.sdk/System/Library/Frameworks/AppKit.framework/Headers/NSComboBoxCell.h
/Applications/Xcode.app/Contents/Developer/Platforms/MacOSX.platform/Developer/SDKs/MacOSX26.1.sdk/System/Library/Frameworks/AppKit.framework/Headers/NSComboButton.h
/Applications/Xcode.app/Contents/Developer/Platforms/MacOSX.platform/Developer/SDKs/MacOSX26.1.sdk/System/Library/Frameworks/AppKit.framework/Headers/NSTableCellView.h
/Applications/Xcode.app/Contents/Developer/Platforms/MacOSX.platform/Developer/SDKs/MacOSX26.1.sdk/System/Library/Frameworks/AppKit.framework/Headers/NSTableView.h
/Applications/Xcode.app/Contents/Developer/Platforms/MacOSX.platform/Developer/SDKs/MacOSX26.1.sdk/System/Library/Frameworks/AppKit.framework/Headers/NSTextView.h
/Applications/Xcode.app/Contents/Developer/Platforms/MacOSX.platform/Developer/SDKs/MacOSX26.1.sdk/System/Library/Frameworks/AppKit.framework/Headers/NSInputManager.h
/Applications/Xcode.app/Contents/Developer/Platforms/MacOSX.platform/Developer/SDKs/MacOSX26.1.sdk/System/Library/Frameworks/AppKit.framework/Headers/NSTextAttachment.h
/Applications/Xcode.app/Contents/Developer/Platforms/MacOSX.platform/Developer/SDKs/MacOSX26.1.sdk/System/Library/Frameworks/AppKit.framework/Headers/NSTextAttachmentCell.h
/Applications/Xcode.app/Contents/Developer/Platforms/MacOSX.platform/Developer/SDKs/MacOSX26.1.sdk/System/Library/Frameworks/AppKit.framework/Headers/NSTableColumn.h
/Applications/Xcode.app/Contents/Developer/Platforms/MacOSX.platform/Developer/SDKs/MacOSX26.1.sdk/System/Library/Frameworks/AppKit.framework/Headers/NSTableHeaderCell.h
/Applications/Xcode.app/Contents/Developer/Platforms/MacOSX.platform/Developer/SDKs/MacOSX26.1.sdk/System/Library/Frameworks/AppKit.framework/Headers/NSTableHeaderView.h
/Applications/Xcode.app/Contents/Developer/Platforms/MacOSX.platform/Developer/SDKs/MacOSX26.1.sdk/System/Library/Frameworks/AppKit.framework/Headers/NSTableRowView.h
/Applications/Xcode.app/Contents/Developer/Platforms/MacOSX.platform/Developer/SDKs/MacOSX26.1.sdk/System/Library/Frameworks/AppKit.framework/Headers/NSTableViewDiffableDataSource.h
/Applications/Xcode.app/Contents/Developer/Platforms/MacOSX.platform/Developer/SDKs/MacOSX26.1.sdk/System/Library/Frameworks/AppKit.framework/Headers/NSTableViewRowAction.h
/Applications/Xcode.app/Contents/Developer/Platforms/MacOSX.platform/Developer/SDKs/MacOSX26.1.sdk/System/Library/Frameworks/AppKit.framework/Headers/NSOutlineView.h
/Applications/Xcode.app/Contents/Developer/Platforms/MacOSX.platform/Developer/SDKs/MacOSX26.1.sdk/System/Library/Frameworks/AppKit.framework/Headers/NSInputServer.h
/Applications/Xcode.app/Contents/Developer/Platforms/MacOSX.platform/Developer/SDKs/MacOSX26.1.sdk/System/Library/Frameworks/AppKit.framework/Headers/NSStringDrawing.h
/Applications/Xcode.app/Contents/Developer/Platforms/MacOSX.platform/Developer/SDKs/MacOSX26.1.sdk/System/Library/Frameworks/AppKit.framework/Headers/NSRulerMarker.h
/Applications/Xcode.app/Contents/Developer/Platforms/MacOSX.platform/Developer/SDKs/MacOSX26.1.sdk/System/Library/Frameworks/AppKit.framework/Headers/NSRulerView.h
/Applications/Xcode.app/Contents/Developer/Platforms/MacOSX.platform/Developer/SDKs/MacOSX26.1.sdk/System/Library/Frameworks/AppKit.framework/Headers/NSSecureTextField.h
/Applications/Xcode.app/Contents/Developer/Platforms/MacOSX.platform/Developer/SDKs/MacOSX26.1.sdk/System/Library/Frameworks/AppKit.framework/Headers/NSInterfaceStyle.h
/Applications/Xcode.app/Contents/Developer/Platforms/MacOSX.platform/Developer/SDKs/MacOSX26.1.sdk/System/Library/Frameworks/AppKit.framework/Headers/NSProgressIndicator.h
/Applications/Xcode.app/Contents/Developer/Platforms/MacOSX.platform/Developer/SDKs/MacOSX26.1.sdk/System/Library/Frameworks/AppKit.framework/Headers/NSTabView.h
/Applications/Xcode.app/Contents/Developer/Platforms/MacOSX.platform/Developer/SDKs/MacOSX26.1.sdk/System/Library/Frameworks/AppKit.framework/Headers/NSTabViewController.h
/Applications/Xcode.app/Contents/Developer/Platforms/MacOSX.platform/Developer/SDKs/MacOSX26.1.sdk/System/Library/Frameworks/AppKit.framework/Headers/NSTabViewItem.h
/Applications/Xcode.app/Contents/Developer/Platforms/MacOSX.platform/Developer/SDKs/MacOSX26.1.sdk/System/Library/Frameworks/AppKit.framework/Headers/NSAffineTransform.h
/Applications/Xcode.app/Contents/Developer/Platforms/MacOSX.platform/Developer/SDKs/MacOSX26.1.sdk/System/Library/Frameworks/AppKit.framework/Headers/NSBezierPath.h
/Applications/Xcode.app/Contents/Developer/Platforms/MacOSX.platform/Developer/SDKs/MacOSX26.1.sdk/System/Library/Frameworks/AppKit.framework/Headers/NSPICTImageRep.h
/Applications/Xcode.app/Contents/Developer/Platforms/MacOSX.platform/Developer/SDKs/MacOSX26.1.sdk/System/Library/Frameworks/AppKit.framework/Headers/NSStatusBar.h
/Applications/Xcode.app/Contents/Developer/Platforms/MacOSX.platform/Developer/SDKs/MacOSX26.1.sdk/System/Library/Frameworks/AppKit.framework/Headers/NSStatusBarButton.h
/Applications/Xcode.app/Contents/Developer/Platforms/MacOSX.platform/Developer/SDKs/MacOSX26.1.sdk/System/Library/Frameworks/AppKit.framework/Headers/NSStatusItem.h
/Applications/Xcode.app/Contents/Developer/Platforms/MacOSX.platform/Developer/SDKs/MacOSX26.1.sdk/System/Library/Frameworks/AppKit.framework/Headers/NSSound.h
/Applications/Xcode.app/Contents/Developer/Platforms/MacOSX.platform/Developer/SDKs/MacOSX26.1.sdk/System/Library/Frameworks/AppKit.framework/Headers/NSMovie.h
/Applications/Xcode.app/Contents/Developer/Platforms/MacOSX.platform/Developer/SDKs/MacOSX26.1.sdk/System/Library/Frameworks/AppKit.framework/Headers/NSPDFImageRep.h
/Applications/Xcode.app/Contents/Developer/Platforms/MacOSX.platform/Developer/SDKs/MacOSX26.1.sdk/System/Library/Frameworks/AppKit.framework/Headers/NSDrawer.h
/Applications/Xcode.app/Contents/Developer/Platforms/MacOSX.platform/Developer/SDKs/MacOSX26.1.sdk/System/Library/Frameworks/AppKit.framework/Headers/NSOpenGL.h
/Applications/Xcode.app/Contents/Developer/Platforms/MacOSX.platform/Developer/SDKs/MacOSX26.1.sdk/System/Library/Frameworks/OpenGL.framework/Modules/module.modulemap
/Applications/Xcode.app/Contents/Developer/Platforms/MacOSX.platform/Developer/SDKs/MacOSX26.1.sdk/System/Library/Frameworks/AppKit.framework/Headers/NSOpenGLLayer.h
/Applications/Xcode.app/Contents/Developer/Platforms/MacOSX.platform/Developer/SDKs/MacOSX26.1.sdk/System/Library/Frameworks/QuartzCore.framework/Modules/module.modulemap
/Applications/Xcode.app/Contents/Developer/Platforms/MacOSX.platform/Developer/SDKs/MacOSX26.1.sdk/System/Library/Frameworks/AppKit.framework/Headers/NSOpenGLView.h
/Applications/Xcode.app/Contents/Developer/Platforms/MacOSX.platform/Developer/SDKs/MacOSX26.1.sdk/System/Library/Frameworks/AppKit.framework/Headers/NSApplicationScripting.h
/Applications/Xcode.app/Contents/Developer/Platforms/MacOSX.platform/Developer/SDKs/MacOSX26.1.sdk/System/Library/Frameworks/AppKit.framework/Headers/NSDocumentScripting.h
/Applications/Xcode.app/Contents/Developer/Platforms/MacOSX.platform/Developer/SDKs/MacOSX26.1.sdk/System/Library/Frameworks/AppKit.framework/Headers/NSTextStorageScripting.h
/Applications/Xcode.app/Contents/Developer/Platforms/MacOSX.platform/Developer/SDKs/MacOSX26.1.sdk/System/Library/Frameworks/AppKit.framework/Headers/NSToolbarItemGroup.h
/Applications/Xcode.app/Contents/Developer/Platforms/MacOSX.platform/Developer/SDKs/MacOSX26.1.sdk/System/Library/Frameworks/AppKit.framework/Headers/NSMenuToolbarItem.h
/Applications/Xcode.app/Contents/Developer/Platforms/MacOSX.platform/Developer/SDKs/MacOSX26.1.sdk/System/Library/Frameworks/AppKit.framework/Headers/NSSharingServicePickerToolbarItem.h
/Applications/Xcode.app/Contents/Developer/Platforms/MacOSX.platform/Developer/SDKs/MacOSX26.1.sdk/System/Library/Frameworks/AppKit.framework/Headers/NSWindowScripting.h
/Applications/Xcode.app/Contents/Developer/Platforms/MacOSX.platform/Developer/SDKs/MacOSX26.1.sdk/System/Library/Frameworks/AppKit.framework/Headers/NSStepper.h
/Applications/Xcode.app/Contents/Developer/Platforms/MacOSX.platform/Developer/SDKs/MacOSX26.1.sdk/System/Library/Frameworks/AppKit.framework/Headers/NSStepperCell.h
/Applications/Xcode.app/Contents/Developer/Platforms/MacOSX.platform/Developer/SDKs/MacOSX26.1.sdk/System/Library/Frameworks/AppKit.framework/Headers/NSGlyphInfo.h
/Applications/Xcode.app/Contents/Developer/Platforms/MacOSX.platform/Developer/SDKs/MacOSX26.1.sdk/System/Library/Frameworks/AppKit.framework/Headers/NSShadow.h
/Applications/Xcode.app/Contents/Developer/Platforms/MacOSX.platform/Developer/SDKs/MacOSX26.1.sdk/System/Library/Frameworks/AppKit.framework/Headers/NSATSTypesetter.h
/Applications/Xcode.app/Contents/Developer/Platforms/MacOSX.platform/Developer/SDKs/MacOSX26.1.sdk/System/Library/Frameworks/AppKit.framework/Headers/NSTypesetter.h
/Applications/Xcode.app/Contents/Developer/Platforms/MacOSX.platform/Developer/SDKs/MacOSX26.1.sdk/System/Library/Frameworks/AppKit.framework/Headers/NSSearchField.h
/Applications/Xcode.app/Contents/Developer/Platforms/MacOSX.platform/Developer/SDKs/MacOSX26.1.sdk/System/Library/Frameworks/AppKit.framework/Headers/NSSearchFieldCell.h
/Applications/Xcode.app/Contents/Developer/Platforms/MacOSX.platform/Developer/SDKs/MacOSX26.1.sdk/System/Library/Frameworks/AppKit.framework/Headers/NSController.h
/Applications/Xcode.app/Contents/Developer/Platforms/MacOSX.platform/Developer/SDKs/MacOSX26.1.sdk/System/Library/Frameworks/AppKit.framework/Headers/NSObjectController.h
/Applications/Xcode.app/Contents/Developer/Platforms/MacOSX.platform/Developer/SDKs/MacOSX26.1.sdk/System/Library/Frameworks/AppKit.framework/Headers/NSArrayController.h
/Applications/Xcode.app/Contents/Developer/Platforms/MacOSX.platform/Developer/SDKs/MacOSX26.1.sdk/System/Library/Frameworks/AppKit.framework/Headers/NSDictionaryController.h
/Applications/Xcode.app/Contents/Developer/Platforms/MacOSX.platform/Developer/SDKs/MacOSX26.1.sdk/System/Library/Frameworks/AppKit.framework/Headers/NSTreeNode.h
/Applications/Xcode.app/Contents/Developer/Platforms/MacOSX.platform/Developer/SDKs/MacOSX26.1.sdk/System/Library/Frameworks/AppKit.framework/Headers/NSTreeController.h
/Applications/Xcode.app/Contents/Developer/Platforms/MacOSX.platform/Developer/SDKs/MacOSX26.1.sdk/System/Library/Frameworks/AppKit.framework/Headers/NSUserDefaultsController.h
/Applications/Xcode.app/Contents/Developer/Platforms/MacOSX.platform/Developer/SDKs/MacOSX26.1.sdk/System/Library/Frameworks/AppKit.framework/Headers/NSTextList.h
/Applications/Xcode.app/Contents/Developer/Platforms/MacOSX.platform/Developer/SDKs/MacOSX26.1.sdk/System/Library/Frameworks/AppKit.framework/Headers/NSTextTable.h
/Applications/Xcode.app/Contents/Developer/Platforms/MacOSX.platform/Developer/SDKs/MacOSX26.1.sdk/System/Library/Frameworks/AppKit.framework/Headers/NSDatePickerCell.h
/Applications/Xcode.app/Contents/Developer/Platforms/MacOSX.platform/Developer/SDKs/MacOSX26.1.sdk/System/Library/Frameworks/AppKit.framework/Headers/NSDatePicker.h
/Applications/Xcode.app/Contents/Developer/Platforms/MacOSX.platform/Developer/SDKs/MacOSX26.1.sdk/System/Library/Frameworks/AppKit.framework/Headers/NSLevelIndicatorCell.h
/Applications/Xcode.app/Contents/Developer/Platforms/MacOSX.platform/Developer/SDKs/MacOSX26.1.sdk/System/Library/Frameworks/AppKit.framework/Headers/NSLevelIndicator.h
/Applications/Xcode.app/Contents/Developer/Platforms/MacOSX.platform/Developer/SDKs/MacOSX26.1.sdk/System/Library/Frameworks/AppKit.framework/Headers/NSPersistentDocument.h
/Applications/Xcode.app/Contents/Developer/Platforms/MacOSX.platform/Developer/SDKs/MacOSX26.1.sdk/System/Library/Frameworks/AppKit.framework/Headers/NSRuleEditor.h
/Applications/Xcode.app/Contents/Developer/Platforms/MacOSX.platform/Developer/SDKs/MacOSX26.1.sdk/System/Library/Frameworks/AppKit.framework/Headers/NSPredicateEditor.h
/Applications/Xcode.app/Contents/Developer/Platforms/MacOSX.platform/Developer/SDKs/MacOSX26.1.sdk/System/Library/Frameworks/AppKit.framework/Headers/NSPredicateEditorRowTemplate.h
/Applications/Xcode.app/Contents/Developer/Platforms/MacOSX.platform/Developer/SDKs/MacOSX26.1.sdk/System/Library/Frameworks/AppKit.framework/Headers/NSPathCell.h
/Applications/Xcode.app/Contents/Developer/Platforms/MacOSX.platform/Developer/SDKs/MacOSX26.1.sdk/System/Library/Frameworks/AppKit.framework/Headers/NSPathControl.h
/Applications/Xcode.app/Contents/Developer/Platforms/MacOSX.platform/Developer/SDKs/MacOSX26.1.sdk/System/Library/Frameworks/AppKit.framework/Headers/NSPathComponentCell.h
/Applications/Xcode.app/Contents/Developer/Platforms/MacOSX.platform/Developer/SDKs/MacOSX26.1.sdk/System/Library/Frameworks/AppKit.framework/Headers/NSPathControlItem.h
/Applications/Xcode.app/Contents/Developer/Platforms/MacOSX.platform/Developer/SDKs/MacOSX26.1.sdk/System/Library/Frameworks/AppKit.framework/Headers/NSPageController.h
/Applications/Xcode.app/Contents/Developer/Platforms/MacOSX.platform/Developer/SDKs/MacOSX26.1.sdk/System/Library/Frameworks/AppKit.framework/Headers/NSTextInputContext.h
/Applications/Xcode.app/Contents/Developer/Platforms/MacOSX.platform/Developer/SDKs/MacOSX26.1.sdk/System/Library/Frameworks/AppKit.framework/Headers/NSUserInterfaceItemSearching.h
/Applications/Xcode.app/Contents/Developer/Platforms/MacOSX.platform/Developer/SDKs/MacOSX26.1.sdk/System/Library/Frameworks/AppKit.framework/Headers/NSWindowRestoration.h
/Applications/Xcode.app/Contents/Developer/Platforms/MacOSX.platform/Developer/SDKs/MacOSX26.1.sdk/System/Library/Frameworks/AppKit.framework/Headers/NSTextAlternatives.h
/Applications/Xcode.app/Contents/Developer/Platforms/MacOSX.platform/Developer/SDKs/MacOSX26.1.sdk/System/Library/Frameworks/AppKit.framework/Headers/NSVisualEffectView.h
/Applications/Xcode.app/Contents/Developer/Platforms/MacOSX.platform/Developer/SDKs/MacOSX26.1.sdk/System/Library/Frameworks/AppKit.framework/Headers/NSItemBadge.h
/Applications/Xcode.app/Contents/Developer/Platforms/MacOSX.platform/Developer/SDKs/MacOSX26.1.sdk/System/Library/Frameworks/AppKit.framework/Headers/NSItemProvider.h
/Applications/Xcode.app/Contents/Developer/Platforms/MacOSX.platform/Developer/SDKs/MacOSX26.1.sdk/System/Library/Frameworks/AppKit.framework/Headers/NSTitlebarAccessoryViewController.h
/Applications/Xcode.app/Contents/Developer/Platforms/MacOSX.platform/Developer/SDKs/MacOSX26.1.sdk/System/Library/Frameworks/AppKit.framework/Headers/NSDataAsset.h
/Applications/Xcode.app/Contents/Developer/Platforms/MacOSX.platform/Developer/SDKs/MacOSX26.1.sdk/System/Library/Frameworks/AppKit.framework/Headers/NSAlignmentFeedbackFilter.h
/Applications/Xcode.app/Contents/Developer/Platforms/MacOSX.platform/Developer/SDKs/MacOSX26.1.sdk/System/Library/Frameworks/AppKit.framework/Headers/NSHapticFeedback.h
/Applications/Xcode.app/Contents/Developer/Platforms/MacOSX.platform/Developer/SDKs/MacOSX26.1.sdk/System/Library/Frameworks/AppKit.framework/Headers/NSPressureConfiguration.h
/Applications/Xcode.app/Contents/Developer/Platforms/MacOSX.platform/Developer/SDKs/MacOSX26.1.sdk/System/Library/Frameworks/AppKit.framework/Headers/NSButtonTouchBarItem.h
/Applications/Xcode.app/Contents/Developer/Platforms/MacOSX.platform/Developer/SDKs/MacOSX26.1.sdk/System/Library/Frameworks/AppKit.framework/Headers/NSPickerTouchBarItem.h
/Applications/Xcode.app/Contents/Developer/Platforms/MacOSX.platform/Developer/SDKs/MacOSX26.1.sdk/System/Library/Frameworks/AppKit.framework/Headers/NSStepperTouchBarItem.h
/Applications/Xcode.app/Contents/Developer/Platforms/MacOSX.platform/Developer/SDKs/MacOSX26.1.sdk/System/Library/Frameworks/AppKit.framework/Headers/NSTintConfiguration.h
/Applications/Xcode.app/Contents/Developer/Platforms/MacOSX.platform/Developer/SDKs/MacOSX26.1.sdk/System/Library/Frameworks/AppKit.framework/Headers/NSSearchToolbarItem.h
/Applications/Xcode.app/Contents/Developer/Platforms/MacOSX.platform/Developer/SDKs/MacOSX26.1.sdk/System/Library/Frameworks/AppKit.framework/Headers/NSTextRange.h
/Applications/Xcode.app/Contents/Developer/Platforms/MacOSX.platform/Developer/SDKs/MacOSX26.1.sdk/System/Library/Frameworks/AppKit.framework/Headers/NSTextSelection.h
/Applications/Xcode.app/Contents/Developer/Platforms/MacOSX.platform/Developer/SDKs/MacOSX26.1.sdk/System/Library/Frameworks/AppKit.framework/Headers/NSTextSelectionNavigation.h
/Applications/Xcode.app/Contents/Developer/Platforms/MacOSX.platform/Developer/SDKs/MacOSX26.1.sdk/System/Library/Frameworks/AppKit.framework/Headers/NSTextContentManager.h
/Applications/Xcode.app/Contents/Developer/Platforms/MacOSX.platform/Developer/SDKs/MacOSX26.1.sdk/System/Library/Frameworks/AppKit.framework/Headers/NSTextElement.h
/Applications/Xcode.app/Contents/Developer/Platforms/MacOSX.platform/Developer/SDKs/MacOSX26.1.sdk/System/Library/Frameworks/AppKit.framework/Headers/NSTextListElement.h
/Applications/Xcode.app/Contents/Developer/Platforms/MacOSX.platform/Developer/SDKs/MacOSX26.1.sdk/System/Library/Frameworks/AppKit.framework/Headers/NSTextLayoutFragment.h
/Applications/Xcode.app/Contents/Developer/Platforms/MacOSX.platform/Developer/SDKs/MacOSX26.1.sdk/System/Library/Frameworks/AppKit.framework/Headers/NSTextLayoutManager.h
/Applications/Xcode.app/Contents/Developer/Platforms/MacOSX.platform/Developer/SDKs/MacOSX26.1.sdk/System/Library/Frameworks/AppKit.framework/Headers/NSTextLineFragment.h
/Applications/Xcode.app/Contents/Developer/Platforms/MacOSX.platform/Developer/SDKs/MacOSX26.1.sdk/System/Library/Frameworks/AppKit.framework/Headers/NSTextViewportLayoutController.h
/Applications/Xcode.app/Contents/Developer/Platforms/MacOSX.platform/Developer/SDKs/MacOSX26.1.sdk/System/Library/Frameworks/AppKit.framework/Headers/NSAdaptiveImageGlyph.h
/Applications/Xcode.app/Contents/Developer/Platforms/MacOSX.platform/Developer/SDKs/MacOSX26.1.sdk/System/Library/Frameworks/CoreText.framework/Modules/module.modulemap
/Applications/Xcode.app/Contents/Developer/Platforms/MacOSX.platform/Developer/SDKs/MacOSX26.1.sdk/System/Library/Frameworks/AppKit.framework/Headers/NSWritingToolsCoordinatorAnimationParameters.h
/Applications/Xcode.app/Contents/Developer/Platforms/MacOSX.platform/Developer/SDKs/MacOSX26.1.sdk/System/Library/Frameworks/AppKit.framework/Headers/NSWritingToolsCoordinatorContext.h
/Applications/Xcode.app/Contents/Developer/Platforms/MacOSX.platform/Developer/SDKs/MacOSX26.1.sdk/System/Library/Frameworks/AppKit.framework/Headers/NSWritingToolsCoordinator.h
/Applications/Xcode.app/Contents/Developer/Platforms/MacOSX.platform/Developer/SDKs/MacOSX26.1.sdk/System/Library/Frameworks/AppKit.framework/Headers/NSNibConnector.h
/Applications/Xcode.app/Contents/Developer/Platforms/MacOSX.platform/Developer/SDKs/MacOSX26.1.sdk/System/Library/Frameworks/AppKit.framework/Headers/NSNibControlConnector.h
/Applications/Xcode.app/Contents/Developer/Platforms/MacOSX.platform/Developer/SDKs/MacOSX26.1.sdk/System/Library/Frameworks/AppKit.framework/Headers/NSNibOutletConnector.h
/Applications/Xcode.app/Contents/Developer/Platforms/MacOSX.platform/Developer/SDKs/MacOSX26.1.sdk/SDKSettings.json
/Applications/Xcode.app/Contents/Developer/Toolchains/XcodeDefault.xctoolchain/usr/lib/swift/macosx/prebuilt-modules/26.1/AppKit.swiftmodule/arm64e-apple-macos.swiftmodule
/Applications/Xcode.app/Contents/Developer/Platforms/MacOSX.platform/Developer/SDKs/MacOSX26.1.sdk/System/Library/Frameworks/ApplicationServices.framework/Headers/ApplicationServices.apinotes
/Applications/Xcode.app/Contents/Developer/Platforms/MacOSX.platform/Developer/SDKs/MacOSX26.1.sdk/System/Library/Frameworks/ApplicationServices.framework/Modules/module.modulemap
/Applications/Xcode.app/Contents/Developer/Platforms/MacOSX.platform/Developer/SDKs/MacOSX26.1.sdk/System/Library/Frameworks/ApplicationServices.framework/Headers/ApplicationServices.h
/Applications/Xcode.app/Contents/Developer/Platforms/MacOSX.platform/Developer/SDKs/MacOSX26.1.sdk/usr/include/cups.modulemap
/Applications/Xcode.app/Contents/Developer/Platforms/MacOSX.platform/Developer/SDKs/MacOSX26.1.sdk/usr/include/DarwinFoundation2.modulemap
/Applications/Xcode.app/Contents/Developer/Platforms/MacOSX.platform/Developer/SDKs/MacOSX26.1.sdk/usr/include/DarwinFoundation1.modulemap
/Applications/Xcode.app/Contents/Developer/Platforms/MacOSX.platform/Developer/SDKs/MacOSX26.1.sdk/System/Library/Frameworks/CoreServices.framework/Modules/module.modulemap
/Applications/Xcode.app/Contents/Developer/Platforms/MacOSX.platform/Developer/SDKs/MacOSX26.1.sdk/System/Library/Frameworks/ApplicationServices.framework/Frameworks/ATS.framework/Headers/ATS.h
/Applications/Xcode.app/Contents/Developer/Platforms/MacOSX.platform/Developer/SDKs/MacOSX26.1.sdk/System/Library/Frameworks/ApplicationServices.framework/Frameworks/ATS.framework/Headers/ATSDefines.h
/Applications/Xcode.app/Contents/Developer/Platforms/MacOSX.platform/Developer/SDKs/MacOSX26.1.sdk/System/Library/Frameworks/ApplicationServices.framework/Frameworks/ATS.framework/Headers/ATSLayoutTypes.h
/Applications/Xcode.app/Contents/Developer/Platforms/MacOSX.platform/Developer/SDKs/MacOSX26.1.sdk/System/Library/Frameworks/ApplicationServices.framework/Frameworks/ATS.framework/Headers/SFNTLayoutTypes.h
/Applications/Xcode.app/Contents/Developer/Platforms/MacOSX.platform/Developer/SDKs/MacOSX26.1.sdk/System/Library/Frameworks/CoreText.framework/Modules/module.modulemap
/Applications/Xcode.app/Contents/Developer/Platforms/MacOSX.platform/Developer/SDKs/MacOSX26.1.sdk/System/Library/Frameworks/ApplicationServices.framework/Frameworks/ATS.framework/Headers/ATSTypes.h
/Applications/Xcode.app/Contents/Developer/Platforms/MacOSX.platform/Developer/SDKs/MacOSX26.1.sdk/System/Library/Frameworks/CoreGraphics.framework/Modules/module.modulemap
/Applications/Xcode.app/Contents/Developer/Platforms/MacOSX.platform/Developer/SDKs/MacOSX26.1.sdk/System/Library/Frameworks/ApplicationServices.framework/Frameworks/ATS.framework/Headers/ATSFont.h
/Applications/Xcode.app/Contents/Developer/Platforms/MacOSX.platform/Developer/SDKs/MacOSX26.1.sdk/System/Library/Frameworks/ApplicationServices.framework/Frameworks/ATS.framework/Headers/SFNTTypes.h
/Applications/Xcode.app/Contents/Developer/Platforms/MacOSX.platform/Developer/SDKs/MacOSX26.1.sdk/System/Library/Frameworks/ColorSync.framework/Modules/module.modulemap
/Applications/Xcode.app/Contents/Developer/Platforms/MacOSX.platform/Developer/SDKs/MacOSX26.1.sdk/System/Library/Frameworks/ApplicationServices.framework/Frameworks/HIServices.framework/Headers/HIServices.h
/Applications/Xcode.app/Contents/Developer/Platforms/MacOSX.platform/Developer/SDKs/MacOSX26.1.sdk/System/Library/Frameworks/ApplicationServices.framework/Frameworks/HIServices.framework/Headers/HIShape.h
/Applications/Xcode.app/Contents/Developer/Platforms/MacOSX.platform/Developer/SDKs/MacOSX26.1.sdk/System/Library/Frameworks/ApplicationServices.framework/Frameworks/QD.framework/Headers/Quickdraw.h
/Applications/Xcode.app/Contents/Developer/Platforms/MacOSX.platform/Developer/SDKs/MacOSX26.1.sdk/System/Library/Frameworks/ApplicationServices.framework/Frameworks/QD.framework/Headers/ColorSyncDeprecated.h
/Applications/Xcode.app/Contents/Developer/Toolchains/XcodeDefault.xctoolchain/usr/lib/swift/clang/include/module.modulemap
/Applications/Xcode.app/Contents/Developer/Toolchains/XcodeDefault.xctoolchain/usr/lib/swift/clang/include/stddef.h
/Applications/Xcode.app/Contents/Developer/Platforms/MacOSX.platform/Developer/SDKs/MacOSX26.1.sdk/System/Library/Frameworks/ApplicationServices.framework/Frameworks/HIServices.framework/Headers/Icons.h
/Applications/Xcode.app/Contents/Developer/Platforms/MacOSX.platform/Developer/SDKs/MacOSX26.1.sdk/System/Library/Frameworks/ApplicationServices.framework/Frameworks/HIServices.framework/Headers/InternetConfig.h
/Applications/Xcode.app/Contents/Developer/Platforms/MacOSX.platform/Developer/SDKs/MacOSX26.1.sdk/System/Library/Frameworks/ApplicationServices.framework/Frameworks/HIServices.framework/Headers/Processes.h
/Applications/Xcode.app/Contents/Developer/Platforms/MacOSX.platform/Developer/SDKs/MacOSX26.1.sdk/System/Library/Frameworks/ApplicationServices.framework/Frameworks/HIServices.framework/Headers/Pasteboard.h
/Applications/Xcode.app/Contents/Developer/Platforms/MacOSX.platform/Developer/SDKs/MacOSX26.1.sdk/System/Library/Frameworks/ApplicationServices.framework/Frameworks/HIServices.framework/Headers/TranslationServices.h
/Applications/Xcode.app/Contents/Developer/Platforms/MacOSX.platform/Developer/SDKs/MacOSX26.1.sdk/System/Library/Frameworks/ApplicationServices.framework/Frameworks/HIServices.framework/Headers/Accessibility.h
/Applications/Xcode.app/Contents/Developer/Platforms/MacOSX.platform/Developer/SDKs/MacOSX26.1.sdk/System/Library/Frameworks/ApplicationServices.framework/Frameworks/HIServices.framework/Headers/AXError.h
/Applications/Xcode.app/Contents/Developer/Platforms/MacOSX.platform/Developer/SDKs/MacOSX26.1.sdk/System/Library/Frameworks/CoreFoundation.framework/Modules/module.modulemap
/Applications/Xcode.app/Contents/Developer/Platforms/MacOSX.platform/Developer/SDKs/MacOSX26.1.sdk/System/Library/Frameworks/ApplicationServices.framework/Frameworks/HIServices.framework/Headers/AXConstants.h
/Applications/Xcode.app/Contents/Developer/Platforms/MacOSX.platform/Developer/SDKs/MacOSX26.1.sdk/System/Library/Frameworks/ApplicationServices.framework/Frameworks/HIServices.framework/Headers/AXRoleConstants.h
/Applications/Xcode.app/Contents/Developer/Platforms/MacOSX.platform/Developer/SDKs/MacOSX26.1.sdk/System/Library/Frameworks/ApplicationServices.framework/Frameworks/HIServices.framework/Headers/AXAttributeConstants.h
/Applications/Xcode.app/Contents/Developer/Platforms/MacOSX.platform/Developer/SDKs/MacOSX26.1.sdk/System/Library/Frameworks/ApplicationServices.framework/Frameworks/HIServices.framework/Headers/AXActionConstants.h
/Applications/Xcode.app/Contents/Developer/Platforms/MacOSX.platform/Developer/SDKs/MacOSX26.1.sdk/System/Library/Frameworks/ApplicationServices.framework/Frameworks/HIServices.framework/Headers/AXNotificationConstants.h
/Applications/Xcode.app/Contents/Developer/Platforms/MacOSX.platform/Developer/SDKs/MacOSX26.1.sdk/System/Library/Frameworks/ApplicationServices.framework/Frameworks/HIServices.framework/Headers/AXValueConstants.h
/Applications/Xcode.app/Contents/Developer/Platforms/MacOSX.platform/Developer/SDKs/MacOSX26.1.sdk/System/Library/Frameworks/ApplicationServices.framework/Frameworks/HIServices.framework/Headers/AXWebConstants.h
/Applications/Xcode.app/Contents/Developer/Platforms/MacOSX.platform/Developer/SDKs/MacOSX26.1.sdk/System/Library/Frameworks/ApplicationServices.framework/Frameworks/HIServices.framework/Headers/AXUIElement.h
/Applications/Xcode.app/Contents/Developer/Platforms/MacOSX.platform/Developer/SDKs/MacOSX26.1.sdk/System/Library/Frameworks/ApplicationServices.framework/Frameworks/HIServices.framework/Headers/AXValue.h
/Applications/Xcode.app/Contents/Developer/Platforms/MacOSX.platform/Developer/SDKs/MacOSX26.1.sdk/System/Library/Frameworks/ApplicationServices.framework/Frameworks/HIServices.framework/Headers/AXTextAttributedString.h
/Applications/Xcode.app/Contents/Developer/Platforms/MacOSX.platform/Developer/SDKs/MacOSX26.1.sdk/System/Library/Frameworks/ApplicationServices.framework/Frameworks/HIServices.framework/Headers/UniversalAccess.h
/Applications/Xcode.app/Contents/Developer/Platforms/MacOSX.platform/Developer/SDKs/MacOSX26.1.sdk/System/Library/Frameworks/ImageIO.framework/Modules/module.modulemap
/Applications/Xcode.app/Contents/Developer/Platforms/MacOSX.platform/Developer/SDKs/MacOSX26.1.sdk/System/Library/Frameworks/ApplicationServices.framework/Frameworks/PrintCore.framework/Headers/PrintCore.h
/Applications/Xcode.app/Contents/Developer/Platforms/MacOSX.platform/Developer/SDKs/MacOSX26.1.sdk/System/Library/Frameworks/ApplicationServices.framework/Frameworks/PrintCore.framework/Headers/PDEPluginInterface.h
/Applications/Xcode.app/Contents/Developer/Platforms/MacOSX.platform/Developer/SDKs/MacOSX26.1.sdk/System/Library/Frameworks/Foundation.framework/Modules/module.modulemap
/Applications/Xcode.app/Contents/Developer/Platforms/MacOSX.platform/Developer/SDKs/MacOSX26.1.sdk/System/Library/Frameworks/ApplicationServices.framework/Frameworks/PrintCore.framework/Headers/PMDefinitions.h
/Applications/Xcode.app/Contents/Developer/Platforms/MacOSX.platform/Developer/SDKs/MacOSX26.1.sdk/System/Library/Frameworks/ApplicationServices.framework/Frameworks/PrintCore.framework/Headers/PMCore.h
/Applications/Xcode.app/Contents/Developer/Platforms/MacOSX.platform/Developer/SDKs/MacOSX26.1.sdk/System/Library/Frameworks/ApplicationServices.framework/Frameworks/PrintCore.framework/Headers/PMPrintAETypes.h
/Applications/Xcode.app/Contents/Developer/Platforms/MacOSX.platform/Developer/SDKs/MacOSX26.1.sdk/System/Library/Frameworks/ApplicationServices.framework/Frameworks/PrintCore.framework/Headers/PMPrintingDialogExtensions.h
/Applications/Xcode.app/Contents/Developer/Platforms/MacOSX.platform/Developer/SDKs/MacOSX26.1.sdk/System/Library/Frameworks/ApplicationServices.framework/Frameworks/PrintCore.framework/Headers/PMPrintSettingsKeys.h
/Applications/Xcode.app/Contents/Developer/Platforms/MacOSX.platform/Developer/SDKs/MacOSX26.1.sdk/System/Library/Frameworks/ApplicationServices.framework/Frameworks/PrintCore.framework/Headers/PMErrors.h
/Applications/Xcode.app/Contents/Developer/Platforms/MacOSX.platform/Developer/SDKs/MacOSX26.1.sdk/System/Library/Frameworks/ApplicationServices.framework/Frameworks/QD.framework/Headers/QD.h
/Applications/Xcode.app/Contents/Developer/Platforms/MacOSX.platform/Developer/SDKs/MacOSX26.1.sdk/System/Library/Frameworks/ApplicationServices.framework/Frameworks/QD.framework/Headers/QDAvailability.h
/Applications/Xcode.app/Contents/Developer/Platforms/MacOSX.platform/Developer/SDKs/MacOSX26.1.sdk/System/Library/Frameworks/ApplicationServices.framework/Frameworks/QD.framework/Headers/Fonts.h
/Applications/Xcode.app/Contents/Developer/Platforms/MacOSX.platform/Developer/SDKs/MacOSX26.1.sdk/System/Library/Frameworks/ApplicationServices.framework/Frameworks/ATSUI.framework/Headers/ATSUnicode.h
/Applications/Xcode.app/Contents/Developer/Platforms/MacOSX.platform/Developer/SDKs/MacOSX26.1.sdk/System/Library/Frameworks/ApplicationServices.framework/Frameworks/ATSUI.framework/Headers/ATSAvailability.h
/Applications/Xcode.app/Contents/Developer/Platforms/MacOSX.platform/Developer/SDKs/MacOSX26.1.sdk/System/Library/Frameworks/ApplicationServices.framework/Frameworks/ATSUI.framework/Headers/ATSUnicodeTypes.h
/Applications/Xcode.app/Contents/Developer/Platforms/MacOSX.platform/Developer/SDKs/MacOSX26.1.sdk/System/Library/Frameworks/ApplicationServices.framework/Frameworks/ATSUI.framework/Headers/ATSUnicodeGlyphs.h
/Applications/Xcode.app/Contents/Developer/Platforms/MacOSX.platform/Developer/SDKs/MacOSX26.1.sdk/System/Library/Frameworks/ApplicationServices.framework/Frameworks/ATSUI.framework/Headers/ATSUnicodeFlattening.h
/Applications/Xcode.app/Contents/Developer/Platforms/MacOSX.platform/Developer/SDKs/MacOSX26.1.sdk/System/Library/Frameworks/ApplicationServices.framework/Frameworks/ATSUI.framework/Headers/ATSUnicodeDirectAccess.h
/Applications/Xcode.app/Contents/Developer/Platforms/MacOSX.platform/Developer/SDKs/MacOSX26.1.sdk/System/Library/Frameworks/ApplicationServices.framework/Frameworks/SpeechSynthesis.framework/Headers/SpeechSynthesis.h
/Applications/Xcode.app/Contents/Developer/Platforms/MacOSX.platform/Developer/SDKs/MacOSX26.1.sdk/SDKSettings.json
/Applications/Xcode.app/Contents/Developer/Platforms/MacOSX.platform/Developer/SDKs/MacOSX26.1.sdk/System/Library/Frameworks/CFNetwork.framework/Modules/module.modulemap
/Applications/Xcode.app/Contents/Developer/Platforms/MacOSX.platform/Developer/SDKs/MacOSX26.1.sdk/System/Library/Frameworks/CFNetwork.framework/Headers/CFNetwork.h
/Applications/Xcode.app/Contents/Developer/Platforms/MacOSX.platform/Developer/SDKs/MacOSX26.1.sdk/System/Library/Frameworks/CoreFoundation.framework/Modules/module.modulemap
/Applications/Xcode.app/Contents/Developer/Platforms/MacOSX.platform/Developer/SDKs/MacOSX26.1.sdk/System/Library/Frameworks/CFNetwork.framework/Headers/CFNetworkDefs.h
/Applications/Xcode.app/Contents/Developer/Platforms/MacOSX.platform/Developer/SDKs/MacOSX26.1.sdk/usr/include/Darwin.modulemap
/Applications/Xcode.app/Contents/Developer/Platforms/MacOSX.platform/Developer/SDKs/MacOSX26.1.sdk/System/Library/Frameworks/CFNetwork.framework/Headers/CFNetworkErrors.h
/Applications/Xcode.app/Contents/Developer/Platforms/MacOSX.platform/Developer/SDKs/MacOSX26.1.sdk/System/Library/Frameworks/CFNetwork.framework/Headers/CFSocketStream.h
/Applications/Xcode.app/Contents/Developer/Platforms/MacOSX.platform/Developer/SDKs/MacOSX26.1.sdk/System/Library/Frameworks/CFNetwork.framework/Headers/CFHost.h
/Applications/Xcode.app/Contents/Developer/Platforms/MacOSX.platform/Developer/SDKs/MacOSX26.1.sdk/System/Library/Frameworks/CFNetwork.framework/Headers/CFNetServices.h
/Applications/Xcode.app/Contents/Developer/Platforms/MacOSX.platform/Developer/SDKs/MacOSX26.1.sdk/System/Library/Frameworks/CFNetwork.framework/Headers/CFFTPStream.h
/Applications/Xcode.app/Contents/Developer/Platforms/MacOSX.platform/Developer/SDKs/MacOSX26.1.sdk/System/Library/Frameworks/CFNetwork.framework/Headers/CFHTTPMessage.h
/Applications/Xcode.app/Contents/Developer/Platforms/MacOSX.platform/Developer/SDKs/MacOSX26.1.sdk/System/Library/Frameworks/CFNetwork.framework/Headers/CFHTTPStream.h
/Applications/Xcode.app/Contents/Developer/Platforms/MacOSX.platform/Developer/SDKs/MacOSX26.1.sdk/System/Library/Frameworks/CFNetwork.framework/Headers/CFHTTPAuthentication.h
/Applications/Xcode.app/Contents/Developer/Platforms/MacOSX.platform/Developer/SDKs/MacOSX26.1.sdk/System/Library/Frameworks/CFNetwork.framework/Headers/CFNetDiagnostics.h
/Applications/Xcode.app/Contents/Developer/Toolchains/XcodeDefault.xctoolchain/usr/lib/swift/clang/include/module.modulemap
/Applications/Xcode.app/Contents/Developer/Platforms/MacOSX.platform/Developer/SDKs/MacOSX26.1.sdk/System/Library/Frameworks/CFNetwork.framework/Headers/CFProxySupport.h
/Applications/Xcode.app/Contents/Developer/Platforms/MacOSX.platform/Developer/SDKs/MacOSX26.1.sdk/SDKSettings.json
/Applications/Xcode.app/Contents/Developer/Platforms/MacOSX.platform/Developer/SDKs/MacOSX26.1.sdk/usr/include/cups.modulemap
/Applications/Xcode.app/Contents/Developer/Platforms/MacOSX.platform/Developer/SDKs/MacOSX26.1.sdk/usr/include/Darwin.modulemap
/Applications/Xcode.app/Contents/Developer/Platforms/MacOSX.platform/Developer/SDKs/MacOSX26.1.sdk/usr/include/Darwin_C.modulemap
/Applications/Xcode.app/Contents/Developer/Platforms/MacOSX.platform/Developer/SDKs/MacOSX26.1.sdk/usr/include/Darwin_POSIX.modulemap
/Applications/Xcode.app/Contents/Developer/Platforms/MacOSX.platform/Developer/SDKs/MacOSX26.1.sdk/usr/include/net.modulemap
/Applications/Xcode.app/Contents/Developer/Platforms/MacOSX.platform/Developer/SDKs/MacOSX26.1.sdk/usr/include/netinet.modulemap
/Applications/Xcode.app/Contents/Developer/Platforms/MacOSX.platform/Developer/SDKs/MacOSX26.1.sdk/usr/include/bank.modulemap
/Applications/Xcode.app/Contents/Developer/Platforms/MacOSX.platform/Developer/SDKs/MacOSX26.1.sdk/usr/include/Darwin_Mach.modulemap
/Applications/Xcode.app/Contents/Developer/Platforms/MacOSX.platform/Developer/SDKs/MacOSX26.1.sdk/usr/include/Darwin_Mach_machine.modulemap
/Applications/Xcode.app/Contents/Developer/Platforms/MacOSX.platform/Developer/SDKs/MacOSX26.1.sdk/usr/include/mach_debug.modulemap
/Applications/Xcode.app/Contents/Developer/Platforms/MacOSX.platform/Developer/SDKs/MacOSX26.1.sdk/usr/include/device.modulemap
/Applications/Xcode.app/Contents/Developer/Platforms/MacOSX.platform/Developer/SDKs/MacOSX26.1.sdk/usr/include/Darwin_machine.modulemap
/Applications/Xcode.app/Contents/Developer/Platforms/MacOSX.platform/Developer/SDKs/MacOSX26.1.sdk/usr/include/ncurses.modulemap
/Applications/Xcode.app/Contents/Developer/Platforms/MacOSX.platform/Developer/SDKs/MacOSX26.1.sdk/usr/include/netinet6.modulemap
/Applications/Xcode.app/Contents/Developer/Platforms/MacOSX.platform/Developer/SDKs/MacOSX26.1.sdk/usr/include/Darwin_sys.modulemap
/Applications/Xcode.app/Contents/Developer/Platforms/MacOSX.platform/Developer/SDKs/MacOSX26.1.sdk/usr/include/uuid.modulemap
/Applications/Xcode.app/Contents/Developer/Platforms/MacOSX.platform/Developer/SDKs/MacOSX26.1.sdk/usr/include/DarwinFoundation2.modulemap
/Applications/Xcode.app/Contents/Developer/Platforms/MacOSX.platform/Developer/SDKs/MacOSX26.1.sdk/usr/include/DarwinFoundation3.modulemap
/Applications/Xcode.app/Contents/Developer/Platforms/MacOSX.platform/Developer/SDKs/MacOSX26.1.sdk/usr/include/DarwinFoundation1.modulemap
/Applications/Xcode.app/Contents/Developer/Platforms/MacOSX.platform/Developer/SDKs/MacOSX26.1.sdk/usr/include/cups/cups.h
/Applications/Xcode.app/Contents/Developer/Platforms/MacOSX.platform/Developer/SDKs/MacOSX26.1.sdk/usr/include/cups/file.h
/Applications/Xcode.app/Contents/Developer/Platforms/MacOSX.platform/Developer/SDKs/MacOSX26.1.sdk/usr/include/cups/versioning.h
/Applications/Xcode.app/Contents/Developer/Toolchains/XcodeDefault.xctoolchain/usr/lib/swift/clang/include/module.modulemap
/Applications/Xcode.app/Contents/Developer/Toolchains/XcodeDefault.xctoolchain/usr/lib/swift/clang/include/stddef.h
/Applications/Xcode.app/Contents/Developer/Platforms/MacOSX.platform/Developer/SDKs/MacOSX26.1.sdk/usr/include/cups/ipp.h
/Applications/Xcode.app/Contents/Developer/Platforms/MacOSX.platform/Developer/SDKs/MacOSX26.1.sdk/usr/include/cups/http.h
/Applications/Xcode.app/Contents/Developer/Platforms/MacOSX.platform/Developer/SDKs/MacOSX26.1.sdk/usr/include/cups/array.h
/Applications/Xcode.app/Contents/Developer/Platforms/MacOSX.platform/Developer/SDKs/MacOSX26.1.sdk/usr/include/stdlib.h
/Applications/Xcode.app/Contents/Developer/Platforms/MacOSX.platform/Developer/SDKs/MacOSX26.1.sdk/usr/include/string.h
/Applications/Xcode.app/Contents/Developer/Platforms/MacOSX.platform/Developer/SDKs/MacOSX26.1.sdk/usr/include/time.h
/Applications/Xcode.app/Contents/Developer/Toolchains/XcodeDefault.xctoolchain/usr/lib/swift/clang/include/stdarg.h
/Applications/Xcode.app/Contents/Developer/Platforms/MacOSX.platform/Developer/SDKs/MacOSX26.1.sdk/usr/include/cups/language.h
/Applications/Xcode.app/Contents/Developer/Platforms/MacOSX.platform/Developer/SDKs/MacOSX26.1.sdk/usr/include/cups/pwg.h
/Applications/Xcode.app/Contents/Developer/Platforms/MacOSX.platform/Developer/SDKs/MacOSX26.1.sdk/usr/include/cups/adminutil.h
/Applications/Xcode.app/Contents/Developer/Platforms/MacOSX.platform/Developer/SDKs/MacOSX26.1.sdk/usr/include/stdio.h
/Applications/Xcode.app/Contents/Developer/Platforms/MacOSX.platform/Developer/SDKs/MacOSX26.1.sdk/usr/include/cups/backend.h
/Applications/Xcode.app/Contents/Developer/Platforms/MacOSX.platform/Developer/SDKs/MacOSX26.1.sdk/usr/include/cups/dir.h
/Applications/Xcode.app/Contents/Developer/Platforms/MacOSX.platform/Developer/SDKs/MacOSX26.1.sdk/usr/include/cups/ppd.h
/Applications/Xcode.app/Contents/Developer/Platforms/MacOSX.platform/Developer/SDKs/MacOSX26.1.sdk/usr/include/cups/raster.h
/Applications/Xcode.app/Contents/Developer/Platforms/MacOSX.platform/Developer/SDKs/MacOSX26.1.sdk/usr/include/cups/sidechannel.h
/Applications/Xcode.app/Contents/Developer/Platforms/MacOSX.platform/Developer/SDKs/MacOSX26.1.sdk/usr/include/cups/transcode.h
/Applications/Xcode.app/Contents/Developer/Platforms/MacOSX.platform/Developer/SDKs/MacOSX26.1.sdk/SDKSettings.json
/Applications/Xcode.app/Contents/Developer/Platforms/MacOSX.platform/Developer/SDKs/MacOSX26.1.sdk/System/Library/Frameworks/Cocoa.framework/Modules/module.modulemap
/Applications/Xcode.app/Contents/Developer/Platforms/MacOSX.platform/Developer/SDKs/MacOSX26.1.sdk/System/Library/Frameworks/Cocoa.framework/Headers/Cocoa.h
/Applications/Xcode.app/Contents/Developer/Platforms/MacOSX.platform/Developer/SDKs/MacOSX26.1.sdk/System/Library/Frameworks/Foundation.framework/Modules/module.modulemap
/Applications/Xcode.app/Contents/Developer/Platforms/MacOSX.platform/Developer/SDKs/MacOSX26.1.sdk/System/Library/Frameworks/AppKit.framework/Modules/module.modulemap
/Applications/Xcode.app/Contents/Developer/Platforms/MacOSX.platform/Developer/SDKs/MacOSX26.1.sdk/System/Library/Frameworks/CoreData.framework/Modules/module.modulemap
/Applications/Xcode.app/Contents/Developer/Platforms/MacOSX.platform/Developer/SDKs/MacOSX26.1.sdk/SDKSettings.json
/Applications/Xcode.app/Contents/Developer/Platforms/MacOSX.platform/Developer/SDKs/MacOSX26.1.sdk/System/Library/Frameworks/ColorSync.framework/Modules/module.modulemap
/Applications/Xcode.app/Contents/Developer/Platforms/MacOSX.platform/Developer/SDKs/MacOSX26.1.sdk/System/Library/Frameworks/ColorSync.framework/Headers/ColorSync.h
/Applications/Xcode.app/Contents/Developer/Platforms/MacOSX.platform/Developer/SDKs/MacOSX26.1.sdk/System/Library/Frameworks/ColorSync.framework/Headers/ColorSyncBase.h
/Applications/Xcode.app/Contents/Developer/Platforms/MacOSX.platform/Developer/SDKs/MacOSX26.1.sdk/System/Library/Frameworks/CoreFoundation.framework/Modules/module.modulemap
/Applications/Xcode.app/Contents/Developer/Platforms/MacOSX.platform/Developer/SDKs/MacOSX26.1.sdk/usr/include/DarwinFoundation1.modulemap
/Applications/Xcode.app/Contents/Developer/Toolchains/XcodeDefault.xctoolchain/usr/lib/swift/clang/include/module.modulemap
/Applications/Xcode.app/Contents/Developer/Platforms/MacOSX.platform/Developer/SDKs/MacOSX26.1.sdk/System/Library/Frameworks/ColorSync.framework/Headers/ColorSyncProfile.h
/Applications/Xcode.app/Contents/Developer/Platforms/MacOSX.platform/Developer/SDKs/MacOSX26.1.sdk/System/Library/Frameworks/ColorSync.framework/Headers/ColorSyncTransform.h
/Applications/Xcode.app/Contents/Developer/Platforms/MacOSX.platform/Developer/SDKs/MacOSX26.1.sdk/System/Library/Frameworks/ColorSync.framework/Headers/ColorSyncCMM.h
/Applications/Xcode.app/Contents/Developer/Platforms/MacOSX.platform/Developer/SDKs/MacOSX26.1.sdk/System/Library/Frameworks/ColorSync.framework/Headers/ColorSyncDevice.h
/Applications/Xcode.app/Contents/Developer/Platforms/MacOSX.platform/Developer/SDKs/MacOSX26.1.sdk/SDKSettings.json
/Applications/Xcode.app/Contents/Developer/Toolchains/XcodeDefault.xctoolchain/usr/lib/swift/macosx/prebuilt-modules/26.1/Combine.swiftmodule/arm64e-apple-macos.swiftmodule
/Applications/Xcode.app/Contents/Developer/Toolchains/XcodeDefault.xctoolchain/usr/lib/swift/macosx/prebuilt-modules/26.1/CoreData.swiftmodule/arm64e-apple-macos.swiftmodule
/Applications/Xcode.app/Contents/Developer/Platforms/MacOSX.platform/Developer/SDKs/MacOSX26.1.sdk/System/Library/Frameworks/CoreData.framework/Headers/CoreData.apinotes
/Applications/Xcode.app/Contents/Developer/Platforms/MacOSX.platform/Developer/SDKs/MacOSX26.1.sdk/System/Library/Frameworks/CoreData.framework/Modules/module.modulemap
/Applications/Xcode.app/Contents/Developer/Platforms/MacOSX.platform/Developer/SDKs/MacOSX26.1.sdk/System/Library/Frameworks/CoreData.framework/Headers/CoreData.h
/Applications/Xcode.app/Contents/Developer/Platforms/MacOSX.platform/Developer/SDKs/MacOSX26.1.sdk/System/Library/Frameworks/Foundation.framework/Modules/module.modulemap
/Applications/Xcode.app/Contents/Developer/Platforms/MacOSX.platform/Developer/SDKs/MacOSX26.1.sdk/System/Library/Frameworks/CoreData.framework/Headers/CoreDataDefines.h
/Applications/Xcode.app/Contents/Developer/Platforms/MacOSX.platform/Developer/SDKs/MacOSX26.1.sdk/usr/include/DarwinFoundation1.modulemap
/Applications/Xcode.app/Contents/Developer/Platforms/MacOSX.platform/Developer/SDKs/MacOSX26.1.sdk/System/Library/Frameworks/CoreData.framework/Headers/CoreDataErrors.h
/Applications/Xcode.app/Contents/Developer/Platforms/MacOSX.platform/Developer/SDKs/MacOSX26.1.sdk/System/Library/Frameworks/CoreData.framework/Headers/NSAttributeDescription.h
/Applications/Xcode.app/Contents/Developer/Platforms/MacOSX.platform/Developer/SDKs/MacOSX26.1.sdk/System/Library/Frameworks/CoreData.framework/Headers/NSPropertyDescription.h
/Applications/Xcode.app/Contents/Developer/Platforms/MacOSX.platform/Developer/SDKs/MacOSX26.1.sdk/System/Library/Frameworks/CoreData.framework/Headers/NSDerivedAttributeDescription.h
/Applications/Xcode.app/Contents/Developer/Platforms/MacOSX.platform/Developer/SDKs/MacOSX26.1.sdk/System/Library/Frameworks/CoreData.framework/Headers/NSCompositeAttributeDescription.h
/Applications/Xcode.app/Contents/Developer/Platforms/MacOSX.platform/Developer/SDKs/MacOSX26.1.sdk/System/Library/Frameworks/CoreData.framework/Headers/NSEntityDescription.h
/Applications/Xcode.app/Contents/Developer/Platforms/MacOSX.platform/Developer/SDKs/MacOSX26.1.sdk/System/Library/Frameworks/CoreData.framework/Headers/NSFetchedPropertyDescription.h
/Applications/Xcode.app/Contents/Developer/Platforms/MacOSX.platform/Developer/SDKs/MacOSX26.1.sdk/System/Library/Frameworks/CoreData.framework/Headers/NSExpressionDescription.h
/Applications/Xcode.app/Contents/Developer/Platforms/MacOSX.platform/Developer/SDKs/MacOSX26.1.sdk/System/Library/Frameworks/CoreData.framework/Headers/NSRelationshipDescription.h
/Applications/Xcode.app/Contents/Developer/Platforms/MacOSX.platform/Developer/SDKs/MacOSX26.1.sdk/System/Library/Frameworks/CoreData.framework/Headers/NSFetchIndexDescription.h
/Applications/Xcode.app/Contents/Developer/Platforms/MacOSX.platform/Developer/SDKs/MacOSX26.1.sdk/System/Library/Frameworks/CoreData.framework/Headers/NSFetchIndexElementDescription.h
/Applications/Xcode.app/Contents/Developer/Platforms/MacOSX.platform/Developer/SDKs/MacOSX26.1.sdk/System/Library/Frameworks/CoreData.framework/Headers/NSFetchRequest.h
/Applications/Xcode.app/Contents/Developer/Platforms/MacOSX.platform/Developer/SDKs/MacOSX26.1.sdk/System/Library/Frameworks/CoreData.framework/Headers/NSPersistentStoreRequest.h
/Applications/Xcode.app/Contents/Developer/Platforms/MacOSX.platform/Developer/SDKs/MacOSX26.1.sdk/System/Library/Frameworks/CoreData.framework/Headers/NSManagedObject.h
/Applications/Xcode.app/Contents/Developer/Platforms/MacOSX.platform/Developer/SDKs/MacOSX26.1.sdk/System/Library/Frameworks/CoreData.framework/Headers/NSManagedObjectID.h
/Applications/Xcode.app/Contents/Developer/Platforms/MacOSX.platform/Developer/SDKs/MacOSX26.1.sdk/System/Library/Frameworks/CoreData.framework/Headers/NSFetchRequestExpression.h
/Applications/Xcode.app/Contents/Developer/Platforms/MacOSX.platform/Developer/SDKs/MacOSX26.1.sdk/System/Library/Frameworks/CoreData.framework/Headers/NSManagedObjectModel.h
/Applications/Xcode.app/Contents/Developer/Platforms/MacOSX.platform/Developer/SDKs/MacOSX26.1.sdk/System/Library/Frameworks/CoreData.framework/Headers/NSManagedObjectContext.h
/Applications/Xcode.app/Contents/Developer/Platforms/MacOSX.platform/Developer/SDKs/MacOSX26.1.sdk/System/Library/Frameworks/CoreData.framework/Headers/NSPersistentStoreCoordinator.h
/Applications/Xcode.app/Contents/Developer/Platforms/MacOSX.platform/Developer/SDKs/MacOSX26.1.sdk/System/Library/Frameworks/CoreData.framework/Headers/NSPersistentStore.h
/Applications/Xcode.app/Contents/Developer/Platforms/MacOSX.platform/Developer/SDKs/MacOSX26.1.sdk/System/Library/Frameworks/CoreData.framework/Headers/NSAtomicStore.h
/Applications/Xcode.app/Contents/Developer/Platforms/MacOSX.platform/Developer/SDKs/MacOSX26.1.sdk/System/Library/Frameworks/CoreData.framework/Headers/NSAtomicStoreCacheNode.h
/Applications/Xcode.app/Contents/Developer/Platforms/MacOSX.platform/Developer/SDKs/MacOSX26.1.sdk/System/Library/Frameworks/CoreData.framework/Headers/NSEntityMigrationPolicy.h
/Applications/Xcode.app/Contents/Developer/Platforms/MacOSX.platform/Developer/SDKs/MacOSX26.1.sdk/System/Library/Frameworks/CoreData.framework/Headers/NSMappingModel.h
/Applications/Xcode.app/Contents/Developer/Platforms/MacOSX.platform/Developer/SDKs/MacOSX26.1.sdk/System/Library/Frameworks/CoreData.framework/Headers/NSEntityMapping.h
/Applications/Xcode.app/Contents/Developer/Platforms/MacOSX.platform/Developer/SDKs/MacOSX26.1.sdk/System/Library/Frameworks/CoreData.framework/Headers/NSPropertyMapping.h
/Applications/Xcode.app/Contents/Developer/Platforms/MacOSX.platform/Developer/SDKs/MacOSX26.1.sdk/System/Library/Frameworks/CoreData.framework/Headers/NSMigrationManager.h
/Applications/Xcode.app/Contents/Developer/Platforms/MacOSX.platform/Developer/SDKs/MacOSX26.1.sdk/System/Library/Frameworks/CoreData.framework/Headers/NSIncrementalStore.h
/Applications/Xcode.app/Contents/Developer/Platforms/MacOSX.platform/Developer/SDKs/MacOSX26.1.sdk/System/Library/Frameworks/CoreData.framework/Headers/NSIncrementalStoreNode.h
/Applications/Xcode.app/Contents/Developer/Platforms/MacOSX.platform/Developer/SDKs/MacOSX26.1.sdk/System/Library/Frameworks/CoreData.framework/Headers/NSPersistentStoreResult.h
/Applications/Xcode.app/Contents/Developer/Platforms/MacOSX.platform/Developer/SDKs/MacOSX26.1.sdk/System/Library/Frameworks/CoreData.framework/Headers/NSSaveChangesRequest.h
/Applications/Xcode.app/Contents/Developer/Platforms/MacOSX.platform/Developer/SDKs/MacOSX26.1.sdk/System/Library/Frameworks/CoreData.framework/Headers/NSBatchUpdateRequest.h
/Applications/Xcode.app/Contents/Developer/Platforms/MacOSX.platform/Developer/SDKs/MacOSX26.1.sdk/System/Library/Frameworks/CoreData.framework/Headers/NSBatchDeleteRequest.h
/Applications/Xcode.app/Contents/Developer/Platforms/MacOSX.platform/Developer/SDKs/MacOSX26.1.sdk/System/Library/Frameworks/CoreData.framework/Headers/NSBatchInsertRequest.h
/Applications/Xcode.app/Contents/Developer/Platforms/MacOSX.platform/Developer/SDKs/MacOSX26.1.sdk/System/Library/Frameworks/CoreData.framework/Headers/NSMergePolicy.h
/Applications/Xcode.app/Contents/Developer/Platforms/MacOSX.platform/Developer/SDKs/MacOSX26.1.sdk/System/Library/Frameworks/CoreData.framework/Headers/NSFetchedResultsController.h
/Applications/Xcode.app/Contents/Developer/Platforms/MacOSX.platform/Developer/SDKs/MacOSX26.1.sdk/System/Library/Frameworks/CoreData.framework/Headers/NSQueryGenerationToken.h
/Applications/Xcode.app/Contents/Developer/Platforms/MacOSX.platform/Developer/SDKs/MacOSX26.1.sdk/System/Library/Frameworks/CoreData.framework/Headers/NSPersistentStoreDescription.h
/Applications/Xcode.app/Contents/Developer/Platforms/MacOSX.platform/Developer/SDKs/MacOSX26.1.sdk/System/Library/Frameworks/CoreData.framework/Headers/NSPersistentContainer.h
/Applications/Xcode.app/Contents/Developer/Platforms/MacOSX.platform/Developer/SDKs/MacOSX26.1.sdk/System/Library/Frameworks/CoreData.framework/Headers/NSPersistentHistoryChange.h
/Applications/Xcode.app/Contents/Developer/Platforms/MacOSX.platform/Developer/SDKs/MacOSX26.1.sdk/System/Library/Frameworks/CoreData.framework/Headers/NSPersistentHistoryChangeRequest.h
/Applications/Xcode.app/Contents/Developer/Platforms/MacOSX.platform/Developer/SDKs/MacOSX26.1.sdk/System/Library/Frameworks/CoreData.framework/Headers/NSPersistentHistoryToken.h
/Applications/Xcode.app/Contents/Developer/Platforms/MacOSX.platform/Developer/SDKs/MacOSX26.1.sdk/System/Library/Frameworks/CoreData.framework/Headers/NSPersistentHistoryTransaction.h
/Applications/Xcode.app/Contents/Developer/Platforms/MacOSX.platform/Developer/SDKs/MacOSX26.1.sdk/System/Library/Frameworks/CoreData.framework/Headers/NSPersistentCloudKitContainer.h
/Applications/Xcode.app/Contents/Developer/Platforms/MacOSX.platform/Developer/SDKs/MacOSX26.1.sdk/System/Library/Frameworks/CoreData.framework/Headers/NSPersistentCloudKitContainerOptions.h
/Applications/Xcode.app/Contents/Developer/Platforms/MacOSX.platform/Developer/SDKs/MacOSX26.1.sdk/System/Library/Frameworks/CoreData.framework/Headers/NSPersistentCloudKitContainerEvent.h
/Applications/Xcode.app/Contents/Developer/Platforms/MacOSX.platform/Developer/SDKs/MacOSX26.1.sdk/System/Library/Frameworks/CoreData.framework/Headers/NSPersistentCloudKitContainerEventRequest.h
/Applications/Xcode.app/Contents/Developer/Platforms/MacOSX.platform/Developer/SDKs/MacOSX26.1.sdk/System/Library/Frameworks/CoreData.framework/Headers/NSStagedMigrationManager.h
/Applications/Xcode.app/Contents/Developer/Platforms/MacOSX.platform/Developer/SDKs/MacOSX26.1.sdk/System/Library/Frameworks/CoreData.framework/Headers/NSMigrationStage.h
/Applications/Xcode.app/Contents/Developer/Platforms/MacOSX.platform/Developer/SDKs/MacOSX26.1.sdk/System/Library/Frameworks/CoreData.framework/Headers/NSCustomMigrationStage.h
/Applications/Xcode.app/Contents/Developer/Platforms/MacOSX.platform/Developer/SDKs/MacOSX26.1.sdk/System/Library/Frameworks/CoreData.framework/Headers/NSLightweightMigrationStage.h
/Applications/Xcode.app/Contents/Developer/Platforms/MacOSX.platform/Developer/SDKs/MacOSX26.1.sdk/System/Library/Frameworks/CoreData.framework/Headers/NSManagedObjectModelReference.h
/Applications/Xcode.app/Contents/Developer/Platforms/MacOSX.platform/Developer/SDKs/MacOSX26.1.sdk/System/Library/Frameworks/CoreData.framework/Headers/NSCoreDataCoreSpotlightDelegate.h
/Applications/Xcode.app/Contents/Developer/Platforms/MacOSX.platform/Developer/SDKs/MacOSX26.1.sdk/System/Library/Frameworks/CoreData.framework/Headers/CoreData_CloudKit.h
/Applications/Xcode.app/Contents/Developer/Platforms/MacOSX.platform/Developer/SDKs/MacOSX26.1.sdk/System/Library/Frameworks/CoreData.framework/Headers/NSPersistentCloudKitContainer_Sharing.h
/Applications/Xcode.app/Contents/Developer/Platforms/MacOSX.platform/Developer/SDKs/MacOSX26.1.sdk/System/Library/Frameworks/CoreData.framework/Headers/NSPersistentCloudKitContainer_SwiftOverlay.h
/Applications/Xcode.app/Contents/Developer/Platforms/MacOSX.platform/Developer/SDKs/MacOSX26.1.sdk/SDKSettings.json
/Applications/Xcode.app/Contents/Developer/Toolchains/XcodeDefault.xctoolchain/usr/lib/swift/macosx/prebuilt-modules/26.1/CoreFoundation.swiftmodule/arm64e-apple-macos.swiftmodule
/Applications/Xcode.app/Contents/Developer/Platforms/MacOSX.platform/Developer/SDKs/MacOSX26.1.sdk/System/Library/Frameworks/CoreFoundation.framework/Modules/module.modulemap
/Applications/Xcode.app/Contents/Developer/Platforms/MacOSX.platform/Developer/SDKs/MacOSX26.1.sdk/System/Library/Frameworks/CoreFoundation.framework/Headers/CoreFoundation.h
/Applications/Xcode.app/Contents/Developer/Platforms/MacOSX.platform/Developer/SDKs/MacOSX26.1.sdk/usr/include/dispatch.modulemap
/Applications/Xcode.app/Contents/Developer/Platforms/MacOSX.platform/Developer/SDKs/MacOSX26.1.sdk/usr/include/Darwin.modulemap
/Applications/Xcode.app/Contents/Developer/Platforms/MacOSX.platform/Developer/SDKs/MacOSX26.1.sdk/usr/include/Darwin_C.modulemap
/Applications/Xcode.app/Contents/Developer/Platforms/MacOSX.platform/Developer/SDKs/MacOSX26.1.sdk/usr/include/Darwin_POSIX.modulemap
/Applications/Xcode.app/Contents/Developer/Platforms/MacOSX.platform/Developer/SDKs/MacOSX26.1.sdk/usr/include/net.modulemap
/Applications/Xcode.app/Contents/Developer/Platforms/MacOSX.platform/Developer/SDKs/MacOSX26.1.sdk/usr/include/netinet.modulemap
/Applications/Xcode.app/Contents/Developer/Platforms/MacOSX.platform/Developer/SDKs/MacOSX26.1.sdk/usr/include/bank.modulemap
/Applications/Xcode.app/Contents/Developer/Platforms/MacOSX.platform/Developer/SDKs/MacOSX26.1.sdk/usr/include/Darwin_Mach.modulemap
/Applications/Xcode.app/Contents/Developer/Platforms/MacOSX.platform/Developer/SDKs/MacOSX26.1.sdk/usr/include/Darwin_Mach_machine.modulemap
/Applications/Xcode.app/Contents/Developer/Platforms/MacOSX.platform/Developer/SDKs/MacOSX26.1.sdk/usr/include/mach_debug.modulemap
/Applications/Xcode.app/Contents/Developer/Platforms/MacOSX.platform/Developer/SDKs/MacOSX26.1.sdk/usr/include/device.modulemap
/Applications/Xcode.app/Contents/Developer/Platforms/MacOSX.platform/Developer/SDKs/MacOSX26.1.sdk/usr/include/Darwin_machine.modulemap
/Applications/Xcode.app/Contents/Developer/Platforms/MacOSX.platform/Developer/SDKs/MacOSX26.1.sdk/usr/include/ncurses.modulemap
/Applications/Xcode.app/Contents/Developer/Platforms/MacOSX.platform/Developer/SDKs/MacOSX26.1.sdk/usr/include/netinet6.modulemap
/Applications/Xcode.app/Contents/Developer/Platforms/MacOSX.platform/Developer/SDKs/MacOSX26.1.sdk/usr/include/Darwin_sys.modulemap
/Applications/Xcode.app/Contents/Developer/Platforms/MacOSX.platform/Developer/SDKs/MacOSX26.1.sdk/usr/include/uuid.modulemap
/Applications/Xcode.app/Contents/Developer/Platforms/MacOSX.platform/Developer/SDKs/MacOSX26.1.sdk/usr/include/DarwinFoundation2.modulemap
/Applications/Xcode.app/Contents/Developer/Platforms/MacOSX.platform/Developer/SDKs/MacOSX26.1.sdk/usr/include/DarwinFoundation3.modulemap
/Applications/Xcode.app/Contents/Developer/Platforms/MacOSX.platform/Developer/SDKs/MacOSX26.1.sdk/usr/include/DarwinFoundation1.modulemap
/Applications/Xcode.app/Contents/Developer/Toolchains/XcodeDefault.xctoolchain/usr/lib/swift/clang/include/module.modulemap
/Applications/Xcode.app/Contents/Developer/Toolchains/XcodeDefault.xctoolchain/usr/lib/swift/clang/include/stdarg.h
/Applications/Xcode.app/Contents/Developer/Platforms/MacOSX.platform/Developer/SDKs/MacOSX26.1.sdk/usr/include/assert.h
/Applications/Xcode.app/Contents/Developer/Platforms/MacOSX.platform/Developer/SDKs/MacOSX26.1.sdk/usr/include/ctype.h
/Applications/Xcode.app/Contents/Developer/Toolchains/XcodeDefault.xctoolchain/usr/lib/swift/clang/include/stddef.h
/Applications/Xcode.app/Contents/Developer/Platforms/MacOSX.platform/Developer/SDKs/MacOSX26.1.sdk/usr/include/stdio.h
/Applications/Xcode.app/Contents/Developer/Platforms/MacOSX.platform/Developer/SDKs/MacOSX26.1.sdk/usr/include/stdlib.h
/Applications/Xcode.app/Contents/Developer/Platforms/MacOSX.platform/Developer/SDKs/MacOSX26.1.sdk/usr/include/string.h
/Applications/Xcode.app/Contents/Developer/Platforms/MacOSX.platform/Developer/SDKs/MacOSX26.1.sdk/usr/include/time.h
/Applications/Xcode.app/Contents/Developer/Platforms/MacOSX.platform/Developer/SDKs/MacOSX26.1.sdk/System/Library/Frameworks/CoreFoundation.framework/Headers/CFBase.h
/Applications/Xcode.app/Contents/Developer/Platforms/MacOSX.platform/Developer/SDKs/MacOSX26.1.sdk/System/Library/Frameworks/CoreFoundation.framework/Headers/CFAvailability.h
/Applications/Xcode.app/Contents/Developer/Platforms/MacOSX.platform/Developer/SDKs/MacOSX26.1.sdk/System/Library/Frameworks/CoreFoundation.framework/Headers/CFArray.h
/Applications/Xcode.app/Contents/Developer/Platforms/MacOSX.platform/Developer/SDKs/MacOSX26.1.sdk/System/Library/Frameworks/CoreFoundation.framework/Headers/CFBag.h
/Applications/Xcode.app/Contents/Developer/Platforms/MacOSX.platform/Developer/SDKs/MacOSX26.1.sdk/System/Library/Frameworks/CoreFoundation.framework/Headers/CFBinaryHeap.h
/Applications/Xcode.app/Contents/Developer/Platforms/MacOSX.platform/Developer/SDKs/MacOSX26.1.sdk/System/Library/Frameworks/CoreFoundation.framework/Headers/CFBitVector.h
/Applications/Xcode.app/Contents/Developer/Platforms/MacOSX.platform/Developer/SDKs/MacOSX26.1.sdk/System/Library/Frameworks/CoreFoundation.framework/Headers/CFByteOrder.h
/Applications/Xcode.app/Contents/Developer/Platforms/MacOSX.platform/Developer/SDKs/MacOSX26.1.sdk/System/Library/Frameworks/CoreFoundation.framework/Headers/CFCalendar.h
/Applications/Xcode.app/Contents/Developer/Platforms/MacOSX.platform/Developer/SDKs/MacOSX26.1.sdk/System/Library/Frameworks/CoreFoundation.framework/Headers/CFLocale.h
/Applications/Xcode.app/Contents/Developer/Platforms/MacOSX.platform/Developer/SDKs/MacOSX26.1.sdk/System/Library/Frameworks/CoreFoundation.framework/Headers/CFDictionary.h
/Applications/Xcode.app/Contents/Developer/Platforms/MacOSX.platform/Developer/SDKs/MacOSX26.1.sdk/System/Library/Frameworks/CoreFoundation.framework/Headers/CFNotificationCenter.h
/Applications/Xcode.app/Contents/Developer/Platforms/MacOSX.platform/Developer/SDKs/MacOSX26.1.sdk/System/Library/Frameworks/CoreFoundation.framework/Headers/CFDate.h
/Applications/Xcode.app/Contents/Developer/Platforms/MacOSX.platform/Developer/SDKs/MacOSX26.1.sdk/System/Library/Frameworks/CoreFoundation.framework/Headers/CFTimeZone.h
/Applications/Xcode.app/Contents/Developer/Platforms/MacOSX.platform/Developer/SDKs/MacOSX26.1.sdk/System/Library/Frameworks/CoreFoundation.framework/Headers/CFData.h
/Applications/Xcode.app/Contents/Developer/Platforms/MacOSX.platform/Developer/SDKs/MacOSX26.1.sdk/System/Library/Frameworks/CoreFoundation.framework/Headers/CFString.h
/Applications/Xcode.app/Contents/Developer/Platforms/MacOSX.platform/Developer/SDKs/MacOSX26.1.sdk/System/Library/Frameworks/CoreFoundation.framework/Headers/CFCharacterSet.h
/Applications/Xcode.app/Contents/Developer/Platforms/MacOSX.platform/Developer/SDKs/MacOSX26.1.sdk/System/Library/Frameworks/CoreFoundation.framework/Headers/CFError.h
/Applications/Xcode.app/Contents/Developer/Platforms/MacOSX.platform/Developer/SDKs/MacOSX26.1.sdk/System/Library/Frameworks/CoreFoundation.framework/Headers/CFCGTypes.h
/Applications/Xcode.app/Contents/Developer/Platforms/MacOSX.platform/Developer/SDKs/MacOSX26.1.sdk/System/Library/Frameworks/CoreFoundation.framework/Headers/CFDateFormatter.h
/Applications/Xcode.app/Contents/Developer/Platforms/MacOSX.platform/Developer/SDKs/MacOSX26.1.sdk/System/Library/Frameworks/CoreFoundation.framework/Headers/CFNumber.h
/Applications/Xcode.app/Contents/Developer/Platforms/MacOSX.platform/Developer/SDKs/MacOSX26.1.sdk/System/Library/Frameworks/CoreFoundation.framework/Headers/CFNumberFormatter.h
/Applications/Xcode.app/Contents/Developer/Platforms/MacOSX.platform/Developer/SDKs/MacOSX26.1.sdk/System/Library/Frameworks/CoreFoundation.framework/Headers/CFPreferences.h
/Applications/Xcode.app/Contents/Developer/Platforms/MacOSX.platform/Developer/SDKs/MacOSX26.1.sdk/System/Library/Frameworks/CoreFoundation.framework/Headers/CFPropertyList.h
/Applications/Xcode.app/Contents/Developer/Platforms/MacOSX.platform/Developer/SDKs/MacOSX26.1.sdk/System/Library/Frameworks/CoreFoundation.framework/Headers/CFStream.h
/Applications/Xcode.app/Contents/Developer/Platforms/MacOSX.platform/Developer/SDKs/MacOSX26.1.sdk/System/Library/Frameworks/CoreFoundation.framework/Headers/CFURL.h
/Applications/Xcode.app/Contents/Developer/Platforms/MacOSX.platform/Developer/SDKs/MacOSX26.1.sdk/System/Library/Frameworks/CoreFoundation.framework/Headers/CFRunLoop.h
/Applications/Xcode.app/Contents/Developer/Platforms/MacOSX.platform/Developer/SDKs/MacOSX26.1.sdk/System/Library/Frameworks/CoreFoundation.framework/Headers/CFSocket.h
/Applications/Xcode.app/Contents/Developer/Platforms/MacOSX.platform/Developer/SDKs/MacOSX26.1.sdk/System/Library/Frameworks/CoreFoundation.framework/Headers/CFSet.h
/Applications/Xcode.app/Contents/Developer/Platforms/MacOSX.platform/Developer/SDKs/MacOSX26.1.sdk/System/Library/Frameworks/CoreFoundation.framework/Headers/CFStringEncodingExt.h
/Applications/Xcode.app/Contents/Developer/Platforms/MacOSX.platform/Developer/SDKs/MacOSX26.1.sdk/System/Library/Frameworks/CoreFoundation.framework/Headers/CFTree.h
/Applications/Xcode.app/Contents/Developer/Platforms/MacOSX.platform/Developer/SDKs/MacOSX26.1.sdk/System/Library/Frameworks/CoreFoundation.framework/Headers/CFURLAccess.h
/Applications/Xcode.app/Contents/Developer/Platforms/MacOSX.platform/Developer/SDKs/MacOSX26.1.sdk/System/Library/Frameworks/CoreFoundation.framework/Headers/CFUUID.h
/Applications/Xcode.app/Contents/Developer/Platforms/MacOSX.platform/Developer/SDKs/MacOSX26.1.sdk/System/Library/Frameworks/CoreFoundation.framework/Headers/CFUtilities.h
/Applications/Xcode.app/Contents/Developer/Platforms/MacOSX.platform/Developer/SDKs/MacOSX26.1.sdk/System/Library/Frameworks/CoreFoundation.framework/Headers/CFBundle.h
/Applications/Xcode.app/Contents/Developer/Platforms/MacOSX.platform/Developer/SDKs/MacOSX26.1.sdk/System/Library/Frameworks/CoreFoundation.framework/Headers/CFMessagePort.h
/Applications/Xcode.app/Contents/Developer/Platforms/MacOSX.platform/Developer/SDKs/MacOSX26.1.sdk/System/Library/Frameworks/CoreFoundation.framework/Headers/CFPlugIn.h
/Applications/Xcode.app/Contents/Developer/Platforms/MacOSX.platform/Developer/SDKs/MacOSX26.1.sdk/System/Library/Frameworks/CoreFoundation.framework/Headers/CFMachPort.h
/Applications/Xcode.app/Contents/Developer/Platforms/MacOSX.platform/Developer/SDKs/MacOSX26.1.sdk/System/Library/Frameworks/CoreFoundation.framework/Headers/CFAttributedString.h
/Applications/Xcode.app/Contents/Developer/Platforms/MacOSX.platform/Developer/SDKs/MacOSX26.1.sdk/System/Library/Frameworks/CoreFoundation.framework/Headers/CFURLEnumerator.h
/Applications/Xcode.app/Contents/Developer/Platforms/MacOSX.platform/Developer/SDKs/MacOSX26.1.sdk/System/Library/Frameworks/CoreFoundation.framework/Headers/CFFileSecurity.h
/Applications/Xcode.app/Contents/Developer/Platforms/MacOSX.platform/Developer/SDKs/MacOSX26.1.sdk/System/Library/Frameworks/CoreFoundation.framework/Headers/CFStringTokenizer.h
/Applications/Xcode.app/Contents/Developer/Platforms/MacOSX.platform/Developer/SDKs/MacOSX26.1.sdk/System/Library/Frameworks/CoreFoundation.framework/Headers/CFFileDescriptor.h
/Applications/Xcode.app/Contents/Developer/Platforms/MacOSX.platform/Developer/SDKs/MacOSX26.1.sdk/System/Library/Frameworks/CoreFoundation.framework/Headers/CFUserNotification.h
/Applications/Xcode.app/Contents/Developer/Platforms/MacOSX.platform/Developer/SDKs/MacOSX26.1.sdk/System/Library/Frameworks/CoreFoundation.framework/Headers/CFXMLNode.h
/Applications/Xcode.app/Contents/Developer/Platforms/MacOSX.platform/Developer/SDKs/MacOSX26.1.sdk/System/Library/Frameworks/CoreFoundation.framework/Headers/CFXMLParser.h
/Applications/Xcode.app/Contents/Developer/Platforms/MacOSX.platform/Developer/SDKs/MacOSX26.1.sdk/System/Library/Frameworks/CoreFoundation.framework/Headers/CFPlugInCOM.h
/Applications/Xcode.app/Contents/Developer/Platforms/MacOSX.platform/Developer/SDKs/MacOSX26.1.sdk/SDKSettings.json
/Applications/Xcode.app/Contents/Developer/Platforms/MacOSX.platform/Developer/SDKs/MacOSX26.1.sdk/System/Library/Frameworks/CoreGraphics.framework/Headers/CoreGraphics.apinotes
/Applications/Xcode.app/Contents/Developer/Platforms/MacOSX.platform/Developer/SDKs/MacOSX26.1.sdk/System/Library/Frameworks/CoreGraphics.framework/Modules/module.modulemap
/Applications/Xcode.app/Contents/Developer/Platforms/MacOSX.platform/Developer/SDKs/MacOSX26.1.sdk/System/Library/Frameworks/CoreGraphics.framework/Headers/CoreGraphics.h
/Applications/Xcode.app/Contents/Developer/Platforms/MacOSX.platform/Developer/SDKs/MacOSX26.1.sdk/System/Library/Frameworks/CoreGraphics.framework/Headers/CGBase.h
/Applications/Xcode.app/Contents/Developer/Toolchains/XcodeDefault.xctoolchain/usr/lib/swift/clang/include/module.modulemap
/Applications/Xcode.app/Contents/Developer/Toolchains/XcodeDefault.xctoolchain/usr/lib/swift/clang/include/stddef.h
/Applications/Xcode.app/Contents/Developer/Platforms/MacOSX.platform/Developer/SDKs/MacOSX26.1.sdk/usr/include/dispatch.modulemap
/Applications/Xcode.app/Contents/Developer/Platforms/MacOSX.platform/Developer/SDKs/MacOSX26.1.sdk/usr/include/Darwin.modulemap
/Applications/Xcode.app/Contents/Developer/Platforms/MacOSX.platform/Developer/SDKs/MacOSX26.1.sdk/usr/include/Darwin_C.modulemap
/Applications/Xcode.app/Contents/Developer/Platforms/MacOSX.platform/Developer/SDKs/MacOSX26.1.sdk/usr/include/Darwin_POSIX.modulemap
/Applications/Xcode.app/Contents/Developer/Platforms/MacOSX.platform/Developer/SDKs/MacOSX26.1.sdk/usr/include/net.modulemap
/Applications/Xcode.app/Contents/Developer/Platforms/MacOSX.platform/Developer/SDKs/MacOSX26.1.sdk/usr/include/netinet.modulemap
/Applications/Xcode.app/Contents/Developer/Platforms/MacOSX.platform/Developer/SDKs/MacOSX26.1.sdk/usr/include/bank.modulemap
/Applications/Xcode.app/Contents/Developer/Platforms/MacOSX.platform/Developer/SDKs/MacOSX26.1.sdk/usr/include/Darwin_Mach.modulemap
/Applications/Xcode.app/Contents/Developer/Platforms/MacOSX.platform/Developer/SDKs/MacOSX26.1.sdk/usr/include/Darwin_Mach_machine.modulemap
/Applications/Xcode.app/Contents/Developer/Platforms/MacOSX.platform/Developer/SDKs/MacOSX26.1.sdk/usr/include/mach_debug.modulemap
/Applications/Xcode.app/Contents/Developer/Platforms/MacOSX.platform/Developer/SDKs/MacOSX26.1.sdk/usr/include/device.modulemap
/Applications/Xcode.app/Contents/Developer/Platforms/MacOSX.platform/Developer/SDKs/MacOSX26.1.sdk/usr/include/Darwin_machine.modulemap
/Applications/Xcode.app/Contents/Developer/Platforms/MacOSX.platform/Developer/SDKs/MacOSX26.1.sdk/usr/include/ncurses.modulemap
/Applications/Xcode.app/Contents/Developer/Platforms/MacOSX.platform/Developer/SDKs/MacOSX26.1.sdk/usr/include/netinet6.modulemap
/Applications/Xcode.app/Contents/Developer/Platforms/MacOSX.platform/Developer/SDKs/MacOSX26.1.sdk/usr/include/Darwin_sys.modulemap
/Applications/Xcode.app/Contents/Developer/Platforms/MacOSX.platform/Developer/SDKs/MacOSX26.1.sdk/usr/include/uuid.modulemap
/Applications/Xcode.app/Contents/Developer/Platforms/MacOSX.platform/Developer/SDKs/MacOSX26.1.sdk/usr/include/DarwinFoundation2.modulemap
/Applications/Xcode.app/Contents/Developer/Platforms/MacOSX.platform/Developer/SDKs/MacOSX26.1.sdk/usr/include/DarwinFoundation1.modulemap
/Applications/Xcode.app/Contents/Developer/Platforms/MacOSX.platform/Developer/SDKs/MacOSX26.1.sdk/System/Library/Frameworks/CoreFoundation.framework/Modules/module.modulemap
/Applications/Xcode.app/Contents/Developer/Platforms/MacOSX.platform/Developer/SDKs/MacOSX26.1.sdk/System/Library/Frameworks/CoreGraphics.framework/Headers/CGAffineTransform.h
/Applications/Xcode.app/Contents/Developer/Platforms/MacOSX.platform/Developer/SDKs/MacOSX26.1.sdk/System/Library/Frameworks/CoreGraphics.framework/Headers/CGGeometry.h
/Applications/Xcode.app/Contents/Developer/Platforms/MacOSX.platform/Developer/SDKs/MacOSX26.1.sdk/System/Library/Frameworks/CoreGraphics.framework/Headers/CGBitmapContext.h
/Applications/Xcode.app/Contents/Developer/Platforms/MacOSX.platform/Developer/SDKs/MacOSX26.1.sdk/System/Library/Frameworks/CoreGraphics.framework/Headers/CGContext.h
/Applications/Xcode.app/Contents/Developer/Platforms/MacOSX.platform/Developer/SDKs/MacOSX26.1.sdk/System/Library/Frameworks/CoreGraphics.framework/Headers/CGColor.h
/Applications/Xcode.app/Contents/Developer/Platforms/MacOSX.platform/Developer/SDKs/MacOSX26.1.sdk/System/Library/Frameworks/CoreGraphics.framework/Headers/CGColorSpace.h
/Applications/Xcode.app/Contents/Developer/Platforms/MacOSX.platform/Developer/SDKs/MacOSX26.1.sdk/System/Library/Frameworks/CoreGraphics.framework/Headers/CGDataProvider.h
/Applications/Xcode.app/Contents/Developer/Platforms/MacOSX.platform/Developer/SDKs/MacOSX26.1.sdk/System/Library/Frameworks/CoreGraphics.framework/Headers/CGPattern.h
/Applications/Xcode.app/Contents/Developer/Platforms/MacOSX.platform/Developer/SDKs/MacOSX26.1.sdk/System/Library/Frameworks/CoreGraphics.framework/Headers/CGFont.h
/Applications/Xcode.app/Contents/Developer/Platforms/MacOSX.platform/Developer/SDKs/MacOSX26.1.sdk/System/Library/Frameworks/CoreGraphics.framework/Headers/CGGradient.h
/Applications/Xcode.app/Contents/Developer/Platforms/MacOSX.platform/Developer/SDKs/MacOSX26.1.sdk/System/Library/Frameworks/CoreGraphics.framework/Headers/CGImage.h
/Applications/Xcode.app/Contents/Developer/Platforms/MacOSX.platform/Developer/SDKs/MacOSX26.1.sdk/System/Library/Frameworks/CoreGraphics.framework/Headers/CGPath.h
/Applications/Xcode.app/Contents/Developer/Platforms/MacOSX.platform/Developer/SDKs/MacOSX26.1.sdk/System/Library/Frameworks/CoreGraphics.framework/Headers/CGPDFDocument.h
/Applications/Xcode.app/Contents/Developer/Platforms/MacOSX.platform/Developer/SDKs/MacOSX26.1.sdk/System/Library/Frameworks/CoreGraphics.framework/Headers/CGPDFPage.h
/Applications/Xcode.app/Contents/Developer/Platforms/MacOSX.platform/Developer/SDKs/MacOSX26.1.sdk/System/Library/Frameworks/CoreGraphics.framework/Headers/CGPDFDictionary.h
/Applications/Xcode.app/Contents/Developer/Platforms/MacOSX.platform/Developer/SDKs/MacOSX26.1.sdk/System/Library/Frameworks/CoreGraphics.framework/Headers/CGPDFArray.h
/Applications/Xcode.app/Contents/Developer/Platforms/MacOSX.platform/Developer/SDKs/MacOSX26.1.sdk/System/Library/Frameworks/CoreGraphics.framework/Headers/CGPDFObject.h
/Applications/Xcode.app/Contents/Developer/Platforms/MacOSX.platform/Developer/SDKs/MacOSX26.1.sdk/System/Library/Frameworks/CoreGraphics.framework/Headers/CGPDFStream.h
/Applications/Xcode.app/Contents/Developer/Platforms/MacOSX.platform/Developer/SDKs/MacOSX26.1.sdk/System/Library/Frameworks/CoreGraphics.framework/Headers/CGPDFString.h
/Applications/Xcode.app/Contents/Developer/Platforms/MacOSX.platform/Developer/SDKs/MacOSX26.1.sdk/System/Library/Frameworks/CoreGraphics.framework/Headers/CGShading.h
/Applications/Xcode.app/Contents/Developer/Platforms/MacOSX.platform/Developer/SDKs/MacOSX26.1.sdk/System/Library/Frameworks/CoreGraphics.framework/Headers/CGFunction.h
/Applications/Xcode.app/Contents/Developer/Platforms/MacOSX.platform/Developer/SDKs/MacOSX26.1.sdk/System/Library/Frameworks/CoreGraphics.framework/Headers/CGToneMapping.h
/Applications/Xcode.app/Contents/Developer/Platforms/MacOSX.platform/Developer/SDKs/MacOSX26.1.sdk/System/Library/Frameworks/CoreGraphics.framework/Headers/CGEXRToneMappingGamma.h
/Applications/Xcode.app/Contents/Developer/Platforms/MacOSX.platform/Developer/SDKs/MacOSX26.1.sdk/System/Library/Frameworks/CoreGraphics.framework/Headers/CGITUToneMapping.h
/Applications/Xcode.app/Contents/Developer/Platforms/MacOSX.platform/Developer/SDKs/MacOSX26.1.sdk/System/Library/Frameworks/CoreGraphics.framework/Headers/CGRenderingBufferProvider.h
/Applications/Xcode.app/Contents/Developer/Platforms/MacOSX.platform/Developer/SDKs/MacOSX26.1.sdk/System/Library/Frameworks/CoreGraphics.framework/Headers/CGColorConversionInfo.h
/Applications/Xcode.app/Contents/Developer/Platforms/MacOSX.platform/Developer/SDKs/MacOSX26.1.sdk/System/Library/Frameworks/CoreGraphics.framework/Headers/CGConvertColorDataWithFormat.h
/Applications/Xcode.app/Contents/Developer/Platforms/MacOSX.platform/Developer/SDKs/MacOSX26.1.sdk/System/Library/Frameworks/CoreGraphics.framework/Headers/CGDataConsumer.h
/Applications/Xcode.app/Contents/Developer/Platforms/MacOSX.platform/Developer/SDKs/MacOSX26.1.sdk/System/Library/Frameworks/CoreGraphics.framework/Headers/CGError.h
/Applications/Xcode.app/Contents/Developer/Platforms/MacOSX.platform/Developer/SDKs/MacOSX26.1.sdk/System/Library/Frameworks/CoreGraphics.framework/Headers/CGLayer.h
/Applications/Xcode.app/Contents/Developer/Platforms/MacOSX.platform/Developer/SDKs/MacOSX26.1.sdk/System/Library/Frameworks/CoreGraphics.framework/Headers/CGPDFContentStream.h
/Applications/Xcode.app/Contents/Developer/Platforms/MacOSX.platform/Developer/SDKs/MacOSX26.1.sdk/System/Library/Frameworks/CoreGraphics.framework/Headers/CGPDFContext.h
/Applications/Xcode.app/Contents/Developer/Platforms/MacOSX.platform/Developer/SDKs/MacOSX26.1.sdk/System/Library/Frameworks/CoreGraphics.framework/Headers/CGPDFOperatorTable.h
/Applications/Xcode.app/Contents/Developer/Platforms/MacOSX.platform/Developer/SDKs/MacOSX26.1.sdk/System/Library/Frameworks/CoreGraphics.framework/Headers/CGPDFScanner.h
/Applications/Xcode.app/Contents/Developer/Platforms/MacOSX.platform/Developer/SDKs/MacOSX26.1.sdk/System/Library/Frameworks/CoreGraphics.framework/Headers/CGDirectDisplay.h
/Applications/Xcode.app/Contents/Developer/Platforms/MacOSX.platform/Developer/SDKs/MacOSX26.1.sdk/System/Library/Frameworks/CoreGraphics.framework/Headers/CGWindow.h
/Applications/Xcode.app/Contents/Developer/Platforms/MacOSX.platform/Developer/SDKs/MacOSX26.1.sdk/System/Library/Frameworks/CoreGraphics.framework/Headers/CGWindowLevel.h
/Applications/Xcode.app/Contents/Developer/Platforms/MacOSX.platform/Developer/SDKs/MacOSX26.1.sdk/System/Library/Frameworks/CoreGraphics.framework/Headers/CGDirectPalette.h
/Applications/Xcode.app/Contents/Developer/Platforms/MacOSX.platform/Developer/SDKs/MacOSX26.1.sdk/System/Library/Frameworks/CoreGraphics.framework/Headers/CGDisplayConfiguration.h
/Applications/Xcode.app/Contents/Developer/Platforms/MacOSX.platform/Developer/SDKs/MacOSX26.1.sdk/System/Library/Frameworks/IOKit.framework/Modules/module.modulemap
/Applications/Xcode.app/Contents/Developer/Platforms/MacOSX.platform/Developer/SDKs/MacOSX26.1.sdk/System/Library/Frameworks/CoreGraphics.framework/Headers/CGDisplayFade.h
/Applications/Xcode.app/Contents/Developer/Platforms/MacOSX.platform/Developer/SDKs/MacOSX26.1.sdk/System/Library/Frameworks/CoreGraphics.framework/Headers/CGDisplayStream.h
/Applications/Xcode.app/Contents/Developer/Platforms/MacOSX.platform/Developer/SDKs/MacOSX26.1.sdk/System/Library/Frameworks/CoreGraphics.framework/Headers/CGEvent.h
/Applications/Xcode.app/Contents/Developer/Platforms/MacOSX.platform/Developer/SDKs/MacOSX26.1.sdk/System/Library/Frameworks/CoreGraphics.framework/Headers/CGEventTypes.h
/Applications/Xcode.app/Contents/Developer/Platforms/MacOSX.platform/Developer/SDKs/MacOSX26.1.sdk/System/Library/Frameworks/CoreGraphics.framework/Headers/CGRemoteOperation.h
/Applications/Xcode.app/Contents/Developer/Platforms/MacOSX.platform/Developer/SDKs/MacOSX26.1.sdk/System/Library/Frameworks/CoreGraphics.framework/Headers/CGEventSource.h
/Applications/Xcode.app/Contents/Developer/Platforms/MacOSX.platform/Developer/SDKs/MacOSX26.1.sdk/System/Library/Frameworks/CoreGraphics.framework/Headers/CGPSConverter.h
/Applications/Xcode.app/Contents/Developer/Platforms/MacOSX.platform/Developer/SDKs/MacOSX26.1.sdk/System/Library/Frameworks/CoreGraphics.framework/Headers/CGSession.h
/Applications/Xcode.app/Contents/Developer/Platforms/MacOSX.platform/Developer/SDKs/MacOSX26.1.sdk/System/Library/Frameworks/CoreGraphics.framework/Headers/CGDirectDisplayMetal.h
/Applications/Xcode.app/Contents/Developer/Platforms/MacOSX.platform/Developer/SDKs/MacOSX26.1.sdk/SDKSettings.json
/Applications/Xcode.app/Contents/Developer/Toolchains/XcodeDefault.xctoolchain/usr/lib/swift/macosx/prebuilt-modules/26.1/CoreGraphics.swiftmodule/arm64e-apple-macos.swiftmodule
/Applications/Xcode.app/Contents/Developer/Platforms/MacOSX.platform/Developer/SDKs/MacOSX26.1.sdk/System/Library/Frameworks/CoreImage.framework/Headers/CoreImage.apinotes
/Applications/Xcode.app/Contents/Developer/Platforms/MacOSX.platform/Developer/SDKs/MacOSX26.1.sdk/System/Library/Frameworks/CoreImage.framework/Modules/module.modulemap
/Applications/Xcode.app/Contents/Developer/Platforms/MacOSX.platform/Developer/SDKs/MacOSX26.1.sdk/System/Library/Frameworks/CoreImage.framework/Headers/CoreImage.h
/Applications/Xcode.app/Contents/Developer/Platforms/MacOSX.platform/Developer/SDKs/MacOSX26.1.sdk/System/Library/Frameworks/CoreImage.framework/Headers/CoreImageDefines.h
/Applications/Xcode.app/Contents/Developer/Platforms/MacOSX.platform/Developer/SDKs/MacOSX26.1.sdk/usr/include/ObjectiveC.modulemap
/Applications/Xcode.app/Contents/Developer/Platforms/MacOSX.platform/Developer/SDKs/MacOSX26.1.sdk/usr/include/DarwinFoundation1.modulemap
/Applications/Xcode.app/Contents/Developer/Toolchains/XcodeDefault.xctoolchain/usr/lib/swift/clang/include/module.modulemap
/Applications/Xcode.app/Contents/Developer/Toolchains/XcodeDefault.xctoolchain/usr/lib/swift/clang/include/stddef.h
/Applications/Xcode.app/Contents/Developer/Platforms/MacOSX.platform/Developer/SDKs/MacOSX26.1.sdk/System/Library/Frameworks/CoreGraphics.framework/Modules/module.modulemap
/Applications/Xcode.app/Contents/Developer/Platforms/MacOSX.platform/Developer/SDKs/MacOSX26.1.sdk/System/Library/Frameworks/Foundation.framework/Modules/module.modulemap
/Applications/Xcode.app/Contents/Developer/Platforms/MacOSX.platform/Developer/SDKs/MacOSX26.1.sdk/System/Library/Frameworks/CoreImage.framework/Headers/CIVector.h
/Applications/Xcode.app/Contents/Developer/Platforms/MacOSX.platform/Developer/SDKs/MacOSX26.1.sdk/System/Library/Frameworks/CoreImage.framework/Headers/CIColor.h
/Applications/Xcode.app/Contents/Developer/Platforms/MacOSX.platform/Developer/SDKs/MacOSX26.1.sdk/System/Library/Frameworks/CoreImage.framework/Headers/CIImage.h
/Applications/Xcode.app/Contents/Developer/Platforms/MacOSX.platform/Developer/SDKs/MacOSX26.1.sdk/System/Library/Frameworks/CoreVideo.framework/Modules/module.modulemap
/Applications/Xcode.app/Contents/Developer/Platforms/MacOSX.platform/Developer/SDKs/MacOSX26.1.sdk/System/Library/Frameworks/ImageIO.framework/Modules/module.modulemap
/Applications/Xcode.app/Contents/Developer/Platforms/MacOSX.platform/Developer/SDKs/MacOSX26.1.sdk/System/Library/Frameworks/IOSurface.framework/Modules/module.modulemap
/Applications/Xcode.app/Contents/Developer/Platforms/MacOSX.platform/Developer/SDKs/MacOSX26.1.sdk/System/Library/Frameworks/CoreImage.framework/Headers/CIContext.h
/Applications/Xcode.app/Contents/Developer/Platforms/MacOSX.platform/Developer/SDKs/MacOSX26.1.sdk/System/Library/Frameworks/OpenGL.framework/Modules/module.modulemap
/Applications/Xcode.app/Contents/Developer/Platforms/MacOSX.platform/Developer/SDKs/MacOSX26.1.sdk/System/Library/Frameworks/CoreImage.framework/Headers/CIFilter.h
/Applications/Xcode.app/Contents/Developer/Platforms/MacOSX.platform/Developer/SDKs/MacOSX26.1.sdk/System/Library/Frameworks/CoreImage.framework/Headers/CIFilterConstructor.h
/Applications/Xcode.app/Contents/Developer/Platforms/MacOSX.platform/Developer/SDKs/MacOSX26.1.sdk/System/Library/Frameworks/CoreImage.framework/Headers/CIKernel.h
/Applications/Xcode.app/Contents/Developer/Platforms/MacOSX.platform/Developer/SDKs/MacOSX26.1.sdk/System/Library/Frameworks/CoreImage.framework/Headers/CIDetector.h
/Applications/Xcode.app/Contents/Developer/Platforms/MacOSX.platform/Developer/SDKs/MacOSX26.1.sdk/System/Library/Frameworks/CoreImage.framework/Headers/CIFeature.h
/Applications/Xcode.app/Contents/Developer/Platforms/MacOSX.platform/Developer/SDKs/MacOSX26.1.sdk/System/Library/Frameworks/CoreImage.framework/Headers/CIImageProvider.h
/Applications/Xcode.app/Contents/Developer/Platforms/MacOSX.platform/Developer/SDKs/MacOSX26.1.sdk/System/Library/Frameworks/CoreImage.framework/Headers/CIImageProcessor.h
/Applications/Xcode.app/Contents/Developer/Platforms/MacOSX.platform/Developer/SDKs/MacOSX26.1.sdk/System/Library/Frameworks/CoreImage.framework/Headers/CIImageAccumulator.h
/Applications/Xcode.app/Contents/Developer/Platforms/MacOSX.platform/Developer/SDKs/MacOSX26.1.sdk/System/Library/Frameworks/CoreImage.framework/Headers/CIFilterShape.h
/Applications/Xcode.app/Contents/Developer/Platforms/MacOSX.platform/Developer/SDKs/MacOSX26.1.sdk/System/Library/Frameworks/CoreImage.framework/Headers/CISampler.h
/Applications/Xcode.app/Contents/Developer/Platforms/MacOSX.platform/Developer/SDKs/MacOSX26.1.sdk/System/Library/Frameworks/CoreImage.framework/Headers/CIRAWFilter.h
/Applications/Xcode.app/Contents/Developer/Platforms/MacOSX.platform/Developer/SDKs/MacOSX26.1.sdk/System/Library/Frameworks/CoreImage.framework/Headers/CIRAWFilter_Deprecated.h
/Applications/Xcode.app/Contents/Developer/Platforms/MacOSX.platform/Developer/SDKs/MacOSX26.1.sdk/System/Library/Frameworks/CoreImage.framework/Headers/CIRenderDestination.h
/Applications/Xcode.app/Contents/Developer/Platforms/MacOSX.platform/Developer/SDKs/MacOSX26.1.sdk/System/Library/Frameworks/Metal.framework/Modules/module.modulemap
/Applications/Xcode.app/Contents/Developer/Platforms/MacOSX.platform/Developer/SDKs/MacOSX26.1.sdk/System/Library/Frameworks/CoreImage.framework/Headers/CIBarcodeDescriptor.h
/Applications/Xcode.app/Contents/Developer/Platforms/MacOSX.platform/Developer/SDKs/MacOSX26.1.sdk/System/Library/Frameworks/CoreImage.framework/Headers/CIFilterGenerator.h
/Applications/Xcode.app/Contents/Developer/Platforms/MacOSX.platform/Developer/SDKs/MacOSX26.1.sdk/System/Library/Frameworks/CoreImage.framework/Headers/CIPlugIn.h
/Applications/Xcode.app/Contents/Developer/Platforms/MacOSX.platform/Developer/SDKs/MacOSX26.1.sdk/System/Library/Frameworks/CoreImage.framework/Headers/CIPlugInInterface.h
/Applications/Xcode.app/Contents/Developer/Platforms/MacOSX.platform/Developer/SDKs/MacOSX26.1.sdk/System/Library/Frameworks/CoreImage.framework/Headers/CIKernelMetalLib.h
/Applications/Xcode.app/Contents/Developer/Platforms/MacOSX.platform/Developer/SDKs/MacOSX26.1.sdk/System/Library/Frameworks/CoreImage.framework/Headers/CIFilterBuiltins.h
/Applications/Xcode.app/Contents/Developer/Platforms/MacOSX.platform/Developer/SDKs/MacOSX26.1.sdk/SDKSettings.json
/Applications/Xcode.app/Contents/Developer/Toolchains/XcodeDefault.xctoolchain/usr/lib/swift/macosx/prebuilt-modules/26.1/CoreImage.swiftmodule/arm64e-apple-macos.swiftmodule
/Applications/Xcode.app/Contents/Developer/Platforms/MacOSX.platform/Developer/SDKs/MacOSX26.1.sdk/System/Library/Frameworks/CoreServices.framework/Modules/module.modulemap
/Applications/Xcode.app/Contents/Developer/Platforms/MacOSX.platform/Developer/SDKs/MacOSX26.1.sdk/System/Library/Frameworks/CoreServices.framework/Headers/CoreServices.h
/Applications/Xcode.app/Contents/Developer/Platforms/MacOSX.platform/Developer/SDKs/MacOSX26.1.sdk/System/Library/Frameworks/CoreFoundation.framework/Modules/module.modulemap
/Applications/Xcode.app/Contents/Developer/Platforms/MacOSX.platform/Developer/SDKs/MacOSX26.1.sdk/System/Library/Frameworks/CoreServices.framework/Frameworks/AE.framework/Headers/AE.h
/Applications/Xcode.app/Contents/Developer/Platforms/MacOSX.platform/Developer/SDKs/MacOSX26.1.sdk/System/Library/Frameworks/CoreServices.framework/Frameworks/CarbonCore.framework/Headers/CarbonCore.h
/Applications/Xcode.app/Contents/Developer/Platforms/MacOSX.platform/Developer/SDKs/MacOSX26.1.sdk/System/Library/Frameworks/CoreServices.framework/Frameworks/CarbonCore.framework/Headers/Finder.h
/Applications/Xcode.app/Contents/Developer/Platforms/MacOSX.platform/Developer/SDKs/MacOSX26.1.sdk/usr/include/dispatch.modulemap
/Applications/Xcode.app/Contents/Developer/Platforms/MacOSX.platform/Developer/SDKs/MacOSX26.1.sdk/usr/include/Darwin.modulemap
/Applications/Xcode.app/Contents/Developer/Platforms/MacOSX.platform/Developer/SDKs/MacOSX26.1.sdk/usr/include/DarwinFoundation2.modulemap
/Applications/Xcode.app/Contents/Developer/Platforms/MacOSX.platform/Developer/SDKs/MacOSX26.1.sdk/usr/include/DarwinFoundation1.modulemap
/Applications/Xcode.app/Contents/Developer/Platforms/MacOSX.platform/Developer/SDKs/MacOSX26.1.sdk/System/Library/Frameworks/CoreServices.framework/Frameworks/CarbonCore.framework/Headers/FixMath.h
/Applications/Xcode.app/Contents/Developer/Platforms/MacOSX.platform/Developer/SDKs/MacOSX26.1.sdk/System/Library/Frameworks/CoreServices.framework/Frameworks/CarbonCore.framework/Headers/Script.h
/Applications/Xcode.app/Contents/Developer/Platforms/MacOSX.platform/Developer/SDKs/MacOSX26.1.sdk/System/Library/Frameworks/CoreServices.framework/Frameworks/CarbonCore.framework/Headers/IntlResources.h
/Applications/Xcode.app/Contents/Developer/Platforms/MacOSX.platform/Developer/SDKs/MacOSX26.1.sdk/System/Library/Frameworks/CoreServices.framework/Frameworks/CarbonCore.framework/Headers/UTCUtils.h
/Applications/Xcode.app/Contents/Developer/Platforms/MacOSX.platform/Developer/SDKs/MacOSX26.1.sdk/System/Library/Frameworks/CoreServices.framework/Frameworks/CarbonCore.framework/Headers/MacErrors.h
/Applications/Xcode.app/Contents/Developer/Platforms/MacOSX.platform/Developer/SDKs/MacOSX26.1.sdk/System/Library/Frameworks/CoreServices.framework/Frameworks/CarbonCore.framework/Headers/TextCommon.h
/Applications/Xcode.app/Contents/Developer/Platforms/MacOSX.platform/Developer/SDKs/MacOSX26.1.sdk/System/Library/Frameworks/CoreServices.framework/Frameworks/CarbonCore.framework/Headers/Collections.h
/Applications/Xcode.app/Contents/Developer/Platforms/MacOSX.platform/Developer/SDKs/MacOSX26.1.sdk/System/Library/Frameworks/CoreServices.framework/Frameworks/CarbonCore.framework/Headers/MixedMode.h
/Applications/Xcode.app/Contents/Developer/Platforms/MacOSX.platform/Developer/SDKs/MacOSX26.1.sdk/System/Library/Frameworks/CoreServices.framework/Frameworks/CarbonCore.framework/Headers/Endian.h
/Applications/Xcode.app/Contents/Developer/Platforms/MacOSX.platform/Developer/SDKs/MacOSX26.1.sdk/System/Library/Frameworks/CoreServices.framework/Frameworks/CarbonCore.framework/Headers/Gestalt.h
/Applications/Xcode.app/Contents/Developer/Platforms/MacOSX.platform/Developer/SDKs/MacOSX26.1.sdk/System/Library/Frameworks/CoreServices.framework/Frameworks/CarbonCore.framework/Headers/MacMemory.h
/Applications/Xcode.app/Contents/Developer/Platforms/MacOSX.platform/Developer/SDKs/MacOSX26.1.sdk/System/Library/Frameworks/CoreServices.framework/Frameworks/CarbonCore.framework/Headers/Math64.h
/Applications/Xcode.app/Contents/Developer/Platforms/MacOSX.platform/Developer/SDKs/MacOSX26.1.sdk/System/Library/Frameworks/CoreServices.framework/Frameworks/CarbonCore.framework/Headers/BackupCore.h
/Applications/Xcode.app/Contents/Developer/Platforms/MacOSX.platform/Developer/SDKs/MacOSX26.1.sdk/System/Library/Frameworks/CoreServices.framework/Frameworks/CarbonCore.framework/Headers/DiskSpaceRecovery.h
/Applications/Xcode.app/Contents/Developer/Platforms/MacOSX.platform/Developer/SDKs/MacOSX26.1.sdk/System/Library/Frameworks/CoreServices.framework/Frameworks/CarbonCore.framework/Headers/Components.h
/Applications/Xcode.app/Contents/Developer/Platforms/MacOSX.platform/Developer/SDKs/MacOSX26.1.sdk/System/Library/Frameworks/CoreServices.framework/Frameworks/CarbonCore.framework/Headers/Files.h
/Applications/Xcode.app/Contents/Developer/Platforms/MacOSX.platform/Developer/SDKs/MacOSX26.1.sdk/System/Library/Frameworks/CoreServices.framework/Frameworks/CarbonCore.framework/Headers/OSUtils.h
/Applications/Xcode.app/Contents/Developer/Platforms/MacOSX.platform/Developer/SDKs/MacOSX26.1.sdk/System/Library/Frameworks/CoreServices.framework/Frameworks/CarbonCore.framework/Headers/DateTimeUtils.h
/Applications/Xcode.app/Contents/Developer/Platforms/MacOSX.platform/Developer/SDKs/MacOSX26.1.sdk/System/Library/Frameworks/DiskArbitration.framework/Modules/module.modulemap
/Applications/Xcode.app/Contents/Developer/Platforms/MacOSX.platform/Developer/SDKs/MacOSX26.1.sdk/System/Library/Frameworks/CoreServices.framework/Frameworks/CarbonCore.framework/Headers/Resources.h
/Applications/Xcode.app/Contents/Developer/Platforms/MacOSX.platform/Developer/SDKs/MacOSX26.1.sdk/System/Library/Frameworks/CoreServices.framework/Frameworks/CarbonCore.framework/Headers/CodeFragments.h
/Applications/Xcode.app/Contents/Developer/Platforms/MacOSX.platform/Developer/SDKs/MacOSX26.1.sdk/System/Library/Frameworks/CoreServices.framework/Frameworks/CarbonCore.framework/Headers/Multiprocessing.h
/Applications/Xcode.app/Contents/Developer/Platforms/MacOSX.platform/Developer/SDKs/MacOSX26.1.sdk/System/Library/Frameworks/CoreServices.framework/Frameworks/CarbonCore.framework/Headers/Aliases.h
/Applications/Xcode.app/Contents/Developer/Platforms/MacOSX.platform/Developer/SDKs/MacOSX26.1.sdk/System/Library/Frameworks/CoreServices.framework/Frameworks/CarbonCore.framework/Headers/MacLocales.h
/Applications/Xcode.app/Contents/Developer/Platforms/MacOSX.platform/Developer/SDKs/MacOSX26.1.sdk/System/Library/Frameworks/CoreServices.framework/Frameworks/CarbonCore.framework/Headers/Debugging.h
/Applications/Xcode.app/Contents/Developer/Platforms/MacOSX.platform/Developer/SDKs/MacOSX26.1.sdk/System/Library/Frameworks/CoreServices.framework/Frameworks/CarbonCore.framework/Headers/PLStringFuncs.h
/Applications/Xcode.app/Contents/Developer/Platforms/MacOSX.platform/Developer/SDKs/MacOSX26.1.sdk/System/Library/Frameworks/CoreServices.framework/Frameworks/CarbonCore.framework/Headers/DriverSynchronization.h
/Applications/Xcode.app/Contents/Developer/Platforms/MacOSX.platform/Developer/SDKs/MacOSX26.1.sdk/System/Library/Frameworks/CoreServices.framework/Frameworks/CarbonCore.framework/Headers/DriverServices.h
/Applications/Xcode.app/Contents/Developer/Platforms/MacOSX.platform/Developer/SDKs/MacOSX26.1.sdk/System/Library/Frameworks/CoreServices.framework/Frameworks/CarbonCore.framework/Headers/MachineExceptions.h
/Applications/Xcode.app/Contents/Developer/Platforms/MacOSX.platform/Developer/SDKs/MacOSX26.1.sdk/System/Library/Frameworks/CoreServices.framework/Frameworks/CarbonCore.framework/Headers/NumberFormatting.h
/Applications/Xcode.app/Contents/Developer/Platforms/MacOSX.platform/Developer/SDKs/MacOSX26.1.sdk/System/Library/Frameworks/CoreServices.framework/Frameworks/CarbonCore.framework/Headers/StringCompare.h
/Applications/Xcode.app/Contents/Developer/Platforms/MacOSX.platform/Developer/SDKs/MacOSX26.1.sdk/System/Library/Frameworks/CoreServices.framework/Frameworks/CarbonCore.framework/Headers/TextUtils.h
/Applications/Xcode.app/Contents/Developer/Platforms/MacOSX.platform/Developer/SDKs/MacOSX26.1.sdk/System/Library/Frameworks/CoreServices.framework/Frameworks/CarbonCore.framework/Headers/ToolUtils.h
/Applications/Xcode.app/Contents/Developer/Platforms/MacOSX.platform/Developer/SDKs/MacOSX26.1.sdk/System/Library/Frameworks/CoreServices.framework/Frameworks/CarbonCore.framework/Headers/UnicodeUtilities.h
/Applications/Xcode.app/Contents/Developer/Platforms/MacOSX.platform/Developer/SDKs/MacOSX26.1.sdk/System/Library/Frameworks/CoreServices.framework/Frameworks/CarbonCore.framework/Headers/fp.h
/Applications/Xcode.app/Contents/Developer/Platforms/MacOSX.platform/Developer/SDKs/MacOSX26.1.sdk/System/Library/Frameworks/CoreServices.framework/Frameworks/CarbonCore.framework/Headers/TextEncodingConverter.h
/Applications/Xcode.app/Contents/Developer/Platforms/MacOSX.platform/Developer/SDKs/MacOSX26.1.sdk/System/Library/Frameworks/CoreServices.framework/Frameworks/CarbonCore.framework/Headers/UnicodeConverter.h
/Applications/Xcode.app/Contents/Developer/Platforms/MacOSX.platform/Developer/SDKs/MacOSX26.1.sdk/System/Library/Frameworks/CoreServices.framework/Frameworks/CarbonCore.framework/Headers/Threads.h
/Applications/Xcode.app/Contents/Developer/Platforms/MacOSX.platform/Developer/SDKs/MacOSX26.1.sdk/System/Library/Frameworks/CoreServices.framework/Frameworks/CarbonCore.framework/Headers/Folders.h
/Applications/Xcode.app/Contents/Developer/Platforms/MacOSX.platform/Developer/SDKs/MacOSX26.1.sdk/System/Library/Frameworks/CoreServices.framework/Frameworks/CarbonCore.framework/Headers/Timer.h
/Applications/Xcode.app/Contents/Developer/Platforms/MacOSX.platform/Developer/SDKs/MacOSX26.1.sdk/System/Library/Frameworks/CoreServices.framework/Frameworks/CarbonCore.framework/Headers/MultiprocessingInfo.h
/Applications/Xcode.app/Contents/Developer/Platforms/MacOSX.platform/Developer/SDKs/MacOSX26.1.sdk/System/Library/Frameworks/CoreServices.framework/Frameworks/CarbonCore.framework/Headers/LowMem.h
/Applications/Xcode.app/Contents/Developer/Platforms/MacOSX.platform/Developer/SDKs/MacOSX26.1.sdk/System/Library/Frameworks/CoreServices.framework/Frameworks/CarbonCore.framework/Headers/AVLTree.h
/Applications/Xcode.app/Contents/Developer/Platforms/MacOSX.platform/Developer/SDKs/MacOSX26.1.sdk/System/Library/Frameworks/CoreServices.framework/Frameworks/CarbonCore.framework/Headers/PEFBinaryFormat.h
/Applications/Xcode.app/Contents/Developer/Platforms/MacOSX.platform/Developer/SDKs/MacOSX26.1.sdk/System/Library/Frameworks/CoreServices.framework/Frameworks/CarbonCore.framework/Headers/HFSVolumes.h
/Applications/Xcode.app/Contents/Developer/Platforms/MacOSX.platform/Developer/SDKs/MacOSX26.1.sdk/System/Library/Frameworks/CoreServices.framework/Frameworks/CarbonCore.framework/Headers/AIFF.h
/Applications/Xcode.app/Contents/Developer/Toolchains/XcodeDefault.xctoolchain/usr/lib/swift/clang/include/module.modulemap
/Applications/Xcode.app/Contents/Developer/Platforms/MacOSX.platform/Developer/SDKs/MacOSX26.1.sdk/System/Library/Frameworks/CoreServices.framework/Frameworks/CarbonCore.framework/Headers/TextEncodingPlugin.h
/Applications/Xcode.app/Contents/Developer/Platforms/MacOSX.platform/Developer/SDKs/MacOSX26.1.sdk/System/Library/Frameworks/CoreServices.framework/Frameworks/AE.framework/Headers/AEDataModel.h
/Applications/Xcode.app/Contents/Developer/Platforms/MacOSX.platform/Developer/SDKs/MacOSX26.1.sdk/System/Library/Frameworks/CoreServices.framework/Frameworks/AE.framework/Headers/AppleEvents.h
/Applications/Xcode.app/Contents/Developer/Platforms/MacOSX.platform/Developer/SDKs/MacOSX26.1.sdk/System/Library/Frameworks/CoreServices.framework/Frameworks/AE.framework/Headers/AEPackObject.h
/Applications/Xcode.app/Contents/Developer/Platforms/MacOSX.platform/Developer/SDKs/MacOSX26.1.sdk/System/Library/Frameworks/CoreServices.framework/Frameworks/AE.framework/Headers/AEObjects.h
/Applications/Xcode.app/Contents/Developer/Platforms/MacOSX.platform/Developer/SDKs/MacOSX26.1.sdk/System/Library/Frameworks/CoreServices.framework/Frameworks/AE.framework/Headers/AERegistry.h
/Applications/Xcode.app/Contents/Developer/Platforms/MacOSX.platform/Developer/SDKs/MacOSX26.1.sdk/System/Library/Frameworks/CoreServices.framework/Frameworks/AE.framework/Headers/AEUserTermTypes.h
/Applications/Xcode.app/Contents/Developer/Platforms/MacOSX.platform/Developer/SDKs/MacOSX26.1.sdk/System/Library/Frameworks/CoreServices.framework/Frameworks/AE.framework/Headers/AEHelpers.h
/Applications/Xcode.app/Contents/Developer/Toolchains/XcodeDefault.xctoolchain/usr/lib/swift/clang/include/stdarg.h
/Applications/Xcode.app/Contents/Developer/Platforms/MacOSX.platform/Developer/SDKs/MacOSX26.1.sdk/System/Library/Frameworks/CoreServices.framework/Frameworks/AE.framework/Headers/AEMach.h
/Applications/Xcode.app/Contents/Developer/Platforms/MacOSX.platform/Developer/SDKs/MacOSX26.1.sdk/System/Library/Frameworks/CFNetwork.framework/Modules/module.modulemap
/Applications/Xcode.app/Contents/Developer/Platforms/MacOSX.platform/Developer/SDKs/MacOSX26.1.sdk/System/Library/Frameworks/CoreServices.framework/Frameworks/DictionaryServices.framework/Headers/DictionaryServices.h
/Applications/Xcode.app/Contents/Developer/Platforms/MacOSX.platform/Developer/SDKs/MacOSX26.1.sdk/System/Library/Frameworks/CoreServices.framework/Frameworks/LaunchServices.framework/Headers/LaunchServices.h
/Applications/Xcode.app/Contents/Developer/Platforms/MacOSX.platform/Developer/SDKs/MacOSX26.1.sdk/System/Library/Frameworks/CoreServices.framework/Frameworks/LaunchServices.framework/Headers/IconsCore.h
/Applications/Xcode.app/Contents/Developer/Platforms/MacOSX.platform/Developer/SDKs/MacOSX26.1.sdk/System/Library/Frameworks/CoreServices.framework/Frameworks/OSServices.framework/Headers/OSServices.h
/Applications/Xcode.app/Contents/Developer/Platforms/MacOSX.platform/Developer/SDKs/MacOSX26.1.sdk/System/Library/Frameworks/CoreServices.framework/Frameworks/OSServices.framework/Headers/CSIdentity.h
/Applications/Xcode.app/Contents/Developer/Platforms/MacOSX.platform/Developer/SDKs/MacOSX26.1.sdk/System/Library/Frameworks/CoreServices.framework/Frameworks/OSServices.framework/Headers/CSIdentityBase.h
/Applications/Xcode.app/Contents/Developer/Platforms/MacOSX.platform/Developer/SDKs/MacOSX26.1.sdk/System/Library/Frameworks/Security.framework/Modules/module.modulemap
/Applications/Xcode.app/Contents/Developer/Platforms/MacOSX.platform/Developer/SDKs/MacOSX26.1.sdk/System/Library/Frameworks/CoreServices.framework/Frameworks/OSServices.framework/Headers/CSIdentityAuthority.h
/Applications/Xcode.app/Contents/Developer/Platforms/MacOSX.platform/Developer/SDKs/MacOSX26.1.sdk/System/Library/Frameworks/CoreServices.framework/Frameworks/OSServices.framework/Headers/CSIdentityQuery.h
/Applications/Xcode.app/Contents/Developer/Platforms/MacOSX.platform/Developer/SDKs/MacOSX26.1.sdk/System/Library/Frameworks/CoreServices.framework/Frameworks/OSServices.framework/Headers/IconStorage.h
/Applications/Xcode.app/Contents/Developer/Platforms/MacOSX.platform/Developer/SDKs/MacOSX26.1.sdk/System/Library/Frameworks/CoreServices.framework/Frameworks/OSServices.framework/Headers/Power.h
/Applications/Xcode.app/Contents/Developer/Platforms/MacOSX.platform/Developer/SDKs/MacOSX26.1.sdk/System/Library/Frameworks/CoreServices.framework/Frameworks/OSServices.framework/Headers/SecurityCore.h
/Applications/Xcode.app/Contents/Developer/Platforms/MacOSX.platform/Developer/SDKs/MacOSX26.1.sdk/System/Library/Frameworks/CoreServices.framework/Frameworks/OSServices.framework/Headers/KeychainCore.h
/Applications/Xcode.app/Contents/Developer/Platforms/MacOSX.platform/Developer/SDKs/MacOSX26.1.sdk/System/Library/Frameworks/CoreServices.framework/Frameworks/OSServices.framework/Headers/WSMethodInvocation.h
/Applications/Xcode.app/Contents/Developer/Platforms/MacOSX.platform/Developer/SDKs/MacOSX26.1.sdk/System/Library/Frameworks/CoreServices.framework/Frameworks/OSServices.framework/Headers/WSTypes.h
/Applications/Xcode.app/Contents/Developer/Platforms/MacOSX.platform/Developer/SDKs/MacOSX26.1.sdk/System/Library/Frameworks/CoreServices.framework/Frameworks/OSServices.framework/Headers/WSProtocolHandler.h
/Applications/Xcode.app/Contents/Developer/Platforms/MacOSX.platform/Developer/SDKs/MacOSX26.1.sdk/System/Library/Frameworks/CoreServices.framework/Frameworks/LaunchServices.framework/Headers/LSConstants.h
/Applications/Xcode.app/Contents/Developer/Platforms/MacOSX.platform/Developer/SDKs/MacOSX26.1.sdk/System/Library/Frameworks/CoreServices.framework/Frameworks/LaunchServices.framework/Headers/LSInfo.h
/Applications/Xcode.app/Contents/Developer/Platforms/MacOSX.platform/Developer/SDKs/MacOSX26.1.sdk/System/Library/Frameworks/CoreServices.framework/Frameworks/LaunchServices.framework/Headers/LSInfoDeprecated.h
/Applications/Xcode.app/Contents/Developer/Platforms/MacOSX.platform/Developer/SDKs/MacOSX26.1.sdk/System/Library/Frameworks/CoreServices.framework/Frameworks/LaunchServices.framework/Headers/LSOpen.h
/Applications/Xcode.app/Contents/Developer/Platforms/MacOSX.platform/Developer/SDKs/MacOSX26.1.sdk/System/Library/Frameworks/CoreServices.framework/Frameworks/LaunchServices.framework/Headers/LSOpenDeprecated.h
/Applications/Xcode.app/Contents/Developer/Platforms/MacOSX.platform/Developer/SDKs/MacOSX26.1.sdk/System/Library/Frameworks/CoreServices.framework/Frameworks/LaunchServices.framework/Headers/LSQuarantine.h
/Applications/Xcode.app/Contents/Developer/Platforms/MacOSX.platform/Developer/SDKs/MacOSX26.1.sdk/System/Library/Frameworks/CoreServices.framework/Frameworks/LaunchServices.framework/Headers/UTCoreTypes.h
/Applications/Xcode.app/Contents/Developer/Platforms/MacOSX.platform/Developer/SDKs/MacOSX26.1.sdk/System/Library/Frameworks/CoreServices.framework/Frameworks/LaunchServices.framework/Headers/UTType.h
/Applications/Xcode.app/Contents/Developer/Platforms/MacOSX.platform/Developer/SDKs/MacOSX26.1.sdk/System/Library/Frameworks/CoreServices.framework/Frameworks/Metadata.framework/Headers/Metadata.h
/Applications/Xcode.app/Contents/Developer/Platforms/MacOSX.platform/Developer/SDKs/MacOSX26.1.sdk/System/Library/Frameworks/CoreServices.framework/Frameworks/Metadata.framework/Headers/MDItem.h
/Applications/Xcode.app/Contents/Developer/Platforms/MacOSX.platform/Developer/SDKs/MacOSX26.1.sdk/System/Library/Frameworks/CoreServices.framework/Frameworks/Metadata.framework/Headers/MDLabel.h
/Applications/Xcode.app/Contents/Developer/Platforms/MacOSX.platform/Developer/SDKs/MacOSX26.1.sdk/System/Library/Frameworks/CoreServices.framework/Frameworks/Metadata.framework/Headers/MDQuery.h
/Applications/Xcode.app/Contents/Developer/Platforms/MacOSX.platform/Developer/SDKs/MacOSX26.1.sdk/System/Library/Frameworks/CoreServices.framework/Frameworks/Metadata.framework/Headers/MDSchema.h
/Applications/Xcode.app/Contents/Developer/Platforms/MacOSX.platform/Developer/SDKs/MacOSX26.1.sdk/System/Library/Frameworks/CoreServices.framework/Frameworks/Metadata.framework/Headers/MDImporter.h
/Applications/Xcode.app/Contents/Developer/Platforms/MacOSX.platform/Developer/SDKs/MacOSX26.1.sdk/System/Library/Frameworks/CoreServices.framework/Frameworks/SearchKit.framework/Headers/SearchKit.h
/Applications/Xcode.app/Contents/Developer/Platforms/MacOSX.platform/Developer/SDKs/MacOSX26.1.sdk/System/Library/Frameworks/CoreServices.framework/Frameworks/SearchKit.framework/Headers/SKDocument.h
/Applications/Xcode.app/Contents/Developer/Platforms/MacOSX.platform/Developer/SDKs/MacOSX26.1.sdk/System/Library/Frameworks/CoreServices.framework/Frameworks/SearchKit.framework/Headers/SKAnalysis.h
/Applications/Xcode.app/Contents/Developer/Platforms/MacOSX.platform/Developer/SDKs/MacOSX26.1.sdk/System/Library/Frameworks/CoreServices.framework/Frameworks/SearchKit.framework/Headers/SKIndex.h
/Applications/Xcode.app/Contents/Developer/Platforms/MacOSX.platform/Developer/SDKs/MacOSX26.1.sdk/System/Library/Frameworks/CoreServices.framework/Frameworks/SearchKit.framework/Headers/SKSearch.h
/Applications/Xcode.app/Contents/Developer/Platforms/MacOSX.platform/Developer/SDKs/MacOSX26.1.sdk/System/Library/Frameworks/CoreServices.framework/Frameworks/SearchKit.framework/Headers/SKSummary.h
/Applications/Xcode.app/Contents/Developer/Platforms/MacOSX.platform/Developer/SDKs/MacOSX26.1.sdk/System/Library/Frameworks/CoreServices.framework/Frameworks/FSEvents.framework/Headers/FSEvents.h
/Applications/Xcode.app/Contents/Developer/Platforms/MacOSX.platform/Developer/SDKs/MacOSX26.1.sdk/System/Library/Frameworks/CoreServices.framework/Frameworks/SharedFileList.framework/Headers/SharedFileList.h
/Applications/Xcode.app/Contents/Developer/Platforms/MacOSX.platform/Developer/SDKs/MacOSX26.1.sdk/System/Library/Frameworks/CoreServices.framework/Frameworks/SharedFileList.framework/Headers/LSSharedFileList.h
/Applications/Xcode.app/Contents/Developer/Platforms/MacOSX.platform/Developer/SDKs/MacOSX26.1.sdk/SDKSettings.json
/Applications/Xcode.app/Contents/Developer/Toolchains/XcodeDefault.xctoolchain/usr/lib/swift/macosx/prebuilt-modules/26.1/CoreText.swiftmodule/arm64e-apple-macos.swiftmodule
/Applications/Xcode.app/Contents/Developer/Platforms/MacOSX.platform/Developer/SDKs/MacOSX26.1.sdk/System/Library/Frameworks/CoreText.framework/Headers/CoreText.apinotes
/Applications/Xcode.app/Contents/Developer/Platforms/MacOSX.platform/Developer/SDKs/MacOSX26.1.sdk/System/Library/Frameworks/CoreText.framework/Modules/module.modulemap
/Applications/Xcode.app/Contents/Developer/Platforms/MacOSX.platform/Developer/SDKs/MacOSX26.1.sdk/System/Library/Frameworks/CoreText.framework/Headers/CoreText.h
/Applications/Xcode.app/Contents/Developer/Platforms/MacOSX.platform/Developer/SDKs/MacOSX26.1.sdk/System/Library/Frameworks/CoreText.framework/Headers/CTFont.h
/Applications/Xcode.app/Contents/Developer/Platforms/MacOSX.platform/Developer/SDKs/MacOSX26.1.sdk/System/Library/Frameworks/CoreText.framework/Headers/CTFontDescriptor.h
/Applications/Xcode.app/Contents/Developer/Platforms/MacOSX.platform/Developer/SDKs/MacOSX26.1.sdk/System/Library/Frameworks/CoreText.framework/Headers/CTFontTraits.h
/Applications/Xcode.app/Contents/Developer/Platforms/MacOSX.platform/Developer/SDKs/MacOSX26.1.sdk/System/Library/Frameworks/CoreText.framework/Headers/CTDefines.h
/Applications/Xcode.app/Contents/Developer/Platforms/MacOSX.platform/Developer/SDKs/MacOSX26.1.sdk/usr/include/Darwin.modulemap
/Applications/Xcode.app/Contents/Developer/Platforms/MacOSX.platform/Developer/SDKs/MacOSX26.1.sdk/usr/include/Darwin_C.modulemap
/Applications/Xcode.app/Contents/Developer/Platforms/MacOSX.platform/Developer/SDKs/MacOSX26.1.sdk/usr/include/Darwin_POSIX.modulemap
/Applications/Xcode.app/Contents/Developer/Platforms/MacOSX.platform/Developer/SDKs/MacOSX26.1.sdk/usr/include/net.modulemap
/Applications/Xcode.app/Contents/Developer/Platforms/MacOSX.platform/Developer/SDKs/MacOSX26.1.sdk/usr/include/netinet.modulemap
/Applications/Xcode.app/Contents/Developer/Platforms/MacOSX.platform/Developer/SDKs/MacOSX26.1.sdk/usr/include/bank.modulemap
/Applications/Xcode.app/Contents/Developer/Platforms/MacOSX.platform/Developer/SDKs/MacOSX26.1.sdk/usr/include/Darwin_Mach.modulemap
/Applications/Xcode.app/Contents/Developer/Platforms/MacOSX.platform/Developer/SDKs/MacOSX26.1.sdk/usr/include/Darwin_Mach_machine.modulemap
/Applications/Xcode.app/Contents/Developer/Platforms/MacOSX.platform/Developer/SDKs/MacOSX26.1.sdk/usr/include/mach_debug.modulemap
/Applications/Xcode.app/Contents/Developer/Platforms/MacOSX.platform/Developer/SDKs/MacOSX26.1.sdk/usr/include/device.modulemap
/Applications/Xcode.app/Contents/Developer/Platforms/MacOSX.platform/Developer/SDKs/MacOSX26.1.sdk/usr/include/Darwin_machine.modulemap
/Applications/Xcode.app/Contents/Developer/Platforms/MacOSX.platform/Developer/SDKs/MacOSX26.1.sdk/usr/include/ncurses.modulemap
/Applications/Xcode.app/Contents/Developer/Platforms/MacOSX.platform/Developer/SDKs/MacOSX26.1.sdk/usr/include/netinet6.modulemap
/Applications/Xcode.app/Contents/Developer/Platforms/MacOSX.platform/Developer/SDKs/MacOSX26.1.sdk/usr/include/Darwin_sys.modulemap
/Applications/Xcode.app/Contents/Developer/Platforms/MacOSX.platform/Developer/SDKs/MacOSX26.1.sdk/usr/include/uuid.modulemap
/Applications/Xcode.app/Contents/Developer/Platforms/MacOSX.platform/Developer/SDKs/MacOSX26.1.sdk/usr/include/DarwinFoundation1.modulemap
/Applications/Xcode.app/Contents/Developer/Platforms/MacOSX.platform/Developer/SDKs/MacOSX26.1.sdk/System/Library/Frameworks/CoreFoundation.framework/Modules/module.modulemap
/Applications/Xcode.app/Contents/Developer/Platforms/MacOSX.platform/Developer/SDKs/MacOSX26.1.sdk/System/Library/Frameworks/CoreGraphics.framework/Modules/module.modulemap
/Applications/Xcode.app/Contents/Developer/Platforms/MacOSX.platform/Developer/SDKs/MacOSX26.1.sdk/System/Library/Frameworks/CoreText.framework/Headers/CTFontCollection.h
/Applications/Xcode.app/Contents/Developer/Platforms/MacOSX.platform/Developer/SDKs/MacOSX26.1.sdk/System/Library/Frameworks/CoreText.framework/Headers/CTFontManager.h
/Applications/Xcode.app/Contents/Developer/Platforms/MacOSX.platform/Developer/SDKs/MacOSX26.1.sdk/System/Library/Frameworks/CoreText.framework/Headers/CTFontManagerErrors.h
/Applications/Xcode.app/Contents/Developer/Platforms/MacOSX.platform/Developer/SDKs/MacOSX26.1.sdk/System/Library/Frameworks/CoreText.framework/Headers/CTFrame.h
/Applications/Xcode.app/Contents/Developer/Platforms/MacOSX.platform/Developer/SDKs/MacOSX26.1.sdk/System/Library/Frameworks/CoreText.framework/Headers/CTFramesetter.h
/Applications/Xcode.app/Contents/Developer/Platforms/MacOSX.platform/Developer/SDKs/MacOSX26.1.sdk/System/Library/Frameworks/CoreText.framework/Headers/CTTypesetter.h
/Applications/Xcode.app/Contents/Developer/Platforms/MacOSX.platform/Developer/SDKs/MacOSX26.1.sdk/System/Library/Frameworks/CoreText.framework/Headers/CTLine.h
/Applications/Xcode.app/Contents/Developer/Platforms/MacOSX.platform/Developer/SDKs/MacOSX26.1.sdk/System/Library/Frameworks/CoreText.framework/Headers/CTGlyphInfo.h
/Applications/Xcode.app/Contents/Developer/Platforms/MacOSX.platform/Developer/SDKs/MacOSX26.1.sdk/System/Library/Frameworks/CoreText.framework/Headers/CTParagraphStyle.h
/Applications/Xcode.app/Contents/Developer/Platforms/MacOSX.platform/Developer/SDKs/MacOSX26.1.sdk/System/Library/Frameworks/CoreText.framework/Headers/CTRubyAnnotation.h
/Applications/Xcode.app/Contents/Developer/Platforms/MacOSX.platform/Developer/SDKs/MacOSX26.1.sdk/System/Library/Frameworks/CoreText.framework/Headers/CTRun.h
/Applications/Xcode.app/Contents/Developer/Platforms/MacOSX.platform/Developer/SDKs/MacOSX26.1.sdk/System/Library/Frameworks/CoreText.framework/Headers/CTRunDelegate.h
/Applications/Xcode.app/Contents/Developer/Platforms/MacOSX.platform/Developer/SDKs/MacOSX26.1.sdk/System/Library/Frameworks/CoreText.framework/Headers/CTStringAttributes.h
/Applications/Xcode.app/Contents/Developer/Platforms/MacOSX.platform/Developer/SDKs/MacOSX26.1.sdk/System/Library/Frameworks/CoreText.framework/Headers/CTTextTab.h
/Applications/Xcode.app/Contents/Developer/Platforms/MacOSX.platform/Developer/SDKs/MacOSX26.1.sdk/System/Library/Frameworks/CoreText.framework/Headers/SFNTLayoutTypes.h
/Applications/Xcode.app/Contents/Developer/Platforms/MacOSX.platform/Developer/SDKs/MacOSX26.1.sdk/System/Library/Frameworks/CoreText.framework/Headers/SFNTTypes.h
/Applications/Xcode.app/Contents/Developer/Platforms/MacOSX.platform/Developer/SDKs/MacOSX26.1.sdk/SDKSettings.json
/Applications/Xcode.app/Contents/Developer/Toolchains/XcodeDefault.xctoolchain/usr/lib/swift/macosx/prebuilt-modules/26.1/CoreTransferable.swiftmodule/arm64e-apple-macos.swiftmodule
/Applications/Xcode.app/Contents/Developer/Platforms/MacOSX.platform/Developer/SDKs/MacOSX26.1.sdk/System/Library/Frameworks/CoreTransferable.framework/Modules/module.modulemap
/Applications/Xcode.app/Contents/Developer/Platforms/MacOSX.platform/Developer/SDKs/MacOSX26.1.sdk/System/Library/Frameworks/CoreTransferable.framework/Headers/CoreTransferable.h
/Applications/Xcode.app/Contents/Developer/Platforms/MacOSX.platform/Developer/SDKs/MacOSX26.1.sdk/System/Library/Frameworks/Foundation.framework/Modules/module.modulemap
/Applications/Xcode.app/Contents/Developer/Platforms/MacOSX.platform/Developer/SDKs/MacOSX26.1.sdk/SDKSettings.json
/Applications/Xcode.app/Contents/Developer/Toolchains/XcodeDefault.xctoolchain/usr/lib/swift/macosx/prebuilt-modules/26.1/CoreVideo.swiftmodule/arm64e-apple-macos.swiftmodule
/Applications/Xcode.app/Contents/Developer/Platforms/MacOSX.platform/Developer/SDKs/MacOSX26.1.sdk/System/Library/Frameworks/CoreVideo.framework/Modules/module.modulemap
/Applications/Xcode.app/Contents/Developer/Platforms/MacOSX.platform/Developer/SDKs/MacOSX26.1.sdk/System/Library/Frameworks/CoreVideo.framework/Headers/CoreVideo.h
/Applications/Xcode.app/Contents/Developer/Platforms/MacOSX.platform/Developer/SDKs/MacOSX26.1.sdk/usr/include/DarwinFoundation1.modulemap
/Applications/Xcode.app/Contents/Developer/Platforms/MacOSX.platform/Developer/SDKs/MacOSX26.1.sdk/System/Library/Frameworks/CoreVideo.framework/Headers/CVReturn.h
/Applications/Xcode.app/Contents/Developer/Platforms/MacOSX.platform/Developer/SDKs/MacOSX26.1.sdk/System/Library/Frameworks/CoreVideo.framework/Headers/CVBase.h
/Applications/Xcode.app/Contents/Developer/Toolchains/XcodeDefault.xctoolchain/usr/lib/swift/clang/include/module.modulemap
/Applications/Xcode.app/Contents/Developer/Platforms/MacOSX.platform/Developer/SDKs/MacOSX26.1.sdk/System/Library/Frameworks/CoreFoundation.framework/Modules/module.modulemap
/Applications/Xcode.app/Contents/Developer/Platforms/MacOSX.platform/Developer/SDKs/MacOSX26.1.sdk/System/Library/Frameworks/CoreVideo.framework/Headers/CVHostTime.h
/Applications/Xcode.app/Contents/Developer/Platforms/MacOSX.platform/Developer/SDKs/MacOSX26.1.sdk/System/Library/Frameworks/CoreVideo.framework/Headers/CVDisplayLink.h
/Applications/Xcode.app/Contents/Developer/Platforms/MacOSX.platform/Developer/SDKs/MacOSX26.1.sdk/System/Library/Frameworks/CoreGraphics.framework/Modules/module.modulemap
/Applications/Xcode.app/Contents/Developer/Platforms/MacOSX.platform/Developer/SDKs/MacOSX26.1.sdk/System/Library/Frameworks/OpenGL.framework/Modules/module.modulemap
/Applications/Xcode.app/Contents/Developer/Platforms/MacOSX.platform/Developer/SDKs/MacOSX26.1.sdk/System/Library/Frameworks/CoreVideo.framework/Headers/CVBuffer.h
/Applications/Xcode.app/Contents/Developer/Toolchains/XcodeDefault.xctoolchain/usr/lib/swift/clang/include/stddef.h
/Applications/Xcode.app/Contents/Developer/Platforms/MacOSX.platform/Developer/SDKs/MacOSX26.1.sdk/System/Library/Frameworks/CoreVideo.framework/Headers/CVPixelBuffer.h
/Applications/Xcode.app/Contents/Developer/Platforms/MacOSX.platform/Developer/SDKs/MacOSX26.1.sdk/System/Library/Frameworks/CoreVideo.framework/Headers/CVImageBuffer.h
/Applications/Xcode.app/Contents/Developer/Platforms/MacOSX.platform/Developer/SDKs/MacOSX26.1.sdk/System/Library/Frameworks/ApplicationServices.framework/Modules/module.modulemap
/Applications/Xcode.app/Contents/Developer/Platforms/MacOSX.platform/Developer/SDKs/MacOSX26.1.sdk/System/Library/Frameworks/CoreVideo.framework/Headers/CVPixelBufferIOSurface.h
/Applications/Xcode.app/Contents/Developer/Platforms/MacOSX.platform/Developer/SDKs/MacOSX26.1.sdk/System/Library/Frameworks/IOSurface.framework/Modules/module.modulemap
/Applications/Xcode.app/Contents/Developer/Platforms/MacOSX.platform/Developer/SDKs/MacOSX26.1.sdk/System/Library/Frameworks/CoreVideo.framework/Headers/CVPixelBufferPool.h
/Applications/Xcode.app/Contents/Developer/Platforms/MacOSX.platform/Developer/SDKs/MacOSX26.1.sdk/System/Library/Frameworks/CoreVideo.framework/Headers/CVOpenGLBuffer.h
/Applications/Xcode.app/Contents/Developer/Platforms/MacOSX.platform/Developer/SDKs/MacOSX26.1.sdk/System/Library/Frameworks/CoreVideo.framework/Headers/CVOpenGLBufferPool.h
/Applications/Xcode.app/Contents/Developer/Platforms/MacOSX.platform/Developer/SDKs/MacOSX26.1.sdk/System/Library/Frameworks/CoreVideo.framework/Headers/CVOpenGLTexture.h
/Applications/Xcode.app/Contents/Developer/Platforms/MacOSX.platform/Developer/SDKs/MacOSX26.1.sdk/System/Library/Frameworks/CoreVideo.framework/Headers/CVOpenGLTextureCache.h
/Applications/Xcode.app/Contents/Developer/Platforms/MacOSX.platform/Developer/SDKs/MacOSX26.1.sdk/System/Library/Frameworks/CoreVideo.framework/Headers/CVPixelFormatDescription.h
/Applications/Xcode.app/Contents/Developer/Platforms/MacOSX.platform/Developer/SDKs/MacOSX26.1.sdk/System/Library/Frameworks/CoreVideo.framework/Headers/CVMetalTexture.h
/Applications/Xcode.app/Contents/Developer/Platforms/MacOSX.platform/Developer/SDKs/MacOSX26.1.sdk/System/Library/Frameworks/CoreVideo.framework/Headers/CVMetalTextureCache.h
/Applications/Xcode.app/Contents/Developer/Platforms/MacOSX.platform/Developer/SDKs/MacOSX26.1.sdk/System/Library/Frameworks/Metal.framework/Modules/module.modulemap
/Applications/Xcode.app/Contents/Developer/Platforms/MacOSX.platform/Developer/SDKs/MacOSX26.1.sdk/System/Library/Frameworks/CoreVideo.framework/Headers/CVMetalBuffer.h
/Applications/Xcode.app/Contents/Developer/Platforms/MacOSX.platform/Developer/SDKs/MacOSX26.1.sdk/System/Library/Frameworks/CoreVideo.framework/Headers/CVMetalBufferCache.h
/Applications/Xcode.app/Contents/Developer/Platforms/MacOSX.platform/Developer/SDKs/MacOSX26.1.sdk/SDKSettings.json
/Applications/Xcode.app/Contents/Developer/Toolchains/XcodeDefault.xctoolchain/usr/lib/swift/macosx/prebuilt-modules/26.1/CryptoKit.swiftmodule/arm64e-apple-macos.swiftmodule
/Applications/Xcode.app/Contents/Developer/Platforms/MacOSX.platform/Developer/SDKs/MacOSX26.1.sdk/usr/include/Darwin.modulemap
/Applications/Xcode.app/Contents/Developer/Platforms/MacOSX.platform/Developer/SDKs/MacOSX26.1.sdk/usr/include/Darwin_C.modulemap
/Applications/Xcode.app/Contents/Developer/Platforms/MacOSX.platform/Developer/SDKs/MacOSX26.1.sdk/usr/include/Darwin_POSIX.modulemap
/Applications/Xcode.app/Contents/Developer/Platforms/MacOSX.platform/Developer/SDKs/MacOSX26.1.sdk/usr/include/net.modulemap
/Applications/Xcode.app/Contents/Developer/Platforms/MacOSX.platform/Developer/SDKs/MacOSX26.1.sdk/usr/include/netinet.modulemap
/Applications/Xcode.app/Contents/Developer/Platforms/MacOSX.platform/Developer/SDKs/MacOSX26.1.sdk/usr/include/bank.modulemap
/Applications/Xcode.app/Contents/Developer/Platforms/MacOSX.platform/Developer/SDKs/MacOSX26.1.sdk/usr/include/Darwin_Mach.modulemap
/Applications/Xcode.app/Contents/Developer/Platforms/MacOSX.platform/Developer/SDKs/MacOSX26.1.sdk/usr/include/Darwin_Mach_machine.modulemap
/Applications/Xcode.app/Contents/Developer/Platforms/MacOSX.platform/Developer/SDKs/MacOSX26.1.sdk/usr/include/mach_debug.modulemap
/Applications/Xcode.app/Contents/Developer/Platforms/MacOSX.platform/Developer/SDKs/MacOSX26.1.sdk/usr/include/device.modulemap
/Applications/Xcode.app/Contents/Developer/Platforms/MacOSX.platform/Developer/SDKs/MacOSX26.1.sdk/usr/include/Darwin_machine.modulemap
/Applications/Xcode.app/Contents/Developer/Platforms/MacOSX.platform/Developer/SDKs/MacOSX26.1.sdk/usr/include/ncurses.modulemap
/Applications/Xcode.app/Contents/Developer/Platforms/MacOSX.platform/Developer/SDKs/MacOSX26.1.sdk/usr/include/netinet6.modulemap
/Applications/Xcode.app/Contents/Developer/Platforms/MacOSX.platform/Developer/SDKs/MacOSX26.1.sdk/usr/include/Darwin_sys.modulemap
/Applications/Xcode.app/Contents/Developer/Platforms/MacOSX.platform/Developer/SDKs/MacOSX26.1.sdk/usr/include/uuid.modulemap
/Applications/Xcode.app/Contents/Developer/Platforms/MacOSX.platform/Developer/SDKs/MacOSX26.1.sdk/usr/include/DarwinFoundation2.modulemap
/Applications/Xcode.app/Contents/Developer/Platforms/MacOSX.platform/Developer/SDKs/MacOSX26.1.sdk/usr/include/DarwinFoundation3.modulemap
/Applications/Xcode.app/Contents/Developer/Platforms/MacOSX.platform/Developer/SDKs/MacOSX26.1.sdk/usr/include/DarwinFoundation1.modulemap
/Applications/Xcode.app/Contents/Developer/Platforms/MacOSX.platform/Developer/SDKs/MacOSX26.1.sdk/usr/include/copyfile.h
/Applications/Xcode.app/Contents/Developer/Toolchains/XcodeDefault.xctoolchain/usr/lib/swift/clang/include/module.modulemap
/Applications/Xcode.app/Contents/Developer/Platforms/MacOSX.platform/Developer/SDKs/MacOSX26.1.sdk/usr/include/err.h
/Applications/Xcode.app/Contents/Developer/Platforms/MacOSX.platform/Developer/SDKs/MacOSX26.1.sdk/usr/include/readpassphrase.h
/Applications/Xcode.app/Contents/Developer/Platforms/MacOSX.platform/Developer/SDKs/MacOSX26.1.sdk/usr/include/util.h
/Applications/Xcode.app/Contents/Developer/Platforms/MacOSX.platform/Developer/SDKs/MacOSX26.1.sdk/usr/include/sys/ttycom.h
/Applications/Xcode.app/Contents/Developer/Platforms/MacOSX.platform/Developer/SDKs/MacOSX26.1.sdk/usr/include/sys/ioccom.h
/Applications/Xcode.app/Contents/Developer/Platforms/MacOSX.platform/Developer/SDKs/MacOSX26.1.sdk/usr/include/stdio.h
/Applications/Xcode.app/Contents/Developer/Platforms/MacOSX.platform/Developer/SDKs/MacOSX26.1.sdk/usr/include/pwd.h
/Applications/Xcode.app/Contents/Developer/Platforms/MacOSX.platform/Developer/SDKs/MacOSX26.1.sdk/usr/include/uuid/uuid.h
/Applications/Xcode.app/Contents/Developer/Platforms/MacOSX.platform/Developer/SDKs/MacOSX26.1.sdk/usr/include/termios.h
/Applications/Xcode.app/Contents/Developer/Platforms/MacOSX.platform/Developer/SDKs/MacOSX26.1.sdk/usr/include/sys/termios.h
/Applications/Xcode.app/Contents/Developer/Platforms/MacOSX.platform/Developer/SDKs/MacOSX26.1.sdk/usr/include/sys/ttydefaults.h
/Applications/Xcode.app/Contents/Developer/Platforms/MacOSX.platform/Developer/SDKs/MacOSX26.1.sdk/usr/include/utmp.h
/Applications/Xcode.app/Contents/Developer/Platforms/MacOSX.platform/Developer/SDKs/MacOSX26.1.sdk/usr/include/xattr_flags.h
/Applications/Xcode.app/Contents/Developer/Platforms/MacOSX.platform/Developer/SDKs/MacOSX26.1.sdk/usr/include/_modules/_darwin_c_ctype.h
/Applications/Xcode.app/Contents/Developer/Platforms/MacOSX.platform/Developer/SDKs/MacOSX26.1.sdk/usr/include/ctype.h
/Applications/Xcode.app/Contents/Developer/Platforms/MacOSX.platform/Developer/SDKs/MacOSX26.1.sdk/usr/include/_modules/_darwin_c_errno.h
/Applications/Xcode.app/Contents/Developer/Platforms/MacOSX.platform/Developer/SDKs/MacOSX26.1.sdk/usr/include/_modules/_darwin_c_inttypes.h
/Applications/Xcode.app/Contents/Developer/Platforms/MacOSX.platform/Developer/SDKs/MacOSX26.1.sdk/usr/include/_modules/_darwin_c_limits.h
/Applications/Xcode.app/Contents/Developer/Platforms/MacOSX.platform/Developer/SDKs/MacOSX26.1.sdk/usr/include/_modules/_darwin_c_signal.h
/Applications/Xcode.app/Contents/Developer/Platforms/MacOSX.platform/Developer/SDKs/MacOSX26.1.sdk/usr/include/_modules/_darwin_c_stdarg.h
/Applications/Xcode.app/Contents/Developer/Toolchains/XcodeDefault.xctoolchain/usr/lib/swift/clang/include/stdarg.h
/Applications/Xcode.app/Contents/Developer/Platforms/MacOSX.platform/Developer/SDKs/MacOSX26.1.sdk/usr/include/_modules/_darwin_c_stdbool.h
/Applications/Xcode.app/Contents/Developer/Platforms/MacOSX.platform/Developer/SDKs/MacOSX26.1.sdk/usr/include/_modules/_darwin_c_stddef.h
/Applications/Xcode.app/Contents/Developer/Toolchains/XcodeDefault.xctoolchain/usr/lib/swift/clang/include/stddef.h
/Applications/Xcode.app/Contents/Developer/Platforms/MacOSX.platform/Developer/SDKs/MacOSX26.1.sdk/usr/include/_modules/_darwin_c_stdint.h
/Applications/Xcode.app/Contents/Developer/Platforms/MacOSX.platform/Developer/SDKs/MacOSX26.1.sdk/usr/include/_modules/_darwin_c_stdio.h
/Applications/Xcode.app/Contents/Developer/Platforms/MacOSX.platform/Developer/SDKs/MacOSX26.1.sdk/usr/include/_modules/_darwin_c_stdlib.h
/Applications/Xcode.app/Contents/Developer/Platforms/MacOSX.platform/Developer/SDKs/MacOSX26.1.sdk/usr/include/stdlib.h
/Applications/Xcode.app/Contents/Developer/Platforms/MacOSX.platform/Developer/SDKs/MacOSX26.1.sdk/usr/include/_modules/_darwin_c_string.h
/Applications/Xcode.app/Contents/Developer/Platforms/MacOSX.platform/Developer/SDKs/MacOSX26.1.sdk/usr/include/string.h
/Applications/Xcode.app/Contents/Developer/Platforms/MacOSX.platform/Developer/SDKs/MacOSX26.1.sdk/usr/include/_modules/_darwin_c_time.h
/Applications/Xcode.app/Contents/Developer/Platforms/MacOSX.platform/Developer/SDKs/MacOSX26.1.sdk/usr/include/time.h
/Applications/Xcode.app/Contents/Developer/Platforms/MacOSX.platform/Developer/SDKs/MacOSX26.1.sdk/usr/include/_modules/_darwin_c_wchar.h
/Applications/Xcode.app/Contents/Developer/Platforms/MacOSX.platform/Developer/SDKs/MacOSX26.1.sdk/usr/include/wchar.h
/Applications/Xcode.app/Contents/Developer/Platforms/MacOSX.platform/Developer/SDKs/MacOSX26.1.sdk/usr/include/aio.h
/Applications/Xcode.app/Contents/Developer/Platforms/MacOSX.platform/Developer/SDKs/MacOSX26.1.sdk/usr/include/sys/aio.h
/Applications/Xcode.app/Contents/Developer/Platforms/MacOSX.platform/Developer/SDKs/MacOSX26.1.sdk/usr/include/sys/_types/_o_sync.h
/Applications/Xcode.app/Contents/Developer/Platforms/MacOSX.platform/Developer/SDKs/MacOSX26.1.sdk/usr/include/sys/_types/_o_dsync.h
/Applications/Xcode.app/Contents/Developer/Platforms/MacOSX.platform/Developer/SDKs/MacOSX26.1.sdk/usr/include/arpa/inet.h
/Applications/Xcode.app/Contents/Developer/Platforms/MacOSX.platform/Developer/SDKs/MacOSX26.1.sdk/usr/include/netinet/in.h
/Applications/Xcode.app/Contents/Developer/Platforms/MacOSX.platform/Developer/SDKs/MacOSX26.1.sdk/usr/include/sys/socket.h
/Applications/Xcode.app/Contents/Developer/Platforms/MacOSX.platform/Developer/SDKs/MacOSX26.1.sdk/usr/include/sys/constrained_ctypes.h
/Applications/Xcode.app/Contents/Developer/Platforms/MacOSX.platform/Developer/SDKs/MacOSX26.1.sdk/usr/include/machine/_param.h
/Applications/Xcode.app/Contents/Developer/Platforms/MacOSX.platform/Developer/SDKs/MacOSX26.1.sdk/usr/include/arm/_param.h
/Applications/Xcode.app/Contents/Developer/Platforms/MacOSX.platform/Developer/SDKs/MacOSX26.1.sdk/usr/include/net/net_kev.h
/Applications/Xcode.app/Contents/Developer/Platforms/MacOSX.platform/Developer/SDKs/MacOSX26.1.sdk/usr/include/sys/_types/_sa_family_t.h
/Applications/Xcode.app/Contents/Developer/Platforms/MacOSX.platform/Developer/SDKs/MacOSX26.1.sdk/usr/include/sys/_types/_socklen_t.h
/Applications/Xcode.app/Contents/Developer/Platforms/MacOSX.platform/Developer/SDKs/MacOSX26.1.sdk/usr/include/sys/_types/_iovec_t.h
/Applications/Xcode.app/Contents/Developer/Platforms/MacOSX.platform/Developer/SDKs/MacOSX26.1.sdk/usr/include/netinet6/in6.h
/Applications/Xcode.app/Contents/Developer/Platforms/MacOSX.platform/Developer/SDKs/MacOSX26.1.sdk/usr/include/cpio.h
/Applications/Xcode.app/Contents/Developer/Platforms/MacOSX.platform/Developer/SDKs/MacOSX26.1.sdk/usr/include/dirent.h
/Applications/Xcode.app/Contents/Developer/Platforms/MacOSX.platform/Developer/SDKs/MacOSX26.1.sdk/usr/include/sys/dirent.h
/Applications/Xcode.app/Contents/Developer/Platforms/MacOSX.platform/Developer/SDKs/MacOSX26.1.sdk/usr/include/sys/dir.h
/Applications/Xcode.app/Contents/Developer/Platforms/MacOSX.platform/Developer/SDKs/MacOSX26.1.sdk/usr/include/dlfcn.h
/Applications/Xcode.app/Contents/Developer/Platforms/MacOSX.platform/Developer/SDKs/MacOSX26.1.sdk/usr/include/fcntl.h
/Applications/Xcode.app/Contents/Developer/Platforms/MacOSX.platform/Developer/SDKs/MacOSX26.1.sdk/usr/include/sys/fcntl.h
/Applications/Xcode.app/Contents/Developer/Platforms/MacOSX.platform/Developer/SDKs/MacOSX26.1.sdk/usr/include/sys/_types/_s_ifmt.h
/Applications/Xcode.app/Contents/Developer/Platforms/MacOSX.platform/Developer/SDKs/MacOSX26.1.sdk/usr/include/sys/_types/_filesec_t.h
/Applications/Xcode.app/Contents/Developer/Platforms/MacOSX.platform/Developer/SDKs/MacOSX26.1.sdk/usr/include/fmtmsg.h
/Applications/Xcode.app/Contents/Developer/Platforms/MacOSX.platform/Developer/SDKs/MacOSX26.1.sdk/usr/include/fnmatch.h
/Applications/Xcode.app/Contents/Developer/Platforms/MacOSX.platform/Developer/SDKs/MacOSX26.1.sdk/usr/include/ftw.h
/Applications/Xcode.app/Contents/Developer/Platforms/MacOSX.platform/Developer/SDKs/MacOSX26.1.sdk/usr/include/sys/stat.h
/Applications/Xcode.app/Contents/Developer/Platforms/MacOSX.platform/Developer/SDKs/MacOSX26.1.sdk/usr/include/glob.h
/Applications/Xcode.app/Contents/Developer/Platforms/MacOSX.platform/Developer/SDKs/MacOSX26.1.sdk/usr/include/grp.h
/Applications/Xcode.app/Contents/Developer/Platforms/MacOSX.platform/Developer/SDKs/MacOSX26.1.sdk/usr/include/iconv.h
/Applications/Xcode.app/Contents/Developer/Platforms/MacOSX.platform/Developer/SDKs/MacOSX26.1.sdk/usr/include/ifaddrs.h
/Applications/Xcode.app/Contents/Developer/Platforms/MacOSX.platform/Developer/SDKs/MacOSX26.1.sdk/usr/include/sys/ioctl.h
/Applications/Xcode.app/Contents/Developer/Platforms/MacOSX.platform/Developer/SDKs/MacOSX26.1.sdk/usr/include/sys/filio.h
/Applications/Xcode.app/Contents/Developer/Platforms/MacOSX.platform/Developer/SDKs/MacOSX26.1.sdk/usr/include/sys/sockio.h
/Applications/Xcode.app/Contents/Developer/Platforms/MacOSX.platform/Developer/SDKs/MacOSX26.1.sdk/usr/include/net/if.h
/Applications/Xcode.app/Contents/Developer/Platforms/MacOSX.platform/Developer/SDKs/MacOSX26.1.sdk/usr/include/net/if_var.h
/Applications/Xcode.app/Contents/Developer/Platforms/MacOSX.platform/Developer/SDKs/MacOSX26.1.sdk/usr/include/sys/time.h
/Applications/Xcode.app/Contents/Developer/Platforms/MacOSX.platform/Developer/SDKs/MacOSX26.1.sdk/usr/include/sys/_types/_timeval64.h
/Applications/Xcode.app/Contents/Developer/Platforms/MacOSX.platform/Developer/SDKs/MacOSX26.1.sdk/usr/include/sys/_types/_timeval32.h
/Applications/Xcode.app/Contents/Developer/Platforms/MacOSX.platform/Developer/SDKs/MacOSX26.1.sdk/usr/include/_langinfo.h
/Applications/Xcode.app/Contents/Developer/Platforms/MacOSX.platform/Developer/SDKs/MacOSX26.1.sdk/usr/include/xlocale/_langinfo.h
/Applications/Xcode.app/Contents/Developer/Platforms/MacOSX.platform/Developer/SDKs/MacOSX26.1.sdk/usr/include/libgen.h
/Applications/Xcode.app/Contents/Developer/Platforms/MacOSX.platform/Developer/SDKs/MacOSX26.1.sdk/usr/include/_monetary.h
/Applications/Xcode.app/Contents/Developer/Platforms/MacOSX.platform/Developer/SDKs/MacOSX26.1.sdk/usr/include/xlocale/_monetary.h
/Applications/Xcode.app/Contents/Developer/Platforms/MacOSX.platform/Developer/SDKs/MacOSX26.1.sdk/usr/include/ndbm.h
/Applications/Xcode.app/Contents/Developer/Platforms/MacOSX.platform/Developer/SDKs/MacOSX26.1.sdk/usr/include/netdb.h
/Applications/Xcode.app/Contents/Developer/Platforms/MacOSX.platform/Developer/SDKs/MacOSX26.1.sdk/usr/include/net/if_dl.h
/Applications/Xcode.app/Contents/Developer/Platforms/MacOSX.platform/Developer/SDKs/MacOSX26.1.sdk/usr/include/net/if_types.h
/Applications/Xcode.app/Contents/Developer/Platforms/MacOSX.platform/Developer/SDKs/MacOSX26.1.sdk/usr/include/netinet/tcp.h
/Applications/Xcode.app/Contents/Developer/Platforms/MacOSX.platform/Developer/SDKs/MacOSX26.1.sdk/usr/include/poll.h
/Applications/Xcode.app/Contents/Developer/Platforms/MacOSX.platform/Developer/SDKs/MacOSX26.1.sdk/usr/include/sys/poll.h
/Applications/Xcode.app/Contents/Developer/Platforms/MacOSX.platform/Developer/SDKs/MacOSX26.1.sdk/usr/include/pthread/spawn.h
/Applications/Xcode.app/Contents/Developer/Platforms/MacOSX.platform/Developer/SDKs/MacOSX26.1.sdk/usr/include/spawn.h
/Applications/Xcode.app/Contents/Developer/Platforms/MacOSX.platform/Developer/SDKs/MacOSX26.1.sdk/usr/include/sys/spawn.h
/Applications/Xcode.app/Contents/Developer/Platforms/MacOSX.platform/Developer/SDKs/MacOSX26.1.sdk/usr/include/mach/exception_types.h
/Applications/Xcode.app/Contents/Developer/Platforms/MacOSX.platform/Developer/SDKs/MacOSX26.1.sdk/usr/include/mach/machine/exception.h
/Applications/Xcode.app/Contents/Developer/Platforms/MacOSX.platform/Developer/SDKs/MacOSX26.1.sdk/usr/include/mach/arm/exception.h
/Applications/Xcode.app/Contents/Developer/Platforms/MacOSX.platform/Developer/SDKs/MacOSX26.1.sdk/usr/include/mach/port.h
/Applications/Xcode.app/Contents/Developer/Platforms/MacOSX.platform/Developer/SDKs/MacOSX26.1.sdk/usr/include/mach/boolean.h
/Applications/Xcode.app/Contents/Developer/Platforms/MacOSX.platform/Developer/SDKs/MacOSX26.1.sdk/usr/include/mach/machine/boolean.h
/Applications/Xcode.app/Contents/Developer/Platforms/MacOSX.platform/Developer/SDKs/MacOSX26.1.sdk/usr/include/mach/arm/boolean.h
/Applications/Xcode.app/Contents/Developer/Platforms/MacOSX.platform/Developer/SDKs/MacOSX26.1.sdk/usr/include/mach/machine/vm_types.h
/Applications/Xcode.app/Contents/Developer/Platforms/MacOSX.platform/Developer/SDKs/MacOSX26.1.sdk/usr/include/mach/arm/vm_types.h
/Applications/Xcode.app/Contents/Developer/Platforms/MacOSX.platform/Developer/SDKs/MacOSX26.1.sdk/usr/include/mach/thread_status.h
/Applications/Xcode.app/Contents/Developer/Platforms/MacOSX.platform/Developer/SDKs/MacOSX26.1.sdk/usr/include/mach/machine/thread_status.h
/Applications/Xcode.app/Contents/Developer/Platforms/MacOSX.platform/Developer/SDKs/MacOSX26.1.sdk/usr/include/mach/arm/thread_status.h
/Applications/Xcode.app/Contents/Developer/Platforms/MacOSX.platform/Developer/SDKs/MacOSX26.1.sdk/usr/include/mach/machine/thread_state.h
/Applications/Xcode.app/Contents/Developer/Platforms/MacOSX.platform/Developer/SDKs/MacOSX26.1.sdk/usr/include/mach/arm/thread_state.h
/Applications/Xcode.app/Contents/Developer/Platforms/MacOSX.platform/Developer/SDKs/MacOSX26.1.sdk/usr/include/mach/message.h
/Applications/Xcode.app/Contents/Developer/Platforms/MacOSX.platform/Developer/SDKs/MacOSX26.1.sdk/usr/include/mach/kern_return.h
/Applications/Xcode.app/Contents/Developer/Platforms/MacOSX.platform/Developer/SDKs/MacOSX26.1.sdk/usr/include/mach/machine/kern_return.h
/Applications/Xcode.app/Contents/Developer/Platforms/MacOSX.platform/Developer/SDKs/MacOSX26.1.sdk/usr/include/mach/arm/kern_return.h
/Applications/Xcode.app/Contents/Developer/Platforms/MacOSX.platform/Developer/SDKs/MacOSX26.1.sdk/usr/include/mach/vm_types.h
/Applications/Xcode.app/Contents/Developer/Platforms/MacOSX.platform/Developer/SDKs/MacOSX26.1.sdk/usr/include/mach_debug/ipc_info.h
/Applications/Xcode.app/Contents/Developer/Platforms/MacOSX.platform/Developer/SDKs/MacOSX26.1.sdk/usr/include/mach/machine.h
/Applications/Xcode.app/Contents/Developer/Platforms/MacOSX.platform/Developer/SDKs/MacOSX26.1.sdk/usr/include/pthread/pthread_spis.h
/Applications/Xcode.app/Contents/Developer/Platforms/MacOSX.platform/Developer/SDKs/MacOSX26.1.sdk/usr/include/_modules/_darwin_posix_pthread_pthread.h
/Applications/Xcode.app/Contents/Developer/Platforms/MacOSX.platform/Developer/SDKs/MacOSX26.1.sdk/usr/include/_regex.h
/Applications/Xcode.app/Contents/Developer/Platforms/MacOSX.platform/Developer/SDKs/MacOSX26.1.sdk/usr/include/xlocale/_regex.h
/Applications/Xcode.app/Contents/Developer/Platforms/MacOSX.platform/Developer/SDKs/MacOSX26.1.sdk/usr/include/search.h
/Applications/Xcode.app/Contents/Developer/Platforms/MacOSX.platform/Developer/SDKs/MacOSX26.1.sdk/usr/include/semaphore.h
/Applications/Xcode.app/Contents/Developer/Platforms/MacOSX.platform/Developer/SDKs/MacOSX26.1.sdk/usr/include/sys/semaphore.h
/Applications/Xcode.app/Contents/Developer/Platforms/MacOSX.platform/Developer/SDKs/MacOSX26.1.sdk/usr/include/sys/posix_sem.h
/Applications/Xcode.app/Contents/Developer/Platforms/MacOSX.platform/Developer/SDKs/MacOSX26.1.sdk/usr/include/sys/proc.h
/Applications/Xcode.app/Contents/Developer/Platforms/MacOSX.platform/Developer/SDKs/MacOSX26.1.sdk/usr/include/sys/queue.h
/Applications/Xcode.app/Contents/Developer/Platforms/MacOSX.platform/Developer/SDKs/MacOSX26.1.sdk/usr/include/sys/lock.h
/Applications/Xcode.app/Contents/Developer/Platforms/MacOSX.platform/Developer/SDKs/MacOSX26.1.sdk/usr/include/sys/param.h
/Applications/Xcode.app/Contents/Developer/Platforms/MacOSX.platform/Developer/SDKs/MacOSX26.1.sdk/usr/include/machine/param.h
/Applications/Xcode.app/Contents/Developer/Platforms/MacOSX.platform/Developer/SDKs/MacOSX26.1.sdk/usr/include/arm/param.h
/Applications/Xcode.app/Contents/Developer/Platforms/MacOSX.platform/Developer/SDKs/MacOSX26.1.sdk/usr/include/sys/event.h
/Applications/Xcode.app/Contents/Developer/Platforms/MacOSX.platform/Developer/SDKs/MacOSX26.1.sdk/usr/include/strings.h
/Applications/Xcode.app/Contents/Developer/Platforms/MacOSX.platform/Developer/SDKs/MacOSX26.1.sdk/usr/include/sys/ipc.h
/Applications/Xcode.app/Contents/Developer/Platforms/MacOSX.platform/Developer/SDKs/MacOSX26.1.sdk/usr/include/sys/mman.h
/Applications/Xcode.app/Contents/Developer/Platforms/MacOSX.platform/Developer/SDKs/MacOSX26.1.sdk/usr/include/sys/msg.h
/Applications/Xcode.app/Contents/Developer/Platforms/MacOSX.platform/Developer/SDKs/MacOSX26.1.sdk/usr/include/sys/sem.h
/Applications/Xcode.app/Contents/Developer/Platforms/MacOSX.platform/Developer/SDKs/MacOSX26.1.sdk/usr/include/sys/shm.h
/Applications/Xcode.app/Contents/Developer/Platforms/MacOSX.platform/Developer/SDKs/MacOSX26.1.sdk/usr/include/sys/posix_shm.h
/Applications/Xcode.app/Contents/Developer/Platforms/MacOSX.platform/Developer/SDKs/MacOSX26.1.sdk/usr/include/sys/statvfs.h
/Applications/Xcode.app/Contents/Developer/Platforms/MacOSX.platform/Developer/SDKs/MacOSX26.1.sdk/usr/include/sys/times.h
/Applications/Xcode.app/Contents/Developer/Platforms/MacOSX.platform/Developer/SDKs/MacOSX26.1.sdk/usr/include/sys/_types/_fsid_t.h
/Applications/Xcode.app/Contents/Developer/Platforms/MacOSX.platform/Developer/SDKs/MacOSX26.1.sdk/usr/include/sys/_types/_fsobj_id_t.h
/Applications/Xcode.app/Contents/Developer/Platforms/MacOSX.platform/Developer/SDKs/MacOSX26.1.sdk/usr/include/sys/_types/_graftdmg_un.h
/Applications/Xcode.app/Contents/Developer/Platforms/MacOSX.platform/Developer/SDKs/MacOSX26.1.sdk/usr/include/sys/_types/_guid_t.h
/Applications/Xcode.app/Contents/Developer/Platforms/MacOSX.platform/Developer/SDKs/MacOSX26.1.sdk/usr/include/sys/_types/_mount_t.h
/Applications/Xcode.app/Contents/Developer/Platforms/MacOSX.platform/Developer/SDKs/MacOSX26.1.sdk/usr/include/sys/_types/_os_inline.h
/Applications/Xcode.app/Contents/Developer/Platforms/MacOSX.platform/Developer/SDKs/MacOSX26.1.sdk/usr/include/sys/_types/_ucontext64.h
/Applications/Xcode.app/Contents/Developer/Platforms/MacOSX.platform/Developer/SDKs/MacOSX26.1.sdk/usr/include/sys/_types/_vnode_t.h
/Applications/Xcode.app/Contents/Developer/Platforms/MacOSX.platform/Developer/SDKs/MacOSX26.1.sdk/usr/include/sys/uio.h
/Applications/Xcode.app/Contents/Developer/Platforms/MacOSX.platform/Developer/SDKs/MacOSX26.1.sdk/usr/include/sys/un.h
/Applications/Xcode.app/Contents/Developer/Platforms/MacOSX.platform/Developer/SDKs/MacOSX26.1.sdk/usr/include/sys/utsname.h
/Applications/Xcode.app/Contents/Developer/Platforms/MacOSX.platform/Developer/SDKs/MacOSX26.1.sdk/usr/include/sys/vsock.h
/Applications/Xcode.app/Contents/Developer/Platforms/MacOSX.platform/Developer/SDKs/MacOSX26.1.sdk/usr/include/sys/ucred.h
/Applications/Xcode.app/Contents/Developer/Platforms/MacOSX.platform/Developer/SDKs/MacOSX26.1.sdk/usr/include/bsm/audit.h
/Applications/Xcode.app/Contents/Developer/Platforms/MacOSX.platform/Developer/SDKs/MacOSX26.1.sdk/usr/include/sys/socketvar.h
/Applications/Xcode.app/Contents/Developer/Platforms/MacOSX.platform/Developer/SDKs/MacOSX26.1.sdk/usr/include/sys/xattr.h
/Applications/Xcode.app/Contents/Developer/Platforms/MacOSX.platform/Developer/SDKs/MacOSX26.1.sdk/usr/include/_modules/_darwin_posix_sys_resource.h
/Applications/Xcode.app/Contents/Developer/Platforms/MacOSX.platform/Developer/SDKs/MacOSX26.1.sdk/usr/include/_modules/_darwin_posix_sys_select.h
/Applications/Xcode.app/Contents/Developer/Platforms/MacOSX.platform/Developer/SDKs/MacOSX26.1.sdk/usr/include/_modules/_darwin_posix_sys_wait.h
/Applications/Xcode.app/Contents/Developer/Platforms/MacOSX.platform/Developer/SDKs/MacOSX26.1.sdk/usr/include/syslog.h
/Applications/Xcode.app/Contents/Developer/Platforms/MacOSX.platform/Developer/SDKs/MacOSX26.1.sdk/usr/include/sys/syslog.h
/Applications/Xcode.app/Contents/Developer/Platforms/MacOSX.platform/Developer/SDKs/MacOSX26.1.sdk/usr/include/tar.h
/Applications/Xcode.app/Contents/Developer/Platforms/MacOSX.platform/Developer/SDKs/MacOSX26.1.sdk/usr/include/ulimit.h
/Applications/Xcode.app/Contents/Developer/Platforms/MacOSX.platform/Developer/SDKs/MacOSX26.1.sdk/usr/include/utime.h
/Applications/Xcode.app/Contents/Developer/Platforms/MacOSX.platform/Developer/SDKs/MacOSX26.1.sdk/usr/include/utmpx.h
/Applications/Xcode.app/Contents/Developer/Platforms/MacOSX.platform/Developer/SDKs/MacOSX26.1.sdk/usr/include/wordexp.h
/Applications/Xcode.app/Contents/Developer/Platforms/MacOSX.platform/Developer/SDKs/MacOSX26.1.sdk/usr/include/_modules/_darwin_posix_nl_types.h
/Applications/Xcode.app/Contents/Developer/Platforms/MacOSX.platform/Developer/SDKs/MacOSX26.1.sdk/usr/include/_modules/_darwin_posix_sched.h
/Applications/Xcode.app/Contents/Developer/Platforms/MacOSX.platform/Developer/SDKs/MacOSX26.1.sdk/usr/include/_modules/_darwin_posix_unistd.h
/Applications/Xcode.app/Contents/Developer/Platforms/MacOSX.platform/Developer/SDKs/MacOSX26.1.sdk/usr/include/net/bpf.h
/Applications/Xcode.app/Contents/Developer/Platforms/MacOSX.platform/Developer/SDKs/MacOSX26.1.sdk/usr/include/net/dlil.h
/Applications/Xcode.app/Contents/Developer/Platforms/MacOSX.platform/Developer/SDKs/MacOSX26.1.sdk/usr/include/net/ethernet.h
/Applications/Xcode.app/Contents/Developer/Platforms/MacOSX.platform/Developer/SDKs/MacOSX26.1.sdk/usr/include/net/if_arp.h
/Applications/Xcode.app/Contents/Developer/Platforms/MacOSX.platform/Developer/SDKs/MacOSX26.1.sdk/usr/include/net/if_llc.h
/Applications/Xcode.app/Contents/Developer/Platforms/MacOSX.platform/Developer/SDKs/MacOSX26.1.sdk/usr/include/net/if_media.h
/Applications/Xcode.app/Contents/Developer/Platforms/MacOSX.platform/Developer/SDKs/MacOSX26.1.sdk/usr/include/net/if_mib.h
/Applications/Xcode.app/Contents/Developer/Platforms/MacOSX.platform/Developer/SDKs/MacOSX26.1.sdk/usr/include/net/if_utun.h
/Applications/Xcode.app/Contents/Developer/Platforms/MacOSX.platform/Developer/SDKs/MacOSX26.1.sdk/usr/include/net/if_var_status.h
/Applications/Xcode.app/Contents/Developer/Platforms/MacOSX.platform/Developer/SDKs/MacOSX26.1.sdk/usr/include/net/kext_net.h
/Applications/Xcode.app/Contents/Developer/Platforms/MacOSX.platform/Developer/SDKs/MacOSX26.1.sdk/usr/include/net/ndrv.h
/Applications/Xcode.app/Contents/Developer/Platforms/MacOSX.platform/Developer/SDKs/MacOSX26.1.sdk/usr/include/net/pfkeyv2.h
/Applications/Xcode.app/Contents/Developer/Platforms/MacOSX.platform/Developer/SDKs/MacOSX26.1.sdk/usr/include/net/route.h
/Applications/Xcode.app/Contents/Developer/Platforms/MacOSX.platform/Developer/SDKs/MacOSX26.1.sdk/usr/include/netinet/bootp.h
/Applications/Xcode.app/Contents/Developer/Platforms/MacOSX.platform/Developer/SDKs/MacOSX26.1.sdk/usr/include/netinet/ip.h
/Applications/Xcode.app/Contents/Developer/Platforms/MacOSX.platform/Developer/SDKs/MacOSX26.1.sdk/usr/include/netinet/in_systm.h
/Applications/Xcode.app/Contents/Developer/Platforms/MacOSX.platform/Developer/SDKs/MacOSX26.1.sdk/usr/include/netinet/udp.h
/Applications/Xcode.app/Contents/Developer/Platforms/MacOSX.platform/Developer/SDKs/MacOSX26.1.sdk/usr/include/netinet/icmp6.h
/Applications/Xcode.app/Contents/Developer/Platforms/MacOSX.platform/Developer/SDKs/MacOSX26.1.sdk/usr/include/netinet/icmp_var.h
/Applications/Xcode.app/Contents/Developer/Platforms/MacOSX.platform/Developer/SDKs/MacOSX26.1.sdk/usr/include/netinet/ip_icmp.h
/Applications/Xcode.app/Contents/Developer/Platforms/MacOSX.platform/Developer/SDKs/MacOSX26.1.sdk/usr/include/netinet/if_ether.h
/Applications/Xcode.app/Contents/Developer/Platforms/MacOSX.platform/Developer/SDKs/MacOSX26.1.sdk/usr/include/netinet/igmp.h
/Applications/Xcode.app/Contents/Developer/Platforms/MacOSX.platform/Developer/SDKs/MacOSX26.1.sdk/usr/include/netinet/igmp_var.h
/Applications/Xcode.app/Contents/Developer/Platforms/MacOSX.platform/Developer/SDKs/MacOSX26.1.sdk/usr/include/netinet/in_pcb.h
/Applications/Xcode.app/Contents/Developer/Platforms/MacOSX.platform/Developer/SDKs/MacOSX26.1.sdk/usr/include/netinet/in_var.h
/Applications/Xcode.app/Contents/Developer/Platforms/MacOSX.platform/Developer/SDKs/MacOSX26.1.sdk/usr/include/sys/protosw.h
/Applications/Xcode.app/Contents/Developer/Platforms/MacOSX.platform/Developer/SDKs/MacOSX26.1.sdk/usr/include/sys/kern_event.h
/Applications/Xcode.app/Contents/Developer/Platforms/MacOSX.platform/Developer/SDKs/MacOSX26.1.sdk/usr/include/sys/sys_domain.h
/Applications/Xcode.app/Contents/Developer/Platforms/MacOSX.platform/Developer/SDKs/MacOSX26.1.sdk/usr/include/netinet6/in6_var.h
/Applications/Xcode.app/Contents/Developer/Platforms/MacOSX.platform/Developer/SDKs/MacOSX26.1.sdk/usr/include/netinet6/scope6_var.h
/Applications/Xcode.app/Contents/Developer/Platforms/MacOSX.platform/Developer/SDKs/MacOSX26.1.sdk/usr/include/netinet/ip6.h
/Applications/Xcode.app/Contents/Developer/Platforms/MacOSX.platform/Developer/SDKs/MacOSX26.1.sdk/usr/include/netinet/ip_var.h
/Applications/Xcode.app/Contents/Developer/Platforms/MacOSX.platform/Developer/SDKs/MacOSX26.1.sdk/usr/include/netinet/tcp_fsm.h
/Applications/Xcode.app/Contents/Developer/Platforms/MacOSX.platform/Developer/SDKs/MacOSX26.1.sdk/usr/include/netinet/tcp_seq.h
/Applications/Xcode.app/Contents/Developer/Platforms/MacOSX.platform/Developer/SDKs/MacOSX26.1.sdk/usr/include/netinet/tcp_timer.h
/Applications/Xcode.app/Contents/Developer/Platforms/MacOSX.platform/Developer/SDKs/MacOSX26.1.sdk/usr/include/netinet/tcp_var.h
/Applications/Xcode.app/Contents/Developer/Platforms/MacOSX.platform/Developer/SDKs/MacOSX26.1.sdk/usr/include/netinet/tcpip.h
/Applications/Xcode.app/Contents/Developer/Platforms/MacOSX.platform/Developer/SDKs/MacOSX26.1.sdk/usr/include/netinet/udp_var.h
/Applications/Xcode.app/Contents/Developer/Platforms/MacOSX.platform/Developer/SDKs/MacOSX26.1.sdk/usr/include/sys/sysctl.h
/Applications/Xcode.app/Contents/Developer/Platforms/MacOSX.platform/Developer/SDKs/MacOSX26.1.sdk/usr/include/sys/vm.h
/Applications/Xcode.app/Contents/Developer/Platforms/MacOSX.platform/Developer/SDKs/MacOSX26.1.sdk/usr/include/ar.h
/Applications/Xcode.app/Contents/Developer/Platforms/MacOSX.platform/Developer/SDKs/MacOSX26.1.sdk/usr/include/bank/bank_types.h
/Applications/Xcode.app/Contents/Developer/Platforms/MacOSX.platform/Developer/SDKs/MacOSX26.1.sdk/usr/include/os/base.h
/Applications/Xcode.app/Contents/Developer/Platforms/MacOSX.platform/Developer/SDKs/MacOSX26.1.sdk/usr/include/mach/mach_types.h
/Applications/Xcode.app/Contents/Developer/Platforms/MacOSX.platform/Developer/SDKs/MacOSX26.1.sdk/usr/include/mach/host_info.h
/Applications/Xcode.app/Contents/Developer/Platforms/MacOSX.platform/Developer/SDKs/MacOSX26.1.sdk/usr/include/mach/vm_statistics.h
/Applications/Xcode.app/Contents/Developer/Platforms/MacOSX.platform/Developer/SDKs/MacOSX26.1.sdk/usr/include/mach/time_value.h
/Applications/Xcode.app/Contents/Developer/Platforms/MacOSX.platform/Developer/SDKs/MacOSX26.1.sdk/usr/include/mach/host_notify.h
/Applications/Xcode.app/Contents/Developer/Platforms/MacOSX.platform/Developer/SDKs/MacOSX26.1.sdk/usr/include/mach/host_special_ports.h
/Applications/Xcode.app/Contents/Developer/Platforms/MacOSX.platform/Developer/SDKs/MacOSX26.1.sdk/usr/include/mach/memory_object_types.h
/Applications/Xcode.app/Contents/Developer/Platforms/MacOSX.platform/Developer/SDKs/MacOSX26.1.sdk/usr/include/mach/vm_prot.h
/Applications/Xcode.app/Contents/Developer/Platforms/MacOSX.platform/Developer/SDKs/MacOSX26.1.sdk/usr/include/mach/vm_sync.h
/Applications/Xcode.app/Contents/Developer/Platforms/MacOSX.platform/Developer/SDKs/MacOSX26.1.sdk/usr/include/mach/mach_voucher_types.h
/Applications/Xcode.app/Contents/Developer/Platforms/MacOSX.platform/Developer/SDKs/MacOSX26.1.sdk/usr/include/mach/std_types.h
/Applications/Xcode.app/Contents/Developer/Platforms/MacOSX.platform/Developer/SDKs/MacOSX26.1.sdk/usr/include/mach/processor_info.h
/Applications/Xcode.app/Contents/Developer/Platforms/MacOSX.platform/Developer/SDKs/MacOSX26.1.sdk/usr/include/mach/machine/processor_info.h
/Applications/Xcode.app/Contents/Developer/Platforms/MacOSX.platform/Developer/SDKs/MacOSX26.1.sdk/usr/include/mach/arm/processor_info.h
/Applications/Xcode.app/Contents/Developer/Platforms/MacOSX.platform/Developer/SDKs/MacOSX26.1.sdk/usr/include/mach/task_info.h
/Applications/Xcode.app/Contents/Developer/Platforms/MacOSX.platform/Developer/SDKs/MacOSX26.1.sdk/usr/include/mach/policy.h
/Applications/Xcode.app/Contents/Developer/Platforms/MacOSX.platform/Developer/SDKs/MacOSX26.1.sdk/usr/include/mach/task_inspect.h
/Applications/Xcode.app/Contents/Developer/Platforms/MacOSX.platform/Developer/SDKs/MacOSX26.1.sdk/usr/include/mach/task_policy.h
/Applications/Xcode.app/Contents/Developer/Platforms/MacOSX.platform/Developer/SDKs/MacOSX26.1.sdk/usr/include/mach/task_special_ports.h
/Applications/Xcode.app/Contents/Developer/Platforms/MacOSX.platform/Developer/SDKs/MacOSX26.1.sdk/usr/include/mach/thread_info.h
/Applications/Xcode.app/Contents/Developer/Platforms/MacOSX.platform/Developer/SDKs/MacOSX26.1.sdk/usr/include/mach/thread_policy.h
/Applications/Xcode.app/Contents/Developer/Platforms/MacOSX.platform/Developer/SDKs/MacOSX26.1.sdk/usr/include/mach/thread_special_ports.h
/Applications/Xcode.app/Contents/Developer/Platforms/MacOSX.platform/Developer/SDKs/MacOSX26.1.sdk/usr/include/mach/clock_types.h
/Applications/Xcode.app/Contents/Developer/Platforms/MacOSX.platform/Developer/SDKs/MacOSX26.1.sdk/usr/include/mach/vm_attributes.h
/Applications/Xcode.app/Contents/Developer/Platforms/MacOSX.platform/Developer/SDKs/MacOSX26.1.sdk/usr/include/mach/vm_inherit.h
/Applications/Xcode.app/Contents/Developer/Platforms/MacOSX.platform/Developer/SDKs/MacOSX26.1.sdk/usr/include/mach/vm_purgable.h
/Applications/Xcode.app/Contents/Developer/Platforms/MacOSX.platform/Developer/SDKs/MacOSX26.1.sdk/usr/include/mach/vm_behavior.h
/Applications/Xcode.app/Contents/Developer/Platforms/MacOSX.platform/Developer/SDKs/MacOSX26.1.sdk/usr/include/mach/vm_region.h
/Applications/Xcode.app/Contents/Developer/Platforms/MacOSX.platform/Developer/SDKs/MacOSX26.1.sdk/usr/include/mach/machine/vm_param.h
/Applications/Xcode.app/Contents/Developer/Platforms/MacOSX.platform/Developer/SDKs/MacOSX26.1.sdk/usr/include/mach/arm/vm_param.h
/Applications/Xcode.app/Contents/Developer/Platforms/MacOSX.platform/Developer/SDKs/MacOSX26.1.sdk/usr/include/mach/vm_page_size.h
/Applications/Xcode.app/Contents/Developer/Platforms/MacOSX.platform/Developer/SDKs/MacOSX26.1.sdk/usr/include/mach/kmod.h
/Applications/Xcode.app/Contents/Developer/Platforms/MacOSX.platform/Developer/SDKs/MacOSX26.1.sdk/usr/include/mach/dyld_kernel.h
/Applications/Xcode.app/Contents/Developer/Platforms/MacOSX.platform/Developer/SDKs/MacOSX26.1.sdk/usr/include/ConditionalMacros.h
/Applications/Xcode.app/Contents/Developer/Platforms/MacOSX.platform/Developer/SDKs/MacOSX26.1.sdk/usr/include/crt_externs.h
/Applications/Xcode.app/Contents/Developer/Platforms/MacOSX.platform/Developer/SDKs/MacOSX26.1.sdk/usr/include/fts.h
/Applications/Xcode.app/Contents/Developer/Platforms/MacOSX.platform/Developer/SDKs/MacOSX26.1.sdk/usr/include/getopt.h
/Applications/Xcode.app/Contents/Developer/Platforms/MacOSX.platform/Developer/SDKs/MacOSX26.1.sdk/usr/include/AssertMacros.h
/Applications/Xcode.app/Contents/Developer/Platforms/MacOSX.platform/Developer/SDKs/MacOSX26.1.sdk/usr/include/MacTypes.h
/Applications/Xcode.app/Contents/Developer/Platforms/MacOSX.platform/Developer/SDKs/MacOSX26.1.sdk/usr/include/mach/mach.h
/Applications/Xcode.app/Contents/Developer/Platforms/MacOSX.platform/Developer/SDKs/MacOSX26.1.sdk/usr/include/mach/mach_interface.h
/Applications/Xcode.app/Contents/Developer/Platforms/MacOSX.platform/Developer/SDKs/MacOSX26.1.sdk/usr/include/mach/clock_priv.h
/Applications/Xcode.app/Contents/Developer/Platforms/MacOSX.platform/Developer/SDKs/MacOSX26.1.sdk/usr/include/mach/ndr.h
/Applications/Xcode.app/Contents/Developer/Platforms/MacOSX.platform/Developer/SDKs/MacOSX26.1.sdk/usr/include/libkern/OSByteOrder.h
/Applications/Xcode.app/Contents/Developer/Platforms/MacOSX.platform/Developer/SDKs/MacOSX26.1.sdk/usr/include/libkern/arm/OSByteOrder.h
/Applications/Xcode.app/Contents/Developer/Platforms/MacOSX.platform/Developer/SDKs/MacOSX26.1.sdk/usr/include/arm/arch.h
/Applications/Xcode.app/Contents/Developer/Platforms/MacOSX.platform/Developer/SDKs/MacOSX26.1.sdk/usr/include/mach/notify.h
/Applications/Xcode.app/Contents/Developer/Platforms/MacOSX.platform/Developer/SDKs/MacOSX26.1.sdk/usr/include/mach/mig_errors.h
/Applications/Xcode.app/Contents/Developer/Platforms/MacOSX.platform/Developer/SDKs/MacOSX26.1.sdk/usr/include/mach/mig.h
/Applications/Xcode.app/Contents/Developer/Platforms/MacOSX.platform/Developer/SDKs/MacOSX26.1.sdk/usr/include/mach/host_priv.h
/Applications/Xcode.app/Contents/Developer/Platforms/MacOSX.platform/Developer/SDKs/MacOSX26.1.sdk/usr/include/mach_debug/mach_debug_types.h
/Applications/Xcode.app/Contents/Developer/Platforms/MacOSX.platform/Developer/SDKs/MacOSX26.1.sdk/usr/include/mach_debug/vm_info.h
/Applications/Xcode.app/Contents/Developer/Platforms/MacOSX.platform/Developer/SDKs/MacOSX26.1.sdk/usr/include/mach_debug/zone_info.h
/Applications/Xcode.app/Contents/Developer/Platforms/MacOSX.platform/Developer/SDKs/MacOSX26.1.sdk/usr/include/mach_debug/page_info.h
/Applications/Xcode.app/Contents/Developer/Platforms/MacOSX.platform/Developer/SDKs/MacOSX26.1.sdk/usr/include/mach_debug/hash_info.h
/Applications/Xcode.app/Contents/Developer/Platforms/MacOSX.platform/Developer/SDKs/MacOSX26.1.sdk/usr/include/mach_debug/lockgroup_info.h
/Applications/Xcode.app/Contents/Developer/Platforms/MacOSX.platform/Developer/SDKs/MacOSX26.1.sdk/usr/include/mach/host_security.h
/Applications/Xcode.app/Contents/Developer/Platforms/MacOSX.platform/Developer/SDKs/MacOSX26.1.sdk/usr/include/mach/processor.h
/Applications/Xcode.app/Contents/Developer/Platforms/MacOSX.platform/Developer/SDKs/MacOSX26.1.sdk/usr/include/mach/processor_set.h
/Applications/Xcode.app/Contents/Developer/Platforms/MacOSX.platform/Developer/SDKs/MacOSX26.1.sdk/usr/include/mach/semaphore.h
/Applications/Xcode.app/Contents/Developer/Platforms/MacOSX.platform/Developer/SDKs/MacOSX26.1.sdk/usr/include/mach/sync_policy.h
/Applications/Xcode.app/Contents/Developer/Platforms/MacOSX.platform/Developer/SDKs/MacOSX26.1.sdk/usr/include/mach/task.h
/Applications/Xcode.app/Contents/Developer/Platforms/MacOSX.platform/Developer/SDKs/MacOSX26.1.sdk/usr/include/mach/thread_act.h
/Applications/Xcode.app/Contents/Developer/Platforms/MacOSX.platform/Developer/SDKs/MacOSX26.1.sdk/usr/include/mach/vm_map.h
/Applications/Xcode.app/Contents/Developer/Platforms/MacOSX.platform/Developer/SDKs/MacOSX26.1.sdk/usr/include/mach/mach_port.h
/Applications/Xcode.app/Contents/Developer/Platforms/MacOSX.platform/Developer/SDKs/MacOSX26.1.sdk/usr/include/mach/mach_init.h
/Applications/Xcode.app/Contents/Developer/Platforms/MacOSX.platform/Developer/SDKs/MacOSX26.1.sdk/usr/include/mach/mach_traps.h
/Applications/Xcode.app/Contents/Developer/Platforms/MacOSX.platform/Developer/SDKs/MacOSX26.1.sdk/usr/include/mach/error.h
/Applications/Xcode.app/Contents/Developer/Platforms/MacOSX.platform/Developer/SDKs/MacOSX26.1.sdk/usr/include/mach/mach_host.h
/Applications/Xcode.app/Contents/Developer/Platforms/MacOSX.platform/Developer/SDKs/MacOSX26.1.sdk/usr/include/mach/thread_switch.h
/Applications/Xcode.app/Contents/Developer/Platforms/MacOSX.platform/Developer/SDKs/MacOSX26.1.sdk/usr/include/mach/rpc.h
/Applications/Xcode.app/Contents/Developer/Platforms/MacOSX.platform/Developer/SDKs/MacOSX26.1.sdk/usr/include/mach/machine/rpc.h
/Applications/Xcode.app/Contents/Developer/Platforms/MacOSX.platform/Developer/SDKs/MacOSX26.1.sdk/usr/include/mach/arm/rpc.h
/Applications/Xcode.app/Contents/Developer/Platforms/MacOSX.platform/Developer/SDKs/MacOSX26.1.sdk/usr/include/mach/mach_error.h
/Applications/Xcode.app/Contents/Developer/Platforms/MacOSX.platform/Developer/SDKs/MacOSX26.1.sdk/usr/include/mach/audit_triggers_types.h
/Applications/Xcode.app/Contents/Developer/Platforms/MacOSX.platform/Developer/SDKs/MacOSX26.1.sdk/usr/include/mach/bootstrap.h
/Applications/Xcode.app/Contents/Developer/Platforms/MacOSX.platform/Developer/SDKs/MacOSX26.1.sdk/usr/include/mach/clock.h
/Applications/Xcode.app/Contents/Developer/Platforms/MacOSX.platform/Developer/SDKs/MacOSX26.1.sdk/usr/include/mach/clock_reply.h
/Applications/Xcode.app/Contents/Developer/Platforms/MacOSX.platform/Developer/SDKs/MacOSX26.1.sdk/usr/include/mach/exc.h
/Applications/Xcode.app/Contents/Developer/Platforms/MacOSX.platform/Developer/SDKs/MacOSX26.1.sdk/usr/include/mach/exception.h
/Applications/Xcode.app/Contents/Developer/Platforms/MacOSX.platform/Developer/SDKs/MacOSX26.1.sdk/usr/include/mach/host_reboot.h
/Applications/Xcode.app/Contents/Developer/Platforms/MacOSX.platform/Developer/SDKs/MacOSX26.1.sdk/usr/include/arm64/hv/hv_kern_types.h
/Applications/Xcode.app/Contents/Developer/Platforms/MacOSX.platform/Developer/SDKs/MacOSX26.1.sdk/usr/include/mach/mach_param.h
/Applications/Xcode.app/Contents/Developer/Platforms/MacOSX.platform/Developer/SDKs/MacOSX26.1.sdk/usr/include/mach/mach_right.h
/Applications/Xcode.app/Contents/Developer/Platforms/MacOSX.platform/Developer/SDKs/MacOSX26.1.sdk/usr/include/mach/mach_syscalls.h
/Applications/Xcode.app/Contents/Developer/Platforms/MacOSX.platform/Developer/SDKs/MacOSX26.1.sdk/usr/include/mach/mach_time.h
/Applications/Xcode.app/Contents/Developer/Platforms/MacOSX.platform/Developer/SDKs/MacOSX26.1.sdk/usr/include/mach/mach_vm.h
/Applications/Xcode.app/Contents/Developer/Platforms/MacOSX.platform/Developer/SDKs/MacOSX26.1.sdk/usr/include/mach/mach_voucher.h
/Applications/Xcode.app/Contents/Developer/Platforms/MacOSX.platform/Developer/SDKs/MacOSX26.1.sdk/usr/include/mach/memory_entry.h
/Applications/Xcode.app/Contents/Developer/Platforms/MacOSX.platform/Developer/SDKs/MacOSX26.1.sdk/usr/include/mach/mig_strncpy_zerofill_support.h
/Applications/Xcode.app/Contents/Developer/Platforms/MacOSX.platform/Developer/SDKs/MacOSX26.1.sdk/usr/include/mach/mig_voucher_support.h
/Applications/Xcode.app/Contents/Developer/Platforms/MacOSX.platform/Developer/SDKs/MacOSX26.1.sdk/usr/include/mach/port_obj.h
/Applications/Xcode.app/Contents/Developer/Platforms/MacOSX.platform/Developer/SDKs/MacOSX26.1.sdk/usr/include/mach/sdt.h
/Applications/Xcode.app/Contents/Developer/Platforms/MacOSX.platform/Developer/SDKs/MacOSX26.1.sdk/usr/include/mach/machine/sdt.h
/Applications/Xcode.app/Contents/Developer/Platforms/MacOSX.platform/Developer/SDKs/MacOSX26.1.sdk/usr/include/sys/sdt.h
/Applications/Xcode.app/Contents/Developer/Platforms/MacOSX.platform/Developer/SDKs/MacOSX26.1.sdk/usr/include/mach/shared_region.h
/Applications/Xcode.app/Contents/Developer/Platforms/MacOSX.platform/Developer/SDKs/MacOSX26.1.sdk/usr/include/mach/sync.h
/Applications/Xcode.app/Contents/Developer/Platforms/MacOSX.platform/Developer/SDKs/MacOSX26.1.sdk/usr/include/mach/thread_state.h
/Applications/Xcode.app/Contents/Developer/Platforms/MacOSX.platform/Developer/SDKs/MacOSX26.1.sdk/usr/include/mach/vm_param.h
/Applications/Xcode.app/Contents/Developer/Platforms/MacOSX.platform/Developer/SDKs/MacOSX26.1.sdk/usr/include/mach/vm_task.h
/Applications/Xcode.app/Contents/Developer/Platforms/MacOSX.platform/Developer/SDKs/MacOSX26.1.sdk/usr/include/mach/machine/asm.h
/Applications/Xcode.app/Contents/Developer/Platforms/MacOSX.platform/Developer/SDKs/MacOSX26.1.sdk/usr/include/mach/arm64/asm.h
/Applications/Xcode.app/Contents/Developer/Platforms/MacOSX.platform/Developer/SDKs/MacOSX26.1.sdk/usr/include/mach/i386/asm.h
/Applications/Xcode.app/Contents/Developer/Platforms/MacOSX.platform/Developer/SDKs/MacOSX26.1.sdk/usr/include/mach/arm/asm.h
/Applications/Xcode.app/Contents/Developer/Platforms/MacOSX.platform/Developer/SDKs/MacOSX26.1.sdk/usr/include/mach/i386/boolean.h
/Applications/Xcode.app/Contents/Developer/Platforms/MacOSX.platform/Developer/SDKs/MacOSX26.1.sdk/usr/include/mach/i386/exception.h
/Applications/Xcode.app/Contents/Developer/Platforms/MacOSX.platform/Developer/SDKs/MacOSX26.1.sdk/usr/include/mach/i386/fp_reg.h
/Applications/Xcode.app/Contents/Developer/Platforms/MacOSX.platform/Developer/SDKs/MacOSX26.1.sdk/usr/include/mach/i386/kern_return.h
/Applications/Xcode.app/Contents/Developer/Platforms/MacOSX.platform/Developer/SDKs/MacOSX26.1.sdk/usr/include/mach/machine/ndr_def.h
/Applications/Xcode.app/Contents/Developer/Platforms/MacOSX.platform/Developer/SDKs/MacOSX26.1.sdk/usr/include/mach/arm/ndr_def.h
/Applications/Xcode.app/Contents/Developer/Platforms/MacOSX.platform/Developer/SDKs/MacOSX26.1.sdk/usr/include/mach/i386/processor_info.h
/Applications/Xcode.app/Contents/Developer/Platforms/MacOSX.platform/Developer/SDKs/MacOSX26.1.sdk/usr/include/mach/i386/rpc.h
/Applications/Xcode.app/Contents/Developer/Platforms/MacOSX.platform/Developer/SDKs/MacOSX26.1.sdk/usr/include/mach/machine/sdt_isa.h
/Applications/Xcode.app/Contents/Developer/Platforms/MacOSX.platform/Developer/SDKs/MacOSX26.1.sdk/usr/include/mach/arm/sdt_isa.h
/Applications/Xcode.app/Contents/Developer/Platforms/MacOSX.platform/Developer/SDKs/MacOSX26.1.sdk/usr/include/mach/i386/sdt_isa.h
/Applications/Xcode.app/Contents/Developer/Platforms/MacOSX.platform/Developer/SDKs/MacOSX26.1.sdk/usr/include/mach/i386/thread_state.h
/Applications/Xcode.app/Contents/Developer/Platforms/MacOSX.platform/Developer/SDKs/MacOSX26.1.sdk/usr/include/mach/i386/thread_status.h
/Applications/Xcode.app/Contents/Developer/Platforms/MacOSX.platform/Developer/SDKs/MacOSX26.1.sdk/usr/include/mach/arm/traps.h
/Applications/Xcode.app/Contents/Developer/Platforms/MacOSX.platform/Developer/SDKs/MacOSX26.1.sdk/usr/include/mach/i386/vm_param.h
/Applications/Xcode.app/Contents/Developer/Platforms/MacOSX.platform/Developer/SDKs/MacOSX26.1.sdk/usr/include/mach/i386/vm_types.h
/Applications/Xcode.app/Contents/Developer/Platforms/MacOSX.platform/Developer/SDKs/MacOSX26.1.sdk/usr/include/mach_debug/mach_debug.h
/Applications/Xcode.app/Contents/Developer/Platforms/MacOSX.platform/Developer/SDKs/MacOSX26.1.sdk/usr/include/device/device_types.h
/Applications/Xcode.app/Contents/Developer/Platforms/MacOSX.platform/Developer/SDKs/MacOSX26.1.sdk/usr/include/device/device_port.h
/Applications/Xcode.app/Contents/Developer/Platforms/MacOSX.platform/Developer/SDKs/MacOSX26.1.sdk/usr/include/libkern/OSAtomic.h
/Applications/Xcode.app/Contents/Developer/Platforms/MacOSX.platform/Developer/SDKs/MacOSX26.1.sdk/usr/include/libkern/OSAtomicDeprecated.h
/Applications/Xcode.app/Contents/Developer/Platforms/MacOSX.platform/Developer/SDKs/MacOSX26.1.sdk/usr/include/libkern/OSSpinLockDeprecated.h
/Applications/Xcode.app/Contents/Developer/Platforms/MacOSX.platform/Developer/SDKs/MacOSX26.1.sdk/usr/include/libkern/OSAtomicQueue.h
/Applications/Xcode.app/Contents/Developer/Platforms/MacOSX.platform/Developer/SDKs/MacOSX26.1.sdk/usr/include/libkern/machine/OSByteOrder.h
/Applications/Xcode.app/Contents/Developer/Platforms/MacOSX.platform/Developer/SDKs/MacOSX26.1.sdk/usr/include/libkern/i386/OSByteOrder.h
/Applications/Xcode.app/Contents/Developer/Platforms/MacOSX.platform/Developer/SDKs/MacOSX26.1.sdk/usr/include/libproc.h
/Applications/Xcode.app/Contents/Developer/Platforms/MacOSX.platform/Developer/SDKs/MacOSX26.1.sdk/usr/include/sys/mount.h
/Applications/Xcode.app/Contents/Developer/Platforms/MacOSX.platform/Developer/SDKs/MacOSX26.1.sdk/usr/include/sys/attr.h
/Applications/Xcode.app/Contents/Developer/Platforms/MacOSX.platform/Developer/SDKs/MacOSX26.1.sdk/usr/include/sys/proc_info.h
/Applications/Xcode.app/Contents/Developer/Platforms/MacOSX.platform/Developer/SDKs/MacOSX26.1.sdk/usr/include/sys/kern_control.h
/Applications/Xcode.app/Contents/Developer/Platforms/MacOSX.platform/Developer/SDKs/MacOSX26.1.sdk/usr/include/os/clock.h
/Applications/Xcode.app/Contents/Developer/Platforms/MacOSX.platform/Developer/SDKs/MacOSX26.1.sdk/usr/include/os/lock.h
/Applications/Xcode.app/Contents/Developer/Platforms/MacOSX.platform/Developer/SDKs/MacOSX26.1.sdk/usr/include/os/proc.h
/Applications/Xcode.app/Contents/Developer/Platforms/MacOSX.platform/Developer/SDKs/MacOSX26.1.sdk/usr/include/malloc/malloc.h
/Applications/Xcode.app/Contents/Developer/Platforms/MacOSX.platform/Developer/SDKs/MacOSX26.1.sdk/usr/include/malloc/_platform.h
/Applications/Xcode.app/Contents/Developer/Platforms/MacOSX.platform/Developer/SDKs/MacOSX26.1.sdk/usr/include/sys/malloc.h
/Applications/Xcode.app/Contents/Developer/Platforms/MacOSX.platform/Developer/SDKs/MacOSX26.1.sdk/usr/include/i386/_param.h
/Applications/Xcode.app/Contents/Developer/Platforms/MacOSX.platform/Developer/SDKs/MacOSX26.1.sdk/usr/include/machine/byte_order.h
/Applications/Xcode.app/Contents/Developer/Platforms/MacOSX.platform/Developer/SDKs/MacOSX26.1.sdk/usr/include/architecture/byte_order.h
/Applications/Xcode.app/Contents/Developer/Platforms/MacOSX.platform/Developer/SDKs/MacOSX26.1.sdk/usr/include/i386/eflags.h
/Applications/Xcode.app/Contents/Developer/Platforms/MacOSX.platform/Developer/SDKs/MacOSX26.1.sdk/usr/include/machine/fasttrap_isa.h
/Applications/Xcode.app/Contents/Developer/Platforms/MacOSX.platform/Developer/SDKs/MacOSX26.1.sdk/usr/include/arm/fasttrap_isa.h
/Applications/Xcode.app/Contents/Developer/Platforms/MacOSX.platform/Developer/SDKs/MacOSX26.1.sdk/usr/include/i386/fasttrap_isa.h
/Applications/Xcode.app/Contents/Developer/Platforms/MacOSX.platform/Developer/SDKs/MacOSX26.1.sdk/usr/include/i386/param.h
/Applications/Xcode.app/Contents/Developer/Platforms/MacOSX.platform/Developer/SDKs/MacOSX26.1.sdk/usr/include/machine/profile.h
/Applications/Xcode.app/Contents/Developer/Platforms/MacOSX.platform/Developer/SDKs/MacOSX26.1.sdk/usr/include/arm/profile.h
/Applications/Xcode.app/Contents/Developer/Platforms/MacOSX.platform/Developer/SDKs/MacOSX26.1.sdk/usr/include/i386/profile.h
/Applications/Xcode.app/Contents/Developer/Platforms/MacOSX.platform/Developer/SDKs/MacOSX26.1.sdk/usr/include/i386/user_ldt.h
/Applications/Xcode.app/Contents/Developer/Platforms/MacOSX.platform/Developer/SDKs/MacOSX26.1.sdk/usr/include/machine/vmparam.h
/Applications/Xcode.app/Contents/Developer/Platforms/MacOSX.platform/Developer/SDKs/MacOSX26.1.sdk/usr/include/arm/vmparam.h
/Applications/Xcode.app/Contents/Developer/Platforms/MacOSX.platform/Developer/SDKs/MacOSX26.1.sdk/usr/include/i386/vmparam.h
/Applications/Xcode.app/Contents/Developer/Platforms/MacOSX.platform/Developer/SDKs/MacOSX26.1.sdk/usr/include/aliasdb.h
/Applications/Xcode.app/Contents/Developer/Platforms/MacOSX.platform/Developer/SDKs/MacOSX26.1.sdk/usr/include/bootparams.h
/Applications/Xcode.app/Contents/Developer/Platforms/MacOSX.platform/Developer/SDKs/MacOSX26.1.sdk/usr/include/Block.h
/Applications/Xcode.app/Contents/Developer/Platforms/MacOSX.platform/Developer/SDKs/MacOSX26.1.sdk/usr/include/bsm/audit_domain.h
/Applications/Xcode.app/Contents/Developer/Platforms/MacOSX.platform/Developer/SDKs/MacOSX26.1.sdk/usr/include/bsm/audit_errno.h
/Applications/Xcode.app/Contents/Developer/Platforms/MacOSX.platform/Developer/SDKs/MacOSX26.1.sdk/usr/include/bsm/audit_fcntl.h
/Applications/Xcode.app/Contents/Developer/Platforms/MacOSX.platform/Developer/SDKs/MacOSX26.1.sdk/usr/include/bsm/audit_filter.h
/Applications/Xcode.app/Contents/Developer/Platforms/MacOSX.platform/Developer/SDKs/MacOSX26.1.sdk/usr/include/bsm/libbsm.h
/Applications/Xcode.app/Contents/Developer/Platforms/MacOSX.platform/Developer/SDKs/MacOSX26.1.sdk/usr/include/bsm/audit_record.h
/Applications/Xcode.app/Contents/Developer/Platforms/MacOSX.platform/Developer/SDKs/MacOSX26.1.sdk/usr/include/bsm/audit_internal.h
/Applications/Xcode.app/Contents/Developer/Platforms/MacOSX.platform/Developer/SDKs/MacOSX26.1.sdk/usr/include/bsm/audit_kevents.h
/Applications/Xcode.app/Contents/Developer/Platforms/MacOSX.platform/Developer/SDKs/MacOSX26.1.sdk/usr/include/bsm/audit_session.h
/Applications/Xcode.app/Contents/Developer/Platforms/MacOSX.platform/Developer/SDKs/MacOSX26.1.sdk/usr/include/bsm/audit_socket_type.h
/Applications/Xcode.app/Contents/Developer/Platforms/MacOSX.platform/Developer/SDKs/MacOSX26.1.sdk/usr/include/bsm/audit_uevents.h
/Applications/Xcode.app/Contents/Developer/Platforms/MacOSX.platform/Developer/SDKs/MacOSX26.1.sdk/usr/include/execinfo.h
/Applications/Xcode.app/Contents/Developer/Platforms/MacOSX.platform/Developer/SDKs/MacOSX26.1.sdk/usr/include/fstab.h
/Applications/Xcode.app/Contents/Developer/Platforms/MacOSX.platform/Developer/SDKs/MacOSX26.1.sdk/usr/include/hfs/hfs_format.h
/Applications/Xcode.app/Contents/Developer/Platforms/MacOSX.platform/Developer/SDKs/MacOSX26.1.sdk/usr/include/hfs/hfs_unistr.h
/Applications/Xcode.app/Contents/Developer/Platforms/MacOSX.platform/Developer/SDKs/MacOSX26.1.sdk/usr/include/hfs/hfs_mount.h
/Applications/Xcode.app/Contents/Developer/Platforms/MacOSX.platform/Developer/SDKs/MacOSX26.1.sdk/usr/include/membership.h
/Applications/Xcode.app/Contents/Developer/Platforms/MacOSX.platform/Developer/SDKs/MacOSX26.1.sdk/usr/include/ntsid.h
/Applications/Xcode.app/Contents/Developer/Platforms/MacOSX.platform/Developer/SDKs/MacOSX26.1.sdk/usr/include/curses.h
/Applications/Xcode.app/Contents/Developer/Platforms/MacOSX.platform/Developer/SDKs/MacOSX26.1.sdk/usr/include/ncurses_dll.h
/Applications/Xcode.app/Contents/Developer/Platforms/MacOSX.platform/Developer/SDKs/MacOSX26.1.sdk/usr/include/unctrl.h
/Applications/Xcode.app/Contents/Developer/Platforms/MacOSX.platform/Developer/SDKs/MacOSX26.1.sdk/usr/include/eti.h
/Applications/Xcode.app/Contents/Developer/Platforms/MacOSX.platform/Developer/SDKs/MacOSX26.1.sdk/usr/include/nc_tparm.h
/Applications/Xcode.app/Contents/Developer/Platforms/MacOSX.platform/Developer/SDKs/MacOSX26.1.sdk/usr/include/form.h
/Applications/Xcode.app/Contents/Developer/Platforms/MacOSX.platform/Developer/SDKs/MacOSX26.1.sdk/usr/include/menu.h
/Applications/Xcode.app/Contents/Developer/Platforms/MacOSX.platform/Developer/SDKs/MacOSX26.1.sdk/usr/include/panel.h
/Applications/Xcode.app/Contents/Developer/Platforms/MacOSX.platform/Developer/SDKs/MacOSX26.1.sdk/usr/include/netinet6/ah.h
/Applications/Xcode.app/Contents/Developer/Platforms/MacOSX.platform/Developer/SDKs/MacOSX26.1.sdk/usr/include/netinet6/esp.h
/Applications/Xcode.app/Contents/Developer/Platforms/MacOSX.platform/Developer/SDKs/MacOSX26.1.sdk/usr/include/netinet6/ipcomp.h
/Applications/Xcode.app/Contents/Developer/Platforms/MacOSX.platform/Developer/SDKs/MacOSX26.1.sdk/usr/include/netinet6/ipsec.h
/Applications/Xcode.app/Contents/Developer/Platforms/MacOSX.platform/Developer/SDKs/MacOSX26.1.sdk/usr/include/netinet6/raw_ip6.h
/Applications/Xcode.app/Contents/Developer/Platforms/MacOSX.platform/Developer/SDKs/MacOSX26.1.sdk/usr/include/printerdb.h
/Applications/Xcode.app/Contents/Developer/Platforms/MacOSX.platform/Developer/SDKs/MacOSX26.1.sdk/usr/include/sys/_structs.h
/Applications/Xcode.app/Contents/Developer/Platforms/MacOSX.platform/Developer/SDKs/MacOSX26.1.sdk/usr/include/sys/acct.h
/Applications/Xcode.app/Contents/Developer/Platforms/MacOSX.platform/Developer/SDKs/MacOSX26.1.sdk/usr/include/sys/acl.h
/Applications/Xcode.app/Contents/Developer/Platforms/MacOSX.platform/Developer/SDKs/MacOSX26.1.sdk/usr/include/sys/kauth.h
/Applications/Xcode.app/Contents/Developer/Platforms/MacOSX.platform/Developer/SDKs/MacOSX26.1.sdk/usr/include/sys/buf.h
/Applications/Xcode.app/Contents/Developer/Platforms/MacOSX.platform/Developer/SDKs/MacOSX26.1.sdk/usr/include/sys/kernel_types.h
/Applications/Xcode.app/Contents/Developer/Platforms/MacOSX.platform/Developer/SDKs/MacOSX26.1.sdk/usr/include/sys/clonefile.h
/Applications/Xcode.app/Contents/Developer/Platforms/MacOSX.platform/Developer/SDKs/MacOSX26.1.sdk/usr/include/sys/commpage.h
/Applications/Xcode.app/Contents/Developer/Platforms/MacOSX.platform/Developer/SDKs/MacOSX26.1.sdk/usr/include/sys/conf.h
/Applications/Xcode.app/Contents/Developer/Platforms/MacOSX.platform/Developer/SDKs/MacOSX26.1.sdk/usr/include/sys/disk.h
/Applications/Xcode.app/Contents/Developer/Platforms/MacOSX.platform/Developer/SDKs/MacOSX26.1.sdk/usr/include/sys/dkstat.h
/Applications/Xcode.app/Contents/Developer/Platforms/MacOSX.platform/Developer/SDKs/MacOSX26.1.sdk/usr/include/sys/domain.h
/Applications/Xcode.app/Contents/Developer/Platforms/MacOSX.platform/Developer/SDKs/MacOSX26.1.sdk/usr/include/sys/ev.h
/Applications/Xcode.app/Contents/Developer/Platforms/MacOSX.platform/Developer/SDKs/MacOSX26.1.sdk/usr/include/sys/file.h
/Applications/Xcode.app/Contents/Developer/Platforms/MacOSX.platform/Developer/SDKs/MacOSX26.1.sdk/usr/include/sys/filedesc.h
/Applications/Xcode.app/Contents/Developer/Platforms/MacOSX.platform/Developer/SDKs/MacOSX26.1.sdk/usr/include/sys/fileport.h
/Applications/Xcode.app/Contents/Developer/Platforms/MacOSX.platform/Developer/SDKs/MacOSX26.1.sdk/usr/include/sys/fsgetpath.h
/Applications/Xcode.app/Contents/Developer/Platforms/MacOSX.platform/Developer/SDKs/MacOSX26.1.sdk/usr/include/sys/gmon.h
/Applications/Xcode.app/Contents/Developer/Platforms/MacOSX.platform/Developer/SDKs/MacOSX26.1.sdk/usr/include/sys/ioctl_compat.h
/Applications/Xcode.app/Contents/Developer/Platforms/MacOSX.platform/Developer/SDKs/MacOSX26.1.sdk/usr/include/sys/ttychars.h
/Applications/Xcode.app/Contents/Developer/Platforms/MacOSX.platform/Developer/SDKs/MacOSX26.1.sdk/usr/include/sys/ttydev.h
/Applications/Xcode.app/Contents/Developer/Platforms/MacOSX.platform/Developer/SDKs/MacOSX26.1.sdk/usr/include/sys/kdebug.h
/Applications/Xcode.app/Contents/Developer/Platforms/MacOSX.platform/Developer/SDKs/MacOSX26.1.sdk/usr/include/sys/kdebug_signpost.h
/Applications/Xcode.app/Contents/Developer/Platforms/MacOSX.platform/Developer/SDKs/MacOSX26.1.sdk/usr/include/sys/lctx.h
/Applications/Xcode.app/Contents/Developer/Platforms/MacOSX.platform/Developer/SDKs/MacOSX26.1.sdk/usr/include/sys/mbuf.h
/Applications/Xcode.app/Contents/Developer/Platforms/MacOSX.platform/Developer/SDKs/MacOSX26.1.sdk/usr/include/sys/msgbuf.h
/Applications/Xcode.app/Contents/Developer/Platforms/MacOSX.platform/Developer/SDKs/MacOSX26.1.sdk/usr/include/sys/netport.h
/Applications/Xcode.app/Contents/Developer/Platforms/MacOSX.platform/Developer/SDKs/MacOSX26.1.sdk/usr/include/sys/paths.h
/Applications/Xcode.app/Contents/Developer/Platforms/MacOSX.platform/Developer/SDKs/MacOSX26.1.sdk/usr/include/sys/pipe.h
/Applications/Xcode.app/Contents/Developer/Platforms/MacOSX.platform/Developer/SDKs/MacOSX26.1.sdk/usr/include/sys/quota.h
/Applications/Xcode.app/Contents/Developer/Platforms/MacOSX.platform/Developer/SDKs/MacOSX26.1.sdk/usr/include/sys/rbtree.h
/Applications/Xcode.app/Contents/Developer/Platforms/MacOSX.platform/Developer/SDKs/MacOSX26.1.sdk/usr/include/sys/reboot.h
/Applications/Xcode.app/Contents/Developer/Platforms/MacOSX.platform/Developer/SDKs/MacOSX26.1.sdk/usr/include/sys/resourcevar.h
/Applications/Xcode.app/Contents/Developer/Platforms/MacOSX.platform/Developer/SDKs/MacOSX26.1.sdk/usr/include/sys/sbuf.h
/Applications/Xcode.app/Contents/Developer/Platforms/MacOSX.platform/Developer/SDKs/MacOSX26.1.sdk/usr/include/sys/signalvar.h
/Applications/Xcode.app/Contents/Developer/Platforms/MacOSX.platform/Developer/SDKs/MacOSX26.1.sdk/usr/include/sys/syscall.h
/Applications/Xcode.app/Contents/Developer/Platforms/MacOSX.platform/Developer/SDKs/MacOSX26.1.sdk/usr/include/sys/timeb.h
/Applications/Xcode.app/Contents/Developer/Platforms/MacOSX.platform/Developer/SDKs/MacOSX26.1.sdk/usr/include/sys/trace.h
/Applications/Xcode.app/Contents/Developer/Platforms/MacOSX.platform/Developer/SDKs/MacOSX26.1.sdk/usr/include/sys/tty.h
/Applications/Xcode.app/Contents/Developer/Platforms/MacOSX.platform/Developer/SDKs/MacOSX26.1.sdk/usr/include/sys/ucontext.h
/Applications/Xcode.app/Contents/Developer/Platforms/MacOSX.platform/Developer/SDKs/MacOSX26.1.sdk/usr/include/sys/unpcb.h
/Applications/Xcode.app/Contents/Developer/Platforms/MacOSX.platform/Developer/SDKs/MacOSX26.1.sdk/usr/include/sys/user.h
/Applications/Xcode.app/Contents/Developer/Platforms/MacOSX.platform/Developer/SDKs/MacOSX26.1.sdk/usr/include/sys/utfconv.h
/Applications/Xcode.app/Contents/Developer/Platforms/MacOSX.platform/Developer/SDKs/MacOSX26.1.sdk/usr/include/sys/vcmd.h
/Applications/Xcode.app/Contents/Developer/Platforms/MacOSX.platform/Developer/SDKs/MacOSX26.1.sdk/usr/include/sys/vnode.h
/Applications/Xcode.app/Contents/Developer/Platforms/MacOSX.platform/Developer/SDKs/MacOSX26.1.sdk/usr/include/_modules/_darwin_sys_signal.h
/Applications/Xcode.app/Contents/Developer/Platforms/MacOSX.platform/Developer/SDKs/MacOSX26.1.sdk/usr/include/sysdir.h
/Applications/Xcode.app/Contents/Developer/Platforms/MacOSX.platform/Developer/SDKs/MacOSX26.1.sdk/usr/include/libc.h
/Applications/Xcode.app/Contents/Developer/Platforms/MacOSX.platform/Developer/SDKs/MacOSX26.1.sdk/usr/include/paths.h
/Applications/Xcode.app/Contents/Developer/Platforms/MacOSX.platform/Developer/SDKs/MacOSX26.1.sdk/usr/include/sysexits.h
/Applications/Xcode.app/Contents/Developer/Platforms/MacOSX.platform/Developer/SDKs/MacOSX26.1.sdk/SDKSettings.json
/Applications/Xcode.app/Contents/Developer/Toolchains/XcodeDefault.xctoolchain/usr/lib/swift/macosx/prebuilt-modules/26.1/Darwin.swiftmodule/arm64e-apple-macos.swiftmodule
/Applications/Xcode.app/Contents/Developer/Toolchains/XcodeDefault.xctoolchain/usr/lib/swift/macosx/prebuilt-modules/26.1/DataDetection.swiftmodule/arm64e-apple-macos.swiftmodule
/Applications/Xcode.app/Contents/Developer/Platforms/MacOSX.platform/Developer/SDKs/MacOSX26.1.sdk/System/Library/Frameworks/DataDetection.framework/Modules/module.modulemap
/Applications/Xcode.app/Contents/Developer/Platforms/MacOSX.platform/Developer/SDKs/MacOSX26.1.sdk/System/Library/Frameworks/DataDetection.framework/Headers/DataDetection.h
/Applications/Xcode.app/Contents/Developer/Platforms/MacOSX.platform/Developer/SDKs/MacOSX26.1.sdk/System/Library/Frameworks/Foundation.framework/Modules/module.modulemap
/Applications/Xcode.app/Contents/Developer/Platforms/MacOSX.platform/Developer/SDKs/MacOSX26.1.sdk/System/Library/Frameworks/DataDetection.framework/Headers/DataDetectionBase.h
/Applications/Xcode.app/Contents/Developer/Platforms/MacOSX.platform/Developer/SDKs/MacOSX26.1.sdk/System/Library/Frameworks/DataDetection.framework/Headers/DDMatch.h
/Applications/Xcode.app/Contents/Developer/Platforms/MacOSX.platform/Developer/SDKs/MacOSX26.1.sdk/SDKSettings.json
/Applications/Xcode.app/Contents/Developer/Platforms/MacOSX.platform/Developer/SDKs/MacOSX26.1.sdk/System/Library/Frameworks/DeveloperToolsSupport.framework/Modules/module.modulemap
/Applications/Xcode.app/Contents/Developer/Platforms/MacOSX.platform/Developer/SDKs/MacOSX26.1.sdk/SDKSettings.json
/Applications/Xcode.app/Contents/Developer/Toolchains/XcodeDefault.xctoolchain/usr/lib/swift/macosx/prebuilt-modules/26.1/DeveloperToolsSupport.swiftmodule/arm64e-apple-macos.swiftmodule
/Applications/Xcode.app/Contents/Developer/Platforms/MacOSX.platform/Developer/SDKs/MacOSX26.1.sdk/System/Library/Frameworks/DiskArbitration.framework/Modules/module.modulemap
/Applications/Xcode.app/Contents/Developer/Platforms/MacOSX.platform/Developer/SDKs/MacOSX26.1.sdk/System/Library/Frameworks/DiskArbitration.framework/Headers/DiskArbitration.h
/Applications/Xcode.app/Contents/Developer/Platforms/MacOSX.platform/Developer/SDKs/MacOSX26.1.sdk/System/Library/Frameworks/CoreFoundation.framework/Modules/module.modulemap
/Applications/Xcode.app/Contents/Developer/Platforms/MacOSX.platform/Developer/SDKs/MacOSX26.1.sdk/usr/include/Darwin.modulemap
/Applications/Xcode.app/Contents/Developer/Platforms/MacOSX.platform/Developer/SDKs/MacOSX26.1.sdk/usr/include/DarwinFoundation1.modulemap
/Applications/Xcode.app/Contents/Developer/Platforms/MacOSX.platform/Developer/SDKs/MacOSX26.1.sdk/System/Library/Frameworks/DiskArbitration.framework/Headers/DADisk.h
/Applications/Xcode.app/Contents/Developer/Platforms/MacOSX.platform/Developer/SDKs/MacOSX26.1.sdk/System/Library/Frameworks/IOKit.framework/Modules/module.modulemap
/Applications/Xcode.app/Contents/Developer/Platforms/MacOSX.platform/Developer/SDKs/MacOSX26.1.sdk/System/Library/Frameworks/DiskArbitration.framework/Headers/DASession.h
/Applications/Xcode.app/Contents/Developer/Platforms/MacOSX.platform/Developer/SDKs/MacOSX26.1.sdk/System/Library/Frameworks/DiskArbitration.framework/Headers/DADissenter.h
/Applications/Xcode.app/Contents/Developer/Platforms/MacOSX.platform/Developer/SDKs/MacOSX26.1.sdk/SDKSettings.json
/Applications/Xcode.app/Contents/Developer/Platforms/MacOSX.platform/Developer/SDKs/MacOSX26.1.sdk/usr/include/Dispatch.apinotes
/Applications/Xcode.app/Contents/Developer/Platforms/MacOSX.platform/Developer/SDKs/MacOSX26.1.sdk/usr/include/dispatch.modulemap
/Applications/Xcode.app/Contents/Developer/Platforms/MacOSX.platform/Developer/SDKs/MacOSX26.1.sdk/usr/include/os.modulemap
/Applications/Xcode.app/Contents/Developer/Platforms/MacOSX.platform/Developer/SDKs/MacOSX26.1.sdk/usr/include/Darwin.modulemap
/Applications/Xcode.app/Contents/Developer/Platforms/MacOSX.platform/Developer/SDKs/MacOSX26.1.sdk/usr/include/Darwin_C.modulemap
/Applications/Xcode.app/Contents/Developer/Platforms/MacOSX.platform/Developer/SDKs/MacOSX26.1.sdk/usr/include/Darwin_POSIX.modulemap
/Applications/Xcode.app/Contents/Developer/Platforms/MacOSX.platform/Developer/SDKs/MacOSX26.1.sdk/usr/include/net.modulemap
/Applications/Xcode.app/Contents/Developer/Platforms/MacOSX.platform/Developer/SDKs/MacOSX26.1.sdk/usr/include/netinet.modulemap
/Applications/Xcode.app/Contents/Developer/Platforms/MacOSX.platform/Developer/SDKs/MacOSX26.1.sdk/usr/include/bank.modulemap
/Applications/Xcode.app/Contents/Developer/Platforms/MacOSX.platform/Developer/SDKs/MacOSX26.1.sdk/usr/include/Darwin_Mach.modulemap
/Applications/Xcode.app/Contents/Developer/Platforms/MacOSX.platform/Developer/SDKs/MacOSX26.1.sdk/usr/include/Darwin_Mach_machine.modulemap
/Applications/Xcode.app/Contents/Developer/Platforms/MacOSX.platform/Developer/SDKs/MacOSX26.1.sdk/usr/include/mach_debug.modulemap
/Applications/Xcode.app/Contents/Developer/Platforms/MacOSX.platform/Developer/SDKs/MacOSX26.1.sdk/usr/include/device.modulemap
/Applications/Xcode.app/Contents/Developer/Platforms/MacOSX.platform/Developer/SDKs/MacOSX26.1.sdk/usr/include/Darwin_machine.modulemap
/Applications/Xcode.app/Contents/Developer/Platforms/MacOSX.platform/Developer/SDKs/MacOSX26.1.sdk/usr/include/ncurses.modulemap
/Applications/Xcode.app/Contents/Developer/Platforms/MacOSX.platform/Developer/SDKs/MacOSX26.1.sdk/usr/include/netinet6.modulemap
/Applications/Xcode.app/Contents/Developer/Platforms/MacOSX.platform/Developer/SDKs/MacOSX26.1.sdk/usr/include/Darwin_sys.modulemap
/Applications/Xcode.app/Contents/Developer/Platforms/MacOSX.platform/Developer/SDKs/MacOSX26.1.sdk/usr/include/uuid.modulemap
/Applications/Xcode.app/Contents/Developer/Platforms/MacOSX.platform/Developer/SDKs/MacOSX26.1.sdk/usr/include/DarwinFoundation2.modulemap
/Applications/Xcode.app/Contents/Developer/Platforms/MacOSX.platform/Developer/SDKs/MacOSX26.1.sdk/usr/include/DarwinFoundation3.modulemap
/Applications/Xcode.app/Contents/Developer/Platforms/MacOSX.platform/Developer/SDKs/MacOSX26.1.sdk/usr/include/DarwinFoundation1.modulemap
/Applications/Xcode.app/Contents/Developer/Platforms/MacOSX.platform/Developer/SDKs/MacOSX26.1.sdk/usr/include/dispatch/dispatch.h
/Applications/Xcode.app/Contents/Developer/Toolchains/XcodeDefault.xctoolchain/usr/lib/swift/clang/include/module.modulemap
/Applications/Xcode.app/Contents/Developer/Toolchains/XcodeDefault.xctoolchain/usr/lib/swift/clang/include/stddef.h
/Applications/Xcode.app/Contents/Developer/Toolchains/XcodeDefault.xctoolchain/usr/lib/swift/clang/include/stdarg.h
/Applications/Xcode.app/Contents/Developer/Platforms/MacOSX.platform/Developer/SDKs/MacOSX26.1.sdk/usr/include/string.h
/Applications/Xcode.app/Contents/Developer/Platforms/MacOSX.platform/Developer/SDKs/MacOSX26.1.sdk/usr/include/dispatch/base.h
/Applications/Xcode.app/Contents/Developer/Platforms/MacOSX.platform/Developer/SDKs/MacOSX26.1.sdk/usr/include/dispatch/time.h
/Applications/Xcode.app/Contents/Developer/Platforms/MacOSX.platform/Developer/SDKs/MacOSX26.1.sdk/usr/include/dispatch/object.h
/Applications/Xcode.app/Contents/Developer/Platforms/MacOSX.platform/Developer/SDKs/MacOSX26.1.sdk/usr/include/dispatch/queue.h
/Applications/Xcode.app/Contents/Developer/Platforms/MacOSX.platform/Developer/SDKs/MacOSX26.1.sdk/usr/include/dispatch/block.h
/Applications/Xcode.app/Contents/Developer/Platforms/MacOSX.platform/Developer/SDKs/MacOSX26.1.sdk/usr/include/dispatch/source.h
/Applications/Xcode.app/Contents/Developer/Platforms/MacOSX.platform/Developer/SDKs/MacOSX26.1.sdk/usr/include/dispatch/group.h
/Applications/Xcode.app/Contents/Developer/Platforms/MacOSX.platform/Developer/SDKs/MacOSX26.1.sdk/usr/include/dispatch/semaphore.h
/Applications/Xcode.app/Contents/Developer/Platforms/MacOSX.platform/Developer/SDKs/MacOSX26.1.sdk/usr/include/dispatch/once.h
/Applications/Xcode.app/Contents/Developer/Platforms/MacOSX.platform/Developer/SDKs/MacOSX26.1.sdk/usr/include/dispatch/data.h
/Applications/Xcode.app/Contents/Developer/Platforms/MacOSX.platform/Developer/SDKs/MacOSX26.1.sdk/usr/include/dispatch/io.h
/Applications/Xcode.app/Contents/Developer/Platforms/MacOSX.platform/Developer/SDKs/MacOSX26.1.sdk/usr/include/dispatch/workloop.h
/Applications/Xcode.app/Contents/Developer/Platforms/MacOSX.platform/Developer/SDKs/MacOSX26.1.sdk/usr/include/dispatch/dispatch_swift_shims.h
/Applications/Xcode.app/Contents/Developer/Platforms/MacOSX.platform/Developer/SDKs/MacOSX26.1.sdk/SDKSettings.json
/Applications/Xcode.app/Contents/Developer/Toolchains/XcodeDefault.xctoolchain/usr/lib/swift/macosx/prebuilt-modules/26.1/Dispatch.swiftmodule/arm64e-apple-macos.swiftmodule
/Applications/Xcode.app/Contents/Developer/Platforms/MacOSX.platform/Developer/SDKs/MacOSX26.1.sdk/System/Library/Frameworks/Foundation.framework/Headers/Foundation.apinotes
/Applications/Xcode.app/Contents/Developer/Platforms/MacOSX.platform/Developer/SDKs/MacOSX26.1.sdk/System/Library/Frameworks/Foundation.framework/Modules/module.modulemap
/Applications/Xcode.app/Contents/Developer/Platforms/MacOSX.platform/Developer/SDKs/MacOSX26.1.sdk/System/Library/Frameworks/Foundation.framework/Headers/Foundation.h
/Applications/Xcode.app/Contents/Developer/Platforms/MacOSX.platform/Developer/SDKs/MacOSX26.1.sdk/System/Library/Frameworks/CoreFoundation.framework/Modules/module.modulemap
/Applications/Xcode.app/Contents/Developer/Platforms/MacOSX.platform/Developer/SDKs/MacOSX26.1.sdk/System/Library/Frameworks/Foundation.framework/Headers/NSObjCRuntime.h
/Applications/Xcode.app/Contents/Developer/Platforms/MacOSX.platform/Developer/SDKs/MacOSX26.1.sdk/usr/include/xpc.modulemap
/Applications/Xcode.app/Contents/Developer/Platforms/MacOSX.platform/Developer/SDKs/MacOSX26.1.sdk/usr/include/dispatch.modulemap
/Applications/Xcode.app/Contents/Developer/Platforms/MacOSX.platform/Developer/SDKs/MacOSX26.1.sdk/usr/include/ObjectiveC.modulemap
/Applications/Xcode.app/Contents/Developer/Platforms/MacOSX.platform/Developer/SDKs/MacOSX26.1.sdk/usr/include/Darwin.modulemap
/Applications/Xcode.app/Contents/Developer/Platforms/MacOSX.platform/Developer/SDKs/MacOSX26.1.sdk/usr/include/DarwinFoundation1.modulemap
/Applications/Xcode.app/Contents/Developer/Toolchains/XcodeDefault.xctoolchain/usr/lib/swift/clang/include/module.modulemap
/Applications/Xcode.app/Contents/Developer/Toolchains/XcodeDefault.xctoolchain/usr/lib/swift/clang/include/stdarg.h
/Applications/Xcode.app/Contents/Developer/Platforms/MacOSX.platform/Developer/SDKs/MacOSX26.1.sdk/System/Library/Frameworks/Foundation.framework/Headers/NSArray.h
/Applications/Xcode.app/Contents/Developer/Platforms/MacOSX.platform/Developer/SDKs/MacOSX26.1.sdk/System/Library/Frameworks/Foundation.framework/Headers/NSObject.h
/Applications/Xcode.app/Contents/Developer/Platforms/MacOSX.platform/Developer/SDKs/MacOSX26.1.sdk/System/Library/Frameworks/Foundation.framework/Headers/NSZone.h
/Applications/Xcode.app/Contents/Developer/Toolchains/XcodeDefault.xctoolchain/usr/lib/swift/clang/include/stddef.h
/Applications/Xcode.app/Contents/Developer/Platforms/MacOSX.platform/Developer/SDKs/MacOSX26.1.sdk/System/Library/Frameworks/Foundation.framework/Headers/NSEnumerator.h
/Applications/Xcode.app/Contents/Developer/Platforms/MacOSX.platform/Developer/SDKs/MacOSX26.1.sdk/System/Library/Frameworks/Foundation.framework/Headers/NSRange.h
/Applications/Xcode.app/Contents/Developer/Platforms/MacOSX.platform/Developer/SDKs/MacOSX26.1.sdk/System/Library/Frameworks/Foundation.framework/Headers/NSValue.h
/Applications/Xcode.app/Contents/Developer/Platforms/MacOSX.platform/Developer/SDKs/MacOSX26.1.sdk/System/Library/Frameworks/Foundation.framework/Headers/NSOrderedCollectionDifference.h
/Applications/Xcode.app/Contents/Developer/Platforms/MacOSX.platform/Developer/SDKs/MacOSX26.1.sdk/System/Library/Frameworks/Foundation.framework/Headers/NSOrderedCollectionChange.h
/Applications/Xcode.app/Contents/Developer/Platforms/MacOSX.platform/Developer/SDKs/MacOSX26.1.sdk/System/Library/Frameworks/Foundation.framework/Headers/NSIndexSet.h
/Applications/Xcode.app/Contents/Developer/Platforms/MacOSX.platform/Developer/SDKs/MacOSX26.1.sdk/System/Library/Frameworks/Foundation.framework/Headers/NSAutoreleasePool.h
/Applications/Xcode.app/Contents/Developer/Platforms/MacOSX.platform/Developer/SDKs/MacOSX26.1.sdk/System/Library/Frameworks/Foundation.framework/Headers/NSBundle.h
/Applications/Xcode.app/Contents/Developer/Platforms/MacOSX.platform/Developer/SDKs/MacOSX26.1.sdk/System/Library/Frameworks/Foundation.framework/Headers/NSString.h
/Applications/Xcode.app/Contents/Developer/Platforms/MacOSX.platform/Developer/SDKs/MacOSX26.1.sdk/System/Library/Frameworks/Foundation.framework/Headers/NSItemProvider.h
/Applications/Xcode.app/Contents/Developer/Platforms/MacOSX.platform/Developer/SDKs/MacOSX26.1.sdk/System/Library/Frameworks/Foundation.framework/Headers/NSDictionary.h
/Applications/Xcode.app/Contents/Developer/Platforms/MacOSX.platform/Developer/SDKs/MacOSX26.1.sdk/System/Library/Frameworks/Foundation.framework/Headers/NSSet.h
/Applications/Xcode.app/Contents/Developer/Platforms/MacOSX.platform/Developer/SDKs/MacOSX26.1.sdk/System/Library/Frameworks/Foundation.framework/Headers/NSProgress.h
/Applications/Xcode.app/Contents/Developer/Platforms/MacOSX.platform/Developer/SDKs/MacOSX26.1.sdk/System/Library/Frameworks/Foundation.framework/Headers/NSNotification.h
/Applications/Xcode.app/Contents/Developer/Platforms/MacOSX.platform/Developer/SDKs/MacOSX26.1.sdk/System/Library/Frameworks/Foundation.framework/Headers/NSByteOrder.h
/Applications/Xcode.app/Contents/Developer/Platforms/MacOSX.platform/Developer/SDKs/MacOSX26.1.sdk/System/Library/Frameworks/Foundation.framework/Headers/NSCalendar.h
/Applications/Xcode.app/Contents/Developer/Platforms/MacOSX.platform/Developer/SDKs/MacOSX26.1.sdk/System/Library/Frameworks/Foundation.framework/Headers/NSDate.h
/Applications/Xcode.app/Contents/Developer/Platforms/MacOSX.platform/Developer/SDKs/MacOSX26.1.sdk/System/Library/Frameworks/Foundation.framework/Headers/NSCharacterSet.h
/Applications/Xcode.app/Contents/Developer/Platforms/MacOSX.platform/Developer/SDKs/MacOSX26.1.sdk/System/Library/Frameworks/Foundation.framework/Headers/NSCoder.h
/Applications/Xcode.app/Contents/Developer/Platforms/MacOSX.platform/Developer/SDKs/MacOSX26.1.sdk/System/Library/Frameworks/Foundation.framework/Headers/NSData.h
/Applications/Xcode.app/Contents/Developer/Platforms/MacOSX.platform/Developer/SDKs/MacOSX26.1.sdk/System/Library/Frameworks/Foundation.framework/Headers/NSDateInterval.h
/Applications/Xcode.app/Contents/Developer/Platforms/MacOSX.platform/Developer/SDKs/MacOSX26.1.sdk/System/Library/Frameworks/Foundation.framework/Headers/NSDateFormatter.h
/Applications/Xcode.app/Contents/Developer/Platforms/MacOSX.platform/Developer/SDKs/MacOSX26.1.sdk/System/Library/Frameworks/Foundation.framework/Headers/NSFormatter.h
/Applications/Xcode.app/Contents/Developer/Platforms/MacOSX.platform/Developer/SDKs/MacOSX26.1.sdk/System/Library/Frameworks/Foundation.framework/Headers/NSAttributedString.h
/Applications/Xcode.app/Contents/Developer/Platforms/MacOSX.platform/Developer/SDKs/MacOSX26.1.sdk/System/Library/Frameworks/Foundation.framework/Headers/NSDateIntervalFormatter.h
/Applications/Xcode.app/Contents/Developer/Platforms/MacOSX.platform/Developer/SDKs/MacOSX26.1.sdk/System/Library/Frameworks/Foundation.framework/Headers/NSISO8601DateFormatter.h
/Applications/Xcode.app/Contents/Developer/Platforms/MacOSX.platform/Developer/SDKs/MacOSX26.1.sdk/System/Library/Frameworks/Foundation.framework/Headers/NSMassFormatter.h
/Applications/Xcode.app/Contents/Developer/Platforms/MacOSX.platform/Developer/SDKs/MacOSX26.1.sdk/System/Library/Frameworks/Foundation.framework/Headers/NSLengthFormatter.h
/Applications/Xcode.app/Contents/Developer/Platforms/MacOSX.platform/Developer/SDKs/MacOSX26.1.sdk/System/Library/Frameworks/Foundation.framework/Headers/NSEnergyFormatter.h
/Applications/Xcode.app/Contents/Developer/Platforms/MacOSX.platform/Developer/SDKs/MacOSX26.1.sdk/System/Library/Frameworks/Foundation.framework/Headers/NSMeasurementFormatter.h
/Applications/Xcode.app/Contents/Developer/Platforms/MacOSX.platform/Developer/SDKs/MacOSX26.1.sdk/System/Library/Frameworks/Foundation.framework/Headers/NSNumberFormatter.h
/Applications/Xcode.app/Contents/Developer/Platforms/MacOSX.platform/Developer/SDKs/MacOSX26.1.sdk/System/Library/Frameworks/Foundation.framework/Headers/NSMeasurement.h
/Applications/Xcode.app/Contents/Developer/Platforms/MacOSX.platform/Developer/SDKs/MacOSX26.1.sdk/System/Library/Frameworks/Foundation.framework/Headers/NSUnit.h
/Applications/Xcode.app/Contents/Developer/Platforms/MacOSX.platform/Developer/SDKs/MacOSX26.1.sdk/System/Library/Frameworks/Foundation.framework/Headers/NSLocale.h
/Applications/Xcode.app/Contents/Developer/Platforms/MacOSX.platform/Developer/SDKs/MacOSX26.1.sdk/System/Library/Frameworks/Foundation.framework/Headers/NSPersonNameComponents.h
/Applications/Xcode.app/Contents/Developer/Platforms/MacOSX.platform/Developer/SDKs/MacOSX26.1.sdk/System/Library/Frameworks/Foundation.framework/Headers/NSPersonNameComponentsFormatter.h
/Applications/Xcode.app/Contents/Developer/Platforms/MacOSX.platform/Developer/SDKs/MacOSX26.1.sdk/System/Library/Frameworks/Foundation.framework/Headers/NSRelativeDateTimeFormatter.h
/Applications/Xcode.app/Contents/Developer/Platforms/MacOSX.platform/Developer/SDKs/MacOSX26.1.sdk/System/Library/Frameworks/Foundation.framework/Headers/NSListFormatter.h
/Applications/Xcode.app/Contents/Developer/Platforms/MacOSX.platform/Developer/SDKs/MacOSX26.1.sdk/System/Library/Frameworks/Foundation.framework/Headers/NSDecimal.h
/Applications/Xcode.app/Contents/Developer/Platforms/MacOSX.platform/Developer/SDKs/MacOSX26.1.sdk/System/Library/Frameworks/Foundation.framework/Headers/NSDecimalNumber.h
/Applications/Xcode.app/Contents/Developer/Platforms/MacOSX.platform/Developer/SDKs/MacOSX26.1.sdk/System/Library/Frameworks/Foundation.framework/Headers/NSScanner.h
/Applications/Xcode.app/Contents/Developer/Platforms/MacOSX.platform/Developer/SDKs/MacOSX26.1.sdk/System/Library/Frameworks/Foundation.framework/Headers/NSException.h
/Applications/Xcode.app/Contents/Developer/Platforms/MacOSX.platform/Developer/SDKs/MacOSX26.1.sdk/System/Library/Frameworks/Foundation.framework/Headers/NSError.h
/Applications/Xcode.app/Contents/Developer/Platforms/MacOSX.platform/Developer/SDKs/MacOSX26.1.sdk/System/Library/Frameworks/Foundation.framework/Headers/NSFileHandle.h
/Applications/Xcode.app/Contents/Developer/Platforms/MacOSX.platform/Developer/SDKs/MacOSX26.1.sdk/System/Library/Frameworks/Foundation.framework/Headers/NSRunLoop.h
/Applications/Xcode.app/Contents/Developer/Platforms/MacOSX.platform/Developer/SDKs/MacOSX26.1.sdk/System/Library/Frameworks/Foundation.framework/Headers/NSFileManager.h
/Applications/Xcode.app/Contents/Developer/Platforms/MacOSX.platform/Developer/SDKs/MacOSX26.1.sdk/System/Library/Frameworks/Foundation.framework/Headers/NSPathUtilities.h
/Applications/Xcode.app/Contents/Developer/Platforms/MacOSX.platform/Developer/SDKs/MacOSX26.1.sdk/System/Library/Frameworks/Foundation.framework/Headers/NSURL.h
/Applications/Xcode.app/Contents/Developer/Platforms/MacOSX.platform/Developer/SDKs/MacOSX26.1.sdk/System/Library/Frameworks/Foundation.framework/Headers/NSURLHandle.h
/Applications/Xcode.app/Contents/Developer/Platforms/MacOSX.platform/Developer/SDKs/MacOSX26.1.sdk/System/Library/Frameworks/Foundation.framework/Headers/NSHashTable.h
/Applications/Xcode.app/Contents/Developer/Platforms/MacOSX.platform/Developer/SDKs/MacOSX26.1.sdk/System/Library/Frameworks/Foundation.framework/Headers/NSPointerFunctions.h
/Applications/Xcode.app/Contents/Developer/Platforms/MacOSX.platform/Developer/SDKs/MacOSX26.1.sdk/System/Library/Frameworks/Foundation.framework/Headers/NSHTTPCookie.h
/Applications/Xcode.app/Contents/Developer/Platforms/MacOSX.platform/Developer/SDKs/MacOSX26.1.sdk/System/Library/Frameworks/Foundation.framework/Headers/NSHTTPCookieStorage.h
/Applications/Xcode.app/Contents/Developer/Platforms/MacOSX.platform/Developer/SDKs/MacOSX26.1.sdk/System/Library/Frameworks/Foundation.framework/Headers/NSIndexPath.h
/Applications/Xcode.app/Contents/Developer/Platforms/MacOSX.platform/Developer/SDKs/MacOSX26.1.sdk/System/Library/Frameworks/Foundation.framework/Headers/NSInflectionRule.h
/Applications/Xcode.app/Contents/Developer/Platforms/MacOSX.platform/Developer/SDKs/MacOSX26.1.sdk/System/Library/Frameworks/Foundation.framework/Headers/NSInvocation.h
/Applications/Xcode.app/Contents/Developer/Platforms/MacOSX.platform/Developer/SDKs/MacOSX26.1.sdk/System/Library/Frameworks/Foundation.framework/Headers/NSJSONSerialization.h
/Applications/Xcode.app/Contents/Developer/Platforms/MacOSX.platform/Developer/SDKs/MacOSX26.1.sdk/System/Library/Frameworks/Foundation.framework/Headers/NSKeyValueCoding.h
/Applications/Xcode.app/Contents/Developer/Platforms/MacOSX.platform/Developer/SDKs/MacOSX26.1.sdk/System/Library/Frameworks/Foundation.framework/Headers/NSOrderedSet.h
/Applications/Xcode.app/Contents/Developer/Platforms/MacOSX.platform/Developer/SDKs/MacOSX26.1.sdk/System/Library/Frameworks/Foundation.framework/Headers/NSKeyValueObserving.h
/Applications/Xcode.app/Contents/Developer/Platforms/MacOSX.platform/Developer/SDKs/MacOSX26.1.sdk/System/Library/Frameworks/Foundation.framework/Headers/NSKeyValueSharedObservers.h
/Applications/Xcode.app/Contents/Developer/Platforms/MacOSX.platform/Developer/SDKs/MacOSX26.1.sdk/System/Library/Frameworks/Foundation.framework/Headers/NSKeyedArchiver.h
/Applications/Xcode.app/Contents/Developer/Platforms/MacOSX.platform/Developer/SDKs/MacOSX26.1.sdk/System/Library/Frameworks/Foundation.framework/Headers/NSPropertyList.h
/Applications/Xcode.app/Contents/Developer/Platforms/MacOSX.platform/Developer/SDKs/MacOSX26.1.sdk/System/Library/Frameworks/Foundation.framework/Headers/NSGeometry.h
/Applications/Xcode.app/Contents/Developer/Platforms/MacOSX.platform/Developer/SDKs/MacOSX26.1.sdk/System/Library/Frameworks/Foundation.framework/Headers/NSLock.h
/Applications/Xcode.app/Contents/Developer/Platforms/MacOSX.platform/Developer/SDKs/MacOSX26.1.sdk/System/Library/Frameworks/Foundation.framework/Headers/NSMapTable.h
/Applications/Xcode.app/Contents/Developer/Platforms/MacOSX.platform/Developer/SDKs/MacOSX26.1.sdk/System/Library/Frameworks/Foundation.framework/Headers/NSMethodSignature.h
/Applications/Xcode.app/Contents/Developer/Platforms/MacOSX.platform/Developer/SDKs/MacOSX26.1.sdk/System/Library/Frameworks/Foundation.framework/Headers/NSMorphology.h
/Applications/Xcode.app/Contents/Developer/Platforms/MacOSX.platform/Developer/SDKs/MacOSX26.1.sdk/System/Library/Frameworks/Foundation.framework/Headers/NSTermOfAddress.h
/Applications/Xcode.app/Contents/Developer/Platforms/MacOSX.platform/Developer/SDKs/MacOSX26.1.sdk/System/Library/Frameworks/Foundation.framework/Headers/NSNotificationQueue.h
/Applications/Xcode.app/Contents/Developer/Platforms/MacOSX.platform/Developer/SDKs/MacOSX26.1.sdk/System/Library/Frameworks/Foundation.framework/Headers/NSNull.h
/Applications/Xcode.app/Contents/Developer/Platforms/MacOSX.platform/Developer/SDKs/MacOSX26.1.sdk/System/Library/Frameworks/Foundation.framework/Headers/NSLocalizedNumberFormatRule.h
/Applications/Xcode.app/Contents/Developer/Platforms/MacOSX.platform/Developer/SDKs/MacOSX26.1.sdk/System/Library/Frameworks/Foundation.framework/Headers/NSOperation.h
/Applications/Xcode.app/Contents/Developer/Platforms/MacOSX.platform/Developer/SDKs/MacOSX26.1.sdk/System/Library/Frameworks/Foundation.framework/Headers/NSOrthography.h
/Applications/Xcode.app/Contents/Developer/Platforms/MacOSX.platform/Developer/SDKs/MacOSX26.1.sdk/System/Library/Frameworks/Foundation.framework/Headers/NSPointerArray.h
/Applications/Xcode.app/Contents/Developer/Platforms/MacOSX.platform/Developer/SDKs/MacOSX26.1.sdk/System/Library/Frameworks/Foundation.framework/Headers/NSPort.h
/Applications/Xcode.app/Contents/Developer/Platforms/MacOSX.platform/Developer/SDKs/MacOSX26.1.sdk/System/Library/Frameworks/Foundation.framework/Headers/NSProcessInfo.h
/Applications/Xcode.app/Contents/Developer/Platforms/MacOSX.platform/Developer/SDKs/MacOSX26.1.sdk/System/Library/Frameworks/Foundation.framework/Headers/NSProxy.h
/Applications/Xcode.app/Contents/Developer/Platforms/MacOSX.platform/Developer/SDKs/MacOSX26.1.sdk/System/Library/Frameworks/Foundation.framework/Headers/NSRegularExpression.h
/Applications/Xcode.app/Contents/Developer/Platforms/MacOSX.platform/Developer/SDKs/MacOSX26.1.sdk/System/Library/Frameworks/Foundation.framework/Headers/NSTextCheckingResult.h
/Applications/Xcode.app/Contents/Developer/Platforms/MacOSX.platform/Developer/SDKs/MacOSX26.1.sdk/System/Library/Frameworks/Foundation.framework/Headers/NSSortDescriptor.h
/Applications/Xcode.app/Contents/Developer/Platforms/MacOSX.platform/Developer/SDKs/MacOSX26.1.sdk/System/Library/Frameworks/Foundation.framework/Headers/NSStream.h
/Applications/Xcode.app/Contents/Developer/Platforms/MacOSX.platform/Developer/SDKs/MacOSX26.1.sdk/System/Library/Frameworks/Foundation.framework/Headers/NSThread.h
/Applications/Xcode.app/Contents/Developer/Platforms/MacOSX.platform/Developer/SDKs/MacOSX26.1.sdk/System/Library/Frameworks/Foundation.framework/Headers/NSTimeZone.h
/Applications/Xcode.app/Contents/Developer/Platforms/MacOSX.platform/Developer/SDKs/MacOSX26.1.sdk/System/Library/Frameworks/Foundation.framework/Headers/NSTimer.h
/Applications/Xcode.app/Contents/Developer/Platforms/MacOSX.platform/Developer/SDKs/MacOSX26.1.sdk/System/Library/Frameworks/Foundation.framework/Headers/NSURLAuthenticationChallenge.h
/Applications/Xcode.app/Contents/Developer/Platforms/MacOSX.platform/Developer/SDKs/MacOSX26.1.sdk/System/Library/Frameworks/Foundation.framework/Headers/NSURLCache.h
/Applications/Xcode.app/Contents/Developer/Platforms/MacOSX.platform/Developer/SDKs/MacOSX26.1.sdk/System/Library/Frameworks/Foundation.framework/Headers/NSURLConnection.h
/Applications/Xcode.app/Contents/Developer/Platforms/MacOSX.platform/Developer/SDKs/MacOSX26.1.sdk/System/Library/Frameworks/Foundation.framework/Headers/NSURLCredential.h
/Applications/Xcode.app/Contents/Developer/Platforms/MacOSX.platform/Developer/SDKs/MacOSX26.1.sdk/System/Library/Frameworks/Security.framework/Modules/module.modulemap
/Applications/Xcode.app/Contents/Developer/Platforms/MacOSX.platform/Developer/SDKs/MacOSX26.1.sdk/System/Library/Frameworks/Foundation.framework/Headers/NSURLCredentialStorage.h
/Applications/Xcode.app/Contents/Developer/Platforms/MacOSX.platform/Developer/SDKs/MacOSX26.1.sdk/System/Library/Frameworks/Foundation.framework/Headers/NSURLProtectionSpace.h
/Applications/Xcode.app/Contents/Developer/Platforms/MacOSX.platform/Developer/SDKs/MacOSX26.1.sdk/System/Library/Frameworks/Foundation.framework/Headers/NSURLError.h
/Applications/Xcode.app/Contents/Developer/Platforms/MacOSX.platform/Developer/SDKs/MacOSX26.1.sdk/System/Library/Frameworks/CoreServices.framework/Modules/module.modulemap
/Applications/Xcode.app/Contents/Developer/Platforms/MacOSX.platform/Developer/SDKs/MacOSX26.1.sdk/System/Library/Frameworks/Foundation.framework/Headers/NSURLProtocol.h
/Applications/Xcode.app/Contents/Developer/Platforms/MacOSX.platform/Developer/SDKs/MacOSX26.1.sdk/System/Library/Frameworks/Foundation.framework/Headers/NSURLRequest.h
/Applications/Xcode.app/Contents/Developer/Platforms/MacOSX.platform/Developer/SDKs/MacOSX26.1.sdk/System/Library/Frameworks/Foundation.framework/Headers/NSURLResponse.h
/Applications/Xcode.app/Contents/Developer/Platforms/MacOSX.platform/Developer/SDKs/MacOSX26.1.sdk/System/Library/Frameworks/Foundation.framework/Headers/NSUserDefaults.h
/Applications/Xcode.app/Contents/Developer/Platforms/MacOSX.platform/Developer/SDKs/MacOSX26.1.sdk/System/Library/Frameworks/Foundation.framework/Headers/NSValueTransformer.h
/Applications/Xcode.app/Contents/Developer/Platforms/MacOSX.platform/Developer/SDKs/MacOSX26.1.sdk/System/Library/Frameworks/Foundation.framework/Headers/NSXMLParser.h
/Applications/Xcode.app/Contents/Developer/Platforms/MacOSX.platform/Developer/SDKs/MacOSX26.1.sdk/System/Library/Frameworks/Foundation.framework/Headers/NSXPCConnection.h
/Applications/Xcode.app/Contents/Developer/Platforms/MacOSX.platform/Developer/SDKs/MacOSX26.1.sdk/System/Library/Frameworks/Foundation.framework/Headers/FoundationErrors.h
/Applications/Xcode.app/Contents/Developer/Platforms/MacOSX.platform/Developer/SDKs/MacOSX26.1.sdk/System/Library/Frameworks/Foundation.framework/Headers/NSByteCountFormatter.h
/Applications/Xcode.app/Contents/Developer/Platforms/MacOSX.platform/Developer/SDKs/MacOSX26.1.sdk/System/Library/Frameworks/Foundation.framework/Headers/NSCache.h
/Applications/Xcode.app/Contents/Developer/Platforms/MacOSX.platform/Developer/SDKs/MacOSX26.1.sdk/System/Library/Frameworks/Foundation.framework/Headers/NSComparisonPredicate.h
/Applications/Xcode.app/Contents/Developer/Platforms/MacOSX.platform/Developer/SDKs/MacOSX26.1.sdk/System/Library/Frameworks/Foundation.framework/Headers/NSPredicate.h
/Applications/Xcode.app/Contents/Developer/Platforms/MacOSX.platform/Developer/SDKs/MacOSX26.1.sdk/System/Library/Frameworks/Foundation.framework/Headers/NSCompoundPredicate.h
/Applications/Xcode.app/Contents/Developer/Platforms/MacOSX.platform/Developer/SDKs/MacOSX26.1.sdk/System/Library/Frameworks/Foundation.framework/Headers/NSDateComponentsFormatter.h
/Applications/Xcode.app/Contents/Developer/Platforms/MacOSX.platform/Developer/SDKs/MacOSX26.1.sdk/System/Library/Frameworks/Foundation.framework/Headers/NSExpression.h
/Applications/Xcode.app/Contents/Developer/Platforms/MacOSX.platform/Developer/SDKs/MacOSX26.1.sdk/System/Library/Frameworks/Foundation.framework/Headers/NSExtensionContext.h
/Applications/Xcode.app/Contents/Developer/Platforms/MacOSX.platform/Developer/SDKs/MacOSX26.1.sdk/System/Library/Frameworks/Foundation.framework/Headers/NSExtensionItem.h
/Applications/Xcode.app/Contents/Developer/Platforms/MacOSX.platform/Developer/SDKs/MacOSX26.1.sdk/System/Library/Frameworks/Foundation.framework/Headers/NSExtensionRequestHandling.h
/Applications/Xcode.app/Contents/Developer/Platforms/MacOSX.platform/Developer/SDKs/MacOSX26.1.sdk/System/Library/Frameworks/Foundation.framework/Headers/NSFileCoordinator.h
/Applications/Xcode.app/Contents/Developer/Platforms/MacOSX.platform/Developer/SDKs/MacOSX26.1.sdk/System/Library/Frameworks/Foundation.framework/Headers/NSFilePresenter.h
/Applications/Xcode.app/Contents/Developer/Platforms/MacOSX.platform/Developer/SDKs/MacOSX26.1.sdk/System/Library/Frameworks/Foundation.framework/Headers/NSFileVersion.h
/Applications/Xcode.app/Contents/Developer/Platforms/MacOSX.platform/Developer/SDKs/MacOSX26.1.sdk/System/Library/Frameworks/Foundation.framework/Headers/NSFileWrapper.h
/Applications/Xcode.app/Contents/Developer/Platforms/MacOSX.platform/Developer/SDKs/MacOSX26.1.sdk/System/Library/Frameworks/Foundation.framework/Headers/NSLinguisticTagger.h
/Applications/Xcode.app/Contents/Developer/Platforms/MacOSX.platform/Developer/SDKs/MacOSX26.1.sdk/System/Library/Frameworks/Foundation.framework/Headers/NSMetadata.h
/Applications/Xcode.app/Contents/Developer/Platforms/MacOSX.platform/Developer/SDKs/MacOSX26.1.sdk/System/Library/Frameworks/Foundation.framework/Headers/NSMetadataAttributes.h
/Applications/Xcode.app/Contents/Developer/Platforms/MacOSX.platform/Developer/SDKs/MacOSX26.1.sdk/System/Library/Frameworks/Foundation.framework/Headers/NSNetServices.h
/Applications/Xcode.app/Contents/Developer/Platforms/MacOSX.platform/Developer/SDKs/MacOSX26.1.sdk/System/Library/Frameworks/Foundation.framework/Headers/NSUbiquitousKeyValueStore.h
/Applications/Xcode.app/Contents/Developer/Platforms/MacOSX.platform/Developer/SDKs/MacOSX26.1.sdk/System/Library/Frameworks/Foundation.framework/Headers/NSUndoManager.h
/Applications/Xcode.app/Contents/Developer/Platforms/MacOSX.platform/Developer/SDKs/MacOSX26.1.sdk/System/Library/Frameworks/Foundation.framework/Headers/NSURLSession.h
/Applications/Xcode.app/Contents/Developer/Platforms/MacOSX.platform/Developer/SDKs/MacOSX26.1.sdk/System/Library/Frameworks/Foundation.framework/Headers/NSUserActivity.h
/Applications/Xcode.app/Contents/Developer/Platforms/MacOSX.platform/Developer/SDKs/MacOSX26.1.sdk/System/Library/Frameworks/Foundation.framework/Headers/NSUUID.h
/Applications/Xcode.app/Contents/Developer/Platforms/MacOSX.platform/Developer/SDKs/MacOSX26.1.sdk/System/Library/Frameworks/Foundation.framework/Headers/NSAffineTransform.h
/Applications/Xcode.app/Contents/Developer/Platforms/MacOSX.platform/Developer/SDKs/MacOSX26.1.sdk/System/Library/Frameworks/Foundation.framework/Headers/NSAppleScript.h
/Applications/Xcode.app/Contents/Developer/Platforms/MacOSX.platform/Developer/SDKs/MacOSX26.1.sdk/System/Library/Frameworks/Foundation.framework/Headers/NSArchiver.h
/Applications/Xcode.app/Contents/Developer/Platforms/MacOSX.platform/Developer/SDKs/MacOSX26.1.sdk/System/Library/Frameworks/Foundation.framework/Headers/NSBackgroundActivityScheduler.h
/Applications/Xcode.app/Contents/Developer/Platforms/MacOSX.platform/Developer/SDKs/MacOSX26.1.sdk/System/Library/Frameworks/Foundation.framework/Headers/NSCalendarDate.h
/Applications/Xcode.app/Contents/Developer/Platforms/MacOSX.platform/Developer/SDKs/MacOSX26.1.sdk/System/Library/Frameworks/Foundation.framework/Headers/NSConnection.h
/Applications/Xcode.app/Contents/Developer/Platforms/MacOSX.platform/Developer/SDKs/MacOSX26.1.sdk/System/Library/Frameworks/Foundation.framework/Headers/NSDistantObject.h
/Applications/Xcode.app/Contents/Developer/Platforms/MacOSX.platform/Developer/SDKs/MacOSX26.1.sdk/System/Library/Frameworks/Foundation.framework/Headers/NSDistributedNotificationCenter.h
/Applications/Xcode.app/Contents/Developer/Platforms/MacOSX.platform/Developer/SDKs/MacOSX26.1.sdk/System/Library/Frameworks/Foundation.framework/Headers/NSPortCoder.h
/Applications/Xcode.app/Contents/Developer/Platforms/MacOSX.platform/Developer/SDKs/MacOSX26.1.sdk/System/Library/Frameworks/Foundation.framework/Headers/NSPortMessage.h
/Applications/Xcode.app/Contents/Developer/Platforms/MacOSX.platform/Developer/SDKs/MacOSX26.1.sdk/System/Library/Frameworks/Foundation.framework/Headers/NSPortNameServer.h
/Applications/Xcode.app/Contents/Developer/Platforms/MacOSX.platform/Developer/SDKs/MacOSX26.1.sdk/System/Library/Frameworks/Foundation.framework/Headers/NSProtocolChecker.h
/Applications/Xcode.app/Contents/Developer/Platforms/MacOSX.platform/Developer/SDKs/MacOSX26.1.sdk/System/Library/Frameworks/Foundation.framework/Headers/NSTask.h
/Applications/Xcode.app/Contents/Developer/Platforms/MacOSX.platform/Developer/SDKs/MacOSX26.1.sdk/System/Library/Frameworks/Foundation.framework/Headers/NSXMLDTD.h
/Applications/Xcode.app/Contents/Developer/Platforms/MacOSX.platform/Developer/SDKs/MacOSX26.1.sdk/System/Library/Frameworks/Foundation.framework/Headers/NSXMLNode.h
/Applications/Xcode.app/Contents/Developer/Platforms/MacOSX.platform/Developer/SDKs/MacOSX26.1.sdk/System/Library/Frameworks/Foundation.framework/Headers/NSXMLNodeOptions.h
/Applications/Xcode.app/Contents/Developer/Platforms/MacOSX.platform/Developer/SDKs/MacOSX26.1.sdk/System/Library/Frameworks/Foundation.framework/Headers/NSXMLDTDNode.h
/Applications/Xcode.app/Contents/Developer/Platforms/MacOSX.platform/Developer/SDKs/MacOSX26.1.sdk/System/Library/Frameworks/Foundation.framework/Headers/NSXMLDocument.h
/Applications/Xcode.app/Contents/Developer/Platforms/MacOSX.platform/Developer/SDKs/MacOSX26.1.sdk/System/Library/Frameworks/Foundation.framework/Headers/NSXMLElement.h
/Applications/Xcode.app/Contents/Developer/Platforms/MacOSX.platform/Developer/SDKs/MacOSX26.1.sdk/System/Library/Frameworks/Foundation.framework/Headers/NSURLDownload.h
/Applications/Xcode.app/Contents/Developer/Platforms/MacOSX.platform/Developer/SDKs/MacOSX26.1.sdk/System/Library/Frameworks/Foundation.framework/Headers/NSAppleEventDescriptor.h
/Applications/Xcode.app/Contents/Developer/Platforms/MacOSX.platform/Developer/SDKs/MacOSX26.1.sdk/System/Library/Frameworks/Foundation.framework/Headers/NSAppleEventManager.h
/Applications/Xcode.app/Contents/Developer/Platforms/MacOSX.platform/Developer/SDKs/MacOSX26.1.sdk/System/Library/Frameworks/Foundation.framework/Headers/NSClassDescription.h
/Applications/Xcode.app/Contents/Developer/Platforms/MacOSX.platform/Developer/SDKs/MacOSX26.1.sdk/System/Library/Frameworks/Foundation.framework/Headers/NSDistributedLock.h
/Applications/Xcode.app/Contents/Developer/Platforms/MacOSX.platform/Developer/SDKs/MacOSX26.1.sdk/System/Library/Frameworks/Foundation.framework/Headers/NSGarbageCollector.h
/Applications/Xcode.app/Contents/Developer/Platforms/MacOSX.platform/Developer/SDKs/MacOSX26.1.sdk/System/Library/Frameworks/Foundation.framework/Headers/NSHFSFileTypes.h
/Applications/Xcode.app/Contents/Developer/Platforms/MacOSX.platform/Developer/SDKs/MacOSX26.1.sdk/System/Library/Frameworks/Foundation.framework/Headers/NSHost.h
/Applications/Xcode.app/Contents/Developer/Platforms/MacOSX.platform/Developer/SDKs/MacOSX26.1.sdk/System/Library/Frameworks/Foundation.framework/Headers/NSObjectScripting.h
/Applications/Xcode.app/Contents/Developer/Platforms/MacOSX.platform/Developer/SDKs/MacOSX26.1.sdk/System/Library/Frameworks/Foundation.framework/Headers/NSScriptClassDescription.h
/Applications/Xcode.app/Contents/Developer/Platforms/MacOSX.platform/Developer/SDKs/MacOSX26.1.sdk/System/Library/Frameworks/Foundation.framework/Headers/NSScriptCoercionHandler.h
/Applications/Xcode.app/Contents/Developer/Platforms/MacOSX.platform/Developer/SDKs/MacOSX26.1.sdk/System/Library/Frameworks/Foundation.framework/Headers/NSScriptCommand.h
/Applications/Xcode.app/Contents/Developer/Platforms/MacOSX.platform/Developer/SDKs/MacOSX26.1.sdk/System/Library/Frameworks/Foundation.framework/Headers/NSScriptCommandDescription.h
/Applications/Xcode.app/Contents/Developer/Platforms/MacOSX.platform/Developer/SDKs/MacOSX26.1.sdk/System/Library/Frameworks/Foundation.framework/Headers/NSScriptExecutionContext.h
/Applications/Xcode.app/Contents/Developer/Platforms/MacOSX.platform/Developer/SDKs/MacOSX26.1.sdk/System/Library/Frameworks/Foundation.framework/Headers/NSScriptKeyValueCoding.h
/Applications/Xcode.app/Contents/Developer/Platforms/MacOSX.platform/Developer/SDKs/MacOSX26.1.sdk/System/Library/Frameworks/Foundation.framework/Headers/NSScriptObjectSpecifiers.h
/Applications/Xcode.app/Contents/Developer/Platforms/MacOSX.platform/Developer/SDKs/MacOSX26.1.sdk/System/Library/Frameworks/Foundation.framework/Headers/NSScriptStandardSuiteCommands.h
/Applications/Xcode.app/Contents/Developer/Platforms/MacOSX.platform/Developer/SDKs/MacOSX26.1.sdk/System/Library/Frameworks/Foundation.framework/Headers/NSScriptSuiteRegistry.h
/Applications/Xcode.app/Contents/Developer/Platforms/MacOSX.platform/Developer/SDKs/MacOSX26.1.sdk/System/Library/Frameworks/Foundation.framework/Headers/NSScriptWhoseTests.h
/Applications/Xcode.app/Contents/Developer/Platforms/MacOSX.platform/Developer/SDKs/MacOSX26.1.sdk/System/Library/Frameworks/Foundation.framework/Headers/NSSpellServer.h
/Applications/Xcode.app/Contents/Developer/Platforms/MacOSX.platform/Developer/SDKs/MacOSX26.1.sdk/System/Library/Frameworks/Foundation.framework/Headers/NSUserNotification.h
/Applications/Xcode.app/Contents/Developer/Platforms/MacOSX.platform/Developer/SDKs/MacOSX26.1.sdk/System/Library/Frameworks/Foundation.framework/Headers/NSUserScriptTask.h
/Applications/Xcode.app/Contents/Developer/Platforms/MacOSX.platform/Developer/SDKs/MacOSX26.1.sdk/System/Library/Frameworks/Foundation.framework/Headers/FoundationLegacySwiftCompatibility.h
/Applications/Xcode.app/Contents/Developer/Platforms/MacOSX.platform/Developer/SDKs/MacOSX26.1.sdk/System/Library/Frameworks/Foundation.framework/Headers/NSDebug.h
/Applications/Xcode.app/Contents/Developer/Platforms/MacOSX.platform/Developer/SDKs/MacOSX26.1.sdk/SDKSettings.json
/Applications/Xcode.app/Contents/Developer/Toolchains/XcodeDefault.xctoolchain/usr/lib/swift/macosx/prebuilt-modules/26.1/Foundation.swiftmodule/arm64e-apple-macos.swiftmodule
/Users/rogerlin/Library/Developer/Xcode/DerivedData/FinancialCalculatorKit-ackorybalcxbfocbkqsfdzcfkgmn/Build/Products/Debug/HTMLEntities.swiftmodule/arm64-apple-macos.swiftmodule
/Applications/Xcode.app/Contents/Developer/Platforms/MacOSX.platform/Developer/SDKs/MacOSX26.1.sdk/System/Library/Frameworks/IOKit.framework/Modules/module.modulemap
/Applications/Xcode.app/Contents/Developer/Platforms/MacOSX.platform/Developer/SDKs/MacOSX26.1.sdk/System/Library/Frameworks/IOKit.framework/Headers/IOReturn.h
/Applications/Xcode.app/Contents/Developer/Platforms/MacOSX.platform/Developer/SDKs/MacOSX26.1.sdk/usr/include/dispatch.modulemap
/Applications/Xcode.app/Contents/Developer/Platforms/MacOSX.platform/Developer/SDKs/MacOSX26.1.sdk/usr/include/libkern.modulemap
/Applications/Xcode.app/Contents/Developer/Platforms/MacOSX.platform/Developer/SDKs/MacOSX26.1.sdk/usr/include/Darwin.modulemap
/Applications/Xcode.app/Contents/Developer/Platforms/MacOSX.platform/Developer/SDKs/MacOSX26.1.sdk/usr/include/Darwin_C.modulemap
/Applications/Xcode.app/Contents/Developer/Platforms/MacOSX.platform/Developer/SDKs/MacOSX26.1.sdk/usr/include/Darwin_POSIX.modulemap
/Applications/Xcode.app/Contents/Developer/Platforms/MacOSX.platform/Developer/SDKs/MacOSX26.1.sdk/usr/include/net.modulemap
/Applications/Xcode.app/Contents/Developer/Platforms/MacOSX.platform/Developer/SDKs/MacOSX26.1.sdk/usr/include/netinet.modulemap
/Applications/Xcode.app/Contents/Developer/Platforms/MacOSX.platform/Developer/SDKs/MacOSX26.1.sdk/usr/include/bank.modulemap
/Applications/Xcode.app/Contents/Developer/Platforms/MacOSX.platform/Developer/SDKs/MacOSX26.1.sdk/usr/include/Darwin_Mach.modulemap
/Applications/Xcode.app/Contents/Developer/Platforms/MacOSX.platform/Developer/SDKs/MacOSX26.1.sdk/usr/include/Darwin_Mach_machine.modulemap
/Applications/Xcode.app/Contents/Developer/Platforms/MacOSX.platform/Developer/SDKs/MacOSX26.1.sdk/usr/include/mach_debug.modulemap
/Applications/Xcode.app/Contents/Developer/Platforms/MacOSX.platform/Developer/SDKs/MacOSX26.1.sdk/usr/include/device.modulemap
/Applications/Xcode.app/Contents/Developer/Platforms/MacOSX.platform/Developer/SDKs/MacOSX26.1.sdk/usr/include/Darwin_machine.modulemap
/Applications/Xcode.app/Contents/Developer/Platforms/MacOSX.platform/Developer/SDKs/MacOSX26.1.sdk/usr/include/ncurses.modulemap
/Applications/Xcode.app/Contents/Developer/Platforms/MacOSX.platform/Developer/SDKs/MacOSX26.1.sdk/usr/include/netinet6.modulemap
/Applications/Xcode.app/Contents/Developer/Platforms/MacOSX.platform/Developer/SDKs/MacOSX26.1.sdk/usr/include/Darwin_sys.modulemap
/Applications/Xcode.app/Contents/Developer/Platforms/MacOSX.platform/Developer/SDKs/MacOSX26.1.sdk/usr/include/uuid.modulemap
/Applications/Xcode.app/Contents/Developer/Platforms/MacOSX.platform/Developer/SDKs/MacOSX26.1.sdk/usr/include/DarwinFoundation2.modulemap
/Applications/Xcode.app/Contents/Developer/Platforms/MacOSX.platform/Developer/SDKs/MacOSX26.1.sdk/usr/include/DarwinFoundation1.modulemap
/Applications/Xcode.app/Contents/Developer/Platforms/MacOSX.platform/Developer/SDKs/MacOSX26.1.sdk/System/Library/Frameworks/IOKit.framework/Headers/IOMapTypes.h
/Applications/Xcode.app/Contents/Developer/Platforms/MacOSX.platform/Developer/SDKs/MacOSX26.1.sdk/System/Library/Frameworks/IOKit.framework/Headers/IOTypes.h
/Applications/Xcode.app/Contents/Developer/Toolchains/XcodeDefault.xctoolchain/usr/lib/swift/clang/include/module.modulemap
/Applications/Xcode.app/Contents/Developer/Platforms/MacOSX.platform/Developer/SDKs/MacOSX26.1.sdk/System/Library/Frameworks/IOKit.framework/Headers/IOKitKeys.h
/Applications/Xcode.app/Contents/Developer/Platforms/MacOSX.platform/Developer/SDKs/MacOSX26.1.sdk/System/Library/Frameworks/IOKit.framework/Headers/OSMessageNotification.h
/Applications/Xcode.app/Contents/Developer/Platforms/MacOSX.platform/Developer/SDKs/MacOSX26.1.sdk/System/Library/Frameworks/IOKit.framework/Headers/IOKitLib.h
/Applications/Xcode.app/Contents/Developer/Platforms/MacOSX.platform/Developer/SDKs/MacOSX26.1.sdk/System/Library/Frameworks/CoreFoundation.framework/Modules/module.modulemap
/Applications/Xcode.app/Contents/Developer/Platforms/MacOSX.platform/Developer/SDKs/MacOSX26.1.sdk/System/Library/Frameworks/IOKit.framework/Headers/IOBSD.h
/Applications/Xcode.app/Contents/Developer/Platforms/MacOSX.platform/Developer/SDKs/MacOSX26.1.sdk/System/Library/Frameworks/IOKit.framework/Headers/IODataQueueClient.h
/Applications/Xcode.app/Contents/Developer/Platforms/MacOSX.platform/Developer/SDKs/MacOSX26.1.sdk/System/Library/Frameworks/IOKit.framework/Headers/IODataQueueShared.h
/Applications/Xcode.app/Contents/Developer/Platforms/MacOSX.platform/Developer/SDKs/MacOSX26.1.sdk/System/Library/Frameworks/IOKit.framework/Headers/IOCFBundle.h
/Applications/Xcode.app/Contents/Developer/Platforms/MacOSX.platform/Developer/SDKs/MacOSX26.1.sdk/System/Library/Frameworks/IOKit.framework/Headers/IOSharedLock.h
/Applications/Xcode.app/Contents/Developer/Platforms/MacOSX.platform/Developer/SDKs/MacOSX26.1.sdk/System/Library/Frameworks/IOKit.framework/Headers/IOCFPlugIn.h
/Applications/Xcode.app/Contents/Developer/Platforms/MacOSX.platform/Developer/SDKs/MacOSX26.1.sdk/System/Library/Frameworks/IOKit.framework/Headers/IOCFSerialize.h
/Applications/Xcode.app/Contents/Developer/Platforms/MacOSX.platform/Developer/SDKs/MacOSX26.1.sdk/System/Library/Frameworks/IOKit.framework/Headers/IOCFURLAccess.h
/Applications/Xcode.app/Contents/Developer/Platforms/MacOSX.platform/Developer/SDKs/MacOSX26.1.sdk/System/Library/Frameworks/IOKit.framework/Headers/IOKitServer.h
/Applications/Xcode.app/Contents/Developer/Platforms/MacOSX.platform/Developer/SDKs/MacOSX26.1.sdk/System/Library/Frameworks/IOKit.framework/Headers/IOCFUnserialize.h
/Applications/Xcode.app/Contents/Developer/Platforms/MacOSX.platform/Developer/SDKs/MacOSX26.1.sdk/System/Library/Frameworks/IOKit.framework/Headers/IOMessage.h
/Applications/Xcode.app/Contents/Developer/Platforms/MacOSX.platform/Developer/SDKs/MacOSX26.1.sdk/System/Library/Frameworks/IOKit.framework/Headers/IORPC.h
/Applications/Xcode.app/Contents/Developer/Platforms/MacOSX.platform/Developer/SDKs/MacOSX26.1.sdk/System/Library/Frameworks/IOKit.framework/Headers/IOUserServer.h
/Applications/Xcode.app/Contents/Developer/Platforms/MacOSX.platform/Developer/SDKs/MacOSX26.1.sdk/System/Library/Frameworks/IOKit.framework/Headers/audio/IOAudioDefines.h
/Applications/Xcode.app/Contents/Developer/Platforms/MacOSX.platform/Developer/SDKs/MacOSX26.1.sdk/System/Library/Frameworks/IOKit.framework/Headers/audio/IOAudioLib.h
/Applications/Xcode.app/Contents/Developer/Platforms/MacOSX.platform/Developer/SDKs/MacOSX26.1.sdk/System/Library/Frameworks/IOKit.framework/Headers/audio/IOAudioTypes.h
/Applications/Xcode.app/Contents/Developer/Platforms/MacOSX.platform/Developer/SDKs/MacOSX26.1.sdk/System/Library/Frameworks/IOKit.framework/Headers/avc/IOFireWireAVCConsts.h
/Applications/Xcode.app/Contents/Developer/Platforms/MacOSX.platform/Developer/SDKs/MacOSX26.1.sdk/System/Library/Frameworks/IOKit.framework/Headers/avc/IOFireWireAVCLib.h
/Applications/Xcode.app/Contents/Developer/Platforms/MacOSX.platform/Developer/SDKs/MacOSX26.1.sdk/System/Library/Frameworks/IOKit.framework/Headers/firewire/IOFireWireFamilyCommon.h
/Applications/Xcode.app/Contents/Developer/Platforms/MacOSX.platform/Developer/SDKs/MacOSX26.1.sdk/System/Library/Frameworks/IOKit.framework/Headers/firewire/IOFireWireLib.h
/Applications/Xcode.app/Contents/Developer/Platforms/MacOSX.platform/Developer/SDKs/MacOSX26.1.sdk/System/Library/Frameworks/IOKit.framework/Headers/firewire/IOFireWireLibIsoch.h
/Applications/Xcode.app/Contents/Developer/Platforms/MacOSX.platform/Developer/SDKs/MacOSX26.1.sdk/System/Library/Frameworks/IOKit.framework/Headers/graphics/IOAccelClientConnect.h
/Applications/Xcode.app/Contents/Developer/Platforms/MacOSX.platform/Developer/SDKs/MacOSX26.1.sdk/System/Library/Frameworks/IOKit.framework/Headers/graphics/IOGraphicsInterface.h
/Applications/Xcode.app/Contents/Developer/Platforms/MacOSX.platform/Developer/SDKs/MacOSX26.1.sdk/System/Library/Frameworks/IOKit.framework/Headers/graphics/IOGraphicsInterfaceTypes.h
/Applications/Xcode.app/Contents/Developer/Platforms/MacOSX.platform/Developer/SDKs/MacOSX26.1.sdk/System/Library/Frameworks/IOKit.framework/Headers/graphics/IOAccelSurfaceConnect.h
/Applications/Xcode.app/Contents/Developer/Platforms/MacOSX.platform/Developer/SDKs/MacOSX26.1.sdk/System/Library/Frameworks/IOKit.framework/Headers/graphics/IOAccelTypes.h
/Applications/Xcode.app/Contents/Developer/Platforms/MacOSX.platform/Developer/SDKs/MacOSX26.1.sdk/System/Library/Frameworks/IOKit.framework/Headers/graphics/IOGraphicsLib.h
/Applications/Xcode.app/Contents/Developer/Platforms/MacOSX.platform/Developer/SDKs/MacOSX26.1.sdk/System/Library/Frameworks/IOKit.framework/Headers/graphics/IOFramebufferShared.h
/Applications/Xcode.app/Contents/Developer/Platforms/MacOSX.platform/Developer/SDKs/MacOSX26.1.sdk/System/Library/Frameworks/IOKit.framework/Headers/hidsystem/IOHIDTypes.h
/Applications/Xcode.app/Contents/Developer/Platforms/MacOSX.platform/Developer/SDKs/MacOSX26.1.sdk/System/Library/Frameworks/IOKit.framework/Headers/graphics/IOGraphicsTypes.h
/Applications/Xcode.app/Contents/Developer/Platforms/MacOSX.platform/Developer/SDKs/MacOSX26.1.sdk/System/Library/Frameworks/IOKit.framework/Headers/graphics/IOGraphicsEngine.h
/Applications/Xcode.app/Contents/Developer/Platforms/MacOSX.platform/Developer/SDKs/MacOSX26.1.sdk/System/Library/Frameworks/IOKit.framework/Headers/hid/IOHIDBase.h
/Applications/Xcode.app/Contents/Developer/Platforms/MacOSX.platform/Developer/SDKs/MacOSX26.1.sdk/System/Library/Frameworks/IOKit.framework/Headers/hid/IOHIDKeys.h
/Applications/Xcode.app/Contents/Developer/Platforms/MacOSX.platform/Developer/SDKs/MacOSX26.1.sdk/System/Library/Frameworks/IOKit.framework/Headers/hidsystem/IOHIDParameter.h
/Applications/Xcode.app/Contents/Developer/Platforms/MacOSX.platform/Developer/SDKs/MacOSX26.1.sdk/System/Library/Frameworks/IOKit.framework/Headers/hidsystem/IOLLEvent.h
/Applications/Xcode.app/Contents/Developer/Platforms/MacOSX.platform/Developer/SDKs/MacOSX26.1.sdk/System/Library/Frameworks/IOKit.framework/Headers/hid/IOHIDProperties.h
/Applications/Xcode.app/Contents/Developer/Platforms/MacOSX.platform/Developer/SDKs/MacOSX26.1.sdk/System/Library/Frameworks/IOKit.framework/Headers/hid/IOHIDEventServiceKeys.h
/Applications/Xcode.app/Contents/Developer/Platforms/MacOSX.platform/Developer/SDKs/MacOSX26.1.sdk/System/Library/Frameworks/IOKit.framework/Headers/hid/IOHIDDeviceTypes.h
/Applications/Xcode.app/Contents/Developer/Platforms/MacOSX.platform/Developer/SDKs/MacOSX26.1.sdk/System/Library/Frameworks/IOKit.framework/Headers/hid/IOHIDDeviceKeys.h
/Applications/Xcode.app/Contents/Developer/Platforms/MacOSX.platform/Developer/SDKs/MacOSX26.1.sdk/System/Library/Frameworks/IOKit.framework/Headers/hid/IOHIDQueue.h
/Applications/Xcode.app/Contents/Developer/Platforms/MacOSX.platform/Developer/SDKs/MacOSX26.1.sdk/System/Library/Frameworks/IOKit.framework/Headers/hid/IOHIDDevice.h
/Applications/Xcode.app/Contents/Developer/Platforms/MacOSX.platform/Developer/SDKs/MacOSX26.1.sdk/System/Library/Frameworks/IOKit.framework/Headers/hid/IOHIDLib.h
/Applications/Xcode.app/Contents/Developer/Platforms/MacOSX.platform/Developer/SDKs/MacOSX26.1.sdk/System/Library/Frameworks/IOKit.framework/Headers/hid/IOHIDElement.h
/Applications/Xcode.app/Contents/Developer/Platforms/MacOSX.platform/Developer/SDKs/MacOSX26.1.sdk/System/Library/Frameworks/IOKit.framework/Headers/hid/IOHIDLibObsolete.h
/Applications/Xcode.app/Contents/Developer/Platforms/MacOSX.platform/Developer/SDKs/MacOSX26.1.sdk/System/Library/Frameworks/IOKit.framework/Headers/hid/IOHIDManager.h
/Applications/Xcode.app/Contents/Developer/Platforms/MacOSX.platform/Developer/SDKs/MacOSX26.1.sdk/System/Library/Frameworks/IOKit.framework/Headers/hid/IOHIDUsageTables.h
/Applications/Xcode.app/Contents/Developer/Platforms/MacOSX.platform/Developer/SDKs/MacOSX26.1.sdk/System/Library/Frameworks/IOKit.framework/Headers/hid/IOHIDValue.h
/Applications/Xcode.app/Contents/Developer/Platforms/MacOSX.platform/Developer/SDKs/MacOSX26.1.sdk/System/Library/Frameworks/IOKit.framework/Headers/hid/IOHIDTransaction.h
/Applications/Xcode.app/Contents/Developer/Platforms/MacOSX.platform/Developer/SDKs/MacOSX26.1.sdk/System/Library/Frameworks/IOKit.framework/Headers/hid/IOHIDDevicePlugIn.h
/Applications/Xcode.app/Contents/Developer/Platforms/MacOSX.platform/Developer/SDKs/MacOSX26.1.sdk/System/Library/Frameworks/IOKit.framework/Headers/hid/IOHIDEventServiceTypes.h
/Applications/Xcode.app/Contents/Developer/Platforms/MacOSX.platform/Developer/SDKs/MacOSX26.1.sdk/System/Library/Frameworks/IOKit.framework/Headers/hidsystem/IOHIDLib.h
/Applications/Xcode.app/Contents/Developer/Platforms/MacOSX.platform/Developer/SDKs/MacOSX26.1.sdk/System/Library/Frameworks/IOKit.framework/Headers/hidsystem/IOHIDShared.h
/Applications/Xcode.app/Contents/Developer/Platforms/MacOSX.platform/Developer/SDKs/MacOSX26.1.sdk/System/Library/Frameworks/IOKit.framework/Headers/hidsystem/event_status_driver.h
/Applications/Xcode.app/Contents/Developer/Platforms/MacOSX.platform/Developer/SDKs/MacOSX26.1.sdk/System/Library/Frameworks/IOKit.framework/Headers/hidsystem/ev_keymap.h
/Applications/Xcode.app/Contents/Developer/Platforms/MacOSX.platform/Developer/SDKs/MacOSX26.1.sdk/System/Library/Frameworks/IOKit.framework/Headers/hidsystem/IOHIDEventSystemClient.h
/Applications/Xcode.app/Contents/Developer/Platforms/MacOSX.platform/Developer/SDKs/MacOSX26.1.sdk/System/Library/Frameworks/IOKit.framework/Headers/hidsystem/IOHIDServiceClient.h
/Applications/Xcode.app/Contents/Developer/Platforms/MacOSX.platform/Developer/SDKs/MacOSX26.1.sdk/System/Library/Frameworks/IOKit.framework/Headers/hidsystem/IOHIDUserDevice.h
/Applications/Xcode.app/Contents/Developer/Platforms/MacOSX.platform/Developer/SDKs/MacOSX26.1.sdk/System/Library/Frameworks/IOKit.framework/Headers/i2c/IOI2CInterface.h
/Applications/Xcode.app/Contents/Developer/Platforms/MacOSX.platform/Developer/SDKs/MacOSX26.1.sdk/System/Library/Frameworks/IOKit.framework/Headers/kext/KextManager.h
/Applications/Xcode.app/Contents/Developer/Platforms/MacOSX.platform/Developer/SDKs/MacOSX26.1.sdk/System/Library/Frameworks/IOKit.framework/Headers/network/IOEthernetController.h
/Applications/Xcode.app/Contents/Developer/Platforms/MacOSX.platform/Developer/SDKs/MacOSX26.1.sdk/System/Library/Frameworks/IOKit.framework/Headers/network/IONetworkController.h
/Applications/Xcode.app/Contents/Developer/Platforms/MacOSX.platform/Developer/SDKs/MacOSX26.1.sdk/System/Library/Frameworks/IOKit.framework/Headers/network/IONetworkData.h
/Applications/Xcode.app/Contents/Developer/Platforms/MacOSX.platform/Developer/SDKs/MacOSX26.1.sdk/System/Library/Frameworks/IOKit.framework/Headers/network/IONetworkStack.h
/Applications/Xcode.app/Contents/Developer/Platforms/MacOSX.platform/Developer/SDKs/MacOSX26.1.sdk/System/Library/Frameworks/IOKit.framework/Headers/network/IOEthernetInterface.h
/Applications/Xcode.app/Contents/Developer/Platforms/MacOSX.platform/Developer/SDKs/MacOSX26.1.sdk/System/Library/Frameworks/IOKit.framework/Headers/network/IONetworkInterface.h
/Applications/Xcode.app/Contents/Developer/Platforms/MacOSX.platform/Developer/SDKs/MacOSX26.1.sdk/System/Library/Frameworks/IOKit.framework/Headers/network/IONetworkStats.h
/Applications/Xcode.app/Contents/Developer/Platforms/MacOSX.platform/Developer/SDKs/MacOSX26.1.sdk/System/Library/Frameworks/IOKit.framework/Headers/network/IOEthernetStats.h
/Applications/Xcode.app/Contents/Developer/Platforms/MacOSX.platform/Developer/SDKs/MacOSX26.1.sdk/System/Library/Frameworks/IOKit.framework/Headers/network/IONetworkLib.h
/Applications/Xcode.app/Contents/Developer/Platforms/MacOSX.platform/Developer/SDKs/MacOSX26.1.sdk/System/Library/Frameworks/IOKit.framework/Headers/network/IONetworkMedium.h
/Applications/Xcode.app/Contents/Developer/Platforms/MacOSX.platform/Developer/SDKs/MacOSX26.1.sdk/System/Library/Frameworks/IOKit.framework/Headers/network/IONetworkUserClient.h
/Applications/Xcode.app/Contents/Developer/Platforms/MacOSX.platform/Developer/SDKs/MacOSX26.1.sdk/System/Library/Frameworks/IOKit.framework/Headers/ps/IOPSKeys.h
/Applications/Xcode.app/Contents/Developer/Platforms/MacOSX.platform/Developer/SDKs/MacOSX26.1.sdk/System/Library/Frameworks/IOKit.framework/Headers/ps/IOPowerSources.h
/Applications/Xcode.app/Contents/Developer/Platforms/MacOSX.platform/Developer/SDKs/MacOSX26.1.sdk/System/Library/Frameworks/IOKit.framework/Headers/ps/IOUPSPlugIn.h
/Applications/Xcode.app/Contents/Developer/Platforms/MacOSX.platform/Developer/SDKs/MacOSX26.1.sdk/System/Library/Frameworks/IOKit.framework/Headers/pwr_mgt/IOPM.h
/Applications/Xcode.app/Contents/Developer/Platforms/MacOSX.platform/Developer/SDKs/MacOSX26.1.sdk/System/Library/Frameworks/IOKit.framework/Headers/pwr_mgt/IOPMKeys.h
/Applications/Xcode.app/Contents/Developer/Platforms/MacOSX.platform/Developer/SDKs/MacOSX26.1.sdk/System/Library/Frameworks/IOKit.framework/Headers/pwr_mgt/IOPMLib.h
/Applications/Xcode.app/Contents/Developer/Platforms/MacOSX.platform/Developer/SDKs/MacOSX26.1.sdk/System/Library/Frameworks/IOKit.framework/Headers/pwr_mgt/IOPMLibDefs.h
/Applications/Xcode.app/Contents/Developer/Platforms/MacOSX.platform/Developer/SDKs/MacOSX26.1.sdk/System/Library/Frameworks/IOKit.framework/Headers/sbp2/IOFireWireSBP2Lib.h
/Applications/Xcode.app/Contents/Developer/Platforms/MacOSX.platform/Developer/SDKs/MacOSX26.1.sdk/System/Library/Frameworks/IOKit.framework/Headers/scsi/IOSCSIMultimediaCommandsDevice.h
/Applications/Xcode.app/Contents/Developer/Platforms/MacOSX.platform/Developer/SDKs/MacOSX26.1.sdk/System/Library/Frameworks/IOKit.framework/Headers/storage/IOStorageDeviceCharacteristics.h
/Applications/Xcode.app/Contents/Developer/Platforms/MacOSX.platform/Developer/SDKs/MacOSX26.1.sdk/System/Library/Frameworks/IOKit.framework/Headers/storage/IOStorageProtocolCharacteristics.h
/Applications/Xcode.app/Contents/Developer/Platforms/MacOSX.platform/Developer/SDKs/MacOSX26.1.sdk/System/Library/Frameworks/IOKit.framework/Headers/storage/IOStorageControllerCharacteristics.h
/Applications/Xcode.app/Contents/Developer/Platforms/MacOSX.platform/Developer/SDKs/MacOSX26.1.sdk/System/Library/Frameworks/IOKit.framework/Headers/scsi/SCSICmds_REQUEST_SENSE_Defs.h
/Applications/Xcode.app/Contents/Developer/Platforms/MacOSX.platform/Developer/SDKs/MacOSX26.1.sdk/System/Library/Frameworks/IOKit.framework/Headers/scsi/SCSICmds_INQUIRY_Definitions.h
/Applications/Xcode.app/Contents/Developer/Platforms/MacOSX.platform/Developer/SDKs/MacOSX26.1.sdk/System/Library/Frameworks/IOKit.framework/Headers/scsi/SCSICommandDefinitions.h
/Applications/Xcode.app/Contents/Developer/Platforms/MacOSX.platform/Developer/SDKs/MacOSX26.1.sdk/System/Library/Frameworks/IOKit.framework/Headers/scsi/SCSICmds_MODE_Definitions.h
/Applications/Xcode.app/Contents/Developer/Platforms/MacOSX.platform/Developer/SDKs/MacOSX26.1.sdk/System/Library/Frameworks/IOKit.framework/Headers/scsi/SCSICommandOperationCodes.h
/Applications/Xcode.app/Contents/Developer/Platforms/MacOSX.platform/Developer/SDKs/MacOSX26.1.sdk/System/Library/Frameworks/IOKit.framework/Headers/scsi/SCSICmds_READ_CAPACITY_Definitions.h
/Applications/Xcode.app/Contents/Developer/Platforms/MacOSX.platform/Developer/SDKs/MacOSX26.1.sdk/System/Library/Frameworks/IOKit.framework/Headers/scsi/SCSITask.h
/Applications/Xcode.app/Contents/Developer/Platforms/MacOSX.platform/Developer/SDKs/MacOSX26.1.sdk/System/Library/Frameworks/IOKit.framework/Headers/scsi/SCSICmds_REPORT_LUNS_Definitions.h
/Applications/Xcode.app/Contents/Developer/Platforms/MacOSX.platform/Developer/SDKs/MacOSX26.1.sdk/System/Library/Frameworks/IOKit.framework/Headers/scsi/SCSITaskLib.h
/Applications/Xcode.app/Contents/Developer/Platforms/MacOSX.platform/Developer/SDKs/MacOSX26.1.sdk/System/Library/Frameworks/IOKit.framework/Headers/serial/IOSerialKeys.h
/Applications/Xcode.app/Contents/Developer/Platforms/MacOSX.platform/Developer/SDKs/MacOSX26.1.sdk/System/Library/Frameworks/IOKit.framework/Headers/serial/ioss.h
/Applications/Xcode.app/Contents/Developer/Platforms/MacOSX.platform/Developer/SDKs/MacOSX26.1.sdk/System/Library/Frameworks/IOKit.framework/Headers/storage/IOAppleLabelScheme.h
/Applications/Xcode.app/Contents/Developer/Platforms/MacOSX.platform/Developer/SDKs/MacOSX26.1.sdk/System/Library/Frameworks/IOKit.framework/Headers/storage/IODVDMediaBSDClient.h
/Applications/Xcode.app/Contents/Developer/Platforms/MacOSX.platform/Developer/SDKs/MacOSX26.1.sdk/System/Library/Frameworks/IOKit.framework/Headers/storage/IODVDTypes.h
/Applications/Xcode.app/Contents/Developer/Platforms/MacOSX.platform/Developer/SDKs/MacOSX26.1.sdk/System/Library/Frameworks/IOKit.framework/Headers/storage/IOApplePartitionScheme.h
/Applications/Xcode.app/Contents/Developer/Platforms/MacOSX.platform/Developer/SDKs/MacOSX26.1.sdk/System/Library/Frameworks/IOKit.framework/Headers/storage/IOBDBlockStorageDevice.h
/Applications/Xcode.app/Contents/Developer/Platforms/MacOSX.platform/Developer/SDKs/MacOSX26.1.sdk/System/Library/Frameworks/IOKit.framework/Headers/storage/IOBDTypes.h
/Applications/Xcode.app/Contents/Developer/Platforms/MacOSX.platform/Developer/SDKs/MacOSX26.1.sdk/System/Library/Frameworks/IOKit.framework/Headers/storage/IOFDiskPartitionScheme.h
/Applications/Xcode.app/Contents/Developer/Platforms/MacOSX.platform/Developer/SDKs/MacOSX26.1.sdk/System/Library/Frameworks/IOKit.framework/Headers/storage/IOBDMedia.h
/Applications/Xcode.app/Contents/Developer/Platforms/MacOSX.platform/Developer/SDKs/MacOSX26.1.sdk/System/Library/Frameworks/IOKit.framework/Headers/storage/IOFilterScheme.h
/Applications/Xcode.app/Contents/Developer/Platforms/MacOSX.platform/Developer/SDKs/MacOSX26.1.sdk/System/Library/Frameworks/IOKit.framework/Headers/storage/IOBDMediaBSDClient.h
/Applications/Xcode.app/Contents/Developer/Platforms/MacOSX.platform/Developer/SDKs/MacOSX26.1.sdk/System/Library/Frameworks/IOKit.framework/Headers/storage/IOFireWireStorageCharacteristics.h
/Applications/Xcode.app/Contents/Developer/Platforms/MacOSX.platform/Developer/SDKs/MacOSX26.1.sdk/System/Library/Frameworks/IOKit.framework/Headers/storage/IOGUIDPartitionScheme.h
/Applications/Xcode.app/Contents/Developer/Platforms/MacOSX.platform/Developer/SDKs/MacOSX26.1.sdk/System/Library/Frameworks/IOKit.framework/Headers/storage/IOBlockStorageDevice.h
/Applications/Xcode.app/Contents/Developer/Platforms/MacOSX.platform/Developer/SDKs/MacOSX26.1.sdk/System/Library/Frameworks/IOKit.framework/Headers/storage/IOMedia.h
/Applications/Xcode.app/Contents/Developer/Platforms/MacOSX.platform/Developer/SDKs/MacOSX26.1.sdk/System/Library/Frameworks/IOKit.framework/Headers/storage/IOBlockStorageDriver.h
/Applications/Xcode.app/Contents/Developer/Platforms/MacOSX.platform/Developer/SDKs/MacOSX26.1.sdk/System/Library/Frameworks/IOKit.framework/Headers/storage/IOMediaBSDClient.h
/Applications/Xcode.app/Contents/Developer/Platforms/MacOSX.platform/Developer/SDKs/MacOSX26.1.sdk/System/Library/Frameworks/IOKit.framework/Headers/storage/IOCDBlockStorageDevice.h
/Applications/Xcode.app/Contents/Developer/Platforms/MacOSX.platform/Developer/SDKs/MacOSX26.1.sdk/System/Library/Frameworks/IOKit.framework/Headers/storage/IOCDTypes.h
/Applications/Xcode.app/Contents/Developer/Platforms/MacOSX.platform/Developer/SDKs/MacOSX26.1.sdk/System/Library/Frameworks/IOKit.framework/Headers/storage/IOPartitionScheme.h
/Applications/Xcode.app/Contents/Developer/Platforms/MacOSX.platform/Developer/SDKs/MacOSX26.1.sdk/System/Library/Frameworks/IOKit.framework/Headers/storage/IOCDMedia.h
/Applications/Xcode.app/Contents/Developer/Platforms/MacOSX.platform/Developer/SDKs/MacOSX26.1.sdk/System/Library/Frameworks/IOKit.framework/Headers/storage/IOStorage.h
/Applications/Xcode.app/Contents/Developer/Platforms/MacOSX.platform/Developer/SDKs/MacOSX26.1.sdk/System/Library/Frameworks/IOKit.framework/Headers/storage/IOCDMediaBSDClient.h
/Applications/Xcode.app/Contents/Developer/Platforms/MacOSX.platform/Developer/SDKs/MacOSX26.1.sdk/System/Library/Frameworks/IOKit.framework/Headers/storage/IOStorageCardCharacteristics.h
/Applications/Xcode.app/Contents/Developer/Platforms/MacOSX.platform/Developer/SDKs/MacOSX26.1.sdk/System/Library/Frameworks/IOKit.framework/Headers/storage/IOCDPartitionScheme.h
/Applications/Xcode.app/Contents/Developer/Platforms/MacOSX.platform/Developer/SDKs/MacOSX26.1.sdk/System/Library/Frameworks/IOKit.framework/Headers/storage/IODVDBlockStorageDevice.h
/Applications/Xcode.app/Contents/Developer/Platforms/MacOSX.platform/Developer/SDKs/MacOSX26.1.sdk/System/Library/Frameworks/IOKit.framework/Headers/storage/IODVDMedia.h
/Applications/Xcode.app/Contents/Developer/Platforms/MacOSX.platform/Developer/SDKs/MacOSX26.1.sdk/System/Library/Frameworks/IOKit.framework/Headers/storage/ata/ATASMARTLib.h
/Applications/Xcode.app/Contents/Developer/Platforms/MacOSX.platform/Developer/SDKs/MacOSX26.1.sdk/System/Library/Frameworks/IOKit.framework/Headers/storage/ata/IOATAStorageDefines.h
/Applications/Xcode.app/Contents/Developer/Platforms/MacOSX.platform/Developer/SDKs/MacOSX26.1.sdk/System/Library/Frameworks/IOKit.framework/Headers/stream/IOStreamLib.h
/Applications/Xcode.app/Contents/Developer/Platforms/MacOSX.platform/Developer/SDKs/MacOSX26.1.sdk/System/Library/Frameworks/IOKit.framework/Headers/stream/IOStreamShared.h
/Applications/Xcode.app/Contents/Developer/Platforms/MacOSX.platform/Developer/SDKs/MacOSX26.1.sdk/System/Library/Frameworks/IOKit.framework/Headers/usb/AppleUSBDefinitions.h
/Applications/Xcode.app/Contents/Developer/Platforms/MacOSX.platform/Developer/SDKs/MacOSX26.1.sdk/System/Library/Frameworks/IOKit.framework/Headers/usb/IOUSBHostFamilyDefinitions.h
/Applications/Xcode.app/Contents/Developer/Platforms/MacOSX.platform/Developer/SDKs/MacOSX26.1.sdk/System/Library/Frameworks/IOKit.framework/Headers/usb/IOUSBLib.h
/Applications/Xcode.app/Contents/Developer/Platforms/MacOSX.platform/Developer/SDKs/MacOSX26.1.sdk/System/Library/Frameworks/IOKit.framework/Headers/usb/USB.h
/Applications/Xcode.app/Contents/Developer/Platforms/MacOSX.platform/Developer/SDKs/MacOSX26.1.sdk/System/Library/Frameworks/IOKit.framework/Headers/usb/USBSpec.h
/Applications/Xcode.app/Contents/Developer/Platforms/MacOSX.platform/Developer/SDKs/MacOSX26.1.sdk/SDKSettings.json
/Applications/Xcode.app/Contents/Developer/Toolchains/XcodeDefault.xctoolchain/usr/lib/swift/macosx/prebuilt-modules/26.1/IOKit.swiftmodule/arm64e-apple-macos.swiftmodule
/Applications/Xcode.app/Contents/Developer/Platforms/MacOSX.platform/Developer/SDKs/MacOSX26.1.sdk/System/Library/Frameworks/IOSurface.framework/Modules/module.modulemap
/Applications/Xcode.app/Contents/Developer/Platforms/MacOSX.platform/Developer/SDKs/MacOSX26.1.sdk/System/Library/Frameworks/IOSurface.framework/Headers/IOSurface.h
/Applications/Xcode.app/Contents/Developer/Platforms/MacOSX.platform/Developer/SDKs/MacOSX26.1.sdk/System/Library/Frameworks/IOSurface.framework/Headers/IOSurfaceBase.h
/Applications/Xcode.app/Contents/Developer/Platforms/MacOSX.platform/Developer/SDKs/MacOSX26.1.sdk/usr/include/xpc.modulemap
/Applications/Xcode.app/Contents/Developer/Platforms/MacOSX.platform/Developer/SDKs/MacOSX26.1.sdk/usr/include/Darwin.modulemap
/Applications/Xcode.app/Contents/Developer/Platforms/MacOSX.platform/Developer/SDKs/MacOSX26.1.sdk/usr/include/Darwin_C.modulemap
/Applications/Xcode.app/Contents/Developer/Platforms/MacOSX.platform/Developer/SDKs/MacOSX26.1.sdk/usr/include/Darwin_POSIX.modulemap
/Applications/Xcode.app/Contents/Developer/Platforms/MacOSX.platform/Developer/SDKs/MacOSX26.1.sdk/usr/include/net.modulemap
/Applications/Xcode.app/Contents/Developer/Platforms/MacOSX.platform/Developer/SDKs/MacOSX26.1.sdk/usr/include/netinet.modulemap
/Applications/Xcode.app/Contents/Developer/Platforms/MacOSX.platform/Developer/SDKs/MacOSX26.1.sdk/usr/include/bank.modulemap
/Applications/Xcode.app/Contents/Developer/Platforms/MacOSX.platform/Developer/SDKs/MacOSX26.1.sdk/usr/include/Darwin_Mach.modulemap
/Applications/Xcode.app/Contents/Developer/Platforms/MacOSX.platform/Developer/SDKs/MacOSX26.1.sdk/usr/include/Darwin_Mach_machine.modulemap
/Applications/Xcode.app/Contents/Developer/Platforms/MacOSX.platform/Developer/SDKs/MacOSX26.1.sdk/usr/include/mach_debug.modulemap
/Applications/Xcode.app/Contents/Developer/Platforms/MacOSX.platform/Developer/SDKs/MacOSX26.1.sdk/usr/include/device.modulemap
/Applications/Xcode.app/Contents/Developer/Platforms/MacOSX.platform/Developer/SDKs/MacOSX26.1.sdk/usr/include/Darwin_machine.modulemap
/Applications/Xcode.app/Contents/Developer/Platforms/MacOSX.platform/Developer/SDKs/MacOSX26.1.sdk/usr/include/ncurses.modulemap
/Applications/Xcode.app/Contents/Developer/Platforms/MacOSX.platform/Developer/SDKs/MacOSX26.1.sdk/usr/include/netinet6.modulemap
/Applications/Xcode.app/Contents/Developer/Platforms/MacOSX.platform/Developer/SDKs/MacOSX26.1.sdk/usr/include/Darwin_sys.modulemap
/Applications/Xcode.app/Contents/Developer/Platforms/MacOSX.platform/Developer/SDKs/MacOSX26.1.sdk/usr/include/uuid.modulemap
/Applications/Xcode.app/Contents/Developer/Platforms/MacOSX.platform/Developer/SDKs/MacOSX26.1.sdk/usr/include/DarwinFoundation1.modulemap
/Applications/Xcode.app/Contents/Developer/Platforms/MacOSX.platform/Developer/SDKs/MacOSX26.1.sdk/System/Library/Frameworks/CoreFoundation.framework/Modules/module.modulemap
/Applications/Xcode.app/Contents/Developer/Platforms/MacOSX.platform/Developer/SDKs/MacOSX26.1.sdk/System/Library/Frameworks/IOSurface.framework/Headers/IOSurfaceAPI.h
/Applications/Xcode.app/Contents/Developer/Platforms/MacOSX.platform/Developer/SDKs/MacOSX26.1.sdk/System/Library/Frameworks/IOKit.framework/Modules/module.modulemap
/Applications/Xcode.app/Contents/Developer/Platforms/MacOSX.platform/Developer/SDKs/MacOSX26.1.sdk/System/Library/Frameworks/IOSurface.framework/Headers/IOSurfaceTypes.h
/Applications/Xcode.app/Contents/Developer/Platforms/MacOSX.platform/Developer/SDKs/MacOSX26.1.sdk/System/Library/Frameworks/IOSurface.framework/Headers/IOSurfaceRef.h
/Applications/Xcode.app/Contents/Developer/Platforms/MacOSX.platform/Developer/SDKs/MacOSX26.1.sdk/System/Library/Frameworks/IOSurface.framework/Headers/IOSurfaceObjC.h
/Applications/Xcode.app/Contents/Developer/Platforms/MacOSX.platform/Developer/SDKs/MacOSX26.1.sdk/System/Library/Frameworks/Foundation.framework/Modules/module.modulemap
/Applications/Xcode.app/Contents/Developer/Platforms/MacOSX.platform/Developer/SDKs/MacOSX26.1.sdk/SDKSettings.json
/Applications/Xcode.app/Contents/Developer/Platforms/MacOSX.platform/Developer/SDKs/MacOSX26.1.sdk/System/Library/Frameworks/ImageIO.framework/Modules/module.modulemap
/Applications/Xcode.app/Contents/Developer/Platforms/MacOSX.platform/Developer/SDKs/MacOSX26.1.sdk/System/Library/Frameworks/ImageIO.framework/Headers/ImageIO.h
/Applications/Xcode.app/Contents/Developer/Platforms/MacOSX.platform/Developer/SDKs/MacOSX26.1.sdk/System/Library/Frameworks/ImageIO.framework/Headers/ImageIOBase.h
/Applications/Xcode.app/Contents/Developer/Toolchains/XcodeDefault.xctoolchain/usr/lib/swift/clang/include/module.modulemap
/Applications/Xcode.app/Contents/Developer/Toolchains/XcodeDefault.xctoolchain/usr/lib/swift/clang/include/stddef.h
/Applications/Xcode.app/Contents/Developer/Platforms/MacOSX.platform/Developer/SDKs/MacOSX26.1.sdk/usr/include/DarwinFoundation1.modulemap
/Applications/Xcode.app/Contents/Developer/Platforms/MacOSX.platform/Developer/SDKs/MacOSX26.1.sdk/System/Library/Frameworks/CoreFoundation.framework/Modules/module.modulemap
/Applications/Xcode.app/Contents/Developer/Platforms/MacOSX.platform/Developer/SDKs/MacOSX26.1.sdk/System/Library/Frameworks/ImageIO.framework/Headers/CGImageSource.h
/Applications/Xcode.app/Contents/Developer/Platforms/MacOSX.platform/Developer/SDKs/MacOSX26.1.sdk/System/Library/Frameworks/CoreGraphics.framework/Modules/module.modulemap
/Applications/Xcode.app/Contents/Developer/Platforms/MacOSX.platform/Developer/SDKs/MacOSX26.1.sdk/System/Library/Frameworks/ImageIO.framework/Headers/CGImageMetadata.h
/Applications/Xcode.app/Contents/Developer/Platforms/MacOSX.platform/Developer/SDKs/MacOSX26.1.sdk/System/Library/Frameworks/ImageIO.framework/Headers/CGImageDestination.h
/Applications/Xcode.app/Contents/Developer/Platforms/MacOSX.platform/Developer/SDKs/MacOSX26.1.sdk/System/Library/Frameworks/ImageIO.framework/Headers/CGImageProperties.h
/Applications/Xcode.app/Contents/Developer/Platforms/MacOSX.platform/Developer/SDKs/MacOSX26.1.sdk/System/Library/Frameworks/ImageIO.framework/Headers/CGImageAnimation.h
/Applications/Xcode.app/Contents/Developer/Platforms/MacOSX.platform/Developer/SDKs/MacOSX26.1.sdk/SDKSettings.json
/Applications/Xcode.app/Contents/Developer/Platforms/MacOSX.platform/Developer/SDKs/MacOSX26.1.sdk/System/Library/Frameworks/JavaScriptCore.framework/Modules/module.modulemap
/Applications/Xcode.app/Contents/Developer/Platforms/MacOSX.platform/Developer/SDKs/MacOSX26.1.sdk/System/Library/Frameworks/JavaScriptCore.framework/Headers/JavaScriptCore.h
/Applications/Xcode.app/Contents/Developer/Platforms/MacOSX.platform/Developer/SDKs/MacOSX26.1.sdk/System/Library/Frameworks/JavaScriptCore.framework/Headers/JavaScript.h
/Applications/Xcode.app/Contents/Developer/Platforms/MacOSX.platform/Developer/SDKs/MacOSX26.1.sdk/System/Library/Frameworks/JavaScriptCore.framework/Headers/JSBase.h
/Applications/Xcode.app/Contents/Developer/Toolchains/XcodeDefault.xctoolchain/usr/lib/swift/clang/include/module.modulemap
/Applications/Xcode.app/Contents/Developer/Platforms/MacOSX.platform/Developer/SDKs/MacOSX26.1.sdk/System/Library/Frameworks/Foundation.framework/Modules/module.modulemap
/Applications/Xcode.app/Contents/Developer/Platforms/MacOSX.platform/Developer/SDKs/MacOSX26.1.sdk/System/Library/Frameworks/JavaScriptCore.framework/Headers/JSContextRef.h
/Applications/Xcode.app/Contents/Developer/Platforms/MacOSX.platform/Developer/SDKs/MacOSX26.1.sdk/System/Library/Frameworks/JavaScriptCore.framework/Headers/JSObjectRef.h
/Applications/Xcode.app/Contents/Developer/Platforms/MacOSX.platform/Developer/SDKs/MacOSX26.1.sdk/System/Library/Frameworks/JavaScriptCore.framework/Headers/JSValueRef.h
/Applications/Xcode.app/Contents/Developer/Platforms/MacOSX.platform/Developer/SDKs/MacOSX26.1.sdk/System/Library/Frameworks/JavaScriptCore.framework/Headers/WebKitAvailability.h
/Applications/Xcode.app/Contents/Developer/Platforms/MacOSX.platform/Developer/SDKs/MacOSX26.1.sdk/usr/include/DarwinFoundation1.modulemap
/Applications/Xcode.app/Contents/Developer/Platforms/MacOSX.platform/Developer/SDKs/MacOSX26.1.sdk/System/Library/Frameworks/CoreFoundation.framework/Modules/module.modulemap
/Applications/Xcode.app/Contents/Developer/Toolchains/XcodeDefault.xctoolchain/usr/lib/swift/clang/include/stddef.h
/Applications/Xcode.app/Contents/Developer/Platforms/MacOSX.platform/Developer/SDKs/MacOSX26.1.sdk/System/Library/Frameworks/JavaScriptCore.framework/Headers/JSStringRef.h
/Applications/Xcode.app/Contents/Developer/Platforms/MacOSX.platform/Developer/SDKs/MacOSX26.1.sdk/System/Library/Frameworks/JavaScriptCore.framework/Headers/JSTypedArray.h
/Applications/Xcode.app/Contents/Developer/Platforms/MacOSX.platform/Developer/SDKs/MacOSX26.1.sdk/System/Library/Frameworks/JavaScriptCore.framework/Headers/JSStringRefCF.h
/Applications/Xcode.app/Contents/Developer/Platforms/MacOSX.platform/Developer/SDKs/MacOSX26.1.sdk/System/Library/Frameworks/JavaScriptCore.framework/Headers/JSContext.h
/Applications/Xcode.app/Contents/Developer/Platforms/MacOSX.platform/Developer/SDKs/MacOSX26.1.sdk/System/Library/Frameworks/JavaScriptCore.framework/Headers/JSValue.h
/Applications/Xcode.app/Contents/Developer/Platforms/MacOSX.platform/Developer/SDKs/MacOSX26.1.sdk/System/Library/Frameworks/CoreGraphics.framework/Modules/module.modulemap
/Applications/Xcode.app/Contents/Developer/Platforms/MacOSX.platform/Developer/SDKs/MacOSX26.1.sdk/System/Library/Frameworks/JavaScriptCore.framework/Headers/JSManagedValue.h
/Applications/Xcode.app/Contents/Developer/Platforms/MacOSX.platform/Developer/SDKs/MacOSX26.1.sdk/System/Library/Frameworks/JavaScriptCore.framework/Headers/JSVirtualMachine.h
/Applications/Xcode.app/Contents/Developer/Platforms/MacOSX.platform/Developer/SDKs/MacOSX26.1.sdk/System/Library/Frameworks/JavaScriptCore.framework/Headers/JSExport.h
/Applications/Xcode.app/Contents/Developer/Platforms/MacOSX.platform/Developer/SDKs/MacOSX26.1.sdk/SDKSettings.json
/Applications/Xcode.app/Contents/Developer/Platforms/MacOSX.platform/Developer/SDKs/MacOSX26.1.sdk/System/Library/Frameworks/LocalAuthentication.framework/Headers/LocalAuthentication.apinotes
/Applications/Xcode.app/Contents/Developer/Platforms/MacOSX.platform/Developer/SDKs/MacOSX26.1.sdk/System/Library/Frameworks/LocalAuthentication.framework/Modules/module.modulemap
/Applications/Xcode.app/Contents/Developer/Platforms/MacOSX.platform/Developer/SDKs/MacOSX26.1.sdk/System/Library/Frameworks/LocalAuthentication.framework/Headers/LocalAuthentication.h
/Applications/Xcode.app/Contents/Developer/Platforms/MacOSX.platform/Developer/SDKs/MacOSX26.1.sdk/System/Library/Frameworks/LocalAuthentication.framework/Headers/LABase.h
/Applications/Xcode.app/Contents/Developer/Platforms/MacOSX.platform/Developer/SDKs/MacOSX26.1.sdk/System/Library/Frameworks/LocalAuthentication.framework/Headers/LABiometryType.h
/Applications/Xcode.app/Contents/Developer/Platforms/MacOSX.platform/Developer/SDKs/MacOSX26.1.sdk/System/Library/Frameworks/Foundation.framework/Modules/module.modulemap
/Applications/Xcode.app/Contents/Developer/Platforms/MacOSX.platform/Developer/SDKs/MacOSX26.1.sdk/System/Library/Frameworks/LocalAuthentication.framework/Headers/LAPublicDefines.h
/Applications/Xcode.app/Contents/Developer/Platforms/MacOSX.platform/Developer/SDKs/MacOSX26.1.sdk/System/Library/Frameworks/LocalAuthentication.framework/Headers/LACompanionType.h
/Applications/Xcode.app/Contents/Developer/Platforms/MacOSX.platform/Developer/SDKs/MacOSX26.1.sdk/System/Library/Frameworks/LocalAuthentication.framework/Headers/LAContext.h
/Applications/Xcode.app/Contents/Developer/Platforms/MacOSX.platform/Developer/SDKs/MacOSX26.1.sdk/System/Library/Frameworks/LocalAuthentication.framework/Headers/LADomainState.h
/Applications/Xcode.app/Contents/Developer/Platforms/MacOSX.platform/Developer/SDKs/MacOSX26.1.sdk/System/Library/Frameworks/LocalAuthentication.framework/Headers/LAEnvironment.h
/Applications/Xcode.app/Contents/Developer/Platforms/MacOSX.platform/Developer/SDKs/MacOSX26.1.sdk/System/Library/Frameworks/LocalAuthentication.framework/Headers/LAEnvironmentState.h
/Applications/Xcode.app/Contents/Developer/Platforms/MacOSX.platform/Developer/SDKs/MacOSX26.1.sdk/System/Library/Frameworks/LocalAuthentication.framework/Headers/LAEnvironmentMechanism.h
/Applications/Xcode.app/Contents/Developer/Platforms/MacOSX.platform/Developer/SDKs/MacOSX26.1.sdk/System/Library/Frameworks/LocalAuthentication.framework/Headers/LAEnvironmentMechanismBiometry.h
/Applications/Xcode.app/Contents/Developer/Platforms/MacOSX.platform/Developer/SDKs/MacOSX26.1.sdk/System/Library/Frameworks/LocalAuthentication.framework/Headers/LAEnvironmentMechanismCompanion.h
/Applications/Xcode.app/Contents/Developer/Platforms/MacOSX.platform/Developer/SDKs/MacOSX26.1.sdk/System/Library/Frameworks/LocalAuthentication.framework/Headers/LAEnvironmentMechanismUserPassword.h
/Applications/Xcode.app/Contents/Developer/Platforms/MacOSX.platform/Developer/SDKs/MacOSX26.1.sdk/System/Library/Frameworks/LocalAuthentication.framework/Headers/LAError.h
/Applications/Xcode.app/Contents/Developer/Platforms/MacOSX.platform/Developer/SDKs/MacOSX26.1.sdk/System/Library/Frameworks/LocalAuthentication.framework/Headers/LAPersistedRight.h
/Applications/Xcode.app/Contents/Developer/Platforms/MacOSX.platform/Developer/SDKs/MacOSX26.1.sdk/System/Library/Frameworks/LocalAuthentication.framework/Headers/LARight.h
/Applications/Xcode.app/Contents/Developer/Platforms/MacOSX.platform/Developer/SDKs/MacOSX26.1.sdk/System/Library/Frameworks/LocalAuthentication.framework/Headers/LAPrivateKey.h
/Applications/Xcode.app/Contents/Developer/Platforms/MacOSX.platform/Developer/SDKs/MacOSX26.1.sdk/System/Library/Frameworks/Security.framework/Modules/module.modulemap
/Applications/Xcode.app/Contents/Developer/Platforms/MacOSX.platform/Developer/SDKs/MacOSX26.1.sdk/System/Library/Frameworks/LocalAuthentication.framework/Headers/LAPublicKey.h
/Applications/Xcode.app/Contents/Developer/Platforms/MacOSX.platform/Developer/SDKs/MacOSX26.1.sdk/System/Library/Frameworks/LocalAuthentication.framework/Headers/LARequirement.h
/Applications/Xcode.app/Contents/Developer/Platforms/MacOSX.platform/Developer/SDKs/MacOSX26.1.sdk/System/Library/Frameworks/LocalAuthentication.framework/Headers/LARightStore.h
/Applications/Xcode.app/Contents/Developer/Platforms/MacOSX.platform/Developer/SDKs/MacOSX26.1.sdk/System/Library/Frameworks/LocalAuthentication.framework/Headers/LASecret.h
/Applications/Xcode.app/Contents/Developer/Platforms/MacOSX.platform/Developer/SDKs/MacOSX26.1.sdk/SDKSettings.json
/Applications/Xcode.app/Contents/Developer/Toolchains/XcodeDefault.xctoolchain/usr/lib/swift/macosx/prebuilt-modules/26.1/LocalAuthentication.swiftmodule/arm64e-apple-macos.swiftmodule
/Applications/Xcode.app/Contents/Developer/Platforms/MacOSX.platform/Developer/SDKs/MacOSX26.1.sdk/usr/include/DarwinBasic.modulemap
/Applications/Xcode.app/Contents/Developer/Platforms/MacOSX.platform/Developer/SDKs/MacOSX26.1.sdk/usr/include/Darwin.modulemap
/Applications/Xcode.app/Contents/Developer/Platforms/MacOSX.platform/Developer/SDKs/MacOSX26.1.sdk/usr/include/Darwin_C.modulemap
/Applications/Xcode.app/Contents/Developer/Platforms/MacOSX.platform/Developer/SDKs/MacOSX26.1.sdk/usr/include/Darwin_POSIX.modulemap
/Applications/Xcode.app/Contents/Developer/Platforms/MacOSX.platform/Developer/SDKs/MacOSX26.1.sdk/usr/include/net.modulemap
/Applications/Xcode.app/Contents/Developer/Platforms/MacOSX.platform/Developer/SDKs/MacOSX26.1.sdk/usr/include/netinet.modulemap
/Applications/Xcode.app/Contents/Developer/Platforms/MacOSX.platform/Developer/SDKs/MacOSX26.1.sdk/usr/include/bank.modulemap
/Applications/Xcode.app/Contents/Developer/Platforms/MacOSX.platform/Developer/SDKs/MacOSX26.1.sdk/usr/include/Darwin_Mach.modulemap
/Applications/Xcode.app/Contents/Developer/Platforms/MacOSX.platform/Developer/SDKs/MacOSX26.1.sdk/usr/include/Darwin_Mach_machine.modulemap
/Applications/Xcode.app/Contents/Developer/Platforms/MacOSX.platform/Developer/SDKs/MacOSX26.1.sdk/usr/include/mach_debug.modulemap
/Applications/Xcode.app/Contents/Developer/Platforms/MacOSX.platform/Developer/SDKs/MacOSX26.1.sdk/usr/include/device.modulemap
/Applications/Xcode.app/Contents/Developer/Platforms/MacOSX.platform/Developer/SDKs/MacOSX26.1.sdk/usr/include/Darwin_machine.modulemap
/Applications/Xcode.app/Contents/Developer/Platforms/MacOSX.platform/Developer/SDKs/MacOSX26.1.sdk/usr/include/ncurses.modulemap
/Applications/Xcode.app/Contents/Developer/Platforms/MacOSX.platform/Developer/SDKs/MacOSX26.1.sdk/usr/include/netinet6.modulemap
/Applications/Xcode.app/Contents/Developer/Platforms/MacOSX.platform/Developer/SDKs/MacOSX26.1.sdk/usr/include/Darwin_sys.modulemap
/Applications/Xcode.app/Contents/Developer/Platforms/MacOSX.platform/Developer/SDKs/MacOSX26.1.sdk/usr/include/uuid.modulemap
/Applications/Xcode.app/Contents/Developer/Platforms/MacOSX.platform/Developer/SDKs/MacOSX26.1.sdk/usr/include/DarwinFoundation2.modulemap
/Applications/Xcode.app/Contents/Developer/Platforms/MacOSX.platform/Developer/SDKs/MacOSX26.1.sdk/usr/include/DarwinFoundation3.modulemap
/Applications/Xcode.app/Contents/Developer/Platforms/MacOSX.platform/Developer/SDKs/MacOSX26.1.sdk/usr/include/DarwinFoundation1.modulemap
/Applications/Xcode.app/Contents/Developer/Platforms/MacOSX.platform/Developer/SDKs/MacOSX26.1.sdk/usr/include/mach-o/arch.h
/Applications/Xcode.app/Contents/Developer/Toolchains/XcodeDefault.xctoolchain/usr/lib/swift/clang/include/module.modulemap
/Applications/Xcode.app/Contents/Developer/Platforms/MacOSX.platform/Developer/SDKs/MacOSX26.1.sdk/usr/include/mach-o/arm/reloc.h
/Applications/Xcode.app/Contents/Developer/Platforms/MacOSX.platform/Developer/SDKs/MacOSX26.1.sdk/usr/include/mach-o/arm64/reloc.h
/Applications/Xcode.app/Contents/Developer/Platforms/MacOSX.platform/Developer/SDKs/MacOSX26.1.sdk/usr/include/mach-o/compact_unwind_encoding.h
/Applications/Xcode.app/Contents/Developer/Platforms/MacOSX.platform/Developer/SDKs/MacOSX26.1.sdk/usr/include/mach-o/dyld.h
/Applications/Xcode.app/Contents/Developer/Toolchains/XcodeDefault.xctoolchain/usr/lib/swift/clang/include/stddef.h
/Applications/Xcode.app/Contents/Developer/Platforms/MacOSX.platform/Developer/SDKs/MacOSX26.1.sdk/usr/include/mach-o/loader.h
/Applications/Xcode.app/Contents/Developer/Platforms/MacOSX.platform/Developer/SDKs/MacOSX26.1.sdk/usr/include/mach-o/dyld_images.h
/Applications/Xcode.app/Contents/Developer/Platforms/MacOSX.platform/Developer/SDKs/MacOSX26.1.sdk/usr/include/mach-o/fat.h
/Applications/Xcode.app/Contents/Developer/Platforms/MacOSX.platform/Developer/SDKs/MacOSX26.1.sdk/usr/include/mach-o/fixup-chains.h
/Applications/Xcode.app/Contents/Developer/Platforms/MacOSX.platform/Developer/SDKs/MacOSX26.1.sdk/usr/include/mach-o/getsect.h
/Applications/Xcode.app/Contents/Developer/Platforms/MacOSX.platform/Developer/SDKs/MacOSX26.1.sdk/usr/include/mach-o/ldsyms.h
/Applications/Xcode.app/Contents/Developer/Platforms/MacOSX.platform/Developer/SDKs/MacOSX26.1.sdk/usr/include/mach-o/nlist.h
/Applications/Xcode.app/Contents/Developer/Platforms/MacOSX.platform/Developer/SDKs/MacOSX26.1.sdk/usr/include/mach-o/ranlib.h
/Applications/Xcode.app/Contents/Developer/Platforms/MacOSX.platform/Developer/SDKs/MacOSX26.1.sdk/usr/include/mach-o/reloc.h
/Applications/Xcode.app/Contents/Developer/Platforms/MacOSX.platform/Developer/SDKs/MacOSX26.1.sdk/usr/include/mach-o/stab.h
/Applications/Xcode.app/Contents/Developer/Platforms/MacOSX.platform/Developer/SDKs/MacOSX26.1.sdk/usr/include/mach-o/swap.h
/Applications/Xcode.app/Contents/Developer/Platforms/MacOSX.platform/Developer/SDKs/MacOSX26.1.sdk/usr/include/mach-o/utils.h
/Applications/Xcode.app/Contents/Developer/Platforms/MacOSX.platform/Developer/SDKs/MacOSX26.1.sdk/usr/include/mach-o/x86_64/reloc.h
/Applications/Xcode.app/Contents/Developer/Platforms/MacOSX.platform/Developer/SDKs/MacOSX26.1.sdk/SDKSettings.json
/Users/rogerlin/Library/Developer/Xcode/DerivedData/FinancialCalculatorKit-ackorybalcxbfocbkqsfdzcfkgmn/Build/Products/Debug/MathJaxSwift.swiftmodule/arm64-apple-macos.swiftmodule
/Applications/Xcode.app/Contents/Developer/Platforms/MacOSX.platform/Developer/SDKs/MacOSX26.1.sdk/System/Library/Frameworks/Metal.framework/Headers/Metal.apinotes
/Applications/Xcode.app/Contents/Developer/Platforms/MacOSX.platform/Developer/SDKs/MacOSX26.1.sdk/System/Library/Frameworks/Metal.framework/Modules/module.modulemap
/Applications/Xcode.app/Contents/Developer/Platforms/MacOSX.platform/Developer/SDKs/MacOSX26.1.sdk/System/Library/Frameworks/Metal.framework/Headers/Metal.h
/Applications/Xcode.app/Contents/Developer/Platforms/MacOSX.platform/Developer/SDKs/MacOSX26.1.sdk/System/Library/Frameworks/Metal.framework/Headers/MTLDefines.h
/Applications/Xcode.app/Contents/Developer/Platforms/MacOSX.platform/Developer/SDKs/MacOSX26.1.sdk/usr/include/Darwin.modulemap
/Applications/Xcode.app/Contents/Developer/Platforms/MacOSX.platform/Developer/SDKs/MacOSX26.1.sdk/usr/include/Darwin_C.modulemap
/Applications/Xcode.app/Contents/Developer/Platforms/MacOSX.platform/Developer/SDKs/MacOSX26.1.sdk/usr/include/Darwin_POSIX.modulemap
/Applications/Xcode.app/Contents/Developer/Platforms/MacOSX.platform/Developer/SDKs/MacOSX26.1.sdk/usr/include/net.modulemap
/Applications/Xcode.app/Contents/Developer/Platforms/MacOSX.platform/Developer/SDKs/MacOSX26.1.sdk/usr/include/netinet.modulemap
/Applications/Xcode.app/Contents/Developer/Platforms/MacOSX.platform/Developer/SDKs/MacOSX26.1.sdk/usr/include/bank.modulemap
/Applications/Xcode.app/Contents/Developer/Platforms/MacOSX.platform/Developer/SDKs/MacOSX26.1.sdk/usr/include/Darwin_Mach.modulemap
/Applications/Xcode.app/Contents/Developer/Platforms/MacOSX.platform/Developer/SDKs/MacOSX26.1.sdk/usr/include/Darwin_Mach_machine.modulemap
/Applications/Xcode.app/Contents/Developer/Platforms/MacOSX.platform/Developer/SDKs/MacOSX26.1.sdk/usr/include/mach_debug.modulemap
/Applications/Xcode.app/Contents/Developer/Platforms/MacOSX.platform/Developer/SDKs/MacOSX26.1.sdk/usr/include/device.modulemap
/Applications/Xcode.app/Contents/Developer/Platforms/MacOSX.platform/Developer/SDKs/MacOSX26.1.sdk/usr/include/Darwin_machine.modulemap
/Applications/Xcode.app/Contents/Developer/Platforms/MacOSX.platform/Developer/SDKs/MacOSX26.1.sdk/usr/include/ncurses.modulemap
/Applications/Xcode.app/Contents/Developer/Platforms/MacOSX.platform/Developer/SDKs/MacOSX26.1.sdk/usr/include/netinet6.modulemap
/Applications/Xcode.app/Contents/Developer/Platforms/MacOSX.platform/Developer/SDKs/MacOSX26.1.sdk/usr/include/Darwin_sys.modulemap
/Applications/Xcode.app/Contents/Developer/Platforms/MacOSX.platform/Developer/SDKs/MacOSX26.1.sdk/usr/include/uuid.modulemap
/Applications/Xcode.app/Contents/Developer/Platforms/MacOSX.platform/Developer/SDKs/MacOSX26.1.sdk/usr/include/DarwinFoundation1.modulemap
/Applications/Xcode.app/Contents/Developer/Platforms/MacOSX.platform/Developer/SDKs/MacOSX26.1.sdk/System/Library/Frameworks/Metal.framework/Headers/MTLTypes.h
/Applications/Xcode.app/Contents/Developer/Platforms/MacOSX.platform/Developer/SDKs/MacOSX26.1.sdk/System/Library/Frameworks/Foundation.framework/Modules/module.modulemap
/Applications/Xcode.app/Contents/Developer/Platforms/MacOSX.platform/Developer/SDKs/MacOSX26.1.sdk/System/Library/Frameworks/Metal.framework/Headers/MTLBlitCommandEncoder.h
/Applications/Xcode.app/Contents/Developer/Platforms/MacOSX.platform/Developer/SDKs/MacOSX26.1.sdk/System/Library/Frameworks/Metal.framework/Headers/MTLCommandEncoder.h
/Applications/Xcode.app/Contents/Developer/Platforms/MacOSX.platform/Developer/SDKs/MacOSX26.1.sdk/System/Library/Frameworks/Metal.framework/Headers/MTLResourceStateCommandEncoder.h
/Applications/Xcode.app/Contents/Developer/Platforms/MacOSX.platform/Developer/SDKs/MacOSX26.1.sdk/System/Library/Frameworks/Metal.framework/Headers/MTLTexture.h
/Applications/Xcode.app/Contents/Developer/Platforms/MacOSX.platform/Developer/SDKs/MacOSX26.1.sdk/System/Library/Frameworks/Metal.framework/Headers/MTLResource.h
/Applications/Xcode.app/Contents/Developer/Platforms/MacOSX.platform/Developer/SDKs/MacOSX26.1.sdk/System/Library/Frameworks/Metal.framework/Headers/MTLAllocation.h
/Applications/Xcode.app/Contents/Developer/Platforms/MacOSX.platform/Developer/SDKs/MacOSX26.1.sdk/System/Library/Frameworks/Metal.framework/Headers/MTLBuffer.h
/Applications/Xcode.app/Contents/Developer/Platforms/MacOSX.platform/Developer/SDKs/MacOSX26.1.sdk/System/Library/Frameworks/Metal.framework/Headers/MTLPixelFormat.h
/Applications/Xcode.app/Contents/Developer/Platforms/MacOSX.platform/Developer/SDKs/MacOSX26.1.sdk/System/Library/Frameworks/Metal.framework/Headers/MTLTensor.h
/Applications/Xcode.app/Contents/Developer/Platforms/MacOSX.platform/Developer/SDKs/MacOSX26.1.sdk/System/Library/Frameworks/Metal.framework/Headers/MTLDataType.h
/Applications/Xcode.app/Contents/Developer/Platforms/MacOSX.platform/Developer/SDKs/MacOSX26.1.sdk/System/Library/Frameworks/Metal.framework/Headers/MTLGPUAddress.h
/Applications/Xcode.app/Contents/Developer/Toolchains/XcodeDefault.xctoolchain/usr/lib/swift/clang/include/module.modulemap
/Applications/Xcode.app/Contents/Developer/Platforms/MacOSX.platform/Developer/SDKs/MacOSX26.1.sdk/System/Library/Frameworks/IOSurface.framework/Modules/module.modulemap
/Applications/Xcode.app/Contents/Developer/Platforms/MacOSX.platform/Developer/SDKs/MacOSX26.1.sdk/System/Library/Frameworks/Metal.framework/Headers/MTLFence.h
/Applications/Xcode.app/Contents/Developer/Platforms/MacOSX.platform/Developer/SDKs/MacOSX26.1.sdk/System/Library/Frameworks/Metal.framework/Headers/MTLDevice.h
/Applications/Xcode.app/Contents/Developer/Platforms/MacOSX.platform/Developer/SDKs/MacOSX26.1.sdk/System/Library/Frameworks/Metal.framework/Headers/MTLLibrary.h
/Applications/Xcode.app/Contents/Developer/Platforms/MacOSX.platform/Developer/SDKs/MacOSX26.1.sdk/System/Library/Frameworks/Metal.framework/Headers/MTLArgument.h
/Applications/Xcode.app/Contents/Developer/Platforms/MacOSX.platform/Developer/SDKs/MacOSX26.1.sdk/System/Library/Frameworks/Metal.framework/Headers/MTLFunctionDescriptor.h
/Applications/Xcode.app/Contents/Developer/Platforms/MacOSX.platform/Developer/SDKs/MacOSX26.1.sdk/System/Library/Frameworks/Metal.framework/Headers/MTLFunctionConstantValues.h
/Applications/Xcode.app/Contents/Developer/Platforms/MacOSX.platform/Developer/SDKs/MacOSX26.1.sdk/System/Library/Frameworks/Metal.framework/Headers/MTLCounters.h
/Applications/Xcode.app/Contents/Developer/Platforms/MacOSX.platform/Developer/SDKs/MacOSX26.1.sdk/System/Library/Frameworks/Metal.framework/Headers/MTL4Compiler.h
/Applications/Xcode.app/Contents/Developer/Platforms/MacOSX.platform/Developer/SDKs/MacOSX26.1.sdk/System/Library/Frameworks/Metal.framework/Headers/MTL4CompilerTask.h
/Applications/Xcode.app/Contents/Developer/Platforms/MacOSX.platform/Developer/SDKs/MacOSX26.1.sdk/System/Library/Frameworks/Metal.framework/Headers/MTL4Counters.h
/Applications/Xcode.app/Contents/Developer/Platforms/MacOSX.platform/Developer/SDKs/MacOSX26.1.sdk/System/Library/Frameworks/Metal.framework/Headers/MTLResourceStatePass.h
/Applications/Xcode.app/Contents/Developer/Platforms/MacOSX.platform/Developer/SDKs/MacOSX26.1.sdk/System/Library/Frameworks/Metal.framework/Headers/MTLRenderPass.h
/Applications/Xcode.app/Contents/Developer/Platforms/MacOSX.platform/Developer/SDKs/MacOSX26.1.sdk/System/Library/Frameworks/Metal.framework/Headers/MTLBlitPass.h
/Applications/Xcode.app/Contents/Developer/Platforms/MacOSX.platform/Developer/SDKs/MacOSX26.1.sdk/System/Library/Frameworks/Metal.framework/Headers/MTLCommandBuffer.h
/Applications/Xcode.app/Contents/Developer/Platforms/MacOSX.platform/Developer/SDKs/MacOSX26.1.sdk/System/Library/Frameworks/Metal.framework/Headers/MTLComputeCommandEncoder.h
/Applications/Xcode.app/Contents/Developer/Platforms/MacOSX.platform/Developer/SDKs/MacOSX26.1.sdk/System/Library/Frameworks/Metal.framework/Headers/MTLComputePass.h
/Applications/Xcode.app/Contents/Developer/Platforms/MacOSX.platform/Developer/SDKs/MacOSX26.1.sdk/System/Library/Frameworks/Metal.framework/Headers/MTLCommandQueue.h
/Applications/Xcode.app/Contents/Developer/Platforms/MacOSX.platform/Developer/SDKs/MacOSX26.1.sdk/System/Library/Frameworks/Metal.framework/Headers/MTLDeviceCertification.h
/Applications/Xcode.app/Contents/Developer/Platforms/MacOSX.platform/Developer/SDKs/MacOSX26.1.sdk/System/Library/Frameworks/Metal.framework/Headers/MTLDepthStencil.h
/Applications/Xcode.app/Contents/Developer/Platforms/MacOSX.platform/Developer/SDKs/MacOSX26.1.sdk/System/Library/Frameworks/Metal.framework/Headers/MTLDrawable.h
/Applications/Xcode.app/Contents/Developer/Platforms/MacOSX.platform/Developer/SDKs/MacOSX26.1.sdk/System/Library/Frameworks/Metal.framework/Headers/MTLComputePipeline.h
/Applications/Xcode.app/Contents/Developer/Platforms/MacOSX.platform/Developer/SDKs/MacOSX26.1.sdk/System/Library/Frameworks/Metal.framework/Headers/MTLStageInputOutputDescriptor.h
/Applications/Xcode.app/Contents/Developer/Platforms/MacOSX.platform/Developer/SDKs/MacOSX26.1.sdk/System/Library/Frameworks/Metal.framework/Headers/MTLVertexDescriptor.h
/Applications/Xcode.app/Contents/Developer/Platforms/MacOSX.platform/Developer/SDKs/MacOSX26.1.sdk/System/Library/Frameworks/Metal.framework/Headers/MTLPipeline.h
/Applications/Xcode.app/Contents/Developer/Platforms/MacOSX.platform/Developer/SDKs/MacOSX26.1.sdk/System/Library/Frameworks/Metal.framework/Headers/MTLLinkedFunctions.h
/Applications/Xcode.app/Contents/Developer/Platforms/MacOSX.platform/Developer/SDKs/MacOSX26.1.sdk/System/Library/Frameworks/Metal.framework/Headers/MTLRenderPipeline.h
/Applications/Xcode.app/Contents/Developer/Platforms/MacOSX.platform/Developer/SDKs/MacOSX26.1.sdk/System/Library/Frameworks/Metal.framework/Headers/MTLRenderCommandEncoder.h
/Applications/Xcode.app/Contents/Developer/Platforms/MacOSX.platform/Developer/SDKs/MacOSX26.1.sdk/System/Library/Frameworks/Metal.framework/Headers/MTLFunctionHandle.h
/Applications/Xcode.app/Contents/Developer/Platforms/MacOSX.platform/Developer/SDKs/MacOSX26.1.sdk/System/Library/Frameworks/Metal.framework/Headers/MTLVisibleFunctionTable.h
/Applications/Xcode.app/Contents/Developer/Platforms/MacOSX.platform/Developer/SDKs/MacOSX26.1.sdk/System/Library/Frameworks/Metal.framework/Headers/MTLParallelRenderCommandEncoder.h
/Applications/Xcode.app/Contents/Developer/Platforms/MacOSX.platform/Developer/SDKs/MacOSX26.1.sdk/System/Library/Frameworks/Metal.framework/Headers/MTLSampler.h
/Applications/Xcode.app/Contents/Developer/Platforms/MacOSX.platform/Developer/SDKs/MacOSX26.1.sdk/System/Library/Frameworks/Metal.framework/Headers/MTLHeap.h
/Applications/Xcode.app/Contents/Developer/Platforms/MacOSX.platform/Developer/SDKs/MacOSX26.1.sdk/System/Library/Frameworks/Metal.framework/Headers/MTLAccelerationStructure.h
/Applications/Xcode.app/Contents/Developer/Platforms/MacOSX.platform/Developer/SDKs/MacOSX26.1.sdk/System/Library/Frameworks/Metal.framework/Headers/MTLAccelerationStructureTypes.h
/Applications/Xcode.app/Contents/Developer/Platforms/MacOSX.platform/Developer/SDKs/MacOSX26.1.sdk/System/Library/Frameworks/Metal.framework/Headers/MTL4BufferRange.h
/Applications/Xcode.app/Contents/Developer/Platforms/MacOSX.platform/Developer/SDKs/MacOSX26.1.sdk/System/Library/Frameworks/Metal.framework/Headers/MTLArgumentEncoder.h
/Applications/Xcode.app/Contents/Developer/Platforms/MacOSX.platform/Developer/SDKs/MacOSX26.1.sdk/System/Library/Frameworks/Metal.framework/Headers/MTLCaptureManager.h
/Applications/Xcode.app/Contents/Developer/Platforms/MacOSX.platform/Developer/SDKs/MacOSX26.1.sdk/System/Library/Frameworks/Metal.framework/Headers/MTL4CommandQueue.h
/Applications/Xcode.app/Contents/Developer/Platforms/MacOSX.platform/Developer/SDKs/MacOSX26.1.sdk/System/Library/Frameworks/Metal.framework/Headers/MTL4CommandBuffer.h
/Applications/Xcode.app/Contents/Developer/Platforms/MacOSX.platform/Developer/SDKs/MacOSX26.1.sdk/System/Library/Frameworks/Metal.framework/Headers/MTL4RenderCommandEncoder.h
/Applications/Xcode.app/Contents/Developer/Platforms/MacOSX.platform/Developer/SDKs/MacOSX26.1.sdk/System/Library/Frameworks/Metal.framework/Headers/MTL4CommandEncoder.h
/Applications/Xcode.app/Contents/Developer/Platforms/MacOSX.platform/Developer/SDKs/MacOSX26.1.sdk/System/Library/Frameworks/Metal.framework/Headers/MTLEvent.h
/Applications/Xcode.app/Contents/Developer/Platforms/MacOSX.platform/Developer/SDKs/MacOSX26.1.sdk/System/Library/Frameworks/Metal.framework/Headers/MTL4CommitFeedback.h
/Applications/Xcode.app/Contents/Developer/Platforms/MacOSX.platform/Developer/SDKs/MacOSX26.1.sdk/System/Library/Frameworks/Metal.framework/Headers/MTLCaptureScope.h
/Applications/Xcode.app/Contents/Developer/Platforms/MacOSX.platform/Developer/SDKs/MacOSX26.1.sdk/System/Library/Frameworks/Metal.framework/Headers/MTLIndirectCommandBuffer.h
/Applications/Xcode.app/Contents/Developer/Platforms/MacOSX.platform/Developer/SDKs/MacOSX26.1.sdk/System/Library/Frameworks/Metal.framework/Headers/MTLIndirectCommandEncoder.h
/Applications/Xcode.app/Contents/Developer/Platforms/MacOSX.platform/Developer/SDKs/MacOSX26.1.sdk/System/Library/Frameworks/Metal.framework/Headers/MTLFunctionLog.h
/Applications/Xcode.app/Contents/Developer/Platforms/MacOSX.platform/Developer/SDKs/MacOSX26.1.sdk/System/Library/Frameworks/Metal.framework/Headers/MTLAccelerationStructureCommandEncoder.h
/Applications/Xcode.app/Contents/Developer/Platforms/MacOSX.platform/Developer/SDKs/MacOSX26.1.sdk/System/Library/Frameworks/Metal.framework/Headers/MTLRasterizationRate.h
/Applications/Xcode.app/Contents/Developer/Platforms/MacOSX.platform/Developer/SDKs/MacOSX26.1.sdk/System/Library/Frameworks/Metal.framework/Headers/MTLDynamicLibrary.h
/Applications/Xcode.app/Contents/Developer/Platforms/MacOSX.platform/Developer/SDKs/MacOSX26.1.sdk/System/Library/Frameworks/Metal.framework/Headers/MTLLogState.h
/Applications/Xcode.app/Contents/Developer/Platforms/MacOSX.platform/Developer/SDKs/MacOSX26.1.sdk/System/Library/Frameworks/Metal.framework/Headers/MTLBinaryArchive.h
/Applications/Xcode.app/Contents/Developer/Platforms/MacOSX.platform/Developer/SDKs/MacOSX26.1.sdk/System/Library/Frameworks/Metal.framework/Headers/MTLIntersectionFunctionTable.h
/Applications/Xcode.app/Contents/Developer/Platforms/MacOSX.platform/Developer/SDKs/MacOSX26.1.sdk/System/Library/Frameworks/Metal.framework/Headers/MTLFunctionStitching.h
/Applications/Xcode.app/Contents/Developer/Platforms/MacOSX.platform/Developer/SDKs/MacOSX26.1.sdk/System/Library/Frameworks/Metal.framework/Headers/MTLIOCommandQueue.h
/Applications/Xcode.app/Contents/Developer/Platforms/MacOSX.platform/Developer/SDKs/MacOSX26.1.sdk/System/Library/Frameworks/Metal.framework/Headers/MTLIOCommandBuffer.h
/Applications/Xcode.app/Contents/Developer/Platforms/MacOSX.platform/Developer/SDKs/MacOSX26.1.sdk/System/Library/Frameworks/Metal.framework/Headers/MTLIOCompressor.h
/Applications/Xcode.app/Contents/Developer/Platforms/MacOSX.platform/Developer/SDKs/MacOSX26.1.sdk/System/Library/Frameworks/Metal.framework/Headers/MTLResidencySet.h
/Applications/Xcode.app/Contents/Developer/Platforms/MacOSX.platform/Developer/SDKs/MacOSX26.1.sdk/System/Library/Frameworks/Metal.framework/Headers/MTLResourceViewPool.h
/Applications/Xcode.app/Contents/Developer/Platforms/MacOSX.platform/Developer/SDKs/MacOSX26.1.sdk/System/Library/Frameworks/Metal.framework/Headers/MTLTextureViewPool.h
/Applications/Xcode.app/Contents/Developer/Platforms/MacOSX.platform/Developer/SDKs/MacOSX26.1.sdk/System/Library/Frameworks/Metal.framework/Headers/MTL4ArgumentTable.h
/Applications/Xcode.app/Contents/Developer/Platforms/MacOSX.platform/Developer/SDKs/MacOSX26.1.sdk/System/Library/Frameworks/Metal.framework/Headers/MTL4BinaryFunction.h
/Applications/Xcode.app/Contents/Developer/Platforms/MacOSX.platform/Developer/SDKs/MacOSX26.1.sdk/System/Library/Frameworks/Metal.framework/Headers/MTL4CommandAllocator.h
/Applications/Xcode.app/Contents/Developer/Platforms/MacOSX.platform/Developer/SDKs/MacOSX26.1.sdk/System/Library/Frameworks/Metal.framework/Headers/MTL4RenderPass.h
/Applications/Xcode.app/Contents/Developer/Platforms/MacOSX.platform/Developer/SDKs/MacOSX26.1.sdk/System/Library/Frameworks/Metal.framework/Headers/MTL4ComputeCommandEncoder.h
/Applications/Xcode.app/Contents/Developer/Platforms/MacOSX.platform/Developer/SDKs/MacOSX26.1.sdk/System/Library/Frameworks/Metal.framework/Headers/MTL4AccelerationStructure.h
/Applications/Xcode.app/Contents/Developer/Platforms/MacOSX.platform/Developer/SDKs/MacOSX26.1.sdk/System/Library/Frameworks/Metal.framework/Headers/MTL4MachineLearningCommandEncoder.h
/Applications/Xcode.app/Contents/Developer/Platforms/MacOSX.platform/Developer/SDKs/MacOSX26.1.sdk/System/Library/Frameworks/Metal.framework/Headers/MTL4LibraryDescriptor.h
/Applications/Xcode.app/Contents/Developer/Platforms/MacOSX.platform/Developer/SDKs/MacOSX26.1.sdk/System/Library/Frameworks/Metal.framework/Headers/MTL4FunctionDescriptor.h
/Applications/Xcode.app/Contents/Developer/Platforms/MacOSX.platform/Developer/SDKs/MacOSX26.1.sdk/System/Library/Frameworks/Metal.framework/Headers/MTL4LibraryFunctionDescriptor.h
/Applications/Xcode.app/Contents/Developer/Platforms/MacOSX.platform/Developer/SDKs/MacOSX26.1.sdk/System/Library/Frameworks/Metal.framework/Headers/MTL4SpecializedFunctionDescriptor.h
/Applications/Xcode.app/Contents/Developer/Platforms/MacOSX.platform/Developer/SDKs/MacOSX26.1.sdk/System/Library/Frameworks/Metal.framework/Headers/MTL4StitchedFunctionDescriptor.h
/Applications/Xcode.app/Contents/Developer/Platforms/MacOSX.platform/Developer/SDKs/MacOSX26.1.sdk/System/Library/Frameworks/Metal.framework/Headers/MTL4PipelineState.h
/Applications/Xcode.app/Contents/Developer/Platforms/MacOSX.platform/Developer/SDKs/MacOSX26.1.sdk/System/Library/Frameworks/Metal.framework/Headers/MTL4ComputePipeline.h
/Applications/Xcode.app/Contents/Developer/Platforms/MacOSX.platform/Developer/SDKs/MacOSX26.1.sdk/System/Library/Frameworks/Metal.framework/Headers/MTL4RenderPipeline.h
/Applications/Xcode.app/Contents/Developer/Platforms/MacOSX.platform/Developer/SDKs/MacOSX26.1.sdk/System/Library/Frameworks/Metal.framework/Headers/MTL4MachineLearningPipeline.h
/Applications/Xcode.app/Contents/Developer/Platforms/MacOSX.platform/Developer/SDKs/MacOSX26.1.sdk/System/Library/Frameworks/Metal.framework/Headers/MTL4TileRenderPipeline.h
/Applications/Xcode.app/Contents/Developer/Platforms/MacOSX.platform/Developer/SDKs/MacOSX26.1.sdk/System/Library/Frameworks/Metal.framework/Headers/MTL4MeshRenderPipeline.h
/Applications/Xcode.app/Contents/Developer/Platforms/MacOSX.platform/Developer/SDKs/MacOSX26.1.sdk/System/Library/Frameworks/Metal.framework/Headers/MTL4PipelineDataSetSerializer.h
/Applications/Xcode.app/Contents/Developer/Platforms/MacOSX.platform/Developer/SDKs/MacOSX26.1.sdk/System/Library/Frameworks/Metal.framework/Headers/MTL4Archive.h
/Applications/Xcode.app/Contents/Developer/Platforms/MacOSX.platform/Developer/SDKs/MacOSX26.1.sdk/System/Library/Frameworks/Metal.framework/Headers/MTL4BinaryFunctionDescriptor.h
/Applications/Xcode.app/Contents/Developer/Platforms/MacOSX.platform/Developer/SDKs/MacOSX26.1.sdk/System/Library/Frameworks/Metal.framework/Headers/MTL4LinkingDescriptor.h
/Applications/Xcode.app/Contents/Developer/Platforms/MacOSX.platform/Developer/SDKs/MacOSX26.1.sdk/SDKSettings.json
/Applications/Xcode.app/Contents/Developer/Toolchains/XcodeDefault.xctoolchain/usr/lib/swift/macosx/prebuilt-modules/26.1/Metal.swiftmodule/arm64e-apple-macos.swiftmodule
/Applications/Xcode.app/Contents/Developer/Platforms/MacOSX.platform/Developer/SDKs/MacOSX26.1.sdk/System/Library/Frameworks/OSLog.framework/Modules/module.modulemap
/Applications/Xcode.app/Contents/Developer/Platforms/MacOSX.platform/Developer/SDKs/MacOSX26.1.sdk/System/Library/Frameworks/OSLog.framework/Headers/OSLog.h
/Applications/Xcode.app/Contents/Developer/Platforms/MacOSX.platform/Developer/SDKs/MacOSX26.1.sdk/System/Library/Frameworks/Foundation.framework/Modules/module.modulemap
/Applications/Xcode.app/Contents/Developer/Platforms/MacOSX.platform/Developer/SDKs/MacOSX26.1.sdk/usr/include/os.modulemap
/Applications/Xcode.app/Contents/Developer/Platforms/MacOSX.platform/Developer/SDKs/MacOSX26.1.sdk/System/Library/Frameworks/OSLog.framework/Headers/Entry.h
/Applications/Xcode.app/Contents/Developer/Platforms/MacOSX.platform/Developer/SDKs/MacOSX26.1.sdk/System/Library/Frameworks/OSLog.framework/Headers/EntryActivity.h
/Applications/Xcode.app/Contents/Developer/Platforms/MacOSX.platform/Developer/SDKs/MacOSX26.1.sdk/System/Library/Frameworks/OSLog.framework/Headers/EntryBoundary.h
/Applications/Xcode.app/Contents/Developer/Platforms/MacOSX.platform/Developer/SDKs/MacOSX26.1.sdk/System/Library/Frameworks/OSLog.framework/Headers/EntryLog.h
/Applications/Xcode.app/Contents/Developer/Platforms/MacOSX.platform/Developer/SDKs/MacOSX26.1.sdk/System/Library/Frameworks/OSLog.framework/Headers/EntrySignpost.h
/Applications/Xcode.app/Contents/Developer/Platforms/MacOSX.platform/Developer/SDKs/MacOSX26.1.sdk/System/Library/Frameworks/OSLog.framework/Headers/Enumerator.h
/Applications/Xcode.app/Contents/Developer/Platforms/MacOSX.platform/Developer/SDKs/MacOSX26.1.sdk/System/Library/Frameworks/OSLog.framework/Headers/MessageComponent.h
/Applications/Xcode.app/Contents/Developer/Platforms/MacOSX.platform/Developer/SDKs/MacOSX26.1.sdk/System/Library/Frameworks/OSLog.framework/Headers/Position.h
/Applications/Xcode.app/Contents/Developer/Platforms/MacOSX.platform/Developer/SDKs/MacOSX26.1.sdk/System/Library/Frameworks/OSLog.framework/Headers/Store.h
/Applications/Xcode.app/Contents/Developer/Platforms/MacOSX.platform/Developer/SDKs/MacOSX26.1.sdk/SDKSettings.json
/Applications/Xcode.app/Contents/Developer/Toolchains/XcodeDefault.xctoolchain/usr/lib/swift/macosx/prebuilt-modules/26.1/OSLog.swiftmodule/arm64e-apple-macos.swiftmodule
/Applications/Xcode.app/Contents/Developer/Toolchains/XcodeDefault.xctoolchain/usr/lib/swift/macosx/prebuilt-modules/26.1/ObjectiveC.swiftmodule/arm64e-apple-macos.swiftmodule
/Applications/Xcode.app/Contents/Developer/Platforms/MacOSX.platform/Developer/SDKs/MacOSX26.1.sdk/usr/include/ObjectiveC.apinotes
/Applications/Xcode.app/Contents/Developer/Platforms/MacOSX.platform/Developer/SDKs/MacOSX26.1.sdk/usr/include/DarwinBasic.modulemap
/Applications/Xcode.app/Contents/Developer/Platforms/MacOSX.platform/Developer/SDKs/MacOSX26.1.sdk/usr/include/ObjectiveC.modulemap
/Applications/Xcode.app/Contents/Developer/Platforms/MacOSX.platform/Developer/SDKs/MacOSX26.1.sdk/usr/include/Darwin.modulemap
/Applications/Xcode.app/Contents/Developer/Platforms/MacOSX.platform/Developer/SDKs/MacOSX26.1.sdk/usr/include/Darwin_C.modulemap
/Applications/Xcode.app/Contents/Developer/Platforms/MacOSX.platform/Developer/SDKs/MacOSX26.1.sdk/usr/include/Darwin_POSIX.modulemap
/Applications/Xcode.app/Contents/Developer/Platforms/MacOSX.platform/Developer/SDKs/MacOSX26.1.sdk/usr/include/net.modulemap
/Applications/Xcode.app/Contents/Developer/Platforms/MacOSX.platform/Developer/SDKs/MacOSX26.1.sdk/usr/include/netinet.modulemap
/Applications/Xcode.app/Contents/Developer/Platforms/MacOSX.platform/Developer/SDKs/MacOSX26.1.sdk/usr/include/bank.modulemap
/Applications/Xcode.app/Contents/Developer/Platforms/MacOSX.platform/Developer/SDKs/MacOSX26.1.sdk/usr/include/Darwin_Mach.modulemap
/Applications/Xcode.app/Contents/Developer/Platforms/MacOSX.platform/Developer/SDKs/MacOSX26.1.sdk/usr/include/Darwin_Mach_machine.modulemap
/Applications/Xcode.app/Contents/Developer/Platforms/MacOSX.platform/Developer/SDKs/MacOSX26.1.sdk/usr/include/mach_debug.modulemap
/Applications/Xcode.app/Contents/Developer/Platforms/MacOSX.platform/Developer/SDKs/MacOSX26.1.sdk/usr/include/device.modulemap
/Applications/Xcode.app/Contents/Developer/Platforms/MacOSX.platform/Developer/SDKs/MacOSX26.1.sdk/usr/include/Darwin_machine.modulemap
/Applications/Xcode.app/Contents/Developer/Platforms/MacOSX.platform/Developer/SDKs/MacOSX26.1.sdk/usr/include/ncurses.modulemap
/Applications/Xcode.app/Contents/Developer/Platforms/MacOSX.platform/Developer/SDKs/MacOSX26.1.sdk/usr/include/netinet6.modulemap
/Applications/Xcode.app/Contents/Developer/Platforms/MacOSX.platform/Developer/SDKs/MacOSX26.1.sdk/usr/include/Darwin_sys.modulemap
/Applications/Xcode.app/Contents/Developer/Platforms/MacOSX.platform/Developer/SDKs/MacOSX26.1.sdk/usr/include/uuid.modulemap
/Applications/Xcode.app/Contents/Developer/Platforms/MacOSX.platform/Developer/SDKs/MacOSX26.1.sdk/usr/include/DarwinFoundation2.modulemap
/Applications/Xcode.app/Contents/Developer/Platforms/MacOSX.platform/Developer/SDKs/MacOSX26.1.sdk/usr/include/DarwinFoundation3.modulemap
/Applications/Xcode.app/Contents/Developer/Platforms/MacOSX.platform/Developer/SDKs/MacOSX26.1.sdk/usr/include/DarwinFoundation1.modulemap
/Applications/Xcode.app/Contents/Developer/Platforms/MacOSX.platform/Developer/SDKs/MacOSX26.1.sdk/usr/include/objc/List.h
/Applications/Xcode.app/Contents/Developer/Platforms/MacOSX.platform/Developer/SDKs/MacOSX26.1.sdk/usr/include/objc/NSObjCRuntime.h
/Applications/Xcode.app/Contents/Developer/Toolchains/XcodeDefault.xctoolchain/usr/lib/swift/clang/include/module.modulemap
/Applications/Xcode.app/Contents/Developer/Platforms/MacOSX.platform/Developer/SDKs/MacOSX26.1.sdk/usr/include/objc/objc.h
/Applications/Xcode.app/Contents/Developer/Platforms/MacOSX.platform/Developer/SDKs/MacOSX26.1.sdk/usr/include/stdlib.h
/Applications/Xcode.app/Contents/Developer/Platforms/MacOSX.platform/Developer/SDKs/MacOSX26.1.sdk/usr/include/objc/objc-api.h
/Applications/Xcode.app/Contents/Developer/Toolchains/XcodeDefault.xctoolchain/usr/lib/swift/clang/include/stddef.h
/Applications/Xcode.app/Contents/Developer/Platforms/MacOSX.platform/Developer/SDKs/MacOSX26.1.sdk/usr/include/objc/NSObject.h
/Applications/Xcode.app/Contents/Developer/Platforms/MacOSX.platform/Developer/SDKs/MacOSX26.1.sdk/usr/include/objc/Object.h
/Applications/Xcode.app/Contents/Developer/Toolchains/XcodeDefault.xctoolchain/usr/lib/swift/clang/include/stdarg.h
/Applications/Xcode.app/Contents/Developer/Platforms/MacOSX.platform/Developer/SDKs/MacOSX26.1.sdk/usr/include/objc/objc-runtime.h
/Applications/Xcode.app/Contents/Developer/Platforms/MacOSX.platform/Developer/SDKs/MacOSX26.1.sdk/usr/include/objc/runtime.h
/Applications/Xcode.app/Contents/Developer/Platforms/MacOSX.platform/Developer/SDKs/MacOSX26.1.sdk/usr/include/objc/message.h
/Applications/Xcode.app/Contents/Developer/Platforms/MacOSX.platform/Developer/SDKs/MacOSX26.1.sdk/usr/include/objc/Protocol.h
/Applications/Xcode.app/Contents/Developer/Platforms/MacOSX.platform/Developer/SDKs/MacOSX26.1.sdk/usr/include/objc/hashtable.h
/Applications/Xcode.app/Contents/Developer/Platforms/MacOSX.platform/Developer/SDKs/MacOSX26.1.sdk/usr/include/objc/hashtable2.h
/Applications/Xcode.app/Contents/Developer/Platforms/MacOSX.platform/Developer/SDKs/MacOSX26.1.sdk/usr/include/objc/objc-auto.h
/Applications/Xcode.app/Contents/Developer/Platforms/MacOSX.platform/Developer/SDKs/MacOSX26.1.sdk/usr/include/string.h
/Applications/Xcode.app/Contents/Developer/Platforms/MacOSX.platform/Developer/SDKs/MacOSX26.1.sdk/usr/include/objc/objc-class.h
/Applications/Xcode.app/Contents/Developer/Platforms/MacOSX.platform/Developer/SDKs/MacOSX26.1.sdk/usr/include/objc/objc-exception.h
/Applications/Xcode.app/Contents/Developer/Platforms/MacOSX.platform/Developer/SDKs/MacOSX26.1.sdk/usr/include/objc/objc-load.h
/Applications/Xcode.app/Contents/Developer/Platforms/MacOSX.platform/Developer/SDKs/MacOSX26.1.sdk/usr/include/objc/objc-sync.h
/Applications/Xcode.app/Contents/Developer/Platforms/MacOSX.platform/Developer/SDKs/MacOSX26.1.sdk/SDKSettings.json
/Applications/Xcode.app/Contents/Developer/Toolchains/XcodeDefault.xctoolchain/usr/lib/swift/macosx/prebuilt-modules/26.1/Observation.swiftmodule/arm64e-apple-macos.swiftmodule
/Applications/Xcode.app/Contents/Developer/Platforms/MacOSX.platform/Developer/SDKs/MacOSX26.1.sdk/System/Library/Frameworks/OpenGL.framework/Modules/module.modulemap
/Applications/Xcode.app/Contents/Developer/Platforms/MacOSX.platform/Developer/SDKs/MacOSX26.1.sdk/System/Library/Frameworks/OpenGL.framework/Headers/OpenGL.h
/Applications/Xcode.app/Contents/Developer/Platforms/MacOSX.platform/Developer/SDKs/MacOSX26.1.sdk/System/Library/Frameworks/OpenGL.framework/Headers/OpenGLAvailability.h
/Applications/Xcode.app/Contents/Developer/Platforms/MacOSX.platform/Developer/SDKs/MacOSX26.1.sdk/usr/include/DarwinFoundation1.modulemap
/Applications/Xcode.app/Contents/Developer/Platforms/MacOSX.platform/Developer/SDKs/MacOSX26.1.sdk/System/Library/Frameworks/OpenGL.framework/Headers/CGLCurrent.h
/Applications/Xcode.app/Contents/Developer/Platforms/MacOSX.platform/Developer/SDKs/MacOSX26.1.sdk/System/Library/Frameworks/OpenGL.framework/Headers/CGLTypes.h
/Applications/Xcode.app/Contents/Developer/Platforms/MacOSX.platform/Developer/SDKs/MacOSX26.1.sdk/System/Library/Frameworks/OpenGL.framework/Headers/CGLDevice.h
/Applications/Xcode.app/Contents/Developer/Platforms/MacOSX.platform/Developer/SDKs/MacOSX26.1.sdk/System/Library/Frameworks/OpenGL.framework/Headers/gltypes.h
/Applications/Xcode.app/Contents/Developer/Toolchains/XcodeDefault.xctoolchain/usr/lib/swift/clang/include/module.modulemap
/Applications/Xcode.app/Contents/Developer/Platforms/MacOSX.platform/Developer/SDKs/MacOSX26.1.sdk/System/Library/Frameworks/OpenGL.framework/Headers/CGLRenderers.h
/Applications/Xcode.app/Contents/Developer/Platforms/MacOSX.platform/Developer/SDKs/MacOSX26.1.sdk/System/Library/Frameworks/OpenGL.framework/Headers/CGLIOSurface.h
/Applications/Xcode.app/Contents/Developer/Platforms/MacOSX.platform/Developer/SDKs/MacOSX26.1.sdk/System/Library/Frameworks/OpenGL.framework/Headers/gl3.h
/Applications/Xcode.app/Contents/Developer/Platforms/MacOSX.platform/Developer/SDKs/MacOSX26.1.sdk/System/Library/Frameworks/OpenGL.framework/Headers/gl3ext.h
/Applications/Xcode.app/Contents/Developer/Platforms/MacOSX.platform/Developer/SDKs/MacOSX26.1.sdk/System/Library/Frameworks/OpenGL.framework/Headers/gl.h
/Applications/Xcode.app/Contents/Developer/Platforms/MacOSX.platform/Developer/SDKs/MacOSX26.1.sdk/System/Library/Frameworks/OpenGL.framework/Headers/glext.h
/Applications/Xcode.app/Contents/Developer/Platforms/MacOSX.platform/Developer/SDKs/MacOSX26.1.sdk/System/Library/Frameworks/OpenGL.framework/Headers/glu.h
/Applications/Xcode.app/Contents/Developer/Platforms/MacOSX.platform/Developer/SDKs/MacOSX26.1.sdk/System/Library/Frameworks/OpenGL.framework/Headers/gluContext.h
/Applications/Xcode.app/Contents/Developer/Platforms/MacOSX.platform/Developer/SDKs/MacOSX26.1.sdk/System/Library/Frameworks/OpenGL.framework/Headers/CGLContext.h
/Applications/Xcode.app/Contents/Developer/Platforms/MacOSX.platform/Developer/SDKs/MacOSX26.1.sdk/System/Library/Frameworks/OpenGL.framework/Headers/gliContext.h
/Applications/Xcode.app/Contents/Developer/Platforms/MacOSX.platform/Developer/SDKs/MacOSX26.1.sdk/System/Library/Frameworks/OpenGL.framework/Headers/gliDispatch.h
/Applications/Xcode.app/Contents/Developer/Platforms/MacOSX.platform/Developer/SDKs/MacOSX26.1.sdk/SDKSettings.json
/Applications/Xcode.app/Contents/Developer/Toolchains/XcodeDefault.xctoolchain/usr/lib/swift/macosx/prebuilt-modules/26.1/QuartzCore.swiftmodule/arm64e-apple-macos.swiftmodule
/Applications/Xcode.app/Contents/Developer/Platforms/MacOSX.platform/Developer/SDKs/MacOSX26.1.sdk/System/Library/Frameworks/QuartzCore.framework/Headers/QuartzCore.apinotes
/Applications/Xcode.app/Contents/Developer/Platforms/MacOSX.platform/Developer/SDKs/MacOSX26.1.sdk/System/Library/Frameworks/QuartzCore.framework/Modules/module.modulemap
/Applications/Xcode.app/Contents/Developer/Platforms/MacOSX.platform/Developer/SDKs/MacOSX26.1.sdk/System/Library/Frameworks/QuartzCore.framework/Headers/QuartzCore.h
/Applications/Xcode.app/Contents/Developer/Platforms/MacOSX.platform/Developer/SDKs/MacOSX26.1.sdk/System/Library/Frameworks/QuartzCore.framework/Headers/CoreAnimation.h
/Applications/Xcode.app/Contents/Developer/Platforms/MacOSX.platform/Developer/SDKs/MacOSX26.1.sdk/System/Library/Frameworks/QuartzCore.framework/Headers/CABase.h
/Applications/Xcode.app/Contents/Developer/Toolchains/XcodeDefault.xctoolchain/usr/lib/swift/clang/include/module.modulemap
/Applications/Xcode.app/Contents/Developer/Toolchains/XcodeDefault.xctoolchain/usr/lib/swift/clang/include/stddef.h
/Applications/Xcode.app/Contents/Developer/Platforms/MacOSX.platform/Developer/SDKs/MacOSX26.1.sdk/usr/include/ObjectiveC.modulemap
/Applications/Xcode.app/Contents/Developer/Platforms/MacOSX.platform/Developer/SDKs/MacOSX26.1.sdk/usr/include/Darwin.modulemap
/Applications/Xcode.app/Contents/Developer/Platforms/MacOSX.platform/Developer/SDKs/MacOSX26.1.sdk/usr/include/Darwin_C.modulemap
/Applications/Xcode.app/Contents/Developer/Platforms/MacOSX.platform/Developer/SDKs/MacOSX26.1.sdk/usr/include/Darwin_POSIX.modulemap
/Applications/Xcode.app/Contents/Developer/Platforms/MacOSX.platform/Developer/SDKs/MacOSX26.1.sdk/usr/include/net.modulemap
/Applications/Xcode.app/Contents/Developer/Platforms/MacOSX.platform/Developer/SDKs/MacOSX26.1.sdk/usr/include/netinet.modulemap
/Applications/Xcode.app/Contents/Developer/Platforms/MacOSX.platform/Developer/SDKs/MacOSX26.1.sdk/usr/include/bank.modulemap
/Applications/Xcode.app/Contents/Developer/Platforms/MacOSX.platform/Developer/SDKs/MacOSX26.1.sdk/usr/include/Darwin_Mach.modulemap
/Applications/Xcode.app/Contents/Developer/Platforms/MacOSX.platform/Developer/SDKs/MacOSX26.1.sdk/usr/include/Darwin_Mach_machine.modulemap
/Applications/Xcode.app/Contents/Developer/Platforms/MacOSX.platform/Developer/SDKs/MacOSX26.1.sdk/usr/include/mach_debug.modulemap
/Applications/Xcode.app/Contents/Developer/Platforms/MacOSX.platform/Developer/SDKs/MacOSX26.1.sdk/usr/include/device.modulemap
/Applications/Xcode.app/Contents/Developer/Platforms/MacOSX.platform/Developer/SDKs/MacOSX26.1.sdk/usr/include/Darwin_machine.modulemap
/Applications/Xcode.app/Contents/Developer/Platforms/MacOSX.platform/Developer/SDKs/MacOSX26.1.sdk/usr/include/ncurses.modulemap
/Applications/Xcode.app/Contents/Developer/Platforms/MacOSX.platform/Developer/SDKs/MacOSX26.1.sdk/usr/include/netinet6.modulemap
/Applications/Xcode.app/Contents/Developer/Platforms/MacOSX.platform/Developer/SDKs/MacOSX26.1.sdk/usr/include/Darwin_sys.modulemap
/Applications/Xcode.app/Contents/Developer/Platforms/MacOSX.platform/Developer/SDKs/MacOSX26.1.sdk/usr/include/uuid.modulemap
/Applications/Xcode.app/Contents/Developer/Platforms/MacOSX.platform/Developer/SDKs/MacOSX26.1.sdk/usr/include/DarwinFoundation1.modulemap
/Applications/Xcode.app/Contents/Developer/Platforms/MacOSX.platform/Developer/SDKs/MacOSX26.1.sdk/System/Library/Frameworks/CoreFoundation.framework/Modules/module.modulemap
/Applications/Xcode.app/Contents/Developer/Platforms/MacOSX.platform/Developer/SDKs/MacOSX26.1.sdk/System/Library/Frameworks/CoreGraphics.framework/Modules/module.modulemap
/Applications/Xcode.app/Contents/Developer/Platforms/MacOSX.platform/Developer/SDKs/MacOSX26.1.sdk/System/Library/Frameworks/QuartzCore.framework/Headers/CATransform3D.h
/Applications/Xcode.app/Contents/Developer/Platforms/MacOSX.platform/Developer/SDKs/MacOSX26.1.sdk/System/Library/Frameworks/Foundation.framework/Modules/module.modulemap
/Applications/Xcode.app/Contents/Developer/Platforms/MacOSX.platform/Developer/SDKs/MacOSX26.1.sdk/System/Library/Frameworks/QuartzCore.framework/Headers/CAAnimation.h
/Applications/Xcode.app/Contents/Developer/Platforms/MacOSX.platform/Developer/SDKs/MacOSX26.1.sdk/System/Library/Frameworks/QuartzCore.framework/Headers/CALayer.h
/Applications/Xcode.app/Contents/Developer/Platforms/MacOSX.platform/Developer/SDKs/MacOSX26.1.sdk/System/Library/Frameworks/QuartzCore.framework/Headers/CAMediaTiming.h
/Applications/Xcode.app/Contents/Developer/Platforms/MacOSX.platform/Developer/SDKs/MacOSX26.1.sdk/System/Library/Frameworks/QuartzCore.framework/Headers/CAFrameRateRange.h
/Applications/Xcode.app/Contents/Developer/Platforms/MacOSX.platform/Developer/SDKs/MacOSX26.1.sdk/System/Library/Frameworks/QuartzCore.framework/Headers/CAConstraintLayoutManager.h
/Applications/Xcode.app/Contents/Developer/Platforms/MacOSX.platform/Developer/SDKs/MacOSX26.1.sdk/System/Library/Frameworks/QuartzCore.framework/Headers/CADisplayLink.h
/Applications/Xcode.app/Contents/Developer/Platforms/MacOSX.platform/Developer/SDKs/MacOSX26.1.sdk/System/Library/Frameworks/QuartzCore.framework/Headers/CAEAGLLayer.h
/Applications/Xcode.app/Contents/Developer/Platforms/MacOSX.platform/Developer/SDKs/MacOSX26.1.sdk/System/Library/Frameworks/QuartzCore.framework/Headers/CAMetalLayer.h
/Applications/Xcode.app/Contents/Developer/Platforms/MacOSX.platform/Developer/SDKs/MacOSX26.1.sdk/System/Library/Frameworks/Metal.framework/Modules/module.modulemap
/Applications/Xcode.app/Contents/Developer/Platforms/MacOSX.platform/Developer/SDKs/MacOSX26.1.sdk/System/Library/Frameworks/QuartzCore.framework/Headers/CAEDRMetadata.h
/Applications/Xcode.app/Contents/Developer/Platforms/MacOSX.platform/Developer/SDKs/MacOSX26.1.sdk/System/Library/Frameworks/QuartzCore.framework/Headers/CAMetalDisplayLink.h
/Applications/Xcode.app/Contents/Developer/Platforms/MacOSX.platform/Developer/SDKs/MacOSX26.1.sdk/System/Library/Frameworks/QuartzCore.framework/Headers/CAEmitterCell.h
/Applications/Xcode.app/Contents/Developer/Platforms/MacOSX.platform/Developer/SDKs/MacOSX26.1.sdk/System/Library/Frameworks/QuartzCore.framework/Headers/CAEmitterLayer.h
/Applications/Xcode.app/Contents/Developer/Platforms/MacOSX.platform/Developer/SDKs/MacOSX26.1.sdk/System/Library/Frameworks/QuartzCore.framework/Headers/CAGradientLayer.h
/Applications/Xcode.app/Contents/Developer/Platforms/MacOSX.platform/Developer/SDKs/MacOSX26.1.sdk/System/Library/Frameworks/QuartzCore.framework/Headers/CAMediaTimingFunction.h
/Applications/Xcode.app/Contents/Developer/Platforms/MacOSX.platform/Developer/SDKs/MacOSX26.1.sdk/System/Library/Frameworks/QuartzCore.framework/Headers/CAOpenGLLayer.h
/Applications/Xcode.app/Contents/Developer/Platforms/MacOSX.platform/Developer/SDKs/MacOSX26.1.sdk/System/Library/Frameworks/OpenGL.framework/Modules/module.modulemap
/Applications/Xcode.app/Contents/Developer/Platforms/MacOSX.platform/Developer/SDKs/MacOSX26.1.sdk/System/Library/Frameworks/CoreVideo.framework/Modules/module.modulemap
/Applications/Xcode.app/Contents/Developer/Platforms/MacOSX.platform/Developer/SDKs/MacOSX26.1.sdk/System/Library/Frameworks/QuartzCore.framework/Headers/CARemoteLayerClient.h
/Applications/Xcode.app/Contents/Developer/Platforms/MacOSX.platform/Developer/SDKs/MacOSX26.1.sdk/System/Library/Frameworks/QuartzCore.framework/Headers/CARemoteLayerServer.h
/Applications/Xcode.app/Contents/Developer/Platforms/MacOSX.platform/Developer/SDKs/MacOSX26.1.sdk/System/Library/Frameworks/QuartzCore.framework/Headers/CARenderer.h
/Applications/Xcode.app/Contents/Developer/Platforms/MacOSX.platform/Developer/SDKs/MacOSX26.1.sdk/System/Library/Frameworks/QuartzCore.framework/Headers/CAReplicatorLayer.h
/Applications/Xcode.app/Contents/Developer/Platforms/MacOSX.platform/Developer/SDKs/MacOSX26.1.sdk/System/Library/Frameworks/QuartzCore.framework/Headers/CAScrollLayer.h
/Applications/Xcode.app/Contents/Developer/Platforms/MacOSX.platform/Developer/SDKs/MacOSX26.1.sdk/System/Library/Frameworks/QuartzCore.framework/Headers/CAShapeLayer.h
/Applications/Xcode.app/Contents/Developer/Platforms/MacOSX.platform/Developer/SDKs/MacOSX26.1.sdk/System/Library/Frameworks/QuartzCore.framework/Headers/CATextLayer.h
/Applications/Xcode.app/Contents/Developer/Platforms/MacOSX.platform/Developer/SDKs/MacOSX26.1.sdk/System/Library/Frameworks/QuartzCore.framework/Headers/CATiledLayer.h
/Applications/Xcode.app/Contents/Developer/Platforms/MacOSX.platform/Developer/SDKs/MacOSX26.1.sdk/System/Library/Frameworks/QuartzCore.framework/Headers/CATransaction.h
/Applications/Xcode.app/Contents/Developer/Platforms/MacOSX.platform/Developer/SDKs/MacOSX26.1.sdk/System/Library/Frameworks/QuartzCore.framework/Headers/CATransformLayer.h
/Applications/Xcode.app/Contents/Developer/Platforms/MacOSX.platform/Developer/SDKs/MacOSX26.1.sdk/System/Library/Frameworks/QuartzCore.framework/Headers/CAValueFunction.h
/Applications/Xcode.app/Contents/Developer/Platforms/MacOSX.platform/Developer/SDKs/MacOSX26.1.sdk/SDKSettings.json
/Applications/Xcode.app/Contents/Developer/Platforms/MacOSX.platform/Developer/SDKs/MacOSX26.1.sdk/System/Library/Frameworks/Security.framework/Headers/Security.apinotes
/Applications/Xcode.app/Contents/Developer/Platforms/MacOSX.platform/Developer/SDKs/MacOSX26.1.sdk/System/Library/Frameworks/Security.framework/Modules/module.modulemap
/Applications/Xcode.app/Contents/Developer/Platforms/MacOSX.platform/Developer/SDKs/MacOSX26.1.sdk/System/Library/Frameworks/Security.framework/Headers/Security.h
/Applications/Xcode.app/Contents/Developer/Platforms/MacOSX.platform/Developer/SDKs/MacOSX26.1.sdk/System/Library/Frameworks/Security.framework/Headers/SecBase.h
/Applications/Xcode.app/Contents/Developer/Platforms/MacOSX.platform/Developer/SDKs/MacOSX26.1.sdk/usr/include/xpc.modulemap
/Applications/Xcode.app/Contents/Developer/Platforms/MacOSX.platform/Developer/SDKs/MacOSX26.1.sdk/usr/include/dispatch.modulemap
/Applications/Xcode.app/Contents/Developer/Platforms/MacOSX.platform/Developer/SDKs/MacOSX26.1.sdk/usr/include/os.modulemap
/Applications/Xcode.app/Contents/Developer/Platforms/MacOSX.platform/Developer/SDKs/MacOSX26.1.sdk/usr/include/Darwin.modulemap
/Applications/Xcode.app/Contents/Developer/Platforms/MacOSX.platform/Developer/SDKs/MacOSX26.1.sdk/usr/include/Darwin_C.modulemap
/Applications/Xcode.app/Contents/Developer/Platforms/MacOSX.platform/Developer/SDKs/MacOSX26.1.sdk/usr/include/Darwin_POSIX.modulemap
/Applications/Xcode.app/Contents/Developer/Platforms/MacOSX.platform/Developer/SDKs/MacOSX26.1.sdk/usr/include/net.modulemap
/Applications/Xcode.app/Contents/Developer/Platforms/MacOSX.platform/Developer/SDKs/MacOSX26.1.sdk/usr/include/netinet.modulemap
/Applications/Xcode.app/Contents/Developer/Platforms/MacOSX.platform/Developer/SDKs/MacOSX26.1.sdk/usr/include/bank.modulemap
/Applications/Xcode.app/Contents/Developer/Platforms/MacOSX.platform/Developer/SDKs/MacOSX26.1.sdk/usr/include/Darwin_Mach.modulemap
/Applications/Xcode.app/Contents/Developer/Platforms/MacOSX.platform/Developer/SDKs/MacOSX26.1.sdk/usr/include/Darwin_Mach_machine.modulemap
/Applications/Xcode.app/Contents/Developer/Platforms/MacOSX.platform/Developer/SDKs/MacOSX26.1.sdk/usr/include/mach_debug.modulemap
/Applications/Xcode.app/Contents/Developer/Platforms/MacOSX.platform/Developer/SDKs/MacOSX26.1.sdk/usr/include/device.modulemap
/Applications/Xcode.app/Contents/Developer/Platforms/MacOSX.platform/Developer/SDKs/MacOSX26.1.sdk/usr/include/Darwin_machine.modulemap
/Applications/Xcode.app/Contents/Developer/Platforms/MacOSX.platform/Developer/SDKs/MacOSX26.1.sdk/usr/include/ncurses.modulemap
/Applications/Xcode.app/Contents/Developer/Platforms/MacOSX.platform/Developer/SDKs/MacOSX26.1.sdk/usr/include/netinet6.modulemap
/Applications/Xcode.app/Contents/Developer/Platforms/MacOSX.platform/Developer/SDKs/MacOSX26.1.sdk/usr/include/Darwin_sys.modulemap
/Applications/Xcode.app/Contents/Developer/Platforms/MacOSX.platform/Developer/SDKs/MacOSX26.1.sdk/usr/include/uuid.modulemap
/Applications/Xcode.app/Contents/Developer/Platforms/MacOSX.platform/Developer/SDKs/MacOSX26.1.sdk/usr/include/DarwinFoundation2.modulemap
/Applications/Xcode.app/Contents/Developer/Platforms/MacOSX.platform/Developer/SDKs/MacOSX26.1.sdk/usr/include/DarwinFoundation3.modulemap
/Applications/Xcode.app/Contents/Developer/Platforms/MacOSX.platform/Developer/SDKs/MacOSX26.1.sdk/usr/include/DarwinFoundation1.modulemap
/Applications/Xcode.app/Contents/Developer/Platforms/MacOSX.platform/Developer/SDKs/MacOSX26.1.sdk/System/Library/Frameworks/CoreFoundation.framework/Modules/module.modulemap
/Applications/Xcode.app/Contents/Developer/Platforms/MacOSX.platform/Developer/SDKs/MacOSX26.1.sdk/System/Library/Frameworks/Security.framework/Headers/SecCertificate.h
/Applications/Xcode.app/Contents/Developer/Platforms/MacOSX.platform/Developer/SDKs/MacOSX26.1.sdk/System/Library/Frameworks/Security.framework/Headers/cssmtype.h
/Applications/Xcode.app/Contents/Developer/Platforms/MacOSX.platform/Developer/SDKs/MacOSX26.1.sdk/System/Library/Frameworks/Security.framework/Headers/cssmconfig.h
/Applications/Xcode.app/Contents/Developer/Toolchains/XcodeDefault.xctoolchain/usr/lib/swift/clang/include/module.modulemap
/Applications/Xcode.app/Contents/Developer/Platforms/MacOSX.platform/Developer/SDKs/MacOSX26.1.sdk/System/Library/Frameworks/Security.framework/Headers/SecAsn1Types.h
/Applications/Xcode.app/Contents/Developer/Platforms/MacOSX.platform/Developer/SDKs/MacOSX26.1.sdk/System/Library/Frameworks/Security.framework/Headers/x509defs.h
/Applications/Xcode.app/Contents/Developer/Platforms/MacOSX.platform/Developer/SDKs/MacOSX26.1.sdk/System/Library/Frameworks/Security.framework/Headers/SecIdentity.h
/Applications/Xcode.app/Contents/Developer/Platforms/MacOSX.platform/Developer/SDKs/MacOSX26.1.sdk/System/Library/Frameworks/Security.framework/Headers/SecAccessControl.h
/Applications/Xcode.app/Contents/Developer/Platforms/MacOSX.platform/Developer/SDKs/MacOSX26.1.sdk/System/Library/Frameworks/Security.framework/Headers/SecItem.h
/Applications/Xcode.app/Contents/Developer/Platforms/MacOSX.platform/Developer/SDKs/MacOSX26.1.sdk/System/Library/Frameworks/Security.framework/Headers/SecKey.h
/Applications/Xcode.app/Contents/Developer/Platforms/MacOSX.platform/Developer/SDKs/MacOSX26.1.sdk/System/Library/Frameworks/Security.framework/Headers/SecAccess.h
/Applications/Xcode.app/Contents/Developer/Platforms/MacOSX.platform/Developer/SDKs/MacOSX26.1.sdk/System/Library/Frameworks/Security.framework/Headers/SecPolicy.h
/Applications/Xcode.app/Contents/Developer/Platforms/MacOSX.platform/Developer/SDKs/MacOSX26.1.sdk/System/Library/Frameworks/Security.framework/Headers/SecRandom.h
/Applications/Xcode.app/Contents/Developer/Platforms/MacOSX.platform/Developer/SDKs/MacOSX26.1.sdk/System/Library/Frameworks/Security.framework/Headers/SecImportExport.h
/Applications/Xcode.app/Contents/Developer/Platforms/MacOSX.platform/Developer/SDKs/MacOSX26.1.sdk/System/Library/Frameworks/Security.framework/Headers/SecKeychain.h
/Applications/Xcode.app/Contents/Developer/Platforms/MacOSX.platform/Developer/SDKs/MacOSX26.1.sdk/System/Library/Frameworks/Security.framework/Headers/cssmapple.h
/Applications/Xcode.app/Contents/Developer/Platforms/MacOSX.platform/Developer/SDKs/MacOSX26.1.sdk/System/Library/Frameworks/Security.framework/Headers/cssmerr.h
/Applications/Xcode.app/Contents/Developer/Platforms/MacOSX.platform/Developer/SDKs/MacOSX26.1.sdk/System/Library/Frameworks/Security.framework/Headers/certextensions.h
/Applications/Xcode.app/Contents/Developer/Platforms/MacOSX.platform/Developer/SDKs/MacOSX26.1.sdk/System/Library/Frameworks/Security.framework/Headers/SecTrust.h
/Applications/Xcode.app/Contents/Developer/Platforms/MacOSX.platform/Developer/SDKs/MacOSX26.1.sdk/System/Library/Frameworks/Security.framework/Headers/SecSharedCredential.h
/Applications/Xcode.app/Contents/Developer/Platforms/MacOSX.platform/Developer/SDKs/MacOSX26.1.sdk/System/Library/Frameworks/Security.framework/Headers/SecProtocolOptions.h
/Applications/Xcode.app/Contents/Developer/Platforms/MacOSX.platform/Developer/SDKs/MacOSX26.1.sdk/System/Library/Frameworks/Security.framework/Headers/SecProtocolObject.h
/Applications/Xcode.app/Contents/Developer/Platforms/MacOSX.platform/Developer/SDKs/MacOSX26.1.sdk/System/Library/Frameworks/Security.framework/Headers/SecProtocolTypes.h
/Applications/Xcode.app/Contents/Developer/Platforms/MacOSX.platform/Developer/SDKs/MacOSX26.1.sdk/System/Library/Frameworks/Security.framework/Headers/CipherSuite.h
/Applications/Xcode.app/Contents/Developer/Platforms/MacOSX.platform/Developer/SDKs/MacOSX26.1.sdk/System/Library/Frameworks/Security.framework/Headers/SecProtocolMetadata.h
/Applications/Xcode.app/Contents/Developer/Platforms/MacOSX.platform/Developer/SDKs/MacOSX26.1.sdk/System/Library/Frameworks/Security.framework/Headers/AuthSession.h
/Applications/Xcode.app/Contents/Developer/Platforms/MacOSX.platform/Developer/SDKs/MacOSX26.1.sdk/System/Library/Frameworks/Security.framework/Headers/Authorization.h
/Applications/Xcode.app/Contents/Developer/Platforms/MacOSX.platform/Developer/SDKs/MacOSX26.1.sdk/usr/include/stdio.h
/Applications/Xcode.app/Contents/Developer/Platforms/MacOSX.platform/Developer/SDKs/MacOSX26.1.sdk/System/Library/Frameworks/Security.framework/Headers/cssm.h
/Applications/Xcode.app/Contents/Developer/Platforms/MacOSX.platform/Developer/SDKs/MacOSX26.1.sdk/System/Library/Frameworks/Security.framework/Headers/emmtype.h
/Applications/Xcode.app/Contents/Developer/Platforms/MacOSX.platform/Developer/SDKs/MacOSX26.1.sdk/System/Library/Frameworks/Security.framework/Headers/cssmapi.h
/Applications/Xcode.app/Contents/Developer/Platforms/MacOSX.platform/Developer/SDKs/MacOSX26.1.sdk/System/Library/Frameworks/Security.framework/Headers/cssmaci.h
/Applications/Xcode.app/Contents/Developer/Platforms/MacOSX.platform/Developer/SDKs/MacOSX26.1.sdk/System/Library/Frameworks/Security.framework/Headers/cssmcli.h
/Applications/Xcode.app/Contents/Developer/Platforms/MacOSX.platform/Developer/SDKs/MacOSX26.1.sdk/System/Library/Frameworks/Security.framework/Headers/cssmcspi.h
/Applications/Xcode.app/Contents/Developer/Platforms/MacOSX.platform/Developer/SDKs/MacOSX26.1.sdk/System/Library/Frameworks/Security.framework/Headers/cssmspi.h
/Applications/Xcode.app/Contents/Developer/Platforms/MacOSX.platform/Developer/SDKs/MacOSX26.1.sdk/System/Library/Frameworks/Security.framework/Headers/cssmdli.h
/Applications/Xcode.app/Contents/Developer/Platforms/MacOSX.platform/Developer/SDKs/MacOSX26.1.sdk/System/Library/Frameworks/Security.framework/Headers/cssmkrapi.h
/Applications/Xcode.app/Contents/Developer/Platforms/MacOSX.platform/Developer/SDKs/MacOSX26.1.sdk/System/Library/Frameworks/Security.framework/Headers/cssmkrspi.h
/Applications/Xcode.app/Contents/Developer/Platforms/MacOSX.platform/Developer/SDKs/MacOSX26.1.sdk/System/Library/Frameworks/Security.framework/Headers/cssmtpi.h
/Applications/Xcode.app/Contents/Developer/Platforms/MacOSX.platform/Developer/SDKs/MacOSX26.1.sdk/System/Library/Frameworks/Security.framework/Headers/emmspi.h
/Applications/Xcode.app/Contents/Developer/Platforms/MacOSX.platform/Developer/SDKs/MacOSX26.1.sdk/System/Library/Frameworks/Security.framework/Headers/mds.h
/Applications/Xcode.app/Contents/Developer/Platforms/MacOSX.platform/Developer/SDKs/MacOSX26.1.sdk/System/Library/Frameworks/Security.framework/Headers/mds_schema.h
/Applications/Xcode.app/Contents/Developer/Platforms/MacOSX.platform/Developer/SDKs/MacOSX26.1.sdk/System/Library/Frameworks/Security.framework/Headers/oidsalg.h
/Applications/Xcode.app/Contents/Developer/Platforms/MacOSX.platform/Developer/SDKs/MacOSX26.1.sdk/System/Library/Frameworks/Security.framework/Headers/oidsattr.h
/Applications/Xcode.app/Contents/Developer/Platforms/MacOSX.platform/Developer/SDKs/MacOSX26.1.sdk/System/Library/Frameworks/Security.framework/Headers/oidsbase.h
/Applications/Xcode.app/Contents/Developer/Platforms/MacOSX.platform/Developer/SDKs/MacOSX26.1.sdk/System/Library/Frameworks/Security.framework/Headers/oidscert.h
/Applications/Xcode.app/Contents/Developer/Platforms/MacOSX.platform/Developer/SDKs/MacOSX26.1.sdk/System/Library/Frameworks/Security.framework/Headers/oidscrl.h
/Applications/Xcode.app/Contents/Developer/Platforms/MacOSX.platform/Developer/SDKs/MacOSX26.1.sdk/System/Library/Frameworks/Security.framework/Headers/SecACL.h
/Applications/Xcode.app/Contents/Developer/Platforms/MacOSX.platform/Developer/SDKs/MacOSX26.1.sdk/System/Library/Frameworks/Security.framework/Headers/SecCertificateOIDs.h
/Applications/Xcode.app/Contents/Developer/Platforms/MacOSX.platform/Developer/SDKs/MacOSX26.1.sdk/System/Library/Frameworks/Security.framework/Headers/SecIdentitySearch.h
/Applications/Xcode.app/Contents/Developer/Platforms/MacOSX.platform/Developer/SDKs/MacOSX26.1.sdk/System/Library/Frameworks/Security.framework/Headers/SecKeychainItem.h
/Applications/Xcode.app/Contents/Developer/Platforms/MacOSX.platform/Developer/SDKs/MacOSX26.1.sdk/System/Library/Frameworks/Security.framework/Headers/SecKeychainSearch.h
/Applications/Xcode.app/Contents/Developer/Platforms/MacOSX.platform/Developer/SDKs/MacOSX26.1.sdk/System/Library/Frameworks/Security.framework/Headers/SecPolicySearch.h
/Applications/Xcode.app/Contents/Developer/Platforms/MacOSX.platform/Developer/SDKs/MacOSX26.1.sdk/System/Library/Frameworks/Security.framework/Headers/SecTrustedApplication.h
/Applications/Xcode.app/Contents/Developer/Platforms/MacOSX.platform/Developer/SDKs/MacOSX26.1.sdk/System/Library/Frameworks/Security.framework/Headers/SecTrustSettings.h
/Applications/Xcode.app/Contents/Developer/Platforms/MacOSX.platform/Developer/SDKs/MacOSX26.1.sdk/System/Library/Frameworks/Security.framework/Headers/SecStaticCode.h
/Applications/Xcode.app/Contents/Developer/Platforms/MacOSX.platform/Developer/SDKs/MacOSX26.1.sdk/System/Library/Frameworks/Security.framework/Headers/CSCommon.h
/Applications/Xcode.app/Contents/Developer/Platforms/MacOSX.platform/Developer/SDKs/MacOSX26.1.sdk/System/Library/Frameworks/Security.framework/Headers/SecCode.h
/Applications/Xcode.app/Contents/Developer/Platforms/MacOSX.platform/Developer/SDKs/MacOSX26.1.sdk/System/Library/Frameworks/Security.framework/Headers/SecCodeHost.h
/Applications/Xcode.app/Contents/Developer/Platforms/MacOSX.platform/Developer/SDKs/MacOSX26.1.sdk/System/Library/Frameworks/Security.framework/Headers/SecRequirement.h
/Applications/Xcode.app/Contents/Developer/Platforms/MacOSX.platform/Developer/SDKs/MacOSX26.1.sdk/System/Library/Frameworks/Security.framework/Headers/SecTask.h
/Applications/Xcode.app/Contents/Developer/Platforms/MacOSX.platform/Developer/SDKs/MacOSX26.1.sdk/System/Library/Frameworks/Security.framework/Headers/AuthorizationTags.h
/Applications/Xcode.app/Contents/Developer/Platforms/MacOSX.platform/Developer/SDKs/MacOSX26.1.sdk/System/Library/Frameworks/Security.framework/Headers/AuthorizationDB.h
/Applications/Xcode.app/Contents/Developer/Platforms/MacOSX.platform/Developer/SDKs/MacOSX26.1.sdk/System/Library/Frameworks/Security.framework/Headers/CMSDecoder.h
/Applications/Xcode.app/Contents/Developer/Platforms/MacOSX.platform/Developer/SDKs/MacOSX26.1.sdk/System/Library/Frameworks/Security.framework/Headers/CMSEncoder.h
/Applications/Xcode.app/Contents/Developer/Platforms/MacOSX.platform/Developer/SDKs/MacOSX26.1.sdk/System/Library/Frameworks/Security.framework/Headers/SecureTransport.h
/Applications/Xcode.app/Contents/Developer/Platforms/MacOSX.platform/Developer/SDKs/MacOSX26.1.sdk/System/Library/Frameworks/Security.framework/Headers/SecTransform.h
/Applications/Xcode.app/Contents/Developer/Platforms/MacOSX.platform/Developer/SDKs/MacOSX26.1.sdk/System/Library/Frameworks/Security.framework/Headers/SecCustomTransform.h
/Applications/Xcode.app/Contents/Developer/Platforms/MacOSX.platform/Developer/SDKs/MacOSX26.1.sdk/System/Library/Frameworks/Security.framework/Headers/SecDecodeTransform.h
/Applications/Xcode.app/Contents/Developer/Platforms/MacOSX.platform/Developer/SDKs/MacOSX26.1.sdk/System/Library/Frameworks/Security.framework/Headers/SecEncodeTransform.h
/Applications/Xcode.app/Contents/Developer/Platforms/MacOSX.platform/Developer/SDKs/MacOSX26.1.sdk/System/Library/Frameworks/Security.framework/Headers/SecDigestTransform.h
/Applications/Xcode.app/Contents/Developer/Platforms/MacOSX.platform/Developer/SDKs/MacOSX26.1.sdk/System/Library/Frameworks/Security.framework/Headers/SecEncryptTransform.h
/Applications/Xcode.app/Contents/Developer/Platforms/MacOSX.platform/Developer/SDKs/MacOSX26.1.sdk/System/Library/Frameworks/Security.framework/Headers/SecSignVerifyTransform.h
/Applications/Xcode.app/Contents/Developer/Platforms/MacOSX.platform/Developer/SDKs/MacOSX26.1.sdk/System/Library/Frameworks/Security.framework/Headers/SecReadTransform.h
/Applications/Xcode.app/Contents/Developer/Platforms/MacOSX.platform/Developer/SDKs/MacOSX26.1.sdk/System/Library/Frameworks/Security.framework/Headers/SecTransformReadTransform.h
/Applications/Xcode.app/Contents/Developer/Platforms/MacOSX.platform/Developer/SDKs/MacOSX26.1.sdk/System/Library/Frameworks/Security.framework/Headers/oids.h
/Applications/Xcode.app/Contents/Developer/Platforms/MacOSX.platform/Developer/SDKs/MacOSX26.1.sdk/usr/include/libDER/module.modulemap
/Applications/Xcode.app/Contents/Developer/Platforms/MacOSX.platform/Developer/SDKs/MacOSX26.1.sdk/usr/include/string.h
/Applications/Xcode.app/Contents/Developer/Platforms/MacOSX.platform/Developer/SDKs/MacOSX26.1.sdk/System/Library/Frameworks/Security.framework/Headers/AuthorizationPlugin.h
/Applications/Xcode.app/Contents/Developer/Platforms/MacOSX.platform/Developer/SDKs/MacOSX26.1.sdk/System/Library/Frameworks/Security.framework/Headers/CodeSigning.h
/Applications/Xcode.app/Contents/Developer/Platforms/MacOSX.platform/Developer/SDKs/MacOSX26.1.sdk/System/Library/Frameworks/Security.framework/Headers/eisl.h
/Applications/Xcode.app/Contents/Developer/Platforms/MacOSX.platform/Developer/SDKs/MacOSX26.1.sdk/System/Library/Frameworks/Security.framework/Headers/SecAsn1Coder.h
/Applications/Xcode.app/Contents/Developer/Platforms/MacOSX.platform/Developer/SDKs/MacOSX26.1.sdk/System/Library/Frameworks/Security.framework/Headers/SecAsn1Templates.h
/Applications/Xcode.app/Contents/Developer/Platforms/MacOSX.platform/Developer/SDKs/MacOSX26.1.sdk/System/Library/Frameworks/Security.framework/Headers/SecureDownload.h
/Applications/Xcode.app/Contents/Developer/Platforms/MacOSX.platform/Developer/SDKs/MacOSX26.1.sdk/SDKSettings.json
/Applications/Xcode.app/Contents/Developer/Platforms/MacOSX.platform/Developer/SDKs/MacOSX26.1.sdk/usr/include/Spatial/module.modulemap
/Applications/Xcode.app/Contents/Developer/Platforms/MacOSX.platform/Developer/SDKs/MacOSX26.1.sdk/usr/include/Spatial/Spatial.h
/Applications/Xcode.app/Contents/Developer/Platforms/MacOSX.platform/Developer/SDKs/MacOSX26.1.sdk/usr/include/Spatial/Base.h
/Applications/Xcode.app/Contents/Developer/Platforms/MacOSX.platform/Developer/SDKs/MacOSX26.1.sdk/usr/include/Spatial/Structures.h
/Applications/Xcode.app/Contents/Developer/Platforms/MacOSX.platform/Developer/SDKs/MacOSX26.1.sdk/usr/include/simd/module.modulemap
/Applications/Xcode.app/Contents/Developer/Toolchains/XcodeDefault.xctoolchain/usr/lib/swift/clang/include/module.modulemap
/Applications/Xcode.app/Contents/Developer/Platforms/MacOSX.platform/Developer/SDKs/MacOSX26.1.sdk/usr/include/Spatial/StructuresFloat.h
/Applications/Xcode.app/Contents/Developer/Platforms/MacOSX.platform/Developer/SDKs/MacOSX26.1.sdk/usr/include/Spatial/StucturesPackedFloat.h
/Applications/Xcode.app/Contents/Developer/Platforms/MacOSX.platform/Developer/SDKs/MacOSX26.1.sdk/usr/include/Spatial/StructuresPackedDouble.h
/Applications/Xcode.app/Contents/Developer/Platforms/MacOSX.platform/Developer/SDKs/MacOSX26.1.sdk/usr/include/Spatial/SPAngle.h
/Applications/Xcode.app/Contents/Developer/Platforms/MacOSX.platform/Developer/SDKs/MacOSX26.1.sdk/usr/include/DarwinFoundation1.modulemap
/Applications/Xcode.app/Contents/Developer/Platforms/MacOSX.platform/Developer/SDKs/MacOSX26.1.sdk/usr/include/Spatial/SPAngleFloat.h
/Applications/Xcode.app/Contents/Developer/Platforms/MacOSX.platform/Developer/SDKs/MacOSX26.1.sdk/usr/include/Spatial/SPRotationAxis3D.h
/Applications/Xcode.app/Contents/Developer/Platforms/MacOSX.platform/Developer/SDKs/MacOSX26.1.sdk/usr/include/Spatial/SPRotationAxis3DFloat.h
/Applications/Xcode.app/Contents/Developer/Platforms/MacOSX.platform/Developer/SDKs/MacOSX26.1.sdk/usr/include/Spatial/SpatialEnumerations.h
/Applications/Xcode.app/Contents/Developer/Platforms/MacOSX.platform/Developer/SDKs/MacOSX26.1.sdk/usr/include/Spatial/SPRotation3D.h
/Applications/Xcode.app/Contents/Developer/Platforms/MacOSX.platform/Developer/SDKs/MacOSX26.1.sdk/usr/include/Spatial/SPRotation3DFloat.h
/Applications/Xcode.app/Contents/Developer/Platforms/MacOSX.platform/Developer/SDKs/MacOSX26.1.sdk/usr/include/Spatial/SPAffineTransform3D.h
/Applications/Xcode.app/Contents/Developer/Platforms/MacOSX.platform/Developer/SDKs/MacOSX26.1.sdk/usr/include/Spatial/SPAffineTransform3DFloat.h
/Applications/Xcode.app/Contents/Developer/Platforms/MacOSX.platform/Developer/SDKs/MacOSX26.1.sdk/usr/include/Spatial/SPProjectiveTransform3D.h
/Applications/Xcode.app/Contents/Developer/Platforms/MacOSX.platform/Developer/SDKs/MacOSX26.1.sdk/usr/include/Spatial/SPProjectiveTransform3DFloat.h
/Applications/Xcode.app/Contents/Developer/Platforms/MacOSX.platform/Developer/SDKs/MacOSX26.1.sdk/usr/include/Spatial/SPPoint3D.h
/Applications/Xcode.app/Contents/Developer/Platforms/MacOSX.platform/Developer/SDKs/MacOSX26.1.sdk/usr/include/Spatial/SPPoint3DFloat.h
/Applications/Xcode.app/Contents/Developer/Platforms/MacOSX.platform/Developer/SDKs/MacOSX26.1.sdk/usr/include/Spatial/SPVector3D.h
/Applications/Xcode.app/Contents/Developer/Platforms/MacOSX.platform/Developer/SDKs/MacOSX26.1.sdk/usr/include/Spatial/SPVector3DFloat.h
/Applications/Xcode.app/Contents/Developer/Platforms/MacOSX.platform/Developer/SDKs/MacOSX26.1.sdk/usr/include/Spatial/SPRect3D.h
/Applications/Xcode.app/Contents/Developer/Platforms/MacOSX.platform/Developer/SDKs/MacOSX26.1.sdk/usr/include/Spatial/SPRect3DFloat.h
/Applications/Xcode.app/Contents/Developer/Platforms/MacOSX.platform/Developer/SDKs/MacOSX26.1.sdk/usr/include/Spatial/SPRay3D.h
/Applications/Xcode.app/Contents/Developer/Platforms/MacOSX.platform/Developer/SDKs/MacOSX26.1.sdk/usr/include/Spatial/SPRay3DFloat.h
/Applications/Xcode.app/Contents/Developer/Platforms/MacOSX.platform/Developer/SDKs/MacOSX26.1.sdk/usr/include/Spatial/SPSize3D.h
/Applications/Xcode.app/Contents/Developer/Platforms/MacOSX.platform/Developer/SDKs/MacOSX26.1.sdk/usr/include/Spatial/SPSize3DFloat.h
/Applications/Xcode.app/Contents/Developer/Platforms/MacOSX.platform/Developer/SDKs/MacOSX26.1.sdk/usr/include/Spatial/SPPose3D.h
/Applications/Xcode.app/Contents/Developer/Platforms/MacOSX.platform/Developer/SDKs/MacOSX26.1.sdk/usr/include/Spatial/SPPose3DFloat.h
/Applications/Xcode.app/Contents/Developer/Platforms/MacOSX.platform/Developer/SDKs/MacOSX26.1.sdk/usr/include/Spatial/SPScaledPose3D.h
/Applications/Xcode.app/Contents/Developer/Platforms/MacOSX.platform/Developer/SDKs/MacOSX26.1.sdk/usr/include/Spatial/SPScaledPose3DFloat.h
/Applications/Xcode.app/Contents/Developer/Platforms/MacOSX.platform/Developer/SDKs/MacOSX26.1.sdk/usr/include/Spatial/SPSphericalCoordinates3D.h
/Applications/Xcode.app/Contents/Developer/Platforms/MacOSX.platform/Developer/SDKs/MacOSX26.1.sdk/usr/include/Spatial/SPSphericalCoordinates3DFloat.h
/Applications/Xcode.app/Contents/Developer/Platforms/MacOSX.platform/Developer/SDKs/MacOSX26.1.sdk/usr/include/Spatial/SpatialTypeConversion.h
/Applications/Xcode.app/Contents/Developer/Platforms/MacOSX.platform/Developer/SDKs/MacOSX26.1.sdk/SDKSettings.json
/Applications/Xcode.app/Contents/Developer/Toolchains/XcodeDefault.xctoolchain/usr/lib/swift/macosx/prebuilt-modules/26.1/Spatial.swiftmodule/arm64e-apple-macos.swiftmodule
/Applications/Xcode.app/Contents/Developer/Toolchains/XcodeDefault.xctoolchain/usr/lib/swift/macosx/prebuilt-modules/26.1/Swift.swiftmodule/arm64e-apple-macos.swiftmodule
/Users/rogerlin/Library/Developer/Xcode/DerivedData/FinancialCalculatorKit-ackorybalcxbfocbkqsfdzcfkgmn/Build/Products/Debug/SwiftDraw.swiftmodule/arm64-apple-macos.swiftmodule
/Users/rogerlin/Library/Developer/Xcode/DerivedData/FinancialCalculatorKit-ackorybalcxbfocbkqsfdzcfkgmn/Build/Products/Debug/SwiftDrawDOM.swiftmodule/arm64-apple-macos.swiftmodule
/Applications/Xcode.app/Contents/Developer/Toolchains/XcodeDefault.xctoolchain/usr/lib/swift/macosx/prebuilt-modules/26.1/SwiftOnoneSupport.swiftmodule/arm64e-apple-macos.swiftmodule
/Applications/Xcode.app/Contents/Developer/Platforms/MacOSX.platform/Developer/SDKs/MacOSX26.1.sdk/usr/lib/swift/shims/module.modulemap
/Applications/Xcode.app/Contents/Developer/Platforms/MacOSX.platform/Developer/SDKs/MacOSX26.1.sdk/usr/lib/swift/shims/AssertionReporting.h
/Applications/Xcode.app/Contents/Developer/Platforms/MacOSX.platform/Developer/SDKs/MacOSX26.1.sdk/usr/lib/swift/shims/SwiftStdint.h
/Applications/Xcode.app/Contents/Developer/Platforms/MacOSX.platform/Developer/SDKs/MacOSX26.1.sdk/usr/lib/swift/shims/Visibility.h
/Applications/Xcode.app/Contents/Developer/Platforms/MacOSX.platform/Developer/SDKs/MacOSX26.1.sdk/usr/lib/swift/shims/CoreFoundationShims.h
/Applications/Xcode.app/Contents/Developer/Platforms/MacOSX.platform/Developer/SDKs/MacOSX26.1.sdk/usr/lib/swift/shims/ObjCShims.h
/Applications/Xcode.app/Contents/Developer/Platforms/MacOSX.platform/Developer/SDKs/MacOSX26.1.sdk/usr/lib/swift/shims/EmbeddedShims.h
/Applications/Xcode.app/Contents/Developer/Platforms/MacOSX.platform/Developer/SDKs/MacOSX26.1.sdk/usr/lib/swift/shims/SwiftStddef.h
/Applications/Xcode.app/Contents/Developer/Platforms/MacOSX.platform/Developer/SDKs/MacOSX26.1.sdk/usr/lib/swift/shims/FoundationShims.h
/Applications/Xcode.app/Contents/Developer/Platforms/MacOSX.platform/Developer/SDKs/MacOSX26.1.sdk/usr/lib/swift/shims/GlobalObjects.h
/Applications/Xcode.app/Contents/Developer/Platforms/MacOSX.platform/Developer/SDKs/MacOSX26.1.sdk/usr/lib/swift/shims/SwiftStdbool.h
/Applications/Xcode.app/Contents/Developer/Platforms/MacOSX.platform/Developer/SDKs/MacOSX26.1.sdk/usr/lib/swift/shims/HeapObject.h
/Applications/Xcode.app/Contents/Developer/Platforms/MacOSX.platform/Developer/SDKs/MacOSX26.1.sdk/usr/lib/swift/shims/RefCount.h
/Applications/Xcode.app/Contents/Developer/Platforms/MacOSX.platform/Developer/SDKs/MacOSX26.1.sdk/usr/lib/swift/shims/System.h
/Applications/Xcode.app/Contents/Developer/Platforms/MacOSX.platform/Developer/SDKs/MacOSX26.1.sdk/usr/lib/swift/shims/Target.h
/Applications/Xcode.app/Contents/Developer/Platforms/MacOSX.platform/Developer/SDKs/MacOSX26.1.sdk/usr/lib/swift/shims/KeyPath.h
/Applications/Xcode.app/Contents/Developer/Platforms/MacOSX.platform/Developer/SDKs/MacOSX26.1.sdk/usr/lib/swift/shims/LibcShims.h
/Applications/Xcode.app/Contents/Developer/Platforms/MacOSX.platform/Developer/SDKs/MacOSX26.1.sdk/usr/lib/swift/shims/MetadataSections.h
/Applications/Xcode.app/Contents/Developer/Platforms/MacOSX.platform/Developer/SDKs/MacOSX26.1.sdk/usr/lib/swift/shims/Random.h
/Applications/Xcode.app/Contents/Developer/Platforms/MacOSX.platform/Developer/SDKs/MacOSX26.1.sdk/usr/lib/swift/shims/Reflection.h
/Applications/Xcode.app/Contents/Developer/Platforms/MacOSX.platform/Developer/SDKs/MacOSX26.1.sdk/usr/lib/swift/shims/RuntimeShims.h
/Applications/Xcode.app/Contents/Developer/Platforms/MacOSX.platform/Developer/SDKs/MacOSX26.1.sdk/usr/lib/swift/shims/RuntimeStubs.h
/Applications/Xcode.app/Contents/Developer/Platforms/MacOSX.platform/Developer/SDKs/MacOSX26.1.sdk/usr/lib/swift/shims/ThreadLocalStorage.h
/Applications/Xcode.app/Contents/Developer/Platforms/MacOSX.platform/Developer/SDKs/MacOSX26.1.sdk/usr/lib/swift/shims/UnicodeData.h
/Applications/Xcode.app/Contents/Developer/Platforms/MacOSX.platform/Developer/SDKs/MacOSX26.1.sdk/SDKSettings.json
/Applications/Xcode.app/Contents/Developer/Toolchains/XcodeDefault.xctoolchain/usr/lib/swift/macosx/prebuilt-modules/26.1/SwiftUI.swiftmodule/arm64e-apple-macos.swiftmodule
/Applications/Xcode.app/Contents/Developer/Platforms/MacOSX.platform/Developer/SDKs/MacOSX26.1.sdk/System/Library/Frameworks/SwiftUI.framework/Modules/module.modulemap
/Applications/Xcode.app/Contents/Developer/Platforms/MacOSX.platform/Developer/SDKs/MacOSX26.1.sdk/System/Library/Frameworks/SwiftUI.framework/Headers/SwiftUI.h
/Applications/Xcode.app/Contents/Developer/Platforms/MacOSX.platform/Developer/SDKs/MacOSX26.1.sdk/usr/include/DarwinFoundation1.modulemap
/Applications/Xcode.app/Contents/Developer/Platforms/MacOSX.platform/Developer/SDKs/MacOSX26.1.sdk/System/Library/Frameworks/AppKit.framework/Modules/module.modulemap
/Applications/Xcode.app/Contents/Developer/Platforms/MacOSX.platform/Developer/SDKs/MacOSX26.1.sdk/SDKSettings.json
/Applications/Xcode.app/Contents/Developer/Platforms/MacOSX.platform/Developer/SDKs/MacOSX26.1.sdk/System/Library/Frameworks/SwiftUICore.framework/Modules/module.modulemap
/Applications/Xcode.app/Contents/Developer/Platforms/MacOSX.platform/Developer/SDKs/MacOSX26.1.sdk/System/Library/Frameworks/SwiftUICore.framework/Headers/SwiftUICore.h
/Applications/Xcode.app/Contents/Developer/Platforms/MacOSX.platform/Developer/SDKs/MacOSX26.1.sdk/usr/include/DarwinFoundation1.modulemap
/Applications/Xcode.app/Contents/Developer/Platforms/MacOSX.platform/Developer/SDKs/MacOSX26.1.sdk/System/Library/Frameworks/Foundation.framework/Modules/module.modulemap
/Applications/Xcode.app/Contents/Developer/Platforms/MacOSX.platform/Developer/SDKs/MacOSX26.1.sdk/System/Library/Frameworks/CoreGraphics.framework/Modules/module.modulemap
/Applications/Xcode.app/Contents/Developer/Platforms/MacOSX.platform/Developer/SDKs/MacOSX26.1.sdk/System/Library/Frameworks/CoreText.framework/Modules/module.modulemap
/Applications/Xcode.app/Contents/Developer/Platforms/MacOSX.platform/Developer/SDKs/MacOSX26.1.sdk/System/Library/Frameworks/QuartzCore.framework/Modules/module.modulemap
/Applications/Xcode.app/Contents/Developer/Platforms/MacOSX.platform/Developer/SDKs/MacOSX26.1.sdk/SDKSettings.json
/Applications/Xcode.app/Contents/Developer/Toolchains/XcodeDefault.xctoolchain/usr/lib/swift/macosx/prebuilt-modules/26.1/SwiftUICore.swiftmodule/arm64e-apple-macos.swiftmodule
/Applications/Xcode.app/Contents/Developer/Toolchains/XcodeDefault.xctoolchain/usr/lib/swift/macosx/prebuilt-modules/26.1/Symbols.swiftmodule/arm64e-apple-macos.swiftmodule
/Applications/Xcode.app/Contents/Developer/Platforms/MacOSX.platform/Developer/SDKs/MacOSX26.1.sdk/System/Library/Frameworks/Symbols.framework/Modules/module.modulemap
/Applications/Xcode.app/Contents/Developer/Platforms/MacOSX.platform/Developer/SDKs/MacOSX26.1.sdk/System/Library/Frameworks/Symbols.framework/Headers/Symbols.h
/Applications/Xcode.app/Contents/Developer/Platforms/MacOSX.platform/Developer/SDKs/MacOSX26.1.sdk/System/Library/Frameworks/Foundation.framework/Modules/module.modulemap
/Applications/Xcode.app/Contents/Developer/Platforms/MacOSX.platform/Developer/SDKs/MacOSX26.1.sdk/System/Library/Frameworks/Symbols.framework/Headers/NSSymbolEffect.h
/Applications/Xcode.app/Contents/Developer/Platforms/MacOSX.platform/Developer/SDKs/MacOSX26.1.sdk/SDKSettings.json
/Applications/Xcode.app/Contents/Developer/Toolchains/XcodeDefault.xctoolchain/usr/lib/swift/macosx/prebuilt-modules/26.1/System.swiftmodule/arm64e-apple-macos.swiftmodule
/Applications/Xcode.app/Contents/Developer/Platforms/MacOSX.platform/Developer/SDKs/MacOSX26.1.sdk/System/Library/Frameworks/UniformTypeIdentifiers.framework/Headers/UniformTypeIdentifiers.apinotes
/Applications/Xcode.app/Contents/Developer/Platforms/MacOSX.platform/Developer/SDKs/MacOSX26.1.sdk/System/Library/Frameworks/UniformTypeIdentifiers.framework/Modules/module.modulemap
/Applications/Xcode.app/Contents/Developer/Platforms/MacOSX.platform/Developer/SDKs/MacOSX26.1.sdk/System/Library/Frameworks/UniformTypeIdentifiers.framework/Headers/UniformTypeIdentifiers.h
/Applications/Xcode.app/Contents/Developer/Platforms/MacOSX.platform/Developer/SDKs/MacOSX26.1.sdk/System/Library/Frameworks/UniformTypeIdentifiers.framework/Headers/UTDefines.h
/Applications/Xcode.app/Contents/Developer/Platforms/MacOSX.platform/Developer/SDKs/MacOSX26.1.sdk/usr/include/DarwinFoundation1.modulemap
/Applications/Xcode.app/Contents/Developer/Platforms/MacOSX.platform/Developer/SDKs/MacOSX26.1.sdk/System/Library/Frameworks/UniformTypeIdentifiers.framework/Headers/UTTagClass.h
/Applications/Xcode.app/Contents/Developer/Platforms/MacOSX.platform/Developer/SDKs/MacOSX26.1.sdk/System/Library/Frameworks/Foundation.framework/Modules/module.modulemap
/Applications/Xcode.app/Contents/Developer/Platforms/MacOSX.platform/Developer/SDKs/MacOSX26.1.sdk/System/Library/Frameworks/UniformTypeIdentifiers.framework/Headers/UTType.h
/Applications/Xcode.app/Contents/Developer/Platforms/MacOSX.platform/Developer/SDKs/MacOSX26.1.sdk/System/Library/Frameworks/UniformTypeIdentifiers.framework/Headers/UTCoreTypes.h
/Applications/Xcode.app/Contents/Developer/Platforms/MacOSX.platform/Developer/SDKs/MacOSX26.1.sdk/System/Library/Frameworks/UniformTypeIdentifiers.framework/Headers/UTAdditions.h
/Applications/Xcode.app/Contents/Developer/Platforms/MacOSX.platform/Developer/SDKs/MacOSX26.1.sdk/System/Library/Frameworks/UniformTypeIdentifiers.framework/Headers/NSItemProvider+UTType.h
/Applications/Xcode.app/Contents/Developer/Platforms/MacOSX.platform/Developer/SDKs/MacOSX26.1.sdk/SDKSettings.json
/Applications/Xcode.app/Contents/Developer/Toolchains/XcodeDefault.xctoolchain/usr/lib/swift/macosx/prebuilt-modules/26.1/UniformTypeIdentifiers.swiftmodule/arm64e-apple-macos.swiftmodule
/Applications/Xcode.app/Contents/Developer/Platforms/MacOSX.platform/Developer/SDKs/MacOSX26.1.sdk/usr/include/XPC.apinotes
/Applications/Xcode.app/Contents/Developer/Platforms/MacOSX.platform/Developer/SDKs/MacOSX26.1.sdk/usr/include/launch.modulemap
/Applications/Xcode.app/Contents/Developer/Platforms/MacOSX.platform/Developer/SDKs/MacOSX26.1.sdk/usr/include/xpc.modulemap
/Applications/Xcode.app/Contents/Developer/Platforms/MacOSX.platform/Developer/SDKs/MacOSX26.1.sdk/usr/include/dispatch.modulemap
/Applications/Xcode.app/Contents/Developer/Platforms/MacOSX.platform/Developer/SDKs/MacOSX26.1.sdk/usr/include/os.modulemap
/Applications/Xcode.app/Contents/Developer/Platforms/MacOSX.platform/Developer/SDKs/MacOSX26.1.sdk/usr/include/Darwin.modulemap
/Applications/Xcode.app/Contents/Developer/Platforms/MacOSX.platform/Developer/SDKs/MacOSX26.1.sdk/usr/include/Darwin_C.modulemap
/Applications/Xcode.app/Contents/Developer/Platforms/MacOSX.platform/Developer/SDKs/MacOSX26.1.sdk/usr/include/Darwin_POSIX.modulemap
/Applications/Xcode.app/Contents/Developer/Platforms/MacOSX.platform/Developer/SDKs/MacOSX26.1.sdk/usr/include/net.modulemap
/Applications/Xcode.app/Contents/Developer/Platforms/MacOSX.platform/Developer/SDKs/MacOSX26.1.sdk/usr/include/netinet.modulemap
/Applications/Xcode.app/Contents/Developer/Platforms/MacOSX.platform/Developer/SDKs/MacOSX26.1.sdk/usr/include/bank.modulemap
/Applications/Xcode.app/Contents/Developer/Platforms/MacOSX.platform/Developer/SDKs/MacOSX26.1.sdk/usr/include/Darwin_Mach.modulemap
/Applications/Xcode.app/Contents/Developer/Platforms/MacOSX.platform/Developer/SDKs/MacOSX26.1.sdk/usr/include/Darwin_Mach_machine.modulemap
/Applications/Xcode.app/Contents/Developer/Platforms/MacOSX.platform/Developer/SDKs/MacOSX26.1.sdk/usr/include/mach_debug.modulemap
/Applications/Xcode.app/Contents/Developer/Platforms/MacOSX.platform/Developer/SDKs/MacOSX26.1.sdk/usr/include/device.modulemap
/Applications/Xcode.app/Contents/Developer/Platforms/MacOSX.platform/Developer/SDKs/MacOSX26.1.sdk/usr/include/Darwin_machine.modulemap
/Applications/Xcode.app/Contents/Developer/Platforms/MacOSX.platform/Developer/SDKs/MacOSX26.1.sdk/usr/include/ncurses.modulemap
/Applications/Xcode.app/Contents/Developer/Platforms/MacOSX.platform/Developer/SDKs/MacOSX26.1.sdk/usr/include/netinet6.modulemap
/Applications/Xcode.app/Contents/Developer/Platforms/MacOSX.platform/Developer/SDKs/MacOSX26.1.sdk/usr/include/Darwin_sys.modulemap
/Applications/Xcode.app/Contents/Developer/Platforms/MacOSX.platform/Developer/SDKs/MacOSX26.1.sdk/usr/include/uuid.modulemap
/Applications/Xcode.app/Contents/Developer/Platforms/MacOSX.platform/Developer/SDKs/MacOSX26.1.sdk/usr/include/DarwinFoundation2.modulemap
/Applications/Xcode.app/Contents/Developer/Platforms/MacOSX.platform/Developer/SDKs/MacOSX26.1.sdk/usr/include/DarwinFoundation3.modulemap
/Applications/Xcode.app/Contents/Developer/Platforms/MacOSX.platform/Developer/SDKs/MacOSX26.1.sdk/usr/include/DarwinFoundation1.modulemap
/Applications/Xcode.app/Contents/Developer/Platforms/MacOSX.platform/Developer/SDKs/MacOSX26.1.sdk/usr/include/xpc/xpc.h
/Applications/Xcode.app/Contents/Developer/Toolchains/XcodeDefault.xctoolchain/usr/lib/swift/clang/include/module.modulemap
/Applications/Xcode.app/Contents/Developer/Toolchains/XcodeDefault.xctoolchain/usr/lib/swift/clang/include/stdarg.h
/Applications/Xcode.app/Contents/Developer/Platforms/MacOSX.platform/Developer/SDKs/MacOSX26.1.sdk/usr/include/stdlib.h
/Applications/Xcode.app/Contents/Developer/Platforms/MacOSX.platform/Developer/SDKs/MacOSX26.1.sdk/usr/include/stdio.h
/Applications/Xcode.app/Contents/Developer/Platforms/MacOSX.platform/Developer/SDKs/MacOSX26.1.sdk/usr/include/string.h
/Applications/Xcode.app/Contents/Developer/Platforms/MacOSX.platform/Developer/SDKs/MacOSX26.1.sdk/usr/include/xpc/base.h
/Applications/Xcode.app/Contents/Developer/Platforms/MacOSX.platform/Developer/SDKs/MacOSX26.1.sdk/usr/include/xpc/availability.h
/Applications/Xcode.app/Contents/Developer/Platforms/MacOSX.platform/Developer/SDKs/MacOSX26.1.sdk/usr/include/xpc/endpoint.h
/Applications/Xcode.app/Contents/Developer/Platforms/MacOSX.platform/Developer/SDKs/MacOSX26.1.sdk/usr/include/xpc/debug.h
/Applications/Xcode.app/Contents/Developer/Platforms/MacOSX.platform/Developer/SDKs/MacOSX26.1.sdk/usr/include/xpc/activity.h
/Applications/Xcode.app/Contents/Developer/Platforms/MacOSX.platform/Developer/SDKs/MacOSX26.1.sdk/usr/include/xpc/peer_requirement.h
/Applications/Xcode.app/Contents/Developer/Platforms/MacOSX.platform/Developer/SDKs/MacOSX26.1.sdk/usr/include/xpc/connection.h
/Applications/Xcode.app/Contents/Developer/Platforms/MacOSX.platform/Developer/SDKs/MacOSX26.1.sdk/usr/include/xpc/rich_error.h
/Applications/Xcode.app/Contents/Developer/Platforms/MacOSX.platform/Developer/SDKs/MacOSX26.1.sdk/usr/include/xpc/session.h
/Applications/Xcode.app/Contents/Developer/Platforms/MacOSX.platform/Developer/SDKs/MacOSX26.1.sdk/usr/include/xpc/listener.h
/Applications/Xcode.app/Contents/Developer/Platforms/MacOSX.platform/Developer/SDKs/MacOSX26.1.sdk/SDKSettings.json
/Applications/Xcode.app/Contents/Developer/Toolchains/XcodeDefault.xctoolchain/usr/lib/swift/macosx/prebuilt-modules/26.1/XPC.swiftmodule/arm64e-apple-macos.swiftmodule
/Applications/Xcode.app/Contents/Developer/Platforms/MacOSX.platform/Developer/SDKs/MacOSX26.1.sdk/usr/include/DarwinFoundation1.modulemap
/Applications/Xcode.app/Contents/Developer/Platforms/MacOSX.platform/Developer/SDKs/MacOSX26.1.sdk/usr/include/AvailabilityInternal.h
/Applications/Xcode.app/Contents/Developer/Platforms/MacOSX.platform/Developer/SDKs/MacOSX26.1.sdk/usr/include/AvailabilityVersions.h
/Applications/Xcode.app/Contents/Developer/Platforms/MacOSX.platform/Developer/SDKs/MacOSX26.1.sdk/usr/include/AvailabilityInternalLegacy.h
/Applications/Xcode.app/Contents/Developer/Platforms/MacOSX.platform/Developer/SDKs/MacOSX26.1.sdk/SDKSettings.json
/Applications/Xcode.app/Contents/Developer/Toolchains/XcodeDefault.xctoolchain/usr/lib/swift/clang/include/module.modulemap
/Applications/Xcode.app/Contents/Developer/Toolchains/XcodeDefault.xctoolchain/usr/lib/swift/clang/include/float.h
/Applications/Xcode.app/Contents/Developer/Platforms/MacOSX.platform/Developer/SDKs/MacOSX26.1.sdk/SDKSettings.json
/Applications/Xcode.app/Contents/Developer/Toolchains/XcodeDefault.xctoolchain/usr/lib/swift/macosx/prebuilt-modules/26.1/_Builtin_float.swiftmodule/arm64e-apple-macos.swiftmodule
/Applications/Xcode.app/Contents/Developer/Toolchains/XcodeDefault.xctoolchain/usr/lib/swift/clang/include/module.modulemap
/Applications/Xcode.app/Contents/Developer/Toolchains/XcodeDefault.xctoolchain/usr/lib/swift/clang/include/arm_acle.h
/Applications/Xcode.app/Contents/Developer/Toolchains/XcodeDefault.xctoolchain/usr/lib/swift/clang/include/arm_neon.h
/Applications/Xcode.app/Contents/Developer/Toolchains/XcodeDefault.xctoolchain/usr/lib/swift/clang/include/arm_bf16.h
/Applications/Xcode.app/Contents/Developer/Toolchains/XcodeDefault.xctoolchain/usr/lib/swift/clang/include/arm_vector_types.h
/Applications/Xcode.app/Contents/Developer/Toolchains/XcodeDefault.xctoolchain/usr/lib/swift/clang/include/arm_fp16.h
/Applications/Xcode.app/Contents/Developer/Platforms/MacOSX.platform/Developer/SDKs/MacOSX26.1.sdk/SDKSettings.json
/Applications/Xcode.app/Contents/Developer/Toolchains/XcodeDefault.xctoolchain/usr/lib/swift/clang/include/module.modulemap
/Applications/Xcode.app/Contents/Developer/Toolchains/XcodeDefault.xctoolchain/usr/lib/swift/clang/include/inttypes.h
/Applications/Xcode.app/Contents/Developer/Platforms/MacOSX.platform/Developer/SDKs/MacOSX26.1.sdk/usr/include/DarwinFoundation3.modulemap
/Applications/Xcode.app/Contents/Developer/Platforms/MacOSX.platform/Developer/SDKs/MacOSX26.1.sdk/usr/include/inttypes.h
/Applications/Xcode.app/Contents/Developer/Platforms/MacOSX.platform/Developer/SDKs/MacOSX26.1.sdk/SDKSettings.json
/Applications/Xcode.app/Contents/Developer/Toolchains/XcodeDefault.xctoolchain/usr/lib/swift/clang/include/module.modulemap
/Applications/Xcode.app/Contents/Developer/Toolchains/XcodeDefault.xctoolchain/usr/lib/swift/clang/include/limits.h
/Applications/Xcode.app/Contents/Developer/Platforms/MacOSX.platform/Developer/SDKs/MacOSX26.1.sdk/usr/include/DarwinFoundation1.modulemap
/Applications/Xcode.app/Contents/Developer/Platforms/MacOSX.platform/Developer/SDKs/MacOSX26.1.sdk/SDKSettings.json
/Applications/Xcode.app/Contents/Developer/Toolchains/XcodeDefault.xctoolchain/usr/lib/swift/clang/include/module.modulemap
/Applications/Xcode.app/Contents/Developer/Toolchains/XcodeDefault.xctoolchain/usr/lib/swift/clang/include/__stdarg___gnuc_va_list.h
/Applications/Xcode.app/Contents/Developer/Toolchains/XcodeDefault.xctoolchain/usr/lib/swift/clang/include/__stdarg___va_copy.h
/Applications/Xcode.app/Contents/Developer/Toolchains/XcodeDefault.xctoolchain/usr/lib/swift/clang/include/__stdarg_header_macro.h
/Applications/Xcode.app/Contents/Developer/Toolchains/XcodeDefault.xctoolchain/usr/lib/swift/clang/include/__stdarg_va_arg.h
/Applications/Xcode.app/Contents/Developer/Toolchains/XcodeDefault.xctoolchain/usr/lib/swift/clang/include/__stdarg_va_copy.h
/Applications/Xcode.app/Contents/Developer/Toolchains/XcodeDefault.xctoolchain/usr/lib/swift/clang/include/__stdarg_va_list.h
/Applications/Xcode.app/Contents/Developer/Platforms/MacOSX.platform/Developer/SDKs/MacOSX26.1.sdk/SDKSettings.json
/Applications/Xcode.app/Contents/Developer/Toolchains/XcodeDefault.xctoolchain/usr/lib/swift/clang/include/module.modulemap
/Applications/Xcode.app/Contents/Developer/Toolchains/XcodeDefault.xctoolchain/usr/lib/swift/clang/include/stdatomic.h
/Applications/Xcode.app/Contents/Developer/Toolchains/XcodeDefault.xctoolchain/usr/lib/swift/clang/include/stddef.h
/Applications/Xcode.app/Contents/Developer/Platforms/MacOSX.platform/Developer/SDKs/MacOSX26.1.sdk/SDKSettings.json
/Applications/Xcode.app/Contents/Developer/Toolchains/XcodeDefault.xctoolchain/usr/lib/swift/clang/include/module.modulemap
/Applications/Xcode.app/Contents/Developer/Toolchains/XcodeDefault.xctoolchain/usr/lib/swift/clang/include/stdbool.h
/Applications/Xcode.app/Contents/Developer/Platforms/MacOSX.platform/Developer/SDKs/MacOSX26.1.sdk/SDKSettings.json
/Applications/Xcode.app/Contents/Developer/Toolchains/XcodeDefault.xctoolchain/usr/lib/swift/clang/include/module.modulemap
/Applications/Xcode.app/Contents/Developer/Toolchains/XcodeDefault.xctoolchain/usr/lib/swift/clang/include/__stddef_header_macro.h
/Applications/Xcode.app/Contents/Developer/Toolchains/XcodeDefault.xctoolchain/usr/lib/swift/clang/include/__stddef_max_align_t.h
/Applications/Xcode.app/Contents/Developer/Toolchains/XcodeDefault.xctoolchain/usr/lib/swift/clang/include/__stddef_null.h
/Applications/Xcode.app/Contents/Developer/Toolchains/XcodeDefault.xctoolchain/usr/lib/swift/clang/include/__stddef_nullptr_t.h
/Applications/Xcode.app/Contents/Developer/Toolchains/XcodeDefault.xctoolchain/usr/lib/swift/clang/include/__stddef_offsetof.h
/Applications/Xcode.app/Contents/Developer/Toolchains/XcodeDefault.xctoolchain/usr/lib/swift/clang/include/__stddef_ptrdiff_t.h
/Applications/Xcode.app/Contents/Developer/Toolchains/XcodeDefault.xctoolchain/usr/lib/swift/clang/include/__stddef_rsize_t.h
/Applications/Xcode.app/Contents/Developer/Toolchains/XcodeDefault.xctoolchain/usr/lib/swift/clang/include/__stddef_size_t.h
/Applications/Xcode.app/Contents/Developer/Toolchains/XcodeDefault.xctoolchain/usr/lib/swift/clang/include/__stddef_unreachable.h
/Applications/Xcode.app/Contents/Developer/Toolchains/XcodeDefault.xctoolchain/usr/lib/swift/clang/include/__stddef_wchar_t.h
/Applications/Xcode.app/Contents/Developer/Platforms/MacOSX.platform/Developer/SDKs/MacOSX26.1.sdk/SDKSettings.json
/Applications/Xcode.app/Contents/Developer/Toolchains/XcodeDefault.xctoolchain/usr/lib/swift/clang/include/module.modulemap
/Applications/Xcode.app/Contents/Developer/Toolchains/XcodeDefault.xctoolchain/usr/lib/swift/clang/include/stdint.h
/Applications/Xcode.app/Contents/Developer/Platforms/MacOSX.platform/Developer/SDKs/MacOSX26.1.sdk/usr/include/DarwinFoundation2.modulemap
/Applications/Xcode.app/Contents/Developer/Platforms/MacOSX.platform/Developer/SDKs/MacOSX26.1.sdk/SDKSettings.json
/Applications/Xcode.app/Contents/Developer/Toolchains/XcodeDefault.xctoolchain/usr/lib/swift/clang/include/module.modulemap
/Applications/Xcode.app/Contents/Developer/Toolchains/XcodeDefault.xctoolchain/usr/lib/swift/clang/include/tgmath.h
/Applications/Xcode.app/Contents/Developer/Platforms/MacOSX.platform/Developer/SDKs/MacOSX26.1.sdk/usr/include/DarwinFoundation2.modulemap
/Applications/Xcode.app/Contents/Developer/Platforms/MacOSX.platform/Developer/SDKs/MacOSX26.1.sdk/usr/include/DarwinFoundation1.modulemap
/Applications/Xcode.app/Contents/Developer/Platforms/MacOSX.platform/Developer/SDKs/MacOSX26.1.sdk/SDKSettings.json
/Applications/Xcode.app/Contents/Developer/Toolchains/XcodeDefault.xctoolchain/usr/lib/swift/macosx/prebuilt-modules/26.1/_Concurrency.swiftmodule/arm64e-apple-macos.swiftmodule
/Applications/Xcode.app/Contents/Developer/Platforms/MacOSX.platform/Developer/SDKs/MacOSX26.1.sdk/usr/include/DarwinFoundation1.modulemap
/Applications/Xcode.app/Contents/Developer/Platforms/MacOSX.platform/Developer/SDKs/MacOSX26.1.sdk/usr/include/sys/appleapiopts.h
/Applications/Xcode.app/Contents/Developer/Platforms/MacOSX.platform/Developer/SDKs/MacOSX26.1.sdk/usr/include/os/availability.h
/Applications/Xcode.app/Contents/Developer/Platforms/MacOSX.platform/Developer/SDKs/MacOSX26.1.sdk/usr/include/Availability.h
/Applications/Xcode.app/Contents/Developer/Platforms/MacOSX.platform/Developer/SDKs/MacOSX26.1.sdk/usr/include/AvailabilityMacros.h
/Applications/Xcode.app/Contents/Developer/Platforms/MacOSX.platform/Developer/SDKs/MacOSX26.1.sdk/usr/include/TargetConditionals.h
/Applications/Xcode.app/Contents/Developer/Platforms/MacOSX.platform/Developer/SDKs/MacOSX26.1.sdk/usr/include/_bounds.h
/Applications/Xcode.app/Contents/Developer/Platforms/MacOSX.platform/Developer/SDKs/MacOSX26.1.sdk/usr/include/sys/cdefs.h
/Applications/Xcode.app/Contents/Developer/Platforms/MacOSX.platform/Developer/SDKs/MacOSX26.1.sdk/usr/include/sys/_symbol_aliasing.h
/Applications/Xcode.app/Contents/Developer/Platforms/MacOSX.platform/Developer/SDKs/MacOSX26.1.sdk/usr/include/sys/_posix_availability.h
/Applications/Xcode.app/Contents/Developer/Toolchains/XcodeDefault.xctoolchain/usr/lib/swift/clang/include/module.modulemap
/Applications/Xcode.app/Contents/Developer/Platforms/MacOSX.platform/Developer/SDKs/MacOSX26.1.sdk/usr/include/sys/qos.h
/Applications/Xcode.app/Contents/Developer/Platforms/MacOSX.platform/Developer/SDKs/MacOSX26.1.sdk/usr/include/machine/_endian.h
/Applications/Xcode.app/Contents/Developer/Platforms/MacOSX.platform/Developer/SDKs/MacOSX26.1.sdk/usr/include/arm/_endian.h
/Applications/Xcode.app/Contents/Developer/Platforms/MacOSX.platform/Developer/SDKs/MacOSX26.1.sdk/usr/include/sys/__endian.h
/Applications/Xcode.app/Contents/Developer/Platforms/MacOSX.platform/Developer/SDKs/MacOSX26.1.sdk/usr/include/i386/_endian.h
/Applications/Xcode.app/Contents/Developer/Platforms/MacOSX.platform/Developer/SDKs/MacOSX26.1.sdk/usr/include/__xlocale.h
/Applications/Xcode.app/Contents/Developer/Platforms/MacOSX.platform/Developer/SDKs/MacOSX26.1.sdk/usr/include/_mb_cur_max.h
/Applications/Xcode.app/Contents/Developer/Platforms/MacOSX.platform/Developer/SDKs/MacOSX26.1.sdk/usr/include/_types/_locale_t.h
/Applications/Xcode.app/Contents/Developer/Platforms/MacOSX.platform/Developer/SDKs/MacOSX26.1.sdk/usr/include/sys/_types/_u_char.h
/Applications/Xcode.app/Contents/Developer/Platforms/MacOSX.platform/Developer/SDKs/MacOSX26.1.sdk/usr/include/sys/_types/_u_short.h
/Applications/Xcode.app/Contents/Developer/Platforms/MacOSX.platform/Developer/SDKs/MacOSX26.1.sdk/usr/include/sys/_types/_u_int.h
/Applications/Xcode.app/Contents/Developer/Platforms/MacOSX.platform/Developer/SDKs/MacOSX26.1.sdk/usr/include/sys/_types/_u_int8_t.h
/Applications/Xcode.app/Contents/Developer/Platforms/MacOSX.platform/Developer/SDKs/MacOSX26.1.sdk/usr/include/sys/_types/_u_int16_t.h
/Applications/Xcode.app/Contents/Developer/Platforms/MacOSX.platform/Developer/SDKs/MacOSX26.1.sdk/usr/include/sys/_types/_u_int32_t.h
/Applications/Xcode.app/Contents/Developer/Platforms/MacOSX.platform/Developer/SDKs/MacOSX26.1.sdk/usr/include/sys/_types/_u_int64_t.h
/Applications/Xcode.app/Contents/Developer/Platforms/MacOSX.platform/Developer/SDKs/MacOSX26.1.sdk/usr/include/_assert.h
/Applications/Xcode.app/Contents/Developer/Platforms/MacOSX.platform/Developer/SDKs/MacOSX26.1.sdk/usr/include/_static_assert.h
/Applications/Xcode.app/Contents/Developer/Platforms/MacOSX.platform/Developer/SDKs/MacOSX26.1.sdk/usr/include/complex.h
/Applications/Xcode.app/Contents/Developer/Platforms/MacOSX.platform/Developer/SDKs/MacOSX26.1.sdk/usr/include/errno.h
/Applications/Xcode.app/Contents/Developer/Platforms/MacOSX.platform/Developer/SDKs/MacOSX26.1.sdk/usr/include/sys/errno.h
/Applications/Xcode.app/Contents/Developer/Platforms/MacOSX.platform/Developer/SDKs/MacOSX26.1.sdk/usr/include/sys/_types/_errno_t.h
/Applications/Xcode.app/Contents/Developer/Platforms/MacOSX.platform/Developer/SDKs/MacOSX26.1.sdk/usr/include/fenv.h
/Applications/Xcode.app/Contents/Developer/Platforms/MacOSX.platform/Developer/SDKs/MacOSX26.1.sdk/usr/include/limits.h
/Applications/Xcode.app/Contents/Developer/Platforms/MacOSX.platform/Developer/SDKs/MacOSX26.1.sdk/usr/include/machine/limits.h
/Applications/Xcode.app/Contents/Developer/Platforms/MacOSX.platform/Developer/SDKs/MacOSX26.1.sdk/usr/include/arm/limits.h
/Applications/Xcode.app/Contents/Developer/Platforms/MacOSX.platform/Developer/SDKs/MacOSX26.1.sdk/usr/include/arm/_limits.h
/Applications/Xcode.app/Contents/Developer/Platforms/MacOSX.platform/Developer/SDKs/MacOSX26.1.sdk/usr/include/sys/syslimits.h
/Applications/Xcode.app/Contents/Developer/Platforms/MacOSX.platform/Developer/SDKs/MacOSX26.1.sdk/usr/include/i386/limits.h
/Applications/Xcode.app/Contents/Developer/Platforms/MacOSX.platform/Developer/SDKs/MacOSX26.1.sdk/usr/include/machine/_limits.h
/Applications/Xcode.app/Contents/Developer/Platforms/MacOSX.platform/Developer/SDKs/MacOSX26.1.sdk/usr/include/i386/_limits.h
/Applications/Xcode.app/Contents/Developer/Platforms/MacOSX.platform/Developer/SDKs/MacOSX26.1.sdk/usr/include/math.h
/Applications/Xcode.app/Contents/Developer/Platforms/MacOSX.platform/Developer/SDKs/MacOSX26.1.sdk/usr/include/setjmp.h
/Applications/Xcode.app/Contents/Developer/Platforms/MacOSX.platform/Developer/SDKs/MacOSX26.1.sdk/SDKSettings.json
/Applications/Xcode.app/Contents/Developer/Toolchains/XcodeDefault.xctoolchain/usr/lib/swift/macosx/prebuilt-modules/26.1/_DarwinFoundation1.swiftmodule/arm64e-apple-macos.swiftmodule
/Applications/Xcode.app/Contents/Developer/Platforms/MacOSX.platform/Developer/SDKs/MacOSX26.1.sdk/usr/include/_DarwinFoundation2.apinotes
/Applications/Xcode.app/Contents/Developer/Platforms/MacOSX.platform/Developer/SDKs/MacOSX26.1.sdk/usr/include/DarwinFoundation2.modulemap
/Applications/Xcode.app/Contents/Developer/Platforms/MacOSX.platform/Developer/SDKs/MacOSX26.1.sdk/usr/include/DarwinFoundation1.modulemap
/Applications/Xcode.app/Contents/Developer/Platforms/MacOSX.platform/Developer/SDKs/MacOSX26.1.sdk/usr/include/nl_types.h
/Applications/Xcode.app/Contents/Developer/Platforms/MacOSX.platform/Developer/SDKs/MacOSX26.1.sdk/usr/include/sys/types.h
/Applications/Xcode.app/Contents/Developer/Platforms/MacOSX.platform/Developer/SDKs/MacOSX26.1.sdk/usr/include/machine/types.h
/Applications/Xcode.app/Contents/Developer/Platforms/MacOSX.platform/Developer/SDKs/MacOSX26.1.sdk/usr/include/arm/types.h
/Applications/Xcode.app/Contents/Developer/Platforms/MacOSX.platform/Developer/SDKs/MacOSX26.1.sdk/usr/include/arm/_types.h
/Applications/Xcode.app/Contents/Developer/Platforms/MacOSX.platform/Developer/SDKs/MacOSX26.1.sdk/usr/include/sys/_types/_ptrdiff_t.h
/Applications/Xcode.app/Contents/Developer/Toolchains/XcodeDefault.xctoolchain/usr/lib/swift/clang/include/module.modulemap
/Applications/Xcode.app/Contents/Developer/Toolchains/XcodeDefault.xctoolchain/usr/lib/swift/clang/include/stddef.h
/Applications/Xcode.app/Contents/Developer/Platforms/MacOSX.platform/Developer/SDKs/MacOSX26.1.sdk/usr/include/sys/_types/_size_t.h
/Applications/Xcode.app/Contents/Developer/Platforms/MacOSX.platform/Developer/SDKs/MacOSX26.1.sdk/usr/include/sys/_types/_va_list.h
/Applications/Xcode.app/Contents/Developer/Toolchains/XcodeDefault.xctoolchain/usr/lib/swift/clang/include/stdarg.h
/Applications/Xcode.app/Contents/Developer/Platforms/MacOSX.platform/Developer/SDKs/MacOSX26.1.sdk/usr/include/sys/_types/_wchar_t.h
/Applications/Xcode.app/Contents/Developer/Platforms/MacOSX.platform/Developer/SDKs/MacOSX26.1.sdk/usr/include/sys/_types/_int8_t.h
/Applications/Xcode.app/Contents/Developer/Platforms/MacOSX.platform/Developer/SDKs/MacOSX26.1.sdk/usr/include/sys/_types/_int16_t.h
/Applications/Xcode.app/Contents/Developer/Platforms/MacOSX.platform/Developer/SDKs/MacOSX26.1.sdk/usr/include/sys/_types/_int32_t.h
/Applications/Xcode.app/Contents/Developer/Platforms/MacOSX.platform/Developer/SDKs/MacOSX26.1.sdk/usr/include/sys/_types/_int64_t.h
/Applications/Xcode.app/Contents/Developer/Platforms/MacOSX.platform/Developer/SDKs/MacOSX26.1.sdk/usr/include/sys/_types/_intptr_t.h
/Applications/Xcode.app/Contents/Developer/Platforms/MacOSX.platform/Developer/SDKs/MacOSX26.1.sdk/usr/include/machine/_types.h
/Applications/Xcode.app/Contents/Developer/Platforms/MacOSX.platform/Developer/SDKs/MacOSX26.1.sdk/usr/include/sys/_types/_uintptr_t.h
/Applications/Xcode.app/Contents/Developer/Platforms/MacOSX.platform/Developer/SDKs/MacOSX26.1.sdk/usr/include/sys/_types.h
/Applications/Xcode.app/Contents/Developer/Platforms/MacOSX.platform/Developer/SDKs/MacOSX26.1.sdk/usr/include/sys/_types/_null.h
/Applications/Xcode.app/Contents/Developer/Platforms/MacOSX.platform/Developer/SDKs/MacOSX26.1.sdk/usr/include/sys/_pthread/_pthread_types.h
/Applications/Xcode.app/Contents/Developer/Platforms/MacOSX.platform/Developer/SDKs/MacOSX26.1.sdk/usr/include/machine/endian.h
/Applications/Xcode.app/Contents/Developer/Platforms/MacOSX.platform/Developer/SDKs/MacOSX26.1.sdk/usr/include/arm/endian.h
/Applications/Xcode.app/Contents/Developer/Platforms/MacOSX.platform/Developer/SDKs/MacOSX26.1.sdk/usr/include/sys/_endian.h
/Applications/Xcode.app/Contents/Developer/Platforms/MacOSX.platform/Developer/SDKs/MacOSX26.1.sdk/usr/include/libkern/_OSByteOrder.h
/Applications/Xcode.app/Contents/Developer/Platforms/MacOSX.platform/Developer/SDKs/MacOSX26.1.sdk/usr/include/libkern/arm/_OSByteOrder.h
/Applications/Xcode.app/Contents/Developer/Platforms/MacOSX.platform/Developer/SDKs/MacOSX26.1.sdk/usr/include/sys/_types/_caddr_t.h
/Applications/Xcode.app/Contents/Developer/Platforms/MacOSX.platform/Developer/SDKs/MacOSX26.1.sdk/usr/include/sys/_types/_dev_t.h
/Applications/Xcode.app/Contents/Developer/Platforms/MacOSX.platform/Developer/SDKs/MacOSX26.1.sdk/usr/include/sys/_types/_blkcnt_t.h
/Applications/Xcode.app/Contents/Developer/Platforms/MacOSX.platform/Developer/SDKs/MacOSX26.1.sdk/usr/include/sys/_types/_blksize_t.h
/Applications/Xcode.app/Contents/Developer/Platforms/MacOSX.platform/Developer/SDKs/MacOSX26.1.sdk/usr/include/sys/_types/_gid_t.h
/Applications/Xcode.app/Contents/Developer/Platforms/MacOSX.platform/Developer/SDKs/MacOSX26.1.sdk/usr/include/sys/_types/_in_addr_t.h
/Applications/Xcode.app/Contents/Developer/Platforms/MacOSX.platform/Developer/SDKs/MacOSX26.1.sdk/usr/include/sys/_types/_in_port_t.h
/Applications/Xcode.app/Contents/Developer/Platforms/MacOSX.platform/Developer/SDKs/MacOSX26.1.sdk/usr/include/sys/_types/_ino_t.h
/Applications/Xcode.app/Contents/Developer/Platforms/MacOSX.platform/Developer/SDKs/MacOSX26.1.sdk/usr/include/sys/_types/_ino64_t.h
/Applications/Xcode.app/Contents/Developer/Platforms/MacOSX.platform/Developer/SDKs/MacOSX26.1.sdk/usr/include/sys/_types/_key_t.h
/Applications/Xcode.app/Contents/Developer/Platforms/MacOSX.platform/Developer/SDKs/MacOSX26.1.sdk/usr/include/sys/_types/_mode_t.h
/Applications/Xcode.app/Contents/Developer/Platforms/MacOSX.platform/Developer/SDKs/MacOSX26.1.sdk/usr/include/sys/_types/_nlink_t.h
/Applications/Xcode.app/Contents/Developer/Platforms/MacOSX.platform/Developer/SDKs/MacOSX26.1.sdk/usr/include/sys/_types/_id_t.h
/Applications/Xcode.app/Contents/Developer/Platforms/MacOSX.platform/Developer/SDKs/MacOSX26.1.sdk/usr/include/sys/_types/_pid_t.h
/Applications/Xcode.app/Contents/Developer/Platforms/MacOSX.platform/Developer/SDKs/MacOSX26.1.sdk/usr/include/sys/_types/_off_t.h
/Applications/Xcode.app/Contents/Developer/Platforms/MacOSX.platform/Developer/SDKs/MacOSX26.1.sdk/usr/include/sys/_types/_uid_t.h
/Applications/Xcode.app/Contents/Developer/Platforms/MacOSX.platform/Developer/SDKs/MacOSX26.1.sdk/usr/include/sys/_types/_clock_t.h
/Applications/Xcode.app/Contents/Developer/Platforms/MacOSX.platform/Developer/SDKs/MacOSX26.1.sdk/usr/include/sys/_types/_ssize_t.h
/Applications/Xcode.app/Contents/Developer/Platforms/MacOSX.platform/Developer/SDKs/MacOSX26.1.sdk/usr/include/sys/_types/_time_t.h
/Applications/Xcode.app/Contents/Developer/Platforms/MacOSX.platform/Developer/SDKs/MacOSX26.1.sdk/usr/include/sys/_types/_useconds_t.h
/Applications/Xcode.app/Contents/Developer/Platforms/MacOSX.platform/Developer/SDKs/MacOSX26.1.sdk/usr/include/sys/_types/_suseconds_t.h
/Applications/Xcode.app/Contents/Developer/Platforms/MacOSX.platform/Developer/SDKs/MacOSX26.1.sdk/usr/include/sys/_types/_rsize_t.h
/Applications/Xcode.app/Contents/Developer/Platforms/MacOSX.platform/Developer/SDKs/MacOSX26.1.sdk/usr/include/sys/_types/_fd_def.h
/Applications/Xcode.app/Contents/Developer/Platforms/MacOSX.platform/Developer/SDKs/MacOSX26.1.sdk/usr/include/sys/_types/_fd_setsize.h
/Applications/Xcode.app/Contents/Developer/Platforms/MacOSX.platform/Developer/SDKs/MacOSX26.1.sdk/usr/include/sys/_types/_fd_set.h
/Applications/Xcode.app/Contents/Developer/Platforms/MacOSX.platform/Developer/SDKs/MacOSX26.1.sdk/usr/include/sys/_types/_fd_clr.h
/Applications/Xcode.app/Contents/Developer/Platforms/MacOSX.platform/Developer/SDKs/MacOSX26.1.sdk/usr/include/sys/_types/_fd_zero.h
/Applications/Xcode.app/Contents/Developer/Platforms/MacOSX.platform/Developer/SDKs/MacOSX26.1.sdk/usr/include/sys/_types/_fd_isset.h
/Applications/Xcode.app/Contents/Developer/Platforms/MacOSX.platform/Developer/SDKs/MacOSX26.1.sdk/usr/include/sys/_types/_fd_copy.h
/Applications/Xcode.app/Contents/Developer/Platforms/MacOSX.platform/Developer/SDKs/MacOSX26.1.sdk/usr/include/sys/_pthread/_pthread_attr_t.h
/Applications/Xcode.app/Contents/Developer/Platforms/MacOSX.platform/Developer/SDKs/MacOSX26.1.sdk/usr/include/sys/_pthread/_pthread_cond_t.h
/Applications/Xcode.app/Contents/Developer/Platforms/MacOSX.platform/Developer/SDKs/MacOSX26.1.sdk/usr/include/sys/_pthread/_pthread_condattr_t.h
/Applications/Xcode.app/Contents/Developer/Platforms/MacOSX.platform/Developer/SDKs/MacOSX26.1.sdk/usr/include/sys/_pthread/_pthread_mutex_t.h
/Applications/Xcode.app/Contents/Developer/Platforms/MacOSX.platform/Developer/SDKs/MacOSX26.1.sdk/usr/include/sys/_pthread/_pthread_mutexattr_t.h
/Applications/Xcode.app/Contents/Developer/Platforms/MacOSX.platform/Developer/SDKs/MacOSX26.1.sdk/usr/include/sys/_pthread/_pthread_once_t.h
/Applications/Xcode.app/Contents/Developer/Platforms/MacOSX.platform/Developer/SDKs/MacOSX26.1.sdk/usr/include/sys/_pthread/_pthread_rwlock_t.h
/Applications/Xcode.app/Contents/Developer/Platforms/MacOSX.platform/Developer/SDKs/MacOSX26.1.sdk/usr/include/sys/_pthread/_pthread_rwlockattr_t.h
/Applications/Xcode.app/Contents/Developer/Platforms/MacOSX.platform/Developer/SDKs/MacOSX26.1.sdk/usr/include/sys/_pthread/_pthread_t.h
/Applications/Xcode.app/Contents/Developer/Platforms/MacOSX.platform/Developer/SDKs/MacOSX26.1.sdk/usr/include/sys/_pthread/_pthread_key_t.h
/Applications/Xcode.app/Contents/Developer/Platforms/MacOSX.platform/Developer/SDKs/MacOSX26.1.sdk/usr/include/sys/_types/_fsblkcnt_t.h
/Applications/Xcode.app/Contents/Developer/Platforms/MacOSX.platform/Developer/SDKs/MacOSX26.1.sdk/usr/include/sys/_types/_fsfilcnt_t.h
/Applications/Xcode.app/Contents/Developer/Platforms/MacOSX.platform/Developer/SDKs/MacOSX26.1.sdk/usr/include/_types.h
/Applications/Xcode.app/Contents/Developer/Platforms/MacOSX.platform/Developer/SDKs/MacOSX26.1.sdk/usr/include/_types/_nl_item.h
/Applications/Xcode.app/Contents/Developer/Platforms/MacOSX.platform/Developer/SDKs/MacOSX26.1.sdk/usr/include/runetype.h
/Applications/Xcode.app/Contents/Developer/Platforms/MacOSX.platform/Developer/SDKs/MacOSX26.1.sdk/usr/include/sys/_types/_ct_rune_t.h
/Applications/Xcode.app/Contents/Developer/Platforms/MacOSX.platform/Developer/SDKs/MacOSX26.1.sdk/usr/include/sys/_types/_rune_t.h
/Applications/Xcode.app/Contents/Developer/Platforms/MacOSX.platform/Developer/SDKs/MacOSX26.1.sdk/usr/include/sys/_types/_wint_t.h
/Applications/Xcode.app/Contents/Developer/Platforms/MacOSX.platform/Developer/SDKs/MacOSX26.1.sdk/usr/include/alloca.h
/Applications/Xcode.app/Contents/Developer/Platforms/MacOSX.platform/Developer/SDKs/MacOSX26.1.sdk/usr/include/i386/endian.h
/Applications/Xcode.app/Contents/Developer/Platforms/MacOSX.platform/Developer/SDKs/MacOSX26.1.sdk/usr/include/libkern/i386/_OSByteOrder.h
/Applications/Xcode.app/Contents/Developer/Platforms/MacOSX.platform/Developer/SDKs/MacOSX26.1.sdk/usr/include/secure/_common.h
/Applications/Xcode.app/Contents/Developer/Platforms/MacOSX.platform/Developer/SDKs/MacOSX26.1.sdk/usr/include/sys/_types/_mach_port_t.h
/Applications/Xcode.app/Contents/Developer/Platforms/MacOSX.platform/Developer/SDKs/MacOSX26.1.sdk/usr/include/sys/_types/_offsetof.h
/Applications/Xcode.app/Contents/Developer/Platforms/MacOSX.platform/Developer/SDKs/MacOSX26.1.sdk/usr/include/_strings.h
/Applications/Xcode.app/Contents/Developer/Platforms/MacOSX.platform/Developer/SDKs/MacOSX26.1.sdk/usr/include/secure/_strings.h
/Applications/Xcode.app/Contents/Developer/Platforms/MacOSX.platform/Developer/SDKs/MacOSX26.1.sdk/usr/include/sys/_types/_timeval.h
/Applications/Xcode.app/Contents/Developer/Platforms/MacOSX.platform/Developer/SDKs/MacOSX26.1.sdk/usr/include/sys/_types/_uuid_t.h
/Applications/Xcode.app/Contents/Developer/Platforms/MacOSX.platform/Developer/SDKs/MacOSX26.1.sdk/usr/include/i386/types.h
/Applications/Xcode.app/Contents/Developer/Platforms/MacOSX.platform/Developer/SDKs/MacOSX26.1.sdk/usr/include/i386/_types.h
/Applications/Xcode.app/Contents/Developer/Platforms/MacOSX.platform/Developer/SDKs/MacOSX26.1.sdk/usr/include/_ctype.h
/Applications/Xcode.app/Contents/Developer/Platforms/MacOSX.platform/Developer/SDKs/MacOSX26.1.sdk/usr/include/xlocale/_ctype.h
/Applications/Xcode.app/Contents/Developer/Platforms/MacOSX.platform/Developer/SDKs/MacOSX26.1.sdk/usr/include/locale.h
/Applications/Xcode.app/Contents/Developer/Platforms/MacOSX.platform/Developer/SDKs/MacOSX26.1.sdk/usr/include/_locale.h
/Applications/Xcode.app/Contents/Developer/Platforms/MacOSX.platform/Developer/SDKs/MacOSX26.1.sdk/usr/include/_locale_posix2008.h
/Applications/Xcode.app/Contents/Developer/Platforms/MacOSX.platform/Developer/SDKs/MacOSX26.1.sdk/usr/include/stdint.h
/Applications/Xcode.app/Contents/Developer/Platforms/MacOSX.platform/Developer/SDKs/MacOSX26.1.sdk/usr/include/_types/_uint8_t.h
/Applications/Xcode.app/Contents/Developer/Platforms/MacOSX.platform/Developer/SDKs/MacOSX26.1.sdk/usr/include/_types/_uint16_t.h
/Applications/Xcode.app/Contents/Developer/Platforms/MacOSX.platform/Developer/SDKs/MacOSX26.1.sdk/usr/include/_types/_uint32_t.h
/Applications/Xcode.app/Contents/Developer/Platforms/MacOSX.platform/Developer/SDKs/MacOSX26.1.sdk/usr/include/_types/_uint64_t.h
/Applications/Xcode.app/Contents/Developer/Platforms/MacOSX.platform/Developer/SDKs/MacOSX26.1.sdk/usr/include/_types/_intmax_t.h
/Applications/Xcode.app/Contents/Developer/Platforms/MacOSX.platform/Developer/SDKs/MacOSX26.1.sdk/usr/include/_types/_uintmax_t.h
/Applications/Xcode.app/Contents/Developer/Platforms/MacOSX.platform/Developer/SDKs/MacOSX26.1.sdk/usr/include/_stdio.h
/Applications/Xcode.app/Contents/Developer/Platforms/MacOSX.platform/Developer/SDKs/MacOSX26.1.sdk/usr/include/sys/stdio.h
/Applications/Xcode.app/Contents/Developer/Platforms/MacOSX.platform/Developer/SDKs/MacOSX26.1.sdk/usr/include/_printf.h
/Applications/Xcode.app/Contents/Developer/Platforms/MacOSX.platform/Developer/SDKs/MacOSX26.1.sdk/usr/include/sys/_types/_seek_set.h
/Applications/Xcode.app/Contents/Developer/Platforms/MacOSX.platform/Developer/SDKs/MacOSX26.1.sdk/usr/include/_ctermid.h
/Applications/Xcode.app/Contents/Developer/Platforms/MacOSX.platform/Developer/SDKs/MacOSX26.1.sdk/usr/include/secure/_stdio.h
/Applications/Xcode.app/Contents/Developer/Platforms/MacOSX.platform/Developer/SDKs/MacOSX26.1.sdk/usr/include/xlocale/_stdio.h
/Applications/Xcode.app/Contents/Developer/Platforms/MacOSX.platform/Developer/SDKs/MacOSX26.1.sdk/usr/include/_string.h
/Applications/Xcode.app/Contents/Developer/Platforms/MacOSX.platform/Developer/SDKs/MacOSX26.1.sdk/usr/include/secure/_string.h
/Applications/Xcode.app/Contents/Developer/Platforms/MacOSX.platform/Developer/SDKs/MacOSX26.1.sdk/usr/include/xlocale/_string.h
/Applications/Xcode.app/Contents/Developer/Platforms/MacOSX.platform/Developer/SDKs/MacOSX26.1.sdk/usr/include/tgmath.h
/Applications/Xcode.app/Contents/Developer/Platforms/MacOSX.platform/Developer/SDKs/MacOSX26.1.sdk/usr/include/_time.h
/Applications/Xcode.app/Contents/Developer/Platforms/MacOSX.platform/Developer/SDKs/MacOSX26.1.sdk/usr/include/sys/_types/_timespec.h
/Applications/Xcode.app/Contents/Developer/Platforms/MacOSX.platform/Developer/SDKs/MacOSX26.1.sdk/usr/include/xlocale/_time.h
/Applications/Xcode.app/Contents/Developer/Platforms/MacOSX.platform/Developer/SDKs/MacOSX26.1.sdk/SDKSettings.json
/Applications/Xcode.app/Contents/Developer/Toolchains/XcodeDefault.xctoolchain/usr/lib/swift/macosx/prebuilt-modules/26.1/_DarwinFoundation2.swiftmodule/arm64e-apple-macos.swiftmodule
/Applications/Xcode.app/Contents/Developer/Toolchains/XcodeDefault.xctoolchain/usr/lib/swift/macosx/prebuilt-modules/26.1/_DarwinFoundation3.swiftmodule/arm64e-apple-macos.swiftmodule
/Applications/Xcode.app/Contents/Developer/Platforms/MacOSX.platform/Developer/SDKs/MacOSX26.1.sdk/usr/include/DarwinFoundation2.modulemap
/Applications/Xcode.app/Contents/Developer/Platforms/MacOSX.platform/Developer/SDKs/MacOSX26.1.sdk/usr/include/DarwinFoundation3.modulemap
/Applications/Xcode.app/Contents/Developer/Platforms/MacOSX.platform/Developer/SDKs/MacOSX26.1.sdk/usr/include/DarwinFoundation1.modulemap
/Applications/Xcode.app/Contents/Developer/Platforms/MacOSX.platform/Developer/SDKs/MacOSX26.1.sdk/usr/include/pthread/pthread.h
/Applications/Xcode.app/Contents/Developer/Platforms/MacOSX.platform/Developer/SDKs/MacOSX26.1.sdk/usr/include/pthread/sched.h
/Applications/Xcode.app/Contents/Developer/Platforms/MacOSX.platform/Developer/SDKs/MacOSX26.1.sdk/usr/include/pthread/pthread_impl.h
/Applications/Xcode.app/Contents/Developer/Platforms/MacOSX.platform/Developer/SDKs/MacOSX26.1.sdk/usr/include/time.h
/Applications/Xcode.app/Contents/Developer/Platforms/MacOSX.platform/Developer/SDKs/MacOSX26.1.sdk/usr/include/pthread/qos.h
/Applications/Xcode.app/Contents/Developer/Platforms/MacOSX.platform/Developer/SDKs/MacOSX26.1.sdk/usr/include/sys/_types/_sigset_t.h
/Applications/Xcode.app/Contents/Developer/Platforms/MacOSX.platform/Developer/SDKs/MacOSX26.1.sdk/usr/include/sys/resource.h
/Applications/Xcode.app/Contents/Developer/Toolchains/XcodeDefault.xctoolchain/usr/lib/swift/clang/include/module.modulemap
/Applications/Xcode.app/Contents/Developer/Platforms/MacOSX.platform/Developer/SDKs/MacOSX26.1.sdk/usr/include/sys/select.h
/Applications/Xcode.app/Contents/Developer/Platforms/MacOSX.platform/Developer/SDKs/MacOSX26.1.sdk/usr/include/sys/_select.h
/Applications/Xcode.app/Contents/Developer/Platforms/MacOSX.platform/Developer/SDKs/MacOSX26.1.sdk/usr/include/sys/wait.h
/Applications/Xcode.app/Contents/Developer/Platforms/MacOSX.platform/Developer/SDKs/MacOSX26.1.sdk/usr/include/sys/signal.h
/Applications/Xcode.app/Contents/Developer/Platforms/MacOSX.platform/Developer/SDKs/MacOSX26.1.sdk/usr/include/machine/signal.h
/Applications/Xcode.app/Contents/Developer/Platforms/MacOSX.platform/Developer/SDKs/MacOSX26.1.sdk/usr/include/arm/signal.h
/Applications/Xcode.app/Contents/Developer/Platforms/MacOSX.platform/Developer/SDKs/MacOSX26.1.sdk/usr/include/machine/_mcontext.h
/Applications/Xcode.app/Contents/Developer/Platforms/MacOSX.platform/Developer/SDKs/MacOSX26.1.sdk/usr/include/arm/_mcontext.h
/Applications/Xcode.app/Contents/Developer/Platforms/MacOSX.platform/Developer/SDKs/MacOSX26.1.sdk/usr/include/mach/machine/_structs.h
/Applications/Xcode.app/Contents/Developer/Platforms/MacOSX.platform/Developer/SDKs/MacOSX26.1.sdk/usr/include/mach/arm/_structs.h
/Applications/Xcode.app/Contents/Developer/Platforms/MacOSX.platform/Developer/SDKs/MacOSX26.1.sdk/usr/include/sys/_types/_sigaltstack.h
/Applications/Xcode.app/Contents/Developer/Platforms/MacOSX.platform/Developer/SDKs/MacOSX26.1.sdk/usr/include/sys/_types/_ucontext.h
/Applications/Xcode.app/Contents/Developer/Platforms/MacOSX.platform/Developer/SDKs/MacOSX26.1.sdk/usr/include/unistd.h
/Applications/Xcode.app/Contents/Developer/Platforms/MacOSX.platform/Developer/SDKs/MacOSX26.1.sdk/usr/include/sys/unistd.h
/Applications/Xcode.app/Contents/Developer/Platforms/MacOSX.platform/Developer/SDKs/MacOSX26.1.sdk/usr/include/sys/_types/_posix_vdisable.h
/Applications/Xcode.app/Contents/Developer/Platforms/MacOSX.platform/Developer/SDKs/MacOSX26.1.sdk/usr/include/gethostuuid.h
/Applications/Xcode.app/Contents/Developer/Platforms/MacOSX.platform/Developer/SDKs/MacOSX26.1.sdk/usr/include/mach/i386/_structs.h
/Applications/Xcode.app/Contents/Developer/Platforms/MacOSX.platform/Developer/SDKs/MacOSX26.1.sdk/usr/include/_inttypes.h
/Applications/Xcode.app/Contents/Developer/Platforms/MacOSX.platform/Developer/SDKs/MacOSX26.1.sdk/usr/include/xlocale/_inttypes.h
/Applications/Xcode.app/Contents/Developer/Toolchains/XcodeDefault.xctoolchain/usr/lib/swift/clang/include/stddef.h
/Applications/Xcode.app/Contents/Developer/Platforms/MacOSX.platform/Developer/SDKs/MacOSX26.1.sdk/usr/include/signal.h
/Applications/Xcode.app/Contents/Developer/Platforms/MacOSX.platform/Developer/SDKs/MacOSX26.1.sdk/usr/include/i386/signal.h
/Applications/Xcode.app/Contents/Developer/Platforms/MacOSX.platform/Developer/SDKs/MacOSX26.1.sdk/usr/include/i386/_mcontext.h
/Applications/Xcode.app/Contents/Developer/Platforms/MacOSX.platform/Developer/SDKs/MacOSX26.1.sdk/usr/include/_stdlib.h
/Applications/Xcode.app/Contents/Developer/Platforms/MacOSX.platform/Developer/SDKs/MacOSX26.1.sdk/usr/include/malloc/_malloc.h
/Applications/Xcode.app/Contents/Developer/Platforms/MacOSX.platform/Developer/SDKs/MacOSX26.1.sdk/usr/include/malloc/_malloc_type.h
/Applications/Xcode.app/Contents/Developer/Platforms/MacOSX.platform/Developer/SDKs/MacOSX26.1.sdk/usr/include/malloc/_ptrcheck.h
/Applications/Xcode.app/Contents/Developer/Platforms/MacOSX.platform/Developer/SDKs/MacOSX26.1.sdk/usr/include/_abort.h
/Applications/Xcode.app/Contents/Developer/Platforms/MacOSX.platform/Developer/SDKs/MacOSX26.1.sdk/usr/include/xlocale/_stdlib.h
/Applications/Xcode.app/Contents/Developer/Platforms/MacOSX.platform/Developer/SDKs/MacOSX26.1.sdk/usr/include/_wchar.h
/Applications/Xcode.app/Contents/Developer/Platforms/MacOSX.platform/Developer/SDKs/MacOSX26.1.sdk/usr/include/sys/_types/_mbstate_t.h
/Applications/Xcode.app/Contents/Developer/Toolchains/XcodeDefault.xctoolchain/usr/lib/swift/clang/include/stdarg.h
/Applications/Xcode.app/Contents/Developer/Platforms/MacOSX.platform/Developer/SDKs/MacOSX26.1.sdk/usr/include/stdio.h
/Applications/Xcode.app/Contents/Developer/Platforms/MacOSX.platform/Developer/SDKs/MacOSX26.1.sdk/usr/include/__wctype.h
/Applications/Xcode.app/Contents/Developer/Platforms/MacOSX.platform/Developer/SDKs/MacOSX26.1.sdk/usr/include/___wctype.h
/Applications/Xcode.app/Contents/Developer/Platforms/MacOSX.platform/Developer/SDKs/MacOSX26.1.sdk/usr/include/_types/_wctype_t.h
/Applications/Xcode.app/Contents/Developer/Platforms/MacOSX.platform/Developer/SDKs/MacOSX26.1.sdk/usr/include/ctype.h
/Applications/Xcode.app/Contents/Developer/Platforms/MacOSX.platform/Developer/SDKs/MacOSX26.1.sdk/usr/include/xlocale/_wchar.h
/Applications/Xcode.app/Contents/Developer/Platforms/MacOSX.platform/Developer/SDKs/MacOSX26.1.sdk/usr/include/_wctype.h
/Applications/Xcode.app/Contents/Developer/Platforms/MacOSX.platform/Developer/SDKs/MacOSX26.1.sdk/usr/include/_types/_wctrans_t.h
/Applications/Xcode.app/Contents/Developer/Platforms/MacOSX.platform/Developer/SDKs/MacOSX26.1.sdk/usr/include/xlocale/_wctype.h
/Applications/Xcode.app/Contents/Developer/Platforms/MacOSX.platform/Developer/SDKs/MacOSX26.1.sdk/usr/include/xlocale/___wctype.h
/Applications/Xcode.app/Contents/Developer/Platforms/MacOSX.platform/Developer/SDKs/MacOSX26.1.sdk/SDKSettings.json
/Applications/Xcode.app/Contents/Developer/Toolchains/XcodeDefault.xctoolchain/usr/lib/swift/macosx/prebuilt-modules/26.1/_StringProcessing.swiftmodule/arm64e-apple-macos.swiftmodule
/Applications/Xcode.app/Contents/Developer/Platforms/MacOSX.platform/Developer/SDKs/MacOSX26.1.sdk/usr/lib/swift/shims/module.modulemap
/Applications/Xcode.app/Contents/Developer/Platforms/MacOSX.platform/Developer/SDKs/MacOSX26.1.sdk/usr/lib/swift/shims/_SwiftConcurrency.h
/Applications/Xcode.app/Contents/Developer/Platforms/MacOSX.platform/Developer/SDKs/MacOSX26.1.sdk/SDKSettings.json
/Applications/Xcode.app/Contents/Developer/Platforms/MacOSX.platform/Developer/SDKs/MacOSX26.1.sdk/usr/include/launch.modulemap
/Applications/Xcode.app/Contents/Developer/Platforms/MacOSX.platform/Developer/SDKs/MacOSX26.1.sdk/usr/include/Darwin.modulemap
/Applications/Xcode.app/Contents/Developer/Platforms/MacOSX.platform/Developer/SDKs/MacOSX26.1.sdk/usr/include/Darwin_C.modulemap
/Applications/Xcode.app/Contents/Developer/Platforms/MacOSX.platform/Developer/SDKs/MacOSX26.1.sdk/usr/include/Darwin_POSIX.modulemap
/Applications/Xcode.app/Contents/Developer/Platforms/MacOSX.platform/Developer/SDKs/MacOSX26.1.sdk/usr/include/net.modulemap
/Applications/Xcode.app/Contents/Developer/Platforms/MacOSX.platform/Developer/SDKs/MacOSX26.1.sdk/usr/include/netinet.modulemap
/Applications/Xcode.app/Contents/Developer/Platforms/MacOSX.platform/Developer/SDKs/MacOSX26.1.sdk/usr/include/bank.modulemap
/Applications/Xcode.app/Contents/Developer/Platforms/MacOSX.platform/Developer/SDKs/MacOSX26.1.sdk/usr/include/Darwin_Mach.modulemap
/Applications/Xcode.app/Contents/Developer/Platforms/MacOSX.platform/Developer/SDKs/MacOSX26.1.sdk/usr/include/Darwin_Mach_machine.modulemap
/Applications/Xcode.app/Contents/Developer/Platforms/MacOSX.platform/Developer/SDKs/MacOSX26.1.sdk/usr/include/mach_debug.modulemap
/Applications/Xcode.app/Contents/Developer/Platforms/MacOSX.platform/Developer/SDKs/MacOSX26.1.sdk/usr/include/device.modulemap
/Applications/Xcode.app/Contents/Developer/Platforms/MacOSX.platform/Developer/SDKs/MacOSX26.1.sdk/usr/include/Darwin_machine.modulemap
/Applications/Xcode.app/Contents/Developer/Platforms/MacOSX.platform/Developer/SDKs/MacOSX26.1.sdk/usr/include/ncurses.modulemap
/Applications/Xcode.app/Contents/Developer/Platforms/MacOSX.platform/Developer/SDKs/MacOSX26.1.sdk/usr/include/netinet6.modulemap
/Applications/Xcode.app/Contents/Developer/Platforms/MacOSX.platform/Developer/SDKs/MacOSX26.1.sdk/usr/include/Darwin_sys.modulemap
/Applications/Xcode.app/Contents/Developer/Platforms/MacOSX.platform/Developer/SDKs/MacOSX26.1.sdk/usr/include/uuid.modulemap
/Applications/Xcode.app/Contents/Developer/Platforms/MacOSX.platform/Developer/SDKs/MacOSX26.1.sdk/usr/include/DarwinFoundation1.modulemap
/Applications/Xcode.app/Contents/Developer/Platforms/MacOSX.platform/Developer/SDKs/MacOSX26.1.sdk/usr/include/launch.h
/Applications/Xcode.app/Contents/Developer/Toolchains/XcodeDefault.xctoolchain/usr/lib/swift/clang/include/module.modulemap
/Applications/Xcode.app/Contents/Developer/Toolchains/XcodeDefault.xctoolchain/usr/lib/swift/clang/include/stddef.h
/Applications/Xcode.app/Contents/Developer/Platforms/MacOSX.platform/Developer/SDKs/MacOSX26.1.sdk/SDKSettings.json
/Applications/Xcode.app/Contents/Developer/Platforms/MacOSX.platform/Developer/SDKs/MacOSX26.1.sdk/usr/include/libDER/module.modulemap
/Applications/Xcode.app/Contents/Developer/Platforms/MacOSX.platform/Developer/SDKs/MacOSX26.1.sdk/usr/include/libDER/DERItem.h
/Applications/Xcode.app/Contents/Developer/Platforms/MacOSX.platform/Developer/SDKs/MacOSX26.1.sdk/usr/include/libDER/libDER_config.h
/Applications/Xcode.app/Contents/Developer/Toolchains/XcodeDefault.xctoolchain/usr/lib/swift/clang/include/module.modulemap
/Applications/Xcode.app/Contents/Developer/Toolchains/XcodeDefault.xctoolchain/usr/lib/swift/clang/include/stddef.h
/Applications/Xcode.app/Contents/Developer/Platforms/MacOSX.platform/Developer/SDKs/MacOSX26.1.sdk/usr/include/DarwinFoundation2.modulemap
/Applications/Xcode.app/Contents/Developer/Platforms/MacOSX.platform/Developer/SDKs/MacOSX26.1.sdk/usr/include/DarwinFoundation1.modulemap
/Applications/Xcode.app/Contents/Developer/Platforms/MacOSX.platform/Developer/SDKs/MacOSX26.1.sdk/usr/include/string.h
/Applications/Xcode.app/Contents/Developer/Platforms/MacOSX.platform/Developer/SDKs/MacOSX26.1.sdk/SDKSettings.json
/Applications/Xcode.app/Contents/Developer/Platforms/MacOSX.platform/Developer/SDKs/MacOSX26.1.sdk/usr/include/libkern.modulemap
/Applications/Xcode.app/Contents/Developer/Platforms/MacOSX.platform/Developer/SDKs/MacOSX26.1.sdk/usr/include/Darwin.modulemap
/Applications/Xcode.app/Contents/Developer/Platforms/MacOSX.platform/Developer/SDKs/MacOSX26.1.sdk/usr/include/Darwin_C.modulemap
/Applications/Xcode.app/Contents/Developer/Platforms/MacOSX.platform/Developer/SDKs/MacOSX26.1.sdk/usr/include/Darwin_POSIX.modulemap
/Applications/Xcode.app/Contents/Developer/Platforms/MacOSX.platform/Developer/SDKs/MacOSX26.1.sdk/usr/include/net.modulemap
/Applications/Xcode.app/Contents/Developer/Platforms/MacOSX.platform/Developer/SDKs/MacOSX26.1.sdk/usr/include/netinet.modulemap
/Applications/Xcode.app/Contents/Developer/Platforms/MacOSX.platform/Developer/SDKs/MacOSX26.1.sdk/usr/include/bank.modulemap
/Applications/Xcode.app/Contents/Developer/Platforms/MacOSX.platform/Developer/SDKs/MacOSX26.1.sdk/usr/include/Darwin_Mach.modulemap
/Applications/Xcode.app/Contents/Developer/Platforms/MacOSX.platform/Developer/SDKs/MacOSX26.1.sdk/usr/include/Darwin_Mach_machine.modulemap
/Applications/Xcode.app/Contents/Developer/Platforms/MacOSX.platform/Developer/SDKs/MacOSX26.1.sdk/usr/include/mach_debug.modulemap
/Applications/Xcode.app/Contents/Developer/Platforms/MacOSX.platform/Developer/SDKs/MacOSX26.1.sdk/usr/include/device.modulemap
/Applications/Xcode.app/Contents/Developer/Platforms/MacOSX.platform/Developer/SDKs/MacOSX26.1.sdk/usr/include/Darwin_machine.modulemap
/Applications/Xcode.app/Contents/Developer/Platforms/MacOSX.platform/Developer/SDKs/MacOSX26.1.sdk/usr/include/ncurses.modulemap
/Applications/Xcode.app/Contents/Developer/Platforms/MacOSX.platform/Developer/SDKs/MacOSX26.1.sdk/usr/include/netinet6.modulemap
/Applications/Xcode.app/Contents/Developer/Platforms/MacOSX.platform/Developer/SDKs/MacOSX26.1.sdk/usr/include/Darwin_sys.modulemap
/Applications/Xcode.app/Contents/Developer/Platforms/MacOSX.platform/Developer/SDKs/MacOSX26.1.sdk/usr/include/uuid.modulemap
/Applications/Xcode.app/Contents/Developer/Platforms/MacOSX.platform/Developer/SDKs/MacOSX26.1.sdk/usr/include/DarwinFoundation1.modulemap
/Applications/Xcode.app/Contents/Developer/Platforms/MacOSX.platform/Developer/SDKs/MacOSX26.1.sdk/usr/include/libkern/OSCacheControl.h
/Applications/Xcode.app/Contents/Developer/Toolchains/XcodeDefault.xctoolchain/usr/lib/swift/clang/include/module.modulemap
/Applications/Xcode.app/Contents/Developer/Toolchains/XcodeDefault.xctoolchain/usr/lib/swift/clang/include/stddef.h
/Applications/Xcode.app/Contents/Developer/Platforms/MacOSX.platform/Developer/SDKs/MacOSX26.1.sdk/usr/include/libkern/OSDebug.h
/Applications/Xcode.app/Contents/Developer/Platforms/MacOSX.platform/Developer/SDKs/MacOSX26.1.sdk/usr/include/libkern/OSReturn.h
/Applications/Xcode.app/Contents/Developer/Platforms/MacOSX.platform/Developer/SDKs/MacOSX26.1.sdk/usr/include/libkern/OSThermalNotification.h
/Applications/Xcode.app/Contents/Developer/Platforms/MacOSX.platform/Developer/SDKs/MacOSX26.1.sdk/usr/include/libkern/OSTypes.h
/Applications/Xcode.app/Contents/Developer/Platforms/MacOSX.platform/Developer/SDKs/MacOSX26.1.sdk/usr/include/libkern/OSKextLib.h
/Applications/Xcode.app/Contents/Developer/Platforms/MacOSX.platform/Developer/SDKs/MacOSX26.1.sdk/SDKSettings.json
/Applications/Xcode.app/Contents/Developer/Platforms/MacOSX.platform/Developer/SDKs/MacOSX26.1.sdk/usr/include/os.apinotes
/Applications/Xcode.app/Contents/Developer/Platforms/MacOSX.platform/Developer/SDKs/MacOSX26.1.sdk/usr/include/xpc.modulemap
/Applications/Xcode.app/Contents/Developer/Platforms/MacOSX.platform/Developer/SDKs/MacOSX26.1.sdk/usr/include/DarwinBasic.modulemap
/Applications/Xcode.app/Contents/Developer/Platforms/MacOSX.platform/Developer/SDKs/MacOSX26.1.sdk/usr/include/os.modulemap
/Applications/Xcode.app/Contents/Developer/Platforms/MacOSX.platform/Developer/SDKs/MacOSX26.1.sdk/usr/include/Darwin.modulemap
/Applications/Xcode.app/Contents/Developer/Platforms/MacOSX.platform/Developer/SDKs/MacOSX26.1.sdk/usr/include/Darwin_C.modulemap
/Applications/Xcode.app/Contents/Developer/Platforms/MacOSX.platform/Developer/SDKs/MacOSX26.1.sdk/usr/include/Darwin_POSIX.modulemap
/Applications/Xcode.app/Contents/Developer/Platforms/MacOSX.platform/Developer/SDKs/MacOSX26.1.sdk/usr/include/net.modulemap
/Applications/Xcode.app/Contents/Developer/Platforms/MacOSX.platform/Developer/SDKs/MacOSX26.1.sdk/usr/include/netinet.modulemap
/Applications/Xcode.app/Contents/Developer/Platforms/MacOSX.platform/Developer/SDKs/MacOSX26.1.sdk/usr/include/bank.modulemap
/Applications/Xcode.app/Contents/Developer/Platforms/MacOSX.platform/Developer/SDKs/MacOSX26.1.sdk/usr/include/Darwin_Mach.modulemap
/Applications/Xcode.app/Contents/Developer/Platforms/MacOSX.platform/Developer/SDKs/MacOSX26.1.sdk/usr/include/Darwin_Mach_machine.modulemap
/Applications/Xcode.app/Contents/Developer/Platforms/MacOSX.platform/Developer/SDKs/MacOSX26.1.sdk/usr/include/mach_debug.modulemap
/Applications/Xcode.app/Contents/Developer/Platforms/MacOSX.platform/Developer/SDKs/MacOSX26.1.sdk/usr/include/device.modulemap
/Applications/Xcode.app/Contents/Developer/Platforms/MacOSX.platform/Developer/SDKs/MacOSX26.1.sdk/usr/include/Darwin_machine.modulemap
/Applications/Xcode.app/Contents/Developer/Platforms/MacOSX.platform/Developer/SDKs/MacOSX26.1.sdk/usr/include/ncurses.modulemap
/Applications/Xcode.app/Contents/Developer/Platforms/MacOSX.platform/Developer/SDKs/MacOSX26.1.sdk/usr/include/netinet6.modulemap
/Applications/Xcode.app/Contents/Developer/Platforms/MacOSX.platform/Developer/SDKs/MacOSX26.1.sdk/usr/include/Darwin_sys.modulemap
/Applications/Xcode.app/Contents/Developer/Platforms/MacOSX.platform/Developer/SDKs/MacOSX26.1.sdk/usr/include/uuid.modulemap
/Applications/Xcode.app/Contents/Developer/Platforms/MacOSX.platform/Developer/SDKs/MacOSX26.1.sdk/usr/include/DarwinFoundation2.modulemap
/Applications/Xcode.app/Contents/Developer/Platforms/MacOSX.platform/Developer/SDKs/MacOSX26.1.sdk/usr/include/DarwinFoundation3.modulemap
/Applications/Xcode.app/Contents/Developer/Platforms/MacOSX.platform/Developer/SDKs/MacOSX26.1.sdk/usr/include/DarwinFoundation1.modulemap
/Applications/Xcode.app/Contents/Developer/Platforms/MacOSX.platform/Developer/SDKs/MacOSX26.1.sdk/usr/include/os/atomic.h
/Applications/Xcode.app/Contents/Developer/Toolchains/XcodeDefault.xctoolchain/usr/lib/swift/clang/include/module.modulemap
/Applications/Xcode.app/Contents/Developer/Platforms/MacOSX.platform/Developer/SDKs/MacOSX26.1.sdk/usr/include/os/overflow.h
/Applications/Xcode.app/Contents/Developer/Platforms/MacOSX.platform/Developer/SDKs/MacOSX26.1.sdk/usr/include/os/trace_base.h
/Applications/Xcode.app/Contents/Developer/Toolchains/XcodeDefault.xctoolchain/usr/lib/swift/clang/include/stdarg.h
/Applications/Xcode.app/Contents/Developer/Platforms/MacOSX.platform/Developer/SDKs/MacOSX26.1.sdk/usr/include/os/activity.h
/Applications/Xcode.app/Contents/Developer/Platforms/MacOSX.platform/Developer/SDKs/MacOSX26.1.sdk/usr/include/os/log.h
/Applications/Xcode.app/Contents/Developer/Platforms/MacOSX.platform/Developer/SDKs/MacOSX26.1.sdk/usr/include/os/trace.h
/Applications/Xcode.app/Contents/Developer/Platforms/MacOSX.platform/Developer/SDKs/MacOSX26.1.sdk/usr/include/os/signpost.h
/Applications/Xcode.app/Contents/Developer/Platforms/MacOSX.platform/Developer/SDKs/MacOSX26.1.sdk/usr/include/_modules/_os_lock.h
/Applications/Xcode.app/Contents/Developer/Platforms/MacOSX.platform/Developer/SDKs/MacOSX26.1.sdk/usr/include/_modules/_os_object.h
/Applications/Xcode.app/Contents/Developer/Platforms/MacOSX.platform/Developer/SDKs/MacOSX26.1.sdk/usr/include/_modules/_os_workgroup.h
/Applications/Xcode.app/Contents/Developer/Platforms/MacOSX.platform/Developer/SDKs/MacOSX26.1.sdk/SDKSettings.json
/Applications/Xcode.app/Contents/Developer/Toolchains/XcodeDefault.xctoolchain/usr/lib/swift/macosx/prebuilt-modules/26.1/os.swiftmodule/arm64e-apple-macos.swiftmodule
/Applications/Xcode.app/Contents/Developer/Platforms/MacOSX.platform/Developer/SDKs/MacOSX26.1.sdk/usr/include/os.modulemap
/Applications/Xcode.app/Contents/Developer/Platforms/MacOSX.platform/Developer/SDKs/MacOSX26.1.sdk/usr/include/ObjectiveC.modulemap
/Applications/Xcode.app/Contents/Developer/Platforms/MacOSX.platform/Developer/SDKs/MacOSX26.1.sdk/usr/include/Darwin.modulemap
/Applications/Xcode.app/Contents/Developer/Platforms/MacOSX.platform/Developer/SDKs/MacOSX26.1.sdk/usr/include/Darwin_C.modulemap
/Applications/Xcode.app/Contents/Developer/Platforms/MacOSX.platform/Developer/SDKs/MacOSX26.1.sdk/usr/include/Darwin_POSIX.modulemap
/Applications/Xcode.app/Contents/Developer/Platforms/MacOSX.platform/Developer/SDKs/MacOSX26.1.sdk/usr/include/net.modulemap
/Applications/Xcode.app/Contents/Developer/Platforms/MacOSX.platform/Developer/SDKs/MacOSX26.1.sdk/usr/include/netinet.modulemap
/Applications/Xcode.app/Contents/Developer/Platforms/MacOSX.platform/Developer/SDKs/MacOSX26.1.sdk/usr/include/bank.modulemap
/Applications/Xcode.app/Contents/Developer/Platforms/MacOSX.platform/Developer/SDKs/MacOSX26.1.sdk/usr/include/Darwin_Mach.modulemap
/Applications/Xcode.app/Contents/Developer/Platforms/MacOSX.platform/Developer/SDKs/MacOSX26.1.sdk/usr/include/Darwin_Mach_machine.modulemap
/Applications/Xcode.app/Contents/Developer/Platforms/MacOSX.platform/Developer/SDKs/MacOSX26.1.sdk/usr/include/mach_debug.modulemap
/Applications/Xcode.app/Contents/Developer/Platforms/MacOSX.platform/Developer/SDKs/MacOSX26.1.sdk/usr/include/device.modulemap
/Applications/Xcode.app/Contents/Developer/Platforms/MacOSX.platform/Developer/SDKs/MacOSX26.1.sdk/usr/include/Darwin_machine.modulemap
/Applications/Xcode.app/Contents/Developer/Platforms/MacOSX.platform/Developer/SDKs/MacOSX26.1.sdk/usr/include/ncurses.modulemap
/Applications/Xcode.app/Contents/Developer/Platforms/MacOSX.platform/Developer/SDKs/MacOSX26.1.sdk/usr/include/netinet6.modulemap
/Applications/Xcode.app/Contents/Developer/Platforms/MacOSX.platform/Developer/SDKs/MacOSX26.1.sdk/usr/include/Darwin_sys.modulemap
/Applications/Xcode.app/Contents/Developer/Platforms/MacOSX.platform/Developer/SDKs/MacOSX26.1.sdk/usr/include/uuid.modulemap
/Applications/Xcode.app/Contents/Developer/Platforms/MacOSX.platform/Developer/SDKs/MacOSX26.1.sdk/usr/include/DarwinFoundation1.modulemap
/Applications/Xcode.app/Contents/Developer/Platforms/MacOSX.platform/Developer/SDKs/MacOSX26.1.sdk/usr/include/os/object.h
/Applications/Xcode.app/Contents/Developer/Platforms/MacOSX.platform/Developer/SDKs/MacOSX26.1.sdk/SDKSettings.json
/Applications/Xcode.app/Contents/Developer/Platforms/MacOSX.platform/Developer/SDKs/MacOSX26.1.sdk/usr/include/os.modulemap
/Applications/Xcode.app/Contents/Developer/Platforms/MacOSX.platform/Developer/SDKs/MacOSX26.1.sdk/usr/include/Darwin.modulemap
/Applications/Xcode.app/Contents/Developer/Platforms/MacOSX.platform/Developer/SDKs/MacOSX26.1.sdk/usr/include/Darwin_C.modulemap
/Applications/Xcode.app/Contents/Developer/Platforms/MacOSX.platform/Developer/SDKs/MacOSX26.1.sdk/usr/include/Darwin_POSIX.modulemap
/Applications/Xcode.app/Contents/Developer/Platforms/MacOSX.platform/Developer/SDKs/MacOSX26.1.sdk/usr/include/net.modulemap
/Applications/Xcode.app/Contents/Developer/Platforms/MacOSX.platform/Developer/SDKs/MacOSX26.1.sdk/usr/include/netinet.modulemap
/Applications/Xcode.app/Contents/Developer/Platforms/MacOSX.platform/Developer/SDKs/MacOSX26.1.sdk/usr/include/bank.modulemap
/Applications/Xcode.app/Contents/Developer/Platforms/MacOSX.platform/Developer/SDKs/MacOSX26.1.sdk/usr/include/Darwin_Mach.modulemap
/Applications/Xcode.app/Contents/Developer/Platforms/MacOSX.platform/Developer/SDKs/MacOSX26.1.sdk/usr/include/Darwin_Mach_machine.modulemap
/Applications/Xcode.app/Contents/Developer/Platforms/MacOSX.platform/Developer/SDKs/MacOSX26.1.sdk/usr/include/mach_debug.modulemap
/Applications/Xcode.app/Contents/Developer/Platforms/MacOSX.platform/Developer/SDKs/MacOSX26.1.sdk/usr/include/device.modulemap
/Applications/Xcode.app/Contents/Developer/Platforms/MacOSX.platform/Developer/SDKs/MacOSX26.1.sdk/usr/include/Darwin_machine.modulemap
/Applications/Xcode.app/Contents/Developer/Platforms/MacOSX.platform/Developer/SDKs/MacOSX26.1.sdk/usr/include/ncurses.modulemap
/Applications/Xcode.app/Contents/Developer/Platforms/MacOSX.platform/Developer/SDKs/MacOSX26.1.sdk/usr/include/netinet6.modulemap
/Applications/Xcode.app/Contents/Developer/Platforms/MacOSX.platform/Developer/SDKs/MacOSX26.1.sdk/usr/include/Darwin_sys.modulemap
/Applications/Xcode.app/Contents/Developer/Platforms/MacOSX.platform/Developer/SDKs/MacOSX26.1.sdk/usr/include/uuid.modulemap
/Applications/Xcode.app/Contents/Developer/Platforms/MacOSX.platform/Developer/SDKs/MacOSX26.1.sdk/usr/include/DarwinFoundation2.modulemap
/Applications/Xcode.app/Contents/Developer/Platforms/MacOSX.platform/Developer/SDKs/MacOSX26.1.sdk/usr/include/DarwinFoundation3.modulemap
/Applications/Xcode.app/Contents/Developer/Platforms/MacOSX.platform/Developer/SDKs/MacOSX26.1.sdk/usr/include/DarwinFoundation1.modulemap
/Applications/Xcode.app/Contents/Developer/Platforms/MacOSX.platform/Developer/SDKs/MacOSX26.1.sdk/usr/include/os/workgroup.h
/Applications/Xcode.app/Contents/Developer/Platforms/MacOSX.platform/Developer/SDKs/MacOSX26.1.sdk/usr/include/os/workgroup_base.h
/Applications/Xcode.app/Contents/Developer/Toolchains/XcodeDefault.xctoolchain/usr/lib/swift/clang/include/module.modulemap
/Applications/Xcode.app/Contents/Developer/Toolchains/XcodeDefault.xctoolchain/usr/lib/swift/clang/include/stddef.h
/Applications/Xcode.app/Contents/Developer/Platforms/MacOSX.platform/Developer/SDKs/MacOSX26.1.sdk/usr/include/string.h
/Applications/Xcode.app/Contents/Developer/Platforms/MacOSX.platform/Developer/SDKs/MacOSX26.1.sdk/usr/include/stdlib.h
/Applications/Xcode.app/Contents/Developer/Platforms/MacOSX.platform/Developer/SDKs/MacOSX26.1.sdk/usr/include/os/workgroup_object.h
/Applications/Xcode.app/Contents/Developer/Platforms/MacOSX.platform/Developer/SDKs/MacOSX26.1.sdk/usr/include/os/workgroup_interval.h
/Applications/Xcode.app/Contents/Developer/Platforms/MacOSX.platform/Developer/SDKs/MacOSX26.1.sdk/usr/include/os/workgroup_parallel.h
/Applications/Xcode.app/Contents/Developer/Platforms/MacOSX.platform/Developer/SDKs/MacOSX26.1.sdk/SDKSettings.json
/Applications/Xcode.app/Contents/Developer/Toolchains/XcodeDefault.xctoolchain/usr/lib/swift/clang/include/module.modulemap
/Applications/Xcode.app/Contents/Developer/Toolchains/XcodeDefault.xctoolchain/usr/lib/swift/clang/include/ptrauth.h
/Applications/Xcode.app/Contents/Developer/Platforms/MacOSX.platform/Developer/SDKs/MacOSX26.1.sdk/SDKSettings.json
/Applications/Xcode.app/Contents/Developer/Toolchains/XcodeDefault.xctoolchain/usr/lib/swift/clang/include/module.modulemap
/Applications/Xcode.app/Contents/Developer/Toolchains/XcodeDefault.xctoolchain/usr/lib/swift/clang/include/ptrcheck.h
/Applications/Xcode.app/Contents/Developer/Platforms/MacOSX.platform/Developer/SDKs/MacOSX26.1.sdk/SDKSettings.json
/Applications/Xcode.app/Contents/Developer/Platforms/MacOSX.platform/Developer/SDKs/MacOSX26.1.sdk/usr/include/simd/module.modulemap
/Applications/Xcode.app/Contents/Developer/Platforms/MacOSX.platform/Developer/SDKs/MacOSX26.1.sdk/usr/include/simd/simd.h
/Applications/Xcode.app/Contents/Developer/Platforms/MacOSX.platform/Developer/SDKs/MacOSX26.1.sdk/usr/include/simd/vector.h
/Applications/Xcode.app/Contents/Developer/Platforms/MacOSX.platform/Developer/SDKs/MacOSX26.1.sdk/usr/include/simd/vector_types.h
/Applications/Xcode.app/Contents/Developer/Platforms/MacOSX.platform/Developer/SDKs/MacOSX26.1.sdk/usr/include/simd/base.h
/Applications/Xcode.app/Contents/Developer/Platforms/MacOSX.platform/Developer/SDKs/MacOSX26.1.sdk/usr/include/DarwinFoundation1.modulemap
/Applications/Xcode.app/Contents/Developer/Toolchains/XcodeDefault.xctoolchain/usr/lib/swift/clang/include/module.modulemap
/Applications/Xcode.app/Contents/Developer/Platforms/MacOSX.platform/Developer/SDKs/MacOSX26.1.sdk/usr/include/simd/packed.h
/Applications/Xcode.app/Contents/Developer/Platforms/MacOSX.platform/Developer/SDKs/MacOSX26.1.sdk/usr/include/simd/vector_make.h
/Applications/Xcode.app/Contents/Developer/Toolchains/XcodeDefault.xctoolchain/usr/lib/swift/clang/include/stddef.h
/Applications/Xcode.app/Contents/Developer/Platforms/MacOSX.platform/Developer/SDKs/MacOSX26.1.sdk/usr/include/simd/logic.h
/Applications/Xcode.app/Contents/Developer/Platforms/MacOSX.platform/Developer/SDKs/MacOSX26.1.sdk/usr/include/simd/math.h
/Applications/Xcode.app/Contents/Developer/Platforms/MacOSX.platform/Developer/SDKs/MacOSX26.1.sdk/usr/include/simd/common.h
/Applications/Xcode.app/Contents/Developer/Platforms/MacOSX.platform/Developer/SDKs/MacOSX26.1.sdk/usr/include/simd/geometry.h
/Applications/Xcode.app/Contents/Developer/Platforms/MacOSX.platform/Developer/SDKs/MacOSX26.1.sdk/usr/include/simd/extern.h
/Applications/Xcode.app/Contents/Developer/Platforms/MacOSX.platform/Developer/SDKs/MacOSX26.1.sdk/usr/include/simd/types.h
/Applications/Xcode.app/Contents/Developer/Platforms/MacOSX.platform/Developer/SDKs/MacOSX26.1.sdk/usr/include/simd/conversion.h
/Applications/Xcode.app/Contents/Developer/Platforms/MacOSX.platform/Developer/SDKs/MacOSX26.1.sdk/usr/include/simd/matrix.h
/Applications/Xcode.app/Contents/Developer/Platforms/MacOSX.platform/Developer/SDKs/MacOSX26.1.sdk/usr/include/simd/matrix_types.h
/Applications/Xcode.app/Contents/Developer/Platforms/MacOSX.platform/Developer/SDKs/MacOSX26.1.sdk/usr/include/simd/quaternion.h
/Applications/Xcode.app/Contents/Developer/Platforms/MacOSX.platform/Developer/SDKs/MacOSX26.1.sdk/SDKSettings.json
/Applications/Xcode.app/Contents/Developer/Toolchains/XcodeDefault.xctoolchain/usr/lib/swift/macosx/prebuilt-modules/26.1/simd.swiftmodule/arm64e-apple-macos.swiftmodule
/Applications/Xcode.app/Contents/Developer/Platforms/MacOSX.platform/Developer/SDKs/MacOSX26.1.sdk/usr/include/DarwinFoundation2.modulemap
/Applications/Xcode.app/Contents/Developer/Platforms/MacOSX.platform/Developer/SDKs/MacOSX26.1.sdk/usr/include/_modules/_sys_types.h
/Applications/Xcode.app/Contents/Developer/Platforms/MacOSX.platform/Developer/SDKs/MacOSX26.1.sdk/SDKSettings.json

RegisterExecutionPolicyException /Users/rogerlin/Library/Developer/Xcode/DerivedData/FinancialCalculatorKit-ackorybalcxbfocbkqsfdzcfkgmn/Build/Products/Debug/SwiftDraw.o (in target 'SwiftDraw' from project 'SwiftDraw')
    cd /Users/rogerlin/Library/Developer/Xcode/DerivedData/FinancialCalculatorKit-ackorybalcxbfocbkqsfdzcfkgmn/SourcePackages/checkouts/SwiftDraw
    builtin-RegisterExecutionPolicyException /Users/rogerlin/Library/Developer/Xcode/DerivedData/FinancialCalculatorKit-ackorybalcxbfocbkqsfdzcfkgmn/Build/Products/Debug/SwiftDraw.o

    Task input dependencies:
        /Users/rogerlin/Library/Developer/Xcode/DerivedData/FinancialCalculatorKit-ackorybalcxbfocbkqsfdzcfkgmn/Build/Products/Debug/SwiftDraw.o

    Task output dependencies:

SwiftDriverJobDiscovery normal arm64 Compiling Exports.swift (in target 'CasePaths' from project 'swift-case-paths')

SwiftDriverJobDiscovery normal arm64 Compiling LockIsolated.swift (in target 'CasePaths' from project 'swift-case-paths')

SwiftDriverJobDiscovery normal arm64 Compiling Constants.swift (in target 'HTMLEntities' from project 'HTMLEntities')

SwiftDriver\ Compilation HTMLEntities normal arm64 com.apple.xcode.tools.swift.compiler (in target 'HTMLEntities' from project 'HTMLEntities')
    cd /Users/rogerlin/XCode-Projects/FinancialCalculatorKit-5.0-updated-accent-colors/FinancialCalculatorKit.xcodeproj
    builtin-Swift-Compilation -- /Applications/Xcode.app/Contents/Developer/Toolchains/XcodeDefault.xctoolchain/usr/bin/swiftc -module-name HTMLEntities -Onone -enforce-exclusivity\=checked @/Users/rogerlin/Library/Developer/Xcode/DerivedData/FinancialCalculatorKit-ackorybalcxbfocbkqsfdzcfkgmn/Build/Intermediates.noindex/HTMLEntities.build/Debug/HTMLEntities.build/Objects-normal/arm64/HTMLEntities.SwiftFileList -DSWIFT_PACKAGE -DDEBUG -DSWIFT_MODULE_RESOURCE_BUNDLE_UNAVAILABLE -DXcode -plugin-path /Applications/Xcode.app/Contents/Developer/Toolchains/XcodeDefault.xctoolchain/usr/lib/swift/host/plugins/testing -enable-experimental-feature DebugDescriptionMacro -sdk /Applications/Xcode.app/Contents/Developer/Platforms/MacOSX.platform/Developer/SDKs/MacOSX26.1.sdk -target arm64-apple-macos10.13 -g -module-cache-path /Users/rogerlin/Library/Developer/Xcode/DerivedData/ModuleCache.noindex -Xfrontend -serialize-debugging-options -profile-coverage-mapping -profile-generate -enable-testing -suppress-warnings -index-store-path /Users/rogerlin/Library/Developer/Xcode/DerivedData/FinancialCalculatorKit-ackorybalcxbfocbkqsfdzcfkgmn/Index.noindex/DataStore -Xcc -D_LIBCPP_HARDENING_MODE\=_LIBCPP_HARDENING_MODE_DEBUG -swift-version 5 -I /Users/rogerlin/Library/Developer/Xcode/DerivedData/FinancialCalculatorKit-ackorybalcxbfocbkqsfdzcfkgmn/Build/Products/Debug -Isystem /Applications/Xcode.app/Contents/Developer/Platforms/MacOSX.platform/Developer/usr/lib -F /Users/rogerlin/Library/Developer/Xcode/DerivedData/FinancialCalculatorKit-ackorybalcxbfocbkqsfdzcfkgmn/Build/Products/Debug -F /Applications/Xcode.app/Contents/Developer/Platforms/MacOSX.platform/Developer/Library/Frameworks -c -j16 -enable-batch-mode -incremental -Xcc -ivfsstatcache -Xcc /Users/rogerlin/Library/Developer/Xcode/DerivedData/SDKStatCaches.noindex/macosx26.1-25B74-3ae1261907bdadc328169391a47051a6.sdkstatcache -output-file-map /Users/rogerlin/Library/Developer/Xcode/DerivedData/FinancialCalculatorKit-ackorybalcxbfocbkqsfdzcfkgmn/Build/Intermediates.noindex/HTMLEntities.build/Debug/HTMLEntities.build/Objects-normal/arm64/HTMLEntities-OutputFileMap.json -use-frontend-parseable-output -save-temps -no-color-diagnostics -explicit-module-build -module-cache-path /Users/rogerlin/Library/Developer/Xcode/DerivedData/FinancialCalculatorKit-ackorybalcxbfocbkqsfdzcfkgmn/Build/Intermediates.noindex/SwiftExplicitPrecompiledModules -clang-scanner-module-cache-path /Users/rogerlin/Library/Developer/Xcode/DerivedData/ModuleCache.noindex -sdk-module-cache-path /Users/rogerlin/Library/Developer/Xcode/DerivedData/ModuleCache.noindex -serialize-diagnostics -emit-dependencies -emit-module -emit-module-path /Users/rogerlin/Library/Developer/Xcode/DerivedData/FinancialCalculatorKit-ackorybalcxbfocbkqsfdzcfkgmn/Build/Intermediates.noindex/HTMLEntities.build/Debug/HTMLEntities.build/Objects-normal/arm64/HTMLEntities.swiftmodule -validate-clang-modules-once -clang-build-session-file /Users/rogerlin/Library/Developer/Xcode/DerivedData/ModuleCache.noindex/Session.modulevalidation -Xcc -I/Users/rogerlin/Library/Developer/Xcode/DerivedData/FinancialCalculatorKit-ackorybalcxbfocbkqsfdzcfkgmn/Build/Intermediates.noindex/HTMLEntities.build/Debug/HTMLEntities.build/swift-overrides.hmap -emit-const-values -Xfrontend -const-gather-protocols-file -Xfrontend /Users/rogerlin/Library/Developer/Xcode/DerivedData/FinancialCalculatorKit-ackorybalcxbfocbkqsfdzcfkgmn/Build/Intermediates.noindex/HTMLEntities.build/Debug/HTMLEntities.build/Objects-normal/arm64/HTMLEntities_const_extract_protocols.json -Xcc -I/Users/rogerlin/Library/Developer/Xcode/DerivedData/FinancialCalculatorKit-ackorybalcxbfocbkqsfdzcfkgmn/Build/Products/Debug/include -Xcc -I/Users/rogerlin/Library/Developer/Xcode/DerivedData/FinancialCalculatorKit-ackorybalcxbfocbkqsfdzcfkgmn/Build/Intermediates.noindex/HTMLEntities.build/Debug/HTMLEntities.build/DerivedSources-normal/arm64 -Xcc -I/Users/rogerlin/Library/Developer/Xcode/DerivedData/FinancialCalculatorKit-ackorybalcxbfocbkqsfdzcfkgmn/Build/Intermediates.noindex/HTMLEntities.build/Debug/HTMLEntities.build/DerivedSources/arm64 -Xcc -I/Users/rogerlin/Library/Developer/Xcode/DerivedData/FinancialCalculatorKit-ackorybalcxbfocbkqsfdzcfkgmn/Build/Intermediates.noindex/HTMLEntities.build/Debug/HTMLEntities.build/DerivedSources -Xcc -DSWIFT_PACKAGE -Xcc -DDEBUG\=1 -emit-objc-header -emit-objc-header-path /Users/rogerlin/Library/Developer/Xcode/DerivedData/FinancialCalculatorKit-ackorybalcxbfocbkqsfdzcfkgmn/Build/Intermediates.noindex/HTMLEntities.build/Debug/HTMLEntities.build/Objects-normal/arm64/HTMLEntities-Swift.h -working-directory /Users/rogerlin/XCode-Projects/FinancialCalculatorKit-5.0-updated-accent-colors/FinancialCalculatorKit.xcodeproj -experimental-emit-module-separately -disable-cmo

    Task input dependencies:
        /Users/rogerlin/Library/Developer/Xcode/DerivedData/FinancialCalculatorKit-ackorybalcxbfocbkqsfdzcfkgmn/SourcePackages/checkouts/swift-html-entities/Sources/HTMLEntities/Constants.swift
        /Users/rogerlin/Library/Developer/Xcode/DerivedData/FinancialCalculatorKit-ackorybalcxbfocbkqsfdzcfkgmn/SourcePackages/checkouts/swift-html-entities/Sources/HTMLEntities/ParseError.swift
        /Users/rogerlin/Library/Developer/Xcode/DerivedData/FinancialCalculatorKit-ackorybalcxbfocbkqsfdzcfkgmn/SourcePackages/checkouts/swift-html-entities/Sources/HTMLEntities/String+HTMLEntities.swift
        /Users/rogerlin/Library/Developer/Xcode/DerivedData/FinancialCalculatorKit-ackorybalcxbfocbkqsfdzcfkgmn/SourcePackages/checkouts/swift-html-entities/Sources/HTMLEntities/Utilities.swift
        /Users/rogerlin/Library/Developer/Xcode/DerivedData/FinancialCalculatorKit-ackorybalcxbfocbkqsfdzcfkgmn/Build/Intermediates.noindex/HTMLEntities.build/Debug/HTMLEntities.build/Objects-normal/arm64/HTMLEntities.SwiftFileList
        /Users/rogerlin/Library/Developer/Xcode/DerivedData/FinancialCalculatorKit-ackorybalcxbfocbkqsfdzcfkgmn/Build/Intermediates.noindex/HTMLEntities.build/Debug/HTMLEntities.build/Objects-normal/arm64/HTMLEntities-OutputFileMap.json
        /Users/rogerlin/Library/Developer/Xcode/DerivedData/FinancialCalculatorKit-ackorybalcxbfocbkqsfdzcfkgmn/Build/Intermediates.noindex/HTMLEntities.build/Debug/HTMLEntities.build/Objects-normal/arm64/HTMLEntities_const_extract_protocols.json
        /Users/rogerlin/Library/Developer/Xcode/DerivedData/FinancialCalculatorKit-ackorybalcxbfocbkqsfdzcfkgmn/Build/Intermediates.noindex/GeneratedModuleMaps/HTMLEntities.modulemap
        /Users/rogerlin/Library/Developer/Xcode/DerivedData/FinancialCalculatorKit-ackorybalcxbfocbkqsfdzcfkgmn/SourcePackages/checkouts/swift-html-entities/Sources/HTMLEntities/Constants.swift
        /Users/rogerlin/Library/Developer/Xcode/DerivedData/FinancialCalculatorKit-ackorybalcxbfocbkqsfdzcfkgmn/SourcePackages/checkouts/swift-html-entities/Sources/HTMLEntities/ParseError.swift
        /Users/rogerlin/Library/Developer/Xcode/DerivedData/FinancialCalculatorKit-ackorybalcxbfocbkqsfdzcfkgmn/SourcePackages/checkouts/swift-html-entities/Sources/HTMLEntities/String+HTMLEntities.swift
        /Users/rogerlin/Library/Developer/Xcode/DerivedData/FinancialCalculatorKit-ackorybalcxbfocbkqsfdzcfkgmn/SourcePackages/checkouts/swift-html-entities/Sources/HTMLEntities/Utilities.swift
        /Users/rogerlin/Library/Developer/Xcode/DerivedData/FinancialCalculatorKit-ackorybalcxbfocbkqsfdzcfkgmn/Build/Intermediates.noindex/HTMLEntities.build/Debug/HTMLEntities.build/Objects-normal/arm64/HTMLEntities.SwiftFileList
        /Users/rogerlin/Library/Developer/Xcode/DerivedData/FinancialCalculatorKit-ackorybalcxbfocbkqsfdzcfkgmn/Build/Intermediates.noindex/HTMLEntities.build/Debug/HTMLEntities.build/Objects-normal/arm64/HTMLEntities-OutputFileMap.json
        /Users/rogerlin/Library/Developer/Xcode/DerivedData/FinancialCalculatorKit-ackorybalcxbfocbkqsfdzcfkgmn/Build/Intermediates.noindex/HTMLEntities.build/Debug/HTMLEntities.build/Objects-normal/arm64/HTMLEntities_const_extract_protocols.json
        /Users/rogerlin/Library/Developer/Xcode/DerivedData/FinancialCalculatorKit-ackorybalcxbfocbkqsfdzcfkgmn/Build/Intermediates.noindex/GeneratedModuleMaps/HTMLEntities.modulemap
        <ClangStatCache /Users/rogerlin/Library/Developer/Xcode/DerivedData/SDKStatCaches.noindex/macosx26.1-25B74-3ae1261907bdadc328169391a47051a6.sdkstatcache>
        <target-HTMLEntities-PACKAGE-TARGET:HTMLEntities-SDKROOT:macosx:SDK_VARIANT:macos-generated-headers>
        <target-HTMLEntities-PACKAGE-TARGET:HTMLEntities-SDKROOT:macosx:SDK_VARIANT:macos-copy-headers-completion>
        <target-HTMLEntities-PACKAGE-TARGET:HTMLEntities-SDKROOT:macosx:SDK_VARIANT:macos-ModuleVerifierTaskProducer>
        <target-HTMLEntities-PACKAGE-TARGET:HTMLEntities-SDKROOT:macosx:SDK_VARIANT:macos-begin-compiling>
        <WorkspaceHeaderMapVFSFilesWritten>

    Task output dependencies:
        /Users/rogerlin/Library/Developer/Xcode/DerivedData/FinancialCalculatorKit-ackorybalcxbfocbkqsfdzcfkgmn/Build/Intermediates.noindex/HTMLEntities.build/Debug/HTMLEntities.build/Objects-normal/arm64/HTMLEntities Swift Compilation Finished
        /Users/rogerlin/Library/Developer/Xcode/DerivedData/FinancialCalculatorKit-ackorybalcxbfocbkqsfdzcfkgmn/Build/Intermediates.noindex/HTMLEntities.build/Debug/HTMLEntities.build/Objects-normal/arm64/Constants.o
        /Users/rogerlin/Library/Developer/Xcode/DerivedData/FinancialCalculatorKit-ackorybalcxbfocbkqsfdzcfkgmn/Build/Intermediates.noindex/HTMLEntities.build/Debug/HTMLEntities.build/Objects-normal/arm64/ParseError.o
        /Users/rogerlin/Library/Developer/Xcode/DerivedData/FinancialCalculatorKit-ackorybalcxbfocbkqsfdzcfkgmn/Build/Intermediates.noindex/HTMLEntities.build/Debug/HTMLEntities.build/Objects-normal/arm64/String+HTMLEntities.o
        /Users/rogerlin/Library/Developer/Xcode/DerivedData/FinancialCalculatorKit-ackorybalcxbfocbkqsfdzcfkgmn/Build/Intermediates.noindex/HTMLEntities.build/Debug/HTMLEntities.build/Objects-normal/arm64/Utilities.o
        /Users/rogerlin/Library/Developer/Xcode/DerivedData/FinancialCalculatorKit-ackorybalcxbfocbkqsfdzcfkgmn/Build/Intermediates.noindex/HTMLEntities.build/Debug/HTMLEntities.build/Objects-normal/arm64/Constants.swiftconstvalues
        /Users/rogerlin/Library/Developer/Xcode/DerivedData/FinancialCalculatorKit-ackorybalcxbfocbkqsfdzcfkgmn/Build/Intermediates.noindex/HTMLEntities.build/Debug/HTMLEntities.build/Objects-normal/arm64/ParseError.swiftconstvalues
        /Users/rogerlin/Library/Developer/Xcode/DerivedData/FinancialCalculatorKit-ackorybalcxbfocbkqsfdzcfkgmn/Build/Intermediates.noindex/HTMLEntities.build/Debug/HTMLEntities.build/Objects-normal/arm64/String+HTMLEntities.swiftconstvalues
        /Users/rogerlin/Library/Developer/Xcode/DerivedData/FinancialCalculatorKit-ackorybalcxbfocbkqsfdzcfkgmn/Build/Intermediates.noindex/HTMLEntities.build/Debug/HTMLEntities.build/Objects-normal/arm64/Utilities.swiftconstvalues
Discovered dependency nodes:
/Applications/Xcode.app/Contents/Developer/Toolchains/XcodeDefault.xctoolchain/usr/lib/swift/macosx/prebuilt-modules/26.1/Swift.swiftmodule/arm64e-apple-macos.swiftmodule
/Applications/Xcode.app/Contents/Developer/Toolchains/XcodeDefault.xctoolchain/usr/lib/swift/macosx/prebuilt-modules/26.1/SwiftOnoneSupport.swiftmodule/arm64e-apple-macos.swiftmodule
/Applications/Xcode.app/Contents/Developer/Platforms/MacOSX.platform/Developer/SDKs/MacOSX26.1.sdk/usr/lib/swift/shims/module.modulemap
/Applications/Xcode.app/Contents/Developer/Platforms/MacOSX.platform/Developer/SDKs/MacOSX26.1.sdk/usr/lib/swift/shims/AssertionReporting.h
/Applications/Xcode.app/Contents/Developer/Platforms/MacOSX.platform/Developer/SDKs/MacOSX26.1.sdk/usr/lib/swift/shims/SwiftStdint.h
/Applications/Xcode.app/Contents/Developer/Platforms/MacOSX.platform/Developer/SDKs/MacOSX26.1.sdk/usr/lib/swift/shims/Visibility.h
/Applications/Xcode.app/Contents/Developer/Platforms/MacOSX.platform/Developer/SDKs/MacOSX26.1.sdk/usr/lib/swift/shims/CoreFoundationShims.h
/Applications/Xcode.app/Contents/Developer/Platforms/MacOSX.platform/Developer/SDKs/MacOSX26.1.sdk/usr/lib/swift/shims/ObjCShims.h
/Applications/Xcode.app/Contents/Developer/Platforms/MacOSX.platform/Developer/SDKs/MacOSX26.1.sdk/usr/lib/swift/shims/EmbeddedShims.h
/Applications/Xcode.app/Contents/Developer/Platforms/MacOSX.platform/Developer/SDKs/MacOSX26.1.sdk/usr/lib/swift/shims/SwiftStddef.h
/Applications/Xcode.app/Contents/Developer/Platforms/MacOSX.platform/Developer/SDKs/MacOSX26.1.sdk/usr/lib/swift/shims/FoundationShims.h
/Applications/Xcode.app/Contents/Developer/Platforms/MacOSX.platform/Developer/SDKs/MacOSX26.1.sdk/usr/lib/swift/shims/GlobalObjects.h
/Applications/Xcode.app/Contents/Developer/Platforms/MacOSX.platform/Developer/SDKs/MacOSX26.1.sdk/usr/lib/swift/shims/SwiftStdbool.h
/Applications/Xcode.app/Contents/Developer/Platforms/MacOSX.platform/Developer/SDKs/MacOSX26.1.sdk/usr/lib/swift/shims/HeapObject.h
/Applications/Xcode.app/Contents/Developer/Platforms/MacOSX.platform/Developer/SDKs/MacOSX26.1.sdk/usr/lib/swift/shims/RefCount.h
/Applications/Xcode.app/Contents/Developer/Platforms/MacOSX.platform/Developer/SDKs/MacOSX26.1.sdk/usr/lib/swift/shims/System.h
/Applications/Xcode.app/Contents/Developer/Platforms/MacOSX.platform/Developer/SDKs/MacOSX26.1.sdk/usr/lib/swift/shims/Target.h
/Applications/Xcode.app/Contents/Developer/Platforms/MacOSX.platform/Developer/SDKs/MacOSX26.1.sdk/usr/lib/swift/shims/KeyPath.h
/Applications/Xcode.app/Contents/Developer/Platforms/MacOSX.platform/Developer/SDKs/MacOSX26.1.sdk/usr/lib/swift/shims/LibcShims.h
/Applications/Xcode.app/Contents/Developer/Platforms/MacOSX.platform/Developer/SDKs/MacOSX26.1.sdk/usr/lib/swift/shims/MetadataSections.h
/Applications/Xcode.app/Contents/Developer/Platforms/MacOSX.platform/Developer/SDKs/MacOSX26.1.sdk/usr/lib/swift/shims/Random.h
/Applications/Xcode.app/Contents/Developer/Platforms/MacOSX.platform/Developer/SDKs/MacOSX26.1.sdk/usr/lib/swift/shims/Reflection.h
/Applications/Xcode.app/Contents/Developer/Platforms/MacOSX.platform/Developer/SDKs/MacOSX26.1.sdk/usr/lib/swift/shims/RuntimeShims.h
/Applications/Xcode.app/Contents/Developer/Platforms/MacOSX.platform/Developer/SDKs/MacOSX26.1.sdk/usr/lib/swift/shims/RuntimeStubs.h
/Applications/Xcode.app/Contents/Developer/Platforms/MacOSX.platform/Developer/SDKs/MacOSX26.1.sdk/usr/lib/swift/shims/ThreadLocalStorage.h
/Applications/Xcode.app/Contents/Developer/Platforms/MacOSX.platform/Developer/SDKs/MacOSX26.1.sdk/usr/lib/swift/shims/UnicodeData.h
/Applications/Xcode.app/Contents/Developer/Platforms/MacOSX.platform/Developer/SDKs/MacOSX26.1.sdk/SDKSettings.json
/Applications/Xcode.app/Contents/Developer/Toolchains/XcodeDefault.xctoolchain/usr/lib/swift/macosx/prebuilt-modules/26.1/_Concurrency.swiftmodule/arm64e-apple-macos.swiftmodule
/Applications/Xcode.app/Contents/Developer/Toolchains/XcodeDefault.xctoolchain/usr/lib/swift/macosx/prebuilt-modules/26.1/_StringProcessing.swiftmodule/arm64e-apple-macos.swiftmodule
/Applications/Xcode.app/Contents/Developer/Platforms/MacOSX.platform/Developer/SDKs/MacOSX26.1.sdk/usr/lib/swift/shims/module.modulemap
/Applications/Xcode.app/Contents/Developer/Platforms/MacOSX.platform/Developer/SDKs/MacOSX26.1.sdk/usr/lib/swift/shims/_SwiftConcurrency.h
/Applications/Xcode.app/Contents/Developer/Platforms/MacOSX.platform/Developer/SDKs/MacOSX26.1.sdk/SDKSettings.json

Ld /Users/rogerlin/Library/Developer/Xcode/DerivedData/FinancialCalculatorKit-ackorybalcxbfocbkqsfdzcfkgmn/Build/Products/Debug/HTMLEntities.o normal (in target 'HTMLEntities' from project 'HTMLEntities')
    cd /Users/rogerlin/Library/Developer/Xcode/DerivedData/FinancialCalculatorKit-ackorybalcxbfocbkqsfdzcfkgmn/SourcePackages/checkouts/swift-html-entities
    /Applications/Xcode.app/Contents/Developer/Toolchains/XcodeDefault.xctoolchain/usr/bin/clang -Xlinker -reproducible -target arm64-apple-macos10.13 -r -isysroot /Applications/Xcode.app/Contents/Developer/Platforms/MacOSX.platform/Developer/SDKs/MacOSX26.1.sdk -O0 -w -L/Users/rogerlin/Library/Developer/Xcode/DerivedData/FinancialCalculatorKit-ackorybalcxbfocbkqsfdzcfkgmn/Build/Intermediates.noindex/EagerLinkingTBDs/Debug -L/Users/rogerlin/Library/Developer/Xcode/DerivedData/FinancialCalculatorKit-ackorybalcxbfocbkqsfdzcfkgmn/Build/Products/Debug -L/Applications/Xcode.app/Contents/Developer/Platforms/MacOSX.platform/Developer/usr/lib -F/Users/rogerlin/Library/Developer/Xcode/DerivedData/FinancialCalculatorKit-ackorybalcxbfocbkqsfdzcfkgmn/Build/Intermediates.noindex/EagerLinkingTBDs/Debug -F/Users/rogerlin/Library/Developer/Xcode/DerivedData/FinancialCalculatorKit-ackorybalcxbfocbkqsfdzcfkgmn/Build/Products/Debug -iframework /Applications/Xcode.app/Contents/Developer/Platforms/MacOSX.platform/Developer/Library/Frameworks -filelist /Users/rogerlin/Library/Developer/Xcode/DerivedData/FinancialCalculatorKit-ackorybalcxbfocbkqsfdzcfkgmn/Build/Intermediates.noindex/HTMLEntities.build/Debug/HTMLEntities.build/Objects-normal/arm64/HTMLEntities.LinkFileList -nostdlib -Xlinker -object_path_lto -Xlinker /Users/rogerlin/Library/Developer/Xcode/DerivedData/FinancialCalculatorKit-ackorybalcxbfocbkqsfdzcfkgmn/Build/Intermediates.noindex/HTMLEntities.build/Debug/HTMLEntities.build/Objects-normal/arm64/HTMLEntities_lto.o -rdynamic -Xlinker -no_deduplicate -Xlinker -debug_variant -Xlinker -dependency_info -Xlinker /Users/rogerlin/Library/Developer/Xcode/DerivedData/FinancialCalculatorKit-ackorybalcxbfocbkqsfdzcfkgmn/Build/Intermediates.noindex/HTMLEntities.build/Debug/HTMLEntities.build/Objects-normal/arm64/HTMLEntities_dependency_info.dat -fobjc-link-runtime -L/Applications/Xcode.app/Contents/Developer/Toolchains/XcodeDefault.xctoolchain/usr/lib/swift/macosx -L/usr/lib/swift -Xlinker -add_ast_path -Xlinker /Users/rogerlin/Library/Developer/Xcode/DerivedData/FinancialCalculatorKit-ackorybalcxbfocbkqsfdzcfkgmn/Build/Intermediates.noindex/HTMLEntities.build/Debug/HTMLEntities.build/Objects-normal/arm64/HTMLEntities.swiftmodule @/Users/rogerlin/Library/Developer/Xcode/DerivedData/FinancialCalculatorKit-ackorybalcxbfocbkqsfdzcfkgmn/Build/Intermediates.noindex/HTMLEntities.build/Debug/HTMLEntities.build/Objects-normal/arm64/HTMLEntities-linker-args.resp -o /Users/rogerlin/Library/Developer/Xcode/DerivedData/FinancialCalculatorKit-ackorybalcxbfocbkqsfdzcfkgmn/Build/Products/Debug/HTMLEntities.o

    Task input dependencies:
        /Users/rogerlin/Library/Developer/Xcode/DerivedData/FinancialCalculatorKit-ackorybalcxbfocbkqsfdzcfkgmn/Build/Intermediates.noindex/HTMLEntities.build/Debug/HTMLEntities.build/Objects-normal/arm64/Constants.o
        /Users/rogerlin/Library/Developer/Xcode/DerivedData/FinancialCalculatorKit-ackorybalcxbfocbkqsfdzcfkgmn/Build/Intermediates.noindex/HTMLEntities.build/Debug/HTMLEntities.build/Objects-normal/arm64/ParseError.o
        /Users/rogerlin/Library/Developer/Xcode/DerivedData/FinancialCalculatorKit-ackorybalcxbfocbkqsfdzcfkgmn/Build/Intermediates.noindex/HTMLEntities.build/Debug/HTMLEntities.build/Objects-normal/arm64/String+HTMLEntities.o
        /Users/rogerlin/Library/Developer/Xcode/DerivedData/FinancialCalculatorKit-ackorybalcxbfocbkqsfdzcfkgmn/Build/Intermediates.noindex/HTMLEntities.build/Debug/HTMLEntities.build/Objects-normal/arm64/Utilities.o
        /Users/rogerlin/Library/Developer/Xcode/DerivedData/FinancialCalculatorKit-ackorybalcxbfocbkqsfdzcfkgmn/Build/Intermediates.noindex/HTMLEntities.build/Debug/HTMLEntities.build/Objects-normal/arm64/HTMLEntities.LinkFileList
        /Users/rogerlin/Library/Developer/Xcode/DerivedData/FinancialCalculatorKit-ackorybalcxbfocbkqsfdzcfkgmn/Build/Products/Debug

    Task output dependencies:
        /Users/rogerlin/Library/Developer/Xcode/DerivedData/FinancialCalculatorKit-ackorybalcxbfocbkqsfdzcfkgmn/Build/Products/Debug/HTMLEntities.o
        /Users/rogerlin/Library/Developer/Xcode/DerivedData/FinancialCalculatorKit-ackorybalcxbfocbkqsfdzcfkgmn/Build/Intermediates.noindex/HTMLEntities.build/Debug/HTMLEntities.build/Objects-normal/arm64/HTMLEntities_lto.o
        /Users/rogerlin/Library/Developer/Xcode/DerivedData/FinancialCalculatorKit-ackorybalcxbfocbkqsfdzcfkgmn/Build/Intermediates.noindex/HTMLEntities.build/Debug/HTMLEntities.build/Objects-normal/arm64/HTMLEntities_dependency_info.dat

RegisterExecutionPolicyException /Users/rogerlin/Library/Developer/Xcode/DerivedData/FinancialCalculatorKit-ackorybalcxbfocbkqsfdzcfkgmn/Build/Products/Debug/CasePathsCore.o (in target 'CasePathsCore' from project 'swift-case-paths')
    cd /Users/rogerlin/Library/Developer/Xcode/DerivedData/FinancialCalculatorKit-ackorybalcxbfocbkqsfdzcfkgmn/SourcePackages/checkouts/swift-case-paths
    builtin-RegisterExecutionPolicyException /Users/rogerlin/Library/Developer/Xcode/DerivedData/FinancialCalculatorKit-ackorybalcxbfocbkqsfdzcfkgmn/Build/Products/Debug/CasePathsCore.o

    Task input dependencies:
        /Users/rogerlin/Library/Developer/Xcode/DerivedData/FinancialCalculatorKit-ackorybalcxbfocbkqsfdzcfkgmn/Build/Products/Debug/CasePathsCore.o

    Task output dependencies:

RegisterExecutionPolicyException /Users/rogerlin/Library/Developer/Xcode/DerivedData/FinancialCalculatorKit-ackorybalcxbfocbkqsfdzcfkgmn/Build/Products/Debug/BigDecimal.o (in target 'BigDecimal' from project 'BigDecimal')
    cd /Users/rogerlin/Library/Developer/Xcode/DerivedData/FinancialCalculatorKit-ackorybalcxbfocbkqsfdzcfkgmn/SourcePackages/checkouts/BigDecimal
    builtin-RegisterExecutionPolicyException /Users/rogerlin/Library/Developer/Xcode/DerivedData/FinancialCalculatorKit-ackorybalcxbfocbkqsfdzcfkgmn/Build/Products/Debug/BigDecimal.o

    Task input dependencies:
        /Users/rogerlin/Library/Developer/Xcode/DerivedData/FinancialCalculatorKit-ackorybalcxbfocbkqsfdzcfkgmn/Build/Products/Debug/BigDecimal.o

    Task output dependencies:

ExtractAppIntentsMetadata (in target 'HTMLEntities' from project 'HTMLEntities')
    cd /Users/rogerlin/Library/Developer/Xcode/DerivedData/FinancialCalculatorKit-ackorybalcxbfocbkqsfdzcfkgmn/SourcePackages/checkouts/swift-html-entities
    /Applications/Xcode.app/Contents/Developer/Toolchains/XcodeDefault.xctoolchain/usr/bin/appintentsmetadataprocessor --toolchain-dir /Applications/Xcode.app/Contents/Developer/Toolchains/XcodeDefault.xctoolchain --module-name HTMLEntities --sdk-root /Applications/Xcode.app/Contents/Developer/Platforms/MacOSX.platform/Developer/SDKs/MacOSX26.1.sdk --xcode-version 17B55 --platform-family macOS --deployment-target 10.13 --bundle-identifier swift-html-entities.HTMLEntities --output /Users/rogerlin/Library/Developer/Xcode/DerivedData/FinancialCalculatorKit-ackorybalcxbfocbkqsfdzcfkgmn/Build/Products/Debug/HTMLEntities.appintents --target-triple arm64-apple-macos10.13 --binary-file /Users/rogerlin/Library/Developer/Xcode/DerivedData/FinancialCalculatorKit-ackorybalcxbfocbkqsfdzcfkgmn/Build/Products/Debug/HTMLEntities.o --dependency-file /Users/rogerlin/Library/Developer/Xcode/DerivedData/FinancialCalculatorKit-ackorybalcxbfocbkqsfdzcfkgmn/Build/Intermediates.noindex/HTMLEntities.build/Debug/HTMLEntities.build/Objects-normal/arm64/HTMLEntities_dependency_info.dat --stringsdata-file /Users/rogerlin/Library/Developer/Xcode/DerivedData/FinancialCalculatorKit-ackorybalcxbfocbkqsfdzcfkgmn/Build/Intermediates.noindex/HTMLEntities.build/Debug/HTMLEntities.build/Objects-normal/arm64/ExtractedAppShortcutsMetadata.stringsdata --source-file-list /Users/rogerlin/Library/Developer/Xcode/DerivedData/FinancialCalculatorKit-ackorybalcxbfocbkqsfdzcfkgmn/Build/Intermediates.noindex/HTMLEntities.build/Debug/HTMLEntities.build/Objects-normal/arm64/HTMLEntities.SwiftFileList --metadata-file-list /Users/rogerlin/Library/Developer/Xcode/DerivedData/FinancialCalculatorKit-ackorybalcxbfocbkqsfdzcfkgmn/Build/Intermediates.noindex/HTMLEntities.build/Debug/HTMLEntities.build/HTMLEntities.DependencyMetadataFileList --static-metadata-file-list /Users/rogerlin/Library/Developer/Xcode/DerivedData/FinancialCalculatorKit-ackorybalcxbfocbkqsfdzcfkgmn/Build/Intermediates.noindex/HTMLEntities.build/Debug/HTMLEntities.build/HTMLEntities.DependencyStaticMetadataFileList --swift-const-vals-list /Users/rogerlin/Library/Developer/Xcode/DerivedData/FinancialCalculatorKit-ackorybalcxbfocbkqsfdzcfkgmn/Build/Intermediates.noindex/HTMLEntities.build/Debug/HTMLEntities.build/Objects-normal/arm64/HTMLEntities.SwiftConstValuesFileList --force --compile-time-extraction --deployment-aware-processing --validate-assistant-intents --no-app-shortcuts-localization

    Task input dependencies:
        /Users/rogerlin/Library/Developer/Xcode/DerivedData/FinancialCalculatorKit-ackorybalcxbfocbkqsfdzcfkgmn/SourcePackages/checkouts/swift-html-entities/Sources/HTMLEntities/Constants.swift
        /Users/rogerlin/Library/Developer/Xcode/DerivedData/FinancialCalculatorKit-ackorybalcxbfocbkqsfdzcfkgmn/SourcePackages/checkouts/swift-html-entities/Sources/HTMLEntities/ParseError.swift
        /Users/rogerlin/Library/Developer/Xcode/DerivedData/FinancialCalculatorKit-ackorybalcxbfocbkqsfdzcfkgmn/SourcePackages/checkouts/swift-html-entities/Sources/HTMLEntities/String+HTMLEntities.swift
        /Users/rogerlin/Library/Developer/Xcode/DerivedData/FinancialCalculatorKit-ackorybalcxbfocbkqsfdzcfkgmn/SourcePackages/checkouts/swift-html-entities/Sources/HTMLEntities/Utilities.swift
        /Users/rogerlin/Library/Developer/Xcode/DerivedData/FinancialCalculatorKit-ackorybalcxbfocbkqsfdzcfkgmn/Build/Intermediates.noindex/HTMLEntities.build/Debug/HTMLEntities.build/Objects-normal/arm64/Constants.swiftconstvalues
        /Users/rogerlin/Library/Developer/Xcode/DerivedData/FinancialCalculatorKit-ackorybalcxbfocbkqsfdzcfkgmn/Build/Intermediates.noindex/HTMLEntities.build/Debug/HTMLEntities.build/Objects-normal/arm64/ParseError.swiftconstvalues
        /Users/rogerlin/Library/Developer/Xcode/DerivedData/FinancialCalculatorKit-ackorybalcxbfocbkqsfdzcfkgmn/Build/Intermediates.noindex/HTMLEntities.build/Debug/HTMLEntities.build/Objects-normal/arm64/String+HTMLEntities.swiftconstvalues
        /Users/rogerlin/Library/Developer/Xcode/DerivedData/FinancialCalculatorKit-ackorybalcxbfocbkqsfdzcfkgmn/Build/Intermediates.noindex/HTMLEntities.build/Debug/HTMLEntities.build/Objects-normal/arm64/Utilities.swiftconstvalues
        /Users/rogerlin/Library/Developer/Xcode/DerivedData/FinancialCalculatorKit-ackorybalcxbfocbkqsfdzcfkgmn/Build/Products/Debug/HTMLEntities.o
        /Users/rogerlin/Library/Developer/Xcode/DerivedData/FinancialCalculatorKit-ackorybalcxbfocbkqsfdzcfkgmn/Build/Intermediates.noindex/HTMLEntities.build/Debug/HTMLEntities.build/HTMLEntities.DependencyMetadataFileList
        /Users/rogerlin/Library/Developer/Xcode/DerivedData/FinancialCalculatorKit-ackorybalcxbfocbkqsfdzcfkgmn/Build/Intermediates.noindex/HTMLEntities.build/Debug/HTMLEntities.build/HTMLEntities.DependencyStaticMetadataFileList
        /Users/rogerlin/Library/Developer/Xcode/DerivedData/FinancialCalculatorKit-ackorybalcxbfocbkqsfdzcfkgmn/Build/Intermediates.noindex/HTMLEntities.build/Debug/HTMLEntities.build/Objects-normal/arm64/HTMLEntities_dependency_info.dat
        /Users/rogerlin/Library/Developer/Xcode/DerivedData/FinancialCalculatorKit-ackorybalcxbfocbkqsfdzcfkgmn/Build/Intermediates.noindex/HTMLEntities.build/Debug/HTMLEntities.build/Objects-normal/arm64/HTMLEntities.SwiftFileList
        /Users/rogerlin/Library/Developer/Xcode/DerivedData/FinancialCalculatorKit-ackorybalcxbfocbkqsfdzcfkgmn/Build/Intermediates.noindex/HTMLEntities.build/Debug/HTMLEntities.build/Objects-normal/arm64/HTMLEntities.SwiftConstValuesFileList

    Task output dependencies:
        /Users/rogerlin/Library/Developer/Xcode/DerivedData/FinancialCalculatorKit-ackorybalcxbfocbkqsfdzcfkgmn/Build/Intermediates.noindex/HTMLEntities.build/Debug/HTMLEntities.build/Objects-normal/arm64/ExtractedAppShortcutsMetadata.stringsdata
2025-11-05 20:45:57.497 appintentsmetadataprocessor[14050:497194] Starting appintentsmetadataprocessor export
2025-11-05 20:45:57.566 appintentsmetadataprocessor[14050:497194] Extracted no relevant App Intents symbols, skipping writing output

Ld /Users/rogerlin/Library/Developer/Xcode/DerivedData/FinancialCalculatorKit-ackorybalcxbfocbkqsfdzcfkgmn/Build/Products/Debug/ExpressionParser.o normal (in target 'ExpressionParser' from project 'ExpressionParser')
    cd /Users/rogerlin/Library/Developer/Xcode/DerivedData/FinancialCalculatorKit-ackorybalcxbfocbkqsfdzcfkgmn/SourcePackages/checkouts/ExpressionParser
    /Applications/Xcode.app/Contents/Developer/Toolchains/XcodeDefault.xctoolchain/usr/bin/clang -Xlinker -reproducible -target arm64-apple-macos15.0 -r -isysroot /Applications/Xcode.app/Contents/Developer/Platforms/MacOSX.platform/Developer/SDKs/MacOSX26.1.sdk -O0 -w -L/Users/rogerlin/Library/Developer/Xcode/DerivedData/FinancialCalculatorKit-ackorybalcxbfocbkqsfdzcfkgmn/Build/Intermediates.noindex/EagerLinkingTBDs/Debug -L/Users/rogerlin/Library/Developer/Xcode/DerivedData/FinancialCalculatorKit-ackorybalcxbfocbkqsfdzcfkgmn/Build/Products/Debug -L/Applications/Xcode.app/Contents/Developer/Platforms/MacOSX.platform/Developer/usr/lib -F/Users/rogerlin/Library/Developer/Xcode/DerivedData/FinancialCalculatorKit-ackorybalcxbfocbkqsfdzcfkgmn/Build/Intermediates.noindex/EagerLinkingTBDs/Debug -F/Users/rogerlin/Library/Developer/Xcode/DerivedData/FinancialCalculatorKit-ackorybalcxbfocbkqsfdzcfkgmn/Build/Products/Debug/PackageFrameworks -F/Users/rogerlin/Library/Developer/Xcode/DerivedData/FinancialCalculatorKit-ackorybalcxbfocbkqsfdzcfkgmn/Build/Products/Debug/PackageFrameworks -F/Users/rogerlin/Library/Developer/Xcode/DerivedData/FinancialCalculatorKit-ackorybalcxbfocbkqsfdzcfkgmn/Build/Products/Debug/PackageFrameworks -F/Users/rogerlin/Library/Developer/Xcode/DerivedData/FinancialCalculatorKit-ackorybalcxbfocbkqsfdzcfkgmn/Build/Products/Debug/PackageFrameworks -F/Users/rogerlin/Library/Developer/Xcode/DerivedData/FinancialCalculatorKit-ackorybalcxbfocbkqsfdzcfkgmn/Build/Products/Debug/PackageFrameworks -F/Users/rogerlin/Library/Developer/Xcode/DerivedData/FinancialCalculatorKit-ackorybalcxbfocbkqsfdzcfkgmn/Build/Products/Debug/PackageFrameworks -F/Users/rogerlin/Library/Developer/Xcode/DerivedData/FinancialCalculatorKit-ackorybalcxbfocbkqsfdzcfkgmn/Build/Products/Debug/PackageFrameworks -F/Users/rogerlin/Library/Developer/Xcode/DerivedData/FinancialCalculatorKit-ackorybalcxbfocbkqsfdzcfkgmn/Build/Products/Debug -iframework /Applications/Xcode.app/Contents/Developer/Platforms/MacOSX.platform/Developer/Library/Frameworks -filelist /Users/rogerlin/Library/Developer/Xcode/DerivedData/FinancialCalculatorKit-ackorybalcxbfocbkqsfdzcfkgmn/Build/Intermediates.noindex/ExpressionParser.build/Debug/ExpressionParser.build/Objects-normal/arm64/ExpressionParser.LinkFileList -nostdlib -Xlinker -object_path_lto -Xlinker /Users/rogerlin/Library/Developer/Xcode/DerivedData/FinancialCalculatorKit-ackorybalcxbfocbkqsfdzcfkgmn/Build/Intermediates.noindex/ExpressionParser.build/Debug/ExpressionParser.build/Objects-normal/arm64/ExpressionParser_lto.o -rdynamic -Xlinker -no_deduplicate -Xlinker -debug_variant -Xlinker -dependency_info -Xlinker /Users/rogerlin/Library/Developer/Xcode/DerivedData/FinancialCalculatorKit-ackorybalcxbfocbkqsfdzcfkgmn/Build/Intermediates.noindex/ExpressionParser.build/Debug/ExpressionParser.build/Objects-normal/arm64/ExpressionParser_dependency_info.dat -fobjc-link-runtime -L/Applications/Xcode.app/Contents/Developer/Toolchains/XcodeDefault.xctoolchain/usr/lib/swift/macosx -L/usr/lib/swift -Xlinker -add_ast_path -Xlinker /Users/rogerlin/Library/Developer/Xcode/DerivedData/FinancialCalculatorKit-ackorybalcxbfocbkqsfdzcfkgmn/Build/Intermediates.noindex/ExpressionParser.build/Debug/ExpressionParser.build/Objects-normal/arm64/ExpressionParser.swiftmodule @/Users/rogerlin/Library/Developer/Xcode/DerivedData/FinancialCalculatorKit-ackorybalcxbfocbkqsfdzcfkgmn/Build/Intermediates.noindex/ExpressionParser.build/Debug/ExpressionParser.build/Objects-normal/arm64/ExpressionParser-linker-args.resp -o /Users/rogerlin/Library/Developer/Xcode/DerivedData/FinancialCalculatorKit-ackorybalcxbfocbkqsfdzcfkgmn/Build/Products/Debug/ExpressionParser.o

    Task input dependencies:
        /Users/rogerlin/Library/Developer/Xcode/DerivedData/FinancialCalculatorKit-ackorybalcxbfocbkqsfdzcfkgmn/Build/Intermediates.noindex/ExpressionParser.build/Debug/ExpressionParser.build/Objects-normal/arm64/AST.o
        /Users/rogerlin/Library/Developer/Xcode/DerivedData/FinancialCalculatorKit-ackorybalcxbfocbkqsfdzcfkgmn/Build/Intermediates.noindex/ExpressionParser.build/Debug/ExpressionParser.build/Objects-normal/arm64/ExpressionParser.o
        /Users/rogerlin/Library/Developer/Xcode/DerivedData/FinancialCalculatorKit-ackorybalcxbfocbkqsfdzcfkgmn/Build/Intermediates.noindex/ExpressionParser.build/Debug/ExpressionParser.build/Objects-normal/arm64/LaTeX.o
        /Users/rogerlin/Library/Developer/Xcode/DerivedData/FinancialCalculatorKit-ackorybalcxbfocbkqsfdzcfkgmn/Build/Intermediates.noindex/ExpressionParser.build/Debug/ExpressionParser.build/Objects-normal/arm64/Parser.o
        /Users/rogerlin/Library/Developer/Xcode/DerivedData/FinancialCalculatorKit-ackorybalcxbfocbkqsfdzcfkgmn/Build/Intermediates.noindex/ExpressionParser.build/Debug/ExpressionParser.build/Objects-normal/arm64/Scanner.o
        /Users/rogerlin/Library/Developer/Xcode/DerivedData/FinancialCalculatorKit-ackorybalcxbfocbkqsfdzcfkgmn/Build/Intermediates.noindex/ExpressionParser.build/Debug/ExpressionParser.build/Objects-normal/arm64/String+Char.o
        /Users/rogerlin/Library/Developer/Xcode/DerivedData/FinancialCalculatorKit-ackorybalcxbfocbkqsfdzcfkgmn/Build/Intermediates.noindex/ExpressionParser.build/Debug/ExpressionParser.build/Objects-normal/arm64/ExpressionParser.LinkFileList
        /Users/rogerlin/Library/Developer/Xcode/DerivedData/FinancialCalculatorKit-ackorybalcxbfocbkqsfdzcfkgmn/Build/Products/Debug
        /Users/rogerlin/Library/Developer/Xcode/DerivedData/FinancialCalculatorKit-ackorybalcxbfocbkqsfdzcfkgmn/Build/Products/Debug/PackageFrameworks

    Task output dependencies:
        /Users/rogerlin/Library/Developer/Xcode/DerivedData/FinancialCalculatorKit-ackorybalcxbfocbkqsfdzcfkgmn/Build/Products/Debug/ExpressionParser.o
        /Users/rogerlin/Library/Developer/Xcode/DerivedData/FinancialCalculatorKit-ackorybalcxbfocbkqsfdzcfkgmn/Build/Intermediates.noindex/ExpressionParser.build/Debug/ExpressionParser.build/Objects-normal/arm64/ExpressionParser_lto.o
        /Users/rogerlin/Library/Developer/Xcode/DerivedData/FinancialCalculatorKit-ackorybalcxbfocbkqsfdzcfkgmn/Build/Intermediates.noindex/ExpressionParser.build/Debug/ExpressionParser.build/Objects-normal/arm64/ExpressionParser_dependency_info.dat

ExtractAppIntentsMetadata (in target 'ExpressionParser' from project 'ExpressionParser')
    cd /Users/rogerlin/Library/Developer/Xcode/DerivedData/FinancialCalculatorKit-ackorybalcxbfocbkqsfdzcfkgmn/SourcePackages/checkouts/ExpressionParser
    /Applications/Xcode.app/Contents/Developer/Toolchains/XcodeDefault.xctoolchain/usr/bin/appintentsmetadataprocessor --toolchain-dir /Applications/Xcode.app/Contents/Developer/Toolchains/XcodeDefault.xctoolchain --module-name ExpressionParser --sdk-root /Applications/Xcode.app/Contents/Developer/Platforms/MacOSX.platform/Developer/SDKs/MacOSX26.1.sdk --xcode-version 17B55 --platform-family macOS --deployment-target 15.0 --bundle-identifier expressionparser.ExpressionParser --output /Users/rogerlin/Library/Developer/Xcode/DerivedData/FinancialCalculatorKit-ackorybalcxbfocbkqsfdzcfkgmn/Build/Products/Debug/ExpressionParser.appintents --target-triple arm64-apple-macos15.0 --binary-file /Users/rogerlin/Library/Developer/Xcode/DerivedData/FinancialCalculatorKit-ackorybalcxbfocbkqsfdzcfkgmn/Build/Products/Debug/ExpressionParser.o --dependency-file /Users/rogerlin/Library/Developer/Xcode/DerivedData/FinancialCalculatorKit-ackorybalcxbfocbkqsfdzcfkgmn/Build/Intermediates.noindex/ExpressionParser.build/Debug/ExpressionParser.build/Objects-normal/arm64/ExpressionParser_dependency_info.dat --stringsdata-file /Users/rogerlin/Library/Developer/Xcode/DerivedData/FinancialCalculatorKit-ackorybalcxbfocbkqsfdzcfkgmn/Build/Intermediates.noindex/ExpressionParser.build/Debug/ExpressionParser.build/Objects-normal/arm64/ExtractedAppShortcutsMetadata.stringsdata --source-file-list /Users/rogerlin/Library/Developer/Xcode/DerivedData/FinancialCalculatorKit-ackorybalcxbfocbkqsfdzcfkgmn/Build/Intermediates.noindex/ExpressionParser.build/Debug/ExpressionParser.build/Objects-normal/arm64/ExpressionParser.SwiftFileList --metadata-file-list /Users/rogerlin/Library/Developer/Xcode/DerivedData/FinancialCalculatorKit-ackorybalcxbfocbkqsfdzcfkgmn/Build/Intermediates.noindex/ExpressionParser.build/Debug/ExpressionParser.build/ExpressionParser.DependencyMetadataFileList --static-metadata-file-list /Users/rogerlin/Library/Developer/Xcode/DerivedData/FinancialCalculatorKit-ackorybalcxbfocbkqsfdzcfkgmn/Build/Intermediates.noindex/ExpressionParser.build/Debug/ExpressionParser.build/ExpressionParser.DependencyStaticMetadataFileList --swift-const-vals-list /Users/rogerlin/Library/Developer/Xcode/DerivedData/FinancialCalculatorKit-ackorybalcxbfocbkqsfdzcfkgmn/Build/Intermediates.noindex/ExpressionParser.build/Debug/ExpressionParser.build/Objects-normal/arm64/ExpressionParser.SwiftConstValuesFileList --force --compile-time-extraction --deployment-aware-processing --validate-assistant-intents --no-app-shortcuts-localization

    Task input dependencies:
        /Users/rogerlin/Library/Developer/Xcode/DerivedData/FinancialCalculatorKit-ackorybalcxbfocbkqsfdzcfkgmn/SourcePackages/checkouts/ExpressionParser/Sources/ExpressionParser/AST.swift
        /Users/rogerlin/Library/Developer/Xcode/DerivedData/FinancialCalculatorKit-ackorybalcxbfocbkqsfdzcfkgmn/SourcePackages/checkouts/ExpressionParser/Sources/ExpressionParser/ExpressionParser.swift
        /Users/rogerlin/Library/Developer/Xcode/DerivedData/FinancialCalculatorKit-ackorybalcxbfocbkqsfdzcfkgmn/SourcePackages/checkouts/ExpressionParser/Sources/ExpressionParser/LaTeX.swift
        /Users/rogerlin/Library/Developer/Xcode/DerivedData/FinancialCalculatorKit-ackorybalcxbfocbkqsfdzcfkgmn/SourcePackages/checkouts/ExpressionParser/Sources/ExpressionParser/Parser.swift
        /Users/rogerlin/Library/Developer/Xcode/DerivedData/FinancialCalculatorKit-ackorybalcxbfocbkqsfdzcfkgmn/SourcePackages/checkouts/ExpressionParser/Sources/ExpressionParser/Scanner.swift
        /Users/rogerlin/Library/Developer/Xcode/DerivedData/FinancialCalculatorKit-ackorybalcxbfocbkqsfdzcfkgmn/SourcePackages/checkouts/ExpressionParser/Sources/ExpressionParser/String+Char.swift
        /Users/rogerlin/Library/Developer/Xcode/DerivedData/FinancialCalculatorKit-ackorybalcxbfocbkqsfdzcfkgmn/Build/Intermediates.noindex/ExpressionParser.build/Debug/ExpressionParser.build/Objects-normal/arm64/AST.swiftconstvalues
        /Users/rogerlin/Library/Developer/Xcode/DerivedData/FinancialCalculatorKit-ackorybalcxbfocbkqsfdzcfkgmn/Build/Intermediates.noindex/ExpressionParser.build/Debug/ExpressionParser.build/Objects-normal/arm64/ExpressionParser.swiftconstvalues
        /Users/rogerlin/Library/Developer/Xcode/DerivedData/FinancialCalculatorKit-ackorybalcxbfocbkqsfdzcfkgmn/Build/Intermediates.noindex/ExpressionParser.build/Debug/ExpressionParser.build/Objects-normal/arm64/LaTeX.swiftconstvalues
        /Users/rogerlin/Library/Developer/Xcode/DerivedData/FinancialCalculatorKit-ackorybalcxbfocbkqsfdzcfkgmn/Build/Intermediates.noindex/ExpressionParser.build/Debug/ExpressionParser.build/Objects-normal/arm64/Parser.swiftconstvalues
        /Users/rogerlin/Library/Developer/Xcode/DerivedData/FinancialCalculatorKit-ackorybalcxbfocbkqsfdzcfkgmn/Build/Intermediates.noindex/ExpressionParser.build/Debug/ExpressionParser.build/Objects-normal/arm64/Scanner.swiftconstvalues
        /Users/rogerlin/Library/Developer/Xcode/DerivedData/FinancialCalculatorKit-ackorybalcxbfocbkqsfdzcfkgmn/Build/Intermediates.noindex/ExpressionParser.build/Debug/ExpressionParser.build/Objects-normal/arm64/String+Char.swiftconstvalues
        /Users/rogerlin/Library/Developer/Xcode/DerivedData/FinancialCalculatorKit-ackorybalcxbfocbkqsfdzcfkgmn/Build/Products/Debug/ExpressionParser.o
        /Users/rogerlin/Library/Developer/Xcode/DerivedData/FinancialCalculatorKit-ackorybalcxbfocbkqsfdzcfkgmn/Build/Intermediates.noindex/ExpressionParser.build/Debug/ExpressionParser.build/ExpressionParser.DependencyMetadataFileList
        /Users/rogerlin/Library/Developer/Xcode/DerivedData/FinancialCalculatorKit-ackorybalcxbfocbkqsfdzcfkgmn/Build/Intermediates.noindex/ExpressionParser.build/Debug/ExpressionParser.build/ExpressionParser.DependencyStaticMetadataFileList
        /Users/rogerlin/Library/Developer/Xcode/DerivedData/FinancialCalculatorKit-ackorybalcxbfocbkqsfdzcfkgmn/Build/Intermediates.noindex/ExpressionParser.build/Debug/ExpressionParser.build/Objects-normal/arm64/ExpressionParser_dependency_info.dat
        /Users/rogerlin/Library/Developer/Xcode/DerivedData/FinancialCalculatorKit-ackorybalcxbfocbkqsfdzcfkgmn/Build/Intermediates.noindex/ExpressionParser.build/Debug/ExpressionParser.build/Objects-normal/arm64/ExpressionParser.SwiftFileList
        /Users/rogerlin/Library/Developer/Xcode/DerivedData/FinancialCalculatorKit-ackorybalcxbfocbkqsfdzcfkgmn/Build/Intermediates.noindex/ExpressionParser.build/Debug/ExpressionParser.build/Objects-normal/arm64/ExpressionParser.SwiftConstValuesFileList

    Task output dependencies:
        /Users/rogerlin/Library/Developer/Xcode/DerivedData/FinancialCalculatorKit-ackorybalcxbfocbkqsfdzcfkgmn/Build/Intermediates.noindex/ExpressionParser.build/Debug/ExpressionParser.build/Objects-normal/arm64/ExtractedAppShortcutsMetadata.stringsdata
2025-11-05 20:45:57.522 appintentsmetadataprocessor[14053:497219] Starting appintentsmetadataprocessor export
2025-11-05 20:45:57.592 appintentsmetadataprocessor[14053:497219] Extracted no relevant App Intents symbols, skipping writing output

SwiftDriverJobDiscovery normal arm64 Compiling XCTestSupport.swift (in target 'CasePaths' from project 'swift-case-paths')

SwiftDriverJobDiscovery normal arm64 Compiling Deprecations.swift (in target 'CasePaths' from project 'swift-case-paths')

RegisterExecutionPolicyException /Users/rogerlin/Library/Developer/Xcode/DerivedData/FinancialCalculatorKit-ackorybalcxbfocbkqsfdzcfkgmn/Build/Products/Debug/HTMLEntities.o (in target 'HTMLEntities' from project 'HTMLEntities')
    cd /Users/rogerlin/Library/Developer/Xcode/DerivedData/FinancialCalculatorKit-ackorybalcxbfocbkqsfdzcfkgmn/SourcePackages/checkouts/swift-html-entities
    builtin-RegisterExecutionPolicyException /Users/rogerlin/Library/Developer/Xcode/DerivedData/FinancialCalculatorKit-ackorybalcxbfocbkqsfdzcfkgmn/Build/Products/Debug/HTMLEntities.o

    Task input dependencies:
        /Users/rogerlin/Library/Developer/Xcode/DerivedData/FinancialCalculatorKit-ackorybalcxbfocbkqsfdzcfkgmn/Build/Products/Debug/HTMLEntities.o

    Task output dependencies:

Ld /Users/rogerlin/Library/Developer/Xcode/DerivedData/FinancialCalculatorKit-ackorybalcxbfocbkqsfdzcfkgmn/Build/Products/Debug/LaTeXSwiftUI.o normal (in target 'LaTeXSwiftUI' from project 'LaTeXSwiftUI')
    cd /Users/rogerlin/Library/Developer/Xcode/DerivedData/FinancialCalculatorKit-ackorybalcxbfocbkqsfdzcfkgmn/SourcePackages/checkouts/LaTeXSwiftUI
    /Applications/Xcode.app/Contents/Developer/Toolchains/XcodeDefault.xctoolchain/usr/bin/clang -Xlinker -reproducible -target arm64-apple-macos12.0 -r -isysroot /Applications/Xcode.app/Contents/Developer/Platforms/MacOSX.platform/Developer/SDKs/MacOSX26.1.sdk -O0 -w -L/Users/rogerlin/Library/Developer/Xcode/DerivedData/FinancialCalculatorKit-ackorybalcxbfocbkqsfdzcfkgmn/Build/Intermediates.noindex/EagerLinkingTBDs/Debug -L/Users/rogerlin/Library/Developer/Xcode/DerivedData/FinancialCalculatorKit-ackorybalcxbfocbkqsfdzcfkgmn/Build/Products/Debug -L/Applications/Xcode.app/Contents/Developer/Platforms/MacOSX.platform/Developer/usr/lib -F/Users/rogerlin/Library/Developer/Xcode/DerivedData/FinancialCalculatorKit-ackorybalcxbfocbkqsfdzcfkgmn/Build/Intermediates.noindex/EagerLinkingTBDs/Debug -F/Users/rogerlin/Library/Developer/Xcode/DerivedData/FinancialCalculatorKit-ackorybalcxbfocbkqsfdzcfkgmn/Build/Products/Debug/PackageFrameworks -F/Users/rogerlin/Library/Developer/Xcode/DerivedData/FinancialCalculatorKit-ackorybalcxbfocbkqsfdzcfkgmn/Build/Products/Debug/PackageFrameworks -F/Users/rogerlin/Library/Developer/Xcode/DerivedData/FinancialCalculatorKit-ackorybalcxbfocbkqsfdzcfkgmn/Build/Products/Debug/PackageFrameworks -F/Users/rogerlin/Library/Developer/Xcode/DerivedData/FinancialCalculatorKit-ackorybalcxbfocbkqsfdzcfkgmn/Build/Products/Debug/PackageFrameworks -F/Users/rogerlin/Library/Developer/Xcode/DerivedData/FinancialCalculatorKit-ackorybalcxbfocbkqsfdzcfkgmn/Build/Products/Debug -iframework /Applications/Xcode.app/Contents/Developer/Platforms/MacOSX.platform/Developer/Library/Frameworks -filelist /Users/rogerlin/Library/Developer/Xcode/DerivedData/FinancialCalculatorKit-ackorybalcxbfocbkqsfdzcfkgmn/Build/Intermediates.noindex/LaTeXSwiftUI.build/Debug/LaTeXSwiftUI.build/Objects-normal/arm64/LaTeXSwiftUI.LinkFileList -nostdlib -Xlinker -object_path_lto -Xlinker /Users/rogerlin/Library/Developer/Xcode/DerivedData/FinancialCalculatorKit-ackorybalcxbfocbkqsfdzcfkgmn/Build/Intermediates.noindex/LaTeXSwiftUI.build/Debug/LaTeXSwiftUI.build/Objects-normal/arm64/LaTeXSwiftUI_lto.o -rdynamic -Xlinker -no_deduplicate -Xlinker -debug_variant -Xlinker -dependency_info -Xlinker /Users/rogerlin/Library/Developer/Xcode/DerivedData/FinancialCalculatorKit-ackorybalcxbfocbkqsfdzcfkgmn/Build/Intermediates.noindex/LaTeXSwiftUI.build/Debug/LaTeXSwiftUI.build/Objects-normal/arm64/LaTeXSwiftUI_dependency_info.dat -fobjc-link-runtime -L/Applications/Xcode.app/Contents/Developer/Toolchains/XcodeDefault.xctoolchain/usr/lib/swift/macosx -L/usr/lib/swift -Xlinker -add_ast_path -Xlinker /Users/rogerlin/Library/Developer/Xcode/DerivedData/FinancialCalculatorKit-ackorybalcxbfocbkqsfdzcfkgmn/Build/Intermediates.noindex/LaTeXSwiftUI.build/Debug/LaTeXSwiftUI.build/Objects-normal/arm64/LaTeXSwiftUI.swiftmodule @/Users/rogerlin/Library/Developer/Xcode/DerivedData/FinancialCalculatorKit-ackorybalcxbfocbkqsfdzcfkgmn/Build/Intermediates.noindex/LaTeXSwiftUI.build/Debug/LaTeXSwiftUI.build/Objects-normal/arm64/LaTeXSwiftUI-linker-args.resp -o /Users/rogerlin/Library/Developer/Xcode/DerivedData/FinancialCalculatorKit-ackorybalcxbfocbkqsfdzcfkgmn/Build/Products/Debug/LaTeXSwiftUI.o

    Task input dependencies:
        /Users/rogerlin/Library/Developer/Xcode/DerivedData/FinancialCalculatorKit-ackorybalcxbfocbkqsfdzcfkgmn/Build/Intermediates.noindex/LaTeXSwiftUI.build/Debug/LaTeXSwiftUI.build/Objects-normal/arm64/EnvironmentValues+Extensions.o
        /Users/rogerlin/Library/Developer/Xcode/DerivedData/FinancialCalculatorKit-ackorybalcxbfocbkqsfdzcfkgmn/Build/Intermediates.noindex/LaTeXSwiftUI.build/Debug/LaTeXSwiftUI.build/Objects-normal/arm64/Font+Extensions.o
        /Users/rogerlin/Library/Developer/Xcode/DerivedData/FinancialCalculatorKit-ackorybalcxbfocbkqsfdzcfkgmn/Build/Intermediates.noindex/LaTeXSwiftUI.build/Debug/LaTeXSwiftUI.build/Objects-normal/arm64/Image+Extensions.o
        /Users/rogerlin/Library/Developer/Xcode/DerivedData/FinancialCalculatorKit-ackorybalcxbfocbkqsfdzcfkgmn/Build/Intermediates.noindex/LaTeXSwiftUI.build/Debug/LaTeXSwiftUI.build/Objects-normal/arm64/MathJax+Extensions.o
        /Users/rogerlin/Library/Developer/Xcode/DerivedData/FinancialCalculatorKit-ackorybalcxbfocbkqsfdzcfkgmn/Build/Intermediates.noindex/LaTeXSwiftUI.build/Debug/LaTeXSwiftUI.build/Objects-normal/arm64/NSImage+Extensions.o
        /Users/rogerlin/Library/Developer/Xcode/DerivedData/FinancialCalculatorKit-ackorybalcxbfocbkqsfdzcfkgmn/Build/Intermediates.noindex/LaTeXSwiftUI.build/Debug/LaTeXSwiftUI.build/Objects-normal/arm64/Range+Extensions.o
        /Users/rogerlin/Library/Developer/Xcode/DerivedData/FinancialCalculatorKit-ackorybalcxbfocbkqsfdzcfkgmn/Build/Intermediates.noindex/LaTeXSwiftUI.build/Debug/LaTeXSwiftUI.build/Objects-normal/arm64/TeXInputProcessorOptions+Extensions.o
        /Users/rogerlin/Library/Developer/Xcode/DerivedData/FinancialCalculatorKit-ackorybalcxbfocbkqsfdzcfkgmn/Build/Intermediates.noindex/LaTeXSwiftUI.build/Debug/LaTeXSwiftUI.build/Objects-normal/arm64/View+Extensions.o
        /Users/rogerlin/Library/Developer/Xcode/DerivedData/FinancialCalculatorKit-ackorybalcxbfocbkqsfdzcfkgmn/Build/Intermediates.noindex/LaTeXSwiftUI.build/Debug/LaTeXSwiftUI.build/Objects-normal/arm64/LaTeX.o
        /Users/rogerlin/Library/Developer/Xcode/DerivedData/FinancialCalculatorKit-ackorybalcxbfocbkqsfdzcfkgmn/Build/Intermediates.noindex/LaTeXSwiftUI.build/Debug/LaTeXSwiftUI.build/Objects-normal/arm64/Aliases.o
        /Users/rogerlin/Library/Developer/Xcode/DerivedData/FinancialCalculatorKit-ackorybalcxbfocbkqsfdzcfkgmn/Build/Intermediates.noindex/LaTeXSwiftUI.build/Debug/LaTeXSwiftUI.build/Objects-normal/arm64/Cache.o
        /Users/rogerlin/Library/Developer/Xcode/DerivedData/FinancialCalculatorKit-ackorybalcxbfocbkqsfdzcfkgmn/Build/Intermediates.noindex/LaTeXSwiftUI.build/Debug/LaTeXSwiftUI.build/Objects-normal/arm64/Component.o
        /Users/rogerlin/Library/Developer/Xcode/DerivedData/FinancialCalculatorKit-ackorybalcxbfocbkqsfdzcfkgmn/Build/Intermediates.noindex/LaTeXSwiftUI.build/Debug/LaTeXSwiftUI.build/Objects-normal/arm64/ComponentBlock.o
        /Users/rogerlin/Library/Developer/Xcode/DerivedData/FinancialCalculatorKit-ackorybalcxbfocbkqsfdzcfkgmn/Build/Intermediates.noindex/LaTeXSwiftUI.build/Debug/LaTeXSwiftUI.build/Objects-normal/arm64/HashableCGRect.o
        /Users/rogerlin/Library/Developer/Xcode/DerivedData/FinancialCalculatorKit-ackorybalcxbfocbkqsfdzcfkgmn/Build/Intermediates.noindex/LaTeXSwiftUI.build/Debug/LaTeXSwiftUI.build/Objects-normal/arm64/HashableCGSize.o
        /Users/rogerlin/Library/Developer/Xcode/DerivedData/FinancialCalculatorKit-ackorybalcxbfocbkqsfdzcfkgmn/Build/Intermediates.noindex/LaTeXSwiftUI.build/Debug/LaTeXSwiftUI.build/Objects-normal/arm64/ImageContainer.o
        /Users/rogerlin/Library/Developer/Xcode/DerivedData/FinancialCalculatorKit-ackorybalcxbfocbkqsfdzcfkgmn/Build/Intermediates.noindex/LaTeXSwiftUI.build/Debug/LaTeXSwiftUI.build/Objects-normal/arm64/Parser.o
        /Users/rogerlin/Library/Developer/Xcode/DerivedData/FinancialCalculatorKit-ackorybalcxbfocbkqsfdzcfkgmn/Build/Intermediates.noindex/LaTeXSwiftUI.build/Debug/LaTeXSwiftUI.build/Objects-normal/arm64/Renderer.o
        /Users/rogerlin/Library/Developer/Xcode/DerivedData/FinancialCalculatorKit-ackorybalcxbfocbkqsfdzcfkgmn/Build/Intermediates.noindex/LaTeXSwiftUI.build/Debug/LaTeXSwiftUI.build/Objects-normal/arm64/SVG.o
        /Users/rogerlin/Library/Developer/Xcode/DerivedData/FinancialCalculatorKit-ackorybalcxbfocbkqsfdzcfkgmn/Build/Intermediates.noindex/LaTeXSwiftUI.build/Debug/LaTeXSwiftUI.build/Objects-normal/arm64/SVGGeometry.o
        /Users/rogerlin/Library/Developer/Xcode/DerivedData/FinancialCalculatorKit-ackorybalcxbfocbkqsfdzcfkgmn/Build/Intermediates.noindex/LaTeXSwiftUI.build/Debug/LaTeXSwiftUI.build/Objects-normal/arm64/LaTeX_Previews+Color.o
        /Users/rogerlin/Library/Developer/Xcode/DerivedData/FinancialCalculatorKit-ackorybalcxbfocbkqsfdzcfkgmn/Build/Intermediates.noindex/LaTeXSwiftUI.build/Debug/LaTeXSwiftUI.build/Objects-normal/arm64/LaTeX_Previews+Fonts.o
        /Users/rogerlin/Library/Developer/Xcode/DerivedData/FinancialCalculatorKit-ackorybalcxbfocbkqsfdzcfkgmn/Build/Intermediates.noindex/LaTeXSwiftUI.build/Debug/LaTeXSwiftUI.build/Objects-normal/arm64/LaTeX_Previews+Modes.o
        /Users/rogerlin/Library/Developer/Xcode/DerivedData/FinancialCalculatorKit-ackorybalcxbfocbkqsfdzcfkgmn/Build/Intermediates.noindex/LaTeXSwiftUI.build/Debug/LaTeXSwiftUI.build/Objects-normal/arm64/LaTeX_Previews+Numbers.o
        /Users/rogerlin/Library/Developer/Xcode/DerivedData/FinancialCalculatorKit-ackorybalcxbfocbkqsfdzcfkgmn/Build/Intermediates.noindex/LaTeXSwiftUI.build/Debug/LaTeXSwiftUI.build/Objects-normal/arm64/LaTeX_Previews+Special.o
        /Users/rogerlin/Library/Developer/Xcode/DerivedData/FinancialCalculatorKit-ackorybalcxbfocbkqsfdzcfkgmn/Build/Intermediates.noindex/LaTeXSwiftUI.build/Debug/LaTeXSwiftUI.build/Objects-normal/arm64/LaTeX_Previews+Styles.o
        /Users/rogerlin/Library/Developer/Xcode/DerivedData/FinancialCalculatorKit-ackorybalcxbfocbkqsfdzcfkgmn/Build/Intermediates.noindex/LaTeXSwiftUI.build/Debug/LaTeXSwiftUI.build/Objects-normal/arm64/DefaultLaTeXStyle.o
        /Users/rogerlin/Library/Developer/Xcode/DerivedData/FinancialCalculatorKit-ackorybalcxbfocbkqsfdzcfkgmn/Build/Intermediates.noindex/LaTeXSwiftUI.build/Debug/LaTeXSwiftUI.build/Objects-normal/arm64/LaTeXStyle.o
        /Users/rogerlin/Library/Developer/Xcode/DerivedData/FinancialCalculatorKit-ackorybalcxbfocbkqsfdzcfkgmn/Build/Intermediates.noindex/LaTeXSwiftUI.build/Debug/LaTeXSwiftUI.build/Objects-normal/arm64/StandardLaTeXStyle.o
        /Users/rogerlin/Library/Developer/Xcode/DerivedData/FinancialCalculatorKit-ackorybalcxbfocbkqsfdzcfkgmn/Build/Intermediates.noindex/LaTeXSwiftUI.build/Debug/LaTeXSwiftUI.build/Objects-normal/arm64/ComponentBlocksText.o
        /Users/rogerlin/Library/Developer/Xcode/DerivedData/FinancialCalculatorKit-ackorybalcxbfocbkqsfdzcfkgmn/Build/Intermediates.noindex/LaTeXSwiftUI.build/Debug/LaTeXSwiftUI.build/Objects-normal/arm64/ComponentBlocksViews.o
        /Users/rogerlin/Library/Developer/Xcode/DerivedData/FinancialCalculatorKit-ackorybalcxbfocbkqsfdzcfkgmn/Build/Intermediates.noindex/LaTeXSwiftUI.build/Debug/LaTeXSwiftUI.build/Objects-normal/arm64/EquationNumber.o
        /Users/rogerlin/Library/Developer/Xcode/DerivedData/FinancialCalculatorKit-ackorybalcxbfocbkqsfdzcfkgmn/Build/Intermediates.noindex/LaTeXSwiftUI.build/Debug/LaTeXSwiftUI.build/Objects-normal/arm64/HorizontalImageScroller.o
        /Users/rogerlin/Library/Developer/Xcode/DerivedData/FinancialCalculatorKit-ackorybalcxbfocbkqsfdzcfkgmn/Build/Intermediates.noindex/LaTeXSwiftUI.build/Debug/LaTeXSwiftUI.build/Objects-normal/arm64/LaTeXSwiftUI.LinkFileList
        /Users/rogerlin/Library/Developer/Xcode/DerivedData/FinancialCalculatorKit-ackorybalcxbfocbkqsfdzcfkgmn/Build/Products/Debug
        /Users/rogerlin/Library/Developer/Xcode/DerivedData/FinancialCalculatorKit-ackorybalcxbfocbkqsfdzcfkgmn/Build/Products/Debug/PackageFrameworks

    Task output dependencies:
        /Users/rogerlin/Library/Developer/Xcode/DerivedData/FinancialCalculatorKit-ackorybalcxbfocbkqsfdzcfkgmn/Build/Products/Debug/LaTeXSwiftUI.o
        /Users/rogerlin/Library/Developer/Xcode/DerivedData/FinancialCalculatorKit-ackorybalcxbfocbkqsfdzcfkgmn/Build/Intermediates.noindex/LaTeXSwiftUI.build/Debug/LaTeXSwiftUI.build/Objects-normal/arm64/LaTeXSwiftUI_lto.o
        /Users/rogerlin/Library/Developer/Xcode/DerivedData/FinancialCalculatorKit-ackorybalcxbfocbkqsfdzcfkgmn/Build/Intermediates.noindex/LaTeXSwiftUI.build/Debug/LaTeXSwiftUI.build/Objects-normal/arm64/LaTeXSwiftUI_dependency_info.dat

RegisterExecutionPolicyException /Users/rogerlin/Library/Developer/Xcode/DerivedData/FinancialCalculatorKit-ackorybalcxbfocbkqsfdzcfkgmn/Build/Products/Debug/ExpressionParser.o (in target 'ExpressionParser' from project 'ExpressionParser')
    cd /Users/rogerlin/Library/Developer/Xcode/DerivedData/FinancialCalculatorKit-ackorybalcxbfocbkqsfdzcfkgmn/SourcePackages/checkouts/ExpressionParser
    builtin-RegisterExecutionPolicyException /Users/rogerlin/Library/Developer/Xcode/DerivedData/FinancialCalculatorKit-ackorybalcxbfocbkqsfdzcfkgmn/Build/Products/Debug/ExpressionParser.o

    Task input dependencies:
        /Users/rogerlin/Library/Developer/Xcode/DerivedData/FinancialCalculatorKit-ackorybalcxbfocbkqsfdzcfkgmn/Build/Products/Debug/ExpressionParser.o

    Task output dependencies:

ExtractAppIntentsMetadata (in target 'LaTeXSwiftUI' from project 'LaTeXSwiftUI')
    cd /Users/rogerlin/Library/Developer/Xcode/DerivedData/FinancialCalculatorKit-ackorybalcxbfocbkqsfdzcfkgmn/SourcePackages/checkouts/LaTeXSwiftUI
    /Applications/Xcode.app/Contents/Developer/Toolchains/XcodeDefault.xctoolchain/usr/bin/appintentsmetadataprocessor --toolchain-dir /Applications/Xcode.app/Contents/Developer/Toolchains/XcodeDefault.xctoolchain --module-name LaTeXSwiftUI --sdk-root /Applications/Xcode.app/Contents/Developer/Platforms/MacOSX.platform/Developer/SDKs/MacOSX26.1.sdk --xcode-version 17B55 --platform-family macOS --deployment-target 12.0 --bundle-identifier latexswiftui.LaTeXSwiftUI --output /Users/rogerlin/Library/Developer/Xcode/DerivedData/FinancialCalculatorKit-ackorybalcxbfocbkqsfdzcfkgmn/Build/Products/Debug/LaTeXSwiftUI.appintents --target-triple arm64-apple-macos12.0 --binary-file /Users/rogerlin/Library/Developer/Xcode/DerivedData/FinancialCalculatorKit-ackorybalcxbfocbkqsfdzcfkgmn/Build/Products/Debug/LaTeXSwiftUI.o --dependency-file /Users/rogerlin/Library/Developer/Xcode/DerivedData/FinancialCalculatorKit-ackorybalcxbfocbkqsfdzcfkgmn/Build/Intermediates.noindex/LaTeXSwiftUI.build/Debug/LaTeXSwiftUI.build/Objects-normal/arm64/LaTeXSwiftUI_dependency_info.dat --stringsdata-file /Users/rogerlin/Library/Developer/Xcode/DerivedData/FinancialCalculatorKit-ackorybalcxbfocbkqsfdzcfkgmn/Build/Intermediates.noindex/LaTeXSwiftUI.build/Debug/LaTeXSwiftUI.build/Objects-normal/arm64/ExtractedAppShortcutsMetadata.stringsdata --source-file-list /Users/rogerlin/Library/Developer/Xcode/DerivedData/FinancialCalculatorKit-ackorybalcxbfocbkqsfdzcfkgmn/Build/Intermediates.noindex/LaTeXSwiftUI.build/Debug/LaTeXSwiftUI.build/Objects-normal/arm64/LaTeXSwiftUI.SwiftFileList --metadata-file-list /Users/rogerlin/Library/Developer/Xcode/DerivedData/FinancialCalculatorKit-ackorybalcxbfocbkqsfdzcfkgmn/Build/Intermediates.noindex/LaTeXSwiftUI.build/Debug/LaTeXSwiftUI.build/LaTeXSwiftUI.DependencyMetadataFileList --static-metadata-file-list /Users/rogerlin/Library/Developer/Xcode/DerivedData/FinancialCalculatorKit-ackorybalcxbfocbkqsfdzcfkgmn/Build/Intermediates.noindex/LaTeXSwiftUI.build/Debug/LaTeXSwiftUI.build/LaTeXSwiftUI.DependencyStaticMetadataFileList --swift-const-vals-list /Users/rogerlin/Library/Developer/Xcode/DerivedData/FinancialCalculatorKit-ackorybalcxbfocbkqsfdzcfkgmn/Build/Intermediates.noindex/LaTeXSwiftUI.build/Debug/LaTeXSwiftUI.build/Objects-normal/arm64/LaTeXSwiftUI.SwiftConstValuesFileList --force --compile-time-extraction --deployment-aware-processing --validate-assistant-intents --no-app-shortcuts-localization

    Task input dependencies:
        /Users/rogerlin/Library/Developer/Xcode/DerivedData/FinancialCalculatorKit-ackorybalcxbfocbkqsfdzcfkgmn/SourcePackages/checkouts/LaTeXSwiftUI/Sources/LaTeXSwiftUI/Extensions/EnvironmentValues+Extensions.swift
        /Users/rogerlin/Library/Developer/Xcode/DerivedData/FinancialCalculatorKit-ackorybalcxbfocbkqsfdzcfkgmn/SourcePackages/checkouts/LaTeXSwiftUI/Sources/LaTeXSwiftUI/Extensions/Font+Extensions.swift
        /Users/rogerlin/Library/Developer/Xcode/DerivedData/FinancialCalculatorKit-ackorybalcxbfocbkqsfdzcfkgmn/SourcePackages/checkouts/LaTeXSwiftUI/Sources/LaTeXSwiftUI/Extensions/Image+Extensions.swift
        /Users/rogerlin/Library/Developer/Xcode/DerivedData/FinancialCalculatorKit-ackorybalcxbfocbkqsfdzcfkgmn/SourcePackages/checkouts/LaTeXSwiftUI/Sources/LaTeXSwiftUI/Extensions/MathJax+Extensions.swift
        /Users/rogerlin/Library/Developer/Xcode/DerivedData/FinancialCalculatorKit-ackorybalcxbfocbkqsfdzcfkgmn/SourcePackages/checkouts/LaTeXSwiftUI/Sources/LaTeXSwiftUI/Extensions/NSImage+Extensions.swift
        /Users/rogerlin/Library/Developer/Xcode/DerivedData/FinancialCalculatorKit-ackorybalcxbfocbkqsfdzcfkgmn/SourcePackages/checkouts/LaTeXSwiftUI/Sources/LaTeXSwiftUI/Extensions/Range+Extensions.swift
        /Users/rogerlin/Library/Developer/Xcode/DerivedData/FinancialCalculatorKit-ackorybalcxbfocbkqsfdzcfkgmn/SourcePackages/checkouts/LaTeXSwiftUI/Sources/LaTeXSwiftUI/Extensions/TeXInputProcessorOptions+Extensions.swift
        /Users/rogerlin/Library/Developer/Xcode/DerivedData/FinancialCalculatorKit-ackorybalcxbfocbkqsfdzcfkgmn/SourcePackages/checkouts/LaTeXSwiftUI/Sources/LaTeXSwiftUI/Extensions/View+Extensions.swift
        /Users/rogerlin/Library/Developer/Xcode/DerivedData/FinancialCalculatorKit-ackorybalcxbfocbkqsfdzcfkgmn/SourcePackages/checkouts/LaTeXSwiftUI/Sources/LaTeXSwiftUI/LaTeX.swift
        /Users/rogerlin/Library/Developer/Xcode/DerivedData/FinancialCalculatorKit-ackorybalcxbfocbkqsfdzcfkgmn/SourcePackages/checkouts/LaTeXSwiftUI/Sources/LaTeXSwiftUI/Models/Aliases.swift
        /Users/rogerlin/Library/Developer/Xcode/DerivedData/FinancialCalculatorKit-ackorybalcxbfocbkqsfdzcfkgmn/SourcePackages/checkouts/LaTeXSwiftUI/Sources/LaTeXSwiftUI/Models/Cache.swift
        /Users/rogerlin/Library/Developer/Xcode/DerivedData/FinancialCalculatorKit-ackorybalcxbfocbkqsfdzcfkgmn/SourcePackages/checkouts/LaTeXSwiftUI/Sources/LaTeXSwiftUI/Models/Component.swift
        /Users/rogerlin/Library/Developer/Xcode/DerivedData/FinancialCalculatorKit-ackorybalcxbfocbkqsfdzcfkgmn/SourcePackages/checkouts/LaTeXSwiftUI/Sources/LaTeXSwiftUI/Models/ComponentBlock.swift
        /Users/rogerlin/Library/Developer/Xcode/DerivedData/FinancialCalculatorKit-ackorybalcxbfocbkqsfdzcfkgmn/SourcePackages/checkouts/LaTeXSwiftUI/Sources/LaTeXSwiftUI/Models/HashableCGRect.swift
        /Users/rogerlin/Library/Developer/Xcode/DerivedData/FinancialCalculatorKit-ackorybalcxbfocbkqsfdzcfkgmn/SourcePackages/checkouts/LaTeXSwiftUI/Sources/LaTeXSwiftUI/Models/HashableCGSize.swift
        /Users/rogerlin/Library/Developer/Xcode/DerivedData/FinancialCalculatorKit-ackorybalcxbfocbkqsfdzcfkgmn/SourcePackages/checkouts/LaTeXSwiftUI/Sources/LaTeXSwiftUI/Models/ImageContainer.swift
        /Users/rogerlin/Library/Developer/Xcode/DerivedData/FinancialCalculatorKit-ackorybalcxbfocbkqsfdzcfkgmn/SourcePackages/checkouts/LaTeXSwiftUI/Sources/LaTeXSwiftUI/Models/Parser.swift
        /Users/rogerlin/Library/Developer/Xcode/DerivedData/FinancialCalculatorKit-ackorybalcxbfocbkqsfdzcfkgmn/SourcePackages/checkouts/LaTeXSwiftUI/Sources/LaTeXSwiftUI/Models/Renderer.swift
        /Users/rogerlin/Library/Developer/Xcode/DerivedData/FinancialCalculatorKit-ackorybalcxbfocbkqsfdzcfkgmn/SourcePackages/checkouts/LaTeXSwiftUI/Sources/LaTeXSwiftUI/Models/SVG.swift
        /Users/rogerlin/Library/Developer/Xcode/DerivedData/FinancialCalculatorKit-ackorybalcxbfocbkqsfdzcfkgmn/SourcePackages/checkouts/LaTeXSwiftUI/Sources/LaTeXSwiftUI/Models/SVGGeometry.swift
        /Users/rogerlin/Library/Developer/Xcode/DerivedData/FinancialCalculatorKit-ackorybalcxbfocbkqsfdzcfkgmn/SourcePackages/checkouts/LaTeXSwiftUI/Sources/LaTeXSwiftUI/Previews/LaTeX_Previews+Color.swift
        /Users/rogerlin/Library/Developer/Xcode/DerivedData/FinancialCalculatorKit-ackorybalcxbfocbkqsfdzcfkgmn/SourcePackages/checkouts/LaTeXSwiftUI/Sources/LaTeXSwiftUI/Previews/LaTeX_Previews+Fonts.swift
        /Users/rogerlin/Library/Developer/Xcode/DerivedData/FinancialCalculatorKit-ackorybalcxbfocbkqsfdzcfkgmn/SourcePackages/checkouts/LaTeXSwiftUI/Sources/LaTeXSwiftUI/Previews/LaTeX_Previews+Modes.swift
        /Users/rogerlin/Library/Developer/Xcode/DerivedData/FinancialCalculatorKit-ackorybalcxbfocbkqsfdzcfkgmn/SourcePackages/checkouts/LaTeXSwiftUI/Sources/LaTeXSwiftUI/Previews/LaTeX_Previews+Numbers.swift
        /Users/rogerlin/Library/Developer/Xcode/DerivedData/FinancialCalculatorKit-ackorybalcxbfocbkqsfdzcfkgmn/SourcePackages/checkouts/LaTeXSwiftUI/Sources/LaTeXSwiftUI/Previews/LaTeX_Previews+Special.swift
        /Users/rogerlin/Library/Developer/Xcode/DerivedData/FinancialCalculatorKit-ackorybalcxbfocbkqsfdzcfkgmn/SourcePackages/checkouts/LaTeXSwiftUI/Sources/LaTeXSwiftUI/Previews/LaTeX_Previews+Styles.swift
        /Users/rogerlin/Library/Developer/Xcode/DerivedData/FinancialCalculatorKit-ackorybalcxbfocbkqsfdzcfkgmn/SourcePackages/checkouts/LaTeXSwiftUI/Sources/LaTeXSwiftUI/Styles/DefaultLaTeXStyle.swift
        /Users/rogerlin/Library/Developer/Xcode/DerivedData/FinancialCalculatorKit-ackorybalcxbfocbkqsfdzcfkgmn/SourcePackages/checkouts/LaTeXSwiftUI/Sources/LaTeXSwiftUI/Styles/LaTeXStyle.swift
        /Users/rogerlin/Library/Developer/Xcode/DerivedData/FinancialCalculatorKit-ackorybalcxbfocbkqsfdzcfkgmn/SourcePackages/checkouts/LaTeXSwiftUI/Sources/LaTeXSwiftUI/Styles/StandardLaTeXStyle.swift
        /Users/rogerlin/Library/Developer/Xcode/DerivedData/FinancialCalculatorKit-ackorybalcxbfocbkqsfdzcfkgmn/SourcePackages/checkouts/LaTeXSwiftUI/Sources/LaTeXSwiftUI/Views/ComponentBlocksText.swift
        /Users/rogerlin/Library/Developer/Xcode/DerivedData/FinancialCalculatorKit-ackorybalcxbfocbkqsfdzcfkgmn/SourcePackages/checkouts/LaTeXSwiftUI/Sources/LaTeXSwiftUI/Views/ComponentBlocksViews.swift
        /Users/rogerlin/Library/Developer/Xcode/DerivedData/FinancialCalculatorKit-ackorybalcxbfocbkqsfdzcfkgmn/SourcePackages/checkouts/LaTeXSwiftUI/Sources/LaTeXSwiftUI/Views/EquationNumber.swift
        /Users/rogerlin/Library/Developer/Xcode/DerivedData/FinancialCalculatorKit-ackorybalcxbfocbkqsfdzcfkgmn/SourcePackages/checkouts/LaTeXSwiftUI/Sources/LaTeXSwiftUI/Views/HorizontalImageScroller.swift
        /Users/rogerlin/Library/Developer/Xcode/DerivedData/FinancialCalculatorKit-ackorybalcxbfocbkqsfdzcfkgmn/Build/Intermediates.noindex/LaTeXSwiftUI.build/Debug/LaTeXSwiftUI.build/Objects-normal/arm64/EnvironmentValues+Extensions.swiftconstvalues
        /Users/rogerlin/Library/Developer/Xcode/DerivedData/FinancialCalculatorKit-ackorybalcxbfocbkqsfdzcfkgmn/Build/Intermediates.noindex/LaTeXSwiftUI.build/Debug/LaTeXSwiftUI.build/Objects-normal/arm64/Font+Extensions.swiftconstvalues
        /Users/rogerlin/Library/Developer/Xcode/DerivedData/FinancialCalculatorKit-ackorybalcxbfocbkqsfdzcfkgmn/Build/Intermediates.noindex/LaTeXSwiftUI.build/Debug/LaTeXSwiftUI.build/Objects-normal/arm64/Image+Extensions.swiftconstvalues
        /Users/rogerlin/Library/Developer/Xcode/DerivedData/FinancialCalculatorKit-ackorybalcxbfocbkqsfdzcfkgmn/Build/Intermediates.noindex/LaTeXSwiftUI.build/Debug/LaTeXSwiftUI.build/Objects-normal/arm64/MathJax+Extensions.swiftconstvalues
        /Users/rogerlin/Library/Developer/Xcode/DerivedData/FinancialCalculatorKit-ackorybalcxbfocbkqsfdzcfkgmn/Build/Intermediates.noindex/LaTeXSwiftUI.build/Debug/LaTeXSwiftUI.build/Objects-normal/arm64/NSImage+Extensions.swiftconstvalues
        /Users/rogerlin/Library/Developer/Xcode/DerivedData/FinancialCalculatorKit-ackorybalcxbfocbkqsfdzcfkgmn/Build/Intermediates.noindex/LaTeXSwiftUI.build/Debug/LaTeXSwiftUI.build/Objects-normal/arm64/Range+Extensions.swiftconstvalues
        /Users/rogerlin/Library/Developer/Xcode/DerivedData/FinancialCalculatorKit-ackorybalcxbfocbkqsfdzcfkgmn/Build/Intermediates.noindex/LaTeXSwiftUI.build/Debug/LaTeXSwiftUI.build/Objects-normal/arm64/TeXInputProcessorOptions+Extensions.swiftconstvalues
        /Users/rogerlin/Library/Developer/Xcode/DerivedData/FinancialCalculatorKit-ackorybalcxbfocbkqsfdzcfkgmn/Build/Intermediates.noindex/LaTeXSwiftUI.build/Debug/LaTeXSwiftUI.build/Objects-normal/arm64/View+Extensions.swiftconstvalues
        /Users/rogerlin/Library/Developer/Xcode/DerivedData/FinancialCalculatorKit-ackorybalcxbfocbkqsfdzcfkgmn/Build/Intermediates.noindex/LaTeXSwiftUI.build/Debug/LaTeXSwiftUI.build/Objects-normal/arm64/LaTeX.swiftconstvalues
        /Users/rogerlin/Library/Developer/Xcode/DerivedData/FinancialCalculatorKit-ackorybalcxbfocbkqsfdzcfkgmn/Build/Intermediates.noindex/LaTeXSwiftUI.build/Debug/LaTeXSwiftUI.build/Objects-normal/arm64/Aliases.swiftconstvalues
        /Users/rogerlin/Library/Developer/Xcode/DerivedData/FinancialCalculatorKit-ackorybalcxbfocbkqsfdzcfkgmn/Build/Intermediates.noindex/LaTeXSwiftUI.build/Debug/LaTeXSwiftUI.build/Objects-normal/arm64/Cache.swiftconstvalues
        /Users/rogerlin/Library/Developer/Xcode/DerivedData/FinancialCalculatorKit-ackorybalcxbfocbkqsfdzcfkgmn/Build/Intermediates.noindex/LaTeXSwiftUI.build/Debug/LaTeXSwiftUI.build/Objects-normal/arm64/Component.swiftconstvalues
        /Users/rogerlin/Library/Developer/Xcode/DerivedData/FinancialCalculatorKit-ackorybalcxbfocbkqsfdzcfkgmn/Build/Intermediates.noindex/LaTeXSwiftUI.build/Debug/LaTeXSwiftUI.build/Objects-normal/arm64/ComponentBlock.swiftconstvalues
        /Users/rogerlin/Library/Developer/Xcode/DerivedData/FinancialCalculatorKit-ackorybalcxbfocbkqsfdzcfkgmn/Build/Intermediates.noindex/LaTeXSwiftUI.build/Debug/LaTeXSwiftUI.build/Objects-normal/arm64/HashableCGRect.swiftconstvalues
        /Users/rogerlin/Library/Developer/Xcode/DerivedData/FinancialCalculatorKit-ackorybalcxbfocbkqsfdzcfkgmn/Build/Intermediates.noindex/LaTeXSwiftUI.build/Debug/LaTeXSwiftUI.build/Objects-normal/arm64/HashableCGSize.swiftconstvalues
        /Users/rogerlin/Library/Developer/Xcode/DerivedData/FinancialCalculatorKit-ackorybalcxbfocbkqsfdzcfkgmn/Build/Intermediates.noindex/LaTeXSwiftUI.build/Debug/LaTeXSwiftUI.build/Objects-normal/arm64/ImageContainer.swiftconstvalues
        /Users/rogerlin/Library/Developer/Xcode/DerivedData/FinancialCalculatorKit-ackorybalcxbfocbkqsfdzcfkgmn/Build/Intermediates.noindex/LaTeXSwiftUI.build/Debug/LaTeXSwiftUI.build/Objects-normal/arm64/Parser.swiftconstvalues
        /Users/rogerlin/Library/Developer/Xcode/DerivedData/FinancialCalculatorKit-ackorybalcxbfocbkqsfdzcfkgmn/Build/Intermediates.noindex/LaTeXSwiftUI.build/Debug/LaTeXSwiftUI.build/Objects-normal/arm64/Renderer.swiftconstvalues
        /Users/rogerlin/Library/Developer/Xcode/DerivedData/FinancialCalculatorKit-ackorybalcxbfocbkqsfdzcfkgmn/Build/Intermediates.noindex/LaTeXSwiftUI.build/Debug/LaTeXSwiftUI.build/Objects-normal/arm64/SVG.swiftconstvalues
        /Users/rogerlin/Library/Developer/Xcode/DerivedData/FinancialCalculatorKit-ackorybalcxbfocbkqsfdzcfkgmn/Build/Intermediates.noindex/LaTeXSwiftUI.build/Debug/LaTeXSwiftUI.build/Objects-normal/arm64/SVGGeometry.swiftconstvalues
        /Users/rogerlin/Library/Developer/Xcode/DerivedData/FinancialCalculatorKit-ackorybalcxbfocbkqsfdzcfkgmn/Build/Intermediates.noindex/LaTeXSwiftUI.build/Debug/LaTeXSwiftUI.build/Objects-normal/arm64/LaTeX_Previews+Color.swiftconstvalues
        /Users/rogerlin/Library/Developer/Xcode/DerivedData/FinancialCalculatorKit-ackorybalcxbfocbkqsfdzcfkgmn/Build/Intermediates.noindex/LaTeXSwiftUI.build/Debug/LaTeXSwiftUI.build/Objects-normal/arm64/LaTeX_Previews+Fonts.swiftconstvalues
        /Users/rogerlin/Library/Developer/Xcode/DerivedData/FinancialCalculatorKit-ackorybalcxbfocbkqsfdzcfkgmn/Build/Intermediates.noindex/LaTeXSwiftUI.build/Debug/LaTeXSwiftUI.build/Objects-normal/arm64/LaTeX_Previews+Modes.swiftconstvalues
        /Users/rogerlin/Library/Developer/Xcode/DerivedData/FinancialCalculatorKit-ackorybalcxbfocbkqsfdzcfkgmn/Build/Intermediates.noindex/LaTeXSwiftUI.build/Debug/LaTeXSwiftUI.build/Objects-normal/arm64/LaTeX_Previews+Numbers.swiftconstvalues
        /Users/rogerlin/Library/Developer/Xcode/DerivedData/FinancialCalculatorKit-ackorybalcxbfocbkqsfdzcfkgmn/Build/Intermediates.noindex/LaTeXSwiftUI.build/Debug/LaTeXSwiftUI.build/Objects-normal/arm64/LaTeX_Previews+Special.swiftconstvalues
        /Users/rogerlin/Library/Developer/Xcode/DerivedData/FinancialCalculatorKit-ackorybalcxbfocbkqsfdzcfkgmn/Build/Intermediates.noindex/LaTeXSwiftUI.build/Debug/LaTeXSwiftUI.build/Objects-normal/arm64/LaTeX_Previews+Styles.swiftconstvalues
        /Users/rogerlin/Library/Developer/Xcode/DerivedData/FinancialCalculatorKit-ackorybalcxbfocbkqsfdzcfkgmn/Build/Intermediates.noindex/LaTeXSwiftUI.build/Debug/LaTeXSwiftUI.build/Objects-normal/arm64/DefaultLaTeXStyle.swiftconstvalues
        /Users/rogerlin/Library/Developer/Xcode/DerivedData/FinancialCalculatorKit-ackorybalcxbfocbkqsfdzcfkgmn/Build/Intermediates.noindex/LaTeXSwiftUI.build/Debug/LaTeXSwiftUI.build/Objects-normal/arm64/LaTeXStyle.swiftconstvalues
        /Users/rogerlin/Library/Developer/Xcode/DerivedData/FinancialCalculatorKit-ackorybalcxbfocbkqsfdzcfkgmn/Build/Intermediates.noindex/LaTeXSwiftUI.build/Debug/LaTeXSwiftUI.build/Objects-normal/arm64/StandardLaTeXStyle.swiftconstvalues
        /Users/rogerlin/Library/Developer/Xcode/DerivedData/FinancialCalculatorKit-ackorybalcxbfocbkqsfdzcfkgmn/Build/Intermediates.noindex/LaTeXSwiftUI.build/Debug/LaTeXSwiftUI.build/Objects-normal/arm64/ComponentBlocksText.swiftconstvalues
        /Users/rogerlin/Library/Developer/Xcode/DerivedData/FinancialCalculatorKit-ackorybalcxbfocbkqsfdzcfkgmn/Build/Intermediates.noindex/LaTeXSwiftUI.build/Debug/LaTeXSwiftUI.build/Objects-normal/arm64/ComponentBlocksViews.swiftconstvalues
        /Users/rogerlin/Library/Developer/Xcode/DerivedData/FinancialCalculatorKit-ackorybalcxbfocbkqsfdzcfkgmn/Build/Intermediates.noindex/LaTeXSwiftUI.build/Debug/LaTeXSwiftUI.build/Objects-normal/arm64/EquationNumber.swiftconstvalues
        /Users/rogerlin/Library/Developer/Xcode/DerivedData/FinancialCalculatorKit-ackorybalcxbfocbkqsfdzcfkgmn/Build/Intermediates.noindex/LaTeXSwiftUI.build/Debug/LaTeXSwiftUI.build/Objects-normal/arm64/HorizontalImageScroller.swiftconstvalues
        /Users/rogerlin/Library/Developer/Xcode/DerivedData/FinancialCalculatorKit-ackorybalcxbfocbkqsfdzcfkgmn/Build/Products/Debug/LaTeXSwiftUI.o
        /Users/rogerlin/Library/Developer/Xcode/DerivedData/FinancialCalculatorKit-ackorybalcxbfocbkqsfdzcfkgmn/Build/Intermediates.noindex/LaTeXSwiftUI.build/Debug/LaTeXSwiftUI.build/LaTeXSwiftUI.DependencyMetadataFileList
        /Users/rogerlin/Library/Developer/Xcode/DerivedData/FinancialCalculatorKit-ackorybalcxbfocbkqsfdzcfkgmn/Build/Intermediates.noindex/LaTeXSwiftUI.build/Debug/LaTeXSwiftUI.build/LaTeXSwiftUI.DependencyStaticMetadataFileList
        /Users/rogerlin/Library/Developer/Xcode/DerivedData/FinancialCalculatorKit-ackorybalcxbfocbkqsfdzcfkgmn/Build/Intermediates.noindex/LaTeXSwiftUI.build/Debug/LaTeXSwiftUI.build/Objects-normal/arm64/LaTeXSwiftUI_dependency_info.dat
        /Users/rogerlin/Library/Developer/Xcode/DerivedData/FinancialCalculatorKit-ackorybalcxbfocbkqsfdzcfkgmn/Build/Intermediates.noindex/LaTeXSwiftUI.build/Debug/LaTeXSwiftUI.build/Objects-normal/arm64/LaTeXSwiftUI.SwiftFileList
        /Users/rogerlin/Library/Developer/Xcode/DerivedData/FinancialCalculatorKit-ackorybalcxbfocbkqsfdzcfkgmn/Build/Intermediates.noindex/LaTeXSwiftUI.build/Debug/LaTeXSwiftUI.build/Objects-normal/arm64/LaTeXSwiftUI.SwiftConstValuesFileList

    Task output dependencies:
        /Users/rogerlin/Library/Developer/Xcode/DerivedData/FinancialCalculatorKit-ackorybalcxbfocbkqsfdzcfkgmn/Build/Intermediates.noindex/LaTeXSwiftUI.build/Debug/LaTeXSwiftUI.build/Objects-normal/arm64/ExtractedAppShortcutsMetadata.stringsdata
2025-11-05 20:45:57.613 appintentsmetadataprocessor[14059:497251] Starting appintentsmetadataprocessor export
2025-11-05 20:45:57.682 appintentsmetadataprocessor[14059:497251] Extracted no relevant App Intents symbols, skipping writing output

SwiftDriverJobDiscovery normal arm64 Compiling EnumReflection.swift (in target 'CasePaths' from project 'swift-case-paths')

RegisterExecutionPolicyException /Users/rogerlin/Library/Developer/Xcode/DerivedData/FinancialCalculatorKit-ackorybalcxbfocbkqsfdzcfkgmn/Build/Products/Debug/LaTeXSwiftUI.o (in target 'LaTeXSwiftUI' from project 'LaTeXSwiftUI')
    cd /Users/rogerlin/Library/Developer/Xcode/DerivedData/FinancialCalculatorKit-ackorybalcxbfocbkqsfdzcfkgmn/SourcePackages/checkouts/LaTeXSwiftUI
    builtin-RegisterExecutionPolicyException /Users/rogerlin/Library/Developer/Xcode/DerivedData/FinancialCalculatorKit-ackorybalcxbfocbkqsfdzcfkgmn/Build/Products/Debug/LaTeXSwiftUI.o

    Task input dependencies:
        /Users/rogerlin/Library/Developer/Xcode/DerivedData/FinancialCalculatorKit-ackorybalcxbfocbkqsfdzcfkgmn/Build/Products/Debug/LaTeXSwiftUI.o

    Task output dependencies:

SwiftDriverJobDiscovery normal arm64 Compiling Macros.swift (in target 'CasePaths' from project 'swift-case-paths')

SwiftDriverJobDiscovery normal arm64 Emitting module for CasePaths (in target 'CasePaths' from project 'swift-case-paths')

SwiftDriver\ Compilation\ Requirements CasePaths normal arm64 com.apple.xcode.tools.swift.compiler (in target 'CasePaths' from project 'swift-case-paths')
    cd /Users/rogerlin/XCode-Projects/FinancialCalculatorKit-5.0-updated-accent-colors/FinancialCalculatorKit.xcodeproj
    builtin-Swift-Compilation-Requirements -- /Applications/Xcode.app/Contents/Developer/Toolchains/XcodeDefault.xctoolchain/usr/bin/swiftc -module-name CasePaths -Onone -enforce-exclusivity\=checked @/Users/rogerlin/Library/Developer/Xcode/DerivedData/FinancialCalculatorKit-ackorybalcxbfocbkqsfdzcfkgmn/Build/Intermediates.noindex/swift-case-paths.build/Debug/CasePaths.build/Objects-normal/arm64/CasePaths.SwiftFileList -DSWIFT_PACKAGE -DDEBUG -DSWIFT_MODULE_RESOURCE_BUNDLE_UNAVAILABLE -DXcode -plugin-path /Applications/Xcode.app/Contents/Developer/Toolchains/XcodeDefault.xctoolchain/usr/lib/swift/host/plugins/testing -enable-experimental-feature DebugDescriptionMacro -sdk /Applications/Xcode.app/Contents/Developer/Platforms/MacOSX.platform/Developer/SDKs/MacOSX26.1.sdk -target arm64-apple-macos10.15 -g -module-cache-path /Users/rogerlin/Library/Developer/Xcode/DerivedData/ModuleCache.noindex -Xfrontend -serialize-debugging-options -profile-coverage-mapping -profile-generate -enable-testing -suppress-warnings -index-store-path /Users/rogerlin/Library/Developer/Xcode/DerivedData/FinancialCalculatorKit-ackorybalcxbfocbkqsfdzcfkgmn/Index.noindex/DataStore -Xcc -D_LIBCPP_HARDENING_MODE\=_LIBCPP_HARDENING_MODE_DEBUG -swift-version 6 -I /Users/rogerlin/Library/Developer/Xcode/DerivedData/FinancialCalculatorKit-ackorybalcxbfocbkqsfdzcfkgmn/Build/Products/Debug -Isystem /Applications/Xcode.app/Contents/Developer/Platforms/MacOSX.platform/Developer/usr/lib -F /Users/rogerlin/Library/Developer/Xcode/DerivedData/FinancialCalculatorKit-ackorybalcxbfocbkqsfdzcfkgmn/Build/Products/Debug/PackageFrameworks -F /Users/rogerlin/Library/Developer/Xcode/DerivedData/FinancialCalculatorKit-ackorybalcxbfocbkqsfdzcfkgmn/Build/Products/Debug/PackageFrameworks -F /Users/rogerlin/Library/Developer/Xcode/DerivedData/FinancialCalculatorKit-ackorybalcxbfocbkqsfdzcfkgmn/Build/Products/Debug/PackageFrameworks -F /Users/rogerlin/Library/Developer/Xcode/DerivedData/FinancialCalculatorKit-ackorybalcxbfocbkqsfdzcfkgmn/Build/Products/Debug -F /Applications/Xcode.app/Contents/Developer/Platforms/MacOSX.platform/Developer/Library/Frameworks -Xfrontend -load-plugin-executable -Xfrontend /Users/rogerlin/Library/Developer/Xcode/DerivedData/FinancialCalculatorKit-ackorybalcxbfocbkqsfdzcfkgmn/Build/Products/Debug/CasePathsMacros\#CasePathsMacros -c -j16 -enable-batch-mode -incremental -Xcc -ivfsstatcache -Xcc /Users/rogerlin/Library/Developer/Xcode/DerivedData/SDKStatCaches.noindex/macosx26.1-25B74-3ae1261907bdadc328169391a47051a6.sdkstatcache -output-file-map /Users/rogerlin/Library/Developer/Xcode/DerivedData/FinancialCalculatorKit-ackorybalcxbfocbkqsfdzcfkgmn/Build/Intermediates.noindex/swift-case-paths.build/Debug/CasePaths.build/Objects-normal/arm64/CasePaths-OutputFileMap.json -use-frontend-parseable-output -save-temps -no-color-diagnostics -explicit-module-build -module-cache-path /Users/rogerlin/Library/Developer/Xcode/DerivedData/FinancialCalculatorKit-ackorybalcxbfocbkqsfdzcfkgmn/Build/Intermediates.noindex/SwiftExplicitPrecompiledModules -clang-scanner-module-cache-path /Users/rogerlin/Library/Developer/Xcode/DerivedData/ModuleCache.noindex -sdk-module-cache-path /Users/rogerlin/Library/Developer/Xcode/DerivedData/ModuleCache.noindex -serialize-diagnostics -emit-dependencies -emit-module -emit-module-path /Users/rogerlin/Library/Developer/Xcode/DerivedData/FinancialCalculatorKit-ackorybalcxbfocbkqsfdzcfkgmn/Build/Intermediates.noindex/swift-case-paths.build/Debug/CasePaths.build/Objects-normal/arm64/CasePaths.swiftmodule -user-module-version 1.7.0 -validate-clang-modules-once -clang-build-session-file /Users/rogerlin/Library/Developer/Xcode/DerivedData/ModuleCache.noindex/Session.modulevalidation -package-name swift_case_paths -Xcc -I/Users/rogerlin/Library/Developer/Xcode/DerivedData/FinancialCalculatorKit-ackorybalcxbfocbkqsfdzcfkgmn/Build/Intermediates.noindex/swift-case-paths.build/Debug/CasePaths.build/swift-overrides.hmap -emit-const-values -Xfrontend -const-gather-protocols-file -Xfrontend /Users/rogerlin/Library/Developer/Xcode/DerivedData/FinancialCalculatorKit-ackorybalcxbfocbkqsfdzcfkgmn/Build/Intermediates.noindex/swift-case-paths.build/Debug/CasePaths.build/Objects-normal/arm64/CasePaths_const_extract_protocols.json -Xcc -I/Users/rogerlin/Library/Developer/Xcode/DerivedData/FinancialCalculatorKit-ackorybalcxbfocbkqsfdzcfkgmn/Build/Products/Debug/include -Xcc -I/Users/rogerlin/Library/Developer/Xcode/DerivedData/FinancialCalculatorKit-ackorybalcxbfocbkqsfdzcfkgmn/Build/Intermediates.noindex/swift-case-paths.build/Debug/CasePaths.build/DerivedSources-normal/arm64 -Xcc -I/Users/rogerlin/Library/Developer/Xcode/DerivedData/FinancialCalculatorKit-ackorybalcxbfocbkqsfdzcfkgmn/Build/Intermediates.noindex/swift-case-paths.build/Debug/CasePaths.build/DerivedSources/arm64 -Xcc -I/Users/rogerlin/Library/Developer/Xcode/DerivedData/FinancialCalculatorKit-ackorybalcxbfocbkqsfdzcfkgmn/Build/Intermediates.noindex/swift-case-paths.build/Debug/CasePaths.build/DerivedSources -Xcc -DSWIFT_PACKAGE -Xcc -DDEBUG\=1 -emit-objc-header -emit-objc-header-path /Users/rogerlin/Library/Developer/Xcode/DerivedData/FinancialCalculatorKit-ackorybalcxbfocbkqsfdzcfkgmn/Build/Intermediates.noindex/swift-case-paths.build/Debug/CasePaths.build/Objects-normal/arm64/CasePaths-Swift.h -working-directory /Users/rogerlin/XCode-Projects/FinancialCalculatorKit-5.0-updated-accent-colors/FinancialCalculatorKit.xcodeproj -experimental-emit-module-separately -disable-cmo

    Task input dependencies:
        /Users/rogerlin/Library/Developer/Xcode/DerivedData/FinancialCalculatorKit-ackorybalcxbfocbkqsfdzcfkgmn/SourcePackages/checkouts/swift-case-paths/Sources/CasePaths/EnumReflection.swift
        /Users/rogerlin/Library/Developer/Xcode/DerivedData/FinancialCalculatorKit-ackorybalcxbfocbkqsfdzcfkgmn/SourcePackages/checkouts/swift-case-paths/Sources/CasePaths/Internal/Deprecations.swift
        /Users/rogerlin/Library/Developer/Xcode/DerivedData/FinancialCalculatorKit-ackorybalcxbfocbkqsfdzcfkgmn/SourcePackages/checkouts/swift-case-paths/Sources/CasePaths/Internal/Exports.swift
        /Users/rogerlin/Library/Developer/Xcode/DerivedData/FinancialCalculatorKit-ackorybalcxbfocbkqsfdzcfkgmn/SourcePackages/checkouts/swift-case-paths/Sources/CasePaths/Internal/LockIsolated.swift
        /Users/rogerlin/Library/Developer/Xcode/DerivedData/FinancialCalculatorKit-ackorybalcxbfocbkqsfdzcfkgmn/SourcePackages/checkouts/swift-case-paths/Sources/CasePaths/Macros.swift
        /Users/rogerlin/Library/Developer/Xcode/DerivedData/FinancialCalculatorKit-ackorybalcxbfocbkqsfdzcfkgmn/SourcePackages/checkouts/swift-case-paths/Sources/CasePaths/XCTestSupport.swift
        /Users/rogerlin/Library/Developer/Xcode/DerivedData/FinancialCalculatorKit-ackorybalcxbfocbkqsfdzcfkgmn/Build/Products/Debug/CasePathsMacros
        /Users/rogerlin/Library/Developer/Xcode/DerivedData/FinancialCalculatorKit-ackorybalcxbfocbkqsfdzcfkgmn/Build/Intermediates.noindex/swift-case-paths.build/Debug/CasePaths.build/Objects-normal/arm64/CasePaths.SwiftFileList
        /Users/rogerlin/Library/Developer/Xcode/DerivedData/FinancialCalculatorKit-ackorybalcxbfocbkqsfdzcfkgmn/Build/Intermediates.noindex/swift-case-paths.build/Debug/CasePaths.build/Objects-normal/arm64/CasePaths-OutputFileMap.json
        /Users/rogerlin/Library/Developer/Xcode/DerivedData/FinancialCalculatorKit-ackorybalcxbfocbkqsfdzcfkgmn/Build/Intermediates.noindex/swift-case-paths.build/Debug/CasePaths.build/Objects-normal/arm64/CasePaths_const_extract_protocols.json
        /Users/rogerlin/Library/Developer/Xcode/DerivedData/FinancialCalculatorKit-ackorybalcxbfocbkqsfdzcfkgmn/Build/Intermediates.noindex/GeneratedModuleMaps/CasePaths.modulemap
        /Users/rogerlin/Library/Developer/Xcode/DerivedData/FinancialCalculatorKit-ackorybalcxbfocbkqsfdzcfkgmn/SourcePackages/checkouts/swift-case-paths/Sources/CasePaths/EnumReflection.swift
        /Users/rogerlin/Library/Developer/Xcode/DerivedData/FinancialCalculatorKit-ackorybalcxbfocbkqsfdzcfkgmn/SourcePackages/checkouts/swift-case-paths/Sources/CasePaths/Internal/Deprecations.swift
        /Users/rogerlin/Library/Developer/Xcode/DerivedData/FinancialCalculatorKit-ackorybalcxbfocbkqsfdzcfkgmn/SourcePackages/checkouts/swift-case-paths/Sources/CasePaths/Internal/Exports.swift
        /Users/rogerlin/Library/Developer/Xcode/DerivedData/FinancialCalculatorKit-ackorybalcxbfocbkqsfdzcfkgmn/SourcePackages/checkouts/swift-case-paths/Sources/CasePaths/Internal/LockIsolated.swift
        /Users/rogerlin/Library/Developer/Xcode/DerivedData/FinancialCalculatorKit-ackorybalcxbfocbkqsfdzcfkgmn/SourcePackages/checkouts/swift-case-paths/Sources/CasePaths/Macros.swift
        /Users/rogerlin/Library/Developer/Xcode/DerivedData/FinancialCalculatorKit-ackorybalcxbfocbkqsfdzcfkgmn/SourcePackages/checkouts/swift-case-paths/Sources/CasePaths/XCTestSupport.swift
        /Users/rogerlin/Library/Developer/Xcode/DerivedData/FinancialCalculatorKit-ackorybalcxbfocbkqsfdzcfkgmn/Build/Products/Debug/CasePathsMacros
        /Users/rogerlin/Library/Developer/Xcode/DerivedData/FinancialCalculatorKit-ackorybalcxbfocbkqsfdzcfkgmn/Build/Intermediates.noindex/swift-case-paths.build/Debug/CasePaths.build/Objects-normal/arm64/CasePaths.SwiftFileList
        /Users/rogerlin/Library/Developer/Xcode/DerivedData/FinancialCalculatorKit-ackorybalcxbfocbkqsfdzcfkgmn/Build/Intermediates.noindex/swift-case-paths.build/Debug/CasePaths.build/Objects-normal/arm64/CasePaths-OutputFileMap.json
        /Users/rogerlin/Library/Developer/Xcode/DerivedData/FinancialCalculatorKit-ackorybalcxbfocbkqsfdzcfkgmn/Build/Intermediates.noindex/swift-case-paths.build/Debug/CasePaths.build/Objects-normal/arm64/CasePaths_const_extract_protocols.json
        /Users/rogerlin/Library/Developer/Xcode/DerivedData/FinancialCalculatorKit-ackorybalcxbfocbkqsfdzcfkgmn/Build/Intermediates.noindex/GeneratedModuleMaps/CasePaths.modulemap
        <ClangStatCache /Users/rogerlin/Library/Developer/Xcode/DerivedData/SDKStatCaches.noindex/macosx26.1-25B74-3ae1261907bdadc328169391a47051a6.sdkstatcache>
        <target-CasePaths-PACKAGE-TARGET:CasePaths-SDKROOT:macosx:SDK_VARIANT:macos-copy-headers-completion>
        <target-CasePaths-PACKAGE-TARGET:CasePaths-SDKROOT:macosx:SDK_VARIANT:macos-ModuleVerifierTaskProducer>
        <target-CasePaths-PACKAGE-TARGET:CasePaths-SDKROOT:macosx:SDK_VARIANT:macos-begin-compiling>
        <WorkspaceHeaderMapVFSFilesWritten>

    Task output dependencies:
        /Users/rogerlin/Library/Developer/Xcode/DerivedData/FinancialCalculatorKit-ackorybalcxbfocbkqsfdzcfkgmn/Build/Intermediates.noindex/swift-case-paths.build/Debug/CasePaths.build/Objects-normal/arm64/CasePaths Swift Compilation Requirements Finished
        /Users/rogerlin/Library/Developer/Xcode/DerivedData/FinancialCalculatorKit-ackorybalcxbfocbkqsfdzcfkgmn/Build/Intermediates.noindex/swift-case-paths.build/Debug/CasePaths.build/Objects-normal/arm64/CasePaths.swiftmodule
        /Users/rogerlin/Library/Developer/Xcode/DerivedData/FinancialCalculatorKit-ackorybalcxbfocbkqsfdzcfkgmn/Build/Intermediates.noindex/swift-case-paths.build/Debug/CasePaths.build/Objects-normal/arm64/CasePaths-linker-args.resp
        /Users/rogerlin/Library/Developer/Xcode/DerivedData/FinancialCalculatorKit-ackorybalcxbfocbkqsfdzcfkgmn/Build/Intermediates.noindex/swift-case-paths.build/Debug/CasePaths.build/Objects-normal/arm64/CasePaths.swiftsourceinfo
        /Users/rogerlin/Library/Developer/Xcode/DerivedData/FinancialCalculatorKit-ackorybalcxbfocbkqsfdzcfkgmn/Build/Intermediates.noindex/swift-case-paths.build/Debug/CasePaths.build/Objects-normal/arm64/CasePaths.abi.json
        /Users/rogerlin/Library/Developer/Xcode/DerivedData/FinancialCalculatorKit-ackorybalcxbfocbkqsfdzcfkgmn/Build/Intermediates.noindex/swift-case-paths.build/Debug/CasePaths.build/Objects-normal/arm64/CasePaths-Swift.h
        /Users/rogerlin/Library/Developer/Xcode/DerivedData/FinancialCalculatorKit-ackorybalcxbfocbkqsfdzcfkgmn/Build/Intermediates.noindex/swift-case-paths.build/Debug/CasePaths.build/Objects-normal/arm64/CasePaths.swiftdoc
Discovered dependency nodes:
/Applications/Xcode.app/Contents/Developer/Platforms/MacOSX.platform/Developer/SDKs/MacOSX26.1.sdk/System/Library/Frameworks/CFNetwork.framework/Modules/module.modulemap
/Applications/Xcode.app/Contents/Developer/Platforms/MacOSX.platform/Developer/SDKs/MacOSX26.1.sdk/System/Library/Frameworks/CFNetwork.framework/Headers/CFNetwork.h
/Applications/Xcode.app/Contents/Developer/Platforms/MacOSX.platform/Developer/SDKs/MacOSX26.1.sdk/System/Library/Frameworks/CoreFoundation.framework/Modules/module.modulemap
/Applications/Xcode.app/Contents/Developer/Platforms/MacOSX.platform/Developer/SDKs/MacOSX26.1.sdk/System/Library/Frameworks/CFNetwork.framework/Headers/CFNetworkDefs.h
/Applications/Xcode.app/Contents/Developer/Platforms/MacOSX.platform/Developer/SDKs/MacOSX26.1.sdk/usr/include/Darwin.modulemap
/Applications/Xcode.app/Contents/Developer/Platforms/MacOSX.platform/Developer/SDKs/MacOSX26.1.sdk/System/Library/Frameworks/CFNetwork.framework/Headers/CFNetworkErrors.h
/Applications/Xcode.app/Contents/Developer/Platforms/MacOSX.platform/Developer/SDKs/MacOSX26.1.sdk/System/Library/Frameworks/CFNetwork.framework/Headers/CFSocketStream.h
/Applications/Xcode.app/Contents/Developer/Platforms/MacOSX.platform/Developer/SDKs/MacOSX26.1.sdk/System/Library/Frameworks/CFNetwork.framework/Headers/CFHost.h
/Applications/Xcode.app/Contents/Developer/Platforms/MacOSX.platform/Developer/SDKs/MacOSX26.1.sdk/System/Library/Frameworks/CFNetwork.framework/Headers/CFNetServices.h
/Applications/Xcode.app/Contents/Developer/Platforms/MacOSX.platform/Developer/SDKs/MacOSX26.1.sdk/System/Library/Frameworks/CFNetwork.framework/Headers/CFFTPStream.h
/Applications/Xcode.app/Contents/Developer/Platforms/MacOSX.platform/Developer/SDKs/MacOSX26.1.sdk/System/Library/Frameworks/CFNetwork.framework/Headers/CFHTTPMessage.h
/Applications/Xcode.app/Contents/Developer/Platforms/MacOSX.platform/Developer/SDKs/MacOSX26.1.sdk/System/Library/Frameworks/CFNetwork.framework/Headers/CFHTTPStream.h
/Applications/Xcode.app/Contents/Developer/Platforms/MacOSX.platform/Developer/SDKs/MacOSX26.1.sdk/System/Library/Frameworks/CFNetwork.framework/Headers/CFHTTPAuthentication.h
/Applications/Xcode.app/Contents/Developer/Platforms/MacOSX.platform/Developer/SDKs/MacOSX26.1.sdk/System/Library/Frameworks/CFNetwork.framework/Headers/CFNetDiagnostics.h
/Applications/Xcode.app/Contents/Developer/Toolchains/XcodeDefault.xctoolchain/usr/lib/swift/clang/include/module.modulemap
/Applications/Xcode.app/Contents/Developer/Platforms/MacOSX.platform/Developer/SDKs/MacOSX26.1.sdk/System/Library/Frameworks/CFNetwork.framework/Headers/CFProxySupport.h
/Applications/Xcode.app/Contents/Developer/Platforms/MacOSX.platform/Developer/SDKs/MacOSX26.1.sdk/SDKSettings.json
/Users/rogerlin/Library/Developer/Xcode/DerivedData/FinancialCalculatorKit-ackorybalcxbfocbkqsfdzcfkgmn/Build/Products/Debug/CasePathsCore.swiftmodule/arm64-apple-macos.swiftmodule
/Applications/Xcode.app/Contents/Developer/Toolchains/XcodeDefault.xctoolchain/usr/lib/swift/macosx/prebuilt-modules/26.1/Combine.swiftmodule/arm64e-apple-macos.swiftmodule
/Applications/Xcode.app/Contents/Developer/Toolchains/XcodeDefault.xctoolchain/usr/lib/swift/macosx/prebuilt-modules/26.1/CoreFoundation.swiftmodule/arm64e-apple-macos.swiftmodule
/Applications/Xcode.app/Contents/Developer/Platforms/MacOSX.platform/Developer/SDKs/MacOSX26.1.sdk/System/Library/Frameworks/CoreFoundation.framework/Modules/module.modulemap
/Applications/Xcode.app/Contents/Developer/Platforms/MacOSX.platform/Developer/SDKs/MacOSX26.1.sdk/System/Library/Frameworks/CoreFoundation.framework/Headers/CoreFoundation.h
/Applications/Xcode.app/Contents/Developer/Platforms/MacOSX.platform/Developer/SDKs/MacOSX26.1.sdk/usr/include/dispatch.modulemap
/Applications/Xcode.app/Contents/Developer/Platforms/MacOSX.platform/Developer/SDKs/MacOSX26.1.sdk/usr/include/Darwin.modulemap
/Applications/Xcode.app/Contents/Developer/Platforms/MacOSX.platform/Developer/SDKs/MacOSX26.1.sdk/usr/include/Darwin_C.modulemap
/Applications/Xcode.app/Contents/Developer/Platforms/MacOSX.platform/Developer/SDKs/MacOSX26.1.sdk/usr/include/Darwin_POSIX.modulemap
/Applications/Xcode.app/Contents/Developer/Platforms/MacOSX.platform/Developer/SDKs/MacOSX26.1.sdk/usr/include/net.modulemap
/Applications/Xcode.app/Contents/Developer/Platforms/MacOSX.platform/Developer/SDKs/MacOSX26.1.sdk/usr/include/netinet.modulemap
/Applications/Xcode.app/Contents/Developer/Platforms/MacOSX.platform/Developer/SDKs/MacOSX26.1.sdk/usr/include/bank.modulemap
/Applications/Xcode.app/Contents/Developer/Platforms/MacOSX.platform/Developer/SDKs/MacOSX26.1.sdk/usr/include/Darwin_Mach.modulemap
/Applications/Xcode.app/Contents/Developer/Platforms/MacOSX.platform/Developer/SDKs/MacOSX26.1.sdk/usr/include/Darwin_Mach_machine.modulemap
/Applications/Xcode.app/Contents/Developer/Platforms/MacOSX.platform/Developer/SDKs/MacOSX26.1.sdk/usr/include/mach_debug.modulemap
/Applications/Xcode.app/Contents/Developer/Platforms/MacOSX.platform/Developer/SDKs/MacOSX26.1.sdk/usr/include/device.modulemap
/Applications/Xcode.app/Contents/Developer/Platforms/MacOSX.platform/Developer/SDKs/MacOSX26.1.sdk/usr/include/Darwin_machine.modulemap
/Applications/Xcode.app/Contents/Developer/Platforms/MacOSX.platform/Developer/SDKs/MacOSX26.1.sdk/usr/include/ncurses.modulemap
/Applications/Xcode.app/Contents/Developer/Platforms/MacOSX.platform/Developer/SDKs/MacOSX26.1.sdk/usr/include/netinet6.modulemap
/Applications/Xcode.app/Contents/Developer/Platforms/MacOSX.platform/Developer/SDKs/MacOSX26.1.sdk/usr/include/Darwin_sys.modulemap
/Applications/Xcode.app/Contents/Developer/Platforms/MacOSX.platform/Developer/SDKs/MacOSX26.1.sdk/usr/include/uuid.modulemap
/Applications/Xcode.app/Contents/Developer/Platforms/MacOSX.platform/Developer/SDKs/MacOSX26.1.sdk/usr/include/DarwinFoundation2.modulemap
/Applications/Xcode.app/Contents/Developer/Platforms/MacOSX.platform/Developer/SDKs/MacOSX26.1.sdk/usr/include/DarwinFoundation3.modulemap
/Applications/Xcode.app/Contents/Developer/Platforms/MacOSX.platform/Developer/SDKs/MacOSX26.1.sdk/usr/include/DarwinFoundation1.modulemap
/Applications/Xcode.app/Contents/Developer/Toolchains/XcodeDefault.xctoolchain/usr/lib/swift/clang/include/module.modulemap
/Applications/Xcode.app/Contents/Developer/Toolchains/XcodeDefault.xctoolchain/usr/lib/swift/clang/include/stdarg.h
/Applications/Xcode.app/Contents/Developer/Platforms/MacOSX.platform/Developer/SDKs/MacOSX26.1.sdk/usr/include/assert.h
/Applications/Xcode.app/Contents/Developer/Platforms/MacOSX.platform/Developer/SDKs/MacOSX26.1.sdk/usr/include/ctype.h
/Applications/Xcode.app/Contents/Developer/Toolchains/XcodeDefault.xctoolchain/usr/lib/swift/clang/include/stddef.h
/Applications/Xcode.app/Contents/Developer/Platforms/MacOSX.platform/Developer/SDKs/MacOSX26.1.sdk/usr/include/stdio.h
/Applications/Xcode.app/Contents/Developer/Platforms/MacOSX.platform/Developer/SDKs/MacOSX26.1.sdk/usr/include/stdlib.h
/Applications/Xcode.app/Contents/Developer/Platforms/MacOSX.platform/Developer/SDKs/MacOSX26.1.sdk/usr/include/string.h
/Applications/Xcode.app/Contents/Developer/Platforms/MacOSX.platform/Developer/SDKs/MacOSX26.1.sdk/usr/include/time.h
/Applications/Xcode.app/Contents/Developer/Platforms/MacOSX.platform/Developer/SDKs/MacOSX26.1.sdk/System/Library/Frameworks/CoreFoundation.framework/Headers/CFBase.h
/Applications/Xcode.app/Contents/Developer/Platforms/MacOSX.platform/Developer/SDKs/MacOSX26.1.sdk/System/Library/Frameworks/CoreFoundation.framework/Headers/CFAvailability.h
/Applications/Xcode.app/Contents/Developer/Platforms/MacOSX.platform/Developer/SDKs/MacOSX26.1.sdk/System/Library/Frameworks/CoreFoundation.framework/Headers/CFArray.h
/Applications/Xcode.app/Contents/Developer/Platforms/MacOSX.platform/Developer/SDKs/MacOSX26.1.sdk/System/Library/Frameworks/CoreFoundation.framework/Headers/CFBag.h
/Applications/Xcode.app/Contents/Developer/Platforms/MacOSX.platform/Developer/SDKs/MacOSX26.1.sdk/System/Library/Frameworks/CoreFoundation.framework/Headers/CFBinaryHeap.h
/Applications/Xcode.app/Contents/Developer/Platforms/MacOSX.platform/Developer/SDKs/MacOSX26.1.sdk/System/Library/Frameworks/CoreFoundation.framework/Headers/CFBitVector.h
/Applications/Xcode.app/Contents/Developer/Platforms/MacOSX.platform/Developer/SDKs/MacOSX26.1.sdk/System/Library/Frameworks/CoreFoundation.framework/Headers/CFByteOrder.h
/Applications/Xcode.app/Contents/Developer/Platforms/MacOSX.platform/Developer/SDKs/MacOSX26.1.sdk/System/Library/Frameworks/CoreFoundation.framework/Headers/CFCalendar.h
/Applications/Xcode.app/Contents/Developer/Platforms/MacOSX.platform/Developer/SDKs/MacOSX26.1.sdk/System/Library/Frameworks/CoreFoundation.framework/Headers/CFLocale.h
/Applications/Xcode.app/Contents/Developer/Platforms/MacOSX.platform/Developer/SDKs/MacOSX26.1.sdk/System/Library/Frameworks/CoreFoundation.framework/Headers/CFDictionary.h
/Applications/Xcode.app/Contents/Developer/Platforms/MacOSX.platform/Developer/SDKs/MacOSX26.1.sdk/System/Library/Frameworks/CoreFoundation.framework/Headers/CFNotificationCenter.h
/Applications/Xcode.app/Contents/Developer/Platforms/MacOSX.platform/Developer/SDKs/MacOSX26.1.sdk/System/Library/Frameworks/CoreFoundation.framework/Headers/CFDate.h
/Applications/Xcode.app/Contents/Developer/Platforms/MacOSX.platform/Developer/SDKs/MacOSX26.1.sdk/System/Library/Frameworks/CoreFoundation.framework/Headers/CFTimeZone.h
/Applications/Xcode.app/Contents/Developer/Platforms/MacOSX.platform/Developer/SDKs/MacOSX26.1.sdk/System/Library/Frameworks/CoreFoundation.framework/Headers/CFData.h
/Applications/Xcode.app/Contents/Developer/Platforms/MacOSX.platform/Developer/SDKs/MacOSX26.1.sdk/System/Library/Frameworks/CoreFoundation.framework/Headers/CFString.h
/Applications/Xcode.app/Contents/Developer/Platforms/MacOSX.platform/Developer/SDKs/MacOSX26.1.sdk/System/Library/Frameworks/CoreFoundation.framework/Headers/CFCharacterSet.h
/Applications/Xcode.app/Contents/Developer/Platforms/MacOSX.platform/Developer/SDKs/MacOSX26.1.sdk/System/Library/Frameworks/CoreFoundation.framework/Headers/CFError.h
/Applications/Xcode.app/Contents/Developer/Platforms/MacOSX.platform/Developer/SDKs/MacOSX26.1.sdk/System/Library/Frameworks/CoreFoundation.framework/Headers/CFCGTypes.h
/Applications/Xcode.app/Contents/Developer/Platforms/MacOSX.platform/Developer/SDKs/MacOSX26.1.sdk/System/Library/Frameworks/CoreFoundation.framework/Headers/CFDateFormatter.h
/Applications/Xcode.app/Contents/Developer/Platforms/MacOSX.platform/Developer/SDKs/MacOSX26.1.sdk/System/Library/Frameworks/CoreFoundation.framework/Headers/CFNumber.h
/Applications/Xcode.app/Contents/Developer/Platforms/MacOSX.platform/Developer/SDKs/MacOSX26.1.sdk/System/Library/Frameworks/CoreFoundation.framework/Headers/CFNumberFormatter.h
/Applications/Xcode.app/Contents/Developer/Platforms/MacOSX.platform/Developer/SDKs/MacOSX26.1.sdk/System/Library/Frameworks/CoreFoundation.framework/Headers/CFPreferences.h
/Applications/Xcode.app/Contents/Developer/Platforms/MacOSX.platform/Developer/SDKs/MacOSX26.1.sdk/System/Library/Frameworks/CoreFoundation.framework/Headers/CFPropertyList.h
/Applications/Xcode.app/Contents/Developer/Platforms/MacOSX.platform/Developer/SDKs/MacOSX26.1.sdk/System/Library/Frameworks/CoreFoundation.framework/Headers/CFStream.h
/Applications/Xcode.app/Contents/Developer/Platforms/MacOSX.platform/Developer/SDKs/MacOSX26.1.sdk/System/Library/Frameworks/CoreFoundation.framework/Headers/CFURL.h
/Applications/Xcode.app/Contents/Developer/Platforms/MacOSX.platform/Developer/SDKs/MacOSX26.1.sdk/System/Library/Frameworks/CoreFoundation.framework/Headers/CFRunLoop.h
/Applications/Xcode.app/Contents/Developer/Platforms/MacOSX.platform/Developer/SDKs/MacOSX26.1.sdk/System/Library/Frameworks/CoreFoundation.framework/Headers/CFSocket.h
/Applications/Xcode.app/Contents/Developer/Platforms/MacOSX.platform/Developer/SDKs/MacOSX26.1.sdk/System/Library/Frameworks/CoreFoundation.framework/Headers/CFSet.h
/Applications/Xcode.app/Contents/Developer/Platforms/MacOSX.platform/Developer/SDKs/MacOSX26.1.sdk/System/Library/Frameworks/CoreFoundation.framework/Headers/CFStringEncodingExt.h
/Applications/Xcode.app/Contents/Developer/Platforms/MacOSX.platform/Developer/SDKs/MacOSX26.1.sdk/System/Library/Frameworks/CoreFoundation.framework/Headers/CFTree.h
/Applications/Xcode.app/Contents/Developer/Platforms/MacOSX.platform/Developer/SDKs/MacOSX26.1.sdk/System/Library/Frameworks/CoreFoundation.framework/Headers/CFURLAccess.h
/Applications/Xcode.app/Contents/Developer/Platforms/MacOSX.platform/Developer/SDKs/MacOSX26.1.sdk/System/Library/Frameworks/CoreFoundation.framework/Headers/CFUUID.h
/Applications/Xcode.app/Contents/Developer/Platforms/MacOSX.platform/Developer/SDKs/MacOSX26.1.sdk/System/Library/Frameworks/CoreFoundation.framework/Headers/CFUtilities.h
/Applications/Xcode.app/Contents/Developer/Platforms/MacOSX.platform/Developer/SDKs/MacOSX26.1.sdk/System/Library/Frameworks/CoreFoundation.framework/Headers/CFBundle.h
/Applications/Xcode.app/Contents/Developer/Platforms/MacOSX.platform/Developer/SDKs/MacOSX26.1.sdk/System/Library/Frameworks/CoreFoundation.framework/Headers/CFMessagePort.h
/Applications/Xcode.app/Contents/Developer/Platforms/MacOSX.platform/Developer/SDKs/MacOSX26.1.sdk/System/Library/Frameworks/CoreFoundation.framework/Headers/CFPlugIn.h
/Applications/Xcode.app/Contents/Developer/Platforms/MacOSX.platform/Developer/SDKs/MacOSX26.1.sdk/System/Library/Frameworks/CoreFoundation.framework/Headers/CFMachPort.h
/Applications/Xcode.app/Contents/Developer/Platforms/MacOSX.platform/Developer/SDKs/MacOSX26.1.sdk/System/Library/Frameworks/CoreFoundation.framework/Headers/CFAttributedString.h
/Applications/Xcode.app/Contents/Developer/Platforms/MacOSX.platform/Developer/SDKs/MacOSX26.1.sdk/System/Library/Frameworks/CoreFoundation.framework/Headers/CFURLEnumerator.h
/Applications/Xcode.app/Contents/Developer/Platforms/MacOSX.platform/Developer/SDKs/MacOSX26.1.sdk/System/Library/Frameworks/CoreFoundation.framework/Headers/CFFileSecurity.h
/Applications/Xcode.app/Contents/Developer/Platforms/MacOSX.platform/Developer/SDKs/MacOSX26.1.sdk/System/Library/Frameworks/CoreFoundation.framework/Headers/CFStringTokenizer.h
/Applications/Xcode.app/Contents/Developer/Platforms/MacOSX.platform/Developer/SDKs/MacOSX26.1.sdk/System/Library/Frameworks/CoreFoundation.framework/Headers/CFFileDescriptor.h
/Applications/Xcode.app/Contents/Developer/Platforms/MacOSX.platform/Developer/SDKs/MacOSX26.1.sdk/System/Library/Frameworks/CoreFoundation.framework/Headers/CFUserNotification.h
/Applications/Xcode.app/Contents/Developer/Platforms/MacOSX.platform/Developer/SDKs/MacOSX26.1.sdk/System/Library/Frameworks/CoreFoundation.framework/Headers/CFXMLNode.h
/Applications/Xcode.app/Contents/Developer/Platforms/MacOSX.platform/Developer/SDKs/MacOSX26.1.sdk/System/Library/Frameworks/CoreFoundation.framework/Headers/CFXMLParser.h
/Applications/Xcode.app/Contents/Developer/Platforms/MacOSX.platform/Developer/SDKs/MacOSX26.1.sdk/System/Library/Frameworks/CoreFoundation.framework/Headers/CFPlugInCOM.h
/Applications/Xcode.app/Contents/Developer/Platforms/MacOSX.platform/Developer/SDKs/MacOSX26.1.sdk/SDKSettings.json
/Applications/Xcode.app/Contents/Developer/Platforms/MacOSX.platform/Developer/SDKs/MacOSX26.1.sdk/System/Library/Frameworks/CoreServices.framework/Modules/module.modulemap
/Applications/Xcode.app/Contents/Developer/Platforms/MacOSX.platform/Developer/SDKs/MacOSX26.1.sdk/System/Library/Frameworks/CoreServices.framework/Headers/CoreServices.h
/Applications/Xcode.app/Contents/Developer/Platforms/MacOSX.platform/Developer/SDKs/MacOSX26.1.sdk/System/Library/Frameworks/CoreFoundation.framework/Modules/module.modulemap
/Applications/Xcode.app/Contents/Developer/Platforms/MacOSX.platform/Developer/SDKs/MacOSX26.1.sdk/System/Library/Frameworks/CoreServices.framework/Frameworks/AE.framework/Headers/AE.h
/Applications/Xcode.app/Contents/Developer/Platforms/MacOSX.platform/Developer/SDKs/MacOSX26.1.sdk/System/Library/Frameworks/CoreServices.framework/Frameworks/CarbonCore.framework/Headers/CarbonCore.h
/Applications/Xcode.app/Contents/Developer/Platforms/MacOSX.platform/Developer/SDKs/MacOSX26.1.sdk/System/Library/Frameworks/CoreServices.framework/Frameworks/CarbonCore.framework/Headers/Finder.h
/Applications/Xcode.app/Contents/Developer/Platforms/MacOSX.platform/Developer/SDKs/MacOSX26.1.sdk/usr/include/dispatch.modulemap
/Applications/Xcode.app/Contents/Developer/Platforms/MacOSX.platform/Developer/SDKs/MacOSX26.1.sdk/usr/include/Darwin.modulemap
/Applications/Xcode.app/Contents/Developer/Platforms/MacOSX.platform/Developer/SDKs/MacOSX26.1.sdk/usr/include/DarwinFoundation2.modulemap
/Applications/Xcode.app/Contents/Developer/Platforms/MacOSX.platform/Developer/SDKs/MacOSX26.1.sdk/usr/include/DarwinFoundation1.modulemap
/Applications/Xcode.app/Contents/Developer/Platforms/MacOSX.platform/Developer/SDKs/MacOSX26.1.sdk/System/Library/Frameworks/CoreServices.framework/Frameworks/CarbonCore.framework/Headers/FixMath.h
/Applications/Xcode.app/Contents/Developer/Platforms/MacOSX.platform/Developer/SDKs/MacOSX26.1.sdk/System/Library/Frameworks/CoreServices.framework/Frameworks/CarbonCore.framework/Headers/Script.h
/Applications/Xcode.app/Contents/Developer/Platforms/MacOSX.platform/Developer/SDKs/MacOSX26.1.sdk/System/Library/Frameworks/CoreServices.framework/Frameworks/CarbonCore.framework/Headers/IntlResources.h
/Applications/Xcode.app/Contents/Developer/Platforms/MacOSX.platform/Developer/SDKs/MacOSX26.1.sdk/System/Library/Frameworks/CoreServices.framework/Frameworks/CarbonCore.framework/Headers/UTCUtils.h
/Applications/Xcode.app/Contents/Developer/Platforms/MacOSX.platform/Developer/SDKs/MacOSX26.1.sdk/System/Library/Frameworks/CoreServices.framework/Frameworks/CarbonCore.framework/Headers/MacErrors.h
/Applications/Xcode.app/Contents/Developer/Platforms/MacOSX.platform/Developer/SDKs/MacOSX26.1.sdk/System/Library/Frameworks/CoreServices.framework/Frameworks/CarbonCore.framework/Headers/TextCommon.h
/Applications/Xcode.app/Contents/Developer/Platforms/MacOSX.platform/Developer/SDKs/MacOSX26.1.sdk/System/Library/Frameworks/CoreServices.framework/Frameworks/CarbonCore.framework/Headers/Collections.h
/Applications/Xcode.app/Contents/Developer/Platforms/MacOSX.platform/Developer/SDKs/MacOSX26.1.sdk/System/Library/Frameworks/CoreServices.framework/Frameworks/CarbonCore.framework/Headers/MixedMode.h
/Applications/Xcode.app/Contents/Developer/Platforms/MacOSX.platform/Developer/SDKs/MacOSX26.1.sdk/System/Library/Frameworks/CoreServices.framework/Frameworks/CarbonCore.framework/Headers/Endian.h
/Applications/Xcode.app/Contents/Developer/Platforms/MacOSX.platform/Developer/SDKs/MacOSX26.1.sdk/System/Library/Frameworks/CoreServices.framework/Frameworks/CarbonCore.framework/Headers/Gestalt.h
/Applications/Xcode.app/Contents/Developer/Platforms/MacOSX.platform/Developer/SDKs/MacOSX26.1.sdk/System/Library/Frameworks/CoreServices.framework/Frameworks/CarbonCore.framework/Headers/MacMemory.h
/Applications/Xcode.app/Contents/Developer/Platforms/MacOSX.platform/Developer/SDKs/MacOSX26.1.sdk/System/Library/Frameworks/CoreServices.framework/Frameworks/CarbonCore.framework/Headers/Math64.h
/Applications/Xcode.app/Contents/Developer/Platforms/MacOSX.platform/Developer/SDKs/MacOSX26.1.sdk/System/Library/Frameworks/CoreServices.framework/Frameworks/CarbonCore.framework/Headers/BackupCore.h
/Applications/Xcode.app/Contents/Developer/Platforms/MacOSX.platform/Developer/SDKs/MacOSX26.1.sdk/System/Library/Frameworks/CoreServices.framework/Frameworks/CarbonCore.framework/Headers/DiskSpaceRecovery.h
/Applications/Xcode.app/Contents/Developer/Platforms/MacOSX.platform/Developer/SDKs/MacOSX26.1.sdk/System/Library/Frameworks/CoreServices.framework/Frameworks/CarbonCore.framework/Headers/Components.h
/Applications/Xcode.app/Contents/Developer/Platforms/MacOSX.platform/Developer/SDKs/MacOSX26.1.sdk/System/Library/Frameworks/CoreServices.framework/Frameworks/CarbonCore.framework/Headers/Files.h
/Applications/Xcode.app/Contents/Developer/Platforms/MacOSX.platform/Developer/SDKs/MacOSX26.1.sdk/System/Library/Frameworks/CoreServices.framework/Frameworks/CarbonCore.framework/Headers/OSUtils.h
/Applications/Xcode.app/Contents/Developer/Platforms/MacOSX.platform/Developer/SDKs/MacOSX26.1.sdk/System/Library/Frameworks/CoreServices.framework/Frameworks/CarbonCore.framework/Headers/DateTimeUtils.h
/Applications/Xcode.app/Contents/Developer/Platforms/MacOSX.platform/Developer/SDKs/MacOSX26.1.sdk/System/Library/Frameworks/DiskArbitration.framework/Modules/module.modulemap
/Applications/Xcode.app/Contents/Developer/Platforms/MacOSX.platform/Developer/SDKs/MacOSX26.1.sdk/System/Library/Frameworks/CoreServices.framework/Frameworks/CarbonCore.framework/Headers/Resources.h
/Applications/Xcode.app/Contents/Developer/Platforms/MacOSX.platform/Developer/SDKs/MacOSX26.1.sdk/System/Library/Frameworks/CoreServices.framework/Frameworks/CarbonCore.framework/Headers/CodeFragments.h
/Applications/Xcode.app/Contents/Developer/Platforms/MacOSX.platform/Developer/SDKs/MacOSX26.1.sdk/System/Library/Frameworks/CoreServices.framework/Frameworks/CarbonCore.framework/Headers/Multiprocessing.h
/Applications/Xcode.app/Contents/Developer/Platforms/MacOSX.platform/Developer/SDKs/MacOSX26.1.sdk/System/Library/Frameworks/CoreServices.framework/Frameworks/CarbonCore.framework/Headers/Aliases.h
/Applications/Xcode.app/Contents/Developer/Platforms/MacOSX.platform/Developer/SDKs/MacOSX26.1.sdk/System/Library/Frameworks/CoreServices.framework/Frameworks/CarbonCore.framework/Headers/MacLocales.h
/Applications/Xcode.app/Contents/Developer/Platforms/MacOSX.platform/Developer/SDKs/MacOSX26.1.sdk/System/Library/Frameworks/CoreServices.framework/Frameworks/CarbonCore.framework/Headers/Debugging.h
/Applications/Xcode.app/Contents/Developer/Platforms/MacOSX.platform/Developer/SDKs/MacOSX26.1.sdk/System/Library/Frameworks/CoreServices.framework/Frameworks/CarbonCore.framework/Headers/PLStringFuncs.h
/Applications/Xcode.app/Contents/Developer/Platforms/MacOSX.platform/Developer/SDKs/MacOSX26.1.sdk/System/Library/Frameworks/CoreServices.framework/Frameworks/CarbonCore.framework/Headers/DriverSynchronization.h
/Applications/Xcode.app/Contents/Developer/Platforms/MacOSX.platform/Developer/SDKs/MacOSX26.1.sdk/System/Library/Frameworks/CoreServices.framework/Frameworks/CarbonCore.framework/Headers/DriverServices.h
/Applications/Xcode.app/Contents/Developer/Platforms/MacOSX.platform/Developer/SDKs/MacOSX26.1.sdk/System/Library/Frameworks/CoreServices.framework/Frameworks/CarbonCore.framework/Headers/MachineExceptions.h
/Applications/Xcode.app/Contents/Developer/Platforms/MacOSX.platform/Developer/SDKs/MacOSX26.1.sdk/System/Library/Frameworks/CoreServices.framework/Frameworks/CarbonCore.framework/Headers/NumberFormatting.h
/Applications/Xcode.app/Contents/Developer/Platforms/MacOSX.platform/Developer/SDKs/MacOSX26.1.sdk/System/Library/Frameworks/CoreServices.framework/Frameworks/CarbonCore.framework/Headers/StringCompare.h
/Applications/Xcode.app/Contents/Developer/Platforms/MacOSX.platform/Developer/SDKs/MacOSX26.1.sdk/System/Library/Frameworks/CoreServices.framework/Frameworks/CarbonCore.framework/Headers/TextUtils.h
/Applications/Xcode.app/Contents/Developer/Platforms/MacOSX.platform/Developer/SDKs/MacOSX26.1.sdk/System/Library/Frameworks/CoreServices.framework/Frameworks/CarbonCore.framework/Headers/ToolUtils.h
/Applications/Xcode.app/Contents/Developer/Platforms/MacOSX.platform/Developer/SDKs/MacOSX26.1.sdk/System/Library/Frameworks/CoreServices.framework/Frameworks/CarbonCore.framework/Headers/UnicodeUtilities.h
/Applications/Xcode.app/Contents/Developer/Platforms/MacOSX.platform/Developer/SDKs/MacOSX26.1.sdk/System/Library/Frameworks/CoreServices.framework/Frameworks/CarbonCore.framework/Headers/fp.h
/Applications/Xcode.app/Contents/Developer/Platforms/MacOSX.platform/Developer/SDKs/MacOSX26.1.sdk/System/Library/Frameworks/CoreServices.framework/Frameworks/CarbonCore.framework/Headers/TextEncodingConverter.h
/Applications/Xcode.app/Contents/Developer/Platforms/MacOSX.platform/Developer/SDKs/MacOSX26.1.sdk/System/Library/Frameworks/CoreServices.framework/Frameworks/CarbonCore.framework/Headers/UnicodeConverter.h
/Applications/Xcode.app/Contents/Developer/Platforms/MacOSX.platform/Developer/SDKs/MacOSX26.1.sdk/System/Library/Frameworks/CoreServices.framework/Frameworks/CarbonCore.framework/Headers/Threads.h
/Applications/Xcode.app/Contents/Developer/Platforms/MacOSX.platform/Developer/SDKs/MacOSX26.1.sdk/System/Library/Frameworks/CoreServices.framework/Frameworks/CarbonCore.framework/Headers/Folders.h
/Applications/Xcode.app/Contents/Developer/Platforms/MacOSX.platform/Developer/SDKs/MacOSX26.1.sdk/System/Library/Frameworks/CoreServices.framework/Frameworks/CarbonCore.framework/Headers/Timer.h
/Applications/Xcode.app/Contents/Developer/Platforms/MacOSX.platform/Developer/SDKs/MacOSX26.1.sdk/System/Library/Frameworks/CoreServices.framework/Frameworks/CarbonCore.framework/Headers/MultiprocessingInfo.h
/Applications/Xcode.app/Contents/Developer/Platforms/MacOSX.platform/Developer/SDKs/MacOSX26.1.sdk/System/Library/Frameworks/CoreServices.framework/Frameworks/CarbonCore.framework/Headers/LowMem.h
/Applications/Xcode.app/Contents/Developer/Platforms/MacOSX.platform/Developer/SDKs/MacOSX26.1.sdk/System/Library/Frameworks/CoreServices.framework/Frameworks/CarbonCore.framework/Headers/AVLTree.h
/Applications/Xcode.app/Contents/Developer/Platforms/MacOSX.platform/Developer/SDKs/MacOSX26.1.sdk/System/Library/Frameworks/CoreServices.framework/Frameworks/CarbonCore.framework/Headers/PEFBinaryFormat.h
/Applications/Xcode.app/Contents/Developer/Platforms/MacOSX.platform/Developer/SDKs/MacOSX26.1.sdk/System/Library/Frameworks/CoreServices.framework/Frameworks/CarbonCore.framework/Headers/HFSVolumes.h
/Applications/Xcode.app/Contents/Developer/Platforms/MacOSX.platform/Developer/SDKs/MacOSX26.1.sdk/System/Library/Frameworks/CoreServices.framework/Frameworks/CarbonCore.framework/Headers/AIFF.h
/Applications/Xcode.app/Contents/Developer/Toolchains/XcodeDefault.xctoolchain/usr/lib/swift/clang/include/module.modulemap
/Applications/Xcode.app/Contents/Developer/Platforms/MacOSX.platform/Developer/SDKs/MacOSX26.1.sdk/System/Library/Frameworks/CoreServices.framework/Frameworks/CarbonCore.framework/Headers/TextEncodingPlugin.h
/Applications/Xcode.app/Contents/Developer/Platforms/MacOSX.platform/Developer/SDKs/MacOSX26.1.sdk/System/Library/Frameworks/CoreServices.framework/Frameworks/AE.framework/Headers/AEDataModel.h
/Applications/Xcode.app/Contents/Developer/Platforms/MacOSX.platform/Developer/SDKs/MacOSX26.1.sdk/System/Library/Frameworks/CoreServices.framework/Frameworks/AE.framework/Headers/AppleEvents.h
/Applications/Xcode.app/Contents/Developer/Platforms/MacOSX.platform/Developer/SDKs/MacOSX26.1.sdk/System/Library/Frameworks/CoreServices.framework/Frameworks/AE.framework/Headers/AEPackObject.h
/Applications/Xcode.app/Contents/Developer/Platforms/MacOSX.platform/Developer/SDKs/MacOSX26.1.sdk/System/Library/Frameworks/CoreServices.framework/Frameworks/AE.framework/Headers/AEObjects.h
/Applications/Xcode.app/Contents/Developer/Platforms/MacOSX.platform/Developer/SDKs/MacOSX26.1.sdk/System/Library/Frameworks/CoreServices.framework/Frameworks/AE.framework/Headers/AERegistry.h
/Applications/Xcode.app/Contents/Developer/Platforms/MacOSX.platform/Developer/SDKs/MacOSX26.1.sdk/System/Library/Frameworks/CoreServices.framework/Frameworks/AE.framework/Headers/AEUserTermTypes.h
/Applications/Xcode.app/Contents/Developer/Platforms/MacOSX.platform/Developer/SDKs/MacOSX26.1.sdk/System/Library/Frameworks/CoreServices.framework/Frameworks/AE.framework/Headers/AEHelpers.h
/Applications/Xcode.app/Contents/Developer/Toolchains/XcodeDefault.xctoolchain/usr/lib/swift/clang/include/stdarg.h
/Applications/Xcode.app/Contents/Developer/Platforms/MacOSX.platform/Developer/SDKs/MacOSX26.1.sdk/System/Library/Frameworks/CoreServices.framework/Frameworks/AE.framework/Headers/AEMach.h
/Applications/Xcode.app/Contents/Developer/Platforms/MacOSX.platform/Developer/SDKs/MacOSX26.1.sdk/System/Library/Frameworks/CFNetwork.framework/Modules/module.modulemap
/Applications/Xcode.app/Contents/Developer/Platforms/MacOSX.platform/Developer/SDKs/MacOSX26.1.sdk/System/Library/Frameworks/CoreServices.framework/Frameworks/DictionaryServices.framework/Headers/DictionaryServices.h
/Applications/Xcode.app/Contents/Developer/Platforms/MacOSX.platform/Developer/SDKs/MacOSX26.1.sdk/System/Library/Frameworks/CoreServices.framework/Frameworks/LaunchServices.framework/Headers/LaunchServices.h
/Applications/Xcode.app/Contents/Developer/Platforms/MacOSX.platform/Developer/SDKs/MacOSX26.1.sdk/System/Library/Frameworks/CoreServices.framework/Frameworks/LaunchServices.framework/Headers/IconsCore.h
/Applications/Xcode.app/Contents/Developer/Platforms/MacOSX.platform/Developer/SDKs/MacOSX26.1.sdk/System/Library/Frameworks/CoreServices.framework/Frameworks/OSServices.framework/Headers/OSServices.h
/Applications/Xcode.app/Contents/Developer/Platforms/MacOSX.platform/Developer/SDKs/MacOSX26.1.sdk/System/Library/Frameworks/CoreServices.framework/Frameworks/OSServices.framework/Headers/CSIdentity.h
/Applications/Xcode.app/Contents/Developer/Platforms/MacOSX.platform/Developer/SDKs/MacOSX26.1.sdk/System/Library/Frameworks/CoreServices.framework/Frameworks/OSServices.framework/Headers/CSIdentityBase.h
/Applications/Xcode.app/Contents/Developer/Platforms/MacOSX.platform/Developer/SDKs/MacOSX26.1.sdk/System/Library/Frameworks/Security.framework/Modules/module.modulemap
/Applications/Xcode.app/Contents/Developer/Platforms/MacOSX.platform/Developer/SDKs/MacOSX26.1.sdk/System/Library/Frameworks/CoreServices.framework/Frameworks/OSServices.framework/Headers/CSIdentityAuthority.h
/Applications/Xcode.app/Contents/Developer/Platforms/MacOSX.platform/Developer/SDKs/MacOSX26.1.sdk/System/Library/Frameworks/CoreServices.framework/Frameworks/OSServices.framework/Headers/CSIdentityQuery.h
/Applications/Xcode.app/Contents/Developer/Platforms/MacOSX.platform/Developer/SDKs/MacOSX26.1.sdk/System/Library/Frameworks/CoreServices.framework/Frameworks/OSServices.framework/Headers/IconStorage.h
/Applications/Xcode.app/Contents/Developer/Platforms/MacOSX.platform/Developer/SDKs/MacOSX26.1.sdk/System/Library/Frameworks/CoreServices.framework/Frameworks/OSServices.framework/Headers/Power.h
/Applications/Xcode.app/Contents/Developer/Platforms/MacOSX.platform/Developer/SDKs/MacOSX26.1.sdk/System/Library/Frameworks/CoreServices.framework/Frameworks/OSServices.framework/Headers/SecurityCore.h
/Applications/Xcode.app/Contents/Developer/Platforms/MacOSX.platform/Developer/SDKs/MacOSX26.1.sdk/System/Library/Frameworks/CoreServices.framework/Frameworks/OSServices.framework/Headers/KeychainCore.h
/Applications/Xcode.app/Contents/Developer/Platforms/MacOSX.platform/Developer/SDKs/MacOSX26.1.sdk/System/Library/Frameworks/CoreServices.framework/Frameworks/OSServices.framework/Headers/WSMethodInvocation.h
/Applications/Xcode.app/Contents/Developer/Platforms/MacOSX.platform/Developer/SDKs/MacOSX26.1.sdk/System/Library/Frameworks/CoreServices.framework/Frameworks/OSServices.framework/Headers/WSTypes.h
/Applications/Xcode.app/Contents/Developer/Platforms/MacOSX.platform/Developer/SDKs/MacOSX26.1.sdk/System/Library/Frameworks/CoreServices.framework/Frameworks/OSServices.framework/Headers/WSProtocolHandler.h
/Applications/Xcode.app/Contents/Developer/Platforms/MacOSX.platform/Developer/SDKs/MacOSX26.1.sdk/System/Library/Frameworks/CoreServices.framework/Frameworks/LaunchServices.framework/Headers/LSConstants.h
/Applications/Xcode.app/Contents/Developer/Platforms/MacOSX.platform/Developer/SDKs/MacOSX26.1.sdk/System/Library/Frameworks/CoreServices.framework/Frameworks/LaunchServices.framework/Headers/LSInfo.h
/Applications/Xcode.app/Contents/Developer/Platforms/MacOSX.platform/Developer/SDKs/MacOSX26.1.sdk/System/Library/Frameworks/CoreServices.framework/Frameworks/LaunchServices.framework/Headers/LSInfoDeprecated.h
/Applications/Xcode.app/Contents/Developer/Platforms/MacOSX.platform/Developer/SDKs/MacOSX26.1.sdk/System/Library/Frameworks/CoreServices.framework/Frameworks/LaunchServices.framework/Headers/LSOpen.h
/Applications/Xcode.app/Contents/Developer/Platforms/MacOSX.platform/Developer/SDKs/MacOSX26.1.sdk/System/Library/Frameworks/CoreServices.framework/Frameworks/LaunchServices.framework/Headers/LSOpenDeprecated.h
/Applications/Xcode.app/Contents/Developer/Platforms/MacOSX.platform/Developer/SDKs/MacOSX26.1.sdk/System/Library/Frameworks/CoreServices.framework/Frameworks/LaunchServices.framework/Headers/LSQuarantine.h
/Applications/Xcode.app/Contents/Developer/Platforms/MacOSX.platform/Developer/SDKs/MacOSX26.1.sdk/System/Library/Frameworks/CoreServices.framework/Frameworks/LaunchServices.framework/Headers/UTCoreTypes.h
/Applications/Xcode.app/Contents/Developer/Platforms/MacOSX.platform/Developer/SDKs/MacOSX26.1.sdk/System/Library/Frameworks/CoreServices.framework/Frameworks/LaunchServices.framework/Headers/UTType.h
/Applications/Xcode.app/Contents/Developer/Platforms/MacOSX.platform/Developer/SDKs/MacOSX26.1.sdk/System/Library/Frameworks/CoreServices.framework/Frameworks/Metadata.framework/Headers/Metadata.h
/Applications/Xcode.app/Contents/Developer/Platforms/MacOSX.platform/Developer/SDKs/MacOSX26.1.sdk/System/Library/Frameworks/CoreServices.framework/Frameworks/Metadata.framework/Headers/MDItem.h
/Applications/Xcode.app/Contents/Developer/Platforms/MacOSX.platform/Developer/SDKs/MacOSX26.1.sdk/System/Library/Frameworks/CoreServices.framework/Frameworks/Metadata.framework/Headers/MDLabel.h
/Applications/Xcode.app/Contents/Developer/Platforms/MacOSX.platform/Developer/SDKs/MacOSX26.1.sdk/System/Library/Frameworks/CoreServices.framework/Frameworks/Metadata.framework/Headers/MDQuery.h
/Applications/Xcode.app/Contents/Developer/Platforms/MacOSX.platform/Developer/SDKs/MacOSX26.1.sdk/System/Library/Frameworks/CoreServices.framework/Frameworks/Metadata.framework/Headers/MDSchema.h
/Applications/Xcode.app/Contents/Developer/Platforms/MacOSX.platform/Developer/SDKs/MacOSX26.1.sdk/System/Library/Frameworks/CoreServices.framework/Frameworks/Metadata.framework/Headers/MDImporter.h
/Applications/Xcode.app/Contents/Developer/Platforms/MacOSX.platform/Developer/SDKs/MacOSX26.1.sdk/System/Library/Frameworks/CoreServices.framework/Frameworks/SearchKit.framework/Headers/SearchKit.h
/Applications/Xcode.app/Contents/Developer/Platforms/MacOSX.platform/Developer/SDKs/MacOSX26.1.sdk/System/Library/Frameworks/CoreServices.framework/Frameworks/SearchKit.framework/Headers/SKDocument.h
/Applications/Xcode.app/Contents/Developer/Platforms/MacOSX.platform/Developer/SDKs/MacOSX26.1.sdk/System/Library/Frameworks/CoreServices.framework/Frameworks/SearchKit.framework/Headers/SKAnalysis.h
/Applications/Xcode.app/Contents/Developer/Platforms/MacOSX.platform/Developer/SDKs/MacOSX26.1.sdk/System/Library/Frameworks/CoreServices.framework/Frameworks/SearchKit.framework/Headers/SKIndex.h
/Applications/Xcode.app/Contents/Developer/Platforms/MacOSX.platform/Developer/SDKs/MacOSX26.1.sdk/System/Library/Frameworks/CoreServices.framework/Frameworks/SearchKit.framework/Headers/SKSearch.h
/Applications/Xcode.app/Contents/Developer/Platforms/MacOSX.platform/Developer/SDKs/MacOSX26.1.sdk/System/Library/Frameworks/CoreServices.framework/Frameworks/SearchKit.framework/Headers/SKSummary.h
/Applications/Xcode.app/Contents/Developer/Platforms/MacOSX.platform/Developer/SDKs/MacOSX26.1.sdk/System/Library/Frameworks/CoreServices.framework/Frameworks/FSEvents.framework/Headers/FSEvents.h
/Applications/Xcode.app/Contents/Developer/Platforms/MacOSX.platform/Developer/SDKs/MacOSX26.1.sdk/System/Library/Frameworks/CoreServices.framework/Frameworks/SharedFileList.framework/Headers/SharedFileList.h
/Applications/Xcode.app/Contents/Developer/Platforms/MacOSX.platform/Developer/SDKs/MacOSX26.1.sdk/System/Library/Frameworks/CoreServices.framework/Frameworks/SharedFileList.framework/Headers/LSSharedFileList.h
/Applications/Xcode.app/Contents/Developer/Platforms/MacOSX.platform/Developer/SDKs/MacOSX26.1.sdk/SDKSettings.json
/Applications/Xcode.app/Contents/Developer/Platforms/MacOSX.platform/Developer/SDKs/MacOSX26.1.sdk/usr/include/Darwin.modulemap
/Applications/Xcode.app/Contents/Developer/Platforms/MacOSX.platform/Developer/SDKs/MacOSX26.1.sdk/usr/include/Darwin_C.modulemap
/Applications/Xcode.app/Contents/Developer/Platforms/MacOSX.platform/Developer/SDKs/MacOSX26.1.sdk/usr/include/Darwin_POSIX.modulemap
/Applications/Xcode.app/Contents/Developer/Platforms/MacOSX.platform/Developer/SDKs/MacOSX26.1.sdk/usr/include/net.modulemap
/Applications/Xcode.app/Contents/Developer/Platforms/MacOSX.platform/Developer/SDKs/MacOSX26.1.sdk/usr/include/netinet.modulemap
/Applications/Xcode.app/Contents/Developer/Platforms/MacOSX.platform/Developer/SDKs/MacOSX26.1.sdk/usr/include/bank.modulemap
/Applications/Xcode.app/Contents/Developer/Platforms/MacOSX.platform/Developer/SDKs/MacOSX26.1.sdk/usr/include/Darwin_Mach.modulemap
/Applications/Xcode.app/Contents/Developer/Platforms/MacOSX.platform/Developer/SDKs/MacOSX26.1.sdk/usr/include/Darwin_Mach_machine.modulemap
/Applications/Xcode.app/Contents/Developer/Platforms/MacOSX.platform/Developer/SDKs/MacOSX26.1.sdk/usr/include/mach_debug.modulemap
/Applications/Xcode.app/Contents/Developer/Platforms/MacOSX.platform/Developer/SDKs/MacOSX26.1.sdk/usr/include/device.modulemap
/Applications/Xcode.app/Contents/Developer/Platforms/MacOSX.platform/Developer/SDKs/MacOSX26.1.sdk/usr/include/Darwin_machine.modulemap
/Applications/Xcode.app/Contents/Developer/Platforms/MacOSX.platform/Developer/SDKs/MacOSX26.1.sdk/usr/include/ncurses.modulemap
/Applications/Xcode.app/Contents/Developer/Platforms/MacOSX.platform/Developer/SDKs/MacOSX26.1.sdk/usr/include/netinet6.modulemap
/Applications/Xcode.app/Contents/Developer/Platforms/MacOSX.platform/Developer/SDKs/MacOSX26.1.sdk/usr/include/Darwin_sys.modulemap
/Applications/Xcode.app/Contents/Developer/Platforms/MacOSX.platform/Developer/SDKs/MacOSX26.1.sdk/usr/include/uuid.modulemap
/Applications/Xcode.app/Contents/Developer/Platforms/MacOSX.platform/Developer/SDKs/MacOSX26.1.sdk/usr/include/DarwinFoundation2.modulemap
/Applications/Xcode.app/Contents/Developer/Platforms/MacOSX.platform/Developer/SDKs/MacOSX26.1.sdk/usr/include/DarwinFoundation3.modulemap
/Applications/Xcode.app/Contents/Developer/Platforms/MacOSX.platform/Developer/SDKs/MacOSX26.1.sdk/usr/include/DarwinFoundation1.modulemap
/Applications/Xcode.app/Contents/Developer/Platforms/MacOSX.platform/Developer/SDKs/MacOSX26.1.sdk/usr/include/copyfile.h
/Applications/Xcode.app/Contents/Developer/Toolchains/XcodeDefault.xctoolchain/usr/lib/swift/clang/include/module.modulemap
/Applications/Xcode.app/Contents/Developer/Platforms/MacOSX.platform/Developer/SDKs/MacOSX26.1.sdk/usr/include/err.h
/Applications/Xcode.app/Contents/Developer/Platforms/MacOSX.platform/Developer/SDKs/MacOSX26.1.sdk/usr/include/readpassphrase.h
/Applications/Xcode.app/Contents/Developer/Platforms/MacOSX.platform/Developer/SDKs/MacOSX26.1.sdk/usr/include/util.h
/Applications/Xcode.app/Contents/Developer/Platforms/MacOSX.platform/Developer/SDKs/MacOSX26.1.sdk/usr/include/sys/ttycom.h
/Applications/Xcode.app/Contents/Developer/Platforms/MacOSX.platform/Developer/SDKs/MacOSX26.1.sdk/usr/include/sys/ioccom.h
/Applications/Xcode.app/Contents/Developer/Platforms/MacOSX.platform/Developer/SDKs/MacOSX26.1.sdk/usr/include/stdio.h
/Applications/Xcode.app/Contents/Developer/Platforms/MacOSX.platform/Developer/SDKs/MacOSX26.1.sdk/usr/include/pwd.h
/Applications/Xcode.app/Contents/Developer/Platforms/MacOSX.platform/Developer/SDKs/MacOSX26.1.sdk/usr/include/uuid/uuid.h
/Applications/Xcode.app/Contents/Developer/Platforms/MacOSX.platform/Developer/SDKs/MacOSX26.1.sdk/usr/include/termios.h
/Applications/Xcode.app/Contents/Developer/Platforms/MacOSX.platform/Developer/SDKs/MacOSX26.1.sdk/usr/include/sys/termios.h
/Applications/Xcode.app/Contents/Developer/Platforms/MacOSX.platform/Developer/SDKs/MacOSX26.1.sdk/usr/include/sys/ttydefaults.h
/Applications/Xcode.app/Contents/Developer/Platforms/MacOSX.platform/Developer/SDKs/MacOSX26.1.sdk/usr/include/utmp.h
/Applications/Xcode.app/Contents/Developer/Platforms/MacOSX.platform/Developer/SDKs/MacOSX26.1.sdk/usr/include/xattr_flags.h
/Applications/Xcode.app/Contents/Developer/Platforms/MacOSX.platform/Developer/SDKs/MacOSX26.1.sdk/usr/include/_modules/_darwin_c_ctype.h
/Applications/Xcode.app/Contents/Developer/Platforms/MacOSX.platform/Developer/SDKs/MacOSX26.1.sdk/usr/include/ctype.h
/Applications/Xcode.app/Contents/Developer/Platforms/MacOSX.platform/Developer/SDKs/MacOSX26.1.sdk/usr/include/_modules/_darwin_c_errno.h
/Applications/Xcode.app/Contents/Developer/Platforms/MacOSX.platform/Developer/SDKs/MacOSX26.1.sdk/usr/include/_modules/_darwin_c_inttypes.h
/Applications/Xcode.app/Contents/Developer/Platforms/MacOSX.platform/Developer/SDKs/MacOSX26.1.sdk/usr/include/_modules/_darwin_c_limits.h
/Applications/Xcode.app/Contents/Developer/Platforms/MacOSX.platform/Developer/SDKs/MacOSX26.1.sdk/usr/include/_modules/_darwin_c_signal.h
/Applications/Xcode.app/Contents/Developer/Platforms/MacOSX.platform/Developer/SDKs/MacOSX26.1.sdk/usr/include/_modules/_darwin_c_stdarg.h
/Applications/Xcode.app/Contents/Developer/Toolchains/XcodeDefault.xctoolchain/usr/lib/swift/clang/include/stdarg.h
/Applications/Xcode.app/Contents/Developer/Platforms/MacOSX.platform/Developer/SDKs/MacOSX26.1.sdk/usr/include/_modules/_darwin_c_stdbool.h
/Applications/Xcode.app/Contents/Developer/Platforms/MacOSX.platform/Developer/SDKs/MacOSX26.1.sdk/usr/include/_modules/_darwin_c_stddef.h
/Applications/Xcode.app/Contents/Developer/Toolchains/XcodeDefault.xctoolchain/usr/lib/swift/clang/include/stddef.h
/Applications/Xcode.app/Contents/Developer/Platforms/MacOSX.platform/Developer/SDKs/MacOSX26.1.sdk/usr/include/_modules/_darwin_c_stdint.h
/Applications/Xcode.app/Contents/Developer/Platforms/MacOSX.platform/Developer/SDKs/MacOSX26.1.sdk/usr/include/_modules/_darwin_c_stdio.h
/Applications/Xcode.app/Contents/Developer/Platforms/MacOSX.platform/Developer/SDKs/MacOSX26.1.sdk/usr/include/_modules/_darwin_c_stdlib.h
/Applications/Xcode.app/Contents/Developer/Platforms/MacOSX.platform/Developer/SDKs/MacOSX26.1.sdk/usr/include/stdlib.h
/Applications/Xcode.app/Contents/Developer/Platforms/MacOSX.platform/Developer/SDKs/MacOSX26.1.sdk/usr/include/_modules/_darwin_c_string.h
/Applications/Xcode.app/Contents/Developer/Platforms/MacOSX.platform/Developer/SDKs/MacOSX26.1.sdk/usr/include/string.h
/Applications/Xcode.app/Contents/Developer/Platforms/MacOSX.platform/Developer/SDKs/MacOSX26.1.sdk/usr/include/_modules/_darwin_c_time.h
/Applications/Xcode.app/Contents/Developer/Platforms/MacOSX.platform/Developer/SDKs/MacOSX26.1.sdk/usr/include/time.h
/Applications/Xcode.app/Contents/Developer/Platforms/MacOSX.platform/Developer/SDKs/MacOSX26.1.sdk/usr/include/_modules/_darwin_c_wchar.h
/Applications/Xcode.app/Contents/Developer/Platforms/MacOSX.platform/Developer/SDKs/MacOSX26.1.sdk/usr/include/wchar.h
/Applications/Xcode.app/Contents/Developer/Platforms/MacOSX.platform/Developer/SDKs/MacOSX26.1.sdk/usr/include/aio.h
/Applications/Xcode.app/Contents/Developer/Platforms/MacOSX.platform/Developer/SDKs/MacOSX26.1.sdk/usr/include/sys/aio.h
/Applications/Xcode.app/Contents/Developer/Platforms/MacOSX.platform/Developer/SDKs/MacOSX26.1.sdk/usr/include/sys/_types/_o_sync.h
/Applications/Xcode.app/Contents/Developer/Platforms/MacOSX.platform/Developer/SDKs/MacOSX26.1.sdk/usr/include/sys/_types/_o_dsync.h
/Applications/Xcode.app/Contents/Developer/Platforms/MacOSX.platform/Developer/SDKs/MacOSX26.1.sdk/usr/include/arpa/inet.h
/Applications/Xcode.app/Contents/Developer/Platforms/MacOSX.platform/Developer/SDKs/MacOSX26.1.sdk/usr/include/netinet/in.h
/Applications/Xcode.app/Contents/Developer/Platforms/MacOSX.platform/Developer/SDKs/MacOSX26.1.sdk/usr/include/sys/socket.h
/Applications/Xcode.app/Contents/Developer/Platforms/MacOSX.platform/Developer/SDKs/MacOSX26.1.sdk/usr/include/sys/constrained_ctypes.h
/Applications/Xcode.app/Contents/Developer/Platforms/MacOSX.platform/Developer/SDKs/MacOSX26.1.sdk/usr/include/machine/_param.h
/Applications/Xcode.app/Contents/Developer/Platforms/MacOSX.platform/Developer/SDKs/MacOSX26.1.sdk/usr/include/arm/_param.h
/Applications/Xcode.app/Contents/Developer/Platforms/MacOSX.platform/Developer/SDKs/MacOSX26.1.sdk/usr/include/net/net_kev.h
/Applications/Xcode.app/Contents/Developer/Platforms/MacOSX.platform/Developer/SDKs/MacOSX26.1.sdk/usr/include/sys/_types/_sa_family_t.h
/Applications/Xcode.app/Contents/Developer/Platforms/MacOSX.platform/Developer/SDKs/MacOSX26.1.sdk/usr/include/sys/_types/_socklen_t.h
/Applications/Xcode.app/Contents/Developer/Platforms/MacOSX.platform/Developer/SDKs/MacOSX26.1.sdk/usr/include/sys/_types/_iovec_t.h
/Applications/Xcode.app/Contents/Developer/Platforms/MacOSX.platform/Developer/SDKs/MacOSX26.1.sdk/usr/include/netinet6/in6.h
/Applications/Xcode.app/Contents/Developer/Platforms/MacOSX.platform/Developer/SDKs/MacOSX26.1.sdk/usr/include/cpio.h
/Applications/Xcode.app/Contents/Developer/Platforms/MacOSX.platform/Developer/SDKs/MacOSX26.1.sdk/usr/include/dirent.h
/Applications/Xcode.app/Contents/Developer/Platforms/MacOSX.platform/Developer/SDKs/MacOSX26.1.sdk/usr/include/sys/dirent.h
/Applications/Xcode.app/Contents/Developer/Platforms/MacOSX.platform/Developer/SDKs/MacOSX26.1.sdk/usr/include/sys/dir.h
/Applications/Xcode.app/Contents/Developer/Platforms/MacOSX.platform/Developer/SDKs/MacOSX26.1.sdk/usr/include/dlfcn.h
/Applications/Xcode.app/Contents/Developer/Platforms/MacOSX.platform/Developer/SDKs/MacOSX26.1.sdk/usr/include/fcntl.h
/Applications/Xcode.app/Contents/Developer/Platforms/MacOSX.platform/Developer/SDKs/MacOSX26.1.sdk/usr/include/sys/fcntl.h
/Applications/Xcode.app/Contents/Developer/Platforms/MacOSX.platform/Developer/SDKs/MacOSX26.1.sdk/usr/include/sys/_types/_s_ifmt.h
/Applications/Xcode.app/Contents/Developer/Platforms/MacOSX.platform/Developer/SDKs/MacOSX26.1.sdk/usr/include/sys/_types/_filesec_t.h
/Applications/Xcode.app/Contents/Developer/Platforms/MacOSX.platform/Developer/SDKs/MacOSX26.1.sdk/usr/include/fmtmsg.h
/Applications/Xcode.app/Contents/Developer/Platforms/MacOSX.platform/Developer/SDKs/MacOSX26.1.sdk/usr/include/fnmatch.h
/Applications/Xcode.app/Contents/Developer/Platforms/MacOSX.platform/Developer/SDKs/MacOSX26.1.sdk/usr/include/ftw.h
/Applications/Xcode.app/Contents/Developer/Platforms/MacOSX.platform/Developer/SDKs/MacOSX26.1.sdk/usr/include/sys/stat.h
/Applications/Xcode.app/Contents/Developer/Platforms/MacOSX.platform/Developer/SDKs/MacOSX26.1.sdk/usr/include/glob.h
/Applications/Xcode.app/Contents/Developer/Platforms/MacOSX.platform/Developer/SDKs/MacOSX26.1.sdk/usr/include/grp.h
/Applications/Xcode.app/Contents/Developer/Platforms/MacOSX.platform/Developer/SDKs/MacOSX26.1.sdk/usr/include/iconv.h
/Applications/Xcode.app/Contents/Developer/Platforms/MacOSX.platform/Developer/SDKs/MacOSX26.1.sdk/usr/include/ifaddrs.h
/Applications/Xcode.app/Contents/Developer/Platforms/MacOSX.platform/Developer/SDKs/MacOSX26.1.sdk/usr/include/sys/ioctl.h
/Applications/Xcode.app/Contents/Developer/Platforms/MacOSX.platform/Developer/SDKs/MacOSX26.1.sdk/usr/include/sys/filio.h
/Applications/Xcode.app/Contents/Developer/Platforms/MacOSX.platform/Developer/SDKs/MacOSX26.1.sdk/usr/include/sys/sockio.h
/Applications/Xcode.app/Contents/Developer/Platforms/MacOSX.platform/Developer/SDKs/MacOSX26.1.sdk/usr/include/net/if.h
/Applications/Xcode.app/Contents/Developer/Platforms/MacOSX.platform/Developer/SDKs/MacOSX26.1.sdk/usr/include/net/if_var.h
/Applications/Xcode.app/Contents/Developer/Platforms/MacOSX.platform/Developer/SDKs/MacOSX26.1.sdk/usr/include/sys/time.h
/Applications/Xcode.app/Contents/Developer/Platforms/MacOSX.platform/Developer/SDKs/MacOSX26.1.sdk/usr/include/sys/_types/_timeval64.h
/Applications/Xcode.app/Contents/Developer/Platforms/MacOSX.platform/Developer/SDKs/MacOSX26.1.sdk/usr/include/sys/_types/_timeval32.h
/Applications/Xcode.app/Contents/Developer/Platforms/MacOSX.platform/Developer/SDKs/MacOSX26.1.sdk/usr/include/_langinfo.h
/Applications/Xcode.app/Contents/Developer/Platforms/MacOSX.platform/Developer/SDKs/MacOSX26.1.sdk/usr/include/xlocale/_langinfo.h
/Applications/Xcode.app/Contents/Developer/Platforms/MacOSX.platform/Developer/SDKs/MacOSX26.1.sdk/usr/include/libgen.h
/Applications/Xcode.app/Contents/Developer/Platforms/MacOSX.platform/Developer/SDKs/MacOSX26.1.sdk/usr/include/_monetary.h
/Applications/Xcode.app/Contents/Developer/Platforms/MacOSX.platform/Developer/SDKs/MacOSX26.1.sdk/usr/include/xlocale/_monetary.h
/Applications/Xcode.app/Contents/Developer/Platforms/MacOSX.platform/Developer/SDKs/MacOSX26.1.sdk/usr/include/ndbm.h
/Applications/Xcode.app/Contents/Developer/Platforms/MacOSX.platform/Developer/SDKs/MacOSX26.1.sdk/usr/include/netdb.h
/Applications/Xcode.app/Contents/Developer/Platforms/MacOSX.platform/Developer/SDKs/MacOSX26.1.sdk/usr/include/net/if_dl.h
/Applications/Xcode.app/Contents/Developer/Platforms/MacOSX.platform/Developer/SDKs/MacOSX26.1.sdk/usr/include/net/if_types.h
/Applications/Xcode.app/Contents/Developer/Platforms/MacOSX.platform/Developer/SDKs/MacOSX26.1.sdk/usr/include/netinet/tcp.h
/Applications/Xcode.app/Contents/Developer/Platforms/MacOSX.platform/Developer/SDKs/MacOSX26.1.sdk/usr/include/poll.h
/Applications/Xcode.app/Contents/Developer/Platforms/MacOSX.platform/Developer/SDKs/MacOSX26.1.sdk/usr/include/sys/poll.h
/Applications/Xcode.app/Contents/Developer/Platforms/MacOSX.platform/Developer/SDKs/MacOSX26.1.sdk/usr/include/pthread/spawn.h
/Applications/Xcode.app/Contents/Developer/Platforms/MacOSX.platform/Developer/SDKs/MacOSX26.1.sdk/usr/include/spawn.h
/Applications/Xcode.app/Contents/Developer/Platforms/MacOSX.platform/Developer/SDKs/MacOSX26.1.sdk/usr/include/sys/spawn.h
/Applications/Xcode.app/Contents/Developer/Platforms/MacOSX.platform/Developer/SDKs/MacOSX26.1.sdk/usr/include/mach/exception_types.h
/Applications/Xcode.app/Contents/Developer/Platforms/MacOSX.platform/Developer/SDKs/MacOSX26.1.sdk/usr/include/mach/machine/exception.h
/Applications/Xcode.app/Contents/Developer/Platforms/MacOSX.platform/Developer/SDKs/MacOSX26.1.sdk/usr/include/mach/arm/exception.h
/Applications/Xcode.app/Contents/Developer/Platforms/MacOSX.platform/Developer/SDKs/MacOSX26.1.sdk/usr/include/mach/port.h
/Applications/Xcode.app/Contents/Developer/Platforms/MacOSX.platform/Developer/SDKs/MacOSX26.1.sdk/usr/include/mach/boolean.h
/Applications/Xcode.app/Contents/Developer/Platforms/MacOSX.platform/Developer/SDKs/MacOSX26.1.sdk/usr/include/mach/machine/boolean.h
/Applications/Xcode.app/Contents/Developer/Platforms/MacOSX.platform/Developer/SDKs/MacOSX26.1.sdk/usr/include/mach/arm/boolean.h
/Applications/Xcode.app/Contents/Developer/Platforms/MacOSX.platform/Developer/SDKs/MacOSX26.1.sdk/usr/include/mach/machine/vm_types.h
/Applications/Xcode.app/Contents/Developer/Platforms/MacOSX.platform/Developer/SDKs/MacOSX26.1.sdk/usr/include/mach/arm/vm_types.h
/Applications/Xcode.app/Contents/Developer/Platforms/MacOSX.platform/Developer/SDKs/MacOSX26.1.sdk/usr/include/mach/thread_status.h
/Applications/Xcode.app/Contents/Developer/Platforms/MacOSX.platform/Developer/SDKs/MacOSX26.1.sdk/usr/include/mach/machine/thread_status.h
/Applications/Xcode.app/Contents/Developer/Platforms/MacOSX.platform/Developer/SDKs/MacOSX26.1.sdk/usr/include/mach/arm/thread_status.h
/Applications/Xcode.app/Contents/Developer/Platforms/MacOSX.platform/Developer/SDKs/MacOSX26.1.sdk/usr/include/mach/machine/thread_state.h
/Applications/Xcode.app/Contents/Developer/Platforms/MacOSX.platform/Developer/SDKs/MacOSX26.1.sdk/usr/include/mach/arm/thread_state.h
/Applications/Xcode.app/Contents/Developer/Platforms/MacOSX.platform/Developer/SDKs/MacOSX26.1.sdk/usr/include/mach/message.h
/Applications/Xcode.app/Contents/Developer/Platforms/MacOSX.platform/Developer/SDKs/MacOSX26.1.sdk/usr/include/mach/kern_return.h
/Applications/Xcode.app/Contents/Developer/Platforms/MacOSX.platform/Developer/SDKs/MacOSX26.1.sdk/usr/include/mach/machine/kern_return.h
/Applications/Xcode.app/Contents/Developer/Platforms/MacOSX.platform/Developer/SDKs/MacOSX26.1.sdk/usr/include/mach/arm/kern_return.h
/Applications/Xcode.app/Contents/Developer/Platforms/MacOSX.platform/Developer/SDKs/MacOSX26.1.sdk/usr/include/mach/vm_types.h
/Applications/Xcode.app/Contents/Developer/Platforms/MacOSX.platform/Developer/SDKs/MacOSX26.1.sdk/usr/include/mach_debug/ipc_info.h
/Applications/Xcode.app/Contents/Developer/Platforms/MacOSX.platform/Developer/SDKs/MacOSX26.1.sdk/usr/include/mach/machine.h
/Applications/Xcode.app/Contents/Developer/Platforms/MacOSX.platform/Developer/SDKs/MacOSX26.1.sdk/usr/include/pthread/pthread_spis.h
/Applications/Xcode.app/Contents/Developer/Platforms/MacOSX.platform/Developer/SDKs/MacOSX26.1.sdk/usr/include/_modules/_darwin_posix_pthread_pthread.h
/Applications/Xcode.app/Contents/Developer/Platforms/MacOSX.platform/Developer/SDKs/MacOSX26.1.sdk/usr/include/_regex.h
/Applications/Xcode.app/Contents/Developer/Platforms/MacOSX.platform/Developer/SDKs/MacOSX26.1.sdk/usr/include/xlocale/_regex.h
/Applications/Xcode.app/Contents/Developer/Platforms/MacOSX.platform/Developer/SDKs/MacOSX26.1.sdk/usr/include/search.h
/Applications/Xcode.app/Contents/Developer/Platforms/MacOSX.platform/Developer/SDKs/MacOSX26.1.sdk/usr/include/semaphore.h
/Applications/Xcode.app/Contents/Developer/Platforms/MacOSX.platform/Developer/SDKs/MacOSX26.1.sdk/usr/include/sys/semaphore.h
/Applications/Xcode.app/Contents/Developer/Platforms/MacOSX.platform/Developer/SDKs/MacOSX26.1.sdk/usr/include/sys/posix_sem.h
/Applications/Xcode.app/Contents/Developer/Platforms/MacOSX.platform/Developer/SDKs/MacOSX26.1.sdk/usr/include/sys/proc.h
/Applications/Xcode.app/Contents/Developer/Platforms/MacOSX.platform/Developer/SDKs/MacOSX26.1.sdk/usr/include/sys/queue.h
/Applications/Xcode.app/Contents/Developer/Platforms/MacOSX.platform/Developer/SDKs/MacOSX26.1.sdk/usr/include/sys/lock.h
/Applications/Xcode.app/Contents/Developer/Platforms/MacOSX.platform/Developer/SDKs/MacOSX26.1.sdk/usr/include/sys/param.h
/Applications/Xcode.app/Contents/Developer/Platforms/MacOSX.platform/Developer/SDKs/MacOSX26.1.sdk/usr/include/machine/param.h
/Applications/Xcode.app/Contents/Developer/Platforms/MacOSX.platform/Developer/SDKs/MacOSX26.1.sdk/usr/include/arm/param.h
/Applications/Xcode.app/Contents/Developer/Platforms/MacOSX.platform/Developer/SDKs/MacOSX26.1.sdk/usr/include/sys/event.h
/Applications/Xcode.app/Contents/Developer/Platforms/MacOSX.platform/Developer/SDKs/MacOSX26.1.sdk/usr/include/strings.h
/Applications/Xcode.app/Contents/Developer/Platforms/MacOSX.platform/Developer/SDKs/MacOSX26.1.sdk/usr/include/sys/ipc.h
/Applications/Xcode.app/Contents/Developer/Platforms/MacOSX.platform/Developer/SDKs/MacOSX26.1.sdk/usr/include/sys/mman.h
/Applications/Xcode.app/Contents/Developer/Platforms/MacOSX.platform/Developer/SDKs/MacOSX26.1.sdk/usr/include/sys/msg.h
/Applications/Xcode.app/Contents/Developer/Platforms/MacOSX.platform/Developer/SDKs/MacOSX26.1.sdk/usr/include/sys/sem.h
/Applications/Xcode.app/Contents/Developer/Platforms/MacOSX.platform/Developer/SDKs/MacOSX26.1.sdk/usr/include/sys/shm.h
/Applications/Xcode.app/Contents/Developer/Platforms/MacOSX.platform/Developer/SDKs/MacOSX26.1.sdk/usr/include/sys/posix_shm.h
/Applications/Xcode.app/Contents/Developer/Platforms/MacOSX.platform/Developer/SDKs/MacOSX26.1.sdk/usr/include/sys/statvfs.h
/Applications/Xcode.app/Contents/Developer/Platforms/MacOSX.platform/Developer/SDKs/MacOSX26.1.sdk/usr/include/sys/times.h
/Applications/Xcode.app/Contents/Developer/Platforms/MacOSX.platform/Developer/SDKs/MacOSX26.1.sdk/usr/include/sys/_types/_fsid_t.h
/Applications/Xcode.app/Contents/Developer/Platforms/MacOSX.platform/Developer/SDKs/MacOSX26.1.sdk/usr/include/sys/_types/_fsobj_id_t.h
/Applications/Xcode.app/Contents/Developer/Platforms/MacOSX.platform/Developer/SDKs/MacOSX26.1.sdk/usr/include/sys/_types/_graftdmg_un.h
/Applications/Xcode.app/Contents/Developer/Platforms/MacOSX.platform/Developer/SDKs/MacOSX26.1.sdk/usr/include/sys/_types/_guid_t.h
/Applications/Xcode.app/Contents/Developer/Platforms/MacOSX.platform/Developer/SDKs/MacOSX26.1.sdk/usr/include/sys/_types/_mount_t.h
/Applications/Xcode.app/Contents/Developer/Platforms/MacOSX.platform/Developer/SDKs/MacOSX26.1.sdk/usr/include/sys/_types/_os_inline.h
/Applications/Xcode.app/Contents/Developer/Platforms/MacOSX.platform/Developer/SDKs/MacOSX26.1.sdk/usr/include/sys/_types/_ucontext64.h
/Applications/Xcode.app/Contents/Developer/Platforms/MacOSX.platform/Developer/SDKs/MacOSX26.1.sdk/usr/include/sys/_types/_vnode_t.h
/Applications/Xcode.app/Contents/Developer/Platforms/MacOSX.platform/Developer/SDKs/MacOSX26.1.sdk/usr/include/sys/uio.h
/Applications/Xcode.app/Contents/Developer/Platforms/MacOSX.platform/Developer/SDKs/MacOSX26.1.sdk/usr/include/sys/un.h
/Applications/Xcode.app/Contents/Developer/Platforms/MacOSX.platform/Developer/SDKs/MacOSX26.1.sdk/usr/include/sys/utsname.h
/Applications/Xcode.app/Contents/Developer/Platforms/MacOSX.platform/Developer/SDKs/MacOSX26.1.sdk/usr/include/sys/vsock.h
/Applications/Xcode.app/Contents/Developer/Platforms/MacOSX.platform/Developer/SDKs/MacOSX26.1.sdk/usr/include/sys/ucred.h
/Applications/Xcode.app/Contents/Developer/Platforms/MacOSX.platform/Developer/SDKs/MacOSX26.1.sdk/usr/include/bsm/audit.h
/Applications/Xcode.app/Contents/Developer/Platforms/MacOSX.platform/Developer/SDKs/MacOSX26.1.sdk/usr/include/sys/socketvar.h
/Applications/Xcode.app/Contents/Developer/Platforms/MacOSX.platform/Developer/SDKs/MacOSX26.1.sdk/usr/include/sys/xattr.h
/Applications/Xcode.app/Contents/Developer/Platforms/MacOSX.platform/Developer/SDKs/MacOSX26.1.sdk/usr/include/_modules/_darwin_posix_sys_resource.h
/Applications/Xcode.app/Contents/Developer/Platforms/MacOSX.platform/Developer/SDKs/MacOSX26.1.sdk/usr/include/_modules/_darwin_posix_sys_select.h
/Applications/Xcode.app/Contents/Developer/Platforms/MacOSX.platform/Developer/SDKs/MacOSX26.1.sdk/usr/include/_modules/_darwin_posix_sys_wait.h
/Applications/Xcode.app/Contents/Developer/Platforms/MacOSX.platform/Developer/SDKs/MacOSX26.1.sdk/usr/include/syslog.h
/Applications/Xcode.app/Contents/Developer/Platforms/MacOSX.platform/Developer/SDKs/MacOSX26.1.sdk/usr/include/sys/syslog.h
/Applications/Xcode.app/Contents/Developer/Platforms/MacOSX.platform/Developer/SDKs/MacOSX26.1.sdk/usr/include/tar.h
/Applications/Xcode.app/Contents/Developer/Platforms/MacOSX.platform/Developer/SDKs/MacOSX26.1.sdk/usr/include/ulimit.h
/Applications/Xcode.app/Contents/Developer/Platforms/MacOSX.platform/Developer/SDKs/MacOSX26.1.sdk/usr/include/utime.h
/Applications/Xcode.app/Contents/Developer/Platforms/MacOSX.platform/Developer/SDKs/MacOSX26.1.sdk/usr/include/utmpx.h
/Applications/Xcode.app/Contents/Developer/Platforms/MacOSX.platform/Developer/SDKs/MacOSX26.1.sdk/usr/include/wordexp.h
/Applications/Xcode.app/Contents/Developer/Platforms/MacOSX.platform/Developer/SDKs/MacOSX26.1.sdk/usr/include/_modules/_darwin_posix_nl_types.h
/Applications/Xcode.app/Contents/Developer/Platforms/MacOSX.platform/Developer/SDKs/MacOSX26.1.sdk/usr/include/_modules/_darwin_posix_sched.h
/Applications/Xcode.app/Contents/Developer/Platforms/MacOSX.platform/Developer/SDKs/MacOSX26.1.sdk/usr/include/_modules/_darwin_posix_unistd.h
/Applications/Xcode.app/Contents/Developer/Platforms/MacOSX.platform/Developer/SDKs/MacOSX26.1.sdk/usr/include/net/bpf.h
/Applications/Xcode.app/Contents/Developer/Platforms/MacOSX.platform/Developer/SDKs/MacOSX26.1.sdk/usr/include/net/dlil.h
/Applications/Xcode.app/Contents/Developer/Platforms/MacOSX.platform/Developer/SDKs/MacOSX26.1.sdk/usr/include/net/ethernet.h
/Applications/Xcode.app/Contents/Developer/Platforms/MacOSX.platform/Developer/SDKs/MacOSX26.1.sdk/usr/include/net/if_arp.h
/Applications/Xcode.app/Contents/Developer/Platforms/MacOSX.platform/Developer/SDKs/MacOSX26.1.sdk/usr/include/net/if_llc.h
/Applications/Xcode.app/Contents/Developer/Platforms/MacOSX.platform/Developer/SDKs/MacOSX26.1.sdk/usr/include/net/if_media.h
/Applications/Xcode.app/Contents/Developer/Platforms/MacOSX.platform/Developer/SDKs/MacOSX26.1.sdk/usr/include/net/if_mib.h
/Applications/Xcode.app/Contents/Developer/Platforms/MacOSX.platform/Developer/SDKs/MacOSX26.1.sdk/usr/include/net/if_utun.h
/Applications/Xcode.app/Contents/Developer/Platforms/MacOSX.platform/Developer/SDKs/MacOSX26.1.sdk/usr/include/net/if_var_status.h
/Applications/Xcode.app/Contents/Developer/Platforms/MacOSX.platform/Developer/SDKs/MacOSX26.1.sdk/usr/include/net/kext_net.h
/Applications/Xcode.app/Contents/Developer/Platforms/MacOSX.platform/Developer/SDKs/MacOSX26.1.sdk/usr/include/net/ndrv.h
/Applications/Xcode.app/Contents/Developer/Platforms/MacOSX.platform/Developer/SDKs/MacOSX26.1.sdk/usr/include/net/pfkeyv2.h
/Applications/Xcode.app/Contents/Developer/Platforms/MacOSX.platform/Developer/SDKs/MacOSX26.1.sdk/usr/include/net/route.h
/Applications/Xcode.app/Contents/Developer/Platforms/MacOSX.platform/Developer/SDKs/MacOSX26.1.sdk/usr/include/netinet/bootp.h
/Applications/Xcode.app/Contents/Developer/Platforms/MacOSX.platform/Developer/SDKs/MacOSX26.1.sdk/usr/include/netinet/ip.h
/Applications/Xcode.app/Contents/Developer/Platforms/MacOSX.platform/Developer/SDKs/MacOSX26.1.sdk/usr/include/netinet/in_systm.h
/Applications/Xcode.app/Contents/Developer/Platforms/MacOSX.platform/Developer/SDKs/MacOSX26.1.sdk/usr/include/netinet/udp.h
/Applications/Xcode.app/Contents/Developer/Platforms/MacOSX.platform/Developer/SDKs/MacOSX26.1.sdk/usr/include/netinet/icmp6.h
/Applications/Xcode.app/Contents/Developer/Platforms/MacOSX.platform/Developer/SDKs/MacOSX26.1.sdk/usr/include/netinet/icmp_var.h
/Applications/Xcode.app/Contents/Developer/Platforms/MacOSX.platform/Developer/SDKs/MacOSX26.1.sdk/usr/include/netinet/ip_icmp.h
/Applications/Xcode.app/Contents/Developer/Platforms/MacOSX.platform/Developer/SDKs/MacOSX26.1.sdk/usr/include/netinet/if_ether.h
/Applications/Xcode.app/Contents/Developer/Platforms/MacOSX.platform/Developer/SDKs/MacOSX26.1.sdk/usr/include/netinet/igmp.h
/Applications/Xcode.app/Contents/Developer/Platforms/MacOSX.platform/Developer/SDKs/MacOSX26.1.sdk/usr/include/netinet/igmp_var.h
/Applications/Xcode.app/Contents/Developer/Platforms/MacOSX.platform/Developer/SDKs/MacOSX26.1.sdk/usr/include/netinet/in_pcb.h
/Applications/Xcode.app/Contents/Developer/Platforms/MacOSX.platform/Developer/SDKs/MacOSX26.1.sdk/usr/include/netinet/in_var.h
/Applications/Xcode.app/Contents/Developer/Platforms/MacOSX.platform/Developer/SDKs/MacOSX26.1.sdk/usr/include/sys/protosw.h
/Applications/Xcode.app/Contents/Developer/Platforms/MacOSX.platform/Developer/SDKs/MacOSX26.1.sdk/usr/include/sys/kern_event.h
/Applications/Xcode.app/Contents/Developer/Platforms/MacOSX.platform/Developer/SDKs/MacOSX26.1.sdk/usr/include/sys/sys_domain.h
/Applications/Xcode.app/Contents/Developer/Platforms/MacOSX.platform/Developer/SDKs/MacOSX26.1.sdk/usr/include/netinet6/in6_var.h
/Applications/Xcode.app/Contents/Developer/Platforms/MacOSX.platform/Developer/SDKs/MacOSX26.1.sdk/usr/include/netinet6/scope6_var.h
/Applications/Xcode.app/Contents/Developer/Platforms/MacOSX.platform/Developer/SDKs/MacOSX26.1.sdk/usr/include/netinet/ip6.h
/Applications/Xcode.app/Contents/Developer/Platforms/MacOSX.platform/Developer/SDKs/MacOSX26.1.sdk/usr/include/netinet/ip_var.h
/Applications/Xcode.app/Contents/Developer/Platforms/MacOSX.platform/Developer/SDKs/MacOSX26.1.sdk/usr/include/netinet/tcp_fsm.h
/Applications/Xcode.app/Contents/Developer/Platforms/MacOSX.platform/Developer/SDKs/MacOSX26.1.sdk/usr/include/netinet/tcp_seq.h
/Applications/Xcode.app/Contents/Developer/Platforms/MacOSX.platform/Developer/SDKs/MacOSX26.1.sdk/usr/include/netinet/tcp_timer.h
/Applications/Xcode.app/Contents/Developer/Platforms/MacOSX.platform/Developer/SDKs/MacOSX26.1.sdk/usr/include/netinet/tcp_var.h
/Applications/Xcode.app/Contents/Developer/Platforms/MacOSX.platform/Developer/SDKs/MacOSX26.1.sdk/usr/include/netinet/tcpip.h
/Applications/Xcode.app/Contents/Developer/Platforms/MacOSX.platform/Developer/SDKs/MacOSX26.1.sdk/usr/include/netinet/udp_var.h
/Applications/Xcode.app/Contents/Developer/Platforms/MacOSX.platform/Developer/SDKs/MacOSX26.1.sdk/usr/include/sys/sysctl.h
/Applications/Xcode.app/Contents/Developer/Platforms/MacOSX.platform/Developer/SDKs/MacOSX26.1.sdk/usr/include/sys/vm.h
/Applications/Xcode.app/Contents/Developer/Platforms/MacOSX.platform/Developer/SDKs/MacOSX26.1.sdk/usr/include/ar.h
/Applications/Xcode.app/Contents/Developer/Platforms/MacOSX.platform/Developer/SDKs/MacOSX26.1.sdk/usr/include/bank/bank_types.h
/Applications/Xcode.app/Contents/Developer/Platforms/MacOSX.platform/Developer/SDKs/MacOSX26.1.sdk/usr/include/os/base.h
/Applications/Xcode.app/Contents/Developer/Platforms/MacOSX.platform/Developer/SDKs/MacOSX26.1.sdk/usr/include/mach/mach_types.h
/Applications/Xcode.app/Contents/Developer/Platforms/MacOSX.platform/Developer/SDKs/MacOSX26.1.sdk/usr/include/mach/host_info.h
/Applications/Xcode.app/Contents/Developer/Platforms/MacOSX.platform/Developer/SDKs/MacOSX26.1.sdk/usr/include/mach/vm_statistics.h
/Applications/Xcode.app/Contents/Developer/Platforms/MacOSX.platform/Developer/SDKs/MacOSX26.1.sdk/usr/include/mach/time_value.h
/Applications/Xcode.app/Contents/Developer/Platforms/MacOSX.platform/Developer/SDKs/MacOSX26.1.sdk/usr/include/mach/host_notify.h
/Applications/Xcode.app/Contents/Developer/Platforms/MacOSX.platform/Developer/SDKs/MacOSX26.1.sdk/usr/include/mach/host_special_ports.h
/Applications/Xcode.app/Contents/Developer/Platforms/MacOSX.platform/Developer/SDKs/MacOSX26.1.sdk/usr/include/mach/memory_object_types.h
/Applications/Xcode.app/Contents/Developer/Platforms/MacOSX.platform/Developer/SDKs/MacOSX26.1.sdk/usr/include/mach/vm_prot.h
/Applications/Xcode.app/Contents/Developer/Platforms/MacOSX.platform/Developer/SDKs/MacOSX26.1.sdk/usr/include/mach/vm_sync.h
/Applications/Xcode.app/Contents/Developer/Platforms/MacOSX.platform/Developer/SDKs/MacOSX26.1.sdk/usr/include/mach/mach_voucher_types.h
/Applications/Xcode.app/Contents/Developer/Platforms/MacOSX.platform/Developer/SDKs/MacOSX26.1.sdk/usr/include/mach/std_types.h
/Applications/Xcode.app/Contents/Developer/Platforms/MacOSX.platform/Developer/SDKs/MacOSX26.1.sdk/usr/include/mach/processor_info.h
/Applications/Xcode.app/Contents/Developer/Platforms/MacOSX.platform/Developer/SDKs/MacOSX26.1.sdk/usr/include/mach/machine/processor_info.h
/Applications/Xcode.app/Contents/Developer/Platforms/MacOSX.platform/Developer/SDKs/MacOSX26.1.sdk/usr/include/mach/arm/processor_info.h
/Applications/Xcode.app/Contents/Developer/Platforms/MacOSX.platform/Developer/SDKs/MacOSX26.1.sdk/usr/include/mach/task_info.h
/Applications/Xcode.app/Contents/Developer/Platforms/MacOSX.platform/Developer/SDKs/MacOSX26.1.sdk/usr/include/mach/policy.h
/Applications/Xcode.app/Contents/Developer/Platforms/MacOSX.platform/Developer/SDKs/MacOSX26.1.sdk/usr/include/mach/task_inspect.h
/Applications/Xcode.app/Contents/Developer/Platforms/MacOSX.platform/Developer/SDKs/MacOSX26.1.sdk/usr/include/mach/task_policy.h
/Applications/Xcode.app/Contents/Developer/Platforms/MacOSX.platform/Developer/SDKs/MacOSX26.1.sdk/usr/include/mach/task_special_ports.h
/Applications/Xcode.app/Contents/Developer/Platforms/MacOSX.platform/Developer/SDKs/MacOSX26.1.sdk/usr/include/mach/thread_info.h
/Applications/Xcode.app/Contents/Developer/Platforms/MacOSX.platform/Developer/SDKs/MacOSX26.1.sdk/usr/include/mach/thread_policy.h
/Applications/Xcode.app/Contents/Developer/Platforms/MacOSX.platform/Developer/SDKs/MacOSX26.1.sdk/usr/include/mach/thread_special_ports.h
/Applications/Xcode.app/Contents/Developer/Platforms/MacOSX.platform/Developer/SDKs/MacOSX26.1.sdk/usr/include/mach/clock_types.h
/Applications/Xcode.app/Contents/Developer/Platforms/MacOSX.platform/Developer/SDKs/MacOSX26.1.sdk/usr/include/mach/vm_attributes.h
/Applications/Xcode.app/Contents/Developer/Platforms/MacOSX.platform/Developer/SDKs/MacOSX26.1.sdk/usr/include/mach/vm_inherit.h
/Applications/Xcode.app/Contents/Developer/Platforms/MacOSX.platform/Developer/SDKs/MacOSX26.1.sdk/usr/include/mach/vm_purgable.h
/Applications/Xcode.app/Contents/Developer/Platforms/MacOSX.platform/Developer/SDKs/MacOSX26.1.sdk/usr/include/mach/vm_behavior.h
/Applications/Xcode.app/Contents/Developer/Platforms/MacOSX.platform/Developer/SDKs/MacOSX26.1.sdk/usr/include/mach/vm_region.h
/Applications/Xcode.app/Contents/Developer/Platforms/MacOSX.platform/Developer/SDKs/MacOSX26.1.sdk/usr/include/mach/machine/vm_param.h
/Applications/Xcode.app/Contents/Developer/Platforms/MacOSX.platform/Developer/SDKs/MacOSX26.1.sdk/usr/include/mach/arm/vm_param.h
/Applications/Xcode.app/Contents/Developer/Platforms/MacOSX.platform/Developer/SDKs/MacOSX26.1.sdk/usr/include/mach/vm_page_size.h
/Applications/Xcode.app/Contents/Developer/Platforms/MacOSX.platform/Developer/SDKs/MacOSX26.1.sdk/usr/include/mach/kmod.h
/Applications/Xcode.app/Contents/Developer/Platforms/MacOSX.platform/Developer/SDKs/MacOSX26.1.sdk/usr/include/mach/dyld_kernel.h
/Applications/Xcode.app/Contents/Developer/Platforms/MacOSX.platform/Developer/SDKs/MacOSX26.1.sdk/usr/include/ConditionalMacros.h
/Applications/Xcode.app/Contents/Developer/Platforms/MacOSX.platform/Developer/SDKs/MacOSX26.1.sdk/usr/include/crt_externs.h
/Applications/Xcode.app/Contents/Developer/Platforms/MacOSX.platform/Developer/SDKs/MacOSX26.1.sdk/usr/include/fts.h
/Applications/Xcode.app/Contents/Developer/Platforms/MacOSX.platform/Developer/SDKs/MacOSX26.1.sdk/usr/include/getopt.h
/Applications/Xcode.app/Contents/Developer/Platforms/MacOSX.platform/Developer/SDKs/MacOSX26.1.sdk/usr/include/AssertMacros.h
/Applications/Xcode.app/Contents/Developer/Platforms/MacOSX.platform/Developer/SDKs/MacOSX26.1.sdk/usr/include/MacTypes.h
/Applications/Xcode.app/Contents/Developer/Platforms/MacOSX.platform/Developer/SDKs/MacOSX26.1.sdk/usr/include/mach/mach.h
/Applications/Xcode.app/Contents/Developer/Platforms/MacOSX.platform/Developer/SDKs/MacOSX26.1.sdk/usr/include/mach/mach_interface.h
/Applications/Xcode.app/Contents/Developer/Platforms/MacOSX.platform/Developer/SDKs/MacOSX26.1.sdk/usr/include/mach/clock_priv.h
/Applications/Xcode.app/Contents/Developer/Platforms/MacOSX.platform/Developer/SDKs/MacOSX26.1.sdk/usr/include/mach/ndr.h
/Applications/Xcode.app/Contents/Developer/Platforms/MacOSX.platform/Developer/SDKs/MacOSX26.1.sdk/usr/include/libkern/OSByteOrder.h
/Applications/Xcode.app/Contents/Developer/Platforms/MacOSX.platform/Developer/SDKs/MacOSX26.1.sdk/usr/include/libkern/arm/OSByteOrder.h
/Applications/Xcode.app/Contents/Developer/Platforms/MacOSX.platform/Developer/SDKs/MacOSX26.1.sdk/usr/include/arm/arch.h
/Applications/Xcode.app/Contents/Developer/Platforms/MacOSX.platform/Developer/SDKs/MacOSX26.1.sdk/usr/include/mach/notify.h
/Applications/Xcode.app/Contents/Developer/Platforms/MacOSX.platform/Developer/SDKs/MacOSX26.1.sdk/usr/include/mach/mig_errors.h
/Applications/Xcode.app/Contents/Developer/Platforms/MacOSX.platform/Developer/SDKs/MacOSX26.1.sdk/usr/include/mach/mig.h
/Applications/Xcode.app/Contents/Developer/Platforms/MacOSX.platform/Developer/SDKs/MacOSX26.1.sdk/usr/include/mach/host_priv.h
/Applications/Xcode.app/Contents/Developer/Platforms/MacOSX.platform/Developer/SDKs/MacOSX26.1.sdk/usr/include/mach_debug/mach_debug_types.h
/Applications/Xcode.app/Contents/Developer/Platforms/MacOSX.platform/Developer/SDKs/MacOSX26.1.sdk/usr/include/mach_debug/vm_info.h
/Applications/Xcode.app/Contents/Developer/Platforms/MacOSX.platform/Developer/SDKs/MacOSX26.1.sdk/usr/include/mach_debug/zone_info.h
/Applications/Xcode.app/Contents/Developer/Platforms/MacOSX.platform/Developer/SDKs/MacOSX26.1.sdk/usr/include/mach_debug/page_info.h
/Applications/Xcode.app/Contents/Developer/Platforms/MacOSX.platform/Developer/SDKs/MacOSX26.1.sdk/usr/include/mach_debug/hash_info.h
/Applications/Xcode.app/Contents/Developer/Platforms/MacOSX.platform/Developer/SDKs/MacOSX26.1.sdk/usr/include/mach_debug/lockgroup_info.h
/Applications/Xcode.app/Contents/Developer/Platforms/MacOSX.platform/Developer/SDKs/MacOSX26.1.sdk/usr/include/mach/host_security.h
/Applications/Xcode.app/Contents/Developer/Platforms/MacOSX.platform/Developer/SDKs/MacOSX26.1.sdk/usr/include/mach/processor.h
/Applications/Xcode.app/Contents/Developer/Platforms/MacOSX.platform/Developer/SDKs/MacOSX26.1.sdk/usr/include/mach/processor_set.h
/Applications/Xcode.app/Contents/Developer/Platforms/MacOSX.platform/Developer/SDKs/MacOSX26.1.sdk/usr/include/mach/semaphore.h
/Applications/Xcode.app/Contents/Developer/Platforms/MacOSX.platform/Developer/SDKs/MacOSX26.1.sdk/usr/include/mach/sync_policy.h
/Applications/Xcode.app/Contents/Developer/Platforms/MacOSX.platform/Developer/SDKs/MacOSX26.1.sdk/usr/include/mach/task.h
/Applications/Xcode.app/Contents/Developer/Platforms/MacOSX.platform/Developer/SDKs/MacOSX26.1.sdk/usr/include/mach/thread_act.h
/Applications/Xcode.app/Contents/Developer/Platforms/MacOSX.platform/Developer/SDKs/MacOSX26.1.sdk/usr/include/mach/vm_map.h
/Applications/Xcode.app/Contents/Developer/Platforms/MacOSX.platform/Developer/SDKs/MacOSX26.1.sdk/usr/include/mach/mach_port.h
/Applications/Xcode.app/Contents/Developer/Platforms/MacOSX.platform/Developer/SDKs/MacOSX26.1.sdk/usr/include/mach/mach_init.h
/Applications/Xcode.app/Contents/Developer/Platforms/MacOSX.platform/Developer/SDKs/MacOSX26.1.sdk/usr/include/mach/mach_traps.h
/Applications/Xcode.app/Contents/Developer/Platforms/MacOSX.platform/Developer/SDKs/MacOSX26.1.sdk/usr/include/mach/error.h
/Applications/Xcode.app/Contents/Developer/Platforms/MacOSX.platform/Developer/SDKs/MacOSX26.1.sdk/usr/include/mach/mach_host.h
/Applications/Xcode.app/Contents/Developer/Platforms/MacOSX.platform/Developer/SDKs/MacOSX26.1.sdk/usr/include/mach/thread_switch.h
/Applications/Xcode.app/Contents/Developer/Platforms/MacOSX.platform/Developer/SDKs/MacOSX26.1.sdk/usr/include/mach/rpc.h
/Applications/Xcode.app/Contents/Developer/Platforms/MacOSX.platform/Developer/SDKs/MacOSX26.1.sdk/usr/include/mach/machine/rpc.h
/Applications/Xcode.app/Contents/Developer/Platforms/MacOSX.platform/Developer/SDKs/MacOSX26.1.sdk/usr/include/mach/arm/rpc.h
/Applications/Xcode.app/Contents/Developer/Platforms/MacOSX.platform/Developer/SDKs/MacOSX26.1.sdk/usr/include/mach/mach_error.h
/Applications/Xcode.app/Contents/Developer/Platforms/MacOSX.platform/Developer/SDKs/MacOSX26.1.sdk/usr/include/mach/audit_triggers_types.h
/Applications/Xcode.app/Contents/Developer/Platforms/MacOSX.platform/Developer/SDKs/MacOSX26.1.sdk/usr/include/mach/bootstrap.h
/Applications/Xcode.app/Contents/Developer/Platforms/MacOSX.platform/Developer/SDKs/MacOSX26.1.sdk/usr/include/mach/clock.h
/Applications/Xcode.app/Contents/Developer/Platforms/MacOSX.platform/Developer/SDKs/MacOSX26.1.sdk/usr/include/mach/clock_reply.h
/Applications/Xcode.app/Contents/Developer/Platforms/MacOSX.platform/Developer/SDKs/MacOSX26.1.sdk/usr/include/mach/exc.h
/Applications/Xcode.app/Contents/Developer/Platforms/MacOSX.platform/Developer/SDKs/MacOSX26.1.sdk/usr/include/mach/exception.h
/Applications/Xcode.app/Contents/Developer/Platforms/MacOSX.platform/Developer/SDKs/MacOSX26.1.sdk/usr/include/mach/host_reboot.h
/Applications/Xcode.app/Contents/Developer/Platforms/MacOSX.platform/Developer/SDKs/MacOSX26.1.sdk/usr/include/arm64/hv/hv_kern_types.h
/Applications/Xcode.app/Contents/Developer/Platforms/MacOSX.platform/Developer/SDKs/MacOSX26.1.sdk/usr/include/mach/mach_param.h
/Applications/Xcode.app/Contents/Developer/Platforms/MacOSX.platform/Developer/SDKs/MacOSX26.1.sdk/usr/include/mach/mach_right.h
/Applications/Xcode.app/Contents/Developer/Platforms/MacOSX.platform/Developer/SDKs/MacOSX26.1.sdk/usr/include/mach/mach_syscalls.h
/Applications/Xcode.app/Contents/Developer/Platforms/MacOSX.platform/Developer/SDKs/MacOSX26.1.sdk/usr/include/mach/mach_time.h
/Applications/Xcode.app/Contents/Developer/Platforms/MacOSX.platform/Developer/SDKs/MacOSX26.1.sdk/usr/include/mach/mach_vm.h
/Applications/Xcode.app/Contents/Developer/Platforms/MacOSX.platform/Developer/SDKs/MacOSX26.1.sdk/usr/include/mach/mach_voucher.h
/Applications/Xcode.app/Contents/Developer/Platforms/MacOSX.platform/Developer/SDKs/MacOSX26.1.sdk/usr/include/mach/memory_entry.h
/Applications/Xcode.app/Contents/Developer/Platforms/MacOSX.platform/Developer/SDKs/MacOSX26.1.sdk/usr/include/mach/mig_strncpy_zerofill_support.h
/Applications/Xcode.app/Contents/Developer/Platforms/MacOSX.platform/Developer/SDKs/MacOSX26.1.sdk/usr/include/mach/mig_voucher_support.h
/Applications/Xcode.app/Contents/Developer/Platforms/MacOSX.platform/Developer/SDKs/MacOSX26.1.sdk/usr/include/mach/port_obj.h
/Applications/Xcode.app/Contents/Developer/Platforms/MacOSX.platform/Developer/SDKs/MacOSX26.1.sdk/usr/include/mach/sdt.h
/Applications/Xcode.app/Contents/Developer/Platforms/MacOSX.platform/Developer/SDKs/MacOSX26.1.sdk/usr/include/mach/machine/sdt.h
/Applications/Xcode.app/Contents/Developer/Platforms/MacOSX.platform/Developer/SDKs/MacOSX26.1.sdk/usr/include/sys/sdt.h
/Applications/Xcode.app/Contents/Developer/Platforms/MacOSX.platform/Developer/SDKs/MacOSX26.1.sdk/usr/include/mach/shared_region.h
/Applications/Xcode.app/Contents/Developer/Platforms/MacOSX.platform/Developer/SDKs/MacOSX26.1.sdk/usr/include/mach/sync.h
/Applications/Xcode.app/Contents/Developer/Platforms/MacOSX.platform/Developer/SDKs/MacOSX26.1.sdk/usr/include/mach/thread_state.h
/Applications/Xcode.app/Contents/Developer/Platforms/MacOSX.platform/Developer/SDKs/MacOSX26.1.sdk/usr/include/mach/vm_param.h
/Applications/Xcode.app/Contents/Developer/Platforms/MacOSX.platform/Developer/SDKs/MacOSX26.1.sdk/usr/include/mach/vm_task.h
/Applications/Xcode.app/Contents/Developer/Platforms/MacOSX.platform/Developer/SDKs/MacOSX26.1.sdk/usr/include/mach/machine/asm.h
/Applications/Xcode.app/Contents/Developer/Platforms/MacOSX.platform/Developer/SDKs/MacOSX26.1.sdk/usr/include/mach/arm64/asm.h
/Applications/Xcode.app/Contents/Developer/Platforms/MacOSX.platform/Developer/SDKs/MacOSX26.1.sdk/usr/include/mach/i386/asm.h
/Applications/Xcode.app/Contents/Developer/Platforms/MacOSX.platform/Developer/SDKs/MacOSX26.1.sdk/usr/include/mach/arm/asm.h
/Applications/Xcode.app/Contents/Developer/Platforms/MacOSX.platform/Developer/SDKs/MacOSX26.1.sdk/usr/include/mach/i386/boolean.h
/Applications/Xcode.app/Contents/Developer/Platforms/MacOSX.platform/Developer/SDKs/MacOSX26.1.sdk/usr/include/mach/i386/exception.h
/Applications/Xcode.app/Contents/Developer/Platforms/MacOSX.platform/Developer/SDKs/MacOSX26.1.sdk/usr/include/mach/i386/fp_reg.h
/Applications/Xcode.app/Contents/Developer/Platforms/MacOSX.platform/Developer/SDKs/MacOSX26.1.sdk/usr/include/mach/i386/kern_return.h
/Applications/Xcode.app/Contents/Developer/Platforms/MacOSX.platform/Developer/SDKs/MacOSX26.1.sdk/usr/include/mach/machine/ndr_def.h
/Applications/Xcode.app/Contents/Developer/Platforms/MacOSX.platform/Developer/SDKs/MacOSX26.1.sdk/usr/include/mach/arm/ndr_def.h
/Applications/Xcode.app/Contents/Developer/Platforms/MacOSX.platform/Developer/SDKs/MacOSX26.1.sdk/usr/include/mach/i386/processor_info.h
/Applications/Xcode.app/Contents/Developer/Platforms/MacOSX.platform/Developer/SDKs/MacOSX26.1.sdk/usr/include/mach/i386/rpc.h
/Applications/Xcode.app/Contents/Developer/Platforms/MacOSX.platform/Developer/SDKs/MacOSX26.1.sdk/usr/include/mach/machine/sdt_isa.h
/Applications/Xcode.app/Contents/Developer/Platforms/MacOSX.platform/Developer/SDKs/MacOSX26.1.sdk/usr/include/mach/arm/sdt_isa.h
/Applications/Xcode.app/Contents/Developer/Platforms/MacOSX.platform/Developer/SDKs/MacOSX26.1.sdk/usr/include/mach/i386/sdt_isa.h
/Applications/Xcode.app/Contents/Developer/Platforms/MacOSX.platform/Developer/SDKs/MacOSX26.1.sdk/usr/include/mach/i386/thread_state.h
/Applications/Xcode.app/Contents/Developer/Platforms/MacOSX.platform/Developer/SDKs/MacOSX26.1.sdk/usr/include/mach/i386/thread_status.h
/Applications/Xcode.app/Contents/Developer/Platforms/MacOSX.platform/Developer/SDKs/MacOSX26.1.sdk/usr/include/mach/arm/traps.h
/Applications/Xcode.app/Contents/Developer/Platforms/MacOSX.platform/Developer/SDKs/MacOSX26.1.sdk/usr/include/mach/i386/vm_param.h
/Applications/Xcode.app/Contents/Developer/Platforms/MacOSX.platform/Developer/SDKs/MacOSX26.1.sdk/usr/include/mach/i386/vm_types.h
/Applications/Xcode.app/Contents/Developer/Platforms/MacOSX.platform/Developer/SDKs/MacOSX26.1.sdk/usr/include/mach_debug/mach_debug.h
/Applications/Xcode.app/Contents/Developer/Platforms/MacOSX.platform/Developer/SDKs/MacOSX26.1.sdk/usr/include/device/device_types.h
/Applications/Xcode.app/Contents/Developer/Platforms/MacOSX.platform/Developer/SDKs/MacOSX26.1.sdk/usr/include/device/device_port.h
/Applications/Xcode.app/Contents/Developer/Platforms/MacOSX.platform/Developer/SDKs/MacOSX26.1.sdk/usr/include/libkern/OSAtomic.h
/Applications/Xcode.app/Contents/Developer/Platforms/MacOSX.platform/Developer/SDKs/MacOSX26.1.sdk/usr/include/libkern/OSAtomicDeprecated.h
/Applications/Xcode.app/Contents/Developer/Platforms/MacOSX.platform/Developer/SDKs/MacOSX26.1.sdk/usr/include/libkern/OSSpinLockDeprecated.h
/Applications/Xcode.app/Contents/Developer/Platforms/MacOSX.platform/Developer/SDKs/MacOSX26.1.sdk/usr/include/libkern/OSAtomicQueue.h
/Applications/Xcode.app/Contents/Developer/Platforms/MacOSX.platform/Developer/SDKs/MacOSX26.1.sdk/usr/include/libkern/machine/OSByteOrder.h
/Applications/Xcode.app/Contents/Developer/Platforms/MacOSX.platform/Developer/SDKs/MacOSX26.1.sdk/usr/include/libkern/i386/OSByteOrder.h
/Applications/Xcode.app/Contents/Developer/Platforms/MacOSX.platform/Developer/SDKs/MacOSX26.1.sdk/usr/include/libproc.h
/Applications/Xcode.app/Contents/Developer/Platforms/MacOSX.platform/Developer/SDKs/MacOSX26.1.sdk/usr/include/sys/mount.h
/Applications/Xcode.app/Contents/Developer/Platforms/MacOSX.platform/Developer/SDKs/MacOSX26.1.sdk/usr/include/sys/attr.h
/Applications/Xcode.app/Contents/Developer/Platforms/MacOSX.platform/Developer/SDKs/MacOSX26.1.sdk/usr/include/sys/proc_info.h
/Applications/Xcode.app/Contents/Developer/Platforms/MacOSX.platform/Developer/SDKs/MacOSX26.1.sdk/usr/include/sys/kern_control.h
/Applications/Xcode.app/Contents/Developer/Platforms/MacOSX.platform/Developer/SDKs/MacOSX26.1.sdk/usr/include/os/clock.h
/Applications/Xcode.app/Contents/Developer/Platforms/MacOSX.platform/Developer/SDKs/MacOSX26.1.sdk/usr/include/os/lock.h
/Applications/Xcode.app/Contents/Developer/Platforms/MacOSX.platform/Developer/SDKs/MacOSX26.1.sdk/usr/include/os/proc.h
/Applications/Xcode.app/Contents/Developer/Platforms/MacOSX.platform/Developer/SDKs/MacOSX26.1.sdk/usr/include/malloc/malloc.h
/Applications/Xcode.app/Contents/Developer/Platforms/MacOSX.platform/Developer/SDKs/MacOSX26.1.sdk/usr/include/malloc/_platform.h
/Applications/Xcode.app/Contents/Developer/Platforms/MacOSX.platform/Developer/SDKs/MacOSX26.1.sdk/usr/include/sys/malloc.h
/Applications/Xcode.app/Contents/Developer/Platforms/MacOSX.platform/Developer/SDKs/MacOSX26.1.sdk/usr/include/i386/_param.h
/Applications/Xcode.app/Contents/Developer/Platforms/MacOSX.platform/Developer/SDKs/MacOSX26.1.sdk/usr/include/machine/byte_order.h
/Applications/Xcode.app/Contents/Developer/Platforms/MacOSX.platform/Developer/SDKs/MacOSX26.1.sdk/usr/include/architecture/byte_order.h
/Applications/Xcode.app/Contents/Developer/Platforms/MacOSX.platform/Developer/SDKs/MacOSX26.1.sdk/usr/include/i386/eflags.h
/Applications/Xcode.app/Contents/Developer/Platforms/MacOSX.platform/Developer/SDKs/MacOSX26.1.sdk/usr/include/machine/fasttrap_isa.h
/Applications/Xcode.app/Contents/Developer/Platforms/MacOSX.platform/Developer/SDKs/MacOSX26.1.sdk/usr/include/arm/fasttrap_isa.h
/Applications/Xcode.app/Contents/Developer/Platforms/MacOSX.platform/Developer/SDKs/MacOSX26.1.sdk/usr/include/i386/fasttrap_isa.h
/Applications/Xcode.app/Contents/Developer/Platforms/MacOSX.platform/Developer/SDKs/MacOSX26.1.sdk/usr/include/i386/param.h
/Applications/Xcode.app/Contents/Developer/Platforms/MacOSX.platform/Developer/SDKs/MacOSX26.1.sdk/usr/include/machine/profile.h
/Applications/Xcode.app/Contents/Developer/Platforms/MacOSX.platform/Developer/SDKs/MacOSX26.1.sdk/usr/include/arm/profile.h
/Applications/Xcode.app/Contents/Developer/Platforms/MacOSX.platform/Developer/SDKs/MacOSX26.1.sdk/usr/include/i386/profile.h
/Applications/Xcode.app/Contents/Developer/Platforms/MacOSX.platform/Developer/SDKs/MacOSX26.1.sdk/usr/include/i386/user_ldt.h
/Applications/Xcode.app/Contents/Developer/Platforms/MacOSX.platform/Developer/SDKs/MacOSX26.1.sdk/usr/include/machine/vmparam.h
/Applications/Xcode.app/Contents/Developer/Platforms/MacOSX.platform/Developer/SDKs/MacOSX26.1.sdk/usr/include/arm/vmparam.h
/Applications/Xcode.app/Contents/Developer/Platforms/MacOSX.platform/Developer/SDKs/MacOSX26.1.sdk/usr/include/i386/vmparam.h
/Applications/Xcode.app/Contents/Developer/Platforms/MacOSX.platform/Developer/SDKs/MacOSX26.1.sdk/usr/include/aliasdb.h
/Applications/Xcode.app/Contents/Developer/Platforms/MacOSX.platform/Developer/SDKs/MacOSX26.1.sdk/usr/include/bootparams.h
/Applications/Xcode.app/Contents/Developer/Platforms/MacOSX.platform/Developer/SDKs/MacOSX26.1.sdk/usr/include/Block.h
/Applications/Xcode.app/Contents/Developer/Platforms/MacOSX.platform/Developer/SDKs/MacOSX26.1.sdk/usr/include/bsm/audit_domain.h
/Applications/Xcode.app/Contents/Developer/Platforms/MacOSX.platform/Developer/SDKs/MacOSX26.1.sdk/usr/include/bsm/audit_errno.h
/Applications/Xcode.app/Contents/Developer/Platforms/MacOSX.platform/Developer/SDKs/MacOSX26.1.sdk/usr/include/bsm/audit_fcntl.h
/Applications/Xcode.app/Contents/Developer/Platforms/MacOSX.platform/Developer/SDKs/MacOSX26.1.sdk/usr/include/bsm/audit_filter.h
/Applications/Xcode.app/Contents/Developer/Platforms/MacOSX.platform/Developer/SDKs/MacOSX26.1.sdk/usr/include/bsm/libbsm.h
/Applications/Xcode.app/Contents/Developer/Platforms/MacOSX.platform/Developer/SDKs/MacOSX26.1.sdk/usr/include/bsm/audit_record.h
/Applications/Xcode.app/Contents/Developer/Platforms/MacOSX.platform/Developer/SDKs/MacOSX26.1.sdk/usr/include/bsm/audit_internal.h
/Applications/Xcode.app/Contents/Developer/Platforms/MacOSX.platform/Developer/SDKs/MacOSX26.1.sdk/usr/include/bsm/audit_kevents.h
/Applications/Xcode.app/Contents/Developer/Platforms/MacOSX.platform/Developer/SDKs/MacOSX26.1.sdk/usr/include/bsm/audit_session.h
/Applications/Xcode.app/Contents/Developer/Platforms/MacOSX.platform/Developer/SDKs/MacOSX26.1.sdk/usr/include/bsm/audit_socket_type.h
/Applications/Xcode.app/Contents/Developer/Platforms/MacOSX.platform/Developer/SDKs/MacOSX26.1.sdk/usr/include/bsm/audit_uevents.h
/Applications/Xcode.app/Contents/Developer/Platforms/MacOSX.platform/Developer/SDKs/MacOSX26.1.sdk/usr/include/execinfo.h
/Applications/Xcode.app/Contents/Developer/Platforms/MacOSX.platform/Developer/SDKs/MacOSX26.1.sdk/usr/include/fstab.h
/Applications/Xcode.app/Contents/Developer/Platforms/MacOSX.platform/Developer/SDKs/MacOSX26.1.sdk/usr/include/hfs/hfs_format.h
/Applications/Xcode.app/Contents/Developer/Platforms/MacOSX.platform/Developer/SDKs/MacOSX26.1.sdk/usr/include/hfs/hfs_unistr.h
/Applications/Xcode.app/Contents/Developer/Platforms/MacOSX.platform/Developer/SDKs/MacOSX26.1.sdk/usr/include/hfs/hfs_mount.h
/Applications/Xcode.app/Contents/Developer/Platforms/MacOSX.platform/Developer/SDKs/MacOSX26.1.sdk/usr/include/membership.h
/Applications/Xcode.app/Contents/Developer/Platforms/MacOSX.platform/Developer/SDKs/MacOSX26.1.sdk/usr/include/ntsid.h
/Applications/Xcode.app/Contents/Developer/Platforms/MacOSX.platform/Developer/SDKs/MacOSX26.1.sdk/usr/include/curses.h
/Applications/Xcode.app/Contents/Developer/Platforms/MacOSX.platform/Developer/SDKs/MacOSX26.1.sdk/usr/include/ncurses_dll.h
/Applications/Xcode.app/Contents/Developer/Platforms/MacOSX.platform/Developer/SDKs/MacOSX26.1.sdk/usr/include/unctrl.h
/Applications/Xcode.app/Contents/Developer/Platforms/MacOSX.platform/Developer/SDKs/MacOSX26.1.sdk/usr/include/eti.h
/Applications/Xcode.app/Contents/Developer/Platforms/MacOSX.platform/Developer/SDKs/MacOSX26.1.sdk/usr/include/nc_tparm.h
/Applications/Xcode.app/Contents/Developer/Platforms/MacOSX.platform/Developer/SDKs/MacOSX26.1.sdk/usr/include/form.h
/Applications/Xcode.app/Contents/Developer/Platforms/MacOSX.platform/Developer/SDKs/MacOSX26.1.sdk/usr/include/menu.h
/Applications/Xcode.app/Contents/Developer/Platforms/MacOSX.platform/Developer/SDKs/MacOSX26.1.sdk/usr/include/panel.h
/Applications/Xcode.app/Contents/Developer/Platforms/MacOSX.platform/Developer/SDKs/MacOSX26.1.sdk/usr/include/netinet6/ah.h
/Applications/Xcode.app/Contents/Developer/Platforms/MacOSX.platform/Developer/SDKs/MacOSX26.1.sdk/usr/include/netinet6/esp.h
/Applications/Xcode.app/Contents/Developer/Platforms/MacOSX.platform/Developer/SDKs/MacOSX26.1.sdk/usr/include/netinet6/ipcomp.h
/Applications/Xcode.app/Contents/Developer/Platforms/MacOSX.platform/Developer/SDKs/MacOSX26.1.sdk/usr/include/netinet6/ipsec.h
/Applications/Xcode.app/Contents/Developer/Platforms/MacOSX.platform/Developer/SDKs/MacOSX26.1.sdk/usr/include/netinet6/raw_ip6.h
/Applications/Xcode.app/Contents/Developer/Platforms/MacOSX.platform/Developer/SDKs/MacOSX26.1.sdk/usr/include/printerdb.h
/Applications/Xcode.app/Contents/Developer/Platforms/MacOSX.platform/Developer/SDKs/MacOSX26.1.sdk/usr/include/sys/_structs.h
/Applications/Xcode.app/Contents/Developer/Platforms/MacOSX.platform/Developer/SDKs/MacOSX26.1.sdk/usr/include/sys/acct.h
/Applications/Xcode.app/Contents/Developer/Platforms/MacOSX.platform/Developer/SDKs/MacOSX26.1.sdk/usr/include/sys/acl.h
/Applications/Xcode.app/Contents/Developer/Platforms/MacOSX.platform/Developer/SDKs/MacOSX26.1.sdk/usr/include/sys/kauth.h
/Applications/Xcode.app/Contents/Developer/Platforms/MacOSX.platform/Developer/SDKs/MacOSX26.1.sdk/usr/include/sys/buf.h
/Applications/Xcode.app/Contents/Developer/Platforms/MacOSX.platform/Developer/SDKs/MacOSX26.1.sdk/usr/include/sys/kernel_types.h
/Applications/Xcode.app/Contents/Developer/Platforms/MacOSX.platform/Developer/SDKs/MacOSX26.1.sdk/usr/include/sys/clonefile.h
/Applications/Xcode.app/Contents/Developer/Platforms/MacOSX.platform/Developer/SDKs/MacOSX26.1.sdk/usr/include/sys/commpage.h
/Applications/Xcode.app/Contents/Developer/Platforms/MacOSX.platform/Developer/SDKs/MacOSX26.1.sdk/usr/include/sys/conf.h
/Applications/Xcode.app/Contents/Developer/Platforms/MacOSX.platform/Developer/SDKs/MacOSX26.1.sdk/usr/include/sys/disk.h
/Applications/Xcode.app/Contents/Developer/Platforms/MacOSX.platform/Developer/SDKs/MacOSX26.1.sdk/usr/include/sys/dkstat.h
/Applications/Xcode.app/Contents/Developer/Platforms/MacOSX.platform/Developer/SDKs/MacOSX26.1.sdk/usr/include/sys/domain.h
/Applications/Xcode.app/Contents/Developer/Platforms/MacOSX.platform/Developer/SDKs/MacOSX26.1.sdk/usr/include/sys/ev.h
/Applications/Xcode.app/Contents/Developer/Platforms/MacOSX.platform/Developer/SDKs/MacOSX26.1.sdk/usr/include/sys/file.h
/Applications/Xcode.app/Contents/Developer/Platforms/MacOSX.platform/Developer/SDKs/MacOSX26.1.sdk/usr/include/sys/filedesc.h
/Applications/Xcode.app/Contents/Developer/Platforms/MacOSX.platform/Developer/SDKs/MacOSX26.1.sdk/usr/include/sys/fileport.h
/Applications/Xcode.app/Contents/Developer/Platforms/MacOSX.platform/Developer/SDKs/MacOSX26.1.sdk/usr/include/sys/fsgetpath.h
/Applications/Xcode.app/Contents/Developer/Platforms/MacOSX.platform/Developer/SDKs/MacOSX26.1.sdk/usr/include/sys/gmon.h
/Applications/Xcode.app/Contents/Developer/Platforms/MacOSX.platform/Developer/SDKs/MacOSX26.1.sdk/usr/include/sys/ioctl_compat.h
/Applications/Xcode.app/Contents/Developer/Platforms/MacOSX.platform/Developer/SDKs/MacOSX26.1.sdk/usr/include/sys/ttychars.h
/Applications/Xcode.app/Contents/Developer/Platforms/MacOSX.platform/Developer/SDKs/MacOSX26.1.sdk/usr/include/sys/ttydev.h
/Applications/Xcode.app/Contents/Developer/Platforms/MacOSX.platform/Developer/SDKs/MacOSX26.1.sdk/usr/include/sys/kdebug.h
/Applications/Xcode.app/Contents/Developer/Platforms/MacOSX.platform/Developer/SDKs/MacOSX26.1.sdk/usr/include/sys/kdebug_signpost.h
/Applications/Xcode.app/Contents/Developer/Platforms/MacOSX.platform/Developer/SDKs/MacOSX26.1.sdk/usr/include/sys/lctx.h
/Applications/Xcode.app/Contents/Developer/Platforms/MacOSX.platform/Developer/SDKs/MacOSX26.1.sdk/usr/include/sys/mbuf.h
/Applications/Xcode.app/Contents/Developer/Platforms/MacOSX.platform/Developer/SDKs/MacOSX26.1.sdk/usr/include/sys/msgbuf.h
/Applications/Xcode.app/Contents/Developer/Platforms/MacOSX.platform/Developer/SDKs/MacOSX26.1.sdk/usr/include/sys/netport.h
/Applications/Xcode.app/Contents/Developer/Platforms/MacOSX.platform/Developer/SDKs/MacOSX26.1.sdk/usr/include/sys/paths.h
/Applications/Xcode.app/Contents/Developer/Platforms/MacOSX.platform/Developer/SDKs/MacOSX26.1.sdk/usr/include/sys/pipe.h
/Applications/Xcode.app/Contents/Developer/Platforms/MacOSX.platform/Developer/SDKs/MacOSX26.1.sdk/usr/include/sys/quota.h
/Applications/Xcode.app/Contents/Developer/Platforms/MacOSX.platform/Developer/SDKs/MacOSX26.1.sdk/usr/include/sys/rbtree.h
/Applications/Xcode.app/Contents/Developer/Platforms/MacOSX.platform/Developer/SDKs/MacOSX26.1.sdk/usr/include/sys/reboot.h
/Applications/Xcode.app/Contents/Developer/Platforms/MacOSX.platform/Developer/SDKs/MacOSX26.1.sdk/usr/include/sys/resourcevar.h
/Applications/Xcode.app/Contents/Developer/Platforms/MacOSX.platform/Developer/SDKs/MacOSX26.1.sdk/usr/include/sys/sbuf.h
/Applications/Xcode.app/Contents/Developer/Platforms/MacOSX.platform/Developer/SDKs/MacOSX26.1.sdk/usr/include/sys/signalvar.h
/Applications/Xcode.app/Contents/Developer/Platforms/MacOSX.platform/Developer/SDKs/MacOSX26.1.sdk/usr/include/sys/syscall.h
/Applications/Xcode.app/Contents/Developer/Platforms/MacOSX.platform/Developer/SDKs/MacOSX26.1.sdk/usr/include/sys/timeb.h
/Applications/Xcode.app/Contents/Developer/Platforms/MacOSX.platform/Developer/SDKs/MacOSX26.1.sdk/usr/include/sys/trace.h
/Applications/Xcode.app/Contents/Developer/Platforms/MacOSX.platform/Developer/SDKs/MacOSX26.1.sdk/usr/include/sys/tty.h
/Applications/Xcode.app/Contents/Developer/Platforms/MacOSX.platform/Developer/SDKs/MacOSX26.1.sdk/usr/include/sys/ucontext.h
/Applications/Xcode.app/Contents/Developer/Platforms/MacOSX.platform/Developer/SDKs/MacOSX26.1.sdk/usr/include/sys/unpcb.h
/Applications/Xcode.app/Contents/Developer/Platforms/MacOSX.platform/Developer/SDKs/MacOSX26.1.sdk/usr/include/sys/user.h
/Applications/Xcode.app/Contents/Developer/Platforms/MacOSX.platform/Developer/SDKs/MacOSX26.1.sdk/usr/include/sys/utfconv.h
/Applications/Xcode.app/Contents/Developer/Platforms/MacOSX.platform/Developer/SDKs/MacOSX26.1.sdk/usr/include/sys/vcmd.h
/Applications/Xcode.app/Contents/Developer/Platforms/MacOSX.platform/Developer/SDKs/MacOSX26.1.sdk/usr/include/sys/vnode.h
/Applications/Xcode.app/Contents/Developer/Platforms/MacOSX.platform/Developer/SDKs/MacOSX26.1.sdk/usr/include/_modules/_darwin_sys_signal.h
/Applications/Xcode.app/Contents/Developer/Platforms/MacOSX.platform/Developer/SDKs/MacOSX26.1.sdk/usr/include/sysdir.h
/Applications/Xcode.app/Contents/Developer/Platforms/MacOSX.platform/Developer/SDKs/MacOSX26.1.sdk/usr/include/libc.h
/Applications/Xcode.app/Contents/Developer/Platforms/MacOSX.platform/Developer/SDKs/MacOSX26.1.sdk/usr/include/paths.h
/Applications/Xcode.app/Contents/Developer/Platforms/MacOSX.platform/Developer/SDKs/MacOSX26.1.sdk/usr/include/sysexits.h
/Applications/Xcode.app/Contents/Developer/Platforms/MacOSX.platform/Developer/SDKs/MacOSX26.1.sdk/SDKSettings.json
/Applications/Xcode.app/Contents/Developer/Toolchains/XcodeDefault.xctoolchain/usr/lib/swift/macosx/prebuilt-modules/26.1/Darwin.swiftmodule/arm64e-apple-macos.swiftmodule
/Applications/Xcode.app/Contents/Developer/Platforms/MacOSX.platform/Developer/SDKs/MacOSX26.1.sdk/System/Library/Frameworks/DiskArbitration.framework/Modules/module.modulemap
/Applications/Xcode.app/Contents/Developer/Platforms/MacOSX.platform/Developer/SDKs/MacOSX26.1.sdk/System/Library/Frameworks/DiskArbitration.framework/Headers/DiskArbitration.h
/Applications/Xcode.app/Contents/Developer/Platforms/MacOSX.platform/Developer/SDKs/MacOSX26.1.sdk/System/Library/Frameworks/CoreFoundation.framework/Modules/module.modulemap
/Applications/Xcode.app/Contents/Developer/Platforms/MacOSX.platform/Developer/SDKs/MacOSX26.1.sdk/usr/include/Darwin.modulemap
/Applications/Xcode.app/Contents/Developer/Platforms/MacOSX.platform/Developer/SDKs/MacOSX26.1.sdk/usr/include/DarwinFoundation1.modulemap
/Applications/Xcode.app/Contents/Developer/Platforms/MacOSX.platform/Developer/SDKs/MacOSX26.1.sdk/System/Library/Frameworks/DiskArbitration.framework/Headers/DADisk.h
/Applications/Xcode.app/Contents/Developer/Platforms/MacOSX.platform/Developer/SDKs/MacOSX26.1.sdk/System/Library/Frameworks/IOKit.framework/Modules/module.modulemap
/Applications/Xcode.app/Contents/Developer/Platforms/MacOSX.platform/Developer/SDKs/MacOSX26.1.sdk/System/Library/Frameworks/DiskArbitration.framework/Headers/DASession.h
/Applications/Xcode.app/Contents/Developer/Platforms/MacOSX.platform/Developer/SDKs/MacOSX26.1.sdk/System/Library/Frameworks/DiskArbitration.framework/Headers/DADissenter.h
/Applications/Xcode.app/Contents/Developer/Platforms/MacOSX.platform/Developer/SDKs/MacOSX26.1.sdk/SDKSettings.json
/Applications/Xcode.app/Contents/Developer/Platforms/MacOSX.platform/Developer/SDKs/MacOSX26.1.sdk/usr/include/Dispatch.apinotes
/Applications/Xcode.app/Contents/Developer/Platforms/MacOSX.platform/Developer/SDKs/MacOSX26.1.sdk/usr/include/dispatch.modulemap
/Applications/Xcode.app/Contents/Developer/Platforms/MacOSX.platform/Developer/SDKs/MacOSX26.1.sdk/usr/include/os.modulemap
/Applications/Xcode.app/Contents/Developer/Platforms/MacOSX.platform/Developer/SDKs/MacOSX26.1.sdk/usr/include/Darwin.modulemap
/Applications/Xcode.app/Contents/Developer/Platforms/MacOSX.platform/Developer/SDKs/MacOSX26.1.sdk/usr/include/Darwin_C.modulemap
/Applications/Xcode.app/Contents/Developer/Platforms/MacOSX.platform/Developer/SDKs/MacOSX26.1.sdk/usr/include/Darwin_POSIX.modulemap
/Applications/Xcode.app/Contents/Developer/Platforms/MacOSX.platform/Developer/SDKs/MacOSX26.1.sdk/usr/include/net.modulemap
/Applications/Xcode.app/Contents/Developer/Platforms/MacOSX.platform/Developer/SDKs/MacOSX26.1.sdk/usr/include/netinet.modulemap
/Applications/Xcode.app/Contents/Developer/Platforms/MacOSX.platform/Developer/SDKs/MacOSX26.1.sdk/usr/include/bank.modulemap
/Applications/Xcode.app/Contents/Developer/Platforms/MacOSX.platform/Developer/SDKs/MacOSX26.1.sdk/usr/include/Darwin_Mach.modulemap
/Applications/Xcode.app/Contents/Developer/Platforms/MacOSX.platform/Developer/SDKs/MacOSX26.1.sdk/usr/include/Darwin_Mach_machine.modulemap
/Applications/Xcode.app/Contents/Developer/Platforms/MacOSX.platform/Developer/SDKs/MacOSX26.1.sdk/usr/include/mach_debug.modulemap
/Applications/Xcode.app/Contents/Developer/Platforms/MacOSX.platform/Developer/SDKs/MacOSX26.1.sdk/usr/include/device.modulemap
/Applications/Xcode.app/Contents/Developer/Platforms/MacOSX.platform/Developer/SDKs/MacOSX26.1.sdk/usr/include/Darwin_machine.modulemap
/Applications/Xcode.app/Contents/Developer/Platforms/MacOSX.platform/Developer/SDKs/MacOSX26.1.sdk/usr/include/ncurses.modulemap
/Applications/Xcode.app/Contents/Developer/Platforms/MacOSX.platform/Developer/SDKs/MacOSX26.1.sdk/usr/include/netinet6.modulemap
/Applications/Xcode.app/Contents/Developer/Platforms/MacOSX.platform/Developer/SDKs/MacOSX26.1.sdk/usr/include/Darwin_sys.modulemap
/Applications/Xcode.app/Contents/Developer/Platforms/MacOSX.platform/Developer/SDKs/MacOSX26.1.sdk/usr/include/uuid.modulemap
/Applications/Xcode.app/Contents/Developer/Platforms/MacOSX.platform/Developer/SDKs/MacOSX26.1.sdk/usr/include/DarwinFoundation2.modulemap
/Applications/Xcode.app/Contents/Developer/Platforms/MacOSX.platform/Developer/SDKs/MacOSX26.1.sdk/usr/include/DarwinFoundation3.modulemap
/Applications/Xcode.app/Contents/Developer/Platforms/MacOSX.platform/Developer/SDKs/MacOSX26.1.sdk/usr/include/DarwinFoundation1.modulemap
/Applications/Xcode.app/Contents/Developer/Platforms/MacOSX.platform/Developer/SDKs/MacOSX26.1.sdk/usr/include/dispatch/dispatch.h
/Applications/Xcode.app/Contents/Developer/Toolchains/XcodeDefault.xctoolchain/usr/lib/swift/clang/include/module.modulemap
/Applications/Xcode.app/Contents/Developer/Toolchains/XcodeDefault.xctoolchain/usr/lib/swift/clang/include/stddef.h
/Applications/Xcode.app/Contents/Developer/Toolchains/XcodeDefault.xctoolchain/usr/lib/swift/clang/include/stdarg.h
/Applications/Xcode.app/Contents/Developer/Platforms/MacOSX.platform/Developer/SDKs/MacOSX26.1.sdk/usr/include/string.h
/Applications/Xcode.app/Contents/Developer/Platforms/MacOSX.platform/Developer/SDKs/MacOSX26.1.sdk/usr/include/dispatch/base.h
/Applications/Xcode.app/Contents/Developer/Platforms/MacOSX.platform/Developer/SDKs/MacOSX26.1.sdk/usr/include/dispatch/time.h
/Applications/Xcode.app/Contents/Developer/Platforms/MacOSX.platform/Developer/SDKs/MacOSX26.1.sdk/usr/include/dispatch/object.h
/Applications/Xcode.app/Contents/Developer/Platforms/MacOSX.platform/Developer/SDKs/MacOSX26.1.sdk/usr/include/dispatch/queue.h
/Applications/Xcode.app/Contents/Developer/Platforms/MacOSX.platform/Developer/SDKs/MacOSX26.1.sdk/usr/include/dispatch/block.h
/Applications/Xcode.app/Contents/Developer/Platforms/MacOSX.platform/Developer/SDKs/MacOSX26.1.sdk/usr/include/dispatch/source.h
/Applications/Xcode.app/Contents/Developer/Platforms/MacOSX.platform/Developer/SDKs/MacOSX26.1.sdk/usr/include/dispatch/group.h
/Applications/Xcode.app/Contents/Developer/Platforms/MacOSX.platform/Developer/SDKs/MacOSX26.1.sdk/usr/include/dispatch/semaphore.h
/Applications/Xcode.app/Contents/Developer/Platforms/MacOSX.platform/Developer/SDKs/MacOSX26.1.sdk/usr/include/dispatch/once.h
/Applications/Xcode.app/Contents/Developer/Platforms/MacOSX.platform/Developer/SDKs/MacOSX26.1.sdk/usr/include/dispatch/data.h
/Applications/Xcode.app/Contents/Developer/Platforms/MacOSX.platform/Developer/SDKs/MacOSX26.1.sdk/usr/include/dispatch/io.h
/Applications/Xcode.app/Contents/Developer/Platforms/MacOSX.platform/Developer/SDKs/MacOSX26.1.sdk/usr/include/dispatch/workloop.h
/Applications/Xcode.app/Contents/Developer/Platforms/MacOSX.platform/Developer/SDKs/MacOSX26.1.sdk/usr/include/dispatch/dispatch_swift_shims.h
/Applications/Xcode.app/Contents/Developer/Platforms/MacOSX.platform/Developer/SDKs/MacOSX26.1.sdk/SDKSettings.json
/Applications/Xcode.app/Contents/Developer/Toolchains/XcodeDefault.xctoolchain/usr/lib/swift/macosx/prebuilt-modules/26.1/Dispatch.swiftmodule/arm64e-apple-macos.swiftmodule
/Applications/Xcode.app/Contents/Developer/Toolchains/XcodeDefault.xctoolchain/usr/lib/swift/macosx/prebuilt-modules/26.1/Foundation.swiftmodule/arm64e-apple-macos.swiftmodule
/Applications/Xcode.app/Contents/Developer/Platforms/MacOSX.platform/Developer/SDKs/MacOSX26.1.sdk/System/Library/Frameworks/Foundation.framework/Headers/Foundation.apinotes
/Applications/Xcode.app/Contents/Developer/Platforms/MacOSX.platform/Developer/SDKs/MacOSX26.1.sdk/System/Library/Frameworks/Foundation.framework/Modules/module.modulemap
/Applications/Xcode.app/Contents/Developer/Platforms/MacOSX.platform/Developer/SDKs/MacOSX26.1.sdk/System/Library/Frameworks/Foundation.framework/Headers/Foundation.h
/Applications/Xcode.app/Contents/Developer/Platforms/MacOSX.platform/Developer/SDKs/MacOSX26.1.sdk/System/Library/Frameworks/CoreFoundation.framework/Modules/module.modulemap
/Applications/Xcode.app/Contents/Developer/Platforms/MacOSX.platform/Developer/SDKs/MacOSX26.1.sdk/System/Library/Frameworks/Foundation.framework/Headers/NSObjCRuntime.h
/Applications/Xcode.app/Contents/Developer/Platforms/MacOSX.platform/Developer/SDKs/MacOSX26.1.sdk/usr/include/xpc.modulemap
/Applications/Xcode.app/Contents/Developer/Platforms/MacOSX.platform/Developer/SDKs/MacOSX26.1.sdk/usr/include/dispatch.modulemap
/Applications/Xcode.app/Contents/Developer/Platforms/MacOSX.platform/Developer/SDKs/MacOSX26.1.sdk/usr/include/ObjectiveC.modulemap
/Applications/Xcode.app/Contents/Developer/Platforms/MacOSX.platform/Developer/SDKs/MacOSX26.1.sdk/usr/include/Darwin.modulemap
/Applications/Xcode.app/Contents/Developer/Platforms/MacOSX.platform/Developer/SDKs/MacOSX26.1.sdk/usr/include/DarwinFoundation1.modulemap
/Applications/Xcode.app/Contents/Developer/Toolchains/XcodeDefault.xctoolchain/usr/lib/swift/clang/include/module.modulemap
/Applications/Xcode.app/Contents/Developer/Toolchains/XcodeDefault.xctoolchain/usr/lib/swift/clang/include/stdarg.h
/Applications/Xcode.app/Contents/Developer/Platforms/MacOSX.platform/Developer/SDKs/MacOSX26.1.sdk/System/Library/Frameworks/Foundation.framework/Headers/NSArray.h
/Applications/Xcode.app/Contents/Developer/Platforms/MacOSX.platform/Developer/SDKs/MacOSX26.1.sdk/System/Library/Frameworks/Foundation.framework/Headers/NSObject.h
/Applications/Xcode.app/Contents/Developer/Platforms/MacOSX.platform/Developer/SDKs/MacOSX26.1.sdk/System/Library/Frameworks/Foundation.framework/Headers/NSZone.h
/Applications/Xcode.app/Contents/Developer/Toolchains/XcodeDefault.xctoolchain/usr/lib/swift/clang/include/stddef.h
/Applications/Xcode.app/Contents/Developer/Platforms/MacOSX.platform/Developer/SDKs/MacOSX26.1.sdk/System/Library/Frameworks/Foundation.framework/Headers/NSEnumerator.h
/Applications/Xcode.app/Contents/Developer/Platforms/MacOSX.platform/Developer/SDKs/MacOSX26.1.sdk/System/Library/Frameworks/Foundation.framework/Headers/NSRange.h
/Applications/Xcode.app/Contents/Developer/Platforms/MacOSX.platform/Developer/SDKs/MacOSX26.1.sdk/System/Library/Frameworks/Foundation.framework/Headers/NSValue.h
/Applications/Xcode.app/Contents/Developer/Platforms/MacOSX.platform/Developer/SDKs/MacOSX26.1.sdk/System/Library/Frameworks/Foundation.framework/Headers/NSOrderedCollectionDifference.h
/Applications/Xcode.app/Contents/Developer/Platforms/MacOSX.platform/Developer/SDKs/MacOSX26.1.sdk/System/Library/Frameworks/Foundation.framework/Headers/NSOrderedCollectionChange.h
/Applications/Xcode.app/Contents/Developer/Platforms/MacOSX.platform/Developer/SDKs/MacOSX26.1.sdk/System/Library/Frameworks/Foundation.framework/Headers/NSIndexSet.h
/Applications/Xcode.app/Contents/Developer/Platforms/MacOSX.platform/Developer/SDKs/MacOSX26.1.sdk/System/Library/Frameworks/Foundation.framework/Headers/NSAutoreleasePool.h
/Applications/Xcode.app/Contents/Developer/Platforms/MacOSX.platform/Developer/SDKs/MacOSX26.1.sdk/System/Library/Frameworks/Foundation.framework/Headers/NSBundle.h
/Applications/Xcode.app/Contents/Developer/Platforms/MacOSX.platform/Developer/SDKs/MacOSX26.1.sdk/System/Library/Frameworks/Foundation.framework/Headers/NSString.h
/Applications/Xcode.app/Contents/Developer/Platforms/MacOSX.platform/Developer/SDKs/MacOSX26.1.sdk/System/Library/Frameworks/Foundation.framework/Headers/NSItemProvider.h
/Applications/Xcode.app/Contents/Developer/Platforms/MacOSX.platform/Developer/SDKs/MacOSX26.1.sdk/System/Library/Frameworks/Foundation.framework/Headers/NSDictionary.h
/Applications/Xcode.app/Contents/Developer/Platforms/MacOSX.platform/Developer/SDKs/MacOSX26.1.sdk/System/Library/Frameworks/Foundation.framework/Headers/NSSet.h
/Applications/Xcode.app/Contents/Developer/Platforms/MacOSX.platform/Developer/SDKs/MacOSX26.1.sdk/System/Library/Frameworks/Foundation.framework/Headers/NSProgress.h
/Applications/Xcode.app/Contents/Developer/Platforms/MacOSX.platform/Developer/SDKs/MacOSX26.1.sdk/System/Library/Frameworks/Foundation.framework/Headers/NSNotification.h
/Applications/Xcode.app/Contents/Developer/Platforms/MacOSX.platform/Developer/SDKs/MacOSX26.1.sdk/System/Library/Frameworks/Foundation.framework/Headers/NSByteOrder.h
/Applications/Xcode.app/Contents/Developer/Platforms/MacOSX.platform/Developer/SDKs/MacOSX26.1.sdk/System/Library/Frameworks/Foundation.framework/Headers/NSCalendar.h
/Applications/Xcode.app/Contents/Developer/Platforms/MacOSX.platform/Developer/SDKs/MacOSX26.1.sdk/System/Library/Frameworks/Foundation.framework/Headers/NSDate.h
/Applications/Xcode.app/Contents/Developer/Platforms/MacOSX.platform/Developer/SDKs/MacOSX26.1.sdk/System/Library/Frameworks/Foundation.framework/Headers/NSCharacterSet.h
/Applications/Xcode.app/Contents/Developer/Platforms/MacOSX.platform/Developer/SDKs/MacOSX26.1.sdk/System/Library/Frameworks/Foundation.framework/Headers/NSCoder.h
/Applications/Xcode.app/Contents/Developer/Platforms/MacOSX.platform/Developer/SDKs/MacOSX26.1.sdk/System/Library/Frameworks/Foundation.framework/Headers/NSData.h
/Applications/Xcode.app/Contents/Developer/Platforms/MacOSX.platform/Developer/SDKs/MacOSX26.1.sdk/System/Library/Frameworks/Foundation.framework/Headers/NSDateInterval.h
/Applications/Xcode.app/Contents/Developer/Platforms/MacOSX.platform/Developer/SDKs/MacOSX26.1.sdk/System/Library/Frameworks/Foundation.framework/Headers/NSDateFormatter.h
/Applications/Xcode.app/Contents/Developer/Platforms/MacOSX.platform/Developer/SDKs/MacOSX26.1.sdk/System/Library/Frameworks/Foundation.framework/Headers/NSFormatter.h
/Applications/Xcode.app/Contents/Developer/Platforms/MacOSX.platform/Developer/SDKs/MacOSX26.1.sdk/System/Library/Frameworks/Foundation.framework/Headers/NSAttributedString.h
/Applications/Xcode.app/Contents/Developer/Platforms/MacOSX.platform/Developer/SDKs/MacOSX26.1.sdk/System/Library/Frameworks/Foundation.framework/Headers/NSDateIntervalFormatter.h
/Applications/Xcode.app/Contents/Developer/Platforms/MacOSX.platform/Developer/SDKs/MacOSX26.1.sdk/System/Library/Frameworks/Foundation.framework/Headers/NSISO8601DateFormatter.h
/Applications/Xcode.app/Contents/Developer/Platforms/MacOSX.platform/Developer/SDKs/MacOSX26.1.sdk/System/Library/Frameworks/Foundation.framework/Headers/NSMassFormatter.h
/Applications/Xcode.app/Contents/Developer/Platforms/MacOSX.platform/Developer/SDKs/MacOSX26.1.sdk/System/Library/Frameworks/Foundation.framework/Headers/NSLengthFormatter.h
/Applications/Xcode.app/Contents/Developer/Platforms/MacOSX.platform/Developer/SDKs/MacOSX26.1.sdk/System/Library/Frameworks/Foundation.framework/Headers/NSEnergyFormatter.h
/Applications/Xcode.app/Contents/Developer/Platforms/MacOSX.platform/Developer/SDKs/MacOSX26.1.sdk/System/Library/Frameworks/Foundation.framework/Headers/NSMeasurementFormatter.h
/Applications/Xcode.app/Contents/Developer/Platforms/MacOSX.platform/Developer/SDKs/MacOSX26.1.sdk/System/Library/Frameworks/Foundation.framework/Headers/NSNumberFormatter.h
/Applications/Xcode.app/Contents/Developer/Platforms/MacOSX.platform/Developer/SDKs/MacOSX26.1.sdk/System/Library/Frameworks/Foundation.framework/Headers/NSMeasurement.h
/Applications/Xcode.app/Contents/Developer/Platforms/MacOSX.platform/Developer/SDKs/MacOSX26.1.sdk/System/Library/Frameworks/Foundation.framework/Headers/NSUnit.h
/Applications/Xcode.app/Contents/Developer/Platforms/MacOSX.platform/Developer/SDKs/MacOSX26.1.sdk/System/Library/Frameworks/Foundation.framework/Headers/NSLocale.h
/Applications/Xcode.app/Contents/Developer/Platforms/MacOSX.platform/Developer/SDKs/MacOSX26.1.sdk/System/Library/Frameworks/Foundation.framework/Headers/NSPersonNameComponents.h
/Applications/Xcode.app/Contents/Developer/Platforms/MacOSX.platform/Developer/SDKs/MacOSX26.1.sdk/System/Library/Frameworks/Foundation.framework/Headers/NSPersonNameComponentsFormatter.h
/Applications/Xcode.app/Contents/Developer/Platforms/MacOSX.platform/Developer/SDKs/MacOSX26.1.sdk/System/Library/Frameworks/Foundation.framework/Headers/NSRelativeDateTimeFormatter.h
/Applications/Xcode.app/Contents/Developer/Platforms/MacOSX.platform/Developer/SDKs/MacOSX26.1.sdk/System/Library/Frameworks/Foundation.framework/Headers/NSListFormatter.h
/Applications/Xcode.app/Contents/Developer/Platforms/MacOSX.platform/Developer/SDKs/MacOSX26.1.sdk/System/Library/Frameworks/Foundation.framework/Headers/NSDecimal.h
/Applications/Xcode.app/Contents/Developer/Platforms/MacOSX.platform/Developer/SDKs/MacOSX26.1.sdk/System/Library/Frameworks/Foundation.framework/Headers/NSDecimalNumber.h
/Applications/Xcode.app/Contents/Developer/Platforms/MacOSX.platform/Developer/SDKs/MacOSX26.1.sdk/System/Library/Frameworks/Foundation.framework/Headers/NSScanner.h
/Applications/Xcode.app/Contents/Developer/Platforms/MacOSX.platform/Developer/SDKs/MacOSX26.1.sdk/System/Library/Frameworks/Foundation.framework/Headers/NSException.h
/Applications/Xcode.app/Contents/Developer/Platforms/MacOSX.platform/Developer/SDKs/MacOSX26.1.sdk/System/Library/Frameworks/Foundation.framework/Headers/NSError.h
/Applications/Xcode.app/Contents/Developer/Platforms/MacOSX.platform/Developer/SDKs/MacOSX26.1.sdk/System/Library/Frameworks/Foundation.framework/Headers/NSFileHandle.h
/Applications/Xcode.app/Contents/Developer/Platforms/MacOSX.platform/Developer/SDKs/MacOSX26.1.sdk/System/Library/Frameworks/Foundation.framework/Headers/NSRunLoop.h
/Applications/Xcode.app/Contents/Developer/Platforms/MacOSX.platform/Developer/SDKs/MacOSX26.1.sdk/System/Library/Frameworks/Foundation.framework/Headers/NSFileManager.h
/Applications/Xcode.app/Contents/Developer/Platforms/MacOSX.platform/Developer/SDKs/MacOSX26.1.sdk/System/Library/Frameworks/Foundation.framework/Headers/NSPathUtilities.h
/Applications/Xcode.app/Contents/Developer/Platforms/MacOSX.platform/Developer/SDKs/MacOSX26.1.sdk/System/Library/Frameworks/Foundation.framework/Headers/NSURL.h
/Applications/Xcode.app/Contents/Developer/Platforms/MacOSX.platform/Developer/SDKs/MacOSX26.1.sdk/System/Library/Frameworks/Foundation.framework/Headers/NSURLHandle.h
/Applications/Xcode.app/Contents/Developer/Platforms/MacOSX.platform/Developer/SDKs/MacOSX26.1.sdk/System/Library/Frameworks/Foundation.framework/Headers/NSHashTable.h
/Applications/Xcode.app/Contents/Developer/Platforms/MacOSX.platform/Developer/SDKs/MacOSX26.1.sdk/System/Library/Frameworks/Foundation.framework/Headers/NSPointerFunctions.h
/Applications/Xcode.app/Contents/Developer/Platforms/MacOSX.platform/Developer/SDKs/MacOSX26.1.sdk/System/Library/Frameworks/Foundation.framework/Headers/NSHTTPCookie.h
/Applications/Xcode.app/Contents/Developer/Platforms/MacOSX.platform/Developer/SDKs/MacOSX26.1.sdk/System/Library/Frameworks/Foundation.framework/Headers/NSHTTPCookieStorage.h
/Applications/Xcode.app/Contents/Developer/Platforms/MacOSX.platform/Developer/SDKs/MacOSX26.1.sdk/System/Library/Frameworks/Foundation.framework/Headers/NSIndexPath.h
/Applications/Xcode.app/Contents/Developer/Platforms/MacOSX.platform/Developer/SDKs/MacOSX26.1.sdk/System/Library/Frameworks/Foundation.framework/Headers/NSInflectionRule.h
/Applications/Xcode.app/Contents/Developer/Platforms/MacOSX.platform/Developer/SDKs/MacOSX26.1.sdk/System/Library/Frameworks/Foundation.framework/Headers/NSInvocation.h
/Applications/Xcode.app/Contents/Developer/Platforms/MacOSX.platform/Developer/SDKs/MacOSX26.1.sdk/System/Library/Frameworks/Foundation.framework/Headers/NSJSONSerialization.h
/Applications/Xcode.app/Contents/Developer/Platforms/MacOSX.platform/Developer/SDKs/MacOSX26.1.sdk/System/Library/Frameworks/Foundation.framework/Headers/NSKeyValueCoding.h
/Applications/Xcode.app/Contents/Developer/Platforms/MacOSX.platform/Developer/SDKs/MacOSX26.1.sdk/System/Library/Frameworks/Foundation.framework/Headers/NSOrderedSet.h
/Applications/Xcode.app/Contents/Developer/Platforms/MacOSX.platform/Developer/SDKs/MacOSX26.1.sdk/System/Library/Frameworks/Foundation.framework/Headers/NSKeyValueObserving.h
/Applications/Xcode.app/Contents/Developer/Platforms/MacOSX.platform/Developer/SDKs/MacOSX26.1.sdk/System/Library/Frameworks/Foundation.framework/Headers/NSKeyValueSharedObservers.h
/Applications/Xcode.app/Contents/Developer/Platforms/MacOSX.platform/Developer/SDKs/MacOSX26.1.sdk/System/Library/Frameworks/Foundation.framework/Headers/NSKeyedArchiver.h
/Applications/Xcode.app/Contents/Developer/Platforms/MacOSX.platform/Developer/SDKs/MacOSX26.1.sdk/System/Library/Frameworks/Foundation.framework/Headers/NSPropertyList.h
/Applications/Xcode.app/Contents/Developer/Platforms/MacOSX.platform/Developer/SDKs/MacOSX26.1.sdk/System/Library/Frameworks/Foundation.framework/Headers/NSGeometry.h
/Applications/Xcode.app/Contents/Developer/Platforms/MacOSX.platform/Developer/SDKs/MacOSX26.1.sdk/System/Library/Frameworks/Foundation.framework/Headers/NSLock.h
/Applications/Xcode.app/Contents/Developer/Platforms/MacOSX.platform/Developer/SDKs/MacOSX26.1.sdk/System/Library/Frameworks/Foundation.framework/Headers/NSMapTable.h
/Applications/Xcode.app/Contents/Developer/Platforms/MacOSX.platform/Developer/SDKs/MacOSX26.1.sdk/System/Library/Frameworks/Foundation.framework/Headers/NSMethodSignature.h
/Applications/Xcode.app/Contents/Developer/Platforms/MacOSX.platform/Developer/SDKs/MacOSX26.1.sdk/System/Library/Frameworks/Foundation.framework/Headers/NSMorphology.h
/Applications/Xcode.app/Contents/Developer/Platforms/MacOSX.platform/Developer/SDKs/MacOSX26.1.sdk/System/Library/Frameworks/Foundation.framework/Headers/NSTermOfAddress.h
/Applications/Xcode.app/Contents/Developer/Platforms/MacOSX.platform/Developer/SDKs/MacOSX26.1.sdk/System/Library/Frameworks/Foundation.framework/Headers/NSNotificationQueue.h
/Applications/Xcode.app/Contents/Developer/Platforms/MacOSX.platform/Developer/SDKs/MacOSX26.1.sdk/System/Library/Frameworks/Foundation.framework/Headers/NSNull.h
/Applications/Xcode.app/Contents/Developer/Platforms/MacOSX.platform/Developer/SDKs/MacOSX26.1.sdk/System/Library/Frameworks/Foundation.framework/Headers/NSLocalizedNumberFormatRule.h
/Applications/Xcode.app/Contents/Developer/Platforms/MacOSX.platform/Developer/SDKs/MacOSX26.1.sdk/System/Library/Frameworks/Foundation.framework/Headers/NSOperation.h
/Applications/Xcode.app/Contents/Developer/Platforms/MacOSX.platform/Developer/SDKs/MacOSX26.1.sdk/System/Library/Frameworks/Foundation.framework/Headers/NSOrthography.h
/Applications/Xcode.app/Contents/Developer/Platforms/MacOSX.platform/Developer/SDKs/MacOSX26.1.sdk/System/Library/Frameworks/Foundation.framework/Headers/NSPointerArray.h
/Applications/Xcode.app/Contents/Developer/Platforms/MacOSX.platform/Developer/SDKs/MacOSX26.1.sdk/System/Library/Frameworks/Foundation.framework/Headers/NSPort.h
/Applications/Xcode.app/Contents/Developer/Platforms/MacOSX.platform/Developer/SDKs/MacOSX26.1.sdk/System/Library/Frameworks/Foundation.framework/Headers/NSProcessInfo.h
/Applications/Xcode.app/Contents/Developer/Platforms/MacOSX.platform/Developer/SDKs/MacOSX26.1.sdk/System/Library/Frameworks/Foundation.framework/Headers/NSProxy.h
/Applications/Xcode.app/Contents/Developer/Platforms/MacOSX.platform/Developer/SDKs/MacOSX26.1.sdk/System/Library/Frameworks/Foundation.framework/Headers/NSRegularExpression.h
/Applications/Xcode.app/Contents/Developer/Platforms/MacOSX.platform/Developer/SDKs/MacOSX26.1.sdk/System/Library/Frameworks/Foundation.framework/Headers/NSTextCheckingResult.h
/Applications/Xcode.app/Contents/Developer/Platforms/MacOSX.platform/Developer/SDKs/MacOSX26.1.sdk/System/Library/Frameworks/Foundation.framework/Headers/NSSortDescriptor.h
/Applications/Xcode.app/Contents/Developer/Platforms/MacOSX.platform/Developer/SDKs/MacOSX26.1.sdk/System/Library/Frameworks/Foundation.framework/Headers/NSStream.h
/Applications/Xcode.app/Contents/Developer/Platforms/MacOSX.platform/Developer/SDKs/MacOSX26.1.sdk/System/Library/Frameworks/Foundation.framework/Headers/NSThread.h
/Applications/Xcode.app/Contents/Developer/Platforms/MacOSX.platform/Developer/SDKs/MacOSX26.1.sdk/System/Library/Frameworks/Foundation.framework/Headers/NSTimeZone.h
/Applications/Xcode.app/Contents/Developer/Platforms/MacOSX.platform/Developer/SDKs/MacOSX26.1.sdk/System/Library/Frameworks/Foundation.framework/Headers/NSTimer.h
/Applications/Xcode.app/Contents/Developer/Platforms/MacOSX.platform/Developer/SDKs/MacOSX26.1.sdk/System/Library/Frameworks/Foundation.framework/Headers/NSURLAuthenticationChallenge.h
/Applications/Xcode.app/Contents/Developer/Platforms/MacOSX.platform/Developer/SDKs/MacOSX26.1.sdk/System/Library/Frameworks/Foundation.framework/Headers/NSURLCache.h
/Applications/Xcode.app/Contents/Developer/Platforms/MacOSX.platform/Developer/SDKs/MacOSX26.1.sdk/System/Library/Frameworks/Foundation.framework/Headers/NSURLConnection.h
/Applications/Xcode.app/Contents/Developer/Platforms/MacOSX.platform/Developer/SDKs/MacOSX26.1.sdk/System/Library/Frameworks/Foundation.framework/Headers/NSURLCredential.h
/Applications/Xcode.app/Contents/Developer/Platforms/MacOSX.platform/Developer/SDKs/MacOSX26.1.sdk/System/Library/Frameworks/Security.framework/Modules/module.modulemap
/Applications/Xcode.app/Contents/Developer/Platforms/MacOSX.platform/Developer/SDKs/MacOSX26.1.sdk/System/Library/Frameworks/Foundation.framework/Headers/NSURLCredentialStorage.h
/Applications/Xcode.app/Contents/Developer/Platforms/MacOSX.platform/Developer/SDKs/MacOSX26.1.sdk/System/Library/Frameworks/Foundation.framework/Headers/NSURLProtectionSpace.h
/Applications/Xcode.app/Contents/Developer/Platforms/MacOSX.platform/Developer/SDKs/MacOSX26.1.sdk/System/Library/Frameworks/Foundation.framework/Headers/NSURLError.h
/Applications/Xcode.app/Contents/Developer/Platforms/MacOSX.platform/Developer/SDKs/MacOSX26.1.sdk/System/Library/Frameworks/CoreServices.framework/Modules/module.modulemap
/Applications/Xcode.app/Contents/Developer/Platforms/MacOSX.platform/Developer/SDKs/MacOSX26.1.sdk/System/Library/Frameworks/Foundation.framework/Headers/NSURLProtocol.h
/Applications/Xcode.app/Contents/Developer/Platforms/MacOSX.platform/Developer/SDKs/MacOSX26.1.sdk/System/Library/Frameworks/Foundation.framework/Headers/NSURLRequest.h
/Applications/Xcode.app/Contents/Developer/Platforms/MacOSX.platform/Developer/SDKs/MacOSX26.1.sdk/System/Library/Frameworks/Foundation.framework/Headers/NSURLResponse.h
/Applications/Xcode.app/Contents/Developer/Platforms/MacOSX.platform/Developer/SDKs/MacOSX26.1.sdk/System/Library/Frameworks/Foundation.framework/Headers/NSUserDefaults.h
/Applications/Xcode.app/Contents/Developer/Platforms/MacOSX.platform/Developer/SDKs/MacOSX26.1.sdk/System/Library/Frameworks/Foundation.framework/Headers/NSValueTransformer.h
/Applications/Xcode.app/Contents/Developer/Platforms/MacOSX.platform/Developer/SDKs/MacOSX26.1.sdk/System/Library/Frameworks/Foundation.framework/Headers/NSXMLParser.h
/Applications/Xcode.app/Contents/Developer/Platforms/MacOSX.platform/Developer/SDKs/MacOSX26.1.sdk/System/Library/Frameworks/Foundation.framework/Headers/NSXPCConnection.h
/Applications/Xcode.app/Contents/Developer/Platforms/MacOSX.platform/Developer/SDKs/MacOSX26.1.sdk/System/Library/Frameworks/Foundation.framework/Headers/FoundationErrors.h
/Applications/Xcode.app/Contents/Developer/Platforms/MacOSX.platform/Developer/SDKs/MacOSX26.1.sdk/System/Library/Frameworks/Foundation.framework/Headers/NSByteCountFormatter.h
/Applications/Xcode.app/Contents/Developer/Platforms/MacOSX.platform/Developer/SDKs/MacOSX26.1.sdk/System/Library/Frameworks/Foundation.framework/Headers/NSCache.h
/Applications/Xcode.app/Contents/Developer/Platforms/MacOSX.platform/Developer/SDKs/MacOSX26.1.sdk/System/Library/Frameworks/Foundation.framework/Headers/NSComparisonPredicate.h
/Applications/Xcode.app/Contents/Developer/Platforms/MacOSX.platform/Developer/SDKs/MacOSX26.1.sdk/System/Library/Frameworks/Foundation.framework/Headers/NSPredicate.h
/Applications/Xcode.app/Contents/Developer/Platforms/MacOSX.platform/Developer/SDKs/MacOSX26.1.sdk/System/Library/Frameworks/Foundation.framework/Headers/NSCompoundPredicate.h
/Applications/Xcode.app/Contents/Developer/Platforms/MacOSX.platform/Developer/SDKs/MacOSX26.1.sdk/System/Library/Frameworks/Foundation.framework/Headers/NSDateComponentsFormatter.h
/Applications/Xcode.app/Contents/Developer/Platforms/MacOSX.platform/Developer/SDKs/MacOSX26.1.sdk/System/Library/Frameworks/Foundation.framework/Headers/NSExpression.h
/Applications/Xcode.app/Contents/Developer/Platforms/MacOSX.platform/Developer/SDKs/MacOSX26.1.sdk/System/Library/Frameworks/Foundation.framework/Headers/NSExtensionContext.h
/Applications/Xcode.app/Contents/Developer/Platforms/MacOSX.platform/Developer/SDKs/MacOSX26.1.sdk/System/Library/Frameworks/Foundation.framework/Headers/NSExtensionItem.h
/Applications/Xcode.app/Contents/Developer/Platforms/MacOSX.platform/Developer/SDKs/MacOSX26.1.sdk/System/Library/Frameworks/Foundation.framework/Headers/NSExtensionRequestHandling.h
/Applications/Xcode.app/Contents/Developer/Platforms/MacOSX.platform/Developer/SDKs/MacOSX26.1.sdk/System/Library/Frameworks/Foundation.framework/Headers/NSFileCoordinator.h
/Applications/Xcode.app/Contents/Developer/Platforms/MacOSX.platform/Developer/SDKs/MacOSX26.1.sdk/System/Library/Frameworks/Foundation.framework/Headers/NSFilePresenter.h
/Applications/Xcode.app/Contents/Developer/Platforms/MacOSX.platform/Developer/SDKs/MacOSX26.1.sdk/System/Library/Frameworks/Foundation.framework/Headers/NSFileVersion.h
/Applications/Xcode.app/Contents/Developer/Platforms/MacOSX.platform/Developer/SDKs/MacOSX26.1.sdk/System/Library/Frameworks/Foundation.framework/Headers/NSFileWrapper.h
/Applications/Xcode.app/Contents/Developer/Platforms/MacOSX.platform/Developer/SDKs/MacOSX26.1.sdk/System/Library/Frameworks/Foundation.framework/Headers/NSLinguisticTagger.h
/Applications/Xcode.app/Contents/Developer/Platforms/MacOSX.platform/Developer/SDKs/MacOSX26.1.sdk/System/Library/Frameworks/Foundation.framework/Headers/NSMetadata.h
/Applications/Xcode.app/Contents/Developer/Platforms/MacOSX.platform/Developer/SDKs/MacOSX26.1.sdk/System/Library/Frameworks/Foundation.framework/Headers/NSMetadataAttributes.h
/Applications/Xcode.app/Contents/Developer/Platforms/MacOSX.platform/Developer/SDKs/MacOSX26.1.sdk/System/Library/Frameworks/Foundation.framework/Headers/NSNetServices.h
/Applications/Xcode.app/Contents/Developer/Platforms/MacOSX.platform/Developer/SDKs/MacOSX26.1.sdk/System/Library/Frameworks/Foundation.framework/Headers/NSUbiquitousKeyValueStore.h
/Applications/Xcode.app/Contents/Developer/Platforms/MacOSX.platform/Developer/SDKs/MacOSX26.1.sdk/System/Library/Frameworks/Foundation.framework/Headers/NSUndoManager.h
/Applications/Xcode.app/Contents/Developer/Platforms/MacOSX.platform/Developer/SDKs/MacOSX26.1.sdk/System/Library/Frameworks/Foundation.framework/Headers/NSURLSession.h
/Applications/Xcode.app/Contents/Developer/Platforms/MacOSX.platform/Developer/SDKs/MacOSX26.1.sdk/System/Library/Frameworks/Foundation.framework/Headers/NSUserActivity.h
/Applications/Xcode.app/Contents/Developer/Platforms/MacOSX.platform/Developer/SDKs/MacOSX26.1.sdk/System/Library/Frameworks/Foundation.framework/Headers/NSUUID.h
/Applications/Xcode.app/Contents/Developer/Platforms/MacOSX.platform/Developer/SDKs/MacOSX26.1.sdk/System/Library/Frameworks/Foundation.framework/Headers/NSAffineTransform.h
/Applications/Xcode.app/Contents/Developer/Platforms/MacOSX.platform/Developer/SDKs/MacOSX26.1.sdk/System/Library/Frameworks/Foundation.framework/Headers/NSAppleScript.h
/Applications/Xcode.app/Contents/Developer/Platforms/MacOSX.platform/Developer/SDKs/MacOSX26.1.sdk/System/Library/Frameworks/Foundation.framework/Headers/NSArchiver.h
/Applications/Xcode.app/Contents/Developer/Platforms/MacOSX.platform/Developer/SDKs/MacOSX26.1.sdk/System/Library/Frameworks/Foundation.framework/Headers/NSBackgroundActivityScheduler.h
/Applications/Xcode.app/Contents/Developer/Platforms/MacOSX.platform/Developer/SDKs/MacOSX26.1.sdk/System/Library/Frameworks/Foundation.framework/Headers/NSCalendarDate.h
/Applications/Xcode.app/Contents/Developer/Platforms/MacOSX.platform/Developer/SDKs/MacOSX26.1.sdk/System/Library/Frameworks/Foundation.framework/Headers/NSConnection.h
/Applications/Xcode.app/Contents/Developer/Platforms/MacOSX.platform/Developer/SDKs/MacOSX26.1.sdk/System/Library/Frameworks/Foundation.framework/Headers/NSDistantObject.h
/Applications/Xcode.app/Contents/Developer/Platforms/MacOSX.platform/Developer/SDKs/MacOSX26.1.sdk/System/Library/Frameworks/Foundation.framework/Headers/NSDistributedNotificationCenter.h
/Applications/Xcode.app/Contents/Developer/Platforms/MacOSX.platform/Developer/SDKs/MacOSX26.1.sdk/System/Library/Frameworks/Foundation.framework/Headers/NSPortCoder.h
/Applications/Xcode.app/Contents/Developer/Platforms/MacOSX.platform/Developer/SDKs/MacOSX26.1.sdk/System/Library/Frameworks/Foundation.framework/Headers/NSPortMessage.h
/Applications/Xcode.app/Contents/Developer/Platforms/MacOSX.platform/Developer/SDKs/MacOSX26.1.sdk/System/Library/Frameworks/Foundation.framework/Headers/NSPortNameServer.h
/Applications/Xcode.app/Contents/Developer/Platforms/MacOSX.platform/Developer/SDKs/MacOSX26.1.sdk/System/Library/Frameworks/Foundation.framework/Headers/NSProtocolChecker.h
/Applications/Xcode.app/Contents/Developer/Platforms/MacOSX.platform/Developer/SDKs/MacOSX26.1.sdk/System/Library/Frameworks/Foundation.framework/Headers/NSTask.h
/Applications/Xcode.app/Contents/Developer/Platforms/MacOSX.platform/Developer/SDKs/MacOSX26.1.sdk/System/Library/Frameworks/Foundation.framework/Headers/NSXMLDTD.h
/Applications/Xcode.app/Contents/Developer/Platforms/MacOSX.platform/Developer/SDKs/MacOSX26.1.sdk/System/Library/Frameworks/Foundation.framework/Headers/NSXMLNode.h
/Applications/Xcode.app/Contents/Developer/Platforms/MacOSX.platform/Developer/SDKs/MacOSX26.1.sdk/System/Library/Frameworks/Foundation.framework/Headers/NSXMLNodeOptions.h
/Applications/Xcode.app/Contents/Developer/Platforms/MacOSX.platform/Developer/SDKs/MacOSX26.1.sdk/System/Library/Frameworks/Foundation.framework/Headers/NSXMLDTDNode.h
/Applications/Xcode.app/Contents/Developer/Platforms/MacOSX.platform/Developer/SDKs/MacOSX26.1.sdk/System/Library/Frameworks/Foundation.framework/Headers/NSXMLDocument.h
/Applications/Xcode.app/Contents/Developer/Platforms/MacOSX.platform/Developer/SDKs/MacOSX26.1.sdk/System/Library/Frameworks/Foundation.framework/Headers/NSXMLElement.h
/Applications/Xcode.app/Contents/Developer/Platforms/MacOSX.platform/Developer/SDKs/MacOSX26.1.sdk/System/Library/Frameworks/Foundation.framework/Headers/NSURLDownload.h
/Applications/Xcode.app/Contents/Developer/Platforms/MacOSX.platform/Developer/SDKs/MacOSX26.1.sdk/System/Library/Frameworks/Foundation.framework/Headers/NSAppleEventDescriptor.h
/Applications/Xcode.app/Contents/Developer/Platforms/MacOSX.platform/Developer/SDKs/MacOSX26.1.sdk/System/Library/Frameworks/Foundation.framework/Headers/NSAppleEventManager.h
/Applications/Xcode.app/Contents/Developer/Platforms/MacOSX.platform/Developer/SDKs/MacOSX26.1.sdk/System/Library/Frameworks/Foundation.framework/Headers/NSClassDescription.h
/Applications/Xcode.app/Contents/Developer/Platforms/MacOSX.platform/Developer/SDKs/MacOSX26.1.sdk/System/Library/Frameworks/Foundation.framework/Headers/NSDistributedLock.h
/Applications/Xcode.app/Contents/Developer/Platforms/MacOSX.platform/Developer/SDKs/MacOSX26.1.sdk/System/Library/Frameworks/Foundation.framework/Headers/NSGarbageCollector.h
/Applications/Xcode.app/Contents/Developer/Platforms/MacOSX.platform/Developer/SDKs/MacOSX26.1.sdk/System/Library/Frameworks/Foundation.framework/Headers/NSHFSFileTypes.h
/Applications/Xcode.app/Contents/Developer/Platforms/MacOSX.platform/Developer/SDKs/MacOSX26.1.sdk/System/Library/Frameworks/Foundation.framework/Headers/NSHost.h
/Applications/Xcode.app/Contents/Developer/Platforms/MacOSX.platform/Developer/SDKs/MacOSX26.1.sdk/System/Library/Frameworks/Foundation.framework/Headers/NSObjectScripting.h
/Applications/Xcode.app/Contents/Developer/Platforms/MacOSX.platform/Developer/SDKs/MacOSX26.1.sdk/System/Library/Frameworks/Foundation.framework/Headers/NSScriptClassDescription.h
/Applications/Xcode.app/Contents/Developer/Platforms/MacOSX.platform/Developer/SDKs/MacOSX26.1.sdk/System/Library/Frameworks/Foundation.framework/Headers/NSScriptCoercionHandler.h
/Applications/Xcode.app/Contents/Developer/Platforms/MacOSX.platform/Developer/SDKs/MacOSX26.1.sdk/System/Library/Frameworks/Foundation.framework/Headers/NSScriptCommand.h
/Applications/Xcode.app/Contents/Developer/Platforms/MacOSX.platform/Developer/SDKs/MacOSX26.1.sdk/System/Library/Frameworks/Foundation.framework/Headers/NSScriptCommandDescription.h
/Applications/Xcode.app/Contents/Developer/Platforms/MacOSX.platform/Developer/SDKs/MacOSX26.1.sdk/System/Library/Frameworks/Foundation.framework/Headers/NSScriptExecutionContext.h
/Applications/Xcode.app/Contents/Developer/Platforms/MacOSX.platform/Developer/SDKs/MacOSX26.1.sdk/System/Library/Frameworks/Foundation.framework/Headers/NSScriptKeyValueCoding.h
/Applications/Xcode.app/Contents/Developer/Platforms/MacOSX.platform/Developer/SDKs/MacOSX26.1.sdk/System/Library/Frameworks/Foundation.framework/Headers/NSScriptObjectSpecifiers.h
/Applications/Xcode.app/Contents/Developer/Platforms/MacOSX.platform/Developer/SDKs/MacOSX26.1.sdk/System/Library/Frameworks/Foundation.framework/Headers/NSScriptStandardSuiteCommands.h
/Applications/Xcode.app/Contents/Developer/Platforms/MacOSX.platform/Developer/SDKs/MacOSX26.1.sdk/System/Library/Frameworks/Foundation.framework/Headers/NSScriptSuiteRegistry.h
/Applications/Xcode.app/Contents/Developer/Platforms/MacOSX.platform/Developer/SDKs/MacOSX26.1.sdk/System/Library/Frameworks/Foundation.framework/Headers/NSScriptWhoseTests.h
/Applications/Xcode.app/Contents/Developer/Platforms/MacOSX.platform/Developer/SDKs/MacOSX26.1.sdk/System/Library/Frameworks/Foundation.framework/Headers/NSSpellServer.h
/Applications/Xcode.app/Contents/Developer/Platforms/MacOSX.platform/Developer/SDKs/MacOSX26.1.sdk/System/Library/Frameworks/Foundation.framework/Headers/NSUserNotification.h
/Applications/Xcode.app/Contents/Developer/Platforms/MacOSX.platform/Developer/SDKs/MacOSX26.1.sdk/System/Library/Frameworks/Foundation.framework/Headers/NSUserScriptTask.h
/Applications/Xcode.app/Contents/Developer/Platforms/MacOSX.platform/Developer/SDKs/MacOSX26.1.sdk/System/Library/Frameworks/Foundation.framework/Headers/FoundationLegacySwiftCompatibility.h
/Applications/Xcode.app/Contents/Developer/Platforms/MacOSX.platform/Developer/SDKs/MacOSX26.1.sdk/System/Library/Frameworks/Foundation.framework/Headers/NSDebug.h
/Applications/Xcode.app/Contents/Developer/Platforms/MacOSX.platform/Developer/SDKs/MacOSX26.1.sdk/SDKSettings.json
/Applications/Xcode.app/Contents/Developer/Platforms/MacOSX.platform/Developer/SDKs/MacOSX26.1.sdk/System/Library/Frameworks/IOKit.framework/Modules/module.modulemap
/Applications/Xcode.app/Contents/Developer/Platforms/MacOSX.platform/Developer/SDKs/MacOSX26.1.sdk/System/Library/Frameworks/IOKit.framework/Headers/IOReturn.h
/Applications/Xcode.app/Contents/Developer/Platforms/MacOSX.platform/Developer/SDKs/MacOSX26.1.sdk/usr/include/dispatch.modulemap
/Applications/Xcode.app/Contents/Developer/Platforms/MacOSX.platform/Developer/SDKs/MacOSX26.1.sdk/usr/include/libkern.modulemap
/Applications/Xcode.app/Contents/Developer/Platforms/MacOSX.platform/Developer/SDKs/MacOSX26.1.sdk/usr/include/Darwin.modulemap
/Applications/Xcode.app/Contents/Developer/Platforms/MacOSX.platform/Developer/SDKs/MacOSX26.1.sdk/usr/include/Darwin_C.modulemap
/Applications/Xcode.app/Contents/Developer/Platforms/MacOSX.platform/Developer/SDKs/MacOSX26.1.sdk/usr/include/Darwin_POSIX.modulemap
/Applications/Xcode.app/Contents/Developer/Platforms/MacOSX.platform/Developer/SDKs/MacOSX26.1.sdk/usr/include/net.modulemap
/Applications/Xcode.app/Contents/Developer/Platforms/MacOSX.platform/Developer/SDKs/MacOSX26.1.sdk/usr/include/netinet.modulemap
/Applications/Xcode.app/Contents/Developer/Platforms/MacOSX.platform/Developer/SDKs/MacOSX26.1.sdk/usr/include/bank.modulemap
/Applications/Xcode.app/Contents/Developer/Platforms/MacOSX.platform/Developer/SDKs/MacOSX26.1.sdk/usr/include/Darwin_Mach.modulemap
/Applications/Xcode.app/Contents/Developer/Platforms/MacOSX.platform/Developer/SDKs/MacOSX26.1.sdk/usr/include/Darwin_Mach_machine.modulemap
/Applications/Xcode.app/Contents/Developer/Platforms/MacOSX.platform/Developer/SDKs/MacOSX26.1.sdk/usr/include/mach_debug.modulemap
/Applications/Xcode.app/Contents/Developer/Platforms/MacOSX.platform/Developer/SDKs/MacOSX26.1.sdk/usr/include/device.modulemap
/Applications/Xcode.app/Contents/Developer/Platforms/MacOSX.platform/Developer/SDKs/MacOSX26.1.sdk/usr/include/Darwin_machine.modulemap
/Applications/Xcode.app/Contents/Developer/Platforms/MacOSX.platform/Developer/SDKs/MacOSX26.1.sdk/usr/include/ncurses.modulemap
/Applications/Xcode.app/Contents/Developer/Platforms/MacOSX.platform/Developer/SDKs/MacOSX26.1.sdk/usr/include/netinet6.modulemap
/Applications/Xcode.app/Contents/Developer/Platforms/MacOSX.platform/Developer/SDKs/MacOSX26.1.sdk/usr/include/Darwin_sys.modulemap
/Applications/Xcode.app/Contents/Developer/Platforms/MacOSX.platform/Developer/SDKs/MacOSX26.1.sdk/usr/include/uuid.modulemap
/Applications/Xcode.app/Contents/Developer/Platforms/MacOSX.platform/Developer/SDKs/MacOSX26.1.sdk/usr/include/DarwinFoundation2.modulemap
/Applications/Xcode.app/Contents/Developer/Platforms/MacOSX.platform/Developer/SDKs/MacOSX26.1.sdk/usr/include/DarwinFoundation1.modulemap
/Applications/Xcode.app/Contents/Developer/Platforms/MacOSX.platform/Developer/SDKs/MacOSX26.1.sdk/System/Library/Frameworks/IOKit.framework/Headers/IOMapTypes.h
/Applications/Xcode.app/Contents/Developer/Platforms/MacOSX.platform/Developer/SDKs/MacOSX26.1.sdk/System/Library/Frameworks/IOKit.framework/Headers/IOTypes.h
/Applications/Xcode.app/Contents/Developer/Toolchains/XcodeDefault.xctoolchain/usr/lib/swift/clang/include/module.modulemap
/Applications/Xcode.app/Contents/Developer/Platforms/MacOSX.platform/Developer/SDKs/MacOSX26.1.sdk/System/Library/Frameworks/IOKit.framework/Headers/IOKitKeys.h
/Applications/Xcode.app/Contents/Developer/Platforms/MacOSX.platform/Developer/SDKs/MacOSX26.1.sdk/System/Library/Frameworks/IOKit.framework/Headers/OSMessageNotification.h
/Applications/Xcode.app/Contents/Developer/Platforms/MacOSX.platform/Developer/SDKs/MacOSX26.1.sdk/System/Library/Frameworks/IOKit.framework/Headers/IOKitLib.h
/Applications/Xcode.app/Contents/Developer/Platforms/MacOSX.platform/Developer/SDKs/MacOSX26.1.sdk/System/Library/Frameworks/CoreFoundation.framework/Modules/module.modulemap
/Applications/Xcode.app/Contents/Developer/Platforms/MacOSX.platform/Developer/SDKs/MacOSX26.1.sdk/System/Library/Frameworks/IOKit.framework/Headers/IOBSD.h
/Applications/Xcode.app/Contents/Developer/Platforms/MacOSX.platform/Developer/SDKs/MacOSX26.1.sdk/System/Library/Frameworks/IOKit.framework/Headers/IODataQueueClient.h
/Applications/Xcode.app/Contents/Developer/Platforms/MacOSX.platform/Developer/SDKs/MacOSX26.1.sdk/System/Library/Frameworks/IOKit.framework/Headers/IODataQueueShared.h
/Applications/Xcode.app/Contents/Developer/Platforms/MacOSX.platform/Developer/SDKs/MacOSX26.1.sdk/System/Library/Frameworks/IOKit.framework/Headers/IOCFBundle.h
/Applications/Xcode.app/Contents/Developer/Platforms/MacOSX.platform/Developer/SDKs/MacOSX26.1.sdk/System/Library/Frameworks/IOKit.framework/Headers/IOSharedLock.h
/Applications/Xcode.app/Contents/Developer/Platforms/MacOSX.platform/Developer/SDKs/MacOSX26.1.sdk/System/Library/Frameworks/IOKit.framework/Headers/IOCFPlugIn.h
/Applications/Xcode.app/Contents/Developer/Platforms/MacOSX.platform/Developer/SDKs/MacOSX26.1.sdk/System/Library/Frameworks/IOKit.framework/Headers/IOCFSerialize.h
/Applications/Xcode.app/Contents/Developer/Platforms/MacOSX.platform/Developer/SDKs/MacOSX26.1.sdk/System/Library/Frameworks/IOKit.framework/Headers/IOCFURLAccess.h
/Applications/Xcode.app/Contents/Developer/Platforms/MacOSX.platform/Developer/SDKs/MacOSX26.1.sdk/System/Library/Frameworks/IOKit.framework/Headers/IOKitServer.h
/Applications/Xcode.app/Contents/Developer/Platforms/MacOSX.platform/Developer/SDKs/MacOSX26.1.sdk/System/Library/Frameworks/IOKit.framework/Headers/IOCFUnserialize.h
/Applications/Xcode.app/Contents/Developer/Platforms/MacOSX.platform/Developer/SDKs/MacOSX26.1.sdk/System/Library/Frameworks/IOKit.framework/Headers/IOMessage.h
/Applications/Xcode.app/Contents/Developer/Platforms/MacOSX.platform/Developer/SDKs/MacOSX26.1.sdk/System/Library/Frameworks/IOKit.framework/Headers/IORPC.h
/Applications/Xcode.app/Contents/Developer/Platforms/MacOSX.platform/Developer/SDKs/MacOSX26.1.sdk/System/Library/Frameworks/IOKit.framework/Headers/IOUserServer.h
/Applications/Xcode.app/Contents/Developer/Platforms/MacOSX.platform/Developer/SDKs/MacOSX26.1.sdk/System/Library/Frameworks/IOKit.framework/Headers/audio/IOAudioDefines.h
/Applications/Xcode.app/Contents/Developer/Platforms/MacOSX.platform/Developer/SDKs/MacOSX26.1.sdk/System/Library/Frameworks/IOKit.framework/Headers/audio/IOAudioLib.h
/Applications/Xcode.app/Contents/Developer/Platforms/MacOSX.platform/Developer/SDKs/MacOSX26.1.sdk/System/Library/Frameworks/IOKit.framework/Headers/audio/IOAudioTypes.h
/Applications/Xcode.app/Contents/Developer/Platforms/MacOSX.platform/Developer/SDKs/MacOSX26.1.sdk/System/Library/Frameworks/IOKit.framework/Headers/avc/IOFireWireAVCConsts.h
/Applications/Xcode.app/Contents/Developer/Platforms/MacOSX.platform/Developer/SDKs/MacOSX26.1.sdk/System/Library/Frameworks/IOKit.framework/Headers/avc/IOFireWireAVCLib.h
/Applications/Xcode.app/Contents/Developer/Platforms/MacOSX.platform/Developer/SDKs/MacOSX26.1.sdk/System/Library/Frameworks/IOKit.framework/Headers/firewire/IOFireWireFamilyCommon.h
/Applications/Xcode.app/Contents/Developer/Platforms/MacOSX.platform/Developer/SDKs/MacOSX26.1.sdk/System/Library/Frameworks/IOKit.framework/Headers/firewire/IOFireWireLib.h
/Applications/Xcode.app/Contents/Developer/Platforms/MacOSX.platform/Developer/SDKs/MacOSX26.1.sdk/System/Library/Frameworks/IOKit.framework/Headers/firewire/IOFireWireLibIsoch.h
/Applications/Xcode.app/Contents/Developer/Platforms/MacOSX.platform/Developer/SDKs/MacOSX26.1.sdk/System/Library/Frameworks/IOKit.framework/Headers/graphics/IOAccelClientConnect.h
/Applications/Xcode.app/Contents/Developer/Platforms/MacOSX.platform/Developer/SDKs/MacOSX26.1.sdk/System/Library/Frameworks/IOKit.framework/Headers/graphics/IOGraphicsInterface.h
/Applications/Xcode.app/Contents/Developer/Platforms/MacOSX.platform/Developer/SDKs/MacOSX26.1.sdk/System/Library/Frameworks/IOKit.framework/Headers/graphics/IOGraphicsInterfaceTypes.h
/Applications/Xcode.app/Contents/Developer/Platforms/MacOSX.platform/Developer/SDKs/MacOSX26.1.sdk/System/Library/Frameworks/IOKit.framework/Headers/graphics/IOAccelSurfaceConnect.h
/Applications/Xcode.app/Contents/Developer/Platforms/MacOSX.platform/Developer/SDKs/MacOSX26.1.sdk/System/Library/Frameworks/IOKit.framework/Headers/graphics/IOAccelTypes.h
/Applications/Xcode.app/Contents/Developer/Platforms/MacOSX.platform/Developer/SDKs/MacOSX26.1.sdk/System/Library/Frameworks/IOKit.framework/Headers/graphics/IOGraphicsLib.h
/Applications/Xcode.app/Contents/Developer/Platforms/MacOSX.platform/Developer/SDKs/MacOSX26.1.sdk/System/Library/Frameworks/IOKit.framework/Headers/graphics/IOFramebufferShared.h
/Applications/Xcode.app/Contents/Developer/Platforms/MacOSX.platform/Developer/SDKs/MacOSX26.1.sdk/System/Library/Frameworks/IOKit.framework/Headers/hidsystem/IOHIDTypes.h
/Applications/Xcode.app/Contents/Developer/Platforms/MacOSX.platform/Developer/SDKs/MacOSX26.1.sdk/System/Library/Frameworks/IOKit.framework/Headers/graphics/IOGraphicsTypes.h
/Applications/Xcode.app/Contents/Developer/Platforms/MacOSX.platform/Developer/SDKs/MacOSX26.1.sdk/System/Library/Frameworks/IOKit.framework/Headers/graphics/IOGraphicsEngine.h
/Applications/Xcode.app/Contents/Developer/Platforms/MacOSX.platform/Developer/SDKs/MacOSX26.1.sdk/System/Library/Frameworks/IOKit.framework/Headers/hid/IOHIDBase.h
/Applications/Xcode.app/Contents/Developer/Platforms/MacOSX.platform/Developer/SDKs/MacOSX26.1.sdk/System/Library/Frameworks/IOKit.framework/Headers/hid/IOHIDKeys.h
/Applications/Xcode.app/Contents/Developer/Platforms/MacOSX.platform/Developer/SDKs/MacOSX26.1.sdk/System/Library/Frameworks/IOKit.framework/Headers/hidsystem/IOHIDParameter.h
/Applications/Xcode.app/Contents/Developer/Platforms/MacOSX.platform/Developer/SDKs/MacOSX26.1.sdk/System/Library/Frameworks/IOKit.framework/Headers/hidsystem/IOLLEvent.h
/Applications/Xcode.app/Contents/Developer/Platforms/MacOSX.platform/Developer/SDKs/MacOSX26.1.sdk/System/Library/Frameworks/IOKit.framework/Headers/hid/IOHIDProperties.h
/Applications/Xcode.app/Contents/Developer/Platforms/MacOSX.platform/Developer/SDKs/MacOSX26.1.sdk/System/Library/Frameworks/IOKit.framework/Headers/hid/IOHIDEventServiceKeys.h
/Applications/Xcode.app/Contents/Developer/Platforms/MacOSX.platform/Developer/SDKs/MacOSX26.1.sdk/System/Library/Frameworks/IOKit.framework/Headers/hid/IOHIDDeviceTypes.h
/Applications/Xcode.app/Contents/Developer/Platforms/MacOSX.platform/Developer/SDKs/MacOSX26.1.sdk/System/Library/Frameworks/IOKit.framework/Headers/hid/IOHIDDeviceKeys.h
/Applications/Xcode.app/Contents/Developer/Platforms/MacOSX.platform/Developer/SDKs/MacOSX26.1.sdk/System/Library/Frameworks/IOKit.framework/Headers/hid/IOHIDQueue.h
/Applications/Xcode.app/Contents/Developer/Platforms/MacOSX.platform/Developer/SDKs/MacOSX26.1.sdk/System/Library/Frameworks/IOKit.framework/Headers/hid/IOHIDDevice.h
/Applications/Xcode.app/Contents/Developer/Platforms/MacOSX.platform/Developer/SDKs/MacOSX26.1.sdk/System/Library/Frameworks/IOKit.framework/Headers/hid/IOHIDLib.h
/Applications/Xcode.app/Contents/Developer/Platforms/MacOSX.platform/Developer/SDKs/MacOSX26.1.sdk/System/Library/Frameworks/IOKit.framework/Headers/hid/IOHIDElement.h
/Applications/Xcode.app/Contents/Developer/Platforms/MacOSX.platform/Developer/SDKs/MacOSX26.1.sdk/System/Library/Frameworks/IOKit.framework/Headers/hid/IOHIDLibObsolete.h
/Applications/Xcode.app/Contents/Developer/Platforms/MacOSX.platform/Developer/SDKs/MacOSX26.1.sdk/System/Library/Frameworks/IOKit.framework/Headers/hid/IOHIDManager.h
/Applications/Xcode.app/Contents/Developer/Platforms/MacOSX.platform/Developer/SDKs/MacOSX26.1.sdk/System/Library/Frameworks/IOKit.framework/Headers/hid/IOHIDUsageTables.h
/Applications/Xcode.app/Contents/Developer/Platforms/MacOSX.platform/Developer/SDKs/MacOSX26.1.sdk/System/Library/Frameworks/IOKit.framework/Headers/hid/IOHIDValue.h
/Applications/Xcode.app/Contents/Developer/Platforms/MacOSX.platform/Developer/SDKs/MacOSX26.1.sdk/System/Library/Frameworks/IOKit.framework/Headers/hid/IOHIDTransaction.h
/Applications/Xcode.app/Contents/Developer/Platforms/MacOSX.platform/Developer/SDKs/MacOSX26.1.sdk/System/Library/Frameworks/IOKit.framework/Headers/hid/IOHIDDevicePlugIn.h
/Applications/Xcode.app/Contents/Developer/Platforms/MacOSX.platform/Developer/SDKs/MacOSX26.1.sdk/System/Library/Frameworks/IOKit.framework/Headers/hid/IOHIDEventServiceTypes.h
/Applications/Xcode.app/Contents/Developer/Platforms/MacOSX.platform/Developer/SDKs/MacOSX26.1.sdk/System/Library/Frameworks/IOKit.framework/Headers/hidsystem/IOHIDLib.h
/Applications/Xcode.app/Contents/Developer/Platforms/MacOSX.platform/Developer/SDKs/MacOSX26.1.sdk/System/Library/Frameworks/IOKit.framework/Headers/hidsystem/IOHIDShared.h
/Applications/Xcode.app/Contents/Developer/Platforms/MacOSX.platform/Developer/SDKs/MacOSX26.1.sdk/System/Library/Frameworks/IOKit.framework/Headers/hidsystem/event_status_driver.h
/Applications/Xcode.app/Contents/Developer/Platforms/MacOSX.platform/Developer/SDKs/MacOSX26.1.sdk/System/Library/Frameworks/IOKit.framework/Headers/hidsystem/ev_keymap.h
/Applications/Xcode.app/Contents/Developer/Platforms/MacOSX.platform/Developer/SDKs/MacOSX26.1.sdk/System/Library/Frameworks/IOKit.framework/Headers/hidsystem/IOHIDEventSystemClient.h
/Applications/Xcode.app/Contents/Developer/Platforms/MacOSX.platform/Developer/SDKs/MacOSX26.1.sdk/System/Library/Frameworks/IOKit.framework/Headers/hidsystem/IOHIDServiceClient.h
/Applications/Xcode.app/Contents/Developer/Platforms/MacOSX.platform/Developer/SDKs/MacOSX26.1.sdk/System/Library/Frameworks/IOKit.framework/Headers/hidsystem/IOHIDUserDevice.h
/Applications/Xcode.app/Contents/Developer/Platforms/MacOSX.platform/Developer/SDKs/MacOSX26.1.sdk/System/Library/Frameworks/IOKit.framework/Headers/i2c/IOI2CInterface.h
/Applications/Xcode.app/Contents/Developer/Platforms/MacOSX.platform/Developer/SDKs/MacOSX26.1.sdk/System/Library/Frameworks/IOKit.framework/Headers/kext/KextManager.h
/Applications/Xcode.app/Contents/Developer/Platforms/MacOSX.platform/Developer/SDKs/MacOSX26.1.sdk/System/Library/Frameworks/IOKit.framework/Headers/network/IOEthernetController.h
/Applications/Xcode.app/Contents/Developer/Platforms/MacOSX.platform/Developer/SDKs/MacOSX26.1.sdk/System/Library/Frameworks/IOKit.framework/Headers/network/IONetworkController.h
/Applications/Xcode.app/Contents/Developer/Platforms/MacOSX.platform/Developer/SDKs/MacOSX26.1.sdk/System/Library/Frameworks/IOKit.framework/Headers/network/IONetworkData.h
/Applications/Xcode.app/Contents/Developer/Platforms/MacOSX.platform/Developer/SDKs/MacOSX26.1.sdk/System/Library/Frameworks/IOKit.framework/Headers/network/IONetworkStack.h
/Applications/Xcode.app/Contents/Developer/Platforms/MacOSX.platform/Developer/SDKs/MacOSX26.1.sdk/System/Library/Frameworks/IOKit.framework/Headers/network/IOEthernetInterface.h
/Applications/Xcode.app/Contents/Developer/Platforms/MacOSX.platform/Developer/SDKs/MacOSX26.1.sdk/System/Library/Frameworks/IOKit.framework/Headers/network/IONetworkInterface.h
/Applications/Xcode.app/Contents/Developer/Platforms/MacOSX.platform/Developer/SDKs/MacOSX26.1.sdk/System/Library/Frameworks/IOKit.framework/Headers/network/IONetworkStats.h
/Applications/Xcode.app/Contents/Developer/Platforms/MacOSX.platform/Developer/SDKs/MacOSX26.1.sdk/System/Library/Frameworks/IOKit.framework/Headers/network/IOEthernetStats.h
/Applications/Xcode.app/Contents/Developer/Platforms/MacOSX.platform/Developer/SDKs/MacOSX26.1.sdk/System/Library/Frameworks/IOKit.framework/Headers/network/IONetworkLib.h
/Applications/Xcode.app/Contents/Developer/Platforms/MacOSX.platform/Developer/SDKs/MacOSX26.1.sdk/System/Library/Frameworks/IOKit.framework/Headers/network/IONetworkMedium.h
/Applications/Xcode.app/Contents/Developer/Platforms/MacOSX.platform/Developer/SDKs/MacOSX26.1.sdk/System/Library/Frameworks/IOKit.framework/Headers/network/IONetworkUserClient.h
/Applications/Xcode.app/Contents/Developer/Platforms/MacOSX.platform/Developer/SDKs/MacOSX26.1.sdk/System/Library/Frameworks/IOKit.framework/Headers/ps/IOPSKeys.h
/Applications/Xcode.app/Contents/Developer/Platforms/MacOSX.platform/Developer/SDKs/MacOSX26.1.sdk/System/Library/Frameworks/IOKit.framework/Headers/ps/IOPowerSources.h
/Applications/Xcode.app/Contents/Developer/Platforms/MacOSX.platform/Developer/SDKs/MacOSX26.1.sdk/System/Library/Frameworks/IOKit.framework/Headers/ps/IOUPSPlugIn.h
/Applications/Xcode.app/Contents/Developer/Platforms/MacOSX.platform/Developer/SDKs/MacOSX26.1.sdk/System/Library/Frameworks/IOKit.framework/Headers/pwr_mgt/IOPM.h
/Applications/Xcode.app/Contents/Developer/Platforms/MacOSX.platform/Developer/SDKs/MacOSX26.1.sdk/System/Library/Frameworks/IOKit.framework/Headers/pwr_mgt/IOPMKeys.h
/Applications/Xcode.app/Contents/Developer/Platforms/MacOSX.platform/Developer/SDKs/MacOSX26.1.sdk/System/Library/Frameworks/IOKit.framework/Headers/pwr_mgt/IOPMLib.h
/Applications/Xcode.app/Contents/Developer/Platforms/MacOSX.platform/Developer/SDKs/MacOSX26.1.sdk/System/Library/Frameworks/IOKit.framework/Headers/pwr_mgt/IOPMLibDefs.h
/Applications/Xcode.app/Contents/Developer/Platforms/MacOSX.platform/Developer/SDKs/MacOSX26.1.sdk/System/Library/Frameworks/IOKit.framework/Headers/sbp2/IOFireWireSBP2Lib.h
/Applications/Xcode.app/Contents/Developer/Platforms/MacOSX.platform/Developer/SDKs/MacOSX26.1.sdk/System/Library/Frameworks/IOKit.framework/Headers/scsi/IOSCSIMultimediaCommandsDevice.h
/Applications/Xcode.app/Contents/Developer/Platforms/MacOSX.platform/Developer/SDKs/MacOSX26.1.sdk/System/Library/Frameworks/IOKit.framework/Headers/storage/IOStorageDeviceCharacteristics.h
/Applications/Xcode.app/Contents/Developer/Platforms/MacOSX.platform/Developer/SDKs/MacOSX26.1.sdk/System/Library/Frameworks/IOKit.framework/Headers/storage/IOStorageProtocolCharacteristics.h
/Applications/Xcode.app/Contents/Developer/Platforms/MacOSX.platform/Developer/SDKs/MacOSX26.1.sdk/System/Library/Frameworks/IOKit.framework/Headers/storage/IOStorageControllerCharacteristics.h
/Applications/Xcode.app/Contents/Developer/Platforms/MacOSX.platform/Developer/SDKs/MacOSX26.1.sdk/System/Library/Frameworks/IOKit.framework/Headers/scsi/SCSICmds_REQUEST_SENSE_Defs.h
/Applications/Xcode.app/Contents/Developer/Platforms/MacOSX.platform/Developer/SDKs/MacOSX26.1.sdk/System/Library/Frameworks/IOKit.framework/Headers/scsi/SCSICmds_INQUIRY_Definitions.h
/Applications/Xcode.app/Contents/Developer/Platforms/MacOSX.platform/Developer/SDKs/MacOSX26.1.sdk/System/Library/Frameworks/IOKit.framework/Headers/scsi/SCSICommandDefinitions.h
/Applications/Xcode.app/Contents/Developer/Platforms/MacOSX.platform/Developer/SDKs/MacOSX26.1.sdk/System/Library/Frameworks/IOKit.framework/Headers/scsi/SCSICmds_MODE_Definitions.h
/Applications/Xcode.app/Contents/Developer/Platforms/MacOSX.platform/Developer/SDKs/MacOSX26.1.sdk/System/Library/Frameworks/IOKit.framework/Headers/scsi/SCSICommandOperationCodes.h
/Applications/Xcode.app/Contents/Developer/Platforms/MacOSX.platform/Developer/SDKs/MacOSX26.1.sdk/System/Library/Frameworks/IOKit.framework/Headers/scsi/SCSICmds_READ_CAPACITY_Definitions.h
/Applications/Xcode.app/Contents/Developer/Platforms/MacOSX.platform/Developer/SDKs/MacOSX26.1.sdk/System/Library/Frameworks/IOKit.framework/Headers/scsi/SCSITask.h
/Applications/Xcode.app/Contents/Developer/Platforms/MacOSX.platform/Developer/SDKs/MacOSX26.1.sdk/System/Library/Frameworks/IOKit.framework/Headers/scsi/SCSICmds_REPORT_LUNS_Definitions.h
/Applications/Xcode.app/Contents/Developer/Platforms/MacOSX.platform/Developer/SDKs/MacOSX26.1.sdk/System/Library/Frameworks/IOKit.framework/Headers/scsi/SCSITaskLib.h
/Applications/Xcode.app/Contents/Developer/Platforms/MacOSX.platform/Developer/SDKs/MacOSX26.1.sdk/System/Library/Frameworks/IOKit.framework/Headers/serial/IOSerialKeys.h
/Applications/Xcode.app/Contents/Developer/Platforms/MacOSX.platform/Developer/SDKs/MacOSX26.1.sdk/System/Library/Frameworks/IOKit.framework/Headers/serial/ioss.h
/Applications/Xcode.app/Contents/Developer/Platforms/MacOSX.platform/Developer/SDKs/MacOSX26.1.sdk/System/Library/Frameworks/IOKit.framework/Headers/storage/IOAppleLabelScheme.h
/Applications/Xcode.app/Contents/Developer/Platforms/MacOSX.platform/Developer/SDKs/MacOSX26.1.sdk/System/Library/Frameworks/IOKit.framework/Headers/storage/IODVDMediaBSDClient.h
/Applications/Xcode.app/Contents/Developer/Platforms/MacOSX.platform/Developer/SDKs/MacOSX26.1.sdk/System/Library/Frameworks/IOKit.framework/Headers/storage/IODVDTypes.h
/Applications/Xcode.app/Contents/Developer/Platforms/MacOSX.platform/Developer/SDKs/MacOSX26.1.sdk/System/Library/Frameworks/IOKit.framework/Headers/storage/IOApplePartitionScheme.h
/Applications/Xcode.app/Contents/Developer/Platforms/MacOSX.platform/Developer/SDKs/MacOSX26.1.sdk/System/Library/Frameworks/IOKit.framework/Headers/storage/IOBDBlockStorageDevice.h
/Applications/Xcode.app/Contents/Developer/Platforms/MacOSX.platform/Developer/SDKs/MacOSX26.1.sdk/System/Library/Frameworks/IOKit.framework/Headers/storage/IOBDTypes.h
/Applications/Xcode.app/Contents/Developer/Platforms/MacOSX.platform/Developer/SDKs/MacOSX26.1.sdk/System/Library/Frameworks/IOKit.framework/Headers/storage/IOFDiskPartitionScheme.h
/Applications/Xcode.app/Contents/Developer/Platforms/MacOSX.platform/Developer/SDKs/MacOSX26.1.sdk/System/Library/Frameworks/IOKit.framework/Headers/storage/IOBDMedia.h
/Applications/Xcode.app/Contents/Developer/Platforms/MacOSX.platform/Developer/SDKs/MacOSX26.1.sdk/System/Library/Frameworks/IOKit.framework/Headers/storage/IOFilterScheme.h
/Applications/Xcode.app/Contents/Developer/Platforms/MacOSX.platform/Developer/SDKs/MacOSX26.1.sdk/System/Library/Frameworks/IOKit.framework/Headers/storage/IOBDMediaBSDClient.h
/Applications/Xcode.app/Contents/Developer/Platforms/MacOSX.platform/Developer/SDKs/MacOSX26.1.sdk/System/Library/Frameworks/IOKit.framework/Headers/storage/IOFireWireStorageCharacteristics.h
/Applications/Xcode.app/Contents/Developer/Platforms/MacOSX.platform/Developer/SDKs/MacOSX26.1.sdk/System/Library/Frameworks/IOKit.framework/Headers/storage/IOGUIDPartitionScheme.h
/Applications/Xcode.app/Contents/Developer/Platforms/MacOSX.platform/Developer/SDKs/MacOSX26.1.sdk/System/Library/Frameworks/IOKit.framework/Headers/storage/IOBlockStorageDevice.h
/Applications/Xcode.app/Contents/Developer/Platforms/MacOSX.platform/Developer/SDKs/MacOSX26.1.sdk/System/Library/Frameworks/IOKit.framework/Headers/storage/IOMedia.h
/Applications/Xcode.app/Contents/Developer/Platforms/MacOSX.platform/Developer/SDKs/MacOSX26.1.sdk/System/Library/Frameworks/IOKit.framework/Headers/storage/IOBlockStorageDriver.h
/Applications/Xcode.app/Contents/Developer/Platforms/MacOSX.platform/Developer/SDKs/MacOSX26.1.sdk/System/Library/Frameworks/IOKit.framework/Headers/storage/IOMediaBSDClient.h
/Applications/Xcode.app/Contents/Developer/Platforms/MacOSX.platform/Developer/SDKs/MacOSX26.1.sdk/System/Library/Frameworks/IOKit.framework/Headers/storage/IOCDBlockStorageDevice.h
/Applications/Xcode.app/Contents/Developer/Platforms/MacOSX.platform/Developer/SDKs/MacOSX26.1.sdk/System/Library/Frameworks/IOKit.framework/Headers/storage/IOCDTypes.h
/Applications/Xcode.app/Contents/Developer/Platforms/MacOSX.platform/Developer/SDKs/MacOSX26.1.sdk/System/Library/Frameworks/IOKit.framework/Headers/storage/IOPartitionScheme.h
/Applications/Xcode.app/Contents/Developer/Platforms/MacOSX.platform/Developer/SDKs/MacOSX26.1.sdk/System/Library/Frameworks/IOKit.framework/Headers/storage/IOCDMedia.h
/Applications/Xcode.app/Contents/Developer/Platforms/MacOSX.platform/Developer/SDKs/MacOSX26.1.sdk/System/Library/Frameworks/IOKit.framework/Headers/storage/IOStorage.h
/Applications/Xcode.app/Contents/Developer/Platforms/MacOSX.platform/Developer/SDKs/MacOSX26.1.sdk/System/Library/Frameworks/IOKit.framework/Headers/storage/IOCDMediaBSDClient.h
/Applications/Xcode.app/Contents/Developer/Platforms/MacOSX.platform/Developer/SDKs/MacOSX26.1.sdk/System/Library/Frameworks/IOKit.framework/Headers/storage/IOStorageCardCharacteristics.h
/Applications/Xcode.app/Contents/Developer/Platforms/MacOSX.platform/Developer/SDKs/MacOSX26.1.sdk/System/Library/Frameworks/IOKit.framework/Headers/storage/IOCDPartitionScheme.h
/Applications/Xcode.app/Contents/Developer/Platforms/MacOSX.platform/Developer/SDKs/MacOSX26.1.sdk/System/Library/Frameworks/IOKit.framework/Headers/storage/IODVDBlockStorageDevice.h
/Applications/Xcode.app/Contents/Developer/Platforms/MacOSX.platform/Developer/SDKs/MacOSX26.1.sdk/System/Library/Frameworks/IOKit.framework/Headers/storage/IODVDMedia.h
/Applications/Xcode.app/Contents/Developer/Platforms/MacOSX.platform/Developer/SDKs/MacOSX26.1.sdk/System/Library/Frameworks/IOKit.framework/Headers/storage/ata/ATASMARTLib.h
/Applications/Xcode.app/Contents/Developer/Platforms/MacOSX.platform/Developer/SDKs/MacOSX26.1.sdk/System/Library/Frameworks/IOKit.framework/Headers/storage/ata/IOATAStorageDefines.h
/Applications/Xcode.app/Contents/Developer/Platforms/MacOSX.platform/Developer/SDKs/MacOSX26.1.sdk/System/Library/Frameworks/IOKit.framework/Headers/stream/IOStreamLib.h
/Applications/Xcode.app/Contents/Developer/Platforms/MacOSX.platform/Developer/SDKs/MacOSX26.1.sdk/System/Library/Frameworks/IOKit.framework/Headers/stream/IOStreamShared.h
/Applications/Xcode.app/Contents/Developer/Platforms/MacOSX.platform/Developer/SDKs/MacOSX26.1.sdk/System/Library/Frameworks/IOKit.framework/Headers/usb/AppleUSBDefinitions.h
/Applications/Xcode.app/Contents/Developer/Platforms/MacOSX.platform/Developer/SDKs/MacOSX26.1.sdk/System/Library/Frameworks/IOKit.framework/Headers/usb/IOUSBHostFamilyDefinitions.h
/Applications/Xcode.app/Contents/Developer/Platforms/MacOSX.platform/Developer/SDKs/MacOSX26.1.sdk/System/Library/Frameworks/IOKit.framework/Headers/usb/IOUSBLib.h
/Applications/Xcode.app/Contents/Developer/Platforms/MacOSX.platform/Developer/SDKs/MacOSX26.1.sdk/System/Library/Frameworks/IOKit.framework/Headers/usb/USB.h
/Applications/Xcode.app/Contents/Developer/Platforms/MacOSX.platform/Developer/SDKs/MacOSX26.1.sdk/System/Library/Frameworks/IOKit.framework/Headers/usb/USBSpec.h
/Applications/Xcode.app/Contents/Developer/Platforms/MacOSX.platform/Developer/SDKs/MacOSX26.1.sdk/SDKSettings.json
/Applications/Xcode.app/Contents/Developer/Toolchains/XcodeDefault.xctoolchain/usr/lib/swift/macosx/prebuilt-modules/26.1/IOKit.swiftmodule/arm64e-apple-macos.swiftmodule
/Users/rogerlin/Library/Developer/Xcode/DerivedData/FinancialCalculatorKit-ackorybalcxbfocbkqsfdzcfkgmn/Build/Products/Debug/IssueReporting.swiftmodule/arm64-apple-macos.swiftmodule
/Applications/Xcode.app/Contents/Developer/Platforms/MacOSX.platform/Developer/SDKs/MacOSX26.1.sdk/usr/include/DarwinBasic.modulemap
/Applications/Xcode.app/Contents/Developer/Platforms/MacOSX.platform/Developer/SDKs/MacOSX26.1.sdk/usr/include/Darwin.modulemap
/Applications/Xcode.app/Contents/Developer/Platforms/MacOSX.platform/Developer/SDKs/MacOSX26.1.sdk/usr/include/Darwin_C.modulemap
/Applications/Xcode.app/Contents/Developer/Platforms/MacOSX.platform/Developer/SDKs/MacOSX26.1.sdk/usr/include/Darwin_POSIX.modulemap
/Applications/Xcode.app/Contents/Developer/Platforms/MacOSX.platform/Developer/SDKs/MacOSX26.1.sdk/usr/include/net.modulemap
/Applications/Xcode.app/Contents/Developer/Platforms/MacOSX.platform/Developer/SDKs/MacOSX26.1.sdk/usr/include/netinet.modulemap
/Applications/Xcode.app/Contents/Developer/Platforms/MacOSX.platform/Developer/SDKs/MacOSX26.1.sdk/usr/include/bank.modulemap
/Applications/Xcode.app/Contents/Developer/Platforms/MacOSX.platform/Developer/SDKs/MacOSX26.1.sdk/usr/include/Darwin_Mach.modulemap
/Applications/Xcode.app/Contents/Developer/Platforms/MacOSX.platform/Developer/SDKs/MacOSX26.1.sdk/usr/include/Darwin_Mach_machine.modulemap
/Applications/Xcode.app/Contents/Developer/Platforms/MacOSX.platform/Developer/SDKs/MacOSX26.1.sdk/usr/include/mach_debug.modulemap
/Applications/Xcode.app/Contents/Developer/Platforms/MacOSX.platform/Developer/SDKs/MacOSX26.1.sdk/usr/include/device.modulemap
/Applications/Xcode.app/Contents/Developer/Platforms/MacOSX.platform/Developer/SDKs/MacOSX26.1.sdk/usr/include/Darwin_machine.modulemap
/Applications/Xcode.app/Contents/Developer/Platforms/MacOSX.platform/Developer/SDKs/MacOSX26.1.sdk/usr/include/ncurses.modulemap
/Applications/Xcode.app/Contents/Developer/Platforms/MacOSX.platform/Developer/SDKs/MacOSX26.1.sdk/usr/include/netinet6.modulemap
/Applications/Xcode.app/Contents/Developer/Platforms/MacOSX.platform/Developer/SDKs/MacOSX26.1.sdk/usr/include/Darwin_sys.modulemap
/Applications/Xcode.app/Contents/Developer/Platforms/MacOSX.platform/Developer/SDKs/MacOSX26.1.sdk/usr/include/uuid.modulemap
/Applications/Xcode.app/Contents/Developer/Platforms/MacOSX.platform/Developer/SDKs/MacOSX26.1.sdk/usr/include/DarwinFoundation2.modulemap
/Applications/Xcode.app/Contents/Developer/Platforms/MacOSX.platform/Developer/SDKs/MacOSX26.1.sdk/usr/include/DarwinFoundation3.modulemap
/Applications/Xcode.app/Contents/Developer/Platforms/MacOSX.platform/Developer/SDKs/MacOSX26.1.sdk/usr/include/DarwinFoundation1.modulemap
/Applications/Xcode.app/Contents/Developer/Platforms/MacOSX.platform/Developer/SDKs/MacOSX26.1.sdk/usr/include/mach-o/arch.h
/Applications/Xcode.app/Contents/Developer/Toolchains/XcodeDefault.xctoolchain/usr/lib/swift/clang/include/module.modulemap
/Applications/Xcode.app/Contents/Developer/Platforms/MacOSX.platform/Developer/SDKs/MacOSX26.1.sdk/usr/include/mach-o/arm/reloc.h
/Applications/Xcode.app/Contents/Developer/Platforms/MacOSX.platform/Developer/SDKs/MacOSX26.1.sdk/usr/include/mach-o/arm64/reloc.h
/Applications/Xcode.app/Contents/Developer/Platforms/MacOSX.platform/Developer/SDKs/MacOSX26.1.sdk/usr/include/mach-o/compact_unwind_encoding.h
/Applications/Xcode.app/Contents/Developer/Platforms/MacOSX.platform/Developer/SDKs/MacOSX26.1.sdk/usr/include/mach-o/dyld.h
/Applications/Xcode.app/Contents/Developer/Toolchains/XcodeDefault.xctoolchain/usr/lib/swift/clang/include/stddef.h
/Applications/Xcode.app/Contents/Developer/Platforms/MacOSX.platform/Developer/SDKs/MacOSX26.1.sdk/usr/include/mach-o/loader.h
/Applications/Xcode.app/Contents/Developer/Platforms/MacOSX.platform/Developer/SDKs/MacOSX26.1.sdk/usr/include/mach-o/dyld_images.h
/Applications/Xcode.app/Contents/Developer/Platforms/MacOSX.platform/Developer/SDKs/MacOSX26.1.sdk/usr/include/mach-o/fat.h
/Applications/Xcode.app/Contents/Developer/Platforms/MacOSX.platform/Developer/SDKs/MacOSX26.1.sdk/usr/include/mach-o/fixup-chains.h
/Applications/Xcode.app/Contents/Developer/Platforms/MacOSX.platform/Developer/SDKs/MacOSX26.1.sdk/usr/include/mach-o/getsect.h
/Applications/Xcode.app/Contents/Developer/Platforms/MacOSX.platform/Developer/SDKs/MacOSX26.1.sdk/usr/include/mach-o/ldsyms.h
/Applications/Xcode.app/Contents/Developer/Platforms/MacOSX.platform/Developer/SDKs/MacOSX26.1.sdk/usr/include/mach-o/nlist.h
/Applications/Xcode.app/Contents/Developer/Platforms/MacOSX.platform/Developer/SDKs/MacOSX26.1.sdk/usr/include/mach-o/ranlib.h
/Applications/Xcode.app/Contents/Developer/Platforms/MacOSX.platform/Developer/SDKs/MacOSX26.1.sdk/usr/include/mach-o/reloc.h
/Applications/Xcode.app/Contents/Developer/Platforms/MacOSX.platform/Developer/SDKs/MacOSX26.1.sdk/usr/include/mach-o/stab.h
/Applications/Xcode.app/Contents/Developer/Platforms/MacOSX.platform/Developer/SDKs/MacOSX26.1.sdk/usr/include/mach-o/swap.h
/Applications/Xcode.app/Contents/Developer/Platforms/MacOSX.platform/Developer/SDKs/MacOSX26.1.sdk/usr/include/mach-o/utils.h
/Applications/Xcode.app/Contents/Developer/Platforms/MacOSX.platform/Developer/SDKs/MacOSX26.1.sdk/usr/include/mach-o/x86_64/reloc.h
/Applications/Xcode.app/Contents/Developer/Platforms/MacOSX.platform/Developer/SDKs/MacOSX26.1.sdk/SDKSettings.json
/Applications/Xcode.app/Contents/Developer/Platforms/MacOSX.platform/Developer/SDKs/MacOSX26.1.sdk/usr/include/ObjectiveC.apinotes
/Applications/Xcode.app/Contents/Developer/Platforms/MacOSX.platform/Developer/SDKs/MacOSX26.1.sdk/usr/include/DarwinBasic.modulemap
/Applications/Xcode.app/Contents/Developer/Platforms/MacOSX.platform/Developer/SDKs/MacOSX26.1.sdk/usr/include/ObjectiveC.modulemap
/Applications/Xcode.app/Contents/Developer/Platforms/MacOSX.platform/Developer/SDKs/MacOSX26.1.sdk/usr/include/Darwin.modulemap
/Applications/Xcode.app/Contents/Developer/Platforms/MacOSX.platform/Developer/SDKs/MacOSX26.1.sdk/usr/include/Darwin_C.modulemap
/Applications/Xcode.app/Contents/Developer/Platforms/MacOSX.platform/Developer/SDKs/MacOSX26.1.sdk/usr/include/Darwin_POSIX.modulemap
/Applications/Xcode.app/Contents/Developer/Platforms/MacOSX.platform/Developer/SDKs/MacOSX26.1.sdk/usr/include/net.modulemap
/Applications/Xcode.app/Contents/Developer/Platforms/MacOSX.platform/Developer/SDKs/MacOSX26.1.sdk/usr/include/netinet.modulemap
/Applications/Xcode.app/Contents/Developer/Platforms/MacOSX.platform/Developer/SDKs/MacOSX26.1.sdk/usr/include/bank.modulemap
/Applications/Xcode.app/Contents/Developer/Platforms/MacOSX.platform/Developer/SDKs/MacOSX26.1.sdk/usr/include/Darwin_Mach.modulemap
/Applications/Xcode.app/Contents/Developer/Platforms/MacOSX.platform/Developer/SDKs/MacOSX26.1.sdk/usr/include/Darwin_Mach_machine.modulemap
/Applications/Xcode.app/Contents/Developer/Platforms/MacOSX.platform/Developer/SDKs/MacOSX26.1.sdk/usr/include/mach_debug.modulemap
/Applications/Xcode.app/Contents/Developer/Platforms/MacOSX.platform/Developer/SDKs/MacOSX26.1.sdk/usr/include/device.modulemap
/Applications/Xcode.app/Contents/Developer/Platforms/MacOSX.platform/Developer/SDKs/MacOSX26.1.sdk/usr/include/Darwin_machine.modulemap
/Applications/Xcode.app/Contents/Developer/Platforms/MacOSX.platform/Developer/SDKs/MacOSX26.1.sdk/usr/include/ncurses.modulemap
/Applications/Xcode.app/Contents/Developer/Platforms/MacOSX.platform/Developer/SDKs/MacOSX26.1.sdk/usr/include/netinet6.modulemap
/Applications/Xcode.app/Contents/Developer/Platforms/MacOSX.platform/Developer/SDKs/MacOSX26.1.sdk/usr/include/Darwin_sys.modulemap
/Applications/Xcode.app/Contents/Developer/Platforms/MacOSX.platform/Developer/SDKs/MacOSX26.1.sdk/usr/include/uuid.modulemap
/Applications/Xcode.app/Contents/Developer/Platforms/MacOSX.platform/Developer/SDKs/MacOSX26.1.sdk/usr/include/DarwinFoundation2.modulemap
/Applications/Xcode.app/Contents/Developer/Platforms/MacOSX.platform/Developer/SDKs/MacOSX26.1.sdk/usr/include/DarwinFoundation3.modulemap
/Applications/Xcode.app/Contents/Developer/Platforms/MacOSX.platform/Developer/SDKs/MacOSX26.1.sdk/usr/include/DarwinFoundation1.modulemap
/Applications/Xcode.app/Contents/Developer/Platforms/MacOSX.platform/Developer/SDKs/MacOSX26.1.sdk/usr/include/objc/List.h
/Applications/Xcode.app/Contents/Developer/Platforms/MacOSX.platform/Developer/SDKs/MacOSX26.1.sdk/usr/include/objc/NSObjCRuntime.h
/Applications/Xcode.app/Contents/Developer/Toolchains/XcodeDefault.xctoolchain/usr/lib/swift/clang/include/module.modulemap
/Applications/Xcode.app/Contents/Developer/Platforms/MacOSX.platform/Developer/SDKs/MacOSX26.1.sdk/usr/include/objc/objc.h
/Applications/Xcode.app/Contents/Developer/Platforms/MacOSX.platform/Developer/SDKs/MacOSX26.1.sdk/usr/include/stdlib.h
/Applications/Xcode.app/Contents/Developer/Platforms/MacOSX.platform/Developer/SDKs/MacOSX26.1.sdk/usr/include/objc/objc-api.h
/Applications/Xcode.app/Contents/Developer/Toolchains/XcodeDefault.xctoolchain/usr/lib/swift/clang/include/stddef.h
/Applications/Xcode.app/Contents/Developer/Platforms/MacOSX.platform/Developer/SDKs/MacOSX26.1.sdk/usr/include/objc/NSObject.h
/Applications/Xcode.app/Contents/Developer/Platforms/MacOSX.platform/Developer/SDKs/MacOSX26.1.sdk/usr/include/objc/Object.h
/Applications/Xcode.app/Contents/Developer/Toolchains/XcodeDefault.xctoolchain/usr/lib/swift/clang/include/stdarg.h
/Applications/Xcode.app/Contents/Developer/Platforms/MacOSX.platform/Developer/SDKs/MacOSX26.1.sdk/usr/include/objc/objc-runtime.h
/Applications/Xcode.app/Contents/Developer/Platforms/MacOSX.platform/Developer/SDKs/MacOSX26.1.sdk/usr/include/objc/runtime.h
/Applications/Xcode.app/Contents/Developer/Platforms/MacOSX.platform/Developer/SDKs/MacOSX26.1.sdk/usr/include/objc/message.h
/Applications/Xcode.app/Contents/Developer/Platforms/MacOSX.platform/Developer/SDKs/MacOSX26.1.sdk/usr/include/objc/Protocol.h
/Applications/Xcode.app/Contents/Developer/Platforms/MacOSX.platform/Developer/SDKs/MacOSX26.1.sdk/usr/include/objc/hashtable.h
/Applications/Xcode.app/Contents/Developer/Platforms/MacOSX.platform/Developer/SDKs/MacOSX26.1.sdk/usr/include/objc/hashtable2.h
/Applications/Xcode.app/Contents/Developer/Platforms/MacOSX.platform/Developer/SDKs/MacOSX26.1.sdk/usr/include/objc/objc-auto.h
/Applications/Xcode.app/Contents/Developer/Platforms/MacOSX.platform/Developer/SDKs/MacOSX26.1.sdk/usr/include/string.h
/Applications/Xcode.app/Contents/Developer/Platforms/MacOSX.platform/Developer/SDKs/MacOSX26.1.sdk/usr/include/objc/objc-class.h
/Applications/Xcode.app/Contents/Developer/Platforms/MacOSX.platform/Developer/SDKs/MacOSX26.1.sdk/usr/include/objc/objc-exception.h
/Applications/Xcode.app/Contents/Developer/Platforms/MacOSX.platform/Developer/SDKs/MacOSX26.1.sdk/usr/include/objc/objc-load.h
/Applications/Xcode.app/Contents/Developer/Platforms/MacOSX.platform/Developer/SDKs/MacOSX26.1.sdk/usr/include/objc/objc-sync.h
/Applications/Xcode.app/Contents/Developer/Platforms/MacOSX.platform/Developer/SDKs/MacOSX26.1.sdk/SDKSettings.json
/Applications/Xcode.app/Contents/Developer/Toolchains/XcodeDefault.xctoolchain/usr/lib/swift/macosx/prebuilt-modules/26.1/ObjectiveC.swiftmodule/arm64e-apple-macos.swiftmodule
/Applications/Xcode.app/Contents/Developer/Toolchains/XcodeDefault.xctoolchain/usr/lib/swift/macosx/prebuilt-modules/26.1/Observation.swiftmodule/arm64e-apple-macos.swiftmodule
/Applications/Xcode.app/Contents/Developer/Platforms/MacOSX.platform/Developer/SDKs/MacOSX26.1.sdk/System/Library/Frameworks/Security.framework/Headers/Security.apinotes
/Applications/Xcode.app/Contents/Developer/Platforms/MacOSX.platform/Developer/SDKs/MacOSX26.1.sdk/System/Library/Frameworks/Security.framework/Modules/module.modulemap
/Applications/Xcode.app/Contents/Developer/Platforms/MacOSX.platform/Developer/SDKs/MacOSX26.1.sdk/System/Library/Frameworks/Security.framework/Headers/Security.h
/Applications/Xcode.app/Contents/Developer/Platforms/MacOSX.platform/Developer/SDKs/MacOSX26.1.sdk/System/Library/Frameworks/Security.framework/Headers/SecBase.h
/Applications/Xcode.app/Contents/Developer/Platforms/MacOSX.platform/Developer/SDKs/MacOSX26.1.sdk/usr/include/xpc.modulemap
/Applications/Xcode.app/Contents/Developer/Platforms/MacOSX.platform/Developer/SDKs/MacOSX26.1.sdk/usr/include/dispatch.modulemap
/Applications/Xcode.app/Contents/Developer/Platforms/MacOSX.platform/Developer/SDKs/MacOSX26.1.sdk/usr/include/os.modulemap
/Applications/Xcode.app/Contents/Developer/Platforms/MacOSX.platform/Developer/SDKs/MacOSX26.1.sdk/usr/include/Darwin.modulemap
/Applications/Xcode.app/Contents/Developer/Platforms/MacOSX.platform/Developer/SDKs/MacOSX26.1.sdk/usr/include/Darwin_C.modulemap
/Applications/Xcode.app/Contents/Developer/Platforms/MacOSX.platform/Developer/SDKs/MacOSX26.1.sdk/usr/include/Darwin_POSIX.modulemap
/Applications/Xcode.app/Contents/Developer/Platforms/MacOSX.platform/Developer/SDKs/MacOSX26.1.sdk/usr/include/net.modulemap
/Applications/Xcode.app/Contents/Developer/Platforms/MacOSX.platform/Developer/SDKs/MacOSX26.1.sdk/usr/include/netinet.modulemap
/Applications/Xcode.app/Contents/Developer/Platforms/MacOSX.platform/Developer/SDKs/MacOSX26.1.sdk/usr/include/bank.modulemap
/Applications/Xcode.app/Contents/Developer/Platforms/MacOSX.platform/Developer/SDKs/MacOSX26.1.sdk/usr/include/Darwin_Mach.modulemap
/Applications/Xcode.app/Contents/Developer/Platforms/MacOSX.platform/Developer/SDKs/MacOSX26.1.sdk/usr/include/Darwin_Mach_machine.modulemap
/Applications/Xcode.app/Contents/Developer/Platforms/MacOSX.platform/Developer/SDKs/MacOSX26.1.sdk/usr/include/mach_debug.modulemap
/Applications/Xcode.app/Contents/Developer/Platforms/MacOSX.platform/Developer/SDKs/MacOSX26.1.sdk/usr/include/device.modulemap
/Applications/Xcode.app/Contents/Developer/Platforms/MacOSX.platform/Developer/SDKs/MacOSX26.1.sdk/usr/include/Darwin_machine.modulemap
/Applications/Xcode.app/Contents/Developer/Platforms/MacOSX.platform/Developer/SDKs/MacOSX26.1.sdk/usr/include/ncurses.modulemap
/Applications/Xcode.app/Contents/Developer/Platforms/MacOSX.platform/Developer/SDKs/MacOSX26.1.sdk/usr/include/netinet6.modulemap
/Applications/Xcode.app/Contents/Developer/Platforms/MacOSX.platform/Developer/SDKs/MacOSX26.1.sdk/usr/include/Darwin_sys.modulemap
/Applications/Xcode.app/Contents/Developer/Platforms/MacOSX.platform/Developer/SDKs/MacOSX26.1.sdk/usr/include/uuid.modulemap
/Applications/Xcode.app/Contents/Developer/Platforms/MacOSX.platform/Developer/SDKs/MacOSX26.1.sdk/usr/include/DarwinFoundation2.modulemap
/Applications/Xcode.app/Contents/Developer/Platforms/MacOSX.platform/Developer/SDKs/MacOSX26.1.sdk/usr/include/DarwinFoundation3.modulemap
/Applications/Xcode.app/Contents/Developer/Platforms/MacOSX.platform/Developer/SDKs/MacOSX26.1.sdk/usr/include/DarwinFoundation1.modulemap
/Applications/Xcode.app/Contents/Developer/Platforms/MacOSX.platform/Developer/SDKs/MacOSX26.1.sdk/System/Library/Frameworks/CoreFoundation.framework/Modules/module.modulemap
/Applications/Xcode.app/Contents/Developer/Platforms/MacOSX.platform/Developer/SDKs/MacOSX26.1.sdk/System/Library/Frameworks/Security.framework/Headers/SecCertificate.h
/Applications/Xcode.app/Contents/Developer/Platforms/MacOSX.platform/Developer/SDKs/MacOSX26.1.sdk/System/Library/Frameworks/Security.framework/Headers/cssmtype.h
/Applications/Xcode.app/Contents/Developer/Platforms/MacOSX.platform/Developer/SDKs/MacOSX26.1.sdk/System/Library/Frameworks/Security.framework/Headers/cssmconfig.h
/Applications/Xcode.app/Contents/Developer/Toolchains/XcodeDefault.xctoolchain/usr/lib/swift/clang/include/module.modulemap
/Applications/Xcode.app/Contents/Developer/Platforms/MacOSX.platform/Developer/SDKs/MacOSX26.1.sdk/System/Library/Frameworks/Security.framework/Headers/SecAsn1Types.h
/Applications/Xcode.app/Contents/Developer/Platforms/MacOSX.platform/Developer/SDKs/MacOSX26.1.sdk/System/Library/Frameworks/Security.framework/Headers/x509defs.h
/Applications/Xcode.app/Contents/Developer/Platforms/MacOSX.platform/Developer/SDKs/MacOSX26.1.sdk/System/Library/Frameworks/Security.framework/Headers/SecIdentity.h
/Applications/Xcode.app/Contents/Developer/Platforms/MacOSX.platform/Developer/SDKs/MacOSX26.1.sdk/System/Library/Frameworks/Security.framework/Headers/SecAccessControl.h
/Applications/Xcode.app/Contents/Developer/Platforms/MacOSX.platform/Developer/SDKs/MacOSX26.1.sdk/System/Library/Frameworks/Security.framework/Headers/SecItem.h
/Applications/Xcode.app/Contents/Developer/Platforms/MacOSX.platform/Developer/SDKs/MacOSX26.1.sdk/System/Library/Frameworks/Security.framework/Headers/SecKey.h
/Applications/Xcode.app/Contents/Developer/Platforms/MacOSX.platform/Developer/SDKs/MacOSX26.1.sdk/System/Library/Frameworks/Security.framework/Headers/SecAccess.h
/Applications/Xcode.app/Contents/Developer/Platforms/MacOSX.platform/Developer/SDKs/MacOSX26.1.sdk/System/Library/Frameworks/Security.framework/Headers/SecPolicy.h
/Applications/Xcode.app/Contents/Developer/Platforms/MacOSX.platform/Developer/SDKs/MacOSX26.1.sdk/System/Library/Frameworks/Security.framework/Headers/SecRandom.h
/Applications/Xcode.app/Contents/Developer/Platforms/MacOSX.platform/Developer/SDKs/MacOSX26.1.sdk/System/Library/Frameworks/Security.framework/Headers/SecImportExport.h
/Applications/Xcode.app/Contents/Developer/Platforms/MacOSX.platform/Developer/SDKs/MacOSX26.1.sdk/System/Library/Frameworks/Security.framework/Headers/SecKeychain.h
/Applications/Xcode.app/Contents/Developer/Platforms/MacOSX.platform/Developer/SDKs/MacOSX26.1.sdk/System/Library/Frameworks/Security.framework/Headers/cssmapple.h
/Applications/Xcode.app/Contents/Developer/Platforms/MacOSX.platform/Developer/SDKs/MacOSX26.1.sdk/System/Library/Frameworks/Security.framework/Headers/cssmerr.h
/Applications/Xcode.app/Contents/Developer/Platforms/MacOSX.platform/Developer/SDKs/MacOSX26.1.sdk/System/Library/Frameworks/Security.framework/Headers/certextensions.h
/Applications/Xcode.app/Contents/Developer/Platforms/MacOSX.platform/Developer/SDKs/MacOSX26.1.sdk/System/Library/Frameworks/Security.framework/Headers/SecTrust.h
/Applications/Xcode.app/Contents/Developer/Platforms/MacOSX.platform/Developer/SDKs/MacOSX26.1.sdk/System/Library/Frameworks/Security.framework/Headers/SecSharedCredential.h
/Applications/Xcode.app/Contents/Developer/Platforms/MacOSX.platform/Developer/SDKs/MacOSX26.1.sdk/System/Library/Frameworks/Security.framework/Headers/SecProtocolOptions.h
/Applications/Xcode.app/Contents/Developer/Platforms/MacOSX.platform/Developer/SDKs/MacOSX26.1.sdk/System/Library/Frameworks/Security.framework/Headers/SecProtocolObject.h
/Applications/Xcode.app/Contents/Developer/Platforms/MacOSX.platform/Developer/SDKs/MacOSX26.1.sdk/System/Library/Frameworks/Security.framework/Headers/SecProtocolTypes.h
/Applications/Xcode.app/Contents/Developer/Platforms/MacOSX.platform/Developer/SDKs/MacOSX26.1.sdk/System/Library/Frameworks/Security.framework/Headers/CipherSuite.h
/Applications/Xcode.app/Contents/Developer/Platforms/MacOSX.platform/Developer/SDKs/MacOSX26.1.sdk/System/Library/Frameworks/Security.framework/Headers/SecProtocolMetadata.h
/Applications/Xcode.app/Contents/Developer/Platforms/MacOSX.platform/Developer/SDKs/MacOSX26.1.sdk/System/Library/Frameworks/Security.framework/Headers/AuthSession.h
/Applications/Xcode.app/Contents/Developer/Platforms/MacOSX.platform/Developer/SDKs/MacOSX26.1.sdk/System/Library/Frameworks/Security.framework/Headers/Authorization.h
/Applications/Xcode.app/Contents/Developer/Platforms/MacOSX.platform/Developer/SDKs/MacOSX26.1.sdk/usr/include/stdio.h
/Applications/Xcode.app/Contents/Developer/Platforms/MacOSX.platform/Developer/SDKs/MacOSX26.1.sdk/System/Library/Frameworks/Security.framework/Headers/cssm.h
/Applications/Xcode.app/Contents/Developer/Platforms/MacOSX.platform/Developer/SDKs/MacOSX26.1.sdk/System/Library/Frameworks/Security.framework/Headers/emmtype.h
/Applications/Xcode.app/Contents/Developer/Platforms/MacOSX.platform/Developer/SDKs/MacOSX26.1.sdk/System/Library/Frameworks/Security.framework/Headers/cssmapi.h
/Applications/Xcode.app/Contents/Developer/Platforms/MacOSX.platform/Developer/SDKs/MacOSX26.1.sdk/System/Library/Frameworks/Security.framework/Headers/cssmaci.h
/Applications/Xcode.app/Contents/Developer/Platforms/MacOSX.platform/Developer/SDKs/MacOSX26.1.sdk/System/Library/Frameworks/Security.framework/Headers/cssmcli.h
/Applications/Xcode.app/Contents/Developer/Platforms/MacOSX.platform/Developer/SDKs/MacOSX26.1.sdk/System/Library/Frameworks/Security.framework/Headers/cssmcspi.h
/Applications/Xcode.app/Contents/Developer/Platforms/MacOSX.platform/Developer/SDKs/MacOSX26.1.sdk/System/Library/Frameworks/Security.framework/Headers/cssmspi.h
/Applications/Xcode.app/Contents/Developer/Platforms/MacOSX.platform/Developer/SDKs/MacOSX26.1.sdk/System/Library/Frameworks/Security.framework/Headers/cssmdli.h
/Applications/Xcode.app/Contents/Developer/Platforms/MacOSX.platform/Developer/SDKs/MacOSX26.1.sdk/System/Library/Frameworks/Security.framework/Headers/cssmkrapi.h
/Applications/Xcode.app/Contents/Developer/Platforms/MacOSX.platform/Developer/SDKs/MacOSX26.1.sdk/System/Library/Frameworks/Security.framework/Headers/cssmkrspi.h
/Applications/Xcode.app/Contents/Developer/Platforms/MacOSX.platform/Developer/SDKs/MacOSX26.1.sdk/System/Library/Frameworks/Security.framework/Headers/cssmtpi.h
/Applications/Xcode.app/Contents/Developer/Platforms/MacOSX.platform/Developer/SDKs/MacOSX26.1.sdk/System/Library/Frameworks/Security.framework/Headers/emmspi.h
/Applications/Xcode.app/Contents/Developer/Platforms/MacOSX.platform/Developer/SDKs/MacOSX26.1.sdk/System/Library/Frameworks/Security.framework/Headers/mds.h
/Applications/Xcode.app/Contents/Developer/Platforms/MacOSX.platform/Developer/SDKs/MacOSX26.1.sdk/System/Library/Frameworks/Security.framework/Headers/mds_schema.h
/Applications/Xcode.app/Contents/Developer/Platforms/MacOSX.platform/Developer/SDKs/MacOSX26.1.sdk/System/Library/Frameworks/Security.framework/Headers/oidsalg.h
/Applications/Xcode.app/Contents/Developer/Platforms/MacOSX.platform/Developer/SDKs/MacOSX26.1.sdk/System/Library/Frameworks/Security.framework/Headers/oidsattr.h
/Applications/Xcode.app/Contents/Developer/Platforms/MacOSX.platform/Developer/SDKs/MacOSX26.1.sdk/System/Library/Frameworks/Security.framework/Headers/oidsbase.h
/Applications/Xcode.app/Contents/Developer/Platforms/MacOSX.platform/Developer/SDKs/MacOSX26.1.sdk/System/Library/Frameworks/Security.framework/Headers/oidscert.h
/Applications/Xcode.app/Contents/Developer/Platforms/MacOSX.platform/Developer/SDKs/MacOSX26.1.sdk/System/Library/Frameworks/Security.framework/Headers/oidscrl.h
/Applications/Xcode.app/Contents/Developer/Platforms/MacOSX.platform/Developer/SDKs/MacOSX26.1.sdk/System/Library/Frameworks/Security.framework/Headers/SecACL.h
/Applications/Xcode.app/Contents/Developer/Platforms/MacOSX.platform/Developer/SDKs/MacOSX26.1.sdk/System/Library/Frameworks/Security.framework/Headers/SecCertificateOIDs.h
/Applications/Xcode.app/Contents/Developer/Platforms/MacOSX.platform/Developer/SDKs/MacOSX26.1.sdk/System/Library/Frameworks/Security.framework/Headers/SecIdentitySearch.h
/Applications/Xcode.app/Contents/Developer/Platforms/MacOSX.platform/Developer/SDKs/MacOSX26.1.sdk/System/Library/Frameworks/Security.framework/Headers/SecKeychainItem.h
/Applications/Xcode.app/Contents/Developer/Platforms/MacOSX.platform/Developer/SDKs/MacOSX26.1.sdk/System/Library/Frameworks/Security.framework/Headers/SecKeychainSearch.h
/Applications/Xcode.app/Contents/Developer/Platforms/MacOSX.platform/Developer/SDKs/MacOSX26.1.sdk/System/Library/Frameworks/Security.framework/Headers/SecPolicySearch.h
/Applications/Xcode.app/Contents/Developer/Platforms/MacOSX.platform/Developer/SDKs/MacOSX26.1.sdk/System/Library/Frameworks/Security.framework/Headers/SecTrustedApplication.h
/Applications/Xcode.app/Contents/Developer/Platforms/MacOSX.platform/Developer/SDKs/MacOSX26.1.sdk/System/Library/Frameworks/Security.framework/Headers/SecTrustSettings.h
/Applications/Xcode.app/Contents/Developer/Platforms/MacOSX.platform/Developer/SDKs/MacOSX26.1.sdk/System/Library/Frameworks/Security.framework/Headers/SecStaticCode.h
/Applications/Xcode.app/Contents/Developer/Platforms/MacOSX.platform/Developer/SDKs/MacOSX26.1.sdk/System/Library/Frameworks/Security.framework/Headers/CSCommon.h
/Applications/Xcode.app/Contents/Developer/Platforms/MacOSX.platform/Developer/SDKs/MacOSX26.1.sdk/System/Library/Frameworks/Security.framework/Headers/SecCode.h
/Applications/Xcode.app/Contents/Developer/Platforms/MacOSX.platform/Developer/SDKs/MacOSX26.1.sdk/System/Library/Frameworks/Security.framework/Headers/SecCodeHost.h
/Applications/Xcode.app/Contents/Developer/Platforms/MacOSX.platform/Developer/SDKs/MacOSX26.1.sdk/System/Library/Frameworks/Security.framework/Headers/SecRequirement.h
/Applications/Xcode.app/Contents/Developer/Platforms/MacOSX.platform/Developer/SDKs/MacOSX26.1.sdk/System/Library/Frameworks/Security.framework/Headers/SecTask.h
/Applications/Xcode.app/Contents/Developer/Platforms/MacOSX.platform/Developer/SDKs/MacOSX26.1.sdk/System/Library/Frameworks/Security.framework/Headers/AuthorizationTags.h
/Applications/Xcode.app/Contents/Developer/Platforms/MacOSX.platform/Developer/SDKs/MacOSX26.1.sdk/System/Library/Frameworks/Security.framework/Headers/AuthorizationDB.h
/Applications/Xcode.app/Contents/Developer/Platforms/MacOSX.platform/Developer/SDKs/MacOSX26.1.sdk/System/Library/Frameworks/Security.framework/Headers/CMSDecoder.h
/Applications/Xcode.app/Contents/Developer/Platforms/MacOSX.platform/Developer/SDKs/MacOSX26.1.sdk/System/Library/Frameworks/Security.framework/Headers/CMSEncoder.h
/Applications/Xcode.app/Contents/Developer/Platforms/MacOSX.platform/Developer/SDKs/MacOSX26.1.sdk/System/Library/Frameworks/Security.framework/Headers/SecureTransport.h
/Applications/Xcode.app/Contents/Developer/Platforms/MacOSX.platform/Developer/SDKs/MacOSX26.1.sdk/System/Library/Frameworks/Security.framework/Headers/SecTransform.h
/Applications/Xcode.app/Contents/Developer/Platforms/MacOSX.platform/Developer/SDKs/MacOSX26.1.sdk/System/Library/Frameworks/Security.framework/Headers/SecCustomTransform.h
/Applications/Xcode.app/Contents/Developer/Platforms/MacOSX.platform/Developer/SDKs/MacOSX26.1.sdk/System/Library/Frameworks/Security.framework/Headers/SecDecodeTransform.h
/Applications/Xcode.app/Contents/Developer/Platforms/MacOSX.platform/Developer/SDKs/MacOSX26.1.sdk/System/Library/Frameworks/Security.framework/Headers/SecEncodeTransform.h
/Applications/Xcode.app/Contents/Developer/Platforms/MacOSX.platform/Developer/SDKs/MacOSX26.1.sdk/System/Library/Frameworks/Security.framework/Headers/SecDigestTransform.h
/Applications/Xcode.app/Contents/Developer/Platforms/MacOSX.platform/Developer/SDKs/MacOSX26.1.sdk/System/Library/Frameworks/Security.framework/Headers/SecEncryptTransform.h
/Applications/Xcode.app/Contents/Developer/Platforms/MacOSX.platform/Developer/SDKs/MacOSX26.1.sdk/System/Library/Frameworks/Security.framework/Headers/SecSignVerifyTransform.h
/Applications/Xcode.app/Contents/Developer/Platforms/MacOSX.platform/Developer/SDKs/MacOSX26.1.sdk/System/Library/Frameworks/Security.framework/Headers/SecReadTransform.h
/Applications/Xcode.app/Contents/Developer/Platforms/MacOSX.platform/Developer/SDKs/MacOSX26.1.sdk/System/Library/Frameworks/Security.framework/Headers/SecTransformReadTransform.h
/Applications/Xcode.app/Contents/Developer/Platforms/MacOSX.platform/Developer/SDKs/MacOSX26.1.sdk/System/Library/Frameworks/Security.framework/Headers/oids.h
/Applications/Xcode.app/Contents/Developer/Platforms/MacOSX.platform/Developer/SDKs/MacOSX26.1.sdk/usr/include/libDER/module.modulemap
/Applications/Xcode.app/Contents/Developer/Platforms/MacOSX.platform/Developer/SDKs/MacOSX26.1.sdk/usr/include/string.h
/Applications/Xcode.app/Contents/Developer/Platforms/MacOSX.platform/Developer/SDKs/MacOSX26.1.sdk/System/Library/Frameworks/Security.framework/Headers/AuthorizationPlugin.h
/Applications/Xcode.app/Contents/Developer/Platforms/MacOSX.platform/Developer/SDKs/MacOSX26.1.sdk/System/Library/Frameworks/Security.framework/Headers/CodeSigning.h
/Applications/Xcode.app/Contents/Developer/Platforms/MacOSX.platform/Developer/SDKs/MacOSX26.1.sdk/System/Library/Frameworks/Security.framework/Headers/eisl.h
/Applications/Xcode.app/Contents/Developer/Platforms/MacOSX.platform/Developer/SDKs/MacOSX26.1.sdk/System/Library/Frameworks/Security.framework/Headers/SecAsn1Coder.h
/Applications/Xcode.app/Contents/Developer/Platforms/MacOSX.platform/Developer/SDKs/MacOSX26.1.sdk/System/Library/Frameworks/Security.framework/Headers/SecAsn1Templates.h
/Applications/Xcode.app/Contents/Developer/Platforms/MacOSX.platform/Developer/SDKs/MacOSX26.1.sdk/System/Library/Frameworks/Security.framework/Headers/SecureDownload.h
/Applications/Xcode.app/Contents/Developer/Platforms/MacOSX.platform/Developer/SDKs/MacOSX26.1.sdk/SDKSettings.json
/Applications/Xcode.app/Contents/Developer/Toolchains/XcodeDefault.xctoolchain/usr/lib/swift/macosx/prebuilt-modules/26.1/Swift.swiftmodule/arm64e-apple-macos.swiftmodule
/Applications/Xcode.app/Contents/Developer/Toolchains/XcodeDefault.xctoolchain/usr/lib/swift/macosx/prebuilt-modules/26.1/SwiftOnoneSupport.swiftmodule/arm64e-apple-macos.swiftmodule
/Applications/Xcode.app/Contents/Developer/Platforms/MacOSX.platform/Developer/SDKs/MacOSX26.1.sdk/usr/lib/swift/shims/module.modulemap
/Applications/Xcode.app/Contents/Developer/Platforms/MacOSX.platform/Developer/SDKs/MacOSX26.1.sdk/usr/lib/swift/shims/AssertionReporting.h
/Applications/Xcode.app/Contents/Developer/Platforms/MacOSX.platform/Developer/SDKs/MacOSX26.1.sdk/usr/lib/swift/shims/SwiftStdint.h
/Applications/Xcode.app/Contents/Developer/Platforms/MacOSX.platform/Developer/SDKs/MacOSX26.1.sdk/usr/lib/swift/shims/Visibility.h
/Applications/Xcode.app/Contents/Developer/Platforms/MacOSX.platform/Developer/SDKs/MacOSX26.1.sdk/usr/lib/swift/shims/CoreFoundationShims.h
/Applications/Xcode.app/Contents/Developer/Platforms/MacOSX.platform/Developer/SDKs/MacOSX26.1.sdk/usr/lib/swift/shims/ObjCShims.h
/Applications/Xcode.app/Contents/Developer/Platforms/MacOSX.platform/Developer/SDKs/MacOSX26.1.sdk/usr/lib/swift/shims/EmbeddedShims.h
/Applications/Xcode.app/Contents/Developer/Platforms/MacOSX.platform/Developer/SDKs/MacOSX26.1.sdk/usr/lib/swift/shims/SwiftStddef.h
/Applications/Xcode.app/Contents/Developer/Platforms/MacOSX.platform/Developer/SDKs/MacOSX26.1.sdk/usr/lib/swift/shims/FoundationShims.h
/Applications/Xcode.app/Contents/Developer/Platforms/MacOSX.platform/Developer/SDKs/MacOSX26.1.sdk/usr/lib/swift/shims/GlobalObjects.h
/Applications/Xcode.app/Contents/Developer/Platforms/MacOSX.platform/Developer/SDKs/MacOSX26.1.sdk/usr/lib/swift/shims/SwiftStdbool.h
/Applications/Xcode.app/Contents/Developer/Platforms/MacOSX.platform/Developer/SDKs/MacOSX26.1.sdk/usr/lib/swift/shims/HeapObject.h
/Applications/Xcode.app/Contents/Developer/Platforms/MacOSX.platform/Developer/SDKs/MacOSX26.1.sdk/usr/lib/swift/shims/RefCount.h
/Applications/Xcode.app/Contents/Developer/Platforms/MacOSX.platform/Developer/SDKs/MacOSX26.1.sdk/usr/lib/swift/shims/System.h
/Applications/Xcode.app/Contents/Developer/Platforms/MacOSX.platform/Developer/SDKs/MacOSX26.1.sdk/usr/lib/swift/shims/Target.h
/Applications/Xcode.app/Contents/Developer/Platforms/MacOSX.platform/Developer/SDKs/MacOSX26.1.sdk/usr/lib/swift/shims/KeyPath.h
/Applications/Xcode.app/Contents/Developer/Platforms/MacOSX.platform/Developer/SDKs/MacOSX26.1.sdk/usr/lib/swift/shims/LibcShims.h
/Applications/Xcode.app/Contents/Developer/Platforms/MacOSX.platform/Developer/SDKs/MacOSX26.1.sdk/usr/lib/swift/shims/MetadataSections.h
/Applications/Xcode.app/Contents/Developer/Platforms/MacOSX.platform/Developer/SDKs/MacOSX26.1.sdk/usr/lib/swift/shims/Random.h
/Applications/Xcode.app/Contents/Developer/Platforms/MacOSX.platform/Developer/SDKs/MacOSX26.1.sdk/usr/lib/swift/shims/Reflection.h
/Applications/Xcode.app/Contents/Developer/Platforms/MacOSX.platform/Developer/SDKs/MacOSX26.1.sdk/usr/lib/swift/shims/RuntimeShims.h
/Applications/Xcode.app/Contents/Developer/Platforms/MacOSX.platform/Developer/SDKs/MacOSX26.1.sdk/usr/lib/swift/shims/RuntimeStubs.h
/Applications/Xcode.app/Contents/Developer/Platforms/MacOSX.platform/Developer/SDKs/MacOSX26.1.sdk/usr/lib/swift/shims/ThreadLocalStorage.h
/Applications/Xcode.app/Contents/Developer/Platforms/MacOSX.platform/Developer/SDKs/MacOSX26.1.sdk/usr/lib/swift/shims/UnicodeData.h
/Applications/Xcode.app/Contents/Developer/Platforms/MacOSX.platform/Developer/SDKs/MacOSX26.1.sdk/SDKSettings.json
/Applications/Xcode.app/Contents/Developer/Toolchains/XcodeDefault.xctoolchain/usr/lib/swift/macosx/prebuilt-modules/26.1/System.swiftmodule/arm64e-apple-macos.swiftmodule
/Users/rogerlin/Library/Developer/Xcode/DerivedData/FinancialCalculatorKit-ackorybalcxbfocbkqsfdzcfkgmn/Build/Products/Debug/XCTestDynamicOverlay.swiftmodule/arm64-apple-macos.swiftmodule
/Applications/Xcode.app/Contents/Developer/Toolchains/XcodeDefault.xctoolchain/usr/lib/swift/macosx/prebuilt-modules/26.1/XPC.swiftmodule/arm64e-apple-macos.swiftmodule
/Applications/Xcode.app/Contents/Developer/Platforms/MacOSX.platform/Developer/SDKs/MacOSX26.1.sdk/usr/include/XPC.apinotes
/Applications/Xcode.app/Contents/Developer/Platforms/MacOSX.platform/Developer/SDKs/MacOSX26.1.sdk/usr/include/launch.modulemap
/Applications/Xcode.app/Contents/Developer/Platforms/MacOSX.platform/Developer/SDKs/MacOSX26.1.sdk/usr/include/xpc.modulemap
/Applications/Xcode.app/Contents/Developer/Platforms/MacOSX.platform/Developer/SDKs/MacOSX26.1.sdk/usr/include/dispatch.modulemap
/Applications/Xcode.app/Contents/Developer/Platforms/MacOSX.platform/Developer/SDKs/MacOSX26.1.sdk/usr/include/os.modulemap
/Applications/Xcode.app/Contents/Developer/Platforms/MacOSX.platform/Developer/SDKs/MacOSX26.1.sdk/usr/include/Darwin.modulemap
/Applications/Xcode.app/Contents/Developer/Platforms/MacOSX.platform/Developer/SDKs/MacOSX26.1.sdk/usr/include/Darwin_C.modulemap
/Applications/Xcode.app/Contents/Developer/Platforms/MacOSX.platform/Developer/SDKs/MacOSX26.1.sdk/usr/include/Darwin_POSIX.modulemap
/Applications/Xcode.app/Contents/Developer/Platforms/MacOSX.platform/Developer/SDKs/MacOSX26.1.sdk/usr/include/net.modulemap
/Applications/Xcode.app/Contents/Developer/Platforms/MacOSX.platform/Developer/SDKs/MacOSX26.1.sdk/usr/include/netinet.modulemap
/Applications/Xcode.app/Contents/Developer/Platforms/MacOSX.platform/Developer/SDKs/MacOSX26.1.sdk/usr/include/bank.modulemap
/Applications/Xcode.app/Contents/Developer/Platforms/MacOSX.platform/Developer/SDKs/MacOSX26.1.sdk/usr/include/Darwin_Mach.modulemap
/Applications/Xcode.app/Contents/Developer/Platforms/MacOSX.platform/Developer/SDKs/MacOSX26.1.sdk/usr/include/Darwin_Mach_machine.modulemap
/Applications/Xcode.app/Contents/Developer/Platforms/MacOSX.platform/Developer/SDKs/MacOSX26.1.sdk/usr/include/mach_debug.modulemap
/Applications/Xcode.app/Contents/Developer/Platforms/MacOSX.platform/Developer/SDKs/MacOSX26.1.sdk/usr/include/device.modulemap
/Applications/Xcode.app/Contents/Developer/Platforms/MacOSX.platform/Developer/SDKs/MacOSX26.1.sdk/usr/include/Darwin_machine.modulemap
/Applications/Xcode.app/Contents/Developer/Platforms/MacOSX.platform/Developer/SDKs/MacOSX26.1.sdk/usr/include/ncurses.modulemap
/Applications/Xcode.app/Contents/Developer/Platforms/MacOSX.platform/Developer/SDKs/MacOSX26.1.sdk/usr/include/netinet6.modulemap
/Applications/Xcode.app/Contents/Developer/Platforms/MacOSX.platform/Developer/SDKs/MacOSX26.1.sdk/usr/include/Darwin_sys.modulemap
/Applications/Xcode.app/Contents/Developer/Platforms/MacOSX.platform/Developer/SDKs/MacOSX26.1.sdk/usr/include/uuid.modulemap
/Applications/Xcode.app/Contents/Developer/Platforms/MacOSX.platform/Developer/SDKs/MacOSX26.1.sdk/usr/include/DarwinFoundation2.modulemap
/Applications/Xcode.app/Contents/Developer/Platforms/MacOSX.platform/Developer/SDKs/MacOSX26.1.sdk/usr/include/DarwinFoundation3.modulemap
/Applications/Xcode.app/Contents/Developer/Platforms/MacOSX.platform/Developer/SDKs/MacOSX26.1.sdk/usr/include/DarwinFoundation1.modulemap
/Applications/Xcode.app/Contents/Developer/Platforms/MacOSX.platform/Developer/SDKs/MacOSX26.1.sdk/usr/include/xpc/xpc.h
/Applications/Xcode.app/Contents/Developer/Toolchains/XcodeDefault.xctoolchain/usr/lib/swift/clang/include/module.modulemap
/Applications/Xcode.app/Contents/Developer/Toolchains/XcodeDefault.xctoolchain/usr/lib/swift/clang/include/stdarg.h
/Applications/Xcode.app/Contents/Developer/Platforms/MacOSX.platform/Developer/SDKs/MacOSX26.1.sdk/usr/include/stdlib.h
/Applications/Xcode.app/Contents/Developer/Platforms/MacOSX.platform/Developer/SDKs/MacOSX26.1.sdk/usr/include/stdio.h
/Applications/Xcode.app/Contents/Developer/Platforms/MacOSX.platform/Developer/SDKs/MacOSX26.1.sdk/usr/include/string.h
/Applications/Xcode.app/Contents/Developer/Platforms/MacOSX.platform/Developer/SDKs/MacOSX26.1.sdk/usr/include/xpc/base.h
/Applications/Xcode.app/Contents/Developer/Platforms/MacOSX.platform/Developer/SDKs/MacOSX26.1.sdk/usr/include/xpc/availability.h
/Applications/Xcode.app/Contents/Developer/Platforms/MacOSX.platform/Developer/SDKs/MacOSX26.1.sdk/usr/include/xpc/endpoint.h
/Applications/Xcode.app/Contents/Developer/Platforms/MacOSX.platform/Developer/SDKs/MacOSX26.1.sdk/usr/include/xpc/debug.h
/Applications/Xcode.app/Contents/Developer/Platforms/MacOSX.platform/Developer/SDKs/MacOSX26.1.sdk/usr/include/xpc/activity.h
/Applications/Xcode.app/Contents/Developer/Platforms/MacOSX.platform/Developer/SDKs/MacOSX26.1.sdk/usr/include/xpc/peer_requirement.h
/Applications/Xcode.app/Contents/Developer/Platforms/MacOSX.platform/Developer/SDKs/MacOSX26.1.sdk/usr/include/xpc/connection.h
/Applications/Xcode.app/Contents/Developer/Platforms/MacOSX.platform/Developer/SDKs/MacOSX26.1.sdk/usr/include/xpc/rich_error.h
/Applications/Xcode.app/Contents/Developer/Platforms/MacOSX.platform/Developer/SDKs/MacOSX26.1.sdk/usr/include/xpc/session.h
/Applications/Xcode.app/Contents/Developer/Platforms/MacOSX.platform/Developer/SDKs/MacOSX26.1.sdk/usr/include/xpc/listener.h
/Applications/Xcode.app/Contents/Developer/Platforms/MacOSX.platform/Developer/SDKs/MacOSX26.1.sdk/SDKSettings.json
/Applications/Xcode.app/Contents/Developer/Platforms/MacOSX.platform/Developer/SDKs/MacOSX26.1.sdk/usr/include/DarwinFoundation1.modulemap
/Applications/Xcode.app/Contents/Developer/Platforms/MacOSX.platform/Developer/SDKs/MacOSX26.1.sdk/usr/include/AvailabilityInternal.h
/Applications/Xcode.app/Contents/Developer/Platforms/MacOSX.platform/Developer/SDKs/MacOSX26.1.sdk/usr/include/AvailabilityVersions.h
/Applications/Xcode.app/Contents/Developer/Platforms/MacOSX.platform/Developer/SDKs/MacOSX26.1.sdk/usr/include/AvailabilityInternalLegacy.h
/Applications/Xcode.app/Contents/Developer/Platforms/MacOSX.platform/Developer/SDKs/MacOSX26.1.sdk/SDKSettings.json
/Applications/Xcode.app/Contents/Developer/Toolchains/XcodeDefault.xctoolchain/usr/lib/swift/clang/include/module.modulemap
/Applications/Xcode.app/Contents/Developer/Toolchains/XcodeDefault.xctoolchain/usr/lib/swift/clang/include/float.h
/Applications/Xcode.app/Contents/Developer/Platforms/MacOSX.platform/Developer/SDKs/MacOSX26.1.sdk/SDKSettings.json
/Applications/Xcode.app/Contents/Developer/Toolchains/XcodeDefault.xctoolchain/usr/lib/swift/macosx/prebuilt-modules/26.1/_Builtin_float.swiftmodule/arm64e-apple-macos.swiftmodule
/Applications/Xcode.app/Contents/Developer/Toolchains/XcodeDefault.xctoolchain/usr/lib/swift/clang/include/module.modulemap
/Applications/Xcode.app/Contents/Developer/Toolchains/XcodeDefault.xctoolchain/usr/lib/swift/clang/include/inttypes.h
/Applications/Xcode.app/Contents/Developer/Platforms/MacOSX.platform/Developer/SDKs/MacOSX26.1.sdk/usr/include/DarwinFoundation3.modulemap
/Applications/Xcode.app/Contents/Developer/Platforms/MacOSX.platform/Developer/SDKs/MacOSX26.1.sdk/usr/include/inttypes.h
/Applications/Xcode.app/Contents/Developer/Platforms/MacOSX.platform/Developer/SDKs/MacOSX26.1.sdk/SDKSettings.json
/Applications/Xcode.app/Contents/Developer/Toolchains/XcodeDefault.xctoolchain/usr/lib/swift/clang/include/module.modulemap
/Applications/Xcode.app/Contents/Developer/Toolchains/XcodeDefault.xctoolchain/usr/lib/swift/clang/include/limits.h
/Applications/Xcode.app/Contents/Developer/Platforms/MacOSX.platform/Developer/SDKs/MacOSX26.1.sdk/usr/include/DarwinFoundation1.modulemap
/Applications/Xcode.app/Contents/Developer/Platforms/MacOSX.platform/Developer/SDKs/MacOSX26.1.sdk/SDKSettings.json
/Applications/Xcode.app/Contents/Developer/Toolchains/XcodeDefault.xctoolchain/usr/lib/swift/clang/include/module.modulemap
/Applications/Xcode.app/Contents/Developer/Toolchains/XcodeDefault.xctoolchain/usr/lib/swift/clang/include/__stdarg___gnuc_va_list.h
/Applications/Xcode.app/Contents/Developer/Toolchains/XcodeDefault.xctoolchain/usr/lib/swift/clang/include/__stdarg___va_copy.h
/Applications/Xcode.app/Contents/Developer/Toolchains/XcodeDefault.xctoolchain/usr/lib/swift/clang/include/__stdarg_header_macro.h
/Applications/Xcode.app/Contents/Developer/Toolchains/XcodeDefault.xctoolchain/usr/lib/swift/clang/include/__stdarg_va_arg.h
/Applications/Xcode.app/Contents/Developer/Toolchains/XcodeDefault.xctoolchain/usr/lib/swift/clang/include/__stdarg_va_copy.h
/Applications/Xcode.app/Contents/Developer/Toolchains/XcodeDefault.xctoolchain/usr/lib/swift/clang/include/__stdarg_va_list.h
/Applications/Xcode.app/Contents/Developer/Platforms/MacOSX.platform/Developer/SDKs/MacOSX26.1.sdk/SDKSettings.json
/Applications/Xcode.app/Contents/Developer/Toolchains/XcodeDefault.xctoolchain/usr/lib/swift/clang/include/module.modulemap
/Applications/Xcode.app/Contents/Developer/Toolchains/XcodeDefault.xctoolchain/usr/lib/swift/clang/include/stdatomic.h
/Applications/Xcode.app/Contents/Developer/Toolchains/XcodeDefault.xctoolchain/usr/lib/swift/clang/include/stddef.h
/Applications/Xcode.app/Contents/Developer/Platforms/MacOSX.platform/Developer/SDKs/MacOSX26.1.sdk/SDKSettings.json
/Applications/Xcode.app/Contents/Developer/Toolchains/XcodeDefault.xctoolchain/usr/lib/swift/clang/include/module.modulemap
/Applications/Xcode.app/Contents/Developer/Toolchains/XcodeDefault.xctoolchain/usr/lib/swift/clang/include/stdbool.h
/Applications/Xcode.app/Contents/Developer/Platforms/MacOSX.platform/Developer/SDKs/MacOSX26.1.sdk/SDKSettings.json
/Applications/Xcode.app/Contents/Developer/Toolchains/XcodeDefault.xctoolchain/usr/lib/swift/clang/include/module.modulemap
/Applications/Xcode.app/Contents/Developer/Toolchains/XcodeDefault.xctoolchain/usr/lib/swift/clang/include/__stddef_header_macro.h
/Applications/Xcode.app/Contents/Developer/Toolchains/XcodeDefault.xctoolchain/usr/lib/swift/clang/include/__stddef_max_align_t.h
/Applications/Xcode.app/Contents/Developer/Toolchains/XcodeDefault.xctoolchain/usr/lib/swift/clang/include/__stddef_null.h
/Applications/Xcode.app/Contents/Developer/Toolchains/XcodeDefault.xctoolchain/usr/lib/swift/clang/include/__stddef_nullptr_t.h
/Applications/Xcode.app/Contents/Developer/Toolchains/XcodeDefault.xctoolchain/usr/lib/swift/clang/include/__stddef_offsetof.h
/Applications/Xcode.app/Contents/Developer/Toolchains/XcodeDefault.xctoolchain/usr/lib/swift/clang/include/__stddef_ptrdiff_t.h
/Applications/Xcode.app/Contents/Developer/Toolchains/XcodeDefault.xctoolchain/usr/lib/swift/clang/include/__stddef_rsize_t.h
/Applications/Xcode.app/Contents/Developer/Toolchains/XcodeDefault.xctoolchain/usr/lib/swift/clang/include/__stddef_size_t.h
/Applications/Xcode.app/Contents/Developer/Toolchains/XcodeDefault.xctoolchain/usr/lib/swift/clang/include/__stddef_unreachable.h
/Applications/Xcode.app/Contents/Developer/Toolchains/XcodeDefault.xctoolchain/usr/lib/swift/clang/include/__stddef_wchar_t.h
/Applications/Xcode.app/Contents/Developer/Platforms/MacOSX.platform/Developer/SDKs/MacOSX26.1.sdk/SDKSettings.json
/Applications/Xcode.app/Contents/Developer/Toolchains/XcodeDefault.xctoolchain/usr/lib/swift/clang/include/module.modulemap
/Applications/Xcode.app/Contents/Developer/Toolchains/XcodeDefault.xctoolchain/usr/lib/swift/clang/include/stdint.h
/Applications/Xcode.app/Contents/Developer/Platforms/MacOSX.platform/Developer/SDKs/MacOSX26.1.sdk/usr/include/DarwinFoundation2.modulemap
/Applications/Xcode.app/Contents/Developer/Platforms/MacOSX.platform/Developer/SDKs/MacOSX26.1.sdk/SDKSettings.json
/Applications/Xcode.app/Contents/Developer/Toolchains/XcodeDefault.xctoolchain/usr/lib/swift/macosx/prebuilt-modules/26.1/_Concurrency.swiftmodule/arm64e-apple-macos.swiftmodule
/Applications/Xcode.app/Contents/Developer/Toolchains/XcodeDefault.xctoolchain/usr/lib/swift/macosx/prebuilt-modules/26.1/_DarwinFoundation1.swiftmodule/arm64e-apple-macos.swiftmodule
/Applications/Xcode.app/Contents/Developer/Platforms/MacOSX.platform/Developer/SDKs/MacOSX26.1.sdk/usr/include/DarwinFoundation1.modulemap
/Applications/Xcode.app/Contents/Developer/Platforms/MacOSX.platform/Developer/SDKs/MacOSX26.1.sdk/usr/include/sys/appleapiopts.h
/Applications/Xcode.app/Contents/Developer/Platforms/MacOSX.platform/Developer/SDKs/MacOSX26.1.sdk/usr/include/os/availability.h
/Applications/Xcode.app/Contents/Developer/Platforms/MacOSX.platform/Developer/SDKs/MacOSX26.1.sdk/usr/include/Availability.h
/Applications/Xcode.app/Contents/Developer/Platforms/MacOSX.platform/Developer/SDKs/MacOSX26.1.sdk/usr/include/AvailabilityMacros.h
/Applications/Xcode.app/Contents/Developer/Platforms/MacOSX.platform/Developer/SDKs/MacOSX26.1.sdk/usr/include/TargetConditionals.h
/Applications/Xcode.app/Contents/Developer/Platforms/MacOSX.platform/Developer/SDKs/MacOSX26.1.sdk/usr/include/_bounds.h
/Applications/Xcode.app/Contents/Developer/Platforms/MacOSX.platform/Developer/SDKs/MacOSX26.1.sdk/usr/include/sys/cdefs.h
/Applications/Xcode.app/Contents/Developer/Platforms/MacOSX.platform/Developer/SDKs/MacOSX26.1.sdk/usr/include/sys/_symbol_aliasing.h
/Applications/Xcode.app/Contents/Developer/Platforms/MacOSX.platform/Developer/SDKs/MacOSX26.1.sdk/usr/include/sys/_posix_availability.h
/Applications/Xcode.app/Contents/Developer/Toolchains/XcodeDefault.xctoolchain/usr/lib/swift/clang/include/module.modulemap
/Applications/Xcode.app/Contents/Developer/Platforms/MacOSX.platform/Developer/SDKs/MacOSX26.1.sdk/usr/include/sys/qos.h
/Applications/Xcode.app/Contents/Developer/Platforms/MacOSX.platform/Developer/SDKs/MacOSX26.1.sdk/usr/include/machine/_endian.h
/Applications/Xcode.app/Contents/Developer/Platforms/MacOSX.platform/Developer/SDKs/MacOSX26.1.sdk/usr/include/arm/_endian.h
/Applications/Xcode.app/Contents/Developer/Platforms/MacOSX.platform/Developer/SDKs/MacOSX26.1.sdk/usr/include/sys/__endian.h
/Applications/Xcode.app/Contents/Developer/Platforms/MacOSX.platform/Developer/SDKs/MacOSX26.1.sdk/usr/include/i386/_endian.h
/Applications/Xcode.app/Contents/Developer/Platforms/MacOSX.platform/Developer/SDKs/MacOSX26.1.sdk/usr/include/__xlocale.h
/Applications/Xcode.app/Contents/Developer/Platforms/MacOSX.platform/Developer/SDKs/MacOSX26.1.sdk/usr/include/_mb_cur_max.h
/Applications/Xcode.app/Contents/Developer/Platforms/MacOSX.platform/Developer/SDKs/MacOSX26.1.sdk/usr/include/_types/_locale_t.h
/Applications/Xcode.app/Contents/Developer/Platforms/MacOSX.platform/Developer/SDKs/MacOSX26.1.sdk/usr/include/sys/_types/_u_char.h
/Applications/Xcode.app/Contents/Developer/Platforms/MacOSX.platform/Developer/SDKs/MacOSX26.1.sdk/usr/include/sys/_types/_u_short.h
/Applications/Xcode.app/Contents/Developer/Platforms/MacOSX.platform/Developer/SDKs/MacOSX26.1.sdk/usr/include/sys/_types/_u_int.h
/Applications/Xcode.app/Contents/Developer/Platforms/MacOSX.platform/Developer/SDKs/MacOSX26.1.sdk/usr/include/sys/_types/_u_int8_t.h
/Applications/Xcode.app/Contents/Developer/Platforms/MacOSX.platform/Developer/SDKs/MacOSX26.1.sdk/usr/include/sys/_types/_u_int16_t.h
/Applications/Xcode.app/Contents/Developer/Platforms/MacOSX.platform/Developer/SDKs/MacOSX26.1.sdk/usr/include/sys/_types/_u_int32_t.h
/Applications/Xcode.app/Contents/Developer/Platforms/MacOSX.platform/Developer/SDKs/MacOSX26.1.sdk/usr/include/sys/_types/_u_int64_t.h
/Applications/Xcode.app/Contents/Developer/Platforms/MacOSX.platform/Developer/SDKs/MacOSX26.1.sdk/usr/include/_assert.h
/Applications/Xcode.app/Contents/Developer/Platforms/MacOSX.platform/Developer/SDKs/MacOSX26.1.sdk/usr/include/_static_assert.h
/Applications/Xcode.app/Contents/Developer/Platforms/MacOSX.platform/Developer/SDKs/MacOSX26.1.sdk/usr/include/complex.h
/Applications/Xcode.app/Contents/Developer/Platforms/MacOSX.platform/Developer/SDKs/MacOSX26.1.sdk/usr/include/errno.h
/Applications/Xcode.app/Contents/Developer/Platforms/MacOSX.platform/Developer/SDKs/MacOSX26.1.sdk/usr/include/sys/errno.h
/Applications/Xcode.app/Contents/Developer/Platforms/MacOSX.platform/Developer/SDKs/MacOSX26.1.sdk/usr/include/sys/_types/_errno_t.h
/Applications/Xcode.app/Contents/Developer/Platforms/MacOSX.platform/Developer/SDKs/MacOSX26.1.sdk/usr/include/fenv.h
/Applications/Xcode.app/Contents/Developer/Platforms/MacOSX.platform/Developer/SDKs/MacOSX26.1.sdk/usr/include/limits.h
/Applications/Xcode.app/Contents/Developer/Platforms/MacOSX.platform/Developer/SDKs/MacOSX26.1.sdk/usr/include/machine/limits.h
/Applications/Xcode.app/Contents/Developer/Platforms/MacOSX.platform/Developer/SDKs/MacOSX26.1.sdk/usr/include/arm/limits.h
/Applications/Xcode.app/Contents/Developer/Platforms/MacOSX.platform/Developer/SDKs/MacOSX26.1.sdk/usr/include/arm/_limits.h
/Applications/Xcode.app/Contents/Developer/Platforms/MacOSX.platform/Developer/SDKs/MacOSX26.1.sdk/usr/include/sys/syslimits.h
/Applications/Xcode.app/Contents/Developer/Platforms/MacOSX.platform/Developer/SDKs/MacOSX26.1.sdk/usr/include/i386/limits.h
/Applications/Xcode.app/Contents/Developer/Platforms/MacOSX.platform/Developer/SDKs/MacOSX26.1.sdk/usr/include/machine/_limits.h
/Applications/Xcode.app/Contents/Developer/Platforms/MacOSX.platform/Developer/SDKs/MacOSX26.1.sdk/usr/include/i386/_limits.h
/Applications/Xcode.app/Contents/Developer/Platforms/MacOSX.platform/Developer/SDKs/MacOSX26.1.sdk/usr/include/math.h
/Applications/Xcode.app/Contents/Developer/Platforms/MacOSX.platform/Developer/SDKs/MacOSX26.1.sdk/usr/include/setjmp.h
/Applications/Xcode.app/Contents/Developer/Platforms/MacOSX.platform/Developer/SDKs/MacOSX26.1.sdk/SDKSettings.json
/Applications/Xcode.app/Contents/Developer/Toolchains/XcodeDefault.xctoolchain/usr/lib/swift/macosx/prebuilt-modules/26.1/_DarwinFoundation2.swiftmodule/arm64e-apple-macos.swiftmodule
/Applications/Xcode.app/Contents/Developer/Platforms/MacOSX.platform/Developer/SDKs/MacOSX26.1.sdk/usr/include/_DarwinFoundation2.apinotes
/Applications/Xcode.app/Contents/Developer/Platforms/MacOSX.platform/Developer/SDKs/MacOSX26.1.sdk/usr/include/DarwinFoundation2.modulemap
/Applications/Xcode.app/Contents/Developer/Platforms/MacOSX.platform/Developer/SDKs/MacOSX26.1.sdk/usr/include/DarwinFoundation1.modulemap
/Applications/Xcode.app/Contents/Developer/Platforms/MacOSX.platform/Developer/SDKs/MacOSX26.1.sdk/usr/include/nl_types.h
/Applications/Xcode.app/Contents/Developer/Platforms/MacOSX.platform/Developer/SDKs/MacOSX26.1.sdk/usr/include/sys/types.h
/Applications/Xcode.app/Contents/Developer/Platforms/MacOSX.platform/Developer/SDKs/MacOSX26.1.sdk/usr/include/machine/types.h
/Applications/Xcode.app/Contents/Developer/Platforms/MacOSX.platform/Developer/SDKs/MacOSX26.1.sdk/usr/include/arm/types.h
/Applications/Xcode.app/Contents/Developer/Platforms/MacOSX.platform/Developer/SDKs/MacOSX26.1.sdk/usr/include/arm/_types.h
/Applications/Xcode.app/Contents/Developer/Platforms/MacOSX.platform/Developer/SDKs/MacOSX26.1.sdk/usr/include/sys/_types/_ptrdiff_t.h
/Applications/Xcode.app/Contents/Developer/Toolchains/XcodeDefault.xctoolchain/usr/lib/swift/clang/include/module.modulemap
/Applications/Xcode.app/Contents/Developer/Toolchains/XcodeDefault.xctoolchain/usr/lib/swift/clang/include/stddef.h
/Applications/Xcode.app/Contents/Developer/Platforms/MacOSX.platform/Developer/SDKs/MacOSX26.1.sdk/usr/include/sys/_types/_size_t.h
/Applications/Xcode.app/Contents/Developer/Platforms/MacOSX.platform/Developer/SDKs/MacOSX26.1.sdk/usr/include/sys/_types/_va_list.h
/Applications/Xcode.app/Contents/Developer/Toolchains/XcodeDefault.xctoolchain/usr/lib/swift/clang/include/stdarg.h
/Applications/Xcode.app/Contents/Developer/Platforms/MacOSX.platform/Developer/SDKs/MacOSX26.1.sdk/usr/include/sys/_types/_wchar_t.h
/Applications/Xcode.app/Contents/Developer/Platforms/MacOSX.platform/Developer/SDKs/MacOSX26.1.sdk/usr/include/sys/_types/_int8_t.h
/Applications/Xcode.app/Contents/Developer/Platforms/MacOSX.platform/Developer/SDKs/MacOSX26.1.sdk/usr/include/sys/_types/_int16_t.h
/Applications/Xcode.app/Contents/Developer/Platforms/MacOSX.platform/Developer/SDKs/MacOSX26.1.sdk/usr/include/sys/_types/_int32_t.h
/Applications/Xcode.app/Contents/Developer/Platforms/MacOSX.platform/Developer/SDKs/MacOSX26.1.sdk/usr/include/sys/_types/_int64_t.h
/Applications/Xcode.app/Contents/Developer/Platforms/MacOSX.platform/Developer/SDKs/MacOSX26.1.sdk/usr/include/sys/_types/_intptr_t.h
/Applications/Xcode.app/Contents/Developer/Platforms/MacOSX.platform/Developer/SDKs/MacOSX26.1.sdk/usr/include/machine/_types.h
/Applications/Xcode.app/Contents/Developer/Platforms/MacOSX.platform/Developer/SDKs/MacOSX26.1.sdk/usr/include/sys/_types/_uintptr_t.h
/Applications/Xcode.app/Contents/Developer/Platforms/MacOSX.platform/Developer/SDKs/MacOSX26.1.sdk/usr/include/sys/_types.h
/Applications/Xcode.app/Contents/Developer/Platforms/MacOSX.platform/Developer/SDKs/MacOSX26.1.sdk/usr/include/sys/_types/_null.h
/Applications/Xcode.app/Contents/Developer/Platforms/MacOSX.platform/Developer/SDKs/MacOSX26.1.sdk/usr/include/sys/_pthread/_pthread_types.h
/Applications/Xcode.app/Contents/Developer/Platforms/MacOSX.platform/Developer/SDKs/MacOSX26.1.sdk/usr/include/machine/endian.h
/Applications/Xcode.app/Contents/Developer/Platforms/MacOSX.platform/Developer/SDKs/MacOSX26.1.sdk/usr/include/arm/endian.h
/Applications/Xcode.app/Contents/Developer/Platforms/MacOSX.platform/Developer/SDKs/MacOSX26.1.sdk/usr/include/sys/_endian.h
/Applications/Xcode.app/Contents/Developer/Platforms/MacOSX.platform/Developer/SDKs/MacOSX26.1.sdk/usr/include/libkern/_OSByteOrder.h
/Applications/Xcode.app/Contents/Developer/Platforms/MacOSX.platform/Developer/SDKs/MacOSX26.1.sdk/usr/include/libkern/arm/_OSByteOrder.h
/Applications/Xcode.app/Contents/Developer/Platforms/MacOSX.platform/Developer/SDKs/MacOSX26.1.sdk/usr/include/sys/_types/_caddr_t.h
/Applications/Xcode.app/Contents/Developer/Platforms/MacOSX.platform/Developer/SDKs/MacOSX26.1.sdk/usr/include/sys/_types/_dev_t.h
/Applications/Xcode.app/Contents/Developer/Platforms/MacOSX.platform/Developer/SDKs/MacOSX26.1.sdk/usr/include/sys/_types/_blkcnt_t.h
/Applications/Xcode.app/Contents/Developer/Platforms/MacOSX.platform/Developer/SDKs/MacOSX26.1.sdk/usr/include/sys/_types/_blksize_t.h
/Applications/Xcode.app/Contents/Developer/Platforms/MacOSX.platform/Developer/SDKs/MacOSX26.1.sdk/usr/include/sys/_types/_gid_t.h
/Applications/Xcode.app/Contents/Developer/Platforms/MacOSX.platform/Developer/SDKs/MacOSX26.1.sdk/usr/include/sys/_types/_in_addr_t.h
/Applications/Xcode.app/Contents/Developer/Platforms/MacOSX.platform/Developer/SDKs/MacOSX26.1.sdk/usr/include/sys/_types/_in_port_t.h
/Applications/Xcode.app/Contents/Developer/Platforms/MacOSX.platform/Developer/SDKs/MacOSX26.1.sdk/usr/include/sys/_types/_ino_t.h
/Applications/Xcode.app/Contents/Developer/Platforms/MacOSX.platform/Developer/SDKs/MacOSX26.1.sdk/usr/include/sys/_types/_ino64_t.h
/Applications/Xcode.app/Contents/Developer/Platforms/MacOSX.platform/Developer/SDKs/MacOSX26.1.sdk/usr/include/sys/_types/_key_t.h
/Applications/Xcode.app/Contents/Developer/Platforms/MacOSX.platform/Developer/SDKs/MacOSX26.1.sdk/usr/include/sys/_types/_mode_t.h
/Applications/Xcode.app/Contents/Developer/Platforms/MacOSX.platform/Developer/SDKs/MacOSX26.1.sdk/usr/include/sys/_types/_nlink_t.h
/Applications/Xcode.app/Contents/Developer/Platforms/MacOSX.platform/Developer/SDKs/MacOSX26.1.sdk/usr/include/sys/_types/_id_t.h
/Applications/Xcode.app/Contents/Developer/Platforms/MacOSX.platform/Developer/SDKs/MacOSX26.1.sdk/usr/include/sys/_types/_pid_t.h
/Applications/Xcode.app/Contents/Developer/Platforms/MacOSX.platform/Developer/SDKs/MacOSX26.1.sdk/usr/include/sys/_types/_off_t.h
/Applications/Xcode.app/Contents/Developer/Platforms/MacOSX.platform/Developer/SDKs/MacOSX26.1.sdk/usr/include/sys/_types/_uid_t.h
/Applications/Xcode.app/Contents/Developer/Platforms/MacOSX.platform/Developer/SDKs/MacOSX26.1.sdk/usr/include/sys/_types/_clock_t.h
/Applications/Xcode.app/Contents/Developer/Platforms/MacOSX.platform/Developer/SDKs/MacOSX26.1.sdk/usr/include/sys/_types/_ssize_t.h
/Applications/Xcode.app/Contents/Developer/Platforms/MacOSX.platform/Developer/SDKs/MacOSX26.1.sdk/usr/include/sys/_types/_time_t.h
/Applications/Xcode.app/Contents/Developer/Platforms/MacOSX.platform/Developer/SDKs/MacOSX26.1.sdk/usr/include/sys/_types/_useconds_t.h
/Applications/Xcode.app/Contents/Developer/Platforms/MacOSX.platform/Developer/SDKs/MacOSX26.1.sdk/usr/include/sys/_types/_suseconds_t.h
/Applications/Xcode.app/Contents/Developer/Platforms/MacOSX.platform/Developer/SDKs/MacOSX26.1.sdk/usr/include/sys/_types/_rsize_t.h
/Applications/Xcode.app/Contents/Developer/Platforms/MacOSX.platform/Developer/SDKs/MacOSX26.1.sdk/usr/include/sys/_types/_fd_def.h
/Applications/Xcode.app/Contents/Developer/Platforms/MacOSX.platform/Developer/SDKs/MacOSX26.1.sdk/usr/include/sys/_types/_fd_setsize.h
/Applications/Xcode.app/Contents/Developer/Platforms/MacOSX.platform/Developer/SDKs/MacOSX26.1.sdk/usr/include/sys/_types/_fd_set.h
/Applications/Xcode.app/Contents/Developer/Platforms/MacOSX.platform/Developer/SDKs/MacOSX26.1.sdk/usr/include/sys/_types/_fd_clr.h
/Applications/Xcode.app/Contents/Developer/Platforms/MacOSX.platform/Developer/SDKs/MacOSX26.1.sdk/usr/include/sys/_types/_fd_zero.h
/Applications/Xcode.app/Contents/Developer/Platforms/MacOSX.platform/Developer/SDKs/MacOSX26.1.sdk/usr/include/sys/_types/_fd_isset.h
/Applications/Xcode.app/Contents/Developer/Platforms/MacOSX.platform/Developer/SDKs/MacOSX26.1.sdk/usr/include/sys/_types/_fd_copy.h
/Applications/Xcode.app/Contents/Developer/Platforms/MacOSX.platform/Developer/SDKs/MacOSX26.1.sdk/usr/include/sys/_pthread/_pthread_attr_t.h
/Applications/Xcode.app/Contents/Developer/Platforms/MacOSX.platform/Developer/SDKs/MacOSX26.1.sdk/usr/include/sys/_pthread/_pthread_cond_t.h
/Applications/Xcode.app/Contents/Developer/Platforms/MacOSX.platform/Developer/SDKs/MacOSX26.1.sdk/usr/include/sys/_pthread/_pthread_condattr_t.h
/Applications/Xcode.app/Contents/Developer/Platforms/MacOSX.platform/Developer/SDKs/MacOSX26.1.sdk/usr/include/sys/_pthread/_pthread_mutex_t.h
/Applications/Xcode.app/Contents/Developer/Platforms/MacOSX.platform/Developer/SDKs/MacOSX26.1.sdk/usr/include/sys/_pthread/_pthread_mutexattr_t.h
/Applications/Xcode.app/Contents/Developer/Platforms/MacOSX.platform/Developer/SDKs/MacOSX26.1.sdk/usr/include/sys/_pthread/_pthread_once_t.h
/Applications/Xcode.app/Contents/Developer/Platforms/MacOSX.platform/Developer/SDKs/MacOSX26.1.sdk/usr/include/sys/_pthread/_pthread_rwlock_t.h
/Applications/Xcode.app/Contents/Developer/Platforms/MacOSX.platform/Developer/SDKs/MacOSX26.1.sdk/usr/include/sys/_pthread/_pthread_rwlockattr_t.h
/Applications/Xcode.app/Contents/Developer/Platforms/MacOSX.platform/Developer/SDKs/MacOSX26.1.sdk/usr/include/sys/_pthread/_pthread_t.h
/Applications/Xcode.app/Contents/Developer/Platforms/MacOSX.platform/Developer/SDKs/MacOSX26.1.sdk/usr/include/sys/_pthread/_pthread_key_t.h
/Applications/Xcode.app/Contents/Developer/Platforms/MacOSX.platform/Developer/SDKs/MacOSX26.1.sdk/usr/include/sys/_types/_fsblkcnt_t.h
/Applications/Xcode.app/Contents/Developer/Platforms/MacOSX.platform/Developer/SDKs/MacOSX26.1.sdk/usr/include/sys/_types/_fsfilcnt_t.h
/Applications/Xcode.app/Contents/Developer/Platforms/MacOSX.platform/Developer/SDKs/MacOSX26.1.sdk/usr/include/_types.h
/Applications/Xcode.app/Contents/Developer/Platforms/MacOSX.platform/Developer/SDKs/MacOSX26.1.sdk/usr/include/_types/_nl_item.h
/Applications/Xcode.app/Contents/Developer/Platforms/MacOSX.platform/Developer/SDKs/MacOSX26.1.sdk/usr/include/runetype.h
/Applications/Xcode.app/Contents/Developer/Platforms/MacOSX.platform/Developer/SDKs/MacOSX26.1.sdk/usr/include/sys/_types/_ct_rune_t.h
/Applications/Xcode.app/Contents/Developer/Platforms/MacOSX.platform/Developer/SDKs/MacOSX26.1.sdk/usr/include/sys/_types/_rune_t.h
/Applications/Xcode.app/Contents/Developer/Platforms/MacOSX.platform/Developer/SDKs/MacOSX26.1.sdk/usr/include/sys/_types/_wint_t.h
/Applications/Xcode.app/Contents/Developer/Platforms/MacOSX.platform/Developer/SDKs/MacOSX26.1.sdk/usr/include/alloca.h
/Applications/Xcode.app/Contents/Developer/Platforms/MacOSX.platform/Developer/SDKs/MacOSX26.1.sdk/usr/include/i386/endian.h
/Applications/Xcode.app/Contents/Developer/Platforms/MacOSX.platform/Developer/SDKs/MacOSX26.1.sdk/usr/include/libkern/i386/_OSByteOrder.h
/Applications/Xcode.app/Contents/Developer/Platforms/MacOSX.platform/Developer/SDKs/MacOSX26.1.sdk/usr/include/secure/_common.h
/Applications/Xcode.app/Contents/Developer/Platforms/MacOSX.platform/Developer/SDKs/MacOSX26.1.sdk/usr/include/sys/_types/_mach_port_t.h
/Applications/Xcode.app/Contents/Developer/Platforms/MacOSX.platform/Developer/SDKs/MacOSX26.1.sdk/usr/include/sys/_types/_offsetof.h
/Applications/Xcode.app/Contents/Developer/Platforms/MacOSX.platform/Developer/SDKs/MacOSX26.1.sdk/usr/include/_strings.h
/Applications/Xcode.app/Contents/Developer/Platforms/MacOSX.platform/Developer/SDKs/MacOSX26.1.sdk/usr/include/secure/_strings.h
/Applications/Xcode.app/Contents/Developer/Platforms/MacOSX.platform/Developer/SDKs/MacOSX26.1.sdk/usr/include/sys/_types/_timeval.h
/Applications/Xcode.app/Contents/Developer/Platforms/MacOSX.platform/Developer/SDKs/MacOSX26.1.sdk/usr/include/sys/_types/_uuid_t.h
/Applications/Xcode.app/Contents/Developer/Platforms/MacOSX.platform/Developer/SDKs/MacOSX26.1.sdk/usr/include/i386/types.h
/Applications/Xcode.app/Contents/Developer/Platforms/MacOSX.platform/Developer/SDKs/MacOSX26.1.sdk/usr/include/i386/_types.h
/Applications/Xcode.app/Contents/Developer/Platforms/MacOSX.platform/Developer/SDKs/MacOSX26.1.sdk/usr/include/_ctype.h
/Applications/Xcode.app/Contents/Developer/Platforms/MacOSX.platform/Developer/SDKs/MacOSX26.1.sdk/usr/include/xlocale/_ctype.h
/Applications/Xcode.app/Contents/Developer/Platforms/MacOSX.platform/Developer/SDKs/MacOSX26.1.sdk/usr/include/locale.h
/Applications/Xcode.app/Contents/Developer/Platforms/MacOSX.platform/Developer/SDKs/MacOSX26.1.sdk/usr/include/_locale.h
/Applications/Xcode.app/Contents/Developer/Platforms/MacOSX.platform/Developer/SDKs/MacOSX26.1.sdk/usr/include/_locale_posix2008.h
/Applications/Xcode.app/Contents/Developer/Platforms/MacOSX.platform/Developer/SDKs/MacOSX26.1.sdk/usr/include/stdint.h
/Applications/Xcode.app/Contents/Developer/Platforms/MacOSX.platform/Developer/SDKs/MacOSX26.1.sdk/usr/include/_types/_uint8_t.h
/Applications/Xcode.app/Contents/Developer/Platforms/MacOSX.platform/Developer/SDKs/MacOSX26.1.sdk/usr/include/_types/_uint16_t.h
/Applications/Xcode.app/Contents/Developer/Platforms/MacOSX.platform/Developer/SDKs/MacOSX26.1.sdk/usr/include/_types/_uint32_t.h
/Applications/Xcode.app/Contents/Developer/Platforms/MacOSX.platform/Developer/SDKs/MacOSX26.1.sdk/usr/include/_types/_uint64_t.h
/Applications/Xcode.app/Contents/Developer/Platforms/MacOSX.platform/Developer/SDKs/MacOSX26.1.sdk/usr/include/_types/_intmax_t.h
/Applications/Xcode.app/Contents/Developer/Platforms/MacOSX.platform/Developer/SDKs/MacOSX26.1.sdk/usr/include/_types/_uintmax_t.h
/Applications/Xcode.app/Contents/Developer/Platforms/MacOSX.platform/Developer/SDKs/MacOSX26.1.sdk/usr/include/_stdio.h
/Applications/Xcode.app/Contents/Developer/Platforms/MacOSX.platform/Developer/SDKs/MacOSX26.1.sdk/usr/include/sys/stdio.h
/Applications/Xcode.app/Contents/Developer/Platforms/MacOSX.platform/Developer/SDKs/MacOSX26.1.sdk/usr/include/_printf.h
/Applications/Xcode.app/Contents/Developer/Platforms/MacOSX.platform/Developer/SDKs/MacOSX26.1.sdk/usr/include/sys/_types/_seek_set.h
/Applications/Xcode.app/Contents/Developer/Platforms/MacOSX.platform/Developer/SDKs/MacOSX26.1.sdk/usr/include/_ctermid.h
/Applications/Xcode.app/Contents/Developer/Platforms/MacOSX.platform/Developer/SDKs/MacOSX26.1.sdk/usr/include/secure/_stdio.h
/Applications/Xcode.app/Contents/Developer/Platforms/MacOSX.platform/Developer/SDKs/MacOSX26.1.sdk/usr/include/xlocale/_stdio.h
/Applications/Xcode.app/Contents/Developer/Platforms/MacOSX.platform/Developer/SDKs/MacOSX26.1.sdk/usr/include/_string.h
/Applications/Xcode.app/Contents/Developer/Platforms/MacOSX.platform/Developer/SDKs/MacOSX26.1.sdk/usr/include/secure/_string.h
/Applications/Xcode.app/Contents/Developer/Platforms/MacOSX.platform/Developer/SDKs/MacOSX26.1.sdk/usr/include/xlocale/_string.h
/Applications/Xcode.app/Contents/Developer/Platforms/MacOSX.platform/Developer/SDKs/MacOSX26.1.sdk/usr/include/tgmath.h
/Applications/Xcode.app/Contents/Developer/Platforms/MacOSX.platform/Developer/SDKs/MacOSX26.1.sdk/usr/include/_time.h
/Applications/Xcode.app/Contents/Developer/Platforms/MacOSX.platform/Developer/SDKs/MacOSX26.1.sdk/usr/include/sys/_types/_timespec.h
/Applications/Xcode.app/Contents/Developer/Platforms/MacOSX.platform/Developer/SDKs/MacOSX26.1.sdk/usr/include/xlocale/_time.h
/Applications/Xcode.app/Contents/Developer/Platforms/MacOSX.platform/Developer/SDKs/MacOSX26.1.sdk/SDKSettings.json
/Applications/Xcode.app/Contents/Developer/Toolchains/XcodeDefault.xctoolchain/usr/lib/swift/macosx/prebuilt-modules/26.1/_DarwinFoundation3.swiftmodule/arm64e-apple-macos.swiftmodule
/Applications/Xcode.app/Contents/Developer/Platforms/MacOSX.platform/Developer/SDKs/MacOSX26.1.sdk/usr/include/DarwinFoundation2.modulemap
/Applications/Xcode.app/Contents/Developer/Platforms/MacOSX.platform/Developer/SDKs/MacOSX26.1.sdk/usr/include/DarwinFoundation3.modulemap
/Applications/Xcode.app/Contents/Developer/Platforms/MacOSX.platform/Developer/SDKs/MacOSX26.1.sdk/usr/include/DarwinFoundation1.modulemap
/Applications/Xcode.app/Contents/Developer/Platforms/MacOSX.platform/Developer/SDKs/MacOSX26.1.sdk/usr/include/pthread/pthread.h
/Applications/Xcode.app/Contents/Developer/Platforms/MacOSX.platform/Developer/SDKs/MacOSX26.1.sdk/usr/include/pthread/sched.h
/Applications/Xcode.app/Contents/Developer/Platforms/MacOSX.platform/Developer/SDKs/MacOSX26.1.sdk/usr/include/pthread/pthread_impl.h
/Applications/Xcode.app/Contents/Developer/Platforms/MacOSX.platform/Developer/SDKs/MacOSX26.1.sdk/usr/include/time.h
/Applications/Xcode.app/Contents/Developer/Platforms/MacOSX.platform/Developer/SDKs/MacOSX26.1.sdk/usr/include/pthread/qos.h
/Applications/Xcode.app/Contents/Developer/Platforms/MacOSX.platform/Developer/SDKs/MacOSX26.1.sdk/usr/include/sys/_types/_sigset_t.h
/Applications/Xcode.app/Contents/Developer/Platforms/MacOSX.platform/Developer/SDKs/MacOSX26.1.sdk/usr/include/sys/resource.h
/Applications/Xcode.app/Contents/Developer/Toolchains/XcodeDefault.xctoolchain/usr/lib/swift/clang/include/module.modulemap
/Applications/Xcode.app/Contents/Developer/Platforms/MacOSX.platform/Developer/SDKs/MacOSX26.1.sdk/usr/include/sys/select.h
/Applications/Xcode.app/Contents/Developer/Platforms/MacOSX.platform/Developer/SDKs/MacOSX26.1.sdk/usr/include/sys/_select.h
/Applications/Xcode.app/Contents/Developer/Platforms/MacOSX.platform/Developer/SDKs/MacOSX26.1.sdk/usr/include/sys/wait.h
/Applications/Xcode.app/Contents/Developer/Platforms/MacOSX.platform/Developer/SDKs/MacOSX26.1.sdk/usr/include/sys/signal.h
/Applications/Xcode.app/Contents/Developer/Platforms/MacOSX.platform/Developer/SDKs/MacOSX26.1.sdk/usr/include/machine/signal.h
/Applications/Xcode.app/Contents/Developer/Platforms/MacOSX.platform/Developer/SDKs/MacOSX26.1.sdk/usr/include/arm/signal.h
/Applications/Xcode.app/Contents/Developer/Platforms/MacOSX.platform/Developer/SDKs/MacOSX26.1.sdk/usr/include/machine/_mcontext.h
/Applications/Xcode.app/Contents/Developer/Platforms/MacOSX.platform/Developer/SDKs/MacOSX26.1.sdk/usr/include/arm/_mcontext.h
/Applications/Xcode.app/Contents/Developer/Platforms/MacOSX.platform/Developer/SDKs/MacOSX26.1.sdk/usr/include/mach/machine/_structs.h
/Applications/Xcode.app/Contents/Developer/Platforms/MacOSX.platform/Developer/SDKs/MacOSX26.1.sdk/usr/include/mach/arm/_structs.h
/Applications/Xcode.app/Contents/Developer/Platforms/MacOSX.platform/Developer/SDKs/MacOSX26.1.sdk/usr/include/sys/_types/_sigaltstack.h
/Applications/Xcode.app/Contents/Developer/Platforms/MacOSX.platform/Developer/SDKs/MacOSX26.1.sdk/usr/include/sys/_types/_ucontext.h
/Applications/Xcode.app/Contents/Developer/Platforms/MacOSX.platform/Developer/SDKs/MacOSX26.1.sdk/usr/include/unistd.h
/Applications/Xcode.app/Contents/Developer/Platforms/MacOSX.platform/Developer/SDKs/MacOSX26.1.sdk/usr/include/sys/unistd.h
/Applications/Xcode.app/Contents/Developer/Platforms/MacOSX.platform/Developer/SDKs/MacOSX26.1.sdk/usr/include/sys/_types/_posix_vdisable.h
/Applications/Xcode.app/Contents/Developer/Platforms/MacOSX.platform/Developer/SDKs/MacOSX26.1.sdk/usr/include/gethostuuid.h
/Applications/Xcode.app/Contents/Developer/Platforms/MacOSX.platform/Developer/SDKs/MacOSX26.1.sdk/usr/include/mach/i386/_structs.h
/Applications/Xcode.app/Contents/Developer/Platforms/MacOSX.platform/Developer/SDKs/MacOSX26.1.sdk/usr/include/_inttypes.h
/Applications/Xcode.app/Contents/Developer/Platforms/MacOSX.platform/Developer/SDKs/MacOSX26.1.sdk/usr/include/xlocale/_inttypes.h
/Applications/Xcode.app/Contents/Developer/Toolchains/XcodeDefault.xctoolchain/usr/lib/swift/clang/include/stddef.h
/Applications/Xcode.app/Contents/Developer/Platforms/MacOSX.platform/Developer/SDKs/MacOSX26.1.sdk/usr/include/signal.h
/Applications/Xcode.app/Contents/Developer/Platforms/MacOSX.platform/Developer/SDKs/MacOSX26.1.sdk/usr/include/i386/signal.h
/Applications/Xcode.app/Contents/Developer/Platforms/MacOSX.platform/Developer/SDKs/MacOSX26.1.sdk/usr/include/i386/_mcontext.h
/Applications/Xcode.app/Contents/Developer/Platforms/MacOSX.platform/Developer/SDKs/MacOSX26.1.sdk/usr/include/_stdlib.h
/Applications/Xcode.app/Contents/Developer/Platforms/MacOSX.platform/Developer/SDKs/MacOSX26.1.sdk/usr/include/malloc/_malloc.h
/Applications/Xcode.app/Contents/Developer/Platforms/MacOSX.platform/Developer/SDKs/MacOSX26.1.sdk/usr/include/malloc/_malloc_type.h
/Applications/Xcode.app/Contents/Developer/Platforms/MacOSX.platform/Developer/SDKs/MacOSX26.1.sdk/usr/include/malloc/_ptrcheck.h
/Applications/Xcode.app/Contents/Developer/Platforms/MacOSX.platform/Developer/SDKs/MacOSX26.1.sdk/usr/include/_abort.h
/Applications/Xcode.app/Contents/Developer/Platforms/MacOSX.platform/Developer/SDKs/MacOSX26.1.sdk/usr/include/xlocale/_stdlib.h
/Applications/Xcode.app/Contents/Developer/Platforms/MacOSX.platform/Developer/SDKs/MacOSX26.1.sdk/usr/include/_wchar.h
/Applications/Xcode.app/Contents/Developer/Platforms/MacOSX.platform/Developer/SDKs/MacOSX26.1.sdk/usr/include/sys/_types/_mbstate_t.h
/Applications/Xcode.app/Contents/Developer/Toolchains/XcodeDefault.xctoolchain/usr/lib/swift/clang/include/stdarg.h
/Applications/Xcode.app/Contents/Developer/Platforms/MacOSX.platform/Developer/SDKs/MacOSX26.1.sdk/usr/include/stdio.h
/Applications/Xcode.app/Contents/Developer/Platforms/MacOSX.platform/Developer/SDKs/MacOSX26.1.sdk/usr/include/__wctype.h
/Applications/Xcode.app/Contents/Developer/Platforms/MacOSX.platform/Developer/SDKs/MacOSX26.1.sdk/usr/include/___wctype.h
/Applications/Xcode.app/Contents/Developer/Platforms/MacOSX.platform/Developer/SDKs/MacOSX26.1.sdk/usr/include/_types/_wctype_t.h
/Applications/Xcode.app/Contents/Developer/Platforms/MacOSX.platform/Developer/SDKs/MacOSX26.1.sdk/usr/include/ctype.h
/Applications/Xcode.app/Contents/Developer/Platforms/MacOSX.platform/Developer/SDKs/MacOSX26.1.sdk/usr/include/xlocale/_wchar.h
/Applications/Xcode.app/Contents/Developer/Platforms/MacOSX.platform/Developer/SDKs/MacOSX26.1.sdk/usr/include/_wctype.h
/Applications/Xcode.app/Contents/Developer/Platforms/MacOSX.platform/Developer/SDKs/MacOSX26.1.sdk/usr/include/_types/_wctrans_t.h
/Applications/Xcode.app/Contents/Developer/Platforms/MacOSX.platform/Developer/SDKs/MacOSX26.1.sdk/usr/include/xlocale/_wctype.h
/Applications/Xcode.app/Contents/Developer/Platforms/MacOSX.platform/Developer/SDKs/MacOSX26.1.sdk/usr/include/xlocale/___wctype.h
/Applications/Xcode.app/Contents/Developer/Platforms/MacOSX.platform/Developer/SDKs/MacOSX26.1.sdk/SDKSettings.json
/Applications/Xcode.app/Contents/Developer/Toolchains/XcodeDefault.xctoolchain/usr/lib/swift/macosx/prebuilt-modules/26.1/_StringProcessing.swiftmodule/arm64e-apple-macos.swiftmodule
/Applications/Xcode.app/Contents/Developer/Platforms/MacOSX.platform/Developer/SDKs/MacOSX26.1.sdk/usr/lib/swift/shims/module.modulemap
/Applications/Xcode.app/Contents/Developer/Platforms/MacOSX.platform/Developer/SDKs/MacOSX26.1.sdk/usr/lib/swift/shims/_SwiftConcurrency.h
/Applications/Xcode.app/Contents/Developer/Platforms/MacOSX.platform/Developer/SDKs/MacOSX26.1.sdk/SDKSettings.json
/Applications/Xcode.app/Contents/Developer/Platforms/MacOSX.platform/Developer/SDKs/MacOSX26.1.sdk/usr/include/launch.modulemap
/Applications/Xcode.app/Contents/Developer/Platforms/MacOSX.platform/Developer/SDKs/MacOSX26.1.sdk/usr/include/Darwin.modulemap
/Applications/Xcode.app/Contents/Developer/Platforms/MacOSX.platform/Developer/SDKs/MacOSX26.1.sdk/usr/include/Darwin_C.modulemap
/Applications/Xcode.app/Contents/Developer/Platforms/MacOSX.platform/Developer/SDKs/MacOSX26.1.sdk/usr/include/Darwin_POSIX.modulemap
/Applications/Xcode.app/Contents/Developer/Platforms/MacOSX.platform/Developer/SDKs/MacOSX26.1.sdk/usr/include/net.modulemap
/Applications/Xcode.app/Contents/Developer/Platforms/MacOSX.platform/Developer/SDKs/MacOSX26.1.sdk/usr/include/netinet.modulemap
/Applications/Xcode.app/Contents/Developer/Platforms/MacOSX.platform/Developer/SDKs/MacOSX26.1.sdk/usr/include/bank.modulemap
/Applications/Xcode.app/Contents/Developer/Platforms/MacOSX.platform/Developer/SDKs/MacOSX26.1.sdk/usr/include/Darwin_Mach.modulemap
/Applications/Xcode.app/Contents/Developer/Platforms/MacOSX.platform/Developer/SDKs/MacOSX26.1.sdk/usr/include/Darwin_Mach_machine.modulemap
/Applications/Xcode.app/Contents/Developer/Platforms/MacOSX.platform/Developer/SDKs/MacOSX26.1.sdk/usr/include/mach_debug.modulemap
/Applications/Xcode.app/Contents/Developer/Platforms/MacOSX.platform/Developer/SDKs/MacOSX26.1.sdk/usr/include/device.modulemap
/Applications/Xcode.app/Contents/Developer/Platforms/MacOSX.platform/Developer/SDKs/MacOSX26.1.sdk/usr/include/Darwin_machine.modulemap
/Applications/Xcode.app/Contents/Developer/Platforms/MacOSX.platform/Developer/SDKs/MacOSX26.1.sdk/usr/include/ncurses.modulemap
/Applications/Xcode.app/Contents/Developer/Platforms/MacOSX.platform/Developer/SDKs/MacOSX26.1.sdk/usr/include/netinet6.modulemap
/Applications/Xcode.app/Contents/Developer/Platforms/MacOSX.platform/Developer/SDKs/MacOSX26.1.sdk/usr/include/Darwin_sys.modulemap
/Applications/Xcode.app/Contents/Developer/Platforms/MacOSX.platform/Developer/SDKs/MacOSX26.1.sdk/usr/include/uuid.modulemap
/Applications/Xcode.app/Contents/Developer/Platforms/MacOSX.platform/Developer/SDKs/MacOSX26.1.sdk/usr/include/DarwinFoundation1.modulemap
/Applications/Xcode.app/Contents/Developer/Platforms/MacOSX.platform/Developer/SDKs/MacOSX26.1.sdk/usr/include/launch.h
/Applications/Xcode.app/Contents/Developer/Toolchains/XcodeDefault.xctoolchain/usr/lib/swift/clang/include/module.modulemap
/Applications/Xcode.app/Contents/Developer/Toolchains/XcodeDefault.xctoolchain/usr/lib/swift/clang/include/stddef.h
/Applications/Xcode.app/Contents/Developer/Platforms/MacOSX.platform/Developer/SDKs/MacOSX26.1.sdk/SDKSettings.json
/Applications/Xcode.app/Contents/Developer/Platforms/MacOSX.platform/Developer/SDKs/MacOSX26.1.sdk/usr/include/libDER/module.modulemap
/Applications/Xcode.app/Contents/Developer/Platforms/MacOSX.platform/Developer/SDKs/MacOSX26.1.sdk/usr/include/libDER/DERItem.h
/Applications/Xcode.app/Contents/Developer/Platforms/MacOSX.platform/Developer/SDKs/MacOSX26.1.sdk/usr/include/libDER/libDER_config.h
/Applications/Xcode.app/Contents/Developer/Toolchains/XcodeDefault.xctoolchain/usr/lib/swift/clang/include/module.modulemap
/Applications/Xcode.app/Contents/Developer/Toolchains/XcodeDefault.xctoolchain/usr/lib/swift/clang/include/stddef.h
/Applications/Xcode.app/Contents/Developer/Platforms/MacOSX.platform/Developer/SDKs/MacOSX26.1.sdk/usr/include/DarwinFoundation2.modulemap
/Applications/Xcode.app/Contents/Developer/Platforms/MacOSX.platform/Developer/SDKs/MacOSX26.1.sdk/usr/include/DarwinFoundation1.modulemap
/Applications/Xcode.app/Contents/Developer/Platforms/MacOSX.platform/Developer/SDKs/MacOSX26.1.sdk/usr/include/string.h
/Applications/Xcode.app/Contents/Developer/Platforms/MacOSX.platform/Developer/SDKs/MacOSX26.1.sdk/SDKSettings.json
/Applications/Xcode.app/Contents/Developer/Platforms/MacOSX.platform/Developer/SDKs/MacOSX26.1.sdk/usr/include/libkern.modulemap
/Applications/Xcode.app/Contents/Developer/Platforms/MacOSX.platform/Developer/SDKs/MacOSX26.1.sdk/usr/include/Darwin.modulemap
/Applications/Xcode.app/Contents/Developer/Platforms/MacOSX.platform/Developer/SDKs/MacOSX26.1.sdk/usr/include/Darwin_C.modulemap
/Applications/Xcode.app/Contents/Developer/Platforms/MacOSX.platform/Developer/SDKs/MacOSX26.1.sdk/usr/include/Darwin_POSIX.modulemap
/Applications/Xcode.app/Contents/Developer/Platforms/MacOSX.platform/Developer/SDKs/MacOSX26.1.sdk/usr/include/net.modulemap
/Applications/Xcode.app/Contents/Developer/Platforms/MacOSX.platform/Developer/SDKs/MacOSX26.1.sdk/usr/include/netinet.modulemap
/Applications/Xcode.app/Contents/Developer/Platforms/MacOSX.platform/Developer/SDKs/MacOSX26.1.sdk/usr/include/bank.modulemap
/Applications/Xcode.app/Contents/Developer/Platforms/MacOSX.platform/Developer/SDKs/MacOSX26.1.sdk/usr/include/Darwin_Mach.modulemap
/Applications/Xcode.app/Contents/Developer/Platforms/MacOSX.platform/Developer/SDKs/MacOSX26.1.sdk/usr/include/Darwin_Mach_machine.modulemap
/Applications/Xcode.app/Contents/Developer/Platforms/MacOSX.platform/Developer/SDKs/MacOSX26.1.sdk/usr/include/mach_debug.modulemap
/Applications/Xcode.app/Contents/Developer/Platforms/MacOSX.platform/Developer/SDKs/MacOSX26.1.sdk/usr/include/device.modulemap
/Applications/Xcode.app/Contents/Developer/Platforms/MacOSX.platform/Developer/SDKs/MacOSX26.1.sdk/usr/include/Darwin_machine.modulemap
/Applications/Xcode.app/Contents/Developer/Platforms/MacOSX.platform/Developer/SDKs/MacOSX26.1.sdk/usr/include/ncurses.modulemap
/Applications/Xcode.app/Contents/Developer/Platforms/MacOSX.platform/Developer/SDKs/MacOSX26.1.sdk/usr/include/netinet6.modulemap
/Applications/Xcode.app/Contents/Developer/Platforms/MacOSX.platform/Developer/SDKs/MacOSX26.1.sdk/usr/include/Darwin_sys.modulemap
/Applications/Xcode.app/Contents/Developer/Platforms/MacOSX.platform/Developer/SDKs/MacOSX26.1.sdk/usr/include/uuid.modulemap
/Applications/Xcode.app/Contents/Developer/Platforms/MacOSX.platform/Developer/SDKs/MacOSX26.1.sdk/usr/include/DarwinFoundation1.modulemap
/Applications/Xcode.app/Contents/Developer/Platforms/MacOSX.platform/Developer/SDKs/MacOSX26.1.sdk/usr/include/libkern/OSCacheControl.h
/Applications/Xcode.app/Contents/Developer/Toolchains/XcodeDefault.xctoolchain/usr/lib/swift/clang/include/module.modulemap
/Applications/Xcode.app/Contents/Developer/Toolchains/XcodeDefault.xctoolchain/usr/lib/swift/clang/include/stddef.h
/Applications/Xcode.app/Contents/Developer/Platforms/MacOSX.platform/Developer/SDKs/MacOSX26.1.sdk/usr/include/libkern/OSDebug.h
/Applications/Xcode.app/Contents/Developer/Platforms/MacOSX.platform/Developer/SDKs/MacOSX26.1.sdk/usr/include/libkern/OSReturn.h
/Applications/Xcode.app/Contents/Developer/Platforms/MacOSX.platform/Developer/SDKs/MacOSX26.1.sdk/usr/include/libkern/OSThermalNotification.h
/Applications/Xcode.app/Contents/Developer/Platforms/MacOSX.platform/Developer/SDKs/MacOSX26.1.sdk/usr/include/libkern/OSTypes.h
/Applications/Xcode.app/Contents/Developer/Platforms/MacOSX.platform/Developer/SDKs/MacOSX26.1.sdk/usr/include/libkern/OSKextLib.h
/Applications/Xcode.app/Contents/Developer/Platforms/MacOSX.platform/Developer/SDKs/MacOSX26.1.sdk/SDKSettings.json
/Applications/Xcode.app/Contents/Developer/Platforms/MacOSX.platform/Developer/SDKs/MacOSX26.1.sdk/usr/include/os.apinotes
/Applications/Xcode.app/Contents/Developer/Platforms/MacOSX.platform/Developer/SDKs/MacOSX26.1.sdk/usr/include/xpc.modulemap
/Applications/Xcode.app/Contents/Developer/Platforms/MacOSX.platform/Developer/SDKs/MacOSX26.1.sdk/usr/include/DarwinBasic.modulemap
/Applications/Xcode.app/Contents/Developer/Platforms/MacOSX.platform/Developer/SDKs/MacOSX26.1.sdk/usr/include/os.modulemap
/Applications/Xcode.app/Contents/Developer/Platforms/MacOSX.platform/Developer/SDKs/MacOSX26.1.sdk/usr/include/Darwin.modulemap
/Applications/Xcode.app/Contents/Developer/Platforms/MacOSX.platform/Developer/SDKs/MacOSX26.1.sdk/usr/include/Darwin_C.modulemap
/Applications/Xcode.app/Contents/Developer/Platforms/MacOSX.platform/Developer/SDKs/MacOSX26.1.sdk/usr/include/Darwin_POSIX.modulemap
/Applications/Xcode.app/Contents/Developer/Platforms/MacOSX.platform/Developer/SDKs/MacOSX26.1.sdk/usr/include/net.modulemap
/Applications/Xcode.app/Contents/Developer/Platforms/MacOSX.platform/Developer/SDKs/MacOSX26.1.sdk/usr/include/netinet.modulemap
/Applications/Xcode.app/Contents/Developer/Platforms/MacOSX.platform/Developer/SDKs/MacOSX26.1.sdk/usr/include/bank.modulemap
/Applications/Xcode.app/Contents/Developer/Platforms/MacOSX.platform/Developer/SDKs/MacOSX26.1.sdk/usr/include/Darwin_Mach.modulemap
/Applications/Xcode.app/Contents/Developer/Platforms/MacOSX.platform/Developer/SDKs/MacOSX26.1.sdk/usr/include/Darwin_Mach_machine.modulemap
/Applications/Xcode.app/Contents/Developer/Platforms/MacOSX.platform/Developer/SDKs/MacOSX26.1.sdk/usr/include/mach_debug.modulemap
/Applications/Xcode.app/Contents/Developer/Platforms/MacOSX.platform/Developer/SDKs/MacOSX26.1.sdk/usr/include/device.modulemap
/Applications/Xcode.app/Contents/Developer/Platforms/MacOSX.platform/Developer/SDKs/MacOSX26.1.sdk/usr/include/Darwin_machine.modulemap
/Applications/Xcode.app/Contents/Developer/Platforms/MacOSX.platform/Developer/SDKs/MacOSX26.1.sdk/usr/include/ncurses.modulemap
/Applications/Xcode.app/Contents/Developer/Platforms/MacOSX.platform/Developer/SDKs/MacOSX26.1.sdk/usr/include/netinet6.modulemap
/Applications/Xcode.app/Contents/Developer/Platforms/MacOSX.platform/Developer/SDKs/MacOSX26.1.sdk/usr/include/Darwin_sys.modulemap
/Applications/Xcode.app/Contents/Developer/Platforms/MacOSX.platform/Developer/SDKs/MacOSX26.1.sdk/usr/include/uuid.modulemap
/Applications/Xcode.app/Contents/Developer/Platforms/MacOSX.platform/Developer/SDKs/MacOSX26.1.sdk/usr/include/DarwinFoundation2.modulemap
/Applications/Xcode.app/Contents/Developer/Platforms/MacOSX.platform/Developer/SDKs/MacOSX26.1.sdk/usr/include/DarwinFoundation3.modulemap
/Applications/Xcode.app/Contents/Developer/Platforms/MacOSX.platform/Developer/SDKs/MacOSX26.1.sdk/usr/include/DarwinFoundation1.modulemap
/Applications/Xcode.app/Contents/Developer/Platforms/MacOSX.platform/Developer/SDKs/MacOSX26.1.sdk/usr/include/os/atomic.h
/Applications/Xcode.app/Contents/Developer/Toolchains/XcodeDefault.xctoolchain/usr/lib/swift/clang/include/module.modulemap
/Applications/Xcode.app/Contents/Developer/Platforms/MacOSX.platform/Developer/SDKs/MacOSX26.1.sdk/usr/include/os/overflow.h
/Applications/Xcode.app/Contents/Developer/Platforms/MacOSX.platform/Developer/SDKs/MacOSX26.1.sdk/usr/include/os/trace_base.h
/Applications/Xcode.app/Contents/Developer/Toolchains/XcodeDefault.xctoolchain/usr/lib/swift/clang/include/stdarg.h
/Applications/Xcode.app/Contents/Developer/Platforms/MacOSX.platform/Developer/SDKs/MacOSX26.1.sdk/usr/include/os/activity.h
/Applications/Xcode.app/Contents/Developer/Platforms/MacOSX.platform/Developer/SDKs/MacOSX26.1.sdk/usr/include/os/log.h
/Applications/Xcode.app/Contents/Developer/Platforms/MacOSX.platform/Developer/SDKs/MacOSX26.1.sdk/usr/include/os/trace.h
/Applications/Xcode.app/Contents/Developer/Platforms/MacOSX.platform/Developer/SDKs/MacOSX26.1.sdk/usr/include/os/signpost.h
/Applications/Xcode.app/Contents/Developer/Platforms/MacOSX.platform/Developer/SDKs/MacOSX26.1.sdk/usr/include/_modules/_os_lock.h
/Applications/Xcode.app/Contents/Developer/Platforms/MacOSX.platform/Developer/SDKs/MacOSX26.1.sdk/usr/include/_modules/_os_object.h
/Applications/Xcode.app/Contents/Developer/Platforms/MacOSX.platform/Developer/SDKs/MacOSX26.1.sdk/usr/include/_modules/_os_workgroup.h
/Applications/Xcode.app/Contents/Developer/Platforms/MacOSX.platform/Developer/SDKs/MacOSX26.1.sdk/SDKSettings.json
/Applications/Xcode.app/Contents/Developer/Toolchains/XcodeDefault.xctoolchain/usr/lib/swift/macosx/prebuilt-modules/26.1/os.swiftmodule/arm64e-apple-macos.swiftmodule
/Applications/Xcode.app/Contents/Developer/Platforms/MacOSX.platform/Developer/SDKs/MacOSX26.1.sdk/usr/include/os.modulemap
/Applications/Xcode.app/Contents/Developer/Platforms/MacOSX.platform/Developer/SDKs/MacOSX26.1.sdk/usr/include/ObjectiveC.modulemap
/Applications/Xcode.app/Contents/Developer/Platforms/MacOSX.platform/Developer/SDKs/MacOSX26.1.sdk/usr/include/Darwin.modulemap
/Applications/Xcode.app/Contents/Developer/Platforms/MacOSX.platform/Developer/SDKs/MacOSX26.1.sdk/usr/include/Darwin_C.modulemap
/Applications/Xcode.app/Contents/Developer/Platforms/MacOSX.platform/Developer/SDKs/MacOSX26.1.sdk/usr/include/Darwin_POSIX.modulemap
/Applications/Xcode.app/Contents/Developer/Platforms/MacOSX.platform/Developer/SDKs/MacOSX26.1.sdk/usr/include/net.modulemap
/Applications/Xcode.app/Contents/Developer/Platforms/MacOSX.platform/Developer/SDKs/MacOSX26.1.sdk/usr/include/netinet.modulemap
/Applications/Xcode.app/Contents/Developer/Platforms/MacOSX.platform/Developer/SDKs/MacOSX26.1.sdk/usr/include/bank.modulemap
/Applications/Xcode.app/Contents/Developer/Platforms/MacOSX.platform/Developer/SDKs/MacOSX26.1.sdk/usr/include/Darwin_Mach.modulemap
/Applications/Xcode.app/Contents/Developer/Platforms/MacOSX.platform/Developer/SDKs/MacOSX26.1.sdk/usr/include/Darwin_Mach_machine.modulemap
/Applications/Xcode.app/Contents/Developer/Platforms/MacOSX.platform/Developer/SDKs/MacOSX26.1.sdk/usr/include/mach_debug.modulemap
/Applications/Xcode.app/Contents/Developer/Platforms/MacOSX.platform/Developer/SDKs/MacOSX26.1.sdk/usr/include/device.modulemap
/Applications/Xcode.app/Contents/Developer/Platforms/MacOSX.platform/Developer/SDKs/MacOSX26.1.sdk/usr/include/Darwin_machine.modulemap
/Applications/Xcode.app/Contents/Developer/Platforms/MacOSX.platform/Developer/SDKs/MacOSX26.1.sdk/usr/include/ncurses.modulemap
/Applications/Xcode.app/Contents/Developer/Platforms/MacOSX.platform/Developer/SDKs/MacOSX26.1.sdk/usr/include/netinet6.modulemap
/Applications/Xcode.app/Contents/Developer/Platforms/MacOSX.platform/Developer/SDKs/MacOSX26.1.sdk/usr/include/Darwin_sys.modulemap
/Applications/Xcode.app/Contents/Developer/Platforms/MacOSX.platform/Developer/SDKs/MacOSX26.1.sdk/usr/include/uuid.modulemap
/Applications/Xcode.app/Contents/Developer/Platforms/MacOSX.platform/Developer/SDKs/MacOSX26.1.sdk/usr/include/DarwinFoundation1.modulemap
/Applications/Xcode.app/Contents/Developer/Platforms/MacOSX.platform/Developer/SDKs/MacOSX26.1.sdk/usr/include/os/object.h
/Applications/Xcode.app/Contents/Developer/Platforms/MacOSX.platform/Developer/SDKs/MacOSX26.1.sdk/SDKSettings.json
/Applications/Xcode.app/Contents/Developer/Platforms/MacOSX.platform/Developer/SDKs/MacOSX26.1.sdk/usr/include/os.modulemap
/Applications/Xcode.app/Contents/Developer/Platforms/MacOSX.platform/Developer/SDKs/MacOSX26.1.sdk/usr/include/Darwin.modulemap
/Applications/Xcode.app/Contents/Developer/Platforms/MacOSX.platform/Developer/SDKs/MacOSX26.1.sdk/usr/include/Darwin_C.modulemap
/Applications/Xcode.app/Contents/Developer/Platforms/MacOSX.platform/Developer/SDKs/MacOSX26.1.sdk/usr/include/Darwin_POSIX.modulemap
/Applications/Xcode.app/Contents/Developer/Platforms/MacOSX.platform/Developer/SDKs/MacOSX26.1.sdk/usr/include/net.modulemap
/Applications/Xcode.app/Contents/Developer/Platforms/MacOSX.platform/Developer/SDKs/MacOSX26.1.sdk/usr/include/netinet.modulemap
/Applications/Xcode.app/Contents/Developer/Platforms/MacOSX.platform/Developer/SDKs/MacOSX26.1.sdk/usr/include/bank.modulemap
/Applications/Xcode.app/Contents/Developer/Platforms/MacOSX.platform/Developer/SDKs/MacOSX26.1.sdk/usr/include/Darwin_Mach.modulemap
/Applications/Xcode.app/Contents/Developer/Platforms/MacOSX.platform/Developer/SDKs/MacOSX26.1.sdk/usr/include/Darwin_Mach_machine.modulemap
/Applications/Xcode.app/Contents/Developer/Platforms/MacOSX.platform/Developer/SDKs/MacOSX26.1.sdk/usr/include/mach_debug.modulemap
/Applications/Xcode.app/Contents/Developer/Platforms/MacOSX.platform/Developer/SDKs/MacOSX26.1.sdk/usr/include/device.modulemap
/Applications/Xcode.app/Contents/Developer/Platforms/MacOSX.platform/Developer/SDKs/MacOSX26.1.sdk/usr/include/Darwin_machine.modulemap
/Applications/Xcode.app/Contents/Developer/Platforms/MacOSX.platform/Developer/SDKs/MacOSX26.1.sdk/usr/include/ncurses.modulemap
/Applications/Xcode.app/Contents/Developer/Platforms/MacOSX.platform/Developer/SDKs/MacOSX26.1.sdk/usr/include/netinet6.modulemap
/Applications/Xcode.app/Contents/Developer/Platforms/MacOSX.platform/Developer/SDKs/MacOSX26.1.sdk/usr/include/Darwin_sys.modulemap
/Applications/Xcode.app/Contents/Developer/Platforms/MacOSX.platform/Developer/SDKs/MacOSX26.1.sdk/usr/include/uuid.modulemap
/Applications/Xcode.app/Contents/Developer/Platforms/MacOSX.platform/Developer/SDKs/MacOSX26.1.sdk/usr/include/DarwinFoundation2.modulemap
/Applications/Xcode.app/Contents/Developer/Platforms/MacOSX.platform/Developer/SDKs/MacOSX26.1.sdk/usr/include/DarwinFoundation3.modulemap
/Applications/Xcode.app/Contents/Developer/Platforms/MacOSX.platform/Developer/SDKs/MacOSX26.1.sdk/usr/include/DarwinFoundation1.modulemap
/Applications/Xcode.app/Contents/Developer/Platforms/MacOSX.platform/Developer/SDKs/MacOSX26.1.sdk/usr/include/os/workgroup.h
/Applications/Xcode.app/Contents/Developer/Platforms/MacOSX.platform/Developer/SDKs/MacOSX26.1.sdk/usr/include/os/workgroup_base.h
/Applications/Xcode.app/Contents/Developer/Toolchains/XcodeDefault.xctoolchain/usr/lib/swift/clang/include/module.modulemap
/Applications/Xcode.app/Contents/Developer/Toolchains/XcodeDefault.xctoolchain/usr/lib/swift/clang/include/stddef.h
/Applications/Xcode.app/Contents/Developer/Platforms/MacOSX.platform/Developer/SDKs/MacOSX26.1.sdk/usr/include/string.h
/Applications/Xcode.app/Contents/Developer/Platforms/MacOSX.platform/Developer/SDKs/MacOSX26.1.sdk/usr/include/stdlib.h
/Applications/Xcode.app/Contents/Developer/Platforms/MacOSX.platform/Developer/SDKs/MacOSX26.1.sdk/usr/include/os/workgroup_object.h
/Applications/Xcode.app/Contents/Developer/Platforms/MacOSX.platform/Developer/SDKs/MacOSX26.1.sdk/usr/include/os/workgroup_interval.h
/Applications/Xcode.app/Contents/Developer/Platforms/MacOSX.platform/Developer/SDKs/MacOSX26.1.sdk/usr/include/os/workgroup_parallel.h
/Applications/Xcode.app/Contents/Developer/Platforms/MacOSX.platform/Developer/SDKs/MacOSX26.1.sdk/SDKSettings.json
/Applications/Xcode.app/Contents/Developer/Toolchains/XcodeDefault.xctoolchain/usr/lib/swift/clang/include/module.modulemap
/Applications/Xcode.app/Contents/Developer/Toolchains/XcodeDefault.xctoolchain/usr/lib/swift/clang/include/ptrauth.h
/Applications/Xcode.app/Contents/Developer/Platforms/MacOSX.platform/Developer/SDKs/MacOSX26.1.sdk/SDKSettings.json
/Applications/Xcode.app/Contents/Developer/Toolchains/XcodeDefault.xctoolchain/usr/lib/swift/clang/include/module.modulemap
/Applications/Xcode.app/Contents/Developer/Toolchains/XcodeDefault.xctoolchain/usr/lib/swift/clang/include/ptrcheck.h
/Applications/Xcode.app/Contents/Developer/Platforms/MacOSX.platform/Developer/SDKs/MacOSX26.1.sdk/SDKSettings.json
/Applications/Xcode.app/Contents/Developer/Platforms/MacOSX.platform/Developer/SDKs/MacOSX26.1.sdk/usr/include/DarwinFoundation2.modulemap
/Applications/Xcode.app/Contents/Developer/Platforms/MacOSX.platform/Developer/SDKs/MacOSX26.1.sdk/usr/include/_modules/_sys_types.h
/Applications/Xcode.app/Contents/Developer/Platforms/MacOSX.platform/Developer/SDKs/MacOSX26.1.sdk/SDKSettings.json

SwiftDriver\ Compilation CasePaths normal arm64 com.apple.xcode.tools.swift.compiler (in target 'CasePaths' from project 'swift-case-paths')
    cd /Users/rogerlin/XCode-Projects/FinancialCalculatorKit-5.0-updated-accent-colors/FinancialCalculatorKit.xcodeproj
    builtin-Swift-Compilation -- /Applications/Xcode.app/Contents/Developer/Toolchains/XcodeDefault.xctoolchain/usr/bin/swiftc -module-name CasePaths -Onone -enforce-exclusivity\=checked @/Users/rogerlin/Library/Developer/Xcode/DerivedData/FinancialCalculatorKit-ackorybalcxbfocbkqsfdzcfkgmn/Build/Intermediates.noindex/swift-case-paths.build/Debug/CasePaths.build/Objects-normal/arm64/CasePaths.SwiftFileList -DSWIFT_PACKAGE -DDEBUG -DSWIFT_MODULE_RESOURCE_BUNDLE_UNAVAILABLE -DXcode -plugin-path /Applications/Xcode.app/Contents/Developer/Toolchains/XcodeDefault.xctoolchain/usr/lib/swift/host/plugins/testing -enable-experimental-feature DebugDescriptionMacro -sdk /Applications/Xcode.app/Contents/Developer/Platforms/MacOSX.platform/Developer/SDKs/MacOSX26.1.sdk -target arm64-apple-macos10.15 -g -module-cache-path /Users/rogerlin/Library/Developer/Xcode/DerivedData/ModuleCache.noindex -Xfrontend -serialize-debugging-options -profile-coverage-mapping -profile-generate -enable-testing -suppress-warnings -index-store-path /Users/rogerlin/Library/Developer/Xcode/DerivedData/FinancialCalculatorKit-ackorybalcxbfocbkqsfdzcfkgmn/Index.noindex/DataStore -Xcc -D_LIBCPP_HARDENING_MODE\=_LIBCPP_HARDENING_MODE_DEBUG -swift-version 6 -I /Users/rogerlin/Library/Developer/Xcode/DerivedData/FinancialCalculatorKit-ackorybalcxbfocbkqsfdzcfkgmn/Build/Products/Debug -Isystem /Applications/Xcode.app/Contents/Developer/Platforms/MacOSX.platform/Developer/usr/lib -F /Users/rogerlin/Library/Developer/Xcode/DerivedData/FinancialCalculatorKit-ackorybalcxbfocbkqsfdzcfkgmn/Build/Products/Debug/PackageFrameworks -F /Users/rogerlin/Library/Developer/Xcode/DerivedData/FinancialCalculatorKit-ackorybalcxbfocbkqsfdzcfkgmn/Build/Products/Debug/PackageFrameworks -F /Users/rogerlin/Library/Developer/Xcode/DerivedData/FinancialCalculatorKit-ackorybalcxbfocbkqsfdzcfkgmn/Build/Products/Debug/PackageFrameworks -F /Users/rogerlin/Library/Developer/Xcode/DerivedData/FinancialCalculatorKit-ackorybalcxbfocbkqsfdzcfkgmn/Build/Products/Debug -F /Applications/Xcode.app/Contents/Developer/Platforms/MacOSX.platform/Developer/Library/Frameworks -Xfrontend -load-plugin-executable -Xfrontend /Users/rogerlin/Library/Developer/Xcode/DerivedData/FinancialCalculatorKit-ackorybalcxbfocbkqsfdzcfkgmn/Build/Products/Debug/CasePathsMacros\#CasePathsMacros -c -j16 -enable-batch-mode -incremental -Xcc -ivfsstatcache -Xcc /Users/rogerlin/Library/Developer/Xcode/DerivedData/SDKStatCaches.noindex/macosx26.1-25B74-3ae1261907bdadc328169391a47051a6.sdkstatcache -output-file-map /Users/rogerlin/Library/Developer/Xcode/DerivedData/FinancialCalculatorKit-ackorybalcxbfocbkqsfdzcfkgmn/Build/Intermediates.noindex/swift-case-paths.build/Debug/CasePaths.build/Objects-normal/arm64/CasePaths-OutputFileMap.json -use-frontend-parseable-output -save-temps -no-color-diagnostics -explicit-module-build -module-cache-path /Users/rogerlin/Library/Developer/Xcode/DerivedData/FinancialCalculatorKit-ackorybalcxbfocbkqsfdzcfkgmn/Build/Intermediates.noindex/SwiftExplicitPrecompiledModules -clang-scanner-module-cache-path /Users/rogerlin/Library/Developer/Xcode/DerivedData/ModuleCache.noindex -sdk-module-cache-path /Users/rogerlin/Library/Developer/Xcode/DerivedData/ModuleCache.noindex -serialize-diagnostics -emit-dependencies -emit-module -emit-module-path /Users/rogerlin/Library/Developer/Xcode/DerivedData/FinancialCalculatorKit-ackorybalcxbfocbkqsfdzcfkgmn/Build/Intermediates.noindex/swift-case-paths.build/Debug/CasePaths.build/Objects-normal/arm64/CasePaths.swiftmodule -user-module-version 1.7.0 -validate-clang-modules-once -clang-build-session-file /Users/rogerlin/Library/Developer/Xcode/DerivedData/ModuleCache.noindex/Session.modulevalidation -package-name swift_case_paths -Xcc -I/Users/rogerlin/Library/Developer/Xcode/DerivedData/FinancialCalculatorKit-ackorybalcxbfocbkqsfdzcfkgmn/Build/Intermediates.noindex/swift-case-paths.build/Debug/CasePaths.build/swift-overrides.hmap -emit-const-values -Xfrontend -const-gather-protocols-file -Xfrontend /Users/rogerlin/Library/Developer/Xcode/DerivedData/FinancialCalculatorKit-ackorybalcxbfocbkqsfdzcfkgmn/Build/Intermediates.noindex/swift-case-paths.build/Debug/CasePaths.build/Objects-normal/arm64/CasePaths_const_extract_protocols.json -Xcc -I/Users/rogerlin/Library/Developer/Xcode/DerivedData/FinancialCalculatorKit-ackorybalcxbfocbkqsfdzcfkgmn/Build/Products/Debug/include -Xcc -I/Users/rogerlin/Library/Developer/Xcode/DerivedData/FinancialCalculatorKit-ackorybalcxbfocbkqsfdzcfkgmn/Build/Intermediates.noindex/swift-case-paths.build/Debug/CasePaths.build/DerivedSources-normal/arm64 -Xcc -I/Users/rogerlin/Library/Developer/Xcode/DerivedData/FinancialCalculatorKit-ackorybalcxbfocbkqsfdzcfkgmn/Build/Intermediates.noindex/swift-case-paths.build/Debug/CasePaths.build/DerivedSources/arm64 -Xcc -I/Users/rogerlin/Library/Developer/Xcode/DerivedData/FinancialCalculatorKit-ackorybalcxbfocbkqsfdzcfkgmn/Build/Intermediates.noindex/swift-case-paths.build/Debug/CasePaths.build/DerivedSources -Xcc -DSWIFT_PACKAGE -Xcc -DDEBUG\=1 -emit-objc-header -emit-objc-header-path /Users/rogerlin/Library/Developer/Xcode/DerivedData/FinancialCalculatorKit-ackorybalcxbfocbkqsfdzcfkgmn/Build/Intermediates.noindex/swift-case-paths.build/Debug/CasePaths.build/Objects-normal/arm64/CasePaths-Swift.h -working-directory /Users/rogerlin/XCode-Projects/FinancialCalculatorKit-5.0-updated-accent-colors/FinancialCalculatorKit.xcodeproj -experimental-emit-module-separately -disable-cmo

    Task input dependencies:
        /Users/rogerlin/Library/Developer/Xcode/DerivedData/FinancialCalculatorKit-ackorybalcxbfocbkqsfdzcfkgmn/SourcePackages/checkouts/swift-case-paths/Sources/CasePaths/EnumReflection.swift
        /Users/rogerlin/Library/Developer/Xcode/DerivedData/FinancialCalculatorKit-ackorybalcxbfocbkqsfdzcfkgmn/SourcePackages/checkouts/swift-case-paths/Sources/CasePaths/Internal/Deprecations.swift
        /Users/rogerlin/Library/Developer/Xcode/DerivedData/FinancialCalculatorKit-ackorybalcxbfocbkqsfdzcfkgmn/SourcePackages/checkouts/swift-case-paths/Sources/CasePaths/Internal/Exports.swift
        /Users/rogerlin/Library/Developer/Xcode/DerivedData/FinancialCalculatorKit-ackorybalcxbfocbkqsfdzcfkgmn/SourcePackages/checkouts/swift-case-paths/Sources/CasePaths/Internal/LockIsolated.swift
        /Users/rogerlin/Library/Developer/Xcode/DerivedData/FinancialCalculatorKit-ackorybalcxbfocbkqsfdzcfkgmn/SourcePackages/checkouts/swift-case-paths/Sources/CasePaths/Macros.swift
        /Users/rogerlin/Library/Developer/Xcode/DerivedData/FinancialCalculatorKit-ackorybalcxbfocbkqsfdzcfkgmn/SourcePackages/checkouts/swift-case-paths/Sources/CasePaths/XCTestSupport.swift
        /Users/rogerlin/Library/Developer/Xcode/DerivedData/FinancialCalculatorKit-ackorybalcxbfocbkqsfdzcfkgmn/Build/Products/Debug/CasePathsMacros
        /Users/rogerlin/Library/Developer/Xcode/DerivedData/FinancialCalculatorKit-ackorybalcxbfocbkqsfdzcfkgmn/Build/Intermediates.noindex/swift-case-paths.build/Debug/CasePaths.build/Objects-normal/arm64/CasePaths.SwiftFileList
        /Users/rogerlin/Library/Developer/Xcode/DerivedData/FinancialCalculatorKit-ackorybalcxbfocbkqsfdzcfkgmn/Build/Intermediates.noindex/swift-case-paths.build/Debug/CasePaths.build/Objects-normal/arm64/CasePaths-OutputFileMap.json
        /Users/rogerlin/Library/Developer/Xcode/DerivedData/FinancialCalculatorKit-ackorybalcxbfocbkqsfdzcfkgmn/Build/Intermediates.noindex/swift-case-paths.build/Debug/CasePaths.build/Objects-normal/arm64/CasePaths_const_extract_protocols.json
        /Users/rogerlin/Library/Developer/Xcode/DerivedData/FinancialCalculatorKit-ackorybalcxbfocbkqsfdzcfkgmn/Build/Intermediates.noindex/GeneratedModuleMaps/CasePaths.modulemap
        /Users/rogerlin/Library/Developer/Xcode/DerivedData/FinancialCalculatorKit-ackorybalcxbfocbkqsfdzcfkgmn/SourcePackages/checkouts/swift-case-paths/Sources/CasePaths/EnumReflection.swift
        /Users/rogerlin/Library/Developer/Xcode/DerivedData/FinancialCalculatorKit-ackorybalcxbfocbkqsfdzcfkgmn/SourcePackages/checkouts/swift-case-paths/Sources/CasePaths/Internal/Deprecations.swift
        /Users/rogerlin/Library/Developer/Xcode/DerivedData/FinancialCalculatorKit-ackorybalcxbfocbkqsfdzcfkgmn/SourcePackages/checkouts/swift-case-paths/Sources/CasePaths/Internal/Exports.swift
        /Users/rogerlin/Library/Developer/Xcode/DerivedData/FinancialCalculatorKit-ackorybalcxbfocbkqsfdzcfkgmn/SourcePackages/checkouts/swift-case-paths/Sources/CasePaths/Internal/LockIsolated.swift
        /Users/rogerlin/Library/Developer/Xcode/DerivedData/FinancialCalculatorKit-ackorybalcxbfocbkqsfdzcfkgmn/SourcePackages/checkouts/swift-case-paths/Sources/CasePaths/Macros.swift
        /Users/rogerlin/Library/Developer/Xcode/DerivedData/FinancialCalculatorKit-ackorybalcxbfocbkqsfdzcfkgmn/SourcePackages/checkouts/swift-case-paths/Sources/CasePaths/XCTestSupport.swift
        /Users/rogerlin/Library/Developer/Xcode/DerivedData/FinancialCalculatorKit-ackorybalcxbfocbkqsfdzcfkgmn/Build/Products/Debug/CasePathsMacros
        /Users/rogerlin/Library/Developer/Xcode/DerivedData/FinancialCalculatorKit-ackorybalcxbfocbkqsfdzcfkgmn/Build/Intermediates.noindex/swift-case-paths.build/Debug/CasePaths.build/Objects-normal/arm64/CasePaths.SwiftFileList
        /Users/rogerlin/Library/Developer/Xcode/DerivedData/FinancialCalculatorKit-ackorybalcxbfocbkqsfdzcfkgmn/Build/Intermediates.noindex/swift-case-paths.build/Debug/CasePaths.build/Objects-normal/arm64/CasePaths-OutputFileMap.json
        /Users/rogerlin/Library/Developer/Xcode/DerivedData/FinancialCalculatorKit-ackorybalcxbfocbkqsfdzcfkgmn/Build/Intermediates.noindex/swift-case-paths.build/Debug/CasePaths.build/Objects-normal/arm64/CasePaths_const_extract_protocols.json
        /Users/rogerlin/Library/Developer/Xcode/DerivedData/FinancialCalculatorKit-ackorybalcxbfocbkqsfdzcfkgmn/Build/Intermediates.noindex/GeneratedModuleMaps/CasePaths.modulemap
        <ClangStatCache /Users/rogerlin/Library/Developer/Xcode/DerivedData/SDKStatCaches.noindex/macosx26.1-25B74-3ae1261907bdadc328169391a47051a6.sdkstatcache>
        <target-CasePaths-PACKAGE-TARGET:CasePaths-SDKROOT:macosx:SDK_VARIANT:macos-generated-headers>
        <target-CasePaths-PACKAGE-TARGET:CasePaths-SDKROOT:macosx:SDK_VARIANT:macos-copy-headers-completion>
        <target-CasePaths-PACKAGE-TARGET:CasePaths-SDKROOT:macosx:SDK_VARIANT:macos-ModuleVerifierTaskProducer>
        <target-CasePaths-PACKAGE-TARGET:CasePaths-SDKROOT:macosx:SDK_VARIANT:macos-begin-compiling>
        <WorkspaceHeaderMapVFSFilesWritten>

    Task output dependencies:
        /Users/rogerlin/Library/Developer/Xcode/DerivedData/FinancialCalculatorKit-ackorybalcxbfocbkqsfdzcfkgmn/Build/Intermediates.noindex/swift-case-paths.build/Debug/CasePaths.build/Objects-normal/arm64/CasePaths Swift Compilation Finished
        /Users/rogerlin/Library/Developer/Xcode/DerivedData/FinancialCalculatorKit-ackorybalcxbfocbkqsfdzcfkgmn/Build/Intermediates.noindex/swift-case-paths.build/Debug/CasePaths.build/Objects-normal/arm64/EnumReflection.o
        /Users/rogerlin/Library/Developer/Xcode/DerivedData/FinancialCalculatorKit-ackorybalcxbfocbkqsfdzcfkgmn/Build/Intermediates.noindex/swift-case-paths.build/Debug/CasePaths.build/Objects-normal/arm64/Deprecations.o
        /Users/rogerlin/Library/Developer/Xcode/DerivedData/FinancialCalculatorKit-ackorybalcxbfocbkqsfdzcfkgmn/Build/Intermediates.noindex/swift-case-paths.build/Debug/CasePaths.build/Objects-normal/arm64/Exports.o
        /Users/rogerlin/Library/Developer/Xcode/DerivedData/FinancialCalculatorKit-ackorybalcxbfocbkqsfdzcfkgmn/Build/Intermediates.noindex/swift-case-paths.build/Debug/CasePaths.build/Objects-normal/arm64/LockIsolated.o
        /Users/rogerlin/Library/Developer/Xcode/DerivedData/FinancialCalculatorKit-ackorybalcxbfocbkqsfdzcfkgmn/Build/Intermediates.noindex/swift-case-paths.build/Debug/CasePaths.build/Objects-normal/arm64/Macros.o
        /Users/rogerlin/Library/Developer/Xcode/DerivedData/FinancialCalculatorKit-ackorybalcxbfocbkqsfdzcfkgmn/Build/Intermediates.noindex/swift-case-paths.build/Debug/CasePaths.build/Objects-normal/arm64/XCTestSupport.o
        /Users/rogerlin/Library/Developer/Xcode/DerivedData/FinancialCalculatorKit-ackorybalcxbfocbkqsfdzcfkgmn/Build/Intermediates.noindex/swift-case-paths.build/Debug/CasePaths.build/Objects-normal/arm64/EnumReflection.swiftconstvalues
        /Users/rogerlin/Library/Developer/Xcode/DerivedData/FinancialCalculatorKit-ackorybalcxbfocbkqsfdzcfkgmn/Build/Intermediates.noindex/swift-case-paths.build/Debug/CasePaths.build/Objects-normal/arm64/Deprecations.swiftconstvalues
        /Users/rogerlin/Library/Developer/Xcode/DerivedData/FinancialCalculatorKit-ackorybalcxbfocbkqsfdzcfkgmn/Build/Intermediates.noindex/swift-case-paths.build/Debug/CasePaths.build/Objects-normal/arm64/Exports.swiftconstvalues
        /Users/rogerlin/Library/Developer/Xcode/DerivedData/FinancialCalculatorKit-ackorybalcxbfocbkqsfdzcfkgmn/Build/Intermediates.noindex/swift-case-paths.build/Debug/CasePaths.build/Objects-normal/arm64/LockIsolated.swiftconstvalues
        /Users/rogerlin/Library/Developer/Xcode/DerivedData/FinancialCalculatorKit-ackorybalcxbfocbkqsfdzcfkgmn/Build/Intermediates.noindex/swift-case-paths.build/Debug/CasePaths.build/Objects-normal/arm64/Macros.swiftconstvalues
        /Users/rogerlin/Library/Developer/Xcode/DerivedData/FinancialCalculatorKit-ackorybalcxbfocbkqsfdzcfkgmn/Build/Intermediates.noindex/swift-case-paths.build/Debug/CasePaths.build/Objects-normal/arm64/XCTestSupport.swiftconstvalues
Discovered dependency nodes:
/Applications/Xcode.app/Contents/Developer/Platforms/MacOSX.platform/Developer/SDKs/MacOSX26.1.sdk/System/Library/Frameworks/CFNetwork.framework/Modules/module.modulemap
/Applications/Xcode.app/Contents/Developer/Platforms/MacOSX.platform/Developer/SDKs/MacOSX26.1.sdk/System/Library/Frameworks/CFNetwork.framework/Headers/CFNetwork.h
/Applications/Xcode.app/Contents/Developer/Platforms/MacOSX.platform/Developer/SDKs/MacOSX26.1.sdk/System/Library/Frameworks/CoreFoundation.framework/Modules/module.modulemap
/Applications/Xcode.app/Contents/Developer/Platforms/MacOSX.platform/Developer/SDKs/MacOSX26.1.sdk/System/Library/Frameworks/CFNetwork.framework/Headers/CFNetworkDefs.h
/Applications/Xcode.app/Contents/Developer/Platforms/MacOSX.platform/Developer/SDKs/MacOSX26.1.sdk/usr/include/Darwin.modulemap
/Applications/Xcode.app/Contents/Developer/Platforms/MacOSX.platform/Developer/SDKs/MacOSX26.1.sdk/System/Library/Frameworks/CFNetwork.framework/Headers/CFNetworkErrors.h
/Applications/Xcode.app/Contents/Developer/Platforms/MacOSX.platform/Developer/SDKs/MacOSX26.1.sdk/System/Library/Frameworks/CFNetwork.framework/Headers/CFSocketStream.h
/Applications/Xcode.app/Contents/Developer/Platforms/MacOSX.platform/Developer/SDKs/MacOSX26.1.sdk/System/Library/Frameworks/CFNetwork.framework/Headers/CFHost.h
/Applications/Xcode.app/Contents/Developer/Platforms/MacOSX.platform/Developer/SDKs/MacOSX26.1.sdk/System/Library/Frameworks/CFNetwork.framework/Headers/CFNetServices.h
/Applications/Xcode.app/Contents/Developer/Platforms/MacOSX.platform/Developer/SDKs/MacOSX26.1.sdk/System/Library/Frameworks/CFNetwork.framework/Headers/CFFTPStream.h
/Applications/Xcode.app/Contents/Developer/Platforms/MacOSX.platform/Developer/SDKs/MacOSX26.1.sdk/System/Library/Frameworks/CFNetwork.framework/Headers/CFHTTPMessage.h
/Applications/Xcode.app/Contents/Developer/Platforms/MacOSX.platform/Developer/SDKs/MacOSX26.1.sdk/System/Library/Frameworks/CFNetwork.framework/Headers/CFHTTPStream.h
/Applications/Xcode.app/Contents/Developer/Platforms/MacOSX.platform/Developer/SDKs/MacOSX26.1.sdk/System/Library/Frameworks/CFNetwork.framework/Headers/CFHTTPAuthentication.h
/Applications/Xcode.app/Contents/Developer/Platforms/MacOSX.platform/Developer/SDKs/MacOSX26.1.sdk/System/Library/Frameworks/CFNetwork.framework/Headers/CFNetDiagnostics.h
/Applications/Xcode.app/Contents/Developer/Toolchains/XcodeDefault.xctoolchain/usr/lib/swift/clang/include/module.modulemap
/Applications/Xcode.app/Contents/Developer/Platforms/MacOSX.platform/Developer/SDKs/MacOSX26.1.sdk/System/Library/Frameworks/CFNetwork.framework/Headers/CFProxySupport.h
/Applications/Xcode.app/Contents/Developer/Platforms/MacOSX.platform/Developer/SDKs/MacOSX26.1.sdk/SDKSettings.json
/Users/rogerlin/Library/Developer/Xcode/DerivedData/FinancialCalculatorKit-ackorybalcxbfocbkqsfdzcfkgmn/Build/Products/Debug/CasePathsCore.swiftmodule/arm64-apple-macos.swiftmodule
/Applications/Xcode.app/Contents/Developer/Toolchains/XcodeDefault.xctoolchain/usr/lib/swift/macosx/prebuilt-modules/26.1/Combine.swiftmodule/arm64e-apple-macos.swiftmodule
/Applications/Xcode.app/Contents/Developer/Toolchains/XcodeDefault.xctoolchain/usr/lib/swift/macosx/prebuilt-modules/26.1/CoreFoundation.swiftmodule/arm64e-apple-macos.swiftmodule
/Applications/Xcode.app/Contents/Developer/Platforms/MacOSX.platform/Developer/SDKs/MacOSX26.1.sdk/System/Library/Frameworks/CoreFoundation.framework/Modules/module.modulemap
/Applications/Xcode.app/Contents/Developer/Platforms/MacOSX.platform/Developer/SDKs/MacOSX26.1.sdk/System/Library/Frameworks/CoreFoundation.framework/Headers/CoreFoundation.h
/Applications/Xcode.app/Contents/Developer/Platforms/MacOSX.platform/Developer/SDKs/MacOSX26.1.sdk/usr/include/dispatch.modulemap
/Applications/Xcode.app/Contents/Developer/Platforms/MacOSX.platform/Developer/SDKs/MacOSX26.1.sdk/usr/include/Darwin.modulemap
/Applications/Xcode.app/Contents/Developer/Platforms/MacOSX.platform/Developer/SDKs/MacOSX26.1.sdk/usr/include/Darwin_C.modulemap
/Applications/Xcode.app/Contents/Developer/Platforms/MacOSX.platform/Developer/SDKs/MacOSX26.1.sdk/usr/include/Darwin_POSIX.modulemap
/Applications/Xcode.app/Contents/Developer/Platforms/MacOSX.platform/Developer/SDKs/MacOSX26.1.sdk/usr/include/net.modulemap
/Applications/Xcode.app/Contents/Developer/Platforms/MacOSX.platform/Developer/SDKs/MacOSX26.1.sdk/usr/include/netinet.modulemap
/Applications/Xcode.app/Contents/Developer/Platforms/MacOSX.platform/Developer/SDKs/MacOSX26.1.sdk/usr/include/bank.modulemap
/Applications/Xcode.app/Contents/Developer/Platforms/MacOSX.platform/Developer/SDKs/MacOSX26.1.sdk/usr/include/Darwin_Mach.modulemap
/Applications/Xcode.app/Contents/Developer/Platforms/MacOSX.platform/Developer/SDKs/MacOSX26.1.sdk/usr/include/Darwin_Mach_machine.modulemap
/Applications/Xcode.app/Contents/Developer/Platforms/MacOSX.platform/Developer/SDKs/MacOSX26.1.sdk/usr/include/mach_debug.modulemap
/Applications/Xcode.app/Contents/Developer/Platforms/MacOSX.platform/Developer/SDKs/MacOSX26.1.sdk/usr/include/device.modulemap
/Applications/Xcode.app/Contents/Developer/Platforms/MacOSX.platform/Developer/SDKs/MacOSX26.1.sdk/usr/include/Darwin_machine.modulemap
/Applications/Xcode.app/Contents/Developer/Platforms/MacOSX.platform/Developer/SDKs/MacOSX26.1.sdk/usr/include/ncurses.modulemap
/Applications/Xcode.app/Contents/Developer/Platforms/MacOSX.platform/Developer/SDKs/MacOSX26.1.sdk/usr/include/netinet6.modulemap
/Applications/Xcode.app/Contents/Developer/Platforms/MacOSX.platform/Developer/SDKs/MacOSX26.1.sdk/usr/include/Darwin_sys.modulemap
/Applications/Xcode.app/Contents/Developer/Platforms/MacOSX.platform/Developer/SDKs/MacOSX26.1.sdk/usr/include/uuid.modulemap
/Applications/Xcode.app/Contents/Developer/Platforms/MacOSX.platform/Developer/SDKs/MacOSX26.1.sdk/usr/include/DarwinFoundation2.modulemap
/Applications/Xcode.app/Contents/Developer/Platforms/MacOSX.platform/Developer/SDKs/MacOSX26.1.sdk/usr/include/DarwinFoundation3.modulemap
/Applications/Xcode.app/Contents/Developer/Platforms/MacOSX.platform/Developer/SDKs/MacOSX26.1.sdk/usr/include/DarwinFoundation1.modulemap
/Applications/Xcode.app/Contents/Developer/Toolchains/XcodeDefault.xctoolchain/usr/lib/swift/clang/include/module.modulemap
/Applications/Xcode.app/Contents/Developer/Toolchains/XcodeDefault.xctoolchain/usr/lib/swift/clang/include/stdarg.h
/Applications/Xcode.app/Contents/Developer/Platforms/MacOSX.platform/Developer/SDKs/MacOSX26.1.sdk/usr/include/assert.h
/Applications/Xcode.app/Contents/Developer/Platforms/MacOSX.platform/Developer/SDKs/MacOSX26.1.sdk/usr/include/ctype.h
/Applications/Xcode.app/Contents/Developer/Toolchains/XcodeDefault.xctoolchain/usr/lib/swift/clang/include/stddef.h
/Applications/Xcode.app/Contents/Developer/Platforms/MacOSX.platform/Developer/SDKs/MacOSX26.1.sdk/usr/include/stdio.h
/Applications/Xcode.app/Contents/Developer/Platforms/MacOSX.platform/Developer/SDKs/MacOSX26.1.sdk/usr/include/stdlib.h
/Applications/Xcode.app/Contents/Developer/Platforms/MacOSX.platform/Developer/SDKs/MacOSX26.1.sdk/usr/include/string.h
/Applications/Xcode.app/Contents/Developer/Platforms/MacOSX.platform/Developer/SDKs/MacOSX26.1.sdk/usr/include/time.h
/Applications/Xcode.app/Contents/Developer/Platforms/MacOSX.platform/Developer/SDKs/MacOSX26.1.sdk/System/Library/Frameworks/CoreFoundation.framework/Headers/CFBase.h
/Applications/Xcode.app/Contents/Developer/Platforms/MacOSX.platform/Developer/SDKs/MacOSX26.1.sdk/System/Library/Frameworks/CoreFoundation.framework/Headers/CFAvailability.h
/Applications/Xcode.app/Contents/Developer/Platforms/MacOSX.platform/Developer/SDKs/MacOSX26.1.sdk/System/Library/Frameworks/CoreFoundation.framework/Headers/CFArray.h
/Applications/Xcode.app/Contents/Developer/Platforms/MacOSX.platform/Developer/SDKs/MacOSX26.1.sdk/System/Library/Frameworks/CoreFoundation.framework/Headers/CFBag.h
/Applications/Xcode.app/Contents/Developer/Platforms/MacOSX.platform/Developer/SDKs/MacOSX26.1.sdk/System/Library/Frameworks/CoreFoundation.framework/Headers/CFBinaryHeap.h
/Applications/Xcode.app/Contents/Developer/Platforms/MacOSX.platform/Developer/SDKs/MacOSX26.1.sdk/System/Library/Frameworks/CoreFoundation.framework/Headers/CFBitVector.h
/Applications/Xcode.app/Contents/Developer/Platforms/MacOSX.platform/Developer/SDKs/MacOSX26.1.sdk/System/Library/Frameworks/CoreFoundation.framework/Headers/CFByteOrder.h
/Applications/Xcode.app/Contents/Developer/Platforms/MacOSX.platform/Developer/SDKs/MacOSX26.1.sdk/System/Library/Frameworks/CoreFoundation.framework/Headers/CFCalendar.h
/Applications/Xcode.app/Contents/Developer/Platforms/MacOSX.platform/Developer/SDKs/MacOSX26.1.sdk/System/Library/Frameworks/CoreFoundation.framework/Headers/CFLocale.h
/Applications/Xcode.app/Contents/Developer/Platforms/MacOSX.platform/Developer/SDKs/MacOSX26.1.sdk/System/Library/Frameworks/CoreFoundation.framework/Headers/CFDictionary.h
/Applications/Xcode.app/Contents/Developer/Platforms/MacOSX.platform/Developer/SDKs/MacOSX26.1.sdk/System/Library/Frameworks/CoreFoundation.framework/Headers/CFNotificationCenter.h
/Applications/Xcode.app/Contents/Developer/Platforms/MacOSX.platform/Developer/SDKs/MacOSX26.1.sdk/System/Library/Frameworks/CoreFoundation.framework/Headers/CFDate.h
/Applications/Xcode.app/Contents/Developer/Platforms/MacOSX.platform/Developer/SDKs/MacOSX26.1.sdk/System/Library/Frameworks/CoreFoundation.framework/Headers/CFTimeZone.h
/Applications/Xcode.app/Contents/Developer/Platforms/MacOSX.platform/Developer/SDKs/MacOSX26.1.sdk/System/Library/Frameworks/CoreFoundation.framework/Headers/CFData.h
/Applications/Xcode.app/Contents/Developer/Platforms/MacOSX.platform/Developer/SDKs/MacOSX26.1.sdk/System/Library/Frameworks/CoreFoundation.framework/Headers/CFString.h
/Applications/Xcode.app/Contents/Developer/Platforms/MacOSX.platform/Developer/SDKs/MacOSX26.1.sdk/System/Library/Frameworks/CoreFoundation.framework/Headers/CFCharacterSet.h
/Applications/Xcode.app/Contents/Developer/Platforms/MacOSX.platform/Developer/SDKs/MacOSX26.1.sdk/System/Library/Frameworks/CoreFoundation.framework/Headers/CFError.h
/Applications/Xcode.app/Contents/Developer/Platforms/MacOSX.platform/Developer/SDKs/MacOSX26.1.sdk/System/Library/Frameworks/CoreFoundation.framework/Headers/CFCGTypes.h
/Applications/Xcode.app/Contents/Developer/Platforms/MacOSX.platform/Developer/SDKs/MacOSX26.1.sdk/System/Library/Frameworks/CoreFoundation.framework/Headers/CFDateFormatter.h
/Applications/Xcode.app/Contents/Developer/Platforms/MacOSX.platform/Developer/SDKs/MacOSX26.1.sdk/System/Library/Frameworks/CoreFoundation.framework/Headers/CFNumber.h
/Applications/Xcode.app/Contents/Developer/Platforms/MacOSX.platform/Developer/SDKs/MacOSX26.1.sdk/System/Library/Frameworks/CoreFoundation.framework/Headers/CFNumberFormatter.h
/Applications/Xcode.app/Contents/Developer/Platforms/MacOSX.platform/Developer/SDKs/MacOSX26.1.sdk/System/Library/Frameworks/CoreFoundation.framework/Headers/CFPreferences.h
/Applications/Xcode.app/Contents/Developer/Platforms/MacOSX.platform/Developer/SDKs/MacOSX26.1.sdk/System/Library/Frameworks/CoreFoundation.framework/Headers/CFPropertyList.h
/Applications/Xcode.app/Contents/Developer/Platforms/MacOSX.platform/Developer/SDKs/MacOSX26.1.sdk/System/Library/Frameworks/CoreFoundation.framework/Headers/CFStream.h
/Applications/Xcode.app/Contents/Developer/Platforms/MacOSX.platform/Developer/SDKs/MacOSX26.1.sdk/System/Library/Frameworks/CoreFoundation.framework/Headers/CFURL.h
/Applications/Xcode.app/Contents/Developer/Platforms/MacOSX.platform/Developer/SDKs/MacOSX26.1.sdk/System/Library/Frameworks/CoreFoundation.framework/Headers/CFRunLoop.h
/Applications/Xcode.app/Contents/Developer/Platforms/MacOSX.platform/Developer/SDKs/MacOSX26.1.sdk/System/Library/Frameworks/CoreFoundation.framework/Headers/CFSocket.h
/Applications/Xcode.app/Contents/Developer/Platforms/MacOSX.platform/Developer/SDKs/MacOSX26.1.sdk/System/Library/Frameworks/CoreFoundation.framework/Headers/CFSet.h
/Applications/Xcode.app/Contents/Developer/Platforms/MacOSX.platform/Developer/SDKs/MacOSX26.1.sdk/System/Library/Frameworks/CoreFoundation.framework/Headers/CFStringEncodingExt.h
/Applications/Xcode.app/Contents/Developer/Platforms/MacOSX.platform/Developer/SDKs/MacOSX26.1.sdk/System/Library/Frameworks/CoreFoundation.framework/Headers/CFTree.h
/Applications/Xcode.app/Contents/Developer/Platforms/MacOSX.platform/Developer/SDKs/MacOSX26.1.sdk/System/Library/Frameworks/CoreFoundation.framework/Headers/CFURLAccess.h
/Applications/Xcode.app/Contents/Developer/Platforms/MacOSX.platform/Developer/SDKs/MacOSX26.1.sdk/System/Library/Frameworks/CoreFoundation.framework/Headers/CFUUID.h
/Applications/Xcode.app/Contents/Developer/Platforms/MacOSX.platform/Developer/SDKs/MacOSX26.1.sdk/System/Library/Frameworks/CoreFoundation.framework/Headers/CFUtilities.h
/Applications/Xcode.app/Contents/Developer/Platforms/MacOSX.platform/Developer/SDKs/MacOSX26.1.sdk/System/Library/Frameworks/CoreFoundation.framework/Headers/CFBundle.h
/Applications/Xcode.app/Contents/Developer/Platforms/MacOSX.platform/Developer/SDKs/MacOSX26.1.sdk/System/Library/Frameworks/CoreFoundation.framework/Headers/CFMessagePort.h
/Applications/Xcode.app/Contents/Developer/Platforms/MacOSX.platform/Developer/SDKs/MacOSX26.1.sdk/System/Library/Frameworks/CoreFoundation.framework/Headers/CFPlugIn.h
/Applications/Xcode.app/Contents/Developer/Platforms/MacOSX.platform/Developer/SDKs/MacOSX26.1.sdk/System/Library/Frameworks/CoreFoundation.framework/Headers/CFMachPort.h
/Applications/Xcode.app/Contents/Developer/Platforms/MacOSX.platform/Developer/SDKs/MacOSX26.1.sdk/System/Library/Frameworks/CoreFoundation.framework/Headers/CFAttributedString.h
/Applications/Xcode.app/Contents/Developer/Platforms/MacOSX.platform/Developer/SDKs/MacOSX26.1.sdk/System/Library/Frameworks/CoreFoundation.framework/Headers/CFURLEnumerator.h
/Applications/Xcode.app/Contents/Developer/Platforms/MacOSX.platform/Developer/SDKs/MacOSX26.1.sdk/System/Library/Frameworks/CoreFoundation.framework/Headers/CFFileSecurity.h
/Applications/Xcode.app/Contents/Developer/Platforms/MacOSX.platform/Developer/SDKs/MacOSX26.1.sdk/System/Library/Frameworks/CoreFoundation.framework/Headers/CFStringTokenizer.h
/Applications/Xcode.app/Contents/Developer/Platforms/MacOSX.platform/Developer/SDKs/MacOSX26.1.sdk/System/Library/Frameworks/CoreFoundation.framework/Headers/CFFileDescriptor.h
/Applications/Xcode.app/Contents/Developer/Platforms/MacOSX.platform/Developer/SDKs/MacOSX26.1.sdk/System/Library/Frameworks/CoreFoundation.framework/Headers/CFUserNotification.h
/Applications/Xcode.app/Contents/Developer/Platforms/MacOSX.platform/Developer/SDKs/MacOSX26.1.sdk/System/Library/Frameworks/CoreFoundation.framework/Headers/CFXMLNode.h
/Applications/Xcode.app/Contents/Developer/Platforms/MacOSX.platform/Developer/SDKs/MacOSX26.1.sdk/System/Library/Frameworks/CoreFoundation.framework/Headers/CFXMLParser.h
/Applications/Xcode.app/Contents/Developer/Platforms/MacOSX.platform/Developer/SDKs/MacOSX26.1.sdk/System/Library/Frameworks/CoreFoundation.framework/Headers/CFPlugInCOM.h
/Applications/Xcode.app/Contents/Developer/Platforms/MacOSX.platform/Developer/SDKs/MacOSX26.1.sdk/SDKSettings.json
/Applications/Xcode.app/Contents/Developer/Platforms/MacOSX.platform/Developer/SDKs/MacOSX26.1.sdk/System/Library/Frameworks/CoreServices.framework/Modules/module.modulemap
/Applications/Xcode.app/Contents/Developer/Platforms/MacOSX.platform/Developer/SDKs/MacOSX26.1.sdk/System/Library/Frameworks/CoreServices.framework/Headers/CoreServices.h
/Applications/Xcode.app/Contents/Developer/Platforms/MacOSX.platform/Developer/SDKs/MacOSX26.1.sdk/System/Library/Frameworks/CoreFoundation.framework/Modules/module.modulemap
/Applications/Xcode.app/Contents/Developer/Platforms/MacOSX.platform/Developer/SDKs/MacOSX26.1.sdk/System/Library/Frameworks/CoreServices.framework/Frameworks/AE.framework/Headers/AE.h
/Applications/Xcode.app/Contents/Developer/Platforms/MacOSX.platform/Developer/SDKs/MacOSX26.1.sdk/System/Library/Frameworks/CoreServices.framework/Frameworks/CarbonCore.framework/Headers/CarbonCore.h
/Applications/Xcode.app/Contents/Developer/Platforms/MacOSX.platform/Developer/SDKs/MacOSX26.1.sdk/System/Library/Frameworks/CoreServices.framework/Frameworks/CarbonCore.framework/Headers/Finder.h
/Applications/Xcode.app/Contents/Developer/Platforms/MacOSX.platform/Developer/SDKs/MacOSX26.1.sdk/usr/include/dispatch.modulemap
/Applications/Xcode.app/Contents/Developer/Platforms/MacOSX.platform/Developer/SDKs/MacOSX26.1.sdk/usr/include/Darwin.modulemap
/Applications/Xcode.app/Contents/Developer/Platforms/MacOSX.platform/Developer/SDKs/MacOSX26.1.sdk/usr/include/DarwinFoundation2.modulemap
/Applications/Xcode.app/Contents/Developer/Platforms/MacOSX.platform/Developer/SDKs/MacOSX26.1.sdk/usr/include/DarwinFoundation1.modulemap
/Applications/Xcode.app/Contents/Developer/Platforms/MacOSX.platform/Developer/SDKs/MacOSX26.1.sdk/System/Library/Frameworks/CoreServices.framework/Frameworks/CarbonCore.framework/Headers/FixMath.h
/Applications/Xcode.app/Contents/Developer/Platforms/MacOSX.platform/Developer/SDKs/MacOSX26.1.sdk/System/Library/Frameworks/CoreServices.framework/Frameworks/CarbonCore.framework/Headers/Script.h
/Applications/Xcode.app/Contents/Developer/Platforms/MacOSX.platform/Developer/SDKs/MacOSX26.1.sdk/System/Library/Frameworks/CoreServices.framework/Frameworks/CarbonCore.framework/Headers/IntlResources.h
/Applications/Xcode.app/Contents/Developer/Platforms/MacOSX.platform/Developer/SDKs/MacOSX26.1.sdk/System/Library/Frameworks/CoreServices.framework/Frameworks/CarbonCore.framework/Headers/UTCUtils.h
/Applications/Xcode.app/Contents/Developer/Platforms/MacOSX.platform/Developer/SDKs/MacOSX26.1.sdk/System/Library/Frameworks/CoreServices.framework/Frameworks/CarbonCore.framework/Headers/MacErrors.h
/Applications/Xcode.app/Contents/Developer/Platforms/MacOSX.platform/Developer/SDKs/MacOSX26.1.sdk/System/Library/Frameworks/CoreServices.framework/Frameworks/CarbonCore.framework/Headers/TextCommon.h
/Applications/Xcode.app/Contents/Developer/Platforms/MacOSX.platform/Developer/SDKs/MacOSX26.1.sdk/System/Library/Frameworks/CoreServices.framework/Frameworks/CarbonCore.framework/Headers/Collections.h
/Applications/Xcode.app/Contents/Developer/Platforms/MacOSX.platform/Developer/SDKs/MacOSX26.1.sdk/System/Library/Frameworks/CoreServices.framework/Frameworks/CarbonCore.framework/Headers/MixedMode.h
/Applications/Xcode.app/Contents/Developer/Platforms/MacOSX.platform/Developer/SDKs/MacOSX26.1.sdk/System/Library/Frameworks/CoreServices.framework/Frameworks/CarbonCore.framework/Headers/Endian.h
/Applications/Xcode.app/Contents/Developer/Platforms/MacOSX.platform/Developer/SDKs/MacOSX26.1.sdk/System/Library/Frameworks/CoreServices.framework/Frameworks/CarbonCore.framework/Headers/Gestalt.h
/Applications/Xcode.app/Contents/Developer/Platforms/MacOSX.platform/Developer/SDKs/MacOSX26.1.sdk/System/Library/Frameworks/CoreServices.framework/Frameworks/CarbonCore.framework/Headers/MacMemory.h
/Applications/Xcode.app/Contents/Developer/Platforms/MacOSX.platform/Developer/SDKs/MacOSX26.1.sdk/System/Library/Frameworks/CoreServices.framework/Frameworks/CarbonCore.framework/Headers/Math64.h
/Applications/Xcode.app/Contents/Developer/Platforms/MacOSX.platform/Developer/SDKs/MacOSX26.1.sdk/System/Library/Frameworks/CoreServices.framework/Frameworks/CarbonCore.framework/Headers/BackupCore.h
/Applications/Xcode.app/Contents/Developer/Platforms/MacOSX.platform/Developer/SDKs/MacOSX26.1.sdk/System/Library/Frameworks/CoreServices.framework/Frameworks/CarbonCore.framework/Headers/DiskSpaceRecovery.h
/Applications/Xcode.app/Contents/Developer/Platforms/MacOSX.platform/Developer/SDKs/MacOSX26.1.sdk/System/Library/Frameworks/CoreServices.framework/Frameworks/CarbonCore.framework/Headers/Components.h
/Applications/Xcode.app/Contents/Developer/Platforms/MacOSX.platform/Developer/SDKs/MacOSX26.1.sdk/System/Library/Frameworks/CoreServices.framework/Frameworks/CarbonCore.framework/Headers/Files.h
/Applications/Xcode.app/Contents/Developer/Platforms/MacOSX.platform/Developer/SDKs/MacOSX26.1.sdk/System/Library/Frameworks/CoreServices.framework/Frameworks/CarbonCore.framework/Headers/OSUtils.h
/Applications/Xcode.app/Contents/Developer/Platforms/MacOSX.platform/Developer/SDKs/MacOSX26.1.sdk/System/Library/Frameworks/CoreServices.framework/Frameworks/CarbonCore.framework/Headers/DateTimeUtils.h
/Applications/Xcode.app/Contents/Developer/Platforms/MacOSX.platform/Developer/SDKs/MacOSX26.1.sdk/System/Library/Frameworks/DiskArbitration.framework/Modules/module.modulemap
/Applications/Xcode.app/Contents/Developer/Platforms/MacOSX.platform/Developer/SDKs/MacOSX26.1.sdk/System/Library/Frameworks/CoreServices.framework/Frameworks/CarbonCore.framework/Headers/Resources.h
/Applications/Xcode.app/Contents/Developer/Platforms/MacOSX.platform/Developer/SDKs/MacOSX26.1.sdk/System/Library/Frameworks/CoreServices.framework/Frameworks/CarbonCore.framework/Headers/CodeFragments.h
/Applications/Xcode.app/Contents/Developer/Platforms/MacOSX.platform/Developer/SDKs/MacOSX26.1.sdk/System/Library/Frameworks/CoreServices.framework/Frameworks/CarbonCore.framework/Headers/Multiprocessing.h
/Applications/Xcode.app/Contents/Developer/Platforms/MacOSX.platform/Developer/SDKs/MacOSX26.1.sdk/System/Library/Frameworks/CoreServices.framework/Frameworks/CarbonCore.framework/Headers/Aliases.h
/Applications/Xcode.app/Contents/Developer/Platforms/MacOSX.platform/Developer/SDKs/MacOSX26.1.sdk/System/Library/Frameworks/CoreServices.framework/Frameworks/CarbonCore.framework/Headers/MacLocales.h
/Applications/Xcode.app/Contents/Developer/Platforms/MacOSX.platform/Developer/SDKs/MacOSX26.1.sdk/System/Library/Frameworks/CoreServices.framework/Frameworks/CarbonCore.framework/Headers/Debugging.h
/Applications/Xcode.app/Contents/Developer/Platforms/MacOSX.platform/Developer/SDKs/MacOSX26.1.sdk/System/Library/Frameworks/CoreServices.framework/Frameworks/CarbonCore.framework/Headers/PLStringFuncs.h
/Applications/Xcode.app/Contents/Developer/Platforms/MacOSX.platform/Developer/SDKs/MacOSX26.1.sdk/System/Library/Frameworks/CoreServices.framework/Frameworks/CarbonCore.framework/Headers/DriverSynchronization.h
/Applications/Xcode.app/Contents/Developer/Platforms/MacOSX.platform/Developer/SDKs/MacOSX26.1.sdk/System/Library/Frameworks/CoreServices.framework/Frameworks/CarbonCore.framework/Headers/DriverServices.h
/Applications/Xcode.app/Contents/Developer/Platforms/MacOSX.platform/Developer/SDKs/MacOSX26.1.sdk/System/Library/Frameworks/CoreServices.framework/Frameworks/CarbonCore.framework/Headers/MachineExceptions.h
/Applications/Xcode.app/Contents/Developer/Platforms/MacOSX.platform/Developer/SDKs/MacOSX26.1.sdk/System/Library/Frameworks/CoreServices.framework/Frameworks/CarbonCore.framework/Headers/NumberFormatting.h
/Applications/Xcode.app/Contents/Developer/Platforms/MacOSX.platform/Developer/SDKs/MacOSX26.1.sdk/System/Library/Frameworks/CoreServices.framework/Frameworks/CarbonCore.framework/Headers/StringCompare.h
/Applications/Xcode.app/Contents/Developer/Platforms/MacOSX.platform/Developer/SDKs/MacOSX26.1.sdk/System/Library/Frameworks/CoreServices.framework/Frameworks/CarbonCore.framework/Headers/TextUtils.h
/Applications/Xcode.app/Contents/Developer/Platforms/MacOSX.platform/Developer/SDKs/MacOSX26.1.sdk/System/Library/Frameworks/CoreServices.framework/Frameworks/CarbonCore.framework/Headers/ToolUtils.h
/Applications/Xcode.app/Contents/Developer/Platforms/MacOSX.platform/Developer/SDKs/MacOSX26.1.sdk/System/Library/Frameworks/CoreServices.framework/Frameworks/CarbonCore.framework/Headers/UnicodeUtilities.h
/Applications/Xcode.app/Contents/Developer/Platforms/MacOSX.platform/Developer/SDKs/MacOSX26.1.sdk/System/Library/Frameworks/CoreServices.framework/Frameworks/CarbonCore.framework/Headers/fp.h
/Applications/Xcode.app/Contents/Developer/Platforms/MacOSX.platform/Developer/SDKs/MacOSX26.1.sdk/System/Library/Frameworks/CoreServices.framework/Frameworks/CarbonCore.framework/Headers/TextEncodingConverter.h
/Applications/Xcode.app/Contents/Developer/Platforms/MacOSX.platform/Developer/SDKs/MacOSX26.1.sdk/System/Library/Frameworks/CoreServices.framework/Frameworks/CarbonCore.framework/Headers/UnicodeConverter.h
/Applications/Xcode.app/Contents/Developer/Platforms/MacOSX.platform/Developer/SDKs/MacOSX26.1.sdk/System/Library/Frameworks/CoreServices.framework/Frameworks/CarbonCore.framework/Headers/Threads.h
/Applications/Xcode.app/Contents/Developer/Platforms/MacOSX.platform/Developer/SDKs/MacOSX26.1.sdk/System/Library/Frameworks/CoreServices.framework/Frameworks/CarbonCore.framework/Headers/Folders.h
/Applications/Xcode.app/Contents/Developer/Platforms/MacOSX.platform/Developer/SDKs/MacOSX26.1.sdk/System/Library/Frameworks/CoreServices.framework/Frameworks/CarbonCore.framework/Headers/Timer.h
/Applications/Xcode.app/Contents/Developer/Platforms/MacOSX.platform/Developer/SDKs/MacOSX26.1.sdk/System/Library/Frameworks/CoreServices.framework/Frameworks/CarbonCore.framework/Headers/MultiprocessingInfo.h
/Applications/Xcode.app/Contents/Developer/Platforms/MacOSX.platform/Developer/SDKs/MacOSX26.1.sdk/System/Library/Frameworks/CoreServices.framework/Frameworks/CarbonCore.framework/Headers/LowMem.h
/Applications/Xcode.app/Contents/Developer/Platforms/MacOSX.platform/Developer/SDKs/MacOSX26.1.sdk/System/Library/Frameworks/CoreServices.framework/Frameworks/CarbonCore.framework/Headers/AVLTree.h
/Applications/Xcode.app/Contents/Developer/Platforms/MacOSX.platform/Developer/SDKs/MacOSX26.1.sdk/System/Library/Frameworks/CoreServices.framework/Frameworks/CarbonCore.framework/Headers/PEFBinaryFormat.h
/Applications/Xcode.app/Contents/Developer/Platforms/MacOSX.platform/Developer/SDKs/MacOSX26.1.sdk/System/Library/Frameworks/CoreServices.framework/Frameworks/CarbonCore.framework/Headers/HFSVolumes.h
/Applications/Xcode.app/Contents/Developer/Platforms/MacOSX.platform/Developer/SDKs/MacOSX26.1.sdk/System/Library/Frameworks/CoreServices.framework/Frameworks/CarbonCore.framework/Headers/AIFF.h
/Applications/Xcode.app/Contents/Developer/Toolchains/XcodeDefault.xctoolchain/usr/lib/swift/clang/include/module.modulemap
/Applications/Xcode.app/Contents/Developer/Platforms/MacOSX.platform/Developer/SDKs/MacOSX26.1.sdk/System/Library/Frameworks/CoreServices.framework/Frameworks/CarbonCore.framework/Headers/TextEncodingPlugin.h
/Applications/Xcode.app/Contents/Developer/Platforms/MacOSX.platform/Developer/SDKs/MacOSX26.1.sdk/System/Library/Frameworks/CoreServices.framework/Frameworks/AE.framework/Headers/AEDataModel.h
/Applications/Xcode.app/Contents/Developer/Platforms/MacOSX.platform/Developer/SDKs/MacOSX26.1.sdk/System/Library/Frameworks/CoreServices.framework/Frameworks/AE.framework/Headers/AppleEvents.h
/Applications/Xcode.app/Contents/Developer/Platforms/MacOSX.platform/Developer/SDKs/MacOSX26.1.sdk/System/Library/Frameworks/CoreServices.framework/Frameworks/AE.framework/Headers/AEPackObject.h
/Applications/Xcode.app/Contents/Developer/Platforms/MacOSX.platform/Developer/SDKs/MacOSX26.1.sdk/System/Library/Frameworks/CoreServices.framework/Frameworks/AE.framework/Headers/AEObjects.h
/Applications/Xcode.app/Contents/Developer/Platforms/MacOSX.platform/Developer/SDKs/MacOSX26.1.sdk/System/Library/Frameworks/CoreServices.framework/Frameworks/AE.framework/Headers/AERegistry.h
/Applications/Xcode.app/Contents/Developer/Platforms/MacOSX.platform/Developer/SDKs/MacOSX26.1.sdk/System/Library/Frameworks/CoreServices.framework/Frameworks/AE.framework/Headers/AEUserTermTypes.h
/Applications/Xcode.app/Contents/Developer/Platforms/MacOSX.platform/Developer/SDKs/MacOSX26.1.sdk/System/Library/Frameworks/CoreServices.framework/Frameworks/AE.framework/Headers/AEHelpers.h
/Applications/Xcode.app/Contents/Developer/Toolchains/XcodeDefault.xctoolchain/usr/lib/swift/clang/include/stdarg.h
/Applications/Xcode.app/Contents/Developer/Platforms/MacOSX.platform/Developer/SDKs/MacOSX26.1.sdk/System/Library/Frameworks/CoreServices.framework/Frameworks/AE.framework/Headers/AEMach.h
/Applications/Xcode.app/Contents/Developer/Platforms/MacOSX.platform/Developer/SDKs/MacOSX26.1.sdk/System/Library/Frameworks/CFNetwork.framework/Modules/module.modulemap
/Applications/Xcode.app/Contents/Developer/Platforms/MacOSX.platform/Developer/SDKs/MacOSX26.1.sdk/System/Library/Frameworks/CoreServices.framework/Frameworks/DictionaryServices.framework/Headers/DictionaryServices.h
/Applications/Xcode.app/Contents/Developer/Platforms/MacOSX.platform/Developer/SDKs/MacOSX26.1.sdk/System/Library/Frameworks/CoreServices.framework/Frameworks/LaunchServices.framework/Headers/LaunchServices.h
/Applications/Xcode.app/Contents/Developer/Platforms/MacOSX.platform/Developer/SDKs/MacOSX26.1.sdk/System/Library/Frameworks/CoreServices.framework/Frameworks/LaunchServices.framework/Headers/IconsCore.h
/Applications/Xcode.app/Contents/Developer/Platforms/MacOSX.platform/Developer/SDKs/MacOSX26.1.sdk/System/Library/Frameworks/CoreServices.framework/Frameworks/OSServices.framework/Headers/OSServices.h
/Applications/Xcode.app/Contents/Developer/Platforms/MacOSX.platform/Developer/SDKs/MacOSX26.1.sdk/System/Library/Frameworks/CoreServices.framework/Frameworks/OSServices.framework/Headers/CSIdentity.h
/Applications/Xcode.app/Contents/Developer/Platforms/MacOSX.platform/Developer/SDKs/MacOSX26.1.sdk/System/Library/Frameworks/CoreServices.framework/Frameworks/OSServices.framework/Headers/CSIdentityBase.h
/Applications/Xcode.app/Contents/Developer/Platforms/MacOSX.platform/Developer/SDKs/MacOSX26.1.sdk/System/Library/Frameworks/Security.framework/Modules/module.modulemap
/Applications/Xcode.app/Contents/Developer/Platforms/MacOSX.platform/Developer/SDKs/MacOSX26.1.sdk/System/Library/Frameworks/CoreServices.framework/Frameworks/OSServices.framework/Headers/CSIdentityAuthority.h
/Applications/Xcode.app/Contents/Developer/Platforms/MacOSX.platform/Developer/SDKs/MacOSX26.1.sdk/System/Library/Frameworks/CoreServices.framework/Frameworks/OSServices.framework/Headers/CSIdentityQuery.h
/Applications/Xcode.app/Contents/Developer/Platforms/MacOSX.platform/Developer/SDKs/MacOSX26.1.sdk/System/Library/Frameworks/CoreServices.framework/Frameworks/OSServices.framework/Headers/IconStorage.h
/Applications/Xcode.app/Contents/Developer/Platforms/MacOSX.platform/Developer/SDKs/MacOSX26.1.sdk/System/Library/Frameworks/CoreServices.framework/Frameworks/OSServices.framework/Headers/Power.h
/Applications/Xcode.app/Contents/Developer/Platforms/MacOSX.platform/Developer/SDKs/MacOSX26.1.sdk/System/Library/Frameworks/CoreServices.framework/Frameworks/OSServices.framework/Headers/SecurityCore.h
/Applications/Xcode.app/Contents/Developer/Platforms/MacOSX.platform/Developer/SDKs/MacOSX26.1.sdk/System/Library/Frameworks/CoreServices.framework/Frameworks/OSServices.framework/Headers/KeychainCore.h
/Applications/Xcode.app/Contents/Developer/Platforms/MacOSX.platform/Developer/SDKs/MacOSX26.1.sdk/System/Library/Frameworks/CoreServices.framework/Frameworks/OSServices.framework/Headers/WSMethodInvocation.h
/Applications/Xcode.app/Contents/Developer/Platforms/MacOSX.platform/Developer/SDKs/MacOSX26.1.sdk/System/Library/Frameworks/CoreServices.framework/Frameworks/OSServices.framework/Headers/WSTypes.h
/Applications/Xcode.app/Contents/Developer/Platforms/MacOSX.platform/Developer/SDKs/MacOSX26.1.sdk/System/Library/Frameworks/CoreServices.framework/Frameworks/OSServices.framework/Headers/WSProtocolHandler.h
/Applications/Xcode.app/Contents/Developer/Platforms/MacOSX.platform/Developer/SDKs/MacOSX26.1.sdk/System/Library/Frameworks/CoreServices.framework/Frameworks/LaunchServices.framework/Headers/LSConstants.h
/Applications/Xcode.app/Contents/Developer/Platforms/MacOSX.platform/Developer/SDKs/MacOSX26.1.sdk/System/Library/Frameworks/CoreServices.framework/Frameworks/LaunchServices.framework/Headers/LSInfo.h
/Applications/Xcode.app/Contents/Developer/Platforms/MacOSX.platform/Developer/SDKs/MacOSX26.1.sdk/System/Library/Frameworks/CoreServices.framework/Frameworks/LaunchServices.framework/Headers/LSInfoDeprecated.h
/Applications/Xcode.app/Contents/Developer/Platforms/MacOSX.platform/Developer/SDKs/MacOSX26.1.sdk/System/Library/Frameworks/CoreServices.framework/Frameworks/LaunchServices.framework/Headers/LSOpen.h
/Applications/Xcode.app/Contents/Developer/Platforms/MacOSX.platform/Developer/SDKs/MacOSX26.1.sdk/System/Library/Frameworks/CoreServices.framework/Frameworks/LaunchServices.framework/Headers/LSOpenDeprecated.h
/Applications/Xcode.app/Contents/Developer/Platforms/MacOSX.platform/Developer/SDKs/MacOSX26.1.sdk/System/Library/Frameworks/CoreServices.framework/Frameworks/LaunchServices.framework/Headers/LSQuarantine.h
/Applications/Xcode.app/Contents/Developer/Platforms/MacOSX.platform/Developer/SDKs/MacOSX26.1.sdk/System/Library/Frameworks/CoreServices.framework/Frameworks/LaunchServices.framework/Headers/UTCoreTypes.h
/Applications/Xcode.app/Contents/Developer/Platforms/MacOSX.platform/Developer/SDKs/MacOSX26.1.sdk/System/Library/Frameworks/CoreServices.framework/Frameworks/LaunchServices.framework/Headers/UTType.h
/Applications/Xcode.app/Contents/Developer/Platforms/MacOSX.platform/Developer/SDKs/MacOSX26.1.sdk/System/Library/Frameworks/CoreServices.framework/Frameworks/Metadata.framework/Headers/Metadata.h
/Applications/Xcode.app/Contents/Developer/Platforms/MacOSX.platform/Developer/SDKs/MacOSX26.1.sdk/System/Library/Frameworks/CoreServices.framework/Frameworks/Metadata.framework/Headers/MDItem.h
/Applications/Xcode.app/Contents/Developer/Platforms/MacOSX.platform/Developer/SDKs/MacOSX26.1.sdk/System/Library/Frameworks/CoreServices.framework/Frameworks/Metadata.framework/Headers/MDLabel.h
/Applications/Xcode.app/Contents/Developer/Platforms/MacOSX.platform/Developer/SDKs/MacOSX26.1.sdk/System/Library/Frameworks/CoreServices.framework/Frameworks/Metadata.framework/Headers/MDQuery.h
/Applications/Xcode.app/Contents/Developer/Platforms/MacOSX.platform/Developer/SDKs/MacOSX26.1.sdk/System/Library/Frameworks/CoreServices.framework/Frameworks/Metadata.framework/Headers/MDSchema.h
/Applications/Xcode.app/Contents/Developer/Platforms/MacOSX.platform/Developer/SDKs/MacOSX26.1.sdk/System/Library/Frameworks/CoreServices.framework/Frameworks/Metadata.framework/Headers/MDImporter.h
/Applications/Xcode.app/Contents/Developer/Platforms/MacOSX.platform/Developer/SDKs/MacOSX26.1.sdk/System/Library/Frameworks/CoreServices.framework/Frameworks/SearchKit.framework/Headers/SearchKit.h
/Applications/Xcode.app/Contents/Developer/Platforms/MacOSX.platform/Developer/SDKs/MacOSX26.1.sdk/System/Library/Frameworks/CoreServices.framework/Frameworks/SearchKit.framework/Headers/SKDocument.h
/Applications/Xcode.app/Contents/Developer/Platforms/MacOSX.platform/Developer/SDKs/MacOSX26.1.sdk/System/Library/Frameworks/CoreServices.framework/Frameworks/SearchKit.framework/Headers/SKAnalysis.h
/Applications/Xcode.app/Contents/Developer/Platforms/MacOSX.platform/Developer/SDKs/MacOSX26.1.sdk/System/Library/Frameworks/CoreServices.framework/Frameworks/SearchKit.framework/Headers/SKIndex.h
/Applications/Xcode.app/Contents/Developer/Platforms/MacOSX.platform/Developer/SDKs/MacOSX26.1.sdk/System/Library/Frameworks/CoreServices.framework/Frameworks/SearchKit.framework/Headers/SKSearch.h
/Applications/Xcode.app/Contents/Developer/Platforms/MacOSX.platform/Developer/SDKs/MacOSX26.1.sdk/System/Library/Frameworks/CoreServices.framework/Frameworks/SearchKit.framework/Headers/SKSummary.h
/Applications/Xcode.app/Contents/Developer/Platforms/MacOSX.platform/Developer/SDKs/MacOSX26.1.sdk/System/Library/Frameworks/CoreServices.framework/Frameworks/FSEvents.framework/Headers/FSEvents.h
/Applications/Xcode.app/Contents/Developer/Platforms/MacOSX.platform/Developer/SDKs/MacOSX26.1.sdk/System/Library/Frameworks/CoreServices.framework/Frameworks/SharedFileList.framework/Headers/SharedFileList.h
/Applications/Xcode.app/Contents/Developer/Platforms/MacOSX.platform/Developer/SDKs/MacOSX26.1.sdk/System/Library/Frameworks/CoreServices.framework/Frameworks/SharedFileList.framework/Headers/LSSharedFileList.h
/Applications/Xcode.app/Contents/Developer/Platforms/MacOSX.platform/Developer/SDKs/MacOSX26.1.sdk/SDKSettings.json
/Applications/Xcode.app/Contents/Developer/Platforms/MacOSX.platform/Developer/SDKs/MacOSX26.1.sdk/usr/include/Darwin.modulemap
/Applications/Xcode.app/Contents/Developer/Platforms/MacOSX.platform/Developer/SDKs/MacOSX26.1.sdk/usr/include/Darwin_C.modulemap
/Applications/Xcode.app/Contents/Developer/Platforms/MacOSX.platform/Developer/SDKs/MacOSX26.1.sdk/usr/include/Darwin_POSIX.modulemap
/Applications/Xcode.app/Contents/Developer/Platforms/MacOSX.platform/Developer/SDKs/MacOSX26.1.sdk/usr/include/net.modulemap
/Applications/Xcode.app/Contents/Developer/Platforms/MacOSX.platform/Developer/SDKs/MacOSX26.1.sdk/usr/include/netinet.modulemap
/Applications/Xcode.app/Contents/Developer/Platforms/MacOSX.platform/Developer/SDKs/MacOSX26.1.sdk/usr/include/bank.modulemap
/Applications/Xcode.app/Contents/Developer/Platforms/MacOSX.platform/Developer/SDKs/MacOSX26.1.sdk/usr/include/Darwin_Mach.modulemap
/Applications/Xcode.app/Contents/Developer/Platforms/MacOSX.platform/Developer/SDKs/MacOSX26.1.sdk/usr/include/Darwin_Mach_machine.modulemap
/Applications/Xcode.app/Contents/Developer/Platforms/MacOSX.platform/Developer/SDKs/MacOSX26.1.sdk/usr/include/mach_debug.modulemap
/Applications/Xcode.app/Contents/Developer/Platforms/MacOSX.platform/Developer/SDKs/MacOSX26.1.sdk/usr/include/device.modulemap
/Applications/Xcode.app/Contents/Developer/Platforms/MacOSX.platform/Developer/SDKs/MacOSX26.1.sdk/usr/include/Darwin_machine.modulemap
/Applications/Xcode.app/Contents/Developer/Platforms/MacOSX.platform/Developer/SDKs/MacOSX26.1.sdk/usr/include/ncurses.modulemap
/Applications/Xcode.app/Contents/Developer/Platforms/MacOSX.platform/Developer/SDKs/MacOSX26.1.sdk/usr/include/netinet6.modulemap
/Applications/Xcode.app/Contents/Developer/Platforms/MacOSX.platform/Developer/SDKs/MacOSX26.1.sdk/usr/include/Darwin_sys.modulemap
/Applications/Xcode.app/Contents/Developer/Platforms/MacOSX.platform/Developer/SDKs/MacOSX26.1.sdk/usr/include/uuid.modulemap
/Applications/Xcode.app/Contents/Developer/Platforms/MacOSX.platform/Developer/SDKs/MacOSX26.1.sdk/usr/include/DarwinFoundation2.modulemap
/Applications/Xcode.app/Contents/Developer/Platforms/MacOSX.platform/Developer/SDKs/MacOSX26.1.sdk/usr/include/DarwinFoundation3.modulemap
/Applications/Xcode.app/Contents/Developer/Platforms/MacOSX.platform/Developer/SDKs/MacOSX26.1.sdk/usr/include/DarwinFoundation1.modulemap
/Applications/Xcode.app/Contents/Developer/Platforms/MacOSX.platform/Developer/SDKs/MacOSX26.1.sdk/usr/include/copyfile.h
/Applications/Xcode.app/Contents/Developer/Toolchains/XcodeDefault.xctoolchain/usr/lib/swift/clang/include/module.modulemap
/Applications/Xcode.app/Contents/Developer/Platforms/MacOSX.platform/Developer/SDKs/MacOSX26.1.sdk/usr/include/err.h
/Applications/Xcode.app/Contents/Developer/Platforms/MacOSX.platform/Developer/SDKs/MacOSX26.1.sdk/usr/include/readpassphrase.h
/Applications/Xcode.app/Contents/Developer/Platforms/MacOSX.platform/Developer/SDKs/MacOSX26.1.sdk/usr/include/util.h
/Applications/Xcode.app/Contents/Developer/Platforms/MacOSX.platform/Developer/SDKs/MacOSX26.1.sdk/usr/include/sys/ttycom.h
/Applications/Xcode.app/Contents/Developer/Platforms/MacOSX.platform/Developer/SDKs/MacOSX26.1.sdk/usr/include/sys/ioccom.h
/Applications/Xcode.app/Contents/Developer/Platforms/MacOSX.platform/Developer/SDKs/MacOSX26.1.sdk/usr/include/stdio.h
/Applications/Xcode.app/Contents/Developer/Platforms/MacOSX.platform/Developer/SDKs/MacOSX26.1.sdk/usr/include/pwd.h
/Applications/Xcode.app/Contents/Developer/Platforms/MacOSX.platform/Developer/SDKs/MacOSX26.1.sdk/usr/include/uuid/uuid.h
/Applications/Xcode.app/Contents/Developer/Platforms/MacOSX.platform/Developer/SDKs/MacOSX26.1.sdk/usr/include/termios.h
/Applications/Xcode.app/Contents/Developer/Platforms/MacOSX.platform/Developer/SDKs/MacOSX26.1.sdk/usr/include/sys/termios.h
/Applications/Xcode.app/Contents/Developer/Platforms/MacOSX.platform/Developer/SDKs/MacOSX26.1.sdk/usr/include/sys/ttydefaults.h
/Applications/Xcode.app/Contents/Developer/Platforms/MacOSX.platform/Developer/SDKs/MacOSX26.1.sdk/usr/include/utmp.h
/Applications/Xcode.app/Contents/Developer/Platforms/MacOSX.platform/Developer/SDKs/MacOSX26.1.sdk/usr/include/xattr_flags.h
/Applications/Xcode.app/Contents/Developer/Platforms/MacOSX.platform/Developer/SDKs/MacOSX26.1.sdk/usr/include/_modules/_darwin_c_ctype.h
/Applications/Xcode.app/Contents/Developer/Platforms/MacOSX.platform/Developer/SDKs/MacOSX26.1.sdk/usr/include/ctype.h
/Applications/Xcode.app/Contents/Developer/Platforms/MacOSX.platform/Developer/SDKs/MacOSX26.1.sdk/usr/include/_modules/_darwin_c_errno.h
/Applications/Xcode.app/Contents/Developer/Platforms/MacOSX.platform/Developer/SDKs/MacOSX26.1.sdk/usr/include/_modules/_darwin_c_inttypes.h
/Applications/Xcode.app/Contents/Developer/Platforms/MacOSX.platform/Developer/SDKs/MacOSX26.1.sdk/usr/include/_modules/_darwin_c_limits.h
/Applications/Xcode.app/Contents/Developer/Platforms/MacOSX.platform/Developer/SDKs/MacOSX26.1.sdk/usr/include/_modules/_darwin_c_signal.h
/Applications/Xcode.app/Contents/Developer/Platforms/MacOSX.platform/Developer/SDKs/MacOSX26.1.sdk/usr/include/_modules/_darwin_c_stdarg.h
/Applications/Xcode.app/Contents/Developer/Toolchains/XcodeDefault.xctoolchain/usr/lib/swift/clang/include/stdarg.h
/Applications/Xcode.app/Contents/Developer/Platforms/MacOSX.platform/Developer/SDKs/MacOSX26.1.sdk/usr/include/_modules/_darwin_c_stdbool.h
/Applications/Xcode.app/Contents/Developer/Platforms/MacOSX.platform/Developer/SDKs/MacOSX26.1.sdk/usr/include/_modules/_darwin_c_stddef.h
/Applications/Xcode.app/Contents/Developer/Toolchains/XcodeDefault.xctoolchain/usr/lib/swift/clang/include/stddef.h
/Applications/Xcode.app/Contents/Developer/Platforms/MacOSX.platform/Developer/SDKs/MacOSX26.1.sdk/usr/include/_modules/_darwin_c_stdint.h
/Applications/Xcode.app/Contents/Developer/Platforms/MacOSX.platform/Developer/SDKs/MacOSX26.1.sdk/usr/include/_modules/_darwin_c_stdio.h
/Applications/Xcode.app/Contents/Developer/Platforms/MacOSX.platform/Developer/SDKs/MacOSX26.1.sdk/usr/include/_modules/_darwin_c_stdlib.h
/Applications/Xcode.app/Contents/Developer/Platforms/MacOSX.platform/Developer/SDKs/MacOSX26.1.sdk/usr/include/stdlib.h
/Applications/Xcode.app/Contents/Developer/Platforms/MacOSX.platform/Developer/SDKs/MacOSX26.1.sdk/usr/include/_modules/_darwin_c_string.h
/Applications/Xcode.app/Contents/Developer/Platforms/MacOSX.platform/Developer/SDKs/MacOSX26.1.sdk/usr/include/string.h
/Applications/Xcode.app/Contents/Developer/Platforms/MacOSX.platform/Developer/SDKs/MacOSX26.1.sdk/usr/include/_modules/_darwin_c_time.h
/Applications/Xcode.app/Contents/Developer/Platforms/MacOSX.platform/Developer/SDKs/MacOSX26.1.sdk/usr/include/time.h
/Applications/Xcode.app/Contents/Developer/Platforms/MacOSX.platform/Developer/SDKs/MacOSX26.1.sdk/usr/include/_modules/_darwin_c_wchar.h
/Applications/Xcode.app/Contents/Developer/Platforms/MacOSX.platform/Developer/SDKs/MacOSX26.1.sdk/usr/include/wchar.h
/Applications/Xcode.app/Contents/Developer/Platforms/MacOSX.platform/Developer/SDKs/MacOSX26.1.sdk/usr/include/aio.h
/Applications/Xcode.app/Contents/Developer/Platforms/MacOSX.platform/Developer/SDKs/MacOSX26.1.sdk/usr/include/sys/aio.h
/Applications/Xcode.app/Contents/Developer/Platforms/MacOSX.platform/Developer/SDKs/MacOSX26.1.sdk/usr/include/sys/_types/_o_sync.h
/Applications/Xcode.app/Contents/Developer/Platforms/MacOSX.platform/Developer/SDKs/MacOSX26.1.sdk/usr/include/sys/_types/_o_dsync.h
/Applications/Xcode.app/Contents/Developer/Platforms/MacOSX.platform/Developer/SDKs/MacOSX26.1.sdk/usr/include/arpa/inet.h
/Applications/Xcode.app/Contents/Developer/Platforms/MacOSX.platform/Developer/SDKs/MacOSX26.1.sdk/usr/include/netinet/in.h
/Applications/Xcode.app/Contents/Developer/Platforms/MacOSX.platform/Developer/SDKs/MacOSX26.1.sdk/usr/include/sys/socket.h
/Applications/Xcode.app/Contents/Developer/Platforms/MacOSX.platform/Developer/SDKs/MacOSX26.1.sdk/usr/include/sys/constrained_ctypes.h
/Applications/Xcode.app/Contents/Developer/Platforms/MacOSX.platform/Developer/SDKs/MacOSX26.1.sdk/usr/include/machine/_param.h
/Applications/Xcode.app/Contents/Developer/Platforms/MacOSX.platform/Developer/SDKs/MacOSX26.1.sdk/usr/include/arm/_param.h
/Applications/Xcode.app/Contents/Developer/Platforms/MacOSX.platform/Developer/SDKs/MacOSX26.1.sdk/usr/include/net/net_kev.h
/Applications/Xcode.app/Contents/Developer/Platforms/MacOSX.platform/Developer/SDKs/MacOSX26.1.sdk/usr/include/sys/_types/_sa_family_t.h
/Applications/Xcode.app/Contents/Developer/Platforms/MacOSX.platform/Developer/SDKs/MacOSX26.1.sdk/usr/include/sys/_types/_socklen_t.h
/Applications/Xcode.app/Contents/Developer/Platforms/MacOSX.platform/Developer/SDKs/MacOSX26.1.sdk/usr/include/sys/_types/_iovec_t.h
/Applications/Xcode.app/Contents/Developer/Platforms/MacOSX.platform/Developer/SDKs/MacOSX26.1.sdk/usr/include/netinet6/in6.h
/Applications/Xcode.app/Contents/Developer/Platforms/MacOSX.platform/Developer/SDKs/MacOSX26.1.sdk/usr/include/cpio.h
/Applications/Xcode.app/Contents/Developer/Platforms/MacOSX.platform/Developer/SDKs/MacOSX26.1.sdk/usr/include/dirent.h
/Applications/Xcode.app/Contents/Developer/Platforms/MacOSX.platform/Developer/SDKs/MacOSX26.1.sdk/usr/include/sys/dirent.h
/Applications/Xcode.app/Contents/Developer/Platforms/MacOSX.platform/Developer/SDKs/MacOSX26.1.sdk/usr/include/sys/dir.h
/Applications/Xcode.app/Contents/Developer/Platforms/MacOSX.platform/Developer/SDKs/MacOSX26.1.sdk/usr/include/dlfcn.h
/Applications/Xcode.app/Contents/Developer/Platforms/MacOSX.platform/Developer/SDKs/MacOSX26.1.sdk/usr/include/fcntl.h
/Applications/Xcode.app/Contents/Developer/Platforms/MacOSX.platform/Developer/SDKs/MacOSX26.1.sdk/usr/include/sys/fcntl.h
/Applications/Xcode.app/Contents/Developer/Platforms/MacOSX.platform/Developer/SDKs/MacOSX26.1.sdk/usr/include/sys/_types/_s_ifmt.h
/Applications/Xcode.app/Contents/Developer/Platforms/MacOSX.platform/Developer/SDKs/MacOSX26.1.sdk/usr/include/sys/_types/_filesec_t.h
/Applications/Xcode.app/Contents/Developer/Platforms/MacOSX.platform/Developer/SDKs/MacOSX26.1.sdk/usr/include/fmtmsg.h
/Applications/Xcode.app/Contents/Developer/Platforms/MacOSX.platform/Developer/SDKs/MacOSX26.1.sdk/usr/include/fnmatch.h
/Applications/Xcode.app/Contents/Developer/Platforms/MacOSX.platform/Developer/SDKs/MacOSX26.1.sdk/usr/include/ftw.h
/Applications/Xcode.app/Contents/Developer/Platforms/MacOSX.platform/Developer/SDKs/MacOSX26.1.sdk/usr/include/sys/stat.h
/Applications/Xcode.app/Contents/Developer/Platforms/MacOSX.platform/Developer/SDKs/MacOSX26.1.sdk/usr/include/glob.h
/Applications/Xcode.app/Contents/Developer/Platforms/MacOSX.platform/Developer/SDKs/MacOSX26.1.sdk/usr/include/grp.h
/Applications/Xcode.app/Contents/Developer/Platforms/MacOSX.platform/Developer/SDKs/MacOSX26.1.sdk/usr/include/iconv.h
/Applications/Xcode.app/Contents/Developer/Platforms/MacOSX.platform/Developer/SDKs/MacOSX26.1.sdk/usr/include/ifaddrs.h
/Applications/Xcode.app/Contents/Developer/Platforms/MacOSX.platform/Developer/SDKs/MacOSX26.1.sdk/usr/include/sys/ioctl.h
/Applications/Xcode.app/Contents/Developer/Platforms/MacOSX.platform/Developer/SDKs/MacOSX26.1.sdk/usr/include/sys/filio.h
/Applications/Xcode.app/Contents/Developer/Platforms/MacOSX.platform/Developer/SDKs/MacOSX26.1.sdk/usr/include/sys/sockio.h
/Applications/Xcode.app/Contents/Developer/Platforms/MacOSX.platform/Developer/SDKs/MacOSX26.1.sdk/usr/include/net/if.h
/Applications/Xcode.app/Contents/Developer/Platforms/MacOSX.platform/Developer/SDKs/MacOSX26.1.sdk/usr/include/net/if_var.h
/Applications/Xcode.app/Contents/Developer/Platforms/MacOSX.platform/Developer/SDKs/MacOSX26.1.sdk/usr/include/sys/time.h
/Applications/Xcode.app/Contents/Developer/Platforms/MacOSX.platform/Developer/SDKs/MacOSX26.1.sdk/usr/include/sys/_types/_timeval64.h
/Applications/Xcode.app/Contents/Developer/Platforms/MacOSX.platform/Developer/SDKs/MacOSX26.1.sdk/usr/include/sys/_types/_timeval32.h
/Applications/Xcode.app/Contents/Developer/Platforms/MacOSX.platform/Developer/SDKs/MacOSX26.1.sdk/usr/include/_langinfo.h
/Applications/Xcode.app/Contents/Developer/Platforms/MacOSX.platform/Developer/SDKs/MacOSX26.1.sdk/usr/include/xlocale/_langinfo.h
/Applications/Xcode.app/Contents/Developer/Platforms/MacOSX.platform/Developer/SDKs/MacOSX26.1.sdk/usr/include/libgen.h
/Applications/Xcode.app/Contents/Developer/Platforms/MacOSX.platform/Developer/SDKs/MacOSX26.1.sdk/usr/include/_monetary.h
/Applications/Xcode.app/Contents/Developer/Platforms/MacOSX.platform/Developer/SDKs/MacOSX26.1.sdk/usr/include/xlocale/_monetary.h
/Applications/Xcode.app/Contents/Developer/Platforms/MacOSX.platform/Developer/SDKs/MacOSX26.1.sdk/usr/include/ndbm.h
/Applications/Xcode.app/Contents/Developer/Platforms/MacOSX.platform/Developer/SDKs/MacOSX26.1.sdk/usr/include/netdb.h
/Applications/Xcode.app/Contents/Developer/Platforms/MacOSX.platform/Developer/SDKs/MacOSX26.1.sdk/usr/include/net/if_dl.h
/Applications/Xcode.app/Contents/Developer/Platforms/MacOSX.platform/Developer/SDKs/MacOSX26.1.sdk/usr/include/net/if_types.h
/Applications/Xcode.app/Contents/Developer/Platforms/MacOSX.platform/Developer/SDKs/MacOSX26.1.sdk/usr/include/netinet/tcp.h
/Applications/Xcode.app/Contents/Developer/Platforms/MacOSX.platform/Developer/SDKs/MacOSX26.1.sdk/usr/include/poll.h
/Applications/Xcode.app/Contents/Developer/Platforms/MacOSX.platform/Developer/SDKs/MacOSX26.1.sdk/usr/include/sys/poll.h
/Applications/Xcode.app/Contents/Developer/Platforms/MacOSX.platform/Developer/SDKs/MacOSX26.1.sdk/usr/include/pthread/spawn.h
/Applications/Xcode.app/Contents/Developer/Platforms/MacOSX.platform/Developer/SDKs/MacOSX26.1.sdk/usr/include/spawn.h
/Applications/Xcode.app/Contents/Developer/Platforms/MacOSX.platform/Developer/SDKs/MacOSX26.1.sdk/usr/include/sys/spawn.h
/Applications/Xcode.app/Contents/Developer/Platforms/MacOSX.platform/Developer/SDKs/MacOSX26.1.sdk/usr/include/mach/exception_types.h
/Applications/Xcode.app/Contents/Developer/Platforms/MacOSX.platform/Developer/SDKs/MacOSX26.1.sdk/usr/include/mach/machine/exception.h
/Applications/Xcode.app/Contents/Developer/Platforms/MacOSX.platform/Developer/SDKs/MacOSX26.1.sdk/usr/include/mach/arm/exception.h
/Applications/Xcode.app/Contents/Developer/Platforms/MacOSX.platform/Developer/SDKs/MacOSX26.1.sdk/usr/include/mach/port.h
/Applications/Xcode.app/Contents/Developer/Platforms/MacOSX.platform/Developer/SDKs/MacOSX26.1.sdk/usr/include/mach/boolean.h
/Applications/Xcode.app/Contents/Developer/Platforms/MacOSX.platform/Developer/SDKs/MacOSX26.1.sdk/usr/include/mach/machine/boolean.h
/Applications/Xcode.app/Contents/Developer/Platforms/MacOSX.platform/Developer/SDKs/MacOSX26.1.sdk/usr/include/mach/arm/boolean.h
/Applications/Xcode.app/Contents/Developer/Platforms/MacOSX.platform/Developer/SDKs/MacOSX26.1.sdk/usr/include/mach/machine/vm_types.h
/Applications/Xcode.app/Contents/Developer/Platforms/MacOSX.platform/Developer/SDKs/MacOSX26.1.sdk/usr/include/mach/arm/vm_types.h
/Applications/Xcode.app/Contents/Developer/Platforms/MacOSX.platform/Developer/SDKs/MacOSX26.1.sdk/usr/include/mach/thread_status.h
/Applications/Xcode.app/Contents/Developer/Platforms/MacOSX.platform/Developer/SDKs/MacOSX26.1.sdk/usr/include/mach/machine/thread_status.h
/Applications/Xcode.app/Contents/Developer/Platforms/MacOSX.platform/Developer/SDKs/MacOSX26.1.sdk/usr/include/mach/arm/thread_status.h
/Applications/Xcode.app/Contents/Developer/Platforms/MacOSX.platform/Developer/SDKs/MacOSX26.1.sdk/usr/include/mach/machine/thread_state.h
/Applications/Xcode.app/Contents/Developer/Platforms/MacOSX.platform/Developer/SDKs/MacOSX26.1.sdk/usr/include/mach/arm/thread_state.h
/Applications/Xcode.app/Contents/Developer/Platforms/MacOSX.platform/Developer/SDKs/MacOSX26.1.sdk/usr/include/mach/message.h
/Applications/Xcode.app/Contents/Developer/Platforms/MacOSX.platform/Developer/SDKs/MacOSX26.1.sdk/usr/include/mach/kern_return.h
/Applications/Xcode.app/Contents/Developer/Platforms/MacOSX.platform/Developer/SDKs/MacOSX26.1.sdk/usr/include/mach/machine/kern_return.h
/Applications/Xcode.app/Contents/Developer/Platforms/MacOSX.platform/Developer/SDKs/MacOSX26.1.sdk/usr/include/mach/arm/kern_return.h
/Applications/Xcode.app/Contents/Developer/Platforms/MacOSX.platform/Developer/SDKs/MacOSX26.1.sdk/usr/include/mach/vm_types.h
/Applications/Xcode.app/Contents/Developer/Platforms/MacOSX.platform/Developer/SDKs/MacOSX26.1.sdk/usr/include/mach_debug/ipc_info.h
/Applications/Xcode.app/Contents/Developer/Platforms/MacOSX.platform/Developer/SDKs/MacOSX26.1.sdk/usr/include/mach/machine.h
/Applications/Xcode.app/Contents/Developer/Platforms/MacOSX.platform/Developer/SDKs/MacOSX26.1.sdk/usr/include/pthread/pthread_spis.h
/Applications/Xcode.app/Contents/Developer/Platforms/MacOSX.platform/Developer/SDKs/MacOSX26.1.sdk/usr/include/_modules/_darwin_posix_pthread_pthread.h
/Applications/Xcode.app/Contents/Developer/Platforms/MacOSX.platform/Developer/SDKs/MacOSX26.1.sdk/usr/include/_regex.h
/Applications/Xcode.app/Contents/Developer/Platforms/MacOSX.platform/Developer/SDKs/MacOSX26.1.sdk/usr/include/xlocale/_regex.h
/Applications/Xcode.app/Contents/Developer/Platforms/MacOSX.platform/Developer/SDKs/MacOSX26.1.sdk/usr/include/search.h
/Applications/Xcode.app/Contents/Developer/Platforms/MacOSX.platform/Developer/SDKs/MacOSX26.1.sdk/usr/include/semaphore.h
/Applications/Xcode.app/Contents/Developer/Platforms/MacOSX.platform/Developer/SDKs/MacOSX26.1.sdk/usr/include/sys/semaphore.h
/Applications/Xcode.app/Contents/Developer/Platforms/MacOSX.platform/Developer/SDKs/MacOSX26.1.sdk/usr/include/sys/posix_sem.h
/Applications/Xcode.app/Contents/Developer/Platforms/MacOSX.platform/Developer/SDKs/MacOSX26.1.sdk/usr/include/sys/proc.h
/Applications/Xcode.app/Contents/Developer/Platforms/MacOSX.platform/Developer/SDKs/MacOSX26.1.sdk/usr/include/sys/queue.h
/Applications/Xcode.app/Contents/Developer/Platforms/MacOSX.platform/Developer/SDKs/MacOSX26.1.sdk/usr/include/sys/lock.h
/Applications/Xcode.app/Contents/Developer/Platforms/MacOSX.platform/Developer/SDKs/MacOSX26.1.sdk/usr/include/sys/param.h
/Applications/Xcode.app/Contents/Developer/Platforms/MacOSX.platform/Developer/SDKs/MacOSX26.1.sdk/usr/include/machine/param.h
/Applications/Xcode.app/Contents/Developer/Platforms/MacOSX.platform/Developer/SDKs/MacOSX26.1.sdk/usr/include/arm/param.h
/Applications/Xcode.app/Contents/Developer/Platforms/MacOSX.platform/Developer/SDKs/MacOSX26.1.sdk/usr/include/sys/event.h
/Applications/Xcode.app/Contents/Developer/Platforms/MacOSX.platform/Developer/SDKs/MacOSX26.1.sdk/usr/include/strings.h
/Applications/Xcode.app/Contents/Developer/Platforms/MacOSX.platform/Developer/SDKs/MacOSX26.1.sdk/usr/include/sys/ipc.h
/Applications/Xcode.app/Contents/Developer/Platforms/MacOSX.platform/Developer/SDKs/MacOSX26.1.sdk/usr/include/sys/mman.h
/Applications/Xcode.app/Contents/Developer/Platforms/MacOSX.platform/Developer/SDKs/MacOSX26.1.sdk/usr/include/sys/msg.h
/Applications/Xcode.app/Contents/Developer/Platforms/MacOSX.platform/Developer/SDKs/MacOSX26.1.sdk/usr/include/sys/sem.h
/Applications/Xcode.app/Contents/Developer/Platforms/MacOSX.platform/Developer/SDKs/MacOSX26.1.sdk/usr/include/sys/shm.h
/Applications/Xcode.app/Contents/Developer/Platforms/MacOSX.platform/Developer/SDKs/MacOSX26.1.sdk/usr/include/sys/posix_shm.h
/Applications/Xcode.app/Contents/Developer/Platforms/MacOSX.platform/Developer/SDKs/MacOSX26.1.sdk/usr/include/sys/statvfs.h
/Applications/Xcode.app/Contents/Developer/Platforms/MacOSX.platform/Developer/SDKs/MacOSX26.1.sdk/usr/include/sys/times.h
/Applications/Xcode.app/Contents/Developer/Platforms/MacOSX.platform/Developer/SDKs/MacOSX26.1.sdk/usr/include/sys/_types/_fsid_t.h
/Applications/Xcode.app/Contents/Developer/Platforms/MacOSX.platform/Developer/SDKs/MacOSX26.1.sdk/usr/include/sys/_types/_fsobj_id_t.h
/Applications/Xcode.app/Contents/Developer/Platforms/MacOSX.platform/Developer/SDKs/MacOSX26.1.sdk/usr/include/sys/_types/_graftdmg_un.h
/Applications/Xcode.app/Contents/Developer/Platforms/MacOSX.platform/Developer/SDKs/MacOSX26.1.sdk/usr/include/sys/_types/_guid_t.h
/Applications/Xcode.app/Contents/Developer/Platforms/MacOSX.platform/Developer/SDKs/MacOSX26.1.sdk/usr/include/sys/_types/_mount_t.h
/Applications/Xcode.app/Contents/Developer/Platforms/MacOSX.platform/Developer/SDKs/MacOSX26.1.sdk/usr/include/sys/_types/_os_inline.h
/Applications/Xcode.app/Contents/Developer/Platforms/MacOSX.platform/Developer/SDKs/MacOSX26.1.sdk/usr/include/sys/_types/_ucontext64.h
/Applications/Xcode.app/Contents/Developer/Platforms/MacOSX.platform/Developer/SDKs/MacOSX26.1.sdk/usr/include/sys/_types/_vnode_t.h
/Applications/Xcode.app/Contents/Developer/Platforms/MacOSX.platform/Developer/SDKs/MacOSX26.1.sdk/usr/include/sys/uio.h
/Applications/Xcode.app/Contents/Developer/Platforms/MacOSX.platform/Developer/SDKs/MacOSX26.1.sdk/usr/include/sys/un.h
/Applications/Xcode.app/Contents/Developer/Platforms/MacOSX.platform/Developer/SDKs/MacOSX26.1.sdk/usr/include/sys/utsname.h
/Applications/Xcode.app/Contents/Developer/Platforms/MacOSX.platform/Developer/SDKs/MacOSX26.1.sdk/usr/include/sys/vsock.h
/Applications/Xcode.app/Contents/Developer/Platforms/MacOSX.platform/Developer/SDKs/MacOSX26.1.sdk/usr/include/sys/ucred.h
/Applications/Xcode.app/Contents/Developer/Platforms/MacOSX.platform/Developer/SDKs/MacOSX26.1.sdk/usr/include/bsm/audit.h
/Applications/Xcode.app/Contents/Developer/Platforms/MacOSX.platform/Developer/SDKs/MacOSX26.1.sdk/usr/include/sys/socketvar.h
/Applications/Xcode.app/Contents/Developer/Platforms/MacOSX.platform/Developer/SDKs/MacOSX26.1.sdk/usr/include/sys/xattr.h
/Applications/Xcode.app/Contents/Developer/Platforms/MacOSX.platform/Developer/SDKs/MacOSX26.1.sdk/usr/include/_modules/_darwin_posix_sys_resource.h
/Applications/Xcode.app/Contents/Developer/Platforms/MacOSX.platform/Developer/SDKs/MacOSX26.1.sdk/usr/include/_modules/_darwin_posix_sys_select.h
/Applications/Xcode.app/Contents/Developer/Platforms/MacOSX.platform/Developer/SDKs/MacOSX26.1.sdk/usr/include/_modules/_darwin_posix_sys_wait.h
/Applications/Xcode.app/Contents/Developer/Platforms/MacOSX.platform/Developer/SDKs/MacOSX26.1.sdk/usr/include/syslog.h
/Applications/Xcode.app/Contents/Developer/Platforms/MacOSX.platform/Developer/SDKs/MacOSX26.1.sdk/usr/include/sys/syslog.h
/Applications/Xcode.app/Contents/Developer/Platforms/MacOSX.platform/Developer/SDKs/MacOSX26.1.sdk/usr/include/tar.h
/Applications/Xcode.app/Contents/Developer/Platforms/MacOSX.platform/Developer/SDKs/MacOSX26.1.sdk/usr/include/ulimit.h
/Applications/Xcode.app/Contents/Developer/Platforms/MacOSX.platform/Developer/SDKs/MacOSX26.1.sdk/usr/include/utime.h
/Applications/Xcode.app/Contents/Developer/Platforms/MacOSX.platform/Developer/SDKs/MacOSX26.1.sdk/usr/include/utmpx.h
/Applications/Xcode.app/Contents/Developer/Platforms/MacOSX.platform/Developer/SDKs/MacOSX26.1.sdk/usr/include/wordexp.h
/Applications/Xcode.app/Contents/Developer/Platforms/MacOSX.platform/Developer/SDKs/MacOSX26.1.sdk/usr/include/_modules/_darwin_posix_nl_types.h
/Applications/Xcode.app/Contents/Developer/Platforms/MacOSX.platform/Developer/SDKs/MacOSX26.1.sdk/usr/include/_modules/_darwin_posix_sched.h
/Applications/Xcode.app/Contents/Developer/Platforms/MacOSX.platform/Developer/SDKs/MacOSX26.1.sdk/usr/include/_modules/_darwin_posix_unistd.h
/Applications/Xcode.app/Contents/Developer/Platforms/MacOSX.platform/Developer/SDKs/MacOSX26.1.sdk/usr/include/net/bpf.h
/Applications/Xcode.app/Contents/Developer/Platforms/MacOSX.platform/Developer/SDKs/MacOSX26.1.sdk/usr/include/net/dlil.h
/Applications/Xcode.app/Contents/Developer/Platforms/MacOSX.platform/Developer/SDKs/MacOSX26.1.sdk/usr/include/net/ethernet.h
/Applications/Xcode.app/Contents/Developer/Platforms/MacOSX.platform/Developer/SDKs/MacOSX26.1.sdk/usr/include/net/if_arp.h
/Applications/Xcode.app/Contents/Developer/Platforms/MacOSX.platform/Developer/SDKs/MacOSX26.1.sdk/usr/include/net/if_llc.h
/Applications/Xcode.app/Contents/Developer/Platforms/MacOSX.platform/Developer/SDKs/MacOSX26.1.sdk/usr/include/net/if_media.h
/Applications/Xcode.app/Contents/Developer/Platforms/MacOSX.platform/Developer/SDKs/MacOSX26.1.sdk/usr/include/net/if_mib.h
/Applications/Xcode.app/Contents/Developer/Platforms/MacOSX.platform/Developer/SDKs/MacOSX26.1.sdk/usr/include/net/if_utun.h
/Applications/Xcode.app/Contents/Developer/Platforms/MacOSX.platform/Developer/SDKs/MacOSX26.1.sdk/usr/include/net/if_var_status.h
/Applications/Xcode.app/Contents/Developer/Platforms/MacOSX.platform/Developer/SDKs/MacOSX26.1.sdk/usr/include/net/kext_net.h
/Applications/Xcode.app/Contents/Developer/Platforms/MacOSX.platform/Developer/SDKs/MacOSX26.1.sdk/usr/include/net/ndrv.h
/Applications/Xcode.app/Contents/Developer/Platforms/MacOSX.platform/Developer/SDKs/MacOSX26.1.sdk/usr/include/net/pfkeyv2.h
/Applications/Xcode.app/Contents/Developer/Platforms/MacOSX.platform/Developer/SDKs/MacOSX26.1.sdk/usr/include/net/route.h
/Applications/Xcode.app/Contents/Developer/Platforms/MacOSX.platform/Developer/SDKs/MacOSX26.1.sdk/usr/include/netinet/bootp.h
/Applications/Xcode.app/Contents/Developer/Platforms/MacOSX.platform/Developer/SDKs/MacOSX26.1.sdk/usr/include/netinet/ip.h
/Applications/Xcode.app/Contents/Developer/Platforms/MacOSX.platform/Developer/SDKs/MacOSX26.1.sdk/usr/include/netinet/in_systm.h
/Applications/Xcode.app/Contents/Developer/Platforms/MacOSX.platform/Developer/SDKs/MacOSX26.1.sdk/usr/include/netinet/udp.h
/Applications/Xcode.app/Contents/Developer/Platforms/MacOSX.platform/Developer/SDKs/MacOSX26.1.sdk/usr/include/netinet/icmp6.h
/Applications/Xcode.app/Contents/Developer/Platforms/MacOSX.platform/Developer/SDKs/MacOSX26.1.sdk/usr/include/netinet/icmp_var.h
/Applications/Xcode.app/Contents/Developer/Platforms/MacOSX.platform/Developer/SDKs/MacOSX26.1.sdk/usr/include/netinet/ip_icmp.h
/Applications/Xcode.app/Contents/Developer/Platforms/MacOSX.platform/Developer/SDKs/MacOSX26.1.sdk/usr/include/netinet/if_ether.h
/Applications/Xcode.app/Contents/Developer/Platforms/MacOSX.platform/Developer/SDKs/MacOSX26.1.sdk/usr/include/netinet/igmp.h
/Applications/Xcode.app/Contents/Developer/Platforms/MacOSX.platform/Developer/SDKs/MacOSX26.1.sdk/usr/include/netinet/igmp_var.h
/Applications/Xcode.app/Contents/Developer/Platforms/MacOSX.platform/Developer/SDKs/MacOSX26.1.sdk/usr/include/netinet/in_pcb.h
/Applications/Xcode.app/Contents/Developer/Platforms/MacOSX.platform/Developer/SDKs/MacOSX26.1.sdk/usr/include/netinet/in_var.h
/Applications/Xcode.app/Contents/Developer/Platforms/MacOSX.platform/Developer/SDKs/MacOSX26.1.sdk/usr/include/sys/protosw.h
/Applications/Xcode.app/Contents/Developer/Platforms/MacOSX.platform/Developer/SDKs/MacOSX26.1.sdk/usr/include/sys/kern_event.h
/Applications/Xcode.app/Contents/Developer/Platforms/MacOSX.platform/Developer/SDKs/MacOSX26.1.sdk/usr/include/sys/sys_domain.h
/Applications/Xcode.app/Contents/Developer/Platforms/MacOSX.platform/Developer/SDKs/MacOSX26.1.sdk/usr/include/netinet6/in6_var.h
/Applications/Xcode.app/Contents/Developer/Platforms/MacOSX.platform/Developer/SDKs/MacOSX26.1.sdk/usr/include/netinet6/scope6_var.h
/Applications/Xcode.app/Contents/Developer/Platforms/MacOSX.platform/Developer/SDKs/MacOSX26.1.sdk/usr/include/netinet/ip6.h
/Applications/Xcode.app/Contents/Developer/Platforms/MacOSX.platform/Developer/SDKs/MacOSX26.1.sdk/usr/include/netinet/ip_var.h
/Applications/Xcode.app/Contents/Developer/Platforms/MacOSX.platform/Developer/SDKs/MacOSX26.1.sdk/usr/include/netinet/tcp_fsm.h
/Applications/Xcode.app/Contents/Developer/Platforms/MacOSX.platform/Developer/SDKs/MacOSX26.1.sdk/usr/include/netinet/tcp_seq.h
/Applications/Xcode.app/Contents/Developer/Platforms/MacOSX.platform/Developer/SDKs/MacOSX26.1.sdk/usr/include/netinet/tcp_timer.h
/Applications/Xcode.app/Contents/Developer/Platforms/MacOSX.platform/Developer/SDKs/MacOSX26.1.sdk/usr/include/netinet/tcp_var.h
/Applications/Xcode.app/Contents/Developer/Platforms/MacOSX.platform/Developer/SDKs/MacOSX26.1.sdk/usr/include/netinet/tcpip.h
/Applications/Xcode.app/Contents/Developer/Platforms/MacOSX.platform/Developer/SDKs/MacOSX26.1.sdk/usr/include/netinet/udp_var.h
/Applications/Xcode.app/Contents/Developer/Platforms/MacOSX.platform/Developer/SDKs/MacOSX26.1.sdk/usr/include/sys/sysctl.h
/Applications/Xcode.app/Contents/Developer/Platforms/MacOSX.platform/Developer/SDKs/MacOSX26.1.sdk/usr/include/sys/vm.h
/Applications/Xcode.app/Contents/Developer/Platforms/MacOSX.platform/Developer/SDKs/MacOSX26.1.sdk/usr/include/ar.h
/Applications/Xcode.app/Contents/Developer/Platforms/MacOSX.platform/Developer/SDKs/MacOSX26.1.sdk/usr/include/bank/bank_types.h
/Applications/Xcode.app/Contents/Developer/Platforms/MacOSX.platform/Developer/SDKs/MacOSX26.1.sdk/usr/include/os/base.h
/Applications/Xcode.app/Contents/Developer/Platforms/MacOSX.platform/Developer/SDKs/MacOSX26.1.sdk/usr/include/mach/mach_types.h
/Applications/Xcode.app/Contents/Developer/Platforms/MacOSX.platform/Developer/SDKs/MacOSX26.1.sdk/usr/include/mach/host_info.h
/Applications/Xcode.app/Contents/Developer/Platforms/MacOSX.platform/Developer/SDKs/MacOSX26.1.sdk/usr/include/mach/vm_statistics.h
/Applications/Xcode.app/Contents/Developer/Platforms/MacOSX.platform/Developer/SDKs/MacOSX26.1.sdk/usr/include/mach/time_value.h
/Applications/Xcode.app/Contents/Developer/Platforms/MacOSX.platform/Developer/SDKs/MacOSX26.1.sdk/usr/include/mach/host_notify.h
/Applications/Xcode.app/Contents/Developer/Platforms/MacOSX.platform/Developer/SDKs/MacOSX26.1.sdk/usr/include/mach/host_special_ports.h
/Applications/Xcode.app/Contents/Developer/Platforms/MacOSX.platform/Developer/SDKs/MacOSX26.1.sdk/usr/include/mach/memory_object_types.h
/Applications/Xcode.app/Contents/Developer/Platforms/MacOSX.platform/Developer/SDKs/MacOSX26.1.sdk/usr/include/mach/vm_prot.h
/Applications/Xcode.app/Contents/Developer/Platforms/MacOSX.platform/Developer/SDKs/MacOSX26.1.sdk/usr/include/mach/vm_sync.h
/Applications/Xcode.app/Contents/Developer/Platforms/MacOSX.platform/Developer/SDKs/MacOSX26.1.sdk/usr/include/mach/mach_voucher_types.h
/Applications/Xcode.app/Contents/Developer/Platforms/MacOSX.platform/Developer/SDKs/MacOSX26.1.sdk/usr/include/mach/std_types.h
/Applications/Xcode.app/Contents/Developer/Platforms/MacOSX.platform/Developer/SDKs/MacOSX26.1.sdk/usr/include/mach/processor_info.h
/Applications/Xcode.app/Contents/Developer/Platforms/MacOSX.platform/Developer/SDKs/MacOSX26.1.sdk/usr/include/mach/machine/processor_info.h
/Applications/Xcode.app/Contents/Developer/Platforms/MacOSX.platform/Developer/SDKs/MacOSX26.1.sdk/usr/include/mach/arm/processor_info.h
/Applications/Xcode.app/Contents/Developer/Platforms/MacOSX.platform/Developer/SDKs/MacOSX26.1.sdk/usr/include/mach/task_info.h
/Applications/Xcode.app/Contents/Developer/Platforms/MacOSX.platform/Developer/SDKs/MacOSX26.1.sdk/usr/include/mach/policy.h
/Applications/Xcode.app/Contents/Developer/Platforms/MacOSX.platform/Developer/SDKs/MacOSX26.1.sdk/usr/include/mach/task_inspect.h
/Applications/Xcode.app/Contents/Developer/Platforms/MacOSX.platform/Developer/SDKs/MacOSX26.1.sdk/usr/include/mach/task_policy.h
/Applications/Xcode.app/Contents/Developer/Platforms/MacOSX.platform/Developer/SDKs/MacOSX26.1.sdk/usr/include/mach/task_special_ports.h
/Applications/Xcode.app/Contents/Developer/Platforms/MacOSX.platform/Developer/SDKs/MacOSX26.1.sdk/usr/include/mach/thread_info.h
/Applications/Xcode.app/Contents/Developer/Platforms/MacOSX.platform/Developer/SDKs/MacOSX26.1.sdk/usr/include/mach/thread_policy.h
/Applications/Xcode.app/Contents/Developer/Platforms/MacOSX.platform/Developer/SDKs/MacOSX26.1.sdk/usr/include/mach/thread_special_ports.h
/Applications/Xcode.app/Contents/Developer/Platforms/MacOSX.platform/Developer/SDKs/MacOSX26.1.sdk/usr/include/mach/clock_types.h
/Applications/Xcode.app/Contents/Developer/Platforms/MacOSX.platform/Developer/SDKs/MacOSX26.1.sdk/usr/include/mach/vm_attributes.h
/Applications/Xcode.app/Contents/Developer/Platforms/MacOSX.platform/Developer/SDKs/MacOSX26.1.sdk/usr/include/mach/vm_inherit.h
/Applications/Xcode.app/Contents/Developer/Platforms/MacOSX.platform/Developer/SDKs/MacOSX26.1.sdk/usr/include/mach/vm_purgable.h
/Applications/Xcode.app/Contents/Developer/Platforms/MacOSX.platform/Developer/SDKs/MacOSX26.1.sdk/usr/include/mach/vm_behavior.h
/Applications/Xcode.app/Contents/Developer/Platforms/MacOSX.platform/Developer/SDKs/MacOSX26.1.sdk/usr/include/mach/vm_region.h
/Applications/Xcode.app/Contents/Developer/Platforms/MacOSX.platform/Developer/SDKs/MacOSX26.1.sdk/usr/include/mach/machine/vm_param.h
/Applications/Xcode.app/Contents/Developer/Platforms/MacOSX.platform/Developer/SDKs/MacOSX26.1.sdk/usr/include/mach/arm/vm_param.h
/Applications/Xcode.app/Contents/Developer/Platforms/MacOSX.platform/Developer/SDKs/MacOSX26.1.sdk/usr/include/mach/vm_page_size.h
/Applications/Xcode.app/Contents/Developer/Platforms/MacOSX.platform/Developer/SDKs/MacOSX26.1.sdk/usr/include/mach/kmod.h
/Applications/Xcode.app/Contents/Developer/Platforms/MacOSX.platform/Developer/SDKs/MacOSX26.1.sdk/usr/include/mach/dyld_kernel.h
/Applications/Xcode.app/Contents/Developer/Platforms/MacOSX.platform/Developer/SDKs/MacOSX26.1.sdk/usr/include/ConditionalMacros.h
/Applications/Xcode.app/Contents/Developer/Platforms/MacOSX.platform/Developer/SDKs/MacOSX26.1.sdk/usr/include/crt_externs.h
/Applications/Xcode.app/Contents/Developer/Platforms/MacOSX.platform/Developer/SDKs/MacOSX26.1.sdk/usr/include/fts.h
/Applications/Xcode.app/Contents/Developer/Platforms/MacOSX.platform/Developer/SDKs/MacOSX26.1.sdk/usr/include/getopt.h
/Applications/Xcode.app/Contents/Developer/Platforms/MacOSX.platform/Developer/SDKs/MacOSX26.1.sdk/usr/include/AssertMacros.h
/Applications/Xcode.app/Contents/Developer/Platforms/MacOSX.platform/Developer/SDKs/MacOSX26.1.sdk/usr/include/MacTypes.h
/Applications/Xcode.app/Contents/Developer/Platforms/MacOSX.platform/Developer/SDKs/MacOSX26.1.sdk/usr/include/mach/mach.h
/Applications/Xcode.app/Contents/Developer/Platforms/MacOSX.platform/Developer/SDKs/MacOSX26.1.sdk/usr/include/mach/mach_interface.h
/Applications/Xcode.app/Contents/Developer/Platforms/MacOSX.platform/Developer/SDKs/MacOSX26.1.sdk/usr/include/mach/clock_priv.h
/Applications/Xcode.app/Contents/Developer/Platforms/MacOSX.platform/Developer/SDKs/MacOSX26.1.sdk/usr/include/mach/ndr.h
/Applications/Xcode.app/Contents/Developer/Platforms/MacOSX.platform/Developer/SDKs/MacOSX26.1.sdk/usr/include/libkern/OSByteOrder.h
/Applications/Xcode.app/Contents/Developer/Platforms/MacOSX.platform/Developer/SDKs/MacOSX26.1.sdk/usr/include/libkern/arm/OSByteOrder.h
/Applications/Xcode.app/Contents/Developer/Platforms/MacOSX.platform/Developer/SDKs/MacOSX26.1.sdk/usr/include/arm/arch.h
/Applications/Xcode.app/Contents/Developer/Platforms/MacOSX.platform/Developer/SDKs/MacOSX26.1.sdk/usr/include/mach/notify.h
/Applications/Xcode.app/Contents/Developer/Platforms/MacOSX.platform/Developer/SDKs/MacOSX26.1.sdk/usr/include/mach/mig_errors.h
/Applications/Xcode.app/Contents/Developer/Platforms/MacOSX.platform/Developer/SDKs/MacOSX26.1.sdk/usr/include/mach/mig.h
/Applications/Xcode.app/Contents/Developer/Platforms/MacOSX.platform/Developer/SDKs/MacOSX26.1.sdk/usr/include/mach/host_priv.h
/Applications/Xcode.app/Contents/Developer/Platforms/MacOSX.platform/Developer/SDKs/MacOSX26.1.sdk/usr/include/mach_debug/mach_debug_types.h
/Applications/Xcode.app/Contents/Developer/Platforms/MacOSX.platform/Developer/SDKs/MacOSX26.1.sdk/usr/include/mach_debug/vm_info.h
/Applications/Xcode.app/Contents/Developer/Platforms/MacOSX.platform/Developer/SDKs/MacOSX26.1.sdk/usr/include/mach_debug/zone_info.h
/Applications/Xcode.app/Contents/Developer/Platforms/MacOSX.platform/Developer/SDKs/MacOSX26.1.sdk/usr/include/mach_debug/page_info.h
/Applications/Xcode.app/Contents/Developer/Platforms/MacOSX.platform/Developer/SDKs/MacOSX26.1.sdk/usr/include/mach_debug/hash_info.h
/Applications/Xcode.app/Contents/Developer/Platforms/MacOSX.platform/Developer/SDKs/MacOSX26.1.sdk/usr/include/mach_debug/lockgroup_info.h
/Applications/Xcode.app/Contents/Developer/Platforms/MacOSX.platform/Developer/SDKs/MacOSX26.1.sdk/usr/include/mach/host_security.h
/Applications/Xcode.app/Contents/Developer/Platforms/MacOSX.platform/Developer/SDKs/MacOSX26.1.sdk/usr/include/mach/processor.h
/Applications/Xcode.app/Contents/Developer/Platforms/MacOSX.platform/Developer/SDKs/MacOSX26.1.sdk/usr/include/mach/processor_set.h
/Applications/Xcode.app/Contents/Developer/Platforms/MacOSX.platform/Developer/SDKs/MacOSX26.1.sdk/usr/include/mach/semaphore.h
/Applications/Xcode.app/Contents/Developer/Platforms/MacOSX.platform/Developer/SDKs/MacOSX26.1.sdk/usr/include/mach/sync_policy.h
/Applications/Xcode.app/Contents/Developer/Platforms/MacOSX.platform/Developer/SDKs/MacOSX26.1.sdk/usr/include/mach/task.h
/Applications/Xcode.app/Contents/Developer/Platforms/MacOSX.platform/Developer/SDKs/MacOSX26.1.sdk/usr/include/mach/thread_act.h
/Applications/Xcode.app/Contents/Developer/Platforms/MacOSX.platform/Developer/SDKs/MacOSX26.1.sdk/usr/include/mach/vm_map.h
/Applications/Xcode.app/Contents/Developer/Platforms/MacOSX.platform/Developer/SDKs/MacOSX26.1.sdk/usr/include/mach/mach_port.h
/Applications/Xcode.app/Contents/Developer/Platforms/MacOSX.platform/Developer/SDKs/MacOSX26.1.sdk/usr/include/mach/mach_init.h
/Applications/Xcode.app/Contents/Developer/Platforms/MacOSX.platform/Developer/SDKs/MacOSX26.1.sdk/usr/include/mach/mach_traps.h
/Applications/Xcode.app/Contents/Developer/Platforms/MacOSX.platform/Developer/SDKs/MacOSX26.1.sdk/usr/include/mach/error.h
/Applications/Xcode.app/Contents/Developer/Platforms/MacOSX.platform/Developer/SDKs/MacOSX26.1.sdk/usr/include/mach/mach_host.h
/Applications/Xcode.app/Contents/Developer/Platforms/MacOSX.platform/Developer/SDKs/MacOSX26.1.sdk/usr/include/mach/thread_switch.h
/Applications/Xcode.app/Contents/Developer/Platforms/MacOSX.platform/Developer/SDKs/MacOSX26.1.sdk/usr/include/mach/rpc.h
/Applications/Xcode.app/Contents/Developer/Platforms/MacOSX.platform/Developer/SDKs/MacOSX26.1.sdk/usr/include/mach/machine/rpc.h
/Applications/Xcode.app/Contents/Developer/Platforms/MacOSX.platform/Developer/SDKs/MacOSX26.1.sdk/usr/include/mach/arm/rpc.h
/Applications/Xcode.app/Contents/Developer/Platforms/MacOSX.platform/Developer/SDKs/MacOSX26.1.sdk/usr/include/mach/mach_error.h
/Applications/Xcode.app/Contents/Developer/Platforms/MacOSX.platform/Developer/SDKs/MacOSX26.1.sdk/usr/include/mach/audit_triggers_types.h
/Applications/Xcode.app/Contents/Developer/Platforms/MacOSX.platform/Developer/SDKs/MacOSX26.1.sdk/usr/include/mach/bootstrap.h
/Applications/Xcode.app/Contents/Developer/Platforms/MacOSX.platform/Developer/SDKs/MacOSX26.1.sdk/usr/include/mach/clock.h
/Applications/Xcode.app/Contents/Developer/Platforms/MacOSX.platform/Developer/SDKs/MacOSX26.1.sdk/usr/include/mach/clock_reply.h
/Applications/Xcode.app/Contents/Developer/Platforms/MacOSX.platform/Developer/SDKs/MacOSX26.1.sdk/usr/include/mach/exc.h
/Applications/Xcode.app/Contents/Developer/Platforms/MacOSX.platform/Developer/SDKs/MacOSX26.1.sdk/usr/include/mach/exception.h
/Applications/Xcode.app/Contents/Developer/Platforms/MacOSX.platform/Developer/SDKs/MacOSX26.1.sdk/usr/include/mach/host_reboot.h
/Applications/Xcode.app/Contents/Developer/Platforms/MacOSX.platform/Developer/SDKs/MacOSX26.1.sdk/usr/include/arm64/hv/hv_kern_types.h
/Applications/Xcode.app/Contents/Developer/Platforms/MacOSX.platform/Developer/SDKs/MacOSX26.1.sdk/usr/include/mach/mach_param.h
/Applications/Xcode.app/Contents/Developer/Platforms/MacOSX.platform/Developer/SDKs/MacOSX26.1.sdk/usr/include/mach/mach_right.h
/Applications/Xcode.app/Contents/Developer/Platforms/MacOSX.platform/Developer/SDKs/MacOSX26.1.sdk/usr/include/mach/mach_syscalls.h
/Applications/Xcode.app/Contents/Developer/Platforms/MacOSX.platform/Developer/SDKs/MacOSX26.1.sdk/usr/include/mach/mach_time.h
/Applications/Xcode.app/Contents/Developer/Platforms/MacOSX.platform/Developer/SDKs/MacOSX26.1.sdk/usr/include/mach/mach_vm.h
/Applications/Xcode.app/Contents/Developer/Platforms/MacOSX.platform/Developer/SDKs/MacOSX26.1.sdk/usr/include/mach/mach_voucher.h
/Applications/Xcode.app/Contents/Developer/Platforms/MacOSX.platform/Developer/SDKs/MacOSX26.1.sdk/usr/include/mach/memory_entry.h
/Applications/Xcode.app/Contents/Developer/Platforms/MacOSX.platform/Developer/SDKs/MacOSX26.1.sdk/usr/include/mach/mig_strncpy_zerofill_support.h
/Applications/Xcode.app/Contents/Developer/Platforms/MacOSX.platform/Developer/SDKs/MacOSX26.1.sdk/usr/include/mach/mig_voucher_support.h
/Applications/Xcode.app/Contents/Developer/Platforms/MacOSX.platform/Developer/SDKs/MacOSX26.1.sdk/usr/include/mach/port_obj.h
/Applications/Xcode.app/Contents/Developer/Platforms/MacOSX.platform/Developer/SDKs/MacOSX26.1.sdk/usr/include/mach/sdt.h
/Applications/Xcode.app/Contents/Developer/Platforms/MacOSX.platform/Developer/SDKs/MacOSX26.1.sdk/usr/include/mach/machine/sdt.h
/Applications/Xcode.app/Contents/Developer/Platforms/MacOSX.platform/Developer/SDKs/MacOSX26.1.sdk/usr/include/sys/sdt.h
/Applications/Xcode.app/Contents/Developer/Platforms/MacOSX.platform/Developer/SDKs/MacOSX26.1.sdk/usr/include/mach/shared_region.h
/Applications/Xcode.app/Contents/Developer/Platforms/MacOSX.platform/Developer/SDKs/MacOSX26.1.sdk/usr/include/mach/sync.h
/Applications/Xcode.app/Contents/Developer/Platforms/MacOSX.platform/Developer/SDKs/MacOSX26.1.sdk/usr/include/mach/thread_state.h
/Applications/Xcode.app/Contents/Developer/Platforms/MacOSX.platform/Developer/SDKs/MacOSX26.1.sdk/usr/include/mach/vm_param.h
/Applications/Xcode.app/Contents/Developer/Platforms/MacOSX.platform/Developer/SDKs/MacOSX26.1.sdk/usr/include/mach/vm_task.h
/Applications/Xcode.app/Contents/Developer/Platforms/MacOSX.platform/Developer/SDKs/MacOSX26.1.sdk/usr/include/mach/machine/asm.h
/Applications/Xcode.app/Contents/Developer/Platforms/MacOSX.platform/Developer/SDKs/MacOSX26.1.sdk/usr/include/mach/arm64/asm.h
/Applications/Xcode.app/Contents/Developer/Platforms/MacOSX.platform/Developer/SDKs/MacOSX26.1.sdk/usr/include/mach/i386/asm.h
/Applications/Xcode.app/Contents/Developer/Platforms/MacOSX.platform/Developer/SDKs/MacOSX26.1.sdk/usr/include/mach/arm/asm.h
/Applications/Xcode.app/Contents/Developer/Platforms/MacOSX.platform/Developer/SDKs/MacOSX26.1.sdk/usr/include/mach/i386/boolean.h
/Applications/Xcode.app/Contents/Developer/Platforms/MacOSX.platform/Developer/SDKs/MacOSX26.1.sdk/usr/include/mach/i386/exception.h
/Applications/Xcode.app/Contents/Developer/Platforms/MacOSX.platform/Developer/SDKs/MacOSX26.1.sdk/usr/include/mach/i386/fp_reg.h
/Applications/Xcode.app/Contents/Developer/Platforms/MacOSX.platform/Developer/SDKs/MacOSX26.1.sdk/usr/include/mach/i386/kern_return.h
/Applications/Xcode.app/Contents/Developer/Platforms/MacOSX.platform/Developer/SDKs/MacOSX26.1.sdk/usr/include/mach/machine/ndr_def.h
/Applications/Xcode.app/Contents/Developer/Platforms/MacOSX.platform/Developer/SDKs/MacOSX26.1.sdk/usr/include/mach/arm/ndr_def.h
/Applications/Xcode.app/Contents/Developer/Platforms/MacOSX.platform/Developer/SDKs/MacOSX26.1.sdk/usr/include/mach/i386/processor_info.h
/Applications/Xcode.app/Contents/Developer/Platforms/MacOSX.platform/Developer/SDKs/MacOSX26.1.sdk/usr/include/mach/i386/rpc.h
/Applications/Xcode.app/Contents/Developer/Platforms/MacOSX.platform/Developer/SDKs/MacOSX26.1.sdk/usr/include/mach/machine/sdt_isa.h
/Applications/Xcode.app/Contents/Developer/Platforms/MacOSX.platform/Developer/SDKs/MacOSX26.1.sdk/usr/include/mach/arm/sdt_isa.h
/Applications/Xcode.app/Contents/Developer/Platforms/MacOSX.platform/Developer/SDKs/MacOSX26.1.sdk/usr/include/mach/i386/sdt_isa.h
/Applications/Xcode.app/Contents/Developer/Platforms/MacOSX.platform/Developer/SDKs/MacOSX26.1.sdk/usr/include/mach/i386/thread_state.h
/Applications/Xcode.app/Contents/Developer/Platforms/MacOSX.platform/Developer/SDKs/MacOSX26.1.sdk/usr/include/mach/i386/thread_status.h
/Applications/Xcode.app/Contents/Developer/Platforms/MacOSX.platform/Developer/SDKs/MacOSX26.1.sdk/usr/include/mach/arm/traps.h
/Applications/Xcode.app/Contents/Developer/Platforms/MacOSX.platform/Developer/SDKs/MacOSX26.1.sdk/usr/include/mach/i386/vm_param.h
/Applications/Xcode.app/Contents/Developer/Platforms/MacOSX.platform/Developer/SDKs/MacOSX26.1.sdk/usr/include/mach/i386/vm_types.h
/Applications/Xcode.app/Contents/Developer/Platforms/MacOSX.platform/Developer/SDKs/MacOSX26.1.sdk/usr/include/mach_debug/mach_debug.h
/Applications/Xcode.app/Contents/Developer/Platforms/MacOSX.platform/Developer/SDKs/MacOSX26.1.sdk/usr/include/device/device_types.h
/Applications/Xcode.app/Contents/Developer/Platforms/MacOSX.platform/Developer/SDKs/MacOSX26.1.sdk/usr/include/device/device_port.h
/Applications/Xcode.app/Contents/Developer/Platforms/MacOSX.platform/Developer/SDKs/MacOSX26.1.sdk/usr/include/libkern/OSAtomic.h
/Applications/Xcode.app/Contents/Developer/Platforms/MacOSX.platform/Developer/SDKs/MacOSX26.1.sdk/usr/include/libkern/OSAtomicDeprecated.h
/Applications/Xcode.app/Contents/Developer/Platforms/MacOSX.platform/Developer/SDKs/MacOSX26.1.sdk/usr/include/libkern/OSSpinLockDeprecated.h
/Applications/Xcode.app/Contents/Developer/Platforms/MacOSX.platform/Developer/SDKs/MacOSX26.1.sdk/usr/include/libkern/OSAtomicQueue.h
/Applications/Xcode.app/Contents/Developer/Platforms/MacOSX.platform/Developer/SDKs/MacOSX26.1.sdk/usr/include/libkern/machine/OSByteOrder.h
/Applications/Xcode.app/Contents/Developer/Platforms/MacOSX.platform/Developer/SDKs/MacOSX26.1.sdk/usr/include/libkern/i386/OSByteOrder.h
/Applications/Xcode.app/Contents/Developer/Platforms/MacOSX.platform/Developer/SDKs/MacOSX26.1.sdk/usr/include/libproc.h
/Applications/Xcode.app/Contents/Developer/Platforms/MacOSX.platform/Developer/SDKs/MacOSX26.1.sdk/usr/include/sys/mount.h
/Applications/Xcode.app/Contents/Developer/Platforms/MacOSX.platform/Developer/SDKs/MacOSX26.1.sdk/usr/include/sys/attr.h
/Applications/Xcode.app/Contents/Developer/Platforms/MacOSX.platform/Developer/SDKs/MacOSX26.1.sdk/usr/include/sys/proc_info.h
/Applications/Xcode.app/Contents/Developer/Platforms/MacOSX.platform/Developer/SDKs/MacOSX26.1.sdk/usr/include/sys/kern_control.h
/Applications/Xcode.app/Contents/Developer/Platforms/MacOSX.platform/Developer/SDKs/MacOSX26.1.sdk/usr/include/os/clock.h
/Applications/Xcode.app/Contents/Developer/Platforms/MacOSX.platform/Developer/SDKs/MacOSX26.1.sdk/usr/include/os/lock.h
/Applications/Xcode.app/Contents/Developer/Platforms/MacOSX.platform/Developer/SDKs/MacOSX26.1.sdk/usr/include/os/proc.h
/Applications/Xcode.app/Contents/Developer/Platforms/MacOSX.platform/Developer/SDKs/MacOSX26.1.sdk/usr/include/malloc/malloc.h
/Applications/Xcode.app/Contents/Developer/Platforms/MacOSX.platform/Developer/SDKs/MacOSX26.1.sdk/usr/include/malloc/_platform.h
/Applications/Xcode.app/Contents/Developer/Platforms/MacOSX.platform/Developer/SDKs/MacOSX26.1.sdk/usr/include/sys/malloc.h
/Applications/Xcode.app/Contents/Developer/Platforms/MacOSX.platform/Developer/SDKs/MacOSX26.1.sdk/usr/include/i386/_param.h
/Applications/Xcode.app/Contents/Developer/Platforms/MacOSX.platform/Developer/SDKs/MacOSX26.1.sdk/usr/include/machine/byte_order.h
/Applications/Xcode.app/Contents/Developer/Platforms/MacOSX.platform/Developer/SDKs/MacOSX26.1.sdk/usr/include/architecture/byte_order.h
/Applications/Xcode.app/Contents/Developer/Platforms/MacOSX.platform/Developer/SDKs/MacOSX26.1.sdk/usr/include/i386/eflags.h
/Applications/Xcode.app/Contents/Developer/Platforms/MacOSX.platform/Developer/SDKs/MacOSX26.1.sdk/usr/include/machine/fasttrap_isa.h
/Applications/Xcode.app/Contents/Developer/Platforms/MacOSX.platform/Developer/SDKs/MacOSX26.1.sdk/usr/include/arm/fasttrap_isa.h
/Applications/Xcode.app/Contents/Developer/Platforms/MacOSX.platform/Developer/SDKs/MacOSX26.1.sdk/usr/include/i386/fasttrap_isa.h
/Applications/Xcode.app/Contents/Developer/Platforms/MacOSX.platform/Developer/SDKs/MacOSX26.1.sdk/usr/include/i386/param.h
/Applications/Xcode.app/Contents/Developer/Platforms/MacOSX.platform/Developer/SDKs/MacOSX26.1.sdk/usr/include/machine/profile.h
/Applications/Xcode.app/Contents/Developer/Platforms/MacOSX.platform/Developer/SDKs/MacOSX26.1.sdk/usr/include/arm/profile.h
/Applications/Xcode.app/Contents/Developer/Platforms/MacOSX.platform/Developer/SDKs/MacOSX26.1.sdk/usr/include/i386/profile.h
/Applications/Xcode.app/Contents/Developer/Platforms/MacOSX.platform/Developer/SDKs/MacOSX26.1.sdk/usr/include/i386/user_ldt.h
/Applications/Xcode.app/Contents/Developer/Platforms/MacOSX.platform/Developer/SDKs/MacOSX26.1.sdk/usr/include/machine/vmparam.h
/Applications/Xcode.app/Contents/Developer/Platforms/MacOSX.platform/Developer/SDKs/MacOSX26.1.sdk/usr/include/arm/vmparam.h
/Applications/Xcode.app/Contents/Developer/Platforms/MacOSX.platform/Developer/SDKs/MacOSX26.1.sdk/usr/include/i386/vmparam.h
/Applications/Xcode.app/Contents/Developer/Platforms/MacOSX.platform/Developer/SDKs/MacOSX26.1.sdk/usr/include/aliasdb.h
/Applications/Xcode.app/Contents/Developer/Platforms/MacOSX.platform/Developer/SDKs/MacOSX26.1.sdk/usr/include/bootparams.h
/Applications/Xcode.app/Contents/Developer/Platforms/MacOSX.platform/Developer/SDKs/MacOSX26.1.sdk/usr/include/Block.h
/Applications/Xcode.app/Contents/Developer/Platforms/MacOSX.platform/Developer/SDKs/MacOSX26.1.sdk/usr/include/bsm/audit_domain.h
/Applications/Xcode.app/Contents/Developer/Platforms/MacOSX.platform/Developer/SDKs/MacOSX26.1.sdk/usr/include/bsm/audit_errno.h
/Applications/Xcode.app/Contents/Developer/Platforms/MacOSX.platform/Developer/SDKs/MacOSX26.1.sdk/usr/include/bsm/audit_fcntl.h
/Applications/Xcode.app/Contents/Developer/Platforms/MacOSX.platform/Developer/SDKs/MacOSX26.1.sdk/usr/include/bsm/audit_filter.h
/Applications/Xcode.app/Contents/Developer/Platforms/MacOSX.platform/Developer/SDKs/MacOSX26.1.sdk/usr/include/bsm/libbsm.h
/Applications/Xcode.app/Contents/Developer/Platforms/MacOSX.platform/Developer/SDKs/MacOSX26.1.sdk/usr/include/bsm/audit_record.h
/Applications/Xcode.app/Contents/Developer/Platforms/MacOSX.platform/Developer/SDKs/MacOSX26.1.sdk/usr/include/bsm/audit_internal.h
/Applications/Xcode.app/Contents/Developer/Platforms/MacOSX.platform/Developer/SDKs/MacOSX26.1.sdk/usr/include/bsm/audit_kevents.h
/Applications/Xcode.app/Contents/Developer/Platforms/MacOSX.platform/Developer/SDKs/MacOSX26.1.sdk/usr/include/bsm/audit_session.h
/Applications/Xcode.app/Contents/Developer/Platforms/MacOSX.platform/Developer/SDKs/MacOSX26.1.sdk/usr/include/bsm/audit_socket_type.h
/Applications/Xcode.app/Contents/Developer/Platforms/MacOSX.platform/Developer/SDKs/MacOSX26.1.sdk/usr/include/bsm/audit_uevents.h
/Applications/Xcode.app/Contents/Developer/Platforms/MacOSX.platform/Developer/SDKs/MacOSX26.1.sdk/usr/include/execinfo.h
/Applications/Xcode.app/Contents/Developer/Platforms/MacOSX.platform/Developer/SDKs/MacOSX26.1.sdk/usr/include/fstab.h
/Applications/Xcode.app/Contents/Developer/Platforms/MacOSX.platform/Developer/SDKs/MacOSX26.1.sdk/usr/include/hfs/hfs_format.h
/Applications/Xcode.app/Contents/Developer/Platforms/MacOSX.platform/Developer/SDKs/MacOSX26.1.sdk/usr/include/hfs/hfs_unistr.h
/Applications/Xcode.app/Contents/Developer/Platforms/MacOSX.platform/Developer/SDKs/MacOSX26.1.sdk/usr/include/hfs/hfs_mount.h
/Applications/Xcode.app/Contents/Developer/Platforms/MacOSX.platform/Developer/SDKs/MacOSX26.1.sdk/usr/include/membership.h
/Applications/Xcode.app/Contents/Developer/Platforms/MacOSX.platform/Developer/SDKs/MacOSX26.1.sdk/usr/include/ntsid.h
/Applications/Xcode.app/Contents/Developer/Platforms/MacOSX.platform/Developer/SDKs/MacOSX26.1.sdk/usr/include/curses.h
/Applications/Xcode.app/Contents/Developer/Platforms/MacOSX.platform/Developer/SDKs/MacOSX26.1.sdk/usr/include/ncurses_dll.h
/Applications/Xcode.app/Contents/Developer/Platforms/MacOSX.platform/Developer/SDKs/MacOSX26.1.sdk/usr/include/unctrl.h
/Applications/Xcode.app/Contents/Developer/Platforms/MacOSX.platform/Developer/SDKs/MacOSX26.1.sdk/usr/include/eti.h
/Applications/Xcode.app/Contents/Developer/Platforms/MacOSX.platform/Developer/SDKs/MacOSX26.1.sdk/usr/include/nc_tparm.h
/Applications/Xcode.app/Contents/Developer/Platforms/MacOSX.platform/Developer/SDKs/MacOSX26.1.sdk/usr/include/form.h
/Applications/Xcode.app/Contents/Developer/Platforms/MacOSX.platform/Developer/SDKs/MacOSX26.1.sdk/usr/include/menu.h
/Applications/Xcode.app/Contents/Developer/Platforms/MacOSX.platform/Developer/SDKs/MacOSX26.1.sdk/usr/include/panel.h
/Applications/Xcode.app/Contents/Developer/Platforms/MacOSX.platform/Developer/SDKs/MacOSX26.1.sdk/usr/include/netinet6/ah.h
/Applications/Xcode.app/Contents/Developer/Platforms/MacOSX.platform/Developer/SDKs/MacOSX26.1.sdk/usr/include/netinet6/esp.h
/Applications/Xcode.app/Contents/Developer/Platforms/MacOSX.platform/Developer/SDKs/MacOSX26.1.sdk/usr/include/netinet6/ipcomp.h
/Applications/Xcode.app/Contents/Developer/Platforms/MacOSX.platform/Developer/SDKs/MacOSX26.1.sdk/usr/include/netinet6/ipsec.h
/Applications/Xcode.app/Contents/Developer/Platforms/MacOSX.platform/Developer/SDKs/MacOSX26.1.sdk/usr/include/netinet6/raw_ip6.h
/Applications/Xcode.app/Contents/Developer/Platforms/MacOSX.platform/Developer/SDKs/MacOSX26.1.sdk/usr/include/printerdb.h
/Applications/Xcode.app/Contents/Developer/Platforms/MacOSX.platform/Developer/SDKs/MacOSX26.1.sdk/usr/include/sys/_structs.h
/Applications/Xcode.app/Contents/Developer/Platforms/MacOSX.platform/Developer/SDKs/MacOSX26.1.sdk/usr/include/sys/acct.h
/Applications/Xcode.app/Contents/Developer/Platforms/MacOSX.platform/Developer/SDKs/MacOSX26.1.sdk/usr/include/sys/acl.h
/Applications/Xcode.app/Contents/Developer/Platforms/MacOSX.platform/Developer/SDKs/MacOSX26.1.sdk/usr/include/sys/kauth.h
/Applications/Xcode.app/Contents/Developer/Platforms/MacOSX.platform/Developer/SDKs/MacOSX26.1.sdk/usr/include/sys/buf.h
/Applications/Xcode.app/Contents/Developer/Platforms/MacOSX.platform/Developer/SDKs/MacOSX26.1.sdk/usr/include/sys/kernel_types.h
/Applications/Xcode.app/Contents/Developer/Platforms/MacOSX.platform/Developer/SDKs/MacOSX26.1.sdk/usr/include/sys/clonefile.h
/Applications/Xcode.app/Contents/Developer/Platforms/MacOSX.platform/Developer/SDKs/MacOSX26.1.sdk/usr/include/sys/commpage.h
/Applications/Xcode.app/Contents/Developer/Platforms/MacOSX.platform/Developer/SDKs/MacOSX26.1.sdk/usr/include/sys/conf.h
/Applications/Xcode.app/Contents/Developer/Platforms/MacOSX.platform/Developer/SDKs/MacOSX26.1.sdk/usr/include/sys/disk.h
/Applications/Xcode.app/Contents/Developer/Platforms/MacOSX.platform/Developer/SDKs/MacOSX26.1.sdk/usr/include/sys/dkstat.h
/Applications/Xcode.app/Contents/Developer/Platforms/MacOSX.platform/Developer/SDKs/MacOSX26.1.sdk/usr/include/sys/domain.h
/Applications/Xcode.app/Contents/Developer/Platforms/MacOSX.platform/Developer/SDKs/MacOSX26.1.sdk/usr/include/sys/ev.h
/Applications/Xcode.app/Contents/Developer/Platforms/MacOSX.platform/Developer/SDKs/MacOSX26.1.sdk/usr/include/sys/file.h
/Applications/Xcode.app/Contents/Developer/Platforms/MacOSX.platform/Developer/SDKs/MacOSX26.1.sdk/usr/include/sys/filedesc.h
/Applications/Xcode.app/Contents/Developer/Platforms/MacOSX.platform/Developer/SDKs/MacOSX26.1.sdk/usr/include/sys/fileport.h
/Applications/Xcode.app/Contents/Developer/Platforms/MacOSX.platform/Developer/SDKs/MacOSX26.1.sdk/usr/include/sys/fsgetpath.h
/Applications/Xcode.app/Contents/Developer/Platforms/MacOSX.platform/Developer/SDKs/MacOSX26.1.sdk/usr/include/sys/gmon.h
/Applications/Xcode.app/Contents/Developer/Platforms/MacOSX.platform/Developer/SDKs/MacOSX26.1.sdk/usr/include/sys/ioctl_compat.h
/Applications/Xcode.app/Contents/Developer/Platforms/MacOSX.platform/Developer/SDKs/MacOSX26.1.sdk/usr/include/sys/ttychars.h
/Applications/Xcode.app/Contents/Developer/Platforms/MacOSX.platform/Developer/SDKs/MacOSX26.1.sdk/usr/include/sys/ttydev.h
/Applications/Xcode.app/Contents/Developer/Platforms/MacOSX.platform/Developer/SDKs/MacOSX26.1.sdk/usr/include/sys/kdebug.h
/Applications/Xcode.app/Contents/Developer/Platforms/MacOSX.platform/Developer/SDKs/MacOSX26.1.sdk/usr/include/sys/kdebug_signpost.h
/Applications/Xcode.app/Contents/Developer/Platforms/MacOSX.platform/Developer/SDKs/MacOSX26.1.sdk/usr/include/sys/lctx.h
/Applications/Xcode.app/Contents/Developer/Platforms/MacOSX.platform/Developer/SDKs/MacOSX26.1.sdk/usr/include/sys/mbuf.h
/Applications/Xcode.app/Contents/Developer/Platforms/MacOSX.platform/Developer/SDKs/MacOSX26.1.sdk/usr/include/sys/msgbuf.h
/Applications/Xcode.app/Contents/Developer/Platforms/MacOSX.platform/Developer/SDKs/MacOSX26.1.sdk/usr/include/sys/netport.h
/Applications/Xcode.app/Contents/Developer/Platforms/MacOSX.platform/Developer/SDKs/MacOSX26.1.sdk/usr/include/sys/paths.h
/Applications/Xcode.app/Contents/Developer/Platforms/MacOSX.platform/Developer/SDKs/MacOSX26.1.sdk/usr/include/sys/pipe.h
/Applications/Xcode.app/Contents/Developer/Platforms/MacOSX.platform/Developer/SDKs/MacOSX26.1.sdk/usr/include/sys/quota.h
/Applications/Xcode.app/Contents/Developer/Platforms/MacOSX.platform/Developer/SDKs/MacOSX26.1.sdk/usr/include/sys/rbtree.h
/Applications/Xcode.app/Contents/Developer/Platforms/MacOSX.platform/Developer/SDKs/MacOSX26.1.sdk/usr/include/sys/reboot.h
/Applications/Xcode.app/Contents/Developer/Platforms/MacOSX.platform/Developer/SDKs/MacOSX26.1.sdk/usr/include/sys/resourcevar.h
/Applications/Xcode.app/Contents/Developer/Platforms/MacOSX.platform/Developer/SDKs/MacOSX26.1.sdk/usr/include/sys/sbuf.h
/Applications/Xcode.app/Contents/Developer/Platforms/MacOSX.platform/Developer/SDKs/MacOSX26.1.sdk/usr/include/sys/signalvar.h
/Applications/Xcode.app/Contents/Developer/Platforms/MacOSX.platform/Developer/SDKs/MacOSX26.1.sdk/usr/include/sys/syscall.h
/Applications/Xcode.app/Contents/Developer/Platforms/MacOSX.platform/Developer/SDKs/MacOSX26.1.sdk/usr/include/sys/timeb.h
/Applications/Xcode.app/Contents/Developer/Platforms/MacOSX.platform/Developer/SDKs/MacOSX26.1.sdk/usr/include/sys/trace.h
/Applications/Xcode.app/Contents/Developer/Platforms/MacOSX.platform/Developer/SDKs/MacOSX26.1.sdk/usr/include/sys/tty.h
/Applications/Xcode.app/Contents/Developer/Platforms/MacOSX.platform/Developer/SDKs/MacOSX26.1.sdk/usr/include/sys/ucontext.h
/Applications/Xcode.app/Contents/Developer/Platforms/MacOSX.platform/Developer/SDKs/MacOSX26.1.sdk/usr/include/sys/unpcb.h
/Applications/Xcode.app/Contents/Developer/Platforms/MacOSX.platform/Developer/SDKs/MacOSX26.1.sdk/usr/include/sys/user.h
/Applications/Xcode.app/Contents/Developer/Platforms/MacOSX.platform/Developer/SDKs/MacOSX26.1.sdk/usr/include/sys/utfconv.h
/Applications/Xcode.app/Contents/Developer/Platforms/MacOSX.platform/Developer/SDKs/MacOSX26.1.sdk/usr/include/sys/vcmd.h
/Applications/Xcode.app/Contents/Developer/Platforms/MacOSX.platform/Developer/SDKs/MacOSX26.1.sdk/usr/include/sys/vnode.h
/Applications/Xcode.app/Contents/Developer/Platforms/MacOSX.platform/Developer/SDKs/MacOSX26.1.sdk/usr/include/_modules/_darwin_sys_signal.h
/Applications/Xcode.app/Contents/Developer/Platforms/MacOSX.platform/Developer/SDKs/MacOSX26.1.sdk/usr/include/sysdir.h
/Applications/Xcode.app/Contents/Developer/Platforms/MacOSX.platform/Developer/SDKs/MacOSX26.1.sdk/usr/include/libc.h
/Applications/Xcode.app/Contents/Developer/Platforms/MacOSX.platform/Developer/SDKs/MacOSX26.1.sdk/usr/include/paths.h
/Applications/Xcode.app/Contents/Developer/Platforms/MacOSX.platform/Developer/SDKs/MacOSX26.1.sdk/usr/include/sysexits.h
/Applications/Xcode.app/Contents/Developer/Platforms/MacOSX.platform/Developer/SDKs/MacOSX26.1.sdk/SDKSettings.json
/Applications/Xcode.app/Contents/Developer/Toolchains/XcodeDefault.xctoolchain/usr/lib/swift/macosx/prebuilt-modules/26.1/Darwin.swiftmodule/arm64e-apple-macos.swiftmodule
/Applications/Xcode.app/Contents/Developer/Platforms/MacOSX.platform/Developer/SDKs/MacOSX26.1.sdk/System/Library/Frameworks/DiskArbitration.framework/Modules/module.modulemap
/Applications/Xcode.app/Contents/Developer/Platforms/MacOSX.platform/Developer/SDKs/MacOSX26.1.sdk/System/Library/Frameworks/DiskArbitration.framework/Headers/DiskArbitration.h
/Applications/Xcode.app/Contents/Developer/Platforms/MacOSX.platform/Developer/SDKs/MacOSX26.1.sdk/System/Library/Frameworks/CoreFoundation.framework/Modules/module.modulemap
/Applications/Xcode.app/Contents/Developer/Platforms/MacOSX.platform/Developer/SDKs/MacOSX26.1.sdk/usr/include/Darwin.modulemap
/Applications/Xcode.app/Contents/Developer/Platforms/MacOSX.platform/Developer/SDKs/MacOSX26.1.sdk/usr/include/DarwinFoundation1.modulemap
/Applications/Xcode.app/Contents/Developer/Platforms/MacOSX.platform/Developer/SDKs/MacOSX26.1.sdk/System/Library/Frameworks/DiskArbitration.framework/Headers/DADisk.h
/Applications/Xcode.app/Contents/Developer/Platforms/MacOSX.platform/Developer/SDKs/MacOSX26.1.sdk/System/Library/Frameworks/IOKit.framework/Modules/module.modulemap
/Applications/Xcode.app/Contents/Developer/Platforms/MacOSX.platform/Developer/SDKs/MacOSX26.1.sdk/System/Library/Frameworks/DiskArbitration.framework/Headers/DASession.h
/Applications/Xcode.app/Contents/Developer/Platforms/MacOSX.platform/Developer/SDKs/MacOSX26.1.sdk/System/Library/Frameworks/DiskArbitration.framework/Headers/DADissenter.h
/Applications/Xcode.app/Contents/Developer/Platforms/MacOSX.platform/Developer/SDKs/MacOSX26.1.sdk/SDKSettings.json
/Applications/Xcode.app/Contents/Developer/Platforms/MacOSX.platform/Developer/SDKs/MacOSX26.1.sdk/usr/include/Dispatch.apinotes
/Applications/Xcode.app/Contents/Developer/Platforms/MacOSX.platform/Developer/SDKs/MacOSX26.1.sdk/usr/include/dispatch.modulemap
/Applications/Xcode.app/Contents/Developer/Platforms/MacOSX.platform/Developer/SDKs/MacOSX26.1.sdk/usr/include/os.modulemap
/Applications/Xcode.app/Contents/Developer/Platforms/MacOSX.platform/Developer/SDKs/MacOSX26.1.sdk/usr/include/Darwin.modulemap
/Applications/Xcode.app/Contents/Developer/Platforms/MacOSX.platform/Developer/SDKs/MacOSX26.1.sdk/usr/include/Darwin_C.modulemap
/Applications/Xcode.app/Contents/Developer/Platforms/MacOSX.platform/Developer/SDKs/MacOSX26.1.sdk/usr/include/Darwin_POSIX.modulemap
/Applications/Xcode.app/Contents/Developer/Platforms/MacOSX.platform/Developer/SDKs/MacOSX26.1.sdk/usr/include/net.modulemap
/Applications/Xcode.app/Contents/Developer/Platforms/MacOSX.platform/Developer/SDKs/MacOSX26.1.sdk/usr/include/netinet.modulemap
/Applications/Xcode.app/Contents/Developer/Platforms/MacOSX.platform/Developer/SDKs/MacOSX26.1.sdk/usr/include/bank.modulemap
/Applications/Xcode.app/Contents/Developer/Platforms/MacOSX.platform/Developer/SDKs/MacOSX26.1.sdk/usr/include/Darwin_Mach.modulemap
/Applications/Xcode.app/Contents/Developer/Platforms/MacOSX.platform/Developer/SDKs/MacOSX26.1.sdk/usr/include/Darwin_Mach_machine.modulemap
/Applications/Xcode.app/Contents/Developer/Platforms/MacOSX.platform/Developer/SDKs/MacOSX26.1.sdk/usr/include/mach_debug.modulemap
/Applications/Xcode.app/Contents/Developer/Platforms/MacOSX.platform/Developer/SDKs/MacOSX26.1.sdk/usr/include/device.modulemap
/Applications/Xcode.app/Contents/Developer/Platforms/MacOSX.platform/Developer/SDKs/MacOSX26.1.sdk/usr/include/Darwin_machine.modulemap
/Applications/Xcode.app/Contents/Developer/Platforms/MacOSX.platform/Developer/SDKs/MacOSX26.1.sdk/usr/include/ncurses.modulemap
/Applications/Xcode.app/Contents/Developer/Platforms/MacOSX.platform/Developer/SDKs/MacOSX26.1.sdk/usr/include/netinet6.modulemap
/Applications/Xcode.app/Contents/Developer/Platforms/MacOSX.platform/Developer/SDKs/MacOSX26.1.sdk/usr/include/Darwin_sys.modulemap
/Applications/Xcode.app/Contents/Developer/Platforms/MacOSX.platform/Developer/SDKs/MacOSX26.1.sdk/usr/include/uuid.modulemap
/Applications/Xcode.app/Contents/Developer/Platforms/MacOSX.platform/Developer/SDKs/MacOSX26.1.sdk/usr/include/DarwinFoundation2.modulemap
/Applications/Xcode.app/Contents/Developer/Platforms/MacOSX.platform/Developer/SDKs/MacOSX26.1.sdk/usr/include/DarwinFoundation3.modulemap
/Applications/Xcode.app/Contents/Developer/Platforms/MacOSX.platform/Developer/SDKs/MacOSX26.1.sdk/usr/include/DarwinFoundation1.modulemap
/Applications/Xcode.app/Contents/Developer/Platforms/MacOSX.platform/Developer/SDKs/MacOSX26.1.sdk/usr/include/dispatch/dispatch.h
/Applications/Xcode.app/Contents/Developer/Toolchains/XcodeDefault.xctoolchain/usr/lib/swift/clang/include/module.modulemap
/Applications/Xcode.app/Contents/Developer/Toolchains/XcodeDefault.xctoolchain/usr/lib/swift/clang/include/stddef.h
/Applications/Xcode.app/Contents/Developer/Toolchains/XcodeDefault.xctoolchain/usr/lib/swift/clang/include/stdarg.h
/Applications/Xcode.app/Contents/Developer/Platforms/MacOSX.platform/Developer/SDKs/MacOSX26.1.sdk/usr/include/string.h
/Applications/Xcode.app/Contents/Developer/Platforms/MacOSX.platform/Developer/SDKs/MacOSX26.1.sdk/usr/include/dispatch/base.h
/Applications/Xcode.app/Contents/Developer/Platforms/MacOSX.platform/Developer/SDKs/MacOSX26.1.sdk/usr/include/dispatch/time.h
/Applications/Xcode.app/Contents/Developer/Platforms/MacOSX.platform/Developer/SDKs/MacOSX26.1.sdk/usr/include/dispatch/object.h
/Applications/Xcode.app/Contents/Developer/Platforms/MacOSX.platform/Developer/SDKs/MacOSX26.1.sdk/usr/include/dispatch/queue.h
/Applications/Xcode.app/Contents/Developer/Platforms/MacOSX.platform/Developer/SDKs/MacOSX26.1.sdk/usr/include/dispatch/block.h
/Applications/Xcode.app/Contents/Developer/Platforms/MacOSX.platform/Developer/SDKs/MacOSX26.1.sdk/usr/include/dispatch/source.h
/Applications/Xcode.app/Contents/Developer/Platforms/MacOSX.platform/Developer/SDKs/MacOSX26.1.sdk/usr/include/dispatch/group.h
/Applications/Xcode.app/Contents/Developer/Platforms/MacOSX.platform/Developer/SDKs/MacOSX26.1.sdk/usr/include/dispatch/semaphore.h
/Applications/Xcode.app/Contents/Developer/Platforms/MacOSX.platform/Developer/SDKs/MacOSX26.1.sdk/usr/include/dispatch/once.h
/Applications/Xcode.app/Contents/Developer/Platforms/MacOSX.platform/Developer/SDKs/MacOSX26.1.sdk/usr/include/dispatch/data.h
/Applications/Xcode.app/Contents/Developer/Platforms/MacOSX.platform/Developer/SDKs/MacOSX26.1.sdk/usr/include/dispatch/io.h
/Applications/Xcode.app/Contents/Developer/Platforms/MacOSX.platform/Developer/SDKs/MacOSX26.1.sdk/usr/include/dispatch/workloop.h
/Applications/Xcode.app/Contents/Developer/Platforms/MacOSX.platform/Developer/SDKs/MacOSX26.1.sdk/usr/include/dispatch/dispatch_swift_shims.h
/Applications/Xcode.app/Contents/Developer/Platforms/MacOSX.platform/Developer/SDKs/MacOSX26.1.sdk/SDKSettings.json
/Applications/Xcode.app/Contents/Developer/Toolchains/XcodeDefault.xctoolchain/usr/lib/swift/macosx/prebuilt-modules/26.1/Dispatch.swiftmodule/arm64e-apple-macos.swiftmodule
/Applications/Xcode.app/Contents/Developer/Toolchains/XcodeDefault.xctoolchain/usr/lib/swift/macosx/prebuilt-modules/26.1/Foundation.swiftmodule/arm64e-apple-macos.swiftmodule
/Applications/Xcode.app/Contents/Developer/Platforms/MacOSX.platform/Developer/SDKs/MacOSX26.1.sdk/System/Library/Frameworks/Foundation.framework/Headers/Foundation.apinotes
/Applications/Xcode.app/Contents/Developer/Platforms/MacOSX.platform/Developer/SDKs/MacOSX26.1.sdk/System/Library/Frameworks/Foundation.framework/Modules/module.modulemap
/Applications/Xcode.app/Contents/Developer/Platforms/MacOSX.platform/Developer/SDKs/MacOSX26.1.sdk/System/Library/Frameworks/Foundation.framework/Headers/Foundation.h
/Applications/Xcode.app/Contents/Developer/Platforms/MacOSX.platform/Developer/SDKs/MacOSX26.1.sdk/System/Library/Frameworks/CoreFoundation.framework/Modules/module.modulemap
/Applications/Xcode.app/Contents/Developer/Platforms/MacOSX.platform/Developer/SDKs/MacOSX26.1.sdk/System/Library/Frameworks/Foundation.framework/Headers/NSObjCRuntime.h
/Applications/Xcode.app/Contents/Developer/Platforms/MacOSX.platform/Developer/SDKs/MacOSX26.1.sdk/usr/include/xpc.modulemap
/Applications/Xcode.app/Contents/Developer/Platforms/MacOSX.platform/Developer/SDKs/MacOSX26.1.sdk/usr/include/dispatch.modulemap
/Applications/Xcode.app/Contents/Developer/Platforms/MacOSX.platform/Developer/SDKs/MacOSX26.1.sdk/usr/include/ObjectiveC.modulemap
/Applications/Xcode.app/Contents/Developer/Platforms/MacOSX.platform/Developer/SDKs/MacOSX26.1.sdk/usr/include/Darwin.modulemap
/Applications/Xcode.app/Contents/Developer/Platforms/MacOSX.platform/Developer/SDKs/MacOSX26.1.sdk/usr/include/DarwinFoundation1.modulemap
/Applications/Xcode.app/Contents/Developer/Toolchains/XcodeDefault.xctoolchain/usr/lib/swift/clang/include/module.modulemap
/Applications/Xcode.app/Contents/Developer/Toolchains/XcodeDefault.xctoolchain/usr/lib/swift/clang/include/stdarg.h
/Applications/Xcode.app/Contents/Developer/Platforms/MacOSX.platform/Developer/SDKs/MacOSX26.1.sdk/System/Library/Frameworks/Foundation.framework/Headers/NSArray.h
/Applications/Xcode.app/Contents/Developer/Platforms/MacOSX.platform/Developer/SDKs/MacOSX26.1.sdk/System/Library/Frameworks/Foundation.framework/Headers/NSObject.h
/Applications/Xcode.app/Contents/Developer/Platforms/MacOSX.platform/Developer/SDKs/MacOSX26.1.sdk/System/Library/Frameworks/Foundation.framework/Headers/NSZone.h
/Applications/Xcode.app/Contents/Developer/Toolchains/XcodeDefault.xctoolchain/usr/lib/swift/clang/include/stddef.h
/Applications/Xcode.app/Contents/Developer/Platforms/MacOSX.platform/Developer/SDKs/MacOSX26.1.sdk/System/Library/Frameworks/Foundation.framework/Headers/NSEnumerator.h
/Applications/Xcode.app/Contents/Developer/Platforms/MacOSX.platform/Developer/SDKs/MacOSX26.1.sdk/System/Library/Frameworks/Foundation.framework/Headers/NSRange.h
/Applications/Xcode.app/Contents/Developer/Platforms/MacOSX.platform/Developer/SDKs/MacOSX26.1.sdk/System/Library/Frameworks/Foundation.framework/Headers/NSValue.h
/Applications/Xcode.app/Contents/Developer/Platforms/MacOSX.platform/Developer/SDKs/MacOSX26.1.sdk/System/Library/Frameworks/Foundation.framework/Headers/NSOrderedCollectionDifference.h
/Applications/Xcode.app/Contents/Developer/Platforms/MacOSX.platform/Developer/SDKs/MacOSX26.1.sdk/System/Library/Frameworks/Foundation.framework/Headers/NSOrderedCollectionChange.h
/Applications/Xcode.app/Contents/Developer/Platforms/MacOSX.platform/Developer/SDKs/MacOSX26.1.sdk/System/Library/Frameworks/Foundation.framework/Headers/NSIndexSet.h
/Applications/Xcode.app/Contents/Developer/Platforms/MacOSX.platform/Developer/SDKs/MacOSX26.1.sdk/System/Library/Frameworks/Foundation.framework/Headers/NSAutoreleasePool.h
/Applications/Xcode.app/Contents/Developer/Platforms/MacOSX.platform/Developer/SDKs/MacOSX26.1.sdk/System/Library/Frameworks/Foundation.framework/Headers/NSBundle.h
/Applications/Xcode.app/Contents/Developer/Platforms/MacOSX.platform/Developer/SDKs/MacOSX26.1.sdk/System/Library/Frameworks/Foundation.framework/Headers/NSString.h
/Applications/Xcode.app/Contents/Developer/Platforms/MacOSX.platform/Developer/SDKs/MacOSX26.1.sdk/System/Library/Frameworks/Foundation.framework/Headers/NSItemProvider.h
/Applications/Xcode.app/Contents/Developer/Platforms/MacOSX.platform/Developer/SDKs/MacOSX26.1.sdk/System/Library/Frameworks/Foundation.framework/Headers/NSDictionary.h
/Applications/Xcode.app/Contents/Developer/Platforms/MacOSX.platform/Developer/SDKs/MacOSX26.1.sdk/System/Library/Frameworks/Foundation.framework/Headers/NSSet.h
/Applications/Xcode.app/Contents/Developer/Platforms/MacOSX.platform/Developer/SDKs/MacOSX26.1.sdk/System/Library/Frameworks/Foundation.framework/Headers/NSProgress.h
/Applications/Xcode.app/Contents/Developer/Platforms/MacOSX.platform/Developer/SDKs/MacOSX26.1.sdk/System/Library/Frameworks/Foundation.framework/Headers/NSNotification.h
/Applications/Xcode.app/Contents/Developer/Platforms/MacOSX.platform/Developer/SDKs/MacOSX26.1.sdk/System/Library/Frameworks/Foundation.framework/Headers/NSByteOrder.h
/Applications/Xcode.app/Contents/Developer/Platforms/MacOSX.platform/Developer/SDKs/MacOSX26.1.sdk/System/Library/Frameworks/Foundation.framework/Headers/NSCalendar.h
/Applications/Xcode.app/Contents/Developer/Platforms/MacOSX.platform/Developer/SDKs/MacOSX26.1.sdk/System/Library/Frameworks/Foundation.framework/Headers/NSDate.h
/Applications/Xcode.app/Contents/Developer/Platforms/MacOSX.platform/Developer/SDKs/MacOSX26.1.sdk/System/Library/Frameworks/Foundation.framework/Headers/NSCharacterSet.h
/Applications/Xcode.app/Contents/Developer/Platforms/MacOSX.platform/Developer/SDKs/MacOSX26.1.sdk/System/Library/Frameworks/Foundation.framework/Headers/NSCoder.h
/Applications/Xcode.app/Contents/Developer/Platforms/MacOSX.platform/Developer/SDKs/MacOSX26.1.sdk/System/Library/Frameworks/Foundation.framework/Headers/NSData.h
/Applications/Xcode.app/Contents/Developer/Platforms/MacOSX.platform/Developer/SDKs/MacOSX26.1.sdk/System/Library/Frameworks/Foundation.framework/Headers/NSDateInterval.h
/Applications/Xcode.app/Contents/Developer/Platforms/MacOSX.platform/Developer/SDKs/MacOSX26.1.sdk/System/Library/Frameworks/Foundation.framework/Headers/NSDateFormatter.h
/Applications/Xcode.app/Contents/Developer/Platforms/MacOSX.platform/Developer/SDKs/MacOSX26.1.sdk/System/Library/Frameworks/Foundation.framework/Headers/NSFormatter.h
/Applications/Xcode.app/Contents/Developer/Platforms/MacOSX.platform/Developer/SDKs/MacOSX26.1.sdk/System/Library/Frameworks/Foundation.framework/Headers/NSAttributedString.h
/Applications/Xcode.app/Contents/Developer/Platforms/MacOSX.platform/Developer/SDKs/MacOSX26.1.sdk/System/Library/Frameworks/Foundation.framework/Headers/NSDateIntervalFormatter.h
/Applications/Xcode.app/Contents/Developer/Platforms/MacOSX.platform/Developer/SDKs/MacOSX26.1.sdk/System/Library/Frameworks/Foundation.framework/Headers/NSISO8601DateFormatter.h
/Applications/Xcode.app/Contents/Developer/Platforms/MacOSX.platform/Developer/SDKs/MacOSX26.1.sdk/System/Library/Frameworks/Foundation.framework/Headers/NSMassFormatter.h
/Applications/Xcode.app/Contents/Developer/Platforms/MacOSX.platform/Developer/SDKs/MacOSX26.1.sdk/System/Library/Frameworks/Foundation.framework/Headers/NSLengthFormatter.h
/Applications/Xcode.app/Contents/Developer/Platforms/MacOSX.platform/Developer/SDKs/MacOSX26.1.sdk/System/Library/Frameworks/Foundation.framework/Headers/NSEnergyFormatter.h
/Applications/Xcode.app/Contents/Developer/Platforms/MacOSX.platform/Developer/SDKs/MacOSX26.1.sdk/System/Library/Frameworks/Foundation.framework/Headers/NSMeasurementFormatter.h
/Applications/Xcode.app/Contents/Developer/Platforms/MacOSX.platform/Developer/SDKs/MacOSX26.1.sdk/System/Library/Frameworks/Foundation.framework/Headers/NSNumberFormatter.h
/Applications/Xcode.app/Contents/Developer/Platforms/MacOSX.platform/Developer/SDKs/MacOSX26.1.sdk/System/Library/Frameworks/Foundation.framework/Headers/NSMeasurement.h
/Applications/Xcode.app/Contents/Developer/Platforms/MacOSX.platform/Developer/SDKs/MacOSX26.1.sdk/System/Library/Frameworks/Foundation.framework/Headers/NSUnit.h
/Applications/Xcode.app/Contents/Developer/Platforms/MacOSX.platform/Developer/SDKs/MacOSX26.1.sdk/System/Library/Frameworks/Foundation.framework/Headers/NSLocale.h
/Applications/Xcode.app/Contents/Developer/Platforms/MacOSX.platform/Developer/SDKs/MacOSX26.1.sdk/System/Library/Frameworks/Foundation.framework/Headers/NSPersonNameComponents.h
/Applications/Xcode.app/Contents/Developer/Platforms/MacOSX.platform/Developer/SDKs/MacOSX26.1.sdk/System/Library/Frameworks/Foundation.framework/Headers/NSPersonNameComponentsFormatter.h
/Applications/Xcode.app/Contents/Developer/Platforms/MacOSX.platform/Developer/SDKs/MacOSX26.1.sdk/System/Library/Frameworks/Foundation.framework/Headers/NSRelativeDateTimeFormatter.h
/Applications/Xcode.app/Contents/Developer/Platforms/MacOSX.platform/Developer/SDKs/MacOSX26.1.sdk/System/Library/Frameworks/Foundation.framework/Headers/NSListFormatter.h
/Applications/Xcode.app/Contents/Developer/Platforms/MacOSX.platform/Developer/SDKs/MacOSX26.1.sdk/System/Library/Frameworks/Foundation.framework/Headers/NSDecimal.h
/Applications/Xcode.app/Contents/Developer/Platforms/MacOSX.platform/Developer/SDKs/MacOSX26.1.sdk/System/Library/Frameworks/Foundation.framework/Headers/NSDecimalNumber.h
/Applications/Xcode.app/Contents/Developer/Platforms/MacOSX.platform/Developer/SDKs/MacOSX26.1.sdk/System/Library/Frameworks/Foundation.framework/Headers/NSScanner.h
/Applications/Xcode.app/Contents/Developer/Platforms/MacOSX.platform/Developer/SDKs/MacOSX26.1.sdk/System/Library/Frameworks/Foundation.framework/Headers/NSException.h
/Applications/Xcode.app/Contents/Developer/Platforms/MacOSX.platform/Developer/SDKs/MacOSX26.1.sdk/System/Library/Frameworks/Foundation.framework/Headers/NSError.h
/Applications/Xcode.app/Contents/Developer/Platforms/MacOSX.platform/Developer/SDKs/MacOSX26.1.sdk/System/Library/Frameworks/Foundation.framework/Headers/NSFileHandle.h
/Applications/Xcode.app/Contents/Developer/Platforms/MacOSX.platform/Developer/SDKs/MacOSX26.1.sdk/System/Library/Frameworks/Foundation.framework/Headers/NSRunLoop.h
/Applications/Xcode.app/Contents/Developer/Platforms/MacOSX.platform/Developer/SDKs/MacOSX26.1.sdk/System/Library/Frameworks/Foundation.framework/Headers/NSFileManager.h
/Applications/Xcode.app/Contents/Developer/Platforms/MacOSX.platform/Developer/SDKs/MacOSX26.1.sdk/System/Library/Frameworks/Foundation.framework/Headers/NSPathUtilities.h
/Applications/Xcode.app/Contents/Developer/Platforms/MacOSX.platform/Developer/SDKs/MacOSX26.1.sdk/System/Library/Frameworks/Foundation.framework/Headers/NSURL.h
/Applications/Xcode.app/Contents/Developer/Platforms/MacOSX.platform/Developer/SDKs/MacOSX26.1.sdk/System/Library/Frameworks/Foundation.framework/Headers/NSURLHandle.h
/Applications/Xcode.app/Contents/Developer/Platforms/MacOSX.platform/Developer/SDKs/MacOSX26.1.sdk/System/Library/Frameworks/Foundation.framework/Headers/NSHashTable.h
/Applications/Xcode.app/Contents/Developer/Platforms/MacOSX.platform/Developer/SDKs/MacOSX26.1.sdk/System/Library/Frameworks/Foundation.framework/Headers/NSPointerFunctions.h
/Applications/Xcode.app/Contents/Developer/Platforms/MacOSX.platform/Developer/SDKs/MacOSX26.1.sdk/System/Library/Frameworks/Foundation.framework/Headers/NSHTTPCookie.h
/Applications/Xcode.app/Contents/Developer/Platforms/MacOSX.platform/Developer/SDKs/MacOSX26.1.sdk/System/Library/Frameworks/Foundation.framework/Headers/NSHTTPCookieStorage.h
/Applications/Xcode.app/Contents/Developer/Platforms/MacOSX.platform/Developer/SDKs/MacOSX26.1.sdk/System/Library/Frameworks/Foundation.framework/Headers/NSIndexPath.h
/Applications/Xcode.app/Contents/Developer/Platforms/MacOSX.platform/Developer/SDKs/MacOSX26.1.sdk/System/Library/Frameworks/Foundation.framework/Headers/NSInflectionRule.h
/Applications/Xcode.app/Contents/Developer/Platforms/MacOSX.platform/Developer/SDKs/MacOSX26.1.sdk/System/Library/Frameworks/Foundation.framework/Headers/NSInvocation.h
/Applications/Xcode.app/Contents/Developer/Platforms/MacOSX.platform/Developer/SDKs/MacOSX26.1.sdk/System/Library/Frameworks/Foundation.framework/Headers/NSJSONSerialization.h
/Applications/Xcode.app/Contents/Developer/Platforms/MacOSX.platform/Developer/SDKs/MacOSX26.1.sdk/System/Library/Frameworks/Foundation.framework/Headers/NSKeyValueCoding.h
/Applications/Xcode.app/Contents/Developer/Platforms/MacOSX.platform/Developer/SDKs/MacOSX26.1.sdk/System/Library/Frameworks/Foundation.framework/Headers/NSOrderedSet.h
/Applications/Xcode.app/Contents/Developer/Platforms/MacOSX.platform/Developer/SDKs/MacOSX26.1.sdk/System/Library/Frameworks/Foundation.framework/Headers/NSKeyValueObserving.h
/Applications/Xcode.app/Contents/Developer/Platforms/MacOSX.platform/Developer/SDKs/MacOSX26.1.sdk/System/Library/Frameworks/Foundation.framework/Headers/NSKeyValueSharedObservers.h
/Applications/Xcode.app/Contents/Developer/Platforms/MacOSX.platform/Developer/SDKs/MacOSX26.1.sdk/System/Library/Frameworks/Foundation.framework/Headers/NSKeyedArchiver.h
/Applications/Xcode.app/Contents/Developer/Platforms/MacOSX.platform/Developer/SDKs/MacOSX26.1.sdk/System/Library/Frameworks/Foundation.framework/Headers/NSPropertyList.h
/Applications/Xcode.app/Contents/Developer/Platforms/MacOSX.platform/Developer/SDKs/MacOSX26.1.sdk/System/Library/Frameworks/Foundation.framework/Headers/NSGeometry.h
/Applications/Xcode.app/Contents/Developer/Platforms/MacOSX.platform/Developer/SDKs/MacOSX26.1.sdk/System/Library/Frameworks/Foundation.framework/Headers/NSLock.h
/Applications/Xcode.app/Contents/Developer/Platforms/MacOSX.platform/Developer/SDKs/MacOSX26.1.sdk/System/Library/Frameworks/Foundation.framework/Headers/NSMapTable.h
/Applications/Xcode.app/Contents/Developer/Platforms/MacOSX.platform/Developer/SDKs/MacOSX26.1.sdk/System/Library/Frameworks/Foundation.framework/Headers/NSMethodSignature.h
/Applications/Xcode.app/Contents/Developer/Platforms/MacOSX.platform/Developer/SDKs/MacOSX26.1.sdk/System/Library/Frameworks/Foundation.framework/Headers/NSMorphology.h
/Applications/Xcode.app/Contents/Developer/Platforms/MacOSX.platform/Developer/SDKs/MacOSX26.1.sdk/System/Library/Frameworks/Foundation.framework/Headers/NSTermOfAddress.h
/Applications/Xcode.app/Contents/Developer/Platforms/MacOSX.platform/Developer/SDKs/MacOSX26.1.sdk/System/Library/Frameworks/Foundation.framework/Headers/NSNotificationQueue.h
/Applications/Xcode.app/Contents/Developer/Platforms/MacOSX.platform/Developer/SDKs/MacOSX26.1.sdk/System/Library/Frameworks/Foundation.framework/Headers/NSNull.h
/Applications/Xcode.app/Contents/Developer/Platforms/MacOSX.platform/Developer/SDKs/MacOSX26.1.sdk/System/Library/Frameworks/Foundation.framework/Headers/NSLocalizedNumberFormatRule.h
/Applications/Xcode.app/Contents/Developer/Platforms/MacOSX.platform/Developer/SDKs/MacOSX26.1.sdk/System/Library/Frameworks/Foundation.framework/Headers/NSOperation.h
/Applications/Xcode.app/Contents/Developer/Platforms/MacOSX.platform/Developer/SDKs/MacOSX26.1.sdk/System/Library/Frameworks/Foundation.framework/Headers/NSOrthography.h
/Applications/Xcode.app/Contents/Developer/Platforms/MacOSX.platform/Developer/SDKs/MacOSX26.1.sdk/System/Library/Frameworks/Foundation.framework/Headers/NSPointerArray.h
/Applications/Xcode.app/Contents/Developer/Platforms/MacOSX.platform/Developer/SDKs/MacOSX26.1.sdk/System/Library/Frameworks/Foundation.framework/Headers/NSPort.h
/Applications/Xcode.app/Contents/Developer/Platforms/MacOSX.platform/Developer/SDKs/MacOSX26.1.sdk/System/Library/Frameworks/Foundation.framework/Headers/NSProcessInfo.h
/Applications/Xcode.app/Contents/Developer/Platforms/MacOSX.platform/Developer/SDKs/MacOSX26.1.sdk/System/Library/Frameworks/Foundation.framework/Headers/NSProxy.h
/Applications/Xcode.app/Contents/Developer/Platforms/MacOSX.platform/Developer/SDKs/MacOSX26.1.sdk/System/Library/Frameworks/Foundation.framework/Headers/NSRegularExpression.h
/Applications/Xcode.app/Contents/Developer/Platforms/MacOSX.platform/Developer/SDKs/MacOSX26.1.sdk/System/Library/Frameworks/Foundation.framework/Headers/NSTextCheckingResult.h
/Applications/Xcode.app/Contents/Developer/Platforms/MacOSX.platform/Developer/SDKs/MacOSX26.1.sdk/System/Library/Frameworks/Foundation.framework/Headers/NSSortDescriptor.h
/Applications/Xcode.app/Contents/Developer/Platforms/MacOSX.platform/Developer/SDKs/MacOSX26.1.sdk/System/Library/Frameworks/Foundation.framework/Headers/NSStream.h
/Applications/Xcode.app/Contents/Developer/Platforms/MacOSX.platform/Developer/SDKs/MacOSX26.1.sdk/System/Library/Frameworks/Foundation.framework/Headers/NSThread.h
/Applications/Xcode.app/Contents/Developer/Platforms/MacOSX.platform/Developer/SDKs/MacOSX26.1.sdk/System/Library/Frameworks/Foundation.framework/Headers/NSTimeZone.h
/Applications/Xcode.app/Contents/Developer/Platforms/MacOSX.platform/Developer/SDKs/MacOSX26.1.sdk/System/Library/Frameworks/Foundation.framework/Headers/NSTimer.h
/Applications/Xcode.app/Contents/Developer/Platforms/MacOSX.platform/Developer/SDKs/MacOSX26.1.sdk/System/Library/Frameworks/Foundation.framework/Headers/NSURLAuthenticationChallenge.h
/Applications/Xcode.app/Contents/Developer/Platforms/MacOSX.platform/Developer/SDKs/MacOSX26.1.sdk/System/Library/Frameworks/Foundation.framework/Headers/NSURLCache.h
/Applications/Xcode.app/Contents/Developer/Platforms/MacOSX.platform/Developer/SDKs/MacOSX26.1.sdk/System/Library/Frameworks/Foundation.framework/Headers/NSURLConnection.h
/Applications/Xcode.app/Contents/Developer/Platforms/MacOSX.platform/Developer/SDKs/MacOSX26.1.sdk/System/Library/Frameworks/Foundation.framework/Headers/NSURLCredential.h
/Applications/Xcode.app/Contents/Developer/Platforms/MacOSX.platform/Developer/SDKs/MacOSX26.1.sdk/System/Library/Frameworks/Security.framework/Modules/module.modulemap
/Applications/Xcode.app/Contents/Developer/Platforms/MacOSX.platform/Developer/SDKs/MacOSX26.1.sdk/System/Library/Frameworks/Foundation.framework/Headers/NSURLCredentialStorage.h
/Applications/Xcode.app/Contents/Developer/Platforms/MacOSX.platform/Developer/SDKs/MacOSX26.1.sdk/System/Library/Frameworks/Foundation.framework/Headers/NSURLProtectionSpace.h
/Applications/Xcode.app/Contents/Developer/Platforms/MacOSX.platform/Developer/SDKs/MacOSX26.1.sdk/System/Library/Frameworks/Foundation.framework/Headers/NSURLError.h
/Applications/Xcode.app/Contents/Developer/Platforms/MacOSX.platform/Developer/SDKs/MacOSX26.1.sdk/System/Library/Frameworks/CoreServices.framework/Modules/module.modulemap
/Applications/Xcode.app/Contents/Developer/Platforms/MacOSX.platform/Developer/SDKs/MacOSX26.1.sdk/System/Library/Frameworks/Foundation.framework/Headers/NSURLProtocol.h
/Applications/Xcode.app/Contents/Developer/Platforms/MacOSX.platform/Developer/SDKs/MacOSX26.1.sdk/System/Library/Frameworks/Foundation.framework/Headers/NSURLRequest.h
/Applications/Xcode.app/Contents/Developer/Platforms/MacOSX.platform/Developer/SDKs/MacOSX26.1.sdk/System/Library/Frameworks/Foundation.framework/Headers/NSURLResponse.h
/Applications/Xcode.app/Contents/Developer/Platforms/MacOSX.platform/Developer/SDKs/MacOSX26.1.sdk/System/Library/Frameworks/Foundation.framework/Headers/NSUserDefaults.h
/Applications/Xcode.app/Contents/Developer/Platforms/MacOSX.platform/Developer/SDKs/MacOSX26.1.sdk/System/Library/Frameworks/Foundation.framework/Headers/NSValueTransformer.h
/Applications/Xcode.app/Contents/Developer/Platforms/MacOSX.platform/Developer/SDKs/MacOSX26.1.sdk/System/Library/Frameworks/Foundation.framework/Headers/NSXMLParser.h
/Applications/Xcode.app/Contents/Developer/Platforms/MacOSX.platform/Developer/SDKs/MacOSX26.1.sdk/System/Library/Frameworks/Foundation.framework/Headers/NSXPCConnection.h
/Applications/Xcode.app/Contents/Developer/Platforms/MacOSX.platform/Developer/SDKs/MacOSX26.1.sdk/System/Library/Frameworks/Foundation.framework/Headers/FoundationErrors.h
/Applications/Xcode.app/Contents/Developer/Platforms/MacOSX.platform/Developer/SDKs/MacOSX26.1.sdk/System/Library/Frameworks/Foundation.framework/Headers/NSByteCountFormatter.h
/Applications/Xcode.app/Contents/Developer/Platforms/MacOSX.platform/Developer/SDKs/MacOSX26.1.sdk/System/Library/Frameworks/Foundation.framework/Headers/NSCache.h
/Applications/Xcode.app/Contents/Developer/Platforms/MacOSX.platform/Developer/SDKs/MacOSX26.1.sdk/System/Library/Frameworks/Foundation.framework/Headers/NSComparisonPredicate.h
/Applications/Xcode.app/Contents/Developer/Platforms/MacOSX.platform/Developer/SDKs/MacOSX26.1.sdk/System/Library/Frameworks/Foundation.framework/Headers/NSPredicate.h
/Applications/Xcode.app/Contents/Developer/Platforms/MacOSX.platform/Developer/SDKs/MacOSX26.1.sdk/System/Library/Frameworks/Foundation.framework/Headers/NSCompoundPredicate.h
/Applications/Xcode.app/Contents/Developer/Platforms/MacOSX.platform/Developer/SDKs/MacOSX26.1.sdk/System/Library/Frameworks/Foundation.framework/Headers/NSDateComponentsFormatter.h
/Applications/Xcode.app/Contents/Developer/Platforms/MacOSX.platform/Developer/SDKs/MacOSX26.1.sdk/System/Library/Frameworks/Foundation.framework/Headers/NSExpression.h
/Applications/Xcode.app/Contents/Developer/Platforms/MacOSX.platform/Developer/SDKs/MacOSX26.1.sdk/System/Library/Frameworks/Foundation.framework/Headers/NSExtensionContext.h
/Applications/Xcode.app/Contents/Developer/Platforms/MacOSX.platform/Developer/SDKs/MacOSX26.1.sdk/System/Library/Frameworks/Foundation.framework/Headers/NSExtensionItem.h
/Applications/Xcode.app/Contents/Developer/Platforms/MacOSX.platform/Developer/SDKs/MacOSX26.1.sdk/System/Library/Frameworks/Foundation.framework/Headers/NSExtensionRequestHandling.h
/Applications/Xcode.app/Contents/Developer/Platforms/MacOSX.platform/Developer/SDKs/MacOSX26.1.sdk/System/Library/Frameworks/Foundation.framework/Headers/NSFileCoordinator.h
/Applications/Xcode.app/Contents/Developer/Platforms/MacOSX.platform/Developer/SDKs/MacOSX26.1.sdk/System/Library/Frameworks/Foundation.framework/Headers/NSFilePresenter.h
/Applications/Xcode.app/Contents/Developer/Platforms/MacOSX.platform/Developer/SDKs/MacOSX26.1.sdk/System/Library/Frameworks/Foundation.framework/Headers/NSFileVersion.h
/Applications/Xcode.app/Contents/Developer/Platforms/MacOSX.platform/Developer/SDKs/MacOSX26.1.sdk/System/Library/Frameworks/Foundation.framework/Headers/NSFileWrapper.h
/Applications/Xcode.app/Contents/Developer/Platforms/MacOSX.platform/Developer/SDKs/MacOSX26.1.sdk/System/Library/Frameworks/Foundation.framework/Headers/NSLinguisticTagger.h
/Applications/Xcode.app/Contents/Developer/Platforms/MacOSX.platform/Developer/SDKs/MacOSX26.1.sdk/System/Library/Frameworks/Foundation.framework/Headers/NSMetadata.h
/Applications/Xcode.app/Contents/Developer/Platforms/MacOSX.platform/Developer/SDKs/MacOSX26.1.sdk/System/Library/Frameworks/Foundation.framework/Headers/NSMetadataAttributes.h
/Applications/Xcode.app/Contents/Developer/Platforms/MacOSX.platform/Developer/SDKs/MacOSX26.1.sdk/System/Library/Frameworks/Foundation.framework/Headers/NSNetServices.h
/Applications/Xcode.app/Contents/Developer/Platforms/MacOSX.platform/Developer/SDKs/MacOSX26.1.sdk/System/Library/Frameworks/Foundation.framework/Headers/NSUbiquitousKeyValueStore.h
/Applications/Xcode.app/Contents/Developer/Platforms/MacOSX.platform/Developer/SDKs/MacOSX26.1.sdk/System/Library/Frameworks/Foundation.framework/Headers/NSUndoManager.h
/Applications/Xcode.app/Contents/Developer/Platforms/MacOSX.platform/Developer/SDKs/MacOSX26.1.sdk/System/Library/Frameworks/Foundation.framework/Headers/NSURLSession.h
/Applications/Xcode.app/Contents/Developer/Platforms/MacOSX.platform/Developer/SDKs/MacOSX26.1.sdk/System/Library/Frameworks/Foundation.framework/Headers/NSUserActivity.h
/Applications/Xcode.app/Contents/Developer/Platforms/MacOSX.platform/Developer/SDKs/MacOSX26.1.sdk/System/Library/Frameworks/Foundation.framework/Headers/NSUUID.h
/Applications/Xcode.app/Contents/Developer/Platforms/MacOSX.platform/Developer/SDKs/MacOSX26.1.sdk/System/Library/Frameworks/Foundation.framework/Headers/NSAffineTransform.h
/Applications/Xcode.app/Contents/Developer/Platforms/MacOSX.platform/Developer/SDKs/MacOSX26.1.sdk/System/Library/Frameworks/Foundation.framework/Headers/NSAppleScript.h
/Applications/Xcode.app/Contents/Developer/Platforms/MacOSX.platform/Developer/SDKs/MacOSX26.1.sdk/System/Library/Frameworks/Foundation.framework/Headers/NSArchiver.h
/Applications/Xcode.app/Contents/Developer/Platforms/MacOSX.platform/Developer/SDKs/MacOSX26.1.sdk/System/Library/Frameworks/Foundation.framework/Headers/NSBackgroundActivityScheduler.h
/Applications/Xcode.app/Contents/Developer/Platforms/MacOSX.platform/Developer/SDKs/MacOSX26.1.sdk/System/Library/Frameworks/Foundation.framework/Headers/NSCalendarDate.h
/Applications/Xcode.app/Contents/Developer/Platforms/MacOSX.platform/Developer/SDKs/MacOSX26.1.sdk/System/Library/Frameworks/Foundation.framework/Headers/NSConnection.h
/Applications/Xcode.app/Contents/Developer/Platforms/MacOSX.platform/Developer/SDKs/MacOSX26.1.sdk/System/Library/Frameworks/Foundation.framework/Headers/NSDistantObject.h
/Applications/Xcode.app/Contents/Developer/Platforms/MacOSX.platform/Developer/SDKs/MacOSX26.1.sdk/System/Library/Frameworks/Foundation.framework/Headers/NSDistributedNotificationCenter.h
/Applications/Xcode.app/Contents/Developer/Platforms/MacOSX.platform/Developer/SDKs/MacOSX26.1.sdk/System/Library/Frameworks/Foundation.framework/Headers/NSPortCoder.h
/Applications/Xcode.app/Contents/Developer/Platforms/MacOSX.platform/Developer/SDKs/MacOSX26.1.sdk/System/Library/Frameworks/Foundation.framework/Headers/NSPortMessage.h
/Applications/Xcode.app/Contents/Developer/Platforms/MacOSX.platform/Developer/SDKs/MacOSX26.1.sdk/System/Library/Frameworks/Foundation.framework/Headers/NSPortNameServer.h
/Applications/Xcode.app/Contents/Developer/Platforms/MacOSX.platform/Developer/SDKs/MacOSX26.1.sdk/System/Library/Frameworks/Foundation.framework/Headers/NSProtocolChecker.h
/Applications/Xcode.app/Contents/Developer/Platforms/MacOSX.platform/Developer/SDKs/MacOSX26.1.sdk/System/Library/Frameworks/Foundation.framework/Headers/NSTask.h
/Applications/Xcode.app/Contents/Developer/Platforms/MacOSX.platform/Developer/SDKs/MacOSX26.1.sdk/System/Library/Frameworks/Foundation.framework/Headers/NSXMLDTD.h
/Applications/Xcode.app/Contents/Developer/Platforms/MacOSX.platform/Developer/SDKs/MacOSX26.1.sdk/System/Library/Frameworks/Foundation.framework/Headers/NSXMLNode.h
/Applications/Xcode.app/Contents/Developer/Platforms/MacOSX.platform/Developer/SDKs/MacOSX26.1.sdk/System/Library/Frameworks/Foundation.framework/Headers/NSXMLNodeOptions.h
/Applications/Xcode.app/Contents/Developer/Platforms/MacOSX.platform/Developer/SDKs/MacOSX26.1.sdk/System/Library/Frameworks/Foundation.framework/Headers/NSXMLDTDNode.h
/Applications/Xcode.app/Contents/Developer/Platforms/MacOSX.platform/Developer/SDKs/MacOSX26.1.sdk/System/Library/Frameworks/Foundation.framework/Headers/NSXMLDocument.h
/Applications/Xcode.app/Contents/Developer/Platforms/MacOSX.platform/Developer/SDKs/MacOSX26.1.sdk/System/Library/Frameworks/Foundation.framework/Headers/NSXMLElement.h
/Applications/Xcode.app/Contents/Developer/Platforms/MacOSX.platform/Developer/SDKs/MacOSX26.1.sdk/System/Library/Frameworks/Foundation.framework/Headers/NSURLDownload.h
/Applications/Xcode.app/Contents/Developer/Platforms/MacOSX.platform/Developer/SDKs/MacOSX26.1.sdk/System/Library/Frameworks/Foundation.framework/Headers/NSAppleEventDescriptor.h
/Applications/Xcode.app/Contents/Developer/Platforms/MacOSX.platform/Developer/SDKs/MacOSX26.1.sdk/System/Library/Frameworks/Foundation.framework/Headers/NSAppleEventManager.h
/Applications/Xcode.app/Contents/Developer/Platforms/MacOSX.platform/Developer/SDKs/MacOSX26.1.sdk/System/Library/Frameworks/Foundation.framework/Headers/NSClassDescription.h
/Applications/Xcode.app/Contents/Developer/Platforms/MacOSX.platform/Developer/SDKs/MacOSX26.1.sdk/System/Library/Frameworks/Foundation.framework/Headers/NSDistributedLock.h
/Applications/Xcode.app/Contents/Developer/Platforms/MacOSX.platform/Developer/SDKs/MacOSX26.1.sdk/System/Library/Frameworks/Foundation.framework/Headers/NSGarbageCollector.h
/Applications/Xcode.app/Contents/Developer/Platforms/MacOSX.platform/Developer/SDKs/MacOSX26.1.sdk/System/Library/Frameworks/Foundation.framework/Headers/NSHFSFileTypes.h
/Applications/Xcode.app/Contents/Developer/Platforms/MacOSX.platform/Developer/SDKs/MacOSX26.1.sdk/System/Library/Frameworks/Foundation.framework/Headers/NSHost.h
/Applications/Xcode.app/Contents/Developer/Platforms/MacOSX.platform/Developer/SDKs/MacOSX26.1.sdk/System/Library/Frameworks/Foundation.framework/Headers/NSObjectScripting.h
/Applications/Xcode.app/Contents/Developer/Platforms/MacOSX.platform/Developer/SDKs/MacOSX26.1.sdk/System/Library/Frameworks/Foundation.framework/Headers/NSScriptClassDescription.h
/Applications/Xcode.app/Contents/Developer/Platforms/MacOSX.platform/Developer/SDKs/MacOSX26.1.sdk/System/Library/Frameworks/Foundation.framework/Headers/NSScriptCoercionHandler.h
/Applications/Xcode.app/Contents/Developer/Platforms/MacOSX.platform/Developer/SDKs/MacOSX26.1.sdk/System/Library/Frameworks/Foundation.framework/Headers/NSScriptCommand.h
/Applications/Xcode.app/Contents/Developer/Platforms/MacOSX.platform/Developer/SDKs/MacOSX26.1.sdk/System/Library/Frameworks/Foundation.framework/Headers/NSScriptCommandDescription.h
/Applications/Xcode.app/Contents/Developer/Platforms/MacOSX.platform/Developer/SDKs/MacOSX26.1.sdk/System/Library/Frameworks/Foundation.framework/Headers/NSScriptExecutionContext.h
/Applications/Xcode.app/Contents/Developer/Platforms/MacOSX.platform/Developer/SDKs/MacOSX26.1.sdk/System/Library/Frameworks/Foundation.framework/Headers/NSScriptKeyValueCoding.h
/Applications/Xcode.app/Contents/Developer/Platforms/MacOSX.platform/Developer/SDKs/MacOSX26.1.sdk/System/Library/Frameworks/Foundation.framework/Headers/NSScriptObjectSpecifiers.h
/Applications/Xcode.app/Contents/Developer/Platforms/MacOSX.platform/Developer/SDKs/MacOSX26.1.sdk/System/Library/Frameworks/Foundation.framework/Headers/NSScriptStandardSuiteCommands.h
/Applications/Xcode.app/Contents/Developer/Platforms/MacOSX.platform/Developer/SDKs/MacOSX26.1.sdk/System/Library/Frameworks/Foundation.framework/Headers/NSScriptSuiteRegistry.h
/Applications/Xcode.app/Contents/Developer/Platforms/MacOSX.platform/Developer/SDKs/MacOSX26.1.sdk/System/Library/Frameworks/Foundation.framework/Headers/NSScriptWhoseTests.h
/Applications/Xcode.app/Contents/Developer/Platforms/MacOSX.platform/Developer/SDKs/MacOSX26.1.sdk/System/Library/Frameworks/Foundation.framework/Headers/NSSpellServer.h
/Applications/Xcode.app/Contents/Developer/Platforms/MacOSX.platform/Developer/SDKs/MacOSX26.1.sdk/System/Library/Frameworks/Foundation.framework/Headers/NSUserNotification.h
/Applications/Xcode.app/Contents/Developer/Platforms/MacOSX.platform/Developer/SDKs/MacOSX26.1.sdk/System/Library/Frameworks/Foundation.framework/Headers/NSUserScriptTask.h
/Applications/Xcode.app/Contents/Developer/Platforms/MacOSX.platform/Developer/SDKs/MacOSX26.1.sdk/System/Library/Frameworks/Foundation.framework/Headers/FoundationLegacySwiftCompatibility.h
/Applications/Xcode.app/Contents/Developer/Platforms/MacOSX.platform/Developer/SDKs/MacOSX26.1.sdk/System/Library/Frameworks/Foundation.framework/Headers/NSDebug.h
/Applications/Xcode.app/Contents/Developer/Platforms/MacOSX.platform/Developer/SDKs/MacOSX26.1.sdk/SDKSettings.json
/Applications/Xcode.app/Contents/Developer/Platforms/MacOSX.platform/Developer/SDKs/MacOSX26.1.sdk/System/Library/Frameworks/IOKit.framework/Modules/module.modulemap
/Applications/Xcode.app/Contents/Developer/Platforms/MacOSX.platform/Developer/SDKs/MacOSX26.1.sdk/System/Library/Frameworks/IOKit.framework/Headers/IOReturn.h
/Applications/Xcode.app/Contents/Developer/Platforms/MacOSX.platform/Developer/SDKs/MacOSX26.1.sdk/usr/include/dispatch.modulemap
/Applications/Xcode.app/Contents/Developer/Platforms/MacOSX.platform/Developer/SDKs/MacOSX26.1.sdk/usr/include/libkern.modulemap
/Applications/Xcode.app/Contents/Developer/Platforms/MacOSX.platform/Developer/SDKs/MacOSX26.1.sdk/usr/include/Darwin.modulemap
/Applications/Xcode.app/Contents/Developer/Platforms/MacOSX.platform/Developer/SDKs/MacOSX26.1.sdk/usr/include/Darwin_C.modulemap
/Applications/Xcode.app/Contents/Developer/Platforms/MacOSX.platform/Developer/SDKs/MacOSX26.1.sdk/usr/include/Darwin_POSIX.modulemap
/Applications/Xcode.app/Contents/Developer/Platforms/MacOSX.platform/Developer/SDKs/MacOSX26.1.sdk/usr/include/net.modulemap
/Applications/Xcode.app/Contents/Developer/Platforms/MacOSX.platform/Developer/SDKs/MacOSX26.1.sdk/usr/include/netinet.modulemap
/Applications/Xcode.app/Contents/Developer/Platforms/MacOSX.platform/Developer/SDKs/MacOSX26.1.sdk/usr/include/bank.modulemap
/Applications/Xcode.app/Contents/Developer/Platforms/MacOSX.platform/Developer/SDKs/MacOSX26.1.sdk/usr/include/Darwin_Mach.modulemap
/Applications/Xcode.app/Contents/Developer/Platforms/MacOSX.platform/Developer/SDKs/MacOSX26.1.sdk/usr/include/Darwin_Mach_machine.modulemap
/Applications/Xcode.app/Contents/Developer/Platforms/MacOSX.platform/Developer/SDKs/MacOSX26.1.sdk/usr/include/mach_debug.modulemap
/Applications/Xcode.app/Contents/Developer/Platforms/MacOSX.platform/Developer/SDKs/MacOSX26.1.sdk/usr/include/device.modulemap
/Applications/Xcode.app/Contents/Developer/Platforms/MacOSX.platform/Developer/SDKs/MacOSX26.1.sdk/usr/include/Darwin_machine.modulemap
/Applications/Xcode.app/Contents/Developer/Platforms/MacOSX.platform/Developer/SDKs/MacOSX26.1.sdk/usr/include/ncurses.modulemap
/Applications/Xcode.app/Contents/Developer/Platforms/MacOSX.platform/Developer/SDKs/MacOSX26.1.sdk/usr/include/netinet6.modulemap
/Applications/Xcode.app/Contents/Developer/Platforms/MacOSX.platform/Developer/SDKs/MacOSX26.1.sdk/usr/include/Darwin_sys.modulemap
/Applications/Xcode.app/Contents/Developer/Platforms/MacOSX.platform/Developer/SDKs/MacOSX26.1.sdk/usr/include/uuid.modulemap
/Applications/Xcode.app/Contents/Developer/Platforms/MacOSX.platform/Developer/SDKs/MacOSX26.1.sdk/usr/include/DarwinFoundation2.modulemap
/Applications/Xcode.app/Contents/Developer/Platforms/MacOSX.platform/Developer/SDKs/MacOSX26.1.sdk/usr/include/DarwinFoundation1.modulemap
/Applications/Xcode.app/Contents/Developer/Platforms/MacOSX.platform/Developer/SDKs/MacOSX26.1.sdk/System/Library/Frameworks/IOKit.framework/Headers/IOMapTypes.h
/Applications/Xcode.app/Contents/Developer/Platforms/MacOSX.platform/Developer/SDKs/MacOSX26.1.sdk/System/Library/Frameworks/IOKit.framework/Headers/IOTypes.h
/Applications/Xcode.app/Contents/Developer/Toolchains/XcodeDefault.xctoolchain/usr/lib/swift/clang/include/module.modulemap
/Applications/Xcode.app/Contents/Developer/Platforms/MacOSX.platform/Developer/SDKs/MacOSX26.1.sdk/System/Library/Frameworks/IOKit.framework/Headers/IOKitKeys.h
/Applications/Xcode.app/Contents/Developer/Platforms/MacOSX.platform/Developer/SDKs/MacOSX26.1.sdk/System/Library/Frameworks/IOKit.framework/Headers/OSMessageNotification.h
/Applications/Xcode.app/Contents/Developer/Platforms/MacOSX.platform/Developer/SDKs/MacOSX26.1.sdk/System/Library/Frameworks/IOKit.framework/Headers/IOKitLib.h
/Applications/Xcode.app/Contents/Developer/Platforms/MacOSX.platform/Developer/SDKs/MacOSX26.1.sdk/System/Library/Frameworks/CoreFoundation.framework/Modules/module.modulemap
/Applications/Xcode.app/Contents/Developer/Platforms/MacOSX.platform/Developer/SDKs/MacOSX26.1.sdk/System/Library/Frameworks/IOKit.framework/Headers/IOBSD.h
/Applications/Xcode.app/Contents/Developer/Platforms/MacOSX.platform/Developer/SDKs/MacOSX26.1.sdk/System/Library/Frameworks/IOKit.framework/Headers/IODataQueueClient.h
/Applications/Xcode.app/Contents/Developer/Platforms/MacOSX.platform/Developer/SDKs/MacOSX26.1.sdk/System/Library/Frameworks/IOKit.framework/Headers/IODataQueueShared.h
/Applications/Xcode.app/Contents/Developer/Platforms/MacOSX.platform/Developer/SDKs/MacOSX26.1.sdk/System/Library/Frameworks/IOKit.framework/Headers/IOCFBundle.h
/Applications/Xcode.app/Contents/Developer/Platforms/MacOSX.platform/Developer/SDKs/MacOSX26.1.sdk/System/Library/Frameworks/IOKit.framework/Headers/IOSharedLock.h
/Applications/Xcode.app/Contents/Developer/Platforms/MacOSX.platform/Developer/SDKs/MacOSX26.1.sdk/System/Library/Frameworks/IOKit.framework/Headers/IOCFPlugIn.h
/Applications/Xcode.app/Contents/Developer/Platforms/MacOSX.platform/Developer/SDKs/MacOSX26.1.sdk/System/Library/Frameworks/IOKit.framework/Headers/IOCFSerialize.h
/Applications/Xcode.app/Contents/Developer/Platforms/MacOSX.platform/Developer/SDKs/MacOSX26.1.sdk/System/Library/Frameworks/IOKit.framework/Headers/IOCFURLAccess.h
/Applications/Xcode.app/Contents/Developer/Platforms/MacOSX.platform/Developer/SDKs/MacOSX26.1.sdk/System/Library/Frameworks/IOKit.framework/Headers/IOKitServer.h
/Applications/Xcode.app/Contents/Developer/Platforms/MacOSX.platform/Developer/SDKs/MacOSX26.1.sdk/System/Library/Frameworks/IOKit.framework/Headers/IOCFUnserialize.h
/Applications/Xcode.app/Contents/Developer/Platforms/MacOSX.platform/Developer/SDKs/MacOSX26.1.sdk/System/Library/Frameworks/IOKit.framework/Headers/IOMessage.h
/Applications/Xcode.app/Contents/Developer/Platforms/MacOSX.platform/Developer/SDKs/MacOSX26.1.sdk/System/Library/Frameworks/IOKit.framework/Headers/IORPC.h
/Applications/Xcode.app/Contents/Developer/Platforms/MacOSX.platform/Developer/SDKs/MacOSX26.1.sdk/System/Library/Frameworks/IOKit.framework/Headers/IOUserServer.h
/Applications/Xcode.app/Contents/Developer/Platforms/MacOSX.platform/Developer/SDKs/MacOSX26.1.sdk/System/Library/Frameworks/IOKit.framework/Headers/audio/IOAudioDefines.h
/Applications/Xcode.app/Contents/Developer/Platforms/MacOSX.platform/Developer/SDKs/MacOSX26.1.sdk/System/Library/Frameworks/IOKit.framework/Headers/audio/IOAudioLib.h
/Applications/Xcode.app/Contents/Developer/Platforms/MacOSX.platform/Developer/SDKs/MacOSX26.1.sdk/System/Library/Frameworks/IOKit.framework/Headers/audio/IOAudioTypes.h
/Applications/Xcode.app/Contents/Developer/Platforms/MacOSX.platform/Developer/SDKs/MacOSX26.1.sdk/System/Library/Frameworks/IOKit.framework/Headers/avc/IOFireWireAVCConsts.h
/Applications/Xcode.app/Contents/Developer/Platforms/MacOSX.platform/Developer/SDKs/MacOSX26.1.sdk/System/Library/Frameworks/IOKit.framework/Headers/avc/IOFireWireAVCLib.h
/Applications/Xcode.app/Contents/Developer/Platforms/MacOSX.platform/Developer/SDKs/MacOSX26.1.sdk/System/Library/Frameworks/IOKit.framework/Headers/firewire/IOFireWireFamilyCommon.h
/Applications/Xcode.app/Contents/Developer/Platforms/MacOSX.platform/Developer/SDKs/MacOSX26.1.sdk/System/Library/Frameworks/IOKit.framework/Headers/firewire/IOFireWireLib.h
/Applications/Xcode.app/Contents/Developer/Platforms/MacOSX.platform/Developer/SDKs/MacOSX26.1.sdk/System/Library/Frameworks/IOKit.framework/Headers/firewire/IOFireWireLibIsoch.h
/Applications/Xcode.app/Contents/Developer/Platforms/MacOSX.platform/Developer/SDKs/MacOSX26.1.sdk/System/Library/Frameworks/IOKit.framework/Headers/graphics/IOAccelClientConnect.h
/Applications/Xcode.app/Contents/Developer/Platforms/MacOSX.platform/Developer/SDKs/MacOSX26.1.sdk/System/Library/Frameworks/IOKit.framework/Headers/graphics/IOGraphicsInterface.h
/Applications/Xcode.app/Contents/Developer/Platforms/MacOSX.platform/Developer/SDKs/MacOSX26.1.sdk/System/Library/Frameworks/IOKit.framework/Headers/graphics/IOGraphicsInterfaceTypes.h
/Applications/Xcode.app/Contents/Developer/Platforms/MacOSX.platform/Developer/SDKs/MacOSX26.1.sdk/System/Library/Frameworks/IOKit.framework/Headers/graphics/IOAccelSurfaceConnect.h
/Applications/Xcode.app/Contents/Developer/Platforms/MacOSX.platform/Developer/SDKs/MacOSX26.1.sdk/System/Library/Frameworks/IOKit.framework/Headers/graphics/IOAccelTypes.h
/Applications/Xcode.app/Contents/Developer/Platforms/MacOSX.platform/Developer/SDKs/MacOSX26.1.sdk/System/Library/Frameworks/IOKit.framework/Headers/graphics/IOGraphicsLib.h
/Applications/Xcode.app/Contents/Developer/Platforms/MacOSX.platform/Developer/SDKs/MacOSX26.1.sdk/System/Library/Frameworks/IOKit.framework/Headers/graphics/IOFramebufferShared.h
/Applications/Xcode.app/Contents/Developer/Platforms/MacOSX.platform/Developer/SDKs/MacOSX26.1.sdk/System/Library/Frameworks/IOKit.framework/Headers/hidsystem/IOHIDTypes.h
/Applications/Xcode.app/Contents/Developer/Platforms/MacOSX.platform/Developer/SDKs/MacOSX26.1.sdk/System/Library/Frameworks/IOKit.framework/Headers/graphics/IOGraphicsTypes.h
/Applications/Xcode.app/Contents/Developer/Platforms/MacOSX.platform/Developer/SDKs/MacOSX26.1.sdk/System/Library/Frameworks/IOKit.framework/Headers/graphics/IOGraphicsEngine.h
/Applications/Xcode.app/Contents/Developer/Platforms/MacOSX.platform/Developer/SDKs/MacOSX26.1.sdk/System/Library/Frameworks/IOKit.framework/Headers/hid/IOHIDBase.h
/Applications/Xcode.app/Contents/Developer/Platforms/MacOSX.platform/Developer/SDKs/MacOSX26.1.sdk/System/Library/Frameworks/IOKit.framework/Headers/hid/IOHIDKeys.h
/Applications/Xcode.app/Contents/Developer/Platforms/MacOSX.platform/Developer/SDKs/MacOSX26.1.sdk/System/Library/Frameworks/IOKit.framework/Headers/hidsystem/IOHIDParameter.h
/Applications/Xcode.app/Contents/Developer/Platforms/MacOSX.platform/Developer/SDKs/MacOSX26.1.sdk/System/Library/Frameworks/IOKit.framework/Headers/hidsystem/IOLLEvent.h
/Applications/Xcode.app/Contents/Developer/Platforms/MacOSX.platform/Developer/SDKs/MacOSX26.1.sdk/System/Library/Frameworks/IOKit.framework/Headers/hid/IOHIDProperties.h
/Applications/Xcode.app/Contents/Developer/Platforms/MacOSX.platform/Developer/SDKs/MacOSX26.1.sdk/System/Library/Frameworks/IOKit.framework/Headers/hid/IOHIDEventServiceKeys.h
/Applications/Xcode.app/Contents/Developer/Platforms/MacOSX.platform/Developer/SDKs/MacOSX26.1.sdk/System/Library/Frameworks/IOKit.framework/Headers/hid/IOHIDDeviceTypes.h
/Applications/Xcode.app/Contents/Developer/Platforms/MacOSX.platform/Developer/SDKs/MacOSX26.1.sdk/System/Library/Frameworks/IOKit.framework/Headers/hid/IOHIDDeviceKeys.h
/Applications/Xcode.app/Contents/Developer/Platforms/MacOSX.platform/Developer/SDKs/MacOSX26.1.sdk/System/Library/Frameworks/IOKit.framework/Headers/hid/IOHIDQueue.h
/Applications/Xcode.app/Contents/Developer/Platforms/MacOSX.platform/Developer/SDKs/MacOSX26.1.sdk/System/Library/Frameworks/IOKit.framework/Headers/hid/IOHIDDevice.h
/Applications/Xcode.app/Contents/Developer/Platforms/MacOSX.platform/Developer/SDKs/MacOSX26.1.sdk/System/Library/Frameworks/IOKit.framework/Headers/hid/IOHIDLib.h
/Applications/Xcode.app/Contents/Developer/Platforms/MacOSX.platform/Developer/SDKs/MacOSX26.1.sdk/System/Library/Frameworks/IOKit.framework/Headers/hid/IOHIDElement.h
/Applications/Xcode.app/Contents/Developer/Platforms/MacOSX.platform/Developer/SDKs/MacOSX26.1.sdk/System/Library/Frameworks/IOKit.framework/Headers/hid/IOHIDLibObsolete.h
/Applications/Xcode.app/Contents/Developer/Platforms/MacOSX.platform/Developer/SDKs/MacOSX26.1.sdk/System/Library/Frameworks/IOKit.framework/Headers/hid/IOHIDManager.h
/Applications/Xcode.app/Contents/Developer/Platforms/MacOSX.platform/Developer/SDKs/MacOSX26.1.sdk/System/Library/Frameworks/IOKit.framework/Headers/hid/IOHIDUsageTables.h
/Applications/Xcode.app/Contents/Developer/Platforms/MacOSX.platform/Developer/SDKs/MacOSX26.1.sdk/System/Library/Frameworks/IOKit.framework/Headers/hid/IOHIDValue.h
/Applications/Xcode.app/Contents/Developer/Platforms/MacOSX.platform/Developer/SDKs/MacOSX26.1.sdk/System/Library/Frameworks/IOKit.framework/Headers/hid/IOHIDTransaction.h
/Applications/Xcode.app/Contents/Developer/Platforms/MacOSX.platform/Developer/SDKs/MacOSX26.1.sdk/System/Library/Frameworks/IOKit.framework/Headers/hid/IOHIDDevicePlugIn.h
/Applications/Xcode.app/Contents/Developer/Platforms/MacOSX.platform/Developer/SDKs/MacOSX26.1.sdk/System/Library/Frameworks/IOKit.framework/Headers/hid/IOHIDEventServiceTypes.h
/Applications/Xcode.app/Contents/Developer/Platforms/MacOSX.platform/Developer/SDKs/MacOSX26.1.sdk/System/Library/Frameworks/IOKit.framework/Headers/hidsystem/IOHIDLib.h
/Applications/Xcode.app/Contents/Developer/Platforms/MacOSX.platform/Developer/SDKs/MacOSX26.1.sdk/System/Library/Frameworks/IOKit.framework/Headers/hidsystem/IOHIDShared.h
/Applications/Xcode.app/Contents/Developer/Platforms/MacOSX.platform/Developer/SDKs/MacOSX26.1.sdk/System/Library/Frameworks/IOKit.framework/Headers/hidsystem/event_status_driver.h
/Applications/Xcode.app/Contents/Developer/Platforms/MacOSX.platform/Developer/SDKs/MacOSX26.1.sdk/System/Library/Frameworks/IOKit.framework/Headers/hidsystem/ev_keymap.h
/Applications/Xcode.app/Contents/Developer/Platforms/MacOSX.platform/Developer/SDKs/MacOSX26.1.sdk/System/Library/Frameworks/IOKit.framework/Headers/hidsystem/IOHIDEventSystemClient.h
/Applications/Xcode.app/Contents/Developer/Platforms/MacOSX.platform/Developer/SDKs/MacOSX26.1.sdk/System/Library/Frameworks/IOKit.framework/Headers/hidsystem/IOHIDServiceClient.h
/Applications/Xcode.app/Contents/Developer/Platforms/MacOSX.platform/Developer/SDKs/MacOSX26.1.sdk/System/Library/Frameworks/IOKit.framework/Headers/hidsystem/IOHIDUserDevice.h
/Applications/Xcode.app/Contents/Developer/Platforms/MacOSX.platform/Developer/SDKs/MacOSX26.1.sdk/System/Library/Frameworks/IOKit.framework/Headers/i2c/IOI2CInterface.h
/Applications/Xcode.app/Contents/Developer/Platforms/MacOSX.platform/Developer/SDKs/MacOSX26.1.sdk/System/Library/Frameworks/IOKit.framework/Headers/kext/KextManager.h
/Applications/Xcode.app/Contents/Developer/Platforms/MacOSX.platform/Developer/SDKs/MacOSX26.1.sdk/System/Library/Frameworks/IOKit.framework/Headers/network/IOEthernetController.h
/Applications/Xcode.app/Contents/Developer/Platforms/MacOSX.platform/Developer/SDKs/MacOSX26.1.sdk/System/Library/Frameworks/IOKit.framework/Headers/network/IONetworkController.h
/Applications/Xcode.app/Contents/Developer/Platforms/MacOSX.platform/Developer/SDKs/MacOSX26.1.sdk/System/Library/Frameworks/IOKit.framework/Headers/network/IONetworkData.h
/Applications/Xcode.app/Contents/Developer/Platforms/MacOSX.platform/Developer/SDKs/MacOSX26.1.sdk/System/Library/Frameworks/IOKit.framework/Headers/network/IONetworkStack.h
/Applications/Xcode.app/Contents/Developer/Platforms/MacOSX.platform/Developer/SDKs/MacOSX26.1.sdk/System/Library/Frameworks/IOKit.framework/Headers/network/IOEthernetInterface.h
/Applications/Xcode.app/Contents/Developer/Platforms/MacOSX.platform/Developer/SDKs/MacOSX26.1.sdk/System/Library/Frameworks/IOKit.framework/Headers/network/IONetworkInterface.h
/Applications/Xcode.app/Contents/Developer/Platforms/MacOSX.platform/Developer/SDKs/MacOSX26.1.sdk/System/Library/Frameworks/IOKit.framework/Headers/network/IONetworkStats.h
/Applications/Xcode.app/Contents/Developer/Platforms/MacOSX.platform/Developer/SDKs/MacOSX26.1.sdk/System/Library/Frameworks/IOKit.framework/Headers/network/IOEthernetStats.h
/Applications/Xcode.app/Contents/Developer/Platforms/MacOSX.platform/Developer/SDKs/MacOSX26.1.sdk/System/Library/Frameworks/IOKit.framework/Headers/network/IONetworkLib.h
/Applications/Xcode.app/Contents/Developer/Platforms/MacOSX.platform/Developer/SDKs/MacOSX26.1.sdk/System/Library/Frameworks/IOKit.framework/Headers/network/IONetworkMedium.h
/Applications/Xcode.app/Contents/Developer/Platforms/MacOSX.platform/Developer/SDKs/MacOSX26.1.sdk/System/Library/Frameworks/IOKit.framework/Headers/network/IONetworkUserClient.h
/Applications/Xcode.app/Contents/Developer/Platforms/MacOSX.platform/Developer/SDKs/MacOSX26.1.sdk/System/Library/Frameworks/IOKit.framework/Headers/ps/IOPSKeys.h
/Applications/Xcode.app/Contents/Developer/Platforms/MacOSX.platform/Developer/SDKs/MacOSX26.1.sdk/System/Library/Frameworks/IOKit.framework/Headers/ps/IOPowerSources.h
/Applications/Xcode.app/Contents/Developer/Platforms/MacOSX.platform/Developer/SDKs/MacOSX26.1.sdk/System/Library/Frameworks/IOKit.framework/Headers/ps/IOUPSPlugIn.h
/Applications/Xcode.app/Contents/Developer/Platforms/MacOSX.platform/Developer/SDKs/MacOSX26.1.sdk/System/Library/Frameworks/IOKit.framework/Headers/pwr_mgt/IOPM.h
/Applications/Xcode.app/Contents/Developer/Platforms/MacOSX.platform/Developer/SDKs/MacOSX26.1.sdk/System/Library/Frameworks/IOKit.framework/Headers/pwr_mgt/IOPMKeys.h
/Applications/Xcode.app/Contents/Developer/Platforms/MacOSX.platform/Developer/SDKs/MacOSX26.1.sdk/System/Library/Frameworks/IOKit.framework/Headers/pwr_mgt/IOPMLib.h
/Applications/Xcode.app/Contents/Developer/Platforms/MacOSX.platform/Developer/SDKs/MacOSX26.1.sdk/System/Library/Frameworks/IOKit.framework/Headers/pwr_mgt/IOPMLibDefs.h
/Applications/Xcode.app/Contents/Developer/Platforms/MacOSX.platform/Developer/SDKs/MacOSX26.1.sdk/System/Library/Frameworks/IOKit.framework/Headers/sbp2/IOFireWireSBP2Lib.h
/Applications/Xcode.app/Contents/Developer/Platforms/MacOSX.platform/Developer/SDKs/MacOSX26.1.sdk/System/Library/Frameworks/IOKit.framework/Headers/scsi/IOSCSIMultimediaCommandsDevice.h
/Applications/Xcode.app/Contents/Developer/Platforms/MacOSX.platform/Developer/SDKs/MacOSX26.1.sdk/System/Library/Frameworks/IOKit.framework/Headers/storage/IOStorageDeviceCharacteristics.h
/Applications/Xcode.app/Contents/Developer/Platforms/MacOSX.platform/Developer/SDKs/MacOSX26.1.sdk/System/Library/Frameworks/IOKit.framework/Headers/storage/IOStorageProtocolCharacteristics.h
/Applications/Xcode.app/Contents/Developer/Platforms/MacOSX.platform/Developer/SDKs/MacOSX26.1.sdk/System/Library/Frameworks/IOKit.framework/Headers/storage/IOStorageControllerCharacteristics.h
/Applications/Xcode.app/Contents/Developer/Platforms/MacOSX.platform/Developer/SDKs/MacOSX26.1.sdk/System/Library/Frameworks/IOKit.framework/Headers/scsi/SCSICmds_REQUEST_SENSE_Defs.h
/Applications/Xcode.app/Contents/Developer/Platforms/MacOSX.platform/Developer/SDKs/MacOSX26.1.sdk/System/Library/Frameworks/IOKit.framework/Headers/scsi/SCSICmds_INQUIRY_Definitions.h
/Applications/Xcode.app/Contents/Developer/Platforms/MacOSX.platform/Developer/SDKs/MacOSX26.1.sdk/System/Library/Frameworks/IOKit.framework/Headers/scsi/SCSICommandDefinitions.h
/Applications/Xcode.app/Contents/Developer/Platforms/MacOSX.platform/Developer/SDKs/MacOSX26.1.sdk/System/Library/Frameworks/IOKit.framework/Headers/scsi/SCSICmds_MODE_Definitions.h
/Applications/Xcode.app/Contents/Developer/Platforms/MacOSX.platform/Developer/SDKs/MacOSX26.1.sdk/System/Library/Frameworks/IOKit.framework/Headers/scsi/SCSICommandOperationCodes.h
/Applications/Xcode.app/Contents/Developer/Platforms/MacOSX.platform/Developer/SDKs/MacOSX26.1.sdk/System/Library/Frameworks/IOKit.framework/Headers/scsi/SCSICmds_READ_CAPACITY_Definitions.h
/Applications/Xcode.app/Contents/Developer/Platforms/MacOSX.platform/Developer/SDKs/MacOSX26.1.sdk/System/Library/Frameworks/IOKit.framework/Headers/scsi/SCSITask.h
/Applications/Xcode.app/Contents/Developer/Platforms/MacOSX.platform/Developer/SDKs/MacOSX26.1.sdk/System/Library/Frameworks/IOKit.framework/Headers/scsi/SCSICmds_REPORT_LUNS_Definitions.h
/Applications/Xcode.app/Contents/Developer/Platforms/MacOSX.platform/Developer/SDKs/MacOSX26.1.sdk/System/Library/Frameworks/IOKit.framework/Headers/scsi/SCSITaskLib.h
/Applications/Xcode.app/Contents/Developer/Platforms/MacOSX.platform/Developer/SDKs/MacOSX26.1.sdk/System/Library/Frameworks/IOKit.framework/Headers/serial/IOSerialKeys.h
/Applications/Xcode.app/Contents/Developer/Platforms/MacOSX.platform/Developer/SDKs/MacOSX26.1.sdk/System/Library/Frameworks/IOKit.framework/Headers/serial/ioss.h
/Applications/Xcode.app/Contents/Developer/Platforms/MacOSX.platform/Developer/SDKs/MacOSX26.1.sdk/System/Library/Frameworks/IOKit.framework/Headers/storage/IOAppleLabelScheme.h
/Applications/Xcode.app/Contents/Developer/Platforms/MacOSX.platform/Developer/SDKs/MacOSX26.1.sdk/System/Library/Frameworks/IOKit.framework/Headers/storage/IODVDMediaBSDClient.h
/Applications/Xcode.app/Contents/Developer/Platforms/MacOSX.platform/Developer/SDKs/MacOSX26.1.sdk/System/Library/Frameworks/IOKit.framework/Headers/storage/IODVDTypes.h
/Applications/Xcode.app/Contents/Developer/Platforms/MacOSX.platform/Developer/SDKs/MacOSX26.1.sdk/System/Library/Frameworks/IOKit.framework/Headers/storage/IOApplePartitionScheme.h
/Applications/Xcode.app/Contents/Developer/Platforms/MacOSX.platform/Developer/SDKs/MacOSX26.1.sdk/System/Library/Frameworks/IOKit.framework/Headers/storage/IOBDBlockStorageDevice.h
/Applications/Xcode.app/Contents/Developer/Platforms/MacOSX.platform/Developer/SDKs/MacOSX26.1.sdk/System/Library/Frameworks/IOKit.framework/Headers/storage/IOBDTypes.h
/Applications/Xcode.app/Contents/Developer/Platforms/MacOSX.platform/Developer/SDKs/MacOSX26.1.sdk/System/Library/Frameworks/IOKit.framework/Headers/storage/IOFDiskPartitionScheme.h
/Applications/Xcode.app/Contents/Developer/Platforms/MacOSX.platform/Developer/SDKs/MacOSX26.1.sdk/System/Library/Frameworks/IOKit.framework/Headers/storage/IOBDMedia.h
/Applications/Xcode.app/Contents/Developer/Platforms/MacOSX.platform/Developer/SDKs/MacOSX26.1.sdk/System/Library/Frameworks/IOKit.framework/Headers/storage/IOFilterScheme.h
/Applications/Xcode.app/Contents/Developer/Platforms/MacOSX.platform/Developer/SDKs/MacOSX26.1.sdk/System/Library/Frameworks/IOKit.framework/Headers/storage/IOBDMediaBSDClient.h
/Applications/Xcode.app/Contents/Developer/Platforms/MacOSX.platform/Developer/SDKs/MacOSX26.1.sdk/System/Library/Frameworks/IOKit.framework/Headers/storage/IOFireWireStorageCharacteristics.h
/Applications/Xcode.app/Contents/Developer/Platforms/MacOSX.platform/Developer/SDKs/MacOSX26.1.sdk/System/Library/Frameworks/IOKit.framework/Headers/storage/IOGUIDPartitionScheme.h
/Applications/Xcode.app/Contents/Developer/Platforms/MacOSX.platform/Developer/SDKs/MacOSX26.1.sdk/System/Library/Frameworks/IOKit.framework/Headers/storage/IOBlockStorageDevice.h
/Applications/Xcode.app/Contents/Developer/Platforms/MacOSX.platform/Developer/SDKs/MacOSX26.1.sdk/System/Library/Frameworks/IOKit.framework/Headers/storage/IOMedia.h
/Applications/Xcode.app/Contents/Developer/Platforms/MacOSX.platform/Developer/SDKs/MacOSX26.1.sdk/System/Library/Frameworks/IOKit.framework/Headers/storage/IOBlockStorageDriver.h
/Applications/Xcode.app/Contents/Developer/Platforms/MacOSX.platform/Developer/SDKs/MacOSX26.1.sdk/System/Library/Frameworks/IOKit.framework/Headers/storage/IOMediaBSDClient.h
/Applications/Xcode.app/Contents/Developer/Platforms/MacOSX.platform/Developer/SDKs/MacOSX26.1.sdk/System/Library/Frameworks/IOKit.framework/Headers/storage/IOCDBlockStorageDevice.h
/Applications/Xcode.app/Contents/Developer/Platforms/MacOSX.platform/Developer/SDKs/MacOSX26.1.sdk/System/Library/Frameworks/IOKit.framework/Headers/storage/IOCDTypes.h
/Applications/Xcode.app/Contents/Developer/Platforms/MacOSX.platform/Developer/SDKs/MacOSX26.1.sdk/System/Library/Frameworks/IOKit.framework/Headers/storage/IOPartitionScheme.h
/Applications/Xcode.app/Contents/Developer/Platforms/MacOSX.platform/Developer/SDKs/MacOSX26.1.sdk/System/Library/Frameworks/IOKit.framework/Headers/storage/IOCDMedia.h
/Applications/Xcode.app/Contents/Developer/Platforms/MacOSX.platform/Developer/SDKs/MacOSX26.1.sdk/System/Library/Frameworks/IOKit.framework/Headers/storage/IOStorage.h
/Applications/Xcode.app/Contents/Developer/Platforms/MacOSX.platform/Developer/SDKs/MacOSX26.1.sdk/System/Library/Frameworks/IOKit.framework/Headers/storage/IOCDMediaBSDClient.h
/Applications/Xcode.app/Contents/Developer/Platforms/MacOSX.platform/Developer/SDKs/MacOSX26.1.sdk/System/Library/Frameworks/IOKit.framework/Headers/storage/IOStorageCardCharacteristics.h
/Applications/Xcode.app/Contents/Developer/Platforms/MacOSX.platform/Developer/SDKs/MacOSX26.1.sdk/System/Library/Frameworks/IOKit.framework/Headers/storage/IOCDPartitionScheme.h
/Applications/Xcode.app/Contents/Developer/Platforms/MacOSX.platform/Developer/SDKs/MacOSX26.1.sdk/System/Library/Frameworks/IOKit.framework/Headers/storage/IODVDBlockStorageDevice.h
/Applications/Xcode.app/Contents/Developer/Platforms/MacOSX.platform/Developer/SDKs/MacOSX26.1.sdk/System/Library/Frameworks/IOKit.framework/Headers/storage/IODVDMedia.h
/Applications/Xcode.app/Contents/Developer/Platforms/MacOSX.platform/Developer/SDKs/MacOSX26.1.sdk/System/Library/Frameworks/IOKit.framework/Headers/storage/ata/ATASMARTLib.h
/Applications/Xcode.app/Contents/Developer/Platforms/MacOSX.platform/Developer/SDKs/MacOSX26.1.sdk/System/Library/Frameworks/IOKit.framework/Headers/storage/ata/IOATAStorageDefines.h
/Applications/Xcode.app/Contents/Developer/Platforms/MacOSX.platform/Developer/SDKs/MacOSX26.1.sdk/System/Library/Frameworks/IOKit.framework/Headers/stream/IOStreamLib.h
/Applications/Xcode.app/Contents/Developer/Platforms/MacOSX.platform/Developer/SDKs/MacOSX26.1.sdk/System/Library/Frameworks/IOKit.framework/Headers/stream/IOStreamShared.h
/Applications/Xcode.app/Contents/Developer/Platforms/MacOSX.platform/Developer/SDKs/MacOSX26.1.sdk/System/Library/Frameworks/IOKit.framework/Headers/usb/AppleUSBDefinitions.h
/Applications/Xcode.app/Contents/Developer/Platforms/MacOSX.platform/Developer/SDKs/MacOSX26.1.sdk/System/Library/Frameworks/IOKit.framework/Headers/usb/IOUSBHostFamilyDefinitions.h
/Applications/Xcode.app/Contents/Developer/Platforms/MacOSX.platform/Developer/SDKs/MacOSX26.1.sdk/System/Library/Frameworks/IOKit.framework/Headers/usb/IOUSBLib.h
/Applications/Xcode.app/Contents/Developer/Platforms/MacOSX.platform/Developer/SDKs/MacOSX26.1.sdk/System/Library/Frameworks/IOKit.framework/Headers/usb/USB.h
/Applications/Xcode.app/Contents/Developer/Platforms/MacOSX.platform/Developer/SDKs/MacOSX26.1.sdk/System/Library/Frameworks/IOKit.framework/Headers/usb/USBSpec.h
/Applications/Xcode.app/Contents/Developer/Platforms/MacOSX.platform/Developer/SDKs/MacOSX26.1.sdk/SDKSettings.json
/Applications/Xcode.app/Contents/Developer/Toolchains/XcodeDefault.xctoolchain/usr/lib/swift/macosx/prebuilt-modules/26.1/IOKit.swiftmodule/arm64e-apple-macos.swiftmodule
/Users/rogerlin/Library/Developer/Xcode/DerivedData/FinancialCalculatorKit-ackorybalcxbfocbkqsfdzcfkgmn/Build/Products/Debug/IssueReporting.swiftmodule/arm64-apple-macos.swiftmodule
/Applications/Xcode.app/Contents/Developer/Platforms/MacOSX.platform/Developer/SDKs/MacOSX26.1.sdk/usr/include/DarwinBasic.modulemap
/Applications/Xcode.app/Contents/Developer/Platforms/MacOSX.platform/Developer/SDKs/MacOSX26.1.sdk/usr/include/Darwin.modulemap
/Applications/Xcode.app/Contents/Developer/Platforms/MacOSX.platform/Developer/SDKs/MacOSX26.1.sdk/usr/include/Darwin_C.modulemap
/Applications/Xcode.app/Contents/Developer/Platforms/MacOSX.platform/Developer/SDKs/MacOSX26.1.sdk/usr/include/Darwin_POSIX.modulemap
/Applications/Xcode.app/Contents/Developer/Platforms/MacOSX.platform/Developer/SDKs/MacOSX26.1.sdk/usr/include/net.modulemap
/Applications/Xcode.app/Contents/Developer/Platforms/MacOSX.platform/Developer/SDKs/MacOSX26.1.sdk/usr/include/netinet.modulemap
/Applications/Xcode.app/Contents/Developer/Platforms/MacOSX.platform/Developer/SDKs/MacOSX26.1.sdk/usr/include/bank.modulemap
/Applications/Xcode.app/Contents/Developer/Platforms/MacOSX.platform/Developer/SDKs/MacOSX26.1.sdk/usr/include/Darwin_Mach.modulemap
/Applications/Xcode.app/Contents/Developer/Platforms/MacOSX.platform/Developer/SDKs/MacOSX26.1.sdk/usr/include/Darwin_Mach_machine.modulemap
/Applications/Xcode.app/Contents/Developer/Platforms/MacOSX.platform/Developer/SDKs/MacOSX26.1.sdk/usr/include/mach_debug.modulemap
/Applications/Xcode.app/Contents/Developer/Platforms/MacOSX.platform/Developer/SDKs/MacOSX26.1.sdk/usr/include/device.modulemap
/Applications/Xcode.app/Contents/Developer/Platforms/MacOSX.platform/Developer/SDKs/MacOSX26.1.sdk/usr/include/Darwin_machine.modulemap
/Applications/Xcode.app/Contents/Developer/Platforms/MacOSX.platform/Developer/SDKs/MacOSX26.1.sdk/usr/include/ncurses.modulemap
/Applications/Xcode.app/Contents/Developer/Platforms/MacOSX.platform/Developer/SDKs/MacOSX26.1.sdk/usr/include/netinet6.modulemap
/Applications/Xcode.app/Contents/Developer/Platforms/MacOSX.platform/Developer/SDKs/MacOSX26.1.sdk/usr/include/Darwin_sys.modulemap
/Applications/Xcode.app/Contents/Developer/Platforms/MacOSX.platform/Developer/SDKs/MacOSX26.1.sdk/usr/include/uuid.modulemap
/Applications/Xcode.app/Contents/Developer/Platforms/MacOSX.platform/Developer/SDKs/MacOSX26.1.sdk/usr/include/DarwinFoundation2.modulemap
/Applications/Xcode.app/Contents/Developer/Platforms/MacOSX.platform/Developer/SDKs/MacOSX26.1.sdk/usr/include/DarwinFoundation3.modulemap
/Applications/Xcode.app/Contents/Developer/Platforms/MacOSX.platform/Developer/SDKs/MacOSX26.1.sdk/usr/include/DarwinFoundation1.modulemap
/Applications/Xcode.app/Contents/Developer/Platforms/MacOSX.platform/Developer/SDKs/MacOSX26.1.sdk/usr/include/mach-o/arch.h
/Applications/Xcode.app/Contents/Developer/Toolchains/XcodeDefault.xctoolchain/usr/lib/swift/clang/include/module.modulemap
/Applications/Xcode.app/Contents/Developer/Platforms/MacOSX.platform/Developer/SDKs/MacOSX26.1.sdk/usr/include/mach-o/arm/reloc.h
/Applications/Xcode.app/Contents/Developer/Platforms/MacOSX.platform/Developer/SDKs/MacOSX26.1.sdk/usr/include/mach-o/arm64/reloc.h
/Applications/Xcode.app/Contents/Developer/Platforms/MacOSX.platform/Developer/SDKs/MacOSX26.1.sdk/usr/include/mach-o/compact_unwind_encoding.h
/Applications/Xcode.app/Contents/Developer/Platforms/MacOSX.platform/Developer/SDKs/MacOSX26.1.sdk/usr/include/mach-o/dyld.h
/Applications/Xcode.app/Contents/Developer/Toolchains/XcodeDefault.xctoolchain/usr/lib/swift/clang/include/stddef.h
/Applications/Xcode.app/Contents/Developer/Platforms/MacOSX.platform/Developer/SDKs/MacOSX26.1.sdk/usr/include/mach-o/loader.h
/Applications/Xcode.app/Contents/Developer/Platforms/MacOSX.platform/Developer/SDKs/MacOSX26.1.sdk/usr/include/mach-o/dyld_images.h
/Applications/Xcode.app/Contents/Developer/Platforms/MacOSX.platform/Developer/SDKs/MacOSX26.1.sdk/usr/include/mach-o/fat.h
/Applications/Xcode.app/Contents/Developer/Platforms/MacOSX.platform/Developer/SDKs/MacOSX26.1.sdk/usr/include/mach-o/fixup-chains.h
/Applications/Xcode.app/Contents/Developer/Platforms/MacOSX.platform/Developer/SDKs/MacOSX26.1.sdk/usr/include/mach-o/getsect.h
/Applications/Xcode.app/Contents/Developer/Platforms/MacOSX.platform/Developer/SDKs/MacOSX26.1.sdk/usr/include/mach-o/ldsyms.h
/Applications/Xcode.app/Contents/Developer/Platforms/MacOSX.platform/Developer/SDKs/MacOSX26.1.sdk/usr/include/mach-o/nlist.h
/Applications/Xcode.app/Contents/Developer/Platforms/MacOSX.platform/Developer/SDKs/MacOSX26.1.sdk/usr/include/mach-o/ranlib.h
/Applications/Xcode.app/Contents/Developer/Platforms/MacOSX.platform/Developer/SDKs/MacOSX26.1.sdk/usr/include/mach-o/reloc.h
/Applications/Xcode.app/Contents/Developer/Platforms/MacOSX.platform/Developer/SDKs/MacOSX26.1.sdk/usr/include/mach-o/stab.h
/Applications/Xcode.app/Contents/Developer/Platforms/MacOSX.platform/Developer/SDKs/MacOSX26.1.sdk/usr/include/mach-o/swap.h
/Applications/Xcode.app/Contents/Developer/Platforms/MacOSX.platform/Developer/SDKs/MacOSX26.1.sdk/usr/include/mach-o/utils.h
/Applications/Xcode.app/Contents/Developer/Platforms/MacOSX.platform/Developer/SDKs/MacOSX26.1.sdk/usr/include/mach-o/x86_64/reloc.h
/Applications/Xcode.app/Contents/Developer/Platforms/MacOSX.platform/Developer/SDKs/MacOSX26.1.sdk/SDKSettings.json
/Applications/Xcode.app/Contents/Developer/Platforms/MacOSX.platform/Developer/SDKs/MacOSX26.1.sdk/usr/include/ObjectiveC.apinotes
/Applications/Xcode.app/Contents/Developer/Platforms/MacOSX.platform/Developer/SDKs/MacOSX26.1.sdk/usr/include/DarwinBasic.modulemap
/Applications/Xcode.app/Contents/Developer/Platforms/MacOSX.platform/Developer/SDKs/MacOSX26.1.sdk/usr/include/ObjectiveC.modulemap
/Applications/Xcode.app/Contents/Developer/Platforms/MacOSX.platform/Developer/SDKs/MacOSX26.1.sdk/usr/include/Darwin.modulemap
/Applications/Xcode.app/Contents/Developer/Platforms/MacOSX.platform/Developer/SDKs/MacOSX26.1.sdk/usr/include/Darwin_C.modulemap
/Applications/Xcode.app/Contents/Developer/Platforms/MacOSX.platform/Developer/SDKs/MacOSX26.1.sdk/usr/include/Darwin_POSIX.modulemap
/Applications/Xcode.app/Contents/Developer/Platforms/MacOSX.platform/Developer/SDKs/MacOSX26.1.sdk/usr/include/net.modulemap
/Applications/Xcode.app/Contents/Developer/Platforms/MacOSX.platform/Developer/SDKs/MacOSX26.1.sdk/usr/include/netinet.modulemap
/Applications/Xcode.app/Contents/Developer/Platforms/MacOSX.platform/Developer/SDKs/MacOSX26.1.sdk/usr/include/bank.modulemap
/Applications/Xcode.app/Contents/Developer/Platforms/MacOSX.platform/Developer/SDKs/MacOSX26.1.sdk/usr/include/Darwin_Mach.modulemap
/Applications/Xcode.app/Contents/Developer/Platforms/MacOSX.platform/Developer/SDKs/MacOSX26.1.sdk/usr/include/Darwin_Mach_machine.modulemap
/Applications/Xcode.app/Contents/Developer/Platforms/MacOSX.platform/Developer/SDKs/MacOSX26.1.sdk/usr/include/mach_debug.modulemap
/Applications/Xcode.app/Contents/Developer/Platforms/MacOSX.platform/Developer/SDKs/MacOSX26.1.sdk/usr/include/device.modulemap
/Applications/Xcode.app/Contents/Developer/Platforms/MacOSX.platform/Developer/SDKs/MacOSX26.1.sdk/usr/include/Darwin_machine.modulemap
/Applications/Xcode.app/Contents/Developer/Platforms/MacOSX.platform/Developer/SDKs/MacOSX26.1.sdk/usr/include/ncurses.modulemap
/Applications/Xcode.app/Contents/Developer/Platforms/MacOSX.platform/Developer/SDKs/MacOSX26.1.sdk/usr/include/netinet6.modulemap
/Applications/Xcode.app/Contents/Developer/Platforms/MacOSX.platform/Developer/SDKs/MacOSX26.1.sdk/usr/include/Darwin_sys.modulemap
/Applications/Xcode.app/Contents/Developer/Platforms/MacOSX.platform/Developer/SDKs/MacOSX26.1.sdk/usr/include/uuid.modulemap
/Applications/Xcode.app/Contents/Developer/Platforms/MacOSX.platform/Developer/SDKs/MacOSX26.1.sdk/usr/include/DarwinFoundation2.modulemap
/Applications/Xcode.app/Contents/Developer/Platforms/MacOSX.platform/Developer/SDKs/MacOSX26.1.sdk/usr/include/DarwinFoundation3.modulemap
/Applications/Xcode.app/Contents/Developer/Platforms/MacOSX.platform/Developer/SDKs/MacOSX26.1.sdk/usr/include/DarwinFoundation1.modulemap
/Applications/Xcode.app/Contents/Developer/Platforms/MacOSX.platform/Developer/SDKs/MacOSX26.1.sdk/usr/include/objc/List.h
/Applications/Xcode.app/Contents/Developer/Platforms/MacOSX.platform/Developer/SDKs/MacOSX26.1.sdk/usr/include/objc/NSObjCRuntime.h
/Applications/Xcode.app/Contents/Developer/Toolchains/XcodeDefault.xctoolchain/usr/lib/swift/clang/include/module.modulemap
/Applications/Xcode.app/Contents/Developer/Platforms/MacOSX.platform/Developer/SDKs/MacOSX26.1.sdk/usr/include/objc/objc.h
/Applications/Xcode.app/Contents/Developer/Platforms/MacOSX.platform/Developer/SDKs/MacOSX26.1.sdk/usr/include/stdlib.h
/Applications/Xcode.app/Contents/Developer/Platforms/MacOSX.platform/Developer/SDKs/MacOSX26.1.sdk/usr/include/objc/objc-api.h
/Applications/Xcode.app/Contents/Developer/Toolchains/XcodeDefault.xctoolchain/usr/lib/swift/clang/include/stddef.h
/Applications/Xcode.app/Contents/Developer/Platforms/MacOSX.platform/Developer/SDKs/MacOSX26.1.sdk/usr/include/objc/NSObject.h
/Applications/Xcode.app/Contents/Developer/Platforms/MacOSX.platform/Developer/SDKs/MacOSX26.1.sdk/usr/include/objc/Object.h
/Applications/Xcode.app/Contents/Developer/Toolchains/XcodeDefault.xctoolchain/usr/lib/swift/clang/include/stdarg.h
/Applications/Xcode.app/Contents/Developer/Platforms/MacOSX.platform/Developer/SDKs/MacOSX26.1.sdk/usr/include/objc/objc-runtime.h
/Applications/Xcode.app/Contents/Developer/Platforms/MacOSX.platform/Developer/SDKs/MacOSX26.1.sdk/usr/include/objc/runtime.h
/Applications/Xcode.app/Contents/Developer/Platforms/MacOSX.platform/Developer/SDKs/MacOSX26.1.sdk/usr/include/objc/message.h
/Applications/Xcode.app/Contents/Developer/Platforms/MacOSX.platform/Developer/SDKs/MacOSX26.1.sdk/usr/include/objc/Protocol.h
/Applications/Xcode.app/Contents/Developer/Platforms/MacOSX.platform/Developer/SDKs/MacOSX26.1.sdk/usr/include/objc/hashtable.h
/Applications/Xcode.app/Contents/Developer/Platforms/MacOSX.platform/Developer/SDKs/MacOSX26.1.sdk/usr/include/objc/hashtable2.h
/Applications/Xcode.app/Contents/Developer/Platforms/MacOSX.platform/Developer/SDKs/MacOSX26.1.sdk/usr/include/objc/objc-auto.h
/Applications/Xcode.app/Contents/Developer/Platforms/MacOSX.platform/Developer/SDKs/MacOSX26.1.sdk/usr/include/string.h
/Applications/Xcode.app/Contents/Developer/Platforms/MacOSX.platform/Developer/SDKs/MacOSX26.1.sdk/usr/include/objc/objc-class.h
/Applications/Xcode.app/Contents/Developer/Platforms/MacOSX.platform/Developer/SDKs/MacOSX26.1.sdk/usr/include/objc/objc-exception.h
/Applications/Xcode.app/Contents/Developer/Platforms/MacOSX.platform/Developer/SDKs/MacOSX26.1.sdk/usr/include/objc/objc-load.h
/Applications/Xcode.app/Contents/Developer/Platforms/MacOSX.platform/Developer/SDKs/MacOSX26.1.sdk/usr/include/objc/objc-sync.h
/Applications/Xcode.app/Contents/Developer/Platforms/MacOSX.platform/Developer/SDKs/MacOSX26.1.sdk/SDKSettings.json
/Applications/Xcode.app/Contents/Developer/Toolchains/XcodeDefault.xctoolchain/usr/lib/swift/macosx/prebuilt-modules/26.1/ObjectiveC.swiftmodule/arm64e-apple-macos.swiftmodule
/Applications/Xcode.app/Contents/Developer/Toolchains/XcodeDefault.xctoolchain/usr/lib/swift/macosx/prebuilt-modules/26.1/Observation.swiftmodule/arm64e-apple-macos.swiftmodule
/Applications/Xcode.app/Contents/Developer/Platforms/MacOSX.platform/Developer/SDKs/MacOSX26.1.sdk/System/Library/Frameworks/Security.framework/Headers/Security.apinotes
/Applications/Xcode.app/Contents/Developer/Platforms/MacOSX.platform/Developer/SDKs/MacOSX26.1.sdk/System/Library/Frameworks/Security.framework/Modules/module.modulemap
/Applications/Xcode.app/Contents/Developer/Platforms/MacOSX.platform/Developer/SDKs/MacOSX26.1.sdk/System/Library/Frameworks/Security.framework/Headers/Security.h
/Applications/Xcode.app/Contents/Developer/Platforms/MacOSX.platform/Developer/SDKs/MacOSX26.1.sdk/System/Library/Frameworks/Security.framework/Headers/SecBase.h
/Applications/Xcode.app/Contents/Developer/Platforms/MacOSX.platform/Developer/SDKs/MacOSX26.1.sdk/usr/include/xpc.modulemap
/Applications/Xcode.app/Contents/Developer/Platforms/MacOSX.platform/Developer/SDKs/MacOSX26.1.sdk/usr/include/dispatch.modulemap
/Applications/Xcode.app/Contents/Developer/Platforms/MacOSX.platform/Developer/SDKs/MacOSX26.1.sdk/usr/include/os.modulemap
/Applications/Xcode.app/Contents/Developer/Platforms/MacOSX.platform/Developer/SDKs/MacOSX26.1.sdk/usr/include/Darwin.modulemap
/Applications/Xcode.app/Contents/Developer/Platforms/MacOSX.platform/Developer/SDKs/MacOSX26.1.sdk/usr/include/Darwin_C.modulemap
/Applications/Xcode.app/Contents/Developer/Platforms/MacOSX.platform/Developer/SDKs/MacOSX26.1.sdk/usr/include/Darwin_POSIX.modulemap
/Applications/Xcode.app/Contents/Developer/Platforms/MacOSX.platform/Developer/SDKs/MacOSX26.1.sdk/usr/include/net.modulemap
/Applications/Xcode.app/Contents/Developer/Platforms/MacOSX.platform/Developer/SDKs/MacOSX26.1.sdk/usr/include/netinet.modulemap
/Applications/Xcode.app/Contents/Developer/Platforms/MacOSX.platform/Developer/SDKs/MacOSX26.1.sdk/usr/include/bank.modulemap
/Applications/Xcode.app/Contents/Developer/Platforms/MacOSX.platform/Developer/SDKs/MacOSX26.1.sdk/usr/include/Darwin_Mach.modulemap
/Applications/Xcode.app/Contents/Developer/Platforms/MacOSX.platform/Developer/SDKs/MacOSX26.1.sdk/usr/include/Darwin_Mach_machine.modulemap
/Applications/Xcode.app/Contents/Developer/Platforms/MacOSX.platform/Developer/SDKs/MacOSX26.1.sdk/usr/include/mach_debug.modulemap
/Applications/Xcode.app/Contents/Developer/Platforms/MacOSX.platform/Developer/SDKs/MacOSX26.1.sdk/usr/include/device.modulemap
/Applications/Xcode.app/Contents/Developer/Platforms/MacOSX.platform/Developer/SDKs/MacOSX26.1.sdk/usr/include/Darwin_machine.modulemap
/Applications/Xcode.app/Contents/Developer/Platforms/MacOSX.platform/Developer/SDKs/MacOSX26.1.sdk/usr/include/ncurses.modulemap
/Applications/Xcode.app/Contents/Developer/Platforms/MacOSX.platform/Developer/SDKs/MacOSX26.1.sdk/usr/include/netinet6.modulemap
/Applications/Xcode.app/Contents/Developer/Platforms/MacOSX.platform/Developer/SDKs/MacOSX26.1.sdk/usr/include/Darwin_sys.modulemap
/Applications/Xcode.app/Contents/Developer/Platforms/MacOSX.platform/Developer/SDKs/MacOSX26.1.sdk/usr/include/uuid.modulemap
/Applications/Xcode.app/Contents/Developer/Platforms/MacOSX.platform/Developer/SDKs/MacOSX26.1.sdk/usr/include/DarwinFoundation2.modulemap
/Applications/Xcode.app/Contents/Developer/Platforms/MacOSX.platform/Developer/SDKs/MacOSX26.1.sdk/usr/include/DarwinFoundation3.modulemap
/Applications/Xcode.app/Contents/Developer/Platforms/MacOSX.platform/Developer/SDKs/MacOSX26.1.sdk/usr/include/DarwinFoundation1.modulemap
/Applications/Xcode.app/Contents/Developer/Platforms/MacOSX.platform/Developer/SDKs/MacOSX26.1.sdk/System/Library/Frameworks/CoreFoundation.framework/Modules/module.modulemap
/Applications/Xcode.app/Contents/Developer/Platforms/MacOSX.platform/Developer/SDKs/MacOSX26.1.sdk/System/Library/Frameworks/Security.framework/Headers/SecCertificate.h
/Applications/Xcode.app/Contents/Developer/Platforms/MacOSX.platform/Developer/SDKs/MacOSX26.1.sdk/System/Library/Frameworks/Security.framework/Headers/cssmtype.h
/Applications/Xcode.app/Contents/Developer/Platforms/MacOSX.platform/Developer/SDKs/MacOSX26.1.sdk/System/Library/Frameworks/Security.framework/Headers/cssmconfig.h
/Applications/Xcode.app/Contents/Developer/Toolchains/XcodeDefault.xctoolchain/usr/lib/swift/clang/include/module.modulemap
/Applications/Xcode.app/Contents/Developer/Platforms/MacOSX.platform/Developer/SDKs/MacOSX26.1.sdk/System/Library/Frameworks/Security.framework/Headers/SecAsn1Types.h
/Applications/Xcode.app/Contents/Developer/Platforms/MacOSX.platform/Developer/SDKs/MacOSX26.1.sdk/System/Library/Frameworks/Security.framework/Headers/x509defs.h
/Applications/Xcode.app/Contents/Developer/Platforms/MacOSX.platform/Developer/SDKs/MacOSX26.1.sdk/System/Library/Frameworks/Security.framework/Headers/SecIdentity.h
/Applications/Xcode.app/Contents/Developer/Platforms/MacOSX.platform/Developer/SDKs/MacOSX26.1.sdk/System/Library/Frameworks/Security.framework/Headers/SecAccessControl.h
/Applications/Xcode.app/Contents/Developer/Platforms/MacOSX.platform/Developer/SDKs/MacOSX26.1.sdk/System/Library/Frameworks/Security.framework/Headers/SecItem.h
/Applications/Xcode.app/Contents/Developer/Platforms/MacOSX.platform/Developer/SDKs/MacOSX26.1.sdk/System/Library/Frameworks/Security.framework/Headers/SecKey.h
/Applications/Xcode.app/Contents/Developer/Platforms/MacOSX.platform/Developer/SDKs/MacOSX26.1.sdk/System/Library/Frameworks/Security.framework/Headers/SecAccess.h
/Applications/Xcode.app/Contents/Developer/Platforms/MacOSX.platform/Developer/SDKs/MacOSX26.1.sdk/System/Library/Frameworks/Security.framework/Headers/SecPolicy.h
/Applications/Xcode.app/Contents/Developer/Platforms/MacOSX.platform/Developer/SDKs/MacOSX26.1.sdk/System/Library/Frameworks/Security.framework/Headers/SecRandom.h
/Applications/Xcode.app/Contents/Developer/Platforms/MacOSX.platform/Developer/SDKs/MacOSX26.1.sdk/System/Library/Frameworks/Security.framework/Headers/SecImportExport.h
/Applications/Xcode.app/Contents/Developer/Platforms/MacOSX.platform/Developer/SDKs/MacOSX26.1.sdk/System/Library/Frameworks/Security.framework/Headers/SecKeychain.h
/Applications/Xcode.app/Contents/Developer/Platforms/MacOSX.platform/Developer/SDKs/MacOSX26.1.sdk/System/Library/Frameworks/Security.framework/Headers/cssmapple.h
/Applications/Xcode.app/Contents/Developer/Platforms/MacOSX.platform/Developer/SDKs/MacOSX26.1.sdk/System/Library/Frameworks/Security.framework/Headers/cssmerr.h
/Applications/Xcode.app/Contents/Developer/Platforms/MacOSX.platform/Developer/SDKs/MacOSX26.1.sdk/System/Library/Frameworks/Security.framework/Headers/certextensions.h
/Applications/Xcode.app/Contents/Developer/Platforms/MacOSX.platform/Developer/SDKs/MacOSX26.1.sdk/System/Library/Frameworks/Security.framework/Headers/SecTrust.h
/Applications/Xcode.app/Contents/Developer/Platforms/MacOSX.platform/Developer/SDKs/MacOSX26.1.sdk/System/Library/Frameworks/Security.framework/Headers/SecSharedCredential.h
/Applications/Xcode.app/Contents/Developer/Platforms/MacOSX.platform/Developer/SDKs/MacOSX26.1.sdk/System/Library/Frameworks/Security.framework/Headers/SecProtocolOptions.h
/Applications/Xcode.app/Contents/Developer/Platforms/MacOSX.platform/Developer/SDKs/MacOSX26.1.sdk/System/Library/Frameworks/Security.framework/Headers/SecProtocolObject.h
/Applications/Xcode.app/Contents/Developer/Platforms/MacOSX.platform/Developer/SDKs/MacOSX26.1.sdk/System/Library/Frameworks/Security.framework/Headers/SecProtocolTypes.h
/Applications/Xcode.app/Contents/Developer/Platforms/MacOSX.platform/Developer/SDKs/MacOSX26.1.sdk/System/Library/Frameworks/Security.framework/Headers/CipherSuite.h
/Applications/Xcode.app/Contents/Developer/Platforms/MacOSX.platform/Developer/SDKs/MacOSX26.1.sdk/System/Library/Frameworks/Security.framework/Headers/SecProtocolMetadata.h
/Applications/Xcode.app/Contents/Developer/Platforms/MacOSX.platform/Developer/SDKs/MacOSX26.1.sdk/System/Library/Frameworks/Security.framework/Headers/AuthSession.h
/Applications/Xcode.app/Contents/Developer/Platforms/MacOSX.platform/Developer/SDKs/MacOSX26.1.sdk/System/Library/Frameworks/Security.framework/Headers/Authorization.h
/Applications/Xcode.app/Contents/Developer/Platforms/MacOSX.platform/Developer/SDKs/MacOSX26.1.sdk/usr/include/stdio.h
/Applications/Xcode.app/Contents/Developer/Platforms/MacOSX.platform/Developer/SDKs/MacOSX26.1.sdk/System/Library/Frameworks/Security.framework/Headers/cssm.h
/Applications/Xcode.app/Contents/Developer/Platforms/MacOSX.platform/Developer/SDKs/MacOSX26.1.sdk/System/Library/Frameworks/Security.framework/Headers/emmtype.h
/Applications/Xcode.app/Contents/Developer/Platforms/MacOSX.platform/Developer/SDKs/MacOSX26.1.sdk/System/Library/Frameworks/Security.framework/Headers/cssmapi.h
/Applications/Xcode.app/Contents/Developer/Platforms/MacOSX.platform/Developer/SDKs/MacOSX26.1.sdk/System/Library/Frameworks/Security.framework/Headers/cssmaci.h
/Applications/Xcode.app/Contents/Developer/Platforms/MacOSX.platform/Developer/SDKs/MacOSX26.1.sdk/System/Library/Frameworks/Security.framework/Headers/cssmcli.h
/Applications/Xcode.app/Contents/Developer/Platforms/MacOSX.platform/Developer/SDKs/MacOSX26.1.sdk/System/Library/Frameworks/Security.framework/Headers/cssmcspi.h
/Applications/Xcode.app/Contents/Developer/Platforms/MacOSX.platform/Developer/SDKs/MacOSX26.1.sdk/System/Library/Frameworks/Security.framework/Headers/cssmspi.h
/Applications/Xcode.app/Contents/Developer/Platforms/MacOSX.platform/Developer/SDKs/MacOSX26.1.sdk/System/Library/Frameworks/Security.framework/Headers/cssmdli.h
/Applications/Xcode.app/Contents/Developer/Platforms/MacOSX.platform/Developer/SDKs/MacOSX26.1.sdk/System/Library/Frameworks/Security.framework/Headers/cssmkrapi.h
/Applications/Xcode.app/Contents/Developer/Platforms/MacOSX.platform/Developer/SDKs/MacOSX26.1.sdk/System/Library/Frameworks/Security.framework/Headers/cssmkrspi.h
/Applications/Xcode.app/Contents/Developer/Platforms/MacOSX.platform/Developer/SDKs/MacOSX26.1.sdk/System/Library/Frameworks/Security.framework/Headers/cssmtpi.h
/Applications/Xcode.app/Contents/Developer/Platforms/MacOSX.platform/Developer/SDKs/MacOSX26.1.sdk/System/Library/Frameworks/Security.framework/Headers/emmspi.h
/Applications/Xcode.app/Contents/Developer/Platforms/MacOSX.platform/Developer/SDKs/MacOSX26.1.sdk/System/Library/Frameworks/Security.framework/Headers/mds.h
/Applications/Xcode.app/Contents/Developer/Platforms/MacOSX.platform/Developer/SDKs/MacOSX26.1.sdk/System/Library/Frameworks/Security.framework/Headers/mds_schema.h
/Applications/Xcode.app/Contents/Developer/Platforms/MacOSX.platform/Developer/SDKs/MacOSX26.1.sdk/System/Library/Frameworks/Security.framework/Headers/oidsalg.h
/Applications/Xcode.app/Contents/Developer/Platforms/MacOSX.platform/Developer/SDKs/MacOSX26.1.sdk/System/Library/Frameworks/Security.framework/Headers/oidsattr.h
/Applications/Xcode.app/Contents/Developer/Platforms/MacOSX.platform/Developer/SDKs/MacOSX26.1.sdk/System/Library/Frameworks/Security.framework/Headers/oidsbase.h
/Applications/Xcode.app/Contents/Developer/Platforms/MacOSX.platform/Developer/SDKs/MacOSX26.1.sdk/System/Library/Frameworks/Security.framework/Headers/oidscert.h
/Applications/Xcode.app/Contents/Developer/Platforms/MacOSX.platform/Developer/SDKs/MacOSX26.1.sdk/System/Library/Frameworks/Security.framework/Headers/oidscrl.h
/Applications/Xcode.app/Contents/Developer/Platforms/MacOSX.platform/Developer/SDKs/MacOSX26.1.sdk/System/Library/Frameworks/Security.framework/Headers/SecACL.h
/Applications/Xcode.app/Contents/Developer/Platforms/MacOSX.platform/Developer/SDKs/MacOSX26.1.sdk/System/Library/Frameworks/Security.framework/Headers/SecCertificateOIDs.h
/Applications/Xcode.app/Contents/Developer/Platforms/MacOSX.platform/Developer/SDKs/MacOSX26.1.sdk/System/Library/Frameworks/Security.framework/Headers/SecIdentitySearch.h
/Applications/Xcode.app/Contents/Developer/Platforms/MacOSX.platform/Developer/SDKs/MacOSX26.1.sdk/System/Library/Frameworks/Security.framework/Headers/SecKeychainItem.h
/Applications/Xcode.app/Contents/Developer/Platforms/MacOSX.platform/Developer/SDKs/MacOSX26.1.sdk/System/Library/Frameworks/Security.framework/Headers/SecKeychainSearch.h
/Applications/Xcode.app/Contents/Developer/Platforms/MacOSX.platform/Developer/SDKs/MacOSX26.1.sdk/System/Library/Frameworks/Security.framework/Headers/SecPolicySearch.h
/Applications/Xcode.app/Contents/Developer/Platforms/MacOSX.platform/Developer/SDKs/MacOSX26.1.sdk/System/Library/Frameworks/Security.framework/Headers/SecTrustedApplication.h
/Applications/Xcode.app/Contents/Developer/Platforms/MacOSX.platform/Developer/SDKs/MacOSX26.1.sdk/System/Library/Frameworks/Security.framework/Headers/SecTrustSettings.h
/Applications/Xcode.app/Contents/Developer/Platforms/MacOSX.platform/Developer/SDKs/MacOSX26.1.sdk/System/Library/Frameworks/Security.framework/Headers/SecStaticCode.h
/Applications/Xcode.app/Contents/Developer/Platforms/MacOSX.platform/Developer/SDKs/MacOSX26.1.sdk/System/Library/Frameworks/Security.framework/Headers/CSCommon.h
/Applications/Xcode.app/Contents/Developer/Platforms/MacOSX.platform/Developer/SDKs/MacOSX26.1.sdk/System/Library/Frameworks/Security.framework/Headers/SecCode.h
/Applications/Xcode.app/Contents/Developer/Platforms/MacOSX.platform/Developer/SDKs/MacOSX26.1.sdk/System/Library/Frameworks/Security.framework/Headers/SecCodeHost.h
/Applications/Xcode.app/Contents/Developer/Platforms/MacOSX.platform/Developer/SDKs/MacOSX26.1.sdk/System/Library/Frameworks/Security.framework/Headers/SecRequirement.h
/Applications/Xcode.app/Contents/Developer/Platforms/MacOSX.platform/Developer/SDKs/MacOSX26.1.sdk/System/Library/Frameworks/Security.framework/Headers/SecTask.h
/Applications/Xcode.app/Contents/Developer/Platforms/MacOSX.platform/Developer/SDKs/MacOSX26.1.sdk/System/Library/Frameworks/Security.framework/Headers/AuthorizationTags.h
/Applications/Xcode.app/Contents/Developer/Platforms/MacOSX.platform/Developer/SDKs/MacOSX26.1.sdk/System/Library/Frameworks/Security.framework/Headers/AuthorizationDB.h
/Applications/Xcode.app/Contents/Developer/Platforms/MacOSX.platform/Developer/SDKs/MacOSX26.1.sdk/System/Library/Frameworks/Security.framework/Headers/CMSDecoder.h
/Applications/Xcode.app/Contents/Developer/Platforms/MacOSX.platform/Developer/SDKs/MacOSX26.1.sdk/System/Library/Frameworks/Security.framework/Headers/CMSEncoder.h
/Applications/Xcode.app/Contents/Developer/Platforms/MacOSX.platform/Developer/SDKs/MacOSX26.1.sdk/System/Library/Frameworks/Security.framework/Headers/SecureTransport.h
/Applications/Xcode.app/Contents/Developer/Platforms/MacOSX.platform/Developer/SDKs/MacOSX26.1.sdk/System/Library/Frameworks/Security.framework/Headers/SecTransform.h
/Applications/Xcode.app/Contents/Developer/Platforms/MacOSX.platform/Developer/SDKs/MacOSX26.1.sdk/System/Library/Frameworks/Security.framework/Headers/SecCustomTransform.h
/Applications/Xcode.app/Contents/Developer/Platforms/MacOSX.platform/Developer/SDKs/MacOSX26.1.sdk/System/Library/Frameworks/Security.framework/Headers/SecDecodeTransform.h
/Applications/Xcode.app/Contents/Developer/Platforms/MacOSX.platform/Developer/SDKs/MacOSX26.1.sdk/System/Library/Frameworks/Security.framework/Headers/SecEncodeTransform.h
/Applications/Xcode.app/Contents/Developer/Platforms/MacOSX.platform/Developer/SDKs/MacOSX26.1.sdk/System/Library/Frameworks/Security.framework/Headers/SecDigestTransform.h
/Applications/Xcode.app/Contents/Developer/Platforms/MacOSX.platform/Developer/SDKs/MacOSX26.1.sdk/System/Library/Frameworks/Security.framework/Headers/SecEncryptTransform.h
/Applications/Xcode.app/Contents/Developer/Platforms/MacOSX.platform/Developer/SDKs/MacOSX26.1.sdk/System/Library/Frameworks/Security.framework/Headers/SecSignVerifyTransform.h
/Applications/Xcode.app/Contents/Developer/Platforms/MacOSX.platform/Developer/SDKs/MacOSX26.1.sdk/System/Library/Frameworks/Security.framework/Headers/SecReadTransform.h
/Applications/Xcode.app/Contents/Developer/Platforms/MacOSX.platform/Developer/SDKs/MacOSX26.1.sdk/System/Library/Frameworks/Security.framework/Headers/SecTransformReadTransform.h
/Applications/Xcode.app/Contents/Developer/Platforms/MacOSX.platform/Developer/SDKs/MacOSX26.1.sdk/System/Library/Frameworks/Security.framework/Headers/oids.h
/Applications/Xcode.app/Contents/Developer/Platforms/MacOSX.platform/Developer/SDKs/MacOSX26.1.sdk/usr/include/libDER/module.modulemap
/Applications/Xcode.app/Contents/Developer/Platforms/MacOSX.platform/Developer/SDKs/MacOSX26.1.sdk/usr/include/string.h
/Applications/Xcode.app/Contents/Developer/Platforms/MacOSX.platform/Developer/SDKs/MacOSX26.1.sdk/System/Library/Frameworks/Security.framework/Headers/AuthorizationPlugin.h
/Applications/Xcode.app/Contents/Developer/Platforms/MacOSX.platform/Developer/SDKs/MacOSX26.1.sdk/System/Library/Frameworks/Security.framework/Headers/CodeSigning.h
/Applications/Xcode.app/Contents/Developer/Platforms/MacOSX.platform/Developer/SDKs/MacOSX26.1.sdk/System/Library/Frameworks/Security.framework/Headers/eisl.h
/Applications/Xcode.app/Contents/Developer/Platforms/MacOSX.platform/Developer/SDKs/MacOSX26.1.sdk/System/Library/Frameworks/Security.framework/Headers/SecAsn1Coder.h
/Applications/Xcode.app/Contents/Developer/Platforms/MacOSX.platform/Developer/SDKs/MacOSX26.1.sdk/System/Library/Frameworks/Security.framework/Headers/SecAsn1Templates.h
/Applications/Xcode.app/Contents/Developer/Platforms/MacOSX.platform/Developer/SDKs/MacOSX26.1.sdk/System/Library/Frameworks/Security.framework/Headers/SecureDownload.h
/Applications/Xcode.app/Contents/Developer/Platforms/MacOSX.platform/Developer/SDKs/MacOSX26.1.sdk/SDKSettings.json
/Applications/Xcode.app/Contents/Developer/Toolchains/XcodeDefault.xctoolchain/usr/lib/swift/macosx/prebuilt-modules/26.1/Swift.swiftmodule/arm64e-apple-macos.swiftmodule
/Applications/Xcode.app/Contents/Developer/Toolchains/XcodeDefault.xctoolchain/usr/lib/swift/macosx/prebuilt-modules/26.1/SwiftOnoneSupport.swiftmodule/arm64e-apple-macos.swiftmodule
/Applications/Xcode.app/Contents/Developer/Platforms/MacOSX.platform/Developer/SDKs/MacOSX26.1.sdk/usr/lib/swift/shims/module.modulemap
/Applications/Xcode.app/Contents/Developer/Platforms/MacOSX.platform/Developer/SDKs/MacOSX26.1.sdk/usr/lib/swift/shims/AssertionReporting.h
/Applications/Xcode.app/Contents/Developer/Platforms/MacOSX.platform/Developer/SDKs/MacOSX26.1.sdk/usr/lib/swift/shims/SwiftStdint.h
/Applications/Xcode.app/Contents/Developer/Platforms/MacOSX.platform/Developer/SDKs/MacOSX26.1.sdk/usr/lib/swift/shims/Visibility.h
/Applications/Xcode.app/Contents/Developer/Platforms/MacOSX.platform/Developer/SDKs/MacOSX26.1.sdk/usr/lib/swift/shims/CoreFoundationShims.h
/Applications/Xcode.app/Contents/Developer/Platforms/MacOSX.platform/Developer/SDKs/MacOSX26.1.sdk/usr/lib/swift/shims/ObjCShims.h
/Applications/Xcode.app/Contents/Developer/Platforms/MacOSX.platform/Developer/SDKs/MacOSX26.1.sdk/usr/lib/swift/shims/EmbeddedShims.h
/Applications/Xcode.app/Contents/Developer/Platforms/MacOSX.platform/Developer/SDKs/MacOSX26.1.sdk/usr/lib/swift/shims/SwiftStddef.h
/Applications/Xcode.app/Contents/Developer/Platforms/MacOSX.platform/Developer/SDKs/MacOSX26.1.sdk/usr/lib/swift/shims/FoundationShims.h
/Applications/Xcode.app/Contents/Developer/Platforms/MacOSX.platform/Developer/SDKs/MacOSX26.1.sdk/usr/lib/swift/shims/GlobalObjects.h
/Applications/Xcode.app/Contents/Developer/Platforms/MacOSX.platform/Developer/SDKs/MacOSX26.1.sdk/usr/lib/swift/shims/SwiftStdbool.h
/Applications/Xcode.app/Contents/Developer/Platforms/MacOSX.platform/Developer/SDKs/MacOSX26.1.sdk/usr/lib/swift/shims/HeapObject.h
/Applications/Xcode.app/Contents/Developer/Platforms/MacOSX.platform/Developer/SDKs/MacOSX26.1.sdk/usr/lib/swift/shims/RefCount.h
/Applications/Xcode.app/Contents/Developer/Platforms/MacOSX.platform/Developer/SDKs/MacOSX26.1.sdk/usr/lib/swift/shims/System.h
/Applications/Xcode.app/Contents/Developer/Platforms/MacOSX.platform/Developer/SDKs/MacOSX26.1.sdk/usr/lib/swift/shims/Target.h
/Applications/Xcode.app/Contents/Developer/Platforms/MacOSX.platform/Developer/SDKs/MacOSX26.1.sdk/usr/lib/swift/shims/KeyPath.h
/Applications/Xcode.app/Contents/Developer/Platforms/MacOSX.platform/Developer/SDKs/MacOSX26.1.sdk/usr/lib/swift/shims/LibcShims.h
/Applications/Xcode.app/Contents/Developer/Platforms/MacOSX.platform/Developer/SDKs/MacOSX26.1.sdk/usr/lib/swift/shims/MetadataSections.h
/Applications/Xcode.app/Contents/Developer/Platforms/MacOSX.platform/Developer/SDKs/MacOSX26.1.sdk/usr/lib/swift/shims/Random.h
/Applications/Xcode.app/Contents/Developer/Platforms/MacOSX.platform/Developer/SDKs/MacOSX26.1.sdk/usr/lib/swift/shims/Reflection.h
/Applications/Xcode.app/Contents/Developer/Platforms/MacOSX.platform/Developer/SDKs/MacOSX26.1.sdk/usr/lib/swift/shims/RuntimeShims.h
/Applications/Xcode.app/Contents/Developer/Platforms/MacOSX.platform/Developer/SDKs/MacOSX26.1.sdk/usr/lib/swift/shims/RuntimeStubs.h
/Applications/Xcode.app/Contents/Developer/Platforms/MacOSX.platform/Developer/SDKs/MacOSX26.1.sdk/usr/lib/swift/shims/ThreadLocalStorage.h
/Applications/Xcode.app/Contents/Developer/Platforms/MacOSX.platform/Developer/SDKs/MacOSX26.1.sdk/usr/lib/swift/shims/UnicodeData.h
/Applications/Xcode.app/Contents/Developer/Platforms/MacOSX.platform/Developer/SDKs/MacOSX26.1.sdk/SDKSettings.json
/Applications/Xcode.app/Contents/Developer/Toolchains/XcodeDefault.xctoolchain/usr/lib/swift/macosx/prebuilt-modules/26.1/System.swiftmodule/arm64e-apple-macos.swiftmodule
/Users/rogerlin/Library/Developer/Xcode/DerivedData/FinancialCalculatorKit-ackorybalcxbfocbkqsfdzcfkgmn/Build/Products/Debug/XCTestDynamicOverlay.swiftmodule/arm64-apple-macos.swiftmodule
/Applications/Xcode.app/Contents/Developer/Toolchains/XcodeDefault.xctoolchain/usr/lib/swift/macosx/prebuilt-modules/26.1/XPC.swiftmodule/arm64e-apple-macos.swiftmodule
/Applications/Xcode.app/Contents/Developer/Platforms/MacOSX.platform/Developer/SDKs/MacOSX26.1.sdk/usr/include/XPC.apinotes
/Applications/Xcode.app/Contents/Developer/Platforms/MacOSX.platform/Developer/SDKs/MacOSX26.1.sdk/usr/include/launch.modulemap
/Applications/Xcode.app/Contents/Developer/Platforms/MacOSX.platform/Developer/SDKs/MacOSX26.1.sdk/usr/include/xpc.modulemap
/Applications/Xcode.app/Contents/Developer/Platforms/MacOSX.platform/Developer/SDKs/MacOSX26.1.sdk/usr/include/dispatch.modulemap
/Applications/Xcode.app/Contents/Developer/Platforms/MacOSX.platform/Developer/SDKs/MacOSX26.1.sdk/usr/include/os.modulemap
/Applications/Xcode.app/Contents/Developer/Platforms/MacOSX.platform/Developer/SDKs/MacOSX26.1.sdk/usr/include/Darwin.modulemap
/Applications/Xcode.app/Contents/Developer/Platforms/MacOSX.platform/Developer/SDKs/MacOSX26.1.sdk/usr/include/Darwin_C.modulemap
/Applications/Xcode.app/Contents/Developer/Platforms/MacOSX.platform/Developer/SDKs/MacOSX26.1.sdk/usr/include/Darwin_POSIX.modulemap
/Applications/Xcode.app/Contents/Developer/Platforms/MacOSX.platform/Developer/SDKs/MacOSX26.1.sdk/usr/include/net.modulemap
/Applications/Xcode.app/Contents/Developer/Platforms/MacOSX.platform/Developer/SDKs/MacOSX26.1.sdk/usr/include/netinet.modulemap
/Applications/Xcode.app/Contents/Developer/Platforms/MacOSX.platform/Developer/SDKs/MacOSX26.1.sdk/usr/include/bank.modulemap
/Applications/Xcode.app/Contents/Developer/Platforms/MacOSX.platform/Developer/SDKs/MacOSX26.1.sdk/usr/include/Darwin_Mach.modulemap
/Applications/Xcode.app/Contents/Developer/Platforms/MacOSX.platform/Developer/SDKs/MacOSX26.1.sdk/usr/include/Darwin_Mach_machine.modulemap
/Applications/Xcode.app/Contents/Developer/Platforms/MacOSX.platform/Developer/SDKs/MacOSX26.1.sdk/usr/include/mach_debug.modulemap
/Applications/Xcode.app/Contents/Developer/Platforms/MacOSX.platform/Developer/SDKs/MacOSX26.1.sdk/usr/include/device.modulemap
/Applications/Xcode.app/Contents/Developer/Platforms/MacOSX.platform/Developer/SDKs/MacOSX26.1.sdk/usr/include/Darwin_machine.modulemap
/Applications/Xcode.app/Contents/Developer/Platforms/MacOSX.platform/Developer/SDKs/MacOSX26.1.sdk/usr/include/ncurses.modulemap
/Applications/Xcode.app/Contents/Developer/Platforms/MacOSX.platform/Developer/SDKs/MacOSX26.1.sdk/usr/include/netinet6.modulemap
/Applications/Xcode.app/Contents/Developer/Platforms/MacOSX.platform/Developer/SDKs/MacOSX26.1.sdk/usr/include/Darwin_sys.modulemap
/Applications/Xcode.app/Contents/Developer/Platforms/MacOSX.platform/Developer/SDKs/MacOSX26.1.sdk/usr/include/uuid.modulemap
/Applications/Xcode.app/Contents/Developer/Platforms/MacOSX.platform/Developer/SDKs/MacOSX26.1.sdk/usr/include/DarwinFoundation2.modulemap
/Applications/Xcode.app/Contents/Developer/Platforms/MacOSX.platform/Developer/SDKs/MacOSX26.1.sdk/usr/include/DarwinFoundation3.modulemap
/Applications/Xcode.app/Contents/Developer/Platforms/MacOSX.platform/Developer/SDKs/MacOSX26.1.sdk/usr/include/DarwinFoundation1.modulemap
/Applications/Xcode.app/Contents/Developer/Platforms/MacOSX.platform/Developer/SDKs/MacOSX26.1.sdk/usr/include/xpc/xpc.h
/Applications/Xcode.app/Contents/Developer/Toolchains/XcodeDefault.xctoolchain/usr/lib/swift/clang/include/module.modulemap
/Applications/Xcode.app/Contents/Developer/Toolchains/XcodeDefault.xctoolchain/usr/lib/swift/clang/include/stdarg.h
/Applications/Xcode.app/Contents/Developer/Platforms/MacOSX.platform/Developer/SDKs/MacOSX26.1.sdk/usr/include/stdlib.h
/Applications/Xcode.app/Contents/Developer/Platforms/MacOSX.platform/Developer/SDKs/MacOSX26.1.sdk/usr/include/stdio.h
/Applications/Xcode.app/Contents/Developer/Platforms/MacOSX.platform/Developer/SDKs/MacOSX26.1.sdk/usr/include/string.h
/Applications/Xcode.app/Contents/Developer/Platforms/MacOSX.platform/Developer/SDKs/MacOSX26.1.sdk/usr/include/xpc/base.h
/Applications/Xcode.app/Contents/Developer/Platforms/MacOSX.platform/Developer/SDKs/MacOSX26.1.sdk/usr/include/xpc/availability.h
/Applications/Xcode.app/Contents/Developer/Platforms/MacOSX.platform/Developer/SDKs/MacOSX26.1.sdk/usr/include/xpc/endpoint.h
/Applications/Xcode.app/Contents/Developer/Platforms/MacOSX.platform/Developer/SDKs/MacOSX26.1.sdk/usr/include/xpc/debug.h
/Applications/Xcode.app/Contents/Developer/Platforms/MacOSX.platform/Developer/SDKs/MacOSX26.1.sdk/usr/include/xpc/activity.h
/Applications/Xcode.app/Contents/Developer/Platforms/MacOSX.platform/Developer/SDKs/MacOSX26.1.sdk/usr/include/xpc/peer_requirement.h
/Applications/Xcode.app/Contents/Developer/Platforms/MacOSX.platform/Developer/SDKs/MacOSX26.1.sdk/usr/include/xpc/connection.h
/Applications/Xcode.app/Contents/Developer/Platforms/MacOSX.platform/Developer/SDKs/MacOSX26.1.sdk/usr/include/xpc/rich_error.h
/Applications/Xcode.app/Contents/Developer/Platforms/MacOSX.platform/Developer/SDKs/MacOSX26.1.sdk/usr/include/xpc/session.h
/Applications/Xcode.app/Contents/Developer/Platforms/MacOSX.platform/Developer/SDKs/MacOSX26.1.sdk/usr/include/xpc/listener.h
/Applications/Xcode.app/Contents/Developer/Platforms/MacOSX.platform/Developer/SDKs/MacOSX26.1.sdk/SDKSettings.json
/Applications/Xcode.app/Contents/Developer/Platforms/MacOSX.platform/Developer/SDKs/MacOSX26.1.sdk/usr/include/DarwinFoundation1.modulemap
/Applications/Xcode.app/Contents/Developer/Platforms/MacOSX.platform/Developer/SDKs/MacOSX26.1.sdk/usr/include/AvailabilityInternal.h
/Applications/Xcode.app/Contents/Developer/Platforms/MacOSX.platform/Developer/SDKs/MacOSX26.1.sdk/usr/include/AvailabilityVersions.h
/Applications/Xcode.app/Contents/Developer/Platforms/MacOSX.platform/Developer/SDKs/MacOSX26.1.sdk/usr/include/AvailabilityInternalLegacy.h
/Applications/Xcode.app/Contents/Developer/Platforms/MacOSX.platform/Developer/SDKs/MacOSX26.1.sdk/SDKSettings.json
/Applications/Xcode.app/Contents/Developer/Toolchains/XcodeDefault.xctoolchain/usr/lib/swift/clang/include/module.modulemap
/Applications/Xcode.app/Contents/Developer/Toolchains/XcodeDefault.xctoolchain/usr/lib/swift/clang/include/float.h
/Applications/Xcode.app/Contents/Developer/Platforms/MacOSX.platform/Developer/SDKs/MacOSX26.1.sdk/SDKSettings.json
/Applications/Xcode.app/Contents/Developer/Toolchains/XcodeDefault.xctoolchain/usr/lib/swift/macosx/prebuilt-modules/26.1/_Builtin_float.swiftmodule/arm64e-apple-macos.swiftmodule
/Applications/Xcode.app/Contents/Developer/Toolchains/XcodeDefault.xctoolchain/usr/lib/swift/clang/include/module.modulemap
/Applications/Xcode.app/Contents/Developer/Toolchains/XcodeDefault.xctoolchain/usr/lib/swift/clang/include/inttypes.h
/Applications/Xcode.app/Contents/Developer/Platforms/MacOSX.platform/Developer/SDKs/MacOSX26.1.sdk/usr/include/DarwinFoundation3.modulemap
/Applications/Xcode.app/Contents/Developer/Platforms/MacOSX.platform/Developer/SDKs/MacOSX26.1.sdk/usr/include/inttypes.h
/Applications/Xcode.app/Contents/Developer/Platforms/MacOSX.platform/Developer/SDKs/MacOSX26.1.sdk/SDKSettings.json
/Applications/Xcode.app/Contents/Developer/Toolchains/XcodeDefault.xctoolchain/usr/lib/swift/clang/include/module.modulemap
/Applications/Xcode.app/Contents/Developer/Toolchains/XcodeDefault.xctoolchain/usr/lib/swift/clang/include/limits.h
/Applications/Xcode.app/Contents/Developer/Platforms/MacOSX.platform/Developer/SDKs/MacOSX26.1.sdk/usr/include/DarwinFoundation1.modulemap
/Applications/Xcode.app/Contents/Developer/Platforms/MacOSX.platform/Developer/SDKs/MacOSX26.1.sdk/SDKSettings.json
/Applications/Xcode.app/Contents/Developer/Toolchains/XcodeDefault.xctoolchain/usr/lib/swift/clang/include/module.modulemap
/Applications/Xcode.app/Contents/Developer/Toolchains/XcodeDefault.xctoolchain/usr/lib/swift/clang/include/__stdarg___gnuc_va_list.h
/Applications/Xcode.app/Contents/Developer/Toolchains/XcodeDefault.xctoolchain/usr/lib/swift/clang/include/__stdarg___va_copy.h
/Applications/Xcode.app/Contents/Developer/Toolchains/XcodeDefault.xctoolchain/usr/lib/swift/clang/include/__stdarg_header_macro.h
/Applications/Xcode.app/Contents/Developer/Toolchains/XcodeDefault.xctoolchain/usr/lib/swift/clang/include/__stdarg_va_arg.h
/Applications/Xcode.app/Contents/Developer/Toolchains/XcodeDefault.xctoolchain/usr/lib/swift/clang/include/__stdarg_va_copy.h
/Applications/Xcode.app/Contents/Developer/Toolchains/XcodeDefault.xctoolchain/usr/lib/swift/clang/include/__stdarg_va_list.h
/Applications/Xcode.app/Contents/Developer/Platforms/MacOSX.platform/Developer/SDKs/MacOSX26.1.sdk/SDKSettings.json
/Applications/Xcode.app/Contents/Developer/Toolchains/XcodeDefault.xctoolchain/usr/lib/swift/clang/include/module.modulemap
/Applications/Xcode.app/Contents/Developer/Toolchains/XcodeDefault.xctoolchain/usr/lib/swift/clang/include/stdatomic.h
/Applications/Xcode.app/Contents/Developer/Toolchains/XcodeDefault.xctoolchain/usr/lib/swift/clang/include/stddef.h
/Applications/Xcode.app/Contents/Developer/Platforms/MacOSX.platform/Developer/SDKs/MacOSX26.1.sdk/SDKSettings.json
/Applications/Xcode.app/Contents/Developer/Toolchains/XcodeDefault.xctoolchain/usr/lib/swift/clang/include/module.modulemap
/Applications/Xcode.app/Contents/Developer/Toolchains/XcodeDefault.xctoolchain/usr/lib/swift/clang/include/stdbool.h
/Applications/Xcode.app/Contents/Developer/Platforms/MacOSX.platform/Developer/SDKs/MacOSX26.1.sdk/SDKSettings.json
/Applications/Xcode.app/Contents/Developer/Toolchains/XcodeDefault.xctoolchain/usr/lib/swift/clang/include/module.modulemap
/Applications/Xcode.app/Contents/Developer/Toolchains/XcodeDefault.xctoolchain/usr/lib/swift/clang/include/__stddef_header_macro.h
/Applications/Xcode.app/Contents/Developer/Toolchains/XcodeDefault.xctoolchain/usr/lib/swift/clang/include/__stddef_max_align_t.h
/Applications/Xcode.app/Contents/Developer/Toolchains/XcodeDefault.xctoolchain/usr/lib/swift/clang/include/__stddef_null.h
/Applications/Xcode.app/Contents/Developer/Toolchains/XcodeDefault.xctoolchain/usr/lib/swift/clang/include/__stddef_nullptr_t.h
/Applications/Xcode.app/Contents/Developer/Toolchains/XcodeDefault.xctoolchain/usr/lib/swift/clang/include/__stddef_offsetof.h
/Applications/Xcode.app/Contents/Developer/Toolchains/XcodeDefault.xctoolchain/usr/lib/swift/clang/include/__stddef_ptrdiff_t.h
/Applications/Xcode.app/Contents/Developer/Toolchains/XcodeDefault.xctoolchain/usr/lib/swift/clang/include/__stddef_rsize_t.h
/Applications/Xcode.app/Contents/Developer/Toolchains/XcodeDefault.xctoolchain/usr/lib/swift/clang/include/__stddef_size_t.h
/Applications/Xcode.app/Contents/Developer/Toolchains/XcodeDefault.xctoolchain/usr/lib/swift/clang/include/__stddef_unreachable.h
/Applications/Xcode.app/Contents/Developer/Toolchains/XcodeDefault.xctoolchain/usr/lib/swift/clang/include/__stddef_wchar_t.h
/Applications/Xcode.app/Contents/Developer/Platforms/MacOSX.platform/Developer/SDKs/MacOSX26.1.sdk/SDKSettings.json
/Applications/Xcode.app/Contents/Developer/Toolchains/XcodeDefault.xctoolchain/usr/lib/swift/clang/include/module.modulemap
/Applications/Xcode.app/Contents/Developer/Toolchains/XcodeDefault.xctoolchain/usr/lib/swift/clang/include/stdint.h
/Applications/Xcode.app/Contents/Developer/Platforms/MacOSX.platform/Developer/SDKs/MacOSX26.1.sdk/usr/include/DarwinFoundation2.modulemap
/Applications/Xcode.app/Contents/Developer/Platforms/MacOSX.platform/Developer/SDKs/MacOSX26.1.sdk/SDKSettings.json
/Applications/Xcode.app/Contents/Developer/Toolchains/XcodeDefault.xctoolchain/usr/lib/swift/macosx/prebuilt-modules/26.1/_Concurrency.swiftmodule/arm64e-apple-macos.swiftmodule
/Applications/Xcode.app/Contents/Developer/Toolchains/XcodeDefault.xctoolchain/usr/lib/swift/macosx/prebuilt-modules/26.1/_DarwinFoundation1.swiftmodule/arm64e-apple-macos.swiftmodule
/Applications/Xcode.app/Contents/Developer/Platforms/MacOSX.platform/Developer/SDKs/MacOSX26.1.sdk/usr/include/DarwinFoundation1.modulemap
/Applications/Xcode.app/Contents/Developer/Platforms/MacOSX.platform/Developer/SDKs/MacOSX26.1.sdk/usr/include/sys/appleapiopts.h
/Applications/Xcode.app/Contents/Developer/Platforms/MacOSX.platform/Developer/SDKs/MacOSX26.1.sdk/usr/include/os/availability.h
/Applications/Xcode.app/Contents/Developer/Platforms/MacOSX.platform/Developer/SDKs/MacOSX26.1.sdk/usr/include/Availability.h
/Applications/Xcode.app/Contents/Developer/Platforms/MacOSX.platform/Developer/SDKs/MacOSX26.1.sdk/usr/include/AvailabilityMacros.h
/Applications/Xcode.app/Contents/Developer/Platforms/MacOSX.platform/Developer/SDKs/MacOSX26.1.sdk/usr/include/TargetConditionals.h
/Applications/Xcode.app/Contents/Developer/Platforms/MacOSX.platform/Developer/SDKs/MacOSX26.1.sdk/usr/include/_bounds.h
/Applications/Xcode.app/Contents/Developer/Platforms/MacOSX.platform/Developer/SDKs/MacOSX26.1.sdk/usr/include/sys/cdefs.h
/Applications/Xcode.app/Contents/Developer/Platforms/MacOSX.platform/Developer/SDKs/MacOSX26.1.sdk/usr/include/sys/_symbol_aliasing.h
/Applications/Xcode.app/Contents/Developer/Platforms/MacOSX.platform/Developer/SDKs/MacOSX26.1.sdk/usr/include/sys/_posix_availability.h
/Applications/Xcode.app/Contents/Developer/Toolchains/XcodeDefault.xctoolchain/usr/lib/swift/clang/include/module.modulemap
/Applications/Xcode.app/Contents/Developer/Platforms/MacOSX.platform/Developer/SDKs/MacOSX26.1.sdk/usr/include/sys/qos.h
/Applications/Xcode.app/Contents/Developer/Platforms/MacOSX.platform/Developer/SDKs/MacOSX26.1.sdk/usr/include/machine/_endian.h
/Applications/Xcode.app/Contents/Developer/Platforms/MacOSX.platform/Developer/SDKs/MacOSX26.1.sdk/usr/include/arm/_endian.h
/Applications/Xcode.app/Contents/Developer/Platforms/MacOSX.platform/Developer/SDKs/MacOSX26.1.sdk/usr/include/sys/__endian.h
/Applications/Xcode.app/Contents/Developer/Platforms/MacOSX.platform/Developer/SDKs/MacOSX26.1.sdk/usr/include/i386/_endian.h
/Applications/Xcode.app/Contents/Developer/Platforms/MacOSX.platform/Developer/SDKs/MacOSX26.1.sdk/usr/include/__xlocale.h
/Applications/Xcode.app/Contents/Developer/Platforms/MacOSX.platform/Developer/SDKs/MacOSX26.1.sdk/usr/include/_mb_cur_max.h
/Applications/Xcode.app/Contents/Developer/Platforms/MacOSX.platform/Developer/SDKs/MacOSX26.1.sdk/usr/include/_types/_locale_t.h
/Applications/Xcode.app/Contents/Developer/Platforms/MacOSX.platform/Developer/SDKs/MacOSX26.1.sdk/usr/include/sys/_types/_u_char.h
/Applications/Xcode.app/Contents/Developer/Platforms/MacOSX.platform/Developer/SDKs/MacOSX26.1.sdk/usr/include/sys/_types/_u_short.h
/Applications/Xcode.app/Contents/Developer/Platforms/MacOSX.platform/Developer/SDKs/MacOSX26.1.sdk/usr/include/sys/_types/_u_int.h
/Applications/Xcode.app/Contents/Developer/Platforms/MacOSX.platform/Developer/SDKs/MacOSX26.1.sdk/usr/include/sys/_types/_u_int8_t.h
/Applications/Xcode.app/Contents/Developer/Platforms/MacOSX.platform/Developer/SDKs/MacOSX26.1.sdk/usr/include/sys/_types/_u_int16_t.h
/Applications/Xcode.app/Contents/Developer/Platforms/MacOSX.platform/Developer/SDKs/MacOSX26.1.sdk/usr/include/sys/_types/_u_int32_t.h
/Applications/Xcode.app/Contents/Developer/Platforms/MacOSX.platform/Developer/SDKs/MacOSX26.1.sdk/usr/include/sys/_types/_u_int64_t.h
/Applications/Xcode.app/Contents/Developer/Platforms/MacOSX.platform/Developer/SDKs/MacOSX26.1.sdk/usr/include/_assert.h
/Applications/Xcode.app/Contents/Developer/Platforms/MacOSX.platform/Developer/SDKs/MacOSX26.1.sdk/usr/include/_static_assert.h
/Applications/Xcode.app/Contents/Developer/Platforms/MacOSX.platform/Developer/SDKs/MacOSX26.1.sdk/usr/include/complex.h
/Applications/Xcode.app/Contents/Developer/Platforms/MacOSX.platform/Developer/SDKs/MacOSX26.1.sdk/usr/include/errno.h
/Applications/Xcode.app/Contents/Developer/Platforms/MacOSX.platform/Developer/SDKs/MacOSX26.1.sdk/usr/include/sys/errno.h
/Applications/Xcode.app/Contents/Developer/Platforms/MacOSX.platform/Developer/SDKs/MacOSX26.1.sdk/usr/include/sys/_types/_errno_t.h
/Applications/Xcode.app/Contents/Developer/Platforms/MacOSX.platform/Developer/SDKs/MacOSX26.1.sdk/usr/include/fenv.h
/Applications/Xcode.app/Contents/Developer/Platforms/MacOSX.platform/Developer/SDKs/MacOSX26.1.sdk/usr/include/limits.h
/Applications/Xcode.app/Contents/Developer/Platforms/MacOSX.platform/Developer/SDKs/MacOSX26.1.sdk/usr/include/machine/limits.h
/Applications/Xcode.app/Contents/Developer/Platforms/MacOSX.platform/Developer/SDKs/MacOSX26.1.sdk/usr/include/arm/limits.h
/Applications/Xcode.app/Contents/Developer/Platforms/MacOSX.platform/Developer/SDKs/MacOSX26.1.sdk/usr/include/arm/_limits.h
/Applications/Xcode.app/Contents/Developer/Platforms/MacOSX.platform/Developer/SDKs/MacOSX26.1.sdk/usr/include/sys/syslimits.h
/Applications/Xcode.app/Contents/Developer/Platforms/MacOSX.platform/Developer/SDKs/MacOSX26.1.sdk/usr/include/i386/limits.h
/Applications/Xcode.app/Contents/Developer/Platforms/MacOSX.platform/Developer/SDKs/MacOSX26.1.sdk/usr/include/machine/_limits.h
/Applications/Xcode.app/Contents/Developer/Platforms/MacOSX.platform/Developer/SDKs/MacOSX26.1.sdk/usr/include/i386/_limits.h
/Applications/Xcode.app/Contents/Developer/Platforms/MacOSX.platform/Developer/SDKs/MacOSX26.1.sdk/usr/include/math.h
/Applications/Xcode.app/Contents/Developer/Platforms/MacOSX.platform/Developer/SDKs/MacOSX26.1.sdk/usr/include/setjmp.h
/Applications/Xcode.app/Contents/Developer/Platforms/MacOSX.platform/Developer/SDKs/MacOSX26.1.sdk/SDKSettings.json
/Applications/Xcode.app/Contents/Developer/Toolchains/XcodeDefault.xctoolchain/usr/lib/swift/macosx/prebuilt-modules/26.1/_DarwinFoundation2.swiftmodule/arm64e-apple-macos.swiftmodule
/Applications/Xcode.app/Contents/Developer/Platforms/MacOSX.platform/Developer/SDKs/MacOSX26.1.sdk/usr/include/_DarwinFoundation2.apinotes
/Applications/Xcode.app/Contents/Developer/Platforms/MacOSX.platform/Developer/SDKs/MacOSX26.1.sdk/usr/include/DarwinFoundation2.modulemap
/Applications/Xcode.app/Contents/Developer/Platforms/MacOSX.platform/Developer/SDKs/MacOSX26.1.sdk/usr/include/DarwinFoundation1.modulemap
/Applications/Xcode.app/Contents/Developer/Platforms/MacOSX.platform/Developer/SDKs/MacOSX26.1.sdk/usr/include/nl_types.h
/Applications/Xcode.app/Contents/Developer/Platforms/MacOSX.platform/Developer/SDKs/MacOSX26.1.sdk/usr/include/sys/types.h
/Applications/Xcode.app/Contents/Developer/Platforms/MacOSX.platform/Developer/SDKs/MacOSX26.1.sdk/usr/include/machine/types.h
/Applications/Xcode.app/Contents/Developer/Platforms/MacOSX.platform/Developer/SDKs/MacOSX26.1.sdk/usr/include/arm/types.h
/Applications/Xcode.app/Contents/Developer/Platforms/MacOSX.platform/Developer/SDKs/MacOSX26.1.sdk/usr/include/arm/_types.h
/Applications/Xcode.app/Contents/Developer/Platforms/MacOSX.platform/Developer/SDKs/MacOSX26.1.sdk/usr/include/sys/_types/_ptrdiff_t.h
/Applications/Xcode.app/Contents/Developer/Toolchains/XcodeDefault.xctoolchain/usr/lib/swift/clang/include/module.modulemap
/Applications/Xcode.app/Contents/Developer/Toolchains/XcodeDefault.xctoolchain/usr/lib/swift/clang/include/stddef.h
/Applications/Xcode.app/Contents/Developer/Platforms/MacOSX.platform/Developer/SDKs/MacOSX26.1.sdk/usr/include/sys/_types/_size_t.h
/Applications/Xcode.app/Contents/Developer/Platforms/MacOSX.platform/Developer/SDKs/MacOSX26.1.sdk/usr/include/sys/_types/_va_list.h
/Applications/Xcode.app/Contents/Developer/Toolchains/XcodeDefault.xctoolchain/usr/lib/swift/clang/include/stdarg.h
/Applications/Xcode.app/Contents/Developer/Platforms/MacOSX.platform/Developer/SDKs/MacOSX26.1.sdk/usr/include/sys/_types/_wchar_t.h
/Applications/Xcode.app/Contents/Developer/Platforms/MacOSX.platform/Developer/SDKs/MacOSX26.1.sdk/usr/include/sys/_types/_int8_t.h
/Applications/Xcode.app/Contents/Developer/Platforms/MacOSX.platform/Developer/SDKs/MacOSX26.1.sdk/usr/include/sys/_types/_int16_t.h
/Applications/Xcode.app/Contents/Developer/Platforms/MacOSX.platform/Developer/SDKs/MacOSX26.1.sdk/usr/include/sys/_types/_int32_t.h
/Applications/Xcode.app/Contents/Developer/Platforms/MacOSX.platform/Developer/SDKs/MacOSX26.1.sdk/usr/include/sys/_types/_int64_t.h
/Applications/Xcode.app/Contents/Developer/Platforms/MacOSX.platform/Developer/SDKs/MacOSX26.1.sdk/usr/include/sys/_types/_intptr_t.h
/Applications/Xcode.app/Contents/Developer/Platforms/MacOSX.platform/Developer/SDKs/MacOSX26.1.sdk/usr/include/machine/_types.h
/Applications/Xcode.app/Contents/Developer/Platforms/MacOSX.platform/Developer/SDKs/MacOSX26.1.sdk/usr/include/sys/_types/_uintptr_t.h
/Applications/Xcode.app/Contents/Developer/Platforms/MacOSX.platform/Developer/SDKs/MacOSX26.1.sdk/usr/include/sys/_types.h
/Applications/Xcode.app/Contents/Developer/Platforms/MacOSX.platform/Developer/SDKs/MacOSX26.1.sdk/usr/include/sys/_types/_null.h
/Applications/Xcode.app/Contents/Developer/Platforms/MacOSX.platform/Developer/SDKs/MacOSX26.1.sdk/usr/include/sys/_pthread/_pthread_types.h
/Applications/Xcode.app/Contents/Developer/Platforms/MacOSX.platform/Developer/SDKs/MacOSX26.1.sdk/usr/include/machine/endian.h
/Applications/Xcode.app/Contents/Developer/Platforms/MacOSX.platform/Developer/SDKs/MacOSX26.1.sdk/usr/include/arm/endian.h
/Applications/Xcode.app/Contents/Developer/Platforms/MacOSX.platform/Developer/SDKs/MacOSX26.1.sdk/usr/include/sys/_endian.h
/Applications/Xcode.app/Contents/Developer/Platforms/MacOSX.platform/Developer/SDKs/MacOSX26.1.sdk/usr/include/libkern/_OSByteOrder.h
/Applications/Xcode.app/Contents/Developer/Platforms/MacOSX.platform/Developer/SDKs/MacOSX26.1.sdk/usr/include/libkern/arm/_OSByteOrder.h
/Applications/Xcode.app/Contents/Developer/Platforms/MacOSX.platform/Developer/SDKs/MacOSX26.1.sdk/usr/include/sys/_types/_caddr_t.h
/Applications/Xcode.app/Contents/Developer/Platforms/MacOSX.platform/Developer/SDKs/MacOSX26.1.sdk/usr/include/sys/_types/_dev_t.h
/Applications/Xcode.app/Contents/Developer/Platforms/MacOSX.platform/Developer/SDKs/MacOSX26.1.sdk/usr/include/sys/_types/_blkcnt_t.h
/Applications/Xcode.app/Contents/Developer/Platforms/MacOSX.platform/Developer/SDKs/MacOSX26.1.sdk/usr/include/sys/_types/_blksize_t.h
/Applications/Xcode.app/Contents/Developer/Platforms/MacOSX.platform/Developer/SDKs/MacOSX26.1.sdk/usr/include/sys/_types/_gid_t.h
/Applications/Xcode.app/Contents/Developer/Platforms/MacOSX.platform/Developer/SDKs/MacOSX26.1.sdk/usr/include/sys/_types/_in_addr_t.h
/Applications/Xcode.app/Contents/Developer/Platforms/MacOSX.platform/Developer/SDKs/MacOSX26.1.sdk/usr/include/sys/_types/_in_port_t.h
/Applications/Xcode.app/Contents/Developer/Platforms/MacOSX.platform/Developer/SDKs/MacOSX26.1.sdk/usr/include/sys/_types/_ino_t.h
/Applications/Xcode.app/Contents/Developer/Platforms/MacOSX.platform/Developer/SDKs/MacOSX26.1.sdk/usr/include/sys/_types/_ino64_t.h
/Applications/Xcode.app/Contents/Developer/Platforms/MacOSX.platform/Developer/SDKs/MacOSX26.1.sdk/usr/include/sys/_types/_key_t.h
/Applications/Xcode.app/Contents/Developer/Platforms/MacOSX.platform/Developer/SDKs/MacOSX26.1.sdk/usr/include/sys/_types/_mode_t.h
/Applications/Xcode.app/Contents/Developer/Platforms/MacOSX.platform/Developer/SDKs/MacOSX26.1.sdk/usr/include/sys/_types/_nlink_t.h
/Applications/Xcode.app/Contents/Developer/Platforms/MacOSX.platform/Developer/SDKs/MacOSX26.1.sdk/usr/include/sys/_types/_id_t.h
/Applications/Xcode.app/Contents/Developer/Platforms/MacOSX.platform/Developer/SDKs/MacOSX26.1.sdk/usr/include/sys/_types/_pid_t.h
/Applications/Xcode.app/Contents/Developer/Platforms/MacOSX.platform/Developer/SDKs/MacOSX26.1.sdk/usr/include/sys/_types/_off_t.h
/Applications/Xcode.app/Contents/Developer/Platforms/MacOSX.platform/Developer/SDKs/MacOSX26.1.sdk/usr/include/sys/_types/_uid_t.h
/Applications/Xcode.app/Contents/Developer/Platforms/MacOSX.platform/Developer/SDKs/MacOSX26.1.sdk/usr/include/sys/_types/_clock_t.h
/Applications/Xcode.app/Contents/Developer/Platforms/MacOSX.platform/Developer/SDKs/MacOSX26.1.sdk/usr/include/sys/_types/_ssize_t.h
/Applications/Xcode.app/Contents/Developer/Platforms/MacOSX.platform/Developer/SDKs/MacOSX26.1.sdk/usr/include/sys/_types/_time_t.h
/Applications/Xcode.app/Contents/Developer/Platforms/MacOSX.platform/Developer/SDKs/MacOSX26.1.sdk/usr/include/sys/_types/_useconds_t.h
/Applications/Xcode.app/Contents/Developer/Platforms/MacOSX.platform/Developer/SDKs/MacOSX26.1.sdk/usr/include/sys/_types/_suseconds_t.h
/Applications/Xcode.app/Contents/Developer/Platforms/MacOSX.platform/Developer/SDKs/MacOSX26.1.sdk/usr/include/sys/_types/_rsize_t.h
/Applications/Xcode.app/Contents/Developer/Platforms/MacOSX.platform/Developer/SDKs/MacOSX26.1.sdk/usr/include/sys/_types/_fd_def.h
/Applications/Xcode.app/Contents/Developer/Platforms/MacOSX.platform/Developer/SDKs/MacOSX26.1.sdk/usr/include/sys/_types/_fd_setsize.h
/Applications/Xcode.app/Contents/Developer/Platforms/MacOSX.platform/Developer/SDKs/MacOSX26.1.sdk/usr/include/sys/_types/_fd_set.h
/Applications/Xcode.app/Contents/Developer/Platforms/MacOSX.platform/Developer/SDKs/MacOSX26.1.sdk/usr/include/sys/_types/_fd_clr.h
/Applications/Xcode.app/Contents/Developer/Platforms/MacOSX.platform/Developer/SDKs/MacOSX26.1.sdk/usr/include/sys/_types/_fd_zero.h
/Applications/Xcode.app/Contents/Developer/Platforms/MacOSX.platform/Developer/SDKs/MacOSX26.1.sdk/usr/include/sys/_types/_fd_isset.h
/Applications/Xcode.app/Contents/Developer/Platforms/MacOSX.platform/Developer/SDKs/MacOSX26.1.sdk/usr/include/sys/_types/_fd_copy.h
/Applications/Xcode.app/Contents/Developer/Platforms/MacOSX.platform/Developer/SDKs/MacOSX26.1.sdk/usr/include/sys/_pthread/_pthread_attr_t.h
/Applications/Xcode.app/Contents/Developer/Platforms/MacOSX.platform/Developer/SDKs/MacOSX26.1.sdk/usr/include/sys/_pthread/_pthread_cond_t.h
/Applications/Xcode.app/Contents/Developer/Platforms/MacOSX.platform/Developer/SDKs/MacOSX26.1.sdk/usr/include/sys/_pthread/_pthread_condattr_t.h
/Applications/Xcode.app/Contents/Developer/Platforms/MacOSX.platform/Developer/SDKs/MacOSX26.1.sdk/usr/include/sys/_pthread/_pthread_mutex_t.h
/Applications/Xcode.app/Contents/Developer/Platforms/MacOSX.platform/Developer/SDKs/MacOSX26.1.sdk/usr/include/sys/_pthread/_pthread_mutexattr_t.h
/Applications/Xcode.app/Contents/Developer/Platforms/MacOSX.platform/Developer/SDKs/MacOSX26.1.sdk/usr/include/sys/_pthread/_pthread_once_t.h
/Applications/Xcode.app/Contents/Developer/Platforms/MacOSX.platform/Developer/SDKs/MacOSX26.1.sdk/usr/include/sys/_pthread/_pthread_rwlock_t.h
/Applications/Xcode.app/Contents/Developer/Platforms/MacOSX.platform/Developer/SDKs/MacOSX26.1.sdk/usr/include/sys/_pthread/_pthread_rwlockattr_t.h
/Applications/Xcode.app/Contents/Developer/Platforms/MacOSX.platform/Developer/SDKs/MacOSX26.1.sdk/usr/include/sys/_pthread/_pthread_t.h
/Applications/Xcode.app/Contents/Developer/Platforms/MacOSX.platform/Developer/SDKs/MacOSX26.1.sdk/usr/include/sys/_pthread/_pthread_key_t.h
/Applications/Xcode.app/Contents/Developer/Platforms/MacOSX.platform/Developer/SDKs/MacOSX26.1.sdk/usr/include/sys/_types/_fsblkcnt_t.h
/Applications/Xcode.app/Contents/Developer/Platforms/MacOSX.platform/Developer/SDKs/MacOSX26.1.sdk/usr/include/sys/_types/_fsfilcnt_t.h
/Applications/Xcode.app/Contents/Developer/Platforms/MacOSX.platform/Developer/SDKs/MacOSX26.1.sdk/usr/include/_types.h
/Applications/Xcode.app/Contents/Developer/Platforms/MacOSX.platform/Developer/SDKs/MacOSX26.1.sdk/usr/include/_types/_nl_item.h
/Applications/Xcode.app/Contents/Developer/Platforms/MacOSX.platform/Developer/SDKs/MacOSX26.1.sdk/usr/include/runetype.h
/Applications/Xcode.app/Contents/Developer/Platforms/MacOSX.platform/Developer/SDKs/MacOSX26.1.sdk/usr/include/sys/_types/_ct_rune_t.h
/Applications/Xcode.app/Contents/Developer/Platforms/MacOSX.platform/Developer/SDKs/MacOSX26.1.sdk/usr/include/sys/_types/_rune_t.h
/Applications/Xcode.app/Contents/Developer/Platforms/MacOSX.platform/Developer/SDKs/MacOSX26.1.sdk/usr/include/sys/_types/_wint_t.h
/Applications/Xcode.app/Contents/Developer/Platforms/MacOSX.platform/Developer/SDKs/MacOSX26.1.sdk/usr/include/alloca.h
/Applications/Xcode.app/Contents/Developer/Platforms/MacOSX.platform/Developer/SDKs/MacOSX26.1.sdk/usr/include/i386/endian.h
/Applications/Xcode.app/Contents/Developer/Platforms/MacOSX.platform/Developer/SDKs/MacOSX26.1.sdk/usr/include/libkern/i386/_OSByteOrder.h
/Applications/Xcode.app/Contents/Developer/Platforms/MacOSX.platform/Developer/SDKs/MacOSX26.1.sdk/usr/include/secure/_common.h
/Applications/Xcode.app/Contents/Developer/Platforms/MacOSX.platform/Developer/SDKs/MacOSX26.1.sdk/usr/include/sys/_types/_mach_port_t.h
/Applications/Xcode.app/Contents/Developer/Platforms/MacOSX.platform/Developer/SDKs/MacOSX26.1.sdk/usr/include/sys/_types/_offsetof.h
/Applications/Xcode.app/Contents/Developer/Platforms/MacOSX.platform/Developer/SDKs/MacOSX26.1.sdk/usr/include/_strings.h
/Applications/Xcode.app/Contents/Developer/Platforms/MacOSX.platform/Developer/SDKs/MacOSX26.1.sdk/usr/include/secure/_strings.h
/Applications/Xcode.app/Contents/Developer/Platforms/MacOSX.platform/Developer/SDKs/MacOSX26.1.sdk/usr/include/sys/_types/_timeval.h
/Applications/Xcode.app/Contents/Developer/Platforms/MacOSX.platform/Developer/SDKs/MacOSX26.1.sdk/usr/include/sys/_types/_uuid_t.h
/Applications/Xcode.app/Contents/Developer/Platforms/MacOSX.platform/Developer/SDKs/MacOSX26.1.sdk/usr/include/i386/types.h
/Applications/Xcode.app/Contents/Developer/Platforms/MacOSX.platform/Developer/SDKs/MacOSX26.1.sdk/usr/include/i386/_types.h
/Applications/Xcode.app/Contents/Developer/Platforms/MacOSX.platform/Developer/SDKs/MacOSX26.1.sdk/usr/include/_ctype.h
/Applications/Xcode.app/Contents/Developer/Platforms/MacOSX.platform/Developer/SDKs/MacOSX26.1.sdk/usr/include/xlocale/_ctype.h
/Applications/Xcode.app/Contents/Developer/Platforms/MacOSX.platform/Developer/SDKs/MacOSX26.1.sdk/usr/include/locale.h
/Applications/Xcode.app/Contents/Developer/Platforms/MacOSX.platform/Developer/SDKs/MacOSX26.1.sdk/usr/include/_locale.h
/Applications/Xcode.app/Contents/Developer/Platforms/MacOSX.platform/Developer/SDKs/MacOSX26.1.sdk/usr/include/_locale_posix2008.h
/Applications/Xcode.app/Contents/Developer/Platforms/MacOSX.platform/Developer/SDKs/MacOSX26.1.sdk/usr/include/stdint.h
/Applications/Xcode.app/Contents/Developer/Platforms/MacOSX.platform/Developer/SDKs/MacOSX26.1.sdk/usr/include/_types/_uint8_t.h
/Applications/Xcode.app/Contents/Developer/Platforms/MacOSX.platform/Developer/SDKs/MacOSX26.1.sdk/usr/include/_types/_uint16_t.h
/Applications/Xcode.app/Contents/Developer/Platforms/MacOSX.platform/Developer/SDKs/MacOSX26.1.sdk/usr/include/_types/_uint32_t.h
/Applications/Xcode.app/Contents/Developer/Platforms/MacOSX.platform/Developer/SDKs/MacOSX26.1.sdk/usr/include/_types/_uint64_t.h
/Applications/Xcode.app/Contents/Developer/Platforms/MacOSX.platform/Developer/SDKs/MacOSX26.1.sdk/usr/include/_types/_intmax_t.h
/Applications/Xcode.app/Contents/Developer/Platforms/MacOSX.platform/Developer/SDKs/MacOSX26.1.sdk/usr/include/_types/_uintmax_t.h
/Applications/Xcode.app/Contents/Developer/Platforms/MacOSX.platform/Developer/SDKs/MacOSX26.1.sdk/usr/include/_stdio.h
/Applications/Xcode.app/Contents/Developer/Platforms/MacOSX.platform/Developer/SDKs/MacOSX26.1.sdk/usr/include/sys/stdio.h
/Applications/Xcode.app/Contents/Developer/Platforms/MacOSX.platform/Developer/SDKs/MacOSX26.1.sdk/usr/include/_printf.h
/Applications/Xcode.app/Contents/Developer/Platforms/MacOSX.platform/Developer/SDKs/MacOSX26.1.sdk/usr/include/sys/_types/_seek_set.h
/Applications/Xcode.app/Contents/Developer/Platforms/MacOSX.platform/Developer/SDKs/MacOSX26.1.sdk/usr/include/_ctermid.h
/Applications/Xcode.app/Contents/Developer/Platforms/MacOSX.platform/Developer/SDKs/MacOSX26.1.sdk/usr/include/secure/_stdio.h
/Applications/Xcode.app/Contents/Developer/Platforms/MacOSX.platform/Developer/SDKs/MacOSX26.1.sdk/usr/include/xlocale/_stdio.h
/Applications/Xcode.app/Contents/Developer/Platforms/MacOSX.platform/Developer/SDKs/MacOSX26.1.sdk/usr/include/_string.h
/Applications/Xcode.app/Contents/Developer/Platforms/MacOSX.platform/Developer/SDKs/MacOSX26.1.sdk/usr/include/secure/_string.h
/Applications/Xcode.app/Contents/Developer/Platforms/MacOSX.platform/Developer/SDKs/MacOSX26.1.sdk/usr/include/xlocale/_string.h
/Applications/Xcode.app/Contents/Developer/Platforms/MacOSX.platform/Developer/SDKs/MacOSX26.1.sdk/usr/include/tgmath.h
/Applications/Xcode.app/Contents/Developer/Platforms/MacOSX.platform/Developer/SDKs/MacOSX26.1.sdk/usr/include/_time.h
/Applications/Xcode.app/Contents/Developer/Platforms/MacOSX.platform/Developer/SDKs/MacOSX26.1.sdk/usr/include/sys/_types/_timespec.h
/Applications/Xcode.app/Contents/Developer/Platforms/MacOSX.platform/Developer/SDKs/MacOSX26.1.sdk/usr/include/xlocale/_time.h
/Applications/Xcode.app/Contents/Developer/Platforms/MacOSX.platform/Developer/SDKs/MacOSX26.1.sdk/SDKSettings.json
/Applications/Xcode.app/Contents/Developer/Toolchains/XcodeDefault.xctoolchain/usr/lib/swift/macosx/prebuilt-modules/26.1/_DarwinFoundation3.swiftmodule/arm64e-apple-macos.swiftmodule
/Applications/Xcode.app/Contents/Developer/Platforms/MacOSX.platform/Developer/SDKs/MacOSX26.1.sdk/usr/include/DarwinFoundation2.modulemap
/Applications/Xcode.app/Contents/Developer/Platforms/MacOSX.platform/Developer/SDKs/MacOSX26.1.sdk/usr/include/DarwinFoundation3.modulemap
/Applications/Xcode.app/Contents/Developer/Platforms/MacOSX.platform/Developer/SDKs/MacOSX26.1.sdk/usr/include/DarwinFoundation1.modulemap
/Applications/Xcode.app/Contents/Developer/Platforms/MacOSX.platform/Developer/SDKs/MacOSX26.1.sdk/usr/include/pthread/pthread.h
/Applications/Xcode.app/Contents/Developer/Platforms/MacOSX.platform/Developer/SDKs/MacOSX26.1.sdk/usr/include/pthread/sched.h
/Applications/Xcode.app/Contents/Developer/Platforms/MacOSX.platform/Developer/SDKs/MacOSX26.1.sdk/usr/include/pthread/pthread_impl.h
/Applications/Xcode.app/Contents/Developer/Platforms/MacOSX.platform/Developer/SDKs/MacOSX26.1.sdk/usr/include/time.h
/Applications/Xcode.app/Contents/Developer/Platforms/MacOSX.platform/Developer/SDKs/MacOSX26.1.sdk/usr/include/pthread/qos.h
/Applications/Xcode.app/Contents/Developer/Platforms/MacOSX.platform/Developer/SDKs/MacOSX26.1.sdk/usr/include/sys/_types/_sigset_t.h
/Applications/Xcode.app/Contents/Developer/Platforms/MacOSX.platform/Developer/SDKs/MacOSX26.1.sdk/usr/include/sys/resource.h
/Applications/Xcode.app/Contents/Developer/Toolchains/XcodeDefault.xctoolchain/usr/lib/swift/clang/include/module.modulemap
/Applications/Xcode.app/Contents/Developer/Platforms/MacOSX.platform/Developer/SDKs/MacOSX26.1.sdk/usr/include/sys/select.h
/Applications/Xcode.app/Contents/Developer/Platforms/MacOSX.platform/Developer/SDKs/MacOSX26.1.sdk/usr/include/sys/_select.h
/Applications/Xcode.app/Contents/Developer/Platforms/MacOSX.platform/Developer/SDKs/MacOSX26.1.sdk/usr/include/sys/wait.h
/Applications/Xcode.app/Contents/Developer/Platforms/MacOSX.platform/Developer/SDKs/MacOSX26.1.sdk/usr/include/sys/signal.h
/Applications/Xcode.app/Contents/Developer/Platforms/MacOSX.platform/Developer/SDKs/MacOSX26.1.sdk/usr/include/machine/signal.h
/Applications/Xcode.app/Contents/Developer/Platforms/MacOSX.platform/Developer/SDKs/MacOSX26.1.sdk/usr/include/arm/signal.h
/Applications/Xcode.app/Contents/Developer/Platforms/MacOSX.platform/Developer/SDKs/MacOSX26.1.sdk/usr/include/machine/_mcontext.h
/Applications/Xcode.app/Contents/Developer/Platforms/MacOSX.platform/Developer/SDKs/MacOSX26.1.sdk/usr/include/arm/_mcontext.h
/Applications/Xcode.app/Contents/Developer/Platforms/MacOSX.platform/Developer/SDKs/MacOSX26.1.sdk/usr/include/mach/machine/_structs.h
/Applications/Xcode.app/Contents/Developer/Platforms/MacOSX.platform/Developer/SDKs/MacOSX26.1.sdk/usr/include/mach/arm/_structs.h
/Applications/Xcode.app/Contents/Developer/Platforms/MacOSX.platform/Developer/SDKs/MacOSX26.1.sdk/usr/include/sys/_types/_sigaltstack.h
/Applications/Xcode.app/Contents/Developer/Platforms/MacOSX.platform/Developer/SDKs/MacOSX26.1.sdk/usr/include/sys/_types/_ucontext.h
/Applications/Xcode.app/Contents/Developer/Platforms/MacOSX.platform/Developer/SDKs/MacOSX26.1.sdk/usr/include/unistd.h
/Applications/Xcode.app/Contents/Developer/Platforms/MacOSX.platform/Developer/SDKs/MacOSX26.1.sdk/usr/include/sys/unistd.h
/Applications/Xcode.app/Contents/Developer/Platforms/MacOSX.platform/Developer/SDKs/MacOSX26.1.sdk/usr/include/sys/_types/_posix_vdisable.h
/Applications/Xcode.app/Contents/Developer/Platforms/MacOSX.platform/Developer/SDKs/MacOSX26.1.sdk/usr/include/gethostuuid.h
/Applications/Xcode.app/Contents/Developer/Platforms/MacOSX.platform/Developer/SDKs/MacOSX26.1.sdk/usr/include/mach/i386/_structs.h
/Applications/Xcode.app/Contents/Developer/Platforms/MacOSX.platform/Developer/SDKs/MacOSX26.1.sdk/usr/include/_inttypes.h
/Applications/Xcode.app/Contents/Developer/Platforms/MacOSX.platform/Developer/SDKs/MacOSX26.1.sdk/usr/include/xlocale/_inttypes.h
/Applications/Xcode.app/Contents/Developer/Toolchains/XcodeDefault.xctoolchain/usr/lib/swift/clang/include/stddef.h
/Applications/Xcode.app/Contents/Developer/Platforms/MacOSX.platform/Developer/SDKs/MacOSX26.1.sdk/usr/include/signal.h
/Applications/Xcode.app/Contents/Developer/Platforms/MacOSX.platform/Developer/SDKs/MacOSX26.1.sdk/usr/include/i386/signal.h
/Applications/Xcode.app/Contents/Developer/Platforms/MacOSX.platform/Developer/SDKs/MacOSX26.1.sdk/usr/include/i386/_mcontext.h
/Applications/Xcode.app/Contents/Developer/Platforms/MacOSX.platform/Developer/SDKs/MacOSX26.1.sdk/usr/include/_stdlib.h
/Applications/Xcode.app/Contents/Developer/Platforms/MacOSX.platform/Developer/SDKs/MacOSX26.1.sdk/usr/include/malloc/_malloc.h
/Applications/Xcode.app/Contents/Developer/Platforms/MacOSX.platform/Developer/SDKs/MacOSX26.1.sdk/usr/include/malloc/_malloc_type.h
/Applications/Xcode.app/Contents/Developer/Platforms/MacOSX.platform/Developer/SDKs/MacOSX26.1.sdk/usr/include/malloc/_ptrcheck.h
/Applications/Xcode.app/Contents/Developer/Platforms/MacOSX.platform/Developer/SDKs/MacOSX26.1.sdk/usr/include/_abort.h
/Applications/Xcode.app/Contents/Developer/Platforms/MacOSX.platform/Developer/SDKs/MacOSX26.1.sdk/usr/include/xlocale/_stdlib.h
/Applications/Xcode.app/Contents/Developer/Platforms/MacOSX.platform/Developer/SDKs/MacOSX26.1.sdk/usr/include/_wchar.h
/Applications/Xcode.app/Contents/Developer/Platforms/MacOSX.platform/Developer/SDKs/MacOSX26.1.sdk/usr/include/sys/_types/_mbstate_t.h
/Applications/Xcode.app/Contents/Developer/Toolchains/XcodeDefault.xctoolchain/usr/lib/swift/clang/include/stdarg.h
/Applications/Xcode.app/Contents/Developer/Platforms/MacOSX.platform/Developer/SDKs/MacOSX26.1.sdk/usr/include/stdio.h
/Applications/Xcode.app/Contents/Developer/Platforms/MacOSX.platform/Developer/SDKs/MacOSX26.1.sdk/usr/include/__wctype.h
/Applications/Xcode.app/Contents/Developer/Platforms/MacOSX.platform/Developer/SDKs/MacOSX26.1.sdk/usr/include/___wctype.h
/Applications/Xcode.app/Contents/Developer/Platforms/MacOSX.platform/Developer/SDKs/MacOSX26.1.sdk/usr/include/_types/_wctype_t.h
/Applications/Xcode.app/Contents/Developer/Platforms/MacOSX.platform/Developer/SDKs/MacOSX26.1.sdk/usr/include/ctype.h
/Applications/Xcode.app/Contents/Developer/Platforms/MacOSX.platform/Developer/SDKs/MacOSX26.1.sdk/usr/include/xlocale/_wchar.h
/Applications/Xcode.app/Contents/Developer/Platforms/MacOSX.platform/Developer/SDKs/MacOSX26.1.sdk/usr/include/_wctype.h
/Applications/Xcode.app/Contents/Developer/Platforms/MacOSX.platform/Developer/SDKs/MacOSX26.1.sdk/usr/include/_types/_wctrans_t.h
/Applications/Xcode.app/Contents/Developer/Platforms/MacOSX.platform/Developer/SDKs/MacOSX26.1.sdk/usr/include/xlocale/_wctype.h
/Applications/Xcode.app/Contents/Developer/Platforms/MacOSX.platform/Developer/SDKs/MacOSX26.1.sdk/usr/include/xlocale/___wctype.h
/Applications/Xcode.app/Contents/Developer/Platforms/MacOSX.platform/Developer/SDKs/MacOSX26.1.sdk/SDKSettings.json
/Applications/Xcode.app/Contents/Developer/Toolchains/XcodeDefault.xctoolchain/usr/lib/swift/macosx/prebuilt-modules/26.1/_StringProcessing.swiftmodule/arm64e-apple-macos.swiftmodule
/Applications/Xcode.app/Contents/Developer/Platforms/MacOSX.platform/Developer/SDKs/MacOSX26.1.sdk/usr/lib/swift/shims/module.modulemap
/Applications/Xcode.app/Contents/Developer/Platforms/MacOSX.platform/Developer/SDKs/MacOSX26.1.sdk/usr/lib/swift/shims/_SwiftConcurrency.h
/Applications/Xcode.app/Contents/Developer/Platforms/MacOSX.platform/Developer/SDKs/MacOSX26.1.sdk/SDKSettings.json
/Applications/Xcode.app/Contents/Developer/Platforms/MacOSX.platform/Developer/SDKs/MacOSX26.1.sdk/usr/include/launch.modulemap
/Applications/Xcode.app/Contents/Developer/Platforms/MacOSX.platform/Developer/SDKs/MacOSX26.1.sdk/usr/include/Darwin.modulemap
/Applications/Xcode.app/Contents/Developer/Platforms/MacOSX.platform/Developer/SDKs/MacOSX26.1.sdk/usr/include/Darwin_C.modulemap
/Applications/Xcode.app/Contents/Developer/Platforms/MacOSX.platform/Developer/SDKs/MacOSX26.1.sdk/usr/include/Darwin_POSIX.modulemap
/Applications/Xcode.app/Contents/Developer/Platforms/MacOSX.platform/Developer/SDKs/MacOSX26.1.sdk/usr/include/net.modulemap
/Applications/Xcode.app/Contents/Developer/Platforms/MacOSX.platform/Developer/SDKs/MacOSX26.1.sdk/usr/include/netinet.modulemap
/Applications/Xcode.app/Contents/Developer/Platforms/MacOSX.platform/Developer/SDKs/MacOSX26.1.sdk/usr/include/bank.modulemap
/Applications/Xcode.app/Contents/Developer/Platforms/MacOSX.platform/Developer/SDKs/MacOSX26.1.sdk/usr/include/Darwin_Mach.modulemap
/Applications/Xcode.app/Contents/Developer/Platforms/MacOSX.platform/Developer/SDKs/MacOSX26.1.sdk/usr/include/Darwin_Mach_machine.modulemap
/Applications/Xcode.app/Contents/Developer/Platforms/MacOSX.platform/Developer/SDKs/MacOSX26.1.sdk/usr/include/mach_debug.modulemap
/Applications/Xcode.app/Contents/Developer/Platforms/MacOSX.platform/Developer/SDKs/MacOSX26.1.sdk/usr/include/device.modulemap
/Applications/Xcode.app/Contents/Developer/Platforms/MacOSX.platform/Developer/SDKs/MacOSX26.1.sdk/usr/include/Darwin_machine.modulemap
/Applications/Xcode.app/Contents/Developer/Platforms/MacOSX.platform/Developer/SDKs/MacOSX26.1.sdk/usr/include/ncurses.modulemap
/Applications/Xcode.app/Contents/Developer/Platforms/MacOSX.platform/Developer/SDKs/MacOSX26.1.sdk/usr/include/netinet6.modulemap
/Applications/Xcode.app/Contents/Developer/Platforms/MacOSX.platform/Developer/SDKs/MacOSX26.1.sdk/usr/include/Darwin_sys.modulemap
/Applications/Xcode.app/Contents/Developer/Platforms/MacOSX.platform/Developer/SDKs/MacOSX26.1.sdk/usr/include/uuid.modulemap
/Applications/Xcode.app/Contents/Developer/Platforms/MacOSX.platform/Developer/SDKs/MacOSX26.1.sdk/usr/include/DarwinFoundation1.modulemap
/Applications/Xcode.app/Contents/Developer/Platforms/MacOSX.platform/Developer/SDKs/MacOSX26.1.sdk/usr/include/launch.h
/Applications/Xcode.app/Contents/Developer/Toolchains/XcodeDefault.xctoolchain/usr/lib/swift/clang/include/module.modulemap
/Applications/Xcode.app/Contents/Developer/Toolchains/XcodeDefault.xctoolchain/usr/lib/swift/clang/include/stddef.h
/Applications/Xcode.app/Contents/Developer/Platforms/MacOSX.platform/Developer/SDKs/MacOSX26.1.sdk/SDKSettings.json
/Applications/Xcode.app/Contents/Developer/Platforms/MacOSX.platform/Developer/SDKs/MacOSX26.1.sdk/usr/include/libDER/module.modulemap
/Applications/Xcode.app/Contents/Developer/Platforms/MacOSX.platform/Developer/SDKs/MacOSX26.1.sdk/usr/include/libDER/DERItem.h
/Applications/Xcode.app/Contents/Developer/Platforms/MacOSX.platform/Developer/SDKs/MacOSX26.1.sdk/usr/include/libDER/libDER_config.h
/Applications/Xcode.app/Contents/Developer/Toolchains/XcodeDefault.xctoolchain/usr/lib/swift/clang/include/module.modulemap
/Applications/Xcode.app/Contents/Developer/Toolchains/XcodeDefault.xctoolchain/usr/lib/swift/clang/include/stddef.h
/Applications/Xcode.app/Contents/Developer/Platforms/MacOSX.platform/Developer/SDKs/MacOSX26.1.sdk/usr/include/DarwinFoundation2.modulemap
/Applications/Xcode.app/Contents/Developer/Platforms/MacOSX.platform/Developer/SDKs/MacOSX26.1.sdk/usr/include/DarwinFoundation1.modulemap
/Applications/Xcode.app/Contents/Developer/Platforms/MacOSX.platform/Developer/SDKs/MacOSX26.1.sdk/usr/include/string.h
/Applications/Xcode.app/Contents/Developer/Platforms/MacOSX.platform/Developer/SDKs/MacOSX26.1.sdk/SDKSettings.json
/Applications/Xcode.app/Contents/Developer/Platforms/MacOSX.platform/Developer/SDKs/MacOSX26.1.sdk/usr/include/libkern.modulemap
/Applications/Xcode.app/Contents/Developer/Platforms/MacOSX.platform/Developer/SDKs/MacOSX26.1.sdk/usr/include/Darwin.modulemap
/Applications/Xcode.app/Contents/Developer/Platforms/MacOSX.platform/Developer/SDKs/MacOSX26.1.sdk/usr/include/Darwin_C.modulemap
/Applications/Xcode.app/Contents/Developer/Platforms/MacOSX.platform/Developer/SDKs/MacOSX26.1.sdk/usr/include/Darwin_POSIX.modulemap
/Applications/Xcode.app/Contents/Developer/Platforms/MacOSX.platform/Developer/SDKs/MacOSX26.1.sdk/usr/include/net.modulemap
/Applications/Xcode.app/Contents/Developer/Platforms/MacOSX.platform/Developer/SDKs/MacOSX26.1.sdk/usr/include/netinet.modulemap
/Applications/Xcode.app/Contents/Developer/Platforms/MacOSX.platform/Developer/SDKs/MacOSX26.1.sdk/usr/include/bank.modulemap
/Applications/Xcode.app/Contents/Developer/Platforms/MacOSX.platform/Developer/SDKs/MacOSX26.1.sdk/usr/include/Darwin_Mach.modulemap
/Applications/Xcode.app/Contents/Developer/Platforms/MacOSX.platform/Developer/SDKs/MacOSX26.1.sdk/usr/include/Darwin_Mach_machine.modulemap
/Applications/Xcode.app/Contents/Developer/Platforms/MacOSX.platform/Developer/SDKs/MacOSX26.1.sdk/usr/include/mach_debug.modulemap
/Applications/Xcode.app/Contents/Developer/Platforms/MacOSX.platform/Developer/SDKs/MacOSX26.1.sdk/usr/include/device.modulemap
/Applications/Xcode.app/Contents/Developer/Platforms/MacOSX.platform/Developer/SDKs/MacOSX26.1.sdk/usr/include/Darwin_machine.modulemap
/Applications/Xcode.app/Contents/Developer/Platforms/MacOSX.platform/Developer/SDKs/MacOSX26.1.sdk/usr/include/ncurses.modulemap
/Applications/Xcode.app/Contents/Developer/Platforms/MacOSX.platform/Developer/SDKs/MacOSX26.1.sdk/usr/include/netinet6.modulemap
/Applications/Xcode.app/Contents/Developer/Platforms/MacOSX.platform/Developer/SDKs/MacOSX26.1.sdk/usr/include/Darwin_sys.modulemap
/Applications/Xcode.app/Contents/Developer/Platforms/MacOSX.platform/Developer/SDKs/MacOSX26.1.sdk/usr/include/uuid.modulemap
/Applications/Xcode.app/Contents/Developer/Platforms/MacOSX.platform/Developer/SDKs/MacOSX26.1.sdk/usr/include/DarwinFoundation1.modulemap
/Applications/Xcode.app/Contents/Developer/Platforms/MacOSX.platform/Developer/SDKs/MacOSX26.1.sdk/usr/include/libkern/OSCacheControl.h
/Applications/Xcode.app/Contents/Developer/Toolchains/XcodeDefault.xctoolchain/usr/lib/swift/clang/include/module.modulemap
/Applications/Xcode.app/Contents/Developer/Toolchains/XcodeDefault.xctoolchain/usr/lib/swift/clang/include/stddef.h
/Applications/Xcode.app/Contents/Developer/Platforms/MacOSX.platform/Developer/SDKs/MacOSX26.1.sdk/usr/include/libkern/OSDebug.h
/Applications/Xcode.app/Contents/Developer/Platforms/MacOSX.platform/Developer/SDKs/MacOSX26.1.sdk/usr/include/libkern/OSReturn.h
/Applications/Xcode.app/Contents/Developer/Platforms/MacOSX.platform/Developer/SDKs/MacOSX26.1.sdk/usr/include/libkern/OSThermalNotification.h
/Applications/Xcode.app/Contents/Developer/Platforms/MacOSX.platform/Developer/SDKs/MacOSX26.1.sdk/usr/include/libkern/OSTypes.h
/Applications/Xcode.app/Contents/Developer/Platforms/MacOSX.platform/Developer/SDKs/MacOSX26.1.sdk/usr/include/libkern/OSKextLib.h
/Applications/Xcode.app/Contents/Developer/Platforms/MacOSX.platform/Developer/SDKs/MacOSX26.1.sdk/SDKSettings.json
/Applications/Xcode.app/Contents/Developer/Platforms/MacOSX.platform/Developer/SDKs/MacOSX26.1.sdk/usr/include/os.apinotes
/Applications/Xcode.app/Contents/Developer/Platforms/MacOSX.platform/Developer/SDKs/MacOSX26.1.sdk/usr/include/xpc.modulemap
/Applications/Xcode.app/Contents/Developer/Platforms/MacOSX.platform/Developer/SDKs/MacOSX26.1.sdk/usr/include/DarwinBasic.modulemap
/Applications/Xcode.app/Contents/Developer/Platforms/MacOSX.platform/Developer/SDKs/MacOSX26.1.sdk/usr/include/os.modulemap
/Applications/Xcode.app/Contents/Developer/Platforms/MacOSX.platform/Developer/SDKs/MacOSX26.1.sdk/usr/include/Darwin.modulemap
/Applications/Xcode.app/Contents/Developer/Platforms/MacOSX.platform/Developer/SDKs/MacOSX26.1.sdk/usr/include/Darwin_C.modulemap
/Applications/Xcode.app/Contents/Developer/Platforms/MacOSX.platform/Developer/SDKs/MacOSX26.1.sdk/usr/include/Darwin_POSIX.modulemap
/Applications/Xcode.app/Contents/Developer/Platforms/MacOSX.platform/Developer/SDKs/MacOSX26.1.sdk/usr/include/net.modulemap
/Applications/Xcode.app/Contents/Developer/Platforms/MacOSX.platform/Developer/SDKs/MacOSX26.1.sdk/usr/include/netinet.modulemap
/Applications/Xcode.app/Contents/Developer/Platforms/MacOSX.platform/Developer/SDKs/MacOSX26.1.sdk/usr/include/bank.modulemap
/Applications/Xcode.app/Contents/Developer/Platforms/MacOSX.platform/Developer/SDKs/MacOSX26.1.sdk/usr/include/Darwin_Mach.modulemap
/Applications/Xcode.app/Contents/Developer/Platforms/MacOSX.platform/Developer/SDKs/MacOSX26.1.sdk/usr/include/Darwin_Mach_machine.modulemap
/Applications/Xcode.app/Contents/Developer/Platforms/MacOSX.platform/Developer/SDKs/MacOSX26.1.sdk/usr/include/mach_debug.modulemap
/Applications/Xcode.app/Contents/Developer/Platforms/MacOSX.platform/Developer/SDKs/MacOSX26.1.sdk/usr/include/device.modulemap
/Applications/Xcode.app/Contents/Developer/Platforms/MacOSX.platform/Developer/SDKs/MacOSX26.1.sdk/usr/include/Darwin_machine.modulemap
/Applications/Xcode.app/Contents/Developer/Platforms/MacOSX.platform/Developer/SDKs/MacOSX26.1.sdk/usr/include/ncurses.modulemap
/Applications/Xcode.app/Contents/Developer/Platforms/MacOSX.platform/Developer/SDKs/MacOSX26.1.sdk/usr/include/netinet6.modulemap
/Applications/Xcode.app/Contents/Developer/Platforms/MacOSX.platform/Developer/SDKs/MacOSX26.1.sdk/usr/include/Darwin_sys.modulemap
/Applications/Xcode.app/Contents/Developer/Platforms/MacOSX.platform/Developer/SDKs/MacOSX26.1.sdk/usr/include/uuid.modulemap
/Applications/Xcode.app/Contents/Developer/Platforms/MacOSX.platform/Developer/SDKs/MacOSX26.1.sdk/usr/include/DarwinFoundation2.modulemap
/Applications/Xcode.app/Contents/Developer/Platforms/MacOSX.platform/Developer/SDKs/MacOSX26.1.sdk/usr/include/DarwinFoundation3.modulemap
/Applications/Xcode.app/Contents/Developer/Platforms/MacOSX.platform/Developer/SDKs/MacOSX26.1.sdk/usr/include/DarwinFoundation1.modulemap
/Applications/Xcode.app/Contents/Developer/Platforms/MacOSX.platform/Developer/SDKs/MacOSX26.1.sdk/usr/include/os/atomic.h
/Applications/Xcode.app/Contents/Developer/Toolchains/XcodeDefault.xctoolchain/usr/lib/swift/clang/include/module.modulemap
/Applications/Xcode.app/Contents/Developer/Platforms/MacOSX.platform/Developer/SDKs/MacOSX26.1.sdk/usr/include/os/overflow.h
/Applications/Xcode.app/Contents/Developer/Platforms/MacOSX.platform/Developer/SDKs/MacOSX26.1.sdk/usr/include/os/trace_base.h
/Applications/Xcode.app/Contents/Developer/Toolchains/XcodeDefault.xctoolchain/usr/lib/swift/clang/include/stdarg.h
/Applications/Xcode.app/Contents/Developer/Platforms/MacOSX.platform/Developer/SDKs/MacOSX26.1.sdk/usr/include/os/activity.h
/Applications/Xcode.app/Contents/Developer/Platforms/MacOSX.platform/Developer/SDKs/MacOSX26.1.sdk/usr/include/os/log.h
/Applications/Xcode.app/Contents/Developer/Platforms/MacOSX.platform/Developer/SDKs/MacOSX26.1.sdk/usr/include/os/trace.h
/Applications/Xcode.app/Contents/Developer/Platforms/MacOSX.platform/Developer/SDKs/MacOSX26.1.sdk/usr/include/os/signpost.h
/Applications/Xcode.app/Contents/Developer/Platforms/MacOSX.platform/Developer/SDKs/MacOSX26.1.sdk/usr/include/_modules/_os_lock.h
/Applications/Xcode.app/Contents/Developer/Platforms/MacOSX.platform/Developer/SDKs/MacOSX26.1.sdk/usr/include/_modules/_os_object.h
/Applications/Xcode.app/Contents/Developer/Platforms/MacOSX.platform/Developer/SDKs/MacOSX26.1.sdk/usr/include/_modules/_os_workgroup.h
/Applications/Xcode.app/Contents/Developer/Platforms/MacOSX.platform/Developer/SDKs/MacOSX26.1.sdk/SDKSettings.json
/Applications/Xcode.app/Contents/Developer/Toolchains/XcodeDefault.xctoolchain/usr/lib/swift/macosx/prebuilt-modules/26.1/os.swiftmodule/arm64e-apple-macos.swiftmodule
/Applications/Xcode.app/Contents/Developer/Platforms/MacOSX.platform/Developer/SDKs/MacOSX26.1.sdk/usr/include/os.modulemap
/Applications/Xcode.app/Contents/Developer/Platforms/MacOSX.platform/Developer/SDKs/MacOSX26.1.sdk/usr/include/ObjectiveC.modulemap
/Applications/Xcode.app/Contents/Developer/Platforms/MacOSX.platform/Developer/SDKs/MacOSX26.1.sdk/usr/include/Darwin.modulemap
/Applications/Xcode.app/Contents/Developer/Platforms/MacOSX.platform/Developer/SDKs/MacOSX26.1.sdk/usr/include/Darwin_C.modulemap
/Applications/Xcode.app/Contents/Developer/Platforms/MacOSX.platform/Developer/SDKs/MacOSX26.1.sdk/usr/include/Darwin_POSIX.modulemap
/Applications/Xcode.app/Contents/Developer/Platforms/MacOSX.platform/Developer/SDKs/MacOSX26.1.sdk/usr/include/net.modulemap
/Applications/Xcode.app/Contents/Developer/Platforms/MacOSX.platform/Developer/SDKs/MacOSX26.1.sdk/usr/include/netinet.modulemap
/Applications/Xcode.app/Contents/Developer/Platforms/MacOSX.platform/Developer/SDKs/MacOSX26.1.sdk/usr/include/bank.modulemap
/Applications/Xcode.app/Contents/Developer/Platforms/MacOSX.platform/Developer/SDKs/MacOSX26.1.sdk/usr/include/Darwin_Mach.modulemap
/Applications/Xcode.app/Contents/Developer/Platforms/MacOSX.platform/Developer/SDKs/MacOSX26.1.sdk/usr/include/Darwin_Mach_machine.modulemap
/Applications/Xcode.app/Contents/Developer/Platforms/MacOSX.platform/Developer/SDKs/MacOSX26.1.sdk/usr/include/mach_debug.modulemap
/Applications/Xcode.app/Contents/Developer/Platforms/MacOSX.platform/Developer/SDKs/MacOSX26.1.sdk/usr/include/device.modulemap
/Applications/Xcode.app/Contents/Developer/Platforms/MacOSX.platform/Developer/SDKs/MacOSX26.1.sdk/usr/include/Darwin_machine.modulemap
/Applications/Xcode.app/Contents/Developer/Platforms/MacOSX.platform/Developer/SDKs/MacOSX26.1.sdk/usr/include/ncurses.modulemap
/Applications/Xcode.app/Contents/Developer/Platforms/MacOSX.platform/Developer/SDKs/MacOSX26.1.sdk/usr/include/netinet6.modulemap
/Applications/Xcode.app/Contents/Developer/Platforms/MacOSX.platform/Developer/SDKs/MacOSX26.1.sdk/usr/include/Darwin_sys.modulemap
/Applications/Xcode.app/Contents/Developer/Platforms/MacOSX.platform/Developer/SDKs/MacOSX26.1.sdk/usr/include/uuid.modulemap
/Applications/Xcode.app/Contents/Developer/Platforms/MacOSX.platform/Developer/SDKs/MacOSX26.1.sdk/usr/include/DarwinFoundation1.modulemap
/Applications/Xcode.app/Contents/Developer/Platforms/MacOSX.platform/Developer/SDKs/MacOSX26.1.sdk/usr/include/os/object.h
/Applications/Xcode.app/Contents/Developer/Platforms/MacOSX.platform/Developer/SDKs/MacOSX26.1.sdk/SDKSettings.json
/Applications/Xcode.app/Contents/Developer/Platforms/MacOSX.platform/Developer/SDKs/MacOSX26.1.sdk/usr/include/os.modulemap
/Applications/Xcode.app/Contents/Developer/Platforms/MacOSX.platform/Developer/SDKs/MacOSX26.1.sdk/usr/include/Darwin.modulemap
/Applications/Xcode.app/Contents/Developer/Platforms/MacOSX.platform/Developer/SDKs/MacOSX26.1.sdk/usr/include/Darwin_C.modulemap
/Applications/Xcode.app/Contents/Developer/Platforms/MacOSX.platform/Developer/SDKs/MacOSX26.1.sdk/usr/include/Darwin_POSIX.modulemap
/Applications/Xcode.app/Contents/Developer/Platforms/MacOSX.platform/Developer/SDKs/MacOSX26.1.sdk/usr/include/net.modulemap
/Applications/Xcode.app/Contents/Developer/Platforms/MacOSX.platform/Developer/SDKs/MacOSX26.1.sdk/usr/include/netinet.modulemap
/Applications/Xcode.app/Contents/Developer/Platforms/MacOSX.platform/Developer/SDKs/MacOSX26.1.sdk/usr/include/bank.modulemap
/Applications/Xcode.app/Contents/Developer/Platforms/MacOSX.platform/Developer/SDKs/MacOSX26.1.sdk/usr/include/Darwin_Mach.modulemap
/Applications/Xcode.app/Contents/Developer/Platforms/MacOSX.platform/Developer/SDKs/MacOSX26.1.sdk/usr/include/Darwin_Mach_machine.modulemap
/Applications/Xcode.app/Contents/Developer/Platforms/MacOSX.platform/Developer/SDKs/MacOSX26.1.sdk/usr/include/mach_debug.modulemap
/Applications/Xcode.app/Contents/Developer/Platforms/MacOSX.platform/Developer/SDKs/MacOSX26.1.sdk/usr/include/device.modulemap
/Applications/Xcode.app/Contents/Developer/Platforms/MacOSX.platform/Developer/SDKs/MacOSX26.1.sdk/usr/include/Darwin_machine.modulemap
/Applications/Xcode.app/Contents/Developer/Platforms/MacOSX.platform/Developer/SDKs/MacOSX26.1.sdk/usr/include/ncurses.modulemap
/Applications/Xcode.app/Contents/Developer/Platforms/MacOSX.platform/Developer/SDKs/MacOSX26.1.sdk/usr/include/netinet6.modulemap
/Applications/Xcode.app/Contents/Developer/Platforms/MacOSX.platform/Developer/SDKs/MacOSX26.1.sdk/usr/include/Darwin_sys.modulemap
/Applications/Xcode.app/Contents/Developer/Platforms/MacOSX.platform/Developer/SDKs/MacOSX26.1.sdk/usr/include/uuid.modulemap
/Applications/Xcode.app/Contents/Developer/Platforms/MacOSX.platform/Developer/SDKs/MacOSX26.1.sdk/usr/include/DarwinFoundation2.modulemap
/Applications/Xcode.app/Contents/Developer/Platforms/MacOSX.platform/Developer/SDKs/MacOSX26.1.sdk/usr/include/DarwinFoundation3.modulemap
/Applications/Xcode.app/Contents/Developer/Platforms/MacOSX.platform/Developer/SDKs/MacOSX26.1.sdk/usr/include/DarwinFoundation1.modulemap
/Applications/Xcode.app/Contents/Developer/Platforms/MacOSX.platform/Developer/SDKs/MacOSX26.1.sdk/usr/include/os/workgroup.h
/Applications/Xcode.app/Contents/Developer/Platforms/MacOSX.platform/Developer/SDKs/MacOSX26.1.sdk/usr/include/os/workgroup_base.h
/Applications/Xcode.app/Contents/Developer/Toolchains/XcodeDefault.xctoolchain/usr/lib/swift/clang/include/module.modulemap
/Applications/Xcode.app/Contents/Developer/Toolchains/XcodeDefault.xctoolchain/usr/lib/swift/clang/include/stddef.h
/Applications/Xcode.app/Contents/Developer/Platforms/MacOSX.platform/Developer/SDKs/MacOSX26.1.sdk/usr/include/string.h
/Applications/Xcode.app/Contents/Developer/Platforms/MacOSX.platform/Developer/SDKs/MacOSX26.1.sdk/usr/include/stdlib.h
/Applications/Xcode.app/Contents/Developer/Platforms/MacOSX.platform/Developer/SDKs/MacOSX26.1.sdk/usr/include/os/workgroup_object.h
/Applications/Xcode.app/Contents/Developer/Platforms/MacOSX.platform/Developer/SDKs/MacOSX26.1.sdk/usr/include/os/workgroup_interval.h
/Applications/Xcode.app/Contents/Developer/Platforms/MacOSX.platform/Developer/SDKs/MacOSX26.1.sdk/usr/include/os/workgroup_parallel.h
/Applications/Xcode.app/Contents/Developer/Platforms/MacOSX.platform/Developer/SDKs/MacOSX26.1.sdk/SDKSettings.json
/Applications/Xcode.app/Contents/Developer/Toolchains/XcodeDefault.xctoolchain/usr/lib/swift/clang/include/module.modulemap
/Applications/Xcode.app/Contents/Developer/Toolchains/XcodeDefault.xctoolchain/usr/lib/swift/clang/include/ptrauth.h
/Applications/Xcode.app/Contents/Developer/Platforms/MacOSX.platform/Developer/SDKs/MacOSX26.1.sdk/SDKSettings.json
/Applications/Xcode.app/Contents/Developer/Toolchains/XcodeDefault.xctoolchain/usr/lib/swift/clang/include/module.modulemap
/Applications/Xcode.app/Contents/Developer/Toolchains/XcodeDefault.xctoolchain/usr/lib/swift/clang/include/ptrcheck.h
/Applications/Xcode.app/Contents/Developer/Platforms/MacOSX.platform/Developer/SDKs/MacOSX26.1.sdk/SDKSettings.json
/Applications/Xcode.app/Contents/Developer/Platforms/MacOSX.platform/Developer/SDKs/MacOSX26.1.sdk/usr/include/DarwinFoundation2.modulemap
/Applications/Xcode.app/Contents/Developer/Platforms/MacOSX.platform/Developer/SDKs/MacOSX26.1.sdk/usr/include/_modules/_sys_types.h
/Applications/Xcode.app/Contents/Developer/Platforms/MacOSX.platform/Developer/SDKs/MacOSX26.1.sdk/SDKSettings.json

SwiftMergeGeneratedHeaders /Users/rogerlin/Library/Developer/Xcode/DerivedData/FinancialCalculatorKit-ackorybalcxbfocbkqsfdzcfkgmn/Build/Intermediates.noindex/GeneratedModuleMaps/CasePaths-Swift.h /Users/rogerlin/Library/Developer/Xcode/DerivedData/FinancialCalculatorKit-ackorybalcxbfocbkqsfdzcfkgmn/Build/Intermediates.noindex/swift-case-paths.build/Debug/CasePaths.build/Objects-normal/arm64/CasePaths-Swift.h (in target 'CasePaths' from project 'swift-case-paths')
    cd /Users/rogerlin/Library/Developer/Xcode/DerivedData/FinancialCalculatorKit-ackorybalcxbfocbkqsfdzcfkgmn/SourcePackages/checkouts/swift-case-paths
    builtin-swiftHeaderTool -arch arm64 /Users/rogerlin/Library/Developer/Xcode/DerivedData/FinancialCalculatorKit-ackorybalcxbfocbkqsfdzcfkgmn/Build/Intermediates.noindex/swift-case-paths.build/Debug/CasePaths.build/Objects-normal/arm64/CasePaths-Swift.h -o /Users/rogerlin/Library/Developer/Xcode/DerivedData/FinancialCalculatorKit-ackorybalcxbfocbkqsfdzcfkgmn/Build/Intermediates.noindex/GeneratedModuleMaps/CasePaths-Swift.h

    Task input dependencies:
        /Users/rogerlin/Library/Developer/Xcode/DerivedData/FinancialCalculatorKit-ackorybalcxbfocbkqsfdzcfkgmn/Build/Intermediates.noindex/swift-case-paths.build/Debug/CasePaths.build/Objects-normal/arm64/CasePaths-Swift.h

    Task output dependencies:
        /Users/rogerlin/Library/Developer/Xcode/DerivedData/FinancialCalculatorKit-ackorybalcxbfocbkqsfdzcfkgmn/Build/Intermediates.noindex/GeneratedModuleMaps/CasePaths-Swift.h

Copy /Users/rogerlin/Library/Developer/Xcode/DerivedData/FinancialCalculatorKit-ackorybalcxbfocbkqsfdzcfkgmn/Build/Products/Debug/CasePaths.swiftmodule/arm64-apple-macos.swiftmodule /Users/rogerlin/Library/Developer/Xcode/DerivedData/FinancialCalculatorKit-ackorybalcxbfocbkqsfdzcfkgmn/Build/Intermediates.noindex/swift-case-paths.build/Debug/CasePaths.build/Objects-normal/arm64/CasePaths.swiftmodule (in target 'CasePaths' from project 'swift-case-paths')
    cd /Users/rogerlin/Library/Developer/Xcode/DerivedData/FinancialCalculatorKit-ackorybalcxbfocbkqsfdzcfkgmn/SourcePackages/checkouts/swift-case-paths
    builtin-copy -exclude .DS_Store -exclude CVS -exclude .svn -exclude .git -exclude .hg -resolve-src-symlinks -rename /Users/rogerlin/Library/Developer/Xcode/DerivedData/FinancialCalculatorKit-ackorybalcxbfocbkqsfdzcfkgmn/Build/Intermediates.noindex/swift-case-paths.build/Debug/CasePaths.build/Objects-normal/arm64/CasePaths.swiftmodule /Users/rogerlin/Library/Developer/Xcode/DerivedData/FinancialCalculatorKit-ackorybalcxbfocbkqsfdzcfkgmn/Build/Products/Debug/CasePaths.swiftmodule/arm64-apple-macos.swiftmodule

    Task input dependencies:
        /Users/rogerlin/Library/Developer/Xcode/DerivedData/FinancialCalculatorKit-ackorybalcxbfocbkqsfdzcfkgmn/Build/Intermediates.noindex/swift-case-paths.build/Debug/CasePaths.build/Objects-normal/arm64/CasePaths.swiftmodule/

    Task output dependencies:
        /Users/rogerlin/Library/Developer/Xcode/DerivedData/FinancialCalculatorKit-ackorybalcxbfocbkqsfdzcfkgmn/Build/Products/Debug/CasePaths.swiftmodule/arm64-apple-macos.swiftmodule

Copy /Users/rogerlin/Library/Developer/Xcode/DerivedData/FinancialCalculatorKit-ackorybalcxbfocbkqsfdzcfkgmn/Build/Products/Debug/CasePaths.swiftmodule/arm64-apple-macos.swiftdoc /Users/rogerlin/Library/Developer/Xcode/DerivedData/FinancialCalculatorKit-ackorybalcxbfocbkqsfdzcfkgmn/Build/Intermediates.noindex/swift-case-paths.build/Debug/CasePaths.build/Objects-normal/arm64/CasePaths.swiftdoc (in target 'CasePaths' from project 'swift-case-paths')
    cd /Users/rogerlin/Library/Developer/Xcode/DerivedData/FinancialCalculatorKit-ackorybalcxbfocbkqsfdzcfkgmn/SourcePackages/checkouts/swift-case-paths
    builtin-copy -exclude .DS_Store -exclude CVS -exclude .svn -exclude .git -exclude .hg -resolve-src-symlinks -rename /Users/rogerlin/Library/Developer/Xcode/DerivedData/FinancialCalculatorKit-ackorybalcxbfocbkqsfdzcfkgmn/Build/Intermediates.noindex/swift-case-paths.build/Debug/CasePaths.build/Objects-normal/arm64/CasePaths.swiftdoc /Users/rogerlin/Library/Developer/Xcode/DerivedData/FinancialCalculatorKit-ackorybalcxbfocbkqsfdzcfkgmn/Build/Products/Debug/CasePaths.swiftmodule/arm64-apple-macos.swiftdoc

    Task input dependencies:
        /Users/rogerlin/Library/Developer/Xcode/DerivedData/FinancialCalculatorKit-ackorybalcxbfocbkqsfdzcfkgmn/Build/Intermediates.noindex/swift-case-paths.build/Debug/CasePaths.build/Objects-normal/arm64/CasePaths.swiftdoc/

    Task output dependencies:
        /Users/rogerlin/Library/Developer/Xcode/DerivedData/FinancialCalculatorKit-ackorybalcxbfocbkqsfdzcfkgmn/Build/Products/Debug/CasePaths.swiftmodule/arm64-apple-macos.swiftdoc

Copy /Users/rogerlin/Library/Developer/Xcode/DerivedData/FinancialCalculatorKit-ackorybalcxbfocbkqsfdzcfkgmn/Build/Products/Debug/CasePaths.swiftmodule/arm64-apple-macos.abi.json /Users/rogerlin/Library/Developer/Xcode/DerivedData/FinancialCalculatorKit-ackorybalcxbfocbkqsfdzcfkgmn/Build/Intermediates.noindex/swift-case-paths.build/Debug/CasePaths.build/Objects-normal/arm64/CasePaths.abi.json (in target 'CasePaths' from project 'swift-case-paths')
    cd /Users/rogerlin/Library/Developer/Xcode/DerivedData/FinancialCalculatorKit-ackorybalcxbfocbkqsfdzcfkgmn/SourcePackages/checkouts/swift-case-paths
    builtin-copy -exclude .DS_Store -exclude CVS -exclude .svn -exclude .git -exclude .hg -resolve-src-symlinks -rename /Users/rogerlin/Library/Developer/Xcode/DerivedData/FinancialCalculatorKit-ackorybalcxbfocbkqsfdzcfkgmn/Build/Intermediates.noindex/swift-case-paths.build/Debug/CasePaths.build/Objects-normal/arm64/CasePaths.abi.json /Users/rogerlin/Library/Developer/Xcode/DerivedData/FinancialCalculatorKit-ackorybalcxbfocbkqsfdzcfkgmn/Build/Products/Debug/CasePaths.swiftmodule/arm64-apple-macos.abi.json

    Task input dependencies:
        /Users/rogerlin/Library/Developer/Xcode/DerivedData/FinancialCalculatorKit-ackorybalcxbfocbkqsfdzcfkgmn/Build/Intermediates.noindex/swift-case-paths.build/Debug/CasePaths.build/Objects-normal/arm64/CasePaths.abi.json/

    Task output dependencies:
        /Users/rogerlin/Library/Developer/Xcode/DerivedData/FinancialCalculatorKit-ackorybalcxbfocbkqsfdzcfkgmn/Build/Products/Debug/CasePaths.swiftmodule/arm64-apple-macos.abi.json

Copy /Users/rogerlin/Library/Developer/Xcode/DerivedData/FinancialCalculatorKit-ackorybalcxbfocbkqsfdzcfkgmn/Build/Products/Debug/CasePaths.swiftmodule/Project/arm64-apple-macos.swiftsourceinfo /Users/rogerlin/Library/Developer/Xcode/DerivedData/FinancialCalculatorKit-ackorybalcxbfocbkqsfdzcfkgmn/Build/Intermediates.noindex/swift-case-paths.build/Debug/CasePaths.build/Objects-normal/arm64/CasePaths.swiftsourceinfo (in target 'CasePaths' from project 'swift-case-paths')
    cd /Users/rogerlin/Library/Developer/Xcode/DerivedData/FinancialCalculatorKit-ackorybalcxbfocbkqsfdzcfkgmn/SourcePackages/checkouts/swift-case-paths
    builtin-copy -exclude .DS_Store -exclude CVS -exclude .svn -exclude .git -exclude .hg -resolve-src-symlinks -rename /Users/rogerlin/Library/Developer/Xcode/DerivedData/FinancialCalculatorKit-ackorybalcxbfocbkqsfdzcfkgmn/Build/Intermediates.noindex/swift-case-paths.build/Debug/CasePaths.build/Objects-normal/arm64/CasePaths.swiftsourceinfo /Users/rogerlin/Library/Developer/Xcode/DerivedData/FinancialCalculatorKit-ackorybalcxbfocbkqsfdzcfkgmn/Build/Products/Debug/CasePaths.swiftmodule/Project/arm64-apple-macos.swiftsourceinfo

    Task input dependencies:
        /Users/rogerlin/Library/Developer/Xcode/DerivedData/FinancialCalculatorKit-ackorybalcxbfocbkqsfdzcfkgmn/Build/Intermediates.noindex/swift-case-paths.build/Debug/CasePaths.build/Objects-normal/arm64/CasePaths.swiftsourceinfo/

    Task output dependencies:
        /Users/rogerlin/Library/Developer/Xcode/DerivedData/FinancialCalculatorKit-ackorybalcxbfocbkqsfdzcfkgmn/Build/Products/Debug/CasePaths.swiftmodule/Project/arm64-apple-macos.swiftsourceinfo

Ld /Users/rogerlin/Library/Developer/Xcode/DerivedData/FinancialCalculatorKit-ackorybalcxbfocbkqsfdzcfkgmn/Build/Products/Debug/CasePaths.o normal (in target 'CasePaths' from project 'swift-case-paths')
    cd /Users/rogerlin/Library/Developer/Xcode/DerivedData/FinancialCalculatorKit-ackorybalcxbfocbkqsfdzcfkgmn/SourcePackages/checkouts/swift-case-paths
    /Applications/Xcode.app/Contents/Developer/Toolchains/XcodeDefault.xctoolchain/usr/bin/clang -Xlinker -reproducible -target arm64-apple-macos10.15 -r -isysroot /Applications/Xcode.app/Contents/Developer/Platforms/MacOSX.platform/Developer/SDKs/MacOSX26.1.sdk -O0 -w -L/Users/rogerlin/Library/Developer/Xcode/DerivedData/FinancialCalculatorKit-ackorybalcxbfocbkqsfdzcfkgmn/Build/Intermediates.noindex/EagerLinkingTBDs/Debug -L/Users/rogerlin/Library/Developer/Xcode/DerivedData/FinancialCalculatorKit-ackorybalcxbfocbkqsfdzcfkgmn/Build/Products/Debug -L/Applications/Xcode.app/Contents/Developer/Platforms/MacOSX.platform/Developer/usr/lib -F/Users/rogerlin/Library/Developer/Xcode/DerivedData/FinancialCalculatorKit-ackorybalcxbfocbkqsfdzcfkgmn/Build/Intermediates.noindex/EagerLinkingTBDs/Debug -F/Users/rogerlin/Library/Developer/Xcode/DerivedData/FinancialCalculatorKit-ackorybalcxbfocbkqsfdzcfkgmn/Build/Products/Debug/PackageFrameworks -F/Users/rogerlin/Library/Developer/Xcode/DerivedData/FinancialCalculatorKit-ackorybalcxbfocbkqsfdzcfkgmn/Build/Products/Debug/PackageFrameworks -F/Users/rogerlin/Library/Developer/Xcode/DerivedData/FinancialCalculatorKit-ackorybalcxbfocbkqsfdzcfkgmn/Build/Products/Debug/PackageFrameworks -F/Users/rogerlin/Library/Developer/Xcode/DerivedData/FinancialCalculatorKit-ackorybalcxbfocbkqsfdzcfkgmn/Build/Products/Debug -iframework /Applications/Xcode.app/Contents/Developer/Platforms/MacOSX.platform/Developer/Library/Frameworks -filelist /Users/rogerlin/Library/Developer/Xcode/DerivedData/FinancialCalculatorKit-ackorybalcxbfocbkqsfdzcfkgmn/Build/Intermediates.noindex/swift-case-paths.build/Debug/CasePaths.build/Objects-normal/arm64/CasePaths.LinkFileList -nostdlib -Xlinker -object_path_lto -Xlinker /Users/rogerlin/Library/Developer/Xcode/DerivedData/FinancialCalculatorKit-ackorybalcxbfocbkqsfdzcfkgmn/Build/Intermediates.noindex/swift-case-paths.build/Debug/CasePaths.build/Objects-normal/arm64/CasePaths_lto.o -rdynamic -Xlinker -no_deduplicate -Xlinker -debug_variant -Xlinker -dependency_info -Xlinker /Users/rogerlin/Library/Developer/Xcode/DerivedData/FinancialCalculatorKit-ackorybalcxbfocbkqsfdzcfkgmn/Build/Intermediates.noindex/swift-case-paths.build/Debug/CasePaths.build/Objects-normal/arm64/CasePaths_dependency_info.dat -fobjc-link-runtime -L/Applications/Xcode.app/Contents/Developer/Toolchains/XcodeDefault.xctoolchain/usr/lib/swift/macosx -L/usr/lib/swift -Xlinker -add_ast_path -Xlinker /Users/rogerlin/Library/Developer/Xcode/DerivedData/FinancialCalculatorKit-ackorybalcxbfocbkqsfdzcfkgmn/Build/Intermediates.noindex/swift-case-paths.build/Debug/CasePaths.build/Objects-normal/arm64/CasePaths.swiftmodule @/Users/rogerlin/Library/Developer/Xcode/DerivedData/FinancialCalculatorKit-ackorybalcxbfocbkqsfdzcfkgmn/Build/Intermediates.noindex/swift-case-paths.build/Debug/CasePaths.build/Objects-normal/arm64/CasePaths-linker-args.resp -o /Users/rogerlin/Library/Developer/Xcode/DerivedData/FinancialCalculatorKit-ackorybalcxbfocbkqsfdzcfkgmn/Build/Products/Debug/CasePaths.o

    Task input dependencies:
        /Users/rogerlin/Library/Developer/Xcode/DerivedData/FinancialCalculatorKit-ackorybalcxbfocbkqsfdzcfkgmn/Build/Intermediates.noindex/swift-case-paths.build/Debug/CasePaths.build/Objects-normal/arm64/EnumReflection.o
        /Users/rogerlin/Library/Developer/Xcode/DerivedData/FinancialCalculatorKit-ackorybalcxbfocbkqsfdzcfkgmn/Build/Intermediates.noindex/swift-case-paths.build/Debug/CasePaths.build/Objects-normal/arm64/Deprecations.o
        /Users/rogerlin/Library/Developer/Xcode/DerivedData/FinancialCalculatorKit-ackorybalcxbfocbkqsfdzcfkgmn/Build/Intermediates.noindex/swift-case-paths.build/Debug/CasePaths.build/Objects-normal/arm64/Exports.o
        /Users/rogerlin/Library/Developer/Xcode/DerivedData/FinancialCalculatorKit-ackorybalcxbfocbkqsfdzcfkgmn/Build/Intermediates.noindex/swift-case-paths.build/Debug/CasePaths.build/Objects-normal/arm64/LockIsolated.o
        /Users/rogerlin/Library/Developer/Xcode/DerivedData/FinancialCalculatorKit-ackorybalcxbfocbkqsfdzcfkgmn/Build/Intermediates.noindex/swift-case-paths.build/Debug/CasePaths.build/Objects-normal/arm64/Macros.o
        /Users/rogerlin/Library/Developer/Xcode/DerivedData/FinancialCalculatorKit-ackorybalcxbfocbkqsfdzcfkgmn/Build/Intermediates.noindex/swift-case-paths.build/Debug/CasePaths.build/Objects-normal/arm64/XCTestSupport.o
        /Users/rogerlin/Library/Developer/Xcode/DerivedData/FinancialCalculatorKit-ackorybalcxbfocbkqsfdzcfkgmn/Build/Intermediates.noindex/swift-case-paths.build/Debug/CasePaths.build/Objects-normal/arm64/CasePaths.LinkFileList
        /Users/rogerlin/Library/Developer/Xcode/DerivedData/FinancialCalculatorKit-ackorybalcxbfocbkqsfdzcfkgmn/Build/Products/Debug
        /Users/rogerlin/Library/Developer/Xcode/DerivedData/FinancialCalculatorKit-ackorybalcxbfocbkqsfdzcfkgmn/Build/Products/Debug/PackageFrameworks

    Task output dependencies:
        /Users/rogerlin/Library/Developer/Xcode/DerivedData/FinancialCalculatorKit-ackorybalcxbfocbkqsfdzcfkgmn/Build/Products/Debug/CasePaths.o
        /Users/rogerlin/Library/Developer/Xcode/DerivedData/FinancialCalculatorKit-ackorybalcxbfocbkqsfdzcfkgmn/Build/Intermediates.noindex/swift-case-paths.build/Debug/CasePaths.build/Objects-normal/arm64/CasePaths_lto.o
        /Users/rogerlin/Library/Developer/Xcode/DerivedData/FinancialCalculatorKit-ackorybalcxbfocbkqsfdzcfkgmn/Build/Intermediates.noindex/swift-case-paths.build/Debug/CasePaths.build/Objects-normal/arm64/CasePaths_dependency_info.dat

SwiftDriver Parsing normal arm64 com.apple.xcode.tools.swift.compiler (in target 'Parsing' from project 'swift-parsing')
    cd /Users/rogerlin/XCode-Projects/FinancialCalculatorKit-5.0-updated-accent-colors/FinancialCalculatorKit.xcodeproj
    builtin-SwiftDriver -- /Applications/Xcode.app/Contents/Developer/Toolchains/XcodeDefault.xctoolchain/usr/bin/swiftc -module-name Parsing -Onone -enforce-exclusivity\=checked @/Users/rogerlin/Library/Developer/Xcode/DerivedData/FinancialCalculatorKit-ackorybalcxbfocbkqsfdzcfkgmn/Build/Intermediates.noindex/swift-parsing.build/Debug/Parsing.build/Objects-normal/arm64/Parsing.SwiftFileList -DSWIFT_PACKAGE -DDEBUG -DSWIFT_MODULE_RESOURCE_BUNDLE_UNAVAILABLE -DXcode -plugin-path /Applications/Xcode.app/Contents/Developer/Toolchains/XcodeDefault.xctoolchain/usr/lib/swift/host/plugins/testing -enable-experimental-feature DebugDescriptionMacro -sdk /Applications/Xcode.app/Contents/Developer/Platforms/MacOSX.platform/Developer/SDKs/MacOSX26.1.sdk -target arm64-apple-macos10.15 -g -module-cache-path /Users/rogerlin/Library/Developer/Xcode/DerivedData/ModuleCache.noindex -Xfrontend -serialize-debugging-options -profile-coverage-mapping -profile-generate -enable-testing -suppress-warnings -index-store-path /Users/rogerlin/Library/Developer/Xcode/DerivedData/FinancialCalculatorKit-ackorybalcxbfocbkqsfdzcfkgmn/Index.noindex/DataStore -Xcc -D_LIBCPP_HARDENING_MODE\=_LIBCPP_HARDENING_MODE_DEBUG -swift-version 5 -I /Users/rogerlin/Library/Developer/Xcode/DerivedData/FinancialCalculatorKit-ackorybalcxbfocbkqsfdzcfkgmn/Build/Products/Debug -Isystem /Applications/Xcode.app/Contents/Developer/Platforms/MacOSX.platform/Developer/usr/lib -F /Users/rogerlin/Library/Developer/Xcode/DerivedData/FinancialCalculatorKit-ackorybalcxbfocbkqsfdzcfkgmn/Build/Products/Debug/PackageFrameworks -F /Users/rogerlin/Library/Developer/Xcode/DerivedData/FinancialCalculatorKit-ackorybalcxbfocbkqsfdzcfkgmn/Build/Products/Debug/PackageFrameworks -F /Users/rogerlin/Library/Developer/Xcode/DerivedData/FinancialCalculatorKit-ackorybalcxbfocbkqsfdzcfkgmn/Build/Products/Debug/PackageFrameworks -F /Users/rogerlin/Library/Developer/Xcode/DerivedData/FinancialCalculatorKit-ackorybalcxbfocbkqsfdzcfkgmn/Build/Products/Debug/PackageFrameworks -F /Users/rogerlin/Library/Developer/Xcode/DerivedData/FinancialCalculatorKit-ackorybalcxbfocbkqsfdzcfkgmn/Build/Products/Debug -F /Applications/Xcode.app/Contents/Developer/Platforms/MacOSX.platform/Developer/Library/Frameworks -Xfrontend -load-plugin-executable -Xfrontend /Users/rogerlin/Library/Developer/Xcode/DerivedData/FinancialCalculatorKit-ackorybalcxbfocbkqsfdzcfkgmn/Build/Products/Debug/CasePathsMacros\#CasePathsMacros -c -j16 -enable-batch-mode -incremental -Xcc -ivfsstatcache -Xcc /Users/rogerlin/Library/Developer/Xcode/DerivedData/SDKStatCaches.noindex/macosx26.1-25B74-3ae1261907bdadc328169391a47051a6.sdkstatcache -output-file-map /Users/rogerlin/Library/Developer/Xcode/DerivedData/FinancialCalculatorKit-ackorybalcxbfocbkqsfdzcfkgmn/Build/Intermediates.noindex/swift-parsing.build/Debug/Parsing.build/Objects-normal/arm64/Parsing-OutputFileMap.json -use-frontend-parseable-output -save-temps -no-color-diagnostics -explicit-module-build -module-cache-path /Users/rogerlin/Library/Developer/Xcode/DerivedData/FinancialCalculatorKit-ackorybalcxbfocbkqsfdzcfkgmn/Build/Intermediates.noindex/SwiftExplicitPrecompiledModules -clang-scanner-module-cache-path /Users/rogerlin/Library/Developer/Xcode/DerivedData/ModuleCache.noindex -sdk-module-cache-path /Users/rogerlin/Library/Developer/Xcode/DerivedData/ModuleCache.noindex -serialize-diagnostics -emit-dependencies -emit-module -emit-module-path /Users/rogerlin/Library/Developer/Xcode/DerivedData/FinancialCalculatorKit-ackorybalcxbfocbkqsfdzcfkgmn/Build/Intermediates.noindex/swift-parsing.build/Debug/Parsing.build/Objects-normal/arm64/Parsing.swiftmodule -validate-clang-modules-once -clang-build-session-file /Users/rogerlin/Library/Developer/Xcode/DerivedData/ModuleCache.noindex/Session.modulevalidation -package-name swift_parsing -Xcc -I/Users/rogerlin/Library/Developer/Xcode/DerivedData/FinancialCalculatorKit-ackorybalcxbfocbkqsfdzcfkgmn/Build/Intermediates.noindex/swift-parsing.build/Debug/Parsing.build/swift-overrides.hmap -emit-const-values -Xfrontend -const-gather-protocols-file -Xfrontend /Users/rogerlin/Library/Developer/Xcode/DerivedData/FinancialCalculatorKit-ackorybalcxbfocbkqsfdzcfkgmn/Build/Intermediates.noindex/swift-parsing.build/Debug/Parsing.build/Objects-normal/arm64/Parsing_const_extract_protocols.json -Xcc -I/Users/rogerlin/Library/Developer/Xcode/DerivedData/FinancialCalculatorKit-ackorybalcxbfocbkqsfdzcfkgmn/Build/Products/Debug/include -Xcc -I/Users/rogerlin/Library/Developer/Xcode/DerivedData/FinancialCalculatorKit-ackorybalcxbfocbkqsfdzcfkgmn/Build/Intermediates.noindex/swift-parsing.build/Debug/Parsing.build/DerivedSources-normal/arm64 -Xcc -I/Users/rogerlin/Library/Developer/Xcode/DerivedData/FinancialCalculatorKit-ackorybalcxbfocbkqsfdzcfkgmn/Build/Intermediates.noindex/swift-parsing.build/Debug/Parsing.build/DerivedSources/arm64 -Xcc -I/Users/rogerlin/Library/Developer/Xcode/DerivedData/FinancialCalculatorKit-ackorybalcxbfocbkqsfdzcfkgmn/Build/Intermediates.noindex/swift-parsing.build/Debug/Parsing.build/DerivedSources -Xcc -DSWIFT_PACKAGE -Xcc -DDEBUG\=1 -emit-objc-header -emit-objc-header-path /Users/rogerlin/Library/Developer/Xcode/DerivedData/FinancialCalculatorKit-ackorybalcxbfocbkqsfdzcfkgmn/Build/Intermediates.noindex/swift-parsing.build/Debug/Parsing.build/Objects-normal/arm64/Parsing-Swift.h -working-directory /Users/rogerlin/XCode-Projects/FinancialCalculatorKit-5.0-updated-accent-colors/FinancialCalculatorKit.xcodeproj -experimental-emit-module-separately -disable-cmo

    Task input dependencies:

    Task output dependencies:
note: Swift Driver planned jobs for target Parsing (arm64-normal):
	Explicit Modules:

	Compilation Requirements:
		<PlannedSwiftDriverJob [target(0)]:EmitModule Parsing dependencies=[]>
	Compilation:
		<PlannedSwiftDriverJob [target(1)]:Compile Parsing OneOfBuilder.swift ParserBuilder.swift Conversion.swift AnyConversion.swift BinaryFloatingPoint.swift dependencies=[]>
		<PlannedSwiftDriverJob [target(2)]:Compile Parsing ConversionMap.swift Conversions.swift Data.swift Enum.swift FixedWidthInteger.swift dependencies=[]>
		<PlannedSwiftDriverJob [target(3)]:Compile Parsing Identity.swift JSON.swift LosslessStringConvertible.swift Memberwise.swift ParseableFormatStyleConversion.swift dependencies=[]>
		<PlannedSwiftDriverJob [target(4)]:Compile Parsing RawRepresentable.swift String.swift Substring.swift UTF8View.swift ConvertingError.swift dependencies=[]>
		<PlannedSwiftDriverJob [target(5)]:Compile Parsing CountingRange.swift EmptyInitializable.swift AnyEquatable.swift Deprecations.swift Parser.swift dependencies=[]>
		<PlannedSwiftDriverJob [target(6)]:Compile Parsing ParserPrinter.swift Always.swift AnyParserPrinter.swift Backtracking.swift Bool.swift dependencies=[]>
		<PlannedSwiftDriverJob [target(7)]:Compile Parsing CaseIterableRawRepresentable.swift CharacterSet.swift Conditional.swift Consumed.swift Digits.swift dependencies=[]>
		<PlannedSwiftDriverJob [target(8)]:Compile Parsing End.swift Fail.swift Filter.swift First.swift Float.swift dependencies=[]>
		<PlannedSwiftDriverJob [target(9)]:Compile Parsing From.swift Int.swift Lazy.swift Literal.swift Many.swift dependencies=[]>
		<PlannedSwiftDriverJob [target(10)]:Compile Parsing Map.swift Newline.swift Not.swift OneOf.swift OneOfMany.swift dependencies=[]>
		<PlannedSwiftDriverJob [target(11)]:Compile Parsing Optional.swift Optionally.swift Parse.swift ParseableFormatStyle.swift Peek.swift dependencies=[]>
		<PlannedSwiftDriverJob [target(12)]:Compile Parsing Pipe.swift Prefix.swift PrefixThrough.swift PrefixUpTo.swift dependencies=[]>
		<PlannedSwiftDriverJob [target(13)]:Compile Parsing Printing.swift Pullback.swift ReplaceError.swift Rest.swift dependencies=[]>
		<PlannedSwiftDriverJob [target(14)]:Compile Parsing Skip.swift StartsWith.swift UUID.swift Whitespace.swift dependencies=[]>
		<PlannedSwiftDriverJob [target(15)]:Compile Parsing AnyParser.swift CompactMap.swift FlatMap.swift Parsers.swift dependencies=[]>
		<PlannedSwiftDriverJob [target(16)]:Compile Parsing Stream.swift ParsingError.swift PrependableCollection.swift PrintingError.swift dependencies=[]>
	After Compilation:

	Verification:
 (in target 'Parsing' from project 'swift-parsing')

ExtractAppIntentsMetadata (in target 'CasePaths' from project 'swift-case-paths')
    cd /Users/rogerlin/Library/Developer/Xcode/DerivedData/FinancialCalculatorKit-ackorybalcxbfocbkqsfdzcfkgmn/SourcePackages/checkouts/swift-case-paths
    /Applications/Xcode.app/Contents/Developer/Toolchains/XcodeDefault.xctoolchain/usr/bin/appintentsmetadataprocessor --toolchain-dir /Applications/Xcode.app/Contents/Developer/Toolchains/XcodeDefault.xctoolchain --module-name CasePaths --sdk-root /Applications/Xcode.app/Contents/Developer/Platforms/MacOSX.platform/Developer/SDKs/MacOSX26.1.sdk --xcode-version 17B55 --platform-family macOS --deployment-target 10.15 --bundle-identifier swift-case-paths.CasePaths --output /Users/rogerlin/Library/Developer/Xcode/DerivedData/FinancialCalculatorKit-ackorybalcxbfocbkqsfdzcfkgmn/Build/Products/Debug/CasePaths.appintents --target-triple arm64-apple-macos10.15 --binary-file /Users/rogerlin/Library/Developer/Xcode/DerivedData/FinancialCalculatorKit-ackorybalcxbfocbkqsfdzcfkgmn/Build/Products/Debug/CasePaths.o --dependency-file /Users/rogerlin/Library/Developer/Xcode/DerivedData/FinancialCalculatorKit-ackorybalcxbfocbkqsfdzcfkgmn/Build/Intermediates.noindex/swift-case-paths.build/Debug/CasePaths.build/Objects-normal/arm64/CasePaths_dependency_info.dat --stringsdata-file /Users/rogerlin/Library/Developer/Xcode/DerivedData/FinancialCalculatorKit-ackorybalcxbfocbkqsfdzcfkgmn/Build/Intermediates.noindex/swift-case-paths.build/Debug/CasePaths.build/Objects-normal/arm64/ExtractedAppShortcutsMetadata.stringsdata --source-file-list /Users/rogerlin/Library/Developer/Xcode/DerivedData/FinancialCalculatorKit-ackorybalcxbfocbkqsfdzcfkgmn/Build/Intermediates.noindex/swift-case-paths.build/Debug/CasePaths.build/Objects-normal/arm64/CasePaths.SwiftFileList --metadata-file-list /Users/rogerlin/Library/Developer/Xcode/DerivedData/FinancialCalculatorKit-ackorybalcxbfocbkqsfdzcfkgmn/Build/Intermediates.noindex/swift-case-paths.build/Debug/CasePaths.build/CasePaths.DependencyMetadataFileList --static-metadata-file-list /Users/rogerlin/Library/Developer/Xcode/DerivedData/FinancialCalculatorKit-ackorybalcxbfocbkqsfdzcfkgmn/Build/Intermediates.noindex/swift-case-paths.build/Debug/CasePaths.build/CasePaths.DependencyStaticMetadataFileList --swift-const-vals-list /Users/rogerlin/Library/Developer/Xcode/DerivedData/FinancialCalculatorKit-ackorybalcxbfocbkqsfdzcfkgmn/Build/Intermediates.noindex/swift-case-paths.build/Debug/CasePaths.build/Objects-normal/arm64/CasePaths.SwiftConstValuesFileList --force --compile-time-extraction --deployment-aware-processing --validate-assistant-intents --no-app-shortcuts-localization

    Task input dependencies:
        /Users/rogerlin/Library/Developer/Xcode/DerivedData/FinancialCalculatorKit-ackorybalcxbfocbkqsfdzcfkgmn/SourcePackages/checkouts/swift-case-paths/Sources/CasePaths/EnumReflection.swift
        /Users/rogerlin/Library/Developer/Xcode/DerivedData/FinancialCalculatorKit-ackorybalcxbfocbkqsfdzcfkgmn/SourcePackages/checkouts/swift-case-paths/Sources/CasePaths/Internal/Deprecations.swift
        /Users/rogerlin/Library/Developer/Xcode/DerivedData/FinancialCalculatorKit-ackorybalcxbfocbkqsfdzcfkgmn/SourcePackages/checkouts/swift-case-paths/Sources/CasePaths/Internal/Exports.swift
        /Users/rogerlin/Library/Developer/Xcode/DerivedData/FinancialCalculatorKit-ackorybalcxbfocbkqsfdzcfkgmn/SourcePackages/checkouts/swift-case-paths/Sources/CasePaths/Internal/LockIsolated.swift
        /Users/rogerlin/Library/Developer/Xcode/DerivedData/FinancialCalculatorKit-ackorybalcxbfocbkqsfdzcfkgmn/SourcePackages/checkouts/swift-case-paths/Sources/CasePaths/Macros.swift
        /Users/rogerlin/Library/Developer/Xcode/DerivedData/FinancialCalculatorKit-ackorybalcxbfocbkqsfdzcfkgmn/SourcePackages/checkouts/swift-case-paths/Sources/CasePaths/XCTestSupport.swift
        /Users/rogerlin/Library/Developer/Xcode/DerivedData/FinancialCalculatorKit-ackorybalcxbfocbkqsfdzcfkgmn/Build/Intermediates.noindex/swift-case-paths.build/Debug/CasePaths.build/Objects-normal/arm64/EnumReflection.swiftconstvalues
        /Users/rogerlin/Library/Developer/Xcode/DerivedData/FinancialCalculatorKit-ackorybalcxbfocbkqsfdzcfkgmn/Build/Intermediates.noindex/swift-case-paths.build/Debug/CasePaths.build/Objects-normal/arm64/Deprecations.swiftconstvalues
        /Users/rogerlin/Library/Developer/Xcode/DerivedData/FinancialCalculatorKit-ackorybalcxbfocbkqsfdzcfkgmn/Build/Intermediates.noindex/swift-case-paths.build/Debug/CasePaths.build/Objects-normal/arm64/Exports.swiftconstvalues
        /Users/rogerlin/Library/Developer/Xcode/DerivedData/FinancialCalculatorKit-ackorybalcxbfocbkqsfdzcfkgmn/Build/Intermediates.noindex/swift-case-paths.build/Debug/CasePaths.build/Objects-normal/arm64/LockIsolated.swiftconstvalues
        /Users/rogerlin/Library/Developer/Xcode/DerivedData/FinancialCalculatorKit-ackorybalcxbfocbkqsfdzcfkgmn/Build/Intermediates.noindex/swift-case-paths.build/Debug/CasePaths.build/Objects-normal/arm64/Macros.swiftconstvalues
        /Users/rogerlin/Library/Developer/Xcode/DerivedData/FinancialCalculatorKit-ackorybalcxbfocbkqsfdzcfkgmn/Build/Intermediates.noindex/swift-case-paths.build/Debug/CasePaths.build/Objects-normal/arm64/XCTestSupport.swiftconstvalues
        /Users/rogerlin/Library/Developer/Xcode/DerivedData/FinancialCalculatorKit-ackorybalcxbfocbkqsfdzcfkgmn/Build/Products/Debug/CasePaths.o
        /Users/rogerlin/Library/Developer/Xcode/DerivedData/FinancialCalculatorKit-ackorybalcxbfocbkqsfdzcfkgmn/Build/Intermediates.noindex/swift-case-paths.build/Debug/CasePaths.build/CasePaths.DependencyMetadataFileList
        /Users/rogerlin/Library/Developer/Xcode/DerivedData/FinancialCalculatorKit-ackorybalcxbfocbkqsfdzcfkgmn/Build/Intermediates.noindex/swift-case-paths.build/Debug/CasePaths.build/CasePaths.DependencyStaticMetadataFileList
        /Users/rogerlin/Library/Developer/Xcode/DerivedData/FinancialCalculatorKit-ackorybalcxbfocbkqsfdzcfkgmn/Build/Intermediates.noindex/swift-case-paths.build/Debug/CasePaths.build/Objects-normal/arm64/CasePaths_dependency_info.dat
        /Users/rogerlin/Library/Developer/Xcode/DerivedData/FinancialCalculatorKit-ackorybalcxbfocbkqsfdzcfkgmn/Build/Intermediates.noindex/swift-case-paths.build/Debug/CasePaths.build/Objects-normal/arm64/CasePaths.SwiftFileList
        /Users/rogerlin/Library/Developer/Xcode/DerivedData/FinancialCalculatorKit-ackorybalcxbfocbkqsfdzcfkgmn/Build/Intermediates.noindex/swift-case-paths.build/Debug/CasePaths.build/Objects-normal/arm64/CasePaths.SwiftConstValuesFileList

    Task output dependencies:
        /Users/rogerlin/Library/Developer/Xcode/DerivedData/FinancialCalculatorKit-ackorybalcxbfocbkqsfdzcfkgmn/Build/Intermediates.noindex/swift-case-paths.build/Debug/CasePaths.build/Objects-normal/arm64/ExtractedAppShortcutsMetadata.stringsdata
2025-11-05 20:45:57.805 appintentsmetadataprocessor[14067:497309] Starting appintentsmetadataprocessor export
2025-11-05 20:45:57.876 appintentsmetadataprocessor[14067:497309] Extracted no relevant App Intents symbols, skipping writing output

RegisterExecutionPolicyException /Users/rogerlin/Library/Developer/Xcode/DerivedData/FinancialCalculatorKit-ackorybalcxbfocbkqsfdzcfkgmn/Build/Products/Debug/CasePaths.o (in target 'CasePaths' from project 'swift-case-paths')
    cd /Users/rogerlin/Library/Developer/Xcode/DerivedData/FinancialCalculatorKit-ackorybalcxbfocbkqsfdzcfkgmn/SourcePackages/checkouts/swift-case-paths
    builtin-RegisterExecutionPolicyException /Users/rogerlin/Library/Developer/Xcode/DerivedData/FinancialCalculatorKit-ackorybalcxbfocbkqsfdzcfkgmn/Build/Products/Debug/CasePaths.o

    Task input dependencies:
        /Users/rogerlin/Library/Developer/Xcode/DerivedData/FinancialCalculatorKit-ackorybalcxbfocbkqsfdzcfkgmn/Build/Products/Debug/CasePaths.o

    Task output dependencies:

SwiftCompile normal arm64 Compiling\ OneOfBuilder.swift,\ ParserBuilder.swift,\ Conversion.swift,\ AnyConversion.swift,\ BinaryFloatingPoint.swift /Users/rogerlin/Library/Developer/Xcode/DerivedData/FinancialCalculatorKit-ackorybalcxbfocbkqsfdzcfkgmn/SourcePackages/checkouts/swift-parsing/Sources/Parsing/Builders/OneOfBuilder.swift /Users/rogerlin/Library/Developer/Xcode/DerivedData/FinancialCalculatorKit-ackorybalcxbfocbkqsfdzcfkgmn/SourcePackages/checkouts/swift-parsing/Sources/Parsing/Builders/ParserBuilder.swift /Users/rogerlin/Library/Developer/Xcode/DerivedData/FinancialCalculatorKit-ackorybalcxbfocbkqsfdzcfkgmn/SourcePackages/checkouts/swift-parsing/Sources/Parsing/Conversion.swift /Users/rogerlin/Library/Developer/Xcode/DerivedData/FinancialCalculatorKit-ackorybalcxbfocbkqsfdzcfkgmn/SourcePackages/checkouts/swift-parsing/Sources/Parsing/Conversions/AnyConversion.swift /Users/rogerlin/Library/Developer/Xcode/DerivedData/FinancialCalculatorKit-ackorybalcxbfocbkqsfdzcfkgmn/SourcePackages/checkouts/swift-parsing/Sources/Parsing/Conversions/BinaryFloatingPoint.swift (in target 'Parsing' from project 'swift-parsing')

SwiftCompile normal arm64 /Users/rogerlin/Library/Developer/Xcode/DerivedData/FinancialCalculatorKit-ackorybalcxbfocbkqsfdzcfkgmn/SourcePackages/checkouts/swift-parsing/Sources/Parsing/Builders/OneOfBuilder.swift (in target 'Parsing' from project 'swift-parsing')
    cd /Users/rogerlin/XCode-Projects/FinancialCalculatorKit-5.0-updated-accent-colors/FinancialCalculatorKit.xcodeproj
    

SwiftCompile normal arm64 /Users/rogerlin/Library/Developer/Xcode/DerivedData/FinancialCalculatorKit-ackorybalcxbfocbkqsfdzcfkgmn/SourcePackages/checkouts/swift-parsing/Sources/Parsing/Builders/ParserBuilder.swift (in target 'Parsing' from project 'swift-parsing')
    cd /Users/rogerlin/XCode-Projects/FinancialCalculatorKit-5.0-updated-accent-colors/FinancialCalculatorKit.xcodeproj
    

SwiftCompile normal arm64 /Users/rogerlin/Library/Developer/Xcode/DerivedData/FinancialCalculatorKit-ackorybalcxbfocbkqsfdzcfkgmn/SourcePackages/checkouts/swift-parsing/Sources/Parsing/Conversion.swift (in target 'Parsing' from project 'swift-parsing')
    cd /Users/rogerlin/XCode-Projects/FinancialCalculatorKit-5.0-updated-accent-colors/FinancialCalculatorKit.xcodeproj
    

SwiftCompile normal arm64 /Users/rogerlin/Library/Developer/Xcode/DerivedData/FinancialCalculatorKit-ackorybalcxbfocbkqsfdzcfkgmn/SourcePackages/checkouts/swift-parsing/Sources/Parsing/Conversions/AnyConversion.swift (in target 'Parsing' from project 'swift-parsing')
    cd /Users/rogerlin/XCode-Projects/FinancialCalculatorKit-5.0-updated-accent-colors/FinancialCalculatorKit.xcodeproj
    

SwiftCompile normal arm64 /Users/rogerlin/Library/Developer/Xcode/DerivedData/FinancialCalculatorKit-ackorybalcxbfocbkqsfdzcfkgmn/SourcePackages/checkouts/swift-parsing/Sources/Parsing/Conversions/BinaryFloatingPoint.swift (in target 'Parsing' from project 'swift-parsing')
    cd /Users/rogerlin/XCode-Projects/FinancialCalculatorKit-5.0-updated-accent-colors/FinancialCalculatorKit.xcodeproj
    

/Applications/Xcode.app/Contents/Developer/Toolchains/XcodeDefault.xctoolchain/usr/bin/swift-frontend -frontend -c -primary-file /Users/rogerlin/Library/Developer/Xcode/DerivedData/FinancialCalculatorKit-ackorybalcxbfocbkqsfdzcfkgmn/SourcePackages/checkouts/swift-parsing/Sources/Parsing/Builders/OneOfBuilder.swift -primary-file /Users/rogerlin/Library/Developer/Xcode/DerivedData/FinancialCalculatorKit-ackorybalcxbfocbkqsfdzcfkgmn/SourcePackages/checkouts/swift-parsing/Sources/Parsing/Builders/ParserBuilder.swift -primary-file /Users/rogerlin/Library/Developer/Xcode/DerivedData/FinancialCalculatorKit-ackorybalcxbfocbkqsfdzcfkgmn/SourcePackages/checkouts/swift-parsing/Sources/Parsing/Conversion.swift -primary-file /Users/rogerlin/Library/Developer/Xcode/DerivedData/FinancialCalculatorKit-ackorybalcxbfocbkqsfdzcfkgmn/SourcePackages/checkouts/swift-parsing/Sources/Parsing/Conversions/AnyConversion.swift -primary-file /Users/rogerlin/Library/Developer/Xcode/DerivedData/FinancialCalculatorKit-ackorybalcxbfocbkqsfdzcfkgmn/SourcePackages/checkouts/swift-parsing/Sources/Parsing/Conversions/BinaryFloatingPoint.swift /Users/rogerlin/Library/Developer/Xcode/DerivedData/FinancialCalculatorKit-ackorybalcxbfocbkqsfdzcfkgmn/SourcePackages/checkouts/swift-parsing/Sources/Parsing/Conversions/ConversionMap.swift /Users/rogerlin/Library/Developer/Xcode/DerivedData/FinancialCalculatorKit-ackorybalcxbfocbkqsfdzcfkgmn/SourcePackages/checkouts/swift-parsing/Sources/Parsing/Conversions/Conversions.swift /Users/rogerlin/Library/Developer/Xcode/DerivedData/FinancialCalculatorKit-ackorybalcxbfocbkqsfdzcfkgmn/SourcePackages/checkouts/swift-parsing/Sources/Parsing/Conversions/Data.swift /Users/rogerlin/Library/Developer/Xcode/DerivedData/FinancialCalculatorKit-ackorybalcxbfocbkqsfdzcfkgmn/SourcePackages/checkouts/swift-parsing/Sources/Parsing/Conversions/Enum.swift /Users/rogerlin/Library/Developer/Xcode/DerivedData/FinancialCalculatorKit-ackorybalcxbfocbkqsfdzcfkgmn/SourcePackages/checkouts/swift-parsing/Sources/Parsing/Conversions/FixedWidthInteger.swift /Users/rogerlin/Library/Developer/Xcode/DerivedData/FinancialCalculatorKit-ackorybalcxbfocbkqsfdzcfkgmn/SourcePackages/checkouts/swift-parsing/Sources/Parsing/Conversions/Identity.swift /Users/rogerlin/Library/Developer/Xcode/DerivedData/FinancialCalculatorKit-ackorybalcxbfocbkqsfdzcfkgmn/SourcePackages/checkouts/swift-parsing/Sources/Parsing/Conversions/JSON.swift /Users/rogerlin/Library/Developer/Xcode/DerivedData/FinancialCalculatorKit-ackorybalcxbfocbkqsfdzcfkgmn/SourcePackages/checkouts/swift-parsing/Sources/Parsing/Conversions/LosslessStringConvertible.swift /Users/rogerlin/Library/Developer/Xcode/DerivedData/FinancialCalculatorKit-ackorybalcxbfocbkqsfdzcfkgmn/SourcePackages/checkouts/swift-parsing/Sources/Parsing/Conversions/Memberwise.swift /Users/rogerlin/Library/Developer/Xcode/DerivedData/FinancialCalculatorKit-ackorybalcxbfocbkqsfdzcfkgmn/SourcePackages/checkouts/swift-parsing/Sources/Parsing/Conversions/ParseableFormatStyleConversion.swift /Users/rogerlin/Library/Developer/Xcode/DerivedData/FinancialCalculatorKit-ackorybalcxbfocbkqsfdzcfkgmn/SourcePackages/checkouts/swift-parsing/Sources/Parsing/Conversions/RawRepresentable.swift /Users/rogerlin/Library/Developer/Xcode/DerivedData/FinancialCalculatorKit-ackorybalcxbfocbkqsfdzcfkgmn/SourcePackages/checkouts/swift-parsing/Sources/Parsing/Conversions/String.swift /Users/rogerlin/Library/Developer/Xcode/DerivedData/FinancialCalculatorKit-ackorybalcxbfocbkqsfdzcfkgmn/SourcePackages/checkouts/swift-parsing/Sources/Parsing/Conversions/Substring.swift /Users/rogerlin/Library/Developer/Xcode/DerivedData/FinancialCalculatorKit-ackorybalcxbfocbkqsfdzcfkgmn/SourcePackages/checkouts/swift-parsing/Sources/Parsing/Conversions/UTF8View.swift /Users/rogerlin/Library/Developer/Xcode/DerivedData/FinancialCalculatorKit-ackorybalcxbfocbkqsfdzcfkgmn/SourcePackages/checkouts/swift-parsing/Sources/Parsing/ConvertingError.swift /Users/rogerlin/Library/Developer/Xcode/DerivedData/FinancialCalculatorKit-ackorybalcxbfocbkqsfdzcfkgmn/SourcePackages/checkouts/swift-parsing/Sources/Parsing/CountingRange.swift /Users/rogerlin/Library/Developer/Xcode/DerivedData/FinancialCalculatorKit-ackorybalcxbfocbkqsfdzcfkgmn/SourcePackages/checkouts/swift-parsing/Sources/Parsing/EmptyInitializable.swift /Users/rogerlin/Library/Developer/Xcode/DerivedData/FinancialCalculatorKit-ackorybalcxbfocbkqsfdzcfkgmn/SourcePackages/checkouts/swift-parsing/Sources/Parsing/Internal/AnyEquatable.swift /Users/rogerlin/Library/Developer/Xcode/DerivedData/FinancialCalculatorKit-ackorybalcxbfocbkqsfdzcfkgmn/SourcePackages/checkouts/swift-parsing/Sources/Parsing/Internal/Deprecations.swift /Users/rogerlin/Library/Developer/Xcode/DerivedData/FinancialCalculatorKit-ackorybalcxbfocbkqsfdzcfkgmn/SourcePackages/checkouts/swift-parsing/Sources/Parsing/Parser.swift /Users/rogerlin/Library/Developer/Xcode/DerivedData/FinancialCalculatorKit-ackorybalcxbfocbkqsfdzcfkgmn/SourcePackages/checkouts/swift-parsing/Sources/Parsing/ParserPrinter.swift /Users/rogerlin/Library/Developer/Xcode/DerivedData/FinancialCalculatorKit-ackorybalcxbfocbkqsfdzcfkgmn/SourcePackages/checkouts/swift-parsing/Sources/Parsing/ParserPrinters/Always.swift /Users/rogerlin/Library/Developer/Xcode/DerivedData/FinancialCalculatorKit-ackorybalcxbfocbkqsfdzcfkgmn/SourcePackages/checkouts/swift-parsing/Sources/Parsing/ParserPrinters/AnyParserPrinter.swift /Users/rogerlin/Library/Developer/Xcode/DerivedData/FinancialCalculatorKit-ackorybalcxbfocbkqsfdzcfkgmn/SourcePackages/checkouts/swift-parsing/Sources/Parsing/ParserPrinters/Backtracking.swift /Users/rogerlin/Library/Developer/Xcode/DerivedData/FinancialCalculatorKit-ackorybalcxbfocbkqsfdzcfkgmn/SourcePackages/checkouts/swift-parsing/Sources/Parsing/ParserPrinters/Bool.swift /Users/rogerlin/Library/Developer/Xcode/DerivedData/FinancialCalculatorKit-ackorybalcxbfocbkqsfdzcfkgmn/SourcePackages/checkouts/swift-parsing/Sources/Parsing/ParserPrinters/CaseIterableRawRepresentable.swift /Users/rogerlin/Library/Developer/Xcode/DerivedData/FinancialCalculatorKit-ackorybalcxbfocbkqsfdzcfkgmn/SourcePackages/checkouts/swift-parsing/Sources/Parsing/ParserPrinters/CharacterSet.swift /Users/rogerlin/Library/Developer/Xcode/DerivedData/FinancialCalculatorKit-ackorybalcxbfocbkqsfdzcfkgmn/SourcePackages/checkouts/swift-parsing/Sources/Parsing/ParserPrinters/Conditional.swift /Users/rogerlin/Library/Developer/Xcode/DerivedData/FinancialCalculatorKit-ackorybalcxbfocbkqsfdzcfkgmn/SourcePackages/checkouts/swift-parsing/Sources/Parsing/ParserPrinters/Consumed.swift /Users/rogerlin/Library/Developer/Xcode/DerivedData/FinancialCalculatorKit-ackorybalcxbfocbkqsfdzcfkgmn/SourcePackages/checkouts/swift-parsing/Sources/Parsing/ParserPrinters/Digits.swift /Users/rogerlin/Library/Developer/Xcode/DerivedData/FinancialCalculatorKit-ackorybalcxbfocbkqsfdzcfkgmn/SourcePackages/checkouts/swift-parsing/Sources/Parsing/ParserPrinters/End.swift /Users/rogerlin/Library/Developer/Xcode/DerivedData/FinancialCalculatorKit-ackorybalcxbfocbkqsfdzcfkgmn/SourcePackages/checkouts/swift-parsing/Sources/Parsing/ParserPrinters/Fail.swift /Users/rogerlin/Library/Developer/Xcode/DerivedData/FinancialCalculatorKit-ackorybalcxbfocbkqsfdzcfkgmn/SourcePackages/checkouts/swift-parsing/Sources/Parsing/ParserPrinters/Filter.swift /Users/rogerlin/Library/Developer/Xcode/DerivedData/FinancialCalculatorKit-ackorybalcxbfocbkqsfdzcfkgmn/SourcePackages/checkouts/swift-parsing/Sources/Parsing/ParserPrinters/First.swift /Users/rogerlin/Library/Developer/Xcode/DerivedData/FinancialCalculatorKit-ackorybalcxbfocbkqsfdzcfkgmn/SourcePackages/checkouts/swift-parsing/Sources/Parsing/ParserPrinters/Float.swift /Users/rogerlin/Library/Developer/Xcode/DerivedData/FinancialCalculatorKit-ackorybalcxbfocbkqsfdzcfkgmn/SourcePackages/checkouts/swift-parsing/Sources/Parsing/ParserPrinters/From.swift /Users/rogerlin/Library/Developer/Xcode/DerivedData/FinancialCalculatorKit-ackorybalcxbfocbkqsfdzcfkgmn/SourcePackages/checkouts/swift-parsing/Sources/Parsing/ParserPrinters/Int.swift /Users/rogerlin/Library/Developer/Xcode/DerivedData/FinancialCalculatorKit-ackorybalcxbfocbkqsfdzcfkgmn/SourcePackages/checkouts/swift-parsing/Sources/Parsing/ParserPrinters/Lazy.swift /Users/rogerlin/Library/Developer/Xcode/DerivedData/FinancialCalculatorKit-ackorybalcxbfocbkqsfdzcfkgmn/SourcePackages/checkouts/swift-parsing/Sources/Parsing/ParserPrinters/Literal.swift /Users/rogerlin/Library/Developer/Xcode/DerivedData/FinancialCalculatorKit-ackorybalcxbfocbkqsfdzcfkgmn/SourcePackages/checkouts/swift-parsing/Sources/Parsing/ParserPrinters/Many.swift /Users/rogerlin/Library/Developer/Xcode/DerivedData/FinancialCalculatorKit-ackorybalcxbfocbkqsfdzcfkgmn/SourcePackages/checkouts/swift-parsing/Sources/Parsing/ParserPrinters/Map.swift /Users/rogerlin/Library/Developer/Xcode/DerivedData/FinancialCalculatorKit-ackorybalcxbfocbkqsfdzcfkgmn/SourcePackages/checkouts/swift-parsing/Sources/Parsing/ParserPrinters/Newline.swift /Users/rogerlin/Library/Developer/Xcode/DerivedData/FinancialCalculatorKit-ackorybalcxbfocbkqsfdzcfkgmn/SourcePackages/checkouts/swift-parsing/Sources/Parsing/ParserPrinters/Not.swift /Users/rogerlin/Library/Developer/Xcode/DerivedData/FinancialCalculatorKit-ackorybalcxbfocbkqsfdzcfkgmn/SourcePackages/checkouts/swift-parsing/Sources/Parsing/ParserPrinters/OneOf.swift /Users/rogerlin/Library/Developer/Xcode/DerivedData/FinancialCalculatorKit-ackorybalcxbfocbkqsfdzcfkgmn/SourcePackages/checkouts/swift-parsing/Sources/Parsing/ParserPrinters/OneOfMany.swift /Users/rogerlin/Library/Developer/Xcode/DerivedData/FinancialCalculatorKit-ackorybalcxbfocbkqsfdzcfkgmn/SourcePackages/checkouts/swift-parsing/Sources/Parsing/ParserPrinters/Optional.swift /Users/rogerlin/Library/Developer/Xcode/DerivedData/FinancialCalculatorKit-ackorybalcxbfocbkqsfdzcfkgmn/SourcePackages/checkouts/swift-parsing/Sources/Parsing/ParserPrinters/Optionally.swift /Users/rogerlin/Library/Developer/Xcode/DerivedData/FinancialCalculatorKit-ackorybalcxbfocbkqsfdzcfkgmn/SourcePackages/checkouts/swift-parsing/Sources/Parsing/ParserPrinters/Parse.swift /Users/rogerlin/Library/Developer/Xcode/DerivedData/FinancialCalculatorKit-ackorybalcxbfocbkqsfdzcfkgmn/SourcePackages/checkouts/swift-parsing/Sources/Parsing/ParserPrinters/ParseableFormatStyle.swift /Users/rogerlin/Library/Developer/Xcode/DerivedData/FinancialCalculatorKit-ackorybalcxbfocbkqsfdzcfkgmn/SourcePackages/checkouts/swift-parsing/Sources/Parsing/ParserPrinters/Peek.swift /Users/rogerlin/Library/Developer/Xcode/DerivedData/FinancialCalculatorKit-ackorybalcxbfocbkqsfdzcfkgmn/SourcePackages/checkouts/swift-parsing/Sources/Parsing/ParserPrinters/Pipe.swift /Users/rogerlin/Library/Developer/Xcode/DerivedData/FinancialCalculatorKit-ackorybalcxbfocbkqsfdzcfkgmn/SourcePackages/checkouts/swift-parsing/Sources/Parsing/ParserPrinters/Prefix.swift /Users/rogerlin/Library/Developer/Xcode/DerivedData/FinancialCalculatorKit-ackorybalcxbfocbkqsfdzcfkgmn/SourcePackages/checkouts/swift-parsing/Sources/Parsing/ParserPrinters/PrefixThrough.swift /Users/rogerlin/Library/Developer/Xcode/DerivedData/FinancialCalculatorKit-ackorybalcxbfocbkqsfdzcfkgmn/SourcePackages/checkouts/swift-parsing/Sources/Parsing/ParserPrinters/PrefixUpTo.swift /Users/rogerlin/Library/Developer/Xcode/DerivedData/FinancialCalculatorKit-ackorybalcxbfocbkqsfdzcfkgmn/SourcePackages/checkouts/swift-parsing/Sources/Parsing/ParserPrinters/Printing.swift /Users/rogerlin/Library/Developer/Xcode/DerivedData/FinancialCalculatorKit-ackorybalcxbfocbkqsfdzcfkgmn/SourcePackages/checkouts/swift-parsing/Sources/Parsing/ParserPrinters/Pullback.swift /Users/rogerlin/Library/Developer/Xcode/DerivedData/FinancialCalculatorKit-ackorybalcxbfocbkqsfdzcfkgmn/SourcePackages/checkouts/swift-parsing/Sources/Parsing/ParserPrinters/ReplaceError.swift /Users/rogerlin/Library/Developer/Xcode/DerivedData/FinancialCalculatorKit-ackorybalcxbfocbkqsfdzcfkgmn/SourcePackages/checkouts/swift-parsing/Sources/Parsing/ParserPrinters/Rest.swift /Users/rogerlin/Library/Developer/Xcode/DerivedData/FinancialCalculatorKit-ackorybalcxbfocbkqsfdzcfkgmn/SourcePackages/checkouts/swift-parsing/Sources/Parsing/ParserPrinters/Skip.swift /Users/rogerlin/Library/Developer/Xcode/DerivedData/FinancialCalculatorKit-ackorybalcxbfocbkqsfdzcfkgmn/SourcePackages/checkouts/swift-parsing/Sources/Parsing/ParserPrinters/StartsWith.swift /Users/rogerlin/Library/Developer/Xcode/DerivedData/FinancialCalculatorKit-ackorybalcxbfocbkqsfdzcfkgmn/SourcePackages/checkouts/swift-parsing/Sources/Parsing/ParserPrinters/UUID.swift /Users/rogerlin/Library/Developer/Xcode/DerivedData/FinancialCalculatorKit-ackorybalcxbfocbkqsfdzcfkgmn/SourcePackages/checkouts/swift-parsing/Sources/Parsing/ParserPrinters/Whitespace.swift /Users/rogerlin/Library/Developer/Xcode/DerivedData/FinancialCalculatorKit-ackorybalcxbfocbkqsfdzcfkgmn/SourcePackages/checkouts/swift-parsing/Sources/Parsing/Parsers/AnyParser.swift /Users/rogerlin/Library/Developer/Xcode/DerivedData/FinancialCalculatorKit-ackorybalcxbfocbkqsfdzcfkgmn/SourcePackages/checkouts/swift-parsing/Sources/Parsing/Parsers/CompactMap.swift /Users/rogerlin/Library/Developer/Xcode/DerivedData/FinancialCalculatorKit-ackorybalcxbfocbkqsfdzcfkgmn/SourcePackages/checkouts/swift-parsing/Sources/Parsing/Parsers/FlatMap.swift /Users/rogerlin/Library/Developer/Xcode/DerivedData/FinancialCalculatorKit-ackorybalcxbfocbkqsfdzcfkgmn/SourcePackages/checkouts/swift-parsing/Sources/Parsing/Parsers/Parsers.swift /Users/rogerlin/Library/Developer/Xcode/DerivedData/FinancialCalculatorKit-ackorybalcxbfocbkqsfdzcfkgmn/SourcePackages/checkouts/swift-parsing/Sources/Parsing/Parsers/Stream.swift /Users/rogerlin/Library/Developer/Xcode/DerivedData/FinancialCalculatorKit-ackorybalcxbfocbkqsfdzcfkgmn/SourcePackages/checkouts/swift-parsing/Sources/Parsing/ParsingError.swift /Users/rogerlin/Library/Developer/Xcode/DerivedData/FinancialCalculatorKit-ackorybalcxbfocbkqsfdzcfkgmn/SourcePackages/checkouts/swift-parsing/Sources/Parsing/PrependableCollection.swift /Users/rogerlin/Library/Developer/Xcode/DerivedData/FinancialCalculatorKit-ackorybalcxbfocbkqsfdzcfkgmn/SourcePackages/checkouts/swift-parsing/Sources/Parsing/PrintingError.swift -supplementary-output-file-map /Users/rogerlin/Library/Developer/Xcode/DerivedData/FinancialCalculatorKit-ackorybalcxbfocbkqsfdzcfkgmn/Build/Intermediates.noindex/swift-parsing.build/Debug/Parsing.build/Objects-normal/arm64/supplementaryOutputs-35 -target arm64-apple-macos10.15 -load-resolved-plugin \#/Users/rogerlin/Library/Developer/Xcode/DerivedData/FinancialCalculatorKit-ackorybalcxbfocbkqsfdzcfkgmn/Build/Products/Debug/CasePathsMacros\#CasePathsMacros -load-resolved-plugin /Applications/Xcode.app/Contents/Developer/Platforms/MacOSX.platform/Developer/usr/lib/swift/host/plugins/libFoundationMacros.dylib\#/Applications/Xcode.app/Contents/Developer/Platforms/MacOSX.platform/Developer/usr/bin/swift-plugin-server\#FoundationMacros -load-resolved-plugin /Applications/Xcode.app/Contents/Developer/Platforms/MacOSX.platform/Developer/usr/lib/swift/host/plugins/libObservationMacros.dylib\#/Applications/Xcode.app/Contents/Developer/Platforms/MacOSX.platform/Developer/usr/bin/swift-plugin-server\#ObservationMacros -load-resolved-plugin /Applications/Xcode.app/Contents/Developer/Platforms/MacOSX.platform/Developer/usr/lib/swift/host/plugins/libSwiftMacros.dylib\#/Applications/Xcode.app/Contents/Developer/Platforms/MacOSX.platform/Developer/usr/bin/swift-plugin-server\#SwiftMacros -disable-implicit-swift-modules -Xcc -fno-implicit-modules -Xcc -fno-implicit-module-maps -explicit-swift-module-map-file /Users/rogerlin/Library/Developer/Xcode/DerivedData/FinancialCalculatorKit-ackorybalcxbfocbkqsfdzcfkgmn/Build/Intermediates.noindex/swift-parsing.build/Debug/Parsing.build/Objects-normal/arm64/Parsing-dependencies-1.json -Xllvm -aarch64-use-tbi -enable-objc-interop -stack-check -sdk /Applications/Xcode.app/Contents/Developer/Platforms/MacOSX.platform/Developer/SDKs/MacOSX26.1.sdk -I /Users/rogerlin/Library/Developer/Xcode/DerivedData/FinancialCalculatorKit-ackorybalcxbfocbkqsfdzcfkgmn/Build/Products/Debug -Isystem /Applications/Xcode.app/Contents/Developer/Platforms/MacOSX.platform/Developer/usr/lib -F /Users/rogerlin/Library/Developer/Xcode/DerivedData/FinancialCalculatorKit-ackorybalcxbfocbkqsfdzcfkgmn/Build/Products/Debug/PackageFrameworks -F /Users/rogerlin/Library/Developer/Xcode/DerivedData/FinancialCalculatorKit-ackorybalcxbfocbkqsfdzcfkgmn/Build/Products/Debug/PackageFrameworks -F /Users/rogerlin/Library/Developer/Xcode/DerivedData/FinancialCalculatorKit-ackorybalcxbfocbkqsfdzcfkgmn/Build/Products/Debug/PackageFrameworks -F /Users/rogerlin/Library/Developer/Xcode/DerivedData/FinancialCalculatorKit-ackorybalcxbfocbkqsfdzcfkgmn/Build/Products/Debug/PackageFrameworks -F /Users/rogerlin/Library/Developer/Xcode/DerivedData/FinancialCalculatorKit-ackorybalcxbfocbkqsfdzcfkgmn/Build/Products/Debug -F /Applications/Xcode.app/Contents/Developer/Platforms/MacOSX.platform/Developer/Library/Frameworks -no-color-diagnostics -Xcc -fno-color-diagnostics -enable-testing -g -debug-info-format\=dwarf -dwarf-version\=4 -module-cache-path /Users/rogerlin/Library/Developer/Xcode/DerivedData/FinancialCalculatorKit-ackorybalcxbfocbkqsfdzcfkgmn/Build/Intermediates.noindex/SwiftExplicitPrecompiledModules -suppress-warnings -profile-generate -profile-coverage-mapping -swift-version 5 -enforce-exclusivity\=checked -Onone -D SWIFT_PACKAGE -D DEBUG -D SWIFT_MODULE_RESOURCE_BUNDLE_UNAVAILABLE -D Xcode -serialize-debugging-options -load-plugin-executable /Users/rogerlin/Library/Developer/Xcode/DerivedData/FinancialCalculatorKit-ackorybalcxbfocbkqsfdzcfkgmn/Build/Products/Debug/CasePathsMacros\#CasePathsMacros -const-gather-protocols-file /Users/rogerlin/Library/Developer/Xcode/DerivedData/FinancialCalculatorKit-ackorybalcxbfocbkqsfdzcfkgmn/Build/Intermediates.noindex/swift-parsing.build/Debug/Parsing.build/Objects-normal/arm64/Parsing_const_extract_protocols.json -enable-experimental-feature DebugDescriptionMacro -empty-abi-descriptor -validate-clang-modules-once -clang-build-session-file /Users/rogerlin/Library/Developer/Xcode/DerivedData/ModuleCache.noindex/Session.modulevalidation -Xcc -working-directory -Xcc /Users/rogerlin/XCode-Projects/FinancialCalculatorKit-5.0-updated-accent-colors/FinancialCalculatorKit.xcodeproj -enable-anonymous-context-mangled-names -file-compilation-dir /Users/rogerlin/XCode-Projects/FinancialCalculatorKit-5.0-updated-accent-colors/FinancialCalculatorKit.xcodeproj -Xcc -D_LIBCPP_HARDENING_MODE\=_LIBCPP_HARDENING_MODE_DEBUG -Xcc -ivfsstatcache -Xcc /Users/rogerlin/Library/Developer/Xcode/DerivedData/SDKStatCaches.noindex/macosx26.1-25B74-3ae1261907bdadc328169391a47051a6.sdkstatcache -Xcc -I/Users/rogerlin/Library/Developer/Xcode/DerivedData/FinancialCalculatorKit-ackorybalcxbfocbkqsfdzcfkgmn/Build/Intermediates.noindex/swift-parsing.build/Debug/Parsing.build/swift-overrides.hmap -Xcc -I/Users/rogerlin/Library/Developer/Xcode/DerivedData/FinancialCalculatorKit-ackorybalcxbfocbkqsfdzcfkgmn/Build/Products/Debug/include -Xcc -I/Users/rogerlin/Library/Developer/Xcode/DerivedData/FinancialCalculatorKit-ackorybalcxbfocbkqsfdzcfkgmn/Build/Intermediates.noindex/swift-parsing.build/Debug/Parsing.build/DerivedSources-normal/arm64 -Xcc -I/Users/rogerlin/Library/Developer/Xcode/DerivedData/FinancialCalculatorKit-ackorybalcxbfocbkqsfdzcfkgmn/Build/Intermediates.noindex/swift-parsing.build/Debug/Parsing.build/DerivedSources/arm64 -Xcc -I/Users/rogerlin/Library/Developer/Xcode/DerivedData/FinancialCalculatorKit-ackorybalcxbfocbkqsfdzcfkgmn/Build/Intermediates.noindex/swift-parsing.build/Debug/Parsing.build/DerivedSources -Xcc -DSWIFT_PACKAGE -Xcc -DDEBUG\=1 -no-auto-bridging-header-chaining -module-name Parsing -package-name swift_parsing -frontend-parseable-output -disable-clang-spi -target-sdk-version 26.1 -target-sdk-name macosx26.1 -clang-target arm64-apple-macos26.1 -in-process-plugin-server-path /Applications/Xcode.app/Contents/Developer/Toolchains/XcodeDefault.xctoolchain/usr/lib/swift/host/libSwiftInProcPluginServer.dylib -o /Users/rogerlin/Library/Developer/Xcode/DerivedData/FinancialCalculatorKit-ackorybalcxbfocbkqsfdzcfkgmn/Build/Intermediates.noindex/swift-parsing.build/Debug/Parsing.build/Objects-normal/arm64/OneOfBuilder.o -o /Users/rogerlin/Library/Developer/Xcode/DerivedData/FinancialCalculatorKit-ackorybalcxbfocbkqsfdzcfkgmn/Build/Intermediates.noindex/swift-parsing.build/Debug/Parsing.build/Objects-normal/arm64/ParserBuilder.o -o /Users/rogerlin/Library/Developer/Xcode/DerivedData/FinancialCalculatorKit-ackorybalcxbfocbkqsfdzcfkgmn/Build/Intermediates.noindex/swift-parsing.build/Debug/Parsing.build/Objects-normal/arm64/Conversion.o -o /Users/rogerlin/Library/Developer/Xcode/DerivedData/FinancialCalculatorKit-ackorybalcxbfocbkqsfdzcfkgmn/Build/Intermediates.noindex/swift-parsing.build/Debug/Parsing.build/Objects-normal/arm64/AnyConversion.o -o /Users/rogerlin/Library/Developer/Xcode/DerivedData/FinancialCalculatorKit-ackorybalcxbfocbkqsfdzcfkgmn/Build/Intermediates.noindex/swift-parsing.build/Debug/Parsing.build/Objects-normal/arm64/BinaryFloatingPoint.o -index-unit-output-path /swift-parsing.build/Debug/Parsing.build/Objects-normal/arm64/OneOfBuilder.o -index-unit-output-path /swift-parsing.build/Debug/Parsing.build/Objects-normal/arm64/ParserBuilder.o -index-unit-output-path /swift-parsing.build/Debug/Parsing.build/Objects-normal/arm64/Conversion.o -index-unit-output-path /swift-parsing.build/Debug/Parsing.build/Objects-normal/arm64/AnyConversion.o -index-unit-output-path /swift-parsing.build/Debug/Parsing.build/Objects-normal/arm64/BinaryFloatingPoint.o -index-store-path /Users/rogerlin/Library/Developer/Xcode/DerivedData/FinancialCalculatorKit-ackorybalcxbfocbkqsfdzcfkgmn/Index.noindex/DataStore -index-system-modules
SwiftCompile normal arm64 Compiling\ Identity.swift,\ JSON.swift,\ LosslessStringConvertible.swift,\ Memberwise.swift,\ ParseableFormatStyleConversion.swift /Users/rogerlin/Library/Developer/Xcode/DerivedData/FinancialCalculatorKit-ackorybalcxbfocbkqsfdzcfkgmn/SourcePackages/checkouts/swift-parsing/Sources/Parsing/Conversions/Identity.swift /Users/rogerlin/Library/Developer/Xcode/DerivedData/FinancialCalculatorKit-ackorybalcxbfocbkqsfdzcfkgmn/SourcePackages/checkouts/swift-parsing/Sources/Parsing/Conversions/JSON.swift /Users/rogerlin/Library/Developer/Xcode/DerivedData/FinancialCalculatorKit-ackorybalcxbfocbkqsfdzcfkgmn/SourcePackages/checkouts/swift-parsing/Sources/Parsing/Conversions/LosslessStringConvertible.swift /Users/rogerlin/Library/Developer/Xcode/DerivedData/FinancialCalculatorKit-ackorybalcxbfocbkqsfdzcfkgmn/SourcePackages/checkouts/swift-parsing/Sources/Parsing/Conversions/Memberwise.swift /Users/rogerlin/Library/Developer/Xcode/DerivedData/FinancialCalculatorKit-ackorybalcxbfocbkqsfdzcfkgmn/SourcePackages/checkouts/swift-parsing/Sources/Parsing/Conversions/ParseableFormatStyleConversion.swift (in target 'Parsing' from project 'swift-parsing')
/Applications/Xcode.app/Contents/Developer/Toolchains/XcodeDefault.xctoolchain/usr/bin/swift-frontend -frontend -c /Users/rogerlin/Library/Developer/Xcode/DerivedData/FinancialCalculatorKit-ackorybalcxbfocbkqsfdzcfkgmn/SourcePackages/checkouts/swift-parsing/Sources/Parsing/Builders/OneOfBuilder.swift /Users/rogerlin/Library/Developer/Xcode/DerivedData/FinancialCalculatorKit-ackorybalcxbfocbkqsfdzcfkgmn/SourcePackages/checkouts/swift-parsing/Sources/Parsing/Builders/ParserBuilder.swift /Users/rogerlin/Library/Developer/Xcode/DerivedData/FinancialCalculatorKit-ackorybalcxbfocbkqsfdzcfkgmn/SourcePackages/checkouts/swift-parsing/Sources/Parsing/Conversion.swift /Users/rogerlin/Library/Developer/Xcode/DerivedData/FinancialCalculatorKit-ackorybalcxbfocbkqsfdzcfkgmn/SourcePackages/checkouts/swift-parsing/Sources/Parsing/Conversions/AnyConversion.swift /Users/rogerlin/Library/Developer/Xcode/DerivedData/FinancialCalculatorKit-ackorybalcxbfocbkqsfdzcfkgmn/SourcePackages/checkouts/swift-parsing/Sources/Parsing/Conversions/BinaryFloatingPoint.swift /Users/rogerlin/Library/Developer/Xcode/DerivedData/FinancialCalculatorKit-ackorybalcxbfocbkqsfdzcfkgmn/SourcePackages/checkouts/swift-parsing/Sources/Parsing/Conversions/ConversionMap.swift /Users/rogerlin/Library/Developer/Xcode/DerivedData/FinancialCalculatorKit-ackorybalcxbfocbkqsfdzcfkgmn/SourcePackages/checkouts/swift-parsing/Sources/Parsing/Conversions/Conversions.swift /Users/rogerlin/Library/Developer/Xcode/DerivedData/FinancialCalculatorKit-ackorybalcxbfocbkqsfdzcfkgmn/SourcePackages/checkouts/swift-parsing/Sources/Parsing/Conversions/Data.swift /Users/rogerlin/Library/Developer/Xcode/DerivedData/FinancialCalculatorKit-ackorybalcxbfocbkqsfdzcfkgmn/SourcePackages/checkouts/swift-parsing/Sources/Parsing/Conversions/Enum.swift /Users/rogerlin/Library/Developer/Xcode/DerivedData/FinancialCalculatorKit-ackorybalcxbfocbkqsfdzcfkgmn/SourcePackages/checkouts/swift-parsing/Sources/Parsing/Conversions/FixedWidthInteger.swift -primary-file /Users/rogerlin/Library/Developer/Xcode/DerivedData/FinancialCalculatorKit-ackorybalcxbfocbkqsfdzcfkgmn/SourcePackages/checkouts/swift-parsing/Sources/Parsing/Conversions/Identity.swift -primary-file /Users/rogerlin/Library/Developer/Xcode/DerivedData/FinancialCalculatorKit-ackorybalcxbfocbkqsfdzcfkgmn/SourcePackages/checkouts/swift-parsing/Sources/Parsing/Conversions/JSON.swift -primary-file /Users/rogerlin/Library/Developer/Xcode/DerivedData/FinancialCalculatorKit-ackorybalcxbfocbkqsfdzcfkgmn/SourcePackages/checkouts/swift-parsing/Sources/Parsing/Conversions/LosslessStringConvertible.swift -primary-file /Users/rogerlin/Library/Developer/Xcode/DerivedData/FinancialCalculatorKit-ackorybalcxbfocbkqsfdzcfkgmn/SourcePackages/checkouts/swift-parsing/Sources/Parsing/Conversions/Memberwise.swift -primary-file /Users/rogerlin/Library/Developer/Xcode/DerivedData/FinancialCalculatorKit-ackorybalcxbfocbkqsfdzcfkgmn/SourcePackages/checkouts/swift-parsing/Sources/Parsing/Conversions/ParseableFormatStyleConversion.swift /Users/rogerlin/Library/Developer/Xcode/DerivedData/FinancialCalculatorKit-ackorybalcxbfocbkqsfdzcfkgmn/SourcePackages/checkouts/swift-parsing/Sources/Parsing/Conversions/RawRepresentable.swift /Users/rogerlin/Library/Developer/Xcode/DerivedData/FinancialCalculatorKit-ackorybalcxbfocbkqsfdzcfkgmn/SourcePackages/checkouts/swift-parsing/Sources/Parsing/Conversions/String.swift /Users/rogerlin/Library/Developer/Xcode/DerivedData/FinancialCalculatorKit-ackorybalcxbfocbkqsfdzcfkgmn/SourcePackages/checkouts/swift-parsing/Sources/Parsing/Conversions/Substring.swift /Users/rogerlin/Library/Developer/Xcode/DerivedData/FinancialCalculatorKit-ackorybalcxbfocbkqsfdzcfkgmn/SourcePackages/checkouts/swift-parsing/Sources/Parsing/Conversions/UTF8View.swift /Users/rogerlin/Library/Developer/Xcode/DerivedData/FinancialCalculatorKit-ackorybalcxbfocbkqsfdzcfkgmn/SourcePackages/checkouts/swift-parsing/Sources/Parsing/ConvertingError.swift /Users/rogerlin/Library/Developer/Xcode/DerivedData/FinancialCalculatorKit-ackorybalcxbfocbkqsfdzcfkgmn/SourcePackages/checkouts/swift-parsing/Sources/Parsing/CountingRange.swift /Users/rogerlin/Library/Developer/Xcode/DerivedData/FinancialCalculatorKit-ackorybalcxbfocbkqsfdzcfkgmn/SourcePackages/checkouts/swift-parsing/Sources/Parsing/EmptyInitializable.swift /Users/rogerlin/Library/Developer/Xcode/DerivedData/FinancialCalculatorKit-ackorybalcxbfocbkqsfdzcfkgmn/SourcePackages/checkouts/swift-parsing/Sources/Parsing/Internal/AnyEquatable.swift /Users/rogerlin/Library/Developer/Xcode/DerivedData/FinancialCalculatorKit-ackorybalcxbfocbkqsfdzcfkgmn/SourcePackages/checkouts/swift-parsing/Sources/Parsing/Internal/Deprecations.swift /Users/rogerlin/Library/Developer/Xcode/DerivedData/FinancialCalculatorKit-ackorybalcxbfocbkqsfdzcfkgmn/SourcePackages/checkouts/swift-parsing/Sources/Parsing/Parser.swift /Users/rogerlin/Library/Developer/Xcode/DerivedData/FinancialCalculatorKit-ackorybalcxbfocbkqsfdzcfkgmn/SourcePackages/checkouts/swift-parsing/Sources/Parsing/ParserPrinter.swift /Users/rogerlin/Library/Developer/Xcode/DerivedData/FinancialCalculatorKit-ackorybalcxbfocbkqsfdzcfkgmn/SourcePackages/checkouts/swift-parsing/Sources/Parsing/ParserPrinters/Always.swift /Users/rogerlin/Library/Developer/Xcode/DerivedData/FinancialCalculatorKit-ackorybalcxbfocbkqsfdzcfkgmn/SourcePackages/checkouts/swift-parsing/Sources/Parsing/ParserPrinters/AnyParserPrinter.swift /Users/rogerlin/Library/Developer/Xcode/DerivedData/FinancialCalculatorKit-ackorybalcxbfocbkqsfdzcfkgmn/SourcePackages/checkouts/swift-parsing/Sources/Parsing/ParserPrinters/Backtracking.swift /Users/rogerlin/Library/Developer/Xcode/DerivedData/FinancialCalculatorKit-ackorybalcxbfocbkqsfdzcfkgmn/SourcePackages/checkouts/swift-parsing/Sources/Parsing/ParserPrinters/Bool.swift /Users/rogerlin/Library/Developer/Xcode/DerivedData/FinancialCalculatorKit-ackorybalcxbfocbkqsfdzcfkgmn/SourcePackages/checkouts/swift-parsing/Sources/Parsing/ParserPrinters/CaseIterableRawRepresentable.swift /Users/rogerlin/Library/Developer/Xcode/DerivedData/FinancialCalculatorKit-ackorybalcxbfocbkqsfdzcfkgmn/SourcePackages/checkouts/swift-parsing/Sources/Parsing/ParserPrinters/CharacterSet.swift /Users/rogerlin/Library/Developer/Xcode/DerivedData/FinancialCalculatorKit-ackorybalcxbfocbkqsfdzcfkgmn/SourcePackages/checkouts/swift-parsing/Sources/Parsing/ParserPrinters/Conditional.swift /Users/rogerlin/Library/Developer/Xcode/DerivedData/FinancialCalculatorKit-ackorybalcxbfocbkqsfdzcfkgmn/SourcePackages/checkouts/swift-parsing/Sources/Parsing/ParserPrinters/Consumed.swift /Users/rogerlin/Library/Developer/Xcode/DerivedData/FinancialCalculatorKit-ackorybalcxbfocbkqsfdzcfkgmn/SourcePackages/checkouts/swift-parsing/Sources/Parsing/ParserPrinters/Digits.swift /Users/rogerlin/Library/Developer/Xcode/DerivedData/FinancialCalculatorKit-ackorybalcxbfocbkqsfdzcfkgmn/SourcePackages/checkouts/swift-parsing/Sources/Parsing/ParserPrinters/End.swift /Users/rogerlin/Library/Developer/Xcode/DerivedData/FinancialCalculatorKit-ackorybalcxbfocbkqsfdzcfkgmn/SourcePackages/checkouts/swift-parsing/Sources/Parsing/ParserPrinters/Fail.swift /Users/rogerlin/Library/Developer/Xcode/DerivedData/FinancialCalculatorKit-ackorybalcxbfocbkqsfdzcfkgmn/SourcePackages/checkouts/swift-parsing/Sources/Parsing/ParserPrinters/Filter.swift /Users/rogerlin/Library/Developer/Xcode/DerivedData/FinancialCalculatorKit-ackorybalcxbfocbkqsfdzcfkgmn/SourcePackages/checkouts/swift-parsing/Sources/Parsing/ParserPrinters/First.swift /Users/rogerlin/Library/Developer/Xcode/DerivedData/FinancialCalculatorKit-ackorybalcxbfocbkqsfdzcfkgmn/SourcePackages/checkouts/swift-parsing/Sources/Parsing/ParserPrinters/Float.swift /Users/rogerlin/Library/Developer/Xcode/DerivedData/FinancialCalculatorKit-ackorybalcxbfocbkqsfdzcfkgmn/SourcePackages/checkouts/swift-parsing/Sources/Parsing/ParserPrinters/From.swift /Users/rogerlin/Library/Developer/Xcode/DerivedData/FinancialCalculatorKit-ackorybalcxbfocbkqsfdzcfkgmn/SourcePackages/checkouts/swift-parsing/Sources/Parsing/ParserPrinters/Int.swift /Users/rogerlin/Library/Developer/Xcode/DerivedData/FinancialCalculatorKit-ackorybalcxbfocbkqsfdzcfkgmn/SourcePackages/checkouts/swift-parsing/Sources/Parsing/ParserPrinters/Lazy.swift /Users/rogerlin/Library/Developer/Xcode/DerivedData/FinancialCalculatorKit-ackorybalcxbfocbkqsfdzcfkgmn/SourcePackages/checkouts/swift-parsing/Sources/Parsing/ParserPrinters/Literal.swift /Users/rogerlin/Library/Developer/Xcode/DerivedData/FinancialCalculatorKit-ackorybalcxbfocbkqsfdzcfkgmn/SourcePackages/checkouts/swift-parsing/Sources/Parsing/ParserPrinters/Many.swift /Users/rogerlin/Library/Developer/Xcode/DerivedData/FinancialCalculatorKit-ackorybalcxbfocbkqsfdzcfkgmn/SourcePackages/checkouts/swift-parsing/Sources/Parsing/ParserPrinters/Map.swift /Users/rogerlin/Library/Developer/Xcode/DerivedData/FinancialCalculatorKit-ackorybalcxbfocbkqsfdzcfkgmn/SourcePackages/checkouts/swift-parsing/Sources/Parsing/ParserPrinters/Newline.swift /Users/rogerlin/Library/Developer/Xcode/DerivedData/FinancialCalculatorKit-ackorybalcxbfocbkqsfdzcfkgmn/SourcePackages/checkouts/swift-parsing/Sources/Parsing/ParserPrinters/Not.swift /Users/rogerlin/Library/Developer/Xcode/DerivedData/FinancialCalculatorKit-ackorybalcxbfocbkqsfdzcfkgmn/SourcePackages/checkouts/swift-parsing/Sources/Parsing/ParserPrinters/OneOf.swift /Users/rogerlin/Library/Developer/Xcode/DerivedData/FinancialCalculatorKit-ackorybalcxbfocbkqsfdzcfkgmn/SourcePackages/checkouts/swift-parsing/Sources/Parsing/ParserPrinters/OneOfMany.swift /Users/rogerlin/Library/Developer/Xcode/DerivedData/FinancialCalculatorKit-ackorybalcxbfocbkqsfdzcfkgmn/SourcePackages/checkouts/swift-parsing/Sources/Parsing/ParserPrinters/Optional.swift /Users/rogerlin/Library/Developer/Xcode/DerivedData/FinancialCalculatorKit-ackorybalcxbfocbkqsfdzcfkgmn/SourcePackages/checkouts/swift-parsing/Sources/Parsing/ParserPrinters/Optionally.swift /Users/rogerlin/Library/Developer/Xcode/DerivedData/FinancialCalculatorKit-ackorybalcxbfocbkqsfdzcfkgmn/SourcePackages/checkouts/swift-parsing/Sources/Parsing/ParserPrinters/Parse.swift /Users/rogerlin/Library/Developer/Xcode/DerivedData/FinancialCalculatorKit-ackorybalcxbfocbkqsfdzcfkgmn/SourcePackages/checkouts/swift-parsing/Sources/Parsing/ParserPrinters/ParseableFormatStyle.swift /Users/rogerlin/Library/Developer/Xcode/DerivedData/FinancialCalculatorKit-ackorybalcxbfocbkqsfdzcfkgmn/SourcePackages/checkouts/swift-parsing/Sources/Parsing/ParserPrinters/Peek.swift /Users/rogerlin/Library/Developer/Xcode/DerivedData/FinancialCalculatorKit-ackorybalcxbfocbkqsfdzcfkgmn/SourcePackages/checkouts/swift-parsing/Sources/Parsing/ParserPrinters/Pipe.swift /Users/rogerlin/Library/Developer/Xcode/DerivedData/FinancialCalculatorKit-ackorybalcxbfocbkqsfdzcfkgmn/SourcePackages/checkouts/swift-parsing/Sources/Parsing/ParserPrinters/Prefix.swift /Users/rogerlin/Library/Developer/Xcode/DerivedData/FinancialCalculatorKit-ackorybalcxbfocbkqsfdzcfkgmn/SourcePackages/checkouts/swift-parsing/Sources/Parsing/ParserPrinters/PrefixThrough.swift /Users/rogerlin/Library/Developer/Xcode/DerivedData/FinancialCalculatorKit-ackorybalcxbfocbkqsfdzcfkgmn/SourcePackages/checkouts/swift-parsing/Sources/Parsing/ParserPrinters/PrefixUpTo.swift /Users/rogerlin/Library/Developer/Xcode/DerivedData/FinancialCalculatorKit-ackorybalcxbfocbkqsfdzcfkgmn/SourcePackages/checkouts/swift-parsing/Sources/Parsing/ParserPrinters/Printing.swift /Users/rogerlin/Library/Developer/Xcode/DerivedData/FinancialCalculatorKit-ackorybalcxbfocbkqsfdzcfkgmn/SourcePackages/checkouts/swift-parsing/Sources/Parsing/ParserPrinters/Pullback.swift /Users/rogerlin/Library/Developer/Xcode/DerivedData/FinancialCalculatorKit-ackorybalcxbfocbkqsfdzcfkgmn/SourcePackages/checkouts/swift-parsing/Sources/Parsing/ParserPrinters/ReplaceError.swift /Users/rogerlin/Library/Developer/Xcode/DerivedData/FinancialCalculatorKit-ackorybalcxbfocbkqsfdzcfkgmn/SourcePackages/checkouts/swift-parsing/Sources/Parsing/ParserPrinters/Rest.swift /Users/rogerlin/Library/Developer/Xcode/DerivedData/FinancialCalculatorKit-ackorybalcxbfocbkqsfdzcfkgmn/SourcePackages/checkouts/swift-parsing/Sources/Parsing/ParserPrinters/Skip.swift /Users/rogerlin/Library/Developer/Xcode/DerivedData/FinancialCalculatorKit-ackorybalcxbfocbkqsfdzcfkgmn/SourcePackages/checkouts/swift-parsing/Sources/Parsing/ParserPrinters/StartsWith.swift /Users/rogerlin/Library/Developer/Xcode/DerivedData/FinancialCalculatorKit-ackorybalcxbfocbkqsfdzcfkgmn/SourcePackages/checkouts/swift-parsing/Sources/Parsing/ParserPrinters/UUID.swift /Users/rogerlin/Library/Developer/Xcode/DerivedData/FinancialCalculatorKit-ackorybalcxbfocbkqsfdzcfkgmn/SourcePackages/checkouts/swift-parsing/Sources/Parsing/ParserPrinters/Whitespace.swift /Users/rogerlin/Library/Developer/Xcode/DerivedData/FinancialCalculatorKit-ackorybalcxbfocbkqsfdzcfkgmn/SourcePackages/checkouts/swift-parsing/Sources/Parsing/Parsers/AnyParser.swift /Users/rogerlin/Library/Developer/Xcode/DerivedData/FinancialCalculatorKit-ackorybalcxbfocbkqsfdzcfkgmn/SourcePackages/checkouts/swift-parsing/Sources/Parsing/Parsers/CompactMap.swift /Users/rogerlin/Library/Developer/Xcode/DerivedData/FinancialCalculatorKit-ackorybalcxbfocbkqsfdzcfkgmn/SourcePackages/checkouts/swift-parsing/Sources/Parsing/Parsers/FlatMap.swift /Users/rogerlin/Library/Developer/Xcode/DerivedData/FinancialCalculatorKit-ackorybalcxbfocbkqsfdzcfkgmn/SourcePackages/checkouts/swift-parsing/Sources/Parsing/Parsers/Parsers.swift /Users/rogerlin/Library/Developer/Xcode/DerivedData/FinancialCalculatorKit-ackorybalcxbfocbkqsfdzcfkgmn/SourcePackages/checkouts/swift-parsing/Sources/Parsing/Parsers/Stream.swift /Users/rogerlin/Library/Developer/Xcode/DerivedData/FinancialCalculatorKit-ackorybalcxbfocbkqsfdzcfkgmn/SourcePackages/checkouts/swift-parsing/Sources/Parsing/ParsingError.swift /Users/rogerlin/Library/Developer/Xcode/DerivedData/FinancialCalculatorKit-ackorybalcxbfocbkqsfdzcfkgmn/SourcePackages/checkouts/swift-parsing/Sources/Parsing/PrependableCollection.swift /Users/rogerlin/Library/Developer/Xcode/DerivedData/FinancialCalculatorKit-ackorybalcxbfocbkqsfdzcfkgmn/SourcePackages/checkouts/swift-parsing/Sources/Parsing/PrintingError.swift -supplementary-output-file-map /Users/rogerlin/Library/Developer/Xcode/DerivedData/FinancialCalculatorKit-ackorybalcxbfocbkqsfdzcfkgmn/Build/Intermediates.noindex/swift-parsing.build/Debug/Parsing.build/Objects-normal/arm64/supplementaryOutputs-37 -target arm64-apple-macos10.15 -load-resolved-plugin \#/Users/rogerlin/Library/Developer/Xcode/DerivedData/FinancialCalculatorKit-ackorybalcxbfocbkqsfdzcfkgmn/Build/Products/Debug/CasePathsMacros\#CasePathsMacros -load-resolved-plugin /Applications/Xcode.app/Contents/Developer/Platforms/MacOSX.platform/Developer/usr/lib/swift/host/plugins/libFoundationMacros.dylib\#/Applications/Xcode.app/Contents/Developer/Platforms/MacOSX.platform/Developer/usr/bin/swift-plugin-server\#FoundationMacros -load-resolved-plugin /Applications/Xcode.app/Contents/Developer/Platforms/MacOSX.platform/Developer/usr/lib/swift/host/plugins/libObservationMacros.dylib\#/Applications/Xcode.app/Contents/Developer/Platforms/MacOSX.platform/Developer/usr/bin/swift-plugin-server\#ObservationMacros -load-resolved-plugin /Applications/Xcode.app/Contents/Developer/Platforms/MacOSX.platform/Developer/usr/lib/swift/host/plugins/libSwiftMacros.dylib\#/Applications/Xcode.app/Contents/Developer/Platforms/MacOSX.platform/Developer/usr/bin/swift-plugin-server\#SwiftMacros -disable-implicit-swift-modules -Xcc -fno-implicit-modules -Xcc -fno-implicit-module-maps -explicit-swift-module-map-file /Users/rogerlin/Library/Developer/Xcode/DerivedData/FinancialCalculatorKit-ackorybalcxbfocbkqsfdzcfkgmn/Build/Intermediates.noindex/swift-parsing.build/Debug/Parsing.build/Objects-normal/arm64/Parsing-dependencies-1.json -Xllvm -aarch64-use-tbi -enable-objc-interop -stack-check -sdk /Applications/Xcode.app/Contents/Developer/Platforms/MacOSX.platform/Developer/SDKs/MacOSX26.1.sdk -I /Users/rogerlin/Library/Developer/Xcode/DerivedData/FinancialCalculatorKit-ackorybalcxbfocbkqsfdzcfkgmn/Build/Products/Debug -Isystem /Applications/Xcode.app/Contents/Developer/Platforms/MacOSX.platform/Developer/usr/lib -F /Users/rogerlin/Library/Developer/Xcode/DerivedData/FinancialCalculatorKit-ackorybalcxbfocbkqsfdzcfkgmn/Build/Products/Debug/PackageFrameworks -F /Users/rogerlin/Library/Developer/Xcode/DerivedData/FinancialCalculatorKit-ackorybalcxbfocbkqsfdzcfkgmn/Build/Products/Debug/PackageFrameworks -F /Users/rogerlin/Library/Developer/Xcode/DerivedData/FinancialCalculatorKit-ackorybalcxbfocbkqsfdzcfkgmn/Build/Products/Debug/PackageFrameworks -F /Users/rogerlin/Library/Developer/Xcode/DerivedData/FinancialCalculatorKit-ackorybalcxbfocbkqsfdzcfkgmn/Build/Products/Debug/PackageFrameworks -F /Users/rogerlin/Library/Developer/Xcode/DerivedData/FinancialCalculatorKit-ackorybalcxbfocbkqsfdzcfkgmn/Build/Products/Debug -F /Applications/Xcode.app/Contents/Developer/Platforms/MacOSX.platform/Developer/Library/Frameworks -no-color-diagnostics -Xcc -fno-color-diagnostics -enable-testing -g -debug-info-format\=dwarf -dwarf-version\=4 -module-cache-path /Users/rogerlin/Library/Developer/Xcode/DerivedData/FinancialCalculatorKit-ackorybalcxbfocbkqsfdzcfkgmn/Build/Intermediates.noindex/SwiftExplicitPrecompiledModules -suppress-warnings -profile-generate -profile-coverage-mapping -swift-version 5 -enforce-exclusivity\=checked -Onone -D SWIFT_PACKAGE -D DEBUG -D SWIFT_MODULE_RESOURCE_BUNDLE_UNAVAILABLE -D Xcode -serialize-debugging-options -load-plugin-executable /Users/rogerlin/Library/Developer/Xcode/DerivedData/FinancialCalculatorKit-ackorybalcxbfocbkqsfdzcfkgmn/Build/Products/Debug/CasePathsMacros\#CasePathsMacros -const-gather-protocols-file /Users/rogerlin/Library/Developer/Xcode/DerivedData/FinancialCalculatorKit-ackorybalcxbfocbkqsfdzcfkgmn/Build/Intermediates.noindex/swift-parsing.build/Debug/Parsing.build/Objects-normal/arm64/Parsing_const_extract_protocols.json -enable-experimental-feature DebugDescriptionMacro -empty-abi-descriptor -validate-clang-modules-once -clang-build-session-file /Users/rogerlin/Library/Developer/Xcode/DerivedData/ModuleCache.noindex/Session.modulevalidation -Xcc -working-directory -Xcc /Users/rogerlin/XCode-Projects/FinancialCalculatorKit-5.0-updated-accent-colors/FinancialCalculatorKit.xcodeproj -enable-anonymous-context-mangled-names -file-compilation-dir /Users/rogerlin/XCode-Projects/FinancialCalculatorKit-5.0-updated-accent-colors/FinancialCalculatorKit.xcodeproj -Xcc -D_LIBCPP_HARDENING_MODE\=_LIBCPP_HARDENING_MODE_DEBUG -Xcc -ivfsstatcache -Xcc /Users/rogerlin/Library/Developer/Xcode/DerivedData/SDKStatCaches.noindex/macosx26.1-25B74-3ae1261907bdadc328169391a47051a6.sdkstatcache -Xcc -I/Users/rogerlin/Library/Developer/Xcode/DerivedData/FinancialCalculatorKit-ackorybalcxbfocbkqsfdzcfkgmn/Build/Intermediates.noindex/swift-parsing.build/Debug/Parsing.build/swift-overrides.hmap -Xcc -I/Users/rogerlin/Library/Developer/Xcode/DerivedData/FinancialCalculatorKit-ackorybalcxbfocbkqsfdzcfkgmn/Build/Products/Debug/include -Xcc -I/Users/rogerlin/Library/Developer/Xcode/DerivedData/FinancialCalculatorKit-ackorybalcxbfocbkqsfdzcfkgmn/Build/Intermediates.noindex/swift-parsing.build/Debug/Parsing.build/DerivedSources-normal/arm64 -Xcc -I/Users/rogerlin/Library/Developer/Xcode/DerivedData/FinancialCalculatorKit-ackorybalcxbfocbkqsfdzcfkgmn/Build/Intermediates.noindex/swift-parsing.build/Debug/Parsing.build/DerivedSources/arm64 -Xcc -I/Users/rogerlin/Library/Developer/Xcode/DerivedData/FinancialCalculatorKit-ackorybalcxbfocbkqsfdzcfkgmn/Build/Intermediates.noindex/swift-parsing.build/Debug/Parsing.build/DerivedSources -Xcc -DSWIFT_PACKAGE -Xcc -DDEBUG\=1 -no-auto-bridging-header-chaining -module-name Parsing -package-name swift_parsing -frontend-parseable-output -disable-clang-spi -target-sdk-version 26.1 -target-sdk-name macosx26.1 -clang-target arm64-apple-macos26.1 -in-process-plugin-server-path /Applications/Xcode.app/Contents/Developer/Toolchains/XcodeDefault.xctoolchain/usr/lib/swift/host/libSwiftInProcPluginServer.dylib -o /Users/rogerlin/Library/Developer/Xcode/DerivedData/FinancialCalculatorKit-ackorybalcxbfocbkqsfdzcfkgmn/Build/Intermediates.noindex/swift-parsing.build/Debug/Parsing.build/Objects-normal/arm64/Identity.o -o /Users/rogerlin/Library/Developer/Xcode/DerivedData/FinancialCalculatorKit-ackorybalcxbfocbkqsfdzcfkgmn/Build/Intermediates.noindex/swift-parsing.build/Debug/Parsing.build/Objects-normal/arm64/JSON.o -o /Users/rogerlin/Library/Developer/Xcode/DerivedData/FinancialCalculatorKit-ackorybalcxbfocbkqsfdzcfkgmn/Build/Intermediates.noindex/swift-parsing.build/Debug/Parsing.build/Objects-normal/arm64/LosslessStringConvertible.o -o /Users/rogerlin/Library/Developer/Xcode/DerivedData/FinancialCalculatorKit-ackorybalcxbfocbkqsfdzcfkgmn/Build/Intermediates.noindex/swift-parsing.build/Debug/Parsing.build/Objects-normal/arm64/Memberwise.o -o /Users/rogerlin/Library/Developer/Xcode/DerivedData/FinancialCalculatorKit-ackorybalcxbfocbkqsfdzcfkgmn/Build/Intermediates.noindex/swift-parsing.build/Debug/Parsing.build/Objects-normal/arm64/ParseableFormatStyleConversion.o -index-unit-output-path /swift-parsing.build/Debug/Parsing.build/Objects-normal/arm64/Identity.o -index-unit-output-path /swift-parsing.build/Debug/Parsing.build/Objects-normal/arm64/JSON.o -index-unit-output-path /swift-parsing.build/Debug/Parsing.build/Objects-normal/arm64/LosslessStringConvertible.o -index-unit-output-path /swift-parsing.build/Debug/Parsing.build/Objects-normal/arm64/Memberwise.o -index-unit-output-path /swift-parsing.build/Debug/Parsing.build/Objects-normal/arm64/ParseableFormatStyleConversion.o -index-store-path /Users/rogerlin/Library/Developer/Xcode/DerivedData/FinancialCalculatorKit-ackorybalcxbfocbkqsfdzcfkgmn/Index.noindex/DataStore -index-system-modules

SwiftCompile normal arm64 /Users/rogerlin/Library/Developer/Xcode/DerivedData/FinancialCalculatorKit-ackorybalcxbfocbkqsfdzcfkgmn/SourcePackages/checkouts/swift-parsing/Sources/Parsing/Conversions/Identity.swift (in target 'Parsing' from project 'swift-parsing')
    cd /Users/rogerlin/XCode-Projects/FinancialCalculatorKit-5.0-updated-accent-colors/FinancialCalculatorKit.xcodeproj
    

SwiftCompile normal arm64 /Users/rogerlin/Library/Developer/Xcode/DerivedData/FinancialCalculatorKit-ackorybalcxbfocbkqsfdzcfkgmn/SourcePackages/checkouts/swift-parsing/Sources/Parsing/Conversions/JSON.swift (in target 'Parsing' from project 'swift-parsing')
    cd /Users/rogerlin/XCode-Projects/FinancialCalculatorKit-5.0-updated-accent-colors/FinancialCalculatorKit.xcodeproj
    

SwiftCompile normal arm64 /Users/rogerlin/Library/Developer/Xcode/DerivedData/FinancialCalculatorKit-ackorybalcxbfocbkqsfdzcfkgmn/SourcePackages/checkouts/swift-parsing/Sources/Parsing/Conversions/LosslessStringConvertible.swift (in target 'Parsing' from project 'swift-parsing')
    cd /Users/rogerlin/XCode-Projects/FinancialCalculatorKit-5.0-updated-accent-colors/FinancialCalculatorKit.xcodeproj
    

SwiftCompile normal arm64 /Users/rogerlin/Library/Developer/Xcode/DerivedData/FinancialCalculatorKit-ackorybalcxbfocbkqsfdzcfkgmn/SourcePackages/checkouts/swift-parsing/Sources/Parsing/Conversions/Memberwise.swift (in target 'Parsing' from project 'swift-parsing')
    cd /Users/rogerlin/XCode-Projects/FinancialCalculatorKit-5.0-updated-accent-colors/FinancialCalculatorKit.xcodeproj
    

SwiftCompile normal arm64 /Users/rogerlin/Library/Developer/Xcode/DerivedData/FinancialCalculatorKit-ackorybalcxbfocbkqsfdzcfkgmn/SourcePackages/checkouts/swift-parsing/Sources/Parsing/Conversions/ParseableFormatStyleConversion.swift (in target 'Parsing' from project 'swift-parsing')
    cd /Users/rogerlin/XCode-Projects/FinancialCalculatorKit-5.0-updated-accent-colors/FinancialCalculatorKit.xcodeproj
    

SwiftCompile normal arm64 Compiling\ ParserPrinter.swift,\ Always.swift,\ AnyParserPrinter.swift,\ Backtracking.swift,\ Bool.swift /Users/rogerlin/Library/Developer/Xcode/DerivedData/FinancialCalculatorKit-ackorybalcxbfocbkqsfdzcfkgmn/SourcePackages/checkouts/swift-parsing/Sources/Parsing/ParserPrinter.swift /Users/rogerlin/Library/Developer/Xcode/DerivedData/FinancialCalculatorKit-ackorybalcxbfocbkqsfdzcfkgmn/SourcePackages/checkouts/swift-parsing/Sources/Parsing/ParserPrinters/Always.swift /Users/rogerlin/Library/Developer/Xcode/DerivedData/FinancialCalculatorKit-ackorybalcxbfocbkqsfdzcfkgmn/SourcePackages/checkouts/swift-parsing/Sources/Parsing/ParserPrinters/AnyParserPrinter.swift /Users/rogerlin/Library/Developer/Xcode/DerivedData/FinancialCalculatorKit-ackorybalcxbfocbkqsfdzcfkgmn/SourcePackages/checkouts/swift-parsing/Sources/Parsing/ParserPrinters/Backtracking.swift /Users/rogerlin/Library/Developer/Xcode/DerivedData/FinancialCalculatorKit-ackorybalcxbfocbkqsfdzcfkgmn/SourcePackages/checkouts/swift-parsing/Sources/Parsing/ParserPrinters/Bool.swift (in target 'Parsing' from project 'swift-parsing')
/Applications/Xcode.app/Contents/Developer/Toolchains/XcodeDefault.xctoolchain/usr/bin/swift-frontend -frontend -c /Users/rogerlin/Library/Developer/Xcode/DerivedData/FinancialCalculatorKit-ackorybalcxbfocbkqsfdzcfkgmn/SourcePackages/checkouts/swift-parsing/Sources/Parsing/Builders/OneOfBuilder.swift /Users/rogerlin/Library/Developer/Xcode/DerivedData/FinancialCalculatorKit-ackorybalcxbfocbkqsfdzcfkgmn/SourcePackages/checkouts/swift-parsing/Sources/Parsing/Builders/ParserBuilder.swift /Users/rogerlin/Library/Developer/Xcode/DerivedData/FinancialCalculatorKit-ackorybalcxbfocbkqsfdzcfkgmn/SourcePackages/checkouts/swift-parsing/Sources/Parsing/Conversion.swift /Users/rogerlin/Library/Developer/Xcode/DerivedData/FinancialCalculatorKit-ackorybalcxbfocbkqsfdzcfkgmn/SourcePackages/checkouts/swift-parsing/Sources/Parsing/Conversions/AnyConversion.swift /Users/rogerlin/Library/Developer/Xcode/DerivedData/FinancialCalculatorKit-ackorybalcxbfocbkqsfdzcfkgmn/SourcePackages/checkouts/swift-parsing/Sources/Parsing/Conversions/BinaryFloatingPoint.swift /Users/rogerlin/Library/Developer/Xcode/DerivedData/FinancialCalculatorKit-ackorybalcxbfocbkqsfdzcfkgmn/SourcePackages/checkouts/swift-parsing/Sources/Parsing/Conversions/ConversionMap.swift /Users/rogerlin/Library/Developer/Xcode/DerivedData/FinancialCalculatorKit-ackorybalcxbfocbkqsfdzcfkgmn/SourcePackages/checkouts/swift-parsing/Sources/Parsing/Conversions/Conversions.swift /Users/rogerlin/Library/Developer/Xcode/DerivedData/FinancialCalculatorKit-ackorybalcxbfocbkqsfdzcfkgmn/SourcePackages/checkouts/swift-parsing/Sources/Parsing/Conversions/Data.swift /Users/rogerlin/Library/Developer/Xcode/DerivedData/FinancialCalculatorKit-ackorybalcxbfocbkqsfdzcfkgmn/SourcePackages/checkouts/swift-parsing/Sources/Parsing/Conversions/Enum.swift /Users/rogerlin/Library/Developer/Xcode/DerivedData/FinancialCalculatorKit-ackorybalcxbfocbkqsfdzcfkgmn/SourcePackages/checkouts/swift-parsing/Sources/Parsing/Conversions/FixedWidthInteger.swift /Users/rogerlin/Library/Developer/Xcode/DerivedData/FinancialCalculatorKit-ackorybalcxbfocbkqsfdzcfkgmn/SourcePackages/checkouts/swift-parsing/Sources/Parsing/Conversions/Identity.swift /Users/rogerlin/Library/Developer/Xcode/DerivedData/FinancialCalculatorKit-ackorybalcxbfocbkqsfdzcfkgmn/SourcePackages/checkouts/swift-parsing/Sources/Parsing/Conversions/JSON.swift /Users/rogerlin/Library/Developer/Xcode/DerivedData/FinancialCalculatorKit-ackorybalcxbfocbkqsfdzcfkgmn/SourcePackages/checkouts/swift-parsing/Sources/Parsing/Conversions/LosslessStringConvertible.swift /Users/rogerlin/Library/Developer/Xcode/DerivedData/FinancialCalculatorKit-ackorybalcxbfocbkqsfdzcfkgmn/SourcePackages/checkouts/swift-parsing/Sources/Parsing/Conversions/Memberwise.swift /Users/rogerlin/Library/Developer/Xcode/DerivedData/FinancialCalculatorKit-ackorybalcxbfocbkqsfdzcfkgmn/SourcePackages/checkouts/swift-parsing/Sources/Parsing/Conversions/ParseableFormatStyleConversion.swift /Users/rogerlin/Library/Developer/Xcode/DerivedData/FinancialCalculatorKit-ackorybalcxbfocbkqsfdzcfkgmn/SourcePackages/checkouts/swift-parsing/Sources/Parsing/Conversions/RawRepresentable.swift /Users/rogerlin/Library/Developer/Xcode/DerivedData/FinancialCalculatorKit-ackorybalcxbfocbkqsfdzcfkgmn/SourcePackages/checkouts/swift-parsing/Sources/Parsing/Conversions/String.swift /Users/rogerlin/Library/Developer/Xcode/DerivedData/FinancialCalculatorKit-ackorybalcxbfocbkqsfdzcfkgmn/SourcePackages/checkouts/swift-parsing/Sources/Parsing/Conversions/Substring.swift /Users/rogerlin/Library/Developer/Xcode/DerivedData/FinancialCalculatorKit-ackorybalcxbfocbkqsfdzcfkgmn/SourcePackages/checkouts/swift-parsing/Sources/Parsing/Conversions/UTF8View.swift /Users/rogerlin/Library/Developer/Xcode/DerivedData/FinancialCalculatorKit-ackorybalcxbfocbkqsfdzcfkgmn/SourcePackages/checkouts/swift-parsing/Sources/Parsing/ConvertingError.swift /Users/rogerlin/Library/Developer/Xcode/DerivedData/FinancialCalculatorKit-ackorybalcxbfocbkqsfdzcfkgmn/SourcePackages/checkouts/swift-parsing/Sources/Parsing/CountingRange.swift /Users/rogerlin/Library/Developer/Xcode/DerivedData/FinancialCalculatorKit-ackorybalcxbfocbkqsfdzcfkgmn/SourcePackages/checkouts/swift-parsing/Sources/Parsing/EmptyInitializable.swift /Users/rogerlin/Library/Developer/Xcode/DerivedData/FinancialCalculatorKit-ackorybalcxbfocbkqsfdzcfkgmn/SourcePackages/checkouts/swift-parsing/Sources/Parsing/Internal/AnyEquatable.swift /Users/rogerlin/Library/Developer/Xcode/DerivedData/FinancialCalculatorKit-ackorybalcxbfocbkqsfdzcfkgmn/SourcePackages/checkouts/swift-parsing/Sources/Parsing/Internal/Deprecations.swift /Users/rogerlin/Library/Developer/Xcode/DerivedData/FinancialCalculatorKit-ackorybalcxbfocbkqsfdzcfkgmn/SourcePackages/checkouts/swift-parsing/Sources/Parsing/Parser.swift -primary-file /Users/rogerlin/Library/Developer/Xcode/DerivedData/FinancialCalculatorKit-ackorybalcxbfocbkqsfdzcfkgmn/SourcePackages/checkouts/swift-parsing/Sources/Parsing/ParserPrinter.swift -primary-file /Users/rogerlin/Library/Developer/Xcode/DerivedData/FinancialCalculatorKit-ackorybalcxbfocbkqsfdzcfkgmn/SourcePackages/checkouts/swift-parsing/Sources/Parsing/ParserPrinters/Always.swift -primary-file /Users/rogerlin/Library/Developer/Xcode/DerivedData/FinancialCalculatorKit-ackorybalcxbfocbkqsfdzcfkgmn/SourcePackages/checkouts/swift-parsing/Sources/Parsing/ParserPrinters/AnyParserPrinter.swift -primary-file /Users/rogerlin/Library/Developer/Xcode/DerivedData/FinancialCalculatorKit-ackorybalcxbfocbkqsfdzcfkgmn/SourcePackages/checkouts/swift-parsing/Sources/Parsing/ParserPrinters/Backtracking.swift -primary-file /Users/rogerlin/Library/Developer/Xcode/DerivedData/FinancialCalculatorKit-ackorybalcxbfocbkqsfdzcfkgmn/SourcePackages/checkouts/swift-parsing/Sources/Parsing/ParserPrinters/Bool.swift /Users/rogerlin/Library/Developer/Xcode/DerivedData/FinancialCalculatorKit-ackorybalcxbfocbkqsfdzcfkgmn/SourcePackages/checkouts/swift-parsing/Sources/Parsing/ParserPrinters/CaseIterableRawRepresentable.swift /Users/rogerlin/Library/Developer/Xcode/DerivedData/FinancialCalculatorKit-ackorybalcxbfocbkqsfdzcfkgmn/SourcePackages/checkouts/swift-parsing/Sources/Parsing/ParserPrinters/CharacterSet.swift /Users/rogerlin/Library/Developer/Xcode/DerivedData/FinancialCalculatorKit-ackorybalcxbfocbkqsfdzcfkgmn/SourcePackages/checkouts/swift-parsing/Sources/Parsing/ParserPrinters/Conditional.swift /Users/rogerlin/Library/Developer/Xcode/DerivedData/FinancialCalculatorKit-ackorybalcxbfocbkqsfdzcfkgmn/SourcePackages/checkouts/swift-parsing/Sources/Parsing/ParserPrinters/Consumed.swift /Users/rogerlin/Library/Developer/Xcode/DerivedData/FinancialCalculatorKit-ackorybalcxbfocbkqsfdzcfkgmn/SourcePackages/checkouts/swift-parsing/Sources/Parsing/ParserPrinters/Digits.swift /Users/rogerlin/Library/Developer/Xcode/DerivedData/FinancialCalculatorKit-ackorybalcxbfocbkqsfdzcfkgmn/SourcePackages/checkouts/swift-parsing/Sources/Parsing/ParserPrinters/End.swift /Users/rogerlin/Library/Developer/Xcode/DerivedData/FinancialCalculatorKit-ackorybalcxbfocbkqsfdzcfkgmn/SourcePackages/checkouts/swift-parsing/Sources/Parsing/ParserPrinters/Fail.swift /Users/rogerlin/Library/Developer/Xcode/DerivedData/FinancialCalculatorKit-ackorybalcxbfocbkqsfdzcfkgmn/SourcePackages/checkouts/swift-parsing/Sources/Parsing/ParserPrinters/Filter.swift /Users/rogerlin/Library/Developer/Xcode/DerivedData/FinancialCalculatorKit-ackorybalcxbfocbkqsfdzcfkgmn/SourcePackages/checkouts/swift-parsing/Sources/Parsing/ParserPrinters/First.swift /Users/rogerlin/Library/Developer/Xcode/DerivedData/FinancialCalculatorKit-ackorybalcxbfocbkqsfdzcfkgmn/SourcePackages/checkouts/swift-parsing/Sources/Parsing/ParserPrinters/Float.swift /Users/rogerlin/Library/Developer/Xcode/DerivedData/FinancialCalculatorKit-ackorybalcxbfocbkqsfdzcfkgmn/SourcePackages/checkouts/swift-parsing/Sources/Parsing/ParserPrinters/From.swift /Users/rogerlin/Library/Developer/Xcode/DerivedData/FinancialCalculatorKit-ackorybalcxbfocbkqsfdzcfkgmn/SourcePackages/checkouts/swift-parsing/Sources/Parsing/ParserPrinters/Int.swift /Users/rogerlin/Library/Developer/Xcode/DerivedData/FinancialCalculatorKit-ackorybalcxbfocbkqsfdzcfkgmn/SourcePackages/checkouts/swift-parsing/Sources/Parsing/ParserPrinters/Lazy.swift /Users/rogerlin/Library/Developer/Xcode/DerivedData/FinancialCalculatorKit-ackorybalcxbfocbkqsfdzcfkgmn/SourcePackages/checkouts/swift-parsing/Sources/Parsing/ParserPrinters/Literal.swift /Users/rogerlin/Library/Developer/Xcode/DerivedData/FinancialCalculatorKit-ackorybalcxbfocbkqsfdzcfkgmn/SourcePackages/checkouts/swift-parsing/Sources/Parsing/ParserPrinters/Many.swift /Users/rogerlin/Library/Developer/Xcode/DerivedData/FinancialCalculatorKit-ackorybalcxbfocbkqsfdzcfkgmn/SourcePackages/checkouts/swift-parsing/Sources/Parsing/ParserPrinters/Map.swift /Users/rogerlin/Library/Developer/Xcode/DerivedData/FinancialCalculatorKit-ackorybalcxbfocbkqsfdzcfkgmn/SourcePackages/checkouts/swift-parsing/Sources/Parsing/ParserPrinters/Newline.swift /Users/rogerlin/Library/Developer/Xcode/DerivedData/FinancialCalculatorKit-ackorybalcxbfocbkqsfdzcfkgmn/SourcePackages/checkouts/swift-parsing/Sources/Parsing/ParserPrinters/Not.swift /Users/rogerlin/Library/Developer/Xcode/DerivedData/FinancialCalculatorKit-ackorybalcxbfocbkqsfdzcfkgmn/SourcePackages/checkouts/swift-parsing/Sources/Parsing/ParserPrinters/OneOf.swift /Users/rogerlin/Library/Developer/Xcode/DerivedData/FinancialCalculatorKit-ackorybalcxbfocbkqsfdzcfkgmn/SourcePackages/checkouts/swift-parsing/Sources/Parsing/ParserPrinters/OneOfMany.swift /Users/rogerlin/Library/Developer/Xcode/DerivedData/FinancialCalculatorKit-ackorybalcxbfocbkqsfdzcfkgmn/SourcePackages/checkouts/swift-parsing/Sources/Parsing/ParserPrinters/Optional.swift /Users/rogerlin/Library/Developer/Xcode/DerivedData/FinancialCalculatorKit-ackorybalcxbfocbkqsfdzcfkgmn/SourcePackages/checkouts/swift-parsing/Sources/Parsing/ParserPrinters/Optionally.swift /Users/rogerlin/Library/Developer/Xcode/DerivedData/FinancialCalculatorKit-ackorybalcxbfocbkqsfdzcfkgmn/SourcePackages/checkouts/swift-parsing/Sources/Parsing/ParserPrinters/Parse.swift /Users/rogerlin/Library/Developer/Xcode/DerivedData/FinancialCalculatorKit-ackorybalcxbfocbkqsfdzcfkgmn/SourcePackages/checkouts/swift-parsing/Sources/Parsing/ParserPrinters/ParseableFormatStyle.swift /Users/rogerlin/Library/Developer/Xcode/DerivedData/FinancialCalculatorKit-ackorybalcxbfocbkqsfdzcfkgmn/SourcePackages/checkouts/swift-parsing/Sources/Parsing/ParserPrinters/Peek.swift /Users/rogerlin/Library/Developer/Xcode/DerivedData/FinancialCalculatorKit-ackorybalcxbfocbkqsfdzcfkgmn/SourcePackages/checkouts/swift-parsing/Sources/Parsing/ParserPrinters/Pipe.swift /Users/rogerlin/Library/Developer/Xcode/DerivedData/FinancialCalculatorKit-ackorybalcxbfocbkqsfdzcfkgmn/SourcePackages/checkouts/swift-parsing/Sources/Parsing/ParserPrinters/Prefix.swift /Users/rogerlin/Library/Developer/Xcode/DerivedData/FinancialCalculatorKit-ackorybalcxbfocbkqsfdzcfkgmn/SourcePackages/checkouts/swift-parsing/Sources/Parsing/ParserPrinters/PrefixThrough.swift /Users/rogerlin/Library/Developer/Xcode/DerivedData/FinancialCalculatorKit-ackorybalcxbfocbkqsfdzcfkgmn/SourcePackages/checkouts/swift-parsing/Sources/Parsing/ParserPrinters/PrefixUpTo.swift /Users/rogerlin/Library/Developer/Xcode/DerivedData/FinancialCalculatorKit-ackorybalcxbfocbkqsfdzcfkgmn/SourcePackages/checkouts/swift-parsing/Sources/Parsing/ParserPrinters/Printing.swift /Users/rogerlin/Library/Developer/Xcode/DerivedData/FinancialCalculatorKit-ackorybalcxbfocbkqsfdzcfkgmn/SourcePackages/checkouts/swift-parsing/Sources/Parsing/ParserPrinters/Pullback.swift /Users/rogerlin/Library/Developer/Xcode/DerivedData/FinancialCalculatorKit-ackorybalcxbfocbkqsfdzcfkgmn/SourcePackages/checkouts/swift-parsing/Sources/Parsing/ParserPrinters/ReplaceError.swift /Users/rogerlin/Library/Developer/Xcode/DerivedData/FinancialCalculatorKit-ackorybalcxbfocbkqsfdzcfkgmn/SourcePackages/checkouts/swift-parsing/Sources/Parsing/ParserPrinters/Rest.swift /Users/rogerlin/Library/Developer/Xcode/DerivedData/FinancialCalculatorKit-ackorybalcxbfocbkqsfdzcfkgmn/SourcePackages/checkouts/swift-parsing/Sources/Parsing/ParserPrinters/Skip.swift /Users/rogerlin/Library/Developer/Xcode/DerivedData/FinancialCalculatorKit-ackorybalcxbfocbkqsfdzcfkgmn/SourcePackages/checkouts/swift-parsing/Sources/Parsing/ParserPrinters/StartsWith.swift /Users/rogerlin/Library/Developer/Xcode/DerivedData/FinancialCalculatorKit-ackorybalcxbfocbkqsfdzcfkgmn/SourcePackages/checkouts/swift-parsing/Sources/Parsing/ParserPrinters/UUID.swift /Users/rogerlin/Library/Developer/Xcode/DerivedData/FinancialCalculatorKit-ackorybalcxbfocbkqsfdzcfkgmn/SourcePackages/checkouts/swift-parsing/Sources/Parsing/ParserPrinters/Whitespace.swift /Users/rogerlin/Library/Developer/Xcode/DerivedData/FinancialCalculatorKit-ackorybalcxbfocbkqsfdzcfkgmn/SourcePackages/checkouts/swift-parsing/Sources/Parsing/Parsers/AnyParser.swift /Users/rogerlin/Library/Developer/Xcode/DerivedData/FinancialCalculatorKit-ackorybalcxbfocbkqsfdzcfkgmn/SourcePackages/checkouts/swift-parsing/Sources/Parsing/Parsers/CompactMap.swift /Users/rogerlin/Library/Developer/Xcode/DerivedData/FinancialCalculatorKit-ackorybalcxbfocbkqsfdzcfkgmn/SourcePackages/checkouts/swift-parsing/Sources/Parsing/Parsers/FlatMap.swift /Users/rogerlin/Library/Developer/Xcode/DerivedData/FinancialCalculatorKit-ackorybalcxbfocbkqsfdzcfkgmn/SourcePackages/checkouts/swift-parsing/Sources/Parsing/Parsers/Parsers.swift /Users/rogerlin/Library/Developer/Xcode/DerivedData/FinancialCalculatorKit-ackorybalcxbfocbkqsfdzcfkgmn/SourcePackages/checkouts/swift-parsing/Sources/Parsing/Parsers/Stream.swift /Users/rogerlin/Library/Developer/Xcode/DerivedData/FinancialCalculatorKit-ackorybalcxbfocbkqsfdzcfkgmn/SourcePackages/checkouts/swift-parsing/Sources/Parsing/ParsingError.swift /Users/rogerlin/Library/Developer/Xcode/DerivedData/FinancialCalculatorKit-ackorybalcxbfocbkqsfdzcfkgmn/SourcePackages/checkouts/swift-parsing/Sources/Parsing/PrependableCollection.swift /Users/rogerlin/Library/Developer/Xcode/DerivedData/FinancialCalculatorKit-ackorybalcxbfocbkqsfdzcfkgmn/SourcePackages/checkouts/swift-parsing/Sources/Parsing/PrintingError.swift -supplementary-output-file-map /Users/rogerlin/Library/Developer/Xcode/DerivedData/FinancialCalculatorKit-ackorybalcxbfocbkqsfdzcfkgmn/Build/Intermediates.noindex/swift-parsing.build/Debug/Parsing.build/Objects-normal/arm64/supplementaryOutputs-40 -target arm64-apple-macos10.15 -load-resolved-plugin \#/Users/rogerlin/Library/Developer/Xcode/DerivedData/FinancialCalculatorKit-ackorybalcxbfocbkqsfdzcfkgmn/Build/Products/Debug/CasePathsMacros\#CasePathsMacros -load-resolved-plugin /Applications/Xcode.app/Contents/Developer/Platforms/MacOSX.platform/Developer/usr/lib/swift/host/plugins/libFoundationMacros.dylib\#/Applications/Xcode.app/Contents/Developer/Platforms/MacOSX.platform/Developer/usr/bin/swift-plugin-server\#FoundationMacros -load-resolved-plugin /Applications/Xcode.app/Contents/Developer/Platforms/MacOSX.platform/Developer/usr/lib/swift/host/plugins/libObservationMacros.dylib\#/Applications/Xcode.app/Contents/Developer/Platforms/MacOSX.platform/Developer/usr/bin/swift-plugin-server\#ObservationMacros -load-resolved-plugin /Applications/Xcode.app/Contents/Developer/Platforms/MacOSX.platform/Developer/usr/lib/swift/host/plugins/libSwiftMacros.dylib\#/Applications/Xcode.app/Contents/Developer/Platforms/MacOSX.platform/Developer/usr/bin/swift-plugin-server\#SwiftMacros -disable-implicit-swift-modules -Xcc -fno-implicit-modules -Xcc -fno-implicit-module-maps -explicit-swift-module-map-file /Users/rogerlin/Library/Developer/Xcode/DerivedData/FinancialCalculatorKit-ackorybalcxbfocbkqsfdzcfkgmn/Build/Intermediates.noindex/swift-parsing.build/Debug/Parsing.build/Objects-normal/arm64/Parsing-dependencies-1.json -Xllvm -aarch64-use-tbi -enable-objc-interop -stack-check -sdk /Applications/Xcode.app/Contents/Developer/Platforms/MacOSX.platform/Developer/SDKs/MacOSX26.1.sdk -I /Users/rogerlin/Library/Developer/Xcode/DerivedData/FinancialCalculatorKit-ackorybalcxbfocbkqsfdzcfkgmn/Build/Products/Debug -Isystem /Applications/Xcode.app/Contents/Developer/Platforms/MacOSX.platform/Developer/usr/lib -F /Users/rogerlin/Library/Developer/Xcode/DerivedData/FinancialCalculatorKit-ackorybalcxbfocbkqsfdzcfkgmn/Build/Products/Debug/PackageFrameworks -F /Users/rogerlin/Library/Developer/Xcode/DerivedData/FinancialCalculatorKit-ackorybalcxbfocbkqsfdzcfkgmn/Build/Products/Debug/PackageFrameworks -F /Users/rogerlin/Library/Developer/Xcode/DerivedData/FinancialCalculatorKit-ackorybalcxbfocbkqsfdzcfkgmn/Build/Products/Debug/PackageFrameworks -F /Users/rogerlin/Library/Developer/Xcode/DerivedData/FinancialCalculatorKit-ackorybalcxbfocbkqsfdzcfkgmn/Build/Products/Debug/PackageFrameworks -F /Users/rogerlin/Library/Developer/Xcode/DerivedData/FinancialCalculatorKit-ackorybalcxbfocbkqsfdzcfkgmn/Build/Products/Debug -F /Applications/Xcode.app/Contents/Developer/Platforms/MacOSX.platform/Developer/Library/Frameworks -no-color-diagnostics -Xcc -fno-color-diagnostics -enable-testing -g -debug-info-format\=dwarf -dwarf-version\=4 -module-cache-path /Users/rogerlin/Library/Developer/Xcode/DerivedData/FinancialCalculatorKit-ackorybalcxbfocbkqsfdzcfkgmn/Build/Intermediates.noindex/SwiftExplicitPrecompiledModules -suppress-warnings -profile-generate -profile-coverage-mapping -swift-version 5 -enforce-exclusivity\=checked -Onone -D SWIFT_PACKAGE -D DEBUG -D SWIFT_MODULE_RESOURCE_BUNDLE_UNAVAILABLE -D Xcode -serialize-debugging-options -load-plugin-executable /Users/rogerlin/Library/Developer/Xcode/DerivedData/FinancialCalculatorKit-ackorybalcxbfocbkqsfdzcfkgmn/Build/Products/Debug/CasePathsMacros\#CasePathsMacros -const-gather-protocols-file /Users/rogerlin/Library/Developer/Xcode/DerivedData/FinancialCalculatorKit-ackorybalcxbfocbkqsfdzcfkgmn/Build/Intermediates.noindex/swift-parsing.build/Debug/Parsing.build/Objects-normal/arm64/Parsing_const_extract_protocols.json -enable-experimental-feature DebugDescriptionMacro -empty-abi-descriptor -validate-clang-modules-once -clang-build-session-file /Users/rogerlin/Library/Developer/Xcode/DerivedData/ModuleCache.noindex/Session.modulevalidation -Xcc -working-directory -Xcc /Users/rogerlin/XCode-Projects/FinancialCalculatorKit-5.0-updated-accent-colors/FinancialCalculatorKit.xcodeproj -enable-anonymous-context-mangled-names -file-compilation-dir /Users/rogerlin/XCode-Projects/FinancialCalculatorKit-5.0-updated-accent-colors/FinancialCalculatorKit.xcodeproj -Xcc -D_LIBCPP_HARDENING_MODE\=_LIBCPP_HARDENING_MODE_DEBUG -Xcc -ivfsstatcache -Xcc /Users/rogerlin/Library/Developer/Xcode/DerivedData/SDKStatCaches.noindex/macosx26.1-25B74-3ae1261907bdadc328169391a47051a6.sdkstatcache -Xcc -I/Users/rogerlin/Library/Developer/Xcode/DerivedData/FinancialCalculatorKit-ackorybalcxbfocbkqsfdzcfkgmn/Build/Intermediates.noindex/swift-parsing.build/Debug/Parsing.build/swift-overrides.hmap -Xcc -I/Users/rogerlin/Library/Developer/Xcode/DerivedData/FinancialCalculatorKit-ackorybalcxbfocbkqsfdzcfkgmn/Build/Products/Debug/include -Xcc -I/Users/rogerlin/Library/Developer/Xcode/DerivedData/FinancialCalculatorKit-ackorybalcxbfocbkqsfdzcfkgmn/Build/Intermediates.noindex/swift-parsing.build/Debug/Parsing.build/DerivedSources-normal/arm64 -Xcc -I/Users/rogerlin/Library/Developer/Xcode/DerivedData/FinancialCalculatorKit-ackorybalcxbfocbkqsfdzcfkgmn/Build/Intermediates.noindex/swift-parsing.build/Debug/Parsing.build/DerivedSources/arm64 -Xcc -I/Users/rogerlin/Library/Developer/Xcode/DerivedData/FinancialCalculatorKit-ackorybalcxbfocbkqsfdzcfkgmn/Build/Intermediates.noindex/swift-parsing.build/Debug/Parsing.build/DerivedSources -Xcc -DSWIFT_PACKAGE -Xcc -DDEBUG\=1 -no-auto-bridging-header-chaining -module-name Parsing -package-name swift_parsing -frontend-parseable-output -disable-clang-spi -target-sdk-version 26.1 -target-sdk-name macosx26.1 -clang-target arm64-apple-macos26.1 -in-process-plugin-server-path /Applications/Xcode.app/Contents/Developer/Toolchains/XcodeDefault.xctoolchain/usr/lib/swift/host/libSwiftInProcPluginServer.dylib -o /Users/rogerlin/Library/Developer/Xcode/DerivedData/FinancialCalculatorKit-ackorybalcxbfocbkqsfdzcfkgmn/Build/Intermediates.noindex/swift-parsing.build/Debug/Parsing.build/Objects-normal/arm64/ParserPrinter.o -o /Users/rogerlin/Library/Developer/Xcode/DerivedData/FinancialCalculatorKit-ackorybalcxbfocbkqsfdzcfkgmn/Build/Intermediates.noindex/swift-parsing.build/Debug/Parsing.build/Objects-normal/arm64/Always.o -o /Users/rogerlin/Library/Developer/Xcode/DerivedData/FinancialCalculatorKit-ackorybalcxbfocbkqsfdzcfkgmn/Build/Intermediates.noindex/swift-parsing.build/Debug/Parsing.build/Objects-normal/arm64/AnyParserPrinter.o -o /Users/rogerlin/Library/Developer/Xcode/DerivedData/FinancialCalculatorKit-ackorybalcxbfocbkqsfdzcfkgmn/Build/Intermediates.noindex/swift-parsing.build/Debug/Parsing.build/Objects-normal/arm64/Backtracking.o -o /Users/rogerlin/Library/Developer/Xcode/DerivedData/FinancialCalculatorKit-ackorybalcxbfocbkqsfdzcfkgmn/Build/Intermediates.noindex/swift-parsing.build/Debug/Parsing.build/Objects-normal/arm64/Bool.o -index-unit-output-path /swift-parsing.build/Debug/Parsing.build/Objects-normal/arm64/ParserPrinter.o -index-unit-output-path /swift-parsing.build/Debug/Parsing.build/Objects-normal/arm64/Always.o -index-unit-output-path /swift-parsing.build/Debug/Parsing.build/Objects-normal/arm64/AnyParserPrinter.o -index-unit-output-path /swift-parsing.build/Debug/Parsing.build/Objects-normal/arm64/Backtracking.o -index-unit-output-path /swift-parsing.build/Debug/Parsing.build/Objects-normal/arm64/Bool.o -index-store-path /Users/rogerlin/Library/Developer/Xcode/DerivedData/FinancialCalculatorKit-ackorybalcxbfocbkqsfdzcfkgmn/Index.noindex/DataStore -index-system-modules

SwiftCompile normal arm64 /Users/rogerlin/Library/Developer/Xcode/DerivedData/FinancialCalculatorKit-ackorybalcxbfocbkqsfdzcfkgmn/SourcePackages/checkouts/swift-parsing/Sources/Parsing/ParserPrinter.swift (in target 'Parsing' from project 'swift-parsing')
    cd /Users/rogerlin/XCode-Projects/FinancialCalculatorKit-5.0-updated-accent-colors/FinancialCalculatorKit.xcodeproj
    

SwiftCompile normal arm64 /Users/rogerlin/Library/Developer/Xcode/DerivedData/FinancialCalculatorKit-ackorybalcxbfocbkqsfdzcfkgmn/SourcePackages/checkouts/swift-parsing/Sources/Parsing/ParserPrinters/Always.swift (in target 'Parsing' from project 'swift-parsing')
    cd /Users/rogerlin/XCode-Projects/FinancialCalculatorKit-5.0-updated-accent-colors/FinancialCalculatorKit.xcodeproj
    

SwiftCompile normal arm64 /Users/rogerlin/Library/Developer/Xcode/DerivedData/FinancialCalculatorKit-ackorybalcxbfocbkqsfdzcfkgmn/SourcePackages/checkouts/swift-parsing/Sources/Parsing/ParserPrinters/AnyParserPrinter.swift (in target 'Parsing' from project 'swift-parsing')
    cd /Users/rogerlin/XCode-Projects/FinancialCalculatorKit-5.0-updated-accent-colors/FinancialCalculatorKit.xcodeproj
    

SwiftCompile normal arm64 /Users/rogerlin/Library/Developer/Xcode/DerivedData/FinancialCalculatorKit-ackorybalcxbfocbkqsfdzcfkgmn/SourcePackages/checkouts/swift-parsing/Sources/Parsing/ParserPrinters/Backtracking.swift (in target 'Parsing' from project 'swift-parsing')
    cd /Users/rogerlin/XCode-Projects/FinancialCalculatorKit-5.0-updated-accent-colors/FinancialCalculatorKit.xcodeproj
    

SwiftCompile normal arm64 /Users/rogerlin/Library/Developer/Xcode/DerivedData/FinancialCalculatorKit-ackorybalcxbfocbkqsfdzcfkgmn/SourcePackages/checkouts/swift-parsing/Sources/Parsing/ParserPrinters/Bool.swift (in target 'Parsing' from project 'swift-parsing')
    cd /Users/rogerlin/XCode-Projects/FinancialCalculatorKit-5.0-updated-accent-colors/FinancialCalculatorKit.xcodeproj
    

SwiftCompile normal arm64 Compiling\ RawRepresentable.swift,\ String.swift,\ Substring.swift,\ UTF8View.swift,\ ConvertingError.swift /Users/rogerlin/Library/Developer/Xcode/DerivedData/FinancialCalculatorKit-ackorybalcxbfocbkqsfdzcfkgmn/SourcePackages/checkouts/swift-parsing/Sources/Parsing/Conversions/RawRepresentable.swift /Users/rogerlin/Library/Developer/Xcode/DerivedData/FinancialCalculatorKit-ackorybalcxbfocbkqsfdzcfkgmn/SourcePackages/checkouts/swift-parsing/Sources/Parsing/Conversions/String.swift /Users/rogerlin/Library/Developer/Xcode/DerivedData/FinancialCalculatorKit-ackorybalcxbfocbkqsfdzcfkgmn/SourcePackages/checkouts/swift-parsing/Sources/Parsing/Conversions/Substring.swift /Users/rogerlin/Library/Developer/Xcode/DerivedData/FinancialCalculatorKit-ackorybalcxbfocbkqsfdzcfkgmn/SourcePackages/checkouts/swift-parsing/Sources/Parsing/Conversions/UTF8View.swift /Users/rogerlin/Library/Developer/Xcode/DerivedData/FinancialCalculatorKit-ackorybalcxbfocbkqsfdzcfkgmn/SourcePackages/checkouts/swift-parsing/Sources/Parsing/ConvertingError.swift (in target 'Parsing' from project 'swift-parsing')
/Applications/Xcode.app/Contents/Developer/Toolchains/XcodeDefault.xctoolchain/usr/bin/swift-frontend -frontend -c /Users/rogerlin/Library/Developer/Xcode/DerivedData/FinancialCalculatorKit-ackorybalcxbfocbkqsfdzcfkgmn/SourcePackages/checkouts/swift-parsing/Sources/Parsing/Builders/OneOfBuilder.swift /Users/rogerlin/Library/Developer/Xcode/DerivedData/FinancialCalculatorKit-ackorybalcxbfocbkqsfdzcfkgmn/SourcePackages/checkouts/swift-parsing/Sources/Parsing/Builders/ParserBuilder.swift /Users/rogerlin/Library/Developer/Xcode/DerivedData/FinancialCalculatorKit-ackorybalcxbfocbkqsfdzcfkgmn/SourcePackages/checkouts/swift-parsing/Sources/Parsing/Conversion.swift /Users/rogerlin/Library/Developer/Xcode/DerivedData/FinancialCalculatorKit-ackorybalcxbfocbkqsfdzcfkgmn/SourcePackages/checkouts/swift-parsing/Sources/Parsing/Conversions/AnyConversion.swift /Users/rogerlin/Library/Developer/Xcode/DerivedData/FinancialCalculatorKit-ackorybalcxbfocbkqsfdzcfkgmn/SourcePackages/checkouts/swift-parsing/Sources/Parsing/Conversions/BinaryFloatingPoint.swift /Users/rogerlin/Library/Developer/Xcode/DerivedData/FinancialCalculatorKit-ackorybalcxbfocbkqsfdzcfkgmn/SourcePackages/checkouts/swift-parsing/Sources/Parsing/Conversions/ConversionMap.swift /Users/rogerlin/Library/Developer/Xcode/DerivedData/FinancialCalculatorKit-ackorybalcxbfocbkqsfdzcfkgmn/SourcePackages/checkouts/swift-parsing/Sources/Parsing/Conversions/Conversions.swift /Users/rogerlin/Library/Developer/Xcode/DerivedData/FinancialCalculatorKit-ackorybalcxbfocbkqsfdzcfkgmn/SourcePackages/checkouts/swift-parsing/Sources/Parsing/Conversions/Data.swift /Users/rogerlin/Library/Developer/Xcode/DerivedData/FinancialCalculatorKit-ackorybalcxbfocbkqsfdzcfkgmn/SourcePackages/checkouts/swift-parsing/Sources/Parsing/Conversions/Enum.swift /Users/rogerlin/Library/Developer/Xcode/DerivedData/FinancialCalculatorKit-ackorybalcxbfocbkqsfdzcfkgmn/SourcePackages/checkouts/swift-parsing/Sources/Parsing/Conversions/FixedWidthInteger.swift /Users/rogerlin/Library/Developer/Xcode/DerivedData/FinancialCalculatorKit-ackorybalcxbfocbkqsfdzcfkgmn/SourcePackages/checkouts/swift-parsing/Sources/Parsing/Conversions/Identity.swift /Users/rogerlin/Library/Developer/Xcode/DerivedData/FinancialCalculatorKit-ackorybalcxbfocbkqsfdzcfkgmn/SourcePackages/checkouts/swift-parsing/Sources/Parsing/Conversions/JSON.swift /Users/rogerlin/Library/Developer/Xcode/DerivedData/FinancialCalculatorKit-ackorybalcxbfocbkqsfdzcfkgmn/SourcePackages/checkouts/swift-parsing/Sources/Parsing/Conversions/LosslessStringConvertible.swift /Users/rogerlin/Library/Developer/Xcode/DerivedData/FinancialCalculatorKit-ackorybalcxbfocbkqsfdzcfkgmn/SourcePackages/checkouts/swift-parsing/Sources/Parsing/Conversions/Memberwise.swift /Users/rogerlin/Library/Developer/Xcode/DerivedData/FinancialCalculatorKit-ackorybalcxbfocbkqsfdzcfkgmn/SourcePackages/checkouts/swift-parsing/Sources/Parsing/Conversions/ParseableFormatStyleConversion.swift -primary-file /Users/rogerlin/Library/Developer/Xcode/DerivedData/FinancialCalculatorKit-ackorybalcxbfocbkqsfdzcfkgmn/SourcePackages/checkouts/swift-parsing/Sources/Parsing/Conversions/RawRepresentable.swift -primary-file /Users/rogerlin/Library/Developer/Xcode/DerivedData/FinancialCalculatorKit-ackorybalcxbfocbkqsfdzcfkgmn/SourcePackages/checkouts/swift-parsing/Sources/Parsing/Conversions/String.swift -primary-file /Users/rogerlin/Library/Developer/Xcode/DerivedData/FinancialCalculatorKit-ackorybalcxbfocbkqsfdzcfkgmn/SourcePackages/checkouts/swift-parsing/Sources/Parsing/Conversions/Substring.swift -primary-file /Users/rogerlin/Library/Developer/Xcode/DerivedData/FinancialCalculatorKit-ackorybalcxbfocbkqsfdzcfkgmn/SourcePackages/checkouts/swift-parsing/Sources/Parsing/Conversions/UTF8View.swift -primary-file /Users/rogerlin/Library/Developer/Xcode/DerivedData/FinancialCalculatorKit-ackorybalcxbfocbkqsfdzcfkgmn/SourcePackages/checkouts/swift-parsing/Sources/Parsing/ConvertingError.swift /Users/rogerlin/Library/Developer/Xcode/DerivedData/FinancialCalculatorKit-ackorybalcxbfocbkqsfdzcfkgmn/SourcePackages/checkouts/swift-parsing/Sources/Parsing/CountingRange.swift /Users/rogerlin/Library/Developer/Xcode/DerivedData/FinancialCalculatorKit-ackorybalcxbfocbkqsfdzcfkgmn/SourcePackages/checkouts/swift-parsing/Sources/Parsing/EmptyInitializable.swift /Users/rogerlin/Library/Developer/Xcode/DerivedData/FinancialCalculatorKit-ackorybalcxbfocbkqsfdzcfkgmn/SourcePackages/checkouts/swift-parsing/Sources/Parsing/Internal/AnyEquatable.swift /Users/rogerlin/Library/Developer/Xcode/DerivedData/FinancialCalculatorKit-ackorybalcxbfocbkqsfdzcfkgmn/SourcePackages/checkouts/swift-parsing/Sources/Parsing/Internal/Deprecations.swift /Users/rogerlin/Library/Developer/Xcode/DerivedData/FinancialCalculatorKit-ackorybalcxbfocbkqsfdzcfkgmn/SourcePackages/checkouts/swift-parsing/Sources/Parsing/Parser.swift /Users/rogerlin/Library/Developer/Xcode/DerivedData/FinancialCalculatorKit-ackorybalcxbfocbkqsfdzcfkgmn/SourcePackages/checkouts/swift-parsing/Sources/Parsing/ParserPrinter.swift /Users/rogerlin/Library/Developer/Xcode/DerivedData/FinancialCalculatorKit-ackorybalcxbfocbkqsfdzcfkgmn/SourcePackages/checkouts/swift-parsing/Sources/Parsing/ParserPrinters/Always.swift /Users/rogerlin/Library/Developer/Xcode/DerivedData/FinancialCalculatorKit-ackorybalcxbfocbkqsfdzcfkgmn/SourcePackages/checkouts/swift-parsing/Sources/Parsing/ParserPrinters/AnyParserPrinter.swift /Users/rogerlin/Library/Developer/Xcode/DerivedData/FinancialCalculatorKit-ackorybalcxbfocbkqsfdzcfkgmn/SourcePackages/checkouts/swift-parsing/Sources/Parsing/ParserPrinters/Backtracking.swift /Users/rogerlin/Library/Developer/Xcode/DerivedData/FinancialCalculatorKit-ackorybalcxbfocbkqsfdzcfkgmn/SourcePackages/checkouts/swift-parsing/Sources/Parsing/ParserPrinters/Bool.swift /Users/rogerlin/Library/Developer/Xcode/DerivedData/FinancialCalculatorKit-ackorybalcxbfocbkqsfdzcfkgmn/SourcePackages/checkouts/swift-parsing/Sources/Parsing/ParserPrinters/CaseIterableRawRepresentable.swift /Users/rogerlin/Library/Developer/Xcode/DerivedData/FinancialCalculatorKit-ackorybalcxbfocbkqsfdzcfkgmn/SourcePackages/checkouts/swift-parsing/Sources/Parsing/ParserPrinters/CharacterSet.swift /Users/rogerlin/Library/Developer/Xcode/DerivedData/FinancialCalculatorKit-ackorybalcxbfocbkqsfdzcfkgmn/SourcePackages/checkouts/swift-parsing/Sources/Parsing/ParserPrinters/Conditional.swift /Users/rogerlin/Library/Developer/Xcode/DerivedData/FinancialCalculatorKit-ackorybalcxbfocbkqsfdzcfkgmn/SourcePackages/checkouts/swift-parsing/Sources/Parsing/ParserPrinters/Consumed.swift /Users/rogerlin/Library/Developer/Xcode/DerivedData/FinancialCalculatorKit-ackorybalcxbfocbkqsfdzcfkgmn/SourcePackages/checkouts/swift-parsing/Sources/Parsing/ParserPrinters/Digits.swift /Users/rogerlin/Library/Developer/Xcode/DerivedData/FinancialCalculatorKit-ackorybalcxbfocbkqsfdzcfkgmn/SourcePackages/checkouts/swift-parsing/Sources/Parsing/ParserPrinters/End.swift /Users/rogerlin/Library/Developer/Xcode/DerivedData/FinancialCalculatorKit-ackorybalcxbfocbkqsfdzcfkgmn/SourcePackages/checkouts/swift-parsing/Sources/Parsing/ParserPrinters/Fail.swift /Users/rogerlin/Library/Developer/Xcode/DerivedData/FinancialCalculatorKit-ackorybalcxbfocbkqsfdzcfkgmn/SourcePackages/checkouts/swift-parsing/Sources/Parsing/ParserPrinters/Filter.swift /Users/rogerlin/Library/Developer/Xcode/DerivedData/FinancialCalculatorKit-ackorybalcxbfocbkqsfdzcfkgmn/SourcePackages/checkouts/swift-parsing/Sources/Parsing/ParserPrinters/First.swift /Users/rogerlin/Library/Developer/Xcode/DerivedData/FinancialCalculatorKit-ackorybalcxbfocbkqsfdzcfkgmn/SourcePackages/checkouts/swift-parsing/Sources/Parsing/ParserPrinters/Float.swift /Users/rogerlin/Library/Developer/Xcode/DerivedData/FinancialCalculatorKit-ackorybalcxbfocbkqsfdzcfkgmn/SourcePackages/checkouts/swift-parsing/Sources/Parsing/ParserPrinters/From.swift /Users/rogerlin/Library/Developer/Xcode/DerivedData/FinancialCalculatorKit-ackorybalcxbfocbkqsfdzcfkgmn/SourcePackages/checkouts/swift-parsing/Sources/Parsing/ParserPrinters/Int.swift /Users/rogerlin/Library/Developer/Xcode/DerivedData/FinancialCalculatorKit-ackorybalcxbfocbkqsfdzcfkgmn/SourcePackages/checkouts/swift-parsing/Sources/Parsing/ParserPrinters/Lazy.swift /Users/rogerlin/Library/Developer/Xcode/DerivedData/FinancialCalculatorKit-ackorybalcxbfocbkqsfdzcfkgmn/SourcePackages/checkouts/swift-parsing/Sources/Parsing/ParserPrinters/Literal.swift /Users/rogerlin/Library/Developer/Xcode/DerivedData/FinancialCalculatorKit-ackorybalcxbfocbkqsfdzcfkgmn/SourcePackages/checkouts/swift-parsing/Sources/Parsing/ParserPrinters/Many.swift /Users/rogerlin/Library/Developer/Xcode/DerivedData/FinancialCalculatorKit-ackorybalcxbfocbkqsfdzcfkgmn/SourcePackages/checkouts/swift-parsing/Sources/Parsing/ParserPrinters/Map.swift /Users/rogerlin/Library/Developer/Xcode/DerivedData/FinancialCalculatorKit-ackorybalcxbfocbkqsfdzcfkgmn/SourcePackages/checkouts/swift-parsing/Sources/Parsing/ParserPrinters/Newline.swift /Users/rogerlin/Library/Developer/Xcode/DerivedData/FinancialCalculatorKit-ackorybalcxbfocbkqsfdzcfkgmn/SourcePackages/checkouts/swift-parsing/Sources/Parsing/ParserPrinters/Not.swift /Users/rogerlin/Library/Developer/Xcode/DerivedData/FinancialCalculatorKit-ackorybalcxbfocbkqsfdzcfkgmn/SourcePackages/checkouts/swift-parsing/Sources/Parsing/ParserPrinters/OneOf.swift /Users/rogerlin/Library/Developer/Xcode/DerivedData/FinancialCalculatorKit-ackorybalcxbfocbkqsfdzcfkgmn/SourcePackages/checkouts/swift-parsing/Sources/Parsing/ParserPrinters/OneOfMany.swift /Users/rogerlin/Library/Developer/Xcode/DerivedData/FinancialCalculatorKit-ackorybalcxbfocbkqsfdzcfkgmn/SourcePackages/checkouts/swift-parsing/Sources/Parsing/ParserPrinters/Optional.swift /Users/rogerlin/Library/Developer/Xcode/DerivedData/FinancialCalculatorKit-ackorybalcxbfocbkqsfdzcfkgmn/SourcePackages/checkouts/swift-parsing/Sources/Parsing/ParserPrinters/Optionally.swift /Users/rogerlin/Library/Developer/Xcode/DerivedData/FinancialCalculatorKit-ackorybalcxbfocbkqsfdzcfkgmn/SourcePackages/checkouts/swift-parsing/Sources/Parsing/ParserPrinters/Parse.swift /Users/rogerlin/Library/Developer/Xcode/DerivedData/FinancialCalculatorKit-ackorybalcxbfocbkqsfdzcfkgmn/SourcePackages/checkouts/swift-parsing/Sources/Parsing/ParserPrinters/ParseableFormatStyle.swift /Users/rogerlin/Library/Developer/Xcode/DerivedData/FinancialCalculatorKit-ackorybalcxbfocbkqsfdzcfkgmn/SourcePackages/checkouts/swift-parsing/Sources/Parsing/ParserPrinters/Peek.swift /Users/rogerlin/Library/Developer/Xcode/DerivedData/FinancialCalculatorKit-ackorybalcxbfocbkqsfdzcfkgmn/SourcePackages/checkouts/swift-parsing/Sources/Parsing/ParserPrinters/Pipe.swift /Users/rogerlin/Library/Developer/Xcode/DerivedData/FinancialCalculatorKit-ackorybalcxbfocbkqsfdzcfkgmn/SourcePackages/checkouts/swift-parsing/Sources/Parsing/ParserPrinters/Prefix.swift /Users/rogerlin/Library/Developer/Xcode/DerivedData/FinancialCalculatorKit-ackorybalcxbfocbkqsfdzcfkgmn/SourcePackages/checkouts/swift-parsing/Sources/Parsing/ParserPrinters/PrefixThrough.swift /Users/rogerlin/Library/Developer/Xcode/DerivedData/FinancialCalculatorKit-ackorybalcxbfocbkqsfdzcfkgmn/SourcePackages/checkouts/swift-parsing/Sources/Parsing/ParserPrinters/PrefixUpTo.swift /Users/rogerlin/Library/Developer/Xcode/DerivedData/FinancialCalculatorKit-ackorybalcxbfocbkqsfdzcfkgmn/SourcePackages/checkouts/swift-parsing/Sources/Parsing/ParserPrinters/Printing.swift /Users/rogerlin/Library/Developer/Xcode/DerivedData/FinancialCalculatorKit-ackorybalcxbfocbkqsfdzcfkgmn/SourcePackages/checkouts/swift-parsing/Sources/Parsing/ParserPrinters/Pullback.swift /Users/rogerlin/Library/Developer/Xcode/DerivedData/FinancialCalculatorKit-ackorybalcxbfocbkqsfdzcfkgmn/SourcePackages/checkouts/swift-parsing/Sources/Parsing/ParserPrinters/ReplaceError.swift /Users/rogerlin/Library/Developer/Xcode/DerivedData/FinancialCalculatorKit-ackorybalcxbfocbkqsfdzcfkgmn/SourcePackages/checkouts/swift-parsing/Sources/Parsing/ParserPrinters/Rest.swift /Users/rogerlin/Library/Developer/Xcode/DerivedData/FinancialCalculatorKit-ackorybalcxbfocbkqsfdzcfkgmn/SourcePackages/checkouts/swift-parsing/Sources/Parsing/ParserPrinters/Skip.swift /Users/rogerlin/Library/Developer/Xcode/DerivedData/FinancialCalculatorKit-ackorybalcxbfocbkqsfdzcfkgmn/SourcePackages/checkouts/swift-parsing/Sources/Parsing/ParserPrinters/StartsWith.swift /Users/rogerlin/Library/Developer/Xcode/DerivedData/FinancialCalculatorKit-ackorybalcxbfocbkqsfdzcfkgmn/SourcePackages/checkouts/swift-parsing/Sources/Parsing/ParserPrinters/UUID.swift /Users/rogerlin/Library/Developer/Xcode/DerivedData/FinancialCalculatorKit-ackorybalcxbfocbkqsfdzcfkgmn/SourcePackages/checkouts/swift-parsing/Sources/Parsing/ParserPrinters/Whitespace.swift /Users/rogerlin/Library/Developer/Xcode/DerivedData/FinancialCalculatorKit-ackorybalcxbfocbkqsfdzcfkgmn/SourcePackages/checkouts/swift-parsing/Sources/Parsing/Parsers/AnyParser.swift /Users/rogerlin/Library/Developer/Xcode/DerivedData/FinancialCalculatorKit-ackorybalcxbfocbkqsfdzcfkgmn/SourcePackages/checkouts/swift-parsing/Sources/Parsing/Parsers/CompactMap.swift /Users/rogerlin/Library/Developer/Xcode/DerivedData/FinancialCalculatorKit-ackorybalcxbfocbkqsfdzcfkgmn/SourcePackages/checkouts/swift-parsing/Sources/Parsing/Parsers/FlatMap.swift /Users/rogerlin/Library/Developer/Xcode/DerivedData/FinancialCalculatorKit-ackorybalcxbfocbkqsfdzcfkgmn/SourcePackages/checkouts/swift-parsing/Sources/Parsing/Parsers/Parsers.swift /Users/rogerlin/Library/Developer/Xcode/DerivedData/FinancialCalculatorKit-ackorybalcxbfocbkqsfdzcfkgmn/SourcePackages/checkouts/swift-parsing/Sources/Parsing/Parsers/Stream.swift /Users/rogerlin/Library/Developer/Xcode/DerivedData/FinancialCalculatorKit-ackorybalcxbfocbkqsfdzcfkgmn/SourcePackages/checkouts/swift-parsing/Sources/Parsing/ParsingError.swift /Users/rogerlin/Library/Developer/Xcode/DerivedData/FinancialCalculatorKit-ackorybalcxbfocbkqsfdzcfkgmn/SourcePackages/checkouts/swift-parsing/Sources/Parsing/PrependableCollection.swift /Users/rogerlin/Library/Developer/Xcode/DerivedData/FinancialCalculatorKit-ackorybalcxbfocbkqsfdzcfkgmn/SourcePackages/checkouts/swift-parsing/Sources/Parsing/PrintingError.swift -supplementary-output-file-map /Users/rogerlin/Library/Developer/Xcode/DerivedData/FinancialCalculatorKit-ackorybalcxbfocbkqsfdzcfkgmn/Build/Intermediates.noindex/swift-parsing.build/Debug/Parsing.build/Objects-normal/arm64/supplementaryOutputs-38 -target arm64-apple-macos10.15 -load-resolved-plugin \#/Users/rogerlin/Library/Developer/Xcode/DerivedData/FinancialCalculatorKit-ackorybalcxbfocbkqsfdzcfkgmn/Build/Products/Debug/CasePathsMacros\#CasePathsMacros -load-resolved-plugin /Applications/Xcode.app/Contents/Developer/Platforms/MacOSX.platform/Developer/usr/lib/swift/host/plugins/libFoundationMacros.dylib\#/Applications/Xcode.app/Contents/Developer/Platforms/MacOSX.platform/Developer/usr/bin/swift-plugin-server\#FoundationMacros -load-resolved-plugin /Applications/Xcode.app/Contents/Developer/Platforms/MacOSX.platform/Developer/usr/lib/swift/host/plugins/libObservationMacros.dylib\#/Applications/Xcode.app/Contents/Developer/Platforms/MacOSX.platform/Developer/usr/bin/swift-plugin-server\#ObservationMacros -load-resolved-plugin /Applications/Xcode.app/Contents/Developer/Platforms/MacOSX.platform/Developer/usr/lib/swift/host/plugins/libSwiftMacros.dylib\#/Applications/Xcode.app/Contents/Developer/Platforms/MacOSX.platform/Developer/usr/bin/swift-plugin-server\#SwiftMacros -disable-implicit-swift-modules -Xcc -fno-implicit-modules -Xcc -fno-implicit-module-maps -explicit-swift-module-map-file /Users/rogerlin/Library/Developer/Xcode/DerivedData/FinancialCalculatorKit-ackorybalcxbfocbkqsfdzcfkgmn/Build/Intermediates.noindex/swift-parsing.build/Debug/Parsing.build/Objects-normal/arm64/Parsing-dependencies-1.json -Xllvm -aarch64-use-tbi -enable-objc-interop -stack-check -sdk /Applications/Xcode.app/Contents/Developer/Platforms/MacOSX.platform/Developer/SDKs/MacOSX26.1.sdk -I /Users/rogerlin/Library/Developer/Xcode/DerivedData/FinancialCalculatorKit-ackorybalcxbfocbkqsfdzcfkgmn/Build/Products/Debug -Isystem /Applications/Xcode.app/Contents/Developer/Platforms/MacOSX.platform/Developer/usr/lib -F /Users/rogerlin/Library/Developer/Xcode/DerivedData/FinancialCalculatorKit-ackorybalcxbfocbkqsfdzcfkgmn/Build/Products/Debug/PackageFrameworks -F /Users/rogerlin/Library/Developer/Xcode/DerivedData/FinancialCalculatorKit-ackorybalcxbfocbkqsfdzcfkgmn/Build/Products/Debug/PackageFrameworks -F /Users/rogerlin/Library/Developer/Xcode/DerivedData/FinancialCalculatorKit-ackorybalcxbfocbkqsfdzcfkgmn/Build/Products/Debug/PackageFrameworks -F /Users/rogerlin/Library/Developer/Xcode/DerivedData/FinancialCalculatorKit-ackorybalcxbfocbkqsfdzcfkgmn/Build/Products/Debug/PackageFrameworks -F /Users/rogerlin/Library/Developer/Xcode/DerivedData/FinancialCalculatorKit-ackorybalcxbfocbkqsfdzcfkgmn/Build/Products/Debug -F /Applications/Xcode.app/Contents/Developer/Platforms/MacOSX.platform/Developer/Library/Frameworks -no-color-diagnostics -Xcc -fno-color-diagnostics -enable-testing -g -debug-info-format\=dwarf -dwarf-version\=4 -module-cache-path /Users/rogerlin/Library/Developer/Xcode/DerivedData/FinancialCalculatorKit-ackorybalcxbfocbkqsfdzcfkgmn/Build/Intermediates.noindex/SwiftExplicitPrecompiledModules -suppress-warnings -profile-generate -profile-coverage-mapping -swift-version 5 -enforce-exclusivity\=checked -Onone -D SWIFT_PACKAGE -D DEBUG -D SWIFT_MODULE_RESOURCE_BUNDLE_UNAVAILABLE -D Xcode -serialize-debugging-options -load-plugin-executable /Users/rogerlin/Library/Developer/Xcode/DerivedData/FinancialCalculatorKit-ackorybalcxbfocbkqsfdzcfkgmn/Build/Products/Debug/CasePathsMacros\#CasePathsMacros -const-gather-protocols-file /Users/rogerlin/Library/Developer/Xcode/DerivedData/FinancialCalculatorKit-ackorybalcxbfocbkqsfdzcfkgmn/Build/Intermediates.noindex/swift-parsing.build/Debug/Parsing.build/Objects-normal/arm64/Parsing_const_extract_protocols.json -enable-experimental-feature DebugDescriptionMacro -empty-abi-descriptor -validate-clang-modules-once -clang-build-session-file /Users/rogerlin/Library/Developer/Xcode/DerivedData/ModuleCache.noindex/Session.modulevalidation -Xcc -working-directory -Xcc /Users/rogerlin/XCode-Projects/FinancialCalculatorKit-5.0-updated-accent-colors/FinancialCalculatorKit.xcodeproj -enable-anonymous-context-mangled-names -file-compilation-dir /Users/rogerlin/XCode-Projects/FinancialCalculatorKit-5.0-updated-accent-colors/FinancialCalculatorKit.xcodeproj -Xcc -D_LIBCPP_HARDENING_MODE\=_LIBCPP_HARDENING_MODE_DEBUG -Xcc -ivfsstatcache -Xcc /Users/rogerlin/Library/Developer/Xcode/DerivedData/SDKStatCaches.noindex/macosx26.1-25B74-3ae1261907bdadc328169391a47051a6.sdkstatcache -Xcc -I/Users/rogerlin/Library/Developer/Xcode/DerivedData/FinancialCalculatorKit-ackorybalcxbfocbkqsfdzcfkgmn/Build/Intermediates.noindex/swift-parsing.build/Debug/Parsing.build/swift-overrides.hmap -Xcc -I/Users/rogerlin/Library/Developer/Xcode/DerivedData/FinancialCalculatorKit-ackorybalcxbfocbkqsfdzcfkgmn/Build/Products/Debug/include -Xcc -I/Users/rogerlin/Library/Developer/Xcode/DerivedData/FinancialCalculatorKit-ackorybalcxbfocbkqsfdzcfkgmn/Build/Intermediates.noindex/swift-parsing.build/Debug/Parsing.build/DerivedSources-normal/arm64 -Xcc -I/Users/rogerlin/Library/Developer/Xcode/DerivedData/FinancialCalculatorKit-ackorybalcxbfocbkqsfdzcfkgmn/Build/Intermediates.noindex/swift-parsing.build/Debug/Parsing.build/DerivedSources/arm64 -Xcc -I/Users/rogerlin/Library/Developer/Xcode/DerivedData/FinancialCalculatorKit-ackorybalcxbfocbkqsfdzcfkgmn/Build/Intermediates.noindex/swift-parsing.build/Debug/Parsing.build/DerivedSources -Xcc -DSWIFT_PACKAGE -Xcc -DDEBUG\=1 -no-auto-bridging-header-chaining -module-name Parsing -package-name swift_parsing -frontend-parseable-output -disable-clang-spi -target-sdk-version 26.1 -target-sdk-name macosx26.1 -clang-target arm64-apple-macos26.1 -in-process-plugin-server-path /Applications/Xcode.app/Contents/Developer/Toolchains/XcodeDefault.xctoolchain/usr/lib/swift/host/libSwiftInProcPluginServer.dylib -o /Users/rogerlin/Library/Developer/Xcode/DerivedData/FinancialCalculatorKit-ackorybalcxbfocbkqsfdzcfkgmn/Build/Intermediates.noindex/swift-parsing.build/Debug/Parsing.build/Objects-normal/arm64/RawRepresentable.o -o /Users/rogerlin/Library/Developer/Xcode/DerivedData/FinancialCalculatorKit-ackorybalcxbfocbkqsfdzcfkgmn/Build/Intermediates.noindex/swift-parsing.build/Debug/Parsing.build/Objects-normal/arm64/String.o -o /Users/rogerlin/Library/Developer/Xcode/DerivedData/FinancialCalculatorKit-ackorybalcxbfocbkqsfdzcfkgmn/Build/Intermediates.noindex/swift-parsing.build/Debug/Parsing.build/Objects-normal/arm64/Substring.o -o /Users/rogerlin/Library/Developer/Xcode/DerivedData/FinancialCalculatorKit-ackorybalcxbfocbkqsfdzcfkgmn/Build/Intermediates.noindex/swift-parsing.build/Debug/Parsing.build/Objects-normal/arm64/UTF8View.o -o /Users/rogerlin/Library/Developer/Xcode/DerivedData/FinancialCalculatorKit-ackorybalcxbfocbkqsfdzcfkgmn/Build/Intermediates.noindex/swift-parsing.build/Debug/Parsing.build/Objects-normal/arm64/ConvertingError.o -index-unit-output-path /swift-parsing.build/Debug/Parsing.build/Objects-normal/arm64/RawRepresentable.o -index-unit-output-path /swift-parsing.build/Debug/Parsing.build/Objects-normal/arm64/String.o -index-unit-output-path /swift-parsing.build/Debug/Parsing.build/Objects-normal/arm64/Substring.o -index-unit-output-path /swift-parsing.build/Debug/Parsing.build/Objects-normal/arm64/UTF8View.o -index-unit-output-path /swift-parsing.build/Debug/Parsing.build/Objects-normal/arm64/ConvertingError.o -index-store-path /Users/rogerlin/Library/Developer/Xcode/DerivedData/FinancialCalculatorKit-ackorybalcxbfocbkqsfdzcfkgmn/Index.noindex/DataStore -index-system-modules

SwiftCompile normal arm64 /Users/rogerlin/Library/Developer/Xcode/DerivedData/FinancialCalculatorKit-ackorybalcxbfocbkqsfdzcfkgmn/SourcePackages/checkouts/swift-parsing/Sources/Parsing/Conversions/RawRepresentable.swift (in target 'Parsing' from project 'swift-parsing')
    cd /Users/rogerlin/XCode-Projects/FinancialCalculatorKit-5.0-updated-accent-colors/FinancialCalculatorKit.xcodeproj
    

SwiftCompile normal arm64 /Users/rogerlin/Library/Developer/Xcode/DerivedData/FinancialCalculatorKit-ackorybalcxbfocbkqsfdzcfkgmn/SourcePackages/checkouts/swift-parsing/Sources/Parsing/Conversions/String.swift (in target 'Parsing' from project 'swift-parsing')
    cd /Users/rogerlin/XCode-Projects/FinancialCalculatorKit-5.0-updated-accent-colors/FinancialCalculatorKit.xcodeproj
    

SwiftCompile normal arm64 /Users/rogerlin/Library/Developer/Xcode/DerivedData/FinancialCalculatorKit-ackorybalcxbfocbkqsfdzcfkgmn/SourcePackages/checkouts/swift-parsing/Sources/Parsing/Conversions/Substring.swift (in target 'Parsing' from project 'swift-parsing')
    cd /Users/rogerlin/XCode-Projects/FinancialCalculatorKit-5.0-updated-accent-colors/FinancialCalculatorKit.xcodeproj
    

SwiftCompile normal arm64 /Users/rogerlin/Library/Developer/Xcode/DerivedData/FinancialCalculatorKit-ackorybalcxbfocbkqsfdzcfkgmn/SourcePackages/checkouts/swift-parsing/Sources/Parsing/Conversions/UTF8View.swift (in target 'Parsing' from project 'swift-parsing')
    cd /Users/rogerlin/XCode-Projects/FinancialCalculatorKit-5.0-updated-accent-colors/FinancialCalculatorKit.xcodeproj
    

SwiftCompile normal arm64 /Users/rogerlin/Library/Developer/Xcode/DerivedData/FinancialCalculatorKit-ackorybalcxbfocbkqsfdzcfkgmn/SourcePackages/checkouts/swift-parsing/Sources/Parsing/ConvertingError.swift (in target 'Parsing' from project 'swift-parsing')
    cd /Users/rogerlin/XCode-Projects/FinancialCalculatorKit-5.0-updated-accent-colors/FinancialCalculatorKit.xcodeproj
    

SwiftCompile normal arm64 Compiling\ ConversionMap.swift,\ Conversions.swift,\ Data.swift,\ Enum.swift,\ FixedWidthInteger.swift /Users/rogerlin/Library/Developer/Xcode/DerivedData/FinancialCalculatorKit-ackorybalcxbfocbkqsfdzcfkgmn/SourcePackages/checkouts/swift-parsing/Sources/Parsing/Conversions/ConversionMap.swift /Users/rogerlin/Library/Developer/Xcode/DerivedData/FinancialCalculatorKit-ackorybalcxbfocbkqsfdzcfkgmn/SourcePackages/checkouts/swift-parsing/Sources/Parsing/Conversions/Conversions.swift /Users/rogerlin/Library/Developer/Xcode/DerivedData/FinancialCalculatorKit-ackorybalcxbfocbkqsfdzcfkgmn/SourcePackages/checkouts/swift-parsing/Sources/Parsing/Conversions/Data.swift /Users/rogerlin/Library/Developer/Xcode/DerivedData/FinancialCalculatorKit-ackorybalcxbfocbkqsfdzcfkgmn/SourcePackages/checkouts/swift-parsing/Sources/Parsing/Conversions/Enum.swift /Users/rogerlin/Library/Developer/Xcode/DerivedData/FinancialCalculatorKit-ackorybalcxbfocbkqsfdzcfkgmn/SourcePackages/checkouts/swift-parsing/Sources/Parsing/Conversions/FixedWidthInteger.swift (in target 'Parsing' from project 'swift-parsing')
/Applications/Xcode.app/Contents/Developer/Toolchains/XcodeDefault.xctoolchain/usr/bin/swift-frontend -frontend -c /Users/rogerlin/Library/Developer/Xcode/DerivedData/FinancialCalculatorKit-ackorybalcxbfocbkqsfdzcfkgmn/SourcePackages/checkouts/swift-parsing/Sources/Parsing/Builders/OneOfBuilder.swift /Users/rogerlin/Library/Developer/Xcode/DerivedData/FinancialCalculatorKit-ackorybalcxbfocbkqsfdzcfkgmn/SourcePackages/checkouts/swift-parsing/Sources/Parsing/Builders/ParserBuilder.swift /Users/rogerlin/Library/Developer/Xcode/DerivedData/FinancialCalculatorKit-ackorybalcxbfocbkqsfdzcfkgmn/SourcePackages/checkouts/swift-parsing/Sources/Parsing/Conversion.swift /Users/rogerlin/Library/Developer/Xcode/DerivedData/FinancialCalculatorKit-ackorybalcxbfocbkqsfdzcfkgmn/SourcePackages/checkouts/swift-parsing/Sources/Parsing/Conversions/AnyConversion.swift /Users/rogerlin/Library/Developer/Xcode/DerivedData/FinancialCalculatorKit-ackorybalcxbfocbkqsfdzcfkgmn/SourcePackages/checkouts/swift-parsing/Sources/Parsing/Conversions/BinaryFloatingPoint.swift -primary-file /Users/rogerlin/Library/Developer/Xcode/DerivedData/FinancialCalculatorKit-ackorybalcxbfocbkqsfdzcfkgmn/SourcePackages/checkouts/swift-parsing/Sources/Parsing/Conversions/ConversionMap.swift -primary-file /Users/rogerlin/Library/Developer/Xcode/DerivedData/FinancialCalculatorKit-ackorybalcxbfocbkqsfdzcfkgmn/SourcePackages/checkouts/swift-parsing/Sources/Parsing/Conversions/Conversions.swift -primary-file /Users/rogerlin/Library/Developer/Xcode/DerivedData/FinancialCalculatorKit-ackorybalcxbfocbkqsfdzcfkgmn/SourcePackages/checkouts/swift-parsing/Sources/Parsing/Conversions/Data.swift -primary-file /Users/rogerlin/Library/Developer/Xcode/DerivedData/FinancialCalculatorKit-ackorybalcxbfocbkqsfdzcfkgmn/SourcePackages/checkouts/swift-parsing/Sources/Parsing/Conversions/Enum.swift -primary-file /Users/rogerlin/Library/Developer/Xcode/DerivedData/FinancialCalculatorKit-ackorybalcxbfocbkqsfdzcfkgmn/SourcePackages/checkouts/swift-parsing/Sources/Parsing/Conversions/FixedWidthInteger.swift /Users/rogerlin/Library/Developer/Xcode/DerivedData/FinancialCalculatorKit-ackorybalcxbfocbkqsfdzcfkgmn/SourcePackages/checkouts/swift-parsing/Sources/Parsing/Conversions/Identity.swift /Users/rogerlin/Library/Developer/Xcode/DerivedData/FinancialCalculatorKit-ackorybalcxbfocbkqsfdzcfkgmn/SourcePackages/checkouts/swift-parsing/Sources/Parsing/Conversions/JSON.swift /Users/rogerlin/Library/Developer/Xcode/DerivedData/FinancialCalculatorKit-ackorybalcxbfocbkqsfdzcfkgmn/SourcePackages/checkouts/swift-parsing/Sources/Parsing/Conversions/LosslessStringConvertible.swift /Users/rogerlin/Library/Developer/Xcode/DerivedData/FinancialCalculatorKit-ackorybalcxbfocbkqsfdzcfkgmn/SourcePackages/checkouts/swift-parsing/Sources/Parsing/Conversions/Memberwise.swift /Users/rogerlin/Library/Developer/Xcode/DerivedData/FinancialCalculatorKit-ackorybalcxbfocbkqsfdzcfkgmn/SourcePackages/checkouts/swift-parsing/Sources/Parsing/Conversions/ParseableFormatStyleConversion.swift /Users/rogerlin/Library/Developer/Xcode/DerivedData/FinancialCalculatorKit-ackorybalcxbfocbkqsfdzcfkgmn/SourcePackages/checkouts/swift-parsing/Sources/Parsing/Conversions/RawRepresentable.swift /Users/rogerlin/Library/Developer/Xcode/DerivedData/FinancialCalculatorKit-ackorybalcxbfocbkqsfdzcfkgmn/SourcePackages/checkouts/swift-parsing/Sources/Parsing/Conversions/String.swift /Users/rogerlin/Library/Developer/Xcode/DerivedData/FinancialCalculatorKit-ackorybalcxbfocbkqsfdzcfkgmn/SourcePackages/checkouts/swift-parsing/Sources/Parsing/Conversions/Substring.swift /Users/rogerlin/Library/Developer/Xcode/DerivedData/FinancialCalculatorKit-ackorybalcxbfocbkqsfdzcfkgmn/SourcePackages/checkouts/swift-parsing/Sources/Parsing/Conversions/UTF8View.swift /Users/rogerlin/Library/Developer/Xcode/DerivedData/FinancialCalculatorKit-ackorybalcxbfocbkqsfdzcfkgmn/SourcePackages/checkouts/swift-parsing/Sources/Parsing/ConvertingError.swift /Users/rogerlin/Library/Developer/Xcode/DerivedData/FinancialCalculatorKit-ackorybalcxbfocbkqsfdzcfkgmn/SourcePackages/checkouts/swift-parsing/Sources/Parsing/CountingRange.swift /Users/rogerlin/Library/Developer/Xcode/DerivedData/FinancialCalculatorKit-ackorybalcxbfocbkqsfdzcfkgmn/SourcePackages/checkouts/swift-parsing/Sources/Parsing/EmptyInitializable.swift /Users/rogerlin/Library/Developer/Xcode/DerivedData/FinancialCalculatorKit-ackorybalcxbfocbkqsfdzcfkgmn/SourcePackages/checkouts/swift-parsing/Sources/Parsing/Internal/AnyEquatable.swift /Users/rogerlin/Library/Developer/Xcode/DerivedData/FinancialCalculatorKit-ackorybalcxbfocbkqsfdzcfkgmn/SourcePackages/checkouts/swift-parsing/Sources/Parsing/Internal/Deprecations.swift /Users/rogerlin/Library/Developer/Xcode/DerivedData/FinancialCalculatorKit-ackorybalcxbfocbkqsfdzcfkgmn/SourcePackages/checkouts/swift-parsing/Sources/Parsing/Parser.swift /Users/rogerlin/Library/Developer/Xcode/DerivedData/FinancialCalculatorKit-ackorybalcxbfocbkqsfdzcfkgmn/SourcePackages/checkouts/swift-parsing/Sources/Parsing/ParserPrinter.swift /Users/rogerlin/Library/Developer/Xcode/DerivedData/FinancialCalculatorKit-ackorybalcxbfocbkqsfdzcfkgmn/SourcePackages/checkouts/swift-parsing/Sources/Parsing/ParserPrinters/Always.swift /Users/rogerlin/Library/Developer/Xcode/DerivedData/FinancialCalculatorKit-ackorybalcxbfocbkqsfdzcfkgmn/SourcePackages/checkouts/swift-parsing/Sources/Parsing/ParserPrinters/AnyParserPrinter.swift /Users/rogerlin/Library/Developer/Xcode/DerivedData/FinancialCalculatorKit-ackorybalcxbfocbkqsfdzcfkgmn/SourcePackages/checkouts/swift-parsing/Sources/Parsing/ParserPrinters/Backtracking.swift /Users/rogerlin/Library/Developer/Xcode/DerivedData/FinancialCalculatorKit-ackorybalcxbfocbkqsfdzcfkgmn/SourcePackages/checkouts/swift-parsing/Sources/Parsing/ParserPrinters/Bool.swift /Users/rogerlin/Library/Developer/Xcode/DerivedData/FinancialCalculatorKit-ackorybalcxbfocbkqsfdzcfkgmn/SourcePackages/checkouts/swift-parsing/Sources/Parsing/ParserPrinters/CaseIterableRawRepresentable.swift /Users/rogerlin/Library/Developer/Xcode/DerivedData/FinancialCalculatorKit-ackorybalcxbfocbkqsfdzcfkgmn/SourcePackages/checkouts/swift-parsing/Sources/Parsing/ParserPrinters/CharacterSet.swift /Users/rogerlin/Library/Developer/Xcode/DerivedData/FinancialCalculatorKit-ackorybalcxbfocbkqsfdzcfkgmn/SourcePackages/checkouts/swift-parsing/Sources/Parsing/ParserPrinters/Conditional.swift /Users/rogerlin/Library/Developer/Xcode/DerivedData/FinancialCalculatorKit-ackorybalcxbfocbkqsfdzcfkgmn/SourcePackages/checkouts/swift-parsing/Sources/Parsing/ParserPrinters/Consumed.swift /Users/rogerlin/Library/Developer/Xcode/DerivedData/FinancialCalculatorKit-ackorybalcxbfocbkqsfdzcfkgmn/SourcePackages/checkouts/swift-parsing/Sources/Parsing/ParserPrinters/Digits.swift /Users/rogerlin/Library/Developer/Xcode/DerivedData/FinancialCalculatorKit-ackorybalcxbfocbkqsfdzcfkgmn/SourcePackages/checkouts/swift-parsing/Sources/Parsing/ParserPrinters/End.swift /Users/rogerlin/Library/Developer/Xcode/DerivedData/FinancialCalculatorKit-ackorybalcxbfocbkqsfdzcfkgmn/SourcePackages/checkouts/swift-parsing/Sources/Parsing/ParserPrinters/Fail.swift /Users/rogerlin/Library/Developer/Xcode/DerivedData/FinancialCalculatorKit-ackorybalcxbfocbkqsfdzcfkgmn/SourcePackages/checkouts/swift-parsing/Sources/Parsing/ParserPrinters/Filter.swift /Users/rogerlin/Library/Developer/Xcode/DerivedData/FinancialCalculatorKit-ackorybalcxbfocbkqsfdzcfkgmn/SourcePackages/checkouts/swift-parsing/Sources/Parsing/ParserPrinters/First.swift /Users/rogerlin/Library/Developer/Xcode/DerivedData/FinancialCalculatorKit-ackorybalcxbfocbkqsfdzcfkgmn/SourcePackages/checkouts/swift-parsing/Sources/Parsing/ParserPrinters/Float.swift /Users/rogerlin/Library/Developer/Xcode/DerivedData/FinancialCalculatorKit-ackorybalcxbfocbkqsfdzcfkgmn/SourcePackages/checkouts/swift-parsing/Sources/Parsing/ParserPrinters/From.swift /Users/rogerlin/Library/Developer/Xcode/DerivedData/FinancialCalculatorKit-ackorybalcxbfocbkqsfdzcfkgmn/SourcePackages/checkouts/swift-parsing/Sources/Parsing/ParserPrinters/Int.swift /Users/rogerlin/Library/Developer/Xcode/DerivedData/FinancialCalculatorKit-ackorybalcxbfocbkqsfdzcfkgmn/SourcePackages/checkouts/swift-parsing/Sources/Parsing/ParserPrinters/Lazy.swift /Users/rogerlin/Library/Developer/Xcode/DerivedData/FinancialCalculatorKit-ackorybalcxbfocbkqsfdzcfkgmn/SourcePackages/checkouts/swift-parsing/Sources/Parsing/ParserPrinters/Literal.swift /Users/rogerlin/Library/Developer/Xcode/DerivedData/FinancialCalculatorKit-ackorybalcxbfocbkqsfdzcfkgmn/SourcePackages/checkouts/swift-parsing/Sources/Parsing/ParserPrinters/Many.swift /Users/rogerlin/Library/Developer/Xcode/DerivedData/FinancialCalculatorKit-ackorybalcxbfocbkqsfdzcfkgmn/SourcePackages/checkouts/swift-parsing/Sources/Parsing/ParserPrinters/Map.swift /Users/rogerlin/Library/Developer/Xcode/DerivedData/FinancialCalculatorKit-ackorybalcxbfocbkqsfdzcfkgmn/SourcePackages/checkouts/swift-parsing/Sources/Parsing/ParserPrinters/Newline.swift /Users/rogerlin/Library/Developer/Xcode/DerivedData/FinancialCalculatorKit-ackorybalcxbfocbkqsfdzcfkgmn/SourcePackages/checkouts/swift-parsing/Sources/Parsing/ParserPrinters/Not.swift /Users/rogerlin/Library/Developer/Xcode/DerivedData/FinancialCalculatorKit-ackorybalcxbfocbkqsfdzcfkgmn/SourcePackages/checkouts/swift-parsing/Sources/Parsing/ParserPrinters/OneOf.swift /Users/rogerlin/Library/Developer/Xcode/DerivedData/FinancialCalculatorKit-ackorybalcxbfocbkqsfdzcfkgmn/SourcePackages/checkouts/swift-parsing/Sources/Parsing/ParserPrinters/OneOfMany.swift /Users/rogerlin/Library/Developer/Xcode/DerivedData/FinancialCalculatorKit-ackorybalcxbfocbkqsfdzcfkgmn/SourcePackages/checkouts/swift-parsing/Sources/Parsing/ParserPrinters/Optional.swift /Users/rogerlin/Library/Developer/Xcode/DerivedData/FinancialCalculatorKit-ackorybalcxbfocbkqsfdzcfkgmn/SourcePackages/checkouts/swift-parsing/Sources/Parsing/ParserPrinters/Optionally.swift /Users/rogerlin/Library/Developer/Xcode/DerivedData/FinancialCalculatorKit-ackorybalcxbfocbkqsfdzcfkgmn/SourcePackages/checkouts/swift-parsing/Sources/Parsing/ParserPrinters/Parse.swift /Users/rogerlin/Library/Developer/Xcode/DerivedData/FinancialCalculatorKit-ackorybalcxbfocbkqsfdzcfkgmn/SourcePackages/checkouts/swift-parsing/Sources/Parsing/ParserPrinters/ParseableFormatStyle.swift /Users/rogerlin/Library/Developer/Xcode/DerivedData/FinancialCalculatorKit-ackorybalcxbfocbkqsfdzcfkgmn/SourcePackages/checkouts/swift-parsing/Sources/Parsing/ParserPrinters/Peek.swift /Users/rogerlin/Library/Developer/Xcode/DerivedData/FinancialCalculatorKit-ackorybalcxbfocbkqsfdzcfkgmn/SourcePackages/checkouts/swift-parsing/Sources/Parsing/ParserPrinters/Pipe.swift /Users/rogerlin/Library/Developer/Xcode/DerivedData/FinancialCalculatorKit-ackorybalcxbfocbkqsfdzcfkgmn/SourcePackages/checkouts/swift-parsing/Sources/Parsing/ParserPrinters/Prefix.swift /Users/rogerlin/Library/Developer/Xcode/DerivedData/FinancialCalculatorKit-ackorybalcxbfocbkqsfdzcfkgmn/SourcePackages/checkouts/swift-parsing/Sources/Parsing/ParserPrinters/PrefixThrough.swift /Users/rogerlin/Library/Developer/Xcode/DerivedData/FinancialCalculatorKit-ackorybalcxbfocbkqsfdzcfkgmn/SourcePackages/checkouts/swift-parsing/Sources/Parsing/ParserPrinters/PrefixUpTo.swift /Users/rogerlin/Library/Developer/Xcode/DerivedData/FinancialCalculatorKit-ackorybalcxbfocbkqsfdzcfkgmn/SourcePackages/checkouts/swift-parsing/Sources/Parsing/ParserPrinters/Printing.swift /Users/rogerlin/Library/Developer/Xcode/DerivedData/FinancialCalculatorKit-ackorybalcxbfocbkqsfdzcfkgmn/SourcePackages/checkouts/swift-parsing/Sources/Parsing/ParserPrinters/Pullback.swift /Users/rogerlin/Library/Developer/Xcode/DerivedData/FinancialCalculatorKit-ackorybalcxbfocbkqsfdzcfkgmn/SourcePackages/checkouts/swift-parsing/Sources/Parsing/ParserPrinters/ReplaceError.swift /Users/rogerlin/Library/Developer/Xcode/DerivedData/FinancialCalculatorKit-ackorybalcxbfocbkqsfdzcfkgmn/SourcePackages/checkouts/swift-parsing/Sources/Parsing/ParserPrinters/Rest.swift /Users/rogerlin/Library/Developer/Xcode/DerivedData/FinancialCalculatorKit-ackorybalcxbfocbkqsfdzcfkgmn/SourcePackages/checkouts/swift-parsing/Sources/Parsing/ParserPrinters/Skip.swift /Users/rogerlin/Library/Developer/Xcode/DerivedData/FinancialCalculatorKit-ackorybalcxbfocbkqsfdzcfkgmn/SourcePackages/checkouts/swift-parsing/Sources/Parsing/ParserPrinters/StartsWith.swift /Users/rogerlin/Library/Developer/Xcode/DerivedData/FinancialCalculatorKit-ackorybalcxbfocbkqsfdzcfkgmn/SourcePackages/checkouts/swift-parsing/Sources/Parsing/ParserPrinters/UUID.swift /Users/rogerlin/Library/Developer/Xcode/DerivedData/FinancialCalculatorKit-ackorybalcxbfocbkqsfdzcfkgmn/SourcePackages/checkouts/swift-parsing/Sources/Parsing/ParserPrinters/Whitespace.swift /Users/rogerlin/Library/Developer/Xcode/DerivedData/FinancialCalculatorKit-ackorybalcxbfocbkqsfdzcfkgmn/SourcePackages/checkouts/swift-parsing/Sources/Parsing/Parsers/AnyParser.swift /Users/rogerlin/Library/Developer/Xcode/DerivedData/FinancialCalculatorKit-ackorybalcxbfocbkqsfdzcfkgmn/SourcePackages/checkouts/swift-parsing/Sources/Parsing/Parsers/CompactMap.swift /Users/rogerlin/Library/Developer/Xcode/DerivedData/FinancialCalculatorKit-ackorybalcxbfocbkqsfdzcfkgmn/SourcePackages/checkouts/swift-parsing/Sources/Parsing/Parsers/FlatMap.swift /Users/rogerlin/Library/Developer/Xcode/DerivedData/FinancialCalculatorKit-ackorybalcxbfocbkqsfdzcfkgmn/SourcePackages/checkouts/swift-parsing/Sources/Parsing/Parsers/Parsers.swift /Users/rogerlin/Library/Developer/Xcode/DerivedData/FinancialCalculatorKit-ackorybalcxbfocbkqsfdzcfkgmn/SourcePackages/checkouts/swift-parsing/Sources/Parsing/Parsers/Stream.swift /Users/rogerlin/Library/Developer/Xcode/DerivedData/FinancialCalculatorKit-ackorybalcxbfocbkqsfdzcfkgmn/SourcePackages/checkouts/swift-parsing/Sources/Parsing/ParsingError.swift /Users/rogerlin/Library/Developer/Xcode/DerivedData/FinancialCalculatorKit-ackorybalcxbfocbkqsfdzcfkgmn/SourcePackages/checkouts/swift-parsing/Sources/Parsing/PrependableCollection.swift /Users/rogerlin/Library/Developer/Xcode/DerivedData/FinancialCalculatorKit-ackorybalcxbfocbkqsfdzcfkgmn/SourcePackages/checkouts/swift-parsing/Sources/Parsing/PrintingError.swift -supplementary-output-file-map /Users/rogerlin/Library/Developer/Xcode/DerivedData/FinancialCalculatorKit-ackorybalcxbfocbkqsfdzcfkgmn/Build/Intermediates.noindex/swift-parsing.build/Debug/Parsing.build/Objects-normal/arm64/supplementaryOutputs-36 -target arm64-apple-macos10.15 -load-resolved-plugin \#/Users/rogerlin/Library/Developer/Xcode/DerivedData/FinancialCalculatorKit-ackorybalcxbfocbkqsfdzcfkgmn/Build/Products/Debug/CasePathsMacros\#CasePathsMacros -load-resolved-plugin /Applications/Xcode.app/Contents/Developer/Platforms/MacOSX.platform/Developer/usr/lib/swift/host/plugins/libFoundationMacros.dylib\#/Applications/Xcode.app/Contents/Developer/Platforms/MacOSX.platform/Developer/usr/bin/swift-plugin-server\#FoundationMacros -load-resolved-plugin /Applications/Xcode.app/Contents/Developer/Platforms/MacOSX.platform/Developer/usr/lib/swift/host/plugins/libObservationMacros.dylib\#/Applications/Xcode.app/Contents/Developer/Platforms/MacOSX.platform/Developer/usr/bin/swift-plugin-server\#ObservationMacros -load-resolved-plugin /Applications/Xcode.app/Contents/Developer/Platforms/MacOSX.platform/Developer/usr/lib/swift/host/plugins/libSwiftMacros.dylib\#/Applications/Xcode.app/Contents/Developer/Platforms/MacOSX.platform/Developer/usr/bin/swift-plugin-server\#SwiftMacros -disable-implicit-swift-modules -Xcc -fno-implicit-modules -Xcc -fno-implicit-module-maps -explicit-swift-module-map-file /Users/rogerlin/Library/Developer/Xcode/DerivedData/FinancialCalculatorKit-ackorybalcxbfocbkqsfdzcfkgmn/Build/Intermediates.noindex/swift-parsing.build/Debug/Parsing.build/Objects-normal/arm64/Parsing-dependencies-1.json -Xllvm -aarch64-use-tbi -enable-objc-interop -stack-check -sdk /Applications/Xcode.app/Contents/Developer/Platforms/MacOSX.platform/Developer/SDKs/MacOSX26.1.sdk -I /Users/rogerlin/Library/Developer/Xcode/DerivedData/FinancialCalculatorKit-ackorybalcxbfocbkqsfdzcfkgmn/Build/Products/Debug -Isystem /Applications/Xcode.app/Contents/Developer/Platforms/MacOSX.platform/Developer/usr/lib -F /Users/rogerlin/Library/Developer/Xcode/DerivedData/FinancialCalculatorKit-ackorybalcxbfocbkqsfdzcfkgmn/Build/Products/Debug/PackageFrameworks -F /Users/rogerlin/Library/Developer/Xcode/DerivedData/FinancialCalculatorKit-ackorybalcxbfocbkqsfdzcfkgmn/Build/Products/Debug/PackageFrameworks -F /Users/rogerlin/Library/Developer/Xcode/DerivedData/FinancialCalculatorKit-ackorybalcxbfocbkqsfdzcfkgmn/Build/Products/Debug/PackageFrameworks -F /Users/rogerlin/Library/Developer/Xcode/DerivedData/FinancialCalculatorKit-ackorybalcxbfocbkqsfdzcfkgmn/Build/Products/Debug/PackageFrameworks -F /Users/rogerlin/Library/Developer/Xcode/DerivedData/FinancialCalculatorKit-ackorybalcxbfocbkqsfdzcfkgmn/Build/Products/Debug -F /Applications/Xcode.app/Contents/Developer/Platforms/MacOSX.platform/Developer/Library/Frameworks -no-color-diagnostics -Xcc -fno-color-diagnostics -enable-testing -g -debug-info-format\=dwarf -dwarf-version\=4 -module-cache-path /Users/rogerlin/Library/Developer/Xcode/DerivedData/FinancialCalculatorKit-ackorybalcxbfocbkqsfdzcfkgmn/Build/Intermediates.noindex/SwiftExplicitPrecompiledModules -suppress-warnings -profile-generate -profile-coverage-mapping -swift-version 5 -enforce-exclusivity\=checked -Onone -D SWIFT_PACKAGE -D DEBUG -D SWIFT_MODULE_RESOURCE_BUNDLE_UNAVAILABLE -D Xcode -serialize-debugging-options -load-plugin-executable /Users/rogerlin/Library/Developer/Xcode/DerivedData/FinancialCalculatorKit-ackorybalcxbfocbkqsfdzcfkgmn/Build/Products/Debug/CasePathsMacros\#CasePathsMacros -const-gather-protocols-file /Users/rogerlin/Library/Developer/Xcode/DerivedData/FinancialCalculatorKit-ackorybalcxbfocbkqsfdzcfkgmn/Build/Intermediates.noindex/swift-parsing.build/Debug/Parsing.build/Objects-normal/arm64/Parsing_const_extract_protocols.json -enable-experimental-feature DebugDescriptionMacro -empty-abi-descriptor -validate-clang-modules-once -clang-build-session-file /Users/rogerlin/Library/Developer/Xcode/DerivedData/ModuleCache.noindex/Session.modulevalidation -Xcc -working-directory -Xcc /Users/rogerlin/XCode-Projects/FinancialCalculatorKit-5.0-updated-accent-colors/FinancialCalculatorKit.xcodeproj -enable-anonymous-context-mangled-names -file-compilation-dir /Users/rogerlin/XCode-Projects/FinancialCalculatorKit-5.0-updated-accent-colors/FinancialCalculatorKit.xcodeproj -Xcc -D_LIBCPP_HARDENING_MODE\=_LIBCPP_HARDENING_MODE_DEBUG -Xcc -ivfsstatcache -Xcc /Users/rogerlin/Library/Developer/Xcode/DerivedData/SDKStatCaches.noindex/macosx26.1-25B74-3ae1261907bdadc328169391a47051a6.sdkstatcache -Xcc -I/Users/rogerlin/Library/Developer/Xcode/DerivedData/FinancialCalculatorKit-ackorybalcxbfocbkqsfdzcfkgmn/Build/Intermediates.noindex/swift-parsing.build/Debug/Parsing.build/swift-overrides.hmap -Xcc -I/Users/rogerlin/Library/Developer/Xcode/DerivedData/FinancialCalculatorKit-ackorybalcxbfocbkqsfdzcfkgmn/Build/Products/Debug/include -Xcc -I/Users/rogerlin/Library/Developer/Xcode/DerivedData/FinancialCalculatorKit-ackorybalcxbfocbkqsfdzcfkgmn/Build/Intermediates.noindex/swift-parsing.build/Debug/Parsing.build/DerivedSources-normal/arm64 -Xcc -I/Users/rogerlin/Library/Developer/Xcode/DerivedData/FinancialCalculatorKit-ackorybalcxbfocbkqsfdzcfkgmn/Build/Intermediates.noindex/swift-parsing.build/Debug/Parsing.build/DerivedSources/arm64 -Xcc -I/Users/rogerlin/Library/Developer/Xcode/DerivedData/FinancialCalculatorKit-ackorybalcxbfocbkqsfdzcfkgmn/Build/Intermediates.noindex/swift-parsing.build/Debug/Parsing.build/DerivedSources -Xcc -DSWIFT_PACKAGE -Xcc -DDEBUG\=1 -no-auto-bridging-header-chaining -module-name Parsing -package-name swift_parsing -frontend-parseable-output -disable-clang-spi -target-sdk-version 26.1 -target-sdk-name macosx26.1 -clang-target arm64-apple-macos26.1 -in-process-plugin-server-path /Applications/Xcode.app/Contents/Developer/Toolchains/XcodeDefault.xctoolchain/usr/lib/swift/host/libSwiftInProcPluginServer.dylib -o /Users/rogerlin/Library/Developer/Xcode/DerivedData/FinancialCalculatorKit-ackorybalcxbfocbkqsfdzcfkgmn/Build/Intermediates.noindex/swift-parsing.build/Debug/Parsing.build/Objects-normal/arm64/ConversionMap.o -o /Users/rogerlin/Library/Developer/Xcode/DerivedData/FinancialCalculatorKit-ackorybalcxbfocbkqsfdzcfkgmn/Build/Intermediates.noindex/swift-parsing.build/Debug/Parsing.build/Objects-normal/arm64/Conversions.o -o /Users/rogerlin/Library/Developer/Xcode/DerivedData/FinancialCalculatorKit-ackorybalcxbfocbkqsfdzcfkgmn/Build/Intermediates.noindex/swift-parsing.build/Debug/Parsing.build/Objects-normal/arm64/Data.o -o /Users/rogerlin/Library/Developer/Xcode/DerivedData/FinancialCalculatorKit-ackorybalcxbfocbkqsfdzcfkgmn/Build/Intermediates.noindex/swift-parsing.build/Debug/Parsing.build/Objects-normal/arm64/Enum.o -o /Users/rogerlin/Library/Developer/Xcode/DerivedData/FinancialCalculatorKit-ackorybalcxbfocbkqsfdzcfkgmn/Build/Intermediates.noindex/swift-parsing.build/Debug/Parsing.build/Objects-normal/arm64/FixedWidthInteger.o -index-unit-output-path /swift-parsing.build/Debug/Parsing.build/Objects-normal/arm64/ConversionMap.o -index-unit-output-path /swift-parsing.build/Debug/Parsing.build/Objects-normal/arm64/Conversions.o -index-unit-output-path /swift-parsing.build/Debug/Parsing.build/Objects-normal/arm64/Data.o -index-unit-output-path /swift-parsing.build/Debug/Parsing.build/Objects-normal/arm64/Enum.o -index-unit-output-path /swift-parsing.build/Debug/Parsing.build/Objects-normal/arm64/FixedWidthInteger.o -index-store-path /Users/rogerlin/Library/Developer/Xcode/DerivedData/FinancialCalculatorKit-ackorybalcxbfocbkqsfdzcfkgmn/Index.noindex/DataStore -index-system-modules

SwiftCompile normal arm64 /Users/rogerlin/Library/Developer/Xcode/DerivedData/FinancialCalculatorKit-ackorybalcxbfocbkqsfdzcfkgmn/SourcePackages/checkouts/swift-parsing/Sources/Parsing/Conversions/ConversionMap.swift (in target 'Parsing' from project 'swift-parsing')
    cd /Users/rogerlin/XCode-Projects/FinancialCalculatorKit-5.0-updated-accent-colors/FinancialCalculatorKit.xcodeproj
    

SwiftCompile normal arm64 /Users/rogerlin/Library/Developer/Xcode/DerivedData/FinancialCalculatorKit-ackorybalcxbfocbkqsfdzcfkgmn/SourcePackages/checkouts/swift-parsing/Sources/Parsing/Conversions/Conversions.swift (in target 'Parsing' from project 'swift-parsing')
    cd /Users/rogerlin/XCode-Projects/FinancialCalculatorKit-5.0-updated-accent-colors/FinancialCalculatorKit.xcodeproj
    

SwiftCompile normal arm64 /Users/rogerlin/Library/Developer/Xcode/DerivedData/FinancialCalculatorKit-ackorybalcxbfocbkqsfdzcfkgmn/SourcePackages/checkouts/swift-parsing/Sources/Parsing/Conversions/Data.swift (in target 'Parsing' from project 'swift-parsing')
    cd /Users/rogerlin/XCode-Projects/FinancialCalculatorKit-5.0-updated-accent-colors/FinancialCalculatorKit.xcodeproj
    

SwiftCompile normal arm64 /Users/rogerlin/Library/Developer/Xcode/DerivedData/FinancialCalculatorKit-ackorybalcxbfocbkqsfdzcfkgmn/SourcePackages/checkouts/swift-parsing/Sources/Parsing/Conversions/Enum.swift (in target 'Parsing' from project 'swift-parsing')
    cd /Users/rogerlin/XCode-Projects/FinancialCalculatorKit-5.0-updated-accent-colors/FinancialCalculatorKit.xcodeproj
    

SwiftCompile normal arm64 /Users/rogerlin/Library/Developer/Xcode/DerivedData/FinancialCalculatorKit-ackorybalcxbfocbkqsfdzcfkgmn/SourcePackages/checkouts/swift-parsing/Sources/Parsing/Conversions/FixedWidthInteger.swift (in target 'Parsing' from project 'swift-parsing')
    cd /Users/rogerlin/XCode-Projects/FinancialCalculatorKit-5.0-updated-accent-colors/FinancialCalculatorKit.xcodeproj
    

SwiftCompile normal arm64 Compiling\ CaseIterableRawRepresentable.swift,\ CharacterSet.swift,\ Conditional.swift,\ Consumed.swift,\ Digits.swift /Users/rogerlin/Library/Developer/Xcode/DerivedData/FinancialCalculatorKit-ackorybalcxbfocbkqsfdzcfkgmn/SourcePackages/checkouts/swift-parsing/Sources/Parsing/ParserPrinters/CaseIterableRawRepresentable.swift /Users/rogerlin/Library/Developer/Xcode/DerivedData/FinancialCalculatorKit-ackorybalcxbfocbkqsfdzcfkgmn/SourcePackages/checkouts/swift-parsing/Sources/Parsing/ParserPrinters/CharacterSet.swift /Users/rogerlin/Library/Developer/Xcode/DerivedData/FinancialCalculatorKit-ackorybalcxbfocbkqsfdzcfkgmn/SourcePackages/checkouts/swift-parsing/Sources/Parsing/ParserPrinters/Conditional.swift /Users/rogerlin/Library/Developer/Xcode/DerivedData/FinancialCalculatorKit-ackorybalcxbfocbkqsfdzcfkgmn/SourcePackages/checkouts/swift-parsing/Sources/Parsing/ParserPrinters/Consumed.swift /Users/rogerlin/Library/Developer/Xcode/DerivedData/FinancialCalculatorKit-ackorybalcxbfocbkqsfdzcfkgmn/SourcePackages/checkouts/swift-parsing/Sources/Parsing/ParserPrinters/Digits.swift (in target 'Parsing' from project 'swift-parsing')
SwiftCompile normal arm64 /Users/rogerlin/Library/Developer/Xcode/DerivedData/FinancialCalculatorKit-ackorybalcxbfocbkqsfdzcfkgmn/SourcePackages/checkouts/swift-parsing/Sources/Parsing/ParserPrinters/CaseIterableRawRepresentable.swift (in target 'Parsing' from project 'swift-parsing')
    cd /Users/rogerlin/XCode-Projects/FinancialCalculatorKit-5.0-updated-accent-colors/FinancialCalculatorKit.xcodeproj
    

SwiftCompile normal arm64 /Users/rogerlin/Library/Developer/Xcode/DerivedData/FinancialCalculatorKit-ackorybalcxbfocbkqsfdzcfkgmn/SourcePackages/checkouts/swift-parsing/Sources/Parsing/ParserPrinters/CharacterSet.swift (in target 'Parsing' from project 'swift-parsing')
    cd /Users/rogerlin/XCode-Projects/FinancialCalculatorKit-5.0-updated-accent-colors/FinancialCalculatorKit.xcodeproj
    

SwiftCompile normal arm64 /Users/rogerlin/Library/Developer/Xcode/DerivedData/FinancialCalculatorKit-ackorybalcxbfocbkqsfdzcfkgmn/SourcePackages/checkouts/swift-parsing/Sources/Parsing/ParserPrinters/Conditional.swift (in target 'Parsing' from project 'swift-parsing')
    cd /Users/rogerlin/XCode-Projects/FinancialCalculatorKit-5.0-updated-accent-colors/FinancialCalculatorKit.xcodeproj
    

SwiftCompile normal arm64 /Users/rogerlin/Library/Developer/Xcode/DerivedData/FinancialCalculatorKit-ackorybalcxbfocbkqsfdzcfkgmn/SourcePackages/checkouts/swift-parsing/Sources/Parsing/ParserPrinters/Consumed.swift (in target 'Parsing' from project 'swift-parsing')
    cd /Users/rogerlin/XCode-Projects/FinancialCalculatorKit-5.0-updated-accent-colors/FinancialCalculatorKit.xcodeproj
    

SwiftCompile normal arm64 /Users/rogerlin/Library/Developer/Xcode/DerivedData/FinancialCalculatorKit-ackorybalcxbfocbkqsfdzcfkgmn/SourcePackages/checkouts/swift-parsing/Sources/Parsing/ParserPrinters/Digits.swift (in target 'Parsing' from project 'swift-parsing')
    cd /Users/rogerlin/XCode-Projects/FinancialCalculatorKit-5.0-updated-accent-colors/FinancialCalculatorKit.xcodeproj
    

/Applications/Xcode.app/Contents/Developer/Toolchains/XcodeDefault.xctoolchain/usr/bin/swift-frontend -frontend -c /Users/rogerlin/Library/Developer/Xcode/DerivedData/FinancialCalculatorKit-ackorybalcxbfocbkqsfdzcfkgmn/SourcePackages/checkouts/swift-parsing/Sources/Parsing/Builders/OneOfBuilder.swift /Users/rogerlin/Library/Developer/Xcode/DerivedData/FinancialCalculatorKit-ackorybalcxbfocbkqsfdzcfkgmn/SourcePackages/checkouts/swift-parsing/Sources/Parsing/Builders/ParserBuilder.swift /Users/rogerlin/Library/Developer/Xcode/DerivedData/FinancialCalculatorKit-ackorybalcxbfocbkqsfdzcfkgmn/SourcePackages/checkouts/swift-parsing/Sources/Parsing/Conversion.swift /Users/rogerlin/Library/Developer/Xcode/DerivedData/FinancialCalculatorKit-ackorybalcxbfocbkqsfdzcfkgmn/SourcePackages/checkouts/swift-parsing/Sources/Parsing/Conversions/AnyConversion.swift /Users/rogerlin/Library/Developer/Xcode/DerivedData/FinancialCalculatorKit-ackorybalcxbfocbkqsfdzcfkgmn/SourcePackages/checkouts/swift-parsing/Sources/Parsing/Conversions/BinaryFloatingPoint.swift /Users/rogerlin/Library/Developer/Xcode/DerivedData/FinancialCalculatorKit-ackorybalcxbfocbkqsfdzcfkgmn/SourcePackages/checkouts/swift-parsing/Sources/Parsing/Conversions/ConversionMap.swift /Users/rogerlin/Library/Developer/Xcode/DerivedData/FinancialCalculatorKit-ackorybalcxbfocbkqsfdzcfkgmn/SourcePackages/checkouts/swift-parsing/Sources/Parsing/Conversions/Conversions.swift /Users/rogerlin/Library/Developer/Xcode/DerivedData/FinancialCalculatorKit-ackorybalcxbfocbkqsfdzcfkgmn/SourcePackages/checkouts/swift-parsing/Sources/Parsing/Conversions/Data.swift /Users/rogerlin/Library/Developer/Xcode/DerivedData/FinancialCalculatorKit-ackorybalcxbfocbkqsfdzcfkgmn/SourcePackages/checkouts/swift-parsing/Sources/Parsing/Conversions/Enum.swift /Users/rogerlin/Library/Developer/Xcode/DerivedData/FinancialCalculatorKit-ackorybalcxbfocbkqsfdzcfkgmn/SourcePackages/checkouts/swift-parsing/Sources/Parsing/Conversions/FixedWidthInteger.swift /Users/rogerlin/Library/Developer/Xcode/DerivedData/FinancialCalculatorKit-ackorybalcxbfocbkqsfdzcfkgmn/SourcePackages/checkouts/swift-parsing/Sources/Parsing/Conversions/Identity.swift /Users/rogerlin/Library/Developer/Xcode/DerivedData/FinancialCalculatorKit-ackorybalcxbfocbkqsfdzcfkgmn/SourcePackages/checkouts/swift-parsing/Sources/Parsing/Conversions/JSON.swift /Users/rogerlin/Library/Developer/Xcode/DerivedData/FinancialCalculatorKit-ackorybalcxbfocbkqsfdzcfkgmn/SourcePackages/checkouts/swift-parsing/Sources/Parsing/Conversions/LosslessStringConvertible.swift /Users/rogerlin/Library/Developer/Xcode/DerivedData/FinancialCalculatorKit-ackorybalcxbfocbkqsfdzcfkgmn/SourcePackages/checkouts/swift-parsing/Sources/Parsing/Conversions/Memberwise.swift /Users/rogerlin/Library/Developer/Xcode/DerivedData/FinancialCalculatorKit-ackorybalcxbfocbkqsfdzcfkgmn/SourcePackages/checkouts/swift-parsing/Sources/Parsing/Conversions/ParseableFormatStyleConversion.swift /Users/rogerlin/Library/Developer/Xcode/DerivedData/FinancialCalculatorKit-ackorybalcxbfocbkqsfdzcfkgmn/SourcePackages/checkouts/swift-parsing/Sources/Parsing/Conversions/RawRepresentable.swift /Users/rogerlin/Library/Developer/Xcode/DerivedData/FinancialCalculatorKit-ackorybalcxbfocbkqsfdzcfkgmn/SourcePackages/checkouts/swift-parsing/Sources/Parsing/Conversions/String.swift /Users/rogerlin/Library/Developer/Xcode/DerivedData/FinancialCalculatorKit-ackorybalcxbfocbkqsfdzcfkgmn/SourcePackages/checkouts/swift-parsing/Sources/Parsing/Conversions/Substring.swift /Users/rogerlin/Library/Developer/Xcode/DerivedData/FinancialCalculatorKit-ackorybalcxbfocbkqsfdzcfkgmn/SourcePackages/checkouts/swift-parsing/Sources/Parsing/Conversions/UTF8View.swift /Users/rogerlin/Library/Developer/Xcode/DerivedData/FinancialCalculatorKit-ackorybalcxbfocbkqsfdzcfkgmn/SourcePackages/checkouts/swift-parsing/Sources/Parsing/ConvertingError.swift /Users/rogerlin/Library/Developer/Xcode/DerivedData/FinancialCalculatorKit-ackorybalcxbfocbkqsfdzcfkgmn/SourcePackages/checkouts/swift-parsing/Sources/Parsing/CountingRange.swift /Users/rogerlin/Library/Developer/Xcode/DerivedData/FinancialCalculatorKit-ackorybalcxbfocbkqsfdzcfkgmn/SourcePackages/checkouts/swift-parsing/Sources/Parsing/EmptyInitializable.swift /Users/rogerlin/Library/Developer/Xcode/DerivedData/FinancialCalculatorKit-ackorybalcxbfocbkqsfdzcfkgmn/SourcePackages/checkouts/swift-parsing/Sources/Parsing/Internal/AnyEquatable.swift /Users/rogerlin/Library/Developer/Xcode/DerivedData/FinancialCalculatorKit-ackorybalcxbfocbkqsfdzcfkgmn/SourcePackages/checkouts/swift-parsing/Sources/Parsing/Internal/Deprecations.swift /Users/rogerlin/Library/Developer/Xcode/DerivedData/FinancialCalculatorKit-ackorybalcxbfocbkqsfdzcfkgmn/SourcePackages/checkouts/swift-parsing/Sources/Parsing/Parser.swift /Users/rogerlin/Library/Developer/Xcode/DerivedData/FinancialCalculatorKit-ackorybalcxbfocbkqsfdzcfkgmn/SourcePackages/checkouts/swift-parsing/Sources/Parsing/ParserPrinter.swift /Users/rogerlin/Library/Developer/Xcode/DerivedData/FinancialCalculatorKit-ackorybalcxbfocbkqsfdzcfkgmn/SourcePackages/checkouts/swift-parsing/Sources/Parsing/ParserPrinters/Always.swift /Users/rogerlin/Library/Developer/Xcode/DerivedData/FinancialCalculatorKit-ackorybalcxbfocbkqsfdzcfkgmn/SourcePackages/checkouts/swift-parsing/Sources/Parsing/ParserPrinters/AnyParserPrinter.swift /Users/rogerlin/Library/Developer/Xcode/DerivedData/FinancialCalculatorKit-ackorybalcxbfocbkqsfdzcfkgmn/SourcePackages/checkouts/swift-parsing/Sources/Parsing/ParserPrinters/Backtracking.swift /Users/rogerlin/Library/Developer/Xcode/DerivedData/FinancialCalculatorKit-ackorybalcxbfocbkqsfdzcfkgmn/SourcePackages/checkouts/swift-parsing/Sources/Parsing/ParserPrinters/Bool.swift -primary-file /Users/rogerlin/Library/Developer/Xcode/DerivedData/FinancialCalculatorKit-ackorybalcxbfocbkqsfdzcfkgmn/SourcePackages/checkouts/swift-parsing/Sources/Parsing/ParserPrinters/CaseIterableRawRepresentable.swift -primary-file /Users/rogerlin/Library/Developer/Xcode/DerivedData/FinancialCalculatorKit-ackorybalcxbfocbkqsfdzcfkgmn/SourcePackages/checkouts/swift-parsing/Sources/Parsing/ParserPrinters/CharacterSet.swift -primary-file /Users/rogerlin/Library/Developer/Xcode/DerivedData/FinancialCalculatorKit-ackorybalcxbfocbkqsfdzcfkgmn/SourcePackages/checkouts/swift-parsing/Sources/Parsing/ParserPrinters/Conditional.swift -primary-file /Users/rogerlin/Library/Developer/Xcode/DerivedData/FinancialCalculatorKit-ackorybalcxbfocbkqsfdzcfkgmn/SourcePackages/checkouts/swift-parsing/Sources/Parsing/ParserPrinters/Consumed.swift -primary-file /Users/rogerlin/Library/Developer/Xcode/DerivedData/FinancialCalculatorKit-ackorybalcxbfocbkqsfdzcfkgmn/SourcePackages/checkouts/swift-parsing/Sources/Parsing/ParserPrinters/Digits.swift /Users/rogerlin/Library/Developer/Xcode/DerivedData/FinancialCalculatorKit-ackorybalcxbfocbkqsfdzcfkgmn/SourcePackages/checkouts/swift-parsing/Sources/Parsing/ParserPrinters/End.swift /Users/rogerlin/Library/Developer/Xcode/DerivedData/FinancialCalculatorKit-ackorybalcxbfocbkqsfdzcfkgmn/SourcePackages/checkouts/swift-parsing/Sources/Parsing/ParserPrinters/Fail.swift /Users/rogerlin/Library/Developer/Xcode/DerivedData/FinancialCalculatorKit-ackorybalcxbfocbkqsfdzcfkgmn/SourcePackages/checkouts/swift-parsing/Sources/Parsing/ParserPrinters/Filter.swift /Users/rogerlin/Library/Developer/Xcode/DerivedData/FinancialCalculatorKit-ackorybalcxbfocbkqsfdzcfkgmn/SourcePackages/checkouts/swift-parsing/Sources/Parsing/ParserPrinters/First.swift /Users/rogerlin/Library/Developer/Xcode/DerivedData/FinancialCalculatorKit-ackorybalcxbfocbkqsfdzcfkgmn/SourcePackages/checkouts/swift-parsing/Sources/Parsing/ParserPrinters/Float.swift /Users/rogerlin/Library/Developer/Xcode/DerivedData/FinancialCalculatorKit-ackorybalcxbfocbkqsfdzcfkgmn/SourcePackages/checkouts/swift-parsing/Sources/Parsing/ParserPrinters/From.swift /Users/rogerlin/Library/Developer/Xcode/DerivedData/FinancialCalculatorKit-ackorybalcxbfocbkqsfdzcfkgmn/SourcePackages/checkouts/swift-parsing/Sources/Parsing/ParserPrinters/Int.swift /Users/rogerlin/Library/Developer/Xcode/DerivedData/FinancialCalculatorKit-ackorybalcxbfocbkqsfdzcfkgmn/SourcePackages/checkouts/swift-parsing/Sources/Parsing/ParserPrinters/Lazy.swift /Users/rogerlin/Library/Developer/Xcode/DerivedData/FinancialCalculatorKit-ackorybalcxbfocbkqsfdzcfkgmn/SourcePackages/checkouts/swift-parsing/Sources/Parsing/ParserPrinters/Literal.swift /Users/rogerlin/Library/Developer/Xcode/DerivedData/FinancialCalculatorKit-ackorybalcxbfocbkqsfdzcfkgmn/SourcePackages/checkouts/swift-parsing/Sources/Parsing/ParserPrinters/Many.swift /Users/rogerlin/Library/Developer/Xcode/DerivedData/FinancialCalculatorKit-ackorybalcxbfocbkqsfdzcfkgmn/SourcePackages/checkouts/swift-parsing/Sources/Parsing/ParserPrinters/Map.swift /Users/rogerlin/Library/Developer/Xcode/DerivedData/FinancialCalculatorKit-ackorybalcxbfocbkqsfdzcfkgmn/SourcePackages/checkouts/swift-parsing/Sources/Parsing/ParserPrinters/Newline.swift /Users/rogerlin/Library/Developer/Xcode/DerivedData/FinancialCalculatorKit-ackorybalcxbfocbkqsfdzcfkgmn/SourcePackages/checkouts/swift-parsing/Sources/Parsing/ParserPrinters/Not.swift /Users/rogerlin/Library/Developer/Xcode/DerivedData/FinancialCalculatorKit-ackorybalcxbfocbkqsfdzcfkgmn/SourcePackages/checkouts/swift-parsing/Sources/Parsing/ParserPrinters/OneOf.swift /Users/rogerlin/Library/Developer/Xcode/DerivedData/FinancialCalculatorKit-ackorybalcxbfocbkqsfdzcfkgmn/SourcePackages/checkouts/swift-parsing/Sources/Parsing/ParserPrinters/OneOfMany.swift /Users/rogerlin/Library/Developer/Xcode/DerivedData/FinancialCalculatorKit-ackorybalcxbfocbkqsfdzcfkgmn/SourcePackages/checkouts/swift-parsing/Sources/Parsing/ParserPrinters/Optional.swift /Users/rogerlin/Library/Developer/Xcode/DerivedData/FinancialCalculatorKit-ackorybalcxbfocbkqsfdzcfkgmn/SourcePackages/checkouts/swift-parsing/Sources/Parsing/ParserPrinters/Optionally.swift /Users/rogerlin/Library/Developer/Xcode/DerivedData/FinancialCalculatorKit-ackorybalcxbfocbkqsfdzcfkgmn/SourcePackages/checkouts/swift-parsing/Sources/Parsing/ParserPrinters/Parse.swift /Users/rogerlin/Library/Developer/Xcode/DerivedData/FinancialCalculatorKit-ackorybalcxbfocbkqsfdzcfkgmn/SourcePackages/checkouts/swift-parsing/Sources/Parsing/ParserPrinters/ParseableFormatStyle.swift /Users/rogerlin/Library/Developer/Xcode/DerivedData/FinancialCalculatorKit-ackorybalcxbfocbkqsfdzcfkgmn/SourcePackages/checkouts/swift-parsing/Sources/Parsing/ParserPrinters/Peek.swift /Users/rogerlin/Library/Developer/Xcode/DerivedData/FinancialCalculatorKit-ackorybalcxbfocbkqsfdzcfkgmn/SourcePackages/checkouts/swift-parsing/Sources/Parsing/ParserPrinters/Pipe.swift /Users/rogerlin/Library/Developer/Xcode/DerivedData/FinancialCalculatorKit-ackorybalcxbfocbkqsfdzcfkgmn/SourcePackages/checkouts/swift-parsing/Sources/Parsing/ParserPrinters/Prefix.swift /Users/rogerlin/Library/Developer/Xcode/DerivedData/FinancialCalculatorKit-ackorybalcxbfocbkqsfdzcfkgmn/SourcePackages/checkouts/swift-parsing/Sources/Parsing/ParserPrinters/PrefixThrough.swift /Users/rogerlin/Library/Developer/Xcode/DerivedData/FinancialCalculatorKit-ackorybalcxbfocbkqsfdzcfkgmn/SourcePackages/checkouts/swift-parsing/Sources/Parsing/ParserPrinters/PrefixUpTo.swift /Users/rogerlin/Library/Developer/Xcode/DerivedData/FinancialCalculatorKit-ackorybalcxbfocbkqsfdzcfkgmn/SourcePackages/checkouts/swift-parsing/Sources/Parsing/ParserPrinters/Printing.swift /Users/rogerlin/Library/Developer/Xcode/DerivedData/FinancialCalculatorKit-ackorybalcxbfocbkqsfdzcfkgmn/SourcePackages/checkouts/swift-parsing/Sources/Parsing/ParserPrinters/Pullback.swift /Users/rogerlin/Library/Developer/Xcode/DerivedData/FinancialCalculatorKit-ackorybalcxbfocbkqsfdzcfkgmn/SourcePackages/checkouts/swift-parsing/Sources/Parsing/ParserPrinters/ReplaceError.swift /Users/rogerlin/Library/Developer/Xcode/DerivedData/FinancialCalculatorKit-ackorybalcxbfocbkqsfdzcfkgmn/SourcePackages/checkouts/swift-parsing/Sources/Parsing/ParserPrinters/Rest.swift /Users/rogerlin/Library/Developer/Xcode/DerivedData/FinancialCalculatorKit-ackorybalcxbfocbkqsfdzcfkgmn/SourcePackages/checkouts/swift-parsing/Sources/Parsing/ParserPrinters/Skip.swift /Users/rogerlin/Library/Developer/Xcode/DerivedData/FinancialCalculatorKit-ackorybalcxbfocbkqsfdzcfkgmn/SourcePackages/checkouts/swift-parsing/Sources/Parsing/ParserPrinters/StartsWith.swift /Users/rogerlin/Library/Developer/Xcode/DerivedData/FinancialCalculatorKit-ackorybalcxbfocbkqsfdzcfkgmn/SourcePackages/checkouts/swift-parsing/Sources/Parsing/ParserPrinters/UUID.swift /Users/rogerlin/Library/Developer/Xcode/DerivedData/FinancialCalculatorKit-ackorybalcxbfocbkqsfdzcfkgmn/SourcePackages/checkouts/swift-parsing/Sources/Parsing/ParserPrinters/Whitespace.swift /Users/rogerlin/Library/Developer/Xcode/DerivedData/FinancialCalculatorKit-ackorybalcxbfocbkqsfdzcfkgmn/SourcePackages/checkouts/swift-parsing/Sources/Parsing/Parsers/AnyParser.swift /Users/rogerlin/Library/Developer/Xcode/DerivedData/FinancialCalculatorKit-ackorybalcxbfocbkqsfdzcfkgmn/SourcePackages/checkouts/swift-parsing/Sources/Parsing/Parsers/CompactMap.swift /Users/rogerlin/Library/Developer/Xcode/DerivedData/FinancialCalculatorKit-ackorybalcxbfocbkqsfdzcfkgmn/SourcePackages/checkouts/swift-parsing/Sources/Parsing/Parsers/FlatMap.swift /Users/rogerlin/Library/Developer/Xcode/DerivedData/FinancialCalculatorKit-ackorybalcxbfocbkqsfdzcfkgmn/SourcePackages/checkouts/swift-parsing/Sources/Parsing/Parsers/Parsers.swift /Users/rogerlin/Library/Developer/Xcode/DerivedData/FinancialCalculatorKit-ackorybalcxbfocbkqsfdzcfkgmn/SourcePackages/checkouts/swift-parsing/Sources/Parsing/Parsers/Stream.swift /Users/rogerlin/Library/Developer/Xcode/DerivedData/FinancialCalculatorKit-ackorybalcxbfocbkqsfdzcfkgmn/SourcePackages/checkouts/swift-parsing/Sources/Parsing/ParsingError.swift /Users/rogerlin/Library/Developer/Xcode/DerivedData/FinancialCalculatorKit-ackorybalcxbfocbkqsfdzcfkgmn/SourcePackages/checkouts/swift-parsing/Sources/Parsing/PrependableCollection.swift /Users/rogerlin/Library/Developer/Xcode/DerivedData/FinancialCalculatorKit-ackorybalcxbfocbkqsfdzcfkgmn/SourcePackages/checkouts/swift-parsing/Sources/Parsing/PrintingError.swift -supplementary-output-file-map /Users/rogerlin/Library/Developer/Xcode/DerivedData/FinancialCalculatorKit-ackorybalcxbfocbkqsfdzcfkgmn/Build/Intermediates.noindex/swift-parsing.build/Debug/Parsing.build/Objects-normal/arm64/supplementaryOutputs-41 -target arm64-apple-macos10.15 -load-resolved-plugin \#/Users/rogerlin/Library/Developer/Xcode/DerivedData/FinancialCalculatorKit-ackorybalcxbfocbkqsfdzcfkgmn/Build/Products/Debug/CasePathsMacros\#CasePathsMacros -load-resolved-plugin /Applications/Xcode.app/Contents/Developer/Platforms/MacOSX.platform/Developer/usr/lib/swift/host/plugins/libFoundationMacros.dylib\#/Applications/Xcode.app/Contents/Developer/Platforms/MacOSX.platform/Developer/usr/bin/swift-plugin-server\#FoundationMacros -load-resolved-plugin /Applications/Xcode.app/Contents/Developer/Platforms/MacOSX.platform/Developer/usr/lib/swift/host/plugins/libObservationMacros.dylib\#/Applications/Xcode.app/Contents/Developer/Platforms/MacOSX.platform/Developer/usr/bin/swift-plugin-server\#ObservationMacros -load-resolved-plugin /Applications/Xcode.app/Contents/Developer/Platforms/MacOSX.platform/Developer/usr/lib/swift/host/plugins/libSwiftMacros.dylib\#/Applications/Xcode.app/Contents/Developer/Platforms/MacOSX.platform/Developer/usr/bin/swift-plugin-server\#SwiftMacros -disable-implicit-swift-modules -Xcc -fno-implicit-modules -Xcc -fno-implicit-module-maps -explicit-swift-module-map-file /Users/rogerlin/Library/Developer/Xcode/DerivedData/FinancialCalculatorKit-ackorybalcxbfocbkqsfdzcfkgmn/Build/Intermediates.noindex/swift-parsing.build/Debug/Parsing.build/Objects-normal/arm64/Parsing-dependencies-1.json -Xllvm -aarch64-use-tbi -enable-objc-interop -stack-check -sdk /Applications/Xcode.app/Contents/Developer/Platforms/MacOSX.platform/Developer/SDKs/MacOSX26.1.sdk -I /Users/rogerlin/Library/Developer/Xcode/DerivedData/FinancialCalculatorKit-ackorybalcxbfocbkqsfdzcfkgmn/Build/Products/Debug -Isystem /Applications/Xcode.app/Contents/Developer/Platforms/MacOSX.platform/Developer/usr/lib -F /Users/rogerlin/Library/Developer/Xcode/DerivedData/FinancialCalculatorKit-ackorybalcxbfocbkqsfdzcfkgmn/Build/Products/Debug/PackageFrameworks -F /Users/rogerlin/Library/Developer/Xcode/DerivedData/FinancialCalculatorKit-ackorybalcxbfocbkqsfdzcfkgmn/Build/Products/Debug/PackageFrameworks -F /Users/rogerlin/Library/Developer/Xcode/DerivedData/FinancialCalculatorKit-ackorybalcxbfocbkqsfdzcfkgmn/Build/Products/Debug/PackageFrameworks -F /Users/rogerlin/Library/Developer/Xcode/DerivedData/FinancialCalculatorKit-ackorybalcxbfocbkqsfdzcfkgmn/Build/Products/Debug/PackageFrameworks -F /Users/rogerlin/Library/Developer/Xcode/DerivedData/FinancialCalculatorKit-ackorybalcxbfocbkqsfdzcfkgmn/Build/Products/Debug -F /Applications/Xcode.app/Contents/Developer/Platforms/MacOSX.platform/Developer/Library/Frameworks -no-color-diagnostics -Xcc -fno-color-diagnostics -enable-testing -g -debug-info-format\=dwarf -dwarf-version\=4 -module-cache-path /Users/rogerlin/Library/Developer/Xcode/DerivedData/FinancialCalculatorKit-ackorybalcxbfocbkqsfdzcfkgmn/Build/Intermediates.noindex/SwiftExplicitPrecompiledModules -suppress-warnings -profile-generate -profile-coverage-mapping -swift-version 5 -enforce-exclusivity\=checked -Onone -D SWIFT_PACKAGE -D DEBUG -D SWIFT_MODULE_RESOURCE_BUNDLE_UNAVAILABLE -D Xcode -serialize-debugging-options -load-plugin-executable /Users/rogerlin/Library/Developer/Xcode/DerivedData/FinancialCalculatorKit-ackorybalcxbfocbkqsfdzcfkgmn/Build/Products/Debug/CasePathsMacros\#CasePathsMacros -const-gather-protocols-file /Users/rogerlin/Library/Developer/Xcode/DerivedData/FinancialCalculatorKit-ackorybalcxbfocbkqsfdzcfkgmn/Build/Intermediates.noindex/swift-parsing.build/Debug/Parsing.build/Objects-normal/arm64/Parsing_const_extract_protocols.json -enable-experimental-feature DebugDescriptionMacro -empty-abi-descriptor -validate-clang-modules-once -clang-build-session-file /Users/rogerlin/Library/Developer/Xcode/DerivedData/ModuleCache.noindex/Session.modulevalidation -Xcc -working-directory -Xcc /Users/rogerlin/XCode-Projects/FinancialCalculatorKit-5.0-updated-accent-colors/FinancialCalculatorKit.xcodeproj -enable-anonymous-context-mangled-names -file-compilation-dir /Users/rogerlin/XCode-Projects/FinancialCalculatorKit-5.0-updated-accent-colors/FinancialCalculatorKit.xcodeproj -Xcc -D_LIBCPP_HARDENING_MODE\=_LIBCPP_HARDENING_MODE_DEBUG -Xcc -ivfsstatcache -Xcc /Users/rogerlin/Library/Developer/Xcode/DerivedData/SDKStatCaches.noindex/macosx26.1-25B74-3ae1261907bdadc328169391a47051a6.sdkstatcache -Xcc -I/Users/rogerlin/Library/Developer/Xcode/DerivedData/FinancialCalculatorKit-ackorybalcxbfocbkqsfdzcfkgmn/Build/Intermediates.noindex/swift-parsing.build/Debug/Parsing.build/swift-overrides.hmap -Xcc -I/Users/rogerlin/Library/Developer/Xcode/DerivedData/FinancialCalculatorKit-ackorybalcxbfocbkqsfdzcfkgmn/Build/Products/Debug/include -Xcc -I/Users/rogerlin/Library/Developer/Xcode/DerivedData/FinancialCalculatorKit-ackorybalcxbfocbkqsfdzcfkgmn/Build/Intermediates.noindex/swift-parsing.build/Debug/Parsing.build/DerivedSources-normal/arm64 -Xcc -I/Users/rogerlin/Library/Developer/Xcode/DerivedData/FinancialCalculatorKit-ackorybalcxbfocbkqsfdzcfkgmn/Build/Intermediates.noindex/swift-parsing.build/Debug/Parsing.build/DerivedSources/arm64 -Xcc -I/Users/rogerlin/Library/Developer/Xcode/DerivedData/FinancialCalculatorKit-ackorybalcxbfocbkqsfdzcfkgmn/Build/Intermediates.noindex/swift-parsing.build/Debug/Parsing.build/DerivedSources -Xcc -DSWIFT_PACKAGE -Xcc -DDEBUG\=1 -no-auto-bridging-header-chaining -module-name Parsing -package-name swift_parsing -frontend-parseable-output -disable-clang-spi -target-sdk-version 26.1 -target-sdk-name macosx26.1 -clang-target arm64-apple-macos26.1 -in-process-plugin-server-path /Applications/Xcode.app/Contents/Developer/Toolchains/XcodeDefault.xctoolchain/usr/lib/swift/host/libSwiftInProcPluginServer.dylib -o /Users/rogerlin/Library/Developer/Xcode/DerivedData/FinancialCalculatorKit-ackorybalcxbfocbkqsfdzcfkgmn/Build/Intermediates.noindex/swift-parsing.build/Debug/Parsing.build/Objects-normal/arm64/CaseIterableRawRepresentable.o -o /Users/rogerlin/Library/Developer/Xcode/DerivedData/FinancialCalculatorKit-ackorybalcxbfocbkqsfdzcfkgmn/Build/Intermediates.noindex/swift-parsing.build/Debug/Parsing.build/Objects-normal/arm64/CharacterSet.o -o /Users/rogerlin/Library/Developer/Xcode/DerivedData/FinancialCalculatorKit-ackorybalcxbfocbkqsfdzcfkgmn/Build/Intermediates.noindex/swift-parsing.build/Debug/Parsing.build/Objects-normal/arm64/Conditional.o -o /Users/rogerlin/Library/Developer/Xcode/DerivedData/FinancialCalculatorKit-ackorybalcxbfocbkqsfdzcfkgmn/Build/Intermediates.noindex/swift-parsing.build/Debug/Parsing.build/Objects-normal/arm64/Consumed.o -o /Users/rogerlin/Library/Developer/Xcode/DerivedData/FinancialCalculatorKit-ackorybalcxbfocbkqsfdzcfkgmn/Build/Intermediates.noindex/swift-parsing.build/Debug/Parsing.build/Objects-normal/arm64/Digits.o -index-unit-output-path /swift-parsing.build/Debug/Parsing.build/Objects-normal/arm64/CaseIterableRawRepresentable.o -index-unit-output-path /swift-parsing.build/Debug/Parsing.build/Objects-normal/arm64/CharacterSet.o -index-unit-output-path /swift-parsing.build/Debug/Parsing.build/Objects-normal/arm64/Conditional.o -index-unit-output-path /swift-parsing.build/Debug/Parsing.build/Objects-normal/arm64/Consumed.o -index-unit-output-path /swift-parsing.build/Debug/Parsing.build/Objects-normal/arm64/Digits.o -index-store-path /Users/rogerlin/Library/Developer/Xcode/DerivedData/FinancialCalculatorKit-ackorybalcxbfocbkqsfdzcfkgmn/Index.noindex/DataStore -index-system-modules
SwiftCompile normal arm64 Compiling\ CountingRange.swift,\ EmptyInitializable.swift,\ AnyEquatable.swift,\ Deprecations.swift,\ Parser.swift /Users/rogerlin/Library/Developer/Xcode/DerivedData/FinancialCalculatorKit-ackorybalcxbfocbkqsfdzcfkgmn/SourcePackages/checkouts/swift-parsing/Sources/Parsing/CountingRange.swift /Users/rogerlin/Library/Developer/Xcode/DerivedData/FinancialCalculatorKit-ackorybalcxbfocbkqsfdzcfkgmn/SourcePackages/checkouts/swift-parsing/Sources/Parsing/EmptyInitializable.swift /Users/rogerlin/Library/Developer/Xcode/DerivedData/FinancialCalculatorKit-ackorybalcxbfocbkqsfdzcfkgmn/SourcePackages/checkouts/swift-parsing/Sources/Parsing/Internal/AnyEquatable.swift /Users/rogerlin/Library/Developer/Xcode/DerivedData/FinancialCalculatorKit-ackorybalcxbfocbkqsfdzcfkgmn/SourcePackages/checkouts/swift-parsing/Sources/Parsing/Internal/Deprecations.swift /Users/rogerlin/Library/Developer/Xcode/DerivedData/FinancialCalculatorKit-ackorybalcxbfocbkqsfdzcfkgmn/SourcePackages/checkouts/swift-parsing/Sources/Parsing/Parser.swift (in target 'Parsing' from project 'swift-parsing')
/Applications/Xcode.app/Contents/Developer/Toolchains/XcodeDefault.xctoolchain/usr/bin/swift-frontend -frontend -c /Users/rogerlin/Library/Developer/Xcode/DerivedData/FinancialCalculatorKit-ackorybalcxbfocbkqsfdzcfkgmn/SourcePackages/checkouts/swift-parsing/Sources/Parsing/Builders/OneOfBuilder.swift /Users/rogerlin/Library/Developer/Xcode/DerivedData/FinancialCalculatorKit-ackorybalcxbfocbkqsfdzcfkgmn/SourcePackages/checkouts/swift-parsing/Sources/Parsing/Builders/ParserBuilder.swift /Users/rogerlin/Library/Developer/Xcode/DerivedData/FinancialCalculatorKit-ackorybalcxbfocbkqsfdzcfkgmn/SourcePackages/checkouts/swift-parsing/Sources/Parsing/Conversion.swift /Users/rogerlin/Library/Developer/Xcode/DerivedData/FinancialCalculatorKit-ackorybalcxbfocbkqsfdzcfkgmn/SourcePackages/checkouts/swift-parsing/Sources/Parsing/Conversions/AnyConversion.swift /Users/rogerlin/Library/Developer/Xcode/DerivedData/FinancialCalculatorKit-ackorybalcxbfocbkqsfdzcfkgmn/SourcePackages/checkouts/swift-parsing/Sources/Parsing/Conversions/BinaryFloatingPoint.swift /Users/rogerlin/Library/Developer/Xcode/DerivedData/FinancialCalculatorKit-ackorybalcxbfocbkqsfdzcfkgmn/SourcePackages/checkouts/swift-parsing/Sources/Parsing/Conversions/ConversionMap.swift /Users/rogerlin/Library/Developer/Xcode/DerivedData/FinancialCalculatorKit-ackorybalcxbfocbkqsfdzcfkgmn/SourcePackages/checkouts/swift-parsing/Sources/Parsing/Conversions/Conversions.swift /Users/rogerlin/Library/Developer/Xcode/DerivedData/FinancialCalculatorKit-ackorybalcxbfocbkqsfdzcfkgmn/SourcePackages/checkouts/swift-parsing/Sources/Parsing/Conversions/Data.swift /Users/rogerlin/Library/Developer/Xcode/DerivedData/FinancialCalculatorKit-ackorybalcxbfocbkqsfdzcfkgmn/SourcePackages/checkouts/swift-parsing/Sources/Parsing/Conversions/Enum.swift /Users/rogerlin/Library/Developer/Xcode/DerivedData/FinancialCalculatorKit-ackorybalcxbfocbkqsfdzcfkgmn/SourcePackages/checkouts/swift-parsing/Sources/Parsing/Conversions/FixedWidthInteger.swift /Users/rogerlin/Library/Developer/Xcode/DerivedData/FinancialCalculatorKit-ackorybalcxbfocbkqsfdzcfkgmn/SourcePackages/checkouts/swift-parsing/Sources/Parsing/Conversions/Identity.swift /Users/rogerlin/Library/Developer/Xcode/DerivedData/FinancialCalculatorKit-ackorybalcxbfocbkqsfdzcfkgmn/SourcePackages/checkouts/swift-parsing/Sources/Parsing/Conversions/JSON.swift /Users/rogerlin/Library/Developer/Xcode/DerivedData/FinancialCalculatorKit-ackorybalcxbfocbkqsfdzcfkgmn/SourcePackages/checkouts/swift-parsing/Sources/Parsing/Conversions/LosslessStringConvertible.swift /Users/rogerlin/Library/Developer/Xcode/DerivedData/FinancialCalculatorKit-ackorybalcxbfocbkqsfdzcfkgmn/SourcePackages/checkouts/swift-parsing/Sources/Parsing/Conversions/Memberwise.swift /Users/rogerlin/Library/Developer/Xcode/DerivedData/FinancialCalculatorKit-ackorybalcxbfocbkqsfdzcfkgmn/SourcePackages/checkouts/swift-parsing/Sources/Parsing/Conversions/ParseableFormatStyleConversion.swift /Users/rogerlin/Library/Developer/Xcode/DerivedData/FinancialCalculatorKit-ackorybalcxbfocbkqsfdzcfkgmn/SourcePackages/checkouts/swift-parsing/Sources/Parsing/Conversions/RawRepresentable.swift /Users/rogerlin/Library/Developer/Xcode/DerivedData/FinancialCalculatorKit-ackorybalcxbfocbkqsfdzcfkgmn/SourcePackages/checkouts/swift-parsing/Sources/Parsing/Conversions/String.swift /Users/rogerlin/Library/Developer/Xcode/DerivedData/FinancialCalculatorKit-ackorybalcxbfocbkqsfdzcfkgmn/SourcePackages/checkouts/swift-parsing/Sources/Parsing/Conversions/Substring.swift /Users/rogerlin/Library/Developer/Xcode/DerivedData/FinancialCalculatorKit-ackorybalcxbfocbkqsfdzcfkgmn/SourcePackages/checkouts/swift-parsing/Sources/Parsing/Conversions/UTF8View.swift /Users/rogerlin/Library/Developer/Xcode/DerivedData/FinancialCalculatorKit-ackorybalcxbfocbkqsfdzcfkgmn/SourcePackages/checkouts/swift-parsing/Sources/Parsing/ConvertingError.swift -primary-file /Users/rogerlin/Library/Developer/Xcode/DerivedData/FinancialCalculatorKit-ackorybalcxbfocbkqsfdzcfkgmn/SourcePackages/checkouts/swift-parsing/Sources/Parsing/CountingRange.swift -primary-file /Users/rogerlin/Library/Developer/Xcode/DerivedData/FinancialCalculatorKit-ackorybalcxbfocbkqsfdzcfkgmn/SourcePackages/checkouts/swift-parsing/Sources/Parsing/EmptyInitializable.swift -primary-file /Users/rogerlin/Library/Developer/Xcode/DerivedData/FinancialCalculatorKit-ackorybalcxbfocbkqsfdzcfkgmn/SourcePackages/checkouts/swift-parsing/Sources/Parsing/Internal/AnyEquatable.swift -primary-file /Users/rogerlin/Library/Developer/Xcode/DerivedData/FinancialCalculatorKit-ackorybalcxbfocbkqsfdzcfkgmn/SourcePackages/checkouts/swift-parsing/Sources/Parsing/Internal/Deprecations.swift -primary-file /Users/rogerlin/Library/Developer/Xcode/DerivedData/FinancialCalculatorKit-ackorybalcxbfocbkqsfdzcfkgmn/SourcePackages/checkouts/swift-parsing/Sources/Parsing/Parser.swift /Users/rogerlin/Library/Developer/Xcode/DerivedData/FinancialCalculatorKit-ackorybalcxbfocbkqsfdzcfkgmn/SourcePackages/checkouts/swift-parsing/Sources/Parsing/ParserPrinter.swift /Users/rogerlin/Library/Developer/Xcode/DerivedData/FinancialCalculatorKit-ackorybalcxbfocbkqsfdzcfkgmn/SourcePackages/checkouts/swift-parsing/Sources/Parsing/ParserPrinters/Always.swift /Users/rogerlin/Library/Developer/Xcode/DerivedData/FinancialCalculatorKit-ackorybalcxbfocbkqsfdzcfkgmn/SourcePackages/checkouts/swift-parsing/Sources/Parsing/ParserPrinters/AnyParserPrinter.swift /Users/rogerlin/Library/Developer/Xcode/DerivedData/FinancialCalculatorKit-ackorybalcxbfocbkqsfdzcfkgmn/SourcePackages/checkouts/swift-parsing/Sources/Parsing/ParserPrinters/Backtracking.swift /Users/rogerlin/Library/Developer/Xcode/DerivedData/FinancialCalculatorKit-ackorybalcxbfocbkqsfdzcfkgmn/SourcePackages/checkouts/swift-parsing/Sources/Parsing/ParserPrinters/Bool.swift /Users/rogerlin/Library/Developer/Xcode/DerivedData/FinancialCalculatorKit-ackorybalcxbfocbkqsfdzcfkgmn/SourcePackages/checkouts/swift-parsing/Sources/Parsing/ParserPrinters/CaseIterableRawRepresentable.swift /Users/rogerlin/Library/Developer/Xcode/DerivedData/FinancialCalculatorKit-ackorybalcxbfocbkqsfdzcfkgmn/SourcePackages/checkouts/swift-parsing/Sources/Parsing/ParserPrinters/CharacterSet.swift /Users/rogerlin/Library/Developer/Xcode/DerivedData/FinancialCalculatorKit-ackorybalcxbfocbkqsfdzcfkgmn/SourcePackages/checkouts/swift-parsing/Sources/Parsing/ParserPrinters/Conditional.swift /Users/rogerlin/Library/Developer/Xcode/DerivedData/FinancialCalculatorKit-ackorybalcxbfocbkqsfdzcfkgmn/SourcePackages/checkouts/swift-parsing/Sources/Parsing/ParserPrinters/Consumed.swift /Users/rogerlin/Library/Developer/Xcode/DerivedData/FinancialCalculatorKit-ackorybalcxbfocbkqsfdzcfkgmn/SourcePackages/checkouts/swift-parsing/Sources/Parsing/ParserPrinters/Digits.swift /Users/rogerlin/Library/Developer/Xcode/DerivedData/FinancialCalculatorKit-ackorybalcxbfocbkqsfdzcfkgmn/SourcePackages/checkouts/swift-parsing/Sources/Parsing/ParserPrinters/End.swift /Users/rogerlin/Library/Developer/Xcode/DerivedData/FinancialCalculatorKit-ackorybalcxbfocbkqsfdzcfkgmn/SourcePackages/checkouts/swift-parsing/Sources/Parsing/ParserPrinters/Fail.swift /Users/rogerlin/Library/Developer/Xcode/DerivedData/FinancialCalculatorKit-ackorybalcxbfocbkqsfdzcfkgmn/SourcePackages/checkouts/swift-parsing/Sources/Parsing/ParserPrinters/Filter.swift /Users/rogerlin/Library/Developer/Xcode/DerivedData/FinancialCalculatorKit-ackorybalcxbfocbkqsfdzcfkgmn/SourcePackages/checkouts/swift-parsing/Sources/Parsing/ParserPrinters/First.swift /Users/rogerlin/Library/Developer/Xcode/DerivedData/FinancialCalculatorKit-ackorybalcxbfocbkqsfdzcfkgmn/SourcePackages/checkouts/swift-parsing/Sources/Parsing/ParserPrinters/Float.swift /Users/rogerlin/Library/Developer/Xcode/DerivedData/FinancialCalculatorKit-ackorybalcxbfocbkqsfdzcfkgmn/SourcePackages/checkouts/swift-parsing/Sources/Parsing/ParserPrinters/From.swift /Users/rogerlin/Library/Developer/Xcode/DerivedData/FinancialCalculatorKit-ackorybalcxbfocbkqsfdzcfkgmn/SourcePackages/checkouts/swift-parsing/Sources/Parsing/ParserPrinters/Int.swift /Users/rogerlin/Library/Developer/Xcode/DerivedData/FinancialCalculatorKit-ackorybalcxbfocbkqsfdzcfkgmn/SourcePackages/checkouts/swift-parsing/Sources/Parsing/ParserPrinters/Lazy.swift /Users/rogerlin/Library/Developer/Xcode/DerivedData/FinancialCalculatorKit-ackorybalcxbfocbkqsfdzcfkgmn/SourcePackages/checkouts/swift-parsing/Sources/Parsing/ParserPrinters/Literal.swift /Users/rogerlin/Library/Developer/Xcode/DerivedData/FinancialCalculatorKit-ackorybalcxbfocbkqsfdzcfkgmn/SourcePackages/checkouts/swift-parsing/Sources/Parsing/ParserPrinters/Many.swift /Users/rogerlin/Library/Developer/Xcode/DerivedData/FinancialCalculatorKit-ackorybalcxbfocbkqsfdzcfkgmn/SourcePackages/checkouts/swift-parsing/Sources/Parsing/ParserPrinters/Map.swift /Users/rogerlin/Library/Developer/Xcode/DerivedData/FinancialCalculatorKit-ackorybalcxbfocbkqsfdzcfkgmn/SourcePackages/checkouts/swift-parsing/Sources/Parsing/ParserPrinters/Newline.swift /Users/rogerlin/Library/Developer/Xcode/DerivedData/FinancialCalculatorKit-ackorybalcxbfocbkqsfdzcfkgmn/SourcePackages/checkouts/swift-parsing/Sources/Parsing/ParserPrinters/Not.swift /Users/rogerlin/Library/Developer/Xcode/DerivedData/FinancialCalculatorKit-ackorybalcxbfocbkqsfdzcfkgmn/SourcePackages/checkouts/swift-parsing/Sources/Parsing/ParserPrinters/OneOf.swift /Users/rogerlin/Library/Developer/Xcode/DerivedData/FinancialCalculatorKit-ackorybalcxbfocbkqsfdzcfkgmn/SourcePackages/checkouts/swift-parsing/Sources/Parsing/ParserPrinters/OneOfMany.swift /Users/rogerlin/Library/Developer/Xcode/DerivedData/FinancialCalculatorKit-ackorybalcxbfocbkqsfdzcfkgmn/SourcePackages/checkouts/swift-parsing/Sources/Parsing/ParserPrinters/Optional.swift /Users/rogerlin/Library/Developer/Xcode/DerivedData/FinancialCalculatorKit-ackorybalcxbfocbkqsfdzcfkgmn/SourcePackages/checkouts/swift-parsing/Sources/Parsing/ParserPrinters/Optionally.swift /Users/rogerlin/Library/Developer/Xcode/DerivedData/FinancialCalculatorKit-ackorybalcxbfocbkqsfdzcfkgmn/SourcePackages/checkouts/swift-parsing/Sources/Parsing/ParserPrinters/Parse.swift /Users/rogerlin/Library/Developer/Xcode/DerivedData/FinancialCalculatorKit-ackorybalcxbfocbkqsfdzcfkgmn/SourcePackages/checkouts/swift-parsing/Sources/Parsing/ParserPrinters/ParseableFormatStyle.swift /Users/rogerlin/Library/Developer/Xcode/DerivedData/FinancialCalculatorKit-ackorybalcxbfocbkqsfdzcfkgmn/SourcePackages/checkouts/swift-parsing/Sources/Parsing/ParserPrinters/Peek.swift /Users/rogerlin/Library/Developer/Xcode/DerivedData/FinancialCalculatorKit-ackorybalcxbfocbkqsfdzcfkgmn/SourcePackages/checkouts/swift-parsing/Sources/Parsing/ParserPrinters/Pipe.swift /Users/rogerlin/Library/Developer/Xcode/DerivedData/FinancialCalculatorKit-ackorybalcxbfocbkqsfdzcfkgmn/SourcePackages/checkouts/swift-parsing/Sources/Parsing/ParserPrinters/Prefix.swift /Users/rogerlin/Library/Developer/Xcode/DerivedData/FinancialCalculatorKit-ackorybalcxbfocbkqsfdzcfkgmn/SourcePackages/checkouts/swift-parsing/Sources/Parsing/ParserPrinters/PrefixThrough.swift /Users/rogerlin/Library/Developer/Xcode/DerivedData/FinancialCalculatorKit-ackorybalcxbfocbkqsfdzcfkgmn/SourcePackages/checkouts/swift-parsing/Sources/Parsing/ParserPrinters/PrefixUpTo.swift /Users/rogerlin/Library/Developer/Xcode/DerivedData/FinancialCalculatorKit-ackorybalcxbfocbkqsfdzcfkgmn/SourcePackages/checkouts/swift-parsing/Sources/Parsing/ParserPrinters/Printing.swift /Users/rogerlin/Library/Developer/Xcode/DerivedData/FinancialCalculatorKit-ackorybalcxbfocbkqsfdzcfkgmn/SourcePackages/checkouts/swift-parsing/Sources/Parsing/ParserPrinters/Pullback.swift /Users/rogerlin/Library/Developer/Xcode/DerivedData/FinancialCalculatorKit-ackorybalcxbfocbkqsfdzcfkgmn/SourcePackages/checkouts/swift-parsing/Sources/Parsing/ParserPrinters/ReplaceError.swift /Users/rogerlin/Library/Developer/Xcode/DerivedData/FinancialCalculatorKit-ackorybalcxbfocbkqsfdzcfkgmn/SourcePackages/checkouts/swift-parsing/Sources/Parsing/ParserPrinters/Rest.swift /Users/rogerlin/Library/Developer/Xcode/DerivedData/FinancialCalculatorKit-ackorybalcxbfocbkqsfdzcfkgmn/SourcePackages/checkouts/swift-parsing/Sources/Parsing/ParserPrinters/Skip.swift /Users/rogerlin/Library/Developer/Xcode/DerivedData/FinancialCalculatorKit-ackorybalcxbfocbkqsfdzcfkgmn/SourcePackages/checkouts/swift-parsing/Sources/Parsing/ParserPrinters/StartsWith.swift /Users/rogerlin/Library/Developer/Xcode/DerivedData/FinancialCalculatorKit-ackorybalcxbfocbkqsfdzcfkgmn/SourcePackages/checkouts/swift-parsing/Sources/Parsing/ParserPrinters/UUID.swift /Users/rogerlin/Library/Developer/Xcode/DerivedData/FinancialCalculatorKit-ackorybalcxbfocbkqsfdzcfkgmn/SourcePackages/checkouts/swift-parsing/Sources/Parsing/ParserPrinters/Whitespace.swift /Users/rogerlin/Library/Developer/Xcode/DerivedData/FinancialCalculatorKit-ackorybalcxbfocbkqsfdzcfkgmn/SourcePackages/checkouts/swift-parsing/Sources/Parsing/Parsers/AnyParser.swift /Users/rogerlin/Library/Developer/Xcode/DerivedData/FinancialCalculatorKit-ackorybalcxbfocbkqsfdzcfkgmn/SourcePackages/checkouts/swift-parsing/Sources/Parsing/Parsers/CompactMap.swift /Users/rogerlin/Library/Developer/Xcode/DerivedData/FinancialCalculatorKit-ackorybalcxbfocbkqsfdzcfkgmn/SourcePackages/checkouts/swift-parsing/Sources/Parsing/Parsers/FlatMap.swift /Users/rogerlin/Library/Developer/Xcode/DerivedData/FinancialCalculatorKit-ackorybalcxbfocbkqsfdzcfkgmn/SourcePackages/checkouts/swift-parsing/Sources/Parsing/Parsers/Parsers.swift /Users/rogerlin/Library/Developer/Xcode/DerivedData/FinancialCalculatorKit-ackorybalcxbfocbkqsfdzcfkgmn/SourcePackages/checkouts/swift-parsing/Sources/Parsing/Parsers/Stream.swift /Users/rogerlin/Library/Developer/Xcode/DerivedData/FinancialCalculatorKit-ackorybalcxbfocbkqsfdzcfkgmn/SourcePackages/checkouts/swift-parsing/Sources/Parsing/ParsingError.swift /Users/rogerlin/Library/Developer/Xcode/DerivedData/FinancialCalculatorKit-ackorybalcxbfocbkqsfdzcfkgmn/SourcePackages/checkouts/swift-parsing/Sources/Parsing/PrependableCollection.swift /Users/rogerlin/Library/Developer/Xcode/DerivedData/FinancialCalculatorKit-ackorybalcxbfocbkqsfdzcfkgmn/SourcePackages/checkouts/swift-parsing/Sources/Parsing/PrintingError.swift -supplementary-output-file-map /Users/rogerlin/Library/Developer/Xcode/DerivedData/FinancialCalculatorKit-ackorybalcxbfocbkqsfdzcfkgmn/Build/Intermediates.noindex/swift-parsing.build/Debug/Parsing.build/Objects-normal/arm64/supplementaryOutputs-39 -target arm64-apple-macos10.15 -load-resolved-plugin \#/Users/rogerlin/Library/Developer/Xcode/DerivedData/FinancialCalculatorKit-ackorybalcxbfocbkqsfdzcfkgmn/Build/Products/Debug/CasePathsMacros\#CasePathsMacros -load-resolved-plugin /Applications/Xcode.app/Contents/Developer/Platforms/MacOSX.platform/Developer/usr/lib/swift/host/plugins/libFoundationMacros.dylib\#/Applications/Xcode.app/Contents/Developer/Platforms/MacOSX.platform/Developer/usr/bin/swift-plugin-server\#FoundationMacros -load-resolved-plugin /Applications/Xcode.app/Contents/Developer/Platforms/MacOSX.platform/Developer/usr/lib/swift/host/plugins/libObservationMacros.dylib\#/Applications/Xcode.app/Contents/Developer/Platforms/MacOSX.platform/Developer/usr/bin/swift-plugin-server\#ObservationMacros -load-resolved-plugin /Applications/Xcode.app/Contents/Developer/Platforms/MacOSX.platform/Developer/usr/lib/swift/host/plugins/libSwiftMacros.dylib\#/Applications/Xcode.app/Contents/Developer/Platforms/MacOSX.platform/Developer/usr/bin/swift-plugin-server\#SwiftMacros -disable-implicit-swift-modules -Xcc -fno-implicit-modules -Xcc -fno-implicit-module-maps -explicit-swift-module-map-file /Users/rogerlin/Library/Developer/Xcode/DerivedData/FinancialCalculatorKit-ackorybalcxbfocbkqsfdzcfkgmn/Build/Intermediates.noindex/swift-parsing.build/Debug/Parsing.build/Objects-normal/arm64/Parsing-dependencies-1.json -Xllvm -aarch64-use-tbi -enable-objc-interop -stack-check -sdk /Applications/Xcode.app/Contents/Developer/Platforms/MacOSX.platform/Developer/SDKs/MacOSX26.1.sdk -I /Users/rogerlin/Library/Developer/Xcode/DerivedData/FinancialCalculatorKit-ackorybalcxbfocbkqsfdzcfkgmn/Build/Products/Debug -Isystem /Applications/Xcode.app/Contents/Developer/Platforms/MacOSX.platform/Developer/usr/lib -F /Users/rogerlin/Library/Developer/Xcode/DerivedData/FinancialCalculatorKit-ackorybalcxbfocbkqsfdzcfkgmn/Build/Products/Debug/PackageFrameworks -F /Users/rogerlin/Library/Developer/Xcode/DerivedData/FinancialCalculatorKit-ackorybalcxbfocbkqsfdzcfkgmn/Build/Products/Debug/PackageFrameworks -F /Users/rogerlin/Library/Developer/Xcode/DerivedData/FinancialCalculatorKit-ackorybalcxbfocbkqsfdzcfkgmn/Build/Products/Debug/PackageFrameworks -F /Users/rogerlin/Library/Developer/Xcode/DerivedData/FinancialCalculatorKit-ackorybalcxbfocbkqsfdzcfkgmn/Build/Products/Debug/PackageFrameworks -F /Users/rogerlin/Library/Developer/Xcode/DerivedData/FinancialCalculatorKit-ackorybalcxbfocbkqsfdzcfkgmn/Build/Products/Debug -F /Applications/Xcode.app/Contents/Developer/Platforms/MacOSX.platform/Developer/Library/Frameworks -no-color-diagnostics -Xcc -fno-color-diagnostics -enable-testing -g -debug-info-format\=dwarf -dwarf-version\=4 -module-cache-path /Users/rogerlin/Library/Developer/Xcode/DerivedData/FinancialCalculatorKit-ackorybalcxbfocbkqsfdzcfkgmn/Build/Intermediates.noindex/SwiftExplicitPrecompiledModules -suppress-warnings -profile-generate -profile-coverage-mapping -swift-version 5 -enforce-exclusivity\=checked -Onone -D SWIFT_PACKAGE -D DEBUG -D SWIFT_MODULE_RESOURCE_BUNDLE_UNAVAILABLE -D Xcode -serialize-debugging-options -load-plugin-executable /Users/rogerlin/Library/Developer/Xcode/DerivedData/FinancialCalculatorKit-ackorybalcxbfocbkqsfdzcfkgmn/Build/Products/Debug/CasePathsMacros\#CasePathsMacros -const-gather-protocols-file /Users/rogerlin/Library/Developer/Xcode/DerivedData/FinancialCalculatorKit-ackorybalcxbfocbkqsfdzcfkgmn/Build/Intermediates.noindex/swift-parsing.build/Debug/Parsing.build/Objects-normal/arm64/Parsing_const_extract_protocols.json -enable-experimental-feature DebugDescriptionMacro -empty-abi-descriptor -validate-clang-modules-once -clang-build-session-file /Users/rogerlin/Library/Developer/Xcode/DerivedData/ModuleCache.noindex/Session.modulevalidation -Xcc -working-directory -Xcc /Users/rogerlin/XCode-Projects/FinancialCalculatorKit-5.0-updated-accent-colors/FinancialCalculatorKit.xcodeproj -enable-anonymous-context-mangled-names -file-compilation-dir /Users/rogerlin/XCode-Projects/FinancialCalculatorKit-5.0-updated-accent-colors/FinancialCalculatorKit.xcodeproj -Xcc -D_LIBCPP_HARDENING_MODE\=_LIBCPP_HARDENING_MODE_DEBUG -Xcc -ivfsstatcache -Xcc /Users/rogerlin/Library/Developer/Xcode/DerivedData/SDKStatCaches.noindex/macosx26.1-25B74-3ae1261907bdadc328169391a47051a6.sdkstatcache -Xcc -I/Users/rogerlin/Library/Developer/Xcode/DerivedData/FinancialCalculatorKit-ackorybalcxbfocbkqsfdzcfkgmn/Build/Intermediates.noindex/swift-parsing.build/Debug/Parsing.build/swift-overrides.hmap -Xcc -I/Users/rogerlin/Library/Developer/Xcode/DerivedData/FinancialCalculatorKit-ackorybalcxbfocbkqsfdzcfkgmn/Build/Products/Debug/include -Xcc -I/Users/rogerlin/Library/Developer/Xcode/DerivedData/FinancialCalculatorKit-ackorybalcxbfocbkqsfdzcfkgmn/Build/Intermediates.noindex/swift-parsing.build/Debug/Parsing.build/DerivedSources-normal/arm64 -Xcc -I/Users/rogerlin/Library/Developer/Xcode/DerivedData/FinancialCalculatorKit-ackorybalcxbfocbkqsfdzcfkgmn/Build/Intermediates.noindex/swift-parsing.build/Debug/Parsing.build/DerivedSources/arm64 -Xcc -I/Users/rogerlin/Library/Developer/Xcode/DerivedData/FinancialCalculatorKit-ackorybalcxbfocbkqsfdzcfkgmn/Build/Intermediates.noindex/swift-parsing.build/Debug/Parsing.build/DerivedSources -Xcc -DSWIFT_PACKAGE -Xcc -DDEBUG\=1 -no-auto-bridging-header-chaining -module-name Parsing -package-name swift_parsing -frontend-parseable-output -disable-clang-spi -target-sdk-version 26.1 -target-sdk-name macosx26.1 -clang-target arm64-apple-macos26.1 -in-process-plugin-server-path /Applications/Xcode.app/Contents/Developer/Toolchains/XcodeDefault.xctoolchain/usr/lib/swift/host/libSwiftInProcPluginServer.dylib -o /Users/rogerlin/Library/Developer/Xcode/DerivedData/FinancialCalculatorKit-ackorybalcxbfocbkqsfdzcfkgmn/Build/Intermediates.noindex/swift-parsing.build/Debug/Parsing.build/Objects-normal/arm64/CountingRange.o -o /Users/rogerlin/Library/Developer/Xcode/DerivedData/FinancialCalculatorKit-ackorybalcxbfocbkqsfdzcfkgmn/Build/Intermediates.noindex/swift-parsing.build/Debug/Parsing.build/Objects-normal/arm64/EmptyInitializable.o -o /Users/rogerlin/Library/Developer/Xcode/DerivedData/FinancialCalculatorKit-ackorybalcxbfocbkqsfdzcfkgmn/Build/Intermediates.noindex/swift-parsing.build/Debug/Parsing.build/Objects-normal/arm64/AnyEquatable.o -o /Users/rogerlin/Library/Developer/Xcode/DerivedData/FinancialCalculatorKit-ackorybalcxbfocbkqsfdzcfkgmn/Build/Intermediates.noindex/swift-parsing.build/Debug/Parsing.build/Objects-normal/arm64/Deprecations.o -o /Users/rogerlin/Library/Developer/Xcode/DerivedData/FinancialCalculatorKit-ackorybalcxbfocbkqsfdzcfkgmn/Build/Intermediates.noindex/swift-parsing.build/Debug/Parsing.build/Objects-normal/arm64/Parser.o -index-unit-output-path /swift-parsing.build/Debug/Parsing.build/Objects-normal/arm64/CountingRange.o -index-unit-output-path /swift-parsing.build/Debug/Parsing.build/Objects-normal/arm64/EmptyInitializable.o -index-unit-output-path /swift-parsing.build/Debug/Parsing.build/Objects-normal/arm64/AnyEquatable.o -index-unit-output-path /swift-parsing.build/Debug/Parsing.build/Objects-normal/arm64/Deprecations.o -index-unit-output-path /swift-parsing.build/Debug/Parsing.build/Objects-normal/arm64/Parser.o -index-store-path /Users/rogerlin/Library/Developer/Xcode/DerivedData/FinancialCalculatorKit-ackorybalcxbfocbkqsfdzcfkgmn/Index.noindex/DataStore -index-system-modules

SwiftCompile normal arm64 /Users/rogerlin/Library/Developer/Xcode/DerivedData/FinancialCalculatorKit-ackorybalcxbfocbkqsfdzcfkgmn/SourcePackages/checkouts/swift-parsing/Sources/Parsing/CountingRange.swift (in target 'Parsing' from project 'swift-parsing')
    cd /Users/rogerlin/XCode-Projects/FinancialCalculatorKit-5.0-updated-accent-colors/FinancialCalculatorKit.xcodeproj
    

SwiftCompile normal arm64 /Users/rogerlin/Library/Developer/Xcode/DerivedData/FinancialCalculatorKit-ackorybalcxbfocbkqsfdzcfkgmn/SourcePackages/checkouts/swift-parsing/Sources/Parsing/EmptyInitializable.swift (in target 'Parsing' from project 'swift-parsing')
    cd /Users/rogerlin/XCode-Projects/FinancialCalculatorKit-5.0-updated-accent-colors/FinancialCalculatorKit.xcodeproj
    

SwiftCompile normal arm64 /Users/rogerlin/Library/Developer/Xcode/DerivedData/FinancialCalculatorKit-ackorybalcxbfocbkqsfdzcfkgmn/SourcePackages/checkouts/swift-parsing/Sources/Parsing/Internal/AnyEquatable.swift (in target 'Parsing' from project 'swift-parsing')
    cd /Users/rogerlin/XCode-Projects/FinancialCalculatorKit-5.0-updated-accent-colors/FinancialCalculatorKit.xcodeproj
    

SwiftCompile normal arm64 /Users/rogerlin/Library/Developer/Xcode/DerivedData/FinancialCalculatorKit-ackorybalcxbfocbkqsfdzcfkgmn/SourcePackages/checkouts/swift-parsing/Sources/Parsing/Internal/Deprecations.swift (in target 'Parsing' from project 'swift-parsing')
    cd /Users/rogerlin/XCode-Projects/FinancialCalculatorKit-5.0-updated-accent-colors/FinancialCalculatorKit.xcodeproj
    

SwiftCompile normal arm64 /Users/rogerlin/Library/Developer/Xcode/DerivedData/FinancialCalculatorKit-ackorybalcxbfocbkqsfdzcfkgmn/SourcePackages/checkouts/swift-parsing/Sources/Parsing/Parser.swift (in target 'Parsing' from project 'swift-parsing')
    cd /Users/rogerlin/XCode-Projects/FinancialCalculatorKit-5.0-updated-accent-colors/FinancialCalculatorKit.xcodeproj
    

SwiftCompile normal arm64 Compiling\ End.swift,\ Fail.swift,\ Filter.swift,\ First.swift,\ Float.swift /Users/rogerlin/Library/Developer/Xcode/DerivedData/FinancialCalculatorKit-ackorybalcxbfocbkqsfdzcfkgmn/SourcePackages/checkouts/swift-parsing/Sources/Parsing/ParserPrinters/End.swift /Users/rogerlin/Library/Developer/Xcode/DerivedData/FinancialCalculatorKit-ackorybalcxbfocbkqsfdzcfkgmn/SourcePackages/checkouts/swift-parsing/Sources/Parsing/ParserPrinters/Fail.swift /Users/rogerlin/Library/Developer/Xcode/DerivedData/FinancialCalculatorKit-ackorybalcxbfocbkqsfdzcfkgmn/SourcePackages/checkouts/swift-parsing/Sources/Parsing/ParserPrinters/Filter.swift /Users/rogerlin/Library/Developer/Xcode/DerivedData/FinancialCalculatorKit-ackorybalcxbfocbkqsfdzcfkgmn/SourcePackages/checkouts/swift-parsing/Sources/Parsing/ParserPrinters/First.swift /Users/rogerlin/Library/Developer/Xcode/DerivedData/FinancialCalculatorKit-ackorybalcxbfocbkqsfdzcfkgmn/SourcePackages/checkouts/swift-parsing/Sources/Parsing/ParserPrinters/Float.swift (in target 'Parsing' from project 'swift-parsing')
/Applications/Xcode.app/Contents/Developer/Toolchains/XcodeDefault.xctoolchain/usr/bin/swift-frontend -frontend -c /Users/rogerlin/Library/Developer/Xcode/DerivedData/FinancialCalculatorKit-ackorybalcxbfocbkqsfdzcfkgmn/SourcePackages/checkouts/swift-parsing/Sources/Parsing/Builders/OneOfBuilder.swift /Users/rogerlin/Library/Developer/Xcode/DerivedData/FinancialCalculatorKit-ackorybalcxbfocbkqsfdzcfkgmn/SourcePackages/checkouts/swift-parsing/Sources/Parsing/Builders/ParserBuilder.swift /Users/rogerlin/Library/Developer/Xcode/DerivedData/FinancialCalculatorKit-ackorybalcxbfocbkqsfdzcfkgmn/SourcePackages/checkouts/swift-parsing/Sources/Parsing/Conversion.swift /Users/rogerlin/Library/Developer/Xcode/DerivedData/FinancialCalculatorKit-ackorybalcxbfocbkqsfdzcfkgmn/SourcePackages/checkouts/swift-parsing/Sources/Parsing/Conversions/AnyConversion.swift /Users/rogerlin/Library/Developer/Xcode/DerivedData/FinancialCalculatorKit-ackorybalcxbfocbkqsfdzcfkgmn/SourcePackages/checkouts/swift-parsing/Sources/Parsing/Conversions/BinaryFloatingPoint.swift /Users/rogerlin/Library/Developer/Xcode/DerivedData/FinancialCalculatorKit-ackorybalcxbfocbkqsfdzcfkgmn/SourcePackages/checkouts/swift-parsing/Sources/Parsing/Conversions/ConversionMap.swift /Users/rogerlin/Library/Developer/Xcode/DerivedData/FinancialCalculatorKit-ackorybalcxbfocbkqsfdzcfkgmn/SourcePackages/checkouts/swift-parsing/Sources/Parsing/Conversions/Conversions.swift /Users/rogerlin/Library/Developer/Xcode/DerivedData/FinancialCalculatorKit-ackorybalcxbfocbkqsfdzcfkgmn/SourcePackages/checkouts/swift-parsing/Sources/Parsing/Conversions/Data.swift /Users/rogerlin/Library/Developer/Xcode/DerivedData/FinancialCalculatorKit-ackorybalcxbfocbkqsfdzcfkgmn/SourcePackages/checkouts/swift-parsing/Sources/Parsing/Conversions/Enum.swift /Users/rogerlin/Library/Developer/Xcode/DerivedData/FinancialCalculatorKit-ackorybalcxbfocbkqsfdzcfkgmn/SourcePackages/checkouts/swift-parsing/Sources/Parsing/Conversions/FixedWidthInteger.swift /Users/rogerlin/Library/Developer/Xcode/DerivedData/FinancialCalculatorKit-ackorybalcxbfocbkqsfdzcfkgmn/SourcePackages/checkouts/swift-parsing/Sources/Parsing/Conversions/Identity.swift /Users/rogerlin/Library/Developer/Xcode/DerivedData/FinancialCalculatorKit-ackorybalcxbfocbkqsfdzcfkgmn/SourcePackages/checkouts/swift-parsing/Sources/Parsing/Conversions/JSON.swift /Users/rogerlin/Library/Developer/Xcode/DerivedData/FinancialCalculatorKit-ackorybalcxbfocbkqsfdzcfkgmn/SourcePackages/checkouts/swift-parsing/Sources/Parsing/Conversions/LosslessStringConvertible.swift /Users/rogerlin/Library/Developer/Xcode/DerivedData/FinancialCalculatorKit-ackorybalcxbfocbkqsfdzcfkgmn/SourcePackages/checkouts/swift-parsing/Sources/Parsing/Conversions/Memberwise.swift /Users/rogerlin/Library/Developer/Xcode/DerivedData/FinancialCalculatorKit-ackorybalcxbfocbkqsfdzcfkgmn/SourcePackages/checkouts/swift-parsing/Sources/Parsing/Conversions/ParseableFormatStyleConversion.swift /Users/rogerlin/Library/Developer/Xcode/DerivedData/FinancialCalculatorKit-ackorybalcxbfocbkqsfdzcfkgmn/SourcePackages/checkouts/swift-parsing/Sources/Parsing/Conversions/RawRepresentable.swift /Users/rogerlin/Library/Developer/Xcode/DerivedData/FinancialCalculatorKit-ackorybalcxbfocbkqsfdzcfkgmn/SourcePackages/checkouts/swift-parsing/Sources/Parsing/Conversions/String.swift /Users/rogerlin/Library/Developer/Xcode/DerivedData/FinancialCalculatorKit-ackorybalcxbfocbkqsfdzcfkgmn/SourcePackages/checkouts/swift-parsing/Sources/Parsing/Conversions/Substring.swift /Users/rogerlin/Library/Developer/Xcode/DerivedData/FinancialCalculatorKit-ackorybalcxbfocbkqsfdzcfkgmn/SourcePackages/checkouts/swift-parsing/Sources/Parsing/Conversions/UTF8View.swift /Users/rogerlin/Library/Developer/Xcode/DerivedData/FinancialCalculatorKit-ackorybalcxbfocbkqsfdzcfkgmn/SourcePackages/checkouts/swift-parsing/Sources/Parsing/ConvertingError.swift /Users/rogerlin/Library/Developer/Xcode/DerivedData/FinancialCalculatorKit-ackorybalcxbfocbkqsfdzcfkgmn/SourcePackages/checkouts/swift-parsing/Sources/Parsing/CountingRange.swift /Users/rogerlin/Library/Developer/Xcode/DerivedData/FinancialCalculatorKit-ackorybalcxbfocbkqsfdzcfkgmn/SourcePackages/checkouts/swift-parsing/Sources/Parsing/EmptyInitializable.swift /Users/rogerlin/Library/Developer/Xcode/DerivedData/FinancialCalculatorKit-ackorybalcxbfocbkqsfdzcfkgmn/SourcePackages/checkouts/swift-parsing/Sources/Parsing/Internal/AnyEquatable.swift /Users/rogerlin/Library/Developer/Xcode/DerivedData/FinancialCalculatorKit-ackorybalcxbfocbkqsfdzcfkgmn/SourcePackages/checkouts/swift-parsing/Sources/Parsing/Internal/Deprecations.swift /Users/rogerlin/Library/Developer/Xcode/DerivedData/FinancialCalculatorKit-ackorybalcxbfocbkqsfdzcfkgmn/SourcePackages/checkouts/swift-parsing/Sources/Parsing/Parser.swift /Users/rogerlin/Library/Developer/Xcode/DerivedData/FinancialCalculatorKit-ackorybalcxbfocbkqsfdzcfkgmn/SourcePackages/checkouts/swift-parsing/Sources/Parsing/ParserPrinter.swift /Users/rogerlin/Library/Developer/Xcode/DerivedData/FinancialCalculatorKit-ackorybalcxbfocbkqsfdzcfkgmn/SourcePackages/checkouts/swift-parsing/Sources/Parsing/ParserPrinters/Always.swift /Users/rogerlin/Library/Developer/Xcode/DerivedData/FinancialCalculatorKit-ackorybalcxbfocbkqsfdzcfkgmn/SourcePackages/checkouts/swift-parsing/Sources/Parsing/ParserPrinters/AnyParserPrinter.swift /Users/rogerlin/Library/Developer/Xcode/DerivedData/FinancialCalculatorKit-ackorybalcxbfocbkqsfdzcfkgmn/SourcePackages/checkouts/swift-parsing/Sources/Parsing/ParserPrinters/Backtracking.swift /Users/rogerlin/Library/Developer/Xcode/DerivedData/FinancialCalculatorKit-ackorybalcxbfocbkqsfdzcfkgmn/SourcePackages/checkouts/swift-parsing/Sources/Parsing/ParserPrinters/Bool.swift /Users/rogerlin/Library/Developer/Xcode/DerivedData/FinancialCalculatorKit-ackorybalcxbfocbkqsfdzcfkgmn/SourcePackages/checkouts/swift-parsing/Sources/Parsing/ParserPrinters/CaseIterableRawRepresentable.swift /Users/rogerlin/Library/Developer/Xcode/DerivedData/FinancialCalculatorKit-ackorybalcxbfocbkqsfdzcfkgmn/SourcePackages/checkouts/swift-parsing/Sources/Parsing/ParserPrinters/CharacterSet.swift /Users/rogerlin/Library/Developer/Xcode/DerivedData/FinancialCalculatorKit-ackorybalcxbfocbkqsfdzcfkgmn/SourcePackages/checkouts/swift-parsing/Sources/Parsing/ParserPrinters/Conditional.swift /Users/rogerlin/Library/Developer/Xcode/DerivedData/FinancialCalculatorKit-ackorybalcxbfocbkqsfdzcfkgmn/SourcePackages/checkouts/swift-parsing/Sources/Parsing/ParserPrinters/Consumed.swift /Users/rogerlin/Library/Developer/Xcode/DerivedData/FinancialCalculatorKit-ackorybalcxbfocbkqsfdzcfkgmn/SourcePackages/checkouts/swift-parsing/Sources/Parsing/ParserPrinters/Digits.swift -primary-file /Users/rogerlin/Library/Developer/Xcode/DerivedData/FinancialCalculatorKit-ackorybalcxbfocbkqsfdzcfkgmn/SourcePackages/checkouts/swift-parsing/Sources/Parsing/ParserPrinters/End.swift -primary-file /Users/rogerlin/Library/Developer/Xcode/DerivedData/FinancialCalculatorKit-ackorybalcxbfocbkqsfdzcfkgmn/SourcePackages/checkouts/swift-parsing/Sources/Parsing/ParserPrinters/Fail.swift -primary-file /Users/rogerlin/Library/Developer/Xcode/DerivedData/FinancialCalculatorKit-ackorybalcxbfocbkqsfdzcfkgmn/SourcePackages/checkouts/swift-parsing/Sources/Parsing/ParserPrinters/Filter.swift -primary-file /Users/rogerlin/Library/Developer/Xcode/DerivedData/FinancialCalculatorKit-ackorybalcxbfocbkqsfdzcfkgmn/SourcePackages/checkouts/swift-parsing/Sources/Parsing/ParserPrinters/First.swift -primary-file /Users/rogerlin/Library/Developer/Xcode/DerivedData/FinancialCalculatorKit-ackorybalcxbfocbkqsfdzcfkgmn/SourcePackages/checkouts/swift-parsing/Sources/Parsing/ParserPrinters/Float.swift /Users/rogerlin/Library/Developer/Xcode/DerivedData/FinancialCalculatorKit-ackorybalcxbfocbkqsfdzcfkgmn/SourcePackages/checkouts/swift-parsing/Sources/Parsing/ParserPrinters/From.swift /Users/rogerlin/Library/Developer/Xcode/DerivedData/FinancialCalculatorKit-ackorybalcxbfocbkqsfdzcfkgmn/SourcePackages/checkouts/swift-parsing/Sources/Parsing/ParserPrinters/Int.swift /Users/rogerlin/Library/Developer/Xcode/DerivedData/FinancialCalculatorKit-ackorybalcxbfocbkqsfdzcfkgmn/SourcePackages/checkouts/swift-parsing/Sources/Parsing/ParserPrinters/Lazy.swift /Users/rogerlin/Library/Developer/Xcode/DerivedData/FinancialCalculatorKit-ackorybalcxbfocbkqsfdzcfkgmn/SourcePackages/checkouts/swift-parsing/Sources/Parsing/ParserPrinters/Literal.swift /Users/rogerlin/Library/Developer/Xcode/DerivedData/FinancialCalculatorKit-ackorybalcxbfocbkqsfdzcfkgmn/SourcePackages/checkouts/swift-parsing/Sources/Parsing/ParserPrinters/Many.swift /Users/rogerlin/Library/Developer/Xcode/DerivedData/FinancialCalculatorKit-ackorybalcxbfocbkqsfdzcfkgmn/SourcePackages/checkouts/swift-parsing/Sources/Parsing/ParserPrinters/Map.swift /Users/rogerlin/Library/Developer/Xcode/DerivedData/FinancialCalculatorKit-ackorybalcxbfocbkqsfdzcfkgmn/SourcePackages/checkouts/swift-parsing/Sources/Parsing/ParserPrinters/Newline.swift /Users/rogerlin/Library/Developer/Xcode/DerivedData/FinancialCalculatorKit-ackorybalcxbfocbkqsfdzcfkgmn/SourcePackages/checkouts/swift-parsing/Sources/Parsing/ParserPrinters/Not.swift /Users/rogerlin/Library/Developer/Xcode/DerivedData/FinancialCalculatorKit-ackorybalcxbfocbkqsfdzcfkgmn/SourcePackages/checkouts/swift-parsing/Sources/Parsing/ParserPrinters/OneOf.swift /Users/rogerlin/Library/Developer/Xcode/DerivedData/FinancialCalculatorKit-ackorybalcxbfocbkqsfdzcfkgmn/SourcePackages/checkouts/swift-parsing/Sources/Parsing/ParserPrinters/OneOfMany.swift /Users/rogerlin/Library/Developer/Xcode/DerivedData/FinancialCalculatorKit-ackorybalcxbfocbkqsfdzcfkgmn/SourcePackages/checkouts/swift-parsing/Sources/Parsing/ParserPrinters/Optional.swift /Users/rogerlin/Library/Developer/Xcode/DerivedData/FinancialCalculatorKit-ackorybalcxbfocbkqsfdzcfkgmn/SourcePackages/checkouts/swift-parsing/Sources/Parsing/ParserPrinters/Optionally.swift /Users/rogerlin/Library/Developer/Xcode/DerivedData/FinancialCalculatorKit-ackorybalcxbfocbkqsfdzcfkgmn/SourcePackages/checkouts/swift-parsing/Sources/Parsing/ParserPrinters/Parse.swift /Users/rogerlin/Library/Developer/Xcode/DerivedData/FinancialCalculatorKit-ackorybalcxbfocbkqsfdzcfkgmn/SourcePackages/checkouts/swift-parsing/Sources/Parsing/ParserPrinters/ParseableFormatStyle.swift /Users/rogerlin/Library/Developer/Xcode/DerivedData/FinancialCalculatorKit-ackorybalcxbfocbkqsfdzcfkgmn/SourcePackages/checkouts/swift-parsing/Sources/Parsing/ParserPrinters/Peek.swift /Users/rogerlin/Library/Developer/Xcode/DerivedData/FinancialCalculatorKit-ackorybalcxbfocbkqsfdzcfkgmn/SourcePackages/checkouts/swift-parsing/Sources/Parsing/ParserPrinters/Pipe.swift /Users/rogerlin/Library/Developer/Xcode/DerivedData/FinancialCalculatorKit-ackorybalcxbfocbkqsfdzcfkgmn/SourcePackages/checkouts/swift-parsing/Sources/Parsing/ParserPrinters/Prefix.swift /Users/rogerlin/Library/Developer/Xcode/DerivedData/FinancialCalculatorKit-ackorybalcxbfocbkqsfdzcfkgmn/SourcePackages/checkouts/swift-parsing/Sources/Parsing/ParserPrinters/PrefixThrough.swift /Users/rogerlin/Library/Developer/Xcode/DerivedData/FinancialCalculatorKit-ackorybalcxbfocbkqsfdzcfkgmn/SourcePackages/checkouts/swift-parsing/Sources/Parsing/ParserPrinters/PrefixUpTo.swift /Users/rogerlin/Library/Developer/Xcode/DerivedData/FinancialCalculatorKit-ackorybalcxbfocbkqsfdzcfkgmn/SourcePackages/checkouts/swift-parsing/Sources/Parsing/ParserPrinters/Printing.swift /Users/rogerlin/Library/Developer/Xcode/DerivedData/FinancialCalculatorKit-ackorybalcxbfocbkqsfdzcfkgmn/SourcePackages/checkouts/swift-parsing/Sources/Parsing/ParserPrinters/Pullback.swift /Users/rogerlin/Library/Developer/Xcode/DerivedData/FinancialCalculatorKit-ackorybalcxbfocbkqsfdzcfkgmn/SourcePackages/checkouts/swift-parsing/Sources/Parsing/ParserPrinters/ReplaceError.swift /Users/rogerlin/Library/Developer/Xcode/DerivedData/FinancialCalculatorKit-ackorybalcxbfocbkqsfdzcfkgmn/SourcePackages/checkouts/swift-parsing/Sources/Parsing/ParserPrinters/Rest.swift /Users/rogerlin/Library/Developer/Xcode/DerivedData/FinancialCalculatorKit-ackorybalcxbfocbkqsfdzcfkgmn/SourcePackages/checkouts/swift-parsing/Sources/Parsing/ParserPrinters/Skip.swift /Users/rogerlin/Library/Developer/Xcode/DerivedData/FinancialCalculatorKit-ackorybalcxbfocbkqsfdzcfkgmn/SourcePackages/checkouts/swift-parsing/Sources/Parsing/ParserPrinters/StartsWith.swift /Users/rogerlin/Library/Developer/Xcode/DerivedData/FinancialCalculatorKit-ackorybalcxbfocbkqsfdzcfkgmn/SourcePackages/checkouts/swift-parsing/Sources/Parsing/ParserPrinters/UUID.swift /Users/rogerlin/Library/Developer/Xcode/DerivedData/FinancialCalculatorKit-ackorybalcxbfocbkqsfdzcfkgmn/SourcePackages/checkouts/swift-parsing/Sources/Parsing/ParserPrinters/Whitespace.swift /Users/rogerlin/Library/Developer/Xcode/DerivedData/FinancialCalculatorKit-ackorybalcxbfocbkqsfdzcfkgmn/SourcePackages/checkouts/swift-parsing/Sources/Parsing/Parsers/AnyParser.swift /Users/rogerlin/Library/Developer/Xcode/DerivedData/FinancialCalculatorKit-ackorybalcxbfocbkqsfdzcfkgmn/SourcePackages/checkouts/swift-parsing/Sources/Parsing/Parsers/CompactMap.swift /Users/rogerlin/Library/Developer/Xcode/DerivedData/FinancialCalculatorKit-ackorybalcxbfocbkqsfdzcfkgmn/SourcePackages/checkouts/swift-parsing/Sources/Parsing/Parsers/FlatMap.swift /Users/rogerlin/Library/Developer/Xcode/DerivedData/FinancialCalculatorKit-ackorybalcxbfocbkqsfdzcfkgmn/SourcePackages/checkouts/swift-parsing/Sources/Parsing/Parsers/Parsers.swift /Users/rogerlin/Library/Developer/Xcode/DerivedData/FinancialCalculatorKit-ackorybalcxbfocbkqsfdzcfkgmn/SourcePackages/checkouts/swift-parsing/Sources/Parsing/Parsers/Stream.swift /Users/rogerlin/Library/Developer/Xcode/DerivedData/FinancialCalculatorKit-ackorybalcxbfocbkqsfdzcfkgmn/SourcePackages/checkouts/swift-parsing/Sources/Parsing/ParsingError.swift /Users/rogerlin/Library/Developer/Xcode/DerivedData/FinancialCalculatorKit-ackorybalcxbfocbkqsfdzcfkgmn/SourcePackages/checkouts/swift-parsing/Sources/Parsing/PrependableCollection.swift /Users/rogerlin/Library/Developer/Xcode/DerivedData/FinancialCalculatorKit-ackorybalcxbfocbkqsfdzcfkgmn/SourcePackages/checkouts/swift-parsing/Sources/Parsing/PrintingError.swift -supplementary-output-file-map /Users/rogerlin/Library/Developer/Xcode/DerivedData/FinancialCalculatorKit-ackorybalcxbfocbkqsfdzcfkgmn/Build/Intermediates.noindex/swift-parsing.build/Debug/Parsing.build/Objects-normal/arm64/supplementaryOutputs-42 -target arm64-apple-macos10.15 -load-resolved-plugin \#/Users/rogerlin/Library/Developer/Xcode/DerivedData/FinancialCalculatorKit-ackorybalcxbfocbkqsfdzcfkgmn/Build/Products/Debug/CasePathsMacros\#CasePathsMacros -load-resolved-plugin /Applications/Xcode.app/Contents/Developer/Platforms/MacOSX.platform/Developer/usr/lib/swift/host/plugins/libFoundationMacros.dylib\#/Applications/Xcode.app/Contents/Developer/Platforms/MacOSX.platform/Developer/usr/bin/swift-plugin-server\#FoundationMacros -load-resolved-plugin /Applications/Xcode.app/Contents/Developer/Platforms/MacOSX.platform/Developer/usr/lib/swift/host/plugins/libObservationMacros.dylib\#/Applications/Xcode.app/Contents/Developer/Platforms/MacOSX.platform/Developer/usr/bin/swift-plugin-server\#ObservationMacros -load-resolved-plugin /Applications/Xcode.app/Contents/Developer/Platforms/MacOSX.platform/Developer/usr/lib/swift/host/plugins/libSwiftMacros.dylib\#/Applications/Xcode.app/Contents/Developer/Platforms/MacOSX.platform/Developer/usr/bin/swift-plugin-server\#SwiftMacros -disable-implicit-swift-modules -Xcc -fno-implicit-modules -Xcc -fno-implicit-module-maps -explicit-swift-module-map-file /Users/rogerlin/Library/Developer/Xcode/DerivedData/FinancialCalculatorKit-ackorybalcxbfocbkqsfdzcfkgmn/Build/Intermediates.noindex/swift-parsing.build/Debug/Parsing.build/Objects-normal/arm64/Parsing-dependencies-1.json -Xllvm -aarch64-use-tbi -enable-objc-interop -stack-check -sdk /Applications/Xcode.app/Contents/Developer/Platforms/MacOSX.platform/Developer/SDKs/MacOSX26.1.sdk -I /Users/rogerlin/Library/Developer/Xcode/DerivedData/FinancialCalculatorKit-ackorybalcxbfocbkqsfdzcfkgmn/Build/Products/Debug -Isystem /Applications/Xcode.app/Contents/Developer/Platforms/MacOSX.platform/Developer/usr/lib -F /Users/rogerlin/Library/Developer/Xcode/DerivedData/FinancialCalculatorKit-ackorybalcxbfocbkqsfdzcfkgmn/Build/Products/Debug/PackageFrameworks -F /Users/rogerlin/Library/Developer/Xcode/DerivedData/FinancialCalculatorKit-ackorybalcxbfocbkqsfdzcfkgmn/Build/Products/Debug/PackageFrameworks -F /Users/rogerlin/Library/Developer/Xcode/DerivedData/FinancialCalculatorKit-ackorybalcxbfocbkqsfdzcfkgmn/Build/Products/Debug/PackageFrameworks -F /Users/rogerlin/Library/Developer/Xcode/DerivedData/FinancialCalculatorKit-ackorybalcxbfocbkqsfdzcfkgmn/Build/Products/Debug/PackageFrameworks -F /Users/rogerlin/Library/Developer/Xcode/DerivedData/FinancialCalculatorKit-ackorybalcxbfocbkqsfdzcfkgmn/Build/Products/Debug -F /Applications/Xcode.app/Contents/Developer/Platforms/MacOSX.platform/Developer/Library/Frameworks -no-color-diagnostics -Xcc -fno-color-diagnostics -enable-testing -g -debug-info-format\=dwarf -dwarf-version\=4 -module-cache-path /Users/rogerlin/Library/Developer/Xcode/DerivedData/FinancialCalculatorKit-ackorybalcxbfocbkqsfdzcfkgmn/Build/Intermediates.noindex/SwiftExplicitPrecompiledModules -suppress-warnings -profile-generate -profile-coverage-mapping -swift-version 5 -enforce-exclusivity\=checked -Onone -D SWIFT_PACKAGE -D DEBUG -D SWIFT_MODULE_RESOURCE_BUNDLE_UNAVAILABLE -D Xcode -serialize-debugging-options -load-plugin-executable /Users/rogerlin/Library/Developer/Xcode/DerivedData/FinancialCalculatorKit-ackorybalcxbfocbkqsfdzcfkgmn/Build/Products/Debug/CasePathsMacros\#CasePathsMacros -const-gather-protocols-file /Users/rogerlin/Library/Developer/Xcode/DerivedData/FinancialCalculatorKit-ackorybalcxbfocbkqsfdzcfkgmn/Build/Intermediates.noindex/swift-parsing.build/Debug/Parsing.build/Objects-normal/arm64/Parsing_const_extract_protocols.json -enable-experimental-feature DebugDescriptionMacro -empty-abi-descriptor -validate-clang-modules-once -clang-build-session-file /Users/rogerlin/Library/Developer/Xcode/DerivedData/ModuleCache.noindex/Session.modulevalidation -Xcc -working-directory -Xcc /Users/rogerlin/XCode-Projects/FinancialCalculatorKit-5.0-updated-accent-colors/FinancialCalculatorKit.xcodeproj -enable-anonymous-context-mangled-names -file-compilation-dir /Users/rogerlin/XCode-Projects/FinancialCalculatorKit-5.0-updated-accent-colors/FinancialCalculatorKit.xcodeproj -Xcc -D_LIBCPP_HARDENING_MODE\=_LIBCPP_HARDENING_MODE_DEBUG -Xcc -ivfsstatcache -Xcc /Users/rogerlin/Library/Developer/Xcode/DerivedData/SDKStatCaches.noindex/macosx26.1-25B74-3ae1261907bdadc328169391a47051a6.sdkstatcache -Xcc -I/Users/rogerlin/Library/Developer/Xcode/DerivedData/FinancialCalculatorKit-ackorybalcxbfocbkqsfdzcfkgmn/Build/Intermediates.noindex/swift-parsing.build/Debug/Parsing.build/swift-overrides.hmap -Xcc -I/Users/rogerlin/Library/Developer/Xcode/DerivedData/FinancialCalculatorKit-ackorybalcxbfocbkqsfdzcfkgmn/Build/Products/Debug/include -Xcc -I/Users/rogerlin/Library/Developer/Xcode/DerivedData/FinancialCalculatorKit-ackorybalcxbfocbkqsfdzcfkgmn/Build/Intermediates.noindex/swift-parsing.build/Debug/Parsing.build/DerivedSources-normal/arm64 -Xcc -I/Users/rogerlin/Library/Developer/Xcode/DerivedData/FinancialCalculatorKit-ackorybalcxbfocbkqsfdzcfkgmn/Build/Intermediates.noindex/swift-parsing.build/Debug/Parsing.build/DerivedSources/arm64 -Xcc -I/Users/rogerlin/Library/Developer/Xcode/DerivedData/FinancialCalculatorKit-ackorybalcxbfocbkqsfdzcfkgmn/Build/Intermediates.noindex/swift-parsing.build/Debug/Parsing.build/DerivedSources -Xcc -DSWIFT_PACKAGE -Xcc -DDEBUG\=1 -no-auto-bridging-header-chaining -module-name Parsing -package-name swift_parsing -frontend-parseable-output -disable-clang-spi -target-sdk-version 26.1 -target-sdk-name macosx26.1 -clang-target arm64-apple-macos26.1 -in-process-plugin-server-path /Applications/Xcode.app/Contents/Developer/Toolchains/XcodeDefault.xctoolchain/usr/lib/swift/host/libSwiftInProcPluginServer.dylib -o /Users/rogerlin/Library/Developer/Xcode/DerivedData/FinancialCalculatorKit-ackorybalcxbfocbkqsfdzcfkgmn/Build/Intermediates.noindex/swift-parsing.build/Debug/Parsing.build/Objects-normal/arm64/End.o -o /Users/rogerlin/Library/Developer/Xcode/DerivedData/FinancialCalculatorKit-ackorybalcxbfocbkqsfdzcfkgmn/Build/Intermediates.noindex/swift-parsing.build/Debug/Parsing.build/Objects-normal/arm64/Fail.o -o /Users/rogerlin/Library/Developer/Xcode/DerivedData/FinancialCalculatorKit-ackorybalcxbfocbkqsfdzcfkgmn/Build/Intermediates.noindex/swift-parsing.build/Debug/Parsing.build/Objects-normal/arm64/Filter.o -o /Users/rogerlin/Library/Developer/Xcode/DerivedData/FinancialCalculatorKit-ackorybalcxbfocbkqsfdzcfkgmn/Build/Intermediates.noindex/swift-parsing.build/Debug/Parsing.build/Objects-normal/arm64/First.o -o /Users/rogerlin/Library/Developer/Xcode/DerivedData/FinancialCalculatorKit-ackorybalcxbfocbkqsfdzcfkgmn/Build/Intermediates.noindex/swift-parsing.build/Debug/Parsing.build/Objects-normal/arm64/Float.o -index-unit-output-path /swift-parsing.build/Debug/Parsing.build/Objects-normal/arm64/End.o -index-unit-output-path /swift-parsing.build/Debug/Parsing.build/Objects-normal/arm64/Fail.o -index-unit-output-path /swift-parsing.build/Debug/Parsing.build/Objects-normal/arm64/Filter.o -index-unit-output-path /swift-parsing.build/Debug/Parsing.build/Objects-normal/arm64/First.o -index-unit-output-path /swift-parsing.build/Debug/Parsing.build/Objects-normal/arm64/Float.o -index-store-path /Users/rogerlin/Library/Developer/Xcode/DerivedData/FinancialCalculatorKit-ackorybalcxbfocbkqsfdzcfkgmn/Index.noindex/DataStore -index-system-modules

SwiftCompile normal arm64 /Users/rogerlin/Library/Developer/Xcode/DerivedData/FinancialCalculatorKit-ackorybalcxbfocbkqsfdzcfkgmn/SourcePackages/checkouts/swift-parsing/Sources/Parsing/ParserPrinters/End.swift (in target 'Parsing' from project 'swift-parsing')
    cd /Users/rogerlin/XCode-Projects/FinancialCalculatorKit-5.0-updated-accent-colors/FinancialCalculatorKit.xcodeproj
    

SwiftCompile normal arm64 /Users/rogerlin/Library/Developer/Xcode/DerivedData/FinancialCalculatorKit-ackorybalcxbfocbkqsfdzcfkgmn/SourcePackages/checkouts/swift-parsing/Sources/Parsing/ParserPrinters/Fail.swift (in target 'Parsing' from project 'swift-parsing')
    cd /Users/rogerlin/XCode-Projects/FinancialCalculatorKit-5.0-updated-accent-colors/FinancialCalculatorKit.xcodeproj
    

SwiftCompile normal arm64 /Users/rogerlin/Library/Developer/Xcode/DerivedData/FinancialCalculatorKit-ackorybalcxbfocbkqsfdzcfkgmn/SourcePackages/checkouts/swift-parsing/Sources/Parsing/ParserPrinters/Filter.swift (in target 'Parsing' from project 'swift-parsing')
    cd /Users/rogerlin/XCode-Projects/FinancialCalculatorKit-5.0-updated-accent-colors/FinancialCalculatorKit.xcodeproj
    

SwiftCompile normal arm64 /Users/rogerlin/Library/Developer/Xcode/DerivedData/FinancialCalculatorKit-ackorybalcxbfocbkqsfdzcfkgmn/SourcePackages/checkouts/swift-parsing/Sources/Parsing/ParserPrinters/First.swift (in target 'Parsing' from project 'swift-parsing')
    cd /Users/rogerlin/XCode-Projects/FinancialCalculatorKit-5.0-updated-accent-colors/FinancialCalculatorKit.xcodeproj
    

SwiftCompile normal arm64 /Users/rogerlin/Library/Developer/Xcode/DerivedData/FinancialCalculatorKit-ackorybalcxbfocbkqsfdzcfkgmn/SourcePackages/checkouts/swift-parsing/Sources/Parsing/ParserPrinters/Float.swift (in target 'Parsing' from project 'swift-parsing')
    cd /Users/rogerlin/XCode-Projects/FinancialCalculatorKit-5.0-updated-accent-colors/FinancialCalculatorKit.xcodeproj
    

SwiftCompile normal arm64 Compiling\ From.swift,\ Int.swift,\ Lazy.swift,\ Literal.swift,\ Many.swift /Users/rogerlin/Library/Developer/Xcode/DerivedData/FinancialCalculatorKit-ackorybalcxbfocbkqsfdzcfkgmn/SourcePackages/checkouts/swift-parsing/Sources/Parsing/ParserPrinters/From.swift /Users/rogerlin/Library/Developer/Xcode/DerivedData/FinancialCalculatorKit-ackorybalcxbfocbkqsfdzcfkgmn/SourcePackages/checkouts/swift-parsing/Sources/Parsing/ParserPrinters/Int.swift /Users/rogerlin/Library/Developer/Xcode/DerivedData/FinancialCalculatorKit-ackorybalcxbfocbkqsfdzcfkgmn/SourcePackages/checkouts/swift-parsing/Sources/Parsing/ParserPrinters/Lazy.swift /Users/rogerlin/Library/Developer/Xcode/DerivedData/FinancialCalculatorKit-ackorybalcxbfocbkqsfdzcfkgmn/SourcePackages/checkouts/swift-parsing/Sources/Parsing/ParserPrinters/Literal.swift /Users/rogerlin/Library/Developer/Xcode/DerivedData/FinancialCalculatorKit-ackorybalcxbfocbkqsfdzcfkgmn/SourcePackages/checkouts/swift-parsing/Sources/Parsing/ParserPrinters/Many.swift (in target 'Parsing' from project 'swift-parsing')
SwiftCompile normal arm64 /Users/rogerlin/Library/Developer/Xcode/DerivedData/FinancialCalculatorKit-ackorybalcxbfocbkqsfdzcfkgmn/SourcePackages/checkouts/swift-parsing/Sources/Parsing/ParserPrinters/From.swift (in target 'Parsing' from project 'swift-parsing')
    cd /Users/rogerlin/XCode-Projects/FinancialCalculatorKit-5.0-updated-accent-colors/FinancialCalculatorKit.xcodeproj
    

SwiftCompile normal arm64 /Users/rogerlin/Library/Developer/Xcode/DerivedData/FinancialCalculatorKit-ackorybalcxbfocbkqsfdzcfkgmn/SourcePackages/checkouts/swift-parsing/Sources/Parsing/ParserPrinters/Int.swift (in target 'Parsing' from project 'swift-parsing')
    cd /Users/rogerlin/XCode-Projects/FinancialCalculatorKit-5.0-updated-accent-colors/FinancialCalculatorKit.xcodeproj
    

SwiftCompile normal arm64 /Users/rogerlin/Library/Developer/Xcode/DerivedData/FinancialCalculatorKit-ackorybalcxbfocbkqsfdzcfkgmn/SourcePackages/checkouts/swift-parsing/Sources/Parsing/ParserPrinters/Lazy.swift (in target 'Parsing' from project 'swift-parsing')
    cd /Users/rogerlin/XCode-Projects/FinancialCalculatorKit-5.0-updated-accent-colors/FinancialCalculatorKit.xcodeproj
    

SwiftCompile normal arm64 /Users/rogerlin/Library/Developer/Xcode/DerivedData/FinancialCalculatorKit-ackorybalcxbfocbkqsfdzcfkgmn/SourcePackages/checkouts/swift-parsing/Sources/Parsing/ParserPrinters/Literal.swift (in target 'Parsing' from project 'swift-parsing')
    cd /Users/rogerlin/XCode-Projects/FinancialCalculatorKit-5.0-updated-accent-colors/FinancialCalculatorKit.xcodeproj
    

SwiftCompile normal arm64 /Users/rogerlin/Library/Developer/Xcode/DerivedData/FinancialCalculatorKit-ackorybalcxbfocbkqsfdzcfkgmn/SourcePackages/checkouts/swift-parsing/Sources/Parsing/ParserPrinters/Many.swift (in target 'Parsing' from project 'swift-parsing')
    cd /Users/rogerlin/XCode-Projects/FinancialCalculatorKit-5.0-updated-accent-colors/FinancialCalculatorKit.xcodeproj
    

/Applications/Xcode.app/Contents/Developer/Toolchains/XcodeDefault.xctoolchain/usr/bin/swift-frontend -frontend -c /Users/rogerlin/Library/Developer/Xcode/DerivedData/FinancialCalculatorKit-ackorybalcxbfocbkqsfdzcfkgmn/SourcePackages/checkouts/swift-parsing/Sources/Parsing/Builders/OneOfBuilder.swift /Users/rogerlin/Library/Developer/Xcode/DerivedData/FinancialCalculatorKit-ackorybalcxbfocbkqsfdzcfkgmn/SourcePackages/checkouts/swift-parsing/Sources/Parsing/Builders/ParserBuilder.swift /Users/rogerlin/Library/Developer/Xcode/DerivedData/FinancialCalculatorKit-ackorybalcxbfocbkqsfdzcfkgmn/SourcePackages/checkouts/swift-parsing/Sources/Parsing/Conversion.swift /Users/rogerlin/Library/Developer/Xcode/DerivedData/FinancialCalculatorKit-ackorybalcxbfocbkqsfdzcfkgmn/SourcePackages/checkouts/swift-parsing/Sources/Parsing/Conversions/AnyConversion.swift /Users/rogerlin/Library/Developer/Xcode/DerivedData/FinancialCalculatorKit-ackorybalcxbfocbkqsfdzcfkgmn/SourcePackages/checkouts/swift-parsing/Sources/Parsing/Conversions/BinaryFloatingPoint.swift /Users/rogerlin/Library/Developer/Xcode/DerivedData/FinancialCalculatorKit-ackorybalcxbfocbkqsfdzcfkgmn/SourcePackages/checkouts/swift-parsing/Sources/Parsing/Conversions/ConversionMap.swift /Users/rogerlin/Library/Developer/Xcode/DerivedData/FinancialCalculatorKit-ackorybalcxbfocbkqsfdzcfkgmn/SourcePackages/checkouts/swift-parsing/Sources/Parsing/Conversions/Conversions.swift /Users/rogerlin/Library/Developer/Xcode/DerivedData/FinancialCalculatorKit-ackorybalcxbfocbkqsfdzcfkgmn/SourcePackages/checkouts/swift-parsing/Sources/Parsing/Conversions/Data.swift /Users/rogerlin/Library/Developer/Xcode/DerivedData/FinancialCalculatorKit-ackorybalcxbfocbkqsfdzcfkgmn/SourcePackages/checkouts/swift-parsing/Sources/Parsing/Conversions/Enum.swift /Users/rogerlin/Library/Developer/Xcode/DerivedData/FinancialCalculatorKit-ackorybalcxbfocbkqsfdzcfkgmn/SourcePackages/checkouts/swift-parsing/Sources/Parsing/Conversions/FixedWidthInteger.swift /Users/rogerlin/Library/Developer/Xcode/DerivedData/FinancialCalculatorKit-ackorybalcxbfocbkqsfdzcfkgmn/SourcePackages/checkouts/swift-parsing/Sources/Parsing/Conversions/Identity.swift /Users/rogerlin/Library/Developer/Xcode/DerivedData/FinancialCalculatorKit-ackorybalcxbfocbkqsfdzcfkgmn/SourcePackages/checkouts/swift-parsing/Sources/Parsing/Conversions/JSON.swift /Users/rogerlin/Library/Developer/Xcode/DerivedData/FinancialCalculatorKit-ackorybalcxbfocbkqsfdzcfkgmn/SourcePackages/checkouts/swift-parsing/Sources/Parsing/Conversions/LosslessStringConvertible.swift /Users/rogerlin/Library/Developer/Xcode/DerivedData/FinancialCalculatorKit-ackorybalcxbfocbkqsfdzcfkgmn/SourcePackages/checkouts/swift-parsing/Sources/Parsing/Conversions/Memberwise.swift /Users/rogerlin/Library/Developer/Xcode/DerivedData/FinancialCalculatorKit-ackorybalcxbfocbkqsfdzcfkgmn/SourcePackages/checkouts/swift-parsing/Sources/Parsing/Conversions/ParseableFormatStyleConversion.swift /Users/rogerlin/Library/Developer/Xcode/DerivedData/FinancialCalculatorKit-ackorybalcxbfocbkqsfdzcfkgmn/SourcePackages/checkouts/swift-parsing/Sources/Parsing/Conversions/RawRepresentable.swift /Users/rogerlin/Library/Developer/Xcode/DerivedData/FinancialCalculatorKit-ackorybalcxbfocbkqsfdzcfkgmn/SourcePackages/checkouts/swift-parsing/Sources/Parsing/Conversions/String.swift /Users/rogerlin/Library/Developer/Xcode/DerivedData/FinancialCalculatorKit-ackorybalcxbfocbkqsfdzcfkgmn/SourcePackages/checkouts/swift-parsing/Sources/Parsing/Conversions/Substring.swift /Users/rogerlin/Library/Developer/Xcode/DerivedData/FinancialCalculatorKit-ackorybalcxbfocbkqsfdzcfkgmn/SourcePackages/checkouts/swift-parsing/Sources/Parsing/Conversions/UTF8View.swift /Users/rogerlin/Library/Developer/Xcode/DerivedData/FinancialCalculatorKit-ackorybalcxbfocbkqsfdzcfkgmn/SourcePackages/checkouts/swift-parsing/Sources/Parsing/ConvertingError.swift /Users/rogerlin/Library/Developer/Xcode/DerivedData/FinancialCalculatorKit-ackorybalcxbfocbkqsfdzcfkgmn/SourcePackages/checkouts/swift-parsing/Sources/Parsing/CountingRange.swift /Users/rogerlin/Library/Developer/Xcode/DerivedData/FinancialCalculatorKit-ackorybalcxbfocbkqsfdzcfkgmn/SourcePackages/checkouts/swift-parsing/Sources/Parsing/EmptyInitializable.swift /Users/rogerlin/Library/Developer/Xcode/DerivedData/FinancialCalculatorKit-ackorybalcxbfocbkqsfdzcfkgmn/SourcePackages/checkouts/swift-parsing/Sources/Parsing/Internal/AnyEquatable.swift /Users/rogerlin/Library/Developer/Xcode/DerivedData/FinancialCalculatorKit-ackorybalcxbfocbkqsfdzcfkgmn/SourcePackages/checkouts/swift-parsing/Sources/Parsing/Internal/Deprecations.swift /Users/rogerlin/Library/Developer/Xcode/DerivedData/FinancialCalculatorKit-ackorybalcxbfocbkqsfdzcfkgmn/SourcePackages/checkouts/swift-parsing/Sources/Parsing/Parser.swift /Users/rogerlin/Library/Developer/Xcode/DerivedData/FinancialCalculatorKit-ackorybalcxbfocbkqsfdzcfkgmn/SourcePackages/checkouts/swift-parsing/Sources/Parsing/ParserPrinter.swift /Users/rogerlin/Library/Developer/Xcode/DerivedData/FinancialCalculatorKit-ackorybalcxbfocbkqsfdzcfkgmn/SourcePackages/checkouts/swift-parsing/Sources/Parsing/ParserPrinters/Always.swift /Users/rogerlin/Library/Developer/Xcode/DerivedData/FinancialCalculatorKit-ackorybalcxbfocbkqsfdzcfkgmn/SourcePackages/checkouts/swift-parsing/Sources/Parsing/ParserPrinters/AnyParserPrinter.swift /Users/rogerlin/Library/Developer/Xcode/DerivedData/FinancialCalculatorKit-ackorybalcxbfocbkqsfdzcfkgmn/SourcePackages/checkouts/swift-parsing/Sources/Parsing/ParserPrinters/Backtracking.swift /Users/rogerlin/Library/Developer/Xcode/DerivedData/FinancialCalculatorKit-ackorybalcxbfocbkqsfdzcfkgmn/SourcePackages/checkouts/swift-parsing/Sources/Parsing/ParserPrinters/Bool.swift /Users/rogerlin/Library/Developer/Xcode/DerivedData/FinancialCalculatorKit-ackorybalcxbfocbkqsfdzcfkgmn/SourcePackages/checkouts/swift-parsing/Sources/Parsing/ParserPrinters/CaseIterableRawRepresentable.swift /Users/rogerlin/Library/Developer/Xcode/DerivedData/FinancialCalculatorKit-ackorybalcxbfocbkqsfdzcfkgmn/SourcePackages/checkouts/swift-parsing/Sources/Parsing/ParserPrinters/CharacterSet.swift /Users/rogerlin/Library/Developer/Xcode/DerivedData/FinancialCalculatorKit-ackorybalcxbfocbkqsfdzcfkgmn/SourcePackages/checkouts/swift-parsing/Sources/Parsing/ParserPrinters/Conditional.swift /Users/rogerlin/Library/Developer/Xcode/DerivedData/FinancialCalculatorKit-ackorybalcxbfocbkqsfdzcfkgmn/SourcePackages/checkouts/swift-parsing/Sources/Parsing/ParserPrinters/Consumed.swift /Users/rogerlin/Library/Developer/Xcode/DerivedData/FinancialCalculatorKit-ackorybalcxbfocbkqsfdzcfkgmn/SourcePackages/checkouts/swift-parsing/Sources/Parsing/ParserPrinters/Digits.swift /Users/rogerlin/Library/Developer/Xcode/DerivedData/FinancialCalculatorKit-ackorybalcxbfocbkqsfdzcfkgmn/SourcePackages/checkouts/swift-parsing/Sources/Parsing/ParserPrinters/End.swift /Users/rogerlin/Library/Developer/Xcode/DerivedData/FinancialCalculatorKit-ackorybalcxbfocbkqsfdzcfkgmn/SourcePackages/checkouts/swift-parsing/Sources/Parsing/ParserPrinters/Fail.swift /Users/rogerlin/Library/Developer/Xcode/DerivedData/FinancialCalculatorKit-ackorybalcxbfocbkqsfdzcfkgmn/SourcePackages/checkouts/swift-parsing/Sources/Parsing/ParserPrinters/Filter.swift /Users/rogerlin/Library/Developer/Xcode/DerivedData/FinancialCalculatorKit-ackorybalcxbfocbkqsfdzcfkgmn/SourcePackages/checkouts/swift-parsing/Sources/Parsing/ParserPrinters/First.swift /Users/rogerlin/Library/Developer/Xcode/DerivedData/FinancialCalculatorKit-ackorybalcxbfocbkqsfdzcfkgmn/SourcePackages/checkouts/swift-parsing/Sources/Parsing/ParserPrinters/Float.swift -primary-file /Users/rogerlin/Library/Developer/Xcode/DerivedData/FinancialCalculatorKit-ackorybalcxbfocbkqsfdzcfkgmn/SourcePackages/checkouts/swift-parsing/Sources/Parsing/ParserPrinters/From.swift -primary-file /Users/rogerlin/Library/Developer/Xcode/DerivedData/FinancialCalculatorKit-ackorybalcxbfocbkqsfdzcfkgmn/SourcePackages/checkouts/swift-parsing/Sources/Parsing/ParserPrinters/Int.swift -primary-file /Users/rogerlin/Library/Developer/Xcode/DerivedData/FinancialCalculatorKit-ackorybalcxbfocbkqsfdzcfkgmn/SourcePackages/checkouts/swift-parsing/Sources/Parsing/ParserPrinters/Lazy.swift -primary-file /Users/rogerlin/Library/Developer/Xcode/DerivedData/FinancialCalculatorKit-ackorybalcxbfocbkqsfdzcfkgmn/SourcePackages/checkouts/swift-parsing/Sources/Parsing/ParserPrinters/Literal.swift -primary-file /Users/rogerlin/Library/Developer/Xcode/DerivedData/FinancialCalculatorKit-ackorybalcxbfocbkqsfdzcfkgmn/SourcePackages/checkouts/swift-parsing/Sources/Parsing/ParserPrinters/Many.swift /Users/rogerlin/Library/Developer/Xcode/DerivedData/FinancialCalculatorKit-ackorybalcxbfocbkqsfdzcfkgmn/SourcePackages/checkouts/swift-parsing/Sources/Parsing/ParserPrinters/Map.swift /Users/rogerlin/Library/Developer/Xcode/DerivedData/FinancialCalculatorKit-ackorybalcxbfocbkqsfdzcfkgmn/SourcePackages/checkouts/swift-parsing/Sources/Parsing/ParserPrinters/Newline.swift /Users/rogerlin/Library/Developer/Xcode/DerivedData/FinancialCalculatorKit-ackorybalcxbfocbkqsfdzcfkgmn/SourcePackages/checkouts/swift-parsing/Sources/Parsing/ParserPrinters/Not.swift /Users/rogerlin/Library/Developer/Xcode/DerivedData/FinancialCalculatorKit-ackorybalcxbfocbkqsfdzcfkgmn/SourcePackages/checkouts/swift-parsing/Sources/Parsing/ParserPrinters/OneOf.swift /Users/rogerlin/Library/Developer/Xcode/DerivedData/FinancialCalculatorKit-ackorybalcxbfocbkqsfdzcfkgmn/SourcePackages/checkouts/swift-parsing/Sources/Parsing/ParserPrinters/OneOfMany.swift /Users/rogerlin/Library/Developer/Xcode/DerivedData/FinancialCalculatorKit-ackorybalcxbfocbkqsfdzcfkgmn/SourcePackages/checkouts/swift-parsing/Sources/Parsing/ParserPrinters/Optional.swift /Users/rogerlin/Library/Developer/Xcode/DerivedData/FinancialCalculatorKit-ackorybalcxbfocbkqsfdzcfkgmn/SourcePackages/checkouts/swift-parsing/Sources/Parsing/ParserPrinters/Optionally.swift /Users/rogerlin/Library/Developer/Xcode/DerivedData/FinancialCalculatorKit-ackorybalcxbfocbkqsfdzcfkgmn/SourcePackages/checkouts/swift-parsing/Sources/Parsing/ParserPrinters/Parse.swift /Users/rogerlin/Library/Developer/Xcode/DerivedData/FinancialCalculatorKit-ackorybalcxbfocbkqsfdzcfkgmn/SourcePackages/checkouts/swift-parsing/Sources/Parsing/ParserPrinters/ParseableFormatStyle.swift /Users/rogerlin/Library/Developer/Xcode/DerivedData/FinancialCalculatorKit-ackorybalcxbfocbkqsfdzcfkgmn/SourcePackages/checkouts/swift-parsing/Sources/Parsing/ParserPrinters/Peek.swift /Users/rogerlin/Library/Developer/Xcode/DerivedData/FinancialCalculatorKit-ackorybalcxbfocbkqsfdzcfkgmn/SourcePackages/checkouts/swift-parsing/Sources/Parsing/ParserPrinters/Pipe.swift /Users/rogerlin/Library/Developer/Xcode/DerivedData/FinancialCalculatorKit-ackorybalcxbfocbkqsfdzcfkgmn/SourcePackages/checkouts/swift-parsing/Sources/Parsing/ParserPrinters/Prefix.swift /Users/rogerlin/Library/Developer/Xcode/DerivedData/FinancialCalculatorKit-ackorybalcxbfocbkqsfdzcfkgmn/SourcePackages/checkouts/swift-parsing/Sources/Parsing/ParserPrinters/PrefixThrough.swift /Users/rogerlin/Library/Developer/Xcode/DerivedData/FinancialCalculatorKit-ackorybalcxbfocbkqsfdzcfkgmn/SourcePackages/checkouts/swift-parsing/Sources/Parsing/ParserPrinters/PrefixUpTo.swift /Users/rogerlin/Library/Developer/Xcode/DerivedData/FinancialCalculatorKit-ackorybalcxbfocbkqsfdzcfkgmn/SourcePackages/checkouts/swift-parsing/Sources/Parsing/ParserPrinters/Printing.swift /Users/rogerlin/Library/Developer/Xcode/DerivedData/FinancialCalculatorKit-ackorybalcxbfocbkqsfdzcfkgmn/SourcePackages/checkouts/swift-parsing/Sources/Parsing/ParserPrinters/Pullback.swift /Users/rogerlin/Library/Developer/Xcode/DerivedData/FinancialCalculatorKit-ackorybalcxbfocbkqsfdzcfkgmn/SourcePackages/checkouts/swift-parsing/Sources/Parsing/ParserPrinters/ReplaceError.swift /Users/rogerlin/Library/Developer/Xcode/DerivedData/FinancialCalculatorKit-ackorybalcxbfocbkqsfdzcfkgmn/SourcePackages/checkouts/swift-parsing/Sources/Parsing/ParserPrinters/Rest.swift /Users/rogerlin/Library/Developer/Xcode/DerivedData/FinancialCalculatorKit-ackorybalcxbfocbkqsfdzcfkgmn/SourcePackages/checkouts/swift-parsing/Sources/Parsing/ParserPrinters/Skip.swift /Users/rogerlin/Library/Developer/Xcode/DerivedData/FinancialCalculatorKit-ackorybalcxbfocbkqsfdzcfkgmn/SourcePackages/checkouts/swift-parsing/Sources/Parsing/ParserPrinters/StartsWith.swift /Users/rogerlin/Library/Developer/Xcode/DerivedData/FinancialCalculatorKit-ackorybalcxbfocbkqsfdzcfkgmn/SourcePackages/checkouts/swift-parsing/Sources/Parsing/ParserPrinters/UUID.swift /Users/rogerlin/Library/Developer/Xcode/DerivedData/FinancialCalculatorKit-ackorybalcxbfocbkqsfdzcfkgmn/SourcePackages/checkouts/swift-parsing/Sources/Parsing/ParserPrinters/Whitespace.swift /Users/rogerlin/Library/Developer/Xcode/DerivedData/FinancialCalculatorKit-ackorybalcxbfocbkqsfdzcfkgmn/SourcePackages/checkouts/swift-parsing/Sources/Parsing/Parsers/AnyParser.swift /Users/rogerlin/Library/Developer/Xcode/DerivedData/FinancialCalculatorKit-ackorybalcxbfocbkqsfdzcfkgmn/SourcePackages/checkouts/swift-parsing/Sources/Parsing/Parsers/CompactMap.swift /Users/rogerlin/Library/Developer/Xcode/DerivedData/FinancialCalculatorKit-ackorybalcxbfocbkqsfdzcfkgmn/SourcePackages/checkouts/swift-parsing/Sources/Parsing/Parsers/FlatMap.swift /Users/rogerlin/Library/Developer/Xcode/DerivedData/FinancialCalculatorKit-ackorybalcxbfocbkqsfdzcfkgmn/SourcePackages/checkouts/swift-parsing/Sources/Parsing/Parsers/Parsers.swift /Users/rogerlin/Library/Developer/Xcode/DerivedData/FinancialCalculatorKit-ackorybalcxbfocbkqsfdzcfkgmn/SourcePackages/checkouts/swift-parsing/Sources/Parsing/Parsers/Stream.swift /Users/rogerlin/Library/Developer/Xcode/DerivedData/FinancialCalculatorKit-ackorybalcxbfocbkqsfdzcfkgmn/SourcePackages/checkouts/swift-parsing/Sources/Parsing/ParsingError.swift /Users/rogerlin/Library/Developer/Xcode/DerivedData/FinancialCalculatorKit-ackorybalcxbfocbkqsfdzcfkgmn/SourcePackages/checkouts/swift-parsing/Sources/Parsing/PrependableCollection.swift /Users/rogerlin/Library/Developer/Xcode/DerivedData/FinancialCalculatorKit-ackorybalcxbfocbkqsfdzcfkgmn/SourcePackages/checkouts/swift-parsing/Sources/Parsing/PrintingError.swift -supplementary-output-file-map /Users/rogerlin/Library/Developer/Xcode/DerivedData/FinancialCalculatorKit-ackorybalcxbfocbkqsfdzcfkgmn/Build/Intermediates.noindex/swift-parsing.build/Debug/Parsing.build/Objects-normal/arm64/supplementaryOutputs-43 -target arm64-apple-macos10.15 -load-resolved-plugin \#/Users/rogerlin/Library/Developer/Xcode/DerivedData/FinancialCalculatorKit-ackorybalcxbfocbkqsfdzcfkgmn/Build/Products/Debug/CasePathsMacros\#CasePathsMacros -load-resolved-plugin /Applications/Xcode.app/Contents/Developer/Platforms/MacOSX.platform/Developer/usr/lib/swift/host/plugins/libFoundationMacros.dylib\#/Applications/Xcode.app/Contents/Developer/Platforms/MacOSX.platform/Developer/usr/bin/swift-plugin-server\#FoundationMacros -load-resolved-plugin /Applications/Xcode.app/Contents/Developer/Platforms/MacOSX.platform/Developer/usr/lib/swift/host/plugins/libObservationMacros.dylib\#/Applications/Xcode.app/Contents/Developer/Platforms/MacOSX.platform/Developer/usr/bin/swift-plugin-server\#ObservationMacros -load-resolved-plugin /Applications/Xcode.app/Contents/Developer/Platforms/MacOSX.platform/Developer/usr/lib/swift/host/plugins/libSwiftMacros.dylib\#/Applications/Xcode.app/Contents/Developer/Platforms/MacOSX.platform/Developer/usr/bin/swift-plugin-server\#SwiftMacros -disable-implicit-swift-modules -Xcc -fno-implicit-modules -Xcc -fno-implicit-module-maps -explicit-swift-module-map-file /Users/rogerlin/Library/Developer/Xcode/DerivedData/FinancialCalculatorKit-ackorybalcxbfocbkqsfdzcfkgmn/Build/Intermediates.noindex/swift-parsing.build/Debug/Parsing.build/Objects-normal/arm64/Parsing-dependencies-1.json -Xllvm -aarch64-use-tbi -enable-objc-interop -stack-check -sdk /Applications/Xcode.app/Contents/Developer/Platforms/MacOSX.platform/Developer/SDKs/MacOSX26.1.sdk -I /Users/rogerlin/Library/Developer/Xcode/DerivedData/FinancialCalculatorKit-ackorybalcxbfocbkqsfdzcfkgmn/Build/Products/Debug -Isystem /Applications/Xcode.app/Contents/Developer/Platforms/MacOSX.platform/Developer/usr/lib -F /Users/rogerlin/Library/Developer/Xcode/DerivedData/FinancialCalculatorKit-ackorybalcxbfocbkqsfdzcfkgmn/Build/Products/Debug/PackageFrameworks -F /Users/rogerlin/Library/Developer/Xcode/DerivedData/FinancialCalculatorKit-ackorybalcxbfocbkqsfdzcfkgmn/Build/Products/Debug/PackageFrameworks -F /Users/rogerlin/Library/Developer/Xcode/DerivedData/FinancialCalculatorKit-ackorybalcxbfocbkqsfdzcfkgmn/Build/Products/Debug/PackageFrameworks -F /Users/rogerlin/Library/Developer/Xcode/DerivedData/FinancialCalculatorKit-ackorybalcxbfocbkqsfdzcfkgmn/Build/Products/Debug/PackageFrameworks -F /Users/rogerlin/Library/Developer/Xcode/DerivedData/FinancialCalculatorKit-ackorybalcxbfocbkqsfdzcfkgmn/Build/Products/Debug -F /Applications/Xcode.app/Contents/Developer/Platforms/MacOSX.platform/Developer/Library/Frameworks -no-color-diagnostics -Xcc -fno-color-diagnostics -enable-testing -g -debug-info-format\=dwarf -dwarf-version\=4 -module-cache-path /Users/rogerlin/Library/Developer/Xcode/DerivedData/FinancialCalculatorKit-ackorybalcxbfocbkqsfdzcfkgmn/Build/Intermediates.noindex/SwiftExplicitPrecompiledModules -suppress-warnings -profile-generate -profile-coverage-mapping -swift-version 5 -enforce-exclusivity\=checked -Onone -D SWIFT_PACKAGE -D DEBUG -D SWIFT_MODULE_RESOURCE_BUNDLE_UNAVAILABLE -D Xcode -serialize-debugging-options -load-plugin-executable /Users/rogerlin/Library/Developer/Xcode/DerivedData/FinancialCalculatorKit-ackorybalcxbfocbkqsfdzcfkgmn/Build/Products/Debug/CasePathsMacros\#CasePathsMacros -const-gather-protocols-file /Users/rogerlin/Library/Developer/Xcode/DerivedData/FinancialCalculatorKit-ackorybalcxbfocbkqsfdzcfkgmn/Build/Intermediates.noindex/swift-parsing.build/Debug/Parsing.build/Objects-normal/arm64/Parsing_const_extract_protocols.json -enable-experimental-feature DebugDescriptionMacro -empty-abi-descriptor -validate-clang-modules-once -clang-build-session-file /Users/rogerlin/Library/Developer/Xcode/DerivedData/ModuleCache.noindex/Session.modulevalidation -Xcc -working-directory -Xcc /Users/rogerlin/XCode-Projects/FinancialCalculatorKit-5.0-updated-accent-colors/FinancialCalculatorKit.xcodeproj -enable-anonymous-context-mangled-names -file-compilation-dir /Users/rogerlin/XCode-Projects/FinancialCalculatorKit-5.0-updated-accent-colors/FinancialCalculatorKit.xcodeproj -Xcc -D_LIBCPP_HARDENING_MODE\=_LIBCPP_HARDENING_MODE_DEBUG -Xcc -ivfsstatcache -Xcc /Users/rogerlin/Library/Developer/Xcode/DerivedData/SDKStatCaches.noindex/macosx26.1-25B74-3ae1261907bdadc328169391a47051a6.sdkstatcache -Xcc -I/Users/rogerlin/Library/Developer/Xcode/DerivedData/FinancialCalculatorKit-ackorybalcxbfocbkqsfdzcfkgmn/Build/Intermediates.noindex/swift-parsing.build/Debug/Parsing.build/swift-overrides.hmap -Xcc -I/Users/rogerlin/Library/Developer/Xcode/DerivedData/FinancialCalculatorKit-ackorybalcxbfocbkqsfdzcfkgmn/Build/Products/Debug/include -Xcc -I/Users/rogerlin/Library/Developer/Xcode/DerivedData/FinancialCalculatorKit-ackorybalcxbfocbkqsfdzcfkgmn/Build/Intermediates.noindex/swift-parsing.build/Debug/Parsing.build/DerivedSources-normal/arm64 -Xcc -I/Users/rogerlin/Library/Developer/Xcode/DerivedData/FinancialCalculatorKit-ackorybalcxbfocbkqsfdzcfkgmn/Build/Intermediates.noindex/swift-parsing.build/Debug/Parsing.build/DerivedSources/arm64 -Xcc -I/Users/rogerlin/Library/Developer/Xcode/DerivedData/FinancialCalculatorKit-ackorybalcxbfocbkqsfdzcfkgmn/Build/Intermediates.noindex/swift-parsing.build/Debug/Parsing.build/DerivedSources -Xcc -DSWIFT_PACKAGE -Xcc -DDEBUG\=1 -no-auto-bridging-header-chaining -module-name Parsing -package-name swift_parsing -frontend-parseable-output -disable-clang-spi -target-sdk-version 26.1 -target-sdk-name macosx26.1 -clang-target arm64-apple-macos26.1 -in-process-plugin-server-path /Applications/Xcode.app/Contents/Developer/Toolchains/XcodeDefault.xctoolchain/usr/lib/swift/host/libSwiftInProcPluginServer.dylib -o /Users/rogerlin/Library/Developer/Xcode/DerivedData/FinancialCalculatorKit-ackorybalcxbfocbkqsfdzcfkgmn/Build/Intermediates.noindex/swift-parsing.build/Debug/Parsing.build/Objects-normal/arm64/From.o -o /Users/rogerlin/Library/Developer/Xcode/DerivedData/FinancialCalculatorKit-ackorybalcxbfocbkqsfdzcfkgmn/Build/Intermediates.noindex/swift-parsing.build/Debug/Parsing.build/Objects-normal/arm64/Int.o -o /Users/rogerlin/Library/Developer/Xcode/DerivedData/FinancialCalculatorKit-ackorybalcxbfocbkqsfdzcfkgmn/Build/Intermediates.noindex/swift-parsing.build/Debug/Parsing.build/Objects-normal/arm64/Lazy.o -o /Users/rogerlin/Library/Developer/Xcode/DerivedData/FinancialCalculatorKit-ackorybalcxbfocbkqsfdzcfkgmn/Build/Intermediates.noindex/swift-parsing.build/Debug/Parsing.build/Objects-normal/arm64/Literal.o -o /Users/rogerlin/Library/Developer/Xcode/DerivedData/FinancialCalculatorKit-ackorybalcxbfocbkqsfdzcfkgmn/Build/Intermediates.noindex/swift-parsing.build/Debug/Parsing.build/Objects-normal/arm64/Many.o -index-unit-output-path /swift-parsing.build/Debug/Parsing.build/Objects-normal/arm64/From.o -index-unit-output-path /swift-parsing.build/Debug/Parsing.build/Objects-normal/arm64/Int.o -index-unit-output-path /swift-parsing.build/Debug/Parsing.build/Objects-normal/arm64/Lazy.o -index-unit-output-path /swift-parsing.build/Debug/Parsing.build/Objects-normal/arm64/Literal.o -index-unit-output-path /swift-parsing.build/Debug/Parsing.build/Objects-normal/arm64/Many.o -index-store-path /Users/rogerlin/Library/Developer/Xcode/DerivedData/FinancialCalculatorKit-ackorybalcxbfocbkqsfdzcfkgmn/Index.noindex/DataStore -index-system-modules
SwiftCompile normal arm64 Compiling\ Pipe.swift,\ Prefix.swift,\ PrefixThrough.swift,\ PrefixUpTo.swift /Users/rogerlin/Library/Developer/Xcode/DerivedData/FinancialCalculatorKit-ackorybalcxbfocbkqsfdzcfkgmn/SourcePackages/checkouts/swift-parsing/Sources/Parsing/ParserPrinters/Pipe.swift /Users/rogerlin/Library/Developer/Xcode/DerivedData/FinancialCalculatorKit-ackorybalcxbfocbkqsfdzcfkgmn/SourcePackages/checkouts/swift-parsing/Sources/Parsing/ParserPrinters/Prefix.swift /Users/rogerlin/Library/Developer/Xcode/DerivedData/FinancialCalculatorKit-ackorybalcxbfocbkqsfdzcfkgmn/SourcePackages/checkouts/swift-parsing/Sources/Parsing/ParserPrinters/PrefixThrough.swift /Users/rogerlin/Library/Developer/Xcode/DerivedData/FinancialCalculatorKit-ackorybalcxbfocbkqsfdzcfkgmn/SourcePackages/checkouts/swift-parsing/Sources/Parsing/ParserPrinters/PrefixUpTo.swift (in target 'Parsing' from project 'swift-parsing')
/Applications/Xcode.app/Contents/Developer/Toolchains/XcodeDefault.xctoolchain/usr/bin/swift-frontend -frontend -c /Users/rogerlin/Library/Developer/Xcode/DerivedData/FinancialCalculatorKit-ackorybalcxbfocbkqsfdzcfkgmn/SourcePackages/checkouts/swift-parsing/Sources/Parsing/Builders/OneOfBuilder.swift /Users/rogerlin/Library/Developer/Xcode/DerivedData/FinancialCalculatorKit-ackorybalcxbfocbkqsfdzcfkgmn/SourcePackages/checkouts/swift-parsing/Sources/Parsing/Builders/ParserBuilder.swift /Users/rogerlin/Library/Developer/Xcode/DerivedData/FinancialCalculatorKit-ackorybalcxbfocbkqsfdzcfkgmn/SourcePackages/checkouts/swift-parsing/Sources/Parsing/Conversion.swift /Users/rogerlin/Library/Developer/Xcode/DerivedData/FinancialCalculatorKit-ackorybalcxbfocbkqsfdzcfkgmn/SourcePackages/checkouts/swift-parsing/Sources/Parsing/Conversions/AnyConversion.swift /Users/rogerlin/Library/Developer/Xcode/DerivedData/FinancialCalculatorKit-ackorybalcxbfocbkqsfdzcfkgmn/SourcePackages/checkouts/swift-parsing/Sources/Parsing/Conversions/BinaryFloatingPoint.swift /Users/rogerlin/Library/Developer/Xcode/DerivedData/FinancialCalculatorKit-ackorybalcxbfocbkqsfdzcfkgmn/SourcePackages/checkouts/swift-parsing/Sources/Parsing/Conversions/ConversionMap.swift /Users/rogerlin/Library/Developer/Xcode/DerivedData/FinancialCalculatorKit-ackorybalcxbfocbkqsfdzcfkgmn/SourcePackages/checkouts/swift-parsing/Sources/Parsing/Conversions/Conversions.swift /Users/rogerlin/Library/Developer/Xcode/DerivedData/FinancialCalculatorKit-ackorybalcxbfocbkqsfdzcfkgmn/SourcePackages/checkouts/swift-parsing/Sources/Parsing/Conversions/Data.swift /Users/rogerlin/Library/Developer/Xcode/DerivedData/FinancialCalculatorKit-ackorybalcxbfocbkqsfdzcfkgmn/SourcePackages/checkouts/swift-parsing/Sources/Parsing/Conversions/Enum.swift /Users/rogerlin/Library/Developer/Xcode/DerivedData/FinancialCalculatorKit-ackorybalcxbfocbkqsfdzcfkgmn/SourcePackages/checkouts/swift-parsing/Sources/Parsing/Conversions/FixedWidthInteger.swift /Users/rogerlin/Library/Developer/Xcode/DerivedData/FinancialCalculatorKit-ackorybalcxbfocbkqsfdzcfkgmn/SourcePackages/checkouts/swift-parsing/Sources/Parsing/Conversions/Identity.swift /Users/rogerlin/Library/Developer/Xcode/DerivedData/FinancialCalculatorKit-ackorybalcxbfocbkqsfdzcfkgmn/SourcePackages/checkouts/swift-parsing/Sources/Parsing/Conversions/JSON.swift /Users/rogerlin/Library/Developer/Xcode/DerivedData/FinancialCalculatorKit-ackorybalcxbfocbkqsfdzcfkgmn/SourcePackages/checkouts/swift-parsing/Sources/Parsing/Conversions/LosslessStringConvertible.swift /Users/rogerlin/Library/Developer/Xcode/DerivedData/FinancialCalculatorKit-ackorybalcxbfocbkqsfdzcfkgmn/SourcePackages/checkouts/swift-parsing/Sources/Parsing/Conversions/Memberwise.swift /Users/rogerlin/Library/Developer/Xcode/DerivedData/FinancialCalculatorKit-ackorybalcxbfocbkqsfdzcfkgmn/SourcePackages/checkouts/swift-parsing/Sources/Parsing/Conversions/ParseableFormatStyleConversion.swift /Users/rogerlin/Library/Developer/Xcode/DerivedData/FinancialCalculatorKit-ackorybalcxbfocbkqsfdzcfkgmn/SourcePackages/checkouts/swift-parsing/Sources/Parsing/Conversions/RawRepresentable.swift /Users/rogerlin/Library/Developer/Xcode/DerivedData/FinancialCalculatorKit-ackorybalcxbfocbkqsfdzcfkgmn/SourcePackages/checkouts/swift-parsing/Sources/Parsing/Conversions/String.swift /Users/rogerlin/Library/Developer/Xcode/DerivedData/FinancialCalculatorKit-ackorybalcxbfocbkqsfdzcfkgmn/SourcePackages/checkouts/swift-parsing/Sources/Parsing/Conversions/Substring.swift /Users/rogerlin/Library/Developer/Xcode/DerivedData/FinancialCalculatorKit-ackorybalcxbfocbkqsfdzcfkgmn/SourcePackages/checkouts/swift-parsing/Sources/Parsing/Conversions/UTF8View.swift /Users/rogerlin/Library/Developer/Xcode/DerivedData/FinancialCalculatorKit-ackorybalcxbfocbkqsfdzcfkgmn/SourcePackages/checkouts/swift-parsing/Sources/Parsing/ConvertingError.swift /Users/rogerlin/Library/Developer/Xcode/DerivedData/FinancialCalculatorKit-ackorybalcxbfocbkqsfdzcfkgmn/SourcePackages/checkouts/swift-parsing/Sources/Parsing/CountingRange.swift /Users/rogerlin/Library/Developer/Xcode/DerivedData/FinancialCalculatorKit-ackorybalcxbfocbkqsfdzcfkgmn/SourcePackages/checkouts/swift-parsing/Sources/Parsing/EmptyInitializable.swift /Users/rogerlin/Library/Developer/Xcode/DerivedData/FinancialCalculatorKit-ackorybalcxbfocbkqsfdzcfkgmn/SourcePackages/checkouts/swift-parsing/Sources/Parsing/Internal/AnyEquatable.swift /Users/rogerlin/Library/Developer/Xcode/DerivedData/FinancialCalculatorKit-ackorybalcxbfocbkqsfdzcfkgmn/SourcePackages/checkouts/swift-parsing/Sources/Parsing/Internal/Deprecations.swift /Users/rogerlin/Library/Developer/Xcode/DerivedData/FinancialCalculatorKit-ackorybalcxbfocbkqsfdzcfkgmn/SourcePackages/checkouts/swift-parsing/Sources/Parsing/Parser.swift /Users/rogerlin/Library/Developer/Xcode/DerivedData/FinancialCalculatorKit-ackorybalcxbfocbkqsfdzcfkgmn/SourcePackages/checkouts/swift-parsing/Sources/Parsing/ParserPrinter.swift /Users/rogerlin/Library/Developer/Xcode/DerivedData/FinancialCalculatorKit-ackorybalcxbfocbkqsfdzcfkgmn/SourcePackages/checkouts/swift-parsing/Sources/Parsing/ParserPrinters/Always.swift /Users/rogerlin/Library/Developer/Xcode/DerivedData/FinancialCalculatorKit-ackorybalcxbfocbkqsfdzcfkgmn/SourcePackages/checkouts/swift-parsing/Sources/Parsing/ParserPrinters/AnyParserPrinter.swift /Users/rogerlin/Library/Developer/Xcode/DerivedData/FinancialCalculatorKit-ackorybalcxbfocbkqsfdzcfkgmn/SourcePackages/checkouts/swift-parsing/Sources/Parsing/ParserPrinters/Backtracking.swift /Users/rogerlin/Library/Developer/Xcode/DerivedData/FinancialCalculatorKit-ackorybalcxbfocbkqsfdzcfkgmn/SourcePackages/checkouts/swift-parsing/Sources/Parsing/ParserPrinters/Bool.swift /Users/rogerlin/Library/Developer/Xcode/DerivedData/FinancialCalculatorKit-ackorybalcxbfocbkqsfdzcfkgmn/SourcePackages/checkouts/swift-parsing/Sources/Parsing/ParserPrinters/CaseIterableRawRepresentable.swift /Users/rogerlin/Library/Developer/Xcode/DerivedData/FinancialCalculatorKit-ackorybalcxbfocbkqsfdzcfkgmn/SourcePackages/checkouts/swift-parsing/Sources/Parsing/ParserPrinters/CharacterSet.swift /Users/rogerlin/Library/Developer/Xcode/DerivedData/FinancialCalculatorKit-ackorybalcxbfocbkqsfdzcfkgmn/SourcePackages/checkouts/swift-parsing/Sources/Parsing/ParserPrinters/Conditional.swift /Users/rogerlin/Library/Developer/Xcode/DerivedData/FinancialCalculatorKit-ackorybalcxbfocbkqsfdzcfkgmn/SourcePackages/checkouts/swift-parsing/Sources/Parsing/ParserPrinters/Consumed.swift /Users/rogerlin/Library/Developer/Xcode/DerivedData/FinancialCalculatorKit-ackorybalcxbfocbkqsfdzcfkgmn/SourcePackages/checkouts/swift-parsing/Sources/Parsing/ParserPrinters/Digits.swift /Users/rogerlin/Library/Developer/Xcode/DerivedData/FinancialCalculatorKit-ackorybalcxbfocbkqsfdzcfkgmn/SourcePackages/checkouts/swift-parsing/Sources/Parsing/ParserPrinters/End.swift /Users/rogerlin/Library/Developer/Xcode/DerivedData/FinancialCalculatorKit-ackorybalcxbfocbkqsfdzcfkgmn/SourcePackages/checkouts/swift-parsing/Sources/Parsing/ParserPrinters/Fail.swift /Users/rogerlin/Library/Developer/Xcode/DerivedData/FinancialCalculatorKit-ackorybalcxbfocbkqsfdzcfkgmn/SourcePackages/checkouts/swift-parsing/Sources/Parsing/ParserPrinters/Filter.swift /Users/rogerlin/Library/Developer/Xcode/DerivedData/FinancialCalculatorKit-ackorybalcxbfocbkqsfdzcfkgmn/SourcePackages/checkouts/swift-parsing/Sources/Parsing/ParserPrinters/First.swift /Users/rogerlin/Library/Developer/Xcode/DerivedData/FinancialCalculatorKit-ackorybalcxbfocbkqsfdzcfkgmn/SourcePackages/checkouts/swift-parsing/Sources/Parsing/ParserPrinters/Float.swift /Users/rogerlin/Library/Developer/Xcode/DerivedData/FinancialCalculatorKit-ackorybalcxbfocbkqsfdzcfkgmn/SourcePackages/checkouts/swift-parsing/Sources/Parsing/ParserPrinters/From.swift /Users/rogerlin/Library/Developer/Xcode/DerivedData/FinancialCalculatorKit-ackorybalcxbfocbkqsfdzcfkgmn/SourcePackages/checkouts/swift-parsing/Sources/Parsing/ParserPrinters/Int.swift /Users/rogerlin/Library/Developer/Xcode/DerivedData/FinancialCalculatorKit-ackorybalcxbfocbkqsfdzcfkgmn/SourcePackages/checkouts/swift-parsing/Sources/Parsing/ParserPrinters/Lazy.swift /Users/rogerlin/Library/Developer/Xcode/DerivedData/FinancialCalculatorKit-ackorybalcxbfocbkqsfdzcfkgmn/SourcePackages/checkouts/swift-parsing/Sources/Parsing/ParserPrinters/Literal.swift /Users/rogerlin/Library/Developer/Xcode/DerivedData/FinancialCalculatorKit-ackorybalcxbfocbkqsfdzcfkgmn/SourcePackages/checkouts/swift-parsing/Sources/Parsing/ParserPrinters/Many.swift /Users/rogerlin/Library/Developer/Xcode/DerivedData/FinancialCalculatorKit-ackorybalcxbfocbkqsfdzcfkgmn/SourcePackages/checkouts/swift-parsing/Sources/Parsing/ParserPrinters/Map.swift /Users/rogerlin/Library/Developer/Xcode/DerivedData/FinancialCalculatorKit-ackorybalcxbfocbkqsfdzcfkgmn/SourcePackages/checkouts/swift-parsing/Sources/Parsing/ParserPrinters/Newline.swift /Users/rogerlin/Library/Developer/Xcode/DerivedData/FinancialCalculatorKit-ackorybalcxbfocbkqsfdzcfkgmn/SourcePackages/checkouts/swift-parsing/Sources/Parsing/ParserPrinters/Not.swift /Users/rogerlin/Library/Developer/Xcode/DerivedData/FinancialCalculatorKit-ackorybalcxbfocbkqsfdzcfkgmn/SourcePackages/checkouts/swift-parsing/Sources/Parsing/ParserPrinters/OneOf.swift /Users/rogerlin/Library/Developer/Xcode/DerivedData/FinancialCalculatorKit-ackorybalcxbfocbkqsfdzcfkgmn/SourcePackages/checkouts/swift-parsing/Sources/Parsing/ParserPrinters/OneOfMany.swift /Users/rogerlin/Library/Developer/Xcode/DerivedData/FinancialCalculatorKit-ackorybalcxbfocbkqsfdzcfkgmn/SourcePackages/checkouts/swift-parsing/Sources/Parsing/ParserPrinters/Optional.swift /Users/rogerlin/Library/Developer/Xcode/DerivedData/FinancialCalculatorKit-ackorybalcxbfocbkqsfdzcfkgmn/SourcePackages/checkouts/swift-parsing/Sources/Parsing/ParserPrinters/Optionally.swift /Users/rogerlin/Library/Developer/Xcode/DerivedData/FinancialCalculatorKit-ackorybalcxbfocbkqsfdzcfkgmn/SourcePackages/checkouts/swift-parsing/Sources/Parsing/ParserPrinters/Parse.swift /Users/rogerlin/Library/Developer/Xcode/DerivedData/FinancialCalculatorKit-ackorybalcxbfocbkqsfdzcfkgmn/SourcePackages/checkouts/swift-parsing/Sources/Parsing/ParserPrinters/ParseableFormatStyle.swift /Users/rogerlin/Library/Developer/Xcode/DerivedData/FinancialCalculatorKit-ackorybalcxbfocbkqsfdzcfkgmn/SourcePackages/checkouts/swift-parsing/Sources/Parsing/ParserPrinters/Peek.swift -primary-file /Users/rogerlin/Library/Developer/Xcode/DerivedData/FinancialCalculatorKit-ackorybalcxbfocbkqsfdzcfkgmn/SourcePackages/checkouts/swift-parsing/Sources/Parsing/ParserPrinters/Pipe.swift -primary-file /Users/rogerlin/Library/Developer/Xcode/DerivedData/FinancialCalculatorKit-ackorybalcxbfocbkqsfdzcfkgmn/SourcePackages/checkouts/swift-parsing/Sources/Parsing/ParserPrinters/Prefix.swift -primary-file /Users/rogerlin/Library/Developer/Xcode/DerivedData/FinancialCalculatorKit-ackorybalcxbfocbkqsfdzcfkgmn/SourcePackages/checkouts/swift-parsing/Sources/Parsing/ParserPrinters/PrefixThrough.swift -primary-file /Users/rogerlin/Library/Developer/Xcode/DerivedData/FinancialCalculatorKit-ackorybalcxbfocbkqsfdzcfkgmn/SourcePackages/checkouts/swift-parsing/Sources/Parsing/ParserPrinters/PrefixUpTo.swift /Users/rogerlin/Library/Developer/Xcode/DerivedData/FinancialCalculatorKit-ackorybalcxbfocbkqsfdzcfkgmn/SourcePackages/checkouts/swift-parsing/Sources/Parsing/ParserPrinters/Printing.swift /Users/rogerlin/Library/Developer/Xcode/DerivedData/FinancialCalculatorKit-ackorybalcxbfocbkqsfdzcfkgmn/SourcePackages/checkouts/swift-parsing/Sources/Parsing/ParserPrinters/Pullback.swift /Users/rogerlin/Library/Developer/Xcode/DerivedData/FinancialCalculatorKit-ackorybalcxbfocbkqsfdzcfkgmn/SourcePackages/checkouts/swift-parsing/Sources/Parsing/ParserPrinters/ReplaceError.swift /Users/rogerlin/Library/Developer/Xcode/DerivedData/FinancialCalculatorKit-ackorybalcxbfocbkqsfdzcfkgmn/SourcePackages/checkouts/swift-parsing/Sources/Parsing/ParserPrinters/Rest.swift /Users/rogerlin/Library/Developer/Xcode/DerivedData/FinancialCalculatorKit-ackorybalcxbfocbkqsfdzcfkgmn/SourcePackages/checkouts/swift-parsing/Sources/Parsing/ParserPrinters/Skip.swift /Users/rogerlin/Library/Developer/Xcode/DerivedData/FinancialCalculatorKit-ackorybalcxbfocbkqsfdzcfkgmn/SourcePackages/checkouts/swift-parsing/Sources/Parsing/ParserPrinters/StartsWith.swift /Users/rogerlin/Library/Developer/Xcode/DerivedData/FinancialCalculatorKit-ackorybalcxbfocbkqsfdzcfkgmn/SourcePackages/checkouts/swift-parsing/Sources/Parsing/ParserPrinters/UUID.swift /Users/rogerlin/Library/Developer/Xcode/DerivedData/FinancialCalculatorKit-ackorybalcxbfocbkqsfdzcfkgmn/SourcePackages/checkouts/swift-parsing/Sources/Parsing/ParserPrinters/Whitespace.swift /Users/rogerlin/Library/Developer/Xcode/DerivedData/FinancialCalculatorKit-ackorybalcxbfocbkqsfdzcfkgmn/SourcePackages/checkouts/swift-parsing/Sources/Parsing/Parsers/AnyParser.swift /Users/rogerlin/Library/Developer/Xcode/DerivedData/FinancialCalculatorKit-ackorybalcxbfocbkqsfdzcfkgmn/SourcePackages/checkouts/swift-parsing/Sources/Parsing/Parsers/CompactMap.swift /Users/rogerlin/Library/Developer/Xcode/DerivedData/FinancialCalculatorKit-ackorybalcxbfocbkqsfdzcfkgmn/SourcePackages/checkouts/swift-parsing/Sources/Parsing/Parsers/FlatMap.swift /Users/rogerlin/Library/Developer/Xcode/DerivedData/FinancialCalculatorKit-ackorybalcxbfocbkqsfdzcfkgmn/SourcePackages/checkouts/swift-parsing/Sources/Parsing/Parsers/Parsers.swift /Users/rogerlin/Library/Developer/Xcode/DerivedData/FinancialCalculatorKit-ackorybalcxbfocbkqsfdzcfkgmn/SourcePackages/checkouts/swift-parsing/Sources/Parsing/Parsers/Stream.swift /Users/rogerlin/Library/Developer/Xcode/DerivedData/FinancialCalculatorKit-ackorybalcxbfocbkqsfdzcfkgmn/SourcePackages/checkouts/swift-parsing/Sources/Parsing/ParsingError.swift /Users/rogerlin/Library/Developer/Xcode/DerivedData/FinancialCalculatorKit-ackorybalcxbfocbkqsfdzcfkgmn/SourcePackages/checkouts/swift-parsing/Sources/Parsing/PrependableCollection.swift /Users/rogerlin/Library/Developer/Xcode/DerivedData/FinancialCalculatorKit-ackorybalcxbfocbkqsfdzcfkgmn/SourcePackages/checkouts/swift-parsing/Sources/Parsing/PrintingError.swift -supplementary-output-file-map /Users/rogerlin/Library/Developer/Xcode/DerivedData/FinancialCalculatorKit-ackorybalcxbfocbkqsfdzcfkgmn/Build/Intermediates.noindex/swift-parsing.build/Debug/Parsing.build/Objects-normal/arm64/supplementaryOutputs-46 -target arm64-apple-macos10.15 -load-resolved-plugin \#/Users/rogerlin/Library/Developer/Xcode/DerivedData/FinancialCalculatorKit-ackorybalcxbfocbkqsfdzcfkgmn/Build/Products/Debug/CasePathsMacros\#CasePathsMacros -load-resolved-plugin /Applications/Xcode.app/Contents/Developer/Platforms/MacOSX.platform/Developer/usr/lib/swift/host/plugins/libFoundationMacros.dylib\#/Applications/Xcode.app/Contents/Developer/Platforms/MacOSX.platform/Developer/usr/bin/swift-plugin-server\#FoundationMacros -load-resolved-plugin /Applications/Xcode.app/Contents/Developer/Platforms/MacOSX.platform/Developer/usr/lib/swift/host/plugins/libObservationMacros.dylib\#/Applications/Xcode.app/Contents/Developer/Platforms/MacOSX.platform/Developer/usr/bin/swift-plugin-server\#ObservationMacros -load-resolved-plugin /Applications/Xcode.app/Contents/Developer/Platforms/MacOSX.platform/Developer/usr/lib/swift/host/plugins/libSwiftMacros.dylib\#/Applications/Xcode.app/Contents/Developer/Platforms/MacOSX.platform/Developer/usr/bin/swift-plugin-server\#SwiftMacros -disable-implicit-swift-modules -Xcc -fno-implicit-modules -Xcc -fno-implicit-module-maps -explicit-swift-module-map-file /Users/rogerlin/Library/Developer/Xcode/DerivedData/FinancialCalculatorKit-ackorybalcxbfocbkqsfdzcfkgmn/Build/Intermediates.noindex/swift-parsing.build/Debug/Parsing.build/Objects-normal/arm64/Parsing-dependencies-1.json -Xllvm -aarch64-use-tbi -enable-objc-interop -stack-check -sdk /Applications/Xcode.app/Contents/Developer/Platforms/MacOSX.platform/Developer/SDKs/MacOSX26.1.sdk -I /Users/rogerlin/Library/Developer/Xcode/DerivedData/FinancialCalculatorKit-ackorybalcxbfocbkqsfdzcfkgmn/Build/Products/Debug -Isystem /Applications/Xcode.app/Contents/Developer/Platforms/MacOSX.platform/Developer/usr/lib -F /Users/rogerlin/Library/Developer/Xcode/DerivedData/FinancialCalculatorKit-ackorybalcxbfocbkqsfdzcfkgmn/Build/Products/Debug/PackageFrameworks -F /Users/rogerlin/Library/Developer/Xcode/DerivedData/FinancialCalculatorKit-ackorybalcxbfocbkqsfdzcfkgmn/Build/Products/Debug/PackageFrameworks -F /Users/rogerlin/Library/Developer/Xcode/DerivedData/FinancialCalculatorKit-ackorybalcxbfocbkqsfdzcfkgmn/Build/Products/Debug/PackageFrameworks -F /Users/rogerlin/Library/Developer/Xcode/DerivedData/FinancialCalculatorKit-ackorybalcxbfocbkqsfdzcfkgmn/Build/Products/Debug/PackageFrameworks -F /Users/rogerlin/Library/Developer/Xcode/DerivedData/FinancialCalculatorKit-ackorybalcxbfocbkqsfdzcfkgmn/Build/Products/Debug -F /Applications/Xcode.app/Contents/Developer/Platforms/MacOSX.platform/Developer/Library/Frameworks -no-color-diagnostics -Xcc -fno-color-diagnostics -enable-testing -g -debug-info-format\=dwarf -dwarf-version\=4 -module-cache-path /Users/rogerlin/Library/Developer/Xcode/DerivedData/FinancialCalculatorKit-ackorybalcxbfocbkqsfdzcfkgmn/Build/Intermediates.noindex/SwiftExplicitPrecompiledModules -suppress-warnings -profile-generate -profile-coverage-mapping -swift-version 5 -enforce-exclusivity\=checked -Onone -D SWIFT_PACKAGE -D DEBUG -D SWIFT_MODULE_RESOURCE_BUNDLE_UNAVAILABLE -D Xcode -serialize-debugging-options -load-plugin-executable /Users/rogerlin/Library/Developer/Xcode/DerivedData/FinancialCalculatorKit-ackorybalcxbfocbkqsfdzcfkgmn/Build/Products/Debug/CasePathsMacros\#CasePathsMacros -const-gather-protocols-file /Users/rogerlin/Library/Developer/Xcode/DerivedData/FinancialCalculatorKit-ackorybalcxbfocbkqsfdzcfkgmn/Build/Intermediates.noindex/swift-parsing.build/Debug/Parsing.build/Objects-normal/arm64/Parsing_const_extract_protocols.json -enable-experimental-feature DebugDescriptionMacro -empty-abi-descriptor -validate-clang-modules-once -clang-build-session-file /Users/rogerlin/Library/Developer/Xcode/DerivedData/ModuleCache.noindex/Session.modulevalidation -Xcc -working-directory -Xcc /Users/rogerlin/XCode-Projects/FinancialCalculatorKit-5.0-updated-accent-colors/FinancialCalculatorKit.xcodeproj -enable-anonymous-context-mangled-names -file-compilation-dir /Users/rogerlin/XCode-Projects/FinancialCalculatorKit-5.0-updated-accent-colors/FinancialCalculatorKit.xcodeproj -Xcc -D_LIBCPP_HARDENING_MODE\=_LIBCPP_HARDENING_MODE_DEBUG -Xcc -ivfsstatcache -Xcc /Users/rogerlin/Library/Developer/Xcode/DerivedData/SDKStatCaches.noindex/macosx26.1-25B74-3ae1261907bdadc328169391a47051a6.sdkstatcache -Xcc -I/Users/rogerlin/Library/Developer/Xcode/DerivedData/FinancialCalculatorKit-ackorybalcxbfocbkqsfdzcfkgmn/Build/Intermediates.noindex/swift-parsing.build/Debug/Parsing.build/swift-overrides.hmap -Xcc -I/Users/rogerlin/Library/Developer/Xcode/DerivedData/FinancialCalculatorKit-ackorybalcxbfocbkqsfdzcfkgmn/Build/Products/Debug/include -Xcc -I/Users/rogerlin/Library/Developer/Xcode/DerivedData/FinancialCalculatorKit-ackorybalcxbfocbkqsfdzcfkgmn/Build/Intermediates.noindex/swift-parsing.build/Debug/Parsing.build/DerivedSources-normal/arm64 -Xcc -I/Users/rogerlin/Library/Developer/Xcode/DerivedData/FinancialCalculatorKit-ackorybalcxbfocbkqsfdzcfkgmn/Build/Intermediates.noindex/swift-parsing.build/Debug/Parsing.build/DerivedSources/arm64 -Xcc -I/Users/rogerlin/Library/Developer/Xcode/DerivedData/FinancialCalculatorKit-ackorybalcxbfocbkqsfdzcfkgmn/Build/Intermediates.noindex/swift-parsing.build/Debug/Parsing.build/DerivedSources -Xcc -DSWIFT_PACKAGE -Xcc -DDEBUG\=1 -no-auto-bridging-header-chaining -module-name Parsing -package-name swift_parsing -frontend-parseable-output -disable-clang-spi -target-sdk-version 26.1 -target-sdk-name macosx26.1 -clang-target arm64-apple-macos26.1 -in-process-plugin-server-path /Applications/Xcode.app/Contents/Developer/Toolchains/XcodeDefault.xctoolchain/usr/lib/swift/host/libSwiftInProcPluginServer.dylib -o /Users/rogerlin/Library/Developer/Xcode/DerivedData/FinancialCalculatorKit-ackorybalcxbfocbkqsfdzcfkgmn/Build/Intermediates.noindex/swift-parsing.build/Debug/Parsing.build/Objects-normal/arm64/Pipe.o -o /Users/rogerlin/Library/Developer/Xcode/DerivedData/FinancialCalculatorKit-ackorybalcxbfocbkqsfdzcfkgmn/Build/Intermediates.noindex/swift-parsing.build/Debug/Parsing.build/Objects-normal/arm64/Prefix.o -o /Users/rogerlin/Library/Developer/Xcode/DerivedData/FinancialCalculatorKit-ackorybalcxbfocbkqsfdzcfkgmn/Build/Intermediates.noindex/swift-parsing.build/Debug/Parsing.build/Objects-normal/arm64/PrefixThrough.o -o /Users/rogerlin/Library/Developer/Xcode/DerivedData/FinancialCalculatorKit-ackorybalcxbfocbkqsfdzcfkgmn/Build/Intermediates.noindex/swift-parsing.build/Debug/Parsing.build/Objects-normal/arm64/PrefixUpTo.o -index-unit-output-path /swift-parsing.build/Debug/Parsing.build/Objects-normal/arm64/Pipe.o -index-unit-output-path /swift-parsing.build/Debug/Parsing.build/Objects-normal/arm64/Prefix.o -index-unit-output-path /swift-parsing.build/Debug/Parsing.build/Objects-normal/arm64/PrefixThrough.o -index-unit-output-path /swift-parsing.build/Debug/Parsing.build/Objects-normal/arm64/PrefixUpTo.o -index-store-path /Users/rogerlin/Library/Developer/Xcode/DerivedData/FinancialCalculatorKit-ackorybalcxbfocbkqsfdzcfkgmn/Index.noindex/DataStore -index-system-modules

SwiftCompile normal arm64 /Users/rogerlin/Library/Developer/Xcode/DerivedData/FinancialCalculatorKit-ackorybalcxbfocbkqsfdzcfkgmn/SourcePackages/checkouts/swift-parsing/Sources/Parsing/ParserPrinters/Pipe.swift (in target 'Parsing' from project 'swift-parsing')
    cd /Users/rogerlin/XCode-Projects/FinancialCalculatorKit-5.0-updated-accent-colors/FinancialCalculatorKit.xcodeproj
    

SwiftCompile normal arm64 /Users/rogerlin/Library/Developer/Xcode/DerivedData/FinancialCalculatorKit-ackorybalcxbfocbkqsfdzcfkgmn/SourcePackages/checkouts/swift-parsing/Sources/Parsing/ParserPrinters/Prefix.swift (in target 'Parsing' from project 'swift-parsing')
    cd /Users/rogerlin/XCode-Projects/FinancialCalculatorKit-5.0-updated-accent-colors/FinancialCalculatorKit.xcodeproj
    

SwiftCompile normal arm64 /Users/rogerlin/Library/Developer/Xcode/DerivedData/FinancialCalculatorKit-ackorybalcxbfocbkqsfdzcfkgmn/SourcePackages/checkouts/swift-parsing/Sources/Parsing/ParserPrinters/PrefixThrough.swift (in target 'Parsing' from project 'swift-parsing')
    cd /Users/rogerlin/XCode-Projects/FinancialCalculatorKit-5.0-updated-accent-colors/FinancialCalculatorKit.xcodeproj
    

SwiftCompile normal arm64 /Users/rogerlin/Library/Developer/Xcode/DerivedData/FinancialCalculatorKit-ackorybalcxbfocbkqsfdzcfkgmn/SourcePackages/checkouts/swift-parsing/Sources/Parsing/ParserPrinters/PrefixUpTo.swift (in target 'Parsing' from project 'swift-parsing')
    cd /Users/rogerlin/XCode-Projects/FinancialCalculatorKit-5.0-updated-accent-colors/FinancialCalculatorKit.xcodeproj
    

SwiftCompile normal arm64 Compiling\ Printing.swift,\ Pullback.swift,\ ReplaceError.swift,\ Rest.swift /Users/rogerlin/Library/Developer/Xcode/DerivedData/FinancialCalculatorKit-ackorybalcxbfocbkqsfdzcfkgmn/SourcePackages/checkouts/swift-parsing/Sources/Parsing/ParserPrinters/Printing.swift /Users/rogerlin/Library/Developer/Xcode/DerivedData/FinancialCalculatorKit-ackorybalcxbfocbkqsfdzcfkgmn/SourcePackages/checkouts/swift-parsing/Sources/Parsing/ParserPrinters/Pullback.swift /Users/rogerlin/Library/Developer/Xcode/DerivedData/FinancialCalculatorKit-ackorybalcxbfocbkqsfdzcfkgmn/SourcePackages/checkouts/swift-parsing/Sources/Parsing/ParserPrinters/ReplaceError.swift /Users/rogerlin/Library/Developer/Xcode/DerivedData/FinancialCalculatorKit-ackorybalcxbfocbkqsfdzcfkgmn/SourcePackages/checkouts/swift-parsing/Sources/Parsing/ParserPrinters/Rest.swift (in target 'Parsing' from project 'swift-parsing')
/Applications/Xcode.app/Contents/Developer/Toolchains/XcodeDefault.xctoolchain/usr/bin/swift-frontend -frontend -c /Users/rogerlin/Library/Developer/Xcode/DerivedData/FinancialCalculatorKit-ackorybalcxbfocbkqsfdzcfkgmn/SourcePackages/checkouts/swift-parsing/Sources/Parsing/Builders/OneOfBuilder.swift /Users/rogerlin/Library/Developer/Xcode/DerivedData/FinancialCalculatorKit-ackorybalcxbfocbkqsfdzcfkgmn/SourcePackages/checkouts/swift-parsing/Sources/Parsing/Builders/ParserBuilder.swift /Users/rogerlin/Library/Developer/Xcode/DerivedData/FinancialCalculatorKit-ackorybalcxbfocbkqsfdzcfkgmn/SourcePackages/checkouts/swift-parsing/Sources/Parsing/Conversion.swift /Users/rogerlin/Library/Developer/Xcode/DerivedData/FinancialCalculatorKit-ackorybalcxbfocbkqsfdzcfkgmn/SourcePackages/checkouts/swift-parsing/Sources/Parsing/Conversions/AnyConversion.swift /Users/rogerlin/Library/Developer/Xcode/DerivedData/FinancialCalculatorKit-ackorybalcxbfocbkqsfdzcfkgmn/SourcePackages/checkouts/swift-parsing/Sources/Parsing/Conversions/BinaryFloatingPoint.swift /Users/rogerlin/Library/Developer/Xcode/DerivedData/FinancialCalculatorKit-ackorybalcxbfocbkqsfdzcfkgmn/SourcePackages/checkouts/swift-parsing/Sources/Parsing/Conversions/ConversionMap.swift /Users/rogerlin/Library/Developer/Xcode/DerivedData/FinancialCalculatorKit-ackorybalcxbfocbkqsfdzcfkgmn/SourcePackages/checkouts/swift-parsing/Sources/Parsing/Conversions/Conversions.swift /Users/rogerlin/Library/Developer/Xcode/DerivedData/FinancialCalculatorKit-ackorybalcxbfocbkqsfdzcfkgmn/SourcePackages/checkouts/swift-parsing/Sources/Parsing/Conversions/Data.swift /Users/rogerlin/Library/Developer/Xcode/DerivedData/FinancialCalculatorKit-ackorybalcxbfocbkqsfdzcfkgmn/SourcePackages/checkouts/swift-parsing/Sources/Parsing/Conversions/Enum.swift /Users/rogerlin/Library/Developer/Xcode/DerivedData/FinancialCalculatorKit-ackorybalcxbfocbkqsfdzcfkgmn/SourcePackages/checkouts/swift-parsing/Sources/Parsing/Conversions/FixedWidthInteger.swift /Users/rogerlin/Library/Developer/Xcode/DerivedData/FinancialCalculatorKit-ackorybalcxbfocbkqsfdzcfkgmn/SourcePackages/checkouts/swift-parsing/Sources/Parsing/Conversions/Identity.swift /Users/rogerlin/Library/Developer/Xcode/DerivedData/FinancialCalculatorKit-ackorybalcxbfocbkqsfdzcfkgmn/SourcePackages/checkouts/swift-parsing/Sources/Parsing/Conversions/JSON.swift /Users/rogerlin/Library/Developer/Xcode/DerivedData/FinancialCalculatorKit-ackorybalcxbfocbkqsfdzcfkgmn/SourcePackages/checkouts/swift-parsing/Sources/Parsing/Conversions/LosslessStringConvertible.swift /Users/rogerlin/Library/Developer/Xcode/DerivedData/FinancialCalculatorKit-ackorybalcxbfocbkqsfdzcfkgmn/SourcePackages/checkouts/swift-parsing/Sources/Parsing/Conversions/Memberwise.swift /Users/rogerlin/Library/Developer/Xcode/DerivedData/FinancialCalculatorKit-ackorybalcxbfocbkqsfdzcfkgmn/SourcePackages/checkouts/swift-parsing/Sources/Parsing/Conversions/ParseableFormatStyleConversion.swift /Users/rogerlin/Library/Developer/Xcode/DerivedData/FinancialCalculatorKit-ackorybalcxbfocbkqsfdzcfkgmn/SourcePackages/checkouts/swift-parsing/Sources/Parsing/Conversions/RawRepresentable.swift /Users/rogerlin/Library/Developer/Xcode/DerivedData/FinancialCalculatorKit-ackorybalcxbfocbkqsfdzcfkgmn/SourcePackages/checkouts/swift-parsing/Sources/Parsing/Conversions/String.swift /Users/rogerlin/Library/Developer/Xcode/DerivedData/FinancialCalculatorKit-ackorybalcxbfocbkqsfdzcfkgmn/SourcePackages/checkouts/swift-parsing/Sources/Parsing/Conversions/Substring.swift /Users/rogerlin/Library/Developer/Xcode/DerivedData/FinancialCalculatorKit-ackorybalcxbfocbkqsfdzcfkgmn/SourcePackages/checkouts/swift-parsing/Sources/Parsing/Conversions/UTF8View.swift /Users/rogerlin/Library/Developer/Xcode/DerivedData/FinancialCalculatorKit-ackorybalcxbfocbkqsfdzcfkgmn/SourcePackages/checkouts/swift-parsing/Sources/Parsing/ConvertingError.swift /Users/rogerlin/Library/Developer/Xcode/DerivedData/FinancialCalculatorKit-ackorybalcxbfocbkqsfdzcfkgmn/SourcePackages/checkouts/swift-parsing/Sources/Parsing/CountingRange.swift /Users/rogerlin/Library/Developer/Xcode/DerivedData/FinancialCalculatorKit-ackorybalcxbfocbkqsfdzcfkgmn/SourcePackages/checkouts/swift-parsing/Sources/Parsing/EmptyInitializable.swift /Users/rogerlin/Library/Developer/Xcode/DerivedData/FinancialCalculatorKit-ackorybalcxbfocbkqsfdzcfkgmn/SourcePackages/checkouts/swift-parsing/Sources/Parsing/Internal/AnyEquatable.swift /Users/rogerlin/Library/Developer/Xcode/DerivedData/FinancialCalculatorKit-ackorybalcxbfocbkqsfdzcfkgmn/SourcePackages/checkouts/swift-parsing/Sources/Parsing/Internal/Deprecations.swift /Users/rogerlin/Library/Developer/Xcode/DerivedData/FinancialCalculatorKit-ackorybalcxbfocbkqsfdzcfkgmn/SourcePackages/checkouts/swift-parsing/Sources/Parsing/Parser.swift /Users/rogerlin/Library/Developer/Xcode/DerivedData/FinancialCalculatorKit-ackorybalcxbfocbkqsfdzcfkgmn/SourcePackages/checkouts/swift-parsing/Sources/Parsing/ParserPrinter.swift /Users/rogerlin/Library/Developer/Xcode/DerivedData/FinancialCalculatorKit-ackorybalcxbfocbkqsfdzcfkgmn/SourcePackages/checkouts/swift-parsing/Sources/Parsing/ParserPrinters/Always.swift /Users/rogerlin/Library/Developer/Xcode/DerivedData/FinancialCalculatorKit-ackorybalcxbfocbkqsfdzcfkgmn/SourcePackages/checkouts/swift-parsing/Sources/Parsing/ParserPrinters/AnyParserPrinter.swift /Users/rogerlin/Library/Developer/Xcode/DerivedData/FinancialCalculatorKit-ackorybalcxbfocbkqsfdzcfkgmn/SourcePackages/checkouts/swift-parsing/Sources/Parsing/ParserPrinters/Backtracking.swift /Users/rogerlin/Library/Developer/Xcode/DerivedData/FinancialCalculatorKit-ackorybalcxbfocbkqsfdzcfkgmn/SourcePackages/checkouts/swift-parsing/Sources/Parsing/ParserPrinters/Bool.swift /Users/rogerlin/Library/Developer/Xcode/DerivedData/FinancialCalculatorKit-ackorybalcxbfocbkqsfdzcfkgmn/SourcePackages/checkouts/swift-parsing/Sources/Parsing/ParserPrinters/CaseIterableRawRepresentable.swift /Users/rogerlin/Library/Developer/Xcode/DerivedData/FinancialCalculatorKit-ackorybalcxbfocbkqsfdzcfkgmn/SourcePackages/checkouts/swift-parsing/Sources/Parsing/ParserPrinters/CharacterSet.swift /Users/rogerlin/Library/Developer/Xcode/DerivedData/FinancialCalculatorKit-ackorybalcxbfocbkqsfdzcfkgmn/SourcePackages/checkouts/swift-parsing/Sources/Parsing/ParserPrinters/Conditional.swift /Users/rogerlin/Library/Developer/Xcode/DerivedData/FinancialCalculatorKit-ackorybalcxbfocbkqsfdzcfkgmn/SourcePackages/checkouts/swift-parsing/Sources/Parsing/ParserPrinters/Consumed.swift /Users/rogerlin/Library/Developer/Xcode/DerivedData/FinancialCalculatorKit-ackorybalcxbfocbkqsfdzcfkgmn/SourcePackages/checkouts/swift-parsing/Sources/Parsing/ParserPrinters/Digits.swift /Users/rogerlin/Library/Developer/Xcode/DerivedData/FinancialCalculatorKit-ackorybalcxbfocbkqsfdzcfkgmn/SourcePackages/checkouts/swift-parsing/Sources/Parsing/ParserPrinters/End.swift /Users/rogerlin/Library/Developer/Xcode/DerivedData/FinancialCalculatorKit-ackorybalcxbfocbkqsfdzcfkgmn/SourcePackages/checkouts/swift-parsing/Sources/Parsing/ParserPrinters/Fail.swift /Users/rogerlin/Library/Developer/Xcode/DerivedData/FinancialCalculatorKit-ackorybalcxbfocbkqsfdzcfkgmn/SourcePackages/checkouts/swift-parsing/Sources/Parsing/ParserPrinters/Filter.swift /Users/rogerlin/Library/Developer/Xcode/DerivedData/FinancialCalculatorKit-ackorybalcxbfocbkqsfdzcfkgmn/SourcePackages/checkouts/swift-parsing/Sources/Parsing/ParserPrinters/First.swift /Users/rogerlin/Library/Developer/Xcode/DerivedData/FinancialCalculatorKit-ackorybalcxbfocbkqsfdzcfkgmn/SourcePackages/checkouts/swift-parsing/Sources/Parsing/ParserPrinters/Float.swift /Users/rogerlin/Library/Developer/Xcode/DerivedData/FinancialCalculatorKit-ackorybalcxbfocbkqsfdzcfkgmn/SourcePackages/checkouts/swift-parsing/Sources/Parsing/ParserPrinters/From.swift /Users/rogerlin/Library/Developer/Xcode/DerivedData/FinancialCalculatorKit-ackorybalcxbfocbkqsfdzcfkgmn/SourcePackages/checkouts/swift-parsing/Sources/Parsing/ParserPrinters/Int.swift /Users/rogerlin/Library/Developer/Xcode/DerivedData/FinancialCalculatorKit-ackorybalcxbfocbkqsfdzcfkgmn/SourcePackages/checkouts/swift-parsing/Sources/Parsing/ParserPrinters/Lazy.swift /Users/rogerlin/Library/Developer/Xcode/DerivedData/FinancialCalculatorKit-ackorybalcxbfocbkqsfdzcfkgmn/SourcePackages/checkouts/swift-parsing/Sources/Parsing/ParserPrinters/Literal.swift /Users/rogerlin/Library/Developer/Xcode/DerivedData/FinancialCalculatorKit-ackorybalcxbfocbkqsfdzcfkgmn/SourcePackages/checkouts/swift-parsing/Sources/Parsing/ParserPrinters/Many.swift /Users/rogerlin/Library/Developer/Xcode/DerivedData/FinancialCalculatorKit-ackorybalcxbfocbkqsfdzcfkgmn/SourcePackages/checkouts/swift-parsing/Sources/Parsing/ParserPrinters/Map.swift /Users/rogerlin/Library/Developer/Xcode/DerivedData/FinancialCalculatorKit-ackorybalcxbfocbkqsfdzcfkgmn/SourcePackages/checkouts/swift-parsing/Sources/Parsing/ParserPrinters/Newline.swift /Users/rogerlin/Library/Developer/Xcode/DerivedData/FinancialCalculatorKit-ackorybalcxbfocbkqsfdzcfkgmn/SourcePackages/checkouts/swift-parsing/Sources/Parsing/ParserPrinters/Not.swift /Users/rogerlin/Library/Developer/Xcode/DerivedData/FinancialCalculatorKit-ackorybalcxbfocbkqsfdzcfkgmn/SourcePackages/checkouts/swift-parsing/Sources/Parsing/ParserPrinters/OneOf.swift /Users/rogerlin/Library/Developer/Xcode/DerivedData/FinancialCalculatorKit-ackorybalcxbfocbkqsfdzcfkgmn/SourcePackages/checkouts/swift-parsing/Sources/Parsing/ParserPrinters/OneOfMany.swift /Users/rogerlin/Library/Developer/Xcode/DerivedData/FinancialCalculatorKit-ackorybalcxbfocbkqsfdzcfkgmn/SourcePackages/checkouts/swift-parsing/Sources/Parsing/ParserPrinters/Optional.swift /Users/rogerlin/Library/Developer/Xcode/DerivedData/FinancialCalculatorKit-ackorybalcxbfocbkqsfdzcfkgmn/SourcePackages/checkouts/swift-parsing/Sources/Parsing/ParserPrinters/Optionally.swift /Users/rogerlin/Library/Developer/Xcode/DerivedData/FinancialCalculatorKit-ackorybalcxbfocbkqsfdzcfkgmn/SourcePackages/checkouts/swift-parsing/Sources/Parsing/ParserPrinters/Parse.swift /Users/rogerlin/Library/Developer/Xcode/DerivedData/FinancialCalculatorKit-ackorybalcxbfocbkqsfdzcfkgmn/SourcePackages/checkouts/swift-parsing/Sources/Parsing/ParserPrinters/ParseableFormatStyle.swift /Users/rogerlin/Library/Developer/Xcode/DerivedData/FinancialCalculatorKit-ackorybalcxbfocbkqsfdzcfkgmn/SourcePackages/checkouts/swift-parsing/Sources/Parsing/ParserPrinters/Peek.swift /Users/rogerlin/Library/Developer/Xcode/DerivedData/FinancialCalculatorKit-ackorybalcxbfocbkqsfdzcfkgmn/SourcePackages/checkouts/swift-parsing/Sources/Parsing/ParserPrinters/Pipe.swift /Users/rogerlin/Library/Developer/Xcode/DerivedData/FinancialCalculatorKit-ackorybalcxbfocbkqsfdzcfkgmn/SourcePackages/checkouts/swift-parsing/Sources/Parsing/ParserPrinters/Prefix.swift /Users/rogerlin/Library/Developer/Xcode/DerivedData/FinancialCalculatorKit-ackorybalcxbfocbkqsfdzcfkgmn/SourcePackages/checkouts/swift-parsing/Sources/Parsing/ParserPrinters/PrefixThrough.swift /Users/rogerlin/Library/Developer/Xcode/DerivedData/FinancialCalculatorKit-ackorybalcxbfocbkqsfdzcfkgmn/SourcePackages/checkouts/swift-parsing/Sources/Parsing/ParserPrinters/PrefixUpTo.swift -primary-file /Users/rogerlin/Library/Developer/Xcode/DerivedData/FinancialCalculatorKit-ackorybalcxbfocbkqsfdzcfkgmn/SourcePackages/checkouts/swift-parsing/Sources/Parsing/ParserPrinters/Printing.swift -primary-file /Users/rogerlin/Library/Developer/Xcode/DerivedData/FinancialCalculatorKit-ackorybalcxbfocbkqsfdzcfkgmn/SourcePackages/checkouts/swift-parsing/Sources/Parsing/ParserPrinters/Pullback.swift -primary-file /Users/rogerlin/Library/Developer/Xcode/DerivedData/FinancialCalculatorKit-ackorybalcxbfocbkqsfdzcfkgmn/SourcePackages/checkouts/swift-parsing/Sources/Parsing/ParserPrinters/ReplaceError.swift -primary-file /Users/rogerlin/Library/Developer/Xcode/DerivedData/FinancialCalculatorKit-ackorybalcxbfocbkqsfdzcfkgmn/SourcePackages/checkouts/swift-parsing/Sources/Parsing/ParserPrinters/Rest.swift /Users/rogerlin/Library/Developer/Xcode/DerivedData/FinancialCalculatorKit-ackorybalcxbfocbkqsfdzcfkgmn/SourcePackages/checkouts/swift-parsing/Sources/Parsing/ParserPrinters/Skip.swift /Users/rogerlin/Library/Developer/Xcode/DerivedData/FinancialCalculatorKit-ackorybalcxbfocbkqsfdzcfkgmn/SourcePackages/checkouts/swift-parsing/Sources/Parsing/ParserPrinters/StartsWith.swift /Users/rogerlin/Library/Developer/Xcode/DerivedData/FinancialCalculatorKit-ackorybalcxbfocbkqsfdzcfkgmn/SourcePackages/checkouts/swift-parsing/Sources/Parsing/ParserPrinters/UUID.swift /Users/rogerlin/Library/Developer/Xcode/DerivedData/FinancialCalculatorKit-ackorybalcxbfocbkqsfdzcfkgmn/SourcePackages/checkouts/swift-parsing/Sources/Parsing/ParserPrinters/Whitespace.swift /Users/rogerlin/Library/Developer/Xcode/DerivedData/FinancialCalculatorKit-ackorybalcxbfocbkqsfdzcfkgmn/SourcePackages/checkouts/swift-parsing/Sources/Parsing/Parsers/AnyParser.swift /Users/rogerlin/Library/Developer/Xcode/DerivedData/FinancialCalculatorKit-ackorybalcxbfocbkqsfdzcfkgmn/SourcePackages/checkouts/swift-parsing/Sources/Parsing/Parsers/CompactMap.swift /Users/rogerlin/Library/Developer/Xcode/DerivedData/FinancialCalculatorKit-ackorybalcxbfocbkqsfdzcfkgmn/SourcePackages/checkouts/swift-parsing/Sources/Parsing/Parsers/FlatMap.swift /Users/rogerlin/Library/Developer/Xcode/DerivedData/FinancialCalculatorKit-ackorybalcxbfocbkqsfdzcfkgmn/SourcePackages/checkouts/swift-parsing/Sources/Parsing/Parsers/Parsers.swift /Users/rogerlin/Library/Developer/Xcode/DerivedData/FinancialCalculatorKit-ackorybalcxbfocbkqsfdzcfkgmn/SourcePackages/checkouts/swift-parsing/Sources/Parsing/Parsers/Stream.swift /Users/rogerlin/Library/Developer/Xcode/DerivedData/FinancialCalculatorKit-ackorybalcxbfocbkqsfdzcfkgmn/SourcePackages/checkouts/swift-parsing/Sources/Parsing/ParsingError.swift /Users/rogerlin/Library/Developer/Xcode/DerivedData/FinancialCalculatorKit-ackorybalcxbfocbkqsfdzcfkgmn/SourcePackages/checkouts/swift-parsing/Sources/Parsing/PrependableCollection.swift /Users/rogerlin/Library/Developer/Xcode/DerivedData/FinancialCalculatorKit-ackorybalcxbfocbkqsfdzcfkgmn/SourcePackages/checkouts/swift-parsing/Sources/Parsing/PrintingError.swift -supplementary-output-file-map /Users/rogerlin/Library/Developer/Xcode/DerivedData/FinancialCalculatorKit-ackorybalcxbfocbkqsfdzcfkgmn/Build/Intermediates.noindex/swift-parsing.build/Debug/Parsing.build/Objects-normal/arm64/supplementaryOutputs-47 -target arm64-apple-macos10.15 -load-resolved-plugin \#/Users/rogerlin/Library/Developer/Xcode/DerivedData/FinancialCalculatorKit-ackorybalcxbfocbkqsfdzcfkgmn/Build/Products/Debug/CasePathsMacros\#CasePathsMacros -load-resolved-plugin /Applications/Xcode.app/Contents/Developer/Platforms/MacOSX.platform/Developer/usr/lib/swift/host/plugins/libFoundationMacros.dylib\#/Applications/Xcode.app/Contents/Developer/Platforms/MacOSX.platform/Developer/usr/bin/swift-plugin-server\#FoundationMacros -load-resolved-plugin /Applications/Xcode.app/Contents/Developer/Platforms/MacOSX.platform/Developer/usr/lib/swift/host/plugins/libObservationMacros.dylib\#/Applications/Xcode.app/Contents/Developer/Platforms/MacOSX.platform/Developer/usr/bin/swift-plugin-server\#ObservationMacros -load-resolved-plugin /Applications/Xcode.app/Contents/Developer/Platforms/MacOSX.platform/Developer/usr/lib/swift/host/plugins/libSwiftMacros.dylib\#/Applications/Xcode.app/Contents/Developer/Platforms/MacOSX.platform/Developer/usr/bin/swift-plugin-server\#SwiftMacros -disable-implicit-swift-modules -Xcc -fno-implicit-modules -Xcc -fno-implicit-module-maps -explicit-swift-module-map-file /Users/rogerlin/Library/Developer/Xcode/DerivedData/FinancialCalculatorKit-ackorybalcxbfocbkqsfdzcfkgmn/Build/Intermediates.noindex/swift-parsing.build/Debug/Parsing.build/Objects-normal/arm64/Parsing-dependencies-1.json -Xllvm -aarch64-use-tbi -enable-objc-interop -stack-check -sdk /Applications/Xcode.app/Contents/Developer/Platforms/MacOSX.platform/Developer/SDKs/MacOSX26.1.sdk -I /Users/rogerlin/Library/Developer/Xcode/DerivedData/FinancialCalculatorKit-ackorybalcxbfocbkqsfdzcfkgmn/Build/Products/Debug -Isystem /Applications/Xcode.app/Contents/Developer/Platforms/MacOSX.platform/Developer/usr/lib -F /Users/rogerlin/Library/Developer/Xcode/DerivedData/FinancialCalculatorKit-ackorybalcxbfocbkqsfdzcfkgmn/Build/Products/Debug/PackageFrameworks -F /Users/rogerlin/Library/Developer/Xcode/DerivedData/FinancialCalculatorKit-ackorybalcxbfocbkqsfdzcfkgmn/Build/Products/Debug/PackageFrameworks -F /Users/rogerlin/Library/Developer/Xcode/DerivedData/FinancialCalculatorKit-ackorybalcxbfocbkqsfdzcfkgmn/Build/Products/Debug/PackageFrameworks -F /Users/rogerlin/Library/Developer/Xcode/DerivedData/FinancialCalculatorKit-ackorybalcxbfocbkqsfdzcfkgmn/Build/Products/Debug/PackageFrameworks -F /Users/rogerlin/Library/Developer/Xcode/DerivedData/FinancialCalculatorKit-ackorybalcxbfocbkqsfdzcfkgmn/Build/Products/Debug -F /Applications/Xcode.app/Contents/Developer/Platforms/MacOSX.platform/Developer/Library/Frameworks -no-color-diagnostics -Xcc -fno-color-diagnostics -enable-testing -g -debug-info-format\=dwarf -dwarf-version\=4 -module-cache-path /Users/rogerlin/Library/Developer/Xcode/DerivedData/FinancialCalculatorKit-ackorybalcxbfocbkqsfdzcfkgmn/Build/Intermediates.noindex/SwiftExplicitPrecompiledModules -suppress-warnings -profile-generate -profile-coverage-mapping -swift-version 5 -enforce-exclusivity\=checked -Onone -D SWIFT_PACKAGE -D DEBUG -D SWIFT_MODULE_RESOURCE_BUNDLE_UNAVAILABLE -D Xcode -serialize-debugging-options -load-plugin-executable /Users/rogerlin/Library/Developer/Xcode/DerivedData/FinancialCalculatorKit-ackorybalcxbfocbkqsfdzcfkgmn/Build/Products/Debug/CasePathsMacros\#CasePathsMacros -const-gather-protocols-file /Users/rogerlin/Library/Developer/Xcode/DerivedData/FinancialCalculatorKit-ackorybalcxbfocbkqsfdzcfkgmn/Build/Intermediates.noindex/swift-parsing.build/Debug/Parsing.build/Objects-normal/arm64/Parsing_const_extract_protocols.json -enable-experimental-feature DebugDescriptionMacro -empty-abi-descriptor -validate-clang-modules-once -clang-build-session-file /Users/rogerlin/Library/Developer/Xcode/DerivedData/ModuleCache.noindex/Session.modulevalidation -Xcc -working-directory -Xcc /Users/rogerlin/XCode-Projects/FinancialCalculatorKit-5.0-updated-accent-colors/FinancialCalculatorKit.xcodeproj -enable-anonymous-context-mangled-names -file-compilation-dir /Users/rogerlin/XCode-Projects/FinancialCalculatorKit-5.0-updated-accent-colors/FinancialCalculatorKit.xcodeproj -Xcc -D_LIBCPP_HARDENING_MODE\=_LIBCPP_HARDENING_MODE_DEBUG -Xcc -ivfsstatcache -Xcc /Users/rogerlin/Library/Developer/Xcode/DerivedData/SDKStatCaches.noindex/macosx26.1-25B74-3ae1261907bdadc328169391a47051a6.sdkstatcache -Xcc -I/Users/rogerlin/Library/Developer/Xcode/DerivedData/FinancialCalculatorKit-ackorybalcxbfocbkqsfdzcfkgmn/Build/Intermediates.noindex/swift-parsing.build/Debug/Parsing.build/swift-overrides.hmap -Xcc -I/Users/rogerlin/Library/Developer/Xcode/DerivedData/FinancialCalculatorKit-ackorybalcxbfocbkqsfdzcfkgmn/Build/Products/Debug/include -Xcc -I/Users/rogerlin/Library/Developer/Xcode/DerivedData/FinancialCalculatorKit-ackorybalcxbfocbkqsfdzcfkgmn/Build/Intermediates.noindex/swift-parsing.build/Debug/Parsing.build/DerivedSources-normal/arm64 -Xcc -I/Users/rogerlin/Library/Developer/Xcode/DerivedData/FinancialCalculatorKit-ackorybalcxbfocbkqsfdzcfkgmn/Build/Intermediates.noindex/swift-parsing.build/Debug/Parsing.build/DerivedSources/arm64 -Xcc -I/Users/rogerlin/Library/Developer/Xcode/DerivedData/FinancialCalculatorKit-ackorybalcxbfocbkqsfdzcfkgmn/Build/Intermediates.noindex/swift-parsing.build/Debug/Parsing.build/DerivedSources -Xcc -DSWIFT_PACKAGE -Xcc -DDEBUG\=1 -no-auto-bridging-header-chaining -module-name Parsing -package-name swift_parsing -frontend-parseable-output -disable-clang-spi -target-sdk-version 26.1 -target-sdk-name macosx26.1 -clang-target arm64-apple-macos26.1 -in-process-plugin-server-path /Applications/Xcode.app/Contents/Developer/Toolchains/XcodeDefault.xctoolchain/usr/lib/swift/host/libSwiftInProcPluginServer.dylib -o /Users/rogerlin/Library/Developer/Xcode/DerivedData/FinancialCalculatorKit-ackorybalcxbfocbkqsfdzcfkgmn/Build/Intermediates.noindex/swift-parsing.build/Debug/Parsing.build/Objects-normal/arm64/Printing.o -o /Users/rogerlin/Library/Developer/Xcode/DerivedData/FinancialCalculatorKit-ackorybalcxbfocbkqsfdzcfkgmn/Build/Intermediates.noindex/swift-parsing.build/Debug/Parsing.build/Objects-normal/arm64/Pullback.o -o /Users/rogerlin/Library/Developer/Xcode/DerivedData/FinancialCalculatorKit-ackorybalcxbfocbkqsfdzcfkgmn/Build/Intermediates.noindex/swift-parsing.build/Debug/Parsing.build/Objects-normal/arm64/ReplaceError.o -o /Users/rogerlin/Library/Developer/Xcode/DerivedData/FinancialCalculatorKit-ackorybalcxbfocbkqsfdzcfkgmn/Build/Intermediates.noindex/swift-parsing.build/Debug/Parsing.build/Objects-normal/arm64/Rest.o -index-unit-output-path /swift-parsing.build/Debug/Parsing.build/Objects-normal/arm64/Printing.o -index-unit-output-path /swift-parsing.build/Debug/Parsing.build/Objects-normal/arm64/Pullback.o -index-unit-output-path /swift-parsing.build/Debug/Parsing.build/Objects-normal/arm64/ReplaceError.o -index-unit-output-path /swift-parsing.build/Debug/Parsing.build/Objects-normal/arm64/Rest.o -index-store-path /Users/rogerlin/Library/Developer/Xcode/DerivedData/FinancialCalculatorKit-ackorybalcxbfocbkqsfdzcfkgmn/Index.noindex/DataStore -index-system-modules

SwiftCompile normal arm64 /Users/rogerlin/Library/Developer/Xcode/DerivedData/FinancialCalculatorKit-ackorybalcxbfocbkqsfdzcfkgmn/SourcePackages/checkouts/swift-parsing/Sources/Parsing/ParserPrinters/Printing.swift (in target 'Parsing' from project 'swift-parsing')
    cd /Users/rogerlin/XCode-Projects/FinancialCalculatorKit-5.0-updated-accent-colors/FinancialCalculatorKit.xcodeproj
    

SwiftCompile normal arm64 /Users/rogerlin/Library/Developer/Xcode/DerivedData/FinancialCalculatorKit-ackorybalcxbfocbkqsfdzcfkgmn/SourcePackages/checkouts/swift-parsing/Sources/Parsing/ParserPrinters/Pullback.swift (in target 'Parsing' from project 'swift-parsing')
    cd /Users/rogerlin/XCode-Projects/FinancialCalculatorKit-5.0-updated-accent-colors/FinancialCalculatorKit.xcodeproj
    

SwiftCompile normal arm64 /Users/rogerlin/Library/Developer/Xcode/DerivedData/FinancialCalculatorKit-ackorybalcxbfocbkqsfdzcfkgmn/SourcePackages/checkouts/swift-parsing/Sources/Parsing/ParserPrinters/ReplaceError.swift (in target 'Parsing' from project 'swift-parsing')
    cd /Users/rogerlin/XCode-Projects/FinancialCalculatorKit-5.0-updated-accent-colors/FinancialCalculatorKit.xcodeproj
    

SwiftCompile normal arm64 /Users/rogerlin/Library/Developer/Xcode/DerivedData/FinancialCalculatorKit-ackorybalcxbfocbkqsfdzcfkgmn/SourcePackages/checkouts/swift-parsing/Sources/Parsing/ParserPrinters/Rest.swift (in target 'Parsing' from project 'swift-parsing')
    cd /Users/rogerlin/XCode-Projects/FinancialCalculatorKit-5.0-updated-accent-colors/FinancialCalculatorKit.xcodeproj
    

SwiftEmitModule normal arm64 Emitting\ module\ for\ Parsing (in target 'Parsing' from project 'swift-parsing')
EmitSwiftModule normal arm64 (in target 'Parsing' from project 'swift-parsing')
    cd /Users/rogerlin/XCode-Projects/FinancialCalculatorKit-5.0-updated-accent-colors/FinancialCalculatorKit.xcodeproj
    

/Applications/Xcode.app/Contents/Developer/Toolchains/XcodeDefault.xctoolchain/usr/bin/swift-frontend -frontend -emit-module -experimental-skip-non-inlinable-function-bodies-without-types /Users/rogerlin/Library/Developer/Xcode/DerivedData/FinancialCalculatorKit-ackorybalcxbfocbkqsfdzcfkgmn/SourcePackages/checkouts/swift-parsing/Sources/Parsing/Builders/OneOfBuilder.swift /Users/rogerlin/Library/Developer/Xcode/DerivedData/FinancialCalculatorKit-ackorybalcxbfocbkqsfdzcfkgmn/SourcePackages/checkouts/swift-parsing/Sources/Parsing/Builders/ParserBuilder.swift /Users/rogerlin/Library/Developer/Xcode/DerivedData/FinancialCalculatorKit-ackorybalcxbfocbkqsfdzcfkgmn/SourcePackages/checkouts/swift-parsing/Sources/Parsing/Conversion.swift /Users/rogerlin/Library/Developer/Xcode/DerivedData/FinancialCalculatorKit-ackorybalcxbfocbkqsfdzcfkgmn/SourcePackages/checkouts/swift-parsing/Sources/Parsing/Conversions/AnyConversion.swift /Users/rogerlin/Library/Developer/Xcode/DerivedData/FinancialCalculatorKit-ackorybalcxbfocbkqsfdzcfkgmn/SourcePackages/checkouts/swift-parsing/Sources/Parsing/Conversions/BinaryFloatingPoint.swift /Users/rogerlin/Library/Developer/Xcode/DerivedData/FinancialCalculatorKit-ackorybalcxbfocbkqsfdzcfkgmn/SourcePackages/checkouts/swift-parsing/Sources/Parsing/Conversions/ConversionMap.swift /Users/rogerlin/Library/Developer/Xcode/DerivedData/FinancialCalculatorKit-ackorybalcxbfocbkqsfdzcfkgmn/SourcePackages/checkouts/swift-parsing/Sources/Parsing/Conversions/Conversions.swift /Users/rogerlin/Library/Developer/Xcode/DerivedData/FinancialCalculatorKit-ackorybalcxbfocbkqsfdzcfkgmn/SourcePackages/checkouts/swift-parsing/Sources/Parsing/Conversions/Data.swift /Users/rogerlin/Library/Developer/Xcode/DerivedData/FinancialCalculatorKit-ackorybalcxbfocbkqsfdzcfkgmn/SourcePackages/checkouts/swift-parsing/Sources/Parsing/Conversions/Enum.swift /Users/rogerlin/Library/Developer/Xcode/DerivedData/FinancialCalculatorKit-ackorybalcxbfocbkqsfdzcfkgmn/SourcePackages/checkouts/swift-parsing/Sources/Parsing/Conversions/FixedWidthInteger.swift /Users/rogerlin/Library/Developer/Xcode/DerivedData/FinancialCalculatorKit-ackorybalcxbfocbkqsfdzcfkgmn/SourcePackages/checkouts/swift-parsing/Sources/Parsing/Conversions/Identity.swift /Users/rogerlin/Library/Developer/Xcode/DerivedData/FinancialCalculatorKit-ackorybalcxbfocbkqsfdzcfkgmn/SourcePackages/checkouts/swift-parsing/Sources/Parsing/Conversions/JSON.swift /Users/rogerlin/Library/Developer/Xcode/DerivedData/FinancialCalculatorKit-ackorybalcxbfocbkqsfdzcfkgmn/SourcePackages/checkouts/swift-parsing/Sources/Parsing/Conversions/LosslessStringConvertible.swift /Users/rogerlin/Library/Developer/Xcode/DerivedData/FinancialCalculatorKit-ackorybalcxbfocbkqsfdzcfkgmn/SourcePackages/checkouts/swift-parsing/Sources/Parsing/Conversions/Memberwise.swift /Users/rogerlin/Library/Developer/Xcode/DerivedData/FinancialCalculatorKit-ackorybalcxbfocbkqsfdzcfkgmn/SourcePackages/checkouts/swift-parsing/Sources/Parsing/Conversions/ParseableFormatStyleConversion.swift /Users/rogerlin/Library/Developer/Xcode/DerivedData/FinancialCalculatorKit-ackorybalcxbfocbkqsfdzcfkgmn/SourcePackages/checkouts/swift-parsing/Sources/Parsing/Conversions/RawRepresentable.swift /Users/rogerlin/Library/Developer/Xcode/DerivedData/FinancialCalculatorKit-ackorybalcxbfocbkqsfdzcfkgmn/SourcePackages/checkouts/swift-parsing/Sources/Parsing/Conversions/String.swift /Users/rogerlin/Library/Developer/Xcode/DerivedData/FinancialCalculatorKit-ackorybalcxbfocbkqsfdzcfkgmn/SourcePackages/checkouts/swift-parsing/Sources/Parsing/Conversions/Substring.swift /Users/rogerlin/Library/Developer/Xcode/DerivedData/FinancialCalculatorKit-ackorybalcxbfocbkqsfdzcfkgmn/SourcePackages/checkouts/swift-parsing/Sources/Parsing/Conversions/UTF8View.swift /Users/rogerlin/Library/Developer/Xcode/DerivedData/FinancialCalculatorKit-ackorybalcxbfocbkqsfdzcfkgmn/SourcePackages/checkouts/swift-parsing/Sources/Parsing/ConvertingError.swift /Users/rogerlin/Library/Developer/Xcode/DerivedData/FinancialCalculatorKit-ackorybalcxbfocbkqsfdzcfkgmn/SourcePackages/checkouts/swift-parsing/Sources/Parsing/CountingRange.swift /Users/rogerlin/Library/Developer/Xcode/DerivedData/FinancialCalculatorKit-ackorybalcxbfocbkqsfdzcfkgmn/SourcePackages/checkouts/swift-parsing/Sources/Parsing/EmptyInitializable.swift /Users/rogerlin/Library/Developer/Xcode/DerivedData/FinancialCalculatorKit-ackorybalcxbfocbkqsfdzcfkgmn/SourcePackages/checkouts/swift-parsing/Sources/Parsing/Internal/AnyEquatable.swift /Users/rogerlin/Library/Developer/Xcode/DerivedData/FinancialCalculatorKit-ackorybalcxbfocbkqsfdzcfkgmn/SourcePackages/checkouts/swift-parsing/Sources/Parsing/Internal/Deprecations.swift /Users/rogerlin/Library/Developer/Xcode/DerivedData/FinancialCalculatorKit-ackorybalcxbfocbkqsfdzcfkgmn/SourcePackages/checkouts/swift-parsing/Sources/Parsing/Parser.swift /Users/rogerlin/Library/Developer/Xcode/DerivedData/FinancialCalculatorKit-ackorybalcxbfocbkqsfdzcfkgmn/SourcePackages/checkouts/swift-parsing/Sources/Parsing/ParserPrinter.swift /Users/rogerlin/Library/Developer/Xcode/DerivedData/FinancialCalculatorKit-ackorybalcxbfocbkqsfdzcfkgmn/SourcePackages/checkouts/swift-parsing/Sources/Parsing/ParserPrinters/Always.swift /Users/rogerlin/Library/Developer/Xcode/DerivedData/FinancialCalculatorKit-ackorybalcxbfocbkqsfdzcfkgmn/SourcePackages/checkouts/swift-parsing/Sources/Parsing/ParserPrinters/AnyParserPrinter.swift /Users/rogerlin/Library/Developer/Xcode/DerivedData/FinancialCalculatorKit-ackorybalcxbfocbkqsfdzcfkgmn/SourcePackages/checkouts/swift-parsing/Sources/Parsing/ParserPrinters/Backtracking.swift /Users/rogerlin/Library/Developer/Xcode/DerivedData/FinancialCalculatorKit-ackorybalcxbfocbkqsfdzcfkgmn/SourcePackages/checkouts/swift-parsing/Sources/Parsing/ParserPrinters/Bool.swift /Users/rogerlin/Library/Developer/Xcode/DerivedData/FinancialCalculatorKit-ackorybalcxbfocbkqsfdzcfkgmn/SourcePackages/checkouts/swift-parsing/Sources/Parsing/ParserPrinters/CaseIterableRawRepresentable.swift /Users/rogerlin/Library/Developer/Xcode/DerivedData/FinancialCalculatorKit-ackorybalcxbfocbkqsfdzcfkgmn/SourcePackages/checkouts/swift-parsing/Sources/Parsing/ParserPrinters/CharacterSet.swift /Users/rogerlin/Library/Developer/Xcode/DerivedData/FinancialCalculatorKit-ackorybalcxbfocbkqsfdzcfkgmn/SourcePackages/checkouts/swift-parsing/Sources/Parsing/ParserPrinters/Conditional.swift /Users/rogerlin/Library/Developer/Xcode/DerivedData/FinancialCalculatorKit-ackorybalcxbfocbkqsfdzcfkgmn/SourcePackages/checkouts/swift-parsing/Sources/Parsing/ParserPrinters/Consumed.swift /Users/rogerlin/Library/Developer/Xcode/DerivedData/FinancialCalculatorKit-ackorybalcxbfocbkqsfdzcfkgmn/SourcePackages/checkouts/swift-parsing/Sources/Parsing/ParserPrinters/Digits.swift /Users/rogerlin/Library/Developer/Xcode/DerivedData/FinancialCalculatorKit-ackorybalcxbfocbkqsfdzcfkgmn/SourcePackages/checkouts/swift-parsing/Sources/Parsing/ParserPrinters/End.swift /Users/rogerlin/Library/Developer/Xcode/DerivedData/FinancialCalculatorKit-ackorybalcxbfocbkqsfdzcfkgmn/SourcePackages/checkouts/swift-parsing/Sources/Parsing/ParserPrinters/Fail.swift /Users/rogerlin/Library/Developer/Xcode/DerivedData/FinancialCalculatorKit-ackorybalcxbfocbkqsfdzcfkgmn/SourcePackages/checkouts/swift-parsing/Sources/Parsing/ParserPrinters/Filter.swift /Users/rogerlin/Library/Developer/Xcode/DerivedData/FinancialCalculatorKit-ackorybalcxbfocbkqsfdzcfkgmn/SourcePackages/checkouts/swift-parsing/Sources/Parsing/ParserPrinters/First.swift /Users/rogerlin/Library/Developer/Xcode/DerivedData/FinancialCalculatorKit-ackorybalcxbfocbkqsfdzcfkgmn/SourcePackages/checkouts/swift-parsing/Sources/Parsing/ParserPrinters/Float.swift /Users/rogerlin/Library/Developer/Xcode/DerivedData/FinancialCalculatorKit-ackorybalcxbfocbkqsfdzcfkgmn/SourcePackages/checkouts/swift-parsing/Sources/Parsing/ParserPrinters/From.swift /Users/rogerlin/Library/Developer/Xcode/DerivedData/FinancialCalculatorKit-ackorybalcxbfocbkqsfdzcfkgmn/SourcePackages/checkouts/swift-parsing/Sources/Parsing/ParserPrinters/Int.swift /Users/rogerlin/Library/Developer/Xcode/DerivedData/FinancialCalculatorKit-ackorybalcxbfocbkqsfdzcfkgmn/SourcePackages/checkouts/swift-parsing/Sources/Parsing/ParserPrinters/Lazy.swift /Users/rogerlin/Library/Developer/Xcode/DerivedData/FinancialCalculatorKit-ackorybalcxbfocbkqsfdzcfkgmn/SourcePackages/checkouts/swift-parsing/Sources/Parsing/ParserPrinters/Literal.swift /Users/rogerlin/Library/Developer/Xcode/DerivedData/FinancialCalculatorKit-ackorybalcxbfocbkqsfdzcfkgmn/SourcePackages/checkouts/swift-parsing/Sources/Parsing/ParserPrinters/Many.swift /Users/rogerlin/Library/Developer/Xcode/DerivedData/FinancialCalculatorKit-ackorybalcxbfocbkqsfdzcfkgmn/SourcePackages/checkouts/swift-parsing/Sources/Parsing/ParserPrinters/Map.swift /Users/rogerlin/Library/Developer/Xcode/DerivedData/FinancialCalculatorKit-ackorybalcxbfocbkqsfdzcfkgmn/SourcePackages/checkouts/swift-parsing/Sources/Parsing/ParserPrinters/Newline.swift /Users/rogerlin/Library/Developer/Xcode/DerivedData/FinancialCalculatorKit-ackorybalcxbfocbkqsfdzcfkgmn/SourcePackages/checkouts/swift-parsing/Sources/Parsing/ParserPrinters/Not.swift /Users/rogerlin/Library/Developer/Xcode/DerivedData/FinancialCalculatorKit-ackorybalcxbfocbkqsfdzcfkgmn/SourcePackages/checkouts/swift-parsing/Sources/Parsing/ParserPrinters/OneOf.swift /Users/rogerlin/Library/Developer/Xcode/DerivedData/FinancialCalculatorKit-ackorybalcxbfocbkqsfdzcfkgmn/SourcePackages/checkouts/swift-parsing/Sources/Parsing/ParserPrinters/OneOfMany.swift /Users/rogerlin/Library/Developer/Xcode/DerivedData/FinancialCalculatorKit-ackorybalcxbfocbkqsfdzcfkgmn/SourcePackages/checkouts/swift-parsing/Sources/Parsing/ParserPrinters/Optional.swift /Users/rogerlin/Library/Developer/Xcode/DerivedData/FinancialCalculatorKit-ackorybalcxbfocbkqsfdzcfkgmn/SourcePackages/checkouts/swift-parsing/Sources/Parsing/ParserPrinters/Optionally.swift /Users/rogerlin/Library/Developer/Xcode/DerivedData/FinancialCalculatorKit-ackorybalcxbfocbkqsfdzcfkgmn/SourcePackages/checkouts/swift-parsing/Sources/Parsing/ParserPrinters/Parse.swift /Users/rogerlin/Library/Developer/Xcode/DerivedData/FinancialCalculatorKit-ackorybalcxbfocbkqsfdzcfkgmn/SourcePackages/checkouts/swift-parsing/Sources/Parsing/ParserPrinters/ParseableFormatStyle.swift /Users/rogerlin/Library/Developer/Xcode/DerivedData/FinancialCalculatorKit-ackorybalcxbfocbkqsfdzcfkgmn/SourcePackages/checkouts/swift-parsing/Sources/Parsing/ParserPrinters/Peek.swift /Users/rogerlin/Library/Developer/Xcode/DerivedData/FinancialCalculatorKit-ackorybalcxbfocbkqsfdzcfkgmn/SourcePackages/checkouts/swift-parsing/Sources/Parsing/ParserPrinters/Pipe.swift /Users/rogerlin/Library/Developer/Xcode/DerivedData/FinancialCalculatorKit-ackorybalcxbfocbkqsfdzcfkgmn/SourcePackages/checkouts/swift-parsing/Sources/Parsing/ParserPrinters/Prefix.swift /Users/rogerlin/Library/Developer/Xcode/DerivedData/FinancialCalculatorKit-ackorybalcxbfocbkqsfdzcfkgmn/SourcePackages/checkouts/swift-parsing/Sources/Parsing/ParserPrinters/PrefixThrough.swift /Users/rogerlin/Library/Developer/Xcode/DerivedData/FinancialCalculatorKit-ackorybalcxbfocbkqsfdzcfkgmn/SourcePackages/checkouts/swift-parsing/Sources/Parsing/ParserPrinters/PrefixUpTo.swift /Users/rogerlin/Library/Developer/Xcode/DerivedData/FinancialCalculatorKit-ackorybalcxbfocbkqsfdzcfkgmn/SourcePackages/checkouts/swift-parsing/Sources/Parsing/ParserPrinters/Printing.swift /Users/rogerlin/Library/Developer/Xcode/DerivedData/FinancialCalculatorKit-ackorybalcxbfocbkqsfdzcfkgmn/SourcePackages/checkouts/swift-parsing/Sources/Parsing/ParserPrinters/Pullback.swift /Users/rogerlin/Library/Developer/Xcode/DerivedData/FinancialCalculatorKit-ackorybalcxbfocbkqsfdzcfkgmn/SourcePackages/checkouts/swift-parsing/Sources/Parsing/ParserPrinters/ReplaceError.swift /Users/rogerlin/Library/Developer/Xcode/DerivedData/FinancialCalculatorKit-ackorybalcxbfocbkqsfdzcfkgmn/SourcePackages/checkouts/swift-parsing/Sources/Parsing/ParserPrinters/Rest.swift /Users/rogerlin/Library/Developer/Xcode/DerivedData/FinancialCalculatorKit-ackorybalcxbfocbkqsfdzcfkgmn/SourcePackages/checkouts/swift-parsing/Sources/Parsing/ParserPrinters/Skip.swift /Users/rogerlin/Library/Developer/Xcode/DerivedData/FinancialCalculatorKit-ackorybalcxbfocbkqsfdzcfkgmn/SourcePackages/checkouts/swift-parsing/Sources/Parsing/ParserPrinters/StartsWith.swift /Users/rogerlin/Library/Developer/Xcode/DerivedData/FinancialCalculatorKit-ackorybalcxbfocbkqsfdzcfkgmn/SourcePackages/checkouts/swift-parsing/Sources/Parsing/ParserPrinters/UUID.swift /Users/rogerlin/Library/Developer/Xcode/DerivedData/FinancialCalculatorKit-ackorybalcxbfocbkqsfdzcfkgmn/SourcePackages/checkouts/swift-parsing/Sources/Parsing/ParserPrinters/Whitespace.swift /Users/rogerlin/Library/Developer/Xcode/DerivedData/FinancialCalculatorKit-ackorybalcxbfocbkqsfdzcfkgmn/SourcePackages/checkouts/swift-parsing/Sources/Parsing/Parsers/AnyParser.swift /Users/rogerlin/Library/Developer/Xcode/DerivedData/FinancialCalculatorKit-ackorybalcxbfocbkqsfdzcfkgmn/SourcePackages/checkouts/swift-parsing/Sources/Parsing/Parsers/CompactMap.swift /Users/rogerlin/Library/Developer/Xcode/DerivedData/FinancialCalculatorKit-ackorybalcxbfocbkqsfdzcfkgmn/SourcePackages/checkouts/swift-parsing/Sources/Parsing/Parsers/FlatMap.swift /Users/rogerlin/Library/Developer/Xcode/DerivedData/FinancialCalculatorKit-ackorybalcxbfocbkqsfdzcfkgmn/SourcePackages/checkouts/swift-parsing/Sources/Parsing/Parsers/Parsers.swift /Users/rogerlin/Library/Developer/Xcode/DerivedData/FinancialCalculatorKit-ackorybalcxbfocbkqsfdzcfkgmn/SourcePackages/checkouts/swift-parsing/Sources/Parsing/Parsers/Stream.swift /Users/rogerlin/Library/Developer/Xcode/DerivedData/FinancialCalculatorKit-ackorybalcxbfocbkqsfdzcfkgmn/SourcePackages/checkouts/swift-parsing/Sources/Parsing/ParsingError.swift /Users/rogerlin/Library/Developer/Xcode/DerivedData/FinancialCalculatorKit-ackorybalcxbfocbkqsfdzcfkgmn/SourcePackages/checkouts/swift-parsing/Sources/Parsing/PrependableCollection.swift /Users/rogerlin/Library/Developer/Xcode/DerivedData/FinancialCalculatorKit-ackorybalcxbfocbkqsfdzcfkgmn/SourcePackages/checkouts/swift-parsing/Sources/Parsing/PrintingError.swift -target arm64-apple-macos10.15 -load-resolved-plugin \#/Users/rogerlin/Library/Developer/Xcode/DerivedData/FinancialCalculatorKit-ackorybalcxbfocbkqsfdzcfkgmn/Build/Products/Debug/CasePathsMacros\#CasePathsMacros -load-resolved-plugin /Applications/Xcode.app/Contents/Developer/Platforms/MacOSX.platform/Developer/usr/lib/swift/host/plugins/libFoundationMacros.dylib\#/Applications/Xcode.app/Contents/Developer/Platforms/MacOSX.platform/Developer/usr/bin/swift-plugin-server\#FoundationMacros -load-resolved-plugin /Applications/Xcode.app/Contents/Developer/Platforms/MacOSX.platform/Developer/usr/lib/swift/host/plugins/libObservationMacros.dylib\#/Applications/Xcode.app/Contents/Developer/Platforms/MacOSX.platform/Developer/usr/bin/swift-plugin-server\#ObservationMacros -load-resolved-plugin /Applications/Xcode.app/Contents/Developer/Platforms/MacOSX.platform/Developer/usr/lib/swift/host/plugins/libSwiftMacros.dylib\#/Applications/Xcode.app/Contents/Developer/Platforms/MacOSX.platform/Developer/usr/bin/swift-plugin-server\#SwiftMacros -disable-implicit-swift-modules -Xcc -fno-implicit-modules -Xcc -fno-implicit-module-maps -explicit-swift-module-map-file /Users/rogerlin/Library/Developer/Xcode/DerivedData/FinancialCalculatorKit-ackorybalcxbfocbkqsfdzcfkgmn/Build/Intermediates.noindex/swift-parsing.build/Debug/Parsing.build/Objects-normal/arm64/Parsing-dependencies-1.json -Xllvm -aarch64-use-tbi -enable-objc-interop -stack-check -sdk /Applications/Xcode.app/Contents/Developer/Platforms/MacOSX.platform/Developer/SDKs/MacOSX26.1.sdk -I /Users/rogerlin/Library/Developer/Xcode/DerivedData/FinancialCalculatorKit-ackorybalcxbfocbkqsfdzcfkgmn/Build/Products/Debug -Isystem /Applications/Xcode.app/Contents/Developer/Platforms/MacOSX.platform/Developer/usr/lib -F /Users/rogerlin/Library/Developer/Xcode/DerivedData/FinancialCalculatorKit-ackorybalcxbfocbkqsfdzcfkgmn/Build/Products/Debug/PackageFrameworks -F /Users/rogerlin/Library/Developer/Xcode/DerivedData/FinancialCalculatorKit-ackorybalcxbfocbkqsfdzcfkgmn/Build/Products/Debug/PackageFrameworks -F /Users/rogerlin/Library/Developer/Xcode/DerivedData/FinancialCalculatorKit-ackorybalcxbfocbkqsfdzcfkgmn/Build/Products/Debug/PackageFrameworks -F /Users/rogerlin/Library/Developer/Xcode/DerivedData/FinancialCalculatorKit-ackorybalcxbfocbkqsfdzcfkgmn/Build/Products/Debug/PackageFrameworks -F /Users/rogerlin/Library/Developer/Xcode/DerivedData/FinancialCalculatorKit-ackorybalcxbfocbkqsfdzcfkgmn/Build/Products/Debug -F /Applications/Xcode.app/Contents/Developer/Platforms/MacOSX.platform/Developer/Library/Frameworks -no-color-diagnostics -Xcc -fno-color-diagnostics -enable-testing -g -debug-info-format\=dwarf -dwarf-version\=4 -module-cache-path /Users/rogerlin/Library/Developer/Xcode/DerivedData/FinancialCalculatorKit-ackorybalcxbfocbkqsfdzcfkgmn/Build/Intermediates.noindex/SwiftExplicitPrecompiledModules -suppress-warnings -profile-generate -profile-coverage-mapping -swift-version 5 -enforce-exclusivity\=checked -Onone -D SWIFT_PACKAGE -D DEBUG -D SWIFT_MODULE_RESOURCE_BUNDLE_UNAVAILABLE -D Xcode -serialize-debugging-options -load-plugin-executable /Users/rogerlin/Library/Developer/Xcode/DerivedData/FinancialCalculatorKit-ackorybalcxbfocbkqsfdzcfkgmn/Build/Products/Debug/CasePathsMacros\#CasePathsMacros -const-gather-protocols-file /Users/rogerlin/Library/Developer/Xcode/DerivedData/FinancialCalculatorKit-ackorybalcxbfocbkqsfdzcfkgmn/Build/Intermediates.noindex/swift-parsing.build/Debug/Parsing.build/Objects-normal/arm64/Parsing_const_extract_protocols.json -enable-experimental-feature DebugDescriptionMacro -empty-abi-descriptor -validate-clang-modules-once -clang-build-session-file /Users/rogerlin/Library/Developer/Xcode/DerivedData/ModuleCache.noindex/Session.modulevalidation -Xcc -working-directory -Xcc /Users/rogerlin/XCode-Projects/FinancialCalculatorKit-5.0-updated-accent-colors/FinancialCalculatorKit.xcodeproj -enable-anonymous-context-mangled-names -file-compilation-dir /Users/rogerlin/XCode-Projects/FinancialCalculatorKit-5.0-updated-accent-colors/FinancialCalculatorKit.xcodeproj -Xcc -D_LIBCPP_HARDENING_MODE\=_LIBCPP_HARDENING_MODE_DEBUG -Xcc -ivfsstatcache -Xcc /Users/rogerlin/Library/Developer/Xcode/DerivedData/SDKStatCaches.noindex/macosx26.1-25B74-3ae1261907bdadc328169391a47051a6.sdkstatcache -Xcc -I/Users/rogerlin/Library/Developer/Xcode/DerivedData/FinancialCalculatorKit-ackorybalcxbfocbkqsfdzcfkgmn/Build/Intermediates.noindex/swift-parsing.build/Debug/Parsing.build/swift-overrides.hmap -Xcc -I/Users/rogerlin/Library/Developer/Xcode/DerivedData/FinancialCalculatorKit-ackorybalcxbfocbkqsfdzcfkgmn/Build/Products/Debug/include -Xcc -I/Users/rogerlin/Library/Developer/Xcode/DerivedData/FinancialCalculatorKit-ackorybalcxbfocbkqsfdzcfkgmn/Build/Intermediates.noindex/swift-parsing.build/Debug/Parsing.build/DerivedSources-normal/arm64 -Xcc -I/Users/rogerlin/Library/Developer/Xcode/DerivedData/FinancialCalculatorKit-ackorybalcxbfocbkqsfdzcfkgmn/Build/Intermediates.noindex/swift-parsing.build/Debug/Parsing.build/DerivedSources/arm64 -Xcc -I/Users/rogerlin/Library/Developer/Xcode/DerivedData/FinancialCalculatorKit-ackorybalcxbfocbkqsfdzcfkgmn/Build/Intermediates.noindex/swift-parsing.build/Debug/Parsing.build/DerivedSources -Xcc -DSWIFT_PACKAGE -Xcc -DDEBUG\=1 -no-auto-bridging-header-chaining -module-name Parsing -package-name swift_parsing -frontend-parseable-output -disable-clang-spi -target-sdk-version 26.1 -target-sdk-name macosx26.1 -clang-target arm64-apple-macos26.1 -in-process-plugin-server-path /Applications/Xcode.app/Contents/Developer/Toolchains/XcodeDefault.xctoolchain/usr/lib/swift/host/libSwiftInProcPluginServer.dylib -emit-module-doc-path /Users/rogerlin/Library/Developer/Xcode/DerivedData/FinancialCalculatorKit-ackorybalcxbfocbkqsfdzcfkgmn/Build/Intermediates.noindex/swift-parsing.build/Debug/Parsing.build/Objects-normal/arm64/Parsing.swiftdoc -emit-module-source-info-path /Users/rogerlin/Library/Developer/Xcode/DerivedData/FinancialCalculatorKit-ackorybalcxbfocbkqsfdzcfkgmn/Build/Intermediates.noindex/swift-parsing.build/Debug/Parsing.build/Objects-normal/arm64/Parsing.swiftsourceinfo -emit-objc-header-path /Users/rogerlin/Library/Developer/Xcode/DerivedData/FinancialCalculatorKit-ackorybalcxbfocbkqsfdzcfkgmn/Build/Intermediates.noindex/swift-parsing.build/Debug/Parsing.build/Objects-normal/arm64/Parsing-Swift.h -serialize-diagnostics-path /Users/rogerlin/Library/Developer/Xcode/DerivedData/FinancialCalculatorKit-ackorybalcxbfocbkqsfdzcfkgmn/Build/Intermediates.noindex/swift-parsing.build/Debug/Parsing.build/Objects-normal/arm64/Parsing-primary-emit-module.dia -emit-dependencies-path /Users/rogerlin/Library/Developer/Xcode/DerivedData/FinancialCalculatorKit-ackorybalcxbfocbkqsfdzcfkgmn/Build/Intermediates.noindex/swift-parsing.build/Debug/Parsing.build/Objects-normal/arm64/Parsing-primary-emit-module.d -o /Users/rogerlin/Library/Developer/Xcode/DerivedData/FinancialCalculatorKit-ackorybalcxbfocbkqsfdzcfkgmn/Build/Intermediates.noindex/swift-parsing.build/Debug/Parsing.build/Objects-normal/arm64/Parsing.swiftmodule -emit-abi-descriptor-path /Users/rogerlin/Library/Developer/Xcode/DerivedData/FinancialCalculatorKit-ackorybalcxbfocbkqsfdzcfkgmn/Build/Intermediates.noindex/swift-parsing.build/Debug/Parsing.build/Objects-normal/arm64/Parsing.abi.json
SwiftCompile normal arm64 Compiling\ Stream.swift,\ ParsingError.swift,\ PrependableCollection.swift,\ PrintingError.swift /Users/rogerlin/Library/Developer/Xcode/DerivedData/FinancialCalculatorKit-ackorybalcxbfocbkqsfdzcfkgmn/SourcePackages/checkouts/swift-parsing/Sources/Parsing/Parsers/Stream.swift /Users/rogerlin/Library/Developer/Xcode/DerivedData/FinancialCalculatorKit-ackorybalcxbfocbkqsfdzcfkgmn/SourcePackages/checkouts/swift-parsing/Sources/Parsing/ParsingError.swift /Users/rogerlin/Library/Developer/Xcode/DerivedData/FinancialCalculatorKit-ackorybalcxbfocbkqsfdzcfkgmn/SourcePackages/checkouts/swift-parsing/Sources/Parsing/PrependableCollection.swift /Users/rogerlin/Library/Developer/Xcode/DerivedData/FinancialCalculatorKit-ackorybalcxbfocbkqsfdzcfkgmn/SourcePackages/checkouts/swift-parsing/Sources/Parsing/PrintingError.swift (in target 'Parsing' from project 'swift-parsing')
/Applications/Xcode.app/Contents/Developer/Toolchains/XcodeDefault.xctoolchain/usr/bin/swift-frontend -frontend -c /Users/rogerlin/Library/Developer/Xcode/DerivedData/FinancialCalculatorKit-ackorybalcxbfocbkqsfdzcfkgmn/SourcePackages/checkouts/swift-parsing/Sources/Parsing/Builders/OneOfBuilder.swift /Users/rogerlin/Library/Developer/Xcode/DerivedData/FinancialCalculatorKit-ackorybalcxbfocbkqsfdzcfkgmn/SourcePackages/checkouts/swift-parsing/Sources/Parsing/Builders/ParserBuilder.swift /Users/rogerlin/Library/Developer/Xcode/DerivedData/FinancialCalculatorKit-ackorybalcxbfocbkqsfdzcfkgmn/SourcePackages/checkouts/swift-parsing/Sources/Parsing/Conversion.swift /Users/rogerlin/Library/Developer/Xcode/DerivedData/FinancialCalculatorKit-ackorybalcxbfocbkqsfdzcfkgmn/SourcePackages/checkouts/swift-parsing/Sources/Parsing/Conversions/AnyConversion.swift /Users/rogerlin/Library/Developer/Xcode/DerivedData/FinancialCalculatorKit-ackorybalcxbfocbkqsfdzcfkgmn/SourcePackages/checkouts/swift-parsing/Sources/Parsing/Conversions/BinaryFloatingPoint.swift /Users/rogerlin/Library/Developer/Xcode/DerivedData/FinancialCalculatorKit-ackorybalcxbfocbkqsfdzcfkgmn/SourcePackages/checkouts/swift-parsing/Sources/Parsing/Conversions/ConversionMap.swift /Users/rogerlin/Library/Developer/Xcode/DerivedData/FinancialCalculatorKit-ackorybalcxbfocbkqsfdzcfkgmn/SourcePackages/checkouts/swift-parsing/Sources/Parsing/Conversions/Conversions.swift /Users/rogerlin/Library/Developer/Xcode/DerivedData/FinancialCalculatorKit-ackorybalcxbfocbkqsfdzcfkgmn/SourcePackages/checkouts/swift-parsing/Sources/Parsing/Conversions/Data.swift /Users/rogerlin/Library/Developer/Xcode/DerivedData/FinancialCalculatorKit-ackorybalcxbfocbkqsfdzcfkgmn/SourcePackages/checkouts/swift-parsing/Sources/Parsing/Conversions/Enum.swift /Users/rogerlin/Library/Developer/Xcode/DerivedData/FinancialCalculatorKit-ackorybalcxbfocbkqsfdzcfkgmn/SourcePackages/checkouts/swift-parsing/Sources/Parsing/Conversions/FixedWidthInteger.swift /Users/rogerlin/Library/Developer/Xcode/DerivedData/FinancialCalculatorKit-ackorybalcxbfocbkqsfdzcfkgmn/SourcePackages/checkouts/swift-parsing/Sources/Parsing/Conversions/Identity.swift /Users/rogerlin/Library/Developer/Xcode/DerivedData/FinancialCalculatorKit-ackorybalcxbfocbkqsfdzcfkgmn/SourcePackages/checkouts/swift-parsing/Sources/Parsing/Conversions/JSON.swift /Users/rogerlin/Library/Developer/Xcode/DerivedData/FinancialCalculatorKit-ackorybalcxbfocbkqsfdzcfkgmn/SourcePackages/checkouts/swift-parsing/Sources/Parsing/Conversions/LosslessStringConvertible.swift /Users/rogerlin/Library/Developer/Xcode/DerivedData/FinancialCalculatorKit-ackorybalcxbfocbkqsfdzcfkgmn/SourcePackages/checkouts/swift-parsing/Sources/Parsing/Conversions/Memberwise.swift /Users/rogerlin/Library/Developer/Xcode/DerivedData/FinancialCalculatorKit-ackorybalcxbfocbkqsfdzcfkgmn/SourcePackages/checkouts/swift-parsing/Sources/Parsing/Conversions/ParseableFormatStyleConversion.swift /Users/rogerlin/Library/Developer/Xcode/DerivedData/FinancialCalculatorKit-ackorybalcxbfocbkqsfdzcfkgmn/SourcePackages/checkouts/swift-parsing/Sources/Parsing/Conversions/RawRepresentable.swift /Users/rogerlin/Library/Developer/Xcode/DerivedData/FinancialCalculatorKit-ackorybalcxbfocbkqsfdzcfkgmn/SourcePackages/checkouts/swift-parsing/Sources/Parsing/Conversions/String.swift /Users/rogerlin/Library/Developer/Xcode/DerivedData/FinancialCalculatorKit-ackorybalcxbfocbkqsfdzcfkgmn/SourcePackages/checkouts/swift-parsing/Sources/Parsing/Conversions/Substring.swift /Users/rogerlin/Library/Developer/Xcode/DerivedData/FinancialCalculatorKit-ackorybalcxbfocbkqsfdzcfkgmn/SourcePackages/checkouts/swift-parsing/Sources/Parsing/Conversions/UTF8View.swift /Users/rogerlin/Library/Developer/Xcode/DerivedData/FinancialCalculatorKit-ackorybalcxbfocbkqsfdzcfkgmn/SourcePackages/checkouts/swift-parsing/Sources/Parsing/ConvertingError.swift /Users/rogerlin/Library/Developer/Xcode/DerivedData/FinancialCalculatorKit-ackorybalcxbfocbkqsfdzcfkgmn/SourcePackages/checkouts/swift-parsing/Sources/Parsing/CountingRange.swift /Users/rogerlin/Library/Developer/Xcode/DerivedData/FinancialCalculatorKit-ackorybalcxbfocbkqsfdzcfkgmn/SourcePackages/checkouts/swift-parsing/Sources/Parsing/EmptyInitializable.swift /Users/rogerlin/Library/Developer/Xcode/DerivedData/FinancialCalculatorKit-ackorybalcxbfocbkqsfdzcfkgmn/SourcePackages/checkouts/swift-parsing/Sources/Parsing/Internal/AnyEquatable.swift /Users/rogerlin/Library/Developer/Xcode/DerivedData/FinancialCalculatorKit-ackorybalcxbfocbkqsfdzcfkgmn/SourcePackages/checkouts/swift-parsing/Sources/Parsing/Internal/Deprecations.swift /Users/rogerlin/Library/Developer/Xcode/DerivedData/FinancialCalculatorKit-ackorybalcxbfocbkqsfdzcfkgmn/SourcePackages/checkouts/swift-parsing/Sources/Parsing/Parser.swift /Users/rogerlin/Library/Developer/Xcode/DerivedData/FinancialCalculatorKit-ackorybalcxbfocbkqsfdzcfkgmn/SourcePackages/checkouts/swift-parsing/Sources/Parsing/ParserPrinter.swift /Users/rogerlin/Library/Developer/Xcode/DerivedData/FinancialCalculatorKit-ackorybalcxbfocbkqsfdzcfkgmn/SourcePackages/checkouts/swift-parsing/Sources/Parsing/ParserPrinters/Always.swift /Users/rogerlin/Library/Developer/Xcode/DerivedData/FinancialCalculatorKit-ackorybalcxbfocbkqsfdzcfkgmn/SourcePackages/checkouts/swift-parsing/Sources/Parsing/ParserPrinters/AnyParserPrinter.swift /Users/rogerlin/Library/Developer/Xcode/DerivedData/FinancialCalculatorKit-ackorybalcxbfocbkqsfdzcfkgmn/SourcePackages/checkouts/swift-parsing/Sources/Parsing/ParserPrinters/Backtracking.swift /Users/rogerlin/Library/Developer/Xcode/DerivedData/FinancialCalculatorKit-ackorybalcxbfocbkqsfdzcfkgmn/SourcePackages/checkouts/swift-parsing/Sources/Parsing/ParserPrinters/Bool.swift /Users/rogerlin/Library/Developer/Xcode/DerivedData/FinancialCalculatorKit-ackorybalcxbfocbkqsfdzcfkgmn/SourcePackages/checkouts/swift-parsing/Sources/Parsing/ParserPrinters/CaseIterableRawRepresentable.swift /Users/rogerlin/Library/Developer/Xcode/DerivedData/FinancialCalculatorKit-ackorybalcxbfocbkqsfdzcfkgmn/SourcePackages/checkouts/swift-parsing/Sources/Parsing/ParserPrinters/CharacterSet.swift /Users/rogerlin/Library/Developer/Xcode/DerivedData/FinancialCalculatorKit-ackorybalcxbfocbkqsfdzcfkgmn/SourcePackages/checkouts/swift-parsing/Sources/Parsing/ParserPrinters/Conditional.swift /Users/rogerlin/Library/Developer/Xcode/DerivedData/FinancialCalculatorKit-ackorybalcxbfocbkqsfdzcfkgmn/SourcePackages/checkouts/swift-parsing/Sources/Parsing/ParserPrinters/Consumed.swift /Users/rogerlin/Library/Developer/Xcode/DerivedData/FinancialCalculatorKit-ackorybalcxbfocbkqsfdzcfkgmn/SourcePackages/checkouts/swift-parsing/Sources/Parsing/ParserPrinters/Digits.swift /Users/rogerlin/Library/Developer/Xcode/DerivedData/FinancialCalculatorKit-ackorybalcxbfocbkqsfdzcfkgmn/SourcePackages/checkouts/swift-parsing/Sources/Parsing/ParserPrinters/End.swift /Users/rogerlin/Library/Developer/Xcode/DerivedData/FinancialCalculatorKit-ackorybalcxbfocbkqsfdzcfkgmn/SourcePackages/checkouts/swift-parsing/Sources/Parsing/ParserPrinters/Fail.swift /Users/rogerlin/Library/Developer/Xcode/DerivedData/FinancialCalculatorKit-ackorybalcxbfocbkqsfdzcfkgmn/SourcePackages/checkouts/swift-parsing/Sources/Parsing/ParserPrinters/Filter.swift /Users/rogerlin/Library/Developer/Xcode/DerivedData/FinancialCalculatorKit-ackorybalcxbfocbkqsfdzcfkgmn/SourcePackages/checkouts/swift-parsing/Sources/Parsing/ParserPrinters/First.swift /Users/rogerlin/Library/Developer/Xcode/DerivedData/FinancialCalculatorKit-ackorybalcxbfocbkqsfdzcfkgmn/SourcePackages/checkouts/swift-parsing/Sources/Parsing/ParserPrinters/Float.swift /Users/rogerlin/Library/Developer/Xcode/DerivedData/FinancialCalculatorKit-ackorybalcxbfocbkqsfdzcfkgmn/SourcePackages/checkouts/swift-parsing/Sources/Parsing/ParserPrinters/From.swift /Users/rogerlin/Library/Developer/Xcode/DerivedData/FinancialCalculatorKit-ackorybalcxbfocbkqsfdzcfkgmn/SourcePackages/checkouts/swift-parsing/Sources/Parsing/ParserPrinters/Int.swift /Users/rogerlin/Library/Developer/Xcode/DerivedData/FinancialCalculatorKit-ackorybalcxbfocbkqsfdzcfkgmn/SourcePackages/checkouts/swift-parsing/Sources/Parsing/ParserPrinters/Lazy.swift /Users/rogerlin/Library/Developer/Xcode/DerivedData/FinancialCalculatorKit-ackorybalcxbfocbkqsfdzcfkgmn/SourcePackages/checkouts/swift-parsing/Sources/Parsing/ParserPrinters/Literal.swift /Users/rogerlin/Library/Developer/Xcode/DerivedData/FinancialCalculatorKit-ackorybalcxbfocbkqsfdzcfkgmn/SourcePackages/checkouts/swift-parsing/Sources/Parsing/ParserPrinters/Many.swift /Users/rogerlin/Library/Developer/Xcode/DerivedData/FinancialCalculatorKit-ackorybalcxbfocbkqsfdzcfkgmn/SourcePackages/checkouts/swift-parsing/Sources/Parsing/ParserPrinters/Map.swift /Users/rogerlin/Library/Developer/Xcode/DerivedData/FinancialCalculatorKit-ackorybalcxbfocbkqsfdzcfkgmn/SourcePackages/checkouts/swift-parsing/Sources/Parsing/ParserPrinters/Newline.swift /Users/rogerlin/Library/Developer/Xcode/DerivedData/FinancialCalculatorKit-ackorybalcxbfocbkqsfdzcfkgmn/SourcePackages/checkouts/swift-parsing/Sources/Parsing/ParserPrinters/Not.swift /Users/rogerlin/Library/Developer/Xcode/DerivedData/FinancialCalculatorKit-ackorybalcxbfocbkqsfdzcfkgmn/SourcePackages/checkouts/swift-parsing/Sources/Parsing/ParserPrinters/OneOf.swift /Users/rogerlin/Library/Developer/Xcode/DerivedData/FinancialCalculatorKit-ackorybalcxbfocbkqsfdzcfkgmn/SourcePackages/checkouts/swift-parsing/Sources/Parsing/ParserPrinters/OneOfMany.swift /Users/rogerlin/Library/Developer/Xcode/DerivedData/FinancialCalculatorKit-ackorybalcxbfocbkqsfdzcfkgmn/SourcePackages/checkouts/swift-parsing/Sources/Parsing/ParserPrinters/Optional.swift /Users/rogerlin/Library/Developer/Xcode/DerivedData/FinancialCalculatorKit-ackorybalcxbfocbkqsfdzcfkgmn/SourcePackages/checkouts/swift-parsing/Sources/Parsing/ParserPrinters/Optionally.swift /Users/rogerlin/Library/Developer/Xcode/DerivedData/FinancialCalculatorKit-ackorybalcxbfocbkqsfdzcfkgmn/SourcePackages/checkouts/swift-parsing/Sources/Parsing/ParserPrinters/Parse.swift /Users/rogerlin/Library/Developer/Xcode/DerivedData/FinancialCalculatorKit-ackorybalcxbfocbkqsfdzcfkgmn/SourcePackages/checkouts/swift-parsing/Sources/Parsing/ParserPrinters/ParseableFormatStyle.swift /Users/rogerlin/Library/Developer/Xcode/DerivedData/FinancialCalculatorKit-ackorybalcxbfocbkqsfdzcfkgmn/SourcePackages/checkouts/swift-parsing/Sources/Parsing/ParserPrinters/Peek.swift /Users/rogerlin/Library/Developer/Xcode/DerivedData/FinancialCalculatorKit-ackorybalcxbfocbkqsfdzcfkgmn/SourcePackages/checkouts/swift-parsing/Sources/Parsing/ParserPrinters/Pipe.swift /Users/rogerlin/Library/Developer/Xcode/DerivedData/FinancialCalculatorKit-ackorybalcxbfocbkqsfdzcfkgmn/SourcePackages/checkouts/swift-parsing/Sources/Parsing/ParserPrinters/Prefix.swift /Users/rogerlin/Library/Developer/Xcode/DerivedData/FinancialCalculatorKit-ackorybalcxbfocbkqsfdzcfkgmn/SourcePackages/checkouts/swift-parsing/Sources/Parsing/ParserPrinters/PrefixThrough.swift /Users/rogerlin/Library/Developer/Xcode/DerivedData/FinancialCalculatorKit-ackorybalcxbfocbkqsfdzcfkgmn/SourcePackages/checkouts/swift-parsing/Sources/Parsing/ParserPrinters/PrefixUpTo.swift /Users/rogerlin/Library/Developer/Xcode/DerivedData/FinancialCalculatorKit-ackorybalcxbfocbkqsfdzcfkgmn/SourcePackages/checkouts/swift-parsing/Sources/Parsing/ParserPrinters/Printing.swift /Users/rogerlin/Library/Developer/Xcode/DerivedData/FinancialCalculatorKit-ackorybalcxbfocbkqsfdzcfkgmn/SourcePackages/checkouts/swift-parsing/Sources/Parsing/ParserPrinters/Pullback.swift /Users/rogerlin/Library/Developer/Xcode/DerivedData/FinancialCalculatorKit-ackorybalcxbfocbkqsfdzcfkgmn/SourcePackages/checkouts/swift-parsing/Sources/Parsing/ParserPrinters/ReplaceError.swift /Users/rogerlin/Library/Developer/Xcode/DerivedData/FinancialCalculatorKit-ackorybalcxbfocbkqsfdzcfkgmn/SourcePackages/checkouts/swift-parsing/Sources/Parsing/ParserPrinters/Rest.swift /Users/rogerlin/Library/Developer/Xcode/DerivedData/FinancialCalculatorKit-ackorybalcxbfocbkqsfdzcfkgmn/SourcePackages/checkouts/swift-parsing/Sources/Parsing/ParserPrinters/Skip.swift /Users/rogerlin/Library/Developer/Xcode/DerivedData/FinancialCalculatorKit-ackorybalcxbfocbkqsfdzcfkgmn/SourcePackages/checkouts/swift-parsing/Sources/Parsing/ParserPrinters/StartsWith.swift /Users/rogerlin/Library/Developer/Xcode/DerivedData/FinancialCalculatorKit-ackorybalcxbfocbkqsfdzcfkgmn/SourcePackages/checkouts/swift-parsing/Sources/Parsing/ParserPrinters/UUID.swift /Users/rogerlin/Library/Developer/Xcode/DerivedData/FinancialCalculatorKit-ackorybalcxbfocbkqsfdzcfkgmn/SourcePackages/checkouts/swift-parsing/Sources/Parsing/ParserPrinters/Whitespace.swift /Users/rogerlin/Library/Developer/Xcode/DerivedData/FinancialCalculatorKit-ackorybalcxbfocbkqsfdzcfkgmn/SourcePackages/checkouts/swift-parsing/Sources/Parsing/Parsers/AnyParser.swift /Users/rogerlin/Library/Developer/Xcode/DerivedData/FinancialCalculatorKit-ackorybalcxbfocbkqsfdzcfkgmn/SourcePackages/checkouts/swift-parsing/Sources/Parsing/Parsers/CompactMap.swift /Users/rogerlin/Library/Developer/Xcode/DerivedData/FinancialCalculatorKit-ackorybalcxbfocbkqsfdzcfkgmn/SourcePackages/checkouts/swift-parsing/Sources/Parsing/Parsers/FlatMap.swift /Users/rogerlin/Library/Developer/Xcode/DerivedData/FinancialCalculatorKit-ackorybalcxbfocbkqsfdzcfkgmn/SourcePackages/checkouts/swift-parsing/Sources/Parsing/Parsers/Parsers.swift -primary-file /Users/rogerlin/Library/Developer/Xcode/DerivedData/FinancialCalculatorKit-ackorybalcxbfocbkqsfdzcfkgmn/SourcePackages/checkouts/swift-parsing/Sources/Parsing/Parsers/Stream.swift -primary-file /Users/rogerlin/Library/Developer/Xcode/DerivedData/FinancialCalculatorKit-ackorybalcxbfocbkqsfdzcfkgmn/SourcePackages/checkouts/swift-parsing/Sources/Parsing/ParsingError.swift -primary-file /Users/rogerlin/Library/Developer/Xcode/DerivedData/FinancialCalculatorKit-ackorybalcxbfocbkqsfdzcfkgmn/SourcePackages/checkouts/swift-parsing/Sources/Parsing/PrependableCollection.swift -primary-file /Users/rogerlin/Library/Developer/Xcode/DerivedData/FinancialCalculatorKit-ackorybalcxbfocbkqsfdzcfkgmn/SourcePackages/checkouts/swift-parsing/Sources/Parsing/PrintingError.swift -supplementary-output-file-map /Users/rogerlin/Library/Developer/Xcode/DerivedData/FinancialCalculatorKit-ackorybalcxbfocbkqsfdzcfkgmn/Build/Intermediates.noindex/swift-parsing.build/Debug/Parsing.build/Objects-normal/arm64/supplementaryOutputs-50 -target arm64-apple-macos10.15 -load-resolved-plugin \#/Users/rogerlin/Library/Developer/Xcode/DerivedData/FinancialCalculatorKit-ackorybalcxbfocbkqsfdzcfkgmn/Build/Products/Debug/CasePathsMacros\#CasePathsMacros -load-resolved-plugin /Applications/Xcode.app/Contents/Developer/Platforms/MacOSX.platform/Developer/usr/lib/swift/host/plugins/libFoundationMacros.dylib\#/Applications/Xcode.app/Contents/Developer/Platforms/MacOSX.platform/Developer/usr/bin/swift-plugin-server\#FoundationMacros -load-resolved-plugin /Applications/Xcode.app/Contents/Developer/Platforms/MacOSX.platform/Developer/usr/lib/swift/host/plugins/libObservationMacros.dylib\#/Applications/Xcode.app/Contents/Developer/Platforms/MacOSX.platform/Developer/usr/bin/swift-plugin-server\#ObservationMacros -load-resolved-plugin /Applications/Xcode.app/Contents/Developer/Platforms/MacOSX.platform/Developer/usr/lib/swift/host/plugins/libSwiftMacros.dylib\#/Applications/Xcode.app/Contents/Developer/Platforms/MacOSX.platform/Developer/usr/bin/swift-plugin-server\#SwiftMacros -disable-implicit-swift-modules -Xcc -fno-implicit-modules -Xcc -fno-implicit-module-maps -explicit-swift-module-map-file /Users/rogerlin/Library/Developer/Xcode/DerivedData/FinancialCalculatorKit-ackorybalcxbfocbkqsfdzcfkgmn/Build/Intermediates.noindex/swift-parsing.build/Debug/Parsing.build/Objects-normal/arm64/Parsing-dependencies-1.json -Xllvm -aarch64-use-tbi -enable-objc-interop -stack-check -sdk /Applications/Xcode.app/Contents/Developer/Platforms/MacOSX.platform/Developer/SDKs/MacOSX26.1.sdk -I /Users/rogerlin/Library/Developer/Xcode/DerivedData/FinancialCalculatorKit-ackorybalcxbfocbkqsfdzcfkgmn/Build/Products/Debug -Isystem /Applications/Xcode.app/Contents/Developer/Platforms/MacOSX.platform/Developer/usr/lib -F /Users/rogerlin/Library/Developer/Xcode/DerivedData/FinancialCalculatorKit-ackorybalcxbfocbkqsfdzcfkgmn/Build/Products/Debug/PackageFrameworks -F /Users/rogerlin/Library/Developer/Xcode/DerivedData/FinancialCalculatorKit-ackorybalcxbfocbkqsfdzcfkgmn/Build/Products/Debug/PackageFrameworks -F /Users/rogerlin/Library/Developer/Xcode/DerivedData/FinancialCalculatorKit-ackorybalcxbfocbkqsfdzcfkgmn/Build/Products/Debug/PackageFrameworks -F /Users/rogerlin/Library/Developer/Xcode/DerivedData/FinancialCalculatorKit-ackorybalcxbfocbkqsfdzcfkgmn/Build/Products/Debug/PackageFrameworks -F /Users/rogerlin/Library/Developer/Xcode/DerivedData/FinancialCalculatorKit-ackorybalcxbfocbkqsfdzcfkgmn/Build/Products/Debug -F /Applications/Xcode.app/Contents/Developer/Platforms/MacOSX.platform/Developer/Library/Frameworks -no-color-diagnostics -Xcc -fno-color-diagnostics -enable-testing -g -debug-info-format\=dwarf -dwarf-version\=4 -module-cache-path /Users/rogerlin/Library/Developer/Xcode/DerivedData/FinancialCalculatorKit-ackorybalcxbfocbkqsfdzcfkgmn/Build/Intermediates.noindex/SwiftExplicitPrecompiledModules -suppress-warnings -profile-generate -profile-coverage-mapping -swift-version 5 -enforce-exclusivity\=checked -Onone -D SWIFT_PACKAGE -D DEBUG -D SWIFT_MODULE_RESOURCE_BUNDLE_UNAVAILABLE -D Xcode -serialize-debugging-options -load-plugin-executable /Users/rogerlin/Library/Developer/Xcode/DerivedData/FinancialCalculatorKit-ackorybalcxbfocbkqsfdzcfkgmn/Build/Products/Debug/CasePathsMacros\#CasePathsMacros -const-gather-protocols-file /Users/rogerlin/Library/Developer/Xcode/DerivedData/FinancialCalculatorKit-ackorybalcxbfocbkqsfdzcfkgmn/Build/Intermediates.noindex/swift-parsing.build/Debug/Parsing.build/Objects-normal/arm64/Parsing_const_extract_protocols.json -enable-experimental-feature DebugDescriptionMacro -empty-abi-descriptor -validate-clang-modules-once -clang-build-session-file /Users/rogerlin/Library/Developer/Xcode/DerivedData/ModuleCache.noindex/Session.modulevalidation -Xcc -working-directory -Xcc /Users/rogerlin/XCode-Projects/FinancialCalculatorKit-5.0-updated-accent-colors/FinancialCalculatorKit.xcodeproj -enable-anonymous-context-mangled-names -file-compilation-dir /Users/rogerlin/XCode-Projects/FinancialCalculatorKit-5.0-updated-accent-colors/FinancialCalculatorKit.xcodeproj -Xcc -D_LIBCPP_HARDENING_MODE\=_LIBCPP_HARDENING_MODE_DEBUG -Xcc -ivfsstatcache -Xcc /Users/rogerlin/Library/Developer/Xcode/DerivedData/SDKStatCaches.noindex/macosx26.1-25B74-3ae1261907bdadc328169391a47051a6.sdkstatcache -Xcc -I/Users/rogerlin/Library/Developer/Xcode/DerivedData/FinancialCalculatorKit-ackorybalcxbfocbkqsfdzcfkgmn/Build/Intermediates.noindex/swift-parsing.build/Debug/Parsing.build/swift-overrides.hmap -Xcc -I/Users/rogerlin/Library/Developer/Xcode/DerivedData/FinancialCalculatorKit-ackorybalcxbfocbkqsfdzcfkgmn/Build/Products/Debug/include -Xcc -I/Users/rogerlin/Library/Developer/Xcode/DerivedData/FinancialCalculatorKit-ackorybalcxbfocbkqsfdzcfkgmn/Build/Intermediates.noindex/swift-parsing.build/Debug/Parsing.build/DerivedSources-normal/arm64 -Xcc -I/Users/rogerlin/Library/Developer/Xcode/DerivedData/FinancialCalculatorKit-ackorybalcxbfocbkqsfdzcfkgmn/Build/Intermediates.noindex/swift-parsing.build/Debug/Parsing.build/DerivedSources/arm64 -Xcc -I/Users/rogerlin/Library/Developer/Xcode/DerivedData/FinancialCalculatorKit-ackorybalcxbfocbkqsfdzcfkgmn/Build/Intermediates.noindex/swift-parsing.build/Debug/Parsing.build/DerivedSources -Xcc -DSWIFT_PACKAGE -Xcc -DDEBUG\=1 -no-auto-bridging-header-chaining -module-name Parsing -package-name swift_parsing -frontend-parseable-output -disable-clang-spi -target-sdk-version 26.1 -target-sdk-name macosx26.1 -clang-target arm64-apple-macos26.1 -in-process-plugin-server-path /Applications/Xcode.app/Contents/Developer/Toolchains/XcodeDefault.xctoolchain/usr/lib/swift/host/libSwiftInProcPluginServer.dylib -o /Users/rogerlin/Library/Developer/Xcode/DerivedData/FinancialCalculatorKit-ackorybalcxbfocbkqsfdzcfkgmn/Build/Intermediates.noindex/swift-parsing.build/Debug/Parsing.build/Objects-normal/arm64/Stream.o -o /Users/rogerlin/Library/Developer/Xcode/DerivedData/FinancialCalculatorKit-ackorybalcxbfocbkqsfdzcfkgmn/Build/Intermediates.noindex/swift-parsing.build/Debug/Parsing.build/Objects-normal/arm64/ParsingError.o -o /Users/rogerlin/Library/Developer/Xcode/DerivedData/FinancialCalculatorKit-ackorybalcxbfocbkqsfdzcfkgmn/Build/Intermediates.noindex/swift-parsing.build/Debug/Parsing.build/Objects-normal/arm64/PrependableCollection.o -o /Users/rogerlin/Library/Developer/Xcode/DerivedData/FinancialCalculatorKit-ackorybalcxbfocbkqsfdzcfkgmn/Build/Intermediates.noindex/swift-parsing.build/Debug/Parsing.build/Objects-normal/arm64/PrintingError.o -index-unit-output-path /swift-parsing.build/Debug/Parsing.build/Objects-normal/arm64/Stream.o -index-unit-output-path /swift-parsing.build/Debug/Parsing.build/Objects-normal/arm64/ParsingError.o -index-unit-output-path /swift-parsing.build/Debug/Parsing.build/Objects-normal/arm64/PrependableCollection.o -index-unit-output-path /swift-parsing.build/Debug/Parsing.build/Objects-normal/arm64/PrintingError.o -index-store-path /Users/rogerlin/Library/Developer/Xcode/DerivedData/FinancialCalculatorKit-ackorybalcxbfocbkqsfdzcfkgmn/Index.noindex/DataStore -index-system-modules

SwiftCompile normal arm64 /Users/rogerlin/Library/Developer/Xcode/DerivedData/FinancialCalculatorKit-ackorybalcxbfocbkqsfdzcfkgmn/SourcePackages/checkouts/swift-parsing/Sources/Parsing/Parsers/Stream.swift (in target 'Parsing' from project 'swift-parsing')
    cd /Users/rogerlin/XCode-Projects/FinancialCalculatorKit-5.0-updated-accent-colors/FinancialCalculatorKit.xcodeproj
    

SwiftCompile normal arm64 /Users/rogerlin/Library/Developer/Xcode/DerivedData/FinancialCalculatorKit-ackorybalcxbfocbkqsfdzcfkgmn/SourcePackages/checkouts/swift-parsing/Sources/Parsing/ParsingError.swift (in target 'Parsing' from project 'swift-parsing')
    cd /Users/rogerlin/XCode-Projects/FinancialCalculatorKit-5.0-updated-accent-colors/FinancialCalculatorKit.xcodeproj
    

SwiftCompile normal arm64 /Users/rogerlin/Library/Developer/Xcode/DerivedData/FinancialCalculatorKit-ackorybalcxbfocbkqsfdzcfkgmn/SourcePackages/checkouts/swift-parsing/Sources/Parsing/PrependableCollection.swift (in target 'Parsing' from project 'swift-parsing')
    cd /Users/rogerlin/XCode-Projects/FinancialCalculatorKit-5.0-updated-accent-colors/FinancialCalculatorKit.xcodeproj
    

SwiftCompile normal arm64 /Users/rogerlin/Library/Developer/Xcode/DerivedData/FinancialCalculatorKit-ackorybalcxbfocbkqsfdzcfkgmn/SourcePackages/checkouts/swift-parsing/Sources/Parsing/PrintingError.swift (in target 'Parsing' from project 'swift-parsing')
    cd /Users/rogerlin/XCode-Projects/FinancialCalculatorKit-5.0-updated-accent-colors/FinancialCalculatorKit.xcodeproj
    

SwiftCompile normal arm64 Compiling\ Skip.swift,\ StartsWith.swift,\ UUID.swift,\ Whitespace.swift /Users/rogerlin/Library/Developer/Xcode/DerivedData/FinancialCalculatorKit-ackorybalcxbfocbkqsfdzcfkgmn/SourcePackages/checkouts/swift-parsing/Sources/Parsing/ParserPrinters/Skip.swift /Users/rogerlin/Library/Developer/Xcode/DerivedData/FinancialCalculatorKit-ackorybalcxbfocbkqsfdzcfkgmn/SourcePackages/checkouts/swift-parsing/Sources/Parsing/ParserPrinters/StartsWith.swift /Users/rogerlin/Library/Developer/Xcode/DerivedData/FinancialCalculatorKit-ackorybalcxbfocbkqsfdzcfkgmn/SourcePackages/checkouts/swift-parsing/Sources/Parsing/ParserPrinters/UUID.swift /Users/rogerlin/Library/Developer/Xcode/DerivedData/FinancialCalculatorKit-ackorybalcxbfocbkqsfdzcfkgmn/SourcePackages/checkouts/swift-parsing/Sources/Parsing/ParserPrinters/Whitespace.swift (in target 'Parsing' from project 'swift-parsing')
/Applications/Xcode.app/Contents/Developer/Toolchains/XcodeDefault.xctoolchain/usr/bin/swift-frontend -frontend -c /Users/rogerlin/Library/Developer/Xcode/DerivedData/FinancialCalculatorKit-ackorybalcxbfocbkqsfdzcfkgmn/SourcePackages/checkouts/swift-parsing/Sources/Parsing/Builders/OneOfBuilder.swift /Users/rogerlin/Library/Developer/Xcode/DerivedData/FinancialCalculatorKit-ackorybalcxbfocbkqsfdzcfkgmn/SourcePackages/checkouts/swift-parsing/Sources/Parsing/Builders/ParserBuilder.swift /Users/rogerlin/Library/Developer/Xcode/DerivedData/FinancialCalculatorKit-ackorybalcxbfocbkqsfdzcfkgmn/SourcePackages/checkouts/swift-parsing/Sources/Parsing/Conversion.swift /Users/rogerlin/Library/Developer/Xcode/DerivedData/FinancialCalculatorKit-ackorybalcxbfocbkqsfdzcfkgmn/SourcePackages/checkouts/swift-parsing/Sources/Parsing/Conversions/AnyConversion.swift /Users/rogerlin/Library/Developer/Xcode/DerivedData/FinancialCalculatorKit-ackorybalcxbfocbkqsfdzcfkgmn/SourcePackages/checkouts/swift-parsing/Sources/Parsing/Conversions/BinaryFloatingPoint.swift /Users/rogerlin/Library/Developer/Xcode/DerivedData/FinancialCalculatorKit-ackorybalcxbfocbkqsfdzcfkgmn/SourcePackages/checkouts/swift-parsing/Sources/Parsing/Conversions/ConversionMap.swift /Users/rogerlin/Library/Developer/Xcode/DerivedData/FinancialCalculatorKit-ackorybalcxbfocbkqsfdzcfkgmn/SourcePackages/checkouts/swift-parsing/Sources/Parsing/Conversions/Conversions.swift /Users/rogerlin/Library/Developer/Xcode/DerivedData/FinancialCalculatorKit-ackorybalcxbfocbkqsfdzcfkgmn/SourcePackages/checkouts/swift-parsing/Sources/Parsing/Conversions/Data.swift /Users/rogerlin/Library/Developer/Xcode/DerivedData/FinancialCalculatorKit-ackorybalcxbfocbkqsfdzcfkgmn/SourcePackages/checkouts/swift-parsing/Sources/Parsing/Conversions/Enum.swift /Users/rogerlin/Library/Developer/Xcode/DerivedData/FinancialCalculatorKit-ackorybalcxbfocbkqsfdzcfkgmn/SourcePackages/checkouts/swift-parsing/Sources/Parsing/Conversions/FixedWidthInteger.swift /Users/rogerlin/Library/Developer/Xcode/DerivedData/FinancialCalculatorKit-ackorybalcxbfocbkqsfdzcfkgmn/SourcePackages/checkouts/swift-parsing/Sources/Parsing/Conversions/Identity.swift /Users/rogerlin/Library/Developer/Xcode/DerivedData/FinancialCalculatorKit-ackorybalcxbfocbkqsfdzcfkgmn/SourcePackages/checkouts/swift-parsing/Sources/Parsing/Conversions/JSON.swift /Users/rogerlin/Library/Developer/Xcode/DerivedData/FinancialCalculatorKit-ackorybalcxbfocbkqsfdzcfkgmn/SourcePackages/checkouts/swift-parsing/Sources/Parsing/Conversions/LosslessStringConvertible.swift /Users/rogerlin/Library/Developer/Xcode/DerivedData/FinancialCalculatorKit-ackorybalcxbfocbkqsfdzcfkgmn/SourcePackages/checkouts/swift-parsing/Sources/Parsing/Conversions/Memberwise.swift /Users/rogerlin/Library/Developer/Xcode/DerivedData/FinancialCalculatorKit-ackorybalcxbfocbkqsfdzcfkgmn/SourcePackages/checkouts/swift-parsing/Sources/Parsing/Conversions/ParseableFormatStyleConversion.swift /Users/rogerlin/Library/Developer/Xcode/DerivedData/FinancialCalculatorKit-ackorybalcxbfocbkqsfdzcfkgmn/SourcePackages/checkouts/swift-parsing/Sources/Parsing/Conversions/RawRepresentable.swift /Users/rogerlin/Library/Developer/Xcode/DerivedData/FinancialCalculatorKit-ackorybalcxbfocbkqsfdzcfkgmn/SourcePackages/checkouts/swift-parsing/Sources/Parsing/Conversions/String.swift /Users/rogerlin/Library/Developer/Xcode/DerivedData/FinancialCalculatorKit-ackorybalcxbfocbkqsfdzcfkgmn/SourcePackages/checkouts/swift-parsing/Sources/Parsing/Conversions/Substring.swift /Users/rogerlin/Library/Developer/Xcode/DerivedData/FinancialCalculatorKit-ackorybalcxbfocbkqsfdzcfkgmn/SourcePackages/checkouts/swift-parsing/Sources/Parsing/Conversions/UTF8View.swift /Users/rogerlin/Library/Developer/Xcode/DerivedData/FinancialCalculatorKit-ackorybalcxbfocbkqsfdzcfkgmn/SourcePackages/checkouts/swift-parsing/Sources/Parsing/ConvertingError.swift /Users/rogerlin/Library/Developer/Xcode/DerivedData/FinancialCalculatorKit-ackorybalcxbfocbkqsfdzcfkgmn/SourcePackages/checkouts/swift-parsing/Sources/Parsing/CountingRange.swift /Users/rogerlin/Library/Developer/Xcode/DerivedData/FinancialCalculatorKit-ackorybalcxbfocbkqsfdzcfkgmn/SourcePackages/checkouts/swift-parsing/Sources/Parsing/EmptyInitializable.swift /Users/rogerlin/Library/Developer/Xcode/DerivedData/FinancialCalculatorKit-ackorybalcxbfocbkqsfdzcfkgmn/SourcePackages/checkouts/swift-parsing/Sources/Parsing/Internal/AnyEquatable.swift /Users/rogerlin/Library/Developer/Xcode/DerivedData/FinancialCalculatorKit-ackorybalcxbfocbkqsfdzcfkgmn/SourcePackages/checkouts/swift-parsing/Sources/Parsing/Internal/Deprecations.swift /Users/rogerlin/Library/Developer/Xcode/DerivedData/FinancialCalculatorKit-ackorybalcxbfocbkqsfdzcfkgmn/SourcePackages/checkouts/swift-parsing/Sources/Parsing/Parser.swift /Users/rogerlin/Library/Developer/Xcode/DerivedData/FinancialCalculatorKit-ackorybalcxbfocbkqsfdzcfkgmn/SourcePackages/checkouts/swift-parsing/Sources/Parsing/ParserPrinter.swift /Users/rogerlin/Library/Developer/Xcode/DerivedData/FinancialCalculatorKit-ackorybalcxbfocbkqsfdzcfkgmn/SourcePackages/checkouts/swift-parsing/Sources/Parsing/ParserPrinters/Always.swift /Users/rogerlin/Library/Developer/Xcode/DerivedData/FinancialCalculatorKit-ackorybalcxbfocbkqsfdzcfkgmn/SourcePackages/checkouts/swift-parsing/Sources/Parsing/ParserPrinters/AnyParserPrinter.swift /Users/rogerlin/Library/Developer/Xcode/DerivedData/FinancialCalculatorKit-ackorybalcxbfocbkqsfdzcfkgmn/SourcePackages/checkouts/swift-parsing/Sources/Parsing/ParserPrinters/Backtracking.swift /Users/rogerlin/Library/Developer/Xcode/DerivedData/FinancialCalculatorKit-ackorybalcxbfocbkqsfdzcfkgmn/SourcePackages/checkouts/swift-parsing/Sources/Parsing/ParserPrinters/Bool.swift /Users/rogerlin/Library/Developer/Xcode/DerivedData/FinancialCalculatorKit-ackorybalcxbfocbkqsfdzcfkgmn/SourcePackages/checkouts/swift-parsing/Sources/Parsing/ParserPrinters/CaseIterableRawRepresentable.swift /Users/rogerlin/Library/Developer/Xcode/DerivedData/FinancialCalculatorKit-ackorybalcxbfocbkqsfdzcfkgmn/SourcePackages/checkouts/swift-parsing/Sources/Parsing/ParserPrinters/CharacterSet.swift /Users/rogerlin/Library/Developer/Xcode/DerivedData/FinancialCalculatorKit-ackorybalcxbfocbkqsfdzcfkgmn/SourcePackages/checkouts/swift-parsing/Sources/Parsing/ParserPrinters/Conditional.swift /Users/rogerlin/Library/Developer/Xcode/DerivedData/FinancialCalculatorKit-ackorybalcxbfocbkqsfdzcfkgmn/SourcePackages/checkouts/swift-parsing/Sources/Parsing/ParserPrinters/Consumed.swift /Users/rogerlin/Library/Developer/Xcode/DerivedData/FinancialCalculatorKit-ackorybalcxbfocbkqsfdzcfkgmn/SourcePackages/checkouts/swift-parsing/Sources/Parsing/ParserPrinters/Digits.swift /Users/rogerlin/Library/Developer/Xcode/DerivedData/FinancialCalculatorKit-ackorybalcxbfocbkqsfdzcfkgmn/SourcePackages/checkouts/swift-parsing/Sources/Parsing/ParserPrinters/End.swift /Users/rogerlin/Library/Developer/Xcode/DerivedData/FinancialCalculatorKit-ackorybalcxbfocbkqsfdzcfkgmn/SourcePackages/checkouts/swift-parsing/Sources/Parsing/ParserPrinters/Fail.swift /Users/rogerlin/Library/Developer/Xcode/DerivedData/FinancialCalculatorKit-ackorybalcxbfocbkqsfdzcfkgmn/SourcePackages/checkouts/swift-parsing/Sources/Parsing/ParserPrinters/Filter.swift /Users/rogerlin/Library/Developer/Xcode/DerivedData/FinancialCalculatorKit-ackorybalcxbfocbkqsfdzcfkgmn/SourcePackages/checkouts/swift-parsing/Sources/Parsing/ParserPrinters/First.swift /Users/rogerlin/Library/Developer/Xcode/DerivedData/FinancialCalculatorKit-ackorybalcxbfocbkqsfdzcfkgmn/SourcePackages/checkouts/swift-parsing/Sources/Parsing/ParserPrinters/Float.swift /Users/rogerlin/Library/Developer/Xcode/DerivedData/FinancialCalculatorKit-ackorybalcxbfocbkqsfdzcfkgmn/SourcePackages/checkouts/swift-parsing/Sources/Parsing/ParserPrinters/From.swift /Users/rogerlin/Library/Developer/Xcode/DerivedData/FinancialCalculatorKit-ackorybalcxbfocbkqsfdzcfkgmn/SourcePackages/checkouts/swift-parsing/Sources/Parsing/ParserPrinters/Int.swift /Users/rogerlin/Library/Developer/Xcode/DerivedData/FinancialCalculatorKit-ackorybalcxbfocbkqsfdzcfkgmn/SourcePackages/checkouts/swift-parsing/Sources/Parsing/ParserPrinters/Lazy.swift /Users/rogerlin/Library/Developer/Xcode/DerivedData/FinancialCalculatorKit-ackorybalcxbfocbkqsfdzcfkgmn/SourcePackages/checkouts/swift-parsing/Sources/Parsing/ParserPrinters/Literal.swift /Users/rogerlin/Library/Developer/Xcode/DerivedData/FinancialCalculatorKit-ackorybalcxbfocbkqsfdzcfkgmn/SourcePackages/checkouts/swift-parsing/Sources/Parsing/ParserPrinters/Many.swift /Users/rogerlin/Library/Developer/Xcode/DerivedData/FinancialCalculatorKit-ackorybalcxbfocbkqsfdzcfkgmn/SourcePackages/checkouts/swift-parsing/Sources/Parsing/ParserPrinters/Map.swift /Users/rogerlin/Library/Developer/Xcode/DerivedData/FinancialCalculatorKit-ackorybalcxbfocbkqsfdzcfkgmn/SourcePackages/checkouts/swift-parsing/Sources/Parsing/ParserPrinters/Newline.swift /Users/rogerlin/Library/Developer/Xcode/DerivedData/FinancialCalculatorKit-ackorybalcxbfocbkqsfdzcfkgmn/SourcePackages/checkouts/swift-parsing/Sources/Parsing/ParserPrinters/Not.swift /Users/rogerlin/Library/Developer/Xcode/DerivedData/FinancialCalculatorKit-ackorybalcxbfocbkqsfdzcfkgmn/SourcePackages/checkouts/swift-parsing/Sources/Parsing/ParserPrinters/OneOf.swift /Users/rogerlin/Library/Developer/Xcode/DerivedData/FinancialCalculatorKit-ackorybalcxbfocbkqsfdzcfkgmn/SourcePackages/checkouts/swift-parsing/Sources/Parsing/ParserPrinters/OneOfMany.swift /Users/rogerlin/Library/Developer/Xcode/DerivedData/FinancialCalculatorKit-ackorybalcxbfocbkqsfdzcfkgmn/SourcePackages/checkouts/swift-parsing/Sources/Parsing/ParserPrinters/Optional.swift /Users/rogerlin/Library/Developer/Xcode/DerivedData/FinancialCalculatorKit-ackorybalcxbfocbkqsfdzcfkgmn/SourcePackages/checkouts/swift-parsing/Sources/Parsing/ParserPrinters/Optionally.swift /Users/rogerlin/Library/Developer/Xcode/DerivedData/FinancialCalculatorKit-ackorybalcxbfocbkqsfdzcfkgmn/SourcePackages/checkouts/swift-parsing/Sources/Parsing/ParserPrinters/Parse.swift /Users/rogerlin/Library/Developer/Xcode/DerivedData/FinancialCalculatorKit-ackorybalcxbfocbkqsfdzcfkgmn/SourcePackages/checkouts/swift-parsing/Sources/Parsing/ParserPrinters/ParseableFormatStyle.swift /Users/rogerlin/Library/Developer/Xcode/DerivedData/FinancialCalculatorKit-ackorybalcxbfocbkqsfdzcfkgmn/SourcePackages/checkouts/swift-parsing/Sources/Parsing/ParserPrinters/Peek.swift /Users/rogerlin/Library/Developer/Xcode/DerivedData/FinancialCalculatorKit-ackorybalcxbfocbkqsfdzcfkgmn/SourcePackages/checkouts/swift-parsing/Sources/Parsing/ParserPrinters/Pipe.swift /Users/rogerlin/Library/Developer/Xcode/DerivedData/FinancialCalculatorKit-ackorybalcxbfocbkqsfdzcfkgmn/SourcePackages/checkouts/swift-parsing/Sources/Parsing/ParserPrinters/Prefix.swift /Users/rogerlin/Library/Developer/Xcode/DerivedData/FinancialCalculatorKit-ackorybalcxbfocbkqsfdzcfkgmn/SourcePackages/checkouts/swift-parsing/Sources/Parsing/ParserPrinters/PrefixThrough.swift /Users/rogerlin/Library/Developer/Xcode/DerivedData/FinancialCalculatorKit-ackorybalcxbfocbkqsfdzcfkgmn/SourcePackages/checkouts/swift-parsing/Sources/Parsing/ParserPrinters/PrefixUpTo.swift /Users/rogerlin/Library/Developer/Xcode/DerivedData/FinancialCalculatorKit-ackorybalcxbfocbkqsfdzcfkgmn/SourcePackages/checkouts/swift-parsing/Sources/Parsing/ParserPrinters/Printing.swift /Users/rogerlin/Library/Developer/Xcode/DerivedData/FinancialCalculatorKit-ackorybalcxbfocbkqsfdzcfkgmn/SourcePackages/checkouts/swift-parsing/Sources/Parsing/ParserPrinters/Pullback.swift /Users/rogerlin/Library/Developer/Xcode/DerivedData/FinancialCalculatorKit-ackorybalcxbfocbkqsfdzcfkgmn/SourcePackages/checkouts/swift-parsing/Sources/Parsing/ParserPrinters/ReplaceError.swift /Users/rogerlin/Library/Developer/Xcode/DerivedData/FinancialCalculatorKit-ackorybalcxbfocbkqsfdzcfkgmn/SourcePackages/checkouts/swift-parsing/Sources/Parsing/ParserPrinters/Rest.swift -primary-file /Users/rogerlin/Library/Developer/Xcode/DerivedData/FinancialCalculatorKit-ackorybalcxbfocbkqsfdzcfkgmn/SourcePackages/checkouts/swift-parsing/Sources/Parsing/ParserPrinters/Skip.swift -primary-file /Users/rogerlin/Library/Developer/Xcode/DerivedData/FinancialCalculatorKit-ackorybalcxbfocbkqsfdzcfkgmn/SourcePackages/checkouts/swift-parsing/Sources/Parsing/ParserPrinters/StartsWith.swift -primary-file /Users/rogerlin/Library/Developer/Xcode/DerivedData/FinancialCalculatorKit-ackorybalcxbfocbkqsfdzcfkgmn/SourcePackages/checkouts/swift-parsing/Sources/Parsing/ParserPrinters/UUID.swift -primary-file /Users/rogerlin/Library/Developer/Xcode/DerivedData/FinancialCalculatorKit-ackorybalcxbfocbkqsfdzcfkgmn/SourcePackages/checkouts/swift-parsing/Sources/Parsing/ParserPrinters/Whitespace.swift /Users/rogerlin/Library/Developer/Xcode/DerivedData/FinancialCalculatorKit-ackorybalcxbfocbkqsfdzcfkgmn/SourcePackages/checkouts/swift-parsing/Sources/Parsing/Parsers/AnyParser.swift /Users/rogerlin/Library/Developer/Xcode/DerivedData/FinancialCalculatorKit-ackorybalcxbfocbkqsfdzcfkgmn/SourcePackages/checkouts/swift-parsing/Sources/Parsing/Parsers/CompactMap.swift /Users/rogerlin/Library/Developer/Xcode/DerivedData/FinancialCalculatorKit-ackorybalcxbfocbkqsfdzcfkgmn/SourcePackages/checkouts/swift-parsing/Sources/Parsing/Parsers/FlatMap.swift /Users/rogerlin/Library/Developer/Xcode/DerivedData/FinancialCalculatorKit-ackorybalcxbfocbkqsfdzcfkgmn/SourcePackages/checkouts/swift-parsing/Sources/Parsing/Parsers/Parsers.swift /Users/rogerlin/Library/Developer/Xcode/DerivedData/FinancialCalculatorKit-ackorybalcxbfocbkqsfdzcfkgmn/SourcePackages/checkouts/swift-parsing/Sources/Parsing/Parsers/Stream.swift /Users/rogerlin/Library/Developer/Xcode/DerivedData/FinancialCalculatorKit-ackorybalcxbfocbkqsfdzcfkgmn/SourcePackages/checkouts/swift-parsing/Sources/Parsing/ParsingError.swift /Users/rogerlin/Library/Developer/Xcode/DerivedData/FinancialCalculatorKit-ackorybalcxbfocbkqsfdzcfkgmn/SourcePackages/checkouts/swift-parsing/Sources/Parsing/PrependableCollection.swift /Users/rogerlin/Library/Developer/Xcode/DerivedData/FinancialCalculatorKit-ackorybalcxbfocbkqsfdzcfkgmn/SourcePackages/checkouts/swift-parsing/Sources/Parsing/PrintingError.swift -supplementary-output-file-map /Users/rogerlin/Library/Developer/Xcode/DerivedData/FinancialCalculatorKit-ackorybalcxbfocbkqsfdzcfkgmn/Build/Intermediates.noindex/swift-parsing.build/Debug/Parsing.build/Objects-normal/arm64/supplementaryOutputs-48 -target arm64-apple-macos10.15 -load-resolved-plugin \#/Users/rogerlin/Library/Developer/Xcode/DerivedData/FinancialCalculatorKit-ackorybalcxbfocbkqsfdzcfkgmn/Build/Products/Debug/CasePathsMacros\#CasePathsMacros -load-resolved-plugin /Applications/Xcode.app/Contents/Developer/Platforms/MacOSX.platform/Developer/usr/lib/swift/host/plugins/libFoundationMacros.dylib\#/Applications/Xcode.app/Contents/Developer/Platforms/MacOSX.platform/Developer/usr/bin/swift-plugin-server\#FoundationMacros -load-resolved-plugin /Applications/Xcode.app/Contents/Developer/Platforms/MacOSX.platform/Developer/usr/lib/swift/host/plugins/libObservationMacros.dylib\#/Applications/Xcode.app/Contents/Developer/Platforms/MacOSX.platform/Developer/usr/bin/swift-plugin-server\#ObservationMacros -load-resolved-plugin /Applications/Xcode.app/Contents/Developer/Platforms/MacOSX.platform/Developer/usr/lib/swift/host/plugins/libSwiftMacros.dylib\#/Applications/Xcode.app/Contents/Developer/Platforms/MacOSX.platform/Developer/usr/bin/swift-plugin-server\#SwiftMacros -disable-implicit-swift-modules -Xcc -fno-implicit-modules -Xcc -fno-implicit-module-maps -explicit-swift-module-map-file /Users/rogerlin/Library/Developer/Xcode/DerivedData/FinancialCalculatorKit-ackorybalcxbfocbkqsfdzcfkgmn/Build/Intermediates.noindex/swift-parsing.build/Debug/Parsing.build/Objects-normal/arm64/Parsing-dependencies-1.json -Xllvm -aarch64-use-tbi -enable-objc-interop -stack-check -sdk /Applications/Xcode.app/Contents/Developer/Platforms/MacOSX.platform/Developer/SDKs/MacOSX26.1.sdk -I /Users/rogerlin/Library/Developer/Xcode/DerivedData/FinancialCalculatorKit-ackorybalcxbfocbkqsfdzcfkgmn/Build/Products/Debug -Isystem /Applications/Xcode.app/Contents/Developer/Platforms/MacOSX.platform/Developer/usr/lib -F /Users/rogerlin/Library/Developer/Xcode/DerivedData/FinancialCalculatorKit-ackorybalcxbfocbkqsfdzcfkgmn/Build/Products/Debug/PackageFrameworks -F /Users/rogerlin/Library/Developer/Xcode/DerivedData/FinancialCalculatorKit-ackorybalcxbfocbkqsfdzcfkgmn/Build/Products/Debug/PackageFrameworks -F /Users/rogerlin/Library/Developer/Xcode/DerivedData/FinancialCalculatorKit-ackorybalcxbfocbkqsfdzcfkgmn/Build/Products/Debug/PackageFrameworks -F /Users/rogerlin/Library/Developer/Xcode/DerivedData/FinancialCalculatorKit-ackorybalcxbfocbkqsfdzcfkgmn/Build/Products/Debug/PackageFrameworks -F /Users/rogerlin/Library/Developer/Xcode/DerivedData/FinancialCalculatorKit-ackorybalcxbfocbkqsfdzcfkgmn/Build/Products/Debug -F /Applications/Xcode.app/Contents/Developer/Platforms/MacOSX.platform/Developer/Library/Frameworks -no-color-diagnostics -Xcc -fno-color-diagnostics -enable-testing -g -debug-info-format\=dwarf -dwarf-version\=4 -module-cache-path /Users/rogerlin/Library/Developer/Xcode/DerivedData/FinancialCalculatorKit-ackorybalcxbfocbkqsfdzcfkgmn/Build/Intermediates.noindex/SwiftExplicitPrecompiledModules -suppress-warnings -profile-generate -profile-coverage-mapping -swift-version 5 -enforce-exclusivity\=checked -Onone -D SWIFT_PACKAGE -D DEBUG -D SWIFT_MODULE_RESOURCE_BUNDLE_UNAVAILABLE -D Xcode -serialize-debugging-options -load-plugin-executable /Users/rogerlin/Library/Developer/Xcode/DerivedData/FinancialCalculatorKit-ackorybalcxbfocbkqsfdzcfkgmn/Build/Products/Debug/CasePathsMacros\#CasePathsMacros -const-gather-protocols-file /Users/rogerlin/Library/Developer/Xcode/DerivedData/FinancialCalculatorKit-ackorybalcxbfocbkqsfdzcfkgmn/Build/Intermediates.noindex/swift-parsing.build/Debug/Parsing.build/Objects-normal/arm64/Parsing_const_extract_protocols.json -enable-experimental-feature DebugDescriptionMacro -empty-abi-descriptor -validate-clang-modules-once -clang-build-session-file /Users/rogerlin/Library/Developer/Xcode/DerivedData/ModuleCache.noindex/Session.modulevalidation -Xcc -working-directory -Xcc /Users/rogerlin/XCode-Projects/FinancialCalculatorKit-5.0-updated-accent-colors/FinancialCalculatorKit.xcodeproj -enable-anonymous-context-mangled-names -file-compilation-dir /Users/rogerlin/XCode-Projects/FinancialCalculatorKit-5.0-updated-accent-colors/FinancialCalculatorKit.xcodeproj -Xcc -D_LIBCPP_HARDENING_MODE\=_LIBCPP_HARDENING_MODE_DEBUG -Xcc -ivfsstatcache -Xcc /Users/rogerlin/Library/Developer/Xcode/DerivedData/SDKStatCaches.noindex/macosx26.1-25B74-3ae1261907bdadc328169391a47051a6.sdkstatcache -Xcc -I/Users/rogerlin/Library/Developer/Xcode/DerivedData/FinancialCalculatorKit-ackorybalcxbfocbkqsfdzcfkgmn/Build/Intermediates.noindex/swift-parsing.build/Debug/Parsing.build/swift-overrides.hmap -Xcc -I/Users/rogerlin/Library/Developer/Xcode/DerivedData/FinancialCalculatorKit-ackorybalcxbfocbkqsfdzcfkgmn/Build/Products/Debug/include -Xcc -I/Users/rogerlin/Library/Developer/Xcode/DerivedData/FinancialCalculatorKit-ackorybalcxbfocbkqsfdzcfkgmn/Build/Intermediates.noindex/swift-parsing.build/Debug/Parsing.build/DerivedSources-normal/arm64 -Xcc -I/Users/rogerlin/Library/Developer/Xcode/DerivedData/FinancialCalculatorKit-ackorybalcxbfocbkqsfdzcfkgmn/Build/Intermediates.noindex/swift-parsing.build/Debug/Parsing.build/DerivedSources/arm64 -Xcc -I/Users/rogerlin/Library/Developer/Xcode/DerivedData/FinancialCalculatorKit-ackorybalcxbfocbkqsfdzcfkgmn/Build/Intermediates.noindex/swift-parsing.build/Debug/Parsing.build/DerivedSources -Xcc -DSWIFT_PACKAGE -Xcc -DDEBUG\=1 -no-auto-bridging-header-chaining -module-name Parsing -package-name swift_parsing -frontend-parseable-output -disable-clang-spi -target-sdk-version 26.1 -target-sdk-name macosx26.1 -clang-target arm64-apple-macos26.1 -in-process-plugin-server-path /Applications/Xcode.app/Contents/Developer/Toolchains/XcodeDefault.xctoolchain/usr/lib/swift/host/libSwiftInProcPluginServer.dylib -o /Users/rogerlin/Library/Developer/Xcode/DerivedData/FinancialCalculatorKit-ackorybalcxbfocbkqsfdzcfkgmn/Build/Intermediates.noindex/swift-parsing.build/Debug/Parsing.build/Objects-normal/arm64/Skip.o -o /Users/rogerlin/Library/Developer/Xcode/DerivedData/FinancialCalculatorKit-ackorybalcxbfocbkqsfdzcfkgmn/Build/Intermediates.noindex/swift-parsing.build/Debug/Parsing.build/Objects-normal/arm64/StartsWith.o -o /Users/rogerlin/Library/Developer/Xcode/DerivedData/FinancialCalculatorKit-ackorybalcxbfocbkqsfdzcfkgmn/Build/Intermediates.noindex/swift-parsing.build/Debug/Parsing.build/Objects-normal/arm64/UUID.o -o /Users/rogerlin/Library/Developer/Xcode/DerivedData/FinancialCalculatorKit-ackorybalcxbfocbkqsfdzcfkgmn/Build/Intermediates.noindex/swift-parsing.build/Debug/Parsing.build/Objects-normal/arm64/Whitespace.o -index-unit-output-path /swift-parsing.build/Debug/Parsing.build/Objects-normal/arm64/Skip.o -index-unit-output-path /swift-parsing.build/Debug/Parsing.build/Objects-normal/arm64/StartsWith.o -index-unit-output-path /swift-parsing.build/Debug/Parsing.build/Objects-normal/arm64/UUID.o -index-unit-output-path /swift-parsing.build/Debug/Parsing.build/Objects-normal/arm64/Whitespace.o -index-store-path /Users/rogerlin/Library/Developer/Xcode/DerivedData/FinancialCalculatorKit-ackorybalcxbfocbkqsfdzcfkgmn/Index.noindex/DataStore -index-system-modules

SwiftCompile normal arm64 /Users/rogerlin/Library/Developer/Xcode/DerivedData/FinancialCalculatorKit-ackorybalcxbfocbkqsfdzcfkgmn/SourcePackages/checkouts/swift-parsing/Sources/Parsing/ParserPrinters/Skip.swift (in target 'Parsing' from project 'swift-parsing')
    cd /Users/rogerlin/XCode-Projects/FinancialCalculatorKit-5.0-updated-accent-colors/FinancialCalculatorKit.xcodeproj
    

SwiftCompile normal arm64 /Users/rogerlin/Library/Developer/Xcode/DerivedData/FinancialCalculatorKit-ackorybalcxbfocbkqsfdzcfkgmn/SourcePackages/checkouts/swift-parsing/Sources/Parsing/ParserPrinters/StartsWith.swift (in target 'Parsing' from project 'swift-parsing')
    cd /Users/rogerlin/XCode-Projects/FinancialCalculatorKit-5.0-updated-accent-colors/FinancialCalculatorKit.xcodeproj
    

SwiftCompile normal arm64 /Users/rogerlin/Library/Developer/Xcode/DerivedData/FinancialCalculatorKit-ackorybalcxbfocbkqsfdzcfkgmn/SourcePackages/checkouts/swift-parsing/Sources/Parsing/ParserPrinters/UUID.swift (in target 'Parsing' from project 'swift-parsing')
    cd /Users/rogerlin/XCode-Projects/FinancialCalculatorKit-5.0-updated-accent-colors/FinancialCalculatorKit.xcodeproj
    

SwiftCompile normal arm64 /Users/rogerlin/Library/Developer/Xcode/DerivedData/FinancialCalculatorKit-ackorybalcxbfocbkqsfdzcfkgmn/SourcePackages/checkouts/swift-parsing/Sources/Parsing/ParserPrinters/Whitespace.swift (in target 'Parsing' from project 'swift-parsing')
    cd /Users/rogerlin/XCode-Projects/FinancialCalculatorKit-5.0-updated-accent-colors/FinancialCalculatorKit.xcodeproj
    

SwiftCompile normal arm64 Compiling\ Optional.swift,\ Optionally.swift,\ Parse.swift,\ ParseableFormatStyle.swift,\ Peek.swift /Users/rogerlin/Library/Developer/Xcode/DerivedData/FinancialCalculatorKit-ackorybalcxbfocbkqsfdzcfkgmn/SourcePackages/checkouts/swift-parsing/Sources/Parsing/ParserPrinters/Optional.swift /Users/rogerlin/Library/Developer/Xcode/DerivedData/FinancialCalculatorKit-ackorybalcxbfocbkqsfdzcfkgmn/SourcePackages/checkouts/swift-parsing/Sources/Parsing/ParserPrinters/Optionally.swift /Users/rogerlin/Library/Developer/Xcode/DerivedData/FinancialCalculatorKit-ackorybalcxbfocbkqsfdzcfkgmn/SourcePackages/checkouts/swift-parsing/Sources/Parsing/ParserPrinters/Parse.swift /Users/rogerlin/Library/Developer/Xcode/DerivedData/FinancialCalculatorKit-ackorybalcxbfocbkqsfdzcfkgmn/SourcePackages/checkouts/swift-parsing/Sources/Parsing/ParserPrinters/ParseableFormatStyle.swift /Users/rogerlin/Library/Developer/Xcode/DerivedData/FinancialCalculatorKit-ackorybalcxbfocbkqsfdzcfkgmn/SourcePackages/checkouts/swift-parsing/Sources/Parsing/ParserPrinters/Peek.swift (in target 'Parsing' from project 'swift-parsing')
/Applications/Xcode.app/Contents/Developer/Toolchains/XcodeDefault.xctoolchain/usr/bin/swift-frontend -frontend -c /Users/rogerlin/Library/Developer/Xcode/DerivedData/FinancialCalculatorKit-ackorybalcxbfocbkqsfdzcfkgmn/SourcePackages/checkouts/swift-parsing/Sources/Parsing/Builders/OneOfBuilder.swift /Users/rogerlin/Library/Developer/Xcode/DerivedData/FinancialCalculatorKit-ackorybalcxbfocbkqsfdzcfkgmn/SourcePackages/checkouts/swift-parsing/Sources/Parsing/Builders/ParserBuilder.swift /Users/rogerlin/Library/Developer/Xcode/DerivedData/FinancialCalculatorKit-ackorybalcxbfocbkqsfdzcfkgmn/SourcePackages/checkouts/swift-parsing/Sources/Parsing/Conversion.swift /Users/rogerlin/Library/Developer/Xcode/DerivedData/FinancialCalculatorKit-ackorybalcxbfocbkqsfdzcfkgmn/SourcePackages/checkouts/swift-parsing/Sources/Parsing/Conversions/AnyConversion.swift /Users/rogerlin/Library/Developer/Xcode/DerivedData/FinancialCalculatorKit-ackorybalcxbfocbkqsfdzcfkgmn/SourcePackages/checkouts/swift-parsing/Sources/Parsing/Conversions/BinaryFloatingPoint.swift /Users/rogerlin/Library/Developer/Xcode/DerivedData/FinancialCalculatorKit-ackorybalcxbfocbkqsfdzcfkgmn/SourcePackages/checkouts/swift-parsing/Sources/Parsing/Conversions/ConversionMap.swift /Users/rogerlin/Library/Developer/Xcode/DerivedData/FinancialCalculatorKit-ackorybalcxbfocbkqsfdzcfkgmn/SourcePackages/checkouts/swift-parsing/Sources/Parsing/Conversions/Conversions.swift /Users/rogerlin/Library/Developer/Xcode/DerivedData/FinancialCalculatorKit-ackorybalcxbfocbkqsfdzcfkgmn/SourcePackages/checkouts/swift-parsing/Sources/Parsing/Conversions/Data.swift /Users/rogerlin/Library/Developer/Xcode/DerivedData/FinancialCalculatorKit-ackorybalcxbfocbkqsfdzcfkgmn/SourcePackages/checkouts/swift-parsing/Sources/Parsing/Conversions/Enum.swift /Users/rogerlin/Library/Developer/Xcode/DerivedData/FinancialCalculatorKit-ackorybalcxbfocbkqsfdzcfkgmn/SourcePackages/checkouts/swift-parsing/Sources/Parsing/Conversions/FixedWidthInteger.swift /Users/rogerlin/Library/Developer/Xcode/DerivedData/FinancialCalculatorKit-ackorybalcxbfocbkqsfdzcfkgmn/SourcePackages/checkouts/swift-parsing/Sources/Parsing/Conversions/Identity.swift /Users/rogerlin/Library/Developer/Xcode/DerivedData/FinancialCalculatorKit-ackorybalcxbfocbkqsfdzcfkgmn/SourcePackages/checkouts/swift-parsing/Sources/Parsing/Conversions/JSON.swift /Users/rogerlin/Library/Developer/Xcode/DerivedData/FinancialCalculatorKit-ackorybalcxbfocbkqsfdzcfkgmn/SourcePackages/checkouts/swift-parsing/Sources/Parsing/Conversions/LosslessStringConvertible.swift /Users/rogerlin/Library/Developer/Xcode/DerivedData/FinancialCalculatorKit-ackorybalcxbfocbkqsfdzcfkgmn/SourcePackages/checkouts/swift-parsing/Sources/Parsing/Conversions/Memberwise.swift /Users/rogerlin/Library/Developer/Xcode/DerivedData/FinancialCalculatorKit-ackorybalcxbfocbkqsfdzcfkgmn/SourcePackages/checkouts/swift-parsing/Sources/Parsing/Conversions/ParseableFormatStyleConversion.swift /Users/rogerlin/Library/Developer/Xcode/DerivedData/FinancialCalculatorKit-ackorybalcxbfocbkqsfdzcfkgmn/SourcePackages/checkouts/swift-parsing/Sources/Parsing/Conversions/RawRepresentable.swift /Users/rogerlin/Library/Developer/Xcode/DerivedData/FinancialCalculatorKit-ackorybalcxbfocbkqsfdzcfkgmn/SourcePackages/checkouts/swift-parsing/Sources/Parsing/Conversions/String.swift /Users/rogerlin/Library/Developer/Xcode/DerivedData/FinancialCalculatorKit-ackorybalcxbfocbkqsfdzcfkgmn/SourcePackages/checkouts/swift-parsing/Sources/Parsing/Conversions/Substring.swift /Users/rogerlin/Library/Developer/Xcode/DerivedData/FinancialCalculatorKit-ackorybalcxbfocbkqsfdzcfkgmn/SourcePackages/checkouts/swift-parsing/Sources/Parsing/Conversions/UTF8View.swift /Users/rogerlin/Library/Developer/Xcode/DerivedData/FinancialCalculatorKit-ackorybalcxbfocbkqsfdzcfkgmn/SourcePackages/checkouts/swift-parsing/Sources/Parsing/ConvertingError.swift /Users/rogerlin/Library/Developer/Xcode/DerivedData/FinancialCalculatorKit-ackorybalcxbfocbkqsfdzcfkgmn/SourcePackages/checkouts/swift-parsing/Sources/Parsing/CountingRange.swift /Users/rogerlin/Library/Developer/Xcode/DerivedData/FinancialCalculatorKit-ackorybalcxbfocbkqsfdzcfkgmn/SourcePackages/checkouts/swift-parsing/Sources/Parsing/EmptyInitializable.swift /Users/rogerlin/Library/Developer/Xcode/DerivedData/FinancialCalculatorKit-ackorybalcxbfocbkqsfdzcfkgmn/SourcePackages/checkouts/swift-parsing/Sources/Parsing/Internal/AnyEquatable.swift /Users/rogerlin/Library/Developer/Xcode/DerivedData/FinancialCalculatorKit-ackorybalcxbfocbkqsfdzcfkgmn/SourcePackages/checkouts/swift-parsing/Sources/Parsing/Internal/Deprecations.swift /Users/rogerlin/Library/Developer/Xcode/DerivedData/FinancialCalculatorKit-ackorybalcxbfocbkqsfdzcfkgmn/SourcePackages/checkouts/swift-parsing/Sources/Parsing/Parser.swift /Users/rogerlin/Library/Developer/Xcode/DerivedData/FinancialCalculatorKit-ackorybalcxbfocbkqsfdzcfkgmn/SourcePackages/checkouts/swift-parsing/Sources/Parsing/ParserPrinter.swift /Users/rogerlin/Library/Developer/Xcode/DerivedData/FinancialCalculatorKit-ackorybalcxbfocbkqsfdzcfkgmn/SourcePackages/checkouts/swift-parsing/Sources/Parsing/ParserPrinters/Always.swift /Users/rogerlin/Library/Developer/Xcode/DerivedData/FinancialCalculatorKit-ackorybalcxbfocbkqsfdzcfkgmn/SourcePackages/checkouts/swift-parsing/Sources/Parsing/ParserPrinters/AnyParserPrinter.swift /Users/rogerlin/Library/Developer/Xcode/DerivedData/FinancialCalculatorKit-ackorybalcxbfocbkqsfdzcfkgmn/SourcePackages/checkouts/swift-parsing/Sources/Parsing/ParserPrinters/Backtracking.swift /Users/rogerlin/Library/Developer/Xcode/DerivedData/FinancialCalculatorKit-ackorybalcxbfocbkqsfdzcfkgmn/SourcePackages/checkouts/swift-parsing/Sources/Parsing/ParserPrinters/Bool.swift /Users/rogerlin/Library/Developer/Xcode/DerivedData/FinancialCalculatorKit-ackorybalcxbfocbkqsfdzcfkgmn/SourcePackages/checkouts/swift-parsing/Sources/Parsing/ParserPrinters/CaseIterableRawRepresentable.swift /Users/rogerlin/Library/Developer/Xcode/DerivedData/FinancialCalculatorKit-ackorybalcxbfocbkqsfdzcfkgmn/SourcePackages/checkouts/swift-parsing/Sources/Parsing/ParserPrinters/CharacterSet.swift /Users/rogerlin/Library/Developer/Xcode/DerivedData/FinancialCalculatorKit-ackorybalcxbfocbkqsfdzcfkgmn/SourcePackages/checkouts/swift-parsing/Sources/Parsing/ParserPrinters/Conditional.swift /Users/rogerlin/Library/Developer/Xcode/DerivedData/FinancialCalculatorKit-ackorybalcxbfocbkqsfdzcfkgmn/SourcePackages/checkouts/swift-parsing/Sources/Parsing/ParserPrinters/Consumed.swift /Users/rogerlin/Library/Developer/Xcode/DerivedData/FinancialCalculatorKit-ackorybalcxbfocbkqsfdzcfkgmn/SourcePackages/checkouts/swift-parsing/Sources/Parsing/ParserPrinters/Digits.swift /Users/rogerlin/Library/Developer/Xcode/DerivedData/FinancialCalculatorKit-ackorybalcxbfocbkqsfdzcfkgmn/SourcePackages/checkouts/swift-parsing/Sources/Parsing/ParserPrinters/End.swift /Users/rogerlin/Library/Developer/Xcode/DerivedData/FinancialCalculatorKit-ackorybalcxbfocbkqsfdzcfkgmn/SourcePackages/checkouts/swift-parsing/Sources/Parsing/ParserPrinters/Fail.swift /Users/rogerlin/Library/Developer/Xcode/DerivedData/FinancialCalculatorKit-ackorybalcxbfocbkqsfdzcfkgmn/SourcePackages/checkouts/swift-parsing/Sources/Parsing/ParserPrinters/Filter.swift /Users/rogerlin/Library/Developer/Xcode/DerivedData/FinancialCalculatorKit-ackorybalcxbfocbkqsfdzcfkgmn/SourcePackages/checkouts/swift-parsing/Sources/Parsing/ParserPrinters/First.swift /Users/rogerlin/Library/Developer/Xcode/DerivedData/FinancialCalculatorKit-ackorybalcxbfocbkqsfdzcfkgmn/SourcePackages/checkouts/swift-parsing/Sources/Parsing/ParserPrinters/Float.swift /Users/rogerlin/Library/Developer/Xcode/DerivedData/FinancialCalculatorKit-ackorybalcxbfocbkqsfdzcfkgmn/SourcePackages/checkouts/swift-parsing/Sources/Parsing/ParserPrinters/From.swift /Users/rogerlin/Library/Developer/Xcode/DerivedData/FinancialCalculatorKit-ackorybalcxbfocbkqsfdzcfkgmn/SourcePackages/checkouts/swift-parsing/Sources/Parsing/ParserPrinters/Int.swift /Users/rogerlin/Library/Developer/Xcode/DerivedData/FinancialCalculatorKit-ackorybalcxbfocbkqsfdzcfkgmn/SourcePackages/checkouts/swift-parsing/Sources/Parsing/ParserPrinters/Lazy.swift /Users/rogerlin/Library/Developer/Xcode/DerivedData/FinancialCalculatorKit-ackorybalcxbfocbkqsfdzcfkgmn/SourcePackages/checkouts/swift-parsing/Sources/Parsing/ParserPrinters/Literal.swift /Users/rogerlin/Library/Developer/Xcode/DerivedData/FinancialCalculatorKit-ackorybalcxbfocbkqsfdzcfkgmn/SourcePackages/checkouts/swift-parsing/Sources/Parsing/ParserPrinters/Many.swift /Users/rogerlin/Library/Developer/Xcode/DerivedData/FinancialCalculatorKit-ackorybalcxbfocbkqsfdzcfkgmn/SourcePackages/checkouts/swift-parsing/Sources/Parsing/ParserPrinters/Map.swift /Users/rogerlin/Library/Developer/Xcode/DerivedData/FinancialCalculatorKit-ackorybalcxbfocbkqsfdzcfkgmn/SourcePackages/checkouts/swift-parsing/Sources/Parsing/ParserPrinters/Newline.swift /Users/rogerlin/Library/Developer/Xcode/DerivedData/FinancialCalculatorKit-ackorybalcxbfocbkqsfdzcfkgmn/SourcePackages/checkouts/swift-parsing/Sources/Parsing/ParserPrinters/Not.swift /Users/rogerlin/Library/Developer/Xcode/DerivedData/FinancialCalculatorKit-ackorybalcxbfocbkqsfdzcfkgmn/SourcePackages/checkouts/swift-parsing/Sources/Parsing/ParserPrinters/OneOf.swift /Users/rogerlin/Library/Developer/Xcode/DerivedData/FinancialCalculatorKit-ackorybalcxbfocbkqsfdzcfkgmn/SourcePackages/checkouts/swift-parsing/Sources/Parsing/ParserPrinters/OneOfMany.swift -primary-file /Users/rogerlin/Library/Developer/Xcode/DerivedData/FinancialCalculatorKit-ackorybalcxbfocbkqsfdzcfkgmn/SourcePackages/checkouts/swift-parsing/Sources/Parsing/ParserPrinters/Optional.swift -primary-file /Users/rogerlin/Library/Developer/Xcode/DerivedData/FinancialCalculatorKit-ackorybalcxbfocbkqsfdzcfkgmn/SourcePackages/checkouts/swift-parsing/Sources/Parsing/ParserPrinters/Optionally.swift -primary-file /Users/rogerlin/Library/Developer/Xcode/DerivedData/FinancialCalculatorKit-ackorybalcxbfocbkqsfdzcfkgmn/SourcePackages/checkouts/swift-parsing/Sources/Parsing/ParserPrinters/Parse.swift -primary-file /Users/rogerlin/Library/Developer/Xcode/DerivedData/FinancialCalculatorKit-ackorybalcxbfocbkqsfdzcfkgmn/SourcePackages/checkouts/swift-parsing/Sources/Parsing/ParserPrinters/ParseableFormatStyle.swift -primary-file /Users/rogerlin/Library/Developer/Xcode/DerivedData/FinancialCalculatorKit-ackorybalcxbfocbkqsfdzcfkgmn/SourcePackages/checkouts/swift-parsing/Sources/Parsing/ParserPrinters/Peek.swift /Users/rogerlin/Library/Developer/Xcode/DerivedData/FinancialCalculatorKit-ackorybalcxbfocbkqsfdzcfkgmn/SourcePackages/checkouts/swift-parsing/Sources/Parsing/ParserPrinters/Pipe.swift /Users/rogerlin/Library/Developer/Xcode/DerivedData/FinancialCalculatorKit-ackorybalcxbfocbkqsfdzcfkgmn/SourcePackages/checkouts/swift-parsing/Sources/Parsing/ParserPrinters/Prefix.swift /Users/rogerlin/Library/Developer/Xcode/DerivedData/FinancialCalculatorKit-ackorybalcxbfocbkqsfdzcfkgmn/SourcePackages/checkouts/swift-parsing/Sources/Parsing/ParserPrinters/PrefixThrough.swift /Users/rogerlin/Library/Developer/Xcode/DerivedData/FinancialCalculatorKit-ackorybalcxbfocbkqsfdzcfkgmn/SourcePackages/checkouts/swift-parsing/Sources/Parsing/ParserPrinters/PrefixUpTo.swift /Users/rogerlin/Library/Developer/Xcode/DerivedData/FinancialCalculatorKit-ackorybalcxbfocbkqsfdzcfkgmn/SourcePackages/checkouts/swift-parsing/Sources/Parsing/ParserPrinters/Printing.swift /Users/rogerlin/Library/Developer/Xcode/DerivedData/FinancialCalculatorKit-ackorybalcxbfocbkqsfdzcfkgmn/SourcePackages/checkouts/swift-parsing/Sources/Parsing/ParserPrinters/Pullback.swift /Users/rogerlin/Library/Developer/Xcode/DerivedData/FinancialCalculatorKit-ackorybalcxbfocbkqsfdzcfkgmn/SourcePackages/checkouts/swift-parsing/Sources/Parsing/ParserPrinters/ReplaceError.swift /Users/rogerlin/Library/Developer/Xcode/DerivedData/FinancialCalculatorKit-ackorybalcxbfocbkqsfdzcfkgmn/SourcePackages/checkouts/swift-parsing/Sources/Parsing/ParserPrinters/Rest.swift /Users/rogerlin/Library/Developer/Xcode/DerivedData/FinancialCalculatorKit-ackorybalcxbfocbkqsfdzcfkgmn/SourcePackages/checkouts/swift-parsing/Sources/Parsing/ParserPrinters/Skip.swift /Users/rogerlin/Library/Developer/Xcode/DerivedData/FinancialCalculatorKit-ackorybalcxbfocbkqsfdzcfkgmn/SourcePackages/checkouts/swift-parsing/Sources/Parsing/ParserPrinters/StartsWith.swift /Users/rogerlin/Library/Developer/Xcode/DerivedData/FinancialCalculatorKit-ackorybalcxbfocbkqsfdzcfkgmn/SourcePackages/checkouts/swift-parsing/Sources/Parsing/ParserPrinters/UUID.swift /Users/rogerlin/Library/Developer/Xcode/DerivedData/FinancialCalculatorKit-ackorybalcxbfocbkqsfdzcfkgmn/SourcePackages/checkouts/swift-parsing/Sources/Parsing/ParserPrinters/Whitespace.swift /Users/rogerlin/Library/Developer/Xcode/DerivedData/FinancialCalculatorKit-ackorybalcxbfocbkqsfdzcfkgmn/SourcePackages/checkouts/swift-parsing/Sources/Parsing/Parsers/AnyParser.swift /Users/rogerlin/Library/Developer/Xcode/DerivedData/FinancialCalculatorKit-ackorybalcxbfocbkqsfdzcfkgmn/SourcePackages/checkouts/swift-parsing/Sources/Parsing/Parsers/CompactMap.swift /Users/rogerlin/Library/Developer/Xcode/DerivedData/FinancialCalculatorKit-ackorybalcxbfocbkqsfdzcfkgmn/SourcePackages/checkouts/swift-parsing/Sources/Parsing/Parsers/FlatMap.swift /Users/rogerlin/Library/Developer/Xcode/DerivedData/FinancialCalculatorKit-ackorybalcxbfocbkqsfdzcfkgmn/SourcePackages/checkouts/swift-parsing/Sources/Parsing/Parsers/Parsers.swift /Users/rogerlin/Library/Developer/Xcode/DerivedData/FinancialCalculatorKit-ackorybalcxbfocbkqsfdzcfkgmn/SourcePackages/checkouts/swift-parsing/Sources/Parsing/Parsers/Stream.swift /Users/rogerlin/Library/Developer/Xcode/DerivedData/FinancialCalculatorKit-ackorybalcxbfocbkqsfdzcfkgmn/SourcePackages/checkouts/swift-parsing/Sources/Parsing/ParsingError.swift /Users/rogerlin/Library/Developer/Xcode/DerivedData/FinancialCalculatorKit-ackorybalcxbfocbkqsfdzcfkgmn/SourcePackages/checkouts/swift-parsing/Sources/Parsing/PrependableCollection.swift /Users/rogerlin/Library/Developer/Xcode/DerivedData/FinancialCalculatorKit-ackorybalcxbfocbkqsfdzcfkgmn/SourcePackages/checkouts/swift-parsing/Sources/Parsing/PrintingError.swift -supplementary-output-file-map /Users/rogerlin/Library/Developer/Xcode/DerivedData/FinancialCalculatorKit-ackorybalcxbfocbkqsfdzcfkgmn/Build/Intermediates.noindex/swift-parsing.build/Debug/Parsing.build/Objects-normal/arm64/supplementaryOutputs-45 -target arm64-apple-macos10.15 -load-resolved-plugin \#/Users/rogerlin/Library/Developer/Xcode/DerivedData/FinancialCalculatorKit-ackorybalcxbfocbkqsfdzcfkgmn/Build/Products/Debug/CasePathsMacros\#CasePathsMacros -load-resolved-plugin /Applications/Xcode.app/Contents/Developer/Platforms/MacOSX.platform/Developer/usr/lib/swift/host/plugins/libFoundationMacros.dylib\#/Applications/Xcode.app/Contents/Developer/Platforms/MacOSX.platform/Developer/usr/bin/swift-plugin-server\#FoundationMacros -load-resolved-plugin /Applications/Xcode.app/Contents/Developer/Platforms/MacOSX.platform/Developer/usr/lib/swift/host/plugins/libObservationMacros.dylib\#/Applications/Xcode.app/Contents/Developer/Platforms/MacOSX.platform/Developer/usr/bin/swift-plugin-server\#ObservationMacros -load-resolved-plugin /Applications/Xcode.app/Contents/Developer/Platforms/MacOSX.platform/Developer/usr/lib/swift/host/plugins/libSwiftMacros.dylib\#/Applications/Xcode.app/Contents/Developer/Platforms/MacOSX.platform/Developer/usr/bin/swift-plugin-server\#SwiftMacros -disable-implicit-swift-modules -Xcc -fno-implicit-modules -Xcc -fno-implicit-module-maps -explicit-swift-module-map-file /Users/rogerlin/Library/Developer/Xcode/DerivedData/FinancialCalculatorKit-ackorybalcxbfocbkqsfdzcfkgmn/Build/Intermediates.noindex/swift-parsing.build/Debug/Parsing.build/Objects-normal/arm64/Parsing-dependencies-1.json -Xllvm -aarch64-use-tbi -enable-objc-interop -stack-check -sdk /Applications/Xcode.app/Contents/Developer/Platforms/MacOSX.platform/Developer/SDKs/MacOSX26.1.sdk -I /Users/rogerlin/Library/Developer/Xcode/DerivedData/FinancialCalculatorKit-ackorybalcxbfocbkqsfdzcfkgmn/Build/Products/Debug -Isystem /Applications/Xcode.app/Contents/Developer/Platforms/MacOSX.platform/Developer/usr/lib -F /Users/rogerlin/Library/Developer/Xcode/DerivedData/FinancialCalculatorKit-ackorybalcxbfocbkqsfdzcfkgmn/Build/Products/Debug/PackageFrameworks -F /Users/rogerlin/Library/Developer/Xcode/DerivedData/FinancialCalculatorKit-ackorybalcxbfocbkqsfdzcfkgmn/Build/Products/Debug/PackageFrameworks -F /Users/rogerlin/Library/Developer/Xcode/DerivedData/FinancialCalculatorKit-ackorybalcxbfocbkqsfdzcfkgmn/Build/Products/Debug/PackageFrameworks -F /Users/rogerlin/Library/Developer/Xcode/DerivedData/FinancialCalculatorKit-ackorybalcxbfocbkqsfdzcfkgmn/Build/Products/Debug/PackageFrameworks -F /Users/rogerlin/Library/Developer/Xcode/DerivedData/FinancialCalculatorKit-ackorybalcxbfocbkqsfdzcfkgmn/Build/Products/Debug -F /Applications/Xcode.app/Contents/Developer/Platforms/MacOSX.platform/Developer/Library/Frameworks -no-color-diagnostics -Xcc -fno-color-diagnostics -enable-testing -g -debug-info-format\=dwarf -dwarf-version\=4 -module-cache-path /Users/rogerlin/Library/Developer/Xcode/DerivedData/FinancialCalculatorKit-ackorybalcxbfocbkqsfdzcfkgmn/Build/Intermediates.noindex/SwiftExplicitPrecompiledModules -suppress-warnings -profile-generate -profile-coverage-mapping -swift-version 5 -enforce-exclusivity\=checked -Onone -D SWIFT_PACKAGE -D DEBUG -D SWIFT_MODULE_RESOURCE_BUNDLE_UNAVAILABLE -D Xcode -serialize-debugging-options -load-plugin-executable /Users/rogerlin/Library/Developer/Xcode/DerivedData/FinancialCalculatorKit-ackorybalcxbfocbkqsfdzcfkgmn/Build/Products/Debug/CasePathsMacros\#CasePathsMacros -const-gather-protocols-file /Users/rogerlin/Library/Developer/Xcode/DerivedData/FinancialCalculatorKit-ackorybalcxbfocbkqsfdzcfkgmn/Build/Intermediates.noindex/swift-parsing.build/Debug/Parsing.build/Objects-normal/arm64/Parsing_const_extract_protocols.json -enable-experimental-feature DebugDescriptionMacro -empty-abi-descriptor -validate-clang-modules-once -clang-build-session-file /Users/rogerlin/Library/Developer/Xcode/DerivedData/ModuleCache.noindex/Session.modulevalidation -Xcc -working-directory -Xcc /Users/rogerlin/XCode-Projects/FinancialCalculatorKit-5.0-updated-accent-colors/FinancialCalculatorKit.xcodeproj -enable-anonymous-context-mangled-names -file-compilation-dir /Users/rogerlin/XCode-Projects/FinancialCalculatorKit-5.0-updated-accent-colors/FinancialCalculatorKit.xcodeproj -Xcc -D_LIBCPP_HARDENING_MODE\=_LIBCPP_HARDENING_MODE_DEBUG -Xcc -ivfsstatcache -Xcc /Users/rogerlin/Library/Developer/Xcode/DerivedData/SDKStatCaches.noindex/macosx26.1-25B74-3ae1261907bdadc328169391a47051a6.sdkstatcache -Xcc -I/Users/rogerlin/Library/Developer/Xcode/DerivedData/FinancialCalculatorKit-ackorybalcxbfocbkqsfdzcfkgmn/Build/Intermediates.noindex/swift-parsing.build/Debug/Parsing.build/swift-overrides.hmap -Xcc -I/Users/rogerlin/Library/Developer/Xcode/DerivedData/FinancialCalculatorKit-ackorybalcxbfocbkqsfdzcfkgmn/Build/Products/Debug/include -Xcc -I/Users/rogerlin/Library/Developer/Xcode/DerivedData/FinancialCalculatorKit-ackorybalcxbfocbkqsfdzcfkgmn/Build/Intermediates.noindex/swift-parsing.build/Debug/Parsing.build/DerivedSources-normal/arm64 -Xcc -I/Users/rogerlin/Library/Developer/Xcode/DerivedData/FinancialCalculatorKit-ackorybalcxbfocbkqsfdzcfkgmn/Build/Intermediates.noindex/swift-parsing.build/Debug/Parsing.build/DerivedSources/arm64 -Xcc -I/Users/rogerlin/Library/Developer/Xcode/DerivedData/FinancialCalculatorKit-ackorybalcxbfocbkqsfdzcfkgmn/Build/Intermediates.noindex/swift-parsing.build/Debug/Parsing.build/DerivedSources -Xcc -DSWIFT_PACKAGE -Xcc -DDEBUG\=1 -no-auto-bridging-header-chaining -module-name Parsing -package-name swift_parsing -frontend-parseable-output -disable-clang-spi -target-sdk-version 26.1 -target-sdk-name macosx26.1 -clang-target arm64-apple-macos26.1 -in-process-plugin-server-path /Applications/Xcode.app/Contents/Developer/Toolchains/XcodeDefault.xctoolchain/usr/lib/swift/host/libSwiftInProcPluginServer.dylib -o /Users/rogerlin/Library/Developer/Xcode/DerivedData/FinancialCalculatorKit-ackorybalcxbfocbkqsfdzcfkgmn/Build/Intermediates.noindex/swift-parsing.build/Debug/Parsing.build/Objects-normal/arm64/Optional.o -o /Users/rogerlin/Library/Developer/Xcode/DerivedData/FinancialCalculatorKit-ackorybalcxbfocbkqsfdzcfkgmn/Build/Intermediates.noindex/swift-parsing.build/Debug/Parsing.build/Objects-normal/arm64/Optionally.o -o /Users/rogerlin/Library/Developer/Xcode/DerivedData/FinancialCalculatorKit-ackorybalcxbfocbkqsfdzcfkgmn/Build/Intermediates.noindex/swift-parsing.build/Debug/Parsing.build/Objects-normal/arm64/Parse.o -o /Users/rogerlin/Library/Developer/Xcode/DerivedData/FinancialCalculatorKit-ackorybalcxbfocbkqsfdzcfkgmn/Build/Intermediates.noindex/swift-parsing.build/Debug/Parsing.build/Objects-normal/arm64/ParseableFormatStyle.o -o /Users/rogerlin/Library/Developer/Xcode/DerivedData/FinancialCalculatorKit-ackorybalcxbfocbkqsfdzcfkgmn/Build/Intermediates.noindex/swift-parsing.build/Debug/Parsing.build/Objects-normal/arm64/Peek.o -index-unit-output-path /swift-parsing.build/Debug/Parsing.build/Objects-normal/arm64/Optional.o -index-unit-output-path /swift-parsing.build/Debug/Parsing.build/Objects-normal/arm64/Optionally.o -index-unit-output-path /swift-parsing.build/Debug/Parsing.build/Objects-normal/arm64/Parse.o -index-unit-output-path /swift-parsing.build/Debug/Parsing.build/Objects-normal/arm64/ParseableFormatStyle.o -index-unit-output-path /swift-parsing.build/Debug/Parsing.build/Objects-normal/arm64/Peek.o -index-store-path /Users/rogerlin/Library/Developer/Xcode/DerivedData/FinancialCalculatorKit-ackorybalcxbfocbkqsfdzcfkgmn/Index.noindex/DataStore -index-system-modules

SwiftCompile normal arm64 /Users/rogerlin/Library/Developer/Xcode/DerivedData/FinancialCalculatorKit-ackorybalcxbfocbkqsfdzcfkgmn/SourcePackages/checkouts/swift-parsing/Sources/Parsing/ParserPrinters/Optional.swift (in target 'Parsing' from project 'swift-parsing')
    cd /Users/rogerlin/XCode-Projects/FinancialCalculatorKit-5.0-updated-accent-colors/FinancialCalculatorKit.xcodeproj
    

SwiftCompile normal arm64 /Users/rogerlin/Library/Developer/Xcode/DerivedData/FinancialCalculatorKit-ackorybalcxbfocbkqsfdzcfkgmn/SourcePackages/checkouts/swift-parsing/Sources/Parsing/ParserPrinters/Optionally.swift (in target 'Parsing' from project 'swift-parsing')
    cd /Users/rogerlin/XCode-Projects/FinancialCalculatorKit-5.0-updated-accent-colors/FinancialCalculatorKit.xcodeproj
    

SwiftCompile normal arm64 /Users/rogerlin/Library/Developer/Xcode/DerivedData/FinancialCalculatorKit-ackorybalcxbfocbkqsfdzcfkgmn/SourcePackages/checkouts/swift-parsing/Sources/Parsing/ParserPrinters/Parse.swift (in target 'Parsing' from project 'swift-parsing')
    cd /Users/rogerlin/XCode-Projects/FinancialCalculatorKit-5.0-updated-accent-colors/FinancialCalculatorKit.xcodeproj
    

SwiftCompile normal arm64 /Users/rogerlin/Library/Developer/Xcode/DerivedData/FinancialCalculatorKit-ackorybalcxbfocbkqsfdzcfkgmn/SourcePackages/checkouts/swift-parsing/Sources/Parsing/ParserPrinters/ParseableFormatStyle.swift (in target 'Parsing' from project 'swift-parsing')
    cd /Users/rogerlin/XCode-Projects/FinancialCalculatorKit-5.0-updated-accent-colors/FinancialCalculatorKit.xcodeproj
    

SwiftCompile normal arm64 /Users/rogerlin/Library/Developer/Xcode/DerivedData/FinancialCalculatorKit-ackorybalcxbfocbkqsfdzcfkgmn/SourcePackages/checkouts/swift-parsing/Sources/Parsing/ParserPrinters/Peek.swift (in target 'Parsing' from project 'swift-parsing')
    cd /Users/rogerlin/XCode-Projects/FinancialCalculatorKit-5.0-updated-accent-colors/FinancialCalculatorKit.xcodeproj
    

SwiftCompile normal arm64 Compiling\ AnyParser.swift,\ CompactMap.swift,\ FlatMap.swift,\ Parsers.swift /Users/rogerlin/Library/Developer/Xcode/DerivedData/FinancialCalculatorKit-ackorybalcxbfocbkqsfdzcfkgmn/SourcePackages/checkouts/swift-parsing/Sources/Parsing/Parsers/AnyParser.swift /Users/rogerlin/Library/Developer/Xcode/DerivedData/FinancialCalculatorKit-ackorybalcxbfocbkqsfdzcfkgmn/SourcePackages/checkouts/swift-parsing/Sources/Parsing/Parsers/CompactMap.swift /Users/rogerlin/Library/Developer/Xcode/DerivedData/FinancialCalculatorKit-ackorybalcxbfocbkqsfdzcfkgmn/SourcePackages/checkouts/swift-parsing/Sources/Parsing/Parsers/FlatMap.swift /Users/rogerlin/Library/Developer/Xcode/DerivedData/FinancialCalculatorKit-ackorybalcxbfocbkqsfdzcfkgmn/SourcePackages/checkouts/swift-parsing/Sources/Parsing/Parsers/Parsers.swift (in target 'Parsing' from project 'swift-parsing')
/Applications/Xcode.app/Contents/Developer/Toolchains/XcodeDefault.xctoolchain/usr/bin/swift-frontend -frontend -c /Users/rogerlin/Library/Developer/Xcode/DerivedData/FinancialCalculatorKit-ackorybalcxbfocbkqsfdzcfkgmn/SourcePackages/checkouts/swift-parsing/Sources/Parsing/Builders/OneOfBuilder.swift /Users/rogerlin/Library/Developer/Xcode/DerivedData/FinancialCalculatorKit-ackorybalcxbfocbkqsfdzcfkgmn/SourcePackages/checkouts/swift-parsing/Sources/Parsing/Builders/ParserBuilder.swift /Users/rogerlin/Library/Developer/Xcode/DerivedData/FinancialCalculatorKit-ackorybalcxbfocbkqsfdzcfkgmn/SourcePackages/checkouts/swift-parsing/Sources/Parsing/Conversion.swift /Users/rogerlin/Library/Developer/Xcode/DerivedData/FinancialCalculatorKit-ackorybalcxbfocbkqsfdzcfkgmn/SourcePackages/checkouts/swift-parsing/Sources/Parsing/Conversions/AnyConversion.swift /Users/rogerlin/Library/Developer/Xcode/DerivedData/FinancialCalculatorKit-ackorybalcxbfocbkqsfdzcfkgmn/SourcePackages/checkouts/swift-parsing/Sources/Parsing/Conversions/BinaryFloatingPoint.swift /Users/rogerlin/Library/Developer/Xcode/DerivedData/FinancialCalculatorKit-ackorybalcxbfocbkqsfdzcfkgmn/SourcePackages/checkouts/swift-parsing/Sources/Parsing/Conversions/ConversionMap.swift /Users/rogerlin/Library/Developer/Xcode/DerivedData/FinancialCalculatorKit-ackorybalcxbfocbkqsfdzcfkgmn/SourcePackages/checkouts/swift-parsing/Sources/Parsing/Conversions/Conversions.swift /Users/rogerlin/Library/Developer/Xcode/DerivedData/FinancialCalculatorKit-ackorybalcxbfocbkqsfdzcfkgmn/SourcePackages/checkouts/swift-parsing/Sources/Parsing/Conversions/Data.swift /Users/rogerlin/Library/Developer/Xcode/DerivedData/FinancialCalculatorKit-ackorybalcxbfocbkqsfdzcfkgmn/SourcePackages/checkouts/swift-parsing/Sources/Parsing/Conversions/Enum.swift /Users/rogerlin/Library/Developer/Xcode/DerivedData/FinancialCalculatorKit-ackorybalcxbfocbkqsfdzcfkgmn/SourcePackages/checkouts/swift-parsing/Sources/Parsing/Conversions/FixedWidthInteger.swift /Users/rogerlin/Library/Developer/Xcode/DerivedData/FinancialCalculatorKit-ackorybalcxbfocbkqsfdzcfkgmn/SourcePackages/checkouts/swift-parsing/Sources/Parsing/Conversions/Identity.swift /Users/rogerlin/Library/Developer/Xcode/DerivedData/FinancialCalculatorKit-ackorybalcxbfocbkqsfdzcfkgmn/SourcePackages/checkouts/swift-parsing/Sources/Parsing/Conversions/JSON.swift /Users/rogerlin/Library/Developer/Xcode/DerivedData/FinancialCalculatorKit-ackorybalcxbfocbkqsfdzcfkgmn/SourcePackages/checkouts/swift-parsing/Sources/Parsing/Conversions/LosslessStringConvertible.swift /Users/rogerlin/Library/Developer/Xcode/DerivedData/FinancialCalculatorKit-ackorybalcxbfocbkqsfdzcfkgmn/SourcePackages/checkouts/swift-parsing/Sources/Parsing/Conversions/Memberwise.swift /Users/rogerlin/Library/Developer/Xcode/DerivedData/FinancialCalculatorKit-ackorybalcxbfocbkqsfdzcfkgmn/SourcePackages/checkouts/swift-parsing/Sources/Parsing/Conversions/ParseableFormatStyleConversion.swift /Users/rogerlin/Library/Developer/Xcode/DerivedData/FinancialCalculatorKit-ackorybalcxbfocbkqsfdzcfkgmn/SourcePackages/checkouts/swift-parsing/Sources/Parsing/Conversions/RawRepresentable.swift /Users/rogerlin/Library/Developer/Xcode/DerivedData/FinancialCalculatorKit-ackorybalcxbfocbkqsfdzcfkgmn/SourcePackages/checkouts/swift-parsing/Sources/Parsing/Conversions/String.swift /Users/rogerlin/Library/Developer/Xcode/DerivedData/FinancialCalculatorKit-ackorybalcxbfocbkqsfdzcfkgmn/SourcePackages/checkouts/swift-parsing/Sources/Parsing/Conversions/Substring.swift /Users/rogerlin/Library/Developer/Xcode/DerivedData/FinancialCalculatorKit-ackorybalcxbfocbkqsfdzcfkgmn/SourcePackages/checkouts/swift-parsing/Sources/Parsing/Conversions/UTF8View.swift /Users/rogerlin/Library/Developer/Xcode/DerivedData/FinancialCalculatorKit-ackorybalcxbfocbkqsfdzcfkgmn/SourcePackages/checkouts/swift-parsing/Sources/Parsing/ConvertingError.swift /Users/rogerlin/Library/Developer/Xcode/DerivedData/FinancialCalculatorKit-ackorybalcxbfocbkqsfdzcfkgmn/SourcePackages/checkouts/swift-parsing/Sources/Parsing/CountingRange.swift /Users/rogerlin/Library/Developer/Xcode/DerivedData/FinancialCalculatorKit-ackorybalcxbfocbkqsfdzcfkgmn/SourcePackages/checkouts/swift-parsing/Sources/Parsing/EmptyInitializable.swift /Users/rogerlin/Library/Developer/Xcode/DerivedData/FinancialCalculatorKit-ackorybalcxbfocbkqsfdzcfkgmn/SourcePackages/checkouts/swift-parsing/Sources/Parsing/Internal/AnyEquatable.swift /Users/rogerlin/Library/Developer/Xcode/DerivedData/FinancialCalculatorKit-ackorybalcxbfocbkqsfdzcfkgmn/SourcePackages/checkouts/swift-parsing/Sources/Parsing/Internal/Deprecations.swift /Users/rogerlin/Library/Developer/Xcode/DerivedData/FinancialCalculatorKit-ackorybalcxbfocbkqsfdzcfkgmn/SourcePackages/checkouts/swift-parsing/Sources/Parsing/Parser.swift /Users/rogerlin/Library/Developer/Xcode/DerivedData/FinancialCalculatorKit-ackorybalcxbfocbkqsfdzcfkgmn/SourcePackages/checkouts/swift-parsing/Sources/Parsing/ParserPrinter.swift /Users/rogerlin/Library/Developer/Xcode/DerivedData/FinancialCalculatorKit-ackorybalcxbfocbkqsfdzcfkgmn/SourcePackages/checkouts/swift-parsing/Sources/Parsing/ParserPrinters/Always.swift /Users/rogerlin/Library/Developer/Xcode/DerivedData/FinancialCalculatorKit-ackorybalcxbfocbkqsfdzcfkgmn/SourcePackages/checkouts/swift-parsing/Sources/Parsing/ParserPrinters/AnyParserPrinter.swift /Users/rogerlin/Library/Developer/Xcode/DerivedData/FinancialCalculatorKit-ackorybalcxbfocbkqsfdzcfkgmn/SourcePackages/checkouts/swift-parsing/Sources/Parsing/ParserPrinters/Backtracking.swift /Users/rogerlin/Library/Developer/Xcode/DerivedData/FinancialCalculatorKit-ackorybalcxbfocbkqsfdzcfkgmn/SourcePackages/checkouts/swift-parsing/Sources/Parsing/ParserPrinters/Bool.swift /Users/rogerlin/Library/Developer/Xcode/DerivedData/FinancialCalculatorKit-ackorybalcxbfocbkqsfdzcfkgmn/SourcePackages/checkouts/swift-parsing/Sources/Parsing/ParserPrinters/CaseIterableRawRepresentable.swift /Users/rogerlin/Library/Developer/Xcode/DerivedData/FinancialCalculatorKit-ackorybalcxbfocbkqsfdzcfkgmn/SourcePackages/checkouts/swift-parsing/Sources/Parsing/ParserPrinters/CharacterSet.swift /Users/rogerlin/Library/Developer/Xcode/DerivedData/FinancialCalculatorKit-ackorybalcxbfocbkqsfdzcfkgmn/SourcePackages/checkouts/swift-parsing/Sources/Parsing/ParserPrinters/Conditional.swift /Users/rogerlin/Library/Developer/Xcode/DerivedData/FinancialCalculatorKit-ackorybalcxbfocbkqsfdzcfkgmn/SourcePackages/checkouts/swift-parsing/Sources/Parsing/ParserPrinters/Consumed.swift /Users/rogerlin/Library/Developer/Xcode/DerivedData/FinancialCalculatorKit-ackorybalcxbfocbkqsfdzcfkgmn/SourcePackages/checkouts/swift-parsing/Sources/Parsing/ParserPrinters/Digits.swift /Users/rogerlin/Library/Developer/Xcode/DerivedData/FinancialCalculatorKit-ackorybalcxbfocbkqsfdzcfkgmn/SourcePackages/checkouts/swift-parsing/Sources/Parsing/ParserPrinters/End.swift /Users/rogerlin/Library/Developer/Xcode/DerivedData/FinancialCalculatorKit-ackorybalcxbfocbkqsfdzcfkgmn/SourcePackages/checkouts/swift-parsing/Sources/Parsing/ParserPrinters/Fail.swift /Users/rogerlin/Library/Developer/Xcode/DerivedData/FinancialCalculatorKit-ackorybalcxbfocbkqsfdzcfkgmn/SourcePackages/checkouts/swift-parsing/Sources/Parsing/ParserPrinters/Filter.swift /Users/rogerlin/Library/Developer/Xcode/DerivedData/FinancialCalculatorKit-ackorybalcxbfocbkqsfdzcfkgmn/SourcePackages/checkouts/swift-parsing/Sources/Parsing/ParserPrinters/First.swift /Users/rogerlin/Library/Developer/Xcode/DerivedData/FinancialCalculatorKit-ackorybalcxbfocbkqsfdzcfkgmn/SourcePackages/checkouts/swift-parsing/Sources/Parsing/ParserPrinters/Float.swift /Users/rogerlin/Library/Developer/Xcode/DerivedData/FinancialCalculatorKit-ackorybalcxbfocbkqsfdzcfkgmn/SourcePackages/checkouts/swift-parsing/Sources/Parsing/ParserPrinters/From.swift /Users/rogerlin/Library/Developer/Xcode/DerivedData/FinancialCalculatorKit-ackorybalcxbfocbkqsfdzcfkgmn/SourcePackages/checkouts/swift-parsing/Sources/Parsing/ParserPrinters/Int.swift /Users/rogerlin/Library/Developer/Xcode/DerivedData/FinancialCalculatorKit-ackorybalcxbfocbkqsfdzcfkgmn/SourcePackages/checkouts/swift-parsing/Sources/Parsing/ParserPrinters/Lazy.swift /Users/rogerlin/Library/Developer/Xcode/DerivedData/FinancialCalculatorKit-ackorybalcxbfocbkqsfdzcfkgmn/SourcePackages/checkouts/swift-parsing/Sources/Parsing/ParserPrinters/Literal.swift /Users/rogerlin/Library/Developer/Xcode/DerivedData/FinancialCalculatorKit-ackorybalcxbfocbkqsfdzcfkgmn/SourcePackages/checkouts/swift-parsing/Sources/Parsing/ParserPrinters/Many.swift /Users/rogerlin/Library/Developer/Xcode/DerivedData/FinancialCalculatorKit-ackorybalcxbfocbkqsfdzcfkgmn/SourcePackages/checkouts/swift-parsing/Sources/Parsing/ParserPrinters/Map.swift /Users/rogerlin/Library/Developer/Xcode/DerivedData/FinancialCalculatorKit-ackorybalcxbfocbkqsfdzcfkgmn/SourcePackages/checkouts/swift-parsing/Sources/Parsing/ParserPrinters/Newline.swift /Users/rogerlin/Library/Developer/Xcode/DerivedData/FinancialCalculatorKit-ackorybalcxbfocbkqsfdzcfkgmn/SourcePackages/checkouts/swift-parsing/Sources/Parsing/ParserPrinters/Not.swift /Users/rogerlin/Library/Developer/Xcode/DerivedData/FinancialCalculatorKit-ackorybalcxbfocbkqsfdzcfkgmn/SourcePackages/checkouts/swift-parsing/Sources/Parsing/ParserPrinters/OneOf.swift /Users/rogerlin/Library/Developer/Xcode/DerivedData/FinancialCalculatorKit-ackorybalcxbfocbkqsfdzcfkgmn/SourcePackages/checkouts/swift-parsing/Sources/Parsing/ParserPrinters/OneOfMany.swift /Users/rogerlin/Library/Developer/Xcode/DerivedData/FinancialCalculatorKit-ackorybalcxbfocbkqsfdzcfkgmn/SourcePackages/checkouts/swift-parsing/Sources/Parsing/ParserPrinters/Optional.swift /Users/rogerlin/Library/Developer/Xcode/DerivedData/FinancialCalculatorKit-ackorybalcxbfocbkqsfdzcfkgmn/SourcePackages/checkouts/swift-parsing/Sources/Parsing/ParserPrinters/Optionally.swift /Users/rogerlin/Library/Developer/Xcode/DerivedData/FinancialCalculatorKit-ackorybalcxbfocbkqsfdzcfkgmn/SourcePackages/checkouts/swift-parsing/Sources/Parsing/ParserPrinters/Parse.swift /Users/rogerlin/Library/Developer/Xcode/DerivedData/FinancialCalculatorKit-ackorybalcxbfocbkqsfdzcfkgmn/SourcePackages/checkouts/swift-parsing/Sources/Parsing/ParserPrinters/ParseableFormatStyle.swift /Users/rogerlin/Library/Developer/Xcode/DerivedData/FinancialCalculatorKit-ackorybalcxbfocbkqsfdzcfkgmn/SourcePackages/checkouts/swift-parsing/Sources/Parsing/ParserPrinters/Peek.swift /Users/rogerlin/Library/Developer/Xcode/DerivedData/FinancialCalculatorKit-ackorybalcxbfocbkqsfdzcfkgmn/SourcePackages/checkouts/swift-parsing/Sources/Parsing/ParserPrinters/Pipe.swift /Users/rogerlin/Library/Developer/Xcode/DerivedData/FinancialCalculatorKit-ackorybalcxbfocbkqsfdzcfkgmn/SourcePackages/checkouts/swift-parsing/Sources/Parsing/ParserPrinters/Prefix.swift /Users/rogerlin/Library/Developer/Xcode/DerivedData/FinancialCalculatorKit-ackorybalcxbfocbkqsfdzcfkgmn/SourcePackages/checkouts/swift-parsing/Sources/Parsing/ParserPrinters/PrefixThrough.swift /Users/rogerlin/Library/Developer/Xcode/DerivedData/FinancialCalculatorKit-ackorybalcxbfocbkqsfdzcfkgmn/SourcePackages/checkouts/swift-parsing/Sources/Parsing/ParserPrinters/PrefixUpTo.swift /Users/rogerlin/Library/Developer/Xcode/DerivedData/FinancialCalculatorKit-ackorybalcxbfocbkqsfdzcfkgmn/SourcePackages/checkouts/swift-parsing/Sources/Parsing/ParserPrinters/Printing.swift /Users/rogerlin/Library/Developer/Xcode/DerivedData/FinancialCalculatorKit-ackorybalcxbfocbkqsfdzcfkgmn/SourcePackages/checkouts/swift-parsing/Sources/Parsing/ParserPrinters/Pullback.swift /Users/rogerlin/Library/Developer/Xcode/DerivedData/FinancialCalculatorKit-ackorybalcxbfocbkqsfdzcfkgmn/SourcePackages/checkouts/swift-parsing/Sources/Parsing/ParserPrinters/ReplaceError.swift /Users/rogerlin/Library/Developer/Xcode/DerivedData/FinancialCalculatorKit-ackorybalcxbfocbkqsfdzcfkgmn/SourcePackages/checkouts/swift-parsing/Sources/Parsing/ParserPrinters/Rest.swift /Users/rogerlin/Library/Developer/Xcode/DerivedData/FinancialCalculatorKit-ackorybalcxbfocbkqsfdzcfkgmn/SourcePackages/checkouts/swift-parsing/Sources/Parsing/ParserPrinters/Skip.swift /Users/rogerlin/Library/Developer/Xcode/DerivedData/FinancialCalculatorKit-ackorybalcxbfocbkqsfdzcfkgmn/SourcePackages/checkouts/swift-parsing/Sources/Parsing/ParserPrinters/StartsWith.swift /Users/rogerlin/Library/Developer/Xcode/DerivedData/FinancialCalculatorKit-ackorybalcxbfocbkqsfdzcfkgmn/SourcePackages/checkouts/swift-parsing/Sources/Parsing/ParserPrinters/UUID.swift /Users/rogerlin/Library/Developer/Xcode/DerivedData/FinancialCalculatorKit-ackorybalcxbfocbkqsfdzcfkgmn/SourcePackages/checkouts/swift-parsing/Sources/Parsing/ParserPrinters/Whitespace.swift -primary-file /Users/rogerlin/Library/Developer/Xcode/DerivedData/FinancialCalculatorKit-ackorybalcxbfocbkqsfdzcfkgmn/SourcePackages/checkouts/swift-parsing/Sources/Parsing/Parsers/AnyParser.swift -primary-file /Users/rogerlin/Library/Developer/Xcode/DerivedData/FinancialCalculatorKit-ackorybalcxbfocbkqsfdzcfkgmn/SourcePackages/checkouts/swift-parsing/Sources/Parsing/Parsers/CompactMap.swift -primary-file /Users/rogerlin/Library/Developer/Xcode/DerivedData/FinancialCalculatorKit-ackorybalcxbfocbkqsfdzcfkgmn/SourcePackages/checkouts/swift-parsing/Sources/Parsing/Parsers/FlatMap.swift -primary-file /Users/rogerlin/Library/Developer/Xcode/DerivedData/FinancialCalculatorKit-ackorybalcxbfocbkqsfdzcfkgmn/SourcePackages/checkouts/swift-parsing/Sources/Parsing/Parsers/Parsers.swift /Users/rogerlin/Library/Developer/Xcode/DerivedData/FinancialCalculatorKit-ackorybalcxbfocbkqsfdzcfkgmn/SourcePackages/checkouts/swift-parsing/Sources/Parsing/Parsers/Stream.swift /Users/rogerlin/Library/Developer/Xcode/DerivedData/FinancialCalculatorKit-ackorybalcxbfocbkqsfdzcfkgmn/SourcePackages/checkouts/swift-parsing/Sources/Parsing/ParsingError.swift /Users/rogerlin/Library/Developer/Xcode/DerivedData/FinancialCalculatorKit-ackorybalcxbfocbkqsfdzcfkgmn/SourcePackages/checkouts/swift-parsing/Sources/Parsing/PrependableCollection.swift /Users/rogerlin/Library/Developer/Xcode/DerivedData/FinancialCalculatorKit-ackorybalcxbfocbkqsfdzcfkgmn/SourcePackages/checkouts/swift-parsing/Sources/Parsing/PrintingError.swift -supplementary-output-file-map /Users/rogerlin/Library/Developer/Xcode/DerivedData/FinancialCalculatorKit-ackorybalcxbfocbkqsfdzcfkgmn/Build/Intermediates.noindex/swift-parsing.build/Debug/Parsing.build/Objects-normal/arm64/supplementaryOutputs-49 -target arm64-apple-macos10.15 -load-resolved-plugin \#/Users/rogerlin/Library/Developer/Xcode/DerivedData/FinancialCalculatorKit-ackorybalcxbfocbkqsfdzcfkgmn/Build/Products/Debug/CasePathsMacros\#CasePathsMacros -load-resolved-plugin /Applications/Xcode.app/Contents/Developer/Platforms/MacOSX.platform/Developer/usr/lib/swift/host/plugins/libFoundationMacros.dylib\#/Applications/Xcode.app/Contents/Developer/Platforms/MacOSX.platform/Developer/usr/bin/swift-plugin-server\#FoundationMacros -load-resolved-plugin /Applications/Xcode.app/Contents/Developer/Platforms/MacOSX.platform/Developer/usr/lib/swift/host/plugins/libObservationMacros.dylib\#/Applications/Xcode.app/Contents/Developer/Platforms/MacOSX.platform/Developer/usr/bin/swift-plugin-server\#ObservationMacros -load-resolved-plugin /Applications/Xcode.app/Contents/Developer/Platforms/MacOSX.platform/Developer/usr/lib/swift/host/plugins/libSwiftMacros.dylib\#/Applications/Xcode.app/Contents/Developer/Platforms/MacOSX.platform/Developer/usr/bin/swift-plugin-server\#SwiftMacros -disable-implicit-swift-modules -Xcc -fno-implicit-modules -Xcc -fno-implicit-module-maps -explicit-swift-module-map-file /Users/rogerlin/Library/Developer/Xcode/DerivedData/FinancialCalculatorKit-ackorybalcxbfocbkqsfdzcfkgmn/Build/Intermediates.noindex/swift-parsing.build/Debug/Parsing.build/Objects-normal/arm64/Parsing-dependencies-1.json -Xllvm -aarch64-use-tbi -enable-objc-interop -stack-check -sdk /Applications/Xcode.app/Contents/Developer/Platforms/MacOSX.platform/Developer/SDKs/MacOSX26.1.sdk -I /Users/rogerlin/Library/Developer/Xcode/DerivedData/FinancialCalculatorKit-ackorybalcxbfocbkqsfdzcfkgmn/Build/Products/Debug -Isystem /Applications/Xcode.app/Contents/Developer/Platforms/MacOSX.platform/Developer/usr/lib -F /Users/rogerlin/Library/Developer/Xcode/DerivedData/FinancialCalculatorKit-ackorybalcxbfocbkqsfdzcfkgmn/Build/Products/Debug/PackageFrameworks -F /Users/rogerlin/Library/Developer/Xcode/DerivedData/FinancialCalculatorKit-ackorybalcxbfocbkqsfdzcfkgmn/Build/Products/Debug/PackageFrameworks -F /Users/rogerlin/Library/Developer/Xcode/DerivedData/FinancialCalculatorKit-ackorybalcxbfocbkqsfdzcfkgmn/Build/Products/Debug/PackageFrameworks -F /Users/rogerlin/Library/Developer/Xcode/DerivedData/FinancialCalculatorKit-ackorybalcxbfocbkqsfdzcfkgmn/Build/Products/Debug/PackageFrameworks -F /Users/rogerlin/Library/Developer/Xcode/DerivedData/FinancialCalculatorKit-ackorybalcxbfocbkqsfdzcfkgmn/Build/Products/Debug -F /Applications/Xcode.app/Contents/Developer/Platforms/MacOSX.platform/Developer/Library/Frameworks -no-color-diagnostics -Xcc -fno-color-diagnostics -enable-testing -g -debug-info-format\=dwarf -dwarf-version\=4 -module-cache-path /Users/rogerlin/Library/Developer/Xcode/DerivedData/FinancialCalculatorKit-ackorybalcxbfocbkqsfdzcfkgmn/Build/Intermediates.noindex/SwiftExplicitPrecompiledModules -suppress-warnings -profile-generate -profile-coverage-mapping -swift-version 5 -enforce-exclusivity\=checked -Onone -D SWIFT_PACKAGE -D DEBUG -D SWIFT_MODULE_RESOURCE_BUNDLE_UNAVAILABLE -D Xcode -serialize-debugging-options -load-plugin-executable /Users/rogerlin/Library/Developer/Xcode/DerivedData/FinancialCalculatorKit-ackorybalcxbfocbkqsfdzcfkgmn/Build/Products/Debug/CasePathsMacros\#CasePathsMacros -const-gather-protocols-file /Users/rogerlin/Library/Developer/Xcode/DerivedData/FinancialCalculatorKit-ackorybalcxbfocbkqsfdzcfkgmn/Build/Intermediates.noindex/swift-parsing.build/Debug/Parsing.build/Objects-normal/arm64/Parsing_const_extract_protocols.json -enable-experimental-feature DebugDescriptionMacro -empty-abi-descriptor -validate-clang-modules-once -clang-build-session-file /Users/rogerlin/Library/Developer/Xcode/DerivedData/ModuleCache.noindex/Session.modulevalidation -Xcc -working-directory -Xcc /Users/rogerlin/XCode-Projects/FinancialCalculatorKit-5.0-updated-accent-colors/FinancialCalculatorKit.xcodeproj -enable-anonymous-context-mangled-names -file-compilation-dir /Users/rogerlin/XCode-Projects/FinancialCalculatorKit-5.0-updated-accent-colors/FinancialCalculatorKit.xcodeproj -Xcc -D_LIBCPP_HARDENING_MODE\=_LIBCPP_HARDENING_MODE_DEBUG -Xcc -ivfsstatcache -Xcc /Users/rogerlin/Library/Developer/Xcode/DerivedData/SDKStatCaches.noindex/macosx26.1-25B74-3ae1261907bdadc328169391a47051a6.sdkstatcache -Xcc -I/Users/rogerlin/Library/Developer/Xcode/DerivedData/FinancialCalculatorKit-ackorybalcxbfocbkqsfdzcfkgmn/Build/Intermediates.noindex/swift-parsing.build/Debug/Parsing.build/swift-overrides.hmap -Xcc -I/Users/rogerlin/Library/Developer/Xcode/DerivedData/FinancialCalculatorKit-ackorybalcxbfocbkqsfdzcfkgmn/Build/Products/Debug/include -Xcc -I/Users/rogerlin/Library/Developer/Xcode/DerivedData/FinancialCalculatorKit-ackorybalcxbfocbkqsfdzcfkgmn/Build/Intermediates.noindex/swift-parsing.build/Debug/Parsing.build/DerivedSources-normal/arm64 -Xcc -I/Users/rogerlin/Library/Developer/Xcode/DerivedData/FinancialCalculatorKit-ackorybalcxbfocbkqsfdzcfkgmn/Build/Intermediates.noindex/swift-parsing.build/Debug/Parsing.build/DerivedSources/arm64 -Xcc -I/Users/rogerlin/Library/Developer/Xcode/DerivedData/FinancialCalculatorKit-ackorybalcxbfocbkqsfdzcfkgmn/Build/Intermediates.noindex/swift-parsing.build/Debug/Parsing.build/DerivedSources -Xcc -DSWIFT_PACKAGE -Xcc -DDEBUG\=1 -no-auto-bridging-header-chaining -module-name Parsing -package-name swift_parsing -frontend-parseable-output -disable-clang-spi -target-sdk-version 26.1 -target-sdk-name macosx26.1 -clang-target arm64-apple-macos26.1 -in-process-plugin-server-path /Applications/Xcode.app/Contents/Developer/Toolchains/XcodeDefault.xctoolchain/usr/lib/swift/host/libSwiftInProcPluginServer.dylib -o /Users/rogerlin/Library/Developer/Xcode/DerivedData/FinancialCalculatorKit-ackorybalcxbfocbkqsfdzcfkgmn/Build/Intermediates.noindex/swift-parsing.build/Debug/Parsing.build/Objects-normal/arm64/AnyParser.o -o /Users/rogerlin/Library/Developer/Xcode/DerivedData/FinancialCalculatorKit-ackorybalcxbfocbkqsfdzcfkgmn/Build/Intermediates.noindex/swift-parsing.build/Debug/Parsing.build/Objects-normal/arm64/CompactMap.o -o /Users/rogerlin/Library/Developer/Xcode/DerivedData/FinancialCalculatorKit-ackorybalcxbfocbkqsfdzcfkgmn/Build/Intermediates.noindex/swift-parsing.build/Debug/Parsing.build/Objects-normal/arm64/FlatMap.o -o /Users/rogerlin/Library/Developer/Xcode/DerivedData/FinancialCalculatorKit-ackorybalcxbfocbkqsfdzcfkgmn/Build/Intermediates.noindex/swift-parsing.build/Debug/Parsing.build/Objects-normal/arm64/Parsers.o -index-unit-output-path /swift-parsing.build/Debug/Parsing.build/Objects-normal/arm64/AnyParser.o -index-unit-output-path /swift-parsing.build/Debug/Parsing.build/Objects-normal/arm64/CompactMap.o -index-unit-output-path /swift-parsing.build/Debug/Parsing.build/Objects-normal/arm64/FlatMap.o -index-unit-output-path /swift-parsing.build/Debug/Parsing.build/Objects-normal/arm64/Parsers.o -index-store-path /Users/rogerlin/Library/Developer/Xcode/DerivedData/FinancialCalculatorKit-ackorybalcxbfocbkqsfdzcfkgmn/Index.noindex/DataStore -index-system-modules

SwiftCompile normal arm64 /Users/rogerlin/Library/Developer/Xcode/DerivedData/FinancialCalculatorKit-ackorybalcxbfocbkqsfdzcfkgmn/SourcePackages/checkouts/swift-parsing/Sources/Parsing/Parsers/AnyParser.swift (in target 'Parsing' from project 'swift-parsing')
    cd /Users/rogerlin/XCode-Projects/FinancialCalculatorKit-5.0-updated-accent-colors/FinancialCalculatorKit.xcodeproj
    

SwiftCompile normal arm64 /Users/rogerlin/Library/Developer/Xcode/DerivedData/FinancialCalculatorKit-ackorybalcxbfocbkqsfdzcfkgmn/SourcePackages/checkouts/swift-parsing/Sources/Parsing/Parsers/CompactMap.swift (in target 'Parsing' from project 'swift-parsing')
    cd /Users/rogerlin/XCode-Projects/FinancialCalculatorKit-5.0-updated-accent-colors/FinancialCalculatorKit.xcodeproj
    

SwiftCompile normal arm64 /Users/rogerlin/Library/Developer/Xcode/DerivedData/FinancialCalculatorKit-ackorybalcxbfocbkqsfdzcfkgmn/SourcePackages/checkouts/swift-parsing/Sources/Parsing/Parsers/FlatMap.swift (in target 'Parsing' from project 'swift-parsing')
    cd /Users/rogerlin/XCode-Projects/FinancialCalculatorKit-5.0-updated-accent-colors/FinancialCalculatorKit.xcodeproj
    

SwiftCompile normal arm64 /Users/rogerlin/Library/Developer/Xcode/DerivedData/FinancialCalculatorKit-ackorybalcxbfocbkqsfdzcfkgmn/SourcePackages/checkouts/swift-parsing/Sources/Parsing/Parsers/Parsers.swift (in target 'Parsing' from project 'swift-parsing')
    cd /Users/rogerlin/XCode-Projects/FinancialCalculatorKit-5.0-updated-accent-colors/FinancialCalculatorKit.xcodeproj
    

SwiftCompile normal arm64 Compiling\ Map.swift,\ Newline.swift,\ Not.swift,\ OneOf.swift,\ OneOfMany.swift /Users/rogerlin/Library/Developer/Xcode/DerivedData/FinancialCalculatorKit-ackorybalcxbfocbkqsfdzcfkgmn/SourcePackages/checkouts/swift-parsing/Sources/Parsing/ParserPrinters/Map.swift /Users/rogerlin/Library/Developer/Xcode/DerivedData/FinancialCalculatorKit-ackorybalcxbfocbkqsfdzcfkgmn/SourcePackages/checkouts/swift-parsing/Sources/Parsing/ParserPrinters/Newline.swift /Users/rogerlin/Library/Developer/Xcode/DerivedData/FinancialCalculatorKit-ackorybalcxbfocbkqsfdzcfkgmn/SourcePackages/checkouts/swift-parsing/Sources/Parsing/ParserPrinters/Not.swift /Users/rogerlin/Library/Developer/Xcode/DerivedData/FinancialCalculatorKit-ackorybalcxbfocbkqsfdzcfkgmn/SourcePackages/checkouts/swift-parsing/Sources/Parsing/ParserPrinters/OneOf.swift /Users/rogerlin/Library/Developer/Xcode/DerivedData/FinancialCalculatorKit-ackorybalcxbfocbkqsfdzcfkgmn/SourcePackages/checkouts/swift-parsing/Sources/Parsing/ParserPrinters/OneOfMany.swift (in target 'Parsing' from project 'swift-parsing')
/Applications/Xcode.app/Contents/Developer/Toolchains/XcodeDefault.xctoolchain/usr/bin/swift-frontend -frontend -c /Users/rogerlin/Library/Developer/Xcode/DerivedData/FinancialCalculatorKit-ackorybalcxbfocbkqsfdzcfkgmn/SourcePackages/checkouts/swift-parsing/Sources/Parsing/Builders/OneOfBuilder.swift /Users/rogerlin/Library/Developer/Xcode/DerivedData/FinancialCalculatorKit-ackorybalcxbfocbkqsfdzcfkgmn/SourcePackages/checkouts/swift-parsing/Sources/Parsing/Builders/ParserBuilder.swift /Users/rogerlin/Library/Developer/Xcode/DerivedData/FinancialCalculatorKit-ackorybalcxbfocbkqsfdzcfkgmn/SourcePackages/checkouts/swift-parsing/Sources/Parsing/Conversion.swift /Users/rogerlin/Library/Developer/Xcode/DerivedData/FinancialCalculatorKit-ackorybalcxbfocbkqsfdzcfkgmn/SourcePackages/checkouts/swift-parsing/Sources/Parsing/Conversions/AnyConversion.swift /Users/rogerlin/Library/Developer/Xcode/DerivedData/FinancialCalculatorKit-ackorybalcxbfocbkqsfdzcfkgmn/SourcePackages/checkouts/swift-parsing/Sources/Parsing/Conversions/BinaryFloatingPoint.swift /Users/rogerlin/Library/Developer/Xcode/DerivedData/FinancialCalculatorKit-ackorybalcxbfocbkqsfdzcfkgmn/SourcePackages/checkouts/swift-parsing/Sources/Parsing/Conversions/ConversionMap.swift /Users/rogerlin/Library/Developer/Xcode/DerivedData/FinancialCalculatorKit-ackorybalcxbfocbkqsfdzcfkgmn/SourcePackages/checkouts/swift-parsing/Sources/Parsing/Conversions/Conversions.swift /Users/rogerlin/Library/Developer/Xcode/DerivedData/FinancialCalculatorKit-ackorybalcxbfocbkqsfdzcfkgmn/SourcePackages/checkouts/swift-parsing/Sources/Parsing/Conversions/Data.swift /Users/rogerlin/Library/Developer/Xcode/DerivedData/FinancialCalculatorKit-ackorybalcxbfocbkqsfdzcfkgmn/SourcePackages/checkouts/swift-parsing/Sources/Parsing/Conversions/Enum.swift /Users/rogerlin/Library/Developer/Xcode/DerivedData/FinancialCalculatorKit-ackorybalcxbfocbkqsfdzcfkgmn/SourcePackages/checkouts/swift-parsing/Sources/Parsing/Conversions/FixedWidthInteger.swift /Users/rogerlin/Library/Developer/Xcode/DerivedData/FinancialCalculatorKit-ackorybalcxbfocbkqsfdzcfkgmn/SourcePackages/checkouts/swift-parsing/Sources/Parsing/Conversions/Identity.swift /Users/rogerlin/Library/Developer/Xcode/DerivedData/FinancialCalculatorKit-ackorybalcxbfocbkqsfdzcfkgmn/SourcePackages/checkouts/swift-parsing/Sources/Parsing/Conversions/JSON.swift /Users/rogerlin/Library/Developer/Xcode/DerivedData/FinancialCalculatorKit-ackorybalcxbfocbkqsfdzcfkgmn/SourcePackages/checkouts/swift-parsing/Sources/Parsing/Conversions/LosslessStringConvertible.swift /Users/rogerlin/Library/Developer/Xcode/DerivedData/FinancialCalculatorKit-ackorybalcxbfocbkqsfdzcfkgmn/SourcePackages/checkouts/swift-parsing/Sources/Parsing/Conversions/Memberwise.swift /Users/rogerlin/Library/Developer/Xcode/DerivedData/FinancialCalculatorKit-ackorybalcxbfocbkqsfdzcfkgmn/SourcePackages/checkouts/swift-parsing/Sources/Parsing/Conversions/ParseableFormatStyleConversion.swift /Users/rogerlin/Library/Developer/Xcode/DerivedData/FinancialCalculatorKit-ackorybalcxbfocbkqsfdzcfkgmn/SourcePackages/checkouts/swift-parsing/Sources/Parsing/Conversions/RawRepresentable.swift /Users/rogerlin/Library/Developer/Xcode/DerivedData/FinancialCalculatorKit-ackorybalcxbfocbkqsfdzcfkgmn/SourcePackages/checkouts/swift-parsing/Sources/Parsing/Conversions/String.swift /Users/rogerlin/Library/Developer/Xcode/DerivedData/FinancialCalculatorKit-ackorybalcxbfocbkqsfdzcfkgmn/SourcePackages/checkouts/swift-parsing/Sources/Parsing/Conversions/Substring.swift /Users/rogerlin/Library/Developer/Xcode/DerivedData/FinancialCalculatorKit-ackorybalcxbfocbkqsfdzcfkgmn/SourcePackages/checkouts/swift-parsing/Sources/Parsing/Conversions/UTF8View.swift /Users/rogerlin/Library/Developer/Xcode/DerivedData/FinancialCalculatorKit-ackorybalcxbfocbkqsfdzcfkgmn/SourcePackages/checkouts/swift-parsing/Sources/Parsing/ConvertingError.swift /Users/rogerlin/Library/Developer/Xcode/DerivedData/FinancialCalculatorKit-ackorybalcxbfocbkqsfdzcfkgmn/SourcePackages/checkouts/swift-parsing/Sources/Parsing/CountingRange.swift /Users/rogerlin/Library/Developer/Xcode/DerivedData/FinancialCalculatorKit-ackorybalcxbfocbkqsfdzcfkgmn/SourcePackages/checkouts/swift-parsing/Sources/Parsing/EmptyInitializable.swift /Users/rogerlin/Library/Developer/Xcode/DerivedData/FinancialCalculatorKit-ackorybalcxbfocbkqsfdzcfkgmn/SourcePackages/checkouts/swift-parsing/Sources/Parsing/Internal/AnyEquatable.swift /Users/rogerlin/Library/Developer/Xcode/DerivedData/FinancialCalculatorKit-ackorybalcxbfocbkqsfdzcfkgmn/SourcePackages/checkouts/swift-parsing/Sources/Parsing/Internal/Deprecations.swift /Users/rogerlin/Library/Developer/Xcode/DerivedData/FinancialCalculatorKit-ackorybalcxbfocbkqsfdzcfkgmn/SourcePackages/checkouts/swift-parsing/Sources/Parsing/Parser.swift /Users/rogerlin/Library/Developer/Xcode/DerivedData/FinancialCalculatorKit-ackorybalcxbfocbkqsfdzcfkgmn/SourcePackages/checkouts/swift-parsing/Sources/Parsing/ParserPrinter.swift /Users/rogerlin/Library/Developer/Xcode/DerivedData/FinancialCalculatorKit-ackorybalcxbfocbkqsfdzcfkgmn/SourcePackages/checkouts/swift-parsing/Sources/Parsing/ParserPrinters/Always.swift /Users/rogerlin/Library/Developer/Xcode/DerivedData/FinancialCalculatorKit-ackorybalcxbfocbkqsfdzcfkgmn/SourcePackages/checkouts/swift-parsing/Sources/Parsing/ParserPrinters/AnyParserPrinter.swift /Users/rogerlin/Library/Developer/Xcode/DerivedData/FinancialCalculatorKit-ackorybalcxbfocbkqsfdzcfkgmn/SourcePackages/checkouts/swift-parsing/Sources/Parsing/ParserPrinters/Backtracking.swift /Users/rogerlin/Library/Developer/Xcode/DerivedData/FinancialCalculatorKit-ackorybalcxbfocbkqsfdzcfkgmn/SourcePackages/checkouts/swift-parsing/Sources/Parsing/ParserPrinters/Bool.swift /Users/rogerlin/Library/Developer/Xcode/DerivedData/FinancialCalculatorKit-ackorybalcxbfocbkqsfdzcfkgmn/SourcePackages/checkouts/swift-parsing/Sources/Parsing/ParserPrinters/CaseIterableRawRepresentable.swift /Users/rogerlin/Library/Developer/Xcode/DerivedData/FinancialCalculatorKit-ackorybalcxbfocbkqsfdzcfkgmn/SourcePackages/checkouts/swift-parsing/Sources/Parsing/ParserPrinters/CharacterSet.swift /Users/rogerlin/Library/Developer/Xcode/DerivedData/FinancialCalculatorKit-ackorybalcxbfocbkqsfdzcfkgmn/SourcePackages/checkouts/swift-parsing/Sources/Parsing/ParserPrinters/Conditional.swift /Users/rogerlin/Library/Developer/Xcode/DerivedData/FinancialCalculatorKit-ackorybalcxbfocbkqsfdzcfkgmn/SourcePackages/checkouts/swift-parsing/Sources/Parsing/ParserPrinters/Consumed.swift /Users/rogerlin/Library/Developer/Xcode/DerivedData/FinancialCalculatorKit-ackorybalcxbfocbkqsfdzcfkgmn/SourcePackages/checkouts/swift-parsing/Sources/Parsing/ParserPrinters/Digits.swift /Users/rogerlin/Library/Developer/Xcode/DerivedData/FinancialCalculatorKit-ackorybalcxbfocbkqsfdzcfkgmn/SourcePackages/checkouts/swift-parsing/Sources/Parsing/ParserPrinters/End.swift /Users/rogerlin/Library/Developer/Xcode/DerivedData/FinancialCalculatorKit-ackorybalcxbfocbkqsfdzcfkgmn/SourcePackages/checkouts/swift-parsing/Sources/Parsing/ParserPrinters/Fail.swift /Users/rogerlin/Library/Developer/Xcode/DerivedData/FinancialCalculatorKit-ackorybalcxbfocbkqsfdzcfkgmn/SourcePackages/checkouts/swift-parsing/Sources/Parsing/ParserPrinters/Filter.swift /Users/rogerlin/Library/Developer/Xcode/DerivedData/FinancialCalculatorKit-ackorybalcxbfocbkqsfdzcfkgmn/SourcePackages/checkouts/swift-parsing/Sources/Parsing/ParserPrinters/First.swift /Users/rogerlin/Library/Developer/Xcode/DerivedData/FinancialCalculatorKit-ackorybalcxbfocbkqsfdzcfkgmn/SourcePackages/checkouts/swift-parsing/Sources/Parsing/ParserPrinters/Float.swift /Users/rogerlin/Library/Developer/Xcode/DerivedData/FinancialCalculatorKit-ackorybalcxbfocbkqsfdzcfkgmn/SourcePackages/checkouts/swift-parsing/Sources/Parsing/ParserPrinters/From.swift /Users/rogerlin/Library/Developer/Xcode/DerivedData/FinancialCalculatorKit-ackorybalcxbfocbkqsfdzcfkgmn/SourcePackages/checkouts/swift-parsing/Sources/Parsing/ParserPrinters/Int.swift /Users/rogerlin/Library/Developer/Xcode/DerivedData/FinancialCalculatorKit-ackorybalcxbfocbkqsfdzcfkgmn/SourcePackages/checkouts/swift-parsing/Sources/Parsing/ParserPrinters/Lazy.swift /Users/rogerlin/Library/Developer/Xcode/DerivedData/FinancialCalculatorKit-ackorybalcxbfocbkqsfdzcfkgmn/SourcePackages/checkouts/swift-parsing/Sources/Parsing/ParserPrinters/Literal.swift /Users/rogerlin/Library/Developer/Xcode/DerivedData/FinancialCalculatorKit-ackorybalcxbfocbkqsfdzcfkgmn/SourcePackages/checkouts/swift-parsing/Sources/Parsing/ParserPrinters/Many.swift -primary-file /Users/rogerlin/Library/Developer/Xcode/DerivedData/FinancialCalculatorKit-ackorybalcxbfocbkqsfdzcfkgmn/SourcePackages/checkouts/swift-parsing/Sources/Parsing/ParserPrinters/Map.swift -primary-file /Users/rogerlin/Library/Developer/Xcode/DerivedData/FinancialCalculatorKit-ackorybalcxbfocbkqsfdzcfkgmn/SourcePackages/checkouts/swift-parsing/Sources/Parsing/ParserPrinters/Newline.swift -primary-file /Users/rogerlin/Library/Developer/Xcode/DerivedData/FinancialCalculatorKit-ackorybalcxbfocbkqsfdzcfkgmn/SourcePackages/checkouts/swift-parsing/Sources/Parsing/ParserPrinters/Not.swift -primary-file /Users/rogerlin/Library/Developer/Xcode/DerivedData/FinancialCalculatorKit-ackorybalcxbfocbkqsfdzcfkgmn/SourcePackages/checkouts/swift-parsing/Sources/Parsing/ParserPrinters/OneOf.swift -primary-file /Users/rogerlin/Library/Developer/Xcode/DerivedData/FinancialCalculatorKit-ackorybalcxbfocbkqsfdzcfkgmn/SourcePackages/checkouts/swift-parsing/Sources/Parsing/ParserPrinters/OneOfMany.swift /Users/rogerlin/Library/Developer/Xcode/DerivedData/FinancialCalculatorKit-ackorybalcxbfocbkqsfdzcfkgmn/SourcePackages/checkouts/swift-parsing/Sources/Parsing/ParserPrinters/Optional.swift /Users/rogerlin/Library/Developer/Xcode/DerivedData/FinancialCalculatorKit-ackorybalcxbfocbkqsfdzcfkgmn/SourcePackages/checkouts/swift-parsing/Sources/Parsing/ParserPrinters/Optionally.swift /Users/rogerlin/Library/Developer/Xcode/DerivedData/FinancialCalculatorKit-ackorybalcxbfocbkqsfdzcfkgmn/SourcePackages/checkouts/swift-parsing/Sources/Parsing/ParserPrinters/Parse.swift /Users/rogerlin/Library/Developer/Xcode/DerivedData/FinancialCalculatorKit-ackorybalcxbfocbkqsfdzcfkgmn/SourcePackages/checkouts/swift-parsing/Sources/Parsing/ParserPrinters/ParseableFormatStyle.swift /Users/rogerlin/Library/Developer/Xcode/DerivedData/FinancialCalculatorKit-ackorybalcxbfocbkqsfdzcfkgmn/SourcePackages/checkouts/swift-parsing/Sources/Parsing/ParserPrinters/Peek.swift /Users/rogerlin/Library/Developer/Xcode/DerivedData/FinancialCalculatorKit-ackorybalcxbfocbkqsfdzcfkgmn/SourcePackages/checkouts/swift-parsing/Sources/Parsing/ParserPrinters/Pipe.swift /Users/rogerlin/Library/Developer/Xcode/DerivedData/FinancialCalculatorKit-ackorybalcxbfocbkqsfdzcfkgmn/SourcePackages/checkouts/swift-parsing/Sources/Parsing/ParserPrinters/Prefix.swift /Users/rogerlin/Library/Developer/Xcode/DerivedData/FinancialCalculatorKit-ackorybalcxbfocbkqsfdzcfkgmn/SourcePackages/checkouts/swift-parsing/Sources/Parsing/ParserPrinters/PrefixThrough.swift /Users/rogerlin/Library/Developer/Xcode/DerivedData/FinancialCalculatorKit-ackorybalcxbfocbkqsfdzcfkgmn/SourcePackages/checkouts/swift-parsing/Sources/Parsing/ParserPrinters/PrefixUpTo.swift /Users/rogerlin/Library/Developer/Xcode/DerivedData/FinancialCalculatorKit-ackorybalcxbfocbkqsfdzcfkgmn/SourcePackages/checkouts/swift-parsing/Sources/Parsing/ParserPrinters/Printing.swift /Users/rogerlin/Library/Developer/Xcode/DerivedData/FinancialCalculatorKit-ackorybalcxbfocbkqsfdzcfkgmn/SourcePackages/checkouts/swift-parsing/Sources/Parsing/ParserPrinters/Pullback.swift /Users/rogerlin/Library/Developer/Xcode/DerivedData/FinancialCalculatorKit-ackorybalcxbfocbkqsfdzcfkgmn/SourcePackages/checkouts/swift-parsing/Sources/Parsing/ParserPrinters/ReplaceError.swift /Users/rogerlin/Library/Developer/Xcode/DerivedData/FinancialCalculatorKit-ackorybalcxbfocbkqsfdzcfkgmn/SourcePackages/checkouts/swift-parsing/Sources/Parsing/ParserPrinters/Rest.swift /Users/rogerlin/Library/Developer/Xcode/DerivedData/FinancialCalculatorKit-ackorybalcxbfocbkqsfdzcfkgmn/SourcePackages/checkouts/swift-parsing/Sources/Parsing/ParserPrinters/Skip.swift /Users/rogerlin/Library/Developer/Xcode/DerivedData/FinancialCalculatorKit-ackorybalcxbfocbkqsfdzcfkgmn/SourcePackages/checkouts/swift-parsing/Sources/Parsing/ParserPrinters/StartsWith.swift /Users/rogerlin/Library/Developer/Xcode/DerivedData/FinancialCalculatorKit-ackorybalcxbfocbkqsfdzcfkgmn/SourcePackages/checkouts/swift-parsing/Sources/Parsing/ParserPrinters/UUID.swift /Users/rogerlin/Library/Developer/Xcode/DerivedData/FinancialCalculatorKit-ackorybalcxbfocbkqsfdzcfkgmn/SourcePackages/checkouts/swift-parsing/Sources/Parsing/ParserPrinters/Whitespace.swift /Users/rogerlin/Library/Developer/Xcode/DerivedData/FinancialCalculatorKit-ackorybalcxbfocbkqsfdzcfkgmn/SourcePackages/checkouts/swift-parsing/Sources/Parsing/Parsers/AnyParser.swift /Users/rogerlin/Library/Developer/Xcode/DerivedData/FinancialCalculatorKit-ackorybalcxbfocbkqsfdzcfkgmn/SourcePackages/checkouts/swift-parsing/Sources/Parsing/Parsers/CompactMap.swift /Users/rogerlin/Library/Developer/Xcode/DerivedData/FinancialCalculatorKit-ackorybalcxbfocbkqsfdzcfkgmn/SourcePackages/checkouts/swift-parsing/Sources/Parsing/Parsers/FlatMap.swift /Users/rogerlin/Library/Developer/Xcode/DerivedData/FinancialCalculatorKit-ackorybalcxbfocbkqsfdzcfkgmn/SourcePackages/checkouts/swift-parsing/Sources/Parsing/Parsers/Parsers.swift /Users/rogerlin/Library/Developer/Xcode/DerivedData/FinancialCalculatorKit-ackorybalcxbfocbkqsfdzcfkgmn/SourcePackages/checkouts/swift-parsing/Sources/Parsing/Parsers/Stream.swift /Users/rogerlin/Library/Developer/Xcode/DerivedData/FinancialCalculatorKit-ackorybalcxbfocbkqsfdzcfkgmn/SourcePackages/checkouts/swift-parsing/Sources/Parsing/ParsingError.swift /Users/rogerlin/Library/Developer/Xcode/DerivedData/FinancialCalculatorKit-ackorybalcxbfocbkqsfdzcfkgmn/SourcePackages/checkouts/swift-parsing/Sources/Parsing/PrependableCollection.swift /Users/rogerlin/Library/Developer/Xcode/DerivedData/FinancialCalculatorKit-ackorybalcxbfocbkqsfdzcfkgmn/SourcePackages/checkouts/swift-parsing/Sources/Parsing/PrintingError.swift -supplementary-output-file-map /Users/rogerlin/Library/Developer/Xcode/DerivedData/FinancialCalculatorKit-ackorybalcxbfocbkqsfdzcfkgmn/Build/Intermediates.noindex/swift-parsing.build/Debug/Parsing.build/Objects-normal/arm64/supplementaryOutputs-44 -target arm64-apple-macos10.15 -load-resolved-plugin \#/Users/rogerlin/Library/Developer/Xcode/DerivedData/FinancialCalculatorKit-ackorybalcxbfocbkqsfdzcfkgmn/Build/Products/Debug/CasePathsMacros\#CasePathsMacros -load-resolved-plugin /Applications/Xcode.app/Contents/Developer/Platforms/MacOSX.platform/Developer/usr/lib/swift/host/plugins/libFoundationMacros.dylib\#/Applications/Xcode.app/Contents/Developer/Platforms/MacOSX.platform/Developer/usr/bin/swift-plugin-server\#FoundationMacros -load-resolved-plugin /Applications/Xcode.app/Contents/Developer/Platforms/MacOSX.platform/Developer/usr/lib/swift/host/plugins/libObservationMacros.dylib\#/Applications/Xcode.app/Contents/Developer/Platforms/MacOSX.platform/Developer/usr/bin/swift-plugin-server\#ObservationMacros -load-resolved-plugin /Applications/Xcode.app/Contents/Developer/Platforms/MacOSX.platform/Developer/usr/lib/swift/host/plugins/libSwiftMacros.dylib\#/Applications/Xcode.app/Contents/Developer/Platforms/MacOSX.platform/Developer/usr/bin/swift-plugin-server\#SwiftMacros -disable-implicit-swift-modules -Xcc -fno-implicit-modules -Xcc -fno-implicit-module-maps -explicit-swift-module-map-file /Users/rogerlin/Library/Developer/Xcode/DerivedData/FinancialCalculatorKit-ackorybalcxbfocbkqsfdzcfkgmn/Build/Intermediates.noindex/swift-parsing.build/Debug/Parsing.build/Objects-normal/arm64/Parsing-dependencies-1.json -Xllvm -aarch64-use-tbi -enable-objc-interop -stack-check -sdk /Applications/Xcode.app/Contents/Developer/Platforms/MacOSX.platform/Developer/SDKs/MacOSX26.1.sdk -I /Users/rogerlin/Library/Developer/Xcode/DerivedData/FinancialCalculatorKit-ackorybalcxbfocbkqsfdzcfkgmn/Build/Products/Debug -Isystem /Applications/Xcode.app/Contents/Developer/Platforms/MacOSX.platform/Developer/usr/lib -F /Users/rogerlin/Library/Developer/Xcode/DerivedData/FinancialCalculatorKit-ackorybalcxbfocbkqsfdzcfkgmn/Build/Products/Debug/PackageFrameworks -F /Users/rogerlin/Library/Developer/Xcode/DerivedData/FinancialCalculatorKit-ackorybalcxbfocbkqsfdzcfkgmn/Build/Products/Debug/PackageFrameworks -F /Users/rogerlin/Library/Developer/Xcode/DerivedData/FinancialCalculatorKit-ackorybalcxbfocbkqsfdzcfkgmn/Build/Products/Debug/PackageFrameworks -F /Users/rogerlin/Library/Developer/Xcode/DerivedData/FinancialCalculatorKit-ackorybalcxbfocbkqsfdzcfkgmn/Build/Products/Debug/PackageFrameworks -F /Users/rogerlin/Library/Developer/Xcode/DerivedData/FinancialCalculatorKit-ackorybalcxbfocbkqsfdzcfkgmn/Build/Products/Debug -F /Applications/Xcode.app/Contents/Developer/Platforms/MacOSX.platform/Developer/Library/Frameworks -no-color-diagnostics -Xcc -fno-color-diagnostics -enable-testing -g -debug-info-format\=dwarf -dwarf-version\=4 -module-cache-path /Users/rogerlin/Library/Developer/Xcode/DerivedData/FinancialCalculatorKit-ackorybalcxbfocbkqsfdzcfkgmn/Build/Intermediates.noindex/SwiftExplicitPrecompiledModules -suppress-warnings -profile-generate -profile-coverage-mapping -swift-version 5 -enforce-exclusivity\=checked -Onone -D SWIFT_PACKAGE -D DEBUG -D SWIFT_MODULE_RESOURCE_BUNDLE_UNAVAILABLE -D Xcode -serialize-debugging-options -load-plugin-executable /Users/rogerlin/Library/Developer/Xcode/DerivedData/FinancialCalculatorKit-ackorybalcxbfocbkqsfdzcfkgmn/Build/Products/Debug/CasePathsMacros\#CasePathsMacros -const-gather-protocols-file /Users/rogerlin/Library/Developer/Xcode/DerivedData/FinancialCalculatorKit-ackorybalcxbfocbkqsfdzcfkgmn/Build/Intermediates.noindex/swift-parsing.build/Debug/Parsing.build/Objects-normal/arm64/Parsing_const_extract_protocols.json -enable-experimental-feature DebugDescriptionMacro -empty-abi-descriptor -validate-clang-modules-once -clang-build-session-file /Users/rogerlin/Library/Developer/Xcode/DerivedData/ModuleCache.noindex/Session.modulevalidation -Xcc -working-directory -Xcc /Users/rogerlin/XCode-Projects/FinancialCalculatorKit-5.0-updated-accent-colors/FinancialCalculatorKit.xcodeproj -enable-anonymous-context-mangled-names -file-compilation-dir /Users/rogerlin/XCode-Projects/FinancialCalculatorKit-5.0-updated-accent-colors/FinancialCalculatorKit.xcodeproj -Xcc -D_LIBCPP_HARDENING_MODE\=_LIBCPP_HARDENING_MODE_DEBUG -Xcc -ivfsstatcache -Xcc /Users/rogerlin/Library/Developer/Xcode/DerivedData/SDKStatCaches.noindex/macosx26.1-25B74-3ae1261907bdadc328169391a47051a6.sdkstatcache -Xcc -I/Users/rogerlin/Library/Developer/Xcode/DerivedData/FinancialCalculatorKit-ackorybalcxbfocbkqsfdzcfkgmn/Build/Intermediates.noindex/swift-parsing.build/Debug/Parsing.build/swift-overrides.hmap -Xcc -I/Users/rogerlin/Library/Developer/Xcode/DerivedData/FinancialCalculatorKit-ackorybalcxbfocbkqsfdzcfkgmn/Build/Products/Debug/include -Xcc -I/Users/rogerlin/Library/Developer/Xcode/DerivedData/FinancialCalculatorKit-ackorybalcxbfocbkqsfdzcfkgmn/Build/Intermediates.noindex/swift-parsing.build/Debug/Parsing.build/DerivedSources-normal/arm64 -Xcc -I/Users/rogerlin/Library/Developer/Xcode/DerivedData/FinancialCalculatorKit-ackorybalcxbfocbkqsfdzcfkgmn/Build/Intermediates.noindex/swift-parsing.build/Debug/Parsing.build/DerivedSources/arm64 -Xcc -I/Users/rogerlin/Library/Developer/Xcode/DerivedData/FinancialCalculatorKit-ackorybalcxbfocbkqsfdzcfkgmn/Build/Intermediates.noindex/swift-parsing.build/Debug/Parsing.build/DerivedSources -Xcc -DSWIFT_PACKAGE -Xcc -DDEBUG\=1 -no-auto-bridging-header-chaining -module-name Parsing -package-name swift_parsing -frontend-parseable-output -disable-clang-spi -target-sdk-version 26.1 -target-sdk-name macosx26.1 -clang-target arm64-apple-macos26.1 -in-process-plugin-server-path /Applications/Xcode.app/Contents/Developer/Toolchains/XcodeDefault.xctoolchain/usr/lib/swift/host/libSwiftInProcPluginServer.dylib -o /Users/rogerlin/Library/Developer/Xcode/DerivedData/FinancialCalculatorKit-ackorybalcxbfocbkqsfdzcfkgmn/Build/Intermediates.noindex/swift-parsing.build/Debug/Parsing.build/Objects-normal/arm64/Map.o -o /Users/rogerlin/Library/Developer/Xcode/DerivedData/FinancialCalculatorKit-ackorybalcxbfocbkqsfdzcfkgmn/Build/Intermediates.noindex/swift-parsing.build/Debug/Parsing.build/Objects-normal/arm64/Newline.o -o /Users/rogerlin/Library/Developer/Xcode/DerivedData/FinancialCalculatorKit-ackorybalcxbfocbkqsfdzcfkgmn/Build/Intermediates.noindex/swift-parsing.build/Debug/Parsing.build/Objects-normal/arm64/Not.o -o /Users/rogerlin/Library/Developer/Xcode/DerivedData/FinancialCalculatorKit-ackorybalcxbfocbkqsfdzcfkgmn/Build/Intermediates.noindex/swift-parsing.build/Debug/Parsing.build/Objects-normal/arm64/OneOf.o -o /Users/rogerlin/Library/Developer/Xcode/DerivedData/FinancialCalculatorKit-ackorybalcxbfocbkqsfdzcfkgmn/Build/Intermediates.noindex/swift-parsing.build/Debug/Parsing.build/Objects-normal/arm64/OneOfMany.o -index-unit-output-path /swift-parsing.build/Debug/Parsing.build/Objects-normal/arm64/Map.o -index-unit-output-path /swift-parsing.build/Debug/Parsing.build/Objects-normal/arm64/Newline.o -index-unit-output-path /swift-parsing.build/Debug/Parsing.build/Objects-normal/arm64/Not.o -index-unit-output-path /swift-parsing.build/Debug/Parsing.build/Objects-normal/arm64/OneOf.o -index-unit-output-path /swift-parsing.build/Debug/Parsing.build/Objects-normal/arm64/OneOfMany.o -index-store-path /Users/rogerlin/Library/Developer/Xcode/DerivedData/FinancialCalculatorKit-ackorybalcxbfocbkqsfdzcfkgmn/Index.noindex/DataStore -index-system-modules

SwiftCompile normal arm64 /Users/rogerlin/Library/Developer/Xcode/DerivedData/FinancialCalculatorKit-ackorybalcxbfocbkqsfdzcfkgmn/SourcePackages/checkouts/swift-parsing/Sources/Parsing/ParserPrinters/Map.swift (in target 'Parsing' from project 'swift-parsing')
    cd /Users/rogerlin/XCode-Projects/FinancialCalculatorKit-5.0-updated-accent-colors/FinancialCalculatorKit.xcodeproj
    

SwiftCompile normal arm64 /Users/rogerlin/Library/Developer/Xcode/DerivedData/FinancialCalculatorKit-ackorybalcxbfocbkqsfdzcfkgmn/SourcePackages/checkouts/swift-parsing/Sources/Parsing/ParserPrinters/Newline.swift (in target 'Parsing' from project 'swift-parsing')
    cd /Users/rogerlin/XCode-Projects/FinancialCalculatorKit-5.0-updated-accent-colors/FinancialCalculatorKit.xcodeproj
    

SwiftCompile normal arm64 /Users/rogerlin/Library/Developer/Xcode/DerivedData/FinancialCalculatorKit-ackorybalcxbfocbkqsfdzcfkgmn/SourcePackages/checkouts/swift-parsing/Sources/Parsing/ParserPrinters/Not.swift (in target 'Parsing' from project 'swift-parsing')
    cd /Users/rogerlin/XCode-Projects/FinancialCalculatorKit-5.0-updated-accent-colors/FinancialCalculatorKit.xcodeproj
    

SwiftCompile normal arm64 /Users/rogerlin/Library/Developer/Xcode/DerivedData/FinancialCalculatorKit-ackorybalcxbfocbkqsfdzcfkgmn/SourcePackages/checkouts/swift-parsing/Sources/Parsing/ParserPrinters/OneOf.swift (in target 'Parsing' from project 'swift-parsing')
    cd /Users/rogerlin/XCode-Projects/FinancialCalculatorKit-5.0-updated-accent-colors/FinancialCalculatorKit.xcodeproj
    

SwiftCompile normal arm64 /Users/rogerlin/Library/Developer/Xcode/DerivedData/FinancialCalculatorKit-ackorybalcxbfocbkqsfdzcfkgmn/SourcePackages/checkouts/swift-parsing/Sources/Parsing/ParserPrinters/OneOfMany.swift (in target 'Parsing' from project 'swift-parsing')
    cd /Users/rogerlin/XCode-Projects/FinancialCalculatorKit-5.0-updated-accent-colors/FinancialCalculatorKit.xcodeproj
    

SwiftDriverJobDiscovery normal arm64 Compiling AnyParser.swift, CompactMap.swift, FlatMap.swift, Parsers.swift (in target 'Parsing' from project 'swift-parsing')

SwiftDriverJobDiscovery normal arm64 Compiling Identity.swift, JSON.swift, LosslessStringConvertible.swift, Memberwise.swift, ParseableFormatStyleConversion.swift (in target 'Parsing' from project 'swift-parsing')

SwiftDriverJobDiscovery normal arm64 Compiling RawRepresentable.swift, String.swift, Substring.swift, UTF8View.swift, ConvertingError.swift (in target 'Parsing' from project 'swift-parsing')

SwiftDriverJobDiscovery normal arm64 Compiling ParserPrinter.swift, Always.swift, AnyParserPrinter.swift, Backtracking.swift, Bool.swift (in target 'Parsing' from project 'swift-parsing')

SwiftDriverJobDiscovery normal arm64 Compiling ConversionMap.swift, Conversions.swift, Data.swift, Enum.swift, FixedWidthInteger.swift (in target 'Parsing' from project 'swift-parsing')

SwiftDriverJobDiscovery normal arm64 Compiling Printing.swift, Pullback.swift, ReplaceError.swift, Rest.swift (in target 'Parsing' from project 'swift-parsing')

SwiftDriverJobDiscovery normal arm64 Compiling Optional.swift, Optionally.swift, Parse.swift, ParseableFormatStyle.swift, Peek.swift (in target 'Parsing' from project 'swift-parsing')

SwiftDriverJobDiscovery normal arm64 Compiling OneOfBuilder.swift, ParserBuilder.swift, Conversion.swift, AnyConversion.swift, BinaryFloatingPoint.swift (in target 'Parsing' from project 'swift-parsing')

SwiftDriverJobDiscovery normal arm64 Compiling Pipe.swift, Prefix.swift, PrefixThrough.swift, PrefixUpTo.swift (in target 'Parsing' from project 'swift-parsing')

SwiftDriverJobDiscovery normal arm64 Compiling End.swift, Fail.swift, Filter.swift, First.swift, Float.swift (in target 'Parsing' from project 'swift-parsing')

SwiftDriverJobDiscovery normal arm64 Compiling CountingRange.swift, EmptyInitializable.swift, AnyEquatable.swift, Deprecations.swift, Parser.swift (in target 'Parsing' from project 'swift-parsing')

SwiftDriverJobDiscovery normal arm64 Compiling Map.swift, Newline.swift, Not.swift, OneOf.swift, OneOfMany.swift (in target 'Parsing' from project 'swift-parsing')

SwiftDriverJobDiscovery normal arm64 Compiling Skip.swift, StartsWith.swift, UUID.swift, Whitespace.swift (in target 'Parsing' from project 'swift-parsing')

SwiftDriverJobDiscovery normal arm64 Compiling CaseIterableRawRepresentable.swift, CharacterSet.swift, Conditional.swift, Consumed.swift, Digits.swift (in target 'Parsing' from project 'swift-parsing')

SwiftDriverJobDiscovery normal arm64 Compiling From.swift, Int.swift, Lazy.swift, Literal.swift, Many.swift (in target 'Parsing' from project 'swift-parsing')

SwiftDriverJobDiscovery normal arm64 Compiling Stream.swift, ParsingError.swift, PrependableCollection.swift, PrintingError.swift (in target 'Parsing' from project 'swift-parsing')

SwiftDriverJobDiscovery normal arm64 Emitting module for Parsing (in target 'Parsing' from project 'swift-parsing')

SwiftDriver\ Compilation\ Requirements Parsing normal arm64 com.apple.xcode.tools.swift.compiler (in target 'Parsing' from project 'swift-parsing')
    cd /Users/rogerlin/XCode-Projects/FinancialCalculatorKit-5.0-updated-accent-colors/FinancialCalculatorKit.xcodeproj
    builtin-Swift-Compilation-Requirements -- /Applications/Xcode.app/Contents/Developer/Toolchains/XcodeDefault.xctoolchain/usr/bin/swiftc -module-name Parsing -Onone -enforce-exclusivity\=checked @/Users/rogerlin/Library/Developer/Xcode/DerivedData/FinancialCalculatorKit-ackorybalcxbfocbkqsfdzcfkgmn/Build/Intermediates.noindex/swift-parsing.build/Debug/Parsing.build/Objects-normal/arm64/Parsing.SwiftFileList -DSWIFT_PACKAGE -DDEBUG -DSWIFT_MODULE_RESOURCE_BUNDLE_UNAVAILABLE -DXcode -plugin-path /Applications/Xcode.app/Contents/Developer/Toolchains/XcodeDefault.xctoolchain/usr/lib/swift/host/plugins/testing -enable-experimental-feature DebugDescriptionMacro -sdk /Applications/Xcode.app/Contents/Developer/Platforms/MacOSX.platform/Developer/SDKs/MacOSX26.1.sdk -target arm64-apple-macos10.15 -g -module-cache-path /Users/rogerlin/Library/Developer/Xcode/DerivedData/ModuleCache.noindex -Xfrontend -serialize-debugging-options -profile-coverage-mapping -profile-generate -enable-testing -suppress-warnings -index-store-path /Users/rogerlin/Library/Developer/Xcode/DerivedData/FinancialCalculatorKit-ackorybalcxbfocbkqsfdzcfkgmn/Index.noindex/DataStore -Xcc -D_LIBCPP_HARDENING_MODE\=_LIBCPP_HARDENING_MODE_DEBUG -swift-version 5 -I /Users/rogerlin/Library/Developer/Xcode/DerivedData/FinancialCalculatorKit-ackorybalcxbfocbkqsfdzcfkgmn/Build/Products/Debug -Isystem /Applications/Xcode.app/Contents/Developer/Platforms/MacOSX.platform/Developer/usr/lib -F /Users/rogerlin/Library/Developer/Xcode/DerivedData/FinancialCalculatorKit-ackorybalcxbfocbkqsfdzcfkgmn/Build/Products/Debug/PackageFrameworks -F /Users/rogerlin/Library/Developer/Xcode/DerivedData/FinancialCalculatorKit-ackorybalcxbfocbkqsfdzcfkgmn/Build/Products/Debug/PackageFrameworks -F /Users/rogerlin/Library/Developer/Xcode/DerivedData/FinancialCalculatorKit-ackorybalcxbfocbkqsfdzcfkgmn/Build/Products/Debug/PackageFrameworks -F /Users/rogerlin/Library/Developer/Xcode/DerivedData/FinancialCalculatorKit-ackorybalcxbfocbkqsfdzcfkgmn/Build/Products/Debug/PackageFrameworks -F /Users/rogerlin/Library/Developer/Xcode/DerivedData/FinancialCalculatorKit-ackorybalcxbfocbkqsfdzcfkgmn/Build/Products/Debug -F /Applications/Xcode.app/Contents/Developer/Platforms/MacOSX.platform/Developer/Library/Frameworks -Xfrontend -load-plugin-executable -Xfrontend /Users/rogerlin/Library/Developer/Xcode/DerivedData/FinancialCalculatorKit-ackorybalcxbfocbkqsfdzcfkgmn/Build/Products/Debug/CasePathsMacros\#CasePathsMacros -c -j16 -enable-batch-mode -incremental -Xcc -ivfsstatcache -Xcc /Users/rogerlin/Library/Developer/Xcode/DerivedData/SDKStatCaches.noindex/macosx26.1-25B74-3ae1261907bdadc328169391a47051a6.sdkstatcache -output-file-map /Users/rogerlin/Library/Developer/Xcode/DerivedData/FinancialCalculatorKit-ackorybalcxbfocbkqsfdzcfkgmn/Build/Intermediates.noindex/swift-parsing.build/Debug/Parsing.build/Objects-normal/arm64/Parsing-OutputFileMap.json -use-frontend-parseable-output -save-temps -no-color-diagnostics -explicit-module-build -module-cache-path /Users/rogerlin/Library/Developer/Xcode/DerivedData/FinancialCalculatorKit-ackorybalcxbfocbkqsfdzcfkgmn/Build/Intermediates.noindex/SwiftExplicitPrecompiledModules -clang-scanner-module-cache-path /Users/rogerlin/Library/Developer/Xcode/DerivedData/ModuleCache.noindex -sdk-module-cache-path /Users/rogerlin/Library/Developer/Xcode/DerivedData/ModuleCache.noindex -serialize-diagnostics -emit-dependencies -emit-module -emit-module-path /Users/rogerlin/Library/Developer/Xcode/DerivedData/FinancialCalculatorKit-ackorybalcxbfocbkqsfdzcfkgmn/Build/Intermediates.noindex/swift-parsing.build/Debug/Parsing.build/Objects-normal/arm64/Parsing.swiftmodule -validate-clang-modules-once -clang-build-session-file /Users/rogerlin/Library/Developer/Xcode/DerivedData/ModuleCache.noindex/Session.modulevalidation -package-name swift_parsing -Xcc -I/Users/rogerlin/Library/Developer/Xcode/DerivedData/FinancialCalculatorKit-ackorybalcxbfocbkqsfdzcfkgmn/Build/Intermediates.noindex/swift-parsing.build/Debug/Parsing.build/swift-overrides.hmap -emit-const-values -Xfrontend -const-gather-protocols-file -Xfrontend /Users/rogerlin/Library/Developer/Xcode/DerivedData/FinancialCalculatorKit-ackorybalcxbfocbkqsfdzcfkgmn/Build/Intermediates.noindex/swift-parsing.build/Debug/Parsing.build/Objects-normal/arm64/Parsing_const_extract_protocols.json -Xcc -I/Users/rogerlin/Library/Developer/Xcode/DerivedData/FinancialCalculatorKit-ackorybalcxbfocbkqsfdzcfkgmn/Build/Products/Debug/include -Xcc -I/Users/rogerlin/Library/Developer/Xcode/DerivedData/FinancialCalculatorKit-ackorybalcxbfocbkqsfdzcfkgmn/Build/Intermediates.noindex/swift-parsing.build/Debug/Parsing.build/DerivedSources-normal/arm64 -Xcc -I/Users/rogerlin/Library/Developer/Xcode/DerivedData/FinancialCalculatorKit-ackorybalcxbfocbkqsfdzcfkgmn/Build/Intermediates.noindex/swift-parsing.build/Debug/Parsing.build/DerivedSources/arm64 -Xcc -I/Users/rogerlin/Library/Developer/Xcode/DerivedData/FinancialCalculatorKit-ackorybalcxbfocbkqsfdzcfkgmn/Build/Intermediates.noindex/swift-parsing.build/Debug/Parsing.build/DerivedSources -Xcc -DSWIFT_PACKAGE -Xcc -DDEBUG\=1 -emit-objc-header -emit-objc-header-path /Users/rogerlin/Library/Developer/Xcode/DerivedData/FinancialCalculatorKit-ackorybalcxbfocbkqsfdzcfkgmn/Build/Intermediates.noindex/swift-parsing.build/Debug/Parsing.build/Objects-normal/arm64/Parsing-Swift.h -working-directory /Users/rogerlin/XCode-Projects/FinancialCalculatorKit-5.0-updated-accent-colors/FinancialCalculatorKit.xcodeproj -experimental-emit-module-separately -disable-cmo

    Task input dependencies:
        /Users/rogerlin/Library/Developer/Xcode/DerivedData/FinancialCalculatorKit-ackorybalcxbfocbkqsfdzcfkgmn/SourcePackages/checkouts/swift-parsing/Sources/Parsing/Builders/OneOfBuilder.swift
        /Users/rogerlin/Library/Developer/Xcode/DerivedData/FinancialCalculatorKit-ackorybalcxbfocbkqsfdzcfkgmn/SourcePackages/checkouts/swift-parsing/Sources/Parsing/Builders/ParserBuilder.swift
        /Users/rogerlin/Library/Developer/Xcode/DerivedData/FinancialCalculatorKit-ackorybalcxbfocbkqsfdzcfkgmn/SourcePackages/checkouts/swift-parsing/Sources/Parsing/Conversion.swift
        /Users/rogerlin/Library/Developer/Xcode/DerivedData/FinancialCalculatorKit-ackorybalcxbfocbkqsfdzcfkgmn/SourcePackages/checkouts/swift-parsing/Sources/Parsing/Conversions/AnyConversion.swift
        /Users/rogerlin/Library/Developer/Xcode/DerivedData/FinancialCalculatorKit-ackorybalcxbfocbkqsfdzcfkgmn/SourcePackages/checkouts/swift-parsing/Sources/Parsing/Conversions/BinaryFloatingPoint.swift
        /Users/rogerlin/Library/Developer/Xcode/DerivedData/FinancialCalculatorKit-ackorybalcxbfocbkqsfdzcfkgmn/SourcePackages/checkouts/swift-parsing/Sources/Parsing/Conversions/ConversionMap.swift
        /Users/rogerlin/Library/Developer/Xcode/DerivedData/FinancialCalculatorKit-ackorybalcxbfocbkqsfdzcfkgmn/SourcePackages/checkouts/swift-parsing/Sources/Parsing/Conversions/Conversions.swift
        /Users/rogerlin/Library/Developer/Xcode/DerivedData/FinancialCalculatorKit-ackorybalcxbfocbkqsfdzcfkgmn/SourcePackages/checkouts/swift-parsing/Sources/Parsing/Conversions/Data.swift
        /Users/rogerlin/Library/Developer/Xcode/DerivedData/FinancialCalculatorKit-ackorybalcxbfocbkqsfdzcfkgmn/SourcePackages/checkouts/swift-parsing/Sources/Parsing/Conversions/Enum.swift
        /Users/rogerlin/Library/Developer/Xcode/DerivedData/FinancialCalculatorKit-ackorybalcxbfocbkqsfdzcfkgmn/SourcePackages/checkouts/swift-parsing/Sources/Parsing/Conversions/FixedWidthInteger.swift
        /Users/rogerlin/Library/Developer/Xcode/DerivedData/FinancialCalculatorKit-ackorybalcxbfocbkqsfdzcfkgmn/SourcePackages/checkouts/swift-parsing/Sources/Parsing/Conversions/Identity.swift
        /Users/rogerlin/Library/Developer/Xcode/DerivedData/FinancialCalculatorKit-ackorybalcxbfocbkqsfdzcfkgmn/SourcePackages/checkouts/swift-parsing/Sources/Parsing/Conversions/JSON.swift
        /Users/rogerlin/Library/Developer/Xcode/DerivedData/FinancialCalculatorKit-ackorybalcxbfocbkqsfdzcfkgmn/SourcePackages/checkouts/swift-parsing/Sources/Parsing/Conversions/LosslessStringConvertible.swift
        /Users/rogerlin/Library/Developer/Xcode/DerivedData/FinancialCalculatorKit-ackorybalcxbfocbkqsfdzcfkgmn/SourcePackages/checkouts/swift-parsing/Sources/Parsing/Conversions/Memberwise.swift
        /Users/rogerlin/Library/Developer/Xcode/DerivedData/FinancialCalculatorKit-ackorybalcxbfocbkqsfdzcfkgmn/SourcePackages/checkouts/swift-parsing/Sources/Parsing/Conversions/ParseableFormatStyleConversion.swift
        /Users/rogerlin/Library/Developer/Xcode/DerivedData/FinancialCalculatorKit-ackorybalcxbfocbkqsfdzcfkgmn/SourcePackages/checkouts/swift-parsing/Sources/Parsing/Conversions/RawRepresentable.swift
        /Users/rogerlin/Library/Developer/Xcode/DerivedData/FinancialCalculatorKit-ackorybalcxbfocbkqsfdzcfkgmn/SourcePackages/checkouts/swift-parsing/Sources/Parsing/Conversions/String.swift
        /Users/rogerlin/Library/Developer/Xcode/DerivedData/FinancialCalculatorKit-ackorybalcxbfocbkqsfdzcfkgmn/SourcePackages/checkouts/swift-parsing/Sources/Parsing/Conversions/Substring.swift
        /Users/rogerlin/Library/Developer/Xcode/DerivedData/FinancialCalculatorKit-ackorybalcxbfocbkqsfdzcfkgmn/SourcePackages/checkouts/swift-parsing/Sources/Parsing/Conversions/UTF8View.swift
        /Users/rogerlin/Library/Developer/Xcode/DerivedData/FinancialCalculatorKit-ackorybalcxbfocbkqsfdzcfkgmn/SourcePackages/checkouts/swift-parsing/Sources/Parsing/ConvertingError.swift
        /Users/rogerlin/Library/Developer/Xcode/DerivedData/FinancialCalculatorKit-ackorybalcxbfocbkqsfdzcfkgmn/SourcePackages/checkouts/swift-parsing/Sources/Parsing/CountingRange.swift
        /Users/rogerlin/Library/Developer/Xcode/DerivedData/FinancialCalculatorKit-ackorybalcxbfocbkqsfdzcfkgmn/SourcePackages/checkouts/swift-parsing/Sources/Parsing/EmptyInitializable.swift
        /Users/rogerlin/Library/Developer/Xcode/DerivedData/FinancialCalculatorKit-ackorybalcxbfocbkqsfdzcfkgmn/SourcePackages/checkouts/swift-parsing/Sources/Parsing/Internal/AnyEquatable.swift
        /Users/rogerlin/Library/Developer/Xcode/DerivedData/FinancialCalculatorKit-ackorybalcxbfocbkqsfdzcfkgmn/SourcePackages/checkouts/swift-parsing/Sources/Parsing/Internal/Deprecations.swift
        /Users/rogerlin/Library/Developer/Xcode/DerivedData/FinancialCalculatorKit-ackorybalcxbfocbkqsfdzcfkgmn/SourcePackages/checkouts/swift-parsing/Sources/Parsing/Parser.swift
        /Users/rogerlin/Library/Developer/Xcode/DerivedData/FinancialCalculatorKit-ackorybalcxbfocbkqsfdzcfkgmn/SourcePackages/checkouts/swift-parsing/Sources/Parsing/ParserPrinter.swift
        /Users/rogerlin/Library/Developer/Xcode/DerivedData/FinancialCalculatorKit-ackorybalcxbfocbkqsfdzcfkgmn/SourcePackages/checkouts/swift-parsing/Sources/Parsing/ParserPrinters/Always.swift
        /Users/rogerlin/Library/Developer/Xcode/DerivedData/FinancialCalculatorKit-ackorybalcxbfocbkqsfdzcfkgmn/SourcePackages/checkouts/swift-parsing/Sources/Parsing/ParserPrinters/AnyParserPrinter.swift
        /Users/rogerlin/Library/Developer/Xcode/DerivedData/FinancialCalculatorKit-ackorybalcxbfocbkqsfdzcfkgmn/SourcePackages/checkouts/swift-parsing/Sources/Parsing/ParserPrinters/Backtracking.swift
        /Users/rogerlin/Library/Developer/Xcode/DerivedData/FinancialCalculatorKit-ackorybalcxbfocbkqsfdzcfkgmn/SourcePackages/checkouts/swift-parsing/Sources/Parsing/ParserPrinters/Bool.swift
        /Users/rogerlin/Library/Developer/Xcode/DerivedData/FinancialCalculatorKit-ackorybalcxbfocbkqsfdzcfkgmn/SourcePackages/checkouts/swift-parsing/Sources/Parsing/ParserPrinters/CaseIterableRawRepresentable.swift
        /Users/rogerlin/Library/Developer/Xcode/DerivedData/FinancialCalculatorKit-ackorybalcxbfocbkqsfdzcfkgmn/SourcePackages/checkouts/swift-parsing/Sources/Parsing/ParserPrinters/CharacterSet.swift
        /Users/rogerlin/Library/Developer/Xcode/DerivedData/FinancialCalculatorKit-ackorybalcxbfocbkqsfdzcfkgmn/SourcePackages/checkouts/swift-parsing/Sources/Parsing/ParserPrinters/Conditional.swift
        /Users/rogerlin/Library/Developer/Xcode/DerivedData/FinancialCalculatorKit-ackorybalcxbfocbkqsfdzcfkgmn/SourcePackages/checkouts/swift-parsing/Sources/Parsing/ParserPrinters/Consumed.swift
        /Users/rogerlin/Library/Developer/Xcode/DerivedData/FinancialCalculatorKit-ackorybalcxbfocbkqsfdzcfkgmn/SourcePackages/checkouts/swift-parsing/Sources/Parsing/ParserPrinters/Digits.swift
        /Users/rogerlin/Library/Developer/Xcode/DerivedData/FinancialCalculatorKit-ackorybalcxbfocbkqsfdzcfkgmn/SourcePackages/checkouts/swift-parsing/Sources/Parsing/ParserPrinters/End.swift
        /Users/rogerlin/Library/Developer/Xcode/DerivedData/FinancialCalculatorKit-ackorybalcxbfocbkqsfdzcfkgmn/SourcePackages/checkouts/swift-parsing/Sources/Parsing/ParserPrinters/Fail.swift
        /Users/rogerlin/Library/Developer/Xcode/DerivedData/FinancialCalculatorKit-ackorybalcxbfocbkqsfdzcfkgmn/SourcePackages/checkouts/swift-parsing/Sources/Parsing/ParserPrinters/Filter.swift
        /Users/rogerlin/Library/Developer/Xcode/DerivedData/FinancialCalculatorKit-ackorybalcxbfocbkqsfdzcfkgmn/SourcePackages/checkouts/swift-parsing/Sources/Parsing/ParserPrinters/First.swift
        /Users/rogerlin/Library/Developer/Xcode/DerivedData/FinancialCalculatorKit-ackorybalcxbfocbkqsfdzcfkgmn/SourcePackages/checkouts/swift-parsing/Sources/Parsing/ParserPrinters/Float.swift
        /Users/rogerlin/Library/Developer/Xcode/DerivedData/FinancialCalculatorKit-ackorybalcxbfocbkqsfdzcfkgmn/SourcePackages/checkouts/swift-parsing/Sources/Parsing/ParserPrinters/From.swift
        /Users/rogerlin/Library/Developer/Xcode/DerivedData/FinancialCalculatorKit-ackorybalcxbfocbkqsfdzcfkgmn/SourcePackages/checkouts/swift-parsing/Sources/Parsing/ParserPrinters/Int.swift
        /Users/rogerlin/Library/Developer/Xcode/DerivedData/FinancialCalculatorKit-ackorybalcxbfocbkqsfdzcfkgmn/SourcePackages/checkouts/swift-parsing/Sources/Parsing/ParserPrinters/Lazy.swift
        /Users/rogerlin/Library/Developer/Xcode/DerivedData/FinancialCalculatorKit-ackorybalcxbfocbkqsfdzcfkgmn/SourcePackages/checkouts/swift-parsing/Sources/Parsing/ParserPrinters/Literal.swift
        /Users/rogerlin/Library/Developer/Xcode/DerivedData/FinancialCalculatorKit-ackorybalcxbfocbkqsfdzcfkgmn/SourcePackages/checkouts/swift-parsing/Sources/Parsing/ParserPrinters/Many.swift
        /Users/rogerlin/Library/Developer/Xcode/DerivedData/FinancialCalculatorKit-ackorybalcxbfocbkqsfdzcfkgmn/SourcePackages/checkouts/swift-parsing/Sources/Parsing/ParserPrinters/Map.swift
        /Users/rogerlin/Library/Developer/Xcode/DerivedData/FinancialCalculatorKit-ackorybalcxbfocbkqsfdzcfkgmn/SourcePackages/checkouts/swift-parsing/Sources/Parsing/ParserPrinters/Newline.swift
        /Users/rogerlin/Library/Developer/Xcode/DerivedData/FinancialCalculatorKit-ackorybalcxbfocbkqsfdzcfkgmn/SourcePackages/checkouts/swift-parsing/Sources/Parsing/ParserPrinters/Not.swift
        /Users/rogerlin/Library/Developer/Xcode/DerivedData/FinancialCalculatorKit-ackorybalcxbfocbkqsfdzcfkgmn/SourcePackages/checkouts/swift-parsing/Sources/Parsing/ParserPrinters/OneOf.swift
        /Users/rogerlin/Library/Developer/Xcode/DerivedData/FinancialCalculatorKit-ackorybalcxbfocbkqsfdzcfkgmn/SourcePackages/checkouts/swift-parsing/Sources/Parsing/ParserPrinters/OneOfMany.swift
        /Users/rogerlin/Library/Developer/Xcode/DerivedData/FinancialCalculatorKit-ackorybalcxbfocbkqsfdzcfkgmn/SourcePackages/checkouts/swift-parsing/Sources/Parsing/ParserPrinters/Optional.swift
        /Users/rogerlin/Library/Developer/Xcode/DerivedData/FinancialCalculatorKit-ackorybalcxbfocbkqsfdzcfkgmn/SourcePackages/checkouts/swift-parsing/Sources/Parsing/ParserPrinters/Optionally.swift
        /Users/rogerlin/Library/Developer/Xcode/DerivedData/FinancialCalculatorKit-ackorybalcxbfocbkqsfdzcfkgmn/SourcePackages/checkouts/swift-parsing/Sources/Parsing/ParserPrinters/Parse.swift
        /Users/rogerlin/Library/Developer/Xcode/DerivedData/FinancialCalculatorKit-ackorybalcxbfocbkqsfdzcfkgmn/SourcePackages/checkouts/swift-parsing/Sources/Parsing/ParserPrinters/ParseableFormatStyle.swift
        /Users/rogerlin/Library/Developer/Xcode/DerivedData/FinancialCalculatorKit-ackorybalcxbfocbkqsfdzcfkgmn/SourcePackages/checkouts/swift-parsing/Sources/Parsing/ParserPrinters/Peek.swift
        /Users/rogerlin/Library/Developer/Xcode/DerivedData/FinancialCalculatorKit-ackorybalcxbfocbkqsfdzcfkgmn/SourcePackages/checkouts/swift-parsing/Sources/Parsing/ParserPrinters/Pipe.swift
        /Users/rogerlin/Library/Developer/Xcode/DerivedData/FinancialCalculatorKit-ackorybalcxbfocbkqsfdzcfkgmn/SourcePackages/checkouts/swift-parsing/Sources/Parsing/ParserPrinters/Prefix.swift
        /Users/rogerlin/Library/Developer/Xcode/DerivedData/FinancialCalculatorKit-ackorybalcxbfocbkqsfdzcfkgmn/SourcePackages/checkouts/swift-parsing/Sources/Parsing/ParserPrinters/PrefixThrough.swift
        /Users/rogerlin/Library/Developer/Xcode/DerivedData/FinancialCalculatorKit-ackorybalcxbfocbkqsfdzcfkgmn/SourcePackages/checkouts/swift-parsing/Sources/Parsing/ParserPrinters/PrefixUpTo.swift
        /Users/rogerlin/Library/Developer/Xcode/DerivedData/FinancialCalculatorKit-ackorybalcxbfocbkqsfdzcfkgmn/SourcePackages/checkouts/swift-parsing/Sources/Parsing/ParserPrinters/Printing.swift
        /Users/rogerlin/Library/Developer/Xcode/DerivedData/FinancialCalculatorKit-ackorybalcxbfocbkqsfdzcfkgmn/SourcePackages/checkouts/swift-parsing/Sources/Parsing/ParserPrinters/Pullback.swift
        /Users/rogerlin/Library/Developer/Xcode/DerivedData/FinancialCalculatorKit-ackorybalcxbfocbkqsfdzcfkgmn/SourcePackages/checkouts/swift-parsing/Sources/Parsing/ParserPrinters/ReplaceError.swift
        /Users/rogerlin/Library/Developer/Xcode/DerivedData/FinancialCalculatorKit-ackorybalcxbfocbkqsfdzcfkgmn/SourcePackages/checkouts/swift-parsing/Sources/Parsing/ParserPrinters/Rest.swift
        /Users/rogerlin/Library/Developer/Xcode/DerivedData/FinancialCalculatorKit-ackorybalcxbfocbkqsfdzcfkgmn/SourcePackages/checkouts/swift-parsing/Sources/Parsing/ParserPrinters/Skip.swift
        /Users/rogerlin/Library/Developer/Xcode/DerivedData/FinancialCalculatorKit-ackorybalcxbfocbkqsfdzcfkgmn/SourcePackages/checkouts/swift-parsing/Sources/Parsing/ParserPrinters/StartsWith.swift
        /Users/rogerlin/Library/Developer/Xcode/DerivedData/FinancialCalculatorKit-ackorybalcxbfocbkqsfdzcfkgmn/SourcePackages/checkouts/swift-parsing/Sources/Parsing/ParserPrinters/UUID.swift
        /Users/rogerlin/Library/Developer/Xcode/DerivedData/FinancialCalculatorKit-ackorybalcxbfocbkqsfdzcfkgmn/SourcePackages/checkouts/swift-parsing/Sources/Parsing/ParserPrinters/Whitespace.swift
        /Users/rogerlin/Library/Developer/Xcode/DerivedData/FinancialCalculatorKit-ackorybalcxbfocbkqsfdzcfkgmn/SourcePackages/checkouts/swift-parsing/Sources/Parsing/Parsers/AnyParser.swift
        /Users/rogerlin/Library/Developer/Xcode/DerivedData/FinancialCalculatorKit-ackorybalcxbfocbkqsfdzcfkgmn/SourcePackages/checkouts/swift-parsing/Sources/Parsing/Parsers/CompactMap.swift
        /Users/rogerlin/Library/Developer/Xcode/DerivedData/FinancialCalculatorKit-ackorybalcxbfocbkqsfdzcfkgmn/SourcePackages/checkouts/swift-parsing/Sources/Parsing/Parsers/FlatMap.swift
        /Users/rogerlin/Library/Developer/Xcode/DerivedData/FinancialCalculatorKit-ackorybalcxbfocbkqsfdzcfkgmn/SourcePackages/checkouts/swift-parsing/Sources/Parsing/Parsers/Parsers.swift
        /Users/rogerlin/Library/Developer/Xcode/DerivedData/FinancialCalculatorKit-ackorybalcxbfocbkqsfdzcfkgmn/SourcePackages/checkouts/swift-parsing/Sources/Parsing/Parsers/Stream.swift
        /Users/rogerlin/Library/Developer/Xcode/DerivedData/FinancialCalculatorKit-ackorybalcxbfocbkqsfdzcfkgmn/SourcePackages/checkouts/swift-parsing/Sources/Parsing/ParsingError.swift
        /Users/rogerlin/Library/Developer/Xcode/DerivedData/FinancialCalculatorKit-ackorybalcxbfocbkqsfdzcfkgmn/SourcePackages/checkouts/swift-parsing/Sources/Parsing/PrependableCollection.swift
        /Users/rogerlin/Library/Developer/Xcode/DerivedData/FinancialCalculatorKit-ackorybalcxbfocbkqsfdzcfkgmn/SourcePackages/checkouts/swift-parsing/Sources/Parsing/PrintingError.swift
        /Users/rogerlin/Library/Developer/Xcode/DerivedData/FinancialCalculatorKit-ackorybalcxbfocbkqsfdzcfkgmn/Build/Products/Debug/CasePathsMacros
        /Users/rogerlin/Library/Developer/Xcode/DerivedData/FinancialCalculatorKit-ackorybalcxbfocbkqsfdzcfkgmn/Build/Intermediates.noindex/swift-parsing.build/Debug/Parsing.build/Objects-normal/arm64/Parsing.SwiftFileList
        /Users/rogerlin/Library/Developer/Xcode/DerivedData/FinancialCalculatorKit-ackorybalcxbfocbkqsfdzcfkgmn/Build/Intermediates.noindex/swift-parsing.build/Debug/Parsing.build/Objects-normal/arm64/Parsing-OutputFileMap.json
        /Users/rogerlin/Library/Developer/Xcode/DerivedData/FinancialCalculatorKit-ackorybalcxbfocbkqsfdzcfkgmn/Build/Intermediates.noindex/swift-parsing.build/Debug/Parsing.build/Objects-normal/arm64/Parsing_const_extract_protocols.json
        /Users/rogerlin/Library/Developer/Xcode/DerivedData/FinancialCalculatorKit-ackorybalcxbfocbkqsfdzcfkgmn/Build/Intermediates.noindex/GeneratedModuleMaps/Parsing.modulemap
        /Users/rogerlin/Library/Developer/Xcode/DerivedData/FinancialCalculatorKit-ackorybalcxbfocbkqsfdzcfkgmn/SourcePackages/checkouts/swift-parsing/Sources/Parsing/Builders/OneOfBuilder.swift
        /Users/rogerlin/Library/Developer/Xcode/DerivedData/FinancialCalculatorKit-ackorybalcxbfocbkqsfdzcfkgmn/SourcePackages/checkouts/swift-parsing/Sources/Parsing/Builders/ParserBuilder.swift
        /Users/rogerlin/Library/Developer/Xcode/DerivedData/FinancialCalculatorKit-ackorybalcxbfocbkqsfdzcfkgmn/SourcePackages/checkouts/swift-parsing/Sources/Parsing/Conversion.swift
        /Users/rogerlin/Library/Developer/Xcode/DerivedData/FinancialCalculatorKit-ackorybalcxbfocbkqsfdzcfkgmn/SourcePackages/checkouts/swift-parsing/Sources/Parsing/Conversions/AnyConversion.swift
        /Users/rogerlin/Library/Developer/Xcode/DerivedData/FinancialCalculatorKit-ackorybalcxbfocbkqsfdzcfkgmn/SourcePackages/checkouts/swift-parsing/Sources/Parsing/Conversions/BinaryFloatingPoint.swift
        /Users/rogerlin/Library/Developer/Xcode/DerivedData/FinancialCalculatorKit-ackorybalcxbfocbkqsfdzcfkgmn/SourcePackages/checkouts/swift-parsing/Sources/Parsing/Conversions/ConversionMap.swift
        /Users/rogerlin/Library/Developer/Xcode/DerivedData/FinancialCalculatorKit-ackorybalcxbfocbkqsfdzcfkgmn/SourcePackages/checkouts/swift-parsing/Sources/Parsing/Conversions/Conversions.swift
        /Users/rogerlin/Library/Developer/Xcode/DerivedData/FinancialCalculatorKit-ackorybalcxbfocbkqsfdzcfkgmn/SourcePackages/checkouts/swift-parsing/Sources/Parsing/Conversions/Data.swift
        /Users/rogerlin/Library/Developer/Xcode/DerivedData/FinancialCalculatorKit-ackorybalcxbfocbkqsfdzcfkgmn/SourcePackages/checkouts/swift-parsing/Sources/Parsing/Conversions/Enum.swift
        /Users/rogerlin/Library/Developer/Xcode/DerivedData/FinancialCalculatorKit-ackorybalcxbfocbkqsfdzcfkgmn/SourcePackages/checkouts/swift-parsing/Sources/Parsing/Conversions/FixedWidthInteger.swift
        /Users/rogerlin/Library/Developer/Xcode/DerivedData/FinancialCalculatorKit-ackorybalcxbfocbkqsfdzcfkgmn/SourcePackages/checkouts/swift-parsing/Sources/Parsing/Conversions/Identity.swift
        /Users/rogerlin/Library/Developer/Xcode/DerivedData/FinancialCalculatorKit-ackorybalcxbfocbkqsfdzcfkgmn/SourcePackages/checkouts/swift-parsing/Sources/Parsing/Conversions/JSON.swift
        /Users/rogerlin/Library/Developer/Xcode/DerivedData/FinancialCalculatorKit-ackorybalcxbfocbkqsfdzcfkgmn/SourcePackages/checkouts/swift-parsing/Sources/Parsing/Conversions/LosslessStringConvertible.swift
        /Users/rogerlin/Library/Developer/Xcode/DerivedData/FinancialCalculatorKit-ackorybalcxbfocbkqsfdzcfkgmn/SourcePackages/checkouts/swift-parsing/Sources/Parsing/Conversions/Memberwise.swift
        /Users/rogerlin/Library/Developer/Xcode/DerivedData/FinancialCalculatorKit-ackorybalcxbfocbkqsfdzcfkgmn/SourcePackages/checkouts/swift-parsing/Sources/Parsing/Conversions/ParseableFormatStyleConversion.swift
        /Users/rogerlin/Library/Developer/Xcode/DerivedData/FinancialCalculatorKit-ackorybalcxbfocbkqsfdzcfkgmn/SourcePackages/checkouts/swift-parsing/Sources/Parsing/Conversions/RawRepresentable.swift
        /Users/rogerlin/Library/Developer/Xcode/DerivedData/FinancialCalculatorKit-ackorybalcxbfocbkqsfdzcfkgmn/SourcePackages/checkouts/swift-parsing/Sources/Parsing/Conversions/String.swift
        /Users/rogerlin/Library/Developer/Xcode/DerivedData/FinancialCalculatorKit-ackorybalcxbfocbkqsfdzcfkgmn/SourcePackages/checkouts/swift-parsing/Sources/Parsing/Conversions/Substring.swift
        /Users/rogerlin/Library/Developer/Xcode/DerivedData/FinancialCalculatorKit-ackorybalcxbfocbkqsfdzcfkgmn/SourcePackages/checkouts/swift-parsing/Sources/Parsing/Conversions/UTF8View.swift
        /Users/rogerlin/Library/Developer/Xcode/DerivedData/FinancialCalculatorKit-ackorybalcxbfocbkqsfdzcfkgmn/SourcePackages/checkouts/swift-parsing/Sources/Parsing/ConvertingError.swift
        /Users/rogerlin/Library/Developer/Xcode/DerivedData/FinancialCalculatorKit-ackorybalcxbfocbkqsfdzcfkgmn/SourcePackages/checkouts/swift-parsing/Sources/Parsing/CountingRange.swift
        /Users/rogerlin/Library/Developer/Xcode/DerivedData/FinancialCalculatorKit-ackorybalcxbfocbkqsfdzcfkgmn/SourcePackages/checkouts/swift-parsing/Sources/Parsing/EmptyInitializable.swift
        /Users/rogerlin/Library/Developer/Xcode/DerivedData/FinancialCalculatorKit-ackorybalcxbfocbkqsfdzcfkgmn/SourcePackages/checkouts/swift-parsing/Sources/Parsing/Internal/AnyEquatable.swift
        /Users/rogerlin/Library/Developer/Xcode/DerivedData/FinancialCalculatorKit-ackorybalcxbfocbkqsfdzcfkgmn/SourcePackages/checkouts/swift-parsing/Sources/Parsing/Internal/Deprecations.swift
        /Users/rogerlin/Library/Developer/Xcode/DerivedData/FinancialCalculatorKit-ackorybalcxbfocbkqsfdzcfkgmn/SourcePackages/checkouts/swift-parsing/Sources/Parsing/Parser.swift
        /Users/rogerlin/Library/Developer/Xcode/DerivedData/FinancialCalculatorKit-ackorybalcxbfocbkqsfdzcfkgmn/SourcePackages/checkouts/swift-parsing/Sources/Parsing/ParserPrinter.swift
        /Users/rogerlin/Library/Developer/Xcode/DerivedData/FinancialCalculatorKit-ackorybalcxbfocbkqsfdzcfkgmn/SourcePackages/checkouts/swift-parsing/Sources/Parsing/ParserPrinters/Always.swift
        /Users/rogerlin/Library/Developer/Xcode/DerivedData/FinancialCalculatorKit-ackorybalcxbfocbkqsfdzcfkgmn/SourcePackages/checkouts/swift-parsing/Sources/Parsing/ParserPrinters/AnyParserPrinter.swift
        /Users/rogerlin/Library/Developer/Xcode/DerivedData/FinancialCalculatorKit-ackorybalcxbfocbkqsfdzcfkgmn/SourcePackages/checkouts/swift-parsing/Sources/Parsing/ParserPrinters/Backtracking.swift
        /Users/rogerlin/Library/Developer/Xcode/DerivedData/FinancialCalculatorKit-ackorybalcxbfocbkqsfdzcfkgmn/SourcePackages/checkouts/swift-parsing/Sources/Parsing/ParserPrinters/Bool.swift
        /Users/rogerlin/Library/Developer/Xcode/DerivedData/FinancialCalculatorKit-ackorybalcxbfocbkqsfdzcfkgmn/SourcePackages/checkouts/swift-parsing/Sources/Parsing/ParserPrinters/CaseIterableRawRepresentable.swift
        /Users/rogerlin/Library/Developer/Xcode/DerivedData/FinancialCalculatorKit-ackorybalcxbfocbkqsfdzcfkgmn/SourcePackages/checkouts/swift-parsing/Sources/Parsing/ParserPrinters/CharacterSet.swift
        /Users/rogerlin/Library/Developer/Xcode/DerivedData/FinancialCalculatorKit-ackorybalcxbfocbkqsfdzcfkgmn/SourcePackages/checkouts/swift-parsing/Sources/Parsing/ParserPrinters/Conditional.swift
        /Users/rogerlin/Library/Developer/Xcode/DerivedData/FinancialCalculatorKit-ackorybalcxbfocbkqsfdzcfkgmn/SourcePackages/checkouts/swift-parsing/Sources/Parsing/ParserPrinters/Consumed.swift
        /Users/rogerlin/Library/Developer/Xcode/DerivedData/FinancialCalculatorKit-ackorybalcxbfocbkqsfdzcfkgmn/SourcePackages/checkouts/swift-parsing/Sources/Parsing/ParserPrinters/Digits.swift
        /Users/rogerlin/Library/Developer/Xcode/DerivedData/FinancialCalculatorKit-ackorybalcxbfocbkqsfdzcfkgmn/SourcePackages/checkouts/swift-parsing/Sources/Parsing/ParserPrinters/End.swift
        /Users/rogerlin/Library/Developer/Xcode/DerivedData/FinancialCalculatorKit-ackorybalcxbfocbkqsfdzcfkgmn/SourcePackages/checkouts/swift-parsing/Sources/Parsing/ParserPrinters/Fail.swift
        /Users/rogerlin/Library/Developer/Xcode/DerivedData/FinancialCalculatorKit-ackorybalcxbfocbkqsfdzcfkgmn/SourcePackages/checkouts/swift-parsing/Sources/Parsing/ParserPrinters/Filter.swift
        /Users/rogerlin/Library/Developer/Xcode/DerivedData/FinancialCalculatorKit-ackorybalcxbfocbkqsfdzcfkgmn/SourcePackages/checkouts/swift-parsing/Sources/Parsing/ParserPrinters/First.swift
        /Users/rogerlin/Library/Developer/Xcode/DerivedData/FinancialCalculatorKit-ackorybalcxbfocbkqsfdzcfkgmn/SourcePackages/checkouts/swift-parsing/Sources/Parsing/ParserPrinters/Float.swift
        /Users/rogerlin/Library/Developer/Xcode/DerivedData/FinancialCalculatorKit-ackorybalcxbfocbkqsfdzcfkgmn/SourcePackages/checkouts/swift-parsing/Sources/Parsing/ParserPrinters/From.swift
        /Users/rogerlin/Library/Developer/Xcode/DerivedData/FinancialCalculatorKit-ackorybalcxbfocbkqsfdzcfkgmn/SourcePackages/checkouts/swift-parsing/Sources/Parsing/ParserPrinters/Int.swift
        /Users/rogerlin/Library/Developer/Xcode/DerivedData/FinancialCalculatorKit-ackorybalcxbfocbkqsfdzcfkgmn/SourcePackages/checkouts/swift-parsing/Sources/Parsing/ParserPrinters/Lazy.swift
        /Users/rogerlin/Library/Developer/Xcode/DerivedData/FinancialCalculatorKit-ackorybalcxbfocbkqsfdzcfkgmn/SourcePackages/checkouts/swift-parsing/Sources/Parsing/ParserPrinters/Literal.swift
        /Users/rogerlin/Library/Developer/Xcode/DerivedData/FinancialCalculatorKit-ackorybalcxbfocbkqsfdzcfkgmn/SourcePackages/checkouts/swift-parsing/Sources/Parsing/ParserPrinters/Many.swift
        /Users/rogerlin/Library/Developer/Xcode/DerivedData/FinancialCalculatorKit-ackorybalcxbfocbkqsfdzcfkgmn/SourcePackages/checkouts/swift-parsing/Sources/Parsing/ParserPrinters/Map.swift
        /Users/rogerlin/Library/Developer/Xcode/DerivedData/FinancialCalculatorKit-ackorybalcxbfocbkqsfdzcfkgmn/SourcePackages/checkouts/swift-parsing/Sources/Parsing/ParserPrinters/Newline.swift
        /Users/rogerlin/Library/Developer/Xcode/DerivedData/FinancialCalculatorKit-ackorybalcxbfocbkqsfdzcfkgmn/SourcePackages/checkouts/swift-parsing/Sources/Parsing/ParserPrinters/Not.swift
        /Users/rogerlin/Library/Developer/Xcode/DerivedData/FinancialCalculatorKit-ackorybalcxbfocbkqsfdzcfkgmn/SourcePackages/checkouts/swift-parsing/Sources/Parsing/ParserPrinters/OneOf.swift
        /Users/rogerlin/Library/Developer/Xcode/DerivedData/FinancialCalculatorKit-ackorybalcxbfocbkqsfdzcfkgmn/SourcePackages/checkouts/swift-parsing/Sources/Parsing/ParserPrinters/OneOfMany.swift
        /Users/rogerlin/Library/Developer/Xcode/DerivedData/FinancialCalculatorKit-ackorybalcxbfocbkqsfdzcfkgmn/SourcePackages/checkouts/swift-parsing/Sources/Parsing/ParserPrinters/Optional.swift
        /Users/rogerlin/Library/Developer/Xcode/DerivedData/FinancialCalculatorKit-ackorybalcxbfocbkqsfdzcfkgmn/SourcePackages/checkouts/swift-parsing/Sources/Parsing/ParserPrinters/Optionally.swift
        /Users/rogerlin/Library/Developer/Xcode/DerivedData/FinancialCalculatorKit-ackorybalcxbfocbkqsfdzcfkgmn/SourcePackages/checkouts/swift-parsing/Sources/Parsing/ParserPrinters/Parse.swift
        /Users/rogerlin/Library/Developer/Xcode/DerivedData/FinancialCalculatorKit-ackorybalcxbfocbkqsfdzcfkgmn/SourcePackages/checkouts/swift-parsing/Sources/Parsing/ParserPrinters/ParseableFormatStyle.swift
        /Users/rogerlin/Library/Developer/Xcode/DerivedData/FinancialCalculatorKit-ackorybalcxbfocbkqsfdzcfkgmn/SourcePackages/checkouts/swift-parsing/Sources/Parsing/ParserPrinters/Peek.swift
        /Users/rogerlin/Library/Developer/Xcode/DerivedData/FinancialCalculatorKit-ackorybalcxbfocbkqsfdzcfkgmn/SourcePackages/checkouts/swift-parsing/Sources/Parsing/ParserPrinters/Pipe.swift
        /Users/rogerlin/Library/Developer/Xcode/DerivedData/FinancialCalculatorKit-ackorybalcxbfocbkqsfdzcfkgmn/SourcePackages/checkouts/swift-parsing/Sources/Parsing/ParserPrinters/Prefix.swift
        /Users/rogerlin/Library/Developer/Xcode/DerivedData/FinancialCalculatorKit-ackorybalcxbfocbkqsfdzcfkgmn/SourcePackages/checkouts/swift-parsing/Sources/Parsing/ParserPrinters/PrefixThrough.swift
        /Users/rogerlin/Library/Developer/Xcode/DerivedData/FinancialCalculatorKit-ackorybalcxbfocbkqsfdzcfkgmn/SourcePackages/checkouts/swift-parsing/Sources/Parsing/ParserPrinters/PrefixUpTo.swift
        /Users/rogerlin/Library/Developer/Xcode/DerivedData/FinancialCalculatorKit-ackorybalcxbfocbkqsfdzcfkgmn/SourcePackages/checkouts/swift-parsing/Sources/Parsing/ParserPrinters/Printing.swift
        /Users/rogerlin/Library/Developer/Xcode/DerivedData/FinancialCalculatorKit-ackorybalcxbfocbkqsfdzcfkgmn/SourcePackages/checkouts/swift-parsing/Sources/Parsing/ParserPrinters/Pullback.swift
        /Users/rogerlin/Library/Developer/Xcode/DerivedData/FinancialCalculatorKit-ackorybalcxbfocbkqsfdzcfkgmn/SourcePackages/checkouts/swift-parsing/Sources/Parsing/ParserPrinters/ReplaceError.swift
        /Users/rogerlin/Library/Developer/Xcode/DerivedData/FinancialCalculatorKit-ackorybalcxbfocbkqsfdzcfkgmn/SourcePackages/checkouts/swift-parsing/Sources/Parsing/ParserPrinters/Rest.swift
        /Users/rogerlin/Library/Developer/Xcode/DerivedData/FinancialCalculatorKit-ackorybalcxbfocbkqsfdzcfkgmn/SourcePackages/checkouts/swift-parsing/Sources/Parsing/ParserPrinters/Skip.swift
        /Users/rogerlin/Library/Developer/Xcode/DerivedData/FinancialCalculatorKit-ackorybalcxbfocbkqsfdzcfkgmn/SourcePackages/checkouts/swift-parsing/Sources/Parsing/ParserPrinters/StartsWith.swift
        /Users/rogerlin/Library/Developer/Xcode/DerivedData/FinancialCalculatorKit-ackorybalcxbfocbkqsfdzcfkgmn/SourcePackages/checkouts/swift-parsing/Sources/Parsing/ParserPrinters/UUID.swift
        /Users/rogerlin/Library/Developer/Xcode/DerivedData/FinancialCalculatorKit-ackorybalcxbfocbkqsfdzcfkgmn/SourcePackages/checkouts/swift-parsing/Sources/Parsing/ParserPrinters/Whitespace.swift
        /Users/rogerlin/Library/Developer/Xcode/DerivedData/FinancialCalculatorKit-ackorybalcxbfocbkqsfdzcfkgmn/SourcePackages/checkouts/swift-parsing/Sources/Parsing/Parsers/AnyParser.swift
        /Users/rogerlin/Library/Developer/Xcode/DerivedData/FinancialCalculatorKit-ackorybalcxbfocbkqsfdzcfkgmn/SourcePackages/checkouts/swift-parsing/Sources/Parsing/Parsers/CompactMap.swift
        /Users/rogerlin/Library/Developer/Xcode/DerivedData/FinancialCalculatorKit-ackorybalcxbfocbkqsfdzcfkgmn/SourcePackages/checkouts/swift-parsing/Sources/Parsing/Parsers/FlatMap.swift
        /Users/rogerlin/Library/Developer/Xcode/DerivedData/FinancialCalculatorKit-ackorybalcxbfocbkqsfdzcfkgmn/SourcePackages/checkouts/swift-parsing/Sources/Parsing/Parsers/Parsers.swift
        /Users/rogerlin/Library/Developer/Xcode/DerivedData/FinancialCalculatorKit-ackorybalcxbfocbkqsfdzcfkgmn/SourcePackages/checkouts/swift-parsing/Sources/Parsing/Parsers/Stream.swift
        /Users/rogerlin/Library/Developer/Xcode/DerivedData/FinancialCalculatorKit-ackorybalcxbfocbkqsfdzcfkgmn/SourcePackages/checkouts/swift-parsing/Sources/Parsing/ParsingError.swift
        /Users/rogerlin/Library/Developer/Xcode/DerivedData/FinancialCalculatorKit-ackorybalcxbfocbkqsfdzcfkgmn/SourcePackages/checkouts/swift-parsing/Sources/Parsing/PrependableCollection.swift
        /Users/rogerlin/Library/Developer/Xcode/DerivedData/FinancialCalculatorKit-ackorybalcxbfocbkqsfdzcfkgmn/SourcePackages/checkouts/swift-parsing/Sources/Parsing/PrintingError.swift
        /Users/rogerlin/Library/Developer/Xcode/DerivedData/FinancialCalculatorKit-ackorybalcxbfocbkqsfdzcfkgmn/Build/Products/Debug/CasePathsMacros
        /Users/rogerlin/Library/Developer/Xcode/DerivedData/FinancialCalculatorKit-ackorybalcxbfocbkqsfdzcfkgmn/Build/Intermediates.noindex/swift-parsing.build/Debug/Parsing.build/Objects-normal/arm64/Parsing.SwiftFileList
        /Users/rogerlin/Library/Developer/Xcode/DerivedData/FinancialCalculatorKit-ackorybalcxbfocbkqsfdzcfkgmn/Build/Intermediates.noindex/swift-parsing.build/Debug/Parsing.build/Objects-normal/arm64/Parsing-OutputFileMap.json
        /Users/rogerlin/Library/Developer/Xcode/DerivedData/FinancialCalculatorKit-ackorybalcxbfocbkqsfdzcfkgmn/Build/Intermediates.noindex/swift-parsing.build/Debug/Parsing.build/Objects-normal/arm64/Parsing_const_extract_protocols.json
        /Users/rogerlin/Library/Developer/Xcode/DerivedData/FinancialCalculatorKit-ackorybalcxbfocbkqsfdzcfkgmn/Build/Intermediates.noindex/GeneratedModuleMaps/Parsing.modulemap
        <ClangStatCache /Users/rogerlin/Library/Developer/Xcode/DerivedData/SDKStatCaches.noindex/macosx26.1-25B74-3ae1261907bdadc328169391a47051a6.sdkstatcache>
        <target-Parsing-PACKAGE-TARGET:Parsing-SDKROOT:macosx:SDK_VARIANT:macos-copy-headers-completion>
        <target-Parsing-PACKAGE-TARGET:Parsing-SDKROOT:macosx:SDK_VARIANT:macos-ModuleVerifierTaskProducer>
        <target-Parsing-PACKAGE-TARGET:Parsing-SDKROOT:macosx:SDK_VARIANT:macos-begin-compiling>
        <WorkspaceHeaderMapVFSFilesWritten>

    Task output dependencies:
        /Users/rogerlin/Library/Developer/Xcode/DerivedData/FinancialCalculatorKit-ackorybalcxbfocbkqsfdzcfkgmn/Build/Intermediates.noindex/swift-parsing.build/Debug/Parsing.build/Objects-normal/arm64/Parsing Swift Compilation Requirements Finished
        /Users/rogerlin/Library/Developer/Xcode/DerivedData/FinancialCalculatorKit-ackorybalcxbfocbkqsfdzcfkgmn/Build/Intermediates.noindex/swift-parsing.build/Debug/Parsing.build/Objects-normal/arm64/Parsing.swiftmodule
        /Users/rogerlin/Library/Developer/Xcode/DerivedData/FinancialCalculatorKit-ackorybalcxbfocbkqsfdzcfkgmn/Build/Intermediates.noindex/swift-parsing.build/Debug/Parsing.build/Objects-normal/arm64/Parsing-linker-args.resp
        /Users/rogerlin/Library/Developer/Xcode/DerivedData/FinancialCalculatorKit-ackorybalcxbfocbkqsfdzcfkgmn/Build/Intermediates.noindex/swift-parsing.build/Debug/Parsing.build/Objects-normal/arm64/Parsing.swiftsourceinfo
        /Users/rogerlin/Library/Developer/Xcode/DerivedData/FinancialCalculatorKit-ackorybalcxbfocbkqsfdzcfkgmn/Build/Intermediates.noindex/swift-parsing.build/Debug/Parsing.build/Objects-normal/arm64/Parsing.abi.json
        /Users/rogerlin/Library/Developer/Xcode/DerivedData/FinancialCalculatorKit-ackorybalcxbfocbkqsfdzcfkgmn/Build/Intermediates.noindex/swift-parsing.build/Debug/Parsing.build/Objects-normal/arm64/Parsing-Swift.h
        /Users/rogerlin/Library/Developer/Xcode/DerivedData/FinancialCalculatorKit-ackorybalcxbfocbkqsfdzcfkgmn/Build/Intermediates.noindex/swift-parsing.build/Debug/Parsing.build/Objects-normal/arm64/Parsing.swiftdoc
Discovered dependency nodes:
/Applications/Xcode.app/Contents/Developer/Platforms/MacOSX.platform/Developer/SDKs/MacOSX26.1.sdk/System/Library/Frameworks/CFNetwork.framework/Modules/module.modulemap
/Applications/Xcode.app/Contents/Developer/Platforms/MacOSX.platform/Developer/SDKs/MacOSX26.1.sdk/System/Library/Frameworks/CFNetwork.framework/Headers/CFNetwork.h
/Applications/Xcode.app/Contents/Developer/Platforms/MacOSX.platform/Developer/SDKs/MacOSX26.1.sdk/System/Library/Frameworks/CoreFoundation.framework/Modules/module.modulemap
/Applications/Xcode.app/Contents/Developer/Platforms/MacOSX.platform/Developer/SDKs/MacOSX26.1.sdk/System/Library/Frameworks/CFNetwork.framework/Headers/CFNetworkDefs.h
/Applications/Xcode.app/Contents/Developer/Platforms/MacOSX.platform/Developer/SDKs/MacOSX26.1.sdk/usr/include/Darwin.modulemap
/Applications/Xcode.app/Contents/Developer/Platforms/MacOSX.platform/Developer/SDKs/MacOSX26.1.sdk/System/Library/Frameworks/CFNetwork.framework/Headers/CFNetworkErrors.h
/Applications/Xcode.app/Contents/Developer/Platforms/MacOSX.platform/Developer/SDKs/MacOSX26.1.sdk/System/Library/Frameworks/CFNetwork.framework/Headers/CFSocketStream.h
/Applications/Xcode.app/Contents/Developer/Platforms/MacOSX.platform/Developer/SDKs/MacOSX26.1.sdk/System/Library/Frameworks/CFNetwork.framework/Headers/CFHost.h
/Applications/Xcode.app/Contents/Developer/Platforms/MacOSX.platform/Developer/SDKs/MacOSX26.1.sdk/System/Library/Frameworks/CFNetwork.framework/Headers/CFNetServices.h
/Applications/Xcode.app/Contents/Developer/Platforms/MacOSX.platform/Developer/SDKs/MacOSX26.1.sdk/System/Library/Frameworks/CFNetwork.framework/Headers/CFFTPStream.h
/Applications/Xcode.app/Contents/Developer/Platforms/MacOSX.platform/Developer/SDKs/MacOSX26.1.sdk/System/Library/Frameworks/CFNetwork.framework/Headers/CFHTTPMessage.h
/Applications/Xcode.app/Contents/Developer/Platforms/MacOSX.platform/Developer/SDKs/MacOSX26.1.sdk/System/Library/Frameworks/CFNetwork.framework/Headers/CFHTTPStream.h
/Applications/Xcode.app/Contents/Developer/Platforms/MacOSX.platform/Developer/SDKs/MacOSX26.1.sdk/System/Library/Frameworks/CFNetwork.framework/Headers/CFHTTPAuthentication.h
/Applications/Xcode.app/Contents/Developer/Platforms/MacOSX.platform/Developer/SDKs/MacOSX26.1.sdk/System/Library/Frameworks/CFNetwork.framework/Headers/CFNetDiagnostics.h
/Applications/Xcode.app/Contents/Developer/Toolchains/XcodeDefault.xctoolchain/usr/lib/swift/clang/include/module.modulemap
/Applications/Xcode.app/Contents/Developer/Platforms/MacOSX.platform/Developer/SDKs/MacOSX26.1.sdk/System/Library/Frameworks/CFNetwork.framework/Headers/CFProxySupport.h
/Applications/Xcode.app/Contents/Developer/Platforms/MacOSX.platform/Developer/SDKs/MacOSX26.1.sdk/SDKSettings.json
/Users/rogerlin/Library/Developer/Xcode/DerivedData/FinancialCalculatorKit-ackorybalcxbfocbkqsfdzcfkgmn/Build/Products/Debug/CasePaths.swiftmodule/arm64-apple-macos.swiftmodule
/Users/rogerlin/Library/Developer/Xcode/DerivedData/FinancialCalculatorKit-ackorybalcxbfocbkqsfdzcfkgmn/Build/Products/Debug/CasePathsCore.swiftmodule/arm64-apple-macos.swiftmodule
/Applications/Xcode.app/Contents/Developer/Toolchains/XcodeDefault.xctoolchain/usr/lib/swift/macosx/prebuilt-modules/26.1/Combine.swiftmodule/arm64e-apple-macos.swiftmodule
/Applications/Xcode.app/Contents/Developer/Toolchains/XcodeDefault.xctoolchain/usr/lib/swift/macosx/prebuilt-modules/26.1/CoreFoundation.swiftmodule/arm64e-apple-macos.swiftmodule
/Applications/Xcode.app/Contents/Developer/Platforms/MacOSX.platform/Developer/SDKs/MacOSX26.1.sdk/System/Library/Frameworks/CoreFoundation.framework/Modules/module.modulemap
/Applications/Xcode.app/Contents/Developer/Platforms/MacOSX.platform/Developer/SDKs/MacOSX26.1.sdk/System/Library/Frameworks/CoreFoundation.framework/Headers/CoreFoundation.h
/Applications/Xcode.app/Contents/Developer/Platforms/MacOSX.platform/Developer/SDKs/MacOSX26.1.sdk/usr/include/dispatch.modulemap
/Applications/Xcode.app/Contents/Developer/Platforms/MacOSX.platform/Developer/SDKs/MacOSX26.1.sdk/usr/include/Darwin.modulemap
/Applications/Xcode.app/Contents/Developer/Platforms/MacOSX.platform/Developer/SDKs/MacOSX26.1.sdk/usr/include/Darwin_C.modulemap
/Applications/Xcode.app/Contents/Developer/Platforms/MacOSX.platform/Developer/SDKs/MacOSX26.1.sdk/usr/include/Darwin_POSIX.modulemap
/Applications/Xcode.app/Contents/Developer/Platforms/MacOSX.platform/Developer/SDKs/MacOSX26.1.sdk/usr/include/net.modulemap
/Applications/Xcode.app/Contents/Developer/Platforms/MacOSX.platform/Developer/SDKs/MacOSX26.1.sdk/usr/include/netinet.modulemap
/Applications/Xcode.app/Contents/Developer/Platforms/MacOSX.platform/Developer/SDKs/MacOSX26.1.sdk/usr/include/bank.modulemap
/Applications/Xcode.app/Contents/Developer/Platforms/MacOSX.platform/Developer/SDKs/MacOSX26.1.sdk/usr/include/Darwin_Mach.modulemap
/Applications/Xcode.app/Contents/Developer/Platforms/MacOSX.platform/Developer/SDKs/MacOSX26.1.sdk/usr/include/Darwin_Mach_machine.modulemap
/Applications/Xcode.app/Contents/Developer/Platforms/MacOSX.platform/Developer/SDKs/MacOSX26.1.sdk/usr/include/mach_debug.modulemap
/Applications/Xcode.app/Contents/Developer/Platforms/MacOSX.platform/Developer/SDKs/MacOSX26.1.sdk/usr/include/device.modulemap
/Applications/Xcode.app/Contents/Developer/Platforms/MacOSX.platform/Developer/SDKs/MacOSX26.1.sdk/usr/include/Darwin_machine.modulemap
/Applications/Xcode.app/Contents/Developer/Platforms/MacOSX.platform/Developer/SDKs/MacOSX26.1.sdk/usr/include/ncurses.modulemap
/Applications/Xcode.app/Contents/Developer/Platforms/MacOSX.platform/Developer/SDKs/MacOSX26.1.sdk/usr/include/netinet6.modulemap
/Applications/Xcode.app/Contents/Developer/Platforms/MacOSX.platform/Developer/SDKs/MacOSX26.1.sdk/usr/include/Darwin_sys.modulemap
/Applications/Xcode.app/Contents/Developer/Platforms/MacOSX.platform/Developer/SDKs/MacOSX26.1.sdk/usr/include/uuid.modulemap
/Applications/Xcode.app/Contents/Developer/Platforms/MacOSX.platform/Developer/SDKs/MacOSX26.1.sdk/usr/include/DarwinFoundation2.modulemap
/Applications/Xcode.app/Contents/Developer/Platforms/MacOSX.platform/Developer/SDKs/MacOSX26.1.sdk/usr/include/DarwinFoundation3.modulemap
/Applications/Xcode.app/Contents/Developer/Platforms/MacOSX.platform/Developer/SDKs/MacOSX26.1.sdk/usr/include/DarwinFoundation1.modulemap
/Applications/Xcode.app/Contents/Developer/Toolchains/XcodeDefault.xctoolchain/usr/lib/swift/clang/include/module.modulemap
/Applications/Xcode.app/Contents/Developer/Toolchains/XcodeDefault.xctoolchain/usr/lib/swift/clang/include/stdarg.h
/Applications/Xcode.app/Contents/Developer/Platforms/MacOSX.platform/Developer/SDKs/MacOSX26.1.sdk/usr/include/assert.h
/Applications/Xcode.app/Contents/Developer/Platforms/MacOSX.platform/Developer/SDKs/MacOSX26.1.sdk/usr/include/ctype.h
/Applications/Xcode.app/Contents/Developer/Toolchains/XcodeDefault.xctoolchain/usr/lib/swift/clang/include/stddef.h
/Applications/Xcode.app/Contents/Developer/Platforms/MacOSX.platform/Developer/SDKs/MacOSX26.1.sdk/usr/include/stdio.h
/Applications/Xcode.app/Contents/Developer/Platforms/MacOSX.platform/Developer/SDKs/MacOSX26.1.sdk/usr/include/stdlib.h
/Applications/Xcode.app/Contents/Developer/Platforms/MacOSX.platform/Developer/SDKs/MacOSX26.1.sdk/usr/include/string.h
/Applications/Xcode.app/Contents/Developer/Platforms/MacOSX.platform/Developer/SDKs/MacOSX26.1.sdk/usr/include/time.h
/Applications/Xcode.app/Contents/Developer/Platforms/MacOSX.platform/Developer/SDKs/MacOSX26.1.sdk/System/Library/Frameworks/CoreFoundation.framework/Headers/CFBase.h
/Applications/Xcode.app/Contents/Developer/Platforms/MacOSX.platform/Developer/SDKs/MacOSX26.1.sdk/System/Library/Frameworks/CoreFoundation.framework/Headers/CFAvailability.h
/Applications/Xcode.app/Contents/Developer/Platforms/MacOSX.platform/Developer/SDKs/MacOSX26.1.sdk/System/Library/Frameworks/CoreFoundation.framework/Headers/CFArray.h
/Applications/Xcode.app/Contents/Developer/Platforms/MacOSX.platform/Developer/SDKs/MacOSX26.1.sdk/System/Library/Frameworks/CoreFoundation.framework/Headers/CFBag.h
/Applications/Xcode.app/Contents/Developer/Platforms/MacOSX.platform/Developer/SDKs/MacOSX26.1.sdk/System/Library/Frameworks/CoreFoundation.framework/Headers/CFBinaryHeap.h
/Applications/Xcode.app/Contents/Developer/Platforms/MacOSX.platform/Developer/SDKs/MacOSX26.1.sdk/System/Library/Frameworks/CoreFoundation.framework/Headers/CFBitVector.h
/Applications/Xcode.app/Contents/Developer/Platforms/MacOSX.platform/Developer/SDKs/MacOSX26.1.sdk/System/Library/Frameworks/CoreFoundation.framework/Headers/CFByteOrder.h
/Applications/Xcode.app/Contents/Developer/Platforms/MacOSX.platform/Developer/SDKs/MacOSX26.1.sdk/System/Library/Frameworks/CoreFoundation.framework/Headers/CFCalendar.h
/Applications/Xcode.app/Contents/Developer/Platforms/MacOSX.platform/Developer/SDKs/MacOSX26.1.sdk/System/Library/Frameworks/CoreFoundation.framework/Headers/CFLocale.h
/Applications/Xcode.app/Contents/Developer/Platforms/MacOSX.platform/Developer/SDKs/MacOSX26.1.sdk/System/Library/Frameworks/CoreFoundation.framework/Headers/CFDictionary.h
/Applications/Xcode.app/Contents/Developer/Platforms/MacOSX.platform/Developer/SDKs/MacOSX26.1.sdk/System/Library/Frameworks/CoreFoundation.framework/Headers/CFNotificationCenter.h
/Applications/Xcode.app/Contents/Developer/Platforms/MacOSX.platform/Developer/SDKs/MacOSX26.1.sdk/System/Library/Frameworks/CoreFoundation.framework/Headers/CFDate.h
/Applications/Xcode.app/Contents/Developer/Platforms/MacOSX.platform/Developer/SDKs/MacOSX26.1.sdk/System/Library/Frameworks/CoreFoundation.framework/Headers/CFTimeZone.h
/Applications/Xcode.app/Contents/Developer/Platforms/MacOSX.platform/Developer/SDKs/MacOSX26.1.sdk/System/Library/Frameworks/CoreFoundation.framework/Headers/CFData.h
/Applications/Xcode.app/Contents/Developer/Platforms/MacOSX.platform/Developer/SDKs/MacOSX26.1.sdk/System/Library/Frameworks/CoreFoundation.framework/Headers/CFString.h
/Applications/Xcode.app/Contents/Developer/Platforms/MacOSX.platform/Developer/SDKs/MacOSX26.1.sdk/System/Library/Frameworks/CoreFoundation.framework/Headers/CFCharacterSet.h
/Applications/Xcode.app/Contents/Developer/Platforms/MacOSX.platform/Developer/SDKs/MacOSX26.1.sdk/System/Library/Frameworks/CoreFoundation.framework/Headers/CFError.h
/Applications/Xcode.app/Contents/Developer/Platforms/MacOSX.platform/Developer/SDKs/MacOSX26.1.sdk/System/Library/Frameworks/CoreFoundation.framework/Headers/CFCGTypes.h
/Applications/Xcode.app/Contents/Developer/Platforms/MacOSX.platform/Developer/SDKs/MacOSX26.1.sdk/System/Library/Frameworks/CoreFoundation.framework/Headers/CFDateFormatter.h
/Applications/Xcode.app/Contents/Developer/Platforms/MacOSX.platform/Developer/SDKs/MacOSX26.1.sdk/System/Library/Frameworks/CoreFoundation.framework/Headers/CFNumber.h
/Applications/Xcode.app/Contents/Developer/Platforms/MacOSX.platform/Developer/SDKs/MacOSX26.1.sdk/System/Library/Frameworks/CoreFoundation.framework/Headers/CFNumberFormatter.h
/Applications/Xcode.app/Contents/Developer/Platforms/MacOSX.platform/Developer/SDKs/MacOSX26.1.sdk/System/Library/Frameworks/CoreFoundation.framework/Headers/CFPreferences.h
/Applications/Xcode.app/Contents/Developer/Platforms/MacOSX.platform/Developer/SDKs/MacOSX26.1.sdk/System/Library/Frameworks/CoreFoundation.framework/Headers/CFPropertyList.h
/Applications/Xcode.app/Contents/Developer/Platforms/MacOSX.platform/Developer/SDKs/MacOSX26.1.sdk/System/Library/Frameworks/CoreFoundation.framework/Headers/CFStream.h
/Applications/Xcode.app/Contents/Developer/Platforms/MacOSX.platform/Developer/SDKs/MacOSX26.1.sdk/System/Library/Frameworks/CoreFoundation.framework/Headers/CFURL.h
/Applications/Xcode.app/Contents/Developer/Platforms/MacOSX.platform/Developer/SDKs/MacOSX26.1.sdk/System/Library/Frameworks/CoreFoundation.framework/Headers/CFRunLoop.h
/Applications/Xcode.app/Contents/Developer/Platforms/MacOSX.platform/Developer/SDKs/MacOSX26.1.sdk/System/Library/Frameworks/CoreFoundation.framework/Headers/CFSocket.h
/Applications/Xcode.app/Contents/Developer/Platforms/MacOSX.platform/Developer/SDKs/MacOSX26.1.sdk/System/Library/Frameworks/CoreFoundation.framework/Headers/CFSet.h
/Applications/Xcode.app/Contents/Developer/Platforms/MacOSX.platform/Developer/SDKs/MacOSX26.1.sdk/System/Library/Frameworks/CoreFoundation.framework/Headers/CFStringEncodingExt.h
/Applications/Xcode.app/Contents/Developer/Platforms/MacOSX.platform/Developer/SDKs/MacOSX26.1.sdk/System/Library/Frameworks/CoreFoundation.framework/Headers/CFTree.h
/Applications/Xcode.app/Contents/Developer/Platforms/MacOSX.platform/Developer/SDKs/MacOSX26.1.sdk/System/Library/Frameworks/CoreFoundation.framework/Headers/CFURLAccess.h
/Applications/Xcode.app/Contents/Developer/Platforms/MacOSX.platform/Developer/SDKs/MacOSX26.1.sdk/System/Library/Frameworks/CoreFoundation.framework/Headers/CFUUID.h
/Applications/Xcode.app/Contents/Developer/Platforms/MacOSX.platform/Developer/SDKs/MacOSX26.1.sdk/System/Library/Frameworks/CoreFoundation.framework/Headers/CFUtilities.h
/Applications/Xcode.app/Contents/Developer/Platforms/MacOSX.platform/Developer/SDKs/MacOSX26.1.sdk/System/Library/Frameworks/CoreFoundation.framework/Headers/CFBundle.h
/Applications/Xcode.app/Contents/Developer/Platforms/MacOSX.platform/Developer/SDKs/MacOSX26.1.sdk/System/Library/Frameworks/CoreFoundation.framework/Headers/CFMessagePort.h
/Applications/Xcode.app/Contents/Developer/Platforms/MacOSX.platform/Developer/SDKs/MacOSX26.1.sdk/System/Library/Frameworks/CoreFoundation.framework/Headers/CFPlugIn.h
/Applications/Xcode.app/Contents/Developer/Platforms/MacOSX.platform/Developer/SDKs/MacOSX26.1.sdk/System/Library/Frameworks/CoreFoundation.framework/Headers/CFMachPort.h
/Applications/Xcode.app/Contents/Developer/Platforms/MacOSX.platform/Developer/SDKs/MacOSX26.1.sdk/System/Library/Frameworks/CoreFoundation.framework/Headers/CFAttributedString.h
/Applications/Xcode.app/Contents/Developer/Platforms/MacOSX.platform/Developer/SDKs/MacOSX26.1.sdk/System/Library/Frameworks/CoreFoundation.framework/Headers/CFURLEnumerator.h
/Applications/Xcode.app/Contents/Developer/Platforms/MacOSX.platform/Developer/SDKs/MacOSX26.1.sdk/System/Library/Frameworks/CoreFoundation.framework/Headers/CFFileSecurity.h
/Applications/Xcode.app/Contents/Developer/Platforms/MacOSX.platform/Developer/SDKs/MacOSX26.1.sdk/System/Library/Frameworks/CoreFoundation.framework/Headers/CFStringTokenizer.h
/Applications/Xcode.app/Contents/Developer/Platforms/MacOSX.platform/Developer/SDKs/MacOSX26.1.sdk/System/Library/Frameworks/CoreFoundation.framework/Headers/CFFileDescriptor.h
/Applications/Xcode.app/Contents/Developer/Platforms/MacOSX.platform/Developer/SDKs/MacOSX26.1.sdk/System/Library/Frameworks/CoreFoundation.framework/Headers/CFUserNotification.h
/Applications/Xcode.app/Contents/Developer/Platforms/MacOSX.platform/Developer/SDKs/MacOSX26.1.sdk/System/Library/Frameworks/CoreFoundation.framework/Headers/CFXMLNode.h
/Applications/Xcode.app/Contents/Developer/Platforms/MacOSX.platform/Developer/SDKs/MacOSX26.1.sdk/System/Library/Frameworks/CoreFoundation.framework/Headers/CFXMLParser.h
/Applications/Xcode.app/Contents/Developer/Platforms/MacOSX.platform/Developer/SDKs/MacOSX26.1.sdk/System/Library/Frameworks/CoreFoundation.framework/Headers/CFPlugInCOM.h
/Applications/Xcode.app/Contents/Developer/Platforms/MacOSX.platform/Developer/SDKs/MacOSX26.1.sdk/SDKSettings.json
/Applications/Xcode.app/Contents/Developer/Platforms/MacOSX.platform/Developer/SDKs/MacOSX26.1.sdk/System/Library/Frameworks/CoreServices.framework/Modules/module.modulemap
/Applications/Xcode.app/Contents/Developer/Platforms/MacOSX.platform/Developer/SDKs/MacOSX26.1.sdk/System/Library/Frameworks/CoreServices.framework/Headers/CoreServices.h
/Applications/Xcode.app/Contents/Developer/Platforms/MacOSX.platform/Developer/SDKs/MacOSX26.1.sdk/System/Library/Frameworks/CoreFoundation.framework/Modules/module.modulemap
/Applications/Xcode.app/Contents/Developer/Platforms/MacOSX.platform/Developer/SDKs/MacOSX26.1.sdk/System/Library/Frameworks/CoreServices.framework/Frameworks/AE.framework/Headers/AE.h
/Applications/Xcode.app/Contents/Developer/Platforms/MacOSX.platform/Developer/SDKs/MacOSX26.1.sdk/System/Library/Frameworks/CoreServices.framework/Frameworks/CarbonCore.framework/Headers/CarbonCore.h
/Applications/Xcode.app/Contents/Developer/Platforms/MacOSX.platform/Developer/SDKs/MacOSX26.1.sdk/System/Library/Frameworks/CoreServices.framework/Frameworks/CarbonCore.framework/Headers/Finder.h
/Applications/Xcode.app/Contents/Developer/Platforms/MacOSX.platform/Developer/SDKs/MacOSX26.1.sdk/usr/include/dispatch.modulemap
/Applications/Xcode.app/Contents/Developer/Platforms/MacOSX.platform/Developer/SDKs/MacOSX26.1.sdk/usr/include/Darwin.modulemap
/Applications/Xcode.app/Contents/Developer/Platforms/MacOSX.platform/Developer/SDKs/MacOSX26.1.sdk/usr/include/DarwinFoundation2.modulemap
/Applications/Xcode.app/Contents/Developer/Platforms/MacOSX.platform/Developer/SDKs/MacOSX26.1.sdk/usr/include/DarwinFoundation1.modulemap
/Applications/Xcode.app/Contents/Developer/Platforms/MacOSX.platform/Developer/SDKs/MacOSX26.1.sdk/System/Library/Frameworks/CoreServices.framework/Frameworks/CarbonCore.framework/Headers/FixMath.h
/Applications/Xcode.app/Contents/Developer/Platforms/MacOSX.platform/Developer/SDKs/MacOSX26.1.sdk/System/Library/Frameworks/CoreServices.framework/Frameworks/CarbonCore.framework/Headers/Script.h
/Applications/Xcode.app/Contents/Developer/Platforms/MacOSX.platform/Developer/SDKs/MacOSX26.1.sdk/System/Library/Frameworks/CoreServices.framework/Frameworks/CarbonCore.framework/Headers/IntlResources.h
/Applications/Xcode.app/Contents/Developer/Platforms/MacOSX.platform/Developer/SDKs/MacOSX26.1.sdk/System/Library/Frameworks/CoreServices.framework/Frameworks/CarbonCore.framework/Headers/UTCUtils.h
/Applications/Xcode.app/Contents/Developer/Platforms/MacOSX.platform/Developer/SDKs/MacOSX26.1.sdk/System/Library/Frameworks/CoreServices.framework/Frameworks/CarbonCore.framework/Headers/MacErrors.h
/Applications/Xcode.app/Contents/Developer/Platforms/MacOSX.platform/Developer/SDKs/MacOSX26.1.sdk/System/Library/Frameworks/CoreServices.framework/Frameworks/CarbonCore.framework/Headers/TextCommon.h
/Applications/Xcode.app/Contents/Developer/Platforms/MacOSX.platform/Developer/SDKs/MacOSX26.1.sdk/System/Library/Frameworks/CoreServices.framework/Frameworks/CarbonCore.framework/Headers/Collections.h
/Applications/Xcode.app/Contents/Developer/Platforms/MacOSX.platform/Developer/SDKs/MacOSX26.1.sdk/System/Library/Frameworks/CoreServices.framework/Frameworks/CarbonCore.framework/Headers/MixedMode.h
/Applications/Xcode.app/Contents/Developer/Platforms/MacOSX.platform/Developer/SDKs/MacOSX26.1.sdk/System/Library/Frameworks/CoreServices.framework/Frameworks/CarbonCore.framework/Headers/Endian.h
/Applications/Xcode.app/Contents/Developer/Platforms/MacOSX.platform/Developer/SDKs/MacOSX26.1.sdk/System/Library/Frameworks/CoreServices.framework/Frameworks/CarbonCore.framework/Headers/Gestalt.h
/Applications/Xcode.app/Contents/Developer/Platforms/MacOSX.platform/Developer/SDKs/MacOSX26.1.sdk/System/Library/Frameworks/CoreServices.framework/Frameworks/CarbonCore.framework/Headers/MacMemory.h
/Applications/Xcode.app/Contents/Developer/Platforms/MacOSX.platform/Developer/SDKs/MacOSX26.1.sdk/System/Library/Frameworks/CoreServices.framework/Frameworks/CarbonCore.framework/Headers/Math64.h
/Applications/Xcode.app/Contents/Developer/Platforms/MacOSX.platform/Developer/SDKs/MacOSX26.1.sdk/System/Library/Frameworks/CoreServices.framework/Frameworks/CarbonCore.framework/Headers/BackupCore.h
/Applications/Xcode.app/Contents/Developer/Platforms/MacOSX.platform/Developer/SDKs/MacOSX26.1.sdk/System/Library/Frameworks/CoreServices.framework/Frameworks/CarbonCore.framework/Headers/DiskSpaceRecovery.h
/Applications/Xcode.app/Contents/Developer/Platforms/MacOSX.platform/Developer/SDKs/MacOSX26.1.sdk/System/Library/Frameworks/CoreServices.framework/Frameworks/CarbonCore.framework/Headers/Components.h
/Applications/Xcode.app/Contents/Developer/Platforms/MacOSX.platform/Developer/SDKs/MacOSX26.1.sdk/System/Library/Frameworks/CoreServices.framework/Frameworks/CarbonCore.framework/Headers/Files.h
/Applications/Xcode.app/Contents/Developer/Platforms/MacOSX.platform/Developer/SDKs/MacOSX26.1.sdk/System/Library/Frameworks/CoreServices.framework/Frameworks/CarbonCore.framework/Headers/OSUtils.h
/Applications/Xcode.app/Contents/Developer/Platforms/MacOSX.platform/Developer/SDKs/MacOSX26.1.sdk/System/Library/Frameworks/CoreServices.framework/Frameworks/CarbonCore.framework/Headers/DateTimeUtils.h
/Applications/Xcode.app/Contents/Developer/Platforms/MacOSX.platform/Developer/SDKs/MacOSX26.1.sdk/System/Library/Frameworks/DiskArbitration.framework/Modules/module.modulemap
/Applications/Xcode.app/Contents/Developer/Platforms/MacOSX.platform/Developer/SDKs/MacOSX26.1.sdk/System/Library/Frameworks/CoreServices.framework/Frameworks/CarbonCore.framework/Headers/Resources.h
/Applications/Xcode.app/Contents/Developer/Platforms/MacOSX.platform/Developer/SDKs/MacOSX26.1.sdk/System/Library/Frameworks/CoreServices.framework/Frameworks/CarbonCore.framework/Headers/CodeFragments.h
/Applications/Xcode.app/Contents/Developer/Platforms/MacOSX.platform/Developer/SDKs/MacOSX26.1.sdk/System/Library/Frameworks/CoreServices.framework/Frameworks/CarbonCore.framework/Headers/Multiprocessing.h
/Applications/Xcode.app/Contents/Developer/Platforms/MacOSX.platform/Developer/SDKs/MacOSX26.1.sdk/System/Library/Frameworks/CoreServices.framework/Frameworks/CarbonCore.framework/Headers/Aliases.h
/Applications/Xcode.app/Contents/Developer/Platforms/MacOSX.platform/Developer/SDKs/MacOSX26.1.sdk/System/Library/Frameworks/CoreServices.framework/Frameworks/CarbonCore.framework/Headers/MacLocales.h
/Applications/Xcode.app/Contents/Developer/Platforms/MacOSX.platform/Developer/SDKs/MacOSX26.1.sdk/System/Library/Frameworks/CoreServices.framework/Frameworks/CarbonCore.framework/Headers/Debugging.h
/Applications/Xcode.app/Contents/Developer/Platforms/MacOSX.platform/Developer/SDKs/MacOSX26.1.sdk/System/Library/Frameworks/CoreServices.framework/Frameworks/CarbonCore.framework/Headers/PLStringFuncs.h
/Applications/Xcode.app/Contents/Developer/Platforms/MacOSX.platform/Developer/SDKs/MacOSX26.1.sdk/System/Library/Frameworks/CoreServices.framework/Frameworks/CarbonCore.framework/Headers/DriverSynchronization.h
/Applications/Xcode.app/Contents/Developer/Platforms/MacOSX.platform/Developer/SDKs/MacOSX26.1.sdk/System/Library/Frameworks/CoreServices.framework/Frameworks/CarbonCore.framework/Headers/DriverServices.h
/Applications/Xcode.app/Contents/Developer/Platforms/MacOSX.platform/Developer/SDKs/MacOSX26.1.sdk/System/Library/Frameworks/CoreServices.framework/Frameworks/CarbonCore.framework/Headers/MachineExceptions.h
/Applications/Xcode.app/Contents/Developer/Platforms/MacOSX.platform/Developer/SDKs/MacOSX26.1.sdk/System/Library/Frameworks/CoreServices.framework/Frameworks/CarbonCore.framework/Headers/NumberFormatting.h
/Applications/Xcode.app/Contents/Developer/Platforms/MacOSX.platform/Developer/SDKs/MacOSX26.1.sdk/System/Library/Frameworks/CoreServices.framework/Frameworks/CarbonCore.framework/Headers/StringCompare.h
/Applications/Xcode.app/Contents/Developer/Platforms/MacOSX.platform/Developer/SDKs/MacOSX26.1.sdk/System/Library/Frameworks/CoreServices.framework/Frameworks/CarbonCore.framework/Headers/TextUtils.h
/Applications/Xcode.app/Contents/Developer/Platforms/MacOSX.platform/Developer/SDKs/MacOSX26.1.sdk/System/Library/Frameworks/CoreServices.framework/Frameworks/CarbonCore.framework/Headers/ToolUtils.h
/Applications/Xcode.app/Contents/Developer/Platforms/MacOSX.platform/Developer/SDKs/MacOSX26.1.sdk/System/Library/Frameworks/CoreServices.framework/Frameworks/CarbonCore.framework/Headers/UnicodeUtilities.h
/Applications/Xcode.app/Contents/Developer/Platforms/MacOSX.platform/Developer/SDKs/MacOSX26.1.sdk/System/Library/Frameworks/CoreServices.framework/Frameworks/CarbonCore.framework/Headers/fp.h
/Applications/Xcode.app/Contents/Developer/Platforms/MacOSX.platform/Developer/SDKs/MacOSX26.1.sdk/System/Library/Frameworks/CoreServices.framework/Frameworks/CarbonCore.framework/Headers/TextEncodingConverter.h
/Applications/Xcode.app/Contents/Developer/Platforms/MacOSX.platform/Developer/SDKs/MacOSX26.1.sdk/System/Library/Frameworks/CoreServices.framework/Frameworks/CarbonCore.framework/Headers/UnicodeConverter.h
/Applications/Xcode.app/Contents/Developer/Platforms/MacOSX.platform/Developer/SDKs/MacOSX26.1.sdk/System/Library/Frameworks/CoreServices.framework/Frameworks/CarbonCore.framework/Headers/Threads.h
/Applications/Xcode.app/Contents/Developer/Platforms/MacOSX.platform/Developer/SDKs/MacOSX26.1.sdk/System/Library/Frameworks/CoreServices.framework/Frameworks/CarbonCore.framework/Headers/Folders.h
/Applications/Xcode.app/Contents/Developer/Platforms/MacOSX.platform/Developer/SDKs/MacOSX26.1.sdk/System/Library/Frameworks/CoreServices.framework/Frameworks/CarbonCore.framework/Headers/Timer.h
/Applications/Xcode.app/Contents/Developer/Platforms/MacOSX.platform/Developer/SDKs/MacOSX26.1.sdk/System/Library/Frameworks/CoreServices.framework/Frameworks/CarbonCore.framework/Headers/MultiprocessingInfo.h
/Applications/Xcode.app/Contents/Developer/Platforms/MacOSX.platform/Developer/SDKs/MacOSX26.1.sdk/System/Library/Frameworks/CoreServices.framework/Frameworks/CarbonCore.framework/Headers/LowMem.h
/Applications/Xcode.app/Contents/Developer/Platforms/MacOSX.platform/Developer/SDKs/MacOSX26.1.sdk/System/Library/Frameworks/CoreServices.framework/Frameworks/CarbonCore.framework/Headers/AVLTree.h
/Applications/Xcode.app/Contents/Developer/Platforms/MacOSX.platform/Developer/SDKs/MacOSX26.1.sdk/System/Library/Frameworks/CoreServices.framework/Frameworks/CarbonCore.framework/Headers/PEFBinaryFormat.h
/Applications/Xcode.app/Contents/Developer/Platforms/MacOSX.platform/Developer/SDKs/MacOSX26.1.sdk/System/Library/Frameworks/CoreServices.framework/Frameworks/CarbonCore.framework/Headers/HFSVolumes.h
/Applications/Xcode.app/Contents/Developer/Platforms/MacOSX.platform/Developer/SDKs/MacOSX26.1.sdk/System/Library/Frameworks/CoreServices.framework/Frameworks/CarbonCore.framework/Headers/AIFF.h
/Applications/Xcode.app/Contents/Developer/Toolchains/XcodeDefault.xctoolchain/usr/lib/swift/clang/include/module.modulemap
/Applications/Xcode.app/Contents/Developer/Platforms/MacOSX.platform/Developer/SDKs/MacOSX26.1.sdk/System/Library/Frameworks/CoreServices.framework/Frameworks/CarbonCore.framework/Headers/TextEncodingPlugin.h
/Applications/Xcode.app/Contents/Developer/Platforms/MacOSX.platform/Developer/SDKs/MacOSX26.1.sdk/System/Library/Frameworks/CoreServices.framework/Frameworks/AE.framework/Headers/AEDataModel.h
/Applications/Xcode.app/Contents/Developer/Platforms/MacOSX.platform/Developer/SDKs/MacOSX26.1.sdk/System/Library/Frameworks/CoreServices.framework/Frameworks/AE.framework/Headers/AppleEvents.h
/Applications/Xcode.app/Contents/Developer/Platforms/MacOSX.platform/Developer/SDKs/MacOSX26.1.sdk/System/Library/Frameworks/CoreServices.framework/Frameworks/AE.framework/Headers/AEPackObject.h
/Applications/Xcode.app/Contents/Developer/Platforms/MacOSX.platform/Developer/SDKs/MacOSX26.1.sdk/System/Library/Frameworks/CoreServices.framework/Frameworks/AE.framework/Headers/AEObjects.h
/Applications/Xcode.app/Contents/Developer/Platforms/MacOSX.platform/Developer/SDKs/MacOSX26.1.sdk/System/Library/Frameworks/CoreServices.framework/Frameworks/AE.framework/Headers/AERegistry.h
/Applications/Xcode.app/Contents/Developer/Platforms/MacOSX.platform/Developer/SDKs/MacOSX26.1.sdk/System/Library/Frameworks/CoreServices.framework/Frameworks/AE.framework/Headers/AEUserTermTypes.h
/Applications/Xcode.app/Contents/Developer/Platforms/MacOSX.platform/Developer/SDKs/MacOSX26.1.sdk/System/Library/Frameworks/CoreServices.framework/Frameworks/AE.framework/Headers/AEHelpers.h
/Applications/Xcode.app/Contents/Developer/Toolchains/XcodeDefault.xctoolchain/usr/lib/swift/clang/include/stdarg.h
/Applications/Xcode.app/Contents/Developer/Platforms/MacOSX.platform/Developer/SDKs/MacOSX26.1.sdk/System/Library/Frameworks/CoreServices.framework/Frameworks/AE.framework/Headers/AEMach.h
/Applications/Xcode.app/Contents/Developer/Platforms/MacOSX.platform/Developer/SDKs/MacOSX26.1.sdk/System/Library/Frameworks/CFNetwork.framework/Modules/module.modulemap
/Applications/Xcode.app/Contents/Developer/Platforms/MacOSX.platform/Developer/SDKs/MacOSX26.1.sdk/System/Library/Frameworks/CoreServices.framework/Frameworks/DictionaryServices.framework/Headers/DictionaryServices.h
/Applications/Xcode.app/Contents/Developer/Platforms/MacOSX.platform/Developer/SDKs/MacOSX26.1.sdk/System/Library/Frameworks/CoreServices.framework/Frameworks/LaunchServices.framework/Headers/LaunchServices.h
/Applications/Xcode.app/Contents/Developer/Platforms/MacOSX.platform/Developer/SDKs/MacOSX26.1.sdk/System/Library/Frameworks/CoreServices.framework/Frameworks/LaunchServices.framework/Headers/IconsCore.h
/Applications/Xcode.app/Contents/Developer/Platforms/MacOSX.platform/Developer/SDKs/MacOSX26.1.sdk/System/Library/Frameworks/CoreServices.framework/Frameworks/OSServices.framework/Headers/OSServices.h
/Applications/Xcode.app/Contents/Developer/Platforms/MacOSX.platform/Developer/SDKs/MacOSX26.1.sdk/System/Library/Frameworks/CoreServices.framework/Frameworks/OSServices.framework/Headers/CSIdentity.h
/Applications/Xcode.app/Contents/Developer/Platforms/MacOSX.platform/Developer/SDKs/MacOSX26.1.sdk/System/Library/Frameworks/CoreServices.framework/Frameworks/OSServices.framework/Headers/CSIdentityBase.h
/Applications/Xcode.app/Contents/Developer/Platforms/MacOSX.platform/Developer/SDKs/MacOSX26.1.sdk/System/Library/Frameworks/Security.framework/Modules/module.modulemap
/Applications/Xcode.app/Contents/Developer/Platforms/MacOSX.platform/Developer/SDKs/MacOSX26.1.sdk/System/Library/Frameworks/CoreServices.framework/Frameworks/OSServices.framework/Headers/CSIdentityAuthority.h
/Applications/Xcode.app/Contents/Developer/Platforms/MacOSX.platform/Developer/SDKs/MacOSX26.1.sdk/System/Library/Frameworks/CoreServices.framework/Frameworks/OSServices.framework/Headers/CSIdentityQuery.h
/Applications/Xcode.app/Contents/Developer/Platforms/MacOSX.platform/Developer/SDKs/MacOSX26.1.sdk/System/Library/Frameworks/CoreServices.framework/Frameworks/OSServices.framework/Headers/IconStorage.h
/Applications/Xcode.app/Contents/Developer/Platforms/MacOSX.platform/Developer/SDKs/MacOSX26.1.sdk/System/Library/Frameworks/CoreServices.framework/Frameworks/OSServices.framework/Headers/Power.h
/Applications/Xcode.app/Contents/Developer/Platforms/MacOSX.platform/Developer/SDKs/MacOSX26.1.sdk/System/Library/Frameworks/CoreServices.framework/Frameworks/OSServices.framework/Headers/SecurityCore.h
/Applications/Xcode.app/Contents/Developer/Platforms/MacOSX.platform/Developer/SDKs/MacOSX26.1.sdk/System/Library/Frameworks/CoreServices.framework/Frameworks/OSServices.framework/Headers/KeychainCore.h
/Applications/Xcode.app/Contents/Developer/Platforms/MacOSX.platform/Developer/SDKs/MacOSX26.1.sdk/System/Library/Frameworks/CoreServices.framework/Frameworks/OSServices.framework/Headers/WSMethodInvocation.h
/Applications/Xcode.app/Contents/Developer/Platforms/MacOSX.platform/Developer/SDKs/MacOSX26.1.sdk/System/Library/Frameworks/CoreServices.framework/Frameworks/OSServices.framework/Headers/WSTypes.h
/Applications/Xcode.app/Contents/Developer/Platforms/MacOSX.platform/Developer/SDKs/MacOSX26.1.sdk/System/Library/Frameworks/CoreServices.framework/Frameworks/OSServices.framework/Headers/WSProtocolHandler.h
/Applications/Xcode.app/Contents/Developer/Platforms/MacOSX.platform/Developer/SDKs/MacOSX26.1.sdk/System/Library/Frameworks/CoreServices.framework/Frameworks/LaunchServices.framework/Headers/LSConstants.h
/Applications/Xcode.app/Contents/Developer/Platforms/MacOSX.platform/Developer/SDKs/MacOSX26.1.sdk/System/Library/Frameworks/CoreServices.framework/Frameworks/LaunchServices.framework/Headers/LSInfo.h
/Applications/Xcode.app/Contents/Developer/Platforms/MacOSX.platform/Developer/SDKs/MacOSX26.1.sdk/System/Library/Frameworks/CoreServices.framework/Frameworks/LaunchServices.framework/Headers/LSInfoDeprecated.h
/Applications/Xcode.app/Contents/Developer/Platforms/MacOSX.platform/Developer/SDKs/MacOSX26.1.sdk/System/Library/Frameworks/CoreServices.framework/Frameworks/LaunchServices.framework/Headers/LSOpen.h
/Applications/Xcode.app/Contents/Developer/Platforms/MacOSX.platform/Developer/SDKs/MacOSX26.1.sdk/System/Library/Frameworks/CoreServices.framework/Frameworks/LaunchServices.framework/Headers/LSOpenDeprecated.h
/Applications/Xcode.app/Contents/Developer/Platforms/MacOSX.platform/Developer/SDKs/MacOSX26.1.sdk/System/Library/Frameworks/CoreServices.framework/Frameworks/LaunchServices.framework/Headers/LSQuarantine.h
/Applications/Xcode.app/Contents/Developer/Platforms/MacOSX.platform/Developer/SDKs/MacOSX26.1.sdk/System/Library/Frameworks/CoreServices.framework/Frameworks/LaunchServices.framework/Headers/UTCoreTypes.h
/Applications/Xcode.app/Contents/Developer/Platforms/MacOSX.platform/Developer/SDKs/MacOSX26.1.sdk/System/Library/Frameworks/CoreServices.framework/Frameworks/LaunchServices.framework/Headers/UTType.h
/Applications/Xcode.app/Contents/Developer/Platforms/MacOSX.platform/Developer/SDKs/MacOSX26.1.sdk/System/Library/Frameworks/CoreServices.framework/Frameworks/Metadata.framework/Headers/Metadata.h
/Applications/Xcode.app/Contents/Developer/Platforms/MacOSX.platform/Developer/SDKs/MacOSX26.1.sdk/System/Library/Frameworks/CoreServices.framework/Frameworks/Metadata.framework/Headers/MDItem.h
/Applications/Xcode.app/Contents/Developer/Platforms/MacOSX.platform/Developer/SDKs/MacOSX26.1.sdk/System/Library/Frameworks/CoreServices.framework/Frameworks/Metadata.framework/Headers/MDLabel.h
/Applications/Xcode.app/Contents/Developer/Platforms/MacOSX.platform/Developer/SDKs/MacOSX26.1.sdk/System/Library/Frameworks/CoreServices.framework/Frameworks/Metadata.framework/Headers/MDQuery.h
/Applications/Xcode.app/Contents/Developer/Platforms/MacOSX.platform/Developer/SDKs/MacOSX26.1.sdk/System/Library/Frameworks/CoreServices.framework/Frameworks/Metadata.framework/Headers/MDSchema.h
/Applications/Xcode.app/Contents/Developer/Platforms/MacOSX.platform/Developer/SDKs/MacOSX26.1.sdk/System/Library/Frameworks/CoreServices.framework/Frameworks/Metadata.framework/Headers/MDImporter.h
/Applications/Xcode.app/Contents/Developer/Platforms/MacOSX.platform/Developer/SDKs/MacOSX26.1.sdk/System/Library/Frameworks/CoreServices.framework/Frameworks/SearchKit.framework/Headers/SearchKit.h
/Applications/Xcode.app/Contents/Developer/Platforms/MacOSX.platform/Developer/SDKs/MacOSX26.1.sdk/System/Library/Frameworks/CoreServices.framework/Frameworks/SearchKit.framework/Headers/SKDocument.h
/Applications/Xcode.app/Contents/Developer/Platforms/MacOSX.platform/Developer/SDKs/MacOSX26.1.sdk/System/Library/Frameworks/CoreServices.framework/Frameworks/SearchKit.framework/Headers/SKAnalysis.h
/Applications/Xcode.app/Contents/Developer/Platforms/MacOSX.platform/Developer/SDKs/MacOSX26.1.sdk/System/Library/Frameworks/CoreServices.framework/Frameworks/SearchKit.framework/Headers/SKIndex.h
/Applications/Xcode.app/Contents/Developer/Platforms/MacOSX.platform/Developer/SDKs/MacOSX26.1.sdk/System/Library/Frameworks/CoreServices.framework/Frameworks/SearchKit.framework/Headers/SKSearch.h
/Applications/Xcode.app/Contents/Developer/Platforms/MacOSX.platform/Developer/SDKs/MacOSX26.1.sdk/System/Library/Frameworks/CoreServices.framework/Frameworks/SearchKit.framework/Headers/SKSummary.h
/Applications/Xcode.app/Contents/Developer/Platforms/MacOSX.platform/Developer/SDKs/MacOSX26.1.sdk/System/Library/Frameworks/CoreServices.framework/Frameworks/FSEvents.framework/Headers/FSEvents.h
/Applications/Xcode.app/Contents/Developer/Platforms/MacOSX.platform/Developer/SDKs/MacOSX26.1.sdk/System/Library/Frameworks/CoreServices.framework/Frameworks/SharedFileList.framework/Headers/SharedFileList.h
/Applications/Xcode.app/Contents/Developer/Platforms/MacOSX.platform/Developer/SDKs/MacOSX26.1.sdk/System/Library/Frameworks/CoreServices.framework/Frameworks/SharedFileList.framework/Headers/LSSharedFileList.h
/Applications/Xcode.app/Contents/Developer/Platforms/MacOSX.platform/Developer/SDKs/MacOSX26.1.sdk/SDKSettings.json
/Applications/Xcode.app/Contents/Developer/Toolchains/XcodeDefault.xctoolchain/usr/lib/swift/macosx/prebuilt-modules/26.1/Darwin.swiftmodule/arm64e-apple-macos.swiftmodule
/Applications/Xcode.app/Contents/Developer/Platforms/MacOSX.platform/Developer/SDKs/MacOSX26.1.sdk/usr/include/Darwin.modulemap
/Applications/Xcode.app/Contents/Developer/Platforms/MacOSX.platform/Developer/SDKs/MacOSX26.1.sdk/usr/include/Darwin_C.modulemap
/Applications/Xcode.app/Contents/Developer/Platforms/MacOSX.platform/Developer/SDKs/MacOSX26.1.sdk/usr/include/Darwin_POSIX.modulemap
/Applications/Xcode.app/Contents/Developer/Platforms/MacOSX.platform/Developer/SDKs/MacOSX26.1.sdk/usr/include/net.modulemap
/Applications/Xcode.app/Contents/Developer/Platforms/MacOSX.platform/Developer/SDKs/MacOSX26.1.sdk/usr/include/netinet.modulemap
/Applications/Xcode.app/Contents/Developer/Platforms/MacOSX.platform/Developer/SDKs/MacOSX26.1.sdk/usr/include/bank.modulemap
/Applications/Xcode.app/Contents/Developer/Platforms/MacOSX.platform/Developer/SDKs/MacOSX26.1.sdk/usr/include/Darwin_Mach.modulemap
/Applications/Xcode.app/Contents/Developer/Platforms/MacOSX.platform/Developer/SDKs/MacOSX26.1.sdk/usr/include/Darwin_Mach_machine.modulemap
/Applications/Xcode.app/Contents/Developer/Platforms/MacOSX.platform/Developer/SDKs/MacOSX26.1.sdk/usr/include/mach_debug.modulemap
/Applications/Xcode.app/Contents/Developer/Platforms/MacOSX.platform/Developer/SDKs/MacOSX26.1.sdk/usr/include/device.modulemap
/Applications/Xcode.app/Contents/Developer/Platforms/MacOSX.platform/Developer/SDKs/MacOSX26.1.sdk/usr/include/Darwin_machine.modulemap
/Applications/Xcode.app/Contents/Developer/Platforms/MacOSX.platform/Developer/SDKs/MacOSX26.1.sdk/usr/include/ncurses.modulemap
/Applications/Xcode.app/Contents/Developer/Platforms/MacOSX.platform/Developer/SDKs/MacOSX26.1.sdk/usr/include/netinet6.modulemap
/Applications/Xcode.app/Contents/Developer/Platforms/MacOSX.platform/Developer/SDKs/MacOSX26.1.sdk/usr/include/Darwin_sys.modulemap
/Applications/Xcode.app/Contents/Developer/Platforms/MacOSX.platform/Developer/SDKs/MacOSX26.1.sdk/usr/include/uuid.modulemap
/Applications/Xcode.app/Contents/Developer/Platforms/MacOSX.platform/Developer/SDKs/MacOSX26.1.sdk/usr/include/DarwinFoundation2.modulemap
/Applications/Xcode.app/Contents/Developer/Platforms/MacOSX.platform/Developer/SDKs/MacOSX26.1.sdk/usr/include/DarwinFoundation3.modulemap
/Applications/Xcode.app/Contents/Developer/Platforms/MacOSX.platform/Developer/SDKs/MacOSX26.1.sdk/usr/include/DarwinFoundation1.modulemap
/Applications/Xcode.app/Contents/Developer/Platforms/MacOSX.platform/Developer/SDKs/MacOSX26.1.sdk/usr/include/copyfile.h
/Applications/Xcode.app/Contents/Developer/Toolchains/XcodeDefault.xctoolchain/usr/lib/swift/clang/include/module.modulemap
/Applications/Xcode.app/Contents/Developer/Platforms/MacOSX.platform/Developer/SDKs/MacOSX26.1.sdk/usr/include/err.h
/Applications/Xcode.app/Contents/Developer/Platforms/MacOSX.platform/Developer/SDKs/MacOSX26.1.sdk/usr/include/readpassphrase.h
/Applications/Xcode.app/Contents/Developer/Platforms/MacOSX.platform/Developer/SDKs/MacOSX26.1.sdk/usr/include/util.h
/Applications/Xcode.app/Contents/Developer/Platforms/MacOSX.platform/Developer/SDKs/MacOSX26.1.sdk/usr/include/sys/ttycom.h
/Applications/Xcode.app/Contents/Developer/Platforms/MacOSX.platform/Developer/SDKs/MacOSX26.1.sdk/usr/include/sys/ioccom.h
/Applications/Xcode.app/Contents/Developer/Platforms/MacOSX.platform/Developer/SDKs/MacOSX26.1.sdk/usr/include/stdio.h
/Applications/Xcode.app/Contents/Developer/Platforms/MacOSX.platform/Developer/SDKs/MacOSX26.1.sdk/usr/include/pwd.h
/Applications/Xcode.app/Contents/Developer/Platforms/MacOSX.platform/Developer/SDKs/MacOSX26.1.sdk/usr/include/uuid/uuid.h
/Applications/Xcode.app/Contents/Developer/Platforms/MacOSX.platform/Developer/SDKs/MacOSX26.1.sdk/usr/include/termios.h
/Applications/Xcode.app/Contents/Developer/Platforms/MacOSX.platform/Developer/SDKs/MacOSX26.1.sdk/usr/include/sys/termios.h
/Applications/Xcode.app/Contents/Developer/Platforms/MacOSX.platform/Developer/SDKs/MacOSX26.1.sdk/usr/include/sys/ttydefaults.h
/Applications/Xcode.app/Contents/Developer/Platforms/MacOSX.platform/Developer/SDKs/MacOSX26.1.sdk/usr/include/utmp.h
/Applications/Xcode.app/Contents/Developer/Platforms/MacOSX.platform/Developer/SDKs/MacOSX26.1.sdk/usr/include/xattr_flags.h
/Applications/Xcode.app/Contents/Developer/Platforms/MacOSX.platform/Developer/SDKs/MacOSX26.1.sdk/usr/include/_modules/_darwin_c_ctype.h
/Applications/Xcode.app/Contents/Developer/Platforms/MacOSX.platform/Developer/SDKs/MacOSX26.1.sdk/usr/include/ctype.h
/Applications/Xcode.app/Contents/Developer/Platforms/MacOSX.platform/Developer/SDKs/MacOSX26.1.sdk/usr/include/_modules/_darwin_c_errno.h
/Applications/Xcode.app/Contents/Developer/Platforms/MacOSX.platform/Developer/SDKs/MacOSX26.1.sdk/usr/include/_modules/_darwin_c_inttypes.h
/Applications/Xcode.app/Contents/Developer/Platforms/MacOSX.platform/Developer/SDKs/MacOSX26.1.sdk/usr/include/_modules/_darwin_c_limits.h
/Applications/Xcode.app/Contents/Developer/Platforms/MacOSX.platform/Developer/SDKs/MacOSX26.1.sdk/usr/include/_modules/_darwin_c_signal.h
/Applications/Xcode.app/Contents/Developer/Platforms/MacOSX.platform/Developer/SDKs/MacOSX26.1.sdk/usr/include/_modules/_darwin_c_stdarg.h
/Applications/Xcode.app/Contents/Developer/Toolchains/XcodeDefault.xctoolchain/usr/lib/swift/clang/include/stdarg.h
/Applications/Xcode.app/Contents/Developer/Platforms/MacOSX.platform/Developer/SDKs/MacOSX26.1.sdk/usr/include/_modules/_darwin_c_stdbool.h
/Applications/Xcode.app/Contents/Developer/Platforms/MacOSX.platform/Developer/SDKs/MacOSX26.1.sdk/usr/include/_modules/_darwin_c_stddef.h
/Applications/Xcode.app/Contents/Developer/Toolchains/XcodeDefault.xctoolchain/usr/lib/swift/clang/include/stddef.h
/Applications/Xcode.app/Contents/Developer/Platforms/MacOSX.platform/Developer/SDKs/MacOSX26.1.sdk/usr/include/_modules/_darwin_c_stdint.h
/Applications/Xcode.app/Contents/Developer/Platforms/MacOSX.platform/Developer/SDKs/MacOSX26.1.sdk/usr/include/_modules/_darwin_c_stdio.h
/Applications/Xcode.app/Contents/Developer/Platforms/MacOSX.platform/Developer/SDKs/MacOSX26.1.sdk/usr/include/_modules/_darwin_c_stdlib.h
/Applications/Xcode.app/Contents/Developer/Platforms/MacOSX.platform/Developer/SDKs/MacOSX26.1.sdk/usr/include/stdlib.h
/Applications/Xcode.app/Contents/Developer/Platforms/MacOSX.platform/Developer/SDKs/MacOSX26.1.sdk/usr/include/_modules/_darwin_c_string.h
/Applications/Xcode.app/Contents/Developer/Platforms/MacOSX.platform/Developer/SDKs/MacOSX26.1.sdk/usr/include/string.h
/Applications/Xcode.app/Contents/Developer/Platforms/MacOSX.platform/Developer/SDKs/MacOSX26.1.sdk/usr/include/_modules/_darwin_c_time.h
/Applications/Xcode.app/Contents/Developer/Platforms/MacOSX.platform/Developer/SDKs/MacOSX26.1.sdk/usr/include/time.h
/Applications/Xcode.app/Contents/Developer/Platforms/MacOSX.platform/Developer/SDKs/MacOSX26.1.sdk/usr/include/_modules/_darwin_c_wchar.h
/Applications/Xcode.app/Contents/Developer/Platforms/MacOSX.platform/Developer/SDKs/MacOSX26.1.sdk/usr/include/wchar.h
/Applications/Xcode.app/Contents/Developer/Platforms/MacOSX.platform/Developer/SDKs/MacOSX26.1.sdk/usr/include/aio.h
/Applications/Xcode.app/Contents/Developer/Platforms/MacOSX.platform/Developer/SDKs/MacOSX26.1.sdk/usr/include/sys/aio.h
/Applications/Xcode.app/Contents/Developer/Platforms/MacOSX.platform/Developer/SDKs/MacOSX26.1.sdk/usr/include/sys/_types/_o_sync.h
/Applications/Xcode.app/Contents/Developer/Platforms/MacOSX.platform/Developer/SDKs/MacOSX26.1.sdk/usr/include/sys/_types/_o_dsync.h
/Applications/Xcode.app/Contents/Developer/Platforms/MacOSX.platform/Developer/SDKs/MacOSX26.1.sdk/usr/include/arpa/inet.h
/Applications/Xcode.app/Contents/Developer/Platforms/MacOSX.platform/Developer/SDKs/MacOSX26.1.sdk/usr/include/netinet/in.h
/Applications/Xcode.app/Contents/Developer/Platforms/MacOSX.platform/Developer/SDKs/MacOSX26.1.sdk/usr/include/sys/socket.h
/Applications/Xcode.app/Contents/Developer/Platforms/MacOSX.platform/Developer/SDKs/MacOSX26.1.sdk/usr/include/sys/constrained_ctypes.h
/Applications/Xcode.app/Contents/Developer/Platforms/MacOSX.platform/Developer/SDKs/MacOSX26.1.sdk/usr/include/machine/_param.h
/Applications/Xcode.app/Contents/Developer/Platforms/MacOSX.platform/Developer/SDKs/MacOSX26.1.sdk/usr/include/arm/_param.h
/Applications/Xcode.app/Contents/Developer/Platforms/MacOSX.platform/Developer/SDKs/MacOSX26.1.sdk/usr/include/net/net_kev.h
/Applications/Xcode.app/Contents/Developer/Platforms/MacOSX.platform/Developer/SDKs/MacOSX26.1.sdk/usr/include/sys/_types/_sa_family_t.h
/Applications/Xcode.app/Contents/Developer/Platforms/MacOSX.platform/Developer/SDKs/MacOSX26.1.sdk/usr/include/sys/_types/_socklen_t.h
/Applications/Xcode.app/Contents/Developer/Platforms/MacOSX.platform/Developer/SDKs/MacOSX26.1.sdk/usr/include/sys/_types/_iovec_t.h
/Applications/Xcode.app/Contents/Developer/Platforms/MacOSX.platform/Developer/SDKs/MacOSX26.1.sdk/usr/include/netinet6/in6.h
/Applications/Xcode.app/Contents/Developer/Platforms/MacOSX.platform/Developer/SDKs/MacOSX26.1.sdk/usr/include/cpio.h
/Applications/Xcode.app/Contents/Developer/Platforms/MacOSX.platform/Developer/SDKs/MacOSX26.1.sdk/usr/include/dirent.h
/Applications/Xcode.app/Contents/Developer/Platforms/MacOSX.platform/Developer/SDKs/MacOSX26.1.sdk/usr/include/sys/dirent.h
/Applications/Xcode.app/Contents/Developer/Platforms/MacOSX.platform/Developer/SDKs/MacOSX26.1.sdk/usr/include/sys/dir.h
/Applications/Xcode.app/Contents/Developer/Platforms/MacOSX.platform/Developer/SDKs/MacOSX26.1.sdk/usr/include/dlfcn.h
/Applications/Xcode.app/Contents/Developer/Platforms/MacOSX.platform/Developer/SDKs/MacOSX26.1.sdk/usr/include/fcntl.h
/Applications/Xcode.app/Contents/Developer/Platforms/MacOSX.platform/Developer/SDKs/MacOSX26.1.sdk/usr/include/sys/fcntl.h
/Applications/Xcode.app/Contents/Developer/Platforms/MacOSX.platform/Developer/SDKs/MacOSX26.1.sdk/usr/include/sys/_types/_s_ifmt.h
/Applications/Xcode.app/Contents/Developer/Platforms/MacOSX.platform/Developer/SDKs/MacOSX26.1.sdk/usr/include/sys/_types/_filesec_t.h
/Applications/Xcode.app/Contents/Developer/Platforms/MacOSX.platform/Developer/SDKs/MacOSX26.1.sdk/usr/include/fmtmsg.h
/Applications/Xcode.app/Contents/Developer/Platforms/MacOSX.platform/Developer/SDKs/MacOSX26.1.sdk/usr/include/fnmatch.h
/Applications/Xcode.app/Contents/Developer/Platforms/MacOSX.platform/Developer/SDKs/MacOSX26.1.sdk/usr/include/ftw.h
/Applications/Xcode.app/Contents/Developer/Platforms/MacOSX.platform/Developer/SDKs/MacOSX26.1.sdk/usr/include/sys/stat.h
/Applications/Xcode.app/Contents/Developer/Platforms/MacOSX.platform/Developer/SDKs/MacOSX26.1.sdk/usr/include/glob.h
/Applications/Xcode.app/Contents/Developer/Platforms/MacOSX.platform/Developer/SDKs/MacOSX26.1.sdk/usr/include/grp.h
/Applications/Xcode.app/Contents/Developer/Platforms/MacOSX.platform/Developer/SDKs/MacOSX26.1.sdk/usr/include/iconv.h
/Applications/Xcode.app/Contents/Developer/Platforms/MacOSX.platform/Developer/SDKs/MacOSX26.1.sdk/usr/include/ifaddrs.h
/Applications/Xcode.app/Contents/Developer/Platforms/MacOSX.platform/Developer/SDKs/MacOSX26.1.sdk/usr/include/sys/ioctl.h
/Applications/Xcode.app/Contents/Developer/Platforms/MacOSX.platform/Developer/SDKs/MacOSX26.1.sdk/usr/include/sys/filio.h
/Applications/Xcode.app/Contents/Developer/Platforms/MacOSX.platform/Developer/SDKs/MacOSX26.1.sdk/usr/include/sys/sockio.h
/Applications/Xcode.app/Contents/Developer/Platforms/MacOSX.platform/Developer/SDKs/MacOSX26.1.sdk/usr/include/net/if.h
/Applications/Xcode.app/Contents/Developer/Platforms/MacOSX.platform/Developer/SDKs/MacOSX26.1.sdk/usr/include/net/if_var.h
/Applications/Xcode.app/Contents/Developer/Platforms/MacOSX.platform/Developer/SDKs/MacOSX26.1.sdk/usr/include/sys/time.h
/Applications/Xcode.app/Contents/Developer/Platforms/MacOSX.platform/Developer/SDKs/MacOSX26.1.sdk/usr/include/sys/_types/_timeval64.h
/Applications/Xcode.app/Contents/Developer/Platforms/MacOSX.platform/Developer/SDKs/MacOSX26.1.sdk/usr/include/sys/_types/_timeval32.h
/Applications/Xcode.app/Contents/Developer/Platforms/MacOSX.platform/Developer/SDKs/MacOSX26.1.sdk/usr/include/_langinfo.h
/Applications/Xcode.app/Contents/Developer/Platforms/MacOSX.platform/Developer/SDKs/MacOSX26.1.sdk/usr/include/xlocale/_langinfo.h
/Applications/Xcode.app/Contents/Developer/Platforms/MacOSX.platform/Developer/SDKs/MacOSX26.1.sdk/usr/include/libgen.h
/Applications/Xcode.app/Contents/Developer/Platforms/MacOSX.platform/Developer/SDKs/MacOSX26.1.sdk/usr/include/_monetary.h
/Applications/Xcode.app/Contents/Developer/Platforms/MacOSX.platform/Developer/SDKs/MacOSX26.1.sdk/usr/include/xlocale/_monetary.h
/Applications/Xcode.app/Contents/Developer/Platforms/MacOSX.platform/Developer/SDKs/MacOSX26.1.sdk/usr/include/ndbm.h
/Applications/Xcode.app/Contents/Developer/Platforms/MacOSX.platform/Developer/SDKs/MacOSX26.1.sdk/usr/include/netdb.h
/Applications/Xcode.app/Contents/Developer/Platforms/MacOSX.platform/Developer/SDKs/MacOSX26.1.sdk/usr/include/net/if_dl.h
/Applications/Xcode.app/Contents/Developer/Platforms/MacOSX.platform/Developer/SDKs/MacOSX26.1.sdk/usr/include/net/if_types.h
/Applications/Xcode.app/Contents/Developer/Platforms/MacOSX.platform/Developer/SDKs/MacOSX26.1.sdk/usr/include/netinet/tcp.h
/Applications/Xcode.app/Contents/Developer/Platforms/MacOSX.platform/Developer/SDKs/MacOSX26.1.sdk/usr/include/poll.h
/Applications/Xcode.app/Contents/Developer/Platforms/MacOSX.platform/Developer/SDKs/MacOSX26.1.sdk/usr/include/sys/poll.h
/Applications/Xcode.app/Contents/Developer/Platforms/MacOSX.platform/Developer/SDKs/MacOSX26.1.sdk/usr/include/pthread/spawn.h
/Applications/Xcode.app/Contents/Developer/Platforms/MacOSX.platform/Developer/SDKs/MacOSX26.1.sdk/usr/include/spawn.h
/Applications/Xcode.app/Contents/Developer/Platforms/MacOSX.platform/Developer/SDKs/MacOSX26.1.sdk/usr/include/sys/spawn.h
/Applications/Xcode.app/Contents/Developer/Platforms/MacOSX.platform/Developer/SDKs/MacOSX26.1.sdk/usr/include/mach/exception_types.h
/Applications/Xcode.app/Contents/Developer/Platforms/MacOSX.platform/Developer/SDKs/MacOSX26.1.sdk/usr/include/mach/machine/exception.h
/Applications/Xcode.app/Contents/Developer/Platforms/MacOSX.platform/Developer/SDKs/MacOSX26.1.sdk/usr/include/mach/arm/exception.h
/Applications/Xcode.app/Contents/Developer/Platforms/MacOSX.platform/Developer/SDKs/MacOSX26.1.sdk/usr/include/mach/port.h
/Applications/Xcode.app/Contents/Developer/Platforms/MacOSX.platform/Developer/SDKs/MacOSX26.1.sdk/usr/include/mach/boolean.h
/Applications/Xcode.app/Contents/Developer/Platforms/MacOSX.platform/Developer/SDKs/MacOSX26.1.sdk/usr/include/mach/machine/boolean.h
/Applications/Xcode.app/Contents/Developer/Platforms/MacOSX.platform/Developer/SDKs/MacOSX26.1.sdk/usr/include/mach/arm/boolean.h
/Applications/Xcode.app/Contents/Developer/Platforms/MacOSX.platform/Developer/SDKs/MacOSX26.1.sdk/usr/include/mach/machine/vm_types.h
/Applications/Xcode.app/Contents/Developer/Platforms/MacOSX.platform/Developer/SDKs/MacOSX26.1.sdk/usr/include/mach/arm/vm_types.h
/Applications/Xcode.app/Contents/Developer/Platforms/MacOSX.platform/Developer/SDKs/MacOSX26.1.sdk/usr/include/mach/thread_status.h
/Applications/Xcode.app/Contents/Developer/Platforms/MacOSX.platform/Developer/SDKs/MacOSX26.1.sdk/usr/include/mach/machine/thread_status.h
/Applications/Xcode.app/Contents/Developer/Platforms/MacOSX.platform/Developer/SDKs/MacOSX26.1.sdk/usr/include/mach/arm/thread_status.h
/Applications/Xcode.app/Contents/Developer/Platforms/MacOSX.platform/Developer/SDKs/MacOSX26.1.sdk/usr/include/mach/machine/thread_state.h
/Applications/Xcode.app/Contents/Developer/Platforms/MacOSX.platform/Developer/SDKs/MacOSX26.1.sdk/usr/include/mach/arm/thread_state.h
/Applications/Xcode.app/Contents/Developer/Platforms/MacOSX.platform/Developer/SDKs/MacOSX26.1.sdk/usr/include/mach/message.h
/Applications/Xcode.app/Contents/Developer/Platforms/MacOSX.platform/Developer/SDKs/MacOSX26.1.sdk/usr/include/mach/kern_return.h
/Applications/Xcode.app/Contents/Developer/Platforms/MacOSX.platform/Developer/SDKs/MacOSX26.1.sdk/usr/include/mach/machine/kern_return.h
/Applications/Xcode.app/Contents/Developer/Platforms/MacOSX.platform/Developer/SDKs/MacOSX26.1.sdk/usr/include/mach/arm/kern_return.h
/Applications/Xcode.app/Contents/Developer/Platforms/MacOSX.platform/Developer/SDKs/MacOSX26.1.sdk/usr/include/mach/vm_types.h
/Applications/Xcode.app/Contents/Developer/Platforms/MacOSX.platform/Developer/SDKs/MacOSX26.1.sdk/usr/include/mach_debug/ipc_info.h
/Applications/Xcode.app/Contents/Developer/Platforms/MacOSX.platform/Developer/SDKs/MacOSX26.1.sdk/usr/include/mach/machine.h
/Applications/Xcode.app/Contents/Developer/Platforms/MacOSX.platform/Developer/SDKs/MacOSX26.1.sdk/usr/include/pthread/pthread_spis.h
/Applications/Xcode.app/Contents/Developer/Platforms/MacOSX.platform/Developer/SDKs/MacOSX26.1.sdk/usr/include/_modules/_darwin_posix_pthread_pthread.h
/Applications/Xcode.app/Contents/Developer/Platforms/MacOSX.platform/Developer/SDKs/MacOSX26.1.sdk/usr/include/_regex.h
/Applications/Xcode.app/Contents/Developer/Platforms/MacOSX.platform/Developer/SDKs/MacOSX26.1.sdk/usr/include/xlocale/_regex.h
/Applications/Xcode.app/Contents/Developer/Platforms/MacOSX.platform/Developer/SDKs/MacOSX26.1.sdk/usr/include/search.h
/Applications/Xcode.app/Contents/Developer/Platforms/MacOSX.platform/Developer/SDKs/MacOSX26.1.sdk/usr/include/semaphore.h
/Applications/Xcode.app/Contents/Developer/Platforms/MacOSX.platform/Developer/SDKs/MacOSX26.1.sdk/usr/include/sys/semaphore.h
/Applications/Xcode.app/Contents/Developer/Platforms/MacOSX.platform/Developer/SDKs/MacOSX26.1.sdk/usr/include/sys/posix_sem.h
/Applications/Xcode.app/Contents/Developer/Platforms/MacOSX.platform/Developer/SDKs/MacOSX26.1.sdk/usr/include/sys/proc.h
/Applications/Xcode.app/Contents/Developer/Platforms/MacOSX.platform/Developer/SDKs/MacOSX26.1.sdk/usr/include/sys/queue.h
/Applications/Xcode.app/Contents/Developer/Platforms/MacOSX.platform/Developer/SDKs/MacOSX26.1.sdk/usr/include/sys/lock.h
/Applications/Xcode.app/Contents/Developer/Platforms/MacOSX.platform/Developer/SDKs/MacOSX26.1.sdk/usr/include/sys/param.h
/Applications/Xcode.app/Contents/Developer/Platforms/MacOSX.platform/Developer/SDKs/MacOSX26.1.sdk/usr/include/machine/param.h
/Applications/Xcode.app/Contents/Developer/Platforms/MacOSX.platform/Developer/SDKs/MacOSX26.1.sdk/usr/include/arm/param.h
/Applications/Xcode.app/Contents/Developer/Platforms/MacOSX.platform/Developer/SDKs/MacOSX26.1.sdk/usr/include/sys/event.h
/Applications/Xcode.app/Contents/Developer/Platforms/MacOSX.platform/Developer/SDKs/MacOSX26.1.sdk/usr/include/strings.h
/Applications/Xcode.app/Contents/Developer/Platforms/MacOSX.platform/Developer/SDKs/MacOSX26.1.sdk/usr/include/sys/ipc.h
/Applications/Xcode.app/Contents/Developer/Platforms/MacOSX.platform/Developer/SDKs/MacOSX26.1.sdk/usr/include/sys/mman.h
/Applications/Xcode.app/Contents/Developer/Platforms/MacOSX.platform/Developer/SDKs/MacOSX26.1.sdk/usr/include/sys/msg.h
/Applications/Xcode.app/Contents/Developer/Platforms/MacOSX.platform/Developer/SDKs/MacOSX26.1.sdk/usr/include/sys/sem.h
/Applications/Xcode.app/Contents/Developer/Platforms/MacOSX.platform/Developer/SDKs/MacOSX26.1.sdk/usr/include/sys/shm.h
/Applications/Xcode.app/Contents/Developer/Platforms/MacOSX.platform/Developer/SDKs/MacOSX26.1.sdk/usr/include/sys/posix_shm.h
/Applications/Xcode.app/Contents/Developer/Platforms/MacOSX.platform/Developer/SDKs/MacOSX26.1.sdk/usr/include/sys/statvfs.h
/Applications/Xcode.app/Contents/Developer/Platforms/MacOSX.platform/Developer/SDKs/MacOSX26.1.sdk/usr/include/sys/times.h
/Applications/Xcode.app/Contents/Developer/Platforms/MacOSX.platform/Developer/SDKs/MacOSX26.1.sdk/usr/include/sys/_types/_fsid_t.h
/Applications/Xcode.app/Contents/Developer/Platforms/MacOSX.platform/Developer/SDKs/MacOSX26.1.sdk/usr/include/sys/_types/_fsobj_id_t.h
/Applications/Xcode.app/Contents/Developer/Platforms/MacOSX.platform/Developer/SDKs/MacOSX26.1.sdk/usr/include/sys/_types/_graftdmg_un.h
/Applications/Xcode.app/Contents/Developer/Platforms/MacOSX.platform/Developer/SDKs/MacOSX26.1.sdk/usr/include/sys/_types/_guid_t.h
/Applications/Xcode.app/Contents/Developer/Platforms/MacOSX.platform/Developer/SDKs/MacOSX26.1.sdk/usr/include/sys/_types/_mount_t.h
/Applications/Xcode.app/Contents/Developer/Platforms/MacOSX.platform/Developer/SDKs/MacOSX26.1.sdk/usr/include/sys/_types/_os_inline.h
/Applications/Xcode.app/Contents/Developer/Platforms/MacOSX.platform/Developer/SDKs/MacOSX26.1.sdk/usr/include/sys/_types/_ucontext64.h
/Applications/Xcode.app/Contents/Developer/Platforms/MacOSX.platform/Developer/SDKs/MacOSX26.1.sdk/usr/include/sys/_types/_vnode_t.h
/Applications/Xcode.app/Contents/Developer/Platforms/MacOSX.platform/Developer/SDKs/MacOSX26.1.sdk/usr/include/sys/uio.h
/Applications/Xcode.app/Contents/Developer/Platforms/MacOSX.platform/Developer/SDKs/MacOSX26.1.sdk/usr/include/sys/un.h
/Applications/Xcode.app/Contents/Developer/Platforms/MacOSX.platform/Developer/SDKs/MacOSX26.1.sdk/usr/include/sys/utsname.h
/Applications/Xcode.app/Contents/Developer/Platforms/MacOSX.platform/Developer/SDKs/MacOSX26.1.sdk/usr/include/sys/vsock.h
/Applications/Xcode.app/Contents/Developer/Platforms/MacOSX.platform/Developer/SDKs/MacOSX26.1.sdk/usr/include/sys/ucred.h
/Applications/Xcode.app/Contents/Developer/Platforms/MacOSX.platform/Developer/SDKs/MacOSX26.1.sdk/usr/include/bsm/audit.h
/Applications/Xcode.app/Contents/Developer/Platforms/MacOSX.platform/Developer/SDKs/MacOSX26.1.sdk/usr/include/sys/socketvar.h
/Applications/Xcode.app/Contents/Developer/Platforms/MacOSX.platform/Developer/SDKs/MacOSX26.1.sdk/usr/include/sys/xattr.h
/Applications/Xcode.app/Contents/Developer/Platforms/MacOSX.platform/Developer/SDKs/MacOSX26.1.sdk/usr/include/_modules/_darwin_posix_sys_resource.h
/Applications/Xcode.app/Contents/Developer/Platforms/MacOSX.platform/Developer/SDKs/MacOSX26.1.sdk/usr/include/_modules/_darwin_posix_sys_select.h
/Applications/Xcode.app/Contents/Developer/Platforms/MacOSX.platform/Developer/SDKs/MacOSX26.1.sdk/usr/include/_modules/_darwin_posix_sys_wait.h
/Applications/Xcode.app/Contents/Developer/Platforms/MacOSX.platform/Developer/SDKs/MacOSX26.1.sdk/usr/include/syslog.h
/Applications/Xcode.app/Contents/Developer/Platforms/MacOSX.platform/Developer/SDKs/MacOSX26.1.sdk/usr/include/sys/syslog.h
/Applications/Xcode.app/Contents/Developer/Platforms/MacOSX.platform/Developer/SDKs/MacOSX26.1.sdk/usr/include/tar.h
/Applications/Xcode.app/Contents/Developer/Platforms/MacOSX.platform/Developer/SDKs/MacOSX26.1.sdk/usr/include/ulimit.h
/Applications/Xcode.app/Contents/Developer/Platforms/MacOSX.platform/Developer/SDKs/MacOSX26.1.sdk/usr/include/utime.h
/Applications/Xcode.app/Contents/Developer/Platforms/MacOSX.platform/Developer/SDKs/MacOSX26.1.sdk/usr/include/utmpx.h
/Applications/Xcode.app/Contents/Developer/Platforms/MacOSX.platform/Developer/SDKs/MacOSX26.1.sdk/usr/include/wordexp.h
/Applications/Xcode.app/Contents/Developer/Platforms/MacOSX.platform/Developer/SDKs/MacOSX26.1.sdk/usr/include/_modules/_darwin_posix_nl_types.h
/Applications/Xcode.app/Contents/Developer/Platforms/MacOSX.platform/Developer/SDKs/MacOSX26.1.sdk/usr/include/_modules/_darwin_posix_sched.h
/Applications/Xcode.app/Contents/Developer/Platforms/MacOSX.platform/Developer/SDKs/MacOSX26.1.sdk/usr/include/_modules/_darwin_posix_unistd.h
/Applications/Xcode.app/Contents/Developer/Platforms/MacOSX.platform/Developer/SDKs/MacOSX26.1.sdk/usr/include/net/bpf.h
/Applications/Xcode.app/Contents/Developer/Platforms/MacOSX.platform/Developer/SDKs/MacOSX26.1.sdk/usr/include/net/dlil.h
/Applications/Xcode.app/Contents/Developer/Platforms/MacOSX.platform/Developer/SDKs/MacOSX26.1.sdk/usr/include/net/ethernet.h
/Applications/Xcode.app/Contents/Developer/Platforms/MacOSX.platform/Developer/SDKs/MacOSX26.1.sdk/usr/include/net/if_arp.h
/Applications/Xcode.app/Contents/Developer/Platforms/MacOSX.platform/Developer/SDKs/MacOSX26.1.sdk/usr/include/net/if_llc.h
/Applications/Xcode.app/Contents/Developer/Platforms/MacOSX.platform/Developer/SDKs/MacOSX26.1.sdk/usr/include/net/if_media.h
/Applications/Xcode.app/Contents/Developer/Platforms/MacOSX.platform/Developer/SDKs/MacOSX26.1.sdk/usr/include/net/if_mib.h
/Applications/Xcode.app/Contents/Developer/Platforms/MacOSX.platform/Developer/SDKs/MacOSX26.1.sdk/usr/include/net/if_utun.h
/Applications/Xcode.app/Contents/Developer/Platforms/MacOSX.platform/Developer/SDKs/MacOSX26.1.sdk/usr/include/net/if_var_status.h
/Applications/Xcode.app/Contents/Developer/Platforms/MacOSX.platform/Developer/SDKs/MacOSX26.1.sdk/usr/include/net/kext_net.h
/Applications/Xcode.app/Contents/Developer/Platforms/MacOSX.platform/Developer/SDKs/MacOSX26.1.sdk/usr/include/net/ndrv.h
/Applications/Xcode.app/Contents/Developer/Platforms/MacOSX.platform/Developer/SDKs/MacOSX26.1.sdk/usr/include/net/pfkeyv2.h
/Applications/Xcode.app/Contents/Developer/Platforms/MacOSX.platform/Developer/SDKs/MacOSX26.1.sdk/usr/include/net/route.h
/Applications/Xcode.app/Contents/Developer/Platforms/MacOSX.platform/Developer/SDKs/MacOSX26.1.sdk/usr/include/netinet/bootp.h
/Applications/Xcode.app/Contents/Developer/Platforms/MacOSX.platform/Developer/SDKs/MacOSX26.1.sdk/usr/include/netinet/ip.h
/Applications/Xcode.app/Contents/Developer/Platforms/MacOSX.platform/Developer/SDKs/MacOSX26.1.sdk/usr/include/netinet/in_systm.h
/Applications/Xcode.app/Contents/Developer/Platforms/MacOSX.platform/Developer/SDKs/MacOSX26.1.sdk/usr/include/netinet/udp.h
/Applications/Xcode.app/Contents/Developer/Platforms/MacOSX.platform/Developer/SDKs/MacOSX26.1.sdk/usr/include/netinet/icmp6.h
/Applications/Xcode.app/Contents/Developer/Platforms/MacOSX.platform/Developer/SDKs/MacOSX26.1.sdk/usr/include/netinet/icmp_var.h
/Applications/Xcode.app/Contents/Developer/Platforms/MacOSX.platform/Developer/SDKs/MacOSX26.1.sdk/usr/include/netinet/ip_icmp.h
/Applications/Xcode.app/Contents/Developer/Platforms/MacOSX.platform/Developer/SDKs/MacOSX26.1.sdk/usr/include/netinet/if_ether.h
/Applications/Xcode.app/Contents/Developer/Platforms/MacOSX.platform/Developer/SDKs/MacOSX26.1.sdk/usr/include/netinet/igmp.h
/Applications/Xcode.app/Contents/Developer/Platforms/MacOSX.platform/Developer/SDKs/MacOSX26.1.sdk/usr/include/netinet/igmp_var.h
/Applications/Xcode.app/Contents/Developer/Platforms/MacOSX.platform/Developer/SDKs/MacOSX26.1.sdk/usr/include/netinet/in_pcb.h
/Applications/Xcode.app/Contents/Developer/Platforms/MacOSX.platform/Developer/SDKs/MacOSX26.1.sdk/usr/include/netinet/in_var.h
/Applications/Xcode.app/Contents/Developer/Platforms/MacOSX.platform/Developer/SDKs/MacOSX26.1.sdk/usr/include/sys/protosw.h
/Applications/Xcode.app/Contents/Developer/Platforms/MacOSX.platform/Developer/SDKs/MacOSX26.1.sdk/usr/include/sys/kern_event.h
/Applications/Xcode.app/Contents/Developer/Platforms/MacOSX.platform/Developer/SDKs/MacOSX26.1.sdk/usr/include/sys/sys_domain.h
/Applications/Xcode.app/Contents/Developer/Platforms/MacOSX.platform/Developer/SDKs/MacOSX26.1.sdk/usr/include/netinet6/in6_var.h
/Applications/Xcode.app/Contents/Developer/Platforms/MacOSX.platform/Developer/SDKs/MacOSX26.1.sdk/usr/include/netinet6/scope6_var.h
/Applications/Xcode.app/Contents/Developer/Platforms/MacOSX.platform/Developer/SDKs/MacOSX26.1.sdk/usr/include/netinet/ip6.h
/Applications/Xcode.app/Contents/Developer/Platforms/MacOSX.platform/Developer/SDKs/MacOSX26.1.sdk/usr/include/netinet/ip_var.h
/Applications/Xcode.app/Contents/Developer/Platforms/MacOSX.platform/Developer/SDKs/MacOSX26.1.sdk/usr/include/netinet/tcp_fsm.h
/Applications/Xcode.app/Contents/Developer/Platforms/MacOSX.platform/Developer/SDKs/MacOSX26.1.sdk/usr/include/netinet/tcp_seq.h
/Applications/Xcode.app/Contents/Developer/Platforms/MacOSX.platform/Developer/SDKs/MacOSX26.1.sdk/usr/include/netinet/tcp_timer.h
/Applications/Xcode.app/Contents/Developer/Platforms/MacOSX.platform/Developer/SDKs/MacOSX26.1.sdk/usr/include/netinet/tcp_var.h
/Applications/Xcode.app/Contents/Developer/Platforms/MacOSX.platform/Developer/SDKs/MacOSX26.1.sdk/usr/include/netinet/tcpip.h
/Applications/Xcode.app/Contents/Developer/Platforms/MacOSX.platform/Developer/SDKs/MacOSX26.1.sdk/usr/include/netinet/udp_var.h
/Applications/Xcode.app/Contents/Developer/Platforms/MacOSX.platform/Developer/SDKs/MacOSX26.1.sdk/usr/include/sys/sysctl.h
/Applications/Xcode.app/Contents/Developer/Platforms/MacOSX.platform/Developer/SDKs/MacOSX26.1.sdk/usr/include/sys/vm.h
/Applications/Xcode.app/Contents/Developer/Platforms/MacOSX.platform/Developer/SDKs/MacOSX26.1.sdk/usr/include/ar.h
/Applications/Xcode.app/Contents/Developer/Platforms/MacOSX.platform/Developer/SDKs/MacOSX26.1.sdk/usr/include/bank/bank_types.h
/Applications/Xcode.app/Contents/Developer/Platforms/MacOSX.platform/Developer/SDKs/MacOSX26.1.sdk/usr/include/os/base.h
/Applications/Xcode.app/Contents/Developer/Platforms/MacOSX.platform/Developer/SDKs/MacOSX26.1.sdk/usr/include/mach/mach_types.h
/Applications/Xcode.app/Contents/Developer/Platforms/MacOSX.platform/Developer/SDKs/MacOSX26.1.sdk/usr/include/mach/host_info.h
/Applications/Xcode.app/Contents/Developer/Platforms/MacOSX.platform/Developer/SDKs/MacOSX26.1.sdk/usr/include/mach/vm_statistics.h
/Applications/Xcode.app/Contents/Developer/Platforms/MacOSX.platform/Developer/SDKs/MacOSX26.1.sdk/usr/include/mach/time_value.h
/Applications/Xcode.app/Contents/Developer/Platforms/MacOSX.platform/Developer/SDKs/MacOSX26.1.sdk/usr/include/mach/host_notify.h
/Applications/Xcode.app/Contents/Developer/Platforms/MacOSX.platform/Developer/SDKs/MacOSX26.1.sdk/usr/include/mach/host_special_ports.h
/Applications/Xcode.app/Contents/Developer/Platforms/MacOSX.platform/Developer/SDKs/MacOSX26.1.sdk/usr/include/mach/memory_object_types.h
/Applications/Xcode.app/Contents/Developer/Platforms/MacOSX.platform/Developer/SDKs/MacOSX26.1.sdk/usr/include/mach/vm_prot.h
/Applications/Xcode.app/Contents/Developer/Platforms/MacOSX.platform/Developer/SDKs/MacOSX26.1.sdk/usr/include/mach/vm_sync.h
/Applications/Xcode.app/Contents/Developer/Platforms/MacOSX.platform/Developer/SDKs/MacOSX26.1.sdk/usr/include/mach/mach_voucher_types.h
/Applications/Xcode.app/Contents/Developer/Platforms/MacOSX.platform/Developer/SDKs/MacOSX26.1.sdk/usr/include/mach/std_types.h
/Applications/Xcode.app/Contents/Developer/Platforms/MacOSX.platform/Developer/SDKs/MacOSX26.1.sdk/usr/include/mach/processor_info.h
/Applications/Xcode.app/Contents/Developer/Platforms/MacOSX.platform/Developer/SDKs/MacOSX26.1.sdk/usr/include/mach/machine/processor_info.h
/Applications/Xcode.app/Contents/Developer/Platforms/MacOSX.platform/Developer/SDKs/MacOSX26.1.sdk/usr/include/mach/arm/processor_info.h
/Applications/Xcode.app/Contents/Developer/Platforms/MacOSX.platform/Developer/SDKs/MacOSX26.1.sdk/usr/include/mach/task_info.h
/Applications/Xcode.app/Contents/Developer/Platforms/MacOSX.platform/Developer/SDKs/MacOSX26.1.sdk/usr/include/mach/policy.h
/Applications/Xcode.app/Contents/Developer/Platforms/MacOSX.platform/Developer/SDKs/MacOSX26.1.sdk/usr/include/mach/task_inspect.h
/Applications/Xcode.app/Contents/Developer/Platforms/MacOSX.platform/Developer/SDKs/MacOSX26.1.sdk/usr/include/mach/task_policy.h
/Applications/Xcode.app/Contents/Developer/Platforms/MacOSX.platform/Developer/SDKs/MacOSX26.1.sdk/usr/include/mach/task_special_ports.h
/Applications/Xcode.app/Contents/Developer/Platforms/MacOSX.platform/Developer/SDKs/MacOSX26.1.sdk/usr/include/mach/thread_info.h
/Applications/Xcode.app/Contents/Developer/Platforms/MacOSX.platform/Developer/SDKs/MacOSX26.1.sdk/usr/include/mach/thread_policy.h
/Applications/Xcode.app/Contents/Developer/Platforms/MacOSX.platform/Developer/SDKs/MacOSX26.1.sdk/usr/include/mach/thread_special_ports.h
/Applications/Xcode.app/Contents/Developer/Platforms/MacOSX.platform/Developer/SDKs/MacOSX26.1.sdk/usr/include/mach/clock_types.h
/Applications/Xcode.app/Contents/Developer/Platforms/MacOSX.platform/Developer/SDKs/MacOSX26.1.sdk/usr/include/mach/vm_attributes.h
/Applications/Xcode.app/Contents/Developer/Platforms/MacOSX.platform/Developer/SDKs/MacOSX26.1.sdk/usr/include/mach/vm_inherit.h
/Applications/Xcode.app/Contents/Developer/Platforms/MacOSX.platform/Developer/SDKs/MacOSX26.1.sdk/usr/include/mach/vm_purgable.h
/Applications/Xcode.app/Contents/Developer/Platforms/MacOSX.platform/Developer/SDKs/MacOSX26.1.sdk/usr/include/mach/vm_behavior.h
/Applications/Xcode.app/Contents/Developer/Platforms/MacOSX.platform/Developer/SDKs/MacOSX26.1.sdk/usr/include/mach/vm_region.h
/Applications/Xcode.app/Contents/Developer/Platforms/MacOSX.platform/Developer/SDKs/MacOSX26.1.sdk/usr/include/mach/machine/vm_param.h
/Applications/Xcode.app/Contents/Developer/Platforms/MacOSX.platform/Developer/SDKs/MacOSX26.1.sdk/usr/include/mach/arm/vm_param.h
/Applications/Xcode.app/Contents/Developer/Platforms/MacOSX.platform/Developer/SDKs/MacOSX26.1.sdk/usr/include/mach/vm_page_size.h
/Applications/Xcode.app/Contents/Developer/Platforms/MacOSX.platform/Developer/SDKs/MacOSX26.1.sdk/usr/include/mach/kmod.h
/Applications/Xcode.app/Contents/Developer/Platforms/MacOSX.platform/Developer/SDKs/MacOSX26.1.sdk/usr/include/mach/dyld_kernel.h
/Applications/Xcode.app/Contents/Developer/Platforms/MacOSX.platform/Developer/SDKs/MacOSX26.1.sdk/usr/include/ConditionalMacros.h
/Applications/Xcode.app/Contents/Developer/Platforms/MacOSX.platform/Developer/SDKs/MacOSX26.1.sdk/usr/include/crt_externs.h
/Applications/Xcode.app/Contents/Developer/Platforms/MacOSX.platform/Developer/SDKs/MacOSX26.1.sdk/usr/include/fts.h
/Applications/Xcode.app/Contents/Developer/Platforms/MacOSX.platform/Developer/SDKs/MacOSX26.1.sdk/usr/include/getopt.h
/Applications/Xcode.app/Contents/Developer/Platforms/MacOSX.platform/Developer/SDKs/MacOSX26.1.sdk/usr/include/AssertMacros.h
/Applications/Xcode.app/Contents/Developer/Platforms/MacOSX.platform/Developer/SDKs/MacOSX26.1.sdk/usr/include/MacTypes.h
/Applications/Xcode.app/Contents/Developer/Platforms/MacOSX.platform/Developer/SDKs/MacOSX26.1.sdk/usr/include/mach/mach.h
/Applications/Xcode.app/Contents/Developer/Platforms/MacOSX.platform/Developer/SDKs/MacOSX26.1.sdk/usr/include/mach/mach_interface.h
/Applications/Xcode.app/Contents/Developer/Platforms/MacOSX.platform/Developer/SDKs/MacOSX26.1.sdk/usr/include/mach/clock_priv.h
/Applications/Xcode.app/Contents/Developer/Platforms/MacOSX.platform/Developer/SDKs/MacOSX26.1.sdk/usr/include/mach/ndr.h
/Applications/Xcode.app/Contents/Developer/Platforms/MacOSX.platform/Developer/SDKs/MacOSX26.1.sdk/usr/include/libkern/OSByteOrder.h
/Applications/Xcode.app/Contents/Developer/Platforms/MacOSX.platform/Developer/SDKs/MacOSX26.1.sdk/usr/include/libkern/arm/OSByteOrder.h
/Applications/Xcode.app/Contents/Developer/Platforms/MacOSX.platform/Developer/SDKs/MacOSX26.1.sdk/usr/include/arm/arch.h
/Applications/Xcode.app/Contents/Developer/Platforms/MacOSX.platform/Developer/SDKs/MacOSX26.1.sdk/usr/include/mach/notify.h
/Applications/Xcode.app/Contents/Developer/Platforms/MacOSX.platform/Developer/SDKs/MacOSX26.1.sdk/usr/include/mach/mig_errors.h
/Applications/Xcode.app/Contents/Developer/Platforms/MacOSX.platform/Developer/SDKs/MacOSX26.1.sdk/usr/include/mach/mig.h
/Applications/Xcode.app/Contents/Developer/Platforms/MacOSX.platform/Developer/SDKs/MacOSX26.1.sdk/usr/include/mach/host_priv.h
/Applications/Xcode.app/Contents/Developer/Platforms/MacOSX.platform/Developer/SDKs/MacOSX26.1.sdk/usr/include/mach_debug/mach_debug_types.h
/Applications/Xcode.app/Contents/Developer/Platforms/MacOSX.platform/Developer/SDKs/MacOSX26.1.sdk/usr/include/mach_debug/vm_info.h
/Applications/Xcode.app/Contents/Developer/Platforms/MacOSX.platform/Developer/SDKs/MacOSX26.1.sdk/usr/include/mach_debug/zone_info.h
/Applications/Xcode.app/Contents/Developer/Platforms/MacOSX.platform/Developer/SDKs/MacOSX26.1.sdk/usr/include/mach_debug/page_info.h
/Applications/Xcode.app/Contents/Developer/Platforms/MacOSX.platform/Developer/SDKs/MacOSX26.1.sdk/usr/include/mach_debug/hash_info.h
/Applications/Xcode.app/Contents/Developer/Platforms/MacOSX.platform/Developer/SDKs/MacOSX26.1.sdk/usr/include/mach_debug/lockgroup_info.h
/Applications/Xcode.app/Contents/Developer/Platforms/MacOSX.platform/Developer/SDKs/MacOSX26.1.sdk/usr/include/mach/host_security.h
/Applications/Xcode.app/Contents/Developer/Platforms/MacOSX.platform/Developer/SDKs/MacOSX26.1.sdk/usr/include/mach/processor.h
/Applications/Xcode.app/Contents/Developer/Platforms/MacOSX.platform/Developer/SDKs/MacOSX26.1.sdk/usr/include/mach/processor_set.h
/Applications/Xcode.app/Contents/Developer/Platforms/MacOSX.platform/Developer/SDKs/MacOSX26.1.sdk/usr/include/mach/semaphore.h
/Applications/Xcode.app/Contents/Developer/Platforms/MacOSX.platform/Developer/SDKs/MacOSX26.1.sdk/usr/include/mach/sync_policy.h
/Applications/Xcode.app/Contents/Developer/Platforms/MacOSX.platform/Developer/SDKs/MacOSX26.1.sdk/usr/include/mach/task.h
/Applications/Xcode.app/Contents/Developer/Platforms/MacOSX.platform/Developer/SDKs/MacOSX26.1.sdk/usr/include/mach/thread_act.h
/Applications/Xcode.app/Contents/Developer/Platforms/MacOSX.platform/Developer/SDKs/MacOSX26.1.sdk/usr/include/mach/vm_map.h
/Applications/Xcode.app/Contents/Developer/Platforms/MacOSX.platform/Developer/SDKs/MacOSX26.1.sdk/usr/include/mach/mach_port.h
/Applications/Xcode.app/Contents/Developer/Platforms/MacOSX.platform/Developer/SDKs/MacOSX26.1.sdk/usr/include/mach/mach_init.h
/Applications/Xcode.app/Contents/Developer/Platforms/MacOSX.platform/Developer/SDKs/MacOSX26.1.sdk/usr/include/mach/mach_traps.h
/Applications/Xcode.app/Contents/Developer/Platforms/MacOSX.platform/Developer/SDKs/MacOSX26.1.sdk/usr/include/mach/error.h
/Applications/Xcode.app/Contents/Developer/Platforms/MacOSX.platform/Developer/SDKs/MacOSX26.1.sdk/usr/include/mach/mach_host.h
/Applications/Xcode.app/Contents/Developer/Platforms/MacOSX.platform/Developer/SDKs/MacOSX26.1.sdk/usr/include/mach/thread_switch.h
/Applications/Xcode.app/Contents/Developer/Platforms/MacOSX.platform/Developer/SDKs/MacOSX26.1.sdk/usr/include/mach/rpc.h
/Applications/Xcode.app/Contents/Developer/Platforms/MacOSX.platform/Developer/SDKs/MacOSX26.1.sdk/usr/include/mach/machine/rpc.h
/Applications/Xcode.app/Contents/Developer/Platforms/MacOSX.platform/Developer/SDKs/MacOSX26.1.sdk/usr/include/mach/arm/rpc.h
/Applications/Xcode.app/Contents/Developer/Platforms/MacOSX.platform/Developer/SDKs/MacOSX26.1.sdk/usr/include/mach/mach_error.h
/Applications/Xcode.app/Contents/Developer/Platforms/MacOSX.platform/Developer/SDKs/MacOSX26.1.sdk/usr/include/mach/audit_triggers_types.h
/Applications/Xcode.app/Contents/Developer/Platforms/MacOSX.platform/Developer/SDKs/MacOSX26.1.sdk/usr/include/mach/bootstrap.h
/Applications/Xcode.app/Contents/Developer/Platforms/MacOSX.platform/Developer/SDKs/MacOSX26.1.sdk/usr/include/mach/clock.h
/Applications/Xcode.app/Contents/Developer/Platforms/MacOSX.platform/Developer/SDKs/MacOSX26.1.sdk/usr/include/mach/clock_reply.h
/Applications/Xcode.app/Contents/Developer/Platforms/MacOSX.platform/Developer/SDKs/MacOSX26.1.sdk/usr/include/mach/exc.h
/Applications/Xcode.app/Contents/Developer/Platforms/MacOSX.platform/Developer/SDKs/MacOSX26.1.sdk/usr/include/mach/exception.h
/Applications/Xcode.app/Contents/Developer/Platforms/MacOSX.platform/Developer/SDKs/MacOSX26.1.sdk/usr/include/mach/host_reboot.h
/Applications/Xcode.app/Contents/Developer/Platforms/MacOSX.platform/Developer/SDKs/MacOSX26.1.sdk/usr/include/arm64/hv/hv_kern_types.h
/Applications/Xcode.app/Contents/Developer/Platforms/MacOSX.platform/Developer/SDKs/MacOSX26.1.sdk/usr/include/mach/mach_param.h
/Applications/Xcode.app/Contents/Developer/Platforms/MacOSX.platform/Developer/SDKs/MacOSX26.1.sdk/usr/include/mach/mach_right.h
/Applications/Xcode.app/Contents/Developer/Platforms/MacOSX.platform/Developer/SDKs/MacOSX26.1.sdk/usr/include/mach/mach_syscalls.h
/Applications/Xcode.app/Contents/Developer/Platforms/MacOSX.platform/Developer/SDKs/MacOSX26.1.sdk/usr/include/mach/mach_time.h
/Applications/Xcode.app/Contents/Developer/Platforms/MacOSX.platform/Developer/SDKs/MacOSX26.1.sdk/usr/include/mach/mach_vm.h
/Applications/Xcode.app/Contents/Developer/Platforms/MacOSX.platform/Developer/SDKs/MacOSX26.1.sdk/usr/include/mach/mach_voucher.h
/Applications/Xcode.app/Contents/Developer/Platforms/MacOSX.platform/Developer/SDKs/MacOSX26.1.sdk/usr/include/mach/memory_entry.h
/Applications/Xcode.app/Contents/Developer/Platforms/MacOSX.platform/Developer/SDKs/MacOSX26.1.sdk/usr/include/mach/mig_strncpy_zerofill_support.h
/Applications/Xcode.app/Contents/Developer/Platforms/MacOSX.platform/Developer/SDKs/MacOSX26.1.sdk/usr/include/mach/mig_voucher_support.h
/Applications/Xcode.app/Contents/Developer/Platforms/MacOSX.platform/Developer/SDKs/MacOSX26.1.sdk/usr/include/mach/port_obj.h
/Applications/Xcode.app/Contents/Developer/Platforms/MacOSX.platform/Developer/SDKs/MacOSX26.1.sdk/usr/include/mach/sdt.h
/Applications/Xcode.app/Contents/Developer/Platforms/MacOSX.platform/Developer/SDKs/MacOSX26.1.sdk/usr/include/mach/machine/sdt.h
/Applications/Xcode.app/Contents/Developer/Platforms/MacOSX.platform/Developer/SDKs/MacOSX26.1.sdk/usr/include/sys/sdt.h
/Applications/Xcode.app/Contents/Developer/Platforms/MacOSX.platform/Developer/SDKs/MacOSX26.1.sdk/usr/include/mach/shared_region.h
/Applications/Xcode.app/Contents/Developer/Platforms/MacOSX.platform/Developer/SDKs/MacOSX26.1.sdk/usr/include/mach/sync.h
/Applications/Xcode.app/Contents/Developer/Platforms/MacOSX.platform/Developer/SDKs/MacOSX26.1.sdk/usr/include/mach/thread_state.h
/Applications/Xcode.app/Contents/Developer/Platforms/MacOSX.platform/Developer/SDKs/MacOSX26.1.sdk/usr/include/mach/vm_param.h
/Applications/Xcode.app/Contents/Developer/Platforms/MacOSX.platform/Developer/SDKs/MacOSX26.1.sdk/usr/include/mach/vm_task.h
/Applications/Xcode.app/Contents/Developer/Platforms/MacOSX.platform/Developer/SDKs/MacOSX26.1.sdk/usr/include/mach/machine/asm.h
/Applications/Xcode.app/Contents/Developer/Platforms/MacOSX.platform/Developer/SDKs/MacOSX26.1.sdk/usr/include/mach/arm64/asm.h
/Applications/Xcode.app/Contents/Developer/Platforms/MacOSX.platform/Developer/SDKs/MacOSX26.1.sdk/usr/include/mach/i386/asm.h
/Applications/Xcode.app/Contents/Developer/Platforms/MacOSX.platform/Developer/SDKs/MacOSX26.1.sdk/usr/include/mach/arm/asm.h
/Applications/Xcode.app/Contents/Developer/Platforms/MacOSX.platform/Developer/SDKs/MacOSX26.1.sdk/usr/include/mach/i386/boolean.h
/Applications/Xcode.app/Contents/Developer/Platforms/MacOSX.platform/Developer/SDKs/MacOSX26.1.sdk/usr/include/mach/i386/exception.h
/Applications/Xcode.app/Contents/Developer/Platforms/MacOSX.platform/Developer/SDKs/MacOSX26.1.sdk/usr/include/mach/i386/fp_reg.h
/Applications/Xcode.app/Contents/Developer/Platforms/MacOSX.platform/Developer/SDKs/MacOSX26.1.sdk/usr/include/mach/i386/kern_return.h
/Applications/Xcode.app/Contents/Developer/Platforms/MacOSX.platform/Developer/SDKs/MacOSX26.1.sdk/usr/include/mach/machine/ndr_def.h
/Applications/Xcode.app/Contents/Developer/Platforms/MacOSX.platform/Developer/SDKs/MacOSX26.1.sdk/usr/include/mach/arm/ndr_def.h
/Applications/Xcode.app/Contents/Developer/Platforms/MacOSX.platform/Developer/SDKs/MacOSX26.1.sdk/usr/include/mach/i386/processor_info.h
/Applications/Xcode.app/Contents/Developer/Platforms/MacOSX.platform/Developer/SDKs/MacOSX26.1.sdk/usr/include/mach/i386/rpc.h
/Applications/Xcode.app/Contents/Developer/Platforms/MacOSX.platform/Developer/SDKs/MacOSX26.1.sdk/usr/include/mach/machine/sdt_isa.h
/Applications/Xcode.app/Contents/Developer/Platforms/MacOSX.platform/Developer/SDKs/MacOSX26.1.sdk/usr/include/mach/arm/sdt_isa.h
/Applications/Xcode.app/Contents/Developer/Platforms/MacOSX.platform/Developer/SDKs/MacOSX26.1.sdk/usr/include/mach/i386/sdt_isa.h
/Applications/Xcode.app/Contents/Developer/Platforms/MacOSX.platform/Developer/SDKs/MacOSX26.1.sdk/usr/include/mach/i386/thread_state.h
/Applications/Xcode.app/Contents/Developer/Platforms/MacOSX.platform/Developer/SDKs/MacOSX26.1.sdk/usr/include/mach/i386/thread_status.h
/Applications/Xcode.app/Contents/Developer/Platforms/MacOSX.platform/Developer/SDKs/MacOSX26.1.sdk/usr/include/mach/arm/traps.h
/Applications/Xcode.app/Contents/Developer/Platforms/MacOSX.platform/Developer/SDKs/MacOSX26.1.sdk/usr/include/mach/i386/vm_param.h
/Applications/Xcode.app/Contents/Developer/Platforms/MacOSX.platform/Developer/SDKs/MacOSX26.1.sdk/usr/include/mach/i386/vm_types.h
/Applications/Xcode.app/Contents/Developer/Platforms/MacOSX.platform/Developer/SDKs/MacOSX26.1.sdk/usr/include/mach_debug/mach_debug.h
/Applications/Xcode.app/Contents/Developer/Platforms/MacOSX.platform/Developer/SDKs/MacOSX26.1.sdk/usr/include/device/device_types.h
/Applications/Xcode.app/Contents/Developer/Platforms/MacOSX.platform/Developer/SDKs/MacOSX26.1.sdk/usr/include/device/device_port.h
/Applications/Xcode.app/Contents/Developer/Platforms/MacOSX.platform/Developer/SDKs/MacOSX26.1.sdk/usr/include/libkern/OSAtomic.h
/Applications/Xcode.app/Contents/Developer/Platforms/MacOSX.platform/Developer/SDKs/MacOSX26.1.sdk/usr/include/libkern/OSAtomicDeprecated.h
/Applications/Xcode.app/Contents/Developer/Platforms/MacOSX.platform/Developer/SDKs/MacOSX26.1.sdk/usr/include/libkern/OSSpinLockDeprecated.h
/Applications/Xcode.app/Contents/Developer/Platforms/MacOSX.platform/Developer/SDKs/MacOSX26.1.sdk/usr/include/libkern/OSAtomicQueue.h
/Applications/Xcode.app/Contents/Developer/Platforms/MacOSX.platform/Developer/SDKs/MacOSX26.1.sdk/usr/include/libkern/machine/OSByteOrder.h
/Applications/Xcode.app/Contents/Developer/Platforms/MacOSX.platform/Developer/SDKs/MacOSX26.1.sdk/usr/include/libkern/i386/OSByteOrder.h
/Applications/Xcode.app/Contents/Developer/Platforms/MacOSX.platform/Developer/SDKs/MacOSX26.1.sdk/usr/include/libproc.h
/Applications/Xcode.app/Contents/Developer/Platforms/MacOSX.platform/Developer/SDKs/MacOSX26.1.sdk/usr/include/sys/mount.h
/Applications/Xcode.app/Contents/Developer/Platforms/MacOSX.platform/Developer/SDKs/MacOSX26.1.sdk/usr/include/sys/attr.h
/Applications/Xcode.app/Contents/Developer/Platforms/MacOSX.platform/Developer/SDKs/MacOSX26.1.sdk/usr/include/sys/proc_info.h
/Applications/Xcode.app/Contents/Developer/Platforms/MacOSX.platform/Developer/SDKs/MacOSX26.1.sdk/usr/include/sys/kern_control.h
/Applications/Xcode.app/Contents/Developer/Platforms/MacOSX.platform/Developer/SDKs/MacOSX26.1.sdk/usr/include/os/clock.h
/Applications/Xcode.app/Contents/Developer/Platforms/MacOSX.platform/Developer/SDKs/MacOSX26.1.sdk/usr/include/os/lock.h
/Applications/Xcode.app/Contents/Developer/Platforms/MacOSX.platform/Developer/SDKs/MacOSX26.1.sdk/usr/include/os/proc.h
/Applications/Xcode.app/Contents/Developer/Platforms/MacOSX.platform/Developer/SDKs/MacOSX26.1.sdk/usr/include/malloc/malloc.h
/Applications/Xcode.app/Contents/Developer/Platforms/MacOSX.platform/Developer/SDKs/MacOSX26.1.sdk/usr/include/malloc/_platform.h
/Applications/Xcode.app/Contents/Developer/Platforms/MacOSX.platform/Developer/SDKs/MacOSX26.1.sdk/usr/include/sys/malloc.h
/Applications/Xcode.app/Contents/Developer/Platforms/MacOSX.platform/Developer/SDKs/MacOSX26.1.sdk/usr/include/i386/_param.h
/Applications/Xcode.app/Contents/Developer/Platforms/MacOSX.platform/Developer/SDKs/MacOSX26.1.sdk/usr/include/machine/byte_order.h
/Applications/Xcode.app/Contents/Developer/Platforms/MacOSX.platform/Developer/SDKs/MacOSX26.1.sdk/usr/include/architecture/byte_order.h
/Applications/Xcode.app/Contents/Developer/Platforms/MacOSX.platform/Developer/SDKs/MacOSX26.1.sdk/usr/include/i386/eflags.h
/Applications/Xcode.app/Contents/Developer/Platforms/MacOSX.platform/Developer/SDKs/MacOSX26.1.sdk/usr/include/machine/fasttrap_isa.h
/Applications/Xcode.app/Contents/Developer/Platforms/MacOSX.platform/Developer/SDKs/MacOSX26.1.sdk/usr/include/arm/fasttrap_isa.h
/Applications/Xcode.app/Contents/Developer/Platforms/MacOSX.platform/Developer/SDKs/MacOSX26.1.sdk/usr/include/i386/fasttrap_isa.h
/Applications/Xcode.app/Contents/Developer/Platforms/MacOSX.platform/Developer/SDKs/MacOSX26.1.sdk/usr/include/i386/param.h
/Applications/Xcode.app/Contents/Developer/Platforms/MacOSX.platform/Developer/SDKs/MacOSX26.1.sdk/usr/include/machine/profile.h
/Applications/Xcode.app/Contents/Developer/Platforms/MacOSX.platform/Developer/SDKs/MacOSX26.1.sdk/usr/include/arm/profile.h
/Applications/Xcode.app/Contents/Developer/Platforms/MacOSX.platform/Developer/SDKs/MacOSX26.1.sdk/usr/include/i386/profile.h
/Applications/Xcode.app/Contents/Developer/Platforms/MacOSX.platform/Developer/SDKs/MacOSX26.1.sdk/usr/include/i386/user_ldt.h
/Applications/Xcode.app/Contents/Developer/Platforms/MacOSX.platform/Developer/SDKs/MacOSX26.1.sdk/usr/include/machine/vmparam.h
/Applications/Xcode.app/Contents/Developer/Platforms/MacOSX.platform/Developer/SDKs/MacOSX26.1.sdk/usr/include/arm/vmparam.h
/Applications/Xcode.app/Contents/Developer/Platforms/MacOSX.platform/Developer/SDKs/MacOSX26.1.sdk/usr/include/i386/vmparam.h
/Applications/Xcode.app/Contents/Developer/Platforms/MacOSX.platform/Developer/SDKs/MacOSX26.1.sdk/usr/include/aliasdb.h
/Applications/Xcode.app/Contents/Developer/Platforms/MacOSX.platform/Developer/SDKs/MacOSX26.1.sdk/usr/include/bootparams.h
/Applications/Xcode.app/Contents/Developer/Platforms/MacOSX.platform/Developer/SDKs/MacOSX26.1.sdk/usr/include/Block.h
/Applications/Xcode.app/Contents/Developer/Platforms/MacOSX.platform/Developer/SDKs/MacOSX26.1.sdk/usr/include/bsm/audit_domain.h
/Applications/Xcode.app/Contents/Developer/Platforms/MacOSX.platform/Developer/SDKs/MacOSX26.1.sdk/usr/include/bsm/audit_errno.h
/Applications/Xcode.app/Contents/Developer/Platforms/MacOSX.platform/Developer/SDKs/MacOSX26.1.sdk/usr/include/bsm/audit_fcntl.h
/Applications/Xcode.app/Contents/Developer/Platforms/MacOSX.platform/Developer/SDKs/MacOSX26.1.sdk/usr/include/bsm/audit_filter.h
/Applications/Xcode.app/Contents/Developer/Platforms/MacOSX.platform/Developer/SDKs/MacOSX26.1.sdk/usr/include/bsm/libbsm.h
/Applications/Xcode.app/Contents/Developer/Platforms/MacOSX.platform/Developer/SDKs/MacOSX26.1.sdk/usr/include/bsm/audit_record.h
/Applications/Xcode.app/Contents/Developer/Platforms/MacOSX.platform/Developer/SDKs/MacOSX26.1.sdk/usr/include/bsm/audit_internal.h
/Applications/Xcode.app/Contents/Developer/Platforms/MacOSX.platform/Developer/SDKs/MacOSX26.1.sdk/usr/include/bsm/audit_kevents.h
/Applications/Xcode.app/Contents/Developer/Platforms/MacOSX.platform/Developer/SDKs/MacOSX26.1.sdk/usr/include/bsm/audit_session.h
/Applications/Xcode.app/Contents/Developer/Platforms/MacOSX.platform/Developer/SDKs/MacOSX26.1.sdk/usr/include/bsm/audit_socket_type.h
/Applications/Xcode.app/Contents/Developer/Platforms/MacOSX.platform/Developer/SDKs/MacOSX26.1.sdk/usr/include/bsm/audit_uevents.h
/Applications/Xcode.app/Contents/Developer/Platforms/MacOSX.platform/Developer/SDKs/MacOSX26.1.sdk/usr/include/execinfo.h
/Applications/Xcode.app/Contents/Developer/Platforms/MacOSX.platform/Developer/SDKs/MacOSX26.1.sdk/usr/include/fstab.h
/Applications/Xcode.app/Contents/Developer/Platforms/MacOSX.platform/Developer/SDKs/MacOSX26.1.sdk/usr/include/hfs/hfs_format.h
/Applications/Xcode.app/Contents/Developer/Platforms/MacOSX.platform/Developer/SDKs/MacOSX26.1.sdk/usr/include/hfs/hfs_unistr.h
/Applications/Xcode.app/Contents/Developer/Platforms/MacOSX.platform/Developer/SDKs/MacOSX26.1.sdk/usr/include/hfs/hfs_mount.h
/Applications/Xcode.app/Contents/Developer/Platforms/MacOSX.platform/Developer/SDKs/MacOSX26.1.sdk/usr/include/membership.h
/Applications/Xcode.app/Contents/Developer/Platforms/MacOSX.platform/Developer/SDKs/MacOSX26.1.sdk/usr/include/ntsid.h
/Applications/Xcode.app/Contents/Developer/Platforms/MacOSX.platform/Developer/SDKs/MacOSX26.1.sdk/usr/include/curses.h
/Applications/Xcode.app/Contents/Developer/Platforms/MacOSX.platform/Developer/SDKs/MacOSX26.1.sdk/usr/include/ncurses_dll.h
/Applications/Xcode.app/Contents/Developer/Platforms/MacOSX.platform/Developer/SDKs/MacOSX26.1.sdk/usr/include/unctrl.h
/Applications/Xcode.app/Contents/Developer/Platforms/MacOSX.platform/Developer/SDKs/MacOSX26.1.sdk/usr/include/eti.h
/Applications/Xcode.app/Contents/Developer/Platforms/MacOSX.platform/Developer/SDKs/MacOSX26.1.sdk/usr/include/nc_tparm.h
/Applications/Xcode.app/Contents/Developer/Platforms/MacOSX.platform/Developer/SDKs/MacOSX26.1.sdk/usr/include/form.h
/Applications/Xcode.app/Contents/Developer/Platforms/MacOSX.platform/Developer/SDKs/MacOSX26.1.sdk/usr/include/menu.h
/Applications/Xcode.app/Contents/Developer/Platforms/MacOSX.platform/Developer/SDKs/MacOSX26.1.sdk/usr/include/panel.h
/Applications/Xcode.app/Contents/Developer/Platforms/MacOSX.platform/Developer/SDKs/MacOSX26.1.sdk/usr/include/netinet6/ah.h
/Applications/Xcode.app/Contents/Developer/Platforms/MacOSX.platform/Developer/SDKs/MacOSX26.1.sdk/usr/include/netinet6/esp.h
/Applications/Xcode.app/Contents/Developer/Platforms/MacOSX.platform/Developer/SDKs/MacOSX26.1.sdk/usr/include/netinet6/ipcomp.h
/Applications/Xcode.app/Contents/Developer/Platforms/MacOSX.platform/Developer/SDKs/MacOSX26.1.sdk/usr/include/netinet6/ipsec.h
/Applications/Xcode.app/Contents/Developer/Platforms/MacOSX.platform/Developer/SDKs/MacOSX26.1.sdk/usr/include/netinet6/raw_ip6.h
/Applications/Xcode.app/Contents/Developer/Platforms/MacOSX.platform/Developer/SDKs/MacOSX26.1.sdk/usr/include/printerdb.h
/Applications/Xcode.app/Contents/Developer/Platforms/MacOSX.platform/Developer/SDKs/MacOSX26.1.sdk/usr/include/sys/_structs.h
/Applications/Xcode.app/Contents/Developer/Platforms/MacOSX.platform/Developer/SDKs/MacOSX26.1.sdk/usr/include/sys/acct.h
/Applications/Xcode.app/Contents/Developer/Platforms/MacOSX.platform/Developer/SDKs/MacOSX26.1.sdk/usr/include/sys/acl.h
/Applications/Xcode.app/Contents/Developer/Platforms/MacOSX.platform/Developer/SDKs/MacOSX26.1.sdk/usr/include/sys/kauth.h
/Applications/Xcode.app/Contents/Developer/Platforms/MacOSX.platform/Developer/SDKs/MacOSX26.1.sdk/usr/include/sys/buf.h
/Applications/Xcode.app/Contents/Developer/Platforms/MacOSX.platform/Developer/SDKs/MacOSX26.1.sdk/usr/include/sys/kernel_types.h
/Applications/Xcode.app/Contents/Developer/Platforms/MacOSX.platform/Developer/SDKs/MacOSX26.1.sdk/usr/include/sys/clonefile.h
/Applications/Xcode.app/Contents/Developer/Platforms/MacOSX.platform/Developer/SDKs/MacOSX26.1.sdk/usr/include/sys/commpage.h
/Applications/Xcode.app/Contents/Developer/Platforms/MacOSX.platform/Developer/SDKs/MacOSX26.1.sdk/usr/include/sys/conf.h
/Applications/Xcode.app/Contents/Developer/Platforms/MacOSX.platform/Developer/SDKs/MacOSX26.1.sdk/usr/include/sys/disk.h
/Applications/Xcode.app/Contents/Developer/Platforms/MacOSX.platform/Developer/SDKs/MacOSX26.1.sdk/usr/include/sys/dkstat.h
/Applications/Xcode.app/Contents/Developer/Platforms/MacOSX.platform/Developer/SDKs/MacOSX26.1.sdk/usr/include/sys/domain.h
/Applications/Xcode.app/Contents/Developer/Platforms/MacOSX.platform/Developer/SDKs/MacOSX26.1.sdk/usr/include/sys/ev.h
/Applications/Xcode.app/Contents/Developer/Platforms/MacOSX.platform/Developer/SDKs/MacOSX26.1.sdk/usr/include/sys/file.h
/Applications/Xcode.app/Contents/Developer/Platforms/MacOSX.platform/Developer/SDKs/MacOSX26.1.sdk/usr/include/sys/filedesc.h
/Applications/Xcode.app/Contents/Developer/Platforms/MacOSX.platform/Developer/SDKs/MacOSX26.1.sdk/usr/include/sys/fileport.h
/Applications/Xcode.app/Contents/Developer/Platforms/MacOSX.platform/Developer/SDKs/MacOSX26.1.sdk/usr/include/sys/fsgetpath.h
/Applications/Xcode.app/Contents/Developer/Platforms/MacOSX.platform/Developer/SDKs/MacOSX26.1.sdk/usr/include/sys/gmon.h
/Applications/Xcode.app/Contents/Developer/Platforms/MacOSX.platform/Developer/SDKs/MacOSX26.1.sdk/usr/include/sys/ioctl_compat.h
/Applications/Xcode.app/Contents/Developer/Platforms/MacOSX.platform/Developer/SDKs/MacOSX26.1.sdk/usr/include/sys/ttychars.h
/Applications/Xcode.app/Contents/Developer/Platforms/MacOSX.platform/Developer/SDKs/MacOSX26.1.sdk/usr/include/sys/ttydev.h
/Applications/Xcode.app/Contents/Developer/Platforms/MacOSX.platform/Developer/SDKs/MacOSX26.1.sdk/usr/include/sys/kdebug.h
/Applications/Xcode.app/Contents/Developer/Platforms/MacOSX.platform/Developer/SDKs/MacOSX26.1.sdk/usr/include/sys/kdebug_signpost.h
/Applications/Xcode.app/Contents/Developer/Platforms/MacOSX.platform/Developer/SDKs/MacOSX26.1.sdk/usr/include/sys/lctx.h
/Applications/Xcode.app/Contents/Developer/Platforms/MacOSX.platform/Developer/SDKs/MacOSX26.1.sdk/usr/include/sys/mbuf.h
/Applications/Xcode.app/Contents/Developer/Platforms/MacOSX.platform/Developer/SDKs/MacOSX26.1.sdk/usr/include/sys/msgbuf.h
/Applications/Xcode.app/Contents/Developer/Platforms/MacOSX.platform/Developer/SDKs/MacOSX26.1.sdk/usr/include/sys/netport.h
/Applications/Xcode.app/Contents/Developer/Platforms/MacOSX.platform/Developer/SDKs/MacOSX26.1.sdk/usr/include/sys/paths.h
/Applications/Xcode.app/Contents/Developer/Platforms/MacOSX.platform/Developer/SDKs/MacOSX26.1.sdk/usr/include/sys/pipe.h
/Applications/Xcode.app/Contents/Developer/Platforms/MacOSX.platform/Developer/SDKs/MacOSX26.1.sdk/usr/include/sys/quota.h
/Applications/Xcode.app/Contents/Developer/Platforms/MacOSX.platform/Developer/SDKs/MacOSX26.1.sdk/usr/include/sys/rbtree.h
/Applications/Xcode.app/Contents/Developer/Platforms/MacOSX.platform/Developer/SDKs/MacOSX26.1.sdk/usr/include/sys/reboot.h
/Applications/Xcode.app/Contents/Developer/Platforms/MacOSX.platform/Developer/SDKs/MacOSX26.1.sdk/usr/include/sys/resourcevar.h
/Applications/Xcode.app/Contents/Developer/Platforms/MacOSX.platform/Developer/SDKs/MacOSX26.1.sdk/usr/include/sys/sbuf.h
/Applications/Xcode.app/Contents/Developer/Platforms/MacOSX.platform/Developer/SDKs/MacOSX26.1.sdk/usr/include/sys/signalvar.h
/Applications/Xcode.app/Contents/Developer/Platforms/MacOSX.platform/Developer/SDKs/MacOSX26.1.sdk/usr/include/sys/syscall.h
/Applications/Xcode.app/Contents/Developer/Platforms/MacOSX.platform/Developer/SDKs/MacOSX26.1.sdk/usr/include/sys/timeb.h
/Applications/Xcode.app/Contents/Developer/Platforms/MacOSX.platform/Developer/SDKs/MacOSX26.1.sdk/usr/include/sys/trace.h
/Applications/Xcode.app/Contents/Developer/Platforms/MacOSX.platform/Developer/SDKs/MacOSX26.1.sdk/usr/include/sys/tty.h
/Applications/Xcode.app/Contents/Developer/Platforms/MacOSX.platform/Developer/SDKs/MacOSX26.1.sdk/usr/include/sys/ucontext.h
/Applications/Xcode.app/Contents/Developer/Platforms/MacOSX.platform/Developer/SDKs/MacOSX26.1.sdk/usr/include/sys/unpcb.h
/Applications/Xcode.app/Contents/Developer/Platforms/MacOSX.platform/Developer/SDKs/MacOSX26.1.sdk/usr/include/sys/user.h
/Applications/Xcode.app/Contents/Developer/Platforms/MacOSX.platform/Developer/SDKs/MacOSX26.1.sdk/usr/include/sys/utfconv.h
/Applications/Xcode.app/Contents/Developer/Platforms/MacOSX.platform/Developer/SDKs/MacOSX26.1.sdk/usr/include/sys/vcmd.h
/Applications/Xcode.app/Contents/Developer/Platforms/MacOSX.platform/Developer/SDKs/MacOSX26.1.sdk/usr/include/sys/vnode.h
/Applications/Xcode.app/Contents/Developer/Platforms/MacOSX.platform/Developer/SDKs/MacOSX26.1.sdk/usr/include/_modules/_darwin_sys_signal.h
/Applications/Xcode.app/Contents/Developer/Platforms/MacOSX.platform/Developer/SDKs/MacOSX26.1.sdk/usr/include/sysdir.h
/Applications/Xcode.app/Contents/Developer/Platforms/MacOSX.platform/Developer/SDKs/MacOSX26.1.sdk/usr/include/libc.h
/Applications/Xcode.app/Contents/Developer/Platforms/MacOSX.platform/Developer/SDKs/MacOSX26.1.sdk/usr/include/paths.h
/Applications/Xcode.app/Contents/Developer/Platforms/MacOSX.platform/Developer/SDKs/MacOSX26.1.sdk/usr/include/sysexits.h
/Applications/Xcode.app/Contents/Developer/Platforms/MacOSX.platform/Developer/SDKs/MacOSX26.1.sdk/SDKSettings.json
/Applications/Xcode.app/Contents/Developer/Platforms/MacOSX.platform/Developer/SDKs/MacOSX26.1.sdk/System/Library/Frameworks/DiskArbitration.framework/Modules/module.modulemap
/Applications/Xcode.app/Contents/Developer/Platforms/MacOSX.platform/Developer/SDKs/MacOSX26.1.sdk/System/Library/Frameworks/DiskArbitration.framework/Headers/DiskArbitration.h
/Applications/Xcode.app/Contents/Developer/Platforms/MacOSX.platform/Developer/SDKs/MacOSX26.1.sdk/System/Library/Frameworks/CoreFoundation.framework/Modules/module.modulemap
/Applications/Xcode.app/Contents/Developer/Platforms/MacOSX.platform/Developer/SDKs/MacOSX26.1.sdk/usr/include/Darwin.modulemap
/Applications/Xcode.app/Contents/Developer/Platforms/MacOSX.platform/Developer/SDKs/MacOSX26.1.sdk/usr/include/DarwinFoundation1.modulemap
/Applications/Xcode.app/Contents/Developer/Platforms/MacOSX.platform/Developer/SDKs/MacOSX26.1.sdk/System/Library/Frameworks/DiskArbitration.framework/Headers/DADisk.h
/Applications/Xcode.app/Contents/Developer/Platforms/MacOSX.platform/Developer/SDKs/MacOSX26.1.sdk/System/Library/Frameworks/IOKit.framework/Modules/module.modulemap
/Applications/Xcode.app/Contents/Developer/Platforms/MacOSX.platform/Developer/SDKs/MacOSX26.1.sdk/System/Library/Frameworks/DiskArbitration.framework/Headers/DASession.h
/Applications/Xcode.app/Contents/Developer/Platforms/MacOSX.platform/Developer/SDKs/MacOSX26.1.sdk/System/Library/Frameworks/DiskArbitration.framework/Headers/DADissenter.h
/Applications/Xcode.app/Contents/Developer/Platforms/MacOSX.platform/Developer/SDKs/MacOSX26.1.sdk/SDKSettings.json
/Applications/Xcode.app/Contents/Developer/Toolchains/XcodeDefault.xctoolchain/usr/lib/swift/macosx/prebuilt-modules/26.1/Dispatch.swiftmodule/arm64e-apple-macos.swiftmodule
/Applications/Xcode.app/Contents/Developer/Platforms/MacOSX.platform/Developer/SDKs/MacOSX26.1.sdk/usr/include/Dispatch.apinotes
/Applications/Xcode.app/Contents/Developer/Platforms/MacOSX.platform/Developer/SDKs/MacOSX26.1.sdk/usr/include/dispatch.modulemap
/Applications/Xcode.app/Contents/Developer/Platforms/MacOSX.platform/Developer/SDKs/MacOSX26.1.sdk/usr/include/os.modulemap
/Applications/Xcode.app/Contents/Developer/Platforms/MacOSX.platform/Developer/SDKs/MacOSX26.1.sdk/usr/include/Darwin.modulemap
/Applications/Xcode.app/Contents/Developer/Platforms/MacOSX.platform/Developer/SDKs/MacOSX26.1.sdk/usr/include/Darwin_C.modulemap
/Applications/Xcode.app/Contents/Developer/Platforms/MacOSX.platform/Developer/SDKs/MacOSX26.1.sdk/usr/include/Darwin_POSIX.modulemap
/Applications/Xcode.app/Contents/Developer/Platforms/MacOSX.platform/Developer/SDKs/MacOSX26.1.sdk/usr/include/net.modulemap
/Applications/Xcode.app/Contents/Developer/Platforms/MacOSX.platform/Developer/SDKs/MacOSX26.1.sdk/usr/include/netinet.modulemap
/Applications/Xcode.app/Contents/Developer/Platforms/MacOSX.platform/Developer/SDKs/MacOSX26.1.sdk/usr/include/bank.modulemap
/Applications/Xcode.app/Contents/Developer/Platforms/MacOSX.platform/Developer/SDKs/MacOSX26.1.sdk/usr/include/Darwin_Mach.modulemap
/Applications/Xcode.app/Contents/Developer/Platforms/MacOSX.platform/Developer/SDKs/MacOSX26.1.sdk/usr/include/Darwin_Mach_machine.modulemap
/Applications/Xcode.app/Contents/Developer/Platforms/MacOSX.platform/Developer/SDKs/MacOSX26.1.sdk/usr/include/mach_debug.modulemap
/Applications/Xcode.app/Contents/Developer/Platforms/MacOSX.platform/Developer/SDKs/MacOSX26.1.sdk/usr/include/device.modulemap
/Applications/Xcode.app/Contents/Developer/Platforms/MacOSX.platform/Developer/SDKs/MacOSX26.1.sdk/usr/include/Darwin_machine.modulemap
/Applications/Xcode.app/Contents/Developer/Platforms/MacOSX.platform/Developer/SDKs/MacOSX26.1.sdk/usr/include/ncurses.modulemap
/Applications/Xcode.app/Contents/Developer/Platforms/MacOSX.platform/Developer/SDKs/MacOSX26.1.sdk/usr/include/netinet6.modulemap
/Applications/Xcode.app/Contents/Developer/Platforms/MacOSX.platform/Developer/SDKs/MacOSX26.1.sdk/usr/include/Darwin_sys.modulemap
/Applications/Xcode.app/Contents/Developer/Platforms/MacOSX.platform/Developer/SDKs/MacOSX26.1.sdk/usr/include/uuid.modulemap
/Applications/Xcode.app/Contents/Developer/Platforms/MacOSX.platform/Developer/SDKs/MacOSX26.1.sdk/usr/include/DarwinFoundation2.modulemap
/Applications/Xcode.app/Contents/Developer/Platforms/MacOSX.platform/Developer/SDKs/MacOSX26.1.sdk/usr/include/DarwinFoundation3.modulemap
/Applications/Xcode.app/Contents/Developer/Platforms/MacOSX.platform/Developer/SDKs/MacOSX26.1.sdk/usr/include/DarwinFoundation1.modulemap
/Applications/Xcode.app/Contents/Developer/Platforms/MacOSX.platform/Developer/SDKs/MacOSX26.1.sdk/usr/include/dispatch/dispatch.h
/Applications/Xcode.app/Contents/Developer/Toolchains/XcodeDefault.xctoolchain/usr/lib/swift/clang/include/module.modulemap
/Applications/Xcode.app/Contents/Developer/Toolchains/XcodeDefault.xctoolchain/usr/lib/swift/clang/include/stddef.h
/Applications/Xcode.app/Contents/Developer/Toolchains/XcodeDefault.xctoolchain/usr/lib/swift/clang/include/stdarg.h
/Applications/Xcode.app/Contents/Developer/Platforms/MacOSX.platform/Developer/SDKs/MacOSX26.1.sdk/usr/include/string.h
/Applications/Xcode.app/Contents/Developer/Platforms/MacOSX.platform/Developer/SDKs/MacOSX26.1.sdk/usr/include/dispatch/base.h
/Applications/Xcode.app/Contents/Developer/Platforms/MacOSX.platform/Developer/SDKs/MacOSX26.1.sdk/usr/include/dispatch/time.h
/Applications/Xcode.app/Contents/Developer/Platforms/MacOSX.platform/Developer/SDKs/MacOSX26.1.sdk/usr/include/dispatch/object.h
/Applications/Xcode.app/Contents/Developer/Platforms/MacOSX.platform/Developer/SDKs/MacOSX26.1.sdk/usr/include/dispatch/queue.h
/Applications/Xcode.app/Contents/Developer/Platforms/MacOSX.platform/Developer/SDKs/MacOSX26.1.sdk/usr/include/dispatch/block.h
/Applications/Xcode.app/Contents/Developer/Platforms/MacOSX.platform/Developer/SDKs/MacOSX26.1.sdk/usr/include/dispatch/source.h
/Applications/Xcode.app/Contents/Developer/Platforms/MacOSX.platform/Developer/SDKs/MacOSX26.1.sdk/usr/include/dispatch/group.h
/Applications/Xcode.app/Contents/Developer/Platforms/MacOSX.platform/Developer/SDKs/MacOSX26.1.sdk/usr/include/dispatch/semaphore.h
/Applications/Xcode.app/Contents/Developer/Platforms/MacOSX.platform/Developer/SDKs/MacOSX26.1.sdk/usr/include/dispatch/once.h
/Applications/Xcode.app/Contents/Developer/Platforms/MacOSX.platform/Developer/SDKs/MacOSX26.1.sdk/usr/include/dispatch/data.h
/Applications/Xcode.app/Contents/Developer/Platforms/MacOSX.platform/Developer/SDKs/MacOSX26.1.sdk/usr/include/dispatch/io.h
/Applications/Xcode.app/Contents/Developer/Platforms/MacOSX.platform/Developer/SDKs/MacOSX26.1.sdk/usr/include/dispatch/workloop.h
/Applications/Xcode.app/Contents/Developer/Platforms/MacOSX.platform/Developer/SDKs/MacOSX26.1.sdk/usr/include/dispatch/dispatch_swift_shims.h
/Applications/Xcode.app/Contents/Developer/Platforms/MacOSX.platform/Developer/SDKs/MacOSX26.1.sdk/SDKSettings.json
/Applications/Xcode.app/Contents/Developer/Toolchains/XcodeDefault.xctoolchain/usr/lib/swift/macosx/prebuilt-modules/26.1/Foundation.swiftmodule/arm64e-apple-macos.swiftmodule
/Applications/Xcode.app/Contents/Developer/Platforms/MacOSX.platform/Developer/SDKs/MacOSX26.1.sdk/System/Library/Frameworks/Foundation.framework/Headers/Foundation.apinotes
/Applications/Xcode.app/Contents/Developer/Platforms/MacOSX.platform/Developer/SDKs/MacOSX26.1.sdk/System/Library/Frameworks/Foundation.framework/Modules/module.modulemap
/Applications/Xcode.app/Contents/Developer/Platforms/MacOSX.platform/Developer/SDKs/MacOSX26.1.sdk/System/Library/Frameworks/Foundation.framework/Headers/Foundation.h
/Applications/Xcode.app/Contents/Developer/Platforms/MacOSX.platform/Developer/SDKs/MacOSX26.1.sdk/System/Library/Frameworks/CoreFoundation.framework/Modules/module.modulemap
/Applications/Xcode.app/Contents/Developer/Platforms/MacOSX.platform/Developer/SDKs/MacOSX26.1.sdk/System/Library/Frameworks/Foundation.framework/Headers/NSObjCRuntime.h
/Applications/Xcode.app/Contents/Developer/Platforms/MacOSX.platform/Developer/SDKs/MacOSX26.1.sdk/usr/include/xpc.modulemap
/Applications/Xcode.app/Contents/Developer/Platforms/MacOSX.platform/Developer/SDKs/MacOSX26.1.sdk/usr/include/dispatch.modulemap
/Applications/Xcode.app/Contents/Developer/Platforms/MacOSX.platform/Developer/SDKs/MacOSX26.1.sdk/usr/include/ObjectiveC.modulemap
/Applications/Xcode.app/Contents/Developer/Platforms/MacOSX.platform/Developer/SDKs/MacOSX26.1.sdk/usr/include/Darwin.modulemap
/Applications/Xcode.app/Contents/Developer/Platforms/MacOSX.platform/Developer/SDKs/MacOSX26.1.sdk/usr/include/DarwinFoundation1.modulemap
/Applications/Xcode.app/Contents/Developer/Toolchains/XcodeDefault.xctoolchain/usr/lib/swift/clang/include/module.modulemap
/Applications/Xcode.app/Contents/Developer/Toolchains/XcodeDefault.xctoolchain/usr/lib/swift/clang/include/stdarg.h
/Applications/Xcode.app/Contents/Developer/Platforms/MacOSX.platform/Developer/SDKs/MacOSX26.1.sdk/System/Library/Frameworks/Foundation.framework/Headers/NSArray.h
/Applications/Xcode.app/Contents/Developer/Platforms/MacOSX.platform/Developer/SDKs/MacOSX26.1.sdk/System/Library/Frameworks/Foundation.framework/Headers/NSObject.h
/Applications/Xcode.app/Contents/Developer/Platforms/MacOSX.platform/Developer/SDKs/MacOSX26.1.sdk/System/Library/Frameworks/Foundation.framework/Headers/NSZone.h
/Applications/Xcode.app/Contents/Developer/Toolchains/XcodeDefault.xctoolchain/usr/lib/swift/clang/include/stddef.h
/Applications/Xcode.app/Contents/Developer/Platforms/MacOSX.platform/Developer/SDKs/MacOSX26.1.sdk/System/Library/Frameworks/Foundation.framework/Headers/NSEnumerator.h
/Applications/Xcode.app/Contents/Developer/Platforms/MacOSX.platform/Developer/SDKs/MacOSX26.1.sdk/System/Library/Frameworks/Foundation.framework/Headers/NSRange.h
/Applications/Xcode.app/Contents/Developer/Platforms/MacOSX.platform/Developer/SDKs/MacOSX26.1.sdk/System/Library/Frameworks/Foundation.framework/Headers/NSValue.h
/Applications/Xcode.app/Contents/Developer/Platforms/MacOSX.platform/Developer/SDKs/MacOSX26.1.sdk/System/Library/Frameworks/Foundation.framework/Headers/NSOrderedCollectionDifference.h
/Applications/Xcode.app/Contents/Developer/Platforms/MacOSX.platform/Developer/SDKs/MacOSX26.1.sdk/System/Library/Frameworks/Foundation.framework/Headers/NSOrderedCollectionChange.h
/Applications/Xcode.app/Contents/Developer/Platforms/MacOSX.platform/Developer/SDKs/MacOSX26.1.sdk/System/Library/Frameworks/Foundation.framework/Headers/NSIndexSet.h
/Applications/Xcode.app/Contents/Developer/Platforms/MacOSX.platform/Developer/SDKs/MacOSX26.1.sdk/System/Library/Frameworks/Foundation.framework/Headers/NSAutoreleasePool.h
/Applications/Xcode.app/Contents/Developer/Platforms/MacOSX.platform/Developer/SDKs/MacOSX26.1.sdk/System/Library/Frameworks/Foundation.framework/Headers/NSBundle.h
/Applications/Xcode.app/Contents/Developer/Platforms/MacOSX.platform/Developer/SDKs/MacOSX26.1.sdk/System/Library/Frameworks/Foundation.framework/Headers/NSString.h
/Applications/Xcode.app/Contents/Developer/Platforms/MacOSX.platform/Developer/SDKs/MacOSX26.1.sdk/System/Library/Frameworks/Foundation.framework/Headers/NSItemProvider.h
/Applications/Xcode.app/Contents/Developer/Platforms/MacOSX.platform/Developer/SDKs/MacOSX26.1.sdk/System/Library/Frameworks/Foundation.framework/Headers/NSDictionary.h
/Applications/Xcode.app/Contents/Developer/Platforms/MacOSX.platform/Developer/SDKs/MacOSX26.1.sdk/System/Library/Frameworks/Foundation.framework/Headers/NSSet.h
/Applications/Xcode.app/Contents/Developer/Platforms/MacOSX.platform/Developer/SDKs/MacOSX26.1.sdk/System/Library/Frameworks/Foundation.framework/Headers/NSProgress.h
/Applications/Xcode.app/Contents/Developer/Platforms/MacOSX.platform/Developer/SDKs/MacOSX26.1.sdk/System/Library/Frameworks/Foundation.framework/Headers/NSNotification.h
/Applications/Xcode.app/Contents/Developer/Platforms/MacOSX.platform/Developer/SDKs/MacOSX26.1.sdk/System/Library/Frameworks/Foundation.framework/Headers/NSByteOrder.h
/Applications/Xcode.app/Contents/Developer/Platforms/MacOSX.platform/Developer/SDKs/MacOSX26.1.sdk/System/Library/Frameworks/Foundation.framework/Headers/NSCalendar.h
/Applications/Xcode.app/Contents/Developer/Platforms/MacOSX.platform/Developer/SDKs/MacOSX26.1.sdk/System/Library/Frameworks/Foundation.framework/Headers/NSDate.h
/Applications/Xcode.app/Contents/Developer/Platforms/MacOSX.platform/Developer/SDKs/MacOSX26.1.sdk/System/Library/Frameworks/Foundation.framework/Headers/NSCharacterSet.h
/Applications/Xcode.app/Contents/Developer/Platforms/MacOSX.platform/Developer/SDKs/MacOSX26.1.sdk/System/Library/Frameworks/Foundation.framework/Headers/NSCoder.h
/Applications/Xcode.app/Contents/Developer/Platforms/MacOSX.platform/Developer/SDKs/MacOSX26.1.sdk/System/Library/Frameworks/Foundation.framework/Headers/NSData.h
/Applications/Xcode.app/Contents/Developer/Platforms/MacOSX.platform/Developer/SDKs/MacOSX26.1.sdk/System/Library/Frameworks/Foundation.framework/Headers/NSDateInterval.h
/Applications/Xcode.app/Contents/Developer/Platforms/MacOSX.platform/Developer/SDKs/MacOSX26.1.sdk/System/Library/Frameworks/Foundation.framework/Headers/NSDateFormatter.h
/Applications/Xcode.app/Contents/Developer/Platforms/MacOSX.platform/Developer/SDKs/MacOSX26.1.sdk/System/Library/Frameworks/Foundation.framework/Headers/NSFormatter.h
/Applications/Xcode.app/Contents/Developer/Platforms/MacOSX.platform/Developer/SDKs/MacOSX26.1.sdk/System/Library/Frameworks/Foundation.framework/Headers/NSAttributedString.h
/Applications/Xcode.app/Contents/Developer/Platforms/MacOSX.platform/Developer/SDKs/MacOSX26.1.sdk/System/Library/Frameworks/Foundation.framework/Headers/NSDateIntervalFormatter.h
/Applications/Xcode.app/Contents/Developer/Platforms/MacOSX.platform/Developer/SDKs/MacOSX26.1.sdk/System/Library/Frameworks/Foundation.framework/Headers/NSISO8601DateFormatter.h
/Applications/Xcode.app/Contents/Developer/Platforms/MacOSX.platform/Developer/SDKs/MacOSX26.1.sdk/System/Library/Frameworks/Foundation.framework/Headers/NSMassFormatter.h
/Applications/Xcode.app/Contents/Developer/Platforms/MacOSX.platform/Developer/SDKs/MacOSX26.1.sdk/System/Library/Frameworks/Foundation.framework/Headers/NSLengthFormatter.h
/Applications/Xcode.app/Contents/Developer/Platforms/MacOSX.platform/Developer/SDKs/MacOSX26.1.sdk/System/Library/Frameworks/Foundation.framework/Headers/NSEnergyFormatter.h
/Applications/Xcode.app/Contents/Developer/Platforms/MacOSX.platform/Developer/SDKs/MacOSX26.1.sdk/System/Library/Frameworks/Foundation.framework/Headers/NSMeasurementFormatter.h
/Applications/Xcode.app/Contents/Developer/Platforms/MacOSX.platform/Developer/SDKs/MacOSX26.1.sdk/System/Library/Frameworks/Foundation.framework/Headers/NSNumberFormatter.h
/Applications/Xcode.app/Contents/Developer/Platforms/MacOSX.platform/Developer/SDKs/MacOSX26.1.sdk/System/Library/Frameworks/Foundation.framework/Headers/NSMeasurement.h
/Applications/Xcode.app/Contents/Developer/Platforms/MacOSX.platform/Developer/SDKs/MacOSX26.1.sdk/System/Library/Frameworks/Foundation.framework/Headers/NSUnit.h
/Applications/Xcode.app/Contents/Developer/Platforms/MacOSX.platform/Developer/SDKs/MacOSX26.1.sdk/System/Library/Frameworks/Foundation.framework/Headers/NSLocale.h
/Applications/Xcode.app/Contents/Developer/Platforms/MacOSX.platform/Developer/SDKs/MacOSX26.1.sdk/System/Library/Frameworks/Foundation.framework/Headers/NSPersonNameComponents.h
/Applications/Xcode.app/Contents/Developer/Platforms/MacOSX.platform/Developer/SDKs/MacOSX26.1.sdk/System/Library/Frameworks/Foundation.framework/Headers/NSPersonNameComponentsFormatter.h
/Applications/Xcode.app/Contents/Developer/Platforms/MacOSX.platform/Developer/SDKs/MacOSX26.1.sdk/System/Library/Frameworks/Foundation.framework/Headers/NSRelativeDateTimeFormatter.h
/Applications/Xcode.app/Contents/Developer/Platforms/MacOSX.platform/Developer/SDKs/MacOSX26.1.sdk/System/Library/Frameworks/Foundation.framework/Headers/NSListFormatter.h
/Applications/Xcode.app/Contents/Developer/Platforms/MacOSX.platform/Developer/SDKs/MacOSX26.1.sdk/System/Library/Frameworks/Foundation.framework/Headers/NSDecimal.h
/Applications/Xcode.app/Contents/Developer/Platforms/MacOSX.platform/Developer/SDKs/MacOSX26.1.sdk/System/Library/Frameworks/Foundation.framework/Headers/NSDecimalNumber.h
/Applications/Xcode.app/Contents/Developer/Platforms/MacOSX.platform/Developer/SDKs/MacOSX26.1.sdk/System/Library/Frameworks/Foundation.framework/Headers/NSScanner.h
/Applications/Xcode.app/Contents/Developer/Platforms/MacOSX.platform/Developer/SDKs/MacOSX26.1.sdk/System/Library/Frameworks/Foundation.framework/Headers/NSException.h
/Applications/Xcode.app/Contents/Developer/Platforms/MacOSX.platform/Developer/SDKs/MacOSX26.1.sdk/System/Library/Frameworks/Foundation.framework/Headers/NSError.h
/Applications/Xcode.app/Contents/Developer/Platforms/MacOSX.platform/Developer/SDKs/MacOSX26.1.sdk/System/Library/Frameworks/Foundation.framework/Headers/NSFileHandle.h
/Applications/Xcode.app/Contents/Developer/Platforms/MacOSX.platform/Developer/SDKs/MacOSX26.1.sdk/System/Library/Frameworks/Foundation.framework/Headers/NSRunLoop.h
/Applications/Xcode.app/Contents/Developer/Platforms/MacOSX.platform/Developer/SDKs/MacOSX26.1.sdk/System/Library/Frameworks/Foundation.framework/Headers/NSFileManager.h
/Applications/Xcode.app/Contents/Developer/Platforms/MacOSX.platform/Developer/SDKs/MacOSX26.1.sdk/System/Library/Frameworks/Foundation.framework/Headers/NSPathUtilities.h
/Applications/Xcode.app/Contents/Developer/Platforms/MacOSX.platform/Developer/SDKs/MacOSX26.1.sdk/System/Library/Frameworks/Foundation.framework/Headers/NSURL.h
/Applications/Xcode.app/Contents/Developer/Platforms/MacOSX.platform/Developer/SDKs/MacOSX26.1.sdk/System/Library/Frameworks/Foundation.framework/Headers/NSURLHandle.h
/Applications/Xcode.app/Contents/Developer/Platforms/MacOSX.platform/Developer/SDKs/MacOSX26.1.sdk/System/Library/Frameworks/Foundation.framework/Headers/NSHashTable.h
/Applications/Xcode.app/Contents/Developer/Platforms/MacOSX.platform/Developer/SDKs/MacOSX26.1.sdk/System/Library/Frameworks/Foundation.framework/Headers/NSPointerFunctions.h
/Applications/Xcode.app/Contents/Developer/Platforms/MacOSX.platform/Developer/SDKs/MacOSX26.1.sdk/System/Library/Frameworks/Foundation.framework/Headers/NSHTTPCookie.h
/Applications/Xcode.app/Contents/Developer/Platforms/MacOSX.platform/Developer/SDKs/MacOSX26.1.sdk/System/Library/Frameworks/Foundation.framework/Headers/NSHTTPCookieStorage.h
/Applications/Xcode.app/Contents/Developer/Platforms/MacOSX.platform/Developer/SDKs/MacOSX26.1.sdk/System/Library/Frameworks/Foundation.framework/Headers/NSIndexPath.h
/Applications/Xcode.app/Contents/Developer/Platforms/MacOSX.platform/Developer/SDKs/MacOSX26.1.sdk/System/Library/Frameworks/Foundation.framework/Headers/NSInflectionRule.h
/Applications/Xcode.app/Contents/Developer/Platforms/MacOSX.platform/Developer/SDKs/MacOSX26.1.sdk/System/Library/Frameworks/Foundation.framework/Headers/NSInvocation.h
/Applications/Xcode.app/Contents/Developer/Platforms/MacOSX.platform/Developer/SDKs/MacOSX26.1.sdk/System/Library/Frameworks/Foundation.framework/Headers/NSJSONSerialization.h
/Applications/Xcode.app/Contents/Developer/Platforms/MacOSX.platform/Developer/SDKs/MacOSX26.1.sdk/System/Library/Frameworks/Foundation.framework/Headers/NSKeyValueCoding.h
/Applications/Xcode.app/Contents/Developer/Platforms/MacOSX.platform/Developer/SDKs/MacOSX26.1.sdk/System/Library/Frameworks/Foundation.framework/Headers/NSOrderedSet.h
/Applications/Xcode.app/Contents/Developer/Platforms/MacOSX.platform/Developer/SDKs/MacOSX26.1.sdk/System/Library/Frameworks/Foundation.framework/Headers/NSKeyValueObserving.h
/Applications/Xcode.app/Contents/Developer/Platforms/MacOSX.platform/Developer/SDKs/MacOSX26.1.sdk/System/Library/Frameworks/Foundation.framework/Headers/NSKeyValueSharedObservers.h
/Applications/Xcode.app/Contents/Developer/Platforms/MacOSX.platform/Developer/SDKs/MacOSX26.1.sdk/System/Library/Frameworks/Foundation.framework/Headers/NSKeyedArchiver.h
/Applications/Xcode.app/Contents/Developer/Platforms/MacOSX.platform/Developer/SDKs/MacOSX26.1.sdk/System/Library/Frameworks/Foundation.framework/Headers/NSPropertyList.h
/Applications/Xcode.app/Contents/Developer/Platforms/MacOSX.platform/Developer/SDKs/MacOSX26.1.sdk/System/Library/Frameworks/Foundation.framework/Headers/NSGeometry.h
/Applications/Xcode.app/Contents/Developer/Platforms/MacOSX.platform/Developer/SDKs/MacOSX26.1.sdk/System/Library/Frameworks/Foundation.framework/Headers/NSLock.h
/Applications/Xcode.app/Contents/Developer/Platforms/MacOSX.platform/Developer/SDKs/MacOSX26.1.sdk/System/Library/Frameworks/Foundation.framework/Headers/NSMapTable.h
/Applications/Xcode.app/Contents/Developer/Platforms/MacOSX.platform/Developer/SDKs/MacOSX26.1.sdk/System/Library/Frameworks/Foundation.framework/Headers/NSMethodSignature.h
/Applications/Xcode.app/Contents/Developer/Platforms/MacOSX.platform/Developer/SDKs/MacOSX26.1.sdk/System/Library/Frameworks/Foundation.framework/Headers/NSMorphology.h
/Applications/Xcode.app/Contents/Developer/Platforms/MacOSX.platform/Developer/SDKs/MacOSX26.1.sdk/System/Library/Frameworks/Foundation.framework/Headers/NSTermOfAddress.h
/Applications/Xcode.app/Contents/Developer/Platforms/MacOSX.platform/Developer/SDKs/MacOSX26.1.sdk/System/Library/Frameworks/Foundation.framework/Headers/NSNotificationQueue.h
/Applications/Xcode.app/Contents/Developer/Platforms/MacOSX.platform/Developer/SDKs/MacOSX26.1.sdk/System/Library/Frameworks/Foundation.framework/Headers/NSNull.h
/Applications/Xcode.app/Contents/Developer/Platforms/MacOSX.platform/Developer/SDKs/MacOSX26.1.sdk/System/Library/Frameworks/Foundation.framework/Headers/NSLocalizedNumberFormatRule.h
/Applications/Xcode.app/Contents/Developer/Platforms/MacOSX.platform/Developer/SDKs/MacOSX26.1.sdk/System/Library/Frameworks/Foundation.framework/Headers/NSOperation.h
/Applications/Xcode.app/Contents/Developer/Platforms/MacOSX.platform/Developer/SDKs/MacOSX26.1.sdk/System/Library/Frameworks/Foundation.framework/Headers/NSOrthography.h
/Applications/Xcode.app/Contents/Developer/Platforms/MacOSX.platform/Developer/SDKs/MacOSX26.1.sdk/System/Library/Frameworks/Foundation.framework/Headers/NSPointerArray.h
/Applications/Xcode.app/Contents/Developer/Platforms/MacOSX.platform/Developer/SDKs/MacOSX26.1.sdk/System/Library/Frameworks/Foundation.framework/Headers/NSPort.h
/Applications/Xcode.app/Contents/Developer/Platforms/MacOSX.platform/Developer/SDKs/MacOSX26.1.sdk/System/Library/Frameworks/Foundation.framework/Headers/NSProcessInfo.h
/Applications/Xcode.app/Contents/Developer/Platforms/MacOSX.platform/Developer/SDKs/MacOSX26.1.sdk/System/Library/Frameworks/Foundation.framework/Headers/NSProxy.h
/Applications/Xcode.app/Contents/Developer/Platforms/MacOSX.platform/Developer/SDKs/MacOSX26.1.sdk/System/Library/Frameworks/Foundation.framework/Headers/NSRegularExpression.h
/Applications/Xcode.app/Contents/Developer/Platforms/MacOSX.platform/Developer/SDKs/MacOSX26.1.sdk/System/Library/Frameworks/Foundation.framework/Headers/NSTextCheckingResult.h
/Applications/Xcode.app/Contents/Developer/Platforms/MacOSX.platform/Developer/SDKs/MacOSX26.1.sdk/System/Library/Frameworks/Foundation.framework/Headers/NSSortDescriptor.h
/Applications/Xcode.app/Contents/Developer/Platforms/MacOSX.platform/Developer/SDKs/MacOSX26.1.sdk/System/Library/Frameworks/Foundation.framework/Headers/NSStream.h
/Applications/Xcode.app/Contents/Developer/Platforms/MacOSX.platform/Developer/SDKs/MacOSX26.1.sdk/System/Library/Frameworks/Foundation.framework/Headers/NSThread.h
/Applications/Xcode.app/Contents/Developer/Platforms/MacOSX.platform/Developer/SDKs/MacOSX26.1.sdk/System/Library/Frameworks/Foundation.framework/Headers/NSTimeZone.h
/Applications/Xcode.app/Contents/Developer/Platforms/MacOSX.platform/Developer/SDKs/MacOSX26.1.sdk/System/Library/Frameworks/Foundation.framework/Headers/NSTimer.h
/Applications/Xcode.app/Contents/Developer/Platforms/MacOSX.platform/Developer/SDKs/MacOSX26.1.sdk/System/Library/Frameworks/Foundation.framework/Headers/NSURLAuthenticationChallenge.h
/Applications/Xcode.app/Contents/Developer/Platforms/MacOSX.platform/Developer/SDKs/MacOSX26.1.sdk/System/Library/Frameworks/Foundation.framework/Headers/NSURLCache.h
/Applications/Xcode.app/Contents/Developer/Platforms/MacOSX.platform/Developer/SDKs/MacOSX26.1.sdk/System/Library/Frameworks/Foundation.framework/Headers/NSURLConnection.h
/Applications/Xcode.app/Contents/Developer/Platforms/MacOSX.platform/Developer/SDKs/MacOSX26.1.sdk/System/Library/Frameworks/Foundation.framework/Headers/NSURLCredential.h
/Applications/Xcode.app/Contents/Developer/Platforms/MacOSX.platform/Developer/SDKs/MacOSX26.1.sdk/System/Library/Frameworks/Security.framework/Modules/module.modulemap
/Applications/Xcode.app/Contents/Developer/Platforms/MacOSX.platform/Developer/SDKs/MacOSX26.1.sdk/System/Library/Frameworks/Foundation.framework/Headers/NSURLCredentialStorage.h
/Applications/Xcode.app/Contents/Developer/Platforms/MacOSX.platform/Developer/SDKs/MacOSX26.1.sdk/System/Library/Frameworks/Foundation.framework/Headers/NSURLProtectionSpace.h
/Applications/Xcode.app/Contents/Developer/Platforms/MacOSX.platform/Developer/SDKs/MacOSX26.1.sdk/System/Library/Frameworks/Foundation.framework/Headers/NSURLError.h
/Applications/Xcode.app/Contents/Developer/Platforms/MacOSX.platform/Developer/SDKs/MacOSX26.1.sdk/System/Library/Frameworks/CoreServices.framework/Modules/module.modulemap
/Applications/Xcode.app/Contents/Developer/Platforms/MacOSX.platform/Developer/SDKs/MacOSX26.1.sdk/System/Library/Frameworks/Foundation.framework/Headers/NSURLProtocol.h
/Applications/Xcode.app/Contents/Developer/Platforms/MacOSX.platform/Developer/SDKs/MacOSX26.1.sdk/System/Library/Frameworks/Foundation.framework/Headers/NSURLRequest.h
/Applications/Xcode.app/Contents/Developer/Platforms/MacOSX.platform/Developer/SDKs/MacOSX26.1.sdk/System/Library/Frameworks/Foundation.framework/Headers/NSURLResponse.h
/Applications/Xcode.app/Contents/Developer/Platforms/MacOSX.platform/Developer/SDKs/MacOSX26.1.sdk/System/Library/Frameworks/Foundation.framework/Headers/NSUserDefaults.h
/Applications/Xcode.app/Contents/Developer/Platforms/MacOSX.platform/Developer/SDKs/MacOSX26.1.sdk/System/Library/Frameworks/Foundation.framework/Headers/NSValueTransformer.h
/Applications/Xcode.app/Contents/Developer/Platforms/MacOSX.platform/Developer/SDKs/MacOSX26.1.sdk/System/Library/Frameworks/Foundation.framework/Headers/NSXMLParser.h
/Applications/Xcode.app/Contents/Developer/Platforms/MacOSX.platform/Developer/SDKs/MacOSX26.1.sdk/System/Library/Frameworks/Foundation.framework/Headers/NSXPCConnection.h
/Applications/Xcode.app/Contents/Developer/Platforms/MacOSX.platform/Developer/SDKs/MacOSX26.1.sdk/System/Library/Frameworks/Foundation.framework/Headers/FoundationErrors.h
/Applications/Xcode.app/Contents/Developer/Platforms/MacOSX.platform/Developer/SDKs/MacOSX26.1.sdk/System/Library/Frameworks/Foundation.framework/Headers/NSByteCountFormatter.h
/Applications/Xcode.app/Contents/Developer/Platforms/MacOSX.platform/Developer/SDKs/MacOSX26.1.sdk/System/Library/Frameworks/Foundation.framework/Headers/NSCache.h
/Applications/Xcode.app/Contents/Developer/Platforms/MacOSX.platform/Developer/SDKs/MacOSX26.1.sdk/System/Library/Frameworks/Foundation.framework/Headers/NSComparisonPredicate.h
/Applications/Xcode.app/Contents/Developer/Platforms/MacOSX.platform/Developer/SDKs/MacOSX26.1.sdk/System/Library/Frameworks/Foundation.framework/Headers/NSPredicate.h
/Applications/Xcode.app/Contents/Developer/Platforms/MacOSX.platform/Developer/SDKs/MacOSX26.1.sdk/System/Library/Frameworks/Foundation.framework/Headers/NSCompoundPredicate.h
/Applications/Xcode.app/Contents/Developer/Platforms/MacOSX.platform/Developer/SDKs/MacOSX26.1.sdk/System/Library/Frameworks/Foundation.framework/Headers/NSDateComponentsFormatter.h
/Applications/Xcode.app/Contents/Developer/Platforms/MacOSX.platform/Developer/SDKs/MacOSX26.1.sdk/System/Library/Frameworks/Foundation.framework/Headers/NSExpression.h
/Applications/Xcode.app/Contents/Developer/Platforms/MacOSX.platform/Developer/SDKs/MacOSX26.1.sdk/System/Library/Frameworks/Foundation.framework/Headers/NSExtensionContext.h
/Applications/Xcode.app/Contents/Developer/Platforms/MacOSX.platform/Developer/SDKs/MacOSX26.1.sdk/System/Library/Frameworks/Foundation.framework/Headers/NSExtensionItem.h
/Applications/Xcode.app/Contents/Developer/Platforms/MacOSX.platform/Developer/SDKs/MacOSX26.1.sdk/System/Library/Frameworks/Foundation.framework/Headers/NSExtensionRequestHandling.h
/Applications/Xcode.app/Contents/Developer/Platforms/MacOSX.platform/Developer/SDKs/MacOSX26.1.sdk/System/Library/Frameworks/Foundation.framework/Headers/NSFileCoordinator.h
/Applications/Xcode.app/Contents/Developer/Platforms/MacOSX.platform/Developer/SDKs/MacOSX26.1.sdk/System/Library/Frameworks/Foundation.framework/Headers/NSFilePresenter.h
/Applications/Xcode.app/Contents/Developer/Platforms/MacOSX.platform/Developer/SDKs/MacOSX26.1.sdk/System/Library/Frameworks/Foundation.framework/Headers/NSFileVersion.h
/Applications/Xcode.app/Contents/Developer/Platforms/MacOSX.platform/Developer/SDKs/MacOSX26.1.sdk/System/Library/Frameworks/Foundation.framework/Headers/NSFileWrapper.h
/Applications/Xcode.app/Contents/Developer/Platforms/MacOSX.platform/Developer/SDKs/MacOSX26.1.sdk/System/Library/Frameworks/Foundation.framework/Headers/NSLinguisticTagger.h
/Applications/Xcode.app/Contents/Developer/Platforms/MacOSX.platform/Developer/SDKs/MacOSX26.1.sdk/System/Library/Frameworks/Foundation.framework/Headers/NSMetadata.h
/Applications/Xcode.app/Contents/Developer/Platforms/MacOSX.platform/Developer/SDKs/MacOSX26.1.sdk/System/Library/Frameworks/Foundation.framework/Headers/NSMetadataAttributes.h
/Applications/Xcode.app/Contents/Developer/Platforms/MacOSX.platform/Developer/SDKs/MacOSX26.1.sdk/System/Library/Frameworks/Foundation.framework/Headers/NSNetServices.h
/Applications/Xcode.app/Contents/Developer/Platforms/MacOSX.platform/Developer/SDKs/MacOSX26.1.sdk/System/Library/Frameworks/Foundation.framework/Headers/NSUbiquitousKeyValueStore.h
/Applications/Xcode.app/Contents/Developer/Platforms/MacOSX.platform/Developer/SDKs/MacOSX26.1.sdk/System/Library/Frameworks/Foundation.framework/Headers/NSUndoManager.h
/Applications/Xcode.app/Contents/Developer/Platforms/MacOSX.platform/Developer/SDKs/MacOSX26.1.sdk/System/Library/Frameworks/Foundation.framework/Headers/NSURLSession.h
/Applications/Xcode.app/Contents/Developer/Platforms/MacOSX.platform/Developer/SDKs/MacOSX26.1.sdk/System/Library/Frameworks/Foundation.framework/Headers/NSUserActivity.h
/Applications/Xcode.app/Contents/Developer/Platforms/MacOSX.platform/Developer/SDKs/MacOSX26.1.sdk/System/Library/Frameworks/Foundation.framework/Headers/NSUUID.h
/Applications/Xcode.app/Contents/Developer/Platforms/MacOSX.platform/Developer/SDKs/MacOSX26.1.sdk/System/Library/Frameworks/Foundation.framework/Headers/NSAffineTransform.h
/Applications/Xcode.app/Contents/Developer/Platforms/MacOSX.platform/Developer/SDKs/MacOSX26.1.sdk/System/Library/Frameworks/Foundation.framework/Headers/NSAppleScript.h
/Applications/Xcode.app/Contents/Developer/Platforms/MacOSX.platform/Developer/SDKs/MacOSX26.1.sdk/System/Library/Frameworks/Foundation.framework/Headers/NSArchiver.h
/Applications/Xcode.app/Contents/Developer/Platforms/MacOSX.platform/Developer/SDKs/MacOSX26.1.sdk/System/Library/Frameworks/Foundation.framework/Headers/NSBackgroundActivityScheduler.h
/Applications/Xcode.app/Contents/Developer/Platforms/MacOSX.platform/Developer/SDKs/MacOSX26.1.sdk/System/Library/Frameworks/Foundation.framework/Headers/NSCalendarDate.h
/Applications/Xcode.app/Contents/Developer/Platforms/MacOSX.platform/Developer/SDKs/MacOSX26.1.sdk/System/Library/Frameworks/Foundation.framework/Headers/NSConnection.h
/Applications/Xcode.app/Contents/Developer/Platforms/MacOSX.platform/Developer/SDKs/MacOSX26.1.sdk/System/Library/Frameworks/Foundation.framework/Headers/NSDistantObject.h
/Applications/Xcode.app/Contents/Developer/Platforms/MacOSX.platform/Developer/SDKs/MacOSX26.1.sdk/System/Library/Frameworks/Foundation.framework/Headers/NSDistributedNotificationCenter.h
/Applications/Xcode.app/Contents/Developer/Platforms/MacOSX.platform/Developer/SDKs/MacOSX26.1.sdk/System/Library/Frameworks/Foundation.framework/Headers/NSPortCoder.h
/Applications/Xcode.app/Contents/Developer/Platforms/MacOSX.platform/Developer/SDKs/MacOSX26.1.sdk/System/Library/Frameworks/Foundation.framework/Headers/NSPortMessage.h
/Applications/Xcode.app/Contents/Developer/Platforms/MacOSX.platform/Developer/SDKs/MacOSX26.1.sdk/System/Library/Frameworks/Foundation.framework/Headers/NSPortNameServer.h
/Applications/Xcode.app/Contents/Developer/Platforms/MacOSX.platform/Developer/SDKs/MacOSX26.1.sdk/System/Library/Frameworks/Foundation.framework/Headers/NSProtocolChecker.h
/Applications/Xcode.app/Contents/Developer/Platforms/MacOSX.platform/Developer/SDKs/MacOSX26.1.sdk/System/Library/Frameworks/Foundation.framework/Headers/NSTask.h
/Applications/Xcode.app/Contents/Developer/Platforms/MacOSX.platform/Developer/SDKs/MacOSX26.1.sdk/System/Library/Frameworks/Foundation.framework/Headers/NSXMLDTD.h
/Applications/Xcode.app/Contents/Developer/Platforms/MacOSX.platform/Developer/SDKs/MacOSX26.1.sdk/System/Library/Frameworks/Foundation.framework/Headers/NSXMLNode.h
/Applications/Xcode.app/Contents/Developer/Platforms/MacOSX.platform/Developer/SDKs/MacOSX26.1.sdk/System/Library/Frameworks/Foundation.framework/Headers/NSXMLNodeOptions.h
/Applications/Xcode.app/Contents/Developer/Platforms/MacOSX.platform/Developer/SDKs/MacOSX26.1.sdk/System/Library/Frameworks/Foundation.framework/Headers/NSXMLDTDNode.h
/Applications/Xcode.app/Contents/Developer/Platforms/MacOSX.platform/Developer/SDKs/MacOSX26.1.sdk/System/Library/Frameworks/Foundation.framework/Headers/NSXMLDocument.h
/Applications/Xcode.app/Contents/Developer/Platforms/MacOSX.platform/Developer/SDKs/MacOSX26.1.sdk/System/Library/Frameworks/Foundation.framework/Headers/NSXMLElement.h
/Applications/Xcode.app/Contents/Developer/Platforms/MacOSX.platform/Developer/SDKs/MacOSX26.1.sdk/System/Library/Frameworks/Foundation.framework/Headers/NSURLDownload.h
/Applications/Xcode.app/Contents/Developer/Platforms/MacOSX.platform/Developer/SDKs/MacOSX26.1.sdk/System/Library/Frameworks/Foundation.framework/Headers/NSAppleEventDescriptor.h
/Applications/Xcode.app/Contents/Developer/Platforms/MacOSX.platform/Developer/SDKs/MacOSX26.1.sdk/System/Library/Frameworks/Foundation.framework/Headers/NSAppleEventManager.h
/Applications/Xcode.app/Contents/Developer/Platforms/MacOSX.platform/Developer/SDKs/MacOSX26.1.sdk/System/Library/Frameworks/Foundation.framework/Headers/NSClassDescription.h
/Applications/Xcode.app/Contents/Developer/Platforms/MacOSX.platform/Developer/SDKs/MacOSX26.1.sdk/System/Library/Frameworks/Foundation.framework/Headers/NSDistributedLock.h
/Applications/Xcode.app/Contents/Developer/Platforms/MacOSX.platform/Developer/SDKs/MacOSX26.1.sdk/System/Library/Frameworks/Foundation.framework/Headers/NSGarbageCollector.h
/Applications/Xcode.app/Contents/Developer/Platforms/MacOSX.platform/Developer/SDKs/MacOSX26.1.sdk/System/Library/Frameworks/Foundation.framework/Headers/NSHFSFileTypes.h
/Applications/Xcode.app/Contents/Developer/Platforms/MacOSX.platform/Developer/SDKs/MacOSX26.1.sdk/System/Library/Frameworks/Foundation.framework/Headers/NSHost.h
/Applications/Xcode.app/Contents/Developer/Platforms/MacOSX.platform/Developer/SDKs/MacOSX26.1.sdk/System/Library/Frameworks/Foundation.framework/Headers/NSObjectScripting.h
/Applications/Xcode.app/Contents/Developer/Platforms/MacOSX.platform/Developer/SDKs/MacOSX26.1.sdk/System/Library/Frameworks/Foundation.framework/Headers/NSScriptClassDescription.h
/Applications/Xcode.app/Contents/Developer/Platforms/MacOSX.platform/Developer/SDKs/MacOSX26.1.sdk/System/Library/Frameworks/Foundation.framework/Headers/NSScriptCoercionHandler.h
/Applications/Xcode.app/Contents/Developer/Platforms/MacOSX.platform/Developer/SDKs/MacOSX26.1.sdk/System/Library/Frameworks/Foundation.framework/Headers/NSScriptCommand.h
/Applications/Xcode.app/Contents/Developer/Platforms/MacOSX.platform/Developer/SDKs/MacOSX26.1.sdk/System/Library/Frameworks/Foundation.framework/Headers/NSScriptCommandDescription.h
/Applications/Xcode.app/Contents/Developer/Platforms/MacOSX.platform/Developer/SDKs/MacOSX26.1.sdk/System/Library/Frameworks/Foundation.framework/Headers/NSScriptExecutionContext.h
/Applications/Xcode.app/Contents/Developer/Platforms/MacOSX.platform/Developer/SDKs/MacOSX26.1.sdk/System/Library/Frameworks/Foundation.framework/Headers/NSScriptKeyValueCoding.h
/Applications/Xcode.app/Contents/Developer/Platforms/MacOSX.platform/Developer/SDKs/MacOSX26.1.sdk/System/Library/Frameworks/Foundation.framework/Headers/NSScriptObjectSpecifiers.h
/Applications/Xcode.app/Contents/Developer/Platforms/MacOSX.platform/Developer/SDKs/MacOSX26.1.sdk/System/Library/Frameworks/Foundation.framework/Headers/NSScriptStandardSuiteCommands.h
/Applications/Xcode.app/Contents/Developer/Platforms/MacOSX.platform/Developer/SDKs/MacOSX26.1.sdk/System/Library/Frameworks/Foundation.framework/Headers/NSScriptSuiteRegistry.h
/Applications/Xcode.app/Contents/Developer/Platforms/MacOSX.platform/Developer/SDKs/MacOSX26.1.sdk/System/Library/Frameworks/Foundation.framework/Headers/NSScriptWhoseTests.h
/Applications/Xcode.app/Contents/Developer/Platforms/MacOSX.platform/Developer/SDKs/MacOSX26.1.sdk/System/Library/Frameworks/Foundation.framework/Headers/NSSpellServer.h
/Applications/Xcode.app/Contents/Developer/Platforms/MacOSX.platform/Developer/SDKs/MacOSX26.1.sdk/System/Library/Frameworks/Foundation.framework/Headers/NSUserNotification.h
/Applications/Xcode.app/Contents/Developer/Platforms/MacOSX.platform/Developer/SDKs/MacOSX26.1.sdk/System/Library/Frameworks/Foundation.framework/Headers/NSUserScriptTask.h
/Applications/Xcode.app/Contents/Developer/Platforms/MacOSX.platform/Developer/SDKs/MacOSX26.1.sdk/System/Library/Frameworks/Foundation.framework/Headers/FoundationLegacySwiftCompatibility.h
/Applications/Xcode.app/Contents/Developer/Platforms/MacOSX.platform/Developer/SDKs/MacOSX26.1.sdk/System/Library/Frameworks/Foundation.framework/Headers/NSDebug.h
/Applications/Xcode.app/Contents/Developer/Platforms/MacOSX.platform/Developer/SDKs/MacOSX26.1.sdk/SDKSettings.json
/Applications/Xcode.app/Contents/Developer/Platforms/MacOSX.platform/Developer/SDKs/MacOSX26.1.sdk/System/Library/Frameworks/IOKit.framework/Modules/module.modulemap
/Applications/Xcode.app/Contents/Developer/Platforms/MacOSX.platform/Developer/SDKs/MacOSX26.1.sdk/System/Library/Frameworks/IOKit.framework/Headers/IOReturn.h
/Applications/Xcode.app/Contents/Developer/Platforms/MacOSX.platform/Developer/SDKs/MacOSX26.1.sdk/usr/include/dispatch.modulemap
/Applications/Xcode.app/Contents/Developer/Platforms/MacOSX.platform/Developer/SDKs/MacOSX26.1.sdk/usr/include/libkern.modulemap
/Applications/Xcode.app/Contents/Developer/Platforms/MacOSX.platform/Developer/SDKs/MacOSX26.1.sdk/usr/include/Darwin.modulemap
/Applications/Xcode.app/Contents/Developer/Platforms/MacOSX.platform/Developer/SDKs/MacOSX26.1.sdk/usr/include/Darwin_C.modulemap
/Applications/Xcode.app/Contents/Developer/Platforms/MacOSX.platform/Developer/SDKs/MacOSX26.1.sdk/usr/include/Darwin_POSIX.modulemap
/Applications/Xcode.app/Contents/Developer/Platforms/MacOSX.platform/Developer/SDKs/MacOSX26.1.sdk/usr/include/net.modulemap
/Applications/Xcode.app/Contents/Developer/Platforms/MacOSX.platform/Developer/SDKs/MacOSX26.1.sdk/usr/include/netinet.modulemap
/Applications/Xcode.app/Contents/Developer/Platforms/MacOSX.platform/Developer/SDKs/MacOSX26.1.sdk/usr/include/bank.modulemap
/Applications/Xcode.app/Contents/Developer/Platforms/MacOSX.platform/Developer/SDKs/MacOSX26.1.sdk/usr/include/Darwin_Mach.modulemap
/Applications/Xcode.app/Contents/Developer/Platforms/MacOSX.platform/Developer/SDKs/MacOSX26.1.sdk/usr/include/Darwin_Mach_machine.modulemap
/Applications/Xcode.app/Contents/Developer/Platforms/MacOSX.platform/Developer/SDKs/MacOSX26.1.sdk/usr/include/mach_debug.modulemap
/Applications/Xcode.app/Contents/Developer/Platforms/MacOSX.platform/Developer/SDKs/MacOSX26.1.sdk/usr/include/device.modulemap
/Applications/Xcode.app/Contents/Developer/Platforms/MacOSX.platform/Developer/SDKs/MacOSX26.1.sdk/usr/include/Darwin_machine.modulemap
/Applications/Xcode.app/Contents/Developer/Platforms/MacOSX.platform/Developer/SDKs/MacOSX26.1.sdk/usr/include/ncurses.modulemap
/Applications/Xcode.app/Contents/Developer/Platforms/MacOSX.platform/Developer/SDKs/MacOSX26.1.sdk/usr/include/netinet6.modulemap
/Applications/Xcode.app/Contents/Developer/Platforms/MacOSX.platform/Developer/SDKs/MacOSX26.1.sdk/usr/include/Darwin_sys.modulemap
/Applications/Xcode.app/Contents/Developer/Platforms/MacOSX.platform/Developer/SDKs/MacOSX26.1.sdk/usr/include/uuid.modulemap
/Applications/Xcode.app/Contents/Developer/Platforms/MacOSX.platform/Developer/SDKs/MacOSX26.1.sdk/usr/include/DarwinFoundation2.modulemap
/Applications/Xcode.app/Contents/Developer/Platforms/MacOSX.platform/Developer/SDKs/MacOSX26.1.sdk/usr/include/DarwinFoundation1.modulemap
/Applications/Xcode.app/Contents/Developer/Platforms/MacOSX.platform/Developer/SDKs/MacOSX26.1.sdk/System/Library/Frameworks/IOKit.framework/Headers/IOMapTypes.h
/Applications/Xcode.app/Contents/Developer/Platforms/MacOSX.platform/Developer/SDKs/MacOSX26.1.sdk/System/Library/Frameworks/IOKit.framework/Headers/IOTypes.h
/Applications/Xcode.app/Contents/Developer/Toolchains/XcodeDefault.xctoolchain/usr/lib/swift/clang/include/module.modulemap
/Applications/Xcode.app/Contents/Developer/Platforms/MacOSX.platform/Developer/SDKs/MacOSX26.1.sdk/System/Library/Frameworks/IOKit.framework/Headers/IOKitKeys.h
/Applications/Xcode.app/Contents/Developer/Platforms/MacOSX.platform/Developer/SDKs/MacOSX26.1.sdk/System/Library/Frameworks/IOKit.framework/Headers/OSMessageNotification.h
/Applications/Xcode.app/Contents/Developer/Platforms/MacOSX.platform/Developer/SDKs/MacOSX26.1.sdk/System/Library/Frameworks/IOKit.framework/Headers/IOKitLib.h
/Applications/Xcode.app/Contents/Developer/Platforms/MacOSX.platform/Developer/SDKs/MacOSX26.1.sdk/System/Library/Frameworks/CoreFoundation.framework/Modules/module.modulemap
/Applications/Xcode.app/Contents/Developer/Platforms/MacOSX.platform/Developer/SDKs/MacOSX26.1.sdk/System/Library/Frameworks/IOKit.framework/Headers/IOBSD.h
/Applications/Xcode.app/Contents/Developer/Platforms/MacOSX.platform/Developer/SDKs/MacOSX26.1.sdk/System/Library/Frameworks/IOKit.framework/Headers/IODataQueueClient.h
/Applications/Xcode.app/Contents/Developer/Platforms/MacOSX.platform/Developer/SDKs/MacOSX26.1.sdk/System/Library/Frameworks/IOKit.framework/Headers/IODataQueueShared.h
/Applications/Xcode.app/Contents/Developer/Platforms/MacOSX.platform/Developer/SDKs/MacOSX26.1.sdk/System/Library/Frameworks/IOKit.framework/Headers/IOCFBundle.h
/Applications/Xcode.app/Contents/Developer/Platforms/MacOSX.platform/Developer/SDKs/MacOSX26.1.sdk/System/Library/Frameworks/IOKit.framework/Headers/IOSharedLock.h
/Applications/Xcode.app/Contents/Developer/Platforms/MacOSX.platform/Developer/SDKs/MacOSX26.1.sdk/System/Library/Frameworks/IOKit.framework/Headers/IOCFPlugIn.h
/Applications/Xcode.app/Contents/Developer/Platforms/MacOSX.platform/Developer/SDKs/MacOSX26.1.sdk/System/Library/Frameworks/IOKit.framework/Headers/IOCFSerialize.h
/Applications/Xcode.app/Contents/Developer/Platforms/MacOSX.platform/Developer/SDKs/MacOSX26.1.sdk/System/Library/Frameworks/IOKit.framework/Headers/IOCFURLAccess.h
/Applications/Xcode.app/Contents/Developer/Platforms/MacOSX.platform/Developer/SDKs/MacOSX26.1.sdk/System/Library/Frameworks/IOKit.framework/Headers/IOKitServer.h
/Applications/Xcode.app/Contents/Developer/Platforms/MacOSX.platform/Developer/SDKs/MacOSX26.1.sdk/System/Library/Frameworks/IOKit.framework/Headers/IOCFUnserialize.h
/Applications/Xcode.app/Contents/Developer/Platforms/MacOSX.platform/Developer/SDKs/MacOSX26.1.sdk/System/Library/Frameworks/IOKit.framework/Headers/IOMessage.h
/Applications/Xcode.app/Contents/Developer/Platforms/MacOSX.platform/Developer/SDKs/MacOSX26.1.sdk/System/Library/Frameworks/IOKit.framework/Headers/IORPC.h
/Applications/Xcode.app/Contents/Developer/Platforms/MacOSX.platform/Developer/SDKs/MacOSX26.1.sdk/System/Library/Frameworks/IOKit.framework/Headers/IOUserServer.h
/Applications/Xcode.app/Contents/Developer/Platforms/MacOSX.platform/Developer/SDKs/MacOSX26.1.sdk/System/Library/Frameworks/IOKit.framework/Headers/audio/IOAudioDefines.h
/Applications/Xcode.app/Contents/Developer/Platforms/MacOSX.platform/Developer/SDKs/MacOSX26.1.sdk/System/Library/Frameworks/IOKit.framework/Headers/audio/IOAudioLib.h
/Applications/Xcode.app/Contents/Developer/Platforms/MacOSX.platform/Developer/SDKs/MacOSX26.1.sdk/System/Library/Frameworks/IOKit.framework/Headers/audio/IOAudioTypes.h
/Applications/Xcode.app/Contents/Developer/Platforms/MacOSX.platform/Developer/SDKs/MacOSX26.1.sdk/System/Library/Frameworks/IOKit.framework/Headers/avc/IOFireWireAVCConsts.h
/Applications/Xcode.app/Contents/Developer/Platforms/MacOSX.platform/Developer/SDKs/MacOSX26.1.sdk/System/Library/Frameworks/IOKit.framework/Headers/avc/IOFireWireAVCLib.h
/Applications/Xcode.app/Contents/Developer/Platforms/MacOSX.platform/Developer/SDKs/MacOSX26.1.sdk/System/Library/Frameworks/IOKit.framework/Headers/firewire/IOFireWireFamilyCommon.h
/Applications/Xcode.app/Contents/Developer/Platforms/MacOSX.platform/Developer/SDKs/MacOSX26.1.sdk/System/Library/Frameworks/IOKit.framework/Headers/firewire/IOFireWireLib.h
/Applications/Xcode.app/Contents/Developer/Platforms/MacOSX.platform/Developer/SDKs/MacOSX26.1.sdk/System/Library/Frameworks/IOKit.framework/Headers/firewire/IOFireWireLibIsoch.h
/Applications/Xcode.app/Contents/Developer/Platforms/MacOSX.platform/Developer/SDKs/MacOSX26.1.sdk/System/Library/Frameworks/IOKit.framework/Headers/graphics/IOAccelClientConnect.h
/Applications/Xcode.app/Contents/Developer/Platforms/MacOSX.platform/Developer/SDKs/MacOSX26.1.sdk/System/Library/Frameworks/IOKit.framework/Headers/graphics/IOGraphicsInterface.h
/Applications/Xcode.app/Contents/Developer/Platforms/MacOSX.platform/Developer/SDKs/MacOSX26.1.sdk/System/Library/Frameworks/IOKit.framework/Headers/graphics/IOGraphicsInterfaceTypes.h
/Applications/Xcode.app/Contents/Developer/Platforms/MacOSX.platform/Developer/SDKs/MacOSX26.1.sdk/System/Library/Frameworks/IOKit.framework/Headers/graphics/IOAccelSurfaceConnect.h
/Applications/Xcode.app/Contents/Developer/Platforms/MacOSX.platform/Developer/SDKs/MacOSX26.1.sdk/System/Library/Frameworks/IOKit.framework/Headers/graphics/IOAccelTypes.h
/Applications/Xcode.app/Contents/Developer/Platforms/MacOSX.platform/Developer/SDKs/MacOSX26.1.sdk/System/Library/Frameworks/IOKit.framework/Headers/graphics/IOGraphicsLib.h
/Applications/Xcode.app/Contents/Developer/Platforms/MacOSX.platform/Developer/SDKs/MacOSX26.1.sdk/System/Library/Frameworks/IOKit.framework/Headers/graphics/IOFramebufferShared.h
/Applications/Xcode.app/Contents/Developer/Platforms/MacOSX.platform/Developer/SDKs/MacOSX26.1.sdk/System/Library/Frameworks/IOKit.framework/Headers/hidsystem/IOHIDTypes.h
/Applications/Xcode.app/Contents/Developer/Platforms/MacOSX.platform/Developer/SDKs/MacOSX26.1.sdk/System/Library/Frameworks/IOKit.framework/Headers/graphics/IOGraphicsTypes.h
/Applications/Xcode.app/Contents/Developer/Platforms/MacOSX.platform/Developer/SDKs/MacOSX26.1.sdk/System/Library/Frameworks/IOKit.framework/Headers/graphics/IOGraphicsEngine.h
/Applications/Xcode.app/Contents/Developer/Platforms/MacOSX.platform/Developer/SDKs/MacOSX26.1.sdk/System/Library/Frameworks/IOKit.framework/Headers/hid/IOHIDBase.h
/Applications/Xcode.app/Contents/Developer/Platforms/MacOSX.platform/Developer/SDKs/MacOSX26.1.sdk/System/Library/Frameworks/IOKit.framework/Headers/hid/IOHIDKeys.h
/Applications/Xcode.app/Contents/Developer/Platforms/MacOSX.platform/Developer/SDKs/MacOSX26.1.sdk/System/Library/Frameworks/IOKit.framework/Headers/hidsystem/IOHIDParameter.h
/Applications/Xcode.app/Contents/Developer/Platforms/MacOSX.platform/Developer/SDKs/MacOSX26.1.sdk/System/Library/Frameworks/IOKit.framework/Headers/hidsystem/IOLLEvent.h
/Applications/Xcode.app/Contents/Developer/Platforms/MacOSX.platform/Developer/SDKs/MacOSX26.1.sdk/System/Library/Frameworks/IOKit.framework/Headers/hid/IOHIDProperties.h
/Applications/Xcode.app/Contents/Developer/Platforms/MacOSX.platform/Developer/SDKs/MacOSX26.1.sdk/System/Library/Frameworks/IOKit.framework/Headers/hid/IOHIDEventServiceKeys.h
/Applications/Xcode.app/Contents/Developer/Platforms/MacOSX.platform/Developer/SDKs/MacOSX26.1.sdk/System/Library/Frameworks/IOKit.framework/Headers/hid/IOHIDDeviceTypes.h
/Applications/Xcode.app/Contents/Developer/Platforms/MacOSX.platform/Developer/SDKs/MacOSX26.1.sdk/System/Library/Frameworks/IOKit.framework/Headers/hid/IOHIDDeviceKeys.h
/Applications/Xcode.app/Contents/Developer/Platforms/MacOSX.platform/Developer/SDKs/MacOSX26.1.sdk/System/Library/Frameworks/IOKit.framework/Headers/hid/IOHIDQueue.h
/Applications/Xcode.app/Contents/Developer/Platforms/MacOSX.platform/Developer/SDKs/MacOSX26.1.sdk/System/Library/Frameworks/IOKit.framework/Headers/hid/IOHIDDevice.h
/Applications/Xcode.app/Contents/Developer/Platforms/MacOSX.platform/Developer/SDKs/MacOSX26.1.sdk/System/Library/Frameworks/IOKit.framework/Headers/hid/IOHIDLib.h
/Applications/Xcode.app/Contents/Developer/Platforms/MacOSX.platform/Developer/SDKs/MacOSX26.1.sdk/System/Library/Frameworks/IOKit.framework/Headers/hid/IOHIDElement.h
/Applications/Xcode.app/Contents/Developer/Platforms/MacOSX.platform/Developer/SDKs/MacOSX26.1.sdk/System/Library/Frameworks/IOKit.framework/Headers/hid/IOHIDLibObsolete.h
/Applications/Xcode.app/Contents/Developer/Platforms/MacOSX.platform/Developer/SDKs/MacOSX26.1.sdk/System/Library/Frameworks/IOKit.framework/Headers/hid/IOHIDManager.h
/Applications/Xcode.app/Contents/Developer/Platforms/MacOSX.platform/Developer/SDKs/MacOSX26.1.sdk/System/Library/Frameworks/IOKit.framework/Headers/hid/IOHIDUsageTables.h
/Applications/Xcode.app/Contents/Developer/Platforms/MacOSX.platform/Developer/SDKs/MacOSX26.1.sdk/System/Library/Frameworks/IOKit.framework/Headers/hid/IOHIDValue.h
/Applications/Xcode.app/Contents/Developer/Platforms/MacOSX.platform/Developer/SDKs/MacOSX26.1.sdk/System/Library/Frameworks/IOKit.framework/Headers/hid/IOHIDTransaction.h
/Applications/Xcode.app/Contents/Developer/Platforms/MacOSX.platform/Developer/SDKs/MacOSX26.1.sdk/System/Library/Frameworks/IOKit.framework/Headers/hid/IOHIDDevicePlugIn.h
/Applications/Xcode.app/Contents/Developer/Platforms/MacOSX.platform/Developer/SDKs/MacOSX26.1.sdk/System/Library/Frameworks/IOKit.framework/Headers/hid/IOHIDEventServiceTypes.h
/Applications/Xcode.app/Contents/Developer/Platforms/MacOSX.platform/Developer/SDKs/MacOSX26.1.sdk/System/Library/Frameworks/IOKit.framework/Headers/hidsystem/IOHIDLib.h
/Applications/Xcode.app/Contents/Developer/Platforms/MacOSX.platform/Developer/SDKs/MacOSX26.1.sdk/System/Library/Frameworks/IOKit.framework/Headers/hidsystem/IOHIDShared.h
/Applications/Xcode.app/Contents/Developer/Platforms/MacOSX.platform/Developer/SDKs/MacOSX26.1.sdk/System/Library/Frameworks/IOKit.framework/Headers/hidsystem/event_status_driver.h
/Applications/Xcode.app/Contents/Developer/Platforms/MacOSX.platform/Developer/SDKs/MacOSX26.1.sdk/System/Library/Frameworks/IOKit.framework/Headers/hidsystem/ev_keymap.h
/Applications/Xcode.app/Contents/Developer/Platforms/MacOSX.platform/Developer/SDKs/MacOSX26.1.sdk/System/Library/Frameworks/IOKit.framework/Headers/hidsystem/IOHIDEventSystemClient.h
/Applications/Xcode.app/Contents/Developer/Platforms/MacOSX.platform/Developer/SDKs/MacOSX26.1.sdk/System/Library/Frameworks/IOKit.framework/Headers/hidsystem/IOHIDServiceClient.h
/Applications/Xcode.app/Contents/Developer/Platforms/MacOSX.platform/Developer/SDKs/MacOSX26.1.sdk/System/Library/Frameworks/IOKit.framework/Headers/hidsystem/IOHIDUserDevice.h
/Applications/Xcode.app/Contents/Developer/Platforms/MacOSX.platform/Developer/SDKs/MacOSX26.1.sdk/System/Library/Frameworks/IOKit.framework/Headers/i2c/IOI2CInterface.h
/Applications/Xcode.app/Contents/Developer/Platforms/MacOSX.platform/Developer/SDKs/MacOSX26.1.sdk/System/Library/Frameworks/IOKit.framework/Headers/kext/KextManager.h
/Applications/Xcode.app/Contents/Developer/Platforms/MacOSX.platform/Developer/SDKs/MacOSX26.1.sdk/System/Library/Frameworks/IOKit.framework/Headers/network/IOEthernetController.h
/Applications/Xcode.app/Contents/Developer/Platforms/MacOSX.platform/Developer/SDKs/MacOSX26.1.sdk/System/Library/Frameworks/IOKit.framework/Headers/network/IONetworkController.h
/Applications/Xcode.app/Contents/Developer/Platforms/MacOSX.platform/Developer/SDKs/MacOSX26.1.sdk/System/Library/Frameworks/IOKit.framework/Headers/network/IONetworkData.h
/Applications/Xcode.app/Contents/Developer/Platforms/MacOSX.platform/Developer/SDKs/MacOSX26.1.sdk/System/Library/Frameworks/IOKit.framework/Headers/network/IONetworkStack.h
/Applications/Xcode.app/Contents/Developer/Platforms/MacOSX.platform/Developer/SDKs/MacOSX26.1.sdk/System/Library/Frameworks/IOKit.framework/Headers/network/IOEthernetInterface.h
/Applications/Xcode.app/Contents/Developer/Platforms/MacOSX.platform/Developer/SDKs/MacOSX26.1.sdk/System/Library/Frameworks/IOKit.framework/Headers/network/IONetworkInterface.h
/Applications/Xcode.app/Contents/Developer/Platforms/MacOSX.platform/Developer/SDKs/MacOSX26.1.sdk/System/Library/Frameworks/IOKit.framework/Headers/network/IONetworkStats.h
/Applications/Xcode.app/Contents/Developer/Platforms/MacOSX.platform/Developer/SDKs/MacOSX26.1.sdk/System/Library/Frameworks/IOKit.framework/Headers/network/IOEthernetStats.h
/Applications/Xcode.app/Contents/Developer/Platforms/MacOSX.platform/Developer/SDKs/MacOSX26.1.sdk/System/Library/Frameworks/IOKit.framework/Headers/network/IONetworkLib.h
/Applications/Xcode.app/Contents/Developer/Platforms/MacOSX.platform/Developer/SDKs/MacOSX26.1.sdk/System/Library/Frameworks/IOKit.framework/Headers/network/IONetworkMedium.h
/Applications/Xcode.app/Contents/Developer/Platforms/MacOSX.platform/Developer/SDKs/MacOSX26.1.sdk/System/Library/Frameworks/IOKit.framework/Headers/network/IONetworkUserClient.h
/Applications/Xcode.app/Contents/Developer/Platforms/MacOSX.platform/Developer/SDKs/MacOSX26.1.sdk/System/Library/Frameworks/IOKit.framework/Headers/ps/IOPSKeys.h
/Applications/Xcode.app/Contents/Developer/Platforms/MacOSX.platform/Developer/SDKs/MacOSX26.1.sdk/System/Library/Frameworks/IOKit.framework/Headers/ps/IOPowerSources.h
/Applications/Xcode.app/Contents/Developer/Platforms/MacOSX.platform/Developer/SDKs/MacOSX26.1.sdk/System/Library/Frameworks/IOKit.framework/Headers/ps/IOUPSPlugIn.h
/Applications/Xcode.app/Contents/Developer/Platforms/MacOSX.platform/Developer/SDKs/MacOSX26.1.sdk/System/Library/Frameworks/IOKit.framework/Headers/pwr_mgt/IOPM.h
/Applications/Xcode.app/Contents/Developer/Platforms/MacOSX.platform/Developer/SDKs/MacOSX26.1.sdk/System/Library/Frameworks/IOKit.framework/Headers/pwr_mgt/IOPMKeys.h
/Applications/Xcode.app/Contents/Developer/Platforms/MacOSX.platform/Developer/SDKs/MacOSX26.1.sdk/System/Library/Frameworks/IOKit.framework/Headers/pwr_mgt/IOPMLib.h
/Applications/Xcode.app/Contents/Developer/Platforms/MacOSX.platform/Developer/SDKs/MacOSX26.1.sdk/System/Library/Frameworks/IOKit.framework/Headers/pwr_mgt/IOPMLibDefs.h
/Applications/Xcode.app/Contents/Developer/Platforms/MacOSX.platform/Developer/SDKs/MacOSX26.1.sdk/System/Library/Frameworks/IOKit.framework/Headers/sbp2/IOFireWireSBP2Lib.h
/Applications/Xcode.app/Contents/Developer/Platforms/MacOSX.platform/Developer/SDKs/MacOSX26.1.sdk/System/Library/Frameworks/IOKit.framework/Headers/scsi/IOSCSIMultimediaCommandsDevice.h
/Applications/Xcode.app/Contents/Developer/Platforms/MacOSX.platform/Developer/SDKs/MacOSX26.1.sdk/System/Library/Frameworks/IOKit.framework/Headers/storage/IOStorageDeviceCharacteristics.h
/Applications/Xcode.app/Contents/Developer/Platforms/MacOSX.platform/Developer/SDKs/MacOSX26.1.sdk/System/Library/Frameworks/IOKit.framework/Headers/storage/IOStorageProtocolCharacteristics.h
/Applications/Xcode.app/Contents/Developer/Platforms/MacOSX.platform/Developer/SDKs/MacOSX26.1.sdk/System/Library/Frameworks/IOKit.framework/Headers/storage/IOStorageControllerCharacteristics.h
/Applications/Xcode.app/Contents/Developer/Platforms/MacOSX.platform/Developer/SDKs/MacOSX26.1.sdk/System/Library/Frameworks/IOKit.framework/Headers/scsi/SCSICmds_REQUEST_SENSE_Defs.h
/Applications/Xcode.app/Contents/Developer/Platforms/MacOSX.platform/Developer/SDKs/MacOSX26.1.sdk/System/Library/Frameworks/IOKit.framework/Headers/scsi/SCSICmds_INQUIRY_Definitions.h
/Applications/Xcode.app/Contents/Developer/Platforms/MacOSX.platform/Developer/SDKs/MacOSX26.1.sdk/System/Library/Frameworks/IOKit.framework/Headers/scsi/SCSICommandDefinitions.h
/Applications/Xcode.app/Contents/Developer/Platforms/MacOSX.platform/Developer/SDKs/MacOSX26.1.sdk/System/Library/Frameworks/IOKit.framework/Headers/scsi/SCSICmds_MODE_Definitions.h
/Applications/Xcode.app/Contents/Developer/Platforms/MacOSX.platform/Developer/SDKs/MacOSX26.1.sdk/System/Library/Frameworks/IOKit.framework/Headers/scsi/SCSICommandOperationCodes.h
/Applications/Xcode.app/Contents/Developer/Platforms/MacOSX.platform/Developer/SDKs/MacOSX26.1.sdk/System/Library/Frameworks/IOKit.framework/Headers/scsi/SCSICmds_READ_CAPACITY_Definitions.h
/Applications/Xcode.app/Contents/Developer/Platforms/MacOSX.platform/Developer/SDKs/MacOSX26.1.sdk/System/Library/Frameworks/IOKit.framework/Headers/scsi/SCSITask.h
/Applications/Xcode.app/Contents/Developer/Platforms/MacOSX.platform/Developer/SDKs/MacOSX26.1.sdk/System/Library/Frameworks/IOKit.framework/Headers/scsi/SCSICmds_REPORT_LUNS_Definitions.h
/Applications/Xcode.app/Contents/Developer/Platforms/MacOSX.platform/Developer/SDKs/MacOSX26.1.sdk/System/Library/Frameworks/IOKit.framework/Headers/scsi/SCSITaskLib.h
/Applications/Xcode.app/Contents/Developer/Platforms/MacOSX.platform/Developer/SDKs/MacOSX26.1.sdk/System/Library/Frameworks/IOKit.framework/Headers/serial/IOSerialKeys.h
/Applications/Xcode.app/Contents/Developer/Platforms/MacOSX.platform/Developer/SDKs/MacOSX26.1.sdk/System/Library/Frameworks/IOKit.framework/Headers/serial/ioss.h
/Applications/Xcode.app/Contents/Developer/Platforms/MacOSX.platform/Developer/SDKs/MacOSX26.1.sdk/System/Library/Frameworks/IOKit.framework/Headers/storage/IOAppleLabelScheme.h
/Applications/Xcode.app/Contents/Developer/Platforms/MacOSX.platform/Developer/SDKs/MacOSX26.1.sdk/System/Library/Frameworks/IOKit.framework/Headers/storage/IODVDMediaBSDClient.h
/Applications/Xcode.app/Contents/Developer/Platforms/MacOSX.platform/Developer/SDKs/MacOSX26.1.sdk/System/Library/Frameworks/IOKit.framework/Headers/storage/IODVDTypes.h
/Applications/Xcode.app/Contents/Developer/Platforms/MacOSX.platform/Developer/SDKs/MacOSX26.1.sdk/System/Library/Frameworks/IOKit.framework/Headers/storage/IOApplePartitionScheme.h
/Applications/Xcode.app/Contents/Developer/Platforms/MacOSX.platform/Developer/SDKs/MacOSX26.1.sdk/System/Library/Frameworks/IOKit.framework/Headers/storage/IOBDBlockStorageDevice.h
/Applications/Xcode.app/Contents/Developer/Platforms/MacOSX.platform/Developer/SDKs/MacOSX26.1.sdk/System/Library/Frameworks/IOKit.framework/Headers/storage/IOBDTypes.h
/Applications/Xcode.app/Contents/Developer/Platforms/MacOSX.platform/Developer/SDKs/MacOSX26.1.sdk/System/Library/Frameworks/IOKit.framework/Headers/storage/IOFDiskPartitionScheme.h
/Applications/Xcode.app/Contents/Developer/Platforms/MacOSX.platform/Developer/SDKs/MacOSX26.1.sdk/System/Library/Frameworks/IOKit.framework/Headers/storage/IOBDMedia.h
/Applications/Xcode.app/Contents/Developer/Platforms/MacOSX.platform/Developer/SDKs/MacOSX26.1.sdk/System/Library/Frameworks/IOKit.framework/Headers/storage/IOFilterScheme.h
/Applications/Xcode.app/Contents/Developer/Platforms/MacOSX.platform/Developer/SDKs/MacOSX26.1.sdk/System/Library/Frameworks/IOKit.framework/Headers/storage/IOBDMediaBSDClient.h
/Applications/Xcode.app/Contents/Developer/Platforms/MacOSX.platform/Developer/SDKs/MacOSX26.1.sdk/System/Library/Frameworks/IOKit.framework/Headers/storage/IOFireWireStorageCharacteristics.h
/Applications/Xcode.app/Contents/Developer/Platforms/MacOSX.platform/Developer/SDKs/MacOSX26.1.sdk/System/Library/Frameworks/IOKit.framework/Headers/storage/IOGUIDPartitionScheme.h
/Applications/Xcode.app/Contents/Developer/Platforms/MacOSX.platform/Developer/SDKs/MacOSX26.1.sdk/System/Library/Frameworks/IOKit.framework/Headers/storage/IOBlockStorageDevice.h
/Applications/Xcode.app/Contents/Developer/Platforms/MacOSX.platform/Developer/SDKs/MacOSX26.1.sdk/System/Library/Frameworks/IOKit.framework/Headers/storage/IOMedia.h
/Applications/Xcode.app/Contents/Developer/Platforms/MacOSX.platform/Developer/SDKs/MacOSX26.1.sdk/System/Library/Frameworks/IOKit.framework/Headers/storage/IOBlockStorageDriver.h
/Applications/Xcode.app/Contents/Developer/Platforms/MacOSX.platform/Developer/SDKs/MacOSX26.1.sdk/System/Library/Frameworks/IOKit.framework/Headers/storage/IOMediaBSDClient.h
/Applications/Xcode.app/Contents/Developer/Platforms/MacOSX.platform/Developer/SDKs/MacOSX26.1.sdk/System/Library/Frameworks/IOKit.framework/Headers/storage/IOCDBlockStorageDevice.h
/Applications/Xcode.app/Contents/Developer/Platforms/MacOSX.platform/Developer/SDKs/MacOSX26.1.sdk/System/Library/Frameworks/IOKit.framework/Headers/storage/IOCDTypes.h
/Applications/Xcode.app/Contents/Developer/Platforms/MacOSX.platform/Developer/SDKs/MacOSX26.1.sdk/System/Library/Frameworks/IOKit.framework/Headers/storage/IOPartitionScheme.h
/Applications/Xcode.app/Contents/Developer/Platforms/MacOSX.platform/Developer/SDKs/MacOSX26.1.sdk/System/Library/Frameworks/IOKit.framework/Headers/storage/IOCDMedia.h
/Applications/Xcode.app/Contents/Developer/Platforms/MacOSX.platform/Developer/SDKs/MacOSX26.1.sdk/System/Library/Frameworks/IOKit.framework/Headers/storage/IOStorage.h
/Applications/Xcode.app/Contents/Developer/Platforms/MacOSX.platform/Developer/SDKs/MacOSX26.1.sdk/System/Library/Frameworks/IOKit.framework/Headers/storage/IOCDMediaBSDClient.h
/Applications/Xcode.app/Contents/Developer/Platforms/MacOSX.platform/Developer/SDKs/MacOSX26.1.sdk/System/Library/Frameworks/IOKit.framework/Headers/storage/IOStorageCardCharacteristics.h
/Applications/Xcode.app/Contents/Developer/Platforms/MacOSX.platform/Developer/SDKs/MacOSX26.1.sdk/System/Library/Frameworks/IOKit.framework/Headers/storage/IOCDPartitionScheme.h
/Applications/Xcode.app/Contents/Developer/Platforms/MacOSX.platform/Developer/SDKs/MacOSX26.1.sdk/System/Library/Frameworks/IOKit.framework/Headers/storage/IODVDBlockStorageDevice.h
/Applications/Xcode.app/Contents/Developer/Platforms/MacOSX.platform/Developer/SDKs/MacOSX26.1.sdk/System/Library/Frameworks/IOKit.framework/Headers/storage/IODVDMedia.h
/Applications/Xcode.app/Contents/Developer/Platforms/MacOSX.platform/Developer/SDKs/MacOSX26.1.sdk/System/Library/Frameworks/IOKit.framework/Headers/storage/ata/ATASMARTLib.h
/Applications/Xcode.app/Contents/Developer/Platforms/MacOSX.platform/Developer/SDKs/MacOSX26.1.sdk/System/Library/Frameworks/IOKit.framework/Headers/storage/ata/IOATAStorageDefines.h
/Applications/Xcode.app/Contents/Developer/Platforms/MacOSX.platform/Developer/SDKs/MacOSX26.1.sdk/System/Library/Frameworks/IOKit.framework/Headers/stream/IOStreamLib.h
/Applications/Xcode.app/Contents/Developer/Platforms/MacOSX.platform/Developer/SDKs/MacOSX26.1.sdk/System/Library/Frameworks/IOKit.framework/Headers/stream/IOStreamShared.h
/Applications/Xcode.app/Contents/Developer/Platforms/MacOSX.platform/Developer/SDKs/MacOSX26.1.sdk/System/Library/Frameworks/IOKit.framework/Headers/usb/AppleUSBDefinitions.h
/Applications/Xcode.app/Contents/Developer/Platforms/MacOSX.platform/Developer/SDKs/MacOSX26.1.sdk/System/Library/Frameworks/IOKit.framework/Headers/usb/IOUSBHostFamilyDefinitions.h
/Applications/Xcode.app/Contents/Developer/Platforms/MacOSX.platform/Developer/SDKs/MacOSX26.1.sdk/System/Library/Frameworks/IOKit.framework/Headers/usb/IOUSBLib.h
/Applications/Xcode.app/Contents/Developer/Platforms/MacOSX.platform/Developer/SDKs/MacOSX26.1.sdk/System/Library/Frameworks/IOKit.framework/Headers/usb/USB.h
/Applications/Xcode.app/Contents/Developer/Platforms/MacOSX.platform/Developer/SDKs/MacOSX26.1.sdk/System/Library/Frameworks/IOKit.framework/Headers/usb/USBSpec.h
/Applications/Xcode.app/Contents/Developer/Platforms/MacOSX.platform/Developer/SDKs/MacOSX26.1.sdk/SDKSettings.json
/Applications/Xcode.app/Contents/Developer/Toolchains/XcodeDefault.xctoolchain/usr/lib/swift/macosx/prebuilt-modules/26.1/IOKit.swiftmodule/arm64e-apple-macos.swiftmodule
/Users/rogerlin/Library/Developer/Xcode/DerivedData/FinancialCalculatorKit-ackorybalcxbfocbkqsfdzcfkgmn/Build/Products/Debug/IssueReporting.swiftmodule/arm64-apple-macos.swiftmodule
/Applications/Xcode.app/Contents/Developer/Platforms/MacOSX.platform/Developer/SDKs/MacOSX26.1.sdk/usr/include/DarwinBasic.modulemap
/Applications/Xcode.app/Contents/Developer/Platforms/MacOSX.platform/Developer/SDKs/MacOSX26.1.sdk/usr/include/Darwin.modulemap
/Applications/Xcode.app/Contents/Developer/Platforms/MacOSX.platform/Developer/SDKs/MacOSX26.1.sdk/usr/include/Darwin_C.modulemap
/Applications/Xcode.app/Contents/Developer/Platforms/MacOSX.platform/Developer/SDKs/MacOSX26.1.sdk/usr/include/Darwin_POSIX.modulemap
/Applications/Xcode.app/Contents/Developer/Platforms/MacOSX.platform/Developer/SDKs/MacOSX26.1.sdk/usr/include/net.modulemap
/Applications/Xcode.app/Contents/Developer/Platforms/MacOSX.platform/Developer/SDKs/MacOSX26.1.sdk/usr/include/netinet.modulemap
/Applications/Xcode.app/Contents/Developer/Platforms/MacOSX.platform/Developer/SDKs/MacOSX26.1.sdk/usr/include/bank.modulemap
/Applications/Xcode.app/Contents/Developer/Platforms/MacOSX.platform/Developer/SDKs/MacOSX26.1.sdk/usr/include/Darwin_Mach.modulemap
/Applications/Xcode.app/Contents/Developer/Platforms/MacOSX.platform/Developer/SDKs/MacOSX26.1.sdk/usr/include/Darwin_Mach_machine.modulemap
/Applications/Xcode.app/Contents/Developer/Platforms/MacOSX.platform/Developer/SDKs/MacOSX26.1.sdk/usr/include/mach_debug.modulemap
/Applications/Xcode.app/Contents/Developer/Platforms/MacOSX.platform/Developer/SDKs/MacOSX26.1.sdk/usr/include/device.modulemap
/Applications/Xcode.app/Contents/Developer/Platforms/MacOSX.platform/Developer/SDKs/MacOSX26.1.sdk/usr/include/Darwin_machine.modulemap
/Applications/Xcode.app/Contents/Developer/Platforms/MacOSX.platform/Developer/SDKs/MacOSX26.1.sdk/usr/include/ncurses.modulemap
/Applications/Xcode.app/Contents/Developer/Platforms/MacOSX.platform/Developer/SDKs/MacOSX26.1.sdk/usr/include/netinet6.modulemap
/Applications/Xcode.app/Contents/Developer/Platforms/MacOSX.platform/Developer/SDKs/MacOSX26.1.sdk/usr/include/Darwin_sys.modulemap
/Applications/Xcode.app/Contents/Developer/Platforms/MacOSX.platform/Developer/SDKs/MacOSX26.1.sdk/usr/include/uuid.modulemap
/Applications/Xcode.app/Contents/Developer/Platforms/MacOSX.platform/Developer/SDKs/MacOSX26.1.sdk/usr/include/DarwinFoundation2.modulemap
/Applications/Xcode.app/Contents/Developer/Platforms/MacOSX.platform/Developer/SDKs/MacOSX26.1.sdk/usr/include/DarwinFoundation3.modulemap
/Applications/Xcode.app/Contents/Developer/Platforms/MacOSX.platform/Developer/SDKs/MacOSX26.1.sdk/usr/include/DarwinFoundation1.modulemap
/Applications/Xcode.app/Contents/Developer/Platforms/MacOSX.platform/Developer/SDKs/MacOSX26.1.sdk/usr/include/mach-o/arch.h
/Applications/Xcode.app/Contents/Developer/Toolchains/XcodeDefault.xctoolchain/usr/lib/swift/clang/include/module.modulemap
/Applications/Xcode.app/Contents/Developer/Platforms/MacOSX.platform/Developer/SDKs/MacOSX26.1.sdk/usr/include/mach-o/arm/reloc.h
/Applications/Xcode.app/Contents/Developer/Platforms/MacOSX.platform/Developer/SDKs/MacOSX26.1.sdk/usr/include/mach-o/arm64/reloc.h
/Applications/Xcode.app/Contents/Developer/Platforms/MacOSX.platform/Developer/SDKs/MacOSX26.1.sdk/usr/include/mach-o/compact_unwind_encoding.h
/Applications/Xcode.app/Contents/Developer/Platforms/MacOSX.platform/Developer/SDKs/MacOSX26.1.sdk/usr/include/mach-o/dyld.h
/Applications/Xcode.app/Contents/Developer/Toolchains/XcodeDefault.xctoolchain/usr/lib/swift/clang/include/stddef.h
/Applications/Xcode.app/Contents/Developer/Platforms/MacOSX.platform/Developer/SDKs/MacOSX26.1.sdk/usr/include/mach-o/loader.h
/Applications/Xcode.app/Contents/Developer/Platforms/MacOSX.platform/Developer/SDKs/MacOSX26.1.sdk/usr/include/mach-o/dyld_images.h
/Applications/Xcode.app/Contents/Developer/Platforms/MacOSX.platform/Developer/SDKs/MacOSX26.1.sdk/usr/include/mach-o/fat.h
/Applications/Xcode.app/Contents/Developer/Platforms/MacOSX.platform/Developer/SDKs/MacOSX26.1.sdk/usr/include/mach-o/fixup-chains.h
/Applications/Xcode.app/Contents/Developer/Platforms/MacOSX.platform/Developer/SDKs/MacOSX26.1.sdk/usr/include/mach-o/getsect.h
/Applications/Xcode.app/Contents/Developer/Platforms/MacOSX.platform/Developer/SDKs/MacOSX26.1.sdk/usr/include/mach-o/ldsyms.h
/Applications/Xcode.app/Contents/Developer/Platforms/MacOSX.platform/Developer/SDKs/MacOSX26.1.sdk/usr/include/mach-o/nlist.h
/Applications/Xcode.app/Contents/Developer/Platforms/MacOSX.platform/Developer/SDKs/MacOSX26.1.sdk/usr/include/mach-o/ranlib.h
/Applications/Xcode.app/Contents/Developer/Platforms/MacOSX.platform/Developer/SDKs/MacOSX26.1.sdk/usr/include/mach-o/reloc.h
/Applications/Xcode.app/Contents/Developer/Platforms/MacOSX.platform/Developer/SDKs/MacOSX26.1.sdk/usr/include/mach-o/stab.h
/Applications/Xcode.app/Contents/Developer/Platforms/MacOSX.platform/Developer/SDKs/MacOSX26.1.sdk/usr/include/mach-o/swap.h
/Applications/Xcode.app/Contents/Developer/Platforms/MacOSX.platform/Developer/SDKs/MacOSX26.1.sdk/usr/include/mach-o/utils.h
/Applications/Xcode.app/Contents/Developer/Platforms/MacOSX.platform/Developer/SDKs/MacOSX26.1.sdk/usr/include/mach-o/x86_64/reloc.h
/Applications/Xcode.app/Contents/Developer/Platforms/MacOSX.platform/Developer/SDKs/MacOSX26.1.sdk/SDKSettings.json
/Applications/Xcode.app/Contents/Developer/Toolchains/XcodeDefault.xctoolchain/usr/lib/swift/macosx/prebuilt-modules/26.1/ObjectiveC.swiftmodule/arm64e-apple-macos.swiftmodule
/Applications/Xcode.app/Contents/Developer/Platforms/MacOSX.platform/Developer/SDKs/MacOSX26.1.sdk/usr/include/ObjectiveC.apinotes
/Applications/Xcode.app/Contents/Developer/Platforms/MacOSX.platform/Developer/SDKs/MacOSX26.1.sdk/usr/include/DarwinBasic.modulemap
/Applications/Xcode.app/Contents/Developer/Platforms/MacOSX.platform/Developer/SDKs/MacOSX26.1.sdk/usr/include/ObjectiveC.modulemap
/Applications/Xcode.app/Contents/Developer/Platforms/MacOSX.platform/Developer/SDKs/MacOSX26.1.sdk/usr/include/Darwin.modulemap
/Applications/Xcode.app/Contents/Developer/Platforms/MacOSX.platform/Developer/SDKs/MacOSX26.1.sdk/usr/include/Darwin_C.modulemap
/Applications/Xcode.app/Contents/Developer/Platforms/MacOSX.platform/Developer/SDKs/MacOSX26.1.sdk/usr/include/Darwin_POSIX.modulemap
/Applications/Xcode.app/Contents/Developer/Platforms/MacOSX.platform/Developer/SDKs/MacOSX26.1.sdk/usr/include/net.modulemap
/Applications/Xcode.app/Contents/Developer/Platforms/MacOSX.platform/Developer/SDKs/MacOSX26.1.sdk/usr/include/netinet.modulemap
/Applications/Xcode.app/Contents/Developer/Platforms/MacOSX.platform/Developer/SDKs/MacOSX26.1.sdk/usr/include/bank.modulemap
/Applications/Xcode.app/Contents/Developer/Platforms/MacOSX.platform/Developer/SDKs/MacOSX26.1.sdk/usr/include/Darwin_Mach.modulemap
/Applications/Xcode.app/Contents/Developer/Platforms/MacOSX.platform/Developer/SDKs/MacOSX26.1.sdk/usr/include/Darwin_Mach_machine.modulemap
/Applications/Xcode.app/Contents/Developer/Platforms/MacOSX.platform/Developer/SDKs/MacOSX26.1.sdk/usr/include/mach_debug.modulemap
/Applications/Xcode.app/Contents/Developer/Platforms/MacOSX.platform/Developer/SDKs/MacOSX26.1.sdk/usr/include/device.modulemap
/Applications/Xcode.app/Contents/Developer/Platforms/MacOSX.platform/Developer/SDKs/MacOSX26.1.sdk/usr/include/Darwin_machine.modulemap
/Applications/Xcode.app/Contents/Developer/Platforms/MacOSX.platform/Developer/SDKs/MacOSX26.1.sdk/usr/include/ncurses.modulemap
/Applications/Xcode.app/Contents/Developer/Platforms/MacOSX.platform/Developer/SDKs/MacOSX26.1.sdk/usr/include/netinet6.modulemap
/Applications/Xcode.app/Contents/Developer/Platforms/MacOSX.platform/Developer/SDKs/MacOSX26.1.sdk/usr/include/Darwin_sys.modulemap
/Applications/Xcode.app/Contents/Developer/Platforms/MacOSX.platform/Developer/SDKs/MacOSX26.1.sdk/usr/include/uuid.modulemap
/Applications/Xcode.app/Contents/Developer/Platforms/MacOSX.platform/Developer/SDKs/MacOSX26.1.sdk/usr/include/DarwinFoundation2.modulemap
/Applications/Xcode.app/Contents/Developer/Platforms/MacOSX.platform/Developer/SDKs/MacOSX26.1.sdk/usr/include/DarwinFoundation3.modulemap
/Applications/Xcode.app/Contents/Developer/Platforms/MacOSX.platform/Developer/SDKs/MacOSX26.1.sdk/usr/include/DarwinFoundation1.modulemap
/Applications/Xcode.app/Contents/Developer/Platforms/MacOSX.platform/Developer/SDKs/MacOSX26.1.sdk/usr/include/objc/List.h
/Applications/Xcode.app/Contents/Developer/Platforms/MacOSX.platform/Developer/SDKs/MacOSX26.1.sdk/usr/include/objc/NSObjCRuntime.h
/Applications/Xcode.app/Contents/Developer/Toolchains/XcodeDefault.xctoolchain/usr/lib/swift/clang/include/module.modulemap
/Applications/Xcode.app/Contents/Developer/Platforms/MacOSX.platform/Developer/SDKs/MacOSX26.1.sdk/usr/include/objc/objc.h
/Applications/Xcode.app/Contents/Developer/Platforms/MacOSX.platform/Developer/SDKs/MacOSX26.1.sdk/usr/include/stdlib.h
/Applications/Xcode.app/Contents/Developer/Platforms/MacOSX.platform/Developer/SDKs/MacOSX26.1.sdk/usr/include/objc/objc-api.h
/Applications/Xcode.app/Contents/Developer/Toolchains/XcodeDefault.xctoolchain/usr/lib/swift/clang/include/stddef.h
/Applications/Xcode.app/Contents/Developer/Platforms/MacOSX.platform/Developer/SDKs/MacOSX26.1.sdk/usr/include/objc/NSObject.h
/Applications/Xcode.app/Contents/Developer/Platforms/MacOSX.platform/Developer/SDKs/MacOSX26.1.sdk/usr/include/objc/Object.h
/Applications/Xcode.app/Contents/Developer/Toolchains/XcodeDefault.xctoolchain/usr/lib/swift/clang/include/stdarg.h
/Applications/Xcode.app/Contents/Developer/Platforms/MacOSX.platform/Developer/SDKs/MacOSX26.1.sdk/usr/include/objc/objc-runtime.h
/Applications/Xcode.app/Contents/Developer/Platforms/MacOSX.platform/Developer/SDKs/MacOSX26.1.sdk/usr/include/objc/runtime.h
/Applications/Xcode.app/Contents/Developer/Platforms/MacOSX.platform/Developer/SDKs/MacOSX26.1.sdk/usr/include/objc/message.h
/Applications/Xcode.app/Contents/Developer/Platforms/MacOSX.platform/Developer/SDKs/MacOSX26.1.sdk/usr/include/objc/Protocol.h
/Applications/Xcode.app/Contents/Developer/Platforms/MacOSX.platform/Developer/SDKs/MacOSX26.1.sdk/usr/include/objc/hashtable.h
/Applications/Xcode.app/Contents/Developer/Platforms/MacOSX.platform/Developer/SDKs/MacOSX26.1.sdk/usr/include/objc/hashtable2.h
/Applications/Xcode.app/Contents/Developer/Platforms/MacOSX.platform/Developer/SDKs/MacOSX26.1.sdk/usr/include/objc/objc-auto.h
/Applications/Xcode.app/Contents/Developer/Platforms/MacOSX.platform/Developer/SDKs/MacOSX26.1.sdk/usr/include/string.h
/Applications/Xcode.app/Contents/Developer/Platforms/MacOSX.platform/Developer/SDKs/MacOSX26.1.sdk/usr/include/objc/objc-class.h
/Applications/Xcode.app/Contents/Developer/Platforms/MacOSX.platform/Developer/SDKs/MacOSX26.1.sdk/usr/include/objc/objc-exception.h
/Applications/Xcode.app/Contents/Developer/Platforms/MacOSX.platform/Developer/SDKs/MacOSX26.1.sdk/usr/include/objc/objc-load.h
/Applications/Xcode.app/Contents/Developer/Platforms/MacOSX.platform/Developer/SDKs/MacOSX26.1.sdk/usr/include/objc/objc-sync.h
/Applications/Xcode.app/Contents/Developer/Platforms/MacOSX.platform/Developer/SDKs/MacOSX26.1.sdk/SDKSettings.json
/Applications/Xcode.app/Contents/Developer/Toolchains/XcodeDefault.xctoolchain/usr/lib/swift/macosx/prebuilt-modules/26.1/Observation.swiftmodule/arm64e-apple-macos.swiftmodule
/Applications/Xcode.app/Contents/Developer/Platforms/MacOSX.platform/Developer/SDKs/MacOSX26.1.sdk/System/Library/Frameworks/Security.framework/Headers/Security.apinotes
/Applications/Xcode.app/Contents/Developer/Platforms/MacOSX.platform/Developer/SDKs/MacOSX26.1.sdk/System/Library/Frameworks/Security.framework/Modules/module.modulemap
/Applications/Xcode.app/Contents/Developer/Platforms/MacOSX.platform/Developer/SDKs/MacOSX26.1.sdk/System/Library/Frameworks/Security.framework/Headers/Security.h
/Applications/Xcode.app/Contents/Developer/Platforms/MacOSX.platform/Developer/SDKs/MacOSX26.1.sdk/System/Library/Frameworks/Security.framework/Headers/SecBase.h
/Applications/Xcode.app/Contents/Developer/Platforms/MacOSX.platform/Developer/SDKs/MacOSX26.1.sdk/usr/include/xpc.modulemap
/Applications/Xcode.app/Contents/Developer/Platforms/MacOSX.platform/Developer/SDKs/MacOSX26.1.sdk/usr/include/dispatch.modulemap
/Applications/Xcode.app/Contents/Developer/Platforms/MacOSX.platform/Developer/SDKs/MacOSX26.1.sdk/usr/include/os.modulemap
/Applications/Xcode.app/Contents/Developer/Platforms/MacOSX.platform/Developer/SDKs/MacOSX26.1.sdk/usr/include/Darwin.modulemap
/Applications/Xcode.app/Contents/Developer/Platforms/MacOSX.platform/Developer/SDKs/MacOSX26.1.sdk/usr/include/Darwin_C.modulemap
/Applications/Xcode.app/Contents/Developer/Platforms/MacOSX.platform/Developer/SDKs/MacOSX26.1.sdk/usr/include/Darwin_POSIX.modulemap
/Applications/Xcode.app/Contents/Developer/Platforms/MacOSX.platform/Developer/SDKs/MacOSX26.1.sdk/usr/include/net.modulemap
/Applications/Xcode.app/Contents/Developer/Platforms/MacOSX.platform/Developer/SDKs/MacOSX26.1.sdk/usr/include/netinet.modulemap
/Applications/Xcode.app/Contents/Developer/Platforms/MacOSX.platform/Developer/SDKs/MacOSX26.1.sdk/usr/include/bank.modulemap
/Applications/Xcode.app/Contents/Developer/Platforms/MacOSX.platform/Developer/SDKs/MacOSX26.1.sdk/usr/include/Darwin_Mach.modulemap
/Applications/Xcode.app/Contents/Developer/Platforms/MacOSX.platform/Developer/SDKs/MacOSX26.1.sdk/usr/include/Darwin_Mach_machine.modulemap
/Applications/Xcode.app/Contents/Developer/Platforms/MacOSX.platform/Developer/SDKs/MacOSX26.1.sdk/usr/include/mach_debug.modulemap
/Applications/Xcode.app/Contents/Developer/Platforms/MacOSX.platform/Developer/SDKs/MacOSX26.1.sdk/usr/include/device.modulemap
/Applications/Xcode.app/Contents/Developer/Platforms/MacOSX.platform/Developer/SDKs/MacOSX26.1.sdk/usr/include/Darwin_machine.modulemap
/Applications/Xcode.app/Contents/Developer/Platforms/MacOSX.platform/Developer/SDKs/MacOSX26.1.sdk/usr/include/ncurses.modulemap
/Applications/Xcode.app/Contents/Developer/Platforms/MacOSX.platform/Developer/SDKs/MacOSX26.1.sdk/usr/include/netinet6.modulemap
/Applications/Xcode.app/Contents/Developer/Platforms/MacOSX.platform/Developer/SDKs/MacOSX26.1.sdk/usr/include/Darwin_sys.modulemap
/Applications/Xcode.app/Contents/Developer/Platforms/MacOSX.platform/Developer/SDKs/MacOSX26.1.sdk/usr/include/uuid.modulemap
/Applications/Xcode.app/Contents/Developer/Platforms/MacOSX.platform/Developer/SDKs/MacOSX26.1.sdk/usr/include/DarwinFoundation2.modulemap
/Applications/Xcode.app/Contents/Developer/Platforms/MacOSX.platform/Developer/SDKs/MacOSX26.1.sdk/usr/include/DarwinFoundation3.modulemap
/Applications/Xcode.app/Contents/Developer/Platforms/MacOSX.platform/Developer/SDKs/MacOSX26.1.sdk/usr/include/DarwinFoundation1.modulemap
/Applications/Xcode.app/Contents/Developer/Platforms/MacOSX.platform/Developer/SDKs/MacOSX26.1.sdk/System/Library/Frameworks/CoreFoundation.framework/Modules/module.modulemap
/Applications/Xcode.app/Contents/Developer/Platforms/MacOSX.platform/Developer/SDKs/MacOSX26.1.sdk/System/Library/Frameworks/Security.framework/Headers/SecCertificate.h
/Applications/Xcode.app/Contents/Developer/Platforms/MacOSX.platform/Developer/SDKs/MacOSX26.1.sdk/System/Library/Frameworks/Security.framework/Headers/cssmtype.h
/Applications/Xcode.app/Contents/Developer/Platforms/MacOSX.platform/Developer/SDKs/MacOSX26.1.sdk/System/Library/Frameworks/Security.framework/Headers/cssmconfig.h
/Applications/Xcode.app/Contents/Developer/Toolchains/XcodeDefault.xctoolchain/usr/lib/swift/clang/include/module.modulemap
/Applications/Xcode.app/Contents/Developer/Platforms/MacOSX.platform/Developer/SDKs/MacOSX26.1.sdk/System/Library/Frameworks/Security.framework/Headers/SecAsn1Types.h
/Applications/Xcode.app/Contents/Developer/Platforms/MacOSX.platform/Developer/SDKs/MacOSX26.1.sdk/System/Library/Frameworks/Security.framework/Headers/x509defs.h
/Applications/Xcode.app/Contents/Developer/Platforms/MacOSX.platform/Developer/SDKs/MacOSX26.1.sdk/System/Library/Frameworks/Security.framework/Headers/SecIdentity.h
/Applications/Xcode.app/Contents/Developer/Platforms/MacOSX.platform/Developer/SDKs/MacOSX26.1.sdk/System/Library/Frameworks/Security.framework/Headers/SecAccessControl.h
/Applications/Xcode.app/Contents/Developer/Platforms/MacOSX.platform/Developer/SDKs/MacOSX26.1.sdk/System/Library/Frameworks/Security.framework/Headers/SecItem.h
/Applications/Xcode.app/Contents/Developer/Platforms/MacOSX.platform/Developer/SDKs/MacOSX26.1.sdk/System/Library/Frameworks/Security.framework/Headers/SecKey.h
/Applications/Xcode.app/Contents/Developer/Platforms/MacOSX.platform/Developer/SDKs/MacOSX26.1.sdk/System/Library/Frameworks/Security.framework/Headers/SecAccess.h
/Applications/Xcode.app/Contents/Developer/Platforms/MacOSX.platform/Developer/SDKs/MacOSX26.1.sdk/System/Library/Frameworks/Security.framework/Headers/SecPolicy.h
/Applications/Xcode.app/Contents/Developer/Platforms/MacOSX.platform/Developer/SDKs/MacOSX26.1.sdk/System/Library/Frameworks/Security.framework/Headers/SecRandom.h
/Applications/Xcode.app/Contents/Developer/Platforms/MacOSX.platform/Developer/SDKs/MacOSX26.1.sdk/System/Library/Frameworks/Security.framework/Headers/SecImportExport.h
/Applications/Xcode.app/Contents/Developer/Platforms/MacOSX.platform/Developer/SDKs/MacOSX26.1.sdk/System/Library/Frameworks/Security.framework/Headers/SecKeychain.h
/Applications/Xcode.app/Contents/Developer/Platforms/MacOSX.platform/Developer/SDKs/MacOSX26.1.sdk/System/Library/Frameworks/Security.framework/Headers/cssmapple.h
/Applications/Xcode.app/Contents/Developer/Platforms/MacOSX.platform/Developer/SDKs/MacOSX26.1.sdk/System/Library/Frameworks/Security.framework/Headers/cssmerr.h
/Applications/Xcode.app/Contents/Developer/Platforms/MacOSX.platform/Developer/SDKs/MacOSX26.1.sdk/System/Library/Frameworks/Security.framework/Headers/certextensions.h
/Applications/Xcode.app/Contents/Developer/Platforms/MacOSX.platform/Developer/SDKs/MacOSX26.1.sdk/System/Library/Frameworks/Security.framework/Headers/SecTrust.h
/Applications/Xcode.app/Contents/Developer/Platforms/MacOSX.platform/Developer/SDKs/MacOSX26.1.sdk/System/Library/Frameworks/Security.framework/Headers/SecSharedCredential.h
/Applications/Xcode.app/Contents/Developer/Platforms/MacOSX.platform/Developer/SDKs/MacOSX26.1.sdk/System/Library/Frameworks/Security.framework/Headers/SecProtocolOptions.h
/Applications/Xcode.app/Contents/Developer/Platforms/MacOSX.platform/Developer/SDKs/MacOSX26.1.sdk/System/Library/Frameworks/Security.framework/Headers/SecProtocolObject.h
/Applications/Xcode.app/Contents/Developer/Platforms/MacOSX.platform/Developer/SDKs/MacOSX26.1.sdk/System/Library/Frameworks/Security.framework/Headers/SecProtocolTypes.h
/Applications/Xcode.app/Contents/Developer/Platforms/MacOSX.platform/Developer/SDKs/MacOSX26.1.sdk/System/Library/Frameworks/Security.framework/Headers/CipherSuite.h
/Applications/Xcode.app/Contents/Developer/Platforms/MacOSX.platform/Developer/SDKs/MacOSX26.1.sdk/System/Library/Frameworks/Security.framework/Headers/SecProtocolMetadata.h
/Applications/Xcode.app/Contents/Developer/Platforms/MacOSX.platform/Developer/SDKs/MacOSX26.1.sdk/System/Library/Frameworks/Security.framework/Headers/AuthSession.h
/Applications/Xcode.app/Contents/Developer/Platforms/MacOSX.platform/Developer/SDKs/MacOSX26.1.sdk/System/Library/Frameworks/Security.framework/Headers/Authorization.h
/Applications/Xcode.app/Contents/Developer/Platforms/MacOSX.platform/Developer/SDKs/MacOSX26.1.sdk/usr/include/stdio.h
/Applications/Xcode.app/Contents/Developer/Platforms/MacOSX.platform/Developer/SDKs/MacOSX26.1.sdk/System/Library/Frameworks/Security.framework/Headers/cssm.h
/Applications/Xcode.app/Contents/Developer/Platforms/MacOSX.platform/Developer/SDKs/MacOSX26.1.sdk/System/Library/Frameworks/Security.framework/Headers/emmtype.h
/Applications/Xcode.app/Contents/Developer/Platforms/MacOSX.platform/Developer/SDKs/MacOSX26.1.sdk/System/Library/Frameworks/Security.framework/Headers/cssmapi.h
/Applications/Xcode.app/Contents/Developer/Platforms/MacOSX.platform/Developer/SDKs/MacOSX26.1.sdk/System/Library/Frameworks/Security.framework/Headers/cssmaci.h
/Applications/Xcode.app/Contents/Developer/Platforms/MacOSX.platform/Developer/SDKs/MacOSX26.1.sdk/System/Library/Frameworks/Security.framework/Headers/cssmcli.h
/Applications/Xcode.app/Contents/Developer/Platforms/MacOSX.platform/Developer/SDKs/MacOSX26.1.sdk/System/Library/Frameworks/Security.framework/Headers/cssmcspi.h
/Applications/Xcode.app/Contents/Developer/Platforms/MacOSX.platform/Developer/SDKs/MacOSX26.1.sdk/System/Library/Frameworks/Security.framework/Headers/cssmspi.h
/Applications/Xcode.app/Contents/Developer/Platforms/MacOSX.platform/Developer/SDKs/MacOSX26.1.sdk/System/Library/Frameworks/Security.framework/Headers/cssmdli.h
/Applications/Xcode.app/Contents/Developer/Platforms/MacOSX.platform/Developer/SDKs/MacOSX26.1.sdk/System/Library/Frameworks/Security.framework/Headers/cssmkrapi.h
/Applications/Xcode.app/Contents/Developer/Platforms/MacOSX.platform/Developer/SDKs/MacOSX26.1.sdk/System/Library/Frameworks/Security.framework/Headers/cssmkrspi.h
/Applications/Xcode.app/Contents/Developer/Platforms/MacOSX.platform/Developer/SDKs/MacOSX26.1.sdk/System/Library/Frameworks/Security.framework/Headers/cssmtpi.h
/Applications/Xcode.app/Contents/Developer/Platforms/MacOSX.platform/Developer/SDKs/MacOSX26.1.sdk/System/Library/Frameworks/Security.framework/Headers/emmspi.h
/Applications/Xcode.app/Contents/Developer/Platforms/MacOSX.platform/Developer/SDKs/MacOSX26.1.sdk/System/Library/Frameworks/Security.framework/Headers/mds.h
/Applications/Xcode.app/Contents/Developer/Platforms/MacOSX.platform/Developer/SDKs/MacOSX26.1.sdk/System/Library/Frameworks/Security.framework/Headers/mds_schema.h
/Applications/Xcode.app/Contents/Developer/Platforms/MacOSX.platform/Developer/SDKs/MacOSX26.1.sdk/System/Library/Frameworks/Security.framework/Headers/oidsalg.h
/Applications/Xcode.app/Contents/Developer/Platforms/MacOSX.platform/Developer/SDKs/MacOSX26.1.sdk/System/Library/Frameworks/Security.framework/Headers/oidsattr.h
/Applications/Xcode.app/Contents/Developer/Platforms/MacOSX.platform/Developer/SDKs/MacOSX26.1.sdk/System/Library/Frameworks/Security.framework/Headers/oidsbase.h
/Applications/Xcode.app/Contents/Developer/Platforms/MacOSX.platform/Developer/SDKs/MacOSX26.1.sdk/System/Library/Frameworks/Security.framework/Headers/oidscert.h
/Applications/Xcode.app/Contents/Developer/Platforms/MacOSX.platform/Developer/SDKs/MacOSX26.1.sdk/System/Library/Frameworks/Security.framework/Headers/oidscrl.h
/Applications/Xcode.app/Contents/Developer/Platforms/MacOSX.platform/Developer/SDKs/MacOSX26.1.sdk/System/Library/Frameworks/Security.framework/Headers/SecACL.h
/Applications/Xcode.app/Contents/Developer/Platforms/MacOSX.platform/Developer/SDKs/MacOSX26.1.sdk/System/Library/Frameworks/Security.framework/Headers/SecCertificateOIDs.h
/Applications/Xcode.app/Contents/Developer/Platforms/MacOSX.platform/Developer/SDKs/MacOSX26.1.sdk/System/Library/Frameworks/Security.framework/Headers/SecIdentitySearch.h
/Applications/Xcode.app/Contents/Developer/Platforms/MacOSX.platform/Developer/SDKs/MacOSX26.1.sdk/System/Library/Frameworks/Security.framework/Headers/SecKeychainItem.h
/Applications/Xcode.app/Contents/Developer/Platforms/MacOSX.platform/Developer/SDKs/MacOSX26.1.sdk/System/Library/Frameworks/Security.framework/Headers/SecKeychainSearch.h
/Applications/Xcode.app/Contents/Developer/Platforms/MacOSX.platform/Developer/SDKs/MacOSX26.1.sdk/System/Library/Frameworks/Security.framework/Headers/SecPolicySearch.h
/Applications/Xcode.app/Contents/Developer/Platforms/MacOSX.platform/Developer/SDKs/MacOSX26.1.sdk/System/Library/Frameworks/Security.framework/Headers/SecTrustedApplication.h
/Applications/Xcode.app/Contents/Developer/Platforms/MacOSX.platform/Developer/SDKs/MacOSX26.1.sdk/System/Library/Frameworks/Security.framework/Headers/SecTrustSettings.h
/Applications/Xcode.app/Contents/Developer/Platforms/MacOSX.platform/Developer/SDKs/MacOSX26.1.sdk/System/Library/Frameworks/Security.framework/Headers/SecStaticCode.h
/Applications/Xcode.app/Contents/Developer/Platforms/MacOSX.platform/Developer/SDKs/MacOSX26.1.sdk/System/Library/Frameworks/Security.framework/Headers/CSCommon.h
/Applications/Xcode.app/Contents/Developer/Platforms/MacOSX.platform/Developer/SDKs/MacOSX26.1.sdk/System/Library/Frameworks/Security.framework/Headers/SecCode.h
/Applications/Xcode.app/Contents/Developer/Platforms/MacOSX.platform/Developer/SDKs/MacOSX26.1.sdk/System/Library/Frameworks/Security.framework/Headers/SecCodeHost.h
/Applications/Xcode.app/Contents/Developer/Platforms/MacOSX.platform/Developer/SDKs/MacOSX26.1.sdk/System/Library/Frameworks/Security.framework/Headers/SecRequirement.h
/Applications/Xcode.app/Contents/Developer/Platforms/MacOSX.platform/Developer/SDKs/MacOSX26.1.sdk/System/Library/Frameworks/Security.framework/Headers/SecTask.h
/Applications/Xcode.app/Contents/Developer/Platforms/MacOSX.platform/Developer/SDKs/MacOSX26.1.sdk/System/Library/Frameworks/Security.framework/Headers/AuthorizationTags.h
/Applications/Xcode.app/Contents/Developer/Platforms/MacOSX.platform/Developer/SDKs/MacOSX26.1.sdk/System/Library/Frameworks/Security.framework/Headers/AuthorizationDB.h
/Applications/Xcode.app/Contents/Developer/Platforms/MacOSX.platform/Developer/SDKs/MacOSX26.1.sdk/System/Library/Frameworks/Security.framework/Headers/CMSDecoder.h
/Applications/Xcode.app/Contents/Developer/Platforms/MacOSX.platform/Developer/SDKs/MacOSX26.1.sdk/System/Library/Frameworks/Security.framework/Headers/CMSEncoder.h
/Applications/Xcode.app/Contents/Developer/Platforms/MacOSX.platform/Developer/SDKs/MacOSX26.1.sdk/System/Library/Frameworks/Security.framework/Headers/SecureTransport.h
/Applications/Xcode.app/Contents/Developer/Platforms/MacOSX.platform/Developer/SDKs/MacOSX26.1.sdk/System/Library/Frameworks/Security.framework/Headers/SecTransform.h
/Applications/Xcode.app/Contents/Developer/Platforms/MacOSX.platform/Developer/SDKs/MacOSX26.1.sdk/System/Library/Frameworks/Security.framework/Headers/SecCustomTransform.h
/Applications/Xcode.app/Contents/Developer/Platforms/MacOSX.platform/Developer/SDKs/MacOSX26.1.sdk/System/Library/Frameworks/Security.framework/Headers/SecDecodeTransform.h
/Applications/Xcode.app/Contents/Developer/Platforms/MacOSX.platform/Developer/SDKs/MacOSX26.1.sdk/System/Library/Frameworks/Security.framework/Headers/SecEncodeTransform.h
/Applications/Xcode.app/Contents/Developer/Platforms/MacOSX.platform/Developer/SDKs/MacOSX26.1.sdk/System/Library/Frameworks/Security.framework/Headers/SecDigestTransform.h
/Applications/Xcode.app/Contents/Developer/Platforms/MacOSX.platform/Developer/SDKs/MacOSX26.1.sdk/System/Library/Frameworks/Security.framework/Headers/SecEncryptTransform.h
/Applications/Xcode.app/Contents/Developer/Platforms/MacOSX.platform/Developer/SDKs/MacOSX26.1.sdk/System/Library/Frameworks/Security.framework/Headers/SecSignVerifyTransform.h
/Applications/Xcode.app/Contents/Developer/Platforms/MacOSX.platform/Developer/SDKs/MacOSX26.1.sdk/System/Library/Frameworks/Security.framework/Headers/SecReadTransform.h
/Applications/Xcode.app/Contents/Developer/Platforms/MacOSX.platform/Developer/SDKs/MacOSX26.1.sdk/System/Library/Frameworks/Security.framework/Headers/SecTransformReadTransform.h
/Applications/Xcode.app/Contents/Developer/Platforms/MacOSX.platform/Developer/SDKs/MacOSX26.1.sdk/System/Library/Frameworks/Security.framework/Headers/oids.h
/Applications/Xcode.app/Contents/Developer/Platforms/MacOSX.platform/Developer/SDKs/MacOSX26.1.sdk/usr/include/libDER/module.modulemap
/Applications/Xcode.app/Contents/Developer/Platforms/MacOSX.platform/Developer/SDKs/MacOSX26.1.sdk/usr/include/string.h
/Applications/Xcode.app/Contents/Developer/Platforms/MacOSX.platform/Developer/SDKs/MacOSX26.1.sdk/System/Library/Frameworks/Security.framework/Headers/AuthorizationPlugin.h
/Applications/Xcode.app/Contents/Developer/Platforms/MacOSX.platform/Developer/SDKs/MacOSX26.1.sdk/System/Library/Frameworks/Security.framework/Headers/CodeSigning.h
/Applications/Xcode.app/Contents/Developer/Platforms/MacOSX.platform/Developer/SDKs/MacOSX26.1.sdk/System/Library/Frameworks/Security.framework/Headers/eisl.h
/Applications/Xcode.app/Contents/Developer/Platforms/MacOSX.platform/Developer/SDKs/MacOSX26.1.sdk/System/Library/Frameworks/Security.framework/Headers/SecAsn1Coder.h
/Applications/Xcode.app/Contents/Developer/Platforms/MacOSX.platform/Developer/SDKs/MacOSX26.1.sdk/System/Library/Frameworks/Security.framework/Headers/SecAsn1Templates.h
/Applications/Xcode.app/Contents/Developer/Platforms/MacOSX.platform/Developer/SDKs/MacOSX26.1.sdk/System/Library/Frameworks/Security.framework/Headers/SecureDownload.h
/Applications/Xcode.app/Contents/Developer/Platforms/MacOSX.platform/Developer/SDKs/MacOSX26.1.sdk/SDKSettings.json
/Applications/Xcode.app/Contents/Developer/Toolchains/XcodeDefault.xctoolchain/usr/lib/swift/macosx/prebuilt-modules/26.1/Swift.swiftmodule/arm64e-apple-macos.swiftmodule
/Applications/Xcode.app/Contents/Developer/Toolchains/XcodeDefault.xctoolchain/usr/lib/swift/macosx/prebuilt-modules/26.1/SwiftOnoneSupport.swiftmodule/arm64e-apple-macos.swiftmodule
/Applications/Xcode.app/Contents/Developer/Platforms/MacOSX.platform/Developer/SDKs/MacOSX26.1.sdk/usr/lib/swift/shims/module.modulemap
/Applications/Xcode.app/Contents/Developer/Platforms/MacOSX.platform/Developer/SDKs/MacOSX26.1.sdk/usr/lib/swift/shims/AssertionReporting.h
/Applications/Xcode.app/Contents/Developer/Platforms/MacOSX.platform/Developer/SDKs/MacOSX26.1.sdk/usr/lib/swift/shims/SwiftStdint.h
/Applications/Xcode.app/Contents/Developer/Platforms/MacOSX.platform/Developer/SDKs/MacOSX26.1.sdk/usr/lib/swift/shims/Visibility.h
/Applications/Xcode.app/Contents/Developer/Platforms/MacOSX.platform/Developer/SDKs/MacOSX26.1.sdk/usr/lib/swift/shims/CoreFoundationShims.h
/Applications/Xcode.app/Contents/Developer/Platforms/MacOSX.platform/Developer/SDKs/MacOSX26.1.sdk/usr/lib/swift/shims/ObjCShims.h
/Applications/Xcode.app/Contents/Developer/Platforms/MacOSX.platform/Developer/SDKs/MacOSX26.1.sdk/usr/lib/swift/shims/EmbeddedShims.h
/Applications/Xcode.app/Contents/Developer/Platforms/MacOSX.platform/Developer/SDKs/MacOSX26.1.sdk/usr/lib/swift/shims/SwiftStddef.h
/Applications/Xcode.app/Contents/Developer/Platforms/MacOSX.platform/Developer/SDKs/MacOSX26.1.sdk/usr/lib/swift/shims/FoundationShims.h
/Applications/Xcode.app/Contents/Developer/Platforms/MacOSX.platform/Developer/SDKs/MacOSX26.1.sdk/usr/lib/swift/shims/GlobalObjects.h
/Applications/Xcode.app/Contents/Developer/Platforms/MacOSX.platform/Developer/SDKs/MacOSX26.1.sdk/usr/lib/swift/shims/SwiftStdbool.h
/Applications/Xcode.app/Contents/Developer/Platforms/MacOSX.platform/Developer/SDKs/MacOSX26.1.sdk/usr/lib/swift/shims/HeapObject.h
/Applications/Xcode.app/Contents/Developer/Platforms/MacOSX.platform/Developer/SDKs/MacOSX26.1.sdk/usr/lib/swift/shims/RefCount.h
/Applications/Xcode.app/Contents/Developer/Platforms/MacOSX.platform/Developer/SDKs/MacOSX26.1.sdk/usr/lib/swift/shims/System.h
/Applications/Xcode.app/Contents/Developer/Platforms/MacOSX.platform/Developer/SDKs/MacOSX26.1.sdk/usr/lib/swift/shims/Target.h
/Applications/Xcode.app/Contents/Developer/Platforms/MacOSX.platform/Developer/SDKs/MacOSX26.1.sdk/usr/lib/swift/shims/KeyPath.h
/Applications/Xcode.app/Contents/Developer/Platforms/MacOSX.platform/Developer/SDKs/MacOSX26.1.sdk/usr/lib/swift/shims/LibcShims.h
/Applications/Xcode.app/Contents/Developer/Platforms/MacOSX.platform/Developer/SDKs/MacOSX26.1.sdk/usr/lib/swift/shims/MetadataSections.h
/Applications/Xcode.app/Contents/Developer/Platforms/MacOSX.platform/Developer/SDKs/MacOSX26.1.sdk/usr/lib/swift/shims/Random.h
/Applications/Xcode.app/Contents/Developer/Platforms/MacOSX.platform/Developer/SDKs/MacOSX26.1.sdk/usr/lib/swift/shims/Reflection.h
/Applications/Xcode.app/Contents/Developer/Platforms/MacOSX.platform/Developer/SDKs/MacOSX26.1.sdk/usr/lib/swift/shims/RuntimeShims.h
/Applications/Xcode.app/Contents/Developer/Platforms/MacOSX.platform/Developer/SDKs/MacOSX26.1.sdk/usr/lib/swift/shims/RuntimeStubs.h
/Applications/Xcode.app/Contents/Developer/Platforms/MacOSX.platform/Developer/SDKs/MacOSX26.1.sdk/usr/lib/swift/shims/ThreadLocalStorage.h
/Applications/Xcode.app/Contents/Developer/Platforms/MacOSX.platform/Developer/SDKs/MacOSX26.1.sdk/usr/lib/swift/shims/UnicodeData.h
/Applications/Xcode.app/Contents/Developer/Platforms/MacOSX.platform/Developer/SDKs/MacOSX26.1.sdk/SDKSettings.json
/Applications/Xcode.app/Contents/Developer/Toolchains/XcodeDefault.xctoolchain/usr/lib/swift/macosx/prebuilt-modules/26.1/System.swiftmodule/arm64e-apple-macos.swiftmodule
/Users/rogerlin/Library/Developer/Xcode/DerivedData/FinancialCalculatorKit-ackorybalcxbfocbkqsfdzcfkgmn/Build/Products/Debug/XCTestDynamicOverlay.swiftmodule/arm64-apple-macos.swiftmodule
/Applications/Xcode.app/Contents/Developer/Platforms/MacOSX.platform/Developer/SDKs/MacOSX26.1.sdk/usr/include/XPC.apinotes
/Applications/Xcode.app/Contents/Developer/Platforms/MacOSX.platform/Developer/SDKs/MacOSX26.1.sdk/usr/include/launch.modulemap
/Applications/Xcode.app/Contents/Developer/Platforms/MacOSX.platform/Developer/SDKs/MacOSX26.1.sdk/usr/include/xpc.modulemap
/Applications/Xcode.app/Contents/Developer/Platforms/MacOSX.platform/Developer/SDKs/MacOSX26.1.sdk/usr/include/dispatch.modulemap
/Applications/Xcode.app/Contents/Developer/Platforms/MacOSX.platform/Developer/SDKs/MacOSX26.1.sdk/usr/include/os.modulemap
/Applications/Xcode.app/Contents/Developer/Platforms/MacOSX.platform/Developer/SDKs/MacOSX26.1.sdk/usr/include/Darwin.modulemap
/Applications/Xcode.app/Contents/Developer/Platforms/MacOSX.platform/Developer/SDKs/MacOSX26.1.sdk/usr/include/Darwin_C.modulemap
/Applications/Xcode.app/Contents/Developer/Platforms/MacOSX.platform/Developer/SDKs/MacOSX26.1.sdk/usr/include/Darwin_POSIX.modulemap
/Applications/Xcode.app/Contents/Developer/Platforms/MacOSX.platform/Developer/SDKs/MacOSX26.1.sdk/usr/include/net.modulemap
/Applications/Xcode.app/Contents/Developer/Platforms/MacOSX.platform/Developer/SDKs/MacOSX26.1.sdk/usr/include/netinet.modulemap
/Applications/Xcode.app/Contents/Developer/Platforms/MacOSX.platform/Developer/SDKs/MacOSX26.1.sdk/usr/include/bank.modulemap
/Applications/Xcode.app/Contents/Developer/Platforms/MacOSX.platform/Developer/SDKs/MacOSX26.1.sdk/usr/include/Darwin_Mach.modulemap
/Applications/Xcode.app/Contents/Developer/Platforms/MacOSX.platform/Developer/SDKs/MacOSX26.1.sdk/usr/include/Darwin_Mach_machine.modulemap
/Applications/Xcode.app/Contents/Developer/Platforms/MacOSX.platform/Developer/SDKs/MacOSX26.1.sdk/usr/include/mach_debug.modulemap
/Applications/Xcode.app/Contents/Developer/Platforms/MacOSX.platform/Developer/SDKs/MacOSX26.1.sdk/usr/include/device.modulemap
/Applications/Xcode.app/Contents/Developer/Platforms/MacOSX.platform/Developer/SDKs/MacOSX26.1.sdk/usr/include/Darwin_machine.modulemap
/Applications/Xcode.app/Contents/Developer/Platforms/MacOSX.platform/Developer/SDKs/MacOSX26.1.sdk/usr/include/ncurses.modulemap
/Applications/Xcode.app/Contents/Developer/Platforms/MacOSX.platform/Developer/SDKs/MacOSX26.1.sdk/usr/include/netinet6.modulemap
/Applications/Xcode.app/Contents/Developer/Platforms/MacOSX.platform/Developer/SDKs/MacOSX26.1.sdk/usr/include/Darwin_sys.modulemap
/Applications/Xcode.app/Contents/Developer/Platforms/MacOSX.platform/Developer/SDKs/MacOSX26.1.sdk/usr/include/uuid.modulemap
/Applications/Xcode.app/Contents/Developer/Platforms/MacOSX.platform/Developer/SDKs/MacOSX26.1.sdk/usr/include/DarwinFoundation2.modulemap
/Applications/Xcode.app/Contents/Developer/Platforms/MacOSX.platform/Developer/SDKs/MacOSX26.1.sdk/usr/include/DarwinFoundation3.modulemap
/Applications/Xcode.app/Contents/Developer/Platforms/MacOSX.platform/Developer/SDKs/MacOSX26.1.sdk/usr/include/DarwinFoundation1.modulemap
/Applications/Xcode.app/Contents/Developer/Platforms/MacOSX.platform/Developer/SDKs/MacOSX26.1.sdk/usr/include/xpc/xpc.h
/Applications/Xcode.app/Contents/Developer/Toolchains/XcodeDefault.xctoolchain/usr/lib/swift/clang/include/module.modulemap
/Applications/Xcode.app/Contents/Developer/Toolchains/XcodeDefault.xctoolchain/usr/lib/swift/clang/include/stdarg.h
/Applications/Xcode.app/Contents/Developer/Platforms/MacOSX.platform/Developer/SDKs/MacOSX26.1.sdk/usr/include/stdlib.h
/Applications/Xcode.app/Contents/Developer/Platforms/MacOSX.platform/Developer/SDKs/MacOSX26.1.sdk/usr/include/stdio.h
/Applications/Xcode.app/Contents/Developer/Platforms/MacOSX.platform/Developer/SDKs/MacOSX26.1.sdk/usr/include/string.h
/Applications/Xcode.app/Contents/Developer/Platforms/MacOSX.platform/Developer/SDKs/MacOSX26.1.sdk/usr/include/xpc/base.h
/Applications/Xcode.app/Contents/Developer/Platforms/MacOSX.platform/Developer/SDKs/MacOSX26.1.sdk/usr/include/xpc/availability.h
/Applications/Xcode.app/Contents/Developer/Platforms/MacOSX.platform/Developer/SDKs/MacOSX26.1.sdk/usr/include/xpc/endpoint.h
/Applications/Xcode.app/Contents/Developer/Platforms/MacOSX.platform/Developer/SDKs/MacOSX26.1.sdk/usr/include/xpc/debug.h
/Applications/Xcode.app/Contents/Developer/Platforms/MacOSX.platform/Developer/SDKs/MacOSX26.1.sdk/usr/include/xpc/activity.h
/Applications/Xcode.app/Contents/Developer/Platforms/MacOSX.platform/Developer/SDKs/MacOSX26.1.sdk/usr/include/xpc/peer_requirement.h
/Applications/Xcode.app/Contents/Developer/Platforms/MacOSX.platform/Developer/SDKs/MacOSX26.1.sdk/usr/include/xpc/connection.h
/Applications/Xcode.app/Contents/Developer/Platforms/MacOSX.platform/Developer/SDKs/MacOSX26.1.sdk/usr/include/xpc/rich_error.h
/Applications/Xcode.app/Contents/Developer/Platforms/MacOSX.platform/Developer/SDKs/MacOSX26.1.sdk/usr/include/xpc/session.h
/Applications/Xcode.app/Contents/Developer/Platforms/MacOSX.platform/Developer/SDKs/MacOSX26.1.sdk/usr/include/xpc/listener.h
/Applications/Xcode.app/Contents/Developer/Platforms/MacOSX.platform/Developer/SDKs/MacOSX26.1.sdk/SDKSettings.json
/Applications/Xcode.app/Contents/Developer/Toolchains/XcodeDefault.xctoolchain/usr/lib/swift/macosx/prebuilt-modules/26.1/XPC.swiftmodule/arm64e-apple-macos.swiftmodule
/Applications/Xcode.app/Contents/Developer/Platforms/MacOSX.platform/Developer/SDKs/MacOSX26.1.sdk/usr/include/DarwinFoundation1.modulemap
/Applications/Xcode.app/Contents/Developer/Platforms/MacOSX.platform/Developer/SDKs/MacOSX26.1.sdk/usr/include/AvailabilityInternal.h
/Applications/Xcode.app/Contents/Developer/Platforms/MacOSX.platform/Developer/SDKs/MacOSX26.1.sdk/usr/include/AvailabilityVersions.h
/Applications/Xcode.app/Contents/Developer/Platforms/MacOSX.platform/Developer/SDKs/MacOSX26.1.sdk/usr/include/AvailabilityInternalLegacy.h
/Applications/Xcode.app/Contents/Developer/Platforms/MacOSX.platform/Developer/SDKs/MacOSX26.1.sdk/SDKSettings.json
/Applications/Xcode.app/Contents/Developer/Toolchains/XcodeDefault.xctoolchain/usr/lib/swift/macosx/prebuilt-modules/26.1/_Builtin_float.swiftmodule/arm64e-apple-macos.swiftmodule
/Applications/Xcode.app/Contents/Developer/Toolchains/XcodeDefault.xctoolchain/usr/lib/swift/clang/include/module.modulemap
/Applications/Xcode.app/Contents/Developer/Toolchains/XcodeDefault.xctoolchain/usr/lib/swift/clang/include/float.h
/Applications/Xcode.app/Contents/Developer/Platforms/MacOSX.platform/Developer/SDKs/MacOSX26.1.sdk/SDKSettings.json
/Applications/Xcode.app/Contents/Developer/Toolchains/XcodeDefault.xctoolchain/usr/lib/swift/clang/include/module.modulemap
/Applications/Xcode.app/Contents/Developer/Toolchains/XcodeDefault.xctoolchain/usr/lib/swift/clang/include/inttypes.h
/Applications/Xcode.app/Contents/Developer/Platforms/MacOSX.platform/Developer/SDKs/MacOSX26.1.sdk/usr/include/DarwinFoundation3.modulemap
/Applications/Xcode.app/Contents/Developer/Platforms/MacOSX.platform/Developer/SDKs/MacOSX26.1.sdk/usr/include/inttypes.h
/Applications/Xcode.app/Contents/Developer/Platforms/MacOSX.platform/Developer/SDKs/MacOSX26.1.sdk/SDKSettings.json
/Applications/Xcode.app/Contents/Developer/Toolchains/XcodeDefault.xctoolchain/usr/lib/swift/clang/include/module.modulemap
/Applications/Xcode.app/Contents/Developer/Toolchains/XcodeDefault.xctoolchain/usr/lib/swift/clang/include/limits.h
/Applications/Xcode.app/Contents/Developer/Platforms/MacOSX.platform/Developer/SDKs/MacOSX26.1.sdk/usr/include/DarwinFoundation1.modulemap
/Applications/Xcode.app/Contents/Developer/Platforms/MacOSX.platform/Developer/SDKs/MacOSX26.1.sdk/SDKSettings.json
/Applications/Xcode.app/Contents/Developer/Toolchains/XcodeDefault.xctoolchain/usr/lib/swift/clang/include/module.modulemap
/Applications/Xcode.app/Contents/Developer/Toolchains/XcodeDefault.xctoolchain/usr/lib/swift/clang/include/__stdarg___gnuc_va_list.h
/Applications/Xcode.app/Contents/Developer/Toolchains/XcodeDefault.xctoolchain/usr/lib/swift/clang/include/__stdarg___va_copy.h
/Applications/Xcode.app/Contents/Developer/Toolchains/XcodeDefault.xctoolchain/usr/lib/swift/clang/include/__stdarg_header_macro.h
/Applications/Xcode.app/Contents/Developer/Toolchains/XcodeDefault.xctoolchain/usr/lib/swift/clang/include/__stdarg_va_arg.h
/Applications/Xcode.app/Contents/Developer/Toolchains/XcodeDefault.xctoolchain/usr/lib/swift/clang/include/__stdarg_va_copy.h
/Applications/Xcode.app/Contents/Developer/Toolchains/XcodeDefault.xctoolchain/usr/lib/swift/clang/include/__stdarg_va_list.h
/Applications/Xcode.app/Contents/Developer/Platforms/MacOSX.platform/Developer/SDKs/MacOSX26.1.sdk/SDKSettings.json
/Applications/Xcode.app/Contents/Developer/Toolchains/XcodeDefault.xctoolchain/usr/lib/swift/clang/include/module.modulemap
/Applications/Xcode.app/Contents/Developer/Toolchains/XcodeDefault.xctoolchain/usr/lib/swift/clang/include/stdatomic.h
/Applications/Xcode.app/Contents/Developer/Toolchains/XcodeDefault.xctoolchain/usr/lib/swift/clang/include/stddef.h
/Applications/Xcode.app/Contents/Developer/Platforms/MacOSX.platform/Developer/SDKs/MacOSX26.1.sdk/SDKSettings.json
/Applications/Xcode.app/Contents/Developer/Toolchains/XcodeDefault.xctoolchain/usr/lib/swift/clang/include/module.modulemap
/Applications/Xcode.app/Contents/Developer/Toolchains/XcodeDefault.xctoolchain/usr/lib/swift/clang/include/stdbool.h
/Applications/Xcode.app/Contents/Developer/Platforms/MacOSX.platform/Developer/SDKs/MacOSX26.1.sdk/SDKSettings.json
/Applications/Xcode.app/Contents/Developer/Toolchains/XcodeDefault.xctoolchain/usr/lib/swift/clang/include/module.modulemap
/Applications/Xcode.app/Contents/Developer/Toolchains/XcodeDefault.xctoolchain/usr/lib/swift/clang/include/__stddef_header_macro.h
/Applications/Xcode.app/Contents/Developer/Toolchains/XcodeDefault.xctoolchain/usr/lib/swift/clang/include/__stddef_max_align_t.h
/Applications/Xcode.app/Contents/Developer/Toolchains/XcodeDefault.xctoolchain/usr/lib/swift/clang/include/__stddef_null.h
/Applications/Xcode.app/Contents/Developer/Toolchains/XcodeDefault.xctoolchain/usr/lib/swift/clang/include/__stddef_nullptr_t.h
/Applications/Xcode.app/Contents/Developer/Toolchains/XcodeDefault.xctoolchain/usr/lib/swift/clang/include/__stddef_offsetof.h
/Applications/Xcode.app/Contents/Developer/Toolchains/XcodeDefault.xctoolchain/usr/lib/swift/clang/include/__stddef_ptrdiff_t.h
/Applications/Xcode.app/Contents/Developer/Toolchains/XcodeDefault.xctoolchain/usr/lib/swift/clang/include/__stddef_rsize_t.h
/Applications/Xcode.app/Contents/Developer/Toolchains/XcodeDefault.xctoolchain/usr/lib/swift/clang/include/__stddef_size_t.h
/Applications/Xcode.app/Contents/Developer/Toolchains/XcodeDefault.xctoolchain/usr/lib/swift/clang/include/__stddef_unreachable.h
/Applications/Xcode.app/Contents/Developer/Toolchains/XcodeDefault.xctoolchain/usr/lib/swift/clang/include/__stddef_wchar_t.h
/Applications/Xcode.app/Contents/Developer/Platforms/MacOSX.platform/Developer/SDKs/MacOSX26.1.sdk/SDKSettings.json
/Applications/Xcode.app/Contents/Developer/Toolchains/XcodeDefault.xctoolchain/usr/lib/swift/clang/include/module.modulemap
/Applications/Xcode.app/Contents/Developer/Toolchains/XcodeDefault.xctoolchain/usr/lib/swift/clang/include/stdint.h
/Applications/Xcode.app/Contents/Developer/Platforms/MacOSX.platform/Developer/SDKs/MacOSX26.1.sdk/usr/include/DarwinFoundation2.modulemap
/Applications/Xcode.app/Contents/Developer/Platforms/MacOSX.platform/Developer/SDKs/MacOSX26.1.sdk/SDKSettings.json
/Applications/Xcode.app/Contents/Developer/Toolchains/XcodeDefault.xctoolchain/usr/lib/swift/macosx/prebuilt-modules/26.1/_Concurrency.swiftmodule/arm64e-apple-macos.swiftmodule
/Applications/Xcode.app/Contents/Developer/Toolchains/XcodeDefault.xctoolchain/usr/lib/swift/macosx/prebuilt-modules/26.1/_DarwinFoundation1.swiftmodule/arm64e-apple-macos.swiftmodule
/Applications/Xcode.app/Contents/Developer/Platforms/MacOSX.platform/Developer/SDKs/MacOSX26.1.sdk/usr/include/DarwinFoundation1.modulemap
/Applications/Xcode.app/Contents/Developer/Platforms/MacOSX.platform/Developer/SDKs/MacOSX26.1.sdk/usr/include/sys/appleapiopts.h
/Applications/Xcode.app/Contents/Developer/Platforms/MacOSX.platform/Developer/SDKs/MacOSX26.1.sdk/usr/include/os/availability.h
/Applications/Xcode.app/Contents/Developer/Platforms/MacOSX.platform/Developer/SDKs/MacOSX26.1.sdk/usr/include/Availability.h
/Applications/Xcode.app/Contents/Developer/Platforms/MacOSX.platform/Developer/SDKs/MacOSX26.1.sdk/usr/include/AvailabilityMacros.h
/Applications/Xcode.app/Contents/Developer/Platforms/MacOSX.platform/Developer/SDKs/MacOSX26.1.sdk/usr/include/TargetConditionals.h
/Applications/Xcode.app/Contents/Developer/Platforms/MacOSX.platform/Developer/SDKs/MacOSX26.1.sdk/usr/include/_bounds.h
/Applications/Xcode.app/Contents/Developer/Platforms/MacOSX.platform/Developer/SDKs/MacOSX26.1.sdk/usr/include/sys/cdefs.h
/Applications/Xcode.app/Contents/Developer/Platforms/MacOSX.platform/Developer/SDKs/MacOSX26.1.sdk/usr/include/sys/_symbol_aliasing.h
/Applications/Xcode.app/Contents/Developer/Platforms/MacOSX.platform/Developer/SDKs/MacOSX26.1.sdk/usr/include/sys/_posix_availability.h
/Applications/Xcode.app/Contents/Developer/Toolchains/XcodeDefault.xctoolchain/usr/lib/swift/clang/include/module.modulemap
/Applications/Xcode.app/Contents/Developer/Platforms/MacOSX.platform/Developer/SDKs/MacOSX26.1.sdk/usr/include/sys/qos.h
/Applications/Xcode.app/Contents/Developer/Platforms/MacOSX.platform/Developer/SDKs/MacOSX26.1.sdk/usr/include/machine/_endian.h
/Applications/Xcode.app/Contents/Developer/Platforms/MacOSX.platform/Developer/SDKs/MacOSX26.1.sdk/usr/include/arm/_endian.h
/Applications/Xcode.app/Contents/Developer/Platforms/MacOSX.platform/Developer/SDKs/MacOSX26.1.sdk/usr/include/sys/__endian.h
/Applications/Xcode.app/Contents/Developer/Platforms/MacOSX.platform/Developer/SDKs/MacOSX26.1.sdk/usr/include/i386/_endian.h
/Applications/Xcode.app/Contents/Developer/Platforms/MacOSX.platform/Developer/SDKs/MacOSX26.1.sdk/usr/include/__xlocale.h
/Applications/Xcode.app/Contents/Developer/Platforms/MacOSX.platform/Developer/SDKs/MacOSX26.1.sdk/usr/include/_mb_cur_max.h
/Applications/Xcode.app/Contents/Developer/Platforms/MacOSX.platform/Developer/SDKs/MacOSX26.1.sdk/usr/include/_types/_locale_t.h
/Applications/Xcode.app/Contents/Developer/Platforms/MacOSX.platform/Developer/SDKs/MacOSX26.1.sdk/usr/include/sys/_types/_u_char.h
/Applications/Xcode.app/Contents/Developer/Platforms/MacOSX.platform/Developer/SDKs/MacOSX26.1.sdk/usr/include/sys/_types/_u_short.h
/Applications/Xcode.app/Contents/Developer/Platforms/MacOSX.platform/Developer/SDKs/MacOSX26.1.sdk/usr/include/sys/_types/_u_int.h
/Applications/Xcode.app/Contents/Developer/Platforms/MacOSX.platform/Developer/SDKs/MacOSX26.1.sdk/usr/include/sys/_types/_u_int8_t.h
/Applications/Xcode.app/Contents/Developer/Platforms/MacOSX.platform/Developer/SDKs/MacOSX26.1.sdk/usr/include/sys/_types/_u_int16_t.h
/Applications/Xcode.app/Contents/Developer/Platforms/MacOSX.platform/Developer/SDKs/MacOSX26.1.sdk/usr/include/sys/_types/_u_int32_t.h
/Applications/Xcode.app/Contents/Developer/Platforms/MacOSX.platform/Developer/SDKs/MacOSX26.1.sdk/usr/include/sys/_types/_u_int64_t.h
/Applications/Xcode.app/Contents/Developer/Platforms/MacOSX.platform/Developer/SDKs/MacOSX26.1.sdk/usr/include/_assert.h
/Applications/Xcode.app/Contents/Developer/Platforms/MacOSX.platform/Developer/SDKs/MacOSX26.1.sdk/usr/include/_static_assert.h
/Applications/Xcode.app/Contents/Developer/Platforms/MacOSX.platform/Developer/SDKs/MacOSX26.1.sdk/usr/include/complex.h
/Applications/Xcode.app/Contents/Developer/Platforms/MacOSX.platform/Developer/SDKs/MacOSX26.1.sdk/usr/include/errno.h
/Applications/Xcode.app/Contents/Developer/Platforms/MacOSX.platform/Developer/SDKs/MacOSX26.1.sdk/usr/include/sys/errno.h
/Applications/Xcode.app/Contents/Developer/Platforms/MacOSX.platform/Developer/SDKs/MacOSX26.1.sdk/usr/include/sys/_types/_errno_t.h
/Applications/Xcode.app/Contents/Developer/Platforms/MacOSX.platform/Developer/SDKs/MacOSX26.1.sdk/usr/include/fenv.h
/Applications/Xcode.app/Contents/Developer/Platforms/MacOSX.platform/Developer/SDKs/MacOSX26.1.sdk/usr/include/limits.h
/Applications/Xcode.app/Contents/Developer/Platforms/MacOSX.platform/Developer/SDKs/MacOSX26.1.sdk/usr/include/machine/limits.h
/Applications/Xcode.app/Contents/Developer/Platforms/MacOSX.platform/Developer/SDKs/MacOSX26.1.sdk/usr/include/arm/limits.h
/Applications/Xcode.app/Contents/Developer/Platforms/MacOSX.platform/Developer/SDKs/MacOSX26.1.sdk/usr/include/arm/_limits.h
/Applications/Xcode.app/Contents/Developer/Platforms/MacOSX.platform/Developer/SDKs/MacOSX26.1.sdk/usr/include/sys/syslimits.h
/Applications/Xcode.app/Contents/Developer/Platforms/MacOSX.platform/Developer/SDKs/MacOSX26.1.sdk/usr/include/i386/limits.h
/Applications/Xcode.app/Contents/Developer/Platforms/MacOSX.platform/Developer/SDKs/MacOSX26.1.sdk/usr/include/machine/_limits.h
/Applications/Xcode.app/Contents/Developer/Platforms/MacOSX.platform/Developer/SDKs/MacOSX26.1.sdk/usr/include/i386/_limits.h
/Applications/Xcode.app/Contents/Developer/Platforms/MacOSX.platform/Developer/SDKs/MacOSX26.1.sdk/usr/include/math.h
/Applications/Xcode.app/Contents/Developer/Platforms/MacOSX.platform/Developer/SDKs/MacOSX26.1.sdk/usr/include/setjmp.h
/Applications/Xcode.app/Contents/Developer/Platforms/MacOSX.platform/Developer/SDKs/MacOSX26.1.sdk/SDKSettings.json
/Applications/Xcode.app/Contents/Developer/Platforms/MacOSX.platform/Developer/SDKs/MacOSX26.1.sdk/usr/include/_DarwinFoundation2.apinotes
/Applications/Xcode.app/Contents/Developer/Platforms/MacOSX.platform/Developer/SDKs/MacOSX26.1.sdk/usr/include/DarwinFoundation2.modulemap
/Applications/Xcode.app/Contents/Developer/Platforms/MacOSX.platform/Developer/SDKs/MacOSX26.1.sdk/usr/include/DarwinFoundation1.modulemap
/Applications/Xcode.app/Contents/Developer/Platforms/MacOSX.platform/Developer/SDKs/MacOSX26.1.sdk/usr/include/nl_types.h
/Applications/Xcode.app/Contents/Developer/Platforms/MacOSX.platform/Developer/SDKs/MacOSX26.1.sdk/usr/include/sys/types.h
/Applications/Xcode.app/Contents/Developer/Platforms/MacOSX.platform/Developer/SDKs/MacOSX26.1.sdk/usr/include/machine/types.h
/Applications/Xcode.app/Contents/Developer/Platforms/MacOSX.platform/Developer/SDKs/MacOSX26.1.sdk/usr/include/arm/types.h
/Applications/Xcode.app/Contents/Developer/Platforms/MacOSX.platform/Developer/SDKs/MacOSX26.1.sdk/usr/include/arm/_types.h
/Applications/Xcode.app/Contents/Developer/Platforms/MacOSX.platform/Developer/SDKs/MacOSX26.1.sdk/usr/include/sys/_types/_ptrdiff_t.h
/Applications/Xcode.app/Contents/Developer/Toolchains/XcodeDefault.xctoolchain/usr/lib/swift/clang/include/module.modulemap
/Applications/Xcode.app/Contents/Developer/Toolchains/XcodeDefault.xctoolchain/usr/lib/swift/clang/include/stddef.h
/Applications/Xcode.app/Contents/Developer/Platforms/MacOSX.platform/Developer/SDKs/MacOSX26.1.sdk/usr/include/sys/_types/_size_t.h
/Applications/Xcode.app/Contents/Developer/Platforms/MacOSX.platform/Developer/SDKs/MacOSX26.1.sdk/usr/include/sys/_types/_va_list.h
/Applications/Xcode.app/Contents/Developer/Toolchains/XcodeDefault.xctoolchain/usr/lib/swift/clang/include/stdarg.h
/Applications/Xcode.app/Contents/Developer/Platforms/MacOSX.platform/Developer/SDKs/MacOSX26.1.sdk/usr/include/sys/_types/_wchar_t.h
/Applications/Xcode.app/Contents/Developer/Platforms/MacOSX.platform/Developer/SDKs/MacOSX26.1.sdk/usr/include/sys/_types/_int8_t.h
/Applications/Xcode.app/Contents/Developer/Platforms/MacOSX.platform/Developer/SDKs/MacOSX26.1.sdk/usr/include/sys/_types/_int16_t.h
/Applications/Xcode.app/Contents/Developer/Platforms/MacOSX.platform/Developer/SDKs/MacOSX26.1.sdk/usr/include/sys/_types/_int32_t.h
/Applications/Xcode.app/Contents/Developer/Platforms/MacOSX.platform/Developer/SDKs/MacOSX26.1.sdk/usr/include/sys/_types/_int64_t.h
/Applications/Xcode.app/Contents/Developer/Platforms/MacOSX.platform/Developer/SDKs/MacOSX26.1.sdk/usr/include/sys/_types/_intptr_t.h
/Applications/Xcode.app/Contents/Developer/Platforms/MacOSX.platform/Developer/SDKs/MacOSX26.1.sdk/usr/include/machine/_types.h
/Applications/Xcode.app/Contents/Developer/Platforms/MacOSX.platform/Developer/SDKs/MacOSX26.1.sdk/usr/include/sys/_types/_uintptr_t.h
/Applications/Xcode.app/Contents/Developer/Platforms/MacOSX.platform/Developer/SDKs/MacOSX26.1.sdk/usr/include/sys/_types.h
/Applications/Xcode.app/Contents/Developer/Platforms/MacOSX.platform/Developer/SDKs/MacOSX26.1.sdk/usr/include/sys/_types/_null.h
/Applications/Xcode.app/Contents/Developer/Platforms/MacOSX.platform/Developer/SDKs/MacOSX26.1.sdk/usr/include/sys/_pthread/_pthread_types.h
/Applications/Xcode.app/Contents/Developer/Platforms/MacOSX.platform/Developer/SDKs/MacOSX26.1.sdk/usr/include/machine/endian.h
/Applications/Xcode.app/Contents/Developer/Platforms/MacOSX.platform/Developer/SDKs/MacOSX26.1.sdk/usr/include/arm/endian.h
/Applications/Xcode.app/Contents/Developer/Platforms/MacOSX.platform/Developer/SDKs/MacOSX26.1.sdk/usr/include/sys/_endian.h
/Applications/Xcode.app/Contents/Developer/Platforms/MacOSX.platform/Developer/SDKs/MacOSX26.1.sdk/usr/include/libkern/_OSByteOrder.h
/Applications/Xcode.app/Contents/Developer/Platforms/MacOSX.platform/Developer/SDKs/MacOSX26.1.sdk/usr/include/libkern/arm/_OSByteOrder.h
/Applications/Xcode.app/Contents/Developer/Platforms/MacOSX.platform/Developer/SDKs/MacOSX26.1.sdk/usr/include/sys/_types/_caddr_t.h
/Applications/Xcode.app/Contents/Developer/Platforms/MacOSX.platform/Developer/SDKs/MacOSX26.1.sdk/usr/include/sys/_types/_dev_t.h
/Applications/Xcode.app/Contents/Developer/Platforms/MacOSX.platform/Developer/SDKs/MacOSX26.1.sdk/usr/include/sys/_types/_blkcnt_t.h
/Applications/Xcode.app/Contents/Developer/Platforms/MacOSX.platform/Developer/SDKs/MacOSX26.1.sdk/usr/include/sys/_types/_blksize_t.h
/Applications/Xcode.app/Contents/Developer/Platforms/MacOSX.platform/Developer/SDKs/MacOSX26.1.sdk/usr/include/sys/_types/_gid_t.h
/Applications/Xcode.app/Contents/Developer/Platforms/MacOSX.platform/Developer/SDKs/MacOSX26.1.sdk/usr/include/sys/_types/_in_addr_t.h
/Applications/Xcode.app/Contents/Developer/Platforms/MacOSX.platform/Developer/SDKs/MacOSX26.1.sdk/usr/include/sys/_types/_in_port_t.h
/Applications/Xcode.app/Contents/Developer/Platforms/MacOSX.platform/Developer/SDKs/MacOSX26.1.sdk/usr/include/sys/_types/_ino_t.h
/Applications/Xcode.app/Contents/Developer/Platforms/MacOSX.platform/Developer/SDKs/MacOSX26.1.sdk/usr/include/sys/_types/_ino64_t.h
/Applications/Xcode.app/Contents/Developer/Platforms/MacOSX.platform/Developer/SDKs/MacOSX26.1.sdk/usr/include/sys/_types/_key_t.h
/Applications/Xcode.app/Contents/Developer/Platforms/MacOSX.platform/Developer/SDKs/MacOSX26.1.sdk/usr/include/sys/_types/_mode_t.h
/Applications/Xcode.app/Contents/Developer/Platforms/MacOSX.platform/Developer/SDKs/MacOSX26.1.sdk/usr/include/sys/_types/_nlink_t.h
/Applications/Xcode.app/Contents/Developer/Platforms/MacOSX.platform/Developer/SDKs/MacOSX26.1.sdk/usr/include/sys/_types/_id_t.h
/Applications/Xcode.app/Contents/Developer/Platforms/MacOSX.platform/Developer/SDKs/MacOSX26.1.sdk/usr/include/sys/_types/_pid_t.h
/Applications/Xcode.app/Contents/Developer/Platforms/MacOSX.platform/Developer/SDKs/MacOSX26.1.sdk/usr/include/sys/_types/_off_t.h
/Applications/Xcode.app/Contents/Developer/Platforms/MacOSX.platform/Developer/SDKs/MacOSX26.1.sdk/usr/include/sys/_types/_uid_t.h
/Applications/Xcode.app/Contents/Developer/Platforms/MacOSX.platform/Developer/SDKs/MacOSX26.1.sdk/usr/include/sys/_types/_clock_t.h
/Applications/Xcode.app/Contents/Developer/Platforms/MacOSX.platform/Developer/SDKs/MacOSX26.1.sdk/usr/include/sys/_types/_ssize_t.h
/Applications/Xcode.app/Contents/Developer/Platforms/MacOSX.platform/Developer/SDKs/MacOSX26.1.sdk/usr/include/sys/_types/_time_t.h
/Applications/Xcode.app/Contents/Developer/Platforms/MacOSX.platform/Developer/SDKs/MacOSX26.1.sdk/usr/include/sys/_types/_useconds_t.h
/Applications/Xcode.app/Contents/Developer/Platforms/MacOSX.platform/Developer/SDKs/MacOSX26.1.sdk/usr/include/sys/_types/_suseconds_t.h
/Applications/Xcode.app/Contents/Developer/Platforms/MacOSX.platform/Developer/SDKs/MacOSX26.1.sdk/usr/include/sys/_types/_rsize_t.h
/Applications/Xcode.app/Contents/Developer/Platforms/MacOSX.platform/Developer/SDKs/MacOSX26.1.sdk/usr/include/sys/_types/_fd_def.h
/Applications/Xcode.app/Contents/Developer/Platforms/MacOSX.platform/Developer/SDKs/MacOSX26.1.sdk/usr/include/sys/_types/_fd_setsize.h
/Applications/Xcode.app/Contents/Developer/Platforms/MacOSX.platform/Developer/SDKs/MacOSX26.1.sdk/usr/include/sys/_types/_fd_set.h
/Applications/Xcode.app/Contents/Developer/Platforms/MacOSX.platform/Developer/SDKs/MacOSX26.1.sdk/usr/include/sys/_types/_fd_clr.h
/Applications/Xcode.app/Contents/Developer/Platforms/MacOSX.platform/Developer/SDKs/MacOSX26.1.sdk/usr/include/sys/_types/_fd_zero.h
/Applications/Xcode.app/Contents/Developer/Platforms/MacOSX.platform/Developer/SDKs/MacOSX26.1.sdk/usr/include/sys/_types/_fd_isset.h
/Applications/Xcode.app/Contents/Developer/Platforms/MacOSX.platform/Developer/SDKs/MacOSX26.1.sdk/usr/include/sys/_types/_fd_copy.h
/Applications/Xcode.app/Contents/Developer/Platforms/MacOSX.platform/Developer/SDKs/MacOSX26.1.sdk/usr/include/sys/_pthread/_pthread_attr_t.h
/Applications/Xcode.app/Contents/Developer/Platforms/MacOSX.platform/Developer/SDKs/MacOSX26.1.sdk/usr/include/sys/_pthread/_pthread_cond_t.h
/Applications/Xcode.app/Contents/Developer/Platforms/MacOSX.platform/Developer/SDKs/MacOSX26.1.sdk/usr/include/sys/_pthread/_pthread_condattr_t.h
/Applications/Xcode.app/Contents/Developer/Platforms/MacOSX.platform/Developer/SDKs/MacOSX26.1.sdk/usr/include/sys/_pthread/_pthread_mutex_t.h
/Applications/Xcode.app/Contents/Developer/Platforms/MacOSX.platform/Developer/SDKs/MacOSX26.1.sdk/usr/include/sys/_pthread/_pthread_mutexattr_t.h
/Applications/Xcode.app/Contents/Developer/Platforms/MacOSX.platform/Developer/SDKs/MacOSX26.1.sdk/usr/include/sys/_pthread/_pthread_once_t.h
/Applications/Xcode.app/Contents/Developer/Platforms/MacOSX.platform/Developer/SDKs/MacOSX26.1.sdk/usr/include/sys/_pthread/_pthread_rwlock_t.h
/Applications/Xcode.app/Contents/Developer/Platforms/MacOSX.platform/Developer/SDKs/MacOSX26.1.sdk/usr/include/sys/_pthread/_pthread_rwlockattr_t.h
/Applications/Xcode.app/Contents/Developer/Platforms/MacOSX.platform/Developer/SDKs/MacOSX26.1.sdk/usr/include/sys/_pthread/_pthread_t.h
/Applications/Xcode.app/Contents/Developer/Platforms/MacOSX.platform/Developer/SDKs/MacOSX26.1.sdk/usr/include/sys/_pthread/_pthread_key_t.h
/Applications/Xcode.app/Contents/Developer/Platforms/MacOSX.platform/Developer/SDKs/MacOSX26.1.sdk/usr/include/sys/_types/_fsblkcnt_t.h
/Applications/Xcode.app/Contents/Developer/Platforms/MacOSX.platform/Developer/SDKs/MacOSX26.1.sdk/usr/include/sys/_types/_fsfilcnt_t.h
/Applications/Xcode.app/Contents/Developer/Platforms/MacOSX.platform/Developer/SDKs/MacOSX26.1.sdk/usr/include/_types.h
/Applications/Xcode.app/Contents/Developer/Platforms/MacOSX.platform/Developer/SDKs/MacOSX26.1.sdk/usr/include/_types/_nl_item.h
/Applications/Xcode.app/Contents/Developer/Platforms/MacOSX.platform/Developer/SDKs/MacOSX26.1.sdk/usr/include/runetype.h
/Applications/Xcode.app/Contents/Developer/Platforms/MacOSX.platform/Developer/SDKs/MacOSX26.1.sdk/usr/include/sys/_types/_ct_rune_t.h
/Applications/Xcode.app/Contents/Developer/Platforms/MacOSX.platform/Developer/SDKs/MacOSX26.1.sdk/usr/include/sys/_types/_rune_t.h
/Applications/Xcode.app/Contents/Developer/Platforms/MacOSX.platform/Developer/SDKs/MacOSX26.1.sdk/usr/include/sys/_types/_wint_t.h
/Applications/Xcode.app/Contents/Developer/Platforms/MacOSX.platform/Developer/SDKs/MacOSX26.1.sdk/usr/include/alloca.h
/Applications/Xcode.app/Contents/Developer/Platforms/MacOSX.platform/Developer/SDKs/MacOSX26.1.sdk/usr/include/i386/endian.h
/Applications/Xcode.app/Contents/Developer/Platforms/MacOSX.platform/Developer/SDKs/MacOSX26.1.sdk/usr/include/libkern/i386/_OSByteOrder.h
/Applications/Xcode.app/Contents/Developer/Platforms/MacOSX.platform/Developer/SDKs/MacOSX26.1.sdk/usr/include/secure/_common.h
/Applications/Xcode.app/Contents/Developer/Platforms/MacOSX.platform/Developer/SDKs/MacOSX26.1.sdk/usr/include/sys/_types/_mach_port_t.h
/Applications/Xcode.app/Contents/Developer/Platforms/MacOSX.platform/Developer/SDKs/MacOSX26.1.sdk/usr/include/sys/_types/_offsetof.h
/Applications/Xcode.app/Contents/Developer/Platforms/MacOSX.platform/Developer/SDKs/MacOSX26.1.sdk/usr/include/_strings.h
/Applications/Xcode.app/Contents/Developer/Platforms/MacOSX.platform/Developer/SDKs/MacOSX26.1.sdk/usr/include/secure/_strings.h
/Applications/Xcode.app/Contents/Developer/Platforms/MacOSX.platform/Developer/SDKs/MacOSX26.1.sdk/usr/include/sys/_types/_timeval.h
/Applications/Xcode.app/Contents/Developer/Platforms/MacOSX.platform/Developer/SDKs/MacOSX26.1.sdk/usr/include/sys/_types/_uuid_t.h
/Applications/Xcode.app/Contents/Developer/Platforms/MacOSX.platform/Developer/SDKs/MacOSX26.1.sdk/usr/include/i386/types.h
/Applications/Xcode.app/Contents/Developer/Platforms/MacOSX.platform/Developer/SDKs/MacOSX26.1.sdk/usr/include/i386/_types.h
/Applications/Xcode.app/Contents/Developer/Platforms/MacOSX.platform/Developer/SDKs/MacOSX26.1.sdk/usr/include/_ctype.h
/Applications/Xcode.app/Contents/Developer/Platforms/MacOSX.platform/Developer/SDKs/MacOSX26.1.sdk/usr/include/xlocale/_ctype.h
/Applications/Xcode.app/Contents/Developer/Platforms/MacOSX.platform/Developer/SDKs/MacOSX26.1.sdk/usr/include/locale.h
/Applications/Xcode.app/Contents/Developer/Platforms/MacOSX.platform/Developer/SDKs/MacOSX26.1.sdk/usr/include/_locale.h
/Applications/Xcode.app/Contents/Developer/Platforms/MacOSX.platform/Developer/SDKs/MacOSX26.1.sdk/usr/include/_locale_posix2008.h
/Applications/Xcode.app/Contents/Developer/Platforms/MacOSX.platform/Developer/SDKs/MacOSX26.1.sdk/usr/include/stdint.h
/Applications/Xcode.app/Contents/Developer/Platforms/MacOSX.platform/Developer/SDKs/MacOSX26.1.sdk/usr/include/_types/_uint8_t.h
/Applications/Xcode.app/Contents/Developer/Platforms/MacOSX.platform/Developer/SDKs/MacOSX26.1.sdk/usr/include/_types/_uint16_t.h
/Applications/Xcode.app/Contents/Developer/Platforms/MacOSX.platform/Developer/SDKs/MacOSX26.1.sdk/usr/include/_types/_uint32_t.h
/Applications/Xcode.app/Contents/Developer/Platforms/MacOSX.platform/Developer/SDKs/MacOSX26.1.sdk/usr/include/_types/_uint64_t.h
/Applications/Xcode.app/Contents/Developer/Platforms/MacOSX.platform/Developer/SDKs/MacOSX26.1.sdk/usr/include/_types/_intmax_t.h
/Applications/Xcode.app/Contents/Developer/Platforms/MacOSX.platform/Developer/SDKs/MacOSX26.1.sdk/usr/include/_types/_uintmax_t.h
/Applications/Xcode.app/Contents/Developer/Platforms/MacOSX.platform/Developer/SDKs/MacOSX26.1.sdk/usr/include/_stdio.h
/Applications/Xcode.app/Contents/Developer/Platforms/MacOSX.platform/Developer/SDKs/MacOSX26.1.sdk/usr/include/sys/stdio.h
/Applications/Xcode.app/Contents/Developer/Platforms/MacOSX.platform/Developer/SDKs/MacOSX26.1.sdk/usr/include/_printf.h
/Applications/Xcode.app/Contents/Developer/Platforms/MacOSX.platform/Developer/SDKs/MacOSX26.1.sdk/usr/include/sys/_types/_seek_set.h
/Applications/Xcode.app/Contents/Developer/Platforms/MacOSX.platform/Developer/SDKs/MacOSX26.1.sdk/usr/include/_ctermid.h
/Applications/Xcode.app/Contents/Developer/Platforms/MacOSX.platform/Developer/SDKs/MacOSX26.1.sdk/usr/include/secure/_stdio.h
/Applications/Xcode.app/Contents/Developer/Platforms/MacOSX.platform/Developer/SDKs/MacOSX26.1.sdk/usr/include/xlocale/_stdio.h
/Applications/Xcode.app/Contents/Developer/Platforms/MacOSX.platform/Developer/SDKs/MacOSX26.1.sdk/usr/include/_string.h
/Applications/Xcode.app/Contents/Developer/Platforms/MacOSX.platform/Developer/SDKs/MacOSX26.1.sdk/usr/include/secure/_string.h
/Applications/Xcode.app/Contents/Developer/Platforms/MacOSX.platform/Developer/SDKs/MacOSX26.1.sdk/usr/include/xlocale/_string.h
/Applications/Xcode.app/Contents/Developer/Platforms/MacOSX.platform/Developer/SDKs/MacOSX26.1.sdk/usr/include/tgmath.h
/Applications/Xcode.app/Contents/Developer/Platforms/MacOSX.platform/Developer/SDKs/MacOSX26.1.sdk/usr/include/_time.h
/Applications/Xcode.app/Contents/Developer/Platforms/MacOSX.platform/Developer/SDKs/MacOSX26.1.sdk/usr/include/sys/_types/_timespec.h
/Applications/Xcode.app/Contents/Developer/Platforms/MacOSX.platform/Developer/SDKs/MacOSX26.1.sdk/usr/include/xlocale/_time.h
/Applications/Xcode.app/Contents/Developer/Platforms/MacOSX.platform/Developer/SDKs/MacOSX26.1.sdk/SDKSettings.json
/Applications/Xcode.app/Contents/Developer/Toolchains/XcodeDefault.xctoolchain/usr/lib/swift/macosx/prebuilt-modules/26.1/_DarwinFoundation2.swiftmodule/arm64e-apple-macos.swiftmodule
/Applications/Xcode.app/Contents/Developer/Platforms/MacOSX.platform/Developer/SDKs/MacOSX26.1.sdk/usr/include/DarwinFoundation2.modulemap
/Applications/Xcode.app/Contents/Developer/Platforms/MacOSX.platform/Developer/SDKs/MacOSX26.1.sdk/usr/include/DarwinFoundation3.modulemap
/Applications/Xcode.app/Contents/Developer/Platforms/MacOSX.platform/Developer/SDKs/MacOSX26.1.sdk/usr/include/DarwinFoundation1.modulemap
/Applications/Xcode.app/Contents/Developer/Platforms/MacOSX.platform/Developer/SDKs/MacOSX26.1.sdk/usr/include/pthread/pthread.h
/Applications/Xcode.app/Contents/Developer/Platforms/MacOSX.platform/Developer/SDKs/MacOSX26.1.sdk/usr/include/pthread/sched.h
/Applications/Xcode.app/Contents/Developer/Platforms/MacOSX.platform/Developer/SDKs/MacOSX26.1.sdk/usr/include/pthread/pthread_impl.h
/Applications/Xcode.app/Contents/Developer/Platforms/MacOSX.platform/Developer/SDKs/MacOSX26.1.sdk/usr/include/time.h
/Applications/Xcode.app/Contents/Developer/Platforms/MacOSX.platform/Developer/SDKs/MacOSX26.1.sdk/usr/include/pthread/qos.h
/Applications/Xcode.app/Contents/Developer/Platforms/MacOSX.platform/Developer/SDKs/MacOSX26.1.sdk/usr/include/sys/_types/_sigset_t.h
/Applications/Xcode.app/Contents/Developer/Platforms/MacOSX.platform/Developer/SDKs/MacOSX26.1.sdk/usr/include/sys/resource.h
/Applications/Xcode.app/Contents/Developer/Toolchains/XcodeDefault.xctoolchain/usr/lib/swift/clang/include/module.modulemap
/Applications/Xcode.app/Contents/Developer/Platforms/MacOSX.platform/Developer/SDKs/MacOSX26.1.sdk/usr/include/sys/select.h
/Applications/Xcode.app/Contents/Developer/Platforms/MacOSX.platform/Developer/SDKs/MacOSX26.1.sdk/usr/include/sys/_select.h
/Applications/Xcode.app/Contents/Developer/Platforms/MacOSX.platform/Developer/SDKs/MacOSX26.1.sdk/usr/include/sys/wait.h
/Applications/Xcode.app/Contents/Developer/Platforms/MacOSX.platform/Developer/SDKs/MacOSX26.1.sdk/usr/include/sys/signal.h
/Applications/Xcode.app/Contents/Developer/Platforms/MacOSX.platform/Developer/SDKs/MacOSX26.1.sdk/usr/include/machine/signal.h
/Applications/Xcode.app/Contents/Developer/Platforms/MacOSX.platform/Developer/SDKs/MacOSX26.1.sdk/usr/include/arm/signal.h
/Applications/Xcode.app/Contents/Developer/Platforms/MacOSX.platform/Developer/SDKs/MacOSX26.1.sdk/usr/include/machine/_mcontext.h
/Applications/Xcode.app/Contents/Developer/Platforms/MacOSX.platform/Developer/SDKs/MacOSX26.1.sdk/usr/include/arm/_mcontext.h
/Applications/Xcode.app/Contents/Developer/Platforms/MacOSX.platform/Developer/SDKs/MacOSX26.1.sdk/usr/include/mach/machine/_structs.h
/Applications/Xcode.app/Contents/Developer/Platforms/MacOSX.platform/Developer/SDKs/MacOSX26.1.sdk/usr/include/mach/arm/_structs.h
/Applications/Xcode.app/Contents/Developer/Platforms/MacOSX.platform/Developer/SDKs/MacOSX26.1.sdk/usr/include/sys/_types/_sigaltstack.h
/Applications/Xcode.app/Contents/Developer/Platforms/MacOSX.platform/Developer/SDKs/MacOSX26.1.sdk/usr/include/sys/_types/_ucontext.h
/Applications/Xcode.app/Contents/Developer/Platforms/MacOSX.platform/Developer/SDKs/MacOSX26.1.sdk/usr/include/unistd.h
/Applications/Xcode.app/Contents/Developer/Platforms/MacOSX.platform/Developer/SDKs/MacOSX26.1.sdk/usr/include/sys/unistd.h
/Applications/Xcode.app/Contents/Developer/Platforms/MacOSX.platform/Developer/SDKs/MacOSX26.1.sdk/usr/include/sys/_types/_posix_vdisable.h
/Applications/Xcode.app/Contents/Developer/Platforms/MacOSX.platform/Developer/SDKs/MacOSX26.1.sdk/usr/include/gethostuuid.h
/Applications/Xcode.app/Contents/Developer/Platforms/MacOSX.platform/Developer/SDKs/MacOSX26.1.sdk/usr/include/mach/i386/_structs.h
/Applications/Xcode.app/Contents/Developer/Platforms/MacOSX.platform/Developer/SDKs/MacOSX26.1.sdk/usr/include/_inttypes.h
/Applications/Xcode.app/Contents/Developer/Platforms/MacOSX.platform/Developer/SDKs/MacOSX26.1.sdk/usr/include/xlocale/_inttypes.h
/Applications/Xcode.app/Contents/Developer/Toolchains/XcodeDefault.xctoolchain/usr/lib/swift/clang/include/stddef.h
/Applications/Xcode.app/Contents/Developer/Platforms/MacOSX.platform/Developer/SDKs/MacOSX26.1.sdk/usr/include/signal.h
/Applications/Xcode.app/Contents/Developer/Platforms/MacOSX.platform/Developer/SDKs/MacOSX26.1.sdk/usr/include/i386/signal.h
/Applications/Xcode.app/Contents/Developer/Platforms/MacOSX.platform/Developer/SDKs/MacOSX26.1.sdk/usr/include/i386/_mcontext.h
/Applications/Xcode.app/Contents/Developer/Platforms/MacOSX.platform/Developer/SDKs/MacOSX26.1.sdk/usr/include/_stdlib.h
/Applications/Xcode.app/Contents/Developer/Platforms/MacOSX.platform/Developer/SDKs/MacOSX26.1.sdk/usr/include/malloc/_malloc.h
/Applications/Xcode.app/Contents/Developer/Platforms/MacOSX.platform/Developer/SDKs/MacOSX26.1.sdk/usr/include/malloc/_malloc_type.h
/Applications/Xcode.app/Contents/Developer/Platforms/MacOSX.platform/Developer/SDKs/MacOSX26.1.sdk/usr/include/malloc/_ptrcheck.h
/Applications/Xcode.app/Contents/Developer/Platforms/MacOSX.platform/Developer/SDKs/MacOSX26.1.sdk/usr/include/_abort.h
/Applications/Xcode.app/Contents/Developer/Platforms/MacOSX.platform/Developer/SDKs/MacOSX26.1.sdk/usr/include/xlocale/_stdlib.h
/Applications/Xcode.app/Contents/Developer/Platforms/MacOSX.platform/Developer/SDKs/MacOSX26.1.sdk/usr/include/_wchar.h
/Applications/Xcode.app/Contents/Developer/Platforms/MacOSX.platform/Developer/SDKs/MacOSX26.1.sdk/usr/include/sys/_types/_mbstate_t.h
/Applications/Xcode.app/Contents/Developer/Toolchains/XcodeDefault.xctoolchain/usr/lib/swift/clang/include/stdarg.h
/Applications/Xcode.app/Contents/Developer/Platforms/MacOSX.platform/Developer/SDKs/MacOSX26.1.sdk/usr/include/stdio.h
/Applications/Xcode.app/Contents/Developer/Platforms/MacOSX.platform/Developer/SDKs/MacOSX26.1.sdk/usr/include/__wctype.h
/Applications/Xcode.app/Contents/Developer/Platforms/MacOSX.platform/Developer/SDKs/MacOSX26.1.sdk/usr/include/___wctype.h
/Applications/Xcode.app/Contents/Developer/Platforms/MacOSX.platform/Developer/SDKs/MacOSX26.1.sdk/usr/include/_types/_wctype_t.h
/Applications/Xcode.app/Contents/Developer/Platforms/MacOSX.platform/Developer/SDKs/MacOSX26.1.sdk/usr/include/ctype.h
/Applications/Xcode.app/Contents/Developer/Platforms/MacOSX.platform/Developer/SDKs/MacOSX26.1.sdk/usr/include/xlocale/_wchar.h
/Applications/Xcode.app/Contents/Developer/Platforms/MacOSX.platform/Developer/SDKs/MacOSX26.1.sdk/usr/include/_wctype.h
/Applications/Xcode.app/Contents/Developer/Platforms/MacOSX.platform/Developer/SDKs/MacOSX26.1.sdk/usr/include/_types/_wctrans_t.h
/Applications/Xcode.app/Contents/Developer/Platforms/MacOSX.platform/Developer/SDKs/MacOSX26.1.sdk/usr/include/xlocale/_wctype.h
/Applications/Xcode.app/Contents/Developer/Platforms/MacOSX.platform/Developer/SDKs/MacOSX26.1.sdk/usr/include/xlocale/___wctype.h
/Applications/Xcode.app/Contents/Developer/Platforms/MacOSX.platform/Developer/SDKs/MacOSX26.1.sdk/SDKSettings.json
/Applications/Xcode.app/Contents/Developer/Toolchains/XcodeDefault.xctoolchain/usr/lib/swift/macosx/prebuilt-modules/26.1/_DarwinFoundation3.swiftmodule/arm64e-apple-macos.swiftmodule
/Applications/Xcode.app/Contents/Developer/Toolchains/XcodeDefault.xctoolchain/usr/lib/swift/macosx/prebuilt-modules/26.1/_StringProcessing.swiftmodule/arm64e-apple-macos.swiftmodule
/Applications/Xcode.app/Contents/Developer/Platforms/MacOSX.platform/Developer/SDKs/MacOSX26.1.sdk/usr/lib/swift/shims/module.modulemap
/Applications/Xcode.app/Contents/Developer/Platforms/MacOSX.platform/Developer/SDKs/MacOSX26.1.sdk/usr/lib/swift/shims/_SwiftConcurrency.h
/Applications/Xcode.app/Contents/Developer/Platforms/MacOSX.platform/Developer/SDKs/MacOSX26.1.sdk/SDKSettings.json
/Applications/Xcode.app/Contents/Developer/Platforms/MacOSX.platform/Developer/SDKs/MacOSX26.1.sdk/usr/include/launch.modulemap
/Applications/Xcode.app/Contents/Developer/Platforms/MacOSX.platform/Developer/SDKs/MacOSX26.1.sdk/usr/include/Darwin.modulemap
/Applications/Xcode.app/Contents/Developer/Platforms/MacOSX.platform/Developer/SDKs/MacOSX26.1.sdk/usr/include/Darwin_C.modulemap
/Applications/Xcode.app/Contents/Developer/Platforms/MacOSX.platform/Developer/SDKs/MacOSX26.1.sdk/usr/include/Darwin_POSIX.modulemap
/Applications/Xcode.app/Contents/Developer/Platforms/MacOSX.platform/Developer/SDKs/MacOSX26.1.sdk/usr/include/net.modulemap
/Applications/Xcode.app/Contents/Developer/Platforms/MacOSX.platform/Developer/SDKs/MacOSX26.1.sdk/usr/include/netinet.modulemap
/Applications/Xcode.app/Contents/Developer/Platforms/MacOSX.platform/Developer/SDKs/MacOSX26.1.sdk/usr/include/bank.modulemap
/Applications/Xcode.app/Contents/Developer/Platforms/MacOSX.platform/Developer/SDKs/MacOSX26.1.sdk/usr/include/Darwin_Mach.modulemap
/Applications/Xcode.app/Contents/Developer/Platforms/MacOSX.platform/Developer/SDKs/MacOSX26.1.sdk/usr/include/Darwin_Mach_machine.modulemap
/Applications/Xcode.app/Contents/Developer/Platforms/MacOSX.platform/Developer/SDKs/MacOSX26.1.sdk/usr/include/mach_debug.modulemap
/Applications/Xcode.app/Contents/Developer/Platforms/MacOSX.platform/Developer/SDKs/MacOSX26.1.sdk/usr/include/device.modulemap
/Applications/Xcode.app/Contents/Developer/Platforms/MacOSX.platform/Developer/SDKs/MacOSX26.1.sdk/usr/include/Darwin_machine.modulemap
/Applications/Xcode.app/Contents/Developer/Platforms/MacOSX.platform/Developer/SDKs/MacOSX26.1.sdk/usr/include/ncurses.modulemap
/Applications/Xcode.app/Contents/Developer/Platforms/MacOSX.platform/Developer/SDKs/MacOSX26.1.sdk/usr/include/netinet6.modulemap
/Applications/Xcode.app/Contents/Developer/Platforms/MacOSX.platform/Developer/SDKs/MacOSX26.1.sdk/usr/include/Darwin_sys.modulemap
/Applications/Xcode.app/Contents/Developer/Platforms/MacOSX.platform/Developer/SDKs/MacOSX26.1.sdk/usr/include/uuid.modulemap
/Applications/Xcode.app/Contents/Developer/Platforms/MacOSX.platform/Developer/SDKs/MacOSX26.1.sdk/usr/include/DarwinFoundation1.modulemap
/Applications/Xcode.app/Contents/Developer/Platforms/MacOSX.platform/Developer/SDKs/MacOSX26.1.sdk/usr/include/launch.h
/Applications/Xcode.app/Contents/Developer/Toolchains/XcodeDefault.xctoolchain/usr/lib/swift/clang/include/module.modulemap
/Applications/Xcode.app/Contents/Developer/Toolchains/XcodeDefault.xctoolchain/usr/lib/swift/clang/include/stddef.h
/Applications/Xcode.app/Contents/Developer/Platforms/MacOSX.platform/Developer/SDKs/MacOSX26.1.sdk/SDKSettings.json
/Applications/Xcode.app/Contents/Developer/Platforms/MacOSX.platform/Developer/SDKs/MacOSX26.1.sdk/usr/include/libDER/module.modulemap
/Applications/Xcode.app/Contents/Developer/Platforms/MacOSX.platform/Developer/SDKs/MacOSX26.1.sdk/usr/include/libDER/DERItem.h
/Applications/Xcode.app/Contents/Developer/Platforms/MacOSX.platform/Developer/SDKs/MacOSX26.1.sdk/usr/include/libDER/libDER_config.h
/Applications/Xcode.app/Contents/Developer/Toolchains/XcodeDefault.xctoolchain/usr/lib/swift/clang/include/module.modulemap
/Applications/Xcode.app/Contents/Developer/Toolchains/XcodeDefault.xctoolchain/usr/lib/swift/clang/include/stddef.h
/Applications/Xcode.app/Contents/Developer/Platforms/MacOSX.platform/Developer/SDKs/MacOSX26.1.sdk/usr/include/DarwinFoundation2.modulemap
/Applications/Xcode.app/Contents/Developer/Platforms/MacOSX.platform/Developer/SDKs/MacOSX26.1.sdk/usr/include/DarwinFoundation1.modulemap
/Applications/Xcode.app/Contents/Developer/Platforms/MacOSX.platform/Developer/SDKs/MacOSX26.1.sdk/usr/include/string.h
/Applications/Xcode.app/Contents/Developer/Platforms/MacOSX.platform/Developer/SDKs/MacOSX26.1.sdk/SDKSettings.json
/Applications/Xcode.app/Contents/Developer/Platforms/MacOSX.platform/Developer/SDKs/MacOSX26.1.sdk/usr/include/libkern.modulemap
/Applications/Xcode.app/Contents/Developer/Platforms/MacOSX.platform/Developer/SDKs/MacOSX26.1.sdk/usr/include/Darwin.modulemap
/Applications/Xcode.app/Contents/Developer/Platforms/MacOSX.platform/Developer/SDKs/MacOSX26.1.sdk/usr/include/Darwin_C.modulemap
/Applications/Xcode.app/Contents/Developer/Platforms/MacOSX.platform/Developer/SDKs/MacOSX26.1.sdk/usr/include/Darwin_POSIX.modulemap
/Applications/Xcode.app/Contents/Developer/Platforms/MacOSX.platform/Developer/SDKs/MacOSX26.1.sdk/usr/include/net.modulemap
/Applications/Xcode.app/Contents/Developer/Platforms/MacOSX.platform/Developer/SDKs/MacOSX26.1.sdk/usr/include/netinet.modulemap
/Applications/Xcode.app/Contents/Developer/Platforms/MacOSX.platform/Developer/SDKs/MacOSX26.1.sdk/usr/include/bank.modulemap
/Applications/Xcode.app/Contents/Developer/Platforms/MacOSX.platform/Developer/SDKs/MacOSX26.1.sdk/usr/include/Darwin_Mach.modulemap
/Applications/Xcode.app/Contents/Developer/Platforms/MacOSX.platform/Developer/SDKs/MacOSX26.1.sdk/usr/include/Darwin_Mach_machine.modulemap
/Applications/Xcode.app/Contents/Developer/Platforms/MacOSX.platform/Developer/SDKs/MacOSX26.1.sdk/usr/include/mach_debug.modulemap
/Applications/Xcode.app/Contents/Developer/Platforms/MacOSX.platform/Developer/SDKs/MacOSX26.1.sdk/usr/include/device.modulemap
/Applications/Xcode.app/Contents/Developer/Platforms/MacOSX.platform/Developer/SDKs/MacOSX26.1.sdk/usr/include/Darwin_machine.modulemap
/Applications/Xcode.app/Contents/Developer/Platforms/MacOSX.platform/Developer/SDKs/MacOSX26.1.sdk/usr/include/ncurses.modulemap
/Applications/Xcode.app/Contents/Developer/Platforms/MacOSX.platform/Developer/SDKs/MacOSX26.1.sdk/usr/include/netinet6.modulemap
/Applications/Xcode.app/Contents/Developer/Platforms/MacOSX.platform/Developer/SDKs/MacOSX26.1.sdk/usr/include/Darwin_sys.modulemap
/Applications/Xcode.app/Contents/Developer/Platforms/MacOSX.platform/Developer/SDKs/MacOSX26.1.sdk/usr/include/uuid.modulemap
/Applications/Xcode.app/Contents/Developer/Platforms/MacOSX.platform/Developer/SDKs/MacOSX26.1.sdk/usr/include/DarwinFoundation1.modulemap
/Applications/Xcode.app/Contents/Developer/Platforms/MacOSX.platform/Developer/SDKs/MacOSX26.1.sdk/usr/include/libkern/OSCacheControl.h
/Applications/Xcode.app/Contents/Developer/Toolchains/XcodeDefault.xctoolchain/usr/lib/swift/clang/include/module.modulemap
/Applications/Xcode.app/Contents/Developer/Toolchains/XcodeDefault.xctoolchain/usr/lib/swift/clang/include/stddef.h
/Applications/Xcode.app/Contents/Developer/Platforms/MacOSX.platform/Developer/SDKs/MacOSX26.1.sdk/usr/include/libkern/OSDebug.h
/Applications/Xcode.app/Contents/Developer/Platforms/MacOSX.platform/Developer/SDKs/MacOSX26.1.sdk/usr/include/libkern/OSReturn.h
/Applications/Xcode.app/Contents/Developer/Platforms/MacOSX.platform/Developer/SDKs/MacOSX26.1.sdk/usr/include/libkern/OSThermalNotification.h
/Applications/Xcode.app/Contents/Developer/Platforms/MacOSX.platform/Developer/SDKs/MacOSX26.1.sdk/usr/include/libkern/OSTypes.h
/Applications/Xcode.app/Contents/Developer/Platforms/MacOSX.platform/Developer/SDKs/MacOSX26.1.sdk/usr/include/libkern/OSKextLib.h
/Applications/Xcode.app/Contents/Developer/Platforms/MacOSX.platform/Developer/SDKs/MacOSX26.1.sdk/SDKSettings.json
/Applications/Xcode.app/Contents/Developer/Toolchains/XcodeDefault.xctoolchain/usr/lib/swift/macosx/prebuilt-modules/26.1/os.swiftmodule/arm64e-apple-macos.swiftmodule
/Applications/Xcode.app/Contents/Developer/Platforms/MacOSX.platform/Developer/SDKs/MacOSX26.1.sdk/usr/include/os.apinotes
/Applications/Xcode.app/Contents/Developer/Platforms/MacOSX.platform/Developer/SDKs/MacOSX26.1.sdk/usr/include/xpc.modulemap
/Applications/Xcode.app/Contents/Developer/Platforms/MacOSX.platform/Developer/SDKs/MacOSX26.1.sdk/usr/include/DarwinBasic.modulemap
/Applications/Xcode.app/Contents/Developer/Platforms/MacOSX.platform/Developer/SDKs/MacOSX26.1.sdk/usr/include/os.modulemap
/Applications/Xcode.app/Contents/Developer/Platforms/MacOSX.platform/Developer/SDKs/MacOSX26.1.sdk/usr/include/Darwin.modulemap
/Applications/Xcode.app/Contents/Developer/Platforms/MacOSX.platform/Developer/SDKs/MacOSX26.1.sdk/usr/include/Darwin_C.modulemap
/Applications/Xcode.app/Contents/Developer/Platforms/MacOSX.platform/Developer/SDKs/MacOSX26.1.sdk/usr/include/Darwin_POSIX.modulemap
/Applications/Xcode.app/Contents/Developer/Platforms/MacOSX.platform/Developer/SDKs/MacOSX26.1.sdk/usr/include/net.modulemap
/Applications/Xcode.app/Contents/Developer/Platforms/MacOSX.platform/Developer/SDKs/MacOSX26.1.sdk/usr/include/netinet.modulemap
/Applications/Xcode.app/Contents/Developer/Platforms/MacOSX.platform/Developer/SDKs/MacOSX26.1.sdk/usr/include/bank.modulemap
/Applications/Xcode.app/Contents/Developer/Platforms/MacOSX.platform/Developer/SDKs/MacOSX26.1.sdk/usr/include/Darwin_Mach.modulemap
/Applications/Xcode.app/Contents/Developer/Platforms/MacOSX.platform/Developer/SDKs/MacOSX26.1.sdk/usr/include/Darwin_Mach_machine.modulemap
/Applications/Xcode.app/Contents/Developer/Platforms/MacOSX.platform/Developer/SDKs/MacOSX26.1.sdk/usr/include/mach_debug.modulemap
/Applications/Xcode.app/Contents/Developer/Platforms/MacOSX.platform/Developer/SDKs/MacOSX26.1.sdk/usr/include/device.modulemap
/Applications/Xcode.app/Contents/Developer/Platforms/MacOSX.platform/Developer/SDKs/MacOSX26.1.sdk/usr/include/Darwin_machine.modulemap
/Applications/Xcode.app/Contents/Developer/Platforms/MacOSX.platform/Developer/SDKs/MacOSX26.1.sdk/usr/include/ncurses.modulemap
/Applications/Xcode.app/Contents/Developer/Platforms/MacOSX.platform/Developer/SDKs/MacOSX26.1.sdk/usr/include/netinet6.modulemap
/Applications/Xcode.app/Contents/Developer/Platforms/MacOSX.platform/Developer/SDKs/MacOSX26.1.sdk/usr/include/Darwin_sys.modulemap
/Applications/Xcode.app/Contents/Developer/Platforms/MacOSX.platform/Developer/SDKs/MacOSX26.1.sdk/usr/include/uuid.modulemap
/Applications/Xcode.app/Contents/Developer/Platforms/MacOSX.platform/Developer/SDKs/MacOSX26.1.sdk/usr/include/DarwinFoundation2.modulemap
/Applications/Xcode.app/Contents/Developer/Platforms/MacOSX.platform/Developer/SDKs/MacOSX26.1.sdk/usr/include/DarwinFoundation3.modulemap
/Applications/Xcode.app/Contents/Developer/Platforms/MacOSX.platform/Developer/SDKs/MacOSX26.1.sdk/usr/include/DarwinFoundation1.modulemap
/Applications/Xcode.app/Contents/Developer/Platforms/MacOSX.platform/Developer/SDKs/MacOSX26.1.sdk/usr/include/os/atomic.h
/Applications/Xcode.app/Contents/Developer/Toolchains/XcodeDefault.xctoolchain/usr/lib/swift/clang/include/module.modulemap
/Applications/Xcode.app/Contents/Developer/Platforms/MacOSX.platform/Developer/SDKs/MacOSX26.1.sdk/usr/include/os/overflow.h
/Applications/Xcode.app/Contents/Developer/Platforms/MacOSX.platform/Developer/SDKs/MacOSX26.1.sdk/usr/include/os/trace_base.h
/Applications/Xcode.app/Contents/Developer/Toolchains/XcodeDefault.xctoolchain/usr/lib/swift/clang/include/stdarg.h
/Applications/Xcode.app/Contents/Developer/Platforms/MacOSX.platform/Developer/SDKs/MacOSX26.1.sdk/usr/include/os/activity.h
/Applications/Xcode.app/Contents/Developer/Platforms/MacOSX.platform/Developer/SDKs/MacOSX26.1.sdk/usr/include/os/log.h
/Applications/Xcode.app/Contents/Developer/Platforms/MacOSX.platform/Developer/SDKs/MacOSX26.1.sdk/usr/include/os/trace.h
/Applications/Xcode.app/Contents/Developer/Platforms/MacOSX.platform/Developer/SDKs/MacOSX26.1.sdk/usr/include/os/signpost.h
/Applications/Xcode.app/Contents/Developer/Platforms/MacOSX.platform/Developer/SDKs/MacOSX26.1.sdk/usr/include/_modules/_os_lock.h
/Applications/Xcode.app/Contents/Developer/Platforms/MacOSX.platform/Developer/SDKs/MacOSX26.1.sdk/usr/include/_modules/_os_object.h
/Applications/Xcode.app/Contents/Developer/Platforms/MacOSX.platform/Developer/SDKs/MacOSX26.1.sdk/usr/include/_modules/_os_workgroup.h
/Applications/Xcode.app/Contents/Developer/Platforms/MacOSX.platform/Developer/SDKs/MacOSX26.1.sdk/SDKSettings.json
/Applications/Xcode.app/Contents/Developer/Platforms/MacOSX.platform/Developer/SDKs/MacOSX26.1.sdk/usr/include/os.modulemap
/Applications/Xcode.app/Contents/Developer/Platforms/MacOSX.platform/Developer/SDKs/MacOSX26.1.sdk/usr/include/ObjectiveC.modulemap
/Applications/Xcode.app/Contents/Developer/Platforms/MacOSX.platform/Developer/SDKs/MacOSX26.1.sdk/usr/include/Darwin.modulemap
/Applications/Xcode.app/Contents/Developer/Platforms/MacOSX.platform/Developer/SDKs/MacOSX26.1.sdk/usr/include/Darwin_C.modulemap
/Applications/Xcode.app/Contents/Developer/Platforms/MacOSX.platform/Developer/SDKs/MacOSX26.1.sdk/usr/include/Darwin_POSIX.modulemap
/Applications/Xcode.app/Contents/Developer/Platforms/MacOSX.platform/Developer/SDKs/MacOSX26.1.sdk/usr/include/net.modulemap
/Applications/Xcode.app/Contents/Developer/Platforms/MacOSX.platform/Developer/SDKs/MacOSX26.1.sdk/usr/include/netinet.modulemap
/Applications/Xcode.app/Contents/Developer/Platforms/MacOSX.platform/Developer/SDKs/MacOSX26.1.sdk/usr/include/bank.modulemap
/Applications/Xcode.app/Contents/Developer/Platforms/MacOSX.platform/Developer/SDKs/MacOSX26.1.sdk/usr/include/Darwin_Mach.modulemap
/Applications/Xcode.app/Contents/Developer/Platforms/MacOSX.platform/Developer/SDKs/MacOSX26.1.sdk/usr/include/Darwin_Mach_machine.modulemap
/Applications/Xcode.app/Contents/Developer/Platforms/MacOSX.platform/Developer/SDKs/MacOSX26.1.sdk/usr/include/mach_debug.modulemap
/Applications/Xcode.app/Contents/Developer/Platforms/MacOSX.platform/Developer/SDKs/MacOSX26.1.sdk/usr/include/device.modulemap
/Applications/Xcode.app/Contents/Developer/Platforms/MacOSX.platform/Developer/SDKs/MacOSX26.1.sdk/usr/include/Darwin_machine.modulemap
/Applications/Xcode.app/Contents/Developer/Platforms/MacOSX.platform/Developer/SDKs/MacOSX26.1.sdk/usr/include/ncurses.modulemap
/Applications/Xcode.app/Contents/Developer/Platforms/MacOSX.platform/Developer/SDKs/MacOSX26.1.sdk/usr/include/netinet6.modulemap
/Applications/Xcode.app/Contents/Developer/Platforms/MacOSX.platform/Developer/SDKs/MacOSX26.1.sdk/usr/include/Darwin_sys.modulemap
/Applications/Xcode.app/Contents/Developer/Platforms/MacOSX.platform/Developer/SDKs/MacOSX26.1.sdk/usr/include/uuid.modulemap
/Applications/Xcode.app/Contents/Developer/Platforms/MacOSX.platform/Developer/SDKs/MacOSX26.1.sdk/usr/include/DarwinFoundation1.modulemap
/Applications/Xcode.app/Contents/Developer/Platforms/MacOSX.platform/Developer/SDKs/MacOSX26.1.sdk/usr/include/os/object.h
/Applications/Xcode.app/Contents/Developer/Platforms/MacOSX.platform/Developer/SDKs/MacOSX26.1.sdk/SDKSettings.json
/Applications/Xcode.app/Contents/Developer/Platforms/MacOSX.platform/Developer/SDKs/MacOSX26.1.sdk/usr/include/os.modulemap
/Applications/Xcode.app/Contents/Developer/Platforms/MacOSX.platform/Developer/SDKs/MacOSX26.1.sdk/usr/include/Darwin.modulemap
/Applications/Xcode.app/Contents/Developer/Platforms/MacOSX.platform/Developer/SDKs/MacOSX26.1.sdk/usr/include/Darwin_C.modulemap
/Applications/Xcode.app/Contents/Developer/Platforms/MacOSX.platform/Developer/SDKs/MacOSX26.1.sdk/usr/include/Darwin_POSIX.modulemap
/Applications/Xcode.app/Contents/Developer/Platforms/MacOSX.platform/Developer/SDKs/MacOSX26.1.sdk/usr/include/net.modulemap
/Applications/Xcode.app/Contents/Developer/Platforms/MacOSX.platform/Developer/SDKs/MacOSX26.1.sdk/usr/include/netinet.modulemap
/Applications/Xcode.app/Contents/Developer/Platforms/MacOSX.platform/Developer/SDKs/MacOSX26.1.sdk/usr/include/bank.modulemap
/Applications/Xcode.app/Contents/Developer/Platforms/MacOSX.platform/Developer/SDKs/MacOSX26.1.sdk/usr/include/Darwin_Mach.modulemap
/Applications/Xcode.app/Contents/Developer/Platforms/MacOSX.platform/Developer/SDKs/MacOSX26.1.sdk/usr/include/Darwin_Mach_machine.modulemap
/Applications/Xcode.app/Contents/Developer/Platforms/MacOSX.platform/Developer/SDKs/MacOSX26.1.sdk/usr/include/mach_debug.modulemap
/Applications/Xcode.app/Contents/Developer/Platforms/MacOSX.platform/Developer/SDKs/MacOSX26.1.sdk/usr/include/device.modulemap
/Applications/Xcode.app/Contents/Developer/Platforms/MacOSX.platform/Developer/SDKs/MacOSX26.1.sdk/usr/include/Darwin_machine.modulemap
/Applications/Xcode.app/Contents/Developer/Platforms/MacOSX.platform/Developer/SDKs/MacOSX26.1.sdk/usr/include/ncurses.modulemap
/Applications/Xcode.app/Contents/Developer/Platforms/MacOSX.platform/Developer/SDKs/MacOSX26.1.sdk/usr/include/netinet6.modulemap
/Applications/Xcode.app/Contents/Developer/Platforms/MacOSX.platform/Developer/SDKs/MacOSX26.1.sdk/usr/include/Darwin_sys.modulemap
/Applications/Xcode.app/Contents/Developer/Platforms/MacOSX.platform/Developer/SDKs/MacOSX26.1.sdk/usr/include/uuid.modulemap
/Applications/Xcode.app/Contents/Developer/Platforms/MacOSX.platform/Developer/SDKs/MacOSX26.1.sdk/usr/include/DarwinFoundation2.modulemap
/Applications/Xcode.app/Contents/Developer/Platforms/MacOSX.platform/Developer/SDKs/MacOSX26.1.sdk/usr/include/DarwinFoundation3.modulemap
/Applications/Xcode.app/Contents/Developer/Platforms/MacOSX.platform/Developer/SDKs/MacOSX26.1.sdk/usr/include/DarwinFoundation1.modulemap
/Applications/Xcode.app/Contents/Developer/Platforms/MacOSX.platform/Developer/SDKs/MacOSX26.1.sdk/usr/include/os/workgroup.h
/Applications/Xcode.app/Contents/Developer/Platforms/MacOSX.platform/Developer/SDKs/MacOSX26.1.sdk/usr/include/os/workgroup_base.h
/Applications/Xcode.app/Contents/Developer/Toolchains/XcodeDefault.xctoolchain/usr/lib/swift/clang/include/module.modulemap
/Applications/Xcode.app/Contents/Developer/Toolchains/XcodeDefault.xctoolchain/usr/lib/swift/clang/include/stddef.h
/Applications/Xcode.app/Contents/Developer/Platforms/MacOSX.platform/Developer/SDKs/MacOSX26.1.sdk/usr/include/string.h
/Applications/Xcode.app/Contents/Developer/Platforms/MacOSX.platform/Developer/SDKs/MacOSX26.1.sdk/usr/include/stdlib.h
/Applications/Xcode.app/Contents/Developer/Platforms/MacOSX.platform/Developer/SDKs/MacOSX26.1.sdk/usr/include/os/workgroup_object.h
/Applications/Xcode.app/Contents/Developer/Platforms/MacOSX.platform/Developer/SDKs/MacOSX26.1.sdk/usr/include/os/workgroup_interval.h
/Applications/Xcode.app/Contents/Developer/Platforms/MacOSX.platform/Developer/SDKs/MacOSX26.1.sdk/usr/include/os/workgroup_parallel.h
/Applications/Xcode.app/Contents/Developer/Platforms/MacOSX.platform/Developer/SDKs/MacOSX26.1.sdk/SDKSettings.json
/Applications/Xcode.app/Contents/Developer/Toolchains/XcodeDefault.xctoolchain/usr/lib/swift/clang/include/module.modulemap
/Applications/Xcode.app/Contents/Developer/Toolchains/XcodeDefault.xctoolchain/usr/lib/swift/clang/include/ptrauth.h
/Applications/Xcode.app/Contents/Developer/Platforms/MacOSX.platform/Developer/SDKs/MacOSX26.1.sdk/SDKSettings.json
/Applications/Xcode.app/Contents/Developer/Toolchains/XcodeDefault.xctoolchain/usr/lib/swift/clang/include/module.modulemap
/Applications/Xcode.app/Contents/Developer/Toolchains/XcodeDefault.xctoolchain/usr/lib/swift/clang/include/ptrcheck.h
/Applications/Xcode.app/Contents/Developer/Platforms/MacOSX.platform/Developer/SDKs/MacOSX26.1.sdk/SDKSettings.json
/Applications/Xcode.app/Contents/Developer/Platforms/MacOSX.platform/Developer/SDKs/MacOSX26.1.sdk/usr/include/DarwinFoundation2.modulemap
/Applications/Xcode.app/Contents/Developer/Platforms/MacOSX.platform/Developer/SDKs/MacOSX26.1.sdk/usr/include/_modules/_sys_types.h
/Applications/Xcode.app/Contents/Developer/Platforms/MacOSX.platform/Developer/SDKs/MacOSX26.1.sdk/SDKSettings.json

SwiftDriver\ Compilation Parsing normal arm64 com.apple.xcode.tools.swift.compiler (in target 'Parsing' from project 'swift-parsing')
    cd /Users/rogerlin/XCode-Projects/FinancialCalculatorKit-5.0-updated-accent-colors/FinancialCalculatorKit.xcodeproj
    builtin-Swift-Compilation -- /Applications/Xcode.app/Contents/Developer/Toolchains/XcodeDefault.xctoolchain/usr/bin/swiftc -module-name Parsing -Onone -enforce-exclusivity\=checked @/Users/rogerlin/Library/Developer/Xcode/DerivedData/FinancialCalculatorKit-ackorybalcxbfocbkqsfdzcfkgmn/Build/Intermediates.noindex/swift-parsing.build/Debug/Parsing.build/Objects-normal/arm64/Parsing.SwiftFileList -DSWIFT_PACKAGE -DDEBUG -DSWIFT_MODULE_RESOURCE_BUNDLE_UNAVAILABLE -DXcode -plugin-path /Applications/Xcode.app/Contents/Developer/Toolchains/XcodeDefault.xctoolchain/usr/lib/swift/host/plugins/testing -enable-experimental-feature DebugDescriptionMacro -sdk /Applications/Xcode.app/Contents/Developer/Platforms/MacOSX.platform/Developer/SDKs/MacOSX26.1.sdk -target arm64-apple-macos10.15 -g -module-cache-path /Users/rogerlin/Library/Developer/Xcode/DerivedData/ModuleCache.noindex -Xfrontend -serialize-debugging-options -profile-coverage-mapping -profile-generate -enable-testing -suppress-warnings -index-store-path /Users/rogerlin/Library/Developer/Xcode/DerivedData/FinancialCalculatorKit-ackorybalcxbfocbkqsfdzcfkgmn/Index.noindex/DataStore -Xcc -D_LIBCPP_HARDENING_MODE\=_LIBCPP_HARDENING_MODE_DEBUG -swift-version 5 -I /Users/rogerlin/Library/Developer/Xcode/DerivedData/FinancialCalculatorKit-ackorybalcxbfocbkqsfdzcfkgmn/Build/Products/Debug -Isystem /Applications/Xcode.app/Contents/Developer/Platforms/MacOSX.platform/Developer/usr/lib -F /Users/rogerlin/Library/Developer/Xcode/DerivedData/FinancialCalculatorKit-ackorybalcxbfocbkqsfdzcfkgmn/Build/Products/Debug/PackageFrameworks -F /Users/rogerlin/Library/Developer/Xcode/DerivedData/FinancialCalculatorKit-ackorybalcxbfocbkqsfdzcfkgmn/Build/Products/Debug/PackageFrameworks -F /Users/rogerlin/Library/Developer/Xcode/DerivedData/FinancialCalculatorKit-ackorybalcxbfocbkqsfdzcfkgmn/Build/Products/Debug/PackageFrameworks -F /Users/rogerlin/Library/Developer/Xcode/DerivedData/FinancialCalculatorKit-ackorybalcxbfocbkqsfdzcfkgmn/Build/Products/Debug/PackageFrameworks -F /Users/rogerlin/Library/Developer/Xcode/DerivedData/FinancialCalculatorKit-ackorybalcxbfocbkqsfdzcfkgmn/Build/Products/Debug -F /Applications/Xcode.app/Contents/Developer/Platforms/MacOSX.platform/Developer/Library/Frameworks -Xfrontend -load-plugin-executable -Xfrontend /Users/rogerlin/Library/Developer/Xcode/DerivedData/FinancialCalculatorKit-ackorybalcxbfocbkqsfdzcfkgmn/Build/Products/Debug/CasePathsMacros\#CasePathsMacros -c -j16 -enable-batch-mode -incremental -Xcc -ivfsstatcache -Xcc /Users/rogerlin/Library/Developer/Xcode/DerivedData/SDKStatCaches.noindex/macosx26.1-25B74-3ae1261907bdadc328169391a47051a6.sdkstatcache -output-file-map /Users/rogerlin/Library/Developer/Xcode/DerivedData/FinancialCalculatorKit-ackorybalcxbfocbkqsfdzcfkgmn/Build/Intermediates.noindex/swift-parsing.build/Debug/Parsing.build/Objects-normal/arm64/Parsing-OutputFileMap.json -use-frontend-parseable-output -save-temps -no-color-diagnostics -explicit-module-build -module-cache-path /Users/rogerlin/Library/Developer/Xcode/DerivedData/FinancialCalculatorKit-ackorybalcxbfocbkqsfdzcfkgmn/Build/Intermediates.noindex/SwiftExplicitPrecompiledModules -clang-scanner-module-cache-path /Users/rogerlin/Library/Developer/Xcode/DerivedData/ModuleCache.noindex -sdk-module-cache-path /Users/rogerlin/Library/Developer/Xcode/DerivedData/ModuleCache.noindex -serialize-diagnostics -emit-dependencies -emit-module -emit-module-path /Users/rogerlin/Library/Developer/Xcode/DerivedData/FinancialCalculatorKit-ackorybalcxbfocbkqsfdzcfkgmn/Build/Intermediates.noindex/swift-parsing.build/Debug/Parsing.build/Objects-normal/arm64/Parsing.swiftmodule -validate-clang-modules-once -clang-build-session-file /Users/rogerlin/Library/Developer/Xcode/DerivedData/ModuleCache.noindex/Session.modulevalidation -package-name swift_parsing -Xcc -I/Users/rogerlin/Library/Developer/Xcode/DerivedData/FinancialCalculatorKit-ackorybalcxbfocbkqsfdzcfkgmn/Build/Intermediates.noindex/swift-parsing.build/Debug/Parsing.build/swift-overrides.hmap -emit-const-values -Xfrontend -const-gather-protocols-file -Xfrontend /Users/rogerlin/Library/Developer/Xcode/DerivedData/FinancialCalculatorKit-ackorybalcxbfocbkqsfdzcfkgmn/Build/Intermediates.noindex/swift-parsing.build/Debug/Parsing.build/Objects-normal/arm64/Parsing_const_extract_protocols.json -Xcc -I/Users/rogerlin/Library/Developer/Xcode/DerivedData/FinancialCalculatorKit-ackorybalcxbfocbkqsfdzcfkgmn/Build/Products/Debug/include -Xcc -I/Users/rogerlin/Library/Developer/Xcode/DerivedData/FinancialCalculatorKit-ackorybalcxbfocbkqsfdzcfkgmn/Build/Intermediates.noindex/swift-parsing.build/Debug/Parsing.build/DerivedSources-normal/arm64 -Xcc -I/Users/rogerlin/Library/Developer/Xcode/DerivedData/FinancialCalculatorKit-ackorybalcxbfocbkqsfdzcfkgmn/Build/Intermediates.noindex/swift-parsing.build/Debug/Parsing.build/DerivedSources/arm64 -Xcc -I/Users/rogerlin/Library/Developer/Xcode/DerivedData/FinancialCalculatorKit-ackorybalcxbfocbkqsfdzcfkgmn/Build/Intermediates.noindex/swift-parsing.build/Debug/Parsing.build/DerivedSources -Xcc -DSWIFT_PACKAGE -Xcc -DDEBUG\=1 -emit-objc-header -emit-objc-header-path /Users/rogerlin/Library/Developer/Xcode/DerivedData/FinancialCalculatorKit-ackorybalcxbfocbkqsfdzcfkgmn/Build/Intermediates.noindex/swift-parsing.build/Debug/Parsing.build/Objects-normal/arm64/Parsing-Swift.h -working-directory /Users/rogerlin/XCode-Projects/FinancialCalculatorKit-5.0-updated-accent-colors/FinancialCalculatorKit.xcodeproj -experimental-emit-module-separately -disable-cmo

    Task input dependencies:
        /Users/rogerlin/Library/Developer/Xcode/DerivedData/FinancialCalculatorKit-ackorybalcxbfocbkqsfdzcfkgmn/SourcePackages/checkouts/swift-parsing/Sources/Parsing/Builders/OneOfBuilder.swift
        /Users/rogerlin/Library/Developer/Xcode/DerivedData/FinancialCalculatorKit-ackorybalcxbfocbkqsfdzcfkgmn/SourcePackages/checkouts/swift-parsing/Sources/Parsing/Builders/ParserBuilder.swift
        /Users/rogerlin/Library/Developer/Xcode/DerivedData/FinancialCalculatorKit-ackorybalcxbfocbkqsfdzcfkgmn/SourcePackages/checkouts/swift-parsing/Sources/Parsing/Conversion.swift
        /Users/rogerlin/Library/Developer/Xcode/DerivedData/FinancialCalculatorKit-ackorybalcxbfocbkqsfdzcfkgmn/SourcePackages/checkouts/swift-parsing/Sources/Parsing/Conversions/AnyConversion.swift
        /Users/rogerlin/Library/Developer/Xcode/DerivedData/FinancialCalculatorKit-ackorybalcxbfocbkqsfdzcfkgmn/SourcePackages/checkouts/swift-parsing/Sources/Parsing/Conversions/BinaryFloatingPoint.swift
        /Users/rogerlin/Library/Developer/Xcode/DerivedData/FinancialCalculatorKit-ackorybalcxbfocbkqsfdzcfkgmn/SourcePackages/checkouts/swift-parsing/Sources/Parsing/Conversions/ConversionMap.swift
        /Users/rogerlin/Library/Developer/Xcode/DerivedData/FinancialCalculatorKit-ackorybalcxbfocbkqsfdzcfkgmn/SourcePackages/checkouts/swift-parsing/Sources/Parsing/Conversions/Conversions.swift
        /Users/rogerlin/Library/Developer/Xcode/DerivedData/FinancialCalculatorKit-ackorybalcxbfocbkqsfdzcfkgmn/SourcePackages/checkouts/swift-parsing/Sources/Parsing/Conversions/Data.swift
        /Users/rogerlin/Library/Developer/Xcode/DerivedData/FinancialCalculatorKit-ackorybalcxbfocbkqsfdzcfkgmn/SourcePackages/checkouts/swift-parsing/Sources/Parsing/Conversions/Enum.swift
        /Users/rogerlin/Library/Developer/Xcode/DerivedData/FinancialCalculatorKit-ackorybalcxbfocbkqsfdzcfkgmn/SourcePackages/checkouts/swift-parsing/Sources/Parsing/Conversions/FixedWidthInteger.swift
        /Users/rogerlin/Library/Developer/Xcode/DerivedData/FinancialCalculatorKit-ackorybalcxbfocbkqsfdzcfkgmn/SourcePackages/checkouts/swift-parsing/Sources/Parsing/Conversions/Identity.swift
        /Users/rogerlin/Library/Developer/Xcode/DerivedData/FinancialCalculatorKit-ackorybalcxbfocbkqsfdzcfkgmn/SourcePackages/checkouts/swift-parsing/Sources/Parsing/Conversions/JSON.swift
        /Users/rogerlin/Library/Developer/Xcode/DerivedData/FinancialCalculatorKit-ackorybalcxbfocbkqsfdzcfkgmn/SourcePackages/checkouts/swift-parsing/Sources/Parsing/Conversions/LosslessStringConvertible.swift
        /Users/rogerlin/Library/Developer/Xcode/DerivedData/FinancialCalculatorKit-ackorybalcxbfocbkqsfdzcfkgmn/SourcePackages/checkouts/swift-parsing/Sources/Parsing/Conversions/Memberwise.swift
        /Users/rogerlin/Library/Developer/Xcode/DerivedData/FinancialCalculatorKit-ackorybalcxbfocbkqsfdzcfkgmn/SourcePackages/checkouts/swift-parsing/Sources/Parsing/Conversions/ParseableFormatStyleConversion.swift
        /Users/rogerlin/Library/Developer/Xcode/DerivedData/FinancialCalculatorKit-ackorybalcxbfocbkqsfdzcfkgmn/SourcePackages/checkouts/swift-parsing/Sources/Parsing/Conversions/RawRepresentable.swift
        /Users/rogerlin/Library/Developer/Xcode/DerivedData/FinancialCalculatorKit-ackorybalcxbfocbkqsfdzcfkgmn/SourcePackages/checkouts/swift-parsing/Sources/Parsing/Conversions/String.swift
        /Users/rogerlin/Library/Developer/Xcode/DerivedData/FinancialCalculatorKit-ackorybalcxbfocbkqsfdzcfkgmn/SourcePackages/checkouts/swift-parsing/Sources/Parsing/Conversions/Substring.swift
        /Users/rogerlin/Library/Developer/Xcode/DerivedData/FinancialCalculatorKit-ackorybalcxbfocbkqsfdzcfkgmn/SourcePackages/checkouts/swift-parsing/Sources/Parsing/Conversions/UTF8View.swift
        /Users/rogerlin/Library/Developer/Xcode/DerivedData/FinancialCalculatorKit-ackorybalcxbfocbkqsfdzcfkgmn/SourcePackages/checkouts/swift-parsing/Sources/Parsing/ConvertingError.swift
        /Users/rogerlin/Library/Developer/Xcode/DerivedData/FinancialCalculatorKit-ackorybalcxbfocbkqsfdzcfkgmn/SourcePackages/checkouts/swift-parsing/Sources/Parsing/CountingRange.swift
        /Users/rogerlin/Library/Developer/Xcode/DerivedData/FinancialCalculatorKit-ackorybalcxbfocbkqsfdzcfkgmn/SourcePackages/checkouts/swift-parsing/Sources/Parsing/EmptyInitializable.swift
        /Users/rogerlin/Library/Developer/Xcode/DerivedData/FinancialCalculatorKit-ackorybalcxbfocbkqsfdzcfkgmn/SourcePackages/checkouts/swift-parsing/Sources/Parsing/Internal/AnyEquatable.swift
        /Users/rogerlin/Library/Developer/Xcode/DerivedData/FinancialCalculatorKit-ackorybalcxbfocbkqsfdzcfkgmn/SourcePackages/checkouts/swift-parsing/Sources/Parsing/Internal/Deprecations.swift
        /Users/rogerlin/Library/Developer/Xcode/DerivedData/FinancialCalculatorKit-ackorybalcxbfocbkqsfdzcfkgmn/SourcePackages/checkouts/swift-parsing/Sources/Parsing/Parser.swift
        /Users/rogerlin/Library/Developer/Xcode/DerivedData/FinancialCalculatorKit-ackorybalcxbfocbkqsfdzcfkgmn/SourcePackages/checkouts/swift-parsing/Sources/Parsing/ParserPrinter.swift
        /Users/rogerlin/Library/Developer/Xcode/DerivedData/FinancialCalculatorKit-ackorybalcxbfocbkqsfdzcfkgmn/SourcePackages/checkouts/swift-parsing/Sources/Parsing/ParserPrinters/Always.swift
        /Users/rogerlin/Library/Developer/Xcode/DerivedData/FinancialCalculatorKit-ackorybalcxbfocbkqsfdzcfkgmn/SourcePackages/checkouts/swift-parsing/Sources/Parsing/ParserPrinters/AnyParserPrinter.swift
        /Users/rogerlin/Library/Developer/Xcode/DerivedData/FinancialCalculatorKit-ackorybalcxbfocbkqsfdzcfkgmn/SourcePackages/checkouts/swift-parsing/Sources/Parsing/ParserPrinters/Backtracking.swift
        /Users/rogerlin/Library/Developer/Xcode/DerivedData/FinancialCalculatorKit-ackorybalcxbfocbkqsfdzcfkgmn/SourcePackages/checkouts/swift-parsing/Sources/Parsing/ParserPrinters/Bool.swift
        /Users/rogerlin/Library/Developer/Xcode/DerivedData/FinancialCalculatorKit-ackorybalcxbfocbkqsfdzcfkgmn/SourcePackages/checkouts/swift-parsing/Sources/Parsing/ParserPrinters/CaseIterableRawRepresentable.swift
        /Users/rogerlin/Library/Developer/Xcode/DerivedData/FinancialCalculatorKit-ackorybalcxbfocbkqsfdzcfkgmn/SourcePackages/checkouts/swift-parsing/Sources/Parsing/ParserPrinters/CharacterSet.swift
        /Users/rogerlin/Library/Developer/Xcode/DerivedData/FinancialCalculatorKit-ackorybalcxbfocbkqsfdzcfkgmn/SourcePackages/checkouts/swift-parsing/Sources/Parsing/ParserPrinters/Conditional.swift
        /Users/rogerlin/Library/Developer/Xcode/DerivedData/FinancialCalculatorKit-ackorybalcxbfocbkqsfdzcfkgmn/SourcePackages/checkouts/swift-parsing/Sources/Parsing/ParserPrinters/Consumed.swift
        /Users/rogerlin/Library/Developer/Xcode/DerivedData/FinancialCalculatorKit-ackorybalcxbfocbkqsfdzcfkgmn/SourcePackages/checkouts/swift-parsing/Sources/Parsing/ParserPrinters/Digits.swift
        /Users/rogerlin/Library/Developer/Xcode/DerivedData/FinancialCalculatorKit-ackorybalcxbfocbkqsfdzcfkgmn/SourcePackages/checkouts/swift-parsing/Sources/Parsing/ParserPrinters/End.swift
        /Users/rogerlin/Library/Developer/Xcode/DerivedData/FinancialCalculatorKit-ackorybalcxbfocbkqsfdzcfkgmn/SourcePackages/checkouts/swift-parsing/Sources/Parsing/ParserPrinters/Fail.swift
        /Users/rogerlin/Library/Developer/Xcode/DerivedData/FinancialCalculatorKit-ackorybalcxbfocbkqsfdzcfkgmn/SourcePackages/checkouts/swift-parsing/Sources/Parsing/ParserPrinters/Filter.swift
        /Users/rogerlin/Library/Developer/Xcode/DerivedData/FinancialCalculatorKit-ackorybalcxbfocbkqsfdzcfkgmn/SourcePackages/checkouts/swift-parsing/Sources/Parsing/ParserPrinters/First.swift
        /Users/rogerlin/Library/Developer/Xcode/DerivedData/FinancialCalculatorKit-ackorybalcxbfocbkqsfdzcfkgmn/SourcePackages/checkouts/swift-parsing/Sources/Parsing/ParserPrinters/Float.swift
        /Users/rogerlin/Library/Developer/Xcode/DerivedData/FinancialCalculatorKit-ackorybalcxbfocbkqsfdzcfkgmn/SourcePackages/checkouts/swift-parsing/Sources/Parsing/ParserPrinters/From.swift
        /Users/rogerlin/Library/Developer/Xcode/DerivedData/FinancialCalculatorKit-ackorybalcxbfocbkqsfdzcfkgmn/SourcePackages/checkouts/swift-parsing/Sources/Parsing/ParserPrinters/Int.swift
        /Users/rogerlin/Library/Developer/Xcode/DerivedData/FinancialCalculatorKit-ackorybalcxbfocbkqsfdzcfkgmn/SourcePackages/checkouts/swift-parsing/Sources/Parsing/ParserPrinters/Lazy.swift
        /Users/rogerlin/Library/Developer/Xcode/DerivedData/FinancialCalculatorKit-ackorybalcxbfocbkqsfdzcfkgmn/SourcePackages/checkouts/swift-parsing/Sources/Parsing/ParserPrinters/Literal.swift
        /Users/rogerlin/Library/Developer/Xcode/DerivedData/FinancialCalculatorKit-ackorybalcxbfocbkqsfdzcfkgmn/SourcePackages/checkouts/swift-parsing/Sources/Parsing/ParserPrinters/Many.swift
        /Users/rogerlin/Library/Developer/Xcode/DerivedData/FinancialCalculatorKit-ackorybalcxbfocbkqsfdzcfkgmn/SourcePackages/checkouts/swift-parsing/Sources/Parsing/ParserPrinters/Map.swift
        /Users/rogerlin/Library/Developer/Xcode/DerivedData/FinancialCalculatorKit-ackorybalcxbfocbkqsfdzcfkgmn/SourcePackages/checkouts/swift-parsing/Sources/Parsing/ParserPrinters/Newline.swift
        /Users/rogerlin/Library/Developer/Xcode/DerivedData/FinancialCalculatorKit-ackorybalcxbfocbkqsfdzcfkgmn/SourcePackages/checkouts/swift-parsing/Sources/Parsing/ParserPrinters/Not.swift
        /Users/rogerlin/Library/Developer/Xcode/DerivedData/FinancialCalculatorKit-ackorybalcxbfocbkqsfdzcfkgmn/SourcePackages/checkouts/swift-parsing/Sources/Parsing/ParserPrinters/OneOf.swift
        /Users/rogerlin/Library/Developer/Xcode/DerivedData/FinancialCalculatorKit-ackorybalcxbfocbkqsfdzcfkgmn/SourcePackages/checkouts/swift-parsing/Sources/Parsing/ParserPrinters/OneOfMany.swift
        /Users/rogerlin/Library/Developer/Xcode/DerivedData/FinancialCalculatorKit-ackorybalcxbfocbkqsfdzcfkgmn/SourcePackages/checkouts/swift-parsing/Sources/Parsing/ParserPrinters/Optional.swift
        /Users/rogerlin/Library/Developer/Xcode/DerivedData/FinancialCalculatorKit-ackorybalcxbfocbkqsfdzcfkgmn/SourcePackages/checkouts/swift-parsing/Sources/Parsing/ParserPrinters/Optionally.swift
        /Users/rogerlin/Library/Developer/Xcode/DerivedData/FinancialCalculatorKit-ackorybalcxbfocbkqsfdzcfkgmn/SourcePackages/checkouts/swift-parsing/Sources/Parsing/ParserPrinters/Parse.swift
        /Users/rogerlin/Library/Developer/Xcode/DerivedData/FinancialCalculatorKit-ackorybalcxbfocbkqsfdzcfkgmn/SourcePackages/checkouts/swift-parsing/Sources/Parsing/ParserPrinters/ParseableFormatStyle.swift
        /Users/rogerlin/Library/Developer/Xcode/DerivedData/FinancialCalculatorKit-ackorybalcxbfocbkqsfdzcfkgmn/SourcePackages/checkouts/swift-parsing/Sources/Parsing/ParserPrinters/Peek.swift
        /Users/rogerlin/Library/Developer/Xcode/DerivedData/FinancialCalculatorKit-ackorybalcxbfocbkqsfdzcfkgmn/SourcePackages/checkouts/swift-parsing/Sources/Parsing/ParserPrinters/Pipe.swift
        /Users/rogerlin/Library/Developer/Xcode/DerivedData/FinancialCalculatorKit-ackorybalcxbfocbkqsfdzcfkgmn/SourcePackages/checkouts/swift-parsing/Sources/Parsing/ParserPrinters/Prefix.swift
        /Users/rogerlin/Library/Developer/Xcode/DerivedData/FinancialCalculatorKit-ackorybalcxbfocbkqsfdzcfkgmn/SourcePackages/checkouts/swift-parsing/Sources/Parsing/ParserPrinters/PrefixThrough.swift
        /Users/rogerlin/Library/Developer/Xcode/DerivedData/FinancialCalculatorKit-ackorybalcxbfocbkqsfdzcfkgmn/SourcePackages/checkouts/swift-parsing/Sources/Parsing/ParserPrinters/PrefixUpTo.swift
        /Users/rogerlin/Library/Developer/Xcode/DerivedData/FinancialCalculatorKit-ackorybalcxbfocbkqsfdzcfkgmn/SourcePackages/checkouts/swift-parsing/Sources/Parsing/ParserPrinters/Printing.swift
        /Users/rogerlin/Library/Developer/Xcode/DerivedData/FinancialCalculatorKit-ackorybalcxbfocbkqsfdzcfkgmn/SourcePackages/checkouts/swift-parsing/Sources/Parsing/ParserPrinters/Pullback.swift
        /Users/rogerlin/Library/Developer/Xcode/DerivedData/FinancialCalculatorKit-ackorybalcxbfocbkqsfdzcfkgmn/SourcePackages/checkouts/swift-parsing/Sources/Parsing/ParserPrinters/ReplaceError.swift
        /Users/rogerlin/Library/Developer/Xcode/DerivedData/FinancialCalculatorKit-ackorybalcxbfocbkqsfdzcfkgmn/SourcePackages/checkouts/swift-parsing/Sources/Parsing/ParserPrinters/Rest.swift
        /Users/rogerlin/Library/Developer/Xcode/DerivedData/FinancialCalculatorKit-ackorybalcxbfocbkqsfdzcfkgmn/SourcePackages/checkouts/swift-parsing/Sources/Parsing/ParserPrinters/Skip.swift
        /Users/rogerlin/Library/Developer/Xcode/DerivedData/FinancialCalculatorKit-ackorybalcxbfocbkqsfdzcfkgmn/SourcePackages/checkouts/swift-parsing/Sources/Parsing/ParserPrinters/StartsWith.swift
        /Users/rogerlin/Library/Developer/Xcode/DerivedData/FinancialCalculatorKit-ackorybalcxbfocbkqsfdzcfkgmn/SourcePackages/checkouts/swift-parsing/Sources/Parsing/ParserPrinters/UUID.swift
        /Users/rogerlin/Library/Developer/Xcode/DerivedData/FinancialCalculatorKit-ackorybalcxbfocbkqsfdzcfkgmn/SourcePackages/checkouts/swift-parsing/Sources/Parsing/ParserPrinters/Whitespace.swift
        /Users/rogerlin/Library/Developer/Xcode/DerivedData/FinancialCalculatorKit-ackorybalcxbfocbkqsfdzcfkgmn/SourcePackages/checkouts/swift-parsing/Sources/Parsing/Parsers/AnyParser.swift
        /Users/rogerlin/Library/Developer/Xcode/DerivedData/FinancialCalculatorKit-ackorybalcxbfocbkqsfdzcfkgmn/SourcePackages/checkouts/swift-parsing/Sources/Parsing/Parsers/CompactMap.swift
        /Users/rogerlin/Library/Developer/Xcode/DerivedData/FinancialCalculatorKit-ackorybalcxbfocbkqsfdzcfkgmn/SourcePackages/checkouts/swift-parsing/Sources/Parsing/Parsers/FlatMap.swift
        /Users/rogerlin/Library/Developer/Xcode/DerivedData/FinancialCalculatorKit-ackorybalcxbfocbkqsfdzcfkgmn/SourcePackages/checkouts/swift-parsing/Sources/Parsing/Parsers/Parsers.swift
        /Users/rogerlin/Library/Developer/Xcode/DerivedData/FinancialCalculatorKit-ackorybalcxbfocbkqsfdzcfkgmn/SourcePackages/checkouts/swift-parsing/Sources/Parsing/Parsers/Stream.swift
        /Users/rogerlin/Library/Developer/Xcode/DerivedData/FinancialCalculatorKit-ackorybalcxbfocbkqsfdzcfkgmn/SourcePackages/checkouts/swift-parsing/Sources/Parsing/ParsingError.swift
        /Users/rogerlin/Library/Developer/Xcode/DerivedData/FinancialCalculatorKit-ackorybalcxbfocbkqsfdzcfkgmn/SourcePackages/checkouts/swift-parsing/Sources/Parsing/PrependableCollection.swift
        /Users/rogerlin/Library/Developer/Xcode/DerivedData/FinancialCalculatorKit-ackorybalcxbfocbkqsfdzcfkgmn/SourcePackages/checkouts/swift-parsing/Sources/Parsing/PrintingError.swift
        /Users/rogerlin/Library/Developer/Xcode/DerivedData/FinancialCalculatorKit-ackorybalcxbfocbkqsfdzcfkgmn/Build/Products/Debug/CasePathsMacros
        /Users/rogerlin/Library/Developer/Xcode/DerivedData/FinancialCalculatorKit-ackorybalcxbfocbkqsfdzcfkgmn/Build/Intermediates.noindex/swift-parsing.build/Debug/Parsing.build/Objects-normal/arm64/Parsing.SwiftFileList
        /Users/rogerlin/Library/Developer/Xcode/DerivedData/FinancialCalculatorKit-ackorybalcxbfocbkqsfdzcfkgmn/Build/Intermediates.noindex/swift-parsing.build/Debug/Parsing.build/Objects-normal/arm64/Parsing-OutputFileMap.json
        /Users/rogerlin/Library/Developer/Xcode/DerivedData/FinancialCalculatorKit-ackorybalcxbfocbkqsfdzcfkgmn/Build/Intermediates.noindex/swift-parsing.build/Debug/Parsing.build/Objects-normal/arm64/Parsing_const_extract_protocols.json
        /Users/rogerlin/Library/Developer/Xcode/DerivedData/FinancialCalculatorKit-ackorybalcxbfocbkqsfdzcfkgmn/Build/Intermediates.noindex/GeneratedModuleMaps/Parsing.modulemap
        /Users/rogerlin/Library/Developer/Xcode/DerivedData/FinancialCalculatorKit-ackorybalcxbfocbkqsfdzcfkgmn/SourcePackages/checkouts/swift-parsing/Sources/Parsing/Builders/OneOfBuilder.swift
        /Users/rogerlin/Library/Developer/Xcode/DerivedData/FinancialCalculatorKit-ackorybalcxbfocbkqsfdzcfkgmn/SourcePackages/checkouts/swift-parsing/Sources/Parsing/Builders/ParserBuilder.swift
        /Users/rogerlin/Library/Developer/Xcode/DerivedData/FinancialCalculatorKit-ackorybalcxbfocbkqsfdzcfkgmn/SourcePackages/checkouts/swift-parsing/Sources/Parsing/Conversion.swift
        /Users/rogerlin/Library/Developer/Xcode/DerivedData/FinancialCalculatorKit-ackorybalcxbfocbkqsfdzcfkgmn/SourcePackages/checkouts/swift-parsing/Sources/Parsing/Conversions/AnyConversion.swift
        /Users/rogerlin/Library/Developer/Xcode/DerivedData/FinancialCalculatorKit-ackorybalcxbfocbkqsfdzcfkgmn/SourcePackages/checkouts/swift-parsing/Sources/Parsing/Conversions/BinaryFloatingPoint.swift
        /Users/rogerlin/Library/Developer/Xcode/DerivedData/FinancialCalculatorKit-ackorybalcxbfocbkqsfdzcfkgmn/SourcePackages/checkouts/swift-parsing/Sources/Parsing/Conversions/ConversionMap.swift
        /Users/rogerlin/Library/Developer/Xcode/DerivedData/FinancialCalculatorKit-ackorybalcxbfocbkqsfdzcfkgmn/SourcePackages/checkouts/swift-parsing/Sources/Parsing/Conversions/Conversions.swift
        /Users/rogerlin/Library/Developer/Xcode/DerivedData/FinancialCalculatorKit-ackorybalcxbfocbkqsfdzcfkgmn/SourcePackages/checkouts/swift-parsing/Sources/Parsing/Conversions/Data.swift
        /Users/rogerlin/Library/Developer/Xcode/DerivedData/FinancialCalculatorKit-ackorybalcxbfocbkqsfdzcfkgmn/SourcePackages/checkouts/swift-parsing/Sources/Parsing/Conversions/Enum.swift
        /Users/rogerlin/Library/Developer/Xcode/DerivedData/FinancialCalculatorKit-ackorybalcxbfocbkqsfdzcfkgmn/SourcePackages/checkouts/swift-parsing/Sources/Parsing/Conversions/FixedWidthInteger.swift
        /Users/rogerlin/Library/Developer/Xcode/DerivedData/FinancialCalculatorKit-ackorybalcxbfocbkqsfdzcfkgmn/SourcePackages/checkouts/swift-parsing/Sources/Parsing/Conversions/Identity.swift
        /Users/rogerlin/Library/Developer/Xcode/DerivedData/FinancialCalculatorKit-ackorybalcxbfocbkqsfdzcfkgmn/SourcePackages/checkouts/swift-parsing/Sources/Parsing/Conversions/JSON.swift
        /Users/rogerlin/Library/Developer/Xcode/DerivedData/FinancialCalculatorKit-ackorybalcxbfocbkqsfdzcfkgmn/SourcePackages/checkouts/swift-parsing/Sources/Parsing/Conversions/LosslessStringConvertible.swift
        /Users/rogerlin/Library/Developer/Xcode/DerivedData/FinancialCalculatorKit-ackorybalcxbfocbkqsfdzcfkgmn/SourcePackages/checkouts/swift-parsing/Sources/Parsing/Conversions/Memberwise.swift
        /Users/rogerlin/Library/Developer/Xcode/DerivedData/FinancialCalculatorKit-ackorybalcxbfocbkqsfdzcfkgmn/SourcePackages/checkouts/swift-parsing/Sources/Parsing/Conversions/ParseableFormatStyleConversion.swift
        /Users/rogerlin/Library/Developer/Xcode/DerivedData/FinancialCalculatorKit-ackorybalcxbfocbkqsfdzcfkgmn/SourcePackages/checkouts/swift-parsing/Sources/Parsing/Conversions/RawRepresentable.swift
        /Users/rogerlin/Library/Developer/Xcode/DerivedData/FinancialCalculatorKit-ackorybalcxbfocbkqsfdzcfkgmn/SourcePackages/checkouts/swift-parsing/Sources/Parsing/Conversions/String.swift
        /Users/rogerlin/Library/Developer/Xcode/DerivedData/FinancialCalculatorKit-ackorybalcxbfocbkqsfdzcfkgmn/SourcePackages/checkouts/swift-parsing/Sources/Parsing/Conversions/Substring.swift
        /Users/rogerlin/Library/Developer/Xcode/DerivedData/FinancialCalculatorKit-ackorybalcxbfocbkqsfdzcfkgmn/SourcePackages/checkouts/swift-parsing/Sources/Parsing/Conversions/UTF8View.swift
        /Users/rogerlin/Library/Developer/Xcode/DerivedData/FinancialCalculatorKit-ackorybalcxbfocbkqsfdzcfkgmn/SourcePackages/checkouts/swift-parsing/Sources/Parsing/ConvertingError.swift
        /Users/rogerlin/Library/Developer/Xcode/DerivedData/FinancialCalculatorKit-ackorybalcxbfocbkqsfdzcfkgmn/SourcePackages/checkouts/swift-parsing/Sources/Parsing/CountingRange.swift
        /Users/rogerlin/Library/Developer/Xcode/DerivedData/FinancialCalculatorKit-ackorybalcxbfocbkqsfdzcfkgmn/SourcePackages/checkouts/swift-parsing/Sources/Parsing/EmptyInitializable.swift
        /Users/rogerlin/Library/Developer/Xcode/DerivedData/FinancialCalculatorKit-ackorybalcxbfocbkqsfdzcfkgmn/SourcePackages/checkouts/swift-parsing/Sources/Parsing/Internal/AnyEquatable.swift
        /Users/rogerlin/Library/Developer/Xcode/DerivedData/FinancialCalculatorKit-ackorybalcxbfocbkqsfdzcfkgmn/SourcePackages/checkouts/swift-parsing/Sources/Parsing/Internal/Deprecations.swift
        /Users/rogerlin/Library/Developer/Xcode/DerivedData/FinancialCalculatorKit-ackorybalcxbfocbkqsfdzcfkgmn/SourcePackages/checkouts/swift-parsing/Sources/Parsing/Parser.swift
        /Users/rogerlin/Library/Developer/Xcode/DerivedData/FinancialCalculatorKit-ackorybalcxbfocbkqsfdzcfkgmn/SourcePackages/checkouts/swift-parsing/Sources/Parsing/ParserPrinter.swift
        /Users/rogerlin/Library/Developer/Xcode/DerivedData/FinancialCalculatorKit-ackorybalcxbfocbkqsfdzcfkgmn/SourcePackages/checkouts/swift-parsing/Sources/Parsing/ParserPrinters/Always.swift
        /Users/rogerlin/Library/Developer/Xcode/DerivedData/FinancialCalculatorKit-ackorybalcxbfocbkqsfdzcfkgmn/SourcePackages/checkouts/swift-parsing/Sources/Parsing/ParserPrinters/AnyParserPrinter.swift
        /Users/rogerlin/Library/Developer/Xcode/DerivedData/FinancialCalculatorKit-ackorybalcxbfocbkqsfdzcfkgmn/SourcePackages/checkouts/swift-parsing/Sources/Parsing/ParserPrinters/Backtracking.swift
        /Users/rogerlin/Library/Developer/Xcode/DerivedData/FinancialCalculatorKit-ackorybalcxbfocbkqsfdzcfkgmn/SourcePackages/checkouts/swift-parsing/Sources/Parsing/ParserPrinters/Bool.swift
        /Users/rogerlin/Library/Developer/Xcode/DerivedData/FinancialCalculatorKit-ackorybalcxbfocbkqsfdzcfkgmn/SourcePackages/checkouts/swift-parsing/Sources/Parsing/ParserPrinters/CaseIterableRawRepresentable.swift
        /Users/rogerlin/Library/Developer/Xcode/DerivedData/FinancialCalculatorKit-ackorybalcxbfocbkqsfdzcfkgmn/SourcePackages/checkouts/swift-parsing/Sources/Parsing/ParserPrinters/CharacterSet.swift
        /Users/rogerlin/Library/Developer/Xcode/DerivedData/FinancialCalculatorKit-ackorybalcxbfocbkqsfdzcfkgmn/SourcePackages/checkouts/swift-parsing/Sources/Parsing/ParserPrinters/Conditional.swift
        /Users/rogerlin/Library/Developer/Xcode/DerivedData/FinancialCalculatorKit-ackorybalcxbfocbkqsfdzcfkgmn/SourcePackages/checkouts/swift-parsing/Sources/Parsing/ParserPrinters/Consumed.swift
        /Users/rogerlin/Library/Developer/Xcode/DerivedData/FinancialCalculatorKit-ackorybalcxbfocbkqsfdzcfkgmn/SourcePackages/checkouts/swift-parsing/Sources/Parsing/ParserPrinters/Digits.swift
        /Users/rogerlin/Library/Developer/Xcode/DerivedData/FinancialCalculatorKit-ackorybalcxbfocbkqsfdzcfkgmn/SourcePackages/checkouts/swift-parsing/Sources/Parsing/ParserPrinters/End.swift
        /Users/rogerlin/Library/Developer/Xcode/DerivedData/FinancialCalculatorKit-ackorybalcxbfocbkqsfdzcfkgmn/SourcePackages/checkouts/swift-parsing/Sources/Parsing/ParserPrinters/Fail.swift
        /Users/rogerlin/Library/Developer/Xcode/DerivedData/FinancialCalculatorKit-ackorybalcxbfocbkqsfdzcfkgmn/SourcePackages/checkouts/swift-parsing/Sources/Parsing/ParserPrinters/Filter.swift
        /Users/rogerlin/Library/Developer/Xcode/DerivedData/FinancialCalculatorKit-ackorybalcxbfocbkqsfdzcfkgmn/SourcePackages/checkouts/swift-parsing/Sources/Parsing/ParserPrinters/First.swift
        /Users/rogerlin/Library/Developer/Xcode/DerivedData/FinancialCalculatorKit-ackorybalcxbfocbkqsfdzcfkgmn/SourcePackages/checkouts/swift-parsing/Sources/Parsing/ParserPrinters/Float.swift
        /Users/rogerlin/Library/Developer/Xcode/DerivedData/FinancialCalculatorKit-ackorybalcxbfocbkqsfdzcfkgmn/SourcePackages/checkouts/swift-parsing/Sources/Parsing/ParserPrinters/From.swift
        /Users/rogerlin/Library/Developer/Xcode/DerivedData/FinancialCalculatorKit-ackorybalcxbfocbkqsfdzcfkgmn/SourcePackages/checkouts/swift-parsing/Sources/Parsing/ParserPrinters/Int.swift
        /Users/rogerlin/Library/Developer/Xcode/DerivedData/FinancialCalculatorKit-ackorybalcxbfocbkqsfdzcfkgmn/SourcePackages/checkouts/swift-parsing/Sources/Parsing/ParserPrinters/Lazy.swift
        /Users/rogerlin/Library/Developer/Xcode/DerivedData/FinancialCalculatorKit-ackorybalcxbfocbkqsfdzcfkgmn/SourcePackages/checkouts/swift-parsing/Sources/Parsing/ParserPrinters/Literal.swift
        /Users/rogerlin/Library/Developer/Xcode/DerivedData/FinancialCalculatorKit-ackorybalcxbfocbkqsfdzcfkgmn/SourcePackages/checkouts/swift-parsing/Sources/Parsing/ParserPrinters/Many.swift
        /Users/rogerlin/Library/Developer/Xcode/DerivedData/FinancialCalculatorKit-ackorybalcxbfocbkqsfdzcfkgmn/SourcePackages/checkouts/swift-parsing/Sources/Parsing/ParserPrinters/Map.swift
        /Users/rogerlin/Library/Developer/Xcode/DerivedData/FinancialCalculatorKit-ackorybalcxbfocbkqsfdzcfkgmn/SourcePackages/checkouts/swift-parsing/Sources/Parsing/ParserPrinters/Newline.swift
        /Users/rogerlin/Library/Developer/Xcode/DerivedData/FinancialCalculatorKit-ackorybalcxbfocbkqsfdzcfkgmn/SourcePackages/checkouts/swift-parsing/Sources/Parsing/ParserPrinters/Not.swift
        /Users/rogerlin/Library/Developer/Xcode/DerivedData/FinancialCalculatorKit-ackorybalcxbfocbkqsfdzcfkgmn/SourcePackages/checkouts/swift-parsing/Sources/Parsing/ParserPrinters/OneOf.swift
        /Users/rogerlin/Library/Developer/Xcode/DerivedData/FinancialCalculatorKit-ackorybalcxbfocbkqsfdzcfkgmn/SourcePackages/checkouts/swift-parsing/Sources/Parsing/ParserPrinters/OneOfMany.swift
        /Users/rogerlin/Library/Developer/Xcode/DerivedData/FinancialCalculatorKit-ackorybalcxbfocbkqsfdzcfkgmn/SourcePackages/checkouts/swift-parsing/Sources/Parsing/ParserPrinters/Optional.swift
        /Users/rogerlin/Library/Developer/Xcode/DerivedData/FinancialCalculatorKit-ackorybalcxbfocbkqsfdzcfkgmn/SourcePackages/checkouts/swift-parsing/Sources/Parsing/ParserPrinters/Optionally.swift
        /Users/rogerlin/Library/Developer/Xcode/DerivedData/FinancialCalculatorKit-ackorybalcxbfocbkqsfdzcfkgmn/SourcePackages/checkouts/swift-parsing/Sources/Parsing/ParserPrinters/Parse.swift
        /Users/rogerlin/Library/Developer/Xcode/DerivedData/FinancialCalculatorKit-ackorybalcxbfocbkqsfdzcfkgmn/SourcePackages/checkouts/swift-parsing/Sources/Parsing/ParserPrinters/ParseableFormatStyle.swift
        /Users/rogerlin/Library/Developer/Xcode/DerivedData/FinancialCalculatorKit-ackorybalcxbfocbkqsfdzcfkgmn/SourcePackages/checkouts/swift-parsing/Sources/Parsing/ParserPrinters/Peek.swift
        /Users/rogerlin/Library/Developer/Xcode/DerivedData/FinancialCalculatorKit-ackorybalcxbfocbkqsfdzcfkgmn/SourcePackages/checkouts/swift-parsing/Sources/Parsing/ParserPrinters/Pipe.swift
        /Users/rogerlin/Library/Developer/Xcode/DerivedData/FinancialCalculatorKit-ackorybalcxbfocbkqsfdzcfkgmn/SourcePackages/checkouts/swift-parsing/Sources/Parsing/ParserPrinters/Prefix.swift
        /Users/rogerlin/Library/Developer/Xcode/DerivedData/FinancialCalculatorKit-ackorybalcxbfocbkqsfdzcfkgmn/SourcePackages/checkouts/swift-parsing/Sources/Parsing/ParserPrinters/PrefixThrough.swift
        /Users/rogerlin/Library/Developer/Xcode/DerivedData/FinancialCalculatorKit-ackorybalcxbfocbkqsfdzcfkgmn/SourcePackages/checkouts/swift-parsing/Sources/Parsing/ParserPrinters/PrefixUpTo.swift
        /Users/rogerlin/Library/Developer/Xcode/DerivedData/FinancialCalculatorKit-ackorybalcxbfocbkqsfdzcfkgmn/SourcePackages/checkouts/swift-parsing/Sources/Parsing/ParserPrinters/Printing.swift
        /Users/rogerlin/Library/Developer/Xcode/DerivedData/FinancialCalculatorKit-ackorybalcxbfocbkqsfdzcfkgmn/SourcePackages/checkouts/swift-parsing/Sources/Parsing/ParserPrinters/Pullback.swift
        /Users/rogerlin/Library/Developer/Xcode/DerivedData/FinancialCalculatorKit-ackorybalcxbfocbkqsfdzcfkgmn/SourcePackages/checkouts/swift-parsing/Sources/Parsing/ParserPrinters/ReplaceError.swift
        /Users/rogerlin/Library/Developer/Xcode/DerivedData/FinancialCalculatorKit-ackorybalcxbfocbkqsfdzcfkgmn/SourcePackages/checkouts/swift-parsing/Sources/Parsing/ParserPrinters/Rest.swift
        /Users/rogerlin/Library/Developer/Xcode/DerivedData/FinancialCalculatorKit-ackorybalcxbfocbkqsfdzcfkgmn/SourcePackages/checkouts/swift-parsing/Sources/Parsing/ParserPrinters/Skip.swift
        /Users/rogerlin/Library/Developer/Xcode/DerivedData/FinancialCalculatorKit-ackorybalcxbfocbkqsfdzcfkgmn/SourcePackages/checkouts/swift-parsing/Sources/Parsing/ParserPrinters/StartsWith.swift
        /Users/rogerlin/Library/Developer/Xcode/DerivedData/FinancialCalculatorKit-ackorybalcxbfocbkqsfdzcfkgmn/SourcePackages/checkouts/swift-parsing/Sources/Parsing/ParserPrinters/UUID.swift
        /Users/rogerlin/Library/Developer/Xcode/DerivedData/FinancialCalculatorKit-ackorybalcxbfocbkqsfdzcfkgmn/SourcePackages/checkouts/swift-parsing/Sources/Parsing/ParserPrinters/Whitespace.swift
        /Users/rogerlin/Library/Developer/Xcode/DerivedData/FinancialCalculatorKit-ackorybalcxbfocbkqsfdzcfkgmn/SourcePackages/checkouts/swift-parsing/Sources/Parsing/Parsers/AnyParser.swift
        /Users/rogerlin/Library/Developer/Xcode/DerivedData/FinancialCalculatorKit-ackorybalcxbfocbkqsfdzcfkgmn/SourcePackages/checkouts/swift-parsing/Sources/Parsing/Parsers/CompactMap.swift
        /Users/rogerlin/Library/Developer/Xcode/DerivedData/FinancialCalculatorKit-ackorybalcxbfocbkqsfdzcfkgmn/SourcePackages/checkouts/swift-parsing/Sources/Parsing/Parsers/FlatMap.swift
        /Users/rogerlin/Library/Developer/Xcode/DerivedData/FinancialCalculatorKit-ackorybalcxbfocbkqsfdzcfkgmn/SourcePackages/checkouts/swift-parsing/Sources/Parsing/Parsers/Parsers.swift
        /Users/rogerlin/Library/Developer/Xcode/DerivedData/FinancialCalculatorKit-ackorybalcxbfocbkqsfdzcfkgmn/SourcePackages/checkouts/swift-parsing/Sources/Parsing/Parsers/Stream.swift
        /Users/rogerlin/Library/Developer/Xcode/DerivedData/FinancialCalculatorKit-ackorybalcxbfocbkqsfdzcfkgmn/SourcePackages/checkouts/swift-parsing/Sources/Parsing/ParsingError.swift
        /Users/rogerlin/Library/Developer/Xcode/DerivedData/FinancialCalculatorKit-ackorybalcxbfocbkqsfdzcfkgmn/SourcePackages/checkouts/swift-parsing/Sources/Parsing/PrependableCollection.swift
        /Users/rogerlin/Library/Developer/Xcode/DerivedData/FinancialCalculatorKit-ackorybalcxbfocbkqsfdzcfkgmn/SourcePackages/checkouts/swift-parsing/Sources/Parsing/PrintingError.swift
        /Users/rogerlin/Library/Developer/Xcode/DerivedData/FinancialCalculatorKit-ackorybalcxbfocbkqsfdzcfkgmn/Build/Products/Debug/CasePathsMacros
        /Users/rogerlin/Library/Developer/Xcode/DerivedData/FinancialCalculatorKit-ackorybalcxbfocbkqsfdzcfkgmn/Build/Intermediates.noindex/swift-parsing.build/Debug/Parsing.build/Objects-normal/arm64/Parsing.SwiftFileList
        /Users/rogerlin/Library/Developer/Xcode/DerivedData/FinancialCalculatorKit-ackorybalcxbfocbkqsfdzcfkgmn/Build/Intermediates.noindex/swift-parsing.build/Debug/Parsing.build/Objects-normal/arm64/Parsing-OutputFileMap.json
        /Users/rogerlin/Library/Developer/Xcode/DerivedData/FinancialCalculatorKit-ackorybalcxbfocbkqsfdzcfkgmn/Build/Intermediates.noindex/swift-parsing.build/Debug/Parsing.build/Objects-normal/arm64/Parsing_const_extract_protocols.json
        /Users/rogerlin/Library/Developer/Xcode/DerivedData/FinancialCalculatorKit-ackorybalcxbfocbkqsfdzcfkgmn/Build/Intermediates.noindex/GeneratedModuleMaps/Parsing.modulemap
        <ClangStatCache /Users/rogerlin/Library/Developer/Xcode/DerivedData/SDKStatCaches.noindex/macosx26.1-25B74-3ae1261907bdadc328169391a47051a6.sdkstatcache>
        <target-Parsing-PACKAGE-TARGET:Parsing-SDKROOT:macosx:SDK_VARIANT:macos-generated-headers>
        <target-Parsing-PACKAGE-TARGET:Parsing-SDKROOT:macosx:SDK_VARIANT:macos-copy-headers-completion>
        <target-Parsing-PACKAGE-TARGET:Parsing-SDKROOT:macosx:SDK_VARIANT:macos-ModuleVerifierTaskProducer>
        <target-Parsing-PACKAGE-TARGET:Parsing-SDKROOT:macosx:SDK_VARIANT:macos-begin-compiling>
        <WorkspaceHeaderMapVFSFilesWritten>

    Task output dependencies:
        /Users/rogerlin/Library/Developer/Xcode/DerivedData/FinancialCalculatorKit-ackorybalcxbfocbkqsfdzcfkgmn/Build/Intermediates.noindex/swift-parsing.build/Debug/Parsing.build/Objects-normal/arm64/Parsing Swift Compilation Finished
        /Users/rogerlin/Library/Developer/Xcode/DerivedData/FinancialCalculatorKit-ackorybalcxbfocbkqsfdzcfkgmn/Build/Intermediates.noindex/swift-parsing.build/Debug/Parsing.build/Objects-normal/arm64/OneOfBuilder.o
        /Users/rogerlin/Library/Developer/Xcode/DerivedData/FinancialCalculatorKit-ackorybalcxbfocbkqsfdzcfkgmn/Build/Intermediates.noindex/swift-parsing.build/Debug/Parsing.build/Objects-normal/arm64/ParserBuilder.o
        /Users/rogerlin/Library/Developer/Xcode/DerivedData/FinancialCalculatorKit-ackorybalcxbfocbkqsfdzcfkgmn/Build/Intermediates.noindex/swift-parsing.build/Debug/Parsing.build/Objects-normal/arm64/Conversion.o
        /Users/rogerlin/Library/Developer/Xcode/DerivedData/FinancialCalculatorKit-ackorybalcxbfocbkqsfdzcfkgmn/Build/Intermediates.noindex/swift-parsing.build/Debug/Parsing.build/Objects-normal/arm64/AnyConversion.o
        /Users/rogerlin/Library/Developer/Xcode/DerivedData/FinancialCalculatorKit-ackorybalcxbfocbkqsfdzcfkgmn/Build/Intermediates.noindex/swift-parsing.build/Debug/Parsing.build/Objects-normal/arm64/BinaryFloatingPoint.o
        /Users/rogerlin/Library/Developer/Xcode/DerivedData/FinancialCalculatorKit-ackorybalcxbfocbkqsfdzcfkgmn/Build/Intermediates.noindex/swift-parsing.build/Debug/Parsing.build/Objects-normal/arm64/ConversionMap.o
        /Users/rogerlin/Library/Developer/Xcode/DerivedData/FinancialCalculatorKit-ackorybalcxbfocbkqsfdzcfkgmn/Build/Intermediates.noindex/swift-parsing.build/Debug/Parsing.build/Objects-normal/arm64/Conversions.o
        /Users/rogerlin/Library/Developer/Xcode/DerivedData/FinancialCalculatorKit-ackorybalcxbfocbkqsfdzcfkgmn/Build/Intermediates.noindex/swift-parsing.build/Debug/Parsing.build/Objects-normal/arm64/Data.o
        /Users/rogerlin/Library/Developer/Xcode/DerivedData/FinancialCalculatorKit-ackorybalcxbfocbkqsfdzcfkgmn/Build/Intermediates.noindex/swift-parsing.build/Debug/Parsing.build/Objects-normal/arm64/Enum.o
        /Users/rogerlin/Library/Developer/Xcode/DerivedData/FinancialCalculatorKit-ackorybalcxbfocbkqsfdzcfkgmn/Build/Intermediates.noindex/swift-parsing.build/Debug/Parsing.build/Objects-normal/arm64/FixedWidthInteger.o
        /Users/rogerlin/Library/Developer/Xcode/DerivedData/FinancialCalculatorKit-ackorybalcxbfocbkqsfdzcfkgmn/Build/Intermediates.noindex/swift-parsing.build/Debug/Parsing.build/Objects-normal/arm64/Identity.o
        /Users/rogerlin/Library/Developer/Xcode/DerivedData/FinancialCalculatorKit-ackorybalcxbfocbkqsfdzcfkgmn/Build/Intermediates.noindex/swift-parsing.build/Debug/Parsing.build/Objects-normal/arm64/JSON.o
        /Users/rogerlin/Library/Developer/Xcode/DerivedData/FinancialCalculatorKit-ackorybalcxbfocbkqsfdzcfkgmn/Build/Intermediates.noindex/swift-parsing.build/Debug/Parsing.build/Objects-normal/arm64/LosslessStringConvertible.o
        /Users/rogerlin/Library/Developer/Xcode/DerivedData/FinancialCalculatorKit-ackorybalcxbfocbkqsfdzcfkgmn/Build/Intermediates.noindex/swift-parsing.build/Debug/Parsing.build/Objects-normal/arm64/Memberwise.o
        /Users/rogerlin/Library/Developer/Xcode/DerivedData/FinancialCalculatorKit-ackorybalcxbfocbkqsfdzcfkgmn/Build/Intermediates.noindex/swift-parsing.build/Debug/Parsing.build/Objects-normal/arm64/ParseableFormatStyleConversion.o
        /Users/rogerlin/Library/Developer/Xcode/DerivedData/FinancialCalculatorKit-ackorybalcxbfocbkqsfdzcfkgmn/Build/Intermediates.noindex/swift-parsing.build/Debug/Parsing.build/Objects-normal/arm64/RawRepresentable.o
        /Users/rogerlin/Library/Developer/Xcode/DerivedData/FinancialCalculatorKit-ackorybalcxbfocbkqsfdzcfkgmn/Build/Intermediates.noindex/swift-parsing.build/Debug/Parsing.build/Objects-normal/arm64/String.o
        /Users/rogerlin/Library/Developer/Xcode/DerivedData/FinancialCalculatorKit-ackorybalcxbfocbkqsfdzcfkgmn/Build/Intermediates.noindex/swift-parsing.build/Debug/Parsing.build/Objects-normal/arm64/Substring.o
        /Users/rogerlin/Library/Developer/Xcode/DerivedData/FinancialCalculatorKit-ackorybalcxbfocbkqsfdzcfkgmn/Build/Intermediates.noindex/swift-parsing.build/Debug/Parsing.build/Objects-normal/arm64/UTF8View.o
        /Users/rogerlin/Library/Developer/Xcode/DerivedData/FinancialCalculatorKit-ackorybalcxbfocbkqsfdzcfkgmn/Build/Intermediates.noindex/swift-parsing.build/Debug/Parsing.build/Objects-normal/arm64/ConvertingError.o
        /Users/rogerlin/Library/Developer/Xcode/DerivedData/FinancialCalculatorKit-ackorybalcxbfocbkqsfdzcfkgmn/Build/Intermediates.noindex/swift-parsing.build/Debug/Parsing.build/Objects-normal/arm64/CountingRange.o
        /Users/rogerlin/Library/Developer/Xcode/DerivedData/FinancialCalculatorKit-ackorybalcxbfocbkqsfdzcfkgmn/Build/Intermediates.noindex/swift-parsing.build/Debug/Parsing.build/Objects-normal/arm64/EmptyInitializable.o
        /Users/rogerlin/Library/Developer/Xcode/DerivedData/FinancialCalculatorKit-ackorybalcxbfocbkqsfdzcfkgmn/Build/Intermediates.noindex/swift-parsing.build/Debug/Parsing.build/Objects-normal/arm64/AnyEquatable.o
        /Users/rogerlin/Library/Developer/Xcode/DerivedData/FinancialCalculatorKit-ackorybalcxbfocbkqsfdzcfkgmn/Build/Intermediates.noindex/swift-parsing.build/Debug/Parsing.build/Objects-normal/arm64/Deprecations.o
        /Users/rogerlin/Library/Developer/Xcode/DerivedData/FinancialCalculatorKit-ackorybalcxbfocbkqsfdzcfkgmn/Build/Intermediates.noindex/swift-parsing.build/Debug/Parsing.build/Objects-normal/arm64/Parser.o
        /Users/rogerlin/Library/Developer/Xcode/DerivedData/FinancialCalculatorKit-ackorybalcxbfocbkqsfdzcfkgmn/Build/Intermediates.noindex/swift-parsing.build/Debug/Parsing.build/Objects-normal/arm64/ParserPrinter.o
        /Users/rogerlin/Library/Developer/Xcode/DerivedData/FinancialCalculatorKit-ackorybalcxbfocbkqsfdzcfkgmn/Build/Intermediates.noindex/swift-parsing.build/Debug/Parsing.build/Objects-normal/arm64/Always.o
        /Users/rogerlin/Library/Developer/Xcode/DerivedData/FinancialCalculatorKit-ackorybalcxbfocbkqsfdzcfkgmn/Build/Intermediates.noindex/swift-parsing.build/Debug/Parsing.build/Objects-normal/arm64/AnyParserPrinter.o
        /Users/rogerlin/Library/Developer/Xcode/DerivedData/FinancialCalculatorKit-ackorybalcxbfocbkqsfdzcfkgmn/Build/Intermediates.noindex/swift-parsing.build/Debug/Parsing.build/Objects-normal/arm64/Backtracking.o
        /Users/rogerlin/Library/Developer/Xcode/DerivedData/FinancialCalculatorKit-ackorybalcxbfocbkqsfdzcfkgmn/Build/Intermediates.noindex/swift-parsing.build/Debug/Parsing.build/Objects-normal/arm64/Bool.o
        /Users/rogerlin/Library/Developer/Xcode/DerivedData/FinancialCalculatorKit-ackorybalcxbfocbkqsfdzcfkgmn/Build/Intermediates.noindex/swift-parsing.build/Debug/Parsing.build/Objects-normal/arm64/CaseIterableRawRepresentable.o
        /Users/rogerlin/Library/Developer/Xcode/DerivedData/FinancialCalculatorKit-ackorybalcxbfocbkqsfdzcfkgmn/Build/Intermediates.noindex/swift-parsing.build/Debug/Parsing.build/Objects-normal/arm64/CharacterSet.o
        /Users/rogerlin/Library/Developer/Xcode/DerivedData/FinancialCalculatorKit-ackorybalcxbfocbkqsfdzcfkgmn/Build/Intermediates.noindex/swift-parsing.build/Debug/Parsing.build/Objects-normal/arm64/Conditional.o
        /Users/rogerlin/Library/Developer/Xcode/DerivedData/FinancialCalculatorKit-ackorybalcxbfocbkqsfdzcfkgmn/Build/Intermediates.noindex/swift-parsing.build/Debug/Parsing.build/Objects-normal/arm64/Consumed.o
        /Users/rogerlin/Library/Developer/Xcode/DerivedData/FinancialCalculatorKit-ackorybalcxbfocbkqsfdzcfkgmn/Build/Intermediates.noindex/swift-parsing.build/Debug/Parsing.build/Objects-normal/arm64/Digits.o
        /Users/rogerlin/Library/Developer/Xcode/DerivedData/FinancialCalculatorKit-ackorybalcxbfocbkqsfdzcfkgmn/Build/Intermediates.noindex/swift-parsing.build/Debug/Parsing.build/Objects-normal/arm64/End.o
        /Users/rogerlin/Library/Developer/Xcode/DerivedData/FinancialCalculatorKit-ackorybalcxbfocbkqsfdzcfkgmn/Build/Intermediates.noindex/swift-parsing.build/Debug/Parsing.build/Objects-normal/arm64/Fail.o
        /Users/rogerlin/Library/Developer/Xcode/DerivedData/FinancialCalculatorKit-ackorybalcxbfocbkqsfdzcfkgmn/Build/Intermediates.noindex/swift-parsing.build/Debug/Parsing.build/Objects-normal/arm64/Filter.o
        /Users/rogerlin/Library/Developer/Xcode/DerivedData/FinancialCalculatorKit-ackorybalcxbfocbkqsfdzcfkgmn/Build/Intermediates.noindex/swift-parsing.build/Debug/Parsing.build/Objects-normal/arm64/First.o
        /Users/rogerlin/Library/Developer/Xcode/DerivedData/FinancialCalculatorKit-ackorybalcxbfocbkqsfdzcfkgmn/Build/Intermediates.noindex/swift-parsing.build/Debug/Parsing.build/Objects-normal/arm64/Float.o
        /Users/rogerlin/Library/Developer/Xcode/DerivedData/FinancialCalculatorKit-ackorybalcxbfocbkqsfdzcfkgmn/Build/Intermediates.noindex/swift-parsing.build/Debug/Parsing.build/Objects-normal/arm64/From.o
        /Users/rogerlin/Library/Developer/Xcode/DerivedData/FinancialCalculatorKit-ackorybalcxbfocbkqsfdzcfkgmn/Build/Intermediates.noindex/swift-parsing.build/Debug/Parsing.build/Objects-normal/arm64/Int.o
        /Users/rogerlin/Library/Developer/Xcode/DerivedData/FinancialCalculatorKit-ackorybalcxbfocbkqsfdzcfkgmn/Build/Intermediates.noindex/swift-parsing.build/Debug/Parsing.build/Objects-normal/arm64/Lazy.o
        /Users/rogerlin/Library/Developer/Xcode/DerivedData/FinancialCalculatorKit-ackorybalcxbfocbkqsfdzcfkgmn/Build/Intermediates.noindex/swift-parsing.build/Debug/Parsing.build/Objects-normal/arm64/Literal.o
        /Users/rogerlin/Library/Developer/Xcode/DerivedData/FinancialCalculatorKit-ackorybalcxbfocbkqsfdzcfkgmn/Build/Intermediates.noindex/swift-parsing.build/Debug/Parsing.build/Objects-normal/arm64/Many.o
        /Users/rogerlin/Library/Developer/Xcode/DerivedData/FinancialCalculatorKit-ackorybalcxbfocbkqsfdzcfkgmn/Build/Intermediates.noindex/swift-parsing.build/Debug/Parsing.build/Objects-normal/arm64/Map.o
        /Users/rogerlin/Library/Developer/Xcode/DerivedData/FinancialCalculatorKit-ackorybalcxbfocbkqsfdzcfkgmn/Build/Intermediates.noindex/swift-parsing.build/Debug/Parsing.build/Objects-normal/arm64/Newline.o
        /Users/rogerlin/Library/Developer/Xcode/DerivedData/FinancialCalculatorKit-ackorybalcxbfocbkqsfdzcfkgmn/Build/Intermediates.noindex/swift-parsing.build/Debug/Parsing.build/Objects-normal/arm64/Not.o
        /Users/rogerlin/Library/Developer/Xcode/DerivedData/FinancialCalculatorKit-ackorybalcxbfocbkqsfdzcfkgmn/Build/Intermediates.noindex/swift-parsing.build/Debug/Parsing.build/Objects-normal/arm64/OneOf.o
        /Users/rogerlin/Library/Developer/Xcode/DerivedData/FinancialCalculatorKit-ackorybalcxbfocbkqsfdzcfkgmn/Build/Intermediates.noindex/swift-parsing.build/Debug/Parsing.build/Objects-normal/arm64/OneOfMany.o
        /Users/rogerlin/Library/Developer/Xcode/DerivedData/FinancialCalculatorKit-ackorybalcxbfocbkqsfdzcfkgmn/Build/Intermediates.noindex/swift-parsing.build/Debug/Parsing.build/Objects-normal/arm64/Optional.o
        /Users/rogerlin/Library/Developer/Xcode/DerivedData/FinancialCalculatorKit-ackorybalcxbfocbkqsfdzcfkgmn/Build/Intermediates.noindex/swift-parsing.build/Debug/Parsing.build/Objects-normal/arm64/Optionally.o
        /Users/rogerlin/Library/Developer/Xcode/DerivedData/FinancialCalculatorKit-ackorybalcxbfocbkqsfdzcfkgmn/Build/Intermediates.noindex/swift-parsing.build/Debug/Parsing.build/Objects-normal/arm64/Parse.o
        /Users/rogerlin/Library/Developer/Xcode/DerivedData/FinancialCalculatorKit-ackorybalcxbfocbkqsfdzcfkgmn/Build/Intermediates.noindex/swift-parsing.build/Debug/Parsing.build/Objects-normal/arm64/ParseableFormatStyle.o
        /Users/rogerlin/Library/Developer/Xcode/DerivedData/FinancialCalculatorKit-ackorybalcxbfocbkqsfdzcfkgmn/Build/Intermediates.noindex/swift-parsing.build/Debug/Parsing.build/Objects-normal/arm64/Peek.o
        /Users/rogerlin/Library/Developer/Xcode/DerivedData/FinancialCalculatorKit-ackorybalcxbfocbkqsfdzcfkgmn/Build/Intermediates.noindex/swift-parsing.build/Debug/Parsing.build/Objects-normal/arm64/Pipe.o
        /Users/rogerlin/Library/Developer/Xcode/DerivedData/FinancialCalculatorKit-ackorybalcxbfocbkqsfdzcfkgmn/Build/Intermediates.noindex/swift-parsing.build/Debug/Parsing.build/Objects-normal/arm64/Prefix.o
        /Users/rogerlin/Library/Developer/Xcode/DerivedData/FinancialCalculatorKit-ackorybalcxbfocbkqsfdzcfkgmn/Build/Intermediates.noindex/swift-parsing.build/Debug/Parsing.build/Objects-normal/arm64/PrefixThrough.o
        /Users/rogerlin/Library/Developer/Xcode/DerivedData/FinancialCalculatorKit-ackorybalcxbfocbkqsfdzcfkgmn/Build/Intermediates.noindex/swift-parsing.build/Debug/Parsing.build/Objects-normal/arm64/PrefixUpTo.o
        /Users/rogerlin/Library/Developer/Xcode/DerivedData/FinancialCalculatorKit-ackorybalcxbfocbkqsfdzcfkgmn/Build/Intermediates.noindex/swift-parsing.build/Debug/Parsing.build/Objects-normal/arm64/Printing.o
        /Users/rogerlin/Library/Developer/Xcode/DerivedData/FinancialCalculatorKit-ackorybalcxbfocbkqsfdzcfkgmn/Build/Intermediates.noindex/swift-parsing.build/Debug/Parsing.build/Objects-normal/arm64/Pullback.o
        /Users/rogerlin/Library/Developer/Xcode/DerivedData/FinancialCalculatorKit-ackorybalcxbfocbkqsfdzcfkgmn/Build/Intermediates.noindex/swift-parsing.build/Debug/Parsing.build/Objects-normal/arm64/ReplaceError.o
        /Users/rogerlin/Library/Developer/Xcode/DerivedData/FinancialCalculatorKit-ackorybalcxbfocbkqsfdzcfkgmn/Build/Intermediates.noindex/swift-parsing.build/Debug/Parsing.build/Objects-normal/arm64/Rest.o
        /Users/rogerlin/Library/Developer/Xcode/DerivedData/FinancialCalculatorKit-ackorybalcxbfocbkqsfdzcfkgmn/Build/Intermediates.noindex/swift-parsing.build/Debug/Parsing.build/Objects-normal/arm64/Skip.o
        /Users/rogerlin/Library/Developer/Xcode/DerivedData/FinancialCalculatorKit-ackorybalcxbfocbkqsfdzcfkgmn/Build/Intermediates.noindex/swift-parsing.build/Debug/Parsing.build/Objects-normal/arm64/StartsWith.o
        /Users/rogerlin/Library/Developer/Xcode/DerivedData/FinancialCalculatorKit-ackorybalcxbfocbkqsfdzcfkgmn/Build/Intermediates.noindex/swift-parsing.build/Debug/Parsing.build/Objects-normal/arm64/UUID.o
        /Users/rogerlin/Library/Developer/Xcode/DerivedData/FinancialCalculatorKit-ackorybalcxbfocbkqsfdzcfkgmn/Build/Intermediates.noindex/swift-parsing.build/Debug/Parsing.build/Objects-normal/arm64/Whitespace.o
        /Users/rogerlin/Library/Developer/Xcode/DerivedData/FinancialCalculatorKit-ackorybalcxbfocbkqsfdzcfkgmn/Build/Intermediates.noindex/swift-parsing.build/Debug/Parsing.build/Objects-normal/arm64/AnyParser.o
        /Users/rogerlin/Library/Developer/Xcode/DerivedData/FinancialCalculatorKit-ackorybalcxbfocbkqsfdzcfkgmn/Build/Intermediates.noindex/swift-parsing.build/Debug/Parsing.build/Objects-normal/arm64/CompactMap.o
        /Users/rogerlin/Library/Developer/Xcode/DerivedData/FinancialCalculatorKit-ackorybalcxbfocbkqsfdzcfkgmn/Build/Intermediates.noindex/swift-parsing.build/Debug/Parsing.build/Objects-normal/arm64/FlatMap.o
        /Users/rogerlin/Library/Developer/Xcode/DerivedData/FinancialCalculatorKit-ackorybalcxbfocbkqsfdzcfkgmn/Build/Intermediates.noindex/swift-parsing.build/Debug/Parsing.build/Objects-normal/arm64/Parsers.o
        /Users/rogerlin/Library/Developer/Xcode/DerivedData/FinancialCalculatorKit-ackorybalcxbfocbkqsfdzcfkgmn/Build/Intermediates.noindex/swift-parsing.build/Debug/Parsing.build/Objects-normal/arm64/Stream.o
        /Users/rogerlin/Library/Developer/Xcode/DerivedData/FinancialCalculatorKit-ackorybalcxbfocbkqsfdzcfkgmn/Build/Intermediates.noindex/swift-parsing.build/Debug/Parsing.build/Objects-normal/arm64/ParsingError.o
        /Users/rogerlin/Library/Developer/Xcode/DerivedData/FinancialCalculatorKit-ackorybalcxbfocbkqsfdzcfkgmn/Build/Intermediates.noindex/swift-parsing.build/Debug/Parsing.build/Objects-normal/arm64/PrependableCollection.o
        /Users/rogerlin/Library/Developer/Xcode/DerivedData/FinancialCalculatorKit-ackorybalcxbfocbkqsfdzcfkgmn/Build/Intermediates.noindex/swift-parsing.build/Debug/Parsing.build/Objects-normal/arm64/PrintingError.o
        /Users/rogerlin/Library/Developer/Xcode/DerivedData/FinancialCalculatorKit-ackorybalcxbfocbkqsfdzcfkgmn/Build/Intermediates.noindex/swift-parsing.build/Debug/Parsing.build/Objects-normal/arm64/OneOfBuilder.swiftconstvalues
        /Users/rogerlin/Library/Developer/Xcode/DerivedData/FinancialCalculatorKit-ackorybalcxbfocbkqsfdzcfkgmn/Build/Intermediates.noindex/swift-parsing.build/Debug/Parsing.build/Objects-normal/arm64/ParserBuilder.swiftconstvalues
        /Users/rogerlin/Library/Developer/Xcode/DerivedData/FinancialCalculatorKit-ackorybalcxbfocbkqsfdzcfkgmn/Build/Intermediates.noindex/swift-parsing.build/Debug/Parsing.build/Objects-normal/arm64/Conversion.swiftconstvalues
        /Users/rogerlin/Library/Developer/Xcode/DerivedData/FinancialCalculatorKit-ackorybalcxbfocbkqsfdzcfkgmn/Build/Intermediates.noindex/swift-parsing.build/Debug/Parsing.build/Objects-normal/arm64/AnyConversion.swiftconstvalues
        /Users/rogerlin/Library/Developer/Xcode/DerivedData/FinancialCalculatorKit-ackorybalcxbfocbkqsfdzcfkgmn/Build/Intermediates.noindex/swift-parsing.build/Debug/Parsing.build/Objects-normal/arm64/BinaryFloatingPoint.swiftconstvalues
        /Users/rogerlin/Library/Developer/Xcode/DerivedData/FinancialCalculatorKit-ackorybalcxbfocbkqsfdzcfkgmn/Build/Intermediates.noindex/swift-parsing.build/Debug/Parsing.build/Objects-normal/arm64/ConversionMap.swiftconstvalues
        /Users/rogerlin/Library/Developer/Xcode/DerivedData/FinancialCalculatorKit-ackorybalcxbfocbkqsfdzcfkgmn/Build/Intermediates.noindex/swift-parsing.build/Debug/Parsing.build/Objects-normal/arm64/Conversions.swiftconstvalues
        /Users/rogerlin/Library/Developer/Xcode/DerivedData/FinancialCalculatorKit-ackorybalcxbfocbkqsfdzcfkgmn/Build/Intermediates.noindex/swift-parsing.build/Debug/Parsing.build/Objects-normal/arm64/Data.swiftconstvalues
        /Users/rogerlin/Library/Developer/Xcode/DerivedData/FinancialCalculatorKit-ackorybalcxbfocbkqsfdzcfkgmn/Build/Intermediates.noindex/swift-parsing.build/Debug/Parsing.build/Objects-normal/arm64/Enum.swiftconstvalues
        /Users/rogerlin/Library/Developer/Xcode/DerivedData/FinancialCalculatorKit-ackorybalcxbfocbkqsfdzcfkgmn/Build/Intermediates.noindex/swift-parsing.build/Debug/Parsing.build/Objects-normal/arm64/FixedWidthInteger.swiftconstvalues
        /Users/rogerlin/Library/Developer/Xcode/DerivedData/FinancialCalculatorKit-ackorybalcxbfocbkqsfdzcfkgmn/Build/Intermediates.noindex/swift-parsing.build/Debug/Parsing.build/Objects-normal/arm64/Identity.swiftconstvalues
        /Users/rogerlin/Library/Developer/Xcode/DerivedData/FinancialCalculatorKit-ackorybalcxbfocbkqsfdzcfkgmn/Build/Intermediates.noindex/swift-parsing.build/Debug/Parsing.build/Objects-normal/arm64/JSON.swiftconstvalues
        /Users/rogerlin/Library/Developer/Xcode/DerivedData/FinancialCalculatorKit-ackorybalcxbfocbkqsfdzcfkgmn/Build/Intermediates.noindex/swift-parsing.build/Debug/Parsing.build/Objects-normal/arm64/LosslessStringConvertible.swiftconstvalues
        /Users/rogerlin/Library/Developer/Xcode/DerivedData/FinancialCalculatorKit-ackorybalcxbfocbkqsfdzcfkgmn/Build/Intermediates.noindex/swift-parsing.build/Debug/Parsing.build/Objects-normal/arm64/Memberwise.swiftconstvalues
        /Users/rogerlin/Library/Developer/Xcode/DerivedData/FinancialCalculatorKit-ackorybalcxbfocbkqsfdzcfkgmn/Build/Intermediates.noindex/swift-parsing.build/Debug/Parsing.build/Objects-normal/arm64/ParseableFormatStyleConversion.swiftconstvalues
        /Users/rogerlin/Library/Developer/Xcode/DerivedData/FinancialCalculatorKit-ackorybalcxbfocbkqsfdzcfkgmn/Build/Intermediates.noindex/swift-parsing.build/Debug/Parsing.build/Objects-normal/arm64/RawRepresentable.swiftconstvalues
        /Users/rogerlin/Library/Developer/Xcode/DerivedData/FinancialCalculatorKit-ackorybalcxbfocbkqsfdzcfkgmn/Build/Intermediates.noindex/swift-parsing.build/Debug/Parsing.build/Objects-normal/arm64/String.swiftconstvalues
        /Users/rogerlin/Library/Developer/Xcode/DerivedData/FinancialCalculatorKit-ackorybalcxbfocbkqsfdzcfkgmn/Build/Intermediates.noindex/swift-parsing.build/Debug/Parsing.build/Objects-normal/arm64/Substring.swiftconstvalues
        /Users/rogerlin/Library/Developer/Xcode/DerivedData/FinancialCalculatorKit-ackorybalcxbfocbkqsfdzcfkgmn/Build/Intermediates.noindex/swift-parsing.build/Debug/Parsing.build/Objects-normal/arm64/UTF8View.swiftconstvalues
        /Users/rogerlin/Library/Developer/Xcode/DerivedData/FinancialCalculatorKit-ackorybalcxbfocbkqsfdzcfkgmn/Build/Intermediates.noindex/swift-parsing.build/Debug/Parsing.build/Objects-normal/arm64/ConvertingError.swiftconstvalues
        /Users/rogerlin/Library/Developer/Xcode/DerivedData/FinancialCalculatorKit-ackorybalcxbfocbkqsfdzcfkgmn/Build/Intermediates.noindex/swift-parsing.build/Debug/Parsing.build/Objects-normal/arm64/CountingRange.swiftconstvalues
        /Users/rogerlin/Library/Developer/Xcode/DerivedData/FinancialCalculatorKit-ackorybalcxbfocbkqsfdzcfkgmn/Build/Intermediates.noindex/swift-parsing.build/Debug/Parsing.build/Objects-normal/arm64/EmptyInitializable.swiftconstvalues
        /Users/rogerlin/Library/Developer/Xcode/DerivedData/FinancialCalculatorKit-ackorybalcxbfocbkqsfdzcfkgmn/Build/Intermediates.noindex/swift-parsing.build/Debug/Parsing.build/Objects-normal/arm64/AnyEquatable.swiftconstvalues
        /Users/rogerlin/Library/Developer/Xcode/DerivedData/FinancialCalculatorKit-ackorybalcxbfocbkqsfdzcfkgmn/Build/Intermediates.noindex/swift-parsing.build/Debug/Parsing.build/Objects-normal/arm64/Deprecations.swiftconstvalues
        /Users/rogerlin/Library/Developer/Xcode/DerivedData/FinancialCalculatorKit-ackorybalcxbfocbkqsfdzcfkgmn/Build/Intermediates.noindex/swift-parsing.build/Debug/Parsing.build/Objects-normal/arm64/Parser.swiftconstvalues
        /Users/rogerlin/Library/Developer/Xcode/DerivedData/FinancialCalculatorKit-ackorybalcxbfocbkqsfdzcfkgmn/Build/Intermediates.noindex/swift-parsing.build/Debug/Parsing.build/Objects-normal/arm64/ParserPrinter.swiftconstvalues
        /Users/rogerlin/Library/Developer/Xcode/DerivedData/FinancialCalculatorKit-ackorybalcxbfocbkqsfdzcfkgmn/Build/Intermediates.noindex/swift-parsing.build/Debug/Parsing.build/Objects-normal/arm64/Always.swiftconstvalues
        /Users/rogerlin/Library/Developer/Xcode/DerivedData/FinancialCalculatorKit-ackorybalcxbfocbkqsfdzcfkgmn/Build/Intermediates.noindex/swift-parsing.build/Debug/Parsing.build/Objects-normal/arm64/AnyParserPrinter.swiftconstvalues
        /Users/rogerlin/Library/Developer/Xcode/DerivedData/FinancialCalculatorKit-ackorybalcxbfocbkqsfdzcfkgmn/Build/Intermediates.noindex/swift-parsing.build/Debug/Parsing.build/Objects-normal/arm64/Backtracking.swiftconstvalues
        /Users/rogerlin/Library/Developer/Xcode/DerivedData/FinancialCalculatorKit-ackorybalcxbfocbkqsfdzcfkgmn/Build/Intermediates.noindex/swift-parsing.build/Debug/Parsing.build/Objects-normal/arm64/Bool.swiftconstvalues
        /Users/rogerlin/Library/Developer/Xcode/DerivedData/FinancialCalculatorKit-ackorybalcxbfocbkqsfdzcfkgmn/Build/Intermediates.noindex/swift-parsing.build/Debug/Parsing.build/Objects-normal/arm64/CaseIterableRawRepresentable.swiftconstvalues
        /Users/rogerlin/Library/Developer/Xcode/DerivedData/FinancialCalculatorKit-ackorybalcxbfocbkqsfdzcfkgmn/Build/Intermediates.noindex/swift-parsing.build/Debug/Parsing.build/Objects-normal/arm64/CharacterSet.swiftconstvalues
        /Users/rogerlin/Library/Developer/Xcode/DerivedData/FinancialCalculatorKit-ackorybalcxbfocbkqsfdzcfkgmn/Build/Intermediates.noindex/swift-parsing.build/Debug/Parsing.build/Objects-normal/arm64/Conditional.swiftconstvalues
        /Users/rogerlin/Library/Developer/Xcode/DerivedData/FinancialCalculatorKit-ackorybalcxbfocbkqsfdzcfkgmn/Build/Intermediates.noindex/swift-parsing.build/Debug/Parsing.build/Objects-normal/arm64/Consumed.swiftconstvalues
        /Users/rogerlin/Library/Developer/Xcode/DerivedData/FinancialCalculatorKit-ackorybalcxbfocbkqsfdzcfkgmn/Build/Intermediates.noindex/swift-parsing.build/Debug/Parsing.build/Objects-normal/arm64/Digits.swiftconstvalues
        /Users/rogerlin/Library/Developer/Xcode/DerivedData/FinancialCalculatorKit-ackorybalcxbfocbkqsfdzcfkgmn/Build/Intermediates.noindex/swift-parsing.build/Debug/Parsing.build/Objects-normal/arm64/End.swiftconstvalues
        /Users/rogerlin/Library/Developer/Xcode/DerivedData/FinancialCalculatorKit-ackorybalcxbfocbkqsfdzcfkgmn/Build/Intermediates.noindex/swift-parsing.build/Debug/Parsing.build/Objects-normal/arm64/Fail.swiftconstvalues
        /Users/rogerlin/Library/Developer/Xcode/DerivedData/FinancialCalculatorKit-ackorybalcxbfocbkqsfdzcfkgmn/Build/Intermediates.noindex/swift-parsing.build/Debug/Parsing.build/Objects-normal/arm64/Filter.swiftconstvalues
        /Users/rogerlin/Library/Developer/Xcode/DerivedData/FinancialCalculatorKit-ackorybalcxbfocbkqsfdzcfkgmn/Build/Intermediates.noindex/swift-parsing.build/Debug/Parsing.build/Objects-normal/arm64/First.swiftconstvalues
        /Users/rogerlin/Library/Developer/Xcode/DerivedData/FinancialCalculatorKit-ackorybalcxbfocbkqsfdzcfkgmn/Build/Intermediates.noindex/swift-parsing.build/Debug/Parsing.build/Objects-normal/arm64/Float.swiftconstvalues
        /Users/rogerlin/Library/Developer/Xcode/DerivedData/FinancialCalculatorKit-ackorybalcxbfocbkqsfdzcfkgmn/Build/Intermediates.noindex/swift-parsing.build/Debug/Parsing.build/Objects-normal/arm64/From.swiftconstvalues
        /Users/rogerlin/Library/Developer/Xcode/DerivedData/FinancialCalculatorKit-ackorybalcxbfocbkqsfdzcfkgmn/Build/Intermediates.noindex/swift-parsing.build/Debug/Parsing.build/Objects-normal/arm64/Int.swiftconstvalues
        /Users/rogerlin/Library/Developer/Xcode/DerivedData/FinancialCalculatorKit-ackorybalcxbfocbkqsfdzcfkgmn/Build/Intermediates.noindex/swift-parsing.build/Debug/Parsing.build/Objects-normal/arm64/Lazy.swiftconstvalues
        /Users/rogerlin/Library/Developer/Xcode/DerivedData/FinancialCalculatorKit-ackorybalcxbfocbkqsfdzcfkgmn/Build/Intermediates.noindex/swift-parsing.build/Debug/Parsing.build/Objects-normal/arm64/Literal.swiftconstvalues
        /Users/rogerlin/Library/Developer/Xcode/DerivedData/FinancialCalculatorKit-ackorybalcxbfocbkqsfdzcfkgmn/Build/Intermediates.noindex/swift-parsing.build/Debug/Parsing.build/Objects-normal/arm64/Many.swiftconstvalues
        /Users/rogerlin/Library/Developer/Xcode/DerivedData/FinancialCalculatorKit-ackorybalcxbfocbkqsfdzcfkgmn/Build/Intermediates.noindex/swift-parsing.build/Debug/Parsing.build/Objects-normal/arm64/Map.swiftconstvalues
        /Users/rogerlin/Library/Developer/Xcode/DerivedData/FinancialCalculatorKit-ackorybalcxbfocbkqsfdzcfkgmn/Build/Intermediates.noindex/swift-parsing.build/Debug/Parsing.build/Objects-normal/arm64/Newline.swiftconstvalues
        /Users/rogerlin/Library/Developer/Xcode/DerivedData/FinancialCalculatorKit-ackorybalcxbfocbkqsfdzcfkgmn/Build/Intermediates.noindex/swift-parsing.build/Debug/Parsing.build/Objects-normal/arm64/Not.swiftconstvalues
        /Users/rogerlin/Library/Developer/Xcode/DerivedData/FinancialCalculatorKit-ackorybalcxbfocbkqsfdzcfkgmn/Build/Intermediates.noindex/swift-parsing.build/Debug/Parsing.build/Objects-normal/arm64/OneOf.swiftconstvalues
        /Users/rogerlin/Library/Developer/Xcode/DerivedData/FinancialCalculatorKit-ackorybalcxbfocbkqsfdzcfkgmn/Build/Intermediates.noindex/swift-parsing.build/Debug/Parsing.build/Objects-normal/arm64/OneOfMany.swiftconstvalues
        /Users/rogerlin/Library/Developer/Xcode/DerivedData/FinancialCalculatorKit-ackorybalcxbfocbkqsfdzcfkgmn/Build/Intermediates.noindex/swift-parsing.build/Debug/Parsing.build/Objects-normal/arm64/Optional.swiftconstvalues
        /Users/rogerlin/Library/Developer/Xcode/DerivedData/FinancialCalculatorKit-ackorybalcxbfocbkqsfdzcfkgmn/Build/Intermediates.noindex/swift-parsing.build/Debug/Parsing.build/Objects-normal/arm64/Optionally.swiftconstvalues
        /Users/rogerlin/Library/Developer/Xcode/DerivedData/FinancialCalculatorKit-ackorybalcxbfocbkqsfdzcfkgmn/Build/Intermediates.noindex/swift-parsing.build/Debug/Parsing.build/Objects-normal/arm64/Parse.swiftconstvalues
        /Users/rogerlin/Library/Developer/Xcode/DerivedData/FinancialCalculatorKit-ackorybalcxbfocbkqsfdzcfkgmn/Build/Intermediates.noindex/swift-parsing.build/Debug/Parsing.build/Objects-normal/arm64/ParseableFormatStyle.swiftconstvalues
        /Users/rogerlin/Library/Developer/Xcode/DerivedData/FinancialCalculatorKit-ackorybalcxbfocbkqsfdzcfkgmn/Build/Intermediates.noindex/swift-parsing.build/Debug/Parsing.build/Objects-normal/arm64/Peek.swiftconstvalues
        /Users/rogerlin/Library/Developer/Xcode/DerivedData/FinancialCalculatorKit-ackorybalcxbfocbkqsfdzcfkgmn/Build/Intermediates.noindex/swift-parsing.build/Debug/Parsing.build/Objects-normal/arm64/Pipe.swiftconstvalues
        /Users/rogerlin/Library/Developer/Xcode/DerivedData/FinancialCalculatorKit-ackorybalcxbfocbkqsfdzcfkgmn/Build/Intermediates.noindex/swift-parsing.build/Debug/Parsing.build/Objects-normal/arm64/Prefix.swiftconstvalues
        /Users/rogerlin/Library/Developer/Xcode/DerivedData/FinancialCalculatorKit-ackorybalcxbfocbkqsfdzcfkgmn/Build/Intermediates.noindex/swift-parsing.build/Debug/Parsing.build/Objects-normal/arm64/PrefixThrough.swiftconstvalues
        /Users/rogerlin/Library/Developer/Xcode/DerivedData/FinancialCalculatorKit-ackorybalcxbfocbkqsfdzcfkgmn/Build/Intermediates.noindex/swift-parsing.build/Debug/Parsing.build/Objects-normal/arm64/PrefixUpTo.swiftconstvalues
        /Users/rogerlin/Library/Developer/Xcode/DerivedData/FinancialCalculatorKit-ackorybalcxbfocbkqsfdzcfkgmn/Build/Intermediates.noindex/swift-parsing.build/Debug/Parsing.build/Objects-normal/arm64/Printing.swiftconstvalues
        /Users/rogerlin/Library/Developer/Xcode/DerivedData/FinancialCalculatorKit-ackorybalcxbfocbkqsfdzcfkgmn/Build/Intermediates.noindex/swift-parsing.build/Debug/Parsing.build/Objects-normal/arm64/Pullback.swiftconstvalues
        /Users/rogerlin/Library/Developer/Xcode/DerivedData/FinancialCalculatorKit-ackorybalcxbfocbkqsfdzcfkgmn/Build/Intermediates.noindex/swift-parsing.build/Debug/Parsing.build/Objects-normal/arm64/ReplaceError.swiftconstvalues
        /Users/rogerlin/Library/Developer/Xcode/DerivedData/FinancialCalculatorKit-ackorybalcxbfocbkqsfdzcfkgmn/Build/Intermediates.noindex/swift-parsing.build/Debug/Parsing.build/Objects-normal/arm64/Rest.swiftconstvalues
        /Users/rogerlin/Library/Developer/Xcode/DerivedData/FinancialCalculatorKit-ackorybalcxbfocbkqsfdzcfkgmn/Build/Intermediates.noindex/swift-parsing.build/Debug/Parsing.build/Objects-normal/arm64/Skip.swiftconstvalues
        /Users/rogerlin/Library/Developer/Xcode/DerivedData/FinancialCalculatorKit-ackorybalcxbfocbkqsfdzcfkgmn/Build/Intermediates.noindex/swift-parsing.build/Debug/Parsing.build/Objects-normal/arm64/StartsWith.swiftconstvalues
        /Users/rogerlin/Library/Developer/Xcode/DerivedData/FinancialCalculatorKit-ackorybalcxbfocbkqsfdzcfkgmn/Build/Intermediates.noindex/swift-parsing.build/Debug/Parsing.build/Objects-normal/arm64/UUID.swiftconstvalues
        /Users/rogerlin/Library/Developer/Xcode/DerivedData/FinancialCalculatorKit-ackorybalcxbfocbkqsfdzcfkgmn/Build/Intermediates.noindex/swift-parsing.build/Debug/Parsing.build/Objects-normal/arm64/Whitespace.swiftconstvalues
        /Users/rogerlin/Library/Developer/Xcode/DerivedData/FinancialCalculatorKit-ackorybalcxbfocbkqsfdzcfkgmn/Build/Intermediates.noindex/swift-parsing.build/Debug/Parsing.build/Objects-normal/arm64/AnyParser.swiftconstvalues
        /Users/rogerlin/Library/Developer/Xcode/DerivedData/FinancialCalculatorKit-ackorybalcxbfocbkqsfdzcfkgmn/Build/Intermediates.noindex/swift-parsing.build/Debug/Parsing.build/Objects-normal/arm64/CompactMap.swiftconstvalues
        /Users/rogerlin/Library/Developer/Xcode/DerivedData/FinancialCalculatorKit-ackorybalcxbfocbkqsfdzcfkgmn/Build/Intermediates.noindex/swift-parsing.build/Debug/Parsing.build/Objects-normal/arm64/FlatMap.swiftconstvalues
        /Users/rogerlin/Library/Developer/Xcode/DerivedData/FinancialCalculatorKit-ackorybalcxbfocbkqsfdzcfkgmn/Build/Intermediates.noindex/swift-parsing.build/Debug/Parsing.build/Objects-normal/arm64/Parsers.swiftconstvalues
        /Users/rogerlin/Library/Developer/Xcode/DerivedData/FinancialCalculatorKit-ackorybalcxbfocbkqsfdzcfkgmn/Build/Intermediates.noindex/swift-parsing.build/Debug/Parsing.build/Objects-normal/arm64/Stream.swiftconstvalues
        /Users/rogerlin/Library/Developer/Xcode/DerivedData/FinancialCalculatorKit-ackorybalcxbfocbkqsfdzcfkgmn/Build/Intermediates.noindex/swift-parsing.build/Debug/Parsing.build/Objects-normal/arm64/ParsingError.swiftconstvalues
        /Users/rogerlin/Library/Developer/Xcode/DerivedData/FinancialCalculatorKit-ackorybalcxbfocbkqsfdzcfkgmn/Build/Intermediates.noindex/swift-parsing.build/Debug/Parsing.build/Objects-normal/arm64/PrependableCollection.swiftconstvalues
        /Users/rogerlin/Library/Developer/Xcode/DerivedData/FinancialCalculatorKit-ackorybalcxbfocbkqsfdzcfkgmn/Build/Intermediates.noindex/swift-parsing.build/Debug/Parsing.build/Objects-normal/arm64/PrintingError.swiftconstvalues
Discovered dependency nodes:
/Applications/Xcode.app/Contents/Developer/Platforms/MacOSX.platform/Developer/SDKs/MacOSX26.1.sdk/System/Library/Frameworks/CFNetwork.framework/Modules/module.modulemap
/Applications/Xcode.app/Contents/Developer/Platforms/MacOSX.platform/Developer/SDKs/MacOSX26.1.sdk/System/Library/Frameworks/CFNetwork.framework/Headers/CFNetwork.h
/Applications/Xcode.app/Contents/Developer/Platforms/MacOSX.platform/Developer/SDKs/MacOSX26.1.sdk/System/Library/Frameworks/CoreFoundation.framework/Modules/module.modulemap
/Applications/Xcode.app/Contents/Developer/Platforms/MacOSX.platform/Developer/SDKs/MacOSX26.1.sdk/System/Library/Frameworks/CFNetwork.framework/Headers/CFNetworkDefs.h
/Applications/Xcode.app/Contents/Developer/Platforms/MacOSX.platform/Developer/SDKs/MacOSX26.1.sdk/usr/include/Darwin.modulemap
/Applications/Xcode.app/Contents/Developer/Platforms/MacOSX.platform/Developer/SDKs/MacOSX26.1.sdk/System/Library/Frameworks/CFNetwork.framework/Headers/CFNetworkErrors.h
/Applications/Xcode.app/Contents/Developer/Platforms/MacOSX.platform/Developer/SDKs/MacOSX26.1.sdk/System/Library/Frameworks/CFNetwork.framework/Headers/CFSocketStream.h
/Applications/Xcode.app/Contents/Developer/Platforms/MacOSX.platform/Developer/SDKs/MacOSX26.1.sdk/System/Library/Frameworks/CFNetwork.framework/Headers/CFHost.h
/Applications/Xcode.app/Contents/Developer/Platforms/MacOSX.platform/Developer/SDKs/MacOSX26.1.sdk/System/Library/Frameworks/CFNetwork.framework/Headers/CFNetServices.h
/Applications/Xcode.app/Contents/Developer/Platforms/MacOSX.platform/Developer/SDKs/MacOSX26.1.sdk/System/Library/Frameworks/CFNetwork.framework/Headers/CFFTPStream.h
/Applications/Xcode.app/Contents/Developer/Platforms/MacOSX.platform/Developer/SDKs/MacOSX26.1.sdk/System/Library/Frameworks/CFNetwork.framework/Headers/CFHTTPMessage.h
/Applications/Xcode.app/Contents/Developer/Platforms/MacOSX.platform/Developer/SDKs/MacOSX26.1.sdk/System/Library/Frameworks/CFNetwork.framework/Headers/CFHTTPStream.h
/Applications/Xcode.app/Contents/Developer/Platforms/MacOSX.platform/Developer/SDKs/MacOSX26.1.sdk/System/Library/Frameworks/CFNetwork.framework/Headers/CFHTTPAuthentication.h
/Applications/Xcode.app/Contents/Developer/Platforms/MacOSX.platform/Developer/SDKs/MacOSX26.1.sdk/System/Library/Frameworks/CFNetwork.framework/Headers/CFNetDiagnostics.h
/Applications/Xcode.app/Contents/Developer/Toolchains/XcodeDefault.xctoolchain/usr/lib/swift/clang/include/module.modulemap
/Applications/Xcode.app/Contents/Developer/Platforms/MacOSX.platform/Developer/SDKs/MacOSX26.1.sdk/System/Library/Frameworks/CFNetwork.framework/Headers/CFProxySupport.h
/Applications/Xcode.app/Contents/Developer/Platforms/MacOSX.platform/Developer/SDKs/MacOSX26.1.sdk/SDKSettings.json
/Users/rogerlin/Library/Developer/Xcode/DerivedData/FinancialCalculatorKit-ackorybalcxbfocbkqsfdzcfkgmn/Build/Products/Debug/CasePaths.swiftmodule/arm64-apple-macos.swiftmodule
/Users/rogerlin/Library/Developer/Xcode/DerivedData/FinancialCalculatorKit-ackorybalcxbfocbkqsfdzcfkgmn/Build/Products/Debug/CasePathsCore.swiftmodule/arm64-apple-macos.swiftmodule
/Applications/Xcode.app/Contents/Developer/Toolchains/XcodeDefault.xctoolchain/usr/lib/swift/macosx/prebuilt-modules/26.1/Combine.swiftmodule/arm64e-apple-macos.swiftmodule
/Applications/Xcode.app/Contents/Developer/Toolchains/XcodeDefault.xctoolchain/usr/lib/swift/macosx/prebuilt-modules/26.1/CoreFoundation.swiftmodule/arm64e-apple-macos.swiftmodule
/Applications/Xcode.app/Contents/Developer/Platforms/MacOSX.platform/Developer/SDKs/MacOSX26.1.sdk/System/Library/Frameworks/CoreFoundation.framework/Modules/module.modulemap
/Applications/Xcode.app/Contents/Developer/Platforms/MacOSX.platform/Developer/SDKs/MacOSX26.1.sdk/System/Library/Frameworks/CoreFoundation.framework/Headers/CoreFoundation.h
/Applications/Xcode.app/Contents/Developer/Platforms/MacOSX.platform/Developer/SDKs/MacOSX26.1.sdk/usr/include/dispatch.modulemap
/Applications/Xcode.app/Contents/Developer/Platforms/MacOSX.platform/Developer/SDKs/MacOSX26.1.sdk/usr/include/Darwin.modulemap
/Applications/Xcode.app/Contents/Developer/Platforms/MacOSX.platform/Developer/SDKs/MacOSX26.1.sdk/usr/include/Darwin_C.modulemap
/Applications/Xcode.app/Contents/Developer/Platforms/MacOSX.platform/Developer/SDKs/MacOSX26.1.sdk/usr/include/Darwin_POSIX.modulemap
/Applications/Xcode.app/Contents/Developer/Platforms/MacOSX.platform/Developer/SDKs/MacOSX26.1.sdk/usr/include/net.modulemap
/Applications/Xcode.app/Contents/Developer/Platforms/MacOSX.platform/Developer/SDKs/MacOSX26.1.sdk/usr/include/netinet.modulemap
/Applications/Xcode.app/Contents/Developer/Platforms/MacOSX.platform/Developer/SDKs/MacOSX26.1.sdk/usr/include/bank.modulemap
/Applications/Xcode.app/Contents/Developer/Platforms/MacOSX.platform/Developer/SDKs/MacOSX26.1.sdk/usr/include/Darwin_Mach.modulemap
/Applications/Xcode.app/Contents/Developer/Platforms/MacOSX.platform/Developer/SDKs/MacOSX26.1.sdk/usr/include/Darwin_Mach_machine.modulemap
/Applications/Xcode.app/Contents/Developer/Platforms/MacOSX.platform/Developer/SDKs/MacOSX26.1.sdk/usr/include/mach_debug.modulemap
/Applications/Xcode.app/Contents/Developer/Platforms/MacOSX.platform/Developer/SDKs/MacOSX26.1.sdk/usr/include/device.modulemap
/Applications/Xcode.app/Contents/Developer/Platforms/MacOSX.platform/Developer/SDKs/MacOSX26.1.sdk/usr/include/Darwin_machine.modulemap
/Applications/Xcode.app/Contents/Developer/Platforms/MacOSX.platform/Developer/SDKs/MacOSX26.1.sdk/usr/include/ncurses.modulemap
/Applications/Xcode.app/Contents/Developer/Platforms/MacOSX.platform/Developer/SDKs/MacOSX26.1.sdk/usr/include/netinet6.modulemap
/Applications/Xcode.app/Contents/Developer/Platforms/MacOSX.platform/Developer/SDKs/MacOSX26.1.sdk/usr/include/Darwin_sys.modulemap
/Applications/Xcode.app/Contents/Developer/Platforms/MacOSX.platform/Developer/SDKs/MacOSX26.1.sdk/usr/include/uuid.modulemap
/Applications/Xcode.app/Contents/Developer/Platforms/MacOSX.platform/Developer/SDKs/MacOSX26.1.sdk/usr/include/DarwinFoundation2.modulemap
/Applications/Xcode.app/Contents/Developer/Platforms/MacOSX.platform/Developer/SDKs/MacOSX26.1.sdk/usr/include/DarwinFoundation3.modulemap
/Applications/Xcode.app/Contents/Developer/Platforms/MacOSX.platform/Developer/SDKs/MacOSX26.1.sdk/usr/include/DarwinFoundation1.modulemap
/Applications/Xcode.app/Contents/Developer/Toolchains/XcodeDefault.xctoolchain/usr/lib/swift/clang/include/module.modulemap
/Applications/Xcode.app/Contents/Developer/Toolchains/XcodeDefault.xctoolchain/usr/lib/swift/clang/include/stdarg.h
/Applications/Xcode.app/Contents/Developer/Platforms/MacOSX.platform/Developer/SDKs/MacOSX26.1.sdk/usr/include/assert.h
/Applications/Xcode.app/Contents/Developer/Platforms/MacOSX.platform/Developer/SDKs/MacOSX26.1.sdk/usr/include/ctype.h
/Applications/Xcode.app/Contents/Developer/Toolchains/XcodeDefault.xctoolchain/usr/lib/swift/clang/include/stddef.h
/Applications/Xcode.app/Contents/Developer/Platforms/MacOSX.platform/Developer/SDKs/MacOSX26.1.sdk/usr/include/stdio.h
/Applications/Xcode.app/Contents/Developer/Platforms/MacOSX.platform/Developer/SDKs/MacOSX26.1.sdk/usr/include/stdlib.h
/Applications/Xcode.app/Contents/Developer/Platforms/MacOSX.platform/Developer/SDKs/MacOSX26.1.sdk/usr/include/string.h
/Applications/Xcode.app/Contents/Developer/Platforms/MacOSX.platform/Developer/SDKs/MacOSX26.1.sdk/usr/include/time.h
/Applications/Xcode.app/Contents/Developer/Platforms/MacOSX.platform/Developer/SDKs/MacOSX26.1.sdk/System/Library/Frameworks/CoreFoundation.framework/Headers/CFBase.h
/Applications/Xcode.app/Contents/Developer/Platforms/MacOSX.platform/Developer/SDKs/MacOSX26.1.sdk/System/Library/Frameworks/CoreFoundation.framework/Headers/CFAvailability.h
/Applications/Xcode.app/Contents/Developer/Platforms/MacOSX.platform/Developer/SDKs/MacOSX26.1.sdk/System/Library/Frameworks/CoreFoundation.framework/Headers/CFArray.h
/Applications/Xcode.app/Contents/Developer/Platforms/MacOSX.platform/Developer/SDKs/MacOSX26.1.sdk/System/Library/Frameworks/CoreFoundation.framework/Headers/CFBag.h
/Applications/Xcode.app/Contents/Developer/Platforms/MacOSX.platform/Developer/SDKs/MacOSX26.1.sdk/System/Library/Frameworks/CoreFoundation.framework/Headers/CFBinaryHeap.h
/Applications/Xcode.app/Contents/Developer/Platforms/MacOSX.platform/Developer/SDKs/MacOSX26.1.sdk/System/Library/Frameworks/CoreFoundation.framework/Headers/CFBitVector.h
/Applications/Xcode.app/Contents/Developer/Platforms/MacOSX.platform/Developer/SDKs/MacOSX26.1.sdk/System/Library/Frameworks/CoreFoundation.framework/Headers/CFByteOrder.h
/Applications/Xcode.app/Contents/Developer/Platforms/MacOSX.platform/Developer/SDKs/MacOSX26.1.sdk/System/Library/Frameworks/CoreFoundation.framework/Headers/CFCalendar.h
/Applications/Xcode.app/Contents/Developer/Platforms/MacOSX.platform/Developer/SDKs/MacOSX26.1.sdk/System/Library/Frameworks/CoreFoundation.framework/Headers/CFLocale.h
/Applications/Xcode.app/Contents/Developer/Platforms/MacOSX.platform/Developer/SDKs/MacOSX26.1.sdk/System/Library/Frameworks/CoreFoundation.framework/Headers/CFDictionary.h
/Applications/Xcode.app/Contents/Developer/Platforms/MacOSX.platform/Developer/SDKs/MacOSX26.1.sdk/System/Library/Frameworks/CoreFoundation.framework/Headers/CFNotificationCenter.h
/Applications/Xcode.app/Contents/Developer/Platforms/MacOSX.platform/Developer/SDKs/MacOSX26.1.sdk/System/Library/Frameworks/CoreFoundation.framework/Headers/CFDate.h
/Applications/Xcode.app/Contents/Developer/Platforms/MacOSX.platform/Developer/SDKs/MacOSX26.1.sdk/System/Library/Frameworks/CoreFoundation.framework/Headers/CFTimeZone.h
/Applications/Xcode.app/Contents/Developer/Platforms/MacOSX.platform/Developer/SDKs/MacOSX26.1.sdk/System/Library/Frameworks/CoreFoundation.framework/Headers/CFData.h
/Applications/Xcode.app/Contents/Developer/Platforms/MacOSX.platform/Developer/SDKs/MacOSX26.1.sdk/System/Library/Frameworks/CoreFoundation.framework/Headers/CFString.h
/Applications/Xcode.app/Contents/Developer/Platforms/MacOSX.platform/Developer/SDKs/MacOSX26.1.sdk/System/Library/Frameworks/CoreFoundation.framework/Headers/CFCharacterSet.h
/Applications/Xcode.app/Contents/Developer/Platforms/MacOSX.platform/Developer/SDKs/MacOSX26.1.sdk/System/Library/Frameworks/CoreFoundation.framework/Headers/CFError.h
/Applications/Xcode.app/Contents/Developer/Platforms/MacOSX.platform/Developer/SDKs/MacOSX26.1.sdk/System/Library/Frameworks/CoreFoundation.framework/Headers/CFCGTypes.h
/Applications/Xcode.app/Contents/Developer/Platforms/MacOSX.platform/Developer/SDKs/MacOSX26.1.sdk/System/Library/Frameworks/CoreFoundation.framework/Headers/CFDateFormatter.h
/Applications/Xcode.app/Contents/Developer/Platforms/MacOSX.platform/Developer/SDKs/MacOSX26.1.sdk/System/Library/Frameworks/CoreFoundation.framework/Headers/CFNumber.h
/Applications/Xcode.app/Contents/Developer/Platforms/MacOSX.platform/Developer/SDKs/MacOSX26.1.sdk/System/Library/Frameworks/CoreFoundation.framework/Headers/CFNumberFormatter.h
/Applications/Xcode.app/Contents/Developer/Platforms/MacOSX.platform/Developer/SDKs/MacOSX26.1.sdk/System/Library/Frameworks/CoreFoundation.framework/Headers/CFPreferences.h
/Applications/Xcode.app/Contents/Developer/Platforms/MacOSX.platform/Developer/SDKs/MacOSX26.1.sdk/System/Library/Frameworks/CoreFoundation.framework/Headers/CFPropertyList.h
/Applications/Xcode.app/Contents/Developer/Platforms/MacOSX.platform/Developer/SDKs/MacOSX26.1.sdk/System/Library/Frameworks/CoreFoundation.framework/Headers/CFStream.h
/Applications/Xcode.app/Contents/Developer/Platforms/MacOSX.platform/Developer/SDKs/MacOSX26.1.sdk/System/Library/Frameworks/CoreFoundation.framework/Headers/CFURL.h
/Applications/Xcode.app/Contents/Developer/Platforms/MacOSX.platform/Developer/SDKs/MacOSX26.1.sdk/System/Library/Frameworks/CoreFoundation.framework/Headers/CFRunLoop.h
/Applications/Xcode.app/Contents/Developer/Platforms/MacOSX.platform/Developer/SDKs/MacOSX26.1.sdk/System/Library/Frameworks/CoreFoundation.framework/Headers/CFSocket.h
/Applications/Xcode.app/Contents/Developer/Platforms/MacOSX.platform/Developer/SDKs/MacOSX26.1.sdk/System/Library/Frameworks/CoreFoundation.framework/Headers/CFSet.h
/Applications/Xcode.app/Contents/Developer/Platforms/MacOSX.platform/Developer/SDKs/MacOSX26.1.sdk/System/Library/Frameworks/CoreFoundation.framework/Headers/CFStringEncodingExt.h
/Applications/Xcode.app/Contents/Developer/Platforms/MacOSX.platform/Developer/SDKs/MacOSX26.1.sdk/System/Library/Frameworks/CoreFoundation.framework/Headers/CFTree.h
/Applications/Xcode.app/Contents/Developer/Platforms/MacOSX.platform/Developer/SDKs/MacOSX26.1.sdk/System/Library/Frameworks/CoreFoundation.framework/Headers/CFURLAccess.h
/Applications/Xcode.app/Contents/Developer/Platforms/MacOSX.platform/Developer/SDKs/MacOSX26.1.sdk/System/Library/Frameworks/CoreFoundation.framework/Headers/CFUUID.h
/Applications/Xcode.app/Contents/Developer/Platforms/MacOSX.platform/Developer/SDKs/MacOSX26.1.sdk/System/Library/Frameworks/CoreFoundation.framework/Headers/CFUtilities.h
/Applications/Xcode.app/Contents/Developer/Platforms/MacOSX.platform/Developer/SDKs/MacOSX26.1.sdk/System/Library/Frameworks/CoreFoundation.framework/Headers/CFBundle.h
/Applications/Xcode.app/Contents/Developer/Platforms/MacOSX.platform/Developer/SDKs/MacOSX26.1.sdk/System/Library/Frameworks/CoreFoundation.framework/Headers/CFMessagePort.h
/Applications/Xcode.app/Contents/Developer/Platforms/MacOSX.platform/Developer/SDKs/MacOSX26.1.sdk/System/Library/Frameworks/CoreFoundation.framework/Headers/CFPlugIn.h
/Applications/Xcode.app/Contents/Developer/Platforms/MacOSX.platform/Developer/SDKs/MacOSX26.1.sdk/System/Library/Frameworks/CoreFoundation.framework/Headers/CFMachPort.h
/Applications/Xcode.app/Contents/Developer/Platforms/MacOSX.platform/Developer/SDKs/MacOSX26.1.sdk/System/Library/Frameworks/CoreFoundation.framework/Headers/CFAttributedString.h
/Applications/Xcode.app/Contents/Developer/Platforms/MacOSX.platform/Developer/SDKs/MacOSX26.1.sdk/System/Library/Frameworks/CoreFoundation.framework/Headers/CFURLEnumerator.h
/Applications/Xcode.app/Contents/Developer/Platforms/MacOSX.platform/Developer/SDKs/MacOSX26.1.sdk/System/Library/Frameworks/CoreFoundation.framework/Headers/CFFileSecurity.h
/Applications/Xcode.app/Contents/Developer/Platforms/MacOSX.platform/Developer/SDKs/MacOSX26.1.sdk/System/Library/Frameworks/CoreFoundation.framework/Headers/CFStringTokenizer.h
/Applications/Xcode.app/Contents/Developer/Platforms/MacOSX.platform/Developer/SDKs/MacOSX26.1.sdk/System/Library/Frameworks/CoreFoundation.framework/Headers/CFFileDescriptor.h
/Applications/Xcode.app/Contents/Developer/Platforms/MacOSX.platform/Developer/SDKs/MacOSX26.1.sdk/System/Library/Frameworks/CoreFoundation.framework/Headers/CFUserNotification.h
/Applications/Xcode.app/Contents/Developer/Platforms/MacOSX.platform/Developer/SDKs/MacOSX26.1.sdk/System/Library/Frameworks/CoreFoundation.framework/Headers/CFXMLNode.h
/Applications/Xcode.app/Contents/Developer/Platforms/MacOSX.platform/Developer/SDKs/MacOSX26.1.sdk/System/Library/Frameworks/CoreFoundation.framework/Headers/CFXMLParser.h
/Applications/Xcode.app/Contents/Developer/Platforms/MacOSX.platform/Developer/SDKs/MacOSX26.1.sdk/System/Library/Frameworks/CoreFoundation.framework/Headers/CFPlugInCOM.h
/Applications/Xcode.app/Contents/Developer/Platforms/MacOSX.platform/Developer/SDKs/MacOSX26.1.sdk/SDKSettings.json
/Applications/Xcode.app/Contents/Developer/Platforms/MacOSX.platform/Developer/SDKs/MacOSX26.1.sdk/System/Library/Frameworks/CoreServices.framework/Modules/module.modulemap
/Applications/Xcode.app/Contents/Developer/Platforms/MacOSX.platform/Developer/SDKs/MacOSX26.1.sdk/System/Library/Frameworks/CoreServices.framework/Headers/CoreServices.h
/Applications/Xcode.app/Contents/Developer/Platforms/MacOSX.platform/Developer/SDKs/MacOSX26.1.sdk/System/Library/Frameworks/CoreFoundation.framework/Modules/module.modulemap
/Applications/Xcode.app/Contents/Developer/Platforms/MacOSX.platform/Developer/SDKs/MacOSX26.1.sdk/System/Library/Frameworks/CoreServices.framework/Frameworks/AE.framework/Headers/AE.h
/Applications/Xcode.app/Contents/Developer/Platforms/MacOSX.platform/Developer/SDKs/MacOSX26.1.sdk/System/Library/Frameworks/CoreServices.framework/Frameworks/CarbonCore.framework/Headers/CarbonCore.h
/Applications/Xcode.app/Contents/Developer/Platforms/MacOSX.platform/Developer/SDKs/MacOSX26.1.sdk/System/Library/Frameworks/CoreServices.framework/Frameworks/CarbonCore.framework/Headers/Finder.h
/Applications/Xcode.app/Contents/Developer/Platforms/MacOSX.platform/Developer/SDKs/MacOSX26.1.sdk/usr/include/dispatch.modulemap
/Applications/Xcode.app/Contents/Developer/Platforms/MacOSX.platform/Developer/SDKs/MacOSX26.1.sdk/usr/include/Darwin.modulemap
/Applications/Xcode.app/Contents/Developer/Platforms/MacOSX.platform/Developer/SDKs/MacOSX26.1.sdk/usr/include/DarwinFoundation2.modulemap
/Applications/Xcode.app/Contents/Developer/Platforms/MacOSX.platform/Developer/SDKs/MacOSX26.1.sdk/usr/include/DarwinFoundation1.modulemap
/Applications/Xcode.app/Contents/Developer/Platforms/MacOSX.platform/Developer/SDKs/MacOSX26.1.sdk/System/Library/Frameworks/CoreServices.framework/Frameworks/CarbonCore.framework/Headers/FixMath.h
/Applications/Xcode.app/Contents/Developer/Platforms/MacOSX.platform/Developer/SDKs/MacOSX26.1.sdk/System/Library/Frameworks/CoreServices.framework/Frameworks/CarbonCore.framework/Headers/Script.h
/Applications/Xcode.app/Contents/Developer/Platforms/MacOSX.platform/Developer/SDKs/MacOSX26.1.sdk/System/Library/Frameworks/CoreServices.framework/Frameworks/CarbonCore.framework/Headers/IntlResources.h
/Applications/Xcode.app/Contents/Developer/Platforms/MacOSX.platform/Developer/SDKs/MacOSX26.1.sdk/System/Library/Frameworks/CoreServices.framework/Frameworks/CarbonCore.framework/Headers/UTCUtils.h
/Applications/Xcode.app/Contents/Developer/Platforms/MacOSX.platform/Developer/SDKs/MacOSX26.1.sdk/System/Library/Frameworks/CoreServices.framework/Frameworks/CarbonCore.framework/Headers/MacErrors.h
/Applications/Xcode.app/Contents/Developer/Platforms/MacOSX.platform/Developer/SDKs/MacOSX26.1.sdk/System/Library/Frameworks/CoreServices.framework/Frameworks/CarbonCore.framework/Headers/TextCommon.h
/Applications/Xcode.app/Contents/Developer/Platforms/MacOSX.platform/Developer/SDKs/MacOSX26.1.sdk/System/Library/Frameworks/CoreServices.framework/Frameworks/CarbonCore.framework/Headers/Collections.h
/Applications/Xcode.app/Contents/Developer/Platforms/MacOSX.platform/Developer/SDKs/MacOSX26.1.sdk/System/Library/Frameworks/CoreServices.framework/Frameworks/CarbonCore.framework/Headers/MixedMode.h
/Applications/Xcode.app/Contents/Developer/Platforms/MacOSX.platform/Developer/SDKs/MacOSX26.1.sdk/System/Library/Frameworks/CoreServices.framework/Frameworks/CarbonCore.framework/Headers/Endian.h
/Applications/Xcode.app/Contents/Developer/Platforms/MacOSX.platform/Developer/SDKs/MacOSX26.1.sdk/System/Library/Frameworks/CoreServices.framework/Frameworks/CarbonCore.framework/Headers/Gestalt.h
/Applications/Xcode.app/Contents/Developer/Platforms/MacOSX.platform/Developer/SDKs/MacOSX26.1.sdk/System/Library/Frameworks/CoreServices.framework/Frameworks/CarbonCore.framework/Headers/MacMemory.h
/Applications/Xcode.app/Contents/Developer/Platforms/MacOSX.platform/Developer/SDKs/MacOSX26.1.sdk/System/Library/Frameworks/CoreServices.framework/Frameworks/CarbonCore.framework/Headers/Math64.h
/Applications/Xcode.app/Contents/Developer/Platforms/MacOSX.platform/Developer/SDKs/MacOSX26.1.sdk/System/Library/Frameworks/CoreServices.framework/Frameworks/CarbonCore.framework/Headers/BackupCore.h
/Applications/Xcode.app/Contents/Developer/Platforms/MacOSX.platform/Developer/SDKs/MacOSX26.1.sdk/System/Library/Frameworks/CoreServices.framework/Frameworks/CarbonCore.framework/Headers/DiskSpaceRecovery.h
/Applications/Xcode.app/Contents/Developer/Platforms/MacOSX.platform/Developer/SDKs/MacOSX26.1.sdk/System/Library/Frameworks/CoreServices.framework/Frameworks/CarbonCore.framework/Headers/Components.h
/Applications/Xcode.app/Contents/Developer/Platforms/MacOSX.platform/Developer/SDKs/MacOSX26.1.sdk/System/Library/Frameworks/CoreServices.framework/Frameworks/CarbonCore.framework/Headers/Files.h
/Applications/Xcode.app/Contents/Developer/Platforms/MacOSX.platform/Developer/SDKs/MacOSX26.1.sdk/System/Library/Frameworks/CoreServices.framework/Frameworks/CarbonCore.framework/Headers/OSUtils.h
/Applications/Xcode.app/Contents/Developer/Platforms/MacOSX.platform/Developer/SDKs/MacOSX26.1.sdk/System/Library/Frameworks/CoreServices.framework/Frameworks/CarbonCore.framework/Headers/DateTimeUtils.h
/Applications/Xcode.app/Contents/Developer/Platforms/MacOSX.platform/Developer/SDKs/MacOSX26.1.sdk/System/Library/Frameworks/DiskArbitration.framework/Modules/module.modulemap
/Applications/Xcode.app/Contents/Developer/Platforms/MacOSX.platform/Developer/SDKs/MacOSX26.1.sdk/System/Library/Frameworks/CoreServices.framework/Frameworks/CarbonCore.framework/Headers/Resources.h
/Applications/Xcode.app/Contents/Developer/Platforms/MacOSX.platform/Developer/SDKs/MacOSX26.1.sdk/System/Library/Frameworks/CoreServices.framework/Frameworks/CarbonCore.framework/Headers/CodeFragments.h
/Applications/Xcode.app/Contents/Developer/Platforms/MacOSX.platform/Developer/SDKs/MacOSX26.1.sdk/System/Library/Frameworks/CoreServices.framework/Frameworks/CarbonCore.framework/Headers/Multiprocessing.h
/Applications/Xcode.app/Contents/Developer/Platforms/MacOSX.platform/Developer/SDKs/MacOSX26.1.sdk/System/Library/Frameworks/CoreServices.framework/Frameworks/CarbonCore.framework/Headers/Aliases.h
/Applications/Xcode.app/Contents/Developer/Platforms/MacOSX.platform/Developer/SDKs/MacOSX26.1.sdk/System/Library/Frameworks/CoreServices.framework/Frameworks/CarbonCore.framework/Headers/MacLocales.h
/Applications/Xcode.app/Contents/Developer/Platforms/MacOSX.platform/Developer/SDKs/MacOSX26.1.sdk/System/Library/Frameworks/CoreServices.framework/Frameworks/CarbonCore.framework/Headers/Debugging.h
/Applications/Xcode.app/Contents/Developer/Platforms/MacOSX.platform/Developer/SDKs/MacOSX26.1.sdk/System/Library/Frameworks/CoreServices.framework/Frameworks/CarbonCore.framework/Headers/PLStringFuncs.h
/Applications/Xcode.app/Contents/Developer/Platforms/MacOSX.platform/Developer/SDKs/MacOSX26.1.sdk/System/Library/Frameworks/CoreServices.framework/Frameworks/CarbonCore.framework/Headers/DriverSynchronization.h
/Applications/Xcode.app/Contents/Developer/Platforms/MacOSX.platform/Developer/SDKs/MacOSX26.1.sdk/System/Library/Frameworks/CoreServices.framework/Frameworks/CarbonCore.framework/Headers/DriverServices.h
/Applications/Xcode.app/Contents/Developer/Platforms/MacOSX.platform/Developer/SDKs/MacOSX26.1.sdk/System/Library/Frameworks/CoreServices.framework/Frameworks/CarbonCore.framework/Headers/MachineExceptions.h
/Applications/Xcode.app/Contents/Developer/Platforms/MacOSX.platform/Developer/SDKs/MacOSX26.1.sdk/System/Library/Frameworks/CoreServices.framework/Frameworks/CarbonCore.framework/Headers/NumberFormatting.h
/Applications/Xcode.app/Contents/Developer/Platforms/MacOSX.platform/Developer/SDKs/MacOSX26.1.sdk/System/Library/Frameworks/CoreServices.framework/Frameworks/CarbonCore.framework/Headers/StringCompare.h
/Applications/Xcode.app/Contents/Developer/Platforms/MacOSX.platform/Developer/SDKs/MacOSX26.1.sdk/System/Library/Frameworks/CoreServices.framework/Frameworks/CarbonCore.framework/Headers/TextUtils.h
/Applications/Xcode.app/Contents/Developer/Platforms/MacOSX.platform/Developer/SDKs/MacOSX26.1.sdk/System/Library/Frameworks/CoreServices.framework/Frameworks/CarbonCore.framework/Headers/ToolUtils.h
/Applications/Xcode.app/Contents/Developer/Platforms/MacOSX.platform/Developer/SDKs/MacOSX26.1.sdk/System/Library/Frameworks/CoreServices.framework/Frameworks/CarbonCore.framework/Headers/UnicodeUtilities.h
/Applications/Xcode.app/Contents/Developer/Platforms/MacOSX.platform/Developer/SDKs/MacOSX26.1.sdk/System/Library/Frameworks/CoreServices.framework/Frameworks/CarbonCore.framework/Headers/fp.h
/Applications/Xcode.app/Contents/Developer/Platforms/MacOSX.platform/Developer/SDKs/MacOSX26.1.sdk/System/Library/Frameworks/CoreServices.framework/Frameworks/CarbonCore.framework/Headers/TextEncodingConverter.h
/Applications/Xcode.app/Contents/Developer/Platforms/MacOSX.platform/Developer/SDKs/MacOSX26.1.sdk/System/Library/Frameworks/CoreServices.framework/Frameworks/CarbonCore.framework/Headers/UnicodeConverter.h
/Applications/Xcode.app/Contents/Developer/Platforms/MacOSX.platform/Developer/SDKs/MacOSX26.1.sdk/System/Library/Frameworks/CoreServices.framework/Frameworks/CarbonCore.framework/Headers/Threads.h
/Applications/Xcode.app/Contents/Developer/Platforms/MacOSX.platform/Developer/SDKs/MacOSX26.1.sdk/System/Library/Frameworks/CoreServices.framework/Frameworks/CarbonCore.framework/Headers/Folders.h
/Applications/Xcode.app/Contents/Developer/Platforms/MacOSX.platform/Developer/SDKs/MacOSX26.1.sdk/System/Library/Frameworks/CoreServices.framework/Frameworks/CarbonCore.framework/Headers/Timer.h
/Applications/Xcode.app/Contents/Developer/Platforms/MacOSX.platform/Developer/SDKs/MacOSX26.1.sdk/System/Library/Frameworks/CoreServices.framework/Frameworks/CarbonCore.framework/Headers/MultiprocessingInfo.h
/Applications/Xcode.app/Contents/Developer/Platforms/MacOSX.platform/Developer/SDKs/MacOSX26.1.sdk/System/Library/Frameworks/CoreServices.framework/Frameworks/CarbonCore.framework/Headers/LowMem.h
/Applications/Xcode.app/Contents/Developer/Platforms/MacOSX.platform/Developer/SDKs/MacOSX26.1.sdk/System/Library/Frameworks/CoreServices.framework/Frameworks/CarbonCore.framework/Headers/AVLTree.h
/Applications/Xcode.app/Contents/Developer/Platforms/MacOSX.platform/Developer/SDKs/MacOSX26.1.sdk/System/Library/Frameworks/CoreServices.framework/Frameworks/CarbonCore.framework/Headers/PEFBinaryFormat.h
/Applications/Xcode.app/Contents/Developer/Platforms/MacOSX.platform/Developer/SDKs/MacOSX26.1.sdk/System/Library/Frameworks/CoreServices.framework/Frameworks/CarbonCore.framework/Headers/HFSVolumes.h
/Applications/Xcode.app/Contents/Developer/Platforms/MacOSX.platform/Developer/SDKs/MacOSX26.1.sdk/System/Library/Frameworks/CoreServices.framework/Frameworks/CarbonCore.framework/Headers/AIFF.h
/Applications/Xcode.app/Contents/Developer/Toolchains/XcodeDefault.xctoolchain/usr/lib/swift/clang/include/module.modulemap
/Applications/Xcode.app/Contents/Developer/Platforms/MacOSX.platform/Developer/SDKs/MacOSX26.1.sdk/System/Library/Frameworks/CoreServices.framework/Frameworks/CarbonCore.framework/Headers/TextEncodingPlugin.h
/Applications/Xcode.app/Contents/Developer/Platforms/MacOSX.platform/Developer/SDKs/MacOSX26.1.sdk/System/Library/Frameworks/CoreServices.framework/Frameworks/AE.framework/Headers/AEDataModel.h
/Applications/Xcode.app/Contents/Developer/Platforms/MacOSX.platform/Developer/SDKs/MacOSX26.1.sdk/System/Library/Frameworks/CoreServices.framework/Frameworks/AE.framework/Headers/AppleEvents.h
/Applications/Xcode.app/Contents/Developer/Platforms/MacOSX.platform/Developer/SDKs/MacOSX26.1.sdk/System/Library/Frameworks/CoreServices.framework/Frameworks/AE.framework/Headers/AEPackObject.h
/Applications/Xcode.app/Contents/Developer/Platforms/MacOSX.platform/Developer/SDKs/MacOSX26.1.sdk/System/Library/Frameworks/CoreServices.framework/Frameworks/AE.framework/Headers/AEObjects.h
/Applications/Xcode.app/Contents/Developer/Platforms/MacOSX.platform/Developer/SDKs/MacOSX26.1.sdk/System/Library/Frameworks/CoreServices.framework/Frameworks/AE.framework/Headers/AERegistry.h
/Applications/Xcode.app/Contents/Developer/Platforms/MacOSX.platform/Developer/SDKs/MacOSX26.1.sdk/System/Library/Frameworks/CoreServices.framework/Frameworks/AE.framework/Headers/AEUserTermTypes.h
/Applications/Xcode.app/Contents/Developer/Platforms/MacOSX.platform/Developer/SDKs/MacOSX26.1.sdk/System/Library/Frameworks/CoreServices.framework/Frameworks/AE.framework/Headers/AEHelpers.h
/Applications/Xcode.app/Contents/Developer/Toolchains/XcodeDefault.xctoolchain/usr/lib/swift/clang/include/stdarg.h
/Applications/Xcode.app/Contents/Developer/Platforms/MacOSX.platform/Developer/SDKs/MacOSX26.1.sdk/System/Library/Frameworks/CoreServices.framework/Frameworks/AE.framework/Headers/AEMach.h
/Applications/Xcode.app/Contents/Developer/Platforms/MacOSX.platform/Developer/SDKs/MacOSX26.1.sdk/System/Library/Frameworks/CFNetwork.framework/Modules/module.modulemap
/Applications/Xcode.app/Contents/Developer/Platforms/MacOSX.platform/Developer/SDKs/MacOSX26.1.sdk/System/Library/Frameworks/CoreServices.framework/Frameworks/DictionaryServices.framework/Headers/DictionaryServices.h
/Applications/Xcode.app/Contents/Developer/Platforms/MacOSX.platform/Developer/SDKs/MacOSX26.1.sdk/System/Library/Frameworks/CoreServices.framework/Frameworks/LaunchServices.framework/Headers/LaunchServices.h
/Applications/Xcode.app/Contents/Developer/Platforms/MacOSX.platform/Developer/SDKs/MacOSX26.1.sdk/System/Library/Frameworks/CoreServices.framework/Frameworks/LaunchServices.framework/Headers/IconsCore.h
/Applications/Xcode.app/Contents/Developer/Platforms/MacOSX.platform/Developer/SDKs/MacOSX26.1.sdk/System/Library/Frameworks/CoreServices.framework/Frameworks/OSServices.framework/Headers/OSServices.h
/Applications/Xcode.app/Contents/Developer/Platforms/MacOSX.platform/Developer/SDKs/MacOSX26.1.sdk/System/Library/Frameworks/CoreServices.framework/Frameworks/OSServices.framework/Headers/CSIdentity.h
/Applications/Xcode.app/Contents/Developer/Platforms/MacOSX.platform/Developer/SDKs/MacOSX26.1.sdk/System/Library/Frameworks/CoreServices.framework/Frameworks/OSServices.framework/Headers/CSIdentityBase.h
/Applications/Xcode.app/Contents/Developer/Platforms/MacOSX.platform/Developer/SDKs/MacOSX26.1.sdk/System/Library/Frameworks/Security.framework/Modules/module.modulemap
/Applications/Xcode.app/Contents/Developer/Platforms/MacOSX.platform/Developer/SDKs/MacOSX26.1.sdk/System/Library/Frameworks/CoreServices.framework/Frameworks/OSServices.framework/Headers/CSIdentityAuthority.h
/Applications/Xcode.app/Contents/Developer/Platforms/MacOSX.platform/Developer/SDKs/MacOSX26.1.sdk/System/Library/Frameworks/CoreServices.framework/Frameworks/OSServices.framework/Headers/CSIdentityQuery.h
/Applications/Xcode.app/Contents/Developer/Platforms/MacOSX.platform/Developer/SDKs/MacOSX26.1.sdk/System/Library/Frameworks/CoreServices.framework/Frameworks/OSServices.framework/Headers/IconStorage.h
/Applications/Xcode.app/Contents/Developer/Platforms/MacOSX.platform/Developer/SDKs/MacOSX26.1.sdk/System/Library/Frameworks/CoreServices.framework/Frameworks/OSServices.framework/Headers/Power.h
/Applications/Xcode.app/Contents/Developer/Platforms/MacOSX.platform/Developer/SDKs/MacOSX26.1.sdk/System/Library/Frameworks/CoreServices.framework/Frameworks/OSServices.framework/Headers/SecurityCore.h
/Applications/Xcode.app/Contents/Developer/Platforms/MacOSX.platform/Developer/SDKs/MacOSX26.1.sdk/System/Library/Frameworks/CoreServices.framework/Frameworks/OSServices.framework/Headers/KeychainCore.h
/Applications/Xcode.app/Contents/Developer/Platforms/MacOSX.platform/Developer/SDKs/MacOSX26.1.sdk/System/Library/Frameworks/CoreServices.framework/Frameworks/OSServices.framework/Headers/WSMethodInvocation.h
/Applications/Xcode.app/Contents/Developer/Platforms/MacOSX.platform/Developer/SDKs/MacOSX26.1.sdk/System/Library/Frameworks/CoreServices.framework/Frameworks/OSServices.framework/Headers/WSTypes.h
/Applications/Xcode.app/Contents/Developer/Platforms/MacOSX.platform/Developer/SDKs/MacOSX26.1.sdk/System/Library/Frameworks/CoreServices.framework/Frameworks/OSServices.framework/Headers/WSProtocolHandler.h
/Applications/Xcode.app/Contents/Developer/Platforms/MacOSX.platform/Developer/SDKs/MacOSX26.1.sdk/System/Library/Frameworks/CoreServices.framework/Frameworks/LaunchServices.framework/Headers/LSConstants.h
/Applications/Xcode.app/Contents/Developer/Platforms/MacOSX.platform/Developer/SDKs/MacOSX26.1.sdk/System/Library/Frameworks/CoreServices.framework/Frameworks/LaunchServices.framework/Headers/LSInfo.h
/Applications/Xcode.app/Contents/Developer/Platforms/MacOSX.platform/Developer/SDKs/MacOSX26.1.sdk/System/Library/Frameworks/CoreServices.framework/Frameworks/LaunchServices.framework/Headers/LSInfoDeprecated.h
/Applications/Xcode.app/Contents/Developer/Platforms/MacOSX.platform/Developer/SDKs/MacOSX26.1.sdk/System/Library/Frameworks/CoreServices.framework/Frameworks/LaunchServices.framework/Headers/LSOpen.h
/Applications/Xcode.app/Contents/Developer/Platforms/MacOSX.platform/Developer/SDKs/MacOSX26.1.sdk/System/Library/Frameworks/CoreServices.framework/Frameworks/LaunchServices.framework/Headers/LSOpenDeprecated.h
/Applications/Xcode.app/Contents/Developer/Platforms/MacOSX.platform/Developer/SDKs/MacOSX26.1.sdk/System/Library/Frameworks/CoreServices.framework/Frameworks/LaunchServices.framework/Headers/LSQuarantine.h
/Applications/Xcode.app/Contents/Developer/Platforms/MacOSX.platform/Developer/SDKs/MacOSX26.1.sdk/System/Library/Frameworks/CoreServices.framework/Frameworks/LaunchServices.framework/Headers/UTCoreTypes.h
/Applications/Xcode.app/Contents/Developer/Platforms/MacOSX.platform/Developer/SDKs/MacOSX26.1.sdk/System/Library/Frameworks/CoreServices.framework/Frameworks/LaunchServices.framework/Headers/UTType.h
/Applications/Xcode.app/Contents/Developer/Platforms/MacOSX.platform/Developer/SDKs/MacOSX26.1.sdk/System/Library/Frameworks/CoreServices.framework/Frameworks/Metadata.framework/Headers/Metadata.h
/Applications/Xcode.app/Contents/Developer/Platforms/MacOSX.platform/Developer/SDKs/MacOSX26.1.sdk/System/Library/Frameworks/CoreServices.framework/Frameworks/Metadata.framework/Headers/MDItem.h
/Applications/Xcode.app/Contents/Developer/Platforms/MacOSX.platform/Developer/SDKs/MacOSX26.1.sdk/System/Library/Frameworks/CoreServices.framework/Frameworks/Metadata.framework/Headers/MDLabel.h
/Applications/Xcode.app/Contents/Developer/Platforms/MacOSX.platform/Developer/SDKs/MacOSX26.1.sdk/System/Library/Frameworks/CoreServices.framework/Frameworks/Metadata.framework/Headers/MDQuery.h
/Applications/Xcode.app/Contents/Developer/Platforms/MacOSX.platform/Developer/SDKs/MacOSX26.1.sdk/System/Library/Frameworks/CoreServices.framework/Frameworks/Metadata.framework/Headers/MDSchema.h
/Applications/Xcode.app/Contents/Developer/Platforms/MacOSX.platform/Developer/SDKs/MacOSX26.1.sdk/System/Library/Frameworks/CoreServices.framework/Frameworks/Metadata.framework/Headers/MDImporter.h
/Applications/Xcode.app/Contents/Developer/Platforms/MacOSX.platform/Developer/SDKs/MacOSX26.1.sdk/System/Library/Frameworks/CoreServices.framework/Frameworks/SearchKit.framework/Headers/SearchKit.h
/Applications/Xcode.app/Contents/Developer/Platforms/MacOSX.platform/Developer/SDKs/MacOSX26.1.sdk/System/Library/Frameworks/CoreServices.framework/Frameworks/SearchKit.framework/Headers/SKDocument.h
/Applications/Xcode.app/Contents/Developer/Platforms/MacOSX.platform/Developer/SDKs/MacOSX26.1.sdk/System/Library/Frameworks/CoreServices.framework/Frameworks/SearchKit.framework/Headers/SKAnalysis.h
/Applications/Xcode.app/Contents/Developer/Platforms/MacOSX.platform/Developer/SDKs/MacOSX26.1.sdk/System/Library/Frameworks/CoreServices.framework/Frameworks/SearchKit.framework/Headers/SKIndex.h
/Applications/Xcode.app/Contents/Developer/Platforms/MacOSX.platform/Developer/SDKs/MacOSX26.1.sdk/System/Library/Frameworks/CoreServices.framework/Frameworks/SearchKit.framework/Headers/SKSearch.h
/Applications/Xcode.app/Contents/Developer/Platforms/MacOSX.platform/Developer/SDKs/MacOSX26.1.sdk/System/Library/Frameworks/CoreServices.framework/Frameworks/SearchKit.framework/Headers/SKSummary.h
/Applications/Xcode.app/Contents/Developer/Platforms/MacOSX.platform/Developer/SDKs/MacOSX26.1.sdk/System/Library/Frameworks/CoreServices.framework/Frameworks/FSEvents.framework/Headers/FSEvents.h
/Applications/Xcode.app/Contents/Developer/Platforms/MacOSX.platform/Developer/SDKs/MacOSX26.1.sdk/System/Library/Frameworks/CoreServices.framework/Frameworks/SharedFileList.framework/Headers/SharedFileList.h
/Applications/Xcode.app/Contents/Developer/Platforms/MacOSX.platform/Developer/SDKs/MacOSX26.1.sdk/System/Library/Frameworks/CoreServices.framework/Frameworks/SharedFileList.framework/Headers/LSSharedFileList.h
/Applications/Xcode.app/Contents/Developer/Platforms/MacOSX.platform/Developer/SDKs/MacOSX26.1.sdk/SDKSettings.json
/Applications/Xcode.app/Contents/Developer/Toolchains/XcodeDefault.xctoolchain/usr/lib/swift/macosx/prebuilt-modules/26.1/Darwin.swiftmodule/arm64e-apple-macos.swiftmodule
/Applications/Xcode.app/Contents/Developer/Platforms/MacOSX.platform/Developer/SDKs/MacOSX26.1.sdk/usr/include/Darwin.modulemap
/Applications/Xcode.app/Contents/Developer/Platforms/MacOSX.platform/Developer/SDKs/MacOSX26.1.sdk/usr/include/Darwin_C.modulemap
/Applications/Xcode.app/Contents/Developer/Platforms/MacOSX.platform/Developer/SDKs/MacOSX26.1.sdk/usr/include/Darwin_POSIX.modulemap
/Applications/Xcode.app/Contents/Developer/Platforms/MacOSX.platform/Developer/SDKs/MacOSX26.1.sdk/usr/include/net.modulemap
/Applications/Xcode.app/Contents/Developer/Platforms/MacOSX.platform/Developer/SDKs/MacOSX26.1.sdk/usr/include/netinet.modulemap
/Applications/Xcode.app/Contents/Developer/Platforms/MacOSX.platform/Developer/SDKs/MacOSX26.1.sdk/usr/include/bank.modulemap
/Applications/Xcode.app/Contents/Developer/Platforms/MacOSX.platform/Developer/SDKs/MacOSX26.1.sdk/usr/include/Darwin_Mach.modulemap
/Applications/Xcode.app/Contents/Developer/Platforms/MacOSX.platform/Developer/SDKs/MacOSX26.1.sdk/usr/include/Darwin_Mach_machine.modulemap
/Applications/Xcode.app/Contents/Developer/Platforms/MacOSX.platform/Developer/SDKs/MacOSX26.1.sdk/usr/include/mach_debug.modulemap
/Applications/Xcode.app/Contents/Developer/Platforms/MacOSX.platform/Developer/SDKs/MacOSX26.1.sdk/usr/include/device.modulemap
/Applications/Xcode.app/Contents/Developer/Platforms/MacOSX.platform/Developer/SDKs/MacOSX26.1.sdk/usr/include/Darwin_machine.modulemap
/Applications/Xcode.app/Contents/Developer/Platforms/MacOSX.platform/Developer/SDKs/MacOSX26.1.sdk/usr/include/ncurses.modulemap
/Applications/Xcode.app/Contents/Developer/Platforms/MacOSX.platform/Developer/SDKs/MacOSX26.1.sdk/usr/include/netinet6.modulemap
/Applications/Xcode.app/Contents/Developer/Platforms/MacOSX.platform/Developer/SDKs/MacOSX26.1.sdk/usr/include/Darwin_sys.modulemap
/Applications/Xcode.app/Contents/Developer/Platforms/MacOSX.platform/Developer/SDKs/MacOSX26.1.sdk/usr/include/uuid.modulemap
/Applications/Xcode.app/Contents/Developer/Platforms/MacOSX.platform/Developer/SDKs/MacOSX26.1.sdk/usr/include/DarwinFoundation2.modulemap
/Applications/Xcode.app/Contents/Developer/Platforms/MacOSX.platform/Developer/SDKs/MacOSX26.1.sdk/usr/include/DarwinFoundation3.modulemap
/Applications/Xcode.app/Contents/Developer/Platforms/MacOSX.platform/Developer/SDKs/MacOSX26.1.sdk/usr/include/DarwinFoundation1.modulemap
/Applications/Xcode.app/Contents/Developer/Platforms/MacOSX.platform/Developer/SDKs/MacOSX26.1.sdk/usr/include/copyfile.h
/Applications/Xcode.app/Contents/Developer/Toolchains/XcodeDefault.xctoolchain/usr/lib/swift/clang/include/module.modulemap
/Applications/Xcode.app/Contents/Developer/Platforms/MacOSX.platform/Developer/SDKs/MacOSX26.1.sdk/usr/include/err.h
/Applications/Xcode.app/Contents/Developer/Platforms/MacOSX.platform/Developer/SDKs/MacOSX26.1.sdk/usr/include/readpassphrase.h
/Applications/Xcode.app/Contents/Developer/Platforms/MacOSX.platform/Developer/SDKs/MacOSX26.1.sdk/usr/include/util.h
/Applications/Xcode.app/Contents/Developer/Platforms/MacOSX.platform/Developer/SDKs/MacOSX26.1.sdk/usr/include/sys/ttycom.h
/Applications/Xcode.app/Contents/Developer/Platforms/MacOSX.platform/Developer/SDKs/MacOSX26.1.sdk/usr/include/sys/ioccom.h
/Applications/Xcode.app/Contents/Developer/Platforms/MacOSX.platform/Developer/SDKs/MacOSX26.1.sdk/usr/include/stdio.h
/Applications/Xcode.app/Contents/Developer/Platforms/MacOSX.platform/Developer/SDKs/MacOSX26.1.sdk/usr/include/pwd.h
/Applications/Xcode.app/Contents/Developer/Platforms/MacOSX.platform/Developer/SDKs/MacOSX26.1.sdk/usr/include/uuid/uuid.h
/Applications/Xcode.app/Contents/Developer/Platforms/MacOSX.platform/Developer/SDKs/MacOSX26.1.sdk/usr/include/termios.h
/Applications/Xcode.app/Contents/Developer/Platforms/MacOSX.platform/Developer/SDKs/MacOSX26.1.sdk/usr/include/sys/termios.h
/Applications/Xcode.app/Contents/Developer/Platforms/MacOSX.platform/Developer/SDKs/MacOSX26.1.sdk/usr/include/sys/ttydefaults.h
/Applications/Xcode.app/Contents/Developer/Platforms/MacOSX.platform/Developer/SDKs/MacOSX26.1.sdk/usr/include/utmp.h
/Applications/Xcode.app/Contents/Developer/Platforms/MacOSX.platform/Developer/SDKs/MacOSX26.1.sdk/usr/include/xattr_flags.h
/Applications/Xcode.app/Contents/Developer/Platforms/MacOSX.platform/Developer/SDKs/MacOSX26.1.sdk/usr/include/_modules/_darwin_c_ctype.h
/Applications/Xcode.app/Contents/Developer/Platforms/MacOSX.platform/Developer/SDKs/MacOSX26.1.sdk/usr/include/ctype.h
/Applications/Xcode.app/Contents/Developer/Platforms/MacOSX.platform/Developer/SDKs/MacOSX26.1.sdk/usr/include/_modules/_darwin_c_errno.h
/Applications/Xcode.app/Contents/Developer/Platforms/MacOSX.platform/Developer/SDKs/MacOSX26.1.sdk/usr/include/_modules/_darwin_c_inttypes.h
/Applications/Xcode.app/Contents/Developer/Platforms/MacOSX.platform/Developer/SDKs/MacOSX26.1.sdk/usr/include/_modules/_darwin_c_limits.h
/Applications/Xcode.app/Contents/Developer/Platforms/MacOSX.platform/Developer/SDKs/MacOSX26.1.sdk/usr/include/_modules/_darwin_c_signal.h
/Applications/Xcode.app/Contents/Developer/Platforms/MacOSX.platform/Developer/SDKs/MacOSX26.1.sdk/usr/include/_modules/_darwin_c_stdarg.h
/Applications/Xcode.app/Contents/Developer/Toolchains/XcodeDefault.xctoolchain/usr/lib/swift/clang/include/stdarg.h
/Applications/Xcode.app/Contents/Developer/Platforms/MacOSX.platform/Developer/SDKs/MacOSX26.1.sdk/usr/include/_modules/_darwin_c_stdbool.h
/Applications/Xcode.app/Contents/Developer/Platforms/MacOSX.platform/Developer/SDKs/MacOSX26.1.sdk/usr/include/_modules/_darwin_c_stddef.h
/Applications/Xcode.app/Contents/Developer/Toolchains/XcodeDefault.xctoolchain/usr/lib/swift/clang/include/stddef.h
/Applications/Xcode.app/Contents/Developer/Platforms/MacOSX.platform/Developer/SDKs/MacOSX26.1.sdk/usr/include/_modules/_darwin_c_stdint.h
/Applications/Xcode.app/Contents/Developer/Platforms/MacOSX.platform/Developer/SDKs/MacOSX26.1.sdk/usr/include/_modules/_darwin_c_stdio.h
/Applications/Xcode.app/Contents/Developer/Platforms/MacOSX.platform/Developer/SDKs/MacOSX26.1.sdk/usr/include/_modules/_darwin_c_stdlib.h
/Applications/Xcode.app/Contents/Developer/Platforms/MacOSX.platform/Developer/SDKs/MacOSX26.1.sdk/usr/include/stdlib.h
/Applications/Xcode.app/Contents/Developer/Platforms/MacOSX.platform/Developer/SDKs/MacOSX26.1.sdk/usr/include/_modules/_darwin_c_string.h
/Applications/Xcode.app/Contents/Developer/Platforms/MacOSX.platform/Developer/SDKs/MacOSX26.1.sdk/usr/include/string.h
/Applications/Xcode.app/Contents/Developer/Platforms/MacOSX.platform/Developer/SDKs/MacOSX26.1.sdk/usr/include/_modules/_darwin_c_time.h
/Applications/Xcode.app/Contents/Developer/Platforms/MacOSX.platform/Developer/SDKs/MacOSX26.1.sdk/usr/include/time.h
/Applications/Xcode.app/Contents/Developer/Platforms/MacOSX.platform/Developer/SDKs/MacOSX26.1.sdk/usr/include/_modules/_darwin_c_wchar.h
/Applications/Xcode.app/Contents/Developer/Platforms/MacOSX.platform/Developer/SDKs/MacOSX26.1.sdk/usr/include/wchar.h
/Applications/Xcode.app/Contents/Developer/Platforms/MacOSX.platform/Developer/SDKs/MacOSX26.1.sdk/usr/include/aio.h
/Applications/Xcode.app/Contents/Developer/Platforms/MacOSX.platform/Developer/SDKs/MacOSX26.1.sdk/usr/include/sys/aio.h
/Applications/Xcode.app/Contents/Developer/Platforms/MacOSX.platform/Developer/SDKs/MacOSX26.1.sdk/usr/include/sys/_types/_o_sync.h
/Applications/Xcode.app/Contents/Developer/Platforms/MacOSX.platform/Developer/SDKs/MacOSX26.1.sdk/usr/include/sys/_types/_o_dsync.h
/Applications/Xcode.app/Contents/Developer/Platforms/MacOSX.platform/Developer/SDKs/MacOSX26.1.sdk/usr/include/arpa/inet.h
/Applications/Xcode.app/Contents/Developer/Platforms/MacOSX.platform/Developer/SDKs/MacOSX26.1.sdk/usr/include/netinet/in.h
/Applications/Xcode.app/Contents/Developer/Platforms/MacOSX.platform/Developer/SDKs/MacOSX26.1.sdk/usr/include/sys/socket.h
/Applications/Xcode.app/Contents/Developer/Platforms/MacOSX.platform/Developer/SDKs/MacOSX26.1.sdk/usr/include/sys/constrained_ctypes.h
/Applications/Xcode.app/Contents/Developer/Platforms/MacOSX.platform/Developer/SDKs/MacOSX26.1.sdk/usr/include/machine/_param.h
/Applications/Xcode.app/Contents/Developer/Platforms/MacOSX.platform/Developer/SDKs/MacOSX26.1.sdk/usr/include/arm/_param.h
/Applications/Xcode.app/Contents/Developer/Platforms/MacOSX.platform/Developer/SDKs/MacOSX26.1.sdk/usr/include/net/net_kev.h
/Applications/Xcode.app/Contents/Developer/Platforms/MacOSX.platform/Developer/SDKs/MacOSX26.1.sdk/usr/include/sys/_types/_sa_family_t.h
/Applications/Xcode.app/Contents/Developer/Platforms/MacOSX.platform/Developer/SDKs/MacOSX26.1.sdk/usr/include/sys/_types/_socklen_t.h
/Applications/Xcode.app/Contents/Developer/Platforms/MacOSX.platform/Developer/SDKs/MacOSX26.1.sdk/usr/include/sys/_types/_iovec_t.h
/Applications/Xcode.app/Contents/Developer/Platforms/MacOSX.platform/Developer/SDKs/MacOSX26.1.sdk/usr/include/netinet6/in6.h
/Applications/Xcode.app/Contents/Developer/Platforms/MacOSX.platform/Developer/SDKs/MacOSX26.1.sdk/usr/include/cpio.h
/Applications/Xcode.app/Contents/Developer/Platforms/MacOSX.platform/Developer/SDKs/MacOSX26.1.sdk/usr/include/dirent.h
/Applications/Xcode.app/Contents/Developer/Platforms/MacOSX.platform/Developer/SDKs/MacOSX26.1.sdk/usr/include/sys/dirent.h
/Applications/Xcode.app/Contents/Developer/Platforms/MacOSX.platform/Developer/SDKs/MacOSX26.1.sdk/usr/include/sys/dir.h
/Applications/Xcode.app/Contents/Developer/Platforms/MacOSX.platform/Developer/SDKs/MacOSX26.1.sdk/usr/include/dlfcn.h
/Applications/Xcode.app/Contents/Developer/Platforms/MacOSX.platform/Developer/SDKs/MacOSX26.1.sdk/usr/include/fcntl.h
/Applications/Xcode.app/Contents/Developer/Platforms/MacOSX.platform/Developer/SDKs/MacOSX26.1.sdk/usr/include/sys/fcntl.h
/Applications/Xcode.app/Contents/Developer/Platforms/MacOSX.platform/Developer/SDKs/MacOSX26.1.sdk/usr/include/sys/_types/_s_ifmt.h
/Applications/Xcode.app/Contents/Developer/Platforms/MacOSX.platform/Developer/SDKs/MacOSX26.1.sdk/usr/include/sys/_types/_filesec_t.h
/Applications/Xcode.app/Contents/Developer/Platforms/MacOSX.platform/Developer/SDKs/MacOSX26.1.sdk/usr/include/fmtmsg.h
/Applications/Xcode.app/Contents/Developer/Platforms/MacOSX.platform/Developer/SDKs/MacOSX26.1.sdk/usr/include/fnmatch.h
/Applications/Xcode.app/Contents/Developer/Platforms/MacOSX.platform/Developer/SDKs/MacOSX26.1.sdk/usr/include/ftw.h
/Applications/Xcode.app/Contents/Developer/Platforms/MacOSX.platform/Developer/SDKs/MacOSX26.1.sdk/usr/include/sys/stat.h
/Applications/Xcode.app/Contents/Developer/Platforms/MacOSX.platform/Developer/SDKs/MacOSX26.1.sdk/usr/include/glob.h
/Applications/Xcode.app/Contents/Developer/Platforms/MacOSX.platform/Developer/SDKs/MacOSX26.1.sdk/usr/include/grp.h
/Applications/Xcode.app/Contents/Developer/Platforms/MacOSX.platform/Developer/SDKs/MacOSX26.1.sdk/usr/include/iconv.h
/Applications/Xcode.app/Contents/Developer/Platforms/MacOSX.platform/Developer/SDKs/MacOSX26.1.sdk/usr/include/ifaddrs.h
/Applications/Xcode.app/Contents/Developer/Platforms/MacOSX.platform/Developer/SDKs/MacOSX26.1.sdk/usr/include/sys/ioctl.h
/Applications/Xcode.app/Contents/Developer/Platforms/MacOSX.platform/Developer/SDKs/MacOSX26.1.sdk/usr/include/sys/filio.h
/Applications/Xcode.app/Contents/Developer/Platforms/MacOSX.platform/Developer/SDKs/MacOSX26.1.sdk/usr/include/sys/sockio.h
/Applications/Xcode.app/Contents/Developer/Platforms/MacOSX.platform/Developer/SDKs/MacOSX26.1.sdk/usr/include/net/if.h
/Applications/Xcode.app/Contents/Developer/Platforms/MacOSX.platform/Developer/SDKs/MacOSX26.1.sdk/usr/include/net/if_var.h
/Applications/Xcode.app/Contents/Developer/Platforms/MacOSX.platform/Developer/SDKs/MacOSX26.1.sdk/usr/include/sys/time.h
/Applications/Xcode.app/Contents/Developer/Platforms/MacOSX.platform/Developer/SDKs/MacOSX26.1.sdk/usr/include/sys/_types/_timeval64.h
/Applications/Xcode.app/Contents/Developer/Platforms/MacOSX.platform/Developer/SDKs/MacOSX26.1.sdk/usr/include/sys/_types/_timeval32.h
/Applications/Xcode.app/Contents/Developer/Platforms/MacOSX.platform/Developer/SDKs/MacOSX26.1.sdk/usr/include/_langinfo.h
/Applications/Xcode.app/Contents/Developer/Platforms/MacOSX.platform/Developer/SDKs/MacOSX26.1.sdk/usr/include/xlocale/_langinfo.h
/Applications/Xcode.app/Contents/Developer/Platforms/MacOSX.platform/Developer/SDKs/MacOSX26.1.sdk/usr/include/libgen.h
/Applications/Xcode.app/Contents/Developer/Platforms/MacOSX.platform/Developer/SDKs/MacOSX26.1.sdk/usr/include/_monetary.h
/Applications/Xcode.app/Contents/Developer/Platforms/MacOSX.platform/Developer/SDKs/MacOSX26.1.sdk/usr/include/xlocale/_monetary.h
/Applications/Xcode.app/Contents/Developer/Platforms/MacOSX.platform/Developer/SDKs/MacOSX26.1.sdk/usr/include/ndbm.h
/Applications/Xcode.app/Contents/Developer/Platforms/MacOSX.platform/Developer/SDKs/MacOSX26.1.sdk/usr/include/netdb.h
/Applications/Xcode.app/Contents/Developer/Platforms/MacOSX.platform/Developer/SDKs/MacOSX26.1.sdk/usr/include/net/if_dl.h
/Applications/Xcode.app/Contents/Developer/Platforms/MacOSX.platform/Developer/SDKs/MacOSX26.1.sdk/usr/include/net/if_types.h
/Applications/Xcode.app/Contents/Developer/Platforms/MacOSX.platform/Developer/SDKs/MacOSX26.1.sdk/usr/include/netinet/tcp.h
/Applications/Xcode.app/Contents/Developer/Platforms/MacOSX.platform/Developer/SDKs/MacOSX26.1.sdk/usr/include/poll.h
/Applications/Xcode.app/Contents/Developer/Platforms/MacOSX.platform/Developer/SDKs/MacOSX26.1.sdk/usr/include/sys/poll.h
/Applications/Xcode.app/Contents/Developer/Platforms/MacOSX.platform/Developer/SDKs/MacOSX26.1.sdk/usr/include/pthread/spawn.h
/Applications/Xcode.app/Contents/Developer/Platforms/MacOSX.platform/Developer/SDKs/MacOSX26.1.sdk/usr/include/spawn.h
/Applications/Xcode.app/Contents/Developer/Platforms/MacOSX.platform/Developer/SDKs/MacOSX26.1.sdk/usr/include/sys/spawn.h
/Applications/Xcode.app/Contents/Developer/Platforms/MacOSX.platform/Developer/SDKs/MacOSX26.1.sdk/usr/include/mach/exception_types.h
/Applications/Xcode.app/Contents/Developer/Platforms/MacOSX.platform/Developer/SDKs/MacOSX26.1.sdk/usr/include/mach/machine/exception.h
/Applications/Xcode.app/Contents/Developer/Platforms/MacOSX.platform/Developer/SDKs/MacOSX26.1.sdk/usr/include/mach/arm/exception.h
/Applications/Xcode.app/Contents/Developer/Platforms/MacOSX.platform/Developer/SDKs/MacOSX26.1.sdk/usr/include/mach/port.h
/Applications/Xcode.app/Contents/Developer/Platforms/MacOSX.platform/Developer/SDKs/MacOSX26.1.sdk/usr/include/mach/boolean.h
/Applications/Xcode.app/Contents/Developer/Platforms/MacOSX.platform/Developer/SDKs/MacOSX26.1.sdk/usr/include/mach/machine/boolean.h
/Applications/Xcode.app/Contents/Developer/Platforms/MacOSX.platform/Developer/SDKs/MacOSX26.1.sdk/usr/include/mach/arm/boolean.h
/Applications/Xcode.app/Contents/Developer/Platforms/MacOSX.platform/Developer/SDKs/MacOSX26.1.sdk/usr/include/mach/machine/vm_types.h
/Applications/Xcode.app/Contents/Developer/Platforms/MacOSX.platform/Developer/SDKs/MacOSX26.1.sdk/usr/include/mach/arm/vm_types.h
/Applications/Xcode.app/Contents/Developer/Platforms/MacOSX.platform/Developer/SDKs/MacOSX26.1.sdk/usr/include/mach/thread_status.h
/Applications/Xcode.app/Contents/Developer/Platforms/MacOSX.platform/Developer/SDKs/MacOSX26.1.sdk/usr/include/mach/machine/thread_status.h
/Applications/Xcode.app/Contents/Developer/Platforms/MacOSX.platform/Developer/SDKs/MacOSX26.1.sdk/usr/include/mach/arm/thread_status.h
/Applications/Xcode.app/Contents/Developer/Platforms/MacOSX.platform/Developer/SDKs/MacOSX26.1.sdk/usr/include/mach/machine/thread_state.h
/Applications/Xcode.app/Contents/Developer/Platforms/MacOSX.platform/Developer/SDKs/MacOSX26.1.sdk/usr/include/mach/arm/thread_state.h
/Applications/Xcode.app/Contents/Developer/Platforms/MacOSX.platform/Developer/SDKs/MacOSX26.1.sdk/usr/include/mach/message.h
/Applications/Xcode.app/Contents/Developer/Platforms/MacOSX.platform/Developer/SDKs/MacOSX26.1.sdk/usr/include/mach/kern_return.h
/Applications/Xcode.app/Contents/Developer/Platforms/MacOSX.platform/Developer/SDKs/MacOSX26.1.sdk/usr/include/mach/machine/kern_return.h
/Applications/Xcode.app/Contents/Developer/Platforms/MacOSX.platform/Developer/SDKs/MacOSX26.1.sdk/usr/include/mach/arm/kern_return.h
/Applications/Xcode.app/Contents/Developer/Platforms/MacOSX.platform/Developer/SDKs/MacOSX26.1.sdk/usr/include/mach/vm_types.h
/Applications/Xcode.app/Contents/Developer/Platforms/MacOSX.platform/Developer/SDKs/MacOSX26.1.sdk/usr/include/mach_debug/ipc_info.h
/Applications/Xcode.app/Contents/Developer/Platforms/MacOSX.platform/Developer/SDKs/MacOSX26.1.sdk/usr/include/mach/machine.h
/Applications/Xcode.app/Contents/Developer/Platforms/MacOSX.platform/Developer/SDKs/MacOSX26.1.sdk/usr/include/pthread/pthread_spis.h
/Applications/Xcode.app/Contents/Developer/Platforms/MacOSX.platform/Developer/SDKs/MacOSX26.1.sdk/usr/include/_modules/_darwin_posix_pthread_pthread.h
/Applications/Xcode.app/Contents/Developer/Platforms/MacOSX.platform/Developer/SDKs/MacOSX26.1.sdk/usr/include/_regex.h
/Applications/Xcode.app/Contents/Developer/Platforms/MacOSX.platform/Developer/SDKs/MacOSX26.1.sdk/usr/include/xlocale/_regex.h
/Applications/Xcode.app/Contents/Developer/Platforms/MacOSX.platform/Developer/SDKs/MacOSX26.1.sdk/usr/include/search.h
/Applications/Xcode.app/Contents/Developer/Platforms/MacOSX.platform/Developer/SDKs/MacOSX26.1.sdk/usr/include/semaphore.h
/Applications/Xcode.app/Contents/Developer/Platforms/MacOSX.platform/Developer/SDKs/MacOSX26.1.sdk/usr/include/sys/semaphore.h
/Applications/Xcode.app/Contents/Developer/Platforms/MacOSX.platform/Developer/SDKs/MacOSX26.1.sdk/usr/include/sys/posix_sem.h
/Applications/Xcode.app/Contents/Developer/Platforms/MacOSX.platform/Developer/SDKs/MacOSX26.1.sdk/usr/include/sys/proc.h
/Applications/Xcode.app/Contents/Developer/Platforms/MacOSX.platform/Developer/SDKs/MacOSX26.1.sdk/usr/include/sys/queue.h
/Applications/Xcode.app/Contents/Developer/Platforms/MacOSX.platform/Developer/SDKs/MacOSX26.1.sdk/usr/include/sys/lock.h
/Applications/Xcode.app/Contents/Developer/Platforms/MacOSX.platform/Developer/SDKs/MacOSX26.1.sdk/usr/include/sys/param.h
/Applications/Xcode.app/Contents/Developer/Platforms/MacOSX.platform/Developer/SDKs/MacOSX26.1.sdk/usr/include/machine/param.h
/Applications/Xcode.app/Contents/Developer/Platforms/MacOSX.platform/Developer/SDKs/MacOSX26.1.sdk/usr/include/arm/param.h
/Applications/Xcode.app/Contents/Developer/Platforms/MacOSX.platform/Developer/SDKs/MacOSX26.1.sdk/usr/include/sys/event.h
/Applications/Xcode.app/Contents/Developer/Platforms/MacOSX.platform/Developer/SDKs/MacOSX26.1.sdk/usr/include/strings.h
/Applications/Xcode.app/Contents/Developer/Platforms/MacOSX.platform/Developer/SDKs/MacOSX26.1.sdk/usr/include/sys/ipc.h
/Applications/Xcode.app/Contents/Developer/Platforms/MacOSX.platform/Developer/SDKs/MacOSX26.1.sdk/usr/include/sys/mman.h
/Applications/Xcode.app/Contents/Developer/Platforms/MacOSX.platform/Developer/SDKs/MacOSX26.1.sdk/usr/include/sys/msg.h
/Applications/Xcode.app/Contents/Developer/Platforms/MacOSX.platform/Developer/SDKs/MacOSX26.1.sdk/usr/include/sys/sem.h
/Applications/Xcode.app/Contents/Developer/Platforms/MacOSX.platform/Developer/SDKs/MacOSX26.1.sdk/usr/include/sys/shm.h
/Applications/Xcode.app/Contents/Developer/Platforms/MacOSX.platform/Developer/SDKs/MacOSX26.1.sdk/usr/include/sys/posix_shm.h
/Applications/Xcode.app/Contents/Developer/Platforms/MacOSX.platform/Developer/SDKs/MacOSX26.1.sdk/usr/include/sys/statvfs.h
/Applications/Xcode.app/Contents/Developer/Platforms/MacOSX.platform/Developer/SDKs/MacOSX26.1.sdk/usr/include/sys/times.h
/Applications/Xcode.app/Contents/Developer/Platforms/MacOSX.platform/Developer/SDKs/MacOSX26.1.sdk/usr/include/sys/_types/_fsid_t.h
/Applications/Xcode.app/Contents/Developer/Platforms/MacOSX.platform/Developer/SDKs/MacOSX26.1.sdk/usr/include/sys/_types/_fsobj_id_t.h
/Applications/Xcode.app/Contents/Developer/Platforms/MacOSX.platform/Developer/SDKs/MacOSX26.1.sdk/usr/include/sys/_types/_graftdmg_un.h
/Applications/Xcode.app/Contents/Developer/Platforms/MacOSX.platform/Developer/SDKs/MacOSX26.1.sdk/usr/include/sys/_types/_guid_t.h
/Applications/Xcode.app/Contents/Developer/Platforms/MacOSX.platform/Developer/SDKs/MacOSX26.1.sdk/usr/include/sys/_types/_mount_t.h
/Applications/Xcode.app/Contents/Developer/Platforms/MacOSX.platform/Developer/SDKs/MacOSX26.1.sdk/usr/include/sys/_types/_os_inline.h
/Applications/Xcode.app/Contents/Developer/Platforms/MacOSX.platform/Developer/SDKs/MacOSX26.1.sdk/usr/include/sys/_types/_ucontext64.h
/Applications/Xcode.app/Contents/Developer/Platforms/MacOSX.platform/Developer/SDKs/MacOSX26.1.sdk/usr/include/sys/_types/_vnode_t.h
/Applications/Xcode.app/Contents/Developer/Platforms/MacOSX.platform/Developer/SDKs/MacOSX26.1.sdk/usr/include/sys/uio.h
/Applications/Xcode.app/Contents/Developer/Platforms/MacOSX.platform/Developer/SDKs/MacOSX26.1.sdk/usr/include/sys/un.h
/Applications/Xcode.app/Contents/Developer/Platforms/MacOSX.platform/Developer/SDKs/MacOSX26.1.sdk/usr/include/sys/utsname.h
/Applications/Xcode.app/Contents/Developer/Platforms/MacOSX.platform/Developer/SDKs/MacOSX26.1.sdk/usr/include/sys/vsock.h
/Applications/Xcode.app/Contents/Developer/Platforms/MacOSX.platform/Developer/SDKs/MacOSX26.1.sdk/usr/include/sys/ucred.h
/Applications/Xcode.app/Contents/Developer/Platforms/MacOSX.platform/Developer/SDKs/MacOSX26.1.sdk/usr/include/bsm/audit.h
/Applications/Xcode.app/Contents/Developer/Platforms/MacOSX.platform/Developer/SDKs/MacOSX26.1.sdk/usr/include/sys/socketvar.h
/Applications/Xcode.app/Contents/Developer/Platforms/MacOSX.platform/Developer/SDKs/MacOSX26.1.sdk/usr/include/sys/xattr.h
/Applications/Xcode.app/Contents/Developer/Platforms/MacOSX.platform/Developer/SDKs/MacOSX26.1.sdk/usr/include/_modules/_darwin_posix_sys_resource.h
/Applications/Xcode.app/Contents/Developer/Platforms/MacOSX.platform/Developer/SDKs/MacOSX26.1.sdk/usr/include/_modules/_darwin_posix_sys_select.h
/Applications/Xcode.app/Contents/Developer/Platforms/MacOSX.platform/Developer/SDKs/MacOSX26.1.sdk/usr/include/_modules/_darwin_posix_sys_wait.h
/Applications/Xcode.app/Contents/Developer/Platforms/MacOSX.platform/Developer/SDKs/MacOSX26.1.sdk/usr/include/syslog.h
/Applications/Xcode.app/Contents/Developer/Platforms/MacOSX.platform/Developer/SDKs/MacOSX26.1.sdk/usr/include/sys/syslog.h
/Applications/Xcode.app/Contents/Developer/Platforms/MacOSX.platform/Developer/SDKs/MacOSX26.1.sdk/usr/include/tar.h
/Applications/Xcode.app/Contents/Developer/Platforms/MacOSX.platform/Developer/SDKs/MacOSX26.1.sdk/usr/include/ulimit.h
/Applications/Xcode.app/Contents/Developer/Platforms/MacOSX.platform/Developer/SDKs/MacOSX26.1.sdk/usr/include/utime.h
/Applications/Xcode.app/Contents/Developer/Platforms/MacOSX.platform/Developer/SDKs/MacOSX26.1.sdk/usr/include/utmpx.h
/Applications/Xcode.app/Contents/Developer/Platforms/MacOSX.platform/Developer/SDKs/MacOSX26.1.sdk/usr/include/wordexp.h
/Applications/Xcode.app/Contents/Developer/Platforms/MacOSX.platform/Developer/SDKs/MacOSX26.1.sdk/usr/include/_modules/_darwin_posix_nl_types.h
/Applications/Xcode.app/Contents/Developer/Platforms/MacOSX.platform/Developer/SDKs/MacOSX26.1.sdk/usr/include/_modules/_darwin_posix_sched.h
/Applications/Xcode.app/Contents/Developer/Platforms/MacOSX.platform/Developer/SDKs/MacOSX26.1.sdk/usr/include/_modules/_darwin_posix_unistd.h
/Applications/Xcode.app/Contents/Developer/Platforms/MacOSX.platform/Developer/SDKs/MacOSX26.1.sdk/usr/include/net/bpf.h
/Applications/Xcode.app/Contents/Developer/Platforms/MacOSX.platform/Developer/SDKs/MacOSX26.1.sdk/usr/include/net/dlil.h
/Applications/Xcode.app/Contents/Developer/Platforms/MacOSX.platform/Developer/SDKs/MacOSX26.1.sdk/usr/include/net/ethernet.h
/Applications/Xcode.app/Contents/Developer/Platforms/MacOSX.platform/Developer/SDKs/MacOSX26.1.sdk/usr/include/net/if_arp.h
/Applications/Xcode.app/Contents/Developer/Platforms/MacOSX.platform/Developer/SDKs/MacOSX26.1.sdk/usr/include/net/if_llc.h
/Applications/Xcode.app/Contents/Developer/Platforms/MacOSX.platform/Developer/SDKs/MacOSX26.1.sdk/usr/include/net/if_media.h
/Applications/Xcode.app/Contents/Developer/Platforms/MacOSX.platform/Developer/SDKs/MacOSX26.1.sdk/usr/include/net/if_mib.h
/Applications/Xcode.app/Contents/Developer/Platforms/MacOSX.platform/Developer/SDKs/MacOSX26.1.sdk/usr/include/net/if_utun.h
/Applications/Xcode.app/Contents/Developer/Platforms/MacOSX.platform/Developer/SDKs/MacOSX26.1.sdk/usr/include/net/if_var_status.h
/Applications/Xcode.app/Contents/Developer/Platforms/MacOSX.platform/Developer/SDKs/MacOSX26.1.sdk/usr/include/net/kext_net.h
/Applications/Xcode.app/Contents/Developer/Platforms/MacOSX.platform/Developer/SDKs/MacOSX26.1.sdk/usr/include/net/ndrv.h
/Applications/Xcode.app/Contents/Developer/Platforms/MacOSX.platform/Developer/SDKs/MacOSX26.1.sdk/usr/include/net/pfkeyv2.h
/Applications/Xcode.app/Contents/Developer/Platforms/MacOSX.platform/Developer/SDKs/MacOSX26.1.sdk/usr/include/net/route.h
/Applications/Xcode.app/Contents/Developer/Platforms/MacOSX.platform/Developer/SDKs/MacOSX26.1.sdk/usr/include/netinet/bootp.h
/Applications/Xcode.app/Contents/Developer/Platforms/MacOSX.platform/Developer/SDKs/MacOSX26.1.sdk/usr/include/netinet/ip.h
/Applications/Xcode.app/Contents/Developer/Platforms/MacOSX.platform/Developer/SDKs/MacOSX26.1.sdk/usr/include/netinet/in_systm.h
/Applications/Xcode.app/Contents/Developer/Platforms/MacOSX.platform/Developer/SDKs/MacOSX26.1.sdk/usr/include/netinet/udp.h
/Applications/Xcode.app/Contents/Developer/Platforms/MacOSX.platform/Developer/SDKs/MacOSX26.1.sdk/usr/include/netinet/icmp6.h
/Applications/Xcode.app/Contents/Developer/Platforms/MacOSX.platform/Developer/SDKs/MacOSX26.1.sdk/usr/include/netinet/icmp_var.h
/Applications/Xcode.app/Contents/Developer/Platforms/MacOSX.platform/Developer/SDKs/MacOSX26.1.sdk/usr/include/netinet/ip_icmp.h
/Applications/Xcode.app/Contents/Developer/Platforms/MacOSX.platform/Developer/SDKs/MacOSX26.1.sdk/usr/include/netinet/if_ether.h
/Applications/Xcode.app/Contents/Developer/Platforms/MacOSX.platform/Developer/SDKs/MacOSX26.1.sdk/usr/include/netinet/igmp.h
/Applications/Xcode.app/Contents/Developer/Platforms/MacOSX.platform/Developer/SDKs/MacOSX26.1.sdk/usr/include/netinet/igmp_var.h
/Applications/Xcode.app/Contents/Developer/Platforms/MacOSX.platform/Developer/SDKs/MacOSX26.1.sdk/usr/include/netinet/in_pcb.h
/Applications/Xcode.app/Contents/Developer/Platforms/MacOSX.platform/Developer/SDKs/MacOSX26.1.sdk/usr/include/netinet/in_var.h
/Applications/Xcode.app/Contents/Developer/Platforms/MacOSX.platform/Developer/SDKs/MacOSX26.1.sdk/usr/include/sys/protosw.h
/Applications/Xcode.app/Contents/Developer/Platforms/MacOSX.platform/Developer/SDKs/MacOSX26.1.sdk/usr/include/sys/kern_event.h
/Applications/Xcode.app/Contents/Developer/Platforms/MacOSX.platform/Developer/SDKs/MacOSX26.1.sdk/usr/include/sys/sys_domain.h
/Applications/Xcode.app/Contents/Developer/Platforms/MacOSX.platform/Developer/SDKs/MacOSX26.1.sdk/usr/include/netinet6/in6_var.h
/Applications/Xcode.app/Contents/Developer/Platforms/MacOSX.platform/Developer/SDKs/MacOSX26.1.sdk/usr/include/netinet6/scope6_var.h
/Applications/Xcode.app/Contents/Developer/Platforms/MacOSX.platform/Developer/SDKs/MacOSX26.1.sdk/usr/include/netinet/ip6.h
/Applications/Xcode.app/Contents/Developer/Platforms/MacOSX.platform/Developer/SDKs/MacOSX26.1.sdk/usr/include/netinet/ip_var.h
/Applications/Xcode.app/Contents/Developer/Platforms/MacOSX.platform/Developer/SDKs/MacOSX26.1.sdk/usr/include/netinet/tcp_fsm.h
/Applications/Xcode.app/Contents/Developer/Platforms/MacOSX.platform/Developer/SDKs/MacOSX26.1.sdk/usr/include/netinet/tcp_seq.h
/Applications/Xcode.app/Contents/Developer/Platforms/MacOSX.platform/Developer/SDKs/MacOSX26.1.sdk/usr/include/netinet/tcp_timer.h
/Applications/Xcode.app/Contents/Developer/Platforms/MacOSX.platform/Developer/SDKs/MacOSX26.1.sdk/usr/include/netinet/tcp_var.h
/Applications/Xcode.app/Contents/Developer/Platforms/MacOSX.platform/Developer/SDKs/MacOSX26.1.sdk/usr/include/netinet/tcpip.h
/Applications/Xcode.app/Contents/Developer/Platforms/MacOSX.platform/Developer/SDKs/MacOSX26.1.sdk/usr/include/netinet/udp_var.h
/Applications/Xcode.app/Contents/Developer/Platforms/MacOSX.platform/Developer/SDKs/MacOSX26.1.sdk/usr/include/sys/sysctl.h
/Applications/Xcode.app/Contents/Developer/Platforms/MacOSX.platform/Developer/SDKs/MacOSX26.1.sdk/usr/include/sys/vm.h
/Applications/Xcode.app/Contents/Developer/Platforms/MacOSX.platform/Developer/SDKs/MacOSX26.1.sdk/usr/include/ar.h
/Applications/Xcode.app/Contents/Developer/Platforms/MacOSX.platform/Developer/SDKs/MacOSX26.1.sdk/usr/include/bank/bank_types.h
/Applications/Xcode.app/Contents/Developer/Platforms/MacOSX.platform/Developer/SDKs/MacOSX26.1.sdk/usr/include/os/base.h
/Applications/Xcode.app/Contents/Developer/Platforms/MacOSX.platform/Developer/SDKs/MacOSX26.1.sdk/usr/include/mach/mach_types.h
/Applications/Xcode.app/Contents/Developer/Platforms/MacOSX.platform/Developer/SDKs/MacOSX26.1.sdk/usr/include/mach/host_info.h
/Applications/Xcode.app/Contents/Developer/Platforms/MacOSX.platform/Developer/SDKs/MacOSX26.1.sdk/usr/include/mach/vm_statistics.h
/Applications/Xcode.app/Contents/Developer/Platforms/MacOSX.platform/Developer/SDKs/MacOSX26.1.sdk/usr/include/mach/time_value.h
/Applications/Xcode.app/Contents/Developer/Platforms/MacOSX.platform/Developer/SDKs/MacOSX26.1.sdk/usr/include/mach/host_notify.h
/Applications/Xcode.app/Contents/Developer/Platforms/MacOSX.platform/Developer/SDKs/MacOSX26.1.sdk/usr/include/mach/host_special_ports.h
/Applications/Xcode.app/Contents/Developer/Platforms/MacOSX.platform/Developer/SDKs/MacOSX26.1.sdk/usr/include/mach/memory_object_types.h
/Applications/Xcode.app/Contents/Developer/Platforms/MacOSX.platform/Developer/SDKs/MacOSX26.1.sdk/usr/include/mach/vm_prot.h
/Applications/Xcode.app/Contents/Developer/Platforms/MacOSX.platform/Developer/SDKs/MacOSX26.1.sdk/usr/include/mach/vm_sync.h
/Applications/Xcode.app/Contents/Developer/Platforms/MacOSX.platform/Developer/SDKs/MacOSX26.1.sdk/usr/include/mach/mach_voucher_types.h
/Applications/Xcode.app/Contents/Developer/Platforms/MacOSX.platform/Developer/SDKs/MacOSX26.1.sdk/usr/include/mach/std_types.h
/Applications/Xcode.app/Contents/Developer/Platforms/MacOSX.platform/Developer/SDKs/MacOSX26.1.sdk/usr/include/mach/processor_info.h
/Applications/Xcode.app/Contents/Developer/Platforms/MacOSX.platform/Developer/SDKs/MacOSX26.1.sdk/usr/include/mach/machine/processor_info.h
/Applications/Xcode.app/Contents/Developer/Platforms/MacOSX.platform/Developer/SDKs/MacOSX26.1.sdk/usr/include/mach/arm/processor_info.h
/Applications/Xcode.app/Contents/Developer/Platforms/MacOSX.platform/Developer/SDKs/MacOSX26.1.sdk/usr/include/mach/task_info.h
/Applications/Xcode.app/Contents/Developer/Platforms/MacOSX.platform/Developer/SDKs/MacOSX26.1.sdk/usr/include/mach/policy.h
/Applications/Xcode.app/Contents/Developer/Platforms/MacOSX.platform/Developer/SDKs/MacOSX26.1.sdk/usr/include/mach/task_inspect.h
/Applications/Xcode.app/Contents/Developer/Platforms/MacOSX.platform/Developer/SDKs/MacOSX26.1.sdk/usr/include/mach/task_policy.h
/Applications/Xcode.app/Contents/Developer/Platforms/MacOSX.platform/Developer/SDKs/MacOSX26.1.sdk/usr/include/mach/task_special_ports.h
/Applications/Xcode.app/Contents/Developer/Platforms/MacOSX.platform/Developer/SDKs/MacOSX26.1.sdk/usr/include/mach/thread_info.h
/Applications/Xcode.app/Contents/Developer/Platforms/MacOSX.platform/Developer/SDKs/MacOSX26.1.sdk/usr/include/mach/thread_policy.h
/Applications/Xcode.app/Contents/Developer/Platforms/MacOSX.platform/Developer/SDKs/MacOSX26.1.sdk/usr/include/mach/thread_special_ports.h
/Applications/Xcode.app/Contents/Developer/Platforms/MacOSX.platform/Developer/SDKs/MacOSX26.1.sdk/usr/include/mach/clock_types.h
/Applications/Xcode.app/Contents/Developer/Platforms/MacOSX.platform/Developer/SDKs/MacOSX26.1.sdk/usr/include/mach/vm_attributes.h
/Applications/Xcode.app/Contents/Developer/Platforms/MacOSX.platform/Developer/SDKs/MacOSX26.1.sdk/usr/include/mach/vm_inherit.h
/Applications/Xcode.app/Contents/Developer/Platforms/MacOSX.platform/Developer/SDKs/MacOSX26.1.sdk/usr/include/mach/vm_purgable.h
/Applications/Xcode.app/Contents/Developer/Platforms/MacOSX.platform/Developer/SDKs/MacOSX26.1.sdk/usr/include/mach/vm_behavior.h
/Applications/Xcode.app/Contents/Developer/Platforms/MacOSX.platform/Developer/SDKs/MacOSX26.1.sdk/usr/include/mach/vm_region.h
/Applications/Xcode.app/Contents/Developer/Platforms/MacOSX.platform/Developer/SDKs/MacOSX26.1.sdk/usr/include/mach/machine/vm_param.h
/Applications/Xcode.app/Contents/Developer/Platforms/MacOSX.platform/Developer/SDKs/MacOSX26.1.sdk/usr/include/mach/arm/vm_param.h
/Applications/Xcode.app/Contents/Developer/Platforms/MacOSX.platform/Developer/SDKs/MacOSX26.1.sdk/usr/include/mach/vm_page_size.h
/Applications/Xcode.app/Contents/Developer/Platforms/MacOSX.platform/Developer/SDKs/MacOSX26.1.sdk/usr/include/mach/kmod.h
/Applications/Xcode.app/Contents/Developer/Platforms/MacOSX.platform/Developer/SDKs/MacOSX26.1.sdk/usr/include/mach/dyld_kernel.h
/Applications/Xcode.app/Contents/Developer/Platforms/MacOSX.platform/Developer/SDKs/MacOSX26.1.sdk/usr/include/ConditionalMacros.h
/Applications/Xcode.app/Contents/Developer/Platforms/MacOSX.platform/Developer/SDKs/MacOSX26.1.sdk/usr/include/crt_externs.h
/Applications/Xcode.app/Contents/Developer/Platforms/MacOSX.platform/Developer/SDKs/MacOSX26.1.sdk/usr/include/fts.h
/Applications/Xcode.app/Contents/Developer/Platforms/MacOSX.platform/Developer/SDKs/MacOSX26.1.sdk/usr/include/getopt.h
/Applications/Xcode.app/Contents/Developer/Platforms/MacOSX.platform/Developer/SDKs/MacOSX26.1.sdk/usr/include/AssertMacros.h
/Applications/Xcode.app/Contents/Developer/Platforms/MacOSX.platform/Developer/SDKs/MacOSX26.1.sdk/usr/include/MacTypes.h
/Applications/Xcode.app/Contents/Developer/Platforms/MacOSX.platform/Developer/SDKs/MacOSX26.1.sdk/usr/include/mach/mach.h
/Applications/Xcode.app/Contents/Developer/Platforms/MacOSX.platform/Developer/SDKs/MacOSX26.1.sdk/usr/include/mach/mach_interface.h
/Applications/Xcode.app/Contents/Developer/Platforms/MacOSX.platform/Developer/SDKs/MacOSX26.1.sdk/usr/include/mach/clock_priv.h
/Applications/Xcode.app/Contents/Developer/Platforms/MacOSX.platform/Developer/SDKs/MacOSX26.1.sdk/usr/include/mach/ndr.h
/Applications/Xcode.app/Contents/Developer/Platforms/MacOSX.platform/Developer/SDKs/MacOSX26.1.sdk/usr/include/libkern/OSByteOrder.h
/Applications/Xcode.app/Contents/Developer/Platforms/MacOSX.platform/Developer/SDKs/MacOSX26.1.sdk/usr/include/libkern/arm/OSByteOrder.h
/Applications/Xcode.app/Contents/Developer/Platforms/MacOSX.platform/Developer/SDKs/MacOSX26.1.sdk/usr/include/arm/arch.h
/Applications/Xcode.app/Contents/Developer/Platforms/MacOSX.platform/Developer/SDKs/MacOSX26.1.sdk/usr/include/mach/notify.h
/Applications/Xcode.app/Contents/Developer/Platforms/MacOSX.platform/Developer/SDKs/MacOSX26.1.sdk/usr/include/mach/mig_errors.h
/Applications/Xcode.app/Contents/Developer/Platforms/MacOSX.platform/Developer/SDKs/MacOSX26.1.sdk/usr/include/mach/mig.h
/Applications/Xcode.app/Contents/Developer/Platforms/MacOSX.platform/Developer/SDKs/MacOSX26.1.sdk/usr/include/mach/host_priv.h
/Applications/Xcode.app/Contents/Developer/Platforms/MacOSX.platform/Developer/SDKs/MacOSX26.1.sdk/usr/include/mach_debug/mach_debug_types.h
/Applications/Xcode.app/Contents/Developer/Platforms/MacOSX.platform/Developer/SDKs/MacOSX26.1.sdk/usr/include/mach_debug/vm_info.h
/Applications/Xcode.app/Contents/Developer/Platforms/MacOSX.platform/Developer/SDKs/MacOSX26.1.sdk/usr/include/mach_debug/zone_info.h
/Applications/Xcode.app/Contents/Developer/Platforms/MacOSX.platform/Developer/SDKs/MacOSX26.1.sdk/usr/include/mach_debug/page_info.h
/Applications/Xcode.app/Contents/Developer/Platforms/MacOSX.platform/Developer/SDKs/MacOSX26.1.sdk/usr/include/mach_debug/hash_info.h
/Applications/Xcode.app/Contents/Developer/Platforms/MacOSX.platform/Developer/SDKs/MacOSX26.1.sdk/usr/include/mach_debug/lockgroup_info.h
/Applications/Xcode.app/Contents/Developer/Platforms/MacOSX.platform/Developer/SDKs/MacOSX26.1.sdk/usr/include/mach/host_security.h
/Applications/Xcode.app/Contents/Developer/Platforms/MacOSX.platform/Developer/SDKs/MacOSX26.1.sdk/usr/include/mach/processor.h
/Applications/Xcode.app/Contents/Developer/Platforms/MacOSX.platform/Developer/SDKs/MacOSX26.1.sdk/usr/include/mach/processor_set.h
/Applications/Xcode.app/Contents/Developer/Platforms/MacOSX.platform/Developer/SDKs/MacOSX26.1.sdk/usr/include/mach/semaphore.h
/Applications/Xcode.app/Contents/Developer/Platforms/MacOSX.platform/Developer/SDKs/MacOSX26.1.sdk/usr/include/mach/sync_policy.h
/Applications/Xcode.app/Contents/Developer/Platforms/MacOSX.platform/Developer/SDKs/MacOSX26.1.sdk/usr/include/mach/task.h
/Applications/Xcode.app/Contents/Developer/Platforms/MacOSX.platform/Developer/SDKs/MacOSX26.1.sdk/usr/include/mach/thread_act.h
/Applications/Xcode.app/Contents/Developer/Platforms/MacOSX.platform/Developer/SDKs/MacOSX26.1.sdk/usr/include/mach/vm_map.h
/Applications/Xcode.app/Contents/Developer/Platforms/MacOSX.platform/Developer/SDKs/MacOSX26.1.sdk/usr/include/mach/mach_port.h
/Applications/Xcode.app/Contents/Developer/Platforms/MacOSX.platform/Developer/SDKs/MacOSX26.1.sdk/usr/include/mach/mach_init.h
/Applications/Xcode.app/Contents/Developer/Platforms/MacOSX.platform/Developer/SDKs/MacOSX26.1.sdk/usr/include/mach/mach_traps.h
/Applications/Xcode.app/Contents/Developer/Platforms/MacOSX.platform/Developer/SDKs/MacOSX26.1.sdk/usr/include/mach/error.h
/Applications/Xcode.app/Contents/Developer/Platforms/MacOSX.platform/Developer/SDKs/MacOSX26.1.sdk/usr/include/mach/mach_host.h
/Applications/Xcode.app/Contents/Developer/Platforms/MacOSX.platform/Developer/SDKs/MacOSX26.1.sdk/usr/include/mach/thread_switch.h
/Applications/Xcode.app/Contents/Developer/Platforms/MacOSX.platform/Developer/SDKs/MacOSX26.1.sdk/usr/include/mach/rpc.h
/Applications/Xcode.app/Contents/Developer/Platforms/MacOSX.platform/Developer/SDKs/MacOSX26.1.sdk/usr/include/mach/machine/rpc.h
/Applications/Xcode.app/Contents/Developer/Platforms/MacOSX.platform/Developer/SDKs/MacOSX26.1.sdk/usr/include/mach/arm/rpc.h
/Applications/Xcode.app/Contents/Developer/Platforms/MacOSX.platform/Developer/SDKs/MacOSX26.1.sdk/usr/include/mach/mach_error.h
/Applications/Xcode.app/Contents/Developer/Platforms/MacOSX.platform/Developer/SDKs/MacOSX26.1.sdk/usr/include/mach/audit_triggers_types.h
/Applications/Xcode.app/Contents/Developer/Platforms/MacOSX.platform/Developer/SDKs/MacOSX26.1.sdk/usr/include/mach/bootstrap.h
/Applications/Xcode.app/Contents/Developer/Platforms/MacOSX.platform/Developer/SDKs/MacOSX26.1.sdk/usr/include/mach/clock.h
/Applications/Xcode.app/Contents/Developer/Platforms/MacOSX.platform/Developer/SDKs/MacOSX26.1.sdk/usr/include/mach/clock_reply.h
/Applications/Xcode.app/Contents/Developer/Platforms/MacOSX.platform/Developer/SDKs/MacOSX26.1.sdk/usr/include/mach/exc.h
/Applications/Xcode.app/Contents/Developer/Platforms/MacOSX.platform/Developer/SDKs/MacOSX26.1.sdk/usr/include/mach/exception.h
/Applications/Xcode.app/Contents/Developer/Platforms/MacOSX.platform/Developer/SDKs/MacOSX26.1.sdk/usr/include/mach/host_reboot.h
/Applications/Xcode.app/Contents/Developer/Platforms/MacOSX.platform/Developer/SDKs/MacOSX26.1.sdk/usr/include/arm64/hv/hv_kern_types.h
/Applications/Xcode.app/Contents/Developer/Platforms/MacOSX.platform/Developer/SDKs/MacOSX26.1.sdk/usr/include/mach/mach_param.h
/Applications/Xcode.app/Contents/Developer/Platforms/MacOSX.platform/Developer/SDKs/MacOSX26.1.sdk/usr/include/mach/mach_right.h
/Applications/Xcode.app/Contents/Developer/Platforms/MacOSX.platform/Developer/SDKs/MacOSX26.1.sdk/usr/include/mach/mach_syscalls.h
/Applications/Xcode.app/Contents/Developer/Platforms/MacOSX.platform/Developer/SDKs/MacOSX26.1.sdk/usr/include/mach/mach_time.h
/Applications/Xcode.app/Contents/Developer/Platforms/MacOSX.platform/Developer/SDKs/MacOSX26.1.sdk/usr/include/mach/mach_vm.h
/Applications/Xcode.app/Contents/Developer/Platforms/MacOSX.platform/Developer/SDKs/MacOSX26.1.sdk/usr/include/mach/mach_voucher.h
/Applications/Xcode.app/Contents/Developer/Platforms/MacOSX.platform/Developer/SDKs/MacOSX26.1.sdk/usr/include/mach/memory_entry.h
/Applications/Xcode.app/Contents/Developer/Platforms/MacOSX.platform/Developer/SDKs/MacOSX26.1.sdk/usr/include/mach/mig_strncpy_zerofill_support.h
/Applications/Xcode.app/Contents/Developer/Platforms/MacOSX.platform/Developer/SDKs/MacOSX26.1.sdk/usr/include/mach/mig_voucher_support.h
/Applications/Xcode.app/Contents/Developer/Platforms/MacOSX.platform/Developer/SDKs/MacOSX26.1.sdk/usr/include/mach/port_obj.h
/Applications/Xcode.app/Contents/Developer/Platforms/MacOSX.platform/Developer/SDKs/MacOSX26.1.sdk/usr/include/mach/sdt.h
/Applications/Xcode.app/Contents/Developer/Platforms/MacOSX.platform/Developer/SDKs/MacOSX26.1.sdk/usr/include/mach/machine/sdt.h
/Applications/Xcode.app/Contents/Developer/Platforms/MacOSX.platform/Developer/SDKs/MacOSX26.1.sdk/usr/include/sys/sdt.h
/Applications/Xcode.app/Contents/Developer/Platforms/MacOSX.platform/Developer/SDKs/MacOSX26.1.sdk/usr/include/mach/shared_region.h
/Applications/Xcode.app/Contents/Developer/Platforms/MacOSX.platform/Developer/SDKs/MacOSX26.1.sdk/usr/include/mach/sync.h
/Applications/Xcode.app/Contents/Developer/Platforms/MacOSX.platform/Developer/SDKs/MacOSX26.1.sdk/usr/include/mach/thread_state.h
/Applications/Xcode.app/Contents/Developer/Platforms/MacOSX.platform/Developer/SDKs/MacOSX26.1.sdk/usr/include/mach/vm_param.h
/Applications/Xcode.app/Contents/Developer/Platforms/MacOSX.platform/Developer/SDKs/MacOSX26.1.sdk/usr/include/mach/vm_task.h
/Applications/Xcode.app/Contents/Developer/Platforms/MacOSX.platform/Developer/SDKs/MacOSX26.1.sdk/usr/include/mach/machine/asm.h
/Applications/Xcode.app/Contents/Developer/Platforms/MacOSX.platform/Developer/SDKs/MacOSX26.1.sdk/usr/include/mach/arm64/asm.h
/Applications/Xcode.app/Contents/Developer/Platforms/MacOSX.platform/Developer/SDKs/MacOSX26.1.sdk/usr/include/mach/i386/asm.h
/Applications/Xcode.app/Contents/Developer/Platforms/MacOSX.platform/Developer/SDKs/MacOSX26.1.sdk/usr/include/mach/arm/asm.h
/Applications/Xcode.app/Contents/Developer/Platforms/MacOSX.platform/Developer/SDKs/MacOSX26.1.sdk/usr/include/mach/i386/boolean.h
/Applications/Xcode.app/Contents/Developer/Platforms/MacOSX.platform/Developer/SDKs/MacOSX26.1.sdk/usr/include/mach/i386/exception.h
/Applications/Xcode.app/Contents/Developer/Platforms/MacOSX.platform/Developer/SDKs/MacOSX26.1.sdk/usr/include/mach/i386/fp_reg.h
/Applications/Xcode.app/Contents/Developer/Platforms/MacOSX.platform/Developer/SDKs/MacOSX26.1.sdk/usr/include/mach/i386/kern_return.h
/Applications/Xcode.app/Contents/Developer/Platforms/MacOSX.platform/Developer/SDKs/MacOSX26.1.sdk/usr/include/mach/machine/ndr_def.h
/Applications/Xcode.app/Contents/Developer/Platforms/MacOSX.platform/Developer/SDKs/MacOSX26.1.sdk/usr/include/mach/arm/ndr_def.h
/Applications/Xcode.app/Contents/Developer/Platforms/MacOSX.platform/Developer/SDKs/MacOSX26.1.sdk/usr/include/mach/i386/processor_info.h
/Applications/Xcode.app/Contents/Developer/Platforms/MacOSX.platform/Developer/SDKs/MacOSX26.1.sdk/usr/include/mach/i386/rpc.h
/Applications/Xcode.app/Contents/Developer/Platforms/MacOSX.platform/Developer/SDKs/MacOSX26.1.sdk/usr/include/mach/machine/sdt_isa.h
/Applications/Xcode.app/Contents/Developer/Platforms/MacOSX.platform/Developer/SDKs/MacOSX26.1.sdk/usr/include/mach/arm/sdt_isa.h
/Applications/Xcode.app/Contents/Developer/Platforms/MacOSX.platform/Developer/SDKs/MacOSX26.1.sdk/usr/include/mach/i386/sdt_isa.h
/Applications/Xcode.app/Contents/Developer/Platforms/MacOSX.platform/Developer/SDKs/MacOSX26.1.sdk/usr/include/mach/i386/thread_state.h
/Applications/Xcode.app/Contents/Developer/Platforms/MacOSX.platform/Developer/SDKs/MacOSX26.1.sdk/usr/include/mach/i386/thread_status.h
/Applications/Xcode.app/Contents/Developer/Platforms/MacOSX.platform/Developer/SDKs/MacOSX26.1.sdk/usr/include/mach/arm/traps.h
/Applications/Xcode.app/Contents/Developer/Platforms/MacOSX.platform/Developer/SDKs/MacOSX26.1.sdk/usr/include/mach/i386/vm_param.h
/Applications/Xcode.app/Contents/Developer/Platforms/MacOSX.platform/Developer/SDKs/MacOSX26.1.sdk/usr/include/mach/i386/vm_types.h
/Applications/Xcode.app/Contents/Developer/Platforms/MacOSX.platform/Developer/SDKs/MacOSX26.1.sdk/usr/include/mach_debug/mach_debug.h
/Applications/Xcode.app/Contents/Developer/Platforms/MacOSX.platform/Developer/SDKs/MacOSX26.1.sdk/usr/include/device/device_types.h
/Applications/Xcode.app/Contents/Developer/Platforms/MacOSX.platform/Developer/SDKs/MacOSX26.1.sdk/usr/include/device/device_port.h
/Applications/Xcode.app/Contents/Developer/Platforms/MacOSX.platform/Developer/SDKs/MacOSX26.1.sdk/usr/include/libkern/OSAtomic.h
/Applications/Xcode.app/Contents/Developer/Platforms/MacOSX.platform/Developer/SDKs/MacOSX26.1.sdk/usr/include/libkern/OSAtomicDeprecated.h
/Applications/Xcode.app/Contents/Developer/Platforms/MacOSX.platform/Developer/SDKs/MacOSX26.1.sdk/usr/include/libkern/OSSpinLockDeprecated.h
/Applications/Xcode.app/Contents/Developer/Platforms/MacOSX.platform/Developer/SDKs/MacOSX26.1.sdk/usr/include/libkern/OSAtomicQueue.h
/Applications/Xcode.app/Contents/Developer/Platforms/MacOSX.platform/Developer/SDKs/MacOSX26.1.sdk/usr/include/libkern/machine/OSByteOrder.h
/Applications/Xcode.app/Contents/Developer/Platforms/MacOSX.platform/Developer/SDKs/MacOSX26.1.sdk/usr/include/libkern/i386/OSByteOrder.h
/Applications/Xcode.app/Contents/Developer/Platforms/MacOSX.platform/Developer/SDKs/MacOSX26.1.sdk/usr/include/libproc.h
/Applications/Xcode.app/Contents/Developer/Platforms/MacOSX.platform/Developer/SDKs/MacOSX26.1.sdk/usr/include/sys/mount.h
/Applications/Xcode.app/Contents/Developer/Platforms/MacOSX.platform/Developer/SDKs/MacOSX26.1.sdk/usr/include/sys/attr.h
/Applications/Xcode.app/Contents/Developer/Platforms/MacOSX.platform/Developer/SDKs/MacOSX26.1.sdk/usr/include/sys/proc_info.h
/Applications/Xcode.app/Contents/Developer/Platforms/MacOSX.platform/Developer/SDKs/MacOSX26.1.sdk/usr/include/sys/kern_control.h
/Applications/Xcode.app/Contents/Developer/Platforms/MacOSX.platform/Developer/SDKs/MacOSX26.1.sdk/usr/include/os/clock.h
/Applications/Xcode.app/Contents/Developer/Platforms/MacOSX.platform/Developer/SDKs/MacOSX26.1.sdk/usr/include/os/lock.h
/Applications/Xcode.app/Contents/Developer/Platforms/MacOSX.platform/Developer/SDKs/MacOSX26.1.sdk/usr/include/os/proc.h
/Applications/Xcode.app/Contents/Developer/Platforms/MacOSX.platform/Developer/SDKs/MacOSX26.1.sdk/usr/include/malloc/malloc.h
/Applications/Xcode.app/Contents/Developer/Platforms/MacOSX.platform/Developer/SDKs/MacOSX26.1.sdk/usr/include/malloc/_platform.h
/Applications/Xcode.app/Contents/Developer/Platforms/MacOSX.platform/Developer/SDKs/MacOSX26.1.sdk/usr/include/sys/malloc.h
/Applications/Xcode.app/Contents/Developer/Platforms/MacOSX.platform/Developer/SDKs/MacOSX26.1.sdk/usr/include/i386/_param.h
/Applications/Xcode.app/Contents/Developer/Platforms/MacOSX.platform/Developer/SDKs/MacOSX26.1.sdk/usr/include/machine/byte_order.h
/Applications/Xcode.app/Contents/Developer/Platforms/MacOSX.platform/Developer/SDKs/MacOSX26.1.sdk/usr/include/architecture/byte_order.h
/Applications/Xcode.app/Contents/Developer/Platforms/MacOSX.platform/Developer/SDKs/MacOSX26.1.sdk/usr/include/i386/eflags.h
/Applications/Xcode.app/Contents/Developer/Platforms/MacOSX.platform/Developer/SDKs/MacOSX26.1.sdk/usr/include/machine/fasttrap_isa.h
/Applications/Xcode.app/Contents/Developer/Platforms/MacOSX.platform/Developer/SDKs/MacOSX26.1.sdk/usr/include/arm/fasttrap_isa.h
/Applications/Xcode.app/Contents/Developer/Platforms/MacOSX.platform/Developer/SDKs/MacOSX26.1.sdk/usr/include/i386/fasttrap_isa.h
/Applications/Xcode.app/Contents/Developer/Platforms/MacOSX.platform/Developer/SDKs/MacOSX26.1.sdk/usr/include/i386/param.h
/Applications/Xcode.app/Contents/Developer/Platforms/MacOSX.platform/Developer/SDKs/MacOSX26.1.sdk/usr/include/machine/profile.h
/Applications/Xcode.app/Contents/Developer/Platforms/MacOSX.platform/Developer/SDKs/MacOSX26.1.sdk/usr/include/arm/profile.h
/Applications/Xcode.app/Contents/Developer/Platforms/MacOSX.platform/Developer/SDKs/MacOSX26.1.sdk/usr/include/i386/profile.h
/Applications/Xcode.app/Contents/Developer/Platforms/MacOSX.platform/Developer/SDKs/MacOSX26.1.sdk/usr/include/i386/user_ldt.h
/Applications/Xcode.app/Contents/Developer/Platforms/MacOSX.platform/Developer/SDKs/MacOSX26.1.sdk/usr/include/machine/vmparam.h
/Applications/Xcode.app/Contents/Developer/Platforms/MacOSX.platform/Developer/SDKs/MacOSX26.1.sdk/usr/include/arm/vmparam.h
/Applications/Xcode.app/Contents/Developer/Platforms/MacOSX.platform/Developer/SDKs/MacOSX26.1.sdk/usr/include/i386/vmparam.h
/Applications/Xcode.app/Contents/Developer/Platforms/MacOSX.platform/Developer/SDKs/MacOSX26.1.sdk/usr/include/aliasdb.h
/Applications/Xcode.app/Contents/Developer/Platforms/MacOSX.platform/Developer/SDKs/MacOSX26.1.sdk/usr/include/bootparams.h
/Applications/Xcode.app/Contents/Developer/Platforms/MacOSX.platform/Developer/SDKs/MacOSX26.1.sdk/usr/include/Block.h
/Applications/Xcode.app/Contents/Developer/Platforms/MacOSX.platform/Developer/SDKs/MacOSX26.1.sdk/usr/include/bsm/audit_domain.h
/Applications/Xcode.app/Contents/Developer/Platforms/MacOSX.platform/Developer/SDKs/MacOSX26.1.sdk/usr/include/bsm/audit_errno.h
/Applications/Xcode.app/Contents/Developer/Platforms/MacOSX.platform/Developer/SDKs/MacOSX26.1.sdk/usr/include/bsm/audit_fcntl.h
/Applications/Xcode.app/Contents/Developer/Platforms/MacOSX.platform/Developer/SDKs/MacOSX26.1.sdk/usr/include/bsm/audit_filter.h
/Applications/Xcode.app/Contents/Developer/Platforms/MacOSX.platform/Developer/SDKs/MacOSX26.1.sdk/usr/include/bsm/libbsm.h
/Applications/Xcode.app/Contents/Developer/Platforms/MacOSX.platform/Developer/SDKs/MacOSX26.1.sdk/usr/include/bsm/audit_record.h
/Applications/Xcode.app/Contents/Developer/Platforms/MacOSX.platform/Developer/SDKs/MacOSX26.1.sdk/usr/include/bsm/audit_internal.h
/Applications/Xcode.app/Contents/Developer/Platforms/MacOSX.platform/Developer/SDKs/MacOSX26.1.sdk/usr/include/bsm/audit_kevents.h
/Applications/Xcode.app/Contents/Developer/Platforms/MacOSX.platform/Developer/SDKs/MacOSX26.1.sdk/usr/include/bsm/audit_session.h
/Applications/Xcode.app/Contents/Developer/Platforms/MacOSX.platform/Developer/SDKs/MacOSX26.1.sdk/usr/include/bsm/audit_socket_type.h
/Applications/Xcode.app/Contents/Developer/Platforms/MacOSX.platform/Developer/SDKs/MacOSX26.1.sdk/usr/include/bsm/audit_uevents.h
/Applications/Xcode.app/Contents/Developer/Platforms/MacOSX.platform/Developer/SDKs/MacOSX26.1.sdk/usr/include/execinfo.h
/Applications/Xcode.app/Contents/Developer/Platforms/MacOSX.platform/Developer/SDKs/MacOSX26.1.sdk/usr/include/fstab.h
/Applications/Xcode.app/Contents/Developer/Platforms/MacOSX.platform/Developer/SDKs/MacOSX26.1.sdk/usr/include/hfs/hfs_format.h
/Applications/Xcode.app/Contents/Developer/Platforms/MacOSX.platform/Developer/SDKs/MacOSX26.1.sdk/usr/include/hfs/hfs_unistr.h
/Applications/Xcode.app/Contents/Developer/Platforms/MacOSX.platform/Developer/SDKs/MacOSX26.1.sdk/usr/include/hfs/hfs_mount.h
/Applications/Xcode.app/Contents/Developer/Platforms/MacOSX.platform/Developer/SDKs/MacOSX26.1.sdk/usr/include/membership.h
/Applications/Xcode.app/Contents/Developer/Platforms/MacOSX.platform/Developer/SDKs/MacOSX26.1.sdk/usr/include/ntsid.h
/Applications/Xcode.app/Contents/Developer/Platforms/MacOSX.platform/Developer/SDKs/MacOSX26.1.sdk/usr/include/curses.h
/Applications/Xcode.app/Contents/Developer/Platforms/MacOSX.platform/Developer/SDKs/MacOSX26.1.sdk/usr/include/ncurses_dll.h
/Applications/Xcode.app/Contents/Developer/Platforms/MacOSX.platform/Developer/SDKs/MacOSX26.1.sdk/usr/include/unctrl.h
/Applications/Xcode.app/Contents/Developer/Platforms/MacOSX.platform/Developer/SDKs/MacOSX26.1.sdk/usr/include/eti.h
/Applications/Xcode.app/Contents/Developer/Platforms/MacOSX.platform/Developer/SDKs/MacOSX26.1.sdk/usr/include/nc_tparm.h
/Applications/Xcode.app/Contents/Developer/Platforms/MacOSX.platform/Developer/SDKs/MacOSX26.1.sdk/usr/include/form.h
/Applications/Xcode.app/Contents/Developer/Platforms/MacOSX.platform/Developer/SDKs/MacOSX26.1.sdk/usr/include/menu.h
/Applications/Xcode.app/Contents/Developer/Platforms/MacOSX.platform/Developer/SDKs/MacOSX26.1.sdk/usr/include/panel.h
/Applications/Xcode.app/Contents/Developer/Platforms/MacOSX.platform/Developer/SDKs/MacOSX26.1.sdk/usr/include/netinet6/ah.h
/Applications/Xcode.app/Contents/Developer/Platforms/MacOSX.platform/Developer/SDKs/MacOSX26.1.sdk/usr/include/netinet6/esp.h
/Applications/Xcode.app/Contents/Developer/Platforms/MacOSX.platform/Developer/SDKs/MacOSX26.1.sdk/usr/include/netinet6/ipcomp.h
/Applications/Xcode.app/Contents/Developer/Platforms/MacOSX.platform/Developer/SDKs/MacOSX26.1.sdk/usr/include/netinet6/ipsec.h
/Applications/Xcode.app/Contents/Developer/Platforms/MacOSX.platform/Developer/SDKs/MacOSX26.1.sdk/usr/include/netinet6/raw_ip6.h
/Applications/Xcode.app/Contents/Developer/Platforms/MacOSX.platform/Developer/SDKs/MacOSX26.1.sdk/usr/include/printerdb.h
/Applications/Xcode.app/Contents/Developer/Platforms/MacOSX.platform/Developer/SDKs/MacOSX26.1.sdk/usr/include/sys/_structs.h
/Applications/Xcode.app/Contents/Developer/Platforms/MacOSX.platform/Developer/SDKs/MacOSX26.1.sdk/usr/include/sys/acct.h
/Applications/Xcode.app/Contents/Developer/Platforms/MacOSX.platform/Developer/SDKs/MacOSX26.1.sdk/usr/include/sys/acl.h
/Applications/Xcode.app/Contents/Developer/Platforms/MacOSX.platform/Developer/SDKs/MacOSX26.1.sdk/usr/include/sys/kauth.h
/Applications/Xcode.app/Contents/Developer/Platforms/MacOSX.platform/Developer/SDKs/MacOSX26.1.sdk/usr/include/sys/buf.h
/Applications/Xcode.app/Contents/Developer/Platforms/MacOSX.platform/Developer/SDKs/MacOSX26.1.sdk/usr/include/sys/kernel_types.h
/Applications/Xcode.app/Contents/Developer/Platforms/MacOSX.platform/Developer/SDKs/MacOSX26.1.sdk/usr/include/sys/clonefile.h
/Applications/Xcode.app/Contents/Developer/Platforms/MacOSX.platform/Developer/SDKs/MacOSX26.1.sdk/usr/include/sys/commpage.h
/Applications/Xcode.app/Contents/Developer/Platforms/MacOSX.platform/Developer/SDKs/MacOSX26.1.sdk/usr/include/sys/conf.h
/Applications/Xcode.app/Contents/Developer/Platforms/MacOSX.platform/Developer/SDKs/MacOSX26.1.sdk/usr/include/sys/disk.h
/Applications/Xcode.app/Contents/Developer/Platforms/MacOSX.platform/Developer/SDKs/MacOSX26.1.sdk/usr/include/sys/dkstat.h
/Applications/Xcode.app/Contents/Developer/Platforms/MacOSX.platform/Developer/SDKs/MacOSX26.1.sdk/usr/include/sys/domain.h
/Applications/Xcode.app/Contents/Developer/Platforms/MacOSX.platform/Developer/SDKs/MacOSX26.1.sdk/usr/include/sys/ev.h
/Applications/Xcode.app/Contents/Developer/Platforms/MacOSX.platform/Developer/SDKs/MacOSX26.1.sdk/usr/include/sys/file.h
/Applications/Xcode.app/Contents/Developer/Platforms/MacOSX.platform/Developer/SDKs/MacOSX26.1.sdk/usr/include/sys/filedesc.h
/Applications/Xcode.app/Contents/Developer/Platforms/MacOSX.platform/Developer/SDKs/MacOSX26.1.sdk/usr/include/sys/fileport.h
/Applications/Xcode.app/Contents/Developer/Platforms/MacOSX.platform/Developer/SDKs/MacOSX26.1.sdk/usr/include/sys/fsgetpath.h
/Applications/Xcode.app/Contents/Developer/Platforms/MacOSX.platform/Developer/SDKs/MacOSX26.1.sdk/usr/include/sys/gmon.h
/Applications/Xcode.app/Contents/Developer/Platforms/MacOSX.platform/Developer/SDKs/MacOSX26.1.sdk/usr/include/sys/ioctl_compat.h
/Applications/Xcode.app/Contents/Developer/Platforms/MacOSX.platform/Developer/SDKs/MacOSX26.1.sdk/usr/include/sys/ttychars.h
/Applications/Xcode.app/Contents/Developer/Platforms/MacOSX.platform/Developer/SDKs/MacOSX26.1.sdk/usr/include/sys/ttydev.h
/Applications/Xcode.app/Contents/Developer/Platforms/MacOSX.platform/Developer/SDKs/MacOSX26.1.sdk/usr/include/sys/kdebug.h
/Applications/Xcode.app/Contents/Developer/Platforms/MacOSX.platform/Developer/SDKs/MacOSX26.1.sdk/usr/include/sys/kdebug_signpost.h
/Applications/Xcode.app/Contents/Developer/Platforms/MacOSX.platform/Developer/SDKs/MacOSX26.1.sdk/usr/include/sys/lctx.h
/Applications/Xcode.app/Contents/Developer/Platforms/MacOSX.platform/Developer/SDKs/MacOSX26.1.sdk/usr/include/sys/mbuf.h
/Applications/Xcode.app/Contents/Developer/Platforms/MacOSX.platform/Developer/SDKs/MacOSX26.1.sdk/usr/include/sys/msgbuf.h
/Applications/Xcode.app/Contents/Developer/Platforms/MacOSX.platform/Developer/SDKs/MacOSX26.1.sdk/usr/include/sys/netport.h
/Applications/Xcode.app/Contents/Developer/Platforms/MacOSX.platform/Developer/SDKs/MacOSX26.1.sdk/usr/include/sys/paths.h
/Applications/Xcode.app/Contents/Developer/Platforms/MacOSX.platform/Developer/SDKs/MacOSX26.1.sdk/usr/include/sys/pipe.h
/Applications/Xcode.app/Contents/Developer/Platforms/MacOSX.platform/Developer/SDKs/MacOSX26.1.sdk/usr/include/sys/quota.h
/Applications/Xcode.app/Contents/Developer/Platforms/MacOSX.platform/Developer/SDKs/MacOSX26.1.sdk/usr/include/sys/rbtree.h
/Applications/Xcode.app/Contents/Developer/Platforms/MacOSX.platform/Developer/SDKs/MacOSX26.1.sdk/usr/include/sys/reboot.h
/Applications/Xcode.app/Contents/Developer/Platforms/MacOSX.platform/Developer/SDKs/MacOSX26.1.sdk/usr/include/sys/resourcevar.h
/Applications/Xcode.app/Contents/Developer/Platforms/MacOSX.platform/Developer/SDKs/MacOSX26.1.sdk/usr/include/sys/sbuf.h
/Applications/Xcode.app/Contents/Developer/Platforms/MacOSX.platform/Developer/SDKs/MacOSX26.1.sdk/usr/include/sys/signalvar.h
/Applications/Xcode.app/Contents/Developer/Platforms/MacOSX.platform/Developer/SDKs/MacOSX26.1.sdk/usr/include/sys/syscall.h
/Applications/Xcode.app/Contents/Developer/Platforms/MacOSX.platform/Developer/SDKs/MacOSX26.1.sdk/usr/include/sys/timeb.h
/Applications/Xcode.app/Contents/Developer/Platforms/MacOSX.platform/Developer/SDKs/MacOSX26.1.sdk/usr/include/sys/trace.h
/Applications/Xcode.app/Contents/Developer/Platforms/MacOSX.platform/Developer/SDKs/MacOSX26.1.sdk/usr/include/sys/tty.h
/Applications/Xcode.app/Contents/Developer/Platforms/MacOSX.platform/Developer/SDKs/MacOSX26.1.sdk/usr/include/sys/ucontext.h
/Applications/Xcode.app/Contents/Developer/Platforms/MacOSX.platform/Developer/SDKs/MacOSX26.1.sdk/usr/include/sys/unpcb.h
/Applications/Xcode.app/Contents/Developer/Platforms/MacOSX.platform/Developer/SDKs/MacOSX26.1.sdk/usr/include/sys/user.h
/Applications/Xcode.app/Contents/Developer/Platforms/MacOSX.platform/Developer/SDKs/MacOSX26.1.sdk/usr/include/sys/utfconv.h
/Applications/Xcode.app/Contents/Developer/Platforms/MacOSX.platform/Developer/SDKs/MacOSX26.1.sdk/usr/include/sys/vcmd.h
/Applications/Xcode.app/Contents/Developer/Platforms/MacOSX.platform/Developer/SDKs/MacOSX26.1.sdk/usr/include/sys/vnode.h
/Applications/Xcode.app/Contents/Developer/Platforms/MacOSX.platform/Developer/SDKs/MacOSX26.1.sdk/usr/include/_modules/_darwin_sys_signal.h
/Applications/Xcode.app/Contents/Developer/Platforms/MacOSX.platform/Developer/SDKs/MacOSX26.1.sdk/usr/include/sysdir.h
/Applications/Xcode.app/Contents/Developer/Platforms/MacOSX.platform/Developer/SDKs/MacOSX26.1.sdk/usr/include/libc.h
/Applications/Xcode.app/Contents/Developer/Platforms/MacOSX.platform/Developer/SDKs/MacOSX26.1.sdk/usr/include/paths.h
/Applications/Xcode.app/Contents/Developer/Platforms/MacOSX.platform/Developer/SDKs/MacOSX26.1.sdk/usr/include/sysexits.h
/Applications/Xcode.app/Contents/Developer/Platforms/MacOSX.platform/Developer/SDKs/MacOSX26.1.sdk/SDKSettings.json
/Applications/Xcode.app/Contents/Developer/Platforms/MacOSX.platform/Developer/SDKs/MacOSX26.1.sdk/System/Library/Frameworks/DiskArbitration.framework/Modules/module.modulemap
/Applications/Xcode.app/Contents/Developer/Platforms/MacOSX.platform/Developer/SDKs/MacOSX26.1.sdk/System/Library/Frameworks/DiskArbitration.framework/Headers/DiskArbitration.h
/Applications/Xcode.app/Contents/Developer/Platforms/MacOSX.platform/Developer/SDKs/MacOSX26.1.sdk/System/Library/Frameworks/CoreFoundation.framework/Modules/module.modulemap
/Applications/Xcode.app/Contents/Developer/Platforms/MacOSX.platform/Developer/SDKs/MacOSX26.1.sdk/usr/include/Darwin.modulemap
/Applications/Xcode.app/Contents/Developer/Platforms/MacOSX.platform/Developer/SDKs/MacOSX26.1.sdk/usr/include/DarwinFoundation1.modulemap
/Applications/Xcode.app/Contents/Developer/Platforms/MacOSX.platform/Developer/SDKs/MacOSX26.1.sdk/System/Library/Frameworks/DiskArbitration.framework/Headers/DADisk.h
/Applications/Xcode.app/Contents/Developer/Platforms/MacOSX.platform/Developer/SDKs/MacOSX26.1.sdk/System/Library/Frameworks/IOKit.framework/Modules/module.modulemap
/Applications/Xcode.app/Contents/Developer/Platforms/MacOSX.platform/Developer/SDKs/MacOSX26.1.sdk/System/Library/Frameworks/DiskArbitration.framework/Headers/DASession.h
/Applications/Xcode.app/Contents/Developer/Platforms/MacOSX.platform/Developer/SDKs/MacOSX26.1.sdk/System/Library/Frameworks/DiskArbitration.framework/Headers/DADissenter.h
/Applications/Xcode.app/Contents/Developer/Platforms/MacOSX.platform/Developer/SDKs/MacOSX26.1.sdk/SDKSettings.json
/Applications/Xcode.app/Contents/Developer/Toolchains/XcodeDefault.xctoolchain/usr/lib/swift/macosx/prebuilt-modules/26.1/Dispatch.swiftmodule/arm64e-apple-macos.swiftmodule
/Applications/Xcode.app/Contents/Developer/Platforms/MacOSX.platform/Developer/SDKs/MacOSX26.1.sdk/usr/include/Dispatch.apinotes
/Applications/Xcode.app/Contents/Developer/Platforms/MacOSX.platform/Developer/SDKs/MacOSX26.1.sdk/usr/include/dispatch.modulemap
/Applications/Xcode.app/Contents/Developer/Platforms/MacOSX.platform/Developer/SDKs/MacOSX26.1.sdk/usr/include/os.modulemap
/Applications/Xcode.app/Contents/Developer/Platforms/MacOSX.platform/Developer/SDKs/MacOSX26.1.sdk/usr/include/Darwin.modulemap
/Applications/Xcode.app/Contents/Developer/Platforms/MacOSX.platform/Developer/SDKs/MacOSX26.1.sdk/usr/include/Darwin_C.modulemap
/Applications/Xcode.app/Contents/Developer/Platforms/MacOSX.platform/Developer/SDKs/MacOSX26.1.sdk/usr/include/Darwin_POSIX.modulemap
/Applications/Xcode.app/Contents/Developer/Platforms/MacOSX.platform/Developer/SDKs/MacOSX26.1.sdk/usr/include/net.modulemap
/Applications/Xcode.app/Contents/Developer/Platforms/MacOSX.platform/Developer/SDKs/MacOSX26.1.sdk/usr/include/netinet.modulemap
/Applications/Xcode.app/Contents/Developer/Platforms/MacOSX.platform/Developer/SDKs/MacOSX26.1.sdk/usr/include/bank.modulemap
/Applications/Xcode.app/Contents/Developer/Platforms/MacOSX.platform/Developer/SDKs/MacOSX26.1.sdk/usr/include/Darwin_Mach.modulemap
/Applications/Xcode.app/Contents/Developer/Platforms/MacOSX.platform/Developer/SDKs/MacOSX26.1.sdk/usr/include/Darwin_Mach_machine.modulemap
/Applications/Xcode.app/Contents/Developer/Platforms/MacOSX.platform/Developer/SDKs/MacOSX26.1.sdk/usr/include/mach_debug.modulemap
/Applications/Xcode.app/Contents/Developer/Platforms/MacOSX.platform/Developer/SDKs/MacOSX26.1.sdk/usr/include/device.modulemap
/Applications/Xcode.app/Contents/Developer/Platforms/MacOSX.platform/Developer/SDKs/MacOSX26.1.sdk/usr/include/Darwin_machine.modulemap
/Applications/Xcode.app/Contents/Developer/Platforms/MacOSX.platform/Developer/SDKs/MacOSX26.1.sdk/usr/include/ncurses.modulemap
/Applications/Xcode.app/Contents/Developer/Platforms/MacOSX.platform/Developer/SDKs/MacOSX26.1.sdk/usr/include/netinet6.modulemap
/Applications/Xcode.app/Contents/Developer/Platforms/MacOSX.platform/Developer/SDKs/MacOSX26.1.sdk/usr/include/Darwin_sys.modulemap
/Applications/Xcode.app/Contents/Developer/Platforms/MacOSX.platform/Developer/SDKs/MacOSX26.1.sdk/usr/include/uuid.modulemap
/Applications/Xcode.app/Contents/Developer/Platforms/MacOSX.platform/Developer/SDKs/MacOSX26.1.sdk/usr/include/DarwinFoundation2.modulemap
/Applications/Xcode.app/Contents/Developer/Platforms/MacOSX.platform/Developer/SDKs/MacOSX26.1.sdk/usr/include/DarwinFoundation3.modulemap
/Applications/Xcode.app/Contents/Developer/Platforms/MacOSX.platform/Developer/SDKs/MacOSX26.1.sdk/usr/include/DarwinFoundation1.modulemap
/Applications/Xcode.app/Contents/Developer/Platforms/MacOSX.platform/Developer/SDKs/MacOSX26.1.sdk/usr/include/dispatch/dispatch.h
/Applications/Xcode.app/Contents/Developer/Toolchains/XcodeDefault.xctoolchain/usr/lib/swift/clang/include/module.modulemap
/Applications/Xcode.app/Contents/Developer/Toolchains/XcodeDefault.xctoolchain/usr/lib/swift/clang/include/stddef.h
/Applications/Xcode.app/Contents/Developer/Toolchains/XcodeDefault.xctoolchain/usr/lib/swift/clang/include/stdarg.h
/Applications/Xcode.app/Contents/Developer/Platforms/MacOSX.platform/Developer/SDKs/MacOSX26.1.sdk/usr/include/string.h
/Applications/Xcode.app/Contents/Developer/Platforms/MacOSX.platform/Developer/SDKs/MacOSX26.1.sdk/usr/include/dispatch/base.h
/Applications/Xcode.app/Contents/Developer/Platforms/MacOSX.platform/Developer/SDKs/MacOSX26.1.sdk/usr/include/dispatch/time.h
/Applications/Xcode.app/Contents/Developer/Platforms/MacOSX.platform/Developer/SDKs/MacOSX26.1.sdk/usr/include/dispatch/object.h
/Applications/Xcode.app/Contents/Developer/Platforms/MacOSX.platform/Developer/SDKs/MacOSX26.1.sdk/usr/include/dispatch/queue.h
/Applications/Xcode.app/Contents/Developer/Platforms/MacOSX.platform/Developer/SDKs/MacOSX26.1.sdk/usr/include/dispatch/block.h
/Applications/Xcode.app/Contents/Developer/Platforms/MacOSX.platform/Developer/SDKs/MacOSX26.1.sdk/usr/include/dispatch/source.h
/Applications/Xcode.app/Contents/Developer/Platforms/MacOSX.platform/Developer/SDKs/MacOSX26.1.sdk/usr/include/dispatch/group.h
/Applications/Xcode.app/Contents/Developer/Platforms/MacOSX.platform/Developer/SDKs/MacOSX26.1.sdk/usr/include/dispatch/semaphore.h
/Applications/Xcode.app/Contents/Developer/Platforms/MacOSX.platform/Developer/SDKs/MacOSX26.1.sdk/usr/include/dispatch/once.h
/Applications/Xcode.app/Contents/Developer/Platforms/MacOSX.platform/Developer/SDKs/MacOSX26.1.sdk/usr/include/dispatch/data.h
/Applications/Xcode.app/Contents/Developer/Platforms/MacOSX.platform/Developer/SDKs/MacOSX26.1.sdk/usr/include/dispatch/io.h
/Applications/Xcode.app/Contents/Developer/Platforms/MacOSX.platform/Developer/SDKs/MacOSX26.1.sdk/usr/include/dispatch/workloop.h
/Applications/Xcode.app/Contents/Developer/Platforms/MacOSX.platform/Developer/SDKs/MacOSX26.1.sdk/usr/include/dispatch/dispatch_swift_shims.h
/Applications/Xcode.app/Contents/Developer/Platforms/MacOSX.platform/Developer/SDKs/MacOSX26.1.sdk/SDKSettings.json
/Applications/Xcode.app/Contents/Developer/Toolchains/XcodeDefault.xctoolchain/usr/lib/swift/macosx/prebuilt-modules/26.1/Foundation.swiftmodule/arm64e-apple-macos.swiftmodule
/Applications/Xcode.app/Contents/Developer/Platforms/MacOSX.platform/Developer/SDKs/MacOSX26.1.sdk/System/Library/Frameworks/Foundation.framework/Headers/Foundation.apinotes
/Applications/Xcode.app/Contents/Developer/Platforms/MacOSX.platform/Developer/SDKs/MacOSX26.1.sdk/System/Library/Frameworks/Foundation.framework/Modules/module.modulemap
/Applications/Xcode.app/Contents/Developer/Platforms/MacOSX.platform/Developer/SDKs/MacOSX26.1.sdk/System/Library/Frameworks/Foundation.framework/Headers/Foundation.h
/Applications/Xcode.app/Contents/Developer/Platforms/MacOSX.platform/Developer/SDKs/MacOSX26.1.sdk/System/Library/Frameworks/CoreFoundation.framework/Modules/module.modulemap
/Applications/Xcode.app/Contents/Developer/Platforms/MacOSX.platform/Developer/SDKs/MacOSX26.1.sdk/System/Library/Frameworks/Foundation.framework/Headers/NSObjCRuntime.h
/Applications/Xcode.app/Contents/Developer/Platforms/MacOSX.platform/Developer/SDKs/MacOSX26.1.sdk/usr/include/xpc.modulemap
/Applications/Xcode.app/Contents/Developer/Platforms/MacOSX.platform/Developer/SDKs/MacOSX26.1.sdk/usr/include/dispatch.modulemap
/Applications/Xcode.app/Contents/Developer/Platforms/MacOSX.platform/Developer/SDKs/MacOSX26.1.sdk/usr/include/ObjectiveC.modulemap
/Applications/Xcode.app/Contents/Developer/Platforms/MacOSX.platform/Developer/SDKs/MacOSX26.1.sdk/usr/include/Darwin.modulemap
/Applications/Xcode.app/Contents/Developer/Platforms/MacOSX.platform/Developer/SDKs/MacOSX26.1.sdk/usr/include/DarwinFoundation1.modulemap
/Applications/Xcode.app/Contents/Developer/Toolchains/XcodeDefault.xctoolchain/usr/lib/swift/clang/include/module.modulemap
/Applications/Xcode.app/Contents/Developer/Toolchains/XcodeDefault.xctoolchain/usr/lib/swift/clang/include/stdarg.h
/Applications/Xcode.app/Contents/Developer/Platforms/MacOSX.platform/Developer/SDKs/MacOSX26.1.sdk/System/Library/Frameworks/Foundation.framework/Headers/NSArray.h
/Applications/Xcode.app/Contents/Developer/Platforms/MacOSX.platform/Developer/SDKs/MacOSX26.1.sdk/System/Library/Frameworks/Foundation.framework/Headers/NSObject.h
/Applications/Xcode.app/Contents/Developer/Platforms/MacOSX.platform/Developer/SDKs/MacOSX26.1.sdk/System/Library/Frameworks/Foundation.framework/Headers/NSZone.h
/Applications/Xcode.app/Contents/Developer/Toolchains/XcodeDefault.xctoolchain/usr/lib/swift/clang/include/stddef.h
/Applications/Xcode.app/Contents/Developer/Platforms/MacOSX.platform/Developer/SDKs/MacOSX26.1.sdk/System/Library/Frameworks/Foundation.framework/Headers/NSEnumerator.h
/Applications/Xcode.app/Contents/Developer/Platforms/MacOSX.platform/Developer/SDKs/MacOSX26.1.sdk/System/Library/Frameworks/Foundation.framework/Headers/NSRange.h
/Applications/Xcode.app/Contents/Developer/Platforms/MacOSX.platform/Developer/SDKs/MacOSX26.1.sdk/System/Library/Frameworks/Foundation.framework/Headers/NSValue.h
/Applications/Xcode.app/Contents/Developer/Platforms/MacOSX.platform/Developer/SDKs/MacOSX26.1.sdk/System/Library/Frameworks/Foundation.framework/Headers/NSOrderedCollectionDifference.h
/Applications/Xcode.app/Contents/Developer/Platforms/MacOSX.platform/Developer/SDKs/MacOSX26.1.sdk/System/Library/Frameworks/Foundation.framework/Headers/NSOrderedCollectionChange.h
/Applications/Xcode.app/Contents/Developer/Platforms/MacOSX.platform/Developer/SDKs/MacOSX26.1.sdk/System/Library/Frameworks/Foundation.framework/Headers/NSIndexSet.h
/Applications/Xcode.app/Contents/Developer/Platforms/MacOSX.platform/Developer/SDKs/MacOSX26.1.sdk/System/Library/Frameworks/Foundation.framework/Headers/NSAutoreleasePool.h
/Applications/Xcode.app/Contents/Developer/Platforms/MacOSX.platform/Developer/SDKs/MacOSX26.1.sdk/System/Library/Frameworks/Foundation.framework/Headers/NSBundle.h
/Applications/Xcode.app/Contents/Developer/Platforms/MacOSX.platform/Developer/SDKs/MacOSX26.1.sdk/System/Library/Frameworks/Foundation.framework/Headers/NSString.h
/Applications/Xcode.app/Contents/Developer/Platforms/MacOSX.platform/Developer/SDKs/MacOSX26.1.sdk/System/Library/Frameworks/Foundation.framework/Headers/NSItemProvider.h
/Applications/Xcode.app/Contents/Developer/Platforms/MacOSX.platform/Developer/SDKs/MacOSX26.1.sdk/System/Library/Frameworks/Foundation.framework/Headers/NSDictionary.h
/Applications/Xcode.app/Contents/Developer/Platforms/MacOSX.platform/Developer/SDKs/MacOSX26.1.sdk/System/Library/Frameworks/Foundation.framework/Headers/NSSet.h
/Applications/Xcode.app/Contents/Developer/Platforms/MacOSX.platform/Developer/SDKs/MacOSX26.1.sdk/System/Library/Frameworks/Foundation.framework/Headers/NSProgress.h
/Applications/Xcode.app/Contents/Developer/Platforms/MacOSX.platform/Developer/SDKs/MacOSX26.1.sdk/System/Library/Frameworks/Foundation.framework/Headers/NSNotification.h
/Applications/Xcode.app/Contents/Developer/Platforms/MacOSX.platform/Developer/SDKs/MacOSX26.1.sdk/System/Library/Frameworks/Foundation.framework/Headers/NSByteOrder.h
/Applications/Xcode.app/Contents/Developer/Platforms/MacOSX.platform/Developer/SDKs/MacOSX26.1.sdk/System/Library/Frameworks/Foundation.framework/Headers/NSCalendar.h
/Applications/Xcode.app/Contents/Developer/Platforms/MacOSX.platform/Developer/SDKs/MacOSX26.1.sdk/System/Library/Frameworks/Foundation.framework/Headers/NSDate.h
/Applications/Xcode.app/Contents/Developer/Platforms/MacOSX.platform/Developer/SDKs/MacOSX26.1.sdk/System/Library/Frameworks/Foundation.framework/Headers/NSCharacterSet.h
/Applications/Xcode.app/Contents/Developer/Platforms/MacOSX.platform/Developer/SDKs/MacOSX26.1.sdk/System/Library/Frameworks/Foundation.framework/Headers/NSCoder.h
/Applications/Xcode.app/Contents/Developer/Platforms/MacOSX.platform/Developer/SDKs/MacOSX26.1.sdk/System/Library/Frameworks/Foundation.framework/Headers/NSData.h
/Applications/Xcode.app/Contents/Developer/Platforms/MacOSX.platform/Developer/SDKs/MacOSX26.1.sdk/System/Library/Frameworks/Foundation.framework/Headers/NSDateInterval.h
/Applications/Xcode.app/Contents/Developer/Platforms/MacOSX.platform/Developer/SDKs/MacOSX26.1.sdk/System/Library/Frameworks/Foundation.framework/Headers/NSDateFormatter.h
/Applications/Xcode.app/Contents/Developer/Platforms/MacOSX.platform/Developer/SDKs/MacOSX26.1.sdk/System/Library/Frameworks/Foundation.framework/Headers/NSFormatter.h
/Applications/Xcode.app/Contents/Developer/Platforms/MacOSX.platform/Developer/SDKs/MacOSX26.1.sdk/System/Library/Frameworks/Foundation.framework/Headers/NSAttributedString.h
/Applications/Xcode.app/Contents/Developer/Platforms/MacOSX.platform/Developer/SDKs/MacOSX26.1.sdk/System/Library/Frameworks/Foundation.framework/Headers/NSDateIntervalFormatter.h
/Applications/Xcode.app/Contents/Developer/Platforms/MacOSX.platform/Developer/SDKs/MacOSX26.1.sdk/System/Library/Frameworks/Foundation.framework/Headers/NSISO8601DateFormatter.h
/Applications/Xcode.app/Contents/Developer/Platforms/MacOSX.platform/Developer/SDKs/MacOSX26.1.sdk/System/Library/Frameworks/Foundation.framework/Headers/NSMassFormatter.h
/Applications/Xcode.app/Contents/Developer/Platforms/MacOSX.platform/Developer/SDKs/MacOSX26.1.sdk/System/Library/Frameworks/Foundation.framework/Headers/NSLengthFormatter.h
/Applications/Xcode.app/Contents/Developer/Platforms/MacOSX.platform/Developer/SDKs/MacOSX26.1.sdk/System/Library/Frameworks/Foundation.framework/Headers/NSEnergyFormatter.h
/Applications/Xcode.app/Contents/Developer/Platforms/MacOSX.platform/Developer/SDKs/MacOSX26.1.sdk/System/Library/Frameworks/Foundation.framework/Headers/NSMeasurementFormatter.h
/Applications/Xcode.app/Contents/Developer/Platforms/MacOSX.platform/Developer/SDKs/MacOSX26.1.sdk/System/Library/Frameworks/Foundation.framework/Headers/NSNumberFormatter.h
/Applications/Xcode.app/Contents/Developer/Platforms/MacOSX.platform/Developer/SDKs/MacOSX26.1.sdk/System/Library/Frameworks/Foundation.framework/Headers/NSMeasurement.h
/Applications/Xcode.app/Contents/Developer/Platforms/MacOSX.platform/Developer/SDKs/MacOSX26.1.sdk/System/Library/Frameworks/Foundation.framework/Headers/NSUnit.h
/Applications/Xcode.app/Contents/Developer/Platforms/MacOSX.platform/Developer/SDKs/MacOSX26.1.sdk/System/Library/Frameworks/Foundation.framework/Headers/NSLocale.h
/Applications/Xcode.app/Contents/Developer/Platforms/MacOSX.platform/Developer/SDKs/MacOSX26.1.sdk/System/Library/Frameworks/Foundation.framework/Headers/NSPersonNameComponents.h
/Applications/Xcode.app/Contents/Developer/Platforms/MacOSX.platform/Developer/SDKs/MacOSX26.1.sdk/System/Library/Frameworks/Foundation.framework/Headers/NSPersonNameComponentsFormatter.h
/Applications/Xcode.app/Contents/Developer/Platforms/MacOSX.platform/Developer/SDKs/MacOSX26.1.sdk/System/Library/Frameworks/Foundation.framework/Headers/NSRelativeDateTimeFormatter.h
/Applications/Xcode.app/Contents/Developer/Platforms/MacOSX.platform/Developer/SDKs/MacOSX26.1.sdk/System/Library/Frameworks/Foundation.framework/Headers/NSListFormatter.h
/Applications/Xcode.app/Contents/Developer/Platforms/MacOSX.platform/Developer/SDKs/MacOSX26.1.sdk/System/Library/Frameworks/Foundation.framework/Headers/NSDecimal.h
/Applications/Xcode.app/Contents/Developer/Platforms/MacOSX.platform/Developer/SDKs/MacOSX26.1.sdk/System/Library/Frameworks/Foundation.framework/Headers/NSDecimalNumber.h
/Applications/Xcode.app/Contents/Developer/Platforms/MacOSX.platform/Developer/SDKs/MacOSX26.1.sdk/System/Library/Frameworks/Foundation.framework/Headers/NSScanner.h
/Applications/Xcode.app/Contents/Developer/Platforms/MacOSX.platform/Developer/SDKs/MacOSX26.1.sdk/System/Library/Frameworks/Foundation.framework/Headers/NSException.h
/Applications/Xcode.app/Contents/Developer/Platforms/MacOSX.platform/Developer/SDKs/MacOSX26.1.sdk/System/Library/Frameworks/Foundation.framework/Headers/NSError.h
/Applications/Xcode.app/Contents/Developer/Platforms/MacOSX.platform/Developer/SDKs/MacOSX26.1.sdk/System/Library/Frameworks/Foundation.framework/Headers/NSFileHandle.h
/Applications/Xcode.app/Contents/Developer/Platforms/MacOSX.platform/Developer/SDKs/MacOSX26.1.sdk/System/Library/Frameworks/Foundation.framework/Headers/NSRunLoop.h
/Applications/Xcode.app/Contents/Developer/Platforms/MacOSX.platform/Developer/SDKs/MacOSX26.1.sdk/System/Library/Frameworks/Foundation.framework/Headers/NSFileManager.h
/Applications/Xcode.app/Contents/Developer/Platforms/MacOSX.platform/Developer/SDKs/MacOSX26.1.sdk/System/Library/Frameworks/Foundation.framework/Headers/NSPathUtilities.h
/Applications/Xcode.app/Contents/Developer/Platforms/MacOSX.platform/Developer/SDKs/MacOSX26.1.sdk/System/Library/Frameworks/Foundation.framework/Headers/NSURL.h
/Applications/Xcode.app/Contents/Developer/Platforms/MacOSX.platform/Developer/SDKs/MacOSX26.1.sdk/System/Library/Frameworks/Foundation.framework/Headers/NSURLHandle.h
/Applications/Xcode.app/Contents/Developer/Platforms/MacOSX.platform/Developer/SDKs/MacOSX26.1.sdk/System/Library/Frameworks/Foundation.framework/Headers/NSHashTable.h
/Applications/Xcode.app/Contents/Developer/Platforms/MacOSX.platform/Developer/SDKs/MacOSX26.1.sdk/System/Library/Frameworks/Foundation.framework/Headers/NSPointerFunctions.h
/Applications/Xcode.app/Contents/Developer/Platforms/MacOSX.platform/Developer/SDKs/MacOSX26.1.sdk/System/Library/Frameworks/Foundation.framework/Headers/NSHTTPCookie.h
/Applications/Xcode.app/Contents/Developer/Platforms/MacOSX.platform/Developer/SDKs/MacOSX26.1.sdk/System/Library/Frameworks/Foundation.framework/Headers/NSHTTPCookieStorage.h
/Applications/Xcode.app/Contents/Developer/Platforms/MacOSX.platform/Developer/SDKs/MacOSX26.1.sdk/System/Library/Frameworks/Foundation.framework/Headers/NSIndexPath.h
/Applications/Xcode.app/Contents/Developer/Platforms/MacOSX.platform/Developer/SDKs/MacOSX26.1.sdk/System/Library/Frameworks/Foundation.framework/Headers/NSInflectionRule.h
/Applications/Xcode.app/Contents/Developer/Platforms/MacOSX.platform/Developer/SDKs/MacOSX26.1.sdk/System/Library/Frameworks/Foundation.framework/Headers/NSInvocation.h
/Applications/Xcode.app/Contents/Developer/Platforms/MacOSX.platform/Developer/SDKs/MacOSX26.1.sdk/System/Library/Frameworks/Foundation.framework/Headers/NSJSONSerialization.h
/Applications/Xcode.app/Contents/Developer/Platforms/MacOSX.platform/Developer/SDKs/MacOSX26.1.sdk/System/Library/Frameworks/Foundation.framework/Headers/NSKeyValueCoding.h
/Applications/Xcode.app/Contents/Developer/Platforms/MacOSX.platform/Developer/SDKs/MacOSX26.1.sdk/System/Library/Frameworks/Foundation.framework/Headers/NSOrderedSet.h
/Applications/Xcode.app/Contents/Developer/Platforms/MacOSX.platform/Developer/SDKs/MacOSX26.1.sdk/System/Library/Frameworks/Foundation.framework/Headers/NSKeyValueObserving.h
/Applications/Xcode.app/Contents/Developer/Platforms/MacOSX.platform/Developer/SDKs/MacOSX26.1.sdk/System/Library/Frameworks/Foundation.framework/Headers/NSKeyValueSharedObservers.h
/Applications/Xcode.app/Contents/Developer/Platforms/MacOSX.platform/Developer/SDKs/MacOSX26.1.sdk/System/Library/Frameworks/Foundation.framework/Headers/NSKeyedArchiver.h
/Applications/Xcode.app/Contents/Developer/Platforms/MacOSX.platform/Developer/SDKs/MacOSX26.1.sdk/System/Library/Frameworks/Foundation.framework/Headers/NSPropertyList.h
/Applications/Xcode.app/Contents/Developer/Platforms/MacOSX.platform/Developer/SDKs/MacOSX26.1.sdk/System/Library/Frameworks/Foundation.framework/Headers/NSGeometry.h
/Applications/Xcode.app/Contents/Developer/Platforms/MacOSX.platform/Developer/SDKs/MacOSX26.1.sdk/System/Library/Frameworks/Foundation.framework/Headers/NSLock.h
/Applications/Xcode.app/Contents/Developer/Platforms/MacOSX.platform/Developer/SDKs/MacOSX26.1.sdk/System/Library/Frameworks/Foundation.framework/Headers/NSMapTable.h
/Applications/Xcode.app/Contents/Developer/Platforms/MacOSX.platform/Developer/SDKs/MacOSX26.1.sdk/System/Library/Frameworks/Foundation.framework/Headers/NSMethodSignature.h
/Applications/Xcode.app/Contents/Developer/Platforms/MacOSX.platform/Developer/SDKs/MacOSX26.1.sdk/System/Library/Frameworks/Foundation.framework/Headers/NSMorphology.h
/Applications/Xcode.app/Contents/Developer/Platforms/MacOSX.platform/Developer/SDKs/MacOSX26.1.sdk/System/Library/Frameworks/Foundation.framework/Headers/NSTermOfAddress.h
/Applications/Xcode.app/Contents/Developer/Platforms/MacOSX.platform/Developer/SDKs/MacOSX26.1.sdk/System/Library/Frameworks/Foundation.framework/Headers/NSNotificationQueue.h
/Applications/Xcode.app/Contents/Developer/Platforms/MacOSX.platform/Developer/SDKs/MacOSX26.1.sdk/System/Library/Frameworks/Foundation.framework/Headers/NSNull.h
/Applications/Xcode.app/Contents/Developer/Platforms/MacOSX.platform/Developer/SDKs/MacOSX26.1.sdk/System/Library/Frameworks/Foundation.framework/Headers/NSLocalizedNumberFormatRule.h
/Applications/Xcode.app/Contents/Developer/Platforms/MacOSX.platform/Developer/SDKs/MacOSX26.1.sdk/System/Library/Frameworks/Foundation.framework/Headers/NSOperation.h
/Applications/Xcode.app/Contents/Developer/Platforms/MacOSX.platform/Developer/SDKs/MacOSX26.1.sdk/System/Library/Frameworks/Foundation.framework/Headers/NSOrthography.h
/Applications/Xcode.app/Contents/Developer/Platforms/MacOSX.platform/Developer/SDKs/MacOSX26.1.sdk/System/Library/Frameworks/Foundation.framework/Headers/NSPointerArray.h
/Applications/Xcode.app/Contents/Developer/Platforms/MacOSX.platform/Developer/SDKs/MacOSX26.1.sdk/System/Library/Frameworks/Foundation.framework/Headers/NSPort.h
/Applications/Xcode.app/Contents/Developer/Platforms/MacOSX.platform/Developer/SDKs/MacOSX26.1.sdk/System/Library/Frameworks/Foundation.framework/Headers/NSProcessInfo.h
/Applications/Xcode.app/Contents/Developer/Platforms/MacOSX.platform/Developer/SDKs/MacOSX26.1.sdk/System/Library/Frameworks/Foundation.framework/Headers/NSProxy.h
/Applications/Xcode.app/Contents/Developer/Platforms/MacOSX.platform/Developer/SDKs/MacOSX26.1.sdk/System/Library/Frameworks/Foundation.framework/Headers/NSRegularExpression.h
/Applications/Xcode.app/Contents/Developer/Platforms/MacOSX.platform/Developer/SDKs/MacOSX26.1.sdk/System/Library/Frameworks/Foundation.framework/Headers/NSTextCheckingResult.h
/Applications/Xcode.app/Contents/Developer/Platforms/MacOSX.platform/Developer/SDKs/MacOSX26.1.sdk/System/Library/Frameworks/Foundation.framework/Headers/NSSortDescriptor.h
/Applications/Xcode.app/Contents/Developer/Platforms/MacOSX.platform/Developer/SDKs/MacOSX26.1.sdk/System/Library/Frameworks/Foundation.framework/Headers/NSStream.h
/Applications/Xcode.app/Contents/Developer/Platforms/MacOSX.platform/Developer/SDKs/MacOSX26.1.sdk/System/Library/Frameworks/Foundation.framework/Headers/NSThread.h
/Applications/Xcode.app/Contents/Developer/Platforms/MacOSX.platform/Developer/SDKs/MacOSX26.1.sdk/System/Library/Frameworks/Foundation.framework/Headers/NSTimeZone.h
/Applications/Xcode.app/Contents/Developer/Platforms/MacOSX.platform/Developer/SDKs/MacOSX26.1.sdk/System/Library/Frameworks/Foundation.framework/Headers/NSTimer.h
/Applications/Xcode.app/Contents/Developer/Platforms/MacOSX.platform/Developer/SDKs/MacOSX26.1.sdk/System/Library/Frameworks/Foundation.framework/Headers/NSURLAuthenticationChallenge.h
/Applications/Xcode.app/Contents/Developer/Platforms/MacOSX.platform/Developer/SDKs/MacOSX26.1.sdk/System/Library/Frameworks/Foundation.framework/Headers/NSURLCache.h
/Applications/Xcode.app/Contents/Developer/Platforms/MacOSX.platform/Developer/SDKs/MacOSX26.1.sdk/System/Library/Frameworks/Foundation.framework/Headers/NSURLConnection.h
/Applications/Xcode.app/Contents/Developer/Platforms/MacOSX.platform/Developer/SDKs/MacOSX26.1.sdk/System/Library/Frameworks/Foundation.framework/Headers/NSURLCredential.h
/Applications/Xcode.app/Contents/Developer/Platforms/MacOSX.platform/Developer/SDKs/MacOSX26.1.sdk/System/Library/Frameworks/Security.framework/Modules/module.modulemap
/Applications/Xcode.app/Contents/Developer/Platforms/MacOSX.platform/Developer/SDKs/MacOSX26.1.sdk/System/Library/Frameworks/Foundation.framework/Headers/NSURLCredentialStorage.h
/Applications/Xcode.app/Contents/Developer/Platforms/MacOSX.platform/Developer/SDKs/MacOSX26.1.sdk/System/Library/Frameworks/Foundation.framework/Headers/NSURLProtectionSpace.h
/Applications/Xcode.app/Contents/Developer/Platforms/MacOSX.platform/Developer/SDKs/MacOSX26.1.sdk/System/Library/Frameworks/Foundation.framework/Headers/NSURLError.h
/Applications/Xcode.app/Contents/Developer/Platforms/MacOSX.platform/Developer/SDKs/MacOSX26.1.sdk/System/Library/Frameworks/CoreServices.framework/Modules/module.modulemap
/Applications/Xcode.app/Contents/Developer/Platforms/MacOSX.platform/Developer/SDKs/MacOSX26.1.sdk/System/Library/Frameworks/Foundation.framework/Headers/NSURLProtocol.h
/Applications/Xcode.app/Contents/Developer/Platforms/MacOSX.platform/Developer/SDKs/MacOSX26.1.sdk/System/Library/Frameworks/Foundation.framework/Headers/NSURLRequest.h
/Applications/Xcode.app/Contents/Developer/Platforms/MacOSX.platform/Developer/SDKs/MacOSX26.1.sdk/System/Library/Frameworks/Foundation.framework/Headers/NSURLResponse.h
/Applications/Xcode.app/Contents/Developer/Platforms/MacOSX.platform/Developer/SDKs/MacOSX26.1.sdk/System/Library/Frameworks/Foundation.framework/Headers/NSUserDefaults.h
/Applications/Xcode.app/Contents/Developer/Platforms/MacOSX.platform/Developer/SDKs/MacOSX26.1.sdk/System/Library/Frameworks/Foundation.framework/Headers/NSValueTransformer.h
/Applications/Xcode.app/Contents/Developer/Platforms/MacOSX.platform/Developer/SDKs/MacOSX26.1.sdk/System/Library/Frameworks/Foundation.framework/Headers/NSXMLParser.h
/Applications/Xcode.app/Contents/Developer/Platforms/MacOSX.platform/Developer/SDKs/MacOSX26.1.sdk/System/Library/Frameworks/Foundation.framework/Headers/NSXPCConnection.h
/Applications/Xcode.app/Contents/Developer/Platforms/MacOSX.platform/Developer/SDKs/MacOSX26.1.sdk/System/Library/Frameworks/Foundation.framework/Headers/FoundationErrors.h
/Applications/Xcode.app/Contents/Developer/Platforms/MacOSX.platform/Developer/SDKs/MacOSX26.1.sdk/System/Library/Frameworks/Foundation.framework/Headers/NSByteCountFormatter.h
/Applications/Xcode.app/Contents/Developer/Platforms/MacOSX.platform/Developer/SDKs/MacOSX26.1.sdk/System/Library/Frameworks/Foundation.framework/Headers/NSCache.h
/Applications/Xcode.app/Contents/Developer/Platforms/MacOSX.platform/Developer/SDKs/MacOSX26.1.sdk/System/Library/Frameworks/Foundation.framework/Headers/NSComparisonPredicate.h
/Applications/Xcode.app/Contents/Developer/Platforms/MacOSX.platform/Developer/SDKs/MacOSX26.1.sdk/System/Library/Frameworks/Foundation.framework/Headers/NSPredicate.h
/Applications/Xcode.app/Contents/Developer/Platforms/MacOSX.platform/Developer/SDKs/MacOSX26.1.sdk/System/Library/Frameworks/Foundation.framework/Headers/NSCompoundPredicate.h
/Applications/Xcode.app/Contents/Developer/Platforms/MacOSX.platform/Developer/SDKs/MacOSX26.1.sdk/System/Library/Frameworks/Foundation.framework/Headers/NSDateComponentsFormatter.h
/Applications/Xcode.app/Contents/Developer/Platforms/MacOSX.platform/Developer/SDKs/MacOSX26.1.sdk/System/Library/Frameworks/Foundation.framework/Headers/NSExpression.h
/Applications/Xcode.app/Contents/Developer/Platforms/MacOSX.platform/Developer/SDKs/MacOSX26.1.sdk/System/Library/Frameworks/Foundation.framework/Headers/NSExtensionContext.h
/Applications/Xcode.app/Contents/Developer/Platforms/MacOSX.platform/Developer/SDKs/MacOSX26.1.sdk/System/Library/Frameworks/Foundation.framework/Headers/NSExtensionItem.h
/Applications/Xcode.app/Contents/Developer/Platforms/MacOSX.platform/Developer/SDKs/MacOSX26.1.sdk/System/Library/Frameworks/Foundation.framework/Headers/NSExtensionRequestHandling.h
/Applications/Xcode.app/Contents/Developer/Platforms/MacOSX.platform/Developer/SDKs/MacOSX26.1.sdk/System/Library/Frameworks/Foundation.framework/Headers/NSFileCoordinator.h
/Applications/Xcode.app/Contents/Developer/Platforms/MacOSX.platform/Developer/SDKs/MacOSX26.1.sdk/System/Library/Frameworks/Foundation.framework/Headers/NSFilePresenter.h
/Applications/Xcode.app/Contents/Developer/Platforms/MacOSX.platform/Developer/SDKs/MacOSX26.1.sdk/System/Library/Frameworks/Foundation.framework/Headers/NSFileVersion.h
/Applications/Xcode.app/Contents/Developer/Platforms/MacOSX.platform/Developer/SDKs/MacOSX26.1.sdk/System/Library/Frameworks/Foundation.framework/Headers/NSFileWrapper.h
/Applications/Xcode.app/Contents/Developer/Platforms/MacOSX.platform/Developer/SDKs/MacOSX26.1.sdk/System/Library/Frameworks/Foundation.framework/Headers/NSLinguisticTagger.h
/Applications/Xcode.app/Contents/Developer/Platforms/MacOSX.platform/Developer/SDKs/MacOSX26.1.sdk/System/Library/Frameworks/Foundation.framework/Headers/NSMetadata.h
/Applications/Xcode.app/Contents/Developer/Platforms/MacOSX.platform/Developer/SDKs/MacOSX26.1.sdk/System/Library/Frameworks/Foundation.framework/Headers/NSMetadataAttributes.h
/Applications/Xcode.app/Contents/Developer/Platforms/MacOSX.platform/Developer/SDKs/MacOSX26.1.sdk/System/Library/Frameworks/Foundation.framework/Headers/NSNetServices.h
/Applications/Xcode.app/Contents/Developer/Platforms/MacOSX.platform/Developer/SDKs/MacOSX26.1.sdk/System/Library/Frameworks/Foundation.framework/Headers/NSUbiquitousKeyValueStore.h
/Applications/Xcode.app/Contents/Developer/Platforms/MacOSX.platform/Developer/SDKs/MacOSX26.1.sdk/System/Library/Frameworks/Foundation.framework/Headers/NSUndoManager.h
/Applications/Xcode.app/Contents/Developer/Platforms/MacOSX.platform/Developer/SDKs/MacOSX26.1.sdk/System/Library/Frameworks/Foundation.framework/Headers/NSURLSession.h
/Applications/Xcode.app/Contents/Developer/Platforms/MacOSX.platform/Developer/SDKs/MacOSX26.1.sdk/System/Library/Frameworks/Foundation.framework/Headers/NSUserActivity.h
/Applications/Xcode.app/Contents/Developer/Platforms/MacOSX.platform/Developer/SDKs/MacOSX26.1.sdk/System/Library/Frameworks/Foundation.framework/Headers/NSUUID.h
/Applications/Xcode.app/Contents/Developer/Platforms/MacOSX.platform/Developer/SDKs/MacOSX26.1.sdk/System/Library/Frameworks/Foundation.framework/Headers/NSAffineTransform.h
/Applications/Xcode.app/Contents/Developer/Platforms/MacOSX.platform/Developer/SDKs/MacOSX26.1.sdk/System/Library/Frameworks/Foundation.framework/Headers/NSAppleScript.h
/Applications/Xcode.app/Contents/Developer/Platforms/MacOSX.platform/Developer/SDKs/MacOSX26.1.sdk/System/Library/Frameworks/Foundation.framework/Headers/NSArchiver.h
/Applications/Xcode.app/Contents/Developer/Platforms/MacOSX.platform/Developer/SDKs/MacOSX26.1.sdk/System/Library/Frameworks/Foundation.framework/Headers/NSBackgroundActivityScheduler.h
/Applications/Xcode.app/Contents/Developer/Platforms/MacOSX.platform/Developer/SDKs/MacOSX26.1.sdk/System/Library/Frameworks/Foundation.framework/Headers/NSCalendarDate.h
/Applications/Xcode.app/Contents/Developer/Platforms/MacOSX.platform/Developer/SDKs/MacOSX26.1.sdk/System/Library/Frameworks/Foundation.framework/Headers/NSConnection.h
/Applications/Xcode.app/Contents/Developer/Platforms/MacOSX.platform/Developer/SDKs/MacOSX26.1.sdk/System/Library/Frameworks/Foundation.framework/Headers/NSDistantObject.h
/Applications/Xcode.app/Contents/Developer/Platforms/MacOSX.platform/Developer/SDKs/MacOSX26.1.sdk/System/Library/Frameworks/Foundation.framework/Headers/NSDistributedNotificationCenter.h
/Applications/Xcode.app/Contents/Developer/Platforms/MacOSX.platform/Developer/SDKs/MacOSX26.1.sdk/System/Library/Frameworks/Foundation.framework/Headers/NSPortCoder.h
/Applications/Xcode.app/Contents/Developer/Platforms/MacOSX.platform/Developer/SDKs/MacOSX26.1.sdk/System/Library/Frameworks/Foundation.framework/Headers/NSPortMessage.h
/Applications/Xcode.app/Contents/Developer/Platforms/MacOSX.platform/Developer/SDKs/MacOSX26.1.sdk/System/Library/Frameworks/Foundation.framework/Headers/NSPortNameServer.h
/Applications/Xcode.app/Contents/Developer/Platforms/MacOSX.platform/Developer/SDKs/MacOSX26.1.sdk/System/Library/Frameworks/Foundation.framework/Headers/NSProtocolChecker.h
/Applications/Xcode.app/Contents/Developer/Platforms/MacOSX.platform/Developer/SDKs/MacOSX26.1.sdk/System/Library/Frameworks/Foundation.framework/Headers/NSTask.h
/Applications/Xcode.app/Contents/Developer/Platforms/MacOSX.platform/Developer/SDKs/MacOSX26.1.sdk/System/Library/Frameworks/Foundation.framework/Headers/NSXMLDTD.h
/Applications/Xcode.app/Contents/Developer/Platforms/MacOSX.platform/Developer/SDKs/MacOSX26.1.sdk/System/Library/Frameworks/Foundation.framework/Headers/NSXMLNode.h
/Applications/Xcode.app/Contents/Developer/Platforms/MacOSX.platform/Developer/SDKs/MacOSX26.1.sdk/System/Library/Frameworks/Foundation.framework/Headers/NSXMLNodeOptions.h
/Applications/Xcode.app/Contents/Developer/Platforms/MacOSX.platform/Developer/SDKs/MacOSX26.1.sdk/System/Library/Frameworks/Foundation.framework/Headers/NSXMLDTDNode.h
/Applications/Xcode.app/Contents/Developer/Platforms/MacOSX.platform/Developer/SDKs/MacOSX26.1.sdk/System/Library/Frameworks/Foundation.framework/Headers/NSXMLDocument.h
/Applications/Xcode.app/Contents/Developer/Platforms/MacOSX.platform/Developer/SDKs/MacOSX26.1.sdk/System/Library/Frameworks/Foundation.framework/Headers/NSXMLElement.h
/Applications/Xcode.app/Contents/Developer/Platforms/MacOSX.platform/Developer/SDKs/MacOSX26.1.sdk/System/Library/Frameworks/Foundation.framework/Headers/NSURLDownload.h
/Applications/Xcode.app/Contents/Developer/Platforms/MacOSX.platform/Developer/SDKs/MacOSX26.1.sdk/System/Library/Frameworks/Foundation.framework/Headers/NSAppleEventDescriptor.h
/Applications/Xcode.app/Contents/Developer/Platforms/MacOSX.platform/Developer/SDKs/MacOSX26.1.sdk/System/Library/Frameworks/Foundation.framework/Headers/NSAppleEventManager.h
/Applications/Xcode.app/Contents/Developer/Platforms/MacOSX.platform/Developer/SDKs/MacOSX26.1.sdk/System/Library/Frameworks/Foundation.framework/Headers/NSClassDescription.h
/Applications/Xcode.app/Contents/Developer/Platforms/MacOSX.platform/Developer/SDKs/MacOSX26.1.sdk/System/Library/Frameworks/Foundation.framework/Headers/NSDistributedLock.h
/Applications/Xcode.app/Contents/Developer/Platforms/MacOSX.platform/Developer/SDKs/MacOSX26.1.sdk/System/Library/Frameworks/Foundation.framework/Headers/NSGarbageCollector.h
/Applications/Xcode.app/Contents/Developer/Platforms/MacOSX.platform/Developer/SDKs/MacOSX26.1.sdk/System/Library/Frameworks/Foundation.framework/Headers/NSHFSFileTypes.h
/Applications/Xcode.app/Contents/Developer/Platforms/MacOSX.platform/Developer/SDKs/MacOSX26.1.sdk/System/Library/Frameworks/Foundation.framework/Headers/NSHost.h
/Applications/Xcode.app/Contents/Developer/Platforms/MacOSX.platform/Developer/SDKs/MacOSX26.1.sdk/System/Library/Frameworks/Foundation.framework/Headers/NSObjectScripting.h
/Applications/Xcode.app/Contents/Developer/Platforms/MacOSX.platform/Developer/SDKs/MacOSX26.1.sdk/System/Library/Frameworks/Foundation.framework/Headers/NSScriptClassDescription.h
/Applications/Xcode.app/Contents/Developer/Platforms/MacOSX.platform/Developer/SDKs/MacOSX26.1.sdk/System/Library/Frameworks/Foundation.framework/Headers/NSScriptCoercionHandler.h
/Applications/Xcode.app/Contents/Developer/Platforms/MacOSX.platform/Developer/SDKs/MacOSX26.1.sdk/System/Library/Frameworks/Foundation.framework/Headers/NSScriptCommand.h
/Applications/Xcode.app/Contents/Developer/Platforms/MacOSX.platform/Developer/SDKs/MacOSX26.1.sdk/System/Library/Frameworks/Foundation.framework/Headers/NSScriptCommandDescription.h
/Applications/Xcode.app/Contents/Developer/Platforms/MacOSX.platform/Developer/SDKs/MacOSX26.1.sdk/System/Library/Frameworks/Foundation.framework/Headers/NSScriptExecutionContext.h
/Applications/Xcode.app/Contents/Developer/Platforms/MacOSX.platform/Developer/SDKs/MacOSX26.1.sdk/System/Library/Frameworks/Foundation.framework/Headers/NSScriptKeyValueCoding.h
/Applications/Xcode.app/Contents/Developer/Platforms/MacOSX.platform/Developer/SDKs/MacOSX26.1.sdk/System/Library/Frameworks/Foundation.framework/Headers/NSScriptObjectSpecifiers.h
/Applications/Xcode.app/Contents/Developer/Platforms/MacOSX.platform/Developer/SDKs/MacOSX26.1.sdk/System/Library/Frameworks/Foundation.framework/Headers/NSScriptStandardSuiteCommands.h
/Applications/Xcode.app/Contents/Developer/Platforms/MacOSX.platform/Developer/SDKs/MacOSX26.1.sdk/System/Library/Frameworks/Foundation.framework/Headers/NSScriptSuiteRegistry.h
/Applications/Xcode.app/Contents/Developer/Platforms/MacOSX.platform/Developer/SDKs/MacOSX26.1.sdk/System/Library/Frameworks/Foundation.framework/Headers/NSScriptWhoseTests.h
/Applications/Xcode.app/Contents/Developer/Platforms/MacOSX.platform/Developer/SDKs/MacOSX26.1.sdk/System/Library/Frameworks/Foundation.framework/Headers/NSSpellServer.h
/Applications/Xcode.app/Contents/Developer/Platforms/MacOSX.platform/Developer/SDKs/MacOSX26.1.sdk/System/Library/Frameworks/Foundation.framework/Headers/NSUserNotification.h
/Applications/Xcode.app/Contents/Developer/Platforms/MacOSX.platform/Developer/SDKs/MacOSX26.1.sdk/System/Library/Frameworks/Foundation.framework/Headers/NSUserScriptTask.h
/Applications/Xcode.app/Contents/Developer/Platforms/MacOSX.platform/Developer/SDKs/MacOSX26.1.sdk/System/Library/Frameworks/Foundation.framework/Headers/FoundationLegacySwiftCompatibility.h
/Applications/Xcode.app/Contents/Developer/Platforms/MacOSX.platform/Developer/SDKs/MacOSX26.1.sdk/System/Library/Frameworks/Foundation.framework/Headers/NSDebug.h
/Applications/Xcode.app/Contents/Developer/Platforms/MacOSX.platform/Developer/SDKs/MacOSX26.1.sdk/SDKSettings.json
/Applications/Xcode.app/Contents/Developer/Platforms/MacOSX.platform/Developer/SDKs/MacOSX26.1.sdk/System/Library/Frameworks/IOKit.framework/Modules/module.modulemap
/Applications/Xcode.app/Contents/Developer/Platforms/MacOSX.platform/Developer/SDKs/MacOSX26.1.sdk/System/Library/Frameworks/IOKit.framework/Headers/IOReturn.h
/Applications/Xcode.app/Contents/Developer/Platforms/MacOSX.platform/Developer/SDKs/MacOSX26.1.sdk/usr/include/dispatch.modulemap
/Applications/Xcode.app/Contents/Developer/Platforms/MacOSX.platform/Developer/SDKs/MacOSX26.1.sdk/usr/include/libkern.modulemap
/Applications/Xcode.app/Contents/Developer/Platforms/MacOSX.platform/Developer/SDKs/MacOSX26.1.sdk/usr/include/Darwin.modulemap
/Applications/Xcode.app/Contents/Developer/Platforms/MacOSX.platform/Developer/SDKs/MacOSX26.1.sdk/usr/include/Darwin_C.modulemap
/Applications/Xcode.app/Contents/Developer/Platforms/MacOSX.platform/Developer/SDKs/MacOSX26.1.sdk/usr/include/Darwin_POSIX.modulemap
/Applications/Xcode.app/Contents/Developer/Platforms/MacOSX.platform/Developer/SDKs/MacOSX26.1.sdk/usr/include/net.modulemap
/Applications/Xcode.app/Contents/Developer/Platforms/MacOSX.platform/Developer/SDKs/MacOSX26.1.sdk/usr/include/netinet.modulemap
/Applications/Xcode.app/Contents/Developer/Platforms/MacOSX.platform/Developer/SDKs/MacOSX26.1.sdk/usr/include/bank.modulemap
/Applications/Xcode.app/Contents/Developer/Platforms/MacOSX.platform/Developer/SDKs/MacOSX26.1.sdk/usr/include/Darwin_Mach.modulemap
/Applications/Xcode.app/Contents/Developer/Platforms/MacOSX.platform/Developer/SDKs/MacOSX26.1.sdk/usr/include/Darwin_Mach_machine.modulemap
/Applications/Xcode.app/Contents/Developer/Platforms/MacOSX.platform/Developer/SDKs/MacOSX26.1.sdk/usr/include/mach_debug.modulemap
/Applications/Xcode.app/Contents/Developer/Platforms/MacOSX.platform/Developer/SDKs/MacOSX26.1.sdk/usr/include/device.modulemap
/Applications/Xcode.app/Contents/Developer/Platforms/MacOSX.platform/Developer/SDKs/MacOSX26.1.sdk/usr/include/Darwin_machine.modulemap
/Applications/Xcode.app/Contents/Developer/Platforms/MacOSX.platform/Developer/SDKs/MacOSX26.1.sdk/usr/include/ncurses.modulemap
/Applications/Xcode.app/Contents/Developer/Platforms/MacOSX.platform/Developer/SDKs/MacOSX26.1.sdk/usr/include/netinet6.modulemap
/Applications/Xcode.app/Contents/Developer/Platforms/MacOSX.platform/Developer/SDKs/MacOSX26.1.sdk/usr/include/Darwin_sys.modulemap
/Applications/Xcode.app/Contents/Developer/Platforms/MacOSX.platform/Developer/SDKs/MacOSX26.1.sdk/usr/include/uuid.modulemap
/Applications/Xcode.app/Contents/Developer/Platforms/MacOSX.platform/Developer/SDKs/MacOSX26.1.sdk/usr/include/DarwinFoundation2.modulemap
/Applications/Xcode.app/Contents/Developer/Platforms/MacOSX.platform/Developer/SDKs/MacOSX26.1.sdk/usr/include/DarwinFoundation1.modulemap
/Applications/Xcode.app/Contents/Developer/Platforms/MacOSX.platform/Developer/SDKs/MacOSX26.1.sdk/System/Library/Frameworks/IOKit.framework/Headers/IOMapTypes.h
/Applications/Xcode.app/Contents/Developer/Platforms/MacOSX.platform/Developer/SDKs/MacOSX26.1.sdk/System/Library/Frameworks/IOKit.framework/Headers/IOTypes.h
/Applications/Xcode.app/Contents/Developer/Toolchains/XcodeDefault.xctoolchain/usr/lib/swift/clang/include/module.modulemap
/Applications/Xcode.app/Contents/Developer/Platforms/MacOSX.platform/Developer/SDKs/MacOSX26.1.sdk/System/Library/Frameworks/IOKit.framework/Headers/IOKitKeys.h
/Applications/Xcode.app/Contents/Developer/Platforms/MacOSX.platform/Developer/SDKs/MacOSX26.1.sdk/System/Library/Frameworks/IOKit.framework/Headers/OSMessageNotification.h
/Applications/Xcode.app/Contents/Developer/Platforms/MacOSX.platform/Developer/SDKs/MacOSX26.1.sdk/System/Library/Frameworks/IOKit.framework/Headers/IOKitLib.h
/Applications/Xcode.app/Contents/Developer/Platforms/MacOSX.platform/Developer/SDKs/MacOSX26.1.sdk/System/Library/Frameworks/CoreFoundation.framework/Modules/module.modulemap
/Applications/Xcode.app/Contents/Developer/Platforms/MacOSX.platform/Developer/SDKs/MacOSX26.1.sdk/System/Library/Frameworks/IOKit.framework/Headers/IOBSD.h
/Applications/Xcode.app/Contents/Developer/Platforms/MacOSX.platform/Developer/SDKs/MacOSX26.1.sdk/System/Library/Frameworks/IOKit.framework/Headers/IODataQueueClient.h
/Applications/Xcode.app/Contents/Developer/Platforms/MacOSX.platform/Developer/SDKs/MacOSX26.1.sdk/System/Library/Frameworks/IOKit.framework/Headers/IODataQueueShared.h
/Applications/Xcode.app/Contents/Developer/Platforms/MacOSX.platform/Developer/SDKs/MacOSX26.1.sdk/System/Library/Frameworks/IOKit.framework/Headers/IOCFBundle.h
/Applications/Xcode.app/Contents/Developer/Platforms/MacOSX.platform/Developer/SDKs/MacOSX26.1.sdk/System/Library/Frameworks/IOKit.framework/Headers/IOSharedLock.h
/Applications/Xcode.app/Contents/Developer/Platforms/MacOSX.platform/Developer/SDKs/MacOSX26.1.sdk/System/Library/Frameworks/IOKit.framework/Headers/IOCFPlugIn.h
/Applications/Xcode.app/Contents/Developer/Platforms/MacOSX.platform/Developer/SDKs/MacOSX26.1.sdk/System/Library/Frameworks/IOKit.framework/Headers/IOCFSerialize.h
/Applications/Xcode.app/Contents/Developer/Platforms/MacOSX.platform/Developer/SDKs/MacOSX26.1.sdk/System/Library/Frameworks/IOKit.framework/Headers/IOCFURLAccess.h
/Applications/Xcode.app/Contents/Developer/Platforms/MacOSX.platform/Developer/SDKs/MacOSX26.1.sdk/System/Library/Frameworks/IOKit.framework/Headers/IOKitServer.h
/Applications/Xcode.app/Contents/Developer/Platforms/MacOSX.platform/Developer/SDKs/MacOSX26.1.sdk/System/Library/Frameworks/IOKit.framework/Headers/IOCFUnserialize.h
/Applications/Xcode.app/Contents/Developer/Platforms/MacOSX.platform/Developer/SDKs/MacOSX26.1.sdk/System/Library/Frameworks/IOKit.framework/Headers/IOMessage.h
/Applications/Xcode.app/Contents/Developer/Platforms/MacOSX.platform/Developer/SDKs/MacOSX26.1.sdk/System/Library/Frameworks/IOKit.framework/Headers/IORPC.h
/Applications/Xcode.app/Contents/Developer/Platforms/MacOSX.platform/Developer/SDKs/MacOSX26.1.sdk/System/Library/Frameworks/IOKit.framework/Headers/IOUserServer.h
/Applications/Xcode.app/Contents/Developer/Platforms/MacOSX.platform/Developer/SDKs/MacOSX26.1.sdk/System/Library/Frameworks/IOKit.framework/Headers/audio/IOAudioDefines.h
/Applications/Xcode.app/Contents/Developer/Platforms/MacOSX.platform/Developer/SDKs/MacOSX26.1.sdk/System/Library/Frameworks/IOKit.framework/Headers/audio/IOAudioLib.h
/Applications/Xcode.app/Contents/Developer/Platforms/MacOSX.platform/Developer/SDKs/MacOSX26.1.sdk/System/Library/Frameworks/IOKit.framework/Headers/audio/IOAudioTypes.h
/Applications/Xcode.app/Contents/Developer/Platforms/MacOSX.platform/Developer/SDKs/MacOSX26.1.sdk/System/Library/Frameworks/IOKit.framework/Headers/avc/IOFireWireAVCConsts.h
/Applications/Xcode.app/Contents/Developer/Platforms/MacOSX.platform/Developer/SDKs/MacOSX26.1.sdk/System/Library/Frameworks/IOKit.framework/Headers/avc/IOFireWireAVCLib.h
/Applications/Xcode.app/Contents/Developer/Platforms/MacOSX.platform/Developer/SDKs/MacOSX26.1.sdk/System/Library/Frameworks/IOKit.framework/Headers/firewire/IOFireWireFamilyCommon.h
/Applications/Xcode.app/Contents/Developer/Platforms/MacOSX.platform/Developer/SDKs/MacOSX26.1.sdk/System/Library/Frameworks/IOKit.framework/Headers/firewire/IOFireWireLib.h
/Applications/Xcode.app/Contents/Developer/Platforms/MacOSX.platform/Developer/SDKs/MacOSX26.1.sdk/System/Library/Frameworks/IOKit.framework/Headers/firewire/IOFireWireLibIsoch.h
/Applications/Xcode.app/Contents/Developer/Platforms/MacOSX.platform/Developer/SDKs/MacOSX26.1.sdk/System/Library/Frameworks/IOKit.framework/Headers/graphics/IOAccelClientConnect.h
/Applications/Xcode.app/Contents/Developer/Platforms/MacOSX.platform/Developer/SDKs/MacOSX26.1.sdk/System/Library/Frameworks/IOKit.framework/Headers/graphics/IOGraphicsInterface.h
/Applications/Xcode.app/Contents/Developer/Platforms/MacOSX.platform/Developer/SDKs/MacOSX26.1.sdk/System/Library/Frameworks/IOKit.framework/Headers/graphics/IOGraphicsInterfaceTypes.h
/Applications/Xcode.app/Contents/Developer/Platforms/MacOSX.platform/Developer/SDKs/MacOSX26.1.sdk/System/Library/Frameworks/IOKit.framework/Headers/graphics/IOAccelSurfaceConnect.h
/Applications/Xcode.app/Contents/Developer/Platforms/MacOSX.platform/Developer/SDKs/MacOSX26.1.sdk/System/Library/Frameworks/IOKit.framework/Headers/graphics/IOAccelTypes.h
/Applications/Xcode.app/Contents/Developer/Platforms/MacOSX.platform/Developer/SDKs/MacOSX26.1.sdk/System/Library/Frameworks/IOKit.framework/Headers/graphics/IOGraphicsLib.h
/Applications/Xcode.app/Contents/Developer/Platforms/MacOSX.platform/Developer/SDKs/MacOSX26.1.sdk/System/Library/Frameworks/IOKit.framework/Headers/graphics/IOFramebufferShared.h
/Applications/Xcode.app/Contents/Developer/Platforms/MacOSX.platform/Developer/SDKs/MacOSX26.1.sdk/System/Library/Frameworks/IOKit.framework/Headers/hidsystem/IOHIDTypes.h
/Applications/Xcode.app/Contents/Developer/Platforms/MacOSX.platform/Developer/SDKs/MacOSX26.1.sdk/System/Library/Frameworks/IOKit.framework/Headers/graphics/IOGraphicsTypes.h
/Applications/Xcode.app/Contents/Developer/Platforms/MacOSX.platform/Developer/SDKs/MacOSX26.1.sdk/System/Library/Frameworks/IOKit.framework/Headers/graphics/IOGraphicsEngine.h
/Applications/Xcode.app/Contents/Developer/Platforms/MacOSX.platform/Developer/SDKs/MacOSX26.1.sdk/System/Library/Frameworks/IOKit.framework/Headers/hid/IOHIDBase.h
/Applications/Xcode.app/Contents/Developer/Platforms/MacOSX.platform/Developer/SDKs/MacOSX26.1.sdk/System/Library/Frameworks/IOKit.framework/Headers/hid/IOHIDKeys.h
/Applications/Xcode.app/Contents/Developer/Platforms/MacOSX.platform/Developer/SDKs/MacOSX26.1.sdk/System/Library/Frameworks/IOKit.framework/Headers/hidsystem/IOHIDParameter.h
/Applications/Xcode.app/Contents/Developer/Platforms/MacOSX.platform/Developer/SDKs/MacOSX26.1.sdk/System/Library/Frameworks/IOKit.framework/Headers/hidsystem/IOLLEvent.h
/Applications/Xcode.app/Contents/Developer/Platforms/MacOSX.platform/Developer/SDKs/MacOSX26.1.sdk/System/Library/Frameworks/IOKit.framework/Headers/hid/IOHIDProperties.h
/Applications/Xcode.app/Contents/Developer/Platforms/MacOSX.platform/Developer/SDKs/MacOSX26.1.sdk/System/Library/Frameworks/IOKit.framework/Headers/hid/IOHIDEventServiceKeys.h
/Applications/Xcode.app/Contents/Developer/Platforms/MacOSX.platform/Developer/SDKs/MacOSX26.1.sdk/System/Library/Frameworks/IOKit.framework/Headers/hid/IOHIDDeviceTypes.h
/Applications/Xcode.app/Contents/Developer/Platforms/MacOSX.platform/Developer/SDKs/MacOSX26.1.sdk/System/Library/Frameworks/IOKit.framework/Headers/hid/IOHIDDeviceKeys.h
/Applications/Xcode.app/Contents/Developer/Platforms/MacOSX.platform/Developer/SDKs/MacOSX26.1.sdk/System/Library/Frameworks/IOKit.framework/Headers/hid/IOHIDQueue.h
/Applications/Xcode.app/Contents/Developer/Platforms/MacOSX.platform/Developer/SDKs/MacOSX26.1.sdk/System/Library/Frameworks/IOKit.framework/Headers/hid/IOHIDDevice.h
/Applications/Xcode.app/Contents/Developer/Platforms/MacOSX.platform/Developer/SDKs/MacOSX26.1.sdk/System/Library/Frameworks/IOKit.framework/Headers/hid/IOHIDLib.h
/Applications/Xcode.app/Contents/Developer/Platforms/MacOSX.platform/Developer/SDKs/MacOSX26.1.sdk/System/Library/Frameworks/IOKit.framework/Headers/hid/IOHIDElement.h
/Applications/Xcode.app/Contents/Developer/Platforms/MacOSX.platform/Developer/SDKs/MacOSX26.1.sdk/System/Library/Frameworks/IOKit.framework/Headers/hid/IOHIDLibObsolete.h
/Applications/Xcode.app/Contents/Developer/Platforms/MacOSX.platform/Developer/SDKs/MacOSX26.1.sdk/System/Library/Frameworks/IOKit.framework/Headers/hid/IOHIDManager.h
/Applications/Xcode.app/Contents/Developer/Platforms/MacOSX.platform/Developer/SDKs/MacOSX26.1.sdk/System/Library/Frameworks/IOKit.framework/Headers/hid/IOHIDUsageTables.h
/Applications/Xcode.app/Contents/Developer/Platforms/MacOSX.platform/Developer/SDKs/MacOSX26.1.sdk/System/Library/Frameworks/IOKit.framework/Headers/hid/IOHIDValue.h
/Applications/Xcode.app/Contents/Developer/Platforms/MacOSX.platform/Developer/SDKs/MacOSX26.1.sdk/System/Library/Frameworks/IOKit.framework/Headers/hid/IOHIDTransaction.h
/Applications/Xcode.app/Contents/Developer/Platforms/MacOSX.platform/Developer/SDKs/MacOSX26.1.sdk/System/Library/Frameworks/IOKit.framework/Headers/hid/IOHIDDevicePlugIn.h
/Applications/Xcode.app/Contents/Developer/Platforms/MacOSX.platform/Developer/SDKs/MacOSX26.1.sdk/System/Library/Frameworks/IOKit.framework/Headers/hid/IOHIDEventServiceTypes.h
/Applications/Xcode.app/Contents/Developer/Platforms/MacOSX.platform/Developer/SDKs/MacOSX26.1.sdk/System/Library/Frameworks/IOKit.framework/Headers/hidsystem/IOHIDLib.h
/Applications/Xcode.app/Contents/Developer/Platforms/MacOSX.platform/Developer/SDKs/MacOSX26.1.sdk/System/Library/Frameworks/IOKit.framework/Headers/hidsystem/IOHIDShared.h
/Applications/Xcode.app/Contents/Developer/Platforms/MacOSX.platform/Developer/SDKs/MacOSX26.1.sdk/System/Library/Frameworks/IOKit.framework/Headers/hidsystem/event_status_driver.h
/Applications/Xcode.app/Contents/Developer/Platforms/MacOSX.platform/Developer/SDKs/MacOSX26.1.sdk/System/Library/Frameworks/IOKit.framework/Headers/hidsystem/ev_keymap.h
/Applications/Xcode.app/Contents/Developer/Platforms/MacOSX.platform/Developer/SDKs/MacOSX26.1.sdk/System/Library/Frameworks/IOKit.framework/Headers/hidsystem/IOHIDEventSystemClient.h
/Applications/Xcode.app/Contents/Developer/Platforms/MacOSX.platform/Developer/SDKs/MacOSX26.1.sdk/System/Library/Frameworks/IOKit.framework/Headers/hidsystem/IOHIDServiceClient.h
/Applications/Xcode.app/Contents/Developer/Platforms/MacOSX.platform/Developer/SDKs/MacOSX26.1.sdk/System/Library/Frameworks/IOKit.framework/Headers/hidsystem/IOHIDUserDevice.h
/Applications/Xcode.app/Contents/Developer/Platforms/MacOSX.platform/Developer/SDKs/MacOSX26.1.sdk/System/Library/Frameworks/IOKit.framework/Headers/i2c/IOI2CInterface.h
/Applications/Xcode.app/Contents/Developer/Platforms/MacOSX.platform/Developer/SDKs/MacOSX26.1.sdk/System/Library/Frameworks/IOKit.framework/Headers/kext/KextManager.h
/Applications/Xcode.app/Contents/Developer/Platforms/MacOSX.platform/Developer/SDKs/MacOSX26.1.sdk/System/Library/Frameworks/IOKit.framework/Headers/network/IOEthernetController.h
/Applications/Xcode.app/Contents/Developer/Platforms/MacOSX.platform/Developer/SDKs/MacOSX26.1.sdk/System/Library/Frameworks/IOKit.framework/Headers/network/IONetworkController.h
/Applications/Xcode.app/Contents/Developer/Platforms/MacOSX.platform/Developer/SDKs/MacOSX26.1.sdk/System/Library/Frameworks/IOKit.framework/Headers/network/IONetworkData.h
/Applications/Xcode.app/Contents/Developer/Platforms/MacOSX.platform/Developer/SDKs/MacOSX26.1.sdk/System/Library/Frameworks/IOKit.framework/Headers/network/IONetworkStack.h
/Applications/Xcode.app/Contents/Developer/Platforms/MacOSX.platform/Developer/SDKs/MacOSX26.1.sdk/System/Library/Frameworks/IOKit.framework/Headers/network/IOEthernetInterface.h
/Applications/Xcode.app/Contents/Developer/Platforms/MacOSX.platform/Developer/SDKs/MacOSX26.1.sdk/System/Library/Frameworks/IOKit.framework/Headers/network/IONetworkInterface.h
/Applications/Xcode.app/Contents/Developer/Platforms/MacOSX.platform/Developer/SDKs/MacOSX26.1.sdk/System/Library/Frameworks/IOKit.framework/Headers/network/IONetworkStats.h
/Applications/Xcode.app/Contents/Developer/Platforms/MacOSX.platform/Developer/SDKs/MacOSX26.1.sdk/System/Library/Frameworks/IOKit.framework/Headers/network/IOEthernetStats.h
/Applications/Xcode.app/Contents/Developer/Platforms/MacOSX.platform/Developer/SDKs/MacOSX26.1.sdk/System/Library/Frameworks/IOKit.framework/Headers/network/IONetworkLib.h
/Applications/Xcode.app/Contents/Developer/Platforms/MacOSX.platform/Developer/SDKs/MacOSX26.1.sdk/System/Library/Frameworks/IOKit.framework/Headers/network/IONetworkMedium.h
/Applications/Xcode.app/Contents/Developer/Platforms/MacOSX.platform/Developer/SDKs/MacOSX26.1.sdk/System/Library/Frameworks/IOKit.framework/Headers/network/IONetworkUserClient.h
/Applications/Xcode.app/Contents/Developer/Platforms/MacOSX.platform/Developer/SDKs/MacOSX26.1.sdk/System/Library/Frameworks/IOKit.framework/Headers/ps/IOPSKeys.h
/Applications/Xcode.app/Contents/Developer/Platforms/MacOSX.platform/Developer/SDKs/MacOSX26.1.sdk/System/Library/Frameworks/IOKit.framework/Headers/ps/IOPowerSources.h
/Applications/Xcode.app/Contents/Developer/Platforms/MacOSX.platform/Developer/SDKs/MacOSX26.1.sdk/System/Library/Frameworks/IOKit.framework/Headers/ps/IOUPSPlugIn.h
/Applications/Xcode.app/Contents/Developer/Platforms/MacOSX.platform/Developer/SDKs/MacOSX26.1.sdk/System/Library/Frameworks/IOKit.framework/Headers/pwr_mgt/IOPM.h
/Applications/Xcode.app/Contents/Developer/Platforms/MacOSX.platform/Developer/SDKs/MacOSX26.1.sdk/System/Library/Frameworks/IOKit.framework/Headers/pwr_mgt/IOPMKeys.h
/Applications/Xcode.app/Contents/Developer/Platforms/MacOSX.platform/Developer/SDKs/MacOSX26.1.sdk/System/Library/Frameworks/IOKit.framework/Headers/pwr_mgt/IOPMLib.h
/Applications/Xcode.app/Contents/Developer/Platforms/MacOSX.platform/Developer/SDKs/MacOSX26.1.sdk/System/Library/Frameworks/IOKit.framework/Headers/pwr_mgt/IOPMLibDefs.h
/Applications/Xcode.app/Contents/Developer/Platforms/MacOSX.platform/Developer/SDKs/MacOSX26.1.sdk/System/Library/Frameworks/IOKit.framework/Headers/sbp2/IOFireWireSBP2Lib.h
/Applications/Xcode.app/Contents/Developer/Platforms/MacOSX.platform/Developer/SDKs/MacOSX26.1.sdk/System/Library/Frameworks/IOKit.framework/Headers/scsi/IOSCSIMultimediaCommandsDevice.h
/Applications/Xcode.app/Contents/Developer/Platforms/MacOSX.platform/Developer/SDKs/MacOSX26.1.sdk/System/Library/Frameworks/IOKit.framework/Headers/storage/IOStorageDeviceCharacteristics.h
/Applications/Xcode.app/Contents/Developer/Platforms/MacOSX.platform/Developer/SDKs/MacOSX26.1.sdk/System/Library/Frameworks/IOKit.framework/Headers/storage/IOStorageProtocolCharacteristics.h
/Applications/Xcode.app/Contents/Developer/Platforms/MacOSX.platform/Developer/SDKs/MacOSX26.1.sdk/System/Library/Frameworks/IOKit.framework/Headers/storage/IOStorageControllerCharacteristics.h
/Applications/Xcode.app/Contents/Developer/Platforms/MacOSX.platform/Developer/SDKs/MacOSX26.1.sdk/System/Library/Frameworks/IOKit.framework/Headers/scsi/SCSICmds_REQUEST_SENSE_Defs.h
/Applications/Xcode.app/Contents/Developer/Platforms/MacOSX.platform/Developer/SDKs/MacOSX26.1.sdk/System/Library/Frameworks/IOKit.framework/Headers/scsi/SCSICmds_INQUIRY_Definitions.h
/Applications/Xcode.app/Contents/Developer/Platforms/MacOSX.platform/Developer/SDKs/MacOSX26.1.sdk/System/Library/Frameworks/IOKit.framework/Headers/scsi/SCSICommandDefinitions.h
/Applications/Xcode.app/Contents/Developer/Platforms/MacOSX.platform/Developer/SDKs/MacOSX26.1.sdk/System/Library/Frameworks/IOKit.framework/Headers/scsi/SCSICmds_MODE_Definitions.h
/Applications/Xcode.app/Contents/Developer/Platforms/MacOSX.platform/Developer/SDKs/MacOSX26.1.sdk/System/Library/Frameworks/IOKit.framework/Headers/scsi/SCSICommandOperationCodes.h
/Applications/Xcode.app/Contents/Developer/Platforms/MacOSX.platform/Developer/SDKs/MacOSX26.1.sdk/System/Library/Frameworks/IOKit.framework/Headers/scsi/SCSICmds_READ_CAPACITY_Definitions.h
/Applications/Xcode.app/Contents/Developer/Platforms/MacOSX.platform/Developer/SDKs/MacOSX26.1.sdk/System/Library/Frameworks/IOKit.framework/Headers/scsi/SCSITask.h
/Applications/Xcode.app/Contents/Developer/Platforms/MacOSX.platform/Developer/SDKs/MacOSX26.1.sdk/System/Library/Frameworks/IOKit.framework/Headers/scsi/SCSICmds_REPORT_LUNS_Definitions.h
/Applications/Xcode.app/Contents/Developer/Platforms/MacOSX.platform/Developer/SDKs/MacOSX26.1.sdk/System/Library/Frameworks/IOKit.framework/Headers/scsi/SCSITaskLib.h
/Applications/Xcode.app/Contents/Developer/Platforms/MacOSX.platform/Developer/SDKs/MacOSX26.1.sdk/System/Library/Frameworks/IOKit.framework/Headers/serial/IOSerialKeys.h
/Applications/Xcode.app/Contents/Developer/Platforms/MacOSX.platform/Developer/SDKs/MacOSX26.1.sdk/System/Library/Frameworks/IOKit.framework/Headers/serial/ioss.h
/Applications/Xcode.app/Contents/Developer/Platforms/MacOSX.platform/Developer/SDKs/MacOSX26.1.sdk/System/Library/Frameworks/IOKit.framework/Headers/storage/IOAppleLabelScheme.h
/Applications/Xcode.app/Contents/Developer/Platforms/MacOSX.platform/Developer/SDKs/MacOSX26.1.sdk/System/Library/Frameworks/IOKit.framework/Headers/storage/IODVDMediaBSDClient.h
/Applications/Xcode.app/Contents/Developer/Platforms/MacOSX.platform/Developer/SDKs/MacOSX26.1.sdk/System/Library/Frameworks/IOKit.framework/Headers/storage/IODVDTypes.h
/Applications/Xcode.app/Contents/Developer/Platforms/MacOSX.platform/Developer/SDKs/MacOSX26.1.sdk/System/Library/Frameworks/IOKit.framework/Headers/storage/IOApplePartitionScheme.h
/Applications/Xcode.app/Contents/Developer/Platforms/MacOSX.platform/Developer/SDKs/MacOSX26.1.sdk/System/Library/Frameworks/IOKit.framework/Headers/storage/IOBDBlockStorageDevice.h
/Applications/Xcode.app/Contents/Developer/Platforms/MacOSX.platform/Developer/SDKs/MacOSX26.1.sdk/System/Library/Frameworks/IOKit.framework/Headers/storage/IOBDTypes.h
/Applications/Xcode.app/Contents/Developer/Platforms/MacOSX.platform/Developer/SDKs/MacOSX26.1.sdk/System/Library/Frameworks/IOKit.framework/Headers/storage/IOFDiskPartitionScheme.h
/Applications/Xcode.app/Contents/Developer/Platforms/MacOSX.platform/Developer/SDKs/MacOSX26.1.sdk/System/Library/Frameworks/IOKit.framework/Headers/storage/IOBDMedia.h
/Applications/Xcode.app/Contents/Developer/Platforms/MacOSX.platform/Developer/SDKs/MacOSX26.1.sdk/System/Library/Frameworks/IOKit.framework/Headers/storage/IOFilterScheme.h
/Applications/Xcode.app/Contents/Developer/Platforms/MacOSX.platform/Developer/SDKs/MacOSX26.1.sdk/System/Library/Frameworks/IOKit.framework/Headers/storage/IOBDMediaBSDClient.h
/Applications/Xcode.app/Contents/Developer/Platforms/MacOSX.platform/Developer/SDKs/MacOSX26.1.sdk/System/Library/Frameworks/IOKit.framework/Headers/storage/IOFireWireStorageCharacteristics.h
/Applications/Xcode.app/Contents/Developer/Platforms/MacOSX.platform/Developer/SDKs/MacOSX26.1.sdk/System/Library/Frameworks/IOKit.framework/Headers/storage/IOGUIDPartitionScheme.h
/Applications/Xcode.app/Contents/Developer/Platforms/MacOSX.platform/Developer/SDKs/MacOSX26.1.sdk/System/Library/Frameworks/IOKit.framework/Headers/storage/IOBlockStorageDevice.h
/Applications/Xcode.app/Contents/Developer/Platforms/MacOSX.platform/Developer/SDKs/MacOSX26.1.sdk/System/Library/Frameworks/IOKit.framework/Headers/storage/IOMedia.h
/Applications/Xcode.app/Contents/Developer/Platforms/MacOSX.platform/Developer/SDKs/MacOSX26.1.sdk/System/Library/Frameworks/IOKit.framework/Headers/storage/IOBlockStorageDriver.h
/Applications/Xcode.app/Contents/Developer/Platforms/MacOSX.platform/Developer/SDKs/MacOSX26.1.sdk/System/Library/Frameworks/IOKit.framework/Headers/storage/IOMediaBSDClient.h
/Applications/Xcode.app/Contents/Developer/Platforms/MacOSX.platform/Developer/SDKs/MacOSX26.1.sdk/System/Library/Frameworks/IOKit.framework/Headers/storage/IOCDBlockStorageDevice.h
/Applications/Xcode.app/Contents/Developer/Platforms/MacOSX.platform/Developer/SDKs/MacOSX26.1.sdk/System/Library/Frameworks/IOKit.framework/Headers/storage/IOCDTypes.h
/Applications/Xcode.app/Contents/Developer/Platforms/MacOSX.platform/Developer/SDKs/MacOSX26.1.sdk/System/Library/Frameworks/IOKit.framework/Headers/storage/IOPartitionScheme.h
/Applications/Xcode.app/Contents/Developer/Platforms/MacOSX.platform/Developer/SDKs/MacOSX26.1.sdk/System/Library/Frameworks/IOKit.framework/Headers/storage/IOCDMedia.h
/Applications/Xcode.app/Contents/Developer/Platforms/MacOSX.platform/Developer/SDKs/MacOSX26.1.sdk/System/Library/Frameworks/IOKit.framework/Headers/storage/IOStorage.h
/Applications/Xcode.app/Contents/Developer/Platforms/MacOSX.platform/Developer/SDKs/MacOSX26.1.sdk/System/Library/Frameworks/IOKit.framework/Headers/storage/IOCDMediaBSDClient.h
/Applications/Xcode.app/Contents/Developer/Platforms/MacOSX.platform/Developer/SDKs/MacOSX26.1.sdk/System/Library/Frameworks/IOKit.framework/Headers/storage/IOStorageCardCharacteristics.h
/Applications/Xcode.app/Contents/Developer/Platforms/MacOSX.platform/Developer/SDKs/MacOSX26.1.sdk/System/Library/Frameworks/IOKit.framework/Headers/storage/IOCDPartitionScheme.h
/Applications/Xcode.app/Contents/Developer/Platforms/MacOSX.platform/Developer/SDKs/MacOSX26.1.sdk/System/Library/Frameworks/IOKit.framework/Headers/storage/IODVDBlockStorageDevice.h
/Applications/Xcode.app/Contents/Developer/Platforms/MacOSX.platform/Developer/SDKs/MacOSX26.1.sdk/System/Library/Frameworks/IOKit.framework/Headers/storage/IODVDMedia.h
/Applications/Xcode.app/Contents/Developer/Platforms/MacOSX.platform/Developer/SDKs/MacOSX26.1.sdk/System/Library/Frameworks/IOKit.framework/Headers/storage/ata/ATASMARTLib.h
/Applications/Xcode.app/Contents/Developer/Platforms/MacOSX.platform/Developer/SDKs/MacOSX26.1.sdk/System/Library/Frameworks/IOKit.framework/Headers/storage/ata/IOATAStorageDefines.h
/Applications/Xcode.app/Contents/Developer/Platforms/MacOSX.platform/Developer/SDKs/MacOSX26.1.sdk/System/Library/Frameworks/IOKit.framework/Headers/stream/IOStreamLib.h
/Applications/Xcode.app/Contents/Developer/Platforms/MacOSX.platform/Developer/SDKs/MacOSX26.1.sdk/System/Library/Frameworks/IOKit.framework/Headers/stream/IOStreamShared.h
/Applications/Xcode.app/Contents/Developer/Platforms/MacOSX.platform/Developer/SDKs/MacOSX26.1.sdk/System/Library/Frameworks/IOKit.framework/Headers/usb/AppleUSBDefinitions.h
/Applications/Xcode.app/Contents/Developer/Platforms/MacOSX.platform/Developer/SDKs/MacOSX26.1.sdk/System/Library/Frameworks/IOKit.framework/Headers/usb/IOUSBHostFamilyDefinitions.h
/Applications/Xcode.app/Contents/Developer/Platforms/MacOSX.platform/Developer/SDKs/MacOSX26.1.sdk/System/Library/Frameworks/IOKit.framework/Headers/usb/IOUSBLib.h
/Applications/Xcode.app/Contents/Developer/Platforms/MacOSX.platform/Developer/SDKs/MacOSX26.1.sdk/System/Library/Frameworks/IOKit.framework/Headers/usb/USB.h
/Applications/Xcode.app/Contents/Developer/Platforms/MacOSX.platform/Developer/SDKs/MacOSX26.1.sdk/System/Library/Frameworks/IOKit.framework/Headers/usb/USBSpec.h
/Applications/Xcode.app/Contents/Developer/Platforms/MacOSX.platform/Developer/SDKs/MacOSX26.1.sdk/SDKSettings.json
/Applications/Xcode.app/Contents/Developer/Toolchains/XcodeDefault.xctoolchain/usr/lib/swift/macosx/prebuilt-modules/26.1/IOKit.swiftmodule/arm64e-apple-macos.swiftmodule
/Users/rogerlin/Library/Developer/Xcode/DerivedData/FinancialCalculatorKit-ackorybalcxbfocbkqsfdzcfkgmn/Build/Products/Debug/IssueReporting.swiftmodule/arm64-apple-macos.swiftmodule
/Applications/Xcode.app/Contents/Developer/Platforms/MacOSX.platform/Developer/SDKs/MacOSX26.1.sdk/usr/include/DarwinBasic.modulemap
/Applications/Xcode.app/Contents/Developer/Platforms/MacOSX.platform/Developer/SDKs/MacOSX26.1.sdk/usr/include/Darwin.modulemap
/Applications/Xcode.app/Contents/Developer/Platforms/MacOSX.platform/Developer/SDKs/MacOSX26.1.sdk/usr/include/Darwin_C.modulemap
/Applications/Xcode.app/Contents/Developer/Platforms/MacOSX.platform/Developer/SDKs/MacOSX26.1.sdk/usr/include/Darwin_POSIX.modulemap
/Applications/Xcode.app/Contents/Developer/Platforms/MacOSX.platform/Developer/SDKs/MacOSX26.1.sdk/usr/include/net.modulemap
/Applications/Xcode.app/Contents/Developer/Platforms/MacOSX.platform/Developer/SDKs/MacOSX26.1.sdk/usr/include/netinet.modulemap
/Applications/Xcode.app/Contents/Developer/Platforms/MacOSX.platform/Developer/SDKs/MacOSX26.1.sdk/usr/include/bank.modulemap
/Applications/Xcode.app/Contents/Developer/Platforms/MacOSX.platform/Developer/SDKs/MacOSX26.1.sdk/usr/include/Darwin_Mach.modulemap
/Applications/Xcode.app/Contents/Developer/Platforms/MacOSX.platform/Developer/SDKs/MacOSX26.1.sdk/usr/include/Darwin_Mach_machine.modulemap
/Applications/Xcode.app/Contents/Developer/Platforms/MacOSX.platform/Developer/SDKs/MacOSX26.1.sdk/usr/include/mach_debug.modulemap
/Applications/Xcode.app/Contents/Developer/Platforms/MacOSX.platform/Developer/SDKs/MacOSX26.1.sdk/usr/include/device.modulemap
/Applications/Xcode.app/Contents/Developer/Platforms/MacOSX.platform/Developer/SDKs/MacOSX26.1.sdk/usr/include/Darwin_machine.modulemap
/Applications/Xcode.app/Contents/Developer/Platforms/MacOSX.platform/Developer/SDKs/MacOSX26.1.sdk/usr/include/ncurses.modulemap
/Applications/Xcode.app/Contents/Developer/Platforms/MacOSX.platform/Developer/SDKs/MacOSX26.1.sdk/usr/include/netinet6.modulemap
/Applications/Xcode.app/Contents/Developer/Platforms/MacOSX.platform/Developer/SDKs/MacOSX26.1.sdk/usr/include/Darwin_sys.modulemap
/Applications/Xcode.app/Contents/Developer/Platforms/MacOSX.platform/Developer/SDKs/MacOSX26.1.sdk/usr/include/uuid.modulemap
/Applications/Xcode.app/Contents/Developer/Platforms/MacOSX.platform/Developer/SDKs/MacOSX26.1.sdk/usr/include/DarwinFoundation2.modulemap
/Applications/Xcode.app/Contents/Developer/Platforms/MacOSX.platform/Developer/SDKs/MacOSX26.1.sdk/usr/include/DarwinFoundation3.modulemap
/Applications/Xcode.app/Contents/Developer/Platforms/MacOSX.platform/Developer/SDKs/MacOSX26.1.sdk/usr/include/DarwinFoundation1.modulemap
/Applications/Xcode.app/Contents/Developer/Platforms/MacOSX.platform/Developer/SDKs/MacOSX26.1.sdk/usr/include/mach-o/arch.h
/Applications/Xcode.app/Contents/Developer/Toolchains/XcodeDefault.xctoolchain/usr/lib/swift/clang/include/module.modulemap
/Applications/Xcode.app/Contents/Developer/Platforms/MacOSX.platform/Developer/SDKs/MacOSX26.1.sdk/usr/include/mach-o/arm/reloc.h
/Applications/Xcode.app/Contents/Developer/Platforms/MacOSX.platform/Developer/SDKs/MacOSX26.1.sdk/usr/include/mach-o/arm64/reloc.h
/Applications/Xcode.app/Contents/Developer/Platforms/MacOSX.platform/Developer/SDKs/MacOSX26.1.sdk/usr/include/mach-o/compact_unwind_encoding.h
/Applications/Xcode.app/Contents/Developer/Platforms/MacOSX.platform/Developer/SDKs/MacOSX26.1.sdk/usr/include/mach-o/dyld.h
/Applications/Xcode.app/Contents/Developer/Toolchains/XcodeDefault.xctoolchain/usr/lib/swift/clang/include/stddef.h
/Applications/Xcode.app/Contents/Developer/Platforms/MacOSX.platform/Developer/SDKs/MacOSX26.1.sdk/usr/include/mach-o/loader.h
/Applications/Xcode.app/Contents/Developer/Platforms/MacOSX.platform/Developer/SDKs/MacOSX26.1.sdk/usr/include/mach-o/dyld_images.h
/Applications/Xcode.app/Contents/Developer/Platforms/MacOSX.platform/Developer/SDKs/MacOSX26.1.sdk/usr/include/mach-o/fat.h
/Applications/Xcode.app/Contents/Developer/Platforms/MacOSX.platform/Developer/SDKs/MacOSX26.1.sdk/usr/include/mach-o/fixup-chains.h
/Applications/Xcode.app/Contents/Developer/Platforms/MacOSX.platform/Developer/SDKs/MacOSX26.1.sdk/usr/include/mach-o/getsect.h
/Applications/Xcode.app/Contents/Developer/Platforms/MacOSX.platform/Developer/SDKs/MacOSX26.1.sdk/usr/include/mach-o/ldsyms.h
/Applications/Xcode.app/Contents/Developer/Platforms/MacOSX.platform/Developer/SDKs/MacOSX26.1.sdk/usr/include/mach-o/nlist.h
/Applications/Xcode.app/Contents/Developer/Platforms/MacOSX.platform/Developer/SDKs/MacOSX26.1.sdk/usr/include/mach-o/ranlib.h
/Applications/Xcode.app/Contents/Developer/Platforms/MacOSX.platform/Developer/SDKs/MacOSX26.1.sdk/usr/include/mach-o/reloc.h
/Applications/Xcode.app/Contents/Developer/Platforms/MacOSX.platform/Developer/SDKs/MacOSX26.1.sdk/usr/include/mach-o/stab.h
/Applications/Xcode.app/Contents/Developer/Platforms/MacOSX.platform/Developer/SDKs/MacOSX26.1.sdk/usr/include/mach-o/swap.h
/Applications/Xcode.app/Contents/Developer/Platforms/MacOSX.platform/Developer/SDKs/MacOSX26.1.sdk/usr/include/mach-o/utils.h
/Applications/Xcode.app/Contents/Developer/Platforms/MacOSX.platform/Developer/SDKs/MacOSX26.1.sdk/usr/include/mach-o/x86_64/reloc.h
/Applications/Xcode.app/Contents/Developer/Platforms/MacOSX.platform/Developer/SDKs/MacOSX26.1.sdk/SDKSettings.json
/Applications/Xcode.app/Contents/Developer/Toolchains/XcodeDefault.xctoolchain/usr/lib/swift/macosx/prebuilt-modules/26.1/ObjectiveC.swiftmodule/arm64e-apple-macos.swiftmodule
/Applications/Xcode.app/Contents/Developer/Platforms/MacOSX.platform/Developer/SDKs/MacOSX26.1.sdk/usr/include/ObjectiveC.apinotes
/Applications/Xcode.app/Contents/Developer/Platforms/MacOSX.platform/Developer/SDKs/MacOSX26.1.sdk/usr/include/DarwinBasic.modulemap
/Applications/Xcode.app/Contents/Developer/Platforms/MacOSX.platform/Developer/SDKs/MacOSX26.1.sdk/usr/include/ObjectiveC.modulemap
/Applications/Xcode.app/Contents/Developer/Platforms/MacOSX.platform/Developer/SDKs/MacOSX26.1.sdk/usr/include/Darwin.modulemap
/Applications/Xcode.app/Contents/Developer/Platforms/MacOSX.platform/Developer/SDKs/MacOSX26.1.sdk/usr/include/Darwin_C.modulemap
/Applications/Xcode.app/Contents/Developer/Platforms/MacOSX.platform/Developer/SDKs/MacOSX26.1.sdk/usr/include/Darwin_POSIX.modulemap
/Applications/Xcode.app/Contents/Developer/Platforms/MacOSX.platform/Developer/SDKs/MacOSX26.1.sdk/usr/include/net.modulemap
/Applications/Xcode.app/Contents/Developer/Platforms/MacOSX.platform/Developer/SDKs/MacOSX26.1.sdk/usr/include/netinet.modulemap
/Applications/Xcode.app/Contents/Developer/Platforms/MacOSX.platform/Developer/SDKs/MacOSX26.1.sdk/usr/include/bank.modulemap
/Applications/Xcode.app/Contents/Developer/Platforms/MacOSX.platform/Developer/SDKs/MacOSX26.1.sdk/usr/include/Darwin_Mach.modulemap
/Applications/Xcode.app/Contents/Developer/Platforms/MacOSX.platform/Developer/SDKs/MacOSX26.1.sdk/usr/include/Darwin_Mach_machine.modulemap
/Applications/Xcode.app/Contents/Developer/Platforms/MacOSX.platform/Developer/SDKs/MacOSX26.1.sdk/usr/include/mach_debug.modulemap
/Applications/Xcode.app/Contents/Developer/Platforms/MacOSX.platform/Developer/SDKs/MacOSX26.1.sdk/usr/include/device.modulemap
/Applications/Xcode.app/Contents/Developer/Platforms/MacOSX.platform/Developer/SDKs/MacOSX26.1.sdk/usr/include/Darwin_machine.modulemap
/Applications/Xcode.app/Contents/Developer/Platforms/MacOSX.platform/Developer/SDKs/MacOSX26.1.sdk/usr/include/ncurses.modulemap
/Applications/Xcode.app/Contents/Developer/Platforms/MacOSX.platform/Developer/SDKs/MacOSX26.1.sdk/usr/include/netinet6.modulemap
/Applications/Xcode.app/Contents/Developer/Platforms/MacOSX.platform/Developer/SDKs/MacOSX26.1.sdk/usr/include/Darwin_sys.modulemap
/Applications/Xcode.app/Contents/Developer/Platforms/MacOSX.platform/Developer/SDKs/MacOSX26.1.sdk/usr/include/uuid.modulemap
/Applications/Xcode.app/Contents/Developer/Platforms/MacOSX.platform/Developer/SDKs/MacOSX26.1.sdk/usr/include/DarwinFoundation2.modulemap
/Applications/Xcode.app/Contents/Developer/Platforms/MacOSX.platform/Developer/SDKs/MacOSX26.1.sdk/usr/include/DarwinFoundation3.modulemap
/Applications/Xcode.app/Contents/Developer/Platforms/MacOSX.platform/Developer/SDKs/MacOSX26.1.sdk/usr/include/DarwinFoundation1.modulemap
/Applications/Xcode.app/Contents/Developer/Platforms/MacOSX.platform/Developer/SDKs/MacOSX26.1.sdk/usr/include/objc/List.h
/Applications/Xcode.app/Contents/Developer/Platforms/MacOSX.platform/Developer/SDKs/MacOSX26.1.sdk/usr/include/objc/NSObjCRuntime.h
/Applications/Xcode.app/Contents/Developer/Toolchains/XcodeDefault.xctoolchain/usr/lib/swift/clang/include/module.modulemap
/Applications/Xcode.app/Contents/Developer/Platforms/MacOSX.platform/Developer/SDKs/MacOSX26.1.sdk/usr/include/objc/objc.h
/Applications/Xcode.app/Contents/Developer/Platforms/MacOSX.platform/Developer/SDKs/MacOSX26.1.sdk/usr/include/stdlib.h
/Applications/Xcode.app/Contents/Developer/Platforms/MacOSX.platform/Developer/SDKs/MacOSX26.1.sdk/usr/include/objc/objc-api.h
/Applications/Xcode.app/Contents/Developer/Toolchains/XcodeDefault.xctoolchain/usr/lib/swift/clang/include/stddef.h
/Applications/Xcode.app/Contents/Developer/Platforms/MacOSX.platform/Developer/SDKs/MacOSX26.1.sdk/usr/include/objc/NSObject.h
/Applications/Xcode.app/Contents/Developer/Platforms/MacOSX.platform/Developer/SDKs/MacOSX26.1.sdk/usr/include/objc/Object.h
/Applications/Xcode.app/Contents/Developer/Toolchains/XcodeDefault.xctoolchain/usr/lib/swift/clang/include/stdarg.h
/Applications/Xcode.app/Contents/Developer/Platforms/MacOSX.platform/Developer/SDKs/MacOSX26.1.sdk/usr/include/objc/objc-runtime.h
/Applications/Xcode.app/Contents/Developer/Platforms/MacOSX.platform/Developer/SDKs/MacOSX26.1.sdk/usr/include/objc/runtime.h
/Applications/Xcode.app/Contents/Developer/Platforms/MacOSX.platform/Developer/SDKs/MacOSX26.1.sdk/usr/include/objc/message.h
/Applications/Xcode.app/Contents/Developer/Platforms/MacOSX.platform/Developer/SDKs/MacOSX26.1.sdk/usr/include/objc/Protocol.h
/Applications/Xcode.app/Contents/Developer/Platforms/MacOSX.platform/Developer/SDKs/MacOSX26.1.sdk/usr/include/objc/hashtable.h
/Applications/Xcode.app/Contents/Developer/Platforms/MacOSX.platform/Developer/SDKs/MacOSX26.1.sdk/usr/include/objc/hashtable2.h
/Applications/Xcode.app/Contents/Developer/Platforms/MacOSX.platform/Developer/SDKs/MacOSX26.1.sdk/usr/include/objc/objc-auto.h
/Applications/Xcode.app/Contents/Developer/Platforms/MacOSX.platform/Developer/SDKs/MacOSX26.1.sdk/usr/include/string.h
/Applications/Xcode.app/Contents/Developer/Platforms/MacOSX.platform/Developer/SDKs/MacOSX26.1.sdk/usr/include/objc/objc-class.h
/Applications/Xcode.app/Contents/Developer/Platforms/MacOSX.platform/Developer/SDKs/MacOSX26.1.sdk/usr/include/objc/objc-exception.h
/Applications/Xcode.app/Contents/Developer/Platforms/MacOSX.platform/Developer/SDKs/MacOSX26.1.sdk/usr/include/objc/objc-load.h
/Applications/Xcode.app/Contents/Developer/Platforms/MacOSX.platform/Developer/SDKs/MacOSX26.1.sdk/usr/include/objc/objc-sync.h
/Applications/Xcode.app/Contents/Developer/Platforms/MacOSX.platform/Developer/SDKs/MacOSX26.1.sdk/SDKSettings.json
/Applications/Xcode.app/Contents/Developer/Toolchains/XcodeDefault.xctoolchain/usr/lib/swift/macosx/prebuilt-modules/26.1/Observation.swiftmodule/arm64e-apple-macos.swiftmodule
/Applications/Xcode.app/Contents/Developer/Platforms/MacOSX.platform/Developer/SDKs/MacOSX26.1.sdk/System/Library/Frameworks/Security.framework/Headers/Security.apinotes
/Applications/Xcode.app/Contents/Developer/Platforms/MacOSX.platform/Developer/SDKs/MacOSX26.1.sdk/System/Library/Frameworks/Security.framework/Modules/module.modulemap
/Applications/Xcode.app/Contents/Developer/Platforms/MacOSX.platform/Developer/SDKs/MacOSX26.1.sdk/System/Library/Frameworks/Security.framework/Headers/Security.h
/Applications/Xcode.app/Contents/Developer/Platforms/MacOSX.platform/Developer/SDKs/MacOSX26.1.sdk/System/Library/Frameworks/Security.framework/Headers/SecBase.h
/Applications/Xcode.app/Contents/Developer/Platforms/MacOSX.platform/Developer/SDKs/MacOSX26.1.sdk/usr/include/xpc.modulemap
/Applications/Xcode.app/Contents/Developer/Platforms/MacOSX.platform/Developer/SDKs/MacOSX26.1.sdk/usr/include/dispatch.modulemap
/Applications/Xcode.app/Contents/Developer/Platforms/MacOSX.platform/Developer/SDKs/MacOSX26.1.sdk/usr/include/os.modulemap
/Applications/Xcode.app/Contents/Developer/Platforms/MacOSX.platform/Developer/SDKs/MacOSX26.1.sdk/usr/include/Darwin.modulemap
/Applications/Xcode.app/Contents/Developer/Platforms/MacOSX.platform/Developer/SDKs/MacOSX26.1.sdk/usr/include/Darwin_C.modulemap
/Applications/Xcode.app/Contents/Developer/Platforms/MacOSX.platform/Developer/SDKs/MacOSX26.1.sdk/usr/include/Darwin_POSIX.modulemap
/Applications/Xcode.app/Contents/Developer/Platforms/MacOSX.platform/Developer/SDKs/MacOSX26.1.sdk/usr/include/net.modulemap
/Applications/Xcode.app/Contents/Developer/Platforms/MacOSX.platform/Developer/SDKs/MacOSX26.1.sdk/usr/include/netinet.modulemap
/Applications/Xcode.app/Contents/Developer/Platforms/MacOSX.platform/Developer/SDKs/MacOSX26.1.sdk/usr/include/bank.modulemap
/Applications/Xcode.app/Contents/Developer/Platforms/MacOSX.platform/Developer/SDKs/MacOSX26.1.sdk/usr/include/Darwin_Mach.modulemap
/Applications/Xcode.app/Contents/Developer/Platforms/MacOSX.platform/Developer/SDKs/MacOSX26.1.sdk/usr/include/Darwin_Mach_machine.modulemap
/Applications/Xcode.app/Contents/Developer/Platforms/MacOSX.platform/Developer/SDKs/MacOSX26.1.sdk/usr/include/mach_debug.modulemap
/Applications/Xcode.app/Contents/Developer/Platforms/MacOSX.platform/Developer/SDKs/MacOSX26.1.sdk/usr/include/device.modulemap
/Applications/Xcode.app/Contents/Developer/Platforms/MacOSX.platform/Developer/SDKs/MacOSX26.1.sdk/usr/include/Darwin_machine.modulemap
/Applications/Xcode.app/Contents/Developer/Platforms/MacOSX.platform/Developer/SDKs/MacOSX26.1.sdk/usr/include/ncurses.modulemap
/Applications/Xcode.app/Contents/Developer/Platforms/MacOSX.platform/Developer/SDKs/MacOSX26.1.sdk/usr/include/netinet6.modulemap
/Applications/Xcode.app/Contents/Developer/Platforms/MacOSX.platform/Developer/SDKs/MacOSX26.1.sdk/usr/include/Darwin_sys.modulemap
/Applications/Xcode.app/Contents/Developer/Platforms/MacOSX.platform/Developer/SDKs/MacOSX26.1.sdk/usr/include/uuid.modulemap
/Applications/Xcode.app/Contents/Developer/Platforms/MacOSX.platform/Developer/SDKs/MacOSX26.1.sdk/usr/include/DarwinFoundation2.modulemap
/Applications/Xcode.app/Contents/Developer/Platforms/MacOSX.platform/Developer/SDKs/MacOSX26.1.sdk/usr/include/DarwinFoundation3.modulemap
/Applications/Xcode.app/Contents/Developer/Platforms/MacOSX.platform/Developer/SDKs/MacOSX26.1.sdk/usr/include/DarwinFoundation1.modulemap
/Applications/Xcode.app/Contents/Developer/Platforms/MacOSX.platform/Developer/SDKs/MacOSX26.1.sdk/System/Library/Frameworks/CoreFoundation.framework/Modules/module.modulemap
/Applications/Xcode.app/Contents/Developer/Platforms/MacOSX.platform/Developer/SDKs/MacOSX26.1.sdk/System/Library/Frameworks/Security.framework/Headers/SecCertificate.h
/Applications/Xcode.app/Contents/Developer/Platforms/MacOSX.platform/Developer/SDKs/MacOSX26.1.sdk/System/Library/Frameworks/Security.framework/Headers/cssmtype.h
/Applications/Xcode.app/Contents/Developer/Platforms/MacOSX.platform/Developer/SDKs/MacOSX26.1.sdk/System/Library/Frameworks/Security.framework/Headers/cssmconfig.h
/Applications/Xcode.app/Contents/Developer/Toolchains/XcodeDefault.xctoolchain/usr/lib/swift/clang/include/module.modulemap
/Applications/Xcode.app/Contents/Developer/Platforms/MacOSX.platform/Developer/SDKs/MacOSX26.1.sdk/System/Library/Frameworks/Security.framework/Headers/SecAsn1Types.h
/Applications/Xcode.app/Contents/Developer/Platforms/MacOSX.platform/Developer/SDKs/MacOSX26.1.sdk/System/Library/Frameworks/Security.framework/Headers/x509defs.h
/Applications/Xcode.app/Contents/Developer/Platforms/MacOSX.platform/Developer/SDKs/MacOSX26.1.sdk/System/Library/Frameworks/Security.framework/Headers/SecIdentity.h
/Applications/Xcode.app/Contents/Developer/Platforms/MacOSX.platform/Developer/SDKs/MacOSX26.1.sdk/System/Library/Frameworks/Security.framework/Headers/SecAccessControl.h
/Applications/Xcode.app/Contents/Developer/Platforms/MacOSX.platform/Developer/SDKs/MacOSX26.1.sdk/System/Library/Frameworks/Security.framework/Headers/SecItem.h
/Applications/Xcode.app/Contents/Developer/Platforms/MacOSX.platform/Developer/SDKs/MacOSX26.1.sdk/System/Library/Frameworks/Security.framework/Headers/SecKey.h
/Applications/Xcode.app/Contents/Developer/Platforms/MacOSX.platform/Developer/SDKs/MacOSX26.1.sdk/System/Library/Frameworks/Security.framework/Headers/SecAccess.h
/Applications/Xcode.app/Contents/Developer/Platforms/MacOSX.platform/Developer/SDKs/MacOSX26.1.sdk/System/Library/Frameworks/Security.framework/Headers/SecPolicy.h
/Applications/Xcode.app/Contents/Developer/Platforms/MacOSX.platform/Developer/SDKs/MacOSX26.1.sdk/System/Library/Frameworks/Security.framework/Headers/SecRandom.h
/Applications/Xcode.app/Contents/Developer/Platforms/MacOSX.platform/Developer/SDKs/MacOSX26.1.sdk/System/Library/Frameworks/Security.framework/Headers/SecImportExport.h
/Applications/Xcode.app/Contents/Developer/Platforms/MacOSX.platform/Developer/SDKs/MacOSX26.1.sdk/System/Library/Frameworks/Security.framework/Headers/SecKeychain.h
/Applications/Xcode.app/Contents/Developer/Platforms/MacOSX.platform/Developer/SDKs/MacOSX26.1.sdk/System/Library/Frameworks/Security.framework/Headers/cssmapple.h
/Applications/Xcode.app/Contents/Developer/Platforms/MacOSX.platform/Developer/SDKs/MacOSX26.1.sdk/System/Library/Frameworks/Security.framework/Headers/cssmerr.h
/Applications/Xcode.app/Contents/Developer/Platforms/MacOSX.platform/Developer/SDKs/MacOSX26.1.sdk/System/Library/Frameworks/Security.framework/Headers/certextensions.h
/Applications/Xcode.app/Contents/Developer/Platforms/MacOSX.platform/Developer/SDKs/MacOSX26.1.sdk/System/Library/Frameworks/Security.framework/Headers/SecTrust.h
/Applications/Xcode.app/Contents/Developer/Platforms/MacOSX.platform/Developer/SDKs/MacOSX26.1.sdk/System/Library/Frameworks/Security.framework/Headers/SecSharedCredential.h
/Applications/Xcode.app/Contents/Developer/Platforms/MacOSX.platform/Developer/SDKs/MacOSX26.1.sdk/System/Library/Frameworks/Security.framework/Headers/SecProtocolOptions.h
/Applications/Xcode.app/Contents/Developer/Platforms/MacOSX.platform/Developer/SDKs/MacOSX26.1.sdk/System/Library/Frameworks/Security.framework/Headers/SecProtocolObject.h
/Applications/Xcode.app/Contents/Developer/Platforms/MacOSX.platform/Developer/SDKs/MacOSX26.1.sdk/System/Library/Frameworks/Security.framework/Headers/SecProtocolTypes.h
/Applications/Xcode.app/Contents/Developer/Platforms/MacOSX.platform/Developer/SDKs/MacOSX26.1.sdk/System/Library/Frameworks/Security.framework/Headers/CipherSuite.h
/Applications/Xcode.app/Contents/Developer/Platforms/MacOSX.platform/Developer/SDKs/MacOSX26.1.sdk/System/Library/Frameworks/Security.framework/Headers/SecProtocolMetadata.h
/Applications/Xcode.app/Contents/Developer/Platforms/MacOSX.platform/Developer/SDKs/MacOSX26.1.sdk/System/Library/Frameworks/Security.framework/Headers/AuthSession.h
/Applications/Xcode.app/Contents/Developer/Platforms/MacOSX.platform/Developer/SDKs/MacOSX26.1.sdk/System/Library/Frameworks/Security.framework/Headers/Authorization.h
/Applications/Xcode.app/Contents/Developer/Platforms/MacOSX.platform/Developer/SDKs/MacOSX26.1.sdk/usr/include/stdio.h
/Applications/Xcode.app/Contents/Developer/Platforms/MacOSX.platform/Developer/SDKs/MacOSX26.1.sdk/System/Library/Frameworks/Security.framework/Headers/cssm.h
/Applications/Xcode.app/Contents/Developer/Platforms/MacOSX.platform/Developer/SDKs/MacOSX26.1.sdk/System/Library/Frameworks/Security.framework/Headers/emmtype.h
/Applications/Xcode.app/Contents/Developer/Platforms/MacOSX.platform/Developer/SDKs/MacOSX26.1.sdk/System/Library/Frameworks/Security.framework/Headers/cssmapi.h
/Applications/Xcode.app/Contents/Developer/Platforms/MacOSX.platform/Developer/SDKs/MacOSX26.1.sdk/System/Library/Frameworks/Security.framework/Headers/cssmaci.h
/Applications/Xcode.app/Contents/Developer/Platforms/MacOSX.platform/Developer/SDKs/MacOSX26.1.sdk/System/Library/Frameworks/Security.framework/Headers/cssmcli.h
/Applications/Xcode.app/Contents/Developer/Platforms/MacOSX.platform/Developer/SDKs/MacOSX26.1.sdk/System/Library/Frameworks/Security.framework/Headers/cssmcspi.h
/Applications/Xcode.app/Contents/Developer/Platforms/MacOSX.platform/Developer/SDKs/MacOSX26.1.sdk/System/Library/Frameworks/Security.framework/Headers/cssmspi.h
/Applications/Xcode.app/Contents/Developer/Platforms/MacOSX.platform/Developer/SDKs/MacOSX26.1.sdk/System/Library/Frameworks/Security.framework/Headers/cssmdli.h
/Applications/Xcode.app/Contents/Developer/Platforms/MacOSX.platform/Developer/SDKs/MacOSX26.1.sdk/System/Library/Frameworks/Security.framework/Headers/cssmkrapi.h
/Applications/Xcode.app/Contents/Developer/Platforms/MacOSX.platform/Developer/SDKs/MacOSX26.1.sdk/System/Library/Frameworks/Security.framework/Headers/cssmkrspi.h
/Applications/Xcode.app/Contents/Developer/Platforms/MacOSX.platform/Developer/SDKs/MacOSX26.1.sdk/System/Library/Frameworks/Security.framework/Headers/cssmtpi.h
/Applications/Xcode.app/Contents/Developer/Platforms/MacOSX.platform/Developer/SDKs/MacOSX26.1.sdk/System/Library/Frameworks/Security.framework/Headers/emmspi.h
/Applications/Xcode.app/Contents/Developer/Platforms/MacOSX.platform/Developer/SDKs/MacOSX26.1.sdk/System/Library/Frameworks/Security.framework/Headers/mds.h
/Applications/Xcode.app/Contents/Developer/Platforms/MacOSX.platform/Developer/SDKs/MacOSX26.1.sdk/System/Library/Frameworks/Security.framework/Headers/mds_schema.h
/Applications/Xcode.app/Contents/Developer/Platforms/MacOSX.platform/Developer/SDKs/MacOSX26.1.sdk/System/Library/Frameworks/Security.framework/Headers/oidsalg.h
/Applications/Xcode.app/Contents/Developer/Platforms/MacOSX.platform/Developer/SDKs/MacOSX26.1.sdk/System/Library/Frameworks/Security.framework/Headers/oidsattr.h
/Applications/Xcode.app/Contents/Developer/Platforms/MacOSX.platform/Developer/SDKs/MacOSX26.1.sdk/System/Library/Frameworks/Security.framework/Headers/oidsbase.h
/Applications/Xcode.app/Contents/Developer/Platforms/MacOSX.platform/Developer/SDKs/MacOSX26.1.sdk/System/Library/Frameworks/Security.framework/Headers/oidscert.h
/Applications/Xcode.app/Contents/Developer/Platforms/MacOSX.platform/Developer/SDKs/MacOSX26.1.sdk/System/Library/Frameworks/Security.framework/Headers/oidscrl.h
/Applications/Xcode.app/Contents/Developer/Platforms/MacOSX.platform/Developer/SDKs/MacOSX26.1.sdk/System/Library/Frameworks/Security.framework/Headers/SecACL.h
/Applications/Xcode.app/Contents/Developer/Platforms/MacOSX.platform/Developer/SDKs/MacOSX26.1.sdk/System/Library/Frameworks/Security.framework/Headers/SecCertificateOIDs.h
/Applications/Xcode.app/Contents/Developer/Platforms/MacOSX.platform/Developer/SDKs/MacOSX26.1.sdk/System/Library/Frameworks/Security.framework/Headers/SecIdentitySearch.h
/Applications/Xcode.app/Contents/Developer/Platforms/MacOSX.platform/Developer/SDKs/MacOSX26.1.sdk/System/Library/Frameworks/Security.framework/Headers/SecKeychainItem.h
/Applications/Xcode.app/Contents/Developer/Platforms/MacOSX.platform/Developer/SDKs/MacOSX26.1.sdk/System/Library/Frameworks/Security.framework/Headers/SecKeychainSearch.h
/Applications/Xcode.app/Contents/Developer/Platforms/MacOSX.platform/Developer/SDKs/MacOSX26.1.sdk/System/Library/Frameworks/Security.framework/Headers/SecPolicySearch.h
/Applications/Xcode.app/Contents/Developer/Platforms/MacOSX.platform/Developer/SDKs/MacOSX26.1.sdk/System/Library/Frameworks/Security.framework/Headers/SecTrustedApplication.h
/Applications/Xcode.app/Contents/Developer/Platforms/MacOSX.platform/Developer/SDKs/MacOSX26.1.sdk/System/Library/Frameworks/Security.framework/Headers/SecTrustSettings.h
/Applications/Xcode.app/Contents/Developer/Platforms/MacOSX.platform/Developer/SDKs/MacOSX26.1.sdk/System/Library/Frameworks/Security.framework/Headers/SecStaticCode.h
/Applications/Xcode.app/Contents/Developer/Platforms/MacOSX.platform/Developer/SDKs/MacOSX26.1.sdk/System/Library/Frameworks/Security.framework/Headers/CSCommon.h
/Applications/Xcode.app/Contents/Developer/Platforms/MacOSX.platform/Developer/SDKs/MacOSX26.1.sdk/System/Library/Frameworks/Security.framework/Headers/SecCode.h
/Applications/Xcode.app/Contents/Developer/Platforms/MacOSX.platform/Developer/SDKs/MacOSX26.1.sdk/System/Library/Frameworks/Security.framework/Headers/SecCodeHost.h
/Applications/Xcode.app/Contents/Developer/Platforms/MacOSX.platform/Developer/SDKs/MacOSX26.1.sdk/System/Library/Frameworks/Security.framework/Headers/SecRequirement.h
/Applications/Xcode.app/Contents/Developer/Platforms/MacOSX.platform/Developer/SDKs/MacOSX26.1.sdk/System/Library/Frameworks/Security.framework/Headers/SecTask.h
/Applications/Xcode.app/Contents/Developer/Platforms/MacOSX.platform/Developer/SDKs/MacOSX26.1.sdk/System/Library/Frameworks/Security.framework/Headers/AuthorizationTags.h
/Applications/Xcode.app/Contents/Developer/Platforms/MacOSX.platform/Developer/SDKs/MacOSX26.1.sdk/System/Library/Frameworks/Security.framework/Headers/AuthorizationDB.h
/Applications/Xcode.app/Contents/Developer/Platforms/MacOSX.platform/Developer/SDKs/MacOSX26.1.sdk/System/Library/Frameworks/Security.framework/Headers/CMSDecoder.h
/Applications/Xcode.app/Contents/Developer/Platforms/MacOSX.platform/Developer/SDKs/MacOSX26.1.sdk/System/Library/Frameworks/Security.framework/Headers/CMSEncoder.h
/Applications/Xcode.app/Contents/Developer/Platforms/MacOSX.platform/Developer/SDKs/MacOSX26.1.sdk/System/Library/Frameworks/Security.framework/Headers/SecureTransport.h
/Applications/Xcode.app/Contents/Developer/Platforms/MacOSX.platform/Developer/SDKs/MacOSX26.1.sdk/System/Library/Frameworks/Security.framework/Headers/SecTransform.h
/Applications/Xcode.app/Contents/Developer/Platforms/MacOSX.platform/Developer/SDKs/MacOSX26.1.sdk/System/Library/Frameworks/Security.framework/Headers/SecCustomTransform.h
/Applications/Xcode.app/Contents/Developer/Platforms/MacOSX.platform/Developer/SDKs/MacOSX26.1.sdk/System/Library/Frameworks/Security.framework/Headers/SecDecodeTransform.h
/Applications/Xcode.app/Contents/Developer/Platforms/MacOSX.platform/Developer/SDKs/MacOSX26.1.sdk/System/Library/Frameworks/Security.framework/Headers/SecEncodeTransform.h
/Applications/Xcode.app/Contents/Developer/Platforms/MacOSX.platform/Developer/SDKs/MacOSX26.1.sdk/System/Library/Frameworks/Security.framework/Headers/SecDigestTransform.h
/Applications/Xcode.app/Contents/Developer/Platforms/MacOSX.platform/Developer/SDKs/MacOSX26.1.sdk/System/Library/Frameworks/Security.framework/Headers/SecEncryptTransform.h
/Applications/Xcode.app/Contents/Developer/Platforms/MacOSX.platform/Developer/SDKs/MacOSX26.1.sdk/System/Library/Frameworks/Security.framework/Headers/SecSignVerifyTransform.h
/Applications/Xcode.app/Contents/Developer/Platforms/MacOSX.platform/Developer/SDKs/MacOSX26.1.sdk/System/Library/Frameworks/Security.framework/Headers/SecReadTransform.h
/Applications/Xcode.app/Contents/Developer/Platforms/MacOSX.platform/Developer/SDKs/MacOSX26.1.sdk/System/Library/Frameworks/Security.framework/Headers/SecTransformReadTransform.h
/Applications/Xcode.app/Contents/Developer/Platforms/MacOSX.platform/Developer/SDKs/MacOSX26.1.sdk/System/Library/Frameworks/Security.framework/Headers/oids.h
/Applications/Xcode.app/Contents/Developer/Platforms/MacOSX.platform/Developer/SDKs/MacOSX26.1.sdk/usr/include/libDER/module.modulemap
/Applications/Xcode.app/Contents/Developer/Platforms/MacOSX.platform/Developer/SDKs/MacOSX26.1.sdk/usr/include/string.h
/Applications/Xcode.app/Contents/Developer/Platforms/MacOSX.platform/Developer/SDKs/MacOSX26.1.sdk/System/Library/Frameworks/Security.framework/Headers/AuthorizationPlugin.h
/Applications/Xcode.app/Contents/Developer/Platforms/MacOSX.platform/Developer/SDKs/MacOSX26.1.sdk/System/Library/Frameworks/Security.framework/Headers/CodeSigning.h
/Applications/Xcode.app/Contents/Developer/Platforms/MacOSX.platform/Developer/SDKs/MacOSX26.1.sdk/System/Library/Frameworks/Security.framework/Headers/eisl.h
/Applications/Xcode.app/Contents/Developer/Platforms/MacOSX.platform/Developer/SDKs/MacOSX26.1.sdk/System/Library/Frameworks/Security.framework/Headers/SecAsn1Coder.h
/Applications/Xcode.app/Contents/Developer/Platforms/MacOSX.platform/Developer/SDKs/MacOSX26.1.sdk/System/Library/Frameworks/Security.framework/Headers/SecAsn1Templates.h
/Applications/Xcode.app/Contents/Developer/Platforms/MacOSX.platform/Developer/SDKs/MacOSX26.1.sdk/System/Library/Frameworks/Security.framework/Headers/SecureDownload.h
/Applications/Xcode.app/Contents/Developer/Platforms/MacOSX.platform/Developer/SDKs/MacOSX26.1.sdk/SDKSettings.json
/Applications/Xcode.app/Contents/Developer/Toolchains/XcodeDefault.xctoolchain/usr/lib/swift/macosx/prebuilt-modules/26.1/Swift.swiftmodule/arm64e-apple-macos.swiftmodule
/Applications/Xcode.app/Contents/Developer/Toolchains/XcodeDefault.xctoolchain/usr/lib/swift/macosx/prebuilt-modules/26.1/SwiftOnoneSupport.swiftmodule/arm64e-apple-macos.swiftmodule
/Applications/Xcode.app/Contents/Developer/Platforms/MacOSX.platform/Developer/SDKs/MacOSX26.1.sdk/usr/lib/swift/shims/module.modulemap
/Applications/Xcode.app/Contents/Developer/Platforms/MacOSX.platform/Developer/SDKs/MacOSX26.1.sdk/usr/lib/swift/shims/AssertionReporting.h
/Applications/Xcode.app/Contents/Developer/Platforms/MacOSX.platform/Developer/SDKs/MacOSX26.1.sdk/usr/lib/swift/shims/SwiftStdint.h
/Applications/Xcode.app/Contents/Developer/Platforms/MacOSX.platform/Developer/SDKs/MacOSX26.1.sdk/usr/lib/swift/shims/Visibility.h
/Applications/Xcode.app/Contents/Developer/Platforms/MacOSX.platform/Developer/SDKs/MacOSX26.1.sdk/usr/lib/swift/shims/CoreFoundationShims.h
/Applications/Xcode.app/Contents/Developer/Platforms/MacOSX.platform/Developer/SDKs/MacOSX26.1.sdk/usr/lib/swift/shims/ObjCShims.h
/Applications/Xcode.app/Contents/Developer/Platforms/MacOSX.platform/Developer/SDKs/MacOSX26.1.sdk/usr/lib/swift/shims/EmbeddedShims.h
/Applications/Xcode.app/Contents/Developer/Platforms/MacOSX.platform/Developer/SDKs/MacOSX26.1.sdk/usr/lib/swift/shims/SwiftStddef.h
/Applications/Xcode.app/Contents/Developer/Platforms/MacOSX.platform/Developer/SDKs/MacOSX26.1.sdk/usr/lib/swift/shims/FoundationShims.h
/Applications/Xcode.app/Contents/Developer/Platforms/MacOSX.platform/Developer/SDKs/MacOSX26.1.sdk/usr/lib/swift/shims/GlobalObjects.h
/Applications/Xcode.app/Contents/Developer/Platforms/MacOSX.platform/Developer/SDKs/MacOSX26.1.sdk/usr/lib/swift/shims/SwiftStdbool.h
/Applications/Xcode.app/Contents/Developer/Platforms/MacOSX.platform/Developer/SDKs/MacOSX26.1.sdk/usr/lib/swift/shims/HeapObject.h
/Applications/Xcode.app/Contents/Developer/Platforms/MacOSX.platform/Developer/SDKs/MacOSX26.1.sdk/usr/lib/swift/shims/RefCount.h
/Applications/Xcode.app/Contents/Developer/Platforms/MacOSX.platform/Developer/SDKs/MacOSX26.1.sdk/usr/lib/swift/shims/System.h
/Applications/Xcode.app/Contents/Developer/Platforms/MacOSX.platform/Developer/SDKs/MacOSX26.1.sdk/usr/lib/swift/shims/Target.h
/Applications/Xcode.app/Contents/Developer/Platforms/MacOSX.platform/Developer/SDKs/MacOSX26.1.sdk/usr/lib/swift/shims/KeyPath.h
/Applications/Xcode.app/Contents/Developer/Platforms/MacOSX.platform/Developer/SDKs/MacOSX26.1.sdk/usr/lib/swift/shims/LibcShims.h
/Applications/Xcode.app/Contents/Developer/Platforms/MacOSX.platform/Developer/SDKs/MacOSX26.1.sdk/usr/lib/swift/shims/MetadataSections.h
/Applications/Xcode.app/Contents/Developer/Platforms/MacOSX.platform/Developer/SDKs/MacOSX26.1.sdk/usr/lib/swift/shims/Random.h
/Applications/Xcode.app/Contents/Developer/Platforms/MacOSX.platform/Developer/SDKs/MacOSX26.1.sdk/usr/lib/swift/shims/Reflection.h
/Applications/Xcode.app/Contents/Developer/Platforms/MacOSX.platform/Developer/SDKs/MacOSX26.1.sdk/usr/lib/swift/shims/RuntimeShims.h
/Applications/Xcode.app/Contents/Developer/Platforms/MacOSX.platform/Developer/SDKs/MacOSX26.1.sdk/usr/lib/swift/shims/RuntimeStubs.h
/Applications/Xcode.app/Contents/Developer/Platforms/MacOSX.platform/Developer/SDKs/MacOSX26.1.sdk/usr/lib/swift/shims/ThreadLocalStorage.h
/Applications/Xcode.app/Contents/Developer/Platforms/MacOSX.platform/Developer/SDKs/MacOSX26.1.sdk/usr/lib/swift/shims/UnicodeData.h
/Applications/Xcode.app/Contents/Developer/Platforms/MacOSX.platform/Developer/SDKs/MacOSX26.1.sdk/SDKSettings.json
/Applications/Xcode.app/Contents/Developer/Toolchains/XcodeDefault.xctoolchain/usr/lib/swift/macosx/prebuilt-modules/26.1/System.swiftmodule/arm64e-apple-macos.swiftmodule
/Users/rogerlin/Library/Developer/Xcode/DerivedData/FinancialCalculatorKit-ackorybalcxbfocbkqsfdzcfkgmn/Build/Products/Debug/XCTestDynamicOverlay.swiftmodule/arm64-apple-macos.swiftmodule
/Applications/Xcode.app/Contents/Developer/Platforms/MacOSX.platform/Developer/SDKs/MacOSX26.1.sdk/usr/include/XPC.apinotes
/Applications/Xcode.app/Contents/Developer/Platforms/MacOSX.platform/Developer/SDKs/MacOSX26.1.sdk/usr/include/launch.modulemap
/Applications/Xcode.app/Contents/Developer/Platforms/MacOSX.platform/Developer/SDKs/MacOSX26.1.sdk/usr/include/xpc.modulemap
/Applications/Xcode.app/Contents/Developer/Platforms/MacOSX.platform/Developer/SDKs/MacOSX26.1.sdk/usr/include/dispatch.modulemap
/Applications/Xcode.app/Contents/Developer/Platforms/MacOSX.platform/Developer/SDKs/MacOSX26.1.sdk/usr/include/os.modulemap
/Applications/Xcode.app/Contents/Developer/Platforms/MacOSX.platform/Developer/SDKs/MacOSX26.1.sdk/usr/include/Darwin.modulemap
/Applications/Xcode.app/Contents/Developer/Platforms/MacOSX.platform/Developer/SDKs/MacOSX26.1.sdk/usr/include/Darwin_C.modulemap
/Applications/Xcode.app/Contents/Developer/Platforms/MacOSX.platform/Developer/SDKs/MacOSX26.1.sdk/usr/include/Darwin_POSIX.modulemap
/Applications/Xcode.app/Contents/Developer/Platforms/MacOSX.platform/Developer/SDKs/MacOSX26.1.sdk/usr/include/net.modulemap
/Applications/Xcode.app/Contents/Developer/Platforms/MacOSX.platform/Developer/SDKs/MacOSX26.1.sdk/usr/include/netinet.modulemap
/Applications/Xcode.app/Contents/Developer/Platforms/MacOSX.platform/Developer/SDKs/MacOSX26.1.sdk/usr/include/bank.modulemap
/Applications/Xcode.app/Contents/Developer/Platforms/MacOSX.platform/Developer/SDKs/MacOSX26.1.sdk/usr/include/Darwin_Mach.modulemap
/Applications/Xcode.app/Contents/Developer/Platforms/MacOSX.platform/Developer/SDKs/MacOSX26.1.sdk/usr/include/Darwin_Mach_machine.modulemap
/Applications/Xcode.app/Contents/Developer/Platforms/MacOSX.platform/Developer/SDKs/MacOSX26.1.sdk/usr/include/mach_debug.modulemap
/Applications/Xcode.app/Contents/Developer/Platforms/MacOSX.platform/Developer/SDKs/MacOSX26.1.sdk/usr/include/device.modulemap
/Applications/Xcode.app/Contents/Developer/Platforms/MacOSX.platform/Developer/SDKs/MacOSX26.1.sdk/usr/include/Darwin_machine.modulemap
/Applications/Xcode.app/Contents/Developer/Platforms/MacOSX.platform/Developer/SDKs/MacOSX26.1.sdk/usr/include/ncurses.modulemap
/Applications/Xcode.app/Contents/Developer/Platforms/MacOSX.platform/Developer/SDKs/MacOSX26.1.sdk/usr/include/netinet6.modulemap
/Applications/Xcode.app/Contents/Developer/Platforms/MacOSX.platform/Developer/SDKs/MacOSX26.1.sdk/usr/include/Darwin_sys.modulemap
/Applications/Xcode.app/Contents/Developer/Platforms/MacOSX.platform/Developer/SDKs/MacOSX26.1.sdk/usr/include/uuid.modulemap
/Applications/Xcode.app/Contents/Developer/Platforms/MacOSX.platform/Developer/SDKs/MacOSX26.1.sdk/usr/include/DarwinFoundation2.modulemap
/Applications/Xcode.app/Contents/Developer/Platforms/MacOSX.platform/Developer/SDKs/MacOSX26.1.sdk/usr/include/DarwinFoundation3.modulemap
/Applications/Xcode.app/Contents/Developer/Platforms/MacOSX.platform/Developer/SDKs/MacOSX26.1.sdk/usr/include/DarwinFoundation1.modulemap
/Applications/Xcode.app/Contents/Developer/Platforms/MacOSX.platform/Developer/SDKs/MacOSX26.1.sdk/usr/include/xpc/xpc.h
/Applications/Xcode.app/Contents/Developer/Toolchains/XcodeDefault.xctoolchain/usr/lib/swift/clang/include/module.modulemap
/Applications/Xcode.app/Contents/Developer/Toolchains/XcodeDefault.xctoolchain/usr/lib/swift/clang/include/stdarg.h
/Applications/Xcode.app/Contents/Developer/Platforms/MacOSX.platform/Developer/SDKs/MacOSX26.1.sdk/usr/include/stdlib.h
/Applications/Xcode.app/Contents/Developer/Platforms/MacOSX.platform/Developer/SDKs/MacOSX26.1.sdk/usr/include/stdio.h
/Applications/Xcode.app/Contents/Developer/Platforms/MacOSX.platform/Developer/SDKs/MacOSX26.1.sdk/usr/include/string.h
/Applications/Xcode.app/Contents/Developer/Platforms/MacOSX.platform/Developer/SDKs/MacOSX26.1.sdk/usr/include/xpc/base.h
/Applications/Xcode.app/Contents/Developer/Platforms/MacOSX.platform/Developer/SDKs/MacOSX26.1.sdk/usr/include/xpc/availability.h
/Applications/Xcode.app/Contents/Developer/Platforms/MacOSX.platform/Developer/SDKs/MacOSX26.1.sdk/usr/include/xpc/endpoint.h
/Applications/Xcode.app/Contents/Developer/Platforms/MacOSX.platform/Developer/SDKs/MacOSX26.1.sdk/usr/include/xpc/debug.h
/Applications/Xcode.app/Contents/Developer/Platforms/MacOSX.platform/Developer/SDKs/MacOSX26.1.sdk/usr/include/xpc/activity.h
/Applications/Xcode.app/Contents/Developer/Platforms/MacOSX.platform/Developer/SDKs/MacOSX26.1.sdk/usr/include/xpc/peer_requirement.h
/Applications/Xcode.app/Contents/Developer/Platforms/MacOSX.platform/Developer/SDKs/MacOSX26.1.sdk/usr/include/xpc/connection.h
/Applications/Xcode.app/Contents/Developer/Platforms/MacOSX.platform/Developer/SDKs/MacOSX26.1.sdk/usr/include/xpc/rich_error.h
/Applications/Xcode.app/Contents/Developer/Platforms/MacOSX.platform/Developer/SDKs/MacOSX26.1.sdk/usr/include/xpc/session.h
/Applications/Xcode.app/Contents/Developer/Platforms/MacOSX.platform/Developer/SDKs/MacOSX26.1.sdk/usr/include/xpc/listener.h
/Applications/Xcode.app/Contents/Developer/Platforms/MacOSX.platform/Developer/SDKs/MacOSX26.1.sdk/SDKSettings.json
/Applications/Xcode.app/Contents/Developer/Toolchains/XcodeDefault.xctoolchain/usr/lib/swift/macosx/prebuilt-modules/26.1/XPC.swiftmodule/arm64e-apple-macos.swiftmodule
/Applications/Xcode.app/Contents/Developer/Platforms/MacOSX.platform/Developer/SDKs/MacOSX26.1.sdk/usr/include/DarwinFoundation1.modulemap
/Applications/Xcode.app/Contents/Developer/Platforms/MacOSX.platform/Developer/SDKs/MacOSX26.1.sdk/usr/include/AvailabilityInternal.h
/Applications/Xcode.app/Contents/Developer/Platforms/MacOSX.platform/Developer/SDKs/MacOSX26.1.sdk/usr/include/AvailabilityVersions.h
/Applications/Xcode.app/Contents/Developer/Platforms/MacOSX.platform/Developer/SDKs/MacOSX26.1.sdk/usr/include/AvailabilityInternalLegacy.h
/Applications/Xcode.app/Contents/Developer/Platforms/MacOSX.platform/Developer/SDKs/MacOSX26.1.sdk/SDKSettings.json
/Applications/Xcode.app/Contents/Developer/Toolchains/XcodeDefault.xctoolchain/usr/lib/swift/macosx/prebuilt-modules/26.1/_Builtin_float.swiftmodule/arm64e-apple-macos.swiftmodule
/Applications/Xcode.app/Contents/Developer/Toolchains/XcodeDefault.xctoolchain/usr/lib/swift/clang/include/module.modulemap
/Applications/Xcode.app/Contents/Developer/Toolchains/XcodeDefault.xctoolchain/usr/lib/swift/clang/include/float.h
/Applications/Xcode.app/Contents/Developer/Platforms/MacOSX.platform/Developer/SDKs/MacOSX26.1.sdk/SDKSettings.json
/Applications/Xcode.app/Contents/Developer/Toolchains/XcodeDefault.xctoolchain/usr/lib/swift/clang/include/module.modulemap
/Applications/Xcode.app/Contents/Developer/Toolchains/XcodeDefault.xctoolchain/usr/lib/swift/clang/include/inttypes.h
/Applications/Xcode.app/Contents/Developer/Platforms/MacOSX.platform/Developer/SDKs/MacOSX26.1.sdk/usr/include/DarwinFoundation3.modulemap
/Applications/Xcode.app/Contents/Developer/Platforms/MacOSX.platform/Developer/SDKs/MacOSX26.1.sdk/usr/include/inttypes.h
/Applications/Xcode.app/Contents/Developer/Platforms/MacOSX.platform/Developer/SDKs/MacOSX26.1.sdk/SDKSettings.json
/Applications/Xcode.app/Contents/Developer/Toolchains/XcodeDefault.xctoolchain/usr/lib/swift/clang/include/module.modulemap
/Applications/Xcode.app/Contents/Developer/Toolchains/XcodeDefault.xctoolchain/usr/lib/swift/clang/include/limits.h
/Applications/Xcode.app/Contents/Developer/Platforms/MacOSX.platform/Developer/SDKs/MacOSX26.1.sdk/usr/include/DarwinFoundation1.modulemap
/Applications/Xcode.app/Contents/Developer/Platforms/MacOSX.platform/Developer/SDKs/MacOSX26.1.sdk/SDKSettings.json
/Applications/Xcode.app/Contents/Developer/Toolchains/XcodeDefault.xctoolchain/usr/lib/swift/clang/include/module.modulemap
/Applications/Xcode.app/Contents/Developer/Toolchains/XcodeDefault.xctoolchain/usr/lib/swift/clang/include/__stdarg___gnuc_va_list.h
/Applications/Xcode.app/Contents/Developer/Toolchains/XcodeDefault.xctoolchain/usr/lib/swift/clang/include/__stdarg___va_copy.h
/Applications/Xcode.app/Contents/Developer/Toolchains/XcodeDefault.xctoolchain/usr/lib/swift/clang/include/__stdarg_header_macro.h
/Applications/Xcode.app/Contents/Developer/Toolchains/XcodeDefault.xctoolchain/usr/lib/swift/clang/include/__stdarg_va_arg.h
/Applications/Xcode.app/Contents/Developer/Toolchains/XcodeDefault.xctoolchain/usr/lib/swift/clang/include/__stdarg_va_copy.h
/Applications/Xcode.app/Contents/Developer/Toolchains/XcodeDefault.xctoolchain/usr/lib/swift/clang/include/__stdarg_va_list.h
/Applications/Xcode.app/Contents/Developer/Platforms/MacOSX.platform/Developer/SDKs/MacOSX26.1.sdk/SDKSettings.json
/Applications/Xcode.app/Contents/Developer/Toolchains/XcodeDefault.xctoolchain/usr/lib/swift/clang/include/module.modulemap
/Applications/Xcode.app/Contents/Developer/Toolchains/XcodeDefault.xctoolchain/usr/lib/swift/clang/include/stdatomic.h
/Applications/Xcode.app/Contents/Developer/Toolchains/XcodeDefault.xctoolchain/usr/lib/swift/clang/include/stddef.h
/Applications/Xcode.app/Contents/Developer/Platforms/MacOSX.platform/Developer/SDKs/MacOSX26.1.sdk/SDKSettings.json
/Applications/Xcode.app/Contents/Developer/Toolchains/XcodeDefault.xctoolchain/usr/lib/swift/clang/include/module.modulemap
/Applications/Xcode.app/Contents/Developer/Toolchains/XcodeDefault.xctoolchain/usr/lib/swift/clang/include/stdbool.h
/Applications/Xcode.app/Contents/Developer/Platforms/MacOSX.platform/Developer/SDKs/MacOSX26.1.sdk/SDKSettings.json
/Applications/Xcode.app/Contents/Developer/Toolchains/XcodeDefault.xctoolchain/usr/lib/swift/clang/include/module.modulemap
/Applications/Xcode.app/Contents/Developer/Toolchains/XcodeDefault.xctoolchain/usr/lib/swift/clang/include/__stddef_header_macro.h
/Applications/Xcode.app/Contents/Developer/Toolchains/XcodeDefault.xctoolchain/usr/lib/swift/clang/include/__stddef_max_align_t.h
/Applications/Xcode.app/Contents/Developer/Toolchains/XcodeDefault.xctoolchain/usr/lib/swift/clang/include/__stddef_null.h
/Applications/Xcode.app/Contents/Developer/Toolchains/XcodeDefault.xctoolchain/usr/lib/swift/clang/include/__stddef_nullptr_t.h
/Applications/Xcode.app/Contents/Developer/Toolchains/XcodeDefault.xctoolchain/usr/lib/swift/clang/include/__stddef_offsetof.h
/Applications/Xcode.app/Contents/Developer/Toolchains/XcodeDefault.xctoolchain/usr/lib/swift/clang/include/__stddef_ptrdiff_t.h
/Applications/Xcode.app/Contents/Developer/Toolchains/XcodeDefault.xctoolchain/usr/lib/swift/clang/include/__stddef_rsize_t.h
/Applications/Xcode.app/Contents/Developer/Toolchains/XcodeDefault.xctoolchain/usr/lib/swift/clang/include/__stddef_size_t.h
/Applications/Xcode.app/Contents/Developer/Toolchains/XcodeDefault.xctoolchain/usr/lib/swift/clang/include/__stddef_unreachable.h
/Applications/Xcode.app/Contents/Developer/Toolchains/XcodeDefault.xctoolchain/usr/lib/swift/clang/include/__stddef_wchar_t.h
/Applications/Xcode.app/Contents/Developer/Platforms/MacOSX.platform/Developer/SDKs/MacOSX26.1.sdk/SDKSettings.json
/Applications/Xcode.app/Contents/Developer/Toolchains/XcodeDefault.xctoolchain/usr/lib/swift/clang/include/module.modulemap
/Applications/Xcode.app/Contents/Developer/Toolchains/XcodeDefault.xctoolchain/usr/lib/swift/clang/include/stdint.h
/Applications/Xcode.app/Contents/Developer/Platforms/MacOSX.platform/Developer/SDKs/MacOSX26.1.sdk/usr/include/DarwinFoundation2.modulemap
/Applications/Xcode.app/Contents/Developer/Platforms/MacOSX.platform/Developer/SDKs/MacOSX26.1.sdk/SDKSettings.json
/Applications/Xcode.app/Contents/Developer/Toolchains/XcodeDefault.xctoolchain/usr/lib/swift/macosx/prebuilt-modules/26.1/_Concurrency.swiftmodule/arm64e-apple-macos.swiftmodule
/Applications/Xcode.app/Contents/Developer/Toolchains/XcodeDefault.xctoolchain/usr/lib/swift/macosx/prebuilt-modules/26.1/_DarwinFoundation1.swiftmodule/arm64e-apple-macos.swiftmodule
/Applications/Xcode.app/Contents/Developer/Platforms/MacOSX.platform/Developer/SDKs/MacOSX26.1.sdk/usr/include/DarwinFoundation1.modulemap
/Applications/Xcode.app/Contents/Developer/Platforms/MacOSX.platform/Developer/SDKs/MacOSX26.1.sdk/usr/include/sys/appleapiopts.h
/Applications/Xcode.app/Contents/Developer/Platforms/MacOSX.platform/Developer/SDKs/MacOSX26.1.sdk/usr/include/os/availability.h
/Applications/Xcode.app/Contents/Developer/Platforms/MacOSX.platform/Developer/SDKs/MacOSX26.1.sdk/usr/include/Availability.h
/Applications/Xcode.app/Contents/Developer/Platforms/MacOSX.platform/Developer/SDKs/MacOSX26.1.sdk/usr/include/AvailabilityMacros.h
/Applications/Xcode.app/Contents/Developer/Platforms/MacOSX.platform/Developer/SDKs/MacOSX26.1.sdk/usr/include/TargetConditionals.h
/Applications/Xcode.app/Contents/Developer/Platforms/MacOSX.platform/Developer/SDKs/MacOSX26.1.sdk/usr/include/_bounds.h
/Applications/Xcode.app/Contents/Developer/Platforms/MacOSX.platform/Developer/SDKs/MacOSX26.1.sdk/usr/include/sys/cdefs.h
/Applications/Xcode.app/Contents/Developer/Platforms/MacOSX.platform/Developer/SDKs/MacOSX26.1.sdk/usr/include/sys/_symbol_aliasing.h
/Applications/Xcode.app/Contents/Developer/Platforms/MacOSX.platform/Developer/SDKs/MacOSX26.1.sdk/usr/include/sys/_posix_availability.h
/Applications/Xcode.app/Contents/Developer/Toolchains/XcodeDefault.xctoolchain/usr/lib/swift/clang/include/module.modulemap
/Applications/Xcode.app/Contents/Developer/Platforms/MacOSX.platform/Developer/SDKs/MacOSX26.1.sdk/usr/include/sys/qos.h
/Applications/Xcode.app/Contents/Developer/Platforms/MacOSX.platform/Developer/SDKs/MacOSX26.1.sdk/usr/include/machine/_endian.h
/Applications/Xcode.app/Contents/Developer/Platforms/MacOSX.platform/Developer/SDKs/MacOSX26.1.sdk/usr/include/arm/_endian.h
/Applications/Xcode.app/Contents/Developer/Platforms/MacOSX.platform/Developer/SDKs/MacOSX26.1.sdk/usr/include/sys/__endian.h
/Applications/Xcode.app/Contents/Developer/Platforms/MacOSX.platform/Developer/SDKs/MacOSX26.1.sdk/usr/include/i386/_endian.h
/Applications/Xcode.app/Contents/Developer/Platforms/MacOSX.platform/Developer/SDKs/MacOSX26.1.sdk/usr/include/__xlocale.h
/Applications/Xcode.app/Contents/Developer/Platforms/MacOSX.platform/Developer/SDKs/MacOSX26.1.sdk/usr/include/_mb_cur_max.h
/Applications/Xcode.app/Contents/Developer/Platforms/MacOSX.platform/Developer/SDKs/MacOSX26.1.sdk/usr/include/_types/_locale_t.h
/Applications/Xcode.app/Contents/Developer/Platforms/MacOSX.platform/Developer/SDKs/MacOSX26.1.sdk/usr/include/sys/_types/_u_char.h
/Applications/Xcode.app/Contents/Developer/Platforms/MacOSX.platform/Developer/SDKs/MacOSX26.1.sdk/usr/include/sys/_types/_u_short.h
/Applications/Xcode.app/Contents/Developer/Platforms/MacOSX.platform/Developer/SDKs/MacOSX26.1.sdk/usr/include/sys/_types/_u_int.h
/Applications/Xcode.app/Contents/Developer/Platforms/MacOSX.platform/Developer/SDKs/MacOSX26.1.sdk/usr/include/sys/_types/_u_int8_t.h
/Applications/Xcode.app/Contents/Developer/Platforms/MacOSX.platform/Developer/SDKs/MacOSX26.1.sdk/usr/include/sys/_types/_u_int16_t.h
/Applications/Xcode.app/Contents/Developer/Platforms/MacOSX.platform/Developer/SDKs/MacOSX26.1.sdk/usr/include/sys/_types/_u_int32_t.h
/Applications/Xcode.app/Contents/Developer/Platforms/MacOSX.platform/Developer/SDKs/MacOSX26.1.sdk/usr/include/sys/_types/_u_int64_t.h
/Applications/Xcode.app/Contents/Developer/Platforms/MacOSX.platform/Developer/SDKs/MacOSX26.1.sdk/usr/include/_assert.h
/Applications/Xcode.app/Contents/Developer/Platforms/MacOSX.platform/Developer/SDKs/MacOSX26.1.sdk/usr/include/_static_assert.h
/Applications/Xcode.app/Contents/Developer/Platforms/MacOSX.platform/Developer/SDKs/MacOSX26.1.sdk/usr/include/complex.h
/Applications/Xcode.app/Contents/Developer/Platforms/MacOSX.platform/Developer/SDKs/MacOSX26.1.sdk/usr/include/errno.h
/Applications/Xcode.app/Contents/Developer/Platforms/MacOSX.platform/Developer/SDKs/MacOSX26.1.sdk/usr/include/sys/errno.h
/Applications/Xcode.app/Contents/Developer/Platforms/MacOSX.platform/Developer/SDKs/MacOSX26.1.sdk/usr/include/sys/_types/_errno_t.h
/Applications/Xcode.app/Contents/Developer/Platforms/MacOSX.platform/Developer/SDKs/MacOSX26.1.sdk/usr/include/fenv.h
/Applications/Xcode.app/Contents/Developer/Platforms/MacOSX.platform/Developer/SDKs/MacOSX26.1.sdk/usr/include/limits.h
/Applications/Xcode.app/Contents/Developer/Platforms/MacOSX.platform/Developer/SDKs/MacOSX26.1.sdk/usr/include/machine/limits.h
/Applications/Xcode.app/Contents/Developer/Platforms/MacOSX.platform/Developer/SDKs/MacOSX26.1.sdk/usr/include/arm/limits.h
/Applications/Xcode.app/Contents/Developer/Platforms/MacOSX.platform/Developer/SDKs/MacOSX26.1.sdk/usr/include/arm/_limits.h
/Applications/Xcode.app/Contents/Developer/Platforms/MacOSX.platform/Developer/SDKs/MacOSX26.1.sdk/usr/include/sys/syslimits.h
/Applications/Xcode.app/Contents/Developer/Platforms/MacOSX.platform/Developer/SDKs/MacOSX26.1.sdk/usr/include/i386/limits.h
/Applications/Xcode.app/Contents/Developer/Platforms/MacOSX.platform/Developer/SDKs/MacOSX26.1.sdk/usr/include/machine/_limits.h
/Applications/Xcode.app/Contents/Developer/Platforms/MacOSX.platform/Developer/SDKs/MacOSX26.1.sdk/usr/include/i386/_limits.h
/Applications/Xcode.app/Contents/Developer/Platforms/MacOSX.platform/Developer/SDKs/MacOSX26.1.sdk/usr/include/math.h
/Applications/Xcode.app/Contents/Developer/Platforms/MacOSX.platform/Developer/SDKs/MacOSX26.1.sdk/usr/include/setjmp.h
/Applications/Xcode.app/Contents/Developer/Platforms/MacOSX.platform/Developer/SDKs/MacOSX26.1.sdk/SDKSettings.json
/Applications/Xcode.app/Contents/Developer/Platforms/MacOSX.platform/Developer/SDKs/MacOSX26.1.sdk/usr/include/_DarwinFoundation2.apinotes
/Applications/Xcode.app/Contents/Developer/Platforms/MacOSX.platform/Developer/SDKs/MacOSX26.1.sdk/usr/include/DarwinFoundation2.modulemap
/Applications/Xcode.app/Contents/Developer/Platforms/MacOSX.platform/Developer/SDKs/MacOSX26.1.sdk/usr/include/DarwinFoundation1.modulemap
/Applications/Xcode.app/Contents/Developer/Platforms/MacOSX.platform/Developer/SDKs/MacOSX26.1.sdk/usr/include/nl_types.h
/Applications/Xcode.app/Contents/Developer/Platforms/MacOSX.platform/Developer/SDKs/MacOSX26.1.sdk/usr/include/sys/types.h
/Applications/Xcode.app/Contents/Developer/Platforms/MacOSX.platform/Developer/SDKs/MacOSX26.1.sdk/usr/include/machine/types.h
/Applications/Xcode.app/Contents/Developer/Platforms/MacOSX.platform/Developer/SDKs/MacOSX26.1.sdk/usr/include/arm/types.h
/Applications/Xcode.app/Contents/Developer/Platforms/MacOSX.platform/Developer/SDKs/MacOSX26.1.sdk/usr/include/arm/_types.h
/Applications/Xcode.app/Contents/Developer/Platforms/MacOSX.platform/Developer/SDKs/MacOSX26.1.sdk/usr/include/sys/_types/_ptrdiff_t.h
/Applications/Xcode.app/Contents/Developer/Toolchains/XcodeDefault.xctoolchain/usr/lib/swift/clang/include/module.modulemap
/Applications/Xcode.app/Contents/Developer/Toolchains/XcodeDefault.xctoolchain/usr/lib/swift/clang/include/stddef.h
/Applications/Xcode.app/Contents/Developer/Platforms/MacOSX.platform/Developer/SDKs/MacOSX26.1.sdk/usr/include/sys/_types/_size_t.h
/Applications/Xcode.app/Contents/Developer/Platforms/MacOSX.platform/Developer/SDKs/MacOSX26.1.sdk/usr/include/sys/_types/_va_list.h
/Applications/Xcode.app/Contents/Developer/Toolchains/XcodeDefault.xctoolchain/usr/lib/swift/clang/include/stdarg.h
/Applications/Xcode.app/Contents/Developer/Platforms/MacOSX.platform/Developer/SDKs/MacOSX26.1.sdk/usr/include/sys/_types/_wchar_t.h
/Applications/Xcode.app/Contents/Developer/Platforms/MacOSX.platform/Developer/SDKs/MacOSX26.1.sdk/usr/include/sys/_types/_int8_t.h
/Applications/Xcode.app/Contents/Developer/Platforms/MacOSX.platform/Developer/SDKs/MacOSX26.1.sdk/usr/include/sys/_types/_int16_t.h
/Applications/Xcode.app/Contents/Developer/Platforms/MacOSX.platform/Developer/SDKs/MacOSX26.1.sdk/usr/include/sys/_types/_int32_t.h
/Applications/Xcode.app/Contents/Developer/Platforms/MacOSX.platform/Developer/SDKs/MacOSX26.1.sdk/usr/include/sys/_types/_int64_t.h
/Applications/Xcode.app/Contents/Developer/Platforms/MacOSX.platform/Developer/SDKs/MacOSX26.1.sdk/usr/include/sys/_types/_intptr_t.h
/Applications/Xcode.app/Contents/Developer/Platforms/MacOSX.platform/Developer/SDKs/MacOSX26.1.sdk/usr/include/machine/_types.h
/Applications/Xcode.app/Contents/Developer/Platforms/MacOSX.platform/Developer/SDKs/MacOSX26.1.sdk/usr/include/sys/_types/_uintptr_t.h
/Applications/Xcode.app/Contents/Developer/Platforms/MacOSX.platform/Developer/SDKs/MacOSX26.1.sdk/usr/include/sys/_types.h
/Applications/Xcode.app/Contents/Developer/Platforms/MacOSX.platform/Developer/SDKs/MacOSX26.1.sdk/usr/include/sys/_types/_null.h
/Applications/Xcode.app/Contents/Developer/Platforms/MacOSX.platform/Developer/SDKs/MacOSX26.1.sdk/usr/include/sys/_pthread/_pthread_types.h
/Applications/Xcode.app/Contents/Developer/Platforms/MacOSX.platform/Developer/SDKs/MacOSX26.1.sdk/usr/include/machine/endian.h
/Applications/Xcode.app/Contents/Developer/Platforms/MacOSX.platform/Developer/SDKs/MacOSX26.1.sdk/usr/include/arm/endian.h
/Applications/Xcode.app/Contents/Developer/Platforms/MacOSX.platform/Developer/SDKs/MacOSX26.1.sdk/usr/include/sys/_endian.h
/Applications/Xcode.app/Contents/Developer/Platforms/MacOSX.platform/Developer/SDKs/MacOSX26.1.sdk/usr/include/libkern/_OSByteOrder.h
/Applications/Xcode.app/Contents/Developer/Platforms/MacOSX.platform/Developer/SDKs/MacOSX26.1.sdk/usr/include/libkern/arm/_OSByteOrder.h
/Applications/Xcode.app/Contents/Developer/Platforms/MacOSX.platform/Developer/SDKs/MacOSX26.1.sdk/usr/include/sys/_types/_caddr_t.h
/Applications/Xcode.app/Contents/Developer/Platforms/MacOSX.platform/Developer/SDKs/MacOSX26.1.sdk/usr/include/sys/_types/_dev_t.h
/Applications/Xcode.app/Contents/Developer/Platforms/MacOSX.platform/Developer/SDKs/MacOSX26.1.sdk/usr/include/sys/_types/_blkcnt_t.h
/Applications/Xcode.app/Contents/Developer/Platforms/MacOSX.platform/Developer/SDKs/MacOSX26.1.sdk/usr/include/sys/_types/_blksize_t.h
/Applications/Xcode.app/Contents/Developer/Platforms/MacOSX.platform/Developer/SDKs/MacOSX26.1.sdk/usr/include/sys/_types/_gid_t.h
/Applications/Xcode.app/Contents/Developer/Platforms/MacOSX.platform/Developer/SDKs/MacOSX26.1.sdk/usr/include/sys/_types/_in_addr_t.h
/Applications/Xcode.app/Contents/Developer/Platforms/MacOSX.platform/Developer/SDKs/MacOSX26.1.sdk/usr/include/sys/_types/_in_port_t.h
/Applications/Xcode.app/Contents/Developer/Platforms/MacOSX.platform/Developer/SDKs/MacOSX26.1.sdk/usr/include/sys/_types/_ino_t.h
/Applications/Xcode.app/Contents/Developer/Platforms/MacOSX.platform/Developer/SDKs/MacOSX26.1.sdk/usr/include/sys/_types/_ino64_t.h
/Applications/Xcode.app/Contents/Developer/Platforms/MacOSX.platform/Developer/SDKs/MacOSX26.1.sdk/usr/include/sys/_types/_key_t.h
/Applications/Xcode.app/Contents/Developer/Platforms/MacOSX.platform/Developer/SDKs/MacOSX26.1.sdk/usr/include/sys/_types/_mode_t.h
/Applications/Xcode.app/Contents/Developer/Platforms/MacOSX.platform/Developer/SDKs/MacOSX26.1.sdk/usr/include/sys/_types/_nlink_t.h
/Applications/Xcode.app/Contents/Developer/Platforms/MacOSX.platform/Developer/SDKs/MacOSX26.1.sdk/usr/include/sys/_types/_id_t.h
/Applications/Xcode.app/Contents/Developer/Platforms/MacOSX.platform/Developer/SDKs/MacOSX26.1.sdk/usr/include/sys/_types/_pid_t.h
/Applications/Xcode.app/Contents/Developer/Platforms/MacOSX.platform/Developer/SDKs/MacOSX26.1.sdk/usr/include/sys/_types/_off_t.h
/Applications/Xcode.app/Contents/Developer/Platforms/MacOSX.platform/Developer/SDKs/MacOSX26.1.sdk/usr/include/sys/_types/_uid_t.h
/Applications/Xcode.app/Contents/Developer/Platforms/MacOSX.platform/Developer/SDKs/MacOSX26.1.sdk/usr/include/sys/_types/_clock_t.h
/Applications/Xcode.app/Contents/Developer/Platforms/MacOSX.platform/Developer/SDKs/MacOSX26.1.sdk/usr/include/sys/_types/_ssize_t.h
/Applications/Xcode.app/Contents/Developer/Platforms/MacOSX.platform/Developer/SDKs/MacOSX26.1.sdk/usr/include/sys/_types/_time_t.h
/Applications/Xcode.app/Contents/Developer/Platforms/MacOSX.platform/Developer/SDKs/MacOSX26.1.sdk/usr/include/sys/_types/_useconds_t.h
/Applications/Xcode.app/Contents/Developer/Platforms/MacOSX.platform/Developer/SDKs/MacOSX26.1.sdk/usr/include/sys/_types/_suseconds_t.h
/Applications/Xcode.app/Contents/Developer/Platforms/MacOSX.platform/Developer/SDKs/MacOSX26.1.sdk/usr/include/sys/_types/_rsize_t.h
/Applications/Xcode.app/Contents/Developer/Platforms/MacOSX.platform/Developer/SDKs/MacOSX26.1.sdk/usr/include/sys/_types/_fd_def.h
/Applications/Xcode.app/Contents/Developer/Platforms/MacOSX.platform/Developer/SDKs/MacOSX26.1.sdk/usr/include/sys/_types/_fd_setsize.h
/Applications/Xcode.app/Contents/Developer/Platforms/MacOSX.platform/Developer/SDKs/MacOSX26.1.sdk/usr/include/sys/_types/_fd_set.h
/Applications/Xcode.app/Contents/Developer/Platforms/MacOSX.platform/Developer/SDKs/MacOSX26.1.sdk/usr/include/sys/_types/_fd_clr.h
/Applications/Xcode.app/Contents/Developer/Platforms/MacOSX.platform/Developer/SDKs/MacOSX26.1.sdk/usr/include/sys/_types/_fd_zero.h
/Applications/Xcode.app/Contents/Developer/Platforms/MacOSX.platform/Developer/SDKs/MacOSX26.1.sdk/usr/include/sys/_types/_fd_isset.h
/Applications/Xcode.app/Contents/Developer/Platforms/MacOSX.platform/Developer/SDKs/MacOSX26.1.sdk/usr/include/sys/_types/_fd_copy.h
/Applications/Xcode.app/Contents/Developer/Platforms/MacOSX.platform/Developer/SDKs/MacOSX26.1.sdk/usr/include/sys/_pthread/_pthread_attr_t.h
/Applications/Xcode.app/Contents/Developer/Platforms/MacOSX.platform/Developer/SDKs/MacOSX26.1.sdk/usr/include/sys/_pthread/_pthread_cond_t.h
/Applications/Xcode.app/Contents/Developer/Platforms/MacOSX.platform/Developer/SDKs/MacOSX26.1.sdk/usr/include/sys/_pthread/_pthread_condattr_t.h
/Applications/Xcode.app/Contents/Developer/Platforms/MacOSX.platform/Developer/SDKs/MacOSX26.1.sdk/usr/include/sys/_pthread/_pthread_mutex_t.h
/Applications/Xcode.app/Contents/Developer/Platforms/MacOSX.platform/Developer/SDKs/MacOSX26.1.sdk/usr/include/sys/_pthread/_pthread_mutexattr_t.h
/Applications/Xcode.app/Contents/Developer/Platforms/MacOSX.platform/Developer/SDKs/MacOSX26.1.sdk/usr/include/sys/_pthread/_pthread_once_t.h
/Applications/Xcode.app/Contents/Developer/Platforms/MacOSX.platform/Developer/SDKs/MacOSX26.1.sdk/usr/include/sys/_pthread/_pthread_rwlock_t.h
/Applications/Xcode.app/Contents/Developer/Platforms/MacOSX.platform/Developer/SDKs/MacOSX26.1.sdk/usr/include/sys/_pthread/_pthread_rwlockattr_t.h
/Applications/Xcode.app/Contents/Developer/Platforms/MacOSX.platform/Developer/SDKs/MacOSX26.1.sdk/usr/include/sys/_pthread/_pthread_t.h
/Applications/Xcode.app/Contents/Developer/Platforms/MacOSX.platform/Developer/SDKs/MacOSX26.1.sdk/usr/include/sys/_pthread/_pthread_key_t.h
/Applications/Xcode.app/Contents/Developer/Platforms/MacOSX.platform/Developer/SDKs/MacOSX26.1.sdk/usr/include/sys/_types/_fsblkcnt_t.h
/Applications/Xcode.app/Contents/Developer/Platforms/MacOSX.platform/Developer/SDKs/MacOSX26.1.sdk/usr/include/sys/_types/_fsfilcnt_t.h
/Applications/Xcode.app/Contents/Developer/Platforms/MacOSX.platform/Developer/SDKs/MacOSX26.1.sdk/usr/include/_types.h
/Applications/Xcode.app/Contents/Developer/Platforms/MacOSX.platform/Developer/SDKs/MacOSX26.1.sdk/usr/include/_types/_nl_item.h
/Applications/Xcode.app/Contents/Developer/Platforms/MacOSX.platform/Developer/SDKs/MacOSX26.1.sdk/usr/include/runetype.h
/Applications/Xcode.app/Contents/Developer/Platforms/MacOSX.platform/Developer/SDKs/MacOSX26.1.sdk/usr/include/sys/_types/_ct_rune_t.h
/Applications/Xcode.app/Contents/Developer/Platforms/MacOSX.platform/Developer/SDKs/MacOSX26.1.sdk/usr/include/sys/_types/_rune_t.h
/Applications/Xcode.app/Contents/Developer/Platforms/MacOSX.platform/Developer/SDKs/MacOSX26.1.sdk/usr/include/sys/_types/_wint_t.h
/Applications/Xcode.app/Contents/Developer/Platforms/MacOSX.platform/Developer/SDKs/MacOSX26.1.sdk/usr/include/alloca.h
/Applications/Xcode.app/Contents/Developer/Platforms/MacOSX.platform/Developer/SDKs/MacOSX26.1.sdk/usr/include/i386/endian.h
/Applications/Xcode.app/Contents/Developer/Platforms/MacOSX.platform/Developer/SDKs/MacOSX26.1.sdk/usr/include/libkern/i386/_OSByteOrder.h
/Applications/Xcode.app/Contents/Developer/Platforms/MacOSX.platform/Developer/SDKs/MacOSX26.1.sdk/usr/include/secure/_common.h
/Applications/Xcode.app/Contents/Developer/Platforms/MacOSX.platform/Developer/SDKs/MacOSX26.1.sdk/usr/include/sys/_types/_mach_port_t.h
/Applications/Xcode.app/Contents/Developer/Platforms/MacOSX.platform/Developer/SDKs/MacOSX26.1.sdk/usr/include/sys/_types/_offsetof.h
/Applications/Xcode.app/Contents/Developer/Platforms/MacOSX.platform/Developer/SDKs/MacOSX26.1.sdk/usr/include/_strings.h
/Applications/Xcode.app/Contents/Developer/Platforms/MacOSX.platform/Developer/SDKs/MacOSX26.1.sdk/usr/include/secure/_strings.h
/Applications/Xcode.app/Contents/Developer/Platforms/MacOSX.platform/Developer/SDKs/MacOSX26.1.sdk/usr/include/sys/_types/_timeval.h
/Applications/Xcode.app/Contents/Developer/Platforms/MacOSX.platform/Developer/SDKs/MacOSX26.1.sdk/usr/include/sys/_types/_uuid_t.h
/Applications/Xcode.app/Contents/Developer/Platforms/MacOSX.platform/Developer/SDKs/MacOSX26.1.sdk/usr/include/i386/types.h
/Applications/Xcode.app/Contents/Developer/Platforms/MacOSX.platform/Developer/SDKs/MacOSX26.1.sdk/usr/include/i386/_types.h
/Applications/Xcode.app/Contents/Developer/Platforms/MacOSX.platform/Developer/SDKs/MacOSX26.1.sdk/usr/include/_ctype.h
/Applications/Xcode.app/Contents/Developer/Platforms/MacOSX.platform/Developer/SDKs/MacOSX26.1.sdk/usr/include/xlocale/_ctype.h
/Applications/Xcode.app/Contents/Developer/Platforms/MacOSX.platform/Developer/SDKs/MacOSX26.1.sdk/usr/include/locale.h
/Applications/Xcode.app/Contents/Developer/Platforms/MacOSX.platform/Developer/SDKs/MacOSX26.1.sdk/usr/include/_locale.h
/Applications/Xcode.app/Contents/Developer/Platforms/MacOSX.platform/Developer/SDKs/MacOSX26.1.sdk/usr/include/_locale_posix2008.h
/Applications/Xcode.app/Contents/Developer/Platforms/MacOSX.platform/Developer/SDKs/MacOSX26.1.sdk/usr/include/stdint.h
/Applications/Xcode.app/Contents/Developer/Platforms/MacOSX.platform/Developer/SDKs/MacOSX26.1.sdk/usr/include/_types/_uint8_t.h
/Applications/Xcode.app/Contents/Developer/Platforms/MacOSX.platform/Developer/SDKs/MacOSX26.1.sdk/usr/include/_types/_uint16_t.h
/Applications/Xcode.app/Contents/Developer/Platforms/MacOSX.platform/Developer/SDKs/MacOSX26.1.sdk/usr/include/_types/_uint32_t.h
/Applications/Xcode.app/Contents/Developer/Platforms/MacOSX.platform/Developer/SDKs/MacOSX26.1.sdk/usr/include/_types/_uint64_t.h
/Applications/Xcode.app/Contents/Developer/Platforms/MacOSX.platform/Developer/SDKs/MacOSX26.1.sdk/usr/include/_types/_intmax_t.h
/Applications/Xcode.app/Contents/Developer/Platforms/MacOSX.platform/Developer/SDKs/MacOSX26.1.sdk/usr/include/_types/_uintmax_t.h
/Applications/Xcode.app/Contents/Developer/Platforms/MacOSX.platform/Developer/SDKs/MacOSX26.1.sdk/usr/include/_stdio.h
/Applications/Xcode.app/Contents/Developer/Platforms/MacOSX.platform/Developer/SDKs/MacOSX26.1.sdk/usr/include/sys/stdio.h
/Applications/Xcode.app/Contents/Developer/Platforms/MacOSX.platform/Developer/SDKs/MacOSX26.1.sdk/usr/include/_printf.h
/Applications/Xcode.app/Contents/Developer/Platforms/MacOSX.platform/Developer/SDKs/MacOSX26.1.sdk/usr/include/sys/_types/_seek_set.h
/Applications/Xcode.app/Contents/Developer/Platforms/MacOSX.platform/Developer/SDKs/MacOSX26.1.sdk/usr/include/_ctermid.h
/Applications/Xcode.app/Contents/Developer/Platforms/MacOSX.platform/Developer/SDKs/MacOSX26.1.sdk/usr/include/secure/_stdio.h
/Applications/Xcode.app/Contents/Developer/Platforms/MacOSX.platform/Developer/SDKs/MacOSX26.1.sdk/usr/include/xlocale/_stdio.h
/Applications/Xcode.app/Contents/Developer/Platforms/MacOSX.platform/Developer/SDKs/MacOSX26.1.sdk/usr/include/_string.h
/Applications/Xcode.app/Contents/Developer/Platforms/MacOSX.platform/Developer/SDKs/MacOSX26.1.sdk/usr/include/secure/_string.h
/Applications/Xcode.app/Contents/Developer/Platforms/MacOSX.platform/Developer/SDKs/MacOSX26.1.sdk/usr/include/xlocale/_string.h
/Applications/Xcode.app/Contents/Developer/Platforms/MacOSX.platform/Developer/SDKs/MacOSX26.1.sdk/usr/include/tgmath.h
/Applications/Xcode.app/Contents/Developer/Platforms/MacOSX.platform/Developer/SDKs/MacOSX26.1.sdk/usr/include/_time.h
/Applications/Xcode.app/Contents/Developer/Platforms/MacOSX.platform/Developer/SDKs/MacOSX26.1.sdk/usr/include/sys/_types/_timespec.h
/Applications/Xcode.app/Contents/Developer/Platforms/MacOSX.platform/Developer/SDKs/MacOSX26.1.sdk/usr/include/xlocale/_time.h
/Applications/Xcode.app/Contents/Developer/Platforms/MacOSX.platform/Developer/SDKs/MacOSX26.1.sdk/SDKSettings.json
/Applications/Xcode.app/Contents/Developer/Toolchains/XcodeDefault.xctoolchain/usr/lib/swift/macosx/prebuilt-modules/26.1/_DarwinFoundation2.swiftmodule/arm64e-apple-macos.swiftmodule
/Applications/Xcode.app/Contents/Developer/Platforms/MacOSX.platform/Developer/SDKs/MacOSX26.1.sdk/usr/include/DarwinFoundation2.modulemap
/Applications/Xcode.app/Contents/Developer/Platforms/MacOSX.platform/Developer/SDKs/MacOSX26.1.sdk/usr/include/DarwinFoundation3.modulemap
/Applications/Xcode.app/Contents/Developer/Platforms/MacOSX.platform/Developer/SDKs/MacOSX26.1.sdk/usr/include/DarwinFoundation1.modulemap
/Applications/Xcode.app/Contents/Developer/Platforms/MacOSX.platform/Developer/SDKs/MacOSX26.1.sdk/usr/include/pthread/pthread.h
/Applications/Xcode.app/Contents/Developer/Platforms/MacOSX.platform/Developer/SDKs/MacOSX26.1.sdk/usr/include/pthread/sched.h
/Applications/Xcode.app/Contents/Developer/Platforms/MacOSX.platform/Developer/SDKs/MacOSX26.1.sdk/usr/include/pthread/pthread_impl.h
/Applications/Xcode.app/Contents/Developer/Platforms/MacOSX.platform/Developer/SDKs/MacOSX26.1.sdk/usr/include/time.h
/Applications/Xcode.app/Contents/Developer/Platforms/MacOSX.platform/Developer/SDKs/MacOSX26.1.sdk/usr/include/pthread/qos.h
/Applications/Xcode.app/Contents/Developer/Platforms/MacOSX.platform/Developer/SDKs/MacOSX26.1.sdk/usr/include/sys/_types/_sigset_t.h
/Applications/Xcode.app/Contents/Developer/Platforms/MacOSX.platform/Developer/SDKs/MacOSX26.1.sdk/usr/include/sys/resource.h
/Applications/Xcode.app/Contents/Developer/Toolchains/XcodeDefault.xctoolchain/usr/lib/swift/clang/include/module.modulemap
/Applications/Xcode.app/Contents/Developer/Platforms/MacOSX.platform/Developer/SDKs/MacOSX26.1.sdk/usr/include/sys/select.h
/Applications/Xcode.app/Contents/Developer/Platforms/MacOSX.platform/Developer/SDKs/MacOSX26.1.sdk/usr/include/sys/_select.h
/Applications/Xcode.app/Contents/Developer/Platforms/MacOSX.platform/Developer/SDKs/MacOSX26.1.sdk/usr/include/sys/wait.h
/Applications/Xcode.app/Contents/Developer/Platforms/MacOSX.platform/Developer/SDKs/MacOSX26.1.sdk/usr/include/sys/signal.h
/Applications/Xcode.app/Contents/Developer/Platforms/MacOSX.platform/Developer/SDKs/MacOSX26.1.sdk/usr/include/machine/signal.h
/Applications/Xcode.app/Contents/Developer/Platforms/MacOSX.platform/Developer/SDKs/MacOSX26.1.sdk/usr/include/arm/signal.h
/Applications/Xcode.app/Contents/Developer/Platforms/MacOSX.platform/Developer/SDKs/MacOSX26.1.sdk/usr/include/machine/_mcontext.h
/Applications/Xcode.app/Contents/Developer/Platforms/MacOSX.platform/Developer/SDKs/MacOSX26.1.sdk/usr/include/arm/_mcontext.h
/Applications/Xcode.app/Contents/Developer/Platforms/MacOSX.platform/Developer/SDKs/MacOSX26.1.sdk/usr/include/mach/machine/_structs.h
/Applications/Xcode.app/Contents/Developer/Platforms/MacOSX.platform/Developer/SDKs/MacOSX26.1.sdk/usr/include/mach/arm/_structs.h
/Applications/Xcode.app/Contents/Developer/Platforms/MacOSX.platform/Developer/SDKs/MacOSX26.1.sdk/usr/include/sys/_types/_sigaltstack.h
/Applications/Xcode.app/Contents/Developer/Platforms/MacOSX.platform/Developer/SDKs/MacOSX26.1.sdk/usr/include/sys/_types/_ucontext.h
/Applications/Xcode.app/Contents/Developer/Platforms/MacOSX.platform/Developer/SDKs/MacOSX26.1.sdk/usr/include/unistd.h
/Applications/Xcode.app/Contents/Developer/Platforms/MacOSX.platform/Developer/SDKs/MacOSX26.1.sdk/usr/include/sys/unistd.h
/Applications/Xcode.app/Contents/Developer/Platforms/MacOSX.platform/Developer/SDKs/MacOSX26.1.sdk/usr/include/sys/_types/_posix_vdisable.h
/Applications/Xcode.app/Contents/Developer/Platforms/MacOSX.platform/Developer/SDKs/MacOSX26.1.sdk/usr/include/gethostuuid.h
/Applications/Xcode.app/Contents/Developer/Platforms/MacOSX.platform/Developer/SDKs/MacOSX26.1.sdk/usr/include/mach/i386/_structs.h
/Applications/Xcode.app/Contents/Developer/Platforms/MacOSX.platform/Developer/SDKs/MacOSX26.1.sdk/usr/include/_inttypes.h
/Applications/Xcode.app/Contents/Developer/Platforms/MacOSX.platform/Developer/SDKs/MacOSX26.1.sdk/usr/include/xlocale/_inttypes.h
/Applications/Xcode.app/Contents/Developer/Toolchains/XcodeDefault.xctoolchain/usr/lib/swift/clang/include/stddef.h
/Applications/Xcode.app/Contents/Developer/Platforms/MacOSX.platform/Developer/SDKs/MacOSX26.1.sdk/usr/include/signal.h
/Applications/Xcode.app/Contents/Developer/Platforms/MacOSX.platform/Developer/SDKs/MacOSX26.1.sdk/usr/include/i386/signal.h
/Applications/Xcode.app/Contents/Developer/Platforms/MacOSX.platform/Developer/SDKs/MacOSX26.1.sdk/usr/include/i386/_mcontext.h
/Applications/Xcode.app/Contents/Developer/Platforms/MacOSX.platform/Developer/SDKs/MacOSX26.1.sdk/usr/include/_stdlib.h
/Applications/Xcode.app/Contents/Developer/Platforms/MacOSX.platform/Developer/SDKs/MacOSX26.1.sdk/usr/include/malloc/_malloc.h
/Applications/Xcode.app/Contents/Developer/Platforms/MacOSX.platform/Developer/SDKs/MacOSX26.1.sdk/usr/include/malloc/_malloc_type.h
/Applications/Xcode.app/Contents/Developer/Platforms/MacOSX.platform/Developer/SDKs/MacOSX26.1.sdk/usr/include/malloc/_ptrcheck.h
/Applications/Xcode.app/Contents/Developer/Platforms/MacOSX.platform/Developer/SDKs/MacOSX26.1.sdk/usr/include/_abort.h
/Applications/Xcode.app/Contents/Developer/Platforms/MacOSX.platform/Developer/SDKs/MacOSX26.1.sdk/usr/include/xlocale/_stdlib.h
/Applications/Xcode.app/Contents/Developer/Platforms/MacOSX.platform/Developer/SDKs/MacOSX26.1.sdk/usr/include/_wchar.h
/Applications/Xcode.app/Contents/Developer/Platforms/MacOSX.platform/Developer/SDKs/MacOSX26.1.sdk/usr/include/sys/_types/_mbstate_t.h
/Applications/Xcode.app/Contents/Developer/Toolchains/XcodeDefault.xctoolchain/usr/lib/swift/clang/include/stdarg.h
/Applications/Xcode.app/Contents/Developer/Platforms/MacOSX.platform/Developer/SDKs/MacOSX26.1.sdk/usr/include/stdio.h
/Applications/Xcode.app/Contents/Developer/Platforms/MacOSX.platform/Developer/SDKs/MacOSX26.1.sdk/usr/include/__wctype.h
/Applications/Xcode.app/Contents/Developer/Platforms/MacOSX.platform/Developer/SDKs/MacOSX26.1.sdk/usr/include/___wctype.h
/Applications/Xcode.app/Contents/Developer/Platforms/MacOSX.platform/Developer/SDKs/MacOSX26.1.sdk/usr/include/_types/_wctype_t.h
/Applications/Xcode.app/Contents/Developer/Platforms/MacOSX.platform/Developer/SDKs/MacOSX26.1.sdk/usr/include/ctype.h
/Applications/Xcode.app/Contents/Developer/Platforms/MacOSX.platform/Developer/SDKs/MacOSX26.1.sdk/usr/include/xlocale/_wchar.h
/Applications/Xcode.app/Contents/Developer/Platforms/MacOSX.platform/Developer/SDKs/MacOSX26.1.sdk/usr/include/_wctype.h
/Applications/Xcode.app/Contents/Developer/Platforms/MacOSX.platform/Developer/SDKs/MacOSX26.1.sdk/usr/include/_types/_wctrans_t.h
/Applications/Xcode.app/Contents/Developer/Platforms/MacOSX.platform/Developer/SDKs/MacOSX26.1.sdk/usr/include/xlocale/_wctype.h
/Applications/Xcode.app/Contents/Developer/Platforms/MacOSX.platform/Developer/SDKs/MacOSX26.1.sdk/usr/include/xlocale/___wctype.h
/Applications/Xcode.app/Contents/Developer/Platforms/MacOSX.platform/Developer/SDKs/MacOSX26.1.sdk/SDKSettings.json
/Applications/Xcode.app/Contents/Developer/Toolchains/XcodeDefault.xctoolchain/usr/lib/swift/macosx/prebuilt-modules/26.1/_DarwinFoundation3.swiftmodule/arm64e-apple-macos.swiftmodule
/Applications/Xcode.app/Contents/Developer/Toolchains/XcodeDefault.xctoolchain/usr/lib/swift/macosx/prebuilt-modules/26.1/_StringProcessing.swiftmodule/arm64e-apple-macos.swiftmodule
/Applications/Xcode.app/Contents/Developer/Platforms/MacOSX.platform/Developer/SDKs/MacOSX26.1.sdk/usr/lib/swift/shims/module.modulemap
/Applications/Xcode.app/Contents/Developer/Platforms/MacOSX.platform/Developer/SDKs/MacOSX26.1.sdk/usr/lib/swift/shims/_SwiftConcurrency.h
/Applications/Xcode.app/Contents/Developer/Platforms/MacOSX.platform/Developer/SDKs/MacOSX26.1.sdk/SDKSettings.json
/Applications/Xcode.app/Contents/Developer/Platforms/MacOSX.platform/Developer/SDKs/MacOSX26.1.sdk/usr/include/launch.modulemap
/Applications/Xcode.app/Contents/Developer/Platforms/MacOSX.platform/Developer/SDKs/MacOSX26.1.sdk/usr/include/Darwin.modulemap
/Applications/Xcode.app/Contents/Developer/Platforms/MacOSX.platform/Developer/SDKs/MacOSX26.1.sdk/usr/include/Darwin_C.modulemap
/Applications/Xcode.app/Contents/Developer/Platforms/MacOSX.platform/Developer/SDKs/MacOSX26.1.sdk/usr/include/Darwin_POSIX.modulemap
/Applications/Xcode.app/Contents/Developer/Platforms/MacOSX.platform/Developer/SDKs/MacOSX26.1.sdk/usr/include/net.modulemap
/Applications/Xcode.app/Contents/Developer/Platforms/MacOSX.platform/Developer/SDKs/MacOSX26.1.sdk/usr/include/netinet.modulemap
/Applications/Xcode.app/Contents/Developer/Platforms/MacOSX.platform/Developer/SDKs/MacOSX26.1.sdk/usr/include/bank.modulemap
/Applications/Xcode.app/Contents/Developer/Platforms/MacOSX.platform/Developer/SDKs/MacOSX26.1.sdk/usr/include/Darwin_Mach.modulemap
/Applications/Xcode.app/Contents/Developer/Platforms/MacOSX.platform/Developer/SDKs/MacOSX26.1.sdk/usr/include/Darwin_Mach_machine.modulemap
/Applications/Xcode.app/Contents/Developer/Platforms/MacOSX.platform/Developer/SDKs/MacOSX26.1.sdk/usr/include/mach_debug.modulemap
/Applications/Xcode.app/Contents/Developer/Platforms/MacOSX.platform/Developer/SDKs/MacOSX26.1.sdk/usr/include/device.modulemap
/Applications/Xcode.app/Contents/Developer/Platforms/MacOSX.platform/Developer/SDKs/MacOSX26.1.sdk/usr/include/Darwin_machine.modulemap
/Applications/Xcode.app/Contents/Developer/Platforms/MacOSX.platform/Developer/SDKs/MacOSX26.1.sdk/usr/include/ncurses.modulemap
/Applications/Xcode.app/Contents/Developer/Platforms/MacOSX.platform/Developer/SDKs/MacOSX26.1.sdk/usr/include/netinet6.modulemap
/Applications/Xcode.app/Contents/Developer/Platforms/MacOSX.platform/Developer/SDKs/MacOSX26.1.sdk/usr/include/Darwin_sys.modulemap
/Applications/Xcode.app/Contents/Developer/Platforms/MacOSX.platform/Developer/SDKs/MacOSX26.1.sdk/usr/include/uuid.modulemap
/Applications/Xcode.app/Contents/Developer/Platforms/MacOSX.platform/Developer/SDKs/MacOSX26.1.sdk/usr/include/DarwinFoundation1.modulemap
/Applications/Xcode.app/Contents/Developer/Platforms/MacOSX.platform/Developer/SDKs/MacOSX26.1.sdk/usr/include/launch.h
/Applications/Xcode.app/Contents/Developer/Toolchains/XcodeDefault.xctoolchain/usr/lib/swift/clang/include/module.modulemap
/Applications/Xcode.app/Contents/Developer/Toolchains/XcodeDefault.xctoolchain/usr/lib/swift/clang/include/stddef.h
/Applications/Xcode.app/Contents/Developer/Platforms/MacOSX.platform/Developer/SDKs/MacOSX26.1.sdk/SDKSettings.json
/Applications/Xcode.app/Contents/Developer/Platforms/MacOSX.platform/Developer/SDKs/MacOSX26.1.sdk/usr/include/libDER/module.modulemap
/Applications/Xcode.app/Contents/Developer/Platforms/MacOSX.platform/Developer/SDKs/MacOSX26.1.sdk/usr/include/libDER/DERItem.h
/Applications/Xcode.app/Contents/Developer/Platforms/MacOSX.platform/Developer/SDKs/MacOSX26.1.sdk/usr/include/libDER/libDER_config.h
/Applications/Xcode.app/Contents/Developer/Toolchains/XcodeDefault.xctoolchain/usr/lib/swift/clang/include/module.modulemap
/Applications/Xcode.app/Contents/Developer/Toolchains/XcodeDefault.xctoolchain/usr/lib/swift/clang/include/stddef.h
/Applications/Xcode.app/Contents/Developer/Platforms/MacOSX.platform/Developer/SDKs/MacOSX26.1.sdk/usr/include/DarwinFoundation2.modulemap
/Applications/Xcode.app/Contents/Developer/Platforms/MacOSX.platform/Developer/SDKs/MacOSX26.1.sdk/usr/include/DarwinFoundation1.modulemap
/Applications/Xcode.app/Contents/Developer/Platforms/MacOSX.platform/Developer/SDKs/MacOSX26.1.sdk/usr/include/string.h
/Applications/Xcode.app/Contents/Developer/Platforms/MacOSX.platform/Developer/SDKs/MacOSX26.1.sdk/SDKSettings.json
/Applications/Xcode.app/Contents/Developer/Platforms/MacOSX.platform/Developer/SDKs/MacOSX26.1.sdk/usr/include/libkern.modulemap
/Applications/Xcode.app/Contents/Developer/Platforms/MacOSX.platform/Developer/SDKs/MacOSX26.1.sdk/usr/include/Darwin.modulemap
/Applications/Xcode.app/Contents/Developer/Platforms/MacOSX.platform/Developer/SDKs/MacOSX26.1.sdk/usr/include/Darwin_C.modulemap
/Applications/Xcode.app/Contents/Developer/Platforms/MacOSX.platform/Developer/SDKs/MacOSX26.1.sdk/usr/include/Darwin_POSIX.modulemap
/Applications/Xcode.app/Contents/Developer/Platforms/MacOSX.platform/Developer/SDKs/MacOSX26.1.sdk/usr/include/net.modulemap
/Applications/Xcode.app/Contents/Developer/Platforms/MacOSX.platform/Developer/SDKs/MacOSX26.1.sdk/usr/include/netinet.modulemap
/Applications/Xcode.app/Contents/Developer/Platforms/MacOSX.platform/Developer/SDKs/MacOSX26.1.sdk/usr/include/bank.modulemap
/Applications/Xcode.app/Contents/Developer/Platforms/MacOSX.platform/Developer/SDKs/MacOSX26.1.sdk/usr/include/Darwin_Mach.modulemap
/Applications/Xcode.app/Contents/Developer/Platforms/MacOSX.platform/Developer/SDKs/MacOSX26.1.sdk/usr/include/Darwin_Mach_machine.modulemap
/Applications/Xcode.app/Contents/Developer/Platforms/MacOSX.platform/Developer/SDKs/MacOSX26.1.sdk/usr/include/mach_debug.modulemap
/Applications/Xcode.app/Contents/Developer/Platforms/MacOSX.platform/Developer/SDKs/MacOSX26.1.sdk/usr/include/device.modulemap
/Applications/Xcode.app/Contents/Developer/Platforms/MacOSX.platform/Developer/SDKs/MacOSX26.1.sdk/usr/include/Darwin_machine.modulemap
/Applications/Xcode.app/Contents/Developer/Platforms/MacOSX.platform/Developer/SDKs/MacOSX26.1.sdk/usr/include/ncurses.modulemap
/Applications/Xcode.app/Contents/Developer/Platforms/MacOSX.platform/Developer/SDKs/MacOSX26.1.sdk/usr/include/netinet6.modulemap
/Applications/Xcode.app/Contents/Developer/Platforms/MacOSX.platform/Developer/SDKs/MacOSX26.1.sdk/usr/include/Darwin_sys.modulemap
/Applications/Xcode.app/Contents/Developer/Platforms/MacOSX.platform/Developer/SDKs/MacOSX26.1.sdk/usr/include/uuid.modulemap
/Applications/Xcode.app/Contents/Developer/Platforms/MacOSX.platform/Developer/SDKs/MacOSX26.1.sdk/usr/include/DarwinFoundation1.modulemap
/Applications/Xcode.app/Contents/Developer/Platforms/MacOSX.platform/Developer/SDKs/MacOSX26.1.sdk/usr/include/libkern/OSCacheControl.h
/Applications/Xcode.app/Contents/Developer/Toolchains/XcodeDefault.xctoolchain/usr/lib/swift/clang/include/module.modulemap
/Applications/Xcode.app/Contents/Developer/Toolchains/XcodeDefault.xctoolchain/usr/lib/swift/clang/include/stddef.h
/Applications/Xcode.app/Contents/Developer/Platforms/MacOSX.platform/Developer/SDKs/MacOSX26.1.sdk/usr/include/libkern/OSDebug.h
/Applications/Xcode.app/Contents/Developer/Platforms/MacOSX.platform/Developer/SDKs/MacOSX26.1.sdk/usr/include/libkern/OSReturn.h
/Applications/Xcode.app/Contents/Developer/Platforms/MacOSX.platform/Developer/SDKs/MacOSX26.1.sdk/usr/include/libkern/OSThermalNotification.h
/Applications/Xcode.app/Contents/Developer/Platforms/MacOSX.platform/Developer/SDKs/MacOSX26.1.sdk/usr/include/libkern/OSTypes.h
/Applications/Xcode.app/Contents/Developer/Platforms/MacOSX.platform/Developer/SDKs/MacOSX26.1.sdk/usr/include/libkern/OSKextLib.h
/Applications/Xcode.app/Contents/Developer/Platforms/MacOSX.platform/Developer/SDKs/MacOSX26.1.sdk/SDKSettings.json
/Applications/Xcode.app/Contents/Developer/Toolchains/XcodeDefault.xctoolchain/usr/lib/swift/macosx/prebuilt-modules/26.1/os.swiftmodule/arm64e-apple-macos.swiftmodule
/Applications/Xcode.app/Contents/Developer/Platforms/MacOSX.platform/Developer/SDKs/MacOSX26.1.sdk/usr/include/os.apinotes
/Applications/Xcode.app/Contents/Developer/Platforms/MacOSX.platform/Developer/SDKs/MacOSX26.1.sdk/usr/include/xpc.modulemap
/Applications/Xcode.app/Contents/Developer/Platforms/MacOSX.platform/Developer/SDKs/MacOSX26.1.sdk/usr/include/DarwinBasic.modulemap
/Applications/Xcode.app/Contents/Developer/Platforms/MacOSX.platform/Developer/SDKs/MacOSX26.1.sdk/usr/include/os.modulemap
/Applications/Xcode.app/Contents/Developer/Platforms/MacOSX.platform/Developer/SDKs/MacOSX26.1.sdk/usr/include/Darwin.modulemap
/Applications/Xcode.app/Contents/Developer/Platforms/MacOSX.platform/Developer/SDKs/MacOSX26.1.sdk/usr/include/Darwin_C.modulemap
/Applications/Xcode.app/Contents/Developer/Platforms/MacOSX.platform/Developer/SDKs/MacOSX26.1.sdk/usr/include/Darwin_POSIX.modulemap
/Applications/Xcode.app/Contents/Developer/Platforms/MacOSX.platform/Developer/SDKs/MacOSX26.1.sdk/usr/include/net.modulemap
/Applications/Xcode.app/Contents/Developer/Platforms/MacOSX.platform/Developer/SDKs/MacOSX26.1.sdk/usr/include/netinet.modulemap
/Applications/Xcode.app/Contents/Developer/Platforms/MacOSX.platform/Developer/SDKs/MacOSX26.1.sdk/usr/include/bank.modulemap
/Applications/Xcode.app/Contents/Developer/Platforms/MacOSX.platform/Developer/SDKs/MacOSX26.1.sdk/usr/include/Darwin_Mach.modulemap
/Applications/Xcode.app/Contents/Developer/Platforms/MacOSX.platform/Developer/SDKs/MacOSX26.1.sdk/usr/include/Darwin_Mach_machine.modulemap
/Applications/Xcode.app/Contents/Developer/Platforms/MacOSX.platform/Developer/SDKs/MacOSX26.1.sdk/usr/include/mach_debug.modulemap
/Applications/Xcode.app/Contents/Developer/Platforms/MacOSX.platform/Developer/SDKs/MacOSX26.1.sdk/usr/include/device.modulemap
/Applications/Xcode.app/Contents/Developer/Platforms/MacOSX.platform/Developer/SDKs/MacOSX26.1.sdk/usr/include/Darwin_machine.modulemap
/Applications/Xcode.app/Contents/Developer/Platforms/MacOSX.platform/Developer/SDKs/MacOSX26.1.sdk/usr/include/ncurses.modulemap
/Applications/Xcode.app/Contents/Developer/Platforms/MacOSX.platform/Developer/SDKs/MacOSX26.1.sdk/usr/include/netinet6.modulemap
/Applications/Xcode.app/Contents/Developer/Platforms/MacOSX.platform/Developer/SDKs/MacOSX26.1.sdk/usr/include/Darwin_sys.modulemap
/Applications/Xcode.app/Contents/Developer/Platforms/MacOSX.platform/Developer/SDKs/MacOSX26.1.sdk/usr/include/uuid.modulemap
/Applications/Xcode.app/Contents/Developer/Platforms/MacOSX.platform/Developer/SDKs/MacOSX26.1.sdk/usr/include/DarwinFoundation2.modulemap
/Applications/Xcode.app/Contents/Developer/Platforms/MacOSX.platform/Developer/SDKs/MacOSX26.1.sdk/usr/include/DarwinFoundation3.modulemap
/Applications/Xcode.app/Contents/Developer/Platforms/MacOSX.platform/Developer/SDKs/MacOSX26.1.sdk/usr/include/DarwinFoundation1.modulemap
/Applications/Xcode.app/Contents/Developer/Platforms/MacOSX.platform/Developer/SDKs/MacOSX26.1.sdk/usr/include/os/atomic.h
/Applications/Xcode.app/Contents/Developer/Toolchains/XcodeDefault.xctoolchain/usr/lib/swift/clang/include/module.modulemap
/Applications/Xcode.app/Contents/Developer/Platforms/MacOSX.platform/Developer/SDKs/MacOSX26.1.sdk/usr/include/os/overflow.h
/Applications/Xcode.app/Contents/Developer/Platforms/MacOSX.platform/Developer/SDKs/MacOSX26.1.sdk/usr/include/os/trace_base.h
/Applications/Xcode.app/Contents/Developer/Toolchains/XcodeDefault.xctoolchain/usr/lib/swift/clang/include/stdarg.h
/Applications/Xcode.app/Contents/Developer/Platforms/MacOSX.platform/Developer/SDKs/MacOSX26.1.sdk/usr/include/os/activity.h
/Applications/Xcode.app/Contents/Developer/Platforms/MacOSX.platform/Developer/SDKs/MacOSX26.1.sdk/usr/include/os/log.h
/Applications/Xcode.app/Contents/Developer/Platforms/MacOSX.platform/Developer/SDKs/MacOSX26.1.sdk/usr/include/os/trace.h
/Applications/Xcode.app/Contents/Developer/Platforms/MacOSX.platform/Developer/SDKs/MacOSX26.1.sdk/usr/include/os/signpost.h
/Applications/Xcode.app/Contents/Developer/Platforms/MacOSX.platform/Developer/SDKs/MacOSX26.1.sdk/usr/include/_modules/_os_lock.h
/Applications/Xcode.app/Contents/Developer/Platforms/MacOSX.platform/Developer/SDKs/MacOSX26.1.sdk/usr/include/_modules/_os_object.h
/Applications/Xcode.app/Contents/Developer/Platforms/MacOSX.platform/Developer/SDKs/MacOSX26.1.sdk/usr/include/_modules/_os_workgroup.h
/Applications/Xcode.app/Contents/Developer/Platforms/MacOSX.platform/Developer/SDKs/MacOSX26.1.sdk/SDKSettings.json
/Applications/Xcode.app/Contents/Developer/Platforms/MacOSX.platform/Developer/SDKs/MacOSX26.1.sdk/usr/include/os.modulemap
/Applications/Xcode.app/Contents/Developer/Platforms/MacOSX.platform/Developer/SDKs/MacOSX26.1.sdk/usr/include/ObjectiveC.modulemap
/Applications/Xcode.app/Contents/Developer/Platforms/MacOSX.platform/Developer/SDKs/MacOSX26.1.sdk/usr/include/Darwin.modulemap
/Applications/Xcode.app/Contents/Developer/Platforms/MacOSX.platform/Developer/SDKs/MacOSX26.1.sdk/usr/include/Darwin_C.modulemap
/Applications/Xcode.app/Contents/Developer/Platforms/MacOSX.platform/Developer/SDKs/MacOSX26.1.sdk/usr/include/Darwin_POSIX.modulemap
/Applications/Xcode.app/Contents/Developer/Platforms/MacOSX.platform/Developer/SDKs/MacOSX26.1.sdk/usr/include/net.modulemap
/Applications/Xcode.app/Contents/Developer/Platforms/MacOSX.platform/Developer/SDKs/MacOSX26.1.sdk/usr/include/netinet.modulemap
/Applications/Xcode.app/Contents/Developer/Platforms/MacOSX.platform/Developer/SDKs/MacOSX26.1.sdk/usr/include/bank.modulemap
/Applications/Xcode.app/Contents/Developer/Platforms/MacOSX.platform/Developer/SDKs/MacOSX26.1.sdk/usr/include/Darwin_Mach.modulemap
/Applications/Xcode.app/Contents/Developer/Platforms/MacOSX.platform/Developer/SDKs/MacOSX26.1.sdk/usr/include/Darwin_Mach_machine.modulemap
/Applications/Xcode.app/Contents/Developer/Platforms/MacOSX.platform/Developer/SDKs/MacOSX26.1.sdk/usr/include/mach_debug.modulemap
/Applications/Xcode.app/Contents/Developer/Platforms/MacOSX.platform/Developer/SDKs/MacOSX26.1.sdk/usr/include/device.modulemap
/Applications/Xcode.app/Contents/Developer/Platforms/MacOSX.platform/Developer/SDKs/MacOSX26.1.sdk/usr/include/Darwin_machine.modulemap
/Applications/Xcode.app/Contents/Developer/Platforms/MacOSX.platform/Developer/SDKs/MacOSX26.1.sdk/usr/include/ncurses.modulemap
/Applications/Xcode.app/Contents/Developer/Platforms/MacOSX.platform/Developer/SDKs/MacOSX26.1.sdk/usr/include/netinet6.modulemap
/Applications/Xcode.app/Contents/Developer/Platforms/MacOSX.platform/Developer/SDKs/MacOSX26.1.sdk/usr/include/Darwin_sys.modulemap
/Applications/Xcode.app/Contents/Developer/Platforms/MacOSX.platform/Developer/SDKs/MacOSX26.1.sdk/usr/include/uuid.modulemap
/Applications/Xcode.app/Contents/Developer/Platforms/MacOSX.platform/Developer/SDKs/MacOSX26.1.sdk/usr/include/DarwinFoundation1.modulemap
/Applications/Xcode.app/Contents/Developer/Platforms/MacOSX.platform/Developer/SDKs/MacOSX26.1.sdk/usr/include/os/object.h
/Applications/Xcode.app/Contents/Developer/Platforms/MacOSX.platform/Developer/SDKs/MacOSX26.1.sdk/SDKSettings.json
/Applications/Xcode.app/Contents/Developer/Platforms/MacOSX.platform/Developer/SDKs/MacOSX26.1.sdk/usr/include/os.modulemap
/Applications/Xcode.app/Contents/Developer/Platforms/MacOSX.platform/Developer/SDKs/MacOSX26.1.sdk/usr/include/Darwin.modulemap
/Applications/Xcode.app/Contents/Developer/Platforms/MacOSX.platform/Developer/SDKs/MacOSX26.1.sdk/usr/include/Darwin_C.modulemap
/Applications/Xcode.app/Contents/Developer/Platforms/MacOSX.platform/Developer/SDKs/MacOSX26.1.sdk/usr/include/Darwin_POSIX.modulemap
/Applications/Xcode.app/Contents/Developer/Platforms/MacOSX.platform/Developer/SDKs/MacOSX26.1.sdk/usr/include/net.modulemap
/Applications/Xcode.app/Contents/Developer/Platforms/MacOSX.platform/Developer/SDKs/MacOSX26.1.sdk/usr/include/netinet.modulemap
/Applications/Xcode.app/Contents/Developer/Platforms/MacOSX.platform/Developer/SDKs/MacOSX26.1.sdk/usr/include/bank.modulemap
/Applications/Xcode.app/Contents/Developer/Platforms/MacOSX.platform/Developer/SDKs/MacOSX26.1.sdk/usr/include/Darwin_Mach.modulemap
/Applications/Xcode.app/Contents/Developer/Platforms/MacOSX.platform/Developer/SDKs/MacOSX26.1.sdk/usr/include/Darwin_Mach_machine.modulemap
/Applications/Xcode.app/Contents/Developer/Platforms/MacOSX.platform/Developer/SDKs/MacOSX26.1.sdk/usr/include/mach_debug.modulemap
/Applications/Xcode.app/Contents/Developer/Platforms/MacOSX.platform/Developer/SDKs/MacOSX26.1.sdk/usr/include/device.modulemap
/Applications/Xcode.app/Contents/Developer/Platforms/MacOSX.platform/Developer/SDKs/MacOSX26.1.sdk/usr/include/Darwin_machine.modulemap
/Applications/Xcode.app/Contents/Developer/Platforms/MacOSX.platform/Developer/SDKs/MacOSX26.1.sdk/usr/include/ncurses.modulemap
/Applications/Xcode.app/Contents/Developer/Platforms/MacOSX.platform/Developer/SDKs/MacOSX26.1.sdk/usr/include/netinet6.modulemap
/Applications/Xcode.app/Contents/Developer/Platforms/MacOSX.platform/Developer/SDKs/MacOSX26.1.sdk/usr/include/Darwin_sys.modulemap
/Applications/Xcode.app/Contents/Developer/Platforms/MacOSX.platform/Developer/SDKs/MacOSX26.1.sdk/usr/include/uuid.modulemap
/Applications/Xcode.app/Contents/Developer/Platforms/MacOSX.platform/Developer/SDKs/MacOSX26.1.sdk/usr/include/DarwinFoundation2.modulemap
/Applications/Xcode.app/Contents/Developer/Platforms/MacOSX.platform/Developer/SDKs/MacOSX26.1.sdk/usr/include/DarwinFoundation3.modulemap
/Applications/Xcode.app/Contents/Developer/Platforms/MacOSX.platform/Developer/SDKs/MacOSX26.1.sdk/usr/include/DarwinFoundation1.modulemap
/Applications/Xcode.app/Contents/Developer/Platforms/MacOSX.platform/Developer/SDKs/MacOSX26.1.sdk/usr/include/os/workgroup.h
/Applications/Xcode.app/Contents/Developer/Platforms/MacOSX.platform/Developer/SDKs/MacOSX26.1.sdk/usr/include/os/workgroup_base.h
/Applications/Xcode.app/Contents/Developer/Toolchains/XcodeDefault.xctoolchain/usr/lib/swift/clang/include/module.modulemap
/Applications/Xcode.app/Contents/Developer/Toolchains/XcodeDefault.xctoolchain/usr/lib/swift/clang/include/stddef.h
/Applications/Xcode.app/Contents/Developer/Platforms/MacOSX.platform/Developer/SDKs/MacOSX26.1.sdk/usr/include/string.h
/Applications/Xcode.app/Contents/Developer/Platforms/MacOSX.platform/Developer/SDKs/MacOSX26.1.sdk/usr/include/stdlib.h
/Applications/Xcode.app/Contents/Developer/Platforms/MacOSX.platform/Developer/SDKs/MacOSX26.1.sdk/usr/include/os/workgroup_object.h
/Applications/Xcode.app/Contents/Developer/Platforms/MacOSX.platform/Developer/SDKs/MacOSX26.1.sdk/usr/include/os/workgroup_interval.h
/Applications/Xcode.app/Contents/Developer/Platforms/MacOSX.platform/Developer/SDKs/MacOSX26.1.sdk/usr/include/os/workgroup_parallel.h
/Applications/Xcode.app/Contents/Developer/Platforms/MacOSX.platform/Developer/SDKs/MacOSX26.1.sdk/SDKSettings.json
/Applications/Xcode.app/Contents/Developer/Toolchains/XcodeDefault.xctoolchain/usr/lib/swift/clang/include/module.modulemap
/Applications/Xcode.app/Contents/Developer/Toolchains/XcodeDefault.xctoolchain/usr/lib/swift/clang/include/ptrauth.h
/Applications/Xcode.app/Contents/Developer/Platforms/MacOSX.platform/Developer/SDKs/MacOSX26.1.sdk/SDKSettings.json
/Applications/Xcode.app/Contents/Developer/Toolchains/XcodeDefault.xctoolchain/usr/lib/swift/clang/include/module.modulemap
/Applications/Xcode.app/Contents/Developer/Toolchains/XcodeDefault.xctoolchain/usr/lib/swift/clang/include/ptrcheck.h
/Applications/Xcode.app/Contents/Developer/Platforms/MacOSX.platform/Developer/SDKs/MacOSX26.1.sdk/SDKSettings.json
/Applications/Xcode.app/Contents/Developer/Platforms/MacOSX.platform/Developer/SDKs/MacOSX26.1.sdk/usr/include/DarwinFoundation2.modulemap
/Applications/Xcode.app/Contents/Developer/Platforms/MacOSX.platform/Developer/SDKs/MacOSX26.1.sdk/usr/include/_modules/_sys_types.h
/Applications/Xcode.app/Contents/Developer/Platforms/MacOSX.platform/Developer/SDKs/MacOSX26.1.sdk/SDKSettings.json

SwiftMergeGeneratedHeaders /Users/rogerlin/Library/Developer/Xcode/DerivedData/FinancialCalculatorKit-ackorybalcxbfocbkqsfdzcfkgmn/Build/Intermediates.noindex/GeneratedModuleMaps/Parsing-Swift.h /Users/rogerlin/Library/Developer/Xcode/DerivedData/FinancialCalculatorKit-ackorybalcxbfocbkqsfdzcfkgmn/Build/Intermediates.noindex/swift-parsing.build/Debug/Parsing.build/Objects-normal/arm64/Parsing-Swift.h (in target 'Parsing' from project 'swift-parsing')
    cd /Users/rogerlin/Library/Developer/Xcode/DerivedData/FinancialCalculatorKit-ackorybalcxbfocbkqsfdzcfkgmn/SourcePackages/checkouts/swift-parsing
    builtin-swiftHeaderTool -arch arm64 /Users/rogerlin/Library/Developer/Xcode/DerivedData/FinancialCalculatorKit-ackorybalcxbfocbkqsfdzcfkgmn/Build/Intermediates.noindex/swift-parsing.build/Debug/Parsing.build/Objects-normal/arm64/Parsing-Swift.h -o /Users/rogerlin/Library/Developer/Xcode/DerivedData/FinancialCalculatorKit-ackorybalcxbfocbkqsfdzcfkgmn/Build/Intermediates.noindex/GeneratedModuleMaps/Parsing-Swift.h

    Task input dependencies:
        /Users/rogerlin/Library/Developer/Xcode/DerivedData/FinancialCalculatorKit-ackorybalcxbfocbkqsfdzcfkgmn/Build/Intermediates.noindex/swift-parsing.build/Debug/Parsing.build/Objects-normal/arm64/Parsing-Swift.h

    Task output dependencies:
        /Users/rogerlin/Library/Developer/Xcode/DerivedData/FinancialCalculatorKit-ackorybalcxbfocbkqsfdzcfkgmn/Build/Intermediates.noindex/GeneratedModuleMaps/Parsing-Swift.h

Copy /Users/rogerlin/Library/Developer/Xcode/DerivedData/FinancialCalculatorKit-ackorybalcxbfocbkqsfdzcfkgmn/Build/Products/Debug/Parsing.swiftmodule/arm64-apple-macos.swiftmodule /Users/rogerlin/Library/Developer/Xcode/DerivedData/FinancialCalculatorKit-ackorybalcxbfocbkqsfdzcfkgmn/Build/Intermediates.noindex/swift-parsing.build/Debug/Parsing.build/Objects-normal/arm64/Parsing.swiftmodule (in target 'Parsing' from project 'swift-parsing')
    cd /Users/rogerlin/Library/Developer/Xcode/DerivedData/FinancialCalculatorKit-ackorybalcxbfocbkqsfdzcfkgmn/SourcePackages/checkouts/swift-parsing
    builtin-copy -exclude .DS_Store -exclude CVS -exclude .svn -exclude .git -exclude .hg -resolve-src-symlinks -rename /Users/rogerlin/Library/Developer/Xcode/DerivedData/FinancialCalculatorKit-ackorybalcxbfocbkqsfdzcfkgmn/Build/Intermediates.noindex/swift-parsing.build/Debug/Parsing.build/Objects-normal/arm64/Parsing.swiftmodule /Users/rogerlin/Library/Developer/Xcode/DerivedData/FinancialCalculatorKit-ackorybalcxbfocbkqsfdzcfkgmn/Build/Products/Debug/Parsing.swiftmodule/arm64-apple-macos.swiftmodule

    Task input dependencies:
        /Users/rogerlin/Library/Developer/Xcode/DerivedData/FinancialCalculatorKit-ackorybalcxbfocbkqsfdzcfkgmn/Build/Intermediates.noindex/swift-parsing.build/Debug/Parsing.build/Objects-normal/arm64/Parsing.swiftmodule/

    Task output dependencies:
        /Users/rogerlin/Library/Developer/Xcode/DerivedData/FinancialCalculatorKit-ackorybalcxbfocbkqsfdzcfkgmn/Build/Products/Debug/Parsing.swiftmodule/arm64-apple-macos.swiftmodule

Copy /Users/rogerlin/Library/Developer/Xcode/DerivedData/FinancialCalculatorKit-ackorybalcxbfocbkqsfdzcfkgmn/Build/Products/Debug/Parsing.swiftmodule/arm64-apple-macos.abi.json /Users/rogerlin/Library/Developer/Xcode/DerivedData/FinancialCalculatorKit-ackorybalcxbfocbkqsfdzcfkgmn/Build/Intermediates.noindex/swift-parsing.build/Debug/Parsing.build/Objects-normal/arm64/Parsing.abi.json (in target 'Parsing' from project 'swift-parsing')
    cd /Users/rogerlin/Library/Developer/Xcode/DerivedData/FinancialCalculatorKit-ackorybalcxbfocbkqsfdzcfkgmn/SourcePackages/checkouts/swift-parsing
    builtin-copy -exclude .DS_Store -exclude CVS -exclude .svn -exclude .git -exclude .hg -resolve-src-symlinks -rename /Users/rogerlin/Library/Developer/Xcode/DerivedData/FinancialCalculatorKit-ackorybalcxbfocbkqsfdzcfkgmn/Build/Intermediates.noindex/swift-parsing.build/Debug/Parsing.build/Objects-normal/arm64/Parsing.abi.json /Users/rogerlin/Library/Developer/Xcode/DerivedData/FinancialCalculatorKit-ackorybalcxbfocbkqsfdzcfkgmn/Build/Products/Debug/Parsing.swiftmodule/arm64-apple-macos.abi.json

    Task input dependencies:
        /Users/rogerlin/Library/Developer/Xcode/DerivedData/FinancialCalculatorKit-ackorybalcxbfocbkqsfdzcfkgmn/Build/Intermediates.noindex/swift-parsing.build/Debug/Parsing.build/Objects-normal/arm64/Parsing.abi.json/

    Task output dependencies:
        /Users/rogerlin/Library/Developer/Xcode/DerivedData/FinancialCalculatorKit-ackorybalcxbfocbkqsfdzcfkgmn/Build/Products/Debug/Parsing.swiftmodule/arm64-apple-macos.abi.json

Copy /Users/rogerlin/Library/Developer/Xcode/DerivedData/FinancialCalculatorKit-ackorybalcxbfocbkqsfdzcfkgmn/Build/Products/Debug/Parsing.swiftmodule/arm64-apple-macos.swiftdoc /Users/rogerlin/Library/Developer/Xcode/DerivedData/FinancialCalculatorKit-ackorybalcxbfocbkqsfdzcfkgmn/Build/Intermediates.noindex/swift-parsing.build/Debug/Parsing.build/Objects-normal/arm64/Parsing.swiftdoc (in target 'Parsing' from project 'swift-parsing')
    cd /Users/rogerlin/Library/Developer/Xcode/DerivedData/FinancialCalculatorKit-ackorybalcxbfocbkqsfdzcfkgmn/SourcePackages/checkouts/swift-parsing
    builtin-copy -exclude .DS_Store -exclude CVS -exclude .svn -exclude .git -exclude .hg -resolve-src-symlinks -rename /Users/rogerlin/Library/Developer/Xcode/DerivedData/FinancialCalculatorKit-ackorybalcxbfocbkqsfdzcfkgmn/Build/Intermediates.noindex/swift-parsing.build/Debug/Parsing.build/Objects-normal/arm64/Parsing.swiftdoc /Users/rogerlin/Library/Developer/Xcode/DerivedData/FinancialCalculatorKit-ackorybalcxbfocbkqsfdzcfkgmn/Build/Products/Debug/Parsing.swiftmodule/arm64-apple-macos.swiftdoc

    Task input dependencies:
        /Users/rogerlin/Library/Developer/Xcode/DerivedData/FinancialCalculatorKit-ackorybalcxbfocbkqsfdzcfkgmn/Build/Intermediates.noindex/swift-parsing.build/Debug/Parsing.build/Objects-normal/arm64/Parsing.swiftdoc/

    Task output dependencies:
        /Users/rogerlin/Library/Developer/Xcode/DerivedData/FinancialCalculatorKit-ackorybalcxbfocbkqsfdzcfkgmn/Build/Products/Debug/Parsing.swiftmodule/arm64-apple-macos.swiftdoc

Copy /Users/rogerlin/Library/Developer/Xcode/DerivedData/FinancialCalculatorKit-ackorybalcxbfocbkqsfdzcfkgmn/Build/Products/Debug/Parsing.swiftmodule/Project/arm64-apple-macos.swiftsourceinfo /Users/rogerlin/Library/Developer/Xcode/DerivedData/FinancialCalculatorKit-ackorybalcxbfocbkqsfdzcfkgmn/Build/Intermediates.noindex/swift-parsing.build/Debug/Parsing.build/Objects-normal/arm64/Parsing.swiftsourceinfo (in target 'Parsing' from project 'swift-parsing')
    cd /Users/rogerlin/Library/Developer/Xcode/DerivedData/FinancialCalculatorKit-ackorybalcxbfocbkqsfdzcfkgmn/SourcePackages/checkouts/swift-parsing
    builtin-copy -exclude .DS_Store -exclude CVS -exclude .svn -exclude .git -exclude .hg -resolve-src-symlinks -rename /Users/rogerlin/Library/Developer/Xcode/DerivedData/FinancialCalculatorKit-ackorybalcxbfocbkqsfdzcfkgmn/Build/Intermediates.noindex/swift-parsing.build/Debug/Parsing.build/Objects-normal/arm64/Parsing.swiftsourceinfo /Users/rogerlin/Library/Developer/Xcode/DerivedData/FinancialCalculatorKit-ackorybalcxbfocbkqsfdzcfkgmn/Build/Products/Debug/Parsing.swiftmodule/Project/arm64-apple-macos.swiftsourceinfo

    Task input dependencies:
        /Users/rogerlin/Library/Developer/Xcode/DerivedData/FinancialCalculatorKit-ackorybalcxbfocbkqsfdzcfkgmn/Build/Intermediates.noindex/swift-parsing.build/Debug/Parsing.build/Objects-normal/arm64/Parsing.swiftsourceinfo/

    Task output dependencies:
        /Users/rogerlin/Library/Developer/Xcode/DerivedData/FinancialCalculatorKit-ackorybalcxbfocbkqsfdzcfkgmn/Build/Products/Debug/Parsing.swiftmodule/Project/arm64-apple-macos.swiftsourceinfo

Ld /Users/rogerlin/Library/Developer/Xcode/DerivedData/FinancialCalculatorKit-ackorybalcxbfocbkqsfdzcfkgmn/Build/Products/Debug/Parsing.o normal (in target 'Parsing' from project 'swift-parsing')
    cd /Users/rogerlin/Library/Developer/Xcode/DerivedData/FinancialCalculatorKit-ackorybalcxbfocbkqsfdzcfkgmn/SourcePackages/checkouts/swift-parsing
    /Applications/Xcode.app/Contents/Developer/Toolchains/XcodeDefault.xctoolchain/usr/bin/clang -Xlinker -reproducible -target arm64-apple-macos10.15 -r -isysroot /Applications/Xcode.app/Contents/Developer/Platforms/MacOSX.platform/Developer/SDKs/MacOSX26.1.sdk -O0 -w -L/Users/rogerlin/Library/Developer/Xcode/DerivedData/FinancialCalculatorKit-ackorybalcxbfocbkqsfdzcfkgmn/Build/Intermediates.noindex/EagerLinkingTBDs/Debug -L/Users/rogerlin/Library/Developer/Xcode/DerivedData/FinancialCalculatorKit-ackorybalcxbfocbkqsfdzcfkgmn/Build/Products/Debug -L/Applications/Xcode.app/Contents/Developer/Platforms/MacOSX.platform/Developer/usr/lib -F/Users/rogerlin/Library/Developer/Xcode/DerivedData/FinancialCalculatorKit-ackorybalcxbfocbkqsfdzcfkgmn/Build/Intermediates.noindex/EagerLinkingTBDs/Debug -F/Users/rogerlin/Library/Developer/Xcode/DerivedData/FinancialCalculatorKit-ackorybalcxbfocbkqsfdzcfkgmn/Build/Products/Debug/PackageFrameworks -F/Users/rogerlin/Library/Developer/Xcode/DerivedData/FinancialCalculatorKit-ackorybalcxbfocbkqsfdzcfkgmn/Build/Products/Debug/PackageFrameworks -F/Users/rogerlin/Library/Developer/Xcode/DerivedData/FinancialCalculatorKit-ackorybalcxbfocbkqsfdzcfkgmn/Build/Products/Debug/PackageFrameworks -F/Users/rogerlin/Library/Developer/Xcode/DerivedData/FinancialCalculatorKit-ackorybalcxbfocbkqsfdzcfkgmn/Build/Products/Debug/PackageFrameworks -F/Users/rogerlin/Library/Developer/Xcode/DerivedData/FinancialCalculatorKit-ackorybalcxbfocbkqsfdzcfkgmn/Build/Products/Debug -iframework /Applications/Xcode.app/Contents/Developer/Platforms/MacOSX.platform/Developer/Library/Frameworks -filelist /Users/rogerlin/Library/Developer/Xcode/DerivedData/FinancialCalculatorKit-ackorybalcxbfocbkqsfdzcfkgmn/Build/Intermediates.noindex/swift-parsing.build/Debug/Parsing.build/Objects-normal/arm64/Parsing.LinkFileList -nostdlib -Xlinker -object_path_lto -Xlinker /Users/rogerlin/Library/Developer/Xcode/DerivedData/FinancialCalculatorKit-ackorybalcxbfocbkqsfdzcfkgmn/Build/Intermediates.noindex/swift-parsing.build/Debug/Parsing.build/Objects-normal/arm64/Parsing_lto.o -rdynamic -Xlinker -no_deduplicate -Xlinker -debug_variant -Xlinker -dependency_info -Xlinker /Users/rogerlin/Library/Developer/Xcode/DerivedData/FinancialCalculatorKit-ackorybalcxbfocbkqsfdzcfkgmn/Build/Intermediates.noindex/swift-parsing.build/Debug/Parsing.build/Objects-normal/arm64/Parsing_dependency_info.dat -fobjc-link-runtime -L/Applications/Xcode.app/Contents/Developer/Toolchains/XcodeDefault.xctoolchain/usr/lib/swift/macosx -L/usr/lib/swift -Xlinker -add_ast_path -Xlinker /Users/rogerlin/Library/Developer/Xcode/DerivedData/FinancialCalculatorKit-ackorybalcxbfocbkqsfdzcfkgmn/Build/Intermediates.noindex/swift-parsing.build/Debug/Parsing.build/Objects-normal/arm64/Parsing.swiftmodule @/Users/rogerlin/Library/Developer/Xcode/DerivedData/FinancialCalculatorKit-ackorybalcxbfocbkqsfdzcfkgmn/Build/Intermediates.noindex/swift-parsing.build/Debug/Parsing.build/Objects-normal/arm64/Parsing-linker-args.resp -o /Users/rogerlin/Library/Developer/Xcode/DerivedData/FinancialCalculatorKit-ackorybalcxbfocbkqsfdzcfkgmn/Build/Products/Debug/Parsing.o

    Task input dependencies:
        /Users/rogerlin/Library/Developer/Xcode/DerivedData/FinancialCalculatorKit-ackorybalcxbfocbkqsfdzcfkgmn/Build/Intermediates.noindex/swift-parsing.build/Debug/Parsing.build/Objects-normal/arm64/OneOfBuilder.o
        /Users/rogerlin/Library/Developer/Xcode/DerivedData/FinancialCalculatorKit-ackorybalcxbfocbkqsfdzcfkgmn/Build/Intermediates.noindex/swift-parsing.build/Debug/Parsing.build/Objects-normal/arm64/ParserBuilder.o
        /Users/rogerlin/Library/Developer/Xcode/DerivedData/FinancialCalculatorKit-ackorybalcxbfocbkqsfdzcfkgmn/Build/Intermediates.noindex/swift-parsing.build/Debug/Parsing.build/Objects-normal/arm64/Conversion.o
        /Users/rogerlin/Library/Developer/Xcode/DerivedData/FinancialCalculatorKit-ackorybalcxbfocbkqsfdzcfkgmn/Build/Intermediates.noindex/swift-parsing.build/Debug/Parsing.build/Objects-normal/arm64/AnyConversion.o
        /Users/rogerlin/Library/Developer/Xcode/DerivedData/FinancialCalculatorKit-ackorybalcxbfocbkqsfdzcfkgmn/Build/Intermediates.noindex/swift-parsing.build/Debug/Parsing.build/Objects-normal/arm64/BinaryFloatingPoint.o
        /Users/rogerlin/Library/Developer/Xcode/DerivedData/FinancialCalculatorKit-ackorybalcxbfocbkqsfdzcfkgmn/Build/Intermediates.noindex/swift-parsing.build/Debug/Parsing.build/Objects-normal/arm64/ConversionMap.o
        /Users/rogerlin/Library/Developer/Xcode/DerivedData/FinancialCalculatorKit-ackorybalcxbfocbkqsfdzcfkgmn/Build/Intermediates.noindex/swift-parsing.build/Debug/Parsing.build/Objects-normal/arm64/Conversions.o
        /Users/rogerlin/Library/Developer/Xcode/DerivedData/FinancialCalculatorKit-ackorybalcxbfocbkqsfdzcfkgmn/Build/Intermediates.noindex/swift-parsing.build/Debug/Parsing.build/Objects-normal/arm64/Data.o
        /Users/rogerlin/Library/Developer/Xcode/DerivedData/FinancialCalculatorKit-ackorybalcxbfocbkqsfdzcfkgmn/Build/Intermediates.noindex/swift-parsing.build/Debug/Parsing.build/Objects-normal/arm64/Enum.o
        /Users/rogerlin/Library/Developer/Xcode/DerivedData/FinancialCalculatorKit-ackorybalcxbfocbkqsfdzcfkgmn/Build/Intermediates.noindex/swift-parsing.build/Debug/Parsing.build/Objects-normal/arm64/FixedWidthInteger.o
        /Users/rogerlin/Library/Developer/Xcode/DerivedData/FinancialCalculatorKit-ackorybalcxbfocbkqsfdzcfkgmn/Build/Intermediates.noindex/swift-parsing.build/Debug/Parsing.build/Objects-normal/arm64/Identity.o
        /Users/rogerlin/Library/Developer/Xcode/DerivedData/FinancialCalculatorKit-ackorybalcxbfocbkqsfdzcfkgmn/Build/Intermediates.noindex/swift-parsing.build/Debug/Parsing.build/Objects-normal/arm64/JSON.o
        /Users/rogerlin/Library/Developer/Xcode/DerivedData/FinancialCalculatorKit-ackorybalcxbfocbkqsfdzcfkgmn/Build/Intermediates.noindex/swift-parsing.build/Debug/Parsing.build/Objects-normal/arm64/LosslessStringConvertible.o
        /Users/rogerlin/Library/Developer/Xcode/DerivedData/FinancialCalculatorKit-ackorybalcxbfocbkqsfdzcfkgmn/Build/Intermediates.noindex/swift-parsing.build/Debug/Parsing.build/Objects-normal/arm64/Memberwise.o
        /Users/rogerlin/Library/Developer/Xcode/DerivedData/FinancialCalculatorKit-ackorybalcxbfocbkqsfdzcfkgmn/Build/Intermediates.noindex/swift-parsing.build/Debug/Parsing.build/Objects-normal/arm64/ParseableFormatStyleConversion.o
        /Users/rogerlin/Library/Developer/Xcode/DerivedData/FinancialCalculatorKit-ackorybalcxbfocbkqsfdzcfkgmn/Build/Intermediates.noindex/swift-parsing.build/Debug/Parsing.build/Objects-normal/arm64/RawRepresentable.o
        /Users/rogerlin/Library/Developer/Xcode/DerivedData/FinancialCalculatorKit-ackorybalcxbfocbkqsfdzcfkgmn/Build/Intermediates.noindex/swift-parsing.build/Debug/Parsing.build/Objects-normal/arm64/String.o
        /Users/rogerlin/Library/Developer/Xcode/DerivedData/FinancialCalculatorKit-ackorybalcxbfocbkqsfdzcfkgmn/Build/Intermediates.noindex/swift-parsing.build/Debug/Parsing.build/Objects-normal/arm64/Substring.o
        /Users/rogerlin/Library/Developer/Xcode/DerivedData/FinancialCalculatorKit-ackorybalcxbfocbkqsfdzcfkgmn/Build/Intermediates.noindex/swift-parsing.build/Debug/Parsing.build/Objects-normal/arm64/UTF8View.o
        /Users/rogerlin/Library/Developer/Xcode/DerivedData/FinancialCalculatorKit-ackorybalcxbfocbkqsfdzcfkgmn/Build/Intermediates.noindex/swift-parsing.build/Debug/Parsing.build/Objects-normal/arm64/ConvertingError.o
        /Users/rogerlin/Library/Developer/Xcode/DerivedData/FinancialCalculatorKit-ackorybalcxbfocbkqsfdzcfkgmn/Build/Intermediates.noindex/swift-parsing.build/Debug/Parsing.build/Objects-normal/arm64/CountingRange.o
        /Users/rogerlin/Library/Developer/Xcode/DerivedData/FinancialCalculatorKit-ackorybalcxbfocbkqsfdzcfkgmn/Build/Intermediates.noindex/swift-parsing.build/Debug/Parsing.build/Objects-normal/arm64/EmptyInitializable.o
        /Users/rogerlin/Library/Developer/Xcode/DerivedData/FinancialCalculatorKit-ackorybalcxbfocbkqsfdzcfkgmn/Build/Intermediates.noindex/swift-parsing.build/Debug/Parsing.build/Objects-normal/arm64/AnyEquatable.o
        /Users/rogerlin/Library/Developer/Xcode/DerivedData/FinancialCalculatorKit-ackorybalcxbfocbkqsfdzcfkgmn/Build/Intermediates.noindex/swift-parsing.build/Debug/Parsing.build/Objects-normal/arm64/Deprecations.o
        /Users/rogerlin/Library/Developer/Xcode/DerivedData/FinancialCalculatorKit-ackorybalcxbfocbkqsfdzcfkgmn/Build/Intermediates.noindex/swift-parsing.build/Debug/Parsing.build/Objects-normal/arm64/Parser.o
        /Users/rogerlin/Library/Developer/Xcode/DerivedData/FinancialCalculatorKit-ackorybalcxbfocbkqsfdzcfkgmn/Build/Intermediates.noindex/swift-parsing.build/Debug/Parsing.build/Objects-normal/arm64/ParserPrinter.o
        /Users/rogerlin/Library/Developer/Xcode/DerivedData/FinancialCalculatorKit-ackorybalcxbfocbkqsfdzcfkgmn/Build/Intermediates.noindex/swift-parsing.build/Debug/Parsing.build/Objects-normal/arm64/Always.o
        /Users/rogerlin/Library/Developer/Xcode/DerivedData/FinancialCalculatorKit-ackorybalcxbfocbkqsfdzcfkgmn/Build/Intermediates.noindex/swift-parsing.build/Debug/Parsing.build/Objects-normal/arm64/AnyParserPrinter.o
        /Users/rogerlin/Library/Developer/Xcode/DerivedData/FinancialCalculatorKit-ackorybalcxbfocbkqsfdzcfkgmn/Build/Intermediates.noindex/swift-parsing.build/Debug/Parsing.build/Objects-normal/arm64/Backtracking.o
        /Users/rogerlin/Library/Developer/Xcode/DerivedData/FinancialCalculatorKit-ackorybalcxbfocbkqsfdzcfkgmn/Build/Intermediates.noindex/swift-parsing.build/Debug/Parsing.build/Objects-normal/arm64/Bool.o
        /Users/rogerlin/Library/Developer/Xcode/DerivedData/FinancialCalculatorKit-ackorybalcxbfocbkqsfdzcfkgmn/Build/Intermediates.noindex/swift-parsing.build/Debug/Parsing.build/Objects-normal/arm64/CaseIterableRawRepresentable.o
        /Users/rogerlin/Library/Developer/Xcode/DerivedData/FinancialCalculatorKit-ackorybalcxbfocbkqsfdzcfkgmn/Build/Intermediates.noindex/swift-parsing.build/Debug/Parsing.build/Objects-normal/arm64/CharacterSet.o
        /Users/rogerlin/Library/Developer/Xcode/DerivedData/FinancialCalculatorKit-ackorybalcxbfocbkqsfdzcfkgmn/Build/Intermediates.noindex/swift-parsing.build/Debug/Parsing.build/Objects-normal/arm64/Conditional.o
        /Users/rogerlin/Library/Developer/Xcode/DerivedData/FinancialCalculatorKit-ackorybalcxbfocbkqsfdzcfkgmn/Build/Intermediates.noindex/swift-parsing.build/Debug/Parsing.build/Objects-normal/arm64/Consumed.o
        /Users/rogerlin/Library/Developer/Xcode/DerivedData/FinancialCalculatorKit-ackorybalcxbfocbkqsfdzcfkgmn/Build/Intermediates.noindex/swift-parsing.build/Debug/Parsing.build/Objects-normal/arm64/Digits.o
        /Users/rogerlin/Library/Developer/Xcode/DerivedData/FinancialCalculatorKit-ackorybalcxbfocbkqsfdzcfkgmn/Build/Intermediates.noindex/swift-parsing.build/Debug/Parsing.build/Objects-normal/arm64/End.o
        /Users/rogerlin/Library/Developer/Xcode/DerivedData/FinancialCalculatorKit-ackorybalcxbfocbkqsfdzcfkgmn/Build/Intermediates.noindex/swift-parsing.build/Debug/Parsing.build/Objects-normal/arm64/Fail.o
        /Users/rogerlin/Library/Developer/Xcode/DerivedData/FinancialCalculatorKit-ackorybalcxbfocbkqsfdzcfkgmn/Build/Intermediates.noindex/swift-parsing.build/Debug/Parsing.build/Objects-normal/arm64/Filter.o
        /Users/rogerlin/Library/Developer/Xcode/DerivedData/FinancialCalculatorKit-ackorybalcxbfocbkqsfdzcfkgmn/Build/Intermediates.noindex/swift-parsing.build/Debug/Parsing.build/Objects-normal/arm64/First.o
        /Users/rogerlin/Library/Developer/Xcode/DerivedData/FinancialCalculatorKit-ackorybalcxbfocbkqsfdzcfkgmn/Build/Intermediates.noindex/swift-parsing.build/Debug/Parsing.build/Objects-normal/arm64/Float.o
        /Users/rogerlin/Library/Developer/Xcode/DerivedData/FinancialCalculatorKit-ackorybalcxbfocbkqsfdzcfkgmn/Build/Intermediates.noindex/swift-parsing.build/Debug/Parsing.build/Objects-normal/arm64/From.o
        /Users/rogerlin/Library/Developer/Xcode/DerivedData/FinancialCalculatorKit-ackorybalcxbfocbkqsfdzcfkgmn/Build/Intermediates.noindex/swift-parsing.build/Debug/Parsing.build/Objects-normal/arm64/Int.o
        /Users/rogerlin/Library/Developer/Xcode/DerivedData/FinancialCalculatorKit-ackorybalcxbfocbkqsfdzcfkgmn/Build/Intermediates.noindex/swift-parsing.build/Debug/Parsing.build/Objects-normal/arm64/Lazy.o
        /Users/rogerlin/Library/Developer/Xcode/DerivedData/FinancialCalculatorKit-ackorybalcxbfocbkqsfdzcfkgmn/Build/Intermediates.noindex/swift-parsing.build/Debug/Parsing.build/Objects-normal/arm64/Literal.o
        /Users/rogerlin/Library/Developer/Xcode/DerivedData/FinancialCalculatorKit-ackorybalcxbfocbkqsfdzcfkgmn/Build/Intermediates.noindex/swift-parsing.build/Debug/Parsing.build/Objects-normal/arm64/Many.o
        /Users/rogerlin/Library/Developer/Xcode/DerivedData/FinancialCalculatorKit-ackorybalcxbfocbkqsfdzcfkgmn/Build/Intermediates.noindex/swift-parsing.build/Debug/Parsing.build/Objects-normal/arm64/Map.o
        /Users/rogerlin/Library/Developer/Xcode/DerivedData/FinancialCalculatorKit-ackorybalcxbfocbkqsfdzcfkgmn/Build/Intermediates.noindex/swift-parsing.build/Debug/Parsing.build/Objects-normal/arm64/Newline.o
        /Users/rogerlin/Library/Developer/Xcode/DerivedData/FinancialCalculatorKit-ackorybalcxbfocbkqsfdzcfkgmn/Build/Intermediates.noindex/swift-parsing.build/Debug/Parsing.build/Objects-normal/arm64/Not.o
        /Users/rogerlin/Library/Developer/Xcode/DerivedData/FinancialCalculatorKit-ackorybalcxbfocbkqsfdzcfkgmn/Build/Intermediates.noindex/swift-parsing.build/Debug/Parsing.build/Objects-normal/arm64/OneOf.o
        /Users/rogerlin/Library/Developer/Xcode/DerivedData/FinancialCalculatorKit-ackorybalcxbfocbkqsfdzcfkgmn/Build/Intermediates.noindex/swift-parsing.build/Debug/Parsing.build/Objects-normal/arm64/OneOfMany.o
        /Users/rogerlin/Library/Developer/Xcode/DerivedData/FinancialCalculatorKit-ackorybalcxbfocbkqsfdzcfkgmn/Build/Intermediates.noindex/swift-parsing.build/Debug/Parsing.build/Objects-normal/arm64/Optional.o
        /Users/rogerlin/Library/Developer/Xcode/DerivedData/FinancialCalculatorKit-ackorybalcxbfocbkqsfdzcfkgmn/Build/Intermediates.noindex/swift-parsing.build/Debug/Parsing.build/Objects-normal/arm64/Optionally.o
        /Users/rogerlin/Library/Developer/Xcode/DerivedData/FinancialCalculatorKit-ackorybalcxbfocbkqsfdzcfkgmn/Build/Intermediates.noindex/swift-parsing.build/Debug/Parsing.build/Objects-normal/arm64/Parse.o
        /Users/rogerlin/Library/Developer/Xcode/DerivedData/FinancialCalculatorKit-ackorybalcxbfocbkqsfdzcfkgmn/Build/Intermediates.noindex/swift-parsing.build/Debug/Parsing.build/Objects-normal/arm64/ParseableFormatStyle.o
        /Users/rogerlin/Library/Developer/Xcode/DerivedData/FinancialCalculatorKit-ackorybalcxbfocbkqsfdzcfkgmn/Build/Intermediates.noindex/swift-parsing.build/Debug/Parsing.build/Objects-normal/arm64/Peek.o
        /Users/rogerlin/Library/Developer/Xcode/DerivedData/FinancialCalculatorKit-ackorybalcxbfocbkqsfdzcfkgmn/Build/Intermediates.noindex/swift-parsing.build/Debug/Parsing.build/Objects-normal/arm64/Pipe.o
        /Users/rogerlin/Library/Developer/Xcode/DerivedData/FinancialCalculatorKit-ackorybalcxbfocbkqsfdzcfkgmn/Build/Intermediates.noindex/swift-parsing.build/Debug/Parsing.build/Objects-normal/arm64/Prefix.o
        /Users/rogerlin/Library/Developer/Xcode/DerivedData/FinancialCalculatorKit-ackorybalcxbfocbkqsfdzcfkgmn/Build/Intermediates.noindex/swift-parsing.build/Debug/Parsing.build/Objects-normal/arm64/PrefixThrough.o
        /Users/rogerlin/Library/Developer/Xcode/DerivedData/FinancialCalculatorKit-ackorybalcxbfocbkqsfdzcfkgmn/Build/Intermediates.noindex/swift-parsing.build/Debug/Parsing.build/Objects-normal/arm64/PrefixUpTo.o
        /Users/rogerlin/Library/Developer/Xcode/DerivedData/FinancialCalculatorKit-ackorybalcxbfocbkqsfdzcfkgmn/Build/Intermediates.noindex/swift-parsing.build/Debug/Parsing.build/Objects-normal/arm64/Printing.o
        /Users/rogerlin/Library/Developer/Xcode/DerivedData/FinancialCalculatorKit-ackorybalcxbfocbkqsfdzcfkgmn/Build/Intermediates.noindex/swift-parsing.build/Debug/Parsing.build/Objects-normal/arm64/Pullback.o
        /Users/rogerlin/Library/Developer/Xcode/DerivedData/FinancialCalculatorKit-ackorybalcxbfocbkqsfdzcfkgmn/Build/Intermediates.noindex/swift-parsing.build/Debug/Parsing.build/Objects-normal/arm64/ReplaceError.o
        /Users/rogerlin/Library/Developer/Xcode/DerivedData/FinancialCalculatorKit-ackorybalcxbfocbkqsfdzcfkgmn/Build/Intermediates.noindex/swift-parsing.build/Debug/Parsing.build/Objects-normal/arm64/Rest.o
        /Users/rogerlin/Library/Developer/Xcode/DerivedData/FinancialCalculatorKit-ackorybalcxbfocbkqsfdzcfkgmn/Build/Intermediates.noindex/swift-parsing.build/Debug/Parsing.build/Objects-normal/arm64/Skip.o
        /Users/rogerlin/Library/Developer/Xcode/DerivedData/FinancialCalculatorKit-ackorybalcxbfocbkqsfdzcfkgmn/Build/Intermediates.noindex/swift-parsing.build/Debug/Parsing.build/Objects-normal/arm64/StartsWith.o
        /Users/rogerlin/Library/Developer/Xcode/DerivedData/FinancialCalculatorKit-ackorybalcxbfocbkqsfdzcfkgmn/Build/Intermediates.noindex/swift-parsing.build/Debug/Parsing.build/Objects-normal/arm64/UUID.o
        /Users/rogerlin/Library/Developer/Xcode/DerivedData/FinancialCalculatorKit-ackorybalcxbfocbkqsfdzcfkgmn/Build/Intermediates.noindex/swift-parsing.build/Debug/Parsing.build/Objects-normal/arm64/Whitespace.o
        /Users/rogerlin/Library/Developer/Xcode/DerivedData/FinancialCalculatorKit-ackorybalcxbfocbkqsfdzcfkgmn/Build/Intermediates.noindex/swift-parsing.build/Debug/Parsing.build/Objects-normal/arm64/AnyParser.o
        /Users/rogerlin/Library/Developer/Xcode/DerivedData/FinancialCalculatorKit-ackorybalcxbfocbkqsfdzcfkgmn/Build/Intermediates.noindex/swift-parsing.build/Debug/Parsing.build/Objects-normal/arm64/CompactMap.o
        /Users/rogerlin/Library/Developer/Xcode/DerivedData/FinancialCalculatorKit-ackorybalcxbfocbkqsfdzcfkgmn/Build/Intermediates.noindex/swift-parsing.build/Debug/Parsing.build/Objects-normal/arm64/FlatMap.o
        /Users/rogerlin/Library/Developer/Xcode/DerivedData/FinancialCalculatorKit-ackorybalcxbfocbkqsfdzcfkgmn/Build/Intermediates.noindex/swift-parsing.build/Debug/Parsing.build/Objects-normal/arm64/Parsers.o
        /Users/rogerlin/Library/Developer/Xcode/DerivedData/FinancialCalculatorKit-ackorybalcxbfocbkqsfdzcfkgmn/Build/Intermediates.noindex/swift-parsing.build/Debug/Parsing.build/Objects-normal/arm64/Stream.o
        /Users/rogerlin/Library/Developer/Xcode/DerivedData/FinancialCalculatorKit-ackorybalcxbfocbkqsfdzcfkgmn/Build/Intermediates.noindex/swift-parsing.build/Debug/Parsing.build/Objects-normal/arm64/ParsingError.o
        /Users/rogerlin/Library/Developer/Xcode/DerivedData/FinancialCalculatorKit-ackorybalcxbfocbkqsfdzcfkgmn/Build/Intermediates.noindex/swift-parsing.build/Debug/Parsing.build/Objects-normal/arm64/PrependableCollection.o
        /Users/rogerlin/Library/Developer/Xcode/DerivedData/FinancialCalculatorKit-ackorybalcxbfocbkqsfdzcfkgmn/Build/Intermediates.noindex/swift-parsing.build/Debug/Parsing.build/Objects-normal/arm64/PrintingError.o
        /Users/rogerlin/Library/Developer/Xcode/DerivedData/FinancialCalculatorKit-ackorybalcxbfocbkqsfdzcfkgmn/Build/Intermediates.noindex/swift-parsing.build/Debug/Parsing.build/Objects-normal/arm64/Parsing.LinkFileList
        /Users/rogerlin/Library/Developer/Xcode/DerivedData/FinancialCalculatorKit-ackorybalcxbfocbkqsfdzcfkgmn/Build/Products/Debug
        /Users/rogerlin/Library/Developer/Xcode/DerivedData/FinancialCalculatorKit-ackorybalcxbfocbkqsfdzcfkgmn/Build/Products/Debug/PackageFrameworks

    Task output dependencies:
        /Users/rogerlin/Library/Developer/Xcode/DerivedData/FinancialCalculatorKit-ackorybalcxbfocbkqsfdzcfkgmn/Build/Products/Debug/Parsing.o
        /Users/rogerlin/Library/Developer/Xcode/DerivedData/FinancialCalculatorKit-ackorybalcxbfocbkqsfdzcfkgmn/Build/Intermediates.noindex/swift-parsing.build/Debug/Parsing.build/Objects-normal/arm64/Parsing_lto.o
        /Users/rogerlin/Library/Developer/Xcode/DerivedData/FinancialCalculatorKit-ackorybalcxbfocbkqsfdzcfkgmn/Build/Intermediates.noindex/swift-parsing.build/Debug/Parsing.build/Objects-normal/arm64/Parsing_dependency_info.dat

SwiftDriver MathParser normal arm64 com.apple.xcode.tools.swift.compiler (in target 'MathParser' from project 'swift-math-parser')
    cd /Users/rogerlin/XCode-Projects/FinancialCalculatorKit-5.0-updated-accent-colors/FinancialCalculatorKit.xcodeproj
    builtin-SwiftDriver -- /Applications/Xcode.app/Contents/Developer/Toolchains/XcodeDefault.xctoolchain/usr/bin/swiftc -module-name MathParser -Onone -enforce-exclusivity\=checked @/Users/rogerlin/Library/Developer/Xcode/DerivedData/FinancialCalculatorKit-ackorybalcxbfocbkqsfdzcfkgmn/Build/Intermediates.noindex/swift-math-parser.build/Debug/MathParser.build/Objects-normal/arm64/MathParser.SwiftFileList -DSWIFT_PACKAGE -DDEBUG -DSWIFT_MODULE_RESOURCE_BUNDLE_UNAVAILABLE -DXcode -plugin-path /Applications/Xcode.app/Contents/Developer/Toolchains/XcodeDefault.xctoolchain/usr/lib/swift/host/plugins/testing -enable-experimental-feature DebugDescriptionMacro -sdk /Applications/Xcode.app/Contents/Developer/Platforms/MacOSX.platform/Developer/SDKs/MacOSX26.1.sdk -target arm64-apple-macos10.15 -g -module-cache-path /Users/rogerlin/Library/Developer/Xcode/DerivedData/ModuleCache.noindex -Xfrontend -serialize-debugging-options -profile-coverage-mapping -profile-generate -enable-testing -suppress-warnings -index-store-path /Users/rogerlin/Library/Developer/Xcode/DerivedData/FinancialCalculatorKit-ackorybalcxbfocbkqsfdzcfkgmn/Index.noindex/DataStore -Xcc -D_LIBCPP_HARDENING_MODE\=_LIBCPP_HARDENING_MODE_DEBUG -swift-version 5 -I /Users/rogerlin/Library/Developer/Xcode/DerivedData/FinancialCalculatorKit-ackorybalcxbfocbkqsfdzcfkgmn/Build/Products/Debug -Isystem /Applications/Xcode.app/Contents/Developer/Platforms/MacOSX.platform/Developer/usr/lib -F /Users/rogerlin/Library/Developer/Xcode/DerivedData/FinancialCalculatorKit-ackorybalcxbfocbkqsfdzcfkgmn/Build/Products/Debug/PackageFrameworks -F /Users/rogerlin/Library/Developer/Xcode/DerivedData/FinancialCalculatorKit-ackorybalcxbfocbkqsfdzcfkgmn/Build/Products/Debug/PackageFrameworks -F /Users/rogerlin/Library/Developer/Xcode/DerivedData/FinancialCalculatorKit-ackorybalcxbfocbkqsfdzcfkgmn/Build/Products/Debug/PackageFrameworks -F /Users/rogerlin/Library/Developer/Xcode/DerivedData/FinancialCalculatorKit-ackorybalcxbfocbkqsfdzcfkgmn/Build/Products/Debug/PackageFrameworks -F /Users/rogerlin/Library/Developer/Xcode/DerivedData/FinancialCalculatorKit-ackorybalcxbfocbkqsfdzcfkgmn/Build/Products/Debug/PackageFrameworks -F /Users/rogerlin/Library/Developer/Xcode/DerivedData/FinancialCalculatorKit-ackorybalcxbfocbkqsfdzcfkgmn/Build/Products/Debug -F /Applications/Xcode.app/Contents/Developer/Platforms/MacOSX.platform/Developer/Library/Frameworks -Xfrontend -load-plugin-executable -Xfrontend /Users/rogerlin/Library/Developer/Xcode/DerivedData/FinancialCalculatorKit-ackorybalcxbfocbkqsfdzcfkgmn/Build/Products/Debug/CasePathsMacros\#CasePathsMacros -c -j16 -enable-batch-mode -incremental -Xcc -ivfsstatcache -Xcc /Users/rogerlin/Library/Developer/Xcode/DerivedData/SDKStatCaches.noindex/macosx26.1-25B74-3ae1261907bdadc328169391a47051a6.sdkstatcache -output-file-map /Users/rogerlin/Library/Developer/Xcode/DerivedData/FinancialCalculatorKit-ackorybalcxbfocbkqsfdzcfkgmn/Build/Intermediates.noindex/swift-math-parser.build/Debug/MathParser.build/Objects-normal/arm64/MathParser-OutputFileMap.json -use-frontend-parseable-output -save-temps -no-color-diagnostics -explicit-module-build -module-cache-path /Users/rogerlin/Library/Developer/Xcode/DerivedData/FinancialCalculatorKit-ackorybalcxbfocbkqsfdzcfkgmn/Build/Intermediates.noindex/SwiftExplicitPrecompiledModules -clang-scanner-module-cache-path /Users/rogerlin/Library/Developer/Xcode/DerivedData/ModuleCache.noindex -sdk-module-cache-path /Users/rogerlin/Library/Developer/Xcode/DerivedData/ModuleCache.noindex -serialize-diagnostics -emit-dependencies -emit-module -emit-module-path /Users/rogerlin/Library/Developer/Xcode/DerivedData/FinancialCalculatorKit-ackorybalcxbfocbkqsfdzcfkgmn/Build/Intermediates.noindex/swift-math-parser.build/Debug/MathParser.build/Objects-normal/arm64/MathParser.swiftmodule -validate-clang-modules-once -clang-build-session-file /Users/rogerlin/Library/Developer/Xcode/DerivedData/ModuleCache.noindex/Session.modulevalidation -Xcc -I/Users/rogerlin/Library/Developer/Xcode/DerivedData/FinancialCalculatorKit-ackorybalcxbfocbkqsfdzcfkgmn/Build/Intermediates.noindex/swift-math-parser.build/Debug/MathParser.build/swift-overrides.hmap -emit-const-values -Xfrontend -const-gather-protocols-file -Xfrontend /Users/rogerlin/Library/Developer/Xcode/DerivedData/FinancialCalculatorKit-ackorybalcxbfocbkqsfdzcfkgmn/Build/Intermediates.noindex/swift-math-parser.build/Debug/MathParser.build/Objects-normal/arm64/MathParser_const_extract_protocols.json -Xcc -I/Users/rogerlin/Library/Developer/Xcode/DerivedData/FinancialCalculatorKit-ackorybalcxbfocbkqsfdzcfkgmn/Build/Products/Debug/include -Xcc -I/Users/rogerlin/Library/Developer/Xcode/DerivedData/FinancialCalculatorKit-ackorybalcxbfocbkqsfdzcfkgmn/Build/Intermediates.noindex/swift-math-parser.build/Debug/MathParser.build/DerivedSources-normal/arm64 -Xcc -I/Users/rogerlin/Library/Developer/Xcode/DerivedData/FinancialCalculatorKit-ackorybalcxbfocbkqsfdzcfkgmn/Build/Intermediates.noindex/swift-math-parser.build/Debug/MathParser.build/DerivedSources/arm64 -Xcc -I/Users/rogerlin/Library/Developer/Xcode/DerivedData/FinancialCalculatorKit-ackorybalcxbfocbkqsfdzcfkgmn/Build/Intermediates.noindex/swift-math-parser.build/Debug/MathParser.build/DerivedSources -Xcc -DSWIFT_PACKAGE -Xcc -DDEBUG\=1 -emit-objc-header -emit-objc-header-path /Users/rogerlin/Library/Developer/Xcode/DerivedData/FinancialCalculatorKit-ackorybalcxbfocbkqsfdzcfkgmn/Build/Intermediates.noindex/swift-math-parser.build/Debug/MathParser.build/Objects-normal/arm64/MathParser-Swift.h -working-directory /Users/rogerlin/XCode-Projects/FinancialCalculatorKit-5.0-updated-accent-colors/FinancialCalculatorKit.xcodeproj -experimental-emit-module-separately -disable-cmo

    Task input dependencies:

    Task output dependencies:
note: Swift Driver planned jobs for target MathParser (arm64-normal):
	Explicit Modules:

	Compilation Requirements:
		<PlannedSwiftDriverJob [target(0)]:EmitModule MathParser dependencies=[]>
	Compilation:
		<PlannedSwiftDriverJob [target(1)]:Compile MathParser Dictionary-extension.swift dependencies=[]>
		<PlannedSwiftDriverJob [target(2)]:Compile MathParser Double-extension.swift dependencies=[]>
		<PlannedSwiftDriverJob [target(3)]:Compile MathParser Evaluator.swift dependencies=[]>
		<PlannedSwiftDriverJob [target(4)]:Compile MathParser InfixOperation.swift dependencies=[]>
		<PlannedSwiftDriverJob [target(5)]:Compile MathParser MathParser.swift dependencies=[]>
		<PlannedSwiftDriverJob [target(6)]:Compile MathParser MathParserError.swift dependencies=[]>
		<PlannedSwiftDriverJob [target(7)]:Compile MathParser Token.swift dependencies=[]>
		<PlannedSwiftDriverJob [target(8)]:Compile MathParser Utils.swift dependencies=[]>
	After Compilation:

	Verification:
 (in target 'MathParser' from project 'swift-math-parser')

ExtractAppIntentsMetadata (in target 'Parsing' from project 'swift-parsing')
    cd /Users/rogerlin/Library/Developer/Xcode/DerivedData/FinancialCalculatorKit-ackorybalcxbfocbkqsfdzcfkgmn/SourcePackages/checkouts/swift-parsing
    /Applications/Xcode.app/Contents/Developer/Toolchains/XcodeDefault.xctoolchain/usr/bin/appintentsmetadataprocessor --toolchain-dir /Applications/Xcode.app/Contents/Developer/Toolchains/XcodeDefault.xctoolchain --module-name Parsing --sdk-root /Applications/Xcode.app/Contents/Developer/Platforms/MacOSX.platform/Developer/SDKs/MacOSX26.1.sdk --xcode-version 17B55 --platform-family macOS --deployment-target 10.15 --bundle-identifier swift-parsing.Parsing --output /Users/rogerlin/Library/Developer/Xcode/DerivedData/FinancialCalculatorKit-ackorybalcxbfocbkqsfdzcfkgmn/Build/Products/Debug/Parsing.appintents --target-triple arm64-apple-macos10.15 --binary-file /Users/rogerlin/Library/Developer/Xcode/DerivedData/FinancialCalculatorKit-ackorybalcxbfocbkqsfdzcfkgmn/Build/Products/Debug/Parsing.o --dependency-file /Users/rogerlin/Library/Developer/Xcode/DerivedData/FinancialCalculatorKit-ackorybalcxbfocbkqsfdzcfkgmn/Build/Intermediates.noindex/swift-parsing.build/Debug/Parsing.build/Objects-normal/arm64/Parsing_dependency_info.dat --stringsdata-file /Users/rogerlin/Library/Developer/Xcode/DerivedData/FinancialCalculatorKit-ackorybalcxbfocbkqsfdzcfkgmn/Build/Intermediates.noindex/swift-parsing.build/Debug/Parsing.build/Objects-normal/arm64/ExtractedAppShortcutsMetadata.stringsdata --source-file-list /Users/rogerlin/Library/Developer/Xcode/DerivedData/FinancialCalculatorKit-ackorybalcxbfocbkqsfdzcfkgmn/Build/Intermediates.noindex/swift-parsing.build/Debug/Parsing.build/Objects-normal/arm64/Parsing.SwiftFileList --metadata-file-list /Users/rogerlin/Library/Developer/Xcode/DerivedData/FinancialCalculatorKit-ackorybalcxbfocbkqsfdzcfkgmn/Build/Intermediates.noindex/swift-parsing.build/Debug/Parsing.build/Parsing.DependencyMetadataFileList --static-metadata-file-list /Users/rogerlin/Library/Developer/Xcode/DerivedData/FinancialCalculatorKit-ackorybalcxbfocbkqsfdzcfkgmn/Build/Intermediates.noindex/swift-parsing.build/Debug/Parsing.build/Parsing.DependencyStaticMetadataFileList --swift-const-vals-list /Users/rogerlin/Library/Developer/Xcode/DerivedData/FinancialCalculatorKit-ackorybalcxbfocbkqsfdzcfkgmn/Build/Intermediates.noindex/swift-parsing.build/Debug/Parsing.build/Objects-normal/arm64/Parsing.SwiftConstValuesFileList --force --compile-time-extraction --deployment-aware-processing --validate-assistant-intents --no-app-shortcuts-localization

    Task input dependencies:
        /Users/rogerlin/Library/Developer/Xcode/DerivedData/FinancialCalculatorKit-ackorybalcxbfocbkqsfdzcfkgmn/SourcePackages/checkouts/swift-parsing/Sources/Parsing/Builders/OneOfBuilder.swift
        /Users/rogerlin/Library/Developer/Xcode/DerivedData/FinancialCalculatorKit-ackorybalcxbfocbkqsfdzcfkgmn/SourcePackages/checkouts/swift-parsing/Sources/Parsing/Builders/ParserBuilder.swift
        /Users/rogerlin/Library/Developer/Xcode/DerivedData/FinancialCalculatorKit-ackorybalcxbfocbkqsfdzcfkgmn/SourcePackages/checkouts/swift-parsing/Sources/Parsing/Conversion.swift
        /Users/rogerlin/Library/Developer/Xcode/DerivedData/FinancialCalculatorKit-ackorybalcxbfocbkqsfdzcfkgmn/SourcePackages/checkouts/swift-parsing/Sources/Parsing/Conversions/AnyConversion.swift
        /Users/rogerlin/Library/Developer/Xcode/DerivedData/FinancialCalculatorKit-ackorybalcxbfocbkqsfdzcfkgmn/SourcePackages/checkouts/swift-parsing/Sources/Parsing/Conversions/BinaryFloatingPoint.swift
        /Users/rogerlin/Library/Developer/Xcode/DerivedData/FinancialCalculatorKit-ackorybalcxbfocbkqsfdzcfkgmn/SourcePackages/checkouts/swift-parsing/Sources/Parsing/Conversions/ConversionMap.swift
        /Users/rogerlin/Library/Developer/Xcode/DerivedData/FinancialCalculatorKit-ackorybalcxbfocbkqsfdzcfkgmn/SourcePackages/checkouts/swift-parsing/Sources/Parsing/Conversions/Conversions.swift
        /Users/rogerlin/Library/Developer/Xcode/DerivedData/FinancialCalculatorKit-ackorybalcxbfocbkqsfdzcfkgmn/SourcePackages/checkouts/swift-parsing/Sources/Parsing/Conversions/Data.swift
        /Users/rogerlin/Library/Developer/Xcode/DerivedData/FinancialCalculatorKit-ackorybalcxbfocbkqsfdzcfkgmn/SourcePackages/checkouts/swift-parsing/Sources/Parsing/Conversions/Enum.swift
        /Users/rogerlin/Library/Developer/Xcode/DerivedData/FinancialCalculatorKit-ackorybalcxbfocbkqsfdzcfkgmn/SourcePackages/checkouts/swift-parsing/Sources/Parsing/Conversions/FixedWidthInteger.swift
        /Users/rogerlin/Library/Developer/Xcode/DerivedData/FinancialCalculatorKit-ackorybalcxbfocbkqsfdzcfkgmn/SourcePackages/checkouts/swift-parsing/Sources/Parsing/Conversions/Identity.swift
        /Users/rogerlin/Library/Developer/Xcode/DerivedData/FinancialCalculatorKit-ackorybalcxbfocbkqsfdzcfkgmn/SourcePackages/checkouts/swift-parsing/Sources/Parsing/Conversions/JSON.swift
        /Users/rogerlin/Library/Developer/Xcode/DerivedData/FinancialCalculatorKit-ackorybalcxbfocbkqsfdzcfkgmn/SourcePackages/checkouts/swift-parsing/Sources/Parsing/Conversions/LosslessStringConvertible.swift
        /Users/rogerlin/Library/Developer/Xcode/DerivedData/FinancialCalculatorKit-ackorybalcxbfocbkqsfdzcfkgmn/SourcePackages/checkouts/swift-parsing/Sources/Parsing/Conversions/Memberwise.swift
        /Users/rogerlin/Library/Developer/Xcode/DerivedData/FinancialCalculatorKit-ackorybalcxbfocbkqsfdzcfkgmn/SourcePackages/checkouts/swift-parsing/Sources/Parsing/Conversions/ParseableFormatStyleConversion.swift
        /Users/rogerlin/Library/Developer/Xcode/DerivedData/FinancialCalculatorKit-ackorybalcxbfocbkqsfdzcfkgmn/SourcePackages/checkouts/swift-parsing/Sources/Parsing/Conversions/RawRepresentable.swift
        /Users/rogerlin/Library/Developer/Xcode/DerivedData/FinancialCalculatorKit-ackorybalcxbfocbkqsfdzcfkgmn/SourcePackages/checkouts/swift-parsing/Sources/Parsing/Conversions/String.swift
        /Users/rogerlin/Library/Developer/Xcode/DerivedData/FinancialCalculatorKit-ackorybalcxbfocbkqsfdzcfkgmn/SourcePackages/checkouts/swift-parsing/Sources/Parsing/Conversions/Substring.swift
        /Users/rogerlin/Library/Developer/Xcode/DerivedData/FinancialCalculatorKit-ackorybalcxbfocbkqsfdzcfkgmn/SourcePackages/checkouts/swift-parsing/Sources/Parsing/Conversions/UTF8View.swift
        /Users/rogerlin/Library/Developer/Xcode/DerivedData/FinancialCalculatorKit-ackorybalcxbfocbkqsfdzcfkgmn/SourcePackages/checkouts/swift-parsing/Sources/Parsing/ConvertingError.swift
        /Users/rogerlin/Library/Developer/Xcode/DerivedData/FinancialCalculatorKit-ackorybalcxbfocbkqsfdzcfkgmn/SourcePackages/checkouts/swift-parsing/Sources/Parsing/CountingRange.swift
        /Users/rogerlin/Library/Developer/Xcode/DerivedData/FinancialCalculatorKit-ackorybalcxbfocbkqsfdzcfkgmn/SourcePackages/checkouts/swift-parsing/Sources/Parsing/EmptyInitializable.swift
        /Users/rogerlin/Library/Developer/Xcode/DerivedData/FinancialCalculatorKit-ackorybalcxbfocbkqsfdzcfkgmn/SourcePackages/checkouts/swift-parsing/Sources/Parsing/Internal/AnyEquatable.swift
        /Users/rogerlin/Library/Developer/Xcode/DerivedData/FinancialCalculatorKit-ackorybalcxbfocbkqsfdzcfkgmn/SourcePackages/checkouts/swift-parsing/Sources/Parsing/Internal/Deprecations.swift
        /Users/rogerlin/Library/Developer/Xcode/DerivedData/FinancialCalculatorKit-ackorybalcxbfocbkqsfdzcfkgmn/SourcePackages/checkouts/swift-parsing/Sources/Parsing/Parser.swift
        /Users/rogerlin/Library/Developer/Xcode/DerivedData/FinancialCalculatorKit-ackorybalcxbfocbkqsfdzcfkgmn/SourcePackages/checkouts/swift-parsing/Sources/Parsing/ParserPrinter.swift
        /Users/rogerlin/Library/Developer/Xcode/DerivedData/FinancialCalculatorKit-ackorybalcxbfocbkqsfdzcfkgmn/SourcePackages/checkouts/swift-parsing/Sources/Parsing/ParserPrinters/Always.swift
        /Users/rogerlin/Library/Developer/Xcode/DerivedData/FinancialCalculatorKit-ackorybalcxbfocbkqsfdzcfkgmn/SourcePackages/checkouts/swift-parsing/Sources/Parsing/ParserPrinters/AnyParserPrinter.swift
        /Users/rogerlin/Library/Developer/Xcode/DerivedData/FinancialCalculatorKit-ackorybalcxbfocbkqsfdzcfkgmn/SourcePackages/checkouts/swift-parsing/Sources/Parsing/ParserPrinters/Backtracking.swift
        /Users/rogerlin/Library/Developer/Xcode/DerivedData/FinancialCalculatorKit-ackorybalcxbfocbkqsfdzcfkgmn/SourcePackages/checkouts/swift-parsing/Sources/Parsing/ParserPrinters/Bool.swift
        /Users/rogerlin/Library/Developer/Xcode/DerivedData/FinancialCalculatorKit-ackorybalcxbfocbkqsfdzcfkgmn/SourcePackages/checkouts/swift-parsing/Sources/Parsing/ParserPrinters/CaseIterableRawRepresentable.swift
        /Users/rogerlin/Library/Developer/Xcode/DerivedData/FinancialCalculatorKit-ackorybalcxbfocbkqsfdzcfkgmn/SourcePackages/checkouts/swift-parsing/Sources/Parsing/ParserPrinters/CharacterSet.swift
        /Users/rogerlin/Library/Developer/Xcode/DerivedData/FinancialCalculatorKit-ackorybalcxbfocbkqsfdzcfkgmn/SourcePackages/checkouts/swift-parsing/Sources/Parsing/ParserPrinters/Conditional.swift
        /Users/rogerlin/Library/Developer/Xcode/DerivedData/FinancialCalculatorKit-ackorybalcxbfocbkqsfdzcfkgmn/SourcePackages/checkouts/swift-parsing/Sources/Parsing/ParserPrinters/Consumed.swift
        /Users/rogerlin/Library/Developer/Xcode/DerivedData/FinancialCalculatorKit-ackorybalcxbfocbkqsfdzcfkgmn/SourcePackages/checkouts/swift-parsing/Sources/Parsing/ParserPrinters/Digits.swift
        /Users/rogerlin/Library/Developer/Xcode/DerivedData/FinancialCalculatorKit-ackorybalcxbfocbkqsfdzcfkgmn/SourcePackages/checkouts/swift-parsing/Sources/Parsing/ParserPrinters/End.swift
        /Users/rogerlin/Library/Developer/Xcode/DerivedData/FinancialCalculatorKit-ackorybalcxbfocbkqsfdzcfkgmn/SourcePackages/checkouts/swift-parsing/Sources/Parsing/ParserPrinters/Fail.swift
        /Users/rogerlin/Library/Developer/Xcode/DerivedData/FinancialCalculatorKit-ackorybalcxbfocbkqsfdzcfkgmn/SourcePackages/checkouts/swift-parsing/Sources/Parsing/ParserPrinters/Filter.swift
        /Users/rogerlin/Library/Developer/Xcode/DerivedData/FinancialCalculatorKit-ackorybalcxbfocbkqsfdzcfkgmn/SourcePackages/checkouts/swift-parsing/Sources/Parsing/ParserPrinters/First.swift
        /Users/rogerlin/Library/Developer/Xcode/DerivedData/FinancialCalculatorKit-ackorybalcxbfocbkqsfdzcfkgmn/SourcePackages/checkouts/swift-parsing/Sources/Parsing/ParserPrinters/Float.swift
        /Users/rogerlin/Library/Developer/Xcode/DerivedData/FinancialCalculatorKit-ackorybalcxbfocbkqsfdzcfkgmn/SourcePackages/checkouts/swift-parsing/Sources/Parsing/ParserPrinters/From.swift
        /Users/rogerlin/Library/Developer/Xcode/DerivedData/FinancialCalculatorKit-ackorybalcxbfocbkqsfdzcfkgmn/SourcePackages/checkouts/swift-parsing/Sources/Parsing/ParserPrinters/Int.swift
        /Users/rogerlin/Library/Developer/Xcode/DerivedData/FinancialCalculatorKit-ackorybalcxbfocbkqsfdzcfkgmn/SourcePackages/checkouts/swift-parsing/Sources/Parsing/ParserPrinters/Lazy.swift
        /Users/rogerlin/Library/Developer/Xcode/DerivedData/FinancialCalculatorKit-ackorybalcxbfocbkqsfdzcfkgmn/SourcePackages/checkouts/swift-parsing/Sources/Parsing/ParserPrinters/Literal.swift
        /Users/rogerlin/Library/Developer/Xcode/DerivedData/FinancialCalculatorKit-ackorybalcxbfocbkqsfdzcfkgmn/SourcePackages/checkouts/swift-parsing/Sources/Parsing/ParserPrinters/Many.swift
        /Users/rogerlin/Library/Developer/Xcode/DerivedData/FinancialCalculatorKit-ackorybalcxbfocbkqsfdzcfkgmn/SourcePackages/checkouts/swift-parsing/Sources/Parsing/ParserPrinters/Map.swift
        /Users/rogerlin/Library/Developer/Xcode/DerivedData/FinancialCalculatorKit-ackorybalcxbfocbkqsfdzcfkgmn/SourcePackages/checkouts/swift-parsing/Sources/Parsing/ParserPrinters/Newline.swift
        /Users/rogerlin/Library/Developer/Xcode/DerivedData/FinancialCalculatorKit-ackorybalcxbfocbkqsfdzcfkgmn/SourcePackages/checkouts/swift-parsing/Sources/Parsing/ParserPrinters/Not.swift
        /Users/rogerlin/Library/Developer/Xcode/DerivedData/FinancialCalculatorKit-ackorybalcxbfocbkqsfdzcfkgmn/SourcePackages/checkouts/swift-parsing/Sources/Parsing/ParserPrinters/OneOf.swift
        /Users/rogerlin/Library/Developer/Xcode/DerivedData/FinancialCalculatorKit-ackorybalcxbfocbkqsfdzcfkgmn/SourcePackages/checkouts/swift-parsing/Sources/Parsing/ParserPrinters/OneOfMany.swift
        /Users/rogerlin/Library/Developer/Xcode/DerivedData/FinancialCalculatorKit-ackorybalcxbfocbkqsfdzcfkgmn/SourcePackages/checkouts/swift-parsing/Sources/Parsing/ParserPrinters/Optional.swift
        /Users/rogerlin/Library/Developer/Xcode/DerivedData/FinancialCalculatorKit-ackorybalcxbfocbkqsfdzcfkgmn/SourcePackages/checkouts/swift-parsing/Sources/Parsing/ParserPrinters/Optionally.swift
        /Users/rogerlin/Library/Developer/Xcode/DerivedData/FinancialCalculatorKit-ackorybalcxbfocbkqsfdzcfkgmn/SourcePackages/checkouts/swift-parsing/Sources/Parsing/ParserPrinters/Parse.swift
        /Users/rogerlin/Library/Developer/Xcode/DerivedData/FinancialCalculatorKit-ackorybalcxbfocbkqsfdzcfkgmn/SourcePackages/checkouts/swift-parsing/Sources/Parsing/ParserPrinters/ParseableFormatStyle.swift
        /Users/rogerlin/Library/Developer/Xcode/DerivedData/FinancialCalculatorKit-ackorybalcxbfocbkqsfdzcfkgmn/SourcePackages/checkouts/swift-parsing/Sources/Parsing/ParserPrinters/Peek.swift
        /Users/rogerlin/Library/Developer/Xcode/DerivedData/FinancialCalculatorKit-ackorybalcxbfocbkqsfdzcfkgmn/SourcePackages/checkouts/swift-parsing/Sources/Parsing/ParserPrinters/Pipe.swift
        /Users/rogerlin/Library/Developer/Xcode/DerivedData/FinancialCalculatorKit-ackorybalcxbfocbkqsfdzcfkgmn/SourcePackages/checkouts/swift-parsing/Sources/Parsing/ParserPrinters/Prefix.swift
        /Users/rogerlin/Library/Developer/Xcode/DerivedData/FinancialCalculatorKit-ackorybalcxbfocbkqsfdzcfkgmn/SourcePackages/checkouts/swift-parsing/Sources/Parsing/ParserPrinters/PrefixThrough.swift
        /Users/rogerlin/Library/Developer/Xcode/DerivedData/FinancialCalculatorKit-ackorybalcxbfocbkqsfdzcfkgmn/SourcePackages/checkouts/swift-parsing/Sources/Parsing/ParserPrinters/PrefixUpTo.swift
        /Users/rogerlin/Library/Developer/Xcode/DerivedData/FinancialCalculatorKit-ackorybalcxbfocbkqsfdzcfkgmn/SourcePackages/checkouts/swift-parsing/Sources/Parsing/ParserPrinters/Printing.swift
        /Users/rogerlin/Library/Developer/Xcode/DerivedData/FinancialCalculatorKit-ackorybalcxbfocbkqsfdzcfkgmn/SourcePackages/checkouts/swift-parsing/Sources/Parsing/ParserPrinters/Pullback.swift
        /Users/rogerlin/Library/Developer/Xcode/DerivedData/FinancialCalculatorKit-ackorybalcxbfocbkqsfdzcfkgmn/SourcePackages/checkouts/swift-parsing/Sources/Parsing/ParserPrinters/ReplaceError.swift
        /Users/rogerlin/Library/Developer/Xcode/DerivedData/FinancialCalculatorKit-ackorybalcxbfocbkqsfdzcfkgmn/SourcePackages/checkouts/swift-parsing/Sources/Parsing/ParserPrinters/Rest.swift
        /Users/rogerlin/Library/Developer/Xcode/DerivedData/FinancialCalculatorKit-ackorybalcxbfocbkqsfdzcfkgmn/SourcePackages/checkouts/swift-parsing/Sources/Parsing/ParserPrinters/Skip.swift
        /Users/rogerlin/Library/Developer/Xcode/DerivedData/FinancialCalculatorKit-ackorybalcxbfocbkqsfdzcfkgmn/SourcePackages/checkouts/swift-parsing/Sources/Parsing/ParserPrinters/StartsWith.swift
        /Users/rogerlin/Library/Developer/Xcode/DerivedData/FinancialCalculatorKit-ackorybalcxbfocbkqsfdzcfkgmn/SourcePackages/checkouts/swift-parsing/Sources/Parsing/ParserPrinters/UUID.swift
        /Users/rogerlin/Library/Developer/Xcode/DerivedData/FinancialCalculatorKit-ackorybalcxbfocbkqsfdzcfkgmn/SourcePackages/checkouts/swift-parsing/Sources/Parsing/ParserPrinters/Whitespace.swift
        /Users/rogerlin/Library/Developer/Xcode/DerivedData/FinancialCalculatorKit-ackorybalcxbfocbkqsfdzcfkgmn/SourcePackages/checkouts/swift-parsing/Sources/Parsing/Parsers/AnyParser.swift
        /Users/rogerlin/Library/Developer/Xcode/DerivedData/FinancialCalculatorKit-ackorybalcxbfocbkqsfdzcfkgmn/SourcePackages/checkouts/swift-parsing/Sources/Parsing/Parsers/CompactMap.swift
        /Users/rogerlin/Library/Developer/Xcode/DerivedData/FinancialCalculatorKit-ackorybalcxbfocbkqsfdzcfkgmn/SourcePackages/checkouts/swift-parsing/Sources/Parsing/Parsers/FlatMap.swift
        /Users/rogerlin/Library/Developer/Xcode/DerivedData/FinancialCalculatorKit-ackorybalcxbfocbkqsfdzcfkgmn/SourcePackages/checkouts/swift-parsing/Sources/Parsing/Parsers/Parsers.swift
        /Users/rogerlin/Library/Developer/Xcode/DerivedData/FinancialCalculatorKit-ackorybalcxbfocbkqsfdzcfkgmn/SourcePackages/checkouts/swift-parsing/Sources/Parsing/Parsers/Stream.swift
        /Users/rogerlin/Library/Developer/Xcode/DerivedData/FinancialCalculatorKit-ackorybalcxbfocbkqsfdzcfkgmn/SourcePackages/checkouts/swift-parsing/Sources/Parsing/ParsingError.swift
        /Users/rogerlin/Library/Developer/Xcode/DerivedData/FinancialCalculatorKit-ackorybalcxbfocbkqsfdzcfkgmn/SourcePackages/checkouts/swift-parsing/Sources/Parsing/PrependableCollection.swift
        /Users/rogerlin/Library/Developer/Xcode/DerivedData/FinancialCalculatorKit-ackorybalcxbfocbkqsfdzcfkgmn/SourcePackages/checkouts/swift-parsing/Sources/Parsing/PrintingError.swift
        /Users/rogerlin/Library/Developer/Xcode/DerivedData/FinancialCalculatorKit-ackorybalcxbfocbkqsfdzcfkgmn/Build/Intermediates.noindex/swift-parsing.build/Debug/Parsing.build/Objects-normal/arm64/OneOfBuilder.swiftconstvalues
        /Users/rogerlin/Library/Developer/Xcode/DerivedData/FinancialCalculatorKit-ackorybalcxbfocbkqsfdzcfkgmn/Build/Intermediates.noindex/swift-parsing.build/Debug/Parsing.build/Objects-normal/arm64/ParserBuilder.swiftconstvalues
        /Users/rogerlin/Library/Developer/Xcode/DerivedData/FinancialCalculatorKit-ackorybalcxbfocbkqsfdzcfkgmn/Build/Intermediates.noindex/swift-parsing.build/Debug/Parsing.build/Objects-normal/arm64/Conversion.swiftconstvalues
        /Users/rogerlin/Library/Developer/Xcode/DerivedData/FinancialCalculatorKit-ackorybalcxbfocbkqsfdzcfkgmn/Build/Intermediates.noindex/swift-parsing.build/Debug/Parsing.build/Objects-normal/arm64/AnyConversion.swiftconstvalues
        /Users/rogerlin/Library/Developer/Xcode/DerivedData/FinancialCalculatorKit-ackorybalcxbfocbkqsfdzcfkgmn/Build/Intermediates.noindex/swift-parsing.build/Debug/Parsing.build/Objects-normal/arm64/BinaryFloatingPoint.swiftconstvalues
        /Users/rogerlin/Library/Developer/Xcode/DerivedData/FinancialCalculatorKit-ackorybalcxbfocbkqsfdzcfkgmn/Build/Intermediates.noindex/swift-parsing.build/Debug/Parsing.build/Objects-normal/arm64/ConversionMap.swiftconstvalues
        /Users/rogerlin/Library/Developer/Xcode/DerivedData/FinancialCalculatorKit-ackorybalcxbfocbkqsfdzcfkgmn/Build/Intermediates.noindex/swift-parsing.build/Debug/Parsing.build/Objects-normal/arm64/Conversions.swiftconstvalues
        /Users/rogerlin/Library/Developer/Xcode/DerivedData/FinancialCalculatorKit-ackorybalcxbfocbkqsfdzcfkgmn/Build/Intermediates.noindex/swift-parsing.build/Debug/Parsing.build/Objects-normal/arm64/Data.swiftconstvalues
        /Users/rogerlin/Library/Developer/Xcode/DerivedData/FinancialCalculatorKit-ackorybalcxbfocbkqsfdzcfkgmn/Build/Intermediates.noindex/swift-parsing.build/Debug/Parsing.build/Objects-normal/arm64/Enum.swiftconstvalues
        /Users/rogerlin/Library/Developer/Xcode/DerivedData/FinancialCalculatorKit-ackorybalcxbfocbkqsfdzcfkgmn/Build/Intermediates.noindex/swift-parsing.build/Debug/Parsing.build/Objects-normal/arm64/FixedWidthInteger.swiftconstvalues
        /Users/rogerlin/Library/Developer/Xcode/DerivedData/FinancialCalculatorKit-ackorybalcxbfocbkqsfdzcfkgmn/Build/Intermediates.noindex/swift-parsing.build/Debug/Parsing.build/Objects-normal/arm64/Identity.swiftconstvalues
        /Users/rogerlin/Library/Developer/Xcode/DerivedData/FinancialCalculatorKit-ackorybalcxbfocbkqsfdzcfkgmn/Build/Intermediates.noindex/swift-parsing.build/Debug/Parsing.build/Objects-normal/arm64/JSON.swiftconstvalues
        /Users/rogerlin/Library/Developer/Xcode/DerivedData/FinancialCalculatorKit-ackorybalcxbfocbkqsfdzcfkgmn/Build/Intermediates.noindex/swift-parsing.build/Debug/Parsing.build/Objects-normal/arm64/LosslessStringConvertible.swiftconstvalues
        /Users/rogerlin/Library/Developer/Xcode/DerivedData/FinancialCalculatorKit-ackorybalcxbfocbkqsfdzcfkgmn/Build/Intermediates.noindex/swift-parsing.build/Debug/Parsing.build/Objects-normal/arm64/Memberwise.swiftconstvalues
        /Users/rogerlin/Library/Developer/Xcode/DerivedData/FinancialCalculatorKit-ackorybalcxbfocbkqsfdzcfkgmn/Build/Intermediates.noindex/swift-parsing.build/Debug/Parsing.build/Objects-normal/arm64/ParseableFormatStyleConversion.swiftconstvalues
        /Users/rogerlin/Library/Developer/Xcode/DerivedData/FinancialCalculatorKit-ackorybalcxbfocbkqsfdzcfkgmn/Build/Intermediates.noindex/swift-parsing.build/Debug/Parsing.build/Objects-normal/arm64/RawRepresentable.swiftconstvalues
        /Users/rogerlin/Library/Developer/Xcode/DerivedData/FinancialCalculatorKit-ackorybalcxbfocbkqsfdzcfkgmn/Build/Intermediates.noindex/swift-parsing.build/Debug/Parsing.build/Objects-normal/arm64/String.swiftconstvalues
        /Users/rogerlin/Library/Developer/Xcode/DerivedData/FinancialCalculatorKit-ackorybalcxbfocbkqsfdzcfkgmn/Build/Intermediates.noindex/swift-parsing.build/Debug/Parsing.build/Objects-normal/arm64/Substring.swiftconstvalues
        /Users/rogerlin/Library/Developer/Xcode/DerivedData/FinancialCalculatorKit-ackorybalcxbfocbkqsfdzcfkgmn/Build/Intermediates.noindex/swift-parsing.build/Debug/Parsing.build/Objects-normal/arm64/UTF8View.swiftconstvalues
        /Users/rogerlin/Library/Developer/Xcode/DerivedData/FinancialCalculatorKit-ackorybalcxbfocbkqsfdzcfkgmn/Build/Intermediates.noindex/swift-parsing.build/Debug/Parsing.build/Objects-normal/arm64/ConvertingError.swiftconstvalues
        /Users/rogerlin/Library/Developer/Xcode/DerivedData/FinancialCalculatorKit-ackorybalcxbfocbkqsfdzcfkgmn/Build/Intermediates.noindex/swift-parsing.build/Debug/Parsing.build/Objects-normal/arm64/CountingRange.swiftconstvalues
        /Users/rogerlin/Library/Developer/Xcode/DerivedData/FinancialCalculatorKit-ackorybalcxbfocbkqsfdzcfkgmn/Build/Intermediates.noindex/swift-parsing.build/Debug/Parsing.build/Objects-normal/arm64/EmptyInitializable.swiftconstvalues
        /Users/rogerlin/Library/Developer/Xcode/DerivedData/FinancialCalculatorKit-ackorybalcxbfocbkqsfdzcfkgmn/Build/Intermediates.noindex/swift-parsing.build/Debug/Parsing.build/Objects-normal/arm64/AnyEquatable.swiftconstvalues
        /Users/rogerlin/Library/Developer/Xcode/DerivedData/FinancialCalculatorKit-ackorybalcxbfocbkqsfdzcfkgmn/Build/Intermediates.noindex/swift-parsing.build/Debug/Parsing.build/Objects-normal/arm64/Deprecations.swiftconstvalues
        /Users/rogerlin/Library/Developer/Xcode/DerivedData/FinancialCalculatorKit-ackorybalcxbfocbkqsfdzcfkgmn/Build/Intermediates.noindex/swift-parsing.build/Debug/Parsing.build/Objects-normal/arm64/Parser.swiftconstvalues
        /Users/rogerlin/Library/Developer/Xcode/DerivedData/FinancialCalculatorKit-ackorybalcxbfocbkqsfdzcfkgmn/Build/Intermediates.noindex/swift-parsing.build/Debug/Parsing.build/Objects-normal/arm64/ParserPrinter.swiftconstvalues
        /Users/rogerlin/Library/Developer/Xcode/DerivedData/FinancialCalculatorKit-ackorybalcxbfocbkqsfdzcfkgmn/Build/Intermediates.noindex/swift-parsing.build/Debug/Parsing.build/Objects-normal/arm64/Always.swiftconstvalues
        /Users/rogerlin/Library/Developer/Xcode/DerivedData/FinancialCalculatorKit-ackorybalcxbfocbkqsfdzcfkgmn/Build/Intermediates.noindex/swift-parsing.build/Debug/Parsing.build/Objects-normal/arm64/AnyParserPrinter.swiftconstvalues
        /Users/rogerlin/Library/Developer/Xcode/DerivedData/FinancialCalculatorKit-ackorybalcxbfocbkqsfdzcfkgmn/Build/Intermediates.noindex/swift-parsing.build/Debug/Parsing.build/Objects-normal/arm64/Backtracking.swiftconstvalues
        /Users/rogerlin/Library/Developer/Xcode/DerivedData/FinancialCalculatorKit-ackorybalcxbfocbkqsfdzcfkgmn/Build/Intermediates.noindex/swift-parsing.build/Debug/Parsing.build/Objects-normal/arm64/Bool.swiftconstvalues
        /Users/rogerlin/Library/Developer/Xcode/DerivedData/FinancialCalculatorKit-ackorybalcxbfocbkqsfdzcfkgmn/Build/Intermediates.noindex/swift-parsing.build/Debug/Parsing.build/Objects-normal/arm64/CaseIterableRawRepresentable.swiftconstvalues
        /Users/rogerlin/Library/Developer/Xcode/DerivedData/FinancialCalculatorKit-ackorybalcxbfocbkqsfdzcfkgmn/Build/Intermediates.noindex/swift-parsing.build/Debug/Parsing.build/Objects-normal/arm64/CharacterSet.swiftconstvalues
        /Users/rogerlin/Library/Developer/Xcode/DerivedData/FinancialCalculatorKit-ackorybalcxbfocbkqsfdzcfkgmn/Build/Intermediates.noindex/swift-parsing.build/Debug/Parsing.build/Objects-normal/arm64/Conditional.swiftconstvalues
        /Users/rogerlin/Library/Developer/Xcode/DerivedData/FinancialCalculatorKit-ackorybalcxbfocbkqsfdzcfkgmn/Build/Intermediates.noindex/swift-parsing.build/Debug/Parsing.build/Objects-normal/arm64/Consumed.swiftconstvalues
        /Users/rogerlin/Library/Developer/Xcode/DerivedData/FinancialCalculatorKit-ackorybalcxbfocbkqsfdzcfkgmn/Build/Intermediates.noindex/swift-parsing.build/Debug/Parsing.build/Objects-normal/arm64/Digits.swiftconstvalues
        /Users/rogerlin/Library/Developer/Xcode/DerivedData/FinancialCalculatorKit-ackorybalcxbfocbkqsfdzcfkgmn/Build/Intermediates.noindex/swift-parsing.build/Debug/Parsing.build/Objects-normal/arm64/End.swiftconstvalues
        /Users/rogerlin/Library/Developer/Xcode/DerivedData/FinancialCalculatorKit-ackorybalcxbfocbkqsfdzcfkgmn/Build/Intermediates.noindex/swift-parsing.build/Debug/Parsing.build/Objects-normal/arm64/Fail.swiftconstvalues
        /Users/rogerlin/Library/Developer/Xcode/DerivedData/FinancialCalculatorKit-ackorybalcxbfocbkqsfdzcfkgmn/Build/Intermediates.noindex/swift-parsing.build/Debug/Parsing.build/Objects-normal/arm64/Filter.swiftconstvalues
        /Users/rogerlin/Library/Developer/Xcode/DerivedData/FinancialCalculatorKit-ackorybalcxbfocbkqsfdzcfkgmn/Build/Intermediates.noindex/swift-parsing.build/Debug/Parsing.build/Objects-normal/arm64/First.swiftconstvalues
        /Users/rogerlin/Library/Developer/Xcode/DerivedData/FinancialCalculatorKit-ackorybalcxbfocbkqsfdzcfkgmn/Build/Intermediates.noindex/swift-parsing.build/Debug/Parsing.build/Objects-normal/arm64/Float.swiftconstvalues
        /Users/rogerlin/Library/Developer/Xcode/DerivedData/FinancialCalculatorKit-ackorybalcxbfocbkqsfdzcfkgmn/Build/Intermediates.noindex/swift-parsing.build/Debug/Parsing.build/Objects-normal/arm64/From.swiftconstvalues
        /Users/rogerlin/Library/Developer/Xcode/DerivedData/FinancialCalculatorKit-ackorybalcxbfocbkqsfdzcfkgmn/Build/Intermediates.noindex/swift-parsing.build/Debug/Parsing.build/Objects-normal/arm64/Int.swiftconstvalues
        /Users/rogerlin/Library/Developer/Xcode/DerivedData/FinancialCalculatorKit-ackorybalcxbfocbkqsfdzcfkgmn/Build/Intermediates.noindex/swift-parsing.build/Debug/Parsing.build/Objects-normal/arm64/Lazy.swiftconstvalues
        /Users/rogerlin/Library/Developer/Xcode/DerivedData/FinancialCalculatorKit-ackorybalcxbfocbkqsfdzcfkgmn/Build/Intermediates.noindex/swift-parsing.build/Debug/Parsing.build/Objects-normal/arm64/Literal.swiftconstvalues
        /Users/rogerlin/Library/Developer/Xcode/DerivedData/FinancialCalculatorKit-ackorybalcxbfocbkqsfdzcfkgmn/Build/Intermediates.noindex/swift-parsing.build/Debug/Parsing.build/Objects-normal/arm64/Many.swiftconstvalues
        /Users/rogerlin/Library/Developer/Xcode/DerivedData/FinancialCalculatorKit-ackorybalcxbfocbkqsfdzcfkgmn/Build/Intermediates.noindex/swift-parsing.build/Debug/Parsing.build/Objects-normal/arm64/Map.swiftconstvalues
        /Users/rogerlin/Library/Developer/Xcode/DerivedData/FinancialCalculatorKit-ackorybalcxbfocbkqsfdzcfkgmn/Build/Intermediates.noindex/swift-parsing.build/Debug/Parsing.build/Objects-normal/arm64/Newline.swiftconstvalues
        /Users/rogerlin/Library/Developer/Xcode/DerivedData/FinancialCalculatorKit-ackorybalcxbfocbkqsfdzcfkgmn/Build/Intermediates.noindex/swift-parsing.build/Debug/Parsing.build/Objects-normal/arm64/Not.swiftconstvalues
        /Users/rogerlin/Library/Developer/Xcode/DerivedData/FinancialCalculatorKit-ackorybalcxbfocbkqsfdzcfkgmn/Build/Intermediates.noindex/swift-parsing.build/Debug/Parsing.build/Objects-normal/arm64/OneOf.swiftconstvalues
        /Users/rogerlin/Library/Developer/Xcode/DerivedData/FinancialCalculatorKit-ackorybalcxbfocbkqsfdzcfkgmn/Build/Intermediates.noindex/swift-parsing.build/Debug/Parsing.build/Objects-normal/arm64/OneOfMany.swiftconstvalues
        /Users/rogerlin/Library/Developer/Xcode/DerivedData/FinancialCalculatorKit-ackorybalcxbfocbkqsfdzcfkgmn/Build/Intermediates.noindex/swift-parsing.build/Debug/Parsing.build/Objects-normal/arm64/Optional.swiftconstvalues
        /Users/rogerlin/Library/Developer/Xcode/DerivedData/FinancialCalculatorKit-ackorybalcxbfocbkqsfdzcfkgmn/Build/Intermediates.noindex/swift-parsing.build/Debug/Parsing.build/Objects-normal/arm64/Optionally.swiftconstvalues
        /Users/rogerlin/Library/Developer/Xcode/DerivedData/FinancialCalculatorKit-ackorybalcxbfocbkqsfdzcfkgmn/Build/Intermediates.noindex/swift-parsing.build/Debug/Parsing.build/Objects-normal/arm64/Parse.swiftconstvalues
        /Users/rogerlin/Library/Developer/Xcode/DerivedData/FinancialCalculatorKit-ackorybalcxbfocbkqsfdzcfkgmn/Build/Intermediates.noindex/swift-parsing.build/Debug/Parsing.build/Objects-normal/arm64/ParseableFormatStyle.swiftconstvalues
        /Users/rogerlin/Library/Developer/Xcode/DerivedData/FinancialCalculatorKit-ackorybalcxbfocbkqsfdzcfkgmn/Build/Intermediates.noindex/swift-parsing.build/Debug/Parsing.build/Objects-normal/arm64/Peek.swiftconstvalues
        /Users/rogerlin/Library/Developer/Xcode/DerivedData/FinancialCalculatorKit-ackorybalcxbfocbkqsfdzcfkgmn/Build/Intermediates.noindex/swift-parsing.build/Debug/Parsing.build/Objects-normal/arm64/Pipe.swiftconstvalues
        /Users/rogerlin/Library/Developer/Xcode/DerivedData/FinancialCalculatorKit-ackorybalcxbfocbkqsfdzcfkgmn/Build/Intermediates.noindex/swift-parsing.build/Debug/Parsing.build/Objects-normal/arm64/Prefix.swiftconstvalues
        /Users/rogerlin/Library/Developer/Xcode/DerivedData/FinancialCalculatorKit-ackorybalcxbfocbkqsfdzcfkgmn/Build/Intermediates.noindex/swift-parsing.build/Debug/Parsing.build/Objects-normal/arm64/PrefixThrough.swiftconstvalues
        /Users/rogerlin/Library/Developer/Xcode/DerivedData/FinancialCalculatorKit-ackorybalcxbfocbkqsfdzcfkgmn/Build/Intermediates.noindex/swift-parsing.build/Debug/Parsing.build/Objects-normal/arm64/PrefixUpTo.swiftconstvalues
        /Users/rogerlin/Library/Developer/Xcode/DerivedData/FinancialCalculatorKit-ackorybalcxbfocbkqsfdzcfkgmn/Build/Intermediates.noindex/swift-parsing.build/Debug/Parsing.build/Objects-normal/arm64/Printing.swiftconstvalues
        /Users/rogerlin/Library/Developer/Xcode/DerivedData/FinancialCalculatorKit-ackorybalcxbfocbkqsfdzcfkgmn/Build/Intermediates.noindex/swift-parsing.build/Debug/Parsing.build/Objects-normal/arm64/Pullback.swiftconstvalues
        /Users/rogerlin/Library/Developer/Xcode/DerivedData/FinancialCalculatorKit-ackorybalcxbfocbkqsfdzcfkgmn/Build/Intermediates.noindex/swift-parsing.build/Debug/Parsing.build/Objects-normal/arm64/ReplaceError.swiftconstvalues
        /Users/rogerlin/Library/Developer/Xcode/DerivedData/FinancialCalculatorKit-ackorybalcxbfocbkqsfdzcfkgmn/Build/Intermediates.noindex/swift-parsing.build/Debug/Parsing.build/Objects-normal/arm64/Rest.swiftconstvalues
        /Users/rogerlin/Library/Developer/Xcode/DerivedData/FinancialCalculatorKit-ackorybalcxbfocbkqsfdzcfkgmn/Build/Intermediates.noindex/swift-parsing.build/Debug/Parsing.build/Objects-normal/arm64/Skip.swiftconstvalues
        /Users/rogerlin/Library/Developer/Xcode/DerivedData/FinancialCalculatorKit-ackorybalcxbfocbkqsfdzcfkgmn/Build/Intermediates.noindex/swift-parsing.build/Debug/Parsing.build/Objects-normal/arm64/StartsWith.swiftconstvalues
        /Users/rogerlin/Library/Developer/Xcode/DerivedData/FinancialCalculatorKit-ackorybalcxbfocbkqsfdzcfkgmn/Build/Intermediates.noindex/swift-parsing.build/Debug/Parsing.build/Objects-normal/arm64/UUID.swiftconstvalues
        /Users/rogerlin/Library/Developer/Xcode/DerivedData/FinancialCalculatorKit-ackorybalcxbfocbkqsfdzcfkgmn/Build/Intermediates.noindex/swift-parsing.build/Debug/Parsing.build/Objects-normal/arm64/Whitespace.swiftconstvalues
        /Users/rogerlin/Library/Developer/Xcode/DerivedData/FinancialCalculatorKit-ackorybalcxbfocbkqsfdzcfkgmn/Build/Intermediates.noindex/swift-parsing.build/Debug/Parsing.build/Objects-normal/arm64/AnyParser.swiftconstvalues
        /Users/rogerlin/Library/Developer/Xcode/DerivedData/FinancialCalculatorKit-ackorybalcxbfocbkqsfdzcfkgmn/Build/Intermediates.noindex/swift-parsing.build/Debug/Parsing.build/Objects-normal/arm64/CompactMap.swiftconstvalues
        /Users/rogerlin/Library/Developer/Xcode/DerivedData/FinancialCalculatorKit-ackorybalcxbfocbkqsfdzcfkgmn/Build/Intermediates.noindex/swift-parsing.build/Debug/Parsing.build/Objects-normal/arm64/FlatMap.swiftconstvalues
        /Users/rogerlin/Library/Developer/Xcode/DerivedData/FinancialCalculatorKit-ackorybalcxbfocbkqsfdzcfkgmn/Build/Intermediates.noindex/swift-parsing.build/Debug/Parsing.build/Objects-normal/arm64/Parsers.swiftconstvalues
        /Users/rogerlin/Library/Developer/Xcode/DerivedData/FinancialCalculatorKit-ackorybalcxbfocbkqsfdzcfkgmn/Build/Intermediates.noindex/swift-parsing.build/Debug/Parsing.build/Objects-normal/arm64/Stream.swiftconstvalues
        /Users/rogerlin/Library/Developer/Xcode/DerivedData/FinancialCalculatorKit-ackorybalcxbfocbkqsfdzcfkgmn/Build/Intermediates.noindex/swift-parsing.build/Debug/Parsing.build/Objects-normal/arm64/ParsingError.swiftconstvalues
        /Users/rogerlin/Library/Developer/Xcode/DerivedData/FinancialCalculatorKit-ackorybalcxbfocbkqsfdzcfkgmn/Build/Intermediates.noindex/swift-parsing.build/Debug/Parsing.build/Objects-normal/arm64/PrependableCollection.swiftconstvalues
        /Users/rogerlin/Library/Developer/Xcode/DerivedData/FinancialCalculatorKit-ackorybalcxbfocbkqsfdzcfkgmn/Build/Intermediates.noindex/swift-parsing.build/Debug/Parsing.build/Objects-normal/arm64/PrintingError.swiftconstvalues
        /Users/rogerlin/Library/Developer/Xcode/DerivedData/FinancialCalculatorKit-ackorybalcxbfocbkqsfdzcfkgmn/Build/Products/Debug/Parsing.o
        /Users/rogerlin/Library/Developer/Xcode/DerivedData/FinancialCalculatorKit-ackorybalcxbfocbkqsfdzcfkgmn/Build/Intermediates.noindex/swift-parsing.build/Debug/Parsing.build/Parsing.DependencyMetadataFileList
        /Users/rogerlin/Library/Developer/Xcode/DerivedData/FinancialCalculatorKit-ackorybalcxbfocbkqsfdzcfkgmn/Build/Intermediates.noindex/swift-parsing.build/Debug/Parsing.build/Parsing.DependencyStaticMetadataFileList
        /Users/rogerlin/Library/Developer/Xcode/DerivedData/FinancialCalculatorKit-ackorybalcxbfocbkqsfdzcfkgmn/Build/Intermediates.noindex/swift-parsing.build/Debug/Parsing.build/Objects-normal/arm64/Parsing_dependency_info.dat
        /Users/rogerlin/Library/Developer/Xcode/DerivedData/FinancialCalculatorKit-ackorybalcxbfocbkqsfdzcfkgmn/Build/Intermediates.noindex/swift-parsing.build/Debug/Parsing.build/Objects-normal/arm64/Parsing.SwiftFileList
        /Users/rogerlin/Library/Developer/Xcode/DerivedData/FinancialCalculatorKit-ackorybalcxbfocbkqsfdzcfkgmn/Build/Intermediates.noindex/swift-parsing.build/Debug/Parsing.build/Objects-normal/arm64/Parsing.SwiftConstValuesFileList

    Task output dependencies:
        /Users/rogerlin/Library/Developer/Xcode/DerivedData/FinancialCalculatorKit-ackorybalcxbfocbkqsfdzcfkgmn/Build/Intermediates.noindex/swift-parsing.build/Debug/Parsing.build/Objects-normal/arm64/ExtractedAppShortcutsMetadata.stringsdata
2025-11-05 20:45:58.490 appintentsmetadataprocessor[14114:497543] Starting appintentsmetadataprocessor export
2025-11-05 20:45:58.562 appintentsmetadataprocessor[14114:497543] Extracted no relevant App Intents symbols, skipping writing output

SwiftCompile normal arm64 Compiling\ Evaluator.swift /Users/rogerlin/Library/Developer/Xcode/DerivedData/FinancialCalculatorKit-ackorybalcxbfocbkqsfdzcfkgmn/SourcePackages/checkouts/swift-math-parser/Sources/MathParser/Evaluator.swift (in target 'MathParser' from project 'swift-math-parser')
SwiftCompile normal arm64 /Users/rogerlin/Library/Developer/Xcode/DerivedData/FinancialCalculatorKit-ackorybalcxbfocbkqsfdzcfkgmn/SourcePackages/checkouts/swift-math-parser/Sources/MathParser/Evaluator.swift (in target 'MathParser' from project 'swift-math-parser')
    cd /Users/rogerlin/XCode-Projects/FinancialCalculatorKit-5.0-updated-accent-colors/FinancialCalculatorKit.xcodeproj
    

/Applications/Xcode.app/Contents/Developer/Toolchains/XcodeDefault.xctoolchain/usr/bin/swift-frontend -frontend -c /Users/rogerlin/Library/Developer/Xcode/DerivedData/FinancialCalculatorKit-ackorybalcxbfocbkqsfdzcfkgmn/SourcePackages/checkouts/swift-math-parser/Sources/MathParser/Dictionary-extension.swift /Users/rogerlin/Library/Developer/Xcode/DerivedData/FinancialCalculatorKit-ackorybalcxbfocbkqsfdzcfkgmn/SourcePackages/checkouts/swift-math-parser/Sources/MathParser/Double-extension.swift -primary-file /Users/rogerlin/Library/Developer/Xcode/DerivedData/FinancialCalculatorKit-ackorybalcxbfocbkqsfdzcfkgmn/SourcePackages/checkouts/swift-math-parser/Sources/MathParser/Evaluator.swift /Users/rogerlin/Library/Developer/Xcode/DerivedData/FinancialCalculatorKit-ackorybalcxbfocbkqsfdzcfkgmn/SourcePackages/checkouts/swift-math-parser/Sources/MathParser/InfixOperation.swift /Users/rogerlin/Library/Developer/Xcode/DerivedData/FinancialCalculatorKit-ackorybalcxbfocbkqsfdzcfkgmn/SourcePackages/checkouts/swift-math-parser/Sources/MathParser/MathParser.swift /Users/rogerlin/Library/Developer/Xcode/DerivedData/FinancialCalculatorKit-ackorybalcxbfocbkqsfdzcfkgmn/SourcePackages/checkouts/swift-math-parser/Sources/MathParser/MathParserError.swift /Users/rogerlin/Library/Developer/Xcode/DerivedData/FinancialCalculatorKit-ackorybalcxbfocbkqsfdzcfkgmn/SourcePackages/checkouts/swift-math-parser/Sources/MathParser/Token.swift /Users/rogerlin/Library/Developer/Xcode/DerivedData/FinancialCalculatorKit-ackorybalcxbfocbkqsfdzcfkgmn/SourcePackages/checkouts/swift-math-parser/Sources/MathParser/Utils.swift -emit-dependencies-path /Users/rogerlin/Library/Developer/Xcode/DerivedData/FinancialCalculatorKit-ackorybalcxbfocbkqsfdzcfkgmn/Build/Intermediates.noindex/swift-math-parser.build/Debug/MathParser.build/Objects-normal/arm64/Evaluator.d -emit-const-values-path /Users/rogerlin/Library/Developer/Xcode/DerivedData/FinancialCalculatorKit-ackorybalcxbfocbkqsfdzcfkgmn/Build/Intermediates.noindex/swift-math-parser.build/Debug/MathParser.build/Objects-normal/arm64/Evaluator.swiftconstvalues -emit-reference-dependencies-path /Users/rogerlin/Library/Developer/Xcode/DerivedData/FinancialCalculatorKit-ackorybalcxbfocbkqsfdzcfkgmn/Build/Intermediates.noindex/swift-math-parser.build/Debug/MathParser.build/Objects-normal/arm64/Evaluator.swiftdeps -serialize-diagnostics-path /Users/rogerlin/Library/Developer/Xcode/DerivedData/FinancialCalculatorKit-ackorybalcxbfocbkqsfdzcfkgmn/Build/Intermediates.noindex/swift-math-parser.build/Debug/MathParser.build/Objects-normal/arm64/Evaluator.dia -target arm64-apple-macos10.15 -module-can-import-version Darwin 347.40.2 0 -load-resolved-plugin \#/Users/rogerlin/Library/Developer/Xcode/DerivedData/FinancialCalculatorKit-ackorybalcxbfocbkqsfdzcfkgmn/Build/Products/Debug/CasePathsMacros\#CasePathsMacros -load-resolved-plugin /Applications/Xcode.app/Contents/Developer/Platforms/MacOSX.platform/Developer/usr/lib/swift/host/plugins/libFoundationMacros.dylib\#/Applications/Xcode.app/Contents/Developer/Platforms/MacOSX.platform/Developer/usr/bin/swift-plugin-server\#FoundationMacros -load-resolved-plugin /Applications/Xcode.app/Contents/Developer/Platforms/MacOSX.platform/Developer/usr/lib/swift/host/plugins/libObservationMacros.dylib\#/Applications/Xcode.app/Contents/Developer/Platforms/MacOSX.platform/Developer/usr/bin/swift-plugin-server\#ObservationMacros -load-resolved-plugin /Applications/Xcode.app/Contents/Developer/Platforms/MacOSX.platform/Developer/usr/lib/swift/host/plugins/libSwiftMacros.dylib\#/Applications/Xcode.app/Contents/Developer/Platforms/MacOSX.platform/Developer/usr/bin/swift-plugin-server\#SwiftMacros -disable-implicit-swift-modules -Xcc -fno-implicit-modules -Xcc -fno-implicit-module-maps -explicit-swift-module-map-file /Users/rogerlin/Library/Developer/Xcode/DerivedData/FinancialCalculatorKit-ackorybalcxbfocbkqsfdzcfkgmn/Build/Intermediates.noindex/swift-math-parser.build/Debug/MathParser.build/Objects-normal/arm64/MathParser-dependencies-1.json -Xllvm -aarch64-use-tbi -enable-objc-interop -stack-check -sdk /Applications/Xcode.app/Contents/Developer/Platforms/MacOSX.platform/Developer/SDKs/MacOSX26.1.sdk -I /Users/rogerlin/Library/Developer/Xcode/DerivedData/FinancialCalculatorKit-ackorybalcxbfocbkqsfdzcfkgmn/Build/Products/Debug -Isystem /Applications/Xcode.app/Contents/Developer/Platforms/MacOSX.platform/Developer/usr/lib -F /Users/rogerlin/Library/Developer/Xcode/DerivedData/FinancialCalculatorKit-ackorybalcxbfocbkqsfdzcfkgmn/Build/Products/Debug/PackageFrameworks -F /Users/rogerlin/Library/Developer/Xcode/DerivedData/FinancialCalculatorKit-ackorybalcxbfocbkqsfdzcfkgmn/Build/Products/Debug/PackageFrameworks -F /Users/rogerlin/Library/Developer/Xcode/DerivedData/FinancialCalculatorKit-ackorybalcxbfocbkqsfdzcfkgmn/Build/Products/Debug/PackageFrameworks -F /Users/rogerlin/Library/Developer/Xcode/DerivedData/FinancialCalculatorKit-ackorybalcxbfocbkqsfdzcfkgmn/Build/Products/Debug/PackageFrameworks -F /Users/rogerlin/Library/Developer/Xcode/DerivedData/FinancialCalculatorKit-ackorybalcxbfocbkqsfdzcfkgmn/Build/Products/Debug/PackageFrameworks -F /Users/rogerlin/Library/Developer/Xcode/DerivedData/FinancialCalculatorKit-ackorybalcxbfocbkqsfdzcfkgmn/Build/Products/Debug -F /Applications/Xcode.app/Contents/Developer/Platforms/MacOSX.platform/Developer/Library/Frameworks -no-color-diagnostics -Xcc -fno-color-diagnostics -enable-testing -g -debug-info-format\=dwarf -dwarf-version\=4 -module-cache-path /Users/rogerlin/Library/Developer/Xcode/DerivedData/FinancialCalculatorKit-ackorybalcxbfocbkqsfdzcfkgmn/Build/Intermediates.noindex/SwiftExplicitPrecompiledModules -suppress-warnings -profile-generate -profile-coverage-mapping -swift-version 5 -enforce-exclusivity\=checked -Onone -D SWIFT_PACKAGE -D DEBUG -D SWIFT_MODULE_RESOURCE_BUNDLE_UNAVAILABLE -D Xcode -serialize-debugging-options -load-plugin-executable /Users/rogerlin/Library/Developer/Xcode/DerivedData/FinancialCalculatorKit-ackorybalcxbfocbkqsfdzcfkgmn/Build/Products/Debug/CasePathsMacros\#CasePathsMacros -const-gather-protocols-file /Users/rogerlin/Library/Developer/Xcode/DerivedData/FinancialCalculatorKit-ackorybalcxbfocbkqsfdzcfkgmn/Build/Intermediates.noindex/swift-math-parser.build/Debug/MathParser.build/Objects-normal/arm64/MathParser_const_extract_protocols.json -enable-experimental-feature DebugDescriptionMacro -empty-abi-descriptor -validate-clang-modules-once -clang-build-session-file /Users/rogerlin/Library/Developer/Xcode/DerivedData/ModuleCache.noindex/Session.modulevalidation -Xcc -working-directory -Xcc /Users/rogerlin/XCode-Projects/FinancialCalculatorKit-5.0-updated-accent-colors/FinancialCalculatorKit.xcodeproj -enable-anonymous-context-mangled-names -file-compilation-dir /Users/rogerlin/XCode-Projects/FinancialCalculatorKit-5.0-updated-accent-colors/FinancialCalculatorKit.xcodeproj -Xcc -D_LIBCPP_HARDENING_MODE\=_LIBCPP_HARDENING_MODE_DEBUG -Xcc -ivfsstatcache -Xcc /Users/rogerlin/Library/Developer/Xcode/DerivedData/SDKStatCaches.noindex/macosx26.1-25B74-3ae1261907bdadc328169391a47051a6.sdkstatcache -Xcc -I/Users/rogerlin/Library/Developer/Xcode/DerivedData/FinancialCalculatorKit-ackorybalcxbfocbkqsfdzcfkgmn/Build/Intermediates.noindex/swift-math-parser.build/Debug/MathParser.build/swift-overrides.hmap -Xcc -I/Users/rogerlin/Library/Developer/Xcode/DerivedData/FinancialCalculatorKit-ackorybalcxbfocbkqsfdzcfkgmn/Build/Products/Debug/include -Xcc -I/Users/rogerlin/Library/Developer/Xcode/DerivedData/FinancialCalculatorKit-ackorybalcxbfocbkqsfdzcfkgmn/Build/Intermediates.noindex/swift-math-parser.build/Debug/MathParser.build/DerivedSources-normal/arm64 -Xcc -I/Users/rogerlin/Library/Developer/Xcode/DerivedData/FinancialCalculatorKit-ackorybalcxbfocbkqsfdzcfkgmn/Build/Intermediates.noindex/swift-math-parser.build/Debug/MathParser.build/DerivedSources/arm64 -Xcc -I/Users/rogerlin/Library/Developer/Xcode/DerivedData/FinancialCalculatorKit-ackorybalcxbfocbkqsfdzcfkgmn/Build/Intermediates.noindex/swift-math-parser.build/Debug/MathParser.build/DerivedSources -Xcc -DSWIFT_PACKAGE -Xcc -DDEBUG\=1 -no-auto-bridging-header-chaining -module-name MathParser -frontend-parseable-output -disable-clang-spi -target-sdk-version 26.1 -target-sdk-name macosx26.1 -clang-target arm64-apple-macos26.1 -in-process-plugin-server-path /Applications/Xcode.app/Contents/Developer/Toolchains/XcodeDefault.xctoolchain/usr/lib/swift/host/libSwiftInProcPluginServer.dylib -o /Users/rogerlin/Library/Developer/Xcode/DerivedData/FinancialCalculatorKit-ackorybalcxbfocbkqsfdzcfkgmn/Build/Intermediates.noindex/swift-math-parser.build/Debug/MathParser.build/Objects-normal/arm64/Evaluator.o -index-unit-output-path /swift-math-parser.build/Debug/MathParser.build/Objects-normal/arm64/Evaluator.o -index-store-path /Users/rogerlin/Library/Developer/Xcode/DerivedData/FinancialCalculatorKit-ackorybalcxbfocbkqsfdzcfkgmn/Index.noindex/DataStore -index-system-modules
SwiftCompile normal arm64 Compiling\ Token.swift /Users/rogerlin/Library/Developer/Xcode/DerivedData/FinancialCalculatorKit-ackorybalcxbfocbkqsfdzcfkgmn/SourcePackages/checkouts/swift-math-parser/Sources/MathParser/Token.swift (in target 'MathParser' from project 'swift-math-parser')
SwiftCompile normal arm64 /Users/rogerlin/Library/Developer/Xcode/DerivedData/FinancialCalculatorKit-ackorybalcxbfocbkqsfdzcfkgmn/SourcePackages/checkouts/swift-math-parser/Sources/MathParser/Token.swift (in target 'MathParser' from project 'swift-math-parser')
    cd /Users/rogerlin/XCode-Projects/FinancialCalculatorKit-5.0-updated-accent-colors/FinancialCalculatorKit.xcodeproj
    

/Applications/Xcode.app/Contents/Developer/Toolchains/XcodeDefault.xctoolchain/usr/bin/swift-frontend -frontend -c /Users/rogerlin/Library/Developer/Xcode/DerivedData/FinancialCalculatorKit-ackorybalcxbfocbkqsfdzcfkgmn/SourcePackages/checkouts/swift-math-parser/Sources/MathParser/Dictionary-extension.swift /Users/rogerlin/Library/Developer/Xcode/DerivedData/FinancialCalculatorKit-ackorybalcxbfocbkqsfdzcfkgmn/SourcePackages/checkouts/swift-math-parser/Sources/MathParser/Double-extension.swift /Users/rogerlin/Library/Developer/Xcode/DerivedData/FinancialCalculatorKit-ackorybalcxbfocbkqsfdzcfkgmn/SourcePackages/checkouts/swift-math-parser/Sources/MathParser/Evaluator.swift /Users/rogerlin/Library/Developer/Xcode/DerivedData/FinancialCalculatorKit-ackorybalcxbfocbkqsfdzcfkgmn/SourcePackages/checkouts/swift-math-parser/Sources/MathParser/InfixOperation.swift /Users/rogerlin/Library/Developer/Xcode/DerivedData/FinancialCalculatorKit-ackorybalcxbfocbkqsfdzcfkgmn/SourcePackages/checkouts/swift-math-parser/Sources/MathParser/MathParser.swift /Users/rogerlin/Library/Developer/Xcode/DerivedData/FinancialCalculatorKit-ackorybalcxbfocbkqsfdzcfkgmn/SourcePackages/checkouts/swift-math-parser/Sources/MathParser/MathParserError.swift -primary-file /Users/rogerlin/Library/Developer/Xcode/DerivedData/FinancialCalculatorKit-ackorybalcxbfocbkqsfdzcfkgmn/SourcePackages/checkouts/swift-math-parser/Sources/MathParser/Token.swift /Users/rogerlin/Library/Developer/Xcode/DerivedData/FinancialCalculatorKit-ackorybalcxbfocbkqsfdzcfkgmn/SourcePackages/checkouts/swift-math-parser/Sources/MathParser/Utils.swift -emit-dependencies-path /Users/rogerlin/Library/Developer/Xcode/DerivedData/FinancialCalculatorKit-ackorybalcxbfocbkqsfdzcfkgmn/Build/Intermediates.noindex/swift-math-parser.build/Debug/MathParser.build/Objects-normal/arm64/Token.d -emit-const-values-path /Users/rogerlin/Library/Developer/Xcode/DerivedData/FinancialCalculatorKit-ackorybalcxbfocbkqsfdzcfkgmn/Build/Intermediates.noindex/swift-math-parser.build/Debug/MathParser.build/Objects-normal/arm64/Token.swiftconstvalues -emit-reference-dependencies-path /Users/rogerlin/Library/Developer/Xcode/DerivedData/FinancialCalculatorKit-ackorybalcxbfocbkqsfdzcfkgmn/Build/Intermediates.noindex/swift-math-parser.build/Debug/MathParser.build/Objects-normal/arm64/Token.swiftdeps -serialize-diagnostics-path /Users/rogerlin/Library/Developer/Xcode/DerivedData/FinancialCalculatorKit-ackorybalcxbfocbkqsfdzcfkgmn/Build/Intermediates.noindex/swift-math-parser.build/Debug/MathParser.build/Objects-normal/arm64/Token.dia -target arm64-apple-macos10.15 -module-can-import-version Darwin 347.40.2 0 -load-resolved-plugin \#/Users/rogerlin/Library/Developer/Xcode/DerivedData/FinancialCalculatorKit-ackorybalcxbfocbkqsfdzcfkgmn/Build/Products/Debug/CasePathsMacros\#CasePathsMacros -load-resolved-plugin /Applications/Xcode.app/Contents/Developer/Platforms/MacOSX.platform/Developer/usr/lib/swift/host/plugins/libFoundationMacros.dylib\#/Applications/Xcode.app/Contents/Developer/Platforms/MacOSX.platform/Developer/usr/bin/swift-plugin-server\#FoundationMacros -load-resolved-plugin /Applications/Xcode.app/Contents/Developer/Platforms/MacOSX.platform/Developer/usr/lib/swift/host/plugins/libObservationMacros.dylib\#/Applications/Xcode.app/Contents/Developer/Platforms/MacOSX.platform/Developer/usr/bin/swift-plugin-server\#ObservationMacros -load-resolved-plugin /Applications/Xcode.app/Contents/Developer/Platforms/MacOSX.platform/Developer/usr/lib/swift/host/plugins/libSwiftMacros.dylib\#/Applications/Xcode.app/Contents/Developer/Platforms/MacOSX.platform/Developer/usr/bin/swift-plugin-server\#SwiftMacros -disable-implicit-swift-modules -Xcc -fno-implicit-modules -Xcc -fno-implicit-module-maps -explicit-swift-module-map-file /Users/rogerlin/Library/Developer/Xcode/DerivedData/FinancialCalculatorKit-ackorybalcxbfocbkqsfdzcfkgmn/Build/Intermediates.noindex/swift-math-parser.build/Debug/MathParser.build/Objects-normal/arm64/MathParser-dependencies-1.json -Xllvm -aarch64-use-tbi -enable-objc-interop -stack-check -sdk /Applications/Xcode.app/Contents/Developer/Platforms/MacOSX.platform/Developer/SDKs/MacOSX26.1.sdk -I /Users/rogerlin/Library/Developer/Xcode/DerivedData/FinancialCalculatorKit-ackorybalcxbfocbkqsfdzcfkgmn/Build/Products/Debug -Isystem /Applications/Xcode.app/Contents/Developer/Platforms/MacOSX.platform/Developer/usr/lib -F /Users/rogerlin/Library/Developer/Xcode/DerivedData/FinancialCalculatorKit-ackorybalcxbfocbkqsfdzcfkgmn/Build/Products/Debug/PackageFrameworks -F /Users/rogerlin/Library/Developer/Xcode/DerivedData/FinancialCalculatorKit-ackorybalcxbfocbkqsfdzcfkgmn/Build/Products/Debug/PackageFrameworks -F /Users/rogerlin/Library/Developer/Xcode/DerivedData/FinancialCalculatorKit-ackorybalcxbfocbkqsfdzcfkgmn/Build/Products/Debug/PackageFrameworks -F /Users/rogerlin/Library/Developer/Xcode/DerivedData/FinancialCalculatorKit-ackorybalcxbfocbkqsfdzcfkgmn/Build/Products/Debug/PackageFrameworks -F /Users/rogerlin/Library/Developer/Xcode/DerivedData/FinancialCalculatorKit-ackorybalcxbfocbkqsfdzcfkgmn/Build/Products/Debug/PackageFrameworks -F /Users/rogerlin/Library/Developer/Xcode/DerivedData/FinancialCalculatorKit-ackorybalcxbfocbkqsfdzcfkgmn/Build/Products/Debug -F /Applications/Xcode.app/Contents/Developer/Platforms/MacOSX.platform/Developer/Library/Frameworks -no-color-diagnostics -Xcc -fno-color-diagnostics -enable-testing -g -debug-info-format\=dwarf -dwarf-version\=4 -module-cache-path /Users/rogerlin/Library/Developer/Xcode/DerivedData/FinancialCalculatorKit-ackorybalcxbfocbkqsfdzcfkgmn/Build/Intermediates.noindex/SwiftExplicitPrecompiledModules -suppress-warnings -profile-generate -profile-coverage-mapping -swift-version 5 -enforce-exclusivity\=checked -Onone -D SWIFT_PACKAGE -D DEBUG -D SWIFT_MODULE_RESOURCE_BUNDLE_UNAVAILABLE -D Xcode -serialize-debugging-options -load-plugin-executable /Users/rogerlin/Library/Developer/Xcode/DerivedData/FinancialCalculatorKit-ackorybalcxbfocbkqsfdzcfkgmn/Build/Products/Debug/CasePathsMacros\#CasePathsMacros -const-gather-protocols-file /Users/rogerlin/Library/Developer/Xcode/DerivedData/FinancialCalculatorKit-ackorybalcxbfocbkqsfdzcfkgmn/Build/Intermediates.noindex/swift-math-parser.build/Debug/MathParser.build/Objects-normal/arm64/MathParser_const_extract_protocols.json -enable-experimental-feature DebugDescriptionMacro -empty-abi-descriptor -validate-clang-modules-once -clang-build-session-file /Users/rogerlin/Library/Developer/Xcode/DerivedData/ModuleCache.noindex/Session.modulevalidation -Xcc -working-directory -Xcc /Users/rogerlin/XCode-Projects/FinancialCalculatorKit-5.0-updated-accent-colors/FinancialCalculatorKit.xcodeproj -enable-anonymous-context-mangled-names -file-compilation-dir /Users/rogerlin/XCode-Projects/FinancialCalculatorKit-5.0-updated-accent-colors/FinancialCalculatorKit.xcodeproj -Xcc -D_LIBCPP_HARDENING_MODE\=_LIBCPP_HARDENING_MODE_DEBUG -Xcc -ivfsstatcache -Xcc /Users/rogerlin/Library/Developer/Xcode/DerivedData/SDKStatCaches.noindex/macosx26.1-25B74-3ae1261907bdadc328169391a47051a6.sdkstatcache -Xcc -I/Users/rogerlin/Library/Developer/Xcode/DerivedData/FinancialCalculatorKit-ackorybalcxbfocbkqsfdzcfkgmn/Build/Intermediates.noindex/swift-math-parser.build/Debug/MathParser.build/swift-overrides.hmap -Xcc -I/Users/rogerlin/Library/Developer/Xcode/DerivedData/FinancialCalculatorKit-ackorybalcxbfocbkqsfdzcfkgmn/Build/Products/Debug/include -Xcc -I/Users/rogerlin/Library/Developer/Xcode/DerivedData/FinancialCalculatorKit-ackorybalcxbfocbkqsfdzcfkgmn/Build/Intermediates.noindex/swift-math-parser.build/Debug/MathParser.build/DerivedSources-normal/arm64 -Xcc -I/Users/rogerlin/Library/Developer/Xcode/DerivedData/FinancialCalculatorKit-ackorybalcxbfocbkqsfdzcfkgmn/Build/Intermediates.noindex/swift-math-parser.build/Debug/MathParser.build/DerivedSources/arm64 -Xcc -I/Users/rogerlin/Library/Developer/Xcode/DerivedData/FinancialCalculatorKit-ackorybalcxbfocbkqsfdzcfkgmn/Build/Intermediates.noindex/swift-math-parser.build/Debug/MathParser.build/DerivedSources -Xcc -DSWIFT_PACKAGE -Xcc -DDEBUG\=1 -no-auto-bridging-header-chaining -module-name MathParser -frontend-parseable-output -disable-clang-spi -target-sdk-version 26.1 -target-sdk-name macosx26.1 -clang-target arm64-apple-macos26.1 -in-process-plugin-server-path /Applications/Xcode.app/Contents/Developer/Toolchains/XcodeDefault.xctoolchain/usr/lib/swift/host/libSwiftInProcPluginServer.dylib -o /Users/rogerlin/Library/Developer/Xcode/DerivedData/FinancialCalculatorKit-ackorybalcxbfocbkqsfdzcfkgmn/Build/Intermediates.noindex/swift-math-parser.build/Debug/MathParser.build/Objects-normal/arm64/Token.o -index-unit-output-path /swift-math-parser.build/Debug/MathParser.build/Objects-normal/arm64/Token.o -index-store-path /Users/rogerlin/Library/Developer/Xcode/DerivedData/FinancialCalculatorKit-ackorybalcxbfocbkqsfdzcfkgmn/Index.noindex/DataStore -index-system-modules
SwiftEmitModule normal arm64 Emitting\ module\ for\ MathParser (in target 'MathParser' from project 'swift-math-parser')
EmitSwiftModule normal arm64 (in target 'MathParser' from project 'swift-math-parser')
    cd /Users/rogerlin/XCode-Projects/FinancialCalculatorKit-5.0-updated-accent-colors/FinancialCalculatorKit.xcodeproj
    

/Applications/Xcode.app/Contents/Developer/Toolchains/XcodeDefault.xctoolchain/usr/bin/swift-frontend -frontend -emit-module -experimental-skip-non-inlinable-function-bodies-without-types /Users/rogerlin/Library/Developer/Xcode/DerivedData/FinancialCalculatorKit-ackorybalcxbfocbkqsfdzcfkgmn/SourcePackages/checkouts/swift-math-parser/Sources/MathParser/Dictionary-extension.swift /Users/rogerlin/Library/Developer/Xcode/DerivedData/FinancialCalculatorKit-ackorybalcxbfocbkqsfdzcfkgmn/SourcePackages/checkouts/swift-math-parser/Sources/MathParser/Double-extension.swift /Users/rogerlin/Library/Developer/Xcode/DerivedData/FinancialCalculatorKit-ackorybalcxbfocbkqsfdzcfkgmn/SourcePackages/checkouts/swift-math-parser/Sources/MathParser/Evaluator.swift /Users/rogerlin/Library/Developer/Xcode/DerivedData/FinancialCalculatorKit-ackorybalcxbfocbkqsfdzcfkgmn/SourcePackages/checkouts/swift-math-parser/Sources/MathParser/InfixOperation.swift /Users/rogerlin/Library/Developer/Xcode/DerivedData/FinancialCalculatorKit-ackorybalcxbfocbkqsfdzcfkgmn/SourcePackages/checkouts/swift-math-parser/Sources/MathParser/MathParser.swift /Users/rogerlin/Library/Developer/Xcode/DerivedData/FinancialCalculatorKit-ackorybalcxbfocbkqsfdzcfkgmn/SourcePackages/checkouts/swift-math-parser/Sources/MathParser/MathParserError.swift /Users/rogerlin/Library/Developer/Xcode/DerivedData/FinancialCalculatorKit-ackorybalcxbfocbkqsfdzcfkgmn/SourcePackages/checkouts/swift-math-parser/Sources/MathParser/Token.swift /Users/rogerlin/Library/Developer/Xcode/DerivedData/FinancialCalculatorKit-ackorybalcxbfocbkqsfdzcfkgmn/SourcePackages/checkouts/swift-math-parser/Sources/MathParser/Utils.swift -target arm64-apple-macos10.15 -module-can-import-version Darwin 347.40.2 0 -load-resolved-plugin \#/Users/rogerlin/Library/Developer/Xcode/DerivedData/FinancialCalculatorKit-ackorybalcxbfocbkqsfdzcfkgmn/Build/Products/Debug/CasePathsMacros\#CasePathsMacros -load-resolved-plugin /Applications/Xcode.app/Contents/Developer/Platforms/MacOSX.platform/Developer/usr/lib/swift/host/plugins/libFoundationMacros.dylib\#/Applications/Xcode.app/Contents/Developer/Platforms/MacOSX.platform/Developer/usr/bin/swift-plugin-server\#FoundationMacros -load-resolved-plugin /Applications/Xcode.app/Contents/Developer/Platforms/MacOSX.platform/Developer/usr/lib/swift/host/plugins/libObservationMacros.dylib\#/Applications/Xcode.app/Contents/Developer/Platforms/MacOSX.platform/Developer/usr/bin/swift-plugin-server\#ObservationMacros -load-resolved-plugin /Applications/Xcode.app/Contents/Developer/Platforms/MacOSX.platform/Developer/usr/lib/swift/host/plugins/libSwiftMacros.dylib\#/Applications/Xcode.app/Contents/Developer/Platforms/MacOSX.platform/Developer/usr/bin/swift-plugin-server\#SwiftMacros -disable-implicit-swift-modules -Xcc -fno-implicit-modules -Xcc -fno-implicit-module-maps -explicit-swift-module-map-file /Users/rogerlin/Library/Developer/Xcode/DerivedData/FinancialCalculatorKit-ackorybalcxbfocbkqsfdzcfkgmn/Build/Intermediates.noindex/swift-math-parser.build/Debug/MathParser.build/Objects-normal/arm64/MathParser-dependencies-1.json -Xllvm -aarch64-use-tbi -enable-objc-interop -stack-check -sdk /Applications/Xcode.app/Contents/Developer/Platforms/MacOSX.platform/Developer/SDKs/MacOSX26.1.sdk -I /Users/rogerlin/Library/Developer/Xcode/DerivedData/FinancialCalculatorKit-ackorybalcxbfocbkqsfdzcfkgmn/Build/Products/Debug -Isystem /Applications/Xcode.app/Contents/Developer/Platforms/MacOSX.platform/Developer/usr/lib -F /Users/rogerlin/Library/Developer/Xcode/DerivedData/FinancialCalculatorKit-ackorybalcxbfocbkqsfdzcfkgmn/Build/Products/Debug/PackageFrameworks -F /Users/rogerlin/Library/Developer/Xcode/DerivedData/FinancialCalculatorKit-ackorybalcxbfocbkqsfdzcfkgmn/Build/Products/Debug/PackageFrameworks -F /Users/rogerlin/Library/Developer/Xcode/DerivedData/FinancialCalculatorKit-ackorybalcxbfocbkqsfdzcfkgmn/Build/Products/Debug/PackageFrameworks -F /Users/rogerlin/Library/Developer/Xcode/DerivedData/FinancialCalculatorKit-ackorybalcxbfocbkqsfdzcfkgmn/Build/Products/Debug/PackageFrameworks -F /Users/rogerlin/Library/Developer/Xcode/DerivedData/FinancialCalculatorKit-ackorybalcxbfocbkqsfdzcfkgmn/Build/Products/Debug/PackageFrameworks -F /Users/rogerlin/Library/Developer/Xcode/DerivedData/FinancialCalculatorKit-ackorybalcxbfocbkqsfdzcfkgmn/Build/Products/Debug -F /Applications/Xcode.app/Contents/Developer/Platforms/MacOSX.platform/Developer/Library/Frameworks -no-color-diagnostics -Xcc -fno-color-diagnostics -enable-testing -g -debug-info-format\=dwarf -dwarf-version\=4 -module-cache-path /Users/rogerlin/Library/Developer/Xcode/DerivedData/FinancialCalculatorKit-ackorybalcxbfocbkqsfdzcfkgmn/Build/Intermediates.noindex/SwiftExplicitPrecompiledModules -suppress-warnings -profile-generate -profile-coverage-mapping -swift-version 5 -enforce-exclusivity\=checked -Onone -D SWIFT_PACKAGE -D DEBUG -D SWIFT_MODULE_RESOURCE_BUNDLE_UNAVAILABLE -D Xcode -serialize-debugging-options -load-plugin-executable /Users/rogerlin/Library/Developer/Xcode/DerivedData/FinancialCalculatorKit-ackorybalcxbfocbkqsfdzcfkgmn/Build/Products/Debug/CasePathsMacros\#CasePathsMacros -const-gather-protocols-file /Users/rogerlin/Library/Developer/Xcode/DerivedData/FinancialCalculatorKit-ackorybalcxbfocbkqsfdzcfkgmn/Build/Intermediates.noindex/swift-math-parser.build/Debug/MathParser.build/Objects-normal/arm64/MathParser_const_extract_protocols.json -enable-experimental-feature DebugDescriptionMacro -empty-abi-descriptor -validate-clang-modules-once -clang-build-session-file /Users/rogerlin/Library/Developer/Xcode/DerivedData/ModuleCache.noindex/Session.modulevalidation -Xcc -working-directory -Xcc /Users/rogerlin/XCode-Projects/FinancialCalculatorKit-5.0-updated-accent-colors/FinancialCalculatorKit.xcodeproj -enable-anonymous-context-mangled-names -file-compilation-dir /Users/rogerlin/XCode-Projects/FinancialCalculatorKit-5.0-updated-accent-colors/FinancialCalculatorKit.xcodeproj -Xcc -D_LIBCPP_HARDENING_MODE\=_LIBCPP_HARDENING_MODE_DEBUG -Xcc -ivfsstatcache -Xcc /Users/rogerlin/Library/Developer/Xcode/DerivedData/SDKStatCaches.noindex/macosx26.1-25B74-3ae1261907bdadc328169391a47051a6.sdkstatcache -Xcc -I/Users/rogerlin/Library/Developer/Xcode/DerivedData/FinancialCalculatorKit-ackorybalcxbfocbkqsfdzcfkgmn/Build/Intermediates.noindex/swift-math-parser.build/Debug/MathParser.build/swift-overrides.hmap -Xcc -I/Users/rogerlin/Library/Developer/Xcode/DerivedData/FinancialCalculatorKit-ackorybalcxbfocbkqsfdzcfkgmn/Build/Products/Debug/include -Xcc -I/Users/rogerlin/Library/Developer/Xcode/DerivedData/FinancialCalculatorKit-ackorybalcxbfocbkqsfdzcfkgmn/Build/Intermediates.noindex/swift-math-parser.build/Debug/MathParser.build/DerivedSources-normal/arm64 -Xcc -I/Users/rogerlin/Library/Developer/Xcode/DerivedData/FinancialCalculatorKit-ackorybalcxbfocbkqsfdzcfkgmn/Build/Intermediates.noindex/swift-math-parser.build/Debug/MathParser.build/DerivedSources/arm64 -Xcc -I/Users/rogerlin/Library/Developer/Xcode/DerivedData/FinancialCalculatorKit-ackorybalcxbfocbkqsfdzcfkgmn/Build/Intermediates.noindex/swift-math-parser.build/Debug/MathParser.build/DerivedSources -Xcc -DSWIFT_PACKAGE -Xcc -DDEBUG\=1 -no-auto-bridging-header-chaining -module-name MathParser -frontend-parseable-output -disable-clang-spi -target-sdk-version 26.1 -target-sdk-name macosx26.1 -clang-target arm64-apple-macos26.1 -in-process-plugin-server-path /Applications/Xcode.app/Contents/Developer/Toolchains/XcodeDefault.xctoolchain/usr/lib/swift/host/libSwiftInProcPluginServer.dylib -emit-module-doc-path /Users/rogerlin/Library/Developer/Xcode/DerivedData/FinancialCalculatorKit-ackorybalcxbfocbkqsfdzcfkgmn/Build/Intermediates.noindex/swift-math-parser.build/Debug/MathParser.build/Objects-normal/arm64/MathParser.swiftdoc -emit-module-source-info-path /Users/rogerlin/Library/Developer/Xcode/DerivedData/FinancialCalculatorKit-ackorybalcxbfocbkqsfdzcfkgmn/Build/Intermediates.noindex/swift-math-parser.build/Debug/MathParser.build/Objects-normal/arm64/MathParser.swiftsourceinfo -emit-objc-header-path /Users/rogerlin/Library/Developer/Xcode/DerivedData/FinancialCalculatorKit-ackorybalcxbfocbkqsfdzcfkgmn/Build/Intermediates.noindex/swift-math-parser.build/Debug/MathParser.build/Objects-normal/arm64/MathParser-Swift.h -serialize-diagnostics-path /Users/rogerlin/Library/Developer/Xcode/DerivedData/FinancialCalculatorKit-ackorybalcxbfocbkqsfdzcfkgmn/Build/Intermediates.noindex/swift-math-parser.build/Debug/MathParser.build/Objects-normal/arm64/MathParser-primary-emit-module.dia -emit-dependencies-path /Users/rogerlin/Library/Developer/Xcode/DerivedData/FinancialCalculatorKit-ackorybalcxbfocbkqsfdzcfkgmn/Build/Intermediates.noindex/swift-math-parser.build/Debug/MathParser.build/Objects-normal/arm64/MathParser-primary-emit-module.d -o /Users/rogerlin/Library/Developer/Xcode/DerivedData/FinancialCalculatorKit-ackorybalcxbfocbkqsfdzcfkgmn/Build/Intermediates.noindex/swift-math-parser.build/Debug/MathParser.build/Objects-normal/arm64/MathParser.swiftmodule -emit-abi-descriptor-path /Users/rogerlin/Library/Developer/Xcode/DerivedData/FinancialCalculatorKit-ackorybalcxbfocbkqsfdzcfkgmn/Build/Intermediates.noindex/swift-math-parser.build/Debug/MathParser.build/Objects-normal/arm64/MathParser.abi.json
SwiftCompile normal arm64 Compiling\ MathParserError.swift /Users/rogerlin/Library/Developer/Xcode/DerivedData/FinancialCalculatorKit-ackorybalcxbfocbkqsfdzcfkgmn/SourcePackages/checkouts/swift-math-parser/Sources/MathParser/MathParserError.swift (in target 'MathParser' from project 'swift-math-parser')
/Applications/Xcode.app/Contents/Developer/Toolchains/XcodeDefault.xctoolchain/usr/bin/swift-frontend -frontend -c /Users/rogerlin/Library/Developer/Xcode/DerivedData/FinancialCalculatorKit-ackorybalcxbfocbkqsfdzcfkgmn/SourcePackages/checkouts/swift-math-parser/Sources/MathParser/Dictionary-extension.swift /Users/rogerlin/Library/Developer/Xcode/DerivedData/FinancialCalculatorKit-ackorybalcxbfocbkqsfdzcfkgmn/SourcePackages/checkouts/swift-math-parser/Sources/MathParser/Double-extension.swift /Users/rogerlin/Library/Developer/Xcode/DerivedData/FinancialCalculatorKit-ackorybalcxbfocbkqsfdzcfkgmn/SourcePackages/checkouts/swift-math-parser/Sources/MathParser/Evaluator.swift /Users/rogerlin/Library/Developer/Xcode/DerivedData/FinancialCalculatorKit-ackorybalcxbfocbkqsfdzcfkgmn/SourcePackages/checkouts/swift-math-parser/Sources/MathParser/InfixOperation.swift /Users/rogerlin/Library/Developer/Xcode/DerivedData/FinancialCalculatorKit-ackorybalcxbfocbkqsfdzcfkgmn/SourcePackages/checkouts/swift-math-parser/Sources/MathParser/MathParser.swift -primary-file /Users/rogerlin/Library/Developer/Xcode/DerivedData/FinancialCalculatorKit-ackorybalcxbfocbkqsfdzcfkgmn/SourcePackages/checkouts/swift-math-parser/Sources/MathParser/MathParserError.swift /Users/rogerlin/Library/Developer/Xcode/DerivedData/FinancialCalculatorKit-ackorybalcxbfocbkqsfdzcfkgmn/SourcePackages/checkouts/swift-math-parser/Sources/MathParser/Token.swift /Users/rogerlin/Library/Developer/Xcode/DerivedData/FinancialCalculatorKit-ackorybalcxbfocbkqsfdzcfkgmn/SourcePackages/checkouts/swift-math-parser/Sources/MathParser/Utils.swift -emit-dependencies-path /Users/rogerlin/Library/Developer/Xcode/DerivedData/FinancialCalculatorKit-ackorybalcxbfocbkqsfdzcfkgmn/Build/Intermediates.noindex/swift-math-parser.build/Debug/MathParser.build/Objects-normal/arm64/MathParserError.d -emit-const-values-path /Users/rogerlin/Library/Developer/Xcode/DerivedData/FinancialCalculatorKit-ackorybalcxbfocbkqsfdzcfkgmn/Build/Intermediates.noindex/swift-math-parser.build/Debug/MathParser.build/Objects-normal/arm64/MathParserError.swiftconstvalues -emit-reference-dependencies-path /Users/rogerlin/Library/Developer/Xcode/DerivedData/FinancialCalculatorKit-ackorybalcxbfocbkqsfdzcfkgmn/Build/Intermediates.noindex/swift-math-parser.build/Debug/MathParser.build/Objects-normal/arm64/MathParserError.swiftdeps -serialize-diagnostics-path /Users/rogerlin/Library/Developer/Xcode/DerivedData/FinancialCalculatorKit-ackorybalcxbfocbkqsfdzcfkgmn/Build/Intermediates.noindex/swift-math-parser.build/Debug/MathParser.build/Objects-normal/arm64/MathParserError.dia -target arm64-apple-macos10.15 -module-can-import-version Darwin 347.40.2 0 -load-resolved-plugin \#/Users/rogerlin/Library/Developer/Xcode/DerivedData/FinancialCalculatorKit-ackorybalcxbfocbkqsfdzcfkgmn/Build/Products/Debug/CasePathsMacros\#CasePathsMacros -load-resolved-plugin /Applications/Xcode.app/Contents/Developer/Platforms/MacOSX.platform/Developer/usr/lib/swift/host/plugins/libFoundationMacros.dylib\#/Applications/Xcode.app/Contents/Developer/Platforms/MacOSX.platform/Developer/usr/bin/swift-plugin-server\#FoundationMacros -load-resolved-plugin /Applications/Xcode.app/Contents/Developer/Platforms/MacOSX.platform/Developer/usr/lib/swift/host/plugins/libObservationMacros.dylib\#/Applications/Xcode.app/Contents/Developer/Platforms/MacOSX.platform/Developer/usr/bin/swift-plugin-server\#ObservationMacros -load-resolved-plugin /Applications/Xcode.app/Contents/Developer/Platforms/MacOSX.platform/Developer/usr/lib/swift/host/plugins/libSwiftMacros.dylib\#/Applications/Xcode.app/Contents/Developer/Platforms/MacOSX.platform/Developer/usr/bin/swift-plugin-server\#SwiftMacros -disable-implicit-swift-modules -Xcc -fno-implicit-modules -Xcc -fno-implicit-module-maps -explicit-swift-module-map-file /Users/rogerlin/Library/Developer/Xcode/DerivedData/FinancialCalculatorKit-ackorybalcxbfocbkqsfdzcfkgmn/Build/Intermediates.noindex/swift-math-parser.build/Debug/MathParser.build/Objects-normal/arm64/MathParser-dependencies-1.json -Xllvm -aarch64-use-tbi -enable-objc-interop -stack-check -sdk /Applications/Xcode.app/Contents/Developer/Platforms/MacOSX.platform/Developer/SDKs/MacOSX26.1.sdk -I /Users/rogerlin/Library/Developer/Xcode/DerivedData/FinancialCalculatorKit-ackorybalcxbfocbkqsfdzcfkgmn/Build/Products/Debug -Isystem /Applications/Xcode.app/Contents/Developer/Platforms/MacOSX.platform/Developer/usr/lib -F /Users/rogerlin/Library/Developer/Xcode/DerivedData/FinancialCalculatorKit-ackorybalcxbfocbkqsfdzcfkgmn/Build/Products/Debug/PackageFrameworks -F /Users/rogerlin/Library/Developer/Xcode/DerivedData/FinancialCalculatorKit-ackorybalcxbfocbkqsfdzcfkgmn/Build/Products/Debug/PackageFrameworks -F /Users/rogerlin/Library/Developer/Xcode/DerivedData/FinancialCalculatorKit-ackorybalcxbfocbkqsfdzcfkgmn/Build/Products/Debug/PackageFrameworks -F /Users/rogerlin/Library/Developer/Xcode/DerivedData/FinancialCalculatorKit-ackorybalcxbfocbkqsfdzcfkgmn/Build/Products/Debug/PackageFrameworks -F /Users/rogerlin/Library/Developer/Xcode/DerivedData/FinancialCalculatorKit-ackorybalcxbfocbkqsfdzcfkgmn/Build/Products/Debug/PackageFrameworks -F /Users/rogerlin/Library/Developer/Xcode/DerivedData/FinancialCalculatorKit-ackorybalcxbfocbkqsfdzcfkgmn/Build/Products/Debug -F /Applications/Xcode.app/Contents/Developer/Platforms/MacOSX.platform/Developer/Library/Frameworks -no-color-diagnostics -Xcc -fno-color-diagnostics -enable-testing -g -debug-info-format\=dwarf -dwarf-version\=4 -module-cache-path /Users/rogerlin/Library/Developer/Xcode/DerivedData/FinancialCalculatorKit-ackorybalcxbfocbkqsfdzcfkgmn/Build/Intermediates.noindex/SwiftExplicitPrecompiledModules -suppress-warnings -profile-generate -profile-coverage-mapping -swift-version 5 -enforce-exclusivity\=checked -Onone -D SWIFT_PACKAGE -D DEBUG -D SWIFT_MODULE_RESOURCE_BUNDLE_UNAVAILABLE -D Xcode -serialize-debugging-options -load-plugin-executable /Users/rogerlin/Library/Developer/Xcode/DerivedData/FinancialCalculatorKit-ackorybalcxbfocbkqsfdzcfkgmn/Build/Products/Debug/CasePathsMacros\#CasePathsMacros -const-gather-protocols-file /Users/rogerlin/Library/Developer/Xcode/DerivedData/FinancialCalculatorKit-ackorybalcxbfocbkqsfdzcfkgmn/Build/Intermediates.noindex/swift-math-parser.build/Debug/MathParser.build/Objects-normal/arm64/MathParser_const_extract_protocols.json -enable-experimental-feature DebugDescriptionMacro -empty-abi-descriptor -validate-clang-modules-once -clang-build-session-file /Users/rogerlin/Library/Developer/Xcode/DerivedData/ModuleCache.noindex/Session.modulevalidation -Xcc -working-directory -Xcc /Users/rogerlin/XCode-Projects/FinancialCalculatorKit-5.0-updated-accent-colors/FinancialCalculatorKit.xcodeproj -enable-anonymous-context-mangled-names -file-compilation-dir /Users/rogerlin/XCode-Projects/FinancialCalculatorKit-5.0-updated-accent-colors/FinancialCalculatorKit.xcodeproj -Xcc -D_LIBCPP_HARDENING_MODE\=_LIBCPP_HARDENING_MODE_DEBUG -Xcc -ivfsstatcache -Xcc /Users/rogerlin/Library/Developer/Xcode/DerivedData/SDKStatCaches.noindex/macosx26.1-25B74-3ae1261907bdadc328169391a47051a6.sdkstatcache -Xcc -I/Users/rogerlin/Library/Developer/Xcode/DerivedData/FinancialCalculatorKit-ackorybalcxbfocbkqsfdzcfkgmn/Build/Intermediates.noindex/swift-math-parser.build/Debug/MathParser.build/swift-overrides.hmap -Xcc -I/Users/rogerlin/Library/Developer/Xcode/DerivedData/FinancialCalculatorKit-ackorybalcxbfocbkqsfdzcfkgmn/Build/Products/Debug/include -Xcc -I/Users/rogerlin/Library/Developer/Xcode/DerivedData/FinancialCalculatorKit-ackorybalcxbfocbkqsfdzcfkgmn/Build/Intermediates.noindex/swift-math-parser.build/Debug/MathParser.build/DerivedSources-normal/arm64 -Xcc -I/Users/rogerlin/Library/Developer/Xcode/DerivedData/FinancialCalculatorKit-ackorybalcxbfocbkqsfdzcfkgmn/Build/Intermediates.noindex/swift-math-parser.build/Debug/MathParser.build/DerivedSources/arm64 -Xcc -I/Users/rogerlin/Library/Developer/Xcode/DerivedData/FinancialCalculatorKit-ackorybalcxbfocbkqsfdzcfkgmn/Build/Intermediates.noindex/swift-math-parser.build/Debug/MathParser.build/DerivedSources -Xcc -DSWIFT_PACKAGE -Xcc -DDEBUG\=1 -no-auto-bridging-header-chaining -module-name MathParser -frontend-parseable-output -disable-clang-spi -target-sdk-version 26.1 -target-sdk-name macosx26.1 -clang-target arm64-apple-macos26.1 -in-process-plugin-server-path /Applications/Xcode.app/Contents/Developer/Toolchains/XcodeDefault.xctoolchain/usr/lib/swift/host/libSwiftInProcPluginServer.dylib -o /Users/rogerlin/Library/Developer/Xcode/DerivedData/FinancialCalculatorKit-ackorybalcxbfocbkqsfdzcfkgmn/Build/Intermediates.noindex/swift-math-parser.build/Debug/MathParser.build/Objects-normal/arm64/MathParserError.o -index-unit-output-path /swift-math-parser.build/Debug/MathParser.build/Objects-normal/arm64/MathParserError.o -index-store-path /Users/rogerlin/Library/Developer/Xcode/DerivedData/FinancialCalculatorKit-ackorybalcxbfocbkqsfdzcfkgmn/Index.noindex/DataStore -index-system-modules

SwiftCompile normal arm64 /Users/rogerlin/Library/Developer/Xcode/DerivedData/FinancialCalculatorKit-ackorybalcxbfocbkqsfdzcfkgmn/SourcePackages/checkouts/swift-math-parser/Sources/MathParser/MathParserError.swift (in target 'MathParser' from project 'swift-math-parser')
    cd /Users/rogerlin/XCode-Projects/FinancialCalculatorKit-5.0-updated-accent-colors/FinancialCalculatorKit.xcodeproj
    

SwiftCompile normal arm64 Compiling\ MathParser.swift /Users/rogerlin/Library/Developer/Xcode/DerivedData/FinancialCalculatorKit-ackorybalcxbfocbkqsfdzcfkgmn/SourcePackages/checkouts/swift-math-parser/Sources/MathParser/MathParser.swift (in target 'MathParser' from project 'swift-math-parser')
SwiftCompile normal arm64 /Users/rogerlin/Library/Developer/Xcode/DerivedData/FinancialCalculatorKit-ackorybalcxbfocbkqsfdzcfkgmn/SourcePackages/checkouts/swift-math-parser/Sources/MathParser/MathParser.swift (in target 'MathParser' from project 'swift-math-parser')
    cd /Users/rogerlin/XCode-Projects/FinancialCalculatorKit-5.0-updated-accent-colors/FinancialCalculatorKit.xcodeproj
    

/Applications/Xcode.app/Contents/Developer/Toolchains/XcodeDefault.xctoolchain/usr/bin/swift-frontend -frontend -c /Users/rogerlin/Library/Developer/Xcode/DerivedData/FinancialCalculatorKit-ackorybalcxbfocbkqsfdzcfkgmn/SourcePackages/checkouts/swift-math-parser/Sources/MathParser/Dictionary-extension.swift /Users/rogerlin/Library/Developer/Xcode/DerivedData/FinancialCalculatorKit-ackorybalcxbfocbkqsfdzcfkgmn/SourcePackages/checkouts/swift-math-parser/Sources/MathParser/Double-extension.swift /Users/rogerlin/Library/Developer/Xcode/DerivedData/FinancialCalculatorKit-ackorybalcxbfocbkqsfdzcfkgmn/SourcePackages/checkouts/swift-math-parser/Sources/MathParser/Evaluator.swift /Users/rogerlin/Library/Developer/Xcode/DerivedData/FinancialCalculatorKit-ackorybalcxbfocbkqsfdzcfkgmn/SourcePackages/checkouts/swift-math-parser/Sources/MathParser/InfixOperation.swift -primary-file /Users/rogerlin/Library/Developer/Xcode/DerivedData/FinancialCalculatorKit-ackorybalcxbfocbkqsfdzcfkgmn/SourcePackages/checkouts/swift-math-parser/Sources/MathParser/MathParser.swift /Users/rogerlin/Library/Developer/Xcode/DerivedData/FinancialCalculatorKit-ackorybalcxbfocbkqsfdzcfkgmn/SourcePackages/checkouts/swift-math-parser/Sources/MathParser/MathParserError.swift /Users/rogerlin/Library/Developer/Xcode/DerivedData/FinancialCalculatorKit-ackorybalcxbfocbkqsfdzcfkgmn/SourcePackages/checkouts/swift-math-parser/Sources/MathParser/Token.swift /Users/rogerlin/Library/Developer/Xcode/DerivedData/FinancialCalculatorKit-ackorybalcxbfocbkqsfdzcfkgmn/SourcePackages/checkouts/swift-math-parser/Sources/MathParser/Utils.swift -emit-dependencies-path /Users/rogerlin/Library/Developer/Xcode/DerivedData/FinancialCalculatorKit-ackorybalcxbfocbkqsfdzcfkgmn/Build/Intermediates.noindex/swift-math-parser.build/Debug/MathParser.build/Objects-normal/arm64/MathParser.d -emit-const-values-path /Users/rogerlin/Library/Developer/Xcode/DerivedData/FinancialCalculatorKit-ackorybalcxbfocbkqsfdzcfkgmn/Build/Intermediates.noindex/swift-math-parser.build/Debug/MathParser.build/Objects-normal/arm64/MathParser.swiftconstvalues -emit-reference-dependencies-path /Users/rogerlin/Library/Developer/Xcode/DerivedData/FinancialCalculatorKit-ackorybalcxbfocbkqsfdzcfkgmn/Build/Intermediates.noindex/swift-math-parser.build/Debug/MathParser.build/Objects-normal/arm64/MathParser.swiftdeps -serialize-diagnostics-path /Users/rogerlin/Library/Developer/Xcode/DerivedData/FinancialCalculatorKit-ackorybalcxbfocbkqsfdzcfkgmn/Build/Intermediates.noindex/swift-math-parser.build/Debug/MathParser.build/Objects-normal/arm64/MathParser.dia -target arm64-apple-macos10.15 -module-can-import-version Darwin 347.40.2 0 -load-resolved-plugin \#/Users/rogerlin/Library/Developer/Xcode/DerivedData/FinancialCalculatorKit-ackorybalcxbfocbkqsfdzcfkgmn/Build/Products/Debug/CasePathsMacros\#CasePathsMacros -load-resolved-plugin /Applications/Xcode.app/Contents/Developer/Platforms/MacOSX.platform/Developer/usr/lib/swift/host/plugins/libFoundationMacros.dylib\#/Applications/Xcode.app/Contents/Developer/Platforms/MacOSX.platform/Developer/usr/bin/swift-plugin-server\#FoundationMacros -load-resolved-plugin /Applications/Xcode.app/Contents/Developer/Platforms/MacOSX.platform/Developer/usr/lib/swift/host/plugins/libObservationMacros.dylib\#/Applications/Xcode.app/Contents/Developer/Platforms/MacOSX.platform/Developer/usr/bin/swift-plugin-server\#ObservationMacros -load-resolved-plugin /Applications/Xcode.app/Contents/Developer/Platforms/MacOSX.platform/Developer/usr/lib/swift/host/plugins/libSwiftMacros.dylib\#/Applications/Xcode.app/Contents/Developer/Platforms/MacOSX.platform/Developer/usr/bin/swift-plugin-server\#SwiftMacros -disable-implicit-swift-modules -Xcc -fno-implicit-modules -Xcc -fno-implicit-module-maps -explicit-swift-module-map-file /Users/rogerlin/Library/Developer/Xcode/DerivedData/FinancialCalculatorKit-ackorybalcxbfocbkqsfdzcfkgmn/Build/Intermediates.noindex/swift-math-parser.build/Debug/MathParser.build/Objects-normal/arm64/MathParser-dependencies-1.json -Xllvm -aarch64-use-tbi -enable-objc-interop -stack-check -sdk /Applications/Xcode.app/Contents/Developer/Platforms/MacOSX.platform/Developer/SDKs/MacOSX26.1.sdk -I /Users/rogerlin/Library/Developer/Xcode/DerivedData/FinancialCalculatorKit-ackorybalcxbfocbkqsfdzcfkgmn/Build/Products/Debug -Isystem /Applications/Xcode.app/Contents/Developer/Platforms/MacOSX.platform/Developer/usr/lib -F /Users/rogerlin/Library/Developer/Xcode/DerivedData/FinancialCalculatorKit-ackorybalcxbfocbkqsfdzcfkgmn/Build/Products/Debug/PackageFrameworks -F /Users/rogerlin/Library/Developer/Xcode/DerivedData/FinancialCalculatorKit-ackorybalcxbfocbkqsfdzcfkgmn/Build/Products/Debug/PackageFrameworks -F /Users/rogerlin/Library/Developer/Xcode/DerivedData/FinancialCalculatorKit-ackorybalcxbfocbkqsfdzcfkgmn/Build/Products/Debug/PackageFrameworks -F /Users/rogerlin/Library/Developer/Xcode/DerivedData/FinancialCalculatorKit-ackorybalcxbfocbkqsfdzcfkgmn/Build/Products/Debug/PackageFrameworks -F /Users/rogerlin/Library/Developer/Xcode/DerivedData/FinancialCalculatorKit-ackorybalcxbfocbkqsfdzcfkgmn/Build/Products/Debug/PackageFrameworks -F /Users/rogerlin/Library/Developer/Xcode/DerivedData/FinancialCalculatorKit-ackorybalcxbfocbkqsfdzcfkgmn/Build/Products/Debug -F /Applications/Xcode.app/Contents/Developer/Platforms/MacOSX.platform/Developer/Library/Frameworks -no-color-diagnostics -Xcc -fno-color-diagnostics -enable-testing -g -debug-info-format\=dwarf -dwarf-version\=4 -module-cache-path /Users/rogerlin/Library/Developer/Xcode/DerivedData/FinancialCalculatorKit-ackorybalcxbfocbkqsfdzcfkgmn/Build/Intermediates.noindex/SwiftExplicitPrecompiledModules -suppress-warnings -profile-generate -profile-coverage-mapping -swift-version 5 -enforce-exclusivity\=checked -Onone -D SWIFT_PACKAGE -D DEBUG -D SWIFT_MODULE_RESOURCE_BUNDLE_UNAVAILABLE -D Xcode -serialize-debugging-options -load-plugin-executable /Users/rogerlin/Library/Developer/Xcode/DerivedData/FinancialCalculatorKit-ackorybalcxbfocbkqsfdzcfkgmn/Build/Products/Debug/CasePathsMacros\#CasePathsMacros -const-gather-protocols-file /Users/rogerlin/Library/Developer/Xcode/DerivedData/FinancialCalculatorKit-ackorybalcxbfocbkqsfdzcfkgmn/Build/Intermediates.noindex/swift-math-parser.build/Debug/MathParser.build/Objects-normal/arm64/MathParser_const_extract_protocols.json -enable-experimental-feature DebugDescriptionMacro -empty-abi-descriptor -validate-clang-modules-once -clang-build-session-file /Users/rogerlin/Library/Developer/Xcode/DerivedData/ModuleCache.noindex/Session.modulevalidation -Xcc -working-directory -Xcc /Users/rogerlin/XCode-Projects/FinancialCalculatorKit-5.0-updated-accent-colors/FinancialCalculatorKit.xcodeproj -enable-anonymous-context-mangled-names -file-compilation-dir /Users/rogerlin/XCode-Projects/FinancialCalculatorKit-5.0-updated-accent-colors/FinancialCalculatorKit.xcodeproj -Xcc -D_LIBCPP_HARDENING_MODE\=_LIBCPP_HARDENING_MODE_DEBUG -Xcc -ivfsstatcache -Xcc /Users/rogerlin/Library/Developer/Xcode/DerivedData/SDKStatCaches.noindex/macosx26.1-25B74-3ae1261907bdadc328169391a47051a6.sdkstatcache -Xcc -I/Users/rogerlin/Library/Developer/Xcode/DerivedData/FinancialCalculatorKit-ackorybalcxbfocbkqsfdzcfkgmn/Build/Intermediates.noindex/swift-math-parser.build/Debug/MathParser.build/swift-overrides.hmap -Xcc -I/Users/rogerlin/Library/Developer/Xcode/DerivedData/FinancialCalculatorKit-ackorybalcxbfocbkqsfdzcfkgmn/Build/Products/Debug/include -Xcc -I/Users/rogerlin/Library/Developer/Xcode/DerivedData/FinancialCalculatorKit-ackorybalcxbfocbkqsfdzcfkgmn/Build/Intermediates.noindex/swift-math-parser.build/Debug/MathParser.build/DerivedSources-normal/arm64 -Xcc -I/Users/rogerlin/Library/Developer/Xcode/DerivedData/FinancialCalculatorKit-ackorybalcxbfocbkqsfdzcfkgmn/Build/Intermediates.noindex/swift-math-parser.build/Debug/MathParser.build/DerivedSources/arm64 -Xcc -I/Users/rogerlin/Library/Developer/Xcode/DerivedData/FinancialCalculatorKit-ackorybalcxbfocbkqsfdzcfkgmn/Build/Intermediates.noindex/swift-math-parser.build/Debug/MathParser.build/DerivedSources -Xcc -DSWIFT_PACKAGE -Xcc -DDEBUG\=1 -no-auto-bridging-header-chaining -module-name MathParser -frontend-parseable-output -disable-clang-spi -target-sdk-version 26.1 -target-sdk-name macosx26.1 -clang-target arm64-apple-macos26.1 -in-process-plugin-server-path /Applications/Xcode.app/Contents/Developer/Toolchains/XcodeDefault.xctoolchain/usr/lib/swift/host/libSwiftInProcPluginServer.dylib -o /Users/rogerlin/Library/Developer/Xcode/DerivedData/FinancialCalculatorKit-ackorybalcxbfocbkqsfdzcfkgmn/Build/Intermediates.noindex/swift-math-parser.build/Debug/MathParser.build/Objects-normal/arm64/MathParser.o -index-unit-output-path /swift-math-parser.build/Debug/MathParser.build/Objects-normal/arm64/MathParser.o -index-store-path /Users/rogerlin/Library/Developer/Xcode/DerivedData/FinancialCalculatorKit-ackorybalcxbfocbkqsfdzcfkgmn/Index.noindex/DataStore -index-system-modules
SwiftCompile normal arm64 Compiling\ InfixOperation.swift /Users/rogerlin/Library/Developer/Xcode/DerivedData/FinancialCalculatorKit-ackorybalcxbfocbkqsfdzcfkgmn/SourcePackages/checkouts/swift-math-parser/Sources/MathParser/InfixOperation.swift (in target 'MathParser' from project 'swift-math-parser')
/Applications/Xcode.app/Contents/Developer/Toolchains/XcodeDefault.xctoolchain/usr/bin/swift-frontend -frontend -c /Users/rogerlin/Library/Developer/Xcode/DerivedData/FinancialCalculatorKit-ackorybalcxbfocbkqsfdzcfkgmn/SourcePackages/checkouts/swift-math-parser/Sources/MathParser/Dictionary-extension.swift /Users/rogerlin/Library/Developer/Xcode/DerivedData/FinancialCalculatorKit-ackorybalcxbfocbkqsfdzcfkgmn/SourcePackages/checkouts/swift-math-parser/Sources/MathParser/Double-extension.swift /Users/rogerlin/Library/Developer/Xcode/DerivedData/FinancialCalculatorKit-ackorybalcxbfocbkqsfdzcfkgmn/SourcePackages/checkouts/swift-math-parser/Sources/MathParser/Evaluator.swift -primary-file /Users/rogerlin/Library/Developer/Xcode/DerivedData/FinancialCalculatorKit-ackorybalcxbfocbkqsfdzcfkgmn/SourcePackages/checkouts/swift-math-parser/Sources/MathParser/InfixOperation.swift /Users/rogerlin/Library/Developer/Xcode/DerivedData/FinancialCalculatorKit-ackorybalcxbfocbkqsfdzcfkgmn/SourcePackages/checkouts/swift-math-parser/Sources/MathParser/MathParser.swift /Users/rogerlin/Library/Developer/Xcode/DerivedData/FinancialCalculatorKit-ackorybalcxbfocbkqsfdzcfkgmn/SourcePackages/checkouts/swift-math-parser/Sources/MathParser/MathParserError.swift /Users/rogerlin/Library/Developer/Xcode/DerivedData/FinancialCalculatorKit-ackorybalcxbfocbkqsfdzcfkgmn/SourcePackages/checkouts/swift-math-parser/Sources/MathParser/Token.swift /Users/rogerlin/Library/Developer/Xcode/DerivedData/FinancialCalculatorKit-ackorybalcxbfocbkqsfdzcfkgmn/SourcePackages/checkouts/swift-math-parser/Sources/MathParser/Utils.swift -emit-dependencies-path /Users/rogerlin/Library/Developer/Xcode/DerivedData/FinancialCalculatorKit-ackorybalcxbfocbkqsfdzcfkgmn/Build/Intermediates.noindex/swift-math-parser.build/Debug/MathParser.build/Objects-normal/arm64/InfixOperation.d -emit-const-values-path /Users/rogerlin/Library/Developer/Xcode/DerivedData/FinancialCalculatorKit-ackorybalcxbfocbkqsfdzcfkgmn/Build/Intermediates.noindex/swift-math-parser.build/Debug/MathParser.build/Objects-normal/arm64/InfixOperation.swiftconstvalues -emit-reference-dependencies-path /Users/rogerlin/Library/Developer/Xcode/DerivedData/FinancialCalculatorKit-ackorybalcxbfocbkqsfdzcfkgmn/Build/Intermediates.noindex/swift-math-parser.build/Debug/MathParser.build/Objects-normal/arm64/InfixOperation.swiftdeps -serialize-diagnostics-path /Users/rogerlin/Library/Developer/Xcode/DerivedData/FinancialCalculatorKit-ackorybalcxbfocbkqsfdzcfkgmn/Build/Intermediates.noindex/swift-math-parser.build/Debug/MathParser.build/Objects-normal/arm64/InfixOperation.dia -target arm64-apple-macos10.15 -module-can-import-version Darwin 347.40.2 0 -load-resolved-plugin \#/Users/rogerlin/Library/Developer/Xcode/DerivedData/FinancialCalculatorKit-ackorybalcxbfocbkqsfdzcfkgmn/Build/Products/Debug/CasePathsMacros\#CasePathsMacros -load-resolved-plugin /Applications/Xcode.app/Contents/Developer/Platforms/MacOSX.platform/Developer/usr/lib/swift/host/plugins/libFoundationMacros.dylib\#/Applications/Xcode.app/Contents/Developer/Platforms/MacOSX.platform/Developer/usr/bin/swift-plugin-server\#FoundationMacros -load-resolved-plugin /Applications/Xcode.app/Contents/Developer/Platforms/MacOSX.platform/Developer/usr/lib/swift/host/plugins/libObservationMacros.dylib\#/Applications/Xcode.app/Contents/Developer/Platforms/MacOSX.platform/Developer/usr/bin/swift-plugin-server\#ObservationMacros -load-resolved-plugin /Applications/Xcode.app/Contents/Developer/Platforms/MacOSX.platform/Developer/usr/lib/swift/host/plugins/libSwiftMacros.dylib\#/Applications/Xcode.app/Contents/Developer/Platforms/MacOSX.platform/Developer/usr/bin/swift-plugin-server\#SwiftMacros -disable-implicit-swift-modules -Xcc -fno-implicit-modules -Xcc -fno-implicit-module-maps -explicit-swift-module-map-file /Users/rogerlin/Library/Developer/Xcode/DerivedData/FinancialCalculatorKit-ackorybalcxbfocbkqsfdzcfkgmn/Build/Intermediates.noindex/swift-math-parser.build/Debug/MathParser.build/Objects-normal/arm64/MathParser-dependencies-1.json -Xllvm -aarch64-use-tbi -enable-objc-interop -stack-check -sdk /Applications/Xcode.app/Contents/Developer/Platforms/MacOSX.platform/Developer/SDKs/MacOSX26.1.sdk -I /Users/rogerlin/Library/Developer/Xcode/DerivedData/FinancialCalculatorKit-ackorybalcxbfocbkqsfdzcfkgmn/Build/Products/Debug -Isystem /Applications/Xcode.app/Contents/Developer/Platforms/MacOSX.platform/Developer/usr/lib -F /Users/rogerlin/Library/Developer/Xcode/DerivedData/FinancialCalculatorKit-ackorybalcxbfocbkqsfdzcfkgmn/Build/Products/Debug/PackageFrameworks -F /Users/rogerlin/Library/Developer/Xcode/DerivedData/FinancialCalculatorKit-ackorybalcxbfocbkqsfdzcfkgmn/Build/Products/Debug/PackageFrameworks -F /Users/rogerlin/Library/Developer/Xcode/DerivedData/FinancialCalculatorKit-ackorybalcxbfocbkqsfdzcfkgmn/Build/Products/Debug/PackageFrameworks -F /Users/rogerlin/Library/Developer/Xcode/DerivedData/FinancialCalculatorKit-ackorybalcxbfocbkqsfdzcfkgmn/Build/Products/Debug/PackageFrameworks -F /Users/rogerlin/Library/Developer/Xcode/DerivedData/FinancialCalculatorKit-ackorybalcxbfocbkqsfdzcfkgmn/Build/Products/Debug/PackageFrameworks -F /Users/rogerlin/Library/Developer/Xcode/DerivedData/FinancialCalculatorKit-ackorybalcxbfocbkqsfdzcfkgmn/Build/Products/Debug -F /Applications/Xcode.app/Contents/Developer/Platforms/MacOSX.platform/Developer/Library/Frameworks -no-color-diagnostics -Xcc -fno-color-diagnostics -enable-testing -g -debug-info-format\=dwarf -dwarf-version\=4 -module-cache-path /Users/rogerlin/Library/Developer/Xcode/DerivedData/FinancialCalculatorKit-ackorybalcxbfocbkqsfdzcfkgmn/Build/Intermediates.noindex/SwiftExplicitPrecompiledModules -suppress-warnings -profile-generate -profile-coverage-mapping -swift-version 5 -enforce-exclusivity\=checked -Onone -D SWIFT_PACKAGE -D DEBUG -D SWIFT_MODULE_RESOURCE_BUNDLE_UNAVAILABLE -D Xcode -serialize-debugging-options -load-plugin-executable /Users/rogerlin/Library/Developer/Xcode/DerivedData/FinancialCalculatorKit-ackorybalcxbfocbkqsfdzcfkgmn/Build/Products/Debug/CasePathsMacros\#CasePathsMacros -const-gather-protocols-file /Users/rogerlin/Library/Developer/Xcode/DerivedData/FinancialCalculatorKit-ackorybalcxbfocbkqsfdzcfkgmn/Build/Intermediates.noindex/swift-math-parser.build/Debug/MathParser.build/Objects-normal/arm64/MathParser_const_extract_protocols.json -enable-experimental-feature DebugDescriptionMacro -empty-abi-descriptor -validate-clang-modules-once -clang-build-session-file /Users/rogerlin/Library/Developer/Xcode/DerivedData/ModuleCache.noindex/Session.modulevalidation -Xcc -working-directory -Xcc /Users/rogerlin/XCode-Projects/FinancialCalculatorKit-5.0-updated-accent-colors/FinancialCalculatorKit.xcodeproj -enable-anonymous-context-mangled-names -file-compilation-dir /Users/rogerlin/XCode-Projects/FinancialCalculatorKit-5.0-updated-accent-colors/FinancialCalculatorKit.xcodeproj -Xcc -D_LIBCPP_HARDENING_MODE\=_LIBCPP_HARDENING_MODE_DEBUG -Xcc -ivfsstatcache -Xcc /Users/rogerlin/Library/Developer/Xcode/DerivedData/SDKStatCaches.noindex/macosx26.1-25B74-3ae1261907bdadc328169391a47051a6.sdkstatcache -Xcc -I/Users/rogerlin/Library/Developer/Xcode/DerivedData/FinancialCalculatorKit-ackorybalcxbfocbkqsfdzcfkgmn/Build/Intermediates.noindex/swift-math-parser.build/Debug/MathParser.build/swift-overrides.hmap -Xcc -I/Users/rogerlin/Library/Developer/Xcode/DerivedData/FinancialCalculatorKit-ackorybalcxbfocbkqsfdzcfkgmn/Build/Products/Debug/include -Xcc -I/Users/rogerlin/Library/Developer/Xcode/DerivedData/FinancialCalculatorKit-ackorybalcxbfocbkqsfdzcfkgmn/Build/Intermediates.noindex/swift-math-parser.build/Debug/MathParser.build/DerivedSources-normal/arm64 -Xcc -I/Users/rogerlin/Library/Developer/Xcode/DerivedData/FinancialCalculatorKit-ackorybalcxbfocbkqsfdzcfkgmn/Build/Intermediates.noindex/swift-math-parser.build/Debug/MathParser.build/DerivedSources/arm64 -Xcc -I/Users/rogerlin/Library/Developer/Xcode/DerivedData/FinancialCalculatorKit-ackorybalcxbfocbkqsfdzcfkgmn/Build/Intermediates.noindex/swift-math-parser.build/Debug/MathParser.build/DerivedSources -Xcc -DSWIFT_PACKAGE -Xcc -DDEBUG\=1 -no-auto-bridging-header-chaining -module-name MathParser -frontend-parseable-output -disable-clang-spi -target-sdk-version 26.1 -target-sdk-name macosx26.1 -clang-target arm64-apple-macos26.1 -in-process-plugin-server-path /Applications/Xcode.app/Contents/Developer/Toolchains/XcodeDefault.xctoolchain/usr/lib/swift/host/libSwiftInProcPluginServer.dylib -o /Users/rogerlin/Library/Developer/Xcode/DerivedData/FinancialCalculatorKit-ackorybalcxbfocbkqsfdzcfkgmn/Build/Intermediates.noindex/swift-math-parser.build/Debug/MathParser.build/Objects-normal/arm64/InfixOperation.o -index-unit-output-path /swift-math-parser.build/Debug/MathParser.build/Objects-normal/arm64/InfixOperation.o -index-store-path /Users/rogerlin/Library/Developer/Xcode/DerivedData/FinancialCalculatorKit-ackorybalcxbfocbkqsfdzcfkgmn/Index.noindex/DataStore -index-system-modules

SwiftCompile normal arm64 /Users/rogerlin/Library/Developer/Xcode/DerivedData/FinancialCalculatorKit-ackorybalcxbfocbkqsfdzcfkgmn/SourcePackages/checkouts/swift-math-parser/Sources/MathParser/InfixOperation.swift (in target 'MathParser' from project 'swift-math-parser')
    cd /Users/rogerlin/XCode-Projects/FinancialCalculatorKit-5.0-updated-accent-colors/FinancialCalculatorKit.xcodeproj
    

SwiftCompile normal arm64 Compiling\ Double-extension.swift /Users/rogerlin/Library/Developer/Xcode/DerivedData/FinancialCalculatorKit-ackorybalcxbfocbkqsfdzcfkgmn/SourcePackages/checkouts/swift-math-parser/Sources/MathParser/Double-extension.swift (in target 'MathParser' from project 'swift-math-parser')
/Applications/Xcode.app/Contents/Developer/Toolchains/XcodeDefault.xctoolchain/usr/bin/swift-frontend -frontend -c /Users/rogerlin/Library/Developer/Xcode/DerivedData/FinancialCalculatorKit-ackorybalcxbfocbkqsfdzcfkgmn/SourcePackages/checkouts/swift-math-parser/Sources/MathParser/Dictionary-extension.swift -primary-file /Users/rogerlin/Library/Developer/Xcode/DerivedData/FinancialCalculatorKit-ackorybalcxbfocbkqsfdzcfkgmn/SourcePackages/checkouts/swift-math-parser/Sources/MathParser/Double-extension.swift /Users/rogerlin/Library/Developer/Xcode/DerivedData/FinancialCalculatorKit-ackorybalcxbfocbkqsfdzcfkgmn/SourcePackages/checkouts/swift-math-parser/Sources/MathParser/Evaluator.swift /Users/rogerlin/Library/Developer/Xcode/DerivedData/FinancialCalculatorKit-ackorybalcxbfocbkqsfdzcfkgmn/SourcePackages/checkouts/swift-math-parser/Sources/MathParser/InfixOperation.swift /Users/rogerlin/Library/Developer/Xcode/DerivedData/FinancialCalculatorKit-ackorybalcxbfocbkqsfdzcfkgmn/SourcePackages/checkouts/swift-math-parser/Sources/MathParser/MathParser.swift /Users/rogerlin/Library/Developer/Xcode/DerivedData/FinancialCalculatorKit-ackorybalcxbfocbkqsfdzcfkgmn/SourcePackages/checkouts/swift-math-parser/Sources/MathParser/MathParserError.swift /Users/rogerlin/Library/Developer/Xcode/DerivedData/FinancialCalculatorKit-ackorybalcxbfocbkqsfdzcfkgmn/SourcePackages/checkouts/swift-math-parser/Sources/MathParser/Token.swift /Users/rogerlin/Library/Developer/Xcode/DerivedData/FinancialCalculatorKit-ackorybalcxbfocbkqsfdzcfkgmn/SourcePackages/checkouts/swift-math-parser/Sources/MathParser/Utils.swift -emit-dependencies-path /Users/rogerlin/Library/Developer/Xcode/DerivedData/FinancialCalculatorKit-ackorybalcxbfocbkqsfdzcfkgmn/Build/Intermediates.noindex/swift-math-parser.build/Debug/MathParser.build/Objects-normal/arm64/Double-extension.d -emit-const-values-path /Users/rogerlin/Library/Developer/Xcode/DerivedData/FinancialCalculatorKit-ackorybalcxbfocbkqsfdzcfkgmn/Build/Intermediates.noindex/swift-math-parser.build/Debug/MathParser.build/Objects-normal/arm64/Double-extension.swiftconstvalues -emit-reference-dependencies-path /Users/rogerlin/Library/Developer/Xcode/DerivedData/FinancialCalculatorKit-ackorybalcxbfocbkqsfdzcfkgmn/Build/Intermediates.noindex/swift-math-parser.build/Debug/MathParser.build/Objects-normal/arm64/Double-extension.swiftdeps -serialize-diagnostics-path /Users/rogerlin/Library/Developer/Xcode/DerivedData/FinancialCalculatorKit-ackorybalcxbfocbkqsfdzcfkgmn/Build/Intermediates.noindex/swift-math-parser.build/Debug/MathParser.build/Objects-normal/arm64/Double-extension.dia -target arm64-apple-macos10.15 -module-can-import-version Darwin 347.40.2 0 -load-resolved-plugin \#/Users/rogerlin/Library/Developer/Xcode/DerivedData/FinancialCalculatorKit-ackorybalcxbfocbkqsfdzcfkgmn/Build/Products/Debug/CasePathsMacros\#CasePathsMacros -load-resolved-plugin /Applications/Xcode.app/Contents/Developer/Platforms/MacOSX.platform/Developer/usr/lib/swift/host/plugins/libFoundationMacros.dylib\#/Applications/Xcode.app/Contents/Developer/Platforms/MacOSX.platform/Developer/usr/bin/swift-plugin-server\#FoundationMacros -load-resolved-plugin /Applications/Xcode.app/Contents/Developer/Platforms/MacOSX.platform/Developer/usr/lib/swift/host/plugins/libObservationMacros.dylib\#/Applications/Xcode.app/Contents/Developer/Platforms/MacOSX.platform/Developer/usr/bin/swift-plugin-server\#ObservationMacros -load-resolved-plugin /Applications/Xcode.app/Contents/Developer/Platforms/MacOSX.platform/Developer/usr/lib/swift/host/plugins/libSwiftMacros.dylib\#/Applications/Xcode.app/Contents/Developer/Platforms/MacOSX.platform/Developer/usr/bin/swift-plugin-server\#SwiftMacros -disable-implicit-swift-modules -Xcc -fno-implicit-modules -Xcc -fno-implicit-module-maps -explicit-swift-module-map-file /Users/rogerlin/Library/Developer/Xcode/DerivedData/FinancialCalculatorKit-ackorybalcxbfocbkqsfdzcfkgmn/Build/Intermediates.noindex/swift-math-parser.build/Debug/MathParser.build/Objects-normal/arm64/MathParser-dependencies-1.json -Xllvm -aarch64-use-tbi -enable-objc-interop -stack-check -sdk /Applications/Xcode.app/Contents/Developer/Platforms/MacOSX.platform/Developer/SDKs/MacOSX26.1.sdk -I /Users/rogerlin/Library/Developer/Xcode/DerivedData/FinancialCalculatorKit-ackorybalcxbfocbkqsfdzcfkgmn/Build/Products/Debug -Isystem /Applications/Xcode.app/Contents/Developer/Platforms/MacOSX.platform/Developer/usr/lib -F /Users/rogerlin/Library/Developer/Xcode/DerivedData/FinancialCalculatorKit-ackorybalcxbfocbkqsfdzcfkgmn/Build/Products/Debug/PackageFrameworks -F /Users/rogerlin/Library/Developer/Xcode/DerivedData/FinancialCalculatorKit-ackorybalcxbfocbkqsfdzcfkgmn/Build/Products/Debug/PackageFrameworks -F /Users/rogerlin/Library/Developer/Xcode/DerivedData/FinancialCalculatorKit-ackorybalcxbfocbkqsfdzcfkgmn/Build/Products/Debug/PackageFrameworks -F /Users/rogerlin/Library/Developer/Xcode/DerivedData/FinancialCalculatorKit-ackorybalcxbfocbkqsfdzcfkgmn/Build/Products/Debug/PackageFrameworks -F /Users/rogerlin/Library/Developer/Xcode/DerivedData/FinancialCalculatorKit-ackorybalcxbfocbkqsfdzcfkgmn/Build/Products/Debug/PackageFrameworks -F /Users/rogerlin/Library/Developer/Xcode/DerivedData/FinancialCalculatorKit-ackorybalcxbfocbkqsfdzcfkgmn/Build/Products/Debug -F /Applications/Xcode.app/Contents/Developer/Platforms/MacOSX.platform/Developer/Library/Frameworks -no-color-diagnostics -Xcc -fno-color-diagnostics -enable-testing -g -debug-info-format\=dwarf -dwarf-version\=4 -module-cache-path /Users/rogerlin/Library/Developer/Xcode/DerivedData/FinancialCalculatorKit-ackorybalcxbfocbkqsfdzcfkgmn/Build/Intermediates.noindex/SwiftExplicitPrecompiledModules -suppress-warnings -profile-generate -profile-coverage-mapping -swift-version 5 -enforce-exclusivity\=checked -Onone -D SWIFT_PACKAGE -D DEBUG -D SWIFT_MODULE_RESOURCE_BUNDLE_UNAVAILABLE -D Xcode -serialize-debugging-options -load-plugin-executable /Users/rogerlin/Library/Developer/Xcode/DerivedData/FinancialCalculatorKit-ackorybalcxbfocbkqsfdzcfkgmn/Build/Products/Debug/CasePathsMacros\#CasePathsMacros -const-gather-protocols-file /Users/rogerlin/Library/Developer/Xcode/DerivedData/FinancialCalculatorKit-ackorybalcxbfocbkqsfdzcfkgmn/Build/Intermediates.noindex/swift-math-parser.build/Debug/MathParser.build/Objects-normal/arm64/MathParser_const_extract_protocols.json -enable-experimental-feature DebugDescriptionMacro -empty-abi-descriptor -validate-clang-modules-once -clang-build-session-file /Users/rogerlin/Library/Developer/Xcode/DerivedData/ModuleCache.noindex/Session.modulevalidation -Xcc -working-directory -Xcc /Users/rogerlin/XCode-Projects/FinancialCalculatorKit-5.0-updated-accent-colors/FinancialCalculatorKit.xcodeproj -enable-anonymous-context-mangled-names -file-compilation-dir /Users/rogerlin/XCode-Projects/FinancialCalculatorKit-5.0-updated-accent-colors/FinancialCalculatorKit.xcodeproj -Xcc -D_LIBCPP_HARDENING_MODE\=_LIBCPP_HARDENING_MODE_DEBUG -Xcc -ivfsstatcache -Xcc /Users/rogerlin/Library/Developer/Xcode/DerivedData/SDKStatCaches.noindex/macosx26.1-25B74-3ae1261907bdadc328169391a47051a6.sdkstatcache -Xcc -I/Users/rogerlin/Library/Developer/Xcode/DerivedData/FinancialCalculatorKit-ackorybalcxbfocbkqsfdzcfkgmn/Build/Intermediates.noindex/swift-math-parser.build/Debug/MathParser.build/swift-overrides.hmap -Xcc -I/Users/rogerlin/Library/Developer/Xcode/DerivedData/FinancialCalculatorKit-ackorybalcxbfocbkqsfdzcfkgmn/Build/Products/Debug/include -Xcc -I/Users/rogerlin/Library/Developer/Xcode/DerivedData/FinancialCalculatorKit-ackorybalcxbfocbkqsfdzcfkgmn/Build/Intermediates.noindex/swift-math-parser.build/Debug/MathParser.build/DerivedSources-normal/arm64 -Xcc -I/Users/rogerlin/Library/Developer/Xcode/DerivedData/FinancialCalculatorKit-ackorybalcxbfocbkqsfdzcfkgmn/Build/Intermediates.noindex/swift-math-parser.build/Debug/MathParser.build/DerivedSources/arm64 -Xcc -I/Users/rogerlin/Library/Developer/Xcode/DerivedData/FinancialCalculatorKit-ackorybalcxbfocbkqsfdzcfkgmn/Build/Intermediates.noindex/swift-math-parser.build/Debug/MathParser.build/DerivedSources -Xcc -DSWIFT_PACKAGE -Xcc -DDEBUG\=1 -no-auto-bridging-header-chaining -module-name MathParser -frontend-parseable-output -disable-clang-spi -target-sdk-version 26.1 -target-sdk-name macosx26.1 -clang-target arm64-apple-macos26.1 -in-process-plugin-server-path /Applications/Xcode.app/Contents/Developer/Toolchains/XcodeDefault.xctoolchain/usr/lib/swift/host/libSwiftInProcPluginServer.dylib -o /Users/rogerlin/Library/Developer/Xcode/DerivedData/FinancialCalculatorKit-ackorybalcxbfocbkqsfdzcfkgmn/Build/Intermediates.noindex/swift-math-parser.build/Debug/MathParser.build/Objects-normal/arm64/Double-extension.o -index-unit-output-path /swift-math-parser.build/Debug/MathParser.build/Objects-normal/arm64/Double-extension.o -index-store-path /Users/rogerlin/Library/Developer/Xcode/DerivedData/FinancialCalculatorKit-ackorybalcxbfocbkqsfdzcfkgmn/Index.noindex/DataStore -index-system-modules

SwiftCompile normal arm64 /Users/rogerlin/Library/Developer/Xcode/DerivedData/FinancialCalculatorKit-ackorybalcxbfocbkqsfdzcfkgmn/SourcePackages/checkouts/swift-math-parser/Sources/MathParser/Double-extension.swift (in target 'MathParser' from project 'swift-math-parser')
    cd /Users/rogerlin/XCode-Projects/FinancialCalculatorKit-5.0-updated-accent-colors/FinancialCalculatorKit.xcodeproj
    

SwiftCompile normal arm64 Compiling\ Utils.swift /Users/rogerlin/Library/Developer/Xcode/DerivedData/FinancialCalculatorKit-ackorybalcxbfocbkqsfdzcfkgmn/SourcePackages/checkouts/swift-math-parser/Sources/MathParser/Utils.swift (in target 'MathParser' from project 'swift-math-parser')
/Applications/Xcode.app/Contents/Developer/Toolchains/XcodeDefault.xctoolchain/usr/bin/swift-frontend -frontend -c /Users/rogerlin/Library/Developer/Xcode/DerivedData/FinancialCalculatorKit-ackorybalcxbfocbkqsfdzcfkgmn/SourcePackages/checkouts/swift-math-parser/Sources/MathParser/Dictionary-extension.swift /Users/rogerlin/Library/Developer/Xcode/DerivedData/FinancialCalculatorKit-ackorybalcxbfocbkqsfdzcfkgmn/SourcePackages/checkouts/swift-math-parser/Sources/MathParser/Double-extension.swift /Users/rogerlin/Library/Developer/Xcode/DerivedData/FinancialCalculatorKit-ackorybalcxbfocbkqsfdzcfkgmn/SourcePackages/checkouts/swift-math-parser/Sources/MathParser/Evaluator.swift /Users/rogerlin/Library/Developer/Xcode/DerivedData/FinancialCalculatorKit-ackorybalcxbfocbkqsfdzcfkgmn/SourcePackages/checkouts/swift-math-parser/Sources/MathParser/InfixOperation.swift /Users/rogerlin/Library/Developer/Xcode/DerivedData/FinancialCalculatorKit-ackorybalcxbfocbkqsfdzcfkgmn/SourcePackages/checkouts/swift-math-parser/Sources/MathParser/MathParser.swift /Users/rogerlin/Library/Developer/Xcode/DerivedData/FinancialCalculatorKit-ackorybalcxbfocbkqsfdzcfkgmn/SourcePackages/checkouts/swift-math-parser/Sources/MathParser/MathParserError.swift /Users/rogerlin/Library/Developer/Xcode/DerivedData/FinancialCalculatorKit-ackorybalcxbfocbkqsfdzcfkgmn/SourcePackages/checkouts/swift-math-parser/Sources/MathParser/Token.swift -primary-file /Users/rogerlin/Library/Developer/Xcode/DerivedData/FinancialCalculatorKit-ackorybalcxbfocbkqsfdzcfkgmn/SourcePackages/checkouts/swift-math-parser/Sources/MathParser/Utils.swift -emit-dependencies-path /Users/rogerlin/Library/Developer/Xcode/DerivedData/FinancialCalculatorKit-ackorybalcxbfocbkqsfdzcfkgmn/Build/Intermediates.noindex/swift-math-parser.build/Debug/MathParser.build/Objects-normal/arm64/Utils.d -emit-const-values-path /Users/rogerlin/Library/Developer/Xcode/DerivedData/FinancialCalculatorKit-ackorybalcxbfocbkqsfdzcfkgmn/Build/Intermediates.noindex/swift-math-parser.build/Debug/MathParser.build/Objects-normal/arm64/Utils.swiftconstvalues -emit-reference-dependencies-path /Users/rogerlin/Library/Developer/Xcode/DerivedData/FinancialCalculatorKit-ackorybalcxbfocbkqsfdzcfkgmn/Build/Intermediates.noindex/swift-math-parser.build/Debug/MathParser.build/Objects-normal/arm64/Utils.swiftdeps -serialize-diagnostics-path /Users/rogerlin/Library/Developer/Xcode/DerivedData/FinancialCalculatorKit-ackorybalcxbfocbkqsfdzcfkgmn/Build/Intermediates.noindex/swift-math-parser.build/Debug/MathParser.build/Objects-normal/arm64/Utils.dia -target arm64-apple-macos10.15 -module-can-import-version Darwin 347.40.2 0 -load-resolved-plugin \#/Users/rogerlin/Library/Developer/Xcode/DerivedData/FinancialCalculatorKit-ackorybalcxbfocbkqsfdzcfkgmn/Build/Products/Debug/CasePathsMacros\#CasePathsMacros -load-resolved-plugin /Applications/Xcode.app/Contents/Developer/Platforms/MacOSX.platform/Developer/usr/lib/swift/host/plugins/libFoundationMacros.dylib\#/Applications/Xcode.app/Contents/Developer/Platforms/MacOSX.platform/Developer/usr/bin/swift-plugin-server\#FoundationMacros -load-resolved-plugin /Applications/Xcode.app/Contents/Developer/Platforms/MacOSX.platform/Developer/usr/lib/swift/host/plugins/libObservationMacros.dylib\#/Applications/Xcode.app/Contents/Developer/Platforms/MacOSX.platform/Developer/usr/bin/swift-plugin-server\#ObservationMacros -load-resolved-plugin /Applications/Xcode.app/Contents/Developer/Platforms/MacOSX.platform/Developer/usr/lib/swift/host/plugins/libSwiftMacros.dylib\#/Applications/Xcode.app/Contents/Developer/Platforms/MacOSX.platform/Developer/usr/bin/swift-plugin-server\#SwiftMacros -disable-implicit-swift-modules -Xcc -fno-implicit-modules -Xcc -fno-implicit-module-maps -explicit-swift-module-map-file /Users/rogerlin/Library/Developer/Xcode/DerivedData/FinancialCalculatorKit-ackorybalcxbfocbkqsfdzcfkgmn/Build/Intermediates.noindex/swift-math-parser.build/Debug/MathParser.build/Objects-normal/arm64/MathParser-dependencies-1.json -Xllvm -aarch64-use-tbi -enable-objc-interop -stack-check -sdk /Applications/Xcode.app/Contents/Developer/Platforms/MacOSX.platform/Developer/SDKs/MacOSX26.1.sdk -I /Users/rogerlin/Library/Developer/Xcode/DerivedData/FinancialCalculatorKit-ackorybalcxbfocbkqsfdzcfkgmn/Build/Products/Debug -Isystem /Applications/Xcode.app/Contents/Developer/Platforms/MacOSX.platform/Developer/usr/lib -F /Users/rogerlin/Library/Developer/Xcode/DerivedData/FinancialCalculatorKit-ackorybalcxbfocbkqsfdzcfkgmn/Build/Products/Debug/PackageFrameworks -F /Users/rogerlin/Library/Developer/Xcode/DerivedData/FinancialCalculatorKit-ackorybalcxbfocbkqsfdzcfkgmn/Build/Products/Debug/PackageFrameworks -F /Users/rogerlin/Library/Developer/Xcode/DerivedData/FinancialCalculatorKit-ackorybalcxbfocbkqsfdzcfkgmn/Build/Products/Debug/PackageFrameworks -F /Users/rogerlin/Library/Developer/Xcode/DerivedData/FinancialCalculatorKit-ackorybalcxbfocbkqsfdzcfkgmn/Build/Products/Debug/PackageFrameworks -F /Users/rogerlin/Library/Developer/Xcode/DerivedData/FinancialCalculatorKit-ackorybalcxbfocbkqsfdzcfkgmn/Build/Products/Debug/PackageFrameworks -F /Users/rogerlin/Library/Developer/Xcode/DerivedData/FinancialCalculatorKit-ackorybalcxbfocbkqsfdzcfkgmn/Build/Products/Debug -F /Applications/Xcode.app/Contents/Developer/Platforms/MacOSX.platform/Developer/Library/Frameworks -no-color-diagnostics -Xcc -fno-color-diagnostics -enable-testing -g -debug-info-format\=dwarf -dwarf-version\=4 -module-cache-path /Users/rogerlin/Library/Developer/Xcode/DerivedData/FinancialCalculatorKit-ackorybalcxbfocbkqsfdzcfkgmn/Build/Intermediates.noindex/SwiftExplicitPrecompiledModules -suppress-warnings -profile-generate -profile-coverage-mapping -swift-version 5 -enforce-exclusivity\=checked -Onone -D SWIFT_PACKAGE -D DEBUG -D SWIFT_MODULE_RESOURCE_BUNDLE_UNAVAILABLE -D Xcode -serialize-debugging-options -load-plugin-executable /Users/rogerlin/Library/Developer/Xcode/DerivedData/FinancialCalculatorKit-ackorybalcxbfocbkqsfdzcfkgmn/Build/Products/Debug/CasePathsMacros\#CasePathsMacros -const-gather-protocols-file /Users/rogerlin/Library/Developer/Xcode/DerivedData/FinancialCalculatorKit-ackorybalcxbfocbkqsfdzcfkgmn/Build/Intermediates.noindex/swift-math-parser.build/Debug/MathParser.build/Objects-normal/arm64/MathParser_const_extract_protocols.json -enable-experimental-feature DebugDescriptionMacro -empty-abi-descriptor -validate-clang-modules-once -clang-build-session-file /Users/rogerlin/Library/Developer/Xcode/DerivedData/ModuleCache.noindex/Session.modulevalidation -Xcc -working-directory -Xcc /Users/rogerlin/XCode-Projects/FinancialCalculatorKit-5.0-updated-accent-colors/FinancialCalculatorKit.xcodeproj -enable-anonymous-context-mangled-names -file-compilation-dir /Users/rogerlin/XCode-Projects/FinancialCalculatorKit-5.0-updated-accent-colors/FinancialCalculatorKit.xcodeproj -Xcc -D_LIBCPP_HARDENING_MODE\=_LIBCPP_HARDENING_MODE_DEBUG -Xcc -ivfsstatcache -Xcc /Users/rogerlin/Library/Developer/Xcode/DerivedData/SDKStatCaches.noindex/macosx26.1-25B74-3ae1261907bdadc328169391a47051a6.sdkstatcache -Xcc -I/Users/rogerlin/Library/Developer/Xcode/DerivedData/FinancialCalculatorKit-ackorybalcxbfocbkqsfdzcfkgmn/Build/Intermediates.noindex/swift-math-parser.build/Debug/MathParser.build/swift-overrides.hmap -Xcc -I/Users/rogerlin/Library/Developer/Xcode/DerivedData/FinancialCalculatorKit-ackorybalcxbfocbkqsfdzcfkgmn/Build/Products/Debug/include -Xcc -I/Users/rogerlin/Library/Developer/Xcode/DerivedData/FinancialCalculatorKit-ackorybalcxbfocbkqsfdzcfkgmn/Build/Intermediates.noindex/swift-math-parser.build/Debug/MathParser.build/DerivedSources-normal/arm64 -Xcc -I/Users/rogerlin/Library/Developer/Xcode/DerivedData/FinancialCalculatorKit-ackorybalcxbfocbkqsfdzcfkgmn/Build/Intermediates.noindex/swift-math-parser.build/Debug/MathParser.build/DerivedSources/arm64 -Xcc -I/Users/rogerlin/Library/Developer/Xcode/DerivedData/FinancialCalculatorKit-ackorybalcxbfocbkqsfdzcfkgmn/Build/Intermediates.noindex/swift-math-parser.build/Debug/MathParser.build/DerivedSources -Xcc -DSWIFT_PACKAGE -Xcc -DDEBUG\=1 -no-auto-bridging-header-chaining -module-name MathParser -frontend-parseable-output -disable-clang-spi -target-sdk-version 26.1 -target-sdk-name macosx26.1 -clang-target arm64-apple-macos26.1 -in-process-plugin-server-path /Applications/Xcode.app/Contents/Developer/Toolchains/XcodeDefault.xctoolchain/usr/lib/swift/host/libSwiftInProcPluginServer.dylib -o /Users/rogerlin/Library/Developer/Xcode/DerivedData/FinancialCalculatorKit-ackorybalcxbfocbkqsfdzcfkgmn/Build/Intermediates.noindex/swift-math-parser.build/Debug/MathParser.build/Objects-normal/arm64/Utils.o -index-unit-output-path /swift-math-parser.build/Debug/MathParser.build/Objects-normal/arm64/Utils.o -index-store-path /Users/rogerlin/Library/Developer/Xcode/DerivedData/FinancialCalculatorKit-ackorybalcxbfocbkqsfdzcfkgmn/Index.noindex/DataStore -index-system-modules

SwiftCompile normal arm64 /Users/rogerlin/Library/Developer/Xcode/DerivedData/FinancialCalculatorKit-ackorybalcxbfocbkqsfdzcfkgmn/SourcePackages/checkouts/swift-math-parser/Sources/MathParser/Utils.swift (in target 'MathParser' from project 'swift-math-parser')
    cd /Users/rogerlin/XCode-Projects/FinancialCalculatorKit-5.0-updated-accent-colors/FinancialCalculatorKit.xcodeproj
    

SwiftCompile normal arm64 Compiling\ Dictionary-extension.swift /Users/rogerlin/Library/Developer/Xcode/DerivedData/FinancialCalculatorKit-ackorybalcxbfocbkqsfdzcfkgmn/SourcePackages/checkouts/swift-math-parser/Sources/MathParser/Dictionary-extension.swift (in target 'MathParser' from project 'swift-math-parser')
/Applications/Xcode.app/Contents/Developer/Toolchains/XcodeDefault.xctoolchain/usr/bin/swift-frontend -frontend -c -primary-file /Users/rogerlin/Library/Developer/Xcode/DerivedData/FinancialCalculatorKit-ackorybalcxbfocbkqsfdzcfkgmn/SourcePackages/checkouts/swift-math-parser/Sources/MathParser/Dictionary-extension.swift /Users/rogerlin/Library/Developer/Xcode/DerivedData/FinancialCalculatorKit-ackorybalcxbfocbkqsfdzcfkgmn/SourcePackages/checkouts/swift-math-parser/Sources/MathParser/Double-extension.swift /Users/rogerlin/Library/Developer/Xcode/DerivedData/FinancialCalculatorKit-ackorybalcxbfocbkqsfdzcfkgmn/SourcePackages/checkouts/swift-math-parser/Sources/MathParser/Evaluator.swift /Users/rogerlin/Library/Developer/Xcode/DerivedData/FinancialCalculatorKit-ackorybalcxbfocbkqsfdzcfkgmn/SourcePackages/checkouts/swift-math-parser/Sources/MathParser/InfixOperation.swift /Users/rogerlin/Library/Developer/Xcode/DerivedData/FinancialCalculatorKit-ackorybalcxbfocbkqsfdzcfkgmn/SourcePackages/checkouts/swift-math-parser/Sources/MathParser/MathParser.swift /Users/rogerlin/Library/Developer/Xcode/DerivedData/FinancialCalculatorKit-ackorybalcxbfocbkqsfdzcfkgmn/SourcePackages/checkouts/swift-math-parser/Sources/MathParser/MathParserError.swift /Users/rogerlin/Library/Developer/Xcode/DerivedData/FinancialCalculatorKit-ackorybalcxbfocbkqsfdzcfkgmn/SourcePackages/checkouts/swift-math-parser/Sources/MathParser/Token.swift /Users/rogerlin/Library/Developer/Xcode/DerivedData/FinancialCalculatorKit-ackorybalcxbfocbkqsfdzcfkgmn/SourcePackages/checkouts/swift-math-parser/Sources/MathParser/Utils.swift -emit-dependencies-path /Users/rogerlin/Library/Developer/Xcode/DerivedData/FinancialCalculatorKit-ackorybalcxbfocbkqsfdzcfkgmn/Build/Intermediates.noindex/swift-math-parser.build/Debug/MathParser.build/Objects-normal/arm64/Dictionary-extension.d -emit-const-values-path /Users/rogerlin/Library/Developer/Xcode/DerivedData/FinancialCalculatorKit-ackorybalcxbfocbkqsfdzcfkgmn/Build/Intermediates.noindex/swift-math-parser.build/Debug/MathParser.build/Objects-normal/arm64/Dictionary-extension.swiftconstvalues -emit-reference-dependencies-path /Users/rogerlin/Library/Developer/Xcode/DerivedData/FinancialCalculatorKit-ackorybalcxbfocbkqsfdzcfkgmn/Build/Intermediates.noindex/swift-math-parser.build/Debug/MathParser.build/Objects-normal/arm64/Dictionary-extension.swiftdeps -serialize-diagnostics-path /Users/rogerlin/Library/Developer/Xcode/DerivedData/FinancialCalculatorKit-ackorybalcxbfocbkqsfdzcfkgmn/Build/Intermediates.noindex/swift-math-parser.build/Debug/MathParser.build/Objects-normal/arm64/Dictionary-extension.dia -target arm64-apple-macos10.15 -module-can-import-version Darwin 347.40.2 0 -load-resolved-plugin \#/Users/rogerlin/Library/Developer/Xcode/DerivedData/FinancialCalculatorKit-ackorybalcxbfocbkqsfdzcfkgmn/Build/Products/Debug/CasePathsMacros\#CasePathsMacros -load-resolved-plugin /Applications/Xcode.app/Contents/Developer/Platforms/MacOSX.platform/Developer/usr/lib/swift/host/plugins/libFoundationMacros.dylib\#/Applications/Xcode.app/Contents/Developer/Platforms/MacOSX.platform/Developer/usr/bin/swift-plugin-server\#FoundationMacros -load-resolved-plugin /Applications/Xcode.app/Contents/Developer/Platforms/MacOSX.platform/Developer/usr/lib/swift/host/plugins/libObservationMacros.dylib\#/Applications/Xcode.app/Contents/Developer/Platforms/MacOSX.platform/Developer/usr/bin/swift-plugin-server\#ObservationMacros -load-resolved-plugin /Applications/Xcode.app/Contents/Developer/Platforms/MacOSX.platform/Developer/usr/lib/swift/host/plugins/libSwiftMacros.dylib\#/Applications/Xcode.app/Contents/Developer/Platforms/MacOSX.platform/Developer/usr/bin/swift-plugin-server\#SwiftMacros -disable-implicit-swift-modules -Xcc -fno-implicit-modules -Xcc -fno-implicit-module-maps -explicit-swift-module-map-file /Users/rogerlin/Library/Developer/Xcode/DerivedData/FinancialCalculatorKit-ackorybalcxbfocbkqsfdzcfkgmn/Build/Intermediates.noindex/swift-math-parser.build/Debug/MathParser.build/Objects-normal/arm64/MathParser-dependencies-1.json -Xllvm -aarch64-use-tbi -enable-objc-interop -stack-check -sdk /Applications/Xcode.app/Contents/Developer/Platforms/MacOSX.platform/Developer/SDKs/MacOSX26.1.sdk -I /Users/rogerlin/Library/Developer/Xcode/DerivedData/FinancialCalculatorKit-ackorybalcxbfocbkqsfdzcfkgmn/Build/Products/Debug -Isystem /Applications/Xcode.app/Contents/Developer/Platforms/MacOSX.platform/Developer/usr/lib -F /Users/rogerlin/Library/Developer/Xcode/DerivedData/FinancialCalculatorKit-ackorybalcxbfocbkqsfdzcfkgmn/Build/Products/Debug/PackageFrameworks -F /Users/rogerlin/Library/Developer/Xcode/DerivedData/FinancialCalculatorKit-ackorybalcxbfocbkqsfdzcfkgmn/Build/Products/Debug/PackageFrameworks -F /Users/rogerlin/Library/Developer/Xcode/DerivedData/FinancialCalculatorKit-ackorybalcxbfocbkqsfdzcfkgmn/Build/Products/Debug/PackageFrameworks -F /Users/rogerlin/Library/Developer/Xcode/DerivedData/FinancialCalculatorKit-ackorybalcxbfocbkqsfdzcfkgmn/Build/Products/Debug/PackageFrameworks -F /Users/rogerlin/Library/Developer/Xcode/DerivedData/FinancialCalculatorKit-ackorybalcxbfocbkqsfdzcfkgmn/Build/Products/Debug/PackageFrameworks -F /Users/rogerlin/Library/Developer/Xcode/DerivedData/FinancialCalculatorKit-ackorybalcxbfocbkqsfdzcfkgmn/Build/Products/Debug -F /Applications/Xcode.app/Contents/Developer/Platforms/MacOSX.platform/Developer/Library/Frameworks -no-color-diagnostics -Xcc -fno-color-diagnostics -enable-testing -g -debug-info-format\=dwarf -dwarf-version\=4 -module-cache-path /Users/rogerlin/Library/Developer/Xcode/DerivedData/FinancialCalculatorKit-ackorybalcxbfocbkqsfdzcfkgmn/Build/Intermediates.noindex/SwiftExplicitPrecompiledModules -suppress-warnings -profile-generate -profile-coverage-mapping -swift-version 5 -enforce-exclusivity\=checked -Onone -D SWIFT_PACKAGE -D DEBUG -D SWIFT_MODULE_RESOURCE_BUNDLE_UNAVAILABLE -D Xcode -serialize-debugging-options -load-plugin-executable /Users/rogerlin/Library/Developer/Xcode/DerivedData/FinancialCalculatorKit-ackorybalcxbfocbkqsfdzcfkgmn/Build/Products/Debug/CasePathsMacros\#CasePathsMacros -const-gather-protocols-file /Users/rogerlin/Library/Developer/Xcode/DerivedData/FinancialCalculatorKit-ackorybalcxbfocbkqsfdzcfkgmn/Build/Intermediates.noindex/swift-math-parser.build/Debug/MathParser.build/Objects-normal/arm64/MathParser_const_extract_protocols.json -enable-experimental-feature DebugDescriptionMacro -empty-abi-descriptor -validate-clang-modules-once -clang-build-session-file /Users/rogerlin/Library/Developer/Xcode/DerivedData/ModuleCache.noindex/Session.modulevalidation -Xcc -working-directory -Xcc /Users/rogerlin/XCode-Projects/FinancialCalculatorKit-5.0-updated-accent-colors/FinancialCalculatorKit.xcodeproj -enable-anonymous-context-mangled-names -file-compilation-dir /Users/rogerlin/XCode-Projects/FinancialCalculatorKit-5.0-updated-accent-colors/FinancialCalculatorKit.xcodeproj -Xcc -D_LIBCPP_HARDENING_MODE\=_LIBCPP_HARDENING_MODE_DEBUG -Xcc -ivfsstatcache -Xcc /Users/rogerlin/Library/Developer/Xcode/DerivedData/SDKStatCaches.noindex/macosx26.1-25B74-3ae1261907bdadc328169391a47051a6.sdkstatcache -Xcc -I/Users/rogerlin/Library/Developer/Xcode/DerivedData/FinancialCalculatorKit-ackorybalcxbfocbkqsfdzcfkgmn/Build/Intermediates.noindex/swift-math-parser.build/Debug/MathParser.build/swift-overrides.hmap -Xcc -I/Users/rogerlin/Library/Developer/Xcode/DerivedData/FinancialCalculatorKit-ackorybalcxbfocbkqsfdzcfkgmn/Build/Products/Debug/include -Xcc -I/Users/rogerlin/Library/Developer/Xcode/DerivedData/FinancialCalculatorKit-ackorybalcxbfocbkqsfdzcfkgmn/Build/Intermediates.noindex/swift-math-parser.build/Debug/MathParser.build/DerivedSources-normal/arm64 -Xcc -I/Users/rogerlin/Library/Developer/Xcode/DerivedData/FinancialCalculatorKit-ackorybalcxbfocbkqsfdzcfkgmn/Build/Intermediates.noindex/swift-math-parser.build/Debug/MathParser.build/DerivedSources/arm64 -Xcc -I/Users/rogerlin/Library/Developer/Xcode/DerivedData/FinancialCalculatorKit-ackorybalcxbfocbkqsfdzcfkgmn/Build/Intermediates.noindex/swift-math-parser.build/Debug/MathParser.build/DerivedSources -Xcc -DSWIFT_PACKAGE -Xcc -DDEBUG\=1 -no-auto-bridging-header-chaining -module-name MathParser -frontend-parseable-output -disable-clang-spi -target-sdk-version 26.1 -target-sdk-name macosx26.1 -clang-target arm64-apple-macos26.1 -in-process-plugin-server-path /Applications/Xcode.app/Contents/Developer/Toolchains/XcodeDefault.xctoolchain/usr/lib/swift/host/libSwiftInProcPluginServer.dylib -o /Users/rogerlin/Library/Developer/Xcode/DerivedData/FinancialCalculatorKit-ackorybalcxbfocbkqsfdzcfkgmn/Build/Intermediates.noindex/swift-math-parser.build/Debug/MathParser.build/Objects-normal/arm64/Dictionary-extension.o -index-unit-output-path /swift-math-parser.build/Debug/MathParser.build/Objects-normal/arm64/Dictionary-extension.o -index-store-path /Users/rogerlin/Library/Developer/Xcode/DerivedData/FinancialCalculatorKit-ackorybalcxbfocbkqsfdzcfkgmn/Index.noindex/DataStore -index-system-modules

SwiftCompile normal arm64 /Users/rogerlin/Library/Developer/Xcode/DerivedData/FinancialCalculatorKit-ackorybalcxbfocbkqsfdzcfkgmn/SourcePackages/checkouts/swift-math-parser/Sources/MathParser/Dictionary-extension.swift (in target 'MathParser' from project 'swift-math-parser')
    cd /Users/rogerlin/XCode-Projects/FinancialCalculatorKit-5.0-updated-accent-colors/FinancialCalculatorKit.xcodeproj
    

RegisterExecutionPolicyException /Users/rogerlin/Library/Developer/Xcode/DerivedData/FinancialCalculatorKit-ackorybalcxbfocbkqsfdzcfkgmn/Build/Products/Debug/Parsing.o (in target 'Parsing' from project 'swift-parsing')
    cd /Users/rogerlin/Library/Developer/Xcode/DerivedData/FinancialCalculatorKit-ackorybalcxbfocbkqsfdzcfkgmn/SourcePackages/checkouts/swift-parsing
    builtin-RegisterExecutionPolicyException /Users/rogerlin/Library/Developer/Xcode/DerivedData/FinancialCalculatorKit-ackorybalcxbfocbkqsfdzcfkgmn/Build/Products/Debug/Parsing.o

    Task input dependencies:
        /Users/rogerlin/Library/Developer/Xcode/DerivedData/FinancialCalculatorKit-ackorybalcxbfocbkqsfdzcfkgmn/Build/Products/Debug/Parsing.o

    Task output dependencies:

SwiftDriverJobDiscovery normal arm64 Compiling Double-extension.swift (in target 'MathParser' from project 'swift-math-parser')

SwiftDriverJobDiscovery normal arm64 Compiling Dictionary-extension.swift (in target 'MathParser' from project 'swift-math-parser')

SwiftDriverJobDiscovery normal arm64 Compiling MathParserError.swift (in target 'MathParser' from project 'swift-math-parser')

SwiftDriverJobDiscovery normal arm64 Compiling InfixOperation.swift (in target 'MathParser' from project 'swift-math-parser')

SwiftDriverJobDiscovery normal arm64 Compiling Utils.swift (in target 'MathParser' from project 'swift-math-parser')

SwiftDriverJobDiscovery normal arm64 Compiling Evaluator.swift (in target 'MathParser' from project 'swift-math-parser')

SwiftDriverJobDiscovery normal arm64 Compiling Token.swift (in target 'MathParser' from project 'swift-math-parser')

SwiftDriverJobDiscovery normal arm64 Emitting module for MathParser (in target 'MathParser' from project 'swift-math-parser')

SwiftDriver\ Compilation\ Requirements MathParser normal arm64 com.apple.xcode.tools.swift.compiler (in target 'MathParser' from project 'swift-math-parser')
    cd /Users/rogerlin/XCode-Projects/FinancialCalculatorKit-5.0-updated-accent-colors/FinancialCalculatorKit.xcodeproj
    builtin-Swift-Compilation-Requirements -- /Applications/Xcode.app/Contents/Developer/Toolchains/XcodeDefault.xctoolchain/usr/bin/swiftc -module-name MathParser -Onone -enforce-exclusivity\=checked @/Users/rogerlin/Library/Developer/Xcode/DerivedData/FinancialCalculatorKit-ackorybalcxbfocbkqsfdzcfkgmn/Build/Intermediates.noindex/swift-math-parser.build/Debug/MathParser.build/Objects-normal/arm64/MathParser.SwiftFileList -DSWIFT_PACKAGE -DDEBUG -DSWIFT_MODULE_RESOURCE_BUNDLE_UNAVAILABLE -DXcode -plugin-path /Applications/Xcode.app/Contents/Developer/Toolchains/XcodeDefault.xctoolchain/usr/lib/swift/host/plugins/testing -enable-experimental-feature DebugDescriptionMacro -sdk /Applications/Xcode.app/Contents/Developer/Platforms/MacOSX.platform/Developer/SDKs/MacOSX26.1.sdk -target arm64-apple-macos10.15 -g -module-cache-path /Users/rogerlin/Library/Developer/Xcode/DerivedData/ModuleCache.noindex -Xfrontend -serialize-debugging-options -profile-coverage-mapping -profile-generate -enable-testing -suppress-warnings -index-store-path /Users/rogerlin/Library/Developer/Xcode/DerivedData/FinancialCalculatorKit-ackorybalcxbfocbkqsfdzcfkgmn/Index.noindex/DataStore -Xcc -D_LIBCPP_HARDENING_MODE\=_LIBCPP_HARDENING_MODE_DEBUG -swift-version 5 -I /Users/rogerlin/Library/Developer/Xcode/DerivedData/FinancialCalculatorKit-ackorybalcxbfocbkqsfdzcfkgmn/Build/Products/Debug -Isystem /Applications/Xcode.app/Contents/Developer/Platforms/MacOSX.platform/Developer/usr/lib -F /Users/rogerlin/Library/Developer/Xcode/DerivedData/FinancialCalculatorKit-ackorybalcxbfocbkqsfdzcfkgmn/Build/Products/Debug/PackageFrameworks -F /Users/rogerlin/Library/Developer/Xcode/DerivedData/FinancialCalculatorKit-ackorybalcxbfocbkqsfdzcfkgmn/Build/Products/Debug/PackageFrameworks -F /Users/rogerlin/Library/Developer/Xcode/DerivedData/FinancialCalculatorKit-ackorybalcxbfocbkqsfdzcfkgmn/Build/Products/Debug/PackageFrameworks -F /Users/rogerlin/Library/Developer/Xcode/DerivedData/FinancialCalculatorKit-ackorybalcxbfocbkqsfdzcfkgmn/Build/Products/Debug/PackageFrameworks -F /Users/rogerlin/Library/Developer/Xcode/DerivedData/FinancialCalculatorKit-ackorybalcxbfocbkqsfdzcfkgmn/Build/Products/Debug/PackageFrameworks -F /Users/rogerlin/Library/Developer/Xcode/DerivedData/FinancialCalculatorKit-ackorybalcxbfocbkqsfdzcfkgmn/Build/Products/Debug -F /Applications/Xcode.app/Contents/Developer/Platforms/MacOSX.platform/Developer/Library/Frameworks -Xfrontend -load-plugin-executable -Xfrontend /Users/rogerlin/Library/Developer/Xcode/DerivedData/FinancialCalculatorKit-ackorybalcxbfocbkqsfdzcfkgmn/Build/Products/Debug/CasePathsMacros\#CasePathsMacros -c -j16 -enable-batch-mode -incremental -Xcc -ivfsstatcache -Xcc /Users/rogerlin/Library/Developer/Xcode/DerivedData/SDKStatCaches.noindex/macosx26.1-25B74-3ae1261907bdadc328169391a47051a6.sdkstatcache -output-file-map /Users/rogerlin/Library/Developer/Xcode/DerivedData/FinancialCalculatorKit-ackorybalcxbfocbkqsfdzcfkgmn/Build/Intermediates.noindex/swift-math-parser.build/Debug/MathParser.build/Objects-normal/arm64/MathParser-OutputFileMap.json -use-frontend-parseable-output -save-temps -no-color-diagnostics -explicit-module-build -module-cache-path /Users/rogerlin/Library/Developer/Xcode/DerivedData/FinancialCalculatorKit-ackorybalcxbfocbkqsfdzcfkgmn/Build/Intermediates.noindex/SwiftExplicitPrecompiledModules -clang-scanner-module-cache-path /Users/rogerlin/Library/Developer/Xcode/DerivedData/ModuleCache.noindex -sdk-module-cache-path /Users/rogerlin/Library/Developer/Xcode/DerivedData/ModuleCache.noindex -serialize-diagnostics -emit-dependencies -emit-module -emit-module-path /Users/rogerlin/Library/Developer/Xcode/DerivedData/FinancialCalculatorKit-ackorybalcxbfocbkqsfdzcfkgmn/Build/Intermediates.noindex/swift-math-parser.build/Debug/MathParser.build/Objects-normal/arm64/MathParser.swiftmodule -validate-clang-modules-once -clang-build-session-file /Users/rogerlin/Library/Developer/Xcode/DerivedData/ModuleCache.noindex/Session.modulevalidation -Xcc -I/Users/rogerlin/Library/Developer/Xcode/DerivedData/FinancialCalculatorKit-ackorybalcxbfocbkqsfdzcfkgmn/Build/Intermediates.noindex/swift-math-parser.build/Debug/MathParser.build/swift-overrides.hmap -emit-const-values -Xfrontend -const-gather-protocols-file -Xfrontend /Users/rogerlin/Library/Developer/Xcode/DerivedData/FinancialCalculatorKit-ackorybalcxbfocbkqsfdzcfkgmn/Build/Intermediates.noindex/swift-math-parser.build/Debug/MathParser.build/Objects-normal/arm64/MathParser_const_extract_protocols.json -Xcc -I/Users/rogerlin/Library/Developer/Xcode/DerivedData/FinancialCalculatorKit-ackorybalcxbfocbkqsfdzcfkgmn/Build/Products/Debug/include -Xcc -I/Users/rogerlin/Library/Developer/Xcode/DerivedData/FinancialCalculatorKit-ackorybalcxbfocbkqsfdzcfkgmn/Build/Intermediates.noindex/swift-math-parser.build/Debug/MathParser.build/DerivedSources-normal/arm64 -Xcc -I/Users/rogerlin/Library/Developer/Xcode/DerivedData/FinancialCalculatorKit-ackorybalcxbfocbkqsfdzcfkgmn/Build/Intermediates.noindex/swift-math-parser.build/Debug/MathParser.build/DerivedSources/arm64 -Xcc -I/Users/rogerlin/Library/Developer/Xcode/DerivedData/FinancialCalculatorKit-ackorybalcxbfocbkqsfdzcfkgmn/Build/Intermediates.noindex/swift-math-parser.build/Debug/MathParser.build/DerivedSources -Xcc -DSWIFT_PACKAGE -Xcc -DDEBUG\=1 -emit-objc-header -emit-objc-header-path /Users/rogerlin/Library/Developer/Xcode/DerivedData/FinancialCalculatorKit-ackorybalcxbfocbkqsfdzcfkgmn/Build/Intermediates.noindex/swift-math-parser.build/Debug/MathParser.build/Objects-normal/arm64/MathParser-Swift.h -working-directory /Users/rogerlin/XCode-Projects/FinancialCalculatorKit-5.0-updated-accent-colors/FinancialCalculatorKit.xcodeproj -experimental-emit-module-separately -disable-cmo

    Task input dependencies:
        /Users/rogerlin/Library/Developer/Xcode/DerivedData/FinancialCalculatorKit-ackorybalcxbfocbkqsfdzcfkgmn/SourcePackages/checkouts/swift-math-parser/Sources/MathParser/Dictionary-extension.swift
        /Users/rogerlin/Library/Developer/Xcode/DerivedData/FinancialCalculatorKit-ackorybalcxbfocbkqsfdzcfkgmn/SourcePackages/checkouts/swift-math-parser/Sources/MathParser/Double-extension.swift
        /Users/rogerlin/Library/Developer/Xcode/DerivedData/FinancialCalculatorKit-ackorybalcxbfocbkqsfdzcfkgmn/SourcePackages/checkouts/swift-math-parser/Sources/MathParser/Evaluator.swift
        /Users/rogerlin/Library/Developer/Xcode/DerivedData/FinancialCalculatorKit-ackorybalcxbfocbkqsfdzcfkgmn/SourcePackages/checkouts/swift-math-parser/Sources/MathParser/InfixOperation.swift
        /Users/rogerlin/Library/Developer/Xcode/DerivedData/FinancialCalculatorKit-ackorybalcxbfocbkqsfdzcfkgmn/SourcePackages/checkouts/swift-math-parser/Sources/MathParser/MathParser.swift
        /Users/rogerlin/Library/Developer/Xcode/DerivedData/FinancialCalculatorKit-ackorybalcxbfocbkqsfdzcfkgmn/SourcePackages/checkouts/swift-math-parser/Sources/MathParser/MathParserError.swift
        /Users/rogerlin/Library/Developer/Xcode/DerivedData/FinancialCalculatorKit-ackorybalcxbfocbkqsfdzcfkgmn/SourcePackages/checkouts/swift-math-parser/Sources/MathParser/Token.swift
        /Users/rogerlin/Library/Developer/Xcode/DerivedData/FinancialCalculatorKit-ackorybalcxbfocbkqsfdzcfkgmn/SourcePackages/checkouts/swift-math-parser/Sources/MathParser/Utils.swift
        /Users/rogerlin/Library/Developer/Xcode/DerivedData/FinancialCalculatorKit-ackorybalcxbfocbkqsfdzcfkgmn/Build/Products/Debug/CasePathsMacros
        /Users/rogerlin/Library/Developer/Xcode/DerivedData/FinancialCalculatorKit-ackorybalcxbfocbkqsfdzcfkgmn/Build/Intermediates.noindex/swift-math-parser.build/Debug/MathParser.build/Objects-normal/arm64/MathParser.SwiftFileList
        /Users/rogerlin/Library/Developer/Xcode/DerivedData/FinancialCalculatorKit-ackorybalcxbfocbkqsfdzcfkgmn/Build/Intermediates.noindex/swift-math-parser.build/Debug/MathParser.build/Objects-normal/arm64/MathParser-OutputFileMap.json
        /Users/rogerlin/Library/Developer/Xcode/DerivedData/FinancialCalculatorKit-ackorybalcxbfocbkqsfdzcfkgmn/Build/Intermediates.noindex/swift-math-parser.build/Debug/MathParser.build/Objects-normal/arm64/MathParser_const_extract_protocols.json
        /Users/rogerlin/Library/Developer/Xcode/DerivedData/FinancialCalculatorKit-ackorybalcxbfocbkqsfdzcfkgmn/Build/Intermediates.noindex/GeneratedModuleMaps/MathParser.modulemap
        /Users/rogerlin/Library/Developer/Xcode/DerivedData/FinancialCalculatorKit-ackorybalcxbfocbkqsfdzcfkgmn/SourcePackages/checkouts/swift-math-parser/Sources/MathParser/Dictionary-extension.swift
        /Users/rogerlin/Library/Developer/Xcode/DerivedData/FinancialCalculatorKit-ackorybalcxbfocbkqsfdzcfkgmn/SourcePackages/checkouts/swift-math-parser/Sources/MathParser/Double-extension.swift
        /Users/rogerlin/Library/Developer/Xcode/DerivedData/FinancialCalculatorKit-ackorybalcxbfocbkqsfdzcfkgmn/SourcePackages/checkouts/swift-math-parser/Sources/MathParser/Evaluator.swift
        /Users/rogerlin/Library/Developer/Xcode/DerivedData/FinancialCalculatorKit-ackorybalcxbfocbkqsfdzcfkgmn/SourcePackages/checkouts/swift-math-parser/Sources/MathParser/InfixOperation.swift
        /Users/rogerlin/Library/Developer/Xcode/DerivedData/FinancialCalculatorKit-ackorybalcxbfocbkqsfdzcfkgmn/SourcePackages/checkouts/swift-math-parser/Sources/MathParser/MathParser.swift
        /Users/rogerlin/Library/Developer/Xcode/DerivedData/FinancialCalculatorKit-ackorybalcxbfocbkqsfdzcfkgmn/SourcePackages/checkouts/swift-math-parser/Sources/MathParser/MathParserError.swift
        /Users/rogerlin/Library/Developer/Xcode/DerivedData/FinancialCalculatorKit-ackorybalcxbfocbkqsfdzcfkgmn/SourcePackages/checkouts/swift-math-parser/Sources/MathParser/Token.swift
        /Users/rogerlin/Library/Developer/Xcode/DerivedData/FinancialCalculatorKit-ackorybalcxbfocbkqsfdzcfkgmn/SourcePackages/checkouts/swift-math-parser/Sources/MathParser/Utils.swift
        /Users/rogerlin/Library/Developer/Xcode/DerivedData/FinancialCalculatorKit-ackorybalcxbfocbkqsfdzcfkgmn/Build/Products/Debug/CasePathsMacros
        /Users/rogerlin/Library/Developer/Xcode/DerivedData/FinancialCalculatorKit-ackorybalcxbfocbkqsfdzcfkgmn/Build/Intermediates.noindex/swift-math-parser.build/Debug/MathParser.build/Objects-normal/arm64/MathParser.SwiftFileList
        /Users/rogerlin/Library/Developer/Xcode/DerivedData/FinancialCalculatorKit-ackorybalcxbfocbkqsfdzcfkgmn/Build/Intermediates.noindex/swift-math-parser.build/Debug/MathParser.build/Objects-normal/arm64/MathParser-OutputFileMap.json
        /Users/rogerlin/Library/Developer/Xcode/DerivedData/FinancialCalculatorKit-ackorybalcxbfocbkqsfdzcfkgmn/Build/Intermediates.noindex/swift-math-parser.build/Debug/MathParser.build/Objects-normal/arm64/MathParser_const_extract_protocols.json
        /Users/rogerlin/Library/Developer/Xcode/DerivedData/FinancialCalculatorKit-ackorybalcxbfocbkqsfdzcfkgmn/Build/Intermediates.noindex/GeneratedModuleMaps/MathParser.modulemap
        <ClangStatCache /Users/rogerlin/Library/Developer/Xcode/DerivedData/SDKStatCaches.noindex/macosx26.1-25B74-3ae1261907bdadc328169391a47051a6.sdkstatcache>
        <target-MathParser-PACKAGE-TARGET:MathParser-SDKROOT:macosx:SDK_VARIANT:macos-copy-headers-completion>
        <target-MathParser-PACKAGE-TARGET:MathParser-SDKROOT:macosx:SDK_VARIANT:macos-ModuleVerifierTaskProducer>
        <target-MathParser-PACKAGE-TARGET:MathParser-SDKROOT:macosx:SDK_VARIANT:macos-begin-compiling>
        <WorkspaceHeaderMapVFSFilesWritten>

    Task output dependencies:
        /Users/rogerlin/Library/Developer/Xcode/DerivedData/FinancialCalculatorKit-ackorybalcxbfocbkqsfdzcfkgmn/Build/Intermediates.noindex/swift-math-parser.build/Debug/MathParser.build/Objects-normal/arm64/MathParser Swift Compilation Requirements Finished
        /Users/rogerlin/Library/Developer/Xcode/DerivedData/FinancialCalculatorKit-ackorybalcxbfocbkqsfdzcfkgmn/Build/Intermediates.noindex/swift-math-parser.build/Debug/MathParser.build/Objects-normal/arm64/MathParser.swiftmodule
        /Users/rogerlin/Library/Developer/Xcode/DerivedData/FinancialCalculatorKit-ackorybalcxbfocbkqsfdzcfkgmn/Build/Intermediates.noindex/swift-math-parser.build/Debug/MathParser.build/Objects-normal/arm64/MathParser-linker-args.resp
        /Users/rogerlin/Library/Developer/Xcode/DerivedData/FinancialCalculatorKit-ackorybalcxbfocbkqsfdzcfkgmn/Build/Intermediates.noindex/swift-math-parser.build/Debug/MathParser.build/Objects-normal/arm64/MathParser.swiftsourceinfo
        /Users/rogerlin/Library/Developer/Xcode/DerivedData/FinancialCalculatorKit-ackorybalcxbfocbkqsfdzcfkgmn/Build/Intermediates.noindex/swift-math-parser.build/Debug/MathParser.build/Objects-normal/arm64/MathParser.abi.json
        /Users/rogerlin/Library/Developer/Xcode/DerivedData/FinancialCalculatorKit-ackorybalcxbfocbkqsfdzcfkgmn/Build/Intermediates.noindex/swift-math-parser.build/Debug/MathParser.build/Objects-normal/arm64/MathParser-Swift.h
        /Users/rogerlin/Library/Developer/Xcode/DerivedData/FinancialCalculatorKit-ackorybalcxbfocbkqsfdzcfkgmn/Build/Intermediates.noindex/swift-math-parser.build/Debug/MathParser.build/Objects-normal/arm64/MathParser.swiftdoc
Discovered dependency nodes:
/Applications/Xcode.app/Contents/Developer/Platforms/MacOSX.platform/Developer/SDKs/MacOSX26.1.sdk/System/Library/Frameworks/CFNetwork.framework/Modules/module.modulemap
/Applications/Xcode.app/Contents/Developer/Platforms/MacOSX.platform/Developer/SDKs/MacOSX26.1.sdk/System/Library/Frameworks/CFNetwork.framework/Headers/CFNetwork.h
/Applications/Xcode.app/Contents/Developer/Platforms/MacOSX.platform/Developer/SDKs/MacOSX26.1.sdk/System/Library/Frameworks/CoreFoundation.framework/Modules/module.modulemap
/Applications/Xcode.app/Contents/Developer/Platforms/MacOSX.platform/Developer/SDKs/MacOSX26.1.sdk/System/Library/Frameworks/CFNetwork.framework/Headers/CFNetworkDefs.h
/Applications/Xcode.app/Contents/Developer/Platforms/MacOSX.platform/Developer/SDKs/MacOSX26.1.sdk/usr/include/Darwin.modulemap
/Applications/Xcode.app/Contents/Developer/Platforms/MacOSX.platform/Developer/SDKs/MacOSX26.1.sdk/System/Library/Frameworks/CFNetwork.framework/Headers/CFNetworkErrors.h
/Applications/Xcode.app/Contents/Developer/Platforms/MacOSX.platform/Developer/SDKs/MacOSX26.1.sdk/System/Library/Frameworks/CFNetwork.framework/Headers/CFSocketStream.h
/Applications/Xcode.app/Contents/Developer/Platforms/MacOSX.platform/Developer/SDKs/MacOSX26.1.sdk/System/Library/Frameworks/CFNetwork.framework/Headers/CFHost.h
/Applications/Xcode.app/Contents/Developer/Platforms/MacOSX.platform/Developer/SDKs/MacOSX26.1.sdk/System/Library/Frameworks/CFNetwork.framework/Headers/CFNetServices.h
/Applications/Xcode.app/Contents/Developer/Platforms/MacOSX.platform/Developer/SDKs/MacOSX26.1.sdk/System/Library/Frameworks/CFNetwork.framework/Headers/CFFTPStream.h
/Applications/Xcode.app/Contents/Developer/Platforms/MacOSX.platform/Developer/SDKs/MacOSX26.1.sdk/System/Library/Frameworks/CFNetwork.framework/Headers/CFHTTPMessage.h
/Applications/Xcode.app/Contents/Developer/Platforms/MacOSX.platform/Developer/SDKs/MacOSX26.1.sdk/System/Library/Frameworks/CFNetwork.framework/Headers/CFHTTPStream.h
/Applications/Xcode.app/Contents/Developer/Platforms/MacOSX.platform/Developer/SDKs/MacOSX26.1.sdk/System/Library/Frameworks/CFNetwork.framework/Headers/CFHTTPAuthentication.h
/Applications/Xcode.app/Contents/Developer/Platforms/MacOSX.platform/Developer/SDKs/MacOSX26.1.sdk/System/Library/Frameworks/CFNetwork.framework/Headers/CFNetDiagnostics.h
/Applications/Xcode.app/Contents/Developer/Toolchains/XcodeDefault.xctoolchain/usr/lib/swift/clang/include/module.modulemap
/Applications/Xcode.app/Contents/Developer/Platforms/MacOSX.platform/Developer/SDKs/MacOSX26.1.sdk/System/Library/Frameworks/CFNetwork.framework/Headers/CFProxySupport.h
/Applications/Xcode.app/Contents/Developer/Platforms/MacOSX.platform/Developer/SDKs/MacOSX26.1.sdk/SDKSettings.json
/Users/rogerlin/Library/Developer/Xcode/DerivedData/FinancialCalculatorKit-ackorybalcxbfocbkqsfdzcfkgmn/Build/Products/Debug/CasePaths.swiftmodule/arm64-apple-macos.swiftmodule
/Users/rogerlin/Library/Developer/Xcode/DerivedData/FinancialCalculatorKit-ackorybalcxbfocbkqsfdzcfkgmn/Build/Products/Debug/CasePathsCore.swiftmodule/arm64-apple-macos.swiftmodule
/Applications/Xcode.app/Contents/Developer/Toolchains/XcodeDefault.xctoolchain/usr/lib/swift/macosx/prebuilt-modules/26.1/Combine.swiftmodule/arm64e-apple-macos.swiftmodule
/Applications/Xcode.app/Contents/Developer/Toolchains/XcodeDefault.xctoolchain/usr/lib/swift/macosx/prebuilt-modules/26.1/CoreFoundation.swiftmodule/arm64e-apple-macos.swiftmodule
/Applications/Xcode.app/Contents/Developer/Platforms/MacOSX.platform/Developer/SDKs/MacOSX26.1.sdk/System/Library/Frameworks/CoreFoundation.framework/Modules/module.modulemap
/Applications/Xcode.app/Contents/Developer/Platforms/MacOSX.platform/Developer/SDKs/MacOSX26.1.sdk/System/Library/Frameworks/CoreFoundation.framework/Headers/CoreFoundation.h
/Applications/Xcode.app/Contents/Developer/Platforms/MacOSX.platform/Developer/SDKs/MacOSX26.1.sdk/usr/include/dispatch.modulemap
/Applications/Xcode.app/Contents/Developer/Platforms/MacOSX.platform/Developer/SDKs/MacOSX26.1.sdk/usr/include/Darwin.modulemap
/Applications/Xcode.app/Contents/Developer/Platforms/MacOSX.platform/Developer/SDKs/MacOSX26.1.sdk/usr/include/Darwin_C.modulemap
/Applications/Xcode.app/Contents/Developer/Platforms/MacOSX.platform/Developer/SDKs/MacOSX26.1.sdk/usr/include/Darwin_POSIX.modulemap
/Applications/Xcode.app/Contents/Developer/Platforms/MacOSX.platform/Developer/SDKs/MacOSX26.1.sdk/usr/include/net.modulemap
/Applications/Xcode.app/Contents/Developer/Platforms/MacOSX.platform/Developer/SDKs/MacOSX26.1.sdk/usr/include/netinet.modulemap
/Applications/Xcode.app/Contents/Developer/Platforms/MacOSX.platform/Developer/SDKs/MacOSX26.1.sdk/usr/include/bank.modulemap
/Applications/Xcode.app/Contents/Developer/Platforms/MacOSX.platform/Developer/SDKs/MacOSX26.1.sdk/usr/include/Darwin_Mach.modulemap
/Applications/Xcode.app/Contents/Developer/Platforms/MacOSX.platform/Developer/SDKs/MacOSX26.1.sdk/usr/include/Darwin_Mach_machine.modulemap
/Applications/Xcode.app/Contents/Developer/Platforms/MacOSX.platform/Developer/SDKs/MacOSX26.1.sdk/usr/include/mach_debug.modulemap
/Applications/Xcode.app/Contents/Developer/Platforms/MacOSX.platform/Developer/SDKs/MacOSX26.1.sdk/usr/include/device.modulemap
/Applications/Xcode.app/Contents/Developer/Platforms/MacOSX.platform/Developer/SDKs/MacOSX26.1.sdk/usr/include/Darwin_machine.modulemap
/Applications/Xcode.app/Contents/Developer/Platforms/MacOSX.platform/Developer/SDKs/MacOSX26.1.sdk/usr/include/ncurses.modulemap
/Applications/Xcode.app/Contents/Developer/Platforms/MacOSX.platform/Developer/SDKs/MacOSX26.1.sdk/usr/include/netinet6.modulemap
/Applications/Xcode.app/Contents/Developer/Platforms/MacOSX.platform/Developer/SDKs/MacOSX26.1.sdk/usr/include/Darwin_sys.modulemap
/Applications/Xcode.app/Contents/Developer/Platforms/MacOSX.platform/Developer/SDKs/MacOSX26.1.sdk/usr/include/uuid.modulemap
/Applications/Xcode.app/Contents/Developer/Platforms/MacOSX.platform/Developer/SDKs/MacOSX26.1.sdk/usr/include/DarwinFoundation2.modulemap
/Applications/Xcode.app/Contents/Developer/Platforms/MacOSX.platform/Developer/SDKs/MacOSX26.1.sdk/usr/include/DarwinFoundation3.modulemap
/Applications/Xcode.app/Contents/Developer/Platforms/MacOSX.platform/Developer/SDKs/MacOSX26.1.sdk/usr/include/DarwinFoundation1.modulemap
/Applications/Xcode.app/Contents/Developer/Toolchains/XcodeDefault.xctoolchain/usr/lib/swift/clang/include/module.modulemap
/Applications/Xcode.app/Contents/Developer/Toolchains/XcodeDefault.xctoolchain/usr/lib/swift/clang/include/stdarg.h
/Applications/Xcode.app/Contents/Developer/Platforms/MacOSX.platform/Developer/SDKs/MacOSX26.1.sdk/usr/include/assert.h
/Applications/Xcode.app/Contents/Developer/Platforms/MacOSX.platform/Developer/SDKs/MacOSX26.1.sdk/usr/include/ctype.h
/Applications/Xcode.app/Contents/Developer/Toolchains/XcodeDefault.xctoolchain/usr/lib/swift/clang/include/stddef.h
/Applications/Xcode.app/Contents/Developer/Platforms/MacOSX.platform/Developer/SDKs/MacOSX26.1.sdk/usr/include/stdio.h
/Applications/Xcode.app/Contents/Developer/Platforms/MacOSX.platform/Developer/SDKs/MacOSX26.1.sdk/usr/include/stdlib.h
/Applications/Xcode.app/Contents/Developer/Platforms/MacOSX.platform/Developer/SDKs/MacOSX26.1.sdk/usr/include/string.h
/Applications/Xcode.app/Contents/Developer/Platforms/MacOSX.platform/Developer/SDKs/MacOSX26.1.sdk/usr/include/time.h
/Applications/Xcode.app/Contents/Developer/Platforms/MacOSX.platform/Developer/SDKs/MacOSX26.1.sdk/System/Library/Frameworks/CoreFoundation.framework/Headers/CFBase.h
/Applications/Xcode.app/Contents/Developer/Platforms/MacOSX.platform/Developer/SDKs/MacOSX26.1.sdk/System/Library/Frameworks/CoreFoundation.framework/Headers/CFAvailability.h
/Applications/Xcode.app/Contents/Developer/Platforms/MacOSX.platform/Developer/SDKs/MacOSX26.1.sdk/System/Library/Frameworks/CoreFoundation.framework/Headers/CFArray.h
/Applications/Xcode.app/Contents/Developer/Platforms/MacOSX.platform/Developer/SDKs/MacOSX26.1.sdk/System/Library/Frameworks/CoreFoundation.framework/Headers/CFBag.h
/Applications/Xcode.app/Contents/Developer/Platforms/MacOSX.platform/Developer/SDKs/MacOSX26.1.sdk/System/Library/Frameworks/CoreFoundation.framework/Headers/CFBinaryHeap.h
/Applications/Xcode.app/Contents/Developer/Platforms/MacOSX.platform/Developer/SDKs/MacOSX26.1.sdk/System/Library/Frameworks/CoreFoundation.framework/Headers/CFBitVector.h
/Applications/Xcode.app/Contents/Developer/Platforms/MacOSX.platform/Developer/SDKs/MacOSX26.1.sdk/System/Library/Frameworks/CoreFoundation.framework/Headers/CFByteOrder.h
/Applications/Xcode.app/Contents/Developer/Platforms/MacOSX.platform/Developer/SDKs/MacOSX26.1.sdk/System/Library/Frameworks/CoreFoundation.framework/Headers/CFCalendar.h
/Applications/Xcode.app/Contents/Developer/Platforms/MacOSX.platform/Developer/SDKs/MacOSX26.1.sdk/System/Library/Frameworks/CoreFoundation.framework/Headers/CFLocale.h
/Applications/Xcode.app/Contents/Developer/Platforms/MacOSX.platform/Developer/SDKs/MacOSX26.1.sdk/System/Library/Frameworks/CoreFoundation.framework/Headers/CFDictionary.h
/Applications/Xcode.app/Contents/Developer/Platforms/MacOSX.platform/Developer/SDKs/MacOSX26.1.sdk/System/Library/Frameworks/CoreFoundation.framework/Headers/CFNotificationCenter.h
/Applications/Xcode.app/Contents/Developer/Platforms/MacOSX.platform/Developer/SDKs/MacOSX26.1.sdk/System/Library/Frameworks/CoreFoundation.framework/Headers/CFDate.h
/Applications/Xcode.app/Contents/Developer/Platforms/MacOSX.platform/Developer/SDKs/MacOSX26.1.sdk/System/Library/Frameworks/CoreFoundation.framework/Headers/CFTimeZone.h
/Applications/Xcode.app/Contents/Developer/Platforms/MacOSX.platform/Developer/SDKs/MacOSX26.1.sdk/System/Library/Frameworks/CoreFoundation.framework/Headers/CFData.h
/Applications/Xcode.app/Contents/Developer/Platforms/MacOSX.platform/Developer/SDKs/MacOSX26.1.sdk/System/Library/Frameworks/CoreFoundation.framework/Headers/CFString.h
/Applications/Xcode.app/Contents/Developer/Platforms/MacOSX.platform/Developer/SDKs/MacOSX26.1.sdk/System/Library/Frameworks/CoreFoundation.framework/Headers/CFCharacterSet.h
/Applications/Xcode.app/Contents/Developer/Platforms/MacOSX.platform/Developer/SDKs/MacOSX26.1.sdk/System/Library/Frameworks/CoreFoundation.framework/Headers/CFError.h
/Applications/Xcode.app/Contents/Developer/Platforms/MacOSX.platform/Developer/SDKs/MacOSX26.1.sdk/System/Library/Frameworks/CoreFoundation.framework/Headers/CFCGTypes.h
/Applications/Xcode.app/Contents/Developer/Platforms/MacOSX.platform/Developer/SDKs/MacOSX26.1.sdk/System/Library/Frameworks/CoreFoundation.framework/Headers/CFDateFormatter.h
/Applications/Xcode.app/Contents/Developer/Platforms/MacOSX.platform/Developer/SDKs/MacOSX26.1.sdk/System/Library/Frameworks/CoreFoundation.framework/Headers/CFNumber.h
/Applications/Xcode.app/Contents/Developer/Platforms/MacOSX.platform/Developer/SDKs/MacOSX26.1.sdk/System/Library/Frameworks/CoreFoundation.framework/Headers/CFNumberFormatter.h
/Applications/Xcode.app/Contents/Developer/Platforms/MacOSX.platform/Developer/SDKs/MacOSX26.1.sdk/System/Library/Frameworks/CoreFoundation.framework/Headers/CFPreferences.h
/Applications/Xcode.app/Contents/Developer/Platforms/MacOSX.platform/Developer/SDKs/MacOSX26.1.sdk/System/Library/Frameworks/CoreFoundation.framework/Headers/CFPropertyList.h
/Applications/Xcode.app/Contents/Developer/Platforms/MacOSX.platform/Developer/SDKs/MacOSX26.1.sdk/System/Library/Frameworks/CoreFoundation.framework/Headers/CFStream.h
/Applications/Xcode.app/Contents/Developer/Platforms/MacOSX.platform/Developer/SDKs/MacOSX26.1.sdk/System/Library/Frameworks/CoreFoundation.framework/Headers/CFURL.h
/Applications/Xcode.app/Contents/Developer/Platforms/MacOSX.platform/Developer/SDKs/MacOSX26.1.sdk/System/Library/Frameworks/CoreFoundation.framework/Headers/CFRunLoop.h
/Applications/Xcode.app/Contents/Developer/Platforms/MacOSX.platform/Developer/SDKs/MacOSX26.1.sdk/System/Library/Frameworks/CoreFoundation.framework/Headers/CFSocket.h
/Applications/Xcode.app/Contents/Developer/Platforms/MacOSX.platform/Developer/SDKs/MacOSX26.1.sdk/System/Library/Frameworks/CoreFoundation.framework/Headers/CFSet.h
/Applications/Xcode.app/Contents/Developer/Platforms/MacOSX.platform/Developer/SDKs/MacOSX26.1.sdk/System/Library/Frameworks/CoreFoundation.framework/Headers/CFStringEncodingExt.h
/Applications/Xcode.app/Contents/Developer/Platforms/MacOSX.platform/Developer/SDKs/MacOSX26.1.sdk/System/Library/Frameworks/CoreFoundation.framework/Headers/CFTree.h
/Applications/Xcode.app/Contents/Developer/Platforms/MacOSX.platform/Developer/SDKs/MacOSX26.1.sdk/System/Library/Frameworks/CoreFoundation.framework/Headers/CFURLAccess.h
/Applications/Xcode.app/Contents/Developer/Platforms/MacOSX.platform/Developer/SDKs/MacOSX26.1.sdk/System/Library/Frameworks/CoreFoundation.framework/Headers/CFUUID.h
/Applications/Xcode.app/Contents/Developer/Platforms/MacOSX.platform/Developer/SDKs/MacOSX26.1.sdk/System/Library/Frameworks/CoreFoundation.framework/Headers/CFUtilities.h
/Applications/Xcode.app/Contents/Developer/Platforms/MacOSX.platform/Developer/SDKs/MacOSX26.1.sdk/System/Library/Frameworks/CoreFoundation.framework/Headers/CFBundle.h
/Applications/Xcode.app/Contents/Developer/Platforms/MacOSX.platform/Developer/SDKs/MacOSX26.1.sdk/System/Library/Frameworks/CoreFoundation.framework/Headers/CFMessagePort.h
/Applications/Xcode.app/Contents/Developer/Platforms/MacOSX.platform/Developer/SDKs/MacOSX26.1.sdk/System/Library/Frameworks/CoreFoundation.framework/Headers/CFPlugIn.h
/Applications/Xcode.app/Contents/Developer/Platforms/MacOSX.platform/Developer/SDKs/MacOSX26.1.sdk/System/Library/Frameworks/CoreFoundation.framework/Headers/CFMachPort.h
/Applications/Xcode.app/Contents/Developer/Platforms/MacOSX.platform/Developer/SDKs/MacOSX26.1.sdk/System/Library/Frameworks/CoreFoundation.framework/Headers/CFAttributedString.h
/Applications/Xcode.app/Contents/Developer/Platforms/MacOSX.platform/Developer/SDKs/MacOSX26.1.sdk/System/Library/Frameworks/CoreFoundation.framework/Headers/CFURLEnumerator.h
/Applications/Xcode.app/Contents/Developer/Platforms/MacOSX.platform/Developer/SDKs/MacOSX26.1.sdk/System/Library/Frameworks/CoreFoundation.framework/Headers/CFFileSecurity.h
/Applications/Xcode.app/Contents/Developer/Platforms/MacOSX.platform/Developer/SDKs/MacOSX26.1.sdk/System/Library/Frameworks/CoreFoundation.framework/Headers/CFStringTokenizer.h
/Applications/Xcode.app/Contents/Developer/Platforms/MacOSX.platform/Developer/SDKs/MacOSX26.1.sdk/System/Library/Frameworks/CoreFoundation.framework/Headers/CFFileDescriptor.h
/Applications/Xcode.app/Contents/Developer/Platforms/MacOSX.platform/Developer/SDKs/MacOSX26.1.sdk/System/Library/Frameworks/CoreFoundation.framework/Headers/CFUserNotification.h
/Applications/Xcode.app/Contents/Developer/Platforms/MacOSX.platform/Developer/SDKs/MacOSX26.1.sdk/System/Library/Frameworks/CoreFoundation.framework/Headers/CFXMLNode.h
/Applications/Xcode.app/Contents/Developer/Platforms/MacOSX.platform/Developer/SDKs/MacOSX26.1.sdk/System/Library/Frameworks/CoreFoundation.framework/Headers/CFXMLParser.h
/Applications/Xcode.app/Contents/Developer/Platforms/MacOSX.platform/Developer/SDKs/MacOSX26.1.sdk/System/Library/Frameworks/CoreFoundation.framework/Headers/CFPlugInCOM.h
/Applications/Xcode.app/Contents/Developer/Platforms/MacOSX.platform/Developer/SDKs/MacOSX26.1.sdk/SDKSettings.json
/Applications/Xcode.app/Contents/Developer/Platforms/MacOSX.platform/Developer/SDKs/MacOSX26.1.sdk/System/Library/Frameworks/CoreServices.framework/Modules/module.modulemap
/Applications/Xcode.app/Contents/Developer/Platforms/MacOSX.platform/Developer/SDKs/MacOSX26.1.sdk/System/Library/Frameworks/CoreServices.framework/Headers/CoreServices.h
/Applications/Xcode.app/Contents/Developer/Platforms/MacOSX.platform/Developer/SDKs/MacOSX26.1.sdk/System/Library/Frameworks/CoreFoundation.framework/Modules/module.modulemap
/Applications/Xcode.app/Contents/Developer/Platforms/MacOSX.platform/Developer/SDKs/MacOSX26.1.sdk/System/Library/Frameworks/CoreServices.framework/Frameworks/AE.framework/Headers/AE.h
/Applications/Xcode.app/Contents/Developer/Platforms/MacOSX.platform/Developer/SDKs/MacOSX26.1.sdk/System/Library/Frameworks/CoreServices.framework/Frameworks/CarbonCore.framework/Headers/CarbonCore.h
/Applications/Xcode.app/Contents/Developer/Platforms/MacOSX.platform/Developer/SDKs/MacOSX26.1.sdk/System/Library/Frameworks/CoreServices.framework/Frameworks/CarbonCore.framework/Headers/Finder.h
/Applications/Xcode.app/Contents/Developer/Platforms/MacOSX.platform/Developer/SDKs/MacOSX26.1.sdk/usr/include/dispatch.modulemap
/Applications/Xcode.app/Contents/Developer/Platforms/MacOSX.platform/Developer/SDKs/MacOSX26.1.sdk/usr/include/Darwin.modulemap
/Applications/Xcode.app/Contents/Developer/Platforms/MacOSX.platform/Developer/SDKs/MacOSX26.1.sdk/usr/include/DarwinFoundation2.modulemap
/Applications/Xcode.app/Contents/Developer/Platforms/MacOSX.platform/Developer/SDKs/MacOSX26.1.sdk/usr/include/DarwinFoundation1.modulemap
/Applications/Xcode.app/Contents/Developer/Platforms/MacOSX.platform/Developer/SDKs/MacOSX26.1.sdk/System/Library/Frameworks/CoreServices.framework/Frameworks/CarbonCore.framework/Headers/FixMath.h
/Applications/Xcode.app/Contents/Developer/Platforms/MacOSX.platform/Developer/SDKs/MacOSX26.1.sdk/System/Library/Frameworks/CoreServices.framework/Frameworks/CarbonCore.framework/Headers/Script.h
/Applications/Xcode.app/Contents/Developer/Platforms/MacOSX.platform/Developer/SDKs/MacOSX26.1.sdk/System/Library/Frameworks/CoreServices.framework/Frameworks/CarbonCore.framework/Headers/IntlResources.h
/Applications/Xcode.app/Contents/Developer/Platforms/MacOSX.platform/Developer/SDKs/MacOSX26.1.sdk/System/Library/Frameworks/CoreServices.framework/Frameworks/CarbonCore.framework/Headers/UTCUtils.h
/Applications/Xcode.app/Contents/Developer/Platforms/MacOSX.platform/Developer/SDKs/MacOSX26.1.sdk/System/Library/Frameworks/CoreServices.framework/Frameworks/CarbonCore.framework/Headers/MacErrors.h
/Applications/Xcode.app/Contents/Developer/Platforms/MacOSX.platform/Developer/SDKs/MacOSX26.1.sdk/System/Library/Frameworks/CoreServices.framework/Frameworks/CarbonCore.framework/Headers/TextCommon.h
/Applications/Xcode.app/Contents/Developer/Platforms/MacOSX.platform/Developer/SDKs/MacOSX26.1.sdk/System/Library/Frameworks/CoreServices.framework/Frameworks/CarbonCore.framework/Headers/Collections.h
/Applications/Xcode.app/Contents/Developer/Platforms/MacOSX.platform/Developer/SDKs/MacOSX26.1.sdk/System/Library/Frameworks/CoreServices.framework/Frameworks/CarbonCore.framework/Headers/MixedMode.h
/Applications/Xcode.app/Contents/Developer/Platforms/MacOSX.platform/Developer/SDKs/MacOSX26.1.sdk/System/Library/Frameworks/CoreServices.framework/Frameworks/CarbonCore.framework/Headers/Endian.h
/Applications/Xcode.app/Contents/Developer/Platforms/MacOSX.platform/Developer/SDKs/MacOSX26.1.sdk/System/Library/Frameworks/CoreServices.framework/Frameworks/CarbonCore.framework/Headers/Gestalt.h
/Applications/Xcode.app/Contents/Developer/Platforms/MacOSX.platform/Developer/SDKs/MacOSX26.1.sdk/System/Library/Frameworks/CoreServices.framework/Frameworks/CarbonCore.framework/Headers/MacMemory.h
/Applications/Xcode.app/Contents/Developer/Platforms/MacOSX.platform/Developer/SDKs/MacOSX26.1.sdk/System/Library/Frameworks/CoreServices.framework/Frameworks/CarbonCore.framework/Headers/Math64.h
/Applications/Xcode.app/Contents/Developer/Platforms/MacOSX.platform/Developer/SDKs/MacOSX26.1.sdk/System/Library/Frameworks/CoreServices.framework/Frameworks/CarbonCore.framework/Headers/BackupCore.h
/Applications/Xcode.app/Contents/Developer/Platforms/MacOSX.platform/Developer/SDKs/MacOSX26.1.sdk/System/Library/Frameworks/CoreServices.framework/Frameworks/CarbonCore.framework/Headers/DiskSpaceRecovery.h
/Applications/Xcode.app/Contents/Developer/Platforms/MacOSX.platform/Developer/SDKs/MacOSX26.1.sdk/System/Library/Frameworks/CoreServices.framework/Frameworks/CarbonCore.framework/Headers/Components.h
/Applications/Xcode.app/Contents/Developer/Platforms/MacOSX.platform/Developer/SDKs/MacOSX26.1.sdk/System/Library/Frameworks/CoreServices.framework/Frameworks/CarbonCore.framework/Headers/Files.h
/Applications/Xcode.app/Contents/Developer/Platforms/MacOSX.platform/Developer/SDKs/MacOSX26.1.sdk/System/Library/Frameworks/CoreServices.framework/Frameworks/CarbonCore.framework/Headers/OSUtils.h
/Applications/Xcode.app/Contents/Developer/Platforms/MacOSX.platform/Developer/SDKs/MacOSX26.1.sdk/System/Library/Frameworks/CoreServices.framework/Frameworks/CarbonCore.framework/Headers/DateTimeUtils.h
/Applications/Xcode.app/Contents/Developer/Platforms/MacOSX.platform/Developer/SDKs/MacOSX26.1.sdk/System/Library/Frameworks/DiskArbitration.framework/Modules/module.modulemap
/Applications/Xcode.app/Contents/Developer/Platforms/MacOSX.platform/Developer/SDKs/MacOSX26.1.sdk/System/Library/Frameworks/CoreServices.framework/Frameworks/CarbonCore.framework/Headers/Resources.h
/Applications/Xcode.app/Contents/Developer/Platforms/MacOSX.platform/Developer/SDKs/MacOSX26.1.sdk/System/Library/Frameworks/CoreServices.framework/Frameworks/CarbonCore.framework/Headers/CodeFragments.h
/Applications/Xcode.app/Contents/Developer/Platforms/MacOSX.platform/Developer/SDKs/MacOSX26.1.sdk/System/Library/Frameworks/CoreServices.framework/Frameworks/CarbonCore.framework/Headers/Multiprocessing.h
/Applications/Xcode.app/Contents/Developer/Platforms/MacOSX.platform/Developer/SDKs/MacOSX26.1.sdk/System/Library/Frameworks/CoreServices.framework/Frameworks/CarbonCore.framework/Headers/Aliases.h
/Applications/Xcode.app/Contents/Developer/Platforms/MacOSX.platform/Developer/SDKs/MacOSX26.1.sdk/System/Library/Frameworks/CoreServices.framework/Frameworks/CarbonCore.framework/Headers/MacLocales.h
/Applications/Xcode.app/Contents/Developer/Platforms/MacOSX.platform/Developer/SDKs/MacOSX26.1.sdk/System/Library/Frameworks/CoreServices.framework/Frameworks/CarbonCore.framework/Headers/Debugging.h
/Applications/Xcode.app/Contents/Developer/Platforms/MacOSX.platform/Developer/SDKs/MacOSX26.1.sdk/System/Library/Frameworks/CoreServices.framework/Frameworks/CarbonCore.framework/Headers/PLStringFuncs.h
/Applications/Xcode.app/Contents/Developer/Platforms/MacOSX.platform/Developer/SDKs/MacOSX26.1.sdk/System/Library/Frameworks/CoreServices.framework/Frameworks/CarbonCore.framework/Headers/DriverSynchronization.h
/Applications/Xcode.app/Contents/Developer/Platforms/MacOSX.platform/Developer/SDKs/MacOSX26.1.sdk/System/Library/Frameworks/CoreServices.framework/Frameworks/CarbonCore.framework/Headers/DriverServices.h
/Applications/Xcode.app/Contents/Developer/Platforms/MacOSX.platform/Developer/SDKs/MacOSX26.1.sdk/System/Library/Frameworks/CoreServices.framework/Frameworks/CarbonCore.framework/Headers/MachineExceptions.h
/Applications/Xcode.app/Contents/Developer/Platforms/MacOSX.platform/Developer/SDKs/MacOSX26.1.sdk/System/Library/Frameworks/CoreServices.framework/Frameworks/CarbonCore.framework/Headers/NumberFormatting.h
/Applications/Xcode.app/Contents/Developer/Platforms/MacOSX.platform/Developer/SDKs/MacOSX26.1.sdk/System/Library/Frameworks/CoreServices.framework/Frameworks/CarbonCore.framework/Headers/StringCompare.h
/Applications/Xcode.app/Contents/Developer/Platforms/MacOSX.platform/Developer/SDKs/MacOSX26.1.sdk/System/Library/Frameworks/CoreServices.framework/Frameworks/CarbonCore.framework/Headers/TextUtils.h
/Applications/Xcode.app/Contents/Developer/Platforms/MacOSX.platform/Developer/SDKs/MacOSX26.1.sdk/System/Library/Frameworks/CoreServices.framework/Frameworks/CarbonCore.framework/Headers/ToolUtils.h
/Applications/Xcode.app/Contents/Developer/Platforms/MacOSX.platform/Developer/SDKs/MacOSX26.1.sdk/System/Library/Frameworks/CoreServices.framework/Frameworks/CarbonCore.framework/Headers/UnicodeUtilities.h
/Applications/Xcode.app/Contents/Developer/Platforms/MacOSX.platform/Developer/SDKs/MacOSX26.1.sdk/System/Library/Frameworks/CoreServices.framework/Frameworks/CarbonCore.framework/Headers/fp.h
/Applications/Xcode.app/Contents/Developer/Platforms/MacOSX.platform/Developer/SDKs/MacOSX26.1.sdk/System/Library/Frameworks/CoreServices.framework/Frameworks/CarbonCore.framework/Headers/TextEncodingConverter.h
/Applications/Xcode.app/Contents/Developer/Platforms/MacOSX.platform/Developer/SDKs/MacOSX26.1.sdk/System/Library/Frameworks/CoreServices.framework/Frameworks/CarbonCore.framework/Headers/UnicodeConverter.h
/Applications/Xcode.app/Contents/Developer/Platforms/MacOSX.platform/Developer/SDKs/MacOSX26.1.sdk/System/Library/Frameworks/CoreServices.framework/Frameworks/CarbonCore.framework/Headers/Threads.h
/Applications/Xcode.app/Contents/Developer/Platforms/MacOSX.platform/Developer/SDKs/MacOSX26.1.sdk/System/Library/Frameworks/CoreServices.framework/Frameworks/CarbonCore.framework/Headers/Folders.h
/Applications/Xcode.app/Contents/Developer/Platforms/MacOSX.platform/Developer/SDKs/MacOSX26.1.sdk/System/Library/Frameworks/CoreServices.framework/Frameworks/CarbonCore.framework/Headers/Timer.h
/Applications/Xcode.app/Contents/Developer/Platforms/MacOSX.platform/Developer/SDKs/MacOSX26.1.sdk/System/Library/Frameworks/CoreServices.framework/Frameworks/CarbonCore.framework/Headers/MultiprocessingInfo.h
/Applications/Xcode.app/Contents/Developer/Platforms/MacOSX.platform/Developer/SDKs/MacOSX26.1.sdk/System/Library/Frameworks/CoreServices.framework/Frameworks/CarbonCore.framework/Headers/LowMem.h
/Applications/Xcode.app/Contents/Developer/Platforms/MacOSX.platform/Developer/SDKs/MacOSX26.1.sdk/System/Library/Frameworks/CoreServices.framework/Frameworks/CarbonCore.framework/Headers/AVLTree.h
/Applications/Xcode.app/Contents/Developer/Platforms/MacOSX.platform/Developer/SDKs/MacOSX26.1.sdk/System/Library/Frameworks/CoreServices.framework/Frameworks/CarbonCore.framework/Headers/PEFBinaryFormat.h
/Applications/Xcode.app/Contents/Developer/Platforms/MacOSX.platform/Developer/SDKs/MacOSX26.1.sdk/System/Library/Frameworks/CoreServices.framework/Frameworks/CarbonCore.framework/Headers/HFSVolumes.h
/Applications/Xcode.app/Contents/Developer/Platforms/MacOSX.platform/Developer/SDKs/MacOSX26.1.sdk/System/Library/Frameworks/CoreServices.framework/Frameworks/CarbonCore.framework/Headers/AIFF.h
/Applications/Xcode.app/Contents/Developer/Toolchains/XcodeDefault.xctoolchain/usr/lib/swift/clang/include/module.modulemap
/Applications/Xcode.app/Contents/Developer/Platforms/MacOSX.platform/Developer/SDKs/MacOSX26.1.sdk/System/Library/Frameworks/CoreServices.framework/Frameworks/CarbonCore.framework/Headers/TextEncodingPlugin.h
/Applications/Xcode.app/Contents/Developer/Platforms/MacOSX.platform/Developer/SDKs/MacOSX26.1.sdk/System/Library/Frameworks/CoreServices.framework/Frameworks/AE.framework/Headers/AEDataModel.h
/Applications/Xcode.app/Contents/Developer/Platforms/MacOSX.platform/Developer/SDKs/MacOSX26.1.sdk/System/Library/Frameworks/CoreServices.framework/Frameworks/AE.framework/Headers/AppleEvents.h
/Applications/Xcode.app/Contents/Developer/Platforms/MacOSX.platform/Developer/SDKs/MacOSX26.1.sdk/System/Library/Frameworks/CoreServices.framework/Frameworks/AE.framework/Headers/AEPackObject.h
/Applications/Xcode.app/Contents/Developer/Platforms/MacOSX.platform/Developer/SDKs/MacOSX26.1.sdk/System/Library/Frameworks/CoreServices.framework/Frameworks/AE.framework/Headers/AEObjects.h
/Applications/Xcode.app/Contents/Developer/Platforms/MacOSX.platform/Developer/SDKs/MacOSX26.1.sdk/System/Library/Frameworks/CoreServices.framework/Frameworks/AE.framework/Headers/AERegistry.h
/Applications/Xcode.app/Contents/Developer/Platforms/MacOSX.platform/Developer/SDKs/MacOSX26.1.sdk/System/Library/Frameworks/CoreServices.framework/Frameworks/AE.framework/Headers/AEUserTermTypes.h
/Applications/Xcode.app/Contents/Developer/Platforms/MacOSX.platform/Developer/SDKs/MacOSX26.1.sdk/System/Library/Frameworks/CoreServices.framework/Frameworks/AE.framework/Headers/AEHelpers.h
/Applications/Xcode.app/Contents/Developer/Toolchains/XcodeDefault.xctoolchain/usr/lib/swift/clang/include/stdarg.h
/Applications/Xcode.app/Contents/Developer/Platforms/MacOSX.platform/Developer/SDKs/MacOSX26.1.sdk/System/Library/Frameworks/CoreServices.framework/Frameworks/AE.framework/Headers/AEMach.h
/Applications/Xcode.app/Contents/Developer/Platforms/MacOSX.platform/Developer/SDKs/MacOSX26.1.sdk/System/Library/Frameworks/CFNetwork.framework/Modules/module.modulemap
/Applications/Xcode.app/Contents/Developer/Platforms/MacOSX.platform/Developer/SDKs/MacOSX26.1.sdk/System/Library/Frameworks/CoreServices.framework/Frameworks/DictionaryServices.framework/Headers/DictionaryServices.h
/Applications/Xcode.app/Contents/Developer/Platforms/MacOSX.platform/Developer/SDKs/MacOSX26.1.sdk/System/Library/Frameworks/CoreServices.framework/Frameworks/LaunchServices.framework/Headers/LaunchServices.h
/Applications/Xcode.app/Contents/Developer/Platforms/MacOSX.platform/Developer/SDKs/MacOSX26.1.sdk/System/Library/Frameworks/CoreServices.framework/Frameworks/LaunchServices.framework/Headers/IconsCore.h
/Applications/Xcode.app/Contents/Developer/Platforms/MacOSX.platform/Developer/SDKs/MacOSX26.1.sdk/System/Library/Frameworks/CoreServices.framework/Frameworks/OSServices.framework/Headers/OSServices.h
/Applications/Xcode.app/Contents/Developer/Platforms/MacOSX.platform/Developer/SDKs/MacOSX26.1.sdk/System/Library/Frameworks/CoreServices.framework/Frameworks/OSServices.framework/Headers/CSIdentity.h
/Applications/Xcode.app/Contents/Developer/Platforms/MacOSX.platform/Developer/SDKs/MacOSX26.1.sdk/System/Library/Frameworks/CoreServices.framework/Frameworks/OSServices.framework/Headers/CSIdentityBase.h
/Applications/Xcode.app/Contents/Developer/Platforms/MacOSX.platform/Developer/SDKs/MacOSX26.1.sdk/System/Library/Frameworks/Security.framework/Modules/module.modulemap
/Applications/Xcode.app/Contents/Developer/Platforms/MacOSX.platform/Developer/SDKs/MacOSX26.1.sdk/System/Library/Frameworks/CoreServices.framework/Frameworks/OSServices.framework/Headers/CSIdentityAuthority.h
/Applications/Xcode.app/Contents/Developer/Platforms/MacOSX.platform/Developer/SDKs/MacOSX26.1.sdk/System/Library/Frameworks/CoreServices.framework/Frameworks/OSServices.framework/Headers/CSIdentityQuery.h
/Applications/Xcode.app/Contents/Developer/Platforms/MacOSX.platform/Developer/SDKs/MacOSX26.1.sdk/System/Library/Frameworks/CoreServices.framework/Frameworks/OSServices.framework/Headers/IconStorage.h
/Applications/Xcode.app/Contents/Developer/Platforms/MacOSX.platform/Developer/SDKs/MacOSX26.1.sdk/System/Library/Frameworks/CoreServices.framework/Frameworks/OSServices.framework/Headers/Power.h
/Applications/Xcode.app/Contents/Developer/Platforms/MacOSX.platform/Developer/SDKs/MacOSX26.1.sdk/System/Library/Frameworks/CoreServices.framework/Frameworks/OSServices.framework/Headers/SecurityCore.h
/Applications/Xcode.app/Contents/Developer/Platforms/MacOSX.platform/Developer/SDKs/MacOSX26.1.sdk/System/Library/Frameworks/CoreServices.framework/Frameworks/OSServices.framework/Headers/KeychainCore.h
/Applications/Xcode.app/Contents/Developer/Platforms/MacOSX.platform/Developer/SDKs/MacOSX26.1.sdk/System/Library/Frameworks/CoreServices.framework/Frameworks/OSServices.framework/Headers/WSMethodInvocation.h
/Applications/Xcode.app/Contents/Developer/Platforms/MacOSX.platform/Developer/SDKs/MacOSX26.1.sdk/System/Library/Frameworks/CoreServices.framework/Frameworks/OSServices.framework/Headers/WSTypes.h
/Applications/Xcode.app/Contents/Developer/Platforms/MacOSX.platform/Developer/SDKs/MacOSX26.1.sdk/System/Library/Frameworks/CoreServices.framework/Frameworks/OSServices.framework/Headers/WSProtocolHandler.h
/Applications/Xcode.app/Contents/Developer/Platforms/MacOSX.platform/Developer/SDKs/MacOSX26.1.sdk/System/Library/Frameworks/CoreServices.framework/Frameworks/LaunchServices.framework/Headers/LSConstants.h
/Applications/Xcode.app/Contents/Developer/Platforms/MacOSX.platform/Developer/SDKs/MacOSX26.1.sdk/System/Library/Frameworks/CoreServices.framework/Frameworks/LaunchServices.framework/Headers/LSInfo.h
/Applications/Xcode.app/Contents/Developer/Platforms/MacOSX.platform/Developer/SDKs/MacOSX26.1.sdk/System/Library/Frameworks/CoreServices.framework/Frameworks/LaunchServices.framework/Headers/LSInfoDeprecated.h
/Applications/Xcode.app/Contents/Developer/Platforms/MacOSX.platform/Developer/SDKs/MacOSX26.1.sdk/System/Library/Frameworks/CoreServices.framework/Frameworks/LaunchServices.framework/Headers/LSOpen.h
/Applications/Xcode.app/Contents/Developer/Platforms/MacOSX.platform/Developer/SDKs/MacOSX26.1.sdk/System/Library/Frameworks/CoreServices.framework/Frameworks/LaunchServices.framework/Headers/LSOpenDeprecated.h
/Applications/Xcode.app/Contents/Developer/Platforms/MacOSX.platform/Developer/SDKs/MacOSX26.1.sdk/System/Library/Frameworks/CoreServices.framework/Frameworks/LaunchServices.framework/Headers/LSQuarantine.h
/Applications/Xcode.app/Contents/Developer/Platforms/MacOSX.platform/Developer/SDKs/MacOSX26.1.sdk/System/Library/Frameworks/CoreServices.framework/Frameworks/LaunchServices.framework/Headers/UTCoreTypes.h
/Applications/Xcode.app/Contents/Developer/Platforms/MacOSX.platform/Developer/SDKs/MacOSX26.1.sdk/System/Library/Frameworks/CoreServices.framework/Frameworks/LaunchServices.framework/Headers/UTType.h
/Applications/Xcode.app/Contents/Developer/Platforms/MacOSX.platform/Developer/SDKs/MacOSX26.1.sdk/System/Library/Frameworks/CoreServices.framework/Frameworks/Metadata.framework/Headers/Metadata.h
/Applications/Xcode.app/Contents/Developer/Platforms/MacOSX.platform/Developer/SDKs/MacOSX26.1.sdk/System/Library/Frameworks/CoreServices.framework/Frameworks/Metadata.framework/Headers/MDItem.h
/Applications/Xcode.app/Contents/Developer/Platforms/MacOSX.platform/Developer/SDKs/MacOSX26.1.sdk/System/Library/Frameworks/CoreServices.framework/Frameworks/Metadata.framework/Headers/MDLabel.h
/Applications/Xcode.app/Contents/Developer/Platforms/MacOSX.platform/Developer/SDKs/MacOSX26.1.sdk/System/Library/Frameworks/CoreServices.framework/Frameworks/Metadata.framework/Headers/MDQuery.h
/Applications/Xcode.app/Contents/Developer/Platforms/MacOSX.platform/Developer/SDKs/MacOSX26.1.sdk/System/Library/Frameworks/CoreServices.framework/Frameworks/Metadata.framework/Headers/MDSchema.h
/Applications/Xcode.app/Contents/Developer/Platforms/MacOSX.platform/Developer/SDKs/MacOSX26.1.sdk/System/Library/Frameworks/CoreServices.framework/Frameworks/Metadata.framework/Headers/MDImporter.h
/Applications/Xcode.app/Contents/Developer/Platforms/MacOSX.platform/Developer/SDKs/MacOSX26.1.sdk/System/Library/Frameworks/CoreServices.framework/Frameworks/SearchKit.framework/Headers/SearchKit.h
/Applications/Xcode.app/Contents/Developer/Platforms/MacOSX.platform/Developer/SDKs/MacOSX26.1.sdk/System/Library/Frameworks/CoreServices.framework/Frameworks/SearchKit.framework/Headers/SKDocument.h
/Applications/Xcode.app/Contents/Developer/Platforms/MacOSX.platform/Developer/SDKs/MacOSX26.1.sdk/System/Library/Frameworks/CoreServices.framework/Frameworks/SearchKit.framework/Headers/SKAnalysis.h
/Applications/Xcode.app/Contents/Developer/Platforms/MacOSX.platform/Developer/SDKs/MacOSX26.1.sdk/System/Library/Frameworks/CoreServices.framework/Frameworks/SearchKit.framework/Headers/SKIndex.h
/Applications/Xcode.app/Contents/Developer/Platforms/MacOSX.platform/Developer/SDKs/MacOSX26.1.sdk/System/Library/Frameworks/CoreServices.framework/Frameworks/SearchKit.framework/Headers/SKSearch.h
/Applications/Xcode.app/Contents/Developer/Platforms/MacOSX.platform/Developer/SDKs/MacOSX26.1.sdk/System/Library/Frameworks/CoreServices.framework/Frameworks/SearchKit.framework/Headers/SKSummary.h
/Applications/Xcode.app/Contents/Developer/Platforms/MacOSX.platform/Developer/SDKs/MacOSX26.1.sdk/System/Library/Frameworks/CoreServices.framework/Frameworks/FSEvents.framework/Headers/FSEvents.h
/Applications/Xcode.app/Contents/Developer/Platforms/MacOSX.platform/Developer/SDKs/MacOSX26.1.sdk/System/Library/Frameworks/CoreServices.framework/Frameworks/SharedFileList.framework/Headers/SharedFileList.h
/Applications/Xcode.app/Contents/Developer/Platforms/MacOSX.platform/Developer/SDKs/MacOSX26.1.sdk/System/Library/Frameworks/CoreServices.framework/Frameworks/SharedFileList.framework/Headers/LSSharedFileList.h
/Applications/Xcode.app/Contents/Developer/Platforms/MacOSX.platform/Developer/SDKs/MacOSX26.1.sdk/SDKSettings.json
/Applications/Xcode.app/Contents/Developer/Toolchains/XcodeDefault.xctoolchain/usr/lib/swift/macosx/prebuilt-modules/26.1/Darwin.swiftmodule/arm64e-apple-macos.swiftmodule
/Applications/Xcode.app/Contents/Developer/Platforms/MacOSX.platform/Developer/SDKs/MacOSX26.1.sdk/usr/include/Darwin.modulemap
/Applications/Xcode.app/Contents/Developer/Platforms/MacOSX.platform/Developer/SDKs/MacOSX26.1.sdk/usr/include/Darwin_C.modulemap
/Applications/Xcode.app/Contents/Developer/Platforms/MacOSX.platform/Developer/SDKs/MacOSX26.1.sdk/usr/include/Darwin_POSIX.modulemap
/Applications/Xcode.app/Contents/Developer/Platforms/MacOSX.platform/Developer/SDKs/MacOSX26.1.sdk/usr/include/net.modulemap
/Applications/Xcode.app/Contents/Developer/Platforms/MacOSX.platform/Developer/SDKs/MacOSX26.1.sdk/usr/include/netinet.modulemap
/Applications/Xcode.app/Contents/Developer/Platforms/MacOSX.platform/Developer/SDKs/MacOSX26.1.sdk/usr/include/bank.modulemap
/Applications/Xcode.app/Contents/Developer/Platforms/MacOSX.platform/Developer/SDKs/MacOSX26.1.sdk/usr/include/Darwin_Mach.modulemap
/Applications/Xcode.app/Contents/Developer/Platforms/MacOSX.platform/Developer/SDKs/MacOSX26.1.sdk/usr/include/Darwin_Mach_machine.modulemap
/Applications/Xcode.app/Contents/Developer/Platforms/MacOSX.platform/Developer/SDKs/MacOSX26.1.sdk/usr/include/mach_debug.modulemap
/Applications/Xcode.app/Contents/Developer/Platforms/MacOSX.platform/Developer/SDKs/MacOSX26.1.sdk/usr/include/device.modulemap
/Applications/Xcode.app/Contents/Developer/Platforms/MacOSX.platform/Developer/SDKs/MacOSX26.1.sdk/usr/include/Darwin_machine.modulemap
/Applications/Xcode.app/Contents/Developer/Platforms/MacOSX.platform/Developer/SDKs/MacOSX26.1.sdk/usr/include/ncurses.modulemap
/Applications/Xcode.app/Contents/Developer/Platforms/MacOSX.platform/Developer/SDKs/MacOSX26.1.sdk/usr/include/netinet6.modulemap
/Applications/Xcode.app/Contents/Developer/Platforms/MacOSX.platform/Developer/SDKs/MacOSX26.1.sdk/usr/include/Darwin_sys.modulemap
/Applications/Xcode.app/Contents/Developer/Platforms/MacOSX.platform/Developer/SDKs/MacOSX26.1.sdk/usr/include/uuid.modulemap
/Applications/Xcode.app/Contents/Developer/Platforms/MacOSX.platform/Developer/SDKs/MacOSX26.1.sdk/usr/include/DarwinFoundation2.modulemap
/Applications/Xcode.app/Contents/Developer/Platforms/MacOSX.platform/Developer/SDKs/MacOSX26.1.sdk/usr/include/DarwinFoundation3.modulemap
/Applications/Xcode.app/Contents/Developer/Platforms/MacOSX.platform/Developer/SDKs/MacOSX26.1.sdk/usr/include/DarwinFoundation1.modulemap
/Applications/Xcode.app/Contents/Developer/Platforms/MacOSX.platform/Developer/SDKs/MacOSX26.1.sdk/usr/include/copyfile.h
/Applications/Xcode.app/Contents/Developer/Toolchains/XcodeDefault.xctoolchain/usr/lib/swift/clang/include/module.modulemap
/Applications/Xcode.app/Contents/Developer/Platforms/MacOSX.platform/Developer/SDKs/MacOSX26.1.sdk/usr/include/err.h
/Applications/Xcode.app/Contents/Developer/Platforms/MacOSX.platform/Developer/SDKs/MacOSX26.1.sdk/usr/include/readpassphrase.h
/Applications/Xcode.app/Contents/Developer/Platforms/MacOSX.platform/Developer/SDKs/MacOSX26.1.sdk/usr/include/util.h
/Applications/Xcode.app/Contents/Developer/Platforms/MacOSX.platform/Developer/SDKs/MacOSX26.1.sdk/usr/include/sys/ttycom.h
/Applications/Xcode.app/Contents/Developer/Platforms/MacOSX.platform/Developer/SDKs/MacOSX26.1.sdk/usr/include/sys/ioccom.h
/Applications/Xcode.app/Contents/Developer/Platforms/MacOSX.platform/Developer/SDKs/MacOSX26.1.sdk/usr/include/stdio.h
/Applications/Xcode.app/Contents/Developer/Platforms/MacOSX.platform/Developer/SDKs/MacOSX26.1.sdk/usr/include/pwd.h
/Applications/Xcode.app/Contents/Developer/Platforms/MacOSX.platform/Developer/SDKs/MacOSX26.1.sdk/usr/include/uuid/uuid.h
/Applications/Xcode.app/Contents/Developer/Platforms/MacOSX.platform/Developer/SDKs/MacOSX26.1.sdk/usr/include/termios.h
/Applications/Xcode.app/Contents/Developer/Platforms/MacOSX.platform/Developer/SDKs/MacOSX26.1.sdk/usr/include/sys/termios.h
/Applications/Xcode.app/Contents/Developer/Platforms/MacOSX.platform/Developer/SDKs/MacOSX26.1.sdk/usr/include/sys/ttydefaults.h
/Applications/Xcode.app/Contents/Developer/Platforms/MacOSX.platform/Developer/SDKs/MacOSX26.1.sdk/usr/include/utmp.h
/Applications/Xcode.app/Contents/Developer/Platforms/MacOSX.platform/Developer/SDKs/MacOSX26.1.sdk/usr/include/xattr_flags.h
/Applications/Xcode.app/Contents/Developer/Platforms/MacOSX.platform/Developer/SDKs/MacOSX26.1.sdk/usr/include/_modules/_darwin_c_ctype.h
/Applications/Xcode.app/Contents/Developer/Platforms/MacOSX.platform/Developer/SDKs/MacOSX26.1.sdk/usr/include/ctype.h
/Applications/Xcode.app/Contents/Developer/Platforms/MacOSX.platform/Developer/SDKs/MacOSX26.1.sdk/usr/include/_modules/_darwin_c_errno.h
/Applications/Xcode.app/Contents/Developer/Platforms/MacOSX.platform/Developer/SDKs/MacOSX26.1.sdk/usr/include/_modules/_darwin_c_inttypes.h
/Applications/Xcode.app/Contents/Developer/Platforms/MacOSX.platform/Developer/SDKs/MacOSX26.1.sdk/usr/include/_modules/_darwin_c_limits.h
/Applications/Xcode.app/Contents/Developer/Platforms/MacOSX.platform/Developer/SDKs/MacOSX26.1.sdk/usr/include/_modules/_darwin_c_signal.h
/Applications/Xcode.app/Contents/Developer/Platforms/MacOSX.platform/Developer/SDKs/MacOSX26.1.sdk/usr/include/_modules/_darwin_c_stdarg.h
/Applications/Xcode.app/Contents/Developer/Toolchains/XcodeDefault.xctoolchain/usr/lib/swift/clang/include/stdarg.h
/Applications/Xcode.app/Contents/Developer/Platforms/MacOSX.platform/Developer/SDKs/MacOSX26.1.sdk/usr/include/_modules/_darwin_c_stdbool.h
/Applications/Xcode.app/Contents/Developer/Platforms/MacOSX.platform/Developer/SDKs/MacOSX26.1.sdk/usr/include/_modules/_darwin_c_stddef.h
/Applications/Xcode.app/Contents/Developer/Toolchains/XcodeDefault.xctoolchain/usr/lib/swift/clang/include/stddef.h
/Applications/Xcode.app/Contents/Developer/Platforms/MacOSX.platform/Developer/SDKs/MacOSX26.1.sdk/usr/include/_modules/_darwin_c_stdint.h
/Applications/Xcode.app/Contents/Developer/Platforms/MacOSX.platform/Developer/SDKs/MacOSX26.1.sdk/usr/include/_modules/_darwin_c_stdio.h
/Applications/Xcode.app/Contents/Developer/Platforms/MacOSX.platform/Developer/SDKs/MacOSX26.1.sdk/usr/include/_modules/_darwin_c_stdlib.h
/Applications/Xcode.app/Contents/Developer/Platforms/MacOSX.platform/Developer/SDKs/MacOSX26.1.sdk/usr/include/stdlib.h
/Applications/Xcode.app/Contents/Developer/Platforms/MacOSX.platform/Developer/SDKs/MacOSX26.1.sdk/usr/include/_modules/_darwin_c_string.h
/Applications/Xcode.app/Contents/Developer/Platforms/MacOSX.platform/Developer/SDKs/MacOSX26.1.sdk/usr/include/string.h
/Applications/Xcode.app/Contents/Developer/Platforms/MacOSX.platform/Developer/SDKs/MacOSX26.1.sdk/usr/include/_modules/_darwin_c_time.h
/Applications/Xcode.app/Contents/Developer/Platforms/MacOSX.platform/Developer/SDKs/MacOSX26.1.sdk/usr/include/time.h
/Applications/Xcode.app/Contents/Developer/Platforms/MacOSX.platform/Developer/SDKs/MacOSX26.1.sdk/usr/include/_modules/_darwin_c_wchar.h
/Applications/Xcode.app/Contents/Developer/Platforms/MacOSX.platform/Developer/SDKs/MacOSX26.1.sdk/usr/include/wchar.h
/Applications/Xcode.app/Contents/Developer/Platforms/MacOSX.platform/Developer/SDKs/MacOSX26.1.sdk/usr/include/aio.h
/Applications/Xcode.app/Contents/Developer/Platforms/MacOSX.platform/Developer/SDKs/MacOSX26.1.sdk/usr/include/sys/aio.h
/Applications/Xcode.app/Contents/Developer/Platforms/MacOSX.platform/Developer/SDKs/MacOSX26.1.sdk/usr/include/sys/_types/_o_sync.h
/Applications/Xcode.app/Contents/Developer/Platforms/MacOSX.platform/Developer/SDKs/MacOSX26.1.sdk/usr/include/sys/_types/_o_dsync.h
/Applications/Xcode.app/Contents/Developer/Platforms/MacOSX.platform/Developer/SDKs/MacOSX26.1.sdk/usr/include/arpa/inet.h
/Applications/Xcode.app/Contents/Developer/Platforms/MacOSX.platform/Developer/SDKs/MacOSX26.1.sdk/usr/include/netinet/in.h
/Applications/Xcode.app/Contents/Developer/Platforms/MacOSX.platform/Developer/SDKs/MacOSX26.1.sdk/usr/include/sys/socket.h
/Applications/Xcode.app/Contents/Developer/Platforms/MacOSX.platform/Developer/SDKs/MacOSX26.1.sdk/usr/include/sys/constrained_ctypes.h
/Applications/Xcode.app/Contents/Developer/Platforms/MacOSX.platform/Developer/SDKs/MacOSX26.1.sdk/usr/include/machine/_param.h
/Applications/Xcode.app/Contents/Developer/Platforms/MacOSX.platform/Developer/SDKs/MacOSX26.1.sdk/usr/include/arm/_param.h
/Applications/Xcode.app/Contents/Developer/Platforms/MacOSX.platform/Developer/SDKs/MacOSX26.1.sdk/usr/include/net/net_kev.h
/Applications/Xcode.app/Contents/Developer/Platforms/MacOSX.platform/Developer/SDKs/MacOSX26.1.sdk/usr/include/sys/_types/_sa_family_t.h
/Applications/Xcode.app/Contents/Developer/Platforms/MacOSX.platform/Developer/SDKs/MacOSX26.1.sdk/usr/include/sys/_types/_socklen_t.h
/Applications/Xcode.app/Contents/Developer/Platforms/MacOSX.platform/Developer/SDKs/MacOSX26.1.sdk/usr/include/sys/_types/_iovec_t.h
/Applications/Xcode.app/Contents/Developer/Platforms/MacOSX.platform/Developer/SDKs/MacOSX26.1.sdk/usr/include/netinet6/in6.h
/Applications/Xcode.app/Contents/Developer/Platforms/MacOSX.platform/Developer/SDKs/MacOSX26.1.sdk/usr/include/cpio.h
/Applications/Xcode.app/Contents/Developer/Platforms/MacOSX.platform/Developer/SDKs/MacOSX26.1.sdk/usr/include/dirent.h
/Applications/Xcode.app/Contents/Developer/Platforms/MacOSX.platform/Developer/SDKs/MacOSX26.1.sdk/usr/include/sys/dirent.h
/Applications/Xcode.app/Contents/Developer/Platforms/MacOSX.platform/Developer/SDKs/MacOSX26.1.sdk/usr/include/sys/dir.h
/Applications/Xcode.app/Contents/Developer/Platforms/MacOSX.platform/Developer/SDKs/MacOSX26.1.sdk/usr/include/dlfcn.h
/Applications/Xcode.app/Contents/Developer/Platforms/MacOSX.platform/Developer/SDKs/MacOSX26.1.sdk/usr/include/fcntl.h
/Applications/Xcode.app/Contents/Developer/Platforms/MacOSX.platform/Developer/SDKs/MacOSX26.1.sdk/usr/include/sys/fcntl.h
/Applications/Xcode.app/Contents/Developer/Platforms/MacOSX.platform/Developer/SDKs/MacOSX26.1.sdk/usr/include/sys/_types/_s_ifmt.h
/Applications/Xcode.app/Contents/Developer/Platforms/MacOSX.platform/Developer/SDKs/MacOSX26.1.sdk/usr/include/sys/_types/_filesec_t.h
/Applications/Xcode.app/Contents/Developer/Platforms/MacOSX.platform/Developer/SDKs/MacOSX26.1.sdk/usr/include/fmtmsg.h
/Applications/Xcode.app/Contents/Developer/Platforms/MacOSX.platform/Developer/SDKs/MacOSX26.1.sdk/usr/include/fnmatch.h
/Applications/Xcode.app/Contents/Developer/Platforms/MacOSX.platform/Developer/SDKs/MacOSX26.1.sdk/usr/include/ftw.h
/Applications/Xcode.app/Contents/Developer/Platforms/MacOSX.platform/Developer/SDKs/MacOSX26.1.sdk/usr/include/sys/stat.h
/Applications/Xcode.app/Contents/Developer/Platforms/MacOSX.platform/Developer/SDKs/MacOSX26.1.sdk/usr/include/glob.h
/Applications/Xcode.app/Contents/Developer/Platforms/MacOSX.platform/Developer/SDKs/MacOSX26.1.sdk/usr/include/grp.h
/Applications/Xcode.app/Contents/Developer/Platforms/MacOSX.platform/Developer/SDKs/MacOSX26.1.sdk/usr/include/iconv.h
/Applications/Xcode.app/Contents/Developer/Platforms/MacOSX.platform/Developer/SDKs/MacOSX26.1.sdk/usr/include/ifaddrs.h
/Applications/Xcode.app/Contents/Developer/Platforms/MacOSX.platform/Developer/SDKs/MacOSX26.1.sdk/usr/include/sys/ioctl.h
/Applications/Xcode.app/Contents/Developer/Platforms/MacOSX.platform/Developer/SDKs/MacOSX26.1.sdk/usr/include/sys/filio.h
/Applications/Xcode.app/Contents/Developer/Platforms/MacOSX.platform/Developer/SDKs/MacOSX26.1.sdk/usr/include/sys/sockio.h
/Applications/Xcode.app/Contents/Developer/Platforms/MacOSX.platform/Developer/SDKs/MacOSX26.1.sdk/usr/include/net/if.h
/Applications/Xcode.app/Contents/Developer/Platforms/MacOSX.platform/Developer/SDKs/MacOSX26.1.sdk/usr/include/net/if_var.h
/Applications/Xcode.app/Contents/Developer/Platforms/MacOSX.platform/Developer/SDKs/MacOSX26.1.sdk/usr/include/sys/time.h
/Applications/Xcode.app/Contents/Developer/Platforms/MacOSX.platform/Developer/SDKs/MacOSX26.1.sdk/usr/include/sys/_types/_timeval64.h
/Applications/Xcode.app/Contents/Developer/Platforms/MacOSX.platform/Developer/SDKs/MacOSX26.1.sdk/usr/include/sys/_types/_timeval32.h
/Applications/Xcode.app/Contents/Developer/Platforms/MacOSX.platform/Developer/SDKs/MacOSX26.1.sdk/usr/include/_langinfo.h
/Applications/Xcode.app/Contents/Developer/Platforms/MacOSX.platform/Developer/SDKs/MacOSX26.1.sdk/usr/include/xlocale/_langinfo.h
/Applications/Xcode.app/Contents/Developer/Platforms/MacOSX.platform/Developer/SDKs/MacOSX26.1.sdk/usr/include/libgen.h
/Applications/Xcode.app/Contents/Developer/Platforms/MacOSX.platform/Developer/SDKs/MacOSX26.1.sdk/usr/include/_monetary.h
/Applications/Xcode.app/Contents/Developer/Platforms/MacOSX.platform/Developer/SDKs/MacOSX26.1.sdk/usr/include/xlocale/_monetary.h
/Applications/Xcode.app/Contents/Developer/Platforms/MacOSX.platform/Developer/SDKs/MacOSX26.1.sdk/usr/include/ndbm.h
/Applications/Xcode.app/Contents/Developer/Platforms/MacOSX.platform/Developer/SDKs/MacOSX26.1.sdk/usr/include/netdb.h
/Applications/Xcode.app/Contents/Developer/Platforms/MacOSX.platform/Developer/SDKs/MacOSX26.1.sdk/usr/include/net/if_dl.h
/Applications/Xcode.app/Contents/Developer/Platforms/MacOSX.platform/Developer/SDKs/MacOSX26.1.sdk/usr/include/net/if_types.h
/Applications/Xcode.app/Contents/Developer/Platforms/MacOSX.platform/Developer/SDKs/MacOSX26.1.sdk/usr/include/netinet/tcp.h
/Applications/Xcode.app/Contents/Developer/Platforms/MacOSX.platform/Developer/SDKs/MacOSX26.1.sdk/usr/include/poll.h
/Applications/Xcode.app/Contents/Developer/Platforms/MacOSX.platform/Developer/SDKs/MacOSX26.1.sdk/usr/include/sys/poll.h
/Applications/Xcode.app/Contents/Developer/Platforms/MacOSX.platform/Developer/SDKs/MacOSX26.1.sdk/usr/include/pthread/spawn.h
/Applications/Xcode.app/Contents/Developer/Platforms/MacOSX.platform/Developer/SDKs/MacOSX26.1.sdk/usr/include/spawn.h
/Applications/Xcode.app/Contents/Developer/Platforms/MacOSX.platform/Developer/SDKs/MacOSX26.1.sdk/usr/include/sys/spawn.h
/Applications/Xcode.app/Contents/Developer/Platforms/MacOSX.platform/Developer/SDKs/MacOSX26.1.sdk/usr/include/mach/exception_types.h
/Applications/Xcode.app/Contents/Developer/Platforms/MacOSX.platform/Developer/SDKs/MacOSX26.1.sdk/usr/include/mach/machine/exception.h
/Applications/Xcode.app/Contents/Developer/Platforms/MacOSX.platform/Developer/SDKs/MacOSX26.1.sdk/usr/include/mach/arm/exception.h
/Applications/Xcode.app/Contents/Developer/Platforms/MacOSX.platform/Developer/SDKs/MacOSX26.1.sdk/usr/include/mach/port.h
/Applications/Xcode.app/Contents/Developer/Platforms/MacOSX.platform/Developer/SDKs/MacOSX26.1.sdk/usr/include/mach/boolean.h
/Applications/Xcode.app/Contents/Developer/Platforms/MacOSX.platform/Developer/SDKs/MacOSX26.1.sdk/usr/include/mach/machine/boolean.h
/Applications/Xcode.app/Contents/Developer/Platforms/MacOSX.platform/Developer/SDKs/MacOSX26.1.sdk/usr/include/mach/arm/boolean.h
/Applications/Xcode.app/Contents/Developer/Platforms/MacOSX.platform/Developer/SDKs/MacOSX26.1.sdk/usr/include/mach/machine/vm_types.h
/Applications/Xcode.app/Contents/Developer/Platforms/MacOSX.platform/Developer/SDKs/MacOSX26.1.sdk/usr/include/mach/arm/vm_types.h
/Applications/Xcode.app/Contents/Developer/Platforms/MacOSX.platform/Developer/SDKs/MacOSX26.1.sdk/usr/include/mach/thread_status.h
/Applications/Xcode.app/Contents/Developer/Platforms/MacOSX.platform/Developer/SDKs/MacOSX26.1.sdk/usr/include/mach/machine/thread_status.h
/Applications/Xcode.app/Contents/Developer/Platforms/MacOSX.platform/Developer/SDKs/MacOSX26.1.sdk/usr/include/mach/arm/thread_status.h
/Applications/Xcode.app/Contents/Developer/Platforms/MacOSX.platform/Developer/SDKs/MacOSX26.1.sdk/usr/include/mach/machine/thread_state.h
/Applications/Xcode.app/Contents/Developer/Platforms/MacOSX.platform/Developer/SDKs/MacOSX26.1.sdk/usr/include/mach/arm/thread_state.h
/Applications/Xcode.app/Contents/Developer/Platforms/MacOSX.platform/Developer/SDKs/MacOSX26.1.sdk/usr/include/mach/message.h
/Applications/Xcode.app/Contents/Developer/Platforms/MacOSX.platform/Developer/SDKs/MacOSX26.1.sdk/usr/include/mach/kern_return.h
/Applications/Xcode.app/Contents/Developer/Platforms/MacOSX.platform/Developer/SDKs/MacOSX26.1.sdk/usr/include/mach/machine/kern_return.h
/Applications/Xcode.app/Contents/Developer/Platforms/MacOSX.platform/Developer/SDKs/MacOSX26.1.sdk/usr/include/mach/arm/kern_return.h
/Applications/Xcode.app/Contents/Developer/Platforms/MacOSX.platform/Developer/SDKs/MacOSX26.1.sdk/usr/include/mach/vm_types.h
/Applications/Xcode.app/Contents/Developer/Platforms/MacOSX.platform/Developer/SDKs/MacOSX26.1.sdk/usr/include/mach_debug/ipc_info.h
/Applications/Xcode.app/Contents/Developer/Platforms/MacOSX.platform/Developer/SDKs/MacOSX26.1.sdk/usr/include/mach/machine.h
/Applications/Xcode.app/Contents/Developer/Platforms/MacOSX.platform/Developer/SDKs/MacOSX26.1.sdk/usr/include/pthread/pthread_spis.h
/Applications/Xcode.app/Contents/Developer/Platforms/MacOSX.platform/Developer/SDKs/MacOSX26.1.sdk/usr/include/_modules/_darwin_posix_pthread_pthread.h
/Applications/Xcode.app/Contents/Developer/Platforms/MacOSX.platform/Developer/SDKs/MacOSX26.1.sdk/usr/include/_regex.h
/Applications/Xcode.app/Contents/Developer/Platforms/MacOSX.platform/Developer/SDKs/MacOSX26.1.sdk/usr/include/xlocale/_regex.h
/Applications/Xcode.app/Contents/Developer/Platforms/MacOSX.platform/Developer/SDKs/MacOSX26.1.sdk/usr/include/search.h
/Applications/Xcode.app/Contents/Developer/Platforms/MacOSX.platform/Developer/SDKs/MacOSX26.1.sdk/usr/include/semaphore.h
/Applications/Xcode.app/Contents/Developer/Platforms/MacOSX.platform/Developer/SDKs/MacOSX26.1.sdk/usr/include/sys/semaphore.h
/Applications/Xcode.app/Contents/Developer/Platforms/MacOSX.platform/Developer/SDKs/MacOSX26.1.sdk/usr/include/sys/posix_sem.h
/Applications/Xcode.app/Contents/Developer/Platforms/MacOSX.platform/Developer/SDKs/MacOSX26.1.sdk/usr/include/sys/proc.h
/Applications/Xcode.app/Contents/Developer/Platforms/MacOSX.platform/Developer/SDKs/MacOSX26.1.sdk/usr/include/sys/queue.h
/Applications/Xcode.app/Contents/Developer/Platforms/MacOSX.platform/Developer/SDKs/MacOSX26.1.sdk/usr/include/sys/lock.h
/Applications/Xcode.app/Contents/Developer/Platforms/MacOSX.platform/Developer/SDKs/MacOSX26.1.sdk/usr/include/sys/param.h
/Applications/Xcode.app/Contents/Developer/Platforms/MacOSX.platform/Developer/SDKs/MacOSX26.1.sdk/usr/include/machine/param.h
/Applications/Xcode.app/Contents/Developer/Platforms/MacOSX.platform/Developer/SDKs/MacOSX26.1.sdk/usr/include/arm/param.h
/Applications/Xcode.app/Contents/Developer/Platforms/MacOSX.platform/Developer/SDKs/MacOSX26.1.sdk/usr/include/sys/event.h
/Applications/Xcode.app/Contents/Developer/Platforms/MacOSX.platform/Developer/SDKs/MacOSX26.1.sdk/usr/include/strings.h
/Applications/Xcode.app/Contents/Developer/Platforms/MacOSX.platform/Developer/SDKs/MacOSX26.1.sdk/usr/include/sys/ipc.h
/Applications/Xcode.app/Contents/Developer/Platforms/MacOSX.platform/Developer/SDKs/MacOSX26.1.sdk/usr/include/sys/mman.h
/Applications/Xcode.app/Contents/Developer/Platforms/MacOSX.platform/Developer/SDKs/MacOSX26.1.sdk/usr/include/sys/msg.h
/Applications/Xcode.app/Contents/Developer/Platforms/MacOSX.platform/Developer/SDKs/MacOSX26.1.sdk/usr/include/sys/sem.h
/Applications/Xcode.app/Contents/Developer/Platforms/MacOSX.platform/Developer/SDKs/MacOSX26.1.sdk/usr/include/sys/shm.h
/Applications/Xcode.app/Contents/Developer/Platforms/MacOSX.platform/Developer/SDKs/MacOSX26.1.sdk/usr/include/sys/posix_shm.h
/Applications/Xcode.app/Contents/Developer/Platforms/MacOSX.platform/Developer/SDKs/MacOSX26.1.sdk/usr/include/sys/statvfs.h
/Applications/Xcode.app/Contents/Developer/Platforms/MacOSX.platform/Developer/SDKs/MacOSX26.1.sdk/usr/include/sys/times.h
/Applications/Xcode.app/Contents/Developer/Platforms/MacOSX.platform/Developer/SDKs/MacOSX26.1.sdk/usr/include/sys/_types/_fsid_t.h
/Applications/Xcode.app/Contents/Developer/Platforms/MacOSX.platform/Developer/SDKs/MacOSX26.1.sdk/usr/include/sys/_types/_fsobj_id_t.h
/Applications/Xcode.app/Contents/Developer/Platforms/MacOSX.platform/Developer/SDKs/MacOSX26.1.sdk/usr/include/sys/_types/_graftdmg_un.h
/Applications/Xcode.app/Contents/Developer/Platforms/MacOSX.platform/Developer/SDKs/MacOSX26.1.sdk/usr/include/sys/_types/_guid_t.h
/Applications/Xcode.app/Contents/Developer/Platforms/MacOSX.platform/Developer/SDKs/MacOSX26.1.sdk/usr/include/sys/_types/_mount_t.h
/Applications/Xcode.app/Contents/Developer/Platforms/MacOSX.platform/Developer/SDKs/MacOSX26.1.sdk/usr/include/sys/_types/_os_inline.h
/Applications/Xcode.app/Contents/Developer/Platforms/MacOSX.platform/Developer/SDKs/MacOSX26.1.sdk/usr/include/sys/_types/_ucontext64.h
/Applications/Xcode.app/Contents/Developer/Platforms/MacOSX.platform/Developer/SDKs/MacOSX26.1.sdk/usr/include/sys/_types/_vnode_t.h
/Applications/Xcode.app/Contents/Developer/Platforms/MacOSX.platform/Developer/SDKs/MacOSX26.1.sdk/usr/include/sys/uio.h
/Applications/Xcode.app/Contents/Developer/Platforms/MacOSX.platform/Developer/SDKs/MacOSX26.1.sdk/usr/include/sys/un.h
/Applications/Xcode.app/Contents/Developer/Platforms/MacOSX.platform/Developer/SDKs/MacOSX26.1.sdk/usr/include/sys/utsname.h
/Applications/Xcode.app/Contents/Developer/Platforms/MacOSX.platform/Developer/SDKs/MacOSX26.1.sdk/usr/include/sys/vsock.h
/Applications/Xcode.app/Contents/Developer/Platforms/MacOSX.platform/Developer/SDKs/MacOSX26.1.sdk/usr/include/sys/ucred.h
/Applications/Xcode.app/Contents/Developer/Platforms/MacOSX.platform/Developer/SDKs/MacOSX26.1.sdk/usr/include/bsm/audit.h
/Applications/Xcode.app/Contents/Developer/Platforms/MacOSX.platform/Developer/SDKs/MacOSX26.1.sdk/usr/include/sys/socketvar.h
/Applications/Xcode.app/Contents/Developer/Platforms/MacOSX.platform/Developer/SDKs/MacOSX26.1.sdk/usr/include/sys/xattr.h
/Applications/Xcode.app/Contents/Developer/Platforms/MacOSX.platform/Developer/SDKs/MacOSX26.1.sdk/usr/include/_modules/_darwin_posix_sys_resource.h
/Applications/Xcode.app/Contents/Developer/Platforms/MacOSX.platform/Developer/SDKs/MacOSX26.1.sdk/usr/include/_modules/_darwin_posix_sys_select.h
/Applications/Xcode.app/Contents/Developer/Platforms/MacOSX.platform/Developer/SDKs/MacOSX26.1.sdk/usr/include/_modules/_darwin_posix_sys_wait.h
/Applications/Xcode.app/Contents/Developer/Platforms/MacOSX.platform/Developer/SDKs/MacOSX26.1.sdk/usr/include/syslog.h
/Applications/Xcode.app/Contents/Developer/Platforms/MacOSX.platform/Developer/SDKs/MacOSX26.1.sdk/usr/include/sys/syslog.h
/Applications/Xcode.app/Contents/Developer/Platforms/MacOSX.platform/Developer/SDKs/MacOSX26.1.sdk/usr/include/tar.h
/Applications/Xcode.app/Contents/Developer/Platforms/MacOSX.platform/Developer/SDKs/MacOSX26.1.sdk/usr/include/ulimit.h
/Applications/Xcode.app/Contents/Developer/Platforms/MacOSX.platform/Developer/SDKs/MacOSX26.1.sdk/usr/include/utime.h
/Applications/Xcode.app/Contents/Developer/Platforms/MacOSX.platform/Developer/SDKs/MacOSX26.1.sdk/usr/include/utmpx.h
/Applications/Xcode.app/Contents/Developer/Platforms/MacOSX.platform/Developer/SDKs/MacOSX26.1.sdk/usr/include/wordexp.h
/Applications/Xcode.app/Contents/Developer/Platforms/MacOSX.platform/Developer/SDKs/MacOSX26.1.sdk/usr/include/_modules/_darwin_posix_nl_types.h
/Applications/Xcode.app/Contents/Developer/Platforms/MacOSX.platform/Developer/SDKs/MacOSX26.1.sdk/usr/include/_modules/_darwin_posix_sched.h
/Applications/Xcode.app/Contents/Developer/Platforms/MacOSX.platform/Developer/SDKs/MacOSX26.1.sdk/usr/include/_modules/_darwin_posix_unistd.h
/Applications/Xcode.app/Contents/Developer/Platforms/MacOSX.platform/Developer/SDKs/MacOSX26.1.sdk/usr/include/net/bpf.h
/Applications/Xcode.app/Contents/Developer/Platforms/MacOSX.platform/Developer/SDKs/MacOSX26.1.sdk/usr/include/net/dlil.h
/Applications/Xcode.app/Contents/Developer/Platforms/MacOSX.platform/Developer/SDKs/MacOSX26.1.sdk/usr/include/net/ethernet.h
/Applications/Xcode.app/Contents/Developer/Platforms/MacOSX.platform/Developer/SDKs/MacOSX26.1.sdk/usr/include/net/if_arp.h
/Applications/Xcode.app/Contents/Developer/Platforms/MacOSX.platform/Developer/SDKs/MacOSX26.1.sdk/usr/include/net/if_llc.h
/Applications/Xcode.app/Contents/Developer/Platforms/MacOSX.platform/Developer/SDKs/MacOSX26.1.sdk/usr/include/net/if_media.h
/Applications/Xcode.app/Contents/Developer/Platforms/MacOSX.platform/Developer/SDKs/MacOSX26.1.sdk/usr/include/net/if_mib.h
/Applications/Xcode.app/Contents/Developer/Platforms/MacOSX.platform/Developer/SDKs/MacOSX26.1.sdk/usr/include/net/if_utun.h
/Applications/Xcode.app/Contents/Developer/Platforms/MacOSX.platform/Developer/SDKs/MacOSX26.1.sdk/usr/include/net/if_var_status.h
/Applications/Xcode.app/Contents/Developer/Platforms/MacOSX.platform/Developer/SDKs/MacOSX26.1.sdk/usr/include/net/kext_net.h
/Applications/Xcode.app/Contents/Developer/Platforms/MacOSX.platform/Developer/SDKs/MacOSX26.1.sdk/usr/include/net/ndrv.h
/Applications/Xcode.app/Contents/Developer/Platforms/MacOSX.platform/Developer/SDKs/MacOSX26.1.sdk/usr/include/net/pfkeyv2.h
/Applications/Xcode.app/Contents/Developer/Platforms/MacOSX.platform/Developer/SDKs/MacOSX26.1.sdk/usr/include/net/route.h
/Applications/Xcode.app/Contents/Developer/Platforms/MacOSX.platform/Developer/SDKs/MacOSX26.1.sdk/usr/include/netinet/bootp.h
/Applications/Xcode.app/Contents/Developer/Platforms/MacOSX.platform/Developer/SDKs/MacOSX26.1.sdk/usr/include/netinet/ip.h
/Applications/Xcode.app/Contents/Developer/Platforms/MacOSX.platform/Developer/SDKs/MacOSX26.1.sdk/usr/include/netinet/in_systm.h
/Applications/Xcode.app/Contents/Developer/Platforms/MacOSX.platform/Developer/SDKs/MacOSX26.1.sdk/usr/include/netinet/udp.h
/Applications/Xcode.app/Contents/Developer/Platforms/MacOSX.platform/Developer/SDKs/MacOSX26.1.sdk/usr/include/netinet/icmp6.h
/Applications/Xcode.app/Contents/Developer/Platforms/MacOSX.platform/Developer/SDKs/MacOSX26.1.sdk/usr/include/netinet/icmp_var.h
/Applications/Xcode.app/Contents/Developer/Platforms/MacOSX.platform/Developer/SDKs/MacOSX26.1.sdk/usr/include/netinet/ip_icmp.h
/Applications/Xcode.app/Contents/Developer/Platforms/MacOSX.platform/Developer/SDKs/MacOSX26.1.sdk/usr/include/netinet/if_ether.h
/Applications/Xcode.app/Contents/Developer/Platforms/MacOSX.platform/Developer/SDKs/MacOSX26.1.sdk/usr/include/netinet/igmp.h
/Applications/Xcode.app/Contents/Developer/Platforms/MacOSX.platform/Developer/SDKs/MacOSX26.1.sdk/usr/include/netinet/igmp_var.h
/Applications/Xcode.app/Contents/Developer/Platforms/MacOSX.platform/Developer/SDKs/MacOSX26.1.sdk/usr/include/netinet/in_pcb.h
/Applications/Xcode.app/Contents/Developer/Platforms/MacOSX.platform/Developer/SDKs/MacOSX26.1.sdk/usr/include/netinet/in_var.h
/Applications/Xcode.app/Contents/Developer/Platforms/MacOSX.platform/Developer/SDKs/MacOSX26.1.sdk/usr/include/sys/protosw.h
/Applications/Xcode.app/Contents/Developer/Platforms/MacOSX.platform/Developer/SDKs/MacOSX26.1.sdk/usr/include/sys/kern_event.h
/Applications/Xcode.app/Contents/Developer/Platforms/MacOSX.platform/Developer/SDKs/MacOSX26.1.sdk/usr/include/sys/sys_domain.h
/Applications/Xcode.app/Contents/Developer/Platforms/MacOSX.platform/Developer/SDKs/MacOSX26.1.sdk/usr/include/netinet6/in6_var.h
/Applications/Xcode.app/Contents/Developer/Platforms/MacOSX.platform/Developer/SDKs/MacOSX26.1.sdk/usr/include/netinet6/scope6_var.h
/Applications/Xcode.app/Contents/Developer/Platforms/MacOSX.platform/Developer/SDKs/MacOSX26.1.sdk/usr/include/netinet/ip6.h
/Applications/Xcode.app/Contents/Developer/Platforms/MacOSX.platform/Developer/SDKs/MacOSX26.1.sdk/usr/include/netinet/ip_var.h
/Applications/Xcode.app/Contents/Developer/Platforms/MacOSX.platform/Developer/SDKs/MacOSX26.1.sdk/usr/include/netinet/tcp_fsm.h
/Applications/Xcode.app/Contents/Developer/Platforms/MacOSX.platform/Developer/SDKs/MacOSX26.1.sdk/usr/include/netinet/tcp_seq.h
/Applications/Xcode.app/Contents/Developer/Platforms/MacOSX.platform/Developer/SDKs/MacOSX26.1.sdk/usr/include/netinet/tcp_timer.h
/Applications/Xcode.app/Contents/Developer/Platforms/MacOSX.platform/Developer/SDKs/MacOSX26.1.sdk/usr/include/netinet/tcp_var.h
/Applications/Xcode.app/Contents/Developer/Platforms/MacOSX.platform/Developer/SDKs/MacOSX26.1.sdk/usr/include/netinet/tcpip.h
/Applications/Xcode.app/Contents/Developer/Platforms/MacOSX.platform/Developer/SDKs/MacOSX26.1.sdk/usr/include/netinet/udp_var.h
/Applications/Xcode.app/Contents/Developer/Platforms/MacOSX.platform/Developer/SDKs/MacOSX26.1.sdk/usr/include/sys/sysctl.h
/Applications/Xcode.app/Contents/Developer/Platforms/MacOSX.platform/Developer/SDKs/MacOSX26.1.sdk/usr/include/sys/vm.h
/Applications/Xcode.app/Contents/Developer/Platforms/MacOSX.platform/Developer/SDKs/MacOSX26.1.sdk/usr/include/ar.h
/Applications/Xcode.app/Contents/Developer/Platforms/MacOSX.platform/Developer/SDKs/MacOSX26.1.sdk/usr/include/bank/bank_types.h
/Applications/Xcode.app/Contents/Developer/Platforms/MacOSX.platform/Developer/SDKs/MacOSX26.1.sdk/usr/include/os/base.h
/Applications/Xcode.app/Contents/Developer/Platforms/MacOSX.platform/Developer/SDKs/MacOSX26.1.sdk/usr/include/mach/mach_types.h
/Applications/Xcode.app/Contents/Developer/Platforms/MacOSX.platform/Developer/SDKs/MacOSX26.1.sdk/usr/include/mach/host_info.h
/Applications/Xcode.app/Contents/Developer/Platforms/MacOSX.platform/Developer/SDKs/MacOSX26.1.sdk/usr/include/mach/vm_statistics.h
/Applications/Xcode.app/Contents/Developer/Platforms/MacOSX.platform/Developer/SDKs/MacOSX26.1.sdk/usr/include/mach/time_value.h
/Applications/Xcode.app/Contents/Developer/Platforms/MacOSX.platform/Developer/SDKs/MacOSX26.1.sdk/usr/include/mach/host_notify.h
/Applications/Xcode.app/Contents/Developer/Platforms/MacOSX.platform/Developer/SDKs/MacOSX26.1.sdk/usr/include/mach/host_special_ports.h
/Applications/Xcode.app/Contents/Developer/Platforms/MacOSX.platform/Developer/SDKs/MacOSX26.1.sdk/usr/include/mach/memory_object_types.h
/Applications/Xcode.app/Contents/Developer/Platforms/MacOSX.platform/Developer/SDKs/MacOSX26.1.sdk/usr/include/mach/vm_prot.h
/Applications/Xcode.app/Contents/Developer/Platforms/MacOSX.platform/Developer/SDKs/MacOSX26.1.sdk/usr/include/mach/vm_sync.h
/Applications/Xcode.app/Contents/Developer/Platforms/MacOSX.platform/Developer/SDKs/MacOSX26.1.sdk/usr/include/mach/mach_voucher_types.h
/Applications/Xcode.app/Contents/Developer/Platforms/MacOSX.platform/Developer/SDKs/MacOSX26.1.sdk/usr/include/mach/std_types.h
/Applications/Xcode.app/Contents/Developer/Platforms/MacOSX.platform/Developer/SDKs/MacOSX26.1.sdk/usr/include/mach/processor_info.h
/Applications/Xcode.app/Contents/Developer/Platforms/MacOSX.platform/Developer/SDKs/MacOSX26.1.sdk/usr/include/mach/machine/processor_info.h
/Applications/Xcode.app/Contents/Developer/Platforms/MacOSX.platform/Developer/SDKs/MacOSX26.1.sdk/usr/include/mach/arm/processor_info.h
/Applications/Xcode.app/Contents/Developer/Platforms/MacOSX.platform/Developer/SDKs/MacOSX26.1.sdk/usr/include/mach/task_info.h
/Applications/Xcode.app/Contents/Developer/Platforms/MacOSX.platform/Developer/SDKs/MacOSX26.1.sdk/usr/include/mach/policy.h
/Applications/Xcode.app/Contents/Developer/Platforms/MacOSX.platform/Developer/SDKs/MacOSX26.1.sdk/usr/include/mach/task_inspect.h
/Applications/Xcode.app/Contents/Developer/Platforms/MacOSX.platform/Developer/SDKs/MacOSX26.1.sdk/usr/include/mach/task_policy.h
/Applications/Xcode.app/Contents/Developer/Platforms/MacOSX.platform/Developer/SDKs/MacOSX26.1.sdk/usr/include/mach/task_special_ports.h
/Applications/Xcode.app/Contents/Developer/Platforms/MacOSX.platform/Developer/SDKs/MacOSX26.1.sdk/usr/include/mach/thread_info.h
/Applications/Xcode.app/Contents/Developer/Platforms/MacOSX.platform/Developer/SDKs/MacOSX26.1.sdk/usr/include/mach/thread_policy.h
/Applications/Xcode.app/Contents/Developer/Platforms/MacOSX.platform/Developer/SDKs/MacOSX26.1.sdk/usr/include/mach/thread_special_ports.h
/Applications/Xcode.app/Contents/Developer/Platforms/MacOSX.platform/Developer/SDKs/MacOSX26.1.sdk/usr/include/mach/clock_types.h
/Applications/Xcode.app/Contents/Developer/Platforms/MacOSX.platform/Developer/SDKs/MacOSX26.1.sdk/usr/include/mach/vm_attributes.h
/Applications/Xcode.app/Contents/Developer/Platforms/MacOSX.platform/Developer/SDKs/MacOSX26.1.sdk/usr/include/mach/vm_inherit.h
/Applications/Xcode.app/Contents/Developer/Platforms/MacOSX.platform/Developer/SDKs/MacOSX26.1.sdk/usr/include/mach/vm_purgable.h
/Applications/Xcode.app/Contents/Developer/Platforms/MacOSX.platform/Developer/SDKs/MacOSX26.1.sdk/usr/include/mach/vm_behavior.h
/Applications/Xcode.app/Contents/Developer/Platforms/MacOSX.platform/Developer/SDKs/MacOSX26.1.sdk/usr/include/mach/vm_region.h
/Applications/Xcode.app/Contents/Developer/Platforms/MacOSX.platform/Developer/SDKs/MacOSX26.1.sdk/usr/include/mach/machine/vm_param.h
/Applications/Xcode.app/Contents/Developer/Platforms/MacOSX.platform/Developer/SDKs/MacOSX26.1.sdk/usr/include/mach/arm/vm_param.h
/Applications/Xcode.app/Contents/Developer/Platforms/MacOSX.platform/Developer/SDKs/MacOSX26.1.sdk/usr/include/mach/vm_page_size.h
/Applications/Xcode.app/Contents/Developer/Platforms/MacOSX.platform/Developer/SDKs/MacOSX26.1.sdk/usr/include/mach/kmod.h
/Applications/Xcode.app/Contents/Developer/Platforms/MacOSX.platform/Developer/SDKs/MacOSX26.1.sdk/usr/include/mach/dyld_kernel.h
/Applications/Xcode.app/Contents/Developer/Platforms/MacOSX.platform/Developer/SDKs/MacOSX26.1.sdk/usr/include/ConditionalMacros.h
/Applications/Xcode.app/Contents/Developer/Platforms/MacOSX.platform/Developer/SDKs/MacOSX26.1.sdk/usr/include/crt_externs.h
/Applications/Xcode.app/Contents/Developer/Platforms/MacOSX.platform/Developer/SDKs/MacOSX26.1.sdk/usr/include/fts.h
/Applications/Xcode.app/Contents/Developer/Platforms/MacOSX.platform/Developer/SDKs/MacOSX26.1.sdk/usr/include/getopt.h
/Applications/Xcode.app/Contents/Developer/Platforms/MacOSX.platform/Developer/SDKs/MacOSX26.1.sdk/usr/include/AssertMacros.h
/Applications/Xcode.app/Contents/Developer/Platforms/MacOSX.platform/Developer/SDKs/MacOSX26.1.sdk/usr/include/MacTypes.h
/Applications/Xcode.app/Contents/Developer/Platforms/MacOSX.platform/Developer/SDKs/MacOSX26.1.sdk/usr/include/mach/mach.h
/Applications/Xcode.app/Contents/Developer/Platforms/MacOSX.platform/Developer/SDKs/MacOSX26.1.sdk/usr/include/mach/mach_interface.h
/Applications/Xcode.app/Contents/Developer/Platforms/MacOSX.platform/Developer/SDKs/MacOSX26.1.sdk/usr/include/mach/clock_priv.h
/Applications/Xcode.app/Contents/Developer/Platforms/MacOSX.platform/Developer/SDKs/MacOSX26.1.sdk/usr/include/mach/ndr.h
/Applications/Xcode.app/Contents/Developer/Platforms/MacOSX.platform/Developer/SDKs/MacOSX26.1.sdk/usr/include/libkern/OSByteOrder.h
/Applications/Xcode.app/Contents/Developer/Platforms/MacOSX.platform/Developer/SDKs/MacOSX26.1.sdk/usr/include/libkern/arm/OSByteOrder.h
/Applications/Xcode.app/Contents/Developer/Platforms/MacOSX.platform/Developer/SDKs/MacOSX26.1.sdk/usr/include/arm/arch.h
/Applications/Xcode.app/Contents/Developer/Platforms/MacOSX.platform/Developer/SDKs/MacOSX26.1.sdk/usr/include/mach/notify.h
/Applications/Xcode.app/Contents/Developer/Platforms/MacOSX.platform/Developer/SDKs/MacOSX26.1.sdk/usr/include/mach/mig_errors.h
/Applications/Xcode.app/Contents/Developer/Platforms/MacOSX.platform/Developer/SDKs/MacOSX26.1.sdk/usr/include/mach/mig.h
/Applications/Xcode.app/Contents/Developer/Platforms/MacOSX.platform/Developer/SDKs/MacOSX26.1.sdk/usr/include/mach/host_priv.h
/Applications/Xcode.app/Contents/Developer/Platforms/MacOSX.platform/Developer/SDKs/MacOSX26.1.sdk/usr/include/mach_debug/mach_debug_types.h
/Applications/Xcode.app/Contents/Developer/Platforms/MacOSX.platform/Developer/SDKs/MacOSX26.1.sdk/usr/include/mach_debug/vm_info.h
/Applications/Xcode.app/Contents/Developer/Platforms/MacOSX.platform/Developer/SDKs/MacOSX26.1.sdk/usr/include/mach_debug/zone_info.h
/Applications/Xcode.app/Contents/Developer/Platforms/MacOSX.platform/Developer/SDKs/MacOSX26.1.sdk/usr/include/mach_debug/page_info.h
/Applications/Xcode.app/Contents/Developer/Platforms/MacOSX.platform/Developer/SDKs/MacOSX26.1.sdk/usr/include/mach_debug/hash_info.h
/Applications/Xcode.app/Contents/Developer/Platforms/MacOSX.platform/Developer/SDKs/MacOSX26.1.sdk/usr/include/mach_debug/lockgroup_info.h
/Applications/Xcode.app/Contents/Developer/Platforms/MacOSX.platform/Developer/SDKs/MacOSX26.1.sdk/usr/include/mach/host_security.h
/Applications/Xcode.app/Contents/Developer/Platforms/MacOSX.platform/Developer/SDKs/MacOSX26.1.sdk/usr/include/mach/processor.h
/Applications/Xcode.app/Contents/Developer/Platforms/MacOSX.platform/Developer/SDKs/MacOSX26.1.sdk/usr/include/mach/processor_set.h
/Applications/Xcode.app/Contents/Developer/Platforms/MacOSX.platform/Developer/SDKs/MacOSX26.1.sdk/usr/include/mach/semaphore.h
/Applications/Xcode.app/Contents/Developer/Platforms/MacOSX.platform/Developer/SDKs/MacOSX26.1.sdk/usr/include/mach/sync_policy.h
/Applications/Xcode.app/Contents/Developer/Platforms/MacOSX.platform/Developer/SDKs/MacOSX26.1.sdk/usr/include/mach/task.h
/Applications/Xcode.app/Contents/Developer/Platforms/MacOSX.platform/Developer/SDKs/MacOSX26.1.sdk/usr/include/mach/thread_act.h
/Applications/Xcode.app/Contents/Developer/Platforms/MacOSX.platform/Developer/SDKs/MacOSX26.1.sdk/usr/include/mach/vm_map.h
/Applications/Xcode.app/Contents/Developer/Platforms/MacOSX.platform/Developer/SDKs/MacOSX26.1.sdk/usr/include/mach/mach_port.h
/Applications/Xcode.app/Contents/Developer/Platforms/MacOSX.platform/Developer/SDKs/MacOSX26.1.sdk/usr/include/mach/mach_init.h
/Applications/Xcode.app/Contents/Developer/Platforms/MacOSX.platform/Developer/SDKs/MacOSX26.1.sdk/usr/include/mach/mach_traps.h
/Applications/Xcode.app/Contents/Developer/Platforms/MacOSX.platform/Developer/SDKs/MacOSX26.1.sdk/usr/include/mach/error.h
/Applications/Xcode.app/Contents/Developer/Platforms/MacOSX.platform/Developer/SDKs/MacOSX26.1.sdk/usr/include/mach/mach_host.h
/Applications/Xcode.app/Contents/Developer/Platforms/MacOSX.platform/Developer/SDKs/MacOSX26.1.sdk/usr/include/mach/thread_switch.h
/Applications/Xcode.app/Contents/Developer/Platforms/MacOSX.platform/Developer/SDKs/MacOSX26.1.sdk/usr/include/mach/rpc.h
/Applications/Xcode.app/Contents/Developer/Platforms/MacOSX.platform/Developer/SDKs/MacOSX26.1.sdk/usr/include/mach/machine/rpc.h
/Applications/Xcode.app/Contents/Developer/Platforms/MacOSX.platform/Developer/SDKs/MacOSX26.1.sdk/usr/include/mach/arm/rpc.h
/Applications/Xcode.app/Contents/Developer/Platforms/MacOSX.platform/Developer/SDKs/MacOSX26.1.sdk/usr/include/mach/mach_error.h
/Applications/Xcode.app/Contents/Developer/Platforms/MacOSX.platform/Developer/SDKs/MacOSX26.1.sdk/usr/include/mach/audit_triggers_types.h
/Applications/Xcode.app/Contents/Developer/Platforms/MacOSX.platform/Developer/SDKs/MacOSX26.1.sdk/usr/include/mach/bootstrap.h
/Applications/Xcode.app/Contents/Developer/Platforms/MacOSX.platform/Developer/SDKs/MacOSX26.1.sdk/usr/include/mach/clock.h
/Applications/Xcode.app/Contents/Developer/Platforms/MacOSX.platform/Developer/SDKs/MacOSX26.1.sdk/usr/include/mach/clock_reply.h
/Applications/Xcode.app/Contents/Developer/Platforms/MacOSX.platform/Developer/SDKs/MacOSX26.1.sdk/usr/include/mach/exc.h
/Applications/Xcode.app/Contents/Developer/Platforms/MacOSX.platform/Developer/SDKs/MacOSX26.1.sdk/usr/include/mach/exception.h
/Applications/Xcode.app/Contents/Developer/Platforms/MacOSX.platform/Developer/SDKs/MacOSX26.1.sdk/usr/include/mach/host_reboot.h
/Applications/Xcode.app/Contents/Developer/Platforms/MacOSX.platform/Developer/SDKs/MacOSX26.1.sdk/usr/include/arm64/hv/hv_kern_types.h
/Applications/Xcode.app/Contents/Developer/Platforms/MacOSX.platform/Developer/SDKs/MacOSX26.1.sdk/usr/include/mach/mach_param.h
/Applications/Xcode.app/Contents/Developer/Platforms/MacOSX.platform/Developer/SDKs/MacOSX26.1.sdk/usr/include/mach/mach_right.h
/Applications/Xcode.app/Contents/Developer/Platforms/MacOSX.platform/Developer/SDKs/MacOSX26.1.sdk/usr/include/mach/mach_syscalls.h
/Applications/Xcode.app/Contents/Developer/Platforms/MacOSX.platform/Developer/SDKs/MacOSX26.1.sdk/usr/include/mach/mach_time.h
/Applications/Xcode.app/Contents/Developer/Platforms/MacOSX.platform/Developer/SDKs/MacOSX26.1.sdk/usr/include/mach/mach_vm.h
/Applications/Xcode.app/Contents/Developer/Platforms/MacOSX.platform/Developer/SDKs/MacOSX26.1.sdk/usr/include/mach/mach_voucher.h
/Applications/Xcode.app/Contents/Developer/Platforms/MacOSX.platform/Developer/SDKs/MacOSX26.1.sdk/usr/include/mach/memory_entry.h
/Applications/Xcode.app/Contents/Developer/Platforms/MacOSX.platform/Developer/SDKs/MacOSX26.1.sdk/usr/include/mach/mig_strncpy_zerofill_support.h
/Applications/Xcode.app/Contents/Developer/Platforms/MacOSX.platform/Developer/SDKs/MacOSX26.1.sdk/usr/include/mach/mig_voucher_support.h
/Applications/Xcode.app/Contents/Developer/Platforms/MacOSX.platform/Developer/SDKs/MacOSX26.1.sdk/usr/include/mach/port_obj.h
/Applications/Xcode.app/Contents/Developer/Platforms/MacOSX.platform/Developer/SDKs/MacOSX26.1.sdk/usr/include/mach/sdt.h
/Applications/Xcode.app/Contents/Developer/Platforms/MacOSX.platform/Developer/SDKs/MacOSX26.1.sdk/usr/include/mach/machine/sdt.h
/Applications/Xcode.app/Contents/Developer/Platforms/MacOSX.platform/Developer/SDKs/MacOSX26.1.sdk/usr/include/sys/sdt.h
/Applications/Xcode.app/Contents/Developer/Platforms/MacOSX.platform/Developer/SDKs/MacOSX26.1.sdk/usr/include/mach/shared_region.h
/Applications/Xcode.app/Contents/Developer/Platforms/MacOSX.platform/Developer/SDKs/MacOSX26.1.sdk/usr/include/mach/sync.h
/Applications/Xcode.app/Contents/Developer/Platforms/MacOSX.platform/Developer/SDKs/MacOSX26.1.sdk/usr/include/mach/thread_state.h
/Applications/Xcode.app/Contents/Developer/Platforms/MacOSX.platform/Developer/SDKs/MacOSX26.1.sdk/usr/include/mach/vm_param.h
/Applications/Xcode.app/Contents/Developer/Platforms/MacOSX.platform/Developer/SDKs/MacOSX26.1.sdk/usr/include/mach/vm_task.h
/Applications/Xcode.app/Contents/Developer/Platforms/MacOSX.platform/Developer/SDKs/MacOSX26.1.sdk/usr/include/mach/machine/asm.h
/Applications/Xcode.app/Contents/Developer/Platforms/MacOSX.platform/Developer/SDKs/MacOSX26.1.sdk/usr/include/mach/arm64/asm.h
/Applications/Xcode.app/Contents/Developer/Platforms/MacOSX.platform/Developer/SDKs/MacOSX26.1.sdk/usr/include/mach/i386/asm.h
/Applications/Xcode.app/Contents/Developer/Platforms/MacOSX.platform/Developer/SDKs/MacOSX26.1.sdk/usr/include/mach/arm/asm.h
/Applications/Xcode.app/Contents/Developer/Platforms/MacOSX.platform/Developer/SDKs/MacOSX26.1.sdk/usr/include/mach/i386/boolean.h
/Applications/Xcode.app/Contents/Developer/Platforms/MacOSX.platform/Developer/SDKs/MacOSX26.1.sdk/usr/include/mach/i386/exception.h
/Applications/Xcode.app/Contents/Developer/Platforms/MacOSX.platform/Developer/SDKs/MacOSX26.1.sdk/usr/include/mach/i386/fp_reg.h
/Applications/Xcode.app/Contents/Developer/Platforms/MacOSX.platform/Developer/SDKs/MacOSX26.1.sdk/usr/include/mach/i386/kern_return.h
/Applications/Xcode.app/Contents/Developer/Platforms/MacOSX.platform/Developer/SDKs/MacOSX26.1.sdk/usr/include/mach/machine/ndr_def.h
/Applications/Xcode.app/Contents/Developer/Platforms/MacOSX.platform/Developer/SDKs/MacOSX26.1.sdk/usr/include/mach/arm/ndr_def.h
/Applications/Xcode.app/Contents/Developer/Platforms/MacOSX.platform/Developer/SDKs/MacOSX26.1.sdk/usr/include/mach/i386/processor_info.h
/Applications/Xcode.app/Contents/Developer/Platforms/MacOSX.platform/Developer/SDKs/MacOSX26.1.sdk/usr/include/mach/i386/rpc.h
/Applications/Xcode.app/Contents/Developer/Platforms/MacOSX.platform/Developer/SDKs/MacOSX26.1.sdk/usr/include/mach/machine/sdt_isa.h
/Applications/Xcode.app/Contents/Developer/Platforms/MacOSX.platform/Developer/SDKs/MacOSX26.1.sdk/usr/include/mach/arm/sdt_isa.h
/Applications/Xcode.app/Contents/Developer/Platforms/MacOSX.platform/Developer/SDKs/MacOSX26.1.sdk/usr/include/mach/i386/sdt_isa.h
/Applications/Xcode.app/Contents/Developer/Platforms/MacOSX.platform/Developer/SDKs/MacOSX26.1.sdk/usr/include/mach/i386/thread_state.h
/Applications/Xcode.app/Contents/Developer/Platforms/MacOSX.platform/Developer/SDKs/MacOSX26.1.sdk/usr/include/mach/i386/thread_status.h
/Applications/Xcode.app/Contents/Developer/Platforms/MacOSX.platform/Developer/SDKs/MacOSX26.1.sdk/usr/include/mach/arm/traps.h
/Applications/Xcode.app/Contents/Developer/Platforms/MacOSX.platform/Developer/SDKs/MacOSX26.1.sdk/usr/include/mach/i386/vm_param.h
/Applications/Xcode.app/Contents/Developer/Platforms/MacOSX.platform/Developer/SDKs/MacOSX26.1.sdk/usr/include/mach/i386/vm_types.h
/Applications/Xcode.app/Contents/Developer/Platforms/MacOSX.platform/Developer/SDKs/MacOSX26.1.sdk/usr/include/mach_debug/mach_debug.h
/Applications/Xcode.app/Contents/Developer/Platforms/MacOSX.platform/Developer/SDKs/MacOSX26.1.sdk/usr/include/device/device_types.h
/Applications/Xcode.app/Contents/Developer/Platforms/MacOSX.platform/Developer/SDKs/MacOSX26.1.sdk/usr/include/device/device_port.h
/Applications/Xcode.app/Contents/Developer/Platforms/MacOSX.platform/Developer/SDKs/MacOSX26.1.sdk/usr/include/libkern/OSAtomic.h
/Applications/Xcode.app/Contents/Developer/Platforms/MacOSX.platform/Developer/SDKs/MacOSX26.1.sdk/usr/include/libkern/OSAtomicDeprecated.h
/Applications/Xcode.app/Contents/Developer/Platforms/MacOSX.platform/Developer/SDKs/MacOSX26.1.sdk/usr/include/libkern/OSSpinLockDeprecated.h
/Applications/Xcode.app/Contents/Developer/Platforms/MacOSX.platform/Developer/SDKs/MacOSX26.1.sdk/usr/include/libkern/OSAtomicQueue.h
/Applications/Xcode.app/Contents/Developer/Platforms/MacOSX.platform/Developer/SDKs/MacOSX26.1.sdk/usr/include/libkern/machine/OSByteOrder.h
/Applications/Xcode.app/Contents/Developer/Platforms/MacOSX.platform/Developer/SDKs/MacOSX26.1.sdk/usr/include/libkern/i386/OSByteOrder.h
/Applications/Xcode.app/Contents/Developer/Platforms/MacOSX.platform/Developer/SDKs/MacOSX26.1.sdk/usr/include/libproc.h
/Applications/Xcode.app/Contents/Developer/Platforms/MacOSX.platform/Developer/SDKs/MacOSX26.1.sdk/usr/include/sys/mount.h
/Applications/Xcode.app/Contents/Developer/Platforms/MacOSX.platform/Developer/SDKs/MacOSX26.1.sdk/usr/include/sys/attr.h
/Applications/Xcode.app/Contents/Developer/Platforms/MacOSX.platform/Developer/SDKs/MacOSX26.1.sdk/usr/include/sys/proc_info.h
/Applications/Xcode.app/Contents/Developer/Platforms/MacOSX.platform/Developer/SDKs/MacOSX26.1.sdk/usr/include/sys/kern_control.h
/Applications/Xcode.app/Contents/Developer/Platforms/MacOSX.platform/Developer/SDKs/MacOSX26.1.sdk/usr/include/os/clock.h
/Applications/Xcode.app/Contents/Developer/Platforms/MacOSX.platform/Developer/SDKs/MacOSX26.1.sdk/usr/include/os/lock.h
/Applications/Xcode.app/Contents/Developer/Platforms/MacOSX.platform/Developer/SDKs/MacOSX26.1.sdk/usr/include/os/proc.h
/Applications/Xcode.app/Contents/Developer/Platforms/MacOSX.platform/Developer/SDKs/MacOSX26.1.sdk/usr/include/malloc/malloc.h
/Applications/Xcode.app/Contents/Developer/Platforms/MacOSX.platform/Developer/SDKs/MacOSX26.1.sdk/usr/include/malloc/_platform.h
/Applications/Xcode.app/Contents/Developer/Platforms/MacOSX.platform/Developer/SDKs/MacOSX26.1.sdk/usr/include/sys/malloc.h
/Applications/Xcode.app/Contents/Developer/Platforms/MacOSX.platform/Developer/SDKs/MacOSX26.1.sdk/usr/include/i386/_param.h
/Applications/Xcode.app/Contents/Developer/Platforms/MacOSX.platform/Developer/SDKs/MacOSX26.1.sdk/usr/include/machine/byte_order.h
/Applications/Xcode.app/Contents/Developer/Platforms/MacOSX.platform/Developer/SDKs/MacOSX26.1.sdk/usr/include/architecture/byte_order.h
/Applications/Xcode.app/Contents/Developer/Platforms/MacOSX.platform/Developer/SDKs/MacOSX26.1.sdk/usr/include/i386/eflags.h
/Applications/Xcode.app/Contents/Developer/Platforms/MacOSX.platform/Developer/SDKs/MacOSX26.1.sdk/usr/include/machine/fasttrap_isa.h
/Applications/Xcode.app/Contents/Developer/Platforms/MacOSX.platform/Developer/SDKs/MacOSX26.1.sdk/usr/include/arm/fasttrap_isa.h
/Applications/Xcode.app/Contents/Developer/Platforms/MacOSX.platform/Developer/SDKs/MacOSX26.1.sdk/usr/include/i386/fasttrap_isa.h
/Applications/Xcode.app/Contents/Developer/Platforms/MacOSX.platform/Developer/SDKs/MacOSX26.1.sdk/usr/include/i386/param.h
/Applications/Xcode.app/Contents/Developer/Platforms/MacOSX.platform/Developer/SDKs/MacOSX26.1.sdk/usr/include/machine/profile.h
/Applications/Xcode.app/Contents/Developer/Platforms/MacOSX.platform/Developer/SDKs/MacOSX26.1.sdk/usr/include/arm/profile.h
/Applications/Xcode.app/Contents/Developer/Platforms/MacOSX.platform/Developer/SDKs/MacOSX26.1.sdk/usr/include/i386/profile.h
/Applications/Xcode.app/Contents/Developer/Platforms/MacOSX.platform/Developer/SDKs/MacOSX26.1.sdk/usr/include/i386/user_ldt.h
/Applications/Xcode.app/Contents/Developer/Platforms/MacOSX.platform/Developer/SDKs/MacOSX26.1.sdk/usr/include/machine/vmparam.h
/Applications/Xcode.app/Contents/Developer/Platforms/MacOSX.platform/Developer/SDKs/MacOSX26.1.sdk/usr/include/arm/vmparam.h
/Applications/Xcode.app/Contents/Developer/Platforms/MacOSX.platform/Developer/SDKs/MacOSX26.1.sdk/usr/include/i386/vmparam.h
/Applications/Xcode.app/Contents/Developer/Platforms/MacOSX.platform/Developer/SDKs/MacOSX26.1.sdk/usr/include/aliasdb.h
/Applications/Xcode.app/Contents/Developer/Platforms/MacOSX.platform/Developer/SDKs/MacOSX26.1.sdk/usr/include/bootparams.h
/Applications/Xcode.app/Contents/Developer/Platforms/MacOSX.platform/Developer/SDKs/MacOSX26.1.sdk/usr/include/Block.h
/Applications/Xcode.app/Contents/Developer/Platforms/MacOSX.platform/Developer/SDKs/MacOSX26.1.sdk/usr/include/bsm/audit_domain.h
/Applications/Xcode.app/Contents/Developer/Platforms/MacOSX.platform/Developer/SDKs/MacOSX26.1.sdk/usr/include/bsm/audit_errno.h
/Applications/Xcode.app/Contents/Developer/Platforms/MacOSX.platform/Developer/SDKs/MacOSX26.1.sdk/usr/include/bsm/audit_fcntl.h
/Applications/Xcode.app/Contents/Developer/Platforms/MacOSX.platform/Developer/SDKs/MacOSX26.1.sdk/usr/include/bsm/audit_filter.h
/Applications/Xcode.app/Contents/Developer/Platforms/MacOSX.platform/Developer/SDKs/MacOSX26.1.sdk/usr/include/bsm/libbsm.h
/Applications/Xcode.app/Contents/Developer/Platforms/MacOSX.platform/Developer/SDKs/MacOSX26.1.sdk/usr/include/bsm/audit_record.h
/Applications/Xcode.app/Contents/Developer/Platforms/MacOSX.platform/Developer/SDKs/MacOSX26.1.sdk/usr/include/bsm/audit_internal.h
/Applications/Xcode.app/Contents/Developer/Platforms/MacOSX.platform/Developer/SDKs/MacOSX26.1.sdk/usr/include/bsm/audit_kevents.h
/Applications/Xcode.app/Contents/Developer/Platforms/MacOSX.platform/Developer/SDKs/MacOSX26.1.sdk/usr/include/bsm/audit_session.h
/Applications/Xcode.app/Contents/Developer/Platforms/MacOSX.platform/Developer/SDKs/MacOSX26.1.sdk/usr/include/bsm/audit_socket_type.h
/Applications/Xcode.app/Contents/Developer/Platforms/MacOSX.platform/Developer/SDKs/MacOSX26.1.sdk/usr/include/bsm/audit_uevents.h
/Applications/Xcode.app/Contents/Developer/Platforms/MacOSX.platform/Developer/SDKs/MacOSX26.1.sdk/usr/include/execinfo.h
/Applications/Xcode.app/Contents/Developer/Platforms/MacOSX.platform/Developer/SDKs/MacOSX26.1.sdk/usr/include/fstab.h
/Applications/Xcode.app/Contents/Developer/Platforms/MacOSX.platform/Developer/SDKs/MacOSX26.1.sdk/usr/include/hfs/hfs_format.h
/Applications/Xcode.app/Contents/Developer/Platforms/MacOSX.platform/Developer/SDKs/MacOSX26.1.sdk/usr/include/hfs/hfs_unistr.h
/Applications/Xcode.app/Contents/Developer/Platforms/MacOSX.platform/Developer/SDKs/MacOSX26.1.sdk/usr/include/hfs/hfs_mount.h
/Applications/Xcode.app/Contents/Developer/Platforms/MacOSX.platform/Developer/SDKs/MacOSX26.1.sdk/usr/include/membership.h
/Applications/Xcode.app/Contents/Developer/Platforms/MacOSX.platform/Developer/SDKs/MacOSX26.1.sdk/usr/include/ntsid.h
/Applications/Xcode.app/Contents/Developer/Platforms/MacOSX.platform/Developer/SDKs/MacOSX26.1.sdk/usr/include/curses.h
/Applications/Xcode.app/Contents/Developer/Platforms/MacOSX.platform/Developer/SDKs/MacOSX26.1.sdk/usr/include/ncurses_dll.h
/Applications/Xcode.app/Contents/Developer/Platforms/MacOSX.platform/Developer/SDKs/MacOSX26.1.sdk/usr/include/unctrl.h
/Applications/Xcode.app/Contents/Developer/Platforms/MacOSX.platform/Developer/SDKs/MacOSX26.1.sdk/usr/include/eti.h
/Applications/Xcode.app/Contents/Developer/Platforms/MacOSX.platform/Developer/SDKs/MacOSX26.1.sdk/usr/include/nc_tparm.h
/Applications/Xcode.app/Contents/Developer/Platforms/MacOSX.platform/Developer/SDKs/MacOSX26.1.sdk/usr/include/form.h
/Applications/Xcode.app/Contents/Developer/Platforms/MacOSX.platform/Developer/SDKs/MacOSX26.1.sdk/usr/include/menu.h
/Applications/Xcode.app/Contents/Developer/Platforms/MacOSX.platform/Developer/SDKs/MacOSX26.1.sdk/usr/include/panel.h
/Applications/Xcode.app/Contents/Developer/Platforms/MacOSX.platform/Developer/SDKs/MacOSX26.1.sdk/usr/include/netinet6/ah.h
/Applications/Xcode.app/Contents/Developer/Platforms/MacOSX.platform/Developer/SDKs/MacOSX26.1.sdk/usr/include/netinet6/esp.h
/Applications/Xcode.app/Contents/Developer/Platforms/MacOSX.platform/Developer/SDKs/MacOSX26.1.sdk/usr/include/netinet6/ipcomp.h
/Applications/Xcode.app/Contents/Developer/Platforms/MacOSX.platform/Developer/SDKs/MacOSX26.1.sdk/usr/include/netinet6/ipsec.h
/Applications/Xcode.app/Contents/Developer/Platforms/MacOSX.platform/Developer/SDKs/MacOSX26.1.sdk/usr/include/netinet6/raw_ip6.h
/Applications/Xcode.app/Contents/Developer/Platforms/MacOSX.platform/Developer/SDKs/MacOSX26.1.sdk/usr/include/printerdb.h
/Applications/Xcode.app/Contents/Developer/Platforms/MacOSX.platform/Developer/SDKs/MacOSX26.1.sdk/usr/include/sys/_structs.h
/Applications/Xcode.app/Contents/Developer/Platforms/MacOSX.platform/Developer/SDKs/MacOSX26.1.sdk/usr/include/sys/acct.h
/Applications/Xcode.app/Contents/Developer/Platforms/MacOSX.platform/Developer/SDKs/MacOSX26.1.sdk/usr/include/sys/acl.h
/Applications/Xcode.app/Contents/Developer/Platforms/MacOSX.platform/Developer/SDKs/MacOSX26.1.sdk/usr/include/sys/kauth.h
/Applications/Xcode.app/Contents/Developer/Platforms/MacOSX.platform/Developer/SDKs/MacOSX26.1.sdk/usr/include/sys/buf.h
/Applications/Xcode.app/Contents/Developer/Platforms/MacOSX.platform/Developer/SDKs/MacOSX26.1.sdk/usr/include/sys/kernel_types.h
/Applications/Xcode.app/Contents/Developer/Platforms/MacOSX.platform/Developer/SDKs/MacOSX26.1.sdk/usr/include/sys/clonefile.h
/Applications/Xcode.app/Contents/Developer/Platforms/MacOSX.platform/Developer/SDKs/MacOSX26.1.sdk/usr/include/sys/commpage.h
/Applications/Xcode.app/Contents/Developer/Platforms/MacOSX.platform/Developer/SDKs/MacOSX26.1.sdk/usr/include/sys/conf.h
/Applications/Xcode.app/Contents/Developer/Platforms/MacOSX.platform/Developer/SDKs/MacOSX26.1.sdk/usr/include/sys/disk.h
/Applications/Xcode.app/Contents/Developer/Platforms/MacOSX.platform/Developer/SDKs/MacOSX26.1.sdk/usr/include/sys/dkstat.h
/Applications/Xcode.app/Contents/Developer/Platforms/MacOSX.platform/Developer/SDKs/MacOSX26.1.sdk/usr/include/sys/domain.h
/Applications/Xcode.app/Contents/Developer/Platforms/MacOSX.platform/Developer/SDKs/MacOSX26.1.sdk/usr/include/sys/ev.h
/Applications/Xcode.app/Contents/Developer/Platforms/MacOSX.platform/Developer/SDKs/MacOSX26.1.sdk/usr/include/sys/file.h
/Applications/Xcode.app/Contents/Developer/Platforms/MacOSX.platform/Developer/SDKs/MacOSX26.1.sdk/usr/include/sys/filedesc.h
/Applications/Xcode.app/Contents/Developer/Platforms/MacOSX.platform/Developer/SDKs/MacOSX26.1.sdk/usr/include/sys/fileport.h
/Applications/Xcode.app/Contents/Developer/Platforms/MacOSX.platform/Developer/SDKs/MacOSX26.1.sdk/usr/include/sys/fsgetpath.h
/Applications/Xcode.app/Contents/Developer/Platforms/MacOSX.platform/Developer/SDKs/MacOSX26.1.sdk/usr/include/sys/gmon.h
/Applications/Xcode.app/Contents/Developer/Platforms/MacOSX.platform/Developer/SDKs/MacOSX26.1.sdk/usr/include/sys/ioctl_compat.h
/Applications/Xcode.app/Contents/Developer/Platforms/MacOSX.platform/Developer/SDKs/MacOSX26.1.sdk/usr/include/sys/ttychars.h
/Applications/Xcode.app/Contents/Developer/Platforms/MacOSX.platform/Developer/SDKs/MacOSX26.1.sdk/usr/include/sys/ttydev.h
/Applications/Xcode.app/Contents/Developer/Platforms/MacOSX.platform/Developer/SDKs/MacOSX26.1.sdk/usr/include/sys/kdebug.h
/Applications/Xcode.app/Contents/Developer/Platforms/MacOSX.platform/Developer/SDKs/MacOSX26.1.sdk/usr/include/sys/kdebug_signpost.h
/Applications/Xcode.app/Contents/Developer/Platforms/MacOSX.platform/Developer/SDKs/MacOSX26.1.sdk/usr/include/sys/lctx.h
/Applications/Xcode.app/Contents/Developer/Platforms/MacOSX.platform/Developer/SDKs/MacOSX26.1.sdk/usr/include/sys/mbuf.h
/Applications/Xcode.app/Contents/Developer/Platforms/MacOSX.platform/Developer/SDKs/MacOSX26.1.sdk/usr/include/sys/msgbuf.h
/Applications/Xcode.app/Contents/Developer/Platforms/MacOSX.platform/Developer/SDKs/MacOSX26.1.sdk/usr/include/sys/netport.h
/Applications/Xcode.app/Contents/Developer/Platforms/MacOSX.platform/Developer/SDKs/MacOSX26.1.sdk/usr/include/sys/paths.h
/Applications/Xcode.app/Contents/Developer/Platforms/MacOSX.platform/Developer/SDKs/MacOSX26.1.sdk/usr/include/sys/pipe.h
/Applications/Xcode.app/Contents/Developer/Platforms/MacOSX.platform/Developer/SDKs/MacOSX26.1.sdk/usr/include/sys/quota.h
/Applications/Xcode.app/Contents/Developer/Platforms/MacOSX.platform/Developer/SDKs/MacOSX26.1.sdk/usr/include/sys/rbtree.h
/Applications/Xcode.app/Contents/Developer/Platforms/MacOSX.platform/Developer/SDKs/MacOSX26.1.sdk/usr/include/sys/reboot.h
/Applications/Xcode.app/Contents/Developer/Platforms/MacOSX.platform/Developer/SDKs/MacOSX26.1.sdk/usr/include/sys/resourcevar.h
/Applications/Xcode.app/Contents/Developer/Platforms/MacOSX.platform/Developer/SDKs/MacOSX26.1.sdk/usr/include/sys/sbuf.h
/Applications/Xcode.app/Contents/Developer/Platforms/MacOSX.platform/Developer/SDKs/MacOSX26.1.sdk/usr/include/sys/signalvar.h
/Applications/Xcode.app/Contents/Developer/Platforms/MacOSX.platform/Developer/SDKs/MacOSX26.1.sdk/usr/include/sys/syscall.h
/Applications/Xcode.app/Contents/Developer/Platforms/MacOSX.platform/Developer/SDKs/MacOSX26.1.sdk/usr/include/sys/timeb.h
/Applications/Xcode.app/Contents/Developer/Platforms/MacOSX.platform/Developer/SDKs/MacOSX26.1.sdk/usr/include/sys/trace.h
/Applications/Xcode.app/Contents/Developer/Platforms/MacOSX.platform/Developer/SDKs/MacOSX26.1.sdk/usr/include/sys/tty.h
/Applications/Xcode.app/Contents/Developer/Platforms/MacOSX.platform/Developer/SDKs/MacOSX26.1.sdk/usr/include/sys/ucontext.h
/Applications/Xcode.app/Contents/Developer/Platforms/MacOSX.platform/Developer/SDKs/MacOSX26.1.sdk/usr/include/sys/unpcb.h
/Applications/Xcode.app/Contents/Developer/Platforms/MacOSX.platform/Developer/SDKs/MacOSX26.1.sdk/usr/include/sys/user.h
/Applications/Xcode.app/Contents/Developer/Platforms/MacOSX.platform/Developer/SDKs/MacOSX26.1.sdk/usr/include/sys/utfconv.h
/Applications/Xcode.app/Contents/Developer/Platforms/MacOSX.platform/Developer/SDKs/MacOSX26.1.sdk/usr/include/sys/vcmd.h
/Applications/Xcode.app/Contents/Developer/Platforms/MacOSX.platform/Developer/SDKs/MacOSX26.1.sdk/usr/include/sys/vnode.h
/Applications/Xcode.app/Contents/Developer/Platforms/MacOSX.platform/Developer/SDKs/MacOSX26.1.sdk/usr/include/_modules/_darwin_sys_signal.h
/Applications/Xcode.app/Contents/Developer/Platforms/MacOSX.platform/Developer/SDKs/MacOSX26.1.sdk/usr/include/sysdir.h
/Applications/Xcode.app/Contents/Developer/Platforms/MacOSX.platform/Developer/SDKs/MacOSX26.1.sdk/usr/include/libc.h
/Applications/Xcode.app/Contents/Developer/Platforms/MacOSX.platform/Developer/SDKs/MacOSX26.1.sdk/usr/include/paths.h
/Applications/Xcode.app/Contents/Developer/Platforms/MacOSX.platform/Developer/SDKs/MacOSX26.1.sdk/usr/include/sysexits.h
/Applications/Xcode.app/Contents/Developer/Platforms/MacOSX.platform/Developer/SDKs/MacOSX26.1.sdk/SDKSettings.json
/Applications/Xcode.app/Contents/Developer/Platforms/MacOSX.platform/Developer/SDKs/MacOSX26.1.sdk/System/Library/Frameworks/DiskArbitration.framework/Modules/module.modulemap
/Applications/Xcode.app/Contents/Developer/Platforms/MacOSX.platform/Developer/SDKs/MacOSX26.1.sdk/System/Library/Frameworks/DiskArbitration.framework/Headers/DiskArbitration.h
/Applications/Xcode.app/Contents/Developer/Platforms/MacOSX.platform/Developer/SDKs/MacOSX26.1.sdk/System/Library/Frameworks/CoreFoundation.framework/Modules/module.modulemap
/Applications/Xcode.app/Contents/Developer/Platforms/MacOSX.platform/Developer/SDKs/MacOSX26.1.sdk/usr/include/Darwin.modulemap
/Applications/Xcode.app/Contents/Developer/Platforms/MacOSX.platform/Developer/SDKs/MacOSX26.1.sdk/usr/include/DarwinFoundation1.modulemap
/Applications/Xcode.app/Contents/Developer/Platforms/MacOSX.platform/Developer/SDKs/MacOSX26.1.sdk/System/Library/Frameworks/DiskArbitration.framework/Headers/DADisk.h
/Applications/Xcode.app/Contents/Developer/Platforms/MacOSX.platform/Developer/SDKs/MacOSX26.1.sdk/System/Library/Frameworks/IOKit.framework/Modules/module.modulemap
/Applications/Xcode.app/Contents/Developer/Platforms/MacOSX.platform/Developer/SDKs/MacOSX26.1.sdk/System/Library/Frameworks/DiskArbitration.framework/Headers/DASession.h
/Applications/Xcode.app/Contents/Developer/Platforms/MacOSX.platform/Developer/SDKs/MacOSX26.1.sdk/System/Library/Frameworks/DiskArbitration.framework/Headers/DADissenter.h
/Applications/Xcode.app/Contents/Developer/Platforms/MacOSX.platform/Developer/SDKs/MacOSX26.1.sdk/SDKSettings.json
/Applications/Xcode.app/Contents/Developer/Platforms/MacOSX.platform/Developer/SDKs/MacOSX26.1.sdk/usr/include/Dispatch.apinotes
/Applications/Xcode.app/Contents/Developer/Platforms/MacOSX.platform/Developer/SDKs/MacOSX26.1.sdk/usr/include/dispatch.modulemap
/Applications/Xcode.app/Contents/Developer/Platforms/MacOSX.platform/Developer/SDKs/MacOSX26.1.sdk/usr/include/os.modulemap
/Applications/Xcode.app/Contents/Developer/Platforms/MacOSX.platform/Developer/SDKs/MacOSX26.1.sdk/usr/include/Darwin.modulemap
/Applications/Xcode.app/Contents/Developer/Platforms/MacOSX.platform/Developer/SDKs/MacOSX26.1.sdk/usr/include/Darwin_C.modulemap
/Applications/Xcode.app/Contents/Developer/Platforms/MacOSX.platform/Developer/SDKs/MacOSX26.1.sdk/usr/include/Darwin_POSIX.modulemap
/Applications/Xcode.app/Contents/Developer/Platforms/MacOSX.platform/Developer/SDKs/MacOSX26.1.sdk/usr/include/net.modulemap
/Applications/Xcode.app/Contents/Developer/Platforms/MacOSX.platform/Developer/SDKs/MacOSX26.1.sdk/usr/include/netinet.modulemap
/Applications/Xcode.app/Contents/Developer/Platforms/MacOSX.platform/Developer/SDKs/MacOSX26.1.sdk/usr/include/bank.modulemap
/Applications/Xcode.app/Contents/Developer/Platforms/MacOSX.platform/Developer/SDKs/MacOSX26.1.sdk/usr/include/Darwin_Mach.modulemap
/Applications/Xcode.app/Contents/Developer/Platforms/MacOSX.platform/Developer/SDKs/MacOSX26.1.sdk/usr/include/Darwin_Mach_machine.modulemap
/Applications/Xcode.app/Contents/Developer/Platforms/MacOSX.platform/Developer/SDKs/MacOSX26.1.sdk/usr/include/mach_debug.modulemap
/Applications/Xcode.app/Contents/Developer/Platforms/MacOSX.platform/Developer/SDKs/MacOSX26.1.sdk/usr/include/device.modulemap
/Applications/Xcode.app/Contents/Developer/Platforms/MacOSX.platform/Developer/SDKs/MacOSX26.1.sdk/usr/include/Darwin_machine.modulemap
/Applications/Xcode.app/Contents/Developer/Platforms/MacOSX.platform/Developer/SDKs/MacOSX26.1.sdk/usr/include/ncurses.modulemap
/Applications/Xcode.app/Contents/Developer/Platforms/MacOSX.platform/Developer/SDKs/MacOSX26.1.sdk/usr/include/netinet6.modulemap
/Applications/Xcode.app/Contents/Developer/Platforms/MacOSX.platform/Developer/SDKs/MacOSX26.1.sdk/usr/include/Darwin_sys.modulemap
/Applications/Xcode.app/Contents/Developer/Platforms/MacOSX.platform/Developer/SDKs/MacOSX26.1.sdk/usr/include/uuid.modulemap
/Applications/Xcode.app/Contents/Developer/Platforms/MacOSX.platform/Developer/SDKs/MacOSX26.1.sdk/usr/include/DarwinFoundation2.modulemap
/Applications/Xcode.app/Contents/Developer/Platforms/MacOSX.platform/Developer/SDKs/MacOSX26.1.sdk/usr/include/DarwinFoundation3.modulemap
/Applications/Xcode.app/Contents/Developer/Platforms/MacOSX.platform/Developer/SDKs/MacOSX26.1.sdk/usr/include/DarwinFoundation1.modulemap
/Applications/Xcode.app/Contents/Developer/Platforms/MacOSX.platform/Developer/SDKs/MacOSX26.1.sdk/usr/include/dispatch/dispatch.h
/Applications/Xcode.app/Contents/Developer/Toolchains/XcodeDefault.xctoolchain/usr/lib/swift/clang/include/module.modulemap
/Applications/Xcode.app/Contents/Developer/Toolchains/XcodeDefault.xctoolchain/usr/lib/swift/clang/include/stddef.h
/Applications/Xcode.app/Contents/Developer/Toolchains/XcodeDefault.xctoolchain/usr/lib/swift/clang/include/stdarg.h
/Applications/Xcode.app/Contents/Developer/Platforms/MacOSX.platform/Developer/SDKs/MacOSX26.1.sdk/usr/include/string.h
/Applications/Xcode.app/Contents/Developer/Platforms/MacOSX.platform/Developer/SDKs/MacOSX26.1.sdk/usr/include/dispatch/base.h
/Applications/Xcode.app/Contents/Developer/Platforms/MacOSX.platform/Developer/SDKs/MacOSX26.1.sdk/usr/include/dispatch/time.h
/Applications/Xcode.app/Contents/Developer/Platforms/MacOSX.platform/Developer/SDKs/MacOSX26.1.sdk/usr/include/dispatch/object.h
/Applications/Xcode.app/Contents/Developer/Platforms/MacOSX.platform/Developer/SDKs/MacOSX26.1.sdk/usr/include/dispatch/queue.h
/Applications/Xcode.app/Contents/Developer/Platforms/MacOSX.platform/Developer/SDKs/MacOSX26.1.sdk/usr/include/dispatch/block.h
/Applications/Xcode.app/Contents/Developer/Platforms/MacOSX.platform/Developer/SDKs/MacOSX26.1.sdk/usr/include/dispatch/source.h
/Applications/Xcode.app/Contents/Developer/Platforms/MacOSX.platform/Developer/SDKs/MacOSX26.1.sdk/usr/include/dispatch/group.h
/Applications/Xcode.app/Contents/Developer/Platforms/MacOSX.platform/Developer/SDKs/MacOSX26.1.sdk/usr/include/dispatch/semaphore.h
/Applications/Xcode.app/Contents/Developer/Platforms/MacOSX.platform/Developer/SDKs/MacOSX26.1.sdk/usr/include/dispatch/once.h
/Applications/Xcode.app/Contents/Developer/Platforms/MacOSX.platform/Developer/SDKs/MacOSX26.1.sdk/usr/include/dispatch/data.h
/Applications/Xcode.app/Contents/Developer/Platforms/MacOSX.platform/Developer/SDKs/MacOSX26.1.sdk/usr/include/dispatch/io.h
/Applications/Xcode.app/Contents/Developer/Platforms/MacOSX.platform/Developer/SDKs/MacOSX26.1.sdk/usr/include/dispatch/workloop.h
/Applications/Xcode.app/Contents/Developer/Platforms/MacOSX.platform/Developer/SDKs/MacOSX26.1.sdk/usr/include/dispatch/dispatch_swift_shims.h
/Applications/Xcode.app/Contents/Developer/Platforms/MacOSX.platform/Developer/SDKs/MacOSX26.1.sdk/SDKSettings.json
/Applications/Xcode.app/Contents/Developer/Toolchains/XcodeDefault.xctoolchain/usr/lib/swift/macosx/prebuilt-modules/26.1/Dispatch.swiftmodule/arm64e-apple-macos.swiftmodule
/Applications/Xcode.app/Contents/Developer/Toolchains/XcodeDefault.xctoolchain/usr/lib/swift/macosx/prebuilt-modules/26.1/Foundation.swiftmodule/arm64e-apple-macos.swiftmodule
/Applications/Xcode.app/Contents/Developer/Platforms/MacOSX.platform/Developer/SDKs/MacOSX26.1.sdk/System/Library/Frameworks/Foundation.framework/Headers/Foundation.apinotes
/Applications/Xcode.app/Contents/Developer/Platforms/MacOSX.platform/Developer/SDKs/MacOSX26.1.sdk/System/Library/Frameworks/Foundation.framework/Modules/module.modulemap
/Applications/Xcode.app/Contents/Developer/Platforms/MacOSX.platform/Developer/SDKs/MacOSX26.1.sdk/System/Library/Frameworks/Foundation.framework/Headers/Foundation.h
/Applications/Xcode.app/Contents/Developer/Platforms/MacOSX.platform/Developer/SDKs/MacOSX26.1.sdk/System/Library/Frameworks/CoreFoundation.framework/Modules/module.modulemap
/Applications/Xcode.app/Contents/Developer/Platforms/MacOSX.platform/Developer/SDKs/MacOSX26.1.sdk/System/Library/Frameworks/Foundation.framework/Headers/NSObjCRuntime.h
/Applications/Xcode.app/Contents/Developer/Platforms/MacOSX.platform/Developer/SDKs/MacOSX26.1.sdk/usr/include/xpc.modulemap
/Applications/Xcode.app/Contents/Developer/Platforms/MacOSX.platform/Developer/SDKs/MacOSX26.1.sdk/usr/include/dispatch.modulemap
/Applications/Xcode.app/Contents/Developer/Platforms/MacOSX.platform/Developer/SDKs/MacOSX26.1.sdk/usr/include/ObjectiveC.modulemap
/Applications/Xcode.app/Contents/Developer/Platforms/MacOSX.platform/Developer/SDKs/MacOSX26.1.sdk/usr/include/Darwin.modulemap
/Applications/Xcode.app/Contents/Developer/Platforms/MacOSX.platform/Developer/SDKs/MacOSX26.1.sdk/usr/include/DarwinFoundation1.modulemap
/Applications/Xcode.app/Contents/Developer/Toolchains/XcodeDefault.xctoolchain/usr/lib/swift/clang/include/module.modulemap
/Applications/Xcode.app/Contents/Developer/Toolchains/XcodeDefault.xctoolchain/usr/lib/swift/clang/include/stdarg.h
/Applications/Xcode.app/Contents/Developer/Platforms/MacOSX.platform/Developer/SDKs/MacOSX26.1.sdk/System/Library/Frameworks/Foundation.framework/Headers/NSArray.h
/Applications/Xcode.app/Contents/Developer/Platforms/MacOSX.platform/Developer/SDKs/MacOSX26.1.sdk/System/Library/Frameworks/Foundation.framework/Headers/NSObject.h
/Applications/Xcode.app/Contents/Developer/Platforms/MacOSX.platform/Developer/SDKs/MacOSX26.1.sdk/System/Library/Frameworks/Foundation.framework/Headers/NSZone.h
/Applications/Xcode.app/Contents/Developer/Toolchains/XcodeDefault.xctoolchain/usr/lib/swift/clang/include/stddef.h
/Applications/Xcode.app/Contents/Developer/Platforms/MacOSX.platform/Developer/SDKs/MacOSX26.1.sdk/System/Library/Frameworks/Foundation.framework/Headers/NSEnumerator.h
/Applications/Xcode.app/Contents/Developer/Platforms/MacOSX.platform/Developer/SDKs/MacOSX26.1.sdk/System/Library/Frameworks/Foundation.framework/Headers/NSRange.h
/Applications/Xcode.app/Contents/Developer/Platforms/MacOSX.platform/Developer/SDKs/MacOSX26.1.sdk/System/Library/Frameworks/Foundation.framework/Headers/NSValue.h
/Applications/Xcode.app/Contents/Developer/Platforms/MacOSX.platform/Developer/SDKs/MacOSX26.1.sdk/System/Library/Frameworks/Foundation.framework/Headers/NSOrderedCollectionDifference.h
/Applications/Xcode.app/Contents/Developer/Platforms/MacOSX.platform/Developer/SDKs/MacOSX26.1.sdk/System/Library/Frameworks/Foundation.framework/Headers/NSOrderedCollectionChange.h
/Applications/Xcode.app/Contents/Developer/Platforms/MacOSX.platform/Developer/SDKs/MacOSX26.1.sdk/System/Library/Frameworks/Foundation.framework/Headers/NSIndexSet.h
/Applications/Xcode.app/Contents/Developer/Platforms/MacOSX.platform/Developer/SDKs/MacOSX26.1.sdk/System/Library/Frameworks/Foundation.framework/Headers/NSAutoreleasePool.h
/Applications/Xcode.app/Contents/Developer/Platforms/MacOSX.platform/Developer/SDKs/MacOSX26.1.sdk/System/Library/Frameworks/Foundation.framework/Headers/NSBundle.h
/Applications/Xcode.app/Contents/Developer/Platforms/MacOSX.platform/Developer/SDKs/MacOSX26.1.sdk/System/Library/Frameworks/Foundation.framework/Headers/NSString.h
/Applications/Xcode.app/Contents/Developer/Platforms/MacOSX.platform/Developer/SDKs/MacOSX26.1.sdk/System/Library/Frameworks/Foundation.framework/Headers/NSItemProvider.h
/Applications/Xcode.app/Contents/Developer/Platforms/MacOSX.platform/Developer/SDKs/MacOSX26.1.sdk/System/Library/Frameworks/Foundation.framework/Headers/NSDictionary.h
/Applications/Xcode.app/Contents/Developer/Platforms/MacOSX.platform/Developer/SDKs/MacOSX26.1.sdk/System/Library/Frameworks/Foundation.framework/Headers/NSSet.h
/Applications/Xcode.app/Contents/Developer/Platforms/MacOSX.platform/Developer/SDKs/MacOSX26.1.sdk/System/Library/Frameworks/Foundation.framework/Headers/NSProgress.h
/Applications/Xcode.app/Contents/Developer/Platforms/MacOSX.platform/Developer/SDKs/MacOSX26.1.sdk/System/Library/Frameworks/Foundation.framework/Headers/NSNotification.h
/Applications/Xcode.app/Contents/Developer/Platforms/MacOSX.platform/Developer/SDKs/MacOSX26.1.sdk/System/Library/Frameworks/Foundation.framework/Headers/NSByteOrder.h
/Applications/Xcode.app/Contents/Developer/Platforms/MacOSX.platform/Developer/SDKs/MacOSX26.1.sdk/System/Library/Frameworks/Foundation.framework/Headers/NSCalendar.h
/Applications/Xcode.app/Contents/Developer/Platforms/MacOSX.platform/Developer/SDKs/MacOSX26.1.sdk/System/Library/Frameworks/Foundation.framework/Headers/NSDate.h
/Applications/Xcode.app/Contents/Developer/Platforms/MacOSX.platform/Developer/SDKs/MacOSX26.1.sdk/System/Library/Frameworks/Foundation.framework/Headers/NSCharacterSet.h
/Applications/Xcode.app/Contents/Developer/Platforms/MacOSX.platform/Developer/SDKs/MacOSX26.1.sdk/System/Library/Frameworks/Foundation.framework/Headers/NSCoder.h
/Applications/Xcode.app/Contents/Developer/Platforms/MacOSX.platform/Developer/SDKs/MacOSX26.1.sdk/System/Library/Frameworks/Foundation.framework/Headers/NSData.h
/Applications/Xcode.app/Contents/Developer/Platforms/MacOSX.platform/Developer/SDKs/MacOSX26.1.sdk/System/Library/Frameworks/Foundation.framework/Headers/NSDateInterval.h
/Applications/Xcode.app/Contents/Developer/Platforms/MacOSX.platform/Developer/SDKs/MacOSX26.1.sdk/System/Library/Frameworks/Foundation.framework/Headers/NSDateFormatter.h
/Applications/Xcode.app/Contents/Developer/Platforms/MacOSX.platform/Developer/SDKs/MacOSX26.1.sdk/System/Library/Frameworks/Foundation.framework/Headers/NSFormatter.h
/Applications/Xcode.app/Contents/Developer/Platforms/MacOSX.platform/Developer/SDKs/MacOSX26.1.sdk/System/Library/Frameworks/Foundation.framework/Headers/NSAttributedString.h
/Applications/Xcode.app/Contents/Developer/Platforms/MacOSX.platform/Developer/SDKs/MacOSX26.1.sdk/System/Library/Frameworks/Foundation.framework/Headers/NSDateIntervalFormatter.h
/Applications/Xcode.app/Contents/Developer/Platforms/MacOSX.platform/Developer/SDKs/MacOSX26.1.sdk/System/Library/Frameworks/Foundation.framework/Headers/NSISO8601DateFormatter.h
/Applications/Xcode.app/Contents/Developer/Platforms/MacOSX.platform/Developer/SDKs/MacOSX26.1.sdk/System/Library/Frameworks/Foundation.framework/Headers/NSMassFormatter.h
/Applications/Xcode.app/Contents/Developer/Platforms/MacOSX.platform/Developer/SDKs/MacOSX26.1.sdk/System/Library/Frameworks/Foundation.framework/Headers/NSLengthFormatter.h
/Applications/Xcode.app/Contents/Developer/Platforms/MacOSX.platform/Developer/SDKs/MacOSX26.1.sdk/System/Library/Frameworks/Foundation.framework/Headers/NSEnergyFormatter.h
/Applications/Xcode.app/Contents/Developer/Platforms/MacOSX.platform/Developer/SDKs/MacOSX26.1.sdk/System/Library/Frameworks/Foundation.framework/Headers/NSMeasurementFormatter.h
/Applications/Xcode.app/Contents/Developer/Platforms/MacOSX.platform/Developer/SDKs/MacOSX26.1.sdk/System/Library/Frameworks/Foundation.framework/Headers/NSNumberFormatter.h
/Applications/Xcode.app/Contents/Developer/Platforms/MacOSX.platform/Developer/SDKs/MacOSX26.1.sdk/System/Library/Frameworks/Foundation.framework/Headers/NSMeasurement.h
/Applications/Xcode.app/Contents/Developer/Platforms/MacOSX.platform/Developer/SDKs/MacOSX26.1.sdk/System/Library/Frameworks/Foundation.framework/Headers/NSUnit.h
/Applications/Xcode.app/Contents/Developer/Platforms/MacOSX.platform/Developer/SDKs/MacOSX26.1.sdk/System/Library/Frameworks/Foundation.framework/Headers/NSLocale.h
/Applications/Xcode.app/Contents/Developer/Platforms/MacOSX.platform/Developer/SDKs/MacOSX26.1.sdk/System/Library/Frameworks/Foundation.framework/Headers/NSPersonNameComponents.h
/Applications/Xcode.app/Contents/Developer/Platforms/MacOSX.platform/Developer/SDKs/MacOSX26.1.sdk/System/Library/Frameworks/Foundation.framework/Headers/NSPersonNameComponentsFormatter.h
/Applications/Xcode.app/Contents/Developer/Platforms/MacOSX.platform/Developer/SDKs/MacOSX26.1.sdk/System/Library/Frameworks/Foundation.framework/Headers/NSRelativeDateTimeFormatter.h
/Applications/Xcode.app/Contents/Developer/Platforms/MacOSX.platform/Developer/SDKs/MacOSX26.1.sdk/System/Library/Frameworks/Foundation.framework/Headers/NSListFormatter.h
/Applications/Xcode.app/Contents/Developer/Platforms/MacOSX.platform/Developer/SDKs/MacOSX26.1.sdk/System/Library/Frameworks/Foundation.framework/Headers/NSDecimal.h
/Applications/Xcode.app/Contents/Developer/Platforms/MacOSX.platform/Developer/SDKs/MacOSX26.1.sdk/System/Library/Frameworks/Foundation.framework/Headers/NSDecimalNumber.h
/Applications/Xcode.app/Contents/Developer/Platforms/MacOSX.platform/Developer/SDKs/MacOSX26.1.sdk/System/Library/Frameworks/Foundation.framework/Headers/NSScanner.h
/Applications/Xcode.app/Contents/Developer/Platforms/MacOSX.platform/Developer/SDKs/MacOSX26.1.sdk/System/Library/Frameworks/Foundation.framework/Headers/NSException.h
/Applications/Xcode.app/Contents/Developer/Platforms/MacOSX.platform/Developer/SDKs/MacOSX26.1.sdk/System/Library/Frameworks/Foundation.framework/Headers/NSError.h
/Applications/Xcode.app/Contents/Developer/Platforms/MacOSX.platform/Developer/SDKs/MacOSX26.1.sdk/System/Library/Frameworks/Foundation.framework/Headers/NSFileHandle.h
/Applications/Xcode.app/Contents/Developer/Platforms/MacOSX.platform/Developer/SDKs/MacOSX26.1.sdk/System/Library/Frameworks/Foundation.framework/Headers/NSRunLoop.h
/Applications/Xcode.app/Contents/Developer/Platforms/MacOSX.platform/Developer/SDKs/MacOSX26.1.sdk/System/Library/Frameworks/Foundation.framework/Headers/NSFileManager.h
/Applications/Xcode.app/Contents/Developer/Platforms/MacOSX.platform/Developer/SDKs/MacOSX26.1.sdk/System/Library/Frameworks/Foundation.framework/Headers/NSPathUtilities.h
/Applications/Xcode.app/Contents/Developer/Platforms/MacOSX.platform/Developer/SDKs/MacOSX26.1.sdk/System/Library/Frameworks/Foundation.framework/Headers/NSURL.h
/Applications/Xcode.app/Contents/Developer/Platforms/MacOSX.platform/Developer/SDKs/MacOSX26.1.sdk/System/Library/Frameworks/Foundation.framework/Headers/NSURLHandle.h
/Applications/Xcode.app/Contents/Developer/Platforms/MacOSX.platform/Developer/SDKs/MacOSX26.1.sdk/System/Library/Frameworks/Foundation.framework/Headers/NSHashTable.h
/Applications/Xcode.app/Contents/Developer/Platforms/MacOSX.platform/Developer/SDKs/MacOSX26.1.sdk/System/Library/Frameworks/Foundation.framework/Headers/NSPointerFunctions.h
/Applications/Xcode.app/Contents/Developer/Platforms/MacOSX.platform/Developer/SDKs/MacOSX26.1.sdk/System/Library/Frameworks/Foundation.framework/Headers/NSHTTPCookie.h
/Applications/Xcode.app/Contents/Developer/Platforms/MacOSX.platform/Developer/SDKs/MacOSX26.1.sdk/System/Library/Frameworks/Foundation.framework/Headers/NSHTTPCookieStorage.h
/Applications/Xcode.app/Contents/Developer/Platforms/MacOSX.platform/Developer/SDKs/MacOSX26.1.sdk/System/Library/Frameworks/Foundation.framework/Headers/NSIndexPath.h
/Applications/Xcode.app/Contents/Developer/Platforms/MacOSX.platform/Developer/SDKs/MacOSX26.1.sdk/System/Library/Frameworks/Foundation.framework/Headers/NSInflectionRule.h
/Applications/Xcode.app/Contents/Developer/Platforms/MacOSX.platform/Developer/SDKs/MacOSX26.1.sdk/System/Library/Frameworks/Foundation.framework/Headers/NSInvocation.h
/Applications/Xcode.app/Contents/Developer/Platforms/MacOSX.platform/Developer/SDKs/MacOSX26.1.sdk/System/Library/Frameworks/Foundation.framework/Headers/NSJSONSerialization.h
/Applications/Xcode.app/Contents/Developer/Platforms/MacOSX.platform/Developer/SDKs/MacOSX26.1.sdk/System/Library/Frameworks/Foundation.framework/Headers/NSKeyValueCoding.h
/Applications/Xcode.app/Contents/Developer/Platforms/MacOSX.platform/Developer/SDKs/MacOSX26.1.sdk/System/Library/Frameworks/Foundation.framework/Headers/NSOrderedSet.h
/Applications/Xcode.app/Contents/Developer/Platforms/MacOSX.platform/Developer/SDKs/MacOSX26.1.sdk/System/Library/Frameworks/Foundation.framework/Headers/NSKeyValueObserving.h
/Applications/Xcode.app/Contents/Developer/Platforms/MacOSX.platform/Developer/SDKs/MacOSX26.1.sdk/System/Library/Frameworks/Foundation.framework/Headers/NSKeyValueSharedObservers.h
/Applications/Xcode.app/Contents/Developer/Platforms/MacOSX.platform/Developer/SDKs/MacOSX26.1.sdk/System/Library/Frameworks/Foundation.framework/Headers/NSKeyedArchiver.h
/Applications/Xcode.app/Contents/Developer/Platforms/MacOSX.platform/Developer/SDKs/MacOSX26.1.sdk/System/Library/Frameworks/Foundation.framework/Headers/NSPropertyList.h
/Applications/Xcode.app/Contents/Developer/Platforms/MacOSX.platform/Developer/SDKs/MacOSX26.1.sdk/System/Library/Frameworks/Foundation.framework/Headers/NSGeometry.h
/Applications/Xcode.app/Contents/Developer/Platforms/MacOSX.platform/Developer/SDKs/MacOSX26.1.sdk/System/Library/Frameworks/Foundation.framework/Headers/NSLock.h
/Applications/Xcode.app/Contents/Developer/Platforms/MacOSX.platform/Developer/SDKs/MacOSX26.1.sdk/System/Library/Frameworks/Foundation.framework/Headers/NSMapTable.h
/Applications/Xcode.app/Contents/Developer/Platforms/MacOSX.platform/Developer/SDKs/MacOSX26.1.sdk/System/Library/Frameworks/Foundation.framework/Headers/NSMethodSignature.h
/Applications/Xcode.app/Contents/Developer/Platforms/MacOSX.platform/Developer/SDKs/MacOSX26.1.sdk/System/Library/Frameworks/Foundation.framework/Headers/NSMorphology.h
/Applications/Xcode.app/Contents/Developer/Platforms/MacOSX.platform/Developer/SDKs/MacOSX26.1.sdk/System/Library/Frameworks/Foundation.framework/Headers/NSTermOfAddress.h
/Applications/Xcode.app/Contents/Developer/Platforms/MacOSX.platform/Developer/SDKs/MacOSX26.1.sdk/System/Library/Frameworks/Foundation.framework/Headers/NSNotificationQueue.h
/Applications/Xcode.app/Contents/Developer/Platforms/MacOSX.platform/Developer/SDKs/MacOSX26.1.sdk/System/Library/Frameworks/Foundation.framework/Headers/NSNull.h
/Applications/Xcode.app/Contents/Developer/Platforms/MacOSX.platform/Developer/SDKs/MacOSX26.1.sdk/System/Library/Frameworks/Foundation.framework/Headers/NSLocalizedNumberFormatRule.h
/Applications/Xcode.app/Contents/Developer/Platforms/MacOSX.platform/Developer/SDKs/MacOSX26.1.sdk/System/Library/Frameworks/Foundation.framework/Headers/NSOperation.h
/Applications/Xcode.app/Contents/Developer/Platforms/MacOSX.platform/Developer/SDKs/MacOSX26.1.sdk/System/Library/Frameworks/Foundation.framework/Headers/NSOrthography.h
/Applications/Xcode.app/Contents/Developer/Platforms/MacOSX.platform/Developer/SDKs/MacOSX26.1.sdk/System/Library/Frameworks/Foundation.framework/Headers/NSPointerArray.h
/Applications/Xcode.app/Contents/Developer/Platforms/MacOSX.platform/Developer/SDKs/MacOSX26.1.sdk/System/Library/Frameworks/Foundation.framework/Headers/NSPort.h
/Applications/Xcode.app/Contents/Developer/Platforms/MacOSX.platform/Developer/SDKs/MacOSX26.1.sdk/System/Library/Frameworks/Foundation.framework/Headers/NSProcessInfo.h
/Applications/Xcode.app/Contents/Developer/Platforms/MacOSX.platform/Developer/SDKs/MacOSX26.1.sdk/System/Library/Frameworks/Foundation.framework/Headers/NSProxy.h
/Applications/Xcode.app/Contents/Developer/Platforms/MacOSX.platform/Developer/SDKs/MacOSX26.1.sdk/System/Library/Frameworks/Foundation.framework/Headers/NSRegularExpression.h
/Applications/Xcode.app/Contents/Developer/Platforms/MacOSX.platform/Developer/SDKs/MacOSX26.1.sdk/System/Library/Frameworks/Foundation.framework/Headers/NSTextCheckingResult.h
/Applications/Xcode.app/Contents/Developer/Platforms/MacOSX.platform/Developer/SDKs/MacOSX26.1.sdk/System/Library/Frameworks/Foundation.framework/Headers/NSSortDescriptor.h
/Applications/Xcode.app/Contents/Developer/Platforms/MacOSX.platform/Developer/SDKs/MacOSX26.1.sdk/System/Library/Frameworks/Foundation.framework/Headers/NSStream.h
/Applications/Xcode.app/Contents/Developer/Platforms/MacOSX.platform/Developer/SDKs/MacOSX26.1.sdk/System/Library/Frameworks/Foundation.framework/Headers/NSThread.h
/Applications/Xcode.app/Contents/Developer/Platforms/MacOSX.platform/Developer/SDKs/MacOSX26.1.sdk/System/Library/Frameworks/Foundation.framework/Headers/NSTimeZone.h
/Applications/Xcode.app/Contents/Developer/Platforms/MacOSX.platform/Developer/SDKs/MacOSX26.1.sdk/System/Library/Frameworks/Foundation.framework/Headers/NSTimer.h
/Applications/Xcode.app/Contents/Developer/Platforms/MacOSX.platform/Developer/SDKs/MacOSX26.1.sdk/System/Library/Frameworks/Foundation.framework/Headers/NSURLAuthenticationChallenge.h
/Applications/Xcode.app/Contents/Developer/Platforms/MacOSX.platform/Developer/SDKs/MacOSX26.1.sdk/System/Library/Frameworks/Foundation.framework/Headers/NSURLCache.h
/Applications/Xcode.app/Contents/Developer/Platforms/MacOSX.platform/Developer/SDKs/MacOSX26.1.sdk/System/Library/Frameworks/Foundation.framework/Headers/NSURLConnection.h
/Applications/Xcode.app/Contents/Developer/Platforms/MacOSX.platform/Developer/SDKs/MacOSX26.1.sdk/System/Library/Frameworks/Foundation.framework/Headers/NSURLCredential.h
/Applications/Xcode.app/Contents/Developer/Platforms/MacOSX.platform/Developer/SDKs/MacOSX26.1.sdk/System/Library/Frameworks/Security.framework/Modules/module.modulemap
/Applications/Xcode.app/Contents/Developer/Platforms/MacOSX.platform/Developer/SDKs/MacOSX26.1.sdk/System/Library/Frameworks/Foundation.framework/Headers/NSURLCredentialStorage.h
/Applications/Xcode.app/Contents/Developer/Platforms/MacOSX.platform/Developer/SDKs/MacOSX26.1.sdk/System/Library/Frameworks/Foundation.framework/Headers/NSURLProtectionSpace.h
/Applications/Xcode.app/Contents/Developer/Platforms/MacOSX.platform/Developer/SDKs/MacOSX26.1.sdk/System/Library/Frameworks/Foundation.framework/Headers/NSURLError.h
/Applications/Xcode.app/Contents/Developer/Platforms/MacOSX.platform/Developer/SDKs/MacOSX26.1.sdk/System/Library/Frameworks/CoreServices.framework/Modules/module.modulemap
/Applications/Xcode.app/Contents/Developer/Platforms/MacOSX.platform/Developer/SDKs/MacOSX26.1.sdk/System/Library/Frameworks/Foundation.framework/Headers/NSURLProtocol.h
/Applications/Xcode.app/Contents/Developer/Platforms/MacOSX.platform/Developer/SDKs/MacOSX26.1.sdk/System/Library/Frameworks/Foundation.framework/Headers/NSURLRequest.h
/Applications/Xcode.app/Contents/Developer/Platforms/MacOSX.platform/Developer/SDKs/MacOSX26.1.sdk/System/Library/Frameworks/Foundation.framework/Headers/NSURLResponse.h
/Applications/Xcode.app/Contents/Developer/Platforms/MacOSX.platform/Developer/SDKs/MacOSX26.1.sdk/System/Library/Frameworks/Foundation.framework/Headers/NSUserDefaults.h
/Applications/Xcode.app/Contents/Developer/Platforms/MacOSX.platform/Developer/SDKs/MacOSX26.1.sdk/System/Library/Frameworks/Foundation.framework/Headers/NSValueTransformer.h
/Applications/Xcode.app/Contents/Developer/Platforms/MacOSX.platform/Developer/SDKs/MacOSX26.1.sdk/System/Library/Frameworks/Foundation.framework/Headers/NSXMLParser.h
/Applications/Xcode.app/Contents/Developer/Platforms/MacOSX.platform/Developer/SDKs/MacOSX26.1.sdk/System/Library/Frameworks/Foundation.framework/Headers/NSXPCConnection.h
/Applications/Xcode.app/Contents/Developer/Platforms/MacOSX.platform/Developer/SDKs/MacOSX26.1.sdk/System/Library/Frameworks/Foundation.framework/Headers/FoundationErrors.h
/Applications/Xcode.app/Contents/Developer/Platforms/MacOSX.platform/Developer/SDKs/MacOSX26.1.sdk/System/Library/Frameworks/Foundation.framework/Headers/NSByteCountFormatter.h
/Applications/Xcode.app/Contents/Developer/Platforms/MacOSX.platform/Developer/SDKs/MacOSX26.1.sdk/System/Library/Frameworks/Foundation.framework/Headers/NSCache.h
/Applications/Xcode.app/Contents/Developer/Platforms/MacOSX.platform/Developer/SDKs/MacOSX26.1.sdk/System/Library/Frameworks/Foundation.framework/Headers/NSComparisonPredicate.h
/Applications/Xcode.app/Contents/Developer/Platforms/MacOSX.platform/Developer/SDKs/MacOSX26.1.sdk/System/Library/Frameworks/Foundation.framework/Headers/NSPredicate.h
/Applications/Xcode.app/Contents/Developer/Platforms/MacOSX.platform/Developer/SDKs/MacOSX26.1.sdk/System/Library/Frameworks/Foundation.framework/Headers/NSCompoundPredicate.h
/Applications/Xcode.app/Contents/Developer/Platforms/MacOSX.platform/Developer/SDKs/MacOSX26.1.sdk/System/Library/Frameworks/Foundation.framework/Headers/NSDateComponentsFormatter.h
/Applications/Xcode.app/Contents/Developer/Platforms/MacOSX.platform/Developer/SDKs/MacOSX26.1.sdk/System/Library/Frameworks/Foundation.framework/Headers/NSExpression.h
/Applications/Xcode.app/Contents/Developer/Platforms/MacOSX.platform/Developer/SDKs/MacOSX26.1.sdk/System/Library/Frameworks/Foundation.framework/Headers/NSExtensionContext.h
/Applications/Xcode.app/Contents/Developer/Platforms/MacOSX.platform/Developer/SDKs/MacOSX26.1.sdk/System/Library/Frameworks/Foundation.framework/Headers/NSExtensionItem.h
/Applications/Xcode.app/Contents/Developer/Platforms/MacOSX.platform/Developer/SDKs/MacOSX26.1.sdk/System/Library/Frameworks/Foundation.framework/Headers/NSExtensionRequestHandling.h
/Applications/Xcode.app/Contents/Developer/Platforms/MacOSX.platform/Developer/SDKs/MacOSX26.1.sdk/System/Library/Frameworks/Foundation.framework/Headers/NSFileCoordinator.h
/Applications/Xcode.app/Contents/Developer/Platforms/MacOSX.platform/Developer/SDKs/MacOSX26.1.sdk/System/Library/Frameworks/Foundation.framework/Headers/NSFilePresenter.h
/Applications/Xcode.app/Contents/Developer/Platforms/MacOSX.platform/Developer/SDKs/MacOSX26.1.sdk/System/Library/Frameworks/Foundation.framework/Headers/NSFileVersion.h
/Applications/Xcode.app/Contents/Developer/Platforms/MacOSX.platform/Developer/SDKs/MacOSX26.1.sdk/System/Library/Frameworks/Foundation.framework/Headers/NSFileWrapper.h
/Applications/Xcode.app/Contents/Developer/Platforms/MacOSX.platform/Developer/SDKs/MacOSX26.1.sdk/System/Library/Frameworks/Foundation.framework/Headers/NSLinguisticTagger.h
/Applications/Xcode.app/Contents/Developer/Platforms/MacOSX.platform/Developer/SDKs/MacOSX26.1.sdk/System/Library/Frameworks/Foundation.framework/Headers/NSMetadata.h
/Applications/Xcode.app/Contents/Developer/Platforms/MacOSX.platform/Developer/SDKs/MacOSX26.1.sdk/System/Library/Frameworks/Foundation.framework/Headers/NSMetadataAttributes.h
/Applications/Xcode.app/Contents/Developer/Platforms/MacOSX.platform/Developer/SDKs/MacOSX26.1.sdk/System/Library/Frameworks/Foundation.framework/Headers/NSNetServices.h
/Applications/Xcode.app/Contents/Developer/Platforms/MacOSX.platform/Developer/SDKs/MacOSX26.1.sdk/System/Library/Frameworks/Foundation.framework/Headers/NSUbiquitousKeyValueStore.h
/Applications/Xcode.app/Contents/Developer/Platforms/MacOSX.platform/Developer/SDKs/MacOSX26.1.sdk/System/Library/Frameworks/Foundation.framework/Headers/NSUndoManager.h
/Applications/Xcode.app/Contents/Developer/Platforms/MacOSX.platform/Developer/SDKs/MacOSX26.1.sdk/System/Library/Frameworks/Foundation.framework/Headers/NSURLSession.h
/Applications/Xcode.app/Contents/Developer/Platforms/MacOSX.platform/Developer/SDKs/MacOSX26.1.sdk/System/Library/Frameworks/Foundation.framework/Headers/NSUserActivity.h
/Applications/Xcode.app/Contents/Developer/Platforms/MacOSX.platform/Developer/SDKs/MacOSX26.1.sdk/System/Library/Frameworks/Foundation.framework/Headers/NSUUID.h
/Applications/Xcode.app/Contents/Developer/Platforms/MacOSX.platform/Developer/SDKs/MacOSX26.1.sdk/System/Library/Frameworks/Foundation.framework/Headers/NSAffineTransform.h
/Applications/Xcode.app/Contents/Developer/Platforms/MacOSX.platform/Developer/SDKs/MacOSX26.1.sdk/System/Library/Frameworks/Foundation.framework/Headers/NSAppleScript.h
/Applications/Xcode.app/Contents/Developer/Platforms/MacOSX.platform/Developer/SDKs/MacOSX26.1.sdk/System/Library/Frameworks/Foundation.framework/Headers/NSArchiver.h
/Applications/Xcode.app/Contents/Developer/Platforms/MacOSX.platform/Developer/SDKs/MacOSX26.1.sdk/System/Library/Frameworks/Foundation.framework/Headers/NSBackgroundActivityScheduler.h
/Applications/Xcode.app/Contents/Developer/Platforms/MacOSX.platform/Developer/SDKs/MacOSX26.1.sdk/System/Library/Frameworks/Foundation.framework/Headers/NSCalendarDate.h
/Applications/Xcode.app/Contents/Developer/Platforms/MacOSX.platform/Developer/SDKs/MacOSX26.1.sdk/System/Library/Frameworks/Foundation.framework/Headers/NSConnection.h
/Applications/Xcode.app/Contents/Developer/Platforms/MacOSX.platform/Developer/SDKs/MacOSX26.1.sdk/System/Library/Frameworks/Foundation.framework/Headers/NSDistantObject.h
/Applications/Xcode.app/Contents/Developer/Platforms/MacOSX.platform/Developer/SDKs/MacOSX26.1.sdk/System/Library/Frameworks/Foundation.framework/Headers/NSDistributedNotificationCenter.h
/Applications/Xcode.app/Contents/Developer/Platforms/MacOSX.platform/Developer/SDKs/MacOSX26.1.sdk/System/Library/Frameworks/Foundation.framework/Headers/NSPortCoder.h
/Applications/Xcode.app/Contents/Developer/Platforms/MacOSX.platform/Developer/SDKs/MacOSX26.1.sdk/System/Library/Frameworks/Foundation.framework/Headers/NSPortMessage.h
/Applications/Xcode.app/Contents/Developer/Platforms/MacOSX.platform/Developer/SDKs/MacOSX26.1.sdk/System/Library/Frameworks/Foundation.framework/Headers/NSPortNameServer.h
/Applications/Xcode.app/Contents/Developer/Platforms/MacOSX.platform/Developer/SDKs/MacOSX26.1.sdk/System/Library/Frameworks/Foundation.framework/Headers/NSProtocolChecker.h
/Applications/Xcode.app/Contents/Developer/Platforms/MacOSX.platform/Developer/SDKs/MacOSX26.1.sdk/System/Library/Frameworks/Foundation.framework/Headers/NSTask.h
/Applications/Xcode.app/Contents/Developer/Platforms/MacOSX.platform/Developer/SDKs/MacOSX26.1.sdk/System/Library/Frameworks/Foundation.framework/Headers/NSXMLDTD.h
/Applications/Xcode.app/Contents/Developer/Platforms/MacOSX.platform/Developer/SDKs/MacOSX26.1.sdk/System/Library/Frameworks/Foundation.framework/Headers/NSXMLNode.h
/Applications/Xcode.app/Contents/Developer/Platforms/MacOSX.platform/Developer/SDKs/MacOSX26.1.sdk/System/Library/Frameworks/Foundation.framework/Headers/NSXMLNodeOptions.h
/Applications/Xcode.app/Contents/Developer/Platforms/MacOSX.platform/Developer/SDKs/MacOSX26.1.sdk/System/Library/Frameworks/Foundation.framework/Headers/NSXMLDTDNode.h
/Applications/Xcode.app/Contents/Developer/Platforms/MacOSX.platform/Developer/SDKs/MacOSX26.1.sdk/System/Library/Frameworks/Foundation.framework/Headers/NSXMLDocument.h
/Applications/Xcode.app/Contents/Developer/Platforms/MacOSX.platform/Developer/SDKs/MacOSX26.1.sdk/System/Library/Frameworks/Foundation.framework/Headers/NSXMLElement.h
/Applications/Xcode.app/Contents/Developer/Platforms/MacOSX.platform/Developer/SDKs/MacOSX26.1.sdk/System/Library/Frameworks/Foundation.framework/Headers/NSURLDownload.h
/Applications/Xcode.app/Contents/Developer/Platforms/MacOSX.platform/Developer/SDKs/MacOSX26.1.sdk/System/Library/Frameworks/Foundation.framework/Headers/NSAppleEventDescriptor.h
/Applications/Xcode.app/Contents/Developer/Platforms/MacOSX.platform/Developer/SDKs/MacOSX26.1.sdk/System/Library/Frameworks/Foundation.framework/Headers/NSAppleEventManager.h
/Applications/Xcode.app/Contents/Developer/Platforms/MacOSX.platform/Developer/SDKs/MacOSX26.1.sdk/System/Library/Frameworks/Foundation.framework/Headers/NSClassDescription.h
/Applications/Xcode.app/Contents/Developer/Platforms/MacOSX.platform/Developer/SDKs/MacOSX26.1.sdk/System/Library/Frameworks/Foundation.framework/Headers/NSDistributedLock.h
/Applications/Xcode.app/Contents/Developer/Platforms/MacOSX.platform/Developer/SDKs/MacOSX26.1.sdk/System/Library/Frameworks/Foundation.framework/Headers/NSGarbageCollector.h
/Applications/Xcode.app/Contents/Developer/Platforms/MacOSX.platform/Developer/SDKs/MacOSX26.1.sdk/System/Library/Frameworks/Foundation.framework/Headers/NSHFSFileTypes.h
/Applications/Xcode.app/Contents/Developer/Platforms/MacOSX.platform/Developer/SDKs/MacOSX26.1.sdk/System/Library/Frameworks/Foundation.framework/Headers/NSHost.h
/Applications/Xcode.app/Contents/Developer/Platforms/MacOSX.platform/Developer/SDKs/MacOSX26.1.sdk/System/Library/Frameworks/Foundation.framework/Headers/NSObjectScripting.h
/Applications/Xcode.app/Contents/Developer/Platforms/MacOSX.platform/Developer/SDKs/MacOSX26.1.sdk/System/Library/Frameworks/Foundation.framework/Headers/NSScriptClassDescription.h
/Applications/Xcode.app/Contents/Developer/Platforms/MacOSX.platform/Developer/SDKs/MacOSX26.1.sdk/System/Library/Frameworks/Foundation.framework/Headers/NSScriptCoercionHandler.h
/Applications/Xcode.app/Contents/Developer/Platforms/MacOSX.platform/Developer/SDKs/MacOSX26.1.sdk/System/Library/Frameworks/Foundation.framework/Headers/NSScriptCommand.h
/Applications/Xcode.app/Contents/Developer/Platforms/MacOSX.platform/Developer/SDKs/MacOSX26.1.sdk/System/Library/Frameworks/Foundation.framework/Headers/NSScriptCommandDescription.h
/Applications/Xcode.app/Contents/Developer/Platforms/MacOSX.platform/Developer/SDKs/MacOSX26.1.sdk/System/Library/Frameworks/Foundation.framework/Headers/NSScriptExecutionContext.h
/Applications/Xcode.app/Contents/Developer/Platforms/MacOSX.platform/Developer/SDKs/MacOSX26.1.sdk/System/Library/Frameworks/Foundation.framework/Headers/NSScriptKeyValueCoding.h
/Applications/Xcode.app/Contents/Developer/Platforms/MacOSX.platform/Developer/SDKs/MacOSX26.1.sdk/System/Library/Frameworks/Foundation.framework/Headers/NSScriptObjectSpecifiers.h
/Applications/Xcode.app/Contents/Developer/Platforms/MacOSX.platform/Developer/SDKs/MacOSX26.1.sdk/System/Library/Frameworks/Foundation.framework/Headers/NSScriptStandardSuiteCommands.h
/Applications/Xcode.app/Contents/Developer/Platforms/MacOSX.platform/Developer/SDKs/MacOSX26.1.sdk/System/Library/Frameworks/Foundation.framework/Headers/NSScriptSuiteRegistry.h
/Applications/Xcode.app/Contents/Developer/Platforms/MacOSX.platform/Developer/SDKs/MacOSX26.1.sdk/System/Library/Frameworks/Foundation.framework/Headers/NSScriptWhoseTests.h
/Applications/Xcode.app/Contents/Developer/Platforms/MacOSX.platform/Developer/SDKs/MacOSX26.1.sdk/System/Library/Frameworks/Foundation.framework/Headers/NSSpellServer.h
/Applications/Xcode.app/Contents/Developer/Platforms/MacOSX.platform/Developer/SDKs/MacOSX26.1.sdk/System/Library/Frameworks/Foundation.framework/Headers/NSUserNotification.h
/Applications/Xcode.app/Contents/Developer/Platforms/MacOSX.platform/Developer/SDKs/MacOSX26.1.sdk/System/Library/Frameworks/Foundation.framework/Headers/NSUserScriptTask.h
/Applications/Xcode.app/Contents/Developer/Platforms/MacOSX.platform/Developer/SDKs/MacOSX26.1.sdk/System/Library/Frameworks/Foundation.framework/Headers/FoundationLegacySwiftCompatibility.h
/Applications/Xcode.app/Contents/Developer/Platforms/MacOSX.platform/Developer/SDKs/MacOSX26.1.sdk/System/Library/Frameworks/Foundation.framework/Headers/NSDebug.h
/Applications/Xcode.app/Contents/Developer/Platforms/MacOSX.platform/Developer/SDKs/MacOSX26.1.sdk/SDKSettings.json
/Applications/Xcode.app/Contents/Developer/Platforms/MacOSX.platform/Developer/SDKs/MacOSX26.1.sdk/System/Library/Frameworks/IOKit.framework/Modules/module.modulemap
/Applications/Xcode.app/Contents/Developer/Platforms/MacOSX.platform/Developer/SDKs/MacOSX26.1.sdk/System/Library/Frameworks/IOKit.framework/Headers/IOReturn.h
/Applications/Xcode.app/Contents/Developer/Platforms/MacOSX.platform/Developer/SDKs/MacOSX26.1.sdk/usr/include/dispatch.modulemap
/Applications/Xcode.app/Contents/Developer/Platforms/MacOSX.platform/Developer/SDKs/MacOSX26.1.sdk/usr/include/libkern.modulemap
/Applications/Xcode.app/Contents/Developer/Platforms/MacOSX.platform/Developer/SDKs/MacOSX26.1.sdk/usr/include/Darwin.modulemap
/Applications/Xcode.app/Contents/Developer/Platforms/MacOSX.platform/Developer/SDKs/MacOSX26.1.sdk/usr/include/Darwin_C.modulemap
/Applications/Xcode.app/Contents/Developer/Platforms/MacOSX.platform/Developer/SDKs/MacOSX26.1.sdk/usr/include/Darwin_POSIX.modulemap
/Applications/Xcode.app/Contents/Developer/Platforms/MacOSX.platform/Developer/SDKs/MacOSX26.1.sdk/usr/include/net.modulemap
/Applications/Xcode.app/Contents/Developer/Platforms/MacOSX.platform/Developer/SDKs/MacOSX26.1.sdk/usr/include/netinet.modulemap
/Applications/Xcode.app/Contents/Developer/Platforms/MacOSX.platform/Developer/SDKs/MacOSX26.1.sdk/usr/include/bank.modulemap
/Applications/Xcode.app/Contents/Developer/Platforms/MacOSX.platform/Developer/SDKs/MacOSX26.1.sdk/usr/include/Darwin_Mach.modulemap
/Applications/Xcode.app/Contents/Developer/Platforms/MacOSX.platform/Developer/SDKs/MacOSX26.1.sdk/usr/include/Darwin_Mach_machine.modulemap
/Applications/Xcode.app/Contents/Developer/Platforms/MacOSX.platform/Developer/SDKs/MacOSX26.1.sdk/usr/include/mach_debug.modulemap
/Applications/Xcode.app/Contents/Developer/Platforms/MacOSX.platform/Developer/SDKs/MacOSX26.1.sdk/usr/include/device.modulemap
/Applications/Xcode.app/Contents/Developer/Platforms/MacOSX.platform/Developer/SDKs/MacOSX26.1.sdk/usr/include/Darwin_machine.modulemap
/Applications/Xcode.app/Contents/Developer/Platforms/MacOSX.platform/Developer/SDKs/MacOSX26.1.sdk/usr/include/ncurses.modulemap
/Applications/Xcode.app/Contents/Developer/Platforms/MacOSX.platform/Developer/SDKs/MacOSX26.1.sdk/usr/include/netinet6.modulemap
/Applications/Xcode.app/Contents/Developer/Platforms/MacOSX.platform/Developer/SDKs/MacOSX26.1.sdk/usr/include/Darwin_sys.modulemap
/Applications/Xcode.app/Contents/Developer/Platforms/MacOSX.platform/Developer/SDKs/MacOSX26.1.sdk/usr/include/uuid.modulemap
/Applications/Xcode.app/Contents/Developer/Platforms/MacOSX.platform/Developer/SDKs/MacOSX26.1.sdk/usr/include/DarwinFoundation2.modulemap
/Applications/Xcode.app/Contents/Developer/Platforms/MacOSX.platform/Developer/SDKs/MacOSX26.1.sdk/usr/include/DarwinFoundation1.modulemap
/Applications/Xcode.app/Contents/Developer/Platforms/MacOSX.platform/Developer/SDKs/MacOSX26.1.sdk/System/Library/Frameworks/IOKit.framework/Headers/IOMapTypes.h
/Applications/Xcode.app/Contents/Developer/Platforms/MacOSX.platform/Developer/SDKs/MacOSX26.1.sdk/System/Library/Frameworks/IOKit.framework/Headers/IOTypes.h
/Applications/Xcode.app/Contents/Developer/Toolchains/XcodeDefault.xctoolchain/usr/lib/swift/clang/include/module.modulemap
/Applications/Xcode.app/Contents/Developer/Platforms/MacOSX.platform/Developer/SDKs/MacOSX26.1.sdk/System/Library/Frameworks/IOKit.framework/Headers/IOKitKeys.h
/Applications/Xcode.app/Contents/Developer/Platforms/MacOSX.platform/Developer/SDKs/MacOSX26.1.sdk/System/Library/Frameworks/IOKit.framework/Headers/OSMessageNotification.h
/Applications/Xcode.app/Contents/Developer/Platforms/MacOSX.platform/Developer/SDKs/MacOSX26.1.sdk/System/Library/Frameworks/IOKit.framework/Headers/IOKitLib.h
/Applications/Xcode.app/Contents/Developer/Platforms/MacOSX.platform/Developer/SDKs/MacOSX26.1.sdk/System/Library/Frameworks/CoreFoundation.framework/Modules/module.modulemap
/Applications/Xcode.app/Contents/Developer/Platforms/MacOSX.platform/Developer/SDKs/MacOSX26.1.sdk/System/Library/Frameworks/IOKit.framework/Headers/IOBSD.h
/Applications/Xcode.app/Contents/Developer/Platforms/MacOSX.platform/Developer/SDKs/MacOSX26.1.sdk/System/Library/Frameworks/IOKit.framework/Headers/IODataQueueClient.h
/Applications/Xcode.app/Contents/Developer/Platforms/MacOSX.platform/Developer/SDKs/MacOSX26.1.sdk/System/Library/Frameworks/IOKit.framework/Headers/IODataQueueShared.h
/Applications/Xcode.app/Contents/Developer/Platforms/MacOSX.platform/Developer/SDKs/MacOSX26.1.sdk/System/Library/Frameworks/IOKit.framework/Headers/IOCFBundle.h
/Applications/Xcode.app/Contents/Developer/Platforms/MacOSX.platform/Developer/SDKs/MacOSX26.1.sdk/System/Library/Frameworks/IOKit.framework/Headers/IOSharedLock.h
/Applications/Xcode.app/Contents/Developer/Platforms/MacOSX.platform/Developer/SDKs/MacOSX26.1.sdk/System/Library/Frameworks/IOKit.framework/Headers/IOCFPlugIn.h
/Applications/Xcode.app/Contents/Developer/Platforms/MacOSX.platform/Developer/SDKs/MacOSX26.1.sdk/System/Library/Frameworks/IOKit.framework/Headers/IOCFSerialize.h
/Applications/Xcode.app/Contents/Developer/Platforms/MacOSX.platform/Developer/SDKs/MacOSX26.1.sdk/System/Library/Frameworks/IOKit.framework/Headers/IOCFURLAccess.h
/Applications/Xcode.app/Contents/Developer/Platforms/MacOSX.platform/Developer/SDKs/MacOSX26.1.sdk/System/Library/Frameworks/IOKit.framework/Headers/IOKitServer.h
/Applications/Xcode.app/Contents/Developer/Platforms/MacOSX.platform/Developer/SDKs/MacOSX26.1.sdk/System/Library/Frameworks/IOKit.framework/Headers/IOCFUnserialize.h
/Applications/Xcode.app/Contents/Developer/Platforms/MacOSX.platform/Developer/SDKs/MacOSX26.1.sdk/System/Library/Frameworks/IOKit.framework/Headers/IOMessage.h
/Applications/Xcode.app/Contents/Developer/Platforms/MacOSX.platform/Developer/SDKs/MacOSX26.1.sdk/System/Library/Frameworks/IOKit.framework/Headers/IORPC.h
/Applications/Xcode.app/Contents/Developer/Platforms/MacOSX.platform/Developer/SDKs/MacOSX26.1.sdk/System/Library/Frameworks/IOKit.framework/Headers/IOUserServer.h
/Applications/Xcode.app/Contents/Developer/Platforms/MacOSX.platform/Developer/SDKs/MacOSX26.1.sdk/System/Library/Frameworks/IOKit.framework/Headers/audio/IOAudioDefines.h
/Applications/Xcode.app/Contents/Developer/Platforms/MacOSX.platform/Developer/SDKs/MacOSX26.1.sdk/System/Library/Frameworks/IOKit.framework/Headers/audio/IOAudioLib.h
/Applications/Xcode.app/Contents/Developer/Platforms/MacOSX.platform/Developer/SDKs/MacOSX26.1.sdk/System/Library/Frameworks/IOKit.framework/Headers/audio/IOAudioTypes.h
/Applications/Xcode.app/Contents/Developer/Platforms/MacOSX.platform/Developer/SDKs/MacOSX26.1.sdk/System/Library/Frameworks/IOKit.framework/Headers/avc/IOFireWireAVCConsts.h
/Applications/Xcode.app/Contents/Developer/Platforms/MacOSX.platform/Developer/SDKs/MacOSX26.1.sdk/System/Library/Frameworks/IOKit.framework/Headers/avc/IOFireWireAVCLib.h
/Applications/Xcode.app/Contents/Developer/Platforms/MacOSX.platform/Developer/SDKs/MacOSX26.1.sdk/System/Library/Frameworks/IOKit.framework/Headers/firewire/IOFireWireFamilyCommon.h
/Applications/Xcode.app/Contents/Developer/Platforms/MacOSX.platform/Developer/SDKs/MacOSX26.1.sdk/System/Library/Frameworks/IOKit.framework/Headers/firewire/IOFireWireLib.h
/Applications/Xcode.app/Contents/Developer/Platforms/MacOSX.platform/Developer/SDKs/MacOSX26.1.sdk/System/Library/Frameworks/IOKit.framework/Headers/firewire/IOFireWireLibIsoch.h
/Applications/Xcode.app/Contents/Developer/Platforms/MacOSX.platform/Developer/SDKs/MacOSX26.1.sdk/System/Library/Frameworks/IOKit.framework/Headers/graphics/IOAccelClientConnect.h
/Applications/Xcode.app/Contents/Developer/Platforms/MacOSX.platform/Developer/SDKs/MacOSX26.1.sdk/System/Library/Frameworks/IOKit.framework/Headers/graphics/IOGraphicsInterface.h
/Applications/Xcode.app/Contents/Developer/Platforms/MacOSX.platform/Developer/SDKs/MacOSX26.1.sdk/System/Library/Frameworks/IOKit.framework/Headers/graphics/IOGraphicsInterfaceTypes.h
/Applications/Xcode.app/Contents/Developer/Platforms/MacOSX.platform/Developer/SDKs/MacOSX26.1.sdk/System/Library/Frameworks/IOKit.framework/Headers/graphics/IOAccelSurfaceConnect.h
/Applications/Xcode.app/Contents/Developer/Platforms/MacOSX.platform/Developer/SDKs/MacOSX26.1.sdk/System/Library/Frameworks/IOKit.framework/Headers/graphics/IOAccelTypes.h
/Applications/Xcode.app/Contents/Developer/Platforms/MacOSX.platform/Developer/SDKs/MacOSX26.1.sdk/System/Library/Frameworks/IOKit.framework/Headers/graphics/IOGraphicsLib.h
/Applications/Xcode.app/Contents/Developer/Platforms/MacOSX.platform/Developer/SDKs/MacOSX26.1.sdk/System/Library/Frameworks/IOKit.framework/Headers/graphics/IOFramebufferShared.h
/Applications/Xcode.app/Contents/Developer/Platforms/MacOSX.platform/Developer/SDKs/MacOSX26.1.sdk/System/Library/Frameworks/IOKit.framework/Headers/hidsystem/IOHIDTypes.h
/Applications/Xcode.app/Contents/Developer/Platforms/MacOSX.platform/Developer/SDKs/MacOSX26.1.sdk/System/Library/Frameworks/IOKit.framework/Headers/graphics/IOGraphicsTypes.h
/Applications/Xcode.app/Contents/Developer/Platforms/MacOSX.platform/Developer/SDKs/MacOSX26.1.sdk/System/Library/Frameworks/IOKit.framework/Headers/graphics/IOGraphicsEngine.h
/Applications/Xcode.app/Contents/Developer/Platforms/MacOSX.platform/Developer/SDKs/MacOSX26.1.sdk/System/Library/Frameworks/IOKit.framework/Headers/hid/IOHIDBase.h
/Applications/Xcode.app/Contents/Developer/Platforms/MacOSX.platform/Developer/SDKs/MacOSX26.1.sdk/System/Library/Frameworks/IOKit.framework/Headers/hid/IOHIDKeys.h
/Applications/Xcode.app/Contents/Developer/Platforms/MacOSX.platform/Developer/SDKs/MacOSX26.1.sdk/System/Library/Frameworks/IOKit.framework/Headers/hidsystem/IOHIDParameter.h
/Applications/Xcode.app/Contents/Developer/Platforms/MacOSX.platform/Developer/SDKs/MacOSX26.1.sdk/System/Library/Frameworks/IOKit.framework/Headers/hidsystem/IOLLEvent.h
/Applications/Xcode.app/Contents/Developer/Platforms/MacOSX.platform/Developer/SDKs/MacOSX26.1.sdk/System/Library/Frameworks/IOKit.framework/Headers/hid/IOHIDProperties.h
/Applications/Xcode.app/Contents/Developer/Platforms/MacOSX.platform/Developer/SDKs/MacOSX26.1.sdk/System/Library/Frameworks/IOKit.framework/Headers/hid/IOHIDEventServiceKeys.h
/Applications/Xcode.app/Contents/Developer/Platforms/MacOSX.platform/Developer/SDKs/MacOSX26.1.sdk/System/Library/Frameworks/IOKit.framework/Headers/hid/IOHIDDeviceTypes.h
/Applications/Xcode.app/Contents/Developer/Platforms/MacOSX.platform/Developer/SDKs/MacOSX26.1.sdk/System/Library/Frameworks/IOKit.framework/Headers/hid/IOHIDDeviceKeys.h
/Applications/Xcode.app/Contents/Developer/Platforms/MacOSX.platform/Developer/SDKs/MacOSX26.1.sdk/System/Library/Frameworks/IOKit.framework/Headers/hid/IOHIDQueue.h
/Applications/Xcode.app/Contents/Developer/Platforms/MacOSX.platform/Developer/SDKs/MacOSX26.1.sdk/System/Library/Frameworks/IOKit.framework/Headers/hid/IOHIDDevice.h
/Applications/Xcode.app/Contents/Developer/Platforms/MacOSX.platform/Developer/SDKs/MacOSX26.1.sdk/System/Library/Frameworks/IOKit.framework/Headers/hid/IOHIDLib.h
/Applications/Xcode.app/Contents/Developer/Platforms/MacOSX.platform/Developer/SDKs/MacOSX26.1.sdk/System/Library/Frameworks/IOKit.framework/Headers/hid/IOHIDElement.h
/Applications/Xcode.app/Contents/Developer/Platforms/MacOSX.platform/Developer/SDKs/MacOSX26.1.sdk/System/Library/Frameworks/IOKit.framework/Headers/hid/IOHIDLibObsolete.h
/Applications/Xcode.app/Contents/Developer/Platforms/MacOSX.platform/Developer/SDKs/MacOSX26.1.sdk/System/Library/Frameworks/IOKit.framework/Headers/hid/IOHIDManager.h
/Applications/Xcode.app/Contents/Developer/Platforms/MacOSX.platform/Developer/SDKs/MacOSX26.1.sdk/System/Library/Frameworks/IOKit.framework/Headers/hid/IOHIDUsageTables.h
/Applications/Xcode.app/Contents/Developer/Platforms/MacOSX.platform/Developer/SDKs/MacOSX26.1.sdk/System/Library/Frameworks/IOKit.framework/Headers/hid/IOHIDValue.h
/Applications/Xcode.app/Contents/Developer/Platforms/MacOSX.platform/Developer/SDKs/MacOSX26.1.sdk/System/Library/Frameworks/IOKit.framework/Headers/hid/IOHIDTransaction.h
/Applications/Xcode.app/Contents/Developer/Platforms/MacOSX.platform/Developer/SDKs/MacOSX26.1.sdk/System/Library/Frameworks/IOKit.framework/Headers/hid/IOHIDDevicePlugIn.h
/Applications/Xcode.app/Contents/Developer/Platforms/MacOSX.platform/Developer/SDKs/MacOSX26.1.sdk/System/Library/Frameworks/IOKit.framework/Headers/hid/IOHIDEventServiceTypes.h
/Applications/Xcode.app/Contents/Developer/Platforms/MacOSX.platform/Developer/SDKs/MacOSX26.1.sdk/System/Library/Frameworks/IOKit.framework/Headers/hidsystem/IOHIDLib.h
/Applications/Xcode.app/Contents/Developer/Platforms/MacOSX.platform/Developer/SDKs/MacOSX26.1.sdk/System/Library/Frameworks/IOKit.framework/Headers/hidsystem/IOHIDShared.h
/Applications/Xcode.app/Contents/Developer/Platforms/MacOSX.platform/Developer/SDKs/MacOSX26.1.sdk/System/Library/Frameworks/IOKit.framework/Headers/hidsystem/event_status_driver.h
/Applications/Xcode.app/Contents/Developer/Platforms/MacOSX.platform/Developer/SDKs/MacOSX26.1.sdk/System/Library/Frameworks/IOKit.framework/Headers/hidsystem/ev_keymap.h
/Applications/Xcode.app/Contents/Developer/Platforms/MacOSX.platform/Developer/SDKs/MacOSX26.1.sdk/System/Library/Frameworks/IOKit.framework/Headers/hidsystem/IOHIDEventSystemClient.h
/Applications/Xcode.app/Contents/Developer/Platforms/MacOSX.platform/Developer/SDKs/MacOSX26.1.sdk/System/Library/Frameworks/IOKit.framework/Headers/hidsystem/IOHIDServiceClient.h
/Applications/Xcode.app/Contents/Developer/Platforms/MacOSX.platform/Developer/SDKs/MacOSX26.1.sdk/System/Library/Frameworks/IOKit.framework/Headers/hidsystem/IOHIDUserDevice.h
/Applications/Xcode.app/Contents/Developer/Platforms/MacOSX.platform/Developer/SDKs/MacOSX26.1.sdk/System/Library/Frameworks/IOKit.framework/Headers/i2c/IOI2CInterface.h
/Applications/Xcode.app/Contents/Developer/Platforms/MacOSX.platform/Developer/SDKs/MacOSX26.1.sdk/System/Library/Frameworks/IOKit.framework/Headers/kext/KextManager.h
/Applications/Xcode.app/Contents/Developer/Platforms/MacOSX.platform/Developer/SDKs/MacOSX26.1.sdk/System/Library/Frameworks/IOKit.framework/Headers/network/IOEthernetController.h
/Applications/Xcode.app/Contents/Developer/Platforms/MacOSX.platform/Developer/SDKs/MacOSX26.1.sdk/System/Library/Frameworks/IOKit.framework/Headers/network/IONetworkController.h
/Applications/Xcode.app/Contents/Developer/Platforms/MacOSX.platform/Developer/SDKs/MacOSX26.1.sdk/System/Library/Frameworks/IOKit.framework/Headers/network/IONetworkData.h
/Applications/Xcode.app/Contents/Developer/Platforms/MacOSX.platform/Developer/SDKs/MacOSX26.1.sdk/System/Library/Frameworks/IOKit.framework/Headers/network/IONetworkStack.h
/Applications/Xcode.app/Contents/Developer/Platforms/MacOSX.platform/Developer/SDKs/MacOSX26.1.sdk/System/Library/Frameworks/IOKit.framework/Headers/network/IOEthernetInterface.h
/Applications/Xcode.app/Contents/Developer/Platforms/MacOSX.platform/Developer/SDKs/MacOSX26.1.sdk/System/Library/Frameworks/IOKit.framework/Headers/network/IONetworkInterface.h
/Applications/Xcode.app/Contents/Developer/Platforms/MacOSX.platform/Developer/SDKs/MacOSX26.1.sdk/System/Library/Frameworks/IOKit.framework/Headers/network/IONetworkStats.h
/Applications/Xcode.app/Contents/Developer/Platforms/MacOSX.platform/Developer/SDKs/MacOSX26.1.sdk/System/Library/Frameworks/IOKit.framework/Headers/network/IOEthernetStats.h
/Applications/Xcode.app/Contents/Developer/Platforms/MacOSX.platform/Developer/SDKs/MacOSX26.1.sdk/System/Library/Frameworks/IOKit.framework/Headers/network/IONetworkLib.h
/Applications/Xcode.app/Contents/Developer/Platforms/MacOSX.platform/Developer/SDKs/MacOSX26.1.sdk/System/Library/Frameworks/IOKit.framework/Headers/network/IONetworkMedium.h
/Applications/Xcode.app/Contents/Developer/Platforms/MacOSX.platform/Developer/SDKs/MacOSX26.1.sdk/System/Library/Frameworks/IOKit.framework/Headers/network/IONetworkUserClient.h
/Applications/Xcode.app/Contents/Developer/Platforms/MacOSX.platform/Developer/SDKs/MacOSX26.1.sdk/System/Library/Frameworks/IOKit.framework/Headers/ps/IOPSKeys.h
/Applications/Xcode.app/Contents/Developer/Platforms/MacOSX.platform/Developer/SDKs/MacOSX26.1.sdk/System/Library/Frameworks/IOKit.framework/Headers/ps/IOPowerSources.h
/Applications/Xcode.app/Contents/Developer/Platforms/MacOSX.platform/Developer/SDKs/MacOSX26.1.sdk/System/Library/Frameworks/IOKit.framework/Headers/ps/IOUPSPlugIn.h
/Applications/Xcode.app/Contents/Developer/Platforms/MacOSX.platform/Developer/SDKs/MacOSX26.1.sdk/System/Library/Frameworks/IOKit.framework/Headers/pwr_mgt/IOPM.h
/Applications/Xcode.app/Contents/Developer/Platforms/MacOSX.platform/Developer/SDKs/MacOSX26.1.sdk/System/Library/Frameworks/IOKit.framework/Headers/pwr_mgt/IOPMKeys.h
/Applications/Xcode.app/Contents/Developer/Platforms/MacOSX.platform/Developer/SDKs/MacOSX26.1.sdk/System/Library/Frameworks/IOKit.framework/Headers/pwr_mgt/IOPMLib.h
/Applications/Xcode.app/Contents/Developer/Platforms/MacOSX.platform/Developer/SDKs/MacOSX26.1.sdk/System/Library/Frameworks/IOKit.framework/Headers/pwr_mgt/IOPMLibDefs.h
/Applications/Xcode.app/Contents/Developer/Platforms/MacOSX.platform/Developer/SDKs/MacOSX26.1.sdk/System/Library/Frameworks/IOKit.framework/Headers/sbp2/IOFireWireSBP2Lib.h
/Applications/Xcode.app/Contents/Developer/Platforms/MacOSX.platform/Developer/SDKs/MacOSX26.1.sdk/System/Library/Frameworks/IOKit.framework/Headers/scsi/IOSCSIMultimediaCommandsDevice.h
/Applications/Xcode.app/Contents/Developer/Platforms/MacOSX.platform/Developer/SDKs/MacOSX26.1.sdk/System/Library/Frameworks/IOKit.framework/Headers/storage/IOStorageDeviceCharacteristics.h
/Applications/Xcode.app/Contents/Developer/Platforms/MacOSX.platform/Developer/SDKs/MacOSX26.1.sdk/System/Library/Frameworks/IOKit.framework/Headers/storage/IOStorageProtocolCharacteristics.h
/Applications/Xcode.app/Contents/Developer/Platforms/MacOSX.platform/Developer/SDKs/MacOSX26.1.sdk/System/Library/Frameworks/IOKit.framework/Headers/storage/IOStorageControllerCharacteristics.h
/Applications/Xcode.app/Contents/Developer/Platforms/MacOSX.platform/Developer/SDKs/MacOSX26.1.sdk/System/Library/Frameworks/IOKit.framework/Headers/scsi/SCSICmds_REQUEST_SENSE_Defs.h
/Applications/Xcode.app/Contents/Developer/Platforms/MacOSX.platform/Developer/SDKs/MacOSX26.1.sdk/System/Library/Frameworks/IOKit.framework/Headers/scsi/SCSICmds_INQUIRY_Definitions.h
/Applications/Xcode.app/Contents/Developer/Platforms/MacOSX.platform/Developer/SDKs/MacOSX26.1.sdk/System/Library/Frameworks/IOKit.framework/Headers/scsi/SCSICommandDefinitions.h
/Applications/Xcode.app/Contents/Developer/Platforms/MacOSX.platform/Developer/SDKs/MacOSX26.1.sdk/System/Library/Frameworks/IOKit.framework/Headers/scsi/SCSICmds_MODE_Definitions.h
/Applications/Xcode.app/Contents/Developer/Platforms/MacOSX.platform/Developer/SDKs/MacOSX26.1.sdk/System/Library/Frameworks/IOKit.framework/Headers/scsi/SCSICommandOperationCodes.h
/Applications/Xcode.app/Contents/Developer/Platforms/MacOSX.platform/Developer/SDKs/MacOSX26.1.sdk/System/Library/Frameworks/IOKit.framework/Headers/scsi/SCSICmds_READ_CAPACITY_Definitions.h
/Applications/Xcode.app/Contents/Developer/Platforms/MacOSX.platform/Developer/SDKs/MacOSX26.1.sdk/System/Library/Frameworks/IOKit.framework/Headers/scsi/SCSITask.h
/Applications/Xcode.app/Contents/Developer/Platforms/MacOSX.platform/Developer/SDKs/MacOSX26.1.sdk/System/Library/Frameworks/IOKit.framework/Headers/scsi/SCSICmds_REPORT_LUNS_Definitions.h
/Applications/Xcode.app/Contents/Developer/Platforms/MacOSX.platform/Developer/SDKs/MacOSX26.1.sdk/System/Library/Frameworks/IOKit.framework/Headers/scsi/SCSITaskLib.h
/Applications/Xcode.app/Contents/Developer/Platforms/MacOSX.platform/Developer/SDKs/MacOSX26.1.sdk/System/Library/Frameworks/IOKit.framework/Headers/serial/IOSerialKeys.h
/Applications/Xcode.app/Contents/Developer/Platforms/MacOSX.platform/Developer/SDKs/MacOSX26.1.sdk/System/Library/Frameworks/IOKit.framework/Headers/serial/ioss.h
/Applications/Xcode.app/Contents/Developer/Platforms/MacOSX.platform/Developer/SDKs/MacOSX26.1.sdk/System/Library/Frameworks/IOKit.framework/Headers/storage/IOAppleLabelScheme.h
/Applications/Xcode.app/Contents/Developer/Platforms/MacOSX.platform/Developer/SDKs/MacOSX26.1.sdk/System/Library/Frameworks/IOKit.framework/Headers/storage/IODVDMediaBSDClient.h
/Applications/Xcode.app/Contents/Developer/Platforms/MacOSX.platform/Developer/SDKs/MacOSX26.1.sdk/System/Library/Frameworks/IOKit.framework/Headers/storage/IODVDTypes.h
/Applications/Xcode.app/Contents/Developer/Platforms/MacOSX.platform/Developer/SDKs/MacOSX26.1.sdk/System/Library/Frameworks/IOKit.framework/Headers/storage/IOApplePartitionScheme.h
/Applications/Xcode.app/Contents/Developer/Platforms/MacOSX.platform/Developer/SDKs/MacOSX26.1.sdk/System/Library/Frameworks/IOKit.framework/Headers/storage/IOBDBlockStorageDevice.h
/Applications/Xcode.app/Contents/Developer/Platforms/MacOSX.platform/Developer/SDKs/MacOSX26.1.sdk/System/Library/Frameworks/IOKit.framework/Headers/storage/IOBDTypes.h
/Applications/Xcode.app/Contents/Developer/Platforms/MacOSX.platform/Developer/SDKs/MacOSX26.1.sdk/System/Library/Frameworks/IOKit.framework/Headers/storage/IOFDiskPartitionScheme.h
/Applications/Xcode.app/Contents/Developer/Platforms/MacOSX.platform/Developer/SDKs/MacOSX26.1.sdk/System/Library/Frameworks/IOKit.framework/Headers/storage/IOBDMedia.h
/Applications/Xcode.app/Contents/Developer/Platforms/MacOSX.platform/Developer/SDKs/MacOSX26.1.sdk/System/Library/Frameworks/IOKit.framework/Headers/storage/IOFilterScheme.h
/Applications/Xcode.app/Contents/Developer/Platforms/MacOSX.platform/Developer/SDKs/MacOSX26.1.sdk/System/Library/Frameworks/IOKit.framework/Headers/storage/IOBDMediaBSDClient.h
/Applications/Xcode.app/Contents/Developer/Platforms/MacOSX.platform/Developer/SDKs/MacOSX26.1.sdk/System/Library/Frameworks/IOKit.framework/Headers/storage/IOFireWireStorageCharacteristics.h
/Applications/Xcode.app/Contents/Developer/Platforms/MacOSX.platform/Developer/SDKs/MacOSX26.1.sdk/System/Library/Frameworks/IOKit.framework/Headers/storage/IOGUIDPartitionScheme.h
/Applications/Xcode.app/Contents/Developer/Platforms/MacOSX.platform/Developer/SDKs/MacOSX26.1.sdk/System/Library/Frameworks/IOKit.framework/Headers/storage/IOBlockStorageDevice.h
/Applications/Xcode.app/Contents/Developer/Platforms/MacOSX.platform/Developer/SDKs/MacOSX26.1.sdk/System/Library/Frameworks/IOKit.framework/Headers/storage/IOMedia.h
/Applications/Xcode.app/Contents/Developer/Platforms/MacOSX.platform/Developer/SDKs/MacOSX26.1.sdk/System/Library/Frameworks/IOKit.framework/Headers/storage/IOBlockStorageDriver.h
/Applications/Xcode.app/Contents/Developer/Platforms/MacOSX.platform/Developer/SDKs/MacOSX26.1.sdk/System/Library/Frameworks/IOKit.framework/Headers/storage/IOMediaBSDClient.h
/Applications/Xcode.app/Contents/Developer/Platforms/MacOSX.platform/Developer/SDKs/MacOSX26.1.sdk/System/Library/Frameworks/IOKit.framework/Headers/storage/IOCDBlockStorageDevice.h
/Applications/Xcode.app/Contents/Developer/Platforms/MacOSX.platform/Developer/SDKs/MacOSX26.1.sdk/System/Library/Frameworks/IOKit.framework/Headers/storage/IOCDTypes.h
/Applications/Xcode.app/Contents/Developer/Platforms/MacOSX.platform/Developer/SDKs/MacOSX26.1.sdk/System/Library/Frameworks/IOKit.framework/Headers/storage/IOPartitionScheme.h
/Applications/Xcode.app/Contents/Developer/Platforms/MacOSX.platform/Developer/SDKs/MacOSX26.1.sdk/System/Library/Frameworks/IOKit.framework/Headers/storage/IOCDMedia.h
/Applications/Xcode.app/Contents/Developer/Platforms/MacOSX.platform/Developer/SDKs/MacOSX26.1.sdk/System/Library/Frameworks/IOKit.framework/Headers/storage/IOStorage.h
/Applications/Xcode.app/Contents/Developer/Platforms/MacOSX.platform/Developer/SDKs/MacOSX26.1.sdk/System/Library/Frameworks/IOKit.framework/Headers/storage/IOCDMediaBSDClient.h
/Applications/Xcode.app/Contents/Developer/Platforms/MacOSX.platform/Developer/SDKs/MacOSX26.1.sdk/System/Library/Frameworks/IOKit.framework/Headers/storage/IOStorageCardCharacteristics.h
/Applications/Xcode.app/Contents/Developer/Platforms/MacOSX.platform/Developer/SDKs/MacOSX26.1.sdk/System/Library/Frameworks/IOKit.framework/Headers/storage/IOCDPartitionScheme.h
/Applications/Xcode.app/Contents/Developer/Platforms/MacOSX.platform/Developer/SDKs/MacOSX26.1.sdk/System/Library/Frameworks/IOKit.framework/Headers/storage/IODVDBlockStorageDevice.h
/Applications/Xcode.app/Contents/Developer/Platforms/MacOSX.platform/Developer/SDKs/MacOSX26.1.sdk/System/Library/Frameworks/IOKit.framework/Headers/storage/IODVDMedia.h
/Applications/Xcode.app/Contents/Developer/Platforms/MacOSX.platform/Developer/SDKs/MacOSX26.1.sdk/System/Library/Frameworks/IOKit.framework/Headers/storage/ata/ATASMARTLib.h
/Applications/Xcode.app/Contents/Developer/Platforms/MacOSX.platform/Developer/SDKs/MacOSX26.1.sdk/System/Library/Frameworks/IOKit.framework/Headers/storage/ata/IOATAStorageDefines.h
/Applications/Xcode.app/Contents/Developer/Platforms/MacOSX.platform/Developer/SDKs/MacOSX26.1.sdk/System/Library/Frameworks/IOKit.framework/Headers/stream/IOStreamLib.h
/Applications/Xcode.app/Contents/Developer/Platforms/MacOSX.platform/Developer/SDKs/MacOSX26.1.sdk/System/Library/Frameworks/IOKit.framework/Headers/stream/IOStreamShared.h
/Applications/Xcode.app/Contents/Developer/Platforms/MacOSX.platform/Developer/SDKs/MacOSX26.1.sdk/System/Library/Frameworks/IOKit.framework/Headers/usb/AppleUSBDefinitions.h
/Applications/Xcode.app/Contents/Developer/Platforms/MacOSX.platform/Developer/SDKs/MacOSX26.1.sdk/System/Library/Frameworks/IOKit.framework/Headers/usb/IOUSBHostFamilyDefinitions.h
/Applications/Xcode.app/Contents/Developer/Platforms/MacOSX.platform/Developer/SDKs/MacOSX26.1.sdk/System/Library/Frameworks/IOKit.framework/Headers/usb/IOUSBLib.h
/Applications/Xcode.app/Contents/Developer/Platforms/MacOSX.platform/Developer/SDKs/MacOSX26.1.sdk/System/Library/Frameworks/IOKit.framework/Headers/usb/USB.h
/Applications/Xcode.app/Contents/Developer/Platforms/MacOSX.platform/Developer/SDKs/MacOSX26.1.sdk/System/Library/Frameworks/IOKit.framework/Headers/usb/USBSpec.h
/Applications/Xcode.app/Contents/Developer/Platforms/MacOSX.platform/Developer/SDKs/MacOSX26.1.sdk/SDKSettings.json
/Applications/Xcode.app/Contents/Developer/Toolchains/XcodeDefault.xctoolchain/usr/lib/swift/macosx/prebuilt-modules/26.1/IOKit.swiftmodule/arm64e-apple-macos.swiftmodule
/Users/rogerlin/Library/Developer/Xcode/DerivedData/FinancialCalculatorKit-ackorybalcxbfocbkqsfdzcfkgmn/Build/Products/Debug/IssueReporting.swiftmodule/arm64-apple-macos.swiftmodule
/Applications/Xcode.app/Contents/Developer/Platforms/MacOSX.platform/Developer/SDKs/MacOSX26.1.sdk/usr/include/DarwinBasic.modulemap
/Applications/Xcode.app/Contents/Developer/Platforms/MacOSX.platform/Developer/SDKs/MacOSX26.1.sdk/usr/include/Darwin.modulemap
/Applications/Xcode.app/Contents/Developer/Platforms/MacOSX.platform/Developer/SDKs/MacOSX26.1.sdk/usr/include/Darwin_C.modulemap
/Applications/Xcode.app/Contents/Developer/Platforms/MacOSX.platform/Developer/SDKs/MacOSX26.1.sdk/usr/include/Darwin_POSIX.modulemap
/Applications/Xcode.app/Contents/Developer/Platforms/MacOSX.platform/Developer/SDKs/MacOSX26.1.sdk/usr/include/net.modulemap
/Applications/Xcode.app/Contents/Developer/Platforms/MacOSX.platform/Developer/SDKs/MacOSX26.1.sdk/usr/include/netinet.modulemap
/Applications/Xcode.app/Contents/Developer/Platforms/MacOSX.platform/Developer/SDKs/MacOSX26.1.sdk/usr/include/bank.modulemap
/Applications/Xcode.app/Contents/Developer/Platforms/MacOSX.platform/Developer/SDKs/MacOSX26.1.sdk/usr/include/Darwin_Mach.modulemap
/Applications/Xcode.app/Contents/Developer/Platforms/MacOSX.platform/Developer/SDKs/MacOSX26.1.sdk/usr/include/Darwin_Mach_machine.modulemap
/Applications/Xcode.app/Contents/Developer/Platforms/MacOSX.platform/Developer/SDKs/MacOSX26.1.sdk/usr/include/mach_debug.modulemap
/Applications/Xcode.app/Contents/Developer/Platforms/MacOSX.platform/Developer/SDKs/MacOSX26.1.sdk/usr/include/device.modulemap
/Applications/Xcode.app/Contents/Developer/Platforms/MacOSX.platform/Developer/SDKs/MacOSX26.1.sdk/usr/include/Darwin_machine.modulemap
/Applications/Xcode.app/Contents/Developer/Platforms/MacOSX.platform/Developer/SDKs/MacOSX26.1.sdk/usr/include/ncurses.modulemap
/Applications/Xcode.app/Contents/Developer/Platforms/MacOSX.platform/Developer/SDKs/MacOSX26.1.sdk/usr/include/netinet6.modulemap
/Applications/Xcode.app/Contents/Developer/Platforms/MacOSX.platform/Developer/SDKs/MacOSX26.1.sdk/usr/include/Darwin_sys.modulemap
/Applications/Xcode.app/Contents/Developer/Platforms/MacOSX.platform/Developer/SDKs/MacOSX26.1.sdk/usr/include/uuid.modulemap
/Applications/Xcode.app/Contents/Developer/Platforms/MacOSX.platform/Developer/SDKs/MacOSX26.1.sdk/usr/include/DarwinFoundation2.modulemap
/Applications/Xcode.app/Contents/Developer/Platforms/MacOSX.platform/Developer/SDKs/MacOSX26.1.sdk/usr/include/DarwinFoundation3.modulemap
/Applications/Xcode.app/Contents/Developer/Platforms/MacOSX.platform/Developer/SDKs/MacOSX26.1.sdk/usr/include/DarwinFoundation1.modulemap
/Applications/Xcode.app/Contents/Developer/Platforms/MacOSX.platform/Developer/SDKs/MacOSX26.1.sdk/usr/include/mach-o/arch.h
/Applications/Xcode.app/Contents/Developer/Toolchains/XcodeDefault.xctoolchain/usr/lib/swift/clang/include/module.modulemap
/Applications/Xcode.app/Contents/Developer/Platforms/MacOSX.platform/Developer/SDKs/MacOSX26.1.sdk/usr/include/mach-o/arm/reloc.h
/Applications/Xcode.app/Contents/Developer/Platforms/MacOSX.platform/Developer/SDKs/MacOSX26.1.sdk/usr/include/mach-o/arm64/reloc.h
/Applications/Xcode.app/Contents/Developer/Platforms/MacOSX.platform/Developer/SDKs/MacOSX26.1.sdk/usr/include/mach-o/compact_unwind_encoding.h
/Applications/Xcode.app/Contents/Developer/Platforms/MacOSX.platform/Developer/SDKs/MacOSX26.1.sdk/usr/include/mach-o/dyld.h
/Applications/Xcode.app/Contents/Developer/Toolchains/XcodeDefault.xctoolchain/usr/lib/swift/clang/include/stddef.h
/Applications/Xcode.app/Contents/Developer/Platforms/MacOSX.platform/Developer/SDKs/MacOSX26.1.sdk/usr/include/mach-o/loader.h
/Applications/Xcode.app/Contents/Developer/Platforms/MacOSX.platform/Developer/SDKs/MacOSX26.1.sdk/usr/include/mach-o/dyld_images.h
/Applications/Xcode.app/Contents/Developer/Platforms/MacOSX.platform/Developer/SDKs/MacOSX26.1.sdk/usr/include/mach-o/fat.h
/Applications/Xcode.app/Contents/Developer/Platforms/MacOSX.platform/Developer/SDKs/MacOSX26.1.sdk/usr/include/mach-o/fixup-chains.h
/Applications/Xcode.app/Contents/Developer/Platforms/MacOSX.platform/Developer/SDKs/MacOSX26.1.sdk/usr/include/mach-o/getsect.h
/Applications/Xcode.app/Contents/Developer/Platforms/MacOSX.platform/Developer/SDKs/MacOSX26.1.sdk/usr/include/mach-o/ldsyms.h
/Applications/Xcode.app/Contents/Developer/Platforms/MacOSX.platform/Developer/SDKs/MacOSX26.1.sdk/usr/include/mach-o/nlist.h
/Applications/Xcode.app/Contents/Developer/Platforms/MacOSX.platform/Developer/SDKs/MacOSX26.1.sdk/usr/include/mach-o/ranlib.h
/Applications/Xcode.app/Contents/Developer/Platforms/MacOSX.platform/Developer/SDKs/MacOSX26.1.sdk/usr/include/mach-o/reloc.h
/Applications/Xcode.app/Contents/Developer/Platforms/MacOSX.platform/Developer/SDKs/MacOSX26.1.sdk/usr/include/mach-o/stab.h
/Applications/Xcode.app/Contents/Developer/Platforms/MacOSX.platform/Developer/SDKs/MacOSX26.1.sdk/usr/include/mach-o/swap.h
/Applications/Xcode.app/Contents/Developer/Platforms/MacOSX.platform/Developer/SDKs/MacOSX26.1.sdk/usr/include/mach-o/utils.h
/Applications/Xcode.app/Contents/Developer/Platforms/MacOSX.platform/Developer/SDKs/MacOSX26.1.sdk/usr/include/mach-o/x86_64/reloc.h
/Applications/Xcode.app/Contents/Developer/Platforms/MacOSX.platform/Developer/SDKs/MacOSX26.1.sdk/SDKSettings.json
/Applications/Xcode.app/Contents/Developer/Platforms/MacOSX.platform/Developer/SDKs/MacOSX26.1.sdk/usr/include/ObjectiveC.apinotes
/Applications/Xcode.app/Contents/Developer/Platforms/MacOSX.platform/Developer/SDKs/MacOSX26.1.sdk/usr/include/DarwinBasic.modulemap
/Applications/Xcode.app/Contents/Developer/Platforms/MacOSX.platform/Developer/SDKs/MacOSX26.1.sdk/usr/include/ObjectiveC.modulemap
/Applications/Xcode.app/Contents/Developer/Platforms/MacOSX.platform/Developer/SDKs/MacOSX26.1.sdk/usr/include/Darwin.modulemap
/Applications/Xcode.app/Contents/Developer/Platforms/MacOSX.platform/Developer/SDKs/MacOSX26.1.sdk/usr/include/Darwin_C.modulemap
/Applications/Xcode.app/Contents/Developer/Platforms/MacOSX.platform/Developer/SDKs/MacOSX26.1.sdk/usr/include/Darwin_POSIX.modulemap
/Applications/Xcode.app/Contents/Developer/Platforms/MacOSX.platform/Developer/SDKs/MacOSX26.1.sdk/usr/include/net.modulemap
/Applications/Xcode.app/Contents/Developer/Platforms/MacOSX.platform/Developer/SDKs/MacOSX26.1.sdk/usr/include/netinet.modulemap
/Applications/Xcode.app/Contents/Developer/Platforms/MacOSX.platform/Developer/SDKs/MacOSX26.1.sdk/usr/include/bank.modulemap
/Applications/Xcode.app/Contents/Developer/Platforms/MacOSX.platform/Developer/SDKs/MacOSX26.1.sdk/usr/include/Darwin_Mach.modulemap
/Applications/Xcode.app/Contents/Developer/Platforms/MacOSX.platform/Developer/SDKs/MacOSX26.1.sdk/usr/include/Darwin_Mach_machine.modulemap
/Applications/Xcode.app/Contents/Developer/Platforms/MacOSX.platform/Developer/SDKs/MacOSX26.1.sdk/usr/include/mach_debug.modulemap
/Applications/Xcode.app/Contents/Developer/Platforms/MacOSX.platform/Developer/SDKs/MacOSX26.1.sdk/usr/include/device.modulemap
/Applications/Xcode.app/Contents/Developer/Platforms/MacOSX.platform/Developer/SDKs/MacOSX26.1.sdk/usr/include/Darwin_machine.modulemap
/Applications/Xcode.app/Contents/Developer/Platforms/MacOSX.platform/Developer/SDKs/MacOSX26.1.sdk/usr/include/ncurses.modulemap
/Applications/Xcode.app/Contents/Developer/Platforms/MacOSX.platform/Developer/SDKs/MacOSX26.1.sdk/usr/include/netinet6.modulemap
/Applications/Xcode.app/Contents/Developer/Platforms/MacOSX.platform/Developer/SDKs/MacOSX26.1.sdk/usr/include/Darwin_sys.modulemap
/Applications/Xcode.app/Contents/Developer/Platforms/MacOSX.platform/Developer/SDKs/MacOSX26.1.sdk/usr/include/uuid.modulemap
/Applications/Xcode.app/Contents/Developer/Platforms/MacOSX.platform/Developer/SDKs/MacOSX26.1.sdk/usr/include/DarwinFoundation2.modulemap
/Applications/Xcode.app/Contents/Developer/Platforms/MacOSX.platform/Developer/SDKs/MacOSX26.1.sdk/usr/include/DarwinFoundation3.modulemap
/Applications/Xcode.app/Contents/Developer/Platforms/MacOSX.platform/Developer/SDKs/MacOSX26.1.sdk/usr/include/DarwinFoundation1.modulemap
/Applications/Xcode.app/Contents/Developer/Platforms/MacOSX.platform/Developer/SDKs/MacOSX26.1.sdk/usr/include/objc/List.h
/Applications/Xcode.app/Contents/Developer/Platforms/MacOSX.platform/Developer/SDKs/MacOSX26.1.sdk/usr/include/objc/NSObjCRuntime.h
/Applications/Xcode.app/Contents/Developer/Toolchains/XcodeDefault.xctoolchain/usr/lib/swift/clang/include/module.modulemap
/Applications/Xcode.app/Contents/Developer/Platforms/MacOSX.platform/Developer/SDKs/MacOSX26.1.sdk/usr/include/objc/objc.h
/Applications/Xcode.app/Contents/Developer/Platforms/MacOSX.platform/Developer/SDKs/MacOSX26.1.sdk/usr/include/stdlib.h
/Applications/Xcode.app/Contents/Developer/Platforms/MacOSX.platform/Developer/SDKs/MacOSX26.1.sdk/usr/include/objc/objc-api.h
/Applications/Xcode.app/Contents/Developer/Toolchains/XcodeDefault.xctoolchain/usr/lib/swift/clang/include/stddef.h
/Applications/Xcode.app/Contents/Developer/Platforms/MacOSX.platform/Developer/SDKs/MacOSX26.1.sdk/usr/include/objc/NSObject.h
/Applications/Xcode.app/Contents/Developer/Platforms/MacOSX.platform/Developer/SDKs/MacOSX26.1.sdk/usr/include/objc/Object.h
/Applications/Xcode.app/Contents/Developer/Toolchains/XcodeDefault.xctoolchain/usr/lib/swift/clang/include/stdarg.h
/Applications/Xcode.app/Contents/Developer/Platforms/MacOSX.platform/Developer/SDKs/MacOSX26.1.sdk/usr/include/objc/objc-runtime.h
/Applications/Xcode.app/Contents/Developer/Platforms/MacOSX.platform/Developer/SDKs/MacOSX26.1.sdk/usr/include/objc/runtime.h
/Applications/Xcode.app/Contents/Developer/Platforms/MacOSX.platform/Developer/SDKs/MacOSX26.1.sdk/usr/include/objc/message.h
/Applications/Xcode.app/Contents/Developer/Platforms/MacOSX.platform/Developer/SDKs/MacOSX26.1.sdk/usr/include/objc/Protocol.h
/Applications/Xcode.app/Contents/Developer/Platforms/MacOSX.platform/Developer/SDKs/MacOSX26.1.sdk/usr/include/objc/hashtable.h
/Applications/Xcode.app/Contents/Developer/Platforms/MacOSX.platform/Developer/SDKs/MacOSX26.1.sdk/usr/include/objc/hashtable2.h
/Applications/Xcode.app/Contents/Developer/Platforms/MacOSX.platform/Developer/SDKs/MacOSX26.1.sdk/usr/include/objc/objc-auto.h
/Applications/Xcode.app/Contents/Developer/Platforms/MacOSX.platform/Developer/SDKs/MacOSX26.1.sdk/usr/include/string.h
/Applications/Xcode.app/Contents/Developer/Platforms/MacOSX.platform/Developer/SDKs/MacOSX26.1.sdk/usr/include/objc/objc-class.h
/Applications/Xcode.app/Contents/Developer/Platforms/MacOSX.platform/Developer/SDKs/MacOSX26.1.sdk/usr/include/objc/objc-exception.h
/Applications/Xcode.app/Contents/Developer/Platforms/MacOSX.platform/Developer/SDKs/MacOSX26.1.sdk/usr/include/objc/objc-load.h
/Applications/Xcode.app/Contents/Developer/Platforms/MacOSX.platform/Developer/SDKs/MacOSX26.1.sdk/usr/include/objc/objc-sync.h
/Applications/Xcode.app/Contents/Developer/Platforms/MacOSX.platform/Developer/SDKs/MacOSX26.1.sdk/SDKSettings.json
/Applications/Xcode.app/Contents/Developer/Toolchains/XcodeDefault.xctoolchain/usr/lib/swift/macosx/prebuilt-modules/26.1/ObjectiveC.swiftmodule/arm64e-apple-macos.swiftmodule
/Applications/Xcode.app/Contents/Developer/Toolchains/XcodeDefault.xctoolchain/usr/lib/swift/macosx/prebuilt-modules/26.1/Observation.swiftmodule/arm64e-apple-macos.swiftmodule
/Users/rogerlin/Library/Developer/Xcode/DerivedData/FinancialCalculatorKit-ackorybalcxbfocbkqsfdzcfkgmn/Build/Products/Debug/Parsing.swiftmodule/arm64-apple-macos.swiftmodule
/Applications/Xcode.app/Contents/Developer/Platforms/MacOSX.platform/Developer/SDKs/MacOSX26.1.sdk/System/Library/Frameworks/Security.framework/Headers/Security.apinotes
/Applications/Xcode.app/Contents/Developer/Platforms/MacOSX.platform/Developer/SDKs/MacOSX26.1.sdk/System/Library/Frameworks/Security.framework/Modules/module.modulemap
/Applications/Xcode.app/Contents/Developer/Platforms/MacOSX.platform/Developer/SDKs/MacOSX26.1.sdk/System/Library/Frameworks/Security.framework/Headers/Security.h
/Applications/Xcode.app/Contents/Developer/Platforms/MacOSX.platform/Developer/SDKs/MacOSX26.1.sdk/System/Library/Frameworks/Security.framework/Headers/SecBase.h
/Applications/Xcode.app/Contents/Developer/Platforms/MacOSX.platform/Developer/SDKs/MacOSX26.1.sdk/usr/include/xpc.modulemap
/Applications/Xcode.app/Contents/Developer/Platforms/MacOSX.platform/Developer/SDKs/MacOSX26.1.sdk/usr/include/dispatch.modulemap
/Applications/Xcode.app/Contents/Developer/Platforms/MacOSX.platform/Developer/SDKs/MacOSX26.1.sdk/usr/include/os.modulemap
/Applications/Xcode.app/Contents/Developer/Platforms/MacOSX.platform/Developer/SDKs/MacOSX26.1.sdk/usr/include/Darwin.modulemap
/Applications/Xcode.app/Contents/Developer/Platforms/MacOSX.platform/Developer/SDKs/MacOSX26.1.sdk/usr/include/Darwin_C.modulemap
/Applications/Xcode.app/Contents/Developer/Platforms/MacOSX.platform/Developer/SDKs/MacOSX26.1.sdk/usr/include/Darwin_POSIX.modulemap
/Applications/Xcode.app/Contents/Developer/Platforms/MacOSX.platform/Developer/SDKs/MacOSX26.1.sdk/usr/include/net.modulemap
/Applications/Xcode.app/Contents/Developer/Platforms/MacOSX.platform/Developer/SDKs/MacOSX26.1.sdk/usr/include/netinet.modulemap
/Applications/Xcode.app/Contents/Developer/Platforms/MacOSX.platform/Developer/SDKs/MacOSX26.1.sdk/usr/include/bank.modulemap
/Applications/Xcode.app/Contents/Developer/Platforms/MacOSX.platform/Developer/SDKs/MacOSX26.1.sdk/usr/include/Darwin_Mach.modulemap
/Applications/Xcode.app/Contents/Developer/Platforms/MacOSX.platform/Developer/SDKs/MacOSX26.1.sdk/usr/include/Darwin_Mach_machine.modulemap
/Applications/Xcode.app/Contents/Developer/Platforms/MacOSX.platform/Developer/SDKs/MacOSX26.1.sdk/usr/include/mach_debug.modulemap
/Applications/Xcode.app/Contents/Developer/Platforms/MacOSX.platform/Developer/SDKs/MacOSX26.1.sdk/usr/include/device.modulemap
/Applications/Xcode.app/Contents/Developer/Platforms/MacOSX.platform/Developer/SDKs/MacOSX26.1.sdk/usr/include/Darwin_machine.modulemap
/Applications/Xcode.app/Contents/Developer/Platforms/MacOSX.platform/Developer/SDKs/MacOSX26.1.sdk/usr/include/ncurses.modulemap
/Applications/Xcode.app/Contents/Developer/Platforms/MacOSX.platform/Developer/SDKs/MacOSX26.1.sdk/usr/include/netinet6.modulemap
/Applications/Xcode.app/Contents/Developer/Platforms/MacOSX.platform/Developer/SDKs/MacOSX26.1.sdk/usr/include/Darwin_sys.modulemap
/Applications/Xcode.app/Contents/Developer/Platforms/MacOSX.platform/Developer/SDKs/MacOSX26.1.sdk/usr/include/uuid.modulemap
/Applications/Xcode.app/Contents/Developer/Platforms/MacOSX.platform/Developer/SDKs/MacOSX26.1.sdk/usr/include/DarwinFoundation2.modulemap
/Applications/Xcode.app/Contents/Developer/Platforms/MacOSX.platform/Developer/SDKs/MacOSX26.1.sdk/usr/include/DarwinFoundation3.modulemap
/Applications/Xcode.app/Contents/Developer/Platforms/MacOSX.platform/Developer/SDKs/MacOSX26.1.sdk/usr/include/DarwinFoundation1.modulemap
/Applications/Xcode.app/Contents/Developer/Platforms/MacOSX.platform/Developer/SDKs/MacOSX26.1.sdk/System/Library/Frameworks/CoreFoundation.framework/Modules/module.modulemap
/Applications/Xcode.app/Contents/Developer/Platforms/MacOSX.platform/Developer/SDKs/MacOSX26.1.sdk/System/Library/Frameworks/Security.framework/Headers/SecCertificate.h
/Applications/Xcode.app/Contents/Developer/Platforms/MacOSX.platform/Developer/SDKs/MacOSX26.1.sdk/System/Library/Frameworks/Security.framework/Headers/cssmtype.h
/Applications/Xcode.app/Contents/Developer/Platforms/MacOSX.platform/Developer/SDKs/MacOSX26.1.sdk/System/Library/Frameworks/Security.framework/Headers/cssmconfig.h
/Applications/Xcode.app/Contents/Developer/Toolchains/XcodeDefault.xctoolchain/usr/lib/swift/clang/include/module.modulemap
/Applications/Xcode.app/Contents/Developer/Platforms/MacOSX.platform/Developer/SDKs/MacOSX26.1.sdk/System/Library/Frameworks/Security.framework/Headers/SecAsn1Types.h
/Applications/Xcode.app/Contents/Developer/Platforms/MacOSX.platform/Developer/SDKs/MacOSX26.1.sdk/System/Library/Frameworks/Security.framework/Headers/x509defs.h
/Applications/Xcode.app/Contents/Developer/Platforms/MacOSX.platform/Developer/SDKs/MacOSX26.1.sdk/System/Library/Frameworks/Security.framework/Headers/SecIdentity.h
/Applications/Xcode.app/Contents/Developer/Platforms/MacOSX.platform/Developer/SDKs/MacOSX26.1.sdk/System/Library/Frameworks/Security.framework/Headers/SecAccessControl.h
/Applications/Xcode.app/Contents/Developer/Platforms/MacOSX.platform/Developer/SDKs/MacOSX26.1.sdk/System/Library/Frameworks/Security.framework/Headers/SecItem.h
/Applications/Xcode.app/Contents/Developer/Platforms/MacOSX.platform/Developer/SDKs/MacOSX26.1.sdk/System/Library/Frameworks/Security.framework/Headers/SecKey.h
/Applications/Xcode.app/Contents/Developer/Platforms/MacOSX.platform/Developer/SDKs/MacOSX26.1.sdk/System/Library/Frameworks/Security.framework/Headers/SecAccess.h
/Applications/Xcode.app/Contents/Developer/Platforms/MacOSX.platform/Developer/SDKs/MacOSX26.1.sdk/System/Library/Frameworks/Security.framework/Headers/SecPolicy.h
/Applications/Xcode.app/Contents/Developer/Platforms/MacOSX.platform/Developer/SDKs/MacOSX26.1.sdk/System/Library/Frameworks/Security.framework/Headers/SecRandom.h
/Applications/Xcode.app/Contents/Developer/Platforms/MacOSX.platform/Developer/SDKs/MacOSX26.1.sdk/System/Library/Frameworks/Security.framework/Headers/SecImportExport.h
/Applications/Xcode.app/Contents/Developer/Platforms/MacOSX.platform/Developer/SDKs/MacOSX26.1.sdk/System/Library/Frameworks/Security.framework/Headers/SecKeychain.h
/Applications/Xcode.app/Contents/Developer/Platforms/MacOSX.platform/Developer/SDKs/MacOSX26.1.sdk/System/Library/Frameworks/Security.framework/Headers/cssmapple.h
/Applications/Xcode.app/Contents/Developer/Platforms/MacOSX.platform/Developer/SDKs/MacOSX26.1.sdk/System/Library/Frameworks/Security.framework/Headers/cssmerr.h
/Applications/Xcode.app/Contents/Developer/Platforms/MacOSX.platform/Developer/SDKs/MacOSX26.1.sdk/System/Library/Frameworks/Security.framework/Headers/certextensions.h
/Applications/Xcode.app/Contents/Developer/Platforms/MacOSX.platform/Developer/SDKs/MacOSX26.1.sdk/System/Library/Frameworks/Security.framework/Headers/SecTrust.h
/Applications/Xcode.app/Contents/Developer/Platforms/MacOSX.platform/Developer/SDKs/MacOSX26.1.sdk/System/Library/Frameworks/Security.framework/Headers/SecSharedCredential.h
/Applications/Xcode.app/Contents/Developer/Platforms/MacOSX.platform/Developer/SDKs/MacOSX26.1.sdk/System/Library/Frameworks/Security.framework/Headers/SecProtocolOptions.h
/Applications/Xcode.app/Contents/Developer/Platforms/MacOSX.platform/Developer/SDKs/MacOSX26.1.sdk/System/Library/Frameworks/Security.framework/Headers/SecProtocolObject.h
/Applications/Xcode.app/Contents/Developer/Platforms/MacOSX.platform/Developer/SDKs/MacOSX26.1.sdk/System/Library/Frameworks/Security.framework/Headers/SecProtocolTypes.h
/Applications/Xcode.app/Contents/Developer/Platforms/MacOSX.platform/Developer/SDKs/MacOSX26.1.sdk/System/Library/Frameworks/Security.framework/Headers/CipherSuite.h
/Applications/Xcode.app/Contents/Developer/Platforms/MacOSX.platform/Developer/SDKs/MacOSX26.1.sdk/System/Library/Frameworks/Security.framework/Headers/SecProtocolMetadata.h
/Applications/Xcode.app/Contents/Developer/Platforms/MacOSX.platform/Developer/SDKs/MacOSX26.1.sdk/System/Library/Frameworks/Security.framework/Headers/AuthSession.h
/Applications/Xcode.app/Contents/Developer/Platforms/MacOSX.platform/Developer/SDKs/MacOSX26.1.sdk/System/Library/Frameworks/Security.framework/Headers/Authorization.h
/Applications/Xcode.app/Contents/Developer/Platforms/MacOSX.platform/Developer/SDKs/MacOSX26.1.sdk/usr/include/stdio.h
/Applications/Xcode.app/Contents/Developer/Platforms/MacOSX.platform/Developer/SDKs/MacOSX26.1.sdk/System/Library/Frameworks/Security.framework/Headers/cssm.h
/Applications/Xcode.app/Contents/Developer/Platforms/MacOSX.platform/Developer/SDKs/MacOSX26.1.sdk/System/Library/Frameworks/Security.framework/Headers/emmtype.h
/Applications/Xcode.app/Contents/Developer/Platforms/MacOSX.platform/Developer/SDKs/MacOSX26.1.sdk/System/Library/Frameworks/Security.framework/Headers/cssmapi.h
/Applications/Xcode.app/Contents/Developer/Platforms/MacOSX.platform/Developer/SDKs/MacOSX26.1.sdk/System/Library/Frameworks/Security.framework/Headers/cssmaci.h
/Applications/Xcode.app/Contents/Developer/Platforms/MacOSX.platform/Developer/SDKs/MacOSX26.1.sdk/System/Library/Frameworks/Security.framework/Headers/cssmcli.h
/Applications/Xcode.app/Contents/Developer/Platforms/MacOSX.platform/Developer/SDKs/MacOSX26.1.sdk/System/Library/Frameworks/Security.framework/Headers/cssmcspi.h
/Applications/Xcode.app/Contents/Developer/Platforms/MacOSX.platform/Developer/SDKs/MacOSX26.1.sdk/System/Library/Frameworks/Security.framework/Headers/cssmspi.h
/Applications/Xcode.app/Contents/Developer/Platforms/MacOSX.platform/Developer/SDKs/MacOSX26.1.sdk/System/Library/Frameworks/Security.framework/Headers/cssmdli.h
/Applications/Xcode.app/Contents/Developer/Platforms/MacOSX.platform/Developer/SDKs/MacOSX26.1.sdk/System/Library/Frameworks/Security.framework/Headers/cssmkrapi.h
/Applications/Xcode.app/Contents/Developer/Platforms/MacOSX.platform/Developer/SDKs/MacOSX26.1.sdk/System/Library/Frameworks/Security.framework/Headers/cssmkrspi.h
/Applications/Xcode.app/Contents/Developer/Platforms/MacOSX.platform/Developer/SDKs/MacOSX26.1.sdk/System/Library/Frameworks/Security.framework/Headers/cssmtpi.h
/Applications/Xcode.app/Contents/Developer/Platforms/MacOSX.platform/Developer/SDKs/MacOSX26.1.sdk/System/Library/Frameworks/Security.framework/Headers/emmspi.h
/Applications/Xcode.app/Contents/Developer/Platforms/MacOSX.platform/Developer/SDKs/MacOSX26.1.sdk/System/Library/Frameworks/Security.framework/Headers/mds.h
/Applications/Xcode.app/Contents/Developer/Platforms/MacOSX.platform/Developer/SDKs/MacOSX26.1.sdk/System/Library/Frameworks/Security.framework/Headers/mds_schema.h
/Applications/Xcode.app/Contents/Developer/Platforms/MacOSX.platform/Developer/SDKs/MacOSX26.1.sdk/System/Library/Frameworks/Security.framework/Headers/oidsalg.h
/Applications/Xcode.app/Contents/Developer/Platforms/MacOSX.platform/Developer/SDKs/MacOSX26.1.sdk/System/Library/Frameworks/Security.framework/Headers/oidsattr.h
/Applications/Xcode.app/Contents/Developer/Platforms/MacOSX.platform/Developer/SDKs/MacOSX26.1.sdk/System/Library/Frameworks/Security.framework/Headers/oidsbase.h
/Applications/Xcode.app/Contents/Developer/Platforms/MacOSX.platform/Developer/SDKs/MacOSX26.1.sdk/System/Library/Frameworks/Security.framework/Headers/oidscert.h
/Applications/Xcode.app/Contents/Developer/Platforms/MacOSX.platform/Developer/SDKs/MacOSX26.1.sdk/System/Library/Frameworks/Security.framework/Headers/oidscrl.h
/Applications/Xcode.app/Contents/Developer/Platforms/MacOSX.platform/Developer/SDKs/MacOSX26.1.sdk/System/Library/Frameworks/Security.framework/Headers/SecACL.h
/Applications/Xcode.app/Contents/Developer/Platforms/MacOSX.platform/Developer/SDKs/MacOSX26.1.sdk/System/Library/Frameworks/Security.framework/Headers/SecCertificateOIDs.h
/Applications/Xcode.app/Contents/Developer/Platforms/MacOSX.platform/Developer/SDKs/MacOSX26.1.sdk/System/Library/Frameworks/Security.framework/Headers/SecIdentitySearch.h
/Applications/Xcode.app/Contents/Developer/Platforms/MacOSX.platform/Developer/SDKs/MacOSX26.1.sdk/System/Library/Frameworks/Security.framework/Headers/SecKeychainItem.h
/Applications/Xcode.app/Contents/Developer/Platforms/MacOSX.platform/Developer/SDKs/MacOSX26.1.sdk/System/Library/Frameworks/Security.framework/Headers/SecKeychainSearch.h
/Applications/Xcode.app/Contents/Developer/Platforms/MacOSX.platform/Developer/SDKs/MacOSX26.1.sdk/System/Library/Frameworks/Security.framework/Headers/SecPolicySearch.h
/Applications/Xcode.app/Contents/Developer/Platforms/MacOSX.platform/Developer/SDKs/MacOSX26.1.sdk/System/Library/Frameworks/Security.framework/Headers/SecTrustedApplication.h
/Applications/Xcode.app/Contents/Developer/Platforms/MacOSX.platform/Developer/SDKs/MacOSX26.1.sdk/System/Library/Frameworks/Security.framework/Headers/SecTrustSettings.h
/Applications/Xcode.app/Contents/Developer/Platforms/MacOSX.platform/Developer/SDKs/MacOSX26.1.sdk/System/Library/Frameworks/Security.framework/Headers/SecStaticCode.h
/Applications/Xcode.app/Contents/Developer/Platforms/MacOSX.platform/Developer/SDKs/MacOSX26.1.sdk/System/Library/Frameworks/Security.framework/Headers/CSCommon.h
/Applications/Xcode.app/Contents/Developer/Platforms/MacOSX.platform/Developer/SDKs/MacOSX26.1.sdk/System/Library/Frameworks/Security.framework/Headers/SecCode.h
/Applications/Xcode.app/Contents/Developer/Platforms/MacOSX.platform/Developer/SDKs/MacOSX26.1.sdk/System/Library/Frameworks/Security.framework/Headers/SecCodeHost.h
/Applications/Xcode.app/Contents/Developer/Platforms/MacOSX.platform/Developer/SDKs/MacOSX26.1.sdk/System/Library/Frameworks/Security.framework/Headers/SecRequirement.h
/Applications/Xcode.app/Contents/Developer/Platforms/MacOSX.platform/Developer/SDKs/MacOSX26.1.sdk/System/Library/Frameworks/Security.framework/Headers/SecTask.h
/Applications/Xcode.app/Contents/Developer/Platforms/MacOSX.platform/Developer/SDKs/MacOSX26.1.sdk/System/Library/Frameworks/Security.framework/Headers/AuthorizationTags.h
/Applications/Xcode.app/Contents/Developer/Platforms/MacOSX.platform/Developer/SDKs/MacOSX26.1.sdk/System/Library/Frameworks/Security.framework/Headers/AuthorizationDB.h
/Applications/Xcode.app/Contents/Developer/Platforms/MacOSX.platform/Developer/SDKs/MacOSX26.1.sdk/System/Library/Frameworks/Security.framework/Headers/CMSDecoder.h
/Applications/Xcode.app/Contents/Developer/Platforms/MacOSX.platform/Developer/SDKs/MacOSX26.1.sdk/System/Library/Frameworks/Security.framework/Headers/CMSEncoder.h
/Applications/Xcode.app/Contents/Developer/Platforms/MacOSX.platform/Developer/SDKs/MacOSX26.1.sdk/System/Library/Frameworks/Security.framework/Headers/SecureTransport.h
/Applications/Xcode.app/Contents/Developer/Platforms/MacOSX.platform/Developer/SDKs/MacOSX26.1.sdk/System/Library/Frameworks/Security.framework/Headers/SecTransform.h
/Applications/Xcode.app/Contents/Developer/Platforms/MacOSX.platform/Developer/SDKs/MacOSX26.1.sdk/System/Library/Frameworks/Security.framework/Headers/SecCustomTransform.h
/Applications/Xcode.app/Contents/Developer/Platforms/MacOSX.platform/Developer/SDKs/MacOSX26.1.sdk/System/Library/Frameworks/Security.framework/Headers/SecDecodeTransform.h
/Applications/Xcode.app/Contents/Developer/Platforms/MacOSX.platform/Developer/SDKs/MacOSX26.1.sdk/System/Library/Frameworks/Security.framework/Headers/SecEncodeTransform.h
/Applications/Xcode.app/Contents/Developer/Platforms/MacOSX.platform/Developer/SDKs/MacOSX26.1.sdk/System/Library/Frameworks/Security.framework/Headers/SecDigestTransform.h
/Applications/Xcode.app/Contents/Developer/Platforms/MacOSX.platform/Developer/SDKs/MacOSX26.1.sdk/System/Library/Frameworks/Security.framework/Headers/SecEncryptTransform.h
/Applications/Xcode.app/Contents/Developer/Platforms/MacOSX.platform/Developer/SDKs/MacOSX26.1.sdk/System/Library/Frameworks/Security.framework/Headers/SecSignVerifyTransform.h
/Applications/Xcode.app/Contents/Developer/Platforms/MacOSX.platform/Developer/SDKs/MacOSX26.1.sdk/System/Library/Frameworks/Security.framework/Headers/SecReadTransform.h
/Applications/Xcode.app/Contents/Developer/Platforms/MacOSX.platform/Developer/SDKs/MacOSX26.1.sdk/System/Library/Frameworks/Security.framework/Headers/SecTransformReadTransform.h
/Applications/Xcode.app/Contents/Developer/Platforms/MacOSX.platform/Developer/SDKs/MacOSX26.1.sdk/System/Library/Frameworks/Security.framework/Headers/oids.h
/Applications/Xcode.app/Contents/Developer/Platforms/MacOSX.platform/Developer/SDKs/MacOSX26.1.sdk/usr/include/libDER/module.modulemap
/Applications/Xcode.app/Contents/Developer/Platforms/MacOSX.platform/Developer/SDKs/MacOSX26.1.sdk/usr/include/string.h
/Applications/Xcode.app/Contents/Developer/Platforms/MacOSX.platform/Developer/SDKs/MacOSX26.1.sdk/System/Library/Frameworks/Security.framework/Headers/AuthorizationPlugin.h
/Applications/Xcode.app/Contents/Developer/Platforms/MacOSX.platform/Developer/SDKs/MacOSX26.1.sdk/System/Library/Frameworks/Security.framework/Headers/CodeSigning.h
/Applications/Xcode.app/Contents/Developer/Platforms/MacOSX.platform/Developer/SDKs/MacOSX26.1.sdk/System/Library/Frameworks/Security.framework/Headers/eisl.h
/Applications/Xcode.app/Contents/Developer/Platforms/MacOSX.platform/Developer/SDKs/MacOSX26.1.sdk/System/Library/Frameworks/Security.framework/Headers/SecAsn1Coder.h
/Applications/Xcode.app/Contents/Developer/Platforms/MacOSX.platform/Developer/SDKs/MacOSX26.1.sdk/System/Library/Frameworks/Security.framework/Headers/SecAsn1Templates.h
/Applications/Xcode.app/Contents/Developer/Platforms/MacOSX.platform/Developer/SDKs/MacOSX26.1.sdk/System/Library/Frameworks/Security.framework/Headers/SecureDownload.h
/Applications/Xcode.app/Contents/Developer/Platforms/MacOSX.platform/Developer/SDKs/MacOSX26.1.sdk/SDKSettings.json
/Applications/Xcode.app/Contents/Developer/Toolchains/XcodeDefault.xctoolchain/usr/lib/swift/macosx/prebuilt-modules/26.1/Swift.swiftmodule/arm64e-apple-macos.swiftmodule
/Applications/Xcode.app/Contents/Developer/Toolchains/XcodeDefault.xctoolchain/usr/lib/swift/macosx/prebuilt-modules/26.1/SwiftOnoneSupport.swiftmodule/arm64e-apple-macos.swiftmodule
/Applications/Xcode.app/Contents/Developer/Platforms/MacOSX.platform/Developer/SDKs/MacOSX26.1.sdk/usr/lib/swift/shims/module.modulemap
/Applications/Xcode.app/Contents/Developer/Platforms/MacOSX.platform/Developer/SDKs/MacOSX26.1.sdk/usr/lib/swift/shims/AssertionReporting.h
/Applications/Xcode.app/Contents/Developer/Platforms/MacOSX.platform/Developer/SDKs/MacOSX26.1.sdk/usr/lib/swift/shims/SwiftStdint.h
/Applications/Xcode.app/Contents/Developer/Platforms/MacOSX.platform/Developer/SDKs/MacOSX26.1.sdk/usr/lib/swift/shims/Visibility.h
/Applications/Xcode.app/Contents/Developer/Platforms/MacOSX.platform/Developer/SDKs/MacOSX26.1.sdk/usr/lib/swift/shims/CoreFoundationShims.h
/Applications/Xcode.app/Contents/Developer/Platforms/MacOSX.platform/Developer/SDKs/MacOSX26.1.sdk/usr/lib/swift/shims/ObjCShims.h
/Applications/Xcode.app/Contents/Developer/Platforms/MacOSX.platform/Developer/SDKs/MacOSX26.1.sdk/usr/lib/swift/shims/EmbeddedShims.h
/Applications/Xcode.app/Contents/Developer/Platforms/MacOSX.platform/Developer/SDKs/MacOSX26.1.sdk/usr/lib/swift/shims/SwiftStddef.h
/Applications/Xcode.app/Contents/Developer/Platforms/MacOSX.platform/Developer/SDKs/MacOSX26.1.sdk/usr/lib/swift/shims/FoundationShims.h
/Applications/Xcode.app/Contents/Developer/Platforms/MacOSX.platform/Developer/SDKs/MacOSX26.1.sdk/usr/lib/swift/shims/GlobalObjects.h
/Applications/Xcode.app/Contents/Developer/Platforms/MacOSX.platform/Developer/SDKs/MacOSX26.1.sdk/usr/lib/swift/shims/SwiftStdbool.h
/Applications/Xcode.app/Contents/Developer/Platforms/MacOSX.platform/Developer/SDKs/MacOSX26.1.sdk/usr/lib/swift/shims/HeapObject.h
/Applications/Xcode.app/Contents/Developer/Platforms/MacOSX.platform/Developer/SDKs/MacOSX26.1.sdk/usr/lib/swift/shims/RefCount.h
/Applications/Xcode.app/Contents/Developer/Platforms/MacOSX.platform/Developer/SDKs/MacOSX26.1.sdk/usr/lib/swift/shims/System.h
/Applications/Xcode.app/Contents/Developer/Platforms/MacOSX.platform/Developer/SDKs/MacOSX26.1.sdk/usr/lib/swift/shims/Target.h
/Applications/Xcode.app/Contents/Developer/Platforms/MacOSX.platform/Developer/SDKs/MacOSX26.1.sdk/usr/lib/swift/shims/KeyPath.h
/Applications/Xcode.app/Contents/Developer/Platforms/MacOSX.platform/Developer/SDKs/MacOSX26.1.sdk/usr/lib/swift/shims/LibcShims.h
/Applications/Xcode.app/Contents/Developer/Platforms/MacOSX.platform/Developer/SDKs/MacOSX26.1.sdk/usr/lib/swift/shims/MetadataSections.h
/Applications/Xcode.app/Contents/Developer/Platforms/MacOSX.platform/Developer/SDKs/MacOSX26.1.sdk/usr/lib/swift/shims/Random.h
/Applications/Xcode.app/Contents/Developer/Platforms/MacOSX.platform/Developer/SDKs/MacOSX26.1.sdk/usr/lib/swift/shims/Reflection.h
/Applications/Xcode.app/Contents/Developer/Platforms/MacOSX.platform/Developer/SDKs/MacOSX26.1.sdk/usr/lib/swift/shims/RuntimeShims.h
/Applications/Xcode.app/Contents/Developer/Platforms/MacOSX.platform/Developer/SDKs/MacOSX26.1.sdk/usr/lib/swift/shims/RuntimeStubs.h
/Applications/Xcode.app/Contents/Developer/Platforms/MacOSX.platform/Developer/SDKs/MacOSX26.1.sdk/usr/lib/swift/shims/ThreadLocalStorage.h
/Applications/Xcode.app/Contents/Developer/Platforms/MacOSX.platform/Developer/SDKs/MacOSX26.1.sdk/usr/lib/swift/shims/UnicodeData.h
/Applications/Xcode.app/Contents/Developer/Platforms/MacOSX.platform/Developer/SDKs/MacOSX26.1.sdk/SDKSettings.json
/Applications/Xcode.app/Contents/Developer/Toolchains/XcodeDefault.xctoolchain/usr/lib/swift/macosx/prebuilt-modules/26.1/System.swiftmodule/arm64e-apple-macos.swiftmodule
/Users/rogerlin/Library/Developer/Xcode/DerivedData/FinancialCalculatorKit-ackorybalcxbfocbkqsfdzcfkgmn/Build/Products/Debug/XCTestDynamicOverlay.swiftmodule/arm64-apple-macos.swiftmodule
/Applications/Xcode.app/Contents/Developer/Toolchains/XcodeDefault.xctoolchain/usr/lib/swift/macosx/prebuilt-modules/26.1/XPC.swiftmodule/arm64e-apple-macos.swiftmodule
/Applications/Xcode.app/Contents/Developer/Platforms/MacOSX.platform/Developer/SDKs/MacOSX26.1.sdk/usr/include/XPC.apinotes
/Applications/Xcode.app/Contents/Developer/Platforms/MacOSX.platform/Developer/SDKs/MacOSX26.1.sdk/usr/include/launch.modulemap
/Applications/Xcode.app/Contents/Developer/Platforms/MacOSX.platform/Developer/SDKs/MacOSX26.1.sdk/usr/include/xpc.modulemap
/Applications/Xcode.app/Contents/Developer/Platforms/MacOSX.platform/Developer/SDKs/MacOSX26.1.sdk/usr/include/dispatch.modulemap
/Applications/Xcode.app/Contents/Developer/Platforms/MacOSX.platform/Developer/SDKs/MacOSX26.1.sdk/usr/include/os.modulemap
/Applications/Xcode.app/Contents/Developer/Platforms/MacOSX.platform/Developer/SDKs/MacOSX26.1.sdk/usr/include/Darwin.modulemap
/Applications/Xcode.app/Contents/Developer/Platforms/MacOSX.platform/Developer/SDKs/MacOSX26.1.sdk/usr/include/Darwin_C.modulemap
/Applications/Xcode.app/Contents/Developer/Platforms/MacOSX.platform/Developer/SDKs/MacOSX26.1.sdk/usr/include/Darwin_POSIX.modulemap
/Applications/Xcode.app/Contents/Developer/Platforms/MacOSX.platform/Developer/SDKs/MacOSX26.1.sdk/usr/include/net.modulemap
/Applications/Xcode.app/Contents/Developer/Platforms/MacOSX.platform/Developer/SDKs/MacOSX26.1.sdk/usr/include/netinet.modulemap
/Applications/Xcode.app/Contents/Developer/Platforms/MacOSX.platform/Developer/SDKs/MacOSX26.1.sdk/usr/include/bank.modulemap
/Applications/Xcode.app/Contents/Developer/Platforms/MacOSX.platform/Developer/SDKs/MacOSX26.1.sdk/usr/include/Darwin_Mach.modulemap
/Applications/Xcode.app/Contents/Developer/Platforms/MacOSX.platform/Developer/SDKs/MacOSX26.1.sdk/usr/include/Darwin_Mach_machine.modulemap
/Applications/Xcode.app/Contents/Developer/Platforms/MacOSX.platform/Developer/SDKs/MacOSX26.1.sdk/usr/include/mach_debug.modulemap
/Applications/Xcode.app/Contents/Developer/Platforms/MacOSX.platform/Developer/SDKs/MacOSX26.1.sdk/usr/include/device.modulemap
/Applications/Xcode.app/Contents/Developer/Platforms/MacOSX.platform/Developer/SDKs/MacOSX26.1.sdk/usr/include/Darwin_machine.modulemap
/Applications/Xcode.app/Contents/Developer/Platforms/MacOSX.platform/Developer/SDKs/MacOSX26.1.sdk/usr/include/ncurses.modulemap
/Applications/Xcode.app/Contents/Developer/Platforms/MacOSX.platform/Developer/SDKs/MacOSX26.1.sdk/usr/include/netinet6.modulemap
/Applications/Xcode.app/Contents/Developer/Platforms/MacOSX.platform/Developer/SDKs/MacOSX26.1.sdk/usr/include/Darwin_sys.modulemap
/Applications/Xcode.app/Contents/Developer/Platforms/MacOSX.platform/Developer/SDKs/MacOSX26.1.sdk/usr/include/uuid.modulemap
/Applications/Xcode.app/Contents/Developer/Platforms/MacOSX.platform/Developer/SDKs/MacOSX26.1.sdk/usr/include/DarwinFoundation2.modulemap
/Applications/Xcode.app/Contents/Developer/Platforms/MacOSX.platform/Developer/SDKs/MacOSX26.1.sdk/usr/include/DarwinFoundation3.modulemap
/Applications/Xcode.app/Contents/Developer/Platforms/MacOSX.platform/Developer/SDKs/MacOSX26.1.sdk/usr/include/DarwinFoundation1.modulemap
/Applications/Xcode.app/Contents/Developer/Platforms/MacOSX.platform/Developer/SDKs/MacOSX26.1.sdk/usr/include/xpc/xpc.h
/Applications/Xcode.app/Contents/Developer/Toolchains/XcodeDefault.xctoolchain/usr/lib/swift/clang/include/module.modulemap
/Applications/Xcode.app/Contents/Developer/Toolchains/XcodeDefault.xctoolchain/usr/lib/swift/clang/include/stdarg.h
/Applications/Xcode.app/Contents/Developer/Platforms/MacOSX.platform/Developer/SDKs/MacOSX26.1.sdk/usr/include/stdlib.h
/Applications/Xcode.app/Contents/Developer/Platforms/MacOSX.platform/Developer/SDKs/MacOSX26.1.sdk/usr/include/stdio.h
/Applications/Xcode.app/Contents/Developer/Platforms/MacOSX.platform/Developer/SDKs/MacOSX26.1.sdk/usr/include/string.h
/Applications/Xcode.app/Contents/Developer/Platforms/MacOSX.platform/Developer/SDKs/MacOSX26.1.sdk/usr/include/xpc/base.h
/Applications/Xcode.app/Contents/Developer/Platforms/MacOSX.platform/Developer/SDKs/MacOSX26.1.sdk/usr/include/xpc/availability.h
/Applications/Xcode.app/Contents/Developer/Platforms/MacOSX.platform/Developer/SDKs/MacOSX26.1.sdk/usr/include/xpc/endpoint.h
/Applications/Xcode.app/Contents/Developer/Platforms/MacOSX.platform/Developer/SDKs/MacOSX26.1.sdk/usr/include/xpc/debug.h
/Applications/Xcode.app/Contents/Developer/Platforms/MacOSX.platform/Developer/SDKs/MacOSX26.1.sdk/usr/include/xpc/activity.h
/Applications/Xcode.app/Contents/Developer/Platforms/MacOSX.platform/Developer/SDKs/MacOSX26.1.sdk/usr/include/xpc/peer_requirement.h
/Applications/Xcode.app/Contents/Developer/Platforms/MacOSX.platform/Developer/SDKs/MacOSX26.1.sdk/usr/include/xpc/connection.h
/Applications/Xcode.app/Contents/Developer/Platforms/MacOSX.platform/Developer/SDKs/MacOSX26.1.sdk/usr/include/xpc/rich_error.h
/Applications/Xcode.app/Contents/Developer/Platforms/MacOSX.platform/Developer/SDKs/MacOSX26.1.sdk/usr/include/xpc/session.h
/Applications/Xcode.app/Contents/Developer/Platforms/MacOSX.platform/Developer/SDKs/MacOSX26.1.sdk/usr/include/xpc/listener.h
/Applications/Xcode.app/Contents/Developer/Platforms/MacOSX.platform/Developer/SDKs/MacOSX26.1.sdk/SDKSettings.json
/Applications/Xcode.app/Contents/Developer/Platforms/MacOSX.platform/Developer/SDKs/MacOSX26.1.sdk/usr/include/DarwinFoundation1.modulemap
/Applications/Xcode.app/Contents/Developer/Platforms/MacOSX.platform/Developer/SDKs/MacOSX26.1.sdk/usr/include/AvailabilityInternal.h
/Applications/Xcode.app/Contents/Developer/Platforms/MacOSX.platform/Developer/SDKs/MacOSX26.1.sdk/usr/include/AvailabilityVersions.h
/Applications/Xcode.app/Contents/Developer/Platforms/MacOSX.platform/Developer/SDKs/MacOSX26.1.sdk/usr/include/AvailabilityInternalLegacy.h
/Applications/Xcode.app/Contents/Developer/Platforms/MacOSX.platform/Developer/SDKs/MacOSX26.1.sdk/SDKSettings.json
/Applications/Xcode.app/Contents/Developer/Toolchains/XcodeDefault.xctoolchain/usr/lib/swift/clang/include/module.modulemap
/Applications/Xcode.app/Contents/Developer/Toolchains/XcodeDefault.xctoolchain/usr/lib/swift/clang/include/float.h
/Applications/Xcode.app/Contents/Developer/Platforms/MacOSX.platform/Developer/SDKs/MacOSX26.1.sdk/SDKSettings.json
/Applications/Xcode.app/Contents/Developer/Toolchains/XcodeDefault.xctoolchain/usr/lib/swift/macosx/prebuilt-modules/26.1/_Builtin_float.swiftmodule/arm64e-apple-macos.swiftmodule
/Applications/Xcode.app/Contents/Developer/Toolchains/XcodeDefault.xctoolchain/usr/lib/swift/clang/include/module.modulemap
/Applications/Xcode.app/Contents/Developer/Toolchains/XcodeDefault.xctoolchain/usr/lib/swift/clang/include/inttypes.h
/Applications/Xcode.app/Contents/Developer/Platforms/MacOSX.platform/Developer/SDKs/MacOSX26.1.sdk/usr/include/DarwinFoundation3.modulemap
/Applications/Xcode.app/Contents/Developer/Platforms/MacOSX.platform/Developer/SDKs/MacOSX26.1.sdk/usr/include/inttypes.h
/Applications/Xcode.app/Contents/Developer/Platforms/MacOSX.platform/Developer/SDKs/MacOSX26.1.sdk/SDKSettings.json
/Applications/Xcode.app/Contents/Developer/Toolchains/XcodeDefault.xctoolchain/usr/lib/swift/clang/include/module.modulemap
/Applications/Xcode.app/Contents/Developer/Toolchains/XcodeDefault.xctoolchain/usr/lib/swift/clang/include/limits.h
/Applications/Xcode.app/Contents/Developer/Platforms/MacOSX.platform/Developer/SDKs/MacOSX26.1.sdk/usr/include/DarwinFoundation1.modulemap
/Applications/Xcode.app/Contents/Developer/Platforms/MacOSX.platform/Developer/SDKs/MacOSX26.1.sdk/SDKSettings.json
/Applications/Xcode.app/Contents/Developer/Toolchains/XcodeDefault.xctoolchain/usr/lib/swift/clang/include/module.modulemap
/Applications/Xcode.app/Contents/Developer/Toolchains/XcodeDefault.xctoolchain/usr/lib/swift/clang/include/__stdarg___gnuc_va_list.h
/Applications/Xcode.app/Contents/Developer/Toolchains/XcodeDefault.xctoolchain/usr/lib/swift/clang/include/__stdarg___va_copy.h
/Applications/Xcode.app/Contents/Developer/Toolchains/XcodeDefault.xctoolchain/usr/lib/swift/clang/include/__stdarg_header_macro.h
/Applications/Xcode.app/Contents/Developer/Toolchains/XcodeDefault.xctoolchain/usr/lib/swift/clang/include/__stdarg_va_arg.h
/Applications/Xcode.app/Contents/Developer/Toolchains/XcodeDefault.xctoolchain/usr/lib/swift/clang/include/__stdarg_va_copy.h
/Applications/Xcode.app/Contents/Developer/Toolchains/XcodeDefault.xctoolchain/usr/lib/swift/clang/include/__stdarg_va_list.h
/Applications/Xcode.app/Contents/Developer/Platforms/MacOSX.platform/Developer/SDKs/MacOSX26.1.sdk/SDKSettings.json
/Applications/Xcode.app/Contents/Developer/Toolchains/XcodeDefault.xctoolchain/usr/lib/swift/clang/include/module.modulemap
/Applications/Xcode.app/Contents/Developer/Toolchains/XcodeDefault.xctoolchain/usr/lib/swift/clang/include/stdatomic.h
/Applications/Xcode.app/Contents/Developer/Toolchains/XcodeDefault.xctoolchain/usr/lib/swift/clang/include/stddef.h
/Applications/Xcode.app/Contents/Developer/Platforms/MacOSX.platform/Developer/SDKs/MacOSX26.1.sdk/SDKSettings.json
/Applications/Xcode.app/Contents/Developer/Toolchains/XcodeDefault.xctoolchain/usr/lib/swift/clang/include/module.modulemap
/Applications/Xcode.app/Contents/Developer/Toolchains/XcodeDefault.xctoolchain/usr/lib/swift/clang/include/stdbool.h
/Applications/Xcode.app/Contents/Developer/Platforms/MacOSX.platform/Developer/SDKs/MacOSX26.1.sdk/SDKSettings.json
/Applications/Xcode.app/Contents/Developer/Toolchains/XcodeDefault.xctoolchain/usr/lib/swift/clang/include/module.modulemap
/Applications/Xcode.app/Contents/Developer/Toolchains/XcodeDefault.xctoolchain/usr/lib/swift/clang/include/__stddef_header_macro.h
/Applications/Xcode.app/Contents/Developer/Toolchains/XcodeDefault.xctoolchain/usr/lib/swift/clang/include/__stddef_max_align_t.h
/Applications/Xcode.app/Contents/Developer/Toolchains/XcodeDefault.xctoolchain/usr/lib/swift/clang/include/__stddef_null.h
/Applications/Xcode.app/Contents/Developer/Toolchains/XcodeDefault.xctoolchain/usr/lib/swift/clang/include/__stddef_nullptr_t.h
/Applications/Xcode.app/Contents/Developer/Toolchains/XcodeDefault.xctoolchain/usr/lib/swift/clang/include/__stddef_offsetof.h
/Applications/Xcode.app/Contents/Developer/Toolchains/XcodeDefault.xctoolchain/usr/lib/swift/clang/include/__stddef_ptrdiff_t.h
/Applications/Xcode.app/Contents/Developer/Toolchains/XcodeDefault.xctoolchain/usr/lib/swift/clang/include/__stddef_rsize_t.h
/Applications/Xcode.app/Contents/Developer/Toolchains/XcodeDefault.xctoolchain/usr/lib/swift/clang/include/__stddef_size_t.h
/Applications/Xcode.app/Contents/Developer/Toolchains/XcodeDefault.xctoolchain/usr/lib/swift/clang/include/__stddef_unreachable.h
/Applications/Xcode.app/Contents/Developer/Toolchains/XcodeDefault.xctoolchain/usr/lib/swift/clang/include/__stddef_wchar_t.h
/Applications/Xcode.app/Contents/Developer/Platforms/MacOSX.platform/Developer/SDKs/MacOSX26.1.sdk/SDKSettings.json
/Applications/Xcode.app/Contents/Developer/Toolchains/XcodeDefault.xctoolchain/usr/lib/swift/clang/include/module.modulemap
/Applications/Xcode.app/Contents/Developer/Toolchains/XcodeDefault.xctoolchain/usr/lib/swift/clang/include/stdint.h
/Applications/Xcode.app/Contents/Developer/Platforms/MacOSX.platform/Developer/SDKs/MacOSX26.1.sdk/usr/include/DarwinFoundation2.modulemap
/Applications/Xcode.app/Contents/Developer/Platforms/MacOSX.platform/Developer/SDKs/MacOSX26.1.sdk/SDKSettings.json
/Applications/Xcode.app/Contents/Developer/Toolchains/XcodeDefault.xctoolchain/usr/lib/swift/macosx/prebuilt-modules/26.1/_Concurrency.swiftmodule/arm64e-apple-macos.swiftmodule
/Applications/Xcode.app/Contents/Developer/Toolchains/XcodeDefault.xctoolchain/usr/lib/swift/macosx/prebuilt-modules/26.1/_DarwinFoundation1.swiftmodule/arm64e-apple-macos.swiftmodule
/Applications/Xcode.app/Contents/Developer/Platforms/MacOSX.platform/Developer/SDKs/MacOSX26.1.sdk/usr/include/DarwinFoundation1.modulemap
/Applications/Xcode.app/Contents/Developer/Platforms/MacOSX.platform/Developer/SDKs/MacOSX26.1.sdk/usr/include/sys/appleapiopts.h
/Applications/Xcode.app/Contents/Developer/Platforms/MacOSX.platform/Developer/SDKs/MacOSX26.1.sdk/usr/include/os/availability.h
/Applications/Xcode.app/Contents/Developer/Platforms/MacOSX.platform/Developer/SDKs/MacOSX26.1.sdk/usr/include/Availability.h
/Applications/Xcode.app/Contents/Developer/Platforms/MacOSX.platform/Developer/SDKs/MacOSX26.1.sdk/usr/include/AvailabilityMacros.h
/Applications/Xcode.app/Contents/Developer/Platforms/MacOSX.platform/Developer/SDKs/MacOSX26.1.sdk/usr/include/TargetConditionals.h
/Applications/Xcode.app/Contents/Developer/Platforms/MacOSX.platform/Developer/SDKs/MacOSX26.1.sdk/usr/include/_bounds.h
/Applications/Xcode.app/Contents/Developer/Platforms/MacOSX.platform/Developer/SDKs/MacOSX26.1.sdk/usr/include/sys/cdefs.h
/Applications/Xcode.app/Contents/Developer/Platforms/MacOSX.platform/Developer/SDKs/MacOSX26.1.sdk/usr/include/sys/_symbol_aliasing.h
/Applications/Xcode.app/Contents/Developer/Platforms/MacOSX.platform/Developer/SDKs/MacOSX26.1.sdk/usr/include/sys/_posix_availability.h
/Applications/Xcode.app/Contents/Developer/Toolchains/XcodeDefault.xctoolchain/usr/lib/swift/clang/include/module.modulemap
/Applications/Xcode.app/Contents/Developer/Platforms/MacOSX.platform/Developer/SDKs/MacOSX26.1.sdk/usr/include/sys/qos.h
/Applications/Xcode.app/Contents/Developer/Platforms/MacOSX.platform/Developer/SDKs/MacOSX26.1.sdk/usr/include/machine/_endian.h
/Applications/Xcode.app/Contents/Developer/Platforms/MacOSX.platform/Developer/SDKs/MacOSX26.1.sdk/usr/include/arm/_endian.h
/Applications/Xcode.app/Contents/Developer/Platforms/MacOSX.platform/Developer/SDKs/MacOSX26.1.sdk/usr/include/sys/__endian.h
/Applications/Xcode.app/Contents/Developer/Platforms/MacOSX.platform/Developer/SDKs/MacOSX26.1.sdk/usr/include/i386/_endian.h
/Applications/Xcode.app/Contents/Developer/Platforms/MacOSX.platform/Developer/SDKs/MacOSX26.1.sdk/usr/include/__xlocale.h
/Applications/Xcode.app/Contents/Developer/Platforms/MacOSX.platform/Developer/SDKs/MacOSX26.1.sdk/usr/include/_mb_cur_max.h
/Applications/Xcode.app/Contents/Developer/Platforms/MacOSX.platform/Developer/SDKs/MacOSX26.1.sdk/usr/include/_types/_locale_t.h
/Applications/Xcode.app/Contents/Developer/Platforms/MacOSX.platform/Developer/SDKs/MacOSX26.1.sdk/usr/include/sys/_types/_u_char.h
/Applications/Xcode.app/Contents/Developer/Platforms/MacOSX.platform/Developer/SDKs/MacOSX26.1.sdk/usr/include/sys/_types/_u_short.h
/Applications/Xcode.app/Contents/Developer/Platforms/MacOSX.platform/Developer/SDKs/MacOSX26.1.sdk/usr/include/sys/_types/_u_int.h
/Applications/Xcode.app/Contents/Developer/Platforms/MacOSX.platform/Developer/SDKs/MacOSX26.1.sdk/usr/include/sys/_types/_u_int8_t.h
/Applications/Xcode.app/Contents/Developer/Platforms/MacOSX.platform/Developer/SDKs/MacOSX26.1.sdk/usr/include/sys/_types/_u_int16_t.h
/Applications/Xcode.app/Contents/Developer/Platforms/MacOSX.platform/Developer/SDKs/MacOSX26.1.sdk/usr/include/sys/_types/_u_int32_t.h
/Applications/Xcode.app/Contents/Developer/Platforms/MacOSX.platform/Developer/SDKs/MacOSX26.1.sdk/usr/include/sys/_types/_u_int64_t.h
/Applications/Xcode.app/Contents/Developer/Platforms/MacOSX.platform/Developer/SDKs/MacOSX26.1.sdk/usr/include/_assert.h
/Applications/Xcode.app/Contents/Developer/Platforms/MacOSX.platform/Developer/SDKs/MacOSX26.1.sdk/usr/include/_static_assert.h
/Applications/Xcode.app/Contents/Developer/Platforms/MacOSX.platform/Developer/SDKs/MacOSX26.1.sdk/usr/include/complex.h
/Applications/Xcode.app/Contents/Developer/Platforms/MacOSX.platform/Developer/SDKs/MacOSX26.1.sdk/usr/include/errno.h
/Applications/Xcode.app/Contents/Developer/Platforms/MacOSX.platform/Developer/SDKs/MacOSX26.1.sdk/usr/include/sys/errno.h
/Applications/Xcode.app/Contents/Developer/Platforms/MacOSX.platform/Developer/SDKs/MacOSX26.1.sdk/usr/include/sys/_types/_errno_t.h
/Applications/Xcode.app/Contents/Developer/Platforms/MacOSX.platform/Developer/SDKs/MacOSX26.1.sdk/usr/include/fenv.h
/Applications/Xcode.app/Contents/Developer/Platforms/MacOSX.platform/Developer/SDKs/MacOSX26.1.sdk/usr/include/limits.h
/Applications/Xcode.app/Contents/Developer/Platforms/MacOSX.platform/Developer/SDKs/MacOSX26.1.sdk/usr/include/machine/limits.h
/Applications/Xcode.app/Contents/Developer/Platforms/MacOSX.platform/Developer/SDKs/MacOSX26.1.sdk/usr/include/arm/limits.h
/Applications/Xcode.app/Contents/Developer/Platforms/MacOSX.platform/Developer/SDKs/MacOSX26.1.sdk/usr/include/arm/_limits.h
/Applications/Xcode.app/Contents/Developer/Platforms/MacOSX.platform/Developer/SDKs/MacOSX26.1.sdk/usr/include/sys/syslimits.h
/Applications/Xcode.app/Contents/Developer/Platforms/MacOSX.platform/Developer/SDKs/MacOSX26.1.sdk/usr/include/i386/limits.h
/Applications/Xcode.app/Contents/Developer/Platforms/MacOSX.platform/Developer/SDKs/MacOSX26.1.sdk/usr/include/machine/_limits.h
/Applications/Xcode.app/Contents/Developer/Platforms/MacOSX.platform/Developer/SDKs/MacOSX26.1.sdk/usr/include/i386/_limits.h
/Applications/Xcode.app/Contents/Developer/Platforms/MacOSX.platform/Developer/SDKs/MacOSX26.1.sdk/usr/include/math.h
/Applications/Xcode.app/Contents/Developer/Platforms/MacOSX.platform/Developer/SDKs/MacOSX26.1.sdk/usr/include/setjmp.h
/Applications/Xcode.app/Contents/Developer/Platforms/MacOSX.platform/Developer/SDKs/MacOSX26.1.sdk/SDKSettings.json
/Applications/Xcode.app/Contents/Developer/Toolchains/XcodeDefault.xctoolchain/usr/lib/swift/macosx/prebuilt-modules/26.1/_DarwinFoundation2.swiftmodule/arm64e-apple-macos.swiftmodule
/Applications/Xcode.app/Contents/Developer/Platforms/MacOSX.platform/Developer/SDKs/MacOSX26.1.sdk/usr/include/_DarwinFoundation2.apinotes
/Applications/Xcode.app/Contents/Developer/Platforms/MacOSX.platform/Developer/SDKs/MacOSX26.1.sdk/usr/include/DarwinFoundation2.modulemap
/Applications/Xcode.app/Contents/Developer/Platforms/MacOSX.platform/Developer/SDKs/MacOSX26.1.sdk/usr/include/DarwinFoundation1.modulemap
/Applications/Xcode.app/Contents/Developer/Platforms/MacOSX.platform/Developer/SDKs/MacOSX26.1.sdk/usr/include/nl_types.h
/Applications/Xcode.app/Contents/Developer/Platforms/MacOSX.platform/Developer/SDKs/MacOSX26.1.sdk/usr/include/sys/types.h
/Applications/Xcode.app/Contents/Developer/Platforms/MacOSX.platform/Developer/SDKs/MacOSX26.1.sdk/usr/include/machine/types.h
/Applications/Xcode.app/Contents/Developer/Platforms/MacOSX.platform/Developer/SDKs/MacOSX26.1.sdk/usr/include/arm/types.h
/Applications/Xcode.app/Contents/Developer/Platforms/MacOSX.platform/Developer/SDKs/MacOSX26.1.sdk/usr/include/arm/_types.h
/Applications/Xcode.app/Contents/Developer/Platforms/MacOSX.platform/Developer/SDKs/MacOSX26.1.sdk/usr/include/sys/_types/_ptrdiff_t.h
/Applications/Xcode.app/Contents/Developer/Toolchains/XcodeDefault.xctoolchain/usr/lib/swift/clang/include/module.modulemap
/Applications/Xcode.app/Contents/Developer/Toolchains/XcodeDefault.xctoolchain/usr/lib/swift/clang/include/stddef.h
/Applications/Xcode.app/Contents/Developer/Platforms/MacOSX.platform/Developer/SDKs/MacOSX26.1.sdk/usr/include/sys/_types/_size_t.h
/Applications/Xcode.app/Contents/Developer/Platforms/MacOSX.platform/Developer/SDKs/MacOSX26.1.sdk/usr/include/sys/_types/_va_list.h
/Applications/Xcode.app/Contents/Developer/Toolchains/XcodeDefault.xctoolchain/usr/lib/swift/clang/include/stdarg.h
/Applications/Xcode.app/Contents/Developer/Platforms/MacOSX.platform/Developer/SDKs/MacOSX26.1.sdk/usr/include/sys/_types/_wchar_t.h
/Applications/Xcode.app/Contents/Developer/Platforms/MacOSX.platform/Developer/SDKs/MacOSX26.1.sdk/usr/include/sys/_types/_int8_t.h
/Applications/Xcode.app/Contents/Developer/Platforms/MacOSX.platform/Developer/SDKs/MacOSX26.1.sdk/usr/include/sys/_types/_int16_t.h
/Applications/Xcode.app/Contents/Developer/Platforms/MacOSX.platform/Developer/SDKs/MacOSX26.1.sdk/usr/include/sys/_types/_int32_t.h
/Applications/Xcode.app/Contents/Developer/Platforms/MacOSX.platform/Developer/SDKs/MacOSX26.1.sdk/usr/include/sys/_types/_int64_t.h
/Applications/Xcode.app/Contents/Developer/Platforms/MacOSX.platform/Developer/SDKs/MacOSX26.1.sdk/usr/include/sys/_types/_intptr_t.h
/Applications/Xcode.app/Contents/Developer/Platforms/MacOSX.platform/Developer/SDKs/MacOSX26.1.sdk/usr/include/machine/_types.h
/Applications/Xcode.app/Contents/Developer/Platforms/MacOSX.platform/Developer/SDKs/MacOSX26.1.sdk/usr/include/sys/_types/_uintptr_t.h
/Applications/Xcode.app/Contents/Developer/Platforms/MacOSX.platform/Developer/SDKs/MacOSX26.1.sdk/usr/include/sys/_types.h
/Applications/Xcode.app/Contents/Developer/Platforms/MacOSX.platform/Developer/SDKs/MacOSX26.1.sdk/usr/include/sys/_types/_null.h
/Applications/Xcode.app/Contents/Developer/Platforms/MacOSX.platform/Developer/SDKs/MacOSX26.1.sdk/usr/include/sys/_pthread/_pthread_types.h
/Applications/Xcode.app/Contents/Developer/Platforms/MacOSX.platform/Developer/SDKs/MacOSX26.1.sdk/usr/include/machine/endian.h
/Applications/Xcode.app/Contents/Developer/Platforms/MacOSX.platform/Developer/SDKs/MacOSX26.1.sdk/usr/include/arm/endian.h
/Applications/Xcode.app/Contents/Developer/Platforms/MacOSX.platform/Developer/SDKs/MacOSX26.1.sdk/usr/include/sys/_endian.h
/Applications/Xcode.app/Contents/Developer/Platforms/MacOSX.platform/Developer/SDKs/MacOSX26.1.sdk/usr/include/libkern/_OSByteOrder.h
/Applications/Xcode.app/Contents/Developer/Platforms/MacOSX.platform/Developer/SDKs/MacOSX26.1.sdk/usr/include/libkern/arm/_OSByteOrder.h
/Applications/Xcode.app/Contents/Developer/Platforms/MacOSX.platform/Developer/SDKs/MacOSX26.1.sdk/usr/include/sys/_types/_caddr_t.h
/Applications/Xcode.app/Contents/Developer/Platforms/MacOSX.platform/Developer/SDKs/MacOSX26.1.sdk/usr/include/sys/_types/_dev_t.h
/Applications/Xcode.app/Contents/Developer/Platforms/MacOSX.platform/Developer/SDKs/MacOSX26.1.sdk/usr/include/sys/_types/_blkcnt_t.h
/Applications/Xcode.app/Contents/Developer/Platforms/MacOSX.platform/Developer/SDKs/MacOSX26.1.sdk/usr/include/sys/_types/_blksize_t.h
/Applications/Xcode.app/Contents/Developer/Platforms/MacOSX.platform/Developer/SDKs/MacOSX26.1.sdk/usr/include/sys/_types/_gid_t.h
/Applications/Xcode.app/Contents/Developer/Platforms/MacOSX.platform/Developer/SDKs/MacOSX26.1.sdk/usr/include/sys/_types/_in_addr_t.h
/Applications/Xcode.app/Contents/Developer/Platforms/MacOSX.platform/Developer/SDKs/MacOSX26.1.sdk/usr/include/sys/_types/_in_port_t.h
/Applications/Xcode.app/Contents/Developer/Platforms/MacOSX.platform/Developer/SDKs/MacOSX26.1.sdk/usr/include/sys/_types/_ino_t.h
/Applications/Xcode.app/Contents/Developer/Platforms/MacOSX.platform/Developer/SDKs/MacOSX26.1.sdk/usr/include/sys/_types/_ino64_t.h
/Applications/Xcode.app/Contents/Developer/Platforms/MacOSX.platform/Developer/SDKs/MacOSX26.1.sdk/usr/include/sys/_types/_key_t.h
/Applications/Xcode.app/Contents/Developer/Platforms/MacOSX.platform/Developer/SDKs/MacOSX26.1.sdk/usr/include/sys/_types/_mode_t.h
/Applications/Xcode.app/Contents/Developer/Platforms/MacOSX.platform/Developer/SDKs/MacOSX26.1.sdk/usr/include/sys/_types/_nlink_t.h
/Applications/Xcode.app/Contents/Developer/Platforms/MacOSX.platform/Developer/SDKs/MacOSX26.1.sdk/usr/include/sys/_types/_id_t.h
/Applications/Xcode.app/Contents/Developer/Platforms/MacOSX.platform/Developer/SDKs/MacOSX26.1.sdk/usr/include/sys/_types/_pid_t.h
/Applications/Xcode.app/Contents/Developer/Platforms/MacOSX.platform/Developer/SDKs/MacOSX26.1.sdk/usr/include/sys/_types/_off_t.h
/Applications/Xcode.app/Contents/Developer/Platforms/MacOSX.platform/Developer/SDKs/MacOSX26.1.sdk/usr/include/sys/_types/_uid_t.h
/Applications/Xcode.app/Contents/Developer/Platforms/MacOSX.platform/Developer/SDKs/MacOSX26.1.sdk/usr/include/sys/_types/_clock_t.h
/Applications/Xcode.app/Contents/Developer/Platforms/MacOSX.platform/Developer/SDKs/MacOSX26.1.sdk/usr/include/sys/_types/_ssize_t.h
/Applications/Xcode.app/Contents/Developer/Platforms/MacOSX.platform/Developer/SDKs/MacOSX26.1.sdk/usr/include/sys/_types/_time_t.h
/Applications/Xcode.app/Contents/Developer/Platforms/MacOSX.platform/Developer/SDKs/MacOSX26.1.sdk/usr/include/sys/_types/_useconds_t.h
/Applications/Xcode.app/Contents/Developer/Platforms/MacOSX.platform/Developer/SDKs/MacOSX26.1.sdk/usr/include/sys/_types/_suseconds_t.h
/Applications/Xcode.app/Contents/Developer/Platforms/MacOSX.platform/Developer/SDKs/MacOSX26.1.sdk/usr/include/sys/_types/_rsize_t.h
/Applications/Xcode.app/Contents/Developer/Platforms/MacOSX.platform/Developer/SDKs/MacOSX26.1.sdk/usr/include/sys/_types/_fd_def.h
/Applications/Xcode.app/Contents/Developer/Platforms/MacOSX.platform/Developer/SDKs/MacOSX26.1.sdk/usr/include/sys/_types/_fd_setsize.h
/Applications/Xcode.app/Contents/Developer/Platforms/MacOSX.platform/Developer/SDKs/MacOSX26.1.sdk/usr/include/sys/_types/_fd_set.h
/Applications/Xcode.app/Contents/Developer/Platforms/MacOSX.platform/Developer/SDKs/MacOSX26.1.sdk/usr/include/sys/_types/_fd_clr.h
/Applications/Xcode.app/Contents/Developer/Platforms/MacOSX.platform/Developer/SDKs/MacOSX26.1.sdk/usr/include/sys/_types/_fd_zero.h
/Applications/Xcode.app/Contents/Developer/Platforms/MacOSX.platform/Developer/SDKs/MacOSX26.1.sdk/usr/include/sys/_types/_fd_isset.h
/Applications/Xcode.app/Contents/Developer/Platforms/MacOSX.platform/Developer/SDKs/MacOSX26.1.sdk/usr/include/sys/_types/_fd_copy.h
/Applications/Xcode.app/Contents/Developer/Platforms/MacOSX.platform/Developer/SDKs/MacOSX26.1.sdk/usr/include/sys/_pthread/_pthread_attr_t.h
/Applications/Xcode.app/Contents/Developer/Platforms/MacOSX.platform/Developer/SDKs/MacOSX26.1.sdk/usr/include/sys/_pthread/_pthread_cond_t.h
/Applications/Xcode.app/Contents/Developer/Platforms/MacOSX.platform/Developer/SDKs/MacOSX26.1.sdk/usr/include/sys/_pthread/_pthread_condattr_t.h
/Applications/Xcode.app/Contents/Developer/Platforms/MacOSX.platform/Developer/SDKs/MacOSX26.1.sdk/usr/include/sys/_pthread/_pthread_mutex_t.h
/Applications/Xcode.app/Contents/Developer/Platforms/MacOSX.platform/Developer/SDKs/MacOSX26.1.sdk/usr/include/sys/_pthread/_pthread_mutexattr_t.h
/Applications/Xcode.app/Contents/Developer/Platforms/MacOSX.platform/Developer/SDKs/MacOSX26.1.sdk/usr/include/sys/_pthread/_pthread_once_t.h
/Applications/Xcode.app/Contents/Developer/Platforms/MacOSX.platform/Developer/SDKs/MacOSX26.1.sdk/usr/include/sys/_pthread/_pthread_rwlock_t.h
/Applications/Xcode.app/Contents/Developer/Platforms/MacOSX.platform/Developer/SDKs/MacOSX26.1.sdk/usr/include/sys/_pthread/_pthread_rwlockattr_t.h
/Applications/Xcode.app/Contents/Developer/Platforms/MacOSX.platform/Developer/SDKs/MacOSX26.1.sdk/usr/include/sys/_pthread/_pthread_t.h
/Applications/Xcode.app/Contents/Developer/Platforms/MacOSX.platform/Developer/SDKs/MacOSX26.1.sdk/usr/include/sys/_pthread/_pthread_key_t.h
/Applications/Xcode.app/Contents/Developer/Platforms/MacOSX.platform/Developer/SDKs/MacOSX26.1.sdk/usr/include/sys/_types/_fsblkcnt_t.h
/Applications/Xcode.app/Contents/Developer/Platforms/MacOSX.platform/Developer/SDKs/MacOSX26.1.sdk/usr/include/sys/_types/_fsfilcnt_t.h
/Applications/Xcode.app/Contents/Developer/Platforms/MacOSX.platform/Developer/SDKs/MacOSX26.1.sdk/usr/include/_types.h
/Applications/Xcode.app/Contents/Developer/Platforms/MacOSX.platform/Developer/SDKs/MacOSX26.1.sdk/usr/include/_types/_nl_item.h
/Applications/Xcode.app/Contents/Developer/Platforms/MacOSX.platform/Developer/SDKs/MacOSX26.1.sdk/usr/include/runetype.h
/Applications/Xcode.app/Contents/Developer/Platforms/MacOSX.platform/Developer/SDKs/MacOSX26.1.sdk/usr/include/sys/_types/_ct_rune_t.h
/Applications/Xcode.app/Contents/Developer/Platforms/MacOSX.platform/Developer/SDKs/MacOSX26.1.sdk/usr/include/sys/_types/_rune_t.h
/Applications/Xcode.app/Contents/Developer/Platforms/MacOSX.platform/Developer/SDKs/MacOSX26.1.sdk/usr/include/sys/_types/_wint_t.h
/Applications/Xcode.app/Contents/Developer/Platforms/MacOSX.platform/Developer/SDKs/MacOSX26.1.sdk/usr/include/alloca.h
/Applications/Xcode.app/Contents/Developer/Platforms/MacOSX.platform/Developer/SDKs/MacOSX26.1.sdk/usr/include/i386/endian.h
/Applications/Xcode.app/Contents/Developer/Platforms/MacOSX.platform/Developer/SDKs/MacOSX26.1.sdk/usr/include/libkern/i386/_OSByteOrder.h
/Applications/Xcode.app/Contents/Developer/Platforms/MacOSX.platform/Developer/SDKs/MacOSX26.1.sdk/usr/include/secure/_common.h
/Applications/Xcode.app/Contents/Developer/Platforms/MacOSX.platform/Developer/SDKs/MacOSX26.1.sdk/usr/include/sys/_types/_mach_port_t.h
/Applications/Xcode.app/Contents/Developer/Platforms/MacOSX.platform/Developer/SDKs/MacOSX26.1.sdk/usr/include/sys/_types/_offsetof.h
/Applications/Xcode.app/Contents/Developer/Platforms/MacOSX.platform/Developer/SDKs/MacOSX26.1.sdk/usr/include/_strings.h
/Applications/Xcode.app/Contents/Developer/Platforms/MacOSX.platform/Developer/SDKs/MacOSX26.1.sdk/usr/include/secure/_strings.h
/Applications/Xcode.app/Contents/Developer/Platforms/MacOSX.platform/Developer/SDKs/MacOSX26.1.sdk/usr/include/sys/_types/_timeval.h
/Applications/Xcode.app/Contents/Developer/Platforms/MacOSX.platform/Developer/SDKs/MacOSX26.1.sdk/usr/include/sys/_types/_uuid_t.h
/Applications/Xcode.app/Contents/Developer/Platforms/MacOSX.platform/Developer/SDKs/MacOSX26.1.sdk/usr/include/i386/types.h
/Applications/Xcode.app/Contents/Developer/Platforms/MacOSX.platform/Developer/SDKs/MacOSX26.1.sdk/usr/include/i386/_types.h
/Applications/Xcode.app/Contents/Developer/Platforms/MacOSX.platform/Developer/SDKs/MacOSX26.1.sdk/usr/include/_ctype.h
/Applications/Xcode.app/Contents/Developer/Platforms/MacOSX.platform/Developer/SDKs/MacOSX26.1.sdk/usr/include/xlocale/_ctype.h
/Applications/Xcode.app/Contents/Developer/Platforms/MacOSX.platform/Developer/SDKs/MacOSX26.1.sdk/usr/include/locale.h
/Applications/Xcode.app/Contents/Developer/Platforms/MacOSX.platform/Developer/SDKs/MacOSX26.1.sdk/usr/include/_locale.h
/Applications/Xcode.app/Contents/Developer/Platforms/MacOSX.platform/Developer/SDKs/MacOSX26.1.sdk/usr/include/_locale_posix2008.h
/Applications/Xcode.app/Contents/Developer/Platforms/MacOSX.platform/Developer/SDKs/MacOSX26.1.sdk/usr/include/stdint.h
/Applications/Xcode.app/Contents/Developer/Platforms/MacOSX.platform/Developer/SDKs/MacOSX26.1.sdk/usr/include/_types/_uint8_t.h
/Applications/Xcode.app/Contents/Developer/Platforms/MacOSX.platform/Developer/SDKs/MacOSX26.1.sdk/usr/include/_types/_uint16_t.h
/Applications/Xcode.app/Contents/Developer/Platforms/MacOSX.platform/Developer/SDKs/MacOSX26.1.sdk/usr/include/_types/_uint32_t.h
/Applications/Xcode.app/Contents/Developer/Platforms/MacOSX.platform/Developer/SDKs/MacOSX26.1.sdk/usr/include/_types/_uint64_t.h
/Applications/Xcode.app/Contents/Developer/Platforms/MacOSX.platform/Developer/SDKs/MacOSX26.1.sdk/usr/include/_types/_intmax_t.h
/Applications/Xcode.app/Contents/Developer/Platforms/MacOSX.platform/Developer/SDKs/MacOSX26.1.sdk/usr/include/_types/_uintmax_t.h
/Applications/Xcode.app/Contents/Developer/Platforms/MacOSX.platform/Developer/SDKs/MacOSX26.1.sdk/usr/include/_stdio.h
/Applications/Xcode.app/Contents/Developer/Platforms/MacOSX.platform/Developer/SDKs/MacOSX26.1.sdk/usr/include/sys/stdio.h
/Applications/Xcode.app/Contents/Developer/Platforms/MacOSX.platform/Developer/SDKs/MacOSX26.1.sdk/usr/include/_printf.h
/Applications/Xcode.app/Contents/Developer/Platforms/MacOSX.platform/Developer/SDKs/MacOSX26.1.sdk/usr/include/sys/_types/_seek_set.h
/Applications/Xcode.app/Contents/Developer/Platforms/MacOSX.platform/Developer/SDKs/MacOSX26.1.sdk/usr/include/_ctermid.h
/Applications/Xcode.app/Contents/Developer/Platforms/MacOSX.platform/Developer/SDKs/MacOSX26.1.sdk/usr/include/secure/_stdio.h
/Applications/Xcode.app/Contents/Developer/Platforms/MacOSX.platform/Developer/SDKs/MacOSX26.1.sdk/usr/include/xlocale/_stdio.h
/Applications/Xcode.app/Contents/Developer/Platforms/MacOSX.platform/Developer/SDKs/MacOSX26.1.sdk/usr/include/_string.h
/Applications/Xcode.app/Contents/Developer/Platforms/MacOSX.platform/Developer/SDKs/MacOSX26.1.sdk/usr/include/secure/_string.h
/Applications/Xcode.app/Contents/Developer/Platforms/MacOSX.platform/Developer/SDKs/MacOSX26.1.sdk/usr/include/xlocale/_string.h
/Applications/Xcode.app/Contents/Developer/Platforms/MacOSX.platform/Developer/SDKs/MacOSX26.1.sdk/usr/include/tgmath.h
/Applications/Xcode.app/Contents/Developer/Platforms/MacOSX.platform/Developer/SDKs/MacOSX26.1.sdk/usr/include/_time.h
/Applications/Xcode.app/Contents/Developer/Platforms/MacOSX.platform/Developer/SDKs/MacOSX26.1.sdk/usr/include/sys/_types/_timespec.h
/Applications/Xcode.app/Contents/Developer/Platforms/MacOSX.platform/Developer/SDKs/MacOSX26.1.sdk/usr/include/xlocale/_time.h
/Applications/Xcode.app/Contents/Developer/Platforms/MacOSX.platform/Developer/SDKs/MacOSX26.1.sdk/SDKSettings.json
/Applications/Xcode.app/Contents/Developer/Toolchains/XcodeDefault.xctoolchain/usr/lib/swift/macosx/prebuilt-modules/26.1/_DarwinFoundation3.swiftmodule/arm64e-apple-macos.swiftmodule
/Applications/Xcode.app/Contents/Developer/Platforms/MacOSX.platform/Developer/SDKs/MacOSX26.1.sdk/usr/include/DarwinFoundation2.modulemap
/Applications/Xcode.app/Contents/Developer/Platforms/MacOSX.platform/Developer/SDKs/MacOSX26.1.sdk/usr/include/DarwinFoundation3.modulemap
/Applications/Xcode.app/Contents/Developer/Platforms/MacOSX.platform/Developer/SDKs/MacOSX26.1.sdk/usr/include/DarwinFoundation1.modulemap
/Applications/Xcode.app/Contents/Developer/Platforms/MacOSX.platform/Developer/SDKs/MacOSX26.1.sdk/usr/include/pthread/pthread.h
/Applications/Xcode.app/Contents/Developer/Platforms/MacOSX.platform/Developer/SDKs/MacOSX26.1.sdk/usr/include/pthread/sched.h
/Applications/Xcode.app/Contents/Developer/Platforms/MacOSX.platform/Developer/SDKs/MacOSX26.1.sdk/usr/include/pthread/pthread_impl.h
/Applications/Xcode.app/Contents/Developer/Platforms/MacOSX.platform/Developer/SDKs/MacOSX26.1.sdk/usr/include/time.h
/Applications/Xcode.app/Contents/Developer/Platforms/MacOSX.platform/Developer/SDKs/MacOSX26.1.sdk/usr/include/pthread/qos.h
/Applications/Xcode.app/Contents/Developer/Platforms/MacOSX.platform/Developer/SDKs/MacOSX26.1.sdk/usr/include/sys/_types/_sigset_t.h
/Applications/Xcode.app/Contents/Developer/Platforms/MacOSX.platform/Developer/SDKs/MacOSX26.1.sdk/usr/include/sys/resource.h
/Applications/Xcode.app/Contents/Developer/Toolchains/XcodeDefault.xctoolchain/usr/lib/swift/clang/include/module.modulemap
/Applications/Xcode.app/Contents/Developer/Platforms/MacOSX.platform/Developer/SDKs/MacOSX26.1.sdk/usr/include/sys/select.h
/Applications/Xcode.app/Contents/Developer/Platforms/MacOSX.platform/Developer/SDKs/MacOSX26.1.sdk/usr/include/sys/_select.h
/Applications/Xcode.app/Contents/Developer/Platforms/MacOSX.platform/Developer/SDKs/MacOSX26.1.sdk/usr/include/sys/wait.h
/Applications/Xcode.app/Contents/Developer/Platforms/MacOSX.platform/Developer/SDKs/MacOSX26.1.sdk/usr/include/sys/signal.h
/Applications/Xcode.app/Contents/Developer/Platforms/MacOSX.platform/Developer/SDKs/MacOSX26.1.sdk/usr/include/machine/signal.h
/Applications/Xcode.app/Contents/Developer/Platforms/MacOSX.platform/Developer/SDKs/MacOSX26.1.sdk/usr/include/arm/signal.h
/Applications/Xcode.app/Contents/Developer/Platforms/MacOSX.platform/Developer/SDKs/MacOSX26.1.sdk/usr/include/machine/_mcontext.h
/Applications/Xcode.app/Contents/Developer/Platforms/MacOSX.platform/Developer/SDKs/MacOSX26.1.sdk/usr/include/arm/_mcontext.h
/Applications/Xcode.app/Contents/Developer/Platforms/MacOSX.platform/Developer/SDKs/MacOSX26.1.sdk/usr/include/mach/machine/_structs.h
/Applications/Xcode.app/Contents/Developer/Platforms/MacOSX.platform/Developer/SDKs/MacOSX26.1.sdk/usr/include/mach/arm/_structs.h
/Applications/Xcode.app/Contents/Developer/Platforms/MacOSX.platform/Developer/SDKs/MacOSX26.1.sdk/usr/include/sys/_types/_sigaltstack.h
/Applications/Xcode.app/Contents/Developer/Platforms/MacOSX.platform/Developer/SDKs/MacOSX26.1.sdk/usr/include/sys/_types/_ucontext.h
/Applications/Xcode.app/Contents/Developer/Platforms/MacOSX.platform/Developer/SDKs/MacOSX26.1.sdk/usr/include/unistd.h
/Applications/Xcode.app/Contents/Developer/Platforms/MacOSX.platform/Developer/SDKs/MacOSX26.1.sdk/usr/include/sys/unistd.h
/Applications/Xcode.app/Contents/Developer/Platforms/MacOSX.platform/Developer/SDKs/MacOSX26.1.sdk/usr/include/sys/_types/_posix_vdisable.h
/Applications/Xcode.app/Contents/Developer/Platforms/MacOSX.platform/Developer/SDKs/MacOSX26.1.sdk/usr/include/gethostuuid.h
/Applications/Xcode.app/Contents/Developer/Platforms/MacOSX.platform/Developer/SDKs/MacOSX26.1.sdk/usr/include/mach/i386/_structs.h
/Applications/Xcode.app/Contents/Developer/Platforms/MacOSX.platform/Developer/SDKs/MacOSX26.1.sdk/usr/include/_inttypes.h
/Applications/Xcode.app/Contents/Developer/Platforms/MacOSX.platform/Developer/SDKs/MacOSX26.1.sdk/usr/include/xlocale/_inttypes.h
/Applications/Xcode.app/Contents/Developer/Toolchains/XcodeDefault.xctoolchain/usr/lib/swift/clang/include/stddef.h
/Applications/Xcode.app/Contents/Developer/Platforms/MacOSX.platform/Developer/SDKs/MacOSX26.1.sdk/usr/include/signal.h
/Applications/Xcode.app/Contents/Developer/Platforms/MacOSX.platform/Developer/SDKs/MacOSX26.1.sdk/usr/include/i386/signal.h
/Applications/Xcode.app/Contents/Developer/Platforms/MacOSX.platform/Developer/SDKs/MacOSX26.1.sdk/usr/include/i386/_mcontext.h
/Applications/Xcode.app/Contents/Developer/Platforms/MacOSX.platform/Developer/SDKs/MacOSX26.1.sdk/usr/include/_stdlib.h
/Applications/Xcode.app/Contents/Developer/Platforms/MacOSX.platform/Developer/SDKs/MacOSX26.1.sdk/usr/include/malloc/_malloc.h
/Applications/Xcode.app/Contents/Developer/Platforms/MacOSX.platform/Developer/SDKs/MacOSX26.1.sdk/usr/include/malloc/_malloc_type.h
/Applications/Xcode.app/Contents/Developer/Platforms/MacOSX.platform/Developer/SDKs/MacOSX26.1.sdk/usr/include/malloc/_ptrcheck.h
/Applications/Xcode.app/Contents/Developer/Platforms/MacOSX.platform/Developer/SDKs/MacOSX26.1.sdk/usr/include/_abort.h
/Applications/Xcode.app/Contents/Developer/Platforms/MacOSX.platform/Developer/SDKs/MacOSX26.1.sdk/usr/include/xlocale/_stdlib.h
/Applications/Xcode.app/Contents/Developer/Platforms/MacOSX.platform/Developer/SDKs/MacOSX26.1.sdk/usr/include/_wchar.h
/Applications/Xcode.app/Contents/Developer/Platforms/MacOSX.platform/Developer/SDKs/MacOSX26.1.sdk/usr/include/sys/_types/_mbstate_t.h
/Applications/Xcode.app/Contents/Developer/Toolchains/XcodeDefault.xctoolchain/usr/lib/swift/clang/include/stdarg.h
/Applications/Xcode.app/Contents/Developer/Platforms/MacOSX.platform/Developer/SDKs/MacOSX26.1.sdk/usr/include/stdio.h
/Applications/Xcode.app/Contents/Developer/Platforms/MacOSX.platform/Developer/SDKs/MacOSX26.1.sdk/usr/include/__wctype.h
/Applications/Xcode.app/Contents/Developer/Platforms/MacOSX.platform/Developer/SDKs/MacOSX26.1.sdk/usr/include/___wctype.h
/Applications/Xcode.app/Contents/Developer/Platforms/MacOSX.platform/Developer/SDKs/MacOSX26.1.sdk/usr/include/_types/_wctype_t.h
/Applications/Xcode.app/Contents/Developer/Platforms/MacOSX.platform/Developer/SDKs/MacOSX26.1.sdk/usr/include/ctype.h
/Applications/Xcode.app/Contents/Developer/Platforms/MacOSX.platform/Developer/SDKs/MacOSX26.1.sdk/usr/include/xlocale/_wchar.h
/Applications/Xcode.app/Contents/Developer/Platforms/MacOSX.platform/Developer/SDKs/MacOSX26.1.sdk/usr/include/_wctype.h
/Applications/Xcode.app/Contents/Developer/Platforms/MacOSX.platform/Developer/SDKs/MacOSX26.1.sdk/usr/include/_types/_wctrans_t.h
/Applications/Xcode.app/Contents/Developer/Platforms/MacOSX.platform/Developer/SDKs/MacOSX26.1.sdk/usr/include/xlocale/_wctype.h
/Applications/Xcode.app/Contents/Developer/Platforms/MacOSX.platform/Developer/SDKs/MacOSX26.1.sdk/usr/include/xlocale/___wctype.h
/Applications/Xcode.app/Contents/Developer/Platforms/MacOSX.platform/Developer/SDKs/MacOSX26.1.sdk/SDKSettings.json
/Applications/Xcode.app/Contents/Developer/Toolchains/XcodeDefault.xctoolchain/usr/lib/swift/macosx/prebuilt-modules/26.1/_StringProcessing.swiftmodule/arm64e-apple-macos.swiftmodule
/Applications/Xcode.app/Contents/Developer/Platforms/MacOSX.platform/Developer/SDKs/MacOSX26.1.sdk/usr/lib/swift/shims/module.modulemap
/Applications/Xcode.app/Contents/Developer/Platforms/MacOSX.platform/Developer/SDKs/MacOSX26.1.sdk/usr/lib/swift/shims/_SwiftConcurrency.h
/Applications/Xcode.app/Contents/Developer/Platforms/MacOSX.platform/Developer/SDKs/MacOSX26.1.sdk/SDKSettings.json
/Applications/Xcode.app/Contents/Developer/Platforms/MacOSX.platform/Developer/SDKs/MacOSX26.1.sdk/usr/include/launch.modulemap
/Applications/Xcode.app/Contents/Developer/Platforms/MacOSX.platform/Developer/SDKs/MacOSX26.1.sdk/usr/include/Darwin.modulemap
/Applications/Xcode.app/Contents/Developer/Platforms/MacOSX.platform/Developer/SDKs/MacOSX26.1.sdk/usr/include/Darwin_C.modulemap
/Applications/Xcode.app/Contents/Developer/Platforms/MacOSX.platform/Developer/SDKs/MacOSX26.1.sdk/usr/include/Darwin_POSIX.modulemap
/Applications/Xcode.app/Contents/Developer/Platforms/MacOSX.platform/Developer/SDKs/MacOSX26.1.sdk/usr/include/net.modulemap
/Applications/Xcode.app/Contents/Developer/Platforms/MacOSX.platform/Developer/SDKs/MacOSX26.1.sdk/usr/include/netinet.modulemap
/Applications/Xcode.app/Contents/Developer/Platforms/MacOSX.platform/Developer/SDKs/MacOSX26.1.sdk/usr/include/bank.modulemap
/Applications/Xcode.app/Contents/Developer/Platforms/MacOSX.platform/Developer/SDKs/MacOSX26.1.sdk/usr/include/Darwin_Mach.modulemap
/Applications/Xcode.app/Contents/Developer/Platforms/MacOSX.platform/Developer/SDKs/MacOSX26.1.sdk/usr/include/Darwin_Mach_machine.modulemap
/Applications/Xcode.app/Contents/Developer/Platforms/MacOSX.platform/Developer/SDKs/MacOSX26.1.sdk/usr/include/mach_debug.modulemap
/Applications/Xcode.app/Contents/Developer/Platforms/MacOSX.platform/Developer/SDKs/MacOSX26.1.sdk/usr/include/device.modulemap
/Applications/Xcode.app/Contents/Developer/Platforms/MacOSX.platform/Developer/SDKs/MacOSX26.1.sdk/usr/include/Darwin_machine.modulemap
/Applications/Xcode.app/Contents/Developer/Platforms/MacOSX.platform/Developer/SDKs/MacOSX26.1.sdk/usr/include/ncurses.modulemap
/Applications/Xcode.app/Contents/Developer/Platforms/MacOSX.platform/Developer/SDKs/MacOSX26.1.sdk/usr/include/netinet6.modulemap
/Applications/Xcode.app/Contents/Developer/Platforms/MacOSX.platform/Developer/SDKs/MacOSX26.1.sdk/usr/include/Darwin_sys.modulemap
/Applications/Xcode.app/Contents/Developer/Platforms/MacOSX.platform/Developer/SDKs/MacOSX26.1.sdk/usr/include/uuid.modulemap
/Applications/Xcode.app/Contents/Developer/Platforms/MacOSX.platform/Developer/SDKs/MacOSX26.1.sdk/usr/include/DarwinFoundation1.modulemap
/Applications/Xcode.app/Contents/Developer/Platforms/MacOSX.platform/Developer/SDKs/MacOSX26.1.sdk/usr/include/launch.h
/Applications/Xcode.app/Contents/Developer/Toolchains/XcodeDefault.xctoolchain/usr/lib/swift/clang/include/module.modulemap
/Applications/Xcode.app/Contents/Developer/Toolchains/XcodeDefault.xctoolchain/usr/lib/swift/clang/include/stddef.h
/Applications/Xcode.app/Contents/Developer/Platforms/MacOSX.platform/Developer/SDKs/MacOSX26.1.sdk/SDKSettings.json
/Applications/Xcode.app/Contents/Developer/Platforms/MacOSX.platform/Developer/SDKs/MacOSX26.1.sdk/usr/include/libDER/module.modulemap
/Applications/Xcode.app/Contents/Developer/Platforms/MacOSX.platform/Developer/SDKs/MacOSX26.1.sdk/usr/include/libDER/DERItem.h
/Applications/Xcode.app/Contents/Developer/Platforms/MacOSX.platform/Developer/SDKs/MacOSX26.1.sdk/usr/include/libDER/libDER_config.h
/Applications/Xcode.app/Contents/Developer/Toolchains/XcodeDefault.xctoolchain/usr/lib/swift/clang/include/module.modulemap
/Applications/Xcode.app/Contents/Developer/Toolchains/XcodeDefault.xctoolchain/usr/lib/swift/clang/include/stddef.h
/Applications/Xcode.app/Contents/Developer/Platforms/MacOSX.platform/Developer/SDKs/MacOSX26.1.sdk/usr/include/DarwinFoundation2.modulemap
/Applications/Xcode.app/Contents/Developer/Platforms/MacOSX.platform/Developer/SDKs/MacOSX26.1.sdk/usr/include/DarwinFoundation1.modulemap
/Applications/Xcode.app/Contents/Developer/Platforms/MacOSX.platform/Developer/SDKs/MacOSX26.1.sdk/usr/include/string.h
/Applications/Xcode.app/Contents/Developer/Platforms/MacOSX.platform/Developer/SDKs/MacOSX26.1.sdk/SDKSettings.json
/Applications/Xcode.app/Contents/Developer/Platforms/MacOSX.platform/Developer/SDKs/MacOSX26.1.sdk/usr/include/libkern.modulemap
/Applications/Xcode.app/Contents/Developer/Platforms/MacOSX.platform/Developer/SDKs/MacOSX26.1.sdk/usr/include/Darwin.modulemap
/Applications/Xcode.app/Contents/Developer/Platforms/MacOSX.platform/Developer/SDKs/MacOSX26.1.sdk/usr/include/Darwin_C.modulemap
/Applications/Xcode.app/Contents/Developer/Platforms/MacOSX.platform/Developer/SDKs/MacOSX26.1.sdk/usr/include/Darwin_POSIX.modulemap
/Applications/Xcode.app/Contents/Developer/Platforms/MacOSX.platform/Developer/SDKs/MacOSX26.1.sdk/usr/include/net.modulemap
/Applications/Xcode.app/Contents/Developer/Platforms/MacOSX.platform/Developer/SDKs/MacOSX26.1.sdk/usr/include/netinet.modulemap
/Applications/Xcode.app/Contents/Developer/Platforms/MacOSX.platform/Developer/SDKs/MacOSX26.1.sdk/usr/include/bank.modulemap
/Applications/Xcode.app/Contents/Developer/Platforms/MacOSX.platform/Developer/SDKs/MacOSX26.1.sdk/usr/include/Darwin_Mach.modulemap
/Applications/Xcode.app/Contents/Developer/Platforms/MacOSX.platform/Developer/SDKs/MacOSX26.1.sdk/usr/include/Darwin_Mach_machine.modulemap
/Applications/Xcode.app/Contents/Developer/Platforms/MacOSX.platform/Developer/SDKs/MacOSX26.1.sdk/usr/include/mach_debug.modulemap
/Applications/Xcode.app/Contents/Developer/Platforms/MacOSX.platform/Developer/SDKs/MacOSX26.1.sdk/usr/include/device.modulemap
/Applications/Xcode.app/Contents/Developer/Platforms/MacOSX.platform/Developer/SDKs/MacOSX26.1.sdk/usr/include/Darwin_machine.modulemap
/Applications/Xcode.app/Contents/Developer/Platforms/MacOSX.platform/Developer/SDKs/MacOSX26.1.sdk/usr/include/ncurses.modulemap
/Applications/Xcode.app/Contents/Developer/Platforms/MacOSX.platform/Developer/SDKs/MacOSX26.1.sdk/usr/include/netinet6.modulemap
/Applications/Xcode.app/Contents/Developer/Platforms/MacOSX.platform/Developer/SDKs/MacOSX26.1.sdk/usr/include/Darwin_sys.modulemap
/Applications/Xcode.app/Contents/Developer/Platforms/MacOSX.platform/Developer/SDKs/MacOSX26.1.sdk/usr/include/uuid.modulemap
/Applications/Xcode.app/Contents/Developer/Platforms/MacOSX.platform/Developer/SDKs/MacOSX26.1.sdk/usr/include/DarwinFoundation1.modulemap
/Applications/Xcode.app/Contents/Developer/Platforms/MacOSX.platform/Developer/SDKs/MacOSX26.1.sdk/usr/include/libkern/OSCacheControl.h
/Applications/Xcode.app/Contents/Developer/Toolchains/XcodeDefault.xctoolchain/usr/lib/swift/clang/include/module.modulemap
/Applications/Xcode.app/Contents/Developer/Toolchains/XcodeDefault.xctoolchain/usr/lib/swift/clang/include/stddef.h
/Applications/Xcode.app/Contents/Developer/Platforms/MacOSX.platform/Developer/SDKs/MacOSX26.1.sdk/usr/include/libkern/OSDebug.h
/Applications/Xcode.app/Contents/Developer/Platforms/MacOSX.platform/Developer/SDKs/MacOSX26.1.sdk/usr/include/libkern/OSReturn.h
/Applications/Xcode.app/Contents/Developer/Platforms/MacOSX.platform/Developer/SDKs/MacOSX26.1.sdk/usr/include/libkern/OSThermalNotification.h
/Applications/Xcode.app/Contents/Developer/Platforms/MacOSX.platform/Developer/SDKs/MacOSX26.1.sdk/usr/include/libkern/OSTypes.h
/Applications/Xcode.app/Contents/Developer/Platforms/MacOSX.platform/Developer/SDKs/MacOSX26.1.sdk/usr/include/libkern/OSKextLib.h
/Applications/Xcode.app/Contents/Developer/Platforms/MacOSX.platform/Developer/SDKs/MacOSX26.1.sdk/SDKSettings.json
/Applications/Xcode.app/Contents/Developer/Platforms/MacOSX.platform/Developer/SDKs/MacOSX26.1.sdk/usr/include/os.apinotes
/Applications/Xcode.app/Contents/Developer/Platforms/MacOSX.platform/Developer/SDKs/MacOSX26.1.sdk/usr/include/xpc.modulemap
/Applications/Xcode.app/Contents/Developer/Platforms/MacOSX.platform/Developer/SDKs/MacOSX26.1.sdk/usr/include/DarwinBasic.modulemap
/Applications/Xcode.app/Contents/Developer/Platforms/MacOSX.platform/Developer/SDKs/MacOSX26.1.sdk/usr/include/os.modulemap
/Applications/Xcode.app/Contents/Developer/Platforms/MacOSX.platform/Developer/SDKs/MacOSX26.1.sdk/usr/include/Darwin.modulemap
/Applications/Xcode.app/Contents/Developer/Platforms/MacOSX.platform/Developer/SDKs/MacOSX26.1.sdk/usr/include/Darwin_C.modulemap
/Applications/Xcode.app/Contents/Developer/Platforms/MacOSX.platform/Developer/SDKs/MacOSX26.1.sdk/usr/include/Darwin_POSIX.modulemap
/Applications/Xcode.app/Contents/Developer/Platforms/MacOSX.platform/Developer/SDKs/MacOSX26.1.sdk/usr/include/net.modulemap
/Applications/Xcode.app/Contents/Developer/Platforms/MacOSX.platform/Developer/SDKs/MacOSX26.1.sdk/usr/include/netinet.modulemap
/Applications/Xcode.app/Contents/Developer/Platforms/MacOSX.platform/Developer/SDKs/MacOSX26.1.sdk/usr/include/bank.modulemap
/Applications/Xcode.app/Contents/Developer/Platforms/MacOSX.platform/Developer/SDKs/MacOSX26.1.sdk/usr/include/Darwin_Mach.modulemap
/Applications/Xcode.app/Contents/Developer/Platforms/MacOSX.platform/Developer/SDKs/MacOSX26.1.sdk/usr/include/Darwin_Mach_machine.modulemap
/Applications/Xcode.app/Contents/Developer/Platforms/MacOSX.platform/Developer/SDKs/MacOSX26.1.sdk/usr/include/mach_debug.modulemap
/Applications/Xcode.app/Contents/Developer/Platforms/MacOSX.platform/Developer/SDKs/MacOSX26.1.sdk/usr/include/device.modulemap
/Applications/Xcode.app/Contents/Developer/Platforms/MacOSX.platform/Developer/SDKs/MacOSX26.1.sdk/usr/include/Darwin_machine.modulemap
/Applications/Xcode.app/Contents/Developer/Platforms/MacOSX.platform/Developer/SDKs/MacOSX26.1.sdk/usr/include/ncurses.modulemap
/Applications/Xcode.app/Contents/Developer/Platforms/MacOSX.platform/Developer/SDKs/MacOSX26.1.sdk/usr/include/netinet6.modulemap
/Applications/Xcode.app/Contents/Developer/Platforms/MacOSX.platform/Developer/SDKs/MacOSX26.1.sdk/usr/include/Darwin_sys.modulemap
/Applications/Xcode.app/Contents/Developer/Platforms/MacOSX.platform/Developer/SDKs/MacOSX26.1.sdk/usr/include/uuid.modulemap
/Applications/Xcode.app/Contents/Developer/Platforms/MacOSX.platform/Developer/SDKs/MacOSX26.1.sdk/usr/include/DarwinFoundation2.modulemap
/Applications/Xcode.app/Contents/Developer/Platforms/MacOSX.platform/Developer/SDKs/MacOSX26.1.sdk/usr/include/DarwinFoundation3.modulemap
/Applications/Xcode.app/Contents/Developer/Platforms/MacOSX.platform/Developer/SDKs/MacOSX26.1.sdk/usr/include/DarwinFoundation1.modulemap
/Applications/Xcode.app/Contents/Developer/Platforms/MacOSX.platform/Developer/SDKs/MacOSX26.1.sdk/usr/include/os/atomic.h
/Applications/Xcode.app/Contents/Developer/Toolchains/XcodeDefault.xctoolchain/usr/lib/swift/clang/include/module.modulemap
/Applications/Xcode.app/Contents/Developer/Platforms/MacOSX.platform/Developer/SDKs/MacOSX26.1.sdk/usr/include/os/overflow.h
/Applications/Xcode.app/Contents/Developer/Platforms/MacOSX.platform/Developer/SDKs/MacOSX26.1.sdk/usr/include/os/trace_base.h
/Applications/Xcode.app/Contents/Developer/Toolchains/XcodeDefault.xctoolchain/usr/lib/swift/clang/include/stdarg.h
/Applications/Xcode.app/Contents/Developer/Platforms/MacOSX.platform/Developer/SDKs/MacOSX26.1.sdk/usr/include/os/activity.h
/Applications/Xcode.app/Contents/Developer/Platforms/MacOSX.platform/Developer/SDKs/MacOSX26.1.sdk/usr/include/os/log.h
/Applications/Xcode.app/Contents/Developer/Platforms/MacOSX.platform/Developer/SDKs/MacOSX26.1.sdk/usr/include/os/trace.h
/Applications/Xcode.app/Contents/Developer/Platforms/MacOSX.platform/Developer/SDKs/MacOSX26.1.sdk/usr/include/os/signpost.h
/Applications/Xcode.app/Contents/Developer/Platforms/MacOSX.platform/Developer/SDKs/MacOSX26.1.sdk/usr/include/_modules/_os_lock.h
/Applications/Xcode.app/Contents/Developer/Platforms/MacOSX.platform/Developer/SDKs/MacOSX26.1.sdk/usr/include/_modules/_os_object.h
/Applications/Xcode.app/Contents/Developer/Platforms/MacOSX.platform/Developer/SDKs/MacOSX26.1.sdk/usr/include/_modules/_os_workgroup.h
/Applications/Xcode.app/Contents/Developer/Platforms/MacOSX.platform/Developer/SDKs/MacOSX26.1.sdk/SDKSettings.json
/Applications/Xcode.app/Contents/Developer/Toolchains/XcodeDefault.xctoolchain/usr/lib/swift/macosx/prebuilt-modules/26.1/os.swiftmodule/arm64e-apple-macos.swiftmodule
/Applications/Xcode.app/Contents/Developer/Platforms/MacOSX.platform/Developer/SDKs/MacOSX26.1.sdk/usr/include/os.modulemap
/Applications/Xcode.app/Contents/Developer/Platforms/MacOSX.platform/Developer/SDKs/MacOSX26.1.sdk/usr/include/ObjectiveC.modulemap
/Applications/Xcode.app/Contents/Developer/Platforms/MacOSX.platform/Developer/SDKs/MacOSX26.1.sdk/usr/include/Darwin.modulemap
/Applications/Xcode.app/Contents/Developer/Platforms/MacOSX.platform/Developer/SDKs/MacOSX26.1.sdk/usr/include/Darwin_C.modulemap
/Applications/Xcode.app/Contents/Developer/Platforms/MacOSX.platform/Developer/SDKs/MacOSX26.1.sdk/usr/include/Darwin_POSIX.modulemap
/Applications/Xcode.app/Contents/Developer/Platforms/MacOSX.platform/Developer/SDKs/MacOSX26.1.sdk/usr/include/net.modulemap
/Applications/Xcode.app/Contents/Developer/Platforms/MacOSX.platform/Developer/SDKs/MacOSX26.1.sdk/usr/include/netinet.modulemap
/Applications/Xcode.app/Contents/Developer/Platforms/MacOSX.platform/Developer/SDKs/MacOSX26.1.sdk/usr/include/bank.modulemap
/Applications/Xcode.app/Contents/Developer/Platforms/MacOSX.platform/Developer/SDKs/MacOSX26.1.sdk/usr/include/Darwin_Mach.modulemap
/Applications/Xcode.app/Contents/Developer/Platforms/MacOSX.platform/Developer/SDKs/MacOSX26.1.sdk/usr/include/Darwin_Mach_machine.modulemap
/Applications/Xcode.app/Contents/Developer/Platforms/MacOSX.platform/Developer/SDKs/MacOSX26.1.sdk/usr/include/mach_debug.modulemap
/Applications/Xcode.app/Contents/Developer/Platforms/MacOSX.platform/Developer/SDKs/MacOSX26.1.sdk/usr/include/device.modulemap
/Applications/Xcode.app/Contents/Developer/Platforms/MacOSX.platform/Developer/SDKs/MacOSX26.1.sdk/usr/include/Darwin_machine.modulemap
/Applications/Xcode.app/Contents/Developer/Platforms/MacOSX.platform/Developer/SDKs/MacOSX26.1.sdk/usr/include/ncurses.modulemap
/Applications/Xcode.app/Contents/Developer/Platforms/MacOSX.platform/Developer/SDKs/MacOSX26.1.sdk/usr/include/netinet6.modulemap
/Applications/Xcode.app/Contents/Developer/Platforms/MacOSX.platform/Developer/SDKs/MacOSX26.1.sdk/usr/include/Darwin_sys.modulemap
/Applications/Xcode.app/Contents/Developer/Platforms/MacOSX.platform/Developer/SDKs/MacOSX26.1.sdk/usr/include/uuid.modulemap
/Applications/Xcode.app/Contents/Developer/Platforms/MacOSX.platform/Developer/SDKs/MacOSX26.1.sdk/usr/include/DarwinFoundation1.modulemap
/Applications/Xcode.app/Contents/Developer/Platforms/MacOSX.platform/Developer/SDKs/MacOSX26.1.sdk/usr/include/os/object.h
/Applications/Xcode.app/Contents/Developer/Platforms/MacOSX.platform/Developer/SDKs/MacOSX26.1.sdk/SDKSettings.json
/Applications/Xcode.app/Contents/Developer/Platforms/MacOSX.platform/Developer/SDKs/MacOSX26.1.sdk/usr/include/os.modulemap
/Applications/Xcode.app/Contents/Developer/Platforms/MacOSX.platform/Developer/SDKs/MacOSX26.1.sdk/usr/include/Darwin.modulemap
/Applications/Xcode.app/Contents/Developer/Platforms/MacOSX.platform/Developer/SDKs/MacOSX26.1.sdk/usr/include/Darwin_C.modulemap
/Applications/Xcode.app/Contents/Developer/Platforms/MacOSX.platform/Developer/SDKs/MacOSX26.1.sdk/usr/include/Darwin_POSIX.modulemap
/Applications/Xcode.app/Contents/Developer/Platforms/MacOSX.platform/Developer/SDKs/MacOSX26.1.sdk/usr/include/net.modulemap
/Applications/Xcode.app/Contents/Developer/Platforms/MacOSX.platform/Developer/SDKs/MacOSX26.1.sdk/usr/include/netinet.modulemap
/Applications/Xcode.app/Contents/Developer/Platforms/MacOSX.platform/Developer/SDKs/MacOSX26.1.sdk/usr/include/bank.modulemap
/Applications/Xcode.app/Contents/Developer/Platforms/MacOSX.platform/Developer/SDKs/MacOSX26.1.sdk/usr/include/Darwin_Mach.modulemap
/Applications/Xcode.app/Contents/Developer/Platforms/MacOSX.platform/Developer/SDKs/MacOSX26.1.sdk/usr/include/Darwin_Mach_machine.modulemap
/Applications/Xcode.app/Contents/Developer/Platforms/MacOSX.platform/Developer/SDKs/MacOSX26.1.sdk/usr/include/mach_debug.modulemap
/Applications/Xcode.app/Contents/Developer/Platforms/MacOSX.platform/Developer/SDKs/MacOSX26.1.sdk/usr/include/device.modulemap
/Applications/Xcode.app/Contents/Developer/Platforms/MacOSX.platform/Developer/SDKs/MacOSX26.1.sdk/usr/include/Darwin_machine.modulemap
/Applications/Xcode.app/Contents/Developer/Platforms/MacOSX.platform/Developer/SDKs/MacOSX26.1.sdk/usr/include/ncurses.modulemap
/Applications/Xcode.app/Contents/Developer/Platforms/MacOSX.platform/Developer/SDKs/MacOSX26.1.sdk/usr/include/netinet6.modulemap
/Applications/Xcode.app/Contents/Developer/Platforms/MacOSX.platform/Developer/SDKs/MacOSX26.1.sdk/usr/include/Darwin_sys.modulemap
/Applications/Xcode.app/Contents/Developer/Platforms/MacOSX.platform/Developer/SDKs/MacOSX26.1.sdk/usr/include/uuid.modulemap
/Applications/Xcode.app/Contents/Developer/Platforms/MacOSX.platform/Developer/SDKs/MacOSX26.1.sdk/usr/include/DarwinFoundation2.modulemap
/Applications/Xcode.app/Contents/Developer/Platforms/MacOSX.platform/Developer/SDKs/MacOSX26.1.sdk/usr/include/DarwinFoundation3.modulemap
/Applications/Xcode.app/Contents/Developer/Platforms/MacOSX.platform/Developer/SDKs/MacOSX26.1.sdk/usr/include/DarwinFoundation1.modulemap
/Applications/Xcode.app/Contents/Developer/Platforms/MacOSX.platform/Developer/SDKs/MacOSX26.1.sdk/usr/include/os/workgroup.h
/Applications/Xcode.app/Contents/Developer/Platforms/MacOSX.platform/Developer/SDKs/MacOSX26.1.sdk/usr/include/os/workgroup_base.h
/Applications/Xcode.app/Contents/Developer/Toolchains/XcodeDefault.xctoolchain/usr/lib/swift/clang/include/module.modulemap
/Applications/Xcode.app/Contents/Developer/Toolchains/XcodeDefault.xctoolchain/usr/lib/swift/clang/include/stddef.h
/Applications/Xcode.app/Contents/Developer/Platforms/MacOSX.platform/Developer/SDKs/MacOSX26.1.sdk/usr/include/string.h
/Applications/Xcode.app/Contents/Developer/Platforms/MacOSX.platform/Developer/SDKs/MacOSX26.1.sdk/usr/include/stdlib.h
/Applications/Xcode.app/Contents/Developer/Platforms/MacOSX.platform/Developer/SDKs/MacOSX26.1.sdk/usr/include/os/workgroup_object.h
/Applications/Xcode.app/Contents/Developer/Platforms/MacOSX.platform/Developer/SDKs/MacOSX26.1.sdk/usr/include/os/workgroup_interval.h
/Applications/Xcode.app/Contents/Developer/Platforms/MacOSX.platform/Developer/SDKs/MacOSX26.1.sdk/usr/include/os/workgroup_parallel.h
/Applications/Xcode.app/Contents/Developer/Platforms/MacOSX.platform/Developer/SDKs/MacOSX26.1.sdk/SDKSettings.json
/Applications/Xcode.app/Contents/Developer/Toolchains/XcodeDefault.xctoolchain/usr/lib/swift/clang/include/module.modulemap
/Applications/Xcode.app/Contents/Developer/Toolchains/XcodeDefault.xctoolchain/usr/lib/swift/clang/include/ptrauth.h
/Applications/Xcode.app/Contents/Developer/Platforms/MacOSX.platform/Developer/SDKs/MacOSX26.1.sdk/SDKSettings.json
/Applications/Xcode.app/Contents/Developer/Toolchains/XcodeDefault.xctoolchain/usr/lib/swift/clang/include/module.modulemap
/Applications/Xcode.app/Contents/Developer/Toolchains/XcodeDefault.xctoolchain/usr/lib/swift/clang/include/ptrcheck.h
/Applications/Xcode.app/Contents/Developer/Platforms/MacOSX.platform/Developer/SDKs/MacOSX26.1.sdk/SDKSettings.json
/Applications/Xcode.app/Contents/Developer/Platforms/MacOSX.platform/Developer/SDKs/MacOSX26.1.sdk/usr/include/DarwinFoundation2.modulemap
/Applications/Xcode.app/Contents/Developer/Platforms/MacOSX.platform/Developer/SDKs/MacOSX26.1.sdk/usr/include/_modules/_sys_types.h
/Applications/Xcode.app/Contents/Developer/Platforms/MacOSX.platform/Developer/SDKs/MacOSX26.1.sdk/SDKSettings.json

SwiftMergeGeneratedHeaders /Users/rogerlin/Library/Developer/Xcode/DerivedData/FinancialCalculatorKit-ackorybalcxbfocbkqsfdzcfkgmn/Build/Intermediates.noindex/GeneratedModuleMaps/MathParser-Swift.h /Users/rogerlin/Library/Developer/Xcode/DerivedData/FinancialCalculatorKit-ackorybalcxbfocbkqsfdzcfkgmn/Build/Intermediates.noindex/swift-math-parser.build/Debug/MathParser.build/Objects-normal/arm64/MathParser-Swift.h (in target 'MathParser' from project 'swift-math-parser')
    cd /Users/rogerlin/Library/Developer/Xcode/DerivedData/FinancialCalculatorKit-ackorybalcxbfocbkqsfdzcfkgmn/SourcePackages/checkouts/swift-math-parser
    builtin-swiftHeaderTool -arch arm64 /Users/rogerlin/Library/Developer/Xcode/DerivedData/FinancialCalculatorKit-ackorybalcxbfocbkqsfdzcfkgmn/Build/Intermediates.noindex/swift-math-parser.build/Debug/MathParser.build/Objects-normal/arm64/MathParser-Swift.h -o /Users/rogerlin/Library/Developer/Xcode/DerivedData/FinancialCalculatorKit-ackorybalcxbfocbkqsfdzcfkgmn/Build/Intermediates.noindex/GeneratedModuleMaps/MathParser-Swift.h

    Task input dependencies:
        /Users/rogerlin/Library/Developer/Xcode/DerivedData/FinancialCalculatorKit-ackorybalcxbfocbkqsfdzcfkgmn/Build/Intermediates.noindex/swift-math-parser.build/Debug/MathParser.build/Objects-normal/arm64/MathParser-Swift.h

    Task output dependencies:
        /Users/rogerlin/Library/Developer/Xcode/DerivedData/FinancialCalculatorKit-ackorybalcxbfocbkqsfdzcfkgmn/Build/Intermediates.noindex/GeneratedModuleMaps/MathParser-Swift.h

Copy /Users/rogerlin/Library/Developer/Xcode/DerivedData/FinancialCalculatorKit-ackorybalcxbfocbkqsfdzcfkgmn/Build/Products/Debug/MathParser.swiftmodule/arm64-apple-macos.swiftmodule /Users/rogerlin/Library/Developer/Xcode/DerivedData/FinancialCalculatorKit-ackorybalcxbfocbkqsfdzcfkgmn/Build/Intermediates.noindex/swift-math-parser.build/Debug/MathParser.build/Objects-normal/arm64/MathParser.swiftmodule (in target 'MathParser' from project 'swift-math-parser')
    cd /Users/rogerlin/Library/Developer/Xcode/DerivedData/FinancialCalculatorKit-ackorybalcxbfocbkqsfdzcfkgmn/SourcePackages/checkouts/swift-math-parser
    builtin-copy -exclude .DS_Store -exclude CVS -exclude .svn -exclude .git -exclude .hg -resolve-src-symlinks -rename /Users/rogerlin/Library/Developer/Xcode/DerivedData/FinancialCalculatorKit-ackorybalcxbfocbkqsfdzcfkgmn/Build/Intermediates.noindex/swift-math-parser.build/Debug/MathParser.build/Objects-normal/arm64/MathParser.swiftmodule /Users/rogerlin/Library/Developer/Xcode/DerivedData/FinancialCalculatorKit-ackorybalcxbfocbkqsfdzcfkgmn/Build/Products/Debug/MathParser.swiftmodule/arm64-apple-macos.swiftmodule

    Task input dependencies:
        /Users/rogerlin/Library/Developer/Xcode/DerivedData/FinancialCalculatorKit-ackorybalcxbfocbkqsfdzcfkgmn/Build/Intermediates.noindex/swift-math-parser.build/Debug/MathParser.build/Objects-normal/arm64/MathParser.swiftmodule/

    Task output dependencies:
        /Users/rogerlin/Library/Developer/Xcode/DerivedData/FinancialCalculatorKit-ackorybalcxbfocbkqsfdzcfkgmn/Build/Products/Debug/MathParser.swiftmodule/arm64-apple-macos.swiftmodule

Copy /Users/rogerlin/Library/Developer/Xcode/DerivedData/FinancialCalculatorKit-ackorybalcxbfocbkqsfdzcfkgmn/Build/Products/Debug/MathParser.swiftmodule/arm64-apple-macos.abi.json /Users/rogerlin/Library/Developer/Xcode/DerivedData/FinancialCalculatorKit-ackorybalcxbfocbkqsfdzcfkgmn/Build/Intermediates.noindex/swift-math-parser.build/Debug/MathParser.build/Objects-normal/arm64/MathParser.abi.json (in target 'MathParser' from project 'swift-math-parser')
    cd /Users/rogerlin/Library/Developer/Xcode/DerivedData/FinancialCalculatorKit-ackorybalcxbfocbkqsfdzcfkgmn/SourcePackages/checkouts/swift-math-parser
    builtin-copy -exclude .DS_Store -exclude CVS -exclude .svn -exclude .git -exclude .hg -resolve-src-symlinks -rename /Users/rogerlin/Library/Developer/Xcode/DerivedData/FinancialCalculatorKit-ackorybalcxbfocbkqsfdzcfkgmn/Build/Intermediates.noindex/swift-math-parser.build/Debug/MathParser.build/Objects-normal/arm64/MathParser.abi.json /Users/rogerlin/Library/Developer/Xcode/DerivedData/FinancialCalculatorKit-ackorybalcxbfocbkqsfdzcfkgmn/Build/Products/Debug/MathParser.swiftmodule/arm64-apple-macos.abi.json

    Task input dependencies:
        /Users/rogerlin/Library/Developer/Xcode/DerivedData/FinancialCalculatorKit-ackorybalcxbfocbkqsfdzcfkgmn/Build/Intermediates.noindex/swift-math-parser.build/Debug/MathParser.build/Objects-normal/arm64/MathParser.abi.json/

    Task output dependencies:
        /Users/rogerlin/Library/Developer/Xcode/DerivedData/FinancialCalculatorKit-ackorybalcxbfocbkqsfdzcfkgmn/Build/Products/Debug/MathParser.swiftmodule/arm64-apple-macos.abi.json

Copy /Users/rogerlin/Library/Developer/Xcode/DerivedData/FinancialCalculatorKit-ackorybalcxbfocbkqsfdzcfkgmn/Build/Products/Debug/MathParser.swiftmodule/arm64-apple-macos.swiftdoc /Users/rogerlin/Library/Developer/Xcode/DerivedData/FinancialCalculatorKit-ackorybalcxbfocbkqsfdzcfkgmn/Build/Intermediates.noindex/swift-math-parser.build/Debug/MathParser.build/Objects-normal/arm64/MathParser.swiftdoc (in target 'MathParser' from project 'swift-math-parser')
    cd /Users/rogerlin/Library/Developer/Xcode/DerivedData/FinancialCalculatorKit-ackorybalcxbfocbkqsfdzcfkgmn/SourcePackages/checkouts/swift-math-parser
    builtin-copy -exclude .DS_Store -exclude CVS -exclude .svn -exclude .git -exclude .hg -resolve-src-symlinks -rename /Users/rogerlin/Library/Developer/Xcode/DerivedData/FinancialCalculatorKit-ackorybalcxbfocbkqsfdzcfkgmn/Build/Intermediates.noindex/swift-math-parser.build/Debug/MathParser.build/Objects-normal/arm64/MathParser.swiftdoc /Users/rogerlin/Library/Developer/Xcode/DerivedData/FinancialCalculatorKit-ackorybalcxbfocbkqsfdzcfkgmn/Build/Products/Debug/MathParser.swiftmodule/arm64-apple-macos.swiftdoc

    Task input dependencies:
        /Users/rogerlin/Library/Developer/Xcode/DerivedData/FinancialCalculatorKit-ackorybalcxbfocbkqsfdzcfkgmn/Build/Intermediates.noindex/swift-math-parser.build/Debug/MathParser.build/Objects-normal/arm64/MathParser.swiftdoc/

    Task output dependencies:
        /Users/rogerlin/Library/Developer/Xcode/DerivedData/FinancialCalculatorKit-ackorybalcxbfocbkqsfdzcfkgmn/Build/Products/Debug/MathParser.swiftmodule/arm64-apple-macos.swiftdoc

Copy /Users/rogerlin/Library/Developer/Xcode/DerivedData/FinancialCalculatorKit-ackorybalcxbfocbkqsfdzcfkgmn/Build/Products/Debug/MathParser.swiftmodule/Project/arm64-apple-macos.swiftsourceinfo /Users/rogerlin/Library/Developer/Xcode/DerivedData/FinancialCalculatorKit-ackorybalcxbfocbkqsfdzcfkgmn/Build/Intermediates.noindex/swift-math-parser.build/Debug/MathParser.build/Objects-normal/arm64/MathParser.swiftsourceinfo (in target 'MathParser' from project 'swift-math-parser')
    cd /Users/rogerlin/Library/Developer/Xcode/DerivedData/FinancialCalculatorKit-ackorybalcxbfocbkqsfdzcfkgmn/SourcePackages/checkouts/swift-math-parser
    builtin-copy -exclude .DS_Store -exclude CVS -exclude .svn -exclude .git -exclude .hg -resolve-src-symlinks -rename /Users/rogerlin/Library/Developer/Xcode/DerivedData/FinancialCalculatorKit-ackorybalcxbfocbkqsfdzcfkgmn/Build/Intermediates.noindex/swift-math-parser.build/Debug/MathParser.build/Objects-normal/arm64/MathParser.swiftsourceinfo /Users/rogerlin/Library/Developer/Xcode/DerivedData/FinancialCalculatorKit-ackorybalcxbfocbkqsfdzcfkgmn/Build/Products/Debug/MathParser.swiftmodule/Project/arm64-apple-macos.swiftsourceinfo

    Task input dependencies:
        /Users/rogerlin/Library/Developer/Xcode/DerivedData/FinancialCalculatorKit-ackorybalcxbfocbkqsfdzcfkgmn/Build/Intermediates.noindex/swift-math-parser.build/Debug/MathParser.build/Objects-normal/arm64/MathParser.swiftsourceinfo/

    Task output dependencies:
        /Users/rogerlin/Library/Developer/Xcode/DerivedData/FinancialCalculatorKit-ackorybalcxbfocbkqsfdzcfkgmn/Build/Products/Debug/MathParser.swiftmodule/Project/arm64-apple-macos.swiftsourceinfo

ProcessProductPackaging /Users/rogerlin/XCode-Projects/FinancialCalculatorKit-5.0-updated-accent-colors/FinancialCalculatorKit/FinancialCalculatorKit.entitlements /Users/rogerlin/Library/Developer/Xcode/DerivedData/FinancialCalculatorKit-ackorybalcxbfocbkqsfdzcfkgmn/Build/Intermediates.noindex/FinancialCalculatorKit.build/Debug/FinancialCalculatorKit.build/FinancialCalculatorKit.app.xcent (in target 'FinancialCalculatorKit' from project 'FinancialCalculatorKit')
    cd /Users/rogerlin/XCode-Projects/FinancialCalculatorKit-5.0-updated-accent-colors
    
    Entitlements:
    
    {
    "com.apple.security.app-sandbox" = 1;
    "com.apple.security.assets.movies.read-write" = 1;
    "com.apple.security.assets.music.read-write" = 1;
    "com.apple.security.assets.pictures.read-write" = 1;
    "com.apple.security.files.downloads.read-write" = 1;
    "com.apple.security.files.user-selected.read-write" = 1;
    "com.apple.security.get-task-allow" = 1;
    "com.apple.security.network.client" = 1;
    "com.apple.security.network.server" = 1;
}
    
    builtin-productPackagingUtility /Users/rogerlin/XCode-Projects/FinancialCalculatorKit-5.0-updated-accent-colors/FinancialCalculatorKit/FinancialCalculatorKit.entitlements -entitlements -format xml -o /Users/rogerlin/Library/Developer/Xcode/DerivedData/FinancialCalculatorKit-ackorybalcxbfocbkqsfdzcfkgmn/Build/Intermediates.noindex/FinancialCalculatorKit.build/Debug/FinancialCalculatorKit.build/FinancialCalculatorKit.app.xcent

    Task input dependencies:
        /Users/rogerlin/XCode-Projects/FinancialCalculatorKit-5.0-updated-accent-colors/FinancialCalculatorKit/FinancialCalculatorKit.entitlements
        /Users/rogerlin/Library/Developer/Xcode/DerivedData/FinancialCalculatorKit-ackorybalcxbfocbkqsfdzcfkgmn/Build/Intermediates.noindex/FinancialCalculatorKit.build/Debug/FinancialCalculatorKit.build/DerivedSources/Entitlements.plist

    Task output dependencies:
        /Users/rogerlin/Library/Developer/Xcode/DerivedData/FinancialCalculatorKit-ackorybalcxbfocbkqsfdzcfkgmn/Build/Intermediates.noindex/FinancialCalculatorKit.build/Debug/FinancialCalculatorKit.build/FinancialCalculatorKit.app.xcent

ProcessProductPackagingDER /Users/rogerlin/Library/Developer/Xcode/DerivedData/FinancialCalculatorKit-ackorybalcxbfocbkqsfdzcfkgmn/Build/Intermediates.noindex/FinancialCalculatorKit.build/Debug/FinancialCalculatorKit.build/FinancialCalculatorKit.app.xcent /Users/rogerlin/Library/Developer/Xcode/DerivedData/FinancialCalculatorKit-ackorybalcxbfocbkqsfdzcfkgmn/Build/Intermediates.noindex/FinancialCalculatorKit.build/Debug/FinancialCalculatorKit.build/FinancialCalculatorKit.app.xcent.der (in target 'FinancialCalculatorKit' from project 'FinancialCalculatorKit')
    cd /Users/rogerlin/XCode-Projects/FinancialCalculatorKit-5.0-updated-accent-colors
    /usr/bin/derq query -f xml -i /Users/rogerlin/Library/Developer/Xcode/DerivedData/FinancialCalculatorKit-ackorybalcxbfocbkqsfdzcfkgmn/Build/Intermediates.noindex/FinancialCalculatorKit.build/Debug/FinancialCalculatorKit.build/FinancialCalculatorKit.app.xcent -o /Users/rogerlin/Library/Developer/Xcode/DerivedData/FinancialCalculatorKit-ackorybalcxbfocbkqsfdzcfkgmn/Build/Intermediates.noindex/FinancialCalculatorKit.build/Debug/FinancialCalculatorKit.build/FinancialCalculatorKit.app.xcent.der --raw

    Task input dependencies:
        /Users/rogerlin/Library/Developer/Xcode/DerivedData/FinancialCalculatorKit-ackorybalcxbfocbkqsfdzcfkgmn/Build/Intermediates.noindex/FinancialCalculatorKit.build/Debug/FinancialCalculatorKit.build/FinancialCalculatorKit.app.xcent

    Task output dependencies:
        /Users/rogerlin/Library/Developer/Xcode/DerivedData/FinancialCalculatorKit-ackorybalcxbfocbkqsfdzcfkgmn/Build/Intermediates.noindex/FinancialCalculatorKit.build/Debug/FinancialCalculatorKit.build/FinancialCalculatorKit.app.xcent.der

GenerateAssetSymbols /Users/rogerlin/XCode-Projects/FinancialCalculatorKit-5.0-updated-accent-colors/FinancialCalculatorKit/Assets.xcassets (in target 'FinancialCalculatorKit' from project 'FinancialCalculatorKit')
    cd /Users/rogerlin/XCode-Projects/FinancialCalculatorKit-5.0-updated-accent-colors
    /Applications/Xcode.app/Contents/Developer/usr/bin/actool /Users/rogerlin/XCode-Projects/FinancialCalculatorKit-5.0-updated-accent-colors/FinancialCalculatorKit/Assets.xcassets --compile /Users/rogerlin/Library/Developer/Xcode/DerivedData/FinancialCalculatorKit-ackorybalcxbfocbkqsfdzcfkgmn/Build/Products/Debug/FinancialCalculatorKit.app/Contents/Resources --output-format human-readable-text --notices --warnings --export-dependency-info /Users/rogerlin/Library/Developer/Xcode/DerivedData/FinancialCalculatorKit-ackorybalcxbfocbkqsfdzcfkgmn/Build/Intermediates.noindex/FinancialCalculatorKit.build/Debug/FinancialCalculatorKit.build/assetcatalog_dependencies --output-partial-info-plist /Users/rogerlin/Library/Developer/Xcode/DerivedData/FinancialCalculatorKit-ackorybalcxbfocbkqsfdzcfkgmn/Build/Intermediates.noindex/FinancialCalculatorKit.build/Debug/FinancialCalculatorKit.build/assetcatalog_generated_info.plist --app-icon AppIcon --accent-color AccentColor --enable-on-demand-resources NO --development-region en --target-device mac --minimum-deployment-target 14.0 --platform macosx --bundle-identifier linroger022.FinancialCalculatorKit --generate-swift-asset-symbols /Users/rogerlin/Library/Developer/Xcode/DerivedData/FinancialCalculatorKit-ackorybalcxbfocbkqsfdzcfkgmn/Build/Intermediates.noindex/FinancialCalculatorKit.build/Debug/FinancialCalculatorKit.build/DerivedSources/GeneratedAssetSymbols.swift --generate-objc-asset-symbols /Users/rogerlin/Library/Developer/Xcode/DerivedData/FinancialCalculatorKit-ackorybalcxbfocbkqsfdzcfkgmn/Build/Intermediates.noindex/FinancialCalculatorKit.build/Debug/FinancialCalculatorKit.build/DerivedSources/GeneratedAssetSymbols.h --generate-asset-symbol-index /Users/rogerlin/Library/Developer/Xcode/DerivedData/FinancialCalculatorKit-ackorybalcxbfocbkqsfdzcfkgmn/Build/Intermediates.noindex/FinancialCalculatorKit.build/Debug/FinancialCalculatorKit.build/DerivedSources/GeneratedAssetSymbols-Index.plist

    Task input dependencies:
        /Users/rogerlin/XCode-Projects/FinancialCalculatorKit-5.0-updated-accent-colors/FinancialCalculatorKit/Assets.xcassets/

    Task output dependencies:
        /Users/rogerlin/Library/Developer/Xcode/DerivedData/FinancialCalculatorKit-ackorybalcxbfocbkqsfdzcfkgmn/Build/Intermediates.noindex/FinancialCalculatorKit.build/Debug/FinancialCalculatorKit.build/DerivedSources/GeneratedAssetSymbols.swift
        /Users/rogerlin/Library/Developer/Xcode/DerivedData/FinancialCalculatorKit-ackorybalcxbfocbkqsfdzcfkgmn/Build/Intermediates.noindex/FinancialCalculatorKit.build/Debug/FinancialCalculatorKit.build/DerivedSources/GeneratedAssetSymbols.h
        /Users/rogerlin/Library/Developer/Xcode/DerivedData/FinancialCalculatorKit-ackorybalcxbfocbkqsfdzcfkgmn/Build/Intermediates.noindex/FinancialCalculatorKit.build/Debug/FinancialCalculatorKit.build/DerivedSources/GeneratedAssetSymbols-Index.plist
/* com.apple.actool.compilation-results */
/Users/rogerlin/Library/Developer/Xcode/DerivedData/FinancialCalculatorKit-ackorybalcxbfocbkqsfdzcfkgmn/Build/Intermediates.noindex/FinancialCalculatorKit.build/Debug/FinancialCalculatorKit.build/DerivedSources/GeneratedAssetSymbols-Index.plist
/Users/rogerlin/Library/Developer/Xcode/DerivedData/FinancialCalculatorKit-ackorybalcxbfocbkqsfdzcfkgmn/Build/Intermediates.noindex/FinancialCalculatorKit.build/Debug/FinancialCalculatorKit.build/DerivedSources/GeneratedAssetSymbols.h
/Users/rogerlin/Library/Developer/Xcode/DerivedData/FinancialCalculatorKit-ackorybalcxbfocbkqsfdzcfkgmn/Build/Intermediates.noindex/FinancialCalculatorKit.build/Debug/FinancialCalculatorKit.build/DerivedSources/GeneratedAssetSymbols.swift


MkDir /Users/rogerlin/Library/Developer/Xcode/DerivedData/FinancialCalculatorKit-ackorybalcxbfocbkqsfdzcfkgmn/Build/Intermediates.noindex/FinancialCalculatorKit.build/Debug/FinancialCalculatorKit.build/assetcatalog_output/unthinned (in target 'FinancialCalculatorKit' from project 'FinancialCalculatorKit')
    cd /Users/rogerlin/XCode-Projects/FinancialCalculatorKit-5.0-updated-accent-colors
    /bin/mkdir -p /Users/rogerlin/Library/Developer/Xcode/DerivedData/FinancialCalculatorKit-ackorybalcxbfocbkqsfdzcfkgmn/Build/Intermediates.noindex/FinancialCalculatorKit.build/Debug/FinancialCalculatorKit.build/assetcatalog_output/unthinned

    Task input dependencies:

    Task output dependencies:
        /Users/rogerlin/Library/Developer/Xcode/DerivedData/FinancialCalculatorKit-ackorybalcxbfocbkqsfdzcfkgmn/Build/Intermediates.noindex/FinancialCalculatorKit.build/Debug/FinancialCalculatorKit.build/assetcatalog_output/unthinned

MkDir /Users/rogerlin/Library/Developer/Xcode/DerivedData/FinancialCalculatorKit-ackorybalcxbfocbkqsfdzcfkgmn/Build/Intermediates.noindex/FinancialCalculatorKit.build/Debug/FinancialCalculatorKit.build/assetcatalog_output/thinned (in target 'FinancialCalculatorKit' from project 'FinancialCalculatorKit')
    cd /Users/rogerlin/XCode-Projects/FinancialCalculatorKit-5.0-updated-accent-colors
    /bin/mkdir -p /Users/rogerlin/Library/Developer/Xcode/DerivedData/FinancialCalculatorKit-ackorybalcxbfocbkqsfdzcfkgmn/Build/Intermediates.noindex/FinancialCalculatorKit.build/Debug/FinancialCalculatorKit.build/assetcatalog_output/thinned

    Task input dependencies:

    Task output dependencies:
        /Users/rogerlin/Library/Developer/Xcode/DerivedData/FinancialCalculatorKit-ackorybalcxbfocbkqsfdzcfkgmn/Build/Intermediates.noindex/FinancialCalculatorKit.build/Debug/FinancialCalculatorKit.build/assetcatalog_output/thinned

CompileAssetCatalogVariant thinned /Users/rogerlin/Library/Developer/Xcode/DerivedData/FinancialCalculatorKit-ackorybalcxbfocbkqsfdzcfkgmn/Build/Products/Debug/FinancialCalculatorKit.app/Contents/Resources /Users/rogerlin/XCode-Projects/FinancialCalculatorKit-5.0-updated-accent-colors/FinancialCalculatorKit/Assets.xcassets (in target 'FinancialCalculatorKit' from project 'FinancialCalculatorKit')
    cd /Users/rogerlin/XCode-Projects/FinancialCalculatorKit-5.0-updated-accent-colors
    /Applications/Xcode.app/Contents/Developer/usr/bin/actool /Users/rogerlin/XCode-Projects/FinancialCalculatorKit-5.0-updated-accent-colors/FinancialCalculatorKit/Assets.xcassets --compile /Users/rogerlin/Library/Developer/Xcode/DerivedData/FinancialCalculatorKit-ackorybalcxbfocbkqsfdzcfkgmn/Build/Intermediates.noindex/FinancialCalculatorKit.build/Debug/FinancialCalculatorKit.build/assetcatalog_output/thinned --output-format human-readable-text --notices --warnings --export-dependency-info /Users/rogerlin/Library/Developer/Xcode/DerivedData/FinancialCalculatorKit-ackorybalcxbfocbkqsfdzcfkgmn/Build/Intermediates.noindex/FinancialCalculatorKit.build/Debug/FinancialCalculatorKit.build/assetcatalog_dependencies_thinned --output-partial-info-plist /Users/rogerlin/Library/Developer/Xcode/DerivedData/FinancialCalculatorKit-ackorybalcxbfocbkqsfdzcfkgmn/Build/Intermediates.noindex/FinancialCalculatorKit.build/Debug/FinancialCalculatorKit.build/assetcatalog_generated_info.plist_thinned --app-icon AppIcon --accent-color AccentColor --enable-on-demand-resources NO --development-region en --target-device mac --minimum-deployment-target 14.0 --platform macosx

    Task input dependencies:
        /Users/rogerlin/XCode-Projects/FinancialCalculatorKit-5.0-updated-accent-colors/FinancialCalculatorKit/Assets.xcassets/
        /Users/rogerlin/Library/Developer/Xcode/DerivedData/FinancialCalculatorKit-ackorybalcxbfocbkqsfdzcfkgmn/Build/Intermediates.noindex/FinancialCalculatorKit.build/Debug/FinancialCalculatorKit.build/assetcatalog_output/thinned

    Task output dependencies:
        /Users/rogerlin/Library/Developer/Xcode/DerivedData/FinancialCalculatorKit-ackorybalcxbfocbkqsfdzcfkgmn/Build/Intermediates.noindex/FinancialCalculatorKit.build/Debug/FinancialCalculatorKit.build/assetcatalog_output/thinned/
        /Users/rogerlin/Library/Developer/Xcode/DerivedData/FinancialCalculatorKit-ackorybalcxbfocbkqsfdzcfkgmn/Build/Intermediates.noindex/FinancialCalculatorKit.build/Debug/FinancialCalculatorKit.build/assetcatalog_dependencies_thinned
        /Users/rogerlin/Library/Developer/Xcode/DerivedData/FinancialCalculatorKit-ackorybalcxbfocbkqsfdzcfkgmn/Build/Intermediates.noindex/FinancialCalculatorKit.build/Debug/FinancialCalculatorKit.build/assetcatalog_generated_info.plist_thinned
/* com.apple.actool.compilation-results */
/Users/rogerlin/Library/Developer/Xcode/DerivedData/FinancialCalculatorKit-ackorybalcxbfocbkqsfdzcfkgmn/Build/Intermediates.noindex/FinancialCalculatorKit.build/Debug/FinancialCalculatorKit.build/assetcatalog_generated_info.plist_thinned
/Users/rogerlin/Library/Developer/Xcode/DerivedData/FinancialCalculatorKit-ackorybalcxbfocbkqsfdzcfkgmn/Build/Intermediates.noindex/FinancialCalculatorKit.build/Debug/FinancialCalculatorKit.build/assetcatalog_output/thinned/AppIcon.icns
/Users/rogerlin/Library/Developer/Xcode/DerivedData/FinancialCalculatorKit-ackorybalcxbfocbkqsfdzcfkgmn/Build/Intermediates.noindex/FinancialCalculatorKit.build/Debug/FinancialCalculatorKit.build/assetcatalog_output/thinned/Assets.car


SwiftDriver FinancialCalculatorKit normal arm64 com.apple.xcode.tools.swift.compiler (in target 'FinancialCalculatorKit' from project 'FinancialCalculatorKit')
    cd /Users/rogerlin/XCode-Projects/FinancialCalculatorKit-5.0-updated-accent-colors
    builtin-SwiftDriver -- /Applications/Xcode.app/Contents/Developer/Toolchains/XcodeDefault.xctoolchain/usr/bin/swiftc -module-name FinancialCalculatorKit -Onone -enforce-exclusivity\=checked @/Users/rogerlin/Library/Developer/Xcode/DerivedData/FinancialCalculatorKit-ackorybalcxbfocbkqsfdzcfkgmn/Build/Intermediates.noindex/FinancialCalculatorKit.build/Debug/FinancialCalculatorKit.build/Objects-normal/arm64/FinancialCalculatorKit.SwiftFileList -DDEBUG -enable-bare-slash-regex -enable-experimental-feature DebugDescriptionMacro -sdk /Applications/Xcode.app/Contents/Developer/Platforms/MacOSX.platform/Developer/SDKs/MacOSX26.1.sdk -target arm64-apple-macos14.0 -g -module-cache-path /Users/rogerlin/Library/Developer/Xcode/DerivedData/ModuleCache.noindex -Xfrontend -serialize-debugging-options -profile-coverage-mapping -profile-generate -enable-testing -index-store-path /Users/rogerlin/Library/Developer/Xcode/DerivedData/FinancialCalculatorKit-ackorybalcxbfocbkqsfdzcfkgmn/Index.noindex/DataStore -Xcc -D_LIBCPP_HARDENING_MODE\=_LIBCPP_HARDENING_MODE_DEBUG -swift-version 5 -I /Users/rogerlin/Library/Developer/Xcode/DerivedData/FinancialCalculatorKit-ackorybalcxbfocbkqsfdzcfkgmn/Build/Products/Debug -F /Users/rogerlin/Library/Developer/Xcode/DerivedData/FinancialCalculatorKit-ackorybalcxbfocbkqsfdzcfkgmn/Build/Products/Debug/PackageFrameworks -F /Users/rogerlin/Library/Developer/Xcode/DerivedData/FinancialCalculatorKit-ackorybalcxbfocbkqsfdzcfkgmn/Build/Products/Debug/PackageFrameworks -F /Users/rogerlin/Library/Developer/Xcode/DerivedData/FinancialCalculatorKit-ackorybalcxbfocbkqsfdzcfkgmn/Build/Products/Debug/PackageFrameworks -F /Users/rogerlin/Library/Developer/Xcode/DerivedData/FinancialCalculatorKit-ackorybalcxbfocbkqsfdzcfkgmn/Build/Products/Debug/PackageFrameworks -F /Users/rogerlin/Library/Developer/Xcode/DerivedData/FinancialCalculatorKit-ackorybalcxbfocbkqsfdzcfkgmn/Build/Products/Debug/PackageFrameworks -F /Users/rogerlin/Library/Developer/Xcode/DerivedData/FinancialCalculatorKit-ackorybalcxbfocbkqsfdzcfkgmn/Build/Products/Debug/PackageFrameworks -F /Users/rogerlin/Library/Developer/Xcode/DerivedData/FinancialCalculatorKit-ackorybalcxbfocbkqsfdzcfkgmn/Build/Products/Debug/PackageFrameworks -F /Users/rogerlin/Library/Developer/Xcode/DerivedData/FinancialCalculatorKit-ackorybalcxbfocbkqsfdzcfkgmn/Build/Products/Debug/PackageFrameworks -F /Users/rogerlin/Library/Developer/Xcode/DerivedData/FinancialCalculatorKit-ackorybalcxbfocbkqsfdzcfkgmn/Build/Products/Debug/PackageFrameworks -F /Users/rogerlin/Library/Developer/Xcode/DerivedData/FinancialCalculatorKit-ackorybalcxbfocbkqsfdzcfkgmn/Build/Products/Debug/PackageFrameworks -F /Users/rogerlin/Library/Developer/Xcode/DerivedData/FinancialCalculatorKit-ackorybalcxbfocbkqsfdzcfkgmn/Build/Products/Debug/PackageFrameworks -F /Users/rogerlin/Library/Developer/Xcode/DerivedData/FinancialCalculatorKit-ackorybalcxbfocbkqsfdzcfkgmn/Build/Products/Debug/PackageFrameworks -F /Users/rogerlin/Library/Developer/Xcode/DerivedData/FinancialCalculatorKit-ackorybalcxbfocbkqsfdzcfkgmn/Build/Products/Debug/PackageFrameworks -F /Users/rogerlin/Library/Developer/Xcode/DerivedData/FinancialCalculatorKit-ackorybalcxbfocbkqsfdzcfkgmn/Build/Products/Debug/PackageFrameworks -F /Users/rogerlin/Library/Developer/Xcode/DerivedData/FinancialCalculatorKit-ackorybalcxbfocbkqsfdzcfkgmn/Build/Products/Debug/PackageFrameworks -F /Users/rogerlin/Library/Developer/Xcode/DerivedData/FinancialCalculatorKit-ackorybalcxbfocbkqsfdzcfkgmn/Build/Products/Debug/PackageFrameworks -F /Users/rogerlin/Library/Developer/Xcode/DerivedData/FinancialCalculatorKit-ackorybalcxbfocbkqsfdzcfkgmn/Build/Products/Debug/PackageFrameworks -F /Users/rogerlin/Library/Developer/Xcode/DerivedData/FinancialCalculatorKit-ackorybalcxbfocbkqsfdzcfkgmn/Build/Products/Debug/PackageFrameworks -F /Users/rogerlin/Library/Developer/Xcode/DerivedData/FinancialCalculatorKit-ackorybalcxbfocbkqsfdzcfkgmn/Build/Products/Debug/PackageFrameworks -F /Users/rogerlin/Library/Developer/Xcode/DerivedData/FinancialCalculatorKit-ackorybalcxbfocbkqsfdzcfkgmn/Build/Products/Debug -Xfrontend -load-plugin-executable -Xfrontend /Users/rogerlin/Library/Developer/Xcode/DerivedData/FinancialCalculatorKit-ackorybalcxbfocbkqsfdzcfkgmn/Build/Products/Debug/CasePathsMacros\#CasePathsMacros -emit-localized-strings -emit-localized-strings-path /Users/rogerlin/Library/Developer/Xcode/DerivedData/FinancialCalculatorKit-ackorybalcxbfocbkqsfdzcfkgmn/Build/Intermediates.noindex/FinancialCalculatorKit.build/Debug/FinancialCalculatorKit.build/Objects-normal/arm64 -c -j16 -enable-batch-mode -incremental -Xcc -ivfsstatcache -Xcc /Users/rogerlin/Library/Developer/Xcode/DerivedData/SDKStatCaches.noindex/macosx26.1-25B74-3ae1261907bdadc328169391a47051a6.sdkstatcache -output-file-map /Users/rogerlin/Library/Developer/Xcode/DerivedData/FinancialCalculatorKit-ackorybalcxbfocbkqsfdzcfkgmn/Build/Intermediates.noindex/FinancialCalculatorKit.build/Debug/FinancialCalculatorKit.build/Objects-normal/arm64/FinancialCalculatorKit-OutputFileMap.json -use-frontend-parseable-output -save-temps -no-color-diagnostics -explicit-module-build -module-cache-path /Users/rogerlin/Library/Developer/Xcode/DerivedData/FinancialCalculatorKit-ackorybalcxbfocbkqsfdzcfkgmn/Build/Intermediates.noindex/SwiftExplicitPrecompiledModules -clang-scanner-module-cache-path /Users/rogerlin/Library/Developer/Xcode/DerivedData/ModuleCache.noindex -sdk-module-cache-path /Users/rogerlin/Library/Developer/Xcode/DerivedData/ModuleCache.noindex -serialize-diagnostics -emit-dependencies -emit-module -emit-module-path /Users/rogerlin/Library/Developer/Xcode/DerivedData/FinancialCalculatorKit-ackorybalcxbfocbkqsfdzcfkgmn/Build/Intermediates.noindex/FinancialCalculatorKit.build/Debug/FinancialCalculatorKit.build/Objects-normal/arm64/FinancialCalculatorKit.swiftmodule -validate-clang-modules-once -clang-build-session-file /Users/rogerlin/Library/Developer/Xcode/DerivedData/ModuleCache.noindex/Session.modulevalidation -Xcc -I/Users/rogerlin/Library/Developer/Xcode/DerivedData/FinancialCalculatorKit-ackorybalcxbfocbkqsfdzcfkgmn/Build/Intermediates.noindex/FinancialCalculatorKit.build/Debug/FinancialCalculatorKit.build/swift-overrides.hmap -emit-const-values -Xfrontend -const-gather-protocols-file -Xfrontend /Users/rogerlin/Library/Developer/Xcode/DerivedData/FinancialCalculatorKit-ackorybalcxbfocbkqsfdzcfkgmn/Build/Intermediates.noindex/FinancialCalculatorKit.build/Debug/FinancialCalculatorKit.build/Objects-normal/arm64/FinancialCalculatorKit_const_extract_protocols.json -Xcc -iquote -Xcc /Users/rogerlin/Library/Developer/Xcode/DerivedData/FinancialCalculatorKit-ackorybalcxbfocbkqsfdzcfkgmn/Build/Intermediates.noindex/FinancialCalculatorKit.build/Debug/FinancialCalculatorKit.build/FinancialCalculatorKit-generated-files.hmap -Xcc -I/Users/rogerlin/Library/Developer/Xcode/DerivedData/FinancialCalculatorKit-ackorybalcxbfocbkqsfdzcfkgmn/Build/Intermediates.noindex/FinancialCalculatorKit.build/Debug/FinancialCalculatorKit.build/FinancialCalculatorKit-own-target-headers.hmap -Xcc -I/Users/rogerlin/Library/Developer/Xcode/DerivedData/FinancialCalculatorKit-ackorybalcxbfocbkqsfdzcfkgmn/Build/Intermediates.noindex/FinancialCalculatorKit.build/Debug/FinancialCalculatorKit.build/FinancialCalculatorKit-all-non-framework-target-headers.hmap -Xcc -ivfsoverlay -Xcc /Users/rogerlin/Library/Developer/Xcode/DerivedData/FinancialCalculatorKit-ackorybalcxbfocbkqsfdzcfkgmn/Build/Intermediates.noindex/FinancialCalculatorKit.build/Debug/FinancialCalculatorKit-b796aaad08c4b307251b75ea7c01aae2-VFS/all-product-headers.yaml -Xcc -iquote -Xcc /Users/rogerlin/Library/Developer/Xcode/DerivedData/FinancialCalculatorKit-ackorybalcxbfocbkqsfdzcfkgmn/Build/Intermediates.noindex/FinancialCalculatorKit.build/Debug/FinancialCalculatorKit.build/FinancialCalculatorKit-project-headers.hmap -Xcc -I/Users/rogerlin/Library/Developer/Xcode/DerivedData/FinancialCalculatorKit-ackorybalcxbfocbkqsfdzcfkgmn/SourcePackages/checkouts/swift-numerics/Sources/_NumericsShims/include -Xcc -I/Users/rogerlin/Library/Developer/Xcode/DerivedData/FinancialCalculatorKit-ackorybalcxbfocbkqsfdzcfkgmn/Build/Products/Debug/include -Xcc -I/Users/rogerlin/Library/Developer/Xcode/DerivedData/FinancialCalculatorKit-ackorybalcxbfocbkqsfdzcfkgmn/Build/Intermediates.noindex/FinancialCalculatorKit.build/Debug/FinancialCalculatorKit.build/DerivedSources-normal/arm64 -Xcc -I/Users/rogerlin/Library/Developer/Xcode/DerivedData/FinancialCalculatorKit-ackorybalcxbfocbkqsfdzcfkgmn/Build/Intermediates.noindex/FinancialCalculatorKit.build/Debug/FinancialCalculatorKit.build/DerivedSources/arm64 -Xcc -I/Users/rogerlin/Library/Developer/Xcode/DerivedData/FinancialCalculatorKit-ackorybalcxbfocbkqsfdzcfkgmn/Build/Intermediates.noindex/FinancialCalculatorKit.build/Debug/FinancialCalculatorKit.build/DerivedSources -Xcc -DDEBUG\=1 -emit-objc-header -emit-objc-header-path /Users/rogerlin/Library/Developer/Xcode/DerivedData/FinancialCalculatorKit-ackorybalcxbfocbkqsfdzcfkgmn/Build/Intermediates.noindex/FinancialCalculatorKit.build/Debug/FinancialCalculatorKit.build/Objects-normal/arm64/FinancialCalculatorKit-Swift.h -working-directory /Users/rogerlin/XCode-Projects/FinancialCalculatorKit-5.0-updated-accent-colors -experimental-emit-module-separately -disable-cmo

    Task input dependencies:

    Task output dependencies:
note: Swift Driver planned jobs for target FinancialCalculatorKit (arm64-normal):
	Explicit Modules:
		<PlannedSwiftDriverJob [explicit(2)]:GeneratePcm _NumericsShims dependencies=[]>
	Compilation Requirements:
		<PlannedSwiftDriverJob [target(0)]:EmitModule FinancialCalculatorKit dependencies=["explicit(2)"]>
	Compilation:
		<PlannedSwiftDriverJob [target(1)]:Compile FinancialCalculatorKit AdvancedBondModels.swift YieldCurveTypes.swift BondCalculation.swift CalculationMetadata.swift DepreciationCalculation.swift FinancialCalculation.swift InvestmentCalculation.swift dependencies=["explicit(2)"]>
		<PlannedSwiftDriverJob [target(2)]:Compile FinancialCalculatorKit LoanCalculation.swift TimeValueCalculation.swift CalculationType.swift Currency.swift LoanType.swift PaymentFrequency.swift TimeValueVariable.swift dependencies=["explicit(2)"]>
		<PlannedSwiftDriverJob [target(3)]:Compile FinancialCalculatorKit FormulaReference.swift FREDModels.swift AdvancedOptionsModels.swift EquationDocument.swift VariableStore.swift FinancialComputable.swift AdvancedBondPricingEngine.swift dependencies=["explicit(2)"]>
		<PlannedSwiftDriverJob [target(4)]:Compile FinancialCalculatorKit AdvancedOptionsPricingEngine.swift AdvancedExpressionParser.swift AdvancedIRRCalculator.swift AdvancedMathFunctions.swift CalculationEngine.swift CSVHelper.swift CurrencyConversionService.swift dependencies=["explicit(2)"]>
		<PlannedSwiftDriverJob [target(5)]:Compile FinancialCalculatorKit ExchangeRateService.swift FinancialCalculator.swift FinancialValidation.swift FormulaAutoComplete.swift FREDService.swift HighPrecisionMath.swift dependencies=["explicit(2)"]>
		<PlannedSwiftDriverJob [target(6)]:Compile FinancialCalculatorKit HighPrecisionTestSuite.swift HighPrecisionValidation.swift TickerHistoryService.swift ValidationExtensions.swift ValidationService.swift ValidationTestSuite.swift dependencies=["explicit(2)"]>
		<PlannedSwiftDriverJob [target(7)]:Compile FinancialCalculatorKit Date+Financial.swift Double+Financial.swift CashFlowsTransformer.swift Formatters.swift FormulaViewHelper.swift MainViewModel.swift dependencies=["explicit(2)"]>
		<PlannedSwiftDriverJob [target(8)]:Compile FinancialCalculatorKit AdvancedBondCalculatorView.swift AmortizationView.swift BondCalculatorView.swift CompactCalculatorView.swift CurrencyConverterView.swift CustomScientificKeyboard.swift dependencies=["explicit(2)"]>
		<PlannedSwiftDriverJob [target(9)]:Compile FinancialCalculatorKit DepreciationCalculatorView.swift DocumentListView.swift EquityValuationView.swift FixedIncomeAnalyticsView.swift FormulaLibraryView.swift ForwardsCalculatorView.swift dependencies=["explicit(2)"]>
		<PlannedSwiftDriverJob [target(10)]:Compile FinancialCalculatorKit FuturesCalculatorView.swift FutureValueView.swift HighPrecisionCalculatorView.swift InvestmentCalculatorView.swift LoanCalculatorView.swift LoanResultView.swift dependencies=["explicit(2)"]>
		<PlannedSwiftDriverJob [target(11)]:Compile FinancialCalculatorKit MathExpressionCalculatorView.swift OptionsCalculatorView.swift OptionsStrategiesView.swift PlaceholderViews.swift PortfolioOptimizationView.swift PrecisionDemoView.swift dependencies=["explicit(2)"]>
		<PlannedSwiftDriverJob [target(12)]:Compile FinancialCalculatorKit RiskManagementView.swift ScientificCalculatorView.swift SwapsCalculatorView.swift TemplateViews.swift TickerHistoryView.swift TimeValueCalculatorView.swift dependencies=["explicit(2)"]>
		<PlannedSwiftDriverJob [target(13)]:Compile FinancialCalculatorKit TimeValueResultView.swift UnitConverterView.swift VariableManagementView.swift FinancialChartView.swift InteractiveFinancialCharts.swift DetailRow.swift dependencies=["explicit(2)"]>
		<PlannedSwiftDriverJob [target(14)]:Compile FinancialCalculatorKit DynamicInputSection.swift EnhancedInputFields.swift FinancialStyles.swift InputFieldView.swift InteractiveDataTables.swift LoadingResultView.swift dependencies=["explicit(2)"]>
		<PlannedSwiftDriverJob [target(15)]:Compile FinancialCalculatorKit NumbersOnlyViewModifier.swift ResultDisplayView.swift StatusIndicator.swift ValidationSummaryView.swift FREDDataView.swift FormulaReferenceView.swift dependencies=["explicit(2)"]>
		<PlannedSwiftDriverJob [target(16)]:Compile FinancialCalculatorKit FormulaVariableView.swift FormulaVariantView.swift ContentView.swift FinancialCalculatorKitApp.swift Item.swift GeneratedAssetSymbols.swift dependencies=["explicit(2)"]>
	After Compilation:

	Verification:
 (in target 'FinancialCalculatorKit' from project 'FinancialCalculatorKit')

SwiftDriverJobDiscovery normal arm64 Compiling MathParser.swift (in target 'MathParser' from project 'swift-math-parser')

SwiftDriver\ Compilation MathParser normal arm64 com.apple.xcode.tools.swift.compiler (in target 'MathParser' from project 'swift-math-parser')
    cd /Users/rogerlin/XCode-Projects/FinancialCalculatorKit-5.0-updated-accent-colors/FinancialCalculatorKit.xcodeproj
    builtin-Swift-Compilation -- /Applications/Xcode.app/Contents/Developer/Toolchains/XcodeDefault.xctoolchain/usr/bin/swiftc -module-name MathParser -Onone -enforce-exclusivity\=checked @/Users/rogerlin/Library/Developer/Xcode/DerivedData/FinancialCalculatorKit-ackorybalcxbfocbkqsfdzcfkgmn/Build/Intermediates.noindex/swift-math-parser.build/Debug/MathParser.build/Objects-normal/arm64/MathParser.SwiftFileList -DSWIFT_PACKAGE -DDEBUG -DSWIFT_MODULE_RESOURCE_BUNDLE_UNAVAILABLE -DXcode -plugin-path /Applications/Xcode.app/Contents/Developer/Toolchains/XcodeDefault.xctoolchain/usr/lib/swift/host/plugins/testing -enable-experimental-feature DebugDescriptionMacro -sdk /Applications/Xcode.app/Contents/Developer/Platforms/MacOSX.platform/Developer/SDKs/MacOSX26.1.sdk -target arm64-apple-macos10.15 -g -module-cache-path /Users/rogerlin/Library/Developer/Xcode/DerivedData/ModuleCache.noindex -Xfrontend -serialize-debugging-options -profile-coverage-mapping -profile-generate -enable-testing -suppress-warnings -index-store-path /Users/rogerlin/Library/Developer/Xcode/DerivedData/FinancialCalculatorKit-ackorybalcxbfocbkqsfdzcfkgmn/Index.noindex/DataStore -Xcc -D_LIBCPP_HARDENING_MODE\=_LIBCPP_HARDENING_MODE_DEBUG -swift-version 5 -I /Users/rogerlin/Library/Developer/Xcode/DerivedData/FinancialCalculatorKit-ackorybalcxbfocbkqsfdzcfkgmn/Build/Products/Debug -Isystem /Applications/Xcode.app/Contents/Developer/Platforms/MacOSX.platform/Developer/usr/lib -F /Users/rogerlin/Library/Developer/Xcode/DerivedData/FinancialCalculatorKit-ackorybalcxbfocbkqsfdzcfkgmn/Build/Products/Debug/PackageFrameworks -F /Users/rogerlin/Library/Developer/Xcode/DerivedData/FinancialCalculatorKit-ackorybalcxbfocbkqsfdzcfkgmn/Build/Products/Debug/PackageFrameworks -F /Users/rogerlin/Library/Developer/Xcode/DerivedData/FinancialCalculatorKit-ackorybalcxbfocbkqsfdzcfkgmn/Build/Products/Debug/PackageFrameworks -F /Users/rogerlin/Library/Developer/Xcode/DerivedData/FinancialCalculatorKit-ackorybalcxbfocbkqsfdzcfkgmn/Build/Products/Debug/PackageFrameworks -F /Users/rogerlin/Library/Developer/Xcode/DerivedData/FinancialCalculatorKit-ackorybalcxbfocbkqsfdzcfkgmn/Build/Products/Debug/PackageFrameworks -F /Users/rogerlin/Library/Developer/Xcode/DerivedData/FinancialCalculatorKit-ackorybalcxbfocbkqsfdzcfkgmn/Build/Products/Debug -F /Applications/Xcode.app/Contents/Developer/Platforms/MacOSX.platform/Developer/Library/Frameworks -Xfrontend -load-plugin-executable -Xfrontend /Users/rogerlin/Library/Developer/Xcode/DerivedData/FinancialCalculatorKit-ackorybalcxbfocbkqsfdzcfkgmn/Build/Products/Debug/CasePathsMacros\#CasePathsMacros -c -j16 -enable-batch-mode -incremental -Xcc -ivfsstatcache -Xcc /Users/rogerlin/Library/Developer/Xcode/DerivedData/SDKStatCaches.noindex/macosx26.1-25B74-3ae1261907bdadc328169391a47051a6.sdkstatcache -output-file-map /Users/rogerlin/Library/Developer/Xcode/DerivedData/FinancialCalculatorKit-ackorybalcxbfocbkqsfdzcfkgmn/Build/Intermediates.noindex/swift-math-parser.build/Debug/MathParser.build/Objects-normal/arm64/MathParser-OutputFileMap.json -use-frontend-parseable-output -save-temps -no-color-diagnostics -explicit-module-build -module-cache-path /Users/rogerlin/Library/Developer/Xcode/DerivedData/FinancialCalculatorKit-ackorybalcxbfocbkqsfdzcfkgmn/Build/Intermediates.noindex/SwiftExplicitPrecompiledModules -clang-scanner-module-cache-path /Users/rogerlin/Library/Developer/Xcode/DerivedData/ModuleCache.noindex -sdk-module-cache-path /Users/rogerlin/Library/Developer/Xcode/DerivedData/ModuleCache.noindex -serialize-diagnostics -emit-dependencies -emit-module -emit-module-path /Users/rogerlin/Library/Developer/Xcode/DerivedData/FinancialCalculatorKit-ackorybalcxbfocbkqsfdzcfkgmn/Build/Intermediates.noindex/swift-math-parser.build/Debug/MathParser.build/Objects-normal/arm64/MathParser.swiftmodule -validate-clang-modules-once -clang-build-session-file /Users/rogerlin/Library/Developer/Xcode/DerivedData/ModuleCache.noindex/Session.modulevalidation -Xcc -I/Users/rogerlin/Library/Developer/Xcode/DerivedData/FinancialCalculatorKit-ackorybalcxbfocbkqsfdzcfkgmn/Build/Intermediates.noindex/swift-math-parser.build/Debug/MathParser.build/swift-overrides.hmap -emit-const-values -Xfrontend -const-gather-protocols-file -Xfrontend /Users/rogerlin/Library/Developer/Xcode/DerivedData/FinancialCalculatorKit-ackorybalcxbfocbkqsfdzcfkgmn/Build/Intermediates.noindex/swift-math-parser.build/Debug/MathParser.build/Objects-normal/arm64/MathParser_const_extract_protocols.json -Xcc -I/Users/rogerlin/Library/Developer/Xcode/DerivedData/FinancialCalculatorKit-ackorybalcxbfocbkqsfdzcfkgmn/Build/Products/Debug/include -Xcc -I/Users/rogerlin/Library/Developer/Xcode/DerivedData/FinancialCalculatorKit-ackorybalcxbfocbkqsfdzcfkgmn/Build/Intermediates.noindex/swift-math-parser.build/Debug/MathParser.build/DerivedSources-normal/arm64 -Xcc -I/Users/rogerlin/Library/Developer/Xcode/DerivedData/FinancialCalculatorKit-ackorybalcxbfocbkqsfdzcfkgmn/Build/Intermediates.noindex/swift-math-parser.build/Debug/MathParser.build/DerivedSources/arm64 -Xcc -I/Users/rogerlin/Library/Developer/Xcode/DerivedData/FinancialCalculatorKit-ackorybalcxbfocbkqsfdzcfkgmn/Build/Intermediates.noindex/swift-math-parser.build/Debug/MathParser.build/DerivedSources -Xcc -DSWIFT_PACKAGE -Xcc -DDEBUG\=1 -emit-objc-header -emit-objc-header-path /Users/rogerlin/Library/Developer/Xcode/DerivedData/FinancialCalculatorKit-ackorybalcxbfocbkqsfdzcfkgmn/Build/Intermediates.noindex/swift-math-parser.build/Debug/MathParser.build/Objects-normal/arm64/MathParser-Swift.h -working-directory /Users/rogerlin/XCode-Projects/FinancialCalculatorKit-5.0-updated-accent-colors/FinancialCalculatorKit.xcodeproj -experimental-emit-module-separately -disable-cmo

    Task input dependencies:
        /Users/rogerlin/Library/Developer/Xcode/DerivedData/FinancialCalculatorKit-ackorybalcxbfocbkqsfdzcfkgmn/SourcePackages/checkouts/swift-math-parser/Sources/MathParser/Dictionary-extension.swift
        /Users/rogerlin/Library/Developer/Xcode/DerivedData/FinancialCalculatorKit-ackorybalcxbfocbkqsfdzcfkgmn/SourcePackages/checkouts/swift-math-parser/Sources/MathParser/Double-extension.swift
        /Users/rogerlin/Library/Developer/Xcode/DerivedData/FinancialCalculatorKit-ackorybalcxbfocbkqsfdzcfkgmn/SourcePackages/checkouts/swift-math-parser/Sources/MathParser/Evaluator.swift
        /Users/rogerlin/Library/Developer/Xcode/DerivedData/FinancialCalculatorKit-ackorybalcxbfocbkqsfdzcfkgmn/SourcePackages/checkouts/swift-math-parser/Sources/MathParser/InfixOperation.swift
        /Users/rogerlin/Library/Developer/Xcode/DerivedData/FinancialCalculatorKit-ackorybalcxbfocbkqsfdzcfkgmn/SourcePackages/checkouts/swift-math-parser/Sources/MathParser/MathParser.swift
        /Users/rogerlin/Library/Developer/Xcode/DerivedData/FinancialCalculatorKit-ackorybalcxbfocbkqsfdzcfkgmn/SourcePackages/checkouts/swift-math-parser/Sources/MathParser/MathParserError.swift
        /Users/rogerlin/Library/Developer/Xcode/DerivedData/FinancialCalculatorKit-ackorybalcxbfocbkqsfdzcfkgmn/SourcePackages/checkouts/swift-math-parser/Sources/MathParser/Token.swift
        /Users/rogerlin/Library/Developer/Xcode/DerivedData/FinancialCalculatorKit-ackorybalcxbfocbkqsfdzcfkgmn/SourcePackages/checkouts/swift-math-parser/Sources/MathParser/Utils.swift
        /Users/rogerlin/Library/Developer/Xcode/DerivedData/FinancialCalculatorKit-ackorybalcxbfocbkqsfdzcfkgmn/Build/Products/Debug/CasePathsMacros
        /Users/rogerlin/Library/Developer/Xcode/DerivedData/FinancialCalculatorKit-ackorybalcxbfocbkqsfdzcfkgmn/Build/Intermediates.noindex/swift-math-parser.build/Debug/MathParser.build/Objects-normal/arm64/MathParser.SwiftFileList
        /Users/rogerlin/Library/Developer/Xcode/DerivedData/FinancialCalculatorKit-ackorybalcxbfocbkqsfdzcfkgmn/Build/Intermediates.noindex/swift-math-parser.build/Debug/MathParser.build/Objects-normal/arm64/MathParser-OutputFileMap.json
        /Users/rogerlin/Library/Developer/Xcode/DerivedData/FinancialCalculatorKit-ackorybalcxbfocbkqsfdzcfkgmn/Build/Intermediates.noindex/swift-math-parser.build/Debug/MathParser.build/Objects-normal/arm64/MathParser_const_extract_protocols.json
        /Users/rogerlin/Library/Developer/Xcode/DerivedData/FinancialCalculatorKit-ackorybalcxbfocbkqsfdzcfkgmn/Build/Intermediates.noindex/GeneratedModuleMaps/MathParser.modulemap
        /Users/rogerlin/Library/Developer/Xcode/DerivedData/FinancialCalculatorKit-ackorybalcxbfocbkqsfdzcfkgmn/SourcePackages/checkouts/swift-math-parser/Sources/MathParser/Dictionary-extension.swift
        /Users/rogerlin/Library/Developer/Xcode/DerivedData/FinancialCalculatorKit-ackorybalcxbfocbkqsfdzcfkgmn/SourcePackages/checkouts/swift-math-parser/Sources/MathParser/Double-extension.swift
        /Users/rogerlin/Library/Developer/Xcode/DerivedData/FinancialCalculatorKit-ackorybalcxbfocbkqsfdzcfkgmn/SourcePackages/checkouts/swift-math-parser/Sources/MathParser/Evaluator.swift
        /Users/rogerlin/Library/Developer/Xcode/DerivedData/FinancialCalculatorKit-ackorybalcxbfocbkqsfdzcfkgmn/SourcePackages/checkouts/swift-math-parser/Sources/MathParser/InfixOperation.swift
        /Users/rogerlin/Library/Developer/Xcode/DerivedData/FinancialCalculatorKit-ackorybalcxbfocbkqsfdzcfkgmn/SourcePackages/checkouts/swift-math-parser/Sources/MathParser/MathParser.swift
        /Users/rogerlin/Library/Developer/Xcode/DerivedData/FinancialCalculatorKit-ackorybalcxbfocbkqsfdzcfkgmn/SourcePackages/checkouts/swift-math-parser/Sources/MathParser/MathParserError.swift
        /Users/rogerlin/Library/Developer/Xcode/DerivedData/FinancialCalculatorKit-ackorybalcxbfocbkqsfdzcfkgmn/SourcePackages/checkouts/swift-math-parser/Sources/MathParser/Token.swift
        /Users/rogerlin/Library/Developer/Xcode/DerivedData/FinancialCalculatorKit-ackorybalcxbfocbkqsfdzcfkgmn/SourcePackages/checkouts/swift-math-parser/Sources/MathParser/Utils.swift
        /Users/rogerlin/Library/Developer/Xcode/DerivedData/FinancialCalculatorKit-ackorybalcxbfocbkqsfdzcfkgmn/Build/Products/Debug/CasePathsMacros
        /Users/rogerlin/Library/Developer/Xcode/DerivedData/FinancialCalculatorKit-ackorybalcxbfocbkqsfdzcfkgmn/Build/Intermediates.noindex/swift-math-parser.build/Debug/MathParser.build/Objects-normal/arm64/MathParser.SwiftFileList
        /Users/rogerlin/Library/Developer/Xcode/DerivedData/FinancialCalculatorKit-ackorybalcxbfocbkqsfdzcfkgmn/Build/Intermediates.noindex/swift-math-parser.build/Debug/MathParser.build/Objects-normal/arm64/MathParser-OutputFileMap.json
        /Users/rogerlin/Library/Developer/Xcode/DerivedData/FinancialCalculatorKit-ackorybalcxbfocbkqsfdzcfkgmn/Build/Intermediates.noindex/swift-math-parser.build/Debug/MathParser.build/Objects-normal/arm64/MathParser_const_extract_protocols.json
        /Users/rogerlin/Library/Developer/Xcode/DerivedData/FinancialCalculatorKit-ackorybalcxbfocbkqsfdzcfkgmn/Build/Intermediates.noindex/GeneratedModuleMaps/MathParser.modulemap
        <ClangStatCache /Users/rogerlin/Library/Developer/Xcode/DerivedData/SDKStatCaches.noindex/macosx26.1-25B74-3ae1261907bdadc328169391a47051a6.sdkstatcache>
        <target-MathParser-PACKAGE-TARGET:MathParser-SDKROOT:macosx:SDK_VARIANT:macos-generated-headers>
        <target-MathParser-PACKAGE-TARGET:MathParser-SDKROOT:macosx:SDK_VARIANT:macos-copy-headers-completion>
        <target-MathParser-PACKAGE-TARGET:MathParser-SDKROOT:macosx:SDK_VARIANT:macos-ModuleVerifierTaskProducer>
        <target-MathParser-PACKAGE-TARGET:MathParser-SDKROOT:macosx:SDK_VARIANT:macos-begin-compiling>
        <WorkspaceHeaderMapVFSFilesWritten>

    Task output dependencies:
        /Users/rogerlin/Library/Developer/Xcode/DerivedData/FinancialCalculatorKit-ackorybalcxbfocbkqsfdzcfkgmn/Build/Intermediates.noindex/swift-math-parser.build/Debug/MathParser.build/Objects-normal/arm64/MathParser Swift Compilation Finished
        /Users/rogerlin/Library/Developer/Xcode/DerivedData/FinancialCalculatorKit-ackorybalcxbfocbkqsfdzcfkgmn/Build/Intermediates.noindex/swift-math-parser.build/Debug/MathParser.build/Objects-normal/arm64/Dictionary-extension.o
        /Users/rogerlin/Library/Developer/Xcode/DerivedData/FinancialCalculatorKit-ackorybalcxbfocbkqsfdzcfkgmn/Build/Intermediates.noindex/swift-math-parser.build/Debug/MathParser.build/Objects-normal/arm64/Double-extension.o
        /Users/rogerlin/Library/Developer/Xcode/DerivedData/FinancialCalculatorKit-ackorybalcxbfocbkqsfdzcfkgmn/Build/Intermediates.noindex/swift-math-parser.build/Debug/MathParser.build/Objects-normal/arm64/Evaluator.o
        /Users/rogerlin/Library/Developer/Xcode/DerivedData/FinancialCalculatorKit-ackorybalcxbfocbkqsfdzcfkgmn/Build/Intermediates.noindex/swift-math-parser.build/Debug/MathParser.build/Objects-normal/arm64/InfixOperation.o
        /Users/rogerlin/Library/Developer/Xcode/DerivedData/FinancialCalculatorKit-ackorybalcxbfocbkqsfdzcfkgmn/Build/Intermediates.noindex/swift-math-parser.build/Debug/MathParser.build/Objects-normal/arm64/MathParser.o
        /Users/rogerlin/Library/Developer/Xcode/DerivedData/FinancialCalculatorKit-ackorybalcxbfocbkqsfdzcfkgmn/Build/Intermediates.noindex/swift-math-parser.build/Debug/MathParser.build/Objects-normal/arm64/MathParserError.o
        /Users/rogerlin/Library/Developer/Xcode/DerivedData/FinancialCalculatorKit-ackorybalcxbfocbkqsfdzcfkgmn/Build/Intermediates.noindex/swift-math-parser.build/Debug/MathParser.build/Objects-normal/arm64/Token.o
        /Users/rogerlin/Library/Developer/Xcode/DerivedData/FinancialCalculatorKit-ackorybalcxbfocbkqsfdzcfkgmn/Build/Intermediates.noindex/swift-math-parser.build/Debug/MathParser.build/Objects-normal/arm64/Utils.o
        /Users/rogerlin/Library/Developer/Xcode/DerivedData/FinancialCalculatorKit-ackorybalcxbfocbkqsfdzcfkgmn/Build/Intermediates.noindex/swift-math-parser.build/Debug/MathParser.build/Objects-normal/arm64/Dictionary-extension.swiftconstvalues
        /Users/rogerlin/Library/Developer/Xcode/DerivedData/FinancialCalculatorKit-ackorybalcxbfocbkqsfdzcfkgmn/Build/Intermediates.noindex/swift-math-parser.build/Debug/MathParser.build/Objects-normal/arm64/Double-extension.swiftconstvalues
        /Users/rogerlin/Library/Developer/Xcode/DerivedData/FinancialCalculatorKit-ackorybalcxbfocbkqsfdzcfkgmn/Build/Intermediates.noindex/swift-math-parser.build/Debug/MathParser.build/Objects-normal/arm64/Evaluator.swiftconstvalues
        /Users/rogerlin/Library/Developer/Xcode/DerivedData/FinancialCalculatorKit-ackorybalcxbfocbkqsfdzcfkgmn/Build/Intermediates.noindex/swift-math-parser.build/Debug/MathParser.build/Objects-normal/arm64/InfixOperation.swiftconstvalues
        /Users/rogerlin/Library/Developer/Xcode/DerivedData/FinancialCalculatorKit-ackorybalcxbfocbkqsfdzcfkgmn/Build/Intermediates.noindex/swift-math-parser.build/Debug/MathParser.build/Objects-normal/arm64/MathParser.swiftconstvalues
        /Users/rogerlin/Library/Developer/Xcode/DerivedData/FinancialCalculatorKit-ackorybalcxbfocbkqsfdzcfkgmn/Build/Intermediates.noindex/swift-math-parser.build/Debug/MathParser.build/Objects-normal/arm64/MathParserError.swiftconstvalues
        /Users/rogerlin/Library/Developer/Xcode/DerivedData/FinancialCalculatorKit-ackorybalcxbfocbkqsfdzcfkgmn/Build/Intermediates.noindex/swift-math-parser.build/Debug/MathParser.build/Objects-normal/arm64/Token.swiftconstvalues
        /Users/rogerlin/Library/Developer/Xcode/DerivedData/FinancialCalculatorKit-ackorybalcxbfocbkqsfdzcfkgmn/Build/Intermediates.noindex/swift-math-parser.build/Debug/MathParser.build/Objects-normal/arm64/Utils.swiftconstvalues
Discovered dependency nodes:
/Applications/Xcode.app/Contents/Developer/Platforms/MacOSX.platform/Developer/SDKs/MacOSX26.1.sdk/System/Library/Frameworks/CFNetwork.framework/Modules/module.modulemap
/Applications/Xcode.app/Contents/Developer/Platforms/MacOSX.platform/Developer/SDKs/MacOSX26.1.sdk/System/Library/Frameworks/CFNetwork.framework/Headers/CFNetwork.h
/Applications/Xcode.app/Contents/Developer/Platforms/MacOSX.platform/Developer/SDKs/MacOSX26.1.sdk/System/Library/Frameworks/CoreFoundation.framework/Modules/module.modulemap
/Applications/Xcode.app/Contents/Developer/Platforms/MacOSX.platform/Developer/SDKs/MacOSX26.1.sdk/System/Library/Frameworks/CFNetwork.framework/Headers/CFNetworkDefs.h
/Applications/Xcode.app/Contents/Developer/Platforms/MacOSX.platform/Developer/SDKs/MacOSX26.1.sdk/usr/include/Darwin.modulemap
/Applications/Xcode.app/Contents/Developer/Platforms/MacOSX.platform/Developer/SDKs/MacOSX26.1.sdk/System/Library/Frameworks/CFNetwork.framework/Headers/CFNetworkErrors.h
/Applications/Xcode.app/Contents/Developer/Platforms/MacOSX.platform/Developer/SDKs/MacOSX26.1.sdk/System/Library/Frameworks/CFNetwork.framework/Headers/CFSocketStream.h
/Applications/Xcode.app/Contents/Developer/Platforms/MacOSX.platform/Developer/SDKs/MacOSX26.1.sdk/System/Library/Frameworks/CFNetwork.framework/Headers/CFHost.h
/Applications/Xcode.app/Contents/Developer/Platforms/MacOSX.platform/Developer/SDKs/MacOSX26.1.sdk/System/Library/Frameworks/CFNetwork.framework/Headers/CFNetServices.h
/Applications/Xcode.app/Contents/Developer/Platforms/MacOSX.platform/Developer/SDKs/MacOSX26.1.sdk/System/Library/Frameworks/CFNetwork.framework/Headers/CFFTPStream.h
/Applications/Xcode.app/Contents/Developer/Platforms/MacOSX.platform/Developer/SDKs/MacOSX26.1.sdk/System/Library/Frameworks/CFNetwork.framework/Headers/CFHTTPMessage.h
/Applications/Xcode.app/Contents/Developer/Platforms/MacOSX.platform/Developer/SDKs/MacOSX26.1.sdk/System/Library/Frameworks/CFNetwork.framework/Headers/CFHTTPStream.h
/Applications/Xcode.app/Contents/Developer/Platforms/MacOSX.platform/Developer/SDKs/MacOSX26.1.sdk/System/Library/Frameworks/CFNetwork.framework/Headers/CFHTTPAuthentication.h
/Applications/Xcode.app/Contents/Developer/Platforms/MacOSX.platform/Developer/SDKs/MacOSX26.1.sdk/System/Library/Frameworks/CFNetwork.framework/Headers/CFNetDiagnostics.h
/Applications/Xcode.app/Contents/Developer/Toolchains/XcodeDefault.xctoolchain/usr/lib/swift/clang/include/module.modulemap
/Applications/Xcode.app/Contents/Developer/Platforms/MacOSX.platform/Developer/SDKs/MacOSX26.1.sdk/System/Library/Frameworks/CFNetwork.framework/Headers/CFProxySupport.h
/Applications/Xcode.app/Contents/Developer/Platforms/MacOSX.platform/Developer/SDKs/MacOSX26.1.sdk/SDKSettings.json
/Users/rogerlin/Library/Developer/Xcode/DerivedData/FinancialCalculatorKit-ackorybalcxbfocbkqsfdzcfkgmn/Build/Products/Debug/CasePaths.swiftmodule/arm64-apple-macos.swiftmodule
/Users/rogerlin/Library/Developer/Xcode/DerivedData/FinancialCalculatorKit-ackorybalcxbfocbkqsfdzcfkgmn/Build/Products/Debug/CasePathsCore.swiftmodule/arm64-apple-macos.swiftmodule
/Applications/Xcode.app/Contents/Developer/Toolchains/XcodeDefault.xctoolchain/usr/lib/swift/macosx/prebuilt-modules/26.1/Combine.swiftmodule/arm64e-apple-macos.swiftmodule
/Applications/Xcode.app/Contents/Developer/Toolchains/XcodeDefault.xctoolchain/usr/lib/swift/macosx/prebuilt-modules/26.1/CoreFoundation.swiftmodule/arm64e-apple-macos.swiftmodule
/Applications/Xcode.app/Contents/Developer/Platforms/MacOSX.platform/Developer/SDKs/MacOSX26.1.sdk/System/Library/Frameworks/CoreFoundation.framework/Modules/module.modulemap
/Applications/Xcode.app/Contents/Developer/Platforms/MacOSX.platform/Developer/SDKs/MacOSX26.1.sdk/System/Library/Frameworks/CoreFoundation.framework/Headers/CoreFoundation.h
/Applications/Xcode.app/Contents/Developer/Platforms/MacOSX.platform/Developer/SDKs/MacOSX26.1.sdk/usr/include/dispatch.modulemap
/Applications/Xcode.app/Contents/Developer/Platforms/MacOSX.platform/Developer/SDKs/MacOSX26.1.sdk/usr/include/Darwin.modulemap
/Applications/Xcode.app/Contents/Developer/Platforms/MacOSX.platform/Developer/SDKs/MacOSX26.1.sdk/usr/include/Darwin_C.modulemap
/Applications/Xcode.app/Contents/Developer/Platforms/MacOSX.platform/Developer/SDKs/MacOSX26.1.sdk/usr/include/Darwin_POSIX.modulemap
/Applications/Xcode.app/Contents/Developer/Platforms/MacOSX.platform/Developer/SDKs/MacOSX26.1.sdk/usr/include/net.modulemap
/Applications/Xcode.app/Contents/Developer/Platforms/MacOSX.platform/Developer/SDKs/MacOSX26.1.sdk/usr/include/netinet.modulemap
/Applications/Xcode.app/Contents/Developer/Platforms/MacOSX.platform/Developer/SDKs/MacOSX26.1.sdk/usr/include/bank.modulemap
/Applications/Xcode.app/Contents/Developer/Platforms/MacOSX.platform/Developer/SDKs/MacOSX26.1.sdk/usr/include/Darwin_Mach.modulemap
/Applications/Xcode.app/Contents/Developer/Platforms/MacOSX.platform/Developer/SDKs/MacOSX26.1.sdk/usr/include/Darwin_Mach_machine.modulemap
/Applications/Xcode.app/Contents/Developer/Platforms/MacOSX.platform/Developer/SDKs/MacOSX26.1.sdk/usr/include/mach_debug.modulemap
/Applications/Xcode.app/Contents/Developer/Platforms/MacOSX.platform/Developer/SDKs/MacOSX26.1.sdk/usr/include/device.modulemap
/Applications/Xcode.app/Contents/Developer/Platforms/MacOSX.platform/Developer/SDKs/MacOSX26.1.sdk/usr/include/Darwin_machine.modulemap
/Applications/Xcode.app/Contents/Developer/Platforms/MacOSX.platform/Developer/SDKs/MacOSX26.1.sdk/usr/include/ncurses.modulemap
/Applications/Xcode.app/Contents/Developer/Platforms/MacOSX.platform/Developer/SDKs/MacOSX26.1.sdk/usr/include/netinet6.modulemap
/Applications/Xcode.app/Contents/Developer/Platforms/MacOSX.platform/Developer/SDKs/MacOSX26.1.sdk/usr/include/Darwin_sys.modulemap
/Applications/Xcode.app/Contents/Developer/Platforms/MacOSX.platform/Developer/SDKs/MacOSX26.1.sdk/usr/include/uuid.modulemap
/Applications/Xcode.app/Contents/Developer/Platforms/MacOSX.platform/Developer/SDKs/MacOSX26.1.sdk/usr/include/DarwinFoundation2.modulemap
/Applications/Xcode.app/Contents/Developer/Platforms/MacOSX.platform/Developer/SDKs/MacOSX26.1.sdk/usr/include/DarwinFoundation3.modulemap
/Applications/Xcode.app/Contents/Developer/Platforms/MacOSX.platform/Developer/SDKs/MacOSX26.1.sdk/usr/include/DarwinFoundation1.modulemap
/Applications/Xcode.app/Contents/Developer/Toolchains/XcodeDefault.xctoolchain/usr/lib/swift/clang/include/module.modulemap
/Applications/Xcode.app/Contents/Developer/Toolchains/XcodeDefault.xctoolchain/usr/lib/swift/clang/include/stdarg.h
/Applications/Xcode.app/Contents/Developer/Platforms/MacOSX.platform/Developer/SDKs/MacOSX26.1.sdk/usr/include/assert.h
/Applications/Xcode.app/Contents/Developer/Platforms/MacOSX.platform/Developer/SDKs/MacOSX26.1.sdk/usr/include/ctype.h
/Applications/Xcode.app/Contents/Developer/Toolchains/XcodeDefault.xctoolchain/usr/lib/swift/clang/include/stddef.h
/Applications/Xcode.app/Contents/Developer/Platforms/MacOSX.platform/Developer/SDKs/MacOSX26.1.sdk/usr/include/stdio.h
/Applications/Xcode.app/Contents/Developer/Platforms/MacOSX.platform/Developer/SDKs/MacOSX26.1.sdk/usr/include/stdlib.h
/Applications/Xcode.app/Contents/Developer/Platforms/MacOSX.platform/Developer/SDKs/MacOSX26.1.sdk/usr/include/string.h
/Applications/Xcode.app/Contents/Developer/Platforms/MacOSX.platform/Developer/SDKs/MacOSX26.1.sdk/usr/include/time.h
/Applications/Xcode.app/Contents/Developer/Platforms/MacOSX.platform/Developer/SDKs/MacOSX26.1.sdk/System/Library/Frameworks/CoreFoundation.framework/Headers/CFBase.h
/Applications/Xcode.app/Contents/Developer/Platforms/MacOSX.platform/Developer/SDKs/MacOSX26.1.sdk/System/Library/Frameworks/CoreFoundation.framework/Headers/CFAvailability.h
/Applications/Xcode.app/Contents/Developer/Platforms/MacOSX.platform/Developer/SDKs/MacOSX26.1.sdk/System/Library/Frameworks/CoreFoundation.framework/Headers/CFArray.h
/Applications/Xcode.app/Contents/Developer/Platforms/MacOSX.platform/Developer/SDKs/MacOSX26.1.sdk/System/Library/Frameworks/CoreFoundation.framework/Headers/CFBag.h
/Applications/Xcode.app/Contents/Developer/Platforms/MacOSX.platform/Developer/SDKs/MacOSX26.1.sdk/System/Library/Frameworks/CoreFoundation.framework/Headers/CFBinaryHeap.h
/Applications/Xcode.app/Contents/Developer/Platforms/MacOSX.platform/Developer/SDKs/MacOSX26.1.sdk/System/Library/Frameworks/CoreFoundation.framework/Headers/CFBitVector.h
/Applications/Xcode.app/Contents/Developer/Platforms/MacOSX.platform/Developer/SDKs/MacOSX26.1.sdk/System/Library/Frameworks/CoreFoundation.framework/Headers/CFByteOrder.h
/Applications/Xcode.app/Contents/Developer/Platforms/MacOSX.platform/Developer/SDKs/MacOSX26.1.sdk/System/Library/Frameworks/CoreFoundation.framework/Headers/CFCalendar.h
/Applications/Xcode.app/Contents/Developer/Platforms/MacOSX.platform/Developer/SDKs/MacOSX26.1.sdk/System/Library/Frameworks/CoreFoundation.framework/Headers/CFLocale.h
/Applications/Xcode.app/Contents/Developer/Platforms/MacOSX.platform/Developer/SDKs/MacOSX26.1.sdk/System/Library/Frameworks/CoreFoundation.framework/Headers/CFDictionary.h
/Applications/Xcode.app/Contents/Developer/Platforms/MacOSX.platform/Developer/SDKs/MacOSX26.1.sdk/System/Library/Frameworks/CoreFoundation.framework/Headers/CFNotificationCenter.h
/Applications/Xcode.app/Contents/Developer/Platforms/MacOSX.platform/Developer/SDKs/MacOSX26.1.sdk/System/Library/Frameworks/CoreFoundation.framework/Headers/CFDate.h
/Applications/Xcode.app/Contents/Developer/Platforms/MacOSX.platform/Developer/SDKs/MacOSX26.1.sdk/System/Library/Frameworks/CoreFoundation.framework/Headers/CFTimeZone.h
/Applications/Xcode.app/Contents/Developer/Platforms/MacOSX.platform/Developer/SDKs/MacOSX26.1.sdk/System/Library/Frameworks/CoreFoundation.framework/Headers/CFData.h
/Applications/Xcode.app/Contents/Developer/Platforms/MacOSX.platform/Developer/SDKs/MacOSX26.1.sdk/System/Library/Frameworks/CoreFoundation.framework/Headers/CFString.h
/Applications/Xcode.app/Contents/Developer/Platforms/MacOSX.platform/Developer/SDKs/MacOSX26.1.sdk/System/Library/Frameworks/CoreFoundation.framework/Headers/CFCharacterSet.h
/Applications/Xcode.app/Contents/Developer/Platforms/MacOSX.platform/Developer/SDKs/MacOSX26.1.sdk/System/Library/Frameworks/CoreFoundation.framework/Headers/CFError.h
/Applications/Xcode.app/Contents/Developer/Platforms/MacOSX.platform/Developer/SDKs/MacOSX26.1.sdk/System/Library/Frameworks/CoreFoundation.framework/Headers/CFCGTypes.h
/Applications/Xcode.app/Contents/Developer/Platforms/MacOSX.platform/Developer/SDKs/MacOSX26.1.sdk/System/Library/Frameworks/CoreFoundation.framework/Headers/CFDateFormatter.h
/Applications/Xcode.app/Contents/Developer/Platforms/MacOSX.platform/Developer/SDKs/MacOSX26.1.sdk/System/Library/Frameworks/CoreFoundation.framework/Headers/CFNumber.h
/Applications/Xcode.app/Contents/Developer/Platforms/MacOSX.platform/Developer/SDKs/MacOSX26.1.sdk/System/Library/Frameworks/CoreFoundation.framework/Headers/CFNumberFormatter.h
/Applications/Xcode.app/Contents/Developer/Platforms/MacOSX.platform/Developer/SDKs/MacOSX26.1.sdk/System/Library/Frameworks/CoreFoundation.framework/Headers/CFPreferences.h
/Applications/Xcode.app/Contents/Developer/Platforms/MacOSX.platform/Developer/SDKs/MacOSX26.1.sdk/System/Library/Frameworks/CoreFoundation.framework/Headers/CFPropertyList.h
/Applications/Xcode.app/Contents/Developer/Platforms/MacOSX.platform/Developer/SDKs/MacOSX26.1.sdk/System/Library/Frameworks/CoreFoundation.framework/Headers/CFStream.h
/Applications/Xcode.app/Contents/Developer/Platforms/MacOSX.platform/Developer/SDKs/MacOSX26.1.sdk/System/Library/Frameworks/CoreFoundation.framework/Headers/CFURL.h
/Applications/Xcode.app/Contents/Developer/Platforms/MacOSX.platform/Developer/SDKs/MacOSX26.1.sdk/System/Library/Frameworks/CoreFoundation.framework/Headers/CFRunLoop.h
/Applications/Xcode.app/Contents/Developer/Platforms/MacOSX.platform/Developer/SDKs/MacOSX26.1.sdk/System/Library/Frameworks/CoreFoundation.framework/Headers/CFSocket.h
/Applications/Xcode.app/Contents/Developer/Platforms/MacOSX.platform/Developer/SDKs/MacOSX26.1.sdk/System/Library/Frameworks/CoreFoundation.framework/Headers/CFSet.h
/Applications/Xcode.app/Contents/Developer/Platforms/MacOSX.platform/Developer/SDKs/MacOSX26.1.sdk/System/Library/Frameworks/CoreFoundation.framework/Headers/CFStringEncodingExt.h
/Applications/Xcode.app/Contents/Developer/Platforms/MacOSX.platform/Developer/SDKs/MacOSX26.1.sdk/System/Library/Frameworks/CoreFoundation.framework/Headers/CFTree.h
/Applications/Xcode.app/Contents/Developer/Platforms/MacOSX.platform/Developer/SDKs/MacOSX26.1.sdk/System/Library/Frameworks/CoreFoundation.framework/Headers/CFURLAccess.h
/Applications/Xcode.app/Contents/Developer/Platforms/MacOSX.platform/Developer/SDKs/MacOSX26.1.sdk/System/Library/Frameworks/CoreFoundation.framework/Headers/CFUUID.h
/Applications/Xcode.app/Contents/Developer/Platforms/MacOSX.platform/Developer/SDKs/MacOSX26.1.sdk/System/Library/Frameworks/CoreFoundation.framework/Headers/CFUtilities.h
/Applications/Xcode.app/Contents/Developer/Platforms/MacOSX.platform/Developer/SDKs/MacOSX26.1.sdk/System/Library/Frameworks/CoreFoundation.framework/Headers/CFBundle.h
/Applications/Xcode.app/Contents/Developer/Platforms/MacOSX.platform/Developer/SDKs/MacOSX26.1.sdk/System/Library/Frameworks/CoreFoundation.framework/Headers/CFMessagePort.h
/Applications/Xcode.app/Contents/Developer/Platforms/MacOSX.platform/Developer/SDKs/MacOSX26.1.sdk/System/Library/Frameworks/CoreFoundation.framework/Headers/CFPlugIn.h
/Applications/Xcode.app/Contents/Developer/Platforms/MacOSX.platform/Developer/SDKs/MacOSX26.1.sdk/System/Library/Frameworks/CoreFoundation.framework/Headers/CFMachPort.h
/Applications/Xcode.app/Contents/Developer/Platforms/MacOSX.platform/Developer/SDKs/MacOSX26.1.sdk/System/Library/Frameworks/CoreFoundation.framework/Headers/CFAttributedString.h
/Applications/Xcode.app/Contents/Developer/Platforms/MacOSX.platform/Developer/SDKs/MacOSX26.1.sdk/System/Library/Frameworks/CoreFoundation.framework/Headers/CFURLEnumerator.h
/Applications/Xcode.app/Contents/Developer/Platforms/MacOSX.platform/Developer/SDKs/MacOSX26.1.sdk/System/Library/Frameworks/CoreFoundation.framework/Headers/CFFileSecurity.h
/Applications/Xcode.app/Contents/Developer/Platforms/MacOSX.platform/Developer/SDKs/MacOSX26.1.sdk/System/Library/Frameworks/CoreFoundation.framework/Headers/CFStringTokenizer.h
/Applications/Xcode.app/Contents/Developer/Platforms/MacOSX.platform/Developer/SDKs/MacOSX26.1.sdk/System/Library/Frameworks/CoreFoundation.framework/Headers/CFFileDescriptor.h
/Applications/Xcode.app/Contents/Developer/Platforms/MacOSX.platform/Developer/SDKs/MacOSX26.1.sdk/System/Library/Frameworks/CoreFoundation.framework/Headers/CFUserNotification.h
/Applications/Xcode.app/Contents/Developer/Platforms/MacOSX.platform/Developer/SDKs/MacOSX26.1.sdk/System/Library/Frameworks/CoreFoundation.framework/Headers/CFXMLNode.h
/Applications/Xcode.app/Contents/Developer/Platforms/MacOSX.platform/Developer/SDKs/MacOSX26.1.sdk/System/Library/Frameworks/CoreFoundation.framework/Headers/CFXMLParser.h
/Applications/Xcode.app/Contents/Developer/Platforms/MacOSX.platform/Developer/SDKs/MacOSX26.1.sdk/System/Library/Frameworks/CoreFoundation.framework/Headers/CFPlugInCOM.h
/Applications/Xcode.app/Contents/Developer/Platforms/MacOSX.platform/Developer/SDKs/MacOSX26.1.sdk/SDKSettings.json
/Applications/Xcode.app/Contents/Developer/Platforms/MacOSX.platform/Developer/SDKs/MacOSX26.1.sdk/System/Library/Frameworks/CoreServices.framework/Modules/module.modulemap
/Applications/Xcode.app/Contents/Developer/Platforms/MacOSX.platform/Developer/SDKs/MacOSX26.1.sdk/System/Library/Frameworks/CoreServices.framework/Headers/CoreServices.h
/Applications/Xcode.app/Contents/Developer/Platforms/MacOSX.platform/Developer/SDKs/MacOSX26.1.sdk/System/Library/Frameworks/CoreFoundation.framework/Modules/module.modulemap
/Applications/Xcode.app/Contents/Developer/Platforms/MacOSX.platform/Developer/SDKs/MacOSX26.1.sdk/System/Library/Frameworks/CoreServices.framework/Frameworks/AE.framework/Headers/AE.h
/Applications/Xcode.app/Contents/Developer/Platforms/MacOSX.platform/Developer/SDKs/MacOSX26.1.sdk/System/Library/Frameworks/CoreServices.framework/Frameworks/CarbonCore.framework/Headers/CarbonCore.h
/Applications/Xcode.app/Contents/Developer/Platforms/MacOSX.platform/Developer/SDKs/MacOSX26.1.sdk/System/Library/Frameworks/CoreServices.framework/Frameworks/CarbonCore.framework/Headers/Finder.h
/Applications/Xcode.app/Contents/Developer/Platforms/MacOSX.platform/Developer/SDKs/MacOSX26.1.sdk/usr/include/dispatch.modulemap
/Applications/Xcode.app/Contents/Developer/Platforms/MacOSX.platform/Developer/SDKs/MacOSX26.1.sdk/usr/include/Darwin.modulemap
/Applications/Xcode.app/Contents/Developer/Platforms/MacOSX.platform/Developer/SDKs/MacOSX26.1.sdk/usr/include/DarwinFoundation2.modulemap
/Applications/Xcode.app/Contents/Developer/Platforms/MacOSX.platform/Developer/SDKs/MacOSX26.1.sdk/usr/include/DarwinFoundation1.modulemap
/Applications/Xcode.app/Contents/Developer/Platforms/MacOSX.platform/Developer/SDKs/MacOSX26.1.sdk/System/Library/Frameworks/CoreServices.framework/Frameworks/CarbonCore.framework/Headers/FixMath.h
/Applications/Xcode.app/Contents/Developer/Platforms/MacOSX.platform/Developer/SDKs/MacOSX26.1.sdk/System/Library/Frameworks/CoreServices.framework/Frameworks/CarbonCore.framework/Headers/Script.h
/Applications/Xcode.app/Contents/Developer/Platforms/MacOSX.platform/Developer/SDKs/MacOSX26.1.sdk/System/Library/Frameworks/CoreServices.framework/Frameworks/CarbonCore.framework/Headers/IntlResources.h
/Applications/Xcode.app/Contents/Developer/Platforms/MacOSX.platform/Developer/SDKs/MacOSX26.1.sdk/System/Library/Frameworks/CoreServices.framework/Frameworks/CarbonCore.framework/Headers/UTCUtils.h
/Applications/Xcode.app/Contents/Developer/Platforms/MacOSX.platform/Developer/SDKs/MacOSX26.1.sdk/System/Library/Frameworks/CoreServices.framework/Frameworks/CarbonCore.framework/Headers/MacErrors.h
/Applications/Xcode.app/Contents/Developer/Platforms/MacOSX.platform/Developer/SDKs/MacOSX26.1.sdk/System/Library/Frameworks/CoreServices.framework/Frameworks/CarbonCore.framework/Headers/TextCommon.h
/Applications/Xcode.app/Contents/Developer/Platforms/MacOSX.platform/Developer/SDKs/MacOSX26.1.sdk/System/Library/Frameworks/CoreServices.framework/Frameworks/CarbonCore.framework/Headers/Collections.h
/Applications/Xcode.app/Contents/Developer/Platforms/MacOSX.platform/Developer/SDKs/MacOSX26.1.sdk/System/Library/Frameworks/CoreServices.framework/Frameworks/CarbonCore.framework/Headers/MixedMode.h
/Applications/Xcode.app/Contents/Developer/Platforms/MacOSX.platform/Developer/SDKs/MacOSX26.1.sdk/System/Library/Frameworks/CoreServices.framework/Frameworks/CarbonCore.framework/Headers/Endian.h
/Applications/Xcode.app/Contents/Developer/Platforms/MacOSX.platform/Developer/SDKs/MacOSX26.1.sdk/System/Library/Frameworks/CoreServices.framework/Frameworks/CarbonCore.framework/Headers/Gestalt.h
/Applications/Xcode.app/Contents/Developer/Platforms/MacOSX.platform/Developer/SDKs/MacOSX26.1.sdk/System/Library/Frameworks/CoreServices.framework/Frameworks/CarbonCore.framework/Headers/MacMemory.h
/Applications/Xcode.app/Contents/Developer/Platforms/MacOSX.platform/Developer/SDKs/MacOSX26.1.sdk/System/Library/Frameworks/CoreServices.framework/Frameworks/CarbonCore.framework/Headers/Math64.h
/Applications/Xcode.app/Contents/Developer/Platforms/MacOSX.platform/Developer/SDKs/MacOSX26.1.sdk/System/Library/Frameworks/CoreServices.framework/Frameworks/CarbonCore.framework/Headers/BackupCore.h
/Applications/Xcode.app/Contents/Developer/Platforms/MacOSX.platform/Developer/SDKs/MacOSX26.1.sdk/System/Library/Frameworks/CoreServices.framework/Frameworks/CarbonCore.framework/Headers/DiskSpaceRecovery.h
/Applications/Xcode.app/Contents/Developer/Platforms/MacOSX.platform/Developer/SDKs/MacOSX26.1.sdk/System/Library/Frameworks/CoreServices.framework/Frameworks/CarbonCore.framework/Headers/Components.h
/Applications/Xcode.app/Contents/Developer/Platforms/MacOSX.platform/Developer/SDKs/MacOSX26.1.sdk/System/Library/Frameworks/CoreServices.framework/Frameworks/CarbonCore.framework/Headers/Files.h
/Applications/Xcode.app/Contents/Developer/Platforms/MacOSX.platform/Developer/SDKs/MacOSX26.1.sdk/System/Library/Frameworks/CoreServices.framework/Frameworks/CarbonCore.framework/Headers/OSUtils.h
/Applications/Xcode.app/Contents/Developer/Platforms/MacOSX.platform/Developer/SDKs/MacOSX26.1.sdk/System/Library/Frameworks/CoreServices.framework/Frameworks/CarbonCore.framework/Headers/DateTimeUtils.h
/Applications/Xcode.app/Contents/Developer/Platforms/MacOSX.platform/Developer/SDKs/MacOSX26.1.sdk/System/Library/Frameworks/DiskArbitration.framework/Modules/module.modulemap
/Applications/Xcode.app/Contents/Developer/Platforms/MacOSX.platform/Developer/SDKs/MacOSX26.1.sdk/System/Library/Frameworks/CoreServices.framework/Frameworks/CarbonCore.framework/Headers/Resources.h
/Applications/Xcode.app/Contents/Developer/Platforms/MacOSX.platform/Developer/SDKs/MacOSX26.1.sdk/System/Library/Frameworks/CoreServices.framework/Frameworks/CarbonCore.framework/Headers/CodeFragments.h
/Applications/Xcode.app/Contents/Developer/Platforms/MacOSX.platform/Developer/SDKs/MacOSX26.1.sdk/System/Library/Frameworks/CoreServices.framework/Frameworks/CarbonCore.framework/Headers/Multiprocessing.h
/Applications/Xcode.app/Contents/Developer/Platforms/MacOSX.platform/Developer/SDKs/MacOSX26.1.sdk/System/Library/Frameworks/CoreServices.framework/Frameworks/CarbonCore.framework/Headers/Aliases.h
/Applications/Xcode.app/Contents/Developer/Platforms/MacOSX.platform/Developer/SDKs/MacOSX26.1.sdk/System/Library/Frameworks/CoreServices.framework/Frameworks/CarbonCore.framework/Headers/MacLocales.h
/Applications/Xcode.app/Contents/Developer/Platforms/MacOSX.platform/Developer/SDKs/MacOSX26.1.sdk/System/Library/Frameworks/CoreServices.framework/Frameworks/CarbonCore.framework/Headers/Debugging.h
/Applications/Xcode.app/Contents/Developer/Platforms/MacOSX.platform/Developer/SDKs/MacOSX26.1.sdk/System/Library/Frameworks/CoreServices.framework/Frameworks/CarbonCore.framework/Headers/PLStringFuncs.h
/Applications/Xcode.app/Contents/Developer/Platforms/MacOSX.platform/Developer/SDKs/MacOSX26.1.sdk/System/Library/Frameworks/CoreServices.framework/Frameworks/CarbonCore.framework/Headers/DriverSynchronization.h
/Applications/Xcode.app/Contents/Developer/Platforms/MacOSX.platform/Developer/SDKs/MacOSX26.1.sdk/System/Library/Frameworks/CoreServices.framework/Frameworks/CarbonCore.framework/Headers/DriverServices.h
/Applications/Xcode.app/Contents/Developer/Platforms/MacOSX.platform/Developer/SDKs/MacOSX26.1.sdk/System/Library/Frameworks/CoreServices.framework/Frameworks/CarbonCore.framework/Headers/MachineExceptions.h
/Applications/Xcode.app/Contents/Developer/Platforms/MacOSX.platform/Developer/SDKs/MacOSX26.1.sdk/System/Library/Frameworks/CoreServices.framework/Frameworks/CarbonCore.framework/Headers/NumberFormatting.h
/Applications/Xcode.app/Contents/Developer/Platforms/MacOSX.platform/Developer/SDKs/MacOSX26.1.sdk/System/Library/Frameworks/CoreServices.framework/Frameworks/CarbonCore.framework/Headers/StringCompare.h
/Applications/Xcode.app/Contents/Developer/Platforms/MacOSX.platform/Developer/SDKs/MacOSX26.1.sdk/System/Library/Frameworks/CoreServices.framework/Frameworks/CarbonCore.framework/Headers/TextUtils.h
/Applications/Xcode.app/Contents/Developer/Platforms/MacOSX.platform/Developer/SDKs/MacOSX26.1.sdk/System/Library/Frameworks/CoreServices.framework/Frameworks/CarbonCore.framework/Headers/ToolUtils.h
/Applications/Xcode.app/Contents/Developer/Platforms/MacOSX.platform/Developer/SDKs/MacOSX26.1.sdk/System/Library/Frameworks/CoreServices.framework/Frameworks/CarbonCore.framework/Headers/UnicodeUtilities.h
/Applications/Xcode.app/Contents/Developer/Platforms/MacOSX.platform/Developer/SDKs/MacOSX26.1.sdk/System/Library/Frameworks/CoreServices.framework/Frameworks/CarbonCore.framework/Headers/fp.h
/Applications/Xcode.app/Contents/Developer/Platforms/MacOSX.platform/Developer/SDKs/MacOSX26.1.sdk/System/Library/Frameworks/CoreServices.framework/Frameworks/CarbonCore.framework/Headers/TextEncodingConverter.h
/Applications/Xcode.app/Contents/Developer/Platforms/MacOSX.platform/Developer/SDKs/MacOSX26.1.sdk/System/Library/Frameworks/CoreServices.framework/Frameworks/CarbonCore.framework/Headers/UnicodeConverter.h
/Applications/Xcode.app/Contents/Developer/Platforms/MacOSX.platform/Developer/SDKs/MacOSX26.1.sdk/System/Library/Frameworks/CoreServices.framework/Frameworks/CarbonCore.framework/Headers/Threads.h
/Applications/Xcode.app/Contents/Developer/Platforms/MacOSX.platform/Developer/SDKs/MacOSX26.1.sdk/System/Library/Frameworks/CoreServices.framework/Frameworks/CarbonCore.framework/Headers/Folders.h
/Applications/Xcode.app/Contents/Developer/Platforms/MacOSX.platform/Developer/SDKs/MacOSX26.1.sdk/System/Library/Frameworks/CoreServices.framework/Frameworks/CarbonCore.framework/Headers/Timer.h
/Applications/Xcode.app/Contents/Developer/Platforms/MacOSX.platform/Developer/SDKs/MacOSX26.1.sdk/System/Library/Frameworks/CoreServices.framework/Frameworks/CarbonCore.framework/Headers/MultiprocessingInfo.h
/Applications/Xcode.app/Contents/Developer/Platforms/MacOSX.platform/Developer/SDKs/MacOSX26.1.sdk/System/Library/Frameworks/CoreServices.framework/Frameworks/CarbonCore.framework/Headers/LowMem.h
/Applications/Xcode.app/Contents/Developer/Platforms/MacOSX.platform/Developer/SDKs/MacOSX26.1.sdk/System/Library/Frameworks/CoreServices.framework/Frameworks/CarbonCore.framework/Headers/AVLTree.h
/Applications/Xcode.app/Contents/Developer/Platforms/MacOSX.platform/Developer/SDKs/MacOSX26.1.sdk/System/Library/Frameworks/CoreServices.framework/Frameworks/CarbonCore.framework/Headers/PEFBinaryFormat.h
/Applications/Xcode.app/Contents/Developer/Platforms/MacOSX.platform/Developer/SDKs/MacOSX26.1.sdk/System/Library/Frameworks/CoreServices.framework/Frameworks/CarbonCore.framework/Headers/HFSVolumes.h
/Applications/Xcode.app/Contents/Developer/Platforms/MacOSX.platform/Developer/SDKs/MacOSX26.1.sdk/System/Library/Frameworks/CoreServices.framework/Frameworks/CarbonCore.framework/Headers/AIFF.h
/Applications/Xcode.app/Contents/Developer/Toolchains/XcodeDefault.xctoolchain/usr/lib/swift/clang/include/module.modulemap
/Applications/Xcode.app/Contents/Developer/Platforms/MacOSX.platform/Developer/SDKs/MacOSX26.1.sdk/System/Library/Frameworks/CoreServices.framework/Frameworks/CarbonCore.framework/Headers/TextEncodingPlugin.h
/Applications/Xcode.app/Contents/Developer/Platforms/MacOSX.platform/Developer/SDKs/MacOSX26.1.sdk/System/Library/Frameworks/CoreServices.framework/Frameworks/AE.framework/Headers/AEDataModel.h
/Applications/Xcode.app/Contents/Developer/Platforms/MacOSX.platform/Developer/SDKs/MacOSX26.1.sdk/System/Library/Frameworks/CoreServices.framework/Frameworks/AE.framework/Headers/AppleEvents.h
/Applications/Xcode.app/Contents/Developer/Platforms/MacOSX.platform/Developer/SDKs/MacOSX26.1.sdk/System/Library/Frameworks/CoreServices.framework/Frameworks/AE.framework/Headers/AEPackObject.h
/Applications/Xcode.app/Contents/Developer/Platforms/MacOSX.platform/Developer/SDKs/MacOSX26.1.sdk/System/Library/Frameworks/CoreServices.framework/Frameworks/AE.framework/Headers/AEObjects.h
/Applications/Xcode.app/Contents/Developer/Platforms/MacOSX.platform/Developer/SDKs/MacOSX26.1.sdk/System/Library/Frameworks/CoreServices.framework/Frameworks/AE.framework/Headers/AERegistry.h
/Applications/Xcode.app/Contents/Developer/Platforms/MacOSX.platform/Developer/SDKs/MacOSX26.1.sdk/System/Library/Frameworks/CoreServices.framework/Frameworks/AE.framework/Headers/AEUserTermTypes.h
/Applications/Xcode.app/Contents/Developer/Platforms/MacOSX.platform/Developer/SDKs/MacOSX26.1.sdk/System/Library/Frameworks/CoreServices.framework/Frameworks/AE.framework/Headers/AEHelpers.h
/Applications/Xcode.app/Contents/Developer/Toolchains/XcodeDefault.xctoolchain/usr/lib/swift/clang/include/stdarg.h
/Applications/Xcode.app/Contents/Developer/Platforms/MacOSX.platform/Developer/SDKs/MacOSX26.1.sdk/System/Library/Frameworks/CoreServices.framework/Frameworks/AE.framework/Headers/AEMach.h
/Applications/Xcode.app/Contents/Developer/Platforms/MacOSX.platform/Developer/SDKs/MacOSX26.1.sdk/System/Library/Frameworks/CFNetwork.framework/Modules/module.modulemap
/Applications/Xcode.app/Contents/Developer/Platforms/MacOSX.platform/Developer/SDKs/MacOSX26.1.sdk/System/Library/Frameworks/CoreServices.framework/Frameworks/DictionaryServices.framework/Headers/DictionaryServices.h
/Applications/Xcode.app/Contents/Developer/Platforms/MacOSX.platform/Developer/SDKs/MacOSX26.1.sdk/System/Library/Frameworks/CoreServices.framework/Frameworks/LaunchServices.framework/Headers/LaunchServices.h
/Applications/Xcode.app/Contents/Developer/Platforms/MacOSX.platform/Developer/SDKs/MacOSX26.1.sdk/System/Library/Frameworks/CoreServices.framework/Frameworks/LaunchServices.framework/Headers/IconsCore.h
/Applications/Xcode.app/Contents/Developer/Platforms/MacOSX.platform/Developer/SDKs/MacOSX26.1.sdk/System/Library/Frameworks/CoreServices.framework/Frameworks/OSServices.framework/Headers/OSServices.h
/Applications/Xcode.app/Contents/Developer/Platforms/MacOSX.platform/Developer/SDKs/MacOSX26.1.sdk/System/Library/Frameworks/CoreServices.framework/Frameworks/OSServices.framework/Headers/CSIdentity.h
/Applications/Xcode.app/Contents/Developer/Platforms/MacOSX.platform/Developer/SDKs/MacOSX26.1.sdk/System/Library/Frameworks/CoreServices.framework/Frameworks/OSServices.framework/Headers/CSIdentityBase.h
/Applications/Xcode.app/Contents/Developer/Platforms/MacOSX.platform/Developer/SDKs/MacOSX26.1.sdk/System/Library/Frameworks/Security.framework/Modules/module.modulemap
/Applications/Xcode.app/Contents/Developer/Platforms/MacOSX.platform/Developer/SDKs/MacOSX26.1.sdk/System/Library/Frameworks/CoreServices.framework/Frameworks/OSServices.framework/Headers/CSIdentityAuthority.h
/Applications/Xcode.app/Contents/Developer/Platforms/MacOSX.platform/Developer/SDKs/MacOSX26.1.sdk/System/Library/Frameworks/CoreServices.framework/Frameworks/OSServices.framework/Headers/CSIdentityQuery.h
/Applications/Xcode.app/Contents/Developer/Platforms/MacOSX.platform/Developer/SDKs/MacOSX26.1.sdk/System/Library/Frameworks/CoreServices.framework/Frameworks/OSServices.framework/Headers/IconStorage.h
/Applications/Xcode.app/Contents/Developer/Platforms/MacOSX.platform/Developer/SDKs/MacOSX26.1.sdk/System/Library/Frameworks/CoreServices.framework/Frameworks/OSServices.framework/Headers/Power.h
/Applications/Xcode.app/Contents/Developer/Platforms/MacOSX.platform/Developer/SDKs/MacOSX26.1.sdk/System/Library/Frameworks/CoreServices.framework/Frameworks/OSServices.framework/Headers/SecurityCore.h
/Applications/Xcode.app/Contents/Developer/Platforms/MacOSX.platform/Developer/SDKs/MacOSX26.1.sdk/System/Library/Frameworks/CoreServices.framework/Frameworks/OSServices.framework/Headers/KeychainCore.h
/Applications/Xcode.app/Contents/Developer/Platforms/MacOSX.platform/Developer/SDKs/MacOSX26.1.sdk/System/Library/Frameworks/CoreServices.framework/Frameworks/OSServices.framework/Headers/WSMethodInvocation.h
/Applications/Xcode.app/Contents/Developer/Platforms/MacOSX.platform/Developer/SDKs/MacOSX26.1.sdk/System/Library/Frameworks/CoreServices.framework/Frameworks/OSServices.framework/Headers/WSTypes.h
/Applications/Xcode.app/Contents/Developer/Platforms/MacOSX.platform/Developer/SDKs/MacOSX26.1.sdk/System/Library/Frameworks/CoreServices.framework/Frameworks/OSServices.framework/Headers/WSProtocolHandler.h
/Applications/Xcode.app/Contents/Developer/Platforms/MacOSX.platform/Developer/SDKs/MacOSX26.1.sdk/System/Library/Frameworks/CoreServices.framework/Frameworks/LaunchServices.framework/Headers/LSConstants.h
/Applications/Xcode.app/Contents/Developer/Platforms/MacOSX.platform/Developer/SDKs/MacOSX26.1.sdk/System/Library/Frameworks/CoreServices.framework/Frameworks/LaunchServices.framework/Headers/LSInfo.h
/Applications/Xcode.app/Contents/Developer/Platforms/MacOSX.platform/Developer/SDKs/MacOSX26.1.sdk/System/Library/Frameworks/CoreServices.framework/Frameworks/LaunchServices.framework/Headers/LSInfoDeprecated.h
/Applications/Xcode.app/Contents/Developer/Platforms/MacOSX.platform/Developer/SDKs/MacOSX26.1.sdk/System/Library/Frameworks/CoreServices.framework/Frameworks/LaunchServices.framework/Headers/LSOpen.h
/Applications/Xcode.app/Contents/Developer/Platforms/MacOSX.platform/Developer/SDKs/MacOSX26.1.sdk/System/Library/Frameworks/CoreServices.framework/Frameworks/LaunchServices.framework/Headers/LSOpenDeprecated.h
/Applications/Xcode.app/Contents/Developer/Platforms/MacOSX.platform/Developer/SDKs/MacOSX26.1.sdk/System/Library/Frameworks/CoreServices.framework/Frameworks/LaunchServices.framework/Headers/LSQuarantine.h
/Applications/Xcode.app/Contents/Developer/Platforms/MacOSX.platform/Developer/SDKs/MacOSX26.1.sdk/System/Library/Frameworks/CoreServices.framework/Frameworks/LaunchServices.framework/Headers/UTCoreTypes.h
/Applications/Xcode.app/Contents/Developer/Platforms/MacOSX.platform/Developer/SDKs/MacOSX26.1.sdk/System/Library/Frameworks/CoreServices.framework/Frameworks/LaunchServices.framework/Headers/UTType.h
/Applications/Xcode.app/Contents/Developer/Platforms/MacOSX.platform/Developer/SDKs/MacOSX26.1.sdk/System/Library/Frameworks/CoreServices.framework/Frameworks/Metadata.framework/Headers/Metadata.h
/Applications/Xcode.app/Contents/Developer/Platforms/MacOSX.platform/Developer/SDKs/MacOSX26.1.sdk/System/Library/Frameworks/CoreServices.framework/Frameworks/Metadata.framework/Headers/MDItem.h
/Applications/Xcode.app/Contents/Developer/Platforms/MacOSX.platform/Developer/SDKs/MacOSX26.1.sdk/System/Library/Frameworks/CoreServices.framework/Frameworks/Metadata.framework/Headers/MDLabel.h
/Applications/Xcode.app/Contents/Developer/Platforms/MacOSX.platform/Developer/SDKs/MacOSX26.1.sdk/System/Library/Frameworks/CoreServices.framework/Frameworks/Metadata.framework/Headers/MDQuery.h
/Applications/Xcode.app/Contents/Developer/Platforms/MacOSX.platform/Developer/SDKs/MacOSX26.1.sdk/System/Library/Frameworks/CoreServices.framework/Frameworks/Metadata.framework/Headers/MDSchema.h
/Applications/Xcode.app/Contents/Developer/Platforms/MacOSX.platform/Developer/SDKs/MacOSX26.1.sdk/System/Library/Frameworks/CoreServices.framework/Frameworks/Metadata.framework/Headers/MDImporter.h
/Applications/Xcode.app/Contents/Developer/Platforms/MacOSX.platform/Developer/SDKs/MacOSX26.1.sdk/System/Library/Frameworks/CoreServices.framework/Frameworks/SearchKit.framework/Headers/SearchKit.h
/Applications/Xcode.app/Contents/Developer/Platforms/MacOSX.platform/Developer/SDKs/MacOSX26.1.sdk/System/Library/Frameworks/CoreServices.framework/Frameworks/SearchKit.framework/Headers/SKDocument.h
/Applications/Xcode.app/Contents/Developer/Platforms/MacOSX.platform/Developer/SDKs/MacOSX26.1.sdk/System/Library/Frameworks/CoreServices.framework/Frameworks/SearchKit.framework/Headers/SKAnalysis.h
/Applications/Xcode.app/Contents/Developer/Platforms/MacOSX.platform/Developer/SDKs/MacOSX26.1.sdk/System/Library/Frameworks/CoreServices.framework/Frameworks/SearchKit.framework/Headers/SKIndex.h
/Applications/Xcode.app/Contents/Developer/Platforms/MacOSX.platform/Developer/SDKs/MacOSX26.1.sdk/System/Library/Frameworks/CoreServices.framework/Frameworks/SearchKit.framework/Headers/SKSearch.h
/Applications/Xcode.app/Contents/Developer/Platforms/MacOSX.platform/Developer/SDKs/MacOSX26.1.sdk/System/Library/Frameworks/CoreServices.framework/Frameworks/SearchKit.framework/Headers/SKSummary.h
/Applications/Xcode.app/Contents/Developer/Platforms/MacOSX.platform/Developer/SDKs/MacOSX26.1.sdk/System/Library/Frameworks/CoreServices.framework/Frameworks/FSEvents.framework/Headers/FSEvents.h
/Applications/Xcode.app/Contents/Developer/Platforms/MacOSX.platform/Developer/SDKs/MacOSX26.1.sdk/System/Library/Frameworks/CoreServices.framework/Frameworks/SharedFileList.framework/Headers/SharedFileList.h
/Applications/Xcode.app/Contents/Developer/Platforms/MacOSX.platform/Developer/SDKs/MacOSX26.1.sdk/System/Library/Frameworks/CoreServices.framework/Frameworks/SharedFileList.framework/Headers/LSSharedFileList.h
/Applications/Xcode.app/Contents/Developer/Platforms/MacOSX.platform/Developer/SDKs/MacOSX26.1.sdk/SDKSettings.json
/Applications/Xcode.app/Contents/Developer/Toolchains/XcodeDefault.xctoolchain/usr/lib/swift/macosx/prebuilt-modules/26.1/Darwin.swiftmodule/arm64e-apple-macos.swiftmodule
/Applications/Xcode.app/Contents/Developer/Platforms/MacOSX.platform/Developer/SDKs/MacOSX26.1.sdk/usr/include/Darwin.modulemap
/Applications/Xcode.app/Contents/Developer/Platforms/MacOSX.platform/Developer/SDKs/MacOSX26.1.sdk/usr/include/Darwin_C.modulemap
/Applications/Xcode.app/Contents/Developer/Platforms/MacOSX.platform/Developer/SDKs/MacOSX26.1.sdk/usr/include/Darwin_POSIX.modulemap
/Applications/Xcode.app/Contents/Developer/Platforms/MacOSX.platform/Developer/SDKs/MacOSX26.1.sdk/usr/include/net.modulemap
/Applications/Xcode.app/Contents/Developer/Platforms/MacOSX.platform/Developer/SDKs/MacOSX26.1.sdk/usr/include/netinet.modulemap
/Applications/Xcode.app/Contents/Developer/Platforms/MacOSX.platform/Developer/SDKs/MacOSX26.1.sdk/usr/include/bank.modulemap
/Applications/Xcode.app/Contents/Developer/Platforms/MacOSX.platform/Developer/SDKs/MacOSX26.1.sdk/usr/include/Darwin_Mach.modulemap
/Applications/Xcode.app/Contents/Developer/Platforms/MacOSX.platform/Developer/SDKs/MacOSX26.1.sdk/usr/include/Darwin_Mach_machine.modulemap
/Applications/Xcode.app/Contents/Developer/Platforms/MacOSX.platform/Developer/SDKs/MacOSX26.1.sdk/usr/include/mach_debug.modulemap
/Applications/Xcode.app/Contents/Developer/Platforms/MacOSX.platform/Developer/SDKs/MacOSX26.1.sdk/usr/include/device.modulemap
/Applications/Xcode.app/Contents/Developer/Platforms/MacOSX.platform/Developer/SDKs/MacOSX26.1.sdk/usr/include/Darwin_machine.modulemap
/Applications/Xcode.app/Contents/Developer/Platforms/MacOSX.platform/Developer/SDKs/MacOSX26.1.sdk/usr/include/ncurses.modulemap
/Applications/Xcode.app/Contents/Developer/Platforms/MacOSX.platform/Developer/SDKs/MacOSX26.1.sdk/usr/include/netinet6.modulemap
/Applications/Xcode.app/Contents/Developer/Platforms/MacOSX.platform/Developer/SDKs/MacOSX26.1.sdk/usr/include/Darwin_sys.modulemap
/Applications/Xcode.app/Contents/Developer/Platforms/MacOSX.platform/Developer/SDKs/MacOSX26.1.sdk/usr/include/uuid.modulemap
/Applications/Xcode.app/Contents/Developer/Platforms/MacOSX.platform/Developer/SDKs/MacOSX26.1.sdk/usr/include/DarwinFoundation2.modulemap
/Applications/Xcode.app/Contents/Developer/Platforms/MacOSX.platform/Developer/SDKs/MacOSX26.1.sdk/usr/include/DarwinFoundation3.modulemap
/Applications/Xcode.app/Contents/Developer/Platforms/MacOSX.platform/Developer/SDKs/MacOSX26.1.sdk/usr/include/DarwinFoundation1.modulemap
/Applications/Xcode.app/Contents/Developer/Platforms/MacOSX.platform/Developer/SDKs/MacOSX26.1.sdk/usr/include/copyfile.h
/Applications/Xcode.app/Contents/Developer/Toolchains/XcodeDefault.xctoolchain/usr/lib/swift/clang/include/module.modulemap
/Applications/Xcode.app/Contents/Developer/Platforms/MacOSX.platform/Developer/SDKs/MacOSX26.1.sdk/usr/include/err.h
/Applications/Xcode.app/Contents/Developer/Platforms/MacOSX.platform/Developer/SDKs/MacOSX26.1.sdk/usr/include/readpassphrase.h
/Applications/Xcode.app/Contents/Developer/Platforms/MacOSX.platform/Developer/SDKs/MacOSX26.1.sdk/usr/include/util.h
/Applications/Xcode.app/Contents/Developer/Platforms/MacOSX.platform/Developer/SDKs/MacOSX26.1.sdk/usr/include/sys/ttycom.h
/Applications/Xcode.app/Contents/Developer/Platforms/MacOSX.platform/Developer/SDKs/MacOSX26.1.sdk/usr/include/sys/ioccom.h
/Applications/Xcode.app/Contents/Developer/Platforms/MacOSX.platform/Developer/SDKs/MacOSX26.1.sdk/usr/include/stdio.h
/Applications/Xcode.app/Contents/Developer/Platforms/MacOSX.platform/Developer/SDKs/MacOSX26.1.sdk/usr/include/pwd.h
/Applications/Xcode.app/Contents/Developer/Platforms/MacOSX.platform/Developer/SDKs/MacOSX26.1.sdk/usr/include/uuid/uuid.h
/Applications/Xcode.app/Contents/Developer/Platforms/MacOSX.platform/Developer/SDKs/MacOSX26.1.sdk/usr/include/termios.h
/Applications/Xcode.app/Contents/Developer/Platforms/MacOSX.platform/Developer/SDKs/MacOSX26.1.sdk/usr/include/sys/termios.h
/Applications/Xcode.app/Contents/Developer/Platforms/MacOSX.platform/Developer/SDKs/MacOSX26.1.sdk/usr/include/sys/ttydefaults.h
/Applications/Xcode.app/Contents/Developer/Platforms/MacOSX.platform/Developer/SDKs/MacOSX26.1.sdk/usr/include/utmp.h
/Applications/Xcode.app/Contents/Developer/Platforms/MacOSX.platform/Developer/SDKs/MacOSX26.1.sdk/usr/include/xattr_flags.h
/Applications/Xcode.app/Contents/Developer/Platforms/MacOSX.platform/Developer/SDKs/MacOSX26.1.sdk/usr/include/_modules/_darwin_c_ctype.h
/Applications/Xcode.app/Contents/Developer/Platforms/MacOSX.platform/Developer/SDKs/MacOSX26.1.sdk/usr/include/ctype.h
/Applications/Xcode.app/Contents/Developer/Platforms/MacOSX.platform/Developer/SDKs/MacOSX26.1.sdk/usr/include/_modules/_darwin_c_errno.h
/Applications/Xcode.app/Contents/Developer/Platforms/MacOSX.platform/Developer/SDKs/MacOSX26.1.sdk/usr/include/_modules/_darwin_c_inttypes.h
/Applications/Xcode.app/Contents/Developer/Platforms/MacOSX.platform/Developer/SDKs/MacOSX26.1.sdk/usr/include/_modules/_darwin_c_limits.h
/Applications/Xcode.app/Contents/Developer/Platforms/MacOSX.platform/Developer/SDKs/MacOSX26.1.sdk/usr/include/_modules/_darwin_c_signal.h
/Applications/Xcode.app/Contents/Developer/Platforms/MacOSX.platform/Developer/SDKs/MacOSX26.1.sdk/usr/include/_modules/_darwin_c_stdarg.h
/Applications/Xcode.app/Contents/Developer/Toolchains/XcodeDefault.xctoolchain/usr/lib/swift/clang/include/stdarg.h
/Applications/Xcode.app/Contents/Developer/Platforms/MacOSX.platform/Developer/SDKs/MacOSX26.1.sdk/usr/include/_modules/_darwin_c_stdbool.h
/Applications/Xcode.app/Contents/Developer/Platforms/MacOSX.platform/Developer/SDKs/MacOSX26.1.sdk/usr/include/_modules/_darwin_c_stddef.h
/Applications/Xcode.app/Contents/Developer/Toolchains/XcodeDefault.xctoolchain/usr/lib/swift/clang/include/stddef.h
/Applications/Xcode.app/Contents/Developer/Platforms/MacOSX.platform/Developer/SDKs/MacOSX26.1.sdk/usr/include/_modules/_darwin_c_stdint.h
/Applications/Xcode.app/Contents/Developer/Platforms/MacOSX.platform/Developer/SDKs/MacOSX26.1.sdk/usr/include/_modules/_darwin_c_stdio.h
/Applications/Xcode.app/Contents/Developer/Platforms/MacOSX.platform/Developer/SDKs/MacOSX26.1.sdk/usr/include/_modules/_darwin_c_stdlib.h
/Applications/Xcode.app/Contents/Developer/Platforms/MacOSX.platform/Developer/SDKs/MacOSX26.1.sdk/usr/include/stdlib.h
/Applications/Xcode.app/Contents/Developer/Platforms/MacOSX.platform/Developer/SDKs/MacOSX26.1.sdk/usr/include/_modules/_darwin_c_string.h
/Applications/Xcode.app/Contents/Developer/Platforms/MacOSX.platform/Developer/SDKs/MacOSX26.1.sdk/usr/include/string.h
/Applications/Xcode.app/Contents/Developer/Platforms/MacOSX.platform/Developer/SDKs/MacOSX26.1.sdk/usr/include/_modules/_darwin_c_time.h
/Applications/Xcode.app/Contents/Developer/Platforms/MacOSX.platform/Developer/SDKs/MacOSX26.1.sdk/usr/include/time.h
/Applications/Xcode.app/Contents/Developer/Platforms/MacOSX.platform/Developer/SDKs/MacOSX26.1.sdk/usr/include/_modules/_darwin_c_wchar.h
/Applications/Xcode.app/Contents/Developer/Platforms/MacOSX.platform/Developer/SDKs/MacOSX26.1.sdk/usr/include/wchar.h
/Applications/Xcode.app/Contents/Developer/Platforms/MacOSX.platform/Developer/SDKs/MacOSX26.1.sdk/usr/include/aio.h
/Applications/Xcode.app/Contents/Developer/Platforms/MacOSX.platform/Developer/SDKs/MacOSX26.1.sdk/usr/include/sys/aio.h
/Applications/Xcode.app/Contents/Developer/Platforms/MacOSX.platform/Developer/SDKs/MacOSX26.1.sdk/usr/include/sys/_types/_o_sync.h
/Applications/Xcode.app/Contents/Developer/Platforms/MacOSX.platform/Developer/SDKs/MacOSX26.1.sdk/usr/include/sys/_types/_o_dsync.h
/Applications/Xcode.app/Contents/Developer/Platforms/MacOSX.platform/Developer/SDKs/MacOSX26.1.sdk/usr/include/arpa/inet.h
/Applications/Xcode.app/Contents/Developer/Platforms/MacOSX.platform/Developer/SDKs/MacOSX26.1.sdk/usr/include/netinet/in.h
/Applications/Xcode.app/Contents/Developer/Platforms/MacOSX.platform/Developer/SDKs/MacOSX26.1.sdk/usr/include/sys/socket.h
/Applications/Xcode.app/Contents/Developer/Platforms/MacOSX.platform/Developer/SDKs/MacOSX26.1.sdk/usr/include/sys/constrained_ctypes.h
/Applications/Xcode.app/Contents/Developer/Platforms/MacOSX.platform/Developer/SDKs/MacOSX26.1.sdk/usr/include/machine/_param.h
/Applications/Xcode.app/Contents/Developer/Platforms/MacOSX.platform/Developer/SDKs/MacOSX26.1.sdk/usr/include/arm/_param.h
/Applications/Xcode.app/Contents/Developer/Platforms/MacOSX.platform/Developer/SDKs/MacOSX26.1.sdk/usr/include/net/net_kev.h
/Applications/Xcode.app/Contents/Developer/Platforms/MacOSX.platform/Developer/SDKs/MacOSX26.1.sdk/usr/include/sys/_types/_sa_family_t.h
/Applications/Xcode.app/Contents/Developer/Platforms/MacOSX.platform/Developer/SDKs/MacOSX26.1.sdk/usr/include/sys/_types/_socklen_t.h
/Applications/Xcode.app/Contents/Developer/Platforms/MacOSX.platform/Developer/SDKs/MacOSX26.1.sdk/usr/include/sys/_types/_iovec_t.h
/Applications/Xcode.app/Contents/Developer/Platforms/MacOSX.platform/Developer/SDKs/MacOSX26.1.sdk/usr/include/netinet6/in6.h
/Applications/Xcode.app/Contents/Developer/Platforms/MacOSX.platform/Developer/SDKs/MacOSX26.1.sdk/usr/include/cpio.h
/Applications/Xcode.app/Contents/Developer/Platforms/MacOSX.platform/Developer/SDKs/MacOSX26.1.sdk/usr/include/dirent.h
/Applications/Xcode.app/Contents/Developer/Platforms/MacOSX.platform/Developer/SDKs/MacOSX26.1.sdk/usr/include/sys/dirent.h
/Applications/Xcode.app/Contents/Developer/Platforms/MacOSX.platform/Developer/SDKs/MacOSX26.1.sdk/usr/include/sys/dir.h
/Applications/Xcode.app/Contents/Developer/Platforms/MacOSX.platform/Developer/SDKs/MacOSX26.1.sdk/usr/include/dlfcn.h
/Applications/Xcode.app/Contents/Developer/Platforms/MacOSX.platform/Developer/SDKs/MacOSX26.1.sdk/usr/include/fcntl.h
/Applications/Xcode.app/Contents/Developer/Platforms/MacOSX.platform/Developer/SDKs/MacOSX26.1.sdk/usr/include/sys/fcntl.h
/Applications/Xcode.app/Contents/Developer/Platforms/MacOSX.platform/Developer/SDKs/MacOSX26.1.sdk/usr/include/sys/_types/_s_ifmt.h
/Applications/Xcode.app/Contents/Developer/Platforms/MacOSX.platform/Developer/SDKs/MacOSX26.1.sdk/usr/include/sys/_types/_filesec_t.h
/Applications/Xcode.app/Contents/Developer/Platforms/MacOSX.platform/Developer/SDKs/MacOSX26.1.sdk/usr/include/fmtmsg.h
/Applications/Xcode.app/Contents/Developer/Platforms/MacOSX.platform/Developer/SDKs/MacOSX26.1.sdk/usr/include/fnmatch.h
/Applications/Xcode.app/Contents/Developer/Platforms/MacOSX.platform/Developer/SDKs/MacOSX26.1.sdk/usr/include/ftw.h
/Applications/Xcode.app/Contents/Developer/Platforms/MacOSX.platform/Developer/SDKs/MacOSX26.1.sdk/usr/include/sys/stat.h
/Applications/Xcode.app/Contents/Developer/Platforms/MacOSX.platform/Developer/SDKs/MacOSX26.1.sdk/usr/include/glob.h
/Applications/Xcode.app/Contents/Developer/Platforms/MacOSX.platform/Developer/SDKs/MacOSX26.1.sdk/usr/include/grp.h
/Applications/Xcode.app/Contents/Developer/Platforms/MacOSX.platform/Developer/SDKs/MacOSX26.1.sdk/usr/include/iconv.h
/Applications/Xcode.app/Contents/Developer/Platforms/MacOSX.platform/Developer/SDKs/MacOSX26.1.sdk/usr/include/ifaddrs.h
/Applications/Xcode.app/Contents/Developer/Platforms/MacOSX.platform/Developer/SDKs/MacOSX26.1.sdk/usr/include/sys/ioctl.h
/Applications/Xcode.app/Contents/Developer/Platforms/MacOSX.platform/Developer/SDKs/MacOSX26.1.sdk/usr/include/sys/filio.h
/Applications/Xcode.app/Contents/Developer/Platforms/MacOSX.platform/Developer/SDKs/MacOSX26.1.sdk/usr/include/sys/sockio.h
/Applications/Xcode.app/Contents/Developer/Platforms/MacOSX.platform/Developer/SDKs/MacOSX26.1.sdk/usr/include/net/if.h
/Applications/Xcode.app/Contents/Developer/Platforms/MacOSX.platform/Developer/SDKs/MacOSX26.1.sdk/usr/include/net/if_var.h
/Applications/Xcode.app/Contents/Developer/Platforms/MacOSX.platform/Developer/SDKs/MacOSX26.1.sdk/usr/include/sys/time.h
/Applications/Xcode.app/Contents/Developer/Platforms/MacOSX.platform/Developer/SDKs/MacOSX26.1.sdk/usr/include/sys/_types/_timeval64.h
/Applications/Xcode.app/Contents/Developer/Platforms/MacOSX.platform/Developer/SDKs/MacOSX26.1.sdk/usr/include/sys/_types/_timeval32.h
/Applications/Xcode.app/Contents/Developer/Platforms/MacOSX.platform/Developer/SDKs/MacOSX26.1.sdk/usr/include/_langinfo.h
/Applications/Xcode.app/Contents/Developer/Platforms/MacOSX.platform/Developer/SDKs/MacOSX26.1.sdk/usr/include/xlocale/_langinfo.h
/Applications/Xcode.app/Contents/Developer/Platforms/MacOSX.platform/Developer/SDKs/MacOSX26.1.sdk/usr/include/libgen.h
/Applications/Xcode.app/Contents/Developer/Platforms/MacOSX.platform/Developer/SDKs/MacOSX26.1.sdk/usr/include/_monetary.h
/Applications/Xcode.app/Contents/Developer/Platforms/MacOSX.platform/Developer/SDKs/MacOSX26.1.sdk/usr/include/xlocale/_monetary.h
/Applications/Xcode.app/Contents/Developer/Platforms/MacOSX.platform/Developer/SDKs/MacOSX26.1.sdk/usr/include/ndbm.h
/Applications/Xcode.app/Contents/Developer/Platforms/MacOSX.platform/Developer/SDKs/MacOSX26.1.sdk/usr/include/netdb.h
/Applications/Xcode.app/Contents/Developer/Platforms/MacOSX.platform/Developer/SDKs/MacOSX26.1.sdk/usr/include/net/if_dl.h
/Applications/Xcode.app/Contents/Developer/Platforms/MacOSX.platform/Developer/SDKs/MacOSX26.1.sdk/usr/include/net/if_types.h
/Applications/Xcode.app/Contents/Developer/Platforms/MacOSX.platform/Developer/SDKs/MacOSX26.1.sdk/usr/include/netinet/tcp.h
/Applications/Xcode.app/Contents/Developer/Platforms/MacOSX.platform/Developer/SDKs/MacOSX26.1.sdk/usr/include/poll.h
/Applications/Xcode.app/Contents/Developer/Platforms/MacOSX.platform/Developer/SDKs/MacOSX26.1.sdk/usr/include/sys/poll.h
/Applications/Xcode.app/Contents/Developer/Platforms/MacOSX.platform/Developer/SDKs/MacOSX26.1.sdk/usr/include/pthread/spawn.h
/Applications/Xcode.app/Contents/Developer/Platforms/MacOSX.platform/Developer/SDKs/MacOSX26.1.sdk/usr/include/spawn.h
/Applications/Xcode.app/Contents/Developer/Platforms/MacOSX.platform/Developer/SDKs/MacOSX26.1.sdk/usr/include/sys/spawn.h
/Applications/Xcode.app/Contents/Developer/Platforms/MacOSX.platform/Developer/SDKs/MacOSX26.1.sdk/usr/include/mach/exception_types.h
/Applications/Xcode.app/Contents/Developer/Platforms/MacOSX.platform/Developer/SDKs/MacOSX26.1.sdk/usr/include/mach/machine/exception.h
/Applications/Xcode.app/Contents/Developer/Platforms/MacOSX.platform/Developer/SDKs/MacOSX26.1.sdk/usr/include/mach/arm/exception.h
/Applications/Xcode.app/Contents/Developer/Platforms/MacOSX.platform/Developer/SDKs/MacOSX26.1.sdk/usr/include/mach/port.h
/Applications/Xcode.app/Contents/Developer/Platforms/MacOSX.platform/Developer/SDKs/MacOSX26.1.sdk/usr/include/mach/boolean.h
/Applications/Xcode.app/Contents/Developer/Platforms/MacOSX.platform/Developer/SDKs/MacOSX26.1.sdk/usr/include/mach/machine/boolean.h
/Applications/Xcode.app/Contents/Developer/Platforms/MacOSX.platform/Developer/SDKs/MacOSX26.1.sdk/usr/include/mach/arm/boolean.h
/Applications/Xcode.app/Contents/Developer/Platforms/MacOSX.platform/Developer/SDKs/MacOSX26.1.sdk/usr/include/mach/machine/vm_types.h
/Applications/Xcode.app/Contents/Developer/Platforms/MacOSX.platform/Developer/SDKs/MacOSX26.1.sdk/usr/include/mach/arm/vm_types.h
/Applications/Xcode.app/Contents/Developer/Platforms/MacOSX.platform/Developer/SDKs/MacOSX26.1.sdk/usr/include/mach/thread_status.h
/Applications/Xcode.app/Contents/Developer/Platforms/MacOSX.platform/Developer/SDKs/MacOSX26.1.sdk/usr/include/mach/machine/thread_status.h
/Applications/Xcode.app/Contents/Developer/Platforms/MacOSX.platform/Developer/SDKs/MacOSX26.1.sdk/usr/include/mach/arm/thread_status.h
/Applications/Xcode.app/Contents/Developer/Platforms/MacOSX.platform/Developer/SDKs/MacOSX26.1.sdk/usr/include/mach/machine/thread_state.h
/Applications/Xcode.app/Contents/Developer/Platforms/MacOSX.platform/Developer/SDKs/MacOSX26.1.sdk/usr/include/mach/arm/thread_state.h
/Applications/Xcode.app/Contents/Developer/Platforms/MacOSX.platform/Developer/SDKs/MacOSX26.1.sdk/usr/include/mach/message.h
/Applications/Xcode.app/Contents/Developer/Platforms/MacOSX.platform/Developer/SDKs/MacOSX26.1.sdk/usr/include/mach/kern_return.h
/Applications/Xcode.app/Contents/Developer/Platforms/MacOSX.platform/Developer/SDKs/MacOSX26.1.sdk/usr/include/mach/machine/kern_return.h
/Applications/Xcode.app/Contents/Developer/Platforms/MacOSX.platform/Developer/SDKs/MacOSX26.1.sdk/usr/include/mach/arm/kern_return.h
/Applications/Xcode.app/Contents/Developer/Platforms/MacOSX.platform/Developer/SDKs/MacOSX26.1.sdk/usr/include/mach/vm_types.h
/Applications/Xcode.app/Contents/Developer/Platforms/MacOSX.platform/Developer/SDKs/MacOSX26.1.sdk/usr/include/mach_debug/ipc_info.h
/Applications/Xcode.app/Contents/Developer/Platforms/MacOSX.platform/Developer/SDKs/MacOSX26.1.sdk/usr/include/mach/machine.h
/Applications/Xcode.app/Contents/Developer/Platforms/MacOSX.platform/Developer/SDKs/MacOSX26.1.sdk/usr/include/pthread/pthread_spis.h
/Applications/Xcode.app/Contents/Developer/Platforms/MacOSX.platform/Developer/SDKs/MacOSX26.1.sdk/usr/include/_modules/_darwin_posix_pthread_pthread.h
/Applications/Xcode.app/Contents/Developer/Platforms/MacOSX.platform/Developer/SDKs/MacOSX26.1.sdk/usr/include/_regex.h
/Applications/Xcode.app/Contents/Developer/Platforms/MacOSX.platform/Developer/SDKs/MacOSX26.1.sdk/usr/include/xlocale/_regex.h
/Applications/Xcode.app/Contents/Developer/Platforms/MacOSX.platform/Developer/SDKs/MacOSX26.1.sdk/usr/include/search.h
/Applications/Xcode.app/Contents/Developer/Platforms/MacOSX.platform/Developer/SDKs/MacOSX26.1.sdk/usr/include/semaphore.h
/Applications/Xcode.app/Contents/Developer/Platforms/MacOSX.platform/Developer/SDKs/MacOSX26.1.sdk/usr/include/sys/semaphore.h
/Applications/Xcode.app/Contents/Developer/Platforms/MacOSX.platform/Developer/SDKs/MacOSX26.1.sdk/usr/include/sys/posix_sem.h
/Applications/Xcode.app/Contents/Developer/Platforms/MacOSX.platform/Developer/SDKs/MacOSX26.1.sdk/usr/include/sys/proc.h
/Applications/Xcode.app/Contents/Developer/Platforms/MacOSX.platform/Developer/SDKs/MacOSX26.1.sdk/usr/include/sys/queue.h
/Applications/Xcode.app/Contents/Developer/Platforms/MacOSX.platform/Developer/SDKs/MacOSX26.1.sdk/usr/include/sys/lock.h
/Applications/Xcode.app/Contents/Developer/Platforms/MacOSX.platform/Developer/SDKs/MacOSX26.1.sdk/usr/include/sys/param.h
/Applications/Xcode.app/Contents/Developer/Platforms/MacOSX.platform/Developer/SDKs/MacOSX26.1.sdk/usr/include/machine/param.h
/Applications/Xcode.app/Contents/Developer/Platforms/MacOSX.platform/Developer/SDKs/MacOSX26.1.sdk/usr/include/arm/param.h
/Applications/Xcode.app/Contents/Developer/Platforms/MacOSX.platform/Developer/SDKs/MacOSX26.1.sdk/usr/include/sys/event.h
/Applications/Xcode.app/Contents/Developer/Platforms/MacOSX.platform/Developer/SDKs/MacOSX26.1.sdk/usr/include/strings.h
/Applications/Xcode.app/Contents/Developer/Platforms/MacOSX.platform/Developer/SDKs/MacOSX26.1.sdk/usr/include/sys/ipc.h
/Applications/Xcode.app/Contents/Developer/Platforms/MacOSX.platform/Developer/SDKs/MacOSX26.1.sdk/usr/include/sys/mman.h
/Applications/Xcode.app/Contents/Developer/Platforms/MacOSX.platform/Developer/SDKs/MacOSX26.1.sdk/usr/include/sys/msg.h
/Applications/Xcode.app/Contents/Developer/Platforms/MacOSX.platform/Developer/SDKs/MacOSX26.1.sdk/usr/include/sys/sem.h
/Applications/Xcode.app/Contents/Developer/Platforms/MacOSX.platform/Developer/SDKs/MacOSX26.1.sdk/usr/include/sys/shm.h
/Applications/Xcode.app/Contents/Developer/Platforms/MacOSX.platform/Developer/SDKs/MacOSX26.1.sdk/usr/include/sys/posix_shm.h
/Applications/Xcode.app/Contents/Developer/Platforms/MacOSX.platform/Developer/SDKs/MacOSX26.1.sdk/usr/include/sys/statvfs.h
/Applications/Xcode.app/Contents/Developer/Platforms/MacOSX.platform/Developer/SDKs/MacOSX26.1.sdk/usr/include/sys/times.h
/Applications/Xcode.app/Contents/Developer/Platforms/MacOSX.platform/Developer/SDKs/MacOSX26.1.sdk/usr/include/sys/_types/_fsid_t.h
/Applications/Xcode.app/Contents/Developer/Platforms/MacOSX.platform/Developer/SDKs/MacOSX26.1.sdk/usr/include/sys/_types/_fsobj_id_t.h
/Applications/Xcode.app/Contents/Developer/Platforms/MacOSX.platform/Developer/SDKs/MacOSX26.1.sdk/usr/include/sys/_types/_graftdmg_un.h
/Applications/Xcode.app/Contents/Developer/Platforms/MacOSX.platform/Developer/SDKs/MacOSX26.1.sdk/usr/include/sys/_types/_guid_t.h
/Applications/Xcode.app/Contents/Developer/Platforms/MacOSX.platform/Developer/SDKs/MacOSX26.1.sdk/usr/include/sys/_types/_mount_t.h
/Applications/Xcode.app/Contents/Developer/Platforms/MacOSX.platform/Developer/SDKs/MacOSX26.1.sdk/usr/include/sys/_types/_os_inline.h
/Applications/Xcode.app/Contents/Developer/Platforms/MacOSX.platform/Developer/SDKs/MacOSX26.1.sdk/usr/include/sys/_types/_ucontext64.h
/Applications/Xcode.app/Contents/Developer/Platforms/MacOSX.platform/Developer/SDKs/MacOSX26.1.sdk/usr/include/sys/_types/_vnode_t.h
/Applications/Xcode.app/Contents/Developer/Platforms/MacOSX.platform/Developer/SDKs/MacOSX26.1.sdk/usr/include/sys/uio.h
/Applications/Xcode.app/Contents/Developer/Platforms/MacOSX.platform/Developer/SDKs/MacOSX26.1.sdk/usr/include/sys/un.h
/Applications/Xcode.app/Contents/Developer/Platforms/MacOSX.platform/Developer/SDKs/MacOSX26.1.sdk/usr/include/sys/utsname.h
/Applications/Xcode.app/Contents/Developer/Platforms/MacOSX.platform/Developer/SDKs/MacOSX26.1.sdk/usr/include/sys/vsock.h
/Applications/Xcode.app/Contents/Developer/Platforms/MacOSX.platform/Developer/SDKs/MacOSX26.1.sdk/usr/include/sys/ucred.h
/Applications/Xcode.app/Contents/Developer/Platforms/MacOSX.platform/Developer/SDKs/MacOSX26.1.sdk/usr/include/bsm/audit.h
/Applications/Xcode.app/Contents/Developer/Platforms/MacOSX.platform/Developer/SDKs/MacOSX26.1.sdk/usr/include/sys/socketvar.h
/Applications/Xcode.app/Contents/Developer/Platforms/MacOSX.platform/Developer/SDKs/MacOSX26.1.sdk/usr/include/sys/xattr.h
/Applications/Xcode.app/Contents/Developer/Platforms/MacOSX.platform/Developer/SDKs/MacOSX26.1.sdk/usr/include/_modules/_darwin_posix_sys_resource.h
/Applications/Xcode.app/Contents/Developer/Platforms/MacOSX.platform/Developer/SDKs/MacOSX26.1.sdk/usr/include/_modules/_darwin_posix_sys_select.h
/Applications/Xcode.app/Contents/Developer/Platforms/MacOSX.platform/Developer/SDKs/MacOSX26.1.sdk/usr/include/_modules/_darwin_posix_sys_wait.h
/Applications/Xcode.app/Contents/Developer/Platforms/MacOSX.platform/Developer/SDKs/MacOSX26.1.sdk/usr/include/syslog.h
/Applications/Xcode.app/Contents/Developer/Platforms/MacOSX.platform/Developer/SDKs/MacOSX26.1.sdk/usr/include/sys/syslog.h
/Applications/Xcode.app/Contents/Developer/Platforms/MacOSX.platform/Developer/SDKs/MacOSX26.1.sdk/usr/include/tar.h
/Applications/Xcode.app/Contents/Developer/Platforms/MacOSX.platform/Developer/SDKs/MacOSX26.1.sdk/usr/include/ulimit.h
/Applications/Xcode.app/Contents/Developer/Platforms/MacOSX.platform/Developer/SDKs/MacOSX26.1.sdk/usr/include/utime.h
/Applications/Xcode.app/Contents/Developer/Platforms/MacOSX.platform/Developer/SDKs/MacOSX26.1.sdk/usr/include/utmpx.h
/Applications/Xcode.app/Contents/Developer/Platforms/MacOSX.platform/Developer/SDKs/MacOSX26.1.sdk/usr/include/wordexp.h
/Applications/Xcode.app/Contents/Developer/Platforms/MacOSX.platform/Developer/SDKs/MacOSX26.1.sdk/usr/include/_modules/_darwin_posix_nl_types.h
/Applications/Xcode.app/Contents/Developer/Platforms/MacOSX.platform/Developer/SDKs/MacOSX26.1.sdk/usr/include/_modules/_darwin_posix_sched.h
/Applications/Xcode.app/Contents/Developer/Platforms/MacOSX.platform/Developer/SDKs/MacOSX26.1.sdk/usr/include/_modules/_darwin_posix_unistd.h
/Applications/Xcode.app/Contents/Developer/Platforms/MacOSX.platform/Developer/SDKs/MacOSX26.1.sdk/usr/include/net/bpf.h
/Applications/Xcode.app/Contents/Developer/Platforms/MacOSX.platform/Developer/SDKs/MacOSX26.1.sdk/usr/include/net/dlil.h
/Applications/Xcode.app/Contents/Developer/Platforms/MacOSX.platform/Developer/SDKs/MacOSX26.1.sdk/usr/include/net/ethernet.h
/Applications/Xcode.app/Contents/Developer/Platforms/MacOSX.platform/Developer/SDKs/MacOSX26.1.sdk/usr/include/net/if_arp.h
/Applications/Xcode.app/Contents/Developer/Platforms/MacOSX.platform/Developer/SDKs/MacOSX26.1.sdk/usr/include/net/if_llc.h
/Applications/Xcode.app/Contents/Developer/Platforms/MacOSX.platform/Developer/SDKs/MacOSX26.1.sdk/usr/include/net/if_media.h
/Applications/Xcode.app/Contents/Developer/Platforms/MacOSX.platform/Developer/SDKs/MacOSX26.1.sdk/usr/include/net/if_mib.h
/Applications/Xcode.app/Contents/Developer/Platforms/MacOSX.platform/Developer/SDKs/MacOSX26.1.sdk/usr/include/net/if_utun.h
/Applications/Xcode.app/Contents/Developer/Platforms/MacOSX.platform/Developer/SDKs/MacOSX26.1.sdk/usr/include/net/if_var_status.h
/Applications/Xcode.app/Contents/Developer/Platforms/MacOSX.platform/Developer/SDKs/MacOSX26.1.sdk/usr/include/net/kext_net.h
/Applications/Xcode.app/Contents/Developer/Platforms/MacOSX.platform/Developer/SDKs/MacOSX26.1.sdk/usr/include/net/ndrv.h
/Applications/Xcode.app/Contents/Developer/Platforms/MacOSX.platform/Developer/SDKs/MacOSX26.1.sdk/usr/include/net/pfkeyv2.h
/Applications/Xcode.app/Contents/Developer/Platforms/MacOSX.platform/Developer/SDKs/MacOSX26.1.sdk/usr/include/net/route.h
/Applications/Xcode.app/Contents/Developer/Platforms/MacOSX.platform/Developer/SDKs/MacOSX26.1.sdk/usr/include/netinet/bootp.h
/Applications/Xcode.app/Contents/Developer/Platforms/MacOSX.platform/Developer/SDKs/MacOSX26.1.sdk/usr/include/netinet/ip.h
/Applications/Xcode.app/Contents/Developer/Platforms/MacOSX.platform/Developer/SDKs/MacOSX26.1.sdk/usr/include/netinet/in_systm.h
/Applications/Xcode.app/Contents/Developer/Platforms/MacOSX.platform/Developer/SDKs/MacOSX26.1.sdk/usr/include/netinet/udp.h
/Applications/Xcode.app/Contents/Developer/Platforms/MacOSX.platform/Developer/SDKs/MacOSX26.1.sdk/usr/include/netinet/icmp6.h
/Applications/Xcode.app/Contents/Developer/Platforms/MacOSX.platform/Developer/SDKs/MacOSX26.1.sdk/usr/include/netinet/icmp_var.h
/Applications/Xcode.app/Contents/Developer/Platforms/MacOSX.platform/Developer/SDKs/MacOSX26.1.sdk/usr/include/netinet/ip_icmp.h
/Applications/Xcode.app/Contents/Developer/Platforms/MacOSX.platform/Developer/SDKs/MacOSX26.1.sdk/usr/include/netinet/if_ether.h
/Applications/Xcode.app/Contents/Developer/Platforms/MacOSX.platform/Developer/SDKs/MacOSX26.1.sdk/usr/include/netinet/igmp.h
/Applications/Xcode.app/Contents/Developer/Platforms/MacOSX.platform/Developer/SDKs/MacOSX26.1.sdk/usr/include/netinet/igmp_var.h
/Applications/Xcode.app/Contents/Developer/Platforms/MacOSX.platform/Developer/SDKs/MacOSX26.1.sdk/usr/include/netinet/in_pcb.h
/Applications/Xcode.app/Contents/Developer/Platforms/MacOSX.platform/Developer/SDKs/MacOSX26.1.sdk/usr/include/netinet/in_var.h
/Applications/Xcode.app/Contents/Developer/Platforms/MacOSX.platform/Developer/SDKs/MacOSX26.1.sdk/usr/include/sys/protosw.h
/Applications/Xcode.app/Contents/Developer/Platforms/MacOSX.platform/Developer/SDKs/MacOSX26.1.sdk/usr/include/sys/kern_event.h
/Applications/Xcode.app/Contents/Developer/Platforms/MacOSX.platform/Developer/SDKs/MacOSX26.1.sdk/usr/include/sys/sys_domain.h
/Applications/Xcode.app/Contents/Developer/Platforms/MacOSX.platform/Developer/SDKs/MacOSX26.1.sdk/usr/include/netinet6/in6_var.h
/Applications/Xcode.app/Contents/Developer/Platforms/MacOSX.platform/Developer/SDKs/MacOSX26.1.sdk/usr/include/netinet6/scope6_var.h
/Applications/Xcode.app/Contents/Developer/Platforms/MacOSX.platform/Developer/SDKs/MacOSX26.1.sdk/usr/include/netinet/ip6.h
/Applications/Xcode.app/Contents/Developer/Platforms/MacOSX.platform/Developer/SDKs/MacOSX26.1.sdk/usr/include/netinet/ip_var.h
/Applications/Xcode.app/Contents/Developer/Platforms/MacOSX.platform/Developer/SDKs/MacOSX26.1.sdk/usr/include/netinet/tcp_fsm.h
/Applications/Xcode.app/Contents/Developer/Platforms/MacOSX.platform/Developer/SDKs/MacOSX26.1.sdk/usr/include/netinet/tcp_seq.h
/Applications/Xcode.app/Contents/Developer/Platforms/MacOSX.platform/Developer/SDKs/MacOSX26.1.sdk/usr/include/netinet/tcp_timer.h
/Applications/Xcode.app/Contents/Developer/Platforms/MacOSX.platform/Developer/SDKs/MacOSX26.1.sdk/usr/include/netinet/tcp_var.h
/Applications/Xcode.app/Contents/Developer/Platforms/MacOSX.platform/Developer/SDKs/MacOSX26.1.sdk/usr/include/netinet/tcpip.h
/Applications/Xcode.app/Contents/Developer/Platforms/MacOSX.platform/Developer/SDKs/MacOSX26.1.sdk/usr/include/netinet/udp_var.h
/Applications/Xcode.app/Contents/Developer/Platforms/MacOSX.platform/Developer/SDKs/MacOSX26.1.sdk/usr/include/sys/sysctl.h
/Applications/Xcode.app/Contents/Developer/Platforms/MacOSX.platform/Developer/SDKs/MacOSX26.1.sdk/usr/include/sys/vm.h
/Applications/Xcode.app/Contents/Developer/Platforms/MacOSX.platform/Developer/SDKs/MacOSX26.1.sdk/usr/include/ar.h
/Applications/Xcode.app/Contents/Developer/Platforms/MacOSX.platform/Developer/SDKs/MacOSX26.1.sdk/usr/include/bank/bank_types.h
/Applications/Xcode.app/Contents/Developer/Platforms/MacOSX.platform/Developer/SDKs/MacOSX26.1.sdk/usr/include/os/base.h
/Applications/Xcode.app/Contents/Developer/Platforms/MacOSX.platform/Developer/SDKs/MacOSX26.1.sdk/usr/include/mach/mach_types.h
/Applications/Xcode.app/Contents/Developer/Platforms/MacOSX.platform/Developer/SDKs/MacOSX26.1.sdk/usr/include/mach/host_info.h
/Applications/Xcode.app/Contents/Developer/Platforms/MacOSX.platform/Developer/SDKs/MacOSX26.1.sdk/usr/include/mach/vm_statistics.h
/Applications/Xcode.app/Contents/Developer/Platforms/MacOSX.platform/Developer/SDKs/MacOSX26.1.sdk/usr/include/mach/time_value.h
/Applications/Xcode.app/Contents/Developer/Platforms/MacOSX.platform/Developer/SDKs/MacOSX26.1.sdk/usr/include/mach/host_notify.h
/Applications/Xcode.app/Contents/Developer/Platforms/MacOSX.platform/Developer/SDKs/MacOSX26.1.sdk/usr/include/mach/host_special_ports.h
/Applications/Xcode.app/Contents/Developer/Platforms/MacOSX.platform/Developer/SDKs/MacOSX26.1.sdk/usr/include/mach/memory_object_types.h
/Applications/Xcode.app/Contents/Developer/Platforms/MacOSX.platform/Developer/SDKs/MacOSX26.1.sdk/usr/include/mach/vm_prot.h
/Applications/Xcode.app/Contents/Developer/Platforms/MacOSX.platform/Developer/SDKs/MacOSX26.1.sdk/usr/include/mach/vm_sync.h
/Applications/Xcode.app/Contents/Developer/Platforms/MacOSX.platform/Developer/SDKs/MacOSX26.1.sdk/usr/include/mach/mach_voucher_types.h
/Applications/Xcode.app/Contents/Developer/Platforms/MacOSX.platform/Developer/SDKs/MacOSX26.1.sdk/usr/include/mach/std_types.h
/Applications/Xcode.app/Contents/Developer/Platforms/MacOSX.platform/Developer/SDKs/MacOSX26.1.sdk/usr/include/mach/processor_info.h
/Applications/Xcode.app/Contents/Developer/Platforms/MacOSX.platform/Developer/SDKs/MacOSX26.1.sdk/usr/include/mach/machine/processor_info.h
/Applications/Xcode.app/Contents/Developer/Platforms/MacOSX.platform/Developer/SDKs/MacOSX26.1.sdk/usr/include/mach/arm/processor_info.h
/Applications/Xcode.app/Contents/Developer/Platforms/MacOSX.platform/Developer/SDKs/MacOSX26.1.sdk/usr/include/mach/task_info.h
/Applications/Xcode.app/Contents/Developer/Platforms/MacOSX.platform/Developer/SDKs/MacOSX26.1.sdk/usr/include/mach/policy.h
/Applications/Xcode.app/Contents/Developer/Platforms/MacOSX.platform/Developer/SDKs/MacOSX26.1.sdk/usr/include/mach/task_inspect.h
/Applications/Xcode.app/Contents/Developer/Platforms/MacOSX.platform/Developer/SDKs/MacOSX26.1.sdk/usr/include/mach/task_policy.h
/Applications/Xcode.app/Contents/Developer/Platforms/MacOSX.platform/Developer/SDKs/MacOSX26.1.sdk/usr/include/mach/task_special_ports.h
/Applications/Xcode.app/Contents/Developer/Platforms/MacOSX.platform/Developer/SDKs/MacOSX26.1.sdk/usr/include/mach/thread_info.h
/Applications/Xcode.app/Contents/Developer/Platforms/MacOSX.platform/Developer/SDKs/MacOSX26.1.sdk/usr/include/mach/thread_policy.h
/Applications/Xcode.app/Contents/Developer/Platforms/MacOSX.platform/Developer/SDKs/MacOSX26.1.sdk/usr/include/mach/thread_special_ports.h
/Applications/Xcode.app/Contents/Developer/Platforms/MacOSX.platform/Developer/SDKs/MacOSX26.1.sdk/usr/include/mach/clock_types.h
/Applications/Xcode.app/Contents/Developer/Platforms/MacOSX.platform/Developer/SDKs/MacOSX26.1.sdk/usr/include/mach/vm_attributes.h
/Applications/Xcode.app/Contents/Developer/Platforms/MacOSX.platform/Developer/SDKs/MacOSX26.1.sdk/usr/include/mach/vm_inherit.h
/Applications/Xcode.app/Contents/Developer/Platforms/MacOSX.platform/Developer/SDKs/MacOSX26.1.sdk/usr/include/mach/vm_purgable.h
/Applications/Xcode.app/Contents/Developer/Platforms/MacOSX.platform/Developer/SDKs/MacOSX26.1.sdk/usr/include/mach/vm_behavior.h
/Applications/Xcode.app/Contents/Developer/Platforms/MacOSX.platform/Developer/SDKs/MacOSX26.1.sdk/usr/include/mach/vm_region.h
/Applications/Xcode.app/Contents/Developer/Platforms/MacOSX.platform/Developer/SDKs/MacOSX26.1.sdk/usr/include/mach/machine/vm_param.h
/Applications/Xcode.app/Contents/Developer/Platforms/MacOSX.platform/Developer/SDKs/MacOSX26.1.sdk/usr/include/mach/arm/vm_param.h
/Applications/Xcode.app/Contents/Developer/Platforms/MacOSX.platform/Developer/SDKs/MacOSX26.1.sdk/usr/include/mach/vm_page_size.h
/Applications/Xcode.app/Contents/Developer/Platforms/MacOSX.platform/Developer/SDKs/MacOSX26.1.sdk/usr/include/mach/kmod.h
/Applications/Xcode.app/Contents/Developer/Platforms/MacOSX.platform/Developer/SDKs/MacOSX26.1.sdk/usr/include/mach/dyld_kernel.h
/Applications/Xcode.app/Contents/Developer/Platforms/MacOSX.platform/Developer/SDKs/MacOSX26.1.sdk/usr/include/ConditionalMacros.h
/Applications/Xcode.app/Contents/Developer/Platforms/MacOSX.platform/Developer/SDKs/MacOSX26.1.sdk/usr/include/crt_externs.h
/Applications/Xcode.app/Contents/Developer/Platforms/MacOSX.platform/Developer/SDKs/MacOSX26.1.sdk/usr/include/fts.h
/Applications/Xcode.app/Contents/Developer/Platforms/MacOSX.platform/Developer/SDKs/MacOSX26.1.sdk/usr/include/getopt.h
/Applications/Xcode.app/Contents/Developer/Platforms/MacOSX.platform/Developer/SDKs/MacOSX26.1.sdk/usr/include/AssertMacros.h
/Applications/Xcode.app/Contents/Developer/Platforms/MacOSX.platform/Developer/SDKs/MacOSX26.1.sdk/usr/include/MacTypes.h
/Applications/Xcode.app/Contents/Developer/Platforms/MacOSX.platform/Developer/SDKs/MacOSX26.1.sdk/usr/include/mach/mach.h
/Applications/Xcode.app/Contents/Developer/Platforms/MacOSX.platform/Developer/SDKs/MacOSX26.1.sdk/usr/include/mach/mach_interface.h
/Applications/Xcode.app/Contents/Developer/Platforms/MacOSX.platform/Developer/SDKs/MacOSX26.1.sdk/usr/include/mach/clock_priv.h
/Applications/Xcode.app/Contents/Developer/Platforms/MacOSX.platform/Developer/SDKs/MacOSX26.1.sdk/usr/include/mach/ndr.h
/Applications/Xcode.app/Contents/Developer/Platforms/MacOSX.platform/Developer/SDKs/MacOSX26.1.sdk/usr/include/libkern/OSByteOrder.h
/Applications/Xcode.app/Contents/Developer/Platforms/MacOSX.platform/Developer/SDKs/MacOSX26.1.sdk/usr/include/libkern/arm/OSByteOrder.h
/Applications/Xcode.app/Contents/Developer/Platforms/MacOSX.platform/Developer/SDKs/MacOSX26.1.sdk/usr/include/arm/arch.h
/Applications/Xcode.app/Contents/Developer/Platforms/MacOSX.platform/Developer/SDKs/MacOSX26.1.sdk/usr/include/mach/notify.h
/Applications/Xcode.app/Contents/Developer/Platforms/MacOSX.platform/Developer/SDKs/MacOSX26.1.sdk/usr/include/mach/mig_errors.h
/Applications/Xcode.app/Contents/Developer/Platforms/MacOSX.platform/Developer/SDKs/MacOSX26.1.sdk/usr/include/mach/mig.h
/Applications/Xcode.app/Contents/Developer/Platforms/MacOSX.platform/Developer/SDKs/MacOSX26.1.sdk/usr/include/mach/host_priv.h
/Applications/Xcode.app/Contents/Developer/Platforms/MacOSX.platform/Developer/SDKs/MacOSX26.1.sdk/usr/include/mach_debug/mach_debug_types.h
/Applications/Xcode.app/Contents/Developer/Platforms/MacOSX.platform/Developer/SDKs/MacOSX26.1.sdk/usr/include/mach_debug/vm_info.h
/Applications/Xcode.app/Contents/Developer/Platforms/MacOSX.platform/Developer/SDKs/MacOSX26.1.sdk/usr/include/mach_debug/zone_info.h
/Applications/Xcode.app/Contents/Developer/Platforms/MacOSX.platform/Developer/SDKs/MacOSX26.1.sdk/usr/include/mach_debug/page_info.h
/Applications/Xcode.app/Contents/Developer/Platforms/MacOSX.platform/Developer/SDKs/MacOSX26.1.sdk/usr/include/mach_debug/hash_info.h
/Applications/Xcode.app/Contents/Developer/Platforms/MacOSX.platform/Developer/SDKs/MacOSX26.1.sdk/usr/include/mach_debug/lockgroup_info.h
/Applications/Xcode.app/Contents/Developer/Platforms/MacOSX.platform/Developer/SDKs/MacOSX26.1.sdk/usr/include/mach/host_security.h
/Applications/Xcode.app/Contents/Developer/Platforms/MacOSX.platform/Developer/SDKs/MacOSX26.1.sdk/usr/include/mach/processor.h
/Applications/Xcode.app/Contents/Developer/Platforms/MacOSX.platform/Developer/SDKs/MacOSX26.1.sdk/usr/include/mach/processor_set.h
/Applications/Xcode.app/Contents/Developer/Platforms/MacOSX.platform/Developer/SDKs/MacOSX26.1.sdk/usr/include/mach/semaphore.h
/Applications/Xcode.app/Contents/Developer/Platforms/MacOSX.platform/Developer/SDKs/MacOSX26.1.sdk/usr/include/mach/sync_policy.h
/Applications/Xcode.app/Contents/Developer/Platforms/MacOSX.platform/Developer/SDKs/MacOSX26.1.sdk/usr/include/mach/task.h
/Applications/Xcode.app/Contents/Developer/Platforms/MacOSX.platform/Developer/SDKs/MacOSX26.1.sdk/usr/include/mach/thread_act.h
/Applications/Xcode.app/Contents/Developer/Platforms/MacOSX.platform/Developer/SDKs/MacOSX26.1.sdk/usr/include/mach/vm_map.h
/Applications/Xcode.app/Contents/Developer/Platforms/MacOSX.platform/Developer/SDKs/MacOSX26.1.sdk/usr/include/mach/mach_port.h
/Applications/Xcode.app/Contents/Developer/Platforms/MacOSX.platform/Developer/SDKs/MacOSX26.1.sdk/usr/include/mach/mach_init.h
/Applications/Xcode.app/Contents/Developer/Platforms/MacOSX.platform/Developer/SDKs/MacOSX26.1.sdk/usr/include/mach/mach_traps.h
/Applications/Xcode.app/Contents/Developer/Platforms/MacOSX.platform/Developer/SDKs/MacOSX26.1.sdk/usr/include/mach/error.h
/Applications/Xcode.app/Contents/Developer/Platforms/MacOSX.platform/Developer/SDKs/MacOSX26.1.sdk/usr/include/mach/mach_host.h
/Applications/Xcode.app/Contents/Developer/Platforms/MacOSX.platform/Developer/SDKs/MacOSX26.1.sdk/usr/include/mach/thread_switch.h
/Applications/Xcode.app/Contents/Developer/Platforms/MacOSX.platform/Developer/SDKs/MacOSX26.1.sdk/usr/include/mach/rpc.h
/Applications/Xcode.app/Contents/Developer/Platforms/MacOSX.platform/Developer/SDKs/MacOSX26.1.sdk/usr/include/mach/machine/rpc.h
/Applications/Xcode.app/Contents/Developer/Platforms/MacOSX.platform/Developer/SDKs/MacOSX26.1.sdk/usr/include/mach/arm/rpc.h
/Applications/Xcode.app/Contents/Developer/Platforms/MacOSX.platform/Developer/SDKs/MacOSX26.1.sdk/usr/include/mach/mach_error.h
/Applications/Xcode.app/Contents/Developer/Platforms/MacOSX.platform/Developer/SDKs/MacOSX26.1.sdk/usr/include/mach/audit_triggers_types.h
/Applications/Xcode.app/Contents/Developer/Platforms/MacOSX.platform/Developer/SDKs/MacOSX26.1.sdk/usr/include/mach/bootstrap.h
/Applications/Xcode.app/Contents/Developer/Platforms/MacOSX.platform/Developer/SDKs/MacOSX26.1.sdk/usr/include/mach/clock.h
/Applications/Xcode.app/Contents/Developer/Platforms/MacOSX.platform/Developer/SDKs/MacOSX26.1.sdk/usr/include/mach/clock_reply.h
/Applications/Xcode.app/Contents/Developer/Platforms/MacOSX.platform/Developer/SDKs/MacOSX26.1.sdk/usr/include/mach/exc.h
/Applications/Xcode.app/Contents/Developer/Platforms/MacOSX.platform/Developer/SDKs/MacOSX26.1.sdk/usr/include/mach/exception.h
/Applications/Xcode.app/Contents/Developer/Platforms/MacOSX.platform/Developer/SDKs/MacOSX26.1.sdk/usr/include/mach/host_reboot.h
/Applications/Xcode.app/Contents/Developer/Platforms/MacOSX.platform/Developer/SDKs/MacOSX26.1.sdk/usr/include/arm64/hv/hv_kern_types.h
/Applications/Xcode.app/Contents/Developer/Platforms/MacOSX.platform/Developer/SDKs/MacOSX26.1.sdk/usr/include/mach/mach_param.h
/Applications/Xcode.app/Contents/Developer/Platforms/MacOSX.platform/Developer/SDKs/MacOSX26.1.sdk/usr/include/mach/mach_right.h
/Applications/Xcode.app/Contents/Developer/Platforms/MacOSX.platform/Developer/SDKs/MacOSX26.1.sdk/usr/include/mach/mach_syscalls.h
/Applications/Xcode.app/Contents/Developer/Platforms/MacOSX.platform/Developer/SDKs/MacOSX26.1.sdk/usr/include/mach/mach_time.h
/Applications/Xcode.app/Contents/Developer/Platforms/MacOSX.platform/Developer/SDKs/MacOSX26.1.sdk/usr/include/mach/mach_vm.h
/Applications/Xcode.app/Contents/Developer/Platforms/MacOSX.platform/Developer/SDKs/MacOSX26.1.sdk/usr/include/mach/mach_voucher.h
/Applications/Xcode.app/Contents/Developer/Platforms/MacOSX.platform/Developer/SDKs/MacOSX26.1.sdk/usr/include/mach/memory_entry.h
/Applications/Xcode.app/Contents/Developer/Platforms/MacOSX.platform/Developer/SDKs/MacOSX26.1.sdk/usr/include/mach/mig_strncpy_zerofill_support.h
/Applications/Xcode.app/Contents/Developer/Platforms/MacOSX.platform/Developer/SDKs/MacOSX26.1.sdk/usr/include/mach/mig_voucher_support.h
/Applications/Xcode.app/Contents/Developer/Platforms/MacOSX.platform/Developer/SDKs/MacOSX26.1.sdk/usr/include/mach/port_obj.h
/Applications/Xcode.app/Contents/Developer/Platforms/MacOSX.platform/Developer/SDKs/MacOSX26.1.sdk/usr/include/mach/sdt.h
/Applications/Xcode.app/Contents/Developer/Platforms/MacOSX.platform/Developer/SDKs/MacOSX26.1.sdk/usr/include/mach/machine/sdt.h
/Applications/Xcode.app/Contents/Developer/Platforms/MacOSX.platform/Developer/SDKs/MacOSX26.1.sdk/usr/include/sys/sdt.h
/Applications/Xcode.app/Contents/Developer/Platforms/MacOSX.platform/Developer/SDKs/MacOSX26.1.sdk/usr/include/mach/shared_region.h
/Applications/Xcode.app/Contents/Developer/Platforms/MacOSX.platform/Developer/SDKs/MacOSX26.1.sdk/usr/include/mach/sync.h
/Applications/Xcode.app/Contents/Developer/Platforms/MacOSX.platform/Developer/SDKs/MacOSX26.1.sdk/usr/include/mach/thread_state.h
/Applications/Xcode.app/Contents/Developer/Platforms/MacOSX.platform/Developer/SDKs/MacOSX26.1.sdk/usr/include/mach/vm_param.h
/Applications/Xcode.app/Contents/Developer/Platforms/MacOSX.platform/Developer/SDKs/MacOSX26.1.sdk/usr/include/mach/vm_task.h
/Applications/Xcode.app/Contents/Developer/Platforms/MacOSX.platform/Developer/SDKs/MacOSX26.1.sdk/usr/include/mach/machine/asm.h
/Applications/Xcode.app/Contents/Developer/Platforms/MacOSX.platform/Developer/SDKs/MacOSX26.1.sdk/usr/include/mach/arm64/asm.h
/Applications/Xcode.app/Contents/Developer/Platforms/MacOSX.platform/Developer/SDKs/MacOSX26.1.sdk/usr/include/mach/i386/asm.h
/Applications/Xcode.app/Contents/Developer/Platforms/MacOSX.platform/Developer/SDKs/MacOSX26.1.sdk/usr/include/mach/arm/asm.h
/Applications/Xcode.app/Contents/Developer/Platforms/MacOSX.platform/Developer/SDKs/MacOSX26.1.sdk/usr/include/mach/i386/boolean.h
/Applications/Xcode.app/Contents/Developer/Platforms/MacOSX.platform/Developer/SDKs/MacOSX26.1.sdk/usr/include/mach/i386/exception.h
/Applications/Xcode.app/Contents/Developer/Platforms/MacOSX.platform/Developer/SDKs/MacOSX26.1.sdk/usr/include/mach/i386/fp_reg.h
/Applications/Xcode.app/Contents/Developer/Platforms/MacOSX.platform/Developer/SDKs/MacOSX26.1.sdk/usr/include/mach/i386/kern_return.h
/Applications/Xcode.app/Contents/Developer/Platforms/MacOSX.platform/Developer/SDKs/MacOSX26.1.sdk/usr/include/mach/machine/ndr_def.h
/Applications/Xcode.app/Contents/Developer/Platforms/MacOSX.platform/Developer/SDKs/MacOSX26.1.sdk/usr/include/mach/arm/ndr_def.h
/Applications/Xcode.app/Contents/Developer/Platforms/MacOSX.platform/Developer/SDKs/MacOSX26.1.sdk/usr/include/mach/i386/processor_info.h
/Applications/Xcode.app/Contents/Developer/Platforms/MacOSX.platform/Developer/SDKs/MacOSX26.1.sdk/usr/include/mach/i386/rpc.h
/Applications/Xcode.app/Contents/Developer/Platforms/MacOSX.platform/Developer/SDKs/MacOSX26.1.sdk/usr/include/mach/machine/sdt_isa.h
/Applications/Xcode.app/Contents/Developer/Platforms/MacOSX.platform/Developer/SDKs/MacOSX26.1.sdk/usr/include/mach/arm/sdt_isa.h
/Applications/Xcode.app/Contents/Developer/Platforms/MacOSX.platform/Developer/SDKs/MacOSX26.1.sdk/usr/include/mach/i386/sdt_isa.h
/Applications/Xcode.app/Contents/Developer/Platforms/MacOSX.platform/Developer/SDKs/MacOSX26.1.sdk/usr/include/mach/i386/thread_state.h
/Applications/Xcode.app/Contents/Developer/Platforms/MacOSX.platform/Developer/SDKs/MacOSX26.1.sdk/usr/include/mach/i386/thread_status.h
/Applications/Xcode.app/Contents/Developer/Platforms/MacOSX.platform/Developer/SDKs/MacOSX26.1.sdk/usr/include/mach/arm/traps.h
/Applications/Xcode.app/Contents/Developer/Platforms/MacOSX.platform/Developer/SDKs/MacOSX26.1.sdk/usr/include/mach/i386/vm_param.h
/Applications/Xcode.app/Contents/Developer/Platforms/MacOSX.platform/Developer/SDKs/MacOSX26.1.sdk/usr/include/mach/i386/vm_types.h
/Applications/Xcode.app/Contents/Developer/Platforms/MacOSX.platform/Developer/SDKs/MacOSX26.1.sdk/usr/include/mach_debug/mach_debug.h
/Applications/Xcode.app/Contents/Developer/Platforms/MacOSX.platform/Developer/SDKs/MacOSX26.1.sdk/usr/include/device/device_types.h
/Applications/Xcode.app/Contents/Developer/Platforms/MacOSX.platform/Developer/SDKs/MacOSX26.1.sdk/usr/include/device/device_port.h
/Applications/Xcode.app/Contents/Developer/Platforms/MacOSX.platform/Developer/SDKs/MacOSX26.1.sdk/usr/include/libkern/OSAtomic.h
/Applications/Xcode.app/Contents/Developer/Platforms/MacOSX.platform/Developer/SDKs/MacOSX26.1.sdk/usr/include/libkern/OSAtomicDeprecated.h
/Applications/Xcode.app/Contents/Developer/Platforms/MacOSX.platform/Developer/SDKs/MacOSX26.1.sdk/usr/include/libkern/OSSpinLockDeprecated.h
/Applications/Xcode.app/Contents/Developer/Platforms/MacOSX.platform/Developer/SDKs/MacOSX26.1.sdk/usr/include/libkern/OSAtomicQueue.h
/Applications/Xcode.app/Contents/Developer/Platforms/MacOSX.platform/Developer/SDKs/MacOSX26.1.sdk/usr/include/libkern/machine/OSByteOrder.h
/Applications/Xcode.app/Contents/Developer/Platforms/MacOSX.platform/Developer/SDKs/MacOSX26.1.sdk/usr/include/libkern/i386/OSByteOrder.h
/Applications/Xcode.app/Contents/Developer/Platforms/MacOSX.platform/Developer/SDKs/MacOSX26.1.sdk/usr/include/libproc.h
/Applications/Xcode.app/Contents/Developer/Platforms/MacOSX.platform/Developer/SDKs/MacOSX26.1.sdk/usr/include/sys/mount.h
/Applications/Xcode.app/Contents/Developer/Platforms/MacOSX.platform/Developer/SDKs/MacOSX26.1.sdk/usr/include/sys/attr.h
/Applications/Xcode.app/Contents/Developer/Platforms/MacOSX.platform/Developer/SDKs/MacOSX26.1.sdk/usr/include/sys/proc_info.h
/Applications/Xcode.app/Contents/Developer/Platforms/MacOSX.platform/Developer/SDKs/MacOSX26.1.sdk/usr/include/sys/kern_control.h
/Applications/Xcode.app/Contents/Developer/Platforms/MacOSX.platform/Developer/SDKs/MacOSX26.1.sdk/usr/include/os/clock.h
/Applications/Xcode.app/Contents/Developer/Platforms/MacOSX.platform/Developer/SDKs/MacOSX26.1.sdk/usr/include/os/lock.h
/Applications/Xcode.app/Contents/Developer/Platforms/MacOSX.platform/Developer/SDKs/MacOSX26.1.sdk/usr/include/os/proc.h
/Applications/Xcode.app/Contents/Developer/Platforms/MacOSX.platform/Developer/SDKs/MacOSX26.1.sdk/usr/include/malloc/malloc.h
/Applications/Xcode.app/Contents/Developer/Platforms/MacOSX.platform/Developer/SDKs/MacOSX26.1.sdk/usr/include/malloc/_platform.h
/Applications/Xcode.app/Contents/Developer/Platforms/MacOSX.platform/Developer/SDKs/MacOSX26.1.sdk/usr/include/sys/malloc.h
/Applications/Xcode.app/Contents/Developer/Platforms/MacOSX.platform/Developer/SDKs/MacOSX26.1.sdk/usr/include/i386/_param.h
/Applications/Xcode.app/Contents/Developer/Platforms/MacOSX.platform/Developer/SDKs/MacOSX26.1.sdk/usr/include/machine/byte_order.h
/Applications/Xcode.app/Contents/Developer/Platforms/MacOSX.platform/Developer/SDKs/MacOSX26.1.sdk/usr/include/architecture/byte_order.h
/Applications/Xcode.app/Contents/Developer/Platforms/MacOSX.platform/Developer/SDKs/MacOSX26.1.sdk/usr/include/i386/eflags.h
/Applications/Xcode.app/Contents/Developer/Platforms/MacOSX.platform/Developer/SDKs/MacOSX26.1.sdk/usr/include/machine/fasttrap_isa.h
/Applications/Xcode.app/Contents/Developer/Platforms/MacOSX.platform/Developer/SDKs/MacOSX26.1.sdk/usr/include/arm/fasttrap_isa.h
/Applications/Xcode.app/Contents/Developer/Platforms/MacOSX.platform/Developer/SDKs/MacOSX26.1.sdk/usr/include/i386/fasttrap_isa.h
/Applications/Xcode.app/Contents/Developer/Platforms/MacOSX.platform/Developer/SDKs/MacOSX26.1.sdk/usr/include/i386/param.h
/Applications/Xcode.app/Contents/Developer/Platforms/MacOSX.platform/Developer/SDKs/MacOSX26.1.sdk/usr/include/machine/profile.h
/Applications/Xcode.app/Contents/Developer/Platforms/MacOSX.platform/Developer/SDKs/MacOSX26.1.sdk/usr/include/arm/profile.h
/Applications/Xcode.app/Contents/Developer/Platforms/MacOSX.platform/Developer/SDKs/MacOSX26.1.sdk/usr/include/i386/profile.h
/Applications/Xcode.app/Contents/Developer/Platforms/MacOSX.platform/Developer/SDKs/MacOSX26.1.sdk/usr/include/i386/user_ldt.h
/Applications/Xcode.app/Contents/Developer/Platforms/MacOSX.platform/Developer/SDKs/MacOSX26.1.sdk/usr/include/machine/vmparam.h
/Applications/Xcode.app/Contents/Developer/Platforms/MacOSX.platform/Developer/SDKs/MacOSX26.1.sdk/usr/include/arm/vmparam.h
/Applications/Xcode.app/Contents/Developer/Platforms/MacOSX.platform/Developer/SDKs/MacOSX26.1.sdk/usr/include/i386/vmparam.h
/Applications/Xcode.app/Contents/Developer/Platforms/MacOSX.platform/Developer/SDKs/MacOSX26.1.sdk/usr/include/aliasdb.h
/Applications/Xcode.app/Contents/Developer/Platforms/MacOSX.platform/Developer/SDKs/MacOSX26.1.sdk/usr/include/bootparams.h
/Applications/Xcode.app/Contents/Developer/Platforms/MacOSX.platform/Developer/SDKs/MacOSX26.1.sdk/usr/include/Block.h
/Applications/Xcode.app/Contents/Developer/Platforms/MacOSX.platform/Developer/SDKs/MacOSX26.1.sdk/usr/include/bsm/audit_domain.h
/Applications/Xcode.app/Contents/Developer/Platforms/MacOSX.platform/Developer/SDKs/MacOSX26.1.sdk/usr/include/bsm/audit_errno.h
/Applications/Xcode.app/Contents/Developer/Platforms/MacOSX.platform/Developer/SDKs/MacOSX26.1.sdk/usr/include/bsm/audit_fcntl.h
/Applications/Xcode.app/Contents/Developer/Platforms/MacOSX.platform/Developer/SDKs/MacOSX26.1.sdk/usr/include/bsm/audit_filter.h
/Applications/Xcode.app/Contents/Developer/Platforms/MacOSX.platform/Developer/SDKs/MacOSX26.1.sdk/usr/include/bsm/libbsm.h
/Applications/Xcode.app/Contents/Developer/Platforms/MacOSX.platform/Developer/SDKs/MacOSX26.1.sdk/usr/include/bsm/audit_record.h
/Applications/Xcode.app/Contents/Developer/Platforms/MacOSX.platform/Developer/SDKs/MacOSX26.1.sdk/usr/include/bsm/audit_internal.h
/Applications/Xcode.app/Contents/Developer/Platforms/MacOSX.platform/Developer/SDKs/MacOSX26.1.sdk/usr/include/bsm/audit_kevents.h
/Applications/Xcode.app/Contents/Developer/Platforms/MacOSX.platform/Developer/SDKs/MacOSX26.1.sdk/usr/include/bsm/audit_session.h
/Applications/Xcode.app/Contents/Developer/Platforms/MacOSX.platform/Developer/SDKs/MacOSX26.1.sdk/usr/include/bsm/audit_socket_type.h
/Applications/Xcode.app/Contents/Developer/Platforms/MacOSX.platform/Developer/SDKs/MacOSX26.1.sdk/usr/include/bsm/audit_uevents.h
/Applications/Xcode.app/Contents/Developer/Platforms/MacOSX.platform/Developer/SDKs/MacOSX26.1.sdk/usr/include/execinfo.h
/Applications/Xcode.app/Contents/Developer/Platforms/MacOSX.platform/Developer/SDKs/MacOSX26.1.sdk/usr/include/fstab.h
/Applications/Xcode.app/Contents/Developer/Platforms/MacOSX.platform/Developer/SDKs/MacOSX26.1.sdk/usr/include/hfs/hfs_format.h
/Applications/Xcode.app/Contents/Developer/Platforms/MacOSX.platform/Developer/SDKs/MacOSX26.1.sdk/usr/include/hfs/hfs_unistr.h
/Applications/Xcode.app/Contents/Developer/Platforms/MacOSX.platform/Developer/SDKs/MacOSX26.1.sdk/usr/include/hfs/hfs_mount.h
/Applications/Xcode.app/Contents/Developer/Platforms/MacOSX.platform/Developer/SDKs/MacOSX26.1.sdk/usr/include/membership.h
/Applications/Xcode.app/Contents/Developer/Platforms/MacOSX.platform/Developer/SDKs/MacOSX26.1.sdk/usr/include/ntsid.h
/Applications/Xcode.app/Contents/Developer/Platforms/MacOSX.platform/Developer/SDKs/MacOSX26.1.sdk/usr/include/curses.h
/Applications/Xcode.app/Contents/Developer/Platforms/MacOSX.platform/Developer/SDKs/MacOSX26.1.sdk/usr/include/ncurses_dll.h
/Applications/Xcode.app/Contents/Developer/Platforms/MacOSX.platform/Developer/SDKs/MacOSX26.1.sdk/usr/include/unctrl.h
/Applications/Xcode.app/Contents/Developer/Platforms/MacOSX.platform/Developer/SDKs/MacOSX26.1.sdk/usr/include/eti.h
/Applications/Xcode.app/Contents/Developer/Platforms/MacOSX.platform/Developer/SDKs/MacOSX26.1.sdk/usr/include/nc_tparm.h
/Applications/Xcode.app/Contents/Developer/Platforms/MacOSX.platform/Developer/SDKs/MacOSX26.1.sdk/usr/include/form.h
/Applications/Xcode.app/Contents/Developer/Platforms/MacOSX.platform/Developer/SDKs/MacOSX26.1.sdk/usr/include/menu.h
/Applications/Xcode.app/Contents/Developer/Platforms/MacOSX.platform/Developer/SDKs/MacOSX26.1.sdk/usr/include/panel.h
/Applications/Xcode.app/Contents/Developer/Platforms/MacOSX.platform/Developer/SDKs/MacOSX26.1.sdk/usr/include/netinet6/ah.h
/Applications/Xcode.app/Contents/Developer/Platforms/MacOSX.platform/Developer/SDKs/MacOSX26.1.sdk/usr/include/netinet6/esp.h
/Applications/Xcode.app/Contents/Developer/Platforms/MacOSX.platform/Developer/SDKs/MacOSX26.1.sdk/usr/include/netinet6/ipcomp.h
/Applications/Xcode.app/Contents/Developer/Platforms/MacOSX.platform/Developer/SDKs/MacOSX26.1.sdk/usr/include/netinet6/ipsec.h
/Applications/Xcode.app/Contents/Developer/Platforms/MacOSX.platform/Developer/SDKs/MacOSX26.1.sdk/usr/include/netinet6/raw_ip6.h
/Applications/Xcode.app/Contents/Developer/Platforms/MacOSX.platform/Developer/SDKs/MacOSX26.1.sdk/usr/include/printerdb.h
/Applications/Xcode.app/Contents/Developer/Platforms/MacOSX.platform/Developer/SDKs/MacOSX26.1.sdk/usr/include/sys/_structs.h
/Applications/Xcode.app/Contents/Developer/Platforms/MacOSX.platform/Developer/SDKs/MacOSX26.1.sdk/usr/include/sys/acct.h
/Applications/Xcode.app/Contents/Developer/Platforms/MacOSX.platform/Developer/SDKs/MacOSX26.1.sdk/usr/include/sys/acl.h
/Applications/Xcode.app/Contents/Developer/Platforms/MacOSX.platform/Developer/SDKs/MacOSX26.1.sdk/usr/include/sys/kauth.h
/Applications/Xcode.app/Contents/Developer/Platforms/MacOSX.platform/Developer/SDKs/MacOSX26.1.sdk/usr/include/sys/buf.h
/Applications/Xcode.app/Contents/Developer/Platforms/MacOSX.platform/Developer/SDKs/MacOSX26.1.sdk/usr/include/sys/kernel_types.h
/Applications/Xcode.app/Contents/Developer/Platforms/MacOSX.platform/Developer/SDKs/MacOSX26.1.sdk/usr/include/sys/clonefile.h
/Applications/Xcode.app/Contents/Developer/Platforms/MacOSX.platform/Developer/SDKs/MacOSX26.1.sdk/usr/include/sys/commpage.h
/Applications/Xcode.app/Contents/Developer/Platforms/MacOSX.platform/Developer/SDKs/MacOSX26.1.sdk/usr/include/sys/conf.h
/Applications/Xcode.app/Contents/Developer/Platforms/MacOSX.platform/Developer/SDKs/MacOSX26.1.sdk/usr/include/sys/disk.h
/Applications/Xcode.app/Contents/Developer/Platforms/MacOSX.platform/Developer/SDKs/MacOSX26.1.sdk/usr/include/sys/dkstat.h
/Applications/Xcode.app/Contents/Developer/Platforms/MacOSX.platform/Developer/SDKs/MacOSX26.1.sdk/usr/include/sys/domain.h
/Applications/Xcode.app/Contents/Developer/Platforms/MacOSX.platform/Developer/SDKs/MacOSX26.1.sdk/usr/include/sys/ev.h
/Applications/Xcode.app/Contents/Developer/Platforms/MacOSX.platform/Developer/SDKs/MacOSX26.1.sdk/usr/include/sys/file.h
/Applications/Xcode.app/Contents/Developer/Platforms/MacOSX.platform/Developer/SDKs/MacOSX26.1.sdk/usr/include/sys/filedesc.h
/Applications/Xcode.app/Contents/Developer/Platforms/MacOSX.platform/Developer/SDKs/MacOSX26.1.sdk/usr/include/sys/fileport.h
/Applications/Xcode.app/Contents/Developer/Platforms/MacOSX.platform/Developer/SDKs/MacOSX26.1.sdk/usr/include/sys/fsgetpath.h
/Applications/Xcode.app/Contents/Developer/Platforms/MacOSX.platform/Developer/SDKs/MacOSX26.1.sdk/usr/include/sys/gmon.h
/Applications/Xcode.app/Contents/Developer/Platforms/MacOSX.platform/Developer/SDKs/MacOSX26.1.sdk/usr/include/sys/ioctl_compat.h
/Applications/Xcode.app/Contents/Developer/Platforms/MacOSX.platform/Developer/SDKs/MacOSX26.1.sdk/usr/include/sys/ttychars.h
/Applications/Xcode.app/Contents/Developer/Platforms/MacOSX.platform/Developer/SDKs/MacOSX26.1.sdk/usr/include/sys/ttydev.h
/Applications/Xcode.app/Contents/Developer/Platforms/MacOSX.platform/Developer/SDKs/MacOSX26.1.sdk/usr/include/sys/kdebug.h
/Applications/Xcode.app/Contents/Developer/Platforms/MacOSX.platform/Developer/SDKs/MacOSX26.1.sdk/usr/include/sys/kdebug_signpost.h
/Applications/Xcode.app/Contents/Developer/Platforms/MacOSX.platform/Developer/SDKs/MacOSX26.1.sdk/usr/include/sys/lctx.h
/Applications/Xcode.app/Contents/Developer/Platforms/MacOSX.platform/Developer/SDKs/MacOSX26.1.sdk/usr/include/sys/mbuf.h
/Applications/Xcode.app/Contents/Developer/Platforms/MacOSX.platform/Developer/SDKs/MacOSX26.1.sdk/usr/include/sys/msgbuf.h
/Applications/Xcode.app/Contents/Developer/Platforms/MacOSX.platform/Developer/SDKs/MacOSX26.1.sdk/usr/include/sys/netport.h
/Applications/Xcode.app/Contents/Developer/Platforms/MacOSX.platform/Developer/SDKs/MacOSX26.1.sdk/usr/include/sys/paths.h
/Applications/Xcode.app/Contents/Developer/Platforms/MacOSX.platform/Developer/SDKs/MacOSX26.1.sdk/usr/include/sys/pipe.h
/Applications/Xcode.app/Contents/Developer/Platforms/MacOSX.platform/Developer/SDKs/MacOSX26.1.sdk/usr/include/sys/quota.h
/Applications/Xcode.app/Contents/Developer/Platforms/MacOSX.platform/Developer/SDKs/MacOSX26.1.sdk/usr/include/sys/rbtree.h
/Applications/Xcode.app/Contents/Developer/Platforms/MacOSX.platform/Developer/SDKs/MacOSX26.1.sdk/usr/include/sys/reboot.h
/Applications/Xcode.app/Contents/Developer/Platforms/MacOSX.platform/Developer/SDKs/MacOSX26.1.sdk/usr/include/sys/resourcevar.h
/Applications/Xcode.app/Contents/Developer/Platforms/MacOSX.platform/Developer/SDKs/MacOSX26.1.sdk/usr/include/sys/sbuf.h
/Applications/Xcode.app/Contents/Developer/Platforms/MacOSX.platform/Developer/SDKs/MacOSX26.1.sdk/usr/include/sys/signalvar.h
/Applications/Xcode.app/Contents/Developer/Platforms/MacOSX.platform/Developer/SDKs/MacOSX26.1.sdk/usr/include/sys/syscall.h
/Applications/Xcode.app/Contents/Developer/Platforms/MacOSX.platform/Developer/SDKs/MacOSX26.1.sdk/usr/include/sys/timeb.h
/Applications/Xcode.app/Contents/Developer/Platforms/MacOSX.platform/Developer/SDKs/MacOSX26.1.sdk/usr/include/sys/trace.h
/Applications/Xcode.app/Contents/Developer/Platforms/MacOSX.platform/Developer/SDKs/MacOSX26.1.sdk/usr/include/sys/tty.h
/Applications/Xcode.app/Contents/Developer/Platforms/MacOSX.platform/Developer/SDKs/MacOSX26.1.sdk/usr/include/sys/ucontext.h
/Applications/Xcode.app/Contents/Developer/Platforms/MacOSX.platform/Developer/SDKs/MacOSX26.1.sdk/usr/include/sys/unpcb.h
/Applications/Xcode.app/Contents/Developer/Platforms/MacOSX.platform/Developer/SDKs/MacOSX26.1.sdk/usr/include/sys/user.h
/Applications/Xcode.app/Contents/Developer/Platforms/MacOSX.platform/Developer/SDKs/MacOSX26.1.sdk/usr/include/sys/utfconv.h
/Applications/Xcode.app/Contents/Developer/Platforms/MacOSX.platform/Developer/SDKs/MacOSX26.1.sdk/usr/include/sys/vcmd.h
/Applications/Xcode.app/Contents/Developer/Platforms/MacOSX.platform/Developer/SDKs/MacOSX26.1.sdk/usr/include/sys/vnode.h
/Applications/Xcode.app/Contents/Developer/Platforms/MacOSX.platform/Developer/SDKs/MacOSX26.1.sdk/usr/include/_modules/_darwin_sys_signal.h
/Applications/Xcode.app/Contents/Developer/Platforms/MacOSX.platform/Developer/SDKs/MacOSX26.1.sdk/usr/include/sysdir.h
/Applications/Xcode.app/Contents/Developer/Platforms/MacOSX.platform/Developer/SDKs/MacOSX26.1.sdk/usr/include/libc.h
/Applications/Xcode.app/Contents/Developer/Platforms/MacOSX.platform/Developer/SDKs/MacOSX26.1.sdk/usr/include/paths.h
/Applications/Xcode.app/Contents/Developer/Platforms/MacOSX.platform/Developer/SDKs/MacOSX26.1.sdk/usr/include/sysexits.h
/Applications/Xcode.app/Contents/Developer/Platforms/MacOSX.platform/Developer/SDKs/MacOSX26.1.sdk/SDKSettings.json
/Applications/Xcode.app/Contents/Developer/Platforms/MacOSX.platform/Developer/SDKs/MacOSX26.1.sdk/System/Library/Frameworks/DiskArbitration.framework/Modules/module.modulemap
/Applications/Xcode.app/Contents/Developer/Platforms/MacOSX.platform/Developer/SDKs/MacOSX26.1.sdk/System/Library/Frameworks/DiskArbitration.framework/Headers/DiskArbitration.h
/Applications/Xcode.app/Contents/Developer/Platforms/MacOSX.platform/Developer/SDKs/MacOSX26.1.sdk/System/Library/Frameworks/CoreFoundation.framework/Modules/module.modulemap
/Applications/Xcode.app/Contents/Developer/Platforms/MacOSX.platform/Developer/SDKs/MacOSX26.1.sdk/usr/include/Darwin.modulemap
/Applications/Xcode.app/Contents/Developer/Platforms/MacOSX.platform/Developer/SDKs/MacOSX26.1.sdk/usr/include/DarwinFoundation1.modulemap
/Applications/Xcode.app/Contents/Developer/Platforms/MacOSX.platform/Developer/SDKs/MacOSX26.1.sdk/System/Library/Frameworks/DiskArbitration.framework/Headers/DADisk.h
/Applications/Xcode.app/Contents/Developer/Platforms/MacOSX.platform/Developer/SDKs/MacOSX26.1.sdk/System/Library/Frameworks/IOKit.framework/Modules/module.modulemap
/Applications/Xcode.app/Contents/Developer/Platforms/MacOSX.platform/Developer/SDKs/MacOSX26.1.sdk/System/Library/Frameworks/DiskArbitration.framework/Headers/DASession.h
/Applications/Xcode.app/Contents/Developer/Platforms/MacOSX.platform/Developer/SDKs/MacOSX26.1.sdk/System/Library/Frameworks/DiskArbitration.framework/Headers/DADissenter.h
/Applications/Xcode.app/Contents/Developer/Platforms/MacOSX.platform/Developer/SDKs/MacOSX26.1.sdk/SDKSettings.json
/Applications/Xcode.app/Contents/Developer/Platforms/MacOSX.platform/Developer/SDKs/MacOSX26.1.sdk/usr/include/Dispatch.apinotes
/Applications/Xcode.app/Contents/Developer/Platforms/MacOSX.platform/Developer/SDKs/MacOSX26.1.sdk/usr/include/dispatch.modulemap
/Applications/Xcode.app/Contents/Developer/Platforms/MacOSX.platform/Developer/SDKs/MacOSX26.1.sdk/usr/include/os.modulemap
/Applications/Xcode.app/Contents/Developer/Platforms/MacOSX.platform/Developer/SDKs/MacOSX26.1.sdk/usr/include/Darwin.modulemap
/Applications/Xcode.app/Contents/Developer/Platforms/MacOSX.platform/Developer/SDKs/MacOSX26.1.sdk/usr/include/Darwin_C.modulemap
/Applications/Xcode.app/Contents/Developer/Platforms/MacOSX.platform/Developer/SDKs/MacOSX26.1.sdk/usr/include/Darwin_POSIX.modulemap
/Applications/Xcode.app/Contents/Developer/Platforms/MacOSX.platform/Developer/SDKs/MacOSX26.1.sdk/usr/include/net.modulemap
/Applications/Xcode.app/Contents/Developer/Platforms/MacOSX.platform/Developer/SDKs/MacOSX26.1.sdk/usr/include/netinet.modulemap
/Applications/Xcode.app/Contents/Developer/Platforms/MacOSX.platform/Developer/SDKs/MacOSX26.1.sdk/usr/include/bank.modulemap
/Applications/Xcode.app/Contents/Developer/Platforms/MacOSX.platform/Developer/SDKs/MacOSX26.1.sdk/usr/include/Darwin_Mach.modulemap
/Applications/Xcode.app/Contents/Developer/Platforms/MacOSX.platform/Developer/SDKs/MacOSX26.1.sdk/usr/include/Darwin_Mach_machine.modulemap
/Applications/Xcode.app/Contents/Developer/Platforms/MacOSX.platform/Developer/SDKs/MacOSX26.1.sdk/usr/include/mach_debug.modulemap
/Applications/Xcode.app/Contents/Developer/Platforms/MacOSX.platform/Developer/SDKs/MacOSX26.1.sdk/usr/include/device.modulemap
/Applications/Xcode.app/Contents/Developer/Platforms/MacOSX.platform/Developer/SDKs/MacOSX26.1.sdk/usr/include/Darwin_machine.modulemap
/Applications/Xcode.app/Contents/Developer/Platforms/MacOSX.platform/Developer/SDKs/MacOSX26.1.sdk/usr/include/ncurses.modulemap
/Applications/Xcode.app/Contents/Developer/Platforms/MacOSX.platform/Developer/SDKs/MacOSX26.1.sdk/usr/include/netinet6.modulemap
/Applications/Xcode.app/Contents/Developer/Platforms/MacOSX.platform/Developer/SDKs/MacOSX26.1.sdk/usr/include/Darwin_sys.modulemap
/Applications/Xcode.app/Contents/Developer/Platforms/MacOSX.platform/Developer/SDKs/MacOSX26.1.sdk/usr/include/uuid.modulemap
/Applications/Xcode.app/Contents/Developer/Platforms/MacOSX.platform/Developer/SDKs/MacOSX26.1.sdk/usr/include/DarwinFoundation2.modulemap
/Applications/Xcode.app/Contents/Developer/Platforms/MacOSX.platform/Developer/SDKs/MacOSX26.1.sdk/usr/include/DarwinFoundation3.modulemap
/Applications/Xcode.app/Contents/Developer/Platforms/MacOSX.platform/Developer/SDKs/MacOSX26.1.sdk/usr/include/DarwinFoundation1.modulemap
/Applications/Xcode.app/Contents/Developer/Platforms/MacOSX.platform/Developer/SDKs/MacOSX26.1.sdk/usr/include/dispatch/dispatch.h
/Applications/Xcode.app/Contents/Developer/Toolchains/XcodeDefault.xctoolchain/usr/lib/swift/clang/include/module.modulemap
/Applications/Xcode.app/Contents/Developer/Toolchains/XcodeDefault.xctoolchain/usr/lib/swift/clang/include/stddef.h
/Applications/Xcode.app/Contents/Developer/Toolchains/XcodeDefault.xctoolchain/usr/lib/swift/clang/include/stdarg.h
/Applications/Xcode.app/Contents/Developer/Platforms/MacOSX.platform/Developer/SDKs/MacOSX26.1.sdk/usr/include/string.h
/Applications/Xcode.app/Contents/Developer/Platforms/MacOSX.platform/Developer/SDKs/MacOSX26.1.sdk/usr/include/dispatch/base.h
/Applications/Xcode.app/Contents/Developer/Platforms/MacOSX.platform/Developer/SDKs/MacOSX26.1.sdk/usr/include/dispatch/time.h
/Applications/Xcode.app/Contents/Developer/Platforms/MacOSX.platform/Developer/SDKs/MacOSX26.1.sdk/usr/include/dispatch/object.h
/Applications/Xcode.app/Contents/Developer/Platforms/MacOSX.platform/Developer/SDKs/MacOSX26.1.sdk/usr/include/dispatch/queue.h
/Applications/Xcode.app/Contents/Developer/Platforms/MacOSX.platform/Developer/SDKs/MacOSX26.1.sdk/usr/include/dispatch/block.h
/Applications/Xcode.app/Contents/Developer/Platforms/MacOSX.platform/Developer/SDKs/MacOSX26.1.sdk/usr/include/dispatch/source.h
/Applications/Xcode.app/Contents/Developer/Platforms/MacOSX.platform/Developer/SDKs/MacOSX26.1.sdk/usr/include/dispatch/group.h
/Applications/Xcode.app/Contents/Developer/Platforms/MacOSX.platform/Developer/SDKs/MacOSX26.1.sdk/usr/include/dispatch/semaphore.h
/Applications/Xcode.app/Contents/Developer/Platforms/MacOSX.platform/Developer/SDKs/MacOSX26.1.sdk/usr/include/dispatch/once.h
/Applications/Xcode.app/Contents/Developer/Platforms/MacOSX.platform/Developer/SDKs/MacOSX26.1.sdk/usr/include/dispatch/data.h
/Applications/Xcode.app/Contents/Developer/Platforms/MacOSX.platform/Developer/SDKs/MacOSX26.1.sdk/usr/include/dispatch/io.h
/Applications/Xcode.app/Contents/Developer/Platforms/MacOSX.platform/Developer/SDKs/MacOSX26.1.sdk/usr/include/dispatch/workloop.h
/Applications/Xcode.app/Contents/Developer/Platforms/MacOSX.platform/Developer/SDKs/MacOSX26.1.sdk/usr/include/dispatch/dispatch_swift_shims.h
/Applications/Xcode.app/Contents/Developer/Platforms/MacOSX.platform/Developer/SDKs/MacOSX26.1.sdk/SDKSettings.json
/Applications/Xcode.app/Contents/Developer/Toolchains/XcodeDefault.xctoolchain/usr/lib/swift/macosx/prebuilt-modules/26.1/Dispatch.swiftmodule/arm64e-apple-macos.swiftmodule
/Applications/Xcode.app/Contents/Developer/Toolchains/XcodeDefault.xctoolchain/usr/lib/swift/macosx/prebuilt-modules/26.1/Foundation.swiftmodule/arm64e-apple-macos.swiftmodule
/Applications/Xcode.app/Contents/Developer/Platforms/MacOSX.platform/Developer/SDKs/MacOSX26.1.sdk/System/Library/Frameworks/Foundation.framework/Headers/Foundation.apinotes
/Applications/Xcode.app/Contents/Developer/Platforms/MacOSX.platform/Developer/SDKs/MacOSX26.1.sdk/System/Library/Frameworks/Foundation.framework/Modules/module.modulemap
/Applications/Xcode.app/Contents/Developer/Platforms/MacOSX.platform/Developer/SDKs/MacOSX26.1.sdk/System/Library/Frameworks/Foundation.framework/Headers/Foundation.h
/Applications/Xcode.app/Contents/Developer/Platforms/MacOSX.platform/Developer/SDKs/MacOSX26.1.sdk/System/Library/Frameworks/CoreFoundation.framework/Modules/module.modulemap
/Applications/Xcode.app/Contents/Developer/Platforms/MacOSX.platform/Developer/SDKs/MacOSX26.1.sdk/System/Library/Frameworks/Foundation.framework/Headers/NSObjCRuntime.h
/Applications/Xcode.app/Contents/Developer/Platforms/MacOSX.platform/Developer/SDKs/MacOSX26.1.sdk/usr/include/xpc.modulemap
/Applications/Xcode.app/Contents/Developer/Platforms/MacOSX.platform/Developer/SDKs/MacOSX26.1.sdk/usr/include/dispatch.modulemap
/Applications/Xcode.app/Contents/Developer/Platforms/MacOSX.platform/Developer/SDKs/MacOSX26.1.sdk/usr/include/ObjectiveC.modulemap
/Applications/Xcode.app/Contents/Developer/Platforms/MacOSX.platform/Developer/SDKs/MacOSX26.1.sdk/usr/include/Darwin.modulemap
/Applications/Xcode.app/Contents/Developer/Platforms/MacOSX.platform/Developer/SDKs/MacOSX26.1.sdk/usr/include/DarwinFoundation1.modulemap
/Applications/Xcode.app/Contents/Developer/Toolchains/XcodeDefault.xctoolchain/usr/lib/swift/clang/include/module.modulemap
/Applications/Xcode.app/Contents/Developer/Toolchains/XcodeDefault.xctoolchain/usr/lib/swift/clang/include/stdarg.h
/Applications/Xcode.app/Contents/Developer/Platforms/MacOSX.platform/Developer/SDKs/MacOSX26.1.sdk/System/Library/Frameworks/Foundation.framework/Headers/NSArray.h
/Applications/Xcode.app/Contents/Developer/Platforms/MacOSX.platform/Developer/SDKs/MacOSX26.1.sdk/System/Library/Frameworks/Foundation.framework/Headers/NSObject.h
/Applications/Xcode.app/Contents/Developer/Platforms/MacOSX.platform/Developer/SDKs/MacOSX26.1.sdk/System/Library/Frameworks/Foundation.framework/Headers/NSZone.h
/Applications/Xcode.app/Contents/Developer/Toolchains/XcodeDefault.xctoolchain/usr/lib/swift/clang/include/stddef.h
/Applications/Xcode.app/Contents/Developer/Platforms/MacOSX.platform/Developer/SDKs/MacOSX26.1.sdk/System/Library/Frameworks/Foundation.framework/Headers/NSEnumerator.h
/Applications/Xcode.app/Contents/Developer/Platforms/MacOSX.platform/Developer/SDKs/MacOSX26.1.sdk/System/Library/Frameworks/Foundation.framework/Headers/NSRange.h
/Applications/Xcode.app/Contents/Developer/Platforms/MacOSX.platform/Developer/SDKs/MacOSX26.1.sdk/System/Library/Frameworks/Foundation.framework/Headers/NSValue.h
/Applications/Xcode.app/Contents/Developer/Platforms/MacOSX.platform/Developer/SDKs/MacOSX26.1.sdk/System/Library/Frameworks/Foundation.framework/Headers/NSOrderedCollectionDifference.h
/Applications/Xcode.app/Contents/Developer/Platforms/MacOSX.platform/Developer/SDKs/MacOSX26.1.sdk/System/Library/Frameworks/Foundation.framework/Headers/NSOrderedCollectionChange.h
/Applications/Xcode.app/Contents/Developer/Platforms/MacOSX.platform/Developer/SDKs/MacOSX26.1.sdk/System/Library/Frameworks/Foundation.framework/Headers/NSIndexSet.h
/Applications/Xcode.app/Contents/Developer/Platforms/MacOSX.platform/Developer/SDKs/MacOSX26.1.sdk/System/Library/Frameworks/Foundation.framework/Headers/NSAutoreleasePool.h
/Applications/Xcode.app/Contents/Developer/Platforms/MacOSX.platform/Developer/SDKs/MacOSX26.1.sdk/System/Library/Frameworks/Foundation.framework/Headers/NSBundle.h
/Applications/Xcode.app/Contents/Developer/Platforms/MacOSX.platform/Developer/SDKs/MacOSX26.1.sdk/System/Library/Frameworks/Foundation.framework/Headers/NSString.h
/Applications/Xcode.app/Contents/Developer/Platforms/MacOSX.platform/Developer/SDKs/MacOSX26.1.sdk/System/Library/Frameworks/Foundation.framework/Headers/NSItemProvider.h
/Applications/Xcode.app/Contents/Developer/Platforms/MacOSX.platform/Developer/SDKs/MacOSX26.1.sdk/System/Library/Frameworks/Foundation.framework/Headers/NSDictionary.h
/Applications/Xcode.app/Contents/Developer/Platforms/MacOSX.platform/Developer/SDKs/MacOSX26.1.sdk/System/Library/Frameworks/Foundation.framework/Headers/NSSet.h
/Applications/Xcode.app/Contents/Developer/Platforms/MacOSX.platform/Developer/SDKs/MacOSX26.1.sdk/System/Library/Frameworks/Foundation.framework/Headers/NSProgress.h
/Applications/Xcode.app/Contents/Developer/Platforms/MacOSX.platform/Developer/SDKs/MacOSX26.1.sdk/System/Library/Frameworks/Foundation.framework/Headers/NSNotification.h
/Applications/Xcode.app/Contents/Developer/Platforms/MacOSX.platform/Developer/SDKs/MacOSX26.1.sdk/System/Library/Frameworks/Foundation.framework/Headers/NSByteOrder.h
/Applications/Xcode.app/Contents/Developer/Platforms/MacOSX.platform/Developer/SDKs/MacOSX26.1.sdk/System/Library/Frameworks/Foundation.framework/Headers/NSCalendar.h
/Applications/Xcode.app/Contents/Developer/Platforms/MacOSX.platform/Developer/SDKs/MacOSX26.1.sdk/System/Library/Frameworks/Foundation.framework/Headers/NSDate.h
/Applications/Xcode.app/Contents/Developer/Platforms/MacOSX.platform/Developer/SDKs/MacOSX26.1.sdk/System/Library/Frameworks/Foundation.framework/Headers/NSCharacterSet.h
/Applications/Xcode.app/Contents/Developer/Platforms/MacOSX.platform/Developer/SDKs/MacOSX26.1.sdk/System/Library/Frameworks/Foundation.framework/Headers/NSCoder.h
/Applications/Xcode.app/Contents/Developer/Platforms/MacOSX.platform/Developer/SDKs/MacOSX26.1.sdk/System/Library/Frameworks/Foundation.framework/Headers/NSData.h
/Applications/Xcode.app/Contents/Developer/Platforms/MacOSX.platform/Developer/SDKs/MacOSX26.1.sdk/System/Library/Frameworks/Foundation.framework/Headers/NSDateInterval.h
/Applications/Xcode.app/Contents/Developer/Platforms/MacOSX.platform/Developer/SDKs/MacOSX26.1.sdk/System/Library/Frameworks/Foundation.framework/Headers/NSDateFormatter.h
/Applications/Xcode.app/Contents/Developer/Platforms/MacOSX.platform/Developer/SDKs/MacOSX26.1.sdk/System/Library/Frameworks/Foundation.framework/Headers/NSFormatter.h
/Applications/Xcode.app/Contents/Developer/Platforms/MacOSX.platform/Developer/SDKs/MacOSX26.1.sdk/System/Library/Frameworks/Foundation.framework/Headers/NSAttributedString.h
/Applications/Xcode.app/Contents/Developer/Platforms/MacOSX.platform/Developer/SDKs/MacOSX26.1.sdk/System/Library/Frameworks/Foundation.framework/Headers/NSDateIntervalFormatter.h
/Applications/Xcode.app/Contents/Developer/Platforms/MacOSX.platform/Developer/SDKs/MacOSX26.1.sdk/System/Library/Frameworks/Foundation.framework/Headers/NSISO8601DateFormatter.h
/Applications/Xcode.app/Contents/Developer/Platforms/MacOSX.platform/Developer/SDKs/MacOSX26.1.sdk/System/Library/Frameworks/Foundation.framework/Headers/NSMassFormatter.h
/Applications/Xcode.app/Contents/Developer/Platforms/MacOSX.platform/Developer/SDKs/MacOSX26.1.sdk/System/Library/Frameworks/Foundation.framework/Headers/NSLengthFormatter.h
/Applications/Xcode.app/Contents/Developer/Platforms/MacOSX.platform/Developer/SDKs/MacOSX26.1.sdk/System/Library/Frameworks/Foundation.framework/Headers/NSEnergyFormatter.h
/Applications/Xcode.app/Contents/Developer/Platforms/MacOSX.platform/Developer/SDKs/MacOSX26.1.sdk/System/Library/Frameworks/Foundation.framework/Headers/NSMeasurementFormatter.h
/Applications/Xcode.app/Contents/Developer/Platforms/MacOSX.platform/Developer/SDKs/MacOSX26.1.sdk/System/Library/Frameworks/Foundation.framework/Headers/NSNumberFormatter.h
/Applications/Xcode.app/Contents/Developer/Platforms/MacOSX.platform/Developer/SDKs/MacOSX26.1.sdk/System/Library/Frameworks/Foundation.framework/Headers/NSMeasurement.h
/Applications/Xcode.app/Contents/Developer/Platforms/MacOSX.platform/Developer/SDKs/MacOSX26.1.sdk/System/Library/Frameworks/Foundation.framework/Headers/NSUnit.h
/Applications/Xcode.app/Contents/Developer/Platforms/MacOSX.platform/Developer/SDKs/MacOSX26.1.sdk/System/Library/Frameworks/Foundation.framework/Headers/NSLocale.h
/Applications/Xcode.app/Contents/Developer/Platforms/MacOSX.platform/Developer/SDKs/MacOSX26.1.sdk/System/Library/Frameworks/Foundation.framework/Headers/NSPersonNameComponents.h
/Applications/Xcode.app/Contents/Developer/Platforms/MacOSX.platform/Developer/SDKs/MacOSX26.1.sdk/System/Library/Frameworks/Foundation.framework/Headers/NSPersonNameComponentsFormatter.h
/Applications/Xcode.app/Contents/Developer/Platforms/MacOSX.platform/Developer/SDKs/MacOSX26.1.sdk/System/Library/Frameworks/Foundation.framework/Headers/NSRelativeDateTimeFormatter.h
/Applications/Xcode.app/Contents/Developer/Platforms/MacOSX.platform/Developer/SDKs/MacOSX26.1.sdk/System/Library/Frameworks/Foundation.framework/Headers/NSListFormatter.h
/Applications/Xcode.app/Contents/Developer/Platforms/MacOSX.platform/Developer/SDKs/MacOSX26.1.sdk/System/Library/Frameworks/Foundation.framework/Headers/NSDecimal.h
/Applications/Xcode.app/Contents/Developer/Platforms/MacOSX.platform/Developer/SDKs/MacOSX26.1.sdk/System/Library/Frameworks/Foundation.framework/Headers/NSDecimalNumber.h
/Applications/Xcode.app/Contents/Developer/Platforms/MacOSX.platform/Developer/SDKs/MacOSX26.1.sdk/System/Library/Frameworks/Foundation.framework/Headers/NSScanner.h
/Applications/Xcode.app/Contents/Developer/Platforms/MacOSX.platform/Developer/SDKs/MacOSX26.1.sdk/System/Library/Frameworks/Foundation.framework/Headers/NSException.h
/Applications/Xcode.app/Contents/Developer/Platforms/MacOSX.platform/Developer/SDKs/MacOSX26.1.sdk/System/Library/Frameworks/Foundation.framework/Headers/NSError.h
/Applications/Xcode.app/Contents/Developer/Platforms/MacOSX.platform/Developer/SDKs/MacOSX26.1.sdk/System/Library/Frameworks/Foundation.framework/Headers/NSFileHandle.h
/Applications/Xcode.app/Contents/Developer/Platforms/MacOSX.platform/Developer/SDKs/MacOSX26.1.sdk/System/Library/Frameworks/Foundation.framework/Headers/NSRunLoop.h
/Applications/Xcode.app/Contents/Developer/Platforms/MacOSX.platform/Developer/SDKs/MacOSX26.1.sdk/System/Library/Frameworks/Foundation.framework/Headers/NSFileManager.h
/Applications/Xcode.app/Contents/Developer/Platforms/MacOSX.platform/Developer/SDKs/MacOSX26.1.sdk/System/Library/Frameworks/Foundation.framework/Headers/NSPathUtilities.h
/Applications/Xcode.app/Contents/Developer/Platforms/MacOSX.platform/Developer/SDKs/MacOSX26.1.sdk/System/Library/Frameworks/Foundation.framework/Headers/NSURL.h
/Applications/Xcode.app/Contents/Developer/Platforms/MacOSX.platform/Developer/SDKs/MacOSX26.1.sdk/System/Library/Frameworks/Foundation.framework/Headers/NSURLHandle.h
/Applications/Xcode.app/Contents/Developer/Platforms/MacOSX.platform/Developer/SDKs/MacOSX26.1.sdk/System/Library/Frameworks/Foundation.framework/Headers/NSHashTable.h
/Applications/Xcode.app/Contents/Developer/Platforms/MacOSX.platform/Developer/SDKs/MacOSX26.1.sdk/System/Library/Frameworks/Foundation.framework/Headers/NSPointerFunctions.h
/Applications/Xcode.app/Contents/Developer/Platforms/MacOSX.platform/Developer/SDKs/MacOSX26.1.sdk/System/Library/Frameworks/Foundation.framework/Headers/NSHTTPCookie.h
/Applications/Xcode.app/Contents/Developer/Platforms/MacOSX.platform/Developer/SDKs/MacOSX26.1.sdk/System/Library/Frameworks/Foundation.framework/Headers/NSHTTPCookieStorage.h
/Applications/Xcode.app/Contents/Developer/Platforms/MacOSX.platform/Developer/SDKs/MacOSX26.1.sdk/System/Library/Frameworks/Foundation.framework/Headers/NSIndexPath.h
/Applications/Xcode.app/Contents/Developer/Platforms/MacOSX.platform/Developer/SDKs/MacOSX26.1.sdk/System/Library/Frameworks/Foundation.framework/Headers/NSInflectionRule.h
/Applications/Xcode.app/Contents/Developer/Platforms/MacOSX.platform/Developer/SDKs/MacOSX26.1.sdk/System/Library/Frameworks/Foundation.framework/Headers/NSInvocation.h
/Applications/Xcode.app/Contents/Developer/Platforms/MacOSX.platform/Developer/SDKs/MacOSX26.1.sdk/System/Library/Frameworks/Foundation.framework/Headers/NSJSONSerialization.h
/Applications/Xcode.app/Contents/Developer/Platforms/MacOSX.platform/Developer/SDKs/MacOSX26.1.sdk/System/Library/Frameworks/Foundation.framework/Headers/NSKeyValueCoding.h
/Applications/Xcode.app/Contents/Developer/Platforms/MacOSX.platform/Developer/SDKs/MacOSX26.1.sdk/System/Library/Frameworks/Foundation.framework/Headers/NSOrderedSet.h
/Applications/Xcode.app/Contents/Developer/Platforms/MacOSX.platform/Developer/SDKs/MacOSX26.1.sdk/System/Library/Frameworks/Foundation.framework/Headers/NSKeyValueObserving.h
/Applications/Xcode.app/Contents/Developer/Platforms/MacOSX.platform/Developer/SDKs/MacOSX26.1.sdk/System/Library/Frameworks/Foundation.framework/Headers/NSKeyValueSharedObservers.h
/Applications/Xcode.app/Contents/Developer/Platforms/MacOSX.platform/Developer/SDKs/MacOSX26.1.sdk/System/Library/Frameworks/Foundation.framework/Headers/NSKeyedArchiver.h
/Applications/Xcode.app/Contents/Developer/Platforms/MacOSX.platform/Developer/SDKs/MacOSX26.1.sdk/System/Library/Frameworks/Foundation.framework/Headers/NSPropertyList.h
/Applications/Xcode.app/Contents/Developer/Platforms/MacOSX.platform/Developer/SDKs/MacOSX26.1.sdk/System/Library/Frameworks/Foundation.framework/Headers/NSGeometry.h
/Applications/Xcode.app/Contents/Developer/Platforms/MacOSX.platform/Developer/SDKs/MacOSX26.1.sdk/System/Library/Frameworks/Foundation.framework/Headers/NSLock.h
/Applications/Xcode.app/Contents/Developer/Platforms/MacOSX.platform/Developer/SDKs/MacOSX26.1.sdk/System/Library/Frameworks/Foundation.framework/Headers/NSMapTable.h
/Applications/Xcode.app/Contents/Developer/Platforms/MacOSX.platform/Developer/SDKs/MacOSX26.1.sdk/System/Library/Frameworks/Foundation.framework/Headers/NSMethodSignature.h
/Applications/Xcode.app/Contents/Developer/Platforms/MacOSX.platform/Developer/SDKs/MacOSX26.1.sdk/System/Library/Frameworks/Foundation.framework/Headers/NSMorphology.h
/Applications/Xcode.app/Contents/Developer/Platforms/MacOSX.platform/Developer/SDKs/MacOSX26.1.sdk/System/Library/Frameworks/Foundation.framework/Headers/NSTermOfAddress.h
/Applications/Xcode.app/Contents/Developer/Platforms/MacOSX.platform/Developer/SDKs/MacOSX26.1.sdk/System/Library/Frameworks/Foundation.framework/Headers/NSNotificationQueue.h
/Applications/Xcode.app/Contents/Developer/Platforms/MacOSX.platform/Developer/SDKs/MacOSX26.1.sdk/System/Library/Frameworks/Foundation.framework/Headers/NSNull.h
/Applications/Xcode.app/Contents/Developer/Platforms/MacOSX.platform/Developer/SDKs/MacOSX26.1.sdk/System/Library/Frameworks/Foundation.framework/Headers/NSLocalizedNumberFormatRule.h
/Applications/Xcode.app/Contents/Developer/Platforms/MacOSX.platform/Developer/SDKs/MacOSX26.1.sdk/System/Library/Frameworks/Foundation.framework/Headers/NSOperation.h
/Applications/Xcode.app/Contents/Developer/Platforms/MacOSX.platform/Developer/SDKs/MacOSX26.1.sdk/System/Library/Frameworks/Foundation.framework/Headers/NSOrthography.h
/Applications/Xcode.app/Contents/Developer/Platforms/MacOSX.platform/Developer/SDKs/MacOSX26.1.sdk/System/Library/Frameworks/Foundation.framework/Headers/NSPointerArray.h
/Applications/Xcode.app/Contents/Developer/Platforms/MacOSX.platform/Developer/SDKs/MacOSX26.1.sdk/System/Library/Frameworks/Foundation.framework/Headers/NSPort.h
/Applications/Xcode.app/Contents/Developer/Platforms/MacOSX.platform/Developer/SDKs/MacOSX26.1.sdk/System/Library/Frameworks/Foundation.framework/Headers/NSProcessInfo.h
/Applications/Xcode.app/Contents/Developer/Platforms/MacOSX.platform/Developer/SDKs/MacOSX26.1.sdk/System/Library/Frameworks/Foundation.framework/Headers/NSProxy.h
/Applications/Xcode.app/Contents/Developer/Platforms/MacOSX.platform/Developer/SDKs/MacOSX26.1.sdk/System/Library/Frameworks/Foundation.framework/Headers/NSRegularExpression.h
/Applications/Xcode.app/Contents/Developer/Platforms/MacOSX.platform/Developer/SDKs/MacOSX26.1.sdk/System/Library/Frameworks/Foundation.framework/Headers/NSTextCheckingResult.h
/Applications/Xcode.app/Contents/Developer/Platforms/MacOSX.platform/Developer/SDKs/MacOSX26.1.sdk/System/Library/Frameworks/Foundation.framework/Headers/NSSortDescriptor.h
/Applications/Xcode.app/Contents/Developer/Platforms/MacOSX.platform/Developer/SDKs/MacOSX26.1.sdk/System/Library/Frameworks/Foundation.framework/Headers/NSStream.h
/Applications/Xcode.app/Contents/Developer/Platforms/MacOSX.platform/Developer/SDKs/MacOSX26.1.sdk/System/Library/Frameworks/Foundation.framework/Headers/NSThread.h
/Applications/Xcode.app/Contents/Developer/Platforms/MacOSX.platform/Developer/SDKs/MacOSX26.1.sdk/System/Library/Frameworks/Foundation.framework/Headers/NSTimeZone.h
/Applications/Xcode.app/Contents/Developer/Platforms/MacOSX.platform/Developer/SDKs/MacOSX26.1.sdk/System/Library/Frameworks/Foundation.framework/Headers/NSTimer.h
/Applications/Xcode.app/Contents/Developer/Platforms/MacOSX.platform/Developer/SDKs/MacOSX26.1.sdk/System/Library/Frameworks/Foundation.framework/Headers/NSURLAuthenticationChallenge.h
/Applications/Xcode.app/Contents/Developer/Platforms/MacOSX.platform/Developer/SDKs/MacOSX26.1.sdk/System/Library/Frameworks/Foundation.framework/Headers/NSURLCache.h
/Applications/Xcode.app/Contents/Developer/Platforms/MacOSX.platform/Developer/SDKs/MacOSX26.1.sdk/System/Library/Frameworks/Foundation.framework/Headers/NSURLConnection.h
/Applications/Xcode.app/Contents/Developer/Platforms/MacOSX.platform/Developer/SDKs/MacOSX26.1.sdk/System/Library/Frameworks/Foundation.framework/Headers/NSURLCredential.h
/Applications/Xcode.app/Contents/Developer/Platforms/MacOSX.platform/Developer/SDKs/MacOSX26.1.sdk/System/Library/Frameworks/Security.framework/Modules/module.modulemap
/Applications/Xcode.app/Contents/Developer/Platforms/MacOSX.platform/Developer/SDKs/MacOSX26.1.sdk/System/Library/Frameworks/Foundation.framework/Headers/NSURLCredentialStorage.h
/Applications/Xcode.app/Contents/Developer/Platforms/MacOSX.platform/Developer/SDKs/MacOSX26.1.sdk/System/Library/Frameworks/Foundation.framework/Headers/NSURLProtectionSpace.h
/Applications/Xcode.app/Contents/Developer/Platforms/MacOSX.platform/Developer/SDKs/MacOSX26.1.sdk/System/Library/Frameworks/Foundation.framework/Headers/NSURLError.h
/Applications/Xcode.app/Contents/Developer/Platforms/MacOSX.platform/Developer/SDKs/MacOSX26.1.sdk/System/Library/Frameworks/CoreServices.framework/Modules/module.modulemap
/Applications/Xcode.app/Contents/Developer/Platforms/MacOSX.platform/Developer/SDKs/MacOSX26.1.sdk/System/Library/Frameworks/Foundation.framework/Headers/NSURLProtocol.h
/Applications/Xcode.app/Contents/Developer/Platforms/MacOSX.platform/Developer/SDKs/MacOSX26.1.sdk/System/Library/Frameworks/Foundation.framework/Headers/NSURLRequest.h
/Applications/Xcode.app/Contents/Developer/Platforms/MacOSX.platform/Developer/SDKs/MacOSX26.1.sdk/System/Library/Frameworks/Foundation.framework/Headers/NSURLResponse.h
/Applications/Xcode.app/Contents/Developer/Platforms/MacOSX.platform/Developer/SDKs/MacOSX26.1.sdk/System/Library/Frameworks/Foundation.framework/Headers/NSUserDefaults.h
/Applications/Xcode.app/Contents/Developer/Platforms/MacOSX.platform/Developer/SDKs/MacOSX26.1.sdk/System/Library/Frameworks/Foundation.framework/Headers/NSValueTransformer.h
/Applications/Xcode.app/Contents/Developer/Platforms/MacOSX.platform/Developer/SDKs/MacOSX26.1.sdk/System/Library/Frameworks/Foundation.framework/Headers/NSXMLParser.h
/Applications/Xcode.app/Contents/Developer/Platforms/MacOSX.platform/Developer/SDKs/MacOSX26.1.sdk/System/Library/Frameworks/Foundation.framework/Headers/NSXPCConnection.h
/Applications/Xcode.app/Contents/Developer/Platforms/MacOSX.platform/Developer/SDKs/MacOSX26.1.sdk/System/Library/Frameworks/Foundation.framework/Headers/FoundationErrors.h
/Applications/Xcode.app/Contents/Developer/Platforms/MacOSX.platform/Developer/SDKs/MacOSX26.1.sdk/System/Library/Frameworks/Foundation.framework/Headers/NSByteCountFormatter.h
/Applications/Xcode.app/Contents/Developer/Platforms/MacOSX.platform/Developer/SDKs/MacOSX26.1.sdk/System/Library/Frameworks/Foundation.framework/Headers/NSCache.h
/Applications/Xcode.app/Contents/Developer/Platforms/MacOSX.platform/Developer/SDKs/MacOSX26.1.sdk/System/Library/Frameworks/Foundation.framework/Headers/NSComparisonPredicate.h
/Applications/Xcode.app/Contents/Developer/Platforms/MacOSX.platform/Developer/SDKs/MacOSX26.1.sdk/System/Library/Frameworks/Foundation.framework/Headers/NSPredicate.h
/Applications/Xcode.app/Contents/Developer/Platforms/MacOSX.platform/Developer/SDKs/MacOSX26.1.sdk/System/Library/Frameworks/Foundation.framework/Headers/NSCompoundPredicate.h
/Applications/Xcode.app/Contents/Developer/Platforms/MacOSX.platform/Developer/SDKs/MacOSX26.1.sdk/System/Library/Frameworks/Foundation.framework/Headers/NSDateComponentsFormatter.h
/Applications/Xcode.app/Contents/Developer/Platforms/MacOSX.platform/Developer/SDKs/MacOSX26.1.sdk/System/Library/Frameworks/Foundation.framework/Headers/NSExpression.h
/Applications/Xcode.app/Contents/Developer/Platforms/MacOSX.platform/Developer/SDKs/MacOSX26.1.sdk/System/Library/Frameworks/Foundation.framework/Headers/NSExtensionContext.h
/Applications/Xcode.app/Contents/Developer/Platforms/MacOSX.platform/Developer/SDKs/MacOSX26.1.sdk/System/Library/Frameworks/Foundation.framework/Headers/NSExtensionItem.h
/Applications/Xcode.app/Contents/Developer/Platforms/MacOSX.platform/Developer/SDKs/MacOSX26.1.sdk/System/Library/Frameworks/Foundation.framework/Headers/NSExtensionRequestHandling.h
/Applications/Xcode.app/Contents/Developer/Platforms/MacOSX.platform/Developer/SDKs/MacOSX26.1.sdk/System/Library/Frameworks/Foundation.framework/Headers/NSFileCoordinator.h
/Applications/Xcode.app/Contents/Developer/Platforms/MacOSX.platform/Developer/SDKs/MacOSX26.1.sdk/System/Library/Frameworks/Foundation.framework/Headers/NSFilePresenter.h
/Applications/Xcode.app/Contents/Developer/Platforms/MacOSX.platform/Developer/SDKs/MacOSX26.1.sdk/System/Library/Frameworks/Foundation.framework/Headers/NSFileVersion.h
/Applications/Xcode.app/Contents/Developer/Platforms/MacOSX.platform/Developer/SDKs/MacOSX26.1.sdk/System/Library/Frameworks/Foundation.framework/Headers/NSFileWrapper.h
/Applications/Xcode.app/Contents/Developer/Platforms/MacOSX.platform/Developer/SDKs/MacOSX26.1.sdk/System/Library/Frameworks/Foundation.framework/Headers/NSLinguisticTagger.h
/Applications/Xcode.app/Contents/Developer/Platforms/MacOSX.platform/Developer/SDKs/MacOSX26.1.sdk/System/Library/Frameworks/Foundation.framework/Headers/NSMetadata.h
/Applications/Xcode.app/Contents/Developer/Platforms/MacOSX.platform/Developer/SDKs/MacOSX26.1.sdk/System/Library/Frameworks/Foundation.framework/Headers/NSMetadataAttributes.h
/Applications/Xcode.app/Contents/Developer/Platforms/MacOSX.platform/Developer/SDKs/MacOSX26.1.sdk/System/Library/Frameworks/Foundation.framework/Headers/NSNetServices.h
/Applications/Xcode.app/Contents/Developer/Platforms/MacOSX.platform/Developer/SDKs/MacOSX26.1.sdk/System/Library/Frameworks/Foundation.framework/Headers/NSUbiquitousKeyValueStore.h
/Applications/Xcode.app/Contents/Developer/Platforms/MacOSX.platform/Developer/SDKs/MacOSX26.1.sdk/System/Library/Frameworks/Foundation.framework/Headers/NSUndoManager.h
/Applications/Xcode.app/Contents/Developer/Platforms/MacOSX.platform/Developer/SDKs/MacOSX26.1.sdk/System/Library/Frameworks/Foundation.framework/Headers/NSURLSession.h
/Applications/Xcode.app/Contents/Developer/Platforms/MacOSX.platform/Developer/SDKs/MacOSX26.1.sdk/System/Library/Frameworks/Foundation.framework/Headers/NSUserActivity.h
/Applications/Xcode.app/Contents/Developer/Platforms/MacOSX.platform/Developer/SDKs/MacOSX26.1.sdk/System/Library/Frameworks/Foundation.framework/Headers/NSUUID.h
/Applications/Xcode.app/Contents/Developer/Platforms/MacOSX.platform/Developer/SDKs/MacOSX26.1.sdk/System/Library/Frameworks/Foundation.framework/Headers/NSAffineTransform.h
/Applications/Xcode.app/Contents/Developer/Platforms/MacOSX.platform/Developer/SDKs/MacOSX26.1.sdk/System/Library/Frameworks/Foundation.framework/Headers/NSAppleScript.h
/Applications/Xcode.app/Contents/Developer/Platforms/MacOSX.platform/Developer/SDKs/MacOSX26.1.sdk/System/Library/Frameworks/Foundation.framework/Headers/NSArchiver.h
/Applications/Xcode.app/Contents/Developer/Platforms/MacOSX.platform/Developer/SDKs/MacOSX26.1.sdk/System/Library/Frameworks/Foundation.framework/Headers/NSBackgroundActivityScheduler.h
/Applications/Xcode.app/Contents/Developer/Platforms/MacOSX.platform/Developer/SDKs/MacOSX26.1.sdk/System/Library/Frameworks/Foundation.framework/Headers/NSCalendarDate.h
/Applications/Xcode.app/Contents/Developer/Platforms/MacOSX.platform/Developer/SDKs/MacOSX26.1.sdk/System/Library/Frameworks/Foundation.framework/Headers/NSConnection.h
/Applications/Xcode.app/Contents/Developer/Platforms/MacOSX.platform/Developer/SDKs/MacOSX26.1.sdk/System/Library/Frameworks/Foundation.framework/Headers/NSDistantObject.h
/Applications/Xcode.app/Contents/Developer/Platforms/MacOSX.platform/Developer/SDKs/MacOSX26.1.sdk/System/Library/Frameworks/Foundation.framework/Headers/NSDistributedNotificationCenter.h
/Applications/Xcode.app/Contents/Developer/Platforms/MacOSX.platform/Developer/SDKs/MacOSX26.1.sdk/System/Library/Frameworks/Foundation.framework/Headers/NSPortCoder.h
/Applications/Xcode.app/Contents/Developer/Platforms/MacOSX.platform/Developer/SDKs/MacOSX26.1.sdk/System/Library/Frameworks/Foundation.framework/Headers/NSPortMessage.h
/Applications/Xcode.app/Contents/Developer/Platforms/MacOSX.platform/Developer/SDKs/MacOSX26.1.sdk/System/Library/Frameworks/Foundation.framework/Headers/NSPortNameServer.h
/Applications/Xcode.app/Contents/Developer/Platforms/MacOSX.platform/Developer/SDKs/MacOSX26.1.sdk/System/Library/Frameworks/Foundation.framework/Headers/NSProtocolChecker.h
/Applications/Xcode.app/Contents/Developer/Platforms/MacOSX.platform/Developer/SDKs/MacOSX26.1.sdk/System/Library/Frameworks/Foundation.framework/Headers/NSTask.h
/Applications/Xcode.app/Contents/Developer/Platforms/MacOSX.platform/Developer/SDKs/MacOSX26.1.sdk/System/Library/Frameworks/Foundation.framework/Headers/NSXMLDTD.h
/Applications/Xcode.app/Contents/Developer/Platforms/MacOSX.platform/Developer/SDKs/MacOSX26.1.sdk/System/Library/Frameworks/Foundation.framework/Headers/NSXMLNode.h
/Applications/Xcode.app/Contents/Developer/Platforms/MacOSX.platform/Developer/SDKs/MacOSX26.1.sdk/System/Library/Frameworks/Foundation.framework/Headers/NSXMLNodeOptions.h
/Applications/Xcode.app/Contents/Developer/Platforms/MacOSX.platform/Developer/SDKs/MacOSX26.1.sdk/System/Library/Frameworks/Foundation.framework/Headers/NSXMLDTDNode.h
/Applications/Xcode.app/Contents/Developer/Platforms/MacOSX.platform/Developer/SDKs/MacOSX26.1.sdk/System/Library/Frameworks/Foundation.framework/Headers/NSXMLDocument.h
/Applications/Xcode.app/Contents/Developer/Platforms/MacOSX.platform/Developer/SDKs/MacOSX26.1.sdk/System/Library/Frameworks/Foundation.framework/Headers/NSXMLElement.h
/Applications/Xcode.app/Contents/Developer/Platforms/MacOSX.platform/Developer/SDKs/MacOSX26.1.sdk/System/Library/Frameworks/Foundation.framework/Headers/NSURLDownload.h
/Applications/Xcode.app/Contents/Developer/Platforms/MacOSX.platform/Developer/SDKs/MacOSX26.1.sdk/System/Library/Frameworks/Foundation.framework/Headers/NSAppleEventDescriptor.h
/Applications/Xcode.app/Contents/Developer/Platforms/MacOSX.platform/Developer/SDKs/MacOSX26.1.sdk/System/Library/Frameworks/Foundation.framework/Headers/NSAppleEventManager.h
/Applications/Xcode.app/Contents/Developer/Platforms/MacOSX.platform/Developer/SDKs/MacOSX26.1.sdk/System/Library/Frameworks/Foundation.framework/Headers/NSClassDescription.h
/Applications/Xcode.app/Contents/Developer/Platforms/MacOSX.platform/Developer/SDKs/MacOSX26.1.sdk/System/Library/Frameworks/Foundation.framework/Headers/NSDistributedLock.h
/Applications/Xcode.app/Contents/Developer/Platforms/MacOSX.platform/Developer/SDKs/MacOSX26.1.sdk/System/Library/Frameworks/Foundation.framework/Headers/NSGarbageCollector.h
/Applications/Xcode.app/Contents/Developer/Platforms/MacOSX.platform/Developer/SDKs/MacOSX26.1.sdk/System/Library/Frameworks/Foundation.framework/Headers/NSHFSFileTypes.h
/Applications/Xcode.app/Contents/Developer/Platforms/MacOSX.platform/Developer/SDKs/MacOSX26.1.sdk/System/Library/Frameworks/Foundation.framework/Headers/NSHost.h
/Applications/Xcode.app/Contents/Developer/Platforms/MacOSX.platform/Developer/SDKs/MacOSX26.1.sdk/System/Library/Frameworks/Foundation.framework/Headers/NSObjectScripting.h
/Applications/Xcode.app/Contents/Developer/Platforms/MacOSX.platform/Developer/SDKs/MacOSX26.1.sdk/System/Library/Frameworks/Foundation.framework/Headers/NSScriptClassDescription.h
/Applications/Xcode.app/Contents/Developer/Platforms/MacOSX.platform/Developer/SDKs/MacOSX26.1.sdk/System/Library/Frameworks/Foundation.framework/Headers/NSScriptCoercionHandler.h
/Applications/Xcode.app/Contents/Developer/Platforms/MacOSX.platform/Developer/SDKs/MacOSX26.1.sdk/System/Library/Frameworks/Foundation.framework/Headers/NSScriptCommand.h
/Applications/Xcode.app/Contents/Developer/Platforms/MacOSX.platform/Developer/SDKs/MacOSX26.1.sdk/System/Library/Frameworks/Foundation.framework/Headers/NSScriptCommandDescription.h
/Applications/Xcode.app/Contents/Developer/Platforms/MacOSX.platform/Developer/SDKs/MacOSX26.1.sdk/System/Library/Frameworks/Foundation.framework/Headers/NSScriptExecutionContext.h
/Applications/Xcode.app/Contents/Developer/Platforms/MacOSX.platform/Developer/SDKs/MacOSX26.1.sdk/System/Library/Frameworks/Foundation.framework/Headers/NSScriptKeyValueCoding.h
/Applications/Xcode.app/Contents/Developer/Platforms/MacOSX.platform/Developer/SDKs/MacOSX26.1.sdk/System/Library/Frameworks/Foundation.framework/Headers/NSScriptObjectSpecifiers.h
/Applications/Xcode.app/Contents/Developer/Platforms/MacOSX.platform/Developer/SDKs/MacOSX26.1.sdk/System/Library/Frameworks/Foundation.framework/Headers/NSScriptStandardSuiteCommands.h
/Applications/Xcode.app/Contents/Developer/Platforms/MacOSX.platform/Developer/SDKs/MacOSX26.1.sdk/System/Library/Frameworks/Foundation.framework/Headers/NSScriptSuiteRegistry.h
/Applications/Xcode.app/Contents/Developer/Platforms/MacOSX.platform/Developer/SDKs/MacOSX26.1.sdk/System/Library/Frameworks/Foundation.framework/Headers/NSScriptWhoseTests.h
/Applications/Xcode.app/Contents/Developer/Platforms/MacOSX.platform/Developer/SDKs/MacOSX26.1.sdk/System/Library/Frameworks/Foundation.framework/Headers/NSSpellServer.h
/Applications/Xcode.app/Contents/Developer/Platforms/MacOSX.platform/Developer/SDKs/MacOSX26.1.sdk/System/Library/Frameworks/Foundation.framework/Headers/NSUserNotification.h
/Applications/Xcode.app/Contents/Developer/Platforms/MacOSX.platform/Developer/SDKs/MacOSX26.1.sdk/System/Library/Frameworks/Foundation.framework/Headers/NSUserScriptTask.h
/Applications/Xcode.app/Contents/Developer/Platforms/MacOSX.platform/Developer/SDKs/MacOSX26.1.sdk/System/Library/Frameworks/Foundation.framework/Headers/FoundationLegacySwiftCompatibility.h
/Applications/Xcode.app/Contents/Developer/Platforms/MacOSX.platform/Developer/SDKs/MacOSX26.1.sdk/System/Library/Frameworks/Foundation.framework/Headers/NSDebug.h
/Applications/Xcode.app/Contents/Developer/Platforms/MacOSX.platform/Developer/SDKs/MacOSX26.1.sdk/SDKSettings.json
/Applications/Xcode.app/Contents/Developer/Platforms/MacOSX.platform/Developer/SDKs/MacOSX26.1.sdk/System/Library/Frameworks/IOKit.framework/Modules/module.modulemap
/Applications/Xcode.app/Contents/Developer/Platforms/MacOSX.platform/Developer/SDKs/MacOSX26.1.sdk/System/Library/Frameworks/IOKit.framework/Headers/IOReturn.h
/Applications/Xcode.app/Contents/Developer/Platforms/MacOSX.platform/Developer/SDKs/MacOSX26.1.sdk/usr/include/dispatch.modulemap
/Applications/Xcode.app/Contents/Developer/Platforms/MacOSX.platform/Developer/SDKs/MacOSX26.1.sdk/usr/include/libkern.modulemap
/Applications/Xcode.app/Contents/Developer/Platforms/MacOSX.platform/Developer/SDKs/MacOSX26.1.sdk/usr/include/Darwin.modulemap
/Applications/Xcode.app/Contents/Developer/Platforms/MacOSX.platform/Developer/SDKs/MacOSX26.1.sdk/usr/include/Darwin_C.modulemap
/Applications/Xcode.app/Contents/Developer/Platforms/MacOSX.platform/Developer/SDKs/MacOSX26.1.sdk/usr/include/Darwin_POSIX.modulemap
/Applications/Xcode.app/Contents/Developer/Platforms/MacOSX.platform/Developer/SDKs/MacOSX26.1.sdk/usr/include/net.modulemap
/Applications/Xcode.app/Contents/Developer/Platforms/MacOSX.platform/Developer/SDKs/MacOSX26.1.sdk/usr/include/netinet.modulemap
/Applications/Xcode.app/Contents/Developer/Platforms/MacOSX.platform/Developer/SDKs/MacOSX26.1.sdk/usr/include/bank.modulemap
/Applications/Xcode.app/Contents/Developer/Platforms/MacOSX.platform/Developer/SDKs/MacOSX26.1.sdk/usr/include/Darwin_Mach.modulemap
/Applications/Xcode.app/Contents/Developer/Platforms/MacOSX.platform/Developer/SDKs/MacOSX26.1.sdk/usr/include/Darwin_Mach_machine.modulemap
/Applications/Xcode.app/Contents/Developer/Platforms/MacOSX.platform/Developer/SDKs/MacOSX26.1.sdk/usr/include/mach_debug.modulemap
/Applications/Xcode.app/Contents/Developer/Platforms/MacOSX.platform/Developer/SDKs/MacOSX26.1.sdk/usr/include/device.modulemap
/Applications/Xcode.app/Contents/Developer/Platforms/MacOSX.platform/Developer/SDKs/MacOSX26.1.sdk/usr/include/Darwin_machine.modulemap
/Applications/Xcode.app/Contents/Developer/Platforms/MacOSX.platform/Developer/SDKs/MacOSX26.1.sdk/usr/include/ncurses.modulemap
/Applications/Xcode.app/Contents/Developer/Platforms/MacOSX.platform/Developer/SDKs/MacOSX26.1.sdk/usr/include/netinet6.modulemap
/Applications/Xcode.app/Contents/Developer/Platforms/MacOSX.platform/Developer/SDKs/MacOSX26.1.sdk/usr/include/Darwin_sys.modulemap
/Applications/Xcode.app/Contents/Developer/Platforms/MacOSX.platform/Developer/SDKs/MacOSX26.1.sdk/usr/include/uuid.modulemap
/Applications/Xcode.app/Contents/Developer/Platforms/MacOSX.platform/Developer/SDKs/MacOSX26.1.sdk/usr/include/DarwinFoundation2.modulemap
/Applications/Xcode.app/Contents/Developer/Platforms/MacOSX.platform/Developer/SDKs/MacOSX26.1.sdk/usr/include/DarwinFoundation1.modulemap
/Applications/Xcode.app/Contents/Developer/Platforms/MacOSX.platform/Developer/SDKs/MacOSX26.1.sdk/System/Library/Frameworks/IOKit.framework/Headers/IOMapTypes.h
/Applications/Xcode.app/Contents/Developer/Platforms/MacOSX.platform/Developer/SDKs/MacOSX26.1.sdk/System/Library/Frameworks/IOKit.framework/Headers/IOTypes.h
/Applications/Xcode.app/Contents/Developer/Toolchains/XcodeDefault.xctoolchain/usr/lib/swift/clang/include/module.modulemap
/Applications/Xcode.app/Contents/Developer/Platforms/MacOSX.platform/Developer/SDKs/MacOSX26.1.sdk/System/Library/Frameworks/IOKit.framework/Headers/IOKitKeys.h
/Applications/Xcode.app/Contents/Developer/Platforms/MacOSX.platform/Developer/SDKs/MacOSX26.1.sdk/System/Library/Frameworks/IOKit.framework/Headers/OSMessageNotification.h
/Applications/Xcode.app/Contents/Developer/Platforms/MacOSX.platform/Developer/SDKs/MacOSX26.1.sdk/System/Library/Frameworks/IOKit.framework/Headers/IOKitLib.h
/Applications/Xcode.app/Contents/Developer/Platforms/MacOSX.platform/Developer/SDKs/MacOSX26.1.sdk/System/Library/Frameworks/CoreFoundation.framework/Modules/module.modulemap
/Applications/Xcode.app/Contents/Developer/Platforms/MacOSX.platform/Developer/SDKs/MacOSX26.1.sdk/System/Library/Frameworks/IOKit.framework/Headers/IOBSD.h
/Applications/Xcode.app/Contents/Developer/Platforms/MacOSX.platform/Developer/SDKs/MacOSX26.1.sdk/System/Library/Frameworks/IOKit.framework/Headers/IODataQueueClient.h
/Applications/Xcode.app/Contents/Developer/Platforms/MacOSX.platform/Developer/SDKs/MacOSX26.1.sdk/System/Library/Frameworks/IOKit.framework/Headers/IODataQueueShared.h
/Applications/Xcode.app/Contents/Developer/Platforms/MacOSX.platform/Developer/SDKs/MacOSX26.1.sdk/System/Library/Frameworks/IOKit.framework/Headers/IOCFBundle.h
/Applications/Xcode.app/Contents/Developer/Platforms/MacOSX.platform/Developer/SDKs/MacOSX26.1.sdk/System/Library/Frameworks/IOKit.framework/Headers/IOSharedLock.h
/Applications/Xcode.app/Contents/Developer/Platforms/MacOSX.platform/Developer/SDKs/MacOSX26.1.sdk/System/Library/Frameworks/IOKit.framework/Headers/IOCFPlugIn.h
/Applications/Xcode.app/Contents/Developer/Platforms/MacOSX.platform/Developer/SDKs/MacOSX26.1.sdk/System/Library/Frameworks/IOKit.framework/Headers/IOCFSerialize.h
/Applications/Xcode.app/Contents/Developer/Platforms/MacOSX.platform/Developer/SDKs/MacOSX26.1.sdk/System/Library/Frameworks/IOKit.framework/Headers/IOCFURLAccess.h
/Applications/Xcode.app/Contents/Developer/Platforms/MacOSX.platform/Developer/SDKs/MacOSX26.1.sdk/System/Library/Frameworks/IOKit.framework/Headers/IOKitServer.h
/Applications/Xcode.app/Contents/Developer/Platforms/MacOSX.platform/Developer/SDKs/MacOSX26.1.sdk/System/Library/Frameworks/IOKit.framework/Headers/IOCFUnserialize.h
/Applications/Xcode.app/Contents/Developer/Platforms/MacOSX.platform/Developer/SDKs/MacOSX26.1.sdk/System/Library/Frameworks/IOKit.framework/Headers/IOMessage.h
/Applications/Xcode.app/Contents/Developer/Platforms/MacOSX.platform/Developer/SDKs/MacOSX26.1.sdk/System/Library/Frameworks/IOKit.framework/Headers/IORPC.h
/Applications/Xcode.app/Contents/Developer/Platforms/MacOSX.platform/Developer/SDKs/MacOSX26.1.sdk/System/Library/Frameworks/IOKit.framework/Headers/IOUserServer.h
/Applications/Xcode.app/Contents/Developer/Platforms/MacOSX.platform/Developer/SDKs/MacOSX26.1.sdk/System/Library/Frameworks/IOKit.framework/Headers/audio/IOAudioDefines.h
/Applications/Xcode.app/Contents/Developer/Platforms/MacOSX.platform/Developer/SDKs/MacOSX26.1.sdk/System/Library/Frameworks/IOKit.framework/Headers/audio/IOAudioLib.h
/Applications/Xcode.app/Contents/Developer/Platforms/MacOSX.platform/Developer/SDKs/MacOSX26.1.sdk/System/Library/Frameworks/IOKit.framework/Headers/audio/IOAudioTypes.h
/Applications/Xcode.app/Contents/Developer/Platforms/MacOSX.platform/Developer/SDKs/MacOSX26.1.sdk/System/Library/Frameworks/IOKit.framework/Headers/avc/IOFireWireAVCConsts.h
/Applications/Xcode.app/Contents/Developer/Platforms/MacOSX.platform/Developer/SDKs/MacOSX26.1.sdk/System/Library/Frameworks/IOKit.framework/Headers/avc/IOFireWireAVCLib.h
/Applications/Xcode.app/Contents/Developer/Platforms/MacOSX.platform/Developer/SDKs/MacOSX26.1.sdk/System/Library/Frameworks/IOKit.framework/Headers/firewire/IOFireWireFamilyCommon.h
/Applications/Xcode.app/Contents/Developer/Platforms/MacOSX.platform/Developer/SDKs/MacOSX26.1.sdk/System/Library/Frameworks/IOKit.framework/Headers/firewire/IOFireWireLib.h
/Applications/Xcode.app/Contents/Developer/Platforms/MacOSX.platform/Developer/SDKs/MacOSX26.1.sdk/System/Library/Frameworks/IOKit.framework/Headers/firewire/IOFireWireLibIsoch.h
/Applications/Xcode.app/Contents/Developer/Platforms/MacOSX.platform/Developer/SDKs/MacOSX26.1.sdk/System/Library/Frameworks/IOKit.framework/Headers/graphics/IOAccelClientConnect.h
/Applications/Xcode.app/Contents/Developer/Platforms/MacOSX.platform/Developer/SDKs/MacOSX26.1.sdk/System/Library/Frameworks/IOKit.framework/Headers/graphics/IOGraphicsInterface.h
/Applications/Xcode.app/Contents/Developer/Platforms/MacOSX.platform/Developer/SDKs/MacOSX26.1.sdk/System/Library/Frameworks/IOKit.framework/Headers/graphics/IOGraphicsInterfaceTypes.h
/Applications/Xcode.app/Contents/Developer/Platforms/MacOSX.platform/Developer/SDKs/MacOSX26.1.sdk/System/Library/Frameworks/IOKit.framework/Headers/graphics/IOAccelSurfaceConnect.h
/Applications/Xcode.app/Contents/Developer/Platforms/MacOSX.platform/Developer/SDKs/MacOSX26.1.sdk/System/Library/Frameworks/IOKit.framework/Headers/graphics/IOAccelTypes.h
/Applications/Xcode.app/Contents/Developer/Platforms/MacOSX.platform/Developer/SDKs/MacOSX26.1.sdk/System/Library/Frameworks/IOKit.framework/Headers/graphics/IOGraphicsLib.h
/Applications/Xcode.app/Contents/Developer/Platforms/MacOSX.platform/Developer/SDKs/MacOSX26.1.sdk/System/Library/Frameworks/IOKit.framework/Headers/graphics/IOFramebufferShared.h
/Applications/Xcode.app/Contents/Developer/Platforms/MacOSX.platform/Developer/SDKs/MacOSX26.1.sdk/System/Library/Frameworks/IOKit.framework/Headers/hidsystem/IOHIDTypes.h
/Applications/Xcode.app/Contents/Developer/Platforms/MacOSX.platform/Developer/SDKs/MacOSX26.1.sdk/System/Library/Frameworks/IOKit.framework/Headers/graphics/IOGraphicsTypes.h
/Applications/Xcode.app/Contents/Developer/Platforms/MacOSX.platform/Developer/SDKs/MacOSX26.1.sdk/System/Library/Frameworks/IOKit.framework/Headers/graphics/IOGraphicsEngine.h
/Applications/Xcode.app/Contents/Developer/Platforms/MacOSX.platform/Developer/SDKs/MacOSX26.1.sdk/System/Library/Frameworks/IOKit.framework/Headers/hid/IOHIDBase.h
/Applications/Xcode.app/Contents/Developer/Platforms/MacOSX.platform/Developer/SDKs/MacOSX26.1.sdk/System/Library/Frameworks/IOKit.framework/Headers/hid/IOHIDKeys.h
/Applications/Xcode.app/Contents/Developer/Platforms/MacOSX.platform/Developer/SDKs/MacOSX26.1.sdk/System/Library/Frameworks/IOKit.framework/Headers/hidsystem/IOHIDParameter.h
/Applications/Xcode.app/Contents/Developer/Platforms/MacOSX.platform/Developer/SDKs/MacOSX26.1.sdk/System/Library/Frameworks/IOKit.framework/Headers/hidsystem/IOLLEvent.h
/Applications/Xcode.app/Contents/Developer/Platforms/MacOSX.platform/Developer/SDKs/MacOSX26.1.sdk/System/Library/Frameworks/IOKit.framework/Headers/hid/IOHIDProperties.h
/Applications/Xcode.app/Contents/Developer/Platforms/MacOSX.platform/Developer/SDKs/MacOSX26.1.sdk/System/Library/Frameworks/IOKit.framework/Headers/hid/IOHIDEventServiceKeys.h
/Applications/Xcode.app/Contents/Developer/Platforms/MacOSX.platform/Developer/SDKs/MacOSX26.1.sdk/System/Library/Frameworks/IOKit.framework/Headers/hid/IOHIDDeviceTypes.h
/Applications/Xcode.app/Contents/Developer/Platforms/MacOSX.platform/Developer/SDKs/MacOSX26.1.sdk/System/Library/Frameworks/IOKit.framework/Headers/hid/IOHIDDeviceKeys.h
/Applications/Xcode.app/Contents/Developer/Platforms/MacOSX.platform/Developer/SDKs/MacOSX26.1.sdk/System/Library/Frameworks/IOKit.framework/Headers/hid/IOHIDQueue.h
/Applications/Xcode.app/Contents/Developer/Platforms/MacOSX.platform/Developer/SDKs/MacOSX26.1.sdk/System/Library/Frameworks/IOKit.framework/Headers/hid/IOHIDDevice.h
/Applications/Xcode.app/Contents/Developer/Platforms/MacOSX.platform/Developer/SDKs/MacOSX26.1.sdk/System/Library/Frameworks/IOKit.framework/Headers/hid/IOHIDLib.h
/Applications/Xcode.app/Contents/Developer/Platforms/MacOSX.platform/Developer/SDKs/MacOSX26.1.sdk/System/Library/Frameworks/IOKit.framework/Headers/hid/IOHIDElement.h
/Applications/Xcode.app/Contents/Developer/Platforms/MacOSX.platform/Developer/SDKs/MacOSX26.1.sdk/System/Library/Frameworks/IOKit.framework/Headers/hid/IOHIDLibObsolete.h
/Applications/Xcode.app/Contents/Developer/Platforms/MacOSX.platform/Developer/SDKs/MacOSX26.1.sdk/System/Library/Frameworks/IOKit.framework/Headers/hid/IOHIDManager.h
/Applications/Xcode.app/Contents/Developer/Platforms/MacOSX.platform/Developer/SDKs/MacOSX26.1.sdk/System/Library/Frameworks/IOKit.framework/Headers/hid/IOHIDUsageTables.h
/Applications/Xcode.app/Contents/Developer/Platforms/MacOSX.platform/Developer/SDKs/MacOSX26.1.sdk/System/Library/Frameworks/IOKit.framework/Headers/hid/IOHIDValue.h
/Applications/Xcode.app/Contents/Developer/Platforms/MacOSX.platform/Developer/SDKs/MacOSX26.1.sdk/System/Library/Frameworks/IOKit.framework/Headers/hid/IOHIDTransaction.h
/Applications/Xcode.app/Contents/Developer/Platforms/MacOSX.platform/Developer/SDKs/MacOSX26.1.sdk/System/Library/Frameworks/IOKit.framework/Headers/hid/IOHIDDevicePlugIn.h
/Applications/Xcode.app/Contents/Developer/Platforms/MacOSX.platform/Developer/SDKs/MacOSX26.1.sdk/System/Library/Frameworks/IOKit.framework/Headers/hid/IOHIDEventServiceTypes.h
/Applications/Xcode.app/Contents/Developer/Platforms/MacOSX.platform/Developer/SDKs/MacOSX26.1.sdk/System/Library/Frameworks/IOKit.framework/Headers/hidsystem/IOHIDLib.h
/Applications/Xcode.app/Contents/Developer/Platforms/MacOSX.platform/Developer/SDKs/MacOSX26.1.sdk/System/Library/Frameworks/IOKit.framework/Headers/hidsystem/IOHIDShared.h
/Applications/Xcode.app/Contents/Developer/Platforms/MacOSX.platform/Developer/SDKs/MacOSX26.1.sdk/System/Library/Frameworks/IOKit.framework/Headers/hidsystem/event_status_driver.h
/Applications/Xcode.app/Contents/Developer/Platforms/MacOSX.platform/Developer/SDKs/MacOSX26.1.sdk/System/Library/Frameworks/IOKit.framework/Headers/hidsystem/ev_keymap.h
/Applications/Xcode.app/Contents/Developer/Platforms/MacOSX.platform/Developer/SDKs/MacOSX26.1.sdk/System/Library/Frameworks/IOKit.framework/Headers/hidsystem/IOHIDEventSystemClient.h
/Applications/Xcode.app/Contents/Developer/Platforms/MacOSX.platform/Developer/SDKs/MacOSX26.1.sdk/System/Library/Frameworks/IOKit.framework/Headers/hidsystem/IOHIDServiceClient.h
/Applications/Xcode.app/Contents/Developer/Platforms/MacOSX.platform/Developer/SDKs/MacOSX26.1.sdk/System/Library/Frameworks/IOKit.framework/Headers/hidsystem/IOHIDUserDevice.h
/Applications/Xcode.app/Contents/Developer/Platforms/MacOSX.platform/Developer/SDKs/MacOSX26.1.sdk/System/Library/Frameworks/IOKit.framework/Headers/i2c/IOI2CInterface.h
/Applications/Xcode.app/Contents/Developer/Platforms/MacOSX.platform/Developer/SDKs/MacOSX26.1.sdk/System/Library/Frameworks/IOKit.framework/Headers/kext/KextManager.h
/Applications/Xcode.app/Contents/Developer/Platforms/MacOSX.platform/Developer/SDKs/MacOSX26.1.sdk/System/Library/Frameworks/IOKit.framework/Headers/network/IOEthernetController.h
/Applications/Xcode.app/Contents/Developer/Platforms/MacOSX.platform/Developer/SDKs/MacOSX26.1.sdk/System/Library/Frameworks/IOKit.framework/Headers/network/IONetworkController.h
/Applications/Xcode.app/Contents/Developer/Platforms/MacOSX.platform/Developer/SDKs/MacOSX26.1.sdk/System/Library/Frameworks/IOKit.framework/Headers/network/IONetworkData.h
/Applications/Xcode.app/Contents/Developer/Platforms/MacOSX.platform/Developer/SDKs/MacOSX26.1.sdk/System/Library/Frameworks/IOKit.framework/Headers/network/IONetworkStack.h
/Applications/Xcode.app/Contents/Developer/Platforms/MacOSX.platform/Developer/SDKs/MacOSX26.1.sdk/System/Library/Frameworks/IOKit.framework/Headers/network/IOEthernetInterface.h
/Applications/Xcode.app/Contents/Developer/Platforms/MacOSX.platform/Developer/SDKs/MacOSX26.1.sdk/System/Library/Frameworks/IOKit.framework/Headers/network/IONetworkInterface.h
/Applications/Xcode.app/Contents/Developer/Platforms/MacOSX.platform/Developer/SDKs/MacOSX26.1.sdk/System/Library/Frameworks/IOKit.framework/Headers/network/IONetworkStats.h
/Applications/Xcode.app/Contents/Developer/Platforms/MacOSX.platform/Developer/SDKs/MacOSX26.1.sdk/System/Library/Frameworks/IOKit.framework/Headers/network/IOEthernetStats.h
/Applications/Xcode.app/Contents/Developer/Platforms/MacOSX.platform/Developer/SDKs/MacOSX26.1.sdk/System/Library/Frameworks/IOKit.framework/Headers/network/IONetworkLib.h
/Applications/Xcode.app/Contents/Developer/Platforms/MacOSX.platform/Developer/SDKs/MacOSX26.1.sdk/System/Library/Frameworks/IOKit.framework/Headers/network/IONetworkMedium.h
/Applications/Xcode.app/Contents/Developer/Platforms/MacOSX.platform/Developer/SDKs/MacOSX26.1.sdk/System/Library/Frameworks/IOKit.framework/Headers/network/IONetworkUserClient.h
/Applications/Xcode.app/Contents/Developer/Platforms/MacOSX.platform/Developer/SDKs/MacOSX26.1.sdk/System/Library/Frameworks/IOKit.framework/Headers/ps/IOPSKeys.h
/Applications/Xcode.app/Contents/Developer/Platforms/MacOSX.platform/Developer/SDKs/MacOSX26.1.sdk/System/Library/Frameworks/IOKit.framework/Headers/ps/IOPowerSources.h
/Applications/Xcode.app/Contents/Developer/Platforms/MacOSX.platform/Developer/SDKs/MacOSX26.1.sdk/System/Library/Frameworks/IOKit.framework/Headers/ps/IOUPSPlugIn.h
/Applications/Xcode.app/Contents/Developer/Platforms/MacOSX.platform/Developer/SDKs/MacOSX26.1.sdk/System/Library/Frameworks/IOKit.framework/Headers/pwr_mgt/IOPM.h
/Applications/Xcode.app/Contents/Developer/Platforms/MacOSX.platform/Developer/SDKs/MacOSX26.1.sdk/System/Library/Frameworks/IOKit.framework/Headers/pwr_mgt/IOPMKeys.h
/Applications/Xcode.app/Contents/Developer/Platforms/MacOSX.platform/Developer/SDKs/MacOSX26.1.sdk/System/Library/Frameworks/IOKit.framework/Headers/pwr_mgt/IOPMLib.h
/Applications/Xcode.app/Contents/Developer/Platforms/MacOSX.platform/Developer/SDKs/MacOSX26.1.sdk/System/Library/Frameworks/IOKit.framework/Headers/pwr_mgt/IOPMLibDefs.h
/Applications/Xcode.app/Contents/Developer/Platforms/MacOSX.platform/Developer/SDKs/MacOSX26.1.sdk/System/Library/Frameworks/IOKit.framework/Headers/sbp2/IOFireWireSBP2Lib.h
/Applications/Xcode.app/Contents/Developer/Platforms/MacOSX.platform/Developer/SDKs/MacOSX26.1.sdk/System/Library/Frameworks/IOKit.framework/Headers/scsi/IOSCSIMultimediaCommandsDevice.h
/Applications/Xcode.app/Contents/Developer/Platforms/MacOSX.platform/Developer/SDKs/MacOSX26.1.sdk/System/Library/Frameworks/IOKit.framework/Headers/storage/IOStorageDeviceCharacteristics.h
/Applications/Xcode.app/Contents/Developer/Platforms/MacOSX.platform/Developer/SDKs/MacOSX26.1.sdk/System/Library/Frameworks/IOKit.framework/Headers/storage/IOStorageProtocolCharacteristics.h
/Applications/Xcode.app/Contents/Developer/Platforms/MacOSX.platform/Developer/SDKs/MacOSX26.1.sdk/System/Library/Frameworks/IOKit.framework/Headers/storage/IOStorageControllerCharacteristics.h
/Applications/Xcode.app/Contents/Developer/Platforms/MacOSX.platform/Developer/SDKs/MacOSX26.1.sdk/System/Library/Frameworks/IOKit.framework/Headers/scsi/SCSICmds_REQUEST_SENSE_Defs.h
/Applications/Xcode.app/Contents/Developer/Platforms/MacOSX.platform/Developer/SDKs/MacOSX26.1.sdk/System/Library/Frameworks/IOKit.framework/Headers/scsi/SCSICmds_INQUIRY_Definitions.h
/Applications/Xcode.app/Contents/Developer/Platforms/MacOSX.platform/Developer/SDKs/MacOSX26.1.sdk/System/Library/Frameworks/IOKit.framework/Headers/scsi/SCSICommandDefinitions.h
/Applications/Xcode.app/Contents/Developer/Platforms/MacOSX.platform/Developer/SDKs/MacOSX26.1.sdk/System/Library/Frameworks/IOKit.framework/Headers/scsi/SCSICmds_MODE_Definitions.h
/Applications/Xcode.app/Contents/Developer/Platforms/MacOSX.platform/Developer/SDKs/MacOSX26.1.sdk/System/Library/Frameworks/IOKit.framework/Headers/scsi/SCSICommandOperationCodes.h
/Applications/Xcode.app/Contents/Developer/Platforms/MacOSX.platform/Developer/SDKs/MacOSX26.1.sdk/System/Library/Frameworks/IOKit.framework/Headers/scsi/SCSICmds_READ_CAPACITY_Definitions.h
/Applications/Xcode.app/Contents/Developer/Platforms/MacOSX.platform/Developer/SDKs/MacOSX26.1.sdk/System/Library/Frameworks/IOKit.framework/Headers/scsi/SCSITask.h
/Applications/Xcode.app/Contents/Developer/Platforms/MacOSX.platform/Developer/SDKs/MacOSX26.1.sdk/System/Library/Frameworks/IOKit.framework/Headers/scsi/SCSICmds_REPORT_LUNS_Definitions.h
/Applications/Xcode.app/Contents/Developer/Platforms/MacOSX.platform/Developer/SDKs/MacOSX26.1.sdk/System/Library/Frameworks/IOKit.framework/Headers/scsi/SCSITaskLib.h
/Applications/Xcode.app/Contents/Developer/Platforms/MacOSX.platform/Developer/SDKs/MacOSX26.1.sdk/System/Library/Frameworks/IOKit.framework/Headers/serial/IOSerialKeys.h
/Applications/Xcode.app/Contents/Developer/Platforms/MacOSX.platform/Developer/SDKs/MacOSX26.1.sdk/System/Library/Frameworks/IOKit.framework/Headers/serial/ioss.h
/Applications/Xcode.app/Contents/Developer/Platforms/MacOSX.platform/Developer/SDKs/MacOSX26.1.sdk/System/Library/Frameworks/IOKit.framework/Headers/storage/IOAppleLabelScheme.h
/Applications/Xcode.app/Contents/Developer/Platforms/MacOSX.platform/Developer/SDKs/MacOSX26.1.sdk/System/Library/Frameworks/IOKit.framework/Headers/storage/IODVDMediaBSDClient.h
/Applications/Xcode.app/Contents/Developer/Platforms/MacOSX.platform/Developer/SDKs/MacOSX26.1.sdk/System/Library/Frameworks/IOKit.framework/Headers/storage/IODVDTypes.h
/Applications/Xcode.app/Contents/Developer/Platforms/MacOSX.platform/Developer/SDKs/MacOSX26.1.sdk/System/Library/Frameworks/IOKit.framework/Headers/storage/IOApplePartitionScheme.h
/Applications/Xcode.app/Contents/Developer/Platforms/MacOSX.platform/Developer/SDKs/MacOSX26.1.sdk/System/Library/Frameworks/IOKit.framework/Headers/storage/IOBDBlockStorageDevice.h
/Applications/Xcode.app/Contents/Developer/Platforms/MacOSX.platform/Developer/SDKs/MacOSX26.1.sdk/System/Library/Frameworks/IOKit.framework/Headers/storage/IOBDTypes.h
/Applications/Xcode.app/Contents/Developer/Platforms/MacOSX.platform/Developer/SDKs/MacOSX26.1.sdk/System/Library/Frameworks/IOKit.framework/Headers/storage/IOFDiskPartitionScheme.h
/Applications/Xcode.app/Contents/Developer/Platforms/MacOSX.platform/Developer/SDKs/MacOSX26.1.sdk/System/Library/Frameworks/IOKit.framework/Headers/storage/IOBDMedia.h
/Applications/Xcode.app/Contents/Developer/Platforms/MacOSX.platform/Developer/SDKs/MacOSX26.1.sdk/System/Library/Frameworks/IOKit.framework/Headers/storage/IOFilterScheme.h
/Applications/Xcode.app/Contents/Developer/Platforms/MacOSX.platform/Developer/SDKs/MacOSX26.1.sdk/System/Library/Frameworks/IOKit.framework/Headers/storage/IOBDMediaBSDClient.h
/Applications/Xcode.app/Contents/Developer/Platforms/MacOSX.platform/Developer/SDKs/MacOSX26.1.sdk/System/Library/Frameworks/IOKit.framework/Headers/storage/IOFireWireStorageCharacteristics.h
/Applications/Xcode.app/Contents/Developer/Platforms/MacOSX.platform/Developer/SDKs/MacOSX26.1.sdk/System/Library/Frameworks/IOKit.framework/Headers/storage/IOGUIDPartitionScheme.h
/Applications/Xcode.app/Contents/Developer/Platforms/MacOSX.platform/Developer/SDKs/MacOSX26.1.sdk/System/Library/Frameworks/IOKit.framework/Headers/storage/IOBlockStorageDevice.h
/Applications/Xcode.app/Contents/Developer/Platforms/MacOSX.platform/Developer/SDKs/MacOSX26.1.sdk/System/Library/Frameworks/IOKit.framework/Headers/storage/IOMedia.h
/Applications/Xcode.app/Contents/Developer/Platforms/MacOSX.platform/Developer/SDKs/MacOSX26.1.sdk/System/Library/Frameworks/IOKit.framework/Headers/storage/IOBlockStorageDriver.h
/Applications/Xcode.app/Contents/Developer/Platforms/MacOSX.platform/Developer/SDKs/MacOSX26.1.sdk/System/Library/Frameworks/IOKit.framework/Headers/storage/IOMediaBSDClient.h
/Applications/Xcode.app/Contents/Developer/Platforms/MacOSX.platform/Developer/SDKs/MacOSX26.1.sdk/System/Library/Frameworks/IOKit.framework/Headers/storage/IOCDBlockStorageDevice.h
/Applications/Xcode.app/Contents/Developer/Platforms/MacOSX.platform/Developer/SDKs/MacOSX26.1.sdk/System/Library/Frameworks/IOKit.framework/Headers/storage/IOCDTypes.h
/Applications/Xcode.app/Contents/Developer/Platforms/MacOSX.platform/Developer/SDKs/MacOSX26.1.sdk/System/Library/Frameworks/IOKit.framework/Headers/storage/IOPartitionScheme.h
/Applications/Xcode.app/Contents/Developer/Platforms/MacOSX.platform/Developer/SDKs/MacOSX26.1.sdk/System/Library/Frameworks/IOKit.framework/Headers/storage/IOCDMedia.h
/Applications/Xcode.app/Contents/Developer/Platforms/MacOSX.platform/Developer/SDKs/MacOSX26.1.sdk/System/Library/Frameworks/IOKit.framework/Headers/storage/IOStorage.h
/Applications/Xcode.app/Contents/Developer/Platforms/MacOSX.platform/Developer/SDKs/MacOSX26.1.sdk/System/Library/Frameworks/IOKit.framework/Headers/storage/IOCDMediaBSDClient.h
/Applications/Xcode.app/Contents/Developer/Platforms/MacOSX.platform/Developer/SDKs/MacOSX26.1.sdk/System/Library/Frameworks/IOKit.framework/Headers/storage/IOStorageCardCharacteristics.h
/Applications/Xcode.app/Contents/Developer/Platforms/MacOSX.platform/Developer/SDKs/MacOSX26.1.sdk/System/Library/Frameworks/IOKit.framework/Headers/storage/IOCDPartitionScheme.h
/Applications/Xcode.app/Contents/Developer/Platforms/MacOSX.platform/Developer/SDKs/MacOSX26.1.sdk/System/Library/Frameworks/IOKit.framework/Headers/storage/IODVDBlockStorageDevice.h
/Applications/Xcode.app/Contents/Developer/Platforms/MacOSX.platform/Developer/SDKs/MacOSX26.1.sdk/System/Library/Frameworks/IOKit.framework/Headers/storage/IODVDMedia.h
/Applications/Xcode.app/Contents/Developer/Platforms/MacOSX.platform/Developer/SDKs/MacOSX26.1.sdk/System/Library/Frameworks/IOKit.framework/Headers/storage/ata/ATASMARTLib.h
/Applications/Xcode.app/Contents/Developer/Platforms/MacOSX.platform/Developer/SDKs/MacOSX26.1.sdk/System/Library/Frameworks/IOKit.framework/Headers/storage/ata/IOATAStorageDefines.h
/Applications/Xcode.app/Contents/Developer/Platforms/MacOSX.platform/Developer/SDKs/MacOSX26.1.sdk/System/Library/Frameworks/IOKit.framework/Headers/stream/IOStreamLib.h
/Applications/Xcode.app/Contents/Developer/Platforms/MacOSX.platform/Developer/SDKs/MacOSX26.1.sdk/System/Library/Frameworks/IOKit.framework/Headers/stream/IOStreamShared.h
/Applications/Xcode.app/Contents/Developer/Platforms/MacOSX.platform/Developer/SDKs/MacOSX26.1.sdk/System/Library/Frameworks/IOKit.framework/Headers/usb/AppleUSBDefinitions.h
/Applications/Xcode.app/Contents/Developer/Platforms/MacOSX.platform/Developer/SDKs/MacOSX26.1.sdk/System/Library/Frameworks/IOKit.framework/Headers/usb/IOUSBHostFamilyDefinitions.h
/Applications/Xcode.app/Contents/Developer/Platforms/MacOSX.platform/Developer/SDKs/MacOSX26.1.sdk/System/Library/Frameworks/IOKit.framework/Headers/usb/IOUSBLib.h
/Applications/Xcode.app/Contents/Developer/Platforms/MacOSX.platform/Developer/SDKs/MacOSX26.1.sdk/System/Library/Frameworks/IOKit.framework/Headers/usb/USB.h
/Applications/Xcode.app/Contents/Developer/Platforms/MacOSX.platform/Developer/SDKs/MacOSX26.1.sdk/System/Library/Frameworks/IOKit.framework/Headers/usb/USBSpec.h
/Applications/Xcode.app/Contents/Developer/Platforms/MacOSX.platform/Developer/SDKs/MacOSX26.1.sdk/SDKSettings.json
/Applications/Xcode.app/Contents/Developer/Toolchains/XcodeDefault.xctoolchain/usr/lib/swift/macosx/prebuilt-modules/26.1/IOKit.swiftmodule/arm64e-apple-macos.swiftmodule
/Users/rogerlin/Library/Developer/Xcode/DerivedData/FinancialCalculatorKit-ackorybalcxbfocbkqsfdzcfkgmn/Build/Products/Debug/IssueReporting.swiftmodule/arm64-apple-macos.swiftmodule
/Applications/Xcode.app/Contents/Developer/Platforms/MacOSX.platform/Developer/SDKs/MacOSX26.1.sdk/usr/include/DarwinBasic.modulemap
/Applications/Xcode.app/Contents/Developer/Platforms/MacOSX.platform/Developer/SDKs/MacOSX26.1.sdk/usr/include/Darwin.modulemap
/Applications/Xcode.app/Contents/Developer/Platforms/MacOSX.platform/Developer/SDKs/MacOSX26.1.sdk/usr/include/Darwin_C.modulemap
/Applications/Xcode.app/Contents/Developer/Platforms/MacOSX.platform/Developer/SDKs/MacOSX26.1.sdk/usr/include/Darwin_POSIX.modulemap
/Applications/Xcode.app/Contents/Developer/Platforms/MacOSX.platform/Developer/SDKs/MacOSX26.1.sdk/usr/include/net.modulemap
/Applications/Xcode.app/Contents/Developer/Platforms/MacOSX.platform/Developer/SDKs/MacOSX26.1.sdk/usr/include/netinet.modulemap
/Applications/Xcode.app/Contents/Developer/Platforms/MacOSX.platform/Developer/SDKs/MacOSX26.1.sdk/usr/include/bank.modulemap
/Applications/Xcode.app/Contents/Developer/Platforms/MacOSX.platform/Developer/SDKs/MacOSX26.1.sdk/usr/include/Darwin_Mach.modulemap
/Applications/Xcode.app/Contents/Developer/Platforms/MacOSX.platform/Developer/SDKs/MacOSX26.1.sdk/usr/include/Darwin_Mach_machine.modulemap
/Applications/Xcode.app/Contents/Developer/Platforms/MacOSX.platform/Developer/SDKs/MacOSX26.1.sdk/usr/include/mach_debug.modulemap
/Applications/Xcode.app/Contents/Developer/Platforms/MacOSX.platform/Developer/SDKs/MacOSX26.1.sdk/usr/include/device.modulemap
/Applications/Xcode.app/Contents/Developer/Platforms/MacOSX.platform/Developer/SDKs/MacOSX26.1.sdk/usr/include/Darwin_machine.modulemap
/Applications/Xcode.app/Contents/Developer/Platforms/MacOSX.platform/Developer/SDKs/MacOSX26.1.sdk/usr/include/ncurses.modulemap
/Applications/Xcode.app/Contents/Developer/Platforms/MacOSX.platform/Developer/SDKs/MacOSX26.1.sdk/usr/include/netinet6.modulemap
/Applications/Xcode.app/Contents/Developer/Platforms/MacOSX.platform/Developer/SDKs/MacOSX26.1.sdk/usr/include/Darwin_sys.modulemap
/Applications/Xcode.app/Contents/Developer/Platforms/MacOSX.platform/Developer/SDKs/MacOSX26.1.sdk/usr/include/uuid.modulemap
/Applications/Xcode.app/Contents/Developer/Platforms/MacOSX.platform/Developer/SDKs/MacOSX26.1.sdk/usr/include/DarwinFoundation2.modulemap
/Applications/Xcode.app/Contents/Developer/Platforms/MacOSX.platform/Developer/SDKs/MacOSX26.1.sdk/usr/include/DarwinFoundation3.modulemap
/Applications/Xcode.app/Contents/Developer/Platforms/MacOSX.platform/Developer/SDKs/MacOSX26.1.sdk/usr/include/DarwinFoundation1.modulemap
/Applications/Xcode.app/Contents/Developer/Platforms/MacOSX.platform/Developer/SDKs/MacOSX26.1.sdk/usr/include/mach-o/arch.h
/Applications/Xcode.app/Contents/Developer/Toolchains/XcodeDefault.xctoolchain/usr/lib/swift/clang/include/module.modulemap
/Applications/Xcode.app/Contents/Developer/Platforms/MacOSX.platform/Developer/SDKs/MacOSX26.1.sdk/usr/include/mach-o/arm/reloc.h
/Applications/Xcode.app/Contents/Developer/Platforms/MacOSX.platform/Developer/SDKs/MacOSX26.1.sdk/usr/include/mach-o/arm64/reloc.h
/Applications/Xcode.app/Contents/Developer/Platforms/MacOSX.platform/Developer/SDKs/MacOSX26.1.sdk/usr/include/mach-o/compact_unwind_encoding.h
/Applications/Xcode.app/Contents/Developer/Platforms/MacOSX.platform/Developer/SDKs/MacOSX26.1.sdk/usr/include/mach-o/dyld.h
/Applications/Xcode.app/Contents/Developer/Toolchains/XcodeDefault.xctoolchain/usr/lib/swift/clang/include/stddef.h
/Applications/Xcode.app/Contents/Developer/Platforms/MacOSX.platform/Developer/SDKs/MacOSX26.1.sdk/usr/include/mach-o/loader.h
/Applications/Xcode.app/Contents/Developer/Platforms/MacOSX.platform/Developer/SDKs/MacOSX26.1.sdk/usr/include/mach-o/dyld_images.h
/Applications/Xcode.app/Contents/Developer/Platforms/MacOSX.platform/Developer/SDKs/MacOSX26.1.sdk/usr/include/mach-o/fat.h
/Applications/Xcode.app/Contents/Developer/Platforms/MacOSX.platform/Developer/SDKs/MacOSX26.1.sdk/usr/include/mach-o/fixup-chains.h
/Applications/Xcode.app/Contents/Developer/Platforms/MacOSX.platform/Developer/SDKs/MacOSX26.1.sdk/usr/include/mach-o/getsect.h
/Applications/Xcode.app/Contents/Developer/Platforms/MacOSX.platform/Developer/SDKs/MacOSX26.1.sdk/usr/include/mach-o/ldsyms.h
/Applications/Xcode.app/Contents/Developer/Platforms/MacOSX.platform/Developer/SDKs/MacOSX26.1.sdk/usr/include/mach-o/nlist.h
/Applications/Xcode.app/Contents/Developer/Platforms/MacOSX.platform/Developer/SDKs/MacOSX26.1.sdk/usr/include/mach-o/ranlib.h
/Applications/Xcode.app/Contents/Developer/Platforms/MacOSX.platform/Developer/SDKs/MacOSX26.1.sdk/usr/include/mach-o/reloc.h
/Applications/Xcode.app/Contents/Developer/Platforms/MacOSX.platform/Developer/SDKs/MacOSX26.1.sdk/usr/include/mach-o/stab.h
/Applications/Xcode.app/Contents/Developer/Platforms/MacOSX.platform/Developer/SDKs/MacOSX26.1.sdk/usr/include/mach-o/swap.h
/Applications/Xcode.app/Contents/Developer/Platforms/MacOSX.platform/Developer/SDKs/MacOSX26.1.sdk/usr/include/mach-o/utils.h
/Applications/Xcode.app/Contents/Developer/Platforms/MacOSX.platform/Developer/SDKs/MacOSX26.1.sdk/usr/include/mach-o/x86_64/reloc.h
/Applications/Xcode.app/Contents/Developer/Platforms/MacOSX.platform/Developer/SDKs/MacOSX26.1.sdk/SDKSettings.json
/Applications/Xcode.app/Contents/Developer/Platforms/MacOSX.platform/Developer/SDKs/MacOSX26.1.sdk/usr/include/ObjectiveC.apinotes
/Applications/Xcode.app/Contents/Developer/Platforms/MacOSX.platform/Developer/SDKs/MacOSX26.1.sdk/usr/include/DarwinBasic.modulemap
/Applications/Xcode.app/Contents/Developer/Platforms/MacOSX.platform/Developer/SDKs/MacOSX26.1.sdk/usr/include/ObjectiveC.modulemap
/Applications/Xcode.app/Contents/Developer/Platforms/MacOSX.platform/Developer/SDKs/MacOSX26.1.sdk/usr/include/Darwin.modulemap
/Applications/Xcode.app/Contents/Developer/Platforms/MacOSX.platform/Developer/SDKs/MacOSX26.1.sdk/usr/include/Darwin_C.modulemap
/Applications/Xcode.app/Contents/Developer/Platforms/MacOSX.platform/Developer/SDKs/MacOSX26.1.sdk/usr/include/Darwin_POSIX.modulemap
/Applications/Xcode.app/Contents/Developer/Platforms/MacOSX.platform/Developer/SDKs/MacOSX26.1.sdk/usr/include/net.modulemap
/Applications/Xcode.app/Contents/Developer/Platforms/MacOSX.platform/Developer/SDKs/MacOSX26.1.sdk/usr/include/netinet.modulemap
/Applications/Xcode.app/Contents/Developer/Platforms/MacOSX.platform/Developer/SDKs/MacOSX26.1.sdk/usr/include/bank.modulemap
/Applications/Xcode.app/Contents/Developer/Platforms/MacOSX.platform/Developer/SDKs/MacOSX26.1.sdk/usr/include/Darwin_Mach.modulemap
/Applications/Xcode.app/Contents/Developer/Platforms/MacOSX.platform/Developer/SDKs/MacOSX26.1.sdk/usr/include/Darwin_Mach_machine.modulemap
/Applications/Xcode.app/Contents/Developer/Platforms/MacOSX.platform/Developer/SDKs/MacOSX26.1.sdk/usr/include/mach_debug.modulemap
/Applications/Xcode.app/Contents/Developer/Platforms/MacOSX.platform/Developer/SDKs/MacOSX26.1.sdk/usr/include/device.modulemap
/Applications/Xcode.app/Contents/Developer/Platforms/MacOSX.platform/Developer/SDKs/MacOSX26.1.sdk/usr/include/Darwin_machine.modulemap
/Applications/Xcode.app/Contents/Developer/Platforms/MacOSX.platform/Developer/SDKs/MacOSX26.1.sdk/usr/include/ncurses.modulemap
/Applications/Xcode.app/Contents/Developer/Platforms/MacOSX.platform/Developer/SDKs/MacOSX26.1.sdk/usr/include/netinet6.modulemap
/Applications/Xcode.app/Contents/Developer/Platforms/MacOSX.platform/Developer/SDKs/MacOSX26.1.sdk/usr/include/Darwin_sys.modulemap
/Applications/Xcode.app/Contents/Developer/Platforms/MacOSX.platform/Developer/SDKs/MacOSX26.1.sdk/usr/include/uuid.modulemap
/Applications/Xcode.app/Contents/Developer/Platforms/MacOSX.platform/Developer/SDKs/MacOSX26.1.sdk/usr/include/DarwinFoundation2.modulemap
/Applications/Xcode.app/Contents/Developer/Platforms/MacOSX.platform/Developer/SDKs/MacOSX26.1.sdk/usr/include/DarwinFoundation3.modulemap
/Applications/Xcode.app/Contents/Developer/Platforms/MacOSX.platform/Developer/SDKs/MacOSX26.1.sdk/usr/include/DarwinFoundation1.modulemap
/Applications/Xcode.app/Contents/Developer/Platforms/MacOSX.platform/Developer/SDKs/MacOSX26.1.sdk/usr/include/objc/List.h
/Applications/Xcode.app/Contents/Developer/Platforms/MacOSX.platform/Developer/SDKs/MacOSX26.1.sdk/usr/include/objc/NSObjCRuntime.h
/Applications/Xcode.app/Contents/Developer/Toolchains/XcodeDefault.xctoolchain/usr/lib/swift/clang/include/module.modulemap
/Applications/Xcode.app/Contents/Developer/Platforms/MacOSX.platform/Developer/SDKs/MacOSX26.1.sdk/usr/include/objc/objc.h
/Applications/Xcode.app/Contents/Developer/Platforms/MacOSX.platform/Developer/SDKs/MacOSX26.1.sdk/usr/include/stdlib.h
/Applications/Xcode.app/Contents/Developer/Platforms/MacOSX.platform/Developer/SDKs/MacOSX26.1.sdk/usr/include/objc/objc-api.h
/Applications/Xcode.app/Contents/Developer/Toolchains/XcodeDefault.xctoolchain/usr/lib/swift/clang/include/stddef.h
/Applications/Xcode.app/Contents/Developer/Platforms/MacOSX.platform/Developer/SDKs/MacOSX26.1.sdk/usr/include/objc/NSObject.h
/Applications/Xcode.app/Contents/Developer/Platforms/MacOSX.platform/Developer/SDKs/MacOSX26.1.sdk/usr/include/objc/Object.h
/Applications/Xcode.app/Contents/Developer/Toolchains/XcodeDefault.xctoolchain/usr/lib/swift/clang/include/stdarg.h
/Applications/Xcode.app/Contents/Developer/Platforms/MacOSX.platform/Developer/SDKs/MacOSX26.1.sdk/usr/include/objc/objc-runtime.h
/Applications/Xcode.app/Contents/Developer/Platforms/MacOSX.platform/Developer/SDKs/MacOSX26.1.sdk/usr/include/objc/runtime.h
/Applications/Xcode.app/Contents/Developer/Platforms/MacOSX.platform/Developer/SDKs/MacOSX26.1.sdk/usr/include/objc/message.h
/Applications/Xcode.app/Contents/Developer/Platforms/MacOSX.platform/Developer/SDKs/MacOSX26.1.sdk/usr/include/objc/Protocol.h
/Applications/Xcode.app/Contents/Developer/Platforms/MacOSX.platform/Developer/SDKs/MacOSX26.1.sdk/usr/include/objc/hashtable.h
/Applications/Xcode.app/Contents/Developer/Platforms/MacOSX.platform/Developer/SDKs/MacOSX26.1.sdk/usr/include/objc/hashtable2.h
/Applications/Xcode.app/Contents/Developer/Platforms/MacOSX.platform/Developer/SDKs/MacOSX26.1.sdk/usr/include/objc/objc-auto.h
/Applications/Xcode.app/Contents/Developer/Platforms/MacOSX.platform/Developer/SDKs/MacOSX26.1.sdk/usr/include/string.h
/Applications/Xcode.app/Contents/Developer/Platforms/MacOSX.platform/Developer/SDKs/MacOSX26.1.sdk/usr/include/objc/objc-class.h
/Applications/Xcode.app/Contents/Developer/Platforms/MacOSX.platform/Developer/SDKs/MacOSX26.1.sdk/usr/include/objc/objc-exception.h
/Applications/Xcode.app/Contents/Developer/Platforms/MacOSX.platform/Developer/SDKs/MacOSX26.1.sdk/usr/include/objc/objc-load.h
/Applications/Xcode.app/Contents/Developer/Platforms/MacOSX.platform/Developer/SDKs/MacOSX26.1.sdk/usr/include/objc/objc-sync.h
/Applications/Xcode.app/Contents/Developer/Platforms/MacOSX.platform/Developer/SDKs/MacOSX26.1.sdk/SDKSettings.json
/Applications/Xcode.app/Contents/Developer/Toolchains/XcodeDefault.xctoolchain/usr/lib/swift/macosx/prebuilt-modules/26.1/ObjectiveC.swiftmodule/arm64e-apple-macos.swiftmodule
/Applications/Xcode.app/Contents/Developer/Toolchains/XcodeDefault.xctoolchain/usr/lib/swift/macosx/prebuilt-modules/26.1/Observation.swiftmodule/arm64e-apple-macos.swiftmodule
/Users/rogerlin/Library/Developer/Xcode/DerivedData/FinancialCalculatorKit-ackorybalcxbfocbkqsfdzcfkgmn/Build/Products/Debug/Parsing.swiftmodule/arm64-apple-macos.swiftmodule
/Applications/Xcode.app/Contents/Developer/Platforms/MacOSX.platform/Developer/SDKs/MacOSX26.1.sdk/System/Library/Frameworks/Security.framework/Headers/Security.apinotes
/Applications/Xcode.app/Contents/Developer/Platforms/MacOSX.platform/Developer/SDKs/MacOSX26.1.sdk/System/Library/Frameworks/Security.framework/Modules/module.modulemap
/Applications/Xcode.app/Contents/Developer/Platforms/MacOSX.platform/Developer/SDKs/MacOSX26.1.sdk/System/Library/Frameworks/Security.framework/Headers/Security.h
/Applications/Xcode.app/Contents/Developer/Platforms/MacOSX.platform/Developer/SDKs/MacOSX26.1.sdk/System/Library/Frameworks/Security.framework/Headers/SecBase.h
/Applications/Xcode.app/Contents/Developer/Platforms/MacOSX.platform/Developer/SDKs/MacOSX26.1.sdk/usr/include/xpc.modulemap
/Applications/Xcode.app/Contents/Developer/Platforms/MacOSX.platform/Developer/SDKs/MacOSX26.1.sdk/usr/include/dispatch.modulemap
/Applications/Xcode.app/Contents/Developer/Platforms/MacOSX.platform/Developer/SDKs/MacOSX26.1.sdk/usr/include/os.modulemap
/Applications/Xcode.app/Contents/Developer/Platforms/MacOSX.platform/Developer/SDKs/MacOSX26.1.sdk/usr/include/Darwin.modulemap
/Applications/Xcode.app/Contents/Developer/Platforms/MacOSX.platform/Developer/SDKs/MacOSX26.1.sdk/usr/include/Darwin_C.modulemap
/Applications/Xcode.app/Contents/Developer/Platforms/MacOSX.platform/Developer/SDKs/MacOSX26.1.sdk/usr/include/Darwin_POSIX.modulemap
/Applications/Xcode.app/Contents/Developer/Platforms/MacOSX.platform/Developer/SDKs/MacOSX26.1.sdk/usr/include/net.modulemap
/Applications/Xcode.app/Contents/Developer/Platforms/MacOSX.platform/Developer/SDKs/MacOSX26.1.sdk/usr/include/netinet.modulemap
/Applications/Xcode.app/Contents/Developer/Platforms/MacOSX.platform/Developer/SDKs/MacOSX26.1.sdk/usr/include/bank.modulemap
/Applications/Xcode.app/Contents/Developer/Platforms/MacOSX.platform/Developer/SDKs/MacOSX26.1.sdk/usr/include/Darwin_Mach.modulemap
/Applications/Xcode.app/Contents/Developer/Platforms/MacOSX.platform/Developer/SDKs/MacOSX26.1.sdk/usr/include/Darwin_Mach_machine.modulemap
/Applications/Xcode.app/Contents/Developer/Platforms/MacOSX.platform/Developer/SDKs/MacOSX26.1.sdk/usr/include/mach_debug.modulemap
/Applications/Xcode.app/Contents/Developer/Platforms/MacOSX.platform/Developer/SDKs/MacOSX26.1.sdk/usr/include/device.modulemap
/Applications/Xcode.app/Contents/Developer/Platforms/MacOSX.platform/Developer/SDKs/MacOSX26.1.sdk/usr/include/Darwin_machine.modulemap
/Applications/Xcode.app/Contents/Developer/Platforms/MacOSX.platform/Developer/SDKs/MacOSX26.1.sdk/usr/include/ncurses.modulemap
/Applications/Xcode.app/Contents/Developer/Platforms/MacOSX.platform/Developer/SDKs/MacOSX26.1.sdk/usr/include/netinet6.modulemap
/Applications/Xcode.app/Contents/Developer/Platforms/MacOSX.platform/Developer/SDKs/MacOSX26.1.sdk/usr/include/Darwin_sys.modulemap
/Applications/Xcode.app/Contents/Developer/Platforms/MacOSX.platform/Developer/SDKs/MacOSX26.1.sdk/usr/include/uuid.modulemap
/Applications/Xcode.app/Contents/Developer/Platforms/MacOSX.platform/Developer/SDKs/MacOSX26.1.sdk/usr/include/DarwinFoundation2.modulemap
/Applications/Xcode.app/Contents/Developer/Platforms/MacOSX.platform/Developer/SDKs/MacOSX26.1.sdk/usr/include/DarwinFoundation3.modulemap
/Applications/Xcode.app/Contents/Developer/Platforms/MacOSX.platform/Developer/SDKs/MacOSX26.1.sdk/usr/include/DarwinFoundation1.modulemap
/Applications/Xcode.app/Contents/Developer/Platforms/MacOSX.platform/Developer/SDKs/MacOSX26.1.sdk/System/Library/Frameworks/CoreFoundation.framework/Modules/module.modulemap
/Applications/Xcode.app/Contents/Developer/Platforms/MacOSX.platform/Developer/SDKs/MacOSX26.1.sdk/System/Library/Frameworks/Security.framework/Headers/SecCertificate.h
/Applications/Xcode.app/Contents/Developer/Platforms/MacOSX.platform/Developer/SDKs/MacOSX26.1.sdk/System/Library/Frameworks/Security.framework/Headers/cssmtype.h
/Applications/Xcode.app/Contents/Developer/Platforms/MacOSX.platform/Developer/SDKs/MacOSX26.1.sdk/System/Library/Frameworks/Security.framework/Headers/cssmconfig.h
/Applications/Xcode.app/Contents/Developer/Toolchains/XcodeDefault.xctoolchain/usr/lib/swift/clang/include/module.modulemap
/Applications/Xcode.app/Contents/Developer/Platforms/MacOSX.platform/Developer/SDKs/MacOSX26.1.sdk/System/Library/Frameworks/Security.framework/Headers/SecAsn1Types.h
/Applications/Xcode.app/Contents/Developer/Platforms/MacOSX.platform/Developer/SDKs/MacOSX26.1.sdk/System/Library/Frameworks/Security.framework/Headers/x509defs.h
/Applications/Xcode.app/Contents/Developer/Platforms/MacOSX.platform/Developer/SDKs/MacOSX26.1.sdk/System/Library/Frameworks/Security.framework/Headers/SecIdentity.h
/Applications/Xcode.app/Contents/Developer/Platforms/MacOSX.platform/Developer/SDKs/MacOSX26.1.sdk/System/Library/Frameworks/Security.framework/Headers/SecAccessControl.h
/Applications/Xcode.app/Contents/Developer/Platforms/MacOSX.platform/Developer/SDKs/MacOSX26.1.sdk/System/Library/Frameworks/Security.framework/Headers/SecItem.h
/Applications/Xcode.app/Contents/Developer/Platforms/MacOSX.platform/Developer/SDKs/MacOSX26.1.sdk/System/Library/Frameworks/Security.framework/Headers/SecKey.h
/Applications/Xcode.app/Contents/Developer/Platforms/MacOSX.platform/Developer/SDKs/MacOSX26.1.sdk/System/Library/Frameworks/Security.framework/Headers/SecAccess.h
/Applications/Xcode.app/Contents/Developer/Platforms/MacOSX.platform/Developer/SDKs/MacOSX26.1.sdk/System/Library/Frameworks/Security.framework/Headers/SecPolicy.h
/Applications/Xcode.app/Contents/Developer/Platforms/MacOSX.platform/Developer/SDKs/MacOSX26.1.sdk/System/Library/Frameworks/Security.framework/Headers/SecRandom.h
/Applications/Xcode.app/Contents/Developer/Platforms/MacOSX.platform/Developer/SDKs/MacOSX26.1.sdk/System/Library/Frameworks/Security.framework/Headers/SecImportExport.h
/Applications/Xcode.app/Contents/Developer/Platforms/MacOSX.platform/Developer/SDKs/MacOSX26.1.sdk/System/Library/Frameworks/Security.framework/Headers/SecKeychain.h
/Applications/Xcode.app/Contents/Developer/Platforms/MacOSX.platform/Developer/SDKs/MacOSX26.1.sdk/System/Library/Frameworks/Security.framework/Headers/cssmapple.h
/Applications/Xcode.app/Contents/Developer/Platforms/MacOSX.platform/Developer/SDKs/MacOSX26.1.sdk/System/Library/Frameworks/Security.framework/Headers/cssmerr.h
/Applications/Xcode.app/Contents/Developer/Platforms/MacOSX.platform/Developer/SDKs/MacOSX26.1.sdk/System/Library/Frameworks/Security.framework/Headers/certextensions.h
/Applications/Xcode.app/Contents/Developer/Platforms/MacOSX.platform/Developer/SDKs/MacOSX26.1.sdk/System/Library/Frameworks/Security.framework/Headers/SecTrust.h
/Applications/Xcode.app/Contents/Developer/Platforms/MacOSX.platform/Developer/SDKs/MacOSX26.1.sdk/System/Library/Frameworks/Security.framework/Headers/SecSharedCredential.h
/Applications/Xcode.app/Contents/Developer/Platforms/MacOSX.platform/Developer/SDKs/MacOSX26.1.sdk/System/Library/Frameworks/Security.framework/Headers/SecProtocolOptions.h
/Applications/Xcode.app/Contents/Developer/Platforms/MacOSX.platform/Developer/SDKs/MacOSX26.1.sdk/System/Library/Frameworks/Security.framework/Headers/SecProtocolObject.h
/Applications/Xcode.app/Contents/Developer/Platforms/MacOSX.platform/Developer/SDKs/MacOSX26.1.sdk/System/Library/Frameworks/Security.framework/Headers/SecProtocolTypes.h
/Applications/Xcode.app/Contents/Developer/Platforms/MacOSX.platform/Developer/SDKs/MacOSX26.1.sdk/System/Library/Frameworks/Security.framework/Headers/CipherSuite.h
/Applications/Xcode.app/Contents/Developer/Platforms/MacOSX.platform/Developer/SDKs/MacOSX26.1.sdk/System/Library/Frameworks/Security.framework/Headers/SecProtocolMetadata.h
/Applications/Xcode.app/Contents/Developer/Platforms/MacOSX.platform/Developer/SDKs/MacOSX26.1.sdk/System/Library/Frameworks/Security.framework/Headers/AuthSession.h
/Applications/Xcode.app/Contents/Developer/Platforms/MacOSX.platform/Developer/SDKs/MacOSX26.1.sdk/System/Library/Frameworks/Security.framework/Headers/Authorization.h
/Applications/Xcode.app/Contents/Developer/Platforms/MacOSX.platform/Developer/SDKs/MacOSX26.1.sdk/usr/include/stdio.h
/Applications/Xcode.app/Contents/Developer/Platforms/MacOSX.platform/Developer/SDKs/MacOSX26.1.sdk/System/Library/Frameworks/Security.framework/Headers/cssm.h
/Applications/Xcode.app/Contents/Developer/Platforms/MacOSX.platform/Developer/SDKs/MacOSX26.1.sdk/System/Library/Frameworks/Security.framework/Headers/emmtype.h
/Applications/Xcode.app/Contents/Developer/Platforms/MacOSX.platform/Developer/SDKs/MacOSX26.1.sdk/System/Library/Frameworks/Security.framework/Headers/cssmapi.h
/Applications/Xcode.app/Contents/Developer/Platforms/MacOSX.platform/Developer/SDKs/MacOSX26.1.sdk/System/Library/Frameworks/Security.framework/Headers/cssmaci.h
/Applications/Xcode.app/Contents/Developer/Platforms/MacOSX.platform/Developer/SDKs/MacOSX26.1.sdk/System/Library/Frameworks/Security.framework/Headers/cssmcli.h
/Applications/Xcode.app/Contents/Developer/Platforms/MacOSX.platform/Developer/SDKs/MacOSX26.1.sdk/System/Library/Frameworks/Security.framework/Headers/cssmcspi.h
/Applications/Xcode.app/Contents/Developer/Platforms/MacOSX.platform/Developer/SDKs/MacOSX26.1.sdk/System/Library/Frameworks/Security.framework/Headers/cssmspi.h
/Applications/Xcode.app/Contents/Developer/Platforms/MacOSX.platform/Developer/SDKs/MacOSX26.1.sdk/System/Library/Frameworks/Security.framework/Headers/cssmdli.h
/Applications/Xcode.app/Contents/Developer/Platforms/MacOSX.platform/Developer/SDKs/MacOSX26.1.sdk/System/Library/Frameworks/Security.framework/Headers/cssmkrapi.h
/Applications/Xcode.app/Contents/Developer/Platforms/MacOSX.platform/Developer/SDKs/MacOSX26.1.sdk/System/Library/Frameworks/Security.framework/Headers/cssmkrspi.h
/Applications/Xcode.app/Contents/Developer/Platforms/MacOSX.platform/Developer/SDKs/MacOSX26.1.sdk/System/Library/Frameworks/Security.framework/Headers/cssmtpi.h
/Applications/Xcode.app/Contents/Developer/Platforms/MacOSX.platform/Developer/SDKs/MacOSX26.1.sdk/System/Library/Frameworks/Security.framework/Headers/emmspi.h
/Applications/Xcode.app/Contents/Developer/Platforms/MacOSX.platform/Developer/SDKs/MacOSX26.1.sdk/System/Library/Frameworks/Security.framework/Headers/mds.h
/Applications/Xcode.app/Contents/Developer/Platforms/MacOSX.platform/Developer/SDKs/MacOSX26.1.sdk/System/Library/Frameworks/Security.framework/Headers/mds_schema.h
/Applications/Xcode.app/Contents/Developer/Platforms/MacOSX.platform/Developer/SDKs/MacOSX26.1.sdk/System/Library/Frameworks/Security.framework/Headers/oidsalg.h
/Applications/Xcode.app/Contents/Developer/Platforms/MacOSX.platform/Developer/SDKs/MacOSX26.1.sdk/System/Library/Frameworks/Security.framework/Headers/oidsattr.h
/Applications/Xcode.app/Contents/Developer/Platforms/MacOSX.platform/Developer/SDKs/MacOSX26.1.sdk/System/Library/Frameworks/Security.framework/Headers/oidsbase.h
/Applications/Xcode.app/Contents/Developer/Platforms/MacOSX.platform/Developer/SDKs/MacOSX26.1.sdk/System/Library/Frameworks/Security.framework/Headers/oidscert.h
/Applications/Xcode.app/Contents/Developer/Platforms/MacOSX.platform/Developer/SDKs/MacOSX26.1.sdk/System/Library/Frameworks/Security.framework/Headers/oidscrl.h
/Applications/Xcode.app/Contents/Developer/Platforms/MacOSX.platform/Developer/SDKs/MacOSX26.1.sdk/System/Library/Frameworks/Security.framework/Headers/SecACL.h
/Applications/Xcode.app/Contents/Developer/Platforms/MacOSX.platform/Developer/SDKs/MacOSX26.1.sdk/System/Library/Frameworks/Security.framework/Headers/SecCertificateOIDs.h
/Applications/Xcode.app/Contents/Developer/Platforms/MacOSX.platform/Developer/SDKs/MacOSX26.1.sdk/System/Library/Frameworks/Security.framework/Headers/SecIdentitySearch.h
/Applications/Xcode.app/Contents/Developer/Platforms/MacOSX.platform/Developer/SDKs/MacOSX26.1.sdk/System/Library/Frameworks/Security.framework/Headers/SecKeychainItem.h
/Applications/Xcode.app/Contents/Developer/Platforms/MacOSX.platform/Developer/SDKs/MacOSX26.1.sdk/System/Library/Frameworks/Security.framework/Headers/SecKeychainSearch.h
/Applications/Xcode.app/Contents/Developer/Platforms/MacOSX.platform/Developer/SDKs/MacOSX26.1.sdk/System/Library/Frameworks/Security.framework/Headers/SecPolicySearch.h
/Applications/Xcode.app/Contents/Developer/Platforms/MacOSX.platform/Developer/SDKs/MacOSX26.1.sdk/System/Library/Frameworks/Security.framework/Headers/SecTrustedApplication.h
/Applications/Xcode.app/Contents/Developer/Platforms/MacOSX.platform/Developer/SDKs/MacOSX26.1.sdk/System/Library/Frameworks/Security.framework/Headers/SecTrustSettings.h
/Applications/Xcode.app/Contents/Developer/Platforms/MacOSX.platform/Developer/SDKs/MacOSX26.1.sdk/System/Library/Frameworks/Security.framework/Headers/SecStaticCode.h
/Applications/Xcode.app/Contents/Developer/Platforms/MacOSX.platform/Developer/SDKs/MacOSX26.1.sdk/System/Library/Frameworks/Security.framework/Headers/CSCommon.h
/Applications/Xcode.app/Contents/Developer/Platforms/MacOSX.platform/Developer/SDKs/MacOSX26.1.sdk/System/Library/Frameworks/Security.framework/Headers/SecCode.h
/Applications/Xcode.app/Contents/Developer/Platforms/MacOSX.platform/Developer/SDKs/MacOSX26.1.sdk/System/Library/Frameworks/Security.framework/Headers/SecCodeHost.h
/Applications/Xcode.app/Contents/Developer/Platforms/MacOSX.platform/Developer/SDKs/MacOSX26.1.sdk/System/Library/Frameworks/Security.framework/Headers/SecRequirement.h
/Applications/Xcode.app/Contents/Developer/Platforms/MacOSX.platform/Developer/SDKs/MacOSX26.1.sdk/System/Library/Frameworks/Security.framework/Headers/SecTask.h
/Applications/Xcode.app/Contents/Developer/Platforms/MacOSX.platform/Developer/SDKs/MacOSX26.1.sdk/System/Library/Frameworks/Security.framework/Headers/AuthorizationTags.h
/Applications/Xcode.app/Contents/Developer/Platforms/MacOSX.platform/Developer/SDKs/MacOSX26.1.sdk/System/Library/Frameworks/Security.framework/Headers/AuthorizationDB.h
/Applications/Xcode.app/Contents/Developer/Platforms/MacOSX.platform/Developer/SDKs/MacOSX26.1.sdk/System/Library/Frameworks/Security.framework/Headers/CMSDecoder.h
/Applications/Xcode.app/Contents/Developer/Platforms/MacOSX.platform/Developer/SDKs/MacOSX26.1.sdk/System/Library/Frameworks/Security.framework/Headers/CMSEncoder.h
/Applications/Xcode.app/Contents/Developer/Platforms/MacOSX.platform/Developer/SDKs/MacOSX26.1.sdk/System/Library/Frameworks/Security.framework/Headers/SecureTransport.h
/Applications/Xcode.app/Contents/Developer/Platforms/MacOSX.platform/Developer/SDKs/MacOSX26.1.sdk/System/Library/Frameworks/Security.framework/Headers/SecTransform.h
/Applications/Xcode.app/Contents/Developer/Platforms/MacOSX.platform/Developer/SDKs/MacOSX26.1.sdk/System/Library/Frameworks/Security.framework/Headers/SecCustomTransform.h
/Applications/Xcode.app/Contents/Developer/Platforms/MacOSX.platform/Developer/SDKs/MacOSX26.1.sdk/System/Library/Frameworks/Security.framework/Headers/SecDecodeTransform.h
/Applications/Xcode.app/Contents/Developer/Platforms/MacOSX.platform/Developer/SDKs/MacOSX26.1.sdk/System/Library/Frameworks/Security.framework/Headers/SecEncodeTransform.h
/Applications/Xcode.app/Contents/Developer/Platforms/MacOSX.platform/Developer/SDKs/MacOSX26.1.sdk/System/Library/Frameworks/Security.framework/Headers/SecDigestTransform.h
/Applications/Xcode.app/Contents/Developer/Platforms/MacOSX.platform/Developer/SDKs/MacOSX26.1.sdk/System/Library/Frameworks/Security.framework/Headers/SecEncryptTransform.h
/Applications/Xcode.app/Contents/Developer/Platforms/MacOSX.platform/Developer/SDKs/MacOSX26.1.sdk/System/Library/Frameworks/Security.framework/Headers/SecSignVerifyTransform.h
/Applications/Xcode.app/Contents/Developer/Platforms/MacOSX.platform/Developer/SDKs/MacOSX26.1.sdk/System/Library/Frameworks/Security.framework/Headers/SecReadTransform.h
/Applications/Xcode.app/Contents/Developer/Platforms/MacOSX.platform/Developer/SDKs/MacOSX26.1.sdk/System/Library/Frameworks/Security.framework/Headers/SecTransformReadTransform.h
/Applications/Xcode.app/Contents/Developer/Platforms/MacOSX.platform/Developer/SDKs/MacOSX26.1.sdk/System/Library/Frameworks/Security.framework/Headers/oids.h
/Applications/Xcode.app/Contents/Developer/Platforms/MacOSX.platform/Developer/SDKs/MacOSX26.1.sdk/usr/include/libDER/module.modulemap
/Applications/Xcode.app/Contents/Developer/Platforms/MacOSX.platform/Developer/SDKs/MacOSX26.1.sdk/usr/include/string.h
/Applications/Xcode.app/Contents/Developer/Platforms/MacOSX.platform/Developer/SDKs/MacOSX26.1.sdk/System/Library/Frameworks/Security.framework/Headers/AuthorizationPlugin.h
/Applications/Xcode.app/Contents/Developer/Platforms/MacOSX.platform/Developer/SDKs/MacOSX26.1.sdk/System/Library/Frameworks/Security.framework/Headers/CodeSigning.h
/Applications/Xcode.app/Contents/Developer/Platforms/MacOSX.platform/Developer/SDKs/MacOSX26.1.sdk/System/Library/Frameworks/Security.framework/Headers/eisl.h
/Applications/Xcode.app/Contents/Developer/Platforms/MacOSX.platform/Developer/SDKs/MacOSX26.1.sdk/System/Library/Frameworks/Security.framework/Headers/SecAsn1Coder.h
/Applications/Xcode.app/Contents/Developer/Platforms/MacOSX.platform/Developer/SDKs/MacOSX26.1.sdk/System/Library/Frameworks/Security.framework/Headers/SecAsn1Templates.h
/Applications/Xcode.app/Contents/Developer/Platforms/MacOSX.platform/Developer/SDKs/MacOSX26.1.sdk/System/Library/Frameworks/Security.framework/Headers/SecureDownload.h
/Applications/Xcode.app/Contents/Developer/Platforms/MacOSX.platform/Developer/SDKs/MacOSX26.1.sdk/SDKSettings.json
/Applications/Xcode.app/Contents/Developer/Toolchains/XcodeDefault.xctoolchain/usr/lib/swift/macosx/prebuilt-modules/26.1/Swift.swiftmodule/arm64e-apple-macos.swiftmodule
/Applications/Xcode.app/Contents/Developer/Toolchains/XcodeDefault.xctoolchain/usr/lib/swift/macosx/prebuilt-modules/26.1/SwiftOnoneSupport.swiftmodule/arm64e-apple-macos.swiftmodule
/Applications/Xcode.app/Contents/Developer/Platforms/MacOSX.platform/Developer/SDKs/MacOSX26.1.sdk/usr/lib/swift/shims/module.modulemap
/Applications/Xcode.app/Contents/Developer/Platforms/MacOSX.platform/Developer/SDKs/MacOSX26.1.sdk/usr/lib/swift/shims/AssertionReporting.h
/Applications/Xcode.app/Contents/Developer/Platforms/MacOSX.platform/Developer/SDKs/MacOSX26.1.sdk/usr/lib/swift/shims/SwiftStdint.h
/Applications/Xcode.app/Contents/Developer/Platforms/MacOSX.platform/Developer/SDKs/MacOSX26.1.sdk/usr/lib/swift/shims/Visibility.h
/Applications/Xcode.app/Contents/Developer/Platforms/MacOSX.platform/Developer/SDKs/MacOSX26.1.sdk/usr/lib/swift/shims/CoreFoundationShims.h
/Applications/Xcode.app/Contents/Developer/Platforms/MacOSX.platform/Developer/SDKs/MacOSX26.1.sdk/usr/lib/swift/shims/ObjCShims.h
/Applications/Xcode.app/Contents/Developer/Platforms/MacOSX.platform/Developer/SDKs/MacOSX26.1.sdk/usr/lib/swift/shims/EmbeddedShims.h
/Applications/Xcode.app/Contents/Developer/Platforms/MacOSX.platform/Developer/SDKs/MacOSX26.1.sdk/usr/lib/swift/shims/SwiftStddef.h
/Applications/Xcode.app/Contents/Developer/Platforms/MacOSX.platform/Developer/SDKs/MacOSX26.1.sdk/usr/lib/swift/shims/FoundationShims.h
/Applications/Xcode.app/Contents/Developer/Platforms/MacOSX.platform/Developer/SDKs/MacOSX26.1.sdk/usr/lib/swift/shims/GlobalObjects.h
/Applications/Xcode.app/Contents/Developer/Platforms/MacOSX.platform/Developer/SDKs/MacOSX26.1.sdk/usr/lib/swift/shims/SwiftStdbool.h
/Applications/Xcode.app/Contents/Developer/Platforms/MacOSX.platform/Developer/SDKs/MacOSX26.1.sdk/usr/lib/swift/shims/HeapObject.h
/Applications/Xcode.app/Contents/Developer/Platforms/MacOSX.platform/Developer/SDKs/MacOSX26.1.sdk/usr/lib/swift/shims/RefCount.h
/Applications/Xcode.app/Contents/Developer/Platforms/MacOSX.platform/Developer/SDKs/MacOSX26.1.sdk/usr/lib/swift/shims/System.h
/Applications/Xcode.app/Contents/Developer/Platforms/MacOSX.platform/Developer/SDKs/MacOSX26.1.sdk/usr/lib/swift/shims/Target.h
/Applications/Xcode.app/Contents/Developer/Platforms/MacOSX.platform/Developer/SDKs/MacOSX26.1.sdk/usr/lib/swift/shims/KeyPath.h
/Applications/Xcode.app/Contents/Developer/Platforms/MacOSX.platform/Developer/SDKs/MacOSX26.1.sdk/usr/lib/swift/shims/LibcShims.h
/Applications/Xcode.app/Contents/Developer/Platforms/MacOSX.platform/Developer/SDKs/MacOSX26.1.sdk/usr/lib/swift/shims/MetadataSections.h
/Applications/Xcode.app/Contents/Developer/Platforms/MacOSX.platform/Developer/SDKs/MacOSX26.1.sdk/usr/lib/swift/shims/Random.h
/Applications/Xcode.app/Contents/Developer/Platforms/MacOSX.platform/Developer/SDKs/MacOSX26.1.sdk/usr/lib/swift/shims/Reflection.h
/Applications/Xcode.app/Contents/Developer/Platforms/MacOSX.platform/Developer/SDKs/MacOSX26.1.sdk/usr/lib/swift/shims/RuntimeShims.h
/Applications/Xcode.app/Contents/Developer/Platforms/MacOSX.platform/Developer/SDKs/MacOSX26.1.sdk/usr/lib/swift/shims/RuntimeStubs.h
/Applications/Xcode.app/Contents/Developer/Platforms/MacOSX.platform/Developer/SDKs/MacOSX26.1.sdk/usr/lib/swift/shims/ThreadLocalStorage.h
/Applications/Xcode.app/Contents/Developer/Platforms/MacOSX.platform/Developer/SDKs/MacOSX26.1.sdk/usr/lib/swift/shims/UnicodeData.h
/Applications/Xcode.app/Contents/Developer/Platforms/MacOSX.platform/Developer/SDKs/MacOSX26.1.sdk/SDKSettings.json
/Applications/Xcode.app/Contents/Developer/Toolchains/XcodeDefault.xctoolchain/usr/lib/swift/macosx/prebuilt-modules/26.1/System.swiftmodule/arm64e-apple-macos.swiftmodule
/Users/rogerlin/Library/Developer/Xcode/DerivedData/FinancialCalculatorKit-ackorybalcxbfocbkqsfdzcfkgmn/Build/Products/Debug/XCTestDynamicOverlay.swiftmodule/arm64-apple-macos.swiftmodule
/Applications/Xcode.app/Contents/Developer/Toolchains/XcodeDefault.xctoolchain/usr/lib/swift/macosx/prebuilt-modules/26.1/XPC.swiftmodule/arm64e-apple-macos.swiftmodule
/Applications/Xcode.app/Contents/Developer/Platforms/MacOSX.platform/Developer/SDKs/MacOSX26.1.sdk/usr/include/XPC.apinotes
/Applications/Xcode.app/Contents/Developer/Platforms/MacOSX.platform/Developer/SDKs/MacOSX26.1.sdk/usr/include/launch.modulemap
/Applications/Xcode.app/Contents/Developer/Platforms/MacOSX.platform/Developer/SDKs/MacOSX26.1.sdk/usr/include/xpc.modulemap
/Applications/Xcode.app/Contents/Developer/Platforms/MacOSX.platform/Developer/SDKs/MacOSX26.1.sdk/usr/include/dispatch.modulemap
/Applications/Xcode.app/Contents/Developer/Platforms/MacOSX.platform/Developer/SDKs/MacOSX26.1.sdk/usr/include/os.modulemap
/Applications/Xcode.app/Contents/Developer/Platforms/MacOSX.platform/Developer/SDKs/MacOSX26.1.sdk/usr/include/Darwin.modulemap
/Applications/Xcode.app/Contents/Developer/Platforms/MacOSX.platform/Developer/SDKs/MacOSX26.1.sdk/usr/include/Darwin_C.modulemap
/Applications/Xcode.app/Contents/Developer/Platforms/MacOSX.platform/Developer/SDKs/MacOSX26.1.sdk/usr/include/Darwin_POSIX.modulemap
/Applications/Xcode.app/Contents/Developer/Platforms/MacOSX.platform/Developer/SDKs/MacOSX26.1.sdk/usr/include/net.modulemap
/Applications/Xcode.app/Contents/Developer/Platforms/MacOSX.platform/Developer/SDKs/MacOSX26.1.sdk/usr/include/netinet.modulemap
/Applications/Xcode.app/Contents/Developer/Platforms/MacOSX.platform/Developer/SDKs/MacOSX26.1.sdk/usr/include/bank.modulemap
/Applications/Xcode.app/Contents/Developer/Platforms/MacOSX.platform/Developer/SDKs/MacOSX26.1.sdk/usr/include/Darwin_Mach.modulemap
/Applications/Xcode.app/Contents/Developer/Platforms/MacOSX.platform/Developer/SDKs/MacOSX26.1.sdk/usr/include/Darwin_Mach_machine.modulemap
/Applications/Xcode.app/Contents/Developer/Platforms/MacOSX.platform/Developer/SDKs/MacOSX26.1.sdk/usr/include/mach_debug.modulemap
/Applications/Xcode.app/Contents/Developer/Platforms/MacOSX.platform/Developer/SDKs/MacOSX26.1.sdk/usr/include/device.modulemap
/Applications/Xcode.app/Contents/Developer/Platforms/MacOSX.platform/Developer/SDKs/MacOSX26.1.sdk/usr/include/Darwin_machine.modulemap
/Applications/Xcode.app/Contents/Developer/Platforms/MacOSX.platform/Developer/SDKs/MacOSX26.1.sdk/usr/include/ncurses.modulemap
/Applications/Xcode.app/Contents/Developer/Platforms/MacOSX.platform/Developer/SDKs/MacOSX26.1.sdk/usr/include/netinet6.modulemap
/Applications/Xcode.app/Contents/Developer/Platforms/MacOSX.platform/Developer/SDKs/MacOSX26.1.sdk/usr/include/Darwin_sys.modulemap
/Applications/Xcode.app/Contents/Developer/Platforms/MacOSX.platform/Developer/SDKs/MacOSX26.1.sdk/usr/include/uuid.modulemap
/Applications/Xcode.app/Contents/Developer/Platforms/MacOSX.platform/Developer/SDKs/MacOSX26.1.sdk/usr/include/DarwinFoundation2.modulemap
/Applications/Xcode.app/Contents/Developer/Platforms/MacOSX.platform/Developer/SDKs/MacOSX26.1.sdk/usr/include/DarwinFoundation3.modulemap
/Applications/Xcode.app/Contents/Developer/Platforms/MacOSX.platform/Developer/SDKs/MacOSX26.1.sdk/usr/include/DarwinFoundation1.modulemap
/Applications/Xcode.app/Contents/Developer/Platforms/MacOSX.platform/Developer/SDKs/MacOSX26.1.sdk/usr/include/xpc/xpc.h
/Applications/Xcode.app/Contents/Developer/Toolchains/XcodeDefault.xctoolchain/usr/lib/swift/clang/include/module.modulemap
/Applications/Xcode.app/Contents/Developer/Toolchains/XcodeDefault.xctoolchain/usr/lib/swift/clang/include/stdarg.h
/Applications/Xcode.app/Contents/Developer/Platforms/MacOSX.platform/Developer/SDKs/MacOSX26.1.sdk/usr/include/stdlib.h
/Applications/Xcode.app/Contents/Developer/Platforms/MacOSX.platform/Developer/SDKs/MacOSX26.1.sdk/usr/include/stdio.h
/Applications/Xcode.app/Contents/Developer/Platforms/MacOSX.platform/Developer/SDKs/MacOSX26.1.sdk/usr/include/string.h
/Applications/Xcode.app/Contents/Developer/Platforms/MacOSX.platform/Developer/SDKs/MacOSX26.1.sdk/usr/include/xpc/base.h
/Applications/Xcode.app/Contents/Developer/Platforms/MacOSX.platform/Developer/SDKs/MacOSX26.1.sdk/usr/include/xpc/availability.h
/Applications/Xcode.app/Contents/Developer/Platforms/MacOSX.platform/Developer/SDKs/MacOSX26.1.sdk/usr/include/xpc/endpoint.h
/Applications/Xcode.app/Contents/Developer/Platforms/MacOSX.platform/Developer/SDKs/MacOSX26.1.sdk/usr/include/xpc/debug.h
/Applications/Xcode.app/Contents/Developer/Platforms/MacOSX.platform/Developer/SDKs/MacOSX26.1.sdk/usr/include/xpc/activity.h
/Applications/Xcode.app/Contents/Developer/Platforms/MacOSX.platform/Developer/SDKs/MacOSX26.1.sdk/usr/include/xpc/peer_requirement.h
/Applications/Xcode.app/Contents/Developer/Platforms/MacOSX.platform/Developer/SDKs/MacOSX26.1.sdk/usr/include/xpc/connection.h
/Applications/Xcode.app/Contents/Developer/Platforms/MacOSX.platform/Developer/SDKs/MacOSX26.1.sdk/usr/include/xpc/rich_error.h
/Applications/Xcode.app/Contents/Developer/Platforms/MacOSX.platform/Developer/SDKs/MacOSX26.1.sdk/usr/include/xpc/session.h
/Applications/Xcode.app/Contents/Developer/Platforms/MacOSX.platform/Developer/SDKs/MacOSX26.1.sdk/usr/include/xpc/listener.h
/Applications/Xcode.app/Contents/Developer/Platforms/MacOSX.platform/Developer/SDKs/MacOSX26.1.sdk/SDKSettings.json
/Applications/Xcode.app/Contents/Developer/Platforms/MacOSX.platform/Developer/SDKs/MacOSX26.1.sdk/usr/include/DarwinFoundation1.modulemap
/Applications/Xcode.app/Contents/Developer/Platforms/MacOSX.platform/Developer/SDKs/MacOSX26.1.sdk/usr/include/AvailabilityInternal.h
/Applications/Xcode.app/Contents/Developer/Platforms/MacOSX.platform/Developer/SDKs/MacOSX26.1.sdk/usr/include/AvailabilityVersions.h
/Applications/Xcode.app/Contents/Developer/Platforms/MacOSX.platform/Developer/SDKs/MacOSX26.1.sdk/usr/include/AvailabilityInternalLegacy.h
/Applications/Xcode.app/Contents/Developer/Platforms/MacOSX.platform/Developer/SDKs/MacOSX26.1.sdk/SDKSettings.json
/Applications/Xcode.app/Contents/Developer/Toolchains/XcodeDefault.xctoolchain/usr/lib/swift/clang/include/module.modulemap
/Applications/Xcode.app/Contents/Developer/Toolchains/XcodeDefault.xctoolchain/usr/lib/swift/clang/include/float.h
/Applications/Xcode.app/Contents/Developer/Platforms/MacOSX.platform/Developer/SDKs/MacOSX26.1.sdk/SDKSettings.json
/Applications/Xcode.app/Contents/Developer/Toolchains/XcodeDefault.xctoolchain/usr/lib/swift/macosx/prebuilt-modules/26.1/_Builtin_float.swiftmodule/arm64e-apple-macos.swiftmodule
/Applications/Xcode.app/Contents/Developer/Toolchains/XcodeDefault.xctoolchain/usr/lib/swift/clang/include/module.modulemap
/Applications/Xcode.app/Contents/Developer/Toolchains/XcodeDefault.xctoolchain/usr/lib/swift/clang/include/inttypes.h
/Applications/Xcode.app/Contents/Developer/Platforms/MacOSX.platform/Developer/SDKs/MacOSX26.1.sdk/usr/include/DarwinFoundation3.modulemap
/Applications/Xcode.app/Contents/Developer/Platforms/MacOSX.platform/Developer/SDKs/MacOSX26.1.sdk/usr/include/inttypes.h
/Applications/Xcode.app/Contents/Developer/Platforms/MacOSX.platform/Developer/SDKs/MacOSX26.1.sdk/SDKSettings.json
/Applications/Xcode.app/Contents/Developer/Toolchains/XcodeDefault.xctoolchain/usr/lib/swift/clang/include/module.modulemap
/Applications/Xcode.app/Contents/Developer/Toolchains/XcodeDefault.xctoolchain/usr/lib/swift/clang/include/limits.h
/Applications/Xcode.app/Contents/Developer/Platforms/MacOSX.platform/Developer/SDKs/MacOSX26.1.sdk/usr/include/DarwinFoundation1.modulemap
/Applications/Xcode.app/Contents/Developer/Platforms/MacOSX.platform/Developer/SDKs/MacOSX26.1.sdk/SDKSettings.json
/Applications/Xcode.app/Contents/Developer/Toolchains/XcodeDefault.xctoolchain/usr/lib/swift/clang/include/module.modulemap
/Applications/Xcode.app/Contents/Developer/Toolchains/XcodeDefault.xctoolchain/usr/lib/swift/clang/include/__stdarg___gnuc_va_list.h
/Applications/Xcode.app/Contents/Developer/Toolchains/XcodeDefault.xctoolchain/usr/lib/swift/clang/include/__stdarg___va_copy.h
/Applications/Xcode.app/Contents/Developer/Toolchains/XcodeDefault.xctoolchain/usr/lib/swift/clang/include/__stdarg_header_macro.h
/Applications/Xcode.app/Contents/Developer/Toolchains/XcodeDefault.xctoolchain/usr/lib/swift/clang/include/__stdarg_va_arg.h
/Applications/Xcode.app/Contents/Developer/Toolchains/XcodeDefault.xctoolchain/usr/lib/swift/clang/include/__stdarg_va_copy.h
/Applications/Xcode.app/Contents/Developer/Toolchains/XcodeDefault.xctoolchain/usr/lib/swift/clang/include/__stdarg_va_list.h
/Applications/Xcode.app/Contents/Developer/Platforms/MacOSX.platform/Developer/SDKs/MacOSX26.1.sdk/SDKSettings.json
/Applications/Xcode.app/Contents/Developer/Toolchains/XcodeDefault.xctoolchain/usr/lib/swift/clang/include/module.modulemap
/Applications/Xcode.app/Contents/Developer/Toolchains/XcodeDefault.xctoolchain/usr/lib/swift/clang/include/stdatomic.h
/Applications/Xcode.app/Contents/Developer/Toolchains/XcodeDefault.xctoolchain/usr/lib/swift/clang/include/stddef.h
/Applications/Xcode.app/Contents/Developer/Platforms/MacOSX.platform/Developer/SDKs/MacOSX26.1.sdk/SDKSettings.json
/Applications/Xcode.app/Contents/Developer/Toolchains/XcodeDefault.xctoolchain/usr/lib/swift/clang/include/module.modulemap
/Applications/Xcode.app/Contents/Developer/Toolchains/XcodeDefault.xctoolchain/usr/lib/swift/clang/include/stdbool.h
/Applications/Xcode.app/Contents/Developer/Platforms/MacOSX.platform/Developer/SDKs/MacOSX26.1.sdk/SDKSettings.json
/Applications/Xcode.app/Contents/Developer/Toolchains/XcodeDefault.xctoolchain/usr/lib/swift/clang/include/module.modulemap
/Applications/Xcode.app/Contents/Developer/Toolchains/XcodeDefault.xctoolchain/usr/lib/swift/clang/include/__stddef_header_macro.h
/Applications/Xcode.app/Contents/Developer/Toolchains/XcodeDefault.xctoolchain/usr/lib/swift/clang/include/__stddef_max_align_t.h
/Applications/Xcode.app/Contents/Developer/Toolchains/XcodeDefault.xctoolchain/usr/lib/swift/clang/include/__stddef_null.h
/Applications/Xcode.app/Contents/Developer/Toolchains/XcodeDefault.xctoolchain/usr/lib/swift/clang/include/__stddef_nullptr_t.h
/Applications/Xcode.app/Contents/Developer/Toolchains/XcodeDefault.xctoolchain/usr/lib/swift/clang/include/__stddef_offsetof.h
/Applications/Xcode.app/Contents/Developer/Toolchains/XcodeDefault.xctoolchain/usr/lib/swift/clang/include/__stddef_ptrdiff_t.h
/Applications/Xcode.app/Contents/Developer/Toolchains/XcodeDefault.xctoolchain/usr/lib/swift/clang/include/__stddef_rsize_t.h
/Applications/Xcode.app/Contents/Developer/Toolchains/XcodeDefault.xctoolchain/usr/lib/swift/clang/include/__stddef_size_t.h
/Applications/Xcode.app/Contents/Developer/Toolchains/XcodeDefault.xctoolchain/usr/lib/swift/clang/include/__stddef_unreachable.h
/Applications/Xcode.app/Contents/Developer/Toolchains/XcodeDefault.xctoolchain/usr/lib/swift/clang/include/__stddef_wchar_t.h
/Applications/Xcode.app/Contents/Developer/Platforms/MacOSX.platform/Developer/SDKs/MacOSX26.1.sdk/SDKSettings.json
/Applications/Xcode.app/Contents/Developer/Toolchains/XcodeDefault.xctoolchain/usr/lib/swift/clang/include/module.modulemap
/Applications/Xcode.app/Contents/Developer/Toolchains/XcodeDefault.xctoolchain/usr/lib/swift/clang/include/stdint.h
/Applications/Xcode.app/Contents/Developer/Platforms/MacOSX.platform/Developer/SDKs/MacOSX26.1.sdk/usr/include/DarwinFoundation2.modulemap
/Applications/Xcode.app/Contents/Developer/Platforms/MacOSX.platform/Developer/SDKs/MacOSX26.1.sdk/SDKSettings.json
/Applications/Xcode.app/Contents/Developer/Toolchains/XcodeDefault.xctoolchain/usr/lib/swift/macosx/prebuilt-modules/26.1/_Concurrency.swiftmodule/arm64e-apple-macos.swiftmodule
/Applications/Xcode.app/Contents/Developer/Toolchains/XcodeDefault.xctoolchain/usr/lib/swift/macosx/prebuilt-modules/26.1/_DarwinFoundation1.swiftmodule/arm64e-apple-macos.swiftmodule
/Applications/Xcode.app/Contents/Developer/Platforms/MacOSX.platform/Developer/SDKs/MacOSX26.1.sdk/usr/include/DarwinFoundation1.modulemap
/Applications/Xcode.app/Contents/Developer/Platforms/MacOSX.platform/Developer/SDKs/MacOSX26.1.sdk/usr/include/sys/appleapiopts.h
/Applications/Xcode.app/Contents/Developer/Platforms/MacOSX.platform/Developer/SDKs/MacOSX26.1.sdk/usr/include/os/availability.h
/Applications/Xcode.app/Contents/Developer/Platforms/MacOSX.platform/Developer/SDKs/MacOSX26.1.sdk/usr/include/Availability.h
/Applications/Xcode.app/Contents/Developer/Platforms/MacOSX.platform/Developer/SDKs/MacOSX26.1.sdk/usr/include/AvailabilityMacros.h
/Applications/Xcode.app/Contents/Developer/Platforms/MacOSX.platform/Developer/SDKs/MacOSX26.1.sdk/usr/include/TargetConditionals.h
/Applications/Xcode.app/Contents/Developer/Platforms/MacOSX.platform/Developer/SDKs/MacOSX26.1.sdk/usr/include/_bounds.h
/Applications/Xcode.app/Contents/Developer/Platforms/MacOSX.platform/Developer/SDKs/MacOSX26.1.sdk/usr/include/sys/cdefs.h
/Applications/Xcode.app/Contents/Developer/Platforms/MacOSX.platform/Developer/SDKs/MacOSX26.1.sdk/usr/include/sys/_symbol_aliasing.h
/Applications/Xcode.app/Contents/Developer/Platforms/MacOSX.platform/Developer/SDKs/MacOSX26.1.sdk/usr/include/sys/_posix_availability.h
/Applications/Xcode.app/Contents/Developer/Toolchains/XcodeDefault.xctoolchain/usr/lib/swift/clang/include/module.modulemap
/Applications/Xcode.app/Contents/Developer/Platforms/MacOSX.platform/Developer/SDKs/MacOSX26.1.sdk/usr/include/sys/qos.h
/Applications/Xcode.app/Contents/Developer/Platforms/MacOSX.platform/Developer/SDKs/MacOSX26.1.sdk/usr/include/machine/_endian.h
/Applications/Xcode.app/Contents/Developer/Platforms/MacOSX.platform/Developer/SDKs/MacOSX26.1.sdk/usr/include/arm/_endian.h
/Applications/Xcode.app/Contents/Developer/Platforms/MacOSX.platform/Developer/SDKs/MacOSX26.1.sdk/usr/include/sys/__endian.h
/Applications/Xcode.app/Contents/Developer/Platforms/MacOSX.platform/Developer/SDKs/MacOSX26.1.sdk/usr/include/i386/_endian.h
/Applications/Xcode.app/Contents/Developer/Platforms/MacOSX.platform/Developer/SDKs/MacOSX26.1.sdk/usr/include/__xlocale.h
/Applications/Xcode.app/Contents/Developer/Platforms/MacOSX.platform/Developer/SDKs/MacOSX26.1.sdk/usr/include/_mb_cur_max.h
/Applications/Xcode.app/Contents/Developer/Platforms/MacOSX.platform/Developer/SDKs/MacOSX26.1.sdk/usr/include/_types/_locale_t.h
/Applications/Xcode.app/Contents/Developer/Platforms/MacOSX.platform/Developer/SDKs/MacOSX26.1.sdk/usr/include/sys/_types/_u_char.h
/Applications/Xcode.app/Contents/Developer/Platforms/MacOSX.platform/Developer/SDKs/MacOSX26.1.sdk/usr/include/sys/_types/_u_short.h
/Applications/Xcode.app/Contents/Developer/Platforms/MacOSX.platform/Developer/SDKs/MacOSX26.1.sdk/usr/include/sys/_types/_u_int.h
/Applications/Xcode.app/Contents/Developer/Platforms/MacOSX.platform/Developer/SDKs/MacOSX26.1.sdk/usr/include/sys/_types/_u_int8_t.h
/Applications/Xcode.app/Contents/Developer/Platforms/MacOSX.platform/Developer/SDKs/MacOSX26.1.sdk/usr/include/sys/_types/_u_int16_t.h
/Applications/Xcode.app/Contents/Developer/Platforms/MacOSX.platform/Developer/SDKs/MacOSX26.1.sdk/usr/include/sys/_types/_u_int32_t.h
/Applications/Xcode.app/Contents/Developer/Platforms/MacOSX.platform/Developer/SDKs/MacOSX26.1.sdk/usr/include/sys/_types/_u_int64_t.h
/Applications/Xcode.app/Contents/Developer/Platforms/MacOSX.platform/Developer/SDKs/MacOSX26.1.sdk/usr/include/_assert.h
/Applications/Xcode.app/Contents/Developer/Platforms/MacOSX.platform/Developer/SDKs/MacOSX26.1.sdk/usr/include/_static_assert.h
/Applications/Xcode.app/Contents/Developer/Platforms/MacOSX.platform/Developer/SDKs/MacOSX26.1.sdk/usr/include/complex.h
/Applications/Xcode.app/Contents/Developer/Platforms/MacOSX.platform/Developer/SDKs/MacOSX26.1.sdk/usr/include/errno.h
/Applications/Xcode.app/Contents/Developer/Platforms/MacOSX.platform/Developer/SDKs/MacOSX26.1.sdk/usr/include/sys/errno.h
/Applications/Xcode.app/Contents/Developer/Platforms/MacOSX.platform/Developer/SDKs/MacOSX26.1.sdk/usr/include/sys/_types/_errno_t.h
/Applications/Xcode.app/Contents/Developer/Platforms/MacOSX.platform/Developer/SDKs/MacOSX26.1.sdk/usr/include/fenv.h
/Applications/Xcode.app/Contents/Developer/Platforms/MacOSX.platform/Developer/SDKs/MacOSX26.1.sdk/usr/include/limits.h
/Applications/Xcode.app/Contents/Developer/Platforms/MacOSX.platform/Developer/SDKs/MacOSX26.1.sdk/usr/include/machine/limits.h
/Applications/Xcode.app/Contents/Developer/Platforms/MacOSX.platform/Developer/SDKs/MacOSX26.1.sdk/usr/include/arm/limits.h
/Applications/Xcode.app/Contents/Developer/Platforms/MacOSX.platform/Developer/SDKs/MacOSX26.1.sdk/usr/include/arm/_limits.h
/Applications/Xcode.app/Contents/Developer/Platforms/MacOSX.platform/Developer/SDKs/MacOSX26.1.sdk/usr/include/sys/syslimits.h
/Applications/Xcode.app/Contents/Developer/Platforms/MacOSX.platform/Developer/SDKs/MacOSX26.1.sdk/usr/include/i386/limits.h
/Applications/Xcode.app/Contents/Developer/Platforms/MacOSX.platform/Developer/SDKs/MacOSX26.1.sdk/usr/include/machine/_limits.h
/Applications/Xcode.app/Contents/Developer/Platforms/MacOSX.platform/Developer/SDKs/MacOSX26.1.sdk/usr/include/i386/_limits.h
/Applications/Xcode.app/Contents/Developer/Platforms/MacOSX.platform/Developer/SDKs/MacOSX26.1.sdk/usr/include/math.h
/Applications/Xcode.app/Contents/Developer/Platforms/MacOSX.platform/Developer/SDKs/MacOSX26.1.sdk/usr/include/setjmp.h
/Applications/Xcode.app/Contents/Developer/Platforms/MacOSX.platform/Developer/SDKs/MacOSX26.1.sdk/SDKSettings.json
/Applications/Xcode.app/Contents/Developer/Toolchains/XcodeDefault.xctoolchain/usr/lib/swift/macosx/prebuilt-modules/26.1/_DarwinFoundation2.swiftmodule/arm64e-apple-macos.swiftmodule
/Applications/Xcode.app/Contents/Developer/Platforms/MacOSX.platform/Developer/SDKs/MacOSX26.1.sdk/usr/include/_DarwinFoundation2.apinotes
/Applications/Xcode.app/Contents/Developer/Platforms/MacOSX.platform/Developer/SDKs/MacOSX26.1.sdk/usr/include/DarwinFoundation2.modulemap
/Applications/Xcode.app/Contents/Developer/Platforms/MacOSX.platform/Developer/SDKs/MacOSX26.1.sdk/usr/include/DarwinFoundation1.modulemap
/Applications/Xcode.app/Contents/Developer/Platforms/MacOSX.platform/Developer/SDKs/MacOSX26.1.sdk/usr/include/nl_types.h
/Applications/Xcode.app/Contents/Developer/Platforms/MacOSX.platform/Developer/SDKs/MacOSX26.1.sdk/usr/include/sys/types.h
/Applications/Xcode.app/Contents/Developer/Platforms/MacOSX.platform/Developer/SDKs/MacOSX26.1.sdk/usr/include/machine/types.h
/Applications/Xcode.app/Contents/Developer/Platforms/MacOSX.platform/Developer/SDKs/MacOSX26.1.sdk/usr/include/arm/types.h
/Applications/Xcode.app/Contents/Developer/Platforms/MacOSX.platform/Developer/SDKs/MacOSX26.1.sdk/usr/include/arm/_types.h
/Applications/Xcode.app/Contents/Developer/Platforms/MacOSX.platform/Developer/SDKs/MacOSX26.1.sdk/usr/include/sys/_types/_ptrdiff_t.h
/Applications/Xcode.app/Contents/Developer/Toolchains/XcodeDefault.xctoolchain/usr/lib/swift/clang/include/module.modulemap
/Applications/Xcode.app/Contents/Developer/Toolchains/XcodeDefault.xctoolchain/usr/lib/swift/clang/include/stddef.h
/Applications/Xcode.app/Contents/Developer/Platforms/MacOSX.platform/Developer/SDKs/MacOSX26.1.sdk/usr/include/sys/_types/_size_t.h
/Applications/Xcode.app/Contents/Developer/Platforms/MacOSX.platform/Developer/SDKs/MacOSX26.1.sdk/usr/include/sys/_types/_va_list.h
/Applications/Xcode.app/Contents/Developer/Toolchains/XcodeDefault.xctoolchain/usr/lib/swift/clang/include/stdarg.h
/Applications/Xcode.app/Contents/Developer/Platforms/MacOSX.platform/Developer/SDKs/MacOSX26.1.sdk/usr/include/sys/_types/_wchar_t.h
/Applications/Xcode.app/Contents/Developer/Platforms/MacOSX.platform/Developer/SDKs/MacOSX26.1.sdk/usr/include/sys/_types/_int8_t.h
/Applications/Xcode.app/Contents/Developer/Platforms/MacOSX.platform/Developer/SDKs/MacOSX26.1.sdk/usr/include/sys/_types/_int16_t.h
/Applications/Xcode.app/Contents/Developer/Platforms/MacOSX.platform/Developer/SDKs/MacOSX26.1.sdk/usr/include/sys/_types/_int32_t.h
/Applications/Xcode.app/Contents/Developer/Platforms/MacOSX.platform/Developer/SDKs/MacOSX26.1.sdk/usr/include/sys/_types/_int64_t.h
/Applications/Xcode.app/Contents/Developer/Platforms/MacOSX.platform/Developer/SDKs/MacOSX26.1.sdk/usr/include/sys/_types/_intptr_t.h
/Applications/Xcode.app/Contents/Developer/Platforms/MacOSX.platform/Developer/SDKs/MacOSX26.1.sdk/usr/include/machine/_types.h
/Applications/Xcode.app/Contents/Developer/Platforms/MacOSX.platform/Developer/SDKs/MacOSX26.1.sdk/usr/include/sys/_types/_uintptr_t.h
/Applications/Xcode.app/Contents/Developer/Platforms/MacOSX.platform/Developer/SDKs/MacOSX26.1.sdk/usr/include/sys/_types.h
/Applications/Xcode.app/Contents/Developer/Platforms/MacOSX.platform/Developer/SDKs/MacOSX26.1.sdk/usr/include/sys/_types/_null.h
/Applications/Xcode.app/Contents/Developer/Platforms/MacOSX.platform/Developer/SDKs/MacOSX26.1.sdk/usr/include/sys/_pthread/_pthread_types.h
/Applications/Xcode.app/Contents/Developer/Platforms/MacOSX.platform/Developer/SDKs/MacOSX26.1.sdk/usr/include/machine/endian.h
/Applications/Xcode.app/Contents/Developer/Platforms/MacOSX.platform/Developer/SDKs/MacOSX26.1.sdk/usr/include/arm/endian.h
/Applications/Xcode.app/Contents/Developer/Platforms/MacOSX.platform/Developer/SDKs/MacOSX26.1.sdk/usr/include/sys/_endian.h
/Applications/Xcode.app/Contents/Developer/Platforms/MacOSX.platform/Developer/SDKs/MacOSX26.1.sdk/usr/include/libkern/_OSByteOrder.h
/Applications/Xcode.app/Contents/Developer/Platforms/MacOSX.platform/Developer/SDKs/MacOSX26.1.sdk/usr/include/libkern/arm/_OSByteOrder.h
/Applications/Xcode.app/Contents/Developer/Platforms/MacOSX.platform/Developer/SDKs/MacOSX26.1.sdk/usr/include/sys/_types/_caddr_t.h
/Applications/Xcode.app/Contents/Developer/Platforms/MacOSX.platform/Developer/SDKs/MacOSX26.1.sdk/usr/include/sys/_types/_dev_t.h
/Applications/Xcode.app/Contents/Developer/Platforms/MacOSX.platform/Developer/SDKs/MacOSX26.1.sdk/usr/include/sys/_types/_blkcnt_t.h
/Applications/Xcode.app/Contents/Developer/Platforms/MacOSX.platform/Developer/SDKs/MacOSX26.1.sdk/usr/include/sys/_types/_blksize_t.h
/Applications/Xcode.app/Contents/Developer/Platforms/MacOSX.platform/Developer/SDKs/MacOSX26.1.sdk/usr/include/sys/_types/_gid_t.h
/Applications/Xcode.app/Contents/Developer/Platforms/MacOSX.platform/Developer/SDKs/MacOSX26.1.sdk/usr/include/sys/_types/_in_addr_t.h
/Applications/Xcode.app/Contents/Developer/Platforms/MacOSX.platform/Developer/SDKs/MacOSX26.1.sdk/usr/include/sys/_types/_in_port_t.h
/Applications/Xcode.app/Contents/Developer/Platforms/MacOSX.platform/Developer/SDKs/MacOSX26.1.sdk/usr/include/sys/_types/_ino_t.h
/Applications/Xcode.app/Contents/Developer/Platforms/MacOSX.platform/Developer/SDKs/MacOSX26.1.sdk/usr/include/sys/_types/_ino64_t.h
/Applications/Xcode.app/Contents/Developer/Platforms/MacOSX.platform/Developer/SDKs/MacOSX26.1.sdk/usr/include/sys/_types/_key_t.h
/Applications/Xcode.app/Contents/Developer/Platforms/MacOSX.platform/Developer/SDKs/MacOSX26.1.sdk/usr/include/sys/_types/_mode_t.h
/Applications/Xcode.app/Contents/Developer/Platforms/MacOSX.platform/Developer/SDKs/MacOSX26.1.sdk/usr/include/sys/_types/_nlink_t.h
/Applications/Xcode.app/Contents/Developer/Platforms/MacOSX.platform/Developer/SDKs/MacOSX26.1.sdk/usr/include/sys/_types/_id_t.h
/Applications/Xcode.app/Contents/Developer/Platforms/MacOSX.platform/Developer/SDKs/MacOSX26.1.sdk/usr/include/sys/_types/_pid_t.h
/Applications/Xcode.app/Contents/Developer/Platforms/MacOSX.platform/Developer/SDKs/MacOSX26.1.sdk/usr/include/sys/_types/_off_t.h
/Applications/Xcode.app/Contents/Developer/Platforms/MacOSX.platform/Developer/SDKs/MacOSX26.1.sdk/usr/include/sys/_types/_uid_t.h
/Applications/Xcode.app/Contents/Developer/Platforms/MacOSX.platform/Developer/SDKs/MacOSX26.1.sdk/usr/include/sys/_types/_clock_t.h
/Applications/Xcode.app/Contents/Developer/Platforms/MacOSX.platform/Developer/SDKs/MacOSX26.1.sdk/usr/include/sys/_types/_ssize_t.h
/Applications/Xcode.app/Contents/Developer/Platforms/MacOSX.platform/Developer/SDKs/MacOSX26.1.sdk/usr/include/sys/_types/_time_t.h
/Applications/Xcode.app/Contents/Developer/Platforms/MacOSX.platform/Developer/SDKs/MacOSX26.1.sdk/usr/include/sys/_types/_useconds_t.h
/Applications/Xcode.app/Contents/Developer/Platforms/MacOSX.platform/Developer/SDKs/MacOSX26.1.sdk/usr/include/sys/_types/_suseconds_t.h
/Applications/Xcode.app/Contents/Developer/Platforms/MacOSX.platform/Developer/SDKs/MacOSX26.1.sdk/usr/include/sys/_types/_rsize_t.h
/Applications/Xcode.app/Contents/Developer/Platforms/MacOSX.platform/Developer/SDKs/MacOSX26.1.sdk/usr/include/sys/_types/_fd_def.h
/Applications/Xcode.app/Contents/Developer/Platforms/MacOSX.platform/Developer/SDKs/MacOSX26.1.sdk/usr/include/sys/_types/_fd_setsize.h
/Applications/Xcode.app/Contents/Developer/Platforms/MacOSX.platform/Developer/SDKs/MacOSX26.1.sdk/usr/include/sys/_types/_fd_set.h
/Applications/Xcode.app/Contents/Developer/Platforms/MacOSX.platform/Developer/SDKs/MacOSX26.1.sdk/usr/include/sys/_types/_fd_clr.h
/Applications/Xcode.app/Contents/Developer/Platforms/MacOSX.platform/Developer/SDKs/MacOSX26.1.sdk/usr/include/sys/_types/_fd_zero.h
/Applications/Xcode.app/Contents/Developer/Platforms/MacOSX.platform/Developer/SDKs/MacOSX26.1.sdk/usr/include/sys/_types/_fd_isset.h
/Applications/Xcode.app/Contents/Developer/Platforms/MacOSX.platform/Developer/SDKs/MacOSX26.1.sdk/usr/include/sys/_types/_fd_copy.h
/Applications/Xcode.app/Contents/Developer/Platforms/MacOSX.platform/Developer/SDKs/MacOSX26.1.sdk/usr/include/sys/_pthread/_pthread_attr_t.h
/Applications/Xcode.app/Contents/Developer/Platforms/MacOSX.platform/Developer/SDKs/MacOSX26.1.sdk/usr/include/sys/_pthread/_pthread_cond_t.h
/Applications/Xcode.app/Contents/Developer/Platforms/MacOSX.platform/Developer/SDKs/MacOSX26.1.sdk/usr/include/sys/_pthread/_pthread_condattr_t.h
/Applications/Xcode.app/Contents/Developer/Platforms/MacOSX.platform/Developer/SDKs/MacOSX26.1.sdk/usr/include/sys/_pthread/_pthread_mutex_t.h
/Applications/Xcode.app/Contents/Developer/Platforms/MacOSX.platform/Developer/SDKs/MacOSX26.1.sdk/usr/include/sys/_pthread/_pthread_mutexattr_t.h
/Applications/Xcode.app/Contents/Developer/Platforms/MacOSX.platform/Developer/SDKs/MacOSX26.1.sdk/usr/include/sys/_pthread/_pthread_once_t.h
/Applications/Xcode.app/Contents/Developer/Platforms/MacOSX.platform/Developer/SDKs/MacOSX26.1.sdk/usr/include/sys/_pthread/_pthread_rwlock_t.h
/Applications/Xcode.app/Contents/Developer/Platforms/MacOSX.platform/Developer/SDKs/MacOSX26.1.sdk/usr/include/sys/_pthread/_pthread_rwlockattr_t.h
/Applications/Xcode.app/Contents/Developer/Platforms/MacOSX.platform/Developer/SDKs/MacOSX26.1.sdk/usr/include/sys/_pthread/_pthread_t.h
/Applications/Xcode.app/Contents/Developer/Platforms/MacOSX.platform/Developer/SDKs/MacOSX26.1.sdk/usr/include/sys/_pthread/_pthread_key_t.h
/Applications/Xcode.app/Contents/Developer/Platforms/MacOSX.platform/Developer/SDKs/MacOSX26.1.sdk/usr/include/sys/_types/_fsblkcnt_t.h
/Applications/Xcode.app/Contents/Developer/Platforms/MacOSX.platform/Developer/SDKs/MacOSX26.1.sdk/usr/include/sys/_types/_fsfilcnt_t.h
/Applications/Xcode.app/Contents/Developer/Platforms/MacOSX.platform/Developer/SDKs/MacOSX26.1.sdk/usr/include/_types.h
/Applications/Xcode.app/Contents/Developer/Platforms/MacOSX.platform/Developer/SDKs/MacOSX26.1.sdk/usr/include/_types/_nl_item.h
/Applications/Xcode.app/Contents/Developer/Platforms/MacOSX.platform/Developer/SDKs/MacOSX26.1.sdk/usr/include/runetype.h
/Applications/Xcode.app/Contents/Developer/Platforms/MacOSX.platform/Developer/SDKs/MacOSX26.1.sdk/usr/include/sys/_types/_ct_rune_t.h
/Applications/Xcode.app/Contents/Developer/Platforms/MacOSX.platform/Developer/SDKs/MacOSX26.1.sdk/usr/include/sys/_types/_rune_t.h
/Applications/Xcode.app/Contents/Developer/Platforms/MacOSX.platform/Developer/SDKs/MacOSX26.1.sdk/usr/include/sys/_types/_wint_t.h
/Applications/Xcode.app/Contents/Developer/Platforms/MacOSX.platform/Developer/SDKs/MacOSX26.1.sdk/usr/include/alloca.h
/Applications/Xcode.app/Contents/Developer/Platforms/MacOSX.platform/Developer/SDKs/MacOSX26.1.sdk/usr/include/i386/endian.h
/Applications/Xcode.app/Contents/Developer/Platforms/MacOSX.platform/Developer/SDKs/MacOSX26.1.sdk/usr/include/libkern/i386/_OSByteOrder.h
/Applications/Xcode.app/Contents/Developer/Platforms/MacOSX.platform/Developer/SDKs/MacOSX26.1.sdk/usr/include/secure/_common.h
/Applications/Xcode.app/Contents/Developer/Platforms/MacOSX.platform/Developer/SDKs/MacOSX26.1.sdk/usr/include/sys/_types/_mach_port_t.h
/Applications/Xcode.app/Contents/Developer/Platforms/MacOSX.platform/Developer/SDKs/MacOSX26.1.sdk/usr/include/sys/_types/_offsetof.h
/Applications/Xcode.app/Contents/Developer/Platforms/MacOSX.platform/Developer/SDKs/MacOSX26.1.sdk/usr/include/_strings.h
/Applications/Xcode.app/Contents/Developer/Platforms/MacOSX.platform/Developer/SDKs/MacOSX26.1.sdk/usr/include/secure/_strings.h
/Applications/Xcode.app/Contents/Developer/Platforms/MacOSX.platform/Developer/SDKs/MacOSX26.1.sdk/usr/include/sys/_types/_timeval.h
/Applications/Xcode.app/Contents/Developer/Platforms/MacOSX.platform/Developer/SDKs/MacOSX26.1.sdk/usr/include/sys/_types/_uuid_t.h
/Applications/Xcode.app/Contents/Developer/Platforms/MacOSX.platform/Developer/SDKs/MacOSX26.1.sdk/usr/include/i386/types.h
/Applications/Xcode.app/Contents/Developer/Platforms/MacOSX.platform/Developer/SDKs/MacOSX26.1.sdk/usr/include/i386/_types.h
/Applications/Xcode.app/Contents/Developer/Platforms/MacOSX.platform/Developer/SDKs/MacOSX26.1.sdk/usr/include/_ctype.h
/Applications/Xcode.app/Contents/Developer/Platforms/MacOSX.platform/Developer/SDKs/MacOSX26.1.sdk/usr/include/xlocale/_ctype.h
/Applications/Xcode.app/Contents/Developer/Platforms/MacOSX.platform/Developer/SDKs/MacOSX26.1.sdk/usr/include/locale.h
/Applications/Xcode.app/Contents/Developer/Platforms/MacOSX.platform/Developer/SDKs/MacOSX26.1.sdk/usr/include/_locale.h
/Applications/Xcode.app/Contents/Developer/Platforms/MacOSX.platform/Developer/SDKs/MacOSX26.1.sdk/usr/include/_locale_posix2008.h
/Applications/Xcode.app/Contents/Developer/Platforms/MacOSX.platform/Developer/SDKs/MacOSX26.1.sdk/usr/include/stdint.h
/Applications/Xcode.app/Contents/Developer/Platforms/MacOSX.platform/Developer/SDKs/MacOSX26.1.sdk/usr/include/_types/_uint8_t.h
/Applications/Xcode.app/Contents/Developer/Platforms/MacOSX.platform/Developer/SDKs/MacOSX26.1.sdk/usr/include/_types/_uint16_t.h
/Applications/Xcode.app/Contents/Developer/Platforms/MacOSX.platform/Developer/SDKs/MacOSX26.1.sdk/usr/include/_types/_uint32_t.h
/Applications/Xcode.app/Contents/Developer/Platforms/MacOSX.platform/Developer/SDKs/MacOSX26.1.sdk/usr/include/_types/_uint64_t.h
/Applications/Xcode.app/Contents/Developer/Platforms/MacOSX.platform/Developer/SDKs/MacOSX26.1.sdk/usr/include/_types/_intmax_t.h
/Applications/Xcode.app/Contents/Developer/Platforms/MacOSX.platform/Developer/SDKs/MacOSX26.1.sdk/usr/include/_types/_uintmax_t.h
/Applications/Xcode.app/Contents/Developer/Platforms/MacOSX.platform/Developer/SDKs/MacOSX26.1.sdk/usr/include/_stdio.h
/Applications/Xcode.app/Contents/Developer/Platforms/MacOSX.platform/Developer/SDKs/MacOSX26.1.sdk/usr/include/sys/stdio.h
/Applications/Xcode.app/Contents/Developer/Platforms/MacOSX.platform/Developer/SDKs/MacOSX26.1.sdk/usr/include/_printf.h
/Applications/Xcode.app/Contents/Developer/Platforms/MacOSX.platform/Developer/SDKs/MacOSX26.1.sdk/usr/include/sys/_types/_seek_set.h
/Applications/Xcode.app/Contents/Developer/Platforms/MacOSX.platform/Developer/SDKs/MacOSX26.1.sdk/usr/include/_ctermid.h
/Applications/Xcode.app/Contents/Developer/Platforms/MacOSX.platform/Developer/SDKs/MacOSX26.1.sdk/usr/include/secure/_stdio.h
/Applications/Xcode.app/Contents/Developer/Platforms/MacOSX.platform/Developer/SDKs/MacOSX26.1.sdk/usr/include/xlocale/_stdio.h
/Applications/Xcode.app/Contents/Developer/Platforms/MacOSX.platform/Developer/SDKs/MacOSX26.1.sdk/usr/include/_string.h
/Applications/Xcode.app/Contents/Developer/Platforms/MacOSX.platform/Developer/SDKs/MacOSX26.1.sdk/usr/include/secure/_string.h
/Applications/Xcode.app/Contents/Developer/Platforms/MacOSX.platform/Developer/SDKs/MacOSX26.1.sdk/usr/include/xlocale/_string.h
/Applications/Xcode.app/Contents/Developer/Platforms/MacOSX.platform/Developer/SDKs/MacOSX26.1.sdk/usr/include/tgmath.h
/Applications/Xcode.app/Contents/Developer/Platforms/MacOSX.platform/Developer/SDKs/MacOSX26.1.sdk/usr/include/_time.h
/Applications/Xcode.app/Contents/Developer/Platforms/MacOSX.platform/Developer/SDKs/MacOSX26.1.sdk/usr/include/sys/_types/_timespec.h
/Applications/Xcode.app/Contents/Developer/Platforms/MacOSX.platform/Developer/SDKs/MacOSX26.1.sdk/usr/include/xlocale/_time.h
/Applications/Xcode.app/Contents/Developer/Platforms/MacOSX.platform/Developer/SDKs/MacOSX26.1.sdk/SDKSettings.json
/Applications/Xcode.app/Contents/Developer/Toolchains/XcodeDefault.xctoolchain/usr/lib/swift/macosx/prebuilt-modules/26.1/_DarwinFoundation3.swiftmodule/arm64e-apple-macos.swiftmodule
/Applications/Xcode.app/Contents/Developer/Platforms/MacOSX.platform/Developer/SDKs/MacOSX26.1.sdk/usr/include/DarwinFoundation2.modulemap
/Applications/Xcode.app/Contents/Developer/Platforms/MacOSX.platform/Developer/SDKs/MacOSX26.1.sdk/usr/include/DarwinFoundation3.modulemap
/Applications/Xcode.app/Contents/Developer/Platforms/MacOSX.platform/Developer/SDKs/MacOSX26.1.sdk/usr/include/DarwinFoundation1.modulemap
/Applications/Xcode.app/Contents/Developer/Platforms/MacOSX.platform/Developer/SDKs/MacOSX26.1.sdk/usr/include/pthread/pthread.h
/Applications/Xcode.app/Contents/Developer/Platforms/MacOSX.platform/Developer/SDKs/MacOSX26.1.sdk/usr/include/pthread/sched.h
/Applications/Xcode.app/Contents/Developer/Platforms/MacOSX.platform/Developer/SDKs/MacOSX26.1.sdk/usr/include/pthread/pthread_impl.h
/Applications/Xcode.app/Contents/Developer/Platforms/MacOSX.platform/Developer/SDKs/MacOSX26.1.sdk/usr/include/time.h
/Applications/Xcode.app/Contents/Developer/Platforms/MacOSX.platform/Developer/SDKs/MacOSX26.1.sdk/usr/include/pthread/qos.h
/Applications/Xcode.app/Contents/Developer/Platforms/MacOSX.platform/Developer/SDKs/MacOSX26.1.sdk/usr/include/sys/_types/_sigset_t.h
/Applications/Xcode.app/Contents/Developer/Platforms/MacOSX.platform/Developer/SDKs/MacOSX26.1.sdk/usr/include/sys/resource.h
/Applications/Xcode.app/Contents/Developer/Toolchains/XcodeDefault.xctoolchain/usr/lib/swift/clang/include/module.modulemap
/Applications/Xcode.app/Contents/Developer/Platforms/MacOSX.platform/Developer/SDKs/MacOSX26.1.sdk/usr/include/sys/select.h
/Applications/Xcode.app/Contents/Developer/Platforms/MacOSX.platform/Developer/SDKs/MacOSX26.1.sdk/usr/include/sys/_select.h
/Applications/Xcode.app/Contents/Developer/Platforms/MacOSX.platform/Developer/SDKs/MacOSX26.1.sdk/usr/include/sys/wait.h
/Applications/Xcode.app/Contents/Developer/Platforms/MacOSX.platform/Developer/SDKs/MacOSX26.1.sdk/usr/include/sys/signal.h
/Applications/Xcode.app/Contents/Developer/Platforms/MacOSX.platform/Developer/SDKs/MacOSX26.1.sdk/usr/include/machine/signal.h
/Applications/Xcode.app/Contents/Developer/Platforms/MacOSX.platform/Developer/SDKs/MacOSX26.1.sdk/usr/include/arm/signal.h
/Applications/Xcode.app/Contents/Developer/Platforms/MacOSX.platform/Developer/SDKs/MacOSX26.1.sdk/usr/include/machine/_mcontext.h
/Applications/Xcode.app/Contents/Developer/Platforms/MacOSX.platform/Developer/SDKs/MacOSX26.1.sdk/usr/include/arm/_mcontext.h
/Applications/Xcode.app/Contents/Developer/Platforms/MacOSX.platform/Developer/SDKs/MacOSX26.1.sdk/usr/include/mach/machine/_structs.h
/Applications/Xcode.app/Contents/Developer/Platforms/MacOSX.platform/Developer/SDKs/MacOSX26.1.sdk/usr/include/mach/arm/_structs.h
/Applications/Xcode.app/Contents/Developer/Platforms/MacOSX.platform/Developer/SDKs/MacOSX26.1.sdk/usr/include/sys/_types/_sigaltstack.h
/Applications/Xcode.app/Contents/Developer/Platforms/MacOSX.platform/Developer/SDKs/MacOSX26.1.sdk/usr/include/sys/_types/_ucontext.h
/Applications/Xcode.app/Contents/Developer/Platforms/MacOSX.platform/Developer/SDKs/MacOSX26.1.sdk/usr/include/unistd.h
/Applications/Xcode.app/Contents/Developer/Platforms/MacOSX.platform/Developer/SDKs/MacOSX26.1.sdk/usr/include/sys/unistd.h
/Applications/Xcode.app/Contents/Developer/Platforms/MacOSX.platform/Developer/SDKs/MacOSX26.1.sdk/usr/include/sys/_types/_posix_vdisable.h
/Applications/Xcode.app/Contents/Developer/Platforms/MacOSX.platform/Developer/SDKs/MacOSX26.1.sdk/usr/include/gethostuuid.h
/Applications/Xcode.app/Contents/Developer/Platforms/MacOSX.platform/Developer/SDKs/MacOSX26.1.sdk/usr/include/mach/i386/_structs.h
/Applications/Xcode.app/Contents/Developer/Platforms/MacOSX.platform/Developer/SDKs/MacOSX26.1.sdk/usr/include/_inttypes.h
/Applications/Xcode.app/Contents/Developer/Platforms/MacOSX.platform/Developer/SDKs/MacOSX26.1.sdk/usr/include/xlocale/_inttypes.h
/Applications/Xcode.app/Contents/Developer/Toolchains/XcodeDefault.xctoolchain/usr/lib/swift/clang/include/stddef.h
/Applications/Xcode.app/Contents/Developer/Platforms/MacOSX.platform/Developer/SDKs/MacOSX26.1.sdk/usr/include/signal.h
/Applications/Xcode.app/Contents/Developer/Platforms/MacOSX.platform/Developer/SDKs/MacOSX26.1.sdk/usr/include/i386/signal.h
/Applications/Xcode.app/Contents/Developer/Platforms/MacOSX.platform/Developer/SDKs/MacOSX26.1.sdk/usr/include/i386/_mcontext.h
/Applications/Xcode.app/Contents/Developer/Platforms/MacOSX.platform/Developer/SDKs/MacOSX26.1.sdk/usr/include/_stdlib.h
/Applications/Xcode.app/Contents/Developer/Platforms/MacOSX.platform/Developer/SDKs/MacOSX26.1.sdk/usr/include/malloc/_malloc.h
/Applications/Xcode.app/Contents/Developer/Platforms/MacOSX.platform/Developer/SDKs/MacOSX26.1.sdk/usr/include/malloc/_malloc_type.h
/Applications/Xcode.app/Contents/Developer/Platforms/MacOSX.platform/Developer/SDKs/MacOSX26.1.sdk/usr/include/malloc/_ptrcheck.h
/Applications/Xcode.app/Contents/Developer/Platforms/MacOSX.platform/Developer/SDKs/MacOSX26.1.sdk/usr/include/_abort.h
/Applications/Xcode.app/Contents/Developer/Platforms/MacOSX.platform/Developer/SDKs/MacOSX26.1.sdk/usr/include/xlocale/_stdlib.h
/Applications/Xcode.app/Contents/Developer/Platforms/MacOSX.platform/Developer/SDKs/MacOSX26.1.sdk/usr/include/_wchar.h
/Applications/Xcode.app/Contents/Developer/Platforms/MacOSX.platform/Developer/SDKs/MacOSX26.1.sdk/usr/include/sys/_types/_mbstate_t.h
/Applications/Xcode.app/Contents/Developer/Toolchains/XcodeDefault.xctoolchain/usr/lib/swift/clang/include/stdarg.h
/Applications/Xcode.app/Contents/Developer/Platforms/MacOSX.platform/Developer/SDKs/MacOSX26.1.sdk/usr/include/stdio.h
/Applications/Xcode.app/Contents/Developer/Platforms/MacOSX.platform/Developer/SDKs/MacOSX26.1.sdk/usr/include/__wctype.h
/Applications/Xcode.app/Contents/Developer/Platforms/MacOSX.platform/Developer/SDKs/MacOSX26.1.sdk/usr/include/___wctype.h
/Applications/Xcode.app/Contents/Developer/Platforms/MacOSX.platform/Developer/SDKs/MacOSX26.1.sdk/usr/include/_types/_wctype_t.h
/Applications/Xcode.app/Contents/Developer/Platforms/MacOSX.platform/Developer/SDKs/MacOSX26.1.sdk/usr/include/ctype.h
/Applications/Xcode.app/Contents/Developer/Platforms/MacOSX.platform/Developer/SDKs/MacOSX26.1.sdk/usr/include/xlocale/_wchar.h
/Applications/Xcode.app/Contents/Developer/Platforms/MacOSX.platform/Developer/SDKs/MacOSX26.1.sdk/usr/include/_wctype.h
/Applications/Xcode.app/Contents/Developer/Platforms/MacOSX.platform/Developer/SDKs/MacOSX26.1.sdk/usr/include/_types/_wctrans_t.h
/Applications/Xcode.app/Contents/Developer/Platforms/MacOSX.platform/Developer/SDKs/MacOSX26.1.sdk/usr/include/xlocale/_wctype.h
/Applications/Xcode.app/Contents/Developer/Platforms/MacOSX.platform/Developer/SDKs/MacOSX26.1.sdk/usr/include/xlocale/___wctype.h
/Applications/Xcode.app/Contents/Developer/Platforms/MacOSX.platform/Developer/SDKs/MacOSX26.1.sdk/SDKSettings.json
/Applications/Xcode.app/Contents/Developer/Toolchains/XcodeDefault.xctoolchain/usr/lib/swift/macosx/prebuilt-modules/26.1/_StringProcessing.swiftmodule/arm64e-apple-macos.swiftmodule
/Applications/Xcode.app/Contents/Developer/Platforms/MacOSX.platform/Developer/SDKs/MacOSX26.1.sdk/usr/lib/swift/shims/module.modulemap
/Applications/Xcode.app/Contents/Developer/Platforms/MacOSX.platform/Developer/SDKs/MacOSX26.1.sdk/usr/lib/swift/shims/_SwiftConcurrency.h
/Applications/Xcode.app/Contents/Developer/Platforms/MacOSX.platform/Developer/SDKs/MacOSX26.1.sdk/SDKSettings.json
/Applications/Xcode.app/Contents/Developer/Platforms/MacOSX.platform/Developer/SDKs/MacOSX26.1.sdk/usr/include/launch.modulemap
/Applications/Xcode.app/Contents/Developer/Platforms/MacOSX.platform/Developer/SDKs/MacOSX26.1.sdk/usr/include/Darwin.modulemap
/Applications/Xcode.app/Contents/Developer/Platforms/MacOSX.platform/Developer/SDKs/MacOSX26.1.sdk/usr/include/Darwin_C.modulemap
/Applications/Xcode.app/Contents/Developer/Platforms/MacOSX.platform/Developer/SDKs/MacOSX26.1.sdk/usr/include/Darwin_POSIX.modulemap
/Applications/Xcode.app/Contents/Developer/Platforms/MacOSX.platform/Developer/SDKs/MacOSX26.1.sdk/usr/include/net.modulemap
/Applications/Xcode.app/Contents/Developer/Platforms/MacOSX.platform/Developer/SDKs/MacOSX26.1.sdk/usr/include/netinet.modulemap
/Applications/Xcode.app/Contents/Developer/Platforms/MacOSX.platform/Developer/SDKs/MacOSX26.1.sdk/usr/include/bank.modulemap
/Applications/Xcode.app/Contents/Developer/Platforms/MacOSX.platform/Developer/SDKs/MacOSX26.1.sdk/usr/include/Darwin_Mach.modulemap
/Applications/Xcode.app/Contents/Developer/Platforms/MacOSX.platform/Developer/SDKs/MacOSX26.1.sdk/usr/include/Darwin_Mach_machine.modulemap
/Applications/Xcode.app/Contents/Developer/Platforms/MacOSX.platform/Developer/SDKs/MacOSX26.1.sdk/usr/include/mach_debug.modulemap
/Applications/Xcode.app/Contents/Developer/Platforms/MacOSX.platform/Developer/SDKs/MacOSX26.1.sdk/usr/include/device.modulemap
/Applications/Xcode.app/Contents/Developer/Platforms/MacOSX.platform/Developer/SDKs/MacOSX26.1.sdk/usr/include/Darwin_machine.modulemap
/Applications/Xcode.app/Contents/Developer/Platforms/MacOSX.platform/Developer/SDKs/MacOSX26.1.sdk/usr/include/ncurses.modulemap
/Applications/Xcode.app/Contents/Developer/Platforms/MacOSX.platform/Developer/SDKs/MacOSX26.1.sdk/usr/include/netinet6.modulemap
/Applications/Xcode.app/Contents/Developer/Platforms/MacOSX.platform/Developer/SDKs/MacOSX26.1.sdk/usr/include/Darwin_sys.modulemap
/Applications/Xcode.app/Contents/Developer/Platforms/MacOSX.platform/Developer/SDKs/MacOSX26.1.sdk/usr/include/uuid.modulemap
/Applications/Xcode.app/Contents/Developer/Platforms/MacOSX.platform/Developer/SDKs/MacOSX26.1.sdk/usr/include/DarwinFoundation1.modulemap
/Applications/Xcode.app/Contents/Developer/Platforms/MacOSX.platform/Developer/SDKs/MacOSX26.1.sdk/usr/include/launch.h
/Applications/Xcode.app/Contents/Developer/Toolchains/XcodeDefault.xctoolchain/usr/lib/swift/clang/include/module.modulemap
/Applications/Xcode.app/Contents/Developer/Toolchains/XcodeDefault.xctoolchain/usr/lib/swift/clang/include/stddef.h
/Applications/Xcode.app/Contents/Developer/Platforms/MacOSX.platform/Developer/SDKs/MacOSX26.1.sdk/SDKSettings.json
/Applications/Xcode.app/Contents/Developer/Platforms/MacOSX.platform/Developer/SDKs/MacOSX26.1.sdk/usr/include/libDER/module.modulemap
/Applications/Xcode.app/Contents/Developer/Platforms/MacOSX.platform/Developer/SDKs/MacOSX26.1.sdk/usr/include/libDER/DERItem.h
/Applications/Xcode.app/Contents/Developer/Platforms/MacOSX.platform/Developer/SDKs/MacOSX26.1.sdk/usr/include/libDER/libDER_config.h
/Applications/Xcode.app/Contents/Developer/Toolchains/XcodeDefault.xctoolchain/usr/lib/swift/clang/include/module.modulemap
/Applications/Xcode.app/Contents/Developer/Toolchains/XcodeDefault.xctoolchain/usr/lib/swift/clang/include/stddef.h
/Applications/Xcode.app/Contents/Developer/Platforms/MacOSX.platform/Developer/SDKs/MacOSX26.1.sdk/usr/include/DarwinFoundation2.modulemap
/Applications/Xcode.app/Contents/Developer/Platforms/MacOSX.platform/Developer/SDKs/MacOSX26.1.sdk/usr/include/DarwinFoundation1.modulemap
/Applications/Xcode.app/Contents/Developer/Platforms/MacOSX.platform/Developer/SDKs/MacOSX26.1.sdk/usr/include/string.h
/Applications/Xcode.app/Contents/Developer/Platforms/MacOSX.platform/Developer/SDKs/MacOSX26.1.sdk/SDKSettings.json
/Applications/Xcode.app/Contents/Developer/Platforms/MacOSX.platform/Developer/SDKs/MacOSX26.1.sdk/usr/include/libkern.modulemap
/Applications/Xcode.app/Contents/Developer/Platforms/MacOSX.platform/Developer/SDKs/MacOSX26.1.sdk/usr/include/Darwin.modulemap
/Applications/Xcode.app/Contents/Developer/Platforms/MacOSX.platform/Developer/SDKs/MacOSX26.1.sdk/usr/include/Darwin_C.modulemap
/Applications/Xcode.app/Contents/Developer/Platforms/MacOSX.platform/Developer/SDKs/MacOSX26.1.sdk/usr/include/Darwin_POSIX.modulemap
/Applications/Xcode.app/Contents/Developer/Platforms/MacOSX.platform/Developer/SDKs/MacOSX26.1.sdk/usr/include/net.modulemap
/Applications/Xcode.app/Contents/Developer/Platforms/MacOSX.platform/Developer/SDKs/MacOSX26.1.sdk/usr/include/netinet.modulemap
/Applications/Xcode.app/Contents/Developer/Platforms/MacOSX.platform/Developer/SDKs/MacOSX26.1.sdk/usr/include/bank.modulemap
/Applications/Xcode.app/Contents/Developer/Platforms/MacOSX.platform/Developer/SDKs/MacOSX26.1.sdk/usr/include/Darwin_Mach.modulemap
/Applications/Xcode.app/Contents/Developer/Platforms/MacOSX.platform/Developer/SDKs/MacOSX26.1.sdk/usr/include/Darwin_Mach_machine.modulemap
/Applications/Xcode.app/Contents/Developer/Platforms/MacOSX.platform/Developer/SDKs/MacOSX26.1.sdk/usr/include/mach_debug.modulemap
/Applications/Xcode.app/Contents/Developer/Platforms/MacOSX.platform/Developer/SDKs/MacOSX26.1.sdk/usr/include/device.modulemap
/Applications/Xcode.app/Contents/Developer/Platforms/MacOSX.platform/Developer/SDKs/MacOSX26.1.sdk/usr/include/Darwin_machine.modulemap
/Applications/Xcode.app/Contents/Developer/Platforms/MacOSX.platform/Developer/SDKs/MacOSX26.1.sdk/usr/include/ncurses.modulemap
/Applications/Xcode.app/Contents/Developer/Platforms/MacOSX.platform/Developer/SDKs/MacOSX26.1.sdk/usr/include/netinet6.modulemap
/Applications/Xcode.app/Contents/Developer/Platforms/MacOSX.platform/Developer/SDKs/MacOSX26.1.sdk/usr/include/Darwin_sys.modulemap
/Applications/Xcode.app/Contents/Developer/Platforms/MacOSX.platform/Developer/SDKs/MacOSX26.1.sdk/usr/include/uuid.modulemap
/Applications/Xcode.app/Contents/Developer/Platforms/MacOSX.platform/Developer/SDKs/MacOSX26.1.sdk/usr/include/DarwinFoundation1.modulemap
/Applications/Xcode.app/Contents/Developer/Platforms/MacOSX.platform/Developer/SDKs/MacOSX26.1.sdk/usr/include/libkern/OSCacheControl.h
/Applications/Xcode.app/Contents/Developer/Toolchains/XcodeDefault.xctoolchain/usr/lib/swift/clang/include/module.modulemap
/Applications/Xcode.app/Contents/Developer/Toolchains/XcodeDefault.xctoolchain/usr/lib/swift/clang/include/stddef.h
/Applications/Xcode.app/Contents/Developer/Platforms/MacOSX.platform/Developer/SDKs/MacOSX26.1.sdk/usr/include/libkern/OSDebug.h
/Applications/Xcode.app/Contents/Developer/Platforms/MacOSX.platform/Developer/SDKs/MacOSX26.1.sdk/usr/include/libkern/OSReturn.h
/Applications/Xcode.app/Contents/Developer/Platforms/MacOSX.platform/Developer/SDKs/MacOSX26.1.sdk/usr/include/libkern/OSThermalNotification.h
/Applications/Xcode.app/Contents/Developer/Platforms/MacOSX.platform/Developer/SDKs/MacOSX26.1.sdk/usr/include/libkern/OSTypes.h
/Applications/Xcode.app/Contents/Developer/Platforms/MacOSX.platform/Developer/SDKs/MacOSX26.1.sdk/usr/include/libkern/OSKextLib.h
/Applications/Xcode.app/Contents/Developer/Platforms/MacOSX.platform/Developer/SDKs/MacOSX26.1.sdk/SDKSettings.json
/Applications/Xcode.app/Contents/Developer/Platforms/MacOSX.platform/Developer/SDKs/MacOSX26.1.sdk/usr/include/os.apinotes
/Applications/Xcode.app/Contents/Developer/Platforms/MacOSX.platform/Developer/SDKs/MacOSX26.1.sdk/usr/include/xpc.modulemap
/Applications/Xcode.app/Contents/Developer/Platforms/MacOSX.platform/Developer/SDKs/MacOSX26.1.sdk/usr/include/DarwinBasic.modulemap
/Applications/Xcode.app/Contents/Developer/Platforms/MacOSX.platform/Developer/SDKs/MacOSX26.1.sdk/usr/include/os.modulemap
/Applications/Xcode.app/Contents/Developer/Platforms/MacOSX.platform/Developer/SDKs/MacOSX26.1.sdk/usr/include/Darwin.modulemap
/Applications/Xcode.app/Contents/Developer/Platforms/MacOSX.platform/Developer/SDKs/MacOSX26.1.sdk/usr/include/Darwin_C.modulemap
/Applications/Xcode.app/Contents/Developer/Platforms/MacOSX.platform/Developer/SDKs/MacOSX26.1.sdk/usr/include/Darwin_POSIX.modulemap
/Applications/Xcode.app/Contents/Developer/Platforms/MacOSX.platform/Developer/SDKs/MacOSX26.1.sdk/usr/include/net.modulemap
/Applications/Xcode.app/Contents/Developer/Platforms/MacOSX.platform/Developer/SDKs/MacOSX26.1.sdk/usr/include/netinet.modulemap
/Applications/Xcode.app/Contents/Developer/Platforms/MacOSX.platform/Developer/SDKs/MacOSX26.1.sdk/usr/include/bank.modulemap
/Applications/Xcode.app/Contents/Developer/Platforms/MacOSX.platform/Developer/SDKs/MacOSX26.1.sdk/usr/include/Darwin_Mach.modulemap
/Applications/Xcode.app/Contents/Developer/Platforms/MacOSX.platform/Developer/SDKs/MacOSX26.1.sdk/usr/include/Darwin_Mach_machine.modulemap
/Applications/Xcode.app/Contents/Developer/Platforms/MacOSX.platform/Developer/SDKs/MacOSX26.1.sdk/usr/include/mach_debug.modulemap
/Applications/Xcode.app/Contents/Developer/Platforms/MacOSX.platform/Developer/SDKs/MacOSX26.1.sdk/usr/include/device.modulemap
/Applications/Xcode.app/Contents/Developer/Platforms/MacOSX.platform/Developer/SDKs/MacOSX26.1.sdk/usr/include/Darwin_machine.modulemap
/Applications/Xcode.app/Contents/Developer/Platforms/MacOSX.platform/Developer/SDKs/MacOSX26.1.sdk/usr/include/ncurses.modulemap
/Applications/Xcode.app/Contents/Developer/Platforms/MacOSX.platform/Developer/SDKs/MacOSX26.1.sdk/usr/include/netinet6.modulemap
/Applications/Xcode.app/Contents/Developer/Platforms/MacOSX.platform/Developer/SDKs/MacOSX26.1.sdk/usr/include/Darwin_sys.modulemap
/Applications/Xcode.app/Contents/Developer/Platforms/MacOSX.platform/Developer/SDKs/MacOSX26.1.sdk/usr/include/uuid.modulemap
/Applications/Xcode.app/Contents/Developer/Platforms/MacOSX.platform/Developer/SDKs/MacOSX26.1.sdk/usr/include/DarwinFoundation2.modulemap
/Applications/Xcode.app/Contents/Developer/Platforms/MacOSX.platform/Developer/SDKs/MacOSX26.1.sdk/usr/include/DarwinFoundation3.modulemap
/Applications/Xcode.app/Contents/Developer/Platforms/MacOSX.platform/Developer/SDKs/MacOSX26.1.sdk/usr/include/DarwinFoundation1.modulemap
/Applications/Xcode.app/Contents/Developer/Platforms/MacOSX.platform/Developer/SDKs/MacOSX26.1.sdk/usr/include/os/atomic.h
/Applications/Xcode.app/Contents/Developer/Toolchains/XcodeDefault.xctoolchain/usr/lib/swift/clang/include/module.modulemap
/Applications/Xcode.app/Contents/Developer/Platforms/MacOSX.platform/Developer/SDKs/MacOSX26.1.sdk/usr/include/os/overflow.h
/Applications/Xcode.app/Contents/Developer/Platforms/MacOSX.platform/Developer/SDKs/MacOSX26.1.sdk/usr/include/os/trace_base.h
/Applications/Xcode.app/Contents/Developer/Toolchains/XcodeDefault.xctoolchain/usr/lib/swift/clang/include/stdarg.h
/Applications/Xcode.app/Contents/Developer/Platforms/MacOSX.platform/Developer/SDKs/MacOSX26.1.sdk/usr/include/os/activity.h
/Applications/Xcode.app/Contents/Developer/Platforms/MacOSX.platform/Developer/SDKs/MacOSX26.1.sdk/usr/include/os/log.h
/Applications/Xcode.app/Contents/Developer/Platforms/MacOSX.platform/Developer/SDKs/MacOSX26.1.sdk/usr/include/os/trace.h
/Applications/Xcode.app/Contents/Developer/Platforms/MacOSX.platform/Developer/SDKs/MacOSX26.1.sdk/usr/include/os/signpost.h
/Applications/Xcode.app/Contents/Developer/Platforms/MacOSX.platform/Developer/SDKs/MacOSX26.1.sdk/usr/include/_modules/_os_lock.h
/Applications/Xcode.app/Contents/Developer/Platforms/MacOSX.platform/Developer/SDKs/MacOSX26.1.sdk/usr/include/_modules/_os_object.h
/Applications/Xcode.app/Contents/Developer/Platforms/MacOSX.platform/Developer/SDKs/MacOSX26.1.sdk/usr/include/_modules/_os_workgroup.h
/Applications/Xcode.app/Contents/Developer/Platforms/MacOSX.platform/Developer/SDKs/MacOSX26.1.sdk/SDKSettings.json
/Applications/Xcode.app/Contents/Developer/Toolchains/XcodeDefault.xctoolchain/usr/lib/swift/macosx/prebuilt-modules/26.1/os.swiftmodule/arm64e-apple-macos.swiftmodule
/Applications/Xcode.app/Contents/Developer/Platforms/MacOSX.platform/Developer/SDKs/MacOSX26.1.sdk/usr/include/os.modulemap
/Applications/Xcode.app/Contents/Developer/Platforms/MacOSX.platform/Developer/SDKs/MacOSX26.1.sdk/usr/include/ObjectiveC.modulemap
/Applications/Xcode.app/Contents/Developer/Platforms/MacOSX.platform/Developer/SDKs/MacOSX26.1.sdk/usr/include/Darwin.modulemap
/Applications/Xcode.app/Contents/Developer/Platforms/MacOSX.platform/Developer/SDKs/MacOSX26.1.sdk/usr/include/Darwin_C.modulemap
/Applications/Xcode.app/Contents/Developer/Platforms/MacOSX.platform/Developer/SDKs/MacOSX26.1.sdk/usr/include/Darwin_POSIX.modulemap
/Applications/Xcode.app/Contents/Developer/Platforms/MacOSX.platform/Developer/SDKs/MacOSX26.1.sdk/usr/include/net.modulemap
/Applications/Xcode.app/Contents/Developer/Platforms/MacOSX.platform/Developer/SDKs/MacOSX26.1.sdk/usr/include/netinet.modulemap
/Applications/Xcode.app/Contents/Developer/Platforms/MacOSX.platform/Developer/SDKs/MacOSX26.1.sdk/usr/include/bank.modulemap
/Applications/Xcode.app/Contents/Developer/Platforms/MacOSX.platform/Developer/SDKs/MacOSX26.1.sdk/usr/include/Darwin_Mach.modulemap
/Applications/Xcode.app/Contents/Developer/Platforms/MacOSX.platform/Developer/SDKs/MacOSX26.1.sdk/usr/include/Darwin_Mach_machine.modulemap
/Applications/Xcode.app/Contents/Developer/Platforms/MacOSX.platform/Developer/SDKs/MacOSX26.1.sdk/usr/include/mach_debug.modulemap
/Applications/Xcode.app/Contents/Developer/Platforms/MacOSX.platform/Developer/SDKs/MacOSX26.1.sdk/usr/include/device.modulemap
/Applications/Xcode.app/Contents/Developer/Platforms/MacOSX.platform/Developer/SDKs/MacOSX26.1.sdk/usr/include/Darwin_machine.modulemap
/Applications/Xcode.app/Contents/Developer/Platforms/MacOSX.platform/Developer/SDKs/MacOSX26.1.sdk/usr/include/ncurses.modulemap
/Applications/Xcode.app/Contents/Developer/Platforms/MacOSX.platform/Developer/SDKs/MacOSX26.1.sdk/usr/include/netinet6.modulemap
/Applications/Xcode.app/Contents/Developer/Platforms/MacOSX.platform/Developer/SDKs/MacOSX26.1.sdk/usr/include/Darwin_sys.modulemap
/Applications/Xcode.app/Contents/Developer/Platforms/MacOSX.platform/Developer/SDKs/MacOSX26.1.sdk/usr/include/uuid.modulemap
/Applications/Xcode.app/Contents/Developer/Platforms/MacOSX.platform/Developer/SDKs/MacOSX26.1.sdk/usr/include/DarwinFoundation1.modulemap
/Applications/Xcode.app/Contents/Developer/Platforms/MacOSX.platform/Developer/SDKs/MacOSX26.1.sdk/usr/include/os/object.h
/Applications/Xcode.app/Contents/Developer/Platforms/MacOSX.platform/Developer/SDKs/MacOSX26.1.sdk/SDKSettings.json
/Applications/Xcode.app/Contents/Developer/Platforms/MacOSX.platform/Developer/SDKs/MacOSX26.1.sdk/usr/include/os.modulemap
/Applications/Xcode.app/Contents/Developer/Platforms/MacOSX.platform/Developer/SDKs/MacOSX26.1.sdk/usr/include/Darwin.modulemap
/Applications/Xcode.app/Contents/Developer/Platforms/MacOSX.platform/Developer/SDKs/MacOSX26.1.sdk/usr/include/Darwin_C.modulemap
/Applications/Xcode.app/Contents/Developer/Platforms/MacOSX.platform/Developer/SDKs/MacOSX26.1.sdk/usr/include/Darwin_POSIX.modulemap
/Applications/Xcode.app/Contents/Developer/Platforms/MacOSX.platform/Developer/SDKs/MacOSX26.1.sdk/usr/include/net.modulemap
/Applications/Xcode.app/Contents/Developer/Platforms/MacOSX.platform/Developer/SDKs/MacOSX26.1.sdk/usr/include/netinet.modulemap
/Applications/Xcode.app/Contents/Developer/Platforms/MacOSX.platform/Developer/SDKs/MacOSX26.1.sdk/usr/include/bank.modulemap
/Applications/Xcode.app/Contents/Developer/Platforms/MacOSX.platform/Developer/SDKs/MacOSX26.1.sdk/usr/include/Darwin_Mach.modulemap
/Applications/Xcode.app/Contents/Developer/Platforms/MacOSX.platform/Developer/SDKs/MacOSX26.1.sdk/usr/include/Darwin_Mach_machine.modulemap
/Applications/Xcode.app/Contents/Developer/Platforms/MacOSX.platform/Developer/SDKs/MacOSX26.1.sdk/usr/include/mach_debug.modulemap
/Applications/Xcode.app/Contents/Developer/Platforms/MacOSX.platform/Developer/SDKs/MacOSX26.1.sdk/usr/include/device.modulemap
/Applications/Xcode.app/Contents/Developer/Platforms/MacOSX.platform/Developer/SDKs/MacOSX26.1.sdk/usr/include/Darwin_machine.modulemap
/Applications/Xcode.app/Contents/Developer/Platforms/MacOSX.platform/Developer/SDKs/MacOSX26.1.sdk/usr/include/ncurses.modulemap
/Applications/Xcode.app/Contents/Developer/Platforms/MacOSX.platform/Developer/SDKs/MacOSX26.1.sdk/usr/include/netinet6.modulemap
/Applications/Xcode.app/Contents/Developer/Platforms/MacOSX.platform/Developer/SDKs/MacOSX26.1.sdk/usr/include/Darwin_sys.modulemap
/Applications/Xcode.app/Contents/Developer/Platforms/MacOSX.platform/Developer/SDKs/MacOSX26.1.sdk/usr/include/uuid.modulemap
/Applications/Xcode.app/Contents/Developer/Platforms/MacOSX.platform/Developer/SDKs/MacOSX26.1.sdk/usr/include/DarwinFoundation2.modulemap
/Applications/Xcode.app/Contents/Developer/Platforms/MacOSX.platform/Developer/SDKs/MacOSX26.1.sdk/usr/include/DarwinFoundation3.modulemap
/Applications/Xcode.app/Contents/Developer/Platforms/MacOSX.platform/Developer/SDKs/MacOSX26.1.sdk/usr/include/DarwinFoundation1.modulemap
/Applications/Xcode.app/Contents/Developer/Platforms/MacOSX.platform/Developer/SDKs/MacOSX26.1.sdk/usr/include/os/workgroup.h
/Applications/Xcode.app/Contents/Developer/Platforms/MacOSX.platform/Developer/SDKs/MacOSX26.1.sdk/usr/include/os/workgroup_base.h
/Applications/Xcode.app/Contents/Developer/Toolchains/XcodeDefault.xctoolchain/usr/lib/swift/clang/include/module.modulemap
/Applications/Xcode.app/Contents/Developer/Toolchains/XcodeDefault.xctoolchain/usr/lib/swift/clang/include/stddef.h
/Applications/Xcode.app/Contents/Developer/Platforms/MacOSX.platform/Developer/SDKs/MacOSX26.1.sdk/usr/include/string.h
/Applications/Xcode.app/Contents/Developer/Platforms/MacOSX.platform/Developer/SDKs/MacOSX26.1.sdk/usr/include/stdlib.h
/Applications/Xcode.app/Contents/Developer/Platforms/MacOSX.platform/Developer/SDKs/MacOSX26.1.sdk/usr/include/os/workgroup_object.h
/Applications/Xcode.app/Contents/Developer/Platforms/MacOSX.platform/Developer/SDKs/MacOSX26.1.sdk/usr/include/os/workgroup_interval.h
/Applications/Xcode.app/Contents/Developer/Platforms/MacOSX.platform/Developer/SDKs/MacOSX26.1.sdk/usr/include/os/workgroup_parallel.h
/Applications/Xcode.app/Contents/Developer/Platforms/MacOSX.platform/Developer/SDKs/MacOSX26.1.sdk/SDKSettings.json
/Applications/Xcode.app/Contents/Developer/Toolchains/XcodeDefault.xctoolchain/usr/lib/swift/clang/include/module.modulemap
/Applications/Xcode.app/Contents/Developer/Toolchains/XcodeDefault.xctoolchain/usr/lib/swift/clang/include/ptrauth.h
/Applications/Xcode.app/Contents/Developer/Platforms/MacOSX.platform/Developer/SDKs/MacOSX26.1.sdk/SDKSettings.json
/Applications/Xcode.app/Contents/Developer/Toolchains/XcodeDefault.xctoolchain/usr/lib/swift/clang/include/module.modulemap
/Applications/Xcode.app/Contents/Developer/Toolchains/XcodeDefault.xctoolchain/usr/lib/swift/clang/include/ptrcheck.h
/Applications/Xcode.app/Contents/Developer/Platforms/MacOSX.platform/Developer/SDKs/MacOSX26.1.sdk/SDKSettings.json
/Applications/Xcode.app/Contents/Developer/Platforms/MacOSX.platform/Developer/SDKs/MacOSX26.1.sdk/usr/include/DarwinFoundation2.modulemap
/Applications/Xcode.app/Contents/Developer/Platforms/MacOSX.platform/Developer/SDKs/MacOSX26.1.sdk/usr/include/_modules/_sys_types.h
/Applications/Xcode.app/Contents/Developer/Platforms/MacOSX.platform/Developer/SDKs/MacOSX26.1.sdk/SDKSettings.json

Ld /Users/rogerlin/Library/Developer/Xcode/DerivedData/FinancialCalculatorKit-ackorybalcxbfocbkqsfdzcfkgmn/Build/Products/Debug/MathParser.o normal (in target 'MathParser' from project 'swift-math-parser')
    cd /Users/rogerlin/Library/Developer/Xcode/DerivedData/FinancialCalculatorKit-ackorybalcxbfocbkqsfdzcfkgmn/SourcePackages/checkouts/swift-math-parser
    /Applications/Xcode.app/Contents/Developer/Toolchains/XcodeDefault.xctoolchain/usr/bin/clang -Xlinker -reproducible -target arm64-apple-macos10.15 -r -isysroot /Applications/Xcode.app/Contents/Developer/Platforms/MacOSX.platform/Developer/SDKs/MacOSX26.1.sdk -O0 -w -L/Users/rogerlin/Library/Developer/Xcode/DerivedData/FinancialCalculatorKit-ackorybalcxbfocbkqsfdzcfkgmn/Build/Intermediates.noindex/EagerLinkingTBDs/Debug -L/Users/rogerlin/Library/Developer/Xcode/DerivedData/FinancialCalculatorKit-ackorybalcxbfocbkqsfdzcfkgmn/Build/Products/Debug -L/Applications/Xcode.app/Contents/Developer/Platforms/MacOSX.platform/Developer/usr/lib -F/Users/rogerlin/Library/Developer/Xcode/DerivedData/FinancialCalculatorKit-ackorybalcxbfocbkqsfdzcfkgmn/Build/Intermediates.noindex/EagerLinkingTBDs/Debug -F/Users/rogerlin/Library/Developer/Xcode/DerivedData/FinancialCalculatorKit-ackorybalcxbfocbkqsfdzcfkgmn/Build/Products/Debug/PackageFrameworks -F/Users/rogerlin/Library/Developer/Xcode/DerivedData/FinancialCalculatorKit-ackorybalcxbfocbkqsfdzcfkgmn/Build/Products/Debug/PackageFrameworks -F/Users/rogerlin/Library/Developer/Xcode/DerivedData/FinancialCalculatorKit-ackorybalcxbfocbkqsfdzcfkgmn/Build/Products/Debug/PackageFrameworks -F/Users/rogerlin/Library/Developer/Xcode/DerivedData/FinancialCalculatorKit-ackorybalcxbfocbkqsfdzcfkgmn/Build/Products/Debug/PackageFrameworks -F/Users/rogerlin/Library/Developer/Xcode/DerivedData/FinancialCalculatorKit-ackorybalcxbfocbkqsfdzcfkgmn/Build/Products/Debug/PackageFrameworks -F/Users/rogerlin/Library/Developer/Xcode/DerivedData/FinancialCalculatorKit-ackorybalcxbfocbkqsfdzcfkgmn/Build/Products/Debug -iframework /Applications/Xcode.app/Contents/Developer/Platforms/MacOSX.platform/Developer/Library/Frameworks -filelist /Users/rogerlin/Library/Developer/Xcode/DerivedData/FinancialCalculatorKit-ackorybalcxbfocbkqsfdzcfkgmn/Build/Intermediates.noindex/swift-math-parser.build/Debug/MathParser.build/Objects-normal/arm64/MathParser.LinkFileList -nostdlib -Xlinker -object_path_lto -Xlinker /Users/rogerlin/Library/Developer/Xcode/DerivedData/FinancialCalculatorKit-ackorybalcxbfocbkqsfdzcfkgmn/Build/Intermediates.noindex/swift-math-parser.build/Debug/MathParser.build/Objects-normal/arm64/MathParser_lto.o -rdynamic -Xlinker -no_deduplicate -Xlinker -debug_variant -Xlinker -dependency_info -Xlinker /Users/rogerlin/Library/Developer/Xcode/DerivedData/FinancialCalculatorKit-ackorybalcxbfocbkqsfdzcfkgmn/Build/Intermediates.noindex/swift-math-parser.build/Debug/MathParser.build/Objects-normal/arm64/MathParser_dependency_info.dat -fobjc-link-runtime -L/Applications/Xcode.app/Contents/Developer/Toolchains/XcodeDefault.xctoolchain/usr/lib/swift/macosx -L/usr/lib/swift -Xlinker -add_ast_path -Xlinker /Users/rogerlin/Library/Developer/Xcode/DerivedData/FinancialCalculatorKit-ackorybalcxbfocbkqsfdzcfkgmn/Build/Intermediates.noindex/swift-math-parser.build/Debug/MathParser.build/Objects-normal/arm64/MathParser.swiftmodule @/Users/rogerlin/Library/Developer/Xcode/DerivedData/FinancialCalculatorKit-ackorybalcxbfocbkqsfdzcfkgmn/Build/Intermediates.noindex/swift-math-parser.build/Debug/MathParser.build/Objects-normal/arm64/MathParser-linker-args.resp -o /Users/rogerlin/Library/Developer/Xcode/DerivedData/FinancialCalculatorKit-ackorybalcxbfocbkqsfdzcfkgmn/Build/Products/Debug/MathParser.o

    Task input dependencies:
        /Users/rogerlin/Library/Developer/Xcode/DerivedData/FinancialCalculatorKit-ackorybalcxbfocbkqsfdzcfkgmn/Build/Intermediates.noindex/swift-math-parser.build/Debug/MathParser.build/Objects-normal/arm64/Dictionary-extension.o
        /Users/rogerlin/Library/Developer/Xcode/DerivedData/FinancialCalculatorKit-ackorybalcxbfocbkqsfdzcfkgmn/Build/Intermediates.noindex/swift-math-parser.build/Debug/MathParser.build/Objects-normal/arm64/Double-extension.o
        /Users/rogerlin/Library/Developer/Xcode/DerivedData/FinancialCalculatorKit-ackorybalcxbfocbkqsfdzcfkgmn/Build/Intermediates.noindex/swift-math-parser.build/Debug/MathParser.build/Objects-normal/arm64/Evaluator.o
        /Users/rogerlin/Library/Developer/Xcode/DerivedData/FinancialCalculatorKit-ackorybalcxbfocbkqsfdzcfkgmn/Build/Intermediates.noindex/swift-math-parser.build/Debug/MathParser.build/Objects-normal/arm64/InfixOperation.o
        /Users/rogerlin/Library/Developer/Xcode/DerivedData/FinancialCalculatorKit-ackorybalcxbfocbkqsfdzcfkgmn/Build/Intermediates.noindex/swift-math-parser.build/Debug/MathParser.build/Objects-normal/arm64/MathParser.o
        /Users/rogerlin/Library/Developer/Xcode/DerivedData/FinancialCalculatorKit-ackorybalcxbfocbkqsfdzcfkgmn/Build/Intermediates.noindex/swift-math-parser.build/Debug/MathParser.build/Objects-normal/arm64/MathParserError.o
        /Users/rogerlin/Library/Developer/Xcode/DerivedData/FinancialCalculatorKit-ackorybalcxbfocbkqsfdzcfkgmn/Build/Intermediates.noindex/swift-math-parser.build/Debug/MathParser.build/Objects-normal/arm64/Token.o
        /Users/rogerlin/Library/Developer/Xcode/DerivedData/FinancialCalculatorKit-ackorybalcxbfocbkqsfdzcfkgmn/Build/Intermediates.noindex/swift-math-parser.build/Debug/MathParser.build/Objects-normal/arm64/Utils.o
        /Users/rogerlin/Library/Developer/Xcode/DerivedData/FinancialCalculatorKit-ackorybalcxbfocbkqsfdzcfkgmn/Build/Intermediates.noindex/swift-math-parser.build/Debug/MathParser.build/Objects-normal/arm64/MathParser.LinkFileList
        /Users/rogerlin/Library/Developer/Xcode/DerivedData/FinancialCalculatorKit-ackorybalcxbfocbkqsfdzcfkgmn/Build/Products/Debug
        /Users/rogerlin/Library/Developer/Xcode/DerivedData/FinancialCalculatorKit-ackorybalcxbfocbkqsfdzcfkgmn/Build/Products/Debug/PackageFrameworks

    Task output dependencies:
        /Users/rogerlin/Library/Developer/Xcode/DerivedData/FinancialCalculatorKit-ackorybalcxbfocbkqsfdzcfkgmn/Build/Products/Debug/MathParser.o
        /Users/rogerlin/Library/Developer/Xcode/DerivedData/FinancialCalculatorKit-ackorybalcxbfocbkqsfdzcfkgmn/Build/Intermediates.noindex/swift-math-parser.build/Debug/MathParser.build/Objects-normal/arm64/MathParser_lto.o
        /Users/rogerlin/Library/Developer/Xcode/DerivedData/FinancialCalculatorKit-ackorybalcxbfocbkqsfdzcfkgmn/Build/Intermediates.noindex/swift-math-parser.build/Debug/MathParser.build/Objects-normal/arm64/MathParser_dependency_info.dat

ExtractAppIntentsMetadata (in target 'MathParser' from project 'swift-math-parser')
    cd /Users/rogerlin/Library/Developer/Xcode/DerivedData/FinancialCalculatorKit-ackorybalcxbfocbkqsfdzcfkgmn/SourcePackages/checkouts/swift-math-parser
    /Applications/Xcode.app/Contents/Developer/Toolchains/XcodeDefault.xctoolchain/usr/bin/appintentsmetadataprocessor --toolchain-dir /Applications/Xcode.app/Contents/Developer/Toolchains/XcodeDefault.xctoolchain --module-name MathParser --sdk-root /Applications/Xcode.app/Contents/Developer/Platforms/MacOSX.platform/Developer/SDKs/MacOSX26.1.sdk --xcode-version 17B55 --platform-family macOS --deployment-target 10.15 --bundle-identifier swift-math-parser.MathParser --output /Users/rogerlin/Library/Developer/Xcode/DerivedData/FinancialCalculatorKit-ackorybalcxbfocbkqsfdzcfkgmn/Build/Products/Debug/MathParser.appintents --target-triple arm64-apple-macos10.15 --binary-file /Users/rogerlin/Library/Developer/Xcode/DerivedData/FinancialCalculatorKit-ackorybalcxbfocbkqsfdzcfkgmn/Build/Products/Debug/MathParser.o --dependency-file /Users/rogerlin/Library/Developer/Xcode/DerivedData/FinancialCalculatorKit-ackorybalcxbfocbkqsfdzcfkgmn/Build/Intermediates.noindex/swift-math-parser.build/Debug/MathParser.build/Objects-normal/arm64/MathParser_dependency_info.dat --stringsdata-file /Users/rogerlin/Library/Developer/Xcode/DerivedData/FinancialCalculatorKit-ackorybalcxbfocbkqsfdzcfkgmn/Build/Intermediates.noindex/swift-math-parser.build/Debug/MathParser.build/Objects-normal/arm64/ExtractedAppShortcutsMetadata.stringsdata --source-file-list /Users/rogerlin/Library/Developer/Xcode/DerivedData/FinancialCalculatorKit-ackorybalcxbfocbkqsfdzcfkgmn/Build/Intermediates.noindex/swift-math-parser.build/Debug/MathParser.build/Objects-normal/arm64/MathParser.SwiftFileList --metadata-file-list /Users/rogerlin/Library/Developer/Xcode/DerivedData/FinancialCalculatorKit-ackorybalcxbfocbkqsfdzcfkgmn/Build/Intermediates.noindex/swift-math-parser.build/Debug/MathParser.build/MathParser.DependencyMetadataFileList --static-metadata-file-list /Users/rogerlin/Library/Developer/Xcode/DerivedData/FinancialCalculatorKit-ackorybalcxbfocbkqsfdzcfkgmn/Build/Intermediates.noindex/swift-math-parser.build/Debug/MathParser.build/MathParser.DependencyStaticMetadataFileList --swift-const-vals-list /Users/rogerlin/Library/Developer/Xcode/DerivedData/FinancialCalculatorKit-ackorybalcxbfocbkqsfdzcfkgmn/Build/Intermediates.noindex/swift-math-parser.build/Debug/MathParser.build/Objects-normal/arm64/MathParser.SwiftConstValuesFileList --force --compile-time-extraction --deployment-aware-processing --validate-assistant-intents --no-app-shortcuts-localization

    Task input dependencies:
        /Users/rogerlin/Library/Developer/Xcode/DerivedData/FinancialCalculatorKit-ackorybalcxbfocbkqsfdzcfkgmn/SourcePackages/checkouts/swift-math-parser/Sources/MathParser/Dictionary-extension.swift
        /Users/rogerlin/Library/Developer/Xcode/DerivedData/FinancialCalculatorKit-ackorybalcxbfocbkqsfdzcfkgmn/SourcePackages/checkouts/swift-math-parser/Sources/MathParser/Double-extension.swift
        /Users/rogerlin/Library/Developer/Xcode/DerivedData/FinancialCalculatorKit-ackorybalcxbfocbkqsfdzcfkgmn/SourcePackages/checkouts/swift-math-parser/Sources/MathParser/Evaluator.swift
        /Users/rogerlin/Library/Developer/Xcode/DerivedData/FinancialCalculatorKit-ackorybalcxbfocbkqsfdzcfkgmn/SourcePackages/checkouts/swift-math-parser/Sources/MathParser/InfixOperation.swift
        /Users/rogerlin/Library/Developer/Xcode/DerivedData/FinancialCalculatorKit-ackorybalcxbfocbkqsfdzcfkgmn/SourcePackages/checkouts/swift-math-parser/Sources/MathParser/MathParser.swift
        /Users/rogerlin/Library/Developer/Xcode/DerivedData/FinancialCalculatorKit-ackorybalcxbfocbkqsfdzcfkgmn/SourcePackages/checkouts/swift-math-parser/Sources/MathParser/MathParserError.swift
        /Users/rogerlin/Library/Developer/Xcode/DerivedData/FinancialCalculatorKit-ackorybalcxbfocbkqsfdzcfkgmn/SourcePackages/checkouts/swift-math-parser/Sources/MathParser/Token.swift
        /Users/rogerlin/Library/Developer/Xcode/DerivedData/FinancialCalculatorKit-ackorybalcxbfocbkqsfdzcfkgmn/SourcePackages/checkouts/swift-math-parser/Sources/MathParser/Utils.swift
        /Users/rogerlin/Library/Developer/Xcode/DerivedData/FinancialCalculatorKit-ackorybalcxbfocbkqsfdzcfkgmn/Build/Intermediates.noindex/swift-math-parser.build/Debug/MathParser.build/Objects-normal/arm64/Dictionary-extension.swiftconstvalues
        /Users/rogerlin/Library/Developer/Xcode/DerivedData/FinancialCalculatorKit-ackorybalcxbfocbkqsfdzcfkgmn/Build/Intermediates.noindex/swift-math-parser.build/Debug/MathParser.build/Objects-normal/arm64/Double-extension.swiftconstvalues
        /Users/rogerlin/Library/Developer/Xcode/DerivedData/FinancialCalculatorKit-ackorybalcxbfocbkqsfdzcfkgmn/Build/Intermediates.noindex/swift-math-parser.build/Debug/MathParser.build/Objects-normal/arm64/Evaluator.swiftconstvalues
        /Users/rogerlin/Library/Developer/Xcode/DerivedData/FinancialCalculatorKit-ackorybalcxbfocbkqsfdzcfkgmn/Build/Intermediates.noindex/swift-math-parser.build/Debug/MathParser.build/Objects-normal/arm64/InfixOperation.swiftconstvalues
        /Users/rogerlin/Library/Developer/Xcode/DerivedData/FinancialCalculatorKit-ackorybalcxbfocbkqsfdzcfkgmn/Build/Intermediates.noindex/swift-math-parser.build/Debug/MathParser.build/Objects-normal/arm64/MathParser.swiftconstvalues
        /Users/rogerlin/Library/Developer/Xcode/DerivedData/FinancialCalculatorKit-ackorybalcxbfocbkqsfdzcfkgmn/Build/Intermediates.noindex/swift-math-parser.build/Debug/MathParser.build/Objects-normal/arm64/MathParserError.swiftconstvalues
        /Users/rogerlin/Library/Developer/Xcode/DerivedData/FinancialCalculatorKit-ackorybalcxbfocbkqsfdzcfkgmn/Build/Intermediates.noindex/swift-math-parser.build/Debug/MathParser.build/Objects-normal/arm64/Token.swiftconstvalues
        /Users/rogerlin/Library/Developer/Xcode/DerivedData/FinancialCalculatorKit-ackorybalcxbfocbkqsfdzcfkgmn/Build/Intermediates.noindex/swift-math-parser.build/Debug/MathParser.build/Objects-normal/arm64/Utils.swiftconstvalues
        /Users/rogerlin/Library/Developer/Xcode/DerivedData/FinancialCalculatorKit-ackorybalcxbfocbkqsfdzcfkgmn/Build/Products/Debug/MathParser.o
        /Users/rogerlin/Library/Developer/Xcode/DerivedData/FinancialCalculatorKit-ackorybalcxbfocbkqsfdzcfkgmn/Build/Intermediates.noindex/swift-math-parser.build/Debug/MathParser.build/MathParser.DependencyMetadataFileList
        /Users/rogerlin/Library/Developer/Xcode/DerivedData/FinancialCalculatorKit-ackorybalcxbfocbkqsfdzcfkgmn/Build/Intermediates.noindex/swift-math-parser.build/Debug/MathParser.build/MathParser.DependencyStaticMetadataFileList
        /Users/rogerlin/Library/Developer/Xcode/DerivedData/FinancialCalculatorKit-ackorybalcxbfocbkqsfdzcfkgmn/Build/Intermediates.noindex/swift-math-parser.build/Debug/MathParser.build/Objects-normal/arm64/MathParser_dependency_info.dat
        /Users/rogerlin/Library/Developer/Xcode/DerivedData/FinancialCalculatorKit-ackorybalcxbfocbkqsfdzcfkgmn/Build/Intermediates.noindex/swift-math-parser.build/Debug/MathParser.build/Objects-normal/arm64/MathParser.SwiftFileList
        /Users/rogerlin/Library/Developer/Xcode/DerivedData/FinancialCalculatorKit-ackorybalcxbfocbkqsfdzcfkgmn/Build/Intermediates.noindex/swift-math-parser.build/Debug/MathParser.build/Objects-normal/arm64/MathParser.SwiftConstValuesFileList

    Task output dependencies:
        /Users/rogerlin/Library/Developer/Xcode/DerivedData/FinancialCalculatorKit-ackorybalcxbfocbkqsfdzcfkgmn/Build/Intermediates.noindex/swift-math-parser.build/Debug/MathParser.build/Objects-normal/arm64/ExtractedAppShortcutsMetadata.stringsdata
2025-11-05 20:45:58.906 appintentsmetadataprocessor[14131:497657] Starting appintentsmetadataprocessor export
2025-11-05 20:45:58.981 appintentsmetadataprocessor[14131:497657] Extracted no relevant App Intents symbols, skipping writing output

RegisterExecutionPolicyException /Users/rogerlin/Library/Developer/Xcode/DerivedData/FinancialCalculatorKit-ackorybalcxbfocbkqsfdzcfkgmn/Build/Products/Debug/MathParser.o (in target 'MathParser' from project 'swift-math-parser')
    cd /Users/rogerlin/Library/Developer/Xcode/DerivedData/FinancialCalculatorKit-ackorybalcxbfocbkqsfdzcfkgmn/SourcePackages/checkouts/swift-math-parser
    builtin-RegisterExecutionPolicyException /Users/rogerlin/Library/Developer/Xcode/DerivedData/FinancialCalculatorKit-ackorybalcxbfocbkqsfdzcfkgmn/Build/Products/Debug/MathParser.o

    Task input dependencies:
        /Users/rogerlin/Library/Developer/Xcode/DerivedData/FinancialCalculatorKit-ackorybalcxbfocbkqsfdzcfkgmn/Build/Products/Debug/MathParser.o

    Task output dependencies:

Ld /Users/rogerlin/Library/Developer/Xcode/DerivedData/FinancialCalculatorKit-ackorybalcxbfocbkqsfdzcfkgmn/Build/Products/Debug/FinancialCalculatorKit.app/Contents/MacOS/__preview.dylib normal (in target 'FinancialCalculatorKit' from project 'FinancialCalculatorKit')
    cd /Users/rogerlin/XCode-Projects/FinancialCalculatorKit-5.0-updated-accent-colors
    /Applications/Xcode.app/Contents/Developer/Toolchains/XcodeDefault.xctoolchain/usr/bin/clang -Xlinker -reproducible -target arm64-apple-macos14.0 -dynamiclib -isysroot /Applications/Xcode.app/Contents/Developer/Platforms/MacOSX.platform/Developer/SDKs/MacOSX26.1.sdk -O0 -L/Users/rogerlin/Library/Developer/Xcode/DerivedData/FinancialCalculatorKit-ackorybalcxbfocbkqsfdzcfkgmn/Build/Products/Debug -F/Users/rogerlin/Library/Developer/Xcode/DerivedData/FinancialCalculatorKit-ackorybalcxbfocbkqsfdzcfkgmn/Build/Products/Debug/PackageFrameworks -F/Users/rogerlin/Library/Developer/Xcode/DerivedData/FinancialCalculatorKit-ackorybalcxbfocbkqsfdzcfkgmn/Build/Products/Debug/PackageFrameworks -F/Users/rogerlin/Library/Developer/Xcode/DerivedData/FinancialCalculatorKit-ackorybalcxbfocbkqsfdzcfkgmn/Build/Products/Debug/PackageFrameworks -F/Users/rogerlin/Library/Developer/Xcode/DerivedData/FinancialCalculatorKit-ackorybalcxbfocbkqsfdzcfkgmn/Build/Products/Debug/PackageFrameworks -F/Users/rogerlin/Library/Developer/Xcode/DerivedData/FinancialCalculatorKit-ackorybalcxbfocbkqsfdzcfkgmn/Build/Products/Debug/PackageFrameworks -F/Users/rogerlin/Library/Developer/Xcode/DerivedData/FinancialCalculatorKit-ackorybalcxbfocbkqsfdzcfkgmn/Build/Products/Debug/PackageFrameworks -F/Users/rogerlin/Library/Developer/Xcode/DerivedData/FinancialCalculatorKit-ackorybalcxbfocbkqsfdzcfkgmn/Build/Products/Debug/PackageFrameworks -F/Users/rogerlin/Library/Developer/Xcode/DerivedData/FinancialCalculatorKit-ackorybalcxbfocbkqsfdzcfkgmn/Build/Products/Debug/PackageFrameworks -F/Users/rogerlin/Library/Developer/Xcode/DerivedData/FinancialCalculatorKit-ackorybalcxbfocbkqsfdzcfkgmn/Build/Products/Debug/PackageFrameworks -F/Users/rogerlin/Library/Developer/Xcode/DerivedData/FinancialCalculatorKit-ackorybalcxbfocbkqsfdzcfkgmn/Build/Products/Debug/PackageFrameworks -F/Users/rogerlin/Library/Developer/Xcode/DerivedData/FinancialCalculatorKit-ackorybalcxbfocbkqsfdzcfkgmn/Build/Products/Debug/PackageFrameworks -F/Users/rogerlin/Library/Developer/Xcode/DerivedData/FinancialCalculatorKit-ackorybalcxbfocbkqsfdzcfkgmn/Build/Products/Debug/PackageFrameworks -F/Users/rogerlin/Library/Developer/Xcode/DerivedData/FinancialCalculatorKit-ackorybalcxbfocbkqsfdzcfkgmn/Build/Products/Debug/PackageFrameworks -F/Users/rogerlin/Library/Developer/Xcode/DerivedData/FinancialCalculatorKit-ackorybalcxbfocbkqsfdzcfkgmn/Build/Products/Debug/PackageFrameworks -F/Users/rogerlin/Library/Developer/Xcode/DerivedData/FinancialCalculatorKit-ackorybalcxbfocbkqsfdzcfkgmn/Build/Products/Debug/PackageFrameworks -F/Users/rogerlin/Library/Developer/Xcode/DerivedData/FinancialCalculatorKit-ackorybalcxbfocbkqsfdzcfkgmn/Build/Products/Debug/PackageFrameworks -F/Users/rogerlin/Library/Developer/Xcode/DerivedData/FinancialCalculatorKit-ackorybalcxbfocbkqsfdzcfkgmn/Build/Products/Debug/PackageFrameworks -F/Users/rogerlin/Library/Developer/Xcode/DerivedData/FinancialCalculatorKit-ackorybalcxbfocbkqsfdzcfkgmn/Build/Products/Debug/PackageFrameworks -F/Users/rogerlin/Library/Developer/Xcode/DerivedData/FinancialCalculatorKit-ackorybalcxbfocbkqsfdzcfkgmn/Build/Products/Debug/PackageFrameworks -F/Users/rogerlin/Library/Developer/Xcode/DerivedData/FinancialCalculatorKit-ackorybalcxbfocbkqsfdzcfkgmn/Build/Products/Debug -install_name @rpath/FinancialCalculatorKit.debug.dylib -dead_strip -rdynamic -Xlinker -no_deduplicate -Xlinker -debug_variant -Xlinker -dependency_info -Xlinker /Users/rogerlin/Library/Developer/Xcode/DerivedData/FinancialCalculatorKit-ackorybalcxbfocbkqsfdzcfkgmn/Build/Intermediates.noindex/FinancialCalculatorKit.build/Debug/FinancialCalculatorKit.build/Objects-normal/arm64/FinancialCalculatorKit_dependency_info.dat -Xlinker -no_adhoc_codesign -o /Users/rogerlin/Library/Developer/Xcode/DerivedData/FinancialCalculatorKit-ackorybalcxbfocbkqsfdzcfkgmn/Build/Products/Debug/FinancialCalculatorKit.app/Contents/MacOS/__preview.dylib

    Task input dependencies:

    Task output dependencies:
        /Users/rogerlin/Library/Developer/Xcode/DerivedData/FinancialCalculatorKit-ackorybalcxbfocbkqsfdzcfkgmn/Build/Products/Debug/FinancialCalculatorKit.app/Contents/MacOS/__preview.dylib

Copy /Users/rogerlin/Library/Developer/Xcode/DerivedData/FinancialCalculatorKit-ackorybalcxbfocbkqsfdzcfkgmn/Build/Products/Debug/FinancialCalculatorKit.app/Contents/Resources/MathJaxSwift_MathJaxSwift.bundle /Users/rogerlin/Library/Developer/Xcode/DerivedData/FinancialCalculatorKit-ackorybalcxbfocbkqsfdzcfkgmn/Build/Products/Debug/MathJaxSwift_MathJaxSwift.bundle (in target 'FinancialCalculatorKit' from project 'FinancialCalculatorKit')
    cd /Users/rogerlin/XCode-Projects/FinancialCalculatorKit-5.0-updated-accent-colors
    builtin-copy -exclude .DS_Store -exclude CVS -exclude .svn -exclude .git -exclude .hg -resolve-src-symlinks /Users/rogerlin/Library/Developer/Xcode/DerivedData/FinancialCalculatorKit-ackorybalcxbfocbkqsfdzcfkgmn/Build/Products/Debug/MathJaxSwift_MathJaxSwift.bundle /Users/rogerlin/Library/Developer/Xcode/DerivedData/FinancialCalculatorKit-ackorybalcxbfocbkqsfdzcfkgmn/Build/Products/Debug/FinancialCalculatorKit.app/Contents/Resources

    Task input dependencies:
        /Users/rogerlin/Library/Developer/Xcode/DerivedData/FinancialCalculatorKit-ackorybalcxbfocbkqsfdzcfkgmn/Build/Products/Debug/MathJaxSwift_MathJaxSwift.bundle/

    Task output dependencies:
        /Users/rogerlin/Library/Developer/Xcode/DerivedData/FinancialCalculatorKit-ackorybalcxbfocbkqsfdzcfkgmn/Build/Products/Debug/FinancialCalculatorKit.app/Contents/Resources/MathJaxSwift_MathJaxSwift.bundle

SwiftExplicitDependencyGeneratePcm arm64 /Users/rogerlin/Library/Developer/Xcode/DerivedData/FinancialCalculatorKit-ackorybalcxbfocbkqsfdzcfkgmn/Build/Intermediates.noindex/SwiftExplicitPrecompiledModules/_NumericsShims-BKBR5FSK6JMYPH1VT466S0Z9K.pcm
/Applications/Xcode.app/Contents/Developer/Toolchains/XcodeDefault.xctoolchain/usr/bin/swift-frontend -frontend -emit-pcm -module-name _NumericsShims -o /Users/rogerlin/Library/Developer/Xcode/DerivedData/FinancialCalculatorKit-ackorybalcxbfocbkqsfdzcfkgmn/Build/Intermediates.noindex/SwiftExplicitPrecompiledModules/_NumericsShims-BKBR5FSK6JMYPH1VT466S0Z9K.pcm -direct-clang-cc1-module-build /Users/rogerlin/Library/Developer/Xcode/DerivedData/FinancialCalculatorKit-ackorybalcxbfocbkqsfdzcfkgmn/SourcePackages/checkouts/swift-numerics/Sources/_NumericsShims/include/module.modulemap -Xcc -cc1 -Xcc -fansi-escape-codes -Xcc -ferror-limit -Xcc 19 -Xcc -Wdeprecated-objc-isa-usage -Xcc -Werror\=deprecated-objc-isa-usage -Xcc -Werror\=implicit-function-declaration -Xcc -Wno-reorder-init-list -Xcc -Wno-implicit-int-float-conversion -Xcc -Wno-c99-designator -Xcc -Wno-final-dtor-non-final-class -Xcc -Wno-extra-semi-stmt -Xcc -Wno-misleading-indentation -Xcc -Wno-quoted-include-in-framework-header -Xcc -Wno-implicit-fallthrough -Xcc -Wno-enum-enum-conversion -Xcc -Wno-enum-float-conversion -Xcc -Wno-elaborated-enum-base -Xcc -disable-free -Xcc -finclude-tree-preserve-pch-path -Xcc -emit-module -Xcc -x -Xcc objective-c -Xcc /Users/rogerlin/Library/Developer/Xcode/DerivedData/FinancialCalculatorKit-ackorybalcxbfocbkqsfdzcfkgmn/SourcePackages/checkouts/swift-numerics/Sources/_NumericsShims/include/module.modulemap -Xcc -target-abi -Xcc darwinpcs -Xcc -target-cpu -Xcc apple-a12 -Xcc -target-feature -Xcc +zcm -Xcc -target-feature -Xcc +zcz -Xcc -target-feature -Xcc +v8.3a -Xcc -target-feature -Xcc +aes -Xcc -target-feature -Xcc +complxnum -Xcc -target-feature -Xcc +crc -Xcc -target-feature -Xcc +fp-armv8 -Xcc -target-feature -Xcc +fullfp16 -Xcc -target-feature -Xcc +jsconv -Xcc -target-feature -Xcc +lse -Xcc -target-feature -Xcc +neon -Xcc -target-feature -Xcc +pauth -Xcc -target-feature -Xcc +perfmon -Xcc -target-feature -Xcc +ras -Xcc -target-feature -Xcc +rcpc -Xcc -target-feature -Xcc +rdm -Xcc -target-feature -Xcc +sha2 -Xcc -triple -Xcc arm64-apple-macosx26.1.0 -Xcc -target-linker-version -Xcc 1230.1 -Xcc -target-sdk-version\=26.1 -Xcc -fmodules-validate-system-headers -Xcc -fno-modules-prune-non-affecting-module-map-files -Xcc -isysroot -Xcc /Applications/Xcode.app/Contents/Developer/Platforms/MacOSX.platform/Developer/SDKs/MacOSX26.1.sdk -Xcc -resource-dir -Xcc /Applications/Xcode.app/Contents/Developer/Toolchains/XcodeDefault.xctoolchain/usr/lib/swift/clang -Xcc -fmodule-format\=obj -Xcc -ivfsstatcache -Xcc /Users/rogerlin/Library/Developer/Xcode/DerivedData/SDKStatCaches.noindex/macosx26.1-25B74-3ae1261907bdadc328169391a47051a6.sdkstatcache -Xcc -fapinotes-swift-version\=5 -Xcc -iapinotes-modules -Xcc /Applications/Xcode.app/Contents/Developer/Platforms/MacOSX.platform/Developer/SDKs/MacOSX26.1.sdk/usr/lib/swift/apinotes -Xcc -iapinotes-modules -Xcc /Applications/Xcode.app/Contents/Developer/Toolchains/XcodeDefault.xctoolchain/usr/lib/swift/apinotes -Xcc -std\=gnu11 -Xcc -fapinotes-modules -Xcc -fexceptions -Xcc -fskip-odr-check-in-gmf -Xcc -fmodules -Xcc -fmodule-name\=_NumericsShims -Xcc -fmodules-search-all -Xcc -fno-implicit-modules -Xcc -fretain-comments-from-system-headers -Xcc -fobjc-exceptions -Xcc -fmax-type-align\=16 -Xcc -fstack-check -Xcc -fmodule-feature -Xcc swift -Xcc -fno-odr-hash-protocols -Xcc -pic-level -Xcc 2 -Xcc -disable-objc-default-synthesize-properties -Xcc -stack-protector -Xcc 1 -Xcc -fobjc-runtime\=macosx-26.1.0 -Xcc -fobjc-arc -Xcc -fobjc-runtime-has-weak -Xcc -fobjc-weak -Xcc -fgnuc-version\=4.2.1 -Xcc -fblocks -Xcc -ffp-contract\=off -Xcc -fclang-abi-compat\=4.0 -Xcc -fno-experimental-relative-c++-abi-vtables -Xcc -fno-file-reproducible -Xcc -clang-vendor-feature\=+disableNonDependentMemberExprInCurrentInstantiation -Xcc -clang-vendor-feature\=+enableAggressiveVLAFolding -Xcc -clang-vendor-feature\=+revert09abecef7bbf -Xcc -clang-vendor-feature\=+thisNoAlignAttr -Xcc -clang-vendor-feature\=+thisNoNullAttr -Xcc -clang-vendor-feature\=+disableAtImportPrivateFrameworkInImplementationError -Xcc -O0 -Xcc -fdebug-compilation-dir\=/ -Xcc -fcommon -Xcc -fno-sanitize-address-use-odr-indicator -Xcc -fno-sanitize-memory-param-retval -Xcc -fmerge-all-constants -Xcc -fno-verbose-asm -Xcc -fregister-global-dtors-with-atexit -Xcc -fno-use-init-array -Xcc -funique-basic-block-section-names -Xcc -dwarf-version\=5 -Xcc -debugger-tuning\=lldb -Xcc -llvm-verify-each -Xcc -dwarf-ext-refs -Xcc -no-struct-path-tbaa -Xcc -fexperimental-assignment-tracking\=disabled -Xcc -no-enable-noundef-analysis -Xcc -stack-protector-buffer-size -Xcc 0 -Xcc -debug-info-kind\=standalone -Xcc -save-temps\=obj -Xcc -fdiagnostics-hotness-threshold\=0 -Xcc -fdiagnostics-misexpect-tolerance\=0 -Xcc -D -Xcc DEBUG\=1 -Xcc -D -Xcc SWIFT_CLASS_EXTRA\= -Xcc -D -Xcc SWIFT_SDK_OVERLAY2_SCENEKIT_EPOCH\=3 -Xcc -D -Xcc SWIFT_SDK_OVERLAY_APPKIT_EPOCH\=2 -Xcc -D -Xcc SWIFT_SDK_OVERLAY_COREGRAPHICS_EPOCH\=0 -Xcc -D -Xcc SWIFT_SDK_OVERLAY_COREIMAGE_EPOCH\=2 -Xcc -D -Xcc SWIFT_SDK_OVERLAY_DISPATCH_EPOCH\=2 -Xcc -D -Xcc SWIFT_SDK_OVERLAY_FOUNDATION_EPOCH\=8 -Xcc -D -Xcc SWIFT_SDK_OVERLAY_GAMEPLAYKIT_EPOCH\=1 -Xcc -D -Xcc SWIFT_SDK_OVERLAY_PTHREAD_EPOCH\=1 -Xcc -D -Xcc SWIFT_SDK_OVERLAY_SPRITEKIT_EPOCH\=1 -Xcc -D -Xcc SWIFT_SDK_OVERLAY_UIKIT_EPOCH\=2 -Xcc -D -Xcc _ISO646_H_ -Xcc -D -Xcc _LIBCPP_HARDENING_MODE\=_LIBCPP_HARDENING_MODE_DEBUG -Xcc -D -Xcc __GCC_HAVE_DWARF2_CFI_ASM\=1 -Xcc -D -Xcc __ISO646_H -Xcc -D -Xcc __SWIFT_ATTR_SUPPORTS_SENDABLE_DECLS\=1 -Xcc -D -Xcc __SWIFT_ATTR_SUPPORTS_SENDING\=1 -Xcc -D -Xcc __SWIFT_COMPILER_VERSION\=6002001004008 -Xcc -D -Xcc __swift__\=51000 -Xcc -fdefine-target-os-macros

LinkAssetCatalog /Users/rogerlin/XCode-Projects/FinancialCalculatorKit-5.0-updated-accent-colors/FinancialCalculatorKit/Assets.xcassets (in target 'FinancialCalculatorKit' from project 'FinancialCalculatorKit')
    cd /Users/rogerlin/XCode-Projects/FinancialCalculatorKit-5.0-updated-accent-colors
    builtin-linkAssetCatalog --thinned /Users/rogerlin/Library/Developer/Xcode/DerivedData/FinancialCalculatorKit-ackorybalcxbfocbkqsfdzcfkgmn/Build/Intermediates.noindex/FinancialCalculatorKit.build/Debug/FinancialCalculatorKit.build/assetcatalog_output/thinned --thinned-dependencies /Users/rogerlin/Library/Developer/Xcode/DerivedData/FinancialCalculatorKit-ackorybalcxbfocbkqsfdzcfkgmn/Build/Intermediates.noindex/FinancialCalculatorKit.build/Debug/FinancialCalculatorKit.build/assetcatalog_dependencies_thinned --thinned-info-plist-content /Users/rogerlin/Library/Developer/Xcode/DerivedData/FinancialCalculatorKit-ackorybalcxbfocbkqsfdzcfkgmn/Build/Intermediates.noindex/FinancialCalculatorKit.build/Debug/FinancialCalculatorKit.build/assetcatalog_generated_info.plist_thinned --unthinned /Users/rogerlin/Library/Developer/Xcode/DerivedData/FinancialCalculatorKit-ackorybalcxbfocbkqsfdzcfkgmn/Build/Intermediates.noindex/FinancialCalculatorKit.build/Debug/FinancialCalculatorKit.build/assetcatalog_output/unthinned --unthinned-dependencies /Users/rogerlin/Library/Developer/Xcode/DerivedData/FinancialCalculatorKit-ackorybalcxbfocbkqsfdzcfkgmn/Build/Intermediates.noindex/FinancialCalculatorKit.build/Debug/FinancialCalculatorKit.build/assetcatalog_dependencies_unthinned --unthinned-info-plist-content /Users/rogerlin/Library/Developer/Xcode/DerivedData/FinancialCalculatorKit-ackorybalcxbfocbkqsfdzcfkgmn/Build/Intermediates.noindex/FinancialCalculatorKit.build/Debug/FinancialCalculatorKit.build/assetcatalog_generated_info.plist_unthinned --output /Users/rogerlin/Library/Developer/Xcode/DerivedData/FinancialCalculatorKit-ackorybalcxbfocbkqsfdzcfkgmn/Build/Products/Debug/FinancialCalculatorKit.app/Contents/Resources --plist-output /Users/rogerlin/Library/Developer/Xcode/DerivedData/FinancialCalculatorKit-ackorybalcxbfocbkqsfdzcfkgmn/Build/Intermediates.noindex/FinancialCalculatorKit.build/Debug/FinancialCalculatorKit.build/assetcatalog_generated_info.plist

    Task input dependencies:
        /Users/rogerlin/XCode-Projects/FinancialCalculatorKit-5.0-updated-accent-colors/FinancialCalculatorKit/Assets.xcassets/
        /Users/rogerlin/Library/Developer/Xcode/DerivedData/FinancialCalculatorKit-ackorybalcxbfocbkqsfdzcfkgmn/Build/Products/Debug/FinancialCalculatorKit.app/Contents/Resources
        /Users/rogerlin/Library/Developer/Xcode/DerivedData/FinancialCalculatorKit-ackorybalcxbfocbkqsfdzcfkgmn/Build/Intermediates.noindex/FinancialCalculatorKit.build/Debug/FinancialCalculatorKit.build/assetcatalog_output/thinned/
        /Users/rogerlin/Library/Developer/Xcode/DerivedData/FinancialCalculatorKit-ackorybalcxbfocbkqsfdzcfkgmn/Build/Intermediates.noindex/FinancialCalculatorKit.build/Debug/FinancialCalculatorKit.build/assetcatalog_output/unthinned/
        /Users/rogerlin/Library/Developer/Xcode/DerivedData/FinancialCalculatorKit-ackorybalcxbfocbkqsfdzcfkgmn/Build/Intermediates.noindex/FinancialCalculatorKit.build/Debug/FinancialCalculatorKit.build/assetcatalog_signature

    Task output dependencies:
        /Users/rogerlin/Library/Developer/Xcode/DerivedData/FinancialCalculatorKit-ackorybalcxbfocbkqsfdzcfkgmn/Build/Intermediates.noindex/FinancialCalculatorKit.build/Debug/FinancialCalculatorKit.build/assetcatalog_generated_info.plist
        /Users/rogerlin/Library/Developer/Xcode/DerivedData/FinancialCalculatorKit-ackorybalcxbfocbkqsfdzcfkgmn/Build/Products/Debug/FinancialCalculatorKit.app/Contents/Resources/Assets.car
note: Emplaced /Users/rogerlin/Library/Developer/Xcode/DerivedData/FinancialCalculatorKit-ackorybalcxbfocbkqsfdzcfkgmn/Build/Products/Debug/FinancialCalculatorKit.app/Contents/Resources/Assets.car (in target 'FinancialCalculatorKit' from project 'FinancialCalculatorKit')
note: Emplaced /Users/rogerlin/Library/Developer/Xcode/DerivedData/FinancialCalculatorKit-ackorybalcxbfocbkqsfdzcfkgmn/Build/Products/Debug/FinancialCalculatorKit.app/Contents/Resources/AppIcon.icns (in target 'FinancialCalculatorKit' from project 'FinancialCalculatorKit')

ProcessInfoPlistFile /Users/rogerlin/Library/Developer/Xcode/DerivedData/FinancialCalculatorKit-ackorybalcxbfocbkqsfdzcfkgmn/Build/Products/Debug/FinancialCalculatorKit.app/Contents/Info.plist /Users/rogerlin/Library/Developer/Xcode/DerivedData/FinancialCalculatorKit-ackorybalcxbfocbkqsfdzcfkgmn/Build/Intermediates.noindex/FinancialCalculatorKit.build/Debug/FinancialCalculatorKit.build/empty-FinancialCalculatorKit.plist (in target 'FinancialCalculatorKit' from project 'FinancialCalculatorKit')
    cd /Users/rogerlin/XCode-Projects/FinancialCalculatorKit-5.0-updated-accent-colors
    builtin-infoPlistUtility /Users/rogerlin/Library/Developer/Xcode/DerivedData/FinancialCalculatorKit-ackorybalcxbfocbkqsfdzcfkgmn/Build/Intermediates.noindex/FinancialCalculatorKit.build/Debug/FinancialCalculatorKit.build/empty-FinancialCalculatorKit.plist -producttype com.apple.product-type.application -genpkginfo /Users/rogerlin/Library/Developer/Xcode/DerivedData/FinancialCalculatorKit-ackorybalcxbfocbkqsfdzcfkgmn/Build/Products/Debug/FinancialCalculatorKit.app/Contents/PkgInfo -expandbuildsettings -platform macosx -additionalcontentfile /Users/rogerlin/Library/Developer/Xcode/DerivedData/FinancialCalculatorKit-ackorybalcxbfocbkqsfdzcfkgmn/Build/Intermediates.noindex/FinancialCalculatorKit.build/Debug/FinancialCalculatorKit.build/assetcatalog_generated_info.plist -scanforprivacyfile /Users/rogerlin/Library/Developer/Xcode/DerivedData/FinancialCalculatorKit-ackorybalcxbfocbkqsfdzcfkgmn/Build/Products/Debug/FinancialCalculatorKit.app/Contents/Resources/MathJaxSwift_MathJaxSwift.bundle -o /Users/rogerlin/Library/Developer/Xcode/DerivedData/FinancialCalculatorKit-ackorybalcxbfocbkqsfdzcfkgmn/Build/Products/Debug/FinancialCalculatorKit.app/Contents/Info.plist

    Task input dependencies:
        /Users/rogerlin/Library/Developer/Xcode/DerivedData/FinancialCalculatorKit-ackorybalcxbfocbkqsfdzcfkgmn/Build/Intermediates.noindex/FinancialCalculatorKit.build/Debug/FinancialCalculatorKit.build/empty-FinancialCalculatorKit.plist
        /Users/rogerlin/Library/Developer/Xcode/DerivedData/FinancialCalculatorKit-ackorybalcxbfocbkqsfdzcfkgmn/Build/Intermediates.noindex/FinancialCalculatorKit.build/Debug/FinancialCalculatorKit.build/assetcatalog_generated_info.plist
        /Users/rogerlin/Library/Developer/Xcode/DerivedData/FinancialCalculatorKit-ackorybalcxbfocbkqsfdzcfkgmn/Build/Products/Debug/FinancialCalculatorKit.app/Contents/Resources/MathJaxSwift_MathJaxSwift.bundle

    Task output dependencies:
        /Users/rogerlin/Library/Developer/Xcode/DerivedData/FinancialCalculatorKit-ackorybalcxbfocbkqsfdzcfkgmn/Build/Products/Debug/FinancialCalculatorKit.app/Contents/Info.plist
        /Users/rogerlin/Library/Developer/Xcode/DerivedData/FinancialCalculatorKit-ackorybalcxbfocbkqsfdzcfkgmn/Build/Products/Debug/FinancialCalculatorKit.app/Contents/PkgInfo

SwiftEmitModule normal arm64 Emitting\ module\ for\ FinancialCalculatorKit (in target 'FinancialCalculatorKit' from project 'FinancialCalculatorKit')

EmitSwiftModule normal arm64 (in target 'FinancialCalculatorKit' from project 'FinancialCalculatorKit')
    cd /Users/rogerlin/XCode-Projects/FinancialCalculatorKit-5.0-updated-accent-colors
    

/Applications/Xcode.app/Contents/Developer/Toolchains/XcodeDefault.xctoolchain/usr/bin/swift-frontend -frontend -emit-module -experimental-skip-non-inlinable-function-bodies-without-types /Users/rogerlin/XCode-Projects/FinancialCalculatorKit-5.0-updated-accent-colors/FinancialCalculatorKit/Models/Bond/AdvancedBondModels.swift /Users/rogerlin/XCode-Projects/FinancialCalculatorKit-5.0-updated-accent-colors/FinancialCalculatorKit/Models/Bond/YieldCurveTypes.swift /Users/rogerlin/XCode-Projects/FinancialCalculatorKit-5.0-updated-accent-colors/FinancialCalculatorKit/Models/Calculation/BondCalculation.swift /Users/rogerlin/XCode-Projects/FinancialCalculatorKit-5.0-updated-accent-colors/FinancialCalculatorKit/Models/Calculation/CalculationMetadata.swift /Users/rogerlin/XCode-Projects/FinancialCalculatorKit-5.0-updated-accent-colors/FinancialCalculatorKit/Models/Calculation/DepreciationCalculation.swift /Users/rogerlin/XCode-Projects/FinancialCalculatorKit-5.0-updated-accent-colors/FinancialCalculatorKit/Models/Calculation/FinancialCalculation.swift /Users/rogerlin/XCode-Projects/FinancialCalculatorKit-5.0-updated-accent-colors/FinancialCalculatorKit/Models/Calculation/InvestmentCalculation.swift /Users/rogerlin/XCode-Projects/FinancialCalculatorKit-5.0-updated-accent-colors/FinancialCalculatorKit/Models/Calculation/LoanCalculation.swift /Users/rogerlin/XCode-Projects/FinancialCalculatorKit-5.0-updated-accent-colors/FinancialCalculatorKit/Models/Calculation/TimeValueCalculation.swift /Users/rogerlin/XCode-Projects/FinancialCalculatorKit-5.0-updated-accent-colors/FinancialCalculatorKit/Models/Enums/CalculationType.swift /Users/rogerlin/XCode-Projects/FinancialCalculatorKit-5.0-updated-accent-colors/FinancialCalculatorKit/Models/Enums/Currency.swift /Users/rogerlin/XCode-Projects/FinancialCalculatorKit-5.0-updated-accent-colors/FinancialCalculatorKit/Models/Enums/LoanType.swift /Users/rogerlin/XCode-Projects/FinancialCalculatorKit-5.0-updated-accent-colors/FinancialCalculatorKit/Models/Enums/PaymentFrequency.swift /Users/rogerlin/XCode-Projects/FinancialCalculatorKit-5.0-updated-accent-colors/FinancialCalculatorKit/Models/Enums/TimeValueVariable.swift /Users/rogerlin/XCode-Projects/FinancialCalculatorKit-5.0-updated-accent-colors/FinancialCalculatorKit/Models/Formula/FormulaReference.swift /Users/rogerlin/XCode-Projects/FinancialCalculatorKit-5.0-updated-accent-colors/FinancialCalculatorKit/Models/FRED/FREDModels.swift /Users/rogerlin/XCode-Projects/FinancialCalculatorKit-5.0-updated-accent-colors/FinancialCalculatorKit/Models/Options/AdvancedOptionsModels.swift /Users/rogerlin/XCode-Projects/FinancialCalculatorKit-5.0-updated-accent-colors/FinancialCalculatorKit/Models/ScientificCalculator/EquationDocument.swift /Users/rogerlin/XCode-Projects/FinancialCalculatorKit-5.0-updated-accent-colors/FinancialCalculatorKit/Models/ScientificCalculator/VariableStore.swift /Users/rogerlin/XCode-Projects/FinancialCalculatorKit-5.0-updated-accent-colors/FinancialCalculatorKit/Protocols/FinancialComputable.swift /Users/rogerlin/XCode-Projects/FinancialCalculatorKit-5.0-updated-accent-colors/FinancialCalculatorKit/Services/Bond/AdvancedBondPricingEngine.swift /Users/rogerlin/XCode-Projects/FinancialCalculatorKit-5.0-updated-accent-colors/FinancialCalculatorKit/Services/Options/AdvancedOptionsPricingEngine.swift /Users/rogerlin/XCode-Projects/FinancialCalculatorKit-5.0-updated-accent-colors/FinancialCalculatorKit/Services/AdvancedExpressionParser.swift /Users/rogerlin/XCode-Projects/FinancialCalculatorKit-5.0-updated-accent-colors/FinancialCalculatorKit/Services/AdvancedIRRCalculator.swift /Users/rogerlin/XCode-Projects/FinancialCalculatorKit-5.0-updated-accent-colors/FinancialCalculatorKit/Services/AdvancedMathFunctions.swift /Users/rogerlin/XCode-Projects/FinancialCalculatorKit-5.0-updated-accent-colors/FinancialCalculatorKit/Services/CalculationEngine.swift /Users/rogerlin/XCode-Projects/FinancialCalculatorKit-5.0-updated-accent-colors/FinancialCalculatorKit/Services/CSVHelper.swift /Users/rogerlin/XCode-Projects/FinancialCalculatorKit-5.0-updated-accent-colors/FinancialCalculatorKit/Services/CurrencyConversionService.swift /Users/rogerlin/XCode-Projects/FinancialCalculatorKit-5.0-updated-accent-colors/FinancialCalculatorKit/Services/ExchangeRateService.swift /Users/rogerlin/XCode-Projects/FinancialCalculatorKit-5.0-updated-accent-colors/FinancialCalculatorKit/Services/FinancialCalculator.swift /Users/rogerlin/XCode-Projects/FinancialCalculatorKit-5.0-updated-accent-colors/FinancialCalculatorKit/Services/FinancialValidation.swift /Users/rogerlin/XCode-Projects/FinancialCalculatorKit-5.0-updated-accent-colors/FinancialCalculatorKit/Services/FormulaAutoComplete.swift /Users/rogerlin/XCode-Projects/FinancialCalculatorKit-5.0-updated-accent-colors/FinancialCalculatorKit/Services/FREDService.swift /Users/rogerlin/XCode-Projects/FinancialCalculatorKit-5.0-updated-accent-colors/FinancialCalculatorKit/Services/HighPrecisionMath.swift /Users/rogerlin/XCode-Projects/FinancialCalculatorKit-5.0-updated-accent-colors/FinancialCalculatorKit/Services/HighPrecisionTestSuite.swift /Users/rogerlin/XCode-Projects/FinancialCalculatorKit-5.0-updated-accent-colors/FinancialCalculatorKit/Services/HighPrecisionValidation.swift /Users/rogerlin/XCode-Projects/FinancialCalculatorKit-5.0-updated-accent-colors/FinancialCalculatorKit/Services/TickerHistoryService.swift /Users/rogerlin/XCode-Projects/FinancialCalculatorKit-5.0-updated-accent-colors/FinancialCalculatorKit/Services/ValidationExtensions.swift /Users/rogerlin/XCode-Projects/FinancialCalculatorKit-5.0-updated-accent-colors/FinancialCalculatorKit/Services/ValidationService.swift /Users/rogerlin/XCode-Projects/FinancialCalculatorKit-5.0-updated-accent-colors/FinancialCalculatorKit/Services/ValidationTestSuite.swift /Users/rogerlin/XCode-Projects/FinancialCalculatorKit-5.0-updated-accent-colors/FinancialCalculatorKit/Utilities/Extensions/Date+Financial.swift /Users/rogerlin/XCode-Projects/FinancialCalculatorKit-5.0-updated-accent-colors/FinancialCalculatorKit/Utilities/Extensions/Double+Financial.swift /Users/rogerlin/XCode-Projects/FinancialCalculatorKit-5.0-updated-accent-colors/FinancialCalculatorKit/Utilities/CashFlowsTransformer.swift /Users/rogerlin/XCode-Projects/FinancialCalculatorKit-5.0-updated-accent-colors/FinancialCalculatorKit/Utilities/Formatters.swift /Users/rogerlin/XCode-Projects/FinancialCalculatorKit-5.0-updated-accent-colors/FinancialCalculatorKit/ViewHelpers/FormulaViewHelper.swift /Users/rogerlin/XCode-Projects/FinancialCalculatorKit-5.0-updated-accent-colors/FinancialCalculatorKit/ViewModels/MainViewModel.swift /Users/rogerlin/XCode-Projects/FinancialCalculatorKit-5.0-updated-accent-colors/FinancialCalculatorKit/Views/Calculator/AdvancedBondCalculatorView.swift /Users/rogerlin/XCode-Projects/FinancialCalculatorKit-5.0-updated-accent-colors/FinancialCalculatorKit/Views/Calculator/AmortizationView.swift /Users/rogerlin/XCode-Projects/FinancialCalculatorKit-5.0-updated-accent-colors/FinancialCalculatorKit/Views/Calculator/BondCalculatorView.swift /Users/rogerlin/XCode-Projects/FinancialCalculatorKit-5.0-updated-accent-colors/FinancialCalculatorKit/Views/Calculator/CompactCalculatorView.swift /Users/rogerlin/XCode-Projects/FinancialCalculatorKit-5.0-updated-accent-colors/FinancialCalculatorKit/Views/Calculator/CurrencyConverterView.swift /Users/rogerlin/XCode-Projects/FinancialCalculatorKit-5.0-updated-accent-colors/FinancialCalculatorKit/Views/Calculator/CustomScientificKeyboard.swift /Users/rogerlin/XCode-Projects/FinancialCalculatorKit-5.0-updated-accent-colors/FinancialCalculatorKit/Views/Calculator/DepreciationCalculatorView.swift /Users/rogerlin/XCode-Projects/FinancialCalculatorKit-5.0-updated-accent-colors/FinancialCalculatorKit/Views/Calculator/DocumentListView.swift /Users/rogerlin/XCode-Projects/FinancialCalculatorKit-5.0-updated-accent-colors/FinancialCalculatorKit/Views/Calculator/EquityValuationView.swift /Users/rogerlin/XCode-Projects/FinancialCalculatorKit-5.0-updated-accent-colors/FinancialCalculatorKit/Views/Calculator/FixedIncomeAnalyticsView.swift /Users/rogerlin/XCode-Projects/FinancialCalculatorKit-5.0-updated-accent-colors/FinancialCalculatorKit/Views/Calculator/FormulaLibraryView.swift /Users/rogerlin/XCode-Projects/FinancialCalculatorKit-5.0-updated-accent-colors/FinancialCalculatorKit/Views/Calculator/ForwardsCalculatorView.swift /Users/rogerlin/XCode-Projects/FinancialCalculatorKit-5.0-updated-accent-colors/FinancialCalculatorKit/Views/Calculator/FuturesCalculatorView.swift /Users/rogerlin/XCode-Projects/FinancialCalculatorKit-5.0-updated-accent-colors/FinancialCalculatorKit/Views/Calculator/FutureValueView.swift /Users/rogerlin/XCode-Projects/FinancialCalculatorKit-5.0-updated-accent-colors/FinancialCalculatorKit/Views/Calculator/HighPrecisionCalculatorView.swift /Users/rogerlin/XCode-Projects/FinancialCalculatorKit-5.0-updated-accent-colors/FinancialCalculatorKit/Views/Calculator/InvestmentCalculatorView.swift /Users/rogerlin/XCode-Projects/FinancialCalculatorKit-5.0-updated-accent-colors/FinancialCalculatorKit/Views/Calculator/LoanCalculatorView.swift /Users/rogerlin/XCode-Projects/FinancialCalculatorKit-5.0-updated-accent-colors/FinancialCalculatorKit/Views/Calculator/LoanResultView.swift /Users/rogerlin/XCode-Projects/FinancialCalculatorKit-5.0-updated-accent-colors/FinancialCalculatorKit/Views/Calculator/MathExpressionCalculatorView.swift /Users/rogerlin/XCode-Projects/FinancialCalculatorKit-5.0-updated-accent-colors/FinancialCalculatorKit/Views/Calculator/OptionsCalculatorView.swift /Users/rogerlin/XCode-Projects/FinancialCalculatorKit-5.0-updated-accent-colors/FinancialCalculatorKit/Views/Calculator/OptionsStrategiesView.swift /Users/rogerlin/XCode-Projects/FinancialCalculatorKit-5.0-updated-accent-colors/FinancialCalculatorKit/Views/Calculator/PlaceholderViews.swift /Users/rogerlin/XCode-Projects/FinancialCalculatorKit-5.0-updated-accent-colors/FinancialCalculatorKit/Views/Calculator/PortfolioOptimizationView.swift /Users/rogerlin/XCode-Projects/FinancialCalculatorKit-5.0-updated-accent-colors/FinancialCalculatorKit/Views/Calculator/PrecisionDemoView.swift /Users/rogerlin/XCode-Projects/FinancialCalculatorKit-5.0-updated-accent-colors/FinancialCalculatorKit/Views/Calculator/RiskManagementView.swift /Users/rogerlin/XCode-Projects/FinancialCalculatorKit-5.0-updated-accent-colors/FinancialCalculatorKit/Views/Calculator/ScientificCalculatorView.swift /Users/rogerlin/XCode-Projects/FinancialCalculatorKit-5.0-updated-accent-colors/FinancialCalculatorKit/Views/Calculator/SwapsCalculatorView.swift /Users/rogerlin/XCode-Projects/FinancialCalculatorKit-5.0-updated-accent-colors/FinancialCalculatorKit/Views/Calculator/TemplateViews.swift /Users/rogerlin/XCode-Projects/FinancialCalculatorKit-5.0-updated-accent-colors/FinancialCalculatorKit/Views/Calculator/TickerHistoryView.swift /Users/rogerlin/XCode-Projects/FinancialCalculatorKit-5.0-updated-accent-colors/FinancialCalculatorKit/Views/Calculator/TimeValueCalculatorView.swift /Users/rogerlin/XCode-Projects/FinancialCalculatorKit-5.0-updated-accent-colors/FinancialCalculatorKit/Views/Calculator/TimeValueResultView.swift /Users/rogerlin/XCode-Projects/FinancialCalculatorKit-5.0-updated-accent-colors/FinancialCalculatorKit/Views/Calculator/UnitConverterView.swift /Users/rogerlin/XCode-Projects/FinancialCalculatorKit-5.0-updated-accent-colors/FinancialCalculatorKit/Views/Calculator/VariableManagementView.swift /Users/rogerlin/XCode-Projects/FinancialCalculatorKit-5.0-updated-accent-colors/FinancialCalculatorKit/Views/Charts/FinancialChartView.swift /Users/rogerlin/XCode-Projects/FinancialCalculatorKit-5.0-updated-accent-colors/FinancialCalculatorKit/Views/Charts/InteractiveFinancialCharts.swift /Users/rogerlin/XCode-Projects/FinancialCalculatorKit-5.0-updated-accent-colors/FinancialCalculatorKit/Views/Components/DetailRow.swift /Users/rogerlin/XCode-Projects/FinancialCalculatorKit-5.0-updated-accent-colors/FinancialCalculatorKit/Views/Components/DynamicInputSection.swift /Users/rogerlin/XCode-Projects/FinancialCalculatorKit-5.0-updated-accent-colors/FinancialCalculatorKit/Views/Components/EnhancedInputFields.swift /Users/rogerlin/XCode-Projects/FinancialCalculatorKit-5.0-updated-accent-colors/FinancialCalculatorKit/Views/Components/FinancialStyles.swift /Users/rogerlin/XCode-Projects/FinancialCalculatorKit-5.0-updated-accent-colors/FinancialCalculatorKit/Views/Components/InputFieldView.swift /Users/rogerlin/XCode-Projects/FinancialCalculatorKit-5.0-updated-accent-colors/FinancialCalculatorKit/Views/Components/InteractiveDataTables.swift /Users/rogerlin/XCode-Projects/FinancialCalculatorKit-5.0-updated-accent-colors/FinancialCalculatorKit/Views/Components/LoadingResultView.swift /Users/rogerlin/XCode-Projects/FinancialCalculatorKit-5.0-updated-accent-colors/FinancialCalculatorKit/Views/Components/NumbersOnlyViewModifier.swift /Users/rogerlin/XCode-Projects/FinancialCalculatorKit-5.0-updated-accent-colors/FinancialCalculatorKit/Views/Components/ResultDisplayView.swift /Users/rogerlin/XCode-Projects/FinancialCalculatorKit-5.0-updated-accent-colors/FinancialCalculatorKit/Views/Components/StatusIndicator.swift /Users/rogerlin/XCode-Projects/FinancialCalculatorKit-5.0-updated-accent-colors/FinancialCalculatorKit/Views/Components/ValidationSummaryView.swift /Users/rogerlin/XCode-Projects/FinancialCalculatorKit-5.0-updated-accent-colors/FinancialCalculatorKit/Views/FRED/FREDDataView.swift /Users/rogerlin/XCode-Projects/FinancialCalculatorKit-5.0-updated-accent-colors/FinancialCalculatorKit/Views/Reference/FormulaReferenceView.swift /Users/rogerlin/XCode-Projects/FinancialCalculatorKit-5.0-updated-accent-colors/FinancialCalculatorKit/Views/Reference/FormulaVariableView.swift /Users/rogerlin/XCode-Projects/FinancialCalculatorKit-5.0-updated-accent-colors/FinancialCalculatorKit/Views/Reference/FormulaVariantView.swift /Users/rogerlin/XCode-Projects/FinancialCalculatorKit-5.0-updated-accent-colors/FinancialCalculatorKit/ContentView.swift /Users/rogerlin/XCode-Projects/FinancialCalculatorKit-5.0-updated-accent-colors/FinancialCalculatorKit/FinancialCalculatorKitApp.swift /Users/rogerlin/XCode-Projects/FinancialCalculatorKit-5.0-updated-accent-colors/FinancialCalculatorKit/Item.swift /Users/rogerlin/Library/Developer/Xcode/DerivedData/FinancialCalculatorKit-ackorybalcxbfocbkqsfdzcfkgmn/Build/Intermediates.noindex/FinancialCalculatorKit.build/Debug/FinancialCalculatorKit.build/DerivedSources/GeneratedAssetSymbols.swift -target arm64-apple-macos14.0 -module-can-import-version AppKit 2685.20.119 2685.20.119 -module-can-import-version DeveloperToolsSupport 23.0.4 23.0.4 -module-can-import-version SwiftUI 7.1.13.1 7.1.13 -disable-cross-import-overlay-search -swift-module-cross-import SwiftData /Applications/Xcode.app/Contents/Developer/Platforms/MacOSX.platform/Developer/SDKs/MacOSX26.1.sdk/System/Library/Frameworks/SwiftData.framework/Modules/SwiftData.swiftcrossimport/CoreData.swiftoverlay -swift-module-cross-import SwiftData /Applications/Xcode.app/Contents/Developer/Platforms/MacOSX.platform/Developer/SDKs/MacOSX26.1.sdk/System/Library/Frameworks/SwiftData.framework/Modules/SwiftData.swiftcrossimport/SwiftUI.swiftoverlay -load-resolved-plugin \#/Users/rogerlin/Library/Developer/Xcode/DerivedData/FinancialCalculatorKit-ackorybalcxbfocbkqsfdzcfkgmn/Build/Products/Debug/CasePathsMacros\#CasePathsMacros -load-resolved-plugin /Applications/Xcode.app/Contents/Developer/Platforms/MacOSX.platform/Developer/usr/lib/swift/host/plugins/libFoundationMacros.dylib\#/Applications/Xcode.app/Contents/Developer/Platforms/MacOSX.platform/Developer/usr/bin/swift-plugin-server\#FoundationMacros -load-resolved-plugin /Applications/Xcode.app/Contents/Developer/Platforms/MacOSX.platform/Developer/usr/lib/swift/host/plugins/libObservationMacros.dylib\#/Applications/Xcode.app/Contents/Developer/Platforms/MacOSX.platform/Developer/usr/bin/swift-plugin-server\#ObservationMacros -load-resolved-plugin /Applications/Xcode.app/Contents/Developer/Platforms/MacOSX.platform/Developer/usr/lib/swift/host/plugins/libPreviewsMacros.dylib\#/Applications/Xcode.app/Contents/Developer/Platforms/MacOSX.platform/Developer/usr/bin/swift-plugin-server\#PreviewsMacros -load-resolved-plugin /Applications/Xcode.app/Contents/Developer/Platforms/MacOSX.platform/Developer/usr/lib/swift/host/plugins/libSwiftDataMacros.dylib\#/Applications/Xcode.app/Contents/Developer/Platforms/MacOSX.platform/Developer/usr/bin/swift-plugin-server\#SwiftDataMacros -load-resolved-plugin /Applications/Xcode.app/Contents/Developer/Platforms/MacOSX.platform/Developer/usr/lib/swift/host/plugins/libSwiftMacros.dylib\#/Applications/Xcode.app/Contents/Developer/Platforms/MacOSX.platform/Developer/usr/bin/swift-plugin-server\#SwiftMacros -load-resolved-plugin /Applications/Xcode.app/Contents/Developer/Platforms/MacOSX.platform/Developer/usr/lib/swift/host/plugins/libSwiftUIMacros.dylib\#/Applications/Xcode.app/Contents/Developer/Platforms/MacOSX.platform/Developer/usr/bin/swift-plugin-server\#SwiftUIMacros -disable-implicit-swift-modules -Xcc -fno-implicit-modules -Xcc -fno-implicit-module-maps -explicit-swift-module-map-file /Users/rogerlin/Library/Developer/Xcode/DerivedData/FinancialCalculatorKit-ackorybalcxbfocbkqsfdzcfkgmn/Build/Intermediates.noindex/FinancialCalculatorKit.build/Debug/FinancialCalculatorKit.build/Objects-normal/arm64/FinancialCalculatorKit-dependencies-1.json -Xllvm -aarch64-use-tbi -enable-objc-interop -stack-check -sdk /Applications/Xcode.app/Contents/Developer/Platforms/MacOSX.platform/Developer/SDKs/MacOSX26.1.sdk -I /Users/rogerlin/Library/Developer/Xcode/DerivedData/FinancialCalculatorKit-ackorybalcxbfocbkqsfdzcfkgmn/Build/Products/Debug -F /Users/rogerlin/Library/Developer/Xcode/DerivedData/FinancialCalculatorKit-ackorybalcxbfocbkqsfdzcfkgmn/Build/Products/Debug/PackageFrameworks -F /Users/rogerlin/Library/Developer/Xcode/DerivedData/FinancialCalculatorKit-ackorybalcxbfocbkqsfdzcfkgmn/Build/Products/Debug/PackageFrameworks -F /Users/rogerlin/Library/Developer/Xcode/DerivedData/FinancialCalculatorKit-ackorybalcxbfocbkqsfdzcfkgmn/Build/Products/Debug/PackageFrameworks -F /Users/rogerlin/Library/Developer/Xcode/DerivedData/FinancialCalculatorKit-ackorybalcxbfocbkqsfdzcfkgmn/Build/Products/Debug/PackageFrameworks -F /Users/rogerlin/Library/Developer/Xcode/DerivedData/FinancialCalculatorKit-ackorybalcxbfocbkqsfdzcfkgmn/Build/Products/Debug/PackageFrameworks -F /Users/rogerlin/Library/Developer/Xcode/DerivedData/FinancialCalculatorKit-ackorybalcxbfocbkqsfdzcfkgmn/Build/Products/Debug/PackageFrameworks -F /Users/rogerlin/Library/Developer/Xcode/DerivedData/FinancialCalculatorKit-ackorybalcxbfocbkqsfdzcfkgmn/Build/Products/Debug/PackageFrameworks -F /Users/rogerlin/Library/Developer/Xcode/DerivedData/FinancialCalculatorKit-ackorybalcxbfocbkqsfdzcfkgmn/Build/Products/Debug/PackageFrameworks -F /Users/rogerlin/Library/Developer/Xcode/DerivedData/FinancialCalculatorKit-ackorybalcxbfocbkqsfdzcfkgmn/Build/Products/Debug/PackageFrameworks -F /Users/rogerlin/Library/Developer/Xcode/DerivedData/FinancialCalculatorKit-ackorybalcxbfocbkqsfdzcfkgmn/Build/Products/Debug/PackageFrameworks -F /Users/rogerlin/Library/Developer/Xcode/DerivedData/FinancialCalculatorKit-ackorybalcxbfocbkqsfdzcfkgmn/Build/Products/Debug/PackageFrameworks -F /Users/rogerlin/Library/Developer/Xcode/DerivedData/FinancialCalculatorKit-ackorybalcxbfocbkqsfdzcfkgmn/Build/Products/Debug/PackageFrameworks -F /Users/rogerlin/Library/Developer/Xcode/DerivedData/FinancialCalculatorKit-ackorybalcxbfocbkqsfdzcfkgmn/Build/Products/Debug/PackageFrameworks -F /Users/rogerlin/Library/Developer/Xcode/DerivedData/FinancialCalculatorKit-ackorybalcxbfocbkqsfdzcfkgmn/Build/Products/Debug/PackageFrameworks -F /Users/rogerlin/Library/Developer/Xcode/DerivedData/FinancialCalculatorKit-ackorybalcxbfocbkqsfdzcfkgmn/Build/Products/Debug/PackageFrameworks -F /Users/rogerlin/Library/Developer/Xcode/DerivedData/FinancialCalculatorKit-ackorybalcxbfocbkqsfdzcfkgmn/Build/Products/Debug/PackageFrameworks -F /Users/rogerlin/Library/Developer/Xcode/DerivedData/FinancialCalculatorKit-ackorybalcxbfocbkqsfdzcfkgmn/Build/Products/Debug/PackageFrameworks -F /Users/rogerlin/Library/Developer/Xcode/DerivedData/FinancialCalculatorKit-ackorybalcxbfocbkqsfdzcfkgmn/Build/Products/Debug/PackageFrameworks -F /Users/rogerlin/Library/Developer/Xcode/DerivedData/FinancialCalculatorKit-ackorybalcxbfocbkqsfdzcfkgmn/Build/Products/Debug/PackageFrameworks -F /Users/rogerlin/Library/Developer/Xcode/DerivedData/FinancialCalculatorKit-ackorybalcxbfocbkqsfdzcfkgmn/Build/Products/Debug -no-color-diagnostics -Xcc -fno-color-diagnostics -enable-testing -g -debug-info-format\=dwarf -dwarf-version\=4 -module-cache-path /Users/rogerlin/Library/Developer/Xcode/DerivedData/FinancialCalculatorKit-ackorybalcxbfocbkqsfdzcfkgmn/Build/Intermediates.noindex/SwiftExplicitPrecompiledModules -profile-generate -profile-coverage-mapping -swift-version 5 -enforce-exclusivity\=checked -Onone -D DEBUG -serialize-debugging-options -load-plugin-executable /Users/rogerlin/Library/Developer/Xcode/DerivedData/FinancialCalculatorKit-ackorybalcxbfocbkqsfdzcfkgmn/Build/Products/Debug/CasePathsMacros\#CasePathsMacros -const-gather-protocols-file /Users/rogerlin/Library/Developer/Xcode/DerivedData/FinancialCalculatorKit-ackorybalcxbfocbkqsfdzcfkgmn/Build/Intermediates.noindex/FinancialCalculatorKit.build/Debug/FinancialCalculatorKit.build/Objects-normal/arm64/FinancialCalculatorKit_const_extract_protocols.json -enable-experimental-feature DebugDescriptionMacro -enable-bare-slash-regex -empty-abi-descriptor -validate-clang-modules-once -clang-build-session-file /Users/rogerlin/Library/Developer/Xcode/DerivedData/ModuleCache.noindex/Session.modulevalidation -Xcc -working-directory -Xcc /Users/rogerlin/XCode-Projects/FinancialCalculatorKit-5.0-updated-accent-colors -enable-anonymous-context-mangled-names -file-compilation-dir /Users/rogerlin/XCode-Projects/FinancialCalculatorKit-5.0-updated-accent-colors -Xcc -D_LIBCPP_HARDENING_MODE\=_LIBCPP_HARDENING_MODE_DEBUG -Xcc -ivfsstatcache -Xcc /Users/rogerlin/Library/Developer/Xcode/DerivedData/SDKStatCaches.noindex/macosx26.1-25B74-3ae1261907bdadc328169391a47051a6.sdkstatcache -Xcc -I/Users/rogerlin/Library/Developer/Xcode/DerivedData/FinancialCalculatorKit-ackorybalcxbfocbkqsfdzcfkgmn/Build/Intermediates.noindex/FinancialCalculatorKit.build/Debug/FinancialCalculatorKit.build/swift-overrides.hmap -Xcc -iquote -Xcc /Users/rogerlin/Library/Developer/Xcode/DerivedData/FinancialCalculatorKit-ackorybalcxbfocbkqsfdzcfkgmn/Build/Intermediates.noindex/FinancialCalculatorKit.build/Debug/FinancialCalculatorKit.build/FinancialCalculatorKit-generated-files.hmap -Xcc -I/Users/rogerlin/Library/Developer/Xcode/DerivedData/FinancialCalculatorKit-ackorybalcxbfocbkqsfdzcfkgmn/Build/Intermediates.noindex/FinancialCalculatorKit.build/Debug/FinancialCalculatorKit.build/FinancialCalculatorKit-own-target-headers.hmap -Xcc -I/Users/rogerlin/Library/Developer/Xcode/DerivedData/FinancialCalculatorKit-ackorybalcxbfocbkqsfdzcfkgmn/Build/Intermediates.noindex/FinancialCalculatorKit.build/Debug/FinancialCalculatorKit.build/FinancialCalculatorKit-all-non-framework-target-headers.hmap -Xcc -ivfsoverlay -Xcc /Users/rogerlin/Library/Developer/Xcode/DerivedData/FinancialCalculatorKit-ackorybalcxbfocbkqsfdzcfkgmn/Build/Intermediates.noindex/FinancialCalculatorKit.build/Debug/FinancialCalculatorKit-b796aaad08c4b307251b75ea7c01aae2-VFS/all-product-headers.yaml -Xcc -iquote -Xcc /Users/rogerlin/Library/Developer/Xcode/DerivedData/FinancialCalculatorKit-ackorybalcxbfocbkqsfdzcfkgmn/Build/Intermediates.noindex/FinancialCalculatorKit.build/Debug/FinancialCalculatorKit.build/FinancialCalculatorKit-project-headers.hmap -Xcc -I/Users/rogerlin/Library/Developer/Xcode/DerivedData/FinancialCalculatorKit-ackorybalcxbfocbkqsfdzcfkgmn/SourcePackages/checkouts/swift-numerics/Sources/_NumericsShims/include -Xcc -I/Users/rogerlin/Library/Developer/Xcode/DerivedData/FinancialCalculatorKit-ackorybalcxbfocbkqsfdzcfkgmn/Build/Products/Debug/include -Xcc -I/Users/rogerlin/Library/Developer/Xcode/DerivedData/FinancialCalculatorKit-ackorybalcxbfocbkqsfdzcfkgmn/Build/Intermediates.noindex/FinancialCalculatorKit.build/Debug/FinancialCalculatorKit.build/DerivedSources-normal/arm64 -Xcc -I/Users/rogerlin/Library/Developer/Xcode/DerivedData/FinancialCalculatorKit-ackorybalcxbfocbkqsfdzcfkgmn/Build/Intermediates.noindex/FinancialCalculatorKit.build/Debug/FinancialCalculatorKit.build/DerivedSources/arm64 -Xcc -I/Users/rogerlin/Library/Developer/Xcode/DerivedData/FinancialCalculatorKit-ackorybalcxbfocbkqsfdzcfkgmn/Build/Intermediates.noindex/FinancialCalculatorKit.build/Debug/FinancialCalculatorKit.build/DerivedSources -Xcc -DDEBUG\=1 -no-auto-bridging-header-chaining -module-name FinancialCalculatorKit -frontend-parseable-output -disable-clang-spi -target-sdk-version 26.1 -target-sdk-name macosx26.1 -clang-target arm64-apple-macos26.1 -in-process-plugin-server-path /Applications/Xcode.app/Contents/Developer/Toolchains/XcodeDefault.xctoolchain/usr/lib/swift/host/libSwiftInProcPluginServer.dylib -emit-module-doc-path /Users/rogerlin/Library/Developer/Xcode/DerivedData/FinancialCalculatorKit-ackorybalcxbfocbkqsfdzcfkgmn/Build/Intermediates.noindex/FinancialCalculatorKit.build/Debug/FinancialCalculatorKit.build/Objects-normal/arm64/FinancialCalculatorKit.swiftdoc -emit-module-source-info-path /Users/rogerlin/Library/Developer/Xcode/DerivedData/FinancialCalculatorKit-ackorybalcxbfocbkqsfdzcfkgmn/Build/Intermediates.noindex/FinancialCalculatorKit.build/Debug/FinancialCalculatorKit.build/Objects-normal/arm64/FinancialCalculatorKit.swiftsourceinfo -emit-objc-header-path /Users/rogerlin/Library/Developer/Xcode/DerivedData/FinancialCalculatorKit-ackorybalcxbfocbkqsfdzcfkgmn/Build/Intermediates.noindex/FinancialCalculatorKit.build/Debug/FinancialCalculatorKit.build/Objects-normal/arm64/FinancialCalculatorKit-Swift.h -serialize-diagnostics-path /Users/rogerlin/Library/Developer/Xcode/DerivedData/FinancialCalculatorKit-ackorybalcxbfocbkqsfdzcfkgmn/Build/Intermediates.noindex/FinancialCalculatorKit.build/Debug/FinancialCalculatorKit.build/Objects-normal/arm64/FinancialCalculatorKit-primary-emit-module.dia -emit-dependencies-path /Users/rogerlin/Library/Developer/Xcode/DerivedData/FinancialCalculatorKit-ackorybalcxbfocbkqsfdzcfkgmn/Build/Intermediates.noindex/FinancialCalculatorKit.build/Debug/FinancialCalculatorKit.build/Objects-normal/arm64/FinancialCalculatorKit-primary-emit-module.d -o /Users/rogerlin/Library/Developer/Xcode/DerivedData/FinancialCalculatorKit-ackorybalcxbfocbkqsfdzcfkgmn/Build/Intermediates.noindex/FinancialCalculatorKit.build/Debug/FinancialCalculatorKit.build/Objects-normal/arm64/FinancialCalculatorKit.swiftmodule -emit-abi-descriptor-path /Users/rogerlin/Library/Developer/Xcode/DerivedData/FinancialCalculatorKit-ackorybalcxbfocbkqsfdzcfkgmn/Build/Intermediates.noindex/FinancialCalculatorKit.build/Debug/FinancialCalculatorKit.build/Objects-normal/arm64/FinancialCalculatorKit.abi.json
SwiftCompile normal arm64 Compiling\ NumbersOnlyViewModifier.swift,\ ResultDisplayView.swift,\ StatusIndicator.swift,\ ValidationSummaryView.swift,\ FREDDataView.swift,\ FormulaReferenceView.swift /Users/rogerlin/XCode-Projects/FinancialCalculatorKit-5.0-updated-accent-colors/FinancialCalculatorKit/Views/Components/NumbersOnlyViewModifier.swift /Users/rogerlin/XCode-Projects/FinancialCalculatorKit-5.0-updated-accent-colors/FinancialCalculatorKit/Views/Components/ResultDisplayView.swift /Users/rogerlin/XCode-Projects/FinancialCalculatorKit-5.0-updated-accent-colors/FinancialCalculatorKit/Views/Components/StatusIndicator.swift /Users/rogerlin/XCode-Projects/FinancialCalculatorKit-5.0-updated-accent-colors/FinancialCalculatorKit/Views/Components/ValidationSummaryView.swift /Users/rogerlin/XCode-Projects/FinancialCalculatorKit-5.0-updated-accent-colors/FinancialCalculatorKit/Views/FRED/FREDDataView.swift /Users/rogerlin/XCode-Projects/FinancialCalculatorKit-5.0-updated-accent-colors/FinancialCalculatorKit/Views/Reference/FormulaReferenceView.swift (in target 'FinancialCalculatorKit' from project 'FinancialCalculatorKit')
SwiftCompile normal arm64 /Users/rogerlin/XCode-Projects/FinancialCalculatorKit-5.0-updated-accent-colors/FinancialCalculatorKit/Views/Components/NumbersOnlyViewModifier.swift (in target 'FinancialCalculatorKit' from project 'FinancialCalculatorKit')
    cd /Users/rogerlin/XCode-Projects/FinancialCalculatorKit-5.0-updated-accent-colors
    

SwiftCompile normal arm64 /Users/rogerlin/XCode-Projects/FinancialCalculatorKit-5.0-updated-accent-colors/FinancialCalculatorKit/Views/Components/ResultDisplayView.swift (in target 'FinancialCalculatorKit' from project 'FinancialCalculatorKit')
    cd /Users/rogerlin/XCode-Projects/FinancialCalculatorKit-5.0-updated-accent-colors
    

SwiftCompile normal arm64 /Users/rogerlin/XCode-Projects/FinancialCalculatorKit-5.0-updated-accent-colors/FinancialCalculatorKit/Views/Components/StatusIndicator.swift (in target 'FinancialCalculatorKit' from project 'FinancialCalculatorKit')
    cd /Users/rogerlin/XCode-Projects/FinancialCalculatorKit-5.0-updated-accent-colors
    

SwiftCompile normal arm64 /Users/rogerlin/XCode-Projects/FinancialCalculatorKit-5.0-updated-accent-colors/FinancialCalculatorKit/Views/Components/ValidationSummaryView.swift (in target 'FinancialCalculatorKit' from project 'FinancialCalculatorKit')
    cd /Users/rogerlin/XCode-Projects/FinancialCalculatorKit-5.0-updated-accent-colors
    

SwiftCompile normal arm64 /Users/rogerlin/XCode-Projects/FinancialCalculatorKit-5.0-updated-accent-colors/FinancialCalculatorKit/Views/FRED/FREDDataView.swift (in target 'FinancialCalculatorKit' from project 'FinancialCalculatorKit')
    cd /Users/rogerlin/XCode-Projects/FinancialCalculatorKit-5.0-updated-accent-colors
    

SwiftCompile normal arm64 /Users/rogerlin/XCode-Projects/FinancialCalculatorKit-5.0-updated-accent-colors/FinancialCalculatorKit/Views/Reference/FormulaReferenceView.swift (in target 'FinancialCalculatorKit' from project 'FinancialCalculatorKit')
    cd /Users/rogerlin/XCode-Projects/FinancialCalculatorKit-5.0-updated-accent-colors
    

/Applications/Xcode.app/Contents/Developer/Toolchains/XcodeDefault.xctoolchain/usr/bin/swift-frontend -frontend -c /Users/rogerlin/XCode-Projects/FinancialCalculatorKit-5.0-updated-accent-colors/FinancialCalculatorKit/Models/Bond/AdvancedBondModels.swift /Users/rogerlin/XCode-Projects/FinancialCalculatorKit-5.0-updated-accent-colors/FinancialCalculatorKit/Models/Bond/YieldCurveTypes.swift /Users/rogerlin/XCode-Projects/FinancialCalculatorKit-5.0-updated-accent-colors/FinancialCalculatorKit/Models/Calculation/BondCalculation.swift /Users/rogerlin/XCode-Projects/FinancialCalculatorKit-5.0-updated-accent-colors/FinancialCalculatorKit/Models/Calculation/CalculationMetadata.swift /Users/rogerlin/XCode-Projects/FinancialCalculatorKit-5.0-updated-accent-colors/FinancialCalculatorKit/Models/Calculation/DepreciationCalculation.swift /Users/rogerlin/XCode-Projects/FinancialCalculatorKit-5.0-updated-accent-colors/FinancialCalculatorKit/Models/Calculation/FinancialCalculation.swift /Users/rogerlin/XCode-Projects/FinancialCalculatorKit-5.0-updated-accent-colors/FinancialCalculatorKit/Models/Calculation/InvestmentCalculation.swift /Users/rogerlin/XCode-Projects/FinancialCalculatorKit-5.0-updated-accent-colors/FinancialCalculatorKit/Models/Calculation/LoanCalculation.swift /Users/rogerlin/XCode-Projects/FinancialCalculatorKit-5.0-updated-accent-colors/FinancialCalculatorKit/Models/Calculation/TimeValueCalculation.swift /Users/rogerlin/XCode-Projects/FinancialCalculatorKit-5.0-updated-accent-colors/FinancialCalculatorKit/Models/Enums/CalculationType.swift /Users/rogerlin/XCode-Projects/FinancialCalculatorKit-5.0-updated-accent-colors/FinancialCalculatorKit/Models/Enums/Currency.swift /Users/rogerlin/XCode-Projects/FinancialCalculatorKit-5.0-updated-accent-colors/FinancialCalculatorKit/Models/Enums/LoanType.swift /Users/rogerlin/XCode-Projects/FinancialCalculatorKit-5.0-updated-accent-colors/FinancialCalculatorKit/Models/Enums/PaymentFrequency.swift /Users/rogerlin/XCode-Projects/FinancialCalculatorKit-5.0-updated-accent-colors/FinancialCalculatorKit/Models/Enums/TimeValueVariable.swift /Users/rogerlin/XCode-Projects/FinancialCalculatorKit-5.0-updated-accent-colors/FinancialCalculatorKit/Models/Formula/FormulaReference.swift /Users/rogerlin/XCode-Projects/FinancialCalculatorKit-5.0-updated-accent-colors/FinancialCalculatorKit/Models/FRED/FREDModels.swift /Users/rogerlin/XCode-Projects/FinancialCalculatorKit-5.0-updated-accent-colors/FinancialCalculatorKit/Models/Options/AdvancedOptionsModels.swift /Users/rogerlin/XCode-Projects/FinancialCalculatorKit-5.0-updated-accent-colors/FinancialCalculatorKit/Models/ScientificCalculator/EquationDocument.swift /Users/rogerlin/XCode-Projects/FinancialCalculatorKit-5.0-updated-accent-colors/FinancialCalculatorKit/Models/ScientificCalculator/VariableStore.swift /Users/rogerlin/XCode-Projects/FinancialCalculatorKit-5.0-updated-accent-colors/FinancialCalculatorKit/Protocols/FinancialComputable.swift /Users/rogerlin/XCode-Projects/FinancialCalculatorKit-5.0-updated-accent-colors/FinancialCalculatorKit/Services/Bond/AdvancedBondPricingEngine.swift /Users/rogerlin/XCode-Projects/FinancialCalculatorKit-5.0-updated-accent-colors/FinancialCalculatorKit/Services/Options/AdvancedOptionsPricingEngine.swift /Users/rogerlin/XCode-Projects/FinancialCalculatorKit-5.0-updated-accent-colors/FinancialCalculatorKit/Services/AdvancedExpressionParser.swift /Users/rogerlin/XCode-Projects/FinancialCalculatorKit-5.0-updated-accent-colors/FinancialCalculatorKit/Services/AdvancedIRRCalculator.swift /Users/rogerlin/XCode-Projects/FinancialCalculatorKit-5.0-updated-accent-colors/FinancialCalculatorKit/Services/AdvancedMathFunctions.swift /Users/rogerlin/XCode-Projects/FinancialCalculatorKit-5.0-updated-accent-colors/FinancialCalculatorKit/Services/CalculationEngine.swift /Users/rogerlin/XCode-Projects/FinancialCalculatorKit-5.0-updated-accent-colors/FinancialCalculatorKit/Services/CSVHelper.swift /Users/rogerlin/XCode-Projects/FinancialCalculatorKit-5.0-updated-accent-colors/FinancialCalculatorKit/Services/CurrencyConversionService.swift /Users/rogerlin/XCode-Projects/FinancialCalculatorKit-5.0-updated-accent-colors/FinancialCalculatorKit/Services/ExchangeRateService.swift /Users/rogerlin/XCode-Projects/FinancialCalculatorKit-5.0-updated-accent-colors/FinancialCalculatorKit/Services/FinancialCalculator.swift /Users/rogerlin/XCode-Projects/FinancialCalculatorKit-5.0-updated-accent-colors/FinancialCalculatorKit/Services/FinancialValidation.swift /Users/rogerlin/XCode-Projects/FinancialCalculatorKit-5.0-updated-accent-colors/FinancialCalculatorKit/Services/FormulaAutoComplete.swift /Users/rogerlin/XCode-Projects/FinancialCalculatorKit-5.0-updated-accent-colors/FinancialCalculatorKit/Services/FREDService.swift /Users/rogerlin/XCode-Projects/FinancialCalculatorKit-5.0-updated-accent-colors/FinancialCalculatorKit/Services/HighPrecisionMath.swift /Users/rogerlin/XCode-Projects/FinancialCalculatorKit-5.0-updated-accent-colors/FinancialCalculatorKit/Services/HighPrecisionTestSuite.swift /Users/rogerlin/XCode-Projects/FinancialCalculatorKit-5.0-updated-accent-colors/FinancialCalculatorKit/Services/HighPrecisionValidation.swift /Users/rogerlin/XCode-Projects/FinancialCalculatorKit-5.0-updated-accent-colors/FinancialCalculatorKit/Services/TickerHistoryService.swift /Users/rogerlin/XCode-Projects/FinancialCalculatorKit-5.0-updated-accent-colors/FinancialCalculatorKit/Services/ValidationExtensions.swift /Users/rogerlin/XCode-Projects/FinancialCalculatorKit-5.0-updated-accent-colors/FinancialCalculatorKit/Services/ValidationService.swift /Users/rogerlin/XCode-Projects/FinancialCalculatorKit-5.0-updated-accent-colors/FinancialCalculatorKit/Services/ValidationTestSuite.swift /Users/rogerlin/XCode-Projects/FinancialCalculatorKit-5.0-updated-accent-colors/FinancialCalculatorKit/Utilities/Extensions/Date+Financial.swift /Users/rogerlin/XCode-Projects/FinancialCalculatorKit-5.0-updated-accent-colors/FinancialCalculatorKit/Utilities/Extensions/Double+Financial.swift /Users/rogerlin/XCode-Projects/FinancialCalculatorKit-5.0-updated-accent-colors/FinancialCalculatorKit/Utilities/CashFlowsTransformer.swift /Users/rogerlin/XCode-Projects/FinancialCalculatorKit-5.0-updated-accent-colors/FinancialCalculatorKit/Utilities/Formatters.swift /Users/rogerlin/XCode-Projects/FinancialCalculatorKit-5.0-updated-accent-colors/FinancialCalculatorKit/ViewHelpers/FormulaViewHelper.swift /Users/rogerlin/XCode-Projects/FinancialCalculatorKit-5.0-updated-accent-colors/FinancialCalculatorKit/ViewModels/MainViewModel.swift /Users/rogerlin/XCode-Projects/FinancialCalculatorKit-5.0-updated-accent-colors/FinancialCalculatorKit/Views/Calculator/AdvancedBondCalculatorView.swift /Users/rogerlin/XCode-Projects/FinancialCalculatorKit-5.0-updated-accent-colors/FinancialCalculatorKit/Views/Calculator/AmortizationView.swift /Users/rogerlin/XCode-Projects/FinancialCalculatorKit-5.0-updated-accent-colors/FinancialCalculatorKit/Views/Calculator/BondCalculatorView.swift /Users/rogerlin/XCode-Projects/FinancialCalculatorKit-5.0-updated-accent-colors/FinancialCalculatorKit/Views/Calculator/CompactCalculatorView.swift /Users/rogerlin/XCode-Projects/FinancialCalculatorKit-5.0-updated-accent-colors/FinancialCalculatorKit/Views/Calculator/CurrencyConverterView.swift /Users/rogerlin/XCode-Projects/FinancialCalculatorKit-5.0-updated-accent-colors/FinancialCalculatorKit/Views/Calculator/CustomScientificKeyboard.swift /Users/rogerlin/XCode-Projects/FinancialCalculatorKit-5.0-updated-accent-colors/FinancialCalculatorKit/Views/Calculator/DepreciationCalculatorView.swift /Users/rogerlin/XCode-Projects/FinancialCalculatorKit-5.0-updated-accent-colors/FinancialCalculatorKit/Views/Calculator/DocumentListView.swift /Users/rogerlin/XCode-Projects/FinancialCalculatorKit-5.0-updated-accent-colors/FinancialCalculatorKit/Views/Calculator/EquityValuationView.swift /Users/rogerlin/XCode-Projects/FinancialCalculatorKit-5.0-updated-accent-colors/FinancialCalculatorKit/Views/Calculator/FixedIncomeAnalyticsView.swift /Users/rogerlin/XCode-Projects/FinancialCalculatorKit-5.0-updated-accent-colors/FinancialCalculatorKit/Views/Calculator/FormulaLibraryView.swift /Users/rogerlin/XCode-Projects/FinancialCalculatorKit-5.0-updated-accent-colors/FinancialCalculatorKit/Views/Calculator/ForwardsCalculatorView.swift /Users/rogerlin/XCode-Projects/FinancialCalculatorKit-5.0-updated-accent-colors/FinancialCalculatorKit/Views/Calculator/FuturesCalculatorView.swift /Users/rogerlin/XCode-Projects/FinancialCalculatorKit-5.0-updated-accent-colors/FinancialCalculatorKit/Views/Calculator/FutureValueView.swift /Users/rogerlin/XCode-Projects/FinancialCalculatorKit-5.0-updated-accent-colors/FinancialCalculatorKit/Views/Calculator/HighPrecisionCalculatorView.swift /Users/rogerlin/XCode-Projects/FinancialCalculatorKit-5.0-updated-accent-colors/FinancialCalculatorKit/Views/Calculator/InvestmentCalculatorView.swift /Users/rogerlin/XCode-Projects/FinancialCalculatorKit-5.0-updated-accent-colors/FinancialCalculatorKit/Views/Calculator/LoanCalculatorView.swift /Users/rogerlin/XCode-Projects/FinancialCalculatorKit-5.0-updated-accent-colors/FinancialCalculatorKit/Views/Calculator/LoanResultView.swift /Users/rogerlin/XCode-Projects/FinancialCalculatorKit-5.0-updated-accent-colors/FinancialCalculatorKit/Views/Calculator/MathExpressionCalculatorView.swift /Users/rogerlin/XCode-Projects/FinancialCalculatorKit-5.0-updated-accent-colors/FinancialCalculatorKit/Views/Calculator/OptionsCalculatorView.swift /Users/rogerlin/XCode-Projects/FinancialCalculatorKit-5.0-updated-accent-colors/FinancialCalculatorKit/Views/Calculator/OptionsStrategiesView.swift /Users/rogerlin/XCode-Projects/FinancialCalculatorKit-5.0-updated-accent-colors/FinancialCalculatorKit/Views/Calculator/PlaceholderViews.swift /Users/rogerlin/XCode-Projects/FinancialCalculatorKit-5.0-updated-accent-colors/FinancialCalculatorKit/Views/Calculator/PortfolioOptimizationView.swift /Users/rogerlin/XCode-Projects/FinancialCalculatorKit-5.0-updated-accent-colors/FinancialCalculatorKit/Views/Calculator/PrecisionDemoView.swift /Users/rogerlin/XCode-Projects/FinancialCalculatorKit-5.0-updated-accent-colors/FinancialCalculatorKit/Views/Calculator/RiskManagementView.swift /Users/rogerlin/XCode-Projects/FinancialCalculatorKit-5.0-updated-accent-colors/FinancialCalculatorKit/Views/Calculator/ScientificCalculatorView.swift /Users/rogerlin/XCode-Projects/FinancialCalculatorKit-5.0-updated-accent-colors/FinancialCalculatorKit/Views/Calculator/SwapsCalculatorView.swift /Users/rogerlin/XCode-Projects/FinancialCalculatorKit-5.0-updated-accent-colors/FinancialCalculatorKit/Views/Calculator/TemplateViews.swift /Users/rogerlin/XCode-Projects/FinancialCalculatorKit-5.0-updated-accent-colors/FinancialCalculatorKit/Views/Calculator/TickerHistoryView.swift /Users/rogerlin/XCode-Projects/FinancialCalculatorKit-5.0-updated-accent-colors/FinancialCalculatorKit/Views/Calculator/TimeValueCalculatorView.swift /Users/rogerlin/XCode-Projects/FinancialCalculatorKit-5.0-updated-accent-colors/FinancialCalculatorKit/Views/Calculator/TimeValueResultView.swift /Users/rogerlin/XCode-Projects/FinancialCalculatorKit-5.0-updated-accent-colors/FinancialCalculatorKit/Views/Calculator/UnitConverterView.swift /Users/rogerlin/XCode-Projects/FinancialCalculatorKit-5.0-updated-accent-colors/FinancialCalculatorKit/Views/Calculator/VariableManagementView.swift /Users/rogerlin/XCode-Projects/FinancialCalculatorKit-5.0-updated-accent-colors/FinancialCalculatorKit/Views/Charts/FinancialChartView.swift /Users/rogerlin/XCode-Projects/FinancialCalculatorKit-5.0-updated-accent-colors/FinancialCalculatorKit/Views/Charts/InteractiveFinancialCharts.swift /Users/rogerlin/XCode-Projects/FinancialCalculatorKit-5.0-updated-accent-colors/FinancialCalculatorKit/Views/Components/DetailRow.swift /Users/rogerlin/XCode-Projects/FinancialCalculatorKit-5.0-updated-accent-colors/FinancialCalculatorKit/Views/Components/DynamicInputSection.swift /Users/rogerlin/XCode-Projects/FinancialCalculatorKit-5.0-updated-accent-colors/FinancialCalculatorKit/Views/Components/EnhancedInputFields.swift /Users/rogerlin/XCode-Projects/FinancialCalculatorKit-5.0-updated-accent-colors/FinancialCalculatorKit/Views/Components/FinancialStyles.swift /Users/rogerlin/XCode-Projects/FinancialCalculatorKit-5.0-updated-accent-colors/FinancialCalculatorKit/Views/Components/InputFieldView.swift /Users/rogerlin/XCode-Projects/FinancialCalculatorKit-5.0-updated-accent-colors/FinancialCalculatorKit/Views/Components/InteractiveDataTables.swift /Users/rogerlin/XCode-Projects/FinancialCalculatorKit-5.0-updated-accent-colors/FinancialCalculatorKit/Views/Components/LoadingResultView.swift -primary-file /Users/rogerlin/XCode-Projects/FinancialCalculatorKit-5.0-updated-accent-colors/FinancialCalculatorKit/Views/Components/NumbersOnlyViewModifier.swift -primary-file /Users/rogerlin/XCode-Projects/FinancialCalculatorKit-5.0-updated-accent-colors/FinancialCalculatorKit/Views/Components/ResultDisplayView.swift -primary-file /Users/rogerlin/XCode-Projects/FinancialCalculatorKit-5.0-updated-accent-colors/FinancialCalculatorKit/Views/Components/StatusIndicator.swift -primary-file /Users/rogerlin/XCode-Projects/FinancialCalculatorKit-5.0-updated-accent-colors/FinancialCalculatorKit/Views/Components/ValidationSummaryView.swift -primary-file /Users/rogerlin/XCode-Projects/FinancialCalculatorKit-5.0-updated-accent-colors/FinancialCalculatorKit/Views/FRED/FREDDataView.swift -primary-file /Users/rogerlin/XCode-Projects/FinancialCalculatorKit-5.0-updated-accent-colors/FinancialCalculatorKit/Views/Reference/FormulaReferenceView.swift /Users/rogerlin/XCode-Projects/FinancialCalculatorKit-5.0-updated-accent-colors/FinancialCalculatorKit/Views/Reference/FormulaVariableView.swift /Users/rogerlin/XCode-Projects/FinancialCalculatorKit-5.0-updated-accent-colors/FinancialCalculatorKit/Views/Reference/FormulaVariantView.swift /Users/rogerlin/XCode-Projects/FinancialCalculatorKit-5.0-updated-accent-colors/FinancialCalculatorKit/ContentView.swift /Users/rogerlin/XCode-Projects/FinancialCalculatorKit-5.0-updated-accent-colors/FinancialCalculatorKit/FinancialCalculatorKitApp.swift /Users/rogerlin/XCode-Projects/FinancialCalculatorKit-5.0-updated-accent-colors/FinancialCalculatorKit/Item.swift /Users/rogerlin/Library/Developer/Xcode/DerivedData/FinancialCalculatorKit-ackorybalcxbfocbkqsfdzcfkgmn/Build/Intermediates.noindex/FinancialCalculatorKit.build/Debug/FinancialCalculatorKit.build/DerivedSources/GeneratedAssetSymbols.swift -supplementary-output-file-map /Users/rogerlin/Library/Developer/Xcode/DerivedData/FinancialCalculatorKit-ackorybalcxbfocbkqsfdzcfkgmn/Build/Intermediates.noindex/FinancialCalculatorKit.build/Debug/FinancialCalculatorKit.build/Objects-normal/arm64/supplementaryOutputs-65 -emit-localized-strings -emit-localized-strings-path /Users/rogerlin/Library/Developer/Xcode/DerivedData/FinancialCalculatorKit-ackorybalcxbfocbkqsfdzcfkgmn/Build/Intermediates.noindex/FinancialCalculatorKit.build/Debug/FinancialCalculatorKit.build/Objects-normal/arm64 -target arm64-apple-macos14.0 -module-can-import-version AppKit 2685.20.119 2685.20.119 -module-can-import-version DeveloperToolsSupport 23.0.4 23.0.4 -module-can-import-version SwiftUI 7.1.13.1 7.1.13 -disable-cross-import-overlay-search -swift-module-cross-import SwiftData /Applications/Xcode.app/Contents/Developer/Platforms/MacOSX.platform/Developer/SDKs/MacOSX26.1.sdk/System/Library/Frameworks/SwiftData.framework/Modules/SwiftData.swiftcrossimport/CoreData.swiftoverlay -swift-module-cross-import SwiftData /Applications/Xcode.app/Contents/Developer/Platforms/MacOSX.platform/Developer/SDKs/MacOSX26.1.sdk/System/Library/Frameworks/SwiftData.framework/Modules/SwiftData.swiftcrossimport/SwiftUI.swiftoverlay -load-resolved-plugin \#/Users/rogerlin/Library/Developer/Xcode/DerivedData/FinancialCalculatorKit-ackorybalcxbfocbkqsfdzcfkgmn/Build/Products/Debug/CasePathsMacros\#CasePathsMacros -load-resolved-plugin /Applications/Xcode.app/Contents/Developer/Platforms/MacOSX.platform/Developer/usr/lib/swift/host/plugins/libFoundationMacros.dylib\#/Applications/Xcode.app/Contents/Developer/Platforms/MacOSX.platform/Developer/usr/bin/swift-plugin-server\#FoundationMacros -load-resolved-plugin /Applications/Xcode.app/Contents/Developer/Platforms/MacOSX.platform/Developer/usr/lib/swift/host/plugins/libObservationMacros.dylib\#/Applications/Xcode.app/Contents/Developer/Platforms/MacOSX.platform/Developer/usr/bin/swift-plugin-server\#ObservationMacros -load-resolved-plugin /Applications/Xcode.app/Contents/Developer/Platforms/MacOSX.platform/Developer/usr/lib/swift/host/plugins/libPreviewsMacros.dylib\#/Applications/Xcode.app/Contents/Developer/Platforms/MacOSX.platform/Developer/usr/bin/swift-plugin-server\#PreviewsMacros -load-resolved-plugin /Applications/Xcode.app/Contents/Developer/Platforms/MacOSX.platform/Developer/usr/lib/swift/host/plugins/libSwiftDataMacros.dylib\#/Applications/Xcode.app/Contents/Developer/Platforms/MacOSX.platform/Developer/usr/bin/swift-plugin-server\#SwiftDataMacros -load-resolved-plugin /Applications/Xcode.app/Contents/Developer/Platforms/MacOSX.platform/Developer/usr/lib/swift/host/plugins/libSwiftMacros.dylib\#/Applications/Xcode.app/Contents/Developer/Platforms/MacOSX.platform/Developer/usr/bin/swift-plugin-server\#SwiftMacros -load-resolved-plugin /Applications/Xcode.app/Contents/Developer/Platforms/MacOSX.platform/Developer/usr/lib/swift/host/plugins/libSwiftUIMacros.dylib\#/Applications/Xcode.app/Contents/Developer/Platforms/MacOSX.platform/Developer/usr/bin/swift-plugin-server\#SwiftUIMacros -disable-implicit-swift-modules -Xcc -fno-implicit-modules -Xcc -fno-implicit-module-maps -explicit-swift-module-map-file /Users/rogerlin/Library/Developer/Xcode/DerivedData/FinancialCalculatorKit-ackorybalcxbfocbkqsfdzcfkgmn/Build/Intermediates.noindex/FinancialCalculatorKit.build/Debug/FinancialCalculatorKit.build/Objects-normal/arm64/FinancialCalculatorKit-dependencies-1.json -Xllvm -aarch64-use-tbi -enable-objc-interop -stack-check -sdk /Applications/Xcode.app/Contents/Developer/Platforms/MacOSX.platform/Developer/SDKs/MacOSX26.1.sdk -I /Users/rogerlin/Library/Developer/Xcode/DerivedData/FinancialCalculatorKit-ackorybalcxbfocbkqsfdzcfkgmn/Build/Products/Debug -F /Users/rogerlin/Library/Developer/Xcode/DerivedData/FinancialCalculatorKit-ackorybalcxbfocbkqsfdzcfkgmn/Build/Products/Debug/PackageFrameworks -F /Users/rogerlin/Library/Developer/Xcode/DerivedData/FinancialCalculatorKit-ackorybalcxbfocbkqsfdzcfkgmn/Build/Products/Debug/PackageFrameworks -F /Users/rogerlin/Library/Developer/Xcode/DerivedData/FinancialCalculatorKit-ackorybalcxbfocbkqsfdzcfkgmn/Build/Products/Debug/PackageFrameworks -F /Users/rogerlin/Library/Developer/Xcode/DerivedData/FinancialCalculatorKit-ackorybalcxbfocbkqsfdzcfkgmn/Build/Products/Debug/PackageFrameworks -F /Users/rogerlin/Library/Developer/Xcode/DerivedData/FinancialCalculatorKit-ackorybalcxbfocbkqsfdzcfkgmn/Build/Products/Debug/PackageFrameworks -F /Users/rogerlin/Library/Developer/Xcode/DerivedData/FinancialCalculatorKit-ackorybalcxbfocbkqsfdzcfkgmn/Build/Products/Debug/PackageFrameworks -F /Users/rogerlin/Library/Developer/Xcode/DerivedData/FinancialCalculatorKit-ackorybalcxbfocbkqsfdzcfkgmn/Build/Products/Debug/PackageFrameworks -F /Users/rogerlin/Library/Developer/Xcode/DerivedData/FinancialCalculatorKit-ackorybalcxbfocbkqsfdzcfkgmn/Build/Products/Debug/PackageFrameworks -F /Users/rogerlin/Library/Developer/Xcode/DerivedData/FinancialCalculatorKit-ackorybalcxbfocbkqsfdzcfkgmn/Build/Products/Debug/PackageFrameworks -F /Users/rogerlin/Library/Developer/Xcode/DerivedData/FinancialCalculatorKit-ackorybalcxbfocbkqsfdzcfkgmn/Build/Products/Debug/PackageFrameworks -F /Users/rogerlin/Library/Developer/Xcode/DerivedData/FinancialCalculatorKit-ackorybalcxbfocbkqsfdzcfkgmn/Build/Products/Debug/PackageFrameworks -F /Users/rogerlin/Library/Developer/Xcode/DerivedData/FinancialCalculatorKit-ackorybalcxbfocbkqsfdzcfkgmn/Build/Products/Debug/PackageFrameworks -F /Users/rogerlin/Library/Developer/Xcode/DerivedData/FinancialCalculatorKit-ackorybalcxbfocbkqsfdzcfkgmn/Build/Products/Debug/PackageFrameworks -F /Users/rogerlin/Library/Developer/Xcode/DerivedData/FinancialCalculatorKit-ackorybalcxbfocbkqsfdzcfkgmn/Build/Products/Debug/PackageFrameworks -F /Users/rogerlin/Library/Developer/Xcode/DerivedData/FinancialCalculatorKit-ackorybalcxbfocbkqsfdzcfkgmn/Build/Products/Debug/PackageFrameworks -F /Users/rogerlin/Library/Developer/Xcode/DerivedData/FinancialCalculatorKit-ackorybalcxbfocbkqsfdzcfkgmn/Build/Products/Debug/PackageFrameworks -F /Users/rogerlin/Library/Developer/Xcode/DerivedData/FinancialCalculatorKit-ackorybalcxbfocbkqsfdzcfkgmn/Build/Products/Debug/PackageFrameworks -F /Users/rogerlin/Library/Developer/Xcode/DerivedData/FinancialCalculatorKit-ackorybalcxbfocbkqsfdzcfkgmn/Build/Products/Debug/PackageFrameworks -F /Users/rogerlin/Library/Developer/Xcode/DerivedData/FinancialCalculatorKit-ackorybalcxbfocbkqsfdzcfkgmn/Build/Products/Debug/PackageFrameworks -F /Users/rogerlin/Library/Developer/Xcode/DerivedData/FinancialCalculatorKit-ackorybalcxbfocbkqsfdzcfkgmn/Build/Products/Debug -no-color-diagnostics -Xcc -fno-color-diagnostics -enable-testing -g -debug-info-format\=dwarf -dwarf-version\=4 -module-cache-path /Users/rogerlin/Library/Developer/Xcode/DerivedData/FinancialCalculatorKit-ackorybalcxbfocbkqsfdzcfkgmn/Build/Intermediates.noindex/SwiftExplicitPrecompiledModules -profile-generate -profile-coverage-mapping -swift-version 5 -enforce-exclusivity\=checked -Onone -D DEBUG -serialize-debugging-options -load-plugin-executable /Users/rogerlin/Library/Developer/Xcode/DerivedData/FinancialCalculatorKit-ackorybalcxbfocbkqsfdzcfkgmn/Build/Products/Debug/CasePathsMacros\#CasePathsMacros -const-gather-protocols-file /Users/rogerlin/Library/Developer/Xcode/DerivedData/FinancialCalculatorKit-ackorybalcxbfocbkqsfdzcfkgmn/Build/Intermediates.noindex/FinancialCalculatorKit.build/Debug/FinancialCalculatorKit.build/Objects-normal/arm64/FinancialCalculatorKit_const_extract_protocols.json -enable-experimental-feature DebugDescriptionMacro -enable-bare-slash-regex -empty-abi-descriptor -validate-clang-modules-once -clang-build-session-file /Users/rogerlin/Library/Developer/Xcode/DerivedData/ModuleCache.noindex/Session.modulevalidation -Xcc -working-directory -Xcc /Users/rogerlin/XCode-Projects/FinancialCalculatorKit-5.0-updated-accent-colors -enable-anonymous-context-mangled-names -file-compilation-dir /Users/rogerlin/XCode-Projects/FinancialCalculatorKit-5.0-updated-accent-colors -Xcc -D_LIBCPP_HARDENING_MODE\=_LIBCPP_HARDENING_MODE_DEBUG -Xcc -ivfsstatcache -Xcc /Users/rogerlin/Library/Developer/Xcode/DerivedData/SDKStatCaches.noindex/macosx26.1-25B74-3ae1261907bdadc328169391a47051a6.sdkstatcache -Xcc -I/Users/rogerlin/Library/Developer/Xcode/DerivedData/FinancialCalculatorKit-ackorybalcxbfocbkqsfdzcfkgmn/Build/Intermediates.noindex/FinancialCalculatorKit.build/Debug/FinancialCalculatorKit.build/swift-overrides.hmap -Xcc -iquote -Xcc /Users/rogerlin/Library/Developer/Xcode/DerivedData/FinancialCalculatorKit-ackorybalcxbfocbkqsfdzcfkgmn/Build/Intermediates.noindex/FinancialCalculatorKit.build/Debug/FinancialCalculatorKit.build/FinancialCalculatorKit-generated-files.hmap -Xcc -I/Users/rogerlin/Library/Developer/Xcode/DerivedData/FinancialCalculatorKit-ackorybalcxbfocbkqsfdzcfkgmn/Build/Intermediates.noindex/FinancialCalculatorKit.build/Debug/FinancialCalculatorKit.build/FinancialCalculatorKit-own-target-headers.hmap -Xcc -I/Users/rogerlin/Library/Developer/Xcode/DerivedData/FinancialCalculatorKit-ackorybalcxbfocbkqsfdzcfkgmn/Build/Intermediates.noindex/FinancialCalculatorKit.build/Debug/FinancialCalculatorKit.build/FinancialCalculatorKit-all-non-framework-target-headers.hmap -Xcc -ivfsoverlay -Xcc /Users/rogerlin/Library/Developer/Xcode/DerivedData/FinancialCalculatorKit-ackorybalcxbfocbkqsfdzcfkgmn/Build/Intermediates.noindex/FinancialCalculatorKit.build/Debug/FinancialCalculatorKit-b796aaad08c4b307251b75ea7c01aae2-VFS/all-product-headers.yaml -Xcc -iquote -Xcc /Users/rogerlin/Library/Developer/Xcode/DerivedData/FinancialCalculatorKit-ackorybalcxbfocbkqsfdzcfkgmn/Build/Intermediates.noindex/FinancialCalculatorKit.build/Debug/FinancialCalculatorKit.build/FinancialCalculatorKit-project-headers.hmap -Xcc -I/Users/rogerlin/Library/Developer/Xcode/DerivedData/FinancialCalculatorKit-ackorybalcxbfocbkqsfdzcfkgmn/SourcePackages/checkouts/swift-numerics/Sources/_NumericsShims/include -Xcc -I/Users/rogerlin/Library/Developer/Xcode/DerivedData/FinancialCalculatorKit-ackorybalcxbfocbkqsfdzcfkgmn/Build/Products/Debug/include -Xcc -I/Users/rogerlin/Library/Developer/Xcode/DerivedData/FinancialCalculatorKit-ackorybalcxbfocbkqsfdzcfkgmn/Build/Intermediates.noindex/FinancialCalculatorKit.build/Debug/FinancialCalculatorKit.build/DerivedSources-normal/arm64 -Xcc -I/Users/rogerlin/Library/Developer/Xcode/DerivedData/FinancialCalculatorKit-ackorybalcxbfocbkqsfdzcfkgmn/Build/Intermediates.noindex/FinancialCalculatorKit.build/Debug/FinancialCalculatorKit.build/DerivedSources/arm64 -Xcc -I/Users/rogerlin/Library/Developer/Xcode/DerivedData/FinancialCalculatorKit-ackorybalcxbfocbkqsfdzcfkgmn/Build/Intermediates.noindex/FinancialCalculatorKit.build/Debug/FinancialCalculatorKit.build/DerivedSources -Xcc -DDEBUG\=1 -no-auto-bridging-header-chaining -module-name FinancialCalculatorKit -frontend-parseable-output -disable-clang-spi -target-sdk-version 26.1 -target-sdk-name macosx26.1 -clang-target arm64-apple-macos26.1 -in-process-plugin-server-path /Applications/Xcode.app/Contents/Developer/Toolchains/XcodeDefault.xctoolchain/usr/lib/swift/host/libSwiftInProcPluginServer.dylib -o /Users/rogerlin/Library/Developer/Xcode/DerivedData/FinancialCalculatorKit-ackorybalcxbfocbkqsfdzcfkgmn/Build/Intermediates.noindex/FinancialCalculatorKit.build/Debug/FinancialCalculatorKit.build/Objects-normal/arm64/NumbersOnlyViewModifier.o -o /Users/rogerlin/Library/Developer/Xcode/DerivedData/FinancialCalculatorKit-ackorybalcxbfocbkqsfdzcfkgmn/Build/Intermediates.noindex/FinancialCalculatorKit.build/Debug/FinancialCalculatorKit.build/Objects-normal/arm64/ResultDisplayView.o -o /Users/rogerlin/Library/Developer/Xcode/DerivedData/FinancialCalculatorKit-ackorybalcxbfocbkqsfdzcfkgmn/Build/Intermediates.noindex/FinancialCalculatorKit.build/Debug/FinancialCalculatorKit.build/Objects-normal/arm64/StatusIndicator.o -o /Users/rogerlin/Library/Developer/Xcode/DerivedData/FinancialCalculatorKit-ackorybalcxbfocbkqsfdzcfkgmn/Build/Intermediates.noindex/FinancialCalculatorKit.build/Debug/FinancialCalculatorKit.build/Objects-normal/arm64/ValidationSummaryView.o -o /Users/rogerlin/Library/Developer/Xcode/DerivedData/FinancialCalculatorKit-ackorybalcxbfocbkqsfdzcfkgmn/Build/Intermediates.noindex/FinancialCalculatorKit.build/Debug/FinancialCalculatorKit.build/Objects-normal/arm64/FREDDataView.o -o /Users/rogerlin/Library/Developer/Xcode/DerivedData/FinancialCalculatorKit-ackorybalcxbfocbkqsfdzcfkgmn/Build/Intermediates.noindex/FinancialCalculatorKit.build/Debug/FinancialCalculatorKit.build/Objects-normal/arm64/FormulaReferenceView.o -index-unit-output-path /FinancialCalculatorKit.build/Debug/FinancialCalculatorKit.build/Objects-normal/arm64/NumbersOnlyViewModifier.o -index-unit-output-path /FinancialCalculatorKit.build/Debug/FinancialCalculatorKit.build/Objects-normal/arm64/ResultDisplayView.o -index-unit-output-path /FinancialCalculatorKit.build/Debug/FinancialCalculatorKit.build/Objects-normal/arm64/StatusIndicator.o -index-unit-output-path /FinancialCalculatorKit.build/Debug/FinancialCalculatorKit.build/Objects-normal/arm64/ValidationSummaryView.o -index-unit-output-path /FinancialCalculatorKit.build/Debug/FinancialCalculatorKit.build/Objects-normal/arm64/FREDDataView.o -index-unit-output-path /FinancialCalculatorKit.build/Debug/FinancialCalculatorKit.build/Objects-normal/arm64/FormulaReferenceView.o -index-store-path /Users/rogerlin/Library/Developer/Xcode/DerivedData/FinancialCalculatorKit-ackorybalcxbfocbkqsfdzcfkgmn/Index.noindex/DataStore -index-system-modules
SwiftCompile normal arm64 Compiling\ DynamicInputSection.swift,\ EnhancedInputFields.swift,\ FinancialStyles.swift,\ InputFieldView.swift,\ InteractiveDataTables.swift,\ LoadingResultView.swift /Users/rogerlin/XCode-Projects/FinancialCalculatorKit-5.0-updated-accent-colors/FinancialCalculatorKit/Views/Components/DynamicInputSection.swift /Users/rogerlin/XCode-Projects/FinancialCalculatorKit-5.0-updated-accent-colors/FinancialCalculatorKit/Views/Components/EnhancedInputFields.swift /Users/rogerlin/XCode-Projects/FinancialCalculatorKit-5.0-updated-accent-colors/FinancialCalculatorKit/Views/Components/FinancialStyles.swift /Users/rogerlin/XCode-Projects/FinancialCalculatorKit-5.0-updated-accent-colors/FinancialCalculatorKit/Views/Components/InputFieldView.swift /Users/rogerlin/XCode-Projects/FinancialCalculatorKit-5.0-updated-accent-colors/FinancialCalculatorKit/Views/Components/InteractiveDataTables.swift /Users/rogerlin/XCode-Projects/FinancialCalculatorKit-5.0-updated-accent-colors/FinancialCalculatorKit/Views/Components/LoadingResultView.swift (in target 'FinancialCalculatorKit' from project 'FinancialCalculatorKit')
/Applications/Xcode.app/Contents/Developer/Toolchains/XcodeDefault.xctoolchain/usr/bin/swift-frontend -frontend -c /Users/rogerlin/XCode-Projects/FinancialCalculatorKit-5.0-updated-accent-colors/FinancialCalculatorKit/Models/Bond/AdvancedBondModels.swift /Users/rogerlin/XCode-Projects/FinancialCalculatorKit-5.0-updated-accent-colors/FinancialCalculatorKit/Models/Bond/YieldCurveTypes.swift /Users/rogerlin/XCode-Projects/FinancialCalculatorKit-5.0-updated-accent-colors/FinancialCalculatorKit/Models/Calculation/BondCalculation.swift /Users/rogerlin/XCode-Projects/FinancialCalculatorKit-5.0-updated-accent-colors/FinancialCalculatorKit/Models/Calculation/CalculationMetadata.swift /Users/rogerlin/XCode-Projects/FinancialCalculatorKit-5.0-updated-accent-colors/FinancialCalculatorKit/Models/Calculation/DepreciationCalculation.swift /Users/rogerlin/XCode-Projects/FinancialCalculatorKit-5.0-updated-accent-colors/FinancialCalculatorKit/Models/Calculation/FinancialCalculation.swift /Users/rogerlin/XCode-Projects/FinancialCalculatorKit-5.0-updated-accent-colors/FinancialCalculatorKit/Models/Calculation/InvestmentCalculation.swift /Users/rogerlin/XCode-Projects/FinancialCalculatorKit-5.0-updated-accent-colors/FinancialCalculatorKit/Models/Calculation/LoanCalculation.swift /Users/rogerlin/XCode-Projects/FinancialCalculatorKit-5.0-updated-accent-colors/FinancialCalculatorKit/Models/Calculation/TimeValueCalculation.swift /Users/rogerlin/XCode-Projects/FinancialCalculatorKit-5.0-updated-accent-colors/FinancialCalculatorKit/Models/Enums/CalculationType.swift /Users/rogerlin/XCode-Projects/FinancialCalculatorKit-5.0-updated-accent-colors/FinancialCalculatorKit/Models/Enums/Currency.swift /Users/rogerlin/XCode-Projects/FinancialCalculatorKit-5.0-updated-accent-colors/FinancialCalculatorKit/Models/Enums/LoanType.swift /Users/rogerlin/XCode-Projects/FinancialCalculatorKit-5.0-updated-accent-colors/FinancialCalculatorKit/Models/Enums/PaymentFrequency.swift /Users/rogerlin/XCode-Projects/FinancialCalculatorKit-5.0-updated-accent-colors/FinancialCalculatorKit/Models/Enums/TimeValueVariable.swift /Users/rogerlin/XCode-Projects/FinancialCalculatorKit-5.0-updated-accent-colors/FinancialCalculatorKit/Models/Formula/FormulaReference.swift /Users/rogerlin/XCode-Projects/FinancialCalculatorKit-5.0-updated-accent-colors/FinancialCalculatorKit/Models/FRED/FREDModels.swift /Users/rogerlin/XCode-Projects/FinancialCalculatorKit-5.0-updated-accent-colors/FinancialCalculatorKit/Models/Options/AdvancedOptionsModels.swift /Users/rogerlin/XCode-Projects/FinancialCalculatorKit-5.0-updated-accent-colors/FinancialCalculatorKit/Models/ScientificCalculator/EquationDocument.swift /Users/rogerlin/XCode-Projects/FinancialCalculatorKit-5.0-updated-accent-colors/FinancialCalculatorKit/Models/ScientificCalculator/VariableStore.swift /Users/rogerlin/XCode-Projects/FinancialCalculatorKit-5.0-updated-accent-colors/FinancialCalculatorKit/Protocols/FinancialComputable.swift /Users/rogerlin/XCode-Projects/FinancialCalculatorKit-5.0-updated-accent-colors/FinancialCalculatorKit/Services/Bond/AdvancedBondPricingEngine.swift /Users/rogerlin/XCode-Projects/FinancialCalculatorKit-5.0-updated-accent-colors/FinancialCalculatorKit/Services/Options/AdvancedOptionsPricingEngine.swift /Users/rogerlin/XCode-Projects/FinancialCalculatorKit-5.0-updated-accent-colors/FinancialCalculatorKit/Services/AdvancedExpressionParser.swift /Users/rogerlin/XCode-Projects/FinancialCalculatorKit-5.0-updated-accent-colors/FinancialCalculatorKit/Services/AdvancedIRRCalculator.swift /Users/rogerlin/XCode-Projects/FinancialCalculatorKit-5.0-updated-accent-colors/FinancialCalculatorKit/Services/AdvancedMathFunctions.swift /Users/rogerlin/XCode-Projects/FinancialCalculatorKit-5.0-updated-accent-colors/FinancialCalculatorKit/Services/CalculationEngine.swift /Users/rogerlin/XCode-Projects/FinancialCalculatorKit-5.0-updated-accent-colors/FinancialCalculatorKit/Services/CSVHelper.swift /Users/rogerlin/XCode-Projects/FinancialCalculatorKit-5.0-updated-accent-colors/FinancialCalculatorKit/Services/CurrencyConversionService.swift /Users/rogerlin/XCode-Projects/FinancialCalculatorKit-5.0-updated-accent-colors/FinancialCalculatorKit/Services/ExchangeRateService.swift /Users/rogerlin/XCode-Projects/FinancialCalculatorKit-5.0-updated-accent-colors/FinancialCalculatorKit/Services/FinancialCalculator.swift /Users/rogerlin/XCode-Projects/FinancialCalculatorKit-5.0-updated-accent-colors/FinancialCalculatorKit/Services/FinancialValidation.swift /Users/rogerlin/XCode-Projects/FinancialCalculatorKit-5.0-updated-accent-colors/FinancialCalculatorKit/Services/FormulaAutoComplete.swift /Users/rogerlin/XCode-Projects/FinancialCalculatorKit-5.0-updated-accent-colors/FinancialCalculatorKit/Services/FREDService.swift /Users/rogerlin/XCode-Projects/FinancialCalculatorKit-5.0-updated-accent-colors/FinancialCalculatorKit/Services/HighPrecisionMath.swift /Users/rogerlin/XCode-Projects/FinancialCalculatorKit-5.0-updated-accent-colors/FinancialCalculatorKit/Services/HighPrecisionTestSuite.swift /Users/rogerlin/XCode-Projects/FinancialCalculatorKit-5.0-updated-accent-colors/FinancialCalculatorKit/Services/HighPrecisionValidation.swift /Users/rogerlin/XCode-Projects/FinancialCalculatorKit-5.0-updated-accent-colors/FinancialCalculatorKit/Services/TickerHistoryService.swift /Users/rogerlin/XCode-Projects/FinancialCalculatorKit-5.0-updated-accent-colors/FinancialCalculatorKit/Services/ValidationExtensions.swift /Users/rogerlin/XCode-Projects/FinancialCalculatorKit-5.0-updated-accent-colors/FinancialCalculatorKit/Services/ValidationService.swift /Users/rogerlin/XCode-Projects/FinancialCalculatorKit-5.0-updated-accent-colors/FinancialCalculatorKit/Services/ValidationTestSuite.swift /Users/rogerlin/XCode-Projects/FinancialCalculatorKit-5.0-updated-accent-colors/FinancialCalculatorKit/Utilities/Extensions/Date+Financial.swift /Users/rogerlin/XCode-Projects/FinancialCalculatorKit-5.0-updated-accent-colors/FinancialCalculatorKit/Utilities/Extensions/Double+Financial.swift /Users/rogerlin/XCode-Projects/FinancialCalculatorKit-5.0-updated-accent-colors/FinancialCalculatorKit/Utilities/CashFlowsTransformer.swift /Users/rogerlin/XCode-Projects/FinancialCalculatorKit-5.0-updated-accent-colors/FinancialCalculatorKit/Utilities/Formatters.swift /Users/rogerlin/XCode-Projects/FinancialCalculatorKit-5.0-updated-accent-colors/FinancialCalculatorKit/ViewHelpers/FormulaViewHelper.swift /Users/rogerlin/XCode-Projects/FinancialCalculatorKit-5.0-updated-accent-colors/FinancialCalculatorKit/ViewModels/MainViewModel.swift /Users/rogerlin/XCode-Projects/FinancialCalculatorKit-5.0-updated-accent-colors/FinancialCalculatorKit/Views/Calculator/AdvancedBondCalculatorView.swift /Users/rogerlin/XCode-Projects/FinancialCalculatorKit-5.0-updated-accent-colors/FinancialCalculatorKit/Views/Calculator/AmortizationView.swift /Users/rogerlin/XCode-Projects/FinancialCalculatorKit-5.0-updated-accent-colors/FinancialCalculatorKit/Views/Calculator/BondCalculatorView.swift /Users/rogerlin/XCode-Projects/FinancialCalculatorKit-5.0-updated-accent-colors/FinancialCalculatorKit/Views/Calculator/CompactCalculatorView.swift /Users/rogerlin/XCode-Projects/FinancialCalculatorKit-5.0-updated-accent-colors/FinancialCalculatorKit/Views/Calculator/CurrencyConverterView.swift /Users/rogerlin/XCode-Projects/FinancialCalculatorKit-5.0-updated-accent-colors/FinancialCalculatorKit/Views/Calculator/CustomScientificKeyboard.swift /Users/rogerlin/XCode-Projects/FinancialCalculatorKit-5.0-updated-accent-colors/FinancialCalculatorKit/Views/Calculator/DepreciationCalculatorView.swift /Users/rogerlin/XCode-Projects/FinancialCalculatorKit-5.0-updated-accent-colors/FinancialCalculatorKit/Views/Calculator/DocumentListView.swift /Users/rogerlin/XCode-Projects/FinancialCalculatorKit-5.0-updated-accent-colors/FinancialCalculatorKit/Views/Calculator/EquityValuationView.swift /Users/rogerlin/XCode-Projects/FinancialCalculatorKit-5.0-updated-accent-colors/FinancialCalculatorKit/Views/Calculator/FixedIncomeAnalyticsView.swift /Users/rogerlin/XCode-Projects/FinancialCalculatorKit-5.0-updated-accent-colors/FinancialCalculatorKit/Views/Calculator/FormulaLibraryView.swift /Users/rogerlin/XCode-Projects/FinancialCalculatorKit-5.0-updated-accent-colors/FinancialCalculatorKit/Views/Calculator/ForwardsCalculatorView.swift /Users/rogerlin/XCode-Projects/FinancialCalculatorKit-5.0-updated-accent-colors/FinancialCalculatorKit/Views/Calculator/FuturesCalculatorView.swift /Users/rogerlin/XCode-Projects/FinancialCalculatorKit-5.0-updated-accent-colors/FinancialCalculatorKit/Views/Calculator/FutureValueView.swift /Users/rogerlin/XCode-Projects/FinancialCalculatorKit-5.0-updated-accent-colors/FinancialCalculatorKit/Views/Calculator/HighPrecisionCalculatorView.swift /Users/rogerlin/XCode-Projects/FinancialCalculatorKit-5.0-updated-accent-colors/FinancialCalculatorKit/Views/Calculator/InvestmentCalculatorView.swift /Users/rogerlin/XCode-Projects/FinancialCalculatorKit-5.0-updated-accent-colors/FinancialCalculatorKit/Views/Calculator/LoanCalculatorView.swift /Users/rogerlin/XCode-Projects/FinancialCalculatorKit-5.0-updated-accent-colors/FinancialCalculatorKit/Views/Calculator/LoanResultView.swift /Users/rogerlin/XCode-Projects/FinancialCalculatorKit-5.0-updated-accent-colors/FinancialCalculatorKit/Views/Calculator/MathExpressionCalculatorView.swift /Users/rogerlin/XCode-Projects/FinancialCalculatorKit-5.0-updated-accent-colors/FinancialCalculatorKit/Views/Calculator/OptionsCalculatorView.swift /Users/rogerlin/XCode-Projects/FinancialCalculatorKit-5.0-updated-accent-colors/FinancialCalculatorKit/Views/Calculator/OptionsStrategiesView.swift /Users/rogerlin/XCode-Projects/FinancialCalculatorKit-5.0-updated-accent-colors/FinancialCalculatorKit/Views/Calculator/PlaceholderViews.swift /Users/rogerlin/XCode-Projects/FinancialCalculatorKit-5.0-updated-accent-colors/FinancialCalculatorKit/Views/Calculator/PortfolioOptimizationView.swift /Users/rogerlin/XCode-Projects/FinancialCalculatorKit-5.0-updated-accent-colors/FinancialCalculatorKit/Views/Calculator/PrecisionDemoView.swift /Users/rogerlin/XCode-Projects/FinancialCalculatorKit-5.0-updated-accent-colors/FinancialCalculatorKit/Views/Calculator/RiskManagementView.swift /Users/rogerlin/XCode-Projects/FinancialCalculatorKit-5.0-updated-accent-colors/FinancialCalculatorKit/Views/Calculator/ScientificCalculatorView.swift /Users/rogerlin/XCode-Projects/FinancialCalculatorKit-5.0-updated-accent-colors/FinancialCalculatorKit/Views/Calculator/SwapsCalculatorView.swift /Users/rogerlin/XCode-Projects/FinancialCalculatorKit-5.0-updated-accent-colors/FinancialCalculatorKit/Views/Calculator/TemplateViews.swift /Users/rogerlin/XCode-Projects/FinancialCalculatorKit-5.0-updated-accent-colors/FinancialCalculatorKit/Views/Calculator/TickerHistoryView.swift /Users/rogerlin/XCode-Projects/FinancialCalculatorKit-5.0-updated-accent-colors/FinancialCalculatorKit/Views/Calculator/TimeValueCalculatorView.swift /Users/rogerlin/XCode-Projects/FinancialCalculatorKit-5.0-updated-accent-colors/FinancialCalculatorKit/Views/Calculator/TimeValueResultView.swift /Users/rogerlin/XCode-Projects/FinancialCalculatorKit-5.0-updated-accent-colors/FinancialCalculatorKit/Views/Calculator/UnitConverterView.swift /Users/rogerlin/XCode-Projects/FinancialCalculatorKit-5.0-updated-accent-colors/FinancialCalculatorKit/Views/Calculator/VariableManagementView.swift /Users/rogerlin/XCode-Projects/FinancialCalculatorKit-5.0-updated-accent-colors/FinancialCalculatorKit/Views/Charts/FinancialChartView.swift /Users/rogerlin/XCode-Projects/FinancialCalculatorKit-5.0-updated-accent-colors/FinancialCalculatorKit/Views/Charts/InteractiveFinancialCharts.swift /Users/rogerlin/XCode-Projects/FinancialCalculatorKit-5.0-updated-accent-colors/FinancialCalculatorKit/Views/Components/DetailRow.swift -primary-file /Users/rogerlin/XCode-Projects/FinancialCalculatorKit-5.0-updated-accent-colors/FinancialCalculatorKit/Views/Components/DynamicInputSection.swift -primary-file /Users/rogerlin/XCode-Projects/FinancialCalculatorKit-5.0-updated-accent-colors/FinancialCalculatorKit/Views/Components/EnhancedInputFields.swift -primary-file /Users/rogerlin/XCode-Projects/FinancialCalculatorKit-5.0-updated-accent-colors/FinancialCalculatorKit/Views/Components/FinancialStyles.swift -primary-file /Users/rogerlin/XCode-Projects/FinancialCalculatorKit-5.0-updated-accent-colors/FinancialCalculatorKit/Views/Components/InputFieldView.swift -primary-file /Users/rogerlin/XCode-Projects/FinancialCalculatorKit-5.0-updated-accent-colors/FinancialCalculatorKit/Views/Components/InteractiveDataTables.swift -primary-file /Users/rogerlin/XCode-Projects/FinancialCalculatorKit-5.0-updated-accent-colors/FinancialCalculatorKit/Views/Components/LoadingResultView.swift /Users/rogerlin/XCode-Projects/FinancialCalculatorKit-5.0-updated-accent-colors/FinancialCalculatorKit/Views/Components/NumbersOnlyViewModifier.swift /Users/rogerlin/XCode-Projects/FinancialCalculatorKit-5.0-updated-accent-colors/FinancialCalculatorKit/Views/Components/ResultDisplayView.swift /Users/rogerlin/XCode-Projects/FinancialCalculatorKit-5.0-updated-accent-colors/FinancialCalculatorKit/Views/Components/StatusIndicator.swift /Users/rogerlin/XCode-Projects/FinancialCalculatorKit-5.0-updated-accent-colors/FinancialCalculatorKit/Views/Components/ValidationSummaryView.swift /Users/rogerlin/XCode-Projects/FinancialCalculatorKit-5.0-updated-accent-colors/FinancialCalculatorKit/Views/FRED/FREDDataView.swift /Users/rogerlin/XCode-Projects/FinancialCalculatorKit-5.0-updated-accent-colors/FinancialCalculatorKit/Views/Reference/FormulaReferenceView.swift /Users/rogerlin/XCode-Projects/FinancialCalculatorKit-5.0-updated-accent-colors/FinancialCalculatorKit/Views/Reference/FormulaVariableView.swift /Users/rogerlin/XCode-Projects/FinancialCalculatorKit-5.0-updated-accent-colors/FinancialCalculatorKit/Views/Reference/FormulaVariantView.swift /Users/rogerlin/XCode-Projects/FinancialCalculatorKit-5.0-updated-accent-colors/FinancialCalculatorKit/ContentView.swift /Users/rogerlin/XCode-Projects/FinancialCalculatorKit-5.0-updated-accent-colors/FinancialCalculatorKit/FinancialCalculatorKitApp.swift /Users/rogerlin/XCode-Projects/FinancialCalculatorKit-5.0-updated-accent-colors/FinancialCalculatorKit/Item.swift /Users/rogerlin/Library/Developer/Xcode/DerivedData/FinancialCalculatorKit-ackorybalcxbfocbkqsfdzcfkgmn/Build/Intermediates.noindex/FinancialCalculatorKit.build/Debug/FinancialCalculatorKit.build/DerivedSources/GeneratedAssetSymbols.swift -supplementary-output-file-map /Users/rogerlin/Library/Developer/Xcode/DerivedData/FinancialCalculatorKit-ackorybalcxbfocbkqsfdzcfkgmn/Build/Intermediates.noindex/FinancialCalculatorKit.build/Debug/FinancialCalculatorKit.build/Objects-normal/arm64/supplementaryOutputs-64 -emit-localized-strings -emit-localized-strings-path /Users/rogerlin/Library/Developer/Xcode/DerivedData/FinancialCalculatorKit-ackorybalcxbfocbkqsfdzcfkgmn/Build/Intermediates.noindex/FinancialCalculatorKit.build/Debug/FinancialCalculatorKit.build/Objects-normal/arm64 -target arm64-apple-macos14.0 -module-can-import-version AppKit 2685.20.119 2685.20.119 -module-can-import-version DeveloperToolsSupport 23.0.4 23.0.4 -module-can-import-version SwiftUI 7.1.13.1 7.1.13 -disable-cross-import-overlay-search -swift-module-cross-import SwiftData /Applications/Xcode.app/Contents/Developer/Platforms/MacOSX.platform/Developer/SDKs/MacOSX26.1.sdk/System/Library/Frameworks/SwiftData.framework/Modules/SwiftData.swiftcrossimport/CoreData.swiftoverlay -swift-module-cross-import SwiftData /Applications/Xcode.app/Contents/Developer/Platforms/MacOSX.platform/Developer/SDKs/MacOSX26.1.sdk/System/Library/Frameworks/SwiftData.framework/Modules/SwiftData.swiftcrossimport/SwiftUI.swiftoverlay -load-resolved-plugin \#/Users/rogerlin/Library/Developer/Xcode/DerivedData/FinancialCalculatorKit-ackorybalcxbfocbkqsfdzcfkgmn/Build/Products/Debug/CasePathsMacros\#CasePathsMacros -load-resolved-plugin /Applications/Xcode.app/Contents/Developer/Platforms/MacOSX.platform/Developer/usr/lib/swift/host/plugins/libFoundationMacros.dylib\#/Applications/Xcode.app/Contents/Developer/Platforms/MacOSX.platform/Developer/usr/bin/swift-plugin-server\#FoundationMacros -load-resolved-plugin /Applications/Xcode.app/Contents/Developer/Platforms/MacOSX.platform/Developer/usr/lib/swift/host/plugins/libObservationMacros.dylib\#/Applications/Xcode.app/Contents/Developer/Platforms/MacOSX.platform/Developer/usr/bin/swift-plugin-server\#ObservationMacros -load-resolved-plugin /Applications/Xcode.app/Contents/Developer/Platforms/MacOSX.platform/Developer/usr/lib/swift/host/plugins/libPreviewsMacros.dylib\#/Applications/Xcode.app/Contents/Developer/Platforms/MacOSX.platform/Developer/usr/bin/swift-plugin-server\#PreviewsMacros -load-resolved-plugin /Applications/Xcode.app/Contents/Developer/Platforms/MacOSX.platform/Developer/usr/lib/swift/host/plugins/libSwiftDataMacros.dylib\#/Applications/Xcode.app/Contents/Developer/Platforms/MacOSX.platform/Developer/usr/bin/swift-plugin-server\#SwiftDataMacros -load-resolved-plugin /Applications/Xcode.app/Contents/Developer/Platforms/MacOSX.platform/Developer/usr/lib/swift/host/plugins/libSwiftMacros.dylib\#/Applications/Xcode.app/Contents/Developer/Platforms/MacOSX.platform/Developer/usr/bin/swift-plugin-server\#SwiftMacros -load-resolved-plugin /Applications/Xcode.app/Contents/Developer/Platforms/MacOSX.platform/Developer/usr/lib/swift/host/plugins/libSwiftUIMacros.dylib\#/Applications/Xcode.app/Contents/Developer/Platforms/MacOSX.platform/Developer/usr/bin/swift-plugin-server\#SwiftUIMacros -disable-implicit-swift-modules -Xcc -fno-implicit-modules -Xcc -fno-implicit-module-maps -explicit-swift-module-map-file /Users/rogerlin/Library/Developer/Xcode/DerivedData/FinancialCalculatorKit-ackorybalcxbfocbkqsfdzcfkgmn/Build/Intermediates.noindex/FinancialCalculatorKit.build/Debug/FinancialCalculatorKit.build/Objects-normal/arm64/FinancialCalculatorKit-dependencies-1.json -Xllvm -aarch64-use-tbi -enable-objc-interop -stack-check -sdk /Applications/Xcode.app/Contents/Developer/Platforms/MacOSX.platform/Developer/SDKs/MacOSX26.1.sdk -I /Users/rogerlin/Library/Developer/Xcode/DerivedData/FinancialCalculatorKit-ackorybalcxbfocbkqsfdzcfkgmn/Build/Products/Debug -F /Users/rogerlin/Library/Developer/Xcode/DerivedData/FinancialCalculatorKit-ackorybalcxbfocbkqsfdzcfkgmn/Build/Products/Debug/PackageFrameworks -F /Users/rogerlin/Library/Developer/Xcode/DerivedData/FinancialCalculatorKit-ackorybalcxbfocbkqsfdzcfkgmn/Build/Products/Debug/PackageFrameworks -F /Users/rogerlin/Library/Developer/Xcode/DerivedData/FinancialCalculatorKit-ackorybalcxbfocbkqsfdzcfkgmn/Build/Products/Debug/PackageFrameworks -F /Users/rogerlin/Library/Developer/Xcode/DerivedData/FinancialCalculatorKit-ackorybalcxbfocbkqsfdzcfkgmn/Build/Products/Debug/PackageFrameworks -F /Users/rogerlin/Library/Developer/Xcode/DerivedData/FinancialCalculatorKit-ackorybalcxbfocbkqsfdzcfkgmn/Build/Products/Debug/PackageFrameworks -F /Users/rogerlin/Library/Developer/Xcode/DerivedData/FinancialCalculatorKit-ackorybalcxbfocbkqsfdzcfkgmn/Build/Products/Debug/PackageFrameworks -F /Users/rogerlin/Library/Developer/Xcode/DerivedData/FinancialCalculatorKit-ackorybalcxbfocbkqsfdzcfkgmn/Build/Products/Debug/PackageFrameworks -F /Users/rogerlin/Library/Developer/Xcode/DerivedData/FinancialCalculatorKit-ackorybalcxbfocbkqsfdzcfkgmn/Build/Products/Debug/PackageFrameworks -F /Users/rogerlin/Library/Developer/Xcode/DerivedData/FinancialCalculatorKit-ackorybalcxbfocbkqsfdzcfkgmn/Build/Products/Debug/PackageFrameworks -F /Users/rogerlin/Library/Developer/Xcode/DerivedData/FinancialCalculatorKit-ackorybalcxbfocbkqsfdzcfkgmn/Build/Products/Debug/PackageFrameworks -F /Users/rogerlin/Library/Developer/Xcode/DerivedData/FinancialCalculatorKit-ackorybalcxbfocbkqsfdzcfkgmn/Build/Products/Debug/PackageFrameworks -F /Users/rogerlin/Library/Developer/Xcode/DerivedData/FinancialCalculatorKit-ackorybalcxbfocbkqsfdzcfkgmn/Build/Products/Debug/PackageFrameworks -F /Users/rogerlin/Library/Developer/Xcode/DerivedData/FinancialCalculatorKit-ackorybalcxbfocbkqsfdzcfkgmn/Build/Products/Debug/PackageFrameworks -F /Users/rogerlin/Library/Developer/Xcode/DerivedData/FinancialCalculatorKit-ackorybalcxbfocbkqsfdzcfkgmn/Build/Products/Debug/PackageFrameworks -F /Users/rogerlin/Library/Developer/Xcode/DerivedData/FinancialCalculatorKit-ackorybalcxbfocbkqsfdzcfkgmn/Build/Products/Debug/PackageFrameworks -F /Users/rogerlin/Library/Developer/Xcode/DerivedData/FinancialCalculatorKit-ackorybalcxbfocbkqsfdzcfkgmn/Build/Products/Debug/PackageFrameworks -F /Users/rogerlin/Library/Developer/Xcode/DerivedData/FinancialCalculatorKit-ackorybalcxbfocbkqsfdzcfkgmn/Build/Products/Debug/PackageFrameworks -F /Users/rogerlin/Library/Developer/Xcode/DerivedData/FinancialCalculatorKit-ackorybalcxbfocbkqsfdzcfkgmn/Build/Products/Debug/PackageFrameworks -F /Users/rogerlin/Library/Developer/Xcode/DerivedData/FinancialCalculatorKit-ackorybalcxbfocbkqsfdzcfkgmn/Build/Products/Debug/PackageFrameworks -F /Users/rogerlin/Library/Developer/Xcode/DerivedData/FinancialCalculatorKit-ackorybalcxbfocbkqsfdzcfkgmn/Build/Products/Debug -no-color-diagnostics -Xcc -fno-color-diagnostics -enable-testing -g -debug-info-format\=dwarf -dwarf-version\=4 -module-cache-path /Users/rogerlin/Library/Developer/Xcode/DerivedData/FinancialCalculatorKit-ackorybalcxbfocbkqsfdzcfkgmn/Build/Intermediates.noindex/SwiftExplicitPrecompiledModules -profile-generate -profile-coverage-mapping -swift-version 5 -enforce-exclusivity\=checked -Onone -D DEBUG -serialize-debugging-options -load-plugin-executable /Users/rogerlin/Library/Developer/Xcode/DerivedData/FinancialCalculatorKit-ackorybalcxbfocbkqsfdzcfkgmn/Build/Products/Debug/CasePathsMacros\#CasePathsMacros -const-gather-protocols-file /Users/rogerlin/Library/Developer/Xcode/DerivedData/FinancialCalculatorKit-ackorybalcxbfocbkqsfdzcfkgmn/Build/Intermediates.noindex/FinancialCalculatorKit.build/Debug/FinancialCalculatorKit.build/Objects-normal/arm64/FinancialCalculatorKit_const_extract_protocols.json -enable-experimental-feature DebugDescriptionMacro -enable-bare-slash-regex -empty-abi-descriptor -validate-clang-modules-once -clang-build-session-file /Users/rogerlin/Library/Developer/Xcode/DerivedData/ModuleCache.noindex/Session.modulevalidation -Xcc -working-directory -Xcc /Users/rogerlin/XCode-Projects/FinancialCalculatorKit-5.0-updated-accent-colors -enable-anonymous-context-mangled-names -file-compilation-dir /Users/rogerlin/XCode-Projects/FinancialCalculatorKit-5.0-updated-accent-colors -Xcc -D_LIBCPP_HARDENING_MODE\=_LIBCPP_HARDENING_MODE_DEBUG -Xcc -ivfsstatcache -Xcc /Users/rogerlin/Library/Developer/Xcode/DerivedData/SDKStatCaches.noindex/macosx26.1-25B74-3ae1261907bdadc328169391a47051a6.sdkstatcache -Xcc -I/Users/rogerlin/Library/Developer/Xcode/DerivedData/FinancialCalculatorKit-ackorybalcxbfocbkqsfdzcfkgmn/Build/Intermediates.noindex/FinancialCalculatorKit.build/Debug/FinancialCalculatorKit.build/swift-overrides.hmap -Xcc -iquote -Xcc /Users/rogerlin/Library/Developer/Xcode/DerivedData/FinancialCalculatorKit-ackorybalcxbfocbkqsfdzcfkgmn/Build/Intermediates.noindex/FinancialCalculatorKit.build/Debug/FinancialCalculatorKit.build/FinancialCalculatorKit-generated-files.hmap -Xcc -I/Users/rogerlin/Library/Developer/Xcode/DerivedData/FinancialCalculatorKit-ackorybalcxbfocbkqsfdzcfkgmn/Build/Intermediates.noindex/FinancialCalculatorKit.build/Debug/FinancialCalculatorKit.build/FinancialCalculatorKit-own-target-headers.hmap -Xcc -I/Users/rogerlin/Library/Developer/Xcode/DerivedData/FinancialCalculatorKit-ackorybalcxbfocbkqsfdzcfkgmn/Build/Intermediates.noindex/FinancialCalculatorKit.build/Debug/FinancialCalculatorKit.build/FinancialCalculatorKit-all-non-framework-target-headers.hmap -Xcc -ivfsoverlay -Xcc /Users/rogerlin/Library/Developer/Xcode/DerivedData/FinancialCalculatorKit-ackorybalcxbfocbkqsfdzcfkgmn/Build/Intermediates.noindex/FinancialCalculatorKit.build/Debug/FinancialCalculatorKit-b796aaad08c4b307251b75ea7c01aae2-VFS/all-product-headers.yaml -Xcc -iquote -Xcc /Users/rogerlin/Library/Developer/Xcode/DerivedData/FinancialCalculatorKit-ackorybalcxbfocbkqsfdzcfkgmn/Build/Intermediates.noindex/FinancialCalculatorKit.build/Debug/FinancialCalculatorKit.build/FinancialCalculatorKit-project-headers.hmap -Xcc -I/Users/rogerlin/Library/Developer/Xcode/DerivedData/FinancialCalculatorKit-ackorybalcxbfocbkqsfdzcfkgmn/SourcePackages/checkouts/swift-numerics/Sources/_NumericsShims/include -Xcc -I/Users/rogerlin/Library/Developer/Xcode/DerivedData/FinancialCalculatorKit-ackorybalcxbfocbkqsfdzcfkgmn/Build/Products/Debug/include -Xcc -I/Users/rogerlin/Library/Developer/Xcode/DerivedData/FinancialCalculatorKit-ackorybalcxbfocbkqsfdzcfkgmn/Build/Intermediates.noindex/FinancialCalculatorKit.build/Debug/FinancialCalculatorKit.build/DerivedSources-normal/arm64 -Xcc -I/Users/rogerlin/Library/Developer/Xcode/DerivedData/FinancialCalculatorKit-ackorybalcxbfocbkqsfdzcfkgmn/Build/Intermediates.noindex/FinancialCalculatorKit.build/Debug/FinancialCalculatorKit.build/DerivedSources/arm64 -Xcc -I/Users/rogerlin/Library/Developer/Xcode/DerivedData/FinancialCalculatorKit-ackorybalcxbfocbkqsfdzcfkgmn/Build/Intermediates.noindex/FinancialCalculatorKit.build/Debug/FinancialCalculatorKit.build/DerivedSources -Xcc -DDEBUG\=1 -no-auto-bridging-header-chaining -module-name FinancialCalculatorKit -frontend-parseable-output -disable-clang-spi -target-sdk-version 26.1 -target-sdk-name macosx26.1 -clang-target arm64-apple-macos26.1 -in-process-plugin-server-path /Applications/Xcode.app/Contents/Developer/Toolchains/XcodeDefault.xctoolchain/usr/lib/swift/host/libSwiftInProcPluginServer.dylib -o /Users/rogerlin/Library/Developer/Xcode/DerivedData/FinancialCalculatorKit-ackorybalcxbfocbkqsfdzcfkgmn/Build/Intermediates.noindex/FinancialCalculatorKit.build/Debug/FinancialCalculatorKit.build/Objects-normal/arm64/DynamicInputSection.o -o /Users/rogerlin/Library/Developer/Xcode/DerivedData/FinancialCalculatorKit-ackorybalcxbfocbkqsfdzcfkgmn/Build/Intermediates.noindex/FinancialCalculatorKit.build/Debug/FinancialCalculatorKit.build/Objects-normal/arm64/EnhancedInputFields.o -o /Users/rogerlin/Library/Developer/Xcode/DerivedData/FinancialCalculatorKit-ackorybalcxbfocbkqsfdzcfkgmn/Build/Intermediates.noindex/FinancialCalculatorKit.build/Debug/FinancialCalculatorKit.build/Objects-normal/arm64/FinancialStyles.o -o /Users/rogerlin/Library/Developer/Xcode/DerivedData/FinancialCalculatorKit-ackorybalcxbfocbkqsfdzcfkgmn/Build/Intermediates.noindex/FinancialCalculatorKit.build/Debug/FinancialCalculatorKit.build/Objects-normal/arm64/InputFieldView.o -o /Users/rogerlin/Library/Developer/Xcode/DerivedData/FinancialCalculatorKit-ackorybalcxbfocbkqsfdzcfkgmn/Build/Intermediates.noindex/FinancialCalculatorKit.build/Debug/FinancialCalculatorKit.build/Objects-normal/arm64/InteractiveDataTables.o -o /Users/rogerlin/Library/Developer/Xcode/DerivedData/FinancialCalculatorKit-ackorybalcxbfocbkqsfdzcfkgmn/Build/Intermediates.noindex/FinancialCalculatorKit.build/Debug/FinancialCalculatorKit.build/Objects-normal/arm64/LoadingResultView.o -index-unit-output-path /FinancialCalculatorKit.build/Debug/FinancialCalculatorKit.build/Objects-normal/arm64/DynamicInputSection.o -index-unit-output-path /FinancialCalculatorKit.build/Debug/FinancialCalculatorKit.build/Objects-normal/arm64/EnhancedInputFields.o -index-unit-output-path /FinancialCalculatorKit.build/Debug/FinancialCalculatorKit.build/Objects-normal/arm64/FinancialStyles.o -index-unit-output-path /FinancialCalculatorKit.build/Debug/FinancialCalculatorKit.build/Objects-normal/arm64/InputFieldView.o -index-unit-output-path /FinancialCalculatorKit.build/Debug/FinancialCalculatorKit.build/Objects-normal/arm64/InteractiveDataTables.o -index-unit-output-path /FinancialCalculatorKit.build/Debug/FinancialCalculatorKit.build/Objects-normal/arm64/LoadingResultView.o -index-store-path /Users/rogerlin/Library/Developer/Xcode/DerivedData/FinancialCalculatorKit-ackorybalcxbfocbkqsfdzcfkgmn/Index.noindex/DataStore -index-system-modules

SwiftCompile normal arm64 /Users/rogerlin/XCode-Projects/FinancialCalculatorKit-5.0-updated-accent-colors/FinancialCalculatorKit/Views/Components/DynamicInputSection.swift (in target 'FinancialCalculatorKit' from project 'FinancialCalculatorKit')
    cd /Users/rogerlin/XCode-Projects/FinancialCalculatorKit-5.0-updated-accent-colors
    

SwiftCompile normal arm64 /Users/rogerlin/XCode-Projects/FinancialCalculatorKit-5.0-updated-accent-colors/FinancialCalculatorKit/Views/Components/EnhancedInputFields.swift (in target 'FinancialCalculatorKit' from project 'FinancialCalculatorKit')
    cd /Users/rogerlin/XCode-Projects/FinancialCalculatorKit-5.0-updated-accent-colors
    

SwiftCompile normal arm64 /Users/rogerlin/XCode-Projects/FinancialCalculatorKit-5.0-updated-accent-colors/FinancialCalculatorKit/Views/Components/FinancialStyles.swift (in target 'FinancialCalculatorKit' from project 'FinancialCalculatorKit')
    cd /Users/rogerlin/XCode-Projects/FinancialCalculatorKit-5.0-updated-accent-colors
    

SwiftCompile normal arm64 /Users/rogerlin/XCode-Projects/FinancialCalculatorKit-5.0-updated-accent-colors/FinancialCalculatorKit/Views/Components/InputFieldView.swift (in target 'FinancialCalculatorKit' from project 'FinancialCalculatorKit')
    cd /Users/rogerlin/XCode-Projects/FinancialCalculatorKit-5.0-updated-accent-colors
    

SwiftCompile normal arm64 /Users/rogerlin/XCode-Projects/FinancialCalculatorKit-5.0-updated-accent-colors/FinancialCalculatorKit/Views/Components/InteractiveDataTables.swift (in target 'FinancialCalculatorKit' from project 'FinancialCalculatorKit')
    cd /Users/rogerlin/XCode-Projects/FinancialCalculatorKit-5.0-updated-accent-colors
    

SwiftCompile normal arm64 /Users/rogerlin/XCode-Projects/FinancialCalculatorKit-5.0-updated-accent-colors/FinancialCalculatorKit/Views/Components/LoadingResultView.swift (in target 'FinancialCalculatorKit' from project 'FinancialCalculatorKit')
    cd /Users/rogerlin/XCode-Projects/FinancialCalculatorKit-5.0-updated-accent-colors
    

SwiftCompile normal arm64 Compiling\ FormulaVariableView.swift,\ FormulaVariantView.swift,\ ContentView.swift,\ FinancialCalculatorKitApp.swift,\ Item.swift,\ GeneratedAssetSymbols.swift /Users/rogerlin/XCode-Projects/FinancialCalculatorKit-5.0-updated-accent-colors/FinancialCalculatorKit/Views/Reference/FormulaVariableView.swift /Users/rogerlin/XCode-Projects/FinancialCalculatorKit-5.0-updated-accent-colors/FinancialCalculatorKit/Views/Reference/FormulaVariantView.swift /Users/rogerlin/XCode-Projects/FinancialCalculatorKit-5.0-updated-accent-colors/FinancialCalculatorKit/ContentView.swift /Users/rogerlin/XCode-Projects/FinancialCalculatorKit-5.0-updated-accent-colors/FinancialCalculatorKit/FinancialCalculatorKitApp.swift /Users/rogerlin/XCode-Projects/FinancialCalculatorKit-5.0-updated-accent-colors/FinancialCalculatorKit/Item.swift /Users/rogerlin/Library/Developer/Xcode/DerivedData/FinancialCalculatorKit-ackorybalcxbfocbkqsfdzcfkgmn/Build/Intermediates.noindex/FinancialCalculatorKit.build/Debug/FinancialCalculatorKit.build/DerivedSources/GeneratedAssetSymbols.swift (in target 'FinancialCalculatorKit' from project 'FinancialCalculatorKit')
/Applications/Xcode.app/Contents/Developer/Toolchains/XcodeDefault.xctoolchain/usr/bin/swift-frontend -frontend -c /Users/rogerlin/XCode-Projects/FinancialCalculatorKit-5.0-updated-accent-colors/FinancialCalculatorKit/Models/Bond/AdvancedBondModels.swift /Users/rogerlin/XCode-Projects/FinancialCalculatorKit-5.0-updated-accent-colors/FinancialCalculatorKit/Models/Bond/YieldCurveTypes.swift /Users/rogerlin/XCode-Projects/FinancialCalculatorKit-5.0-updated-accent-colors/FinancialCalculatorKit/Models/Calculation/BondCalculation.swift /Users/rogerlin/XCode-Projects/FinancialCalculatorKit-5.0-updated-accent-colors/FinancialCalculatorKit/Models/Calculation/CalculationMetadata.swift /Users/rogerlin/XCode-Projects/FinancialCalculatorKit-5.0-updated-accent-colors/FinancialCalculatorKit/Models/Calculation/DepreciationCalculation.swift /Users/rogerlin/XCode-Projects/FinancialCalculatorKit-5.0-updated-accent-colors/FinancialCalculatorKit/Models/Calculation/FinancialCalculation.swift /Users/rogerlin/XCode-Projects/FinancialCalculatorKit-5.0-updated-accent-colors/FinancialCalculatorKit/Models/Calculation/InvestmentCalculation.swift /Users/rogerlin/XCode-Projects/FinancialCalculatorKit-5.0-updated-accent-colors/FinancialCalculatorKit/Models/Calculation/LoanCalculation.swift /Users/rogerlin/XCode-Projects/FinancialCalculatorKit-5.0-updated-accent-colors/FinancialCalculatorKit/Models/Calculation/TimeValueCalculation.swift /Users/rogerlin/XCode-Projects/FinancialCalculatorKit-5.0-updated-accent-colors/FinancialCalculatorKit/Models/Enums/CalculationType.swift /Users/rogerlin/XCode-Projects/FinancialCalculatorKit-5.0-updated-accent-colors/FinancialCalculatorKit/Models/Enums/Currency.swift /Users/rogerlin/XCode-Projects/FinancialCalculatorKit-5.0-updated-accent-colors/FinancialCalculatorKit/Models/Enums/LoanType.swift /Users/rogerlin/XCode-Projects/FinancialCalculatorKit-5.0-updated-accent-colors/FinancialCalculatorKit/Models/Enums/PaymentFrequency.swift /Users/rogerlin/XCode-Projects/FinancialCalculatorKit-5.0-updated-accent-colors/FinancialCalculatorKit/Models/Enums/TimeValueVariable.swift /Users/rogerlin/XCode-Projects/FinancialCalculatorKit-5.0-updated-accent-colors/FinancialCalculatorKit/Models/Formula/FormulaReference.swift /Users/rogerlin/XCode-Projects/FinancialCalculatorKit-5.0-updated-accent-colors/FinancialCalculatorKit/Models/FRED/FREDModels.swift /Users/rogerlin/XCode-Projects/FinancialCalculatorKit-5.0-updated-accent-colors/FinancialCalculatorKit/Models/Options/AdvancedOptionsModels.swift /Users/rogerlin/XCode-Projects/FinancialCalculatorKit-5.0-updated-accent-colors/FinancialCalculatorKit/Models/ScientificCalculator/EquationDocument.swift /Users/rogerlin/XCode-Projects/FinancialCalculatorKit-5.0-updated-accent-colors/FinancialCalculatorKit/Models/ScientificCalculator/VariableStore.swift /Users/rogerlin/XCode-Projects/FinancialCalculatorKit-5.0-updated-accent-colors/FinancialCalculatorKit/Protocols/FinancialComputable.swift /Users/rogerlin/XCode-Projects/FinancialCalculatorKit-5.0-updated-accent-colors/FinancialCalculatorKit/Services/Bond/AdvancedBondPricingEngine.swift /Users/rogerlin/XCode-Projects/FinancialCalculatorKit-5.0-updated-accent-colors/FinancialCalculatorKit/Services/Options/AdvancedOptionsPricingEngine.swift /Users/rogerlin/XCode-Projects/FinancialCalculatorKit-5.0-updated-accent-colors/FinancialCalculatorKit/Services/AdvancedExpressionParser.swift /Users/rogerlin/XCode-Projects/FinancialCalculatorKit-5.0-updated-accent-colors/FinancialCalculatorKit/Services/AdvancedIRRCalculator.swift /Users/rogerlin/XCode-Projects/FinancialCalculatorKit-5.0-updated-accent-colors/FinancialCalculatorKit/Services/AdvancedMathFunctions.swift /Users/rogerlin/XCode-Projects/FinancialCalculatorKit-5.0-updated-accent-colors/FinancialCalculatorKit/Services/CalculationEngine.swift /Users/rogerlin/XCode-Projects/FinancialCalculatorKit-5.0-updated-accent-colors/FinancialCalculatorKit/Services/CSVHelper.swift /Users/rogerlin/XCode-Projects/FinancialCalculatorKit-5.0-updated-accent-colors/FinancialCalculatorKit/Services/CurrencyConversionService.swift /Users/rogerlin/XCode-Projects/FinancialCalculatorKit-5.0-updated-accent-colors/FinancialCalculatorKit/Services/ExchangeRateService.swift /Users/rogerlin/XCode-Projects/FinancialCalculatorKit-5.0-updated-accent-colors/FinancialCalculatorKit/Services/FinancialCalculator.swift /Users/rogerlin/XCode-Projects/FinancialCalculatorKit-5.0-updated-accent-colors/FinancialCalculatorKit/Services/FinancialValidation.swift /Users/rogerlin/XCode-Projects/FinancialCalculatorKit-5.0-updated-accent-colors/FinancialCalculatorKit/Services/FormulaAutoComplete.swift /Users/rogerlin/XCode-Projects/FinancialCalculatorKit-5.0-updated-accent-colors/FinancialCalculatorKit/Services/FREDService.swift /Users/rogerlin/XCode-Projects/FinancialCalculatorKit-5.0-updated-accent-colors/FinancialCalculatorKit/Services/HighPrecisionMath.swift /Users/rogerlin/XCode-Projects/FinancialCalculatorKit-5.0-updated-accent-colors/FinancialCalculatorKit/Services/HighPrecisionTestSuite.swift /Users/rogerlin/XCode-Projects/FinancialCalculatorKit-5.0-updated-accent-colors/FinancialCalculatorKit/Services/HighPrecisionValidation.swift /Users/rogerlin/XCode-Projects/FinancialCalculatorKit-5.0-updated-accent-colors/FinancialCalculatorKit/Services/TickerHistoryService.swift /Users/rogerlin/XCode-Projects/FinancialCalculatorKit-5.0-updated-accent-colors/FinancialCalculatorKit/Services/ValidationExtensions.swift /Users/rogerlin/XCode-Projects/FinancialCalculatorKit-5.0-updated-accent-colors/FinancialCalculatorKit/Services/ValidationService.swift /Users/rogerlin/XCode-Projects/FinancialCalculatorKit-5.0-updated-accent-colors/FinancialCalculatorKit/Services/ValidationTestSuite.swift /Users/rogerlin/XCode-Projects/FinancialCalculatorKit-5.0-updated-accent-colors/FinancialCalculatorKit/Utilities/Extensions/Date+Financial.swift /Users/rogerlin/XCode-Projects/FinancialCalculatorKit-5.0-updated-accent-colors/FinancialCalculatorKit/Utilities/Extensions/Double+Financial.swift /Users/rogerlin/XCode-Projects/FinancialCalculatorKit-5.0-updated-accent-colors/FinancialCalculatorKit/Utilities/CashFlowsTransformer.swift /Users/rogerlin/XCode-Projects/FinancialCalculatorKit-5.0-updated-accent-colors/FinancialCalculatorKit/Utilities/Formatters.swift /Users/rogerlin/XCode-Projects/FinancialCalculatorKit-5.0-updated-accent-colors/FinancialCalculatorKit/ViewHelpers/FormulaViewHelper.swift /Users/rogerlin/XCode-Projects/FinancialCalculatorKit-5.0-updated-accent-colors/FinancialCalculatorKit/ViewModels/MainViewModel.swift /Users/rogerlin/XCode-Projects/FinancialCalculatorKit-5.0-updated-accent-colors/FinancialCalculatorKit/Views/Calculator/AdvancedBondCalculatorView.swift /Users/rogerlin/XCode-Projects/FinancialCalculatorKit-5.0-updated-accent-colors/FinancialCalculatorKit/Views/Calculator/AmortizationView.swift /Users/rogerlin/XCode-Projects/FinancialCalculatorKit-5.0-updated-accent-colors/FinancialCalculatorKit/Views/Calculator/BondCalculatorView.swift /Users/rogerlin/XCode-Projects/FinancialCalculatorKit-5.0-updated-accent-colors/FinancialCalculatorKit/Views/Calculator/CompactCalculatorView.swift /Users/rogerlin/XCode-Projects/FinancialCalculatorKit-5.0-updated-accent-colors/FinancialCalculatorKit/Views/Calculator/CurrencyConverterView.swift /Users/rogerlin/XCode-Projects/FinancialCalculatorKit-5.0-updated-accent-colors/FinancialCalculatorKit/Views/Calculator/CustomScientificKeyboard.swift /Users/rogerlin/XCode-Projects/FinancialCalculatorKit-5.0-updated-accent-colors/FinancialCalculatorKit/Views/Calculator/DepreciationCalculatorView.swift /Users/rogerlin/XCode-Projects/FinancialCalculatorKit-5.0-updated-accent-colors/FinancialCalculatorKit/Views/Calculator/DocumentListView.swift /Users/rogerlin/XCode-Projects/FinancialCalculatorKit-5.0-updated-accent-colors/FinancialCalculatorKit/Views/Calculator/EquityValuationView.swift /Users/rogerlin/XCode-Projects/FinancialCalculatorKit-5.0-updated-accent-colors/FinancialCalculatorKit/Views/Calculator/FixedIncomeAnalyticsView.swift /Users/rogerlin/XCode-Projects/FinancialCalculatorKit-5.0-updated-accent-colors/FinancialCalculatorKit/Views/Calculator/FormulaLibraryView.swift /Users/rogerlin/XCode-Projects/FinancialCalculatorKit-5.0-updated-accent-colors/FinancialCalculatorKit/Views/Calculator/ForwardsCalculatorView.swift /Users/rogerlin/XCode-Projects/FinancialCalculatorKit-5.0-updated-accent-colors/FinancialCalculatorKit/Views/Calculator/FuturesCalculatorView.swift /Users/rogerlin/XCode-Projects/FinancialCalculatorKit-5.0-updated-accent-colors/FinancialCalculatorKit/Views/Calculator/FutureValueView.swift /Users/rogerlin/XCode-Projects/FinancialCalculatorKit-5.0-updated-accent-colors/FinancialCalculatorKit/Views/Calculator/HighPrecisionCalculatorView.swift /Users/rogerlin/XCode-Projects/FinancialCalculatorKit-5.0-updated-accent-colors/FinancialCalculatorKit/Views/Calculator/InvestmentCalculatorView.swift /Users/rogerlin/XCode-Projects/FinancialCalculatorKit-5.0-updated-accent-colors/FinancialCalculatorKit/Views/Calculator/LoanCalculatorView.swift /Users/rogerlin/XCode-Projects/FinancialCalculatorKit-5.0-updated-accent-colors/FinancialCalculatorKit/Views/Calculator/LoanResultView.swift /Users/rogerlin/XCode-Projects/FinancialCalculatorKit-5.0-updated-accent-colors/FinancialCalculatorKit/Views/Calculator/MathExpressionCalculatorView.swift /Users/rogerlin/XCode-Projects/FinancialCalculatorKit-5.0-updated-accent-colors/FinancialCalculatorKit/Views/Calculator/OptionsCalculatorView.swift /Users/rogerlin/XCode-Projects/FinancialCalculatorKit-5.0-updated-accent-colors/FinancialCalculatorKit/Views/Calculator/OptionsStrategiesView.swift /Users/rogerlin/XCode-Projects/FinancialCalculatorKit-5.0-updated-accent-colors/FinancialCalculatorKit/Views/Calculator/PlaceholderViews.swift /Users/rogerlin/XCode-Projects/FinancialCalculatorKit-5.0-updated-accent-colors/FinancialCalculatorKit/Views/Calculator/PortfolioOptimizationView.swift /Users/rogerlin/XCode-Projects/FinancialCalculatorKit-5.0-updated-accent-colors/FinancialCalculatorKit/Views/Calculator/PrecisionDemoView.swift /Users/rogerlin/XCode-Projects/FinancialCalculatorKit-5.0-updated-accent-colors/FinancialCalculatorKit/Views/Calculator/RiskManagementView.swift /Users/rogerlin/XCode-Projects/FinancialCalculatorKit-5.0-updated-accent-colors/FinancialCalculatorKit/Views/Calculator/ScientificCalculatorView.swift /Users/rogerlin/XCode-Projects/FinancialCalculatorKit-5.0-updated-accent-colors/FinancialCalculatorKit/Views/Calculator/SwapsCalculatorView.swift /Users/rogerlin/XCode-Projects/FinancialCalculatorKit-5.0-updated-accent-colors/FinancialCalculatorKit/Views/Calculator/TemplateViews.swift /Users/rogerlin/XCode-Projects/FinancialCalculatorKit-5.0-updated-accent-colors/FinancialCalculatorKit/Views/Calculator/TickerHistoryView.swift /Users/rogerlin/XCode-Projects/FinancialCalculatorKit-5.0-updated-accent-colors/FinancialCalculatorKit/Views/Calculator/TimeValueCalculatorView.swift /Users/rogerlin/XCode-Projects/FinancialCalculatorKit-5.0-updated-accent-colors/FinancialCalculatorKit/Views/Calculator/TimeValueResultView.swift /Users/rogerlin/XCode-Projects/FinancialCalculatorKit-5.0-updated-accent-colors/FinancialCalculatorKit/Views/Calculator/UnitConverterView.swift /Users/rogerlin/XCode-Projects/FinancialCalculatorKit-5.0-updated-accent-colors/FinancialCalculatorKit/Views/Calculator/VariableManagementView.swift /Users/rogerlin/XCode-Projects/FinancialCalculatorKit-5.0-updated-accent-colors/FinancialCalculatorKit/Views/Charts/FinancialChartView.swift /Users/rogerlin/XCode-Projects/FinancialCalculatorKit-5.0-updated-accent-colors/FinancialCalculatorKit/Views/Charts/InteractiveFinancialCharts.swift /Users/rogerlin/XCode-Projects/FinancialCalculatorKit-5.0-updated-accent-colors/FinancialCalculatorKit/Views/Components/DetailRow.swift /Users/rogerlin/XCode-Projects/FinancialCalculatorKit-5.0-updated-accent-colors/FinancialCalculatorKit/Views/Components/DynamicInputSection.swift /Users/rogerlin/XCode-Projects/FinancialCalculatorKit-5.0-updated-accent-colors/FinancialCalculatorKit/Views/Components/EnhancedInputFields.swift /Users/rogerlin/XCode-Projects/FinancialCalculatorKit-5.0-updated-accent-colors/FinancialCalculatorKit/Views/Components/FinancialStyles.swift /Users/rogerlin/XCode-Projects/FinancialCalculatorKit-5.0-updated-accent-colors/FinancialCalculatorKit/Views/Components/InputFieldView.swift /Users/rogerlin/XCode-Projects/FinancialCalculatorKit-5.0-updated-accent-colors/FinancialCalculatorKit/Views/Components/InteractiveDataTables.swift /Users/rogerlin/XCode-Projects/FinancialCalculatorKit-5.0-updated-accent-colors/FinancialCalculatorKit/Views/Components/LoadingResultView.swift /Users/rogerlin/XCode-Projects/FinancialCalculatorKit-5.0-updated-accent-colors/FinancialCalculatorKit/Views/Components/NumbersOnlyViewModifier.swift /Users/rogerlin/XCode-Projects/FinancialCalculatorKit-5.0-updated-accent-colors/FinancialCalculatorKit/Views/Components/ResultDisplayView.swift /Users/rogerlin/XCode-Projects/FinancialCalculatorKit-5.0-updated-accent-colors/FinancialCalculatorKit/Views/Components/StatusIndicator.swift /Users/rogerlin/XCode-Projects/FinancialCalculatorKit-5.0-updated-accent-colors/FinancialCalculatorKit/Views/Components/ValidationSummaryView.swift /Users/rogerlin/XCode-Projects/FinancialCalculatorKit-5.0-updated-accent-colors/FinancialCalculatorKit/Views/FRED/FREDDataView.swift /Users/rogerlin/XCode-Projects/FinancialCalculatorKit-5.0-updated-accent-colors/FinancialCalculatorKit/Views/Reference/FormulaReferenceView.swift -primary-file /Users/rogerlin/XCode-Projects/FinancialCalculatorKit-5.0-updated-accent-colors/FinancialCalculatorKit/Views/Reference/FormulaVariableView.swift -primary-file /Users/rogerlin/XCode-Projects/FinancialCalculatorKit-5.0-updated-accent-colors/FinancialCalculatorKit/Views/Reference/FormulaVariantView.swift -primary-file /Users/rogerlin/XCode-Projects/FinancialCalculatorKit-5.0-updated-accent-colors/FinancialCalculatorKit/ContentView.swift -primary-file /Users/rogerlin/XCode-Projects/FinancialCalculatorKit-5.0-updated-accent-colors/FinancialCalculatorKit/FinancialCalculatorKitApp.swift -primary-file /Users/rogerlin/XCode-Projects/FinancialCalculatorKit-5.0-updated-accent-colors/FinancialCalculatorKit/Item.swift -primary-file /Users/rogerlin/Library/Developer/Xcode/DerivedData/FinancialCalculatorKit-ackorybalcxbfocbkqsfdzcfkgmn/Build/Intermediates.noindex/FinancialCalculatorKit.build/Debug/FinancialCalculatorKit.build/DerivedSources/GeneratedAssetSymbols.swift -supplementary-output-file-map /Users/rogerlin/Library/Developer/Xcode/DerivedData/FinancialCalculatorKit-ackorybalcxbfocbkqsfdzcfkgmn/Build/Intermediates.noindex/FinancialCalculatorKit.build/Debug/FinancialCalculatorKit.build/Objects-normal/arm64/supplementaryOutputs-66 -emit-localized-strings -emit-localized-strings-path /Users/rogerlin/Library/Developer/Xcode/DerivedData/FinancialCalculatorKit-ackorybalcxbfocbkqsfdzcfkgmn/Build/Intermediates.noindex/FinancialCalculatorKit.build/Debug/FinancialCalculatorKit.build/Objects-normal/arm64 -target arm64-apple-macos14.0 -module-can-import-version AppKit 2685.20.119 2685.20.119 -module-can-import-version DeveloperToolsSupport 23.0.4 23.0.4 -module-can-import-version SwiftUI 7.1.13.1 7.1.13 -disable-cross-import-overlay-search -swift-module-cross-import SwiftData /Applications/Xcode.app/Contents/Developer/Platforms/MacOSX.platform/Developer/SDKs/MacOSX26.1.sdk/System/Library/Frameworks/SwiftData.framework/Modules/SwiftData.swiftcrossimport/CoreData.swiftoverlay -swift-module-cross-import SwiftData /Applications/Xcode.app/Contents/Developer/Platforms/MacOSX.platform/Developer/SDKs/MacOSX26.1.sdk/System/Library/Frameworks/SwiftData.framework/Modules/SwiftData.swiftcrossimport/SwiftUI.swiftoverlay -load-resolved-plugin \#/Users/rogerlin/Library/Developer/Xcode/DerivedData/FinancialCalculatorKit-ackorybalcxbfocbkqsfdzcfkgmn/Build/Products/Debug/CasePathsMacros\#CasePathsMacros -load-resolved-plugin /Applications/Xcode.app/Contents/Developer/Platforms/MacOSX.platform/Developer/usr/lib/swift/host/plugins/libFoundationMacros.dylib\#/Applications/Xcode.app/Contents/Developer/Platforms/MacOSX.platform/Developer/usr/bin/swift-plugin-server\#FoundationMacros -load-resolved-plugin /Applications/Xcode.app/Contents/Developer/Platforms/MacOSX.platform/Developer/usr/lib/swift/host/plugins/libObservationMacros.dylib\#/Applications/Xcode.app/Contents/Developer/Platforms/MacOSX.platform/Developer/usr/bin/swift-plugin-server\#ObservationMacros -load-resolved-plugin /Applications/Xcode.app/Contents/Developer/Platforms/MacOSX.platform/Developer/usr/lib/swift/host/plugins/libPreviewsMacros.dylib\#/Applications/Xcode.app/Contents/Developer/Platforms/MacOSX.platform/Developer/usr/bin/swift-plugin-server\#PreviewsMacros -load-resolved-plugin /Applications/Xcode.app/Contents/Developer/Platforms/MacOSX.platform/Developer/usr/lib/swift/host/plugins/libSwiftDataMacros.dylib\#/Applications/Xcode.app/Contents/Developer/Platforms/MacOSX.platform/Developer/usr/bin/swift-plugin-server\#SwiftDataMacros -load-resolved-plugin /Applications/Xcode.app/Contents/Developer/Platforms/MacOSX.platform/Developer/usr/lib/swift/host/plugins/libSwiftMacros.dylib\#/Applications/Xcode.app/Contents/Developer/Platforms/MacOSX.platform/Developer/usr/bin/swift-plugin-server\#SwiftMacros -load-resolved-plugin /Applications/Xcode.app/Contents/Developer/Platforms/MacOSX.platform/Developer/usr/lib/swift/host/plugins/libSwiftUIMacros.dylib\#/Applications/Xcode.app/Contents/Developer/Platforms/MacOSX.platform/Developer/usr/bin/swift-plugin-server\#SwiftUIMacros -disable-implicit-swift-modules -Xcc -fno-implicit-modules -Xcc -fno-implicit-module-maps -explicit-swift-module-map-file /Users/rogerlin/Library/Developer/Xcode/DerivedData/FinancialCalculatorKit-ackorybalcxbfocbkqsfdzcfkgmn/Build/Intermediates.noindex/FinancialCalculatorKit.build/Debug/FinancialCalculatorKit.build/Objects-normal/arm64/FinancialCalculatorKit-dependencies-1.json -Xllvm -aarch64-use-tbi -enable-objc-interop -stack-check -sdk /Applications/Xcode.app/Contents/Developer/Platforms/MacOSX.platform/Developer/SDKs/MacOSX26.1.sdk -I /Users/rogerlin/Library/Developer/Xcode/DerivedData/FinancialCalculatorKit-ackorybalcxbfocbkqsfdzcfkgmn/Build/Products/Debug -F /Users/rogerlin/Library/Developer/Xcode/DerivedData/FinancialCalculatorKit-ackorybalcxbfocbkqsfdzcfkgmn/Build/Products/Debug/PackageFrameworks -F /Users/rogerlin/Library/Developer/Xcode/DerivedData/FinancialCalculatorKit-ackorybalcxbfocbkqsfdzcfkgmn/Build/Products/Debug/PackageFrameworks -F /Users/rogerlin/Library/Developer/Xcode/DerivedData/FinancialCalculatorKit-ackorybalcxbfocbkqsfdzcfkgmn/Build/Products/Debug/PackageFrameworks -F /Users/rogerlin/Library/Developer/Xcode/DerivedData/FinancialCalculatorKit-ackorybalcxbfocbkqsfdzcfkgmn/Build/Products/Debug/PackageFrameworks -F /Users/rogerlin/Library/Developer/Xcode/DerivedData/FinancialCalculatorKit-ackorybalcxbfocbkqsfdzcfkgmn/Build/Products/Debug/PackageFrameworks -F /Users/rogerlin/Library/Developer/Xcode/DerivedData/FinancialCalculatorKit-ackorybalcxbfocbkqsfdzcfkgmn/Build/Products/Debug/PackageFrameworks -F /Users/rogerlin/Library/Developer/Xcode/DerivedData/FinancialCalculatorKit-ackorybalcxbfocbkqsfdzcfkgmn/Build/Products/Debug/PackageFrameworks -F /Users/rogerlin/Library/Developer/Xcode/DerivedData/FinancialCalculatorKit-ackorybalcxbfocbkqsfdzcfkgmn/Build/Products/Debug/PackageFrameworks -F /Users/rogerlin/Library/Developer/Xcode/DerivedData/FinancialCalculatorKit-ackorybalcxbfocbkqsfdzcfkgmn/Build/Products/Debug/PackageFrameworks -F /Users/rogerlin/Library/Developer/Xcode/DerivedData/FinancialCalculatorKit-ackorybalcxbfocbkqsfdzcfkgmn/Build/Products/Debug/PackageFrameworks -F /Users/rogerlin/Library/Developer/Xcode/DerivedData/FinancialCalculatorKit-ackorybalcxbfocbkqsfdzcfkgmn/Build/Products/Debug/PackageFrameworks -F /Users/rogerlin/Library/Developer/Xcode/DerivedData/FinancialCalculatorKit-ackorybalcxbfocbkqsfdzcfkgmn/Build/Products/Debug/PackageFrameworks -F /Users/rogerlin/Library/Developer/Xcode/DerivedData/FinancialCalculatorKit-ackorybalcxbfocbkqsfdzcfkgmn/Build/Products/Debug/PackageFrameworks -F /Users/rogerlin/Library/Developer/Xcode/DerivedData/FinancialCalculatorKit-ackorybalcxbfocbkqsfdzcfkgmn/Build/Products/Debug/PackageFrameworks -F /Users/rogerlin/Library/Developer/Xcode/DerivedData/FinancialCalculatorKit-ackorybalcxbfocbkqsfdzcfkgmn/Build/Products/Debug/PackageFrameworks -F /Users/rogerlin/Library/Developer/Xcode/DerivedData/FinancialCalculatorKit-ackorybalcxbfocbkqsfdzcfkgmn/Build/Products/Debug/PackageFrameworks -F /Users/rogerlin/Library/Developer/Xcode/DerivedData/FinancialCalculatorKit-ackorybalcxbfocbkqsfdzcfkgmn/Build/Products/Debug/PackageFrameworks -F /Users/rogerlin/Library/Developer/Xcode/DerivedData/FinancialCalculatorKit-ackorybalcxbfocbkqsfdzcfkgmn/Build/Products/Debug/PackageFrameworks -F /Users/rogerlin/Library/Developer/Xcode/DerivedData/FinancialCalculatorKit-ackorybalcxbfocbkqsfdzcfkgmn/Build/Products/Debug/PackageFrameworks -F /Users/rogerlin/Library/Developer/Xcode/DerivedData/FinancialCalculatorKit-ackorybalcxbfocbkqsfdzcfkgmn/Build/Products/Debug -no-color-diagnostics -Xcc -fno-color-diagnostics -enable-testing -g -debug-info-format\=dwarf -dwarf-version\=4 -module-cache-path /Users/rogerlin/Library/Developer/Xcode/DerivedData/FinancialCalculatorKit-ackorybalcxbfocbkqsfdzcfkgmn/Build/Intermediates.noindex/SwiftExplicitPrecompiledModules -profile-generate -profile-coverage-mapping -swift-version 5 -enforce-exclusivity\=checked -Onone -D DEBUG -serialize-debugging-options -load-plugin-executable /Users/rogerlin/Library/Developer/Xcode/DerivedData/FinancialCalculatorKit-ackorybalcxbfocbkqsfdzcfkgmn/Build/Products/Debug/CasePathsMacros\#CasePathsMacros -const-gather-protocols-file /Users/rogerlin/Library/Developer/Xcode/DerivedData/FinancialCalculatorKit-ackorybalcxbfocbkqsfdzcfkgmn/Build/Intermediates.noindex/FinancialCalculatorKit.build/Debug/FinancialCalculatorKit.build/Objects-normal/arm64/FinancialCalculatorKit_const_extract_protocols.json -enable-experimental-feature DebugDescriptionMacro -enable-bare-slash-regex -empty-abi-descriptor -validate-clang-modules-once -clang-build-session-file /Users/rogerlin/Library/Developer/Xcode/DerivedData/ModuleCache.noindex/Session.modulevalidation -Xcc -working-directory -Xcc /Users/rogerlin/XCode-Projects/FinancialCalculatorKit-5.0-updated-accent-colors -enable-anonymous-context-mangled-names -file-compilation-dir /Users/rogerlin/XCode-Projects/FinancialCalculatorKit-5.0-updated-accent-colors -Xcc -D_LIBCPP_HARDENING_MODE\=_LIBCPP_HARDENING_MODE_DEBUG -Xcc -ivfsstatcache -Xcc /Users/rogerlin/Library/Developer/Xcode/DerivedData/SDKStatCaches.noindex/macosx26.1-25B74-3ae1261907bdadc328169391a47051a6.sdkstatcache -Xcc -I/Users/rogerlin/Library/Developer/Xcode/DerivedData/FinancialCalculatorKit-ackorybalcxbfocbkqsfdzcfkgmn/Build/Intermediates.noindex/FinancialCalculatorKit.build/Debug/FinancialCalculatorKit.build/swift-overrides.hmap -Xcc -iquote -Xcc /Users/rogerlin/Library/Developer/Xcode/DerivedData/FinancialCalculatorKit-ackorybalcxbfocbkqsfdzcfkgmn/Build/Intermediates.noindex/FinancialCalculatorKit.build/Debug/FinancialCalculatorKit.build/FinancialCalculatorKit-generated-files.hmap -Xcc -I/Users/rogerlin/Library/Developer/Xcode/DerivedData/FinancialCalculatorKit-ackorybalcxbfocbkqsfdzcfkgmn/Build/Intermediates.noindex/FinancialCalculatorKit.build/Debug/FinancialCalculatorKit.build/FinancialCalculatorKit-own-target-headers.hmap -Xcc -I/Users/rogerlin/Library/Developer/Xcode/DerivedData/FinancialCalculatorKit-ackorybalcxbfocbkqsfdzcfkgmn/Build/Intermediates.noindex/FinancialCalculatorKit.build/Debug/FinancialCalculatorKit.build/FinancialCalculatorKit-all-non-framework-target-headers.hmap -Xcc -ivfsoverlay -Xcc /Users/rogerlin/Library/Developer/Xcode/DerivedData/FinancialCalculatorKit-ackorybalcxbfocbkqsfdzcfkgmn/Build/Intermediates.noindex/FinancialCalculatorKit.build/Debug/FinancialCalculatorKit-b796aaad08c4b307251b75ea7c01aae2-VFS/all-product-headers.yaml -Xcc -iquote -Xcc /Users/rogerlin/Library/Developer/Xcode/DerivedData/FinancialCalculatorKit-ackorybalcxbfocbkqsfdzcfkgmn/Build/Intermediates.noindex/FinancialCalculatorKit.build/Debug/FinancialCalculatorKit.build/FinancialCalculatorKit-project-headers.hmap -Xcc -I/Users/rogerlin/Library/Developer/Xcode/DerivedData/FinancialCalculatorKit-ackorybalcxbfocbkqsfdzcfkgmn/SourcePackages/checkouts/swift-numerics/Sources/_NumericsShims/include -Xcc -I/Users/rogerlin/Library/Developer/Xcode/DerivedData/FinancialCalculatorKit-ackorybalcxbfocbkqsfdzcfkgmn/Build/Products/Debug/include -Xcc -I/Users/rogerlin/Library/Developer/Xcode/DerivedData/FinancialCalculatorKit-ackorybalcxbfocbkqsfdzcfkgmn/Build/Intermediates.noindex/FinancialCalculatorKit.build/Debug/FinancialCalculatorKit.build/DerivedSources-normal/arm64 -Xcc -I/Users/rogerlin/Library/Developer/Xcode/DerivedData/FinancialCalculatorKit-ackorybalcxbfocbkqsfdzcfkgmn/Build/Intermediates.noindex/FinancialCalculatorKit.build/Debug/FinancialCalculatorKit.build/DerivedSources/arm64 -Xcc -I/Users/rogerlin/Library/Developer/Xcode/DerivedData/FinancialCalculatorKit-ackorybalcxbfocbkqsfdzcfkgmn/Build/Intermediates.noindex/FinancialCalculatorKit.build/Debug/FinancialCalculatorKit.build/DerivedSources -Xcc -DDEBUG\=1 -no-auto-bridging-header-chaining -module-name FinancialCalculatorKit -frontend-parseable-output -disable-clang-spi -target-sdk-version 26.1 -target-sdk-name macosx26.1 -clang-target arm64-apple-macos26.1 -in-process-plugin-server-path /Applications/Xcode.app/Contents/Developer/Toolchains/XcodeDefault.xctoolchain/usr/lib/swift/host/libSwiftInProcPluginServer.dylib -o /Users/rogerlin/Library/Developer/Xcode/DerivedData/FinancialCalculatorKit-ackorybalcxbfocbkqsfdzcfkgmn/Build/Intermediates.noindex/FinancialCalculatorKit.build/Debug/FinancialCalculatorKit.build/Objects-normal/arm64/FormulaVariableView.o -o /Users/rogerlin/Library/Developer/Xcode/DerivedData/FinancialCalculatorKit-ackorybalcxbfocbkqsfdzcfkgmn/Build/Intermediates.noindex/FinancialCalculatorKit.build/Debug/FinancialCalculatorKit.build/Objects-normal/arm64/FormulaVariantView.o -o /Users/rogerlin/Library/Developer/Xcode/DerivedData/FinancialCalculatorKit-ackorybalcxbfocbkqsfdzcfkgmn/Build/Intermediates.noindex/FinancialCalculatorKit.build/Debug/FinancialCalculatorKit.build/Objects-normal/arm64/ContentView.o -o /Users/rogerlin/Library/Developer/Xcode/DerivedData/FinancialCalculatorKit-ackorybalcxbfocbkqsfdzcfkgmn/Build/Intermediates.noindex/FinancialCalculatorKit.build/Debug/FinancialCalculatorKit.build/Objects-normal/arm64/FinancialCalculatorKitApp.o -o /Users/rogerlin/Library/Developer/Xcode/DerivedData/FinancialCalculatorKit-ackorybalcxbfocbkqsfdzcfkgmn/Build/Intermediates.noindex/FinancialCalculatorKit.build/Debug/FinancialCalculatorKit.build/Objects-normal/arm64/Item.o -o /Users/rogerlin/Library/Developer/Xcode/DerivedData/FinancialCalculatorKit-ackorybalcxbfocbkqsfdzcfkgmn/Build/Intermediates.noindex/FinancialCalculatorKit.build/Debug/FinancialCalculatorKit.build/Objects-normal/arm64/GeneratedAssetSymbols.o -index-unit-output-path /FinancialCalculatorKit.build/Debug/FinancialCalculatorKit.build/Objects-normal/arm64/FormulaVariableView.o -index-unit-output-path /FinancialCalculatorKit.build/Debug/FinancialCalculatorKit.build/Objects-normal/arm64/FormulaVariantView.o -index-unit-output-path /FinancialCalculatorKit.build/Debug/FinancialCalculatorKit.build/Objects-normal/arm64/ContentView.o -index-unit-output-path /FinancialCalculatorKit.build/Debug/FinancialCalculatorKit.build/Objects-normal/arm64/FinancialCalculatorKitApp.o -index-unit-output-path /FinancialCalculatorKit.build/Debug/FinancialCalculatorKit.build/Objects-normal/arm64/Item.o -index-unit-output-path /FinancialCalculatorKit.build/Debug/FinancialCalculatorKit.build/Objects-normal/arm64/GeneratedAssetSymbols.o -index-store-path /Users/rogerlin/Library/Developer/Xcode/DerivedData/FinancialCalculatorKit-ackorybalcxbfocbkqsfdzcfkgmn/Index.noindex/DataStore -index-system-modules

SwiftCompile normal arm64 /Users/rogerlin/XCode-Projects/FinancialCalculatorKit-5.0-updated-accent-colors/FinancialCalculatorKit/Views/Reference/FormulaVariableView.swift (in target 'FinancialCalculatorKit' from project 'FinancialCalculatorKit')
    cd /Users/rogerlin/XCode-Projects/FinancialCalculatorKit-5.0-updated-accent-colors
    

SwiftCompile normal arm64 /Users/rogerlin/XCode-Projects/FinancialCalculatorKit-5.0-updated-accent-colors/FinancialCalculatorKit/Views/Reference/FormulaVariantView.swift (in target 'FinancialCalculatorKit' from project 'FinancialCalculatorKit')
    cd /Users/rogerlin/XCode-Projects/FinancialCalculatorKit-5.0-updated-accent-colors
    

SwiftCompile normal arm64 /Users/rogerlin/XCode-Projects/FinancialCalculatorKit-5.0-updated-accent-colors/FinancialCalculatorKit/ContentView.swift (in target 'FinancialCalculatorKit' from project 'FinancialCalculatorKit')
    cd /Users/rogerlin/XCode-Projects/FinancialCalculatorKit-5.0-updated-accent-colors
    

SwiftCompile normal arm64 /Users/rogerlin/XCode-Projects/FinancialCalculatorKit-5.0-updated-accent-colors/FinancialCalculatorKit/FinancialCalculatorKitApp.swift (in target 'FinancialCalculatorKit' from project 'FinancialCalculatorKit')
    cd /Users/rogerlin/XCode-Projects/FinancialCalculatorKit-5.0-updated-accent-colors
    

SwiftCompile normal arm64 /Users/rogerlin/XCode-Projects/FinancialCalculatorKit-5.0-updated-accent-colors/FinancialCalculatorKit/Item.swift (in target 'FinancialCalculatorKit' from project 'FinancialCalculatorKit')
    cd /Users/rogerlin/XCode-Projects/FinancialCalculatorKit-5.0-updated-accent-colors
    

SwiftCompile normal arm64 /Users/rogerlin/Library/Developer/Xcode/DerivedData/FinancialCalculatorKit-ackorybalcxbfocbkqsfdzcfkgmn/Build/Intermediates.noindex/FinancialCalculatorKit.build/Debug/FinancialCalculatorKit.build/DerivedSources/GeneratedAssetSymbols.swift (in target 'FinancialCalculatorKit' from project 'FinancialCalculatorKit')
    cd /Users/rogerlin/XCode-Projects/FinancialCalculatorKit-5.0-updated-accent-colors
    

SwiftCompile normal arm64 Compiling\ TimeValueResultView.swift,\ UnitConverterView.swift,\ VariableManagementView.swift,\ FinancialChartView.swift,\ InteractiveFinancialCharts.swift,\ DetailRow.swift /Users/rogerlin/XCode-Projects/FinancialCalculatorKit-5.0-updated-accent-colors/FinancialCalculatorKit/Views/Calculator/TimeValueResultView.swift /Users/rogerlin/XCode-Projects/FinancialCalculatorKit-5.0-updated-accent-colors/FinancialCalculatorKit/Views/Calculator/UnitConverterView.swift /Users/rogerlin/XCode-Projects/FinancialCalculatorKit-5.0-updated-accent-colors/FinancialCalculatorKit/Views/Calculator/VariableManagementView.swift /Users/rogerlin/XCode-Projects/FinancialCalculatorKit-5.0-updated-accent-colors/FinancialCalculatorKit/Views/Charts/FinancialChartView.swift /Users/rogerlin/XCode-Projects/FinancialCalculatorKit-5.0-updated-accent-colors/FinancialCalculatorKit/Views/Charts/InteractiveFinancialCharts.swift /Users/rogerlin/XCode-Projects/FinancialCalculatorKit-5.0-updated-accent-colors/FinancialCalculatorKit/Views/Components/DetailRow.swift (in target 'FinancialCalculatorKit' from project 'FinancialCalculatorKit')
SwiftCompile normal arm64 /Users/rogerlin/XCode-Projects/FinancialCalculatorKit-5.0-updated-accent-colors/FinancialCalculatorKit/Views/Calculator/TimeValueResultView.swift (in target 'FinancialCalculatorKit' from project 'FinancialCalculatorKit')
    cd /Users/rogerlin/XCode-Projects/FinancialCalculatorKit-5.0-updated-accent-colors
    

SwiftCompile normal arm64 /Users/rogerlin/XCode-Projects/FinancialCalculatorKit-5.0-updated-accent-colors/FinancialCalculatorKit/Views/Calculator/UnitConverterView.swift (in target 'FinancialCalculatorKit' from project 'FinancialCalculatorKit')
    cd /Users/rogerlin/XCode-Projects/FinancialCalculatorKit-5.0-updated-accent-colors
    

SwiftCompile normal arm64 /Users/rogerlin/XCode-Projects/FinancialCalculatorKit-5.0-updated-accent-colors/FinancialCalculatorKit/Views/Calculator/VariableManagementView.swift (in target 'FinancialCalculatorKit' from project 'FinancialCalculatorKit')
    cd /Users/rogerlin/XCode-Projects/FinancialCalculatorKit-5.0-updated-accent-colors
    

SwiftCompile normal arm64 /Users/rogerlin/XCode-Projects/FinancialCalculatorKit-5.0-updated-accent-colors/FinancialCalculatorKit/Views/Charts/FinancialChartView.swift (in target 'FinancialCalculatorKit' from project 'FinancialCalculatorKit')
    cd /Users/rogerlin/XCode-Projects/FinancialCalculatorKit-5.0-updated-accent-colors
    

SwiftCompile normal arm64 /Users/rogerlin/XCode-Projects/FinancialCalculatorKit-5.0-updated-accent-colors/FinancialCalculatorKit/Views/Charts/InteractiveFinancialCharts.swift (in target 'FinancialCalculatorKit' from project 'FinancialCalculatorKit')
    cd /Users/rogerlin/XCode-Projects/FinancialCalculatorKit-5.0-updated-accent-colors
    

SwiftCompile normal arm64 /Users/rogerlin/XCode-Projects/FinancialCalculatorKit-5.0-updated-accent-colors/FinancialCalculatorKit/Views/Components/DetailRow.swift (in target 'FinancialCalculatorKit' from project 'FinancialCalculatorKit')
    cd /Users/rogerlin/XCode-Projects/FinancialCalculatorKit-5.0-updated-accent-colors
    

/Applications/Xcode.app/Contents/Developer/Toolchains/XcodeDefault.xctoolchain/usr/bin/swift-frontend -frontend -c /Users/rogerlin/XCode-Projects/FinancialCalculatorKit-5.0-updated-accent-colors/FinancialCalculatorKit/Models/Bond/AdvancedBondModels.swift /Users/rogerlin/XCode-Projects/FinancialCalculatorKit-5.0-updated-accent-colors/FinancialCalculatorKit/Models/Bond/YieldCurveTypes.swift /Users/rogerlin/XCode-Projects/FinancialCalculatorKit-5.0-updated-accent-colors/FinancialCalculatorKit/Models/Calculation/BondCalculation.swift /Users/rogerlin/XCode-Projects/FinancialCalculatorKit-5.0-updated-accent-colors/FinancialCalculatorKit/Models/Calculation/CalculationMetadata.swift /Users/rogerlin/XCode-Projects/FinancialCalculatorKit-5.0-updated-accent-colors/FinancialCalculatorKit/Models/Calculation/DepreciationCalculation.swift /Users/rogerlin/XCode-Projects/FinancialCalculatorKit-5.0-updated-accent-colors/FinancialCalculatorKit/Models/Calculation/FinancialCalculation.swift /Users/rogerlin/XCode-Projects/FinancialCalculatorKit-5.0-updated-accent-colors/FinancialCalculatorKit/Models/Calculation/InvestmentCalculation.swift /Users/rogerlin/XCode-Projects/FinancialCalculatorKit-5.0-updated-accent-colors/FinancialCalculatorKit/Models/Calculation/LoanCalculation.swift /Users/rogerlin/XCode-Projects/FinancialCalculatorKit-5.0-updated-accent-colors/FinancialCalculatorKit/Models/Calculation/TimeValueCalculation.swift /Users/rogerlin/XCode-Projects/FinancialCalculatorKit-5.0-updated-accent-colors/FinancialCalculatorKit/Models/Enums/CalculationType.swift /Users/rogerlin/XCode-Projects/FinancialCalculatorKit-5.0-updated-accent-colors/FinancialCalculatorKit/Models/Enums/Currency.swift /Users/rogerlin/XCode-Projects/FinancialCalculatorKit-5.0-updated-accent-colors/FinancialCalculatorKit/Models/Enums/LoanType.swift /Users/rogerlin/XCode-Projects/FinancialCalculatorKit-5.0-updated-accent-colors/FinancialCalculatorKit/Models/Enums/PaymentFrequency.swift /Users/rogerlin/XCode-Projects/FinancialCalculatorKit-5.0-updated-accent-colors/FinancialCalculatorKit/Models/Enums/TimeValueVariable.swift /Users/rogerlin/XCode-Projects/FinancialCalculatorKit-5.0-updated-accent-colors/FinancialCalculatorKit/Models/Formula/FormulaReference.swift /Users/rogerlin/XCode-Projects/FinancialCalculatorKit-5.0-updated-accent-colors/FinancialCalculatorKit/Models/FRED/FREDModels.swift /Users/rogerlin/XCode-Projects/FinancialCalculatorKit-5.0-updated-accent-colors/FinancialCalculatorKit/Models/Options/AdvancedOptionsModels.swift /Users/rogerlin/XCode-Projects/FinancialCalculatorKit-5.0-updated-accent-colors/FinancialCalculatorKit/Models/ScientificCalculator/EquationDocument.swift /Users/rogerlin/XCode-Projects/FinancialCalculatorKit-5.0-updated-accent-colors/FinancialCalculatorKit/Models/ScientificCalculator/VariableStore.swift /Users/rogerlin/XCode-Projects/FinancialCalculatorKit-5.0-updated-accent-colors/FinancialCalculatorKit/Protocols/FinancialComputable.swift /Users/rogerlin/XCode-Projects/FinancialCalculatorKit-5.0-updated-accent-colors/FinancialCalculatorKit/Services/Bond/AdvancedBondPricingEngine.swift /Users/rogerlin/XCode-Projects/FinancialCalculatorKit-5.0-updated-accent-colors/FinancialCalculatorKit/Services/Options/AdvancedOptionsPricingEngine.swift /Users/rogerlin/XCode-Projects/FinancialCalculatorKit-5.0-updated-accent-colors/FinancialCalculatorKit/Services/AdvancedExpressionParser.swift /Users/rogerlin/XCode-Projects/FinancialCalculatorKit-5.0-updated-accent-colors/FinancialCalculatorKit/Services/AdvancedIRRCalculator.swift /Users/rogerlin/XCode-Projects/FinancialCalculatorKit-5.0-updated-accent-colors/FinancialCalculatorKit/Services/AdvancedMathFunctions.swift /Users/rogerlin/XCode-Projects/FinancialCalculatorKit-5.0-updated-accent-colors/FinancialCalculatorKit/Services/CalculationEngine.swift /Users/rogerlin/XCode-Projects/FinancialCalculatorKit-5.0-updated-accent-colors/FinancialCalculatorKit/Services/CSVHelper.swift /Users/rogerlin/XCode-Projects/FinancialCalculatorKit-5.0-updated-accent-colors/FinancialCalculatorKit/Services/CurrencyConversionService.swift /Users/rogerlin/XCode-Projects/FinancialCalculatorKit-5.0-updated-accent-colors/FinancialCalculatorKit/Services/ExchangeRateService.swift /Users/rogerlin/XCode-Projects/FinancialCalculatorKit-5.0-updated-accent-colors/FinancialCalculatorKit/Services/FinancialCalculator.swift /Users/rogerlin/XCode-Projects/FinancialCalculatorKit-5.0-updated-accent-colors/FinancialCalculatorKit/Services/FinancialValidation.swift /Users/rogerlin/XCode-Projects/FinancialCalculatorKit-5.0-updated-accent-colors/FinancialCalculatorKit/Services/FormulaAutoComplete.swift /Users/rogerlin/XCode-Projects/FinancialCalculatorKit-5.0-updated-accent-colors/FinancialCalculatorKit/Services/FREDService.swift /Users/rogerlin/XCode-Projects/FinancialCalculatorKit-5.0-updated-accent-colors/FinancialCalculatorKit/Services/HighPrecisionMath.swift /Users/rogerlin/XCode-Projects/FinancialCalculatorKit-5.0-updated-accent-colors/FinancialCalculatorKit/Services/HighPrecisionTestSuite.swift /Users/rogerlin/XCode-Projects/FinancialCalculatorKit-5.0-updated-accent-colors/FinancialCalculatorKit/Services/HighPrecisionValidation.swift /Users/rogerlin/XCode-Projects/FinancialCalculatorKit-5.0-updated-accent-colors/FinancialCalculatorKit/Services/TickerHistoryService.swift /Users/rogerlin/XCode-Projects/FinancialCalculatorKit-5.0-updated-accent-colors/FinancialCalculatorKit/Services/ValidationExtensions.swift /Users/rogerlin/XCode-Projects/FinancialCalculatorKit-5.0-updated-accent-colors/FinancialCalculatorKit/Services/ValidationService.swift /Users/rogerlin/XCode-Projects/FinancialCalculatorKit-5.0-updated-accent-colors/FinancialCalculatorKit/Services/ValidationTestSuite.swift /Users/rogerlin/XCode-Projects/FinancialCalculatorKit-5.0-updated-accent-colors/FinancialCalculatorKit/Utilities/Extensions/Date+Financial.swift /Users/rogerlin/XCode-Projects/FinancialCalculatorKit-5.0-updated-accent-colors/FinancialCalculatorKit/Utilities/Extensions/Double+Financial.swift /Users/rogerlin/XCode-Projects/FinancialCalculatorKit-5.0-updated-accent-colors/FinancialCalculatorKit/Utilities/CashFlowsTransformer.swift /Users/rogerlin/XCode-Projects/FinancialCalculatorKit-5.0-updated-accent-colors/FinancialCalculatorKit/Utilities/Formatters.swift /Users/rogerlin/XCode-Projects/FinancialCalculatorKit-5.0-updated-accent-colors/FinancialCalculatorKit/ViewHelpers/FormulaViewHelper.swift /Users/rogerlin/XCode-Projects/FinancialCalculatorKit-5.0-updated-accent-colors/FinancialCalculatorKit/ViewModels/MainViewModel.swift /Users/rogerlin/XCode-Projects/FinancialCalculatorKit-5.0-updated-accent-colors/FinancialCalculatorKit/Views/Calculator/AdvancedBondCalculatorView.swift /Users/rogerlin/XCode-Projects/FinancialCalculatorKit-5.0-updated-accent-colors/FinancialCalculatorKit/Views/Calculator/AmortizationView.swift /Users/rogerlin/XCode-Projects/FinancialCalculatorKit-5.0-updated-accent-colors/FinancialCalculatorKit/Views/Calculator/BondCalculatorView.swift /Users/rogerlin/XCode-Projects/FinancialCalculatorKit-5.0-updated-accent-colors/FinancialCalculatorKit/Views/Calculator/CompactCalculatorView.swift /Users/rogerlin/XCode-Projects/FinancialCalculatorKit-5.0-updated-accent-colors/FinancialCalculatorKit/Views/Calculator/CurrencyConverterView.swift /Users/rogerlin/XCode-Projects/FinancialCalculatorKit-5.0-updated-accent-colors/FinancialCalculatorKit/Views/Calculator/CustomScientificKeyboard.swift /Users/rogerlin/XCode-Projects/FinancialCalculatorKit-5.0-updated-accent-colors/FinancialCalculatorKit/Views/Calculator/DepreciationCalculatorView.swift /Users/rogerlin/XCode-Projects/FinancialCalculatorKit-5.0-updated-accent-colors/FinancialCalculatorKit/Views/Calculator/DocumentListView.swift /Users/rogerlin/XCode-Projects/FinancialCalculatorKit-5.0-updated-accent-colors/FinancialCalculatorKit/Views/Calculator/EquityValuationView.swift /Users/rogerlin/XCode-Projects/FinancialCalculatorKit-5.0-updated-accent-colors/FinancialCalculatorKit/Views/Calculator/FixedIncomeAnalyticsView.swift /Users/rogerlin/XCode-Projects/FinancialCalculatorKit-5.0-updated-accent-colors/FinancialCalculatorKit/Views/Calculator/FormulaLibraryView.swift /Users/rogerlin/XCode-Projects/FinancialCalculatorKit-5.0-updated-accent-colors/FinancialCalculatorKit/Views/Calculator/ForwardsCalculatorView.swift /Users/rogerlin/XCode-Projects/FinancialCalculatorKit-5.0-updated-accent-colors/FinancialCalculatorKit/Views/Calculator/FuturesCalculatorView.swift /Users/rogerlin/XCode-Projects/FinancialCalculatorKit-5.0-updated-accent-colors/FinancialCalculatorKit/Views/Calculator/FutureValueView.swift /Users/rogerlin/XCode-Projects/FinancialCalculatorKit-5.0-updated-accent-colors/FinancialCalculatorKit/Views/Calculator/HighPrecisionCalculatorView.swift /Users/rogerlin/XCode-Projects/FinancialCalculatorKit-5.0-updated-accent-colors/FinancialCalculatorKit/Views/Calculator/InvestmentCalculatorView.swift /Users/rogerlin/XCode-Projects/FinancialCalculatorKit-5.0-updated-accent-colors/FinancialCalculatorKit/Views/Calculator/LoanCalculatorView.swift /Users/rogerlin/XCode-Projects/FinancialCalculatorKit-5.0-updated-accent-colors/FinancialCalculatorKit/Views/Calculator/LoanResultView.swift /Users/rogerlin/XCode-Projects/FinancialCalculatorKit-5.0-updated-accent-colors/FinancialCalculatorKit/Views/Calculator/MathExpressionCalculatorView.swift /Users/rogerlin/XCode-Projects/FinancialCalculatorKit-5.0-updated-accent-colors/FinancialCalculatorKit/Views/Calculator/OptionsCalculatorView.swift /Users/rogerlin/XCode-Projects/FinancialCalculatorKit-5.0-updated-accent-colors/FinancialCalculatorKit/Views/Calculator/OptionsStrategiesView.swift /Users/rogerlin/XCode-Projects/FinancialCalculatorKit-5.0-updated-accent-colors/FinancialCalculatorKit/Views/Calculator/PlaceholderViews.swift /Users/rogerlin/XCode-Projects/FinancialCalculatorKit-5.0-updated-accent-colors/FinancialCalculatorKit/Views/Calculator/PortfolioOptimizationView.swift /Users/rogerlin/XCode-Projects/FinancialCalculatorKit-5.0-updated-accent-colors/FinancialCalculatorKit/Views/Calculator/PrecisionDemoView.swift /Users/rogerlin/XCode-Projects/FinancialCalculatorKit-5.0-updated-accent-colors/FinancialCalculatorKit/Views/Calculator/RiskManagementView.swift /Users/rogerlin/XCode-Projects/FinancialCalculatorKit-5.0-updated-accent-colors/FinancialCalculatorKit/Views/Calculator/ScientificCalculatorView.swift /Users/rogerlin/XCode-Projects/FinancialCalculatorKit-5.0-updated-accent-colors/FinancialCalculatorKit/Views/Calculator/SwapsCalculatorView.swift /Users/rogerlin/XCode-Projects/FinancialCalculatorKit-5.0-updated-accent-colors/FinancialCalculatorKit/Views/Calculator/TemplateViews.swift /Users/rogerlin/XCode-Projects/FinancialCalculatorKit-5.0-updated-accent-colors/FinancialCalculatorKit/Views/Calculator/TickerHistoryView.swift /Users/rogerlin/XCode-Projects/FinancialCalculatorKit-5.0-updated-accent-colors/FinancialCalculatorKit/Views/Calculator/TimeValueCalculatorView.swift -primary-file /Users/rogerlin/XCode-Projects/FinancialCalculatorKit-5.0-updated-accent-colors/FinancialCalculatorKit/Views/Calculator/TimeValueResultView.swift -primary-file /Users/rogerlin/XCode-Projects/FinancialCalculatorKit-5.0-updated-accent-colors/FinancialCalculatorKit/Views/Calculator/UnitConverterView.swift -primary-file /Users/rogerlin/XCode-Projects/FinancialCalculatorKit-5.0-updated-accent-colors/FinancialCalculatorKit/Views/Calculator/VariableManagementView.swift -primary-file /Users/rogerlin/XCode-Projects/FinancialCalculatorKit-5.0-updated-accent-colors/FinancialCalculatorKit/Views/Charts/FinancialChartView.swift -primary-file /Users/rogerlin/XCode-Projects/FinancialCalculatorKit-5.0-updated-accent-colors/FinancialCalculatorKit/Views/Charts/InteractiveFinancialCharts.swift -primary-file /Users/rogerlin/XCode-Projects/FinancialCalculatorKit-5.0-updated-accent-colors/FinancialCalculatorKit/Views/Components/DetailRow.swift /Users/rogerlin/XCode-Projects/FinancialCalculatorKit-5.0-updated-accent-colors/FinancialCalculatorKit/Views/Components/DynamicInputSection.swift /Users/rogerlin/XCode-Projects/FinancialCalculatorKit-5.0-updated-accent-colors/FinancialCalculatorKit/Views/Components/EnhancedInputFields.swift /Users/rogerlin/XCode-Projects/FinancialCalculatorKit-5.0-updated-accent-colors/FinancialCalculatorKit/Views/Components/FinancialStyles.swift /Users/rogerlin/XCode-Projects/FinancialCalculatorKit-5.0-updated-accent-colors/FinancialCalculatorKit/Views/Components/InputFieldView.swift /Users/rogerlin/XCode-Projects/FinancialCalculatorKit-5.0-updated-accent-colors/FinancialCalculatorKit/Views/Components/InteractiveDataTables.swift /Users/rogerlin/XCode-Projects/FinancialCalculatorKit-5.0-updated-accent-colors/FinancialCalculatorKit/Views/Components/LoadingResultView.swift /Users/rogerlin/XCode-Projects/FinancialCalculatorKit-5.0-updated-accent-colors/FinancialCalculatorKit/Views/Components/NumbersOnlyViewModifier.swift /Users/rogerlin/XCode-Projects/FinancialCalculatorKit-5.0-updated-accent-colors/FinancialCalculatorKit/Views/Components/ResultDisplayView.swift /Users/rogerlin/XCode-Projects/FinancialCalculatorKit-5.0-updated-accent-colors/FinancialCalculatorKit/Views/Components/StatusIndicator.swift /Users/rogerlin/XCode-Projects/FinancialCalculatorKit-5.0-updated-accent-colors/FinancialCalculatorKit/Views/Components/ValidationSummaryView.swift /Users/rogerlin/XCode-Projects/FinancialCalculatorKit-5.0-updated-accent-colors/FinancialCalculatorKit/Views/FRED/FREDDataView.swift /Users/rogerlin/XCode-Projects/FinancialCalculatorKit-5.0-updated-accent-colors/FinancialCalculatorKit/Views/Reference/FormulaReferenceView.swift /Users/rogerlin/XCode-Projects/FinancialCalculatorKit-5.0-updated-accent-colors/FinancialCalculatorKit/Views/Reference/FormulaVariableView.swift /Users/rogerlin/XCode-Projects/FinancialCalculatorKit-5.0-updated-accent-colors/FinancialCalculatorKit/Views/Reference/FormulaVariantView.swift /Users/rogerlin/XCode-Projects/FinancialCalculatorKit-5.0-updated-accent-colors/FinancialCalculatorKit/ContentView.swift /Users/rogerlin/XCode-Projects/FinancialCalculatorKit-5.0-updated-accent-colors/FinancialCalculatorKit/FinancialCalculatorKitApp.swift /Users/rogerlin/XCode-Projects/FinancialCalculatorKit-5.0-updated-accent-colors/FinancialCalculatorKit/Item.swift /Users/rogerlin/Library/Developer/Xcode/DerivedData/FinancialCalculatorKit-ackorybalcxbfocbkqsfdzcfkgmn/Build/Intermediates.noindex/FinancialCalculatorKit.build/Debug/FinancialCalculatorKit.build/DerivedSources/GeneratedAssetSymbols.swift -supplementary-output-file-map /Users/rogerlin/Library/Developer/Xcode/DerivedData/FinancialCalculatorKit-ackorybalcxbfocbkqsfdzcfkgmn/Build/Intermediates.noindex/FinancialCalculatorKit.build/Debug/FinancialCalculatorKit.build/Objects-normal/arm64/supplementaryOutputs-63 -emit-localized-strings -emit-localized-strings-path /Users/rogerlin/Library/Developer/Xcode/DerivedData/FinancialCalculatorKit-ackorybalcxbfocbkqsfdzcfkgmn/Build/Intermediates.noindex/FinancialCalculatorKit.build/Debug/FinancialCalculatorKit.build/Objects-normal/arm64 -target arm64-apple-macos14.0 -module-can-import-version AppKit 2685.20.119 2685.20.119 -module-can-import-version DeveloperToolsSupport 23.0.4 23.0.4 -module-can-import-version SwiftUI 7.1.13.1 7.1.13 -disable-cross-import-overlay-search -swift-module-cross-import SwiftData /Applications/Xcode.app/Contents/Developer/Platforms/MacOSX.platform/Developer/SDKs/MacOSX26.1.sdk/System/Library/Frameworks/SwiftData.framework/Modules/SwiftData.swiftcrossimport/CoreData.swiftoverlay -swift-module-cross-import SwiftData /Applications/Xcode.app/Contents/Developer/Platforms/MacOSX.platform/Developer/SDKs/MacOSX26.1.sdk/System/Library/Frameworks/SwiftData.framework/Modules/SwiftData.swiftcrossimport/SwiftUI.swiftoverlay -load-resolved-plugin \#/Users/rogerlin/Library/Developer/Xcode/DerivedData/FinancialCalculatorKit-ackorybalcxbfocbkqsfdzcfkgmn/Build/Products/Debug/CasePathsMacros\#CasePathsMacros -load-resolved-plugin /Applications/Xcode.app/Contents/Developer/Platforms/MacOSX.platform/Developer/usr/lib/swift/host/plugins/libFoundationMacros.dylib\#/Applications/Xcode.app/Contents/Developer/Platforms/MacOSX.platform/Developer/usr/bin/swift-plugin-server\#FoundationMacros -load-resolved-plugin /Applications/Xcode.app/Contents/Developer/Platforms/MacOSX.platform/Developer/usr/lib/swift/host/plugins/libObservationMacros.dylib\#/Applications/Xcode.app/Contents/Developer/Platforms/MacOSX.platform/Developer/usr/bin/swift-plugin-server\#ObservationMacros -load-resolved-plugin /Applications/Xcode.app/Contents/Developer/Platforms/MacOSX.platform/Developer/usr/lib/swift/host/plugins/libPreviewsMacros.dylib\#/Applications/Xcode.app/Contents/Developer/Platforms/MacOSX.platform/Developer/usr/bin/swift-plugin-server\#PreviewsMacros -load-resolved-plugin /Applications/Xcode.app/Contents/Developer/Platforms/MacOSX.platform/Developer/usr/lib/swift/host/plugins/libSwiftDataMacros.dylib\#/Applications/Xcode.app/Contents/Developer/Platforms/MacOSX.platform/Developer/usr/bin/swift-plugin-server\#SwiftDataMacros -load-resolved-plugin /Applications/Xcode.app/Contents/Developer/Platforms/MacOSX.platform/Developer/usr/lib/swift/host/plugins/libSwiftMacros.dylib\#/Applications/Xcode.app/Contents/Developer/Platforms/MacOSX.platform/Developer/usr/bin/swift-plugin-server\#SwiftMacros -load-resolved-plugin /Applications/Xcode.app/Contents/Developer/Platforms/MacOSX.platform/Developer/usr/lib/swift/host/plugins/libSwiftUIMacros.dylib\#/Applications/Xcode.app/Contents/Developer/Platforms/MacOSX.platform/Developer/usr/bin/swift-plugin-server\#SwiftUIMacros -disable-implicit-swift-modules -Xcc -fno-implicit-modules -Xcc -fno-implicit-module-maps -explicit-swift-module-map-file /Users/rogerlin/Library/Developer/Xcode/DerivedData/FinancialCalculatorKit-ackorybalcxbfocbkqsfdzcfkgmn/Build/Intermediates.noindex/FinancialCalculatorKit.build/Debug/FinancialCalculatorKit.build/Objects-normal/arm64/FinancialCalculatorKit-dependencies-1.json -Xllvm -aarch64-use-tbi -enable-objc-interop -stack-check -sdk /Applications/Xcode.app/Contents/Developer/Platforms/MacOSX.platform/Developer/SDKs/MacOSX26.1.sdk -I /Users/rogerlin/Library/Developer/Xcode/DerivedData/FinancialCalculatorKit-ackorybalcxbfocbkqsfdzcfkgmn/Build/Products/Debug -F /Users/rogerlin/Library/Developer/Xcode/DerivedData/FinancialCalculatorKit-ackorybalcxbfocbkqsfdzcfkgmn/Build/Products/Debug/PackageFrameworks -F /Users/rogerlin/Library/Developer/Xcode/DerivedData/FinancialCalculatorKit-ackorybalcxbfocbkqsfdzcfkgmn/Build/Products/Debug/PackageFrameworks -F /Users/rogerlin/Library/Developer/Xcode/DerivedData/FinancialCalculatorKit-ackorybalcxbfocbkqsfdzcfkgmn/Build/Products/Debug/PackageFrameworks -F /Users/rogerlin/Library/Developer/Xcode/DerivedData/FinancialCalculatorKit-ackorybalcxbfocbkqsfdzcfkgmn/Build/Products/Debug/PackageFrameworks -F /Users/rogerlin/Library/Developer/Xcode/DerivedData/FinancialCalculatorKit-ackorybalcxbfocbkqsfdzcfkgmn/Build/Products/Debug/PackageFrameworks -F /Users/rogerlin/Library/Developer/Xcode/DerivedData/FinancialCalculatorKit-ackorybalcxbfocbkqsfdzcfkgmn/Build/Products/Debug/PackageFrameworks -F /Users/rogerlin/Library/Developer/Xcode/DerivedData/FinancialCalculatorKit-ackorybalcxbfocbkqsfdzcfkgmn/Build/Products/Debug/PackageFrameworks -F /Users/rogerlin/Library/Developer/Xcode/DerivedData/FinancialCalculatorKit-ackorybalcxbfocbkqsfdzcfkgmn/Build/Products/Debug/PackageFrameworks -F /Users/rogerlin/Library/Developer/Xcode/DerivedData/FinancialCalculatorKit-ackorybalcxbfocbkqsfdzcfkgmn/Build/Products/Debug/PackageFrameworks -F /Users/rogerlin/Library/Developer/Xcode/DerivedData/FinancialCalculatorKit-ackorybalcxbfocbkqsfdzcfkgmn/Build/Products/Debug/PackageFrameworks -F /Users/rogerlin/Library/Developer/Xcode/DerivedData/FinancialCalculatorKit-ackorybalcxbfocbkqsfdzcfkgmn/Build/Products/Debug/PackageFrameworks -F /Users/rogerlin/Library/Developer/Xcode/DerivedData/FinancialCalculatorKit-ackorybalcxbfocbkqsfdzcfkgmn/Build/Products/Debug/PackageFrameworks -F /Users/rogerlin/Library/Developer/Xcode/DerivedData/FinancialCalculatorKit-ackorybalcxbfocbkqsfdzcfkgmn/Build/Products/Debug/PackageFrameworks -F /Users/rogerlin/Library/Developer/Xcode/DerivedData/FinancialCalculatorKit-ackorybalcxbfocbkqsfdzcfkgmn/Build/Products/Debug/PackageFrameworks -F /Users/rogerlin/Library/Developer/Xcode/DerivedData/FinancialCalculatorKit-ackorybalcxbfocbkqsfdzcfkgmn/Build/Products/Debug/PackageFrameworks -F /Users/rogerlin/Library/Developer/Xcode/DerivedData/FinancialCalculatorKit-ackorybalcxbfocbkqsfdzcfkgmn/Build/Products/Debug/PackageFrameworks -F /Users/rogerlin/Library/Developer/Xcode/DerivedData/FinancialCalculatorKit-ackorybalcxbfocbkqsfdzcfkgmn/Build/Products/Debug/PackageFrameworks -F /Users/rogerlin/Library/Developer/Xcode/DerivedData/FinancialCalculatorKit-ackorybalcxbfocbkqsfdzcfkgmn/Build/Products/Debug/PackageFrameworks -F /Users/rogerlin/Library/Developer/Xcode/DerivedData/FinancialCalculatorKit-ackorybalcxbfocbkqsfdzcfkgmn/Build/Products/Debug/PackageFrameworks -F /Users/rogerlin/Library/Developer/Xcode/DerivedData/FinancialCalculatorKit-ackorybalcxbfocbkqsfdzcfkgmn/Build/Products/Debug -no-color-diagnostics -Xcc -fno-color-diagnostics -enable-testing -g -debug-info-format\=dwarf -dwarf-version\=4 -module-cache-path /Users/rogerlin/Library/Developer/Xcode/DerivedData/FinancialCalculatorKit-ackorybalcxbfocbkqsfdzcfkgmn/Build/Intermediates.noindex/SwiftExplicitPrecompiledModules -profile-generate -profile-coverage-mapping -swift-version 5 -enforce-exclusivity\=checked -Onone -D DEBUG -serialize-debugging-options -load-plugin-executable /Users/rogerlin/Library/Developer/Xcode/DerivedData/FinancialCalculatorKit-ackorybalcxbfocbkqsfdzcfkgmn/Build/Products/Debug/CasePathsMacros\#CasePathsMacros -const-gather-protocols-file /Users/rogerlin/Library/Developer/Xcode/DerivedData/FinancialCalculatorKit-ackorybalcxbfocbkqsfdzcfkgmn/Build/Intermediates.noindex/FinancialCalculatorKit.build/Debug/FinancialCalculatorKit.build/Objects-normal/arm64/FinancialCalculatorKit_const_extract_protocols.json -enable-experimental-feature DebugDescriptionMacro -enable-bare-slash-regex -empty-abi-descriptor -validate-clang-modules-once -clang-build-session-file /Users/rogerlin/Library/Developer/Xcode/DerivedData/ModuleCache.noindex/Session.modulevalidation -Xcc -working-directory -Xcc /Users/rogerlin/XCode-Projects/FinancialCalculatorKit-5.0-updated-accent-colors -enable-anonymous-context-mangled-names -file-compilation-dir /Users/rogerlin/XCode-Projects/FinancialCalculatorKit-5.0-updated-accent-colors -Xcc -D_LIBCPP_HARDENING_MODE\=_LIBCPP_HARDENING_MODE_DEBUG -Xcc -ivfsstatcache -Xcc /Users/rogerlin/Library/Developer/Xcode/DerivedData/SDKStatCaches.noindex/macosx26.1-25B74-3ae1261907bdadc328169391a47051a6.sdkstatcache -Xcc -I/Users/rogerlin/Library/Developer/Xcode/DerivedData/FinancialCalculatorKit-ackorybalcxbfocbkqsfdzcfkgmn/Build/Intermediates.noindex/FinancialCalculatorKit.build/Debug/FinancialCalculatorKit.build/swift-overrides.hmap -Xcc -iquote -Xcc /Users/rogerlin/Library/Developer/Xcode/DerivedData/FinancialCalculatorKit-ackorybalcxbfocbkqsfdzcfkgmn/Build/Intermediates.noindex/FinancialCalculatorKit.build/Debug/FinancialCalculatorKit.build/FinancialCalculatorKit-generated-files.hmap -Xcc -I/Users/rogerlin/Library/Developer/Xcode/DerivedData/FinancialCalculatorKit-ackorybalcxbfocbkqsfdzcfkgmn/Build/Intermediates.noindex/FinancialCalculatorKit.build/Debug/FinancialCalculatorKit.build/FinancialCalculatorKit-own-target-headers.hmap -Xcc -I/Users/rogerlin/Library/Developer/Xcode/DerivedData/FinancialCalculatorKit-ackorybalcxbfocbkqsfdzcfkgmn/Build/Intermediates.noindex/FinancialCalculatorKit.build/Debug/FinancialCalculatorKit.build/FinancialCalculatorKit-all-non-framework-target-headers.hmap -Xcc -ivfsoverlay -Xcc /Users/rogerlin/Library/Developer/Xcode/DerivedData/FinancialCalculatorKit-ackorybalcxbfocbkqsfdzcfkgmn/Build/Intermediates.noindex/FinancialCalculatorKit.build/Debug/FinancialCalculatorKit-b796aaad08c4b307251b75ea7c01aae2-VFS/all-product-headers.yaml -Xcc -iquote -Xcc /Users/rogerlin/Library/Developer/Xcode/DerivedData/FinancialCalculatorKit-ackorybalcxbfocbkqsfdzcfkgmn/Build/Intermediates.noindex/FinancialCalculatorKit.build/Debug/FinancialCalculatorKit.build/FinancialCalculatorKit-project-headers.hmap -Xcc -I/Users/rogerlin/Library/Developer/Xcode/DerivedData/FinancialCalculatorKit-ackorybalcxbfocbkqsfdzcfkgmn/SourcePackages/checkouts/swift-numerics/Sources/_NumericsShims/include -Xcc -I/Users/rogerlin/Library/Developer/Xcode/DerivedData/FinancialCalculatorKit-ackorybalcxbfocbkqsfdzcfkgmn/Build/Products/Debug/include -Xcc -I/Users/rogerlin/Library/Developer/Xcode/DerivedData/FinancialCalculatorKit-ackorybalcxbfocbkqsfdzcfkgmn/Build/Intermediates.noindex/FinancialCalculatorKit.build/Debug/FinancialCalculatorKit.build/DerivedSources-normal/arm64 -Xcc -I/Users/rogerlin/Library/Developer/Xcode/DerivedData/FinancialCalculatorKit-ackorybalcxbfocbkqsfdzcfkgmn/Build/Intermediates.noindex/FinancialCalculatorKit.build/Debug/FinancialCalculatorKit.build/DerivedSources/arm64 -Xcc -I/Users/rogerlin/Library/Developer/Xcode/DerivedData/FinancialCalculatorKit-ackorybalcxbfocbkqsfdzcfkgmn/Build/Intermediates.noindex/FinancialCalculatorKit.build/Debug/FinancialCalculatorKit.build/DerivedSources -Xcc -DDEBUG\=1 -no-auto-bridging-header-chaining -module-name FinancialCalculatorKit -frontend-parseable-output -disable-clang-spi -target-sdk-version 26.1 -target-sdk-name macosx26.1 -clang-target arm64-apple-macos26.1 -in-process-plugin-server-path /Applications/Xcode.app/Contents/Developer/Toolchains/XcodeDefault.xctoolchain/usr/lib/swift/host/libSwiftInProcPluginServer.dylib -o /Users/rogerlin/Library/Developer/Xcode/DerivedData/FinancialCalculatorKit-ackorybalcxbfocbkqsfdzcfkgmn/Build/Intermediates.noindex/FinancialCalculatorKit.build/Debug/FinancialCalculatorKit.build/Objects-normal/arm64/TimeValueResultView.o -o /Users/rogerlin/Library/Developer/Xcode/DerivedData/FinancialCalculatorKit-ackorybalcxbfocbkqsfdzcfkgmn/Build/Intermediates.noindex/FinancialCalculatorKit.build/Debug/FinancialCalculatorKit.build/Objects-normal/arm64/UnitConverterView.o -o /Users/rogerlin/Library/Developer/Xcode/DerivedData/FinancialCalculatorKit-ackorybalcxbfocbkqsfdzcfkgmn/Build/Intermediates.noindex/FinancialCalculatorKit.build/Debug/FinancialCalculatorKit.build/Objects-normal/arm64/VariableManagementView.o -o /Users/rogerlin/Library/Developer/Xcode/DerivedData/FinancialCalculatorKit-ackorybalcxbfocbkqsfdzcfkgmn/Build/Intermediates.noindex/FinancialCalculatorKit.build/Debug/FinancialCalculatorKit.build/Objects-normal/arm64/FinancialChartView.o -o /Users/rogerlin/Library/Developer/Xcode/DerivedData/FinancialCalculatorKit-ackorybalcxbfocbkqsfdzcfkgmn/Build/Intermediates.noindex/FinancialCalculatorKit.build/Debug/FinancialCalculatorKit.build/Objects-normal/arm64/InteractiveFinancialCharts.o -o /Users/rogerlin/Library/Developer/Xcode/DerivedData/FinancialCalculatorKit-ackorybalcxbfocbkqsfdzcfkgmn/Build/Intermediates.noindex/FinancialCalculatorKit.build/Debug/FinancialCalculatorKit.build/Objects-normal/arm64/DetailRow.o -index-unit-output-path /FinancialCalculatorKit.build/Debug/FinancialCalculatorKit.build/Objects-normal/arm64/TimeValueResultView.o -index-unit-output-path /FinancialCalculatorKit.build/Debug/FinancialCalculatorKit.build/Objects-normal/arm64/UnitConverterView.o -index-unit-output-path /FinancialCalculatorKit.build/Debug/FinancialCalculatorKit.build/Objects-normal/arm64/VariableManagementView.o -index-unit-output-path /FinancialCalculatorKit.build/Debug/FinancialCalculatorKit.build/Objects-normal/arm64/FinancialChartView.o -index-unit-output-path /FinancialCalculatorKit.build/Debug/FinancialCalculatorKit.build/Objects-normal/arm64/InteractiveFinancialCharts.o -index-unit-output-path /FinancialCalculatorKit.build/Debug/FinancialCalculatorKit.build/Objects-normal/arm64/DetailRow.o -index-store-path /Users/rogerlin/Library/Developer/Xcode/DerivedData/FinancialCalculatorKit-ackorybalcxbfocbkqsfdzcfkgmn/Index.noindex/DataStore -index-system-modules
SwiftCompile normal arm64 Compiling\ MathExpressionCalculatorView.swift,\ OptionsCalculatorView.swift,\ OptionsStrategiesView.swift,\ PlaceholderViews.swift,\ PortfolioOptimizationView.swift,\ PrecisionDemoView.swift /Users/rogerlin/XCode-Projects/FinancialCalculatorKit-5.0-updated-accent-colors/FinancialCalculatorKit/Views/Calculator/MathExpressionCalculatorView.swift /Users/rogerlin/XCode-Projects/FinancialCalculatorKit-5.0-updated-accent-colors/FinancialCalculatorKit/Views/Calculator/OptionsCalculatorView.swift /Users/rogerlin/XCode-Projects/FinancialCalculatorKit-5.0-updated-accent-colors/FinancialCalculatorKit/Views/Calculator/OptionsStrategiesView.swift /Users/rogerlin/XCode-Projects/FinancialCalculatorKit-5.0-updated-accent-colors/FinancialCalculatorKit/Views/Calculator/PlaceholderViews.swift /Users/rogerlin/XCode-Projects/FinancialCalculatorKit-5.0-updated-accent-colors/FinancialCalculatorKit/Views/Calculator/PortfolioOptimizationView.swift /Users/rogerlin/XCode-Projects/FinancialCalculatorKit-5.0-updated-accent-colors/FinancialCalculatorKit/Views/Calculator/PrecisionDemoView.swift (in target 'FinancialCalculatorKit' from project 'FinancialCalculatorKit')
SwiftCompile normal arm64 /Users/rogerlin/XCode-Projects/FinancialCalculatorKit-5.0-updated-accent-colors/FinancialCalculatorKit/Views/Calculator/MathExpressionCalculatorView.swift (in target 'FinancialCalculatorKit' from project 'FinancialCalculatorKit')
    cd /Users/rogerlin/XCode-Projects/FinancialCalculatorKit-5.0-updated-accent-colors
    

SwiftCompile normal arm64 /Users/rogerlin/XCode-Projects/FinancialCalculatorKit-5.0-updated-accent-colors/FinancialCalculatorKit/Views/Calculator/OptionsCalculatorView.swift (in target 'FinancialCalculatorKit' from project 'FinancialCalculatorKit')
    cd /Users/rogerlin/XCode-Projects/FinancialCalculatorKit-5.0-updated-accent-colors
    

SwiftCompile normal arm64 /Users/rogerlin/XCode-Projects/FinancialCalculatorKit-5.0-updated-accent-colors/FinancialCalculatorKit/Views/Calculator/OptionsStrategiesView.swift (in target 'FinancialCalculatorKit' from project 'FinancialCalculatorKit')
    cd /Users/rogerlin/XCode-Projects/FinancialCalculatorKit-5.0-updated-accent-colors
    

SwiftCompile normal arm64 /Users/rogerlin/XCode-Projects/FinancialCalculatorKit-5.0-updated-accent-colors/FinancialCalculatorKit/Views/Calculator/PlaceholderViews.swift (in target 'FinancialCalculatorKit' from project 'FinancialCalculatorKit')
    cd /Users/rogerlin/XCode-Projects/FinancialCalculatorKit-5.0-updated-accent-colors
    

SwiftCompile normal arm64 /Users/rogerlin/XCode-Projects/FinancialCalculatorKit-5.0-updated-accent-colors/FinancialCalculatorKit/Views/Calculator/PortfolioOptimizationView.swift (in target 'FinancialCalculatorKit' from project 'FinancialCalculatorKit')
    cd /Users/rogerlin/XCode-Projects/FinancialCalculatorKit-5.0-updated-accent-colors
    

SwiftCompile normal arm64 /Users/rogerlin/XCode-Projects/FinancialCalculatorKit-5.0-updated-accent-colors/FinancialCalculatorKit/Views/Calculator/PrecisionDemoView.swift (in target 'FinancialCalculatorKit' from project 'FinancialCalculatorKit')
    cd /Users/rogerlin/XCode-Projects/FinancialCalculatorKit-5.0-updated-accent-colors
    

/Applications/Xcode.app/Contents/Developer/Toolchains/XcodeDefault.xctoolchain/usr/bin/swift-frontend -frontend -c /Users/rogerlin/XCode-Projects/FinancialCalculatorKit-5.0-updated-accent-colors/FinancialCalculatorKit/Models/Bond/AdvancedBondModels.swift /Users/rogerlin/XCode-Projects/FinancialCalculatorKit-5.0-updated-accent-colors/FinancialCalculatorKit/Models/Bond/YieldCurveTypes.swift /Users/rogerlin/XCode-Projects/FinancialCalculatorKit-5.0-updated-accent-colors/FinancialCalculatorKit/Models/Calculation/BondCalculation.swift /Users/rogerlin/XCode-Projects/FinancialCalculatorKit-5.0-updated-accent-colors/FinancialCalculatorKit/Models/Calculation/CalculationMetadata.swift /Users/rogerlin/XCode-Projects/FinancialCalculatorKit-5.0-updated-accent-colors/FinancialCalculatorKit/Models/Calculation/DepreciationCalculation.swift /Users/rogerlin/XCode-Projects/FinancialCalculatorKit-5.0-updated-accent-colors/FinancialCalculatorKit/Models/Calculation/FinancialCalculation.swift /Users/rogerlin/XCode-Projects/FinancialCalculatorKit-5.0-updated-accent-colors/FinancialCalculatorKit/Models/Calculation/InvestmentCalculation.swift /Users/rogerlin/XCode-Projects/FinancialCalculatorKit-5.0-updated-accent-colors/FinancialCalculatorKit/Models/Calculation/LoanCalculation.swift /Users/rogerlin/XCode-Projects/FinancialCalculatorKit-5.0-updated-accent-colors/FinancialCalculatorKit/Models/Calculation/TimeValueCalculation.swift /Users/rogerlin/XCode-Projects/FinancialCalculatorKit-5.0-updated-accent-colors/FinancialCalculatorKit/Models/Enums/CalculationType.swift /Users/rogerlin/XCode-Projects/FinancialCalculatorKit-5.0-updated-accent-colors/FinancialCalculatorKit/Models/Enums/Currency.swift /Users/rogerlin/XCode-Projects/FinancialCalculatorKit-5.0-updated-accent-colors/FinancialCalculatorKit/Models/Enums/LoanType.swift /Users/rogerlin/XCode-Projects/FinancialCalculatorKit-5.0-updated-accent-colors/FinancialCalculatorKit/Models/Enums/PaymentFrequency.swift /Users/rogerlin/XCode-Projects/FinancialCalculatorKit-5.0-updated-accent-colors/FinancialCalculatorKit/Models/Enums/TimeValueVariable.swift /Users/rogerlin/XCode-Projects/FinancialCalculatorKit-5.0-updated-accent-colors/FinancialCalculatorKit/Models/Formula/FormulaReference.swift /Users/rogerlin/XCode-Projects/FinancialCalculatorKit-5.0-updated-accent-colors/FinancialCalculatorKit/Models/FRED/FREDModels.swift /Users/rogerlin/XCode-Projects/FinancialCalculatorKit-5.0-updated-accent-colors/FinancialCalculatorKit/Models/Options/AdvancedOptionsModels.swift /Users/rogerlin/XCode-Projects/FinancialCalculatorKit-5.0-updated-accent-colors/FinancialCalculatorKit/Models/ScientificCalculator/EquationDocument.swift /Users/rogerlin/XCode-Projects/FinancialCalculatorKit-5.0-updated-accent-colors/FinancialCalculatorKit/Models/ScientificCalculator/VariableStore.swift /Users/rogerlin/XCode-Projects/FinancialCalculatorKit-5.0-updated-accent-colors/FinancialCalculatorKit/Protocols/FinancialComputable.swift /Users/rogerlin/XCode-Projects/FinancialCalculatorKit-5.0-updated-accent-colors/FinancialCalculatorKit/Services/Bond/AdvancedBondPricingEngine.swift /Users/rogerlin/XCode-Projects/FinancialCalculatorKit-5.0-updated-accent-colors/FinancialCalculatorKit/Services/Options/AdvancedOptionsPricingEngine.swift /Users/rogerlin/XCode-Projects/FinancialCalculatorKit-5.0-updated-accent-colors/FinancialCalculatorKit/Services/AdvancedExpressionParser.swift /Users/rogerlin/XCode-Projects/FinancialCalculatorKit-5.0-updated-accent-colors/FinancialCalculatorKit/Services/AdvancedIRRCalculator.swift /Users/rogerlin/XCode-Projects/FinancialCalculatorKit-5.0-updated-accent-colors/FinancialCalculatorKit/Services/AdvancedMathFunctions.swift /Users/rogerlin/XCode-Projects/FinancialCalculatorKit-5.0-updated-accent-colors/FinancialCalculatorKit/Services/CalculationEngine.swift /Users/rogerlin/XCode-Projects/FinancialCalculatorKit-5.0-updated-accent-colors/FinancialCalculatorKit/Services/CSVHelper.swift /Users/rogerlin/XCode-Projects/FinancialCalculatorKit-5.0-updated-accent-colors/FinancialCalculatorKit/Services/CurrencyConversionService.swift /Users/rogerlin/XCode-Projects/FinancialCalculatorKit-5.0-updated-accent-colors/FinancialCalculatorKit/Services/ExchangeRateService.swift /Users/rogerlin/XCode-Projects/FinancialCalculatorKit-5.0-updated-accent-colors/FinancialCalculatorKit/Services/FinancialCalculator.swift /Users/rogerlin/XCode-Projects/FinancialCalculatorKit-5.0-updated-accent-colors/FinancialCalculatorKit/Services/FinancialValidation.swift /Users/rogerlin/XCode-Projects/FinancialCalculatorKit-5.0-updated-accent-colors/FinancialCalculatorKit/Services/FormulaAutoComplete.swift /Users/rogerlin/XCode-Projects/FinancialCalculatorKit-5.0-updated-accent-colors/FinancialCalculatorKit/Services/FREDService.swift /Users/rogerlin/XCode-Projects/FinancialCalculatorKit-5.0-updated-accent-colors/FinancialCalculatorKit/Services/HighPrecisionMath.swift /Users/rogerlin/XCode-Projects/FinancialCalculatorKit-5.0-updated-accent-colors/FinancialCalculatorKit/Services/HighPrecisionTestSuite.swift /Users/rogerlin/XCode-Projects/FinancialCalculatorKit-5.0-updated-accent-colors/FinancialCalculatorKit/Services/HighPrecisionValidation.swift /Users/rogerlin/XCode-Projects/FinancialCalculatorKit-5.0-updated-accent-colors/FinancialCalculatorKit/Services/TickerHistoryService.swift /Users/rogerlin/XCode-Projects/FinancialCalculatorKit-5.0-updated-accent-colors/FinancialCalculatorKit/Services/ValidationExtensions.swift /Users/rogerlin/XCode-Projects/FinancialCalculatorKit-5.0-updated-accent-colors/FinancialCalculatorKit/Services/ValidationService.swift /Users/rogerlin/XCode-Projects/FinancialCalculatorKit-5.0-updated-accent-colors/FinancialCalculatorKit/Services/ValidationTestSuite.swift /Users/rogerlin/XCode-Projects/FinancialCalculatorKit-5.0-updated-accent-colors/FinancialCalculatorKit/Utilities/Extensions/Date+Financial.swift /Users/rogerlin/XCode-Projects/FinancialCalculatorKit-5.0-updated-accent-colors/FinancialCalculatorKit/Utilities/Extensions/Double+Financial.swift /Users/rogerlin/XCode-Projects/FinancialCalculatorKit-5.0-updated-accent-colors/FinancialCalculatorKit/Utilities/CashFlowsTransformer.swift /Users/rogerlin/XCode-Projects/FinancialCalculatorKit-5.0-updated-accent-colors/FinancialCalculatorKit/Utilities/Formatters.swift /Users/rogerlin/XCode-Projects/FinancialCalculatorKit-5.0-updated-accent-colors/FinancialCalculatorKit/ViewHelpers/FormulaViewHelper.swift /Users/rogerlin/XCode-Projects/FinancialCalculatorKit-5.0-updated-accent-colors/FinancialCalculatorKit/ViewModels/MainViewModel.swift /Users/rogerlin/XCode-Projects/FinancialCalculatorKit-5.0-updated-accent-colors/FinancialCalculatorKit/Views/Calculator/AdvancedBondCalculatorView.swift /Users/rogerlin/XCode-Projects/FinancialCalculatorKit-5.0-updated-accent-colors/FinancialCalculatorKit/Views/Calculator/AmortizationView.swift /Users/rogerlin/XCode-Projects/FinancialCalculatorKit-5.0-updated-accent-colors/FinancialCalculatorKit/Views/Calculator/BondCalculatorView.swift /Users/rogerlin/XCode-Projects/FinancialCalculatorKit-5.0-updated-accent-colors/FinancialCalculatorKit/Views/Calculator/CompactCalculatorView.swift /Users/rogerlin/XCode-Projects/FinancialCalculatorKit-5.0-updated-accent-colors/FinancialCalculatorKit/Views/Calculator/CurrencyConverterView.swift /Users/rogerlin/XCode-Projects/FinancialCalculatorKit-5.0-updated-accent-colors/FinancialCalculatorKit/Views/Calculator/CustomScientificKeyboard.swift /Users/rogerlin/XCode-Projects/FinancialCalculatorKit-5.0-updated-accent-colors/FinancialCalculatorKit/Views/Calculator/DepreciationCalculatorView.swift /Users/rogerlin/XCode-Projects/FinancialCalculatorKit-5.0-updated-accent-colors/FinancialCalculatorKit/Views/Calculator/DocumentListView.swift /Users/rogerlin/XCode-Projects/FinancialCalculatorKit-5.0-updated-accent-colors/FinancialCalculatorKit/Views/Calculator/EquityValuationView.swift /Users/rogerlin/XCode-Projects/FinancialCalculatorKit-5.0-updated-accent-colors/FinancialCalculatorKit/Views/Calculator/FixedIncomeAnalyticsView.swift /Users/rogerlin/XCode-Projects/FinancialCalculatorKit-5.0-updated-accent-colors/FinancialCalculatorKit/Views/Calculator/FormulaLibraryView.swift /Users/rogerlin/XCode-Projects/FinancialCalculatorKit-5.0-updated-accent-colors/FinancialCalculatorKit/Views/Calculator/ForwardsCalculatorView.swift /Users/rogerlin/XCode-Projects/FinancialCalculatorKit-5.0-updated-accent-colors/FinancialCalculatorKit/Views/Calculator/FuturesCalculatorView.swift /Users/rogerlin/XCode-Projects/FinancialCalculatorKit-5.0-updated-accent-colors/FinancialCalculatorKit/Views/Calculator/FutureValueView.swift /Users/rogerlin/XCode-Projects/FinancialCalculatorKit-5.0-updated-accent-colors/FinancialCalculatorKit/Views/Calculator/HighPrecisionCalculatorView.swift /Users/rogerlin/XCode-Projects/FinancialCalculatorKit-5.0-updated-accent-colors/FinancialCalculatorKit/Views/Calculator/InvestmentCalculatorView.swift /Users/rogerlin/XCode-Projects/FinancialCalculatorKit-5.0-updated-accent-colors/FinancialCalculatorKit/Views/Calculator/LoanCalculatorView.swift /Users/rogerlin/XCode-Projects/FinancialCalculatorKit-5.0-updated-accent-colors/FinancialCalculatorKit/Views/Calculator/LoanResultView.swift -primary-file /Users/rogerlin/XCode-Projects/FinancialCalculatorKit-5.0-updated-accent-colors/FinancialCalculatorKit/Views/Calculator/MathExpressionCalculatorView.swift -primary-file /Users/rogerlin/XCode-Projects/FinancialCalculatorKit-5.0-updated-accent-colors/FinancialCalculatorKit/Views/Calculator/OptionsCalculatorView.swift -primary-file /Users/rogerlin/XCode-Projects/FinancialCalculatorKit-5.0-updated-accent-colors/FinancialCalculatorKit/Views/Calculator/OptionsStrategiesView.swift -primary-file /Users/rogerlin/XCode-Projects/FinancialCalculatorKit-5.0-updated-accent-colors/FinancialCalculatorKit/Views/Calculator/PlaceholderViews.swift -primary-file /Users/rogerlin/XCode-Projects/FinancialCalculatorKit-5.0-updated-accent-colors/FinancialCalculatorKit/Views/Calculator/PortfolioOptimizationView.swift -primary-file /Users/rogerlin/XCode-Projects/FinancialCalculatorKit-5.0-updated-accent-colors/FinancialCalculatorKit/Views/Calculator/PrecisionDemoView.swift /Users/rogerlin/XCode-Projects/FinancialCalculatorKit-5.0-updated-accent-colors/FinancialCalculatorKit/Views/Calculator/RiskManagementView.swift /Users/rogerlin/XCode-Projects/FinancialCalculatorKit-5.0-updated-accent-colors/FinancialCalculatorKit/Views/Calculator/ScientificCalculatorView.swift /Users/rogerlin/XCode-Projects/FinancialCalculatorKit-5.0-updated-accent-colors/FinancialCalculatorKit/Views/Calculator/SwapsCalculatorView.swift /Users/rogerlin/XCode-Projects/FinancialCalculatorKit-5.0-updated-accent-colors/FinancialCalculatorKit/Views/Calculator/TemplateViews.swift /Users/rogerlin/XCode-Projects/FinancialCalculatorKit-5.0-updated-accent-colors/FinancialCalculatorKit/Views/Calculator/TickerHistoryView.swift /Users/rogerlin/XCode-Projects/FinancialCalculatorKit-5.0-updated-accent-colors/FinancialCalculatorKit/Views/Calculator/TimeValueCalculatorView.swift /Users/rogerlin/XCode-Projects/FinancialCalculatorKit-5.0-updated-accent-colors/FinancialCalculatorKit/Views/Calculator/TimeValueResultView.swift /Users/rogerlin/XCode-Projects/FinancialCalculatorKit-5.0-updated-accent-colors/FinancialCalculatorKit/Views/Calculator/UnitConverterView.swift /Users/rogerlin/XCode-Projects/FinancialCalculatorKit-5.0-updated-accent-colors/FinancialCalculatorKit/Views/Calculator/VariableManagementView.swift /Users/rogerlin/XCode-Projects/FinancialCalculatorKit-5.0-updated-accent-colors/FinancialCalculatorKit/Views/Charts/FinancialChartView.swift /Users/rogerlin/XCode-Projects/FinancialCalculatorKit-5.0-updated-accent-colors/FinancialCalculatorKit/Views/Charts/InteractiveFinancialCharts.swift /Users/rogerlin/XCode-Projects/FinancialCalculatorKit-5.0-updated-accent-colors/FinancialCalculatorKit/Views/Components/DetailRow.swift /Users/rogerlin/XCode-Projects/FinancialCalculatorKit-5.0-updated-accent-colors/FinancialCalculatorKit/Views/Components/DynamicInputSection.swift /Users/rogerlin/XCode-Projects/FinancialCalculatorKit-5.0-updated-accent-colors/FinancialCalculatorKit/Views/Components/EnhancedInputFields.swift /Users/rogerlin/XCode-Projects/FinancialCalculatorKit-5.0-updated-accent-colors/FinancialCalculatorKit/Views/Components/FinancialStyles.swift /Users/rogerlin/XCode-Projects/FinancialCalculatorKit-5.0-updated-accent-colors/FinancialCalculatorKit/Views/Components/InputFieldView.swift /Users/rogerlin/XCode-Projects/FinancialCalculatorKit-5.0-updated-accent-colors/FinancialCalculatorKit/Views/Components/InteractiveDataTables.swift /Users/rogerlin/XCode-Projects/FinancialCalculatorKit-5.0-updated-accent-colors/FinancialCalculatorKit/Views/Components/LoadingResultView.swift /Users/rogerlin/XCode-Projects/FinancialCalculatorKit-5.0-updated-accent-colors/FinancialCalculatorKit/Views/Components/NumbersOnlyViewModifier.swift /Users/rogerlin/XCode-Projects/FinancialCalculatorKit-5.0-updated-accent-colors/FinancialCalculatorKit/Views/Components/ResultDisplayView.swift /Users/rogerlin/XCode-Projects/FinancialCalculatorKit-5.0-updated-accent-colors/FinancialCalculatorKit/Views/Components/StatusIndicator.swift /Users/rogerlin/XCode-Projects/FinancialCalculatorKit-5.0-updated-accent-colors/FinancialCalculatorKit/Views/Components/ValidationSummaryView.swift /Users/rogerlin/XCode-Projects/FinancialCalculatorKit-5.0-updated-accent-colors/FinancialCalculatorKit/Views/FRED/FREDDataView.swift /Users/rogerlin/XCode-Projects/FinancialCalculatorKit-5.0-updated-accent-colors/FinancialCalculatorKit/Views/Reference/FormulaReferenceView.swift /Users/rogerlin/XCode-Projects/FinancialCalculatorKit-5.0-updated-accent-colors/FinancialCalculatorKit/Views/Reference/FormulaVariableView.swift /Users/rogerlin/XCode-Projects/FinancialCalculatorKit-5.0-updated-accent-colors/FinancialCalculatorKit/Views/Reference/FormulaVariantView.swift /Users/rogerlin/XCode-Projects/FinancialCalculatorKit-5.0-updated-accent-colors/FinancialCalculatorKit/ContentView.swift /Users/rogerlin/XCode-Projects/FinancialCalculatorKit-5.0-updated-accent-colors/FinancialCalculatorKit/FinancialCalculatorKitApp.swift /Users/rogerlin/XCode-Projects/FinancialCalculatorKit-5.0-updated-accent-colors/FinancialCalculatorKit/Item.swift /Users/rogerlin/Library/Developer/Xcode/DerivedData/FinancialCalculatorKit-ackorybalcxbfocbkqsfdzcfkgmn/Build/Intermediates.noindex/FinancialCalculatorKit.build/Debug/FinancialCalculatorKit.build/DerivedSources/GeneratedAssetSymbols.swift -supplementary-output-file-map /Users/rogerlin/Library/Developer/Xcode/DerivedData/FinancialCalculatorKit-ackorybalcxbfocbkqsfdzcfkgmn/Build/Intermediates.noindex/FinancialCalculatorKit.build/Debug/FinancialCalculatorKit.build/Objects-normal/arm64/supplementaryOutputs-61 -emit-localized-strings -emit-localized-strings-path /Users/rogerlin/Library/Developer/Xcode/DerivedData/FinancialCalculatorKit-ackorybalcxbfocbkqsfdzcfkgmn/Build/Intermediates.noindex/FinancialCalculatorKit.build/Debug/FinancialCalculatorKit.build/Objects-normal/arm64 -target arm64-apple-macos14.0 -module-can-import-version AppKit 2685.20.119 2685.20.119 -module-can-import-version DeveloperToolsSupport 23.0.4 23.0.4 -module-can-import-version SwiftUI 7.1.13.1 7.1.13 -disable-cross-import-overlay-search -swift-module-cross-import SwiftData /Applications/Xcode.app/Contents/Developer/Platforms/MacOSX.platform/Developer/SDKs/MacOSX26.1.sdk/System/Library/Frameworks/SwiftData.framework/Modules/SwiftData.swiftcrossimport/CoreData.swiftoverlay -swift-module-cross-import SwiftData /Applications/Xcode.app/Contents/Developer/Platforms/MacOSX.platform/Developer/SDKs/MacOSX26.1.sdk/System/Library/Frameworks/SwiftData.framework/Modules/SwiftData.swiftcrossimport/SwiftUI.swiftoverlay -load-resolved-plugin \#/Users/rogerlin/Library/Developer/Xcode/DerivedData/FinancialCalculatorKit-ackorybalcxbfocbkqsfdzcfkgmn/Build/Products/Debug/CasePathsMacros\#CasePathsMacros -load-resolved-plugin /Applications/Xcode.app/Contents/Developer/Platforms/MacOSX.platform/Developer/usr/lib/swift/host/plugins/libFoundationMacros.dylib\#/Applications/Xcode.app/Contents/Developer/Platforms/MacOSX.platform/Developer/usr/bin/swift-plugin-server\#FoundationMacros -load-resolved-plugin /Applications/Xcode.app/Contents/Developer/Platforms/MacOSX.platform/Developer/usr/lib/swift/host/plugins/libObservationMacros.dylib\#/Applications/Xcode.app/Contents/Developer/Platforms/MacOSX.platform/Developer/usr/bin/swift-plugin-server\#ObservationMacros -load-resolved-plugin /Applications/Xcode.app/Contents/Developer/Platforms/MacOSX.platform/Developer/usr/lib/swift/host/plugins/libPreviewsMacros.dylib\#/Applications/Xcode.app/Contents/Developer/Platforms/MacOSX.platform/Developer/usr/bin/swift-plugin-server\#PreviewsMacros -load-resolved-plugin /Applications/Xcode.app/Contents/Developer/Platforms/MacOSX.platform/Developer/usr/lib/swift/host/plugins/libSwiftDataMacros.dylib\#/Applications/Xcode.app/Contents/Developer/Platforms/MacOSX.platform/Developer/usr/bin/swift-plugin-server\#SwiftDataMacros -load-resolved-plugin /Applications/Xcode.app/Contents/Developer/Platforms/MacOSX.platform/Developer/usr/lib/swift/host/plugins/libSwiftMacros.dylib\#/Applications/Xcode.app/Contents/Developer/Platforms/MacOSX.platform/Developer/usr/bin/swift-plugin-server\#SwiftMacros -load-resolved-plugin /Applications/Xcode.app/Contents/Developer/Platforms/MacOSX.platform/Developer/usr/lib/swift/host/plugins/libSwiftUIMacros.dylib\#/Applications/Xcode.app/Contents/Developer/Platforms/MacOSX.platform/Developer/usr/bin/swift-plugin-server\#SwiftUIMacros -disable-implicit-swift-modules -Xcc -fno-implicit-modules -Xcc -fno-implicit-module-maps -explicit-swift-module-map-file /Users/rogerlin/Library/Developer/Xcode/DerivedData/FinancialCalculatorKit-ackorybalcxbfocbkqsfdzcfkgmn/Build/Intermediates.noindex/FinancialCalculatorKit.build/Debug/FinancialCalculatorKit.build/Objects-normal/arm64/FinancialCalculatorKit-dependencies-1.json -Xllvm -aarch64-use-tbi -enable-objc-interop -stack-check -sdk /Applications/Xcode.app/Contents/Developer/Platforms/MacOSX.platform/Developer/SDKs/MacOSX26.1.sdk -I /Users/rogerlin/Library/Developer/Xcode/DerivedData/FinancialCalculatorKit-ackorybalcxbfocbkqsfdzcfkgmn/Build/Products/Debug -F /Users/rogerlin/Library/Developer/Xcode/DerivedData/FinancialCalculatorKit-ackorybalcxbfocbkqsfdzcfkgmn/Build/Products/Debug/PackageFrameworks -F /Users/rogerlin/Library/Developer/Xcode/DerivedData/FinancialCalculatorKit-ackorybalcxbfocbkqsfdzcfkgmn/Build/Products/Debug/PackageFrameworks -F /Users/rogerlin/Library/Developer/Xcode/DerivedData/FinancialCalculatorKit-ackorybalcxbfocbkqsfdzcfkgmn/Build/Products/Debug/PackageFrameworks -F /Users/rogerlin/Library/Developer/Xcode/DerivedData/FinancialCalculatorKit-ackorybalcxbfocbkqsfdzcfkgmn/Build/Products/Debug/PackageFrameworks -F /Users/rogerlin/Library/Developer/Xcode/DerivedData/FinancialCalculatorKit-ackorybalcxbfocbkqsfdzcfkgmn/Build/Products/Debug/PackageFrameworks -F /Users/rogerlin/Library/Developer/Xcode/DerivedData/FinancialCalculatorKit-ackorybalcxbfocbkqsfdzcfkgmn/Build/Products/Debug/PackageFrameworks -F /Users/rogerlin/Library/Developer/Xcode/DerivedData/FinancialCalculatorKit-ackorybalcxbfocbkqsfdzcfkgmn/Build/Products/Debug/PackageFrameworks -F /Users/rogerlin/Library/Developer/Xcode/DerivedData/FinancialCalculatorKit-ackorybalcxbfocbkqsfdzcfkgmn/Build/Products/Debug/PackageFrameworks -F /Users/rogerlin/Library/Developer/Xcode/DerivedData/FinancialCalculatorKit-ackorybalcxbfocbkqsfdzcfkgmn/Build/Products/Debug/PackageFrameworks -F /Users/rogerlin/Library/Developer/Xcode/DerivedData/FinancialCalculatorKit-ackorybalcxbfocbkqsfdzcfkgmn/Build/Products/Debug/PackageFrameworks -F /Users/rogerlin/Library/Developer/Xcode/DerivedData/FinancialCalculatorKit-ackorybalcxbfocbkqsfdzcfkgmn/Build/Products/Debug/PackageFrameworks -F /Users/rogerlin/Library/Developer/Xcode/DerivedData/FinancialCalculatorKit-ackorybalcxbfocbkqsfdzcfkgmn/Build/Products/Debug/PackageFrameworks -F /Users/rogerlin/Library/Developer/Xcode/DerivedData/FinancialCalculatorKit-ackorybalcxbfocbkqsfdzcfkgmn/Build/Products/Debug/PackageFrameworks -F /Users/rogerlin/Library/Developer/Xcode/DerivedData/FinancialCalculatorKit-ackorybalcxbfocbkqsfdzcfkgmn/Build/Products/Debug/PackageFrameworks -F /Users/rogerlin/Library/Developer/Xcode/DerivedData/FinancialCalculatorKit-ackorybalcxbfocbkqsfdzcfkgmn/Build/Products/Debug/PackageFrameworks -F /Users/rogerlin/Library/Developer/Xcode/DerivedData/FinancialCalculatorKit-ackorybalcxbfocbkqsfdzcfkgmn/Build/Products/Debug/PackageFrameworks -F /Users/rogerlin/Library/Developer/Xcode/DerivedData/FinancialCalculatorKit-ackorybalcxbfocbkqsfdzcfkgmn/Build/Products/Debug/PackageFrameworks -F /Users/rogerlin/Library/Developer/Xcode/DerivedData/FinancialCalculatorKit-ackorybalcxbfocbkqsfdzcfkgmn/Build/Products/Debug/PackageFrameworks -F /Users/rogerlin/Library/Developer/Xcode/DerivedData/FinancialCalculatorKit-ackorybalcxbfocbkqsfdzcfkgmn/Build/Products/Debug/PackageFrameworks -F /Users/rogerlin/Library/Developer/Xcode/DerivedData/FinancialCalculatorKit-ackorybalcxbfocbkqsfdzcfkgmn/Build/Products/Debug -no-color-diagnostics -Xcc -fno-color-diagnostics -enable-testing -g -debug-info-format\=dwarf -dwarf-version\=4 -module-cache-path /Users/rogerlin/Library/Developer/Xcode/DerivedData/FinancialCalculatorKit-ackorybalcxbfocbkqsfdzcfkgmn/Build/Intermediates.noindex/SwiftExplicitPrecompiledModules -profile-generate -profile-coverage-mapping -swift-version 5 -enforce-exclusivity\=checked -Onone -D DEBUG -serialize-debugging-options -load-plugin-executable /Users/rogerlin/Library/Developer/Xcode/DerivedData/FinancialCalculatorKit-ackorybalcxbfocbkqsfdzcfkgmn/Build/Products/Debug/CasePathsMacros\#CasePathsMacros -const-gather-protocols-file /Users/rogerlin/Library/Developer/Xcode/DerivedData/FinancialCalculatorKit-ackorybalcxbfocbkqsfdzcfkgmn/Build/Intermediates.noindex/FinancialCalculatorKit.build/Debug/FinancialCalculatorKit.build/Objects-normal/arm64/FinancialCalculatorKit_const_extract_protocols.json -enable-experimental-feature DebugDescriptionMacro -enable-bare-slash-regex -empty-abi-descriptor -validate-clang-modules-once -clang-build-session-file /Users/rogerlin/Library/Developer/Xcode/DerivedData/ModuleCache.noindex/Session.modulevalidation -Xcc -working-directory -Xcc /Users/rogerlin/XCode-Projects/FinancialCalculatorKit-5.0-updated-accent-colors -enable-anonymous-context-mangled-names -file-compilation-dir /Users/rogerlin/XCode-Projects/FinancialCalculatorKit-5.0-updated-accent-colors -Xcc -D_LIBCPP_HARDENING_MODE\=_LIBCPP_HARDENING_MODE_DEBUG -Xcc -ivfsstatcache -Xcc /Users/rogerlin/Library/Developer/Xcode/DerivedData/SDKStatCaches.noindex/macosx26.1-25B74-3ae1261907bdadc328169391a47051a6.sdkstatcache -Xcc -I/Users/rogerlin/Library/Developer/Xcode/DerivedData/FinancialCalculatorKit-ackorybalcxbfocbkqsfdzcfkgmn/Build/Intermediates.noindex/FinancialCalculatorKit.build/Debug/FinancialCalculatorKit.build/swift-overrides.hmap -Xcc -iquote -Xcc /Users/rogerlin/Library/Developer/Xcode/DerivedData/FinancialCalculatorKit-ackorybalcxbfocbkqsfdzcfkgmn/Build/Intermediates.noindex/FinancialCalculatorKit.build/Debug/FinancialCalculatorKit.build/FinancialCalculatorKit-generated-files.hmap -Xcc -I/Users/rogerlin/Library/Developer/Xcode/DerivedData/FinancialCalculatorKit-ackorybalcxbfocbkqsfdzcfkgmn/Build/Intermediates.noindex/FinancialCalculatorKit.build/Debug/FinancialCalculatorKit.build/FinancialCalculatorKit-own-target-headers.hmap -Xcc -I/Users/rogerlin/Library/Developer/Xcode/DerivedData/FinancialCalculatorKit-ackorybalcxbfocbkqsfdzcfkgmn/Build/Intermediates.noindex/FinancialCalculatorKit.build/Debug/FinancialCalculatorKit.build/FinancialCalculatorKit-all-non-framework-target-headers.hmap -Xcc -ivfsoverlay -Xcc /Users/rogerlin/Library/Developer/Xcode/DerivedData/FinancialCalculatorKit-ackorybalcxbfocbkqsfdzcfkgmn/Build/Intermediates.noindex/FinancialCalculatorKit.build/Debug/FinancialCalculatorKit-b796aaad08c4b307251b75ea7c01aae2-VFS/all-product-headers.yaml -Xcc -iquote -Xcc /Users/rogerlin/Library/Developer/Xcode/DerivedData/FinancialCalculatorKit-ackorybalcxbfocbkqsfdzcfkgmn/Build/Intermediates.noindex/FinancialCalculatorKit.build/Debug/FinancialCalculatorKit.build/FinancialCalculatorKit-project-headers.hmap -Xcc -I/Users/rogerlin/Library/Developer/Xcode/DerivedData/FinancialCalculatorKit-ackorybalcxbfocbkqsfdzcfkgmn/SourcePackages/checkouts/swift-numerics/Sources/_NumericsShims/include -Xcc -I/Users/rogerlin/Library/Developer/Xcode/DerivedData/FinancialCalculatorKit-ackorybalcxbfocbkqsfdzcfkgmn/Build/Products/Debug/include -Xcc -I/Users/rogerlin/Library/Developer/Xcode/DerivedData/FinancialCalculatorKit-ackorybalcxbfocbkqsfdzcfkgmn/Build/Intermediates.noindex/FinancialCalculatorKit.build/Debug/FinancialCalculatorKit.build/DerivedSources-normal/arm64 -Xcc -I/Users/rogerlin/Library/Developer/Xcode/DerivedData/FinancialCalculatorKit-ackorybalcxbfocbkqsfdzcfkgmn/Build/Intermediates.noindex/FinancialCalculatorKit.build/Debug/FinancialCalculatorKit.build/DerivedSources/arm64 -Xcc -I/Users/rogerlin/Library/Developer/Xcode/DerivedData/FinancialCalculatorKit-ackorybalcxbfocbkqsfdzcfkgmn/Build/Intermediates.noindex/FinancialCalculatorKit.build/Debug/FinancialCalculatorKit.build/DerivedSources -Xcc -DDEBUG\=1 -no-auto-bridging-header-chaining -module-name FinancialCalculatorKit -frontend-parseable-output -disable-clang-spi -target-sdk-version 26.1 -target-sdk-name macosx26.1 -clang-target arm64-apple-macos26.1 -in-process-plugin-server-path /Applications/Xcode.app/Contents/Developer/Toolchains/XcodeDefault.xctoolchain/usr/lib/swift/host/libSwiftInProcPluginServer.dylib -o /Users/rogerlin/Library/Developer/Xcode/DerivedData/FinancialCalculatorKit-ackorybalcxbfocbkqsfdzcfkgmn/Build/Intermediates.noindex/FinancialCalculatorKit.build/Debug/FinancialCalculatorKit.build/Objects-normal/arm64/MathExpressionCalculatorView.o -o /Users/rogerlin/Library/Developer/Xcode/DerivedData/FinancialCalculatorKit-ackorybalcxbfocbkqsfdzcfkgmn/Build/Intermediates.noindex/FinancialCalculatorKit.build/Debug/FinancialCalculatorKit.build/Objects-normal/arm64/OptionsCalculatorView.o -o /Users/rogerlin/Library/Developer/Xcode/DerivedData/FinancialCalculatorKit-ackorybalcxbfocbkqsfdzcfkgmn/Build/Intermediates.noindex/FinancialCalculatorKit.build/Debug/FinancialCalculatorKit.build/Objects-normal/arm64/OptionsStrategiesView.o -o /Users/rogerlin/Library/Developer/Xcode/DerivedData/FinancialCalculatorKit-ackorybalcxbfocbkqsfdzcfkgmn/Build/Intermediates.noindex/FinancialCalculatorKit.build/Debug/FinancialCalculatorKit.build/Objects-normal/arm64/PlaceholderViews.o -o /Users/rogerlin/Library/Developer/Xcode/DerivedData/FinancialCalculatorKit-ackorybalcxbfocbkqsfdzcfkgmn/Build/Intermediates.noindex/FinancialCalculatorKit.build/Debug/FinancialCalculatorKit.build/Objects-normal/arm64/PortfolioOptimizationView.o -o /Users/rogerlin/Library/Developer/Xcode/DerivedData/FinancialCalculatorKit-ackorybalcxbfocbkqsfdzcfkgmn/Build/Intermediates.noindex/FinancialCalculatorKit.build/Debug/FinancialCalculatorKit.build/Objects-normal/arm64/PrecisionDemoView.o -index-unit-output-path /FinancialCalculatorKit.build/Debug/FinancialCalculatorKit.build/Objects-normal/arm64/MathExpressionCalculatorView.o -index-unit-output-path /FinancialCalculatorKit.build/Debug/FinancialCalculatorKit.build/Objects-normal/arm64/OptionsCalculatorView.o -index-unit-output-path /FinancialCalculatorKit.build/Debug/FinancialCalculatorKit.build/Objects-normal/arm64/OptionsStrategiesView.o -index-unit-output-path /FinancialCalculatorKit.build/Debug/FinancialCalculatorKit.build/Objects-normal/arm64/PlaceholderViews.o -index-unit-output-path /FinancialCalculatorKit.build/Debug/FinancialCalculatorKit.build/Objects-normal/arm64/PortfolioOptimizationView.o -index-unit-output-path /FinancialCalculatorKit.build/Debug/FinancialCalculatorKit.build/Objects-normal/arm64/PrecisionDemoView.o -index-store-path /Users/rogerlin/Library/Developer/Xcode/DerivedData/FinancialCalculatorKit-ackorybalcxbfocbkqsfdzcfkgmn/Index.noindex/DataStore -index-system-modules
SwiftCompile normal arm64 Compiling\ DepreciationCalculatorView.swift,\ DocumentListView.swift,\ EquityValuationView.swift,\ FixedIncomeAnalyticsView.swift,\ FormulaLibraryView.swift,\ ForwardsCalculatorView.swift /Users/rogerlin/XCode-Projects/FinancialCalculatorKit-5.0-updated-accent-colors/FinancialCalculatorKit/Views/Calculator/DepreciationCalculatorView.swift /Users/rogerlin/XCode-Projects/FinancialCalculatorKit-5.0-updated-accent-colors/FinancialCalculatorKit/Views/Calculator/DocumentListView.swift /Users/rogerlin/XCode-Projects/FinancialCalculatorKit-5.0-updated-accent-colors/FinancialCalculatorKit/Views/Calculator/EquityValuationView.swift /Users/rogerlin/XCode-Projects/FinancialCalculatorKit-5.0-updated-accent-colors/FinancialCalculatorKit/Views/Calculator/FixedIncomeAnalyticsView.swift /Users/rogerlin/XCode-Projects/FinancialCalculatorKit-5.0-updated-accent-colors/FinancialCalculatorKit/Views/Calculator/FormulaLibraryView.swift /Users/rogerlin/XCode-Projects/FinancialCalculatorKit-5.0-updated-accent-colors/FinancialCalculatorKit/Views/Calculator/ForwardsCalculatorView.swift (in target 'FinancialCalculatorKit' from project 'FinancialCalculatorKit')
/Applications/Xcode.app/Contents/Developer/Toolchains/XcodeDefault.xctoolchain/usr/bin/swift-frontend -frontend -c /Users/rogerlin/XCode-Projects/FinancialCalculatorKit-5.0-updated-accent-colors/FinancialCalculatorKit/Models/Bond/AdvancedBondModels.swift /Users/rogerlin/XCode-Projects/FinancialCalculatorKit-5.0-updated-accent-colors/FinancialCalculatorKit/Models/Bond/YieldCurveTypes.swift /Users/rogerlin/XCode-Projects/FinancialCalculatorKit-5.0-updated-accent-colors/FinancialCalculatorKit/Models/Calculation/BondCalculation.swift /Users/rogerlin/XCode-Projects/FinancialCalculatorKit-5.0-updated-accent-colors/FinancialCalculatorKit/Models/Calculation/CalculationMetadata.swift /Users/rogerlin/XCode-Projects/FinancialCalculatorKit-5.0-updated-accent-colors/FinancialCalculatorKit/Models/Calculation/DepreciationCalculation.swift /Users/rogerlin/XCode-Projects/FinancialCalculatorKit-5.0-updated-accent-colors/FinancialCalculatorKit/Models/Calculation/FinancialCalculation.swift /Users/rogerlin/XCode-Projects/FinancialCalculatorKit-5.0-updated-accent-colors/FinancialCalculatorKit/Models/Calculation/InvestmentCalculation.swift /Users/rogerlin/XCode-Projects/FinancialCalculatorKit-5.0-updated-accent-colors/FinancialCalculatorKit/Models/Calculation/LoanCalculation.swift /Users/rogerlin/XCode-Projects/FinancialCalculatorKit-5.0-updated-accent-colors/FinancialCalculatorKit/Models/Calculation/TimeValueCalculation.swift /Users/rogerlin/XCode-Projects/FinancialCalculatorKit-5.0-updated-accent-colors/FinancialCalculatorKit/Models/Enums/CalculationType.swift /Users/rogerlin/XCode-Projects/FinancialCalculatorKit-5.0-updated-accent-colors/FinancialCalculatorKit/Models/Enums/Currency.swift /Users/rogerlin/XCode-Projects/FinancialCalculatorKit-5.0-updated-accent-colors/FinancialCalculatorKit/Models/Enums/LoanType.swift /Users/rogerlin/XCode-Projects/FinancialCalculatorKit-5.0-updated-accent-colors/FinancialCalculatorKit/Models/Enums/PaymentFrequency.swift /Users/rogerlin/XCode-Projects/FinancialCalculatorKit-5.0-updated-accent-colors/FinancialCalculatorKit/Models/Enums/TimeValueVariable.swift /Users/rogerlin/XCode-Projects/FinancialCalculatorKit-5.0-updated-accent-colors/FinancialCalculatorKit/Models/Formula/FormulaReference.swift /Users/rogerlin/XCode-Projects/FinancialCalculatorKit-5.0-updated-accent-colors/FinancialCalculatorKit/Models/FRED/FREDModels.swift /Users/rogerlin/XCode-Projects/FinancialCalculatorKit-5.0-updated-accent-colors/FinancialCalculatorKit/Models/Options/AdvancedOptionsModels.swift /Users/rogerlin/XCode-Projects/FinancialCalculatorKit-5.0-updated-accent-colors/FinancialCalculatorKit/Models/ScientificCalculator/EquationDocument.swift /Users/rogerlin/XCode-Projects/FinancialCalculatorKit-5.0-updated-accent-colors/FinancialCalculatorKit/Models/ScientificCalculator/VariableStore.swift /Users/rogerlin/XCode-Projects/FinancialCalculatorKit-5.0-updated-accent-colors/FinancialCalculatorKit/Protocols/FinancialComputable.swift /Users/rogerlin/XCode-Projects/FinancialCalculatorKit-5.0-updated-accent-colors/FinancialCalculatorKit/Services/Bond/AdvancedBondPricingEngine.swift /Users/rogerlin/XCode-Projects/FinancialCalculatorKit-5.0-updated-accent-colors/FinancialCalculatorKit/Services/Options/AdvancedOptionsPricingEngine.swift /Users/rogerlin/XCode-Projects/FinancialCalculatorKit-5.0-updated-accent-colors/FinancialCalculatorKit/Services/AdvancedExpressionParser.swift /Users/rogerlin/XCode-Projects/FinancialCalculatorKit-5.0-updated-accent-colors/FinancialCalculatorKit/Services/AdvancedIRRCalculator.swift /Users/rogerlin/XCode-Projects/FinancialCalculatorKit-5.0-updated-accent-colors/FinancialCalculatorKit/Services/AdvancedMathFunctions.swift /Users/rogerlin/XCode-Projects/FinancialCalculatorKit-5.0-updated-accent-colors/FinancialCalculatorKit/Services/CalculationEngine.swift /Users/rogerlin/XCode-Projects/FinancialCalculatorKit-5.0-updated-accent-colors/FinancialCalculatorKit/Services/CSVHelper.swift /Users/rogerlin/XCode-Projects/FinancialCalculatorKit-5.0-updated-accent-colors/FinancialCalculatorKit/Services/CurrencyConversionService.swift /Users/rogerlin/XCode-Projects/FinancialCalculatorKit-5.0-updated-accent-colors/FinancialCalculatorKit/Services/ExchangeRateService.swift /Users/rogerlin/XCode-Projects/FinancialCalculatorKit-5.0-updated-accent-colors/FinancialCalculatorKit/Services/FinancialCalculator.swift /Users/rogerlin/XCode-Projects/FinancialCalculatorKit-5.0-updated-accent-colors/FinancialCalculatorKit/Services/FinancialValidation.swift /Users/rogerlin/XCode-Projects/FinancialCalculatorKit-5.0-updated-accent-colors/FinancialCalculatorKit/Services/FormulaAutoComplete.swift /Users/rogerlin/XCode-Projects/FinancialCalculatorKit-5.0-updated-accent-colors/FinancialCalculatorKit/Services/FREDService.swift /Users/rogerlin/XCode-Projects/FinancialCalculatorKit-5.0-updated-accent-colors/FinancialCalculatorKit/Services/HighPrecisionMath.swift /Users/rogerlin/XCode-Projects/FinancialCalculatorKit-5.0-updated-accent-colors/FinancialCalculatorKit/Services/HighPrecisionTestSuite.swift /Users/rogerlin/XCode-Projects/FinancialCalculatorKit-5.0-updated-accent-colors/FinancialCalculatorKit/Services/HighPrecisionValidation.swift /Users/rogerlin/XCode-Projects/FinancialCalculatorKit-5.0-updated-accent-colors/FinancialCalculatorKit/Services/TickerHistoryService.swift /Users/rogerlin/XCode-Projects/FinancialCalculatorKit-5.0-updated-accent-colors/FinancialCalculatorKit/Services/ValidationExtensions.swift /Users/rogerlin/XCode-Projects/FinancialCalculatorKit-5.0-updated-accent-colors/FinancialCalculatorKit/Services/ValidationService.swift /Users/rogerlin/XCode-Projects/FinancialCalculatorKit-5.0-updated-accent-colors/FinancialCalculatorKit/Services/ValidationTestSuite.swift /Users/rogerlin/XCode-Projects/FinancialCalculatorKit-5.0-updated-accent-colors/FinancialCalculatorKit/Utilities/Extensions/Date+Financial.swift /Users/rogerlin/XCode-Projects/FinancialCalculatorKit-5.0-updated-accent-colors/FinancialCalculatorKit/Utilities/Extensions/Double+Financial.swift /Users/rogerlin/XCode-Projects/FinancialCalculatorKit-5.0-updated-accent-colors/FinancialCalculatorKit/Utilities/CashFlowsTransformer.swift /Users/rogerlin/XCode-Projects/FinancialCalculatorKit-5.0-updated-accent-colors/FinancialCalculatorKit/Utilities/Formatters.swift /Users/rogerlin/XCode-Projects/FinancialCalculatorKit-5.0-updated-accent-colors/FinancialCalculatorKit/ViewHelpers/FormulaViewHelper.swift /Users/rogerlin/XCode-Projects/FinancialCalculatorKit-5.0-updated-accent-colors/FinancialCalculatorKit/ViewModels/MainViewModel.swift /Users/rogerlin/XCode-Projects/FinancialCalculatorKit-5.0-updated-accent-colors/FinancialCalculatorKit/Views/Calculator/AdvancedBondCalculatorView.swift /Users/rogerlin/XCode-Projects/FinancialCalculatorKit-5.0-updated-accent-colors/FinancialCalculatorKit/Views/Calculator/AmortizationView.swift /Users/rogerlin/XCode-Projects/FinancialCalculatorKit-5.0-updated-accent-colors/FinancialCalculatorKit/Views/Calculator/BondCalculatorView.swift /Users/rogerlin/XCode-Projects/FinancialCalculatorKit-5.0-updated-accent-colors/FinancialCalculatorKit/Views/Calculator/CompactCalculatorView.swift /Users/rogerlin/XCode-Projects/FinancialCalculatorKit-5.0-updated-accent-colors/FinancialCalculatorKit/Views/Calculator/CurrencyConverterView.swift /Users/rogerlin/XCode-Projects/FinancialCalculatorKit-5.0-updated-accent-colors/FinancialCalculatorKit/Views/Calculator/CustomScientificKeyboard.swift -primary-file /Users/rogerlin/XCode-Projects/FinancialCalculatorKit-5.0-updated-accent-colors/FinancialCalculatorKit/Views/Calculator/DepreciationCalculatorView.swift -primary-file /Users/rogerlin/XCode-Projects/FinancialCalculatorKit-5.0-updated-accent-colors/FinancialCalculatorKit/Views/Calculator/DocumentListView.swift -primary-file /Users/rogerlin/XCode-Projects/FinancialCalculatorKit-5.0-updated-accent-colors/FinancialCalculatorKit/Views/Calculator/EquityValuationView.swift -primary-file /Users/rogerlin/XCode-Projects/FinancialCalculatorKit-5.0-updated-accent-colors/FinancialCalculatorKit/Views/Calculator/FixedIncomeAnalyticsView.swift -primary-file /Users/rogerlin/XCode-Projects/FinancialCalculatorKit-5.0-updated-accent-colors/FinancialCalculatorKit/Views/Calculator/FormulaLibraryView.swift -primary-file /Users/rogerlin/XCode-Projects/FinancialCalculatorKit-5.0-updated-accent-colors/FinancialCalculatorKit/Views/Calculator/ForwardsCalculatorView.swift /Users/rogerlin/XCode-Projects/FinancialCalculatorKit-5.0-updated-accent-colors/FinancialCalculatorKit/Views/Calculator/FuturesCalculatorView.swift /Users/rogerlin/XCode-Projects/FinancialCalculatorKit-5.0-updated-accent-colors/FinancialCalculatorKit/Views/Calculator/FutureValueView.swift /Users/rogerlin/XCode-Projects/FinancialCalculatorKit-5.0-updated-accent-colors/FinancialCalculatorKit/Views/Calculator/HighPrecisionCalculatorView.swift /Users/rogerlin/XCode-Projects/FinancialCalculatorKit-5.0-updated-accent-colors/FinancialCalculatorKit/Views/Calculator/InvestmentCalculatorView.swift /Users/rogerlin/XCode-Projects/FinancialCalculatorKit-5.0-updated-accent-colors/FinancialCalculatorKit/Views/Calculator/LoanCalculatorView.swift /Users/rogerlin/XCode-Projects/FinancialCalculatorKit-5.0-updated-accent-colors/FinancialCalculatorKit/Views/Calculator/LoanResultView.swift /Users/rogerlin/XCode-Projects/FinancialCalculatorKit-5.0-updated-accent-colors/FinancialCalculatorKit/Views/Calculator/MathExpressionCalculatorView.swift /Users/rogerlin/XCode-Projects/FinancialCalculatorKit-5.0-updated-accent-colors/FinancialCalculatorKit/Views/Calculator/OptionsCalculatorView.swift /Users/rogerlin/XCode-Projects/FinancialCalculatorKit-5.0-updated-accent-colors/FinancialCalculatorKit/Views/Calculator/OptionsStrategiesView.swift /Users/rogerlin/XCode-Projects/FinancialCalculatorKit-5.0-updated-accent-colors/FinancialCalculatorKit/Views/Calculator/PlaceholderViews.swift /Users/rogerlin/XCode-Projects/FinancialCalculatorKit-5.0-updated-accent-colors/FinancialCalculatorKit/Views/Calculator/PortfolioOptimizationView.swift /Users/rogerlin/XCode-Projects/FinancialCalculatorKit-5.0-updated-accent-colors/FinancialCalculatorKit/Views/Calculator/PrecisionDemoView.swift /Users/rogerlin/XCode-Projects/FinancialCalculatorKit-5.0-updated-accent-colors/FinancialCalculatorKit/Views/Calculator/RiskManagementView.swift /Users/rogerlin/XCode-Projects/FinancialCalculatorKit-5.0-updated-accent-colors/FinancialCalculatorKit/Views/Calculator/ScientificCalculatorView.swift /Users/rogerlin/XCode-Projects/FinancialCalculatorKit-5.0-updated-accent-colors/FinancialCalculatorKit/Views/Calculator/SwapsCalculatorView.swift /Users/rogerlin/XCode-Projects/FinancialCalculatorKit-5.0-updated-accent-colors/FinancialCalculatorKit/Views/Calculator/TemplateViews.swift /Users/rogerlin/XCode-Projects/FinancialCalculatorKit-5.0-updated-accent-colors/FinancialCalculatorKit/Views/Calculator/TickerHistoryView.swift /Users/rogerlin/XCode-Projects/FinancialCalculatorKit-5.0-updated-accent-colors/FinancialCalculatorKit/Views/Calculator/TimeValueCalculatorView.swift /Users/rogerlin/XCode-Projects/FinancialCalculatorKit-5.0-updated-accent-colors/FinancialCalculatorKit/Views/Calculator/TimeValueResultView.swift /Users/rogerlin/XCode-Projects/FinancialCalculatorKit-5.0-updated-accent-colors/FinancialCalculatorKit/Views/Calculator/UnitConverterView.swift /Users/rogerlin/XCode-Projects/FinancialCalculatorKit-5.0-updated-accent-colors/FinancialCalculatorKit/Views/Calculator/VariableManagementView.swift /Users/rogerlin/XCode-Projects/FinancialCalculatorKit-5.0-updated-accent-colors/FinancialCalculatorKit/Views/Charts/FinancialChartView.swift /Users/rogerlin/XCode-Projects/FinancialCalculatorKit-5.0-updated-accent-colors/FinancialCalculatorKit/Views/Charts/InteractiveFinancialCharts.swift /Users/rogerlin/XCode-Projects/FinancialCalculatorKit-5.0-updated-accent-colors/FinancialCalculatorKit/Views/Components/DetailRow.swift /Users/rogerlin/XCode-Projects/FinancialCalculatorKit-5.0-updated-accent-colors/FinancialCalculatorKit/Views/Components/DynamicInputSection.swift /Users/rogerlin/XCode-Projects/FinancialCalculatorKit-5.0-updated-accent-colors/FinancialCalculatorKit/Views/Components/EnhancedInputFields.swift /Users/rogerlin/XCode-Projects/FinancialCalculatorKit-5.0-updated-accent-colors/FinancialCalculatorKit/Views/Components/FinancialStyles.swift /Users/rogerlin/XCode-Projects/FinancialCalculatorKit-5.0-updated-accent-colors/FinancialCalculatorKit/Views/Components/InputFieldView.swift /Users/rogerlin/XCode-Projects/FinancialCalculatorKit-5.0-updated-accent-colors/FinancialCalculatorKit/Views/Components/InteractiveDataTables.swift /Users/rogerlin/XCode-Projects/FinancialCalculatorKit-5.0-updated-accent-colors/FinancialCalculatorKit/Views/Components/LoadingResultView.swift /Users/rogerlin/XCode-Projects/FinancialCalculatorKit-5.0-updated-accent-colors/FinancialCalculatorKit/Views/Components/NumbersOnlyViewModifier.swift /Users/rogerlin/XCode-Projects/FinancialCalculatorKit-5.0-updated-accent-colors/FinancialCalculatorKit/Views/Components/ResultDisplayView.swift /Users/rogerlin/XCode-Projects/FinancialCalculatorKit-5.0-updated-accent-colors/FinancialCalculatorKit/Views/Components/StatusIndicator.swift /Users/rogerlin/XCode-Projects/FinancialCalculatorKit-5.0-updated-accent-colors/FinancialCalculatorKit/Views/Components/ValidationSummaryView.swift /Users/rogerlin/XCode-Projects/FinancialCalculatorKit-5.0-updated-accent-colors/FinancialCalculatorKit/Views/FRED/FREDDataView.swift /Users/rogerlin/XCode-Projects/FinancialCalculatorKit-5.0-updated-accent-colors/FinancialCalculatorKit/Views/Reference/FormulaReferenceView.swift /Users/rogerlin/XCode-Projects/FinancialCalculatorKit-5.0-updated-accent-colors/FinancialCalculatorKit/Views/Reference/FormulaVariableView.swift /Users/rogerlin/XCode-Projects/FinancialCalculatorKit-5.0-updated-accent-colors/FinancialCalculatorKit/Views/Reference/FormulaVariantView.swift /Users/rogerlin/XCode-Projects/FinancialCalculatorKit-5.0-updated-accent-colors/FinancialCalculatorKit/ContentView.swift /Users/rogerlin/XCode-Projects/FinancialCalculatorKit-5.0-updated-accent-colors/FinancialCalculatorKit/FinancialCalculatorKitApp.swift /Users/rogerlin/XCode-Projects/FinancialCalculatorKit-5.0-updated-accent-colors/FinancialCalculatorKit/Item.swift /Users/rogerlin/Library/Developer/Xcode/DerivedData/FinancialCalculatorKit-ackorybalcxbfocbkqsfdzcfkgmn/Build/Intermediates.noindex/FinancialCalculatorKit.build/Debug/FinancialCalculatorKit.build/DerivedSources/GeneratedAssetSymbols.swift -supplementary-output-file-map /Users/rogerlin/Library/Developer/Xcode/DerivedData/FinancialCalculatorKit-ackorybalcxbfocbkqsfdzcfkgmn/Build/Intermediates.noindex/FinancialCalculatorKit.build/Debug/FinancialCalculatorKit.build/Objects-normal/arm64/supplementaryOutputs-59 -emit-localized-strings -emit-localized-strings-path /Users/rogerlin/Library/Developer/Xcode/DerivedData/FinancialCalculatorKit-ackorybalcxbfocbkqsfdzcfkgmn/Build/Intermediates.noindex/FinancialCalculatorKit.build/Debug/FinancialCalculatorKit.build/Objects-normal/arm64 -target arm64-apple-macos14.0 -module-can-import-version AppKit 2685.20.119 2685.20.119 -module-can-import-version DeveloperToolsSupport 23.0.4 23.0.4 -module-can-import-version SwiftUI 7.1.13.1 7.1.13 -disable-cross-import-overlay-search -swift-module-cross-import SwiftData /Applications/Xcode.app/Contents/Developer/Platforms/MacOSX.platform/Developer/SDKs/MacOSX26.1.sdk/System/Library/Frameworks/SwiftData.framework/Modules/SwiftData.swiftcrossimport/CoreData.swiftoverlay -swift-module-cross-import SwiftData /Applications/Xcode.app/Contents/Developer/Platforms/MacOSX.platform/Developer/SDKs/MacOSX26.1.sdk/System/Library/Frameworks/SwiftData.framework/Modules/SwiftData.swiftcrossimport/SwiftUI.swiftoverlay -load-resolved-plugin \#/Users/rogerlin/Library/Developer/Xcode/DerivedData/FinancialCalculatorKit-ackorybalcxbfocbkqsfdzcfkgmn/Build/Products/Debug/CasePathsMacros\#CasePathsMacros -load-resolved-plugin /Applications/Xcode.app/Contents/Developer/Platforms/MacOSX.platform/Developer/usr/lib/swift/host/plugins/libFoundationMacros.dylib\#/Applications/Xcode.app/Contents/Developer/Platforms/MacOSX.platform/Developer/usr/bin/swift-plugin-server\#FoundationMacros -load-resolved-plugin /Applications/Xcode.app/Contents/Developer/Platforms/MacOSX.platform/Developer/usr/lib/swift/host/plugins/libObservationMacros.dylib\#/Applications/Xcode.app/Contents/Developer/Platforms/MacOSX.platform/Developer/usr/bin/swift-plugin-server\#ObservationMacros -load-resolved-plugin /Applications/Xcode.app/Contents/Developer/Platforms/MacOSX.platform/Developer/usr/lib/swift/host/plugins/libPreviewsMacros.dylib\#/Applications/Xcode.app/Contents/Developer/Platforms/MacOSX.platform/Developer/usr/bin/swift-plugin-server\#PreviewsMacros -load-resolved-plugin /Applications/Xcode.app/Contents/Developer/Platforms/MacOSX.platform/Developer/usr/lib/swift/host/plugins/libSwiftDataMacros.dylib\#/Applications/Xcode.app/Contents/Developer/Platforms/MacOSX.platform/Developer/usr/bin/swift-plugin-server\#SwiftDataMacros -load-resolved-plugin /Applications/Xcode.app/Contents/Developer/Platforms/MacOSX.platform/Developer/usr/lib/swift/host/plugins/libSwiftMacros.dylib\#/Applications/Xcode.app/Contents/Developer/Platforms/MacOSX.platform/Developer/usr/bin/swift-plugin-server\#SwiftMacros -load-resolved-plugin /Applications/Xcode.app/Contents/Developer/Platforms/MacOSX.platform/Developer/usr/lib/swift/host/plugins/libSwiftUIMacros.dylib\#/Applications/Xcode.app/Contents/Developer/Platforms/MacOSX.platform/Developer/usr/bin/swift-plugin-server\#SwiftUIMacros -disable-implicit-swift-modules -Xcc -fno-implicit-modules -Xcc -fno-implicit-module-maps -explicit-swift-module-map-file /Users/rogerlin/Library/Developer/Xcode/DerivedData/FinancialCalculatorKit-ackorybalcxbfocbkqsfdzcfkgmn/Build/Intermediates.noindex/FinancialCalculatorKit.build/Debug/FinancialCalculatorKit.build/Objects-normal/arm64/FinancialCalculatorKit-dependencies-1.json -Xllvm -aarch64-use-tbi -enable-objc-interop -stack-check -sdk /Applications/Xcode.app/Contents/Developer/Platforms/MacOSX.platform/Developer/SDKs/MacOSX26.1.sdk -I /Users/rogerlin/Library/Developer/Xcode/DerivedData/FinancialCalculatorKit-ackorybalcxbfocbkqsfdzcfkgmn/Build/Products/Debug -F /Users/rogerlin/Library/Developer/Xcode/DerivedData/FinancialCalculatorKit-ackorybalcxbfocbkqsfdzcfkgmn/Build/Products/Debug/PackageFrameworks -F /Users/rogerlin/Library/Developer/Xcode/DerivedData/FinancialCalculatorKit-ackorybalcxbfocbkqsfdzcfkgmn/Build/Products/Debug/PackageFrameworks -F /Users/rogerlin/Library/Developer/Xcode/DerivedData/FinancialCalculatorKit-ackorybalcxbfocbkqsfdzcfkgmn/Build/Products/Debug/PackageFrameworks -F /Users/rogerlin/Library/Developer/Xcode/DerivedData/FinancialCalculatorKit-ackorybalcxbfocbkqsfdzcfkgmn/Build/Products/Debug/PackageFrameworks -F /Users/rogerlin/Library/Developer/Xcode/DerivedData/FinancialCalculatorKit-ackorybalcxbfocbkqsfdzcfkgmn/Build/Products/Debug/PackageFrameworks -F /Users/rogerlin/Library/Developer/Xcode/DerivedData/FinancialCalculatorKit-ackorybalcxbfocbkqsfdzcfkgmn/Build/Products/Debug/PackageFrameworks -F /Users/rogerlin/Library/Developer/Xcode/DerivedData/FinancialCalculatorKit-ackorybalcxbfocbkqsfdzcfkgmn/Build/Products/Debug/PackageFrameworks -F /Users/rogerlin/Library/Developer/Xcode/DerivedData/FinancialCalculatorKit-ackorybalcxbfocbkqsfdzcfkgmn/Build/Products/Debug/PackageFrameworks -F /Users/rogerlin/Library/Developer/Xcode/DerivedData/FinancialCalculatorKit-ackorybalcxbfocbkqsfdzcfkgmn/Build/Products/Debug/PackageFrameworks -F /Users/rogerlin/Library/Developer/Xcode/DerivedData/FinancialCalculatorKit-ackorybalcxbfocbkqsfdzcfkgmn/Build/Products/Debug/PackageFrameworks -F /Users/rogerlin/Library/Developer/Xcode/DerivedData/FinancialCalculatorKit-ackorybalcxbfocbkqsfdzcfkgmn/Build/Products/Debug/PackageFrameworks -F /Users/rogerlin/Library/Developer/Xcode/DerivedData/FinancialCalculatorKit-ackorybalcxbfocbkqsfdzcfkgmn/Build/Products/Debug/PackageFrameworks -F /Users/rogerlin/Library/Developer/Xcode/DerivedData/FinancialCalculatorKit-ackorybalcxbfocbkqsfdzcfkgmn/Build/Products/Debug/PackageFrameworks -F /Users/rogerlin/Library/Developer/Xcode/DerivedData/FinancialCalculatorKit-ackorybalcxbfocbkqsfdzcfkgmn/Build/Products/Debug/PackageFrameworks -F /Users/rogerlin/Library/Developer/Xcode/DerivedData/FinancialCalculatorKit-ackorybalcxbfocbkqsfdzcfkgmn/Build/Products/Debug/PackageFrameworks -F /Users/rogerlin/Library/Developer/Xcode/DerivedData/FinancialCalculatorKit-ackorybalcxbfocbkqsfdzcfkgmn/Build/Products/Debug/PackageFrameworks -F /Users/rogerlin/Library/Developer/Xcode/DerivedData/FinancialCalculatorKit-ackorybalcxbfocbkqsfdzcfkgmn/Build/Products/Debug/PackageFrameworks -F /Users/rogerlin/Library/Developer/Xcode/DerivedData/FinancialCalculatorKit-ackorybalcxbfocbkqsfdzcfkgmn/Build/Products/Debug/PackageFrameworks -F /Users/rogerlin/Library/Developer/Xcode/DerivedData/FinancialCalculatorKit-ackorybalcxbfocbkqsfdzcfkgmn/Build/Products/Debug/PackageFrameworks -F /Users/rogerlin/Library/Developer/Xcode/DerivedData/FinancialCalculatorKit-ackorybalcxbfocbkqsfdzcfkgmn/Build/Products/Debug -no-color-diagnostics -Xcc -fno-color-diagnostics -enable-testing -g -debug-info-format\=dwarf -dwarf-version\=4 -module-cache-path /Users/rogerlin/Library/Developer/Xcode/DerivedData/FinancialCalculatorKit-ackorybalcxbfocbkqsfdzcfkgmn/Build/Intermediates.noindex/SwiftExplicitPrecompiledModules -profile-generate -profile-coverage-mapping -swift-version 5 -enforce-exclusivity\=checked -Onone -D DEBUG -serialize-debugging-options -load-plugin-executable /Users/rogerlin/Library/Developer/Xcode/DerivedData/FinancialCalculatorKit-ackorybalcxbfocbkqsfdzcfkgmn/Build/Products/Debug/CasePathsMacros\#CasePathsMacros -const-gather-protocols-file /Users/rogerlin/Library/Developer/Xcode/DerivedData/FinancialCalculatorKit-ackorybalcxbfocbkqsfdzcfkgmn/Build/Intermediates.noindex/FinancialCalculatorKit.build/Debug/FinancialCalculatorKit.build/Objects-normal/arm64/FinancialCalculatorKit_const_extract_protocols.json -enable-experimental-feature DebugDescriptionMacro -enable-bare-slash-regex -empty-abi-descriptor -validate-clang-modules-once -clang-build-session-file /Users/rogerlin/Library/Developer/Xcode/DerivedData/ModuleCache.noindex/Session.modulevalidation -Xcc -working-directory -Xcc /Users/rogerlin/XCode-Projects/FinancialCalculatorKit-5.0-updated-accent-colors -enable-anonymous-context-mangled-names -file-compilation-dir /Users/rogerlin/XCode-Projects/FinancialCalculatorKit-5.0-updated-accent-colors -Xcc -D_LIBCPP_HARDENING_MODE\=_LIBCPP_HARDENING_MODE_DEBUG -Xcc -ivfsstatcache -Xcc /Users/rogerlin/Library/Developer/Xcode/DerivedData/SDKStatCaches.noindex/macosx26.1-25B74-3ae1261907bdadc328169391a47051a6.sdkstatcache -Xcc -I/Users/rogerlin/Library/Developer/Xcode/DerivedData/FinancialCalculatorKit-ackorybalcxbfocbkqsfdzcfkgmn/Build/Intermediates.noindex/FinancialCalculatorKit.build/Debug/FinancialCalculatorKit.build/swift-overrides.hmap -Xcc -iquote -Xcc /Users/rogerlin/Library/Developer/Xcode/DerivedData/FinancialCalculatorKit-ackorybalcxbfocbkqsfdzcfkgmn/Build/Intermediates.noindex/FinancialCalculatorKit.build/Debug/FinancialCalculatorKit.build/FinancialCalculatorKit-generated-files.hmap -Xcc -I/Users/rogerlin/Library/Developer/Xcode/DerivedData/FinancialCalculatorKit-ackorybalcxbfocbkqsfdzcfkgmn/Build/Intermediates.noindex/FinancialCalculatorKit.build/Debug/FinancialCalculatorKit.build/FinancialCalculatorKit-own-target-headers.hmap -Xcc -I/Users/rogerlin/Library/Developer/Xcode/DerivedData/FinancialCalculatorKit-ackorybalcxbfocbkqsfdzcfkgmn/Build/Intermediates.noindex/FinancialCalculatorKit.build/Debug/FinancialCalculatorKit.build/FinancialCalculatorKit-all-non-framework-target-headers.hmap -Xcc -ivfsoverlay -Xcc /Users/rogerlin/Library/Developer/Xcode/DerivedData/FinancialCalculatorKit-ackorybalcxbfocbkqsfdzcfkgmn/Build/Intermediates.noindex/FinancialCalculatorKit.build/Debug/FinancialCalculatorKit-b796aaad08c4b307251b75ea7c01aae2-VFS/all-product-headers.yaml -Xcc -iquote -Xcc /Users/rogerlin/Library/Developer/Xcode/DerivedData/FinancialCalculatorKit-ackorybalcxbfocbkqsfdzcfkgmn/Build/Intermediates.noindex/FinancialCalculatorKit.build/Debug/FinancialCalculatorKit.build/FinancialCalculatorKit-project-headers.hmap -Xcc -I/Users/rogerlin/Library/Developer/Xcode/DerivedData/FinancialCalculatorKit-ackorybalcxbfocbkqsfdzcfkgmn/SourcePackages/checkouts/swift-numerics/Sources/_NumericsShims/include -Xcc -I/Users/rogerlin/Library/Developer/Xcode/DerivedData/FinancialCalculatorKit-ackorybalcxbfocbkqsfdzcfkgmn/Build/Products/Debug/include -Xcc -I/Users/rogerlin/Library/Developer/Xcode/DerivedData/FinancialCalculatorKit-ackorybalcxbfocbkqsfdzcfkgmn/Build/Intermediates.noindex/FinancialCalculatorKit.build/Debug/FinancialCalculatorKit.build/DerivedSources-normal/arm64 -Xcc -I/Users/rogerlin/Library/Developer/Xcode/DerivedData/FinancialCalculatorKit-ackorybalcxbfocbkqsfdzcfkgmn/Build/Intermediates.noindex/FinancialCalculatorKit.build/Debug/FinancialCalculatorKit.build/DerivedSources/arm64 -Xcc -I/Users/rogerlin/Library/Developer/Xcode/DerivedData/FinancialCalculatorKit-ackorybalcxbfocbkqsfdzcfkgmn/Build/Intermediates.noindex/FinancialCalculatorKit.build/Debug/FinancialCalculatorKit.build/DerivedSources -Xcc -DDEBUG\=1 -no-auto-bridging-header-chaining -module-name FinancialCalculatorKit -frontend-parseable-output -disable-clang-spi -target-sdk-version 26.1 -target-sdk-name macosx26.1 -clang-target arm64-apple-macos26.1 -in-process-plugin-server-path /Applications/Xcode.app/Contents/Developer/Toolchains/XcodeDefault.xctoolchain/usr/lib/swift/host/libSwiftInProcPluginServer.dylib -o /Users/rogerlin/Library/Developer/Xcode/DerivedData/FinancialCalculatorKit-ackorybalcxbfocbkqsfdzcfkgmn/Build/Intermediates.noindex/FinancialCalculatorKit.build/Debug/FinancialCalculatorKit.build/Objects-normal/arm64/DepreciationCalculatorView.o -o /Users/rogerlin/Library/Developer/Xcode/DerivedData/FinancialCalculatorKit-ackorybalcxbfocbkqsfdzcfkgmn/Build/Intermediates.noindex/FinancialCalculatorKit.build/Debug/FinancialCalculatorKit.build/Objects-normal/arm64/DocumentListView.o -o /Users/rogerlin/Library/Developer/Xcode/DerivedData/FinancialCalculatorKit-ackorybalcxbfocbkqsfdzcfkgmn/Build/Intermediates.noindex/FinancialCalculatorKit.build/Debug/FinancialCalculatorKit.build/Objects-normal/arm64/EquityValuationView.o -o /Users/rogerlin/Library/Developer/Xcode/DerivedData/FinancialCalculatorKit-ackorybalcxbfocbkqsfdzcfkgmn/Build/Intermediates.noindex/FinancialCalculatorKit.build/Debug/FinancialCalculatorKit.build/Objects-normal/arm64/FixedIncomeAnalyticsView.o -o /Users/rogerlin/Library/Developer/Xcode/DerivedData/FinancialCalculatorKit-ackorybalcxbfocbkqsfdzcfkgmn/Build/Intermediates.noindex/FinancialCalculatorKit.build/Debug/FinancialCalculatorKit.build/Objects-normal/arm64/FormulaLibraryView.o -o /Users/rogerlin/Library/Developer/Xcode/DerivedData/FinancialCalculatorKit-ackorybalcxbfocbkqsfdzcfkgmn/Build/Intermediates.noindex/FinancialCalculatorKit.build/Debug/FinancialCalculatorKit.build/Objects-normal/arm64/ForwardsCalculatorView.o -index-unit-output-path /FinancialCalculatorKit.build/Debug/FinancialCalculatorKit.build/Objects-normal/arm64/DepreciationCalculatorView.o -index-unit-output-path /FinancialCalculatorKit.build/Debug/FinancialCalculatorKit.build/Objects-normal/arm64/DocumentListView.o -index-unit-output-path /FinancialCalculatorKit.build/Debug/FinancialCalculatorKit.build/Objects-normal/arm64/EquityValuationView.o -index-unit-output-path /FinancialCalculatorKit.build/Debug/FinancialCalculatorKit.build/Objects-normal/arm64/FixedIncomeAnalyticsView.o -index-unit-output-path /FinancialCalculatorKit.build/Debug/FinancialCalculatorKit.build/Objects-normal/arm64/FormulaLibraryView.o -index-unit-output-path /FinancialCalculatorKit.build/Debug/FinancialCalculatorKit.build/Objects-normal/arm64/ForwardsCalculatorView.o -index-store-path /Users/rogerlin/Library/Developer/Xcode/DerivedData/FinancialCalculatorKit-ackorybalcxbfocbkqsfdzcfkgmn/Index.noindex/DataStore -index-system-modules

SwiftCompile normal arm64 /Users/rogerlin/XCode-Projects/FinancialCalculatorKit-5.0-updated-accent-colors/FinancialCalculatorKit/Views/Calculator/DepreciationCalculatorView.swift (in target 'FinancialCalculatorKit' from project 'FinancialCalculatorKit')
    cd /Users/rogerlin/XCode-Projects/FinancialCalculatorKit-5.0-updated-accent-colors
    

SwiftCompile normal arm64 /Users/rogerlin/XCode-Projects/FinancialCalculatorKit-5.0-updated-accent-colors/FinancialCalculatorKit/Views/Calculator/DocumentListView.swift (in target 'FinancialCalculatorKit' from project 'FinancialCalculatorKit')
    cd /Users/rogerlin/XCode-Projects/FinancialCalculatorKit-5.0-updated-accent-colors
    

SwiftCompile normal arm64 /Users/rogerlin/XCode-Projects/FinancialCalculatorKit-5.0-updated-accent-colors/FinancialCalculatorKit/Views/Calculator/EquityValuationView.swift (in target 'FinancialCalculatorKit' from project 'FinancialCalculatorKit')
    cd /Users/rogerlin/XCode-Projects/FinancialCalculatorKit-5.0-updated-accent-colors
    

SwiftCompile normal arm64 /Users/rogerlin/XCode-Projects/FinancialCalculatorKit-5.0-updated-accent-colors/FinancialCalculatorKit/Views/Calculator/FixedIncomeAnalyticsView.swift (in target 'FinancialCalculatorKit' from project 'FinancialCalculatorKit')
    cd /Users/rogerlin/XCode-Projects/FinancialCalculatorKit-5.0-updated-accent-colors
    

SwiftCompile normal arm64 /Users/rogerlin/XCode-Projects/FinancialCalculatorKit-5.0-updated-accent-colors/FinancialCalculatorKit/Views/Calculator/FormulaLibraryView.swift (in target 'FinancialCalculatorKit' from project 'FinancialCalculatorKit')
    cd /Users/rogerlin/XCode-Projects/FinancialCalculatorKit-5.0-updated-accent-colors
    

SwiftCompile normal arm64 /Users/rogerlin/XCode-Projects/FinancialCalculatorKit-5.0-updated-accent-colors/FinancialCalculatorKit/Views/Calculator/ForwardsCalculatorView.swift (in target 'FinancialCalculatorKit' from project 'FinancialCalculatorKit')
    cd /Users/rogerlin/XCode-Projects/FinancialCalculatorKit-5.0-updated-accent-colors
    

SwiftCompile normal arm64 Compiling\ FuturesCalculatorView.swift,\ FutureValueView.swift,\ HighPrecisionCalculatorView.swift,\ InvestmentCalculatorView.swift,\ LoanCalculatorView.swift,\ LoanResultView.swift /Users/rogerlin/XCode-Projects/FinancialCalculatorKit-5.0-updated-accent-colors/FinancialCalculatorKit/Views/Calculator/FuturesCalculatorView.swift /Users/rogerlin/XCode-Projects/FinancialCalculatorKit-5.0-updated-accent-colors/FinancialCalculatorKit/Views/Calculator/FutureValueView.swift /Users/rogerlin/XCode-Projects/FinancialCalculatorKit-5.0-updated-accent-colors/FinancialCalculatorKit/Views/Calculator/HighPrecisionCalculatorView.swift /Users/rogerlin/XCode-Projects/FinancialCalculatorKit-5.0-updated-accent-colors/FinancialCalculatorKit/Views/Calculator/InvestmentCalculatorView.swift /Users/rogerlin/XCode-Projects/FinancialCalculatorKit-5.0-updated-accent-colors/FinancialCalculatorKit/Views/Calculator/LoanCalculatorView.swift /Users/rogerlin/XCode-Projects/FinancialCalculatorKit-5.0-updated-accent-colors/FinancialCalculatorKit/Views/Calculator/LoanResultView.swift (in target 'FinancialCalculatorKit' from project 'FinancialCalculatorKit')
/Applications/Xcode.app/Contents/Developer/Toolchains/XcodeDefault.xctoolchain/usr/bin/swift-frontend -frontend -c /Users/rogerlin/XCode-Projects/FinancialCalculatorKit-5.0-updated-accent-colors/FinancialCalculatorKit/Models/Bond/AdvancedBondModels.swift /Users/rogerlin/XCode-Projects/FinancialCalculatorKit-5.0-updated-accent-colors/FinancialCalculatorKit/Models/Bond/YieldCurveTypes.swift /Users/rogerlin/XCode-Projects/FinancialCalculatorKit-5.0-updated-accent-colors/FinancialCalculatorKit/Models/Calculation/BondCalculation.swift /Users/rogerlin/XCode-Projects/FinancialCalculatorKit-5.0-updated-accent-colors/FinancialCalculatorKit/Models/Calculation/CalculationMetadata.swift /Users/rogerlin/XCode-Projects/FinancialCalculatorKit-5.0-updated-accent-colors/FinancialCalculatorKit/Models/Calculation/DepreciationCalculation.swift /Users/rogerlin/XCode-Projects/FinancialCalculatorKit-5.0-updated-accent-colors/FinancialCalculatorKit/Models/Calculation/FinancialCalculation.swift /Users/rogerlin/XCode-Projects/FinancialCalculatorKit-5.0-updated-accent-colors/FinancialCalculatorKit/Models/Calculation/InvestmentCalculation.swift /Users/rogerlin/XCode-Projects/FinancialCalculatorKit-5.0-updated-accent-colors/FinancialCalculatorKit/Models/Calculation/LoanCalculation.swift /Users/rogerlin/XCode-Projects/FinancialCalculatorKit-5.0-updated-accent-colors/FinancialCalculatorKit/Models/Calculation/TimeValueCalculation.swift /Users/rogerlin/XCode-Projects/FinancialCalculatorKit-5.0-updated-accent-colors/FinancialCalculatorKit/Models/Enums/CalculationType.swift /Users/rogerlin/XCode-Projects/FinancialCalculatorKit-5.0-updated-accent-colors/FinancialCalculatorKit/Models/Enums/Currency.swift /Users/rogerlin/XCode-Projects/FinancialCalculatorKit-5.0-updated-accent-colors/FinancialCalculatorKit/Models/Enums/LoanType.swift /Users/rogerlin/XCode-Projects/FinancialCalculatorKit-5.0-updated-accent-colors/FinancialCalculatorKit/Models/Enums/PaymentFrequency.swift /Users/rogerlin/XCode-Projects/FinancialCalculatorKit-5.0-updated-accent-colors/FinancialCalculatorKit/Models/Enums/TimeValueVariable.swift /Users/rogerlin/XCode-Projects/FinancialCalculatorKit-5.0-updated-accent-colors/FinancialCalculatorKit/Models/Formula/FormulaReference.swift /Users/rogerlin/XCode-Projects/FinancialCalculatorKit-5.0-updated-accent-colors/FinancialCalculatorKit/Models/FRED/FREDModels.swift /Users/rogerlin/XCode-Projects/FinancialCalculatorKit-5.0-updated-accent-colors/FinancialCalculatorKit/Models/Options/AdvancedOptionsModels.swift /Users/rogerlin/XCode-Projects/FinancialCalculatorKit-5.0-updated-accent-colors/FinancialCalculatorKit/Models/ScientificCalculator/EquationDocument.swift /Users/rogerlin/XCode-Projects/FinancialCalculatorKit-5.0-updated-accent-colors/FinancialCalculatorKit/Models/ScientificCalculator/VariableStore.swift /Users/rogerlin/XCode-Projects/FinancialCalculatorKit-5.0-updated-accent-colors/FinancialCalculatorKit/Protocols/FinancialComputable.swift /Users/rogerlin/XCode-Projects/FinancialCalculatorKit-5.0-updated-accent-colors/FinancialCalculatorKit/Services/Bond/AdvancedBondPricingEngine.swift /Users/rogerlin/XCode-Projects/FinancialCalculatorKit-5.0-updated-accent-colors/FinancialCalculatorKit/Services/Options/AdvancedOptionsPricingEngine.swift /Users/rogerlin/XCode-Projects/FinancialCalculatorKit-5.0-updated-accent-colors/FinancialCalculatorKit/Services/AdvancedExpressionParser.swift /Users/rogerlin/XCode-Projects/FinancialCalculatorKit-5.0-updated-accent-colors/FinancialCalculatorKit/Services/AdvancedIRRCalculator.swift /Users/rogerlin/XCode-Projects/FinancialCalculatorKit-5.0-updated-accent-colors/FinancialCalculatorKit/Services/AdvancedMathFunctions.swift /Users/rogerlin/XCode-Projects/FinancialCalculatorKit-5.0-updated-accent-colors/FinancialCalculatorKit/Services/CalculationEngine.swift /Users/rogerlin/XCode-Projects/FinancialCalculatorKit-5.0-updated-accent-colors/FinancialCalculatorKit/Services/CSVHelper.swift /Users/rogerlin/XCode-Projects/FinancialCalculatorKit-5.0-updated-accent-colors/FinancialCalculatorKit/Services/CurrencyConversionService.swift /Users/rogerlin/XCode-Projects/FinancialCalculatorKit-5.0-updated-accent-colors/FinancialCalculatorKit/Services/ExchangeRateService.swift /Users/rogerlin/XCode-Projects/FinancialCalculatorKit-5.0-updated-accent-colors/FinancialCalculatorKit/Services/FinancialCalculator.swift /Users/rogerlin/XCode-Projects/FinancialCalculatorKit-5.0-updated-accent-colors/FinancialCalculatorKit/Services/FinancialValidation.swift /Users/rogerlin/XCode-Projects/FinancialCalculatorKit-5.0-updated-accent-colors/FinancialCalculatorKit/Services/FormulaAutoComplete.swift /Users/rogerlin/XCode-Projects/FinancialCalculatorKit-5.0-updated-accent-colors/FinancialCalculatorKit/Services/FREDService.swift /Users/rogerlin/XCode-Projects/FinancialCalculatorKit-5.0-updated-accent-colors/FinancialCalculatorKit/Services/HighPrecisionMath.swift /Users/rogerlin/XCode-Projects/FinancialCalculatorKit-5.0-updated-accent-colors/FinancialCalculatorKit/Services/HighPrecisionTestSuite.swift /Users/rogerlin/XCode-Projects/FinancialCalculatorKit-5.0-updated-accent-colors/FinancialCalculatorKit/Services/HighPrecisionValidation.swift /Users/rogerlin/XCode-Projects/FinancialCalculatorKit-5.0-updated-accent-colors/FinancialCalculatorKit/Services/TickerHistoryService.swift /Users/rogerlin/XCode-Projects/FinancialCalculatorKit-5.0-updated-accent-colors/FinancialCalculatorKit/Services/ValidationExtensions.swift /Users/rogerlin/XCode-Projects/FinancialCalculatorKit-5.0-updated-accent-colors/FinancialCalculatorKit/Services/ValidationService.swift /Users/rogerlin/XCode-Projects/FinancialCalculatorKit-5.0-updated-accent-colors/FinancialCalculatorKit/Services/ValidationTestSuite.swift /Users/rogerlin/XCode-Projects/FinancialCalculatorKit-5.0-updated-accent-colors/FinancialCalculatorKit/Utilities/Extensions/Date+Financial.swift /Users/rogerlin/XCode-Projects/FinancialCalculatorKit-5.0-updated-accent-colors/FinancialCalculatorKit/Utilities/Extensions/Double+Financial.swift /Users/rogerlin/XCode-Projects/FinancialCalculatorKit-5.0-updated-accent-colors/FinancialCalculatorKit/Utilities/CashFlowsTransformer.swift /Users/rogerlin/XCode-Projects/FinancialCalculatorKit-5.0-updated-accent-colors/FinancialCalculatorKit/Utilities/Formatters.swift /Users/rogerlin/XCode-Projects/FinancialCalculatorKit-5.0-updated-accent-colors/FinancialCalculatorKit/ViewHelpers/FormulaViewHelper.swift /Users/rogerlin/XCode-Projects/FinancialCalculatorKit-5.0-updated-accent-colors/FinancialCalculatorKit/ViewModels/MainViewModel.swift /Users/rogerlin/XCode-Projects/FinancialCalculatorKit-5.0-updated-accent-colors/FinancialCalculatorKit/Views/Calculator/AdvancedBondCalculatorView.swift /Users/rogerlin/XCode-Projects/FinancialCalculatorKit-5.0-updated-accent-colors/FinancialCalculatorKit/Views/Calculator/AmortizationView.swift /Users/rogerlin/XCode-Projects/FinancialCalculatorKit-5.0-updated-accent-colors/FinancialCalculatorKit/Views/Calculator/BondCalculatorView.swift /Users/rogerlin/XCode-Projects/FinancialCalculatorKit-5.0-updated-accent-colors/FinancialCalculatorKit/Views/Calculator/CompactCalculatorView.swift /Users/rogerlin/XCode-Projects/FinancialCalculatorKit-5.0-updated-accent-colors/FinancialCalculatorKit/Views/Calculator/CurrencyConverterView.swift /Users/rogerlin/XCode-Projects/FinancialCalculatorKit-5.0-updated-accent-colors/FinancialCalculatorKit/Views/Calculator/CustomScientificKeyboard.swift /Users/rogerlin/XCode-Projects/FinancialCalculatorKit-5.0-updated-accent-colors/FinancialCalculatorKit/Views/Calculator/DepreciationCalculatorView.swift /Users/rogerlin/XCode-Projects/FinancialCalculatorKit-5.0-updated-accent-colors/FinancialCalculatorKit/Views/Calculator/DocumentListView.swift /Users/rogerlin/XCode-Projects/FinancialCalculatorKit-5.0-updated-accent-colors/FinancialCalculatorKit/Views/Calculator/EquityValuationView.swift /Users/rogerlin/XCode-Projects/FinancialCalculatorKit-5.0-updated-accent-colors/FinancialCalculatorKit/Views/Calculator/FixedIncomeAnalyticsView.swift /Users/rogerlin/XCode-Projects/FinancialCalculatorKit-5.0-updated-accent-colors/FinancialCalculatorKit/Views/Calculator/FormulaLibraryView.swift /Users/rogerlin/XCode-Projects/FinancialCalculatorKit-5.0-updated-accent-colors/FinancialCalculatorKit/Views/Calculator/ForwardsCalculatorView.swift -primary-file /Users/rogerlin/XCode-Projects/FinancialCalculatorKit-5.0-updated-accent-colors/FinancialCalculatorKit/Views/Calculator/FuturesCalculatorView.swift -primary-file /Users/rogerlin/XCode-Projects/FinancialCalculatorKit-5.0-updated-accent-colors/FinancialCalculatorKit/Views/Calculator/FutureValueView.swift -primary-file /Users/rogerlin/XCode-Projects/FinancialCalculatorKit-5.0-updated-accent-colors/FinancialCalculatorKit/Views/Calculator/HighPrecisionCalculatorView.swift -primary-file /Users/rogerlin/XCode-Projects/FinancialCalculatorKit-5.0-updated-accent-colors/FinancialCalculatorKit/Views/Calculator/InvestmentCalculatorView.swift -primary-file /Users/rogerlin/XCode-Projects/FinancialCalculatorKit-5.0-updated-accent-colors/FinancialCalculatorKit/Views/Calculator/LoanCalculatorView.swift -primary-file /Users/rogerlin/XCode-Projects/FinancialCalculatorKit-5.0-updated-accent-colors/FinancialCalculatorKit/Views/Calculator/LoanResultView.swift /Users/rogerlin/XCode-Projects/FinancialCalculatorKit-5.0-updated-accent-colors/FinancialCalculatorKit/Views/Calculator/MathExpressionCalculatorView.swift /Users/rogerlin/XCode-Projects/FinancialCalculatorKit-5.0-updated-accent-colors/FinancialCalculatorKit/Views/Calculator/OptionsCalculatorView.swift /Users/rogerlin/XCode-Projects/FinancialCalculatorKit-5.0-updated-accent-colors/FinancialCalculatorKit/Views/Calculator/OptionsStrategiesView.swift /Users/rogerlin/XCode-Projects/FinancialCalculatorKit-5.0-updated-accent-colors/FinancialCalculatorKit/Views/Calculator/PlaceholderViews.swift /Users/rogerlin/XCode-Projects/FinancialCalculatorKit-5.0-updated-accent-colors/FinancialCalculatorKit/Views/Calculator/PortfolioOptimizationView.swift /Users/rogerlin/XCode-Projects/FinancialCalculatorKit-5.0-updated-accent-colors/FinancialCalculatorKit/Views/Calculator/PrecisionDemoView.swift /Users/rogerlin/XCode-Projects/FinancialCalculatorKit-5.0-updated-accent-colors/FinancialCalculatorKit/Views/Calculator/RiskManagementView.swift /Users/rogerlin/XCode-Projects/FinancialCalculatorKit-5.0-updated-accent-colors/FinancialCalculatorKit/Views/Calculator/ScientificCalculatorView.swift /Users/rogerlin/XCode-Projects/FinancialCalculatorKit-5.0-updated-accent-colors/FinancialCalculatorKit/Views/Calculator/SwapsCalculatorView.swift /Users/rogerlin/XCode-Projects/FinancialCalculatorKit-5.0-updated-accent-colors/FinancialCalculatorKit/Views/Calculator/TemplateViews.swift /Users/rogerlin/XCode-Projects/FinancialCalculatorKit-5.0-updated-accent-colors/FinancialCalculatorKit/Views/Calculator/TickerHistoryView.swift /Users/rogerlin/XCode-Projects/FinancialCalculatorKit-5.0-updated-accent-colors/FinancialCalculatorKit/Views/Calculator/TimeValueCalculatorView.swift /Users/rogerlin/XCode-Projects/FinancialCalculatorKit-5.0-updated-accent-colors/FinancialCalculatorKit/Views/Calculator/TimeValueResultView.swift /Users/rogerlin/XCode-Projects/FinancialCalculatorKit-5.0-updated-accent-colors/FinancialCalculatorKit/Views/Calculator/UnitConverterView.swift /Users/rogerlin/XCode-Projects/FinancialCalculatorKit-5.0-updated-accent-colors/FinancialCalculatorKit/Views/Calculator/VariableManagementView.swift /Users/rogerlin/XCode-Projects/FinancialCalculatorKit-5.0-updated-accent-colors/FinancialCalculatorKit/Views/Charts/FinancialChartView.swift /Users/rogerlin/XCode-Projects/FinancialCalculatorKit-5.0-updated-accent-colors/FinancialCalculatorKit/Views/Charts/InteractiveFinancialCharts.swift /Users/rogerlin/XCode-Projects/FinancialCalculatorKit-5.0-updated-accent-colors/FinancialCalculatorKit/Views/Components/DetailRow.swift /Users/rogerlin/XCode-Projects/FinancialCalculatorKit-5.0-updated-accent-colors/FinancialCalculatorKit/Views/Components/DynamicInputSection.swift /Users/rogerlin/XCode-Projects/FinancialCalculatorKit-5.0-updated-accent-colors/FinancialCalculatorKit/Views/Components/EnhancedInputFields.swift /Users/rogerlin/XCode-Projects/FinancialCalculatorKit-5.0-updated-accent-colors/FinancialCalculatorKit/Views/Components/FinancialStyles.swift /Users/rogerlin/XCode-Projects/FinancialCalculatorKit-5.0-updated-accent-colors/FinancialCalculatorKit/Views/Components/InputFieldView.swift /Users/rogerlin/XCode-Projects/FinancialCalculatorKit-5.0-updated-accent-colors/FinancialCalculatorKit/Views/Components/InteractiveDataTables.swift /Users/rogerlin/XCode-Projects/FinancialCalculatorKit-5.0-updated-accent-colors/FinancialCalculatorKit/Views/Components/LoadingResultView.swift /Users/rogerlin/XCode-Projects/FinancialCalculatorKit-5.0-updated-accent-colors/FinancialCalculatorKit/Views/Components/NumbersOnlyViewModifier.swift /Users/rogerlin/XCode-Projects/FinancialCalculatorKit-5.0-updated-accent-colors/FinancialCalculatorKit/Views/Components/ResultDisplayView.swift /Users/rogerlin/XCode-Projects/FinancialCalculatorKit-5.0-updated-accent-colors/FinancialCalculatorKit/Views/Components/StatusIndicator.swift /Users/rogerlin/XCode-Projects/FinancialCalculatorKit-5.0-updated-accent-colors/FinancialCalculatorKit/Views/Components/ValidationSummaryView.swift /Users/rogerlin/XCode-Projects/FinancialCalculatorKit-5.0-updated-accent-colors/FinancialCalculatorKit/Views/FRED/FREDDataView.swift /Users/rogerlin/XCode-Projects/FinancialCalculatorKit-5.0-updated-accent-colors/FinancialCalculatorKit/Views/Reference/FormulaReferenceView.swift /Users/rogerlin/XCode-Projects/FinancialCalculatorKit-5.0-updated-accent-colors/FinancialCalculatorKit/Views/Reference/FormulaVariableView.swift /Users/rogerlin/XCode-Projects/FinancialCalculatorKit-5.0-updated-accent-colors/FinancialCalculatorKit/Views/Reference/FormulaVariantView.swift /Users/rogerlin/XCode-Projects/FinancialCalculatorKit-5.0-updated-accent-colors/FinancialCalculatorKit/ContentView.swift /Users/rogerlin/XCode-Projects/FinancialCalculatorKit-5.0-updated-accent-colors/FinancialCalculatorKit/FinancialCalculatorKitApp.swift /Users/rogerlin/XCode-Projects/FinancialCalculatorKit-5.0-updated-accent-colors/FinancialCalculatorKit/Item.swift /Users/rogerlin/Library/Developer/Xcode/DerivedData/FinancialCalculatorKit-ackorybalcxbfocbkqsfdzcfkgmn/Build/Intermediates.noindex/FinancialCalculatorKit.build/Debug/FinancialCalculatorKit.build/DerivedSources/GeneratedAssetSymbols.swift -supplementary-output-file-map /Users/rogerlin/Library/Developer/Xcode/DerivedData/FinancialCalculatorKit-ackorybalcxbfocbkqsfdzcfkgmn/Build/Intermediates.noindex/FinancialCalculatorKit.build/Debug/FinancialCalculatorKit.build/Objects-normal/arm64/supplementaryOutputs-60 -emit-localized-strings -emit-localized-strings-path /Users/rogerlin/Library/Developer/Xcode/DerivedData/FinancialCalculatorKit-ackorybalcxbfocbkqsfdzcfkgmn/Build/Intermediates.noindex/FinancialCalculatorKit.build/Debug/FinancialCalculatorKit.build/Objects-normal/arm64 -target arm64-apple-macos14.0 -module-can-import-version AppKit 2685.20.119 2685.20.119 -module-can-import-version DeveloperToolsSupport 23.0.4 23.0.4 -module-can-import-version SwiftUI 7.1.13.1 7.1.13 -disable-cross-import-overlay-search -swift-module-cross-import SwiftData /Applications/Xcode.app/Contents/Developer/Platforms/MacOSX.platform/Developer/SDKs/MacOSX26.1.sdk/System/Library/Frameworks/SwiftData.framework/Modules/SwiftData.swiftcrossimport/CoreData.swiftoverlay -swift-module-cross-import SwiftData /Applications/Xcode.app/Contents/Developer/Platforms/MacOSX.platform/Developer/SDKs/MacOSX26.1.sdk/System/Library/Frameworks/SwiftData.framework/Modules/SwiftData.swiftcrossimport/SwiftUI.swiftoverlay -load-resolved-plugin \#/Users/rogerlin/Library/Developer/Xcode/DerivedData/FinancialCalculatorKit-ackorybalcxbfocbkqsfdzcfkgmn/Build/Products/Debug/CasePathsMacros\#CasePathsMacros -load-resolved-plugin /Applications/Xcode.app/Contents/Developer/Platforms/MacOSX.platform/Developer/usr/lib/swift/host/plugins/libFoundationMacros.dylib\#/Applications/Xcode.app/Contents/Developer/Platforms/MacOSX.platform/Developer/usr/bin/swift-plugin-server\#FoundationMacros -load-resolved-plugin /Applications/Xcode.app/Contents/Developer/Platforms/MacOSX.platform/Developer/usr/lib/swift/host/plugins/libObservationMacros.dylib\#/Applications/Xcode.app/Contents/Developer/Platforms/MacOSX.platform/Developer/usr/bin/swift-plugin-server\#ObservationMacros -load-resolved-plugin /Applications/Xcode.app/Contents/Developer/Platforms/MacOSX.platform/Developer/usr/lib/swift/host/plugins/libPreviewsMacros.dylib\#/Applications/Xcode.app/Contents/Developer/Platforms/MacOSX.platform/Developer/usr/bin/swift-plugin-server\#PreviewsMacros -load-resolved-plugin /Applications/Xcode.app/Contents/Developer/Platforms/MacOSX.platform/Developer/usr/lib/swift/host/plugins/libSwiftDataMacros.dylib\#/Applications/Xcode.app/Contents/Developer/Platforms/MacOSX.platform/Developer/usr/bin/swift-plugin-server\#SwiftDataMacros -load-resolved-plugin /Applications/Xcode.app/Contents/Developer/Platforms/MacOSX.platform/Developer/usr/lib/swift/host/plugins/libSwiftMacros.dylib\#/Applications/Xcode.app/Contents/Developer/Platforms/MacOSX.platform/Developer/usr/bin/swift-plugin-server\#SwiftMacros -load-resolved-plugin /Applications/Xcode.app/Contents/Developer/Platforms/MacOSX.platform/Developer/usr/lib/swift/host/plugins/libSwiftUIMacros.dylib\#/Applications/Xcode.app/Contents/Developer/Platforms/MacOSX.platform/Developer/usr/bin/swift-plugin-server\#SwiftUIMacros -disable-implicit-swift-modules -Xcc -fno-implicit-modules -Xcc -fno-implicit-module-maps -explicit-swift-module-map-file /Users/rogerlin/Library/Developer/Xcode/DerivedData/FinancialCalculatorKit-ackorybalcxbfocbkqsfdzcfkgmn/Build/Intermediates.noindex/FinancialCalculatorKit.build/Debug/FinancialCalculatorKit.build/Objects-normal/arm64/FinancialCalculatorKit-dependencies-1.json -Xllvm -aarch64-use-tbi -enable-objc-interop -stack-check -sdk /Applications/Xcode.app/Contents/Developer/Platforms/MacOSX.platform/Developer/SDKs/MacOSX26.1.sdk -I /Users/rogerlin/Library/Developer/Xcode/DerivedData/FinancialCalculatorKit-ackorybalcxbfocbkqsfdzcfkgmn/Build/Products/Debug -F /Users/rogerlin/Library/Developer/Xcode/DerivedData/FinancialCalculatorKit-ackorybalcxbfocbkqsfdzcfkgmn/Build/Products/Debug/PackageFrameworks -F /Users/rogerlin/Library/Developer/Xcode/DerivedData/FinancialCalculatorKit-ackorybalcxbfocbkqsfdzcfkgmn/Build/Products/Debug/PackageFrameworks -F /Users/rogerlin/Library/Developer/Xcode/DerivedData/FinancialCalculatorKit-ackorybalcxbfocbkqsfdzcfkgmn/Build/Products/Debug/PackageFrameworks -F /Users/rogerlin/Library/Developer/Xcode/DerivedData/FinancialCalculatorKit-ackorybalcxbfocbkqsfdzcfkgmn/Build/Products/Debug/PackageFrameworks -F /Users/rogerlin/Library/Developer/Xcode/DerivedData/FinancialCalculatorKit-ackorybalcxbfocbkqsfdzcfkgmn/Build/Products/Debug/PackageFrameworks -F /Users/rogerlin/Library/Developer/Xcode/DerivedData/FinancialCalculatorKit-ackorybalcxbfocbkqsfdzcfkgmn/Build/Products/Debug/PackageFrameworks -F /Users/rogerlin/Library/Developer/Xcode/DerivedData/FinancialCalculatorKit-ackorybalcxbfocbkqsfdzcfkgmn/Build/Products/Debug/PackageFrameworks -F /Users/rogerlin/Library/Developer/Xcode/DerivedData/FinancialCalculatorKit-ackorybalcxbfocbkqsfdzcfkgmn/Build/Products/Debug/PackageFrameworks -F /Users/rogerlin/Library/Developer/Xcode/DerivedData/FinancialCalculatorKit-ackorybalcxbfocbkqsfdzcfkgmn/Build/Products/Debug/PackageFrameworks -F /Users/rogerlin/Library/Developer/Xcode/DerivedData/FinancialCalculatorKit-ackorybalcxbfocbkqsfdzcfkgmn/Build/Products/Debug/PackageFrameworks -F /Users/rogerlin/Library/Developer/Xcode/DerivedData/FinancialCalculatorKit-ackorybalcxbfocbkqsfdzcfkgmn/Build/Products/Debug/PackageFrameworks -F /Users/rogerlin/Library/Developer/Xcode/DerivedData/FinancialCalculatorKit-ackorybalcxbfocbkqsfdzcfkgmn/Build/Products/Debug/PackageFrameworks -F /Users/rogerlin/Library/Developer/Xcode/DerivedData/FinancialCalculatorKit-ackorybalcxbfocbkqsfdzcfkgmn/Build/Products/Debug/PackageFrameworks -F /Users/rogerlin/Library/Developer/Xcode/DerivedData/FinancialCalculatorKit-ackorybalcxbfocbkqsfdzcfkgmn/Build/Products/Debug/PackageFrameworks -F /Users/rogerlin/Library/Developer/Xcode/DerivedData/FinancialCalculatorKit-ackorybalcxbfocbkqsfdzcfkgmn/Build/Products/Debug/PackageFrameworks -F /Users/rogerlin/Library/Developer/Xcode/DerivedData/FinancialCalculatorKit-ackorybalcxbfocbkqsfdzcfkgmn/Build/Products/Debug/PackageFrameworks -F /Users/rogerlin/Library/Developer/Xcode/DerivedData/FinancialCalculatorKit-ackorybalcxbfocbkqsfdzcfkgmn/Build/Products/Debug/PackageFrameworks -F /Users/rogerlin/Library/Developer/Xcode/DerivedData/FinancialCalculatorKit-ackorybalcxbfocbkqsfdzcfkgmn/Build/Products/Debug/PackageFrameworks -F /Users/rogerlin/Library/Developer/Xcode/DerivedData/FinancialCalculatorKit-ackorybalcxbfocbkqsfdzcfkgmn/Build/Products/Debug/PackageFrameworks -F /Users/rogerlin/Library/Developer/Xcode/DerivedData/FinancialCalculatorKit-ackorybalcxbfocbkqsfdzcfkgmn/Build/Products/Debug -no-color-diagnostics -Xcc -fno-color-diagnostics -enable-testing -g -debug-info-format\=dwarf -dwarf-version\=4 -module-cache-path /Users/rogerlin/Library/Developer/Xcode/DerivedData/FinancialCalculatorKit-ackorybalcxbfocbkqsfdzcfkgmn/Build/Intermediates.noindex/SwiftExplicitPrecompiledModules -profile-generate -profile-coverage-mapping -swift-version 5 -enforce-exclusivity\=checked -Onone -D DEBUG -serialize-debugging-options -load-plugin-executable /Users/rogerlin/Library/Developer/Xcode/DerivedData/FinancialCalculatorKit-ackorybalcxbfocbkqsfdzcfkgmn/Build/Products/Debug/CasePathsMacros\#CasePathsMacros -const-gather-protocols-file /Users/rogerlin/Library/Developer/Xcode/DerivedData/FinancialCalculatorKit-ackorybalcxbfocbkqsfdzcfkgmn/Build/Intermediates.noindex/FinancialCalculatorKit.build/Debug/FinancialCalculatorKit.build/Objects-normal/arm64/FinancialCalculatorKit_const_extract_protocols.json -enable-experimental-feature DebugDescriptionMacro -enable-bare-slash-regex -empty-abi-descriptor -validate-clang-modules-once -clang-build-session-file /Users/rogerlin/Library/Developer/Xcode/DerivedData/ModuleCache.noindex/Session.modulevalidation -Xcc -working-directory -Xcc /Users/rogerlin/XCode-Projects/FinancialCalculatorKit-5.0-updated-accent-colors -enable-anonymous-context-mangled-names -file-compilation-dir /Users/rogerlin/XCode-Projects/FinancialCalculatorKit-5.0-updated-accent-colors -Xcc -D_LIBCPP_HARDENING_MODE\=_LIBCPP_HARDENING_MODE_DEBUG -Xcc -ivfsstatcache -Xcc /Users/rogerlin/Library/Developer/Xcode/DerivedData/SDKStatCaches.noindex/macosx26.1-25B74-3ae1261907bdadc328169391a47051a6.sdkstatcache -Xcc -I/Users/rogerlin/Library/Developer/Xcode/DerivedData/FinancialCalculatorKit-ackorybalcxbfocbkqsfdzcfkgmn/Build/Intermediates.noindex/FinancialCalculatorKit.build/Debug/FinancialCalculatorKit.build/swift-overrides.hmap -Xcc -iquote -Xcc /Users/rogerlin/Library/Developer/Xcode/DerivedData/FinancialCalculatorKit-ackorybalcxbfocbkqsfdzcfkgmn/Build/Intermediates.noindex/FinancialCalculatorKit.build/Debug/FinancialCalculatorKit.build/FinancialCalculatorKit-generated-files.hmap -Xcc -I/Users/rogerlin/Library/Developer/Xcode/DerivedData/FinancialCalculatorKit-ackorybalcxbfocbkqsfdzcfkgmn/Build/Intermediates.noindex/FinancialCalculatorKit.build/Debug/FinancialCalculatorKit.build/FinancialCalculatorKit-own-target-headers.hmap -Xcc -I/Users/rogerlin/Library/Developer/Xcode/DerivedData/FinancialCalculatorKit-ackorybalcxbfocbkqsfdzcfkgmn/Build/Intermediates.noindex/FinancialCalculatorKit.build/Debug/FinancialCalculatorKit.build/FinancialCalculatorKit-all-non-framework-target-headers.hmap -Xcc -ivfsoverlay -Xcc /Users/rogerlin/Library/Developer/Xcode/DerivedData/FinancialCalculatorKit-ackorybalcxbfocbkqsfdzcfkgmn/Build/Intermediates.noindex/FinancialCalculatorKit.build/Debug/FinancialCalculatorKit-b796aaad08c4b307251b75ea7c01aae2-VFS/all-product-headers.yaml -Xcc -iquote -Xcc /Users/rogerlin/Library/Developer/Xcode/DerivedData/FinancialCalculatorKit-ackorybalcxbfocbkqsfdzcfkgmn/Build/Intermediates.noindex/FinancialCalculatorKit.build/Debug/FinancialCalculatorKit.build/FinancialCalculatorKit-project-headers.hmap -Xcc -I/Users/rogerlin/Library/Developer/Xcode/DerivedData/FinancialCalculatorKit-ackorybalcxbfocbkqsfdzcfkgmn/SourcePackages/checkouts/swift-numerics/Sources/_NumericsShims/include -Xcc -I/Users/rogerlin/Library/Developer/Xcode/DerivedData/FinancialCalculatorKit-ackorybalcxbfocbkqsfdzcfkgmn/Build/Products/Debug/include -Xcc -I/Users/rogerlin/Library/Developer/Xcode/DerivedData/FinancialCalculatorKit-ackorybalcxbfocbkqsfdzcfkgmn/Build/Intermediates.noindex/FinancialCalculatorKit.build/Debug/FinancialCalculatorKit.build/DerivedSources-normal/arm64 -Xcc -I/Users/rogerlin/Library/Developer/Xcode/DerivedData/FinancialCalculatorKit-ackorybalcxbfocbkqsfdzcfkgmn/Build/Intermediates.noindex/FinancialCalculatorKit.build/Debug/FinancialCalculatorKit.build/DerivedSources/arm64 -Xcc -I/Users/rogerlin/Library/Developer/Xcode/DerivedData/FinancialCalculatorKit-ackorybalcxbfocbkqsfdzcfkgmn/Build/Intermediates.noindex/FinancialCalculatorKit.build/Debug/FinancialCalculatorKit.build/DerivedSources -Xcc -DDEBUG\=1 -no-auto-bridging-header-chaining -module-name FinancialCalculatorKit -frontend-parseable-output -disable-clang-spi -target-sdk-version 26.1 -target-sdk-name macosx26.1 -clang-target arm64-apple-macos26.1 -in-process-plugin-server-path /Applications/Xcode.app/Contents/Developer/Toolchains/XcodeDefault.xctoolchain/usr/lib/swift/host/libSwiftInProcPluginServer.dylib -o /Users/rogerlin/Library/Developer/Xcode/DerivedData/FinancialCalculatorKit-ackorybalcxbfocbkqsfdzcfkgmn/Build/Intermediates.noindex/FinancialCalculatorKit.build/Debug/FinancialCalculatorKit.build/Objects-normal/arm64/FuturesCalculatorView.o -o /Users/rogerlin/Library/Developer/Xcode/DerivedData/FinancialCalculatorKit-ackorybalcxbfocbkqsfdzcfkgmn/Build/Intermediates.noindex/FinancialCalculatorKit.build/Debug/FinancialCalculatorKit.build/Objects-normal/arm64/FutureValueView.o -o /Users/rogerlin/Library/Developer/Xcode/DerivedData/FinancialCalculatorKit-ackorybalcxbfocbkqsfdzcfkgmn/Build/Intermediates.noindex/FinancialCalculatorKit.build/Debug/FinancialCalculatorKit.build/Objects-normal/arm64/HighPrecisionCalculatorView.o -o /Users/rogerlin/Library/Developer/Xcode/DerivedData/FinancialCalculatorKit-ackorybalcxbfocbkqsfdzcfkgmn/Build/Intermediates.noindex/FinancialCalculatorKit.build/Debug/FinancialCalculatorKit.build/Objects-normal/arm64/InvestmentCalculatorView.o -o /Users/rogerlin/Library/Developer/Xcode/DerivedData/FinancialCalculatorKit-ackorybalcxbfocbkqsfdzcfkgmn/Build/Intermediates.noindex/FinancialCalculatorKit.build/Debug/FinancialCalculatorKit.build/Objects-normal/arm64/LoanCalculatorView.o -o /Users/rogerlin/Library/Developer/Xcode/DerivedData/FinancialCalculatorKit-ackorybalcxbfocbkqsfdzcfkgmn/Build/Intermediates.noindex/FinancialCalculatorKit.build/Debug/FinancialCalculatorKit.build/Objects-normal/arm64/LoanResultView.o -index-unit-output-path /FinancialCalculatorKit.build/Debug/FinancialCalculatorKit.build/Objects-normal/arm64/FuturesCalculatorView.o -index-unit-output-path /FinancialCalculatorKit.build/Debug/FinancialCalculatorKit.build/Objects-normal/arm64/FutureValueView.o -index-unit-output-path /FinancialCalculatorKit.build/Debug/FinancialCalculatorKit.build/Objects-normal/arm64/HighPrecisionCalculatorView.o -index-unit-output-path /FinancialCalculatorKit.build/Debug/FinancialCalculatorKit.build/Objects-normal/arm64/InvestmentCalculatorView.o -index-unit-output-path /FinancialCalculatorKit.build/Debug/FinancialCalculatorKit.build/Objects-normal/arm64/LoanCalculatorView.o -index-unit-output-path /FinancialCalculatorKit.build/Debug/FinancialCalculatorKit.build/Objects-normal/arm64/LoanResultView.o -index-store-path /Users/rogerlin/Library/Developer/Xcode/DerivedData/FinancialCalculatorKit-ackorybalcxbfocbkqsfdzcfkgmn/Index.noindex/DataStore -index-system-modules

SwiftCompile normal arm64 /Users/rogerlin/XCode-Projects/FinancialCalculatorKit-5.0-updated-accent-colors/FinancialCalculatorKit/Views/Calculator/FuturesCalculatorView.swift (in target 'FinancialCalculatorKit' from project 'FinancialCalculatorKit')
    cd /Users/rogerlin/XCode-Projects/FinancialCalculatorKit-5.0-updated-accent-colors
    

SwiftCompile normal arm64 /Users/rogerlin/XCode-Projects/FinancialCalculatorKit-5.0-updated-accent-colors/FinancialCalculatorKit/Views/Calculator/FutureValueView.swift (in target 'FinancialCalculatorKit' from project 'FinancialCalculatorKit')
    cd /Users/rogerlin/XCode-Projects/FinancialCalculatorKit-5.0-updated-accent-colors
    

SwiftCompile normal arm64 /Users/rogerlin/XCode-Projects/FinancialCalculatorKit-5.0-updated-accent-colors/FinancialCalculatorKit/Views/Calculator/HighPrecisionCalculatorView.swift (in target 'FinancialCalculatorKit' from project 'FinancialCalculatorKit')
    cd /Users/rogerlin/XCode-Projects/FinancialCalculatorKit-5.0-updated-accent-colors
    

SwiftCompile normal arm64 /Users/rogerlin/XCode-Projects/FinancialCalculatorKit-5.0-updated-accent-colors/FinancialCalculatorKit/Views/Calculator/InvestmentCalculatorView.swift (in target 'FinancialCalculatorKit' from project 'FinancialCalculatorKit')
    cd /Users/rogerlin/XCode-Projects/FinancialCalculatorKit-5.0-updated-accent-colors
    

SwiftCompile normal arm64 /Users/rogerlin/XCode-Projects/FinancialCalculatorKit-5.0-updated-accent-colors/FinancialCalculatorKit/Views/Calculator/LoanCalculatorView.swift (in target 'FinancialCalculatorKit' from project 'FinancialCalculatorKit')
    cd /Users/rogerlin/XCode-Projects/FinancialCalculatorKit-5.0-updated-accent-colors
    

SwiftCompile normal arm64 /Users/rogerlin/XCode-Projects/FinancialCalculatorKit-5.0-updated-accent-colors/FinancialCalculatorKit/Views/Calculator/LoanResultView.swift (in target 'FinancialCalculatorKit' from project 'FinancialCalculatorKit')
    cd /Users/rogerlin/XCode-Projects/FinancialCalculatorKit-5.0-updated-accent-colors
    

SwiftCompile normal arm64 Compiling\ Date+Financial.swift,\ Double+Financial.swift,\ CashFlowsTransformer.swift,\ Formatters.swift,\ FormulaViewHelper.swift,\ MainViewModel.swift /Users/rogerlin/XCode-Projects/FinancialCalculatorKit-5.0-updated-accent-colors/FinancialCalculatorKit/Utilities/Extensions/Date+Financial.swift /Users/rogerlin/XCode-Projects/FinancialCalculatorKit-5.0-updated-accent-colors/FinancialCalculatorKit/Utilities/Extensions/Double+Financial.swift /Users/rogerlin/XCode-Projects/FinancialCalculatorKit-5.0-updated-accent-colors/FinancialCalculatorKit/Utilities/CashFlowsTransformer.swift /Users/rogerlin/XCode-Projects/FinancialCalculatorKit-5.0-updated-accent-colors/FinancialCalculatorKit/Utilities/Formatters.swift /Users/rogerlin/XCode-Projects/FinancialCalculatorKit-5.0-updated-accent-colors/FinancialCalculatorKit/ViewHelpers/FormulaViewHelper.swift /Users/rogerlin/XCode-Projects/FinancialCalculatorKit-5.0-updated-accent-colors/FinancialCalculatorKit/ViewModels/MainViewModel.swift (in target 'FinancialCalculatorKit' from project 'FinancialCalculatorKit')
/Applications/Xcode.app/Contents/Developer/Toolchains/XcodeDefault.xctoolchain/usr/bin/swift-frontend -frontend -c /Users/rogerlin/XCode-Projects/FinancialCalculatorKit-5.0-updated-accent-colors/FinancialCalculatorKit/Models/Bond/AdvancedBondModels.swift /Users/rogerlin/XCode-Projects/FinancialCalculatorKit-5.0-updated-accent-colors/FinancialCalculatorKit/Models/Bond/YieldCurveTypes.swift /Users/rogerlin/XCode-Projects/FinancialCalculatorKit-5.0-updated-accent-colors/FinancialCalculatorKit/Models/Calculation/BondCalculation.swift /Users/rogerlin/XCode-Projects/FinancialCalculatorKit-5.0-updated-accent-colors/FinancialCalculatorKit/Models/Calculation/CalculationMetadata.swift /Users/rogerlin/XCode-Projects/FinancialCalculatorKit-5.0-updated-accent-colors/FinancialCalculatorKit/Models/Calculation/DepreciationCalculation.swift /Users/rogerlin/XCode-Projects/FinancialCalculatorKit-5.0-updated-accent-colors/FinancialCalculatorKit/Models/Calculation/FinancialCalculation.swift /Users/rogerlin/XCode-Projects/FinancialCalculatorKit-5.0-updated-accent-colors/FinancialCalculatorKit/Models/Calculation/InvestmentCalculation.swift /Users/rogerlin/XCode-Projects/FinancialCalculatorKit-5.0-updated-accent-colors/FinancialCalculatorKit/Models/Calculation/LoanCalculation.swift /Users/rogerlin/XCode-Projects/FinancialCalculatorKit-5.0-updated-accent-colors/FinancialCalculatorKit/Models/Calculation/TimeValueCalculation.swift /Users/rogerlin/XCode-Projects/FinancialCalculatorKit-5.0-updated-accent-colors/FinancialCalculatorKit/Models/Enums/CalculationType.swift /Users/rogerlin/XCode-Projects/FinancialCalculatorKit-5.0-updated-accent-colors/FinancialCalculatorKit/Models/Enums/Currency.swift /Users/rogerlin/XCode-Projects/FinancialCalculatorKit-5.0-updated-accent-colors/FinancialCalculatorKit/Models/Enums/LoanType.swift /Users/rogerlin/XCode-Projects/FinancialCalculatorKit-5.0-updated-accent-colors/FinancialCalculatorKit/Models/Enums/PaymentFrequency.swift /Users/rogerlin/XCode-Projects/FinancialCalculatorKit-5.0-updated-accent-colors/FinancialCalculatorKit/Models/Enums/TimeValueVariable.swift /Users/rogerlin/XCode-Projects/FinancialCalculatorKit-5.0-updated-accent-colors/FinancialCalculatorKit/Models/Formula/FormulaReference.swift /Users/rogerlin/XCode-Projects/FinancialCalculatorKit-5.0-updated-accent-colors/FinancialCalculatorKit/Models/FRED/FREDModels.swift /Users/rogerlin/XCode-Projects/FinancialCalculatorKit-5.0-updated-accent-colors/FinancialCalculatorKit/Models/Options/AdvancedOptionsModels.swift /Users/rogerlin/XCode-Projects/FinancialCalculatorKit-5.0-updated-accent-colors/FinancialCalculatorKit/Models/ScientificCalculator/EquationDocument.swift /Users/rogerlin/XCode-Projects/FinancialCalculatorKit-5.0-updated-accent-colors/FinancialCalculatorKit/Models/ScientificCalculator/VariableStore.swift /Users/rogerlin/XCode-Projects/FinancialCalculatorKit-5.0-updated-accent-colors/FinancialCalculatorKit/Protocols/FinancialComputable.swift /Users/rogerlin/XCode-Projects/FinancialCalculatorKit-5.0-updated-accent-colors/FinancialCalculatorKit/Services/Bond/AdvancedBondPricingEngine.swift /Users/rogerlin/XCode-Projects/FinancialCalculatorKit-5.0-updated-accent-colors/FinancialCalculatorKit/Services/Options/AdvancedOptionsPricingEngine.swift /Users/rogerlin/XCode-Projects/FinancialCalculatorKit-5.0-updated-accent-colors/FinancialCalculatorKit/Services/AdvancedExpressionParser.swift /Users/rogerlin/XCode-Projects/FinancialCalculatorKit-5.0-updated-accent-colors/FinancialCalculatorKit/Services/AdvancedIRRCalculator.swift /Users/rogerlin/XCode-Projects/FinancialCalculatorKit-5.0-updated-accent-colors/FinancialCalculatorKit/Services/AdvancedMathFunctions.swift /Users/rogerlin/XCode-Projects/FinancialCalculatorKit-5.0-updated-accent-colors/FinancialCalculatorKit/Services/CalculationEngine.swift /Users/rogerlin/XCode-Projects/FinancialCalculatorKit-5.0-updated-accent-colors/FinancialCalculatorKit/Services/CSVHelper.swift /Users/rogerlin/XCode-Projects/FinancialCalculatorKit-5.0-updated-accent-colors/FinancialCalculatorKit/Services/CurrencyConversionService.swift /Users/rogerlin/XCode-Projects/FinancialCalculatorKit-5.0-updated-accent-colors/FinancialCalculatorKit/Services/ExchangeRateService.swift /Users/rogerlin/XCode-Projects/FinancialCalculatorKit-5.0-updated-accent-colors/FinancialCalculatorKit/Services/FinancialCalculator.swift /Users/rogerlin/XCode-Projects/FinancialCalculatorKit-5.0-updated-accent-colors/FinancialCalculatorKit/Services/FinancialValidation.swift /Users/rogerlin/XCode-Projects/FinancialCalculatorKit-5.0-updated-accent-colors/FinancialCalculatorKit/Services/FormulaAutoComplete.swift /Users/rogerlin/XCode-Projects/FinancialCalculatorKit-5.0-updated-accent-colors/FinancialCalculatorKit/Services/FREDService.swift /Users/rogerlin/XCode-Projects/FinancialCalculatorKit-5.0-updated-accent-colors/FinancialCalculatorKit/Services/HighPrecisionMath.swift /Users/rogerlin/XCode-Projects/FinancialCalculatorKit-5.0-updated-accent-colors/FinancialCalculatorKit/Services/HighPrecisionTestSuite.swift /Users/rogerlin/XCode-Projects/FinancialCalculatorKit-5.0-updated-accent-colors/FinancialCalculatorKit/Services/HighPrecisionValidation.swift /Users/rogerlin/XCode-Projects/FinancialCalculatorKit-5.0-updated-accent-colors/FinancialCalculatorKit/Services/TickerHistoryService.swift /Users/rogerlin/XCode-Projects/FinancialCalculatorKit-5.0-updated-accent-colors/FinancialCalculatorKit/Services/ValidationExtensions.swift /Users/rogerlin/XCode-Projects/FinancialCalculatorKit-5.0-updated-accent-colors/FinancialCalculatorKit/Services/ValidationService.swift /Users/rogerlin/XCode-Projects/FinancialCalculatorKit-5.0-updated-accent-colors/FinancialCalculatorKit/Services/ValidationTestSuite.swift -primary-file /Users/rogerlin/XCode-Projects/FinancialCalculatorKit-5.0-updated-accent-colors/FinancialCalculatorKit/Utilities/Extensions/Date+Financial.swift -primary-file /Users/rogerlin/XCode-Projects/FinancialCalculatorKit-5.0-updated-accent-colors/FinancialCalculatorKit/Utilities/Extensions/Double+Financial.swift -primary-file /Users/rogerlin/XCode-Projects/FinancialCalculatorKit-5.0-updated-accent-colors/FinancialCalculatorKit/Utilities/CashFlowsTransformer.swift -primary-file /Users/rogerlin/XCode-Projects/FinancialCalculatorKit-5.0-updated-accent-colors/FinancialCalculatorKit/Utilities/Formatters.swift -primary-file /Users/rogerlin/XCode-Projects/FinancialCalculatorKit-5.0-updated-accent-colors/FinancialCalculatorKit/ViewHelpers/FormulaViewHelper.swift -primary-file /Users/rogerlin/XCode-Projects/FinancialCalculatorKit-5.0-updated-accent-colors/FinancialCalculatorKit/ViewModels/MainViewModel.swift /Users/rogerlin/XCode-Projects/FinancialCalculatorKit-5.0-updated-accent-colors/FinancialCalculatorKit/Views/Calculator/AdvancedBondCalculatorView.swift /Users/rogerlin/XCode-Projects/FinancialCalculatorKit-5.0-updated-accent-colors/FinancialCalculatorKit/Views/Calculator/AmortizationView.swift /Users/rogerlin/XCode-Projects/FinancialCalculatorKit-5.0-updated-accent-colors/FinancialCalculatorKit/Views/Calculator/BondCalculatorView.swift /Users/rogerlin/XCode-Projects/FinancialCalculatorKit-5.0-updated-accent-colors/FinancialCalculatorKit/Views/Calculator/CompactCalculatorView.swift /Users/rogerlin/XCode-Projects/FinancialCalculatorKit-5.0-updated-accent-colors/FinancialCalculatorKit/Views/Calculator/CurrencyConverterView.swift /Users/rogerlin/XCode-Projects/FinancialCalculatorKit-5.0-updated-accent-colors/FinancialCalculatorKit/Views/Calculator/CustomScientificKeyboard.swift /Users/rogerlin/XCode-Projects/FinancialCalculatorKit-5.0-updated-accent-colors/FinancialCalculatorKit/Views/Calculator/DepreciationCalculatorView.swift /Users/rogerlin/XCode-Projects/FinancialCalculatorKit-5.0-updated-accent-colors/FinancialCalculatorKit/Views/Calculator/DocumentListView.swift /Users/rogerlin/XCode-Projects/FinancialCalculatorKit-5.0-updated-accent-colors/FinancialCalculatorKit/Views/Calculator/EquityValuationView.swift /Users/rogerlin/XCode-Projects/FinancialCalculatorKit-5.0-updated-accent-colors/FinancialCalculatorKit/Views/Calculator/FixedIncomeAnalyticsView.swift /Users/rogerlin/XCode-Projects/FinancialCalculatorKit-5.0-updated-accent-colors/FinancialCalculatorKit/Views/Calculator/FormulaLibraryView.swift /Users/rogerlin/XCode-Projects/FinancialCalculatorKit-5.0-updated-accent-colors/FinancialCalculatorKit/Views/Calculator/ForwardsCalculatorView.swift /Users/rogerlin/XCode-Projects/FinancialCalculatorKit-5.0-updated-accent-colors/FinancialCalculatorKit/Views/Calculator/FuturesCalculatorView.swift /Users/rogerlin/XCode-Projects/FinancialCalculatorKit-5.0-updated-accent-colors/FinancialCalculatorKit/Views/Calculator/FutureValueView.swift /Users/rogerlin/XCode-Projects/FinancialCalculatorKit-5.0-updated-accent-colors/FinancialCalculatorKit/Views/Calculator/HighPrecisionCalculatorView.swift /Users/rogerlin/XCode-Projects/FinancialCalculatorKit-5.0-updated-accent-colors/FinancialCalculatorKit/Views/Calculator/InvestmentCalculatorView.swift /Users/rogerlin/XCode-Projects/FinancialCalculatorKit-5.0-updated-accent-colors/FinancialCalculatorKit/Views/Calculator/LoanCalculatorView.swift /Users/rogerlin/XCode-Projects/FinancialCalculatorKit-5.0-updated-accent-colors/FinancialCalculatorKit/Views/Calculator/LoanResultView.swift /Users/rogerlin/XCode-Projects/FinancialCalculatorKit-5.0-updated-accent-colors/FinancialCalculatorKit/Views/Calculator/MathExpressionCalculatorView.swift /Users/rogerlin/XCode-Projects/FinancialCalculatorKit-5.0-updated-accent-colors/FinancialCalculatorKit/Views/Calculator/OptionsCalculatorView.swift /Users/rogerlin/XCode-Projects/FinancialCalculatorKit-5.0-updated-accent-colors/FinancialCalculatorKit/Views/Calculator/OptionsStrategiesView.swift /Users/rogerlin/XCode-Projects/FinancialCalculatorKit-5.0-updated-accent-colors/FinancialCalculatorKit/Views/Calculator/PlaceholderViews.swift /Users/rogerlin/XCode-Projects/FinancialCalculatorKit-5.0-updated-accent-colors/FinancialCalculatorKit/Views/Calculator/PortfolioOptimizationView.swift /Users/rogerlin/XCode-Projects/FinancialCalculatorKit-5.0-updated-accent-colors/FinancialCalculatorKit/Views/Calculator/PrecisionDemoView.swift /Users/rogerlin/XCode-Projects/FinancialCalculatorKit-5.0-updated-accent-colors/FinancialCalculatorKit/Views/Calculator/RiskManagementView.swift /Users/rogerlin/XCode-Projects/FinancialCalculatorKit-5.0-updated-accent-colors/FinancialCalculatorKit/Views/Calculator/ScientificCalculatorView.swift /Users/rogerlin/XCode-Projects/FinancialCalculatorKit-5.0-updated-accent-colors/FinancialCalculatorKit/Views/Calculator/SwapsCalculatorView.swift /Users/rogerlin/XCode-Projects/FinancialCalculatorKit-5.0-updated-accent-colors/FinancialCalculatorKit/Views/Calculator/TemplateViews.swift /Users/rogerlin/XCode-Projects/FinancialCalculatorKit-5.0-updated-accent-colors/FinancialCalculatorKit/Views/Calculator/TickerHistoryView.swift /Users/rogerlin/XCode-Projects/FinancialCalculatorKit-5.0-updated-accent-colors/FinancialCalculatorKit/Views/Calculator/TimeValueCalculatorView.swift /Users/rogerlin/XCode-Projects/FinancialCalculatorKit-5.0-updated-accent-colors/FinancialCalculatorKit/Views/Calculator/TimeValueResultView.swift /Users/rogerlin/XCode-Projects/FinancialCalculatorKit-5.0-updated-accent-colors/FinancialCalculatorKit/Views/Calculator/UnitConverterView.swift /Users/rogerlin/XCode-Projects/FinancialCalculatorKit-5.0-updated-accent-colors/FinancialCalculatorKit/Views/Calculator/VariableManagementView.swift /Users/rogerlin/XCode-Projects/FinancialCalculatorKit-5.0-updated-accent-colors/FinancialCalculatorKit/Views/Charts/FinancialChartView.swift /Users/rogerlin/XCode-Projects/FinancialCalculatorKit-5.0-updated-accent-colors/FinancialCalculatorKit/Views/Charts/InteractiveFinancialCharts.swift /Users/rogerlin/XCode-Projects/FinancialCalculatorKit-5.0-updated-accent-colors/FinancialCalculatorKit/Views/Components/DetailRow.swift /Users/rogerlin/XCode-Projects/FinancialCalculatorKit-5.0-updated-accent-colors/FinancialCalculatorKit/Views/Components/DynamicInputSection.swift /Users/rogerlin/XCode-Projects/FinancialCalculatorKit-5.0-updated-accent-colors/FinancialCalculatorKit/Views/Components/EnhancedInputFields.swift /Users/rogerlin/XCode-Projects/FinancialCalculatorKit-5.0-updated-accent-colors/FinancialCalculatorKit/Views/Components/FinancialStyles.swift /Users/rogerlin/XCode-Projects/FinancialCalculatorKit-5.0-updated-accent-colors/FinancialCalculatorKit/Views/Components/InputFieldView.swift /Users/rogerlin/XCode-Projects/FinancialCalculatorKit-5.0-updated-accent-colors/FinancialCalculatorKit/Views/Components/InteractiveDataTables.swift /Users/rogerlin/XCode-Projects/FinancialCalculatorKit-5.0-updated-accent-colors/FinancialCalculatorKit/Views/Components/LoadingResultView.swift /Users/rogerlin/XCode-Projects/FinancialCalculatorKit-5.0-updated-accent-colors/FinancialCalculatorKit/Views/Components/NumbersOnlyViewModifier.swift /Users/rogerlin/XCode-Projects/FinancialCalculatorKit-5.0-updated-accent-colors/FinancialCalculatorKit/Views/Components/ResultDisplayView.swift /Users/rogerlin/XCode-Projects/FinancialCalculatorKit-5.0-updated-accent-colors/FinancialCalculatorKit/Views/Components/StatusIndicator.swift /Users/rogerlin/XCode-Projects/FinancialCalculatorKit-5.0-updated-accent-colors/FinancialCalculatorKit/Views/Components/ValidationSummaryView.swift /Users/rogerlin/XCode-Projects/FinancialCalculatorKit-5.0-updated-accent-colors/FinancialCalculatorKit/Views/FRED/FREDDataView.swift /Users/rogerlin/XCode-Projects/FinancialCalculatorKit-5.0-updated-accent-colors/FinancialCalculatorKit/Views/Reference/FormulaReferenceView.swift /Users/rogerlin/XCode-Projects/FinancialCalculatorKit-5.0-updated-accent-colors/FinancialCalculatorKit/Views/Reference/FormulaVariableView.swift /Users/rogerlin/XCode-Projects/FinancialCalculatorKit-5.0-updated-accent-colors/FinancialCalculatorKit/Views/Reference/FormulaVariantView.swift /Users/rogerlin/XCode-Projects/FinancialCalculatorKit-5.0-updated-accent-colors/FinancialCalculatorKit/ContentView.swift /Users/rogerlin/XCode-Projects/FinancialCalculatorKit-5.0-updated-accent-colors/FinancialCalculatorKit/FinancialCalculatorKitApp.swift /Users/rogerlin/XCode-Projects/FinancialCalculatorKit-5.0-updated-accent-colors/FinancialCalculatorKit/Item.swift /Users/rogerlin/Library/Developer/Xcode/DerivedData/FinancialCalculatorKit-ackorybalcxbfocbkqsfdzcfkgmn/Build/Intermediates.noindex/FinancialCalculatorKit.build/Debug/FinancialCalculatorKit.build/DerivedSources/GeneratedAssetSymbols.swift -supplementary-output-file-map /Users/rogerlin/Library/Developer/Xcode/DerivedData/FinancialCalculatorKit-ackorybalcxbfocbkqsfdzcfkgmn/Build/Intermediates.noindex/FinancialCalculatorKit.build/Debug/FinancialCalculatorKit.build/Objects-normal/arm64/supplementaryOutputs-57 -emit-localized-strings -emit-localized-strings-path /Users/rogerlin/Library/Developer/Xcode/DerivedData/FinancialCalculatorKit-ackorybalcxbfocbkqsfdzcfkgmn/Build/Intermediates.noindex/FinancialCalculatorKit.build/Debug/FinancialCalculatorKit.build/Objects-normal/arm64 -target arm64-apple-macos14.0 -module-can-import-version AppKit 2685.20.119 2685.20.119 -module-can-import-version DeveloperToolsSupport 23.0.4 23.0.4 -module-can-import-version SwiftUI 7.1.13.1 7.1.13 -disable-cross-import-overlay-search -swift-module-cross-import SwiftData /Applications/Xcode.app/Contents/Developer/Platforms/MacOSX.platform/Developer/SDKs/MacOSX26.1.sdk/System/Library/Frameworks/SwiftData.framework/Modules/SwiftData.swiftcrossimport/CoreData.swiftoverlay -swift-module-cross-import SwiftData /Applications/Xcode.app/Contents/Developer/Platforms/MacOSX.platform/Developer/SDKs/MacOSX26.1.sdk/System/Library/Frameworks/SwiftData.framework/Modules/SwiftData.swiftcrossimport/SwiftUI.swiftoverlay -load-resolved-plugin \#/Users/rogerlin/Library/Developer/Xcode/DerivedData/FinancialCalculatorKit-ackorybalcxbfocbkqsfdzcfkgmn/Build/Products/Debug/CasePathsMacros\#CasePathsMacros -load-resolved-plugin /Applications/Xcode.app/Contents/Developer/Platforms/MacOSX.platform/Developer/usr/lib/swift/host/plugins/libFoundationMacros.dylib\#/Applications/Xcode.app/Contents/Developer/Platforms/MacOSX.platform/Developer/usr/bin/swift-plugin-server\#FoundationMacros -load-resolved-plugin /Applications/Xcode.app/Contents/Developer/Platforms/MacOSX.platform/Developer/usr/lib/swift/host/plugins/libObservationMacros.dylib\#/Applications/Xcode.app/Contents/Developer/Platforms/MacOSX.platform/Developer/usr/bin/swift-plugin-server\#ObservationMacros -load-resolved-plugin /Applications/Xcode.app/Contents/Developer/Platforms/MacOSX.platform/Developer/usr/lib/swift/host/plugins/libPreviewsMacros.dylib\#/Applications/Xcode.app/Contents/Developer/Platforms/MacOSX.platform/Developer/usr/bin/swift-plugin-server\#PreviewsMacros -load-resolved-plugin /Applications/Xcode.app/Contents/Developer/Platforms/MacOSX.platform/Developer/usr/lib/swift/host/plugins/libSwiftDataMacros.dylib\#/Applications/Xcode.app/Contents/Developer/Platforms/MacOSX.platform/Developer/usr/bin/swift-plugin-server\#SwiftDataMacros -load-resolved-plugin /Applications/Xcode.app/Contents/Developer/Platforms/MacOSX.platform/Developer/usr/lib/swift/host/plugins/libSwiftMacros.dylib\#/Applications/Xcode.app/Contents/Developer/Platforms/MacOSX.platform/Developer/usr/bin/swift-plugin-server\#SwiftMacros -load-resolved-plugin /Applications/Xcode.app/Contents/Developer/Platforms/MacOSX.platform/Developer/usr/lib/swift/host/plugins/libSwiftUIMacros.dylib\#/Applications/Xcode.app/Contents/Developer/Platforms/MacOSX.platform/Developer/usr/bin/swift-plugin-server\#SwiftUIMacros -disable-implicit-swift-modules -Xcc -fno-implicit-modules -Xcc -fno-implicit-module-maps -explicit-swift-module-map-file /Users/rogerlin/Library/Developer/Xcode/DerivedData/FinancialCalculatorKit-ackorybalcxbfocbkqsfdzcfkgmn/Build/Intermediates.noindex/FinancialCalculatorKit.build/Debug/FinancialCalculatorKit.build/Objects-normal/arm64/FinancialCalculatorKit-dependencies-1.json -Xllvm -aarch64-use-tbi -enable-objc-interop -stack-check -sdk /Applications/Xcode.app/Contents/Developer/Platforms/MacOSX.platform/Developer/SDKs/MacOSX26.1.sdk -I /Users/rogerlin/Library/Developer/Xcode/DerivedData/FinancialCalculatorKit-ackorybalcxbfocbkqsfdzcfkgmn/Build/Products/Debug -F /Users/rogerlin/Library/Developer/Xcode/DerivedData/FinancialCalculatorKit-ackorybalcxbfocbkqsfdzcfkgmn/Build/Products/Debug/PackageFrameworks -F /Users/rogerlin/Library/Developer/Xcode/DerivedData/FinancialCalculatorKit-ackorybalcxbfocbkqsfdzcfkgmn/Build/Products/Debug/PackageFrameworks -F /Users/rogerlin/Library/Developer/Xcode/DerivedData/FinancialCalculatorKit-ackorybalcxbfocbkqsfdzcfkgmn/Build/Products/Debug/PackageFrameworks -F /Users/rogerlin/Library/Developer/Xcode/DerivedData/FinancialCalculatorKit-ackorybalcxbfocbkqsfdzcfkgmn/Build/Products/Debug/PackageFrameworks -F /Users/rogerlin/Library/Developer/Xcode/DerivedData/FinancialCalculatorKit-ackorybalcxbfocbkqsfdzcfkgmn/Build/Products/Debug/PackageFrameworks -F /Users/rogerlin/Library/Developer/Xcode/DerivedData/FinancialCalculatorKit-ackorybalcxbfocbkqsfdzcfkgmn/Build/Products/Debug/PackageFrameworks -F /Users/rogerlin/Library/Developer/Xcode/DerivedData/FinancialCalculatorKit-ackorybalcxbfocbkqsfdzcfkgmn/Build/Products/Debug/PackageFrameworks -F /Users/rogerlin/Library/Developer/Xcode/DerivedData/FinancialCalculatorKit-ackorybalcxbfocbkqsfdzcfkgmn/Build/Products/Debug/PackageFrameworks -F /Users/rogerlin/Library/Developer/Xcode/DerivedData/FinancialCalculatorKit-ackorybalcxbfocbkqsfdzcfkgmn/Build/Products/Debug/PackageFrameworks -F /Users/rogerlin/Library/Developer/Xcode/DerivedData/FinancialCalculatorKit-ackorybalcxbfocbkqsfdzcfkgmn/Build/Products/Debug/PackageFrameworks -F /Users/rogerlin/Library/Developer/Xcode/DerivedData/FinancialCalculatorKit-ackorybalcxbfocbkqsfdzcfkgmn/Build/Products/Debug/PackageFrameworks -F /Users/rogerlin/Library/Developer/Xcode/DerivedData/FinancialCalculatorKit-ackorybalcxbfocbkqsfdzcfkgmn/Build/Products/Debug/PackageFrameworks -F /Users/rogerlin/Library/Developer/Xcode/DerivedData/FinancialCalculatorKit-ackorybalcxbfocbkqsfdzcfkgmn/Build/Products/Debug/PackageFrameworks -F /Users/rogerlin/Library/Developer/Xcode/DerivedData/FinancialCalculatorKit-ackorybalcxbfocbkqsfdzcfkgmn/Build/Products/Debug/PackageFrameworks -F /Users/rogerlin/Library/Developer/Xcode/DerivedData/FinancialCalculatorKit-ackorybalcxbfocbkqsfdzcfkgmn/Build/Products/Debug/PackageFrameworks -F /Users/rogerlin/Library/Developer/Xcode/DerivedData/FinancialCalculatorKit-ackorybalcxbfocbkqsfdzcfkgmn/Build/Products/Debug/PackageFrameworks -F /Users/rogerlin/Library/Developer/Xcode/DerivedData/FinancialCalculatorKit-ackorybalcxbfocbkqsfdzcfkgmn/Build/Products/Debug/PackageFrameworks -F /Users/rogerlin/Library/Developer/Xcode/DerivedData/FinancialCalculatorKit-ackorybalcxbfocbkqsfdzcfkgmn/Build/Products/Debug/PackageFrameworks -F /Users/rogerlin/Library/Developer/Xcode/DerivedData/FinancialCalculatorKit-ackorybalcxbfocbkqsfdzcfkgmn/Build/Products/Debug/PackageFrameworks -F /Users/rogerlin/Library/Developer/Xcode/DerivedData/FinancialCalculatorKit-ackorybalcxbfocbkqsfdzcfkgmn/Build/Products/Debug -no-color-diagnostics -Xcc -fno-color-diagnostics -enable-testing -g -debug-info-format\=dwarf -dwarf-version\=4 -module-cache-path /Users/rogerlin/Library/Developer/Xcode/DerivedData/FinancialCalculatorKit-ackorybalcxbfocbkqsfdzcfkgmn/Build/Intermediates.noindex/SwiftExplicitPrecompiledModules -profile-generate -profile-coverage-mapping -swift-version 5 -enforce-exclusivity\=checked -Onone -D DEBUG -serialize-debugging-options -load-plugin-executable /Users/rogerlin/Library/Developer/Xcode/DerivedData/FinancialCalculatorKit-ackorybalcxbfocbkqsfdzcfkgmn/Build/Products/Debug/CasePathsMacros\#CasePathsMacros -const-gather-protocols-file /Users/rogerlin/Library/Developer/Xcode/DerivedData/FinancialCalculatorKit-ackorybalcxbfocbkqsfdzcfkgmn/Build/Intermediates.noindex/FinancialCalculatorKit.build/Debug/FinancialCalculatorKit.build/Objects-normal/arm64/FinancialCalculatorKit_const_extract_protocols.json -enable-experimental-feature DebugDescriptionMacro -enable-bare-slash-regex -empty-abi-descriptor -validate-clang-modules-once -clang-build-session-file /Users/rogerlin/Library/Developer/Xcode/DerivedData/ModuleCache.noindex/Session.modulevalidation -Xcc -working-directory -Xcc /Users/rogerlin/XCode-Projects/FinancialCalculatorKit-5.0-updated-accent-colors -enable-anonymous-context-mangled-names -file-compilation-dir /Users/rogerlin/XCode-Projects/FinancialCalculatorKit-5.0-updated-accent-colors -Xcc -D_LIBCPP_HARDENING_MODE\=_LIBCPP_HARDENING_MODE_DEBUG -Xcc -ivfsstatcache -Xcc /Users/rogerlin/Library/Developer/Xcode/DerivedData/SDKStatCaches.noindex/macosx26.1-25B74-3ae1261907bdadc328169391a47051a6.sdkstatcache -Xcc -I/Users/rogerlin/Library/Developer/Xcode/DerivedData/FinancialCalculatorKit-ackorybalcxbfocbkqsfdzcfkgmn/Build/Intermediates.noindex/FinancialCalculatorKit.build/Debug/FinancialCalculatorKit.build/swift-overrides.hmap -Xcc -iquote -Xcc /Users/rogerlin/Library/Developer/Xcode/DerivedData/FinancialCalculatorKit-ackorybalcxbfocbkqsfdzcfkgmn/Build/Intermediates.noindex/FinancialCalculatorKit.build/Debug/FinancialCalculatorKit.build/FinancialCalculatorKit-generated-files.hmap -Xcc -I/Users/rogerlin/Library/Developer/Xcode/DerivedData/FinancialCalculatorKit-ackorybalcxbfocbkqsfdzcfkgmn/Build/Intermediates.noindex/FinancialCalculatorKit.build/Debug/FinancialCalculatorKit.build/FinancialCalculatorKit-own-target-headers.hmap -Xcc -I/Users/rogerlin/Library/Developer/Xcode/DerivedData/FinancialCalculatorKit-ackorybalcxbfocbkqsfdzcfkgmn/Build/Intermediates.noindex/FinancialCalculatorKit.build/Debug/FinancialCalculatorKit.build/FinancialCalculatorKit-all-non-framework-target-headers.hmap -Xcc -ivfsoverlay -Xcc /Users/rogerlin/Library/Developer/Xcode/DerivedData/FinancialCalculatorKit-ackorybalcxbfocbkqsfdzcfkgmn/Build/Intermediates.noindex/FinancialCalculatorKit.build/Debug/FinancialCalculatorKit-b796aaad08c4b307251b75ea7c01aae2-VFS/all-product-headers.yaml -Xcc -iquote -Xcc /Users/rogerlin/Library/Developer/Xcode/DerivedData/FinancialCalculatorKit-ackorybalcxbfocbkqsfdzcfkgmn/Build/Intermediates.noindex/FinancialCalculatorKit.build/Debug/FinancialCalculatorKit.build/FinancialCalculatorKit-project-headers.hmap -Xcc -I/Users/rogerlin/Library/Developer/Xcode/DerivedData/FinancialCalculatorKit-ackorybalcxbfocbkqsfdzcfkgmn/SourcePackages/checkouts/swift-numerics/Sources/_NumericsShims/include -Xcc -I/Users/rogerlin/Library/Developer/Xcode/DerivedData/FinancialCalculatorKit-ackorybalcxbfocbkqsfdzcfkgmn/Build/Products/Debug/include -Xcc -I/Users/rogerlin/Library/Developer/Xcode/DerivedData/FinancialCalculatorKit-ackorybalcxbfocbkqsfdzcfkgmn/Build/Intermediates.noindex/FinancialCalculatorKit.build/Debug/FinancialCalculatorKit.build/DerivedSources-normal/arm64 -Xcc -I/Users/rogerlin/Library/Developer/Xcode/DerivedData/FinancialCalculatorKit-ackorybalcxbfocbkqsfdzcfkgmn/Build/Intermediates.noindex/FinancialCalculatorKit.build/Debug/FinancialCalculatorKit.build/DerivedSources/arm64 -Xcc -I/Users/rogerlin/Library/Developer/Xcode/DerivedData/FinancialCalculatorKit-ackorybalcxbfocbkqsfdzcfkgmn/Build/Intermediates.noindex/FinancialCalculatorKit.build/Debug/FinancialCalculatorKit.build/DerivedSources -Xcc -DDEBUG\=1 -no-auto-bridging-header-chaining -module-name FinancialCalculatorKit -frontend-parseable-output -disable-clang-spi -target-sdk-version 26.1 -target-sdk-name macosx26.1 -clang-target arm64-apple-macos26.1 -in-process-plugin-server-path /Applications/Xcode.app/Contents/Developer/Toolchains/XcodeDefault.xctoolchain/usr/lib/swift/host/libSwiftInProcPluginServer.dylib -o /Users/rogerlin/Library/Developer/Xcode/DerivedData/FinancialCalculatorKit-ackorybalcxbfocbkqsfdzcfkgmn/Build/Intermediates.noindex/FinancialCalculatorKit.build/Debug/FinancialCalculatorKit.build/Objects-normal/arm64/Date+Financial.o -o /Users/rogerlin/Library/Developer/Xcode/DerivedData/FinancialCalculatorKit-ackorybalcxbfocbkqsfdzcfkgmn/Build/Intermediates.noindex/FinancialCalculatorKit.build/Debug/FinancialCalculatorKit.build/Objects-normal/arm64/Double+Financial.o -o /Users/rogerlin/Library/Developer/Xcode/DerivedData/FinancialCalculatorKit-ackorybalcxbfocbkqsfdzcfkgmn/Build/Intermediates.noindex/FinancialCalculatorKit.build/Debug/FinancialCalculatorKit.build/Objects-normal/arm64/CashFlowsTransformer.o -o /Users/rogerlin/Library/Developer/Xcode/DerivedData/FinancialCalculatorKit-ackorybalcxbfocbkqsfdzcfkgmn/Build/Intermediates.noindex/FinancialCalculatorKit.build/Debug/FinancialCalculatorKit.build/Objects-normal/arm64/Formatters.o -o /Users/rogerlin/Library/Developer/Xcode/DerivedData/FinancialCalculatorKit-ackorybalcxbfocbkqsfdzcfkgmn/Build/Intermediates.noindex/FinancialCalculatorKit.build/Debug/FinancialCalculatorKit.build/Objects-normal/arm64/FormulaViewHelper.o -o /Users/rogerlin/Library/Developer/Xcode/DerivedData/FinancialCalculatorKit-ackorybalcxbfocbkqsfdzcfkgmn/Build/Intermediates.noindex/FinancialCalculatorKit.build/Debug/FinancialCalculatorKit.build/Objects-normal/arm64/MainViewModel.o -index-unit-output-path /FinancialCalculatorKit.build/Debug/FinancialCalculatorKit.build/Objects-normal/arm64/Date+Financial.o -index-unit-output-path /FinancialCalculatorKit.build/Debug/FinancialCalculatorKit.build/Objects-normal/arm64/Double+Financial.o -index-unit-output-path /FinancialCalculatorKit.build/Debug/FinancialCalculatorKit.build/Objects-normal/arm64/CashFlowsTransformer.o -index-unit-output-path /FinancialCalculatorKit.build/Debug/FinancialCalculatorKit.build/Objects-normal/arm64/Formatters.o -index-unit-output-path /FinancialCalculatorKit.build/Debug/FinancialCalculatorKit.build/Objects-normal/arm64/FormulaViewHelper.o -index-unit-output-path /FinancialCalculatorKit.build/Debug/FinancialCalculatorKit.build/Objects-normal/arm64/MainViewModel.o -index-store-path /Users/rogerlin/Library/Developer/Xcode/DerivedData/FinancialCalculatorKit-ackorybalcxbfocbkqsfdzcfkgmn/Index.noindex/DataStore -index-system-modules

SwiftCompile normal arm64 /Users/rogerlin/XCode-Projects/FinancialCalculatorKit-5.0-updated-accent-colors/FinancialCalculatorKit/Utilities/Extensions/Date+Financial.swift (in target 'FinancialCalculatorKit' from project 'FinancialCalculatorKit')
    cd /Users/rogerlin/XCode-Projects/FinancialCalculatorKit-5.0-updated-accent-colors
    

SwiftCompile normal arm64 /Users/rogerlin/XCode-Projects/FinancialCalculatorKit-5.0-updated-accent-colors/FinancialCalculatorKit/Utilities/Extensions/Double+Financial.swift (in target 'FinancialCalculatorKit' from project 'FinancialCalculatorKit')
    cd /Users/rogerlin/XCode-Projects/FinancialCalculatorKit-5.0-updated-accent-colors
    

SwiftCompile normal arm64 /Users/rogerlin/XCode-Projects/FinancialCalculatorKit-5.0-updated-accent-colors/FinancialCalculatorKit/Utilities/CashFlowsTransformer.swift (in target 'FinancialCalculatorKit' from project 'FinancialCalculatorKit')
    cd /Users/rogerlin/XCode-Projects/FinancialCalculatorKit-5.0-updated-accent-colors
    

SwiftCompile normal arm64 /Users/rogerlin/XCode-Projects/FinancialCalculatorKit-5.0-updated-accent-colors/FinancialCalculatorKit/Utilities/Formatters.swift (in target 'FinancialCalculatorKit' from project 'FinancialCalculatorKit')
    cd /Users/rogerlin/XCode-Projects/FinancialCalculatorKit-5.0-updated-accent-colors
    

SwiftCompile normal arm64 /Users/rogerlin/XCode-Projects/FinancialCalculatorKit-5.0-updated-accent-colors/FinancialCalculatorKit/ViewHelpers/FormulaViewHelper.swift (in target 'FinancialCalculatorKit' from project 'FinancialCalculatorKit')
    cd /Users/rogerlin/XCode-Projects/FinancialCalculatorKit-5.0-updated-accent-colors
    

SwiftCompile normal arm64 /Users/rogerlin/XCode-Projects/FinancialCalculatorKit-5.0-updated-accent-colors/FinancialCalculatorKit/ViewModels/MainViewModel.swift (in target 'FinancialCalculatorKit' from project 'FinancialCalculatorKit')
    cd /Users/rogerlin/XCode-Projects/FinancialCalculatorKit-5.0-updated-accent-colors
    

SwiftCompile normal arm64 Compiling\ AdvancedBondCalculatorView.swift,\ AmortizationView.swift,\ BondCalculatorView.swift,\ CompactCalculatorView.swift,\ CurrencyConverterView.swift,\ CustomScientificKeyboard.swift /Users/rogerlin/XCode-Projects/FinancialCalculatorKit-5.0-updated-accent-colors/FinancialCalculatorKit/Views/Calculator/AdvancedBondCalculatorView.swift /Users/rogerlin/XCode-Projects/FinancialCalculatorKit-5.0-updated-accent-colors/FinancialCalculatorKit/Views/Calculator/AmortizationView.swift /Users/rogerlin/XCode-Projects/FinancialCalculatorKit-5.0-updated-accent-colors/FinancialCalculatorKit/Views/Calculator/BondCalculatorView.swift /Users/rogerlin/XCode-Projects/FinancialCalculatorKit-5.0-updated-accent-colors/FinancialCalculatorKit/Views/Calculator/CompactCalculatorView.swift /Users/rogerlin/XCode-Projects/FinancialCalculatorKit-5.0-updated-accent-colors/FinancialCalculatorKit/Views/Calculator/CurrencyConverterView.swift /Users/rogerlin/XCode-Projects/FinancialCalculatorKit-5.0-updated-accent-colors/FinancialCalculatorKit/Views/Calculator/CustomScientificKeyboard.swift (in target 'FinancialCalculatorKit' from project 'FinancialCalculatorKit')
SwiftCompile normal arm64 /Users/rogerlin/XCode-Projects/FinancialCalculatorKit-5.0-updated-accent-colors/FinancialCalculatorKit/Views/Calculator/AdvancedBondCalculatorView.swift (in target 'FinancialCalculatorKit' from project 'FinancialCalculatorKit')
    cd /Users/rogerlin/XCode-Projects/FinancialCalculatorKit-5.0-updated-accent-colors
    

SwiftCompile normal arm64 /Users/rogerlin/XCode-Projects/FinancialCalculatorKit-5.0-updated-accent-colors/FinancialCalculatorKit/Views/Calculator/AmortizationView.swift (in target 'FinancialCalculatorKit' from project 'FinancialCalculatorKit')
    cd /Users/rogerlin/XCode-Projects/FinancialCalculatorKit-5.0-updated-accent-colors
    

SwiftCompile normal arm64 /Users/rogerlin/XCode-Projects/FinancialCalculatorKit-5.0-updated-accent-colors/FinancialCalculatorKit/Views/Calculator/BondCalculatorView.swift (in target 'FinancialCalculatorKit' from project 'FinancialCalculatorKit')
    cd /Users/rogerlin/XCode-Projects/FinancialCalculatorKit-5.0-updated-accent-colors
    
/Users/rogerlin/XCode-Projects/FinancialCalculatorKit-5.0-updated-accent-colors/FinancialCalculatorKit/Views/Calculator/BondCalculatorView.swift:81:76: warning: cast from 'FinancialCalculation?' to unrelated type 'BondCalculation' always fails
            if let existingCalculation = mainViewModel.selectedCalculation as? BondCalculation {
                                         ~~~~~~~~~~~~~~~~~~~~~~~~~~~~~~~~~ ^   ~~~~~~~~~~~~~~~

SwiftCompile normal arm64 /Users/rogerlin/XCode-Projects/FinancialCalculatorKit-5.0-updated-accent-colors/FinancialCalculatorKit/Views/Calculator/CompactCalculatorView.swift (in target 'FinancialCalculatorKit' from project 'FinancialCalculatorKit')
    cd /Users/rogerlin/XCode-Projects/FinancialCalculatorKit-5.0-updated-accent-colors
    

SwiftCompile normal arm64 /Users/rogerlin/XCode-Projects/FinancialCalculatorKit-5.0-updated-accent-colors/FinancialCalculatorKit/Views/Calculator/CurrencyConverterView.swift (in target 'FinancialCalculatorKit' from project 'FinancialCalculatorKit')
    cd /Users/rogerlin/XCode-Projects/FinancialCalculatorKit-5.0-updated-accent-colors
    

SwiftCompile normal arm64 /Users/rogerlin/XCode-Projects/FinancialCalculatorKit-5.0-updated-accent-colors/FinancialCalculatorKit/Views/Calculator/CustomScientificKeyboard.swift (in target 'FinancialCalculatorKit' from project 'FinancialCalculatorKit')
    cd /Users/rogerlin/XCode-Projects/FinancialCalculatorKit-5.0-updated-accent-colors
    

/Applications/Xcode.app/Contents/Developer/Toolchains/XcodeDefault.xctoolchain/usr/bin/swift-frontend -frontend -c /Users/rogerlin/XCode-Projects/FinancialCalculatorKit-5.0-updated-accent-colors/FinancialCalculatorKit/Models/Bond/AdvancedBondModels.swift /Users/rogerlin/XCode-Projects/FinancialCalculatorKit-5.0-updated-accent-colors/FinancialCalculatorKit/Models/Bond/YieldCurveTypes.swift /Users/rogerlin/XCode-Projects/FinancialCalculatorKit-5.0-updated-accent-colors/FinancialCalculatorKit/Models/Calculation/BondCalculation.swift /Users/rogerlin/XCode-Projects/FinancialCalculatorKit-5.0-updated-accent-colors/FinancialCalculatorKit/Models/Calculation/CalculationMetadata.swift /Users/rogerlin/XCode-Projects/FinancialCalculatorKit-5.0-updated-accent-colors/FinancialCalculatorKit/Models/Calculation/DepreciationCalculation.swift /Users/rogerlin/XCode-Projects/FinancialCalculatorKit-5.0-updated-accent-colors/FinancialCalculatorKit/Models/Calculation/FinancialCalculation.swift /Users/rogerlin/XCode-Projects/FinancialCalculatorKit-5.0-updated-accent-colors/FinancialCalculatorKit/Models/Calculation/InvestmentCalculation.swift /Users/rogerlin/XCode-Projects/FinancialCalculatorKit-5.0-updated-accent-colors/FinancialCalculatorKit/Models/Calculation/LoanCalculation.swift /Users/rogerlin/XCode-Projects/FinancialCalculatorKit-5.0-updated-accent-colors/FinancialCalculatorKit/Models/Calculation/TimeValueCalculation.swift /Users/rogerlin/XCode-Projects/FinancialCalculatorKit-5.0-updated-accent-colors/FinancialCalculatorKit/Models/Enums/CalculationType.swift /Users/rogerlin/XCode-Projects/FinancialCalculatorKit-5.0-updated-accent-colors/FinancialCalculatorKit/Models/Enums/Currency.swift /Users/rogerlin/XCode-Projects/FinancialCalculatorKit-5.0-updated-accent-colors/FinancialCalculatorKit/Models/Enums/LoanType.swift /Users/rogerlin/XCode-Projects/FinancialCalculatorKit-5.0-updated-accent-colors/FinancialCalculatorKit/Models/Enums/PaymentFrequency.swift /Users/rogerlin/XCode-Projects/FinancialCalculatorKit-5.0-updated-accent-colors/FinancialCalculatorKit/Models/Enums/TimeValueVariable.swift /Users/rogerlin/XCode-Projects/FinancialCalculatorKit-5.0-updated-accent-colors/FinancialCalculatorKit/Models/Formula/FormulaReference.swift /Users/rogerlin/XCode-Projects/FinancialCalculatorKit-5.0-updated-accent-colors/FinancialCalculatorKit/Models/FRED/FREDModels.swift /Users/rogerlin/XCode-Projects/FinancialCalculatorKit-5.0-updated-accent-colors/FinancialCalculatorKit/Models/Options/AdvancedOptionsModels.swift /Users/rogerlin/XCode-Projects/FinancialCalculatorKit-5.0-updated-accent-colors/FinancialCalculatorKit/Models/ScientificCalculator/EquationDocument.swift /Users/rogerlin/XCode-Projects/FinancialCalculatorKit-5.0-updated-accent-colors/FinancialCalculatorKit/Models/ScientificCalculator/VariableStore.swift /Users/rogerlin/XCode-Projects/FinancialCalculatorKit-5.0-updated-accent-colors/FinancialCalculatorKit/Protocols/FinancialComputable.swift /Users/rogerlin/XCode-Projects/FinancialCalculatorKit-5.0-updated-accent-colors/FinancialCalculatorKit/Services/Bond/AdvancedBondPricingEngine.swift /Users/rogerlin/XCode-Projects/FinancialCalculatorKit-5.0-updated-accent-colors/FinancialCalculatorKit/Services/Options/AdvancedOptionsPricingEngine.swift /Users/rogerlin/XCode-Projects/FinancialCalculatorKit-5.0-updated-accent-colors/FinancialCalculatorKit/Services/AdvancedExpressionParser.swift /Users/rogerlin/XCode-Projects/FinancialCalculatorKit-5.0-updated-accent-colors/FinancialCalculatorKit/Services/AdvancedIRRCalculator.swift /Users/rogerlin/XCode-Projects/FinancialCalculatorKit-5.0-updated-accent-colors/FinancialCalculatorKit/Services/AdvancedMathFunctions.swift /Users/rogerlin/XCode-Projects/FinancialCalculatorKit-5.0-updated-accent-colors/FinancialCalculatorKit/Services/CalculationEngine.swift /Users/rogerlin/XCode-Projects/FinancialCalculatorKit-5.0-updated-accent-colors/FinancialCalculatorKit/Services/CSVHelper.swift /Users/rogerlin/XCode-Projects/FinancialCalculatorKit-5.0-updated-accent-colors/FinancialCalculatorKit/Services/CurrencyConversionService.swift /Users/rogerlin/XCode-Projects/FinancialCalculatorKit-5.0-updated-accent-colors/FinancialCalculatorKit/Services/ExchangeRateService.swift /Users/rogerlin/XCode-Projects/FinancialCalculatorKit-5.0-updated-accent-colors/FinancialCalculatorKit/Services/FinancialCalculator.swift /Users/rogerlin/XCode-Projects/FinancialCalculatorKit-5.0-updated-accent-colors/FinancialCalculatorKit/Services/FinancialValidation.swift /Users/rogerlin/XCode-Projects/FinancialCalculatorKit-5.0-updated-accent-colors/FinancialCalculatorKit/Services/FormulaAutoComplete.swift /Users/rogerlin/XCode-Projects/FinancialCalculatorKit-5.0-updated-accent-colors/FinancialCalculatorKit/Services/FREDService.swift /Users/rogerlin/XCode-Projects/FinancialCalculatorKit-5.0-updated-accent-colors/FinancialCalculatorKit/Services/HighPrecisionMath.swift /Users/rogerlin/XCode-Projects/FinancialCalculatorKit-5.0-updated-accent-colors/FinancialCalculatorKit/Services/HighPrecisionTestSuite.swift /Users/rogerlin/XCode-Projects/FinancialCalculatorKit-5.0-updated-accent-colors/FinancialCalculatorKit/Services/HighPrecisionValidation.swift /Users/rogerlin/XCode-Projects/FinancialCalculatorKit-5.0-updated-accent-colors/FinancialCalculatorKit/Services/TickerHistoryService.swift /Users/rogerlin/XCode-Projects/FinancialCalculatorKit-5.0-updated-accent-colors/FinancialCalculatorKit/Services/ValidationExtensions.swift /Users/rogerlin/XCode-Projects/FinancialCalculatorKit-5.0-updated-accent-colors/FinancialCalculatorKit/Services/ValidationService.swift /Users/rogerlin/XCode-Projects/FinancialCalculatorKit-5.0-updated-accent-colors/FinancialCalculatorKit/Services/ValidationTestSuite.swift /Users/rogerlin/XCode-Projects/FinancialCalculatorKit-5.0-updated-accent-colors/FinancialCalculatorKit/Utilities/Extensions/Date+Financial.swift /Users/rogerlin/XCode-Projects/FinancialCalculatorKit-5.0-updated-accent-colors/FinancialCalculatorKit/Utilities/Extensions/Double+Financial.swift /Users/rogerlin/XCode-Projects/FinancialCalculatorKit-5.0-updated-accent-colors/FinancialCalculatorKit/Utilities/CashFlowsTransformer.swift /Users/rogerlin/XCode-Projects/FinancialCalculatorKit-5.0-updated-accent-colors/FinancialCalculatorKit/Utilities/Formatters.swift /Users/rogerlin/XCode-Projects/FinancialCalculatorKit-5.0-updated-accent-colors/FinancialCalculatorKit/ViewHelpers/FormulaViewHelper.swift /Users/rogerlin/XCode-Projects/FinancialCalculatorKit-5.0-updated-accent-colors/FinancialCalculatorKit/ViewModels/MainViewModel.swift -primary-file /Users/rogerlin/XCode-Projects/FinancialCalculatorKit-5.0-updated-accent-colors/FinancialCalculatorKit/Views/Calculator/AdvancedBondCalculatorView.swift -primary-file /Users/rogerlin/XCode-Projects/FinancialCalculatorKit-5.0-updated-accent-colors/FinancialCalculatorKit/Views/Calculator/AmortizationView.swift -primary-file /Users/rogerlin/XCode-Projects/FinancialCalculatorKit-5.0-updated-accent-colors/FinancialCalculatorKit/Views/Calculator/BondCalculatorView.swift -primary-file /Users/rogerlin/XCode-Projects/FinancialCalculatorKit-5.0-updated-accent-colors/FinancialCalculatorKit/Views/Calculator/CompactCalculatorView.swift -primary-file /Users/rogerlin/XCode-Projects/FinancialCalculatorKit-5.0-updated-accent-colors/FinancialCalculatorKit/Views/Calculator/CurrencyConverterView.swift -primary-file /Users/rogerlin/XCode-Projects/FinancialCalculatorKit-5.0-updated-accent-colors/FinancialCalculatorKit/Views/Calculator/CustomScientificKeyboard.swift /Users/rogerlin/XCode-Projects/FinancialCalculatorKit-5.0-updated-accent-colors/FinancialCalculatorKit/Views/Calculator/DepreciationCalculatorView.swift /Users/rogerlin/XCode-Projects/FinancialCalculatorKit-5.0-updated-accent-colors/FinancialCalculatorKit/Views/Calculator/DocumentListView.swift /Users/rogerlin/XCode-Projects/FinancialCalculatorKit-5.0-updated-accent-colors/FinancialCalculatorKit/Views/Calculator/EquityValuationView.swift /Users/rogerlin/XCode-Projects/FinancialCalculatorKit-5.0-updated-accent-colors/FinancialCalculatorKit/Views/Calculator/FixedIncomeAnalyticsView.swift /Users/rogerlin/XCode-Projects/FinancialCalculatorKit-5.0-updated-accent-colors/FinancialCalculatorKit/Views/Calculator/FormulaLibraryView.swift /Users/rogerlin/XCode-Projects/FinancialCalculatorKit-5.0-updated-accent-colors/FinancialCalculatorKit/Views/Calculator/ForwardsCalculatorView.swift /Users/rogerlin/XCode-Projects/FinancialCalculatorKit-5.0-updated-accent-colors/FinancialCalculatorKit/Views/Calculator/FuturesCalculatorView.swift /Users/rogerlin/XCode-Projects/FinancialCalculatorKit-5.0-updated-accent-colors/FinancialCalculatorKit/Views/Calculator/FutureValueView.swift /Users/rogerlin/XCode-Projects/FinancialCalculatorKit-5.0-updated-accent-colors/FinancialCalculatorKit/Views/Calculator/HighPrecisionCalculatorView.swift /Users/rogerlin/XCode-Projects/FinancialCalculatorKit-5.0-updated-accent-colors/FinancialCalculatorKit/Views/Calculator/InvestmentCalculatorView.swift /Users/rogerlin/XCode-Projects/FinancialCalculatorKit-5.0-updated-accent-colors/FinancialCalculatorKit/Views/Calculator/LoanCalculatorView.swift /Users/rogerlin/XCode-Projects/FinancialCalculatorKit-5.0-updated-accent-colors/FinancialCalculatorKit/Views/Calculator/LoanResultView.swift /Users/rogerlin/XCode-Projects/FinancialCalculatorKit-5.0-updated-accent-colors/FinancialCalculatorKit/Views/Calculator/MathExpressionCalculatorView.swift /Users/rogerlin/XCode-Projects/FinancialCalculatorKit-5.0-updated-accent-colors/FinancialCalculatorKit/Views/Calculator/OptionsCalculatorView.swift /Users/rogerlin/XCode-Projects/FinancialCalculatorKit-5.0-updated-accent-colors/FinancialCalculatorKit/Views/Calculator/OptionsStrategiesView.swift /Users/rogerlin/XCode-Projects/FinancialCalculatorKit-5.0-updated-accent-colors/FinancialCalculatorKit/Views/Calculator/PlaceholderViews.swift /Users/rogerlin/XCode-Projects/FinancialCalculatorKit-5.0-updated-accent-colors/FinancialCalculatorKit/Views/Calculator/PortfolioOptimizationView.swift /Users/rogerlin/XCode-Projects/FinancialCalculatorKit-5.0-updated-accent-colors/FinancialCalculatorKit/Views/Calculator/PrecisionDemoView.swift /Users/rogerlin/XCode-Projects/FinancialCalculatorKit-5.0-updated-accent-colors/FinancialCalculatorKit/Views/Calculator/RiskManagementView.swift /Users/rogerlin/XCode-Projects/FinancialCalculatorKit-5.0-updated-accent-colors/FinancialCalculatorKit/Views/Calculator/ScientificCalculatorView.swift /Users/rogerlin/XCode-Projects/FinancialCalculatorKit-5.0-updated-accent-colors/FinancialCalculatorKit/Views/Calculator/SwapsCalculatorView.swift /Users/rogerlin/XCode-Projects/FinancialCalculatorKit-5.0-updated-accent-colors/FinancialCalculatorKit/Views/Calculator/TemplateViews.swift /Users/rogerlin/XCode-Projects/FinancialCalculatorKit-5.0-updated-accent-colors/FinancialCalculatorKit/Views/Calculator/TickerHistoryView.swift /Users/rogerlin/XCode-Projects/FinancialCalculatorKit-5.0-updated-accent-colors/FinancialCalculatorKit/Views/Calculator/TimeValueCalculatorView.swift /Users/rogerlin/XCode-Projects/FinancialCalculatorKit-5.0-updated-accent-colors/FinancialCalculatorKit/Views/Calculator/TimeValueResultView.swift /Users/rogerlin/XCode-Projects/FinancialCalculatorKit-5.0-updated-accent-colors/FinancialCalculatorKit/Views/Calculator/UnitConverterView.swift /Users/rogerlin/XCode-Projects/FinancialCalculatorKit-5.0-updated-accent-colors/FinancialCalculatorKit/Views/Calculator/VariableManagementView.swift /Users/rogerlin/XCode-Projects/FinancialCalculatorKit-5.0-updated-accent-colors/FinancialCalculatorKit/Views/Charts/FinancialChartView.swift /Users/rogerlin/XCode-Projects/FinancialCalculatorKit-5.0-updated-accent-colors/FinancialCalculatorKit/Views/Charts/InteractiveFinancialCharts.swift /Users/rogerlin/XCode-Projects/FinancialCalculatorKit-5.0-updated-accent-colors/FinancialCalculatorKit/Views/Components/DetailRow.swift /Users/rogerlin/XCode-Projects/FinancialCalculatorKit-5.0-updated-accent-colors/FinancialCalculatorKit/Views/Components/DynamicInputSection.swift /Users/rogerlin/XCode-Projects/FinancialCalculatorKit-5.0-updated-accent-colors/FinancialCalculatorKit/Views/Components/EnhancedInputFields.swift /Users/rogerlin/XCode-Projects/FinancialCalculatorKit-5.0-updated-accent-colors/FinancialCalculatorKit/Views/Components/FinancialStyles.swift /Users/rogerlin/XCode-Projects/FinancialCalculatorKit-5.0-updated-accent-colors/FinancialCalculatorKit/Views/Components/InputFieldView.swift /Users/rogerlin/XCode-Projects/FinancialCalculatorKit-5.0-updated-accent-colors/FinancialCalculatorKit/Views/Components/InteractiveDataTables.swift /Users/rogerlin/XCode-Projects/FinancialCalculatorKit-5.0-updated-accent-colors/FinancialCalculatorKit/Views/Components/LoadingResultView.swift /Users/rogerlin/XCode-Projects/FinancialCalculatorKit-5.0-updated-accent-colors/FinancialCalculatorKit/Views/Components/NumbersOnlyViewModifier.swift /Users/rogerlin/XCode-Projects/FinancialCalculatorKit-5.0-updated-accent-colors/FinancialCalculatorKit/Views/Components/ResultDisplayView.swift /Users/rogerlin/XCode-Projects/FinancialCalculatorKit-5.0-updated-accent-colors/FinancialCalculatorKit/Views/Components/StatusIndicator.swift /Users/rogerlin/XCode-Projects/FinancialCalculatorKit-5.0-updated-accent-colors/FinancialCalculatorKit/Views/Components/ValidationSummaryView.swift /Users/rogerlin/XCode-Projects/FinancialCalculatorKit-5.0-updated-accent-colors/FinancialCalculatorKit/Views/FRED/FREDDataView.swift /Users/rogerlin/XCode-Projects/FinancialCalculatorKit-5.0-updated-accent-colors/FinancialCalculatorKit/Views/Reference/FormulaReferenceView.swift /Users/rogerlin/XCode-Projects/FinancialCalculatorKit-5.0-updated-accent-colors/FinancialCalculatorKit/Views/Reference/FormulaVariableView.swift /Users/rogerlin/XCode-Projects/FinancialCalculatorKit-5.0-updated-accent-colors/FinancialCalculatorKit/Views/Reference/FormulaVariantView.swift /Users/rogerlin/XCode-Projects/FinancialCalculatorKit-5.0-updated-accent-colors/FinancialCalculatorKit/ContentView.swift /Users/rogerlin/XCode-Projects/FinancialCalculatorKit-5.0-updated-accent-colors/FinancialCalculatorKit/FinancialCalculatorKitApp.swift /Users/rogerlin/XCode-Projects/FinancialCalculatorKit-5.0-updated-accent-colors/FinancialCalculatorKit/Item.swift /Users/rogerlin/Library/Developer/Xcode/DerivedData/FinancialCalculatorKit-ackorybalcxbfocbkqsfdzcfkgmn/Build/Intermediates.noindex/FinancialCalculatorKit.build/Debug/FinancialCalculatorKit.build/DerivedSources/GeneratedAssetSymbols.swift -supplementary-output-file-map /Users/rogerlin/Library/Developer/Xcode/DerivedData/FinancialCalculatorKit-ackorybalcxbfocbkqsfdzcfkgmn/Build/Intermediates.noindex/FinancialCalculatorKit.build/Debug/FinancialCalculatorKit.build/Objects-normal/arm64/supplementaryOutputs-58 -emit-localized-strings -emit-localized-strings-path /Users/rogerlin/Library/Developer/Xcode/DerivedData/FinancialCalculatorKit-ackorybalcxbfocbkqsfdzcfkgmn/Build/Intermediates.noindex/FinancialCalculatorKit.build/Debug/FinancialCalculatorKit.build/Objects-normal/arm64 -target arm64-apple-macos14.0 -module-can-import-version AppKit 2685.20.119 2685.20.119 -module-can-import-version DeveloperToolsSupport 23.0.4 23.0.4 -module-can-import-version SwiftUI 7.1.13.1 7.1.13 -disable-cross-import-overlay-search -swift-module-cross-import SwiftData /Applications/Xcode.app/Contents/Developer/Platforms/MacOSX.platform/Developer/SDKs/MacOSX26.1.sdk/System/Library/Frameworks/SwiftData.framework/Modules/SwiftData.swiftcrossimport/CoreData.swiftoverlay -swift-module-cross-import SwiftData /Applications/Xcode.app/Contents/Developer/Platforms/MacOSX.platform/Developer/SDKs/MacOSX26.1.sdk/System/Library/Frameworks/SwiftData.framework/Modules/SwiftData.swiftcrossimport/SwiftUI.swiftoverlay -load-resolved-plugin \#/Users/rogerlin/Library/Developer/Xcode/DerivedData/FinancialCalculatorKit-ackorybalcxbfocbkqsfdzcfkgmn/Build/Products/Debug/CasePathsMacros\#CasePathsMacros -load-resolved-plugin /Applications/Xcode.app/Contents/Developer/Platforms/MacOSX.platform/Developer/usr/lib/swift/host/plugins/libFoundationMacros.dylib\#/Applications/Xcode.app/Contents/Developer/Platforms/MacOSX.platform/Developer/usr/bin/swift-plugin-server\#FoundationMacros -load-resolved-plugin /Applications/Xcode.app/Contents/Developer/Platforms/MacOSX.platform/Developer/usr/lib/swift/host/plugins/libObservationMacros.dylib\#/Applications/Xcode.app/Contents/Developer/Platforms/MacOSX.platform/Developer/usr/bin/swift-plugin-server\#ObservationMacros -load-resolved-plugin /Applications/Xcode.app/Contents/Developer/Platforms/MacOSX.platform/Developer/usr/lib/swift/host/plugins/libPreviewsMacros.dylib\#/Applications/Xcode.app/Contents/Developer/Platforms/MacOSX.platform/Developer/usr/bin/swift-plugin-server\#PreviewsMacros -load-resolved-plugin /Applications/Xcode.app/Contents/Developer/Platforms/MacOSX.platform/Developer/usr/lib/swift/host/plugins/libSwiftDataMacros.dylib\#/Applications/Xcode.app/Contents/Developer/Platforms/MacOSX.platform/Developer/usr/bin/swift-plugin-server\#SwiftDataMacros -load-resolved-plugin /Applications/Xcode.app/Contents/Developer/Platforms/MacOSX.platform/Developer/usr/lib/swift/host/plugins/libSwiftMacros.dylib\#/Applications/Xcode.app/Contents/Developer/Platforms/MacOSX.platform/Developer/usr/bin/swift-plugin-server\#SwiftMacros -load-resolved-plugin /Applications/Xcode.app/Contents/Developer/Platforms/MacOSX.platform/Developer/usr/lib/swift/host/plugins/libSwiftUIMacros.dylib\#/Applications/Xcode.app/Contents/Developer/Platforms/MacOSX.platform/Developer/usr/bin/swift-plugin-server\#SwiftUIMacros -disable-implicit-swift-modules -Xcc -fno-implicit-modules -Xcc -fno-implicit-module-maps -explicit-swift-module-map-file /Users/rogerlin/Library/Developer/Xcode/DerivedData/FinancialCalculatorKit-ackorybalcxbfocbkqsfdzcfkgmn/Build/Intermediates.noindex/FinancialCalculatorKit.build/Debug/FinancialCalculatorKit.build/Objects-normal/arm64/FinancialCalculatorKit-dependencies-1.json -Xllvm -aarch64-use-tbi -enable-objc-interop -stack-check -sdk /Applications/Xcode.app/Contents/Developer/Platforms/MacOSX.platform/Developer/SDKs/MacOSX26.1.sdk -I /Users/rogerlin/Library/Developer/Xcode/DerivedData/FinancialCalculatorKit-ackorybalcxbfocbkqsfdzcfkgmn/Build/Products/Debug -F /Users/rogerlin/Library/Developer/Xcode/DerivedData/FinancialCalculatorKit-ackorybalcxbfocbkqsfdzcfkgmn/Build/Products/Debug/PackageFrameworks -F /Users/rogerlin/Library/Developer/Xcode/DerivedData/FinancialCalculatorKit-ackorybalcxbfocbkqsfdzcfkgmn/Build/Products/Debug/PackageFrameworks -F /Users/rogerlin/Library/Developer/Xcode/DerivedData/FinancialCalculatorKit-ackorybalcxbfocbkqsfdzcfkgmn/Build/Products/Debug/PackageFrameworks -F /Users/rogerlin/Library/Developer/Xcode/DerivedData/FinancialCalculatorKit-ackorybalcxbfocbkqsfdzcfkgmn/Build/Products/Debug/PackageFrameworks -F /Users/rogerlin/Library/Developer/Xcode/DerivedData/FinancialCalculatorKit-ackorybalcxbfocbkqsfdzcfkgmn/Build/Products/Debug/PackageFrameworks -F /Users/rogerlin/Library/Developer/Xcode/DerivedData/FinancialCalculatorKit-ackorybalcxbfocbkqsfdzcfkgmn/Build/Products/Debug/PackageFrameworks -F /Users/rogerlin/Library/Developer/Xcode/DerivedData/FinancialCalculatorKit-ackorybalcxbfocbkqsfdzcfkgmn/Build/Products/Debug/PackageFrameworks -F /Users/rogerlin/Library/Developer/Xcode/DerivedData/FinancialCalculatorKit-ackorybalcxbfocbkqsfdzcfkgmn/Build/Products/Debug/PackageFrameworks -F /Users/rogerlin/Library/Developer/Xcode/DerivedData/FinancialCalculatorKit-ackorybalcxbfocbkqsfdzcfkgmn/Build/Products/Debug/PackageFrameworks -F /Users/rogerlin/Library/Developer/Xcode/DerivedData/FinancialCalculatorKit-ackorybalcxbfocbkqsfdzcfkgmn/Build/Products/Debug/PackageFrameworks -F /Users/rogerlin/Library/Developer/Xcode/DerivedData/FinancialCalculatorKit-ackorybalcxbfocbkqsfdzcfkgmn/Build/Products/Debug/PackageFrameworks -F /Users/rogerlin/Library/Developer/Xcode/DerivedData/FinancialCalculatorKit-ackorybalcxbfocbkqsfdzcfkgmn/Build/Products/Debug/PackageFrameworks -F /Users/rogerlin/Library/Developer/Xcode/DerivedData/FinancialCalculatorKit-ackorybalcxbfocbkqsfdzcfkgmn/Build/Products/Debug/PackageFrameworks -F /Users/rogerlin/Library/Developer/Xcode/DerivedData/FinancialCalculatorKit-ackorybalcxbfocbkqsfdzcfkgmn/Build/Products/Debug/PackageFrameworks -F /Users/rogerlin/Library/Developer/Xcode/DerivedData/FinancialCalculatorKit-ackorybalcxbfocbkqsfdzcfkgmn/Build/Products/Debug/PackageFrameworks -F /Users/rogerlin/Library/Developer/Xcode/DerivedData/FinancialCalculatorKit-ackorybalcxbfocbkqsfdzcfkgmn/Build/Products/Debug/PackageFrameworks -F /Users/rogerlin/Library/Developer/Xcode/DerivedData/FinancialCalculatorKit-ackorybalcxbfocbkqsfdzcfkgmn/Build/Products/Debug/PackageFrameworks -F /Users/rogerlin/Library/Developer/Xcode/DerivedData/FinancialCalculatorKit-ackorybalcxbfocbkqsfdzcfkgmn/Build/Products/Debug/PackageFrameworks -F /Users/rogerlin/Library/Developer/Xcode/DerivedData/FinancialCalculatorKit-ackorybalcxbfocbkqsfdzcfkgmn/Build/Products/Debug/PackageFrameworks -F /Users/rogerlin/Library/Developer/Xcode/DerivedData/FinancialCalculatorKit-ackorybalcxbfocbkqsfdzcfkgmn/Build/Products/Debug -no-color-diagnostics -Xcc -fno-color-diagnostics -enable-testing -g -debug-info-format\=dwarf -dwarf-version\=4 -module-cache-path /Users/rogerlin/Library/Developer/Xcode/DerivedData/FinancialCalculatorKit-ackorybalcxbfocbkqsfdzcfkgmn/Build/Intermediates.noindex/SwiftExplicitPrecompiledModules -profile-generate -profile-coverage-mapping -swift-version 5 -enforce-exclusivity\=checked -Onone -D DEBUG -serialize-debugging-options -load-plugin-executable /Users/rogerlin/Library/Developer/Xcode/DerivedData/FinancialCalculatorKit-ackorybalcxbfocbkqsfdzcfkgmn/Build/Products/Debug/CasePathsMacros\#CasePathsMacros -const-gather-protocols-file /Users/rogerlin/Library/Developer/Xcode/DerivedData/FinancialCalculatorKit-ackorybalcxbfocbkqsfdzcfkgmn/Build/Intermediates.noindex/FinancialCalculatorKit.build/Debug/FinancialCalculatorKit.build/Objects-normal/arm64/FinancialCalculatorKit_const_extract_protocols.json -enable-experimental-feature DebugDescriptionMacro -enable-bare-slash-regex -empty-abi-descriptor -validate-clang-modules-once -clang-build-session-file /Users/rogerlin/Library/Developer/Xcode/DerivedData/ModuleCache.noindex/Session.modulevalidation -Xcc -working-directory -Xcc /Users/rogerlin/XCode-Projects/FinancialCalculatorKit-5.0-updated-accent-colors -enable-anonymous-context-mangled-names -file-compilation-dir /Users/rogerlin/XCode-Projects/FinancialCalculatorKit-5.0-updated-accent-colors -Xcc -D_LIBCPP_HARDENING_MODE\=_LIBCPP_HARDENING_MODE_DEBUG -Xcc -ivfsstatcache -Xcc /Users/rogerlin/Library/Developer/Xcode/DerivedData/SDKStatCaches.noindex/macosx26.1-25B74-3ae1261907bdadc328169391a47051a6.sdkstatcache -Xcc -I/Users/rogerlin/Library/Developer/Xcode/DerivedData/FinancialCalculatorKit-ackorybalcxbfocbkqsfdzcfkgmn/Build/Intermediates.noindex/FinancialCalculatorKit.build/Debug/FinancialCalculatorKit.build/swift-overrides.hmap -Xcc -iquote -Xcc /Users/rogerlin/Library/Developer/Xcode/DerivedData/FinancialCalculatorKit-ackorybalcxbfocbkqsfdzcfkgmn/Build/Intermediates.noindex/FinancialCalculatorKit.build/Debug/FinancialCalculatorKit.build/FinancialCalculatorKit-generated-files.hmap -Xcc -I/Users/rogerlin/Library/Developer/Xcode/DerivedData/FinancialCalculatorKit-ackorybalcxbfocbkqsfdzcfkgmn/Build/Intermediates.noindex/FinancialCalculatorKit.build/Debug/FinancialCalculatorKit.build/FinancialCalculatorKit-own-target-headers.hmap -Xcc -I/Users/rogerlin/Library/Developer/Xcode/DerivedData/FinancialCalculatorKit-ackorybalcxbfocbkqsfdzcfkgmn/Build/Intermediates.noindex/FinancialCalculatorKit.build/Debug/FinancialCalculatorKit.build/FinancialCalculatorKit-all-non-framework-target-headers.hmap -Xcc -ivfsoverlay -Xcc /Users/rogerlin/Library/Developer/Xcode/DerivedData/FinancialCalculatorKit-ackorybalcxbfocbkqsfdzcfkgmn/Build/Intermediates.noindex/FinancialCalculatorKit.build/Debug/FinancialCalculatorKit-b796aaad08c4b307251b75ea7c01aae2-VFS/all-product-headers.yaml -Xcc -iquote -Xcc /Users/rogerlin/Library/Developer/Xcode/DerivedData/FinancialCalculatorKit-ackorybalcxbfocbkqsfdzcfkgmn/Build/Intermediates.noindex/FinancialCalculatorKit.build/Debug/FinancialCalculatorKit.build/FinancialCalculatorKit-project-headers.hmap -Xcc -I/Users/rogerlin/Library/Developer/Xcode/DerivedData/FinancialCalculatorKit-ackorybalcxbfocbkqsfdzcfkgmn/SourcePackages/checkouts/swift-numerics/Sources/_NumericsShims/include -Xcc -I/Users/rogerlin/Library/Developer/Xcode/DerivedData/FinancialCalculatorKit-ackorybalcxbfocbkqsfdzcfkgmn/Build/Products/Debug/include -Xcc -I/Users/rogerlin/Library/Developer/Xcode/DerivedData/FinancialCalculatorKit-ackorybalcxbfocbkqsfdzcfkgmn/Build/Intermediates.noindex/FinancialCalculatorKit.build/Debug/FinancialCalculatorKit.build/DerivedSources-normal/arm64 -Xcc -I/Users/rogerlin/Library/Developer/Xcode/DerivedData/FinancialCalculatorKit-ackorybalcxbfocbkqsfdzcfkgmn/Build/Intermediates.noindex/FinancialCalculatorKit.build/Debug/FinancialCalculatorKit.build/DerivedSources/arm64 -Xcc -I/Users/rogerlin/Library/Developer/Xcode/DerivedData/FinancialCalculatorKit-ackorybalcxbfocbkqsfdzcfkgmn/Build/Intermediates.noindex/FinancialCalculatorKit.build/Debug/FinancialCalculatorKit.build/DerivedSources -Xcc -DDEBUG\=1 -no-auto-bridging-header-chaining -module-name FinancialCalculatorKit -frontend-parseable-output -disable-clang-spi -target-sdk-version 26.1 -target-sdk-name macosx26.1 -clang-target arm64-apple-macos26.1 -in-process-plugin-server-path /Applications/Xcode.app/Contents/Developer/Toolchains/XcodeDefault.xctoolchain/usr/lib/swift/host/libSwiftInProcPluginServer.dylib -o /Users/rogerlin/Library/Developer/Xcode/DerivedData/FinancialCalculatorKit-ackorybalcxbfocbkqsfdzcfkgmn/Build/Intermediates.noindex/FinancialCalculatorKit.build/Debug/FinancialCalculatorKit.build/Objects-normal/arm64/AdvancedBondCalculatorView.o -o /Users/rogerlin/Library/Developer/Xcode/DerivedData/FinancialCalculatorKit-ackorybalcxbfocbkqsfdzcfkgmn/Build/Intermediates.noindex/FinancialCalculatorKit.build/Debug/FinancialCalculatorKit.build/Objects-normal/arm64/AmortizationView.o -o /Users/rogerlin/Library/Developer/Xcode/DerivedData/FinancialCalculatorKit-ackorybalcxbfocbkqsfdzcfkgmn/Build/Intermediates.noindex/FinancialCalculatorKit.build/Debug/FinancialCalculatorKit.build/Objects-normal/arm64/BondCalculatorView.o -o /Users/rogerlin/Library/Developer/Xcode/DerivedData/FinancialCalculatorKit-ackorybalcxbfocbkqsfdzcfkgmn/Build/Intermediates.noindex/FinancialCalculatorKit.build/Debug/FinancialCalculatorKit.build/Objects-normal/arm64/CompactCalculatorView.o -o /Users/rogerlin/Library/Developer/Xcode/DerivedData/FinancialCalculatorKit-ackorybalcxbfocbkqsfdzcfkgmn/Build/Intermediates.noindex/FinancialCalculatorKit.build/Debug/FinancialCalculatorKit.build/Objects-normal/arm64/CurrencyConverterView.o -o /Users/rogerlin/Library/Developer/Xcode/DerivedData/FinancialCalculatorKit-ackorybalcxbfocbkqsfdzcfkgmn/Build/Intermediates.noindex/FinancialCalculatorKit.build/Debug/FinancialCalculatorKit.build/Objects-normal/arm64/CustomScientificKeyboard.o -index-unit-output-path /FinancialCalculatorKit.build/Debug/FinancialCalculatorKit.build/Objects-normal/arm64/AdvancedBondCalculatorView.o -index-unit-output-path /FinancialCalculatorKit.build/Debug/FinancialCalculatorKit.build/Objects-normal/arm64/AmortizationView.o -index-unit-output-path /FinancialCalculatorKit.build/Debug/FinancialCalculatorKit.build/Objects-normal/arm64/BondCalculatorView.o -index-unit-output-path /FinancialCalculatorKit.build/Debug/FinancialCalculatorKit.build/Objects-normal/arm64/CompactCalculatorView.o -index-unit-output-path /FinancialCalculatorKit.build/Debug/FinancialCalculatorKit.build/Objects-normal/arm64/CurrencyConverterView.o -index-unit-output-path /FinancialCalculatorKit.build/Debug/FinancialCalculatorKit.build/Objects-normal/arm64/CustomScientificKeyboard.o -index-store-path /Users/rogerlin/Library/Developer/Xcode/DerivedData/FinancialCalculatorKit-ackorybalcxbfocbkqsfdzcfkgmn/Index.noindex/DataStore -index-system-modules
SwiftCompile normal arm64 Compiling\ RiskManagementView.swift,\ ScientificCalculatorView.swift,\ SwapsCalculatorView.swift,\ TemplateViews.swift,\ TickerHistoryView.swift,\ TimeValueCalculatorView.swift /Users/rogerlin/XCode-Projects/FinancialCalculatorKit-5.0-updated-accent-colors/FinancialCalculatorKit/Views/Calculator/RiskManagementView.swift /Users/rogerlin/XCode-Projects/FinancialCalculatorKit-5.0-updated-accent-colors/FinancialCalculatorKit/Views/Calculator/ScientificCalculatorView.swift /Users/rogerlin/XCode-Projects/FinancialCalculatorKit-5.0-updated-accent-colors/FinancialCalculatorKit/Views/Calculator/SwapsCalculatorView.swift /Users/rogerlin/XCode-Projects/FinancialCalculatorKit-5.0-updated-accent-colors/FinancialCalculatorKit/Views/Calculator/TemplateViews.swift /Users/rogerlin/XCode-Projects/FinancialCalculatorKit-5.0-updated-accent-colors/FinancialCalculatorKit/Views/Calculator/TickerHistoryView.swift /Users/rogerlin/XCode-Projects/FinancialCalculatorKit-5.0-updated-accent-colors/FinancialCalculatorKit/Views/Calculator/TimeValueCalculatorView.swift (in target 'FinancialCalculatorKit' from project 'FinancialCalculatorKit')
/Applications/Xcode.app/Contents/Developer/Toolchains/XcodeDefault.xctoolchain/usr/bin/swift-frontend -frontend -c /Users/rogerlin/XCode-Projects/FinancialCalculatorKit-5.0-updated-accent-colors/FinancialCalculatorKit/Models/Bond/AdvancedBondModels.swift /Users/rogerlin/XCode-Projects/FinancialCalculatorKit-5.0-updated-accent-colors/FinancialCalculatorKit/Models/Bond/YieldCurveTypes.swift /Users/rogerlin/XCode-Projects/FinancialCalculatorKit-5.0-updated-accent-colors/FinancialCalculatorKit/Models/Calculation/BondCalculation.swift /Users/rogerlin/XCode-Projects/FinancialCalculatorKit-5.0-updated-accent-colors/FinancialCalculatorKit/Models/Calculation/CalculationMetadata.swift /Users/rogerlin/XCode-Projects/FinancialCalculatorKit-5.0-updated-accent-colors/FinancialCalculatorKit/Models/Calculation/DepreciationCalculation.swift /Users/rogerlin/XCode-Projects/FinancialCalculatorKit-5.0-updated-accent-colors/FinancialCalculatorKit/Models/Calculation/FinancialCalculation.swift /Users/rogerlin/XCode-Projects/FinancialCalculatorKit-5.0-updated-accent-colors/FinancialCalculatorKit/Models/Calculation/InvestmentCalculation.swift /Users/rogerlin/XCode-Projects/FinancialCalculatorKit-5.0-updated-accent-colors/FinancialCalculatorKit/Models/Calculation/LoanCalculation.swift /Users/rogerlin/XCode-Projects/FinancialCalculatorKit-5.0-updated-accent-colors/FinancialCalculatorKit/Models/Calculation/TimeValueCalculation.swift /Users/rogerlin/XCode-Projects/FinancialCalculatorKit-5.0-updated-accent-colors/FinancialCalculatorKit/Models/Enums/CalculationType.swift /Users/rogerlin/XCode-Projects/FinancialCalculatorKit-5.0-updated-accent-colors/FinancialCalculatorKit/Models/Enums/Currency.swift /Users/rogerlin/XCode-Projects/FinancialCalculatorKit-5.0-updated-accent-colors/FinancialCalculatorKit/Models/Enums/LoanType.swift /Users/rogerlin/XCode-Projects/FinancialCalculatorKit-5.0-updated-accent-colors/FinancialCalculatorKit/Models/Enums/PaymentFrequency.swift /Users/rogerlin/XCode-Projects/FinancialCalculatorKit-5.0-updated-accent-colors/FinancialCalculatorKit/Models/Enums/TimeValueVariable.swift /Users/rogerlin/XCode-Projects/FinancialCalculatorKit-5.0-updated-accent-colors/FinancialCalculatorKit/Models/Formula/FormulaReference.swift /Users/rogerlin/XCode-Projects/FinancialCalculatorKit-5.0-updated-accent-colors/FinancialCalculatorKit/Models/FRED/FREDModels.swift /Users/rogerlin/XCode-Projects/FinancialCalculatorKit-5.0-updated-accent-colors/FinancialCalculatorKit/Models/Options/AdvancedOptionsModels.swift /Users/rogerlin/XCode-Projects/FinancialCalculatorKit-5.0-updated-accent-colors/FinancialCalculatorKit/Models/ScientificCalculator/EquationDocument.swift /Users/rogerlin/XCode-Projects/FinancialCalculatorKit-5.0-updated-accent-colors/FinancialCalculatorKit/Models/ScientificCalculator/VariableStore.swift /Users/rogerlin/XCode-Projects/FinancialCalculatorKit-5.0-updated-accent-colors/FinancialCalculatorKit/Protocols/FinancialComputable.swift /Users/rogerlin/XCode-Projects/FinancialCalculatorKit-5.0-updated-accent-colors/FinancialCalculatorKit/Services/Bond/AdvancedBondPricingEngine.swift /Users/rogerlin/XCode-Projects/FinancialCalculatorKit-5.0-updated-accent-colors/FinancialCalculatorKit/Services/Options/AdvancedOptionsPricingEngine.swift /Users/rogerlin/XCode-Projects/FinancialCalculatorKit-5.0-updated-accent-colors/FinancialCalculatorKit/Services/AdvancedExpressionParser.swift /Users/rogerlin/XCode-Projects/FinancialCalculatorKit-5.0-updated-accent-colors/FinancialCalculatorKit/Services/AdvancedIRRCalculator.swift /Users/rogerlin/XCode-Projects/FinancialCalculatorKit-5.0-updated-accent-colors/FinancialCalculatorKit/Services/AdvancedMathFunctions.swift /Users/rogerlin/XCode-Projects/FinancialCalculatorKit-5.0-updated-accent-colors/FinancialCalculatorKit/Services/CalculationEngine.swift /Users/rogerlin/XCode-Projects/FinancialCalculatorKit-5.0-updated-accent-colors/FinancialCalculatorKit/Services/CSVHelper.swift /Users/rogerlin/XCode-Projects/FinancialCalculatorKit-5.0-updated-accent-colors/FinancialCalculatorKit/Services/CurrencyConversionService.swift /Users/rogerlin/XCode-Projects/FinancialCalculatorKit-5.0-updated-accent-colors/FinancialCalculatorKit/Services/ExchangeRateService.swift /Users/rogerlin/XCode-Projects/FinancialCalculatorKit-5.0-updated-accent-colors/FinancialCalculatorKit/Services/FinancialCalculator.swift /Users/rogerlin/XCode-Projects/FinancialCalculatorKit-5.0-updated-accent-colors/FinancialCalculatorKit/Services/FinancialValidation.swift /Users/rogerlin/XCode-Projects/FinancialCalculatorKit-5.0-updated-accent-colors/FinancialCalculatorKit/Services/FormulaAutoComplete.swift /Users/rogerlin/XCode-Projects/FinancialCalculatorKit-5.0-updated-accent-colors/FinancialCalculatorKit/Services/FREDService.swift /Users/rogerlin/XCode-Projects/FinancialCalculatorKit-5.0-updated-accent-colors/FinancialCalculatorKit/Services/HighPrecisionMath.swift /Users/rogerlin/XCode-Projects/FinancialCalculatorKit-5.0-updated-accent-colors/FinancialCalculatorKit/Services/HighPrecisionTestSuite.swift /Users/rogerlin/XCode-Projects/FinancialCalculatorKit-5.0-updated-accent-colors/FinancialCalculatorKit/Services/HighPrecisionValidation.swift /Users/rogerlin/XCode-Projects/FinancialCalculatorKit-5.0-updated-accent-colors/FinancialCalculatorKit/Services/TickerHistoryService.swift /Users/rogerlin/XCode-Projects/FinancialCalculatorKit-5.0-updated-accent-colors/FinancialCalculatorKit/Services/ValidationExtensions.swift /Users/rogerlin/XCode-Projects/FinancialCalculatorKit-5.0-updated-accent-colors/FinancialCalculatorKit/Services/ValidationService.swift /Users/rogerlin/XCode-Projects/FinancialCalculatorKit-5.0-updated-accent-colors/FinancialCalculatorKit/Services/ValidationTestSuite.swift /Users/rogerlin/XCode-Projects/FinancialCalculatorKit-5.0-updated-accent-colors/FinancialCalculatorKit/Utilities/Extensions/Date+Financial.swift /Users/rogerlin/XCode-Projects/FinancialCalculatorKit-5.0-updated-accent-colors/FinancialCalculatorKit/Utilities/Extensions/Double+Financial.swift /Users/rogerlin/XCode-Projects/FinancialCalculatorKit-5.0-updated-accent-colors/FinancialCalculatorKit/Utilities/CashFlowsTransformer.swift /Users/rogerlin/XCode-Projects/FinancialCalculatorKit-5.0-updated-accent-colors/FinancialCalculatorKit/Utilities/Formatters.swift /Users/rogerlin/XCode-Projects/FinancialCalculatorKit-5.0-updated-accent-colors/FinancialCalculatorKit/ViewHelpers/FormulaViewHelper.swift /Users/rogerlin/XCode-Projects/FinancialCalculatorKit-5.0-updated-accent-colors/FinancialCalculatorKit/ViewModels/MainViewModel.swift /Users/rogerlin/XCode-Projects/FinancialCalculatorKit-5.0-updated-accent-colors/FinancialCalculatorKit/Views/Calculator/AdvancedBondCalculatorView.swift /Users/rogerlin/XCode-Projects/FinancialCalculatorKit-5.0-updated-accent-colors/FinancialCalculatorKit/Views/Calculator/AmortizationView.swift /Users/rogerlin/XCode-Projects/FinancialCalculatorKit-5.0-updated-accent-colors/FinancialCalculatorKit/Views/Calculator/BondCalculatorView.swift /Users/rogerlin/XCode-Projects/FinancialCalculatorKit-5.0-updated-accent-colors/FinancialCalculatorKit/Views/Calculator/CompactCalculatorView.swift /Users/rogerlin/XCode-Projects/FinancialCalculatorKit-5.0-updated-accent-colors/FinancialCalculatorKit/Views/Calculator/CurrencyConverterView.swift /Users/rogerlin/XCode-Projects/FinancialCalculatorKit-5.0-updated-accent-colors/FinancialCalculatorKit/Views/Calculator/CustomScientificKeyboard.swift /Users/rogerlin/XCode-Projects/FinancialCalculatorKit-5.0-updated-accent-colors/FinancialCalculatorKit/Views/Calculator/DepreciationCalculatorView.swift /Users/rogerlin/XCode-Projects/FinancialCalculatorKit-5.0-updated-accent-colors/FinancialCalculatorKit/Views/Calculator/DocumentListView.swift /Users/rogerlin/XCode-Projects/FinancialCalculatorKit-5.0-updated-accent-colors/FinancialCalculatorKit/Views/Calculator/EquityValuationView.swift /Users/rogerlin/XCode-Projects/FinancialCalculatorKit-5.0-updated-accent-colors/FinancialCalculatorKit/Views/Calculator/FixedIncomeAnalyticsView.swift /Users/rogerlin/XCode-Projects/FinancialCalculatorKit-5.0-updated-accent-colors/FinancialCalculatorKit/Views/Calculator/FormulaLibraryView.swift /Users/rogerlin/XCode-Projects/FinancialCalculatorKit-5.0-updated-accent-colors/FinancialCalculatorKit/Views/Calculator/ForwardsCalculatorView.swift /Users/rogerlin/XCode-Projects/FinancialCalculatorKit-5.0-updated-accent-colors/FinancialCalculatorKit/Views/Calculator/FuturesCalculatorView.swift /Users/rogerlin/XCode-Projects/FinancialCalculatorKit-5.0-updated-accent-colors/FinancialCalculatorKit/Views/Calculator/FutureValueView.swift /Users/rogerlin/XCode-Projects/FinancialCalculatorKit-5.0-updated-accent-colors/FinancialCalculatorKit/Views/Calculator/HighPrecisionCalculatorView.swift /Users/rogerlin/XCode-Projects/FinancialCalculatorKit-5.0-updated-accent-colors/FinancialCalculatorKit/Views/Calculator/InvestmentCalculatorView.swift /Users/rogerlin/XCode-Projects/FinancialCalculatorKit-5.0-updated-accent-colors/FinancialCalculatorKit/Views/Calculator/LoanCalculatorView.swift /Users/rogerlin/XCode-Projects/FinancialCalculatorKit-5.0-updated-accent-colors/FinancialCalculatorKit/Views/Calculator/LoanResultView.swift /Users/rogerlin/XCode-Projects/FinancialCalculatorKit-5.0-updated-accent-colors/FinancialCalculatorKit/Views/Calculator/MathExpressionCalculatorView.swift /Users/rogerlin/XCode-Projects/FinancialCalculatorKit-5.0-updated-accent-colors/FinancialCalculatorKit/Views/Calculator/OptionsCalculatorView.swift /Users/rogerlin/XCode-Projects/FinancialCalculatorKit-5.0-updated-accent-colors/FinancialCalculatorKit/Views/Calculator/OptionsStrategiesView.swift /Users/rogerlin/XCode-Projects/FinancialCalculatorKit-5.0-updated-accent-colors/FinancialCalculatorKit/Views/Calculator/PlaceholderViews.swift /Users/rogerlin/XCode-Projects/FinancialCalculatorKit-5.0-updated-accent-colors/FinancialCalculatorKit/Views/Calculator/PortfolioOptimizationView.swift /Users/rogerlin/XCode-Projects/FinancialCalculatorKit-5.0-updated-accent-colors/FinancialCalculatorKit/Views/Calculator/PrecisionDemoView.swift -primary-file /Users/rogerlin/XCode-Projects/FinancialCalculatorKit-5.0-updated-accent-colors/FinancialCalculatorKit/Views/Calculator/RiskManagementView.swift -primary-file /Users/rogerlin/XCode-Projects/FinancialCalculatorKit-5.0-updated-accent-colors/FinancialCalculatorKit/Views/Calculator/ScientificCalculatorView.swift -primary-file /Users/rogerlin/XCode-Projects/FinancialCalculatorKit-5.0-updated-accent-colors/FinancialCalculatorKit/Views/Calculator/SwapsCalculatorView.swift -primary-file /Users/rogerlin/XCode-Projects/FinancialCalculatorKit-5.0-updated-accent-colors/FinancialCalculatorKit/Views/Calculator/TemplateViews.swift -primary-file /Users/rogerlin/XCode-Projects/FinancialCalculatorKit-5.0-updated-accent-colors/FinancialCalculatorKit/Views/Calculator/TickerHistoryView.swift -primary-file /Users/rogerlin/XCode-Projects/FinancialCalculatorKit-5.0-updated-accent-colors/FinancialCalculatorKit/Views/Calculator/TimeValueCalculatorView.swift /Users/rogerlin/XCode-Projects/FinancialCalculatorKit-5.0-updated-accent-colors/FinancialCalculatorKit/Views/Calculator/TimeValueResultView.swift /Users/rogerlin/XCode-Projects/FinancialCalculatorKit-5.0-updated-accent-colors/FinancialCalculatorKit/Views/Calculator/UnitConverterView.swift /Users/rogerlin/XCode-Projects/FinancialCalculatorKit-5.0-updated-accent-colors/FinancialCalculatorKit/Views/Calculator/VariableManagementView.swift /Users/rogerlin/XCode-Projects/FinancialCalculatorKit-5.0-updated-accent-colors/FinancialCalculatorKit/Views/Charts/FinancialChartView.swift /Users/rogerlin/XCode-Projects/FinancialCalculatorKit-5.0-updated-accent-colors/FinancialCalculatorKit/Views/Charts/InteractiveFinancialCharts.swift /Users/rogerlin/XCode-Projects/FinancialCalculatorKit-5.0-updated-accent-colors/FinancialCalculatorKit/Views/Components/DetailRow.swift /Users/rogerlin/XCode-Projects/FinancialCalculatorKit-5.0-updated-accent-colors/FinancialCalculatorKit/Views/Components/DynamicInputSection.swift /Users/rogerlin/XCode-Projects/FinancialCalculatorKit-5.0-updated-accent-colors/FinancialCalculatorKit/Views/Components/EnhancedInputFields.swift /Users/rogerlin/XCode-Projects/FinancialCalculatorKit-5.0-updated-accent-colors/FinancialCalculatorKit/Views/Components/FinancialStyles.swift /Users/rogerlin/XCode-Projects/FinancialCalculatorKit-5.0-updated-accent-colors/FinancialCalculatorKit/Views/Components/InputFieldView.swift /Users/rogerlin/XCode-Projects/FinancialCalculatorKit-5.0-updated-accent-colors/FinancialCalculatorKit/Views/Components/InteractiveDataTables.swift /Users/rogerlin/XCode-Projects/FinancialCalculatorKit-5.0-updated-accent-colors/FinancialCalculatorKit/Views/Components/LoadingResultView.swift /Users/rogerlin/XCode-Projects/FinancialCalculatorKit-5.0-updated-accent-colors/FinancialCalculatorKit/Views/Components/NumbersOnlyViewModifier.swift /Users/rogerlin/XCode-Projects/FinancialCalculatorKit-5.0-updated-accent-colors/FinancialCalculatorKit/Views/Components/ResultDisplayView.swift /Users/rogerlin/XCode-Projects/FinancialCalculatorKit-5.0-updated-accent-colors/FinancialCalculatorKit/Views/Components/StatusIndicator.swift /Users/rogerlin/XCode-Projects/FinancialCalculatorKit-5.0-updated-accent-colors/FinancialCalculatorKit/Views/Components/ValidationSummaryView.swift /Users/rogerlin/XCode-Projects/FinancialCalculatorKit-5.0-updated-accent-colors/FinancialCalculatorKit/Views/FRED/FREDDataView.swift /Users/rogerlin/XCode-Projects/FinancialCalculatorKit-5.0-updated-accent-colors/FinancialCalculatorKit/Views/Reference/FormulaReferenceView.swift /Users/rogerlin/XCode-Projects/FinancialCalculatorKit-5.0-updated-accent-colors/FinancialCalculatorKit/Views/Reference/FormulaVariableView.swift /Users/rogerlin/XCode-Projects/FinancialCalculatorKit-5.0-updated-accent-colors/FinancialCalculatorKit/Views/Reference/FormulaVariantView.swift /Users/rogerlin/XCode-Projects/FinancialCalculatorKit-5.0-updated-accent-colors/FinancialCalculatorKit/ContentView.swift /Users/rogerlin/XCode-Projects/FinancialCalculatorKit-5.0-updated-accent-colors/FinancialCalculatorKit/FinancialCalculatorKitApp.swift /Users/rogerlin/XCode-Projects/FinancialCalculatorKit-5.0-updated-accent-colors/FinancialCalculatorKit/Item.swift /Users/rogerlin/Library/Developer/Xcode/DerivedData/FinancialCalculatorKit-ackorybalcxbfocbkqsfdzcfkgmn/Build/Intermediates.noindex/FinancialCalculatorKit.build/Debug/FinancialCalculatorKit.build/DerivedSources/GeneratedAssetSymbols.swift -supplementary-output-file-map /Users/rogerlin/Library/Developer/Xcode/DerivedData/FinancialCalculatorKit-ackorybalcxbfocbkqsfdzcfkgmn/Build/Intermediates.noindex/FinancialCalculatorKit.build/Debug/FinancialCalculatorKit.build/Objects-normal/arm64/supplementaryOutputs-62 -emit-localized-strings -emit-localized-strings-path /Users/rogerlin/Library/Developer/Xcode/DerivedData/FinancialCalculatorKit-ackorybalcxbfocbkqsfdzcfkgmn/Build/Intermediates.noindex/FinancialCalculatorKit.build/Debug/FinancialCalculatorKit.build/Objects-normal/arm64 -target arm64-apple-macos14.0 -module-can-import-version AppKit 2685.20.119 2685.20.119 -module-can-import-version DeveloperToolsSupport 23.0.4 23.0.4 -module-can-import-version SwiftUI 7.1.13.1 7.1.13 -disable-cross-import-overlay-search -swift-module-cross-import SwiftData /Applications/Xcode.app/Contents/Developer/Platforms/MacOSX.platform/Developer/SDKs/MacOSX26.1.sdk/System/Library/Frameworks/SwiftData.framework/Modules/SwiftData.swiftcrossimport/CoreData.swiftoverlay -swift-module-cross-import SwiftData /Applications/Xcode.app/Contents/Developer/Platforms/MacOSX.platform/Developer/SDKs/MacOSX26.1.sdk/System/Library/Frameworks/SwiftData.framework/Modules/SwiftData.swiftcrossimport/SwiftUI.swiftoverlay -load-resolved-plugin \#/Users/rogerlin/Library/Developer/Xcode/DerivedData/FinancialCalculatorKit-ackorybalcxbfocbkqsfdzcfkgmn/Build/Products/Debug/CasePathsMacros\#CasePathsMacros -load-resolved-plugin /Applications/Xcode.app/Contents/Developer/Platforms/MacOSX.platform/Developer/usr/lib/swift/host/plugins/libFoundationMacros.dylib\#/Applications/Xcode.app/Contents/Developer/Platforms/MacOSX.platform/Developer/usr/bin/swift-plugin-server\#FoundationMacros -load-resolved-plugin /Applications/Xcode.app/Contents/Developer/Platforms/MacOSX.platform/Developer/usr/lib/swift/host/plugins/libObservationMacros.dylib\#/Applications/Xcode.app/Contents/Developer/Platforms/MacOSX.platform/Developer/usr/bin/swift-plugin-server\#ObservationMacros -load-resolved-plugin /Applications/Xcode.app/Contents/Developer/Platforms/MacOSX.platform/Developer/usr/lib/swift/host/plugins/libPreviewsMacros.dylib\#/Applications/Xcode.app/Contents/Developer/Platforms/MacOSX.platform/Developer/usr/bin/swift-plugin-server\#PreviewsMacros -load-resolved-plugin /Applications/Xcode.app/Contents/Developer/Platforms/MacOSX.platform/Developer/usr/lib/swift/host/plugins/libSwiftDataMacros.dylib\#/Applications/Xcode.app/Contents/Developer/Platforms/MacOSX.platform/Developer/usr/bin/swift-plugin-server\#SwiftDataMacros -load-resolved-plugin /Applications/Xcode.app/Contents/Developer/Platforms/MacOSX.platform/Developer/usr/lib/swift/host/plugins/libSwiftMacros.dylib\#/Applications/Xcode.app/Contents/Developer/Platforms/MacOSX.platform/Developer/usr/bin/swift-plugin-server\#SwiftMacros -load-resolved-plugin /Applications/Xcode.app/Contents/Developer/Platforms/MacOSX.platform/Developer/usr/lib/swift/host/plugins/libSwiftUIMacros.dylib\#/Applications/Xcode.app/Contents/Developer/Platforms/MacOSX.platform/Developer/usr/bin/swift-plugin-server\#SwiftUIMacros -disable-implicit-swift-modules -Xcc -fno-implicit-modules -Xcc -fno-implicit-module-maps -explicit-swift-module-map-file /Users/rogerlin/Library/Developer/Xcode/DerivedData/FinancialCalculatorKit-ackorybalcxbfocbkqsfdzcfkgmn/Build/Intermediates.noindex/FinancialCalculatorKit.build/Debug/FinancialCalculatorKit.build/Objects-normal/arm64/FinancialCalculatorKit-dependencies-1.json -Xllvm -aarch64-use-tbi -enable-objc-interop -stack-check -sdk /Applications/Xcode.app/Contents/Developer/Platforms/MacOSX.platform/Developer/SDKs/MacOSX26.1.sdk -I /Users/rogerlin/Library/Developer/Xcode/DerivedData/FinancialCalculatorKit-ackorybalcxbfocbkqsfdzcfkgmn/Build/Products/Debug -F /Users/rogerlin/Library/Developer/Xcode/DerivedData/FinancialCalculatorKit-ackorybalcxbfocbkqsfdzcfkgmn/Build/Products/Debug/PackageFrameworks -F /Users/rogerlin/Library/Developer/Xcode/DerivedData/FinancialCalculatorKit-ackorybalcxbfocbkqsfdzcfkgmn/Build/Products/Debug/PackageFrameworks -F /Users/rogerlin/Library/Developer/Xcode/DerivedData/FinancialCalculatorKit-ackorybalcxbfocbkqsfdzcfkgmn/Build/Products/Debug/PackageFrameworks -F /Users/rogerlin/Library/Developer/Xcode/DerivedData/FinancialCalculatorKit-ackorybalcxbfocbkqsfdzcfkgmn/Build/Products/Debug/PackageFrameworks -F /Users/rogerlin/Library/Developer/Xcode/DerivedData/FinancialCalculatorKit-ackorybalcxbfocbkqsfdzcfkgmn/Build/Products/Debug/PackageFrameworks -F /Users/rogerlin/Library/Developer/Xcode/DerivedData/FinancialCalculatorKit-ackorybalcxbfocbkqsfdzcfkgmn/Build/Products/Debug/PackageFrameworks -F /Users/rogerlin/Library/Developer/Xcode/DerivedData/FinancialCalculatorKit-ackorybalcxbfocbkqsfdzcfkgmn/Build/Products/Debug/PackageFrameworks -F /Users/rogerlin/Library/Developer/Xcode/DerivedData/FinancialCalculatorKit-ackorybalcxbfocbkqsfdzcfkgmn/Build/Products/Debug/PackageFrameworks -F /Users/rogerlin/Library/Developer/Xcode/DerivedData/FinancialCalculatorKit-ackorybalcxbfocbkqsfdzcfkgmn/Build/Products/Debug/PackageFrameworks -F /Users/rogerlin/Library/Developer/Xcode/DerivedData/FinancialCalculatorKit-ackorybalcxbfocbkqsfdzcfkgmn/Build/Products/Debug/PackageFrameworks -F /Users/rogerlin/Library/Developer/Xcode/DerivedData/FinancialCalculatorKit-ackorybalcxbfocbkqsfdzcfkgmn/Build/Products/Debug/PackageFrameworks -F /Users/rogerlin/Library/Developer/Xcode/DerivedData/FinancialCalculatorKit-ackorybalcxbfocbkqsfdzcfkgmn/Build/Products/Debug/PackageFrameworks -F /Users/rogerlin/Library/Developer/Xcode/DerivedData/FinancialCalculatorKit-ackorybalcxbfocbkqsfdzcfkgmn/Build/Products/Debug/PackageFrameworks -F /Users/rogerlin/Library/Developer/Xcode/DerivedData/FinancialCalculatorKit-ackorybalcxbfocbkqsfdzcfkgmn/Build/Products/Debug/PackageFrameworks -F /Users/rogerlin/Library/Developer/Xcode/DerivedData/FinancialCalculatorKit-ackorybalcxbfocbkqsfdzcfkgmn/Build/Products/Debug/PackageFrameworks -F /Users/rogerlin/Library/Developer/Xcode/DerivedData/FinancialCalculatorKit-ackorybalcxbfocbkqsfdzcfkgmn/Build/Products/Debug/PackageFrameworks -F /Users/rogerlin/Library/Developer/Xcode/DerivedData/FinancialCalculatorKit-ackorybalcxbfocbkqsfdzcfkgmn/Build/Products/Debug/PackageFrameworks -F /Users/rogerlin/Library/Developer/Xcode/DerivedData/FinancialCalculatorKit-ackorybalcxbfocbkqsfdzcfkgmn/Build/Products/Debug/PackageFrameworks -F /Users/rogerlin/Library/Developer/Xcode/DerivedData/FinancialCalculatorKit-ackorybalcxbfocbkqsfdzcfkgmn/Build/Products/Debug/PackageFrameworks -F /Users/rogerlin/Library/Developer/Xcode/DerivedData/FinancialCalculatorKit-ackorybalcxbfocbkqsfdzcfkgmn/Build/Products/Debug -no-color-diagnostics -Xcc -fno-color-diagnostics -enable-testing -g -debug-info-format\=dwarf -dwarf-version\=4 -module-cache-path /Users/rogerlin/Library/Developer/Xcode/DerivedData/FinancialCalculatorKit-ackorybalcxbfocbkqsfdzcfkgmn/Build/Intermediates.noindex/SwiftExplicitPrecompiledModules -profile-generate -profile-coverage-mapping -swift-version 5 -enforce-exclusivity\=checked -Onone -D DEBUG -serialize-debugging-options -load-plugin-executable /Users/rogerlin/Library/Developer/Xcode/DerivedData/FinancialCalculatorKit-ackorybalcxbfocbkqsfdzcfkgmn/Build/Products/Debug/CasePathsMacros\#CasePathsMacros -const-gather-protocols-file /Users/rogerlin/Library/Developer/Xcode/DerivedData/FinancialCalculatorKit-ackorybalcxbfocbkqsfdzcfkgmn/Build/Intermediates.noindex/FinancialCalculatorKit.build/Debug/FinancialCalculatorKit.build/Objects-normal/arm64/FinancialCalculatorKit_const_extract_protocols.json -enable-experimental-feature DebugDescriptionMacro -enable-bare-slash-regex -empty-abi-descriptor -validate-clang-modules-once -clang-build-session-file /Users/rogerlin/Library/Developer/Xcode/DerivedData/ModuleCache.noindex/Session.modulevalidation -Xcc -working-directory -Xcc /Users/rogerlin/XCode-Projects/FinancialCalculatorKit-5.0-updated-accent-colors -enable-anonymous-context-mangled-names -file-compilation-dir /Users/rogerlin/XCode-Projects/FinancialCalculatorKit-5.0-updated-accent-colors -Xcc -D_LIBCPP_HARDENING_MODE\=_LIBCPP_HARDENING_MODE_DEBUG -Xcc -ivfsstatcache -Xcc /Users/rogerlin/Library/Developer/Xcode/DerivedData/SDKStatCaches.noindex/macosx26.1-25B74-3ae1261907bdadc328169391a47051a6.sdkstatcache -Xcc -I/Users/rogerlin/Library/Developer/Xcode/DerivedData/FinancialCalculatorKit-ackorybalcxbfocbkqsfdzcfkgmn/Build/Intermediates.noindex/FinancialCalculatorKit.build/Debug/FinancialCalculatorKit.build/swift-overrides.hmap -Xcc -iquote -Xcc /Users/rogerlin/Library/Developer/Xcode/DerivedData/FinancialCalculatorKit-ackorybalcxbfocbkqsfdzcfkgmn/Build/Intermediates.noindex/FinancialCalculatorKit.build/Debug/FinancialCalculatorKit.build/FinancialCalculatorKit-generated-files.hmap -Xcc -I/Users/rogerlin/Library/Developer/Xcode/DerivedData/FinancialCalculatorKit-ackorybalcxbfocbkqsfdzcfkgmn/Build/Intermediates.noindex/FinancialCalculatorKit.build/Debug/FinancialCalculatorKit.build/FinancialCalculatorKit-own-target-headers.hmap -Xcc -I/Users/rogerlin/Library/Developer/Xcode/DerivedData/FinancialCalculatorKit-ackorybalcxbfocbkqsfdzcfkgmn/Build/Intermediates.noindex/FinancialCalculatorKit.build/Debug/FinancialCalculatorKit.build/FinancialCalculatorKit-all-non-framework-target-headers.hmap -Xcc -ivfsoverlay -Xcc /Users/rogerlin/Library/Developer/Xcode/DerivedData/FinancialCalculatorKit-ackorybalcxbfocbkqsfdzcfkgmn/Build/Intermediates.noindex/FinancialCalculatorKit.build/Debug/FinancialCalculatorKit-b796aaad08c4b307251b75ea7c01aae2-VFS/all-product-headers.yaml -Xcc -iquote -Xcc /Users/rogerlin/Library/Developer/Xcode/DerivedData/FinancialCalculatorKit-ackorybalcxbfocbkqsfdzcfkgmn/Build/Intermediates.noindex/FinancialCalculatorKit.build/Debug/FinancialCalculatorKit.build/FinancialCalculatorKit-project-headers.hmap -Xcc -I/Users/rogerlin/Library/Developer/Xcode/DerivedData/FinancialCalculatorKit-ackorybalcxbfocbkqsfdzcfkgmn/SourcePackages/checkouts/swift-numerics/Sources/_NumericsShims/include -Xcc -I/Users/rogerlin/Library/Developer/Xcode/DerivedData/FinancialCalculatorKit-ackorybalcxbfocbkqsfdzcfkgmn/Build/Products/Debug/include -Xcc -I/Users/rogerlin/Library/Developer/Xcode/DerivedData/FinancialCalculatorKit-ackorybalcxbfocbkqsfdzcfkgmn/Build/Intermediates.noindex/FinancialCalculatorKit.build/Debug/FinancialCalculatorKit.build/DerivedSources-normal/arm64 -Xcc -I/Users/rogerlin/Library/Developer/Xcode/DerivedData/FinancialCalculatorKit-ackorybalcxbfocbkqsfdzcfkgmn/Build/Intermediates.noindex/FinancialCalculatorKit.build/Debug/FinancialCalculatorKit.build/DerivedSources/arm64 -Xcc -I/Users/rogerlin/Library/Developer/Xcode/DerivedData/FinancialCalculatorKit-ackorybalcxbfocbkqsfdzcfkgmn/Build/Intermediates.noindex/FinancialCalculatorKit.build/Debug/FinancialCalculatorKit.build/DerivedSources -Xcc -DDEBUG\=1 -no-auto-bridging-header-chaining -module-name FinancialCalculatorKit -frontend-parseable-output -disable-clang-spi -target-sdk-version 26.1 -target-sdk-name macosx26.1 -clang-target arm64-apple-macos26.1 -in-process-plugin-server-path /Applications/Xcode.app/Contents/Developer/Toolchains/XcodeDefault.xctoolchain/usr/lib/swift/host/libSwiftInProcPluginServer.dylib -o /Users/rogerlin/Library/Developer/Xcode/DerivedData/FinancialCalculatorKit-ackorybalcxbfocbkqsfdzcfkgmn/Build/Intermediates.noindex/FinancialCalculatorKit.build/Debug/FinancialCalculatorKit.build/Objects-normal/arm64/RiskManagementView.o -o /Users/rogerlin/Library/Developer/Xcode/DerivedData/FinancialCalculatorKit-ackorybalcxbfocbkqsfdzcfkgmn/Build/Intermediates.noindex/FinancialCalculatorKit.build/Debug/FinancialCalculatorKit.build/Objects-normal/arm64/ScientificCalculatorView.o -o /Users/rogerlin/Library/Developer/Xcode/DerivedData/FinancialCalculatorKit-ackorybalcxbfocbkqsfdzcfkgmn/Build/Intermediates.noindex/FinancialCalculatorKit.build/Debug/FinancialCalculatorKit.build/Objects-normal/arm64/SwapsCalculatorView.o -o /Users/rogerlin/Library/Developer/Xcode/DerivedData/FinancialCalculatorKit-ackorybalcxbfocbkqsfdzcfkgmn/Build/Intermediates.noindex/FinancialCalculatorKit.build/Debug/FinancialCalculatorKit.build/Objects-normal/arm64/TemplateViews.o -o /Users/rogerlin/Library/Developer/Xcode/DerivedData/FinancialCalculatorKit-ackorybalcxbfocbkqsfdzcfkgmn/Build/Intermediates.noindex/FinancialCalculatorKit.build/Debug/FinancialCalculatorKit.build/Objects-normal/arm64/TickerHistoryView.o -o /Users/rogerlin/Library/Developer/Xcode/DerivedData/FinancialCalculatorKit-ackorybalcxbfocbkqsfdzcfkgmn/Build/Intermediates.noindex/FinancialCalculatorKit.build/Debug/FinancialCalculatorKit.build/Objects-normal/arm64/TimeValueCalculatorView.o -index-unit-output-path /FinancialCalculatorKit.build/Debug/FinancialCalculatorKit.build/Objects-normal/arm64/RiskManagementView.o -index-unit-output-path /FinancialCalculatorKit.build/Debug/FinancialCalculatorKit.build/Objects-normal/arm64/ScientificCalculatorView.o -index-unit-output-path /FinancialCalculatorKit.build/Debug/FinancialCalculatorKit.build/Objects-normal/arm64/SwapsCalculatorView.o -index-unit-output-path /FinancialCalculatorKit.build/Debug/FinancialCalculatorKit.build/Objects-normal/arm64/TemplateViews.o -index-unit-output-path /FinancialCalculatorKit.build/Debug/FinancialCalculatorKit.build/Objects-normal/arm64/TickerHistoryView.o -index-unit-output-path /FinancialCalculatorKit.build/Debug/FinancialCalculatorKit.build/Objects-normal/arm64/TimeValueCalculatorView.o -index-store-path /Users/rogerlin/Library/Developer/Xcode/DerivedData/FinancialCalculatorKit-ackorybalcxbfocbkqsfdzcfkgmn/Index.noindex/DataStore -index-system-modules

SwiftCompile normal arm64 /Users/rogerlin/XCode-Projects/FinancialCalculatorKit-5.0-updated-accent-colors/FinancialCalculatorKit/Views/Calculator/RiskManagementView.swift (in target 'FinancialCalculatorKit' from project 'FinancialCalculatorKit')
    cd /Users/rogerlin/XCode-Projects/FinancialCalculatorKit-5.0-updated-accent-colors
    

SwiftCompile normal arm64 /Users/rogerlin/XCode-Projects/FinancialCalculatorKit-5.0-updated-accent-colors/FinancialCalculatorKit/Views/Calculator/ScientificCalculatorView.swift (in target 'FinancialCalculatorKit' from project 'FinancialCalculatorKit')
    cd /Users/rogerlin/XCode-Projects/FinancialCalculatorKit-5.0-updated-accent-colors
    

SwiftCompile normal arm64 /Users/rogerlin/XCode-Projects/FinancialCalculatorKit-5.0-updated-accent-colors/FinancialCalculatorKit/Views/Calculator/SwapsCalculatorView.swift (in target 'FinancialCalculatorKit' from project 'FinancialCalculatorKit')
    cd /Users/rogerlin/XCode-Projects/FinancialCalculatorKit-5.0-updated-accent-colors
    

SwiftCompile normal arm64 /Users/rogerlin/XCode-Projects/FinancialCalculatorKit-5.0-updated-accent-colors/FinancialCalculatorKit/Views/Calculator/TemplateViews.swift (in target 'FinancialCalculatorKit' from project 'FinancialCalculatorKit')
    cd /Users/rogerlin/XCode-Projects/FinancialCalculatorKit-5.0-updated-accent-colors
    

SwiftCompile normal arm64 /Users/rogerlin/XCode-Projects/FinancialCalculatorKit-5.0-updated-accent-colors/FinancialCalculatorKit/Views/Calculator/TickerHistoryView.swift (in target 'FinancialCalculatorKit' from project 'FinancialCalculatorKit')
    cd /Users/rogerlin/XCode-Projects/FinancialCalculatorKit-5.0-updated-accent-colors
    

SwiftCompile normal arm64 /Users/rogerlin/XCode-Projects/FinancialCalculatorKit-5.0-updated-accent-colors/FinancialCalculatorKit/Views/Calculator/TimeValueCalculatorView.swift (in target 'FinancialCalculatorKit' from project 'FinancialCalculatorKit')
    cd /Users/rogerlin/XCode-Projects/FinancialCalculatorKit-5.0-updated-accent-colors
    
/Users/rogerlin/XCode-Projects/FinancialCalculatorKit-5.0-updated-accent-colors/FinancialCalculatorKit/Views/Calculator/TimeValueCalculatorView.swift:79:76: warning: cast from 'FinancialCalculation?' to unrelated type 'TimeValueCalculation' always fails
            if let existingCalculation = mainViewModel.selectedCalculation as? TimeValueCalculation {
                                         ~~~~~~~~~~~~~~~~~~~~~~~~~~~~~~~~~ ^   ~~~~~~~~~~~~~~~~~~~~
/Users/rogerlin/XCode-Projects/FinancialCalculatorKit-5.0-updated-accent-colors/FinancialCalculatorKit/Views/Calculator/TimeValueCalculatorView.swift:331:37: error: cannot mutate property 'currency' of immutable value 'currentCalculation'
        currentCalculation.currency = currency
                                    ^
/Users/rogerlin/XCode-Projects/FinancialCalculatorKit-5.0-updated-accent-colors/FinancialCalculatorKit/Views/Calculator/TimeValueCalculatorView.swift:306:9: note: change 'let' to 'var' to make it mutable
        let currentCalculation: TimeValueCalculation
        ^~~
        var
/Users/rogerlin/XCode-Projects/FinancialCalculatorKit-5.0-updated-accent-colors/FinancialCalculatorKit/Views/Calculator/TimeValueCalculatorView.swift:321:37: error: cannot mutate property 'name' of immutable value 'currentCalculation'
            currentCalculation.name = calculationName
                                    ^
/Users/rogerlin/XCode-Projects/FinancialCalculatorKit-5.0-updated-accent-colors/FinancialCalculatorKit/Views/Calculator/TimeValueCalculatorView.swift:306:9: note: change 'let' to 'var' to make it mutable
        let currentCalculation: TimeValueCalculation
        ^~~
        var

SwiftCompile normal arm64 Compiling\ ExchangeRateService.swift,\ FinancialCalculator.swift,\ FinancialValidation.swift,\ FormulaAutoComplete.swift,\ FREDService.swift,\ HighPrecisionMath.swift /Users/rogerlin/XCode-Projects/FinancialCalculatorKit-5.0-updated-accent-colors/FinancialCalculatorKit/Services/ExchangeRateService.swift /Users/rogerlin/XCode-Projects/FinancialCalculatorKit-5.0-updated-accent-colors/FinancialCalculatorKit/Services/FinancialCalculator.swift /Users/rogerlin/XCode-Projects/FinancialCalculatorKit-5.0-updated-accent-colors/FinancialCalculatorKit/Services/FinancialValidation.swift /Users/rogerlin/XCode-Projects/FinancialCalculatorKit-5.0-updated-accent-colors/FinancialCalculatorKit/Services/FormulaAutoComplete.swift /Users/rogerlin/XCode-Projects/FinancialCalculatorKit-5.0-updated-accent-colors/FinancialCalculatorKit/Services/FREDService.swift /Users/rogerlin/XCode-Projects/FinancialCalculatorKit-5.0-updated-accent-colors/FinancialCalculatorKit/Services/HighPrecisionMath.swift (in target 'FinancialCalculatorKit' from project 'FinancialCalculatorKit')
/Applications/Xcode.app/Contents/Developer/Toolchains/XcodeDefault.xctoolchain/usr/bin/swift-frontend -frontend -c /Users/rogerlin/XCode-Projects/FinancialCalculatorKit-5.0-updated-accent-colors/FinancialCalculatorKit/Models/Bond/AdvancedBondModels.swift /Users/rogerlin/XCode-Projects/FinancialCalculatorKit-5.0-updated-accent-colors/FinancialCalculatorKit/Models/Bond/YieldCurveTypes.swift /Users/rogerlin/XCode-Projects/FinancialCalculatorKit-5.0-updated-accent-colors/FinancialCalculatorKit/Models/Calculation/BondCalculation.swift /Users/rogerlin/XCode-Projects/FinancialCalculatorKit-5.0-updated-accent-colors/FinancialCalculatorKit/Models/Calculation/CalculationMetadata.swift /Users/rogerlin/XCode-Projects/FinancialCalculatorKit-5.0-updated-accent-colors/FinancialCalculatorKit/Models/Calculation/DepreciationCalculation.swift /Users/rogerlin/XCode-Projects/FinancialCalculatorKit-5.0-updated-accent-colors/FinancialCalculatorKit/Models/Calculation/FinancialCalculation.swift /Users/rogerlin/XCode-Projects/FinancialCalculatorKit-5.0-updated-accent-colors/FinancialCalculatorKit/Models/Calculation/InvestmentCalculation.swift /Users/rogerlin/XCode-Projects/FinancialCalculatorKit-5.0-updated-accent-colors/FinancialCalculatorKit/Models/Calculation/LoanCalculation.swift /Users/rogerlin/XCode-Projects/FinancialCalculatorKit-5.0-updated-accent-colors/FinancialCalculatorKit/Models/Calculation/TimeValueCalculation.swift /Users/rogerlin/XCode-Projects/FinancialCalculatorKit-5.0-updated-accent-colors/FinancialCalculatorKit/Models/Enums/CalculationType.swift /Users/rogerlin/XCode-Projects/FinancialCalculatorKit-5.0-updated-accent-colors/FinancialCalculatorKit/Models/Enums/Currency.swift /Users/rogerlin/XCode-Projects/FinancialCalculatorKit-5.0-updated-accent-colors/FinancialCalculatorKit/Models/Enums/LoanType.swift /Users/rogerlin/XCode-Projects/FinancialCalculatorKit-5.0-updated-accent-colors/FinancialCalculatorKit/Models/Enums/PaymentFrequency.swift /Users/rogerlin/XCode-Projects/FinancialCalculatorKit-5.0-updated-accent-colors/FinancialCalculatorKit/Models/Enums/TimeValueVariable.swift /Users/rogerlin/XCode-Projects/FinancialCalculatorKit-5.0-updated-accent-colors/FinancialCalculatorKit/Models/Formula/FormulaReference.swift /Users/rogerlin/XCode-Projects/FinancialCalculatorKit-5.0-updated-accent-colors/FinancialCalculatorKit/Models/FRED/FREDModels.swift /Users/rogerlin/XCode-Projects/FinancialCalculatorKit-5.0-updated-accent-colors/FinancialCalculatorKit/Models/Options/AdvancedOptionsModels.swift /Users/rogerlin/XCode-Projects/FinancialCalculatorKit-5.0-updated-accent-colors/FinancialCalculatorKit/Models/ScientificCalculator/EquationDocument.swift /Users/rogerlin/XCode-Projects/FinancialCalculatorKit-5.0-updated-accent-colors/FinancialCalculatorKit/Models/ScientificCalculator/VariableStore.swift /Users/rogerlin/XCode-Projects/FinancialCalculatorKit-5.0-updated-accent-colors/FinancialCalculatorKit/Protocols/FinancialComputable.swift /Users/rogerlin/XCode-Projects/FinancialCalculatorKit-5.0-updated-accent-colors/FinancialCalculatorKit/Services/Bond/AdvancedBondPricingEngine.swift /Users/rogerlin/XCode-Projects/FinancialCalculatorKit-5.0-updated-accent-colors/FinancialCalculatorKit/Services/Options/AdvancedOptionsPricingEngine.swift /Users/rogerlin/XCode-Projects/FinancialCalculatorKit-5.0-updated-accent-colors/FinancialCalculatorKit/Services/AdvancedExpressionParser.swift /Users/rogerlin/XCode-Projects/FinancialCalculatorKit-5.0-updated-accent-colors/FinancialCalculatorKit/Services/AdvancedIRRCalculator.swift /Users/rogerlin/XCode-Projects/FinancialCalculatorKit-5.0-updated-accent-colors/FinancialCalculatorKit/Services/AdvancedMathFunctions.swift /Users/rogerlin/XCode-Projects/FinancialCalculatorKit-5.0-updated-accent-colors/FinancialCalculatorKit/Services/CalculationEngine.swift /Users/rogerlin/XCode-Projects/FinancialCalculatorKit-5.0-updated-accent-colors/FinancialCalculatorKit/Services/CSVHelper.swift /Users/rogerlin/XCode-Projects/FinancialCalculatorKit-5.0-updated-accent-colors/FinancialCalculatorKit/Services/CurrencyConversionService.swift -primary-file /Users/rogerlin/XCode-Projects/FinancialCalculatorKit-5.0-updated-accent-colors/FinancialCalculatorKit/Services/ExchangeRateService.swift -primary-file /Users/rogerlin/XCode-Projects/FinancialCalculatorKit-5.0-updated-accent-colors/FinancialCalculatorKit/Services/FinancialCalculator.swift -primary-file /Users/rogerlin/XCode-Projects/FinancialCalculatorKit-5.0-updated-accent-colors/FinancialCalculatorKit/Services/FinancialValidation.swift -primary-file /Users/rogerlin/XCode-Projects/FinancialCalculatorKit-5.0-updated-accent-colors/FinancialCalculatorKit/Services/FormulaAutoComplete.swift -primary-file /Users/rogerlin/XCode-Projects/FinancialCalculatorKit-5.0-updated-accent-colors/FinancialCalculatorKit/Services/FREDService.swift -primary-file /Users/rogerlin/XCode-Projects/FinancialCalculatorKit-5.0-updated-accent-colors/FinancialCalculatorKit/Services/HighPrecisionMath.swift /Users/rogerlin/XCode-Projects/FinancialCalculatorKit-5.0-updated-accent-colors/FinancialCalculatorKit/Services/HighPrecisionTestSuite.swift /Users/rogerlin/XCode-Projects/FinancialCalculatorKit-5.0-updated-accent-colors/FinancialCalculatorKit/Services/HighPrecisionValidation.swift /Users/rogerlin/XCode-Projects/FinancialCalculatorKit-5.0-updated-accent-colors/FinancialCalculatorKit/Services/TickerHistoryService.swift /Users/rogerlin/XCode-Projects/FinancialCalculatorKit-5.0-updated-accent-colors/FinancialCalculatorKit/Services/ValidationExtensions.swift /Users/rogerlin/XCode-Projects/FinancialCalculatorKit-5.0-updated-accent-colors/FinancialCalculatorKit/Services/ValidationService.swift /Users/rogerlin/XCode-Projects/FinancialCalculatorKit-5.0-updated-accent-colors/FinancialCalculatorKit/Services/ValidationTestSuite.swift /Users/rogerlin/XCode-Projects/FinancialCalculatorKit-5.0-updated-accent-colors/FinancialCalculatorKit/Utilities/Extensions/Date+Financial.swift /Users/rogerlin/XCode-Projects/FinancialCalculatorKit-5.0-updated-accent-colors/FinancialCalculatorKit/Utilities/Extensions/Double+Financial.swift /Users/rogerlin/XCode-Projects/FinancialCalculatorKit-5.0-updated-accent-colors/FinancialCalculatorKit/Utilities/CashFlowsTransformer.swift /Users/rogerlin/XCode-Projects/FinancialCalculatorKit-5.0-updated-accent-colors/FinancialCalculatorKit/Utilities/Formatters.swift /Users/rogerlin/XCode-Projects/FinancialCalculatorKit-5.0-updated-accent-colors/FinancialCalculatorKit/ViewHelpers/FormulaViewHelper.swift /Users/rogerlin/XCode-Projects/FinancialCalculatorKit-5.0-updated-accent-colors/FinancialCalculatorKit/ViewModels/MainViewModel.swift /Users/rogerlin/XCode-Projects/FinancialCalculatorKit-5.0-updated-accent-colors/FinancialCalculatorKit/Views/Calculator/AdvancedBondCalculatorView.swift /Users/rogerlin/XCode-Projects/FinancialCalculatorKit-5.0-updated-accent-colors/FinancialCalculatorKit/Views/Calculator/AmortizationView.swift /Users/rogerlin/XCode-Projects/FinancialCalculatorKit-5.0-updated-accent-colors/FinancialCalculatorKit/Views/Calculator/BondCalculatorView.swift /Users/rogerlin/XCode-Projects/FinancialCalculatorKit-5.0-updated-accent-colors/FinancialCalculatorKit/Views/Calculator/CompactCalculatorView.swift /Users/rogerlin/XCode-Projects/FinancialCalculatorKit-5.0-updated-accent-colors/FinancialCalculatorKit/Views/Calculator/CurrencyConverterView.swift /Users/rogerlin/XCode-Projects/FinancialCalculatorKit-5.0-updated-accent-colors/FinancialCalculatorKit/Views/Calculator/CustomScientificKeyboard.swift /Users/rogerlin/XCode-Projects/FinancialCalculatorKit-5.0-updated-accent-colors/FinancialCalculatorKit/Views/Calculator/DepreciationCalculatorView.swift /Users/rogerlin/XCode-Projects/FinancialCalculatorKit-5.0-updated-accent-colors/FinancialCalculatorKit/Views/Calculator/DocumentListView.swift /Users/rogerlin/XCode-Projects/FinancialCalculatorKit-5.0-updated-accent-colors/FinancialCalculatorKit/Views/Calculator/EquityValuationView.swift /Users/rogerlin/XCode-Projects/FinancialCalculatorKit-5.0-updated-accent-colors/FinancialCalculatorKit/Views/Calculator/FixedIncomeAnalyticsView.swift /Users/rogerlin/XCode-Projects/FinancialCalculatorKit-5.0-updated-accent-colors/FinancialCalculatorKit/Views/Calculator/FormulaLibraryView.swift /Users/rogerlin/XCode-Projects/FinancialCalculatorKit-5.0-updated-accent-colors/FinancialCalculatorKit/Views/Calculator/ForwardsCalculatorView.swift /Users/rogerlin/XCode-Projects/FinancialCalculatorKit-5.0-updated-accent-colors/FinancialCalculatorKit/Views/Calculator/FuturesCalculatorView.swift /Users/rogerlin/XCode-Projects/FinancialCalculatorKit-5.0-updated-accent-colors/FinancialCalculatorKit/Views/Calculator/FutureValueView.swift /Users/rogerlin/XCode-Projects/FinancialCalculatorKit-5.0-updated-accent-colors/FinancialCalculatorKit/Views/Calculator/HighPrecisionCalculatorView.swift /Users/rogerlin/XCode-Projects/FinancialCalculatorKit-5.0-updated-accent-colors/FinancialCalculatorKit/Views/Calculator/InvestmentCalculatorView.swift /Users/rogerlin/XCode-Projects/FinancialCalculatorKit-5.0-updated-accent-colors/FinancialCalculatorKit/Views/Calculator/LoanCalculatorView.swift /Users/rogerlin/XCode-Projects/FinancialCalculatorKit-5.0-updated-accent-colors/FinancialCalculatorKit/Views/Calculator/LoanResultView.swift /Users/rogerlin/XCode-Projects/FinancialCalculatorKit-5.0-updated-accent-colors/FinancialCalculatorKit/Views/Calculator/MathExpressionCalculatorView.swift /Users/rogerlin/XCode-Projects/FinancialCalculatorKit-5.0-updated-accent-colors/FinancialCalculatorKit/Views/Calculator/OptionsCalculatorView.swift /Users/rogerlin/XCode-Projects/FinancialCalculatorKit-5.0-updated-accent-colors/FinancialCalculatorKit/Views/Calculator/OptionsStrategiesView.swift /Users/rogerlin/XCode-Projects/FinancialCalculatorKit-5.0-updated-accent-colors/FinancialCalculatorKit/Views/Calculator/PlaceholderViews.swift /Users/rogerlin/XCode-Projects/FinancialCalculatorKit-5.0-updated-accent-colors/FinancialCalculatorKit/Views/Calculator/PortfolioOptimizationView.swift /Users/rogerlin/XCode-Projects/FinancialCalculatorKit-5.0-updated-accent-colors/FinancialCalculatorKit/Views/Calculator/PrecisionDemoView.swift /Users/rogerlin/XCode-Projects/FinancialCalculatorKit-5.0-updated-accent-colors/FinancialCalculatorKit/Views/Calculator/RiskManagementView.swift /Users/rogerlin/XCode-Projects/FinancialCalculatorKit-5.0-updated-accent-colors/FinancialCalculatorKit/Views/Calculator/ScientificCalculatorView.swift /Users/rogerlin/XCode-Projects/FinancialCalculatorKit-5.0-updated-accent-colors/FinancialCalculatorKit/Views/Calculator/SwapsCalculatorView.swift /Users/rogerlin/XCode-Projects/FinancialCalculatorKit-5.0-updated-accent-colors/FinancialCalculatorKit/Views/Calculator/TemplateViews.swift /Users/rogerlin/XCode-Projects/FinancialCalculatorKit-5.0-updated-accent-colors/FinancialCalculatorKit/Views/Calculator/TickerHistoryView.swift /Users/rogerlin/XCode-Projects/FinancialCalculatorKit-5.0-updated-accent-colors/FinancialCalculatorKit/Views/Calculator/TimeValueCalculatorView.swift /Users/rogerlin/XCode-Projects/FinancialCalculatorKit-5.0-updated-accent-colors/FinancialCalculatorKit/Views/Calculator/TimeValueResultView.swift /Users/rogerlin/XCode-Projects/FinancialCalculatorKit-5.0-updated-accent-colors/FinancialCalculatorKit/Views/Calculator/UnitConverterView.swift /Users/rogerlin/XCode-Projects/FinancialCalculatorKit-5.0-updated-accent-colors/FinancialCalculatorKit/Views/Calculator/VariableManagementView.swift /Users/rogerlin/XCode-Projects/FinancialCalculatorKit-5.0-updated-accent-colors/FinancialCalculatorKit/Views/Charts/FinancialChartView.swift /Users/rogerlin/XCode-Projects/FinancialCalculatorKit-5.0-updated-accent-colors/FinancialCalculatorKit/Views/Charts/InteractiveFinancialCharts.swift /Users/rogerlin/XCode-Projects/FinancialCalculatorKit-5.0-updated-accent-colors/FinancialCalculatorKit/Views/Components/DetailRow.swift /Users/rogerlin/XCode-Projects/FinancialCalculatorKit-5.0-updated-accent-colors/FinancialCalculatorKit/Views/Components/DynamicInputSection.swift /Users/rogerlin/XCode-Projects/FinancialCalculatorKit-5.0-updated-accent-colors/FinancialCalculatorKit/Views/Components/EnhancedInputFields.swift /Users/rogerlin/XCode-Projects/FinancialCalculatorKit-5.0-updated-accent-colors/FinancialCalculatorKit/Views/Components/FinancialStyles.swift /Users/rogerlin/XCode-Projects/FinancialCalculatorKit-5.0-updated-accent-colors/FinancialCalculatorKit/Views/Components/InputFieldView.swift /Users/rogerlin/XCode-Projects/FinancialCalculatorKit-5.0-updated-accent-colors/FinancialCalculatorKit/Views/Components/InteractiveDataTables.swift /Users/rogerlin/XCode-Projects/FinancialCalculatorKit-5.0-updated-accent-colors/FinancialCalculatorKit/Views/Components/LoadingResultView.swift /Users/rogerlin/XCode-Projects/FinancialCalculatorKit-5.0-updated-accent-colors/FinancialCalculatorKit/Views/Components/NumbersOnlyViewModifier.swift /Users/rogerlin/XCode-Projects/FinancialCalculatorKit-5.0-updated-accent-colors/FinancialCalculatorKit/Views/Components/ResultDisplayView.swift /Users/rogerlin/XCode-Projects/FinancialCalculatorKit-5.0-updated-accent-colors/FinancialCalculatorKit/Views/Components/StatusIndicator.swift /Users/rogerlin/XCode-Projects/FinancialCalculatorKit-5.0-updated-accent-colors/FinancialCalculatorKit/Views/Components/ValidationSummaryView.swift /Users/rogerlin/XCode-Projects/FinancialCalculatorKit-5.0-updated-accent-colors/FinancialCalculatorKit/Views/FRED/FREDDataView.swift /Users/rogerlin/XCode-Projects/FinancialCalculatorKit-5.0-updated-accent-colors/FinancialCalculatorKit/Views/Reference/FormulaReferenceView.swift /Users/rogerlin/XCode-Projects/FinancialCalculatorKit-5.0-updated-accent-colors/FinancialCalculatorKit/Views/Reference/FormulaVariableView.swift /Users/rogerlin/XCode-Projects/FinancialCalculatorKit-5.0-updated-accent-colors/FinancialCalculatorKit/Views/Reference/FormulaVariantView.swift /Users/rogerlin/XCode-Projects/FinancialCalculatorKit-5.0-updated-accent-colors/FinancialCalculatorKit/ContentView.swift /Users/rogerlin/XCode-Projects/FinancialCalculatorKit-5.0-updated-accent-colors/FinancialCalculatorKit/FinancialCalculatorKitApp.swift /Users/rogerlin/XCode-Projects/FinancialCalculatorKit-5.0-updated-accent-colors/FinancialCalculatorKit/Item.swift /Users/rogerlin/Library/Developer/Xcode/DerivedData/FinancialCalculatorKit-ackorybalcxbfocbkqsfdzcfkgmn/Build/Intermediates.noindex/FinancialCalculatorKit.build/Debug/FinancialCalculatorKit.build/DerivedSources/GeneratedAssetSymbols.swift -supplementary-output-file-map /Users/rogerlin/Library/Developer/Xcode/DerivedData/FinancialCalculatorKit-ackorybalcxbfocbkqsfdzcfkgmn/Build/Intermediates.noindex/FinancialCalculatorKit.build/Debug/FinancialCalculatorKit.build/Objects-normal/arm64/supplementaryOutputs-55 -emit-localized-strings -emit-localized-strings-path /Users/rogerlin/Library/Developer/Xcode/DerivedData/FinancialCalculatorKit-ackorybalcxbfocbkqsfdzcfkgmn/Build/Intermediates.noindex/FinancialCalculatorKit.build/Debug/FinancialCalculatorKit.build/Objects-normal/arm64 -target arm64-apple-macos14.0 -module-can-import-version AppKit 2685.20.119 2685.20.119 -module-can-import-version DeveloperToolsSupport 23.0.4 23.0.4 -module-can-import-version SwiftUI 7.1.13.1 7.1.13 -disable-cross-import-overlay-search -swift-module-cross-import SwiftData /Applications/Xcode.app/Contents/Developer/Platforms/MacOSX.platform/Developer/SDKs/MacOSX26.1.sdk/System/Library/Frameworks/SwiftData.framework/Modules/SwiftData.swiftcrossimport/CoreData.swiftoverlay -swift-module-cross-import SwiftData /Applications/Xcode.app/Contents/Developer/Platforms/MacOSX.platform/Developer/SDKs/MacOSX26.1.sdk/System/Library/Frameworks/SwiftData.framework/Modules/SwiftData.swiftcrossimport/SwiftUI.swiftoverlay -load-resolved-plugin \#/Users/rogerlin/Library/Developer/Xcode/DerivedData/FinancialCalculatorKit-ackorybalcxbfocbkqsfdzcfkgmn/Build/Products/Debug/CasePathsMacros\#CasePathsMacros -load-resolved-plugin /Applications/Xcode.app/Contents/Developer/Platforms/MacOSX.platform/Developer/usr/lib/swift/host/plugins/libFoundationMacros.dylib\#/Applications/Xcode.app/Contents/Developer/Platforms/MacOSX.platform/Developer/usr/bin/swift-plugin-server\#FoundationMacros -load-resolved-plugin /Applications/Xcode.app/Contents/Developer/Platforms/MacOSX.platform/Developer/usr/lib/swift/host/plugins/libObservationMacros.dylib\#/Applications/Xcode.app/Contents/Developer/Platforms/MacOSX.platform/Developer/usr/bin/swift-plugin-server\#ObservationMacros -load-resolved-plugin /Applications/Xcode.app/Contents/Developer/Platforms/MacOSX.platform/Developer/usr/lib/swift/host/plugins/libPreviewsMacros.dylib\#/Applications/Xcode.app/Contents/Developer/Platforms/MacOSX.platform/Developer/usr/bin/swift-plugin-server\#PreviewsMacros -load-resolved-plugin /Applications/Xcode.app/Contents/Developer/Platforms/MacOSX.platform/Developer/usr/lib/swift/host/plugins/libSwiftDataMacros.dylib\#/Applications/Xcode.app/Contents/Developer/Platforms/MacOSX.platform/Developer/usr/bin/swift-plugin-server\#SwiftDataMacros -load-resolved-plugin /Applications/Xcode.app/Contents/Developer/Platforms/MacOSX.platform/Developer/usr/lib/swift/host/plugins/libSwiftMacros.dylib\#/Applications/Xcode.app/Contents/Developer/Platforms/MacOSX.platform/Developer/usr/bin/swift-plugin-server\#SwiftMacros -load-resolved-plugin /Applications/Xcode.app/Contents/Developer/Platforms/MacOSX.platform/Developer/usr/lib/swift/host/plugins/libSwiftUIMacros.dylib\#/Applications/Xcode.app/Contents/Developer/Platforms/MacOSX.platform/Developer/usr/bin/swift-plugin-server\#SwiftUIMacros -disable-implicit-swift-modules -Xcc -fno-implicit-modules -Xcc -fno-implicit-module-maps -explicit-swift-module-map-file /Users/rogerlin/Library/Developer/Xcode/DerivedData/FinancialCalculatorKit-ackorybalcxbfocbkqsfdzcfkgmn/Build/Intermediates.noindex/FinancialCalculatorKit.build/Debug/FinancialCalculatorKit.build/Objects-normal/arm64/FinancialCalculatorKit-dependencies-1.json -Xllvm -aarch64-use-tbi -enable-objc-interop -stack-check -sdk /Applications/Xcode.app/Contents/Developer/Platforms/MacOSX.platform/Developer/SDKs/MacOSX26.1.sdk -I /Users/rogerlin/Library/Developer/Xcode/DerivedData/FinancialCalculatorKit-ackorybalcxbfocbkqsfdzcfkgmn/Build/Products/Debug -F /Users/rogerlin/Library/Developer/Xcode/DerivedData/FinancialCalculatorKit-ackorybalcxbfocbkqsfdzcfkgmn/Build/Products/Debug/PackageFrameworks -F /Users/rogerlin/Library/Developer/Xcode/DerivedData/FinancialCalculatorKit-ackorybalcxbfocbkqsfdzcfkgmn/Build/Products/Debug/PackageFrameworks -F /Users/rogerlin/Library/Developer/Xcode/DerivedData/FinancialCalculatorKit-ackorybalcxbfocbkqsfdzcfkgmn/Build/Products/Debug/PackageFrameworks -F /Users/rogerlin/Library/Developer/Xcode/DerivedData/FinancialCalculatorKit-ackorybalcxbfocbkqsfdzcfkgmn/Build/Products/Debug/PackageFrameworks -F /Users/rogerlin/Library/Developer/Xcode/DerivedData/FinancialCalculatorKit-ackorybalcxbfocbkqsfdzcfkgmn/Build/Products/Debug/PackageFrameworks -F /Users/rogerlin/Library/Developer/Xcode/DerivedData/FinancialCalculatorKit-ackorybalcxbfocbkqsfdzcfkgmn/Build/Products/Debug/PackageFrameworks -F /Users/rogerlin/Library/Developer/Xcode/DerivedData/FinancialCalculatorKit-ackorybalcxbfocbkqsfdzcfkgmn/Build/Products/Debug/PackageFrameworks -F /Users/rogerlin/Library/Developer/Xcode/DerivedData/FinancialCalculatorKit-ackorybalcxbfocbkqsfdzcfkgmn/Build/Products/Debug/PackageFrameworks -F /Users/rogerlin/Library/Developer/Xcode/DerivedData/FinancialCalculatorKit-ackorybalcxbfocbkqsfdzcfkgmn/Build/Products/Debug/PackageFrameworks -F /Users/rogerlin/Library/Developer/Xcode/DerivedData/FinancialCalculatorKit-ackorybalcxbfocbkqsfdzcfkgmn/Build/Products/Debug/PackageFrameworks -F /Users/rogerlin/Library/Developer/Xcode/DerivedData/FinancialCalculatorKit-ackorybalcxbfocbkqsfdzcfkgmn/Build/Products/Debug/PackageFrameworks -F /Users/rogerlin/Library/Developer/Xcode/DerivedData/FinancialCalculatorKit-ackorybalcxbfocbkqsfdzcfkgmn/Build/Products/Debug/PackageFrameworks -F /Users/rogerlin/Library/Developer/Xcode/DerivedData/FinancialCalculatorKit-ackorybalcxbfocbkqsfdzcfkgmn/Build/Products/Debug/PackageFrameworks -F /Users/rogerlin/Library/Developer/Xcode/DerivedData/FinancialCalculatorKit-ackorybalcxbfocbkqsfdzcfkgmn/Build/Products/Debug/PackageFrameworks -F /Users/rogerlin/Library/Developer/Xcode/DerivedData/FinancialCalculatorKit-ackorybalcxbfocbkqsfdzcfkgmn/Build/Products/Debug/PackageFrameworks -F /Users/rogerlin/Library/Developer/Xcode/DerivedData/FinancialCalculatorKit-ackorybalcxbfocbkqsfdzcfkgmn/Build/Products/Debug/PackageFrameworks -F /Users/rogerlin/Library/Developer/Xcode/DerivedData/FinancialCalculatorKit-ackorybalcxbfocbkqsfdzcfkgmn/Build/Products/Debug/PackageFrameworks -F /Users/rogerlin/Library/Developer/Xcode/DerivedData/FinancialCalculatorKit-ackorybalcxbfocbkqsfdzcfkgmn/Build/Products/Debug/PackageFrameworks -F /Users/rogerlin/Library/Developer/Xcode/DerivedData/FinancialCalculatorKit-ackorybalcxbfocbkqsfdzcfkgmn/Build/Products/Debug/PackageFrameworks -F /Users/rogerlin/Library/Developer/Xcode/DerivedData/FinancialCalculatorKit-ackorybalcxbfocbkqsfdzcfkgmn/Build/Products/Debug -no-color-diagnostics -Xcc -fno-color-diagnostics -enable-testing -g -debug-info-format\=dwarf -dwarf-version\=4 -module-cache-path /Users/rogerlin/Library/Developer/Xcode/DerivedData/FinancialCalculatorKit-ackorybalcxbfocbkqsfdzcfkgmn/Build/Intermediates.noindex/SwiftExplicitPrecompiledModules -profile-generate -profile-coverage-mapping -swift-version 5 -enforce-exclusivity\=checked -Onone -D DEBUG -serialize-debugging-options -load-plugin-executable /Users/rogerlin/Library/Developer/Xcode/DerivedData/FinancialCalculatorKit-ackorybalcxbfocbkqsfdzcfkgmn/Build/Products/Debug/CasePathsMacros\#CasePathsMacros -const-gather-protocols-file /Users/rogerlin/Library/Developer/Xcode/DerivedData/FinancialCalculatorKit-ackorybalcxbfocbkqsfdzcfkgmn/Build/Intermediates.noindex/FinancialCalculatorKit.build/Debug/FinancialCalculatorKit.build/Objects-normal/arm64/FinancialCalculatorKit_const_extract_protocols.json -enable-experimental-feature DebugDescriptionMacro -enable-bare-slash-regex -empty-abi-descriptor -validate-clang-modules-once -clang-build-session-file /Users/rogerlin/Library/Developer/Xcode/DerivedData/ModuleCache.noindex/Session.modulevalidation -Xcc -working-directory -Xcc /Users/rogerlin/XCode-Projects/FinancialCalculatorKit-5.0-updated-accent-colors -enable-anonymous-context-mangled-names -file-compilation-dir /Users/rogerlin/XCode-Projects/FinancialCalculatorKit-5.0-updated-accent-colors -Xcc -D_LIBCPP_HARDENING_MODE\=_LIBCPP_HARDENING_MODE_DEBUG -Xcc -ivfsstatcache -Xcc /Users/rogerlin/Library/Developer/Xcode/DerivedData/SDKStatCaches.noindex/macosx26.1-25B74-3ae1261907bdadc328169391a47051a6.sdkstatcache -Xcc -I/Users/rogerlin/Library/Developer/Xcode/DerivedData/FinancialCalculatorKit-ackorybalcxbfocbkqsfdzcfkgmn/Build/Intermediates.noindex/FinancialCalculatorKit.build/Debug/FinancialCalculatorKit.build/swift-overrides.hmap -Xcc -iquote -Xcc /Users/rogerlin/Library/Developer/Xcode/DerivedData/FinancialCalculatorKit-ackorybalcxbfocbkqsfdzcfkgmn/Build/Intermediates.noindex/FinancialCalculatorKit.build/Debug/FinancialCalculatorKit.build/FinancialCalculatorKit-generated-files.hmap -Xcc -I/Users/rogerlin/Library/Developer/Xcode/DerivedData/FinancialCalculatorKit-ackorybalcxbfocbkqsfdzcfkgmn/Build/Intermediates.noindex/FinancialCalculatorKit.build/Debug/FinancialCalculatorKit.build/FinancialCalculatorKit-own-target-headers.hmap -Xcc -I/Users/rogerlin/Library/Developer/Xcode/DerivedData/FinancialCalculatorKit-ackorybalcxbfocbkqsfdzcfkgmn/Build/Intermediates.noindex/FinancialCalculatorKit.build/Debug/FinancialCalculatorKit.build/FinancialCalculatorKit-all-non-framework-target-headers.hmap -Xcc -ivfsoverlay -Xcc /Users/rogerlin/Library/Developer/Xcode/DerivedData/FinancialCalculatorKit-ackorybalcxbfocbkqsfdzcfkgmn/Build/Intermediates.noindex/FinancialCalculatorKit.build/Debug/FinancialCalculatorKit-b796aaad08c4b307251b75ea7c01aae2-VFS/all-product-headers.yaml -Xcc -iquote -Xcc /Users/rogerlin/Library/Developer/Xcode/DerivedData/FinancialCalculatorKit-ackorybalcxbfocbkqsfdzcfkgmn/Build/Intermediates.noindex/FinancialCalculatorKit.build/Debug/FinancialCalculatorKit.build/FinancialCalculatorKit-project-headers.hmap -Xcc -I/Users/rogerlin/Library/Developer/Xcode/DerivedData/FinancialCalculatorKit-ackorybalcxbfocbkqsfdzcfkgmn/SourcePackages/checkouts/swift-numerics/Sources/_NumericsShims/include -Xcc -I/Users/rogerlin/Library/Developer/Xcode/DerivedData/FinancialCalculatorKit-ackorybalcxbfocbkqsfdzcfkgmn/Build/Products/Debug/include -Xcc -I/Users/rogerlin/Library/Developer/Xcode/DerivedData/FinancialCalculatorKit-ackorybalcxbfocbkqsfdzcfkgmn/Build/Intermediates.noindex/FinancialCalculatorKit.build/Debug/FinancialCalculatorKit.build/DerivedSources-normal/arm64 -Xcc -I/Users/rogerlin/Library/Developer/Xcode/DerivedData/FinancialCalculatorKit-ackorybalcxbfocbkqsfdzcfkgmn/Build/Intermediates.noindex/FinancialCalculatorKit.build/Debug/FinancialCalculatorKit.build/DerivedSources/arm64 -Xcc -I/Users/rogerlin/Library/Developer/Xcode/DerivedData/FinancialCalculatorKit-ackorybalcxbfocbkqsfdzcfkgmn/Build/Intermediates.noindex/FinancialCalculatorKit.build/Debug/FinancialCalculatorKit.build/DerivedSources -Xcc -DDEBUG\=1 -no-auto-bridging-header-chaining -module-name FinancialCalculatorKit -frontend-parseable-output -disable-clang-spi -target-sdk-version 26.1 -target-sdk-name macosx26.1 -clang-target arm64-apple-macos26.1 -in-process-plugin-server-path /Applications/Xcode.app/Contents/Developer/Toolchains/XcodeDefault.xctoolchain/usr/lib/swift/host/libSwiftInProcPluginServer.dylib -o /Users/rogerlin/Library/Developer/Xcode/DerivedData/FinancialCalculatorKit-ackorybalcxbfocbkqsfdzcfkgmn/Build/Intermediates.noindex/FinancialCalculatorKit.build/Debug/FinancialCalculatorKit.build/Objects-normal/arm64/ExchangeRateService.o -o /Users/rogerlin/Library/Developer/Xcode/DerivedData/FinancialCalculatorKit-ackorybalcxbfocbkqsfdzcfkgmn/Build/Intermediates.noindex/FinancialCalculatorKit.build/Debug/FinancialCalculatorKit.build/Objects-normal/arm64/FinancialCalculator.o -o /Users/rogerlin/Library/Developer/Xcode/DerivedData/FinancialCalculatorKit-ackorybalcxbfocbkqsfdzcfkgmn/Build/Intermediates.noindex/FinancialCalculatorKit.build/Debug/FinancialCalculatorKit.build/Objects-normal/arm64/FinancialValidation.o -o /Users/rogerlin/Library/Developer/Xcode/DerivedData/FinancialCalculatorKit-ackorybalcxbfocbkqsfdzcfkgmn/Build/Intermediates.noindex/FinancialCalculatorKit.build/Debug/FinancialCalculatorKit.build/Objects-normal/arm64/FormulaAutoComplete.o -o /Users/rogerlin/Library/Developer/Xcode/DerivedData/FinancialCalculatorKit-ackorybalcxbfocbkqsfdzcfkgmn/Build/Intermediates.noindex/FinancialCalculatorKit.build/Debug/FinancialCalculatorKit.build/Objects-normal/arm64/FREDService.o -o /Users/rogerlin/Library/Developer/Xcode/DerivedData/FinancialCalculatorKit-ackorybalcxbfocbkqsfdzcfkgmn/Build/Intermediates.noindex/FinancialCalculatorKit.build/Debug/FinancialCalculatorKit.build/Objects-normal/arm64/HighPrecisionMath.o -index-unit-output-path /FinancialCalculatorKit.build/Debug/FinancialCalculatorKit.build/Objects-normal/arm64/ExchangeRateService.o -index-unit-output-path /FinancialCalculatorKit.build/Debug/FinancialCalculatorKit.build/Objects-normal/arm64/FinancialCalculator.o -index-unit-output-path /FinancialCalculatorKit.build/Debug/FinancialCalculatorKit.build/Objects-normal/arm64/FinancialValidation.o -index-unit-output-path /FinancialCalculatorKit.build/Debug/FinancialCalculatorKit.build/Objects-normal/arm64/FormulaAutoComplete.o -index-unit-output-path /FinancialCalculatorKit.build/Debug/FinancialCalculatorKit.build/Objects-normal/arm64/FREDService.o -index-unit-output-path /FinancialCalculatorKit.build/Debug/FinancialCalculatorKit.build/Objects-normal/arm64/HighPrecisionMath.o -index-store-path /Users/rogerlin/Library/Developer/Xcode/DerivedData/FinancialCalculatorKit-ackorybalcxbfocbkqsfdzcfkgmn/Index.noindex/DataStore -index-system-modules

SwiftCompile normal arm64 /Users/rogerlin/XCode-Projects/FinancialCalculatorKit-5.0-updated-accent-colors/FinancialCalculatorKit/Services/ExchangeRateService.swift (in target 'FinancialCalculatorKit' from project 'FinancialCalculatorKit')
    cd /Users/rogerlin/XCode-Projects/FinancialCalculatorKit-5.0-updated-accent-colors
    

SwiftCompile normal arm64 /Users/rogerlin/XCode-Projects/FinancialCalculatorKit-5.0-updated-accent-colors/FinancialCalculatorKit/Services/FinancialCalculator.swift (in target 'FinancialCalculatorKit' from project 'FinancialCalculatorKit')
    cd /Users/rogerlin/XCode-Projects/FinancialCalculatorKit-5.0-updated-accent-colors
    

SwiftCompile normal arm64 /Users/rogerlin/XCode-Projects/FinancialCalculatorKit-5.0-updated-accent-colors/FinancialCalculatorKit/Services/FinancialValidation.swift (in target 'FinancialCalculatorKit' from project 'FinancialCalculatorKit')
    cd /Users/rogerlin/XCode-Projects/FinancialCalculatorKit-5.0-updated-accent-colors
    

SwiftCompile normal arm64 /Users/rogerlin/XCode-Projects/FinancialCalculatorKit-5.0-updated-accent-colors/FinancialCalculatorKit/Services/FormulaAutoComplete.swift (in target 'FinancialCalculatorKit' from project 'FinancialCalculatorKit')
    cd /Users/rogerlin/XCode-Projects/FinancialCalculatorKit-5.0-updated-accent-colors
    

SwiftCompile normal arm64 /Users/rogerlin/XCode-Projects/FinancialCalculatorKit-5.0-updated-accent-colors/FinancialCalculatorKit/Services/FREDService.swift (in target 'FinancialCalculatorKit' from project 'FinancialCalculatorKit')
    cd /Users/rogerlin/XCode-Projects/FinancialCalculatorKit-5.0-updated-accent-colors
    

SwiftCompile normal arm64 /Users/rogerlin/XCode-Projects/FinancialCalculatorKit-5.0-updated-accent-colors/FinancialCalculatorKit/Services/HighPrecisionMath.swift (in target 'FinancialCalculatorKit' from project 'FinancialCalculatorKit')
    cd /Users/rogerlin/XCode-Projects/FinancialCalculatorKit-5.0-updated-accent-colors
    

SwiftCompile normal arm64 Compiling\ AdvancedOptionsPricingEngine.swift,\ AdvancedExpressionParser.swift,\ AdvancedIRRCalculator.swift,\ AdvancedMathFunctions.swift,\ CalculationEngine.swift,\ CSVHelper.swift,\ CurrencyConversionService.swift /Users/rogerlin/XCode-Projects/FinancialCalculatorKit-5.0-updated-accent-colors/FinancialCalculatorKit/Services/Options/AdvancedOptionsPricingEngine.swift /Users/rogerlin/XCode-Projects/FinancialCalculatorKit-5.0-updated-accent-colors/FinancialCalculatorKit/Services/AdvancedExpressionParser.swift /Users/rogerlin/XCode-Projects/FinancialCalculatorKit-5.0-updated-accent-colors/FinancialCalculatorKit/Services/AdvancedIRRCalculator.swift /Users/rogerlin/XCode-Projects/FinancialCalculatorKit-5.0-updated-accent-colors/FinancialCalculatorKit/Services/AdvancedMathFunctions.swift /Users/rogerlin/XCode-Projects/FinancialCalculatorKit-5.0-updated-accent-colors/FinancialCalculatorKit/Services/CalculationEngine.swift /Users/rogerlin/XCode-Projects/FinancialCalculatorKit-5.0-updated-accent-colors/FinancialCalculatorKit/Services/CSVHelper.swift /Users/rogerlin/XCode-Projects/FinancialCalculatorKit-5.0-updated-accent-colors/FinancialCalculatorKit/Services/CurrencyConversionService.swift (in target 'FinancialCalculatorKit' from project 'FinancialCalculatorKit')
/Applications/Xcode.app/Contents/Developer/Toolchains/XcodeDefault.xctoolchain/usr/bin/swift-frontend -frontend -c /Users/rogerlin/XCode-Projects/FinancialCalculatorKit-5.0-updated-accent-colors/FinancialCalculatorKit/Models/Bond/AdvancedBondModels.swift /Users/rogerlin/XCode-Projects/FinancialCalculatorKit-5.0-updated-accent-colors/FinancialCalculatorKit/Models/Bond/YieldCurveTypes.swift /Users/rogerlin/XCode-Projects/FinancialCalculatorKit-5.0-updated-accent-colors/FinancialCalculatorKit/Models/Calculation/BondCalculation.swift /Users/rogerlin/XCode-Projects/FinancialCalculatorKit-5.0-updated-accent-colors/FinancialCalculatorKit/Models/Calculation/CalculationMetadata.swift /Users/rogerlin/XCode-Projects/FinancialCalculatorKit-5.0-updated-accent-colors/FinancialCalculatorKit/Models/Calculation/DepreciationCalculation.swift /Users/rogerlin/XCode-Projects/FinancialCalculatorKit-5.0-updated-accent-colors/FinancialCalculatorKit/Models/Calculation/FinancialCalculation.swift /Users/rogerlin/XCode-Projects/FinancialCalculatorKit-5.0-updated-accent-colors/FinancialCalculatorKit/Models/Calculation/InvestmentCalculation.swift /Users/rogerlin/XCode-Projects/FinancialCalculatorKit-5.0-updated-accent-colors/FinancialCalculatorKit/Models/Calculation/LoanCalculation.swift /Users/rogerlin/XCode-Projects/FinancialCalculatorKit-5.0-updated-accent-colors/FinancialCalculatorKit/Models/Calculation/TimeValueCalculation.swift /Users/rogerlin/XCode-Projects/FinancialCalculatorKit-5.0-updated-accent-colors/FinancialCalculatorKit/Models/Enums/CalculationType.swift /Users/rogerlin/XCode-Projects/FinancialCalculatorKit-5.0-updated-accent-colors/FinancialCalculatorKit/Models/Enums/Currency.swift /Users/rogerlin/XCode-Projects/FinancialCalculatorKit-5.0-updated-accent-colors/FinancialCalculatorKit/Models/Enums/LoanType.swift /Users/rogerlin/XCode-Projects/FinancialCalculatorKit-5.0-updated-accent-colors/FinancialCalculatorKit/Models/Enums/PaymentFrequency.swift /Users/rogerlin/XCode-Projects/FinancialCalculatorKit-5.0-updated-accent-colors/FinancialCalculatorKit/Models/Enums/TimeValueVariable.swift /Users/rogerlin/XCode-Projects/FinancialCalculatorKit-5.0-updated-accent-colors/FinancialCalculatorKit/Models/Formula/FormulaReference.swift /Users/rogerlin/XCode-Projects/FinancialCalculatorKit-5.0-updated-accent-colors/FinancialCalculatorKit/Models/FRED/FREDModels.swift /Users/rogerlin/XCode-Projects/FinancialCalculatorKit-5.0-updated-accent-colors/FinancialCalculatorKit/Models/Options/AdvancedOptionsModels.swift /Users/rogerlin/XCode-Projects/FinancialCalculatorKit-5.0-updated-accent-colors/FinancialCalculatorKit/Models/ScientificCalculator/EquationDocument.swift /Users/rogerlin/XCode-Projects/FinancialCalculatorKit-5.0-updated-accent-colors/FinancialCalculatorKit/Models/ScientificCalculator/VariableStore.swift /Users/rogerlin/XCode-Projects/FinancialCalculatorKit-5.0-updated-accent-colors/FinancialCalculatorKit/Protocols/FinancialComputable.swift /Users/rogerlin/XCode-Projects/FinancialCalculatorKit-5.0-updated-accent-colors/FinancialCalculatorKit/Services/Bond/AdvancedBondPricingEngine.swift -primary-file /Users/rogerlin/XCode-Projects/FinancialCalculatorKit-5.0-updated-accent-colors/FinancialCalculatorKit/Services/Options/AdvancedOptionsPricingEngine.swift -primary-file /Users/rogerlin/XCode-Projects/FinancialCalculatorKit-5.0-updated-accent-colors/FinancialCalculatorKit/Services/AdvancedExpressionParser.swift -primary-file /Users/rogerlin/XCode-Projects/FinancialCalculatorKit-5.0-updated-accent-colors/FinancialCalculatorKit/Services/AdvancedIRRCalculator.swift -primary-file /Users/rogerlin/XCode-Projects/FinancialCalculatorKit-5.0-updated-accent-colors/FinancialCalculatorKit/Services/AdvancedMathFunctions.swift -primary-file /Users/rogerlin/XCode-Projects/FinancialCalculatorKit-5.0-updated-accent-colors/FinancialCalculatorKit/Services/CalculationEngine.swift -primary-file /Users/rogerlin/XCode-Projects/FinancialCalculatorKit-5.0-updated-accent-colors/FinancialCalculatorKit/Services/CSVHelper.swift -primary-file /Users/rogerlin/XCode-Projects/FinancialCalculatorKit-5.0-updated-accent-colors/FinancialCalculatorKit/Services/CurrencyConversionService.swift /Users/rogerlin/XCode-Projects/FinancialCalculatorKit-5.0-updated-accent-colors/FinancialCalculatorKit/Services/ExchangeRateService.swift /Users/rogerlin/XCode-Projects/FinancialCalculatorKit-5.0-updated-accent-colors/FinancialCalculatorKit/Services/FinancialCalculator.swift /Users/rogerlin/XCode-Projects/FinancialCalculatorKit-5.0-updated-accent-colors/FinancialCalculatorKit/Services/FinancialValidation.swift /Users/rogerlin/XCode-Projects/FinancialCalculatorKit-5.0-updated-accent-colors/FinancialCalculatorKit/Services/FormulaAutoComplete.swift /Users/rogerlin/XCode-Projects/FinancialCalculatorKit-5.0-updated-accent-colors/FinancialCalculatorKit/Services/FREDService.swift /Users/rogerlin/XCode-Projects/FinancialCalculatorKit-5.0-updated-accent-colors/FinancialCalculatorKit/Services/HighPrecisionMath.swift /Users/rogerlin/XCode-Projects/FinancialCalculatorKit-5.0-updated-accent-colors/FinancialCalculatorKit/Services/HighPrecisionTestSuite.swift /Users/rogerlin/XCode-Projects/FinancialCalculatorKit-5.0-updated-accent-colors/FinancialCalculatorKit/Services/HighPrecisionValidation.swift /Users/rogerlin/XCode-Projects/FinancialCalculatorKit-5.0-updated-accent-colors/FinancialCalculatorKit/Services/TickerHistoryService.swift /Users/rogerlin/XCode-Projects/FinancialCalculatorKit-5.0-updated-accent-colors/FinancialCalculatorKit/Services/ValidationExtensions.swift /Users/rogerlin/XCode-Projects/FinancialCalculatorKit-5.0-updated-accent-colors/FinancialCalculatorKit/Services/ValidationService.swift /Users/rogerlin/XCode-Projects/FinancialCalculatorKit-5.0-updated-accent-colors/FinancialCalculatorKit/Services/ValidationTestSuite.swift /Users/rogerlin/XCode-Projects/FinancialCalculatorKit-5.0-updated-accent-colors/FinancialCalculatorKit/Utilities/Extensions/Date+Financial.swift /Users/rogerlin/XCode-Projects/FinancialCalculatorKit-5.0-updated-accent-colors/FinancialCalculatorKit/Utilities/Extensions/Double+Financial.swift /Users/rogerlin/XCode-Projects/FinancialCalculatorKit-5.0-updated-accent-colors/FinancialCalculatorKit/Utilities/CashFlowsTransformer.swift /Users/rogerlin/XCode-Projects/FinancialCalculatorKit-5.0-updated-accent-colors/FinancialCalculatorKit/Utilities/Formatters.swift /Users/rogerlin/XCode-Projects/FinancialCalculatorKit-5.0-updated-accent-colors/FinancialCalculatorKit/ViewHelpers/FormulaViewHelper.swift /Users/rogerlin/XCode-Projects/FinancialCalculatorKit-5.0-updated-accent-colors/FinancialCalculatorKit/ViewModels/MainViewModel.swift /Users/rogerlin/XCode-Projects/FinancialCalculatorKit-5.0-updated-accent-colors/FinancialCalculatorKit/Views/Calculator/AdvancedBondCalculatorView.swift /Users/rogerlin/XCode-Projects/FinancialCalculatorKit-5.0-updated-accent-colors/FinancialCalculatorKit/Views/Calculator/AmortizationView.swift /Users/rogerlin/XCode-Projects/FinancialCalculatorKit-5.0-updated-accent-colors/FinancialCalculatorKit/Views/Calculator/BondCalculatorView.swift /Users/rogerlin/XCode-Projects/FinancialCalculatorKit-5.0-updated-accent-colors/FinancialCalculatorKit/Views/Calculator/CompactCalculatorView.swift /Users/rogerlin/XCode-Projects/FinancialCalculatorKit-5.0-updated-accent-colors/FinancialCalculatorKit/Views/Calculator/CurrencyConverterView.swift /Users/rogerlin/XCode-Projects/FinancialCalculatorKit-5.0-updated-accent-colors/FinancialCalculatorKit/Views/Calculator/CustomScientificKeyboard.swift /Users/rogerlin/XCode-Projects/FinancialCalculatorKit-5.0-updated-accent-colors/FinancialCalculatorKit/Views/Calculator/DepreciationCalculatorView.swift /Users/rogerlin/XCode-Projects/FinancialCalculatorKit-5.0-updated-accent-colors/FinancialCalculatorKit/Views/Calculator/DocumentListView.swift /Users/rogerlin/XCode-Projects/FinancialCalculatorKit-5.0-updated-accent-colors/FinancialCalculatorKit/Views/Calculator/EquityValuationView.swift /Users/rogerlin/XCode-Projects/FinancialCalculatorKit-5.0-updated-accent-colors/FinancialCalculatorKit/Views/Calculator/FixedIncomeAnalyticsView.swift /Users/rogerlin/XCode-Projects/FinancialCalculatorKit-5.0-updated-accent-colors/FinancialCalculatorKit/Views/Calculator/FormulaLibraryView.swift /Users/rogerlin/XCode-Projects/FinancialCalculatorKit-5.0-updated-accent-colors/FinancialCalculatorKit/Views/Calculator/ForwardsCalculatorView.swift /Users/rogerlin/XCode-Projects/FinancialCalculatorKit-5.0-updated-accent-colors/FinancialCalculatorKit/Views/Calculator/FuturesCalculatorView.swift /Users/rogerlin/XCode-Projects/FinancialCalculatorKit-5.0-updated-accent-colors/FinancialCalculatorKit/Views/Calculator/FutureValueView.swift /Users/rogerlin/XCode-Projects/FinancialCalculatorKit-5.0-updated-accent-colors/FinancialCalculatorKit/Views/Calculator/HighPrecisionCalculatorView.swift /Users/rogerlin/XCode-Projects/FinancialCalculatorKit-5.0-updated-accent-colors/FinancialCalculatorKit/Views/Calculator/InvestmentCalculatorView.swift /Users/rogerlin/XCode-Projects/FinancialCalculatorKit-5.0-updated-accent-colors/FinancialCalculatorKit/Views/Calculator/LoanCalculatorView.swift /Users/rogerlin/XCode-Projects/FinancialCalculatorKit-5.0-updated-accent-colors/FinancialCalculatorKit/Views/Calculator/LoanResultView.swift /Users/rogerlin/XCode-Projects/FinancialCalculatorKit-5.0-updated-accent-colors/FinancialCalculatorKit/Views/Calculator/MathExpressionCalculatorView.swift /Users/rogerlin/XCode-Projects/FinancialCalculatorKit-5.0-updated-accent-colors/FinancialCalculatorKit/Views/Calculator/OptionsCalculatorView.swift /Users/rogerlin/XCode-Projects/FinancialCalculatorKit-5.0-updated-accent-colors/FinancialCalculatorKit/Views/Calculator/OptionsStrategiesView.swift /Users/rogerlin/XCode-Projects/FinancialCalculatorKit-5.0-updated-accent-colors/FinancialCalculatorKit/Views/Calculator/PlaceholderViews.swift /Users/rogerlin/XCode-Projects/FinancialCalculatorKit-5.0-updated-accent-colors/FinancialCalculatorKit/Views/Calculator/PortfolioOptimizationView.swift /Users/rogerlin/XCode-Projects/FinancialCalculatorKit-5.0-updated-accent-colors/FinancialCalculatorKit/Views/Calculator/PrecisionDemoView.swift /Users/rogerlin/XCode-Projects/FinancialCalculatorKit-5.0-updated-accent-colors/FinancialCalculatorKit/Views/Calculator/RiskManagementView.swift /Users/rogerlin/XCode-Projects/FinancialCalculatorKit-5.0-updated-accent-colors/FinancialCalculatorKit/Views/Calculator/ScientificCalculatorView.swift /Users/rogerlin/XCode-Projects/FinancialCalculatorKit-5.0-updated-accent-colors/FinancialCalculatorKit/Views/Calculator/SwapsCalculatorView.swift /Users/rogerlin/XCode-Projects/FinancialCalculatorKit-5.0-updated-accent-colors/FinancialCalculatorKit/Views/Calculator/TemplateViews.swift /Users/rogerlin/XCode-Projects/FinancialCalculatorKit-5.0-updated-accent-colors/FinancialCalculatorKit/Views/Calculator/TickerHistoryView.swift /Users/rogerlin/XCode-Projects/FinancialCalculatorKit-5.0-updated-accent-colors/FinancialCalculatorKit/Views/Calculator/TimeValueCalculatorView.swift /Users/rogerlin/XCode-Projects/FinancialCalculatorKit-5.0-updated-accent-colors/FinancialCalculatorKit/Views/Calculator/TimeValueResultView.swift /Users/rogerlin/XCode-Projects/FinancialCalculatorKit-5.0-updated-accent-colors/FinancialCalculatorKit/Views/Calculator/UnitConverterView.swift /Users/rogerlin/XCode-Projects/FinancialCalculatorKit-5.0-updated-accent-colors/FinancialCalculatorKit/Views/Calculator/VariableManagementView.swift /Users/rogerlin/XCode-Projects/FinancialCalculatorKit-5.0-updated-accent-colors/FinancialCalculatorKit/Views/Charts/FinancialChartView.swift /Users/rogerlin/XCode-Projects/FinancialCalculatorKit-5.0-updated-accent-colors/FinancialCalculatorKit/Views/Charts/InteractiveFinancialCharts.swift /Users/rogerlin/XCode-Projects/FinancialCalculatorKit-5.0-updated-accent-colors/FinancialCalculatorKit/Views/Components/DetailRow.swift /Users/rogerlin/XCode-Projects/FinancialCalculatorKit-5.0-updated-accent-colors/FinancialCalculatorKit/Views/Components/DynamicInputSection.swift /Users/rogerlin/XCode-Projects/FinancialCalculatorKit-5.0-updated-accent-colors/FinancialCalculatorKit/Views/Components/EnhancedInputFields.swift /Users/rogerlin/XCode-Projects/FinancialCalculatorKit-5.0-updated-accent-colors/FinancialCalculatorKit/Views/Components/FinancialStyles.swift /Users/rogerlin/XCode-Projects/FinancialCalculatorKit-5.0-updated-accent-colors/FinancialCalculatorKit/Views/Components/InputFieldView.swift /Users/rogerlin/XCode-Projects/FinancialCalculatorKit-5.0-updated-accent-colors/FinancialCalculatorKit/Views/Components/InteractiveDataTables.swift /Users/rogerlin/XCode-Projects/FinancialCalculatorKit-5.0-updated-accent-colors/FinancialCalculatorKit/Views/Components/LoadingResultView.swift /Users/rogerlin/XCode-Projects/FinancialCalculatorKit-5.0-updated-accent-colors/FinancialCalculatorKit/Views/Components/NumbersOnlyViewModifier.swift /Users/rogerlin/XCode-Projects/FinancialCalculatorKit-5.0-updated-accent-colors/FinancialCalculatorKit/Views/Components/ResultDisplayView.swift /Users/rogerlin/XCode-Projects/FinancialCalculatorKit-5.0-updated-accent-colors/FinancialCalculatorKit/Views/Components/StatusIndicator.swift /Users/rogerlin/XCode-Projects/FinancialCalculatorKit-5.0-updated-accent-colors/FinancialCalculatorKit/Views/Components/ValidationSummaryView.swift /Users/rogerlin/XCode-Projects/FinancialCalculatorKit-5.0-updated-accent-colors/FinancialCalculatorKit/Views/FRED/FREDDataView.swift /Users/rogerlin/XCode-Projects/FinancialCalculatorKit-5.0-updated-accent-colors/FinancialCalculatorKit/Views/Reference/FormulaReferenceView.swift /Users/rogerlin/XCode-Projects/FinancialCalculatorKit-5.0-updated-accent-colors/FinancialCalculatorKit/Views/Reference/FormulaVariableView.swift /Users/rogerlin/XCode-Projects/FinancialCalculatorKit-5.0-updated-accent-colors/FinancialCalculatorKit/Views/Reference/FormulaVariantView.swift /Users/rogerlin/XCode-Projects/FinancialCalculatorKit-5.0-updated-accent-colors/FinancialCalculatorKit/ContentView.swift /Users/rogerlin/XCode-Projects/FinancialCalculatorKit-5.0-updated-accent-colors/FinancialCalculatorKit/FinancialCalculatorKitApp.swift /Users/rogerlin/XCode-Projects/FinancialCalculatorKit-5.0-updated-accent-colors/FinancialCalculatorKit/Item.swift /Users/rogerlin/Library/Developer/Xcode/DerivedData/FinancialCalculatorKit-ackorybalcxbfocbkqsfdzcfkgmn/Build/Intermediates.noindex/FinancialCalculatorKit.build/Debug/FinancialCalculatorKit.build/DerivedSources/GeneratedAssetSymbols.swift -supplementary-output-file-map /Users/rogerlin/Library/Developer/Xcode/DerivedData/FinancialCalculatorKit-ackorybalcxbfocbkqsfdzcfkgmn/Build/Intermediates.noindex/FinancialCalculatorKit.build/Debug/FinancialCalculatorKit.build/Objects-normal/arm64/supplementaryOutputs-54 -emit-localized-strings -emit-localized-strings-path /Users/rogerlin/Library/Developer/Xcode/DerivedData/FinancialCalculatorKit-ackorybalcxbfocbkqsfdzcfkgmn/Build/Intermediates.noindex/FinancialCalculatorKit.build/Debug/FinancialCalculatorKit.build/Objects-normal/arm64 -target arm64-apple-macos14.0 -module-can-import-version AppKit 2685.20.119 2685.20.119 -module-can-import-version DeveloperToolsSupport 23.0.4 23.0.4 -module-can-import-version SwiftUI 7.1.13.1 7.1.13 -disable-cross-import-overlay-search -swift-module-cross-import SwiftData /Applications/Xcode.app/Contents/Developer/Platforms/MacOSX.platform/Developer/SDKs/MacOSX26.1.sdk/System/Library/Frameworks/SwiftData.framework/Modules/SwiftData.swiftcrossimport/CoreData.swiftoverlay -swift-module-cross-import SwiftData /Applications/Xcode.app/Contents/Developer/Platforms/MacOSX.platform/Developer/SDKs/MacOSX26.1.sdk/System/Library/Frameworks/SwiftData.framework/Modules/SwiftData.swiftcrossimport/SwiftUI.swiftoverlay -load-resolved-plugin \#/Users/rogerlin/Library/Developer/Xcode/DerivedData/FinancialCalculatorKit-ackorybalcxbfocbkqsfdzcfkgmn/Build/Products/Debug/CasePathsMacros\#CasePathsMacros -load-resolved-plugin /Applications/Xcode.app/Contents/Developer/Platforms/MacOSX.platform/Developer/usr/lib/swift/host/plugins/libFoundationMacros.dylib\#/Applications/Xcode.app/Contents/Developer/Platforms/MacOSX.platform/Developer/usr/bin/swift-plugin-server\#FoundationMacros -load-resolved-plugin /Applications/Xcode.app/Contents/Developer/Platforms/MacOSX.platform/Developer/usr/lib/swift/host/plugins/libObservationMacros.dylib\#/Applications/Xcode.app/Contents/Developer/Platforms/MacOSX.platform/Developer/usr/bin/swift-plugin-server\#ObservationMacros -load-resolved-plugin /Applications/Xcode.app/Contents/Developer/Platforms/MacOSX.platform/Developer/usr/lib/swift/host/plugins/libPreviewsMacros.dylib\#/Applications/Xcode.app/Contents/Developer/Platforms/MacOSX.platform/Developer/usr/bin/swift-plugin-server\#PreviewsMacros -load-resolved-plugin /Applications/Xcode.app/Contents/Developer/Platforms/MacOSX.platform/Developer/usr/lib/swift/host/plugins/libSwiftDataMacros.dylib\#/Applications/Xcode.app/Contents/Developer/Platforms/MacOSX.platform/Developer/usr/bin/swift-plugin-server\#SwiftDataMacros -load-resolved-plugin /Applications/Xcode.app/Contents/Developer/Platforms/MacOSX.platform/Developer/usr/lib/swift/host/plugins/libSwiftMacros.dylib\#/Applications/Xcode.app/Contents/Developer/Platforms/MacOSX.platform/Developer/usr/bin/swift-plugin-server\#SwiftMacros -load-resolved-plugin /Applications/Xcode.app/Contents/Developer/Platforms/MacOSX.platform/Developer/usr/lib/swift/host/plugins/libSwiftUIMacros.dylib\#/Applications/Xcode.app/Contents/Developer/Platforms/MacOSX.platform/Developer/usr/bin/swift-plugin-server\#SwiftUIMacros -disable-implicit-swift-modules -Xcc -fno-implicit-modules -Xcc -fno-implicit-module-maps -explicit-swift-module-map-file /Users/rogerlin/Library/Developer/Xcode/DerivedData/FinancialCalculatorKit-ackorybalcxbfocbkqsfdzcfkgmn/Build/Intermediates.noindex/FinancialCalculatorKit.build/Debug/FinancialCalculatorKit.build/Objects-normal/arm64/FinancialCalculatorKit-dependencies-1.json -Xllvm -aarch64-use-tbi -enable-objc-interop -stack-check -sdk /Applications/Xcode.app/Contents/Developer/Platforms/MacOSX.platform/Developer/SDKs/MacOSX26.1.sdk -I /Users/rogerlin/Library/Developer/Xcode/DerivedData/FinancialCalculatorKit-ackorybalcxbfocbkqsfdzcfkgmn/Build/Products/Debug -F /Users/rogerlin/Library/Developer/Xcode/DerivedData/FinancialCalculatorKit-ackorybalcxbfocbkqsfdzcfkgmn/Build/Products/Debug/PackageFrameworks -F /Users/rogerlin/Library/Developer/Xcode/DerivedData/FinancialCalculatorKit-ackorybalcxbfocbkqsfdzcfkgmn/Build/Products/Debug/PackageFrameworks -F /Users/rogerlin/Library/Developer/Xcode/DerivedData/FinancialCalculatorKit-ackorybalcxbfocbkqsfdzcfkgmn/Build/Products/Debug/PackageFrameworks -F /Users/rogerlin/Library/Developer/Xcode/DerivedData/FinancialCalculatorKit-ackorybalcxbfocbkqsfdzcfkgmn/Build/Products/Debug/PackageFrameworks -F /Users/rogerlin/Library/Developer/Xcode/DerivedData/FinancialCalculatorKit-ackorybalcxbfocbkqsfdzcfkgmn/Build/Products/Debug/PackageFrameworks -F /Users/rogerlin/Library/Developer/Xcode/DerivedData/FinancialCalculatorKit-ackorybalcxbfocbkqsfdzcfkgmn/Build/Products/Debug/PackageFrameworks -F /Users/rogerlin/Library/Developer/Xcode/DerivedData/FinancialCalculatorKit-ackorybalcxbfocbkqsfdzcfkgmn/Build/Products/Debug/PackageFrameworks -F /Users/rogerlin/Library/Developer/Xcode/DerivedData/FinancialCalculatorKit-ackorybalcxbfocbkqsfdzcfkgmn/Build/Products/Debug/PackageFrameworks -F /Users/rogerlin/Library/Developer/Xcode/DerivedData/FinancialCalculatorKit-ackorybalcxbfocbkqsfdzcfkgmn/Build/Products/Debug/PackageFrameworks -F /Users/rogerlin/Library/Developer/Xcode/DerivedData/FinancialCalculatorKit-ackorybalcxbfocbkqsfdzcfkgmn/Build/Products/Debug/PackageFrameworks -F /Users/rogerlin/Library/Developer/Xcode/DerivedData/FinancialCalculatorKit-ackorybalcxbfocbkqsfdzcfkgmn/Build/Products/Debug/PackageFrameworks -F /Users/rogerlin/Library/Developer/Xcode/DerivedData/FinancialCalculatorKit-ackorybalcxbfocbkqsfdzcfkgmn/Build/Products/Debug/PackageFrameworks -F /Users/rogerlin/Library/Developer/Xcode/DerivedData/FinancialCalculatorKit-ackorybalcxbfocbkqsfdzcfkgmn/Build/Products/Debug/PackageFrameworks -F /Users/rogerlin/Library/Developer/Xcode/DerivedData/FinancialCalculatorKit-ackorybalcxbfocbkqsfdzcfkgmn/Build/Products/Debug/PackageFrameworks -F /Users/rogerlin/Library/Developer/Xcode/DerivedData/FinancialCalculatorKit-ackorybalcxbfocbkqsfdzcfkgmn/Build/Products/Debug/PackageFrameworks -F /Users/rogerlin/Library/Developer/Xcode/DerivedData/FinancialCalculatorKit-ackorybalcxbfocbkqsfdzcfkgmn/Build/Products/Debug/PackageFrameworks -F /Users/rogerlin/Library/Developer/Xcode/DerivedData/FinancialCalculatorKit-ackorybalcxbfocbkqsfdzcfkgmn/Build/Products/Debug/PackageFrameworks -F /Users/rogerlin/Library/Developer/Xcode/DerivedData/FinancialCalculatorKit-ackorybalcxbfocbkqsfdzcfkgmn/Build/Products/Debug/PackageFrameworks -F /Users/rogerlin/Library/Developer/Xcode/DerivedData/FinancialCalculatorKit-ackorybalcxbfocbkqsfdzcfkgmn/Build/Products/Debug/PackageFrameworks -F /Users/rogerlin/Library/Developer/Xcode/DerivedData/FinancialCalculatorKit-ackorybalcxbfocbkqsfdzcfkgmn/Build/Products/Debug -no-color-diagnostics -Xcc -fno-color-diagnostics -enable-testing -g -debug-info-format\=dwarf -dwarf-version\=4 -module-cache-path /Users/rogerlin/Library/Developer/Xcode/DerivedData/FinancialCalculatorKit-ackorybalcxbfocbkqsfdzcfkgmn/Build/Intermediates.noindex/SwiftExplicitPrecompiledModules -profile-generate -profile-coverage-mapping -swift-version 5 -enforce-exclusivity\=checked -Onone -D DEBUG -serialize-debugging-options -load-plugin-executable /Users/rogerlin/Library/Developer/Xcode/DerivedData/FinancialCalculatorKit-ackorybalcxbfocbkqsfdzcfkgmn/Build/Products/Debug/CasePathsMacros\#CasePathsMacros -const-gather-protocols-file /Users/rogerlin/Library/Developer/Xcode/DerivedData/FinancialCalculatorKit-ackorybalcxbfocbkqsfdzcfkgmn/Build/Intermediates.noindex/FinancialCalculatorKit.build/Debug/FinancialCalculatorKit.build/Objects-normal/arm64/FinancialCalculatorKit_const_extract_protocols.json -enable-experimental-feature DebugDescriptionMacro -enable-bare-slash-regex -empty-abi-descriptor -validate-clang-modules-once -clang-build-session-file /Users/rogerlin/Library/Developer/Xcode/DerivedData/ModuleCache.noindex/Session.modulevalidation -Xcc -working-directory -Xcc /Users/rogerlin/XCode-Projects/FinancialCalculatorKit-5.0-updated-accent-colors -enable-anonymous-context-mangled-names -file-compilation-dir /Users/rogerlin/XCode-Projects/FinancialCalculatorKit-5.0-updated-accent-colors -Xcc -D_LIBCPP_HARDENING_MODE\=_LIBCPP_HARDENING_MODE_DEBUG -Xcc -ivfsstatcache -Xcc /Users/rogerlin/Library/Developer/Xcode/DerivedData/SDKStatCaches.noindex/macosx26.1-25B74-3ae1261907bdadc328169391a47051a6.sdkstatcache -Xcc -I/Users/rogerlin/Library/Developer/Xcode/DerivedData/FinancialCalculatorKit-ackorybalcxbfocbkqsfdzcfkgmn/Build/Intermediates.noindex/FinancialCalculatorKit.build/Debug/FinancialCalculatorKit.build/swift-overrides.hmap -Xcc -iquote -Xcc /Users/rogerlin/Library/Developer/Xcode/DerivedData/FinancialCalculatorKit-ackorybalcxbfocbkqsfdzcfkgmn/Build/Intermediates.noindex/FinancialCalculatorKit.build/Debug/FinancialCalculatorKit.build/FinancialCalculatorKit-generated-files.hmap -Xcc -I/Users/rogerlin/Library/Developer/Xcode/DerivedData/FinancialCalculatorKit-ackorybalcxbfocbkqsfdzcfkgmn/Build/Intermediates.noindex/FinancialCalculatorKit.build/Debug/FinancialCalculatorKit.build/FinancialCalculatorKit-own-target-headers.hmap -Xcc -I/Users/rogerlin/Library/Developer/Xcode/DerivedData/FinancialCalculatorKit-ackorybalcxbfocbkqsfdzcfkgmn/Build/Intermediates.noindex/FinancialCalculatorKit.build/Debug/FinancialCalculatorKit.build/FinancialCalculatorKit-all-non-framework-target-headers.hmap -Xcc -ivfsoverlay -Xcc /Users/rogerlin/Library/Developer/Xcode/DerivedData/FinancialCalculatorKit-ackorybalcxbfocbkqsfdzcfkgmn/Build/Intermediates.noindex/FinancialCalculatorKit.build/Debug/FinancialCalculatorKit-b796aaad08c4b307251b75ea7c01aae2-VFS/all-product-headers.yaml -Xcc -iquote -Xcc /Users/rogerlin/Library/Developer/Xcode/DerivedData/FinancialCalculatorKit-ackorybalcxbfocbkqsfdzcfkgmn/Build/Intermediates.noindex/FinancialCalculatorKit.build/Debug/FinancialCalculatorKit.build/FinancialCalculatorKit-project-headers.hmap -Xcc -I/Users/rogerlin/Library/Developer/Xcode/DerivedData/FinancialCalculatorKit-ackorybalcxbfocbkqsfdzcfkgmn/SourcePackages/checkouts/swift-numerics/Sources/_NumericsShims/include -Xcc -I/Users/rogerlin/Library/Developer/Xcode/DerivedData/FinancialCalculatorKit-ackorybalcxbfocbkqsfdzcfkgmn/Build/Products/Debug/include -Xcc -I/Users/rogerlin/Library/Developer/Xcode/DerivedData/FinancialCalculatorKit-ackorybalcxbfocbkqsfdzcfkgmn/Build/Intermediates.noindex/FinancialCalculatorKit.build/Debug/FinancialCalculatorKit.build/DerivedSources-normal/arm64 -Xcc -I/Users/rogerlin/Library/Developer/Xcode/DerivedData/FinancialCalculatorKit-ackorybalcxbfocbkqsfdzcfkgmn/Build/Intermediates.noindex/FinancialCalculatorKit.build/Debug/FinancialCalculatorKit.build/DerivedSources/arm64 -Xcc -I/Users/rogerlin/Library/Developer/Xcode/DerivedData/FinancialCalculatorKit-ackorybalcxbfocbkqsfdzcfkgmn/Build/Intermediates.noindex/FinancialCalculatorKit.build/Debug/FinancialCalculatorKit.build/DerivedSources -Xcc -DDEBUG\=1 -no-auto-bridging-header-chaining -module-name FinancialCalculatorKit -frontend-parseable-output -disable-clang-spi -target-sdk-version 26.1 -target-sdk-name macosx26.1 -clang-target arm64-apple-macos26.1 -in-process-plugin-server-path /Applications/Xcode.app/Contents/Developer/Toolchains/XcodeDefault.xctoolchain/usr/lib/swift/host/libSwiftInProcPluginServer.dylib -o /Users/rogerlin/Library/Developer/Xcode/DerivedData/FinancialCalculatorKit-ackorybalcxbfocbkqsfdzcfkgmn/Build/Intermediates.noindex/FinancialCalculatorKit.build/Debug/FinancialCalculatorKit.build/Objects-normal/arm64/AdvancedOptionsPricingEngine.o -o /Users/rogerlin/Library/Developer/Xcode/DerivedData/FinancialCalculatorKit-ackorybalcxbfocbkqsfdzcfkgmn/Build/Intermediates.noindex/FinancialCalculatorKit.build/Debug/FinancialCalculatorKit.build/Objects-normal/arm64/AdvancedExpressionParser.o -o /Users/rogerlin/Library/Developer/Xcode/DerivedData/FinancialCalculatorKit-ackorybalcxbfocbkqsfdzcfkgmn/Build/Intermediates.noindex/FinancialCalculatorKit.build/Debug/FinancialCalculatorKit.build/Objects-normal/arm64/AdvancedIRRCalculator.o -o /Users/rogerlin/Library/Developer/Xcode/DerivedData/FinancialCalculatorKit-ackorybalcxbfocbkqsfdzcfkgmn/Build/Intermediates.noindex/FinancialCalculatorKit.build/Debug/FinancialCalculatorKit.build/Objects-normal/arm64/AdvancedMathFunctions.o -o /Users/rogerlin/Library/Developer/Xcode/DerivedData/FinancialCalculatorKit-ackorybalcxbfocbkqsfdzcfkgmn/Build/Intermediates.noindex/FinancialCalculatorKit.build/Debug/FinancialCalculatorKit.build/Objects-normal/arm64/CalculationEngine.o -o /Users/rogerlin/Library/Developer/Xcode/DerivedData/FinancialCalculatorKit-ackorybalcxbfocbkqsfdzcfkgmn/Build/Intermediates.noindex/FinancialCalculatorKit.build/Debug/FinancialCalculatorKit.build/Objects-normal/arm64/CSVHelper.o -o /Users/rogerlin/Library/Developer/Xcode/DerivedData/FinancialCalculatorKit-ackorybalcxbfocbkqsfdzcfkgmn/Build/Intermediates.noindex/FinancialCalculatorKit.build/Debug/FinancialCalculatorKit.build/Objects-normal/arm64/CurrencyConversionService.o -index-unit-output-path /FinancialCalculatorKit.build/Debug/FinancialCalculatorKit.build/Objects-normal/arm64/AdvancedOptionsPricingEngine.o -index-unit-output-path /FinancialCalculatorKit.build/Debug/FinancialCalculatorKit.build/Objects-normal/arm64/AdvancedExpressionParser.o -index-unit-output-path /FinancialCalculatorKit.build/Debug/FinancialCalculatorKit.build/Objects-normal/arm64/AdvancedIRRCalculator.o -index-unit-output-path /FinancialCalculatorKit.build/Debug/FinancialCalculatorKit.build/Objects-normal/arm64/AdvancedMathFunctions.o -index-unit-output-path /FinancialCalculatorKit.build/Debug/FinancialCalculatorKit.build/Objects-normal/arm64/CalculationEngine.o -index-unit-output-path /FinancialCalculatorKit.build/Debug/FinancialCalculatorKit.build/Objects-normal/arm64/CSVHelper.o -index-unit-output-path /FinancialCalculatorKit.build/Debug/FinancialCalculatorKit.build/Objects-normal/arm64/CurrencyConversionService.o -index-store-path /Users/rogerlin/Library/Developer/Xcode/DerivedData/FinancialCalculatorKit-ackorybalcxbfocbkqsfdzcfkgmn/Index.noindex/DataStore -index-system-modules

SwiftCompile normal arm64 /Users/rogerlin/XCode-Projects/FinancialCalculatorKit-5.0-updated-accent-colors/FinancialCalculatorKit/Services/Options/AdvancedOptionsPricingEngine.swift (in target 'FinancialCalculatorKit' from project 'FinancialCalculatorKit')
    cd /Users/rogerlin/XCode-Projects/FinancialCalculatorKit-5.0-updated-accent-colors
    
/Users/rogerlin/XCode-Projects/FinancialCalculatorKit-5.0-updated-accent-colors/FinancialCalculatorKit/Services/CalculationEngine.swift:1429:11: warning: left side of nil coalescing operator '??' has non-optional type 'Double', so the right side is never used
        ) ?? 0
~~~~~~~~~~^~~~
         
/Users/rogerlin/XCode-Projects/FinancialCalculatorKit-5.0-updated-accent-colors/FinancialCalculatorKit/Services/CalculationEngine.swift:1408:13: warning: immutable value 'year' was never used; consider replacing with '_' or removing it
        for year in 1...Int(holdingPeriod) {
            ^~~~
            _
/Users/rogerlin/XCode-Projects/FinancialCalculatorKit-5.0-updated-accent-colors/FinancialCalculatorKit/Services/CalculationEngine.swift:1608:28: warning: capture of 'solveFor' with non-Sendable type 'TimeValueVariable' in a '@Sendable' closure
                    switch solveFor {
                           ^
/Users/rogerlin/XCode-Projects/FinancialCalculatorKit-5.0-updated-accent-colors/FinancialCalculatorKit/Models/Enums/TimeValueVariable.swift:11:13: note: consider making enum 'TimeValueVariable' conform to the 'Sendable' protocol
public enum TimeValueVariable: String, CaseIterable, Identifiable {
            ^
                                                                 , Sendable
/Users/rogerlin/XCode-Projects/FinancialCalculatorKit-5.0-updated-accent-colors/FinancialCalculatorKit/Services/CalculationEngine.swift:1668:51: warning: capture of 'paymentFrequency' with non-Sendable type 'PaymentFrequency' in a '@Sendable' closure
                        result = periods / Double(paymentFrequency.periodsPerYear)
                                                  ^
/Users/rogerlin/XCode-Projects/FinancialCalculatorKit-5.0-updated-accent-colors/FinancialCalculatorKit/Models/Enums/PaymentFrequency.swift:11:13: note: consider making enum 'PaymentFrequency' conform to the 'Sendable' protocol
public enum PaymentFrequency: String, CaseIterable, Identifiable, Codable {
            ^
                                                                         , Sendable
/Users/rogerlin/XCode-Projects/FinancialCalculatorKit-5.0-updated-accent-colors/FinancialCalculatorKit/Services/CalculationEngine.swift:1806:19: warning: 'catch' block is unreachable because no errors are thrown in 'do' block
                } catch {
                  ^

SwiftCompile normal arm64 /Users/rogerlin/XCode-Projects/FinancialCalculatorKit-5.0-updated-accent-colors/FinancialCalculatorKit/Services/AdvancedExpressionParser.swift (in target 'FinancialCalculatorKit' from project 'FinancialCalculatorKit')
    cd /Users/rogerlin/XCode-Projects/FinancialCalculatorKit-5.0-updated-accent-colors
    
/Users/rogerlin/XCode-Projects/FinancialCalculatorKit-5.0-updated-accent-colors/FinancialCalculatorKit/Services/CalculationEngine.swift:1429:11: warning: left side of nil coalescing operator '??' has non-optional type 'Double', so the right side is never used
        ) ?? 0
~~~~~~~~~~^~~~
         
/Users/rogerlin/XCode-Projects/FinancialCalculatorKit-5.0-updated-accent-colors/FinancialCalculatorKit/Services/CalculationEngine.swift:1408:13: warning: immutable value 'year' was never used; consider replacing with '_' or removing it
        for year in 1...Int(holdingPeriod) {
            ^~~~
            _
/Users/rogerlin/XCode-Projects/FinancialCalculatorKit-5.0-updated-accent-colors/FinancialCalculatorKit/Services/CalculationEngine.swift:1608:28: warning: capture of 'solveFor' with non-Sendable type 'TimeValueVariable' in a '@Sendable' closure
                    switch solveFor {
                           ^
/Users/rogerlin/XCode-Projects/FinancialCalculatorKit-5.0-updated-accent-colors/FinancialCalculatorKit/Models/Enums/TimeValueVariable.swift:11:13: note: consider making enum 'TimeValueVariable' conform to the 'Sendable' protocol
public enum TimeValueVariable: String, CaseIterable, Identifiable {
            ^
                                                                 , Sendable
/Users/rogerlin/XCode-Projects/FinancialCalculatorKit-5.0-updated-accent-colors/FinancialCalculatorKit/Services/CalculationEngine.swift:1668:51: warning: capture of 'paymentFrequency' with non-Sendable type 'PaymentFrequency' in a '@Sendable' closure
                        result = periods / Double(paymentFrequency.periodsPerYear)
                                                  ^
/Users/rogerlin/XCode-Projects/FinancialCalculatorKit-5.0-updated-accent-colors/FinancialCalculatorKit/Models/Enums/PaymentFrequency.swift:11:13: note: consider making enum 'PaymentFrequency' conform to the 'Sendable' protocol
public enum PaymentFrequency: String, CaseIterable, Identifiable, Codable {
            ^
                                                                         , Sendable
/Users/rogerlin/XCode-Projects/FinancialCalculatorKit-5.0-updated-accent-colors/FinancialCalculatorKit/Services/CalculationEngine.swift:1806:19: warning: 'catch' block is unreachable because no errors are thrown in 'do' block
                } catch {
                  ^

SwiftCompile normal arm64 /Users/rogerlin/XCode-Projects/FinancialCalculatorKit-5.0-updated-accent-colors/FinancialCalculatorKit/Services/AdvancedIRRCalculator.swift (in target 'FinancialCalculatorKit' from project 'FinancialCalculatorKit')
    cd /Users/rogerlin/XCode-Projects/FinancialCalculatorKit-5.0-updated-accent-colors
    
/Users/rogerlin/XCode-Projects/FinancialCalculatorKit-5.0-updated-accent-colors/FinancialCalculatorKit/Services/CalculationEngine.swift:1429:11: warning: left side of nil coalescing operator '??' has non-optional type 'Double', so the right side is never used
        ) ?? 0
~~~~~~~~~~^~~~
         
/Users/rogerlin/XCode-Projects/FinancialCalculatorKit-5.0-updated-accent-colors/FinancialCalculatorKit/Services/CalculationEngine.swift:1408:13: warning: immutable value 'year' was never used; consider replacing with '_' or removing it
        for year in 1...Int(holdingPeriod) {
            ^~~~
            _
/Users/rogerlin/XCode-Projects/FinancialCalculatorKit-5.0-updated-accent-colors/FinancialCalculatorKit/Services/CalculationEngine.swift:1608:28: warning: capture of 'solveFor' with non-Sendable type 'TimeValueVariable' in a '@Sendable' closure
                    switch solveFor {
                           ^
/Users/rogerlin/XCode-Projects/FinancialCalculatorKit-5.0-updated-accent-colors/FinancialCalculatorKit/Models/Enums/TimeValueVariable.swift:11:13: note: consider making enum 'TimeValueVariable' conform to the 'Sendable' protocol
public enum TimeValueVariable: String, CaseIterable, Identifiable {
            ^
                                                                 , Sendable
/Users/rogerlin/XCode-Projects/FinancialCalculatorKit-5.0-updated-accent-colors/FinancialCalculatorKit/Services/CalculationEngine.swift:1668:51: warning: capture of 'paymentFrequency' with non-Sendable type 'PaymentFrequency' in a '@Sendable' closure
                        result = periods / Double(paymentFrequency.periodsPerYear)
                                                  ^
/Users/rogerlin/XCode-Projects/FinancialCalculatorKit-5.0-updated-accent-colors/FinancialCalculatorKit/Models/Enums/PaymentFrequency.swift:11:13: note: consider making enum 'PaymentFrequency' conform to the 'Sendable' protocol
public enum PaymentFrequency: String, CaseIterable, Identifiable, Codable {
            ^
                                                                         , Sendable
/Users/rogerlin/XCode-Projects/FinancialCalculatorKit-5.0-updated-accent-colors/FinancialCalculatorKit/Services/CalculationEngine.swift:1806:19: warning: 'catch' block is unreachable because no errors are thrown in 'do' block
                } catch {
                  ^

SwiftCompile normal arm64 /Users/rogerlin/XCode-Projects/FinancialCalculatorKit-5.0-updated-accent-colors/FinancialCalculatorKit/Services/AdvancedMathFunctions.swift (in target 'FinancialCalculatorKit' from project 'FinancialCalculatorKit')
    cd /Users/rogerlin/XCode-Projects/FinancialCalculatorKit-5.0-updated-accent-colors
    
/Users/rogerlin/XCode-Projects/FinancialCalculatorKit-5.0-updated-accent-colors/FinancialCalculatorKit/Services/CalculationEngine.swift:1429:11: warning: left side of nil coalescing operator '??' has non-optional type 'Double', so the right side is never used
        ) ?? 0
~~~~~~~~~~^~~~
         
/Users/rogerlin/XCode-Projects/FinancialCalculatorKit-5.0-updated-accent-colors/FinancialCalculatorKit/Services/CalculationEngine.swift:1408:13: warning: immutable value 'year' was never used; consider replacing with '_' or removing it
        for year in 1...Int(holdingPeriod) {
            ^~~~
            _
/Users/rogerlin/XCode-Projects/FinancialCalculatorKit-5.0-updated-accent-colors/FinancialCalculatorKit/Services/CalculationEngine.swift:1608:28: warning: capture of 'solveFor' with non-Sendable type 'TimeValueVariable' in a '@Sendable' closure
                    switch solveFor {
                           ^
/Users/rogerlin/XCode-Projects/FinancialCalculatorKit-5.0-updated-accent-colors/FinancialCalculatorKit/Models/Enums/TimeValueVariable.swift:11:13: note: consider making enum 'TimeValueVariable' conform to the 'Sendable' protocol
public enum TimeValueVariable: String, CaseIterable, Identifiable {
            ^
                                                                 , Sendable
/Users/rogerlin/XCode-Projects/FinancialCalculatorKit-5.0-updated-accent-colors/FinancialCalculatorKit/Services/CalculationEngine.swift:1668:51: warning: capture of 'paymentFrequency' with non-Sendable type 'PaymentFrequency' in a '@Sendable' closure
                        result = periods / Double(paymentFrequency.periodsPerYear)
                                                  ^
/Users/rogerlin/XCode-Projects/FinancialCalculatorKit-5.0-updated-accent-colors/FinancialCalculatorKit/Models/Enums/PaymentFrequency.swift:11:13: note: consider making enum 'PaymentFrequency' conform to the 'Sendable' protocol
public enum PaymentFrequency: String, CaseIterable, Identifiable, Codable {
            ^
                                                                         , Sendable
/Users/rogerlin/XCode-Projects/FinancialCalculatorKit-5.0-updated-accent-colors/FinancialCalculatorKit/Services/CalculationEngine.swift:1806:19: warning: 'catch' block is unreachable because no errors are thrown in 'do' block
                } catch {
                  ^

SwiftCompile normal arm64 /Users/rogerlin/XCode-Projects/FinancialCalculatorKit-5.0-updated-accent-colors/FinancialCalculatorKit/Services/CalculationEngine.swift (in target 'FinancialCalculatorKit' from project 'FinancialCalculatorKit')
    cd /Users/rogerlin/XCode-Projects/FinancialCalculatorKit-5.0-updated-accent-colors
    
/Users/rogerlin/XCode-Projects/FinancialCalculatorKit-5.0-updated-accent-colors/FinancialCalculatorKit/Services/CalculationEngine.swift:1429:11: warning: left side of nil coalescing operator '??' has non-optional type 'Double', so the right side is never used
        ) ?? 0
~~~~~~~~~~^~~~
         
/Users/rogerlin/XCode-Projects/FinancialCalculatorKit-5.0-updated-accent-colors/FinancialCalculatorKit/Services/CalculationEngine.swift:1408:13: warning: immutable value 'year' was never used; consider replacing with '_' or removing it
        for year in 1...Int(holdingPeriod) {
            ^~~~
            _
/Users/rogerlin/XCode-Projects/FinancialCalculatorKit-5.0-updated-accent-colors/FinancialCalculatorKit/Services/CalculationEngine.swift:1608:28: warning: capture of 'solveFor' with non-Sendable type 'TimeValueVariable' in a '@Sendable' closure
                    switch solveFor {
                           ^
/Users/rogerlin/XCode-Projects/FinancialCalculatorKit-5.0-updated-accent-colors/FinancialCalculatorKit/Models/Enums/TimeValueVariable.swift:11:13: note: consider making enum 'TimeValueVariable' conform to the 'Sendable' protocol
public enum TimeValueVariable: String, CaseIterable, Identifiable {
            ^
                                                                 , Sendable
/Users/rogerlin/XCode-Projects/FinancialCalculatorKit-5.0-updated-accent-colors/FinancialCalculatorKit/Services/CalculationEngine.swift:1668:51: warning: capture of 'paymentFrequency' with non-Sendable type 'PaymentFrequency' in a '@Sendable' closure
                        result = periods / Double(paymentFrequency.periodsPerYear)
                                                  ^
/Users/rogerlin/XCode-Projects/FinancialCalculatorKit-5.0-updated-accent-colors/FinancialCalculatorKit/Models/Enums/PaymentFrequency.swift:11:13: note: consider making enum 'PaymentFrequency' conform to the 'Sendable' protocol
public enum PaymentFrequency: String, CaseIterable, Identifiable, Codable {
            ^
                                                                         , Sendable
/Users/rogerlin/XCode-Projects/FinancialCalculatorKit-5.0-updated-accent-colors/FinancialCalculatorKit/Services/CalculationEngine.swift:1806:19: warning: 'catch' block is unreachable because no errors are thrown in 'do' block
                } catch {
                  ^

SwiftCompile normal arm64 /Users/rogerlin/XCode-Projects/FinancialCalculatorKit-5.0-updated-accent-colors/FinancialCalculatorKit/Services/CSVHelper.swift (in target 'FinancialCalculatorKit' from project 'FinancialCalculatorKit')
    cd /Users/rogerlin/XCode-Projects/FinancialCalculatorKit-5.0-updated-accent-colors
    
/Users/rogerlin/XCode-Projects/FinancialCalculatorKit-5.0-updated-accent-colors/FinancialCalculatorKit/Services/CalculationEngine.swift:1429:11: warning: left side of nil coalescing operator '??' has non-optional type 'Double', so the right side is never used
        ) ?? 0
~~~~~~~~~~^~~~
         
/Users/rogerlin/XCode-Projects/FinancialCalculatorKit-5.0-updated-accent-colors/FinancialCalculatorKit/Services/CalculationEngine.swift:1408:13: warning: immutable value 'year' was never used; consider replacing with '_' or removing it
        for year in 1...Int(holdingPeriod) {
            ^~~~
            _
/Users/rogerlin/XCode-Projects/FinancialCalculatorKit-5.0-updated-accent-colors/FinancialCalculatorKit/Services/CalculationEngine.swift:1608:28: warning: capture of 'solveFor' with non-Sendable type 'TimeValueVariable' in a '@Sendable' closure
                    switch solveFor {
                           ^
/Users/rogerlin/XCode-Projects/FinancialCalculatorKit-5.0-updated-accent-colors/FinancialCalculatorKit/Models/Enums/TimeValueVariable.swift:11:13: note: consider making enum 'TimeValueVariable' conform to the 'Sendable' protocol
public enum TimeValueVariable: String, CaseIterable, Identifiable {
            ^
                                                                 , Sendable
/Users/rogerlin/XCode-Projects/FinancialCalculatorKit-5.0-updated-accent-colors/FinancialCalculatorKit/Services/CalculationEngine.swift:1668:51: warning: capture of 'paymentFrequency' with non-Sendable type 'PaymentFrequency' in a '@Sendable' closure
                        result = periods / Double(paymentFrequency.periodsPerYear)
                                                  ^
/Users/rogerlin/XCode-Projects/FinancialCalculatorKit-5.0-updated-accent-colors/FinancialCalculatorKit/Models/Enums/PaymentFrequency.swift:11:13: note: consider making enum 'PaymentFrequency' conform to the 'Sendable' protocol
public enum PaymentFrequency: String, CaseIterable, Identifiable, Codable {
            ^
                                                                         , Sendable
/Users/rogerlin/XCode-Projects/FinancialCalculatorKit-5.0-updated-accent-colors/FinancialCalculatorKit/Services/CalculationEngine.swift:1806:19: warning: 'catch' block is unreachable because no errors are thrown in 'do' block
                } catch {
                  ^

SwiftCompile normal arm64 /Users/rogerlin/XCode-Projects/FinancialCalculatorKit-5.0-updated-accent-colors/FinancialCalculatorKit/Services/CurrencyConversionService.swift (in target 'FinancialCalculatorKit' from project 'FinancialCalculatorKit')
    cd /Users/rogerlin/XCode-Projects/FinancialCalculatorKit-5.0-updated-accent-colors
    
/Users/rogerlin/XCode-Projects/FinancialCalculatorKit-5.0-updated-accent-colors/FinancialCalculatorKit/Services/CalculationEngine.swift:1429:11: warning: left side of nil coalescing operator '??' has non-optional type 'Double', so the right side is never used
        ) ?? 0
~~~~~~~~~~^~~~
         
/Users/rogerlin/XCode-Projects/FinancialCalculatorKit-5.0-updated-accent-colors/FinancialCalculatorKit/Services/CalculationEngine.swift:1408:13: warning: immutable value 'year' was never used; consider replacing with '_' or removing it
        for year in 1...Int(holdingPeriod) {
            ^~~~
            _
/Users/rogerlin/XCode-Projects/FinancialCalculatorKit-5.0-updated-accent-colors/FinancialCalculatorKit/Services/CalculationEngine.swift:1608:28: warning: capture of 'solveFor' with non-Sendable type 'TimeValueVariable' in a '@Sendable' closure
                    switch solveFor {
                           ^
/Users/rogerlin/XCode-Projects/FinancialCalculatorKit-5.0-updated-accent-colors/FinancialCalculatorKit/Models/Enums/TimeValueVariable.swift:11:13: note: consider making enum 'TimeValueVariable' conform to the 'Sendable' protocol
public enum TimeValueVariable: String, CaseIterable, Identifiable {
            ^
                                                                 , Sendable
/Users/rogerlin/XCode-Projects/FinancialCalculatorKit-5.0-updated-accent-colors/FinancialCalculatorKit/Services/CalculationEngine.swift:1668:51: warning: capture of 'paymentFrequency' with non-Sendable type 'PaymentFrequency' in a '@Sendable' closure
                        result = periods / Double(paymentFrequency.periodsPerYear)
                                                  ^
/Users/rogerlin/XCode-Projects/FinancialCalculatorKit-5.0-updated-accent-colors/FinancialCalculatorKit/Models/Enums/PaymentFrequency.swift:11:13: note: consider making enum 'PaymentFrequency' conform to the 'Sendable' protocol
public enum PaymentFrequency: String, CaseIterable, Identifiable, Codable {
            ^
                                                                         , Sendable
/Users/rogerlin/XCode-Projects/FinancialCalculatorKit-5.0-updated-accent-colors/FinancialCalculatorKit/Services/CalculationEngine.swift:1806:19: warning: 'catch' block is unreachable because no errors are thrown in 'do' block
                } catch {
                  ^
/Users/rogerlin/XCode-Projects/FinancialCalculatorKit-5.0-updated-accent-colors/FinancialCalculatorKit/Services/CurrencyConversionService.swift:290:19: warning: value 'url' was defined but never used; consider replacing with boolean test
        guard let url = URL(string: urlString) else {
              ~~~~^~~~~~
                                               != nil

SwiftCompile normal arm64 Compiling\ LoanCalculation.swift,\ TimeValueCalculation.swift,\ CalculationType.swift,\ Currency.swift,\ LoanType.swift,\ PaymentFrequency.swift,\ TimeValueVariable.swift /Users/rogerlin/XCode-Projects/FinancialCalculatorKit-5.0-updated-accent-colors/FinancialCalculatorKit/Models/Calculation/LoanCalculation.swift /Users/rogerlin/XCode-Projects/FinancialCalculatorKit-5.0-updated-accent-colors/FinancialCalculatorKit/Models/Calculation/TimeValueCalculation.swift /Users/rogerlin/XCode-Projects/FinancialCalculatorKit-5.0-updated-accent-colors/FinancialCalculatorKit/Models/Enums/CalculationType.swift /Users/rogerlin/XCode-Projects/FinancialCalculatorKit-5.0-updated-accent-colors/FinancialCalculatorKit/Models/Enums/Currency.swift /Users/rogerlin/XCode-Projects/FinancialCalculatorKit-5.0-updated-accent-colors/FinancialCalculatorKit/Models/Enums/LoanType.swift /Users/rogerlin/XCode-Projects/FinancialCalculatorKit-5.0-updated-accent-colors/FinancialCalculatorKit/Models/Enums/PaymentFrequency.swift /Users/rogerlin/XCode-Projects/FinancialCalculatorKit-5.0-updated-accent-colors/FinancialCalculatorKit/Models/Enums/TimeValueVariable.swift (in target 'FinancialCalculatorKit' from project 'FinancialCalculatorKit')
/Applications/Xcode.app/Contents/Developer/Toolchains/XcodeDefault.xctoolchain/usr/bin/swift-frontend -frontend -c /Users/rogerlin/XCode-Projects/FinancialCalculatorKit-5.0-updated-accent-colors/FinancialCalculatorKit/Models/Bond/AdvancedBondModels.swift /Users/rogerlin/XCode-Projects/FinancialCalculatorKit-5.0-updated-accent-colors/FinancialCalculatorKit/Models/Bond/YieldCurveTypes.swift /Users/rogerlin/XCode-Projects/FinancialCalculatorKit-5.0-updated-accent-colors/FinancialCalculatorKit/Models/Calculation/BondCalculation.swift /Users/rogerlin/XCode-Projects/FinancialCalculatorKit-5.0-updated-accent-colors/FinancialCalculatorKit/Models/Calculation/CalculationMetadata.swift /Users/rogerlin/XCode-Projects/FinancialCalculatorKit-5.0-updated-accent-colors/FinancialCalculatorKit/Models/Calculation/DepreciationCalculation.swift /Users/rogerlin/XCode-Projects/FinancialCalculatorKit-5.0-updated-accent-colors/FinancialCalculatorKit/Models/Calculation/FinancialCalculation.swift /Users/rogerlin/XCode-Projects/FinancialCalculatorKit-5.0-updated-accent-colors/FinancialCalculatorKit/Models/Calculation/InvestmentCalculation.swift -primary-file /Users/rogerlin/XCode-Projects/FinancialCalculatorKit-5.0-updated-accent-colors/FinancialCalculatorKit/Models/Calculation/LoanCalculation.swift -primary-file /Users/rogerlin/XCode-Projects/FinancialCalculatorKit-5.0-updated-accent-colors/FinancialCalculatorKit/Models/Calculation/TimeValueCalculation.swift -primary-file /Users/rogerlin/XCode-Projects/FinancialCalculatorKit-5.0-updated-accent-colors/FinancialCalculatorKit/Models/Enums/CalculationType.swift -primary-file /Users/rogerlin/XCode-Projects/FinancialCalculatorKit-5.0-updated-accent-colors/FinancialCalculatorKit/Models/Enums/Currency.swift -primary-file /Users/rogerlin/XCode-Projects/FinancialCalculatorKit-5.0-updated-accent-colors/FinancialCalculatorKit/Models/Enums/LoanType.swift -primary-file /Users/rogerlin/XCode-Projects/FinancialCalculatorKit-5.0-updated-accent-colors/FinancialCalculatorKit/Models/Enums/PaymentFrequency.swift -primary-file /Users/rogerlin/XCode-Projects/FinancialCalculatorKit-5.0-updated-accent-colors/FinancialCalculatorKit/Models/Enums/TimeValueVariable.swift /Users/rogerlin/XCode-Projects/FinancialCalculatorKit-5.0-updated-accent-colors/FinancialCalculatorKit/Models/Formula/FormulaReference.swift /Users/rogerlin/XCode-Projects/FinancialCalculatorKit-5.0-updated-accent-colors/FinancialCalculatorKit/Models/FRED/FREDModels.swift /Users/rogerlin/XCode-Projects/FinancialCalculatorKit-5.0-updated-accent-colors/FinancialCalculatorKit/Models/Options/AdvancedOptionsModels.swift /Users/rogerlin/XCode-Projects/FinancialCalculatorKit-5.0-updated-accent-colors/FinancialCalculatorKit/Models/ScientificCalculator/EquationDocument.swift /Users/rogerlin/XCode-Projects/FinancialCalculatorKit-5.0-updated-accent-colors/FinancialCalculatorKit/Models/ScientificCalculator/VariableStore.swift /Users/rogerlin/XCode-Projects/FinancialCalculatorKit-5.0-updated-accent-colors/FinancialCalculatorKit/Protocols/FinancialComputable.swift /Users/rogerlin/XCode-Projects/FinancialCalculatorKit-5.0-updated-accent-colors/FinancialCalculatorKit/Services/Bond/AdvancedBondPricingEngine.swift /Users/rogerlin/XCode-Projects/FinancialCalculatorKit-5.0-updated-accent-colors/FinancialCalculatorKit/Services/Options/AdvancedOptionsPricingEngine.swift /Users/rogerlin/XCode-Projects/FinancialCalculatorKit-5.0-updated-accent-colors/FinancialCalculatorKit/Services/AdvancedExpressionParser.swift /Users/rogerlin/XCode-Projects/FinancialCalculatorKit-5.0-updated-accent-colors/FinancialCalculatorKit/Services/AdvancedIRRCalculator.swift /Users/rogerlin/XCode-Projects/FinancialCalculatorKit-5.0-updated-accent-colors/FinancialCalculatorKit/Services/AdvancedMathFunctions.swift /Users/rogerlin/XCode-Projects/FinancialCalculatorKit-5.0-updated-accent-colors/FinancialCalculatorKit/Services/CalculationEngine.swift /Users/rogerlin/XCode-Projects/FinancialCalculatorKit-5.0-updated-accent-colors/FinancialCalculatorKit/Services/CSVHelper.swift /Users/rogerlin/XCode-Projects/FinancialCalculatorKit-5.0-updated-accent-colors/FinancialCalculatorKit/Services/CurrencyConversionService.swift /Users/rogerlin/XCode-Projects/FinancialCalculatorKit-5.0-updated-accent-colors/FinancialCalculatorKit/Services/ExchangeRateService.swift /Users/rogerlin/XCode-Projects/FinancialCalculatorKit-5.0-updated-accent-colors/FinancialCalculatorKit/Services/FinancialCalculator.swift /Users/rogerlin/XCode-Projects/FinancialCalculatorKit-5.0-updated-accent-colors/FinancialCalculatorKit/Services/FinancialValidation.swift /Users/rogerlin/XCode-Projects/FinancialCalculatorKit-5.0-updated-accent-colors/FinancialCalculatorKit/Services/FormulaAutoComplete.swift /Users/rogerlin/XCode-Projects/FinancialCalculatorKit-5.0-updated-accent-colors/FinancialCalculatorKit/Services/FREDService.swift /Users/rogerlin/XCode-Projects/FinancialCalculatorKit-5.0-updated-accent-colors/FinancialCalculatorKit/Services/HighPrecisionMath.swift /Users/rogerlin/XCode-Projects/FinancialCalculatorKit-5.0-updated-accent-colors/FinancialCalculatorKit/Services/HighPrecisionTestSuite.swift /Users/rogerlin/XCode-Projects/FinancialCalculatorKit-5.0-updated-accent-colors/FinancialCalculatorKit/Services/HighPrecisionValidation.swift /Users/rogerlin/XCode-Projects/FinancialCalculatorKit-5.0-updated-accent-colors/FinancialCalculatorKit/Services/TickerHistoryService.swift /Users/rogerlin/XCode-Projects/FinancialCalculatorKit-5.0-updated-accent-colors/FinancialCalculatorKit/Services/ValidationExtensions.swift /Users/rogerlin/XCode-Projects/FinancialCalculatorKit-5.0-updated-accent-colors/FinancialCalculatorKit/Services/ValidationService.swift /Users/rogerlin/XCode-Projects/FinancialCalculatorKit-5.0-updated-accent-colors/FinancialCalculatorKit/Services/ValidationTestSuite.swift /Users/rogerlin/XCode-Projects/FinancialCalculatorKit-5.0-updated-accent-colors/FinancialCalculatorKit/Utilities/Extensions/Date+Financial.swift /Users/rogerlin/XCode-Projects/FinancialCalculatorKit-5.0-updated-accent-colors/FinancialCalculatorKit/Utilities/Extensions/Double+Financial.swift /Users/rogerlin/XCode-Projects/FinancialCalculatorKit-5.0-updated-accent-colors/FinancialCalculatorKit/Utilities/CashFlowsTransformer.swift /Users/rogerlin/XCode-Projects/FinancialCalculatorKit-5.0-updated-accent-colors/FinancialCalculatorKit/Utilities/Formatters.swift /Users/rogerlin/XCode-Projects/FinancialCalculatorKit-5.0-updated-accent-colors/FinancialCalculatorKit/ViewHelpers/FormulaViewHelper.swift /Users/rogerlin/XCode-Projects/FinancialCalculatorKit-5.0-updated-accent-colors/FinancialCalculatorKit/ViewModels/MainViewModel.swift /Users/rogerlin/XCode-Projects/FinancialCalculatorKit-5.0-updated-accent-colors/FinancialCalculatorKit/Views/Calculator/AdvancedBondCalculatorView.swift /Users/rogerlin/XCode-Projects/FinancialCalculatorKit-5.0-updated-accent-colors/FinancialCalculatorKit/Views/Calculator/AmortizationView.swift /Users/rogerlin/XCode-Projects/FinancialCalculatorKit-5.0-updated-accent-colors/FinancialCalculatorKit/Views/Calculator/BondCalculatorView.swift /Users/rogerlin/XCode-Projects/FinancialCalculatorKit-5.0-updated-accent-colors/FinancialCalculatorKit/Views/Calculator/CompactCalculatorView.swift /Users/rogerlin/XCode-Projects/FinancialCalculatorKit-5.0-updated-accent-colors/FinancialCalculatorKit/Views/Calculator/CurrencyConverterView.swift /Users/rogerlin/XCode-Projects/FinancialCalculatorKit-5.0-updated-accent-colors/FinancialCalculatorKit/Views/Calculator/CustomScientificKeyboard.swift /Users/rogerlin/XCode-Projects/FinancialCalculatorKit-5.0-updated-accent-colors/FinancialCalculatorKit/Views/Calculator/DepreciationCalculatorView.swift /Users/rogerlin/XCode-Projects/FinancialCalculatorKit-5.0-updated-accent-colors/FinancialCalculatorKit/Views/Calculator/DocumentListView.swift /Users/rogerlin/XCode-Projects/FinancialCalculatorKit-5.0-updated-accent-colors/FinancialCalculatorKit/Views/Calculator/EquityValuationView.swift /Users/rogerlin/XCode-Projects/FinancialCalculatorKit-5.0-updated-accent-colors/FinancialCalculatorKit/Views/Calculator/FixedIncomeAnalyticsView.swift /Users/rogerlin/XCode-Projects/FinancialCalculatorKit-5.0-updated-accent-colors/FinancialCalculatorKit/Views/Calculator/FormulaLibraryView.swift /Users/rogerlin/XCode-Projects/FinancialCalculatorKit-5.0-updated-accent-colors/FinancialCalculatorKit/Views/Calculator/ForwardsCalculatorView.swift /Users/rogerlin/XCode-Projects/FinancialCalculatorKit-5.0-updated-accent-colors/FinancialCalculatorKit/Views/Calculator/FuturesCalculatorView.swift /Users/rogerlin/XCode-Projects/FinancialCalculatorKit-5.0-updated-accent-colors/FinancialCalculatorKit/Views/Calculator/FutureValueView.swift /Users/rogerlin/XCode-Projects/FinancialCalculatorKit-5.0-updated-accent-colors/FinancialCalculatorKit/Views/Calculator/HighPrecisionCalculatorView.swift /Users/rogerlin/XCode-Projects/FinancialCalculatorKit-5.0-updated-accent-colors/FinancialCalculatorKit/Views/Calculator/InvestmentCalculatorView.swift /Users/rogerlin/XCode-Projects/FinancialCalculatorKit-5.0-updated-accent-colors/FinancialCalculatorKit/Views/Calculator/LoanCalculatorView.swift /Users/rogerlin/XCode-Projects/FinancialCalculatorKit-5.0-updated-accent-colors/FinancialCalculatorKit/Views/Calculator/LoanResultView.swift /Users/rogerlin/XCode-Projects/FinancialCalculatorKit-5.0-updated-accent-colors/FinancialCalculatorKit/Views/Calculator/MathExpressionCalculatorView.swift /Users/rogerlin/XCode-Projects/FinancialCalculatorKit-5.0-updated-accent-colors/FinancialCalculatorKit/Views/Calculator/OptionsCalculatorView.swift /Users/rogerlin/XCode-Projects/FinancialCalculatorKit-5.0-updated-accent-colors/FinancialCalculatorKit/Views/Calculator/OptionsStrategiesView.swift /Users/rogerlin/XCode-Projects/FinancialCalculatorKit-5.0-updated-accent-colors/FinancialCalculatorKit/Views/Calculator/PlaceholderViews.swift /Users/rogerlin/XCode-Projects/FinancialCalculatorKit-5.0-updated-accent-colors/FinancialCalculatorKit/Views/Calculator/PortfolioOptimizationView.swift /Users/rogerlin/XCode-Projects/FinancialCalculatorKit-5.0-updated-accent-colors/FinancialCalculatorKit/Views/Calculator/PrecisionDemoView.swift /Users/rogerlin/XCode-Projects/FinancialCalculatorKit-5.0-updated-accent-colors/FinancialCalculatorKit/Views/Calculator/RiskManagementView.swift /Users/rogerlin/XCode-Projects/FinancialCalculatorKit-5.0-updated-accent-colors/FinancialCalculatorKit/Views/Calculator/ScientificCalculatorView.swift /Users/rogerlin/XCode-Projects/FinancialCalculatorKit-5.0-updated-accent-colors/FinancialCalculatorKit/Views/Calculator/SwapsCalculatorView.swift /Users/rogerlin/XCode-Projects/FinancialCalculatorKit-5.0-updated-accent-colors/FinancialCalculatorKit/Views/Calculator/TemplateViews.swift /Users/rogerlin/XCode-Projects/FinancialCalculatorKit-5.0-updated-accent-colors/FinancialCalculatorKit/Views/Calculator/TickerHistoryView.swift /Users/rogerlin/XCode-Projects/FinancialCalculatorKit-5.0-updated-accent-colors/FinancialCalculatorKit/Views/Calculator/TimeValueCalculatorView.swift /Users/rogerlin/XCode-Projects/FinancialCalculatorKit-5.0-updated-accent-colors/FinancialCalculatorKit/Views/Calculator/TimeValueResultView.swift /Users/rogerlin/XCode-Projects/FinancialCalculatorKit-5.0-updated-accent-colors/FinancialCalculatorKit/Views/Calculator/UnitConverterView.swift /Users/rogerlin/XCode-Projects/FinancialCalculatorKit-5.0-updated-accent-colors/FinancialCalculatorKit/Views/Calculator/VariableManagementView.swift /Users/rogerlin/XCode-Projects/FinancialCalculatorKit-5.0-updated-accent-colors/FinancialCalculatorKit/Views/Charts/FinancialChartView.swift /Users/rogerlin/XCode-Projects/FinancialCalculatorKit-5.0-updated-accent-colors/FinancialCalculatorKit/Views/Charts/InteractiveFinancialCharts.swift /Users/rogerlin/XCode-Projects/FinancialCalculatorKit-5.0-updated-accent-colors/FinancialCalculatorKit/Views/Components/DetailRow.swift /Users/rogerlin/XCode-Projects/FinancialCalculatorKit-5.0-updated-accent-colors/FinancialCalculatorKit/Views/Components/DynamicInputSection.swift /Users/rogerlin/XCode-Projects/FinancialCalculatorKit-5.0-updated-accent-colors/FinancialCalculatorKit/Views/Components/EnhancedInputFields.swift /Users/rogerlin/XCode-Projects/FinancialCalculatorKit-5.0-updated-accent-colors/FinancialCalculatorKit/Views/Components/FinancialStyles.swift /Users/rogerlin/XCode-Projects/FinancialCalculatorKit-5.0-updated-accent-colors/FinancialCalculatorKit/Views/Components/InputFieldView.swift /Users/rogerlin/XCode-Projects/FinancialCalculatorKit-5.0-updated-accent-colors/FinancialCalculatorKit/Views/Components/InteractiveDataTables.swift /Users/rogerlin/XCode-Projects/FinancialCalculatorKit-5.0-updated-accent-colors/FinancialCalculatorKit/Views/Components/LoadingResultView.swift /Users/rogerlin/XCode-Projects/FinancialCalculatorKit-5.0-updated-accent-colors/FinancialCalculatorKit/Views/Components/NumbersOnlyViewModifier.swift /Users/rogerlin/XCode-Projects/FinancialCalculatorKit-5.0-updated-accent-colors/FinancialCalculatorKit/Views/Components/ResultDisplayView.swift /Users/rogerlin/XCode-Projects/FinancialCalculatorKit-5.0-updated-accent-colors/FinancialCalculatorKit/Views/Components/StatusIndicator.swift /Users/rogerlin/XCode-Projects/FinancialCalculatorKit-5.0-updated-accent-colors/FinancialCalculatorKit/Views/Components/ValidationSummaryView.swift /Users/rogerlin/XCode-Projects/FinancialCalculatorKit-5.0-updated-accent-colors/FinancialCalculatorKit/Views/FRED/FREDDataView.swift /Users/rogerlin/XCode-Projects/FinancialCalculatorKit-5.0-updated-accent-colors/FinancialCalculatorKit/Views/Reference/FormulaReferenceView.swift /Users/rogerlin/XCode-Projects/FinancialCalculatorKit-5.0-updated-accent-colors/FinancialCalculatorKit/Views/Reference/FormulaVariableView.swift /Users/rogerlin/XCode-Projects/FinancialCalculatorKit-5.0-updated-accent-colors/FinancialCalculatorKit/Views/Reference/FormulaVariantView.swift /Users/rogerlin/XCode-Projects/FinancialCalculatorKit-5.0-updated-accent-colors/FinancialCalculatorKit/ContentView.swift /Users/rogerlin/XCode-Projects/FinancialCalculatorKit-5.0-updated-accent-colors/FinancialCalculatorKit/FinancialCalculatorKitApp.swift /Users/rogerlin/XCode-Projects/FinancialCalculatorKit-5.0-updated-accent-colors/FinancialCalculatorKit/Item.swift /Users/rogerlin/Library/Developer/Xcode/DerivedData/FinancialCalculatorKit-ackorybalcxbfocbkqsfdzcfkgmn/Build/Intermediates.noindex/FinancialCalculatorKit.build/Debug/FinancialCalculatorKit.build/DerivedSources/GeneratedAssetSymbols.swift -supplementary-output-file-map /Users/rogerlin/Library/Developer/Xcode/DerivedData/FinancialCalculatorKit-ackorybalcxbfocbkqsfdzcfkgmn/Build/Intermediates.noindex/FinancialCalculatorKit.build/Debug/FinancialCalculatorKit.build/Objects-normal/arm64/supplementaryOutputs-52 -emit-localized-strings -emit-localized-strings-path /Users/rogerlin/Library/Developer/Xcode/DerivedData/FinancialCalculatorKit-ackorybalcxbfocbkqsfdzcfkgmn/Build/Intermediates.noindex/FinancialCalculatorKit.build/Debug/FinancialCalculatorKit.build/Objects-normal/arm64 -target arm64-apple-macos14.0 -module-can-import-version AppKit 2685.20.119 2685.20.119 -module-can-import-version DeveloperToolsSupport 23.0.4 23.0.4 -module-can-import-version SwiftUI 7.1.13.1 7.1.13 -disable-cross-import-overlay-search -swift-module-cross-import SwiftData /Applications/Xcode.app/Contents/Developer/Platforms/MacOSX.platform/Developer/SDKs/MacOSX26.1.sdk/System/Library/Frameworks/SwiftData.framework/Modules/SwiftData.swiftcrossimport/CoreData.swiftoverlay -swift-module-cross-import SwiftData /Applications/Xcode.app/Contents/Developer/Platforms/MacOSX.platform/Developer/SDKs/MacOSX26.1.sdk/System/Library/Frameworks/SwiftData.framework/Modules/SwiftData.swiftcrossimport/SwiftUI.swiftoverlay -load-resolved-plugin \#/Users/rogerlin/Library/Developer/Xcode/DerivedData/FinancialCalculatorKit-ackorybalcxbfocbkqsfdzcfkgmn/Build/Products/Debug/CasePathsMacros\#CasePathsMacros -load-resolved-plugin /Applications/Xcode.app/Contents/Developer/Platforms/MacOSX.platform/Developer/usr/lib/swift/host/plugins/libFoundationMacros.dylib\#/Applications/Xcode.app/Contents/Developer/Platforms/MacOSX.platform/Developer/usr/bin/swift-plugin-server\#FoundationMacros -load-resolved-plugin /Applications/Xcode.app/Contents/Developer/Platforms/MacOSX.platform/Developer/usr/lib/swift/host/plugins/libObservationMacros.dylib\#/Applications/Xcode.app/Contents/Developer/Platforms/MacOSX.platform/Developer/usr/bin/swift-plugin-server\#ObservationMacros -load-resolved-plugin /Applications/Xcode.app/Contents/Developer/Platforms/MacOSX.platform/Developer/usr/lib/swift/host/plugins/libPreviewsMacros.dylib\#/Applications/Xcode.app/Contents/Developer/Platforms/MacOSX.platform/Developer/usr/bin/swift-plugin-server\#PreviewsMacros -load-resolved-plugin /Applications/Xcode.app/Contents/Developer/Platforms/MacOSX.platform/Developer/usr/lib/swift/host/plugins/libSwiftDataMacros.dylib\#/Applications/Xcode.app/Contents/Developer/Platforms/MacOSX.platform/Developer/usr/bin/swift-plugin-server\#SwiftDataMacros -load-resolved-plugin /Applications/Xcode.app/Contents/Developer/Platforms/MacOSX.platform/Developer/usr/lib/swift/host/plugins/libSwiftMacros.dylib\#/Applications/Xcode.app/Contents/Developer/Platforms/MacOSX.platform/Developer/usr/bin/swift-plugin-server\#SwiftMacros -load-resolved-plugin /Applications/Xcode.app/Contents/Developer/Platforms/MacOSX.platform/Developer/usr/lib/swift/host/plugins/libSwiftUIMacros.dylib\#/Applications/Xcode.app/Contents/Developer/Platforms/MacOSX.platform/Developer/usr/bin/swift-plugin-server\#SwiftUIMacros -disable-implicit-swift-modules -Xcc -fno-implicit-modules -Xcc -fno-implicit-module-maps -explicit-swift-module-map-file /Users/rogerlin/Library/Developer/Xcode/DerivedData/FinancialCalculatorKit-ackorybalcxbfocbkqsfdzcfkgmn/Build/Intermediates.noindex/FinancialCalculatorKit.build/Debug/FinancialCalculatorKit.build/Objects-normal/arm64/FinancialCalculatorKit-dependencies-1.json -Xllvm -aarch64-use-tbi -enable-objc-interop -stack-check -sdk /Applications/Xcode.app/Contents/Developer/Platforms/MacOSX.platform/Developer/SDKs/MacOSX26.1.sdk -I /Users/rogerlin/Library/Developer/Xcode/DerivedData/FinancialCalculatorKit-ackorybalcxbfocbkqsfdzcfkgmn/Build/Products/Debug -F /Users/rogerlin/Library/Developer/Xcode/DerivedData/FinancialCalculatorKit-ackorybalcxbfocbkqsfdzcfkgmn/Build/Products/Debug/PackageFrameworks -F /Users/rogerlin/Library/Developer/Xcode/DerivedData/FinancialCalculatorKit-ackorybalcxbfocbkqsfdzcfkgmn/Build/Products/Debug/PackageFrameworks -F /Users/rogerlin/Library/Developer/Xcode/DerivedData/FinancialCalculatorKit-ackorybalcxbfocbkqsfdzcfkgmn/Build/Products/Debug/PackageFrameworks -F /Users/rogerlin/Library/Developer/Xcode/DerivedData/FinancialCalculatorKit-ackorybalcxbfocbkqsfdzcfkgmn/Build/Products/Debug/PackageFrameworks -F /Users/rogerlin/Library/Developer/Xcode/DerivedData/FinancialCalculatorKit-ackorybalcxbfocbkqsfdzcfkgmn/Build/Products/Debug/PackageFrameworks -F /Users/rogerlin/Library/Developer/Xcode/DerivedData/FinancialCalculatorKit-ackorybalcxbfocbkqsfdzcfkgmn/Build/Products/Debug/PackageFrameworks -F /Users/rogerlin/Library/Developer/Xcode/DerivedData/FinancialCalculatorKit-ackorybalcxbfocbkqsfdzcfkgmn/Build/Products/Debug/PackageFrameworks -F /Users/rogerlin/Library/Developer/Xcode/DerivedData/FinancialCalculatorKit-ackorybalcxbfocbkqsfdzcfkgmn/Build/Products/Debug/PackageFrameworks -F /Users/rogerlin/Library/Developer/Xcode/DerivedData/FinancialCalculatorKit-ackorybalcxbfocbkqsfdzcfkgmn/Build/Products/Debug/PackageFrameworks -F /Users/rogerlin/Library/Developer/Xcode/DerivedData/FinancialCalculatorKit-ackorybalcxbfocbkqsfdzcfkgmn/Build/Products/Debug/PackageFrameworks -F /Users/rogerlin/Library/Developer/Xcode/DerivedData/FinancialCalculatorKit-ackorybalcxbfocbkqsfdzcfkgmn/Build/Products/Debug/PackageFrameworks -F /Users/rogerlin/Library/Developer/Xcode/DerivedData/FinancialCalculatorKit-ackorybalcxbfocbkqsfdzcfkgmn/Build/Products/Debug/PackageFrameworks -F /Users/rogerlin/Library/Developer/Xcode/DerivedData/FinancialCalculatorKit-ackorybalcxbfocbkqsfdzcfkgmn/Build/Products/Debug/PackageFrameworks -F /Users/rogerlin/Library/Developer/Xcode/DerivedData/FinancialCalculatorKit-ackorybalcxbfocbkqsfdzcfkgmn/Build/Products/Debug/PackageFrameworks -F /Users/rogerlin/Library/Developer/Xcode/DerivedData/FinancialCalculatorKit-ackorybalcxbfocbkqsfdzcfkgmn/Build/Products/Debug/PackageFrameworks -F /Users/rogerlin/Library/Developer/Xcode/DerivedData/FinancialCalculatorKit-ackorybalcxbfocbkqsfdzcfkgmn/Build/Products/Debug/PackageFrameworks -F /Users/rogerlin/Library/Developer/Xcode/DerivedData/FinancialCalculatorKit-ackorybalcxbfocbkqsfdzcfkgmn/Build/Products/Debug/PackageFrameworks -F /Users/rogerlin/Library/Developer/Xcode/DerivedData/FinancialCalculatorKit-ackorybalcxbfocbkqsfdzcfkgmn/Build/Products/Debug/PackageFrameworks -F /Users/rogerlin/Library/Developer/Xcode/DerivedData/FinancialCalculatorKit-ackorybalcxbfocbkqsfdzcfkgmn/Build/Products/Debug/PackageFrameworks -F /Users/rogerlin/Library/Developer/Xcode/DerivedData/FinancialCalculatorKit-ackorybalcxbfocbkqsfdzcfkgmn/Build/Products/Debug -no-color-diagnostics -Xcc -fno-color-diagnostics -enable-testing -g -debug-info-format\=dwarf -dwarf-version\=4 -module-cache-path /Users/rogerlin/Library/Developer/Xcode/DerivedData/FinancialCalculatorKit-ackorybalcxbfocbkqsfdzcfkgmn/Build/Intermediates.noindex/SwiftExplicitPrecompiledModules -profile-generate -profile-coverage-mapping -swift-version 5 -enforce-exclusivity\=checked -Onone -D DEBUG -serialize-debugging-options -load-plugin-executable /Users/rogerlin/Library/Developer/Xcode/DerivedData/FinancialCalculatorKit-ackorybalcxbfocbkqsfdzcfkgmn/Build/Products/Debug/CasePathsMacros\#CasePathsMacros -const-gather-protocols-file /Users/rogerlin/Library/Developer/Xcode/DerivedData/FinancialCalculatorKit-ackorybalcxbfocbkqsfdzcfkgmn/Build/Intermediates.noindex/FinancialCalculatorKit.build/Debug/FinancialCalculatorKit.build/Objects-normal/arm64/FinancialCalculatorKit_const_extract_protocols.json -enable-experimental-feature DebugDescriptionMacro -enable-bare-slash-regex -empty-abi-descriptor -validate-clang-modules-once -clang-build-session-file /Users/rogerlin/Library/Developer/Xcode/DerivedData/ModuleCache.noindex/Session.modulevalidation -Xcc -working-directory -Xcc /Users/rogerlin/XCode-Projects/FinancialCalculatorKit-5.0-updated-accent-colors -enable-anonymous-context-mangled-names -file-compilation-dir /Users/rogerlin/XCode-Projects/FinancialCalculatorKit-5.0-updated-accent-colors -Xcc -D_LIBCPP_HARDENING_MODE\=_LIBCPP_HARDENING_MODE_DEBUG -Xcc -ivfsstatcache -Xcc /Users/rogerlin/Library/Developer/Xcode/DerivedData/SDKStatCaches.noindex/macosx26.1-25B74-3ae1261907bdadc328169391a47051a6.sdkstatcache -Xcc -I/Users/rogerlin/Library/Developer/Xcode/DerivedData/FinancialCalculatorKit-ackorybalcxbfocbkqsfdzcfkgmn/Build/Intermediates.noindex/FinancialCalculatorKit.build/Debug/FinancialCalculatorKit.build/swift-overrides.hmap -Xcc -iquote -Xcc /Users/rogerlin/Library/Developer/Xcode/DerivedData/FinancialCalculatorKit-ackorybalcxbfocbkqsfdzcfkgmn/Build/Intermediates.noindex/FinancialCalculatorKit.build/Debug/FinancialCalculatorKit.build/FinancialCalculatorKit-generated-files.hmap -Xcc -I/Users/rogerlin/Library/Developer/Xcode/DerivedData/FinancialCalculatorKit-ackorybalcxbfocbkqsfdzcfkgmn/Build/Intermediates.noindex/FinancialCalculatorKit.build/Debug/FinancialCalculatorKit.build/FinancialCalculatorKit-own-target-headers.hmap -Xcc -I/Users/rogerlin/Library/Developer/Xcode/DerivedData/FinancialCalculatorKit-ackorybalcxbfocbkqsfdzcfkgmn/Build/Intermediates.noindex/FinancialCalculatorKit.build/Debug/FinancialCalculatorKit.build/FinancialCalculatorKit-all-non-framework-target-headers.hmap -Xcc -ivfsoverlay -Xcc /Users/rogerlin/Library/Developer/Xcode/DerivedData/FinancialCalculatorKit-ackorybalcxbfocbkqsfdzcfkgmn/Build/Intermediates.noindex/FinancialCalculatorKit.build/Debug/FinancialCalculatorKit-b796aaad08c4b307251b75ea7c01aae2-VFS/all-product-headers.yaml -Xcc -iquote -Xcc /Users/rogerlin/Library/Developer/Xcode/DerivedData/FinancialCalculatorKit-ackorybalcxbfocbkqsfdzcfkgmn/Build/Intermediates.noindex/FinancialCalculatorKit.build/Debug/FinancialCalculatorKit.build/FinancialCalculatorKit-project-headers.hmap -Xcc -I/Users/rogerlin/Library/Developer/Xcode/DerivedData/FinancialCalculatorKit-ackorybalcxbfocbkqsfdzcfkgmn/SourcePackages/checkouts/swift-numerics/Sources/_NumericsShims/include -Xcc -I/Users/rogerlin/Library/Developer/Xcode/DerivedData/FinancialCalculatorKit-ackorybalcxbfocbkqsfdzcfkgmn/Build/Products/Debug/include -Xcc -I/Users/rogerlin/Library/Developer/Xcode/DerivedData/FinancialCalculatorKit-ackorybalcxbfocbkqsfdzcfkgmn/Build/Intermediates.noindex/FinancialCalculatorKit.build/Debug/FinancialCalculatorKit.build/DerivedSources-normal/arm64 -Xcc -I/Users/rogerlin/Library/Developer/Xcode/DerivedData/FinancialCalculatorKit-ackorybalcxbfocbkqsfdzcfkgmn/Build/Intermediates.noindex/FinancialCalculatorKit.build/Debug/FinancialCalculatorKit.build/DerivedSources/arm64 -Xcc -I/Users/rogerlin/Library/Developer/Xcode/DerivedData/FinancialCalculatorKit-ackorybalcxbfocbkqsfdzcfkgmn/Build/Intermediates.noindex/FinancialCalculatorKit.build/Debug/FinancialCalculatorKit.build/DerivedSources -Xcc -DDEBUG\=1 -no-auto-bridging-header-chaining -module-name FinancialCalculatorKit -frontend-parseable-output -disable-clang-spi -target-sdk-version 26.1 -target-sdk-name macosx26.1 -clang-target arm64-apple-macos26.1 -in-process-plugin-server-path /Applications/Xcode.app/Contents/Developer/Toolchains/XcodeDefault.xctoolchain/usr/lib/swift/host/libSwiftInProcPluginServer.dylib -o /Users/rogerlin/Library/Developer/Xcode/DerivedData/FinancialCalculatorKit-ackorybalcxbfocbkqsfdzcfkgmn/Build/Intermediates.noindex/FinancialCalculatorKit.build/Debug/FinancialCalculatorKit.build/Objects-normal/arm64/LoanCalculation.o -o /Users/rogerlin/Library/Developer/Xcode/DerivedData/FinancialCalculatorKit-ackorybalcxbfocbkqsfdzcfkgmn/Build/Intermediates.noindex/FinancialCalculatorKit.build/Debug/FinancialCalculatorKit.build/Objects-normal/arm64/TimeValueCalculation.o -o /Users/rogerlin/Library/Developer/Xcode/DerivedData/FinancialCalculatorKit-ackorybalcxbfocbkqsfdzcfkgmn/Build/Intermediates.noindex/FinancialCalculatorKit.build/Debug/FinancialCalculatorKit.build/Objects-normal/arm64/CalculationType.o -o /Users/rogerlin/Library/Developer/Xcode/DerivedData/FinancialCalculatorKit-ackorybalcxbfocbkqsfdzcfkgmn/Build/Intermediates.noindex/FinancialCalculatorKit.build/Debug/FinancialCalculatorKit.build/Objects-normal/arm64/Currency.o -o /Users/rogerlin/Library/Developer/Xcode/DerivedData/FinancialCalculatorKit-ackorybalcxbfocbkqsfdzcfkgmn/Build/Intermediates.noindex/FinancialCalculatorKit.build/Debug/FinancialCalculatorKit.build/Objects-normal/arm64/LoanType.o -o /Users/rogerlin/Library/Developer/Xcode/DerivedData/FinancialCalculatorKit-ackorybalcxbfocbkqsfdzcfkgmn/Build/Intermediates.noindex/FinancialCalculatorKit.build/Debug/FinancialCalculatorKit.build/Objects-normal/arm64/PaymentFrequency.o -o /Users/rogerlin/Library/Developer/Xcode/DerivedData/FinancialCalculatorKit-ackorybalcxbfocbkqsfdzcfkgmn/Build/Intermediates.noindex/FinancialCalculatorKit.build/Debug/FinancialCalculatorKit.build/Objects-normal/arm64/TimeValueVariable.o -index-unit-output-path /FinancialCalculatorKit.build/Debug/FinancialCalculatorKit.build/Objects-normal/arm64/LoanCalculation.o -index-unit-output-path /FinancialCalculatorKit.build/Debug/FinancialCalculatorKit.build/Objects-normal/arm64/TimeValueCalculation.o -index-unit-output-path /FinancialCalculatorKit.build/Debug/FinancialCalculatorKit.build/Objects-normal/arm64/CalculationType.o -index-unit-output-path /FinancialCalculatorKit.build/Debug/FinancialCalculatorKit.build/Objects-normal/arm64/Currency.o -index-unit-output-path /FinancialCalculatorKit.build/Debug/FinancialCalculatorKit.build/Objects-normal/arm64/LoanType.o -index-unit-output-path /FinancialCalculatorKit.build/Debug/FinancialCalculatorKit.build/Objects-normal/arm64/PaymentFrequency.o -index-unit-output-path /FinancialCalculatorKit.build/Debug/FinancialCalculatorKit.build/Objects-normal/arm64/TimeValueVariable.o -index-store-path /Users/rogerlin/Library/Developer/Xcode/DerivedData/FinancialCalculatorKit-ackorybalcxbfocbkqsfdzcfkgmn/Index.noindex/DataStore -index-system-modules

SwiftCompile normal arm64 /Users/rogerlin/XCode-Projects/FinancialCalculatorKit-5.0-updated-accent-colors/FinancialCalculatorKit/Models/Calculation/LoanCalculation.swift (in target 'FinancialCalculatorKit' from project 'FinancialCalculatorKit')
    cd /Users/rogerlin/XCode-Projects/FinancialCalculatorKit-5.0-updated-accent-colors
    

SwiftCompile normal arm64 /Users/rogerlin/XCode-Projects/FinancialCalculatorKit-5.0-updated-accent-colors/FinancialCalculatorKit/Models/Calculation/TimeValueCalculation.swift (in target 'FinancialCalculatorKit' from project 'FinancialCalculatorKit')
    cd /Users/rogerlin/XCode-Projects/FinancialCalculatorKit-5.0-updated-accent-colors
    

SwiftCompile normal arm64 /Users/rogerlin/XCode-Projects/FinancialCalculatorKit-5.0-updated-accent-colors/FinancialCalculatorKit/Models/Enums/CalculationType.swift (in target 'FinancialCalculatorKit' from project 'FinancialCalculatorKit')
    cd /Users/rogerlin/XCode-Projects/FinancialCalculatorKit-5.0-updated-accent-colors
    

SwiftCompile normal arm64 /Users/rogerlin/XCode-Projects/FinancialCalculatorKit-5.0-updated-accent-colors/FinancialCalculatorKit/Models/Enums/Currency.swift (in target 'FinancialCalculatorKit' from project 'FinancialCalculatorKit')
    cd /Users/rogerlin/XCode-Projects/FinancialCalculatorKit-5.0-updated-accent-colors
    

SwiftCompile normal arm64 /Users/rogerlin/XCode-Projects/FinancialCalculatorKit-5.0-updated-accent-colors/FinancialCalculatorKit/Models/Enums/LoanType.swift (in target 'FinancialCalculatorKit' from project 'FinancialCalculatorKit')
    cd /Users/rogerlin/XCode-Projects/FinancialCalculatorKit-5.0-updated-accent-colors
    

SwiftCompile normal arm64 /Users/rogerlin/XCode-Projects/FinancialCalculatorKit-5.0-updated-accent-colors/FinancialCalculatorKit/Models/Enums/PaymentFrequency.swift (in target 'FinancialCalculatorKit' from project 'FinancialCalculatorKit')
    cd /Users/rogerlin/XCode-Projects/FinancialCalculatorKit-5.0-updated-accent-colors
    

SwiftCompile normal arm64 /Users/rogerlin/XCode-Projects/FinancialCalculatorKit-5.0-updated-accent-colors/FinancialCalculatorKit/Models/Enums/TimeValueVariable.swift (in target 'FinancialCalculatorKit' from project 'FinancialCalculatorKit')
    cd /Users/rogerlin/XCode-Projects/FinancialCalculatorKit-5.0-updated-accent-colors
    

SwiftCompile normal arm64 Compiling\ AdvancedBondModels.swift,\ YieldCurveTypes.swift,\ BondCalculation.swift,\ CalculationMetadata.swift,\ DepreciationCalculation.swift,\ FinancialCalculation.swift,\ InvestmentCalculation.swift /Users/rogerlin/XCode-Projects/FinancialCalculatorKit-5.0-updated-accent-colors/FinancialCalculatorKit/Models/Bond/AdvancedBondModels.swift /Users/rogerlin/XCode-Projects/FinancialCalculatorKit-5.0-updated-accent-colors/FinancialCalculatorKit/Models/Bond/YieldCurveTypes.swift /Users/rogerlin/XCode-Projects/FinancialCalculatorKit-5.0-updated-accent-colors/FinancialCalculatorKit/Models/Calculation/BondCalculation.swift /Users/rogerlin/XCode-Projects/FinancialCalculatorKit-5.0-updated-accent-colors/FinancialCalculatorKit/Models/Calculation/CalculationMetadata.swift /Users/rogerlin/XCode-Projects/FinancialCalculatorKit-5.0-updated-accent-colors/FinancialCalculatorKit/Models/Calculation/DepreciationCalculation.swift /Users/rogerlin/XCode-Projects/FinancialCalculatorKit-5.0-updated-accent-colors/FinancialCalculatorKit/Models/Calculation/FinancialCalculation.swift /Users/rogerlin/XCode-Projects/FinancialCalculatorKit-5.0-updated-accent-colors/FinancialCalculatorKit/Models/Calculation/InvestmentCalculation.swift (in target 'FinancialCalculatorKit' from project 'FinancialCalculatorKit')
/Applications/Xcode.app/Contents/Developer/Toolchains/XcodeDefault.xctoolchain/usr/bin/swift-frontend -frontend -c -primary-file /Users/rogerlin/XCode-Projects/FinancialCalculatorKit-5.0-updated-accent-colors/FinancialCalculatorKit/Models/Bond/AdvancedBondModels.swift -primary-file /Users/rogerlin/XCode-Projects/FinancialCalculatorKit-5.0-updated-accent-colors/FinancialCalculatorKit/Models/Bond/YieldCurveTypes.swift -primary-file /Users/rogerlin/XCode-Projects/FinancialCalculatorKit-5.0-updated-accent-colors/FinancialCalculatorKit/Models/Calculation/BondCalculation.swift -primary-file /Users/rogerlin/XCode-Projects/FinancialCalculatorKit-5.0-updated-accent-colors/FinancialCalculatorKit/Models/Calculation/CalculationMetadata.swift -primary-file /Users/rogerlin/XCode-Projects/FinancialCalculatorKit-5.0-updated-accent-colors/FinancialCalculatorKit/Models/Calculation/DepreciationCalculation.swift -primary-file /Users/rogerlin/XCode-Projects/FinancialCalculatorKit-5.0-updated-accent-colors/FinancialCalculatorKit/Models/Calculation/FinancialCalculation.swift -primary-file /Users/rogerlin/XCode-Projects/FinancialCalculatorKit-5.0-updated-accent-colors/FinancialCalculatorKit/Models/Calculation/InvestmentCalculation.swift /Users/rogerlin/XCode-Projects/FinancialCalculatorKit-5.0-updated-accent-colors/FinancialCalculatorKit/Models/Calculation/LoanCalculation.swift /Users/rogerlin/XCode-Projects/FinancialCalculatorKit-5.0-updated-accent-colors/FinancialCalculatorKit/Models/Calculation/TimeValueCalculation.swift /Users/rogerlin/XCode-Projects/FinancialCalculatorKit-5.0-updated-accent-colors/FinancialCalculatorKit/Models/Enums/CalculationType.swift /Users/rogerlin/XCode-Projects/FinancialCalculatorKit-5.0-updated-accent-colors/FinancialCalculatorKit/Models/Enums/Currency.swift /Users/rogerlin/XCode-Projects/FinancialCalculatorKit-5.0-updated-accent-colors/FinancialCalculatorKit/Models/Enums/LoanType.swift /Users/rogerlin/XCode-Projects/FinancialCalculatorKit-5.0-updated-accent-colors/FinancialCalculatorKit/Models/Enums/PaymentFrequency.swift /Users/rogerlin/XCode-Projects/FinancialCalculatorKit-5.0-updated-accent-colors/FinancialCalculatorKit/Models/Enums/TimeValueVariable.swift /Users/rogerlin/XCode-Projects/FinancialCalculatorKit-5.0-updated-accent-colors/FinancialCalculatorKit/Models/Formula/FormulaReference.swift /Users/rogerlin/XCode-Projects/FinancialCalculatorKit-5.0-updated-accent-colors/FinancialCalculatorKit/Models/FRED/FREDModels.swift /Users/rogerlin/XCode-Projects/FinancialCalculatorKit-5.0-updated-accent-colors/FinancialCalculatorKit/Models/Options/AdvancedOptionsModels.swift /Users/rogerlin/XCode-Projects/FinancialCalculatorKit-5.0-updated-accent-colors/FinancialCalculatorKit/Models/ScientificCalculator/EquationDocument.swift /Users/rogerlin/XCode-Projects/FinancialCalculatorKit-5.0-updated-accent-colors/FinancialCalculatorKit/Models/ScientificCalculator/VariableStore.swift /Users/rogerlin/XCode-Projects/FinancialCalculatorKit-5.0-updated-accent-colors/FinancialCalculatorKit/Protocols/FinancialComputable.swift /Users/rogerlin/XCode-Projects/FinancialCalculatorKit-5.0-updated-accent-colors/FinancialCalculatorKit/Services/Bond/AdvancedBondPricingEngine.swift /Users/rogerlin/XCode-Projects/FinancialCalculatorKit-5.0-updated-accent-colors/FinancialCalculatorKit/Services/Options/AdvancedOptionsPricingEngine.swift /Users/rogerlin/XCode-Projects/FinancialCalculatorKit-5.0-updated-accent-colors/FinancialCalculatorKit/Services/AdvancedExpressionParser.swift /Users/rogerlin/XCode-Projects/FinancialCalculatorKit-5.0-updated-accent-colors/FinancialCalculatorKit/Services/AdvancedIRRCalculator.swift /Users/rogerlin/XCode-Projects/FinancialCalculatorKit-5.0-updated-accent-colors/FinancialCalculatorKit/Services/AdvancedMathFunctions.swift /Users/rogerlin/XCode-Projects/FinancialCalculatorKit-5.0-updated-accent-colors/FinancialCalculatorKit/Services/CalculationEngine.swift /Users/rogerlin/XCode-Projects/FinancialCalculatorKit-5.0-updated-accent-colors/FinancialCalculatorKit/Services/CSVHelper.swift /Users/rogerlin/XCode-Projects/FinancialCalculatorKit-5.0-updated-accent-colors/FinancialCalculatorKit/Services/CurrencyConversionService.swift /Users/rogerlin/XCode-Projects/FinancialCalculatorKit-5.0-updated-accent-colors/FinancialCalculatorKit/Services/ExchangeRateService.swift /Users/rogerlin/XCode-Projects/FinancialCalculatorKit-5.0-updated-accent-colors/FinancialCalculatorKit/Services/FinancialCalculator.swift /Users/rogerlin/XCode-Projects/FinancialCalculatorKit-5.0-updated-accent-colors/FinancialCalculatorKit/Services/FinancialValidation.swift /Users/rogerlin/XCode-Projects/FinancialCalculatorKit-5.0-updated-accent-colors/FinancialCalculatorKit/Services/FormulaAutoComplete.swift /Users/rogerlin/XCode-Projects/FinancialCalculatorKit-5.0-updated-accent-colors/FinancialCalculatorKit/Services/FREDService.swift /Users/rogerlin/XCode-Projects/FinancialCalculatorKit-5.0-updated-accent-colors/FinancialCalculatorKit/Services/HighPrecisionMath.swift /Users/rogerlin/XCode-Projects/FinancialCalculatorKit-5.0-updated-accent-colors/FinancialCalculatorKit/Services/HighPrecisionTestSuite.swift /Users/rogerlin/XCode-Projects/FinancialCalculatorKit-5.0-updated-accent-colors/FinancialCalculatorKit/Services/HighPrecisionValidation.swift /Users/rogerlin/XCode-Projects/FinancialCalculatorKit-5.0-updated-accent-colors/FinancialCalculatorKit/Services/TickerHistoryService.swift /Users/rogerlin/XCode-Projects/FinancialCalculatorKit-5.0-updated-accent-colors/FinancialCalculatorKit/Services/ValidationExtensions.swift /Users/rogerlin/XCode-Projects/FinancialCalculatorKit-5.0-updated-accent-colors/FinancialCalculatorKit/Services/ValidationService.swift /Users/rogerlin/XCode-Projects/FinancialCalculatorKit-5.0-updated-accent-colors/FinancialCalculatorKit/Services/ValidationTestSuite.swift /Users/rogerlin/XCode-Projects/FinancialCalculatorKit-5.0-updated-accent-colors/FinancialCalculatorKit/Utilities/Extensions/Date+Financial.swift /Users/rogerlin/XCode-Projects/FinancialCalculatorKit-5.0-updated-accent-colors/FinancialCalculatorKit/Utilities/Extensions/Double+Financial.swift /Users/rogerlin/XCode-Projects/FinancialCalculatorKit-5.0-updated-accent-colors/FinancialCalculatorKit/Utilities/CashFlowsTransformer.swift /Users/rogerlin/XCode-Projects/FinancialCalculatorKit-5.0-updated-accent-colors/FinancialCalculatorKit/Utilities/Formatters.swift /Users/rogerlin/XCode-Projects/FinancialCalculatorKit-5.0-updated-accent-colors/FinancialCalculatorKit/ViewHelpers/FormulaViewHelper.swift /Users/rogerlin/XCode-Projects/FinancialCalculatorKit-5.0-updated-accent-colors/FinancialCalculatorKit/ViewModels/MainViewModel.swift /Users/rogerlin/XCode-Projects/FinancialCalculatorKit-5.0-updated-accent-colors/FinancialCalculatorKit/Views/Calculator/AdvancedBondCalculatorView.swift /Users/rogerlin/XCode-Projects/FinancialCalculatorKit-5.0-updated-accent-colors/FinancialCalculatorKit/Views/Calculator/AmortizationView.swift /Users/rogerlin/XCode-Projects/FinancialCalculatorKit-5.0-updated-accent-colors/FinancialCalculatorKit/Views/Calculator/BondCalculatorView.swift /Users/rogerlin/XCode-Projects/FinancialCalculatorKit-5.0-updated-accent-colors/FinancialCalculatorKit/Views/Calculator/CompactCalculatorView.swift /Users/rogerlin/XCode-Projects/FinancialCalculatorKit-5.0-updated-accent-colors/FinancialCalculatorKit/Views/Calculator/CurrencyConverterView.swift /Users/rogerlin/XCode-Projects/FinancialCalculatorKit-5.0-updated-accent-colors/FinancialCalculatorKit/Views/Calculator/CustomScientificKeyboard.swift /Users/rogerlin/XCode-Projects/FinancialCalculatorKit-5.0-updated-accent-colors/FinancialCalculatorKit/Views/Calculator/DepreciationCalculatorView.swift /Users/rogerlin/XCode-Projects/FinancialCalculatorKit-5.0-updated-accent-colors/FinancialCalculatorKit/Views/Calculator/DocumentListView.swift /Users/rogerlin/XCode-Projects/FinancialCalculatorKit-5.0-updated-accent-colors/FinancialCalculatorKit/Views/Calculator/EquityValuationView.swift /Users/rogerlin/XCode-Projects/FinancialCalculatorKit-5.0-updated-accent-colors/FinancialCalculatorKit/Views/Calculator/FixedIncomeAnalyticsView.swift /Users/rogerlin/XCode-Projects/FinancialCalculatorKit-5.0-updated-accent-colors/FinancialCalculatorKit/Views/Calculator/FormulaLibraryView.swift /Users/rogerlin/XCode-Projects/FinancialCalculatorKit-5.0-updated-accent-colors/FinancialCalculatorKit/Views/Calculator/ForwardsCalculatorView.swift /Users/rogerlin/XCode-Projects/FinancialCalculatorKit-5.0-updated-accent-colors/FinancialCalculatorKit/Views/Calculator/FuturesCalculatorView.swift /Users/rogerlin/XCode-Projects/FinancialCalculatorKit-5.0-updated-accent-colors/FinancialCalculatorKit/Views/Calculator/FutureValueView.swift /Users/rogerlin/XCode-Projects/FinancialCalculatorKit-5.0-updated-accent-colors/FinancialCalculatorKit/Views/Calculator/HighPrecisionCalculatorView.swift /Users/rogerlin/XCode-Projects/FinancialCalculatorKit-5.0-updated-accent-colors/FinancialCalculatorKit/Views/Calculator/InvestmentCalculatorView.swift /Users/rogerlin/XCode-Projects/FinancialCalculatorKit-5.0-updated-accent-colors/FinancialCalculatorKit/Views/Calculator/LoanCalculatorView.swift /Users/rogerlin/XCode-Projects/FinancialCalculatorKit-5.0-updated-accent-colors/FinancialCalculatorKit/Views/Calculator/LoanResultView.swift /Users/rogerlin/XCode-Projects/FinancialCalculatorKit-5.0-updated-accent-colors/FinancialCalculatorKit/Views/Calculator/MathExpressionCalculatorView.swift /Users/rogerlin/XCode-Projects/FinancialCalculatorKit-5.0-updated-accent-colors/FinancialCalculatorKit/Views/Calculator/OptionsCalculatorView.swift /Users/rogerlin/XCode-Projects/FinancialCalculatorKit-5.0-updated-accent-colors/FinancialCalculatorKit/Views/Calculator/OptionsStrategiesView.swift /Users/rogerlin/XCode-Projects/FinancialCalculatorKit-5.0-updated-accent-colors/FinancialCalculatorKit/Views/Calculator/PlaceholderViews.swift /Users/rogerlin/XCode-Projects/FinancialCalculatorKit-5.0-updated-accent-colors/FinancialCalculatorKit/Views/Calculator/PortfolioOptimizationView.swift /Users/rogerlin/XCode-Projects/FinancialCalculatorKit-5.0-updated-accent-colors/FinancialCalculatorKit/Views/Calculator/PrecisionDemoView.swift /Users/rogerlin/XCode-Projects/FinancialCalculatorKit-5.0-updated-accent-colors/FinancialCalculatorKit/Views/Calculator/RiskManagementView.swift /Users/rogerlin/XCode-Projects/FinancialCalculatorKit-5.0-updated-accent-colors/FinancialCalculatorKit/Views/Calculator/ScientificCalculatorView.swift /Users/rogerlin/XCode-Projects/FinancialCalculatorKit-5.0-updated-accent-colors/FinancialCalculatorKit/Views/Calculator/SwapsCalculatorView.swift /Users/rogerlin/XCode-Projects/FinancialCalculatorKit-5.0-updated-accent-colors/FinancialCalculatorKit/Views/Calculator/TemplateViews.swift /Users/rogerlin/XCode-Projects/FinancialCalculatorKit-5.0-updated-accent-colors/FinancialCalculatorKit/Views/Calculator/TickerHistoryView.swift /Users/rogerlin/XCode-Projects/FinancialCalculatorKit-5.0-updated-accent-colors/FinancialCalculatorKit/Views/Calculator/TimeValueCalculatorView.swift /Users/rogerlin/XCode-Projects/FinancialCalculatorKit-5.0-updated-accent-colors/FinancialCalculatorKit/Views/Calculator/TimeValueResultView.swift /Users/rogerlin/XCode-Projects/FinancialCalculatorKit-5.0-updated-accent-colors/FinancialCalculatorKit/Views/Calculator/UnitConverterView.swift /Users/rogerlin/XCode-Projects/FinancialCalculatorKit-5.0-updated-accent-colors/FinancialCalculatorKit/Views/Calculator/VariableManagementView.swift /Users/rogerlin/XCode-Projects/FinancialCalculatorKit-5.0-updated-accent-colors/FinancialCalculatorKit/Views/Charts/FinancialChartView.swift /Users/rogerlin/XCode-Projects/FinancialCalculatorKit-5.0-updated-accent-colors/FinancialCalculatorKit/Views/Charts/InteractiveFinancialCharts.swift /Users/rogerlin/XCode-Projects/FinancialCalculatorKit-5.0-updated-accent-colors/FinancialCalculatorKit/Views/Components/DetailRow.swift /Users/rogerlin/XCode-Projects/FinancialCalculatorKit-5.0-updated-accent-colors/FinancialCalculatorKit/Views/Components/DynamicInputSection.swift /Users/rogerlin/XCode-Projects/FinancialCalculatorKit-5.0-updated-accent-colors/FinancialCalculatorKit/Views/Components/EnhancedInputFields.swift /Users/rogerlin/XCode-Projects/FinancialCalculatorKit-5.0-updated-accent-colors/FinancialCalculatorKit/Views/Components/FinancialStyles.swift /Users/rogerlin/XCode-Projects/FinancialCalculatorKit-5.0-updated-accent-colors/FinancialCalculatorKit/Views/Components/InputFieldView.swift /Users/rogerlin/XCode-Projects/FinancialCalculatorKit-5.0-updated-accent-colors/FinancialCalculatorKit/Views/Components/InteractiveDataTables.swift /Users/rogerlin/XCode-Projects/FinancialCalculatorKit-5.0-updated-accent-colors/FinancialCalculatorKit/Views/Components/LoadingResultView.swift /Users/rogerlin/XCode-Projects/FinancialCalculatorKit-5.0-updated-accent-colors/FinancialCalculatorKit/Views/Components/NumbersOnlyViewModifier.swift /Users/rogerlin/XCode-Projects/FinancialCalculatorKit-5.0-updated-accent-colors/FinancialCalculatorKit/Views/Components/ResultDisplayView.swift /Users/rogerlin/XCode-Projects/FinancialCalculatorKit-5.0-updated-accent-colors/FinancialCalculatorKit/Views/Components/StatusIndicator.swift /Users/rogerlin/XCode-Projects/FinancialCalculatorKit-5.0-updated-accent-colors/FinancialCalculatorKit/Views/Components/ValidationSummaryView.swift /Users/rogerlin/XCode-Projects/FinancialCalculatorKit-5.0-updated-accent-colors/FinancialCalculatorKit/Views/FRED/FREDDataView.swift /Users/rogerlin/XCode-Projects/FinancialCalculatorKit-5.0-updated-accent-colors/FinancialCalculatorKit/Views/Reference/FormulaReferenceView.swift /Users/rogerlin/XCode-Projects/FinancialCalculatorKit-5.0-updated-accent-colors/FinancialCalculatorKit/Views/Reference/FormulaVariableView.swift /Users/rogerlin/XCode-Projects/FinancialCalculatorKit-5.0-updated-accent-colors/FinancialCalculatorKit/Views/Reference/FormulaVariantView.swift /Users/rogerlin/XCode-Projects/FinancialCalculatorKit-5.0-updated-accent-colors/FinancialCalculatorKit/ContentView.swift /Users/rogerlin/XCode-Projects/FinancialCalculatorKit-5.0-updated-accent-colors/FinancialCalculatorKit/FinancialCalculatorKitApp.swift /Users/rogerlin/XCode-Projects/FinancialCalculatorKit-5.0-updated-accent-colors/FinancialCalculatorKit/Item.swift /Users/rogerlin/Library/Developer/Xcode/DerivedData/FinancialCalculatorKit-ackorybalcxbfocbkqsfdzcfkgmn/Build/Intermediates.noindex/FinancialCalculatorKit.build/Debug/FinancialCalculatorKit.build/DerivedSources/GeneratedAssetSymbols.swift -supplementary-output-file-map /Users/rogerlin/Library/Developer/Xcode/DerivedData/FinancialCalculatorKit-ackorybalcxbfocbkqsfdzcfkgmn/Build/Intermediates.noindex/FinancialCalculatorKit.build/Debug/FinancialCalculatorKit.build/Objects-normal/arm64/supplementaryOutputs-51 -emit-localized-strings -emit-localized-strings-path /Users/rogerlin/Library/Developer/Xcode/DerivedData/FinancialCalculatorKit-ackorybalcxbfocbkqsfdzcfkgmn/Build/Intermediates.noindex/FinancialCalculatorKit.build/Debug/FinancialCalculatorKit.build/Objects-normal/arm64 -target arm64-apple-macos14.0 -module-can-import-version AppKit 2685.20.119 2685.20.119 -module-can-import-version DeveloperToolsSupport 23.0.4 23.0.4 -module-can-import-version SwiftUI 7.1.13.1 7.1.13 -disable-cross-import-overlay-search -swift-module-cross-import SwiftData /Applications/Xcode.app/Contents/Developer/Platforms/MacOSX.platform/Developer/SDKs/MacOSX26.1.sdk/System/Library/Frameworks/SwiftData.framework/Modules/SwiftData.swiftcrossimport/CoreData.swiftoverlay -swift-module-cross-import SwiftData /Applications/Xcode.app/Contents/Developer/Platforms/MacOSX.platform/Developer/SDKs/MacOSX26.1.sdk/System/Library/Frameworks/SwiftData.framework/Modules/SwiftData.swiftcrossimport/SwiftUI.swiftoverlay -load-resolved-plugin \#/Users/rogerlin/Library/Developer/Xcode/DerivedData/FinancialCalculatorKit-ackorybalcxbfocbkqsfdzcfkgmn/Build/Products/Debug/CasePathsMacros\#CasePathsMacros -load-resolved-plugin /Applications/Xcode.app/Contents/Developer/Platforms/MacOSX.platform/Developer/usr/lib/swift/host/plugins/libFoundationMacros.dylib\#/Applications/Xcode.app/Contents/Developer/Platforms/MacOSX.platform/Developer/usr/bin/swift-plugin-server\#FoundationMacros -load-resolved-plugin /Applications/Xcode.app/Contents/Developer/Platforms/MacOSX.platform/Developer/usr/lib/swift/host/plugins/libObservationMacros.dylib\#/Applications/Xcode.app/Contents/Developer/Platforms/MacOSX.platform/Developer/usr/bin/swift-plugin-server\#ObservationMacros -load-resolved-plugin /Applications/Xcode.app/Contents/Developer/Platforms/MacOSX.platform/Developer/usr/lib/swift/host/plugins/libPreviewsMacros.dylib\#/Applications/Xcode.app/Contents/Developer/Platforms/MacOSX.platform/Developer/usr/bin/swift-plugin-server\#PreviewsMacros -load-resolved-plugin /Applications/Xcode.app/Contents/Developer/Platforms/MacOSX.platform/Developer/usr/lib/swift/host/plugins/libSwiftDataMacros.dylib\#/Applications/Xcode.app/Contents/Developer/Platforms/MacOSX.platform/Developer/usr/bin/swift-plugin-server\#SwiftDataMacros -load-resolved-plugin /Applications/Xcode.app/Contents/Developer/Platforms/MacOSX.platform/Developer/usr/lib/swift/host/plugins/libSwiftMacros.dylib\#/Applications/Xcode.app/Contents/Developer/Platforms/MacOSX.platform/Developer/usr/bin/swift-plugin-server\#SwiftMacros -load-resolved-plugin /Applications/Xcode.app/Contents/Developer/Platforms/MacOSX.platform/Developer/usr/lib/swift/host/plugins/libSwiftUIMacros.dylib\#/Applications/Xcode.app/Contents/Developer/Platforms/MacOSX.platform/Developer/usr/bin/swift-plugin-server\#SwiftUIMacros -disable-implicit-swift-modules -Xcc -fno-implicit-modules -Xcc -fno-implicit-module-maps -explicit-swift-module-map-file /Users/rogerlin/Library/Developer/Xcode/DerivedData/FinancialCalculatorKit-ackorybalcxbfocbkqsfdzcfkgmn/Build/Intermediates.noindex/FinancialCalculatorKit.build/Debug/FinancialCalculatorKit.build/Objects-normal/arm64/FinancialCalculatorKit-dependencies-1.json -Xllvm -aarch64-use-tbi -enable-objc-interop -stack-check -sdk /Applications/Xcode.app/Contents/Developer/Platforms/MacOSX.platform/Developer/SDKs/MacOSX26.1.sdk -I /Users/rogerlin/Library/Developer/Xcode/DerivedData/FinancialCalculatorKit-ackorybalcxbfocbkqsfdzcfkgmn/Build/Products/Debug -F /Users/rogerlin/Library/Developer/Xcode/DerivedData/FinancialCalculatorKit-ackorybalcxbfocbkqsfdzcfkgmn/Build/Products/Debug/PackageFrameworks -F /Users/rogerlin/Library/Developer/Xcode/DerivedData/FinancialCalculatorKit-ackorybalcxbfocbkqsfdzcfkgmn/Build/Products/Debug/PackageFrameworks -F /Users/rogerlin/Library/Developer/Xcode/DerivedData/FinancialCalculatorKit-ackorybalcxbfocbkqsfdzcfkgmn/Build/Products/Debug/PackageFrameworks -F /Users/rogerlin/Library/Developer/Xcode/DerivedData/FinancialCalculatorKit-ackorybalcxbfocbkqsfdzcfkgmn/Build/Products/Debug/PackageFrameworks -F /Users/rogerlin/Library/Developer/Xcode/DerivedData/FinancialCalculatorKit-ackorybalcxbfocbkqsfdzcfkgmn/Build/Products/Debug/PackageFrameworks -F /Users/rogerlin/Library/Developer/Xcode/DerivedData/FinancialCalculatorKit-ackorybalcxbfocbkqsfdzcfkgmn/Build/Products/Debug/PackageFrameworks -F /Users/rogerlin/Library/Developer/Xcode/DerivedData/FinancialCalculatorKit-ackorybalcxbfocbkqsfdzcfkgmn/Build/Products/Debug/PackageFrameworks -F /Users/rogerlin/Library/Developer/Xcode/DerivedData/FinancialCalculatorKit-ackorybalcxbfocbkqsfdzcfkgmn/Build/Products/Debug/PackageFrameworks -F /Users/rogerlin/Library/Developer/Xcode/DerivedData/FinancialCalculatorKit-ackorybalcxbfocbkqsfdzcfkgmn/Build/Products/Debug/PackageFrameworks -F /Users/rogerlin/Library/Developer/Xcode/DerivedData/FinancialCalculatorKit-ackorybalcxbfocbkqsfdzcfkgmn/Build/Products/Debug/PackageFrameworks -F /Users/rogerlin/Library/Developer/Xcode/DerivedData/FinancialCalculatorKit-ackorybalcxbfocbkqsfdzcfkgmn/Build/Products/Debug/PackageFrameworks -F /Users/rogerlin/Library/Developer/Xcode/DerivedData/FinancialCalculatorKit-ackorybalcxbfocbkqsfdzcfkgmn/Build/Products/Debug/PackageFrameworks -F /Users/rogerlin/Library/Developer/Xcode/DerivedData/FinancialCalculatorKit-ackorybalcxbfocbkqsfdzcfkgmn/Build/Products/Debug/PackageFrameworks -F /Users/rogerlin/Library/Developer/Xcode/DerivedData/FinancialCalculatorKit-ackorybalcxbfocbkqsfdzcfkgmn/Build/Products/Debug/PackageFrameworks -F /Users/rogerlin/Library/Developer/Xcode/DerivedData/FinancialCalculatorKit-ackorybalcxbfocbkqsfdzcfkgmn/Build/Products/Debug/PackageFrameworks -F /Users/rogerlin/Library/Developer/Xcode/DerivedData/FinancialCalculatorKit-ackorybalcxbfocbkqsfdzcfkgmn/Build/Products/Debug/PackageFrameworks -F /Users/rogerlin/Library/Developer/Xcode/DerivedData/FinancialCalculatorKit-ackorybalcxbfocbkqsfdzcfkgmn/Build/Products/Debug/PackageFrameworks -F /Users/rogerlin/Library/Developer/Xcode/DerivedData/FinancialCalculatorKit-ackorybalcxbfocbkqsfdzcfkgmn/Build/Products/Debug/PackageFrameworks -F /Users/rogerlin/Library/Developer/Xcode/DerivedData/FinancialCalculatorKit-ackorybalcxbfocbkqsfdzcfkgmn/Build/Products/Debug/PackageFrameworks -F /Users/rogerlin/Library/Developer/Xcode/DerivedData/FinancialCalculatorKit-ackorybalcxbfocbkqsfdzcfkgmn/Build/Products/Debug -no-color-diagnostics -Xcc -fno-color-diagnostics -enable-testing -g -debug-info-format\=dwarf -dwarf-version\=4 -module-cache-path /Users/rogerlin/Library/Developer/Xcode/DerivedData/FinancialCalculatorKit-ackorybalcxbfocbkqsfdzcfkgmn/Build/Intermediates.noindex/SwiftExplicitPrecompiledModules -profile-generate -profile-coverage-mapping -swift-version 5 -enforce-exclusivity\=checked -Onone -D DEBUG -serialize-debugging-options -load-plugin-executable /Users/rogerlin/Library/Developer/Xcode/DerivedData/FinancialCalculatorKit-ackorybalcxbfocbkqsfdzcfkgmn/Build/Products/Debug/CasePathsMacros\#CasePathsMacros -const-gather-protocols-file /Users/rogerlin/Library/Developer/Xcode/DerivedData/FinancialCalculatorKit-ackorybalcxbfocbkqsfdzcfkgmn/Build/Intermediates.noindex/FinancialCalculatorKit.build/Debug/FinancialCalculatorKit.build/Objects-normal/arm64/FinancialCalculatorKit_const_extract_protocols.json -enable-experimental-feature DebugDescriptionMacro -enable-bare-slash-regex -empty-abi-descriptor -validate-clang-modules-once -clang-build-session-file /Users/rogerlin/Library/Developer/Xcode/DerivedData/ModuleCache.noindex/Session.modulevalidation -Xcc -working-directory -Xcc /Users/rogerlin/XCode-Projects/FinancialCalculatorKit-5.0-updated-accent-colors -enable-anonymous-context-mangled-names -file-compilation-dir /Users/rogerlin/XCode-Projects/FinancialCalculatorKit-5.0-updated-accent-colors -Xcc -D_LIBCPP_HARDENING_MODE\=_LIBCPP_HARDENING_MODE_DEBUG -Xcc -ivfsstatcache -Xcc /Users/rogerlin/Library/Developer/Xcode/DerivedData/SDKStatCaches.noindex/macosx26.1-25B74-3ae1261907bdadc328169391a47051a6.sdkstatcache -Xcc -I/Users/rogerlin/Library/Developer/Xcode/DerivedData/FinancialCalculatorKit-ackorybalcxbfocbkqsfdzcfkgmn/Build/Intermediates.noindex/FinancialCalculatorKit.build/Debug/FinancialCalculatorKit.build/swift-overrides.hmap -Xcc -iquote -Xcc /Users/rogerlin/Library/Developer/Xcode/DerivedData/FinancialCalculatorKit-ackorybalcxbfocbkqsfdzcfkgmn/Build/Intermediates.noindex/FinancialCalculatorKit.build/Debug/FinancialCalculatorKit.build/FinancialCalculatorKit-generated-files.hmap -Xcc -I/Users/rogerlin/Library/Developer/Xcode/DerivedData/FinancialCalculatorKit-ackorybalcxbfocbkqsfdzcfkgmn/Build/Intermediates.noindex/FinancialCalculatorKit.build/Debug/FinancialCalculatorKit.build/FinancialCalculatorKit-own-target-headers.hmap -Xcc -I/Users/rogerlin/Library/Developer/Xcode/DerivedData/FinancialCalculatorKit-ackorybalcxbfocbkqsfdzcfkgmn/Build/Intermediates.noindex/FinancialCalculatorKit.build/Debug/FinancialCalculatorKit.build/FinancialCalculatorKit-all-non-framework-target-headers.hmap -Xcc -ivfsoverlay -Xcc /Users/rogerlin/Library/Developer/Xcode/DerivedData/FinancialCalculatorKit-ackorybalcxbfocbkqsfdzcfkgmn/Build/Intermediates.noindex/FinancialCalculatorKit.build/Debug/FinancialCalculatorKit-b796aaad08c4b307251b75ea7c01aae2-VFS/all-product-headers.yaml -Xcc -iquote -Xcc /Users/rogerlin/Library/Developer/Xcode/DerivedData/FinancialCalculatorKit-ackorybalcxbfocbkqsfdzcfkgmn/Build/Intermediates.noindex/FinancialCalculatorKit.build/Debug/FinancialCalculatorKit.build/FinancialCalculatorKit-project-headers.hmap -Xcc -I/Users/rogerlin/Library/Developer/Xcode/DerivedData/FinancialCalculatorKit-ackorybalcxbfocbkqsfdzcfkgmn/SourcePackages/checkouts/swift-numerics/Sources/_NumericsShims/include -Xcc -I/Users/rogerlin/Library/Developer/Xcode/DerivedData/FinancialCalculatorKit-ackorybalcxbfocbkqsfdzcfkgmn/Build/Products/Debug/include -Xcc -I/Users/rogerlin/Library/Developer/Xcode/DerivedData/FinancialCalculatorKit-ackorybalcxbfocbkqsfdzcfkgmn/Build/Intermediates.noindex/FinancialCalculatorKit.build/Debug/FinancialCalculatorKit.build/DerivedSources-normal/arm64 -Xcc -I/Users/rogerlin/Library/Developer/Xcode/DerivedData/FinancialCalculatorKit-ackorybalcxbfocbkqsfdzcfkgmn/Build/Intermediates.noindex/FinancialCalculatorKit.build/Debug/FinancialCalculatorKit.build/DerivedSources/arm64 -Xcc -I/Users/rogerlin/Library/Developer/Xcode/DerivedData/FinancialCalculatorKit-ackorybalcxbfocbkqsfdzcfkgmn/Build/Intermediates.noindex/FinancialCalculatorKit.build/Debug/FinancialCalculatorKit.build/DerivedSources -Xcc -DDEBUG\=1 -no-auto-bridging-header-chaining -module-name FinancialCalculatorKit -frontend-parseable-output -disable-clang-spi -target-sdk-version 26.1 -target-sdk-name macosx26.1 -clang-target arm64-apple-macos26.1 -in-process-plugin-server-path /Applications/Xcode.app/Contents/Developer/Toolchains/XcodeDefault.xctoolchain/usr/lib/swift/host/libSwiftInProcPluginServer.dylib -o /Users/rogerlin/Library/Developer/Xcode/DerivedData/FinancialCalculatorKit-ackorybalcxbfocbkqsfdzcfkgmn/Build/Intermediates.noindex/FinancialCalculatorKit.build/Debug/FinancialCalculatorKit.build/Objects-normal/arm64/AdvancedBondModels.o -o /Users/rogerlin/Library/Developer/Xcode/DerivedData/FinancialCalculatorKit-ackorybalcxbfocbkqsfdzcfkgmn/Build/Intermediates.noindex/FinancialCalculatorKit.build/Debug/FinancialCalculatorKit.build/Objects-normal/arm64/YieldCurveTypes.o -o /Users/rogerlin/Library/Developer/Xcode/DerivedData/FinancialCalculatorKit-ackorybalcxbfocbkqsfdzcfkgmn/Build/Intermediates.noindex/FinancialCalculatorKit.build/Debug/FinancialCalculatorKit.build/Objects-normal/arm64/BondCalculation.o -o /Users/rogerlin/Library/Developer/Xcode/DerivedData/FinancialCalculatorKit-ackorybalcxbfocbkqsfdzcfkgmn/Build/Intermediates.noindex/FinancialCalculatorKit.build/Debug/FinancialCalculatorKit.build/Objects-normal/arm64/CalculationMetadata.o -o /Users/rogerlin/Library/Developer/Xcode/DerivedData/FinancialCalculatorKit-ackorybalcxbfocbkqsfdzcfkgmn/Build/Intermediates.noindex/FinancialCalculatorKit.build/Debug/FinancialCalculatorKit.build/Objects-normal/arm64/DepreciationCalculation.o -o /Users/rogerlin/Library/Developer/Xcode/DerivedData/FinancialCalculatorKit-ackorybalcxbfocbkqsfdzcfkgmn/Build/Intermediates.noindex/FinancialCalculatorKit.build/Debug/FinancialCalculatorKit.build/Objects-normal/arm64/FinancialCalculation.o -o /Users/rogerlin/Library/Developer/Xcode/DerivedData/FinancialCalculatorKit-ackorybalcxbfocbkqsfdzcfkgmn/Build/Intermediates.noindex/FinancialCalculatorKit.build/Debug/FinancialCalculatorKit.build/Objects-normal/arm64/InvestmentCalculation.o -index-unit-output-path /FinancialCalculatorKit.build/Debug/FinancialCalculatorKit.build/Objects-normal/arm64/AdvancedBondModels.o -index-unit-output-path /FinancialCalculatorKit.build/Debug/FinancialCalculatorKit.build/Objects-normal/arm64/YieldCurveTypes.o -index-unit-output-path /FinancialCalculatorKit.build/Debug/FinancialCalculatorKit.build/Objects-normal/arm64/BondCalculation.o -index-unit-output-path /FinancialCalculatorKit.build/Debug/FinancialCalculatorKit.build/Objects-normal/arm64/CalculationMetadata.o -index-unit-output-path /FinancialCalculatorKit.build/Debug/FinancialCalculatorKit.build/Objects-normal/arm64/DepreciationCalculation.o -index-unit-output-path /FinancialCalculatorKit.build/Debug/FinancialCalculatorKit.build/Objects-normal/arm64/FinancialCalculation.o -index-unit-output-path /FinancialCalculatorKit.build/Debug/FinancialCalculatorKit.build/Objects-normal/arm64/InvestmentCalculation.o -index-store-path /Users/rogerlin/Library/Developer/Xcode/DerivedData/FinancialCalculatorKit-ackorybalcxbfocbkqsfdzcfkgmn/Index.noindex/DataStore -index-system-modules

SwiftCompile normal arm64 /Users/rogerlin/XCode-Projects/FinancialCalculatorKit-5.0-updated-accent-colors/FinancialCalculatorKit/Models/Bond/AdvancedBondModels.swift (in target 'FinancialCalculatorKit' from project 'FinancialCalculatorKit')
    cd /Users/rogerlin/XCode-Projects/FinancialCalculatorKit-5.0-updated-accent-colors
    

SwiftCompile normal arm64 /Users/rogerlin/XCode-Projects/FinancialCalculatorKit-5.0-updated-accent-colors/FinancialCalculatorKit/Models/Bond/YieldCurveTypes.swift (in target 'FinancialCalculatorKit' from project 'FinancialCalculatorKit')
    cd /Users/rogerlin/XCode-Projects/FinancialCalculatorKit-5.0-updated-accent-colors
    

SwiftCompile normal arm64 /Users/rogerlin/XCode-Projects/FinancialCalculatorKit-5.0-updated-accent-colors/FinancialCalculatorKit/Models/Calculation/BondCalculation.swift (in target 'FinancialCalculatorKit' from project 'FinancialCalculatorKit')
    cd /Users/rogerlin/XCode-Projects/FinancialCalculatorKit-5.0-updated-accent-colors
    

SwiftCompile normal arm64 /Users/rogerlin/XCode-Projects/FinancialCalculatorKit-5.0-updated-accent-colors/FinancialCalculatorKit/Models/Calculation/CalculationMetadata.swift (in target 'FinancialCalculatorKit' from project 'FinancialCalculatorKit')
    cd /Users/rogerlin/XCode-Projects/FinancialCalculatorKit-5.0-updated-accent-colors
    

SwiftCompile normal arm64 /Users/rogerlin/XCode-Projects/FinancialCalculatorKit-5.0-updated-accent-colors/FinancialCalculatorKit/Models/Calculation/DepreciationCalculation.swift (in target 'FinancialCalculatorKit' from project 'FinancialCalculatorKit')
    cd /Users/rogerlin/XCode-Projects/FinancialCalculatorKit-5.0-updated-accent-colors
    

SwiftCompile normal arm64 /Users/rogerlin/XCode-Projects/FinancialCalculatorKit-5.0-updated-accent-colors/FinancialCalculatorKit/Models/Calculation/FinancialCalculation.swift (in target 'FinancialCalculatorKit' from project 'FinancialCalculatorKit')
    cd /Users/rogerlin/XCode-Projects/FinancialCalculatorKit-5.0-updated-accent-colors
    
/Users/rogerlin/XCode-Projects/FinancialCalculatorKit-5.0-updated-accent-colors/FinancialCalculatorKit/Models/Calculation/FinancialCalculation.swift:202:16: warning: immutable property will not be decoded because it is declared with an initial value which cannot be overwritten
    public let id = UUID()
               ^
/Users/rogerlin/XCode-Projects/FinancialCalculatorKit-5.0-updated-accent-colors/FinancialCalculatorKit/Models/Calculation/FinancialCalculation.swift:202:16: note: set the initial value via the initializer or explicitly define a CodingKeys enum including a 'id' case to silence this warning
    public let id = UUID()
               ^
/Users/rogerlin/XCode-Projects/FinancialCalculatorKit-5.0-updated-accent-colors/FinancialCalculatorKit/Models/Calculation/FinancialCalculation.swift:202:16: note: make the property mutable instead
    public let id = UUID()
           ~~~ ^
           var
/Users/rogerlin/XCode-Projects/FinancialCalculatorKit-5.0-updated-accent-colors/FinancialCalculatorKit/Models/Calculation/FinancialCalculation.swift:220:16: warning: immutable property will not be decoded because it is declared with an initial value which cannot be overwritten
    public let id = UUID()
               ^
/Users/rogerlin/XCode-Projects/FinancialCalculatorKit-5.0-updated-accent-colors/FinancialCalculatorKit/Models/Calculation/FinancialCalculation.swift:220:16: note: set the initial value via the initializer or explicitly define a CodingKeys enum including a 'id' case to silence this warning
    public let id = UUID()
               ^
/Users/rogerlin/XCode-Projects/FinancialCalculatorKit-5.0-updated-accent-colors/FinancialCalculatorKit/Models/Calculation/FinancialCalculation.swift:220:16: note: make the property mutable instead
    public let id = UUID()
           ~~~ ^
           var

SwiftCompile normal arm64 /Users/rogerlin/XCode-Projects/FinancialCalculatorKit-5.0-updated-accent-colors/FinancialCalculatorKit/Models/Calculation/InvestmentCalculation.swift (in target 'FinancialCalculatorKit' from project 'FinancialCalculatorKit')
    cd /Users/rogerlin/XCode-Projects/FinancialCalculatorKit-5.0-updated-accent-colors
    

SwiftCompile normal arm64 Compiling\ HighPrecisionTestSuite.swift,\ HighPrecisionValidation.swift,\ TickerHistoryService.swift,\ ValidationExtensions.swift,\ ValidationService.swift,\ ValidationTestSuite.swift /Users/rogerlin/XCode-Projects/FinancialCalculatorKit-5.0-updated-accent-colors/FinancialCalculatorKit/Services/HighPrecisionTestSuite.swift /Users/rogerlin/XCode-Projects/FinancialCalculatorKit-5.0-updated-accent-colors/FinancialCalculatorKit/Services/HighPrecisionValidation.swift /Users/rogerlin/XCode-Projects/FinancialCalculatorKit-5.0-updated-accent-colors/FinancialCalculatorKit/Services/TickerHistoryService.swift /Users/rogerlin/XCode-Projects/FinancialCalculatorKit-5.0-updated-accent-colors/FinancialCalculatorKit/Services/ValidationExtensions.swift /Users/rogerlin/XCode-Projects/FinancialCalculatorKit-5.0-updated-accent-colors/FinancialCalculatorKit/Services/ValidationService.swift /Users/rogerlin/XCode-Projects/FinancialCalculatorKit-5.0-updated-accent-colors/FinancialCalculatorKit/Services/ValidationTestSuite.swift (in target 'FinancialCalculatorKit' from project 'FinancialCalculatorKit')
/Applications/Xcode.app/Contents/Developer/Toolchains/XcodeDefault.xctoolchain/usr/bin/swift-frontend -frontend -c /Users/rogerlin/XCode-Projects/FinancialCalculatorKit-5.0-updated-accent-colors/FinancialCalculatorKit/Models/Bond/AdvancedBondModels.swift /Users/rogerlin/XCode-Projects/FinancialCalculatorKit-5.0-updated-accent-colors/FinancialCalculatorKit/Models/Bond/YieldCurveTypes.swift /Users/rogerlin/XCode-Projects/FinancialCalculatorKit-5.0-updated-accent-colors/FinancialCalculatorKit/Models/Calculation/BondCalculation.swift /Users/rogerlin/XCode-Projects/FinancialCalculatorKit-5.0-updated-accent-colors/FinancialCalculatorKit/Models/Calculation/CalculationMetadata.swift /Users/rogerlin/XCode-Projects/FinancialCalculatorKit-5.0-updated-accent-colors/FinancialCalculatorKit/Models/Calculation/DepreciationCalculation.swift /Users/rogerlin/XCode-Projects/FinancialCalculatorKit-5.0-updated-accent-colors/FinancialCalculatorKit/Models/Calculation/FinancialCalculation.swift /Users/rogerlin/XCode-Projects/FinancialCalculatorKit-5.0-updated-accent-colors/FinancialCalculatorKit/Models/Calculation/InvestmentCalculation.swift /Users/rogerlin/XCode-Projects/FinancialCalculatorKit-5.0-updated-accent-colors/FinancialCalculatorKit/Models/Calculation/LoanCalculation.swift /Users/rogerlin/XCode-Projects/FinancialCalculatorKit-5.0-updated-accent-colors/FinancialCalculatorKit/Models/Calculation/TimeValueCalculation.swift /Users/rogerlin/XCode-Projects/FinancialCalculatorKit-5.0-updated-accent-colors/FinancialCalculatorKit/Models/Enums/CalculationType.swift /Users/rogerlin/XCode-Projects/FinancialCalculatorKit-5.0-updated-accent-colors/FinancialCalculatorKit/Models/Enums/Currency.swift /Users/rogerlin/XCode-Projects/FinancialCalculatorKit-5.0-updated-accent-colors/FinancialCalculatorKit/Models/Enums/LoanType.swift /Users/rogerlin/XCode-Projects/FinancialCalculatorKit-5.0-updated-accent-colors/FinancialCalculatorKit/Models/Enums/PaymentFrequency.swift /Users/rogerlin/XCode-Projects/FinancialCalculatorKit-5.0-updated-accent-colors/FinancialCalculatorKit/Models/Enums/TimeValueVariable.swift /Users/rogerlin/XCode-Projects/FinancialCalculatorKit-5.0-updated-accent-colors/FinancialCalculatorKit/Models/Formula/FormulaReference.swift /Users/rogerlin/XCode-Projects/FinancialCalculatorKit-5.0-updated-accent-colors/FinancialCalculatorKit/Models/FRED/FREDModels.swift /Users/rogerlin/XCode-Projects/FinancialCalculatorKit-5.0-updated-accent-colors/FinancialCalculatorKit/Models/Options/AdvancedOptionsModels.swift /Users/rogerlin/XCode-Projects/FinancialCalculatorKit-5.0-updated-accent-colors/FinancialCalculatorKit/Models/ScientificCalculator/EquationDocument.swift /Users/rogerlin/XCode-Projects/FinancialCalculatorKit-5.0-updated-accent-colors/FinancialCalculatorKit/Models/ScientificCalculator/VariableStore.swift /Users/rogerlin/XCode-Projects/FinancialCalculatorKit-5.0-updated-accent-colors/FinancialCalculatorKit/Protocols/FinancialComputable.swift /Users/rogerlin/XCode-Projects/FinancialCalculatorKit-5.0-updated-accent-colors/FinancialCalculatorKit/Services/Bond/AdvancedBondPricingEngine.swift /Users/rogerlin/XCode-Projects/FinancialCalculatorKit-5.0-updated-accent-colors/FinancialCalculatorKit/Services/Options/AdvancedOptionsPricingEngine.swift /Users/rogerlin/XCode-Projects/FinancialCalculatorKit-5.0-updated-accent-colors/FinancialCalculatorKit/Services/AdvancedExpressionParser.swift /Users/rogerlin/XCode-Projects/FinancialCalculatorKit-5.0-updated-accent-colors/FinancialCalculatorKit/Services/AdvancedIRRCalculator.swift /Users/rogerlin/XCode-Projects/FinancialCalculatorKit-5.0-updated-accent-colors/FinancialCalculatorKit/Services/AdvancedMathFunctions.swift /Users/rogerlin/XCode-Projects/FinancialCalculatorKit-5.0-updated-accent-colors/FinancialCalculatorKit/Services/CalculationEngine.swift /Users/rogerlin/XCode-Projects/FinancialCalculatorKit-5.0-updated-accent-colors/FinancialCalculatorKit/Services/CSVHelper.swift /Users/rogerlin/XCode-Projects/FinancialCalculatorKit-5.0-updated-accent-colors/FinancialCalculatorKit/Services/CurrencyConversionService.swift /Users/rogerlin/XCode-Projects/FinancialCalculatorKit-5.0-updated-accent-colors/FinancialCalculatorKit/Services/ExchangeRateService.swift /Users/rogerlin/XCode-Projects/FinancialCalculatorKit-5.0-updated-accent-colors/FinancialCalculatorKit/Services/FinancialCalculator.swift /Users/rogerlin/XCode-Projects/FinancialCalculatorKit-5.0-updated-accent-colors/FinancialCalculatorKit/Services/FinancialValidation.swift /Users/rogerlin/XCode-Projects/FinancialCalculatorKit-5.0-updated-accent-colors/FinancialCalculatorKit/Services/FormulaAutoComplete.swift /Users/rogerlin/XCode-Projects/FinancialCalculatorKit-5.0-updated-accent-colors/FinancialCalculatorKit/Services/FREDService.swift /Users/rogerlin/XCode-Projects/FinancialCalculatorKit-5.0-updated-accent-colors/FinancialCalculatorKit/Services/HighPrecisionMath.swift -primary-file /Users/rogerlin/XCode-Projects/FinancialCalculatorKit-5.0-updated-accent-colors/FinancialCalculatorKit/Services/HighPrecisionTestSuite.swift -primary-file /Users/rogerlin/XCode-Projects/FinancialCalculatorKit-5.0-updated-accent-colors/FinancialCalculatorKit/Services/HighPrecisionValidation.swift -primary-file /Users/rogerlin/XCode-Projects/FinancialCalculatorKit-5.0-updated-accent-colors/FinancialCalculatorKit/Services/TickerHistoryService.swift -primary-file /Users/rogerlin/XCode-Projects/FinancialCalculatorKit-5.0-updated-accent-colors/FinancialCalculatorKit/Services/ValidationExtensions.swift -primary-file /Users/rogerlin/XCode-Projects/FinancialCalculatorKit-5.0-updated-accent-colors/FinancialCalculatorKit/Services/ValidationService.swift -primary-file /Users/rogerlin/XCode-Projects/FinancialCalculatorKit-5.0-updated-accent-colors/FinancialCalculatorKit/Services/ValidationTestSuite.swift /Users/rogerlin/XCode-Projects/FinancialCalculatorKit-5.0-updated-accent-colors/FinancialCalculatorKit/Utilities/Extensions/Date+Financial.swift /Users/rogerlin/XCode-Projects/FinancialCalculatorKit-5.0-updated-accent-colors/FinancialCalculatorKit/Utilities/Extensions/Double+Financial.swift /Users/rogerlin/XCode-Projects/FinancialCalculatorKit-5.0-updated-accent-colors/FinancialCalculatorKit/Utilities/CashFlowsTransformer.swift /Users/rogerlin/XCode-Projects/FinancialCalculatorKit-5.0-updated-accent-colors/FinancialCalculatorKit/Utilities/Formatters.swift /Users/rogerlin/XCode-Projects/FinancialCalculatorKit-5.0-updated-accent-colors/FinancialCalculatorKit/ViewHelpers/FormulaViewHelper.swift /Users/rogerlin/XCode-Projects/FinancialCalculatorKit-5.0-updated-accent-colors/FinancialCalculatorKit/ViewModels/MainViewModel.swift /Users/rogerlin/XCode-Projects/FinancialCalculatorKit-5.0-updated-accent-colors/FinancialCalculatorKit/Views/Calculator/AdvancedBondCalculatorView.swift /Users/rogerlin/XCode-Projects/FinancialCalculatorKit-5.0-updated-accent-colors/FinancialCalculatorKit/Views/Calculator/AmortizationView.swift /Users/rogerlin/XCode-Projects/FinancialCalculatorKit-5.0-updated-accent-colors/FinancialCalculatorKit/Views/Calculator/BondCalculatorView.swift /Users/rogerlin/XCode-Projects/FinancialCalculatorKit-5.0-updated-accent-colors/FinancialCalculatorKit/Views/Calculator/CompactCalculatorView.swift /Users/rogerlin/XCode-Projects/FinancialCalculatorKit-5.0-updated-accent-colors/FinancialCalculatorKit/Views/Calculator/CurrencyConverterView.swift /Users/rogerlin/XCode-Projects/FinancialCalculatorKit-5.0-updated-accent-colors/FinancialCalculatorKit/Views/Calculator/CustomScientificKeyboard.swift /Users/rogerlin/XCode-Projects/FinancialCalculatorKit-5.0-updated-accent-colors/FinancialCalculatorKit/Views/Calculator/DepreciationCalculatorView.swift /Users/rogerlin/XCode-Projects/FinancialCalculatorKit-5.0-updated-accent-colors/FinancialCalculatorKit/Views/Calculator/DocumentListView.swift /Users/rogerlin/XCode-Projects/FinancialCalculatorKit-5.0-updated-accent-colors/FinancialCalculatorKit/Views/Calculator/EquityValuationView.swift /Users/rogerlin/XCode-Projects/FinancialCalculatorKit-5.0-updated-accent-colors/FinancialCalculatorKit/Views/Calculator/FixedIncomeAnalyticsView.swift /Users/rogerlin/XCode-Projects/FinancialCalculatorKit-5.0-updated-accent-colors/FinancialCalculatorKit/Views/Calculator/FormulaLibraryView.swift /Users/rogerlin/XCode-Projects/FinancialCalculatorKit-5.0-updated-accent-colors/FinancialCalculatorKit/Views/Calculator/ForwardsCalculatorView.swift /Users/rogerlin/XCode-Projects/FinancialCalculatorKit-5.0-updated-accent-colors/FinancialCalculatorKit/Views/Calculator/FuturesCalculatorView.swift /Users/rogerlin/XCode-Projects/FinancialCalculatorKit-5.0-updated-accent-colors/FinancialCalculatorKit/Views/Calculator/FutureValueView.swift /Users/rogerlin/XCode-Projects/FinancialCalculatorKit-5.0-updated-accent-colors/FinancialCalculatorKit/Views/Calculator/HighPrecisionCalculatorView.swift /Users/rogerlin/XCode-Projects/FinancialCalculatorKit-5.0-updated-accent-colors/FinancialCalculatorKit/Views/Calculator/InvestmentCalculatorView.swift /Users/rogerlin/XCode-Projects/FinancialCalculatorKit-5.0-updated-accent-colors/FinancialCalculatorKit/Views/Calculator/LoanCalculatorView.swift /Users/rogerlin/XCode-Projects/FinancialCalculatorKit-5.0-updated-accent-colors/FinancialCalculatorKit/Views/Calculator/LoanResultView.swift /Users/rogerlin/XCode-Projects/FinancialCalculatorKit-5.0-updated-accent-colors/FinancialCalculatorKit/Views/Calculator/MathExpressionCalculatorView.swift /Users/rogerlin/XCode-Projects/FinancialCalculatorKit-5.0-updated-accent-colors/FinancialCalculatorKit/Views/Calculator/OptionsCalculatorView.swift /Users/rogerlin/XCode-Projects/FinancialCalculatorKit-5.0-updated-accent-colors/FinancialCalculatorKit/Views/Calculator/OptionsStrategiesView.swift /Users/rogerlin/XCode-Projects/FinancialCalculatorKit-5.0-updated-accent-colors/FinancialCalculatorKit/Views/Calculator/PlaceholderViews.swift /Users/rogerlin/XCode-Projects/FinancialCalculatorKit-5.0-updated-accent-colors/FinancialCalculatorKit/Views/Calculator/PortfolioOptimizationView.swift /Users/rogerlin/XCode-Projects/FinancialCalculatorKit-5.0-updated-accent-colors/FinancialCalculatorKit/Views/Calculator/PrecisionDemoView.swift /Users/rogerlin/XCode-Projects/FinancialCalculatorKit-5.0-updated-accent-colors/FinancialCalculatorKit/Views/Calculator/RiskManagementView.swift /Users/rogerlin/XCode-Projects/FinancialCalculatorKit-5.0-updated-accent-colors/FinancialCalculatorKit/Views/Calculator/ScientificCalculatorView.swift /Users/rogerlin/XCode-Projects/FinancialCalculatorKit-5.0-updated-accent-colors/FinancialCalculatorKit/Views/Calculator/SwapsCalculatorView.swift /Users/rogerlin/XCode-Projects/FinancialCalculatorKit-5.0-updated-accent-colors/FinancialCalculatorKit/Views/Calculator/TemplateViews.swift /Users/rogerlin/XCode-Projects/FinancialCalculatorKit-5.0-updated-accent-colors/FinancialCalculatorKit/Views/Calculator/TickerHistoryView.swift /Users/rogerlin/XCode-Projects/FinancialCalculatorKit-5.0-updated-accent-colors/FinancialCalculatorKit/Views/Calculator/TimeValueCalculatorView.swift /Users/rogerlin/XCode-Projects/FinancialCalculatorKit-5.0-updated-accent-colors/FinancialCalculatorKit/Views/Calculator/TimeValueResultView.swift /Users/rogerlin/XCode-Projects/FinancialCalculatorKit-5.0-updated-accent-colors/FinancialCalculatorKit/Views/Calculator/UnitConverterView.swift /Users/rogerlin/XCode-Projects/FinancialCalculatorKit-5.0-updated-accent-colors/FinancialCalculatorKit/Views/Calculator/VariableManagementView.swift /Users/rogerlin/XCode-Projects/FinancialCalculatorKit-5.0-updated-accent-colors/FinancialCalculatorKit/Views/Charts/FinancialChartView.swift /Users/rogerlin/XCode-Projects/FinancialCalculatorKit-5.0-updated-accent-colors/FinancialCalculatorKit/Views/Charts/InteractiveFinancialCharts.swift /Users/rogerlin/XCode-Projects/FinancialCalculatorKit-5.0-updated-accent-colors/FinancialCalculatorKit/Views/Components/DetailRow.swift /Users/rogerlin/XCode-Projects/FinancialCalculatorKit-5.0-updated-accent-colors/FinancialCalculatorKit/Views/Components/DynamicInputSection.swift /Users/rogerlin/XCode-Projects/FinancialCalculatorKit-5.0-updated-accent-colors/FinancialCalculatorKit/Views/Components/EnhancedInputFields.swift /Users/rogerlin/XCode-Projects/FinancialCalculatorKit-5.0-updated-accent-colors/FinancialCalculatorKit/Views/Components/FinancialStyles.swift /Users/rogerlin/XCode-Projects/FinancialCalculatorKit-5.0-updated-accent-colors/FinancialCalculatorKit/Views/Components/InputFieldView.swift /Users/rogerlin/XCode-Projects/FinancialCalculatorKit-5.0-updated-accent-colors/FinancialCalculatorKit/Views/Components/InteractiveDataTables.swift /Users/rogerlin/XCode-Projects/FinancialCalculatorKit-5.0-updated-accent-colors/FinancialCalculatorKit/Views/Components/LoadingResultView.swift /Users/rogerlin/XCode-Projects/FinancialCalculatorKit-5.0-updated-accent-colors/FinancialCalculatorKit/Views/Components/NumbersOnlyViewModifier.swift /Users/rogerlin/XCode-Projects/FinancialCalculatorKit-5.0-updated-accent-colors/FinancialCalculatorKit/Views/Components/ResultDisplayView.swift /Users/rogerlin/XCode-Projects/FinancialCalculatorKit-5.0-updated-accent-colors/FinancialCalculatorKit/Views/Components/StatusIndicator.swift /Users/rogerlin/XCode-Projects/FinancialCalculatorKit-5.0-updated-accent-colors/FinancialCalculatorKit/Views/Components/ValidationSummaryView.swift /Users/rogerlin/XCode-Projects/FinancialCalculatorKit-5.0-updated-accent-colors/FinancialCalculatorKit/Views/FRED/FREDDataView.swift /Users/rogerlin/XCode-Projects/FinancialCalculatorKit-5.0-updated-accent-colors/FinancialCalculatorKit/Views/Reference/FormulaReferenceView.swift /Users/rogerlin/XCode-Projects/FinancialCalculatorKit-5.0-updated-accent-colors/FinancialCalculatorKit/Views/Reference/FormulaVariableView.swift /Users/rogerlin/XCode-Projects/FinancialCalculatorKit-5.0-updated-accent-colors/FinancialCalculatorKit/Views/Reference/FormulaVariantView.swift /Users/rogerlin/XCode-Projects/FinancialCalculatorKit-5.0-updated-accent-colors/FinancialCalculatorKit/ContentView.swift /Users/rogerlin/XCode-Projects/FinancialCalculatorKit-5.0-updated-accent-colors/FinancialCalculatorKit/FinancialCalculatorKitApp.swift /Users/rogerlin/XCode-Projects/FinancialCalculatorKit-5.0-updated-accent-colors/FinancialCalculatorKit/Item.swift /Users/rogerlin/Library/Developer/Xcode/DerivedData/FinancialCalculatorKit-ackorybalcxbfocbkqsfdzcfkgmn/Build/Intermediates.noindex/FinancialCalculatorKit.build/Debug/FinancialCalculatorKit.build/DerivedSources/GeneratedAssetSymbols.swift -supplementary-output-file-map /Users/rogerlin/Library/Developer/Xcode/DerivedData/FinancialCalculatorKit-ackorybalcxbfocbkqsfdzcfkgmn/Build/Intermediates.noindex/FinancialCalculatorKit.build/Debug/FinancialCalculatorKit.build/Objects-normal/arm64/supplementaryOutputs-56 -emit-localized-strings -emit-localized-strings-path /Users/rogerlin/Library/Developer/Xcode/DerivedData/FinancialCalculatorKit-ackorybalcxbfocbkqsfdzcfkgmn/Build/Intermediates.noindex/FinancialCalculatorKit.build/Debug/FinancialCalculatorKit.build/Objects-normal/arm64 -target arm64-apple-macos14.0 -module-can-import-version AppKit 2685.20.119 2685.20.119 -module-can-import-version DeveloperToolsSupport 23.0.4 23.0.4 -module-can-import-version SwiftUI 7.1.13.1 7.1.13 -disable-cross-import-overlay-search -swift-module-cross-import SwiftData /Applications/Xcode.app/Contents/Developer/Platforms/MacOSX.platform/Developer/SDKs/MacOSX26.1.sdk/System/Library/Frameworks/SwiftData.framework/Modules/SwiftData.swiftcrossimport/CoreData.swiftoverlay -swift-module-cross-import SwiftData /Applications/Xcode.app/Contents/Developer/Platforms/MacOSX.platform/Developer/SDKs/MacOSX26.1.sdk/System/Library/Frameworks/SwiftData.framework/Modules/SwiftData.swiftcrossimport/SwiftUI.swiftoverlay -load-resolved-plugin \#/Users/rogerlin/Library/Developer/Xcode/DerivedData/FinancialCalculatorKit-ackorybalcxbfocbkqsfdzcfkgmn/Build/Products/Debug/CasePathsMacros\#CasePathsMacros -load-resolved-plugin /Applications/Xcode.app/Contents/Developer/Platforms/MacOSX.platform/Developer/usr/lib/swift/host/plugins/libFoundationMacros.dylib\#/Applications/Xcode.app/Contents/Developer/Platforms/MacOSX.platform/Developer/usr/bin/swift-plugin-server\#FoundationMacros -load-resolved-plugin /Applications/Xcode.app/Contents/Developer/Platforms/MacOSX.platform/Developer/usr/lib/swift/host/plugins/libObservationMacros.dylib\#/Applications/Xcode.app/Contents/Developer/Platforms/MacOSX.platform/Developer/usr/bin/swift-plugin-server\#ObservationMacros -load-resolved-plugin /Applications/Xcode.app/Contents/Developer/Platforms/MacOSX.platform/Developer/usr/lib/swift/host/plugins/libPreviewsMacros.dylib\#/Applications/Xcode.app/Contents/Developer/Platforms/MacOSX.platform/Developer/usr/bin/swift-plugin-server\#PreviewsMacros -load-resolved-plugin /Applications/Xcode.app/Contents/Developer/Platforms/MacOSX.platform/Developer/usr/lib/swift/host/plugins/libSwiftDataMacros.dylib\#/Applications/Xcode.app/Contents/Developer/Platforms/MacOSX.platform/Developer/usr/bin/swift-plugin-server\#SwiftDataMacros -load-resolved-plugin /Applications/Xcode.app/Contents/Developer/Platforms/MacOSX.platform/Developer/usr/lib/swift/host/plugins/libSwiftMacros.dylib\#/Applications/Xcode.app/Contents/Developer/Platforms/MacOSX.platform/Developer/usr/bin/swift-plugin-server\#SwiftMacros -load-resolved-plugin /Applications/Xcode.app/Contents/Developer/Platforms/MacOSX.platform/Developer/usr/lib/swift/host/plugins/libSwiftUIMacros.dylib\#/Applications/Xcode.app/Contents/Developer/Platforms/MacOSX.platform/Developer/usr/bin/swift-plugin-server\#SwiftUIMacros -disable-implicit-swift-modules -Xcc -fno-implicit-modules -Xcc -fno-implicit-module-maps -explicit-swift-module-map-file /Users/rogerlin/Library/Developer/Xcode/DerivedData/FinancialCalculatorKit-ackorybalcxbfocbkqsfdzcfkgmn/Build/Intermediates.noindex/FinancialCalculatorKit.build/Debug/FinancialCalculatorKit.build/Objects-normal/arm64/FinancialCalculatorKit-dependencies-1.json -Xllvm -aarch64-use-tbi -enable-objc-interop -stack-check -sdk /Applications/Xcode.app/Contents/Developer/Platforms/MacOSX.platform/Developer/SDKs/MacOSX26.1.sdk -I /Users/rogerlin/Library/Developer/Xcode/DerivedData/FinancialCalculatorKit-ackorybalcxbfocbkqsfdzcfkgmn/Build/Products/Debug -F /Users/rogerlin/Library/Developer/Xcode/DerivedData/FinancialCalculatorKit-ackorybalcxbfocbkqsfdzcfkgmn/Build/Products/Debug/PackageFrameworks -F /Users/rogerlin/Library/Developer/Xcode/DerivedData/FinancialCalculatorKit-ackorybalcxbfocbkqsfdzcfkgmn/Build/Products/Debug/PackageFrameworks -F /Users/rogerlin/Library/Developer/Xcode/DerivedData/FinancialCalculatorKit-ackorybalcxbfocbkqsfdzcfkgmn/Build/Products/Debug/PackageFrameworks -F /Users/rogerlin/Library/Developer/Xcode/DerivedData/FinancialCalculatorKit-ackorybalcxbfocbkqsfdzcfkgmn/Build/Products/Debug/PackageFrameworks -F /Users/rogerlin/Library/Developer/Xcode/DerivedData/FinancialCalculatorKit-ackorybalcxbfocbkqsfdzcfkgmn/Build/Products/Debug/PackageFrameworks -F /Users/rogerlin/Library/Developer/Xcode/DerivedData/FinancialCalculatorKit-ackorybalcxbfocbkqsfdzcfkgmn/Build/Products/Debug/PackageFrameworks -F /Users/rogerlin/Library/Developer/Xcode/DerivedData/FinancialCalculatorKit-ackorybalcxbfocbkqsfdzcfkgmn/Build/Products/Debug/PackageFrameworks -F /Users/rogerlin/Library/Developer/Xcode/DerivedData/FinancialCalculatorKit-ackorybalcxbfocbkqsfdzcfkgmn/Build/Products/Debug/PackageFrameworks -F /Users/rogerlin/Library/Developer/Xcode/DerivedData/FinancialCalculatorKit-ackorybalcxbfocbkqsfdzcfkgmn/Build/Products/Debug/PackageFrameworks -F /Users/rogerlin/Library/Developer/Xcode/DerivedData/FinancialCalculatorKit-ackorybalcxbfocbkqsfdzcfkgmn/Build/Products/Debug/PackageFrameworks -F /Users/rogerlin/Library/Developer/Xcode/DerivedData/FinancialCalculatorKit-ackorybalcxbfocbkqsfdzcfkgmn/Build/Products/Debug/PackageFrameworks -F /Users/rogerlin/Library/Developer/Xcode/DerivedData/FinancialCalculatorKit-ackorybalcxbfocbkqsfdzcfkgmn/Build/Products/Debug/PackageFrameworks -F /Users/rogerlin/Library/Developer/Xcode/DerivedData/FinancialCalculatorKit-ackorybalcxbfocbkqsfdzcfkgmn/Build/Products/Debug/PackageFrameworks -F /Users/rogerlin/Library/Developer/Xcode/DerivedData/FinancialCalculatorKit-ackorybalcxbfocbkqsfdzcfkgmn/Build/Products/Debug/PackageFrameworks -F /Users/rogerlin/Library/Developer/Xcode/DerivedData/FinancialCalculatorKit-ackorybalcxbfocbkqsfdzcfkgmn/Build/Products/Debug/PackageFrameworks -F /Users/rogerlin/Library/Developer/Xcode/DerivedData/FinancialCalculatorKit-ackorybalcxbfocbkqsfdzcfkgmn/Build/Products/Debug/PackageFrameworks -F /Users/rogerlin/Library/Developer/Xcode/DerivedData/FinancialCalculatorKit-ackorybalcxbfocbkqsfdzcfkgmn/Build/Products/Debug/PackageFrameworks -F /Users/rogerlin/Library/Developer/Xcode/DerivedData/FinancialCalculatorKit-ackorybalcxbfocbkqsfdzcfkgmn/Build/Products/Debug/PackageFrameworks -F /Users/rogerlin/Library/Developer/Xcode/DerivedData/FinancialCalculatorKit-ackorybalcxbfocbkqsfdzcfkgmn/Build/Products/Debug/PackageFrameworks -F /Users/rogerlin/Library/Developer/Xcode/DerivedData/FinancialCalculatorKit-ackorybalcxbfocbkqsfdzcfkgmn/Build/Products/Debug -no-color-diagnostics -Xcc -fno-color-diagnostics -enable-testing -g -debug-info-format\=dwarf -dwarf-version\=4 -module-cache-path /Users/rogerlin/Library/Developer/Xcode/DerivedData/FinancialCalculatorKit-ackorybalcxbfocbkqsfdzcfkgmn/Build/Intermediates.noindex/SwiftExplicitPrecompiledModules -profile-generate -profile-coverage-mapping -swift-version 5 -enforce-exclusivity\=checked -Onone -D DEBUG -serialize-debugging-options -load-plugin-executable /Users/rogerlin/Library/Developer/Xcode/DerivedData/FinancialCalculatorKit-ackorybalcxbfocbkqsfdzcfkgmn/Build/Products/Debug/CasePathsMacros\#CasePathsMacros -const-gather-protocols-file /Users/rogerlin/Library/Developer/Xcode/DerivedData/FinancialCalculatorKit-ackorybalcxbfocbkqsfdzcfkgmn/Build/Intermediates.noindex/FinancialCalculatorKit.build/Debug/FinancialCalculatorKit.build/Objects-normal/arm64/FinancialCalculatorKit_const_extract_protocols.json -enable-experimental-feature DebugDescriptionMacro -enable-bare-slash-regex -empty-abi-descriptor -validate-clang-modules-once -clang-build-session-file /Users/rogerlin/Library/Developer/Xcode/DerivedData/ModuleCache.noindex/Session.modulevalidation -Xcc -working-directory -Xcc /Users/rogerlin/XCode-Projects/FinancialCalculatorKit-5.0-updated-accent-colors -enable-anonymous-context-mangled-names -file-compilation-dir /Users/rogerlin/XCode-Projects/FinancialCalculatorKit-5.0-updated-accent-colors -Xcc -D_LIBCPP_HARDENING_MODE\=_LIBCPP_HARDENING_MODE_DEBUG -Xcc -ivfsstatcache -Xcc /Users/rogerlin/Library/Developer/Xcode/DerivedData/SDKStatCaches.noindex/macosx26.1-25B74-3ae1261907bdadc328169391a47051a6.sdkstatcache -Xcc -I/Users/rogerlin/Library/Developer/Xcode/DerivedData/FinancialCalculatorKit-ackorybalcxbfocbkqsfdzcfkgmn/Build/Intermediates.noindex/FinancialCalculatorKit.build/Debug/FinancialCalculatorKit.build/swift-overrides.hmap -Xcc -iquote -Xcc /Users/rogerlin/Library/Developer/Xcode/DerivedData/FinancialCalculatorKit-ackorybalcxbfocbkqsfdzcfkgmn/Build/Intermediates.noindex/FinancialCalculatorKit.build/Debug/FinancialCalculatorKit.build/FinancialCalculatorKit-generated-files.hmap -Xcc -I/Users/rogerlin/Library/Developer/Xcode/DerivedData/FinancialCalculatorKit-ackorybalcxbfocbkqsfdzcfkgmn/Build/Intermediates.noindex/FinancialCalculatorKit.build/Debug/FinancialCalculatorKit.build/FinancialCalculatorKit-own-target-headers.hmap -Xcc -I/Users/rogerlin/Library/Developer/Xcode/DerivedData/FinancialCalculatorKit-ackorybalcxbfocbkqsfdzcfkgmn/Build/Intermediates.noindex/FinancialCalculatorKit.build/Debug/FinancialCalculatorKit.build/FinancialCalculatorKit-all-non-framework-target-headers.hmap -Xcc -ivfsoverlay -Xcc /Users/rogerlin/Library/Developer/Xcode/DerivedData/FinancialCalculatorKit-ackorybalcxbfocbkqsfdzcfkgmn/Build/Intermediates.noindex/FinancialCalculatorKit.build/Debug/FinancialCalculatorKit-b796aaad08c4b307251b75ea7c01aae2-VFS/all-product-headers.yaml -Xcc -iquote -Xcc /Users/rogerlin/Library/Developer/Xcode/DerivedData/FinancialCalculatorKit-ackorybalcxbfocbkqsfdzcfkgmn/Build/Intermediates.noindex/FinancialCalculatorKit.build/Debug/FinancialCalculatorKit.build/FinancialCalculatorKit-project-headers.hmap -Xcc -I/Users/rogerlin/Library/Developer/Xcode/DerivedData/FinancialCalculatorKit-ackorybalcxbfocbkqsfdzcfkgmn/SourcePackages/checkouts/swift-numerics/Sources/_NumericsShims/include -Xcc -I/Users/rogerlin/Library/Developer/Xcode/DerivedData/FinancialCalculatorKit-ackorybalcxbfocbkqsfdzcfkgmn/Build/Products/Debug/include -Xcc -I/Users/rogerlin/Library/Developer/Xcode/DerivedData/FinancialCalculatorKit-ackorybalcxbfocbkqsfdzcfkgmn/Build/Intermediates.noindex/FinancialCalculatorKit.build/Debug/FinancialCalculatorKit.build/DerivedSources-normal/arm64 -Xcc -I/Users/rogerlin/Library/Developer/Xcode/DerivedData/FinancialCalculatorKit-ackorybalcxbfocbkqsfdzcfkgmn/Build/Intermediates.noindex/FinancialCalculatorKit.build/Debug/FinancialCalculatorKit.build/DerivedSources/arm64 -Xcc -I/Users/rogerlin/Library/Developer/Xcode/DerivedData/FinancialCalculatorKit-ackorybalcxbfocbkqsfdzcfkgmn/Build/Intermediates.noindex/FinancialCalculatorKit.build/Debug/FinancialCalculatorKit.build/DerivedSources -Xcc -DDEBUG\=1 -no-auto-bridging-header-chaining -module-name FinancialCalculatorKit -frontend-parseable-output -disable-clang-spi -target-sdk-version 26.1 -target-sdk-name macosx26.1 -clang-target arm64-apple-macos26.1 -in-process-plugin-server-path /Applications/Xcode.app/Contents/Developer/Toolchains/XcodeDefault.xctoolchain/usr/lib/swift/host/libSwiftInProcPluginServer.dylib -o /Users/rogerlin/Library/Developer/Xcode/DerivedData/FinancialCalculatorKit-ackorybalcxbfocbkqsfdzcfkgmn/Build/Intermediates.noindex/FinancialCalculatorKit.build/Debug/FinancialCalculatorKit.build/Objects-normal/arm64/HighPrecisionTestSuite.o -o /Users/rogerlin/Library/Developer/Xcode/DerivedData/FinancialCalculatorKit-ackorybalcxbfocbkqsfdzcfkgmn/Build/Intermediates.noindex/FinancialCalculatorKit.build/Debug/FinancialCalculatorKit.build/Objects-normal/arm64/HighPrecisionValidation.o -o /Users/rogerlin/Library/Developer/Xcode/DerivedData/FinancialCalculatorKit-ackorybalcxbfocbkqsfdzcfkgmn/Build/Intermediates.noindex/FinancialCalculatorKit.build/Debug/FinancialCalculatorKit.build/Objects-normal/arm64/TickerHistoryService.o -o /Users/rogerlin/Library/Developer/Xcode/DerivedData/FinancialCalculatorKit-ackorybalcxbfocbkqsfdzcfkgmn/Build/Intermediates.noindex/FinancialCalculatorKit.build/Debug/FinancialCalculatorKit.build/Objects-normal/arm64/ValidationExtensions.o -o /Users/rogerlin/Library/Developer/Xcode/DerivedData/FinancialCalculatorKit-ackorybalcxbfocbkqsfdzcfkgmn/Build/Intermediates.noindex/FinancialCalculatorKit.build/Debug/FinancialCalculatorKit.build/Objects-normal/arm64/ValidationService.o -o /Users/rogerlin/Library/Developer/Xcode/DerivedData/FinancialCalculatorKit-ackorybalcxbfocbkqsfdzcfkgmn/Build/Intermediates.noindex/FinancialCalculatorKit.build/Debug/FinancialCalculatorKit.build/Objects-normal/arm64/ValidationTestSuite.o -index-unit-output-path /FinancialCalculatorKit.build/Debug/FinancialCalculatorKit.build/Objects-normal/arm64/HighPrecisionTestSuite.o -index-unit-output-path /FinancialCalculatorKit.build/Debug/FinancialCalculatorKit.build/Objects-normal/arm64/HighPrecisionValidation.o -index-unit-output-path /FinancialCalculatorKit.build/Debug/FinancialCalculatorKit.build/Objects-normal/arm64/TickerHistoryService.o -index-unit-output-path /FinancialCalculatorKit.build/Debug/FinancialCalculatorKit.build/Objects-normal/arm64/ValidationExtensions.o -index-unit-output-path /FinancialCalculatorKit.build/Debug/FinancialCalculatorKit.build/Objects-normal/arm64/ValidationService.o -index-unit-output-path /FinancialCalculatorKit.build/Debug/FinancialCalculatorKit.build/Objects-normal/arm64/ValidationTestSuite.o -index-store-path /Users/rogerlin/Library/Developer/Xcode/DerivedData/FinancialCalculatorKit-ackorybalcxbfocbkqsfdzcfkgmn/Index.noindex/DataStore -index-system-modules

SwiftCompile normal arm64 /Users/rogerlin/XCode-Projects/FinancialCalculatorKit-5.0-updated-accent-colors/FinancialCalculatorKit/Services/HighPrecisionTestSuite.swift (in target 'FinancialCalculatorKit' from project 'FinancialCalculatorKit')
    cd /Users/rogerlin/XCode-Projects/FinancialCalculatorKit-5.0-updated-accent-colors
    

SwiftCompile normal arm64 /Users/rogerlin/XCode-Projects/FinancialCalculatorKit-5.0-updated-accent-colors/FinancialCalculatorKit/Services/HighPrecisionValidation.swift (in target 'FinancialCalculatorKit' from project 'FinancialCalculatorKit')
    cd /Users/rogerlin/XCode-Projects/FinancialCalculatorKit-5.0-updated-accent-colors
    

SwiftCompile normal arm64 /Users/rogerlin/XCode-Projects/FinancialCalculatorKit-5.0-updated-accent-colors/FinancialCalculatorKit/Services/TickerHistoryService.swift (in target 'FinancialCalculatorKit' from project 'FinancialCalculatorKit')
    cd /Users/rogerlin/XCode-Projects/FinancialCalculatorKit-5.0-updated-accent-colors
    

SwiftCompile normal arm64 /Users/rogerlin/XCode-Projects/FinancialCalculatorKit-5.0-updated-accent-colors/FinancialCalculatorKit/Services/ValidationExtensions.swift (in target 'FinancialCalculatorKit' from project 'FinancialCalculatorKit')
    cd /Users/rogerlin/XCode-Projects/FinancialCalculatorKit-5.0-updated-accent-colors
    

SwiftCompile normal arm64 /Users/rogerlin/XCode-Projects/FinancialCalculatorKit-5.0-updated-accent-colors/FinancialCalculatorKit/Services/ValidationService.swift (in target 'FinancialCalculatorKit' from project 'FinancialCalculatorKit')
    cd /Users/rogerlin/XCode-Projects/FinancialCalculatorKit-5.0-updated-accent-colors
    

SwiftCompile normal arm64 /Users/rogerlin/XCode-Projects/FinancialCalculatorKit-5.0-updated-accent-colors/FinancialCalculatorKit/Services/ValidationTestSuite.swift (in target 'FinancialCalculatorKit' from project 'FinancialCalculatorKit')
    cd /Users/rogerlin/XCode-Projects/FinancialCalculatorKit-5.0-updated-accent-colors
    

SwiftCompile normal arm64 Compiling\ FormulaReference.swift,\ FREDModels.swift,\ AdvancedOptionsModels.swift,\ EquationDocument.swift,\ VariableStore.swift,\ FinancialComputable.swift,\ AdvancedBondPricingEngine.swift /Users/rogerlin/XCode-Projects/FinancialCalculatorKit-5.0-updated-accent-colors/FinancialCalculatorKit/Models/Formula/FormulaReference.swift /Users/rogerlin/XCode-Projects/FinancialCalculatorKit-5.0-updated-accent-colors/FinancialCalculatorKit/Models/FRED/FREDModels.swift /Users/rogerlin/XCode-Projects/FinancialCalculatorKit-5.0-updated-accent-colors/FinancialCalculatorKit/Models/Options/AdvancedOptionsModels.swift /Users/rogerlin/XCode-Projects/FinancialCalculatorKit-5.0-updated-accent-colors/FinancialCalculatorKit/Models/ScientificCalculator/EquationDocument.swift /Users/rogerlin/XCode-Projects/FinancialCalculatorKit-5.0-updated-accent-colors/FinancialCalculatorKit/Models/ScientificCalculator/VariableStore.swift /Users/rogerlin/XCode-Projects/FinancialCalculatorKit-5.0-updated-accent-colors/FinancialCalculatorKit/Protocols/FinancialComputable.swift /Users/rogerlin/XCode-Projects/FinancialCalculatorKit-5.0-updated-accent-colors/FinancialCalculatorKit/Services/Bond/AdvancedBondPricingEngine.swift (in target 'FinancialCalculatorKit' from project 'FinancialCalculatorKit')
/Applications/Xcode.app/Contents/Developer/Toolchains/XcodeDefault.xctoolchain/usr/bin/swift-frontend -frontend -c /Users/rogerlin/XCode-Projects/FinancialCalculatorKit-5.0-updated-accent-colors/FinancialCalculatorKit/Models/Bond/AdvancedBondModels.swift /Users/rogerlin/XCode-Projects/FinancialCalculatorKit-5.0-updated-accent-colors/FinancialCalculatorKit/Models/Bond/YieldCurveTypes.swift /Users/rogerlin/XCode-Projects/FinancialCalculatorKit-5.0-updated-accent-colors/FinancialCalculatorKit/Models/Calculation/BondCalculation.swift /Users/rogerlin/XCode-Projects/FinancialCalculatorKit-5.0-updated-accent-colors/FinancialCalculatorKit/Models/Calculation/CalculationMetadata.swift /Users/rogerlin/XCode-Projects/FinancialCalculatorKit-5.0-updated-accent-colors/FinancialCalculatorKit/Models/Calculation/DepreciationCalculation.swift /Users/rogerlin/XCode-Projects/FinancialCalculatorKit-5.0-updated-accent-colors/FinancialCalculatorKit/Models/Calculation/FinancialCalculation.swift /Users/rogerlin/XCode-Projects/FinancialCalculatorKit-5.0-updated-accent-colors/FinancialCalculatorKit/Models/Calculation/InvestmentCalculation.swift /Users/rogerlin/XCode-Projects/FinancialCalculatorKit-5.0-updated-accent-colors/FinancialCalculatorKit/Models/Calculation/LoanCalculation.swift /Users/rogerlin/XCode-Projects/FinancialCalculatorKit-5.0-updated-accent-colors/FinancialCalculatorKit/Models/Calculation/TimeValueCalculation.swift /Users/rogerlin/XCode-Projects/FinancialCalculatorKit-5.0-updated-accent-colors/FinancialCalculatorKit/Models/Enums/CalculationType.swift /Users/rogerlin/XCode-Projects/FinancialCalculatorKit-5.0-updated-accent-colors/FinancialCalculatorKit/Models/Enums/Currency.swift /Users/rogerlin/XCode-Projects/FinancialCalculatorKit-5.0-updated-accent-colors/FinancialCalculatorKit/Models/Enums/LoanType.swift /Users/rogerlin/XCode-Projects/FinancialCalculatorKit-5.0-updated-accent-colors/FinancialCalculatorKit/Models/Enums/PaymentFrequency.swift /Users/rogerlin/XCode-Projects/FinancialCalculatorKit-5.0-updated-accent-colors/FinancialCalculatorKit/Models/Enums/TimeValueVariable.swift -primary-file /Users/rogerlin/XCode-Projects/FinancialCalculatorKit-5.0-updated-accent-colors/FinancialCalculatorKit/Models/Formula/FormulaReference.swift -primary-file /Users/rogerlin/XCode-Projects/FinancialCalculatorKit-5.0-updated-accent-colors/FinancialCalculatorKit/Models/FRED/FREDModels.swift -primary-file /Users/rogerlin/XCode-Projects/FinancialCalculatorKit-5.0-updated-accent-colors/FinancialCalculatorKit/Models/Options/AdvancedOptionsModels.swift -primary-file /Users/rogerlin/XCode-Projects/FinancialCalculatorKit-5.0-updated-accent-colors/FinancialCalculatorKit/Models/ScientificCalculator/EquationDocument.swift -primary-file /Users/rogerlin/XCode-Projects/FinancialCalculatorKit-5.0-updated-accent-colors/FinancialCalculatorKit/Models/ScientificCalculator/VariableStore.swift -primary-file /Users/rogerlin/XCode-Projects/FinancialCalculatorKit-5.0-updated-accent-colors/FinancialCalculatorKit/Protocols/FinancialComputable.swift -primary-file /Users/rogerlin/XCode-Projects/FinancialCalculatorKit-5.0-updated-accent-colors/FinancialCalculatorKit/Services/Bond/AdvancedBondPricingEngine.swift /Users/rogerlin/XCode-Projects/FinancialCalculatorKit-5.0-updated-accent-colors/FinancialCalculatorKit/Services/Options/AdvancedOptionsPricingEngine.swift /Users/rogerlin/XCode-Projects/FinancialCalculatorKit-5.0-updated-accent-colors/FinancialCalculatorKit/Services/AdvancedExpressionParser.swift /Users/rogerlin/XCode-Projects/FinancialCalculatorKit-5.0-updated-accent-colors/FinancialCalculatorKit/Services/AdvancedIRRCalculator.swift /Users/rogerlin/XCode-Projects/FinancialCalculatorKit-5.0-updated-accent-colors/FinancialCalculatorKit/Services/AdvancedMathFunctions.swift /Users/rogerlin/XCode-Projects/FinancialCalculatorKit-5.0-updated-accent-colors/FinancialCalculatorKit/Services/CalculationEngine.swift /Users/rogerlin/XCode-Projects/FinancialCalculatorKit-5.0-updated-accent-colors/FinancialCalculatorKit/Services/CSVHelper.swift /Users/rogerlin/XCode-Projects/FinancialCalculatorKit-5.0-updated-accent-colors/FinancialCalculatorKit/Services/CurrencyConversionService.swift /Users/rogerlin/XCode-Projects/FinancialCalculatorKit-5.0-updated-accent-colors/FinancialCalculatorKit/Services/ExchangeRateService.swift /Users/rogerlin/XCode-Projects/FinancialCalculatorKit-5.0-updated-accent-colors/FinancialCalculatorKit/Services/FinancialCalculator.swift /Users/rogerlin/XCode-Projects/FinancialCalculatorKit-5.0-updated-accent-colors/FinancialCalculatorKit/Services/FinancialValidation.swift /Users/rogerlin/XCode-Projects/FinancialCalculatorKit-5.0-updated-accent-colors/FinancialCalculatorKit/Services/FormulaAutoComplete.swift /Users/rogerlin/XCode-Projects/FinancialCalculatorKit-5.0-updated-accent-colors/FinancialCalculatorKit/Services/FREDService.swift /Users/rogerlin/XCode-Projects/FinancialCalculatorKit-5.0-updated-accent-colors/FinancialCalculatorKit/Services/HighPrecisionMath.swift /Users/rogerlin/XCode-Projects/FinancialCalculatorKit-5.0-updated-accent-colors/FinancialCalculatorKit/Services/HighPrecisionTestSuite.swift /Users/rogerlin/XCode-Projects/FinancialCalculatorKit-5.0-updated-accent-colors/FinancialCalculatorKit/Services/HighPrecisionValidation.swift /Users/rogerlin/XCode-Projects/FinancialCalculatorKit-5.0-updated-accent-colors/FinancialCalculatorKit/Services/TickerHistoryService.swift /Users/rogerlin/XCode-Projects/FinancialCalculatorKit-5.0-updated-accent-colors/FinancialCalculatorKit/Services/ValidationExtensions.swift /Users/rogerlin/XCode-Projects/FinancialCalculatorKit-5.0-updated-accent-colors/FinancialCalculatorKit/Services/ValidationService.swift /Users/rogerlin/XCode-Projects/FinancialCalculatorKit-5.0-updated-accent-colors/FinancialCalculatorKit/Services/ValidationTestSuite.swift /Users/rogerlin/XCode-Projects/FinancialCalculatorKit-5.0-updated-accent-colors/FinancialCalculatorKit/Utilities/Extensions/Date+Financial.swift /Users/rogerlin/XCode-Projects/FinancialCalculatorKit-5.0-updated-accent-colors/FinancialCalculatorKit/Utilities/Extensions/Double+Financial.swift /Users/rogerlin/XCode-Projects/FinancialCalculatorKit-5.0-updated-accent-colors/FinancialCalculatorKit/Utilities/CashFlowsTransformer.swift /Users/rogerlin/XCode-Projects/FinancialCalculatorKit-5.0-updated-accent-colors/FinancialCalculatorKit/Utilities/Formatters.swift /Users/rogerlin/XCode-Projects/FinancialCalculatorKit-5.0-updated-accent-colors/FinancialCalculatorKit/ViewHelpers/FormulaViewHelper.swift /Users/rogerlin/XCode-Projects/FinancialCalculatorKit-5.0-updated-accent-colors/FinancialCalculatorKit/ViewModels/MainViewModel.swift /Users/rogerlin/XCode-Projects/FinancialCalculatorKit-5.0-updated-accent-colors/FinancialCalculatorKit/Views/Calculator/AdvancedBondCalculatorView.swift /Users/rogerlin/XCode-Projects/FinancialCalculatorKit-5.0-updated-accent-colors/FinancialCalculatorKit/Views/Calculator/AmortizationView.swift /Users/rogerlin/XCode-Projects/FinancialCalculatorKit-5.0-updated-accent-colors/FinancialCalculatorKit/Views/Calculator/BondCalculatorView.swift /Users/rogerlin/XCode-Projects/FinancialCalculatorKit-5.0-updated-accent-colors/FinancialCalculatorKit/Views/Calculator/CompactCalculatorView.swift /Users/rogerlin/XCode-Projects/FinancialCalculatorKit-5.0-updated-accent-colors/FinancialCalculatorKit/Views/Calculator/CurrencyConverterView.swift /Users/rogerlin/XCode-Projects/FinancialCalculatorKit-5.0-updated-accent-colors/FinancialCalculatorKit/Views/Calculator/CustomScientificKeyboard.swift /Users/rogerlin/XCode-Projects/FinancialCalculatorKit-5.0-updated-accent-colors/FinancialCalculatorKit/Views/Calculator/DepreciationCalculatorView.swift /Users/rogerlin/XCode-Projects/FinancialCalculatorKit-5.0-updated-accent-colors/FinancialCalculatorKit/Views/Calculator/DocumentListView.swift /Users/rogerlin/XCode-Projects/FinancialCalculatorKit-5.0-updated-accent-colors/FinancialCalculatorKit/Views/Calculator/EquityValuationView.swift /Users/rogerlin/XCode-Projects/FinancialCalculatorKit-5.0-updated-accent-colors/FinancialCalculatorKit/Views/Calculator/FixedIncomeAnalyticsView.swift /Users/rogerlin/XCode-Projects/FinancialCalculatorKit-5.0-updated-accent-colors/FinancialCalculatorKit/Views/Calculator/FormulaLibraryView.swift /Users/rogerlin/XCode-Projects/FinancialCalculatorKit-5.0-updated-accent-colors/FinancialCalculatorKit/Views/Calculator/ForwardsCalculatorView.swift /Users/rogerlin/XCode-Projects/FinancialCalculatorKit-5.0-updated-accent-colors/FinancialCalculatorKit/Views/Calculator/FuturesCalculatorView.swift /Users/rogerlin/XCode-Projects/FinancialCalculatorKit-5.0-updated-accent-colors/FinancialCalculatorKit/Views/Calculator/FutureValueView.swift /Users/rogerlin/XCode-Projects/FinancialCalculatorKit-5.0-updated-accent-colors/FinancialCalculatorKit/Views/Calculator/HighPrecisionCalculatorView.swift /Users/rogerlin/XCode-Projects/FinancialCalculatorKit-5.0-updated-accent-colors/FinancialCalculatorKit/Views/Calculator/InvestmentCalculatorView.swift /Users/rogerlin/XCode-Projects/FinancialCalculatorKit-5.0-updated-accent-colors/FinancialCalculatorKit/Views/Calculator/LoanCalculatorView.swift /Users/rogerlin/XCode-Projects/FinancialCalculatorKit-5.0-updated-accent-colors/FinancialCalculatorKit/Views/Calculator/LoanResultView.swift /Users/rogerlin/XCode-Projects/FinancialCalculatorKit-5.0-updated-accent-colors/FinancialCalculatorKit/Views/Calculator/MathExpressionCalculatorView.swift /Users/rogerlin/XCode-Projects/FinancialCalculatorKit-5.0-updated-accent-colors/FinancialCalculatorKit/Views/Calculator/OptionsCalculatorView.swift /Users/rogerlin/XCode-Projects/FinancialCalculatorKit-5.0-updated-accent-colors/FinancialCalculatorKit/Views/Calculator/OptionsStrategiesView.swift /Users/rogerlin/XCode-Projects/FinancialCalculatorKit-5.0-updated-accent-colors/FinancialCalculatorKit/Views/Calculator/PlaceholderViews.swift /Users/rogerlin/XCode-Projects/FinancialCalculatorKit-5.0-updated-accent-colors/FinancialCalculatorKit/Views/Calculator/PortfolioOptimizationView.swift /Users/rogerlin/XCode-Projects/FinancialCalculatorKit-5.0-updated-accent-colors/FinancialCalculatorKit/Views/Calculator/PrecisionDemoView.swift /Users/rogerlin/XCode-Projects/FinancialCalculatorKit-5.0-updated-accent-colors/FinancialCalculatorKit/Views/Calculator/RiskManagementView.swift /Users/rogerlin/XCode-Projects/FinancialCalculatorKit-5.0-updated-accent-colors/FinancialCalculatorKit/Views/Calculator/ScientificCalculatorView.swift /Users/rogerlin/XCode-Projects/FinancialCalculatorKit-5.0-updated-accent-colors/FinancialCalculatorKit/Views/Calculator/SwapsCalculatorView.swift /Users/rogerlin/XCode-Projects/FinancialCalculatorKit-5.0-updated-accent-colors/FinancialCalculatorKit/Views/Calculator/TemplateViews.swift /Users/rogerlin/XCode-Projects/FinancialCalculatorKit-5.0-updated-accent-colors/FinancialCalculatorKit/Views/Calculator/TickerHistoryView.swift /Users/rogerlin/XCode-Projects/FinancialCalculatorKit-5.0-updated-accent-colors/FinancialCalculatorKit/Views/Calculator/TimeValueCalculatorView.swift /Users/rogerlin/XCode-Projects/FinancialCalculatorKit-5.0-updated-accent-colors/FinancialCalculatorKit/Views/Calculator/TimeValueResultView.swift /Users/rogerlin/XCode-Projects/FinancialCalculatorKit-5.0-updated-accent-colors/FinancialCalculatorKit/Views/Calculator/UnitConverterView.swift /Users/rogerlin/XCode-Projects/FinancialCalculatorKit-5.0-updated-accent-colors/FinancialCalculatorKit/Views/Calculator/VariableManagementView.swift /Users/rogerlin/XCode-Projects/FinancialCalculatorKit-5.0-updated-accent-colors/FinancialCalculatorKit/Views/Charts/FinancialChartView.swift /Users/rogerlin/XCode-Projects/FinancialCalculatorKit-5.0-updated-accent-colors/FinancialCalculatorKit/Views/Charts/InteractiveFinancialCharts.swift /Users/rogerlin/XCode-Projects/FinancialCalculatorKit-5.0-updated-accent-colors/FinancialCalculatorKit/Views/Components/DetailRow.swift /Users/rogerlin/XCode-Projects/FinancialCalculatorKit-5.0-updated-accent-colors/FinancialCalculatorKit/Views/Components/DynamicInputSection.swift /Users/rogerlin/XCode-Projects/FinancialCalculatorKit-5.0-updated-accent-colors/FinancialCalculatorKit/Views/Components/EnhancedInputFields.swift /Users/rogerlin/XCode-Projects/FinancialCalculatorKit-5.0-updated-accent-colors/FinancialCalculatorKit/Views/Components/FinancialStyles.swift /Users/rogerlin/XCode-Projects/FinancialCalculatorKit-5.0-updated-accent-colors/FinancialCalculatorKit/Views/Components/InputFieldView.swift /Users/rogerlin/XCode-Projects/FinancialCalculatorKit-5.0-updated-accent-colors/FinancialCalculatorKit/Views/Components/InteractiveDataTables.swift /Users/rogerlin/XCode-Projects/FinancialCalculatorKit-5.0-updated-accent-colors/FinancialCalculatorKit/Views/Components/LoadingResultView.swift /Users/rogerlin/XCode-Projects/FinancialCalculatorKit-5.0-updated-accent-colors/FinancialCalculatorKit/Views/Components/NumbersOnlyViewModifier.swift /Users/rogerlin/XCode-Projects/FinancialCalculatorKit-5.0-updated-accent-colors/FinancialCalculatorKit/Views/Components/ResultDisplayView.swift /Users/rogerlin/XCode-Projects/FinancialCalculatorKit-5.0-updated-accent-colors/FinancialCalculatorKit/Views/Components/StatusIndicator.swift /Users/rogerlin/XCode-Projects/FinancialCalculatorKit-5.0-updated-accent-colors/FinancialCalculatorKit/Views/Components/ValidationSummaryView.swift /Users/rogerlin/XCode-Projects/FinancialCalculatorKit-5.0-updated-accent-colors/FinancialCalculatorKit/Views/FRED/FREDDataView.swift /Users/rogerlin/XCode-Projects/FinancialCalculatorKit-5.0-updated-accent-colors/FinancialCalculatorKit/Views/Reference/FormulaReferenceView.swift /Users/rogerlin/XCode-Projects/FinancialCalculatorKit-5.0-updated-accent-colors/FinancialCalculatorKit/Views/Reference/FormulaVariableView.swift /Users/rogerlin/XCode-Projects/FinancialCalculatorKit-5.0-updated-accent-colors/FinancialCalculatorKit/Views/Reference/FormulaVariantView.swift /Users/rogerlin/XCode-Projects/FinancialCalculatorKit-5.0-updated-accent-colors/FinancialCalculatorKit/ContentView.swift /Users/rogerlin/XCode-Projects/FinancialCalculatorKit-5.0-updated-accent-colors/FinancialCalculatorKit/FinancialCalculatorKitApp.swift /Users/rogerlin/XCode-Projects/FinancialCalculatorKit-5.0-updated-accent-colors/FinancialCalculatorKit/Item.swift /Users/rogerlin/Library/Developer/Xcode/DerivedData/FinancialCalculatorKit-ackorybalcxbfocbkqsfdzcfkgmn/Build/Intermediates.noindex/FinancialCalculatorKit.build/Debug/FinancialCalculatorKit.build/DerivedSources/GeneratedAssetSymbols.swift -supplementary-output-file-map /Users/rogerlin/Library/Developer/Xcode/DerivedData/FinancialCalculatorKit-ackorybalcxbfocbkqsfdzcfkgmn/Build/Intermediates.noindex/FinancialCalculatorKit.build/Debug/FinancialCalculatorKit.build/Objects-normal/arm64/supplementaryOutputs-53 -emit-localized-strings -emit-localized-strings-path /Users/rogerlin/Library/Developer/Xcode/DerivedData/FinancialCalculatorKit-ackorybalcxbfocbkqsfdzcfkgmn/Build/Intermediates.noindex/FinancialCalculatorKit.build/Debug/FinancialCalculatorKit.build/Objects-normal/arm64 -target arm64-apple-macos14.0 -module-can-import-version AppKit 2685.20.119 2685.20.119 -module-can-import-version DeveloperToolsSupport 23.0.4 23.0.4 -module-can-import-version SwiftUI 7.1.13.1 7.1.13 -disable-cross-import-overlay-search -swift-module-cross-import SwiftData /Applications/Xcode.app/Contents/Developer/Platforms/MacOSX.platform/Developer/SDKs/MacOSX26.1.sdk/System/Library/Frameworks/SwiftData.framework/Modules/SwiftData.swiftcrossimport/CoreData.swiftoverlay -swift-module-cross-import SwiftData /Applications/Xcode.app/Contents/Developer/Platforms/MacOSX.platform/Developer/SDKs/MacOSX26.1.sdk/System/Library/Frameworks/SwiftData.framework/Modules/SwiftData.swiftcrossimport/SwiftUI.swiftoverlay -load-resolved-plugin \#/Users/rogerlin/Library/Developer/Xcode/DerivedData/FinancialCalculatorKit-ackorybalcxbfocbkqsfdzcfkgmn/Build/Products/Debug/CasePathsMacros\#CasePathsMacros -load-resolved-plugin /Applications/Xcode.app/Contents/Developer/Platforms/MacOSX.platform/Developer/usr/lib/swift/host/plugins/libFoundationMacros.dylib\#/Applications/Xcode.app/Contents/Developer/Platforms/MacOSX.platform/Developer/usr/bin/swift-plugin-server\#FoundationMacros -load-resolved-plugin /Applications/Xcode.app/Contents/Developer/Platforms/MacOSX.platform/Developer/usr/lib/swift/host/plugins/libObservationMacros.dylib\#/Applications/Xcode.app/Contents/Developer/Platforms/MacOSX.platform/Developer/usr/bin/swift-plugin-server\#ObservationMacros -load-resolved-plugin /Applications/Xcode.app/Contents/Developer/Platforms/MacOSX.platform/Developer/usr/lib/swift/host/plugins/libPreviewsMacros.dylib\#/Applications/Xcode.app/Contents/Developer/Platforms/MacOSX.platform/Developer/usr/bin/swift-plugin-server\#PreviewsMacros -load-resolved-plugin /Applications/Xcode.app/Contents/Developer/Platforms/MacOSX.platform/Developer/usr/lib/swift/host/plugins/libSwiftDataMacros.dylib\#/Applications/Xcode.app/Contents/Developer/Platforms/MacOSX.platform/Developer/usr/bin/swift-plugin-server\#SwiftDataMacros -load-resolved-plugin /Applications/Xcode.app/Contents/Developer/Platforms/MacOSX.platform/Developer/usr/lib/swift/host/plugins/libSwiftMacros.dylib\#/Applications/Xcode.app/Contents/Developer/Platforms/MacOSX.platform/Developer/usr/bin/swift-plugin-server\#SwiftMacros -load-resolved-plugin /Applications/Xcode.app/Contents/Developer/Platforms/MacOSX.platform/Developer/usr/lib/swift/host/plugins/libSwiftUIMacros.dylib\#/Applications/Xcode.app/Contents/Developer/Platforms/MacOSX.platform/Developer/usr/bin/swift-plugin-server\#SwiftUIMacros -disable-implicit-swift-modules -Xcc -fno-implicit-modules -Xcc -fno-implicit-module-maps -explicit-swift-module-map-file /Users/rogerlin/Library/Developer/Xcode/DerivedData/FinancialCalculatorKit-ackorybalcxbfocbkqsfdzcfkgmn/Build/Intermediates.noindex/FinancialCalculatorKit.build/Debug/FinancialCalculatorKit.build/Objects-normal/arm64/FinancialCalculatorKit-dependencies-1.json -Xllvm -aarch64-use-tbi -enable-objc-interop -stack-check -sdk /Applications/Xcode.app/Contents/Developer/Platforms/MacOSX.platform/Developer/SDKs/MacOSX26.1.sdk -I /Users/rogerlin/Library/Developer/Xcode/DerivedData/FinancialCalculatorKit-ackorybalcxbfocbkqsfdzcfkgmn/Build/Products/Debug -F /Users/rogerlin/Library/Developer/Xcode/DerivedData/FinancialCalculatorKit-ackorybalcxbfocbkqsfdzcfkgmn/Build/Products/Debug/PackageFrameworks -F /Users/rogerlin/Library/Developer/Xcode/DerivedData/FinancialCalculatorKit-ackorybalcxbfocbkqsfdzcfkgmn/Build/Products/Debug/PackageFrameworks -F /Users/rogerlin/Library/Developer/Xcode/DerivedData/FinancialCalculatorKit-ackorybalcxbfocbkqsfdzcfkgmn/Build/Products/Debug/PackageFrameworks -F /Users/rogerlin/Library/Developer/Xcode/DerivedData/FinancialCalculatorKit-ackorybalcxbfocbkqsfdzcfkgmn/Build/Products/Debug/PackageFrameworks -F /Users/rogerlin/Library/Developer/Xcode/DerivedData/FinancialCalculatorKit-ackorybalcxbfocbkqsfdzcfkgmn/Build/Products/Debug/PackageFrameworks -F /Users/rogerlin/Library/Developer/Xcode/DerivedData/FinancialCalculatorKit-ackorybalcxbfocbkqsfdzcfkgmn/Build/Products/Debug/PackageFrameworks -F /Users/rogerlin/Library/Developer/Xcode/DerivedData/FinancialCalculatorKit-ackorybalcxbfocbkqsfdzcfkgmn/Build/Products/Debug/PackageFrameworks -F /Users/rogerlin/Library/Developer/Xcode/DerivedData/FinancialCalculatorKit-ackorybalcxbfocbkqsfdzcfkgmn/Build/Products/Debug/PackageFrameworks -F /Users/rogerlin/Library/Developer/Xcode/DerivedData/FinancialCalculatorKit-ackorybalcxbfocbkqsfdzcfkgmn/Build/Products/Debug/PackageFrameworks -F /Users/rogerlin/Library/Developer/Xcode/DerivedData/FinancialCalculatorKit-ackorybalcxbfocbkqsfdzcfkgmn/Build/Products/Debug/PackageFrameworks -F /Users/rogerlin/Library/Developer/Xcode/DerivedData/FinancialCalculatorKit-ackorybalcxbfocbkqsfdzcfkgmn/Build/Products/Debug/PackageFrameworks -F /Users/rogerlin/Library/Developer/Xcode/DerivedData/FinancialCalculatorKit-ackorybalcxbfocbkqsfdzcfkgmn/Build/Products/Debug/PackageFrameworks -F /Users/rogerlin/Library/Developer/Xcode/DerivedData/FinancialCalculatorKit-ackorybalcxbfocbkqsfdzcfkgmn/Build/Products/Debug/PackageFrameworks -F /Users/rogerlin/Library/Developer/Xcode/DerivedData/FinancialCalculatorKit-ackorybalcxbfocbkqsfdzcfkgmn/Build/Products/Debug/PackageFrameworks -F /Users/rogerlin/Library/Developer/Xcode/DerivedData/FinancialCalculatorKit-ackorybalcxbfocbkqsfdzcfkgmn/Build/Products/Debug/PackageFrameworks -F /Users/rogerlin/Library/Developer/Xcode/DerivedData/FinancialCalculatorKit-ackorybalcxbfocbkqsfdzcfkgmn/Build/Products/Debug/PackageFrameworks -F /Users/rogerlin/Library/Developer/Xcode/DerivedData/FinancialCalculatorKit-ackorybalcxbfocbkqsfdzcfkgmn/Build/Products/Debug/PackageFrameworks -F /Users/rogerlin/Library/Developer/Xcode/DerivedData/FinancialCalculatorKit-ackorybalcxbfocbkqsfdzcfkgmn/Build/Products/Debug/PackageFrameworks -F /Users/rogerlin/Library/Developer/Xcode/DerivedData/FinancialCalculatorKit-ackorybalcxbfocbkqsfdzcfkgmn/Build/Products/Debug/PackageFrameworks -F /Users/rogerlin/Library/Developer/Xcode/DerivedData/FinancialCalculatorKit-ackorybalcxbfocbkqsfdzcfkgmn/Build/Products/Debug -no-color-diagnostics -Xcc -fno-color-diagnostics -enable-testing -g -debug-info-format\=dwarf -dwarf-version\=4 -module-cache-path /Users/rogerlin/Library/Developer/Xcode/DerivedData/FinancialCalculatorKit-ackorybalcxbfocbkqsfdzcfkgmn/Build/Intermediates.noindex/SwiftExplicitPrecompiledModules -profile-generate -profile-coverage-mapping -swift-version 5 -enforce-exclusivity\=checked -Onone -D DEBUG -serialize-debugging-options -load-plugin-executable /Users/rogerlin/Library/Developer/Xcode/DerivedData/FinancialCalculatorKit-ackorybalcxbfocbkqsfdzcfkgmn/Build/Products/Debug/CasePathsMacros\#CasePathsMacros -const-gather-protocols-file /Users/rogerlin/Library/Developer/Xcode/DerivedData/FinancialCalculatorKit-ackorybalcxbfocbkqsfdzcfkgmn/Build/Intermediates.noindex/FinancialCalculatorKit.build/Debug/FinancialCalculatorKit.build/Objects-normal/arm64/FinancialCalculatorKit_const_extract_protocols.json -enable-experimental-feature DebugDescriptionMacro -enable-bare-slash-regex -empty-abi-descriptor -validate-clang-modules-once -clang-build-session-file /Users/rogerlin/Library/Developer/Xcode/DerivedData/ModuleCache.noindex/Session.modulevalidation -Xcc -working-directory -Xcc /Users/rogerlin/XCode-Projects/FinancialCalculatorKit-5.0-updated-accent-colors -enable-anonymous-context-mangled-names -file-compilation-dir /Users/rogerlin/XCode-Projects/FinancialCalculatorKit-5.0-updated-accent-colors -Xcc -D_LIBCPP_HARDENING_MODE\=_LIBCPP_HARDENING_MODE_DEBUG -Xcc -ivfsstatcache -Xcc /Users/rogerlin/Library/Developer/Xcode/DerivedData/SDKStatCaches.noindex/macosx26.1-25B74-3ae1261907bdadc328169391a47051a6.sdkstatcache -Xcc -I/Users/rogerlin/Library/Developer/Xcode/DerivedData/FinancialCalculatorKit-ackorybalcxbfocbkqsfdzcfkgmn/Build/Intermediates.noindex/FinancialCalculatorKit.build/Debug/FinancialCalculatorKit.build/swift-overrides.hmap -Xcc -iquote -Xcc /Users/rogerlin/Library/Developer/Xcode/DerivedData/FinancialCalculatorKit-ackorybalcxbfocbkqsfdzcfkgmn/Build/Intermediates.noindex/FinancialCalculatorKit.build/Debug/FinancialCalculatorKit.build/FinancialCalculatorKit-generated-files.hmap -Xcc -I/Users/rogerlin/Library/Developer/Xcode/DerivedData/FinancialCalculatorKit-ackorybalcxbfocbkqsfdzcfkgmn/Build/Intermediates.noindex/FinancialCalculatorKit.build/Debug/FinancialCalculatorKit.build/FinancialCalculatorKit-own-target-headers.hmap -Xcc -I/Users/rogerlin/Library/Developer/Xcode/DerivedData/FinancialCalculatorKit-ackorybalcxbfocbkqsfdzcfkgmn/Build/Intermediates.noindex/FinancialCalculatorKit.build/Debug/FinancialCalculatorKit.build/FinancialCalculatorKit-all-non-framework-target-headers.hmap -Xcc -ivfsoverlay -Xcc /Users/rogerlin/Library/Developer/Xcode/DerivedData/FinancialCalculatorKit-ackorybalcxbfocbkqsfdzcfkgmn/Build/Intermediates.noindex/FinancialCalculatorKit.build/Debug/FinancialCalculatorKit-b796aaad08c4b307251b75ea7c01aae2-VFS/all-product-headers.yaml -Xcc -iquote -Xcc /Users/rogerlin/Library/Developer/Xcode/DerivedData/FinancialCalculatorKit-ackorybalcxbfocbkqsfdzcfkgmn/Build/Intermediates.noindex/FinancialCalculatorKit.build/Debug/FinancialCalculatorKit.build/FinancialCalculatorKit-project-headers.hmap -Xcc -I/Users/rogerlin/Library/Developer/Xcode/DerivedData/FinancialCalculatorKit-ackorybalcxbfocbkqsfdzcfkgmn/SourcePackages/checkouts/swift-numerics/Sources/_NumericsShims/include -Xcc -I/Users/rogerlin/Library/Developer/Xcode/DerivedData/FinancialCalculatorKit-ackorybalcxbfocbkqsfdzcfkgmn/Build/Products/Debug/include -Xcc -I/Users/rogerlin/Library/Developer/Xcode/DerivedData/FinancialCalculatorKit-ackorybalcxbfocbkqsfdzcfkgmn/Build/Intermediates.noindex/FinancialCalculatorKit.build/Debug/FinancialCalculatorKit.build/DerivedSources-normal/arm64 -Xcc -I/Users/rogerlin/Library/Developer/Xcode/DerivedData/FinancialCalculatorKit-ackorybalcxbfocbkqsfdzcfkgmn/Build/Intermediates.noindex/FinancialCalculatorKit.build/Debug/FinancialCalculatorKit.build/DerivedSources/arm64 -Xcc -I/Users/rogerlin/Library/Developer/Xcode/DerivedData/FinancialCalculatorKit-ackorybalcxbfocbkqsfdzcfkgmn/Build/Intermediates.noindex/FinancialCalculatorKit.build/Debug/FinancialCalculatorKit.build/DerivedSources -Xcc -DDEBUG\=1 -no-auto-bridging-header-chaining -module-name FinancialCalculatorKit -frontend-parseable-output -disable-clang-spi -target-sdk-version 26.1 -target-sdk-name macosx26.1 -clang-target arm64-apple-macos26.1 -in-process-plugin-server-path /Applications/Xcode.app/Contents/Developer/Toolchains/XcodeDefault.xctoolchain/usr/lib/swift/host/libSwiftInProcPluginServer.dylib -o /Users/rogerlin/Library/Developer/Xcode/DerivedData/FinancialCalculatorKit-ackorybalcxbfocbkqsfdzcfkgmn/Build/Intermediates.noindex/FinancialCalculatorKit.build/Debug/FinancialCalculatorKit.build/Objects-normal/arm64/FormulaReference.o -o /Users/rogerlin/Library/Developer/Xcode/DerivedData/FinancialCalculatorKit-ackorybalcxbfocbkqsfdzcfkgmn/Build/Intermediates.noindex/FinancialCalculatorKit.build/Debug/FinancialCalculatorKit.build/Objects-normal/arm64/FREDModels.o -o /Users/rogerlin/Library/Developer/Xcode/DerivedData/FinancialCalculatorKit-ackorybalcxbfocbkqsfdzcfkgmn/Build/Intermediates.noindex/FinancialCalculatorKit.build/Debug/FinancialCalculatorKit.build/Objects-normal/arm64/AdvancedOptionsModels.o -o /Users/rogerlin/Library/Developer/Xcode/DerivedData/FinancialCalculatorKit-ackorybalcxbfocbkqsfdzcfkgmn/Build/Intermediates.noindex/FinancialCalculatorKit.build/Debug/FinancialCalculatorKit.build/Objects-normal/arm64/EquationDocument.o -o /Users/rogerlin/Library/Developer/Xcode/DerivedData/FinancialCalculatorKit-ackorybalcxbfocbkqsfdzcfkgmn/Build/Intermediates.noindex/FinancialCalculatorKit.build/Debug/FinancialCalculatorKit.build/Objects-normal/arm64/VariableStore.o -o /Users/rogerlin/Library/Developer/Xcode/DerivedData/FinancialCalculatorKit-ackorybalcxbfocbkqsfdzcfkgmn/Build/Intermediates.noindex/FinancialCalculatorKit.build/Debug/FinancialCalculatorKit.build/Objects-normal/arm64/FinancialComputable.o -o /Users/rogerlin/Library/Developer/Xcode/DerivedData/FinancialCalculatorKit-ackorybalcxbfocbkqsfdzcfkgmn/Build/Intermediates.noindex/FinancialCalculatorKit.build/Debug/FinancialCalculatorKit.build/Objects-normal/arm64/AdvancedBondPricingEngine.o -index-unit-output-path /FinancialCalculatorKit.build/Debug/FinancialCalculatorKit.build/Objects-normal/arm64/FormulaReference.o -index-unit-output-path /FinancialCalculatorKit.build/Debug/FinancialCalculatorKit.build/Objects-normal/arm64/FREDModels.o -index-unit-output-path /FinancialCalculatorKit.build/Debug/FinancialCalculatorKit.build/Objects-normal/arm64/AdvancedOptionsModels.o -index-unit-output-path /FinancialCalculatorKit.build/Debug/FinancialCalculatorKit.build/Objects-normal/arm64/EquationDocument.o -index-unit-output-path /FinancialCalculatorKit.build/Debug/FinancialCalculatorKit.build/Objects-normal/arm64/VariableStore.o -index-unit-output-path /FinancialCalculatorKit.build/Debug/FinancialCalculatorKit.build/Objects-normal/arm64/FinancialComputable.o -index-unit-output-path /FinancialCalculatorKit.build/Debug/FinancialCalculatorKit.build/Objects-normal/arm64/AdvancedBondPricingEngine.o -index-store-path /Users/rogerlin/Library/Developer/Xcode/DerivedData/FinancialCalculatorKit-ackorybalcxbfocbkqsfdzcfkgmn/Index.noindex/DataStore -index-system-modules

SwiftCompile normal arm64 /Users/rogerlin/XCode-Projects/FinancialCalculatorKit-5.0-updated-accent-colors/FinancialCalculatorKit/Models/Formula/FormulaReference.swift (in target 'FinancialCalculatorKit' from project 'FinancialCalculatorKit')
    cd /Users/rogerlin/XCode-Projects/FinancialCalculatorKit-5.0-updated-accent-colors
    

SwiftCompile normal arm64 /Users/rogerlin/XCode-Projects/FinancialCalculatorKit-5.0-updated-accent-colors/FinancialCalculatorKit/Models/FRED/FREDModels.swift (in target 'FinancialCalculatorKit' from project 'FinancialCalculatorKit')
    cd /Users/rogerlin/XCode-Projects/FinancialCalculatorKit-5.0-updated-accent-colors
    

SwiftCompile normal arm64 /Users/rogerlin/XCode-Projects/FinancialCalculatorKit-5.0-updated-accent-colors/FinancialCalculatorKit/Models/Options/AdvancedOptionsModels.swift (in target 'FinancialCalculatorKit' from project 'FinancialCalculatorKit')
    cd /Users/rogerlin/XCode-Projects/FinancialCalculatorKit-5.0-updated-accent-colors
    

SwiftCompile normal arm64 /Users/rogerlin/XCode-Projects/FinancialCalculatorKit-5.0-updated-accent-colors/FinancialCalculatorKit/Models/ScientificCalculator/EquationDocument.swift (in target 'FinancialCalculatorKit' from project 'FinancialCalculatorKit')
    cd /Users/rogerlin/XCode-Projects/FinancialCalculatorKit-5.0-updated-accent-colors
    

SwiftCompile normal arm64 /Users/rogerlin/XCode-Projects/FinancialCalculatorKit-5.0-updated-accent-colors/FinancialCalculatorKit/Models/ScientificCalculator/VariableStore.swift (in target 'FinancialCalculatorKit' from project 'FinancialCalculatorKit')
    cd /Users/rogerlin/XCode-Projects/FinancialCalculatorKit-5.0-updated-accent-colors
    

SwiftCompile normal arm64 /Users/rogerlin/XCode-Projects/FinancialCalculatorKit-5.0-updated-accent-colors/FinancialCalculatorKit/Protocols/FinancialComputable.swift (in target 'FinancialCalculatorKit' from project 'FinancialCalculatorKit')
    cd /Users/rogerlin/XCode-Projects/FinancialCalculatorKit-5.0-updated-accent-colors
    

SwiftCompile normal arm64 /Users/rogerlin/XCode-Projects/FinancialCalculatorKit-5.0-updated-accent-colors/FinancialCalculatorKit/Services/Bond/AdvancedBondPricingEngine.swift (in target 'FinancialCalculatorKit' from project 'FinancialCalculatorKit')
    cd /Users/rogerlin/XCode-Projects/FinancialCalculatorKit-5.0-updated-accent-colors
    

SwiftDriverJobDiscovery normal arm64 Compiling Date+Financial.swift, Double+Financial.swift, CashFlowsTransformer.swift, Formatters.swift, FormulaViewHelper.swift, MainViewModel.swift (in target 'FinancialCalculatorKit' from project 'FinancialCalculatorKit')

SwiftDriverJobDiscovery normal arm64 Compiling LoanCalculation.swift, TimeValueCalculation.swift, CalculationType.swift, Currency.swift, LoanType.swift, PaymentFrequency.swift, TimeValueVariable.swift (in target 'FinancialCalculatorKit' from project 'FinancialCalculatorKit')

SwiftDriverJobDiscovery normal arm64 Compiling HighPrecisionTestSuite.swift, HighPrecisionValidation.swift, TickerHistoryService.swift, ValidationExtensions.swift, ValidationService.swift, ValidationTestSuite.swift (in target 'FinancialCalculatorKit' from project 'FinancialCalculatorKit')

SwiftDriverJobDiscovery normal arm64 Compiling ExchangeRateService.swift, FinancialCalculator.swift, FinancialValidation.swift, FormulaAutoComplete.swift, FREDService.swift, HighPrecisionMath.swift (in target 'FinancialCalculatorKit' from project 'FinancialCalculatorKit')

SwiftDriverJobDiscovery normal arm64 Compiling AdvancedBondModels.swift, YieldCurveTypes.swift, BondCalculation.swift, CalculationMetadata.swift, DepreciationCalculation.swift, FinancialCalculation.swift, InvestmentCalculation.swift (in target 'FinancialCalculatorKit' from project 'FinancialCalculatorKit')

SwiftDriverJobDiscovery normal arm64 Compiling FormulaVariableView.swift, FormulaVariantView.swift, ContentView.swift, FinancialCalculatorKitApp.swift, Item.swift, GeneratedAssetSymbols.swift (in target 'FinancialCalculatorKit' from project 'FinancialCalculatorKit')

SwiftDriverJobDiscovery normal arm64 Compiling AdvancedOptionsPricingEngine.swift, AdvancedExpressionParser.swift, AdvancedIRRCalculator.swift, AdvancedMathFunctions.swift, CalculationEngine.swift, CSVHelper.swift, CurrencyConversionService.swift (in target 'FinancialCalculatorKit' from project 'FinancialCalculatorKit')

SwiftDriverJobDiscovery normal arm64 Emitting module for FinancialCalculatorKit (in target 'FinancialCalculatorKit' from project 'FinancialCalculatorKit')

SwiftDriver\ Compilation\ Requirements FinancialCalculatorKit normal arm64 com.apple.xcode.tools.swift.compiler (in target 'FinancialCalculatorKit' from project 'FinancialCalculatorKit')
    cd /Users/rogerlin/XCode-Projects/FinancialCalculatorKit-5.0-updated-accent-colors
    builtin-Swift-Compilation-Requirements -- /Applications/Xcode.app/Contents/Developer/Toolchains/XcodeDefault.xctoolchain/usr/bin/swiftc -module-name FinancialCalculatorKit -Onone -enforce-exclusivity\=checked @/Users/rogerlin/Library/Developer/Xcode/DerivedData/FinancialCalculatorKit-ackorybalcxbfocbkqsfdzcfkgmn/Build/Intermediates.noindex/FinancialCalculatorKit.build/Debug/FinancialCalculatorKit.build/Objects-normal/arm64/FinancialCalculatorKit.SwiftFileList -DDEBUG -enable-bare-slash-regex -enable-experimental-feature DebugDescriptionMacro -sdk /Applications/Xcode.app/Contents/Developer/Platforms/MacOSX.platform/Developer/SDKs/MacOSX26.1.sdk -target arm64-apple-macos14.0 -g -module-cache-path /Users/rogerlin/Library/Developer/Xcode/DerivedData/ModuleCache.noindex -Xfrontend -serialize-debugging-options -profile-coverage-mapping -profile-generate -enable-testing -index-store-path /Users/rogerlin/Library/Developer/Xcode/DerivedData/FinancialCalculatorKit-ackorybalcxbfocbkqsfdzcfkgmn/Index.noindex/DataStore -Xcc -D_LIBCPP_HARDENING_MODE\=_LIBCPP_HARDENING_MODE_DEBUG -swift-version 5 -I /Users/rogerlin/Library/Developer/Xcode/DerivedData/FinancialCalculatorKit-ackorybalcxbfocbkqsfdzcfkgmn/Build/Products/Debug -F /Users/rogerlin/Library/Developer/Xcode/DerivedData/FinancialCalculatorKit-ackorybalcxbfocbkqsfdzcfkgmn/Build/Products/Debug/PackageFrameworks -F /Users/rogerlin/Library/Developer/Xcode/DerivedData/FinancialCalculatorKit-ackorybalcxbfocbkqsfdzcfkgmn/Build/Products/Debug/PackageFrameworks -F /Users/rogerlin/Library/Developer/Xcode/DerivedData/FinancialCalculatorKit-ackorybalcxbfocbkqsfdzcfkgmn/Build/Products/Debug/PackageFrameworks -F /Users/rogerlin/Library/Developer/Xcode/DerivedData/FinancialCalculatorKit-ackorybalcxbfocbkqsfdzcfkgmn/Build/Products/Debug/PackageFrameworks -F /Users/rogerlin/Library/Developer/Xcode/DerivedData/FinancialCalculatorKit-ackorybalcxbfocbkqsfdzcfkgmn/Build/Products/Debug/PackageFrameworks -F /Users/rogerlin/Library/Developer/Xcode/DerivedData/FinancialCalculatorKit-ackorybalcxbfocbkqsfdzcfkgmn/Build/Products/Debug/PackageFrameworks -F /Users/rogerlin/Library/Developer/Xcode/DerivedData/FinancialCalculatorKit-ackorybalcxbfocbkqsfdzcfkgmn/Build/Products/Debug/PackageFrameworks -F /Users/rogerlin/Library/Developer/Xcode/DerivedData/FinancialCalculatorKit-ackorybalcxbfocbkqsfdzcfkgmn/Build/Products/Debug/PackageFrameworks -F /Users/rogerlin/Library/Developer/Xcode/DerivedData/FinancialCalculatorKit-ackorybalcxbfocbkqsfdzcfkgmn/Build/Products/Debug/PackageFrameworks -F /Users/rogerlin/Library/Developer/Xcode/DerivedData/FinancialCalculatorKit-ackorybalcxbfocbkqsfdzcfkgmn/Build/Products/Debug/PackageFrameworks -F /Users/rogerlin/Library/Developer/Xcode/DerivedData/FinancialCalculatorKit-ackorybalcxbfocbkqsfdzcfkgmn/Build/Products/Debug/PackageFrameworks -F /Users/rogerlin/Library/Developer/Xcode/DerivedData/FinancialCalculatorKit-ackorybalcxbfocbkqsfdzcfkgmn/Build/Products/Debug/PackageFrameworks -F /Users/rogerlin/Library/Developer/Xcode/DerivedData/FinancialCalculatorKit-ackorybalcxbfocbkqsfdzcfkgmn/Build/Products/Debug/PackageFrameworks -F /Users/rogerlin/Library/Developer/Xcode/DerivedData/FinancialCalculatorKit-ackorybalcxbfocbkqsfdzcfkgmn/Build/Products/Debug/PackageFrameworks -F /Users/rogerlin/Library/Developer/Xcode/DerivedData/FinancialCalculatorKit-ackorybalcxbfocbkqsfdzcfkgmn/Build/Products/Debug/PackageFrameworks -F /Users/rogerlin/Library/Developer/Xcode/DerivedData/FinancialCalculatorKit-ackorybalcxbfocbkqsfdzcfkgmn/Build/Products/Debug/PackageFrameworks -F /Users/rogerlin/Library/Developer/Xcode/DerivedData/FinancialCalculatorKit-ackorybalcxbfocbkqsfdzcfkgmn/Build/Products/Debug/PackageFrameworks -F /Users/rogerlin/Library/Developer/Xcode/DerivedData/FinancialCalculatorKit-ackorybalcxbfocbkqsfdzcfkgmn/Build/Products/Debug/PackageFrameworks -F /Users/rogerlin/Library/Developer/Xcode/DerivedData/FinancialCalculatorKit-ackorybalcxbfocbkqsfdzcfkgmn/Build/Products/Debug/PackageFrameworks -F /Users/rogerlin/Library/Developer/Xcode/DerivedData/FinancialCalculatorKit-ackorybalcxbfocbkqsfdzcfkgmn/Build/Products/Debug -Xfrontend -load-plugin-executable -Xfrontend /Users/rogerlin/Library/Developer/Xcode/DerivedData/FinancialCalculatorKit-ackorybalcxbfocbkqsfdzcfkgmn/Build/Products/Debug/CasePathsMacros\#CasePathsMacros -emit-localized-strings -emit-localized-strings-path /Users/rogerlin/Library/Developer/Xcode/DerivedData/FinancialCalculatorKit-ackorybalcxbfocbkqsfdzcfkgmn/Build/Intermediates.noindex/FinancialCalculatorKit.build/Debug/FinancialCalculatorKit.build/Objects-normal/arm64 -c -j16 -enable-batch-mode -incremental -Xcc -ivfsstatcache -Xcc /Users/rogerlin/Library/Developer/Xcode/DerivedData/SDKStatCaches.noindex/macosx26.1-25B74-3ae1261907bdadc328169391a47051a6.sdkstatcache -output-file-map /Users/rogerlin/Library/Developer/Xcode/DerivedData/FinancialCalculatorKit-ackorybalcxbfocbkqsfdzcfkgmn/Build/Intermediates.noindex/FinancialCalculatorKit.build/Debug/FinancialCalculatorKit.build/Objects-normal/arm64/FinancialCalculatorKit-OutputFileMap.json -use-frontend-parseable-output -save-temps -no-color-diagnostics -explicit-module-build -module-cache-path /Users/rogerlin/Library/Developer/Xcode/DerivedData/FinancialCalculatorKit-ackorybalcxbfocbkqsfdzcfkgmn/Build/Intermediates.noindex/SwiftExplicitPrecompiledModules -clang-scanner-module-cache-path /Users/rogerlin/Library/Developer/Xcode/DerivedData/ModuleCache.noindex -sdk-module-cache-path /Users/rogerlin/Library/Developer/Xcode/DerivedData/ModuleCache.noindex -serialize-diagnostics -emit-dependencies -emit-module -emit-module-path /Users/rogerlin/Library/Developer/Xcode/DerivedData/FinancialCalculatorKit-ackorybalcxbfocbkqsfdzcfkgmn/Build/Intermediates.noindex/FinancialCalculatorKit.build/Debug/FinancialCalculatorKit.build/Objects-normal/arm64/FinancialCalculatorKit.swiftmodule -validate-clang-modules-once -clang-build-session-file /Users/rogerlin/Library/Developer/Xcode/DerivedData/ModuleCache.noindex/Session.modulevalidation -Xcc -I/Users/rogerlin/Library/Developer/Xcode/DerivedData/FinancialCalculatorKit-ackorybalcxbfocbkqsfdzcfkgmn/Build/Intermediates.noindex/FinancialCalculatorKit.build/Debug/FinancialCalculatorKit.build/swift-overrides.hmap -emit-const-values -Xfrontend -const-gather-protocols-file -Xfrontend /Users/rogerlin/Library/Developer/Xcode/DerivedData/FinancialCalculatorKit-ackorybalcxbfocbkqsfdzcfkgmn/Build/Intermediates.noindex/FinancialCalculatorKit.build/Debug/FinancialCalculatorKit.build/Objects-normal/arm64/FinancialCalculatorKit_const_extract_protocols.json -Xcc -iquote -Xcc /Users/rogerlin/Library/Developer/Xcode/DerivedData/FinancialCalculatorKit-ackorybalcxbfocbkqsfdzcfkgmn/Build/Intermediates.noindex/FinancialCalculatorKit.build/Debug/FinancialCalculatorKit.build/FinancialCalculatorKit-generated-files.hmap -Xcc -I/Users/rogerlin/Library/Developer/Xcode/DerivedData/FinancialCalculatorKit-ackorybalcxbfocbkqsfdzcfkgmn/Build/Intermediates.noindex/FinancialCalculatorKit.build/Debug/FinancialCalculatorKit.build/FinancialCalculatorKit-own-target-headers.hmap -Xcc -I/Users/rogerlin/Library/Developer/Xcode/DerivedData/FinancialCalculatorKit-ackorybalcxbfocbkqsfdzcfkgmn/Build/Intermediates.noindex/FinancialCalculatorKit.build/Debug/FinancialCalculatorKit.build/FinancialCalculatorKit-all-non-framework-target-headers.hmap -Xcc -ivfsoverlay -Xcc /Users/rogerlin/Library/Developer/Xcode/DerivedData/FinancialCalculatorKit-ackorybalcxbfocbkqsfdzcfkgmn/Build/Intermediates.noindex/FinancialCalculatorKit.build/Debug/FinancialCalculatorKit-b796aaad08c4b307251b75ea7c01aae2-VFS/all-product-headers.yaml -Xcc -iquote -Xcc /Users/rogerlin/Library/Developer/Xcode/DerivedData/FinancialCalculatorKit-ackorybalcxbfocbkqsfdzcfkgmn/Build/Intermediates.noindex/FinancialCalculatorKit.build/Debug/FinancialCalculatorKit.build/FinancialCalculatorKit-project-headers.hmap -Xcc -I/Users/rogerlin/Library/Developer/Xcode/DerivedData/FinancialCalculatorKit-ackorybalcxbfocbkqsfdzcfkgmn/SourcePackages/checkouts/swift-numerics/Sources/_NumericsShims/include -Xcc -I/Users/rogerlin/Library/Developer/Xcode/DerivedData/FinancialCalculatorKit-ackorybalcxbfocbkqsfdzcfkgmn/Build/Products/Debug/include -Xcc -I/Users/rogerlin/Library/Developer/Xcode/DerivedData/FinancialCalculatorKit-ackorybalcxbfocbkqsfdzcfkgmn/Build/Intermediates.noindex/FinancialCalculatorKit.build/Debug/FinancialCalculatorKit.build/DerivedSources-normal/arm64 -Xcc -I/Users/rogerlin/Library/Developer/Xcode/DerivedData/FinancialCalculatorKit-ackorybalcxbfocbkqsfdzcfkgmn/Build/Intermediates.noindex/FinancialCalculatorKit.build/Debug/FinancialCalculatorKit.build/DerivedSources/arm64 -Xcc -I/Users/rogerlin/Library/Developer/Xcode/DerivedData/FinancialCalculatorKit-ackorybalcxbfocbkqsfdzcfkgmn/Build/Intermediates.noindex/FinancialCalculatorKit.build/Debug/FinancialCalculatorKit.build/DerivedSources -Xcc -DDEBUG\=1 -emit-objc-header -emit-objc-header-path /Users/rogerlin/Library/Developer/Xcode/DerivedData/FinancialCalculatorKit-ackorybalcxbfocbkqsfdzcfkgmn/Build/Intermediates.noindex/FinancialCalculatorKit.build/Debug/FinancialCalculatorKit.build/Objects-normal/arm64/FinancialCalculatorKit-Swift.h -working-directory /Users/rogerlin/XCode-Projects/FinancialCalculatorKit-5.0-updated-accent-colors -experimental-emit-module-separately -disable-cmo

    Task input dependencies:
        /Users/rogerlin/XCode-Projects/FinancialCalculatorKit-5.0-updated-accent-colors/FinancialCalculatorKit/Models/Bond/AdvancedBondModels.swift
        /Users/rogerlin/XCode-Projects/FinancialCalculatorKit-5.0-updated-accent-colors/FinancialCalculatorKit/Models/Bond/YieldCurveTypes.swift
        /Users/rogerlin/XCode-Projects/FinancialCalculatorKit-5.0-updated-accent-colors/FinancialCalculatorKit/Models/Calculation/BondCalculation.swift
        /Users/rogerlin/XCode-Projects/FinancialCalculatorKit-5.0-updated-accent-colors/FinancialCalculatorKit/Models/Calculation/CalculationMetadata.swift
        /Users/rogerlin/XCode-Projects/FinancialCalculatorKit-5.0-updated-accent-colors/FinancialCalculatorKit/Models/Calculation/DepreciationCalculation.swift
        /Users/rogerlin/XCode-Projects/FinancialCalculatorKit-5.0-updated-accent-colors/FinancialCalculatorKit/Models/Calculation/FinancialCalculation.swift
        /Users/rogerlin/XCode-Projects/FinancialCalculatorKit-5.0-updated-accent-colors/FinancialCalculatorKit/Models/Calculation/InvestmentCalculation.swift
        /Users/rogerlin/XCode-Projects/FinancialCalculatorKit-5.0-updated-accent-colors/FinancialCalculatorKit/Models/Calculation/LoanCalculation.swift
        /Users/rogerlin/XCode-Projects/FinancialCalculatorKit-5.0-updated-accent-colors/FinancialCalculatorKit/Models/Calculation/TimeValueCalculation.swift
        /Users/rogerlin/XCode-Projects/FinancialCalculatorKit-5.0-updated-accent-colors/FinancialCalculatorKit/Models/Enums/CalculationType.swift
        /Users/rogerlin/XCode-Projects/FinancialCalculatorKit-5.0-updated-accent-colors/FinancialCalculatorKit/Models/Enums/Currency.swift
        /Users/rogerlin/XCode-Projects/FinancialCalculatorKit-5.0-updated-accent-colors/FinancialCalculatorKit/Models/Enums/LoanType.swift
        /Users/rogerlin/XCode-Projects/FinancialCalculatorKit-5.0-updated-accent-colors/FinancialCalculatorKit/Models/Enums/PaymentFrequency.swift
        /Users/rogerlin/XCode-Projects/FinancialCalculatorKit-5.0-updated-accent-colors/FinancialCalculatorKit/Models/Enums/TimeValueVariable.swift
        /Users/rogerlin/XCode-Projects/FinancialCalculatorKit-5.0-updated-accent-colors/FinancialCalculatorKit/Models/Formula/FormulaReference.swift
        /Users/rogerlin/XCode-Projects/FinancialCalculatorKit-5.0-updated-accent-colors/FinancialCalculatorKit/Models/FRED/FREDModels.swift
        /Users/rogerlin/XCode-Projects/FinancialCalculatorKit-5.0-updated-accent-colors/FinancialCalculatorKit/Models/Options/AdvancedOptionsModels.swift
        /Users/rogerlin/XCode-Projects/FinancialCalculatorKit-5.0-updated-accent-colors/FinancialCalculatorKit/Models/ScientificCalculator/EquationDocument.swift
        /Users/rogerlin/XCode-Projects/FinancialCalculatorKit-5.0-updated-accent-colors/FinancialCalculatorKit/Models/ScientificCalculator/VariableStore.swift
        /Users/rogerlin/XCode-Projects/FinancialCalculatorKit-5.0-updated-accent-colors/FinancialCalculatorKit/Protocols/FinancialComputable.swift
        /Users/rogerlin/XCode-Projects/FinancialCalculatorKit-5.0-updated-accent-colors/FinancialCalculatorKit/Services/Bond/AdvancedBondPricingEngine.swift
        /Users/rogerlin/XCode-Projects/FinancialCalculatorKit-5.0-updated-accent-colors/FinancialCalculatorKit/Services/Options/AdvancedOptionsPricingEngine.swift
        /Users/rogerlin/XCode-Projects/FinancialCalculatorKit-5.0-updated-accent-colors/FinancialCalculatorKit/Services/AdvancedExpressionParser.swift
        /Users/rogerlin/XCode-Projects/FinancialCalculatorKit-5.0-updated-accent-colors/FinancialCalculatorKit/Services/AdvancedIRRCalculator.swift
        /Users/rogerlin/XCode-Projects/FinancialCalculatorKit-5.0-updated-accent-colors/FinancialCalculatorKit/Services/AdvancedMathFunctions.swift
        /Users/rogerlin/XCode-Projects/FinancialCalculatorKit-5.0-updated-accent-colors/FinancialCalculatorKit/Services/CalculationEngine.swift
        /Users/rogerlin/XCode-Projects/FinancialCalculatorKit-5.0-updated-accent-colors/FinancialCalculatorKit/Services/CSVHelper.swift
        /Users/rogerlin/XCode-Projects/FinancialCalculatorKit-5.0-updated-accent-colors/FinancialCalculatorKit/Services/CurrencyConversionService.swift
        /Users/rogerlin/XCode-Projects/FinancialCalculatorKit-5.0-updated-accent-colors/FinancialCalculatorKit/Services/ExchangeRateService.swift
        /Users/rogerlin/XCode-Projects/FinancialCalculatorKit-5.0-updated-accent-colors/FinancialCalculatorKit/Services/FinancialCalculator.swift
        /Users/rogerlin/XCode-Projects/FinancialCalculatorKit-5.0-updated-accent-colors/FinancialCalculatorKit/Services/FinancialValidation.swift
        /Users/rogerlin/XCode-Projects/FinancialCalculatorKit-5.0-updated-accent-colors/FinancialCalculatorKit/Services/FormulaAutoComplete.swift
        /Users/rogerlin/XCode-Projects/FinancialCalculatorKit-5.0-updated-accent-colors/FinancialCalculatorKit/Services/FREDService.swift
        /Users/rogerlin/XCode-Projects/FinancialCalculatorKit-5.0-updated-accent-colors/FinancialCalculatorKit/Services/HighPrecisionMath.swift
        /Users/rogerlin/XCode-Projects/FinancialCalculatorKit-5.0-updated-accent-colors/FinancialCalculatorKit/Services/HighPrecisionTestSuite.swift
        /Users/rogerlin/XCode-Projects/FinancialCalculatorKit-5.0-updated-accent-colors/FinancialCalculatorKit/Services/HighPrecisionValidation.swift
        /Users/rogerlin/XCode-Projects/FinancialCalculatorKit-5.0-updated-accent-colors/FinancialCalculatorKit/Services/TickerHistoryService.swift
        /Users/rogerlin/XCode-Projects/FinancialCalculatorKit-5.0-updated-accent-colors/FinancialCalculatorKit/Services/ValidationExtensions.swift
        /Users/rogerlin/XCode-Projects/FinancialCalculatorKit-5.0-updated-accent-colors/FinancialCalculatorKit/Services/ValidationService.swift
        /Users/rogerlin/XCode-Projects/FinancialCalculatorKit-5.0-updated-accent-colors/FinancialCalculatorKit/Services/ValidationTestSuite.swift
        /Users/rogerlin/XCode-Projects/FinancialCalculatorKit-5.0-updated-accent-colors/FinancialCalculatorKit/Utilities/Extensions/Date+Financial.swift
        /Users/rogerlin/XCode-Projects/FinancialCalculatorKit-5.0-updated-accent-colors/FinancialCalculatorKit/Utilities/Extensions/Double+Financial.swift
        /Users/rogerlin/XCode-Projects/FinancialCalculatorKit-5.0-updated-accent-colors/FinancialCalculatorKit/Utilities/CashFlowsTransformer.swift
        /Users/rogerlin/XCode-Projects/FinancialCalculatorKit-5.0-updated-accent-colors/FinancialCalculatorKit/Utilities/Formatters.swift
        /Users/rogerlin/XCode-Projects/FinancialCalculatorKit-5.0-updated-accent-colors/FinancialCalculatorKit/ViewHelpers/FormulaViewHelper.swift
        /Users/rogerlin/XCode-Projects/FinancialCalculatorKit-5.0-updated-accent-colors/FinancialCalculatorKit/ViewModels/MainViewModel.swift
        /Users/rogerlin/XCode-Projects/FinancialCalculatorKit-5.0-updated-accent-colors/FinancialCalculatorKit/Views/Calculator/AdvancedBondCalculatorView.swift
        /Users/rogerlin/XCode-Projects/FinancialCalculatorKit-5.0-updated-accent-colors/FinancialCalculatorKit/Views/Calculator/AmortizationView.swift
        /Users/rogerlin/XCode-Projects/FinancialCalculatorKit-5.0-updated-accent-colors/FinancialCalculatorKit/Views/Calculator/BondCalculatorView.swift
        /Users/rogerlin/XCode-Projects/FinancialCalculatorKit-5.0-updated-accent-colors/FinancialCalculatorKit/Views/Calculator/CompactCalculatorView.swift
        /Users/rogerlin/XCode-Projects/FinancialCalculatorKit-5.0-updated-accent-colors/FinancialCalculatorKit/Views/Calculator/CurrencyConverterView.swift
        /Users/rogerlin/XCode-Projects/FinancialCalculatorKit-5.0-updated-accent-colors/FinancialCalculatorKit/Views/Calculator/CustomScientificKeyboard.swift
        /Users/rogerlin/XCode-Projects/FinancialCalculatorKit-5.0-updated-accent-colors/FinancialCalculatorKit/Views/Calculator/DepreciationCalculatorView.swift
        /Users/rogerlin/XCode-Projects/FinancialCalculatorKit-5.0-updated-accent-colors/FinancialCalculatorKit/Views/Calculator/DocumentListView.swift
        /Users/rogerlin/XCode-Projects/FinancialCalculatorKit-5.0-updated-accent-colors/FinancialCalculatorKit/Views/Calculator/EquityValuationView.swift
        /Users/rogerlin/XCode-Projects/FinancialCalculatorKit-5.0-updated-accent-colors/FinancialCalculatorKit/Views/Calculator/FixedIncomeAnalyticsView.swift
        /Users/rogerlin/XCode-Projects/FinancialCalculatorKit-5.0-updated-accent-colors/FinancialCalculatorKit/Views/Calculator/FormulaLibraryView.swift
        /Users/rogerlin/XCode-Projects/FinancialCalculatorKit-5.0-updated-accent-colors/FinancialCalculatorKit/Views/Calculator/ForwardsCalculatorView.swift
        /Users/rogerlin/XCode-Projects/FinancialCalculatorKit-5.0-updated-accent-colors/FinancialCalculatorKit/Views/Calculator/FuturesCalculatorView.swift
        /Users/rogerlin/XCode-Projects/FinancialCalculatorKit-5.0-updated-accent-colors/FinancialCalculatorKit/Views/Calculator/FutureValueView.swift
        /Users/rogerlin/XCode-Projects/FinancialCalculatorKit-5.0-updated-accent-colors/FinancialCalculatorKit/Views/Calculator/HighPrecisionCalculatorView.swift
        /Users/rogerlin/XCode-Projects/FinancialCalculatorKit-5.0-updated-accent-colors/FinancialCalculatorKit/Views/Calculator/InvestmentCalculatorView.swift
        /Users/rogerlin/XCode-Projects/FinancialCalculatorKit-5.0-updated-accent-colors/FinancialCalculatorKit/Views/Calculator/LoanCalculatorView.swift
        /Users/rogerlin/XCode-Projects/FinancialCalculatorKit-5.0-updated-accent-colors/FinancialCalculatorKit/Views/Calculator/LoanResultView.swift
        /Users/rogerlin/XCode-Projects/FinancialCalculatorKit-5.0-updated-accent-colors/FinancialCalculatorKit/Views/Calculator/MathExpressionCalculatorView.swift
        /Users/rogerlin/XCode-Projects/FinancialCalculatorKit-5.0-updated-accent-colors/FinancialCalculatorKit/Views/Calculator/OptionsCalculatorView.swift
        /Users/rogerlin/XCode-Projects/FinancialCalculatorKit-5.0-updated-accent-colors/FinancialCalculatorKit/Views/Calculator/OptionsStrategiesView.swift
        /Users/rogerlin/XCode-Projects/FinancialCalculatorKit-5.0-updated-accent-colors/FinancialCalculatorKit/Views/Calculator/PlaceholderViews.swift
        /Users/rogerlin/XCode-Projects/FinancialCalculatorKit-5.0-updated-accent-colors/FinancialCalculatorKit/Views/Calculator/PortfolioOptimizationView.swift
        /Users/rogerlin/XCode-Projects/FinancialCalculatorKit-5.0-updated-accent-colors/FinancialCalculatorKit/Views/Calculator/PrecisionDemoView.swift
        /Users/rogerlin/XCode-Projects/FinancialCalculatorKit-5.0-updated-accent-colors/FinancialCalculatorKit/Views/Calculator/RiskManagementView.swift
        /Users/rogerlin/XCode-Projects/FinancialCalculatorKit-5.0-updated-accent-colors/FinancialCalculatorKit/Views/Calculator/ScientificCalculatorView.swift
        /Users/rogerlin/XCode-Projects/FinancialCalculatorKit-5.0-updated-accent-colors/FinancialCalculatorKit/Views/Calculator/SwapsCalculatorView.swift
        /Users/rogerlin/XCode-Projects/FinancialCalculatorKit-5.0-updated-accent-colors/FinancialCalculatorKit/Views/Calculator/TemplateViews.swift
        /Users/rogerlin/XCode-Projects/FinancialCalculatorKit-5.0-updated-accent-colors/FinancialCalculatorKit/Views/Calculator/TickerHistoryView.swift
        /Users/rogerlin/XCode-Projects/FinancialCalculatorKit-5.0-updated-accent-colors/FinancialCalculatorKit/Views/Calculator/TimeValueCalculatorView.swift
        /Users/rogerlin/XCode-Projects/FinancialCalculatorKit-5.0-updated-accent-colors/FinancialCalculatorKit/Views/Calculator/TimeValueResultView.swift
        /Users/rogerlin/XCode-Projects/FinancialCalculatorKit-5.0-updated-accent-colors/FinancialCalculatorKit/Views/Calculator/UnitConverterView.swift
        /Users/rogerlin/XCode-Projects/FinancialCalculatorKit-5.0-updated-accent-colors/FinancialCalculatorKit/Views/Calculator/VariableManagementView.swift
        /Users/rogerlin/XCode-Projects/FinancialCalculatorKit-5.0-updated-accent-colors/FinancialCalculatorKit/Views/Charts/FinancialChartView.swift
        /Users/rogerlin/XCode-Projects/FinancialCalculatorKit-5.0-updated-accent-colors/FinancialCalculatorKit/Views/Charts/InteractiveFinancialCharts.swift
        /Users/rogerlin/XCode-Projects/FinancialCalculatorKit-5.0-updated-accent-colors/FinancialCalculatorKit/Views/Components/DetailRow.swift
        /Users/rogerlin/XCode-Projects/FinancialCalculatorKit-5.0-updated-accent-colors/FinancialCalculatorKit/Views/Components/DynamicInputSection.swift
        /Users/rogerlin/XCode-Projects/FinancialCalculatorKit-5.0-updated-accent-colors/FinancialCalculatorKit/Views/Components/EnhancedInputFields.swift
        /Users/rogerlin/XCode-Projects/FinancialCalculatorKit-5.0-updated-accent-colors/FinancialCalculatorKit/Views/Components/FinancialStyles.swift
        /Users/rogerlin/XCode-Projects/FinancialCalculatorKit-5.0-updated-accent-colors/FinancialCalculatorKit/Views/Components/InputFieldView.swift
        /Users/rogerlin/XCode-Projects/FinancialCalculatorKit-5.0-updated-accent-colors/FinancialCalculatorKit/Views/Components/InteractiveDataTables.swift
        /Users/rogerlin/XCode-Projects/FinancialCalculatorKit-5.0-updated-accent-colors/FinancialCalculatorKit/Views/Components/LoadingResultView.swift
        /Users/rogerlin/XCode-Projects/FinancialCalculatorKit-5.0-updated-accent-colors/FinancialCalculatorKit/Views/Components/NumbersOnlyViewModifier.swift
        /Users/rogerlin/XCode-Projects/FinancialCalculatorKit-5.0-updated-accent-colors/FinancialCalculatorKit/Views/Components/ResultDisplayView.swift
        /Users/rogerlin/XCode-Projects/FinancialCalculatorKit-5.0-updated-accent-colors/FinancialCalculatorKit/Views/Components/StatusIndicator.swift
        /Users/rogerlin/XCode-Projects/FinancialCalculatorKit-5.0-updated-accent-colors/FinancialCalculatorKit/Views/Components/ValidationSummaryView.swift
        /Users/rogerlin/XCode-Projects/FinancialCalculatorKit-5.0-updated-accent-colors/FinancialCalculatorKit/Views/FRED/FREDDataView.swift
        /Users/rogerlin/XCode-Projects/FinancialCalculatorKit-5.0-updated-accent-colors/FinancialCalculatorKit/Views/Reference/FormulaReferenceView.swift
        /Users/rogerlin/XCode-Projects/FinancialCalculatorKit-5.0-updated-accent-colors/FinancialCalculatorKit/Views/Reference/FormulaVariableView.swift
        /Users/rogerlin/XCode-Projects/FinancialCalculatorKit-5.0-updated-accent-colors/FinancialCalculatorKit/Views/Reference/FormulaVariantView.swift
        /Users/rogerlin/XCode-Projects/FinancialCalculatorKit-5.0-updated-accent-colors/FinancialCalculatorKit/ContentView.swift
        /Users/rogerlin/XCode-Projects/FinancialCalculatorKit-5.0-updated-accent-colors/FinancialCalculatorKit/FinancialCalculatorKitApp.swift
        /Users/rogerlin/XCode-Projects/FinancialCalculatorKit-5.0-updated-accent-colors/FinancialCalculatorKit/Item.swift
        /Users/rogerlin/Library/Developer/Xcode/DerivedData/FinancialCalculatorKit-ackorybalcxbfocbkqsfdzcfkgmn/Build/Intermediates.noindex/FinancialCalculatorKit.build/Debug/FinancialCalculatorKit.build/DerivedSources/GeneratedAssetSymbols.swift
        /Users/rogerlin/Library/Developer/Xcode/DerivedData/FinancialCalculatorKit-ackorybalcxbfocbkqsfdzcfkgmn/Build/Products/Debug/CasePathsMacros
        /Users/rogerlin/Library/Developer/Xcode/DerivedData/FinancialCalculatorKit-ackorybalcxbfocbkqsfdzcfkgmn/Build/Intermediates.noindex/FinancialCalculatorKit.build/Debug/FinancialCalculatorKit.build/Objects-normal/arm64/FinancialCalculatorKit.SwiftFileList
        /Users/rogerlin/Library/Developer/Xcode/DerivedData/FinancialCalculatorKit-ackorybalcxbfocbkqsfdzcfkgmn/Build/Intermediates.noindex/FinancialCalculatorKit.build/Debug/FinancialCalculatorKit.build/Objects-normal/arm64/FinancialCalculatorKit-OutputFileMap.json
        /Users/rogerlin/Library/Developer/Xcode/DerivedData/FinancialCalculatorKit-ackorybalcxbfocbkqsfdzcfkgmn/Build/Intermediates.noindex/FinancialCalculatorKit.build/Debug/FinancialCalculatorKit.build/Objects-normal/arm64/FinancialCalculatorKit_const_extract_protocols.json
        /Users/rogerlin/Library/Developer/Xcode/DerivedData/FinancialCalculatorKit-ackorybalcxbfocbkqsfdzcfkgmn/Build/Intermediates.noindex/FinancialCalculatorKit.build/Debug/FinancialCalculatorKit.build/FinancialCalculatorKit-generated-files.hmap
        /Users/rogerlin/Library/Developer/Xcode/DerivedData/FinancialCalculatorKit-ackorybalcxbfocbkqsfdzcfkgmn/Build/Intermediates.noindex/FinancialCalculatorKit.build/Debug/FinancialCalculatorKit.build/FinancialCalculatorKit-own-target-headers.hmap
        /Users/rogerlin/Library/Developer/Xcode/DerivedData/FinancialCalculatorKit-ackorybalcxbfocbkqsfdzcfkgmn/Build/Intermediates.noindex/FinancialCalculatorKit.build/Debug/FinancialCalculatorKit.build/FinancialCalculatorKit-all-non-framework-target-headers.hmap
        /Users/rogerlin/Library/Developer/Xcode/DerivedData/FinancialCalculatorKit-ackorybalcxbfocbkqsfdzcfkgmn/Build/Intermediates.noindex/FinancialCalculatorKit.build/Debug/FinancialCalculatorKit-b796aaad08c4b307251b75ea7c01aae2-VFS/all-product-headers.yaml
        /Users/rogerlin/Library/Developer/Xcode/DerivedData/FinancialCalculatorKit-ackorybalcxbfocbkqsfdzcfkgmn/Build/Intermediates.noindex/FinancialCalculatorKit.build/Debug/FinancialCalculatorKit.build/FinancialCalculatorKit-project-headers.hmap
        /Users/rogerlin/XCode-Projects/FinancialCalculatorKit-5.0-updated-accent-colors/FinancialCalculatorKit/Models/Bond/AdvancedBondModels.swift
        /Users/rogerlin/XCode-Projects/FinancialCalculatorKit-5.0-updated-accent-colors/FinancialCalculatorKit/Models/Bond/YieldCurveTypes.swift
        /Users/rogerlin/XCode-Projects/FinancialCalculatorKit-5.0-updated-accent-colors/FinancialCalculatorKit/Models/Calculation/BondCalculation.swift
        /Users/rogerlin/XCode-Projects/FinancialCalculatorKit-5.0-updated-accent-colors/FinancialCalculatorKit/Models/Calculation/CalculationMetadata.swift
        /Users/rogerlin/XCode-Projects/FinancialCalculatorKit-5.0-updated-accent-colors/FinancialCalculatorKit/Models/Calculation/DepreciationCalculation.swift
        /Users/rogerlin/XCode-Projects/FinancialCalculatorKit-5.0-updated-accent-colors/FinancialCalculatorKit/Models/Calculation/FinancialCalculation.swift
        /Users/rogerlin/XCode-Projects/FinancialCalculatorKit-5.0-updated-accent-colors/FinancialCalculatorKit/Models/Calculation/InvestmentCalculation.swift
        /Users/rogerlin/XCode-Projects/FinancialCalculatorKit-5.0-updated-accent-colors/FinancialCalculatorKit/Models/Calculation/LoanCalculation.swift
        /Users/rogerlin/XCode-Projects/FinancialCalculatorKit-5.0-updated-accent-colors/FinancialCalculatorKit/Models/Calculation/TimeValueCalculation.swift
        /Users/rogerlin/XCode-Projects/FinancialCalculatorKit-5.0-updated-accent-colors/FinancialCalculatorKit/Models/Enums/CalculationType.swift
        /Users/rogerlin/XCode-Projects/FinancialCalculatorKit-5.0-updated-accent-colors/FinancialCalculatorKit/Models/Enums/Currency.swift
        /Users/rogerlin/XCode-Projects/FinancialCalculatorKit-5.0-updated-accent-colors/FinancialCalculatorKit/Models/Enums/LoanType.swift
        /Users/rogerlin/XCode-Projects/FinancialCalculatorKit-5.0-updated-accent-colors/FinancialCalculatorKit/Models/Enums/PaymentFrequency.swift
        /Users/rogerlin/XCode-Projects/FinancialCalculatorKit-5.0-updated-accent-colors/FinancialCalculatorKit/Models/Enums/TimeValueVariable.swift
        /Users/rogerlin/XCode-Projects/FinancialCalculatorKit-5.0-updated-accent-colors/FinancialCalculatorKit/Models/Formula/FormulaReference.swift
        /Users/rogerlin/XCode-Projects/FinancialCalculatorKit-5.0-updated-accent-colors/FinancialCalculatorKit/Models/FRED/FREDModels.swift
        /Users/rogerlin/XCode-Projects/FinancialCalculatorKit-5.0-updated-accent-colors/FinancialCalculatorKit/Models/Options/AdvancedOptionsModels.swift
        /Users/rogerlin/XCode-Projects/FinancialCalculatorKit-5.0-updated-accent-colors/FinancialCalculatorKit/Models/ScientificCalculator/EquationDocument.swift
        /Users/rogerlin/XCode-Projects/FinancialCalculatorKit-5.0-updated-accent-colors/FinancialCalculatorKit/Models/ScientificCalculator/VariableStore.swift
        /Users/rogerlin/XCode-Projects/FinancialCalculatorKit-5.0-updated-accent-colors/FinancialCalculatorKit/Protocols/FinancialComputable.swift
        /Users/rogerlin/XCode-Projects/FinancialCalculatorKit-5.0-updated-accent-colors/FinancialCalculatorKit/Services/Bond/AdvancedBondPricingEngine.swift
        /Users/rogerlin/XCode-Projects/FinancialCalculatorKit-5.0-updated-accent-colors/FinancialCalculatorKit/Services/Options/AdvancedOptionsPricingEngine.swift
        /Users/rogerlin/XCode-Projects/FinancialCalculatorKit-5.0-updated-accent-colors/FinancialCalculatorKit/Services/AdvancedExpressionParser.swift
        /Users/rogerlin/XCode-Projects/FinancialCalculatorKit-5.0-updated-accent-colors/FinancialCalculatorKit/Services/AdvancedIRRCalculator.swift
        /Users/rogerlin/XCode-Projects/FinancialCalculatorKit-5.0-updated-accent-colors/FinancialCalculatorKit/Services/AdvancedMathFunctions.swift
        /Users/rogerlin/XCode-Projects/FinancialCalculatorKit-5.0-updated-accent-colors/FinancialCalculatorKit/Services/CalculationEngine.swift
        /Users/rogerlin/XCode-Projects/FinancialCalculatorKit-5.0-updated-accent-colors/FinancialCalculatorKit/Services/CSVHelper.swift
        /Users/rogerlin/XCode-Projects/FinancialCalculatorKit-5.0-updated-accent-colors/FinancialCalculatorKit/Services/CurrencyConversionService.swift
        /Users/rogerlin/XCode-Projects/FinancialCalculatorKit-5.0-updated-accent-colors/FinancialCalculatorKit/Services/ExchangeRateService.swift
        /Users/rogerlin/XCode-Projects/FinancialCalculatorKit-5.0-updated-accent-colors/FinancialCalculatorKit/Services/FinancialCalculator.swift
        /Users/rogerlin/XCode-Projects/FinancialCalculatorKit-5.0-updated-accent-colors/FinancialCalculatorKit/Services/FinancialValidation.swift
        /Users/rogerlin/XCode-Projects/FinancialCalculatorKit-5.0-updated-accent-colors/FinancialCalculatorKit/Services/FormulaAutoComplete.swift
        /Users/rogerlin/XCode-Projects/FinancialCalculatorKit-5.0-updated-accent-colors/FinancialCalculatorKit/Services/FREDService.swift
        /Users/rogerlin/XCode-Projects/FinancialCalculatorKit-5.0-updated-accent-colors/FinancialCalculatorKit/Services/HighPrecisionMath.swift
        /Users/rogerlin/XCode-Projects/FinancialCalculatorKit-5.0-updated-accent-colors/FinancialCalculatorKit/Services/HighPrecisionTestSuite.swift
        /Users/rogerlin/XCode-Projects/FinancialCalculatorKit-5.0-updated-accent-colors/FinancialCalculatorKit/Services/HighPrecisionValidation.swift
        /Users/rogerlin/XCode-Projects/FinancialCalculatorKit-5.0-updated-accent-colors/FinancialCalculatorKit/Services/TickerHistoryService.swift
        /Users/rogerlin/XCode-Projects/FinancialCalculatorKit-5.0-updated-accent-colors/FinancialCalculatorKit/Services/ValidationExtensions.swift
        /Users/rogerlin/XCode-Projects/FinancialCalculatorKit-5.0-updated-accent-colors/FinancialCalculatorKit/Services/ValidationService.swift
        /Users/rogerlin/XCode-Projects/FinancialCalculatorKit-5.0-updated-accent-colors/FinancialCalculatorKit/Services/ValidationTestSuite.swift
        /Users/rogerlin/XCode-Projects/FinancialCalculatorKit-5.0-updated-accent-colors/FinancialCalculatorKit/Utilities/Extensions/Date+Financial.swift
        /Users/rogerlin/XCode-Projects/FinancialCalculatorKit-5.0-updated-accent-colors/FinancialCalculatorKit/Utilities/Extensions/Double+Financial.swift
        /Users/rogerlin/XCode-Projects/FinancialCalculatorKit-5.0-updated-accent-colors/FinancialCalculatorKit/Utilities/CashFlowsTransformer.swift
        /Users/rogerlin/XCode-Projects/FinancialCalculatorKit-5.0-updated-accent-colors/FinancialCalculatorKit/Utilities/Formatters.swift
        /Users/rogerlin/XCode-Projects/FinancialCalculatorKit-5.0-updated-accent-colors/FinancialCalculatorKit/ViewHelpers/FormulaViewHelper.swift
        /Users/rogerlin/XCode-Projects/FinancialCalculatorKit-5.0-updated-accent-colors/FinancialCalculatorKit/ViewModels/MainViewModel.swift
        /Users/rogerlin/XCode-Projects/FinancialCalculatorKit-5.0-updated-accent-colors/FinancialCalculatorKit/Views/Calculator/AdvancedBondCalculatorView.swift
        /Users/rogerlin/XCode-Projects/FinancialCalculatorKit-5.0-updated-accent-colors/FinancialCalculatorKit/Views/Calculator/AmortizationView.swift
        /Users/rogerlin/XCode-Projects/FinancialCalculatorKit-5.0-updated-accent-colors/FinancialCalculatorKit/Views/Calculator/BondCalculatorView.swift
        /Users/rogerlin/XCode-Projects/FinancialCalculatorKit-5.0-updated-accent-colors/FinancialCalculatorKit/Views/Calculator/CompactCalculatorView.swift
        /Users/rogerlin/XCode-Projects/FinancialCalculatorKit-5.0-updated-accent-colors/FinancialCalculatorKit/Views/Calculator/CurrencyConverterView.swift
        /Users/rogerlin/XCode-Projects/FinancialCalculatorKit-5.0-updated-accent-colors/FinancialCalculatorKit/Views/Calculator/CustomScientificKeyboard.swift
        /Users/rogerlin/XCode-Projects/FinancialCalculatorKit-5.0-updated-accent-colors/FinancialCalculatorKit/Views/Calculator/DepreciationCalculatorView.swift
        /Users/rogerlin/XCode-Projects/FinancialCalculatorKit-5.0-updated-accent-colors/FinancialCalculatorKit/Views/Calculator/DocumentListView.swift
        /Users/rogerlin/XCode-Projects/FinancialCalculatorKit-5.0-updated-accent-colors/FinancialCalculatorKit/Views/Calculator/EquityValuationView.swift
        /Users/rogerlin/XCode-Projects/FinancialCalculatorKit-5.0-updated-accent-colors/FinancialCalculatorKit/Views/Calculator/FixedIncomeAnalyticsView.swift
        /Users/rogerlin/XCode-Projects/FinancialCalculatorKit-5.0-updated-accent-colors/FinancialCalculatorKit/Views/Calculator/FormulaLibraryView.swift
        /Users/rogerlin/XCode-Projects/FinancialCalculatorKit-5.0-updated-accent-colors/FinancialCalculatorKit/Views/Calculator/ForwardsCalculatorView.swift
        /Users/rogerlin/XCode-Projects/FinancialCalculatorKit-5.0-updated-accent-colors/FinancialCalculatorKit/Views/Calculator/FuturesCalculatorView.swift
        /Users/rogerlin/XCode-Projects/FinancialCalculatorKit-5.0-updated-accent-colors/FinancialCalculatorKit/Views/Calculator/FutureValueView.swift
        /Users/rogerlin/XCode-Projects/FinancialCalculatorKit-5.0-updated-accent-colors/FinancialCalculatorKit/Views/Calculator/HighPrecisionCalculatorView.swift
        /Users/rogerlin/XCode-Projects/FinancialCalculatorKit-5.0-updated-accent-colors/FinancialCalculatorKit/Views/Calculator/InvestmentCalculatorView.swift
        /Users/rogerlin/XCode-Projects/FinancialCalculatorKit-5.0-updated-accent-colors/FinancialCalculatorKit/Views/Calculator/LoanCalculatorView.swift
        /Users/rogerlin/XCode-Projects/FinancialCalculatorKit-5.0-updated-accent-colors/FinancialCalculatorKit/Views/Calculator/LoanResultView.swift
        /Users/rogerlin/XCode-Projects/FinancialCalculatorKit-5.0-updated-accent-colors/FinancialCalculatorKit/Views/Calculator/MathExpressionCalculatorView.swift
        /Users/rogerlin/XCode-Projects/FinancialCalculatorKit-5.0-updated-accent-colors/FinancialCalculatorKit/Views/Calculator/OptionsCalculatorView.swift
        /Users/rogerlin/XCode-Projects/FinancialCalculatorKit-5.0-updated-accent-colors/FinancialCalculatorKit/Views/Calculator/OptionsStrategiesView.swift
        /Users/rogerlin/XCode-Projects/FinancialCalculatorKit-5.0-updated-accent-colors/FinancialCalculatorKit/Views/Calculator/PlaceholderViews.swift
        /Users/rogerlin/XCode-Projects/FinancialCalculatorKit-5.0-updated-accent-colors/FinancialCalculatorKit/Views/Calculator/PortfolioOptimizationView.swift
        /Users/rogerlin/XCode-Projects/FinancialCalculatorKit-5.0-updated-accent-colors/FinancialCalculatorKit/Views/Calculator/PrecisionDemoView.swift
        /Users/rogerlin/XCode-Projects/FinancialCalculatorKit-5.0-updated-accent-colors/FinancialCalculatorKit/Views/Calculator/RiskManagementView.swift
        /Users/rogerlin/XCode-Projects/FinancialCalculatorKit-5.0-updated-accent-colors/FinancialCalculatorKit/Views/Calculator/ScientificCalculatorView.swift
        /Users/rogerlin/XCode-Projects/FinancialCalculatorKit-5.0-updated-accent-colors/FinancialCalculatorKit/Views/Calculator/SwapsCalculatorView.swift
        /Users/rogerlin/XCode-Projects/FinancialCalculatorKit-5.0-updated-accent-colors/FinancialCalculatorKit/Views/Calculator/TemplateViews.swift
        /Users/rogerlin/XCode-Projects/FinancialCalculatorKit-5.0-updated-accent-colors/FinancialCalculatorKit/Views/Calculator/TickerHistoryView.swift
        /Users/rogerlin/XCode-Projects/FinancialCalculatorKit-5.0-updated-accent-colors/FinancialCalculatorKit/Views/Calculator/TimeValueCalculatorView.swift
        /Users/rogerlin/XCode-Projects/FinancialCalculatorKit-5.0-updated-accent-colors/FinancialCalculatorKit/Views/Calculator/TimeValueResultView.swift
        /Users/rogerlin/XCode-Projects/FinancialCalculatorKit-5.0-updated-accent-colors/FinancialCalculatorKit/Views/Calculator/UnitConverterView.swift
        /Users/rogerlin/XCode-Projects/FinancialCalculatorKit-5.0-updated-accent-colors/FinancialCalculatorKit/Views/Calculator/VariableManagementView.swift
        /Users/rogerlin/XCode-Projects/FinancialCalculatorKit-5.0-updated-accent-colors/FinancialCalculatorKit/Views/Charts/FinancialChartView.swift
        /Users/rogerlin/XCode-Projects/FinancialCalculatorKit-5.0-updated-accent-colors/FinancialCalculatorKit/Views/Charts/InteractiveFinancialCharts.swift
        /Users/rogerlin/XCode-Projects/FinancialCalculatorKit-5.0-updated-accent-colors/FinancialCalculatorKit/Views/Components/DetailRow.swift
        /Users/rogerlin/XCode-Projects/FinancialCalculatorKit-5.0-updated-accent-colors/FinancialCalculatorKit/Views/Components/DynamicInputSection.swift
        /Users/rogerlin/XCode-Projects/FinancialCalculatorKit-5.0-updated-accent-colors/FinancialCalculatorKit/Views/Components/EnhancedInputFields.swift
        /Users/rogerlin/XCode-Projects/FinancialCalculatorKit-5.0-updated-accent-colors/FinancialCalculatorKit/Views/Components/FinancialStyles.swift
        /Users/rogerlin/XCode-Projects/FinancialCalculatorKit-5.0-updated-accent-colors/FinancialCalculatorKit/Views/Components/InputFieldView.swift
        /Users/rogerlin/XCode-Projects/FinancialCalculatorKit-5.0-updated-accent-colors/FinancialCalculatorKit/Views/Components/InteractiveDataTables.swift
        /Users/rogerlin/XCode-Projects/FinancialCalculatorKit-5.0-updated-accent-colors/FinancialCalculatorKit/Views/Components/LoadingResultView.swift
        /Users/rogerlin/XCode-Projects/FinancialCalculatorKit-5.0-updated-accent-colors/FinancialCalculatorKit/Views/Components/NumbersOnlyViewModifier.swift
        /Users/rogerlin/XCode-Projects/FinancialCalculatorKit-5.0-updated-accent-colors/FinancialCalculatorKit/Views/Components/ResultDisplayView.swift
        /Users/rogerlin/XCode-Projects/FinancialCalculatorKit-5.0-updated-accent-colors/FinancialCalculatorKit/Views/Components/StatusIndicator.swift
        /Users/rogerlin/XCode-Projects/FinancialCalculatorKit-5.0-updated-accent-colors/FinancialCalculatorKit/Views/Components/ValidationSummaryView.swift
        /Users/rogerlin/XCode-Projects/FinancialCalculatorKit-5.0-updated-accent-colors/FinancialCalculatorKit/Views/FRED/FREDDataView.swift
        /Users/rogerlin/XCode-Projects/FinancialCalculatorKit-5.0-updated-accent-colors/FinancialCalculatorKit/Views/Reference/FormulaReferenceView.swift
        /Users/rogerlin/XCode-Projects/FinancialCalculatorKit-5.0-updated-accent-colors/FinancialCalculatorKit/Views/Reference/FormulaVariableView.swift
        /Users/rogerlin/XCode-Projects/FinancialCalculatorKit-5.0-updated-accent-colors/FinancialCalculatorKit/Views/Reference/FormulaVariantView.swift
        /Users/rogerlin/XCode-Projects/FinancialCalculatorKit-5.0-updated-accent-colors/FinancialCalculatorKit/ContentView.swift
        /Users/rogerlin/XCode-Projects/FinancialCalculatorKit-5.0-updated-accent-colors/FinancialCalculatorKit/FinancialCalculatorKitApp.swift
        /Users/rogerlin/XCode-Projects/FinancialCalculatorKit-5.0-updated-accent-colors/FinancialCalculatorKit/Item.swift
        /Users/rogerlin/Library/Developer/Xcode/DerivedData/FinancialCalculatorKit-ackorybalcxbfocbkqsfdzcfkgmn/Build/Intermediates.noindex/FinancialCalculatorKit.build/Debug/FinancialCalculatorKit.build/DerivedSources/GeneratedAssetSymbols.swift
        /Users/rogerlin/Library/Developer/Xcode/DerivedData/FinancialCalculatorKit-ackorybalcxbfocbkqsfdzcfkgmn/Build/Products/Debug/CasePathsMacros
        /Users/rogerlin/Library/Developer/Xcode/DerivedData/FinancialCalculatorKit-ackorybalcxbfocbkqsfdzcfkgmn/Build/Intermediates.noindex/FinancialCalculatorKit.build/Debug/FinancialCalculatorKit.build/Objects-normal/arm64/FinancialCalculatorKit.SwiftFileList
        /Users/rogerlin/Library/Developer/Xcode/DerivedData/FinancialCalculatorKit-ackorybalcxbfocbkqsfdzcfkgmn/Build/Intermediates.noindex/FinancialCalculatorKit.build/Debug/FinancialCalculatorKit.build/Objects-normal/arm64/FinancialCalculatorKit-OutputFileMap.json
        /Users/rogerlin/Library/Developer/Xcode/DerivedData/FinancialCalculatorKit-ackorybalcxbfocbkqsfdzcfkgmn/Build/Intermediates.noindex/FinancialCalculatorKit.build/Debug/FinancialCalculatorKit.build/Objects-normal/arm64/FinancialCalculatorKit_const_extract_protocols.json
        /Users/rogerlin/Library/Developer/Xcode/DerivedData/FinancialCalculatorKit-ackorybalcxbfocbkqsfdzcfkgmn/Build/Intermediates.noindex/FinancialCalculatorKit.build/Debug/FinancialCalculatorKit.build/FinancialCalculatorKit-generated-files.hmap
        /Users/rogerlin/Library/Developer/Xcode/DerivedData/FinancialCalculatorKit-ackorybalcxbfocbkqsfdzcfkgmn/Build/Intermediates.noindex/FinancialCalculatorKit.build/Debug/FinancialCalculatorKit.build/FinancialCalculatorKit-own-target-headers.hmap
        /Users/rogerlin/Library/Developer/Xcode/DerivedData/FinancialCalculatorKit-ackorybalcxbfocbkqsfdzcfkgmn/Build/Intermediates.noindex/FinancialCalculatorKit.build/Debug/FinancialCalculatorKit.build/FinancialCalculatorKit-all-non-framework-target-headers.hmap
        /Users/rogerlin/Library/Developer/Xcode/DerivedData/FinancialCalculatorKit-ackorybalcxbfocbkqsfdzcfkgmn/Build/Intermediates.noindex/FinancialCalculatorKit.build/Debug/FinancialCalculatorKit-b796aaad08c4b307251b75ea7c01aae2-VFS/all-product-headers.yaml
        /Users/rogerlin/Library/Developer/Xcode/DerivedData/FinancialCalculatorKit-ackorybalcxbfocbkqsfdzcfkgmn/Build/Intermediates.noindex/FinancialCalculatorKit.build/Debug/FinancialCalculatorKit.build/FinancialCalculatorKit-project-headers.hmap
        <ClangStatCache /Users/rogerlin/Library/Developer/Xcode/DerivedData/SDKStatCaches.noindex/macosx26.1-25B74-3ae1261907bdadc328169391a47051a6.sdkstatcache>
        <target-FinancialCalculatorKit-b796aaad08c4b307251b75ea7c01aae28fa6f77c5495b2f50ba02ee6460b334b--copy-headers-completion>
        <target-FinancialCalculatorKit-b796aaad08c4b307251b75ea7c01aae28fa6f77c5495b2f50ba02ee6460b334b--ModuleVerifierTaskProducer>
        <target-FinancialCalculatorKit-b796aaad08c4b307251b75ea7c01aae28fa6f77c5495b2f50ba02ee6460b334b--begin-compiling>
        <WorkspaceHeaderMapVFSFilesWritten>

    Task output dependencies:
        /Users/rogerlin/Library/Developer/Xcode/DerivedData/FinancialCalculatorKit-ackorybalcxbfocbkqsfdzcfkgmn/Build/Intermediates.noindex/FinancialCalculatorKit.build/Debug/FinancialCalculatorKit.build/Objects-normal/arm64/FinancialCalculatorKit Swift Compilation Requirements Finished
        /Users/rogerlin/Library/Developer/Xcode/DerivedData/FinancialCalculatorKit-ackorybalcxbfocbkqsfdzcfkgmn/Build/Intermediates.noindex/FinancialCalculatorKit.build/Debug/FinancialCalculatorKit.build/Objects-normal/arm64/FinancialCalculatorKit.swiftmodule
        /Users/rogerlin/Library/Developer/Xcode/DerivedData/FinancialCalculatorKit-ackorybalcxbfocbkqsfdzcfkgmn/Build/Intermediates.noindex/FinancialCalculatorKit.build/Debug/FinancialCalculatorKit.build/Objects-normal/arm64/FinancialCalculatorKit-linker-args.resp
        /Users/rogerlin/Library/Developer/Xcode/DerivedData/FinancialCalculatorKit-ackorybalcxbfocbkqsfdzcfkgmn/Build/Intermediates.noindex/FinancialCalculatorKit.build/Debug/FinancialCalculatorKit.build/Objects-normal/arm64/FinancialCalculatorKit.swiftsourceinfo
        /Users/rogerlin/Library/Developer/Xcode/DerivedData/FinancialCalculatorKit-ackorybalcxbfocbkqsfdzcfkgmn/Build/Intermediates.noindex/FinancialCalculatorKit.build/Debug/FinancialCalculatorKit.build/Objects-normal/arm64/FinancialCalculatorKit.abi.json
        /Users/rogerlin/Library/Developer/Xcode/DerivedData/FinancialCalculatorKit-ackorybalcxbfocbkqsfdzcfkgmn/Build/Intermediates.noindex/FinancialCalculatorKit.build/Debug/FinancialCalculatorKit.build/Objects-normal/arm64/FinancialCalculatorKit-Swift.h
        /Users/rogerlin/Library/Developer/Xcode/DerivedData/FinancialCalculatorKit-ackorybalcxbfocbkqsfdzcfkgmn/Build/Intermediates.noindex/FinancialCalculatorKit.build/Debug/FinancialCalculatorKit.build/Objects-normal/arm64/FinancialCalculatorKit.swiftdoc
Discovered dependency nodes:
/Applications/Xcode.app/Contents/Developer/Platforms/MacOSX.platform/Developer/SDKs/MacOSX26.1.sdk/System/Library/Frameworks/Accessibility.framework/Modules/module.modulemap
/Applications/Xcode.app/Contents/Developer/Platforms/MacOSX.platform/Developer/SDKs/MacOSX26.1.sdk/System/Library/Frameworks/Accessibility.framework/Headers/Accessibility.h
/Applications/Xcode.app/Contents/Developer/Platforms/MacOSX.platform/Developer/SDKs/MacOSX26.1.sdk/System/Library/Frameworks/Accessibility.framework/Headers/AXFoundation.h
/Applications/Xcode.app/Contents/Developer/Platforms/MacOSX.platform/Developer/SDKs/MacOSX26.1.sdk/System/Library/Frameworks/CoreGraphics.framework/Modules/module.modulemap
/Applications/Xcode.app/Contents/Developer/Platforms/MacOSX.platform/Developer/SDKs/MacOSX26.1.sdk/System/Library/Frameworks/Foundation.framework/Modules/module.modulemap
/Applications/Xcode.app/Contents/Developer/Platforms/MacOSX.platform/Developer/SDKs/MacOSX26.1.sdk/System/Library/Frameworks/Accessibility.framework/Headers/AXAudiograph.h
/Applications/Xcode.app/Contents/Developer/Platforms/MacOSX.platform/Developer/SDKs/MacOSX26.1.sdk/System/Library/Frameworks/Accessibility.framework/Headers/AXBrailleMap.h
/Applications/Xcode.app/Contents/Developer/Platforms/MacOSX.platform/Developer/SDKs/MacOSX26.1.sdk/System/Library/Frameworks/Accessibility.framework/Headers/AXColorUtilities.h
/Applications/Xcode.app/Contents/Developer/Platforms/MacOSX.platform/Developer/SDKs/MacOSX26.1.sdk/System/Library/Frameworks/Accessibility.framework/Headers/AXCustomContent.h
/Applications/Xcode.app/Contents/Developer/Platforms/MacOSX.platform/Developer/SDKs/MacOSX26.1.sdk/System/Library/Frameworks/Accessibility.framework/Headers/AXHearingUtilities.h
/Applications/Xcode.app/Contents/Developer/Platforms/MacOSX.platform/Developer/SDKs/MacOSX26.1.sdk/System/Library/Frameworks/Accessibility.framework/Headers/AXRequest.h
/Applications/Xcode.app/Contents/Developer/Platforms/MacOSX.platform/Developer/SDKs/MacOSX26.1.sdk/System/Library/Frameworks/Accessibility.framework/Headers/AXTechnology.h
/Applications/Xcode.app/Contents/Developer/Platforms/MacOSX.platform/Developer/SDKs/MacOSX26.1.sdk/System/Library/Frameworks/Accessibility.framework/Headers/AXSettings.h
/Applications/Xcode.app/Contents/Developer/Platforms/MacOSX.platform/Developer/SDKs/MacOSX26.1.sdk/System/Library/Frameworks/Accessibility.framework/Headers/AXMathExpression.h
/Applications/Xcode.app/Contents/Developer/Platforms/MacOSX.platform/Developer/SDKs/MacOSX26.1.sdk/System/Library/Frameworks/Accessibility.framework/Headers/AXFeatureOverrideSessionManager.h
/Applications/Xcode.app/Contents/Developer/Platforms/MacOSX.platform/Developer/SDKs/MacOSX26.1.sdk/usr/include/DarwinFoundation1.modulemap
/Applications/Xcode.app/Contents/Developer/Platforms/MacOSX.platform/Developer/SDKs/MacOSX26.1.sdk/System/Library/Frameworks/Accessibility.framework/Headers/AXBrailleTranslator.h
/Applications/Xcode.app/Contents/Developer/Platforms/MacOSX.platform/Developer/SDKs/MacOSX26.1.sdk/SDKSettings.json
/Applications/Xcode.app/Contents/Developer/Toolchains/XcodeDefault.xctoolchain/usr/lib/swift/macosx/prebuilt-modules/26.1/Accessibility.swiftmodule/arm64e-apple-macos.swiftmodule
/Applications/Xcode.app/Contents/Developer/Toolchains/XcodeDefault.xctoolchain/usr/lib/swift/macosx/prebuilt-modules/26.1/AppKit.swiftmodule/arm64e-apple-macos.swiftmodule
/Applications/Xcode.app/Contents/Developer/Platforms/MacOSX.platform/Developer/SDKs/MacOSX26.1.sdk/System/Library/Frameworks/AppKit.framework/Headers/AppKit.apinotes
/Applications/Xcode.app/Contents/Developer/Platforms/MacOSX.platform/Developer/SDKs/MacOSX26.1.sdk/System/Library/Frameworks/AppKit.framework/Modules/module.modulemap
/Applications/Xcode.app/Contents/Developer/Platforms/MacOSX.platform/Developer/SDKs/MacOSX26.1.sdk/System/Library/Frameworks/AppKit.framework/Headers/AppKit.h
/Applications/Xcode.app/Contents/Developer/Platforms/MacOSX.platform/Developer/SDKs/MacOSX26.1.sdk/System/Library/Frameworks/Foundation.framework/Modules/module.modulemap
/Applications/Xcode.app/Contents/Developer/Platforms/MacOSX.platform/Developer/SDKs/MacOSX26.1.sdk/System/Library/Frameworks/AppKit.framework/Headers/AppKitDefines.h
/Applications/Xcode.app/Contents/Developer/Platforms/MacOSX.platform/Developer/SDKs/MacOSX26.1.sdk/usr/include/Darwin.modulemap
/Applications/Xcode.app/Contents/Developer/Platforms/MacOSX.platform/Developer/SDKs/MacOSX26.1.sdk/usr/include/DarwinFoundation1.modulemap
/Applications/Xcode.app/Contents/Developer/Platforms/MacOSX.platform/Developer/SDKs/MacOSX26.1.sdk/System/Library/Frameworks/AppKit.framework/Headers/AppKitErrors.h
/Applications/Xcode.app/Contents/Developer/Platforms/MacOSX.platform/Developer/SDKs/MacOSX26.1.sdk/System/Library/Frameworks/AppKit.framework/Headers/NSGraphicsContext.h
/Applications/Xcode.app/Contents/Developer/Platforms/MacOSX.platform/Developer/SDKs/MacOSX26.1.sdk/System/Library/Frameworks/AppKit.framework/Headers/NSGraphics.h
/Applications/Xcode.app/Contents/Developer/Platforms/MacOSX.platform/Developer/SDKs/MacOSX26.1.sdk/System/Library/Frameworks/CoreGraphics.framework/Modules/module.modulemap
/Applications/Xcode.app/Contents/Developer/Platforms/MacOSX.platform/Developer/SDKs/MacOSX26.1.sdk/System/Library/Frameworks/AppKit.framework/Headers/NSAccessibility.h
/Applications/Xcode.app/Contents/Developer/Platforms/MacOSX.platform/Developer/SDKs/MacOSX26.1.sdk/System/Library/Frameworks/AppKit.framework/Headers/NSErrors.h
/Applications/Xcode.app/Contents/Developer/Platforms/MacOSX.platform/Developer/SDKs/MacOSX26.1.sdk/System/Library/Frameworks/AppKit.framework/Headers/NSAccessibilityConstants.h
/Applications/Xcode.app/Contents/Developer/Platforms/MacOSX.platform/Developer/SDKs/MacOSX26.1.sdk/System/Library/Frameworks/AppKit.framework/Headers/NSAccessibilityProtocols.h
/Applications/Xcode.app/Contents/Developer/Platforms/MacOSX.platform/Developer/SDKs/MacOSX26.1.sdk/System/Library/Frameworks/AppKit.framework/Headers/NSAccessibilityCustomAction.h
/Applications/Xcode.app/Contents/Developer/Platforms/MacOSX.platform/Developer/SDKs/MacOSX26.1.sdk/System/Library/Frameworks/AppKit.framework/Headers/NSAccessibilityElement.h
/Applications/Xcode.app/Contents/Developer/Platforms/MacOSX.platform/Developer/SDKs/MacOSX26.1.sdk/System/Library/Frameworks/AppKit.framework/Headers/NSAccessibilityCustomRotor.h
/Applications/Xcode.app/Contents/Developer/Platforms/MacOSX.platform/Developer/SDKs/MacOSX26.1.sdk/System/Library/Frameworks/AppKit.framework/Headers/NSWorkspace.h
/Applications/Xcode.app/Contents/Developer/Platforms/MacOSX.platform/Developer/SDKs/MacOSX26.1.sdk/System/Library/Frameworks/AppKit.framework/Headers/NSAccessibilityColor.h
/Applications/Xcode.app/Contents/Developer/Platforms/MacOSX.platform/Developer/SDKs/MacOSX26.1.sdk/System/Library/Frameworks/AppKit.framework/Headers/NSColor.h
/Applications/Xcode.app/Contents/Developer/Platforms/MacOSX.platform/Developer/SDKs/MacOSX26.1.sdk/System/Library/Frameworks/AppKit.framework/Headers/NSApplication.h
/Applications/Xcode.app/Contents/Developer/Platforms/MacOSX.platform/Developer/SDKs/MacOSX26.1.sdk/System/Library/Frameworks/AppKit.framework/Headers/NSResponder.h
/Applications/Xcode.app/Contents/Developer/Platforms/MacOSX.platform/Developer/SDKs/MacOSX26.1.sdk/System/Library/Frameworks/AppKit.framework/Headers/NSEvent.h
/Applications/Xcode.app/Contents/Developer/Platforms/MacOSX.platform/Developer/SDKs/MacOSX26.1.sdk/System/Library/Frameworks/AppKit.framework/Headers/NSTouch.h
/Applications/Xcode.app/Contents/Developer/Platforms/MacOSX.platform/Developer/SDKs/MacOSX26.1.sdk/System/Library/Frameworks/ApplicationServices.framework/Modules/module.modulemap
/Applications/Xcode.app/Contents/Developer/Platforms/MacOSX.platform/Developer/SDKs/MacOSX26.1.sdk/System/Library/Frameworks/IOKit.framework/Modules/module.modulemap
/Applications/Xcode.app/Contents/Developer/Toolchains/XcodeDefault.xctoolchain/usr/lib/swift/clang/include/module.modulemap
/Applications/Xcode.app/Contents/Developer/Platforms/MacOSX.platform/Developer/SDKs/MacOSX26.1.sdk/System/Library/Frameworks/AppKit.framework/Headers/NSPasteboard.h
/Applications/Xcode.app/Contents/Developer/Platforms/MacOSX.platform/Developer/SDKs/MacOSX26.1.sdk/System/Library/Frameworks/CoreFoundation.framework/Modules/module.modulemap
/Applications/Xcode.app/Contents/Developer/Platforms/MacOSX.platform/Developer/SDKs/MacOSX26.1.sdk/System/Library/Frameworks/AppKit.framework/Headers/NSUserInterfaceValidation.h
/Applications/Xcode.app/Contents/Developer/Platforms/MacOSX.platform/Developer/SDKs/MacOSX26.1.sdk/System/Library/Frameworks/AppKit.framework/Headers/NSRunningApplication.h
/Applications/Xcode.app/Contents/Developer/Platforms/MacOSX.platform/Developer/SDKs/MacOSX26.1.sdk/System/Library/Frameworks/AppKit.framework/Headers/NSUserActivity.h
/Applications/Xcode.app/Contents/Developer/Platforms/MacOSX.platform/Developer/SDKs/MacOSX26.1.sdk/System/Library/Frameworks/AppKit.framework/Headers/NSDocument.h
/Applications/Xcode.app/Contents/Developer/Platforms/MacOSX.platform/Developer/SDKs/MacOSX26.1.sdk/System/Library/Frameworks/AppKit.framework/Headers/NSNib.h
/Applications/Xcode.app/Contents/Developer/Platforms/MacOSX.platform/Developer/SDKs/MacOSX26.1.sdk/System/Library/Frameworks/AppKit.framework/Headers/NSNibDeclarations.h
/Applications/Xcode.app/Contents/Developer/Platforms/MacOSX.platform/Developer/SDKs/MacOSX26.1.sdk/System/Library/Frameworks/AppKit.framework/Headers/NSMenu.h
/Applications/Xcode.app/Contents/Developer/Platforms/MacOSX.platform/Developer/SDKs/MacOSX26.1.sdk/System/Library/Frameworks/AppKit.framework/Headers/NSMenuItem.h
/Applications/Xcode.app/Contents/Developer/Platforms/MacOSX.platform/Developer/SDKs/MacOSX26.1.sdk/System/Library/Frameworks/AppKit.framework/Headers/NSUserInterfaceItemIdentification.h
/Applications/Xcode.app/Contents/Developer/Platforms/MacOSX.platform/Developer/SDKs/MacOSX26.1.sdk/System/Library/Frameworks/AppKit.framework/Headers/NSView.h
/Applications/Xcode.app/Contents/Developer/Platforms/MacOSX.platform/Developer/SDKs/MacOSX26.1.sdk/System/Library/Frameworks/AppKit.framework/Headers/NSAnimation.h
/Applications/Xcode.app/Contents/Developer/Platforms/MacOSX.platform/Developer/SDKs/MacOSX26.1.sdk/System/Library/Frameworks/AppKit.framework/Headers/NSAppearance.h
/Applications/Xcode.app/Contents/Developer/Platforms/MacOSX.platform/Developer/SDKs/MacOSX26.1.sdk/System/Library/Frameworks/AppKit.framework/Headers/NSDragging.h
/Applications/Xcode.app/Contents/Developer/Platforms/MacOSX.platform/Developer/SDKs/MacOSX26.1.sdk/System/Library/Frameworks/AppKit.framework/Headers/NSUserInterfaceLayout.h
/Applications/Xcode.app/Contents/Developer/Platforms/MacOSX.platform/Developer/SDKs/MacOSX26.1.sdk/System/Library/Frameworks/AppKit.framework/Headers/NSCell.h
/Applications/Xcode.app/Contents/Developer/Platforms/MacOSX.platform/Developer/SDKs/MacOSX26.1.sdk/System/Library/Frameworks/AppKit.framework/Headers/NSText.h
/Applications/Xcode.app/Contents/Developer/Platforms/MacOSX.platform/Developer/SDKs/MacOSX26.1.sdk/System/Library/Frameworks/AppKit.framework/Headers/NSSpellProtocol.h
/Applications/Xcode.app/Contents/Developer/Platforms/MacOSX.platform/Developer/SDKs/MacOSX26.1.sdk/System/Library/Frameworks/AppKit.framework/Headers/NSParagraphStyle.h
/Applications/Xcode.app/Contents/Developer/Platforms/MacOSX.platform/Developer/SDKs/MacOSX26.1.sdk/System/Library/Frameworks/AppKit.framework/Headers/NSPrintInfo.h
/Applications/Xcode.app/Contents/Developer/Platforms/MacOSX.platform/Developer/SDKs/MacOSX26.1.sdk/System/Library/Frameworks/AppKit.framework/Headers/NSPrinter.h
/Applications/Xcode.app/Contents/Developer/Platforms/MacOSX.platform/Developer/SDKs/MacOSX26.1.sdk/System/Library/Frameworks/AppKit.framework/Headers/NSKeyValueBinding.h
/Applications/Xcode.app/Contents/Developer/Platforms/MacOSX.platform/Developer/SDKs/MacOSX26.1.sdk/System/Library/Frameworks/CoreData.framework/Modules/module.modulemap
/Applications/Xcode.app/Contents/Developer/Platforms/MacOSX.platform/Developer/SDKs/MacOSX26.1.sdk/System/Library/Frameworks/AppKit.framework/Headers/NSPreviewRepresentingActivityItem.h
/Applications/Xcode.app/Contents/Developer/Platforms/MacOSX.platform/Developer/SDKs/MacOSX26.1.sdk/System/Library/Frameworks/AppKit.framework/Headers/NSColorList.h
/Applications/Xcode.app/Contents/Developer/Platforms/MacOSX.platform/Developer/SDKs/MacOSX26.1.sdk/System/Library/Frameworks/CoreImage.framework/Modules/module.modulemap
/Applications/Xcode.app/Contents/Developer/Platforms/MacOSX.platform/Developer/SDKs/MacOSX26.1.sdk/System/Library/Frameworks/AppKit.framework/Headers/NSActionCell.h
/Applications/Xcode.app/Contents/Developer/Platforms/MacOSX.platform/Developer/SDKs/MacOSX26.1.sdk/System/Library/Frameworks/AppKit.framework/Headers/NSAlert.h
/Applications/Xcode.app/Contents/Developer/Platforms/MacOSX.platform/Developer/SDKs/MacOSX26.1.sdk/System/Library/Frameworks/AppKit.framework/Headers/NSHelpManager.h
/Applications/Xcode.app/Contents/Developer/Platforms/MacOSX.platform/Developer/SDKs/MacOSX26.1.sdk/System/Library/Frameworks/AppKit.framework/Headers/NSAnimationContext.h
/Applications/Xcode.app/Contents/Developer/Platforms/MacOSX.platform/Developer/SDKs/MacOSX26.1.sdk/System/Library/Frameworks/AppKit.framework/Headers/NSAppleScriptExtensions.h
/Applications/Xcode.app/Contents/Developer/Platforms/MacOSX.platform/Developer/SDKs/MacOSX26.1.sdk/System/Library/Frameworks/AppKit.framework/Headers/NSBackgroundExtensionView.h
/Applications/Xcode.app/Contents/Developer/Platforms/MacOSX.platform/Developer/SDKs/MacOSX26.1.sdk/System/Library/Frameworks/AppKit.framework/Headers/NSBox.h
/Applications/Xcode.app/Contents/Developer/Platforms/MacOSX.platform/Developer/SDKs/MacOSX26.1.sdk/System/Library/Frameworks/AppKit.framework/Headers/NSButton.h
/Applications/Xcode.app/Contents/Developer/Platforms/MacOSX.platform/Developer/SDKs/MacOSX26.1.sdk/System/Library/Frameworks/AppKit.framework/Headers/NSControl.h
/Applications/Xcode.app/Contents/Developer/Platforms/MacOSX.platform/Developer/SDKs/MacOSX26.1.sdk/System/Library/Frameworks/AppKit.framework/Headers/NSButtonCell.h
/Applications/Xcode.app/Contents/Developer/Platforms/MacOSX.platform/Developer/SDKs/MacOSX26.1.sdk/System/Library/Frameworks/AppKit.framework/Headers/NSUserInterfaceCompression.h
/Applications/Xcode.app/Contents/Developer/Platforms/MacOSX.platform/Developer/SDKs/MacOSX26.1.sdk/System/Library/Frameworks/AppKit.framework/Headers/NSTintProminence.h
/Applications/Xcode.app/Contents/Developer/Platforms/MacOSX.platform/Developer/SDKs/MacOSX26.1.sdk/System/Library/Frameworks/AppKit.framework/Headers/NSCandidateListTouchBarItem.h
/Applications/Xcode.app/Contents/Developer/Platforms/MacOSX.platform/Developer/SDKs/MacOSX26.1.sdk/System/Library/Frameworks/AppKit.framework/Headers/NSTouchBar.h
/Applications/Xcode.app/Contents/Developer/Platforms/MacOSX.platform/Developer/SDKs/MacOSX26.1.sdk/System/Library/Frameworks/AppKit.framework/Headers/NSTouchBarItem.h
/Applications/Xcode.app/Contents/Developer/Platforms/MacOSX.platform/Developer/SDKs/MacOSX26.1.sdk/System/Library/Frameworks/AppKit.framework/Headers/NSClipView.h
/Applications/Xcode.app/Contents/Developer/Platforms/MacOSX.platform/Developer/SDKs/MacOSX26.1.sdk/System/Library/Frameworks/AppKit.framework/Headers/NSCollectionView.h
/Applications/Xcode.app/Contents/Developer/Platforms/MacOSX.platform/Developer/SDKs/MacOSX26.1.sdk/System/Library/Frameworks/AppKit.framework/Headers/NSViewController.h
/Applications/Xcode.app/Contents/Developer/Platforms/MacOSX.platform/Developer/SDKs/MacOSX26.1.sdk/System/Library/Frameworks/AppKit.framework/Headers/NSPopover.h
/Applications/Xcode.app/Contents/Developer/Platforms/MacOSX.platform/Developer/SDKs/MacOSX26.1.sdk/System/Library/Frameworks/AppKit.framework/Headers/NSStoryboard.h
/Applications/Xcode.app/Contents/Developer/Platforms/MacOSX.platform/Developer/SDKs/MacOSX26.1.sdk/System/Library/Frameworks/AppKit.framework/Headers/NSStoryboardSegue.h
/Applications/Xcode.app/Contents/Developer/Platforms/MacOSX.platform/Developer/SDKs/MacOSX26.1.sdk/System/Library/Frameworks/AppKit.framework/Headers/NSCollectionViewLayout.h
/Applications/Xcode.app/Contents/Developer/Platforms/MacOSX.platform/Developer/SDKs/MacOSX26.1.sdk/System/Library/Frameworks/AppKit.framework/Headers/NSCollectionViewCompositionalLayout.h
/Applications/Xcode.app/Contents/Developer/Platforms/MacOSX.platform/Developer/SDKs/MacOSX26.1.sdk/System/Library/Frameworks/AppKit.framework/Headers/NSCollectionViewFlowLayout.h
/Applications/Xcode.app/Contents/Developer/Platforms/MacOSX.platform/Developer/SDKs/MacOSX26.1.sdk/System/Library/Frameworks/AppKit.framework/Headers/NSCollectionViewGridLayout.h
/Applications/Xcode.app/Contents/Developer/Platforms/MacOSX.platform/Developer/SDKs/MacOSX26.1.sdk/System/Library/Frameworks/AppKit.framework/Headers/NSCollectionViewTransitionLayout.h
/Applications/Xcode.app/Contents/Developer/Platforms/MacOSX.platform/Developer/SDKs/MacOSX26.1.sdk/System/Library/Frameworks/AppKit.framework/Headers/NSColorSampler.h
/Applications/Xcode.app/Contents/Developer/Platforms/MacOSX.platform/Developer/SDKs/MacOSX26.1.sdk/System/Library/Frameworks/AppKit.framework/Headers/NSDiffableDataSource.h
/Applications/Xcode.app/Contents/Developer/Platforms/MacOSX.platform/Developer/SDKs/MacOSX26.1.sdk/System/Library/Frameworks/AppKit.framework/Headers/NSDirection.h
/Applications/Xcode.app/Contents/Developer/Platforms/MacOSX.platform/Developer/SDKs/MacOSX26.1.sdk/System/Library/Frameworks/AppKit.framework/Headers/NSDockTile.h
/Applications/Xcode.app/Contents/Developer/Platforms/MacOSX.platform/Developer/SDKs/MacOSX26.1.sdk/System/Library/Frameworks/AppKit.framework/Headers/NSFont.h
/Applications/Xcode.app/Contents/Developer/Platforms/MacOSX.platform/Developer/SDKs/MacOSX26.1.sdk/System/Library/Frameworks/AppKit.framework/Headers/NSFontDescriptor.h
/Applications/Xcode.app/Contents/Developer/Platforms/MacOSX.platform/Developer/SDKs/MacOSX26.1.sdk/System/Library/Frameworks/AppKit.framework/Headers/NSFontAssetRequest.h
/Applications/Xcode.app/Contents/Developer/Platforms/MacOSX.platform/Developer/SDKs/MacOSX26.1.sdk/System/Library/Frameworks/AppKit.framework/Headers/NSFontCollection.h
/Applications/Xcode.app/Contents/Developer/Platforms/MacOSX.platform/Developer/SDKs/MacOSX26.1.sdk/System/Library/Frameworks/AppKit.framework/Headers/NSFontManager.h
/Applications/Xcode.app/Contents/Developer/Platforms/MacOSX.platform/Developer/SDKs/MacOSX26.1.sdk/System/Library/Frameworks/AppKit.framework/Headers/NSFontPanel.h
/Applications/Xcode.app/Contents/Developer/Platforms/MacOSX.platform/Developer/SDKs/MacOSX26.1.sdk/System/Library/Frameworks/AppKit.framework/Headers/NSPanel.h
/Applications/Xcode.app/Contents/Developer/Platforms/MacOSX.platform/Developer/SDKs/MacOSX26.1.sdk/System/Library/Frameworks/AppKit.framework/Headers/NSWindow.h
/Applications/Xcode.app/Contents/Developer/Platforms/MacOSX.platform/Developer/SDKs/MacOSX26.1.sdk/System/Library/Frameworks/AppKit.framework/Headers/NSForm.h
/Applications/Xcode.app/Contents/Developer/Platforms/MacOSX.platform/Developer/SDKs/MacOSX26.1.sdk/System/Library/Frameworks/AppKit.framework/Headers/NSMatrix.h
/Applications/Xcode.app/Contents/Developer/Platforms/MacOSX.platform/Developer/SDKs/MacOSX26.1.sdk/System/Library/Frameworks/AppKit.framework/Headers/NSFormCell.h
/Applications/Xcode.app/Contents/Developer/Platforms/MacOSX.platform/Developer/SDKs/MacOSX26.1.sdk/System/Library/Frameworks/AppKit.framework/Headers/NSGlassEffectView.h
/Applications/Xcode.app/Contents/Developer/Platforms/MacOSX.platform/Developer/SDKs/MacOSX26.1.sdk/System/Library/Frameworks/AppKit.framework/Headers/NSMenuItemBadge.h
/Applications/Xcode.app/Contents/Developer/Platforms/MacOSX.platform/Developer/SDKs/MacOSX26.1.sdk/System/Library/Frameworks/AppKit.framework/Headers/NSColorSpace.h
/Applications/Xcode.app/Contents/Developer/Platforms/MacOSX.platform/Developer/SDKs/MacOSX26.1.sdk/System/Library/Frameworks/AppKit.framework/Headers/NSBitmapImageRep.h
/Applications/Xcode.app/Contents/Developer/Platforms/MacOSX.platform/Developer/SDKs/MacOSX26.1.sdk/System/Library/Frameworks/AppKit.framework/Headers/NSImageRep.h
/Applications/Xcode.app/Contents/Developer/Platforms/MacOSX.platform/Developer/SDKs/MacOSX26.1.sdk/System/Library/Frameworks/AppKit.framework/Headers/NSBrowser.h
/Applications/Xcode.app/Contents/Developer/Platforms/MacOSX.platform/Developer/SDKs/MacOSX26.1.sdk/System/Library/Frameworks/AppKit.framework/Headers/NSBrowserCell.h
/Applications/Xcode.app/Contents/Developer/Platforms/MacOSX.platform/Developer/SDKs/MacOSX26.1.sdk/System/Library/Frameworks/AppKit.framework/Headers/NSCachedImageRep.h
/Applications/Xcode.app/Contents/Developer/Platforms/MacOSX.platform/Developer/SDKs/MacOSX26.1.sdk/System/Library/Frameworks/AppKit.framework/Headers/NSCIImageRep.h
/Applications/Xcode.app/Contents/Developer/Platforms/MacOSX.platform/Developer/SDKs/MacOSX26.1.sdk/System/Library/Frameworks/AppKit.framework/Headers/NSColorPanel.h
/Applications/Xcode.app/Contents/Developer/Platforms/MacOSX.platform/Developer/SDKs/MacOSX26.1.sdk/System/Library/Frameworks/AppKit.framework/Headers/NSColorPicking.h
/Applications/Xcode.app/Contents/Developer/Platforms/MacOSX.platform/Developer/SDKs/MacOSX26.1.sdk/System/Library/Frameworks/AppKit.framework/Headers/NSColorPicker.h
/Applications/Xcode.app/Contents/Developer/Platforms/MacOSX.platform/Developer/SDKs/MacOSX26.1.sdk/System/Library/Frameworks/AppKit.framework/Headers/NSColorPickerTouchBarItem.h
/Applications/Xcode.app/Contents/Developer/Platforms/MacOSX.platform/Developer/SDKs/MacOSX26.1.sdk/System/Library/Frameworks/AppKit.framework/Headers/NSColorWell.h
/Applications/Xcode.app/Contents/Developer/Platforms/MacOSX.platform/Developer/SDKs/MacOSX26.1.sdk/System/Library/Frameworks/AppKit.framework/Headers/NSCursor.h
/Applications/Xcode.app/Contents/Developer/Platforms/MacOSX.platform/Developer/SDKs/MacOSX26.1.sdk/System/Library/Frameworks/AppKit.framework/Headers/NSCustomImageRep.h
/Applications/Xcode.app/Contents/Developer/Platforms/MacOSX.platform/Developer/SDKs/MacOSX26.1.sdk/System/Library/Frameworks/AppKit.framework/Headers/NSCustomTouchBarItem.h
/Applications/Xcode.app/Contents/Developer/Platforms/MacOSX.platform/Developer/SDKs/MacOSX26.1.sdk/System/Library/Frameworks/AppKit.framework/Headers/NSDocumentController.h
/Applications/Xcode.app/Contents/Developer/Platforms/MacOSX.platform/Developer/SDKs/MacOSX26.1.sdk/System/Library/Frameworks/AppKit.framework/Headers/NSDraggingItem.h
/Applications/Xcode.app/Contents/Developer/Platforms/MacOSX.platform/Developer/SDKs/MacOSX26.1.sdk/System/Library/Frameworks/AppKit.framework/Headers/NSDraggingSession.h
/Applications/Xcode.app/Contents/Developer/Platforms/MacOSX.platform/Developer/SDKs/MacOSX26.1.sdk/System/Library/Frameworks/AppKit.framework/Headers/NSFilePromiseProvider.h
/Applications/Xcode.app/Contents/Developer/Platforms/MacOSX.platform/Developer/SDKs/MacOSX26.1.sdk/System/Library/Frameworks/AppKit.framework/Headers/NSFilePromiseReceiver.h
/Applications/Xcode.app/Contents/Developer/Platforms/MacOSX.platform/Developer/SDKs/MacOSX26.1.sdk/System/Library/Frameworks/AppKit.framework/Headers/NSEPSImageRep.h
/Applications/Xcode.app/Contents/Developer/Platforms/MacOSX.platform/Developer/SDKs/MacOSX26.1.sdk/System/Library/Frameworks/AppKit.framework/Headers/NSFileWrapperExtensions.h
/Applications/Xcode.app/Contents/Developer/Platforms/MacOSX.platform/Developer/SDKs/MacOSX26.1.sdk/System/Library/Frameworks/AppKit.framework/Headers/NSGradient.h
/Applications/Xcode.app/Contents/Developer/Platforms/MacOSX.platform/Developer/SDKs/MacOSX26.1.sdk/System/Library/Frameworks/AppKit.framework/Headers/NSGroupTouchBarItem.h
/Applications/Xcode.app/Contents/Developer/Platforms/MacOSX.platform/Developer/SDKs/MacOSX26.1.sdk/System/Library/Frameworks/AppKit.framework/Headers/NSGestureRecognizer.h
/Applications/Xcode.app/Contents/Developer/Platforms/MacOSX.platform/Developer/SDKs/MacOSX26.1.sdk/System/Library/Frameworks/AppKit.framework/Headers/NSClickGestureRecognizer.h
/Applications/Xcode.app/Contents/Developer/Platforms/MacOSX.platform/Developer/SDKs/MacOSX26.1.sdk/System/Library/Frameworks/AppKit.framework/Headers/NSPanGestureRecognizer.h
/Applications/Xcode.app/Contents/Developer/Platforms/MacOSX.platform/Developer/SDKs/MacOSX26.1.sdk/System/Library/Frameworks/AppKit.framework/Headers/NSPressGestureRecognizer.h
/Applications/Xcode.app/Contents/Developer/Platforms/MacOSX.platform/Developer/SDKs/MacOSX26.1.sdk/System/Library/Frameworks/AppKit.framework/Headers/NSMagnificationGestureRecognizer.h
/Applications/Xcode.app/Contents/Developer/Platforms/MacOSX.platform/Developer/SDKs/MacOSX26.1.sdk/System/Library/Frameworks/AppKit.framework/Headers/NSRotationGestureRecognizer.h
/Applications/Xcode.app/Contents/Developer/Platforms/MacOSX.platform/Developer/SDKs/MacOSX26.1.sdk/System/Library/Frameworks/AppKit.framework/Headers/NSLayoutConstraint.h
/Applications/Xcode.app/Contents/Developer/Platforms/MacOSX.platform/Developer/SDKs/MacOSX26.1.sdk/System/Library/Frameworks/AppKit.framework/Headers/NSLayoutAnchor.h
/Applications/Xcode.app/Contents/Developer/Platforms/MacOSX.platform/Developer/SDKs/MacOSX26.1.sdk/System/Library/Frameworks/AppKit.framework/Headers/NSLayoutGuide.h
/Applications/Xcode.app/Contents/Developer/Platforms/MacOSX.platform/Developer/SDKs/MacOSX26.1.sdk/System/Library/Frameworks/AppKit.framework/Headers/NSImage.h
/Applications/Xcode.app/Contents/Developer/Platforms/MacOSX.platform/Developer/SDKs/MacOSX26.1.sdk/System/Library/Frameworks/AppKit.framework/Headers/NSImageCell.h
/Applications/Xcode.app/Contents/Developer/Platforms/MacOSX.platform/Developer/SDKs/MacOSX26.1.sdk/System/Library/Frameworks/AppKit.framework/Headers/NSImageView.h
/Applications/Xcode.app/Contents/Developer/Platforms/MacOSX.platform/Developer/SDKs/MacOSX26.1.sdk/System/Library/Frameworks/Symbols.framework/Modules/module.modulemap
/Applications/Xcode.app/Contents/Developer/Platforms/MacOSX.platform/Developer/SDKs/MacOSX26.1.sdk/System/Library/Frameworks/AppKit.framework/Headers/NSNibLoading.h
/Applications/Xcode.app/Contents/Developer/Platforms/MacOSX.platform/Developer/SDKs/MacOSX26.1.sdk/System/Library/Frameworks/AppKit.framework/Headers/NSScrubber.h
/Applications/Xcode.app/Contents/Developer/Platforms/MacOSX.platform/Developer/SDKs/MacOSX26.1.sdk/System/Library/Frameworks/AppKit.framework/Headers/NSScrubberItemView.h
/Applications/Xcode.app/Contents/Developer/Platforms/MacOSX.platform/Developer/SDKs/MacOSX26.1.sdk/System/Library/Frameworks/AppKit.framework/Headers/NSScrubberLayout.h
/Applications/Xcode.app/Contents/Developer/Platforms/MacOSX.platform/Developer/SDKs/MacOSX26.1.sdk/System/Library/Frameworks/AppKit.framework/Headers/NSSharingServicePickerTouchBarItem.h
/Applications/Xcode.app/Contents/Developer/Platforms/MacOSX.platform/Developer/SDKs/MacOSX26.1.sdk/System/Library/Frameworks/AppKit.framework/Headers/NSSharingService.h
/Applications/Xcode.app/Contents/Developer/Platforms/MacOSX.platform/Developer/SDKs/MacOSX26.1.sdk/System/Library/Frameworks/AppKit.framework/Headers/NSSliderAccessory.h
/Applications/Xcode.app/Contents/Developer/Platforms/MacOSX.platform/Developer/SDKs/MacOSX26.1.sdk/System/Library/Frameworks/AppKit.framework/Headers/NSSliderTouchBarItem.h
/Applications/Xcode.app/Contents/Developer/Platforms/MacOSX.platform/Developer/SDKs/MacOSX26.1.sdk/System/Library/Frameworks/AppKit.framework/Headers/NSSpeechRecognizer.h
/Applications/Xcode.app/Contents/Developer/Platforms/MacOSX.platform/Developer/SDKs/MacOSX26.1.sdk/System/Library/Frameworks/AppKit.framework/Headers/NSSpeechSynthesizer.h
/Applications/Xcode.app/Contents/Developer/Platforms/MacOSX.platform/Developer/SDKs/MacOSX26.1.sdk/System/Library/Frameworks/AppKit.framework/Headers/NSSpellChecker.h
/Applications/Xcode.app/Contents/Developer/Platforms/MacOSX.platform/Developer/SDKs/MacOSX26.1.sdk/System/Library/Frameworks/AppKit.framework/Headers/NSSplitView.h
/Applications/Xcode.app/Contents/Developer/Platforms/MacOSX.platform/Developer/SDKs/MacOSX26.1.sdk/System/Library/Frameworks/AppKit.framework/Headers/NSSplitViewController.h
/Applications/Xcode.app/Contents/Developer/Platforms/MacOSX.platform/Developer/SDKs/MacOSX26.1.sdk/System/Library/Frameworks/AppKit.framework/Headers/NSSplitViewItem.h
/Applications/Xcode.app/Contents/Developer/Platforms/MacOSX.platform/Developer/SDKs/MacOSX26.1.sdk/System/Library/Frameworks/AppKit.framework/Headers/NSSplitViewItemAccessoryViewController.h
/Applications/Xcode.app/Contents/Developer/Platforms/MacOSX.platform/Developer/SDKs/MacOSX26.1.sdk/System/Library/Frameworks/AppKit.framework/Headers/NSScrollEdgeEffect.h
/Applications/Xcode.app/Contents/Developer/Platforms/MacOSX.platform/Developer/SDKs/MacOSX26.1.sdk/System/Library/Frameworks/AppKit.framework/Headers/NSOpenPanel.h
/Applications/Xcode.app/Contents/Developer/Platforms/MacOSX.platform/Developer/SDKs/MacOSX26.1.sdk/System/Library/Frameworks/AppKit.framework/Headers/NSSavePanel.h
/Applications/Xcode.app/Contents/Developer/Platforms/MacOSX.platform/Developer/SDKs/MacOSX26.1.sdk/System/Library/Frameworks/AppKit.framework/Headers/NSPageLayout.h
/Applications/Xcode.app/Contents/Developer/Platforms/MacOSX.platform/Developer/SDKs/MacOSX26.1.sdk/System/Library/Frameworks/AppKit.framework/Headers/NSPasteboardItem.h
/Applications/Xcode.app/Contents/Developer/Platforms/MacOSX.platform/Developer/SDKs/MacOSX26.1.sdk/System/Library/Frameworks/AppKit.framework/Headers/NSPopoverTouchBarItem.h
/Applications/Xcode.app/Contents/Developer/Platforms/MacOSX.platform/Developer/SDKs/MacOSX26.1.sdk/System/Library/Frameworks/AppKit.framework/Headers/NSPopUpButton.h
/Applications/Xcode.app/Contents/Developer/Platforms/MacOSX.platform/Developer/SDKs/MacOSX26.1.sdk/System/Library/Frameworks/AppKit.framework/Headers/NSPopUpButtonCell.h
/Applications/Xcode.app/Contents/Developer/Platforms/MacOSX.platform/Developer/SDKs/MacOSX26.1.sdk/System/Library/Frameworks/AppKit.framework/Headers/NSMenuItemCell.h
/Applications/Xcode.app/Contents/Developer/Platforms/MacOSX.platform/Developer/SDKs/MacOSX26.1.sdk/System/Library/Frameworks/AppKit.framework/Headers/NSPrintOperation.h
/Applications/Xcode.app/Contents/Developer/Platforms/MacOSX.platform/Developer/SDKs/MacOSX26.1.sdk/System/Library/Frameworks/AppKit.framework/Headers/NSPrintPanel.h
/Applications/Xcode.app/Contents/Developer/Platforms/MacOSX.platform/Developer/SDKs/MacOSX26.1.sdk/System/Library/Frameworks/AppKit.framework/Headers/NSPDFInfo.h
/Applications/Xcode.app/Contents/Developer/Platforms/MacOSX.platform/Developer/SDKs/MacOSX26.1.sdk/System/Library/Frameworks/AppKit.framework/Headers/NSPDFPanel.h
/Applications/Xcode.app/Contents/Developer/Platforms/MacOSX.platform/Developer/SDKs/MacOSX26.1.sdk/System/Library/Frameworks/AppKit.framework/Headers/NSMediaLibraryBrowserController.h
/Applications/Xcode.app/Contents/Developer/Platforms/MacOSX.platform/Developer/SDKs/MacOSX26.1.sdk/System/Library/Frameworks/AppKit.framework/Headers/NSScreen.h
/Applications/Xcode.app/Contents/Developer/Platforms/MacOSX.platform/Developer/SDKs/MacOSX26.1.sdk/System/Library/Frameworks/AppKit.framework/Headers/NSScrollView.h
/Applications/Xcode.app/Contents/Developer/Platforms/MacOSX.platform/Developer/SDKs/MacOSX26.1.sdk/System/Library/Frameworks/AppKit.framework/Headers/NSScroller.h
/Applications/Xcode.app/Contents/Developer/Platforms/MacOSX.platform/Developer/SDKs/MacOSX26.1.sdk/System/Library/Frameworks/AppKit.framework/Headers/NSTextFinder.h
/Applications/Xcode.app/Contents/Developer/Platforms/MacOSX.platform/Developer/SDKs/MacOSX26.1.sdk/System/Library/Frameworks/AppKit.framework/Headers/NSSegmentedControl.h
/Applications/Xcode.app/Contents/Developer/Platforms/MacOSX.platform/Developer/SDKs/MacOSX26.1.sdk/System/Library/Frameworks/AppKit.framework/Headers/NSSegmentedCell.h
/Applications/Xcode.app/Contents/Developer/Platforms/MacOSX.platform/Developer/SDKs/MacOSX26.1.sdk/System/Library/Frameworks/AppKit.framework/Headers/NSSharingCollaborationModeRestriction.h
/Applications/Xcode.app/Contents/Developer/Platforms/MacOSX.platform/Developer/SDKs/MacOSX26.1.sdk/System/Library/Frameworks/AppKit.framework/Headers/NSSlider.h
/Applications/Xcode.app/Contents/Developer/Platforms/MacOSX.platform/Developer/SDKs/MacOSX26.1.sdk/System/Library/Frameworks/AppKit.framework/Headers/NSSliderCell.h
/Applications/Xcode.app/Contents/Developer/Platforms/MacOSX.platform/Developer/SDKs/MacOSX26.1.sdk/System/Library/Frameworks/AppKit.framework/Headers/NSStackView.h
/Applications/Xcode.app/Contents/Developer/Platforms/MacOSX.platform/Developer/SDKs/MacOSX26.1.sdk/System/Library/Frameworks/AppKit.framework/Headers/NSSwitch.h
/Applications/Xcode.app/Contents/Developer/Platforms/MacOSX.platform/Developer/SDKs/MacOSX26.1.sdk/System/Library/Frameworks/AppKit.framework/Headers/NSGridView.h
/Applications/Xcode.app/Contents/Developer/Platforms/MacOSX.platform/Developer/SDKs/MacOSX26.1.sdk/System/Library/Frameworks/AppKit.framework/Headers/NSTextCheckingClient.h
/Applications/Xcode.app/Contents/Developer/Platforms/MacOSX.platform/Developer/SDKs/MacOSX26.1.sdk/System/Library/Frameworks/AppKit.framework/Headers/NSTextInputClient.h
/Applications/Xcode.app/Contents/Developer/Platforms/MacOSX.platform/Developer/SDKs/MacOSX26.1.sdk/System/Library/Frameworks/AppKit.framework/Headers/NSTextCheckingController.h
/Applications/Xcode.app/Contents/Developer/Platforms/MacOSX.platform/Developer/SDKs/MacOSX26.1.sdk/System/Library/Frameworks/AppKit.framework/Headers/NSTextField.h
/Applications/Xcode.app/Contents/Developer/Platforms/MacOSX.platform/Developer/SDKs/MacOSX26.1.sdk/System/Library/Frameworks/AppKit.framework/Headers/NSTextFieldCell.h
/Applications/Xcode.app/Contents/Developer/Platforms/MacOSX.platform/Developer/SDKs/MacOSX26.1.sdk/System/Library/Frameworks/AppKit.framework/Headers/NSTextContent.h
/Applications/Xcode.app/Contents/Developer/Platforms/MacOSX.platform/Developer/SDKs/MacOSX26.1.sdk/System/Library/Frameworks/AppKit.framework/Headers/NSTextInsertionIndicator.h
/Applications/Xcode.app/Contents/Developer/Platforms/MacOSX.platform/Developer/SDKs/MacOSX26.1.sdk/System/Library/Frameworks/AppKit.framework/Headers/NSTokenField.h
/Applications/Xcode.app/Contents/Developer/Platforms/MacOSX.platform/Developer/SDKs/MacOSX26.1.sdk/System/Library/Frameworks/AppKit.framework/Headers/NSTextContainer.h
/Applications/Xcode.app/Contents/Developer/Platforms/MacOSX.platform/Developer/SDKs/MacOSX26.1.sdk/System/Library/Frameworks/AppKit.framework/Headers/NSLayoutManager.h
/Applications/Xcode.app/Contents/Developer/Platforms/MacOSX.platform/Developer/SDKs/MacOSX26.1.sdk/System/Library/Frameworks/AppKit.framework/Headers/NSTextStorage.h
/Applications/Xcode.app/Contents/Developer/Platforms/MacOSX.platform/Developer/SDKs/MacOSX26.1.sdk/System/Library/Frameworks/AppKit.framework/Headers/NSAttributedString.h
/Applications/Xcode.app/Contents/Developer/Platforms/MacOSX.platform/Developer/SDKs/MacOSX26.1.sdk/System/Library/Frameworks/AppKit.framework/Headers/NSGlyphGenerator.h
/Applications/Xcode.app/Contents/Developer/Platforms/MacOSX.platform/Developer/SDKs/MacOSX26.1.sdk/System/Library/Frameworks/AppKit.framework/Headers/NSTokenFieldCell.h
/Applications/Xcode.app/Contents/Developer/Platforms/MacOSX.platform/Developer/SDKs/MacOSX26.1.sdk/System/Library/Frameworks/AppKit.framework/Headers/NSTrackingArea.h
/Applications/Xcode.app/Contents/Developer/Platforms/MacOSX.platform/Developer/SDKs/MacOSX26.1.sdk/System/Library/Frameworks/AppKit.framework/Headers/NSTrackingSeparatorToolbarItem.h
/Applications/Xcode.app/Contents/Developer/Platforms/MacOSX.platform/Developer/SDKs/MacOSX26.1.sdk/System/Library/Frameworks/AppKit.framework/Headers/NSToolbarItem.h
/Applications/Xcode.app/Contents/Developer/Platforms/MacOSX.platform/Developer/SDKs/MacOSX26.1.sdk/System/Library/Frameworks/AppKit.framework/Headers/NSToolbar.h
/Applications/Xcode.app/Contents/Developer/Platforms/MacOSX.platform/Developer/SDKs/MacOSX26.1.sdk/System/Library/Frameworks/AppKit.framework/Headers/NSViewLayoutRegion.h
/Applications/Xcode.app/Contents/Developer/Platforms/MacOSX.platform/Developer/SDKs/MacOSX26.1.sdk/System/Library/Frameworks/AppKit.framework/Headers/NSWindowTab.h
/Applications/Xcode.app/Contents/Developer/Platforms/MacOSX.platform/Developer/SDKs/MacOSX26.1.sdk/System/Library/Frameworks/AppKit.framework/Headers/NSWindowTabGroup.h
/Applications/Xcode.app/Contents/Developer/Platforms/MacOSX.platform/Developer/SDKs/MacOSX26.1.sdk/System/Library/Frameworks/AppKit.framework/Headers/NSWindowController.h
/Applications/Xcode.app/Contents/Developer/Platforms/MacOSX.platform/Developer/SDKs/MacOSX26.1.sdk/System/Library/Frameworks/AppKit.framework/Headers/NSComboBox.h
/Applications/Xcode.app/Contents/Developer/Platforms/MacOSX.platform/Developer/SDKs/MacOSX26.1.sdk/System/Library/Frameworks/AppKit.framework/Headers/NSComboBoxCell.h
/Applications/Xcode.app/Contents/Developer/Platforms/MacOSX.platform/Developer/SDKs/MacOSX26.1.sdk/System/Library/Frameworks/AppKit.framework/Headers/NSComboButton.h
/Applications/Xcode.app/Contents/Developer/Platforms/MacOSX.platform/Developer/SDKs/MacOSX26.1.sdk/System/Library/Frameworks/AppKit.framework/Headers/NSTableCellView.h
/Applications/Xcode.app/Contents/Developer/Platforms/MacOSX.platform/Developer/SDKs/MacOSX26.1.sdk/System/Library/Frameworks/AppKit.framework/Headers/NSTableView.h
/Applications/Xcode.app/Contents/Developer/Platforms/MacOSX.platform/Developer/SDKs/MacOSX26.1.sdk/System/Library/Frameworks/AppKit.framework/Headers/NSTextView.h
/Applications/Xcode.app/Contents/Developer/Platforms/MacOSX.platform/Developer/SDKs/MacOSX26.1.sdk/System/Library/Frameworks/AppKit.framework/Headers/NSInputManager.h
/Applications/Xcode.app/Contents/Developer/Platforms/MacOSX.platform/Developer/SDKs/MacOSX26.1.sdk/System/Library/Frameworks/AppKit.framework/Headers/NSTextAttachment.h
/Applications/Xcode.app/Contents/Developer/Platforms/MacOSX.platform/Developer/SDKs/MacOSX26.1.sdk/System/Library/Frameworks/AppKit.framework/Headers/NSTextAttachmentCell.h
/Applications/Xcode.app/Contents/Developer/Platforms/MacOSX.platform/Developer/SDKs/MacOSX26.1.sdk/System/Library/Frameworks/AppKit.framework/Headers/NSTableColumn.h
/Applications/Xcode.app/Contents/Developer/Platforms/MacOSX.platform/Developer/SDKs/MacOSX26.1.sdk/System/Library/Frameworks/AppKit.framework/Headers/NSTableHeaderCell.h
/Applications/Xcode.app/Contents/Developer/Platforms/MacOSX.platform/Developer/SDKs/MacOSX26.1.sdk/System/Library/Frameworks/AppKit.framework/Headers/NSTableHeaderView.h
/Applications/Xcode.app/Contents/Developer/Platforms/MacOSX.platform/Developer/SDKs/MacOSX26.1.sdk/System/Library/Frameworks/AppKit.framework/Headers/NSTableRowView.h
/Applications/Xcode.app/Contents/Developer/Platforms/MacOSX.platform/Developer/SDKs/MacOSX26.1.sdk/System/Library/Frameworks/AppKit.framework/Headers/NSTableViewDiffableDataSource.h
/Applications/Xcode.app/Contents/Developer/Platforms/MacOSX.platform/Developer/SDKs/MacOSX26.1.sdk/System/Library/Frameworks/AppKit.framework/Headers/NSTableViewRowAction.h
/Applications/Xcode.app/Contents/Developer/Platforms/MacOSX.platform/Developer/SDKs/MacOSX26.1.sdk/System/Library/Frameworks/AppKit.framework/Headers/NSOutlineView.h
/Applications/Xcode.app/Contents/Developer/Platforms/MacOSX.platform/Developer/SDKs/MacOSX26.1.sdk/System/Library/Frameworks/AppKit.framework/Headers/NSInputServer.h
/Applications/Xcode.app/Contents/Developer/Platforms/MacOSX.platform/Developer/SDKs/MacOSX26.1.sdk/System/Library/Frameworks/AppKit.framework/Headers/NSStringDrawing.h
/Applications/Xcode.app/Contents/Developer/Platforms/MacOSX.platform/Developer/SDKs/MacOSX26.1.sdk/System/Library/Frameworks/AppKit.framework/Headers/NSRulerMarker.h
/Applications/Xcode.app/Contents/Developer/Platforms/MacOSX.platform/Developer/SDKs/MacOSX26.1.sdk/System/Library/Frameworks/AppKit.framework/Headers/NSRulerView.h
/Applications/Xcode.app/Contents/Developer/Platforms/MacOSX.platform/Developer/SDKs/MacOSX26.1.sdk/System/Library/Frameworks/AppKit.framework/Headers/NSSecureTextField.h
/Applications/Xcode.app/Contents/Developer/Platforms/MacOSX.platform/Developer/SDKs/MacOSX26.1.sdk/System/Library/Frameworks/AppKit.framework/Headers/NSInterfaceStyle.h
/Applications/Xcode.app/Contents/Developer/Platforms/MacOSX.platform/Developer/SDKs/MacOSX26.1.sdk/System/Library/Frameworks/AppKit.framework/Headers/NSProgressIndicator.h
/Applications/Xcode.app/Contents/Developer/Platforms/MacOSX.platform/Developer/SDKs/MacOSX26.1.sdk/System/Library/Frameworks/AppKit.framework/Headers/NSTabView.h
/Applications/Xcode.app/Contents/Developer/Platforms/MacOSX.platform/Developer/SDKs/MacOSX26.1.sdk/System/Library/Frameworks/AppKit.framework/Headers/NSTabViewController.h
/Applications/Xcode.app/Contents/Developer/Platforms/MacOSX.platform/Developer/SDKs/MacOSX26.1.sdk/System/Library/Frameworks/AppKit.framework/Headers/NSTabViewItem.h
/Applications/Xcode.app/Contents/Developer/Platforms/MacOSX.platform/Developer/SDKs/MacOSX26.1.sdk/System/Library/Frameworks/AppKit.framework/Headers/NSAffineTransform.h
/Applications/Xcode.app/Contents/Developer/Platforms/MacOSX.platform/Developer/SDKs/MacOSX26.1.sdk/System/Library/Frameworks/AppKit.framework/Headers/NSBezierPath.h
/Applications/Xcode.app/Contents/Developer/Platforms/MacOSX.platform/Developer/SDKs/MacOSX26.1.sdk/System/Library/Frameworks/AppKit.framework/Headers/NSPICTImageRep.h
/Applications/Xcode.app/Contents/Developer/Platforms/MacOSX.platform/Developer/SDKs/MacOSX26.1.sdk/System/Library/Frameworks/AppKit.framework/Headers/NSStatusBar.h
/Applications/Xcode.app/Contents/Developer/Platforms/MacOSX.platform/Developer/SDKs/MacOSX26.1.sdk/System/Library/Frameworks/AppKit.framework/Headers/NSStatusBarButton.h
/Applications/Xcode.app/Contents/Developer/Platforms/MacOSX.platform/Developer/SDKs/MacOSX26.1.sdk/System/Library/Frameworks/AppKit.framework/Headers/NSStatusItem.h
/Applications/Xcode.app/Contents/Developer/Platforms/MacOSX.platform/Developer/SDKs/MacOSX26.1.sdk/System/Library/Frameworks/AppKit.framework/Headers/NSSound.h
/Applications/Xcode.app/Contents/Developer/Platforms/MacOSX.platform/Developer/SDKs/MacOSX26.1.sdk/System/Library/Frameworks/AppKit.framework/Headers/NSMovie.h
/Applications/Xcode.app/Contents/Developer/Platforms/MacOSX.platform/Developer/SDKs/MacOSX26.1.sdk/System/Library/Frameworks/AppKit.framework/Headers/NSPDFImageRep.h
/Applications/Xcode.app/Contents/Developer/Platforms/MacOSX.platform/Developer/SDKs/MacOSX26.1.sdk/System/Library/Frameworks/AppKit.framework/Headers/NSDrawer.h
/Applications/Xcode.app/Contents/Developer/Platforms/MacOSX.platform/Developer/SDKs/MacOSX26.1.sdk/System/Library/Frameworks/AppKit.framework/Headers/NSOpenGL.h
/Applications/Xcode.app/Contents/Developer/Platforms/MacOSX.platform/Developer/SDKs/MacOSX26.1.sdk/System/Library/Frameworks/OpenGL.framework/Modules/module.modulemap
/Applications/Xcode.app/Contents/Developer/Platforms/MacOSX.platform/Developer/SDKs/MacOSX26.1.sdk/System/Library/Frameworks/AppKit.framework/Headers/NSOpenGLLayer.h
/Applications/Xcode.app/Contents/Developer/Platforms/MacOSX.platform/Developer/SDKs/MacOSX26.1.sdk/System/Library/Frameworks/QuartzCore.framework/Modules/module.modulemap
/Applications/Xcode.app/Contents/Developer/Platforms/MacOSX.platform/Developer/SDKs/MacOSX26.1.sdk/System/Library/Frameworks/AppKit.framework/Headers/NSOpenGLView.h
/Applications/Xcode.app/Contents/Developer/Platforms/MacOSX.platform/Developer/SDKs/MacOSX26.1.sdk/System/Library/Frameworks/AppKit.framework/Headers/NSApplicationScripting.h
/Applications/Xcode.app/Contents/Developer/Platforms/MacOSX.platform/Developer/SDKs/MacOSX26.1.sdk/System/Library/Frameworks/AppKit.framework/Headers/NSDocumentScripting.h
/Applications/Xcode.app/Contents/Developer/Platforms/MacOSX.platform/Developer/SDKs/MacOSX26.1.sdk/System/Library/Frameworks/AppKit.framework/Headers/NSTextStorageScripting.h
/Applications/Xcode.app/Contents/Developer/Platforms/MacOSX.platform/Developer/SDKs/MacOSX26.1.sdk/System/Library/Frameworks/AppKit.framework/Headers/NSToolbarItemGroup.h
/Applications/Xcode.app/Contents/Developer/Platforms/MacOSX.platform/Developer/SDKs/MacOSX26.1.sdk/System/Library/Frameworks/AppKit.framework/Headers/NSMenuToolbarItem.h
/Applications/Xcode.app/Contents/Developer/Platforms/MacOSX.platform/Developer/SDKs/MacOSX26.1.sdk/System/Library/Frameworks/AppKit.framework/Headers/NSSharingServicePickerToolbarItem.h
/Applications/Xcode.app/Contents/Developer/Platforms/MacOSX.platform/Developer/SDKs/MacOSX26.1.sdk/System/Library/Frameworks/AppKit.framework/Headers/NSWindowScripting.h
/Applications/Xcode.app/Contents/Developer/Platforms/MacOSX.platform/Developer/SDKs/MacOSX26.1.sdk/System/Library/Frameworks/AppKit.framework/Headers/NSStepper.h
/Applications/Xcode.app/Contents/Developer/Platforms/MacOSX.platform/Developer/SDKs/MacOSX26.1.sdk/System/Library/Frameworks/AppKit.framework/Headers/NSStepperCell.h
/Applications/Xcode.app/Contents/Developer/Platforms/MacOSX.platform/Developer/SDKs/MacOSX26.1.sdk/System/Library/Frameworks/AppKit.framework/Headers/NSGlyphInfo.h
/Applications/Xcode.app/Contents/Developer/Platforms/MacOSX.platform/Developer/SDKs/MacOSX26.1.sdk/System/Library/Frameworks/AppKit.framework/Headers/NSShadow.h
/Applications/Xcode.app/Contents/Developer/Platforms/MacOSX.platform/Developer/SDKs/MacOSX26.1.sdk/System/Library/Frameworks/AppKit.framework/Headers/NSATSTypesetter.h
/Applications/Xcode.app/Contents/Developer/Platforms/MacOSX.platform/Developer/SDKs/MacOSX26.1.sdk/System/Library/Frameworks/AppKit.framework/Headers/NSTypesetter.h
/Applications/Xcode.app/Contents/Developer/Platforms/MacOSX.platform/Developer/SDKs/MacOSX26.1.sdk/System/Library/Frameworks/AppKit.framework/Headers/NSSearchField.h
/Applications/Xcode.app/Contents/Developer/Platforms/MacOSX.platform/Developer/SDKs/MacOSX26.1.sdk/System/Library/Frameworks/AppKit.framework/Headers/NSSearchFieldCell.h
/Applications/Xcode.app/Contents/Developer/Platforms/MacOSX.platform/Developer/SDKs/MacOSX26.1.sdk/System/Library/Frameworks/AppKit.framework/Headers/NSController.h
/Applications/Xcode.app/Contents/Developer/Platforms/MacOSX.platform/Developer/SDKs/MacOSX26.1.sdk/System/Library/Frameworks/AppKit.framework/Headers/NSObjectController.h
/Applications/Xcode.app/Contents/Developer/Platforms/MacOSX.platform/Developer/SDKs/MacOSX26.1.sdk/System/Library/Frameworks/AppKit.framework/Headers/NSArrayController.h
/Applications/Xcode.app/Contents/Developer/Platforms/MacOSX.platform/Developer/SDKs/MacOSX26.1.sdk/System/Library/Frameworks/AppKit.framework/Headers/NSDictionaryController.h
/Applications/Xcode.app/Contents/Developer/Platforms/MacOSX.platform/Developer/SDKs/MacOSX26.1.sdk/System/Library/Frameworks/AppKit.framework/Headers/NSTreeNode.h
/Applications/Xcode.app/Contents/Developer/Platforms/MacOSX.platform/Developer/SDKs/MacOSX26.1.sdk/System/Library/Frameworks/AppKit.framework/Headers/NSTreeController.h
/Applications/Xcode.app/Contents/Developer/Platforms/MacOSX.platform/Developer/SDKs/MacOSX26.1.sdk/System/Library/Frameworks/AppKit.framework/Headers/NSUserDefaultsController.h
/Applications/Xcode.app/Contents/Developer/Platforms/MacOSX.platform/Developer/SDKs/MacOSX26.1.sdk/System/Library/Frameworks/AppKit.framework/Headers/NSTextList.h
/Applications/Xcode.app/Contents/Developer/Platforms/MacOSX.platform/Developer/SDKs/MacOSX26.1.sdk/System/Library/Frameworks/AppKit.framework/Headers/NSTextTable.h
/Applications/Xcode.app/Contents/Developer/Platforms/MacOSX.platform/Developer/SDKs/MacOSX26.1.sdk/System/Library/Frameworks/AppKit.framework/Headers/NSDatePickerCell.h
/Applications/Xcode.app/Contents/Developer/Platforms/MacOSX.platform/Developer/SDKs/MacOSX26.1.sdk/System/Library/Frameworks/AppKit.framework/Headers/NSDatePicker.h
/Applications/Xcode.app/Contents/Developer/Platforms/MacOSX.platform/Developer/SDKs/MacOSX26.1.sdk/System/Library/Frameworks/AppKit.framework/Headers/NSLevelIndicatorCell.h
/Applications/Xcode.app/Contents/Developer/Platforms/MacOSX.platform/Developer/SDKs/MacOSX26.1.sdk/System/Library/Frameworks/AppKit.framework/Headers/NSLevelIndicator.h
/Applications/Xcode.app/Contents/Developer/Platforms/MacOSX.platform/Developer/SDKs/MacOSX26.1.sdk/System/Library/Frameworks/AppKit.framework/Headers/NSPersistentDocument.h
/Applications/Xcode.app/Contents/Developer/Platforms/MacOSX.platform/Developer/SDKs/MacOSX26.1.sdk/System/Library/Frameworks/AppKit.framework/Headers/NSRuleEditor.h
/Applications/Xcode.app/Contents/Developer/Platforms/MacOSX.platform/Developer/SDKs/MacOSX26.1.sdk/System/Library/Frameworks/AppKit.framework/Headers/NSPredicateEditor.h
/Applications/Xcode.app/Contents/Developer/Platforms/MacOSX.platform/Developer/SDKs/MacOSX26.1.sdk/System/Library/Frameworks/AppKit.framework/Headers/NSPredicateEditorRowTemplate.h
/Applications/Xcode.app/Contents/Developer/Platforms/MacOSX.platform/Developer/SDKs/MacOSX26.1.sdk/System/Library/Frameworks/AppKit.framework/Headers/NSPathCell.h
/Applications/Xcode.app/Contents/Developer/Platforms/MacOSX.platform/Developer/SDKs/MacOSX26.1.sdk/System/Library/Frameworks/AppKit.framework/Headers/NSPathControl.h
/Applications/Xcode.app/Contents/Developer/Platforms/MacOSX.platform/Developer/SDKs/MacOSX26.1.sdk/System/Library/Frameworks/AppKit.framework/Headers/NSPathComponentCell.h
/Applications/Xcode.app/Contents/Developer/Platforms/MacOSX.platform/Developer/SDKs/MacOSX26.1.sdk/System/Library/Frameworks/AppKit.framework/Headers/NSPathControlItem.h
/Applications/Xcode.app/Contents/Developer/Platforms/MacOSX.platform/Developer/SDKs/MacOSX26.1.sdk/System/Library/Frameworks/AppKit.framework/Headers/NSPageController.h
/Applications/Xcode.app/Contents/Developer/Platforms/MacOSX.platform/Developer/SDKs/MacOSX26.1.sdk/System/Library/Frameworks/AppKit.framework/Headers/NSTextInputContext.h
/Applications/Xcode.app/Contents/Developer/Platforms/MacOSX.platform/Developer/SDKs/MacOSX26.1.sdk/System/Library/Frameworks/AppKit.framework/Headers/NSUserInterfaceItemSearching.h
/Applications/Xcode.app/Contents/Developer/Platforms/MacOSX.platform/Developer/SDKs/MacOSX26.1.sdk/System/Library/Frameworks/AppKit.framework/Headers/NSWindowRestoration.h
/Applications/Xcode.app/Contents/Developer/Platforms/MacOSX.platform/Developer/SDKs/MacOSX26.1.sdk/System/Library/Frameworks/AppKit.framework/Headers/NSTextAlternatives.h
/Applications/Xcode.app/Contents/Developer/Platforms/MacOSX.platform/Developer/SDKs/MacOSX26.1.sdk/System/Library/Frameworks/AppKit.framework/Headers/NSVisualEffectView.h
/Applications/Xcode.app/Contents/Developer/Platforms/MacOSX.platform/Developer/SDKs/MacOSX26.1.sdk/System/Library/Frameworks/AppKit.framework/Headers/NSItemBadge.h
/Applications/Xcode.app/Contents/Developer/Platforms/MacOSX.platform/Developer/SDKs/MacOSX26.1.sdk/System/Library/Frameworks/AppKit.framework/Headers/NSItemProvider.h
/Applications/Xcode.app/Contents/Developer/Platforms/MacOSX.platform/Developer/SDKs/MacOSX26.1.sdk/System/Library/Frameworks/AppKit.framework/Headers/NSTitlebarAccessoryViewController.h
/Applications/Xcode.app/Contents/Developer/Platforms/MacOSX.platform/Developer/SDKs/MacOSX26.1.sdk/System/Library/Frameworks/AppKit.framework/Headers/NSDataAsset.h
/Applications/Xcode.app/Contents/Developer/Platforms/MacOSX.platform/Developer/SDKs/MacOSX26.1.sdk/System/Library/Frameworks/AppKit.framework/Headers/NSAlignmentFeedbackFilter.h
/Applications/Xcode.app/Contents/Developer/Platforms/MacOSX.platform/Developer/SDKs/MacOSX26.1.sdk/System/Library/Frameworks/AppKit.framework/Headers/NSHapticFeedback.h
/Applications/Xcode.app/Contents/Developer/Platforms/MacOSX.platform/Developer/SDKs/MacOSX26.1.sdk/System/Library/Frameworks/AppKit.framework/Headers/NSPressureConfiguration.h
/Applications/Xcode.app/Contents/Developer/Platforms/MacOSX.platform/Developer/SDKs/MacOSX26.1.sdk/System/Library/Frameworks/AppKit.framework/Headers/NSButtonTouchBarItem.h
/Applications/Xcode.app/Contents/Developer/Platforms/MacOSX.platform/Developer/SDKs/MacOSX26.1.sdk/System/Library/Frameworks/AppKit.framework/Headers/NSPickerTouchBarItem.h
/Applications/Xcode.app/Contents/Developer/Platforms/MacOSX.platform/Developer/SDKs/MacOSX26.1.sdk/System/Library/Frameworks/AppKit.framework/Headers/NSStepperTouchBarItem.h
/Applications/Xcode.app/Contents/Developer/Platforms/MacOSX.platform/Developer/SDKs/MacOSX26.1.sdk/System/Library/Frameworks/AppKit.framework/Headers/NSTintConfiguration.h
/Applications/Xcode.app/Contents/Developer/Platforms/MacOSX.platform/Developer/SDKs/MacOSX26.1.sdk/System/Library/Frameworks/AppKit.framework/Headers/NSSearchToolbarItem.h
/Applications/Xcode.app/Contents/Developer/Platforms/MacOSX.platform/Developer/SDKs/MacOSX26.1.sdk/System/Library/Frameworks/AppKit.framework/Headers/NSTextRange.h
/Applications/Xcode.app/Contents/Developer/Platforms/MacOSX.platform/Developer/SDKs/MacOSX26.1.sdk/System/Library/Frameworks/AppKit.framework/Headers/NSTextSelection.h
/Applications/Xcode.app/Contents/Developer/Platforms/MacOSX.platform/Developer/SDKs/MacOSX26.1.sdk/System/Library/Frameworks/AppKit.framework/Headers/NSTextSelectionNavigation.h
/Applications/Xcode.app/Contents/Developer/Platforms/MacOSX.platform/Developer/SDKs/MacOSX26.1.sdk/System/Library/Frameworks/AppKit.framework/Headers/NSTextContentManager.h
/Applications/Xcode.app/Contents/Developer/Platforms/MacOSX.platform/Developer/SDKs/MacOSX26.1.sdk/System/Library/Frameworks/AppKit.framework/Headers/NSTextElement.h
/Applications/Xcode.app/Contents/Developer/Platforms/MacOSX.platform/Developer/SDKs/MacOSX26.1.sdk/System/Library/Frameworks/AppKit.framework/Headers/NSTextListElement.h
/Applications/Xcode.app/Contents/Developer/Platforms/MacOSX.platform/Developer/SDKs/MacOSX26.1.sdk/System/Library/Frameworks/AppKit.framework/Headers/NSTextLayoutFragment.h
/Applications/Xcode.app/Contents/Developer/Platforms/MacOSX.platform/Developer/SDKs/MacOSX26.1.sdk/System/Library/Frameworks/AppKit.framework/Headers/NSTextLayoutManager.h
/Applications/Xcode.app/Contents/Developer/Platforms/MacOSX.platform/Developer/SDKs/MacOSX26.1.sdk/System/Library/Frameworks/AppKit.framework/Headers/NSTextLineFragment.h
/Applications/Xcode.app/Contents/Developer/Platforms/MacOSX.platform/Developer/SDKs/MacOSX26.1.sdk/System/Library/Frameworks/AppKit.framework/Headers/NSTextViewportLayoutController.h
/Applications/Xcode.app/Contents/Developer/Platforms/MacOSX.platform/Developer/SDKs/MacOSX26.1.sdk/System/Library/Frameworks/AppKit.framework/Headers/NSAdaptiveImageGlyph.h
/Applications/Xcode.app/Contents/Developer/Platforms/MacOSX.platform/Developer/SDKs/MacOSX26.1.sdk/System/Library/Frameworks/CoreText.framework/Modules/module.modulemap
/Applications/Xcode.app/Contents/Developer/Platforms/MacOSX.platform/Developer/SDKs/MacOSX26.1.sdk/System/Library/Frameworks/AppKit.framework/Headers/NSWritingToolsCoordinatorAnimationParameters.h
/Applications/Xcode.app/Contents/Developer/Platforms/MacOSX.platform/Developer/SDKs/MacOSX26.1.sdk/System/Library/Frameworks/AppKit.framework/Headers/NSWritingToolsCoordinatorContext.h
/Applications/Xcode.app/Contents/Developer/Platforms/MacOSX.platform/Developer/SDKs/MacOSX26.1.sdk/System/Library/Frameworks/AppKit.framework/Headers/NSWritingToolsCoordinator.h
/Applications/Xcode.app/Contents/Developer/Platforms/MacOSX.platform/Developer/SDKs/MacOSX26.1.sdk/System/Library/Frameworks/AppKit.framework/Headers/NSNibConnector.h
/Applications/Xcode.app/Contents/Developer/Platforms/MacOSX.platform/Developer/SDKs/MacOSX26.1.sdk/System/Library/Frameworks/AppKit.framework/Headers/NSNibControlConnector.h
/Applications/Xcode.app/Contents/Developer/Platforms/MacOSX.platform/Developer/SDKs/MacOSX26.1.sdk/System/Library/Frameworks/AppKit.framework/Headers/NSNibOutletConnector.h
/Applications/Xcode.app/Contents/Developer/Platforms/MacOSX.platform/Developer/SDKs/MacOSX26.1.sdk/SDKSettings.json
/Applications/Xcode.app/Contents/Developer/Platforms/MacOSX.platform/Developer/SDKs/MacOSX26.1.sdk/System/Library/Frameworks/ApplicationServices.framework/Headers/ApplicationServices.apinotes
/Applications/Xcode.app/Contents/Developer/Platforms/MacOSX.platform/Developer/SDKs/MacOSX26.1.sdk/System/Library/Frameworks/ApplicationServices.framework/Modules/module.modulemap
/Applications/Xcode.app/Contents/Developer/Platforms/MacOSX.platform/Developer/SDKs/MacOSX26.1.sdk/System/Library/Frameworks/ApplicationServices.framework/Headers/ApplicationServices.h
/Applications/Xcode.app/Contents/Developer/Platforms/MacOSX.platform/Developer/SDKs/MacOSX26.1.sdk/usr/include/cups.modulemap
/Applications/Xcode.app/Contents/Developer/Platforms/MacOSX.platform/Developer/SDKs/MacOSX26.1.sdk/usr/include/DarwinFoundation2.modulemap
/Applications/Xcode.app/Contents/Developer/Platforms/MacOSX.platform/Developer/SDKs/MacOSX26.1.sdk/usr/include/DarwinFoundation1.modulemap
/Applications/Xcode.app/Contents/Developer/Platforms/MacOSX.platform/Developer/SDKs/MacOSX26.1.sdk/System/Library/Frameworks/CoreServices.framework/Modules/module.modulemap
/Applications/Xcode.app/Contents/Developer/Platforms/MacOSX.platform/Developer/SDKs/MacOSX26.1.sdk/System/Library/Frameworks/ApplicationServices.framework/Frameworks/ATS.framework/Headers/ATS.h
/Applications/Xcode.app/Contents/Developer/Platforms/MacOSX.platform/Developer/SDKs/MacOSX26.1.sdk/System/Library/Frameworks/ApplicationServices.framework/Frameworks/ATS.framework/Headers/ATSDefines.h
/Applications/Xcode.app/Contents/Developer/Platforms/MacOSX.platform/Developer/SDKs/MacOSX26.1.sdk/System/Library/Frameworks/ApplicationServices.framework/Frameworks/ATS.framework/Headers/ATSLayoutTypes.h
/Applications/Xcode.app/Contents/Developer/Platforms/MacOSX.platform/Developer/SDKs/MacOSX26.1.sdk/System/Library/Frameworks/ApplicationServices.framework/Frameworks/ATS.framework/Headers/SFNTLayoutTypes.h
/Applications/Xcode.app/Contents/Developer/Platforms/MacOSX.platform/Developer/SDKs/MacOSX26.1.sdk/System/Library/Frameworks/CoreText.framework/Modules/module.modulemap
/Applications/Xcode.app/Contents/Developer/Platforms/MacOSX.platform/Developer/SDKs/MacOSX26.1.sdk/System/Library/Frameworks/ApplicationServices.framework/Frameworks/ATS.framework/Headers/ATSTypes.h
/Applications/Xcode.app/Contents/Developer/Platforms/MacOSX.platform/Developer/SDKs/MacOSX26.1.sdk/System/Library/Frameworks/CoreGraphics.framework/Modules/module.modulemap
/Applications/Xcode.app/Contents/Developer/Platforms/MacOSX.platform/Developer/SDKs/MacOSX26.1.sdk/System/Library/Frameworks/ApplicationServices.framework/Frameworks/ATS.framework/Headers/ATSFont.h
/Applications/Xcode.app/Contents/Developer/Platforms/MacOSX.platform/Developer/SDKs/MacOSX26.1.sdk/System/Library/Frameworks/ApplicationServices.framework/Frameworks/ATS.framework/Headers/SFNTTypes.h
/Applications/Xcode.app/Contents/Developer/Platforms/MacOSX.platform/Developer/SDKs/MacOSX26.1.sdk/System/Library/Frameworks/ColorSync.framework/Modules/module.modulemap
/Applications/Xcode.app/Contents/Developer/Platforms/MacOSX.platform/Developer/SDKs/MacOSX26.1.sdk/System/Library/Frameworks/ApplicationServices.framework/Frameworks/HIServices.framework/Headers/HIServices.h
/Applications/Xcode.app/Contents/Developer/Platforms/MacOSX.platform/Developer/SDKs/MacOSX26.1.sdk/System/Library/Frameworks/ApplicationServices.framework/Frameworks/HIServices.framework/Headers/HIShape.h
/Applications/Xcode.app/Contents/Developer/Platforms/MacOSX.platform/Developer/SDKs/MacOSX26.1.sdk/System/Library/Frameworks/ApplicationServices.framework/Frameworks/QD.framework/Headers/Quickdraw.h
/Applications/Xcode.app/Contents/Developer/Platforms/MacOSX.platform/Developer/SDKs/MacOSX26.1.sdk/System/Library/Frameworks/ApplicationServices.framework/Frameworks/QD.framework/Headers/ColorSyncDeprecated.h
/Applications/Xcode.app/Contents/Developer/Toolchains/XcodeDefault.xctoolchain/usr/lib/swift/clang/include/module.modulemap
/Applications/Xcode.app/Contents/Developer/Toolchains/XcodeDefault.xctoolchain/usr/lib/swift/clang/include/stddef.h
/Applications/Xcode.app/Contents/Developer/Platforms/MacOSX.platform/Developer/SDKs/MacOSX26.1.sdk/System/Library/Frameworks/ApplicationServices.framework/Frameworks/HIServices.framework/Headers/Icons.h
/Applications/Xcode.app/Contents/Developer/Platforms/MacOSX.platform/Developer/SDKs/MacOSX26.1.sdk/System/Library/Frameworks/ApplicationServices.framework/Frameworks/HIServices.framework/Headers/InternetConfig.h
/Applications/Xcode.app/Contents/Developer/Platforms/MacOSX.platform/Developer/SDKs/MacOSX26.1.sdk/System/Library/Frameworks/ApplicationServices.framework/Frameworks/HIServices.framework/Headers/Processes.h
/Applications/Xcode.app/Contents/Developer/Platforms/MacOSX.platform/Developer/SDKs/MacOSX26.1.sdk/System/Library/Frameworks/ApplicationServices.framework/Frameworks/HIServices.framework/Headers/Pasteboard.h
/Applications/Xcode.app/Contents/Developer/Platforms/MacOSX.platform/Developer/SDKs/MacOSX26.1.sdk/System/Library/Frameworks/ApplicationServices.framework/Frameworks/HIServices.framework/Headers/TranslationServices.h
/Applications/Xcode.app/Contents/Developer/Platforms/MacOSX.platform/Developer/SDKs/MacOSX26.1.sdk/System/Library/Frameworks/ApplicationServices.framework/Frameworks/HIServices.framework/Headers/Accessibility.h
/Applications/Xcode.app/Contents/Developer/Platforms/MacOSX.platform/Developer/SDKs/MacOSX26.1.sdk/System/Library/Frameworks/ApplicationServices.framework/Frameworks/HIServices.framework/Headers/AXError.h
/Applications/Xcode.app/Contents/Developer/Platforms/MacOSX.platform/Developer/SDKs/MacOSX26.1.sdk/System/Library/Frameworks/CoreFoundation.framework/Modules/module.modulemap
/Applications/Xcode.app/Contents/Developer/Platforms/MacOSX.platform/Developer/SDKs/MacOSX26.1.sdk/System/Library/Frameworks/ApplicationServices.framework/Frameworks/HIServices.framework/Headers/AXConstants.h
/Applications/Xcode.app/Contents/Developer/Platforms/MacOSX.platform/Developer/SDKs/MacOSX26.1.sdk/System/Library/Frameworks/ApplicationServices.framework/Frameworks/HIServices.framework/Headers/AXRoleConstants.h
/Applications/Xcode.app/Contents/Developer/Platforms/MacOSX.platform/Developer/SDKs/MacOSX26.1.sdk/System/Library/Frameworks/ApplicationServices.framework/Frameworks/HIServices.framework/Headers/AXAttributeConstants.h
/Applications/Xcode.app/Contents/Developer/Platforms/MacOSX.platform/Developer/SDKs/MacOSX26.1.sdk/System/Library/Frameworks/ApplicationServices.framework/Frameworks/HIServices.framework/Headers/AXActionConstants.h
/Applications/Xcode.app/Contents/Developer/Platforms/MacOSX.platform/Developer/SDKs/MacOSX26.1.sdk/System/Library/Frameworks/ApplicationServices.framework/Frameworks/HIServices.framework/Headers/AXNotificationConstants.h
/Applications/Xcode.app/Contents/Developer/Platforms/MacOSX.platform/Developer/SDKs/MacOSX26.1.sdk/System/Library/Frameworks/ApplicationServices.framework/Frameworks/HIServices.framework/Headers/AXValueConstants.h
/Applications/Xcode.app/Contents/Developer/Platforms/MacOSX.platform/Developer/SDKs/MacOSX26.1.sdk/System/Library/Frameworks/ApplicationServices.framework/Frameworks/HIServices.framework/Headers/AXWebConstants.h
/Applications/Xcode.app/Contents/Developer/Platforms/MacOSX.platform/Developer/SDKs/MacOSX26.1.sdk/System/Library/Frameworks/ApplicationServices.framework/Frameworks/HIServices.framework/Headers/AXUIElement.h
/Applications/Xcode.app/Contents/Developer/Platforms/MacOSX.platform/Developer/SDKs/MacOSX26.1.sdk/System/Library/Frameworks/ApplicationServices.framework/Frameworks/HIServices.framework/Headers/AXValue.h
/Applications/Xcode.app/Contents/Developer/Platforms/MacOSX.platform/Developer/SDKs/MacOSX26.1.sdk/System/Library/Frameworks/ApplicationServices.framework/Frameworks/HIServices.framework/Headers/AXTextAttributedString.h
/Applications/Xcode.app/Contents/Developer/Platforms/MacOSX.platform/Developer/SDKs/MacOSX26.1.sdk/System/Library/Frameworks/ApplicationServices.framework/Frameworks/HIServices.framework/Headers/UniversalAccess.h
/Applications/Xcode.app/Contents/Developer/Platforms/MacOSX.platform/Developer/SDKs/MacOSX26.1.sdk/System/Library/Frameworks/ImageIO.framework/Modules/module.modulemap
/Applications/Xcode.app/Contents/Developer/Platforms/MacOSX.platform/Developer/SDKs/MacOSX26.1.sdk/System/Library/Frameworks/ApplicationServices.framework/Frameworks/PrintCore.framework/Headers/PrintCore.h
/Applications/Xcode.app/Contents/Developer/Platforms/MacOSX.platform/Developer/SDKs/MacOSX26.1.sdk/System/Library/Frameworks/ApplicationServices.framework/Frameworks/PrintCore.framework/Headers/PDEPluginInterface.h
/Applications/Xcode.app/Contents/Developer/Platforms/MacOSX.platform/Developer/SDKs/MacOSX26.1.sdk/System/Library/Frameworks/Foundation.framework/Modules/module.modulemap
/Applications/Xcode.app/Contents/Developer/Platforms/MacOSX.platform/Developer/SDKs/MacOSX26.1.sdk/System/Library/Frameworks/ApplicationServices.framework/Frameworks/PrintCore.framework/Headers/PMDefinitions.h
/Applications/Xcode.app/Contents/Developer/Platforms/MacOSX.platform/Developer/SDKs/MacOSX26.1.sdk/System/Library/Frameworks/ApplicationServices.framework/Frameworks/PrintCore.framework/Headers/PMCore.h
/Applications/Xcode.app/Contents/Developer/Platforms/MacOSX.platform/Developer/SDKs/MacOSX26.1.sdk/System/Library/Frameworks/ApplicationServices.framework/Frameworks/PrintCore.framework/Headers/PMPrintAETypes.h
/Applications/Xcode.app/Contents/Developer/Platforms/MacOSX.platform/Developer/SDKs/MacOSX26.1.sdk/System/Library/Frameworks/ApplicationServices.framework/Frameworks/PrintCore.framework/Headers/PMPrintingDialogExtensions.h
/Applications/Xcode.app/Contents/Developer/Platforms/MacOSX.platform/Developer/SDKs/MacOSX26.1.sdk/System/Library/Frameworks/ApplicationServices.framework/Frameworks/PrintCore.framework/Headers/PMPrintSettingsKeys.h
/Applications/Xcode.app/Contents/Developer/Platforms/MacOSX.platform/Developer/SDKs/MacOSX26.1.sdk/System/Library/Frameworks/ApplicationServices.framework/Frameworks/PrintCore.framework/Headers/PMErrors.h
/Applications/Xcode.app/Contents/Developer/Platforms/MacOSX.platform/Developer/SDKs/MacOSX26.1.sdk/System/Library/Frameworks/ApplicationServices.framework/Frameworks/QD.framework/Headers/QD.h
/Applications/Xcode.app/Contents/Developer/Platforms/MacOSX.platform/Developer/SDKs/MacOSX26.1.sdk/System/Library/Frameworks/ApplicationServices.framework/Frameworks/QD.framework/Headers/QDAvailability.h
/Applications/Xcode.app/Contents/Developer/Platforms/MacOSX.platform/Developer/SDKs/MacOSX26.1.sdk/System/Library/Frameworks/ApplicationServices.framework/Frameworks/QD.framework/Headers/Fonts.h
/Applications/Xcode.app/Contents/Developer/Platforms/MacOSX.platform/Developer/SDKs/MacOSX26.1.sdk/System/Library/Frameworks/ApplicationServices.framework/Frameworks/ATSUI.framework/Headers/ATSUnicode.h
/Applications/Xcode.app/Contents/Developer/Platforms/MacOSX.platform/Developer/SDKs/MacOSX26.1.sdk/System/Library/Frameworks/ApplicationServices.framework/Frameworks/ATSUI.framework/Headers/ATSAvailability.h
/Applications/Xcode.app/Contents/Developer/Platforms/MacOSX.platform/Developer/SDKs/MacOSX26.1.sdk/System/Library/Frameworks/ApplicationServices.framework/Frameworks/ATSUI.framework/Headers/ATSUnicodeTypes.h
/Applications/Xcode.app/Contents/Developer/Platforms/MacOSX.platform/Developer/SDKs/MacOSX26.1.sdk/System/Library/Frameworks/ApplicationServices.framework/Frameworks/ATSUI.framework/Headers/ATSUnicodeGlyphs.h
/Applications/Xcode.app/Contents/Developer/Platforms/MacOSX.platform/Developer/SDKs/MacOSX26.1.sdk/System/Library/Frameworks/ApplicationServices.framework/Frameworks/ATSUI.framework/Headers/ATSUnicodeFlattening.h
/Applications/Xcode.app/Contents/Developer/Platforms/MacOSX.platform/Developer/SDKs/MacOSX26.1.sdk/System/Library/Frameworks/ApplicationServices.framework/Frameworks/ATSUI.framework/Headers/ATSUnicodeDirectAccess.h
/Applications/Xcode.app/Contents/Developer/Platforms/MacOSX.platform/Developer/SDKs/MacOSX26.1.sdk/System/Library/Frameworks/ApplicationServices.framework/Frameworks/SpeechSynthesis.framework/Headers/SpeechSynthesis.h
/Applications/Xcode.app/Contents/Developer/Platforms/MacOSX.platform/Developer/SDKs/MacOSX26.1.sdk/SDKSettings.json
/Applications/Xcode.app/Contents/Developer/Platforms/MacOSX.platform/Developer/SDKs/MacOSX26.1.sdk/System/Library/Frameworks/CFNetwork.framework/Modules/module.modulemap
/Applications/Xcode.app/Contents/Developer/Platforms/MacOSX.platform/Developer/SDKs/MacOSX26.1.sdk/System/Library/Frameworks/CFNetwork.framework/Headers/CFNetwork.h
/Applications/Xcode.app/Contents/Developer/Platforms/MacOSX.platform/Developer/SDKs/MacOSX26.1.sdk/System/Library/Frameworks/CoreFoundation.framework/Modules/module.modulemap
/Applications/Xcode.app/Contents/Developer/Platforms/MacOSX.platform/Developer/SDKs/MacOSX26.1.sdk/System/Library/Frameworks/CFNetwork.framework/Headers/CFNetworkDefs.h
/Applications/Xcode.app/Contents/Developer/Platforms/MacOSX.platform/Developer/SDKs/MacOSX26.1.sdk/usr/include/Darwin.modulemap
/Applications/Xcode.app/Contents/Developer/Platforms/MacOSX.platform/Developer/SDKs/MacOSX26.1.sdk/System/Library/Frameworks/CFNetwork.framework/Headers/CFNetworkErrors.h
/Applications/Xcode.app/Contents/Developer/Platforms/MacOSX.platform/Developer/SDKs/MacOSX26.1.sdk/System/Library/Frameworks/CFNetwork.framework/Headers/CFSocketStream.h
/Applications/Xcode.app/Contents/Developer/Platforms/MacOSX.platform/Developer/SDKs/MacOSX26.1.sdk/System/Library/Frameworks/CFNetwork.framework/Headers/CFHost.h
/Applications/Xcode.app/Contents/Developer/Platforms/MacOSX.platform/Developer/SDKs/MacOSX26.1.sdk/System/Library/Frameworks/CFNetwork.framework/Headers/CFNetServices.h
/Applications/Xcode.app/Contents/Developer/Platforms/MacOSX.platform/Developer/SDKs/MacOSX26.1.sdk/System/Library/Frameworks/CFNetwork.framework/Headers/CFFTPStream.h
/Applications/Xcode.app/Contents/Developer/Platforms/MacOSX.platform/Developer/SDKs/MacOSX26.1.sdk/System/Library/Frameworks/CFNetwork.framework/Headers/CFHTTPMessage.h
/Applications/Xcode.app/Contents/Developer/Platforms/MacOSX.platform/Developer/SDKs/MacOSX26.1.sdk/System/Library/Frameworks/CFNetwork.framework/Headers/CFHTTPStream.h
/Applications/Xcode.app/Contents/Developer/Platforms/MacOSX.platform/Developer/SDKs/MacOSX26.1.sdk/System/Library/Frameworks/CFNetwork.framework/Headers/CFHTTPAuthentication.h
/Applications/Xcode.app/Contents/Developer/Platforms/MacOSX.platform/Developer/SDKs/MacOSX26.1.sdk/System/Library/Frameworks/CFNetwork.framework/Headers/CFNetDiagnostics.h
/Applications/Xcode.app/Contents/Developer/Toolchains/XcodeDefault.xctoolchain/usr/lib/swift/clang/include/module.modulemap
/Applications/Xcode.app/Contents/Developer/Platforms/MacOSX.platform/Developer/SDKs/MacOSX26.1.sdk/System/Library/Frameworks/CFNetwork.framework/Headers/CFProxySupport.h
/Applications/Xcode.app/Contents/Developer/Platforms/MacOSX.platform/Developer/SDKs/MacOSX26.1.sdk/SDKSettings.json
/Applications/Xcode.app/Contents/Developer/Platforms/MacOSX.platform/Developer/SDKs/MacOSX26.1.sdk/usr/include/cups.modulemap
/Applications/Xcode.app/Contents/Developer/Platforms/MacOSX.platform/Developer/SDKs/MacOSX26.1.sdk/usr/include/Darwin.modulemap
/Applications/Xcode.app/Contents/Developer/Platforms/MacOSX.platform/Developer/SDKs/MacOSX26.1.sdk/usr/include/Darwin_C.modulemap
/Applications/Xcode.app/Contents/Developer/Platforms/MacOSX.platform/Developer/SDKs/MacOSX26.1.sdk/usr/include/Darwin_POSIX.modulemap
/Applications/Xcode.app/Contents/Developer/Platforms/MacOSX.platform/Developer/SDKs/MacOSX26.1.sdk/usr/include/net.modulemap
/Applications/Xcode.app/Contents/Developer/Platforms/MacOSX.platform/Developer/SDKs/MacOSX26.1.sdk/usr/include/netinet.modulemap
/Applications/Xcode.app/Contents/Developer/Platforms/MacOSX.platform/Developer/SDKs/MacOSX26.1.sdk/usr/include/bank.modulemap
/Applications/Xcode.app/Contents/Developer/Platforms/MacOSX.platform/Developer/SDKs/MacOSX26.1.sdk/usr/include/Darwin_Mach.modulemap
/Applications/Xcode.app/Contents/Developer/Platforms/MacOSX.platform/Developer/SDKs/MacOSX26.1.sdk/usr/include/Darwin_Mach_machine.modulemap
/Applications/Xcode.app/Contents/Developer/Platforms/MacOSX.platform/Developer/SDKs/MacOSX26.1.sdk/usr/include/mach_debug.modulemap
/Applications/Xcode.app/Contents/Developer/Platforms/MacOSX.platform/Developer/SDKs/MacOSX26.1.sdk/usr/include/device.modulemap
/Applications/Xcode.app/Contents/Developer/Platforms/MacOSX.platform/Developer/SDKs/MacOSX26.1.sdk/usr/include/Darwin_machine.modulemap
/Applications/Xcode.app/Contents/Developer/Platforms/MacOSX.platform/Developer/SDKs/MacOSX26.1.sdk/usr/include/ncurses.modulemap
/Applications/Xcode.app/Contents/Developer/Platforms/MacOSX.platform/Developer/SDKs/MacOSX26.1.sdk/usr/include/netinet6.modulemap
/Applications/Xcode.app/Contents/Developer/Platforms/MacOSX.platform/Developer/SDKs/MacOSX26.1.sdk/usr/include/Darwin_sys.modulemap
/Applications/Xcode.app/Contents/Developer/Platforms/MacOSX.platform/Developer/SDKs/MacOSX26.1.sdk/usr/include/uuid.modulemap
/Applications/Xcode.app/Contents/Developer/Platforms/MacOSX.platform/Developer/SDKs/MacOSX26.1.sdk/usr/include/DarwinFoundation2.modulemap
/Applications/Xcode.app/Contents/Developer/Platforms/MacOSX.platform/Developer/SDKs/MacOSX26.1.sdk/usr/include/DarwinFoundation3.modulemap
/Applications/Xcode.app/Contents/Developer/Platforms/MacOSX.platform/Developer/SDKs/MacOSX26.1.sdk/usr/include/DarwinFoundation1.modulemap
/Applications/Xcode.app/Contents/Developer/Platforms/MacOSX.platform/Developer/SDKs/MacOSX26.1.sdk/usr/include/cups/cups.h
/Applications/Xcode.app/Contents/Developer/Platforms/MacOSX.platform/Developer/SDKs/MacOSX26.1.sdk/usr/include/cups/file.h
/Applications/Xcode.app/Contents/Developer/Platforms/MacOSX.platform/Developer/SDKs/MacOSX26.1.sdk/usr/include/cups/versioning.h
/Applications/Xcode.app/Contents/Developer/Toolchains/XcodeDefault.xctoolchain/usr/lib/swift/clang/include/module.modulemap
/Applications/Xcode.app/Contents/Developer/Toolchains/XcodeDefault.xctoolchain/usr/lib/swift/clang/include/stddef.h
/Applications/Xcode.app/Contents/Developer/Platforms/MacOSX.platform/Developer/SDKs/MacOSX26.1.sdk/usr/include/cups/ipp.h
/Applications/Xcode.app/Contents/Developer/Platforms/MacOSX.platform/Developer/SDKs/MacOSX26.1.sdk/usr/include/cups/http.h
/Applications/Xcode.app/Contents/Developer/Platforms/MacOSX.platform/Developer/SDKs/MacOSX26.1.sdk/usr/include/cups/array.h
/Applications/Xcode.app/Contents/Developer/Platforms/MacOSX.platform/Developer/SDKs/MacOSX26.1.sdk/usr/include/stdlib.h
/Applications/Xcode.app/Contents/Developer/Platforms/MacOSX.platform/Developer/SDKs/MacOSX26.1.sdk/usr/include/string.h
/Applications/Xcode.app/Contents/Developer/Platforms/MacOSX.platform/Developer/SDKs/MacOSX26.1.sdk/usr/include/time.h
/Applications/Xcode.app/Contents/Developer/Toolchains/XcodeDefault.xctoolchain/usr/lib/swift/clang/include/stdarg.h
/Applications/Xcode.app/Contents/Developer/Platforms/MacOSX.platform/Developer/SDKs/MacOSX26.1.sdk/usr/include/cups/language.h
/Applications/Xcode.app/Contents/Developer/Platforms/MacOSX.platform/Developer/SDKs/MacOSX26.1.sdk/usr/include/cups/pwg.h
/Applications/Xcode.app/Contents/Developer/Platforms/MacOSX.platform/Developer/SDKs/MacOSX26.1.sdk/usr/include/cups/adminutil.h
/Applications/Xcode.app/Contents/Developer/Platforms/MacOSX.platform/Developer/SDKs/MacOSX26.1.sdk/usr/include/stdio.h
/Applications/Xcode.app/Contents/Developer/Platforms/MacOSX.platform/Developer/SDKs/MacOSX26.1.sdk/usr/include/cups/backend.h
/Applications/Xcode.app/Contents/Developer/Platforms/MacOSX.platform/Developer/SDKs/MacOSX26.1.sdk/usr/include/cups/dir.h
/Applications/Xcode.app/Contents/Developer/Platforms/MacOSX.platform/Developer/SDKs/MacOSX26.1.sdk/usr/include/cups/ppd.h
/Applications/Xcode.app/Contents/Developer/Platforms/MacOSX.platform/Developer/SDKs/MacOSX26.1.sdk/usr/include/cups/raster.h
/Applications/Xcode.app/Contents/Developer/Platforms/MacOSX.platform/Developer/SDKs/MacOSX26.1.sdk/usr/include/cups/sidechannel.h
/Applications/Xcode.app/Contents/Developer/Platforms/MacOSX.platform/Developer/SDKs/MacOSX26.1.sdk/usr/include/cups/transcode.h
/Applications/Xcode.app/Contents/Developer/Platforms/MacOSX.platform/Developer/SDKs/MacOSX26.1.sdk/SDKSettings.json
/Users/rogerlin/Library/Developer/Xcode/DerivedData/FinancialCalculatorKit-ackorybalcxbfocbkqsfdzcfkgmn/Build/Products/Debug/CasePaths.swiftmodule/arm64-apple-macos.swiftmodule
/Users/rogerlin/Library/Developer/Xcode/DerivedData/FinancialCalculatorKit-ackorybalcxbfocbkqsfdzcfkgmn/Build/Products/Debug/CasePathsCore.swiftmodule/arm64-apple-macos.swiftmodule
/Applications/Xcode.app/Contents/Developer/Toolchains/XcodeDefault.xctoolchain/usr/lib/swift/macosx/prebuilt-modules/26.1/Charts.swiftmodule/arm64e-apple-macos.swiftmodule
/Applications/Xcode.app/Contents/Developer/Platforms/MacOSX.platform/Developer/SDKs/MacOSX26.1.sdk/System/Library/Frameworks/Cocoa.framework/Modules/module.modulemap
/Applications/Xcode.app/Contents/Developer/Platforms/MacOSX.platform/Developer/SDKs/MacOSX26.1.sdk/System/Library/Frameworks/Cocoa.framework/Headers/Cocoa.h
/Applications/Xcode.app/Contents/Developer/Platforms/MacOSX.platform/Developer/SDKs/MacOSX26.1.sdk/System/Library/Frameworks/Foundation.framework/Modules/module.modulemap
/Applications/Xcode.app/Contents/Developer/Platforms/MacOSX.platform/Developer/SDKs/MacOSX26.1.sdk/System/Library/Frameworks/AppKit.framework/Modules/module.modulemap
/Applications/Xcode.app/Contents/Developer/Platforms/MacOSX.platform/Developer/SDKs/MacOSX26.1.sdk/System/Library/Frameworks/CoreData.framework/Modules/module.modulemap
/Applications/Xcode.app/Contents/Developer/Platforms/MacOSX.platform/Developer/SDKs/MacOSX26.1.sdk/SDKSettings.json
/Applications/Xcode.app/Contents/Developer/Platforms/MacOSX.platform/Developer/SDKs/MacOSX26.1.sdk/System/Library/Frameworks/ColorSync.framework/Modules/module.modulemap
/Applications/Xcode.app/Contents/Developer/Platforms/MacOSX.platform/Developer/SDKs/MacOSX26.1.sdk/System/Library/Frameworks/ColorSync.framework/Headers/ColorSync.h
/Applications/Xcode.app/Contents/Developer/Platforms/MacOSX.platform/Developer/SDKs/MacOSX26.1.sdk/System/Library/Frameworks/ColorSync.framework/Headers/ColorSyncBase.h
/Applications/Xcode.app/Contents/Developer/Platforms/MacOSX.platform/Developer/SDKs/MacOSX26.1.sdk/System/Library/Frameworks/CoreFoundation.framework/Modules/module.modulemap
/Applications/Xcode.app/Contents/Developer/Platforms/MacOSX.platform/Developer/SDKs/MacOSX26.1.sdk/usr/include/DarwinFoundation1.modulemap
/Applications/Xcode.app/Contents/Developer/Toolchains/XcodeDefault.xctoolchain/usr/lib/swift/clang/include/module.modulemap
/Applications/Xcode.app/Contents/Developer/Platforms/MacOSX.platform/Developer/SDKs/MacOSX26.1.sdk/System/Library/Frameworks/ColorSync.framework/Headers/ColorSyncProfile.h
/Applications/Xcode.app/Contents/Developer/Platforms/MacOSX.platform/Developer/SDKs/MacOSX26.1.sdk/System/Library/Frameworks/ColorSync.framework/Headers/ColorSyncTransform.h
/Applications/Xcode.app/Contents/Developer/Platforms/MacOSX.platform/Developer/SDKs/MacOSX26.1.sdk/System/Library/Frameworks/ColorSync.framework/Headers/ColorSyncCMM.h
/Applications/Xcode.app/Contents/Developer/Platforms/MacOSX.platform/Developer/SDKs/MacOSX26.1.sdk/System/Library/Frameworks/ColorSync.framework/Headers/ColorSyncDevice.h
/Applications/Xcode.app/Contents/Developer/Platforms/MacOSX.platform/Developer/SDKs/MacOSX26.1.sdk/SDKSettings.json
/Applications/Xcode.app/Contents/Developer/Toolchains/XcodeDefault.xctoolchain/usr/lib/swift/macosx/prebuilt-modules/26.1/Combine.swiftmodule/arm64e-apple-macos.swiftmodule
/Users/rogerlin/Library/Developer/Xcode/DerivedData/FinancialCalculatorKit-ackorybalcxbfocbkqsfdzcfkgmn/Build/Products/Debug/ComplexModule.swiftmodule/arm64-apple-macos.swiftmodule
/Applications/Xcode.app/Contents/Developer/Toolchains/XcodeDefault.xctoolchain/usr/lib/swift/macosx/prebuilt-modules/26.1/CoreData.swiftmodule/arm64e-apple-macos.swiftmodule
/Applications/Xcode.app/Contents/Developer/Platforms/MacOSX.platform/Developer/SDKs/MacOSX26.1.sdk/System/Library/Frameworks/CoreData.framework/Headers/CoreData.apinotes
/Applications/Xcode.app/Contents/Developer/Platforms/MacOSX.platform/Developer/SDKs/MacOSX26.1.sdk/System/Library/Frameworks/CoreData.framework/Modules/module.modulemap
/Applications/Xcode.app/Contents/Developer/Platforms/MacOSX.platform/Developer/SDKs/MacOSX26.1.sdk/System/Library/Frameworks/CoreData.framework/Headers/CoreData.h
/Applications/Xcode.app/Contents/Developer/Platforms/MacOSX.platform/Developer/SDKs/MacOSX26.1.sdk/System/Library/Frameworks/Foundation.framework/Modules/module.modulemap
/Applications/Xcode.app/Contents/Developer/Platforms/MacOSX.platform/Developer/SDKs/MacOSX26.1.sdk/System/Library/Frameworks/CoreData.framework/Headers/CoreDataDefines.h
/Applications/Xcode.app/Contents/Developer/Platforms/MacOSX.platform/Developer/SDKs/MacOSX26.1.sdk/usr/include/DarwinFoundation1.modulemap
/Applications/Xcode.app/Contents/Developer/Platforms/MacOSX.platform/Developer/SDKs/MacOSX26.1.sdk/System/Library/Frameworks/CoreData.framework/Headers/CoreDataErrors.h
/Applications/Xcode.app/Contents/Developer/Platforms/MacOSX.platform/Developer/SDKs/MacOSX26.1.sdk/System/Library/Frameworks/CoreData.framework/Headers/NSAttributeDescription.h
/Applications/Xcode.app/Contents/Developer/Platforms/MacOSX.platform/Developer/SDKs/MacOSX26.1.sdk/System/Library/Frameworks/CoreData.framework/Headers/NSPropertyDescription.h
/Applications/Xcode.app/Contents/Developer/Platforms/MacOSX.platform/Developer/SDKs/MacOSX26.1.sdk/System/Library/Frameworks/CoreData.framework/Headers/NSDerivedAttributeDescription.h
/Applications/Xcode.app/Contents/Developer/Platforms/MacOSX.platform/Developer/SDKs/MacOSX26.1.sdk/System/Library/Frameworks/CoreData.framework/Headers/NSCompositeAttributeDescription.h
/Applications/Xcode.app/Contents/Developer/Platforms/MacOSX.platform/Developer/SDKs/MacOSX26.1.sdk/System/Library/Frameworks/CoreData.framework/Headers/NSEntityDescription.h
/Applications/Xcode.app/Contents/Developer/Platforms/MacOSX.platform/Developer/SDKs/MacOSX26.1.sdk/System/Library/Frameworks/CoreData.framework/Headers/NSFetchedPropertyDescription.h
/Applications/Xcode.app/Contents/Developer/Platforms/MacOSX.platform/Developer/SDKs/MacOSX26.1.sdk/System/Library/Frameworks/CoreData.framework/Headers/NSExpressionDescription.h
/Applications/Xcode.app/Contents/Developer/Platforms/MacOSX.platform/Developer/SDKs/MacOSX26.1.sdk/System/Library/Frameworks/CoreData.framework/Headers/NSRelationshipDescription.h
/Applications/Xcode.app/Contents/Developer/Platforms/MacOSX.platform/Developer/SDKs/MacOSX26.1.sdk/System/Library/Frameworks/CoreData.framework/Headers/NSFetchIndexDescription.h
/Applications/Xcode.app/Contents/Developer/Platforms/MacOSX.platform/Developer/SDKs/MacOSX26.1.sdk/System/Library/Frameworks/CoreData.framework/Headers/NSFetchIndexElementDescription.h
/Applications/Xcode.app/Contents/Developer/Platforms/MacOSX.platform/Developer/SDKs/MacOSX26.1.sdk/System/Library/Frameworks/CoreData.framework/Headers/NSFetchRequest.h
/Applications/Xcode.app/Contents/Developer/Platforms/MacOSX.platform/Developer/SDKs/MacOSX26.1.sdk/System/Library/Frameworks/CoreData.framework/Headers/NSPersistentStoreRequest.h
/Applications/Xcode.app/Contents/Developer/Platforms/MacOSX.platform/Developer/SDKs/MacOSX26.1.sdk/System/Library/Frameworks/CoreData.framework/Headers/NSManagedObject.h
/Applications/Xcode.app/Contents/Developer/Platforms/MacOSX.platform/Developer/SDKs/MacOSX26.1.sdk/System/Library/Frameworks/CoreData.framework/Headers/NSManagedObjectID.h
/Applications/Xcode.app/Contents/Developer/Platforms/MacOSX.platform/Developer/SDKs/MacOSX26.1.sdk/System/Library/Frameworks/CoreData.framework/Headers/NSFetchRequestExpression.h
/Applications/Xcode.app/Contents/Developer/Platforms/MacOSX.platform/Developer/SDKs/MacOSX26.1.sdk/System/Library/Frameworks/CoreData.framework/Headers/NSManagedObjectModel.h
/Applications/Xcode.app/Contents/Developer/Platforms/MacOSX.platform/Developer/SDKs/MacOSX26.1.sdk/System/Library/Frameworks/CoreData.framework/Headers/NSManagedObjectContext.h
/Applications/Xcode.app/Contents/Developer/Platforms/MacOSX.platform/Developer/SDKs/MacOSX26.1.sdk/System/Library/Frameworks/CoreData.framework/Headers/NSPersistentStoreCoordinator.h
/Applications/Xcode.app/Contents/Developer/Platforms/MacOSX.platform/Developer/SDKs/MacOSX26.1.sdk/System/Library/Frameworks/CoreData.framework/Headers/NSPersistentStore.h
/Applications/Xcode.app/Contents/Developer/Platforms/MacOSX.platform/Developer/SDKs/MacOSX26.1.sdk/System/Library/Frameworks/CoreData.framework/Headers/NSAtomicStore.h
/Applications/Xcode.app/Contents/Developer/Platforms/MacOSX.platform/Developer/SDKs/MacOSX26.1.sdk/System/Library/Frameworks/CoreData.framework/Headers/NSAtomicStoreCacheNode.h
/Applications/Xcode.app/Contents/Developer/Platforms/MacOSX.platform/Developer/SDKs/MacOSX26.1.sdk/System/Library/Frameworks/CoreData.framework/Headers/NSEntityMigrationPolicy.h
/Applications/Xcode.app/Contents/Developer/Platforms/MacOSX.platform/Developer/SDKs/MacOSX26.1.sdk/System/Library/Frameworks/CoreData.framework/Headers/NSMappingModel.h
/Applications/Xcode.app/Contents/Developer/Platforms/MacOSX.platform/Developer/SDKs/MacOSX26.1.sdk/System/Library/Frameworks/CoreData.framework/Headers/NSEntityMapping.h
/Applications/Xcode.app/Contents/Developer/Platforms/MacOSX.platform/Developer/SDKs/MacOSX26.1.sdk/System/Library/Frameworks/CoreData.framework/Headers/NSPropertyMapping.h
/Applications/Xcode.app/Contents/Developer/Platforms/MacOSX.platform/Developer/SDKs/MacOSX26.1.sdk/System/Library/Frameworks/CoreData.framework/Headers/NSMigrationManager.h
/Applications/Xcode.app/Contents/Developer/Platforms/MacOSX.platform/Developer/SDKs/MacOSX26.1.sdk/System/Library/Frameworks/CoreData.framework/Headers/NSIncrementalStore.h
/Applications/Xcode.app/Contents/Developer/Platforms/MacOSX.platform/Developer/SDKs/MacOSX26.1.sdk/System/Library/Frameworks/CoreData.framework/Headers/NSIncrementalStoreNode.h
/Applications/Xcode.app/Contents/Developer/Platforms/MacOSX.platform/Developer/SDKs/MacOSX26.1.sdk/System/Library/Frameworks/CoreData.framework/Headers/NSPersistentStoreResult.h
/Applications/Xcode.app/Contents/Developer/Platforms/MacOSX.platform/Developer/SDKs/MacOSX26.1.sdk/System/Library/Frameworks/CoreData.framework/Headers/NSSaveChangesRequest.h
/Applications/Xcode.app/Contents/Developer/Platforms/MacOSX.platform/Developer/SDKs/MacOSX26.1.sdk/System/Library/Frameworks/CoreData.framework/Headers/NSBatchUpdateRequest.h
/Applications/Xcode.app/Contents/Developer/Platforms/MacOSX.platform/Developer/SDKs/MacOSX26.1.sdk/System/Library/Frameworks/CoreData.framework/Headers/NSBatchDeleteRequest.h
/Applications/Xcode.app/Contents/Developer/Platforms/MacOSX.platform/Developer/SDKs/MacOSX26.1.sdk/System/Library/Frameworks/CoreData.framework/Headers/NSBatchInsertRequest.h
/Applications/Xcode.app/Contents/Developer/Platforms/MacOSX.platform/Developer/SDKs/MacOSX26.1.sdk/System/Library/Frameworks/CoreData.framework/Headers/NSMergePolicy.h
/Applications/Xcode.app/Contents/Developer/Platforms/MacOSX.platform/Developer/SDKs/MacOSX26.1.sdk/System/Library/Frameworks/CoreData.framework/Headers/NSFetchedResultsController.h
/Applications/Xcode.app/Contents/Developer/Platforms/MacOSX.platform/Developer/SDKs/MacOSX26.1.sdk/System/Library/Frameworks/CoreData.framework/Headers/NSQueryGenerationToken.h
/Applications/Xcode.app/Contents/Developer/Platforms/MacOSX.platform/Developer/SDKs/MacOSX26.1.sdk/System/Library/Frameworks/CoreData.framework/Headers/NSPersistentStoreDescription.h
/Applications/Xcode.app/Contents/Developer/Platforms/MacOSX.platform/Developer/SDKs/MacOSX26.1.sdk/System/Library/Frameworks/CoreData.framework/Headers/NSPersistentContainer.h
/Applications/Xcode.app/Contents/Developer/Platforms/MacOSX.platform/Developer/SDKs/MacOSX26.1.sdk/System/Library/Frameworks/CoreData.framework/Headers/NSPersistentHistoryChange.h
/Applications/Xcode.app/Contents/Developer/Platforms/MacOSX.platform/Developer/SDKs/MacOSX26.1.sdk/System/Library/Frameworks/CoreData.framework/Headers/NSPersistentHistoryChangeRequest.h
/Applications/Xcode.app/Contents/Developer/Platforms/MacOSX.platform/Developer/SDKs/MacOSX26.1.sdk/System/Library/Frameworks/CoreData.framework/Headers/NSPersistentHistoryToken.h
/Applications/Xcode.app/Contents/Developer/Platforms/MacOSX.platform/Developer/SDKs/MacOSX26.1.sdk/System/Library/Frameworks/CoreData.framework/Headers/NSPersistentHistoryTransaction.h
/Applications/Xcode.app/Contents/Developer/Platforms/MacOSX.platform/Developer/SDKs/MacOSX26.1.sdk/System/Library/Frameworks/CoreData.framework/Headers/NSPersistentCloudKitContainer.h
/Applications/Xcode.app/Contents/Developer/Platforms/MacOSX.platform/Developer/SDKs/MacOSX26.1.sdk/System/Library/Frameworks/CoreData.framework/Headers/NSPersistentCloudKitContainerOptions.h
/Applications/Xcode.app/Contents/Developer/Platforms/MacOSX.platform/Developer/SDKs/MacOSX26.1.sdk/System/Library/Frameworks/CoreData.framework/Headers/NSPersistentCloudKitContainerEvent.h
/Applications/Xcode.app/Contents/Developer/Platforms/MacOSX.platform/Developer/SDKs/MacOSX26.1.sdk/System/Library/Frameworks/CoreData.framework/Headers/NSPersistentCloudKitContainerEventRequest.h
/Applications/Xcode.app/Contents/Developer/Platforms/MacOSX.platform/Developer/SDKs/MacOSX26.1.sdk/System/Library/Frameworks/CoreData.framework/Headers/NSStagedMigrationManager.h
/Applications/Xcode.app/Contents/Developer/Platforms/MacOSX.platform/Developer/SDKs/MacOSX26.1.sdk/System/Library/Frameworks/CoreData.framework/Headers/NSMigrationStage.h
/Applications/Xcode.app/Contents/Developer/Platforms/MacOSX.platform/Developer/SDKs/MacOSX26.1.sdk/System/Library/Frameworks/CoreData.framework/Headers/NSCustomMigrationStage.h
/Applications/Xcode.app/Contents/Developer/Platforms/MacOSX.platform/Developer/SDKs/MacOSX26.1.sdk/System/Library/Frameworks/CoreData.framework/Headers/NSLightweightMigrationStage.h
/Applications/Xcode.app/Contents/Developer/Platforms/MacOSX.platform/Developer/SDKs/MacOSX26.1.sdk/System/Library/Frameworks/CoreData.framework/Headers/NSManagedObjectModelReference.h
/Applications/Xcode.app/Contents/Developer/Platforms/MacOSX.platform/Developer/SDKs/MacOSX26.1.sdk/System/Library/Frameworks/CoreData.framework/Headers/NSCoreDataCoreSpotlightDelegate.h
/Applications/Xcode.app/Contents/Developer/Platforms/MacOSX.platform/Developer/SDKs/MacOSX26.1.sdk/System/Library/Frameworks/CoreData.framework/Headers/CoreData_CloudKit.h
/Applications/Xcode.app/Contents/Developer/Platforms/MacOSX.platform/Developer/SDKs/MacOSX26.1.sdk/System/Library/Frameworks/CoreData.framework/Headers/NSPersistentCloudKitContainer_Sharing.h
/Applications/Xcode.app/Contents/Developer/Platforms/MacOSX.platform/Developer/SDKs/MacOSX26.1.sdk/System/Library/Frameworks/CoreData.framework/Headers/NSPersistentCloudKitContainer_SwiftOverlay.h
/Applications/Xcode.app/Contents/Developer/Platforms/MacOSX.platform/Developer/SDKs/MacOSX26.1.sdk/SDKSettings.json
/Applications/Xcode.app/Contents/Developer/Toolchains/XcodeDefault.xctoolchain/usr/lib/swift/macosx/prebuilt-modules/26.1/CoreFoundation.swiftmodule/arm64e-apple-macos.swiftmodule
/Applications/Xcode.app/Contents/Developer/Platforms/MacOSX.platform/Developer/SDKs/MacOSX26.1.sdk/System/Library/Frameworks/CoreFoundation.framework/Modules/module.modulemap
/Applications/Xcode.app/Contents/Developer/Platforms/MacOSX.platform/Developer/SDKs/MacOSX26.1.sdk/System/Library/Frameworks/CoreFoundation.framework/Headers/CoreFoundation.h
/Applications/Xcode.app/Contents/Developer/Platforms/MacOSX.platform/Developer/SDKs/MacOSX26.1.sdk/usr/include/dispatch.modulemap
/Applications/Xcode.app/Contents/Developer/Platforms/MacOSX.platform/Developer/SDKs/MacOSX26.1.sdk/usr/include/Darwin.modulemap
/Applications/Xcode.app/Contents/Developer/Platforms/MacOSX.platform/Developer/SDKs/MacOSX26.1.sdk/usr/include/Darwin_C.modulemap
/Applications/Xcode.app/Contents/Developer/Platforms/MacOSX.platform/Developer/SDKs/MacOSX26.1.sdk/usr/include/Darwin_POSIX.modulemap
/Applications/Xcode.app/Contents/Developer/Platforms/MacOSX.platform/Developer/SDKs/MacOSX26.1.sdk/usr/include/net.modulemap
/Applications/Xcode.app/Contents/Developer/Platforms/MacOSX.platform/Developer/SDKs/MacOSX26.1.sdk/usr/include/netinet.modulemap
/Applications/Xcode.app/Contents/Developer/Platforms/MacOSX.platform/Developer/SDKs/MacOSX26.1.sdk/usr/include/bank.modulemap
/Applications/Xcode.app/Contents/Developer/Platforms/MacOSX.platform/Developer/SDKs/MacOSX26.1.sdk/usr/include/Darwin_Mach.modulemap
/Applications/Xcode.app/Contents/Developer/Platforms/MacOSX.platform/Developer/SDKs/MacOSX26.1.sdk/usr/include/Darwin_Mach_machine.modulemap
/Applications/Xcode.app/Contents/Developer/Platforms/MacOSX.platform/Developer/SDKs/MacOSX26.1.sdk/usr/include/mach_debug.modulemap
/Applications/Xcode.app/Contents/Developer/Platforms/MacOSX.platform/Developer/SDKs/MacOSX26.1.sdk/usr/include/device.modulemap
/Applications/Xcode.app/Contents/Developer/Platforms/MacOSX.platform/Developer/SDKs/MacOSX26.1.sdk/usr/include/Darwin_machine.modulemap
/Applications/Xcode.app/Contents/Developer/Platforms/MacOSX.platform/Developer/SDKs/MacOSX26.1.sdk/usr/include/ncurses.modulemap
/Applications/Xcode.app/Contents/Developer/Platforms/MacOSX.platform/Developer/SDKs/MacOSX26.1.sdk/usr/include/netinet6.modulemap
/Applications/Xcode.app/Contents/Developer/Platforms/MacOSX.platform/Developer/SDKs/MacOSX26.1.sdk/usr/include/Darwin_sys.modulemap
/Applications/Xcode.app/Contents/Developer/Platforms/MacOSX.platform/Developer/SDKs/MacOSX26.1.sdk/usr/include/uuid.modulemap
/Applications/Xcode.app/Contents/Developer/Platforms/MacOSX.platform/Developer/SDKs/MacOSX26.1.sdk/usr/include/DarwinFoundation2.modulemap
/Applications/Xcode.app/Contents/Developer/Platforms/MacOSX.platform/Developer/SDKs/MacOSX26.1.sdk/usr/include/DarwinFoundation3.modulemap
/Applications/Xcode.app/Contents/Developer/Platforms/MacOSX.platform/Developer/SDKs/MacOSX26.1.sdk/usr/include/DarwinFoundation1.modulemap
/Applications/Xcode.app/Contents/Developer/Toolchains/XcodeDefault.xctoolchain/usr/lib/swift/clang/include/module.modulemap
/Applications/Xcode.app/Contents/Developer/Toolchains/XcodeDefault.xctoolchain/usr/lib/swift/clang/include/stdarg.h
/Applications/Xcode.app/Contents/Developer/Platforms/MacOSX.platform/Developer/SDKs/MacOSX26.1.sdk/usr/include/assert.h
/Applications/Xcode.app/Contents/Developer/Platforms/MacOSX.platform/Developer/SDKs/MacOSX26.1.sdk/usr/include/ctype.h
/Applications/Xcode.app/Contents/Developer/Toolchains/XcodeDefault.xctoolchain/usr/lib/swift/clang/include/stddef.h
/Applications/Xcode.app/Contents/Developer/Platforms/MacOSX.platform/Developer/SDKs/MacOSX26.1.sdk/usr/include/stdio.h
/Applications/Xcode.app/Contents/Developer/Platforms/MacOSX.platform/Developer/SDKs/MacOSX26.1.sdk/usr/include/stdlib.h
/Applications/Xcode.app/Contents/Developer/Platforms/MacOSX.platform/Developer/SDKs/MacOSX26.1.sdk/usr/include/string.h
/Applications/Xcode.app/Contents/Developer/Platforms/MacOSX.platform/Developer/SDKs/MacOSX26.1.sdk/usr/include/time.h
/Applications/Xcode.app/Contents/Developer/Platforms/MacOSX.platform/Developer/SDKs/MacOSX26.1.sdk/System/Library/Frameworks/CoreFoundation.framework/Headers/CFBase.h
/Applications/Xcode.app/Contents/Developer/Platforms/MacOSX.platform/Developer/SDKs/MacOSX26.1.sdk/System/Library/Frameworks/CoreFoundation.framework/Headers/CFAvailability.h
/Applications/Xcode.app/Contents/Developer/Platforms/MacOSX.platform/Developer/SDKs/MacOSX26.1.sdk/System/Library/Frameworks/CoreFoundation.framework/Headers/CFArray.h
/Applications/Xcode.app/Contents/Developer/Platforms/MacOSX.platform/Developer/SDKs/MacOSX26.1.sdk/System/Library/Frameworks/CoreFoundation.framework/Headers/CFBag.h
/Applications/Xcode.app/Contents/Developer/Platforms/MacOSX.platform/Developer/SDKs/MacOSX26.1.sdk/System/Library/Frameworks/CoreFoundation.framework/Headers/CFBinaryHeap.h
/Applications/Xcode.app/Contents/Developer/Platforms/MacOSX.platform/Developer/SDKs/MacOSX26.1.sdk/System/Library/Frameworks/CoreFoundation.framework/Headers/CFBitVector.h
/Applications/Xcode.app/Contents/Developer/Platforms/MacOSX.platform/Developer/SDKs/MacOSX26.1.sdk/System/Library/Frameworks/CoreFoundation.framework/Headers/CFByteOrder.h
/Applications/Xcode.app/Contents/Developer/Platforms/MacOSX.platform/Developer/SDKs/MacOSX26.1.sdk/System/Library/Frameworks/CoreFoundation.framework/Headers/CFCalendar.h
/Applications/Xcode.app/Contents/Developer/Platforms/MacOSX.platform/Developer/SDKs/MacOSX26.1.sdk/System/Library/Frameworks/CoreFoundation.framework/Headers/CFLocale.h
/Applications/Xcode.app/Contents/Developer/Platforms/MacOSX.platform/Developer/SDKs/MacOSX26.1.sdk/System/Library/Frameworks/CoreFoundation.framework/Headers/CFDictionary.h
/Applications/Xcode.app/Contents/Developer/Platforms/MacOSX.platform/Developer/SDKs/MacOSX26.1.sdk/System/Library/Frameworks/CoreFoundation.framework/Headers/CFNotificationCenter.h
/Applications/Xcode.app/Contents/Developer/Platforms/MacOSX.platform/Developer/SDKs/MacOSX26.1.sdk/System/Library/Frameworks/CoreFoundation.framework/Headers/CFDate.h
/Applications/Xcode.app/Contents/Developer/Platforms/MacOSX.platform/Developer/SDKs/MacOSX26.1.sdk/System/Library/Frameworks/CoreFoundation.framework/Headers/CFTimeZone.h
/Applications/Xcode.app/Contents/Developer/Platforms/MacOSX.platform/Developer/SDKs/MacOSX26.1.sdk/System/Library/Frameworks/CoreFoundation.framework/Headers/CFData.h
/Applications/Xcode.app/Contents/Developer/Platforms/MacOSX.platform/Developer/SDKs/MacOSX26.1.sdk/System/Library/Frameworks/CoreFoundation.framework/Headers/CFString.h
/Applications/Xcode.app/Contents/Developer/Platforms/MacOSX.platform/Developer/SDKs/MacOSX26.1.sdk/System/Library/Frameworks/CoreFoundation.framework/Headers/CFCharacterSet.h
/Applications/Xcode.app/Contents/Developer/Platforms/MacOSX.platform/Developer/SDKs/MacOSX26.1.sdk/System/Library/Frameworks/CoreFoundation.framework/Headers/CFError.h
/Applications/Xcode.app/Contents/Developer/Platforms/MacOSX.platform/Developer/SDKs/MacOSX26.1.sdk/System/Library/Frameworks/CoreFoundation.framework/Headers/CFCGTypes.h
/Applications/Xcode.app/Contents/Developer/Platforms/MacOSX.platform/Developer/SDKs/MacOSX26.1.sdk/System/Library/Frameworks/CoreFoundation.framework/Headers/CFDateFormatter.h
/Applications/Xcode.app/Contents/Developer/Platforms/MacOSX.platform/Developer/SDKs/MacOSX26.1.sdk/System/Library/Frameworks/CoreFoundation.framework/Headers/CFNumber.h
/Applications/Xcode.app/Contents/Developer/Platforms/MacOSX.platform/Developer/SDKs/MacOSX26.1.sdk/System/Library/Frameworks/CoreFoundation.framework/Headers/CFNumberFormatter.h
/Applications/Xcode.app/Contents/Developer/Platforms/MacOSX.platform/Developer/SDKs/MacOSX26.1.sdk/System/Library/Frameworks/CoreFoundation.framework/Headers/CFPreferences.h
/Applications/Xcode.app/Contents/Developer/Platforms/MacOSX.platform/Developer/SDKs/MacOSX26.1.sdk/System/Library/Frameworks/CoreFoundation.framework/Headers/CFPropertyList.h
/Applications/Xcode.app/Contents/Developer/Platforms/MacOSX.platform/Developer/SDKs/MacOSX26.1.sdk/System/Library/Frameworks/CoreFoundation.framework/Headers/CFStream.h
/Applications/Xcode.app/Contents/Developer/Platforms/MacOSX.platform/Developer/SDKs/MacOSX26.1.sdk/System/Library/Frameworks/CoreFoundation.framework/Headers/CFURL.h
/Applications/Xcode.app/Contents/Developer/Platforms/MacOSX.platform/Developer/SDKs/MacOSX26.1.sdk/System/Library/Frameworks/CoreFoundation.framework/Headers/CFRunLoop.h
/Applications/Xcode.app/Contents/Developer/Platforms/MacOSX.platform/Developer/SDKs/MacOSX26.1.sdk/System/Library/Frameworks/CoreFoundation.framework/Headers/CFSocket.h
/Applications/Xcode.app/Contents/Developer/Platforms/MacOSX.platform/Developer/SDKs/MacOSX26.1.sdk/System/Library/Frameworks/CoreFoundation.framework/Headers/CFSet.h
/Applications/Xcode.app/Contents/Developer/Platforms/MacOSX.platform/Developer/SDKs/MacOSX26.1.sdk/System/Library/Frameworks/CoreFoundation.framework/Headers/CFStringEncodingExt.h
/Applications/Xcode.app/Contents/Developer/Platforms/MacOSX.platform/Developer/SDKs/MacOSX26.1.sdk/System/Library/Frameworks/CoreFoundation.framework/Headers/CFTree.h
/Applications/Xcode.app/Contents/Developer/Platforms/MacOSX.platform/Developer/SDKs/MacOSX26.1.sdk/System/Library/Frameworks/CoreFoundation.framework/Headers/CFURLAccess.h
/Applications/Xcode.app/Contents/Developer/Platforms/MacOSX.platform/Developer/SDKs/MacOSX26.1.sdk/System/Library/Frameworks/CoreFoundation.framework/Headers/CFUUID.h
/Applications/Xcode.app/Contents/Developer/Platforms/MacOSX.platform/Developer/SDKs/MacOSX26.1.sdk/System/Library/Frameworks/CoreFoundation.framework/Headers/CFUtilities.h
/Applications/Xcode.app/Contents/Developer/Platforms/MacOSX.platform/Developer/SDKs/MacOSX26.1.sdk/System/Library/Frameworks/CoreFoundation.framework/Headers/CFBundle.h
/Applications/Xcode.app/Contents/Developer/Platforms/MacOSX.platform/Developer/SDKs/MacOSX26.1.sdk/System/Library/Frameworks/CoreFoundation.framework/Headers/CFMessagePort.h
/Applications/Xcode.app/Contents/Developer/Platforms/MacOSX.platform/Developer/SDKs/MacOSX26.1.sdk/System/Library/Frameworks/CoreFoundation.framework/Headers/CFPlugIn.h
/Applications/Xcode.app/Contents/Developer/Platforms/MacOSX.platform/Developer/SDKs/MacOSX26.1.sdk/System/Library/Frameworks/CoreFoundation.framework/Headers/CFMachPort.h
/Applications/Xcode.app/Contents/Developer/Platforms/MacOSX.platform/Developer/SDKs/MacOSX26.1.sdk/System/Library/Frameworks/CoreFoundation.framework/Headers/CFAttributedString.h
/Applications/Xcode.app/Contents/Developer/Platforms/MacOSX.platform/Developer/SDKs/MacOSX26.1.sdk/System/Library/Frameworks/CoreFoundation.framework/Headers/CFURLEnumerator.h
/Applications/Xcode.app/Contents/Developer/Platforms/MacOSX.platform/Developer/SDKs/MacOSX26.1.sdk/System/Library/Frameworks/CoreFoundation.framework/Headers/CFFileSecurity.h
/Applications/Xcode.app/Contents/Developer/Platforms/MacOSX.platform/Developer/SDKs/MacOSX26.1.sdk/System/Library/Frameworks/CoreFoundation.framework/Headers/CFStringTokenizer.h
/Applications/Xcode.app/Contents/Developer/Platforms/MacOSX.platform/Developer/SDKs/MacOSX26.1.sdk/System/Library/Frameworks/CoreFoundation.framework/Headers/CFFileDescriptor.h
/Applications/Xcode.app/Contents/Developer/Platforms/MacOSX.platform/Developer/SDKs/MacOSX26.1.sdk/System/Library/Frameworks/CoreFoundation.framework/Headers/CFUserNotification.h
/Applications/Xcode.app/Contents/Developer/Platforms/MacOSX.platform/Developer/SDKs/MacOSX26.1.sdk/System/Library/Frameworks/CoreFoundation.framework/Headers/CFXMLNode.h
/Applications/Xcode.app/Contents/Developer/Platforms/MacOSX.platform/Developer/SDKs/MacOSX26.1.sdk/System/Library/Frameworks/CoreFoundation.framework/Headers/CFXMLParser.h
/Applications/Xcode.app/Contents/Developer/Platforms/MacOSX.platform/Developer/SDKs/MacOSX26.1.sdk/System/Library/Frameworks/CoreFoundation.framework/Headers/CFPlugInCOM.h
/Applications/Xcode.app/Contents/Developer/Platforms/MacOSX.platform/Developer/SDKs/MacOSX26.1.sdk/SDKSettings.json
/Applications/Xcode.app/Contents/Developer/Toolchains/XcodeDefault.xctoolchain/usr/lib/swift/macosx/prebuilt-modules/26.1/CoreGraphics.swiftmodule/arm64e-apple-macos.swiftmodule
/Applications/Xcode.app/Contents/Developer/Platforms/MacOSX.platform/Developer/SDKs/MacOSX26.1.sdk/System/Library/Frameworks/CoreGraphics.framework/Headers/CoreGraphics.apinotes
/Applications/Xcode.app/Contents/Developer/Platforms/MacOSX.platform/Developer/SDKs/MacOSX26.1.sdk/System/Library/Frameworks/CoreGraphics.framework/Modules/module.modulemap
/Applications/Xcode.app/Contents/Developer/Platforms/MacOSX.platform/Developer/SDKs/MacOSX26.1.sdk/System/Library/Frameworks/CoreGraphics.framework/Headers/CoreGraphics.h
/Applications/Xcode.app/Contents/Developer/Platforms/MacOSX.platform/Developer/SDKs/MacOSX26.1.sdk/System/Library/Frameworks/CoreGraphics.framework/Headers/CGBase.h
/Applications/Xcode.app/Contents/Developer/Toolchains/XcodeDefault.xctoolchain/usr/lib/swift/clang/include/module.modulemap
/Applications/Xcode.app/Contents/Developer/Toolchains/XcodeDefault.xctoolchain/usr/lib/swift/clang/include/stddef.h
/Applications/Xcode.app/Contents/Developer/Platforms/MacOSX.platform/Developer/SDKs/MacOSX26.1.sdk/usr/include/dispatch.modulemap
/Applications/Xcode.app/Contents/Developer/Platforms/MacOSX.platform/Developer/SDKs/MacOSX26.1.sdk/usr/include/Darwin.modulemap
/Applications/Xcode.app/Contents/Developer/Platforms/MacOSX.platform/Developer/SDKs/MacOSX26.1.sdk/usr/include/Darwin_C.modulemap
/Applications/Xcode.app/Contents/Developer/Platforms/MacOSX.platform/Developer/SDKs/MacOSX26.1.sdk/usr/include/Darwin_POSIX.modulemap
/Applications/Xcode.app/Contents/Developer/Platforms/MacOSX.platform/Developer/SDKs/MacOSX26.1.sdk/usr/include/net.modulemap
/Applications/Xcode.app/Contents/Developer/Platforms/MacOSX.platform/Developer/SDKs/MacOSX26.1.sdk/usr/include/netinet.modulemap
/Applications/Xcode.app/Contents/Developer/Platforms/MacOSX.platform/Developer/SDKs/MacOSX26.1.sdk/usr/include/bank.modulemap
/Applications/Xcode.app/Contents/Developer/Platforms/MacOSX.platform/Developer/SDKs/MacOSX26.1.sdk/usr/include/Darwin_Mach.modulemap
/Applications/Xcode.app/Contents/Developer/Platforms/MacOSX.platform/Developer/SDKs/MacOSX26.1.sdk/usr/include/Darwin_Mach_machine.modulemap
/Applications/Xcode.app/Contents/Developer/Platforms/MacOSX.platform/Developer/SDKs/MacOSX26.1.sdk/usr/include/mach_debug.modulemap
/Applications/Xcode.app/Contents/Developer/Platforms/MacOSX.platform/Developer/SDKs/MacOSX26.1.sdk/usr/include/device.modulemap
/Applications/Xcode.app/Contents/Developer/Platforms/MacOSX.platform/Developer/SDKs/MacOSX26.1.sdk/usr/include/Darwin_machine.modulemap
/Applications/Xcode.app/Contents/Developer/Platforms/MacOSX.platform/Developer/SDKs/MacOSX26.1.sdk/usr/include/ncurses.modulemap
/Applications/Xcode.app/Contents/Developer/Platforms/MacOSX.platform/Developer/SDKs/MacOSX26.1.sdk/usr/include/netinet6.modulemap
/Applications/Xcode.app/Contents/Developer/Platforms/MacOSX.platform/Developer/SDKs/MacOSX26.1.sdk/usr/include/Darwin_sys.modulemap
/Applications/Xcode.app/Contents/Developer/Platforms/MacOSX.platform/Developer/SDKs/MacOSX26.1.sdk/usr/include/uuid.modulemap
/Applications/Xcode.app/Contents/Developer/Platforms/MacOSX.platform/Developer/SDKs/MacOSX26.1.sdk/usr/include/DarwinFoundation2.modulemap
/Applications/Xcode.app/Contents/Developer/Platforms/MacOSX.platform/Developer/SDKs/MacOSX26.1.sdk/usr/include/DarwinFoundation1.modulemap
/Applications/Xcode.app/Contents/Developer/Platforms/MacOSX.platform/Developer/SDKs/MacOSX26.1.sdk/System/Library/Frameworks/CoreFoundation.framework/Modules/module.modulemap
/Applications/Xcode.app/Contents/Developer/Platforms/MacOSX.platform/Developer/SDKs/MacOSX26.1.sdk/System/Library/Frameworks/CoreGraphics.framework/Headers/CGAffineTransform.h
/Applications/Xcode.app/Contents/Developer/Platforms/MacOSX.platform/Developer/SDKs/MacOSX26.1.sdk/System/Library/Frameworks/CoreGraphics.framework/Headers/CGGeometry.h
/Applications/Xcode.app/Contents/Developer/Platforms/MacOSX.platform/Developer/SDKs/MacOSX26.1.sdk/System/Library/Frameworks/CoreGraphics.framework/Headers/CGBitmapContext.h
/Applications/Xcode.app/Contents/Developer/Platforms/MacOSX.platform/Developer/SDKs/MacOSX26.1.sdk/System/Library/Frameworks/CoreGraphics.framework/Headers/CGContext.h
/Applications/Xcode.app/Contents/Developer/Platforms/MacOSX.platform/Developer/SDKs/MacOSX26.1.sdk/System/Library/Frameworks/CoreGraphics.framework/Headers/CGColor.h
/Applications/Xcode.app/Contents/Developer/Platforms/MacOSX.platform/Developer/SDKs/MacOSX26.1.sdk/System/Library/Frameworks/CoreGraphics.framework/Headers/CGColorSpace.h
/Applications/Xcode.app/Contents/Developer/Platforms/MacOSX.platform/Developer/SDKs/MacOSX26.1.sdk/System/Library/Frameworks/CoreGraphics.framework/Headers/CGDataProvider.h
/Applications/Xcode.app/Contents/Developer/Platforms/MacOSX.platform/Developer/SDKs/MacOSX26.1.sdk/System/Library/Frameworks/CoreGraphics.framework/Headers/CGPattern.h
/Applications/Xcode.app/Contents/Developer/Platforms/MacOSX.platform/Developer/SDKs/MacOSX26.1.sdk/System/Library/Frameworks/CoreGraphics.framework/Headers/CGFont.h
/Applications/Xcode.app/Contents/Developer/Platforms/MacOSX.platform/Developer/SDKs/MacOSX26.1.sdk/System/Library/Frameworks/CoreGraphics.framework/Headers/CGGradient.h
/Applications/Xcode.app/Contents/Developer/Platforms/MacOSX.platform/Developer/SDKs/MacOSX26.1.sdk/System/Library/Frameworks/CoreGraphics.framework/Headers/CGImage.h
/Applications/Xcode.app/Contents/Developer/Platforms/MacOSX.platform/Developer/SDKs/MacOSX26.1.sdk/System/Library/Frameworks/CoreGraphics.framework/Headers/CGPath.h
/Applications/Xcode.app/Contents/Developer/Platforms/MacOSX.platform/Developer/SDKs/MacOSX26.1.sdk/System/Library/Frameworks/CoreGraphics.framework/Headers/CGPDFDocument.h
/Applications/Xcode.app/Contents/Developer/Platforms/MacOSX.platform/Developer/SDKs/MacOSX26.1.sdk/System/Library/Frameworks/CoreGraphics.framework/Headers/CGPDFPage.h
/Applications/Xcode.app/Contents/Developer/Platforms/MacOSX.platform/Developer/SDKs/MacOSX26.1.sdk/System/Library/Frameworks/CoreGraphics.framework/Headers/CGPDFDictionary.h
/Applications/Xcode.app/Contents/Developer/Platforms/MacOSX.platform/Developer/SDKs/MacOSX26.1.sdk/System/Library/Frameworks/CoreGraphics.framework/Headers/CGPDFArray.h
/Applications/Xcode.app/Contents/Developer/Platforms/MacOSX.platform/Developer/SDKs/MacOSX26.1.sdk/System/Library/Frameworks/CoreGraphics.framework/Headers/CGPDFObject.h
/Applications/Xcode.app/Contents/Developer/Platforms/MacOSX.platform/Developer/SDKs/MacOSX26.1.sdk/System/Library/Frameworks/CoreGraphics.framework/Headers/CGPDFStream.h
/Applications/Xcode.app/Contents/Developer/Platforms/MacOSX.platform/Developer/SDKs/MacOSX26.1.sdk/System/Library/Frameworks/CoreGraphics.framework/Headers/CGPDFString.h
/Applications/Xcode.app/Contents/Developer/Platforms/MacOSX.platform/Developer/SDKs/MacOSX26.1.sdk/System/Library/Frameworks/CoreGraphics.framework/Headers/CGShading.h
/Applications/Xcode.app/Contents/Developer/Platforms/MacOSX.platform/Developer/SDKs/MacOSX26.1.sdk/System/Library/Frameworks/CoreGraphics.framework/Headers/CGFunction.h
/Applications/Xcode.app/Contents/Developer/Platforms/MacOSX.platform/Developer/SDKs/MacOSX26.1.sdk/System/Library/Frameworks/CoreGraphics.framework/Headers/CGToneMapping.h
/Applications/Xcode.app/Contents/Developer/Platforms/MacOSX.platform/Developer/SDKs/MacOSX26.1.sdk/System/Library/Frameworks/CoreGraphics.framework/Headers/CGEXRToneMappingGamma.h
/Applications/Xcode.app/Contents/Developer/Platforms/MacOSX.platform/Developer/SDKs/MacOSX26.1.sdk/System/Library/Frameworks/CoreGraphics.framework/Headers/CGITUToneMapping.h
/Applications/Xcode.app/Contents/Developer/Platforms/MacOSX.platform/Developer/SDKs/MacOSX26.1.sdk/System/Library/Frameworks/CoreGraphics.framework/Headers/CGRenderingBufferProvider.h
/Applications/Xcode.app/Contents/Developer/Platforms/MacOSX.platform/Developer/SDKs/MacOSX26.1.sdk/System/Library/Frameworks/CoreGraphics.framework/Headers/CGColorConversionInfo.h
/Applications/Xcode.app/Contents/Developer/Platforms/MacOSX.platform/Developer/SDKs/MacOSX26.1.sdk/System/Library/Frameworks/CoreGraphics.framework/Headers/CGConvertColorDataWithFormat.h
/Applications/Xcode.app/Contents/Developer/Platforms/MacOSX.platform/Developer/SDKs/MacOSX26.1.sdk/System/Library/Frameworks/CoreGraphics.framework/Headers/CGDataConsumer.h
/Applications/Xcode.app/Contents/Developer/Platforms/MacOSX.platform/Developer/SDKs/MacOSX26.1.sdk/System/Library/Frameworks/CoreGraphics.framework/Headers/CGError.h
/Applications/Xcode.app/Contents/Developer/Platforms/MacOSX.platform/Developer/SDKs/MacOSX26.1.sdk/System/Library/Frameworks/CoreGraphics.framework/Headers/CGLayer.h
/Applications/Xcode.app/Contents/Developer/Platforms/MacOSX.platform/Developer/SDKs/MacOSX26.1.sdk/System/Library/Frameworks/CoreGraphics.framework/Headers/CGPDFContentStream.h
/Applications/Xcode.app/Contents/Developer/Platforms/MacOSX.platform/Developer/SDKs/MacOSX26.1.sdk/System/Library/Frameworks/CoreGraphics.framework/Headers/CGPDFContext.h
/Applications/Xcode.app/Contents/Developer/Platforms/MacOSX.platform/Developer/SDKs/MacOSX26.1.sdk/System/Library/Frameworks/CoreGraphics.framework/Headers/CGPDFOperatorTable.h
/Applications/Xcode.app/Contents/Developer/Platforms/MacOSX.platform/Developer/SDKs/MacOSX26.1.sdk/System/Library/Frameworks/CoreGraphics.framework/Headers/CGPDFScanner.h
/Applications/Xcode.app/Contents/Developer/Platforms/MacOSX.platform/Developer/SDKs/MacOSX26.1.sdk/System/Library/Frameworks/CoreGraphics.framework/Headers/CGDirectDisplay.h
/Applications/Xcode.app/Contents/Developer/Platforms/MacOSX.platform/Developer/SDKs/MacOSX26.1.sdk/System/Library/Frameworks/CoreGraphics.framework/Headers/CGWindow.h
/Applications/Xcode.app/Contents/Developer/Platforms/MacOSX.platform/Developer/SDKs/MacOSX26.1.sdk/System/Library/Frameworks/CoreGraphics.framework/Headers/CGWindowLevel.h
/Applications/Xcode.app/Contents/Developer/Platforms/MacOSX.platform/Developer/SDKs/MacOSX26.1.sdk/System/Library/Frameworks/CoreGraphics.framework/Headers/CGDirectPalette.h
/Applications/Xcode.app/Contents/Developer/Platforms/MacOSX.platform/Developer/SDKs/MacOSX26.1.sdk/System/Library/Frameworks/CoreGraphics.framework/Headers/CGDisplayConfiguration.h
/Applications/Xcode.app/Contents/Developer/Platforms/MacOSX.platform/Developer/SDKs/MacOSX26.1.sdk/System/Library/Frameworks/IOKit.framework/Modules/module.modulemap
/Applications/Xcode.app/Contents/Developer/Platforms/MacOSX.platform/Developer/SDKs/MacOSX26.1.sdk/System/Library/Frameworks/CoreGraphics.framework/Headers/CGDisplayFade.h
/Applications/Xcode.app/Contents/Developer/Platforms/MacOSX.platform/Developer/SDKs/MacOSX26.1.sdk/System/Library/Frameworks/CoreGraphics.framework/Headers/CGDisplayStream.h
/Applications/Xcode.app/Contents/Developer/Platforms/MacOSX.platform/Developer/SDKs/MacOSX26.1.sdk/System/Library/Frameworks/CoreGraphics.framework/Headers/CGEvent.h
/Applications/Xcode.app/Contents/Developer/Platforms/MacOSX.platform/Developer/SDKs/MacOSX26.1.sdk/System/Library/Frameworks/CoreGraphics.framework/Headers/CGEventTypes.h
/Applications/Xcode.app/Contents/Developer/Platforms/MacOSX.platform/Developer/SDKs/MacOSX26.1.sdk/System/Library/Frameworks/CoreGraphics.framework/Headers/CGRemoteOperation.h
/Applications/Xcode.app/Contents/Developer/Platforms/MacOSX.platform/Developer/SDKs/MacOSX26.1.sdk/System/Library/Frameworks/CoreGraphics.framework/Headers/CGEventSource.h
/Applications/Xcode.app/Contents/Developer/Platforms/MacOSX.platform/Developer/SDKs/MacOSX26.1.sdk/System/Library/Frameworks/CoreGraphics.framework/Headers/CGPSConverter.h
/Applications/Xcode.app/Contents/Developer/Platforms/MacOSX.platform/Developer/SDKs/MacOSX26.1.sdk/System/Library/Frameworks/CoreGraphics.framework/Headers/CGSession.h
/Applications/Xcode.app/Contents/Developer/Platforms/MacOSX.platform/Developer/SDKs/MacOSX26.1.sdk/System/Library/Frameworks/CoreGraphics.framework/Headers/CGDirectDisplayMetal.h
/Applications/Xcode.app/Contents/Developer/Platforms/MacOSX.platform/Developer/SDKs/MacOSX26.1.sdk/SDKSettings.json
/Applications/Xcode.app/Contents/Developer/Platforms/MacOSX.platform/Developer/SDKs/MacOSX26.1.sdk/System/Library/Frameworks/CoreImage.framework/Headers/CoreImage.apinotes
/Applications/Xcode.app/Contents/Developer/Platforms/MacOSX.platform/Developer/SDKs/MacOSX26.1.sdk/System/Library/Frameworks/CoreImage.framework/Modules/module.modulemap
/Applications/Xcode.app/Contents/Developer/Platforms/MacOSX.platform/Developer/SDKs/MacOSX26.1.sdk/System/Library/Frameworks/CoreImage.framework/Headers/CoreImage.h
/Applications/Xcode.app/Contents/Developer/Platforms/MacOSX.platform/Developer/SDKs/MacOSX26.1.sdk/System/Library/Frameworks/CoreImage.framework/Headers/CoreImageDefines.h
/Applications/Xcode.app/Contents/Developer/Platforms/MacOSX.platform/Developer/SDKs/MacOSX26.1.sdk/usr/include/ObjectiveC.modulemap
/Applications/Xcode.app/Contents/Developer/Platforms/MacOSX.platform/Developer/SDKs/MacOSX26.1.sdk/usr/include/DarwinFoundation1.modulemap
/Applications/Xcode.app/Contents/Developer/Toolchains/XcodeDefault.xctoolchain/usr/lib/swift/clang/include/module.modulemap
/Applications/Xcode.app/Contents/Developer/Toolchains/XcodeDefault.xctoolchain/usr/lib/swift/clang/include/stddef.h
/Applications/Xcode.app/Contents/Developer/Platforms/MacOSX.platform/Developer/SDKs/MacOSX26.1.sdk/System/Library/Frameworks/CoreGraphics.framework/Modules/module.modulemap
/Applications/Xcode.app/Contents/Developer/Platforms/MacOSX.platform/Developer/SDKs/MacOSX26.1.sdk/System/Library/Frameworks/Foundation.framework/Modules/module.modulemap
/Applications/Xcode.app/Contents/Developer/Platforms/MacOSX.platform/Developer/SDKs/MacOSX26.1.sdk/System/Library/Frameworks/CoreImage.framework/Headers/CIVector.h
/Applications/Xcode.app/Contents/Developer/Platforms/MacOSX.platform/Developer/SDKs/MacOSX26.1.sdk/System/Library/Frameworks/CoreImage.framework/Headers/CIColor.h
/Applications/Xcode.app/Contents/Developer/Platforms/MacOSX.platform/Developer/SDKs/MacOSX26.1.sdk/System/Library/Frameworks/CoreImage.framework/Headers/CIImage.h
/Applications/Xcode.app/Contents/Developer/Platforms/MacOSX.platform/Developer/SDKs/MacOSX26.1.sdk/System/Library/Frameworks/CoreVideo.framework/Modules/module.modulemap
/Applications/Xcode.app/Contents/Developer/Platforms/MacOSX.platform/Developer/SDKs/MacOSX26.1.sdk/System/Library/Frameworks/ImageIO.framework/Modules/module.modulemap
/Applications/Xcode.app/Contents/Developer/Platforms/MacOSX.platform/Developer/SDKs/MacOSX26.1.sdk/System/Library/Frameworks/IOSurface.framework/Modules/module.modulemap
/Applications/Xcode.app/Contents/Developer/Platforms/MacOSX.platform/Developer/SDKs/MacOSX26.1.sdk/System/Library/Frameworks/CoreImage.framework/Headers/CIContext.h
/Applications/Xcode.app/Contents/Developer/Platforms/MacOSX.platform/Developer/SDKs/MacOSX26.1.sdk/System/Library/Frameworks/OpenGL.framework/Modules/module.modulemap
/Applications/Xcode.app/Contents/Developer/Platforms/MacOSX.platform/Developer/SDKs/MacOSX26.1.sdk/System/Library/Frameworks/CoreImage.framework/Headers/CIFilter.h
/Applications/Xcode.app/Contents/Developer/Platforms/MacOSX.platform/Developer/SDKs/MacOSX26.1.sdk/System/Library/Frameworks/CoreImage.framework/Headers/CIFilterConstructor.h
/Applications/Xcode.app/Contents/Developer/Platforms/MacOSX.platform/Developer/SDKs/MacOSX26.1.sdk/System/Library/Frameworks/CoreImage.framework/Headers/CIKernel.h
/Applications/Xcode.app/Contents/Developer/Platforms/MacOSX.platform/Developer/SDKs/MacOSX26.1.sdk/System/Library/Frameworks/CoreImage.framework/Headers/CIDetector.h
/Applications/Xcode.app/Contents/Developer/Platforms/MacOSX.platform/Developer/SDKs/MacOSX26.1.sdk/System/Library/Frameworks/CoreImage.framework/Headers/CIFeature.h
/Applications/Xcode.app/Contents/Developer/Platforms/MacOSX.platform/Developer/SDKs/MacOSX26.1.sdk/System/Library/Frameworks/CoreImage.framework/Headers/CIImageProvider.h
/Applications/Xcode.app/Contents/Developer/Platforms/MacOSX.platform/Developer/SDKs/MacOSX26.1.sdk/System/Library/Frameworks/CoreImage.framework/Headers/CIImageProcessor.h
/Applications/Xcode.app/Contents/Developer/Platforms/MacOSX.platform/Developer/SDKs/MacOSX26.1.sdk/System/Library/Frameworks/CoreImage.framework/Headers/CIImageAccumulator.h
/Applications/Xcode.app/Contents/Developer/Platforms/MacOSX.platform/Developer/SDKs/MacOSX26.1.sdk/System/Library/Frameworks/CoreImage.framework/Headers/CIFilterShape.h
/Applications/Xcode.app/Contents/Developer/Platforms/MacOSX.platform/Developer/SDKs/MacOSX26.1.sdk/System/Library/Frameworks/CoreImage.framework/Headers/CISampler.h
/Applications/Xcode.app/Contents/Developer/Platforms/MacOSX.platform/Developer/SDKs/MacOSX26.1.sdk/System/Library/Frameworks/CoreImage.framework/Headers/CIRAWFilter.h
/Applications/Xcode.app/Contents/Developer/Platforms/MacOSX.platform/Developer/SDKs/MacOSX26.1.sdk/System/Library/Frameworks/CoreImage.framework/Headers/CIRAWFilter_Deprecated.h
/Applications/Xcode.app/Contents/Developer/Platforms/MacOSX.platform/Developer/SDKs/MacOSX26.1.sdk/System/Library/Frameworks/CoreImage.framework/Headers/CIRenderDestination.h
/Applications/Xcode.app/Contents/Developer/Platforms/MacOSX.platform/Developer/SDKs/MacOSX26.1.sdk/System/Library/Frameworks/Metal.framework/Modules/module.modulemap
/Applications/Xcode.app/Contents/Developer/Platforms/MacOSX.platform/Developer/SDKs/MacOSX26.1.sdk/System/Library/Frameworks/CoreImage.framework/Headers/CIBarcodeDescriptor.h
/Applications/Xcode.app/Contents/Developer/Platforms/MacOSX.platform/Developer/SDKs/MacOSX26.1.sdk/System/Library/Frameworks/CoreImage.framework/Headers/CIFilterGenerator.h
/Applications/Xcode.app/Contents/Developer/Platforms/MacOSX.platform/Developer/SDKs/MacOSX26.1.sdk/System/Library/Frameworks/CoreImage.framework/Headers/CIPlugIn.h
/Applications/Xcode.app/Contents/Developer/Platforms/MacOSX.platform/Developer/SDKs/MacOSX26.1.sdk/System/Library/Frameworks/CoreImage.framework/Headers/CIPlugInInterface.h
/Applications/Xcode.app/Contents/Developer/Platforms/MacOSX.platform/Developer/SDKs/MacOSX26.1.sdk/System/Library/Frameworks/CoreImage.framework/Headers/CIKernelMetalLib.h
/Applications/Xcode.app/Contents/Developer/Platforms/MacOSX.platform/Developer/SDKs/MacOSX26.1.sdk/System/Library/Frameworks/CoreImage.framework/Headers/CIFilterBuiltins.h
/Applications/Xcode.app/Contents/Developer/Platforms/MacOSX.platform/Developer/SDKs/MacOSX26.1.sdk/SDKSettings.json
/Applications/Xcode.app/Contents/Developer/Toolchains/XcodeDefault.xctoolchain/usr/lib/swift/macosx/prebuilt-modules/26.1/CoreImage.swiftmodule/arm64e-apple-macos.swiftmodule
/Applications/Xcode.app/Contents/Developer/Platforms/MacOSX.platform/Developer/SDKs/MacOSX26.1.sdk/System/Library/Frameworks/CoreServices.framework/Modules/module.modulemap
/Applications/Xcode.app/Contents/Developer/Platforms/MacOSX.platform/Developer/SDKs/MacOSX26.1.sdk/System/Library/Frameworks/CoreServices.framework/Headers/CoreServices.h
/Applications/Xcode.app/Contents/Developer/Platforms/MacOSX.platform/Developer/SDKs/MacOSX26.1.sdk/System/Library/Frameworks/CoreFoundation.framework/Modules/module.modulemap
/Applications/Xcode.app/Contents/Developer/Platforms/MacOSX.platform/Developer/SDKs/MacOSX26.1.sdk/System/Library/Frameworks/CoreServices.framework/Frameworks/AE.framework/Headers/AE.h
/Applications/Xcode.app/Contents/Developer/Platforms/MacOSX.platform/Developer/SDKs/MacOSX26.1.sdk/System/Library/Frameworks/CoreServices.framework/Frameworks/CarbonCore.framework/Headers/CarbonCore.h
/Applications/Xcode.app/Contents/Developer/Platforms/MacOSX.platform/Developer/SDKs/MacOSX26.1.sdk/System/Library/Frameworks/CoreServices.framework/Frameworks/CarbonCore.framework/Headers/Finder.h
/Applications/Xcode.app/Contents/Developer/Platforms/MacOSX.platform/Developer/SDKs/MacOSX26.1.sdk/usr/include/dispatch.modulemap
/Applications/Xcode.app/Contents/Developer/Platforms/MacOSX.platform/Developer/SDKs/MacOSX26.1.sdk/usr/include/Darwin.modulemap
/Applications/Xcode.app/Contents/Developer/Platforms/MacOSX.platform/Developer/SDKs/MacOSX26.1.sdk/usr/include/DarwinFoundation2.modulemap
/Applications/Xcode.app/Contents/Developer/Platforms/MacOSX.platform/Developer/SDKs/MacOSX26.1.sdk/usr/include/DarwinFoundation1.modulemap
/Applications/Xcode.app/Contents/Developer/Platforms/MacOSX.platform/Developer/SDKs/MacOSX26.1.sdk/System/Library/Frameworks/CoreServices.framework/Frameworks/CarbonCore.framework/Headers/FixMath.h
/Applications/Xcode.app/Contents/Developer/Platforms/MacOSX.platform/Developer/SDKs/MacOSX26.1.sdk/System/Library/Frameworks/CoreServices.framework/Frameworks/CarbonCore.framework/Headers/Script.h
/Applications/Xcode.app/Contents/Developer/Platforms/MacOSX.platform/Developer/SDKs/MacOSX26.1.sdk/System/Library/Frameworks/CoreServices.framework/Frameworks/CarbonCore.framework/Headers/IntlResources.h
/Applications/Xcode.app/Contents/Developer/Platforms/MacOSX.platform/Developer/SDKs/MacOSX26.1.sdk/System/Library/Frameworks/CoreServices.framework/Frameworks/CarbonCore.framework/Headers/UTCUtils.h
/Applications/Xcode.app/Contents/Developer/Platforms/MacOSX.platform/Developer/SDKs/MacOSX26.1.sdk/System/Library/Frameworks/CoreServices.framework/Frameworks/CarbonCore.framework/Headers/MacErrors.h
/Applications/Xcode.app/Contents/Developer/Platforms/MacOSX.platform/Developer/SDKs/MacOSX26.1.sdk/System/Library/Frameworks/CoreServices.framework/Frameworks/CarbonCore.framework/Headers/TextCommon.h
/Applications/Xcode.app/Contents/Developer/Platforms/MacOSX.platform/Developer/SDKs/MacOSX26.1.sdk/System/Library/Frameworks/CoreServices.framework/Frameworks/CarbonCore.framework/Headers/Collections.h
/Applications/Xcode.app/Contents/Developer/Platforms/MacOSX.platform/Developer/SDKs/MacOSX26.1.sdk/System/Library/Frameworks/CoreServices.framework/Frameworks/CarbonCore.framework/Headers/MixedMode.h
/Applications/Xcode.app/Contents/Developer/Platforms/MacOSX.platform/Developer/SDKs/MacOSX26.1.sdk/System/Library/Frameworks/CoreServices.framework/Frameworks/CarbonCore.framework/Headers/Endian.h
/Applications/Xcode.app/Contents/Developer/Platforms/MacOSX.platform/Developer/SDKs/MacOSX26.1.sdk/System/Library/Frameworks/CoreServices.framework/Frameworks/CarbonCore.framework/Headers/Gestalt.h
/Applications/Xcode.app/Contents/Developer/Platforms/MacOSX.platform/Developer/SDKs/MacOSX26.1.sdk/System/Library/Frameworks/CoreServices.framework/Frameworks/CarbonCore.framework/Headers/MacMemory.h
/Applications/Xcode.app/Contents/Developer/Platforms/MacOSX.platform/Developer/SDKs/MacOSX26.1.sdk/System/Library/Frameworks/CoreServices.framework/Frameworks/CarbonCore.framework/Headers/Math64.h
/Applications/Xcode.app/Contents/Developer/Platforms/MacOSX.platform/Developer/SDKs/MacOSX26.1.sdk/System/Library/Frameworks/CoreServices.framework/Frameworks/CarbonCore.framework/Headers/BackupCore.h
/Applications/Xcode.app/Contents/Developer/Platforms/MacOSX.platform/Developer/SDKs/MacOSX26.1.sdk/System/Library/Frameworks/CoreServices.framework/Frameworks/CarbonCore.framework/Headers/DiskSpaceRecovery.h
/Applications/Xcode.app/Contents/Developer/Platforms/MacOSX.platform/Developer/SDKs/MacOSX26.1.sdk/System/Library/Frameworks/CoreServices.framework/Frameworks/CarbonCore.framework/Headers/Components.h
/Applications/Xcode.app/Contents/Developer/Platforms/MacOSX.platform/Developer/SDKs/MacOSX26.1.sdk/System/Library/Frameworks/CoreServices.framework/Frameworks/CarbonCore.framework/Headers/Files.h
/Applications/Xcode.app/Contents/Developer/Platforms/MacOSX.platform/Developer/SDKs/MacOSX26.1.sdk/System/Library/Frameworks/CoreServices.framework/Frameworks/CarbonCore.framework/Headers/OSUtils.h
/Applications/Xcode.app/Contents/Developer/Platforms/MacOSX.platform/Developer/SDKs/MacOSX26.1.sdk/System/Library/Frameworks/CoreServices.framework/Frameworks/CarbonCore.framework/Headers/DateTimeUtils.h
/Applications/Xcode.app/Contents/Developer/Platforms/MacOSX.platform/Developer/SDKs/MacOSX26.1.sdk/System/Library/Frameworks/DiskArbitration.framework/Modules/module.modulemap
/Applications/Xcode.app/Contents/Developer/Platforms/MacOSX.platform/Developer/SDKs/MacOSX26.1.sdk/System/Library/Frameworks/CoreServices.framework/Frameworks/CarbonCore.framework/Headers/Resources.h
/Applications/Xcode.app/Contents/Developer/Platforms/MacOSX.platform/Developer/SDKs/MacOSX26.1.sdk/System/Library/Frameworks/CoreServices.framework/Frameworks/CarbonCore.framework/Headers/CodeFragments.h
/Applications/Xcode.app/Contents/Developer/Platforms/MacOSX.platform/Developer/SDKs/MacOSX26.1.sdk/System/Library/Frameworks/CoreServices.framework/Frameworks/CarbonCore.framework/Headers/Multiprocessing.h
/Applications/Xcode.app/Contents/Developer/Platforms/MacOSX.platform/Developer/SDKs/MacOSX26.1.sdk/System/Library/Frameworks/CoreServices.framework/Frameworks/CarbonCore.framework/Headers/Aliases.h
/Applications/Xcode.app/Contents/Developer/Platforms/MacOSX.platform/Developer/SDKs/MacOSX26.1.sdk/System/Library/Frameworks/CoreServices.framework/Frameworks/CarbonCore.framework/Headers/MacLocales.h
/Applications/Xcode.app/Contents/Developer/Platforms/MacOSX.platform/Developer/SDKs/MacOSX26.1.sdk/System/Library/Frameworks/CoreServices.framework/Frameworks/CarbonCore.framework/Headers/Debugging.h
/Applications/Xcode.app/Contents/Developer/Platforms/MacOSX.platform/Developer/SDKs/MacOSX26.1.sdk/System/Library/Frameworks/CoreServices.framework/Frameworks/CarbonCore.framework/Headers/PLStringFuncs.h
/Applications/Xcode.app/Contents/Developer/Platforms/MacOSX.platform/Developer/SDKs/MacOSX26.1.sdk/System/Library/Frameworks/CoreServices.framework/Frameworks/CarbonCore.framework/Headers/DriverSynchronization.h
/Applications/Xcode.app/Contents/Developer/Platforms/MacOSX.platform/Developer/SDKs/MacOSX26.1.sdk/System/Library/Frameworks/CoreServices.framework/Frameworks/CarbonCore.framework/Headers/DriverServices.h
/Applications/Xcode.app/Contents/Developer/Platforms/MacOSX.platform/Developer/SDKs/MacOSX26.1.sdk/System/Library/Frameworks/CoreServices.framework/Frameworks/CarbonCore.framework/Headers/MachineExceptions.h
/Applications/Xcode.app/Contents/Developer/Platforms/MacOSX.platform/Developer/SDKs/MacOSX26.1.sdk/System/Library/Frameworks/CoreServices.framework/Frameworks/CarbonCore.framework/Headers/NumberFormatting.h
/Applications/Xcode.app/Contents/Developer/Platforms/MacOSX.platform/Developer/SDKs/MacOSX26.1.sdk/System/Library/Frameworks/CoreServices.framework/Frameworks/CarbonCore.framework/Headers/StringCompare.h
/Applications/Xcode.app/Contents/Developer/Platforms/MacOSX.platform/Developer/SDKs/MacOSX26.1.sdk/System/Library/Frameworks/CoreServices.framework/Frameworks/CarbonCore.framework/Headers/TextUtils.h
/Applications/Xcode.app/Contents/Developer/Platforms/MacOSX.platform/Developer/SDKs/MacOSX26.1.sdk/System/Library/Frameworks/CoreServices.framework/Frameworks/CarbonCore.framework/Headers/ToolUtils.h
/Applications/Xcode.app/Contents/Developer/Platforms/MacOSX.platform/Developer/SDKs/MacOSX26.1.sdk/System/Library/Frameworks/CoreServices.framework/Frameworks/CarbonCore.framework/Headers/UnicodeUtilities.h
/Applications/Xcode.app/Contents/Developer/Platforms/MacOSX.platform/Developer/SDKs/MacOSX26.1.sdk/System/Library/Frameworks/CoreServices.framework/Frameworks/CarbonCore.framework/Headers/fp.h
/Applications/Xcode.app/Contents/Developer/Platforms/MacOSX.platform/Developer/SDKs/MacOSX26.1.sdk/System/Library/Frameworks/CoreServices.framework/Frameworks/CarbonCore.framework/Headers/TextEncodingConverter.h
/Applications/Xcode.app/Contents/Developer/Platforms/MacOSX.platform/Developer/SDKs/MacOSX26.1.sdk/System/Library/Frameworks/CoreServices.framework/Frameworks/CarbonCore.framework/Headers/UnicodeConverter.h
/Applications/Xcode.app/Contents/Developer/Platforms/MacOSX.platform/Developer/SDKs/MacOSX26.1.sdk/System/Library/Frameworks/CoreServices.framework/Frameworks/CarbonCore.framework/Headers/Threads.h
/Applications/Xcode.app/Contents/Developer/Platforms/MacOSX.platform/Developer/SDKs/MacOSX26.1.sdk/System/Library/Frameworks/CoreServices.framework/Frameworks/CarbonCore.framework/Headers/Folders.h
/Applications/Xcode.app/Contents/Developer/Platforms/MacOSX.platform/Developer/SDKs/MacOSX26.1.sdk/System/Library/Frameworks/CoreServices.framework/Frameworks/CarbonCore.framework/Headers/Timer.h
/Applications/Xcode.app/Contents/Developer/Platforms/MacOSX.platform/Developer/SDKs/MacOSX26.1.sdk/System/Library/Frameworks/CoreServices.framework/Frameworks/CarbonCore.framework/Headers/MultiprocessingInfo.h
/Applications/Xcode.app/Contents/Developer/Platforms/MacOSX.platform/Developer/SDKs/MacOSX26.1.sdk/System/Library/Frameworks/CoreServices.framework/Frameworks/CarbonCore.framework/Headers/LowMem.h
/Applications/Xcode.app/Contents/Developer/Platforms/MacOSX.platform/Developer/SDKs/MacOSX26.1.sdk/System/Library/Frameworks/CoreServices.framework/Frameworks/CarbonCore.framework/Headers/AVLTree.h
/Applications/Xcode.app/Contents/Developer/Platforms/MacOSX.platform/Developer/SDKs/MacOSX26.1.sdk/System/Library/Frameworks/CoreServices.framework/Frameworks/CarbonCore.framework/Headers/PEFBinaryFormat.h
/Applications/Xcode.app/Contents/Developer/Platforms/MacOSX.platform/Developer/SDKs/MacOSX26.1.sdk/System/Library/Frameworks/CoreServices.framework/Frameworks/CarbonCore.framework/Headers/HFSVolumes.h
/Applications/Xcode.app/Contents/Developer/Platforms/MacOSX.platform/Developer/SDKs/MacOSX26.1.sdk/System/Library/Frameworks/CoreServices.framework/Frameworks/CarbonCore.framework/Headers/AIFF.h
/Applications/Xcode.app/Contents/Developer/Toolchains/XcodeDefault.xctoolchain/usr/lib/swift/clang/include/module.modulemap
/Applications/Xcode.app/Contents/Developer/Platforms/MacOSX.platform/Developer/SDKs/MacOSX26.1.sdk/System/Library/Frameworks/CoreServices.framework/Frameworks/CarbonCore.framework/Headers/TextEncodingPlugin.h
/Applications/Xcode.app/Contents/Developer/Platforms/MacOSX.platform/Developer/SDKs/MacOSX26.1.sdk/System/Library/Frameworks/CoreServices.framework/Frameworks/AE.framework/Headers/AEDataModel.h
/Applications/Xcode.app/Contents/Developer/Platforms/MacOSX.platform/Developer/SDKs/MacOSX26.1.sdk/System/Library/Frameworks/CoreServices.framework/Frameworks/AE.framework/Headers/AppleEvents.h
/Applications/Xcode.app/Contents/Developer/Platforms/MacOSX.platform/Developer/SDKs/MacOSX26.1.sdk/System/Library/Frameworks/CoreServices.framework/Frameworks/AE.framework/Headers/AEPackObject.h
/Applications/Xcode.app/Contents/Developer/Platforms/MacOSX.platform/Developer/SDKs/MacOSX26.1.sdk/System/Library/Frameworks/CoreServices.framework/Frameworks/AE.framework/Headers/AEObjects.h
/Applications/Xcode.app/Contents/Developer/Platforms/MacOSX.platform/Developer/SDKs/MacOSX26.1.sdk/System/Library/Frameworks/CoreServices.framework/Frameworks/AE.framework/Headers/AERegistry.h
/Applications/Xcode.app/Contents/Developer/Platforms/MacOSX.platform/Developer/SDKs/MacOSX26.1.sdk/System/Library/Frameworks/CoreServices.framework/Frameworks/AE.framework/Headers/AEUserTermTypes.h
/Applications/Xcode.app/Contents/Developer/Platforms/MacOSX.platform/Developer/SDKs/MacOSX26.1.sdk/System/Library/Frameworks/CoreServices.framework/Frameworks/AE.framework/Headers/AEHelpers.h
/Applications/Xcode.app/Contents/Developer/Toolchains/XcodeDefault.xctoolchain/usr/lib/swift/clang/include/stdarg.h
/Applications/Xcode.app/Contents/Developer/Platforms/MacOSX.platform/Developer/SDKs/MacOSX26.1.sdk/System/Library/Frameworks/CoreServices.framework/Frameworks/AE.framework/Headers/AEMach.h
/Applications/Xcode.app/Contents/Developer/Platforms/MacOSX.platform/Developer/SDKs/MacOSX26.1.sdk/System/Library/Frameworks/CFNetwork.framework/Modules/module.modulemap
/Applications/Xcode.app/Contents/Developer/Platforms/MacOSX.platform/Developer/SDKs/MacOSX26.1.sdk/System/Library/Frameworks/CoreServices.framework/Frameworks/DictionaryServices.framework/Headers/DictionaryServices.h
/Applications/Xcode.app/Contents/Developer/Platforms/MacOSX.platform/Developer/SDKs/MacOSX26.1.sdk/System/Library/Frameworks/CoreServices.framework/Frameworks/LaunchServices.framework/Headers/LaunchServices.h
/Applications/Xcode.app/Contents/Developer/Platforms/MacOSX.platform/Developer/SDKs/MacOSX26.1.sdk/System/Library/Frameworks/CoreServices.framework/Frameworks/LaunchServices.framework/Headers/IconsCore.h
/Applications/Xcode.app/Contents/Developer/Platforms/MacOSX.platform/Developer/SDKs/MacOSX26.1.sdk/System/Library/Frameworks/CoreServices.framework/Frameworks/OSServices.framework/Headers/OSServices.h
/Applications/Xcode.app/Contents/Developer/Platforms/MacOSX.platform/Developer/SDKs/MacOSX26.1.sdk/System/Library/Frameworks/CoreServices.framework/Frameworks/OSServices.framework/Headers/CSIdentity.h
/Applications/Xcode.app/Contents/Developer/Platforms/MacOSX.platform/Developer/SDKs/MacOSX26.1.sdk/System/Library/Frameworks/CoreServices.framework/Frameworks/OSServices.framework/Headers/CSIdentityBase.h
/Applications/Xcode.app/Contents/Developer/Platforms/MacOSX.platform/Developer/SDKs/MacOSX26.1.sdk/System/Library/Frameworks/Security.framework/Modules/module.modulemap
/Applications/Xcode.app/Contents/Developer/Platforms/MacOSX.platform/Developer/SDKs/MacOSX26.1.sdk/System/Library/Frameworks/CoreServices.framework/Frameworks/OSServices.framework/Headers/CSIdentityAuthority.h
/Applications/Xcode.app/Contents/Developer/Platforms/MacOSX.platform/Developer/SDKs/MacOSX26.1.sdk/System/Library/Frameworks/CoreServices.framework/Frameworks/OSServices.framework/Headers/CSIdentityQuery.h
/Applications/Xcode.app/Contents/Developer/Platforms/MacOSX.platform/Developer/SDKs/MacOSX26.1.sdk/System/Library/Frameworks/CoreServices.framework/Frameworks/OSServices.framework/Headers/IconStorage.h
/Applications/Xcode.app/Contents/Developer/Platforms/MacOSX.platform/Developer/SDKs/MacOSX26.1.sdk/System/Library/Frameworks/CoreServices.framework/Frameworks/OSServices.framework/Headers/Power.h
/Applications/Xcode.app/Contents/Developer/Platforms/MacOSX.platform/Developer/SDKs/MacOSX26.1.sdk/System/Library/Frameworks/CoreServices.framework/Frameworks/OSServices.framework/Headers/SecurityCore.h
/Applications/Xcode.app/Contents/Developer/Platforms/MacOSX.platform/Developer/SDKs/MacOSX26.1.sdk/System/Library/Frameworks/CoreServices.framework/Frameworks/OSServices.framework/Headers/KeychainCore.h
/Applications/Xcode.app/Contents/Developer/Platforms/MacOSX.platform/Developer/SDKs/MacOSX26.1.sdk/System/Library/Frameworks/CoreServices.framework/Frameworks/OSServices.framework/Headers/WSMethodInvocation.h
/Applications/Xcode.app/Contents/Developer/Platforms/MacOSX.platform/Developer/SDKs/MacOSX26.1.sdk/System/Library/Frameworks/CoreServices.framework/Frameworks/OSServices.framework/Headers/WSTypes.h
/Applications/Xcode.app/Contents/Developer/Platforms/MacOSX.platform/Developer/SDKs/MacOSX26.1.sdk/System/Library/Frameworks/CoreServices.framework/Frameworks/OSServices.framework/Headers/WSProtocolHandler.h
/Applications/Xcode.app/Contents/Developer/Platforms/MacOSX.platform/Developer/SDKs/MacOSX26.1.sdk/System/Library/Frameworks/CoreServices.framework/Frameworks/LaunchServices.framework/Headers/LSConstants.h
/Applications/Xcode.app/Contents/Developer/Platforms/MacOSX.platform/Developer/SDKs/MacOSX26.1.sdk/System/Library/Frameworks/CoreServices.framework/Frameworks/LaunchServices.framework/Headers/LSInfo.h
/Applications/Xcode.app/Contents/Developer/Platforms/MacOSX.platform/Developer/SDKs/MacOSX26.1.sdk/System/Library/Frameworks/CoreServices.framework/Frameworks/LaunchServices.framework/Headers/LSInfoDeprecated.h
/Applications/Xcode.app/Contents/Developer/Platforms/MacOSX.platform/Developer/SDKs/MacOSX26.1.sdk/System/Library/Frameworks/CoreServices.framework/Frameworks/LaunchServices.framework/Headers/LSOpen.h
/Applications/Xcode.app/Contents/Developer/Platforms/MacOSX.platform/Developer/SDKs/MacOSX26.1.sdk/System/Library/Frameworks/CoreServices.framework/Frameworks/LaunchServices.framework/Headers/LSOpenDeprecated.h
/Applications/Xcode.app/Contents/Developer/Platforms/MacOSX.platform/Developer/SDKs/MacOSX26.1.sdk/System/Library/Frameworks/CoreServices.framework/Frameworks/LaunchServices.framework/Headers/LSQuarantine.h
/Applications/Xcode.app/Contents/Developer/Platforms/MacOSX.platform/Developer/SDKs/MacOSX26.1.sdk/System/Library/Frameworks/CoreServices.framework/Frameworks/LaunchServices.framework/Headers/UTCoreTypes.h
/Applications/Xcode.app/Contents/Developer/Platforms/MacOSX.platform/Developer/SDKs/MacOSX26.1.sdk/System/Library/Frameworks/CoreServices.framework/Frameworks/LaunchServices.framework/Headers/UTType.h
/Applications/Xcode.app/Contents/Developer/Platforms/MacOSX.platform/Developer/SDKs/MacOSX26.1.sdk/System/Library/Frameworks/CoreServices.framework/Frameworks/Metadata.framework/Headers/Metadata.h
/Applications/Xcode.app/Contents/Developer/Platforms/MacOSX.platform/Developer/SDKs/MacOSX26.1.sdk/System/Library/Frameworks/CoreServices.framework/Frameworks/Metadata.framework/Headers/MDItem.h
/Applications/Xcode.app/Contents/Developer/Platforms/MacOSX.platform/Developer/SDKs/MacOSX26.1.sdk/System/Library/Frameworks/CoreServices.framework/Frameworks/Metadata.framework/Headers/MDLabel.h
/Applications/Xcode.app/Contents/Developer/Platforms/MacOSX.platform/Developer/SDKs/MacOSX26.1.sdk/System/Library/Frameworks/CoreServices.framework/Frameworks/Metadata.framework/Headers/MDQuery.h
/Applications/Xcode.app/Contents/Developer/Platforms/MacOSX.platform/Developer/SDKs/MacOSX26.1.sdk/System/Library/Frameworks/CoreServices.framework/Frameworks/Metadata.framework/Headers/MDSchema.h
/Applications/Xcode.app/Contents/Developer/Platforms/MacOSX.platform/Developer/SDKs/MacOSX26.1.sdk/System/Library/Frameworks/CoreServices.framework/Frameworks/Metadata.framework/Headers/MDImporter.h
/Applications/Xcode.app/Contents/Developer/Platforms/MacOSX.platform/Developer/SDKs/MacOSX26.1.sdk/System/Library/Frameworks/CoreServices.framework/Frameworks/SearchKit.framework/Headers/SearchKit.h
/Applications/Xcode.app/Contents/Developer/Platforms/MacOSX.platform/Developer/SDKs/MacOSX26.1.sdk/System/Library/Frameworks/CoreServices.framework/Frameworks/SearchKit.framework/Headers/SKDocument.h
/Applications/Xcode.app/Contents/Developer/Platforms/MacOSX.platform/Developer/SDKs/MacOSX26.1.sdk/System/Library/Frameworks/CoreServices.framework/Frameworks/SearchKit.framework/Headers/SKAnalysis.h
/Applications/Xcode.app/Contents/Developer/Platforms/MacOSX.platform/Developer/SDKs/MacOSX26.1.sdk/System/Library/Frameworks/CoreServices.framework/Frameworks/SearchKit.framework/Headers/SKIndex.h
/Applications/Xcode.app/Contents/Developer/Platforms/MacOSX.platform/Developer/SDKs/MacOSX26.1.sdk/System/Library/Frameworks/CoreServices.framework/Frameworks/SearchKit.framework/Headers/SKSearch.h
/Applications/Xcode.app/Contents/Developer/Platforms/MacOSX.platform/Developer/SDKs/MacOSX26.1.sdk/System/Library/Frameworks/CoreServices.framework/Frameworks/SearchKit.framework/Headers/SKSummary.h
/Applications/Xcode.app/Contents/Developer/Platforms/MacOSX.platform/Developer/SDKs/MacOSX26.1.sdk/System/Library/Frameworks/CoreServices.framework/Frameworks/FSEvents.framework/Headers/FSEvents.h
/Applications/Xcode.app/Contents/Developer/Platforms/MacOSX.platform/Developer/SDKs/MacOSX26.1.sdk/System/Library/Frameworks/CoreServices.framework/Frameworks/SharedFileList.framework/Headers/SharedFileList.h
/Applications/Xcode.app/Contents/Developer/Platforms/MacOSX.platform/Developer/SDKs/MacOSX26.1.sdk/System/Library/Frameworks/CoreServices.framework/Frameworks/SharedFileList.framework/Headers/LSSharedFileList.h
/Applications/Xcode.app/Contents/Developer/Platforms/MacOSX.platform/Developer/SDKs/MacOSX26.1.sdk/SDKSettings.json
/Applications/Xcode.app/Contents/Developer/Platforms/MacOSX.platform/Developer/SDKs/MacOSX26.1.sdk/System/Library/Frameworks/CoreText.framework/Headers/CoreText.apinotes
/Applications/Xcode.app/Contents/Developer/Platforms/MacOSX.platform/Developer/SDKs/MacOSX26.1.sdk/System/Library/Frameworks/CoreText.framework/Modules/module.modulemap
/Applications/Xcode.app/Contents/Developer/Platforms/MacOSX.platform/Developer/SDKs/MacOSX26.1.sdk/System/Library/Frameworks/CoreText.framework/Headers/CoreText.h
/Applications/Xcode.app/Contents/Developer/Platforms/MacOSX.platform/Developer/SDKs/MacOSX26.1.sdk/System/Library/Frameworks/CoreText.framework/Headers/CTFont.h
/Applications/Xcode.app/Contents/Developer/Platforms/MacOSX.platform/Developer/SDKs/MacOSX26.1.sdk/System/Library/Frameworks/CoreText.framework/Headers/CTFontDescriptor.h
/Applications/Xcode.app/Contents/Developer/Platforms/MacOSX.platform/Developer/SDKs/MacOSX26.1.sdk/System/Library/Frameworks/CoreText.framework/Headers/CTFontTraits.h
/Applications/Xcode.app/Contents/Developer/Platforms/MacOSX.platform/Developer/SDKs/MacOSX26.1.sdk/System/Library/Frameworks/CoreText.framework/Headers/CTDefines.h
/Applications/Xcode.app/Contents/Developer/Platforms/MacOSX.platform/Developer/SDKs/MacOSX26.1.sdk/usr/include/Darwin.modulemap
/Applications/Xcode.app/Contents/Developer/Platforms/MacOSX.platform/Developer/SDKs/MacOSX26.1.sdk/usr/include/Darwin_C.modulemap
/Applications/Xcode.app/Contents/Developer/Platforms/MacOSX.platform/Developer/SDKs/MacOSX26.1.sdk/usr/include/Darwin_POSIX.modulemap
/Applications/Xcode.app/Contents/Developer/Platforms/MacOSX.platform/Developer/SDKs/MacOSX26.1.sdk/usr/include/net.modulemap
/Applications/Xcode.app/Contents/Developer/Platforms/MacOSX.platform/Developer/SDKs/MacOSX26.1.sdk/usr/include/netinet.modulemap
/Applications/Xcode.app/Contents/Developer/Platforms/MacOSX.platform/Developer/SDKs/MacOSX26.1.sdk/usr/include/bank.modulemap
/Applications/Xcode.app/Contents/Developer/Platforms/MacOSX.platform/Developer/SDKs/MacOSX26.1.sdk/usr/include/Darwin_Mach.modulemap
/Applications/Xcode.app/Contents/Developer/Platforms/MacOSX.platform/Developer/SDKs/MacOSX26.1.sdk/usr/include/Darwin_Mach_machine.modulemap
/Applications/Xcode.app/Contents/Developer/Platforms/MacOSX.platform/Developer/SDKs/MacOSX26.1.sdk/usr/include/mach_debug.modulemap
/Applications/Xcode.app/Contents/Developer/Platforms/MacOSX.platform/Developer/SDKs/MacOSX26.1.sdk/usr/include/device.modulemap
/Applications/Xcode.app/Contents/Developer/Platforms/MacOSX.platform/Developer/SDKs/MacOSX26.1.sdk/usr/include/Darwin_machine.modulemap
/Applications/Xcode.app/Contents/Developer/Platforms/MacOSX.platform/Developer/SDKs/MacOSX26.1.sdk/usr/include/ncurses.modulemap
/Applications/Xcode.app/Contents/Developer/Platforms/MacOSX.platform/Developer/SDKs/MacOSX26.1.sdk/usr/include/netinet6.modulemap
/Applications/Xcode.app/Contents/Developer/Platforms/MacOSX.platform/Developer/SDKs/MacOSX26.1.sdk/usr/include/Darwin_sys.modulemap
/Applications/Xcode.app/Contents/Developer/Platforms/MacOSX.platform/Developer/SDKs/MacOSX26.1.sdk/usr/include/uuid.modulemap
/Applications/Xcode.app/Contents/Developer/Platforms/MacOSX.platform/Developer/SDKs/MacOSX26.1.sdk/usr/include/DarwinFoundation1.modulemap
/Applications/Xcode.app/Contents/Developer/Platforms/MacOSX.platform/Developer/SDKs/MacOSX26.1.sdk/System/Library/Frameworks/CoreFoundation.framework/Modules/module.modulemap
/Applications/Xcode.app/Contents/Developer/Platforms/MacOSX.platform/Developer/SDKs/MacOSX26.1.sdk/System/Library/Frameworks/CoreGraphics.framework/Modules/module.modulemap
/Applications/Xcode.app/Contents/Developer/Platforms/MacOSX.platform/Developer/SDKs/MacOSX26.1.sdk/System/Library/Frameworks/CoreText.framework/Headers/CTFontCollection.h
/Applications/Xcode.app/Contents/Developer/Platforms/MacOSX.platform/Developer/SDKs/MacOSX26.1.sdk/System/Library/Frameworks/CoreText.framework/Headers/CTFontManager.h
/Applications/Xcode.app/Contents/Developer/Platforms/MacOSX.platform/Developer/SDKs/MacOSX26.1.sdk/System/Library/Frameworks/CoreText.framework/Headers/CTFontManagerErrors.h
/Applications/Xcode.app/Contents/Developer/Platforms/MacOSX.platform/Developer/SDKs/MacOSX26.1.sdk/System/Library/Frameworks/CoreText.framework/Headers/CTFrame.h
/Applications/Xcode.app/Contents/Developer/Platforms/MacOSX.platform/Developer/SDKs/MacOSX26.1.sdk/System/Library/Frameworks/CoreText.framework/Headers/CTFramesetter.h
/Applications/Xcode.app/Contents/Developer/Platforms/MacOSX.platform/Developer/SDKs/MacOSX26.1.sdk/System/Library/Frameworks/CoreText.framework/Headers/CTTypesetter.h
/Applications/Xcode.app/Contents/Developer/Platforms/MacOSX.platform/Developer/SDKs/MacOSX26.1.sdk/System/Library/Frameworks/CoreText.framework/Headers/CTLine.h
/Applications/Xcode.app/Contents/Developer/Platforms/MacOSX.platform/Developer/SDKs/MacOSX26.1.sdk/System/Library/Frameworks/CoreText.framework/Headers/CTGlyphInfo.h
/Applications/Xcode.app/Contents/Developer/Platforms/MacOSX.platform/Developer/SDKs/MacOSX26.1.sdk/System/Library/Frameworks/CoreText.framework/Headers/CTParagraphStyle.h
/Applications/Xcode.app/Contents/Developer/Platforms/MacOSX.platform/Developer/SDKs/MacOSX26.1.sdk/System/Library/Frameworks/CoreText.framework/Headers/CTRubyAnnotation.h
/Applications/Xcode.app/Contents/Developer/Platforms/MacOSX.platform/Developer/SDKs/MacOSX26.1.sdk/System/Library/Frameworks/CoreText.framework/Headers/CTRun.h
/Applications/Xcode.app/Contents/Developer/Platforms/MacOSX.platform/Developer/SDKs/MacOSX26.1.sdk/System/Library/Frameworks/CoreText.framework/Headers/CTRunDelegate.h
/Applications/Xcode.app/Contents/Developer/Platforms/MacOSX.platform/Developer/SDKs/MacOSX26.1.sdk/System/Library/Frameworks/CoreText.framework/Headers/CTStringAttributes.h
/Applications/Xcode.app/Contents/Developer/Platforms/MacOSX.platform/Developer/SDKs/MacOSX26.1.sdk/System/Library/Frameworks/CoreText.framework/Headers/CTTextTab.h
/Applications/Xcode.app/Contents/Developer/Platforms/MacOSX.platform/Developer/SDKs/MacOSX26.1.sdk/System/Library/Frameworks/CoreText.framework/Headers/SFNTLayoutTypes.h
/Applications/Xcode.app/Contents/Developer/Platforms/MacOSX.platform/Developer/SDKs/MacOSX26.1.sdk/System/Library/Frameworks/CoreText.framework/Headers/SFNTTypes.h
/Applications/Xcode.app/Contents/Developer/Platforms/MacOSX.platform/Developer/SDKs/MacOSX26.1.sdk/SDKSettings.json
/Applications/Xcode.app/Contents/Developer/Toolchains/XcodeDefault.xctoolchain/usr/lib/swift/macosx/prebuilt-modules/26.1/CoreText.swiftmodule/arm64e-apple-macos.swiftmodule
/Applications/Xcode.app/Contents/Developer/Platforms/MacOSX.platform/Developer/SDKs/MacOSX26.1.sdk/System/Library/Frameworks/CoreTransferable.framework/Modules/module.modulemap
/Applications/Xcode.app/Contents/Developer/Platforms/MacOSX.platform/Developer/SDKs/MacOSX26.1.sdk/System/Library/Frameworks/CoreTransferable.framework/Headers/CoreTransferable.h
/Applications/Xcode.app/Contents/Developer/Platforms/MacOSX.platform/Developer/SDKs/MacOSX26.1.sdk/System/Library/Frameworks/Foundation.framework/Modules/module.modulemap
/Applications/Xcode.app/Contents/Developer/Platforms/MacOSX.platform/Developer/SDKs/MacOSX26.1.sdk/SDKSettings.json
/Applications/Xcode.app/Contents/Developer/Toolchains/XcodeDefault.xctoolchain/usr/lib/swift/macosx/prebuilt-modules/26.1/CoreTransferable.swiftmodule/arm64e-apple-macos.swiftmodule
/Applications/Xcode.app/Contents/Developer/Toolchains/XcodeDefault.xctoolchain/usr/lib/swift/macosx/prebuilt-modules/26.1/CoreVideo.swiftmodule/arm64e-apple-macos.swiftmodule
/Applications/Xcode.app/Contents/Developer/Platforms/MacOSX.platform/Developer/SDKs/MacOSX26.1.sdk/System/Library/Frameworks/CoreVideo.framework/Modules/module.modulemap
/Applications/Xcode.app/Contents/Developer/Platforms/MacOSX.platform/Developer/SDKs/MacOSX26.1.sdk/System/Library/Frameworks/CoreVideo.framework/Headers/CoreVideo.h
/Applications/Xcode.app/Contents/Developer/Platforms/MacOSX.platform/Developer/SDKs/MacOSX26.1.sdk/usr/include/DarwinFoundation1.modulemap
/Applications/Xcode.app/Contents/Developer/Platforms/MacOSX.platform/Developer/SDKs/MacOSX26.1.sdk/System/Library/Frameworks/CoreVideo.framework/Headers/CVReturn.h
/Applications/Xcode.app/Contents/Developer/Platforms/MacOSX.platform/Developer/SDKs/MacOSX26.1.sdk/System/Library/Frameworks/CoreVideo.framework/Headers/CVBase.h
/Applications/Xcode.app/Contents/Developer/Toolchains/XcodeDefault.xctoolchain/usr/lib/swift/clang/include/module.modulemap
/Applications/Xcode.app/Contents/Developer/Platforms/MacOSX.platform/Developer/SDKs/MacOSX26.1.sdk/System/Library/Frameworks/CoreFoundation.framework/Modules/module.modulemap
/Applications/Xcode.app/Contents/Developer/Platforms/MacOSX.platform/Developer/SDKs/MacOSX26.1.sdk/System/Library/Frameworks/CoreVideo.framework/Headers/CVHostTime.h
/Applications/Xcode.app/Contents/Developer/Platforms/MacOSX.platform/Developer/SDKs/MacOSX26.1.sdk/System/Library/Frameworks/CoreVideo.framework/Headers/CVDisplayLink.h
/Applications/Xcode.app/Contents/Developer/Platforms/MacOSX.platform/Developer/SDKs/MacOSX26.1.sdk/System/Library/Frameworks/CoreGraphics.framework/Modules/module.modulemap
/Applications/Xcode.app/Contents/Developer/Platforms/MacOSX.platform/Developer/SDKs/MacOSX26.1.sdk/System/Library/Frameworks/OpenGL.framework/Modules/module.modulemap
/Applications/Xcode.app/Contents/Developer/Platforms/MacOSX.platform/Developer/SDKs/MacOSX26.1.sdk/System/Library/Frameworks/CoreVideo.framework/Headers/CVBuffer.h
/Applications/Xcode.app/Contents/Developer/Toolchains/XcodeDefault.xctoolchain/usr/lib/swift/clang/include/stddef.h
/Applications/Xcode.app/Contents/Developer/Platforms/MacOSX.platform/Developer/SDKs/MacOSX26.1.sdk/System/Library/Frameworks/CoreVideo.framework/Headers/CVPixelBuffer.h
/Applications/Xcode.app/Contents/Developer/Platforms/MacOSX.platform/Developer/SDKs/MacOSX26.1.sdk/System/Library/Frameworks/CoreVideo.framework/Headers/CVImageBuffer.h
/Applications/Xcode.app/Contents/Developer/Platforms/MacOSX.platform/Developer/SDKs/MacOSX26.1.sdk/System/Library/Frameworks/ApplicationServices.framework/Modules/module.modulemap
/Applications/Xcode.app/Contents/Developer/Platforms/MacOSX.platform/Developer/SDKs/MacOSX26.1.sdk/System/Library/Frameworks/CoreVideo.framework/Headers/CVPixelBufferIOSurface.h
/Applications/Xcode.app/Contents/Developer/Platforms/MacOSX.platform/Developer/SDKs/MacOSX26.1.sdk/System/Library/Frameworks/IOSurface.framework/Modules/module.modulemap
/Applications/Xcode.app/Contents/Developer/Platforms/MacOSX.platform/Developer/SDKs/MacOSX26.1.sdk/System/Library/Frameworks/CoreVideo.framework/Headers/CVPixelBufferPool.h
/Applications/Xcode.app/Contents/Developer/Platforms/MacOSX.platform/Developer/SDKs/MacOSX26.1.sdk/System/Library/Frameworks/CoreVideo.framework/Headers/CVOpenGLBuffer.h
/Applications/Xcode.app/Contents/Developer/Platforms/MacOSX.platform/Developer/SDKs/MacOSX26.1.sdk/System/Library/Frameworks/CoreVideo.framework/Headers/CVOpenGLBufferPool.h
/Applications/Xcode.app/Contents/Developer/Platforms/MacOSX.platform/Developer/SDKs/MacOSX26.1.sdk/System/Library/Frameworks/CoreVideo.framework/Headers/CVOpenGLTexture.h
/Applications/Xcode.app/Contents/Developer/Platforms/MacOSX.platform/Developer/SDKs/MacOSX26.1.sdk/System/Library/Frameworks/CoreVideo.framework/Headers/CVOpenGLTextureCache.h
/Applications/Xcode.app/Contents/Developer/Platforms/MacOSX.platform/Developer/SDKs/MacOSX26.1.sdk/System/Library/Frameworks/CoreVideo.framework/Headers/CVPixelFormatDescription.h
/Applications/Xcode.app/Contents/Developer/Platforms/MacOSX.platform/Developer/SDKs/MacOSX26.1.sdk/System/Library/Frameworks/CoreVideo.framework/Headers/CVMetalTexture.h
/Applications/Xcode.app/Contents/Developer/Platforms/MacOSX.platform/Developer/SDKs/MacOSX26.1.sdk/System/Library/Frameworks/CoreVideo.framework/Headers/CVMetalTextureCache.h
/Applications/Xcode.app/Contents/Developer/Platforms/MacOSX.platform/Developer/SDKs/MacOSX26.1.sdk/System/Library/Frameworks/Metal.framework/Modules/module.modulemap
/Applications/Xcode.app/Contents/Developer/Platforms/MacOSX.platform/Developer/SDKs/MacOSX26.1.sdk/System/Library/Frameworks/CoreVideo.framework/Headers/CVMetalBuffer.h
/Applications/Xcode.app/Contents/Developer/Platforms/MacOSX.platform/Developer/SDKs/MacOSX26.1.sdk/System/Library/Frameworks/CoreVideo.framework/Headers/CVMetalBufferCache.h
/Applications/Xcode.app/Contents/Developer/Platforms/MacOSX.platform/Developer/SDKs/MacOSX26.1.sdk/SDKSettings.json
/Applications/Xcode.app/Contents/Developer/Toolchains/XcodeDefault.xctoolchain/usr/lib/swift/macosx/prebuilt-modules/26.1/CryptoKit.swiftmodule/arm64e-apple-macos.swiftmodule
/Applications/Xcode.app/Contents/Developer/Toolchains/XcodeDefault.xctoolchain/usr/lib/swift/macosx/prebuilt-modules/26.1/Darwin.swiftmodule/arm64e-apple-macos.swiftmodule
/Applications/Xcode.app/Contents/Developer/Platforms/MacOSX.platform/Developer/SDKs/MacOSX26.1.sdk/usr/include/Darwin.modulemap
/Applications/Xcode.app/Contents/Developer/Platforms/MacOSX.platform/Developer/SDKs/MacOSX26.1.sdk/usr/include/Darwin_C.modulemap
/Applications/Xcode.app/Contents/Developer/Platforms/MacOSX.platform/Developer/SDKs/MacOSX26.1.sdk/usr/include/Darwin_POSIX.modulemap
/Applications/Xcode.app/Contents/Developer/Platforms/MacOSX.platform/Developer/SDKs/MacOSX26.1.sdk/usr/include/net.modulemap
/Applications/Xcode.app/Contents/Developer/Platforms/MacOSX.platform/Developer/SDKs/MacOSX26.1.sdk/usr/include/netinet.modulemap
/Applications/Xcode.app/Contents/Developer/Platforms/MacOSX.platform/Developer/SDKs/MacOSX26.1.sdk/usr/include/bank.modulemap
/Applications/Xcode.app/Contents/Developer/Platforms/MacOSX.platform/Developer/SDKs/MacOSX26.1.sdk/usr/include/Darwin_Mach.modulemap
/Applications/Xcode.app/Contents/Developer/Platforms/MacOSX.platform/Developer/SDKs/MacOSX26.1.sdk/usr/include/Darwin_Mach_machine.modulemap
/Applications/Xcode.app/Contents/Developer/Platforms/MacOSX.platform/Developer/SDKs/MacOSX26.1.sdk/usr/include/mach_debug.modulemap
/Applications/Xcode.app/Contents/Developer/Platforms/MacOSX.platform/Developer/SDKs/MacOSX26.1.sdk/usr/include/device.modulemap
/Applications/Xcode.app/Contents/Developer/Platforms/MacOSX.platform/Developer/SDKs/MacOSX26.1.sdk/usr/include/Darwin_machine.modulemap
/Applications/Xcode.app/Contents/Developer/Platforms/MacOSX.platform/Developer/SDKs/MacOSX26.1.sdk/usr/include/ncurses.modulemap
/Applications/Xcode.app/Contents/Developer/Platforms/MacOSX.platform/Developer/SDKs/MacOSX26.1.sdk/usr/include/netinet6.modulemap
/Applications/Xcode.app/Contents/Developer/Platforms/MacOSX.platform/Developer/SDKs/MacOSX26.1.sdk/usr/include/Darwin_sys.modulemap
/Applications/Xcode.app/Contents/Developer/Platforms/MacOSX.platform/Developer/SDKs/MacOSX26.1.sdk/usr/include/uuid.modulemap
/Applications/Xcode.app/Contents/Developer/Platforms/MacOSX.platform/Developer/SDKs/MacOSX26.1.sdk/usr/include/DarwinFoundation2.modulemap
/Applications/Xcode.app/Contents/Developer/Platforms/MacOSX.platform/Developer/SDKs/MacOSX26.1.sdk/usr/include/DarwinFoundation3.modulemap
/Applications/Xcode.app/Contents/Developer/Platforms/MacOSX.platform/Developer/SDKs/MacOSX26.1.sdk/usr/include/DarwinFoundation1.modulemap
/Applications/Xcode.app/Contents/Developer/Platforms/MacOSX.platform/Developer/SDKs/MacOSX26.1.sdk/usr/include/copyfile.h
/Applications/Xcode.app/Contents/Developer/Toolchains/XcodeDefault.xctoolchain/usr/lib/swift/clang/include/module.modulemap
/Applications/Xcode.app/Contents/Developer/Platforms/MacOSX.platform/Developer/SDKs/MacOSX26.1.sdk/usr/include/err.h
/Applications/Xcode.app/Contents/Developer/Platforms/MacOSX.platform/Developer/SDKs/MacOSX26.1.sdk/usr/include/readpassphrase.h
/Applications/Xcode.app/Contents/Developer/Platforms/MacOSX.platform/Developer/SDKs/MacOSX26.1.sdk/usr/include/util.h
/Applications/Xcode.app/Contents/Developer/Platforms/MacOSX.platform/Developer/SDKs/MacOSX26.1.sdk/usr/include/sys/ttycom.h
/Applications/Xcode.app/Contents/Developer/Platforms/MacOSX.platform/Developer/SDKs/MacOSX26.1.sdk/usr/include/sys/ioccom.h
/Applications/Xcode.app/Contents/Developer/Platforms/MacOSX.platform/Developer/SDKs/MacOSX26.1.sdk/usr/include/stdio.h
/Applications/Xcode.app/Contents/Developer/Platforms/MacOSX.platform/Developer/SDKs/MacOSX26.1.sdk/usr/include/pwd.h
/Applications/Xcode.app/Contents/Developer/Platforms/MacOSX.platform/Developer/SDKs/MacOSX26.1.sdk/usr/include/uuid/uuid.h
/Applications/Xcode.app/Contents/Developer/Platforms/MacOSX.platform/Developer/SDKs/MacOSX26.1.sdk/usr/include/termios.h
/Applications/Xcode.app/Contents/Developer/Platforms/MacOSX.platform/Developer/SDKs/MacOSX26.1.sdk/usr/include/sys/termios.h
/Applications/Xcode.app/Contents/Developer/Platforms/MacOSX.platform/Developer/SDKs/MacOSX26.1.sdk/usr/include/sys/ttydefaults.h
/Applications/Xcode.app/Contents/Developer/Platforms/MacOSX.platform/Developer/SDKs/MacOSX26.1.sdk/usr/include/utmp.h
/Applications/Xcode.app/Contents/Developer/Platforms/MacOSX.platform/Developer/SDKs/MacOSX26.1.sdk/usr/include/xattr_flags.h
/Applications/Xcode.app/Contents/Developer/Platforms/MacOSX.platform/Developer/SDKs/MacOSX26.1.sdk/usr/include/_modules/_darwin_c_ctype.h
/Applications/Xcode.app/Contents/Developer/Platforms/MacOSX.platform/Developer/SDKs/MacOSX26.1.sdk/usr/include/ctype.h
/Applications/Xcode.app/Contents/Developer/Platforms/MacOSX.platform/Developer/SDKs/MacOSX26.1.sdk/usr/include/_modules/_darwin_c_errno.h
/Applications/Xcode.app/Contents/Developer/Platforms/MacOSX.platform/Developer/SDKs/MacOSX26.1.sdk/usr/include/_modules/_darwin_c_inttypes.h
/Applications/Xcode.app/Contents/Developer/Platforms/MacOSX.platform/Developer/SDKs/MacOSX26.1.sdk/usr/include/_modules/_darwin_c_limits.h
/Applications/Xcode.app/Contents/Developer/Platforms/MacOSX.platform/Developer/SDKs/MacOSX26.1.sdk/usr/include/_modules/_darwin_c_signal.h
/Applications/Xcode.app/Contents/Developer/Platforms/MacOSX.platform/Developer/SDKs/MacOSX26.1.sdk/usr/include/_modules/_darwin_c_stdarg.h
/Applications/Xcode.app/Contents/Developer/Toolchains/XcodeDefault.xctoolchain/usr/lib/swift/clang/include/stdarg.h
/Applications/Xcode.app/Contents/Developer/Platforms/MacOSX.platform/Developer/SDKs/MacOSX26.1.sdk/usr/include/_modules/_darwin_c_stdbool.h
/Applications/Xcode.app/Contents/Developer/Platforms/MacOSX.platform/Developer/SDKs/MacOSX26.1.sdk/usr/include/_modules/_darwin_c_stddef.h
/Applications/Xcode.app/Contents/Developer/Toolchains/XcodeDefault.xctoolchain/usr/lib/swift/clang/include/stddef.h
/Applications/Xcode.app/Contents/Developer/Platforms/MacOSX.platform/Developer/SDKs/MacOSX26.1.sdk/usr/include/_modules/_darwin_c_stdint.h
/Applications/Xcode.app/Contents/Developer/Platforms/MacOSX.platform/Developer/SDKs/MacOSX26.1.sdk/usr/include/_modules/_darwin_c_stdio.h
/Applications/Xcode.app/Contents/Developer/Platforms/MacOSX.platform/Developer/SDKs/MacOSX26.1.sdk/usr/include/_modules/_darwin_c_stdlib.h
/Applications/Xcode.app/Contents/Developer/Platforms/MacOSX.platform/Developer/SDKs/MacOSX26.1.sdk/usr/include/stdlib.h
/Applications/Xcode.app/Contents/Developer/Platforms/MacOSX.platform/Developer/SDKs/MacOSX26.1.sdk/usr/include/_modules/_darwin_c_string.h
/Applications/Xcode.app/Contents/Developer/Platforms/MacOSX.platform/Developer/SDKs/MacOSX26.1.sdk/usr/include/string.h
/Applications/Xcode.app/Contents/Developer/Platforms/MacOSX.platform/Developer/SDKs/MacOSX26.1.sdk/usr/include/_modules/_darwin_c_time.h
/Applications/Xcode.app/Contents/Developer/Platforms/MacOSX.platform/Developer/SDKs/MacOSX26.1.sdk/usr/include/time.h
/Applications/Xcode.app/Contents/Developer/Platforms/MacOSX.platform/Developer/SDKs/MacOSX26.1.sdk/usr/include/_modules/_darwin_c_wchar.h
/Applications/Xcode.app/Contents/Developer/Platforms/MacOSX.platform/Developer/SDKs/MacOSX26.1.sdk/usr/include/wchar.h
/Applications/Xcode.app/Contents/Developer/Platforms/MacOSX.platform/Developer/SDKs/MacOSX26.1.sdk/usr/include/aio.h
/Applications/Xcode.app/Contents/Developer/Platforms/MacOSX.platform/Developer/SDKs/MacOSX26.1.sdk/usr/include/sys/aio.h
/Applications/Xcode.app/Contents/Developer/Platforms/MacOSX.platform/Developer/SDKs/MacOSX26.1.sdk/usr/include/sys/_types/_o_sync.h
/Applications/Xcode.app/Contents/Developer/Platforms/MacOSX.platform/Developer/SDKs/MacOSX26.1.sdk/usr/include/sys/_types/_o_dsync.h
/Applications/Xcode.app/Contents/Developer/Platforms/MacOSX.platform/Developer/SDKs/MacOSX26.1.sdk/usr/include/arpa/inet.h
/Applications/Xcode.app/Contents/Developer/Platforms/MacOSX.platform/Developer/SDKs/MacOSX26.1.sdk/usr/include/netinet/in.h
/Applications/Xcode.app/Contents/Developer/Platforms/MacOSX.platform/Developer/SDKs/MacOSX26.1.sdk/usr/include/sys/socket.h
/Applications/Xcode.app/Contents/Developer/Platforms/MacOSX.platform/Developer/SDKs/MacOSX26.1.sdk/usr/include/sys/constrained_ctypes.h
/Applications/Xcode.app/Contents/Developer/Platforms/MacOSX.platform/Developer/SDKs/MacOSX26.1.sdk/usr/include/machine/_param.h
/Applications/Xcode.app/Contents/Developer/Platforms/MacOSX.platform/Developer/SDKs/MacOSX26.1.sdk/usr/include/arm/_param.h
/Applications/Xcode.app/Contents/Developer/Platforms/MacOSX.platform/Developer/SDKs/MacOSX26.1.sdk/usr/include/net/net_kev.h
/Applications/Xcode.app/Contents/Developer/Platforms/MacOSX.platform/Developer/SDKs/MacOSX26.1.sdk/usr/include/sys/_types/_sa_family_t.h
/Applications/Xcode.app/Contents/Developer/Platforms/MacOSX.platform/Developer/SDKs/MacOSX26.1.sdk/usr/include/sys/_types/_socklen_t.h
/Applications/Xcode.app/Contents/Developer/Platforms/MacOSX.platform/Developer/SDKs/MacOSX26.1.sdk/usr/include/sys/_types/_iovec_t.h
/Applications/Xcode.app/Contents/Developer/Platforms/MacOSX.platform/Developer/SDKs/MacOSX26.1.sdk/usr/include/netinet6/in6.h
/Applications/Xcode.app/Contents/Developer/Platforms/MacOSX.platform/Developer/SDKs/MacOSX26.1.sdk/usr/include/cpio.h
/Applications/Xcode.app/Contents/Developer/Platforms/MacOSX.platform/Developer/SDKs/MacOSX26.1.sdk/usr/include/dirent.h
/Applications/Xcode.app/Contents/Developer/Platforms/MacOSX.platform/Developer/SDKs/MacOSX26.1.sdk/usr/include/sys/dirent.h
/Applications/Xcode.app/Contents/Developer/Platforms/MacOSX.platform/Developer/SDKs/MacOSX26.1.sdk/usr/include/sys/dir.h
/Applications/Xcode.app/Contents/Developer/Platforms/MacOSX.platform/Developer/SDKs/MacOSX26.1.sdk/usr/include/dlfcn.h
/Applications/Xcode.app/Contents/Developer/Platforms/MacOSX.platform/Developer/SDKs/MacOSX26.1.sdk/usr/include/fcntl.h
/Applications/Xcode.app/Contents/Developer/Platforms/MacOSX.platform/Developer/SDKs/MacOSX26.1.sdk/usr/include/sys/fcntl.h
/Applications/Xcode.app/Contents/Developer/Platforms/MacOSX.platform/Developer/SDKs/MacOSX26.1.sdk/usr/include/sys/_types/_s_ifmt.h
/Applications/Xcode.app/Contents/Developer/Platforms/MacOSX.platform/Developer/SDKs/MacOSX26.1.sdk/usr/include/sys/_types/_filesec_t.h
/Applications/Xcode.app/Contents/Developer/Platforms/MacOSX.platform/Developer/SDKs/MacOSX26.1.sdk/usr/include/fmtmsg.h
/Applications/Xcode.app/Contents/Developer/Platforms/MacOSX.platform/Developer/SDKs/MacOSX26.1.sdk/usr/include/fnmatch.h
/Applications/Xcode.app/Contents/Developer/Platforms/MacOSX.platform/Developer/SDKs/MacOSX26.1.sdk/usr/include/ftw.h
/Applications/Xcode.app/Contents/Developer/Platforms/MacOSX.platform/Developer/SDKs/MacOSX26.1.sdk/usr/include/sys/stat.h
/Applications/Xcode.app/Contents/Developer/Platforms/MacOSX.platform/Developer/SDKs/MacOSX26.1.sdk/usr/include/glob.h
/Applications/Xcode.app/Contents/Developer/Platforms/MacOSX.platform/Developer/SDKs/MacOSX26.1.sdk/usr/include/grp.h
/Applications/Xcode.app/Contents/Developer/Platforms/MacOSX.platform/Developer/SDKs/MacOSX26.1.sdk/usr/include/iconv.h
/Applications/Xcode.app/Contents/Developer/Platforms/MacOSX.platform/Developer/SDKs/MacOSX26.1.sdk/usr/include/ifaddrs.h
/Applications/Xcode.app/Contents/Developer/Platforms/MacOSX.platform/Developer/SDKs/MacOSX26.1.sdk/usr/include/sys/ioctl.h
/Applications/Xcode.app/Contents/Developer/Platforms/MacOSX.platform/Developer/SDKs/MacOSX26.1.sdk/usr/include/sys/filio.h
/Applications/Xcode.app/Contents/Developer/Platforms/MacOSX.platform/Developer/SDKs/MacOSX26.1.sdk/usr/include/sys/sockio.h
/Applications/Xcode.app/Contents/Developer/Platforms/MacOSX.platform/Developer/SDKs/MacOSX26.1.sdk/usr/include/net/if.h
/Applications/Xcode.app/Contents/Developer/Platforms/MacOSX.platform/Developer/SDKs/MacOSX26.1.sdk/usr/include/net/if_var.h
/Applications/Xcode.app/Contents/Developer/Platforms/MacOSX.platform/Developer/SDKs/MacOSX26.1.sdk/usr/include/sys/time.h
/Applications/Xcode.app/Contents/Developer/Platforms/MacOSX.platform/Developer/SDKs/MacOSX26.1.sdk/usr/include/sys/_types/_timeval64.h
/Applications/Xcode.app/Contents/Developer/Platforms/MacOSX.platform/Developer/SDKs/MacOSX26.1.sdk/usr/include/sys/_types/_timeval32.h
/Applications/Xcode.app/Contents/Developer/Platforms/MacOSX.platform/Developer/SDKs/MacOSX26.1.sdk/usr/include/_langinfo.h
/Applications/Xcode.app/Contents/Developer/Platforms/MacOSX.platform/Developer/SDKs/MacOSX26.1.sdk/usr/include/xlocale/_langinfo.h
/Applications/Xcode.app/Contents/Developer/Platforms/MacOSX.platform/Developer/SDKs/MacOSX26.1.sdk/usr/include/libgen.h
/Applications/Xcode.app/Contents/Developer/Platforms/MacOSX.platform/Developer/SDKs/MacOSX26.1.sdk/usr/include/_monetary.h
/Applications/Xcode.app/Contents/Developer/Platforms/MacOSX.platform/Developer/SDKs/MacOSX26.1.sdk/usr/include/xlocale/_monetary.h
/Applications/Xcode.app/Contents/Developer/Platforms/MacOSX.platform/Developer/SDKs/MacOSX26.1.sdk/usr/include/ndbm.h
/Applications/Xcode.app/Contents/Developer/Platforms/MacOSX.platform/Developer/SDKs/MacOSX26.1.sdk/usr/include/netdb.h
/Applications/Xcode.app/Contents/Developer/Platforms/MacOSX.platform/Developer/SDKs/MacOSX26.1.sdk/usr/include/net/if_dl.h
/Applications/Xcode.app/Contents/Developer/Platforms/MacOSX.platform/Developer/SDKs/MacOSX26.1.sdk/usr/include/net/if_types.h
/Applications/Xcode.app/Contents/Developer/Platforms/MacOSX.platform/Developer/SDKs/MacOSX26.1.sdk/usr/include/netinet/tcp.h
/Applications/Xcode.app/Contents/Developer/Platforms/MacOSX.platform/Developer/SDKs/MacOSX26.1.sdk/usr/include/poll.h
/Applications/Xcode.app/Contents/Developer/Platforms/MacOSX.platform/Developer/SDKs/MacOSX26.1.sdk/usr/include/sys/poll.h
/Applications/Xcode.app/Contents/Developer/Platforms/MacOSX.platform/Developer/SDKs/MacOSX26.1.sdk/usr/include/pthread/spawn.h
/Applications/Xcode.app/Contents/Developer/Platforms/MacOSX.platform/Developer/SDKs/MacOSX26.1.sdk/usr/include/spawn.h
/Applications/Xcode.app/Contents/Developer/Platforms/MacOSX.platform/Developer/SDKs/MacOSX26.1.sdk/usr/include/sys/spawn.h
/Applications/Xcode.app/Contents/Developer/Platforms/MacOSX.platform/Developer/SDKs/MacOSX26.1.sdk/usr/include/mach/exception_types.h
/Applications/Xcode.app/Contents/Developer/Platforms/MacOSX.platform/Developer/SDKs/MacOSX26.1.sdk/usr/include/mach/machine/exception.h
/Applications/Xcode.app/Contents/Developer/Platforms/MacOSX.platform/Developer/SDKs/MacOSX26.1.sdk/usr/include/mach/arm/exception.h
/Applications/Xcode.app/Contents/Developer/Platforms/MacOSX.platform/Developer/SDKs/MacOSX26.1.sdk/usr/include/mach/port.h
/Applications/Xcode.app/Contents/Developer/Platforms/MacOSX.platform/Developer/SDKs/MacOSX26.1.sdk/usr/include/mach/boolean.h
/Applications/Xcode.app/Contents/Developer/Platforms/MacOSX.platform/Developer/SDKs/MacOSX26.1.sdk/usr/include/mach/machine/boolean.h
/Applications/Xcode.app/Contents/Developer/Platforms/MacOSX.platform/Developer/SDKs/MacOSX26.1.sdk/usr/include/mach/arm/boolean.h
/Applications/Xcode.app/Contents/Developer/Platforms/MacOSX.platform/Developer/SDKs/MacOSX26.1.sdk/usr/include/mach/machine/vm_types.h
/Applications/Xcode.app/Contents/Developer/Platforms/MacOSX.platform/Developer/SDKs/MacOSX26.1.sdk/usr/include/mach/arm/vm_types.h
/Applications/Xcode.app/Contents/Developer/Platforms/MacOSX.platform/Developer/SDKs/MacOSX26.1.sdk/usr/include/mach/thread_status.h
/Applications/Xcode.app/Contents/Developer/Platforms/MacOSX.platform/Developer/SDKs/MacOSX26.1.sdk/usr/include/mach/machine/thread_status.h
/Applications/Xcode.app/Contents/Developer/Platforms/MacOSX.platform/Developer/SDKs/MacOSX26.1.sdk/usr/include/mach/arm/thread_status.h
/Applications/Xcode.app/Contents/Developer/Platforms/MacOSX.platform/Developer/SDKs/MacOSX26.1.sdk/usr/include/mach/machine/thread_state.h
/Applications/Xcode.app/Contents/Developer/Platforms/MacOSX.platform/Developer/SDKs/MacOSX26.1.sdk/usr/include/mach/arm/thread_state.h
/Applications/Xcode.app/Contents/Developer/Platforms/MacOSX.platform/Developer/SDKs/MacOSX26.1.sdk/usr/include/mach/message.h
/Applications/Xcode.app/Contents/Developer/Platforms/MacOSX.platform/Developer/SDKs/MacOSX26.1.sdk/usr/include/mach/kern_return.h
/Applications/Xcode.app/Contents/Developer/Platforms/MacOSX.platform/Developer/SDKs/MacOSX26.1.sdk/usr/include/mach/machine/kern_return.h
/Applications/Xcode.app/Contents/Developer/Platforms/MacOSX.platform/Developer/SDKs/MacOSX26.1.sdk/usr/include/mach/arm/kern_return.h
/Applications/Xcode.app/Contents/Developer/Platforms/MacOSX.platform/Developer/SDKs/MacOSX26.1.sdk/usr/include/mach/vm_types.h
/Applications/Xcode.app/Contents/Developer/Platforms/MacOSX.platform/Developer/SDKs/MacOSX26.1.sdk/usr/include/mach_debug/ipc_info.h
/Applications/Xcode.app/Contents/Developer/Platforms/MacOSX.platform/Developer/SDKs/MacOSX26.1.sdk/usr/include/mach/machine.h
/Applications/Xcode.app/Contents/Developer/Platforms/MacOSX.platform/Developer/SDKs/MacOSX26.1.sdk/usr/include/pthread/pthread_spis.h
/Applications/Xcode.app/Contents/Developer/Platforms/MacOSX.platform/Developer/SDKs/MacOSX26.1.sdk/usr/include/_modules/_darwin_posix_pthread_pthread.h
/Applications/Xcode.app/Contents/Developer/Platforms/MacOSX.platform/Developer/SDKs/MacOSX26.1.sdk/usr/include/_regex.h
/Applications/Xcode.app/Contents/Developer/Platforms/MacOSX.platform/Developer/SDKs/MacOSX26.1.sdk/usr/include/xlocale/_regex.h
/Applications/Xcode.app/Contents/Developer/Platforms/MacOSX.platform/Developer/SDKs/MacOSX26.1.sdk/usr/include/search.h
/Applications/Xcode.app/Contents/Developer/Platforms/MacOSX.platform/Developer/SDKs/MacOSX26.1.sdk/usr/include/semaphore.h
/Applications/Xcode.app/Contents/Developer/Platforms/MacOSX.platform/Developer/SDKs/MacOSX26.1.sdk/usr/include/sys/semaphore.h
/Applications/Xcode.app/Contents/Developer/Platforms/MacOSX.platform/Developer/SDKs/MacOSX26.1.sdk/usr/include/sys/posix_sem.h
/Applications/Xcode.app/Contents/Developer/Platforms/MacOSX.platform/Developer/SDKs/MacOSX26.1.sdk/usr/include/sys/proc.h
/Applications/Xcode.app/Contents/Developer/Platforms/MacOSX.platform/Developer/SDKs/MacOSX26.1.sdk/usr/include/sys/queue.h
/Applications/Xcode.app/Contents/Developer/Platforms/MacOSX.platform/Developer/SDKs/MacOSX26.1.sdk/usr/include/sys/lock.h
/Applications/Xcode.app/Contents/Developer/Platforms/MacOSX.platform/Developer/SDKs/MacOSX26.1.sdk/usr/include/sys/param.h
/Applications/Xcode.app/Contents/Developer/Platforms/MacOSX.platform/Developer/SDKs/MacOSX26.1.sdk/usr/include/machine/param.h
/Applications/Xcode.app/Contents/Developer/Platforms/MacOSX.platform/Developer/SDKs/MacOSX26.1.sdk/usr/include/arm/param.h
/Applications/Xcode.app/Contents/Developer/Platforms/MacOSX.platform/Developer/SDKs/MacOSX26.1.sdk/usr/include/sys/event.h
/Applications/Xcode.app/Contents/Developer/Platforms/MacOSX.platform/Developer/SDKs/MacOSX26.1.sdk/usr/include/strings.h
/Applications/Xcode.app/Contents/Developer/Platforms/MacOSX.platform/Developer/SDKs/MacOSX26.1.sdk/usr/include/sys/ipc.h
/Applications/Xcode.app/Contents/Developer/Platforms/MacOSX.platform/Developer/SDKs/MacOSX26.1.sdk/usr/include/sys/mman.h
/Applications/Xcode.app/Contents/Developer/Platforms/MacOSX.platform/Developer/SDKs/MacOSX26.1.sdk/usr/include/sys/msg.h
/Applications/Xcode.app/Contents/Developer/Platforms/MacOSX.platform/Developer/SDKs/MacOSX26.1.sdk/usr/include/sys/sem.h
/Applications/Xcode.app/Contents/Developer/Platforms/MacOSX.platform/Developer/SDKs/MacOSX26.1.sdk/usr/include/sys/shm.h
/Applications/Xcode.app/Contents/Developer/Platforms/MacOSX.platform/Developer/SDKs/MacOSX26.1.sdk/usr/include/sys/posix_shm.h
/Applications/Xcode.app/Contents/Developer/Platforms/MacOSX.platform/Developer/SDKs/MacOSX26.1.sdk/usr/include/sys/statvfs.h
/Applications/Xcode.app/Contents/Developer/Platforms/MacOSX.platform/Developer/SDKs/MacOSX26.1.sdk/usr/include/sys/times.h
/Applications/Xcode.app/Contents/Developer/Platforms/MacOSX.platform/Developer/SDKs/MacOSX26.1.sdk/usr/include/sys/_types/_fsid_t.h
/Applications/Xcode.app/Contents/Developer/Platforms/MacOSX.platform/Developer/SDKs/MacOSX26.1.sdk/usr/include/sys/_types/_fsobj_id_t.h
/Applications/Xcode.app/Contents/Developer/Platforms/MacOSX.platform/Developer/SDKs/MacOSX26.1.sdk/usr/include/sys/_types/_graftdmg_un.h
/Applications/Xcode.app/Contents/Developer/Platforms/MacOSX.platform/Developer/SDKs/MacOSX26.1.sdk/usr/include/sys/_types/_guid_t.h
/Applications/Xcode.app/Contents/Developer/Platforms/MacOSX.platform/Developer/SDKs/MacOSX26.1.sdk/usr/include/sys/_types/_mount_t.h
/Applications/Xcode.app/Contents/Developer/Platforms/MacOSX.platform/Developer/SDKs/MacOSX26.1.sdk/usr/include/sys/_types/_os_inline.h
/Applications/Xcode.app/Contents/Developer/Platforms/MacOSX.platform/Developer/SDKs/MacOSX26.1.sdk/usr/include/sys/_types/_ucontext64.h
/Applications/Xcode.app/Contents/Developer/Platforms/MacOSX.platform/Developer/SDKs/MacOSX26.1.sdk/usr/include/sys/_types/_vnode_t.h
/Applications/Xcode.app/Contents/Developer/Platforms/MacOSX.platform/Developer/SDKs/MacOSX26.1.sdk/usr/include/sys/uio.h
/Applications/Xcode.app/Contents/Developer/Platforms/MacOSX.platform/Developer/SDKs/MacOSX26.1.sdk/usr/include/sys/un.h
/Applications/Xcode.app/Contents/Developer/Platforms/MacOSX.platform/Developer/SDKs/MacOSX26.1.sdk/usr/include/sys/utsname.h
/Applications/Xcode.app/Contents/Developer/Platforms/MacOSX.platform/Developer/SDKs/MacOSX26.1.sdk/usr/include/sys/vsock.h
/Applications/Xcode.app/Contents/Developer/Platforms/MacOSX.platform/Developer/SDKs/MacOSX26.1.sdk/usr/include/sys/ucred.h
/Applications/Xcode.app/Contents/Developer/Platforms/MacOSX.platform/Developer/SDKs/MacOSX26.1.sdk/usr/include/bsm/audit.h
/Applications/Xcode.app/Contents/Developer/Platforms/MacOSX.platform/Developer/SDKs/MacOSX26.1.sdk/usr/include/sys/socketvar.h
/Applications/Xcode.app/Contents/Developer/Platforms/MacOSX.platform/Developer/SDKs/MacOSX26.1.sdk/usr/include/sys/xattr.h
/Applications/Xcode.app/Contents/Developer/Platforms/MacOSX.platform/Developer/SDKs/MacOSX26.1.sdk/usr/include/_modules/_darwin_posix_sys_resource.h
/Applications/Xcode.app/Contents/Developer/Platforms/MacOSX.platform/Developer/SDKs/MacOSX26.1.sdk/usr/include/_modules/_darwin_posix_sys_select.h
/Applications/Xcode.app/Contents/Developer/Platforms/MacOSX.platform/Developer/SDKs/MacOSX26.1.sdk/usr/include/_modules/_darwin_posix_sys_wait.h
/Applications/Xcode.app/Contents/Developer/Platforms/MacOSX.platform/Developer/SDKs/MacOSX26.1.sdk/usr/include/syslog.h
/Applications/Xcode.app/Contents/Developer/Platforms/MacOSX.platform/Developer/SDKs/MacOSX26.1.sdk/usr/include/sys/syslog.h
/Applications/Xcode.app/Contents/Developer/Platforms/MacOSX.platform/Developer/SDKs/MacOSX26.1.sdk/usr/include/tar.h
/Applications/Xcode.app/Contents/Developer/Platforms/MacOSX.platform/Developer/SDKs/MacOSX26.1.sdk/usr/include/ulimit.h
/Applications/Xcode.app/Contents/Developer/Platforms/MacOSX.platform/Developer/SDKs/MacOSX26.1.sdk/usr/include/utime.h
/Applications/Xcode.app/Contents/Developer/Platforms/MacOSX.platform/Developer/SDKs/MacOSX26.1.sdk/usr/include/utmpx.h
/Applications/Xcode.app/Contents/Developer/Platforms/MacOSX.platform/Developer/SDKs/MacOSX26.1.sdk/usr/include/wordexp.h
/Applications/Xcode.app/Contents/Developer/Platforms/MacOSX.platform/Developer/SDKs/MacOSX26.1.sdk/usr/include/_modules/_darwin_posix_nl_types.h
/Applications/Xcode.app/Contents/Developer/Platforms/MacOSX.platform/Developer/SDKs/MacOSX26.1.sdk/usr/include/_modules/_darwin_posix_sched.h
/Applications/Xcode.app/Contents/Developer/Platforms/MacOSX.platform/Developer/SDKs/MacOSX26.1.sdk/usr/include/_modules/_darwin_posix_unistd.h
/Applications/Xcode.app/Contents/Developer/Platforms/MacOSX.platform/Developer/SDKs/MacOSX26.1.sdk/usr/include/net/bpf.h
/Applications/Xcode.app/Contents/Developer/Platforms/MacOSX.platform/Developer/SDKs/MacOSX26.1.sdk/usr/include/net/dlil.h
/Applications/Xcode.app/Contents/Developer/Platforms/MacOSX.platform/Developer/SDKs/MacOSX26.1.sdk/usr/include/net/ethernet.h
/Applications/Xcode.app/Contents/Developer/Platforms/MacOSX.platform/Developer/SDKs/MacOSX26.1.sdk/usr/include/net/if_arp.h
/Applications/Xcode.app/Contents/Developer/Platforms/MacOSX.platform/Developer/SDKs/MacOSX26.1.sdk/usr/include/net/if_llc.h
/Applications/Xcode.app/Contents/Developer/Platforms/MacOSX.platform/Developer/SDKs/MacOSX26.1.sdk/usr/include/net/if_media.h
/Applications/Xcode.app/Contents/Developer/Platforms/MacOSX.platform/Developer/SDKs/MacOSX26.1.sdk/usr/include/net/if_mib.h
/Applications/Xcode.app/Contents/Developer/Platforms/MacOSX.platform/Developer/SDKs/MacOSX26.1.sdk/usr/include/net/if_utun.h
/Applications/Xcode.app/Contents/Developer/Platforms/MacOSX.platform/Developer/SDKs/MacOSX26.1.sdk/usr/include/net/if_var_status.h
/Applications/Xcode.app/Contents/Developer/Platforms/MacOSX.platform/Developer/SDKs/MacOSX26.1.sdk/usr/include/net/kext_net.h
/Applications/Xcode.app/Contents/Developer/Platforms/MacOSX.platform/Developer/SDKs/MacOSX26.1.sdk/usr/include/net/ndrv.h
/Applications/Xcode.app/Contents/Developer/Platforms/MacOSX.platform/Developer/SDKs/MacOSX26.1.sdk/usr/include/net/pfkeyv2.h
/Applications/Xcode.app/Contents/Developer/Platforms/MacOSX.platform/Developer/SDKs/MacOSX26.1.sdk/usr/include/net/route.h
/Applications/Xcode.app/Contents/Developer/Platforms/MacOSX.platform/Developer/SDKs/MacOSX26.1.sdk/usr/include/netinet/bootp.h
/Applications/Xcode.app/Contents/Developer/Platforms/MacOSX.platform/Developer/SDKs/MacOSX26.1.sdk/usr/include/netinet/ip.h
/Applications/Xcode.app/Contents/Developer/Platforms/MacOSX.platform/Developer/SDKs/MacOSX26.1.sdk/usr/include/netinet/in_systm.h
/Applications/Xcode.app/Contents/Developer/Platforms/MacOSX.platform/Developer/SDKs/MacOSX26.1.sdk/usr/include/netinet/udp.h
/Applications/Xcode.app/Contents/Developer/Platforms/MacOSX.platform/Developer/SDKs/MacOSX26.1.sdk/usr/include/netinet/icmp6.h
/Applications/Xcode.app/Contents/Developer/Platforms/MacOSX.platform/Developer/SDKs/MacOSX26.1.sdk/usr/include/netinet/icmp_var.h
/Applications/Xcode.app/Contents/Developer/Platforms/MacOSX.platform/Developer/SDKs/MacOSX26.1.sdk/usr/include/netinet/ip_icmp.h
/Applications/Xcode.app/Contents/Developer/Platforms/MacOSX.platform/Developer/SDKs/MacOSX26.1.sdk/usr/include/netinet/if_ether.h
/Applications/Xcode.app/Contents/Developer/Platforms/MacOSX.platform/Developer/SDKs/MacOSX26.1.sdk/usr/include/netinet/igmp.h
/Applications/Xcode.app/Contents/Developer/Platforms/MacOSX.platform/Developer/SDKs/MacOSX26.1.sdk/usr/include/netinet/igmp_var.h
/Applications/Xcode.app/Contents/Developer/Platforms/MacOSX.platform/Developer/SDKs/MacOSX26.1.sdk/usr/include/netinet/in_pcb.h
/Applications/Xcode.app/Contents/Developer/Platforms/MacOSX.platform/Developer/SDKs/MacOSX26.1.sdk/usr/include/netinet/in_var.h
/Applications/Xcode.app/Contents/Developer/Platforms/MacOSX.platform/Developer/SDKs/MacOSX26.1.sdk/usr/include/sys/protosw.h
/Applications/Xcode.app/Contents/Developer/Platforms/MacOSX.platform/Developer/SDKs/MacOSX26.1.sdk/usr/include/sys/kern_event.h
/Applications/Xcode.app/Contents/Developer/Platforms/MacOSX.platform/Developer/SDKs/MacOSX26.1.sdk/usr/include/sys/sys_domain.h
/Applications/Xcode.app/Contents/Developer/Platforms/MacOSX.platform/Developer/SDKs/MacOSX26.1.sdk/usr/include/netinet6/in6_var.h
/Applications/Xcode.app/Contents/Developer/Platforms/MacOSX.platform/Developer/SDKs/MacOSX26.1.sdk/usr/include/netinet6/scope6_var.h
/Applications/Xcode.app/Contents/Developer/Platforms/MacOSX.platform/Developer/SDKs/MacOSX26.1.sdk/usr/include/netinet/ip6.h
/Applications/Xcode.app/Contents/Developer/Platforms/MacOSX.platform/Developer/SDKs/MacOSX26.1.sdk/usr/include/netinet/ip_var.h
/Applications/Xcode.app/Contents/Developer/Platforms/MacOSX.platform/Developer/SDKs/MacOSX26.1.sdk/usr/include/netinet/tcp_fsm.h
/Applications/Xcode.app/Contents/Developer/Platforms/MacOSX.platform/Developer/SDKs/MacOSX26.1.sdk/usr/include/netinet/tcp_seq.h
/Applications/Xcode.app/Contents/Developer/Platforms/MacOSX.platform/Developer/SDKs/MacOSX26.1.sdk/usr/include/netinet/tcp_timer.h
/Applications/Xcode.app/Contents/Developer/Platforms/MacOSX.platform/Developer/SDKs/MacOSX26.1.sdk/usr/include/netinet/tcp_var.h
/Applications/Xcode.app/Contents/Developer/Platforms/MacOSX.platform/Developer/SDKs/MacOSX26.1.sdk/usr/include/netinet/tcpip.h
/Applications/Xcode.app/Contents/Developer/Platforms/MacOSX.platform/Developer/SDKs/MacOSX26.1.sdk/usr/include/netinet/udp_var.h
/Applications/Xcode.app/Contents/Developer/Platforms/MacOSX.platform/Developer/SDKs/MacOSX26.1.sdk/usr/include/sys/sysctl.h
/Applications/Xcode.app/Contents/Developer/Platforms/MacOSX.platform/Developer/SDKs/MacOSX26.1.sdk/usr/include/sys/vm.h
/Applications/Xcode.app/Contents/Developer/Platforms/MacOSX.platform/Developer/SDKs/MacOSX26.1.sdk/usr/include/ar.h
/Applications/Xcode.app/Contents/Developer/Platforms/MacOSX.platform/Developer/SDKs/MacOSX26.1.sdk/usr/include/bank/bank_types.h
/Applications/Xcode.app/Contents/Developer/Platforms/MacOSX.platform/Developer/SDKs/MacOSX26.1.sdk/usr/include/os/base.h
/Applications/Xcode.app/Contents/Developer/Platforms/MacOSX.platform/Developer/SDKs/MacOSX26.1.sdk/usr/include/mach/mach_types.h
/Applications/Xcode.app/Contents/Developer/Platforms/MacOSX.platform/Developer/SDKs/MacOSX26.1.sdk/usr/include/mach/host_info.h
/Applications/Xcode.app/Contents/Developer/Platforms/MacOSX.platform/Developer/SDKs/MacOSX26.1.sdk/usr/include/mach/vm_statistics.h
/Applications/Xcode.app/Contents/Developer/Platforms/MacOSX.platform/Developer/SDKs/MacOSX26.1.sdk/usr/include/mach/time_value.h
/Applications/Xcode.app/Contents/Developer/Platforms/MacOSX.platform/Developer/SDKs/MacOSX26.1.sdk/usr/include/mach/host_notify.h
/Applications/Xcode.app/Contents/Developer/Platforms/MacOSX.platform/Developer/SDKs/MacOSX26.1.sdk/usr/include/mach/host_special_ports.h
/Applications/Xcode.app/Contents/Developer/Platforms/MacOSX.platform/Developer/SDKs/MacOSX26.1.sdk/usr/include/mach/memory_object_types.h
/Applications/Xcode.app/Contents/Developer/Platforms/MacOSX.platform/Developer/SDKs/MacOSX26.1.sdk/usr/include/mach/vm_prot.h
/Applications/Xcode.app/Contents/Developer/Platforms/MacOSX.platform/Developer/SDKs/MacOSX26.1.sdk/usr/include/mach/vm_sync.h
/Applications/Xcode.app/Contents/Developer/Platforms/MacOSX.platform/Developer/SDKs/MacOSX26.1.sdk/usr/include/mach/mach_voucher_types.h
/Applications/Xcode.app/Contents/Developer/Platforms/MacOSX.platform/Developer/SDKs/MacOSX26.1.sdk/usr/include/mach/std_types.h
/Applications/Xcode.app/Contents/Developer/Platforms/MacOSX.platform/Developer/SDKs/MacOSX26.1.sdk/usr/include/mach/processor_info.h
/Applications/Xcode.app/Contents/Developer/Platforms/MacOSX.platform/Developer/SDKs/MacOSX26.1.sdk/usr/include/mach/machine/processor_info.h
/Applications/Xcode.app/Contents/Developer/Platforms/MacOSX.platform/Developer/SDKs/MacOSX26.1.sdk/usr/include/mach/arm/processor_info.h
/Applications/Xcode.app/Contents/Developer/Platforms/MacOSX.platform/Developer/SDKs/MacOSX26.1.sdk/usr/include/mach/task_info.h
/Applications/Xcode.app/Contents/Developer/Platforms/MacOSX.platform/Developer/SDKs/MacOSX26.1.sdk/usr/include/mach/policy.h
/Applications/Xcode.app/Contents/Developer/Platforms/MacOSX.platform/Developer/SDKs/MacOSX26.1.sdk/usr/include/mach/task_inspect.h
/Applications/Xcode.app/Contents/Developer/Platforms/MacOSX.platform/Developer/SDKs/MacOSX26.1.sdk/usr/include/mach/task_policy.h
/Applications/Xcode.app/Contents/Developer/Platforms/MacOSX.platform/Developer/SDKs/MacOSX26.1.sdk/usr/include/mach/task_special_ports.h
/Applications/Xcode.app/Contents/Developer/Platforms/MacOSX.platform/Developer/SDKs/MacOSX26.1.sdk/usr/include/mach/thread_info.h
/Applications/Xcode.app/Contents/Developer/Platforms/MacOSX.platform/Developer/SDKs/MacOSX26.1.sdk/usr/include/mach/thread_policy.h
/Applications/Xcode.app/Contents/Developer/Platforms/MacOSX.platform/Developer/SDKs/MacOSX26.1.sdk/usr/include/mach/thread_special_ports.h
/Applications/Xcode.app/Contents/Developer/Platforms/MacOSX.platform/Developer/SDKs/MacOSX26.1.sdk/usr/include/mach/clock_types.h
/Applications/Xcode.app/Contents/Developer/Platforms/MacOSX.platform/Developer/SDKs/MacOSX26.1.sdk/usr/include/mach/vm_attributes.h
/Applications/Xcode.app/Contents/Developer/Platforms/MacOSX.platform/Developer/SDKs/MacOSX26.1.sdk/usr/include/mach/vm_inherit.h
/Applications/Xcode.app/Contents/Developer/Platforms/MacOSX.platform/Developer/SDKs/MacOSX26.1.sdk/usr/include/mach/vm_purgable.h
/Applications/Xcode.app/Contents/Developer/Platforms/MacOSX.platform/Developer/SDKs/MacOSX26.1.sdk/usr/include/mach/vm_behavior.h
/Applications/Xcode.app/Contents/Developer/Platforms/MacOSX.platform/Developer/SDKs/MacOSX26.1.sdk/usr/include/mach/vm_region.h
/Applications/Xcode.app/Contents/Developer/Platforms/MacOSX.platform/Developer/SDKs/MacOSX26.1.sdk/usr/include/mach/machine/vm_param.h
/Applications/Xcode.app/Contents/Developer/Platforms/MacOSX.platform/Developer/SDKs/MacOSX26.1.sdk/usr/include/mach/arm/vm_param.h
/Applications/Xcode.app/Contents/Developer/Platforms/MacOSX.platform/Developer/SDKs/MacOSX26.1.sdk/usr/include/mach/vm_page_size.h
/Applications/Xcode.app/Contents/Developer/Platforms/MacOSX.platform/Developer/SDKs/MacOSX26.1.sdk/usr/include/mach/kmod.h
/Applications/Xcode.app/Contents/Developer/Platforms/MacOSX.platform/Developer/SDKs/MacOSX26.1.sdk/usr/include/mach/dyld_kernel.h
/Applications/Xcode.app/Contents/Developer/Platforms/MacOSX.platform/Developer/SDKs/MacOSX26.1.sdk/usr/include/ConditionalMacros.h
/Applications/Xcode.app/Contents/Developer/Platforms/MacOSX.platform/Developer/SDKs/MacOSX26.1.sdk/usr/include/crt_externs.h
/Applications/Xcode.app/Contents/Developer/Platforms/MacOSX.platform/Developer/SDKs/MacOSX26.1.sdk/usr/include/fts.h
/Applications/Xcode.app/Contents/Developer/Platforms/MacOSX.platform/Developer/SDKs/MacOSX26.1.sdk/usr/include/getopt.h
/Applications/Xcode.app/Contents/Developer/Platforms/MacOSX.platform/Developer/SDKs/MacOSX26.1.sdk/usr/include/AssertMacros.h
/Applications/Xcode.app/Contents/Developer/Platforms/MacOSX.platform/Developer/SDKs/MacOSX26.1.sdk/usr/include/MacTypes.h
/Applications/Xcode.app/Contents/Developer/Platforms/MacOSX.platform/Developer/SDKs/MacOSX26.1.sdk/usr/include/mach/mach.h
/Applications/Xcode.app/Contents/Developer/Platforms/MacOSX.platform/Developer/SDKs/MacOSX26.1.sdk/usr/include/mach/mach_interface.h
/Applications/Xcode.app/Contents/Developer/Platforms/MacOSX.platform/Developer/SDKs/MacOSX26.1.sdk/usr/include/mach/clock_priv.h
/Applications/Xcode.app/Contents/Developer/Platforms/MacOSX.platform/Developer/SDKs/MacOSX26.1.sdk/usr/include/mach/ndr.h
/Applications/Xcode.app/Contents/Developer/Platforms/MacOSX.platform/Developer/SDKs/MacOSX26.1.sdk/usr/include/libkern/OSByteOrder.h
/Applications/Xcode.app/Contents/Developer/Platforms/MacOSX.platform/Developer/SDKs/MacOSX26.1.sdk/usr/include/libkern/arm/OSByteOrder.h
/Applications/Xcode.app/Contents/Developer/Platforms/MacOSX.platform/Developer/SDKs/MacOSX26.1.sdk/usr/include/arm/arch.h
/Applications/Xcode.app/Contents/Developer/Platforms/MacOSX.platform/Developer/SDKs/MacOSX26.1.sdk/usr/include/mach/notify.h
/Applications/Xcode.app/Contents/Developer/Platforms/MacOSX.platform/Developer/SDKs/MacOSX26.1.sdk/usr/include/mach/mig_errors.h
/Applications/Xcode.app/Contents/Developer/Platforms/MacOSX.platform/Developer/SDKs/MacOSX26.1.sdk/usr/include/mach/mig.h
/Applications/Xcode.app/Contents/Developer/Platforms/MacOSX.platform/Developer/SDKs/MacOSX26.1.sdk/usr/include/mach/host_priv.h
/Applications/Xcode.app/Contents/Developer/Platforms/MacOSX.platform/Developer/SDKs/MacOSX26.1.sdk/usr/include/mach_debug/mach_debug_types.h
/Applications/Xcode.app/Contents/Developer/Platforms/MacOSX.platform/Developer/SDKs/MacOSX26.1.sdk/usr/include/mach_debug/vm_info.h
/Applications/Xcode.app/Contents/Developer/Platforms/MacOSX.platform/Developer/SDKs/MacOSX26.1.sdk/usr/include/mach_debug/zone_info.h
/Applications/Xcode.app/Contents/Developer/Platforms/MacOSX.platform/Developer/SDKs/MacOSX26.1.sdk/usr/include/mach_debug/page_info.h
/Applications/Xcode.app/Contents/Developer/Platforms/MacOSX.platform/Developer/SDKs/MacOSX26.1.sdk/usr/include/mach_debug/hash_info.h
/Applications/Xcode.app/Contents/Developer/Platforms/MacOSX.platform/Developer/SDKs/MacOSX26.1.sdk/usr/include/mach_debug/lockgroup_info.h
/Applications/Xcode.app/Contents/Developer/Platforms/MacOSX.platform/Developer/SDKs/MacOSX26.1.sdk/usr/include/mach/host_security.h
/Applications/Xcode.app/Contents/Developer/Platforms/MacOSX.platform/Developer/SDKs/MacOSX26.1.sdk/usr/include/mach/processor.h
/Applications/Xcode.app/Contents/Developer/Platforms/MacOSX.platform/Developer/SDKs/MacOSX26.1.sdk/usr/include/mach/processor_set.h
/Applications/Xcode.app/Contents/Developer/Platforms/MacOSX.platform/Developer/SDKs/MacOSX26.1.sdk/usr/include/mach/semaphore.h
/Applications/Xcode.app/Contents/Developer/Platforms/MacOSX.platform/Developer/SDKs/MacOSX26.1.sdk/usr/include/mach/sync_policy.h
/Applications/Xcode.app/Contents/Developer/Platforms/MacOSX.platform/Developer/SDKs/MacOSX26.1.sdk/usr/include/mach/task.h
/Applications/Xcode.app/Contents/Developer/Platforms/MacOSX.platform/Developer/SDKs/MacOSX26.1.sdk/usr/include/mach/thread_act.h
/Applications/Xcode.app/Contents/Developer/Platforms/MacOSX.platform/Developer/SDKs/MacOSX26.1.sdk/usr/include/mach/vm_map.h
/Applications/Xcode.app/Contents/Developer/Platforms/MacOSX.platform/Developer/SDKs/MacOSX26.1.sdk/usr/include/mach/mach_port.h
/Applications/Xcode.app/Contents/Developer/Platforms/MacOSX.platform/Developer/SDKs/MacOSX26.1.sdk/usr/include/mach/mach_init.h
/Applications/Xcode.app/Contents/Developer/Platforms/MacOSX.platform/Developer/SDKs/MacOSX26.1.sdk/usr/include/mach/mach_traps.h
/Applications/Xcode.app/Contents/Developer/Platforms/MacOSX.platform/Developer/SDKs/MacOSX26.1.sdk/usr/include/mach/error.h
/Applications/Xcode.app/Contents/Developer/Platforms/MacOSX.platform/Developer/SDKs/MacOSX26.1.sdk/usr/include/mach/mach_host.h
/Applications/Xcode.app/Contents/Developer/Platforms/MacOSX.platform/Developer/SDKs/MacOSX26.1.sdk/usr/include/mach/thread_switch.h
/Applications/Xcode.app/Contents/Developer/Platforms/MacOSX.platform/Developer/SDKs/MacOSX26.1.sdk/usr/include/mach/rpc.h
/Applications/Xcode.app/Contents/Developer/Platforms/MacOSX.platform/Developer/SDKs/MacOSX26.1.sdk/usr/include/mach/machine/rpc.h
/Applications/Xcode.app/Contents/Developer/Platforms/MacOSX.platform/Developer/SDKs/MacOSX26.1.sdk/usr/include/mach/arm/rpc.h
/Applications/Xcode.app/Contents/Developer/Platforms/MacOSX.platform/Developer/SDKs/MacOSX26.1.sdk/usr/include/mach/mach_error.h
/Applications/Xcode.app/Contents/Developer/Platforms/MacOSX.platform/Developer/SDKs/MacOSX26.1.sdk/usr/include/mach/audit_triggers_types.h
/Applications/Xcode.app/Contents/Developer/Platforms/MacOSX.platform/Developer/SDKs/MacOSX26.1.sdk/usr/include/mach/bootstrap.h
/Applications/Xcode.app/Contents/Developer/Platforms/MacOSX.platform/Developer/SDKs/MacOSX26.1.sdk/usr/include/mach/clock.h
/Applications/Xcode.app/Contents/Developer/Platforms/MacOSX.platform/Developer/SDKs/MacOSX26.1.sdk/usr/include/mach/clock_reply.h
/Applications/Xcode.app/Contents/Developer/Platforms/MacOSX.platform/Developer/SDKs/MacOSX26.1.sdk/usr/include/mach/exc.h
/Applications/Xcode.app/Contents/Developer/Platforms/MacOSX.platform/Developer/SDKs/MacOSX26.1.sdk/usr/include/mach/exception.h
/Applications/Xcode.app/Contents/Developer/Platforms/MacOSX.platform/Developer/SDKs/MacOSX26.1.sdk/usr/include/mach/host_reboot.h
/Applications/Xcode.app/Contents/Developer/Platforms/MacOSX.platform/Developer/SDKs/MacOSX26.1.sdk/usr/include/arm64/hv/hv_kern_types.h
/Applications/Xcode.app/Contents/Developer/Platforms/MacOSX.platform/Developer/SDKs/MacOSX26.1.sdk/usr/include/mach/mach_param.h
/Applications/Xcode.app/Contents/Developer/Platforms/MacOSX.platform/Developer/SDKs/MacOSX26.1.sdk/usr/include/mach/mach_right.h
/Applications/Xcode.app/Contents/Developer/Platforms/MacOSX.platform/Developer/SDKs/MacOSX26.1.sdk/usr/include/mach/mach_syscalls.h
/Applications/Xcode.app/Contents/Developer/Platforms/MacOSX.platform/Developer/SDKs/MacOSX26.1.sdk/usr/include/mach/mach_time.h
/Applications/Xcode.app/Contents/Developer/Platforms/MacOSX.platform/Developer/SDKs/MacOSX26.1.sdk/usr/include/mach/mach_vm.h
/Applications/Xcode.app/Contents/Developer/Platforms/MacOSX.platform/Developer/SDKs/MacOSX26.1.sdk/usr/include/mach/mach_voucher.h
/Applications/Xcode.app/Contents/Developer/Platforms/MacOSX.platform/Developer/SDKs/MacOSX26.1.sdk/usr/include/mach/memory_entry.h
/Applications/Xcode.app/Contents/Developer/Platforms/MacOSX.platform/Developer/SDKs/MacOSX26.1.sdk/usr/include/mach/mig_strncpy_zerofill_support.h
/Applications/Xcode.app/Contents/Developer/Platforms/MacOSX.platform/Developer/SDKs/MacOSX26.1.sdk/usr/include/mach/mig_voucher_support.h
/Applications/Xcode.app/Contents/Developer/Platforms/MacOSX.platform/Developer/SDKs/MacOSX26.1.sdk/usr/include/mach/port_obj.h
/Applications/Xcode.app/Contents/Developer/Platforms/MacOSX.platform/Developer/SDKs/MacOSX26.1.sdk/usr/include/mach/sdt.h
/Applications/Xcode.app/Contents/Developer/Platforms/MacOSX.platform/Developer/SDKs/MacOSX26.1.sdk/usr/include/mach/machine/sdt.h
/Applications/Xcode.app/Contents/Developer/Platforms/MacOSX.platform/Developer/SDKs/MacOSX26.1.sdk/usr/include/sys/sdt.h
/Applications/Xcode.app/Contents/Developer/Platforms/MacOSX.platform/Developer/SDKs/MacOSX26.1.sdk/usr/include/mach/shared_region.h
/Applications/Xcode.app/Contents/Developer/Platforms/MacOSX.platform/Developer/SDKs/MacOSX26.1.sdk/usr/include/mach/sync.h
/Applications/Xcode.app/Contents/Developer/Platforms/MacOSX.platform/Developer/SDKs/MacOSX26.1.sdk/usr/include/mach/thread_state.h
/Applications/Xcode.app/Contents/Developer/Platforms/MacOSX.platform/Developer/SDKs/MacOSX26.1.sdk/usr/include/mach/vm_param.h
/Applications/Xcode.app/Contents/Developer/Platforms/MacOSX.platform/Developer/SDKs/MacOSX26.1.sdk/usr/include/mach/vm_task.h
/Applications/Xcode.app/Contents/Developer/Platforms/MacOSX.platform/Developer/SDKs/MacOSX26.1.sdk/usr/include/mach/machine/asm.h
/Applications/Xcode.app/Contents/Developer/Platforms/MacOSX.platform/Developer/SDKs/MacOSX26.1.sdk/usr/include/mach/arm64/asm.h
/Applications/Xcode.app/Contents/Developer/Platforms/MacOSX.platform/Developer/SDKs/MacOSX26.1.sdk/usr/include/mach/i386/asm.h
/Applications/Xcode.app/Contents/Developer/Platforms/MacOSX.platform/Developer/SDKs/MacOSX26.1.sdk/usr/include/mach/arm/asm.h
/Applications/Xcode.app/Contents/Developer/Platforms/MacOSX.platform/Developer/SDKs/MacOSX26.1.sdk/usr/include/mach/i386/boolean.h
/Applications/Xcode.app/Contents/Developer/Platforms/MacOSX.platform/Developer/SDKs/MacOSX26.1.sdk/usr/include/mach/i386/exception.h
/Applications/Xcode.app/Contents/Developer/Platforms/MacOSX.platform/Developer/SDKs/MacOSX26.1.sdk/usr/include/mach/i386/fp_reg.h
/Applications/Xcode.app/Contents/Developer/Platforms/MacOSX.platform/Developer/SDKs/MacOSX26.1.sdk/usr/include/mach/i386/kern_return.h
/Applications/Xcode.app/Contents/Developer/Platforms/MacOSX.platform/Developer/SDKs/MacOSX26.1.sdk/usr/include/mach/machine/ndr_def.h
/Applications/Xcode.app/Contents/Developer/Platforms/MacOSX.platform/Developer/SDKs/MacOSX26.1.sdk/usr/include/mach/arm/ndr_def.h
/Applications/Xcode.app/Contents/Developer/Platforms/MacOSX.platform/Developer/SDKs/MacOSX26.1.sdk/usr/include/mach/i386/processor_info.h
/Applications/Xcode.app/Contents/Developer/Platforms/MacOSX.platform/Developer/SDKs/MacOSX26.1.sdk/usr/include/mach/i386/rpc.h
/Applications/Xcode.app/Contents/Developer/Platforms/MacOSX.platform/Developer/SDKs/MacOSX26.1.sdk/usr/include/mach/machine/sdt_isa.h
/Applications/Xcode.app/Contents/Developer/Platforms/MacOSX.platform/Developer/SDKs/MacOSX26.1.sdk/usr/include/mach/arm/sdt_isa.h
/Applications/Xcode.app/Contents/Developer/Platforms/MacOSX.platform/Developer/SDKs/MacOSX26.1.sdk/usr/include/mach/i386/sdt_isa.h
/Applications/Xcode.app/Contents/Developer/Platforms/MacOSX.platform/Developer/SDKs/MacOSX26.1.sdk/usr/include/mach/i386/thread_state.h
/Applications/Xcode.app/Contents/Developer/Platforms/MacOSX.platform/Developer/SDKs/MacOSX26.1.sdk/usr/include/mach/i386/thread_status.h
/Applications/Xcode.app/Contents/Developer/Platforms/MacOSX.platform/Developer/SDKs/MacOSX26.1.sdk/usr/include/mach/arm/traps.h
/Applications/Xcode.app/Contents/Developer/Platforms/MacOSX.platform/Developer/SDKs/MacOSX26.1.sdk/usr/include/mach/i386/vm_param.h
/Applications/Xcode.app/Contents/Developer/Platforms/MacOSX.platform/Developer/SDKs/MacOSX26.1.sdk/usr/include/mach/i386/vm_types.h
/Applications/Xcode.app/Contents/Developer/Platforms/MacOSX.platform/Developer/SDKs/MacOSX26.1.sdk/usr/include/mach_debug/mach_debug.h
/Applications/Xcode.app/Contents/Developer/Platforms/MacOSX.platform/Developer/SDKs/MacOSX26.1.sdk/usr/include/device/device_types.h
/Applications/Xcode.app/Contents/Developer/Platforms/MacOSX.platform/Developer/SDKs/MacOSX26.1.sdk/usr/include/device/device_port.h
/Applications/Xcode.app/Contents/Developer/Platforms/MacOSX.platform/Developer/SDKs/MacOSX26.1.sdk/usr/include/libkern/OSAtomic.h
/Applications/Xcode.app/Contents/Developer/Platforms/MacOSX.platform/Developer/SDKs/MacOSX26.1.sdk/usr/include/libkern/OSAtomicDeprecated.h
/Applications/Xcode.app/Contents/Developer/Platforms/MacOSX.platform/Developer/SDKs/MacOSX26.1.sdk/usr/include/libkern/OSSpinLockDeprecated.h
/Applications/Xcode.app/Contents/Developer/Platforms/MacOSX.platform/Developer/SDKs/MacOSX26.1.sdk/usr/include/libkern/OSAtomicQueue.h
/Applications/Xcode.app/Contents/Developer/Platforms/MacOSX.platform/Developer/SDKs/MacOSX26.1.sdk/usr/include/libkern/machine/OSByteOrder.h
/Applications/Xcode.app/Contents/Developer/Platforms/MacOSX.platform/Developer/SDKs/MacOSX26.1.sdk/usr/include/libkern/i386/OSByteOrder.h
/Applications/Xcode.app/Contents/Developer/Platforms/MacOSX.platform/Developer/SDKs/MacOSX26.1.sdk/usr/include/libproc.h
/Applications/Xcode.app/Contents/Developer/Platforms/MacOSX.platform/Developer/SDKs/MacOSX26.1.sdk/usr/include/sys/mount.h
/Applications/Xcode.app/Contents/Developer/Platforms/MacOSX.platform/Developer/SDKs/MacOSX26.1.sdk/usr/include/sys/attr.h
/Applications/Xcode.app/Contents/Developer/Platforms/MacOSX.platform/Developer/SDKs/MacOSX26.1.sdk/usr/include/sys/proc_info.h
/Applications/Xcode.app/Contents/Developer/Platforms/MacOSX.platform/Developer/SDKs/MacOSX26.1.sdk/usr/include/sys/kern_control.h
/Applications/Xcode.app/Contents/Developer/Platforms/MacOSX.platform/Developer/SDKs/MacOSX26.1.sdk/usr/include/os/clock.h
/Applications/Xcode.app/Contents/Developer/Platforms/MacOSX.platform/Developer/SDKs/MacOSX26.1.sdk/usr/include/os/lock.h
/Applications/Xcode.app/Contents/Developer/Platforms/MacOSX.platform/Developer/SDKs/MacOSX26.1.sdk/usr/include/os/proc.h
/Applications/Xcode.app/Contents/Developer/Platforms/MacOSX.platform/Developer/SDKs/MacOSX26.1.sdk/usr/include/malloc/malloc.h
/Applications/Xcode.app/Contents/Developer/Platforms/MacOSX.platform/Developer/SDKs/MacOSX26.1.sdk/usr/include/malloc/_platform.h
/Applications/Xcode.app/Contents/Developer/Platforms/MacOSX.platform/Developer/SDKs/MacOSX26.1.sdk/usr/include/sys/malloc.h
/Applications/Xcode.app/Contents/Developer/Platforms/MacOSX.platform/Developer/SDKs/MacOSX26.1.sdk/usr/include/i386/_param.h
/Applications/Xcode.app/Contents/Developer/Platforms/MacOSX.platform/Developer/SDKs/MacOSX26.1.sdk/usr/include/machine/byte_order.h
/Applications/Xcode.app/Contents/Developer/Platforms/MacOSX.platform/Developer/SDKs/MacOSX26.1.sdk/usr/include/architecture/byte_order.h
/Applications/Xcode.app/Contents/Developer/Platforms/MacOSX.platform/Developer/SDKs/MacOSX26.1.sdk/usr/include/i386/eflags.h
/Applications/Xcode.app/Contents/Developer/Platforms/MacOSX.platform/Developer/SDKs/MacOSX26.1.sdk/usr/include/machine/fasttrap_isa.h
/Applications/Xcode.app/Contents/Developer/Platforms/MacOSX.platform/Developer/SDKs/MacOSX26.1.sdk/usr/include/arm/fasttrap_isa.h
/Applications/Xcode.app/Contents/Developer/Platforms/MacOSX.platform/Developer/SDKs/MacOSX26.1.sdk/usr/include/i386/fasttrap_isa.h
/Applications/Xcode.app/Contents/Developer/Platforms/MacOSX.platform/Developer/SDKs/MacOSX26.1.sdk/usr/include/i386/param.h
/Applications/Xcode.app/Contents/Developer/Platforms/MacOSX.platform/Developer/SDKs/MacOSX26.1.sdk/usr/include/machine/profile.h
/Applications/Xcode.app/Contents/Developer/Platforms/MacOSX.platform/Developer/SDKs/MacOSX26.1.sdk/usr/include/arm/profile.h
/Applications/Xcode.app/Contents/Developer/Platforms/MacOSX.platform/Developer/SDKs/MacOSX26.1.sdk/usr/include/i386/profile.h
/Applications/Xcode.app/Contents/Developer/Platforms/MacOSX.platform/Developer/SDKs/MacOSX26.1.sdk/usr/include/i386/user_ldt.h
/Applications/Xcode.app/Contents/Developer/Platforms/MacOSX.platform/Developer/SDKs/MacOSX26.1.sdk/usr/include/machine/vmparam.h
/Applications/Xcode.app/Contents/Developer/Platforms/MacOSX.platform/Developer/SDKs/MacOSX26.1.sdk/usr/include/arm/vmparam.h
/Applications/Xcode.app/Contents/Developer/Platforms/MacOSX.platform/Developer/SDKs/MacOSX26.1.sdk/usr/include/i386/vmparam.h
/Applications/Xcode.app/Contents/Developer/Platforms/MacOSX.platform/Developer/SDKs/MacOSX26.1.sdk/usr/include/aliasdb.h
/Applications/Xcode.app/Contents/Developer/Platforms/MacOSX.platform/Developer/SDKs/MacOSX26.1.sdk/usr/include/bootparams.h
/Applications/Xcode.app/Contents/Developer/Platforms/MacOSX.platform/Developer/SDKs/MacOSX26.1.sdk/usr/include/Block.h
/Applications/Xcode.app/Contents/Developer/Platforms/MacOSX.platform/Developer/SDKs/MacOSX26.1.sdk/usr/include/bsm/audit_domain.h
/Applications/Xcode.app/Contents/Developer/Platforms/MacOSX.platform/Developer/SDKs/MacOSX26.1.sdk/usr/include/bsm/audit_errno.h
/Applications/Xcode.app/Contents/Developer/Platforms/MacOSX.platform/Developer/SDKs/MacOSX26.1.sdk/usr/include/bsm/audit_fcntl.h
/Applications/Xcode.app/Contents/Developer/Platforms/MacOSX.platform/Developer/SDKs/MacOSX26.1.sdk/usr/include/bsm/audit_filter.h
/Applications/Xcode.app/Contents/Developer/Platforms/MacOSX.platform/Developer/SDKs/MacOSX26.1.sdk/usr/include/bsm/libbsm.h
/Applications/Xcode.app/Contents/Developer/Platforms/MacOSX.platform/Developer/SDKs/MacOSX26.1.sdk/usr/include/bsm/audit_record.h
/Applications/Xcode.app/Contents/Developer/Platforms/MacOSX.platform/Developer/SDKs/MacOSX26.1.sdk/usr/include/bsm/audit_internal.h
/Applications/Xcode.app/Contents/Developer/Platforms/MacOSX.platform/Developer/SDKs/MacOSX26.1.sdk/usr/include/bsm/audit_kevents.h
/Applications/Xcode.app/Contents/Developer/Platforms/MacOSX.platform/Developer/SDKs/MacOSX26.1.sdk/usr/include/bsm/audit_session.h
/Applications/Xcode.app/Contents/Developer/Platforms/MacOSX.platform/Developer/SDKs/MacOSX26.1.sdk/usr/include/bsm/audit_socket_type.h
/Applications/Xcode.app/Contents/Developer/Platforms/MacOSX.platform/Developer/SDKs/MacOSX26.1.sdk/usr/include/bsm/audit_uevents.h
/Applications/Xcode.app/Contents/Developer/Platforms/MacOSX.platform/Developer/SDKs/MacOSX26.1.sdk/usr/include/execinfo.h
/Applications/Xcode.app/Contents/Developer/Platforms/MacOSX.platform/Developer/SDKs/MacOSX26.1.sdk/usr/include/fstab.h
/Applications/Xcode.app/Contents/Developer/Platforms/MacOSX.platform/Developer/SDKs/MacOSX26.1.sdk/usr/include/hfs/hfs_format.h
/Applications/Xcode.app/Contents/Developer/Platforms/MacOSX.platform/Developer/SDKs/MacOSX26.1.sdk/usr/include/hfs/hfs_unistr.h
/Applications/Xcode.app/Contents/Developer/Platforms/MacOSX.platform/Developer/SDKs/MacOSX26.1.sdk/usr/include/hfs/hfs_mount.h
/Applications/Xcode.app/Contents/Developer/Platforms/MacOSX.platform/Developer/SDKs/MacOSX26.1.sdk/usr/include/membership.h
/Applications/Xcode.app/Contents/Developer/Platforms/MacOSX.platform/Developer/SDKs/MacOSX26.1.sdk/usr/include/ntsid.h
/Applications/Xcode.app/Contents/Developer/Platforms/MacOSX.platform/Developer/SDKs/MacOSX26.1.sdk/usr/include/curses.h
/Applications/Xcode.app/Contents/Developer/Platforms/MacOSX.platform/Developer/SDKs/MacOSX26.1.sdk/usr/include/ncurses_dll.h
/Applications/Xcode.app/Contents/Developer/Platforms/MacOSX.platform/Developer/SDKs/MacOSX26.1.sdk/usr/include/unctrl.h
/Applications/Xcode.app/Contents/Developer/Platforms/MacOSX.platform/Developer/SDKs/MacOSX26.1.sdk/usr/include/eti.h
/Applications/Xcode.app/Contents/Developer/Platforms/MacOSX.platform/Developer/SDKs/MacOSX26.1.sdk/usr/include/nc_tparm.h
/Applications/Xcode.app/Contents/Developer/Platforms/MacOSX.platform/Developer/SDKs/MacOSX26.1.sdk/usr/include/form.h
/Applications/Xcode.app/Contents/Developer/Platforms/MacOSX.platform/Developer/SDKs/MacOSX26.1.sdk/usr/include/menu.h
/Applications/Xcode.app/Contents/Developer/Platforms/MacOSX.platform/Developer/SDKs/MacOSX26.1.sdk/usr/include/panel.h
/Applications/Xcode.app/Contents/Developer/Platforms/MacOSX.platform/Developer/SDKs/MacOSX26.1.sdk/usr/include/netinet6/ah.h
/Applications/Xcode.app/Contents/Developer/Platforms/MacOSX.platform/Developer/SDKs/MacOSX26.1.sdk/usr/include/netinet6/esp.h
/Applications/Xcode.app/Contents/Developer/Platforms/MacOSX.platform/Developer/SDKs/MacOSX26.1.sdk/usr/include/netinet6/ipcomp.h
/Applications/Xcode.app/Contents/Developer/Platforms/MacOSX.platform/Developer/SDKs/MacOSX26.1.sdk/usr/include/netinet6/ipsec.h
/Applications/Xcode.app/Contents/Developer/Platforms/MacOSX.platform/Developer/SDKs/MacOSX26.1.sdk/usr/include/netinet6/raw_ip6.h
/Applications/Xcode.app/Contents/Developer/Platforms/MacOSX.platform/Developer/SDKs/MacOSX26.1.sdk/usr/include/printerdb.h
/Applications/Xcode.app/Contents/Developer/Platforms/MacOSX.platform/Developer/SDKs/MacOSX26.1.sdk/usr/include/sys/_structs.h
/Applications/Xcode.app/Contents/Developer/Platforms/MacOSX.platform/Developer/SDKs/MacOSX26.1.sdk/usr/include/sys/acct.h
/Applications/Xcode.app/Contents/Developer/Platforms/MacOSX.platform/Developer/SDKs/MacOSX26.1.sdk/usr/include/sys/acl.h
/Applications/Xcode.app/Contents/Developer/Platforms/MacOSX.platform/Developer/SDKs/MacOSX26.1.sdk/usr/include/sys/kauth.h
/Applications/Xcode.app/Contents/Developer/Platforms/MacOSX.platform/Developer/SDKs/MacOSX26.1.sdk/usr/include/sys/buf.h
/Applications/Xcode.app/Contents/Developer/Platforms/MacOSX.platform/Developer/SDKs/MacOSX26.1.sdk/usr/include/sys/kernel_types.h
/Applications/Xcode.app/Contents/Developer/Platforms/MacOSX.platform/Developer/SDKs/MacOSX26.1.sdk/usr/include/sys/clonefile.h
/Applications/Xcode.app/Contents/Developer/Platforms/MacOSX.platform/Developer/SDKs/MacOSX26.1.sdk/usr/include/sys/commpage.h
/Applications/Xcode.app/Contents/Developer/Platforms/MacOSX.platform/Developer/SDKs/MacOSX26.1.sdk/usr/include/sys/conf.h
/Applications/Xcode.app/Contents/Developer/Platforms/MacOSX.platform/Developer/SDKs/MacOSX26.1.sdk/usr/include/sys/disk.h
/Applications/Xcode.app/Contents/Developer/Platforms/MacOSX.platform/Developer/SDKs/MacOSX26.1.sdk/usr/include/sys/dkstat.h
/Applications/Xcode.app/Contents/Developer/Platforms/MacOSX.platform/Developer/SDKs/MacOSX26.1.sdk/usr/include/sys/domain.h
/Applications/Xcode.app/Contents/Developer/Platforms/MacOSX.platform/Developer/SDKs/MacOSX26.1.sdk/usr/include/sys/ev.h
/Applications/Xcode.app/Contents/Developer/Platforms/MacOSX.platform/Developer/SDKs/MacOSX26.1.sdk/usr/include/sys/file.h
/Applications/Xcode.app/Contents/Developer/Platforms/MacOSX.platform/Developer/SDKs/MacOSX26.1.sdk/usr/include/sys/filedesc.h
/Applications/Xcode.app/Contents/Developer/Platforms/MacOSX.platform/Developer/SDKs/MacOSX26.1.sdk/usr/include/sys/fileport.h
/Applications/Xcode.app/Contents/Developer/Platforms/MacOSX.platform/Developer/SDKs/MacOSX26.1.sdk/usr/include/sys/fsgetpath.h
/Applications/Xcode.app/Contents/Developer/Platforms/MacOSX.platform/Developer/SDKs/MacOSX26.1.sdk/usr/include/sys/gmon.h
/Applications/Xcode.app/Contents/Developer/Platforms/MacOSX.platform/Developer/SDKs/MacOSX26.1.sdk/usr/include/sys/ioctl_compat.h
/Applications/Xcode.app/Contents/Developer/Platforms/MacOSX.platform/Developer/SDKs/MacOSX26.1.sdk/usr/include/sys/ttychars.h
/Applications/Xcode.app/Contents/Developer/Platforms/MacOSX.platform/Developer/SDKs/MacOSX26.1.sdk/usr/include/sys/ttydev.h
/Applications/Xcode.app/Contents/Developer/Platforms/MacOSX.platform/Developer/SDKs/MacOSX26.1.sdk/usr/include/sys/kdebug.h
/Applications/Xcode.app/Contents/Developer/Platforms/MacOSX.platform/Developer/SDKs/MacOSX26.1.sdk/usr/include/sys/kdebug_signpost.h
/Applications/Xcode.app/Contents/Developer/Platforms/MacOSX.platform/Developer/SDKs/MacOSX26.1.sdk/usr/include/sys/lctx.h
/Applications/Xcode.app/Contents/Developer/Platforms/MacOSX.platform/Developer/SDKs/MacOSX26.1.sdk/usr/include/sys/mbuf.h
/Applications/Xcode.app/Contents/Developer/Platforms/MacOSX.platform/Developer/SDKs/MacOSX26.1.sdk/usr/include/sys/msgbuf.h
/Applications/Xcode.app/Contents/Developer/Platforms/MacOSX.platform/Developer/SDKs/MacOSX26.1.sdk/usr/include/sys/netport.h
/Applications/Xcode.app/Contents/Developer/Platforms/MacOSX.platform/Developer/SDKs/MacOSX26.1.sdk/usr/include/sys/paths.h
/Applications/Xcode.app/Contents/Developer/Platforms/MacOSX.platform/Developer/SDKs/MacOSX26.1.sdk/usr/include/sys/pipe.h
/Applications/Xcode.app/Contents/Developer/Platforms/MacOSX.platform/Developer/SDKs/MacOSX26.1.sdk/usr/include/sys/quota.h
/Applications/Xcode.app/Contents/Developer/Platforms/MacOSX.platform/Developer/SDKs/MacOSX26.1.sdk/usr/include/sys/rbtree.h
/Applications/Xcode.app/Contents/Developer/Platforms/MacOSX.platform/Developer/SDKs/MacOSX26.1.sdk/usr/include/sys/reboot.h
/Applications/Xcode.app/Contents/Developer/Platforms/MacOSX.platform/Developer/SDKs/MacOSX26.1.sdk/usr/include/sys/resourcevar.h
/Applications/Xcode.app/Contents/Developer/Platforms/MacOSX.platform/Developer/SDKs/MacOSX26.1.sdk/usr/include/sys/sbuf.h
/Applications/Xcode.app/Contents/Developer/Platforms/MacOSX.platform/Developer/SDKs/MacOSX26.1.sdk/usr/include/sys/signalvar.h
/Applications/Xcode.app/Contents/Developer/Platforms/MacOSX.platform/Developer/SDKs/MacOSX26.1.sdk/usr/include/sys/syscall.h
/Applications/Xcode.app/Contents/Developer/Platforms/MacOSX.platform/Developer/SDKs/MacOSX26.1.sdk/usr/include/sys/timeb.h
/Applications/Xcode.app/Contents/Developer/Platforms/MacOSX.platform/Developer/SDKs/MacOSX26.1.sdk/usr/include/sys/trace.h
/Applications/Xcode.app/Contents/Developer/Platforms/MacOSX.platform/Developer/SDKs/MacOSX26.1.sdk/usr/include/sys/tty.h
/Applications/Xcode.app/Contents/Developer/Platforms/MacOSX.platform/Developer/SDKs/MacOSX26.1.sdk/usr/include/sys/ucontext.h
/Applications/Xcode.app/Contents/Developer/Platforms/MacOSX.platform/Developer/SDKs/MacOSX26.1.sdk/usr/include/sys/unpcb.h
/Applications/Xcode.app/Contents/Developer/Platforms/MacOSX.platform/Developer/SDKs/MacOSX26.1.sdk/usr/include/sys/user.h
/Applications/Xcode.app/Contents/Developer/Platforms/MacOSX.platform/Developer/SDKs/MacOSX26.1.sdk/usr/include/sys/utfconv.h
/Applications/Xcode.app/Contents/Developer/Platforms/MacOSX.platform/Developer/SDKs/MacOSX26.1.sdk/usr/include/sys/vcmd.h
/Applications/Xcode.app/Contents/Developer/Platforms/MacOSX.platform/Developer/SDKs/MacOSX26.1.sdk/usr/include/sys/vnode.h
/Applications/Xcode.app/Contents/Developer/Platforms/MacOSX.platform/Developer/SDKs/MacOSX26.1.sdk/usr/include/_modules/_darwin_sys_signal.h
/Applications/Xcode.app/Contents/Developer/Platforms/MacOSX.platform/Developer/SDKs/MacOSX26.1.sdk/usr/include/sysdir.h
/Applications/Xcode.app/Contents/Developer/Platforms/MacOSX.platform/Developer/SDKs/MacOSX26.1.sdk/usr/include/libc.h
/Applications/Xcode.app/Contents/Developer/Platforms/MacOSX.platform/Developer/SDKs/MacOSX26.1.sdk/usr/include/paths.h
/Applications/Xcode.app/Contents/Developer/Platforms/MacOSX.platform/Developer/SDKs/MacOSX26.1.sdk/usr/include/sysexits.h
/Applications/Xcode.app/Contents/Developer/Platforms/MacOSX.platform/Developer/SDKs/MacOSX26.1.sdk/SDKSettings.json
/Applications/Xcode.app/Contents/Developer/Platforms/MacOSX.platform/Developer/SDKs/MacOSX26.1.sdk/System/Library/Frameworks/DataDetection.framework/Modules/module.modulemap
/Applications/Xcode.app/Contents/Developer/Platforms/MacOSX.platform/Developer/SDKs/MacOSX26.1.sdk/System/Library/Frameworks/DataDetection.framework/Headers/DataDetection.h
/Applications/Xcode.app/Contents/Developer/Platforms/MacOSX.platform/Developer/SDKs/MacOSX26.1.sdk/System/Library/Frameworks/Foundation.framework/Modules/module.modulemap
/Applications/Xcode.app/Contents/Developer/Platforms/MacOSX.platform/Developer/SDKs/MacOSX26.1.sdk/System/Library/Frameworks/DataDetection.framework/Headers/DataDetectionBase.h
/Applications/Xcode.app/Contents/Developer/Platforms/MacOSX.platform/Developer/SDKs/MacOSX26.1.sdk/System/Library/Frameworks/DataDetection.framework/Headers/DDMatch.h
/Applications/Xcode.app/Contents/Developer/Platforms/MacOSX.platform/Developer/SDKs/MacOSX26.1.sdk/SDKSettings.json
/Applications/Xcode.app/Contents/Developer/Toolchains/XcodeDefault.xctoolchain/usr/lib/swift/macosx/prebuilt-modules/26.1/DataDetection.swiftmodule/arm64e-apple-macos.swiftmodule
/Applications/Xcode.app/Contents/Developer/Toolchains/XcodeDefault.xctoolchain/usr/lib/swift/macosx/prebuilt-modules/26.1/DeveloperToolsSupport.swiftmodule/arm64e-apple-macos.swiftmodule
/Applications/Xcode.app/Contents/Developer/Platforms/MacOSX.platform/Developer/SDKs/MacOSX26.1.sdk/System/Library/Frameworks/DeveloperToolsSupport.framework/Modules/module.modulemap
/Applications/Xcode.app/Contents/Developer/Platforms/MacOSX.platform/Developer/SDKs/MacOSX26.1.sdk/SDKSettings.json
/Applications/Xcode.app/Contents/Developer/Platforms/MacOSX.platform/Developer/SDKs/MacOSX26.1.sdk/System/Library/Frameworks/DiskArbitration.framework/Modules/module.modulemap
/Applications/Xcode.app/Contents/Developer/Platforms/MacOSX.platform/Developer/SDKs/MacOSX26.1.sdk/System/Library/Frameworks/DiskArbitration.framework/Headers/DiskArbitration.h
/Applications/Xcode.app/Contents/Developer/Platforms/MacOSX.platform/Developer/SDKs/MacOSX26.1.sdk/System/Library/Frameworks/CoreFoundation.framework/Modules/module.modulemap
/Applications/Xcode.app/Contents/Developer/Platforms/MacOSX.platform/Developer/SDKs/MacOSX26.1.sdk/usr/include/Darwin.modulemap
/Applications/Xcode.app/Contents/Developer/Platforms/MacOSX.platform/Developer/SDKs/MacOSX26.1.sdk/usr/include/DarwinFoundation1.modulemap
/Applications/Xcode.app/Contents/Developer/Platforms/MacOSX.platform/Developer/SDKs/MacOSX26.1.sdk/System/Library/Frameworks/DiskArbitration.framework/Headers/DADisk.h
/Applications/Xcode.app/Contents/Developer/Platforms/MacOSX.platform/Developer/SDKs/MacOSX26.1.sdk/System/Library/Frameworks/IOKit.framework/Modules/module.modulemap
/Applications/Xcode.app/Contents/Developer/Platforms/MacOSX.platform/Developer/SDKs/MacOSX26.1.sdk/System/Library/Frameworks/DiskArbitration.framework/Headers/DASession.h
/Applications/Xcode.app/Contents/Developer/Platforms/MacOSX.platform/Developer/SDKs/MacOSX26.1.sdk/System/Library/Frameworks/DiskArbitration.framework/Headers/DADissenter.h
/Applications/Xcode.app/Contents/Developer/Platforms/MacOSX.platform/Developer/SDKs/MacOSX26.1.sdk/SDKSettings.json
/Applications/Xcode.app/Contents/Developer/Platforms/MacOSX.platform/Developer/SDKs/MacOSX26.1.sdk/usr/include/Dispatch.apinotes
/Applications/Xcode.app/Contents/Developer/Platforms/MacOSX.platform/Developer/SDKs/MacOSX26.1.sdk/usr/include/dispatch.modulemap
/Applications/Xcode.app/Contents/Developer/Platforms/MacOSX.platform/Developer/SDKs/MacOSX26.1.sdk/usr/include/os.modulemap
/Applications/Xcode.app/Contents/Developer/Platforms/MacOSX.platform/Developer/SDKs/MacOSX26.1.sdk/usr/include/Darwin.modulemap
/Applications/Xcode.app/Contents/Developer/Platforms/MacOSX.platform/Developer/SDKs/MacOSX26.1.sdk/usr/include/Darwin_C.modulemap
/Applications/Xcode.app/Contents/Developer/Platforms/MacOSX.platform/Developer/SDKs/MacOSX26.1.sdk/usr/include/Darwin_POSIX.modulemap
/Applications/Xcode.app/Contents/Developer/Platforms/MacOSX.platform/Developer/SDKs/MacOSX26.1.sdk/usr/include/net.modulemap
/Applications/Xcode.app/Contents/Developer/Platforms/MacOSX.platform/Developer/SDKs/MacOSX26.1.sdk/usr/include/netinet.modulemap
/Applications/Xcode.app/Contents/Developer/Platforms/MacOSX.platform/Developer/SDKs/MacOSX26.1.sdk/usr/include/bank.modulemap
/Applications/Xcode.app/Contents/Developer/Platforms/MacOSX.platform/Developer/SDKs/MacOSX26.1.sdk/usr/include/Darwin_Mach.modulemap
/Applications/Xcode.app/Contents/Developer/Platforms/MacOSX.platform/Developer/SDKs/MacOSX26.1.sdk/usr/include/Darwin_Mach_machine.modulemap
/Applications/Xcode.app/Contents/Developer/Platforms/MacOSX.platform/Developer/SDKs/MacOSX26.1.sdk/usr/include/mach_debug.modulemap
/Applications/Xcode.app/Contents/Developer/Platforms/MacOSX.platform/Developer/SDKs/MacOSX26.1.sdk/usr/include/device.modulemap
/Applications/Xcode.app/Contents/Developer/Platforms/MacOSX.platform/Developer/SDKs/MacOSX26.1.sdk/usr/include/Darwin_machine.modulemap
/Applications/Xcode.app/Contents/Developer/Platforms/MacOSX.platform/Developer/SDKs/MacOSX26.1.sdk/usr/include/ncurses.modulemap
/Applications/Xcode.app/Contents/Developer/Platforms/MacOSX.platform/Developer/SDKs/MacOSX26.1.sdk/usr/include/netinet6.modulemap
/Applications/Xcode.app/Contents/Developer/Platforms/MacOSX.platform/Developer/SDKs/MacOSX26.1.sdk/usr/include/Darwin_sys.modulemap
/Applications/Xcode.app/Contents/Developer/Platforms/MacOSX.platform/Developer/SDKs/MacOSX26.1.sdk/usr/include/uuid.modulemap
/Applications/Xcode.app/Contents/Developer/Platforms/MacOSX.platform/Developer/SDKs/MacOSX26.1.sdk/usr/include/DarwinFoundation2.modulemap
/Applications/Xcode.app/Contents/Developer/Platforms/MacOSX.platform/Developer/SDKs/MacOSX26.1.sdk/usr/include/DarwinFoundation3.modulemap
/Applications/Xcode.app/Contents/Developer/Platforms/MacOSX.platform/Developer/SDKs/MacOSX26.1.sdk/usr/include/DarwinFoundation1.modulemap
/Applications/Xcode.app/Contents/Developer/Platforms/MacOSX.platform/Developer/SDKs/MacOSX26.1.sdk/usr/include/dispatch/dispatch.h
/Applications/Xcode.app/Contents/Developer/Toolchains/XcodeDefault.xctoolchain/usr/lib/swift/clang/include/module.modulemap
/Applications/Xcode.app/Contents/Developer/Toolchains/XcodeDefault.xctoolchain/usr/lib/swift/clang/include/stddef.h
/Applications/Xcode.app/Contents/Developer/Toolchains/XcodeDefault.xctoolchain/usr/lib/swift/clang/include/stdarg.h
/Applications/Xcode.app/Contents/Developer/Platforms/MacOSX.platform/Developer/SDKs/MacOSX26.1.sdk/usr/include/string.h
/Applications/Xcode.app/Contents/Developer/Platforms/MacOSX.platform/Developer/SDKs/MacOSX26.1.sdk/usr/include/dispatch/base.h
/Applications/Xcode.app/Contents/Developer/Platforms/MacOSX.platform/Developer/SDKs/MacOSX26.1.sdk/usr/include/dispatch/time.h
/Applications/Xcode.app/Contents/Developer/Platforms/MacOSX.platform/Developer/SDKs/MacOSX26.1.sdk/usr/include/dispatch/object.h
/Applications/Xcode.app/Contents/Developer/Platforms/MacOSX.platform/Developer/SDKs/MacOSX26.1.sdk/usr/include/dispatch/queue.h
/Applications/Xcode.app/Contents/Developer/Platforms/MacOSX.platform/Developer/SDKs/MacOSX26.1.sdk/usr/include/dispatch/block.h
/Applications/Xcode.app/Contents/Developer/Platforms/MacOSX.platform/Developer/SDKs/MacOSX26.1.sdk/usr/include/dispatch/source.h
/Applications/Xcode.app/Contents/Developer/Platforms/MacOSX.platform/Developer/SDKs/MacOSX26.1.sdk/usr/include/dispatch/group.h
/Applications/Xcode.app/Contents/Developer/Platforms/MacOSX.platform/Developer/SDKs/MacOSX26.1.sdk/usr/include/dispatch/semaphore.h
/Applications/Xcode.app/Contents/Developer/Platforms/MacOSX.platform/Developer/SDKs/MacOSX26.1.sdk/usr/include/dispatch/once.h
/Applications/Xcode.app/Contents/Developer/Platforms/MacOSX.platform/Developer/SDKs/MacOSX26.1.sdk/usr/include/dispatch/data.h
/Applications/Xcode.app/Contents/Developer/Platforms/MacOSX.platform/Developer/SDKs/MacOSX26.1.sdk/usr/include/dispatch/io.h
/Applications/Xcode.app/Contents/Developer/Platforms/MacOSX.platform/Developer/SDKs/MacOSX26.1.sdk/usr/include/dispatch/workloop.h
/Applications/Xcode.app/Contents/Developer/Platforms/MacOSX.platform/Developer/SDKs/MacOSX26.1.sdk/usr/include/dispatch/dispatch_swift_shims.h
/Applications/Xcode.app/Contents/Developer/Platforms/MacOSX.platform/Developer/SDKs/MacOSX26.1.sdk/SDKSettings.json
/Applications/Xcode.app/Contents/Developer/Toolchains/XcodeDefault.xctoolchain/usr/lib/swift/macosx/prebuilt-modules/26.1/Dispatch.swiftmodule/arm64e-apple-macos.swiftmodule
/Applications/Xcode.app/Contents/Developer/Platforms/MacOSX.platform/Developer/SDKs/MacOSX26.1.sdk/System/Library/Frameworks/Foundation.framework/Headers/Foundation.apinotes
/Applications/Xcode.app/Contents/Developer/Platforms/MacOSX.platform/Developer/SDKs/MacOSX26.1.sdk/System/Library/Frameworks/Foundation.framework/Modules/module.modulemap
/Applications/Xcode.app/Contents/Developer/Platforms/MacOSX.platform/Developer/SDKs/MacOSX26.1.sdk/System/Library/Frameworks/Foundation.framework/Headers/Foundation.h
/Applications/Xcode.app/Contents/Developer/Platforms/MacOSX.platform/Developer/SDKs/MacOSX26.1.sdk/System/Library/Frameworks/CoreFoundation.framework/Modules/module.modulemap
/Applications/Xcode.app/Contents/Developer/Platforms/MacOSX.platform/Developer/SDKs/MacOSX26.1.sdk/System/Library/Frameworks/Foundation.framework/Headers/NSObjCRuntime.h
/Applications/Xcode.app/Contents/Developer/Platforms/MacOSX.platform/Developer/SDKs/MacOSX26.1.sdk/usr/include/xpc.modulemap
/Applications/Xcode.app/Contents/Developer/Platforms/MacOSX.platform/Developer/SDKs/MacOSX26.1.sdk/usr/include/dispatch.modulemap
/Applications/Xcode.app/Contents/Developer/Platforms/MacOSX.platform/Developer/SDKs/MacOSX26.1.sdk/usr/include/ObjectiveC.modulemap
/Applications/Xcode.app/Contents/Developer/Platforms/MacOSX.platform/Developer/SDKs/MacOSX26.1.sdk/usr/include/Darwin.modulemap
/Applications/Xcode.app/Contents/Developer/Platforms/MacOSX.platform/Developer/SDKs/MacOSX26.1.sdk/usr/include/DarwinFoundation1.modulemap
/Applications/Xcode.app/Contents/Developer/Toolchains/XcodeDefault.xctoolchain/usr/lib/swift/clang/include/module.modulemap
/Applications/Xcode.app/Contents/Developer/Toolchains/XcodeDefault.xctoolchain/usr/lib/swift/clang/include/stdarg.h
/Applications/Xcode.app/Contents/Developer/Platforms/MacOSX.platform/Developer/SDKs/MacOSX26.1.sdk/System/Library/Frameworks/Foundation.framework/Headers/NSArray.h
/Applications/Xcode.app/Contents/Developer/Platforms/MacOSX.platform/Developer/SDKs/MacOSX26.1.sdk/System/Library/Frameworks/Foundation.framework/Headers/NSObject.h
/Applications/Xcode.app/Contents/Developer/Platforms/MacOSX.platform/Developer/SDKs/MacOSX26.1.sdk/System/Library/Frameworks/Foundation.framework/Headers/NSZone.h
/Applications/Xcode.app/Contents/Developer/Toolchains/XcodeDefault.xctoolchain/usr/lib/swift/clang/include/stddef.h
/Applications/Xcode.app/Contents/Developer/Platforms/MacOSX.platform/Developer/SDKs/MacOSX26.1.sdk/System/Library/Frameworks/Foundation.framework/Headers/NSEnumerator.h
/Applications/Xcode.app/Contents/Developer/Platforms/MacOSX.platform/Developer/SDKs/MacOSX26.1.sdk/System/Library/Frameworks/Foundation.framework/Headers/NSRange.h
/Applications/Xcode.app/Contents/Developer/Platforms/MacOSX.platform/Developer/SDKs/MacOSX26.1.sdk/System/Library/Frameworks/Foundation.framework/Headers/NSValue.h
/Applications/Xcode.app/Contents/Developer/Platforms/MacOSX.platform/Developer/SDKs/MacOSX26.1.sdk/System/Library/Frameworks/Foundation.framework/Headers/NSOrderedCollectionDifference.h
/Applications/Xcode.app/Contents/Developer/Platforms/MacOSX.platform/Developer/SDKs/MacOSX26.1.sdk/System/Library/Frameworks/Foundation.framework/Headers/NSOrderedCollectionChange.h
/Applications/Xcode.app/Contents/Developer/Platforms/MacOSX.platform/Developer/SDKs/MacOSX26.1.sdk/System/Library/Frameworks/Foundation.framework/Headers/NSIndexSet.h
/Applications/Xcode.app/Contents/Developer/Platforms/MacOSX.platform/Developer/SDKs/MacOSX26.1.sdk/System/Library/Frameworks/Foundation.framework/Headers/NSAutoreleasePool.h
/Applications/Xcode.app/Contents/Developer/Platforms/MacOSX.platform/Developer/SDKs/MacOSX26.1.sdk/System/Library/Frameworks/Foundation.framework/Headers/NSBundle.h
/Applications/Xcode.app/Contents/Developer/Platforms/MacOSX.platform/Developer/SDKs/MacOSX26.1.sdk/System/Library/Frameworks/Foundation.framework/Headers/NSString.h
/Applications/Xcode.app/Contents/Developer/Platforms/MacOSX.platform/Developer/SDKs/MacOSX26.1.sdk/System/Library/Frameworks/Foundation.framework/Headers/NSItemProvider.h
/Applications/Xcode.app/Contents/Developer/Platforms/MacOSX.platform/Developer/SDKs/MacOSX26.1.sdk/System/Library/Frameworks/Foundation.framework/Headers/NSDictionary.h
/Applications/Xcode.app/Contents/Developer/Platforms/MacOSX.platform/Developer/SDKs/MacOSX26.1.sdk/System/Library/Frameworks/Foundation.framework/Headers/NSSet.h
/Applications/Xcode.app/Contents/Developer/Platforms/MacOSX.platform/Developer/SDKs/MacOSX26.1.sdk/System/Library/Frameworks/Foundation.framework/Headers/NSProgress.h
/Applications/Xcode.app/Contents/Developer/Platforms/MacOSX.platform/Developer/SDKs/MacOSX26.1.sdk/System/Library/Frameworks/Foundation.framework/Headers/NSNotification.h
/Applications/Xcode.app/Contents/Developer/Platforms/MacOSX.platform/Developer/SDKs/MacOSX26.1.sdk/System/Library/Frameworks/Foundation.framework/Headers/NSByteOrder.h
/Applications/Xcode.app/Contents/Developer/Platforms/MacOSX.platform/Developer/SDKs/MacOSX26.1.sdk/System/Library/Frameworks/Foundation.framework/Headers/NSCalendar.h
/Applications/Xcode.app/Contents/Developer/Platforms/MacOSX.platform/Developer/SDKs/MacOSX26.1.sdk/System/Library/Frameworks/Foundation.framework/Headers/NSDate.h
/Applications/Xcode.app/Contents/Developer/Platforms/MacOSX.platform/Developer/SDKs/MacOSX26.1.sdk/System/Library/Frameworks/Foundation.framework/Headers/NSCharacterSet.h
/Applications/Xcode.app/Contents/Developer/Platforms/MacOSX.platform/Developer/SDKs/MacOSX26.1.sdk/System/Library/Frameworks/Foundation.framework/Headers/NSCoder.h
/Applications/Xcode.app/Contents/Developer/Platforms/MacOSX.platform/Developer/SDKs/MacOSX26.1.sdk/System/Library/Frameworks/Foundation.framework/Headers/NSData.h
/Applications/Xcode.app/Contents/Developer/Platforms/MacOSX.platform/Developer/SDKs/MacOSX26.1.sdk/System/Library/Frameworks/Foundation.framework/Headers/NSDateInterval.h
/Applications/Xcode.app/Contents/Developer/Platforms/MacOSX.platform/Developer/SDKs/MacOSX26.1.sdk/System/Library/Frameworks/Foundation.framework/Headers/NSDateFormatter.h
/Applications/Xcode.app/Contents/Developer/Platforms/MacOSX.platform/Developer/SDKs/MacOSX26.1.sdk/System/Library/Frameworks/Foundation.framework/Headers/NSFormatter.h
/Applications/Xcode.app/Contents/Developer/Platforms/MacOSX.platform/Developer/SDKs/MacOSX26.1.sdk/System/Library/Frameworks/Foundation.framework/Headers/NSAttributedString.h
/Applications/Xcode.app/Contents/Developer/Platforms/MacOSX.platform/Developer/SDKs/MacOSX26.1.sdk/System/Library/Frameworks/Foundation.framework/Headers/NSDateIntervalFormatter.h
/Applications/Xcode.app/Contents/Developer/Platforms/MacOSX.platform/Developer/SDKs/MacOSX26.1.sdk/System/Library/Frameworks/Foundation.framework/Headers/NSISO8601DateFormatter.h
/Applications/Xcode.app/Contents/Developer/Platforms/MacOSX.platform/Developer/SDKs/MacOSX26.1.sdk/System/Library/Frameworks/Foundation.framework/Headers/NSMassFormatter.h
/Applications/Xcode.app/Contents/Developer/Platforms/MacOSX.platform/Developer/SDKs/MacOSX26.1.sdk/System/Library/Frameworks/Foundation.framework/Headers/NSLengthFormatter.h
/Applications/Xcode.app/Contents/Developer/Platforms/MacOSX.platform/Developer/SDKs/MacOSX26.1.sdk/System/Library/Frameworks/Foundation.framework/Headers/NSEnergyFormatter.h
/Applications/Xcode.app/Contents/Developer/Platforms/MacOSX.platform/Developer/SDKs/MacOSX26.1.sdk/System/Library/Frameworks/Foundation.framework/Headers/NSMeasurementFormatter.h
/Applications/Xcode.app/Contents/Developer/Platforms/MacOSX.platform/Developer/SDKs/MacOSX26.1.sdk/System/Library/Frameworks/Foundation.framework/Headers/NSNumberFormatter.h
/Applications/Xcode.app/Contents/Developer/Platforms/MacOSX.platform/Developer/SDKs/MacOSX26.1.sdk/System/Library/Frameworks/Foundation.framework/Headers/NSMeasurement.h
/Applications/Xcode.app/Contents/Developer/Platforms/MacOSX.platform/Developer/SDKs/MacOSX26.1.sdk/System/Library/Frameworks/Foundation.framework/Headers/NSUnit.h
/Applications/Xcode.app/Contents/Developer/Platforms/MacOSX.platform/Developer/SDKs/MacOSX26.1.sdk/System/Library/Frameworks/Foundation.framework/Headers/NSLocale.h
/Applications/Xcode.app/Contents/Developer/Platforms/MacOSX.platform/Developer/SDKs/MacOSX26.1.sdk/System/Library/Frameworks/Foundation.framework/Headers/NSPersonNameComponents.h
/Applications/Xcode.app/Contents/Developer/Platforms/MacOSX.platform/Developer/SDKs/MacOSX26.1.sdk/System/Library/Frameworks/Foundation.framework/Headers/NSPersonNameComponentsFormatter.h
/Applications/Xcode.app/Contents/Developer/Platforms/MacOSX.platform/Developer/SDKs/MacOSX26.1.sdk/System/Library/Frameworks/Foundation.framework/Headers/NSRelativeDateTimeFormatter.h
/Applications/Xcode.app/Contents/Developer/Platforms/MacOSX.platform/Developer/SDKs/MacOSX26.1.sdk/System/Library/Frameworks/Foundation.framework/Headers/NSListFormatter.h
/Applications/Xcode.app/Contents/Developer/Platforms/MacOSX.platform/Developer/SDKs/MacOSX26.1.sdk/System/Library/Frameworks/Foundation.framework/Headers/NSDecimal.h
/Applications/Xcode.app/Contents/Developer/Platforms/MacOSX.platform/Developer/SDKs/MacOSX26.1.sdk/System/Library/Frameworks/Foundation.framework/Headers/NSDecimalNumber.h
/Applications/Xcode.app/Contents/Developer/Platforms/MacOSX.platform/Developer/SDKs/MacOSX26.1.sdk/System/Library/Frameworks/Foundation.framework/Headers/NSScanner.h
/Applications/Xcode.app/Contents/Developer/Platforms/MacOSX.platform/Developer/SDKs/MacOSX26.1.sdk/System/Library/Frameworks/Foundation.framework/Headers/NSException.h
/Applications/Xcode.app/Contents/Developer/Platforms/MacOSX.platform/Developer/SDKs/MacOSX26.1.sdk/System/Library/Frameworks/Foundation.framework/Headers/NSError.h
/Applications/Xcode.app/Contents/Developer/Platforms/MacOSX.platform/Developer/SDKs/MacOSX26.1.sdk/System/Library/Frameworks/Foundation.framework/Headers/NSFileHandle.h
/Applications/Xcode.app/Contents/Developer/Platforms/MacOSX.platform/Developer/SDKs/MacOSX26.1.sdk/System/Library/Frameworks/Foundation.framework/Headers/NSRunLoop.h
/Applications/Xcode.app/Contents/Developer/Platforms/MacOSX.platform/Developer/SDKs/MacOSX26.1.sdk/System/Library/Frameworks/Foundation.framework/Headers/NSFileManager.h
/Applications/Xcode.app/Contents/Developer/Platforms/MacOSX.platform/Developer/SDKs/MacOSX26.1.sdk/System/Library/Frameworks/Foundation.framework/Headers/NSPathUtilities.h
/Applications/Xcode.app/Contents/Developer/Platforms/MacOSX.platform/Developer/SDKs/MacOSX26.1.sdk/System/Library/Frameworks/Foundation.framework/Headers/NSURL.h
/Applications/Xcode.app/Contents/Developer/Platforms/MacOSX.platform/Developer/SDKs/MacOSX26.1.sdk/System/Library/Frameworks/Foundation.framework/Headers/NSURLHandle.h
/Applications/Xcode.app/Contents/Developer/Platforms/MacOSX.platform/Developer/SDKs/MacOSX26.1.sdk/System/Library/Frameworks/Foundation.framework/Headers/NSHashTable.h
/Applications/Xcode.app/Contents/Developer/Platforms/MacOSX.platform/Developer/SDKs/MacOSX26.1.sdk/System/Library/Frameworks/Foundation.framework/Headers/NSPointerFunctions.h
/Applications/Xcode.app/Contents/Developer/Platforms/MacOSX.platform/Developer/SDKs/MacOSX26.1.sdk/System/Library/Frameworks/Foundation.framework/Headers/NSHTTPCookie.h
/Applications/Xcode.app/Contents/Developer/Platforms/MacOSX.platform/Developer/SDKs/MacOSX26.1.sdk/System/Library/Frameworks/Foundation.framework/Headers/NSHTTPCookieStorage.h
/Applications/Xcode.app/Contents/Developer/Platforms/MacOSX.platform/Developer/SDKs/MacOSX26.1.sdk/System/Library/Frameworks/Foundation.framework/Headers/NSIndexPath.h
/Applications/Xcode.app/Contents/Developer/Platforms/MacOSX.platform/Developer/SDKs/MacOSX26.1.sdk/System/Library/Frameworks/Foundation.framework/Headers/NSInflectionRule.h
/Applications/Xcode.app/Contents/Developer/Platforms/MacOSX.platform/Developer/SDKs/MacOSX26.1.sdk/System/Library/Frameworks/Foundation.framework/Headers/NSInvocation.h
/Applications/Xcode.app/Contents/Developer/Platforms/MacOSX.platform/Developer/SDKs/MacOSX26.1.sdk/System/Library/Frameworks/Foundation.framework/Headers/NSJSONSerialization.h
/Applications/Xcode.app/Contents/Developer/Platforms/MacOSX.platform/Developer/SDKs/MacOSX26.1.sdk/System/Library/Frameworks/Foundation.framework/Headers/NSKeyValueCoding.h
/Applications/Xcode.app/Contents/Developer/Platforms/MacOSX.platform/Developer/SDKs/MacOSX26.1.sdk/System/Library/Frameworks/Foundation.framework/Headers/NSOrderedSet.h
/Applications/Xcode.app/Contents/Developer/Platforms/MacOSX.platform/Developer/SDKs/MacOSX26.1.sdk/System/Library/Frameworks/Foundation.framework/Headers/NSKeyValueObserving.h
/Applications/Xcode.app/Contents/Developer/Platforms/MacOSX.platform/Developer/SDKs/MacOSX26.1.sdk/System/Library/Frameworks/Foundation.framework/Headers/NSKeyValueSharedObservers.h
/Applications/Xcode.app/Contents/Developer/Platforms/MacOSX.platform/Developer/SDKs/MacOSX26.1.sdk/System/Library/Frameworks/Foundation.framework/Headers/NSKeyedArchiver.h
/Applications/Xcode.app/Contents/Developer/Platforms/MacOSX.platform/Developer/SDKs/MacOSX26.1.sdk/System/Library/Frameworks/Foundation.framework/Headers/NSPropertyList.h
/Applications/Xcode.app/Contents/Developer/Platforms/MacOSX.platform/Developer/SDKs/MacOSX26.1.sdk/System/Library/Frameworks/Foundation.framework/Headers/NSGeometry.h
/Applications/Xcode.app/Contents/Developer/Platforms/MacOSX.platform/Developer/SDKs/MacOSX26.1.sdk/System/Library/Frameworks/Foundation.framework/Headers/NSLock.h
/Applications/Xcode.app/Contents/Developer/Platforms/MacOSX.platform/Developer/SDKs/MacOSX26.1.sdk/System/Library/Frameworks/Foundation.framework/Headers/NSMapTable.h
/Applications/Xcode.app/Contents/Developer/Platforms/MacOSX.platform/Developer/SDKs/MacOSX26.1.sdk/System/Library/Frameworks/Foundation.framework/Headers/NSMethodSignature.h
/Applications/Xcode.app/Contents/Developer/Platforms/MacOSX.platform/Developer/SDKs/MacOSX26.1.sdk/System/Library/Frameworks/Foundation.framework/Headers/NSMorphology.h
/Applications/Xcode.app/Contents/Developer/Platforms/MacOSX.platform/Developer/SDKs/MacOSX26.1.sdk/System/Library/Frameworks/Foundation.framework/Headers/NSTermOfAddress.h
/Applications/Xcode.app/Contents/Developer/Platforms/MacOSX.platform/Developer/SDKs/MacOSX26.1.sdk/System/Library/Frameworks/Foundation.framework/Headers/NSNotificationQueue.h
/Applications/Xcode.app/Contents/Developer/Platforms/MacOSX.platform/Developer/SDKs/MacOSX26.1.sdk/System/Library/Frameworks/Foundation.framework/Headers/NSNull.h
/Applications/Xcode.app/Contents/Developer/Platforms/MacOSX.platform/Developer/SDKs/MacOSX26.1.sdk/System/Library/Frameworks/Foundation.framework/Headers/NSLocalizedNumberFormatRule.h
/Applications/Xcode.app/Contents/Developer/Platforms/MacOSX.platform/Developer/SDKs/MacOSX26.1.sdk/System/Library/Frameworks/Foundation.framework/Headers/NSOperation.h
/Applications/Xcode.app/Contents/Developer/Platforms/MacOSX.platform/Developer/SDKs/MacOSX26.1.sdk/System/Library/Frameworks/Foundation.framework/Headers/NSOrthography.h
/Applications/Xcode.app/Contents/Developer/Platforms/MacOSX.platform/Developer/SDKs/MacOSX26.1.sdk/System/Library/Frameworks/Foundation.framework/Headers/NSPointerArray.h
/Applications/Xcode.app/Contents/Developer/Platforms/MacOSX.platform/Developer/SDKs/MacOSX26.1.sdk/System/Library/Frameworks/Foundation.framework/Headers/NSPort.h
/Applications/Xcode.app/Contents/Developer/Platforms/MacOSX.platform/Developer/SDKs/MacOSX26.1.sdk/System/Library/Frameworks/Foundation.framework/Headers/NSProcessInfo.h
/Applications/Xcode.app/Contents/Developer/Platforms/MacOSX.platform/Developer/SDKs/MacOSX26.1.sdk/System/Library/Frameworks/Foundation.framework/Headers/NSProxy.h
/Applications/Xcode.app/Contents/Developer/Platforms/MacOSX.platform/Developer/SDKs/MacOSX26.1.sdk/System/Library/Frameworks/Foundation.framework/Headers/NSRegularExpression.h
/Applications/Xcode.app/Contents/Developer/Platforms/MacOSX.platform/Developer/SDKs/MacOSX26.1.sdk/System/Library/Frameworks/Foundation.framework/Headers/NSTextCheckingResult.h
/Applications/Xcode.app/Contents/Developer/Platforms/MacOSX.platform/Developer/SDKs/MacOSX26.1.sdk/System/Library/Frameworks/Foundation.framework/Headers/NSSortDescriptor.h
/Applications/Xcode.app/Contents/Developer/Platforms/MacOSX.platform/Developer/SDKs/MacOSX26.1.sdk/System/Library/Frameworks/Foundation.framework/Headers/NSStream.h
/Applications/Xcode.app/Contents/Developer/Platforms/MacOSX.platform/Developer/SDKs/MacOSX26.1.sdk/System/Library/Frameworks/Foundation.framework/Headers/NSThread.h
/Applications/Xcode.app/Contents/Developer/Platforms/MacOSX.platform/Developer/SDKs/MacOSX26.1.sdk/System/Library/Frameworks/Foundation.framework/Headers/NSTimeZone.h
/Applications/Xcode.app/Contents/Developer/Platforms/MacOSX.platform/Developer/SDKs/MacOSX26.1.sdk/System/Library/Frameworks/Foundation.framework/Headers/NSTimer.h
/Applications/Xcode.app/Contents/Developer/Platforms/MacOSX.platform/Developer/SDKs/MacOSX26.1.sdk/System/Library/Frameworks/Foundation.framework/Headers/NSURLAuthenticationChallenge.h
/Applications/Xcode.app/Contents/Developer/Platforms/MacOSX.platform/Developer/SDKs/MacOSX26.1.sdk/System/Library/Frameworks/Foundation.framework/Headers/NSURLCache.h
/Applications/Xcode.app/Contents/Developer/Platforms/MacOSX.platform/Developer/SDKs/MacOSX26.1.sdk/System/Library/Frameworks/Foundation.framework/Headers/NSURLConnection.h
/Applications/Xcode.app/Contents/Developer/Platforms/MacOSX.platform/Developer/SDKs/MacOSX26.1.sdk/System/Library/Frameworks/Foundation.framework/Headers/NSURLCredential.h
/Applications/Xcode.app/Contents/Developer/Platforms/MacOSX.platform/Developer/SDKs/MacOSX26.1.sdk/System/Library/Frameworks/Security.framework/Modules/module.modulemap
/Applications/Xcode.app/Contents/Developer/Platforms/MacOSX.platform/Developer/SDKs/MacOSX26.1.sdk/System/Library/Frameworks/Foundation.framework/Headers/NSURLCredentialStorage.h
/Applications/Xcode.app/Contents/Developer/Platforms/MacOSX.platform/Developer/SDKs/MacOSX26.1.sdk/System/Library/Frameworks/Foundation.framework/Headers/NSURLProtectionSpace.h
/Applications/Xcode.app/Contents/Developer/Platforms/MacOSX.platform/Developer/SDKs/MacOSX26.1.sdk/System/Library/Frameworks/Foundation.framework/Headers/NSURLError.h
/Applications/Xcode.app/Contents/Developer/Platforms/MacOSX.platform/Developer/SDKs/MacOSX26.1.sdk/System/Library/Frameworks/CoreServices.framework/Modules/module.modulemap
/Applications/Xcode.app/Contents/Developer/Platforms/MacOSX.platform/Developer/SDKs/MacOSX26.1.sdk/System/Library/Frameworks/Foundation.framework/Headers/NSURLProtocol.h
/Applications/Xcode.app/Contents/Developer/Platforms/MacOSX.platform/Developer/SDKs/MacOSX26.1.sdk/System/Library/Frameworks/Foundation.framework/Headers/NSURLRequest.h
/Applications/Xcode.app/Contents/Developer/Platforms/MacOSX.platform/Developer/SDKs/MacOSX26.1.sdk/System/Library/Frameworks/Foundation.framework/Headers/NSURLResponse.h
/Applications/Xcode.app/Contents/Developer/Platforms/MacOSX.platform/Developer/SDKs/MacOSX26.1.sdk/System/Library/Frameworks/Foundation.framework/Headers/NSUserDefaults.h
/Applications/Xcode.app/Contents/Developer/Platforms/MacOSX.platform/Developer/SDKs/MacOSX26.1.sdk/System/Library/Frameworks/Foundation.framework/Headers/NSValueTransformer.h
/Applications/Xcode.app/Contents/Developer/Platforms/MacOSX.platform/Developer/SDKs/MacOSX26.1.sdk/System/Library/Frameworks/Foundation.framework/Headers/NSXMLParser.h
/Applications/Xcode.app/Contents/Developer/Platforms/MacOSX.platform/Developer/SDKs/MacOSX26.1.sdk/System/Library/Frameworks/Foundation.framework/Headers/NSXPCConnection.h
/Applications/Xcode.app/Contents/Developer/Platforms/MacOSX.platform/Developer/SDKs/MacOSX26.1.sdk/System/Library/Frameworks/Foundation.framework/Headers/FoundationErrors.h
/Applications/Xcode.app/Contents/Developer/Platforms/MacOSX.platform/Developer/SDKs/MacOSX26.1.sdk/System/Library/Frameworks/Foundation.framework/Headers/NSByteCountFormatter.h
/Applications/Xcode.app/Contents/Developer/Platforms/MacOSX.platform/Developer/SDKs/MacOSX26.1.sdk/System/Library/Frameworks/Foundation.framework/Headers/NSCache.h
/Applications/Xcode.app/Contents/Developer/Platforms/MacOSX.platform/Developer/SDKs/MacOSX26.1.sdk/System/Library/Frameworks/Foundation.framework/Headers/NSComparisonPredicate.h
/Applications/Xcode.app/Contents/Developer/Platforms/MacOSX.platform/Developer/SDKs/MacOSX26.1.sdk/System/Library/Frameworks/Foundation.framework/Headers/NSPredicate.h
/Applications/Xcode.app/Contents/Developer/Platforms/MacOSX.platform/Developer/SDKs/MacOSX26.1.sdk/System/Library/Frameworks/Foundation.framework/Headers/NSCompoundPredicate.h
/Applications/Xcode.app/Contents/Developer/Platforms/MacOSX.platform/Developer/SDKs/MacOSX26.1.sdk/System/Library/Frameworks/Foundation.framework/Headers/NSDateComponentsFormatter.h
/Applications/Xcode.app/Contents/Developer/Platforms/MacOSX.platform/Developer/SDKs/MacOSX26.1.sdk/System/Library/Frameworks/Foundation.framework/Headers/NSExpression.h
/Applications/Xcode.app/Contents/Developer/Platforms/MacOSX.platform/Developer/SDKs/MacOSX26.1.sdk/System/Library/Frameworks/Foundation.framework/Headers/NSExtensionContext.h
/Applications/Xcode.app/Contents/Developer/Platforms/MacOSX.platform/Developer/SDKs/MacOSX26.1.sdk/System/Library/Frameworks/Foundation.framework/Headers/NSExtensionItem.h
/Applications/Xcode.app/Contents/Developer/Platforms/MacOSX.platform/Developer/SDKs/MacOSX26.1.sdk/System/Library/Frameworks/Foundation.framework/Headers/NSExtensionRequestHandling.h
/Applications/Xcode.app/Contents/Developer/Platforms/MacOSX.platform/Developer/SDKs/MacOSX26.1.sdk/System/Library/Frameworks/Foundation.framework/Headers/NSFileCoordinator.h
/Applications/Xcode.app/Contents/Developer/Platforms/MacOSX.platform/Developer/SDKs/MacOSX26.1.sdk/System/Library/Frameworks/Foundation.framework/Headers/NSFilePresenter.h
/Applications/Xcode.app/Contents/Developer/Platforms/MacOSX.platform/Developer/SDKs/MacOSX26.1.sdk/System/Library/Frameworks/Foundation.framework/Headers/NSFileVersion.h
/Applications/Xcode.app/Contents/Developer/Platforms/MacOSX.platform/Developer/SDKs/MacOSX26.1.sdk/System/Library/Frameworks/Foundation.framework/Headers/NSFileWrapper.h
/Applications/Xcode.app/Contents/Developer/Platforms/MacOSX.platform/Developer/SDKs/MacOSX26.1.sdk/System/Library/Frameworks/Foundation.framework/Headers/NSLinguisticTagger.h
/Applications/Xcode.app/Contents/Developer/Platforms/MacOSX.platform/Developer/SDKs/MacOSX26.1.sdk/System/Library/Frameworks/Foundation.framework/Headers/NSMetadata.h
/Applications/Xcode.app/Contents/Developer/Platforms/MacOSX.platform/Developer/SDKs/MacOSX26.1.sdk/System/Library/Frameworks/Foundation.framework/Headers/NSMetadataAttributes.h
/Applications/Xcode.app/Contents/Developer/Platforms/MacOSX.platform/Developer/SDKs/MacOSX26.1.sdk/System/Library/Frameworks/Foundation.framework/Headers/NSNetServices.h
/Applications/Xcode.app/Contents/Developer/Platforms/MacOSX.platform/Developer/SDKs/MacOSX26.1.sdk/System/Library/Frameworks/Foundation.framework/Headers/NSUbiquitousKeyValueStore.h
/Applications/Xcode.app/Contents/Developer/Platforms/MacOSX.platform/Developer/SDKs/MacOSX26.1.sdk/System/Library/Frameworks/Foundation.framework/Headers/NSUndoManager.h
/Applications/Xcode.app/Contents/Developer/Platforms/MacOSX.platform/Developer/SDKs/MacOSX26.1.sdk/System/Library/Frameworks/Foundation.framework/Headers/NSURLSession.h
/Applications/Xcode.app/Contents/Developer/Platforms/MacOSX.platform/Developer/SDKs/MacOSX26.1.sdk/System/Library/Frameworks/Foundation.framework/Headers/NSUserActivity.h
/Applications/Xcode.app/Contents/Developer/Platforms/MacOSX.platform/Developer/SDKs/MacOSX26.1.sdk/System/Library/Frameworks/Foundation.framework/Headers/NSUUID.h
/Applications/Xcode.app/Contents/Developer/Platforms/MacOSX.platform/Developer/SDKs/MacOSX26.1.sdk/System/Library/Frameworks/Foundation.framework/Headers/NSAffineTransform.h
/Applications/Xcode.app/Contents/Developer/Platforms/MacOSX.platform/Developer/SDKs/MacOSX26.1.sdk/System/Library/Frameworks/Foundation.framework/Headers/NSAppleScript.h
/Applications/Xcode.app/Contents/Developer/Platforms/MacOSX.platform/Developer/SDKs/MacOSX26.1.sdk/System/Library/Frameworks/Foundation.framework/Headers/NSArchiver.h
/Applications/Xcode.app/Contents/Developer/Platforms/MacOSX.platform/Developer/SDKs/MacOSX26.1.sdk/System/Library/Frameworks/Foundation.framework/Headers/NSBackgroundActivityScheduler.h
/Applications/Xcode.app/Contents/Developer/Platforms/MacOSX.platform/Developer/SDKs/MacOSX26.1.sdk/System/Library/Frameworks/Foundation.framework/Headers/NSCalendarDate.h
/Applications/Xcode.app/Contents/Developer/Platforms/MacOSX.platform/Developer/SDKs/MacOSX26.1.sdk/System/Library/Frameworks/Foundation.framework/Headers/NSConnection.h
/Applications/Xcode.app/Contents/Developer/Platforms/MacOSX.platform/Developer/SDKs/MacOSX26.1.sdk/System/Library/Frameworks/Foundation.framework/Headers/NSDistantObject.h
/Applications/Xcode.app/Contents/Developer/Platforms/MacOSX.platform/Developer/SDKs/MacOSX26.1.sdk/System/Library/Frameworks/Foundation.framework/Headers/NSDistributedNotificationCenter.h
/Applications/Xcode.app/Contents/Developer/Platforms/MacOSX.platform/Developer/SDKs/MacOSX26.1.sdk/System/Library/Frameworks/Foundation.framework/Headers/NSPortCoder.h
/Applications/Xcode.app/Contents/Developer/Platforms/MacOSX.platform/Developer/SDKs/MacOSX26.1.sdk/System/Library/Frameworks/Foundation.framework/Headers/NSPortMessage.h
/Applications/Xcode.app/Contents/Developer/Platforms/MacOSX.platform/Developer/SDKs/MacOSX26.1.sdk/System/Library/Frameworks/Foundation.framework/Headers/NSPortNameServer.h
/Applications/Xcode.app/Contents/Developer/Platforms/MacOSX.platform/Developer/SDKs/MacOSX26.1.sdk/System/Library/Frameworks/Foundation.framework/Headers/NSProtocolChecker.h
/Applications/Xcode.app/Contents/Developer/Platforms/MacOSX.platform/Developer/SDKs/MacOSX26.1.sdk/System/Library/Frameworks/Foundation.framework/Headers/NSTask.h
/Applications/Xcode.app/Contents/Developer/Platforms/MacOSX.platform/Developer/SDKs/MacOSX26.1.sdk/System/Library/Frameworks/Foundation.framework/Headers/NSXMLDTD.h
/Applications/Xcode.app/Contents/Developer/Platforms/MacOSX.platform/Developer/SDKs/MacOSX26.1.sdk/System/Library/Frameworks/Foundation.framework/Headers/NSXMLNode.h
/Applications/Xcode.app/Contents/Developer/Platforms/MacOSX.platform/Developer/SDKs/MacOSX26.1.sdk/System/Library/Frameworks/Foundation.framework/Headers/NSXMLNodeOptions.h
/Applications/Xcode.app/Contents/Developer/Platforms/MacOSX.platform/Developer/SDKs/MacOSX26.1.sdk/System/Library/Frameworks/Foundation.framework/Headers/NSXMLDTDNode.h
/Applications/Xcode.app/Contents/Developer/Platforms/MacOSX.platform/Developer/SDKs/MacOSX26.1.sdk/System/Library/Frameworks/Foundation.framework/Headers/NSXMLDocument.h
/Applications/Xcode.app/Contents/Developer/Platforms/MacOSX.platform/Developer/SDKs/MacOSX26.1.sdk/System/Library/Frameworks/Foundation.framework/Headers/NSXMLElement.h
/Applications/Xcode.app/Contents/Developer/Platforms/MacOSX.platform/Developer/SDKs/MacOSX26.1.sdk/System/Library/Frameworks/Foundation.framework/Headers/NSURLDownload.h
/Applications/Xcode.app/Contents/Developer/Platforms/MacOSX.platform/Developer/SDKs/MacOSX26.1.sdk/System/Library/Frameworks/Foundation.framework/Headers/NSAppleEventDescriptor.h
/Applications/Xcode.app/Contents/Developer/Platforms/MacOSX.platform/Developer/SDKs/MacOSX26.1.sdk/System/Library/Frameworks/Foundation.framework/Headers/NSAppleEventManager.h
/Applications/Xcode.app/Contents/Developer/Platforms/MacOSX.platform/Developer/SDKs/MacOSX26.1.sdk/System/Library/Frameworks/Foundation.framework/Headers/NSClassDescription.h
/Applications/Xcode.app/Contents/Developer/Platforms/MacOSX.platform/Developer/SDKs/MacOSX26.1.sdk/System/Library/Frameworks/Foundation.framework/Headers/NSDistributedLock.h
/Applications/Xcode.app/Contents/Developer/Platforms/MacOSX.platform/Developer/SDKs/MacOSX26.1.sdk/System/Library/Frameworks/Foundation.framework/Headers/NSGarbageCollector.h
/Applications/Xcode.app/Contents/Developer/Platforms/MacOSX.platform/Developer/SDKs/MacOSX26.1.sdk/System/Library/Frameworks/Foundation.framework/Headers/NSHFSFileTypes.h
/Applications/Xcode.app/Contents/Developer/Platforms/MacOSX.platform/Developer/SDKs/MacOSX26.1.sdk/System/Library/Frameworks/Foundation.framework/Headers/NSHost.h
/Applications/Xcode.app/Contents/Developer/Platforms/MacOSX.platform/Developer/SDKs/MacOSX26.1.sdk/System/Library/Frameworks/Foundation.framework/Headers/NSObjectScripting.h
/Applications/Xcode.app/Contents/Developer/Platforms/MacOSX.platform/Developer/SDKs/MacOSX26.1.sdk/System/Library/Frameworks/Foundation.framework/Headers/NSScriptClassDescription.h
/Applications/Xcode.app/Contents/Developer/Platforms/MacOSX.platform/Developer/SDKs/MacOSX26.1.sdk/System/Library/Frameworks/Foundation.framework/Headers/NSScriptCoercionHandler.h
/Applications/Xcode.app/Contents/Developer/Platforms/MacOSX.platform/Developer/SDKs/MacOSX26.1.sdk/System/Library/Frameworks/Foundation.framework/Headers/NSScriptCommand.h
/Applications/Xcode.app/Contents/Developer/Platforms/MacOSX.platform/Developer/SDKs/MacOSX26.1.sdk/System/Library/Frameworks/Foundation.framework/Headers/NSScriptCommandDescription.h
/Applications/Xcode.app/Contents/Developer/Platforms/MacOSX.platform/Developer/SDKs/MacOSX26.1.sdk/System/Library/Frameworks/Foundation.framework/Headers/NSScriptExecutionContext.h
/Applications/Xcode.app/Contents/Developer/Platforms/MacOSX.platform/Developer/SDKs/MacOSX26.1.sdk/System/Library/Frameworks/Foundation.framework/Headers/NSScriptKeyValueCoding.h
/Applications/Xcode.app/Contents/Developer/Platforms/MacOSX.platform/Developer/SDKs/MacOSX26.1.sdk/System/Library/Frameworks/Foundation.framework/Headers/NSScriptObjectSpecifiers.h
/Applications/Xcode.app/Contents/Developer/Platforms/MacOSX.platform/Developer/SDKs/MacOSX26.1.sdk/System/Library/Frameworks/Foundation.framework/Headers/NSScriptStandardSuiteCommands.h
/Applications/Xcode.app/Contents/Developer/Platforms/MacOSX.platform/Developer/SDKs/MacOSX26.1.sdk/System/Library/Frameworks/Foundation.framework/Headers/NSScriptSuiteRegistry.h
/Applications/Xcode.app/Contents/Developer/Platforms/MacOSX.platform/Developer/SDKs/MacOSX26.1.sdk/System/Library/Frameworks/Foundation.framework/Headers/NSScriptWhoseTests.h
/Applications/Xcode.app/Contents/Developer/Platforms/MacOSX.platform/Developer/SDKs/MacOSX26.1.sdk/System/Library/Frameworks/Foundation.framework/Headers/NSSpellServer.h
/Applications/Xcode.app/Contents/Developer/Platforms/MacOSX.platform/Developer/SDKs/MacOSX26.1.sdk/System/Library/Frameworks/Foundation.framework/Headers/NSUserNotification.h
/Applications/Xcode.app/Contents/Developer/Platforms/MacOSX.platform/Developer/SDKs/MacOSX26.1.sdk/System/Library/Frameworks/Foundation.framework/Headers/NSUserScriptTask.h
/Applications/Xcode.app/Contents/Developer/Platforms/MacOSX.platform/Developer/SDKs/MacOSX26.1.sdk/System/Library/Frameworks/Foundation.framework/Headers/FoundationLegacySwiftCompatibility.h
/Applications/Xcode.app/Contents/Developer/Platforms/MacOSX.platform/Developer/SDKs/MacOSX26.1.sdk/System/Library/Frameworks/Foundation.framework/Headers/NSDebug.h
/Applications/Xcode.app/Contents/Developer/Platforms/MacOSX.platform/Developer/SDKs/MacOSX26.1.sdk/SDKSettings.json
/Applications/Xcode.app/Contents/Developer/Toolchains/XcodeDefault.xctoolchain/usr/lib/swift/macosx/prebuilt-modules/26.1/Foundation.swiftmodule/arm64e-apple-macos.swiftmodule
/Users/rogerlin/Library/Developer/Xcode/DerivedData/FinancialCalculatorKit-ackorybalcxbfocbkqsfdzcfkgmn/Build/Products/Debug/HTMLEntities.swiftmodule/arm64-apple-macos.swiftmodule
/Applications/Xcode.app/Contents/Developer/Toolchains/XcodeDefault.xctoolchain/usr/lib/swift/macosx/prebuilt-modules/26.1/IOKit.swiftmodule/arm64e-apple-macos.swiftmodule
/Applications/Xcode.app/Contents/Developer/Platforms/MacOSX.platform/Developer/SDKs/MacOSX26.1.sdk/System/Library/Frameworks/IOKit.framework/Modules/module.modulemap
/Applications/Xcode.app/Contents/Developer/Platforms/MacOSX.platform/Developer/SDKs/MacOSX26.1.sdk/System/Library/Frameworks/IOKit.framework/Headers/IOReturn.h
/Applications/Xcode.app/Contents/Developer/Platforms/MacOSX.platform/Developer/SDKs/MacOSX26.1.sdk/usr/include/dispatch.modulemap
/Applications/Xcode.app/Contents/Developer/Platforms/MacOSX.platform/Developer/SDKs/MacOSX26.1.sdk/usr/include/libkern.modulemap
/Applications/Xcode.app/Contents/Developer/Platforms/MacOSX.platform/Developer/SDKs/MacOSX26.1.sdk/usr/include/Darwin.modulemap
/Applications/Xcode.app/Contents/Developer/Platforms/MacOSX.platform/Developer/SDKs/MacOSX26.1.sdk/usr/include/Darwin_C.modulemap
/Applications/Xcode.app/Contents/Developer/Platforms/MacOSX.platform/Developer/SDKs/MacOSX26.1.sdk/usr/include/Darwin_POSIX.modulemap
/Applications/Xcode.app/Contents/Developer/Platforms/MacOSX.platform/Developer/SDKs/MacOSX26.1.sdk/usr/include/net.modulemap
/Applications/Xcode.app/Contents/Developer/Platforms/MacOSX.platform/Developer/SDKs/MacOSX26.1.sdk/usr/include/netinet.modulemap
/Applications/Xcode.app/Contents/Developer/Platforms/MacOSX.platform/Developer/SDKs/MacOSX26.1.sdk/usr/include/bank.modulemap
/Applications/Xcode.app/Contents/Developer/Platforms/MacOSX.platform/Developer/SDKs/MacOSX26.1.sdk/usr/include/Darwin_Mach.modulemap
/Applications/Xcode.app/Contents/Developer/Platforms/MacOSX.platform/Developer/SDKs/MacOSX26.1.sdk/usr/include/Darwin_Mach_machine.modulemap
/Applications/Xcode.app/Contents/Developer/Platforms/MacOSX.platform/Developer/SDKs/MacOSX26.1.sdk/usr/include/mach_debug.modulemap
/Applications/Xcode.app/Contents/Developer/Platforms/MacOSX.platform/Developer/SDKs/MacOSX26.1.sdk/usr/include/device.modulemap
/Applications/Xcode.app/Contents/Developer/Platforms/MacOSX.platform/Developer/SDKs/MacOSX26.1.sdk/usr/include/Darwin_machine.modulemap
/Applications/Xcode.app/Contents/Developer/Platforms/MacOSX.platform/Developer/SDKs/MacOSX26.1.sdk/usr/include/ncurses.modulemap
/Applications/Xcode.app/Contents/Developer/Platforms/MacOSX.platform/Developer/SDKs/MacOSX26.1.sdk/usr/include/netinet6.modulemap
/Applications/Xcode.app/Contents/Developer/Platforms/MacOSX.platform/Developer/SDKs/MacOSX26.1.sdk/usr/include/Darwin_sys.modulemap
/Applications/Xcode.app/Contents/Developer/Platforms/MacOSX.platform/Developer/SDKs/MacOSX26.1.sdk/usr/include/uuid.modulemap
/Applications/Xcode.app/Contents/Developer/Platforms/MacOSX.platform/Developer/SDKs/MacOSX26.1.sdk/usr/include/DarwinFoundation2.modulemap
/Applications/Xcode.app/Contents/Developer/Platforms/MacOSX.platform/Developer/SDKs/MacOSX26.1.sdk/usr/include/DarwinFoundation1.modulemap
/Applications/Xcode.app/Contents/Developer/Platforms/MacOSX.platform/Developer/SDKs/MacOSX26.1.sdk/System/Library/Frameworks/IOKit.framework/Headers/IOMapTypes.h
/Applications/Xcode.app/Contents/Developer/Platforms/MacOSX.platform/Developer/SDKs/MacOSX26.1.sdk/System/Library/Frameworks/IOKit.framework/Headers/IOTypes.h
/Applications/Xcode.app/Contents/Developer/Toolchains/XcodeDefault.xctoolchain/usr/lib/swift/clang/include/module.modulemap
/Applications/Xcode.app/Contents/Developer/Platforms/MacOSX.platform/Developer/SDKs/MacOSX26.1.sdk/System/Library/Frameworks/IOKit.framework/Headers/IOKitKeys.h
/Applications/Xcode.app/Contents/Developer/Platforms/MacOSX.platform/Developer/SDKs/MacOSX26.1.sdk/System/Library/Frameworks/IOKit.framework/Headers/OSMessageNotification.h
/Applications/Xcode.app/Contents/Developer/Platforms/MacOSX.platform/Developer/SDKs/MacOSX26.1.sdk/System/Library/Frameworks/IOKit.framework/Headers/IOKitLib.h
/Applications/Xcode.app/Contents/Developer/Platforms/MacOSX.platform/Developer/SDKs/MacOSX26.1.sdk/System/Library/Frameworks/CoreFoundation.framework/Modules/module.modulemap
/Applications/Xcode.app/Contents/Developer/Platforms/MacOSX.platform/Developer/SDKs/MacOSX26.1.sdk/System/Library/Frameworks/IOKit.framework/Headers/IOBSD.h
/Applications/Xcode.app/Contents/Developer/Platforms/MacOSX.platform/Developer/SDKs/MacOSX26.1.sdk/System/Library/Frameworks/IOKit.framework/Headers/IODataQueueClient.h
/Applications/Xcode.app/Contents/Developer/Platforms/MacOSX.platform/Developer/SDKs/MacOSX26.1.sdk/System/Library/Frameworks/IOKit.framework/Headers/IODataQueueShared.h
/Applications/Xcode.app/Contents/Developer/Platforms/MacOSX.platform/Developer/SDKs/MacOSX26.1.sdk/System/Library/Frameworks/IOKit.framework/Headers/IOCFBundle.h
/Applications/Xcode.app/Contents/Developer/Platforms/MacOSX.platform/Developer/SDKs/MacOSX26.1.sdk/System/Library/Frameworks/IOKit.framework/Headers/IOSharedLock.h
/Applications/Xcode.app/Contents/Developer/Platforms/MacOSX.platform/Developer/SDKs/MacOSX26.1.sdk/System/Library/Frameworks/IOKit.framework/Headers/IOCFPlugIn.h
/Applications/Xcode.app/Contents/Developer/Platforms/MacOSX.platform/Developer/SDKs/MacOSX26.1.sdk/System/Library/Frameworks/IOKit.framework/Headers/IOCFSerialize.h
/Applications/Xcode.app/Contents/Developer/Platforms/MacOSX.platform/Developer/SDKs/MacOSX26.1.sdk/System/Library/Frameworks/IOKit.framework/Headers/IOCFURLAccess.h
/Applications/Xcode.app/Contents/Developer/Platforms/MacOSX.platform/Developer/SDKs/MacOSX26.1.sdk/System/Library/Frameworks/IOKit.framework/Headers/IOKitServer.h
/Applications/Xcode.app/Contents/Developer/Platforms/MacOSX.platform/Developer/SDKs/MacOSX26.1.sdk/System/Library/Frameworks/IOKit.framework/Headers/IOCFUnserialize.h
/Applications/Xcode.app/Contents/Developer/Platforms/MacOSX.platform/Developer/SDKs/MacOSX26.1.sdk/System/Library/Frameworks/IOKit.framework/Headers/IOMessage.h
/Applications/Xcode.app/Contents/Developer/Platforms/MacOSX.platform/Developer/SDKs/MacOSX26.1.sdk/System/Library/Frameworks/IOKit.framework/Headers/IORPC.h
/Applications/Xcode.app/Contents/Developer/Platforms/MacOSX.platform/Developer/SDKs/MacOSX26.1.sdk/System/Library/Frameworks/IOKit.framework/Headers/IOUserServer.h
/Applications/Xcode.app/Contents/Developer/Platforms/MacOSX.platform/Developer/SDKs/MacOSX26.1.sdk/System/Library/Frameworks/IOKit.framework/Headers/audio/IOAudioDefines.h
/Applications/Xcode.app/Contents/Developer/Platforms/MacOSX.platform/Developer/SDKs/MacOSX26.1.sdk/System/Library/Frameworks/IOKit.framework/Headers/audio/IOAudioLib.h
/Applications/Xcode.app/Contents/Developer/Platforms/MacOSX.platform/Developer/SDKs/MacOSX26.1.sdk/System/Library/Frameworks/IOKit.framework/Headers/audio/IOAudioTypes.h
/Applications/Xcode.app/Contents/Developer/Platforms/MacOSX.platform/Developer/SDKs/MacOSX26.1.sdk/System/Library/Frameworks/IOKit.framework/Headers/avc/IOFireWireAVCConsts.h
/Applications/Xcode.app/Contents/Developer/Platforms/MacOSX.platform/Developer/SDKs/MacOSX26.1.sdk/System/Library/Frameworks/IOKit.framework/Headers/avc/IOFireWireAVCLib.h
/Applications/Xcode.app/Contents/Developer/Platforms/MacOSX.platform/Developer/SDKs/MacOSX26.1.sdk/System/Library/Frameworks/IOKit.framework/Headers/firewire/IOFireWireFamilyCommon.h
/Applications/Xcode.app/Contents/Developer/Platforms/MacOSX.platform/Developer/SDKs/MacOSX26.1.sdk/System/Library/Frameworks/IOKit.framework/Headers/firewire/IOFireWireLib.h
/Applications/Xcode.app/Contents/Developer/Platforms/MacOSX.platform/Developer/SDKs/MacOSX26.1.sdk/System/Library/Frameworks/IOKit.framework/Headers/firewire/IOFireWireLibIsoch.h
/Applications/Xcode.app/Contents/Developer/Platforms/MacOSX.platform/Developer/SDKs/MacOSX26.1.sdk/System/Library/Frameworks/IOKit.framework/Headers/graphics/IOAccelClientConnect.h
/Applications/Xcode.app/Contents/Developer/Platforms/MacOSX.platform/Developer/SDKs/MacOSX26.1.sdk/System/Library/Frameworks/IOKit.framework/Headers/graphics/IOGraphicsInterface.h
/Applications/Xcode.app/Contents/Developer/Platforms/MacOSX.platform/Developer/SDKs/MacOSX26.1.sdk/System/Library/Frameworks/IOKit.framework/Headers/graphics/IOGraphicsInterfaceTypes.h
/Applications/Xcode.app/Contents/Developer/Platforms/MacOSX.platform/Developer/SDKs/MacOSX26.1.sdk/System/Library/Frameworks/IOKit.framework/Headers/graphics/IOAccelSurfaceConnect.h
/Applications/Xcode.app/Contents/Developer/Platforms/MacOSX.platform/Developer/SDKs/MacOSX26.1.sdk/System/Library/Frameworks/IOKit.framework/Headers/graphics/IOAccelTypes.h
/Applications/Xcode.app/Contents/Developer/Platforms/MacOSX.platform/Developer/SDKs/MacOSX26.1.sdk/System/Library/Frameworks/IOKit.framework/Headers/graphics/IOGraphicsLib.h
/Applications/Xcode.app/Contents/Developer/Platforms/MacOSX.platform/Developer/SDKs/MacOSX26.1.sdk/System/Library/Frameworks/IOKit.framework/Headers/graphics/IOFramebufferShared.h
/Applications/Xcode.app/Contents/Developer/Platforms/MacOSX.platform/Developer/SDKs/MacOSX26.1.sdk/System/Library/Frameworks/IOKit.framework/Headers/hidsystem/IOHIDTypes.h
/Applications/Xcode.app/Contents/Developer/Platforms/MacOSX.platform/Developer/SDKs/MacOSX26.1.sdk/System/Library/Frameworks/IOKit.framework/Headers/graphics/IOGraphicsTypes.h
/Applications/Xcode.app/Contents/Developer/Platforms/MacOSX.platform/Developer/SDKs/MacOSX26.1.sdk/System/Library/Frameworks/IOKit.framework/Headers/graphics/IOGraphicsEngine.h
/Applications/Xcode.app/Contents/Developer/Platforms/MacOSX.platform/Developer/SDKs/MacOSX26.1.sdk/System/Library/Frameworks/IOKit.framework/Headers/hid/IOHIDBase.h
/Applications/Xcode.app/Contents/Developer/Platforms/MacOSX.platform/Developer/SDKs/MacOSX26.1.sdk/System/Library/Frameworks/IOKit.framework/Headers/hid/IOHIDKeys.h
/Applications/Xcode.app/Contents/Developer/Platforms/MacOSX.platform/Developer/SDKs/MacOSX26.1.sdk/System/Library/Frameworks/IOKit.framework/Headers/hidsystem/IOHIDParameter.h
/Applications/Xcode.app/Contents/Developer/Platforms/MacOSX.platform/Developer/SDKs/MacOSX26.1.sdk/System/Library/Frameworks/IOKit.framework/Headers/hidsystem/IOLLEvent.h
/Applications/Xcode.app/Contents/Developer/Platforms/MacOSX.platform/Developer/SDKs/MacOSX26.1.sdk/System/Library/Frameworks/IOKit.framework/Headers/hid/IOHIDProperties.h
/Applications/Xcode.app/Contents/Developer/Platforms/MacOSX.platform/Developer/SDKs/MacOSX26.1.sdk/System/Library/Frameworks/IOKit.framework/Headers/hid/IOHIDEventServiceKeys.h
/Applications/Xcode.app/Contents/Developer/Platforms/MacOSX.platform/Developer/SDKs/MacOSX26.1.sdk/System/Library/Frameworks/IOKit.framework/Headers/hid/IOHIDDeviceTypes.h
/Applications/Xcode.app/Contents/Developer/Platforms/MacOSX.platform/Developer/SDKs/MacOSX26.1.sdk/System/Library/Frameworks/IOKit.framework/Headers/hid/IOHIDDeviceKeys.h
/Applications/Xcode.app/Contents/Developer/Platforms/MacOSX.platform/Developer/SDKs/MacOSX26.1.sdk/System/Library/Frameworks/IOKit.framework/Headers/hid/IOHIDQueue.h
/Applications/Xcode.app/Contents/Developer/Platforms/MacOSX.platform/Developer/SDKs/MacOSX26.1.sdk/System/Library/Frameworks/IOKit.framework/Headers/hid/IOHIDDevice.h
/Applications/Xcode.app/Contents/Developer/Platforms/MacOSX.platform/Developer/SDKs/MacOSX26.1.sdk/System/Library/Frameworks/IOKit.framework/Headers/hid/IOHIDLib.h
/Applications/Xcode.app/Contents/Developer/Platforms/MacOSX.platform/Developer/SDKs/MacOSX26.1.sdk/System/Library/Frameworks/IOKit.framework/Headers/hid/IOHIDElement.h
/Applications/Xcode.app/Contents/Developer/Platforms/MacOSX.platform/Developer/SDKs/MacOSX26.1.sdk/System/Library/Frameworks/IOKit.framework/Headers/hid/IOHIDLibObsolete.h
/Applications/Xcode.app/Contents/Developer/Platforms/MacOSX.platform/Developer/SDKs/MacOSX26.1.sdk/System/Library/Frameworks/IOKit.framework/Headers/hid/IOHIDManager.h
/Applications/Xcode.app/Contents/Developer/Platforms/MacOSX.platform/Developer/SDKs/MacOSX26.1.sdk/System/Library/Frameworks/IOKit.framework/Headers/hid/IOHIDUsageTables.h
/Applications/Xcode.app/Contents/Developer/Platforms/MacOSX.platform/Developer/SDKs/MacOSX26.1.sdk/System/Library/Frameworks/IOKit.framework/Headers/hid/IOHIDValue.h
/Applications/Xcode.app/Contents/Developer/Platforms/MacOSX.platform/Developer/SDKs/MacOSX26.1.sdk/System/Library/Frameworks/IOKit.framework/Headers/hid/IOHIDTransaction.h
/Applications/Xcode.app/Contents/Developer/Platforms/MacOSX.platform/Developer/SDKs/MacOSX26.1.sdk/System/Library/Frameworks/IOKit.framework/Headers/hid/IOHIDDevicePlugIn.h
/Applications/Xcode.app/Contents/Developer/Platforms/MacOSX.platform/Developer/SDKs/MacOSX26.1.sdk/System/Library/Frameworks/IOKit.framework/Headers/hid/IOHIDEventServiceTypes.h
/Applications/Xcode.app/Contents/Developer/Platforms/MacOSX.platform/Developer/SDKs/MacOSX26.1.sdk/System/Library/Frameworks/IOKit.framework/Headers/hidsystem/IOHIDLib.h
/Applications/Xcode.app/Contents/Developer/Platforms/MacOSX.platform/Developer/SDKs/MacOSX26.1.sdk/System/Library/Frameworks/IOKit.framework/Headers/hidsystem/IOHIDShared.h
/Applications/Xcode.app/Contents/Developer/Platforms/MacOSX.platform/Developer/SDKs/MacOSX26.1.sdk/System/Library/Frameworks/IOKit.framework/Headers/hidsystem/event_status_driver.h
/Applications/Xcode.app/Contents/Developer/Platforms/MacOSX.platform/Developer/SDKs/MacOSX26.1.sdk/System/Library/Frameworks/IOKit.framework/Headers/hidsystem/ev_keymap.h
/Applications/Xcode.app/Contents/Developer/Platforms/MacOSX.platform/Developer/SDKs/MacOSX26.1.sdk/System/Library/Frameworks/IOKit.framework/Headers/hidsystem/IOHIDEventSystemClient.h
/Applications/Xcode.app/Contents/Developer/Platforms/MacOSX.platform/Developer/SDKs/MacOSX26.1.sdk/System/Library/Frameworks/IOKit.framework/Headers/hidsystem/IOHIDServiceClient.h
/Applications/Xcode.app/Contents/Developer/Platforms/MacOSX.platform/Developer/SDKs/MacOSX26.1.sdk/System/Library/Frameworks/IOKit.framework/Headers/hidsystem/IOHIDUserDevice.h
/Applications/Xcode.app/Contents/Developer/Platforms/MacOSX.platform/Developer/SDKs/MacOSX26.1.sdk/System/Library/Frameworks/IOKit.framework/Headers/i2c/IOI2CInterface.h
/Applications/Xcode.app/Contents/Developer/Platforms/MacOSX.platform/Developer/SDKs/MacOSX26.1.sdk/System/Library/Frameworks/IOKit.framework/Headers/kext/KextManager.h
/Applications/Xcode.app/Contents/Developer/Platforms/MacOSX.platform/Developer/SDKs/MacOSX26.1.sdk/System/Library/Frameworks/IOKit.framework/Headers/network/IOEthernetController.h
/Applications/Xcode.app/Contents/Developer/Platforms/MacOSX.platform/Developer/SDKs/MacOSX26.1.sdk/System/Library/Frameworks/IOKit.framework/Headers/network/IONetworkController.h
/Applications/Xcode.app/Contents/Developer/Platforms/MacOSX.platform/Developer/SDKs/MacOSX26.1.sdk/System/Library/Frameworks/IOKit.framework/Headers/network/IONetworkData.h
/Applications/Xcode.app/Contents/Developer/Platforms/MacOSX.platform/Developer/SDKs/MacOSX26.1.sdk/System/Library/Frameworks/IOKit.framework/Headers/network/IONetworkStack.h
/Applications/Xcode.app/Contents/Developer/Platforms/MacOSX.platform/Developer/SDKs/MacOSX26.1.sdk/System/Library/Frameworks/IOKit.framework/Headers/network/IOEthernetInterface.h
/Applications/Xcode.app/Contents/Developer/Platforms/MacOSX.platform/Developer/SDKs/MacOSX26.1.sdk/System/Library/Frameworks/IOKit.framework/Headers/network/IONetworkInterface.h
/Applications/Xcode.app/Contents/Developer/Platforms/MacOSX.platform/Developer/SDKs/MacOSX26.1.sdk/System/Library/Frameworks/IOKit.framework/Headers/network/IONetworkStats.h
/Applications/Xcode.app/Contents/Developer/Platforms/MacOSX.platform/Developer/SDKs/MacOSX26.1.sdk/System/Library/Frameworks/IOKit.framework/Headers/network/IOEthernetStats.h
/Applications/Xcode.app/Contents/Developer/Platforms/MacOSX.platform/Developer/SDKs/MacOSX26.1.sdk/System/Library/Frameworks/IOKit.framework/Headers/network/IONetworkLib.h
/Applications/Xcode.app/Contents/Developer/Platforms/MacOSX.platform/Developer/SDKs/MacOSX26.1.sdk/System/Library/Frameworks/IOKit.framework/Headers/network/IONetworkMedium.h
/Applications/Xcode.app/Contents/Developer/Platforms/MacOSX.platform/Developer/SDKs/MacOSX26.1.sdk/System/Library/Frameworks/IOKit.framework/Headers/network/IONetworkUserClient.h
/Applications/Xcode.app/Contents/Developer/Platforms/MacOSX.platform/Developer/SDKs/MacOSX26.1.sdk/System/Library/Frameworks/IOKit.framework/Headers/ps/IOPSKeys.h
/Applications/Xcode.app/Contents/Developer/Platforms/MacOSX.platform/Developer/SDKs/MacOSX26.1.sdk/System/Library/Frameworks/IOKit.framework/Headers/ps/IOPowerSources.h
/Applications/Xcode.app/Contents/Developer/Platforms/MacOSX.platform/Developer/SDKs/MacOSX26.1.sdk/System/Library/Frameworks/IOKit.framework/Headers/ps/IOUPSPlugIn.h
/Applications/Xcode.app/Contents/Developer/Platforms/MacOSX.platform/Developer/SDKs/MacOSX26.1.sdk/System/Library/Frameworks/IOKit.framework/Headers/pwr_mgt/IOPM.h
/Applications/Xcode.app/Contents/Developer/Platforms/MacOSX.platform/Developer/SDKs/MacOSX26.1.sdk/System/Library/Frameworks/IOKit.framework/Headers/pwr_mgt/IOPMKeys.h
/Applications/Xcode.app/Contents/Developer/Platforms/MacOSX.platform/Developer/SDKs/MacOSX26.1.sdk/System/Library/Frameworks/IOKit.framework/Headers/pwr_mgt/IOPMLib.h
/Applications/Xcode.app/Contents/Developer/Platforms/MacOSX.platform/Developer/SDKs/MacOSX26.1.sdk/System/Library/Frameworks/IOKit.framework/Headers/pwr_mgt/IOPMLibDefs.h
/Applications/Xcode.app/Contents/Developer/Platforms/MacOSX.platform/Developer/SDKs/MacOSX26.1.sdk/System/Library/Frameworks/IOKit.framework/Headers/sbp2/IOFireWireSBP2Lib.h
/Applications/Xcode.app/Contents/Developer/Platforms/MacOSX.platform/Developer/SDKs/MacOSX26.1.sdk/System/Library/Frameworks/IOKit.framework/Headers/scsi/IOSCSIMultimediaCommandsDevice.h
/Applications/Xcode.app/Contents/Developer/Platforms/MacOSX.platform/Developer/SDKs/MacOSX26.1.sdk/System/Library/Frameworks/IOKit.framework/Headers/storage/IOStorageDeviceCharacteristics.h
/Applications/Xcode.app/Contents/Developer/Platforms/MacOSX.platform/Developer/SDKs/MacOSX26.1.sdk/System/Library/Frameworks/IOKit.framework/Headers/storage/IOStorageProtocolCharacteristics.h
/Applications/Xcode.app/Contents/Developer/Platforms/MacOSX.platform/Developer/SDKs/MacOSX26.1.sdk/System/Library/Frameworks/IOKit.framework/Headers/storage/IOStorageControllerCharacteristics.h
/Applications/Xcode.app/Contents/Developer/Platforms/MacOSX.platform/Developer/SDKs/MacOSX26.1.sdk/System/Library/Frameworks/IOKit.framework/Headers/scsi/SCSICmds_REQUEST_SENSE_Defs.h
/Applications/Xcode.app/Contents/Developer/Platforms/MacOSX.platform/Developer/SDKs/MacOSX26.1.sdk/System/Library/Frameworks/IOKit.framework/Headers/scsi/SCSICmds_INQUIRY_Definitions.h
/Applications/Xcode.app/Contents/Developer/Platforms/MacOSX.platform/Developer/SDKs/MacOSX26.1.sdk/System/Library/Frameworks/IOKit.framework/Headers/scsi/SCSICommandDefinitions.h
/Applications/Xcode.app/Contents/Developer/Platforms/MacOSX.platform/Developer/SDKs/MacOSX26.1.sdk/System/Library/Frameworks/IOKit.framework/Headers/scsi/SCSICmds_MODE_Definitions.h
/Applications/Xcode.app/Contents/Developer/Platforms/MacOSX.platform/Developer/SDKs/MacOSX26.1.sdk/System/Library/Frameworks/IOKit.framework/Headers/scsi/SCSICommandOperationCodes.h
/Applications/Xcode.app/Contents/Developer/Platforms/MacOSX.platform/Developer/SDKs/MacOSX26.1.sdk/System/Library/Frameworks/IOKit.framework/Headers/scsi/SCSICmds_READ_CAPACITY_Definitions.h
/Applications/Xcode.app/Contents/Developer/Platforms/MacOSX.platform/Developer/SDKs/MacOSX26.1.sdk/System/Library/Frameworks/IOKit.framework/Headers/scsi/SCSITask.h
/Applications/Xcode.app/Contents/Developer/Platforms/MacOSX.platform/Developer/SDKs/MacOSX26.1.sdk/System/Library/Frameworks/IOKit.framework/Headers/scsi/SCSICmds_REPORT_LUNS_Definitions.h
/Applications/Xcode.app/Contents/Developer/Platforms/MacOSX.platform/Developer/SDKs/MacOSX26.1.sdk/System/Library/Frameworks/IOKit.framework/Headers/scsi/SCSITaskLib.h
/Applications/Xcode.app/Contents/Developer/Platforms/MacOSX.platform/Developer/SDKs/MacOSX26.1.sdk/System/Library/Frameworks/IOKit.framework/Headers/serial/IOSerialKeys.h
/Applications/Xcode.app/Contents/Developer/Platforms/MacOSX.platform/Developer/SDKs/MacOSX26.1.sdk/System/Library/Frameworks/IOKit.framework/Headers/serial/ioss.h
/Applications/Xcode.app/Contents/Developer/Platforms/MacOSX.platform/Developer/SDKs/MacOSX26.1.sdk/System/Library/Frameworks/IOKit.framework/Headers/storage/IOAppleLabelScheme.h
/Applications/Xcode.app/Contents/Developer/Platforms/MacOSX.platform/Developer/SDKs/MacOSX26.1.sdk/System/Library/Frameworks/IOKit.framework/Headers/storage/IODVDMediaBSDClient.h
/Applications/Xcode.app/Contents/Developer/Platforms/MacOSX.platform/Developer/SDKs/MacOSX26.1.sdk/System/Library/Frameworks/IOKit.framework/Headers/storage/IODVDTypes.h
/Applications/Xcode.app/Contents/Developer/Platforms/MacOSX.platform/Developer/SDKs/MacOSX26.1.sdk/System/Library/Frameworks/IOKit.framework/Headers/storage/IOApplePartitionScheme.h
/Applications/Xcode.app/Contents/Developer/Platforms/MacOSX.platform/Developer/SDKs/MacOSX26.1.sdk/System/Library/Frameworks/IOKit.framework/Headers/storage/IOBDBlockStorageDevice.h
/Applications/Xcode.app/Contents/Developer/Platforms/MacOSX.platform/Developer/SDKs/MacOSX26.1.sdk/System/Library/Frameworks/IOKit.framework/Headers/storage/IOBDTypes.h
/Applications/Xcode.app/Contents/Developer/Platforms/MacOSX.platform/Developer/SDKs/MacOSX26.1.sdk/System/Library/Frameworks/IOKit.framework/Headers/storage/IOFDiskPartitionScheme.h
/Applications/Xcode.app/Contents/Developer/Platforms/MacOSX.platform/Developer/SDKs/MacOSX26.1.sdk/System/Library/Frameworks/IOKit.framework/Headers/storage/IOBDMedia.h
/Applications/Xcode.app/Contents/Developer/Platforms/MacOSX.platform/Developer/SDKs/MacOSX26.1.sdk/System/Library/Frameworks/IOKit.framework/Headers/storage/IOFilterScheme.h
/Applications/Xcode.app/Contents/Developer/Platforms/MacOSX.platform/Developer/SDKs/MacOSX26.1.sdk/System/Library/Frameworks/IOKit.framework/Headers/storage/IOBDMediaBSDClient.h
/Applications/Xcode.app/Contents/Developer/Platforms/MacOSX.platform/Developer/SDKs/MacOSX26.1.sdk/System/Library/Frameworks/IOKit.framework/Headers/storage/IOFireWireStorageCharacteristics.h
/Applications/Xcode.app/Contents/Developer/Platforms/MacOSX.platform/Developer/SDKs/MacOSX26.1.sdk/System/Library/Frameworks/IOKit.framework/Headers/storage/IOGUIDPartitionScheme.h
/Applications/Xcode.app/Contents/Developer/Platforms/MacOSX.platform/Developer/SDKs/MacOSX26.1.sdk/System/Library/Frameworks/IOKit.framework/Headers/storage/IOBlockStorageDevice.h
/Applications/Xcode.app/Contents/Developer/Platforms/MacOSX.platform/Developer/SDKs/MacOSX26.1.sdk/System/Library/Frameworks/IOKit.framework/Headers/storage/IOMedia.h
/Applications/Xcode.app/Contents/Developer/Platforms/MacOSX.platform/Developer/SDKs/MacOSX26.1.sdk/System/Library/Frameworks/IOKit.framework/Headers/storage/IOBlockStorageDriver.h
/Applications/Xcode.app/Contents/Developer/Platforms/MacOSX.platform/Developer/SDKs/MacOSX26.1.sdk/System/Library/Frameworks/IOKit.framework/Headers/storage/IOMediaBSDClient.h
/Applications/Xcode.app/Contents/Developer/Platforms/MacOSX.platform/Developer/SDKs/MacOSX26.1.sdk/System/Library/Frameworks/IOKit.framework/Headers/storage/IOCDBlockStorageDevice.h
/Applications/Xcode.app/Contents/Developer/Platforms/MacOSX.platform/Developer/SDKs/MacOSX26.1.sdk/System/Library/Frameworks/IOKit.framework/Headers/storage/IOCDTypes.h
/Applications/Xcode.app/Contents/Developer/Platforms/MacOSX.platform/Developer/SDKs/MacOSX26.1.sdk/System/Library/Frameworks/IOKit.framework/Headers/storage/IOPartitionScheme.h
/Applications/Xcode.app/Contents/Developer/Platforms/MacOSX.platform/Developer/SDKs/MacOSX26.1.sdk/System/Library/Frameworks/IOKit.framework/Headers/storage/IOCDMedia.h
/Applications/Xcode.app/Contents/Developer/Platforms/MacOSX.platform/Developer/SDKs/MacOSX26.1.sdk/System/Library/Frameworks/IOKit.framework/Headers/storage/IOStorage.h
/Applications/Xcode.app/Contents/Developer/Platforms/MacOSX.platform/Developer/SDKs/MacOSX26.1.sdk/System/Library/Frameworks/IOKit.framework/Headers/storage/IOCDMediaBSDClient.h
/Applications/Xcode.app/Contents/Developer/Platforms/MacOSX.platform/Developer/SDKs/MacOSX26.1.sdk/System/Library/Frameworks/IOKit.framework/Headers/storage/IOStorageCardCharacteristics.h
/Applications/Xcode.app/Contents/Developer/Platforms/MacOSX.platform/Developer/SDKs/MacOSX26.1.sdk/System/Library/Frameworks/IOKit.framework/Headers/storage/IOCDPartitionScheme.h
/Applications/Xcode.app/Contents/Developer/Platforms/MacOSX.platform/Developer/SDKs/MacOSX26.1.sdk/System/Library/Frameworks/IOKit.framework/Headers/storage/IODVDBlockStorageDevice.h
/Applications/Xcode.app/Contents/Developer/Platforms/MacOSX.platform/Developer/SDKs/MacOSX26.1.sdk/System/Library/Frameworks/IOKit.framework/Headers/storage/IODVDMedia.h
/Applications/Xcode.app/Contents/Developer/Platforms/MacOSX.platform/Developer/SDKs/MacOSX26.1.sdk/System/Library/Frameworks/IOKit.framework/Headers/storage/ata/ATASMARTLib.h
/Applications/Xcode.app/Contents/Developer/Platforms/MacOSX.platform/Developer/SDKs/MacOSX26.1.sdk/System/Library/Frameworks/IOKit.framework/Headers/storage/ata/IOATAStorageDefines.h
/Applications/Xcode.app/Contents/Developer/Platforms/MacOSX.platform/Developer/SDKs/MacOSX26.1.sdk/System/Library/Frameworks/IOKit.framework/Headers/stream/IOStreamLib.h
/Applications/Xcode.app/Contents/Developer/Platforms/MacOSX.platform/Developer/SDKs/MacOSX26.1.sdk/System/Library/Frameworks/IOKit.framework/Headers/stream/IOStreamShared.h
/Applications/Xcode.app/Contents/Developer/Platforms/MacOSX.platform/Developer/SDKs/MacOSX26.1.sdk/System/Library/Frameworks/IOKit.framework/Headers/usb/AppleUSBDefinitions.h
/Applications/Xcode.app/Contents/Developer/Platforms/MacOSX.platform/Developer/SDKs/MacOSX26.1.sdk/System/Library/Frameworks/IOKit.framework/Headers/usb/IOUSBHostFamilyDefinitions.h
/Applications/Xcode.app/Contents/Developer/Platforms/MacOSX.platform/Developer/SDKs/MacOSX26.1.sdk/System/Library/Frameworks/IOKit.framework/Headers/usb/IOUSBLib.h
/Applications/Xcode.app/Contents/Developer/Platforms/MacOSX.platform/Developer/SDKs/MacOSX26.1.sdk/System/Library/Frameworks/IOKit.framework/Headers/usb/USB.h
/Applications/Xcode.app/Contents/Developer/Platforms/MacOSX.platform/Developer/SDKs/MacOSX26.1.sdk/System/Library/Frameworks/IOKit.framework/Headers/usb/USBSpec.h
/Applications/Xcode.app/Contents/Developer/Platforms/MacOSX.platform/Developer/SDKs/MacOSX26.1.sdk/SDKSettings.json
/Applications/Xcode.app/Contents/Developer/Platforms/MacOSX.platform/Developer/SDKs/MacOSX26.1.sdk/System/Library/Frameworks/IOSurface.framework/Modules/module.modulemap
/Applications/Xcode.app/Contents/Developer/Platforms/MacOSX.platform/Developer/SDKs/MacOSX26.1.sdk/System/Library/Frameworks/IOSurface.framework/Headers/IOSurface.h
/Applications/Xcode.app/Contents/Developer/Platforms/MacOSX.platform/Developer/SDKs/MacOSX26.1.sdk/System/Library/Frameworks/IOSurface.framework/Headers/IOSurfaceBase.h
/Applications/Xcode.app/Contents/Developer/Platforms/MacOSX.platform/Developer/SDKs/MacOSX26.1.sdk/usr/include/xpc.modulemap
/Applications/Xcode.app/Contents/Developer/Platforms/MacOSX.platform/Developer/SDKs/MacOSX26.1.sdk/usr/include/Darwin.modulemap
/Applications/Xcode.app/Contents/Developer/Platforms/MacOSX.platform/Developer/SDKs/MacOSX26.1.sdk/usr/include/Darwin_C.modulemap
/Applications/Xcode.app/Contents/Developer/Platforms/MacOSX.platform/Developer/SDKs/MacOSX26.1.sdk/usr/include/Darwin_POSIX.modulemap
/Applications/Xcode.app/Contents/Developer/Platforms/MacOSX.platform/Developer/SDKs/MacOSX26.1.sdk/usr/include/net.modulemap
/Applications/Xcode.app/Contents/Developer/Platforms/MacOSX.platform/Developer/SDKs/MacOSX26.1.sdk/usr/include/netinet.modulemap
/Applications/Xcode.app/Contents/Developer/Platforms/MacOSX.platform/Developer/SDKs/MacOSX26.1.sdk/usr/include/bank.modulemap
/Applications/Xcode.app/Contents/Developer/Platforms/MacOSX.platform/Developer/SDKs/MacOSX26.1.sdk/usr/include/Darwin_Mach.modulemap
/Applications/Xcode.app/Contents/Developer/Platforms/MacOSX.platform/Developer/SDKs/MacOSX26.1.sdk/usr/include/Darwin_Mach_machine.modulemap
/Applications/Xcode.app/Contents/Developer/Platforms/MacOSX.platform/Developer/SDKs/MacOSX26.1.sdk/usr/include/mach_debug.modulemap
/Applications/Xcode.app/Contents/Developer/Platforms/MacOSX.platform/Developer/SDKs/MacOSX26.1.sdk/usr/include/device.modulemap
/Applications/Xcode.app/Contents/Developer/Platforms/MacOSX.platform/Developer/SDKs/MacOSX26.1.sdk/usr/include/Darwin_machine.modulemap
/Applications/Xcode.app/Contents/Developer/Platforms/MacOSX.platform/Developer/SDKs/MacOSX26.1.sdk/usr/include/ncurses.modulemap
/Applications/Xcode.app/Contents/Developer/Platforms/MacOSX.platform/Developer/SDKs/MacOSX26.1.sdk/usr/include/netinet6.modulemap
/Applications/Xcode.app/Contents/Developer/Platforms/MacOSX.platform/Developer/SDKs/MacOSX26.1.sdk/usr/include/Darwin_sys.modulemap
/Applications/Xcode.app/Contents/Developer/Platforms/MacOSX.platform/Developer/SDKs/MacOSX26.1.sdk/usr/include/uuid.modulemap
/Applications/Xcode.app/Contents/Developer/Platforms/MacOSX.platform/Developer/SDKs/MacOSX26.1.sdk/usr/include/DarwinFoundation1.modulemap
/Applications/Xcode.app/Contents/Developer/Platforms/MacOSX.platform/Developer/SDKs/MacOSX26.1.sdk/System/Library/Frameworks/CoreFoundation.framework/Modules/module.modulemap
/Applications/Xcode.app/Contents/Developer/Platforms/MacOSX.platform/Developer/SDKs/MacOSX26.1.sdk/System/Library/Frameworks/IOSurface.framework/Headers/IOSurfaceAPI.h
/Applications/Xcode.app/Contents/Developer/Platforms/MacOSX.platform/Developer/SDKs/MacOSX26.1.sdk/System/Library/Frameworks/IOKit.framework/Modules/module.modulemap
/Applications/Xcode.app/Contents/Developer/Platforms/MacOSX.platform/Developer/SDKs/MacOSX26.1.sdk/System/Library/Frameworks/IOSurface.framework/Headers/IOSurfaceTypes.h
/Applications/Xcode.app/Contents/Developer/Platforms/MacOSX.platform/Developer/SDKs/MacOSX26.1.sdk/System/Library/Frameworks/IOSurface.framework/Headers/IOSurfaceRef.h
/Applications/Xcode.app/Contents/Developer/Platforms/MacOSX.platform/Developer/SDKs/MacOSX26.1.sdk/System/Library/Frameworks/IOSurface.framework/Headers/IOSurfaceObjC.h
/Applications/Xcode.app/Contents/Developer/Platforms/MacOSX.platform/Developer/SDKs/MacOSX26.1.sdk/System/Library/Frameworks/Foundation.framework/Modules/module.modulemap
/Applications/Xcode.app/Contents/Developer/Platforms/MacOSX.platform/Developer/SDKs/MacOSX26.1.sdk/SDKSettings.json
/Applications/Xcode.app/Contents/Developer/Platforms/MacOSX.platform/Developer/SDKs/MacOSX26.1.sdk/System/Library/Frameworks/ImageIO.framework/Modules/module.modulemap
/Applications/Xcode.app/Contents/Developer/Platforms/MacOSX.platform/Developer/SDKs/MacOSX26.1.sdk/System/Library/Frameworks/ImageIO.framework/Headers/ImageIO.h
/Applications/Xcode.app/Contents/Developer/Platforms/MacOSX.platform/Developer/SDKs/MacOSX26.1.sdk/System/Library/Frameworks/ImageIO.framework/Headers/ImageIOBase.h
/Applications/Xcode.app/Contents/Developer/Toolchains/XcodeDefault.xctoolchain/usr/lib/swift/clang/include/module.modulemap
/Applications/Xcode.app/Contents/Developer/Toolchains/XcodeDefault.xctoolchain/usr/lib/swift/clang/include/stddef.h
/Applications/Xcode.app/Contents/Developer/Platforms/MacOSX.platform/Developer/SDKs/MacOSX26.1.sdk/usr/include/DarwinFoundation1.modulemap
/Applications/Xcode.app/Contents/Developer/Platforms/MacOSX.platform/Developer/SDKs/MacOSX26.1.sdk/System/Library/Frameworks/CoreFoundation.framework/Modules/module.modulemap
/Applications/Xcode.app/Contents/Developer/Platforms/MacOSX.platform/Developer/SDKs/MacOSX26.1.sdk/System/Library/Frameworks/ImageIO.framework/Headers/CGImageSource.h
/Applications/Xcode.app/Contents/Developer/Platforms/MacOSX.platform/Developer/SDKs/MacOSX26.1.sdk/System/Library/Frameworks/CoreGraphics.framework/Modules/module.modulemap
/Applications/Xcode.app/Contents/Developer/Platforms/MacOSX.platform/Developer/SDKs/MacOSX26.1.sdk/System/Library/Frameworks/ImageIO.framework/Headers/CGImageMetadata.h
/Applications/Xcode.app/Contents/Developer/Platforms/MacOSX.platform/Developer/SDKs/MacOSX26.1.sdk/System/Library/Frameworks/ImageIO.framework/Headers/CGImageDestination.h
/Applications/Xcode.app/Contents/Developer/Platforms/MacOSX.platform/Developer/SDKs/MacOSX26.1.sdk/System/Library/Frameworks/ImageIO.framework/Headers/CGImageProperties.h
/Applications/Xcode.app/Contents/Developer/Platforms/MacOSX.platform/Developer/SDKs/MacOSX26.1.sdk/System/Library/Frameworks/ImageIO.framework/Headers/CGImageAnimation.h
/Applications/Xcode.app/Contents/Developer/Platforms/MacOSX.platform/Developer/SDKs/MacOSX26.1.sdk/SDKSettings.json
/Users/rogerlin/Library/Developer/Xcode/DerivedData/FinancialCalculatorKit-ackorybalcxbfocbkqsfdzcfkgmn/Build/Products/Debug/IssueReporting.swiftmodule/arm64-apple-macos.swiftmodule
/Applications/Xcode.app/Contents/Developer/Platforms/MacOSX.platform/Developer/SDKs/MacOSX26.1.sdk/System/Library/Frameworks/JavaScriptCore.framework/Modules/module.modulemap
/Applications/Xcode.app/Contents/Developer/Platforms/MacOSX.platform/Developer/SDKs/MacOSX26.1.sdk/System/Library/Frameworks/JavaScriptCore.framework/Headers/JavaScriptCore.h
/Applications/Xcode.app/Contents/Developer/Platforms/MacOSX.platform/Developer/SDKs/MacOSX26.1.sdk/System/Library/Frameworks/JavaScriptCore.framework/Headers/JavaScript.h
/Applications/Xcode.app/Contents/Developer/Platforms/MacOSX.platform/Developer/SDKs/MacOSX26.1.sdk/System/Library/Frameworks/JavaScriptCore.framework/Headers/JSBase.h
/Applications/Xcode.app/Contents/Developer/Toolchains/XcodeDefault.xctoolchain/usr/lib/swift/clang/include/module.modulemap
/Applications/Xcode.app/Contents/Developer/Platforms/MacOSX.platform/Developer/SDKs/MacOSX26.1.sdk/System/Library/Frameworks/Foundation.framework/Modules/module.modulemap
/Applications/Xcode.app/Contents/Developer/Platforms/MacOSX.platform/Developer/SDKs/MacOSX26.1.sdk/System/Library/Frameworks/JavaScriptCore.framework/Headers/JSContextRef.h
/Applications/Xcode.app/Contents/Developer/Platforms/MacOSX.platform/Developer/SDKs/MacOSX26.1.sdk/System/Library/Frameworks/JavaScriptCore.framework/Headers/JSObjectRef.h
/Applications/Xcode.app/Contents/Developer/Platforms/MacOSX.platform/Developer/SDKs/MacOSX26.1.sdk/System/Library/Frameworks/JavaScriptCore.framework/Headers/JSValueRef.h
/Applications/Xcode.app/Contents/Developer/Platforms/MacOSX.platform/Developer/SDKs/MacOSX26.1.sdk/System/Library/Frameworks/JavaScriptCore.framework/Headers/WebKitAvailability.h
/Applications/Xcode.app/Contents/Developer/Platforms/MacOSX.platform/Developer/SDKs/MacOSX26.1.sdk/usr/include/DarwinFoundation1.modulemap
/Applications/Xcode.app/Contents/Developer/Platforms/MacOSX.platform/Developer/SDKs/MacOSX26.1.sdk/System/Library/Frameworks/CoreFoundation.framework/Modules/module.modulemap
/Applications/Xcode.app/Contents/Developer/Toolchains/XcodeDefault.xctoolchain/usr/lib/swift/clang/include/stddef.h
/Applications/Xcode.app/Contents/Developer/Platforms/MacOSX.platform/Developer/SDKs/MacOSX26.1.sdk/System/Library/Frameworks/JavaScriptCore.framework/Headers/JSStringRef.h
/Applications/Xcode.app/Contents/Developer/Platforms/MacOSX.platform/Developer/SDKs/MacOSX26.1.sdk/System/Library/Frameworks/JavaScriptCore.framework/Headers/JSTypedArray.h
/Applications/Xcode.app/Contents/Developer/Platforms/MacOSX.platform/Developer/SDKs/MacOSX26.1.sdk/System/Library/Frameworks/JavaScriptCore.framework/Headers/JSStringRefCF.h
/Applications/Xcode.app/Contents/Developer/Platforms/MacOSX.platform/Developer/SDKs/MacOSX26.1.sdk/System/Library/Frameworks/JavaScriptCore.framework/Headers/JSContext.h
/Applications/Xcode.app/Contents/Developer/Platforms/MacOSX.platform/Developer/SDKs/MacOSX26.1.sdk/System/Library/Frameworks/JavaScriptCore.framework/Headers/JSValue.h
/Applications/Xcode.app/Contents/Developer/Platforms/MacOSX.platform/Developer/SDKs/MacOSX26.1.sdk/System/Library/Frameworks/CoreGraphics.framework/Modules/module.modulemap
/Applications/Xcode.app/Contents/Developer/Platforms/MacOSX.platform/Developer/SDKs/MacOSX26.1.sdk/System/Library/Frameworks/JavaScriptCore.framework/Headers/JSManagedValue.h
/Applications/Xcode.app/Contents/Developer/Platforms/MacOSX.platform/Developer/SDKs/MacOSX26.1.sdk/System/Library/Frameworks/JavaScriptCore.framework/Headers/JSVirtualMachine.h
/Applications/Xcode.app/Contents/Developer/Platforms/MacOSX.platform/Developer/SDKs/MacOSX26.1.sdk/System/Library/Frameworks/JavaScriptCore.framework/Headers/JSExport.h
/Applications/Xcode.app/Contents/Developer/Platforms/MacOSX.platform/Developer/SDKs/MacOSX26.1.sdk/SDKSettings.json
/Users/rogerlin/Library/Developer/Xcode/DerivedData/FinancialCalculatorKit-ackorybalcxbfocbkqsfdzcfkgmn/Build/Products/Debug/LaTeXSwiftUI.swiftmodule/arm64-apple-macos.swiftmodule
/Applications/Xcode.app/Contents/Developer/Toolchains/XcodeDefault.xctoolchain/usr/lib/swift/macosx/prebuilt-modules/26.1/LocalAuthentication.swiftmodule/arm64e-apple-macos.swiftmodule
/Applications/Xcode.app/Contents/Developer/Platforms/MacOSX.platform/Developer/SDKs/MacOSX26.1.sdk/System/Library/Frameworks/LocalAuthentication.framework/Headers/LocalAuthentication.apinotes
/Applications/Xcode.app/Contents/Developer/Platforms/MacOSX.platform/Developer/SDKs/MacOSX26.1.sdk/System/Library/Frameworks/LocalAuthentication.framework/Modules/module.modulemap
/Applications/Xcode.app/Contents/Developer/Platforms/MacOSX.platform/Developer/SDKs/MacOSX26.1.sdk/System/Library/Frameworks/LocalAuthentication.framework/Headers/LocalAuthentication.h
/Applications/Xcode.app/Contents/Developer/Platforms/MacOSX.platform/Developer/SDKs/MacOSX26.1.sdk/System/Library/Frameworks/LocalAuthentication.framework/Headers/LABase.h
/Applications/Xcode.app/Contents/Developer/Platforms/MacOSX.platform/Developer/SDKs/MacOSX26.1.sdk/System/Library/Frameworks/LocalAuthentication.framework/Headers/LABiometryType.h
/Applications/Xcode.app/Contents/Developer/Platforms/MacOSX.platform/Developer/SDKs/MacOSX26.1.sdk/System/Library/Frameworks/Foundation.framework/Modules/module.modulemap
/Applications/Xcode.app/Contents/Developer/Platforms/MacOSX.platform/Developer/SDKs/MacOSX26.1.sdk/System/Library/Frameworks/LocalAuthentication.framework/Headers/LAPublicDefines.h
/Applications/Xcode.app/Contents/Developer/Platforms/MacOSX.platform/Developer/SDKs/MacOSX26.1.sdk/System/Library/Frameworks/LocalAuthentication.framework/Headers/LACompanionType.h
/Applications/Xcode.app/Contents/Developer/Platforms/MacOSX.platform/Developer/SDKs/MacOSX26.1.sdk/System/Library/Frameworks/LocalAuthentication.framework/Headers/LAContext.h
/Applications/Xcode.app/Contents/Developer/Platforms/MacOSX.platform/Developer/SDKs/MacOSX26.1.sdk/System/Library/Frameworks/LocalAuthentication.framework/Headers/LADomainState.h
/Applications/Xcode.app/Contents/Developer/Platforms/MacOSX.platform/Developer/SDKs/MacOSX26.1.sdk/System/Library/Frameworks/LocalAuthentication.framework/Headers/LAEnvironment.h
/Applications/Xcode.app/Contents/Developer/Platforms/MacOSX.platform/Developer/SDKs/MacOSX26.1.sdk/System/Library/Frameworks/LocalAuthentication.framework/Headers/LAEnvironmentState.h
/Applications/Xcode.app/Contents/Developer/Platforms/MacOSX.platform/Developer/SDKs/MacOSX26.1.sdk/System/Library/Frameworks/LocalAuthentication.framework/Headers/LAEnvironmentMechanism.h
/Applications/Xcode.app/Contents/Developer/Platforms/MacOSX.platform/Developer/SDKs/MacOSX26.1.sdk/System/Library/Frameworks/LocalAuthentication.framework/Headers/LAEnvironmentMechanismBiometry.h
/Applications/Xcode.app/Contents/Developer/Platforms/MacOSX.platform/Developer/SDKs/MacOSX26.1.sdk/System/Library/Frameworks/LocalAuthentication.framework/Headers/LAEnvironmentMechanismCompanion.h
/Applications/Xcode.app/Contents/Developer/Platforms/MacOSX.platform/Developer/SDKs/MacOSX26.1.sdk/System/Library/Frameworks/LocalAuthentication.framework/Headers/LAEnvironmentMechanismUserPassword.h
/Applications/Xcode.app/Contents/Developer/Platforms/MacOSX.platform/Developer/SDKs/MacOSX26.1.sdk/System/Library/Frameworks/LocalAuthentication.framework/Headers/LAError.h
/Applications/Xcode.app/Contents/Developer/Platforms/MacOSX.platform/Developer/SDKs/MacOSX26.1.sdk/System/Library/Frameworks/LocalAuthentication.framework/Headers/LAPersistedRight.h
/Applications/Xcode.app/Contents/Developer/Platforms/MacOSX.platform/Developer/SDKs/MacOSX26.1.sdk/System/Library/Frameworks/LocalAuthentication.framework/Headers/LARight.h
/Applications/Xcode.app/Contents/Developer/Platforms/MacOSX.platform/Developer/SDKs/MacOSX26.1.sdk/System/Library/Frameworks/LocalAuthentication.framework/Headers/LAPrivateKey.h
/Applications/Xcode.app/Contents/Developer/Platforms/MacOSX.platform/Developer/SDKs/MacOSX26.1.sdk/System/Library/Frameworks/Security.framework/Modules/module.modulemap
/Applications/Xcode.app/Contents/Developer/Platforms/MacOSX.platform/Developer/SDKs/MacOSX26.1.sdk/System/Library/Frameworks/LocalAuthentication.framework/Headers/LAPublicKey.h
/Applications/Xcode.app/Contents/Developer/Platforms/MacOSX.platform/Developer/SDKs/MacOSX26.1.sdk/System/Library/Frameworks/LocalAuthentication.framework/Headers/LARequirement.h
/Applications/Xcode.app/Contents/Developer/Platforms/MacOSX.platform/Developer/SDKs/MacOSX26.1.sdk/System/Library/Frameworks/LocalAuthentication.framework/Headers/LARightStore.h
/Applications/Xcode.app/Contents/Developer/Platforms/MacOSX.platform/Developer/SDKs/MacOSX26.1.sdk/System/Library/Frameworks/LocalAuthentication.framework/Headers/LASecret.h
/Applications/Xcode.app/Contents/Developer/Platforms/MacOSX.platform/Developer/SDKs/MacOSX26.1.sdk/SDKSettings.json
/Applications/Xcode.app/Contents/Developer/Platforms/MacOSX.platform/Developer/SDKs/MacOSX26.1.sdk/usr/include/DarwinBasic.modulemap
/Applications/Xcode.app/Contents/Developer/Platforms/MacOSX.platform/Developer/SDKs/MacOSX26.1.sdk/usr/include/Darwin.modulemap
/Applications/Xcode.app/Contents/Developer/Platforms/MacOSX.platform/Developer/SDKs/MacOSX26.1.sdk/usr/include/Darwin_C.modulemap
/Applications/Xcode.app/Contents/Developer/Platforms/MacOSX.platform/Developer/SDKs/MacOSX26.1.sdk/usr/include/Darwin_POSIX.modulemap
/Applications/Xcode.app/Contents/Developer/Platforms/MacOSX.platform/Developer/SDKs/MacOSX26.1.sdk/usr/include/net.modulemap
/Applications/Xcode.app/Contents/Developer/Platforms/MacOSX.platform/Developer/SDKs/MacOSX26.1.sdk/usr/include/netinet.modulemap
/Applications/Xcode.app/Contents/Developer/Platforms/MacOSX.platform/Developer/SDKs/MacOSX26.1.sdk/usr/include/bank.modulemap
/Applications/Xcode.app/Contents/Developer/Platforms/MacOSX.platform/Developer/SDKs/MacOSX26.1.sdk/usr/include/Darwin_Mach.modulemap
/Applications/Xcode.app/Contents/Developer/Platforms/MacOSX.platform/Developer/SDKs/MacOSX26.1.sdk/usr/include/Darwin_Mach_machine.modulemap
/Applications/Xcode.app/Contents/Developer/Platforms/MacOSX.platform/Developer/SDKs/MacOSX26.1.sdk/usr/include/mach_debug.modulemap
/Applications/Xcode.app/Contents/Developer/Platforms/MacOSX.platform/Developer/SDKs/MacOSX26.1.sdk/usr/include/device.modulemap
/Applications/Xcode.app/Contents/Developer/Platforms/MacOSX.platform/Developer/SDKs/MacOSX26.1.sdk/usr/include/Darwin_machine.modulemap
/Applications/Xcode.app/Contents/Developer/Platforms/MacOSX.platform/Developer/SDKs/MacOSX26.1.sdk/usr/include/ncurses.modulemap
/Applications/Xcode.app/Contents/Developer/Platforms/MacOSX.platform/Developer/SDKs/MacOSX26.1.sdk/usr/include/netinet6.modulemap
/Applications/Xcode.app/Contents/Developer/Platforms/MacOSX.platform/Developer/SDKs/MacOSX26.1.sdk/usr/include/Darwin_sys.modulemap
/Applications/Xcode.app/Contents/Developer/Platforms/MacOSX.platform/Developer/SDKs/MacOSX26.1.sdk/usr/include/uuid.modulemap
/Applications/Xcode.app/Contents/Developer/Platforms/MacOSX.platform/Developer/SDKs/MacOSX26.1.sdk/usr/include/DarwinFoundation2.modulemap
/Applications/Xcode.app/Contents/Developer/Platforms/MacOSX.platform/Developer/SDKs/MacOSX26.1.sdk/usr/include/DarwinFoundation3.modulemap
/Applications/Xcode.app/Contents/Developer/Platforms/MacOSX.platform/Developer/SDKs/MacOSX26.1.sdk/usr/include/DarwinFoundation1.modulemap
/Applications/Xcode.app/Contents/Developer/Platforms/MacOSX.platform/Developer/SDKs/MacOSX26.1.sdk/usr/include/mach-o/arch.h
/Applications/Xcode.app/Contents/Developer/Toolchains/XcodeDefault.xctoolchain/usr/lib/swift/clang/include/module.modulemap
/Applications/Xcode.app/Contents/Developer/Platforms/MacOSX.platform/Developer/SDKs/MacOSX26.1.sdk/usr/include/mach-o/arm/reloc.h
/Applications/Xcode.app/Contents/Developer/Platforms/MacOSX.platform/Developer/SDKs/MacOSX26.1.sdk/usr/include/mach-o/arm64/reloc.h
/Applications/Xcode.app/Contents/Developer/Platforms/MacOSX.platform/Developer/SDKs/MacOSX26.1.sdk/usr/include/mach-o/compact_unwind_encoding.h
/Applications/Xcode.app/Contents/Developer/Platforms/MacOSX.platform/Developer/SDKs/MacOSX26.1.sdk/usr/include/mach-o/dyld.h
/Applications/Xcode.app/Contents/Developer/Toolchains/XcodeDefault.xctoolchain/usr/lib/swift/clang/include/stddef.h
/Applications/Xcode.app/Contents/Developer/Platforms/MacOSX.platform/Developer/SDKs/MacOSX26.1.sdk/usr/include/mach-o/loader.h
/Applications/Xcode.app/Contents/Developer/Platforms/MacOSX.platform/Developer/SDKs/MacOSX26.1.sdk/usr/include/mach-o/dyld_images.h
/Applications/Xcode.app/Contents/Developer/Platforms/MacOSX.platform/Developer/SDKs/MacOSX26.1.sdk/usr/include/mach-o/fat.h
/Applications/Xcode.app/Contents/Developer/Platforms/MacOSX.platform/Developer/SDKs/MacOSX26.1.sdk/usr/include/mach-o/fixup-chains.h
/Applications/Xcode.app/Contents/Developer/Platforms/MacOSX.platform/Developer/SDKs/MacOSX26.1.sdk/usr/include/mach-o/getsect.h
/Applications/Xcode.app/Contents/Developer/Platforms/MacOSX.platform/Developer/SDKs/MacOSX26.1.sdk/usr/include/mach-o/ldsyms.h
/Applications/Xcode.app/Contents/Developer/Platforms/MacOSX.platform/Developer/SDKs/MacOSX26.1.sdk/usr/include/mach-o/nlist.h
/Applications/Xcode.app/Contents/Developer/Platforms/MacOSX.platform/Developer/SDKs/MacOSX26.1.sdk/usr/include/mach-o/ranlib.h
/Applications/Xcode.app/Contents/Developer/Platforms/MacOSX.platform/Developer/SDKs/MacOSX26.1.sdk/usr/include/mach-o/reloc.h
/Applications/Xcode.app/Contents/Developer/Platforms/MacOSX.platform/Developer/SDKs/MacOSX26.1.sdk/usr/include/mach-o/stab.h
/Applications/Xcode.app/Contents/Developer/Platforms/MacOSX.platform/Developer/SDKs/MacOSX26.1.sdk/usr/include/mach-o/swap.h
/Applications/Xcode.app/Contents/Developer/Platforms/MacOSX.platform/Developer/SDKs/MacOSX26.1.sdk/usr/include/mach-o/utils.h
/Applications/Xcode.app/Contents/Developer/Platforms/MacOSX.platform/Developer/SDKs/MacOSX26.1.sdk/usr/include/mach-o/x86_64/reloc.h
/Applications/Xcode.app/Contents/Developer/Platforms/MacOSX.platform/Developer/SDKs/MacOSX26.1.sdk/SDKSettings.json
/Users/rogerlin/Library/Developer/Xcode/DerivedData/FinancialCalculatorKit-ackorybalcxbfocbkqsfdzcfkgmn/Build/Products/Debug/MathJaxSwift.swiftmodule/arm64-apple-macos.swiftmodule
/Users/rogerlin/Library/Developer/Xcode/DerivedData/FinancialCalculatorKit-ackorybalcxbfocbkqsfdzcfkgmn/Build/Products/Debug/MathParser.swiftmodule/arm64-apple-macos.swiftmodule
/Applications/Xcode.app/Contents/Developer/Toolchains/XcodeDefault.xctoolchain/usr/lib/swift/macosx/prebuilt-modules/26.1/Metal.swiftmodule/arm64e-apple-macos.swiftmodule
/Applications/Xcode.app/Contents/Developer/Platforms/MacOSX.platform/Developer/SDKs/MacOSX26.1.sdk/System/Library/Frameworks/Metal.framework/Headers/Metal.apinotes
/Applications/Xcode.app/Contents/Developer/Platforms/MacOSX.platform/Developer/SDKs/MacOSX26.1.sdk/System/Library/Frameworks/Metal.framework/Modules/module.modulemap
/Applications/Xcode.app/Contents/Developer/Platforms/MacOSX.platform/Developer/SDKs/MacOSX26.1.sdk/System/Library/Frameworks/Metal.framework/Headers/Metal.h
/Applications/Xcode.app/Contents/Developer/Platforms/MacOSX.platform/Developer/SDKs/MacOSX26.1.sdk/System/Library/Frameworks/Metal.framework/Headers/MTLDefines.h
/Applications/Xcode.app/Contents/Developer/Platforms/MacOSX.platform/Developer/SDKs/MacOSX26.1.sdk/usr/include/Darwin.modulemap
/Applications/Xcode.app/Contents/Developer/Platforms/MacOSX.platform/Developer/SDKs/MacOSX26.1.sdk/usr/include/Darwin_C.modulemap
/Applications/Xcode.app/Contents/Developer/Platforms/MacOSX.platform/Developer/SDKs/MacOSX26.1.sdk/usr/include/Darwin_POSIX.modulemap
/Applications/Xcode.app/Contents/Developer/Platforms/MacOSX.platform/Developer/SDKs/MacOSX26.1.sdk/usr/include/net.modulemap
/Applications/Xcode.app/Contents/Developer/Platforms/MacOSX.platform/Developer/SDKs/MacOSX26.1.sdk/usr/include/netinet.modulemap
/Applications/Xcode.app/Contents/Developer/Platforms/MacOSX.platform/Developer/SDKs/MacOSX26.1.sdk/usr/include/bank.modulemap
/Applications/Xcode.app/Contents/Developer/Platforms/MacOSX.platform/Developer/SDKs/MacOSX26.1.sdk/usr/include/Darwin_Mach.modulemap
/Applications/Xcode.app/Contents/Developer/Platforms/MacOSX.platform/Developer/SDKs/MacOSX26.1.sdk/usr/include/Darwin_Mach_machine.modulemap
/Applications/Xcode.app/Contents/Developer/Platforms/MacOSX.platform/Developer/SDKs/MacOSX26.1.sdk/usr/include/mach_debug.modulemap
/Applications/Xcode.app/Contents/Developer/Platforms/MacOSX.platform/Developer/SDKs/MacOSX26.1.sdk/usr/include/device.modulemap
/Applications/Xcode.app/Contents/Developer/Platforms/MacOSX.platform/Developer/SDKs/MacOSX26.1.sdk/usr/include/Darwin_machine.modulemap
/Applications/Xcode.app/Contents/Developer/Platforms/MacOSX.platform/Developer/SDKs/MacOSX26.1.sdk/usr/include/ncurses.modulemap
/Applications/Xcode.app/Contents/Developer/Platforms/MacOSX.platform/Developer/SDKs/MacOSX26.1.sdk/usr/include/netinet6.modulemap
/Applications/Xcode.app/Contents/Developer/Platforms/MacOSX.platform/Developer/SDKs/MacOSX26.1.sdk/usr/include/Darwin_sys.modulemap
/Applications/Xcode.app/Contents/Developer/Platforms/MacOSX.platform/Developer/SDKs/MacOSX26.1.sdk/usr/include/uuid.modulemap
/Applications/Xcode.app/Contents/Developer/Platforms/MacOSX.platform/Developer/SDKs/MacOSX26.1.sdk/usr/include/DarwinFoundation1.modulemap
/Applications/Xcode.app/Contents/Developer/Platforms/MacOSX.platform/Developer/SDKs/MacOSX26.1.sdk/System/Library/Frameworks/Metal.framework/Headers/MTLTypes.h
/Applications/Xcode.app/Contents/Developer/Platforms/MacOSX.platform/Developer/SDKs/MacOSX26.1.sdk/System/Library/Frameworks/Foundation.framework/Modules/module.modulemap
/Applications/Xcode.app/Contents/Developer/Platforms/MacOSX.platform/Developer/SDKs/MacOSX26.1.sdk/System/Library/Frameworks/Metal.framework/Headers/MTLBlitCommandEncoder.h
/Applications/Xcode.app/Contents/Developer/Platforms/MacOSX.platform/Developer/SDKs/MacOSX26.1.sdk/System/Library/Frameworks/Metal.framework/Headers/MTLCommandEncoder.h
/Applications/Xcode.app/Contents/Developer/Platforms/MacOSX.platform/Developer/SDKs/MacOSX26.1.sdk/System/Library/Frameworks/Metal.framework/Headers/MTLResourceStateCommandEncoder.h
/Applications/Xcode.app/Contents/Developer/Platforms/MacOSX.platform/Developer/SDKs/MacOSX26.1.sdk/System/Library/Frameworks/Metal.framework/Headers/MTLTexture.h
/Applications/Xcode.app/Contents/Developer/Platforms/MacOSX.platform/Developer/SDKs/MacOSX26.1.sdk/System/Library/Frameworks/Metal.framework/Headers/MTLResource.h
/Applications/Xcode.app/Contents/Developer/Platforms/MacOSX.platform/Developer/SDKs/MacOSX26.1.sdk/System/Library/Frameworks/Metal.framework/Headers/MTLAllocation.h
/Applications/Xcode.app/Contents/Developer/Platforms/MacOSX.platform/Developer/SDKs/MacOSX26.1.sdk/System/Library/Frameworks/Metal.framework/Headers/MTLBuffer.h
/Applications/Xcode.app/Contents/Developer/Platforms/MacOSX.platform/Developer/SDKs/MacOSX26.1.sdk/System/Library/Frameworks/Metal.framework/Headers/MTLPixelFormat.h
/Applications/Xcode.app/Contents/Developer/Platforms/MacOSX.platform/Developer/SDKs/MacOSX26.1.sdk/System/Library/Frameworks/Metal.framework/Headers/MTLTensor.h
/Applications/Xcode.app/Contents/Developer/Platforms/MacOSX.platform/Developer/SDKs/MacOSX26.1.sdk/System/Library/Frameworks/Metal.framework/Headers/MTLDataType.h
/Applications/Xcode.app/Contents/Developer/Platforms/MacOSX.platform/Developer/SDKs/MacOSX26.1.sdk/System/Library/Frameworks/Metal.framework/Headers/MTLGPUAddress.h
/Applications/Xcode.app/Contents/Developer/Toolchains/XcodeDefault.xctoolchain/usr/lib/swift/clang/include/module.modulemap
/Applications/Xcode.app/Contents/Developer/Platforms/MacOSX.platform/Developer/SDKs/MacOSX26.1.sdk/System/Library/Frameworks/IOSurface.framework/Modules/module.modulemap
/Applications/Xcode.app/Contents/Developer/Platforms/MacOSX.platform/Developer/SDKs/MacOSX26.1.sdk/System/Library/Frameworks/Metal.framework/Headers/MTLFence.h
/Applications/Xcode.app/Contents/Developer/Platforms/MacOSX.platform/Developer/SDKs/MacOSX26.1.sdk/System/Library/Frameworks/Metal.framework/Headers/MTLDevice.h
/Applications/Xcode.app/Contents/Developer/Platforms/MacOSX.platform/Developer/SDKs/MacOSX26.1.sdk/System/Library/Frameworks/Metal.framework/Headers/MTLLibrary.h
/Applications/Xcode.app/Contents/Developer/Platforms/MacOSX.platform/Developer/SDKs/MacOSX26.1.sdk/System/Library/Frameworks/Metal.framework/Headers/MTLArgument.h
/Applications/Xcode.app/Contents/Developer/Platforms/MacOSX.platform/Developer/SDKs/MacOSX26.1.sdk/System/Library/Frameworks/Metal.framework/Headers/MTLFunctionDescriptor.h
/Applications/Xcode.app/Contents/Developer/Platforms/MacOSX.platform/Developer/SDKs/MacOSX26.1.sdk/System/Library/Frameworks/Metal.framework/Headers/MTLFunctionConstantValues.h
/Applications/Xcode.app/Contents/Developer/Platforms/MacOSX.platform/Developer/SDKs/MacOSX26.1.sdk/System/Library/Frameworks/Metal.framework/Headers/MTLCounters.h
/Applications/Xcode.app/Contents/Developer/Platforms/MacOSX.platform/Developer/SDKs/MacOSX26.1.sdk/System/Library/Frameworks/Metal.framework/Headers/MTL4Compiler.h
/Applications/Xcode.app/Contents/Developer/Platforms/MacOSX.platform/Developer/SDKs/MacOSX26.1.sdk/System/Library/Frameworks/Metal.framework/Headers/MTL4CompilerTask.h
/Applications/Xcode.app/Contents/Developer/Platforms/MacOSX.platform/Developer/SDKs/MacOSX26.1.sdk/System/Library/Frameworks/Metal.framework/Headers/MTL4Counters.h
/Applications/Xcode.app/Contents/Developer/Platforms/MacOSX.platform/Developer/SDKs/MacOSX26.1.sdk/System/Library/Frameworks/Metal.framework/Headers/MTLResourceStatePass.h
/Applications/Xcode.app/Contents/Developer/Platforms/MacOSX.platform/Developer/SDKs/MacOSX26.1.sdk/System/Library/Frameworks/Metal.framework/Headers/MTLRenderPass.h
/Applications/Xcode.app/Contents/Developer/Platforms/MacOSX.platform/Developer/SDKs/MacOSX26.1.sdk/System/Library/Frameworks/Metal.framework/Headers/MTLBlitPass.h
/Applications/Xcode.app/Contents/Developer/Platforms/MacOSX.platform/Developer/SDKs/MacOSX26.1.sdk/System/Library/Frameworks/Metal.framework/Headers/MTLCommandBuffer.h
/Applications/Xcode.app/Contents/Developer/Platforms/MacOSX.platform/Developer/SDKs/MacOSX26.1.sdk/System/Library/Frameworks/Metal.framework/Headers/MTLComputeCommandEncoder.h
/Applications/Xcode.app/Contents/Developer/Platforms/MacOSX.platform/Developer/SDKs/MacOSX26.1.sdk/System/Library/Frameworks/Metal.framework/Headers/MTLComputePass.h
/Applications/Xcode.app/Contents/Developer/Platforms/MacOSX.platform/Developer/SDKs/MacOSX26.1.sdk/System/Library/Frameworks/Metal.framework/Headers/MTLCommandQueue.h
/Applications/Xcode.app/Contents/Developer/Platforms/MacOSX.platform/Developer/SDKs/MacOSX26.1.sdk/System/Library/Frameworks/Metal.framework/Headers/MTLDeviceCertification.h
/Applications/Xcode.app/Contents/Developer/Platforms/MacOSX.platform/Developer/SDKs/MacOSX26.1.sdk/System/Library/Frameworks/Metal.framework/Headers/MTLDepthStencil.h
/Applications/Xcode.app/Contents/Developer/Platforms/MacOSX.platform/Developer/SDKs/MacOSX26.1.sdk/System/Library/Frameworks/Metal.framework/Headers/MTLDrawable.h
/Applications/Xcode.app/Contents/Developer/Platforms/MacOSX.platform/Developer/SDKs/MacOSX26.1.sdk/System/Library/Frameworks/Metal.framework/Headers/MTLComputePipeline.h
/Applications/Xcode.app/Contents/Developer/Platforms/MacOSX.platform/Developer/SDKs/MacOSX26.1.sdk/System/Library/Frameworks/Metal.framework/Headers/MTLStageInputOutputDescriptor.h
/Applications/Xcode.app/Contents/Developer/Platforms/MacOSX.platform/Developer/SDKs/MacOSX26.1.sdk/System/Library/Frameworks/Metal.framework/Headers/MTLVertexDescriptor.h
/Applications/Xcode.app/Contents/Developer/Platforms/MacOSX.platform/Developer/SDKs/MacOSX26.1.sdk/System/Library/Frameworks/Metal.framework/Headers/MTLPipeline.h
/Applications/Xcode.app/Contents/Developer/Platforms/MacOSX.platform/Developer/SDKs/MacOSX26.1.sdk/System/Library/Frameworks/Metal.framework/Headers/MTLLinkedFunctions.h
/Applications/Xcode.app/Contents/Developer/Platforms/MacOSX.platform/Developer/SDKs/MacOSX26.1.sdk/System/Library/Frameworks/Metal.framework/Headers/MTLRenderPipeline.h
/Applications/Xcode.app/Contents/Developer/Platforms/MacOSX.platform/Developer/SDKs/MacOSX26.1.sdk/System/Library/Frameworks/Metal.framework/Headers/MTLRenderCommandEncoder.h
/Applications/Xcode.app/Contents/Developer/Platforms/MacOSX.platform/Developer/SDKs/MacOSX26.1.sdk/System/Library/Frameworks/Metal.framework/Headers/MTLFunctionHandle.h
/Applications/Xcode.app/Contents/Developer/Platforms/MacOSX.platform/Developer/SDKs/MacOSX26.1.sdk/System/Library/Frameworks/Metal.framework/Headers/MTLVisibleFunctionTable.h
/Applications/Xcode.app/Contents/Developer/Platforms/MacOSX.platform/Developer/SDKs/MacOSX26.1.sdk/System/Library/Frameworks/Metal.framework/Headers/MTLParallelRenderCommandEncoder.h
/Applications/Xcode.app/Contents/Developer/Platforms/MacOSX.platform/Developer/SDKs/MacOSX26.1.sdk/System/Library/Frameworks/Metal.framework/Headers/MTLSampler.h
/Applications/Xcode.app/Contents/Developer/Platforms/MacOSX.platform/Developer/SDKs/MacOSX26.1.sdk/System/Library/Frameworks/Metal.framework/Headers/MTLHeap.h
/Applications/Xcode.app/Contents/Developer/Platforms/MacOSX.platform/Developer/SDKs/MacOSX26.1.sdk/System/Library/Frameworks/Metal.framework/Headers/MTLAccelerationStructure.h
/Applications/Xcode.app/Contents/Developer/Platforms/MacOSX.platform/Developer/SDKs/MacOSX26.1.sdk/System/Library/Frameworks/Metal.framework/Headers/MTLAccelerationStructureTypes.h
/Applications/Xcode.app/Contents/Developer/Platforms/MacOSX.platform/Developer/SDKs/MacOSX26.1.sdk/System/Library/Frameworks/Metal.framework/Headers/MTL4BufferRange.h
/Applications/Xcode.app/Contents/Developer/Platforms/MacOSX.platform/Developer/SDKs/MacOSX26.1.sdk/System/Library/Frameworks/Metal.framework/Headers/MTLArgumentEncoder.h
/Applications/Xcode.app/Contents/Developer/Platforms/MacOSX.platform/Developer/SDKs/MacOSX26.1.sdk/System/Library/Frameworks/Metal.framework/Headers/MTLCaptureManager.h
/Applications/Xcode.app/Contents/Developer/Platforms/MacOSX.platform/Developer/SDKs/MacOSX26.1.sdk/System/Library/Frameworks/Metal.framework/Headers/MTL4CommandQueue.h
/Applications/Xcode.app/Contents/Developer/Platforms/MacOSX.platform/Developer/SDKs/MacOSX26.1.sdk/System/Library/Frameworks/Metal.framework/Headers/MTL4CommandBuffer.h
/Applications/Xcode.app/Contents/Developer/Platforms/MacOSX.platform/Developer/SDKs/MacOSX26.1.sdk/System/Library/Frameworks/Metal.framework/Headers/MTL4RenderCommandEncoder.h
/Applications/Xcode.app/Contents/Developer/Platforms/MacOSX.platform/Developer/SDKs/MacOSX26.1.sdk/System/Library/Frameworks/Metal.framework/Headers/MTL4CommandEncoder.h
/Applications/Xcode.app/Contents/Developer/Platforms/MacOSX.platform/Developer/SDKs/MacOSX26.1.sdk/System/Library/Frameworks/Metal.framework/Headers/MTLEvent.h
/Applications/Xcode.app/Contents/Developer/Platforms/MacOSX.platform/Developer/SDKs/MacOSX26.1.sdk/System/Library/Frameworks/Metal.framework/Headers/MTL4CommitFeedback.h
/Applications/Xcode.app/Contents/Developer/Platforms/MacOSX.platform/Developer/SDKs/MacOSX26.1.sdk/System/Library/Frameworks/Metal.framework/Headers/MTLCaptureScope.h
/Applications/Xcode.app/Contents/Developer/Platforms/MacOSX.platform/Developer/SDKs/MacOSX26.1.sdk/System/Library/Frameworks/Metal.framework/Headers/MTLIndirectCommandBuffer.h
/Applications/Xcode.app/Contents/Developer/Platforms/MacOSX.platform/Developer/SDKs/MacOSX26.1.sdk/System/Library/Frameworks/Metal.framework/Headers/MTLIndirectCommandEncoder.h
/Applications/Xcode.app/Contents/Developer/Platforms/MacOSX.platform/Developer/SDKs/MacOSX26.1.sdk/System/Library/Frameworks/Metal.framework/Headers/MTLFunctionLog.h
/Applications/Xcode.app/Contents/Developer/Platforms/MacOSX.platform/Developer/SDKs/MacOSX26.1.sdk/System/Library/Frameworks/Metal.framework/Headers/MTLAccelerationStructureCommandEncoder.h
/Applications/Xcode.app/Contents/Developer/Platforms/MacOSX.platform/Developer/SDKs/MacOSX26.1.sdk/System/Library/Frameworks/Metal.framework/Headers/MTLRasterizationRate.h
/Applications/Xcode.app/Contents/Developer/Platforms/MacOSX.platform/Developer/SDKs/MacOSX26.1.sdk/System/Library/Frameworks/Metal.framework/Headers/MTLDynamicLibrary.h
/Applications/Xcode.app/Contents/Developer/Platforms/MacOSX.platform/Developer/SDKs/MacOSX26.1.sdk/System/Library/Frameworks/Metal.framework/Headers/MTLLogState.h
/Applications/Xcode.app/Contents/Developer/Platforms/MacOSX.platform/Developer/SDKs/MacOSX26.1.sdk/System/Library/Frameworks/Metal.framework/Headers/MTLBinaryArchive.h
/Applications/Xcode.app/Contents/Developer/Platforms/MacOSX.platform/Developer/SDKs/MacOSX26.1.sdk/System/Library/Frameworks/Metal.framework/Headers/MTLIntersectionFunctionTable.h
/Applications/Xcode.app/Contents/Developer/Platforms/MacOSX.platform/Developer/SDKs/MacOSX26.1.sdk/System/Library/Frameworks/Metal.framework/Headers/MTLFunctionStitching.h
/Applications/Xcode.app/Contents/Developer/Platforms/MacOSX.platform/Developer/SDKs/MacOSX26.1.sdk/System/Library/Frameworks/Metal.framework/Headers/MTLIOCommandQueue.h
/Applications/Xcode.app/Contents/Developer/Platforms/MacOSX.platform/Developer/SDKs/MacOSX26.1.sdk/System/Library/Frameworks/Metal.framework/Headers/MTLIOCommandBuffer.h
/Applications/Xcode.app/Contents/Developer/Platforms/MacOSX.platform/Developer/SDKs/MacOSX26.1.sdk/System/Library/Frameworks/Metal.framework/Headers/MTLIOCompressor.h
/Applications/Xcode.app/Contents/Developer/Platforms/MacOSX.platform/Developer/SDKs/MacOSX26.1.sdk/System/Library/Frameworks/Metal.framework/Headers/MTLResidencySet.h
/Applications/Xcode.app/Contents/Developer/Platforms/MacOSX.platform/Developer/SDKs/MacOSX26.1.sdk/System/Library/Frameworks/Metal.framework/Headers/MTLResourceViewPool.h
/Applications/Xcode.app/Contents/Developer/Platforms/MacOSX.platform/Developer/SDKs/MacOSX26.1.sdk/System/Library/Frameworks/Metal.framework/Headers/MTLTextureViewPool.h
/Applications/Xcode.app/Contents/Developer/Platforms/MacOSX.platform/Developer/SDKs/MacOSX26.1.sdk/System/Library/Frameworks/Metal.framework/Headers/MTL4ArgumentTable.h
/Applications/Xcode.app/Contents/Developer/Platforms/MacOSX.platform/Developer/SDKs/MacOSX26.1.sdk/System/Library/Frameworks/Metal.framework/Headers/MTL4BinaryFunction.h
/Applications/Xcode.app/Contents/Developer/Platforms/MacOSX.platform/Developer/SDKs/MacOSX26.1.sdk/System/Library/Frameworks/Metal.framework/Headers/MTL4CommandAllocator.h
/Applications/Xcode.app/Contents/Developer/Platforms/MacOSX.platform/Developer/SDKs/MacOSX26.1.sdk/System/Library/Frameworks/Metal.framework/Headers/MTL4RenderPass.h
/Applications/Xcode.app/Contents/Developer/Platforms/MacOSX.platform/Developer/SDKs/MacOSX26.1.sdk/System/Library/Frameworks/Metal.framework/Headers/MTL4ComputeCommandEncoder.h
/Applications/Xcode.app/Contents/Developer/Platforms/MacOSX.platform/Developer/SDKs/MacOSX26.1.sdk/System/Library/Frameworks/Metal.framework/Headers/MTL4AccelerationStructure.h
/Applications/Xcode.app/Contents/Developer/Platforms/MacOSX.platform/Developer/SDKs/MacOSX26.1.sdk/System/Library/Frameworks/Metal.framework/Headers/MTL4MachineLearningCommandEncoder.h
/Applications/Xcode.app/Contents/Developer/Platforms/MacOSX.platform/Developer/SDKs/MacOSX26.1.sdk/System/Library/Frameworks/Metal.framework/Headers/MTL4LibraryDescriptor.h
/Applications/Xcode.app/Contents/Developer/Platforms/MacOSX.platform/Developer/SDKs/MacOSX26.1.sdk/System/Library/Frameworks/Metal.framework/Headers/MTL4FunctionDescriptor.h
/Applications/Xcode.app/Contents/Developer/Platforms/MacOSX.platform/Developer/SDKs/MacOSX26.1.sdk/System/Library/Frameworks/Metal.framework/Headers/MTL4LibraryFunctionDescriptor.h
/Applications/Xcode.app/Contents/Developer/Platforms/MacOSX.platform/Developer/SDKs/MacOSX26.1.sdk/System/Library/Frameworks/Metal.framework/Headers/MTL4SpecializedFunctionDescriptor.h
/Applications/Xcode.app/Contents/Developer/Platforms/MacOSX.platform/Developer/SDKs/MacOSX26.1.sdk/System/Library/Frameworks/Metal.framework/Headers/MTL4StitchedFunctionDescriptor.h
/Applications/Xcode.app/Contents/Developer/Platforms/MacOSX.platform/Developer/SDKs/MacOSX26.1.sdk/System/Library/Frameworks/Metal.framework/Headers/MTL4PipelineState.h
/Applications/Xcode.app/Contents/Developer/Platforms/MacOSX.platform/Developer/SDKs/MacOSX26.1.sdk/System/Library/Frameworks/Metal.framework/Headers/MTL4ComputePipeline.h
/Applications/Xcode.app/Contents/Developer/Platforms/MacOSX.platform/Developer/SDKs/MacOSX26.1.sdk/System/Library/Frameworks/Metal.framework/Headers/MTL4RenderPipeline.h
/Applications/Xcode.app/Contents/Developer/Platforms/MacOSX.platform/Developer/SDKs/MacOSX26.1.sdk/System/Library/Frameworks/Metal.framework/Headers/MTL4MachineLearningPipeline.h
/Applications/Xcode.app/Contents/Developer/Platforms/MacOSX.platform/Developer/SDKs/MacOSX26.1.sdk/System/Library/Frameworks/Metal.framework/Headers/MTL4TileRenderPipeline.h
/Applications/Xcode.app/Contents/Developer/Platforms/MacOSX.platform/Developer/SDKs/MacOSX26.1.sdk/System/Library/Frameworks/Metal.framework/Headers/MTL4MeshRenderPipeline.h
/Applications/Xcode.app/Contents/Developer/Platforms/MacOSX.platform/Developer/SDKs/MacOSX26.1.sdk/System/Library/Frameworks/Metal.framework/Headers/MTL4PipelineDataSetSerializer.h
/Applications/Xcode.app/Contents/Developer/Platforms/MacOSX.platform/Developer/SDKs/MacOSX26.1.sdk/System/Library/Frameworks/Metal.framework/Headers/MTL4Archive.h
/Applications/Xcode.app/Contents/Developer/Platforms/MacOSX.platform/Developer/SDKs/MacOSX26.1.sdk/System/Library/Frameworks/Metal.framework/Headers/MTL4BinaryFunctionDescriptor.h
/Applications/Xcode.app/Contents/Developer/Platforms/MacOSX.platform/Developer/SDKs/MacOSX26.1.sdk/System/Library/Frameworks/Metal.framework/Headers/MTL4LinkingDescriptor.h
/Applications/Xcode.app/Contents/Developer/Platforms/MacOSX.platform/Developer/SDKs/MacOSX26.1.sdk/SDKSettings.json
/Users/rogerlin/Library/Developer/Xcode/DerivedData/FinancialCalculatorKit-ackorybalcxbfocbkqsfdzcfkgmn/Build/Products/Debug/Numerics.swiftmodule/arm64-apple-macos.swiftmodule
/Applications/Xcode.app/Contents/Developer/Platforms/MacOSX.platform/Developer/SDKs/MacOSX26.1.sdk/System/Library/Frameworks/OSLog.framework/Modules/module.modulemap
/Applications/Xcode.app/Contents/Developer/Platforms/MacOSX.platform/Developer/SDKs/MacOSX26.1.sdk/System/Library/Frameworks/OSLog.framework/Headers/OSLog.h
/Applications/Xcode.app/Contents/Developer/Platforms/MacOSX.platform/Developer/SDKs/MacOSX26.1.sdk/System/Library/Frameworks/Foundation.framework/Modules/module.modulemap
/Applications/Xcode.app/Contents/Developer/Platforms/MacOSX.platform/Developer/SDKs/MacOSX26.1.sdk/usr/include/os.modulemap
/Applications/Xcode.app/Contents/Developer/Platforms/MacOSX.platform/Developer/SDKs/MacOSX26.1.sdk/System/Library/Frameworks/OSLog.framework/Headers/Entry.h
/Applications/Xcode.app/Contents/Developer/Platforms/MacOSX.platform/Developer/SDKs/MacOSX26.1.sdk/System/Library/Frameworks/OSLog.framework/Headers/EntryActivity.h
/Applications/Xcode.app/Contents/Developer/Platforms/MacOSX.platform/Developer/SDKs/MacOSX26.1.sdk/System/Library/Frameworks/OSLog.framework/Headers/EntryBoundary.h
/Applications/Xcode.app/Contents/Developer/Platforms/MacOSX.platform/Developer/SDKs/MacOSX26.1.sdk/System/Library/Frameworks/OSLog.framework/Headers/EntryLog.h
/Applications/Xcode.app/Contents/Developer/Platforms/MacOSX.platform/Developer/SDKs/MacOSX26.1.sdk/System/Library/Frameworks/OSLog.framework/Headers/EntrySignpost.h
/Applications/Xcode.app/Contents/Developer/Platforms/MacOSX.platform/Developer/SDKs/MacOSX26.1.sdk/System/Library/Frameworks/OSLog.framework/Headers/Enumerator.h
/Applications/Xcode.app/Contents/Developer/Platforms/MacOSX.platform/Developer/SDKs/MacOSX26.1.sdk/System/Library/Frameworks/OSLog.framework/Headers/MessageComponent.h
/Applications/Xcode.app/Contents/Developer/Platforms/MacOSX.platform/Developer/SDKs/MacOSX26.1.sdk/System/Library/Frameworks/OSLog.framework/Headers/Position.h
/Applications/Xcode.app/Contents/Developer/Platforms/MacOSX.platform/Developer/SDKs/MacOSX26.1.sdk/System/Library/Frameworks/OSLog.framework/Headers/Store.h
/Applications/Xcode.app/Contents/Developer/Platforms/MacOSX.platform/Developer/SDKs/MacOSX26.1.sdk/SDKSettings.json
/Applications/Xcode.app/Contents/Developer/Toolchains/XcodeDefault.xctoolchain/usr/lib/swift/macosx/prebuilt-modules/26.1/OSLog.swiftmodule/arm64e-apple-macos.swiftmodule
/Applications/Xcode.app/Contents/Developer/Platforms/MacOSX.platform/Developer/SDKs/MacOSX26.1.sdk/usr/include/ObjectiveC.apinotes
/Applications/Xcode.app/Contents/Developer/Platforms/MacOSX.platform/Developer/SDKs/MacOSX26.1.sdk/usr/include/DarwinBasic.modulemap
/Applications/Xcode.app/Contents/Developer/Platforms/MacOSX.platform/Developer/SDKs/MacOSX26.1.sdk/usr/include/ObjectiveC.modulemap
/Applications/Xcode.app/Contents/Developer/Platforms/MacOSX.platform/Developer/SDKs/MacOSX26.1.sdk/usr/include/Darwin.modulemap
/Applications/Xcode.app/Contents/Developer/Platforms/MacOSX.platform/Developer/SDKs/MacOSX26.1.sdk/usr/include/Darwin_C.modulemap
/Applications/Xcode.app/Contents/Developer/Platforms/MacOSX.platform/Developer/SDKs/MacOSX26.1.sdk/usr/include/Darwin_POSIX.modulemap
/Applications/Xcode.app/Contents/Developer/Platforms/MacOSX.platform/Developer/SDKs/MacOSX26.1.sdk/usr/include/net.modulemap
/Applications/Xcode.app/Contents/Developer/Platforms/MacOSX.platform/Developer/SDKs/MacOSX26.1.sdk/usr/include/netinet.modulemap
/Applications/Xcode.app/Contents/Developer/Platforms/MacOSX.platform/Developer/SDKs/MacOSX26.1.sdk/usr/include/bank.modulemap
/Applications/Xcode.app/Contents/Developer/Platforms/MacOSX.platform/Developer/SDKs/MacOSX26.1.sdk/usr/include/Darwin_Mach.modulemap
/Applications/Xcode.app/Contents/Developer/Platforms/MacOSX.platform/Developer/SDKs/MacOSX26.1.sdk/usr/include/Darwin_Mach_machine.modulemap
/Applications/Xcode.app/Contents/Developer/Platforms/MacOSX.platform/Developer/SDKs/MacOSX26.1.sdk/usr/include/mach_debug.modulemap
/Applications/Xcode.app/Contents/Developer/Platforms/MacOSX.platform/Developer/SDKs/MacOSX26.1.sdk/usr/include/device.modulemap
/Applications/Xcode.app/Contents/Developer/Platforms/MacOSX.platform/Developer/SDKs/MacOSX26.1.sdk/usr/include/Darwin_machine.modulemap
/Applications/Xcode.app/Contents/Developer/Platforms/MacOSX.platform/Developer/SDKs/MacOSX26.1.sdk/usr/include/ncurses.modulemap
/Applications/Xcode.app/Contents/Developer/Platforms/MacOSX.platform/Developer/SDKs/MacOSX26.1.sdk/usr/include/netinet6.modulemap
/Applications/Xcode.app/Contents/Developer/Platforms/MacOSX.platform/Developer/SDKs/MacOSX26.1.sdk/usr/include/Darwin_sys.modulemap
/Applications/Xcode.app/Contents/Developer/Platforms/MacOSX.platform/Developer/SDKs/MacOSX26.1.sdk/usr/include/uuid.modulemap
/Applications/Xcode.app/Contents/Developer/Platforms/MacOSX.platform/Developer/SDKs/MacOSX26.1.sdk/usr/include/DarwinFoundation2.modulemap
/Applications/Xcode.app/Contents/Developer/Platforms/MacOSX.platform/Developer/SDKs/MacOSX26.1.sdk/usr/include/DarwinFoundation3.modulemap
/Applications/Xcode.app/Contents/Developer/Platforms/MacOSX.platform/Developer/SDKs/MacOSX26.1.sdk/usr/include/DarwinFoundation1.modulemap
/Applications/Xcode.app/Contents/Developer/Platforms/MacOSX.platform/Developer/SDKs/MacOSX26.1.sdk/usr/include/objc/List.h
/Applications/Xcode.app/Contents/Developer/Platforms/MacOSX.platform/Developer/SDKs/MacOSX26.1.sdk/usr/include/objc/NSObjCRuntime.h
/Applications/Xcode.app/Contents/Developer/Toolchains/XcodeDefault.xctoolchain/usr/lib/swift/clang/include/module.modulemap
/Applications/Xcode.app/Contents/Developer/Platforms/MacOSX.platform/Developer/SDKs/MacOSX26.1.sdk/usr/include/objc/objc.h
/Applications/Xcode.app/Contents/Developer/Platforms/MacOSX.platform/Developer/SDKs/MacOSX26.1.sdk/usr/include/stdlib.h
/Applications/Xcode.app/Contents/Developer/Platforms/MacOSX.platform/Developer/SDKs/MacOSX26.1.sdk/usr/include/objc/objc-api.h
/Applications/Xcode.app/Contents/Developer/Toolchains/XcodeDefault.xctoolchain/usr/lib/swift/clang/include/stddef.h
/Applications/Xcode.app/Contents/Developer/Platforms/MacOSX.platform/Developer/SDKs/MacOSX26.1.sdk/usr/include/objc/NSObject.h
/Applications/Xcode.app/Contents/Developer/Platforms/MacOSX.platform/Developer/SDKs/MacOSX26.1.sdk/usr/include/objc/Object.h
/Applications/Xcode.app/Contents/Developer/Toolchains/XcodeDefault.xctoolchain/usr/lib/swift/clang/include/stdarg.h
/Applications/Xcode.app/Contents/Developer/Platforms/MacOSX.platform/Developer/SDKs/MacOSX26.1.sdk/usr/include/objc/objc-runtime.h
/Applications/Xcode.app/Contents/Developer/Platforms/MacOSX.platform/Developer/SDKs/MacOSX26.1.sdk/usr/include/objc/runtime.h
/Applications/Xcode.app/Contents/Developer/Platforms/MacOSX.platform/Developer/SDKs/MacOSX26.1.sdk/usr/include/objc/message.h
/Applications/Xcode.app/Contents/Developer/Platforms/MacOSX.platform/Developer/SDKs/MacOSX26.1.sdk/usr/include/objc/Protocol.h
/Applications/Xcode.app/Contents/Developer/Platforms/MacOSX.platform/Developer/SDKs/MacOSX26.1.sdk/usr/include/objc/hashtable.h
/Applications/Xcode.app/Contents/Developer/Platforms/MacOSX.platform/Developer/SDKs/MacOSX26.1.sdk/usr/include/objc/hashtable2.h
/Applications/Xcode.app/Contents/Developer/Platforms/MacOSX.platform/Developer/SDKs/MacOSX26.1.sdk/usr/include/objc/objc-auto.h
/Applications/Xcode.app/Contents/Developer/Platforms/MacOSX.platform/Developer/SDKs/MacOSX26.1.sdk/usr/include/string.h
/Applications/Xcode.app/Contents/Developer/Platforms/MacOSX.platform/Developer/SDKs/MacOSX26.1.sdk/usr/include/objc/objc-class.h
/Applications/Xcode.app/Contents/Developer/Platforms/MacOSX.platform/Developer/SDKs/MacOSX26.1.sdk/usr/include/objc/objc-exception.h
/Applications/Xcode.app/Contents/Developer/Platforms/MacOSX.platform/Developer/SDKs/MacOSX26.1.sdk/usr/include/objc/objc-load.h
/Applications/Xcode.app/Contents/Developer/Platforms/MacOSX.platform/Developer/SDKs/MacOSX26.1.sdk/usr/include/objc/objc-sync.h
/Applications/Xcode.app/Contents/Developer/Platforms/MacOSX.platform/Developer/SDKs/MacOSX26.1.sdk/SDKSettings.json
/Applications/Xcode.app/Contents/Developer/Toolchains/XcodeDefault.xctoolchain/usr/lib/swift/macosx/prebuilt-modules/26.1/ObjectiveC.swiftmodule/arm64e-apple-macos.swiftmodule
/Applications/Xcode.app/Contents/Developer/Toolchains/XcodeDefault.xctoolchain/usr/lib/swift/macosx/prebuilt-modules/26.1/Observation.swiftmodule/arm64e-apple-macos.swiftmodule
/Applications/Xcode.app/Contents/Developer/Platforms/MacOSX.platform/Developer/SDKs/MacOSX26.1.sdk/System/Library/Frameworks/OpenGL.framework/Modules/module.modulemap
/Applications/Xcode.app/Contents/Developer/Platforms/MacOSX.platform/Developer/SDKs/MacOSX26.1.sdk/System/Library/Frameworks/OpenGL.framework/Headers/OpenGL.h
/Applications/Xcode.app/Contents/Developer/Platforms/MacOSX.platform/Developer/SDKs/MacOSX26.1.sdk/System/Library/Frameworks/OpenGL.framework/Headers/OpenGLAvailability.h
/Applications/Xcode.app/Contents/Developer/Platforms/MacOSX.platform/Developer/SDKs/MacOSX26.1.sdk/usr/include/DarwinFoundation1.modulemap
/Applications/Xcode.app/Contents/Developer/Platforms/MacOSX.platform/Developer/SDKs/MacOSX26.1.sdk/System/Library/Frameworks/OpenGL.framework/Headers/CGLCurrent.h
/Applications/Xcode.app/Contents/Developer/Platforms/MacOSX.platform/Developer/SDKs/MacOSX26.1.sdk/System/Library/Frameworks/OpenGL.framework/Headers/CGLTypes.h
/Applications/Xcode.app/Contents/Developer/Platforms/MacOSX.platform/Developer/SDKs/MacOSX26.1.sdk/System/Library/Frameworks/OpenGL.framework/Headers/CGLDevice.h
/Applications/Xcode.app/Contents/Developer/Platforms/MacOSX.platform/Developer/SDKs/MacOSX26.1.sdk/System/Library/Frameworks/OpenGL.framework/Headers/gltypes.h
/Applications/Xcode.app/Contents/Developer/Toolchains/XcodeDefault.xctoolchain/usr/lib/swift/clang/include/module.modulemap
/Applications/Xcode.app/Contents/Developer/Platforms/MacOSX.platform/Developer/SDKs/MacOSX26.1.sdk/System/Library/Frameworks/OpenGL.framework/Headers/CGLRenderers.h
/Applications/Xcode.app/Contents/Developer/Platforms/MacOSX.platform/Developer/SDKs/MacOSX26.1.sdk/System/Library/Frameworks/OpenGL.framework/Headers/CGLIOSurface.h
/Applications/Xcode.app/Contents/Developer/Platforms/MacOSX.platform/Developer/SDKs/MacOSX26.1.sdk/System/Library/Frameworks/OpenGL.framework/Headers/gl3.h
/Applications/Xcode.app/Contents/Developer/Platforms/MacOSX.platform/Developer/SDKs/MacOSX26.1.sdk/System/Library/Frameworks/OpenGL.framework/Headers/gl3ext.h
/Applications/Xcode.app/Contents/Developer/Platforms/MacOSX.platform/Developer/SDKs/MacOSX26.1.sdk/System/Library/Frameworks/OpenGL.framework/Headers/gl.h
/Applications/Xcode.app/Contents/Developer/Platforms/MacOSX.platform/Developer/SDKs/MacOSX26.1.sdk/System/Library/Frameworks/OpenGL.framework/Headers/glext.h
/Applications/Xcode.app/Contents/Developer/Platforms/MacOSX.platform/Developer/SDKs/MacOSX26.1.sdk/System/Library/Frameworks/OpenGL.framework/Headers/glu.h
/Applications/Xcode.app/Contents/Developer/Platforms/MacOSX.platform/Developer/SDKs/MacOSX26.1.sdk/System/Library/Frameworks/OpenGL.framework/Headers/gluContext.h
/Applications/Xcode.app/Contents/Developer/Platforms/MacOSX.platform/Developer/SDKs/MacOSX26.1.sdk/System/Library/Frameworks/OpenGL.framework/Headers/CGLContext.h
/Applications/Xcode.app/Contents/Developer/Platforms/MacOSX.platform/Developer/SDKs/MacOSX26.1.sdk/System/Library/Frameworks/OpenGL.framework/Headers/gliContext.h
/Applications/Xcode.app/Contents/Developer/Platforms/MacOSX.platform/Developer/SDKs/MacOSX26.1.sdk/System/Library/Frameworks/OpenGL.framework/Headers/gliDispatch.h
/Applications/Xcode.app/Contents/Developer/Platforms/MacOSX.platform/Developer/SDKs/MacOSX26.1.sdk/SDKSettings.json
/Users/rogerlin/Library/Developer/Xcode/DerivedData/FinancialCalculatorKit-ackorybalcxbfocbkqsfdzcfkgmn/Build/Products/Debug/Parsing.swiftmodule/arm64-apple-macos.swiftmodule
/Applications/Xcode.app/Contents/Developer/Platforms/MacOSX.platform/Developer/SDKs/MacOSX26.1.sdk/System/Library/Frameworks/QuartzCore.framework/Headers/QuartzCore.apinotes
/Applications/Xcode.app/Contents/Developer/Platforms/MacOSX.platform/Developer/SDKs/MacOSX26.1.sdk/System/Library/Frameworks/QuartzCore.framework/Modules/module.modulemap
/Applications/Xcode.app/Contents/Developer/Platforms/MacOSX.platform/Developer/SDKs/MacOSX26.1.sdk/System/Library/Frameworks/QuartzCore.framework/Headers/QuartzCore.h
/Applications/Xcode.app/Contents/Developer/Platforms/MacOSX.platform/Developer/SDKs/MacOSX26.1.sdk/System/Library/Frameworks/QuartzCore.framework/Headers/CoreAnimation.h
/Applications/Xcode.app/Contents/Developer/Platforms/MacOSX.platform/Developer/SDKs/MacOSX26.1.sdk/System/Library/Frameworks/QuartzCore.framework/Headers/CABase.h
/Applications/Xcode.app/Contents/Developer/Toolchains/XcodeDefault.xctoolchain/usr/lib/swift/clang/include/module.modulemap
/Applications/Xcode.app/Contents/Developer/Toolchains/XcodeDefault.xctoolchain/usr/lib/swift/clang/include/stddef.h
/Applications/Xcode.app/Contents/Developer/Platforms/MacOSX.platform/Developer/SDKs/MacOSX26.1.sdk/usr/include/ObjectiveC.modulemap
/Applications/Xcode.app/Contents/Developer/Platforms/MacOSX.platform/Developer/SDKs/MacOSX26.1.sdk/usr/include/Darwin.modulemap
/Applications/Xcode.app/Contents/Developer/Platforms/MacOSX.platform/Developer/SDKs/MacOSX26.1.sdk/usr/include/Darwin_C.modulemap
/Applications/Xcode.app/Contents/Developer/Platforms/MacOSX.platform/Developer/SDKs/MacOSX26.1.sdk/usr/include/Darwin_POSIX.modulemap
/Applications/Xcode.app/Contents/Developer/Platforms/MacOSX.platform/Developer/SDKs/MacOSX26.1.sdk/usr/include/net.modulemap
/Applications/Xcode.app/Contents/Developer/Platforms/MacOSX.platform/Developer/SDKs/MacOSX26.1.sdk/usr/include/netinet.modulemap
/Applications/Xcode.app/Contents/Developer/Platforms/MacOSX.platform/Developer/SDKs/MacOSX26.1.sdk/usr/include/bank.modulemap
/Applications/Xcode.app/Contents/Developer/Platforms/MacOSX.platform/Developer/SDKs/MacOSX26.1.sdk/usr/include/Darwin_Mach.modulemap
/Applications/Xcode.app/Contents/Developer/Platforms/MacOSX.platform/Developer/SDKs/MacOSX26.1.sdk/usr/include/Darwin_Mach_machine.modulemap
/Applications/Xcode.app/Contents/Developer/Platforms/MacOSX.platform/Developer/SDKs/MacOSX26.1.sdk/usr/include/mach_debug.modulemap
/Applications/Xcode.app/Contents/Developer/Platforms/MacOSX.platform/Developer/SDKs/MacOSX26.1.sdk/usr/include/device.modulemap
/Applications/Xcode.app/Contents/Developer/Platforms/MacOSX.platform/Developer/SDKs/MacOSX26.1.sdk/usr/include/Darwin_machine.modulemap
/Applications/Xcode.app/Contents/Developer/Platforms/MacOSX.platform/Developer/SDKs/MacOSX26.1.sdk/usr/include/ncurses.modulemap
/Applications/Xcode.app/Contents/Developer/Platforms/MacOSX.platform/Developer/SDKs/MacOSX26.1.sdk/usr/include/netinet6.modulemap
/Applications/Xcode.app/Contents/Developer/Platforms/MacOSX.platform/Developer/SDKs/MacOSX26.1.sdk/usr/include/Darwin_sys.modulemap
/Applications/Xcode.app/Contents/Developer/Platforms/MacOSX.platform/Developer/SDKs/MacOSX26.1.sdk/usr/include/uuid.modulemap
/Applications/Xcode.app/Contents/Developer/Platforms/MacOSX.platform/Developer/SDKs/MacOSX26.1.sdk/usr/include/DarwinFoundation1.modulemap
/Applications/Xcode.app/Contents/Developer/Platforms/MacOSX.platform/Developer/SDKs/MacOSX26.1.sdk/System/Library/Frameworks/CoreFoundation.framework/Modules/module.modulemap
/Applications/Xcode.app/Contents/Developer/Platforms/MacOSX.platform/Developer/SDKs/MacOSX26.1.sdk/System/Library/Frameworks/CoreGraphics.framework/Modules/module.modulemap
/Applications/Xcode.app/Contents/Developer/Platforms/MacOSX.platform/Developer/SDKs/MacOSX26.1.sdk/System/Library/Frameworks/QuartzCore.framework/Headers/CATransform3D.h
/Applications/Xcode.app/Contents/Developer/Platforms/MacOSX.platform/Developer/SDKs/MacOSX26.1.sdk/System/Library/Frameworks/Foundation.framework/Modules/module.modulemap
/Applications/Xcode.app/Contents/Developer/Platforms/MacOSX.platform/Developer/SDKs/MacOSX26.1.sdk/System/Library/Frameworks/QuartzCore.framework/Headers/CAAnimation.h
/Applications/Xcode.app/Contents/Developer/Platforms/MacOSX.platform/Developer/SDKs/MacOSX26.1.sdk/System/Library/Frameworks/QuartzCore.framework/Headers/CALayer.h
/Applications/Xcode.app/Contents/Developer/Platforms/MacOSX.platform/Developer/SDKs/MacOSX26.1.sdk/System/Library/Frameworks/QuartzCore.framework/Headers/CAMediaTiming.h
/Applications/Xcode.app/Contents/Developer/Platforms/MacOSX.platform/Developer/SDKs/MacOSX26.1.sdk/System/Library/Frameworks/QuartzCore.framework/Headers/CAFrameRateRange.h
/Applications/Xcode.app/Contents/Developer/Platforms/MacOSX.platform/Developer/SDKs/MacOSX26.1.sdk/System/Library/Frameworks/QuartzCore.framework/Headers/CAConstraintLayoutManager.h
/Applications/Xcode.app/Contents/Developer/Platforms/MacOSX.platform/Developer/SDKs/MacOSX26.1.sdk/System/Library/Frameworks/QuartzCore.framework/Headers/CADisplayLink.h
/Applications/Xcode.app/Contents/Developer/Platforms/MacOSX.platform/Developer/SDKs/MacOSX26.1.sdk/System/Library/Frameworks/QuartzCore.framework/Headers/CAEAGLLayer.h
/Applications/Xcode.app/Contents/Developer/Platforms/MacOSX.platform/Developer/SDKs/MacOSX26.1.sdk/System/Library/Frameworks/QuartzCore.framework/Headers/CAMetalLayer.h
/Applications/Xcode.app/Contents/Developer/Platforms/MacOSX.platform/Developer/SDKs/MacOSX26.1.sdk/System/Library/Frameworks/Metal.framework/Modules/module.modulemap
/Applications/Xcode.app/Contents/Developer/Platforms/MacOSX.platform/Developer/SDKs/MacOSX26.1.sdk/System/Library/Frameworks/QuartzCore.framework/Headers/CAEDRMetadata.h
/Applications/Xcode.app/Contents/Developer/Platforms/MacOSX.platform/Developer/SDKs/MacOSX26.1.sdk/System/Library/Frameworks/QuartzCore.framework/Headers/CAMetalDisplayLink.h
/Applications/Xcode.app/Contents/Developer/Platforms/MacOSX.platform/Developer/SDKs/MacOSX26.1.sdk/System/Library/Frameworks/QuartzCore.framework/Headers/CAEmitterCell.h
/Applications/Xcode.app/Contents/Developer/Platforms/MacOSX.platform/Developer/SDKs/MacOSX26.1.sdk/System/Library/Frameworks/QuartzCore.framework/Headers/CAEmitterLayer.h
/Applications/Xcode.app/Contents/Developer/Platforms/MacOSX.platform/Developer/SDKs/MacOSX26.1.sdk/System/Library/Frameworks/QuartzCore.framework/Headers/CAGradientLayer.h
/Applications/Xcode.app/Contents/Developer/Platforms/MacOSX.platform/Developer/SDKs/MacOSX26.1.sdk/System/Library/Frameworks/QuartzCore.framework/Headers/CAMediaTimingFunction.h
/Applications/Xcode.app/Contents/Developer/Platforms/MacOSX.platform/Developer/SDKs/MacOSX26.1.sdk/System/Library/Frameworks/QuartzCore.framework/Headers/CAOpenGLLayer.h
/Applications/Xcode.app/Contents/Developer/Platforms/MacOSX.platform/Developer/SDKs/MacOSX26.1.sdk/System/Library/Frameworks/OpenGL.framework/Modules/module.modulemap
/Applications/Xcode.app/Contents/Developer/Platforms/MacOSX.platform/Developer/SDKs/MacOSX26.1.sdk/System/Library/Frameworks/CoreVideo.framework/Modules/module.modulemap
/Applications/Xcode.app/Contents/Developer/Platforms/MacOSX.platform/Developer/SDKs/MacOSX26.1.sdk/System/Library/Frameworks/QuartzCore.framework/Headers/CARemoteLayerClient.h
/Applications/Xcode.app/Contents/Developer/Platforms/MacOSX.platform/Developer/SDKs/MacOSX26.1.sdk/System/Library/Frameworks/QuartzCore.framework/Headers/CARemoteLayerServer.h
/Applications/Xcode.app/Contents/Developer/Platforms/MacOSX.platform/Developer/SDKs/MacOSX26.1.sdk/System/Library/Frameworks/QuartzCore.framework/Headers/CARenderer.h
/Applications/Xcode.app/Contents/Developer/Platforms/MacOSX.platform/Developer/SDKs/MacOSX26.1.sdk/System/Library/Frameworks/QuartzCore.framework/Headers/CAReplicatorLayer.h
/Applications/Xcode.app/Contents/Developer/Platforms/MacOSX.platform/Developer/SDKs/MacOSX26.1.sdk/System/Library/Frameworks/QuartzCore.framework/Headers/CAScrollLayer.h
/Applications/Xcode.app/Contents/Developer/Platforms/MacOSX.platform/Developer/SDKs/MacOSX26.1.sdk/System/Library/Frameworks/QuartzCore.framework/Headers/CAShapeLayer.h
/Applications/Xcode.app/Contents/Developer/Platforms/MacOSX.platform/Developer/SDKs/MacOSX26.1.sdk/System/Library/Frameworks/QuartzCore.framework/Headers/CATextLayer.h
/Applications/Xcode.app/Contents/Developer/Platforms/MacOSX.platform/Developer/SDKs/MacOSX26.1.sdk/System/Library/Frameworks/QuartzCore.framework/Headers/CATiledLayer.h
/Applications/Xcode.app/Contents/Developer/Platforms/MacOSX.platform/Developer/SDKs/MacOSX26.1.sdk/System/Library/Frameworks/QuartzCore.framework/Headers/CATransaction.h
/Applications/Xcode.app/Contents/Developer/Platforms/MacOSX.platform/Developer/SDKs/MacOSX26.1.sdk/System/Library/Frameworks/QuartzCore.framework/Headers/CATransformLayer.h
/Applications/Xcode.app/Contents/Developer/Platforms/MacOSX.platform/Developer/SDKs/MacOSX26.1.sdk/System/Library/Frameworks/QuartzCore.framework/Headers/CAValueFunction.h
/Applications/Xcode.app/Contents/Developer/Platforms/MacOSX.platform/Developer/SDKs/MacOSX26.1.sdk/SDKSettings.json
/Applications/Xcode.app/Contents/Developer/Toolchains/XcodeDefault.xctoolchain/usr/lib/swift/macosx/prebuilt-modules/26.1/QuartzCore.swiftmodule/arm64e-apple-macos.swiftmodule
/Users/rogerlin/Library/Developer/Xcode/DerivedData/FinancialCalculatorKit-ackorybalcxbfocbkqsfdzcfkgmn/Build/Products/Debug/RealModule.swiftmodule/arm64-apple-macos.swiftmodule
/Applications/Xcode.app/Contents/Developer/Platforms/MacOSX.platform/Developer/SDKs/MacOSX26.1.sdk/System/Library/Frameworks/Security.framework/Headers/Security.apinotes
/Applications/Xcode.app/Contents/Developer/Platforms/MacOSX.platform/Developer/SDKs/MacOSX26.1.sdk/System/Library/Frameworks/Security.framework/Modules/module.modulemap
/Applications/Xcode.app/Contents/Developer/Platforms/MacOSX.platform/Developer/SDKs/MacOSX26.1.sdk/System/Library/Frameworks/Security.framework/Headers/Security.h
/Applications/Xcode.app/Contents/Developer/Platforms/MacOSX.platform/Developer/SDKs/MacOSX26.1.sdk/System/Library/Frameworks/Security.framework/Headers/SecBase.h
/Applications/Xcode.app/Contents/Developer/Platforms/MacOSX.platform/Developer/SDKs/MacOSX26.1.sdk/usr/include/xpc.modulemap
/Applications/Xcode.app/Contents/Developer/Platforms/MacOSX.platform/Developer/SDKs/MacOSX26.1.sdk/usr/include/dispatch.modulemap
/Applications/Xcode.app/Contents/Developer/Platforms/MacOSX.platform/Developer/SDKs/MacOSX26.1.sdk/usr/include/os.modulemap
/Applications/Xcode.app/Contents/Developer/Platforms/MacOSX.platform/Developer/SDKs/MacOSX26.1.sdk/usr/include/Darwin.modulemap
/Applications/Xcode.app/Contents/Developer/Platforms/MacOSX.platform/Developer/SDKs/MacOSX26.1.sdk/usr/include/Darwin_C.modulemap
/Applications/Xcode.app/Contents/Developer/Platforms/MacOSX.platform/Developer/SDKs/MacOSX26.1.sdk/usr/include/Darwin_POSIX.modulemap
/Applications/Xcode.app/Contents/Developer/Platforms/MacOSX.platform/Developer/SDKs/MacOSX26.1.sdk/usr/include/net.modulemap
/Applications/Xcode.app/Contents/Developer/Platforms/MacOSX.platform/Developer/SDKs/MacOSX26.1.sdk/usr/include/netinet.modulemap
/Applications/Xcode.app/Contents/Developer/Platforms/MacOSX.platform/Developer/SDKs/MacOSX26.1.sdk/usr/include/bank.modulemap
/Applications/Xcode.app/Contents/Developer/Platforms/MacOSX.platform/Developer/SDKs/MacOSX26.1.sdk/usr/include/Darwin_Mach.modulemap
/Applications/Xcode.app/Contents/Developer/Platforms/MacOSX.platform/Developer/SDKs/MacOSX26.1.sdk/usr/include/Darwin_Mach_machine.modulemap
/Applications/Xcode.app/Contents/Developer/Platforms/MacOSX.platform/Developer/SDKs/MacOSX26.1.sdk/usr/include/mach_debug.modulemap
/Applications/Xcode.app/Contents/Developer/Platforms/MacOSX.platform/Developer/SDKs/MacOSX26.1.sdk/usr/include/device.modulemap
/Applications/Xcode.app/Contents/Developer/Platforms/MacOSX.platform/Developer/SDKs/MacOSX26.1.sdk/usr/include/Darwin_machine.modulemap
/Applications/Xcode.app/Contents/Developer/Platforms/MacOSX.platform/Developer/SDKs/MacOSX26.1.sdk/usr/include/ncurses.modulemap
/Applications/Xcode.app/Contents/Developer/Platforms/MacOSX.platform/Developer/SDKs/MacOSX26.1.sdk/usr/include/netinet6.modulemap
/Applications/Xcode.app/Contents/Developer/Platforms/MacOSX.platform/Developer/SDKs/MacOSX26.1.sdk/usr/include/Darwin_sys.modulemap
/Applications/Xcode.app/Contents/Developer/Platforms/MacOSX.platform/Developer/SDKs/MacOSX26.1.sdk/usr/include/uuid.modulemap
/Applications/Xcode.app/Contents/Developer/Platforms/MacOSX.platform/Developer/SDKs/MacOSX26.1.sdk/usr/include/DarwinFoundation2.modulemap
/Applications/Xcode.app/Contents/Developer/Platforms/MacOSX.platform/Developer/SDKs/MacOSX26.1.sdk/usr/include/DarwinFoundation3.modulemap
/Applications/Xcode.app/Contents/Developer/Platforms/MacOSX.platform/Developer/SDKs/MacOSX26.1.sdk/usr/include/DarwinFoundation1.modulemap
/Applications/Xcode.app/Contents/Developer/Platforms/MacOSX.platform/Developer/SDKs/MacOSX26.1.sdk/System/Library/Frameworks/CoreFoundation.framework/Modules/module.modulemap
/Applications/Xcode.app/Contents/Developer/Platforms/MacOSX.platform/Developer/SDKs/MacOSX26.1.sdk/System/Library/Frameworks/Security.framework/Headers/SecCertificate.h
/Applications/Xcode.app/Contents/Developer/Platforms/MacOSX.platform/Developer/SDKs/MacOSX26.1.sdk/System/Library/Frameworks/Security.framework/Headers/cssmtype.h
/Applications/Xcode.app/Contents/Developer/Platforms/MacOSX.platform/Developer/SDKs/MacOSX26.1.sdk/System/Library/Frameworks/Security.framework/Headers/cssmconfig.h
/Applications/Xcode.app/Contents/Developer/Toolchains/XcodeDefault.xctoolchain/usr/lib/swift/clang/include/module.modulemap
/Applications/Xcode.app/Contents/Developer/Platforms/MacOSX.platform/Developer/SDKs/MacOSX26.1.sdk/System/Library/Frameworks/Security.framework/Headers/SecAsn1Types.h
/Applications/Xcode.app/Contents/Developer/Platforms/MacOSX.platform/Developer/SDKs/MacOSX26.1.sdk/System/Library/Frameworks/Security.framework/Headers/x509defs.h
/Applications/Xcode.app/Contents/Developer/Platforms/MacOSX.platform/Developer/SDKs/MacOSX26.1.sdk/System/Library/Frameworks/Security.framework/Headers/SecIdentity.h
/Applications/Xcode.app/Contents/Developer/Platforms/MacOSX.platform/Developer/SDKs/MacOSX26.1.sdk/System/Library/Frameworks/Security.framework/Headers/SecAccessControl.h
/Applications/Xcode.app/Contents/Developer/Platforms/MacOSX.platform/Developer/SDKs/MacOSX26.1.sdk/System/Library/Frameworks/Security.framework/Headers/SecItem.h
/Applications/Xcode.app/Contents/Developer/Platforms/MacOSX.platform/Developer/SDKs/MacOSX26.1.sdk/System/Library/Frameworks/Security.framework/Headers/SecKey.h
/Applications/Xcode.app/Contents/Developer/Platforms/MacOSX.platform/Developer/SDKs/MacOSX26.1.sdk/System/Library/Frameworks/Security.framework/Headers/SecAccess.h
/Applications/Xcode.app/Contents/Developer/Platforms/MacOSX.platform/Developer/SDKs/MacOSX26.1.sdk/System/Library/Frameworks/Security.framework/Headers/SecPolicy.h
/Applications/Xcode.app/Contents/Developer/Platforms/MacOSX.platform/Developer/SDKs/MacOSX26.1.sdk/System/Library/Frameworks/Security.framework/Headers/SecRandom.h
/Applications/Xcode.app/Contents/Developer/Platforms/MacOSX.platform/Developer/SDKs/MacOSX26.1.sdk/System/Library/Frameworks/Security.framework/Headers/SecImportExport.h
/Applications/Xcode.app/Contents/Developer/Platforms/MacOSX.platform/Developer/SDKs/MacOSX26.1.sdk/System/Library/Frameworks/Security.framework/Headers/SecKeychain.h
/Applications/Xcode.app/Contents/Developer/Platforms/MacOSX.platform/Developer/SDKs/MacOSX26.1.sdk/System/Library/Frameworks/Security.framework/Headers/cssmapple.h
/Applications/Xcode.app/Contents/Developer/Platforms/MacOSX.platform/Developer/SDKs/MacOSX26.1.sdk/System/Library/Frameworks/Security.framework/Headers/cssmerr.h
/Applications/Xcode.app/Contents/Developer/Platforms/MacOSX.platform/Developer/SDKs/MacOSX26.1.sdk/System/Library/Frameworks/Security.framework/Headers/certextensions.h
/Applications/Xcode.app/Contents/Developer/Platforms/MacOSX.platform/Developer/SDKs/MacOSX26.1.sdk/System/Library/Frameworks/Security.framework/Headers/SecTrust.h
/Applications/Xcode.app/Contents/Developer/Platforms/MacOSX.platform/Developer/SDKs/MacOSX26.1.sdk/System/Library/Frameworks/Security.framework/Headers/SecSharedCredential.h
/Applications/Xcode.app/Contents/Developer/Platforms/MacOSX.platform/Developer/SDKs/MacOSX26.1.sdk/System/Library/Frameworks/Security.framework/Headers/SecProtocolOptions.h
/Applications/Xcode.app/Contents/Developer/Platforms/MacOSX.platform/Developer/SDKs/MacOSX26.1.sdk/System/Library/Frameworks/Security.framework/Headers/SecProtocolObject.h
/Applications/Xcode.app/Contents/Developer/Platforms/MacOSX.platform/Developer/SDKs/MacOSX26.1.sdk/System/Library/Frameworks/Security.framework/Headers/SecProtocolTypes.h
/Applications/Xcode.app/Contents/Developer/Platforms/MacOSX.platform/Developer/SDKs/MacOSX26.1.sdk/System/Library/Frameworks/Security.framework/Headers/CipherSuite.h
/Applications/Xcode.app/Contents/Developer/Platforms/MacOSX.platform/Developer/SDKs/MacOSX26.1.sdk/System/Library/Frameworks/Security.framework/Headers/SecProtocolMetadata.h
/Applications/Xcode.app/Contents/Developer/Platforms/MacOSX.platform/Developer/SDKs/MacOSX26.1.sdk/System/Library/Frameworks/Security.framework/Headers/AuthSession.h
/Applications/Xcode.app/Contents/Developer/Platforms/MacOSX.platform/Developer/SDKs/MacOSX26.1.sdk/System/Library/Frameworks/Security.framework/Headers/Authorization.h
/Applications/Xcode.app/Contents/Developer/Platforms/MacOSX.platform/Developer/SDKs/MacOSX26.1.sdk/usr/include/stdio.h
/Applications/Xcode.app/Contents/Developer/Platforms/MacOSX.platform/Developer/SDKs/MacOSX26.1.sdk/System/Library/Frameworks/Security.framework/Headers/cssm.h
/Applications/Xcode.app/Contents/Developer/Platforms/MacOSX.platform/Developer/SDKs/MacOSX26.1.sdk/System/Library/Frameworks/Security.framework/Headers/emmtype.h
/Applications/Xcode.app/Contents/Developer/Platforms/MacOSX.platform/Developer/SDKs/MacOSX26.1.sdk/System/Library/Frameworks/Security.framework/Headers/cssmapi.h
/Applications/Xcode.app/Contents/Developer/Platforms/MacOSX.platform/Developer/SDKs/MacOSX26.1.sdk/System/Library/Frameworks/Security.framework/Headers/cssmaci.h
/Applications/Xcode.app/Contents/Developer/Platforms/MacOSX.platform/Developer/SDKs/MacOSX26.1.sdk/System/Library/Frameworks/Security.framework/Headers/cssmcli.h
/Applications/Xcode.app/Contents/Developer/Platforms/MacOSX.platform/Developer/SDKs/MacOSX26.1.sdk/System/Library/Frameworks/Security.framework/Headers/cssmcspi.h
/Applications/Xcode.app/Contents/Developer/Platforms/MacOSX.platform/Developer/SDKs/MacOSX26.1.sdk/System/Library/Frameworks/Security.framework/Headers/cssmspi.h
/Applications/Xcode.app/Contents/Developer/Platforms/MacOSX.platform/Developer/SDKs/MacOSX26.1.sdk/System/Library/Frameworks/Security.framework/Headers/cssmdli.h
/Applications/Xcode.app/Contents/Developer/Platforms/MacOSX.platform/Developer/SDKs/MacOSX26.1.sdk/System/Library/Frameworks/Security.framework/Headers/cssmkrapi.h
/Applications/Xcode.app/Contents/Developer/Platforms/MacOSX.platform/Developer/SDKs/MacOSX26.1.sdk/System/Library/Frameworks/Security.framework/Headers/cssmkrspi.h
/Applications/Xcode.app/Contents/Developer/Platforms/MacOSX.platform/Developer/SDKs/MacOSX26.1.sdk/System/Library/Frameworks/Security.framework/Headers/cssmtpi.h
/Applications/Xcode.app/Contents/Developer/Platforms/MacOSX.platform/Developer/SDKs/MacOSX26.1.sdk/System/Library/Frameworks/Security.framework/Headers/emmspi.h
/Applications/Xcode.app/Contents/Developer/Platforms/MacOSX.platform/Developer/SDKs/MacOSX26.1.sdk/System/Library/Frameworks/Security.framework/Headers/mds.h
/Applications/Xcode.app/Contents/Developer/Platforms/MacOSX.platform/Developer/SDKs/MacOSX26.1.sdk/System/Library/Frameworks/Security.framework/Headers/mds_schema.h
/Applications/Xcode.app/Contents/Developer/Platforms/MacOSX.platform/Developer/SDKs/MacOSX26.1.sdk/System/Library/Frameworks/Security.framework/Headers/oidsalg.h
/Applications/Xcode.app/Contents/Developer/Platforms/MacOSX.platform/Developer/SDKs/MacOSX26.1.sdk/System/Library/Frameworks/Security.framework/Headers/oidsattr.h
/Applications/Xcode.app/Contents/Developer/Platforms/MacOSX.platform/Developer/SDKs/MacOSX26.1.sdk/System/Library/Frameworks/Security.framework/Headers/oidsbase.h
/Applications/Xcode.app/Contents/Developer/Platforms/MacOSX.platform/Developer/SDKs/MacOSX26.1.sdk/System/Library/Frameworks/Security.framework/Headers/oidscert.h
/Applications/Xcode.app/Contents/Developer/Platforms/MacOSX.platform/Developer/SDKs/MacOSX26.1.sdk/System/Library/Frameworks/Security.framework/Headers/oidscrl.h
/Applications/Xcode.app/Contents/Developer/Platforms/MacOSX.platform/Developer/SDKs/MacOSX26.1.sdk/System/Library/Frameworks/Security.framework/Headers/SecACL.h
/Applications/Xcode.app/Contents/Developer/Platforms/MacOSX.platform/Developer/SDKs/MacOSX26.1.sdk/System/Library/Frameworks/Security.framework/Headers/SecCertificateOIDs.h
/Applications/Xcode.app/Contents/Developer/Platforms/MacOSX.platform/Developer/SDKs/MacOSX26.1.sdk/System/Library/Frameworks/Security.framework/Headers/SecIdentitySearch.h
/Applications/Xcode.app/Contents/Developer/Platforms/MacOSX.platform/Developer/SDKs/MacOSX26.1.sdk/System/Library/Frameworks/Security.framework/Headers/SecKeychainItem.h
/Applications/Xcode.app/Contents/Developer/Platforms/MacOSX.platform/Developer/SDKs/MacOSX26.1.sdk/System/Library/Frameworks/Security.framework/Headers/SecKeychainSearch.h
/Applications/Xcode.app/Contents/Developer/Platforms/MacOSX.platform/Developer/SDKs/MacOSX26.1.sdk/System/Library/Frameworks/Security.framework/Headers/SecPolicySearch.h
/Applications/Xcode.app/Contents/Developer/Platforms/MacOSX.platform/Developer/SDKs/MacOSX26.1.sdk/System/Library/Frameworks/Security.framework/Headers/SecTrustedApplication.h
/Applications/Xcode.app/Contents/Developer/Platforms/MacOSX.platform/Developer/SDKs/MacOSX26.1.sdk/System/Library/Frameworks/Security.framework/Headers/SecTrustSettings.h
/Applications/Xcode.app/Contents/Developer/Platforms/MacOSX.platform/Developer/SDKs/MacOSX26.1.sdk/System/Library/Frameworks/Security.framework/Headers/SecStaticCode.h
/Applications/Xcode.app/Contents/Developer/Platforms/MacOSX.platform/Developer/SDKs/MacOSX26.1.sdk/System/Library/Frameworks/Security.framework/Headers/CSCommon.h
/Applications/Xcode.app/Contents/Developer/Platforms/MacOSX.platform/Developer/SDKs/MacOSX26.1.sdk/System/Library/Frameworks/Security.framework/Headers/SecCode.h
/Applications/Xcode.app/Contents/Developer/Platforms/MacOSX.platform/Developer/SDKs/MacOSX26.1.sdk/System/Library/Frameworks/Security.framework/Headers/SecCodeHost.h
/Applications/Xcode.app/Contents/Developer/Platforms/MacOSX.platform/Developer/SDKs/MacOSX26.1.sdk/System/Library/Frameworks/Security.framework/Headers/SecRequirement.h
/Applications/Xcode.app/Contents/Developer/Platforms/MacOSX.platform/Developer/SDKs/MacOSX26.1.sdk/System/Library/Frameworks/Security.framework/Headers/SecTask.h
/Applications/Xcode.app/Contents/Developer/Platforms/MacOSX.platform/Developer/SDKs/MacOSX26.1.sdk/System/Library/Frameworks/Security.framework/Headers/AuthorizationTags.h
/Applications/Xcode.app/Contents/Developer/Platforms/MacOSX.platform/Developer/SDKs/MacOSX26.1.sdk/System/Library/Frameworks/Security.framework/Headers/AuthorizationDB.h
/Applications/Xcode.app/Contents/Developer/Platforms/MacOSX.platform/Developer/SDKs/MacOSX26.1.sdk/System/Library/Frameworks/Security.framework/Headers/CMSDecoder.h
/Applications/Xcode.app/Contents/Developer/Platforms/MacOSX.platform/Developer/SDKs/MacOSX26.1.sdk/System/Library/Frameworks/Security.framework/Headers/CMSEncoder.h
/Applications/Xcode.app/Contents/Developer/Platforms/MacOSX.platform/Developer/SDKs/MacOSX26.1.sdk/System/Library/Frameworks/Security.framework/Headers/SecureTransport.h
/Applications/Xcode.app/Contents/Developer/Platforms/MacOSX.platform/Developer/SDKs/MacOSX26.1.sdk/System/Library/Frameworks/Security.framework/Headers/SecTransform.h
/Applications/Xcode.app/Contents/Developer/Platforms/MacOSX.platform/Developer/SDKs/MacOSX26.1.sdk/System/Library/Frameworks/Security.framework/Headers/SecCustomTransform.h
/Applications/Xcode.app/Contents/Developer/Platforms/MacOSX.platform/Developer/SDKs/MacOSX26.1.sdk/System/Library/Frameworks/Security.framework/Headers/SecDecodeTransform.h
/Applications/Xcode.app/Contents/Developer/Platforms/MacOSX.platform/Developer/SDKs/MacOSX26.1.sdk/System/Library/Frameworks/Security.framework/Headers/SecEncodeTransform.h
/Applications/Xcode.app/Contents/Developer/Platforms/MacOSX.platform/Developer/SDKs/MacOSX26.1.sdk/System/Library/Frameworks/Security.framework/Headers/SecDigestTransform.h
/Applications/Xcode.app/Contents/Developer/Platforms/MacOSX.platform/Developer/SDKs/MacOSX26.1.sdk/System/Library/Frameworks/Security.framework/Headers/SecEncryptTransform.h
/Applications/Xcode.app/Contents/Developer/Platforms/MacOSX.platform/Developer/SDKs/MacOSX26.1.sdk/System/Library/Frameworks/Security.framework/Headers/SecSignVerifyTransform.h
/Applications/Xcode.app/Contents/Developer/Platforms/MacOSX.platform/Developer/SDKs/MacOSX26.1.sdk/System/Library/Frameworks/Security.framework/Headers/SecReadTransform.h
/Applications/Xcode.app/Contents/Developer/Platforms/MacOSX.platform/Developer/SDKs/MacOSX26.1.sdk/System/Library/Frameworks/Security.framework/Headers/SecTransformReadTransform.h
/Applications/Xcode.app/Contents/Developer/Platforms/MacOSX.platform/Developer/SDKs/MacOSX26.1.sdk/System/Library/Frameworks/Security.framework/Headers/oids.h
/Applications/Xcode.app/Contents/Developer/Platforms/MacOSX.platform/Developer/SDKs/MacOSX26.1.sdk/usr/include/libDER/module.modulemap
/Applications/Xcode.app/Contents/Developer/Platforms/MacOSX.platform/Developer/SDKs/MacOSX26.1.sdk/usr/include/string.h
/Applications/Xcode.app/Contents/Developer/Platforms/MacOSX.platform/Developer/SDKs/MacOSX26.1.sdk/System/Library/Frameworks/Security.framework/Headers/AuthorizationPlugin.h
/Applications/Xcode.app/Contents/Developer/Platforms/MacOSX.platform/Developer/SDKs/MacOSX26.1.sdk/System/Library/Frameworks/Security.framework/Headers/CodeSigning.h
/Applications/Xcode.app/Contents/Developer/Platforms/MacOSX.platform/Developer/SDKs/MacOSX26.1.sdk/System/Library/Frameworks/Security.framework/Headers/eisl.h
/Applications/Xcode.app/Contents/Developer/Platforms/MacOSX.platform/Developer/SDKs/MacOSX26.1.sdk/System/Library/Frameworks/Security.framework/Headers/SecAsn1Coder.h
/Applications/Xcode.app/Contents/Developer/Platforms/MacOSX.platform/Developer/SDKs/MacOSX26.1.sdk/System/Library/Frameworks/Security.framework/Headers/SecAsn1Templates.h
/Applications/Xcode.app/Contents/Developer/Platforms/MacOSX.platform/Developer/SDKs/MacOSX26.1.sdk/System/Library/Frameworks/Security.framework/Headers/SecureDownload.h
/Applications/Xcode.app/Contents/Developer/Platforms/MacOSX.platform/Developer/SDKs/MacOSX26.1.sdk/SDKSettings.json
/Applications/Xcode.app/Contents/Developer/Platforms/MacOSX.platform/Developer/SDKs/MacOSX26.1.sdk/usr/include/Spatial/module.modulemap
/Applications/Xcode.app/Contents/Developer/Platforms/MacOSX.platform/Developer/SDKs/MacOSX26.1.sdk/usr/include/Spatial/Spatial.h
/Applications/Xcode.app/Contents/Developer/Platforms/MacOSX.platform/Developer/SDKs/MacOSX26.1.sdk/usr/include/Spatial/Base.h
/Applications/Xcode.app/Contents/Developer/Platforms/MacOSX.platform/Developer/SDKs/MacOSX26.1.sdk/usr/include/Spatial/Structures.h
/Applications/Xcode.app/Contents/Developer/Platforms/MacOSX.platform/Developer/SDKs/MacOSX26.1.sdk/usr/include/simd/module.modulemap
/Applications/Xcode.app/Contents/Developer/Toolchains/XcodeDefault.xctoolchain/usr/lib/swift/clang/include/module.modulemap
/Applications/Xcode.app/Contents/Developer/Platforms/MacOSX.platform/Developer/SDKs/MacOSX26.1.sdk/usr/include/Spatial/StructuresFloat.h
/Applications/Xcode.app/Contents/Developer/Platforms/MacOSX.platform/Developer/SDKs/MacOSX26.1.sdk/usr/include/Spatial/StucturesPackedFloat.h
/Applications/Xcode.app/Contents/Developer/Platforms/MacOSX.platform/Developer/SDKs/MacOSX26.1.sdk/usr/include/Spatial/StructuresPackedDouble.h
/Applications/Xcode.app/Contents/Developer/Platforms/MacOSX.platform/Developer/SDKs/MacOSX26.1.sdk/usr/include/Spatial/SPAngle.h
/Applications/Xcode.app/Contents/Developer/Platforms/MacOSX.platform/Developer/SDKs/MacOSX26.1.sdk/usr/include/DarwinFoundation1.modulemap
/Applications/Xcode.app/Contents/Developer/Platforms/MacOSX.platform/Developer/SDKs/MacOSX26.1.sdk/usr/include/Spatial/SPAngleFloat.h
/Applications/Xcode.app/Contents/Developer/Platforms/MacOSX.platform/Developer/SDKs/MacOSX26.1.sdk/usr/include/Spatial/SPRotationAxis3D.h
/Applications/Xcode.app/Contents/Developer/Platforms/MacOSX.platform/Developer/SDKs/MacOSX26.1.sdk/usr/include/Spatial/SPRotationAxis3DFloat.h
/Applications/Xcode.app/Contents/Developer/Platforms/MacOSX.platform/Developer/SDKs/MacOSX26.1.sdk/usr/include/Spatial/SpatialEnumerations.h
/Applications/Xcode.app/Contents/Developer/Platforms/MacOSX.platform/Developer/SDKs/MacOSX26.1.sdk/usr/include/Spatial/SPRotation3D.h
/Applications/Xcode.app/Contents/Developer/Platforms/MacOSX.platform/Developer/SDKs/MacOSX26.1.sdk/usr/include/Spatial/SPRotation3DFloat.h
/Applications/Xcode.app/Contents/Developer/Platforms/MacOSX.platform/Developer/SDKs/MacOSX26.1.sdk/usr/include/Spatial/SPAffineTransform3D.h
/Applications/Xcode.app/Contents/Developer/Platforms/MacOSX.platform/Developer/SDKs/MacOSX26.1.sdk/usr/include/Spatial/SPAffineTransform3DFloat.h
/Applications/Xcode.app/Contents/Developer/Platforms/MacOSX.platform/Developer/SDKs/MacOSX26.1.sdk/usr/include/Spatial/SPProjectiveTransform3D.h
/Applications/Xcode.app/Contents/Developer/Platforms/MacOSX.platform/Developer/SDKs/MacOSX26.1.sdk/usr/include/Spatial/SPProjectiveTransform3DFloat.h
/Applications/Xcode.app/Contents/Developer/Platforms/MacOSX.platform/Developer/SDKs/MacOSX26.1.sdk/usr/include/Spatial/SPPoint3D.h
/Applications/Xcode.app/Contents/Developer/Platforms/MacOSX.platform/Developer/SDKs/MacOSX26.1.sdk/usr/include/Spatial/SPPoint3DFloat.h
/Applications/Xcode.app/Contents/Developer/Platforms/MacOSX.platform/Developer/SDKs/MacOSX26.1.sdk/usr/include/Spatial/SPVector3D.h
/Applications/Xcode.app/Contents/Developer/Platforms/MacOSX.platform/Developer/SDKs/MacOSX26.1.sdk/usr/include/Spatial/SPVector3DFloat.h
/Applications/Xcode.app/Contents/Developer/Platforms/MacOSX.platform/Developer/SDKs/MacOSX26.1.sdk/usr/include/Spatial/SPRect3D.h
/Applications/Xcode.app/Contents/Developer/Platforms/MacOSX.platform/Developer/SDKs/MacOSX26.1.sdk/usr/include/Spatial/SPRect3DFloat.h
/Applications/Xcode.app/Contents/Developer/Platforms/MacOSX.platform/Developer/SDKs/MacOSX26.1.sdk/usr/include/Spatial/SPRay3D.h
/Applications/Xcode.app/Contents/Developer/Platforms/MacOSX.platform/Developer/SDKs/MacOSX26.1.sdk/usr/include/Spatial/SPRay3DFloat.h
/Applications/Xcode.app/Contents/Developer/Platforms/MacOSX.platform/Developer/SDKs/MacOSX26.1.sdk/usr/include/Spatial/SPSize3D.h
/Applications/Xcode.app/Contents/Developer/Platforms/MacOSX.platform/Developer/SDKs/MacOSX26.1.sdk/usr/include/Spatial/SPSize3DFloat.h
/Applications/Xcode.app/Contents/Developer/Platforms/MacOSX.platform/Developer/SDKs/MacOSX26.1.sdk/usr/include/Spatial/SPPose3D.h
/Applications/Xcode.app/Contents/Developer/Platforms/MacOSX.platform/Developer/SDKs/MacOSX26.1.sdk/usr/include/Spatial/SPPose3DFloat.h
/Applications/Xcode.app/Contents/Developer/Platforms/MacOSX.platform/Developer/SDKs/MacOSX26.1.sdk/usr/include/Spatial/SPScaledPose3D.h
/Applications/Xcode.app/Contents/Developer/Platforms/MacOSX.platform/Developer/SDKs/MacOSX26.1.sdk/usr/include/Spatial/SPScaledPose3DFloat.h
/Applications/Xcode.app/Contents/Developer/Platforms/MacOSX.platform/Developer/SDKs/MacOSX26.1.sdk/usr/include/Spatial/SPSphericalCoordinates3D.h
/Applications/Xcode.app/Contents/Developer/Platforms/MacOSX.platform/Developer/SDKs/MacOSX26.1.sdk/usr/include/Spatial/SPSphericalCoordinates3DFloat.h
/Applications/Xcode.app/Contents/Developer/Platforms/MacOSX.platform/Developer/SDKs/MacOSX26.1.sdk/usr/include/Spatial/SpatialTypeConversion.h
/Applications/Xcode.app/Contents/Developer/Platforms/MacOSX.platform/Developer/SDKs/MacOSX26.1.sdk/SDKSettings.json
/Applications/Xcode.app/Contents/Developer/Toolchains/XcodeDefault.xctoolchain/usr/lib/swift/macosx/prebuilt-modules/26.1/Spatial.swiftmodule/arm64e-apple-macos.swiftmodule
/Applications/Xcode.app/Contents/Developer/Toolchains/XcodeDefault.xctoolchain/usr/lib/swift/macosx/prebuilt-modules/26.1/Swift.swiftmodule/arm64e-apple-macos.swiftmodule
/Applications/Xcode.app/Contents/Developer/Toolchains/XcodeDefault.xctoolchain/usr/lib/swift/macosx/prebuilt-modules/26.1/SwiftData.swiftmodule/arm64e-apple-macos.swiftmodule
/Users/rogerlin/Library/Developer/Xcode/DerivedData/FinancialCalculatorKit-ackorybalcxbfocbkqsfdzcfkgmn/Build/Products/Debug/SwiftDraw.swiftmodule/arm64-apple-macos.swiftmodule
/Users/rogerlin/Library/Developer/Xcode/DerivedData/FinancialCalculatorKit-ackorybalcxbfocbkqsfdzcfkgmn/Build/Products/Debug/SwiftDrawDOM.swiftmodule/arm64-apple-macos.swiftmodule
/Applications/Xcode.app/Contents/Developer/Toolchains/XcodeDefault.xctoolchain/usr/lib/swift/macosx/prebuilt-modules/26.1/SwiftOnoneSupport.swiftmodule/arm64e-apple-macos.swiftmodule
/Applications/Xcode.app/Contents/Developer/Platforms/MacOSX.platform/Developer/SDKs/MacOSX26.1.sdk/usr/lib/swift/shims/module.modulemap
/Applications/Xcode.app/Contents/Developer/Platforms/MacOSX.platform/Developer/SDKs/MacOSX26.1.sdk/usr/lib/swift/shims/AssertionReporting.h
/Applications/Xcode.app/Contents/Developer/Platforms/MacOSX.platform/Developer/SDKs/MacOSX26.1.sdk/usr/lib/swift/shims/SwiftStdint.h
/Applications/Xcode.app/Contents/Developer/Platforms/MacOSX.platform/Developer/SDKs/MacOSX26.1.sdk/usr/lib/swift/shims/Visibility.h
/Applications/Xcode.app/Contents/Developer/Platforms/MacOSX.platform/Developer/SDKs/MacOSX26.1.sdk/usr/lib/swift/shims/CoreFoundationShims.h
/Applications/Xcode.app/Contents/Developer/Platforms/MacOSX.platform/Developer/SDKs/MacOSX26.1.sdk/usr/lib/swift/shims/ObjCShims.h
/Applications/Xcode.app/Contents/Developer/Platforms/MacOSX.platform/Developer/SDKs/MacOSX26.1.sdk/usr/lib/swift/shims/EmbeddedShims.h
/Applications/Xcode.app/Contents/Developer/Platforms/MacOSX.platform/Developer/SDKs/MacOSX26.1.sdk/usr/lib/swift/shims/SwiftStddef.h
/Applications/Xcode.app/Contents/Developer/Platforms/MacOSX.platform/Developer/SDKs/MacOSX26.1.sdk/usr/lib/swift/shims/FoundationShims.h
/Applications/Xcode.app/Contents/Developer/Platforms/MacOSX.platform/Developer/SDKs/MacOSX26.1.sdk/usr/lib/swift/shims/GlobalObjects.h
/Applications/Xcode.app/Contents/Developer/Platforms/MacOSX.platform/Developer/SDKs/MacOSX26.1.sdk/usr/lib/swift/shims/SwiftStdbool.h
/Applications/Xcode.app/Contents/Developer/Platforms/MacOSX.platform/Developer/SDKs/MacOSX26.1.sdk/usr/lib/swift/shims/HeapObject.h
/Applications/Xcode.app/Contents/Developer/Platforms/MacOSX.platform/Developer/SDKs/MacOSX26.1.sdk/usr/lib/swift/shims/RefCount.h
/Applications/Xcode.app/Contents/Developer/Platforms/MacOSX.platform/Developer/SDKs/MacOSX26.1.sdk/usr/lib/swift/shims/System.h
/Applications/Xcode.app/Contents/Developer/Platforms/MacOSX.platform/Developer/SDKs/MacOSX26.1.sdk/usr/lib/swift/shims/Target.h
/Applications/Xcode.app/Contents/Developer/Platforms/MacOSX.platform/Developer/SDKs/MacOSX26.1.sdk/usr/lib/swift/shims/KeyPath.h
/Applications/Xcode.app/Contents/Developer/Platforms/MacOSX.platform/Developer/SDKs/MacOSX26.1.sdk/usr/lib/swift/shims/LibcShims.h
/Applications/Xcode.app/Contents/Developer/Platforms/MacOSX.platform/Developer/SDKs/MacOSX26.1.sdk/usr/lib/swift/shims/MetadataSections.h
/Applications/Xcode.app/Contents/Developer/Platforms/MacOSX.platform/Developer/SDKs/MacOSX26.1.sdk/usr/lib/swift/shims/Random.h
/Applications/Xcode.app/Contents/Developer/Platforms/MacOSX.platform/Developer/SDKs/MacOSX26.1.sdk/usr/lib/swift/shims/Reflection.h
/Applications/Xcode.app/Contents/Developer/Platforms/MacOSX.platform/Developer/SDKs/MacOSX26.1.sdk/usr/lib/swift/shims/RuntimeShims.h
/Applications/Xcode.app/Contents/Developer/Platforms/MacOSX.platform/Developer/SDKs/MacOSX26.1.sdk/usr/lib/swift/shims/RuntimeStubs.h
/Applications/Xcode.app/Contents/Developer/Platforms/MacOSX.platform/Developer/SDKs/MacOSX26.1.sdk/usr/lib/swift/shims/ThreadLocalStorage.h
/Applications/Xcode.app/Contents/Developer/Platforms/MacOSX.platform/Developer/SDKs/MacOSX26.1.sdk/usr/lib/swift/shims/UnicodeData.h
/Applications/Xcode.app/Contents/Developer/Platforms/MacOSX.platform/Developer/SDKs/MacOSX26.1.sdk/SDKSettings.json
/Applications/Xcode.app/Contents/Developer/Toolchains/XcodeDefault.xctoolchain/usr/lib/swift/macosx/prebuilt-modules/26.1/SwiftUI.swiftmodule/arm64e-apple-macos.swiftmodule
/Applications/Xcode.app/Contents/Developer/Platforms/MacOSX.platform/Developer/SDKs/MacOSX26.1.sdk/System/Library/Frameworks/SwiftUI.framework/Modules/module.modulemap
/Applications/Xcode.app/Contents/Developer/Platforms/MacOSX.platform/Developer/SDKs/MacOSX26.1.sdk/System/Library/Frameworks/SwiftUI.framework/Headers/SwiftUI.h
/Applications/Xcode.app/Contents/Developer/Platforms/MacOSX.platform/Developer/SDKs/MacOSX26.1.sdk/usr/include/DarwinFoundation1.modulemap
/Applications/Xcode.app/Contents/Developer/Platforms/MacOSX.platform/Developer/SDKs/MacOSX26.1.sdk/System/Library/Frameworks/AppKit.framework/Modules/module.modulemap
/Applications/Xcode.app/Contents/Developer/Platforms/MacOSX.platform/Developer/SDKs/MacOSX26.1.sdk/SDKSettings.json
/Applications/Xcode.app/Contents/Developer/Toolchains/XcodeDefault.xctoolchain/usr/lib/swift/macosx/prebuilt-modules/26.1/SwiftUICore.swiftmodule/arm64e-apple-macos.swiftmodule
/Applications/Xcode.app/Contents/Developer/Platforms/MacOSX.platform/Developer/SDKs/MacOSX26.1.sdk/System/Library/Frameworks/SwiftUICore.framework/Modules/module.modulemap
/Applications/Xcode.app/Contents/Developer/Platforms/MacOSX.platform/Developer/SDKs/MacOSX26.1.sdk/System/Library/Frameworks/SwiftUICore.framework/Headers/SwiftUICore.h
/Applications/Xcode.app/Contents/Developer/Platforms/MacOSX.platform/Developer/SDKs/MacOSX26.1.sdk/usr/include/DarwinFoundation1.modulemap
/Applications/Xcode.app/Contents/Developer/Platforms/MacOSX.platform/Developer/SDKs/MacOSX26.1.sdk/System/Library/Frameworks/Foundation.framework/Modules/module.modulemap
/Applications/Xcode.app/Contents/Developer/Platforms/MacOSX.platform/Developer/SDKs/MacOSX26.1.sdk/System/Library/Frameworks/CoreGraphics.framework/Modules/module.modulemap
/Applications/Xcode.app/Contents/Developer/Platforms/MacOSX.platform/Developer/SDKs/MacOSX26.1.sdk/System/Library/Frameworks/CoreText.framework/Modules/module.modulemap
/Applications/Xcode.app/Contents/Developer/Platforms/MacOSX.platform/Developer/SDKs/MacOSX26.1.sdk/System/Library/Frameworks/QuartzCore.framework/Modules/module.modulemap
/Applications/Xcode.app/Contents/Developer/Platforms/MacOSX.platform/Developer/SDKs/MacOSX26.1.sdk/SDKSettings.json
/Applications/Xcode.app/Contents/Developer/Platforms/MacOSX.platform/Developer/SDKs/MacOSX26.1.sdk/System/Library/Frameworks/Symbols.framework/Modules/module.modulemap
/Applications/Xcode.app/Contents/Developer/Platforms/MacOSX.platform/Developer/SDKs/MacOSX26.1.sdk/System/Library/Frameworks/Symbols.framework/Headers/Symbols.h
/Applications/Xcode.app/Contents/Developer/Platforms/MacOSX.platform/Developer/SDKs/MacOSX26.1.sdk/System/Library/Frameworks/Foundation.framework/Modules/module.modulemap
/Applications/Xcode.app/Contents/Developer/Platforms/MacOSX.platform/Developer/SDKs/MacOSX26.1.sdk/System/Library/Frameworks/Symbols.framework/Headers/NSSymbolEffect.h
/Applications/Xcode.app/Contents/Developer/Platforms/MacOSX.platform/Developer/SDKs/MacOSX26.1.sdk/SDKSettings.json
/Applications/Xcode.app/Contents/Developer/Toolchains/XcodeDefault.xctoolchain/usr/lib/swift/macosx/prebuilt-modules/26.1/Symbols.swiftmodule/arm64e-apple-macos.swiftmodule
/Applications/Xcode.app/Contents/Developer/Toolchains/XcodeDefault.xctoolchain/usr/lib/swift/macosx/prebuilt-modules/26.1/System.swiftmodule/arm64e-apple-macos.swiftmodule
/Applications/Xcode.app/Contents/Developer/Platforms/MacOSX.platform/Developer/SDKs/MacOSX26.1.sdk/System/Library/Frameworks/UniformTypeIdentifiers.framework/Headers/UniformTypeIdentifiers.apinotes
/Applications/Xcode.app/Contents/Developer/Platforms/MacOSX.platform/Developer/SDKs/MacOSX26.1.sdk/System/Library/Frameworks/UniformTypeIdentifiers.framework/Modules/module.modulemap
/Applications/Xcode.app/Contents/Developer/Platforms/MacOSX.platform/Developer/SDKs/MacOSX26.1.sdk/System/Library/Frameworks/UniformTypeIdentifiers.framework/Headers/UniformTypeIdentifiers.h
/Applications/Xcode.app/Contents/Developer/Platforms/MacOSX.platform/Developer/SDKs/MacOSX26.1.sdk/System/Library/Frameworks/UniformTypeIdentifiers.framework/Headers/UTDefines.h
/Applications/Xcode.app/Contents/Developer/Platforms/MacOSX.platform/Developer/SDKs/MacOSX26.1.sdk/usr/include/DarwinFoundation1.modulemap
/Applications/Xcode.app/Contents/Developer/Platforms/MacOSX.platform/Developer/SDKs/MacOSX26.1.sdk/System/Library/Frameworks/UniformTypeIdentifiers.framework/Headers/UTTagClass.h
/Applications/Xcode.app/Contents/Developer/Platforms/MacOSX.platform/Developer/SDKs/MacOSX26.1.sdk/System/Library/Frameworks/Foundation.framework/Modules/module.modulemap
/Applications/Xcode.app/Contents/Developer/Platforms/MacOSX.platform/Developer/SDKs/MacOSX26.1.sdk/System/Library/Frameworks/UniformTypeIdentifiers.framework/Headers/UTType.h
/Applications/Xcode.app/Contents/Developer/Platforms/MacOSX.platform/Developer/SDKs/MacOSX26.1.sdk/System/Library/Frameworks/UniformTypeIdentifiers.framework/Headers/UTCoreTypes.h
/Applications/Xcode.app/Contents/Developer/Platforms/MacOSX.platform/Developer/SDKs/MacOSX26.1.sdk/System/Library/Frameworks/UniformTypeIdentifiers.framework/Headers/UTAdditions.h
/Applications/Xcode.app/Contents/Developer/Platforms/MacOSX.platform/Developer/SDKs/MacOSX26.1.sdk/System/Library/Frameworks/UniformTypeIdentifiers.framework/Headers/NSItemProvider+UTType.h
/Applications/Xcode.app/Contents/Developer/Platforms/MacOSX.platform/Developer/SDKs/MacOSX26.1.sdk/SDKSettings.json
/Applications/Xcode.app/Contents/Developer/Toolchains/XcodeDefault.xctoolchain/usr/lib/swift/macosx/prebuilt-modules/26.1/UniformTypeIdentifiers.swiftmodule/arm64e-apple-macos.swiftmodule
/Users/rogerlin/Library/Developer/Xcode/DerivedData/FinancialCalculatorKit-ackorybalcxbfocbkqsfdzcfkgmn/Build/Products/Debug/XCTestDynamicOverlay.swiftmodule/arm64-apple-macos.swiftmodule
/Applications/Xcode.app/Contents/Developer/Platforms/MacOSX.platform/Developer/SDKs/MacOSX26.1.sdk/usr/include/XPC.apinotes
/Applications/Xcode.app/Contents/Developer/Platforms/MacOSX.platform/Developer/SDKs/MacOSX26.1.sdk/usr/include/launch.modulemap
/Applications/Xcode.app/Contents/Developer/Platforms/MacOSX.platform/Developer/SDKs/MacOSX26.1.sdk/usr/include/xpc.modulemap
/Applications/Xcode.app/Contents/Developer/Platforms/MacOSX.platform/Developer/SDKs/MacOSX26.1.sdk/usr/include/dispatch.modulemap
/Applications/Xcode.app/Contents/Developer/Platforms/MacOSX.platform/Developer/SDKs/MacOSX26.1.sdk/usr/include/os.modulemap
/Applications/Xcode.app/Contents/Developer/Platforms/MacOSX.platform/Developer/SDKs/MacOSX26.1.sdk/usr/include/Darwin.modulemap
/Applications/Xcode.app/Contents/Developer/Platforms/MacOSX.platform/Developer/SDKs/MacOSX26.1.sdk/usr/include/Darwin_C.modulemap
/Applications/Xcode.app/Contents/Developer/Platforms/MacOSX.platform/Developer/SDKs/MacOSX26.1.sdk/usr/include/Darwin_POSIX.modulemap
/Applications/Xcode.app/Contents/Developer/Platforms/MacOSX.platform/Developer/SDKs/MacOSX26.1.sdk/usr/include/net.modulemap
/Applications/Xcode.app/Contents/Developer/Platforms/MacOSX.platform/Developer/SDKs/MacOSX26.1.sdk/usr/include/netinet.modulemap
/Applications/Xcode.app/Contents/Developer/Platforms/MacOSX.platform/Developer/SDKs/MacOSX26.1.sdk/usr/include/bank.modulemap
/Applications/Xcode.app/Contents/Developer/Platforms/MacOSX.platform/Developer/SDKs/MacOSX26.1.sdk/usr/include/Darwin_Mach.modulemap
/Applications/Xcode.app/Contents/Developer/Platforms/MacOSX.platform/Developer/SDKs/MacOSX26.1.sdk/usr/include/Darwin_Mach_machine.modulemap
/Applications/Xcode.app/Contents/Developer/Platforms/MacOSX.platform/Developer/SDKs/MacOSX26.1.sdk/usr/include/mach_debug.modulemap
/Applications/Xcode.app/Contents/Developer/Platforms/MacOSX.platform/Developer/SDKs/MacOSX26.1.sdk/usr/include/device.modulemap
/Applications/Xcode.app/Contents/Developer/Platforms/MacOSX.platform/Developer/SDKs/MacOSX26.1.sdk/usr/include/Darwin_machine.modulemap
/Applications/Xcode.app/Contents/Developer/Platforms/MacOSX.platform/Developer/SDKs/MacOSX26.1.sdk/usr/include/ncurses.modulemap
/Applications/Xcode.app/Contents/Developer/Platforms/MacOSX.platform/Developer/SDKs/MacOSX26.1.sdk/usr/include/netinet6.modulemap
/Applications/Xcode.app/Contents/Developer/Platforms/MacOSX.platform/Developer/SDKs/MacOSX26.1.sdk/usr/include/Darwin_sys.modulemap
/Applications/Xcode.app/Contents/Developer/Platforms/MacOSX.platform/Developer/SDKs/MacOSX26.1.sdk/usr/include/uuid.modulemap
/Applications/Xcode.app/Contents/Developer/Platforms/MacOSX.platform/Developer/SDKs/MacOSX26.1.sdk/usr/include/DarwinFoundation2.modulemap
/Applications/Xcode.app/Contents/Developer/Platforms/MacOSX.platform/Developer/SDKs/MacOSX26.1.sdk/usr/include/DarwinFoundation3.modulemap
/Applications/Xcode.app/Contents/Developer/Platforms/MacOSX.platform/Developer/SDKs/MacOSX26.1.sdk/usr/include/DarwinFoundation1.modulemap
/Applications/Xcode.app/Contents/Developer/Platforms/MacOSX.platform/Developer/SDKs/MacOSX26.1.sdk/usr/include/xpc/xpc.h
/Applications/Xcode.app/Contents/Developer/Toolchains/XcodeDefault.xctoolchain/usr/lib/swift/clang/include/module.modulemap
/Applications/Xcode.app/Contents/Developer/Toolchains/XcodeDefault.xctoolchain/usr/lib/swift/clang/include/stdarg.h
/Applications/Xcode.app/Contents/Developer/Platforms/MacOSX.platform/Developer/SDKs/MacOSX26.1.sdk/usr/include/stdlib.h
/Applications/Xcode.app/Contents/Developer/Platforms/MacOSX.platform/Developer/SDKs/MacOSX26.1.sdk/usr/include/stdio.h
/Applications/Xcode.app/Contents/Developer/Platforms/MacOSX.platform/Developer/SDKs/MacOSX26.1.sdk/usr/include/string.h
/Applications/Xcode.app/Contents/Developer/Platforms/MacOSX.platform/Developer/SDKs/MacOSX26.1.sdk/usr/include/xpc/base.h
/Applications/Xcode.app/Contents/Developer/Platforms/MacOSX.platform/Developer/SDKs/MacOSX26.1.sdk/usr/include/xpc/availability.h
/Applications/Xcode.app/Contents/Developer/Platforms/MacOSX.platform/Developer/SDKs/MacOSX26.1.sdk/usr/include/xpc/endpoint.h
/Applications/Xcode.app/Contents/Developer/Platforms/MacOSX.platform/Developer/SDKs/MacOSX26.1.sdk/usr/include/xpc/debug.h
/Applications/Xcode.app/Contents/Developer/Platforms/MacOSX.platform/Developer/SDKs/MacOSX26.1.sdk/usr/include/xpc/activity.h
/Applications/Xcode.app/Contents/Developer/Platforms/MacOSX.platform/Developer/SDKs/MacOSX26.1.sdk/usr/include/xpc/peer_requirement.h
/Applications/Xcode.app/Contents/Developer/Platforms/MacOSX.platform/Developer/SDKs/MacOSX26.1.sdk/usr/include/xpc/connection.h
/Applications/Xcode.app/Contents/Developer/Platforms/MacOSX.platform/Developer/SDKs/MacOSX26.1.sdk/usr/include/xpc/rich_error.h
/Applications/Xcode.app/Contents/Developer/Platforms/MacOSX.platform/Developer/SDKs/MacOSX26.1.sdk/usr/include/xpc/session.h
/Applications/Xcode.app/Contents/Developer/Platforms/MacOSX.platform/Developer/SDKs/MacOSX26.1.sdk/usr/include/xpc/listener.h
/Applications/Xcode.app/Contents/Developer/Platforms/MacOSX.platform/Developer/SDKs/MacOSX26.1.sdk/SDKSettings.json
/Applications/Xcode.app/Contents/Developer/Toolchains/XcodeDefault.xctoolchain/usr/lib/swift/macosx/prebuilt-modules/26.1/XPC.swiftmodule/arm64e-apple-macos.swiftmodule
/Applications/Xcode.app/Contents/Developer/Platforms/MacOSX.platform/Developer/SDKs/MacOSX26.1.sdk/usr/include/DarwinFoundation1.modulemap
/Applications/Xcode.app/Contents/Developer/Platforms/MacOSX.platform/Developer/SDKs/MacOSX26.1.sdk/usr/include/AvailabilityInternal.h
/Applications/Xcode.app/Contents/Developer/Platforms/MacOSX.platform/Developer/SDKs/MacOSX26.1.sdk/usr/include/AvailabilityVersions.h
/Applications/Xcode.app/Contents/Developer/Platforms/MacOSX.platform/Developer/SDKs/MacOSX26.1.sdk/usr/include/AvailabilityInternalLegacy.h
/Applications/Xcode.app/Contents/Developer/Platforms/MacOSX.platform/Developer/SDKs/MacOSX26.1.sdk/SDKSettings.json
/Applications/Xcode.app/Contents/Developer/Toolchains/XcodeDefault.xctoolchain/usr/lib/swift/macosx/prebuilt-modules/26.1/_Builtin_float.swiftmodule/arm64e-apple-macos.swiftmodule
/Applications/Xcode.app/Contents/Developer/Toolchains/XcodeDefault.xctoolchain/usr/lib/swift/clang/include/module.modulemap
/Applications/Xcode.app/Contents/Developer/Toolchains/XcodeDefault.xctoolchain/usr/lib/swift/clang/include/float.h
/Applications/Xcode.app/Contents/Developer/Platforms/MacOSX.platform/Developer/SDKs/MacOSX26.1.sdk/SDKSettings.json
/Applications/Xcode.app/Contents/Developer/Toolchains/XcodeDefault.xctoolchain/usr/lib/swift/clang/include/module.modulemap
/Applications/Xcode.app/Contents/Developer/Toolchains/XcodeDefault.xctoolchain/usr/lib/swift/clang/include/arm_acle.h
/Applications/Xcode.app/Contents/Developer/Toolchains/XcodeDefault.xctoolchain/usr/lib/swift/clang/include/arm_neon.h
/Applications/Xcode.app/Contents/Developer/Toolchains/XcodeDefault.xctoolchain/usr/lib/swift/clang/include/arm_bf16.h
/Applications/Xcode.app/Contents/Developer/Toolchains/XcodeDefault.xctoolchain/usr/lib/swift/clang/include/arm_vector_types.h
/Applications/Xcode.app/Contents/Developer/Toolchains/XcodeDefault.xctoolchain/usr/lib/swift/clang/include/arm_fp16.h
/Applications/Xcode.app/Contents/Developer/Platforms/MacOSX.platform/Developer/SDKs/MacOSX26.1.sdk/SDKSettings.json
/Applications/Xcode.app/Contents/Developer/Toolchains/XcodeDefault.xctoolchain/usr/lib/swift/clang/include/module.modulemap
/Applications/Xcode.app/Contents/Developer/Toolchains/XcodeDefault.xctoolchain/usr/lib/swift/clang/include/inttypes.h
/Applications/Xcode.app/Contents/Developer/Platforms/MacOSX.platform/Developer/SDKs/MacOSX26.1.sdk/usr/include/DarwinFoundation3.modulemap
/Applications/Xcode.app/Contents/Developer/Platforms/MacOSX.platform/Developer/SDKs/MacOSX26.1.sdk/usr/include/inttypes.h
/Applications/Xcode.app/Contents/Developer/Platforms/MacOSX.platform/Developer/SDKs/MacOSX26.1.sdk/SDKSettings.json
/Applications/Xcode.app/Contents/Developer/Toolchains/XcodeDefault.xctoolchain/usr/lib/swift/clang/include/module.modulemap
/Applications/Xcode.app/Contents/Developer/Toolchains/XcodeDefault.xctoolchain/usr/lib/swift/clang/include/limits.h
/Applications/Xcode.app/Contents/Developer/Platforms/MacOSX.platform/Developer/SDKs/MacOSX26.1.sdk/usr/include/DarwinFoundation1.modulemap
/Applications/Xcode.app/Contents/Developer/Platforms/MacOSX.platform/Developer/SDKs/MacOSX26.1.sdk/SDKSettings.json
/Applications/Xcode.app/Contents/Developer/Toolchains/XcodeDefault.xctoolchain/usr/lib/swift/clang/include/module.modulemap
/Applications/Xcode.app/Contents/Developer/Toolchains/XcodeDefault.xctoolchain/usr/lib/swift/clang/include/__stdarg___gnuc_va_list.h
/Applications/Xcode.app/Contents/Developer/Toolchains/XcodeDefault.xctoolchain/usr/lib/swift/clang/include/__stdarg___va_copy.h
/Applications/Xcode.app/Contents/Developer/Toolchains/XcodeDefault.xctoolchain/usr/lib/swift/clang/include/__stdarg_header_macro.h
/Applications/Xcode.app/Contents/Developer/Toolchains/XcodeDefault.xctoolchain/usr/lib/swift/clang/include/__stdarg_va_arg.h
/Applications/Xcode.app/Contents/Developer/Toolchains/XcodeDefault.xctoolchain/usr/lib/swift/clang/include/__stdarg_va_copy.h
/Applications/Xcode.app/Contents/Developer/Toolchains/XcodeDefault.xctoolchain/usr/lib/swift/clang/include/__stdarg_va_list.h
/Applications/Xcode.app/Contents/Developer/Platforms/MacOSX.platform/Developer/SDKs/MacOSX26.1.sdk/SDKSettings.json
/Applications/Xcode.app/Contents/Developer/Toolchains/XcodeDefault.xctoolchain/usr/lib/swift/clang/include/module.modulemap
/Applications/Xcode.app/Contents/Developer/Toolchains/XcodeDefault.xctoolchain/usr/lib/swift/clang/include/stdatomic.h
/Applications/Xcode.app/Contents/Developer/Toolchains/XcodeDefault.xctoolchain/usr/lib/swift/clang/include/stddef.h
/Applications/Xcode.app/Contents/Developer/Platforms/MacOSX.platform/Developer/SDKs/MacOSX26.1.sdk/SDKSettings.json
/Applications/Xcode.app/Contents/Developer/Toolchains/XcodeDefault.xctoolchain/usr/lib/swift/clang/include/module.modulemap
/Applications/Xcode.app/Contents/Developer/Toolchains/XcodeDefault.xctoolchain/usr/lib/swift/clang/include/stdbool.h
/Applications/Xcode.app/Contents/Developer/Platforms/MacOSX.platform/Developer/SDKs/MacOSX26.1.sdk/SDKSettings.json
/Applications/Xcode.app/Contents/Developer/Toolchains/XcodeDefault.xctoolchain/usr/lib/swift/clang/include/module.modulemap
/Applications/Xcode.app/Contents/Developer/Toolchains/XcodeDefault.xctoolchain/usr/lib/swift/clang/include/__stddef_header_macro.h
/Applications/Xcode.app/Contents/Developer/Toolchains/XcodeDefault.xctoolchain/usr/lib/swift/clang/include/__stddef_max_align_t.h
/Applications/Xcode.app/Contents/Developer/Toolchains/XcodeDefault.xctoolchain/usr/lib/swift/clang/include/__stddef_null.h
/Applications/Xcode.app/Contents/Developer/Toolchains/XcodeDefault.xctoolchain/usr/lib/swift/clang/include/__stddef_nullptr_t.h
/Applications/Xcode.app/Contents/Developer/Toolchains/XcodeDefault.xctoolchain/usr/lib/swift/clang/include/__stddef_offsetof.h
/Applications/Xcode.app/Contents/Developer/Toolchains/XcodeDefault.xctoolchain/usr/lib/swift/clang/include/__stddef_ptrdiff_t.h
/Applications/Xcode.app/Contents/Developer/Toolchains/XcodeDefault.xctoolchain/usr/lib/swift/clang/include/__stddef_rsize_t.h
/Applications/Xcode.app/Contents/Developer/Toolchains/XcodeDefault.xctoolchain/usr/lib/swift/clang/include/__stddef_size_t.h
/Applications/Xcode.app/Contents/Developer/Toolchains/XcodeDefault.xctoolchain/usr/lib/swift/clang/include/__stddef_unreachable.h
/Applications/Xcode.app/Contents/Developer/Toolchains/XcodeDefault.xctoolchain/usr/lib/swift/clang/include/__stddef_wchar_t.h
/Applications/Xcode.app/Contents/Developer/Platforms/MacOSX.platform/Developer/SDKs/MacOSX26.1.sdk/SDKSettings.json
/Applications/Xcode.app/Contents/Developer/Toolchains/XcodeDefault.xctoolchain/usr/lib/swift/clang/include/module.modulemap
/Applications/Xcode.app/Contents/Developer/Toolchains/XcodeDefault.xctoolchain/usr/lib/swift/clang/include/stdint.h
/Applications/Xcode.app/Contents/Developer/Platforms/MacOSX.platform/Developer/SDKs/MacOSX26.1.sdk/usr/include/DarwinFoundation2.modulemap
/Applications/Xcode.app/Contents/Developer/Platforms/MacOSX.platform/Developer/SDKs/MacOSX26.1.sdk/SDKSettings.json
/Applications/Xcode.app/Contents/Developer/Toolchains/XcodeDefault.xctoolchain/usr/lib/swift/clang/include/module.modulemap
/Applications/Xcode.app/Contents/Developer/Toolchains/XcodeDefault.xctoolchain/usr/lib/swift/clang/include/tgmath.h
/Applications/Xcode.app/Contents/Developer/Platforms/MacOSX.platform/Developer/SDKs/MacOSX26.1.sdk/usr/include/DarwinFoundation2.modulemap
/Applications/Xcode.app/Contents/Developer/Platforms/MacOSX.platform/Developer/SDKs/MacOSX26.1.sdk/usr/include/DarwinFoundation1.modulemap
/Applications/Xcode.app/Contents/Developer/Platforms/MacOSX.platform/Developer/SDKs/MacOSX26.1.sdk/SDKSettings.json
/Applications/Xcode.app/Contents/Developer/Toolchains/XcodeDefault.xctoolchain/usr/lib/swift/macosx/prebuilt-modules/26.1/_Concurrency.swiftmodule/arm64e-apple-macos.swiftmodule
/Applications/Xcode.app/Contents/Developer/Toolchains/XcodeDefault.xctoolchain/usr/lib/swift/macosx/prebuilt-modules/26.1/_DarwinFoundation1.swiftmodule/arm64e-apple-macos.swiftmodule
/Applications/Xcode.app/Contents/Developer/Platforms/MacOSX.platform/Developer/SDKs/MacOSX26.1.sdk/usr/include/DarwinFoundation1.modulemap
/Applications/Xcode.app/Contents/Developer/Platforms/MacOSX.platform/Developer/SDKs/MacOSX26.1.sdk/usr/include/sys/appleapiopts.h
/Applications/Xcode.app/Contents/Developer/Platforms/MacOSX.platform/Developer/SDKs/MacOSX26.1.sdk/usr/include/os/availability.h
/Applications/Xcode.app/Contents/Developer/Platforms/MacOSX.platform/Developer/SDKs/MacOSX26.1.sdk/usr/include/Availability.h
/Applications/Xcode.app/Contents/Developer/Platforms/MacOSX.platform/Developer/SDKs/MacOSX26.1.sdk/usr/include/AvailabilityMacros.h
/Applications/Xcode.app/Contents/Developer/Platforms/MacOSX.platform/Developer/SDKs/MacOSX26.1.sdk/usr/include/TargetConditionals.h
/Applications/Xcode.app/Contents/Developer/Platforms/MacOSX.platform/Developer/SDKs/MacOSX26.1.sdk/usr/include/_bounds.h
/Applications/Xcode.app/Contents/Developer/Platforms/MacOSX.platform/Developer/SDKs/MacOSX26.1.sdk/usr/include/sys/cdefs.h
/Applications/Xcode.app/Contents/Developer/Platforms/MacOSX.platform/Developer/SDKs/MacOSX26.1.sdk/usr/include/sys/_symbol_aliasing.h
/Applications/Xcode.app/Contents/Developer/Platforms/MacOSX.platform/Developer/SDKs/MacOSX26.1.sdk/usr/include/sys/_posix_availability.h
/Applications/Xcode.app/Contents/Developer/Toolchains/XcodeDefault.xctoolchain/usr/lib/swift/clang/include/module.modulemap
/Applications/Xcode.app/Contents/Developer/Platforms/MacOSX.platform/Developer/SDKs/MacOSX26.1.sdk/usr/include/sys/qos.h
/Applications/Xcode.app/Contents/Developer/Platforms/MacOSX.platform/Developer/SDKs/MacOSX26.1.sdk/usr/include/machine/_endian.h
/Applications/Xcode.app/Contents/Developer/Platforms/MacOSX.platform/Developer/SDKs/MacOSX26.1.sdk/usr/include/arm/_endian.h
/Applications/Xcode.app/Contents/Developer/Platforms/MacOSX.platform/Developer/SDKs/MacOSX26.1.sdk/usr/include/sys/__endian.h
/Applications/Xcode.app/Contents/Developer/Platforms/MacOSX.platform/Developer/SDKs/MacOSX26.1.sdk/usr/include/i386/_endian.h
/Applications/Xcode.app/Contents/Developer/Platforms/MacOSX.platform/Developer/SDKs/MacOSX26.1.sdk/usr/include/__xlocale.h
/Applications/Xcode.app/Contents/Developer/Platforms/MacOSX.platform/Developer/SDKs/MacOSX26.1.sdk/usr/include/_mb_cur_max.h
/Applications/Xcode.app/Contents/Developer/Platforms/MacOSX.platform/Developer/SDKs/MacOSX26.1.sdk/usr/include/_types/_locale_t.h
/Applications/Xcode.app/Contents/Developer/Platforms/MacOSX.platform/Developer/SDKs/MacOSX26.1.sdk/usr/include/sys/_types/_u_char.h
/Applications/Xcode.app/Contents/Developer/Platforms/MacOSX.platform/Developer/SDKs/MacOSX26.1.sdk/usr/include/sys/_types/_u_short.h
/Applications/Xcode.app/Contents/Developer/Platforms/MacOSX.platform/Developer/SDKs/MacOSX26.1.sdk/usr/include/sys/_types/_u_int.h
/Applications/Xcode.app/Contents/Developer/Platforms/MacOSX.platform/Developer/SDKs/MacOSX26.1.sdk/usr/include/sys/_types/_u_int8_t.h
/Applications/Xcode.app/Contents/Developer/Platforms/MacOSX.platform/Developer/SDKs/MacOSX26.1.sdk/usr/include/sys/_types/_u_int16_t.h
/Applications/Xcode.app/Contents/Developer/Platforms/MacOSX.platform/Developer/SDKs/MacOSX26.1.sdk/usr/include/sys/_types/_u_int32_t.h
/Applications/Xcode.app/Contents/Developer/Platforms/MacOSX.platform/Developer/SDKs/MacOSX26.1.sdk/usr/include/sys/_types/_u_int64_t.h
/Applications/Xcode.app/Contents/Developer/Platforms/MacOSX.platform/Developer/SDKs/MacOSX26.1.sdk/usr/include/_assert.h
/Applications/Xcode.app/Contents/Developer/Platforms/MacOSX.platform/Developer/SDKs/MacOSX26.1.sdk/usr/include/_static_assert.h
/Applications/Xcode.app/Contents/Developer/Platforms/MacOSX.platform/Developer/SDKs/MacOSX26.1.sdk/usr/include/complex.h
/Applications/Xcode.app/Contents/Developer/Platforms/MacOSX.platform/Developer/SDKs/MacOSX26.1.sdk/usr/include/errno.h
/Applications/Xcode.app/Contents/Developer/Platforms/MacOSX.platform/Developer/SDKs/MacOSX26.1.sdk/usr/include/sys/errno.h
/Applications/Xcode.app/Contents/Developer/Platforms/MacOSX.platform/Developer/SDKs/MacOSX26.1.sdk/usr/include/sys/_types/_errno_t.h
/Applications/Xcode.app/Contents/Developer/Platforms/MacOSX.platform/Developer/SDKs/MacOSX26.1.sdk/usr/include/fenv.h
/Applications/Xcode.app/Contents/Developer/Platforms/MacOSX.platform/Developer/SDKs/MacOSX26.1.sdk/usr/include/limits.h
/Applications/Xcode.app/Contents/Developer/Platforms/MacOSX.platform/Developer/SDKs/MacOSX26.1.sdk/usr/include/machine/limits.h
/Applications/Xcode.app/Contents/Developer/Platforms/MacOSX.platform/Developer/SDKs/MacOSX26.1.sdk/usr/include/arm/limits.h
/Applications/Xcode.app/Contents/Developer/Platforms/MacOSX.platform/Developer/SDKs/MacOSX26.1.sdk/usr/include/arm/_limits.h
/Applications/Xcode.app/Contents/Developer/Platforms/MacOSX.platform/Developer/SDKs/MacOSX26.1.sdk/usr/include/sys/syslimits.h
/Applications/Xcode.app/Contents/Developer/Platforms/MacOSX.platform/Developer/SDKs/MacOSX26.1.sdk/usr/include/i386/limits.h
/Applications/Xcode.app/Contents/Developer/Platforms/MacOSX.platform/Developer/SDKs/MacOSX26.1.sdk/usr/include/machine/_limits.h
/Applications/Xcode.app/Contents/Developer/Platforms/MacOSX.platform/Developer/SDKs/MacOSX26.1.sdk/usr/include/i386/_limits.h
/Applications/Xcode.app/Contents/Developer/Platforms/MacOSX.platform/Developer/SDKs/MacOSX26.1.sdk/usr/include/math.h
/Applications/Xcode.app/Contents/Developer/Platforms/MacOSX.platform/Developer/SDKs/MacOSX26.1.sdk/usr/include/setjmp.h
/Applications/Xcode.app/Contents/Developer/Platforms/MacOSX.platform/Developer/SDKs/MacOSX26.1.sdk/SDKSettings.json
/Applications/Xcode.app/Contents/Developer/Toolchains/XcodeDefault.xctoolchain/usr/lib/swift/macosx/prebuilt-modules/26.1/_DarwinFoundation2.swiftmodule/arm64e-apple-macos.swiftmodule
/Applications/Xcode.app/Contents/Developer/Platforms/MacOSX.platform/Developer/SDKs/MacOSX26.1.sdk/usr/include/_DarwinFoundation2.apinotes
/Applications/Xcode.app/Contents/Developer/Platforms/MacOSX.platform/Developer/SDKs/MacOSX26.1.sdk/usr/include/DarwinFoundation2.modulemap
/Applications/Xcode.app/Contents/Developer/Platforms/MacOSX.platform/Developer/SDKs/MacOSX26.1.sdk/usr/include/DarwinFoundation1.modulemap
/Applications/Xcode.app/Contents/Developer/Platforms/MacOSX.platform/Developer/SDKs/MacOSX26.1.sdk/usr/include/nl_types.h
/Applications/Xcode.app/Contents/Developer/Platforms/MacOSX.platform/Developer/SDKs/MacOSX26.1.sdk/usr/include/sys/types.h
/Applications/Xcode.app/Contents/Developer/Platforms/MacOSX.platform/Developer/SDKs/MacOSX26.1.sdk/usr/include/machine/types.h
/Applications/Xcode.app/Contents/Developer/Platforms/MacOSX.platform/Developer/SDKs/MacOSX26.1.sdk/usr/include/arm/types.h
/Applications/Xcode.app/Contents/Developer/Platforms/MacOSX.platform/Developer/SDKs/MacOSX26.1.sdk/usr/include/arm/_types.h
/Applications/Xcode.app/Contents/Developer/Platforms/MacOSX.platform/Developer/SDKs/MacOSX26.1.sdk/usr/include/sys/_types/_ptrdiff_t.h
/Applications/Xcode.app/Contents/Developer/Toolchains/XcodeDefault.xctoolchain/usr/lib/swift/clang/include/module.modulemap
/Applications/Xcode.app/Contents/Developer/Toolchains/XcodeDefault.xctoolchain/usr/lib/swift/clang/include/stddef.h
/Applications/Xcode.app/Contents/Developer/Platforms/MacOSX.platform/Developer/SDKs/MacOSX26.1.sdk/usr/include/sys/_types/_size_t.h
/Applications/Xcode.app/Contents/Developer/Platforms/MacOSX.platform/Developer/SDKs/MacOSX26.1.sdk/usr/include/sys/_types/_va_list.h
/Applications/Xcode.app/Contents/Developer/Toolchains/XcodeDefault.xctoolchain/usr/lib/swift/clang/include/stdarg.h
/Applications/Xcode.app/Contents/Developer/Platforms/MacOSX.platform/Developer/SDKs/MacOSX26.1.sdk/usr/include/sys/_types/_wchar_t.h
/Applications/Xcode.app/Contents/Developer/Platforms/MacOSX.platform/Developer/SDKs/MacOSX26.1.sdk/usr/include/sys/_types/_int8_t.h
/Applications/Xcode.app/Contents/Developer/Platforms/MacOSX.platform/Developer/SDKs/MacOSX26.1.sdk/usr/include/sys/_types/_int16_t.h
/Applications/Xcode.app/Contents/Developer/Platforms/MacOSX.platform/Developer/SDKs/MacOSX26.1.sdk/usr/include/sys/_types/_int32_t.h
/Applications/Xcode.app/Contents/Developer/Platforms/MacOSX.platform/Developer/SDKs/MacOSX26.1.sdk/usr/include/sys/_types/_int64_t.h
/Applications/Xcode.app/Contents/Developer/Platforms/MacOSX.platform/Developer/SDKs/MacOSX26.1.sdk/usr/include/sys/_types/_intptr_t.h
/Applications/Xcode.app/Contents/Developer/Platforms/MacOSX.platform/Developer/SDKs/MacOSX26.1.sdk/usr/include/machine/_types.h
/Applications/Xcode.app/Contents/Developer/Platforms/MacOSX.platform/Developer/SDKs/MacOSX26.1.sdk/usr/include/sys/_types/_uintptr_t.h
/Applications/Xcode.app/Contents/Developer/Platforms/MacOSX.platform/Developer/SDKs/MacOSX26.1.sdk/usr/include/sys/_types.h
/Applications/Xcode.app/Contents/Developer/Platforms/MacOSX.platform/Developer/SDKs/MacOSX26.1.sdk/usr/include/sys/_types/_null.h
/Applications/Xcode.app/Contents/Developer/Platforms/MacOSX.platform/Developer/SDKs/MacOSX26.1.sdk/usr/include/sys/_pthread/_pthread_types.h
/Applications/Xcode.app/Contents/Developer/Platforms/MacOSX.platform/Developer/SDKs/MacOSX26.1.sdk/usr/include/machine/endian.h
/Applications/Xcode.app/Contents/Developer/Platforms/MacOSX.platform/Developer/SDKs/MacOSX26.1.sdk/usr/include/arm/endian.h
/Applications/Xcode.app/Contents/Developer/Platforms/MacOSX.platform/Developer/SDKs/MacOSX26.1.sdk/usr/include/sys/_endian.h
/Applications/Xcode.app/Contents/Developer/Platforms/MacOSX.platform/Developer/SDKs/MacOSX26.1.sdk/usr/include/libkern/_OSByteOrder.h
/Applications/Xcode.app/Contents/Developer/Platforms/MacOSX.platform/Developer/SDKs/MacOSX26.1.sdk/usr/include/libkern/arm/_OSByteOrder.h
/Applications/Xcode.app/Contents/Developer/Platforms/MacOSX.platform/Developer/SDKs/MacOSX26.1.sdk/usr/include/sys/_types/_caddr_t.h
/Applications/Xcode.app/Contents/Developer/Platforms/MacOSX.platform/Developer/SDKs/MacOSX26.1.sdk/usr/include/sys/_types/_dev_t.h
/Applications/Xcode.app/Contents/Developer/Platforms/MacOSX.platform/Developer/SDKs/MacOSX26.1.sdk/usr/include/sys/_types/_blkcnt_t.h
/Applications/Xcode.app/Contents/Developer/Platforms/MacOSX.platform/Developer/SDKs/MacOSX26.1.sdk/usr/include/sys/_types/_blksize_t.h
/Applications/Xcode.app/Contents/Developer/Platforms/MacOSX.platform/Developer/SDKs/MacOSX26.1.sdk/usr/include/sys/_types/_gid_t.h
/Applications/Xcode.app/Contents/Developer/Platforms/MacOSX.platform/Developer/SDKs/MacOSX26.1.sdk/usr/include/sys/_types/_in_addr_t.h
/Applications/Xcode.app/Contents/Developer/Platforms/MacOSX.platform/Developer/SDKs/MacOSX26.1.sdk/usr/include/sys/_types/_in_port_t.h
/Applications/Xcode.app/Contents/Developer/Platforms/MacOSX.platform/Developer/SDKs/MacOSX26.1.sdk/usr/include/sys/_types/_ino_t.h
/Applications/Xcode.app/Contents/Developer/Platforms/MacOSX.platform/Developer/SDKs/MacOSX26.1.sdk/usr/include/sys/_types/_ino64_t.h
/Applications/Xcode.app/Contents/Developer/Platforms/MacOSX.platform/Developer/SDKs/MacOSX26.1.sdk/usr/include/sys/_types/_key_t.h
/Applications/Xcode.app/Contents/Developer/Platforms/MacOSX.platform/Developer/SDKs/MacOSX26.1.sdk/usr/include/sys/_types/_mode_t.h
/Applications/Xcode.app/Contents/Developer/Platforms/MacOSX.platform/Developer/SDKs/MacOSX26.1.sdk/usr/include/sys/_types/_nlink_t.h
/Applications/Xcode.app/Contents/Developer/Platforms/MacOSX.platform/Developer/SDKs/MacOSX26.1.sdk/usr/include/sys/_types/_id_t.h
/Applications/Xcode.app/Contents/Developer/Platforms/MacOSX.platform/Developer/SDKs/MacOSX26.1.sdk/usr/include/sys/_types/_pid_t.h
/Applications/Xcode.app/Contents/Developer/Platforms/MacOSX.platform/Developer/SDKs/MacOSX26.1.sdk/usr/include/sys/_types/_off_t.h
/Applications/Xcode.app/Contents/Developer/Platforms/MacOSX.platform/Developer/SDKs/MacOSX26.1.sdk/usr/include/sys/_types/_uid_t.h
/Applications/Xcode.app/Contents/Developer/Platforms/MacOSX.platform/Developer/SDKs/MacOSX26.1.sdk/usr/include/sys/_types/_clock_t.h
/Applications/Xcode.app/Contents/Developer/Platforms/MacOSX.platform/Developer/SDKs/MacOSX26.1.sdk/usr/include/sys/_types/_ssize_t.h
/Applications/Xcode.app/Contents/Developer/Platforms/MacOSX.platform/Developer/SDKs/MacOSX26.1.sdk/usr/include/sys/_types/_time_t.h
/Applications/Xcode.app/Contents/Developer/Platforms/MacOSX.platform/Developer/SDKs/MacOSX26.1.sdk/usr/include/sys/_types/_useconds_t.h
/Applications/Xcode.app/Contents/Developer/Platforms/MacOSX.platform/Developer/SDKs/MacOSX26.1.sdk/usr/include/sys/_types/_suseconds_t.h
/Applications/Xcode.app/Contents/Developer/Platforms/MacOSX.platform/Developer/SDKs/MacOSX26.1.sdk/usr/include/sys/_types/_rsize_t.h
/Applications/Xcode.app/Contents/Developer/Platforms/MacOSX.platform/Developer/SDKs/MacOSX26.1.sdk/usr/include/sys/_types/_fd_def.h
/Applications/Xcode.app/Contents/Developer/Platforms/MacOSX.platform/Developer/SDKs/MacOSX26.1.sdk/usr/include/sys/_types/_fd_setsize.h
/Applications/Xcode.app/Contents/Developer/Platforms/MacOSX.platform/Developer/SDKs/MacOSX26.1.sdk/usr/include/sys/_types/_fd_set.h
/Applications/Xcode.app/Contents/Developer/Platforms/MacOSX.platform/Developer/SDKs/MacOSX26.1.sdk/usr/include/sys/_types/_fd_clr.h
/Applications/Xcode.app/Contents/Developer/Platforms/MacOSX.platform/Developer/SDKs/MacOSX26.1.sdk/usr/include/sys/_types/_fd_zero.h
/Applications/Xcode.app/Contents/Developer/Platforms/MacOSX.platform/Developer/SDKs/MacOSX26.1.sdk/usr/include/sys/_types/_fd_isset.h
/Applications/Xcode.app/Contents/Developer/Platforms/MacOSX.platform/Developer/SDKs/MacOSX26.1.sdk/usr/include/sys/_types/_fd_copy.h
/Applications/Xcode.app/Contents/Developer/Platforms/MacOSX.platform/Developer/SDKs/MacOSX26.1.sdk/usr/include/sys/_pthread/_pthread_attr_t.h
/Applications/Xcode.app/Contents/Developer/Platforms/MacOSX.platform/Developer/SDKs/MacOSX26.1.sdk/usr/include/sys/_pthread/_pthread_cond_t.h
/Applications/Xcode.app/Contents/Developer/Platforms/MacOSX.platform/Developer/SDKs/MacOSX26.1.sdk/usr/include/sys/_pthread/_pthread_condattr_t.h
/Applications/Xcode.app/Contents/Developer/Platforms/MacOSX.platform/Developer/SDKs/MacOSX26.1.sdk/usr/include/sys/_pthread/_pthread_mutex_t.h
/Applications/Xcode.app/Contents/Developer/Platforms/MacOSX.platform/Developer/SDKs/MacOSX26.1.sdk/usr/include/sys/_pthread/_pthread_mutexattr_t.h
/Applications/Xcode.app/Contents/Developer/Platforms/MacOSX.platform/Developer/SDKs/MacOSX26.1.sdk/usr/include/sys/_pthread/_pthread_once_t.h
/Applications/Xcode.app/Contents/Developer/Platforms/MacOSX.platform/Developer/SDKs/MacOSX26.1.sdk/usr/include/sys/_pthread/_pthread_rwlock_t.h
/Applications/Xcode.app/Contents/Developer/Platforms/MacOSX.platform/Developer/SDKs/MacOSX26.1.sdk/usr/include/sys/_pthread/_pthread_rwlockattr_t.h
/Applications/Xcode.app/Contents/Developer/Platforms/MacOSX.platform/Developer/SDKs/MacOSX26.1.sdk/usr/include/sys/_pthread/_pthread_t.h
/Applications/Xcode.app/Contents/Developer/Platforms/MacOSX.platform/Developer/SDKs/MacOSX26.1.sdk/usr/include/sys/_pthread/_pthread_key_t.h
/Applications/Xcode.app/Contents/Developer/Platforms/MacOSX.platform/Developer/SDKs/MacOSX26.1.sdk/usr/include/sys/_types/_fsblkcnt_t.h
/Applications/Xcode.app/Contents/Developer/Platforms/MacOSX.platform/Developer/SDKs/MacOSX26.1.sdk/usr/include/sys/_types/_fsfilcnt_t.h
/Applications/Xcode.app/Contents/Developer/Platforms/MacOSX.platform/Developer/SDKs/MacOSX26.1.sdk/usr/include/_types.h
/Applications/Xcode.app/Contents/Developer/Platforms/MacOSX.platform/Developer/SDKs/MacOSX26.1.sdk/usr/include/_types/_nl_item.h
/Applications/Xcode.app/Contents/Developer/Platforms/MacOSX.platform/Developer/SDKs/MacOSX26.1.sdk/usr/include/runetype.h
/Applications/Xcode.app/Contents/Developer/Platforms/MacOSX.platform/Developer/SDKs/MacOSX26.1.sdk/usr/include/sys/_types/_ct_rune_t.h
/Applications/Xcode.app/Contents/Developer/Platforms/MacOSX.platform/Developer/SDKs/MacOSX26.1.sdk/usr/include/sys/_types/_rune_t.h
/Applications/Xcode.app/Contents/Developer/Platforms/MacOSX.platform/Developer/SDKs/MacOSX26.1.sdk/usr/include/sys/_types/_wint_t.h
/Applications/Xcode.app/Contents/Developer/Platforms/MacOSX.platform/Developer/SDKs/MacOSX26.1.sdk/usr/include/alloca.h
/Applications/Xcode.app/Contents/Developer/Platforms/MacOSX.platform/Developer/SDKs/MacOSX26.1.sdk/usr/include/i386/endian.h
/Applications/Xcode.app/Contents/Developer/Platforms/MacOSX.platform/Developer/SDKs/MacOSX26.1.sdk/usr/include/libkern/i386/_OSByteOrder.h
/Applications/Xcode.app/Contents/Developer/Platforms/MacOSX.platform/Developer/SDKs/MacOSX26.1.sdk/usr/include/secure/_common.h
/Applications/Xcode.app/Contents/Developer/Platforms/MacOSX.platform/Developer/SDKs/MacOSX26.1.sdk/usr/include/sys/_types/_mach_port_t.h
/Applications/Xcode.app/Contents/Developer/Platforms/MacOSX.platform/Developer/SDKs/MacOSX26.1.sdk/usr/include/sys/_types/_offsetof.h
/Applications/Xcode.app/Contents/Developer/Platforms/MacOSX.platform/Developer/SDKs/MacOSX26.1.sdk/usr/include/_strings.h
/Applications/Xcode.app/Contents/Developer/Platforms/MacOSX.platform/Developer/SDKs/MacOSX26.1.sdk/usr/include/secure/_strings.h
/Applications/Xcode.app/Contents/Developer/Platforms/MacOSX.platform/Developer/SDKs/MacOSX26.1.sdk/usr/include/sys/_types/_timeval.h
/Applications/Xcode.app/Contents/Developer/Platforms/MacOSX.platform/Developer/SDKs/MacOSX26.1.sdk/usr/include/sys/_types/_uuid_t.h
/Applications/Xcode.app/Contents/Developer/Platforms/MacOSX.platform/Developer/SDKs/MacOSX26.1.sdk/usr/include/i386/types.h
/Applications/Xcode.app/Contents/Developer/Platforms/MacOSX.platform/Developer/SDKs/MacOSX26.1.sdk/usr/include/i386/_types.h
/Applications/Xcode.app/Contents/Developer/Platforms/MacOSX.platform/Developer/SDKs/MacOSX26.1.sdk/usr/include/_ctype.h
/Applications/Xcode.app/Contents/Developer/Platforms/MacOSX.platform/Developer/SDKs/MacOSX26.1.sdk/usr/include/xlocale/_ctype.h
/Applications/Xcode.app/Contents/Developer/Platforms/MacOSX.platform/Developer/SDKs/MacOSX26.1.sdk/usr/include/locale.h
/Applications/Xcode.app/Contents/Developer/Platforms/MacOSX.platform/Developer/SDKs/MacOSX26.1.sdk/usr/include/_locale.h
/Applications/Xcode.app/Contents/Developer/Platforms/MacOSX.platform/Developer/SDKs/MacOSX26.1.sdk/usr/include/_locale_posix2008.h
/Applications/Xcode.app/Contents/Developer/Platforms/MacOSX.platform/Developer/SDKs/MacOSX26.1.sdk/usr/include/stdint.h
/Applications/Xcode.app/Contents/Developer/Platforms/MacOSX.platform/Developer/SDKs/MacOSX26.1.sdk/usr/include/_types/_uint8_t.h
/Applications/Xcode.app/Contents/Developer/Platforms/MacOSX.platform/Developer/SDKs/MacOSX26.1.sdk/usr/include/_types/_uint16_t.h
/Applications/Xcode.app/Contents/Developer/Platforms/MacOSX.platform/Developer/SDKs/MacOSX26.1.sdk/usr/include/_types/_uint32_t.h
/Applications/Xcode.app/Contents/Developer/Platforms/MacOSX.platform/Developer/SDKs/MacOSX26.1.sdk/usr/include/_types/_uint64_t.h
/Applications/Xcode.app/Contents/Developer/Platforms/MacOSX.platform/Developer/SDKs/MacOSX26.1.sdk/usr/include/_types/_intmax_t.h
/Applications/Xcode.app/Contents/Developer/Platforms/MacOSX.platform/Developer/SDKs/MacOSX26.1.sdk/usr/include/_types/_uintmax_t.h
/Applications/Xcode.app/Contents/Developer/Platforms/MacOSX.platform/Developer/SDKs/MacOSX26.1.sdk/usr/include/_stdio.h
/Applications/Xcode.app/Contents/Developer/Platforms/MacOSX.platform/Developer/SDKs/MacOSX26.1.sdk/usr/include/sys/stdio.h
/Applications/Xcode.app/Contents/Developer/Platforms/MacOSX.platform/Developer/SDKs/MacOSX26.1.sdk/usr/include/_printf.h
/Applications/Xcode.app/Contents/Developer/Platforms/MacOSX.platform/Developer/SDKs/MacOSX26.1.sdk/usr/include/sys/_types/_seek_set.h
/Applications/Xcode.app/Contents/Developer/Platforms/MacOSX.platform/Developer/SDKs/MacOSX26.1.sdk/usr/include/_ctermid.h
/Applications/Xcode.app/Contents/Developer/Platforms/MacOSX.platform/Developer/SDKs/MacOSX26.1.sdk/usr/include/secure/_stdio.h
/Applications/Xcode.app/Contents/Developer/Platforms/MacOSX.platform/Developer/SDKs/MacOSX26.1.sdk/usr/include/xlocale/_stdio.h
/Applications/Xcode.app/Contents/Developer/Platforms/MacOSX.platform/Developer/SDKs/MacOSX26.1.sdk/usr/include/_string.h
/Applications/Xcode.app/Contents/Developer/Platforms/MacOSX.platform/Developer/SDKs/MacOSX26.1.sdk/usr/include/secure/_string.h
/Applications/Xcode.app/Contents/Developer/Platforms/MacOSX.platform/Developer/SDKs/MacOSX26.1.sdk/usr/include/xlocale/_string.h
/Applications/Xcode.app/Contents/Developer/Platforms/MacOSX.platform/Developer/SDKs/MacOSX26.1.sdk/usr/include/tgmath.h
/Applications/Xcode.app/Contents/Developer/Platforms/MacOSX.platform/Developer/SDKs/MacOSX26.1.sdk/usr/include/_time.h
/Applications/Xcode.app/Contents/Developer/Platforms/MacOSX.platform/Developer/SDKs/MacOSX26.1.sdk/usr/include/sys/_types/_timespec.h
/Applications/Xcode.app/Contents/Developer/Platforms/MacOSX.platform/Developer/SDKs/MacOSX26.1.sdk/usr/include/xlocale/_time.h
/Applications/Xcode.app/Contents/Developer/Platforms/MacOSX.platform/Developer/SDKs/MacOSX26.1.sdk/SDKSettings.json
/Applications/Xcode.app/Contents/Developer/Platforms/MacOSX.platform/Developer/SDKs/MacOSX26.1.sdk/usr/include/DarwinFoundation2.modulemap
/Applications/Xcode.app/Contents/Developer/Platforms/MacOSX.platform/Developer/SDKs/MacOSX26.1.sdk/usr/include/DarwinFoundation3.modulemap
/Applications/Xcode.app/Contents/Developer/Platforms/MacOSX.platform/Developer/SDKs/MacOSX26.1.sdk/usr/include/DarwinFoundation1.modulemap
/Applications/Xcode.app/Contents/Developer/Platforms/MacOSX.platform/Developer/SDKs/MacOSX26.1.sdk/usr/include/pthread/pthread.h
/Applications/Xcode.app/Contents/Developer/Platforms/MacOSX.platform/Developer/SDKs/MacOSX26.1.sdk/usr/include/pthread/sched.h
/Applications/Xcode.app/Contents/Developer/Platforms/MacOSX.platform/Developer/SDKs/MacOSX26.1.sdk/usr/include/pthread/pthread_impl.h
/Applications/Xcode.app/Contents/Developer/Platforms/MacOSX.platform/Developer/SDKs/MacOSX26.1.sdk/usr/include/time.h
/Applications/Xcode.app/Contents/Developer/Platforms/MacOSX.platform/Developer/SDKs/MacOSX26.1.sdk/usr/include/pthread/qos.h
/Applications/Xcode.app/Contents/Developer/Platforms/MacOSX.platform/Developer/SDKs/MacOSX26.1.sdk/usr/include/sys/_types/_sigset_t.h
/Applications/Xcode.app/Contents/Developer/Platforms/MacOSX.platform/Developer/SDKs/MacOSX26.1.sdk/usr/include/sys/resource.h
/Applications/Xcode.app/Contents/Developer/Toolchains/XcodeDefault.xctoolchain/usr/lib/swift/clang/include/module.modulemap
/Applications/Xcode.app/Contents/Developer/Platforms/MacOSX.platform/Developer/SDKs/MacOSX26.1.sdk/usr/include/sys/select.h
/Applications/Xcode.app/Contents/Developer/Platforms/MacOSX.platform/Developer/SDKs/MacOSX26.1.sdk/usr/include/sys/_select.h
/Applications/Xcode.app/Contents/Developer/Platforms/MacOSX.platform/Developer/SDKs/MacOSX26.1.sdk/usr/include/sys/wait.h
/Applications/Xcode.app/Contents/Developer/Platforms/MacOSX.platform/Developer/SDKs/MacOSX26.1.sdk/usr/include/sys/signal.h
/Applications/Xcode.app/Contents/Developer/Platforms/MacOSX.platform/Developer/SDKs/MacOSX26.1.sdk/usr/include/machine/signal.h
/Applications/Xcode.app/Contents/Developer/Platforms/MacOSX.platform/Developer/SDKs/MacOSX26.1.sdk/usr/include/arm/signal.h
/Applications/Xcode.app/Contents/Developer/Platforms/MacOSX.platform/Developer/SDKs/MacOSX26.1.sdk/usr/include/machine/_mcontext.h
/Applications/Xcode.app/Contents/Developer/Platforms/MacOSX.platform/Developer/SDKs/MacOSX26.1.sdk/usr/include/arm/_mcontext.h
/Applications/Xcode.app/Contents/Developer/Platforms/MacOSX.platform/Developer/SDKs/MacOSX26.1.sdk/usr/include/mach/machine/_structs.h
/Applications/Xcode.app/Contents/Developer/Platforms/MacOSX.platform/Developer/SDKs/MacOSX26.1.sdk/usr/include/mach/arm/_structs.h
/Applications/Xcode.app/Contents/Developer/Platforms/MacOSX.platform/Developer/SDKs/MacOSX26.1.sdk/usr/include/sys/_types/_sigaltstack.h
/Applications/Xcode.app/Contents/Developer/Platforms/MacOSX.platform/Developer/SDKs/MacOSX26.1.sdk/usr/include/sys/_types/_ucontext.h
/Applications/Xcode.app/Contents/Developer/Platforms/MacOSX.platform/Developer/SDKs/MacOSX26.1.sdk/usr/include/unistd.h
/Applications/Xcode.app/Contents/Developer/Platforms/MacOSX.platform/Developer/SDKs/MacOSX26.1.sdk/usr/include/sys/unistd.h
/Applications/Xcode.app/Contents/Developer/Platforms/MacOSX.platform/Developer/SDKs/MacOSX26.1.sdk/usr/include/sys/_types/_posix_vdisable.h
/Applications/Xcode.app/Contents/Developer/Platforms/MacOSX.platform/Developer/SDKs/MacOSX26.1.sdk/usr/include/gethostuuid.h
/Applications/Xcode.app/Contents/Developer/Platforms/MacOSX.platform/Developer/SDKs/MacOSX26.1.sdk/usr/include/mach/i386/_structs.h
/Applications/Xcode.app/Contents/Developer/Platforms/MacOSX.platform/Developer/SDKs/MacOSX26.1.sdk/usr/include/_inttypes.h
/Applications/Xcode.app/Contents/Developer/Platforms/MacOSX.platform/Developer/SDKs/MacOSX26.1.sdk/usr/include/xlocale/_inttypes.h
/Applications/Xcode.app/Contents/Developer/Toolchains/XcodeDefault.xctoolchain/usr/lib/swift/clang/include/stddef.h
/Applications/Xcode.app/Contents/Developer/Platforms/MacOSX.platform/Developer/SDKs/MacOSX26.1.sdk/usr/include/signal.h
/Applications/Xcode.app/Contents/Developer/Platforms/MacOSX.platform/Developer/SDKs/MacOSX26.1.sdk/usr/include/i386/signal.h
/Applications/Xcode.app/Contents/Developer/Platforms/MacOSX.platform/Developer/SDKs/MacOSX26.1.sdk/usr/include/i386/_mcontext.h
/Applications/Xcode.app/Contents/Developer/Platforms/MacOSX.platform/Developer/SDKs/MacOSX26.1.sdk/usr/include/_stdlib.h
/Applications/Xcode.app/Contents/Developer/Platforms/MacOSX.platform/Developer/SDKs/MacOSX26.1.sdk/usr/include/malloc/_malloc.h
/Applications/Xcode.app/Contents/Developer/Platforms/MacOSX.platform/Developer/SDKs/MacOSX26.1.sdk/usr/include/malloc/_malloc_type.h
/Applications/Xcode.app/Contents/Developer/Platforms/MacOSX.platform/Developer/SDKs/MacOSX26.1.sdk/usr/include/malloc/_ptrcheck.h
/Applications/Xcode.app/Contents/Developer/Platforms/MacOSX.platform/Developer/SDKs/MacOSX26.1.sdk/usr/include/_abort.h
/Applications/Xcode.app/Contents/Developer/Platforms/MacOSX.platform/Developer/SDKs/MacOSX26.1.sdk/usr/include/xlocale/_stdlib.h
/Applications/Xcode.app/Contents/Developer/Platforms/MacOSX.platform/Developer/SDKs/MacOSX26.1.sdk/usr/include/_wchar.h
/Applications/Xcode.app/Contents/Developer/Platforms/MacOSX.platform/Developer/SDKs/MacOSX26.1.sdk/usr/include/sys/_types/_mbstate_t.h
/Applications/Xcode.app/Contents/Developer/Toolchains/XcodeDefault.xctoolchain/usr/lib/swift/clang/include/stdarg.h
/Applications/Xcode.app/Contents/Developer/Platforms/MacOSX.platform/Developer/SDKs/MacOSX26.1.sdk/usr/include/stdio.h
/Applications/Xcode.app/Contents/Developer/Platforms/MacOSX.platform/Developer/SDKs/MacOSX26.1.sdk/usr/include/__wctype.h
/Applications/Xcode.app/Contents/Developer/Platforms/MacOSX.platform/Developer/SDKs/MacOSX26.1.sdk/usr/include/___wctype.h
/Applications/Xcode.app/Contents/Developer/Platforms/MacOSX.platform/Developer/SDKs/MacOSX26.1.sdk/usr/include/_types/_wctype_t.h
/Applications/Xcode.app/Contents/Developer/Platforms/MacOSX.platform/Developer/SDKs/MacOSX26.1.sdk/usr/include/ctype.h
/Applications/Xcode.app/Contents/Developer/Platforms/MacOSX.platform/Developer/SDKs/MacOSX26.1.sdk/usr/include/xlocale/_wchar.h
/Applications/Xcode.app/Contents/Developer/Platforms/MacOSX.platform/Developer/SDKs/MacOSX26.1.sdk/usr/include/_wctype.h
/Applications/Xcode.app/Contents/Developer/Platforms/MacOSX.platform/Developer/SDKs/MacOSX26.1.sdk/usr/include/_types/_wctrans_t.h
/Applications/Xcode.app/Contents/Developer/Platforms/MacOSX.platform/Developer/SDKs/MacOSX26.1.sdk/usr/include/xlocale/_wctype.h
/Applications/Xcode.app/Contents/Developer/Platforms/MacOSX.platform/Developer/SDKs/MacOSX26.1.sdk/usr/include/xlocale/___wctype.h
/Applications/Xcode.app/Contents/Developer/Platforms/MacOSX.platform/Developer/SDKs/MacOSX26.1.sdk/SDKSettings.json
/Applications/Xcode.app/Contents/Developer/Toolchains/XcodeDefault.xctoolchain/usr/lib/swift/macosx/prebuilt-modules/26.1/_DarwinFoundation3.swiftmodule/arm64e-apple-macos.swiftmodule
/Users/rogerlin/Library/Developer/Xcode/DerivedData/FinancialCalculatorKit-ackorybalcxbfocbkqsfdzcfkgmn/SourcePackages/checkouts/swift-numerics/Sources/_NumericsShims/include/module.modulemap
/Users/rogerlin/Library/Developer/Xcode/DerivedData/FinancialCalculatorKit-ackorybalcxbfocbkqsfdzcfkgmn/SourcePackages/checkouts/swift-numerics/Sources/_NumericsShims/include/_NumericsShims.h
/Applications/Xcode.app/Contents/Developer/Platforms/MacOSX.platform/Developer/SDKs/MacOSX26.1.sdk/SDKSettings.json
/Applications/Xcode.app/Contents/Developer/Toolchains/XcodeDefault.xctoolchain/usr/lib/swift/macosx/prebuilt-modules/26.1/_StringProcessing.swiftmodule/arm64e-apple-macos.swiftmodule
/Applications/Xcode.app/Contents/Developer/Platforms/MacOSX.platform/Developer/SDKs/MacOSX26.1.sdk/usr/lib/swift/shims/module.modulemap
/Applications/Xcode.app/Contents/Developer/Platforms/MacOSX.platform/Developer/SDKs/MacOSX26.1.sdk/usr/lib/swift/shims/_SwiftConcurrency.h
/Applications/Xcode.app/Contents/Developer/Platforms/MacOSX.platform/Developer/SDKs/MacOSX26.1.sdk/SDKSettings.json
/Applications/Xcode.app/Contents/Developer/Toolchains/XcodeDefault.xctoolchain/usr/lib/swift/macosx/prebuilt-modules/26.1/_SwiftData_SwiftUI.swiftmodule/arm64e-apple-macos.swiftmodule
/Applications/Xcode.app/Contents/Developer/Platforms/MacOSX.platform/Developer/SDKs/MacOSX26.1.sdk/usr/include/launch.modulemap
/Applications/Xcode.app/Contents/Developer/Platforms/MacOSX.platform/Developer/SDKs/MacOSX26.1.sdk/usr/include/Darwin.modulemap
/Applications/Xcode.app/Contents/Developer/Platforms/MacOSX.platform/Developer/SDKs/MacOSX26.1.sdk/usr/include/Darwin_C.modulemap
/Applications/Xcode.app/Contents/Developer/Platforms/MacOSX.platform/Developer/SDKs/MacOSX26.1.sdk/usr/include/Darwin_POSIX.modulemap
/Applications/Xcode.app/Contents/Developer/Platforms/MacOSX.platform/Developer/SDKs/MacOSX26.1.sdk/usr/include/net.modulemap
/Applications/Xcode.app/Contents/Developer/Platforms/MacOSX.platform/Developer/SDKs/MacOSX26.1.sdk/usr/include/netinet.modulemap
/Applications/Xcode.app/Contents/Developer/Platforms/MacOSX.platform/Developer/SDKs/MacOSX26.1.sdk/usr/include/bank.modulemap
/Applications/Xcode.app/Contents/Developer/Platforms/MacOSX.platform/Developer/SDKs/MacOSX26.1.sdk/usr/include/Darwin_Mach.modulemap
/Applications/Xcode.app/Contents/Developer/Platforms/MacOSX.platform/Developer/SDKs/MacOSX26.1.sdk/usr/include/Darwin_Mach_machine.modulemap
/Applications/Xcode.app/Contents/Developer/Platforms/MacOSX.platform/Developer/SDKs/MacOSX26.1.sdk/usr/include/mach_debug.modulemap
/Applications/Xcode.app/Contents/Developer/Platforms/MacOSX.platform/Developer/SDKs/MacOSX26.1.sdk/usr/include/device.modulemap
/Applications/Xcode.app/Contents/Developer/Platforms/MacOSX.platform/Developer/SDKs/MacOSX26.1.sdk/usr/include/Darwin_machine.modulemap
/Applications/Xcode.app/Contents/Developer/Platforms/MacOSX.platform/Developer/SDKs/MacOSX26.1.sdk/usr/include/ncurses.modulemap
/Applications/Xcode.app/Contents/Developer/Platforms/MacOSX.platform/Developer/SDKs/MacOSX26.1.sdk/usr/include/netinet6.modulemap
/Applications/Xcode.app/Contents/Developer/Platforms/MacOSX.platform/Developer/SDKs/MacOSX26.1.sdk/usr/include/Darwin_sys.modulemap
/Applications/Xcode.app/Contents/Developer/Platforms/MacOSX.platform/Developer/SDKs/MacOSX26.1.sdk/usr/include/uuid.modulemap
/Applications/Xcode.app/Contents/Developer/Platforms/MacOSX.platform/Developer/SDKs/MacOSX26.1.sdk/usr/include/DarwinFoundation1.modulemap
/Applications/Xcode.app/Contents/Developer/Platforms/MacOSX.platform/Developer/SDKs/MacOSX26.1.sdk/usr/include/launch.h
/Applications/Xcode.app/Contents/Developer/Toolchains/XcodeDefault.xctoolchain/usr/lib/swift/clang/include/module.modulemap
/Applications/Xcode.app/Contents/Developer/Toolchains/XcodeDefault.xctoolchain/usr/lib/swift/clang/include/stddef.h
/Applications/Xcode.app/Contents/Developer/Platforms/MacOSX.platform/Developer/SDKs/MacOSX26.1.sdk/SDKSettings.json
/Applications/Xcode.app/Contents/Developer/Platforms/MacOSX.platform/Developer/SDKs/MacOSX26.1.sdk/usr/include/libDER/module.modulemap
/Applications/Xcode.app/Contents/Developer/Platforms/MacOSX.platform/Developer/SDKs/MacOSX26.1.sdk/usr/include/libDER/DERItem.h
/Applications/Xcode.app/Contents/Developer/Platforms/MacOSX.platform/Developer/SDKs/MacOSX26.1.sdk/usr/include/libDER/libDER_config.h
/Applications/Xcode.app/Contents/Developer/Toolchains/XcodeDefault.xctoolchain/usr/lib/swift/clang/include/module.modulemap
/Applications/Xcode.app/Contents/Developer/Toolchains/XcodeDefault.xctoolchain/usr/lib/swift/clang/include/stddef.h
/Applications/Xcode.app/Contents/Developer/Platforms/MacOSX.platform/Developer/SDKs/MacOSX26.1.sdk/usr/include/DarwinFoundation2.modulemap
/Applications/Xcode.app/Contents/Developer/Platforms/MacOSX.platform/Developer/SDKs/MacOSX26.1.sdk/usr/include/DarwinFoundation1.modulemap
/Applications/Xcode.app/Contents/Developer/Platforms/MacOSX.platform/Developer/SDKs/MacOSX26.1.sdk/usr/include/string.h
/Applications/Xcode.app/Contents/Developer/Platforms/MacOSX.platform/Developer/SDKs/MacOSX26.1.sdk/SDKSettings.json
/Applications/Xcode.app/Contents/Developer/Platforms/MacOSX.platform/Developer/SDKs/MacOSX26.1.sdk/usr/include/libkern.modulemap
/Applications/Xcode.app/Contents/Developer/Platforms/MacOSX.platform/Developer/SDKs/MacOSX26.1.sdk/usr/include/Darwin.modulemap
/Applications/Xcode.app/Contents/Developer/Platforms/MacOSX.platform/Developer/SDKs/MacOSX26.1.sdk/usr/include/Darwin_C.modulemap
/Applications/Xcode.app/Contents/Developer/Platforms/MacOSX.platform/Developer/SDKs/MacOSX26.1.sdk/usr/include/Darwin_POSIX.modulemap
/Applications/Xcode.app/Contents/Developer/Platforms/MacOSX.platform/Developer/SDKs/MacOSX26.1.sdk/usr/include/net.modulemap
/Applications/Xcode.app/Contents/Developer/Platforms/MacOSX.platform/Developer/SDKs/MacOSX26.1.sdk/usr/include/netinet.modulemap
/Applications/Xcode.app/Contents/Developer/Platforms/MacOSX.platform/Developer/SDKs/MacOSX26.1.sdk/usr/include/bank.modulemap
/Applications/Xcode.app/Contents/Developer/Platforms/MacOSX.platform/Developer/SDKs/MacOSX26.1.sdk/usr/include/Darwin_Mach.modulemap
/Applications/Xcode.app/Contents/Developer/Platforms/MacOSX.platform/Developer/SDKs/MacOSX26.1.sdk/usr/include/Darwin_Mach_machine.modulemap
/Applications/Xcode.app/Contents/Developer/Platforms/MacOSX.platform/Developer/SDKs/MacOSX26.1.sdk/usr/include/mach_debug.modulemap
/Applications/Xcode.app/Contents/Developer/Platforms/MacOSX.platform/Developer/SDKs/MacOSX26.1.sdk/usr/include/device.modulemap
/Applications/Xcode.app/Contents/Developer/Platforms/MacOSX.platform/Developer/SDKs/MacOSX26.1.sdk/usr/include/Darwin_machine.modulemap
/Applications/Xcode.app/Contents/Developer/Platforms/MacOSX.platform/Developer/SDKs/MacOSX26.1.sdk/usr/include/ncurses.modulemap
/Applications/Xcode.app/Contents/Developer/Platforms/MacOSX.platform/Developer/SDKs/MacOSX26.1.sdk/usr/include/netinet6.modulemap
/Applications/Xcode.app/Contents/Developer/Platforms/MacOSX.platform/Developer/SDKs/MacOSX26.1.sdk/usr/include/Darwin_sys.modulemap
/Applications/Xcode.app/Contents/Developer/Platforms/MacOSX.platform/Developer/SDKs/MacOSX26.1.sdk/usr/include/uuid.modulemap
/Applications/Xcode.app/Contents/Developer/Platforms/MacOSX.platform/Developer/SDKs/MacOSX26.1.sdk/usr/include/DarwinFoundation1.modulemap
/Applications/Xcode.app/Contents/Developer/Platforms/MacOSX.platform/Developer/SDKs/MacOSX26.1.sdk/usr/include/libkern/OSCacheControl.h
/Applications/Xcode.app/Contents/Developer/Toolchains/XcodeDefault.xctoolchain/usr/lib/swift/clang/include/module.modulemap
/Applications/Xcode.app/Contents/Developer/Toolchains/XcodeDefault.xctoolchain/usr/lib/swift/clang/include/stddef.h
/Applications/Xcode.app/Contents/Developer/Platforms/MacOSX.platform/Developer/SDKs/MacOSX26.1.sdk/usr/include/libkern/OSDebug.h
/Applications/Xcode.app/Contents/Developer/Platforms/MacOSX.platform/Developer/SDKs/MacOSX26.1.sdk/usr/include/libkern/OSReturn.h
/Applications/Xcode.app/Contents/Developer/Platforms/MacOSX.platform/Developer/SDKs/MacOSX26.1.sdk/usr/include/libkern/OSThermalNotification.h
/Applications/Xcode.app/Contents/Developer/Platforms/MacOSX.platform/Developer/SDKs/MacOSX26.1.sdk/usr/include/libkern/OSTypes.h
/Applications/Xcode.app/Contents/Developer/Platforms/MacOSX.platform/Developer/SDKs/MacOSX26.1.sdk/usr/include/libkern/OSKextLib.h
/Applications/Xcode.app/Contents/Developer/Platforms/MacOSX.platform/Developer/SDKs/MacOSX26.1.sdk/SDKSettings.json
/Applications/Xcode.app/Contents/Developer/Toolchains/XcodeDefault.xctoolchain/usr/lib/swift/macosx/prebuilt-modules/26.1/os.swiftmodule/arm64e-apple-macos.swiftmodule
/Applications/Xcode.app/Contents/Developer/Platforms/MacOSX.platform/Developer/SDKs/MacOSX26.1.sdk/usr/include/os.apinotes
/Applications/Xcode.app/Contents/Developer/Platforms/MacOSX.platform/Developer/SDKs/MacOSX26.1.sdk/usr/include/xpc.modulemap
/Applications/Xcode.app/Contents/Developer/Platforms/MacOSX.platform/Developer/SDKs/MacOSX26.1.sdk/usr/include/DarwinBasic.modulemap
/Applications/Xcode.app/Contents/Developer/Platforms/MacOSX.platform/Developer/SDKs/MacOSX26.1.sdk/usr/include/os.modulemap
/Applications/Xcode.app/Contents/Developer/Platforms/MacOSX.platform/Developer/SDKs/MacOSX26.1.sdk/usr/include/Darwin.modulemap
/Applications/Xcode.app/Contents/Developer/Platforms/MacOSX.platform/Developer/SDKs/MacOSX26.1.sdk/usr/include/Darwin_C.modulemap
/Applications/Xcode.app/Contents/Developer/Platforms/MacOSX.platform/Developer/SDKs/MacOSX26.1.sdk/usr/include/Darwin_POSIX.modulemap
/Applications/Xcode.app/Contents/Developer/Platforms/MacOSX.platform/Developer/SDKs/MacOSX26.1.sdk/usr/include/net.modulemap
/Applications/Xcode.app/Contents/Developer/Platforms/MacOSX.platform/Developer/SDKs/MacOSX26.1.sdk/usr/include/netinet.modulemap
/Applications/Xcode.app/Contents/Developer/Platforms/MacOSX.platform/Developer/SDKs/MacOSX26.1.sdk/usr/include/bank.modulemap
/Applications/Xcode.app/Contents/Developer/Platforms/MacOSX.platform/Developer/SDKs/MacOSX26.1.sdk/usr/include/Darwin_Mach.modulemap
/Applications/Xcode.app/Contents/Developer/Platforms/MacOSX.platform/Developer/SDKs/MacOSX26.1.sdk/usr/include/Darwin_Mach_machine.modulemap
/Applications/Xcode.app/Contents/Developer/Platforms/MacOSX.platform/Developer/SDKs/MacOSX26.1.sdk/usr/include/mach_debug.modulemap
/Applications/Xcode.app/Contents/Developer/Platforms/MacOSX.platform/Developer/SDKs/MacOSX26.1.sdk/usr/include/device.modulemap
/Applications/Xcode.app/Contents/Developer/Platforms/MacOSX.platform/Developer/SDKs/MacOSX26.1.sdk/usr/include/Darwin_machine.modulemap
/Applications/Xcode.app/Contents/Developer/Platforms/MacOSX.platform/Developer/SDKs/MacOSX26.1.sdk/usr/include/ncurses.modulemap
/Applications/Xcode.app/Contents/Developer/Platforms/MacOSX.platform/Developer/SDKs/MacOSX26.1.sdk/usr/include/netinet6.modulemap
/Applications/Xcode.app/Contents/Developer/Platforms/MacOSX.platform/Developer/SDKs/MacOSX26.1.sdk/usr/include/Darwin_sys.modulemap
/Applications/Xcode.app/Contents/Developer/Platforms/MacOSX.platform/Developer/SDKs/MacOSX26.1.sdk/usr/include/uuid.modulemap
/Applications/Xcode.app/Contents/Developer/Platforms/MacOSX.platform/Developer/SDKs/MacOSX26.1.sdk/usr/include/DarwinFoundation2.modulemap
/Applications/Xcode.app/Contents/Developer/Platforms/MacOSX.platform/Developer/SDKs/MacOSX26.1.sdk/usr/include/DarwinFoundation3.modulemap
/Applications/Xcode.app/Contents/Developer/Platforms/MacOSX.platform/Developer/SDKs/MacOSX26.1.sdk/usr/include/DarwinFoundation1.modulemap
/Applications/Xcode.app/Contents/Developer/Platforms/MacOSX.platform/Developer/SDKs/MacOSX26.1.sdk/usr/include/os/atomic.h
/Applications/Xcode.app/Contents/Developer/Toolchains/XcodeDefault.xctoolchain/usr/lib/swift/clang/include/module.modulemap
/Applications/Xcode.app/Contents/Developer/Platforms/MacOSX.platform/Developer/SDKs/MacOSX26.1.sdk/usr/include/os/overflow.h
/Applications/Xcode.app/Contents/Developer/Platforms/MacOSX.platform/Developer/SDKs/MacOSX26.1.sdk/usr/include/os/trace_base.h
/Applications/Xcode.app/Contents/Developer/Toolchains/XcodeDefault.xctoolchain/usr/lib/swift/clang/include/stdarg.h
/Applications/Xcode.app/Contents/Developer/Platforms/MacOSX.platform/Developer/SDKs/MacOSX26.1.sdk/usr/include/os/activity.h
/Applications/Xcode.app/Contents/Developer/Platforms/MacOSX.platform/Developer/SDKs/MacOSX26.1.sdk/usr/include/os/log.h
/Applications/Xcode.app/Contents/Developer/Platforms/MacOSX.platform/Developer/SDKs/MacOSX26.1.sdk/usr/include/os/trace.h
/Applications/Xcode.app/Contents/Developer/Platforms/MacOSX.platform/Developer/SDKs/MacOSX26.1.sdk/usr/include/os/signpost.h
/Applications/Xcode.app/Contents/Developer/Platforms/MacOSX.platform/Developer/SDKs/MacOSX26.1.sdk/usr/include/_modules/_os_lock.h
/Applications/Xcode.app/Contents/Developer/Platforms/MacOSX.platform/Developer/SDKs/MacOSX26.1.sdk/usr/include/_modules/_os_object.h
/Applications/Xcode.app/Contents/Developer/Platforms/MacOSX.platform/Developer/SDKs/MacOSX26.1.sdk/usr/include/_modules/_os_workgroup.h
/Applications/Xcode.app/Contents/Developer/Platforms/MacOSX.platform/Developer/SDKs/MacOSX26.1.sdk/SDKSettings.json
/Applications/Xcode.app/Contents/Developer/Platforms/MacOSX.platform/Developer/SDKs/MacOSX26.1.sdk/usr/include/os.modulemap
/Applications/Xcode.app/Contents/Developer/Platforms/MacOSX.platform/Developer/SDKs/MacOSX26.1.sdk/usr/include/ObjectiveC.modulemap
/Applications/Xcode.app/Contents/Developer/Platforms/MacOSX.platform/Developer/SDKs/MacOSX26.1.sdk/usr/include/Darwin.modulemap
/Applications/Xcode.app/Contents/Developer/Platforms/MacOSX.platform/Developer/SDKs/MacOSX26.1.sdk/usr/include/Darwin_C.modulemap
/Applications/Xcode.app/Contents/Developer/Platforms/MacOSX.platform/Developer/SDKs/MacOSX26.1.sdk/usr/include/Darwin_POSIX.modulemap
/Applications/Xcode.app/Contents/Developer/Platforms/MacOSX.platform/Developer/SDKs/MacOSX26.1.sdk/usr/include/net.modulemap
/Applications/Xcode.app/Contents/Developer/Platforms/MacOSX.platform/Developer/SDKs/MacOSX26.1.sdk/usr/include/netinet.modulemap
/Applications/Xcode.app/Contents/Developer/Platforms/MacOSX.platform/Developer/SDKs/MacOSX26.1.sdk/usr/include/bank.modulemap
/Applications/Xcode.app/Contents/Developer/Platforms/MacOSX.platform/Developer/SDKs/MacOSX26.1.sdk/usr/include/Darwin_Mach.modulemap
/Applications/Xcode.app/Contents/Developer/Platforms/MacOSX.platform/Developer/SDKs/MacOSX26.1.sdk/usr/include/Darwin_Mach_machine.modulemap
/Applications/Xcode.app/Contents/Developer/Platforms/MacOSX.platform/Developer/SDKs/MacOSX26.1.sdk/usr/include/mach_debug.modulemap
/Applications/Xcode.app/Contents/Developer/Platforms/MacOSX.platform/Developer/SDKs/MacOSX26.1.sdk/usr/include/device.modulemap
/Applications/Xcode.app/Contents/Developer/Platforms/MacOSX.platform/Developer/SDKs/MacOSX26.1.sdk/usr/include/Darwin_machine.modulemap
/Applications/Xcode.app/Contents/Developer/Platforms/MacOSX.platform/Developer/SDKs/MacOSX26.1.sdk/usr/include/ncurses.modulemap
/Applications/Xcode.app/Contents/Developer/Platforms/MacOSX.platform/Developer/SDKs/MacOSX26.1.sdk/usr/include/netinet6.modulemap
/Applications/Xcode.app/Contents/Developer/Platforms/MacOSX.platform/Developer/SDKs/MacOSX26.1.sdk/usr/include/Darwin_sys.modulemap
/Applications/Xcode.app/Contents/Developer/Platforms/MacOSX.platform/Developer/SDKs/MacOSX26.1.sdk/usr/include/uuid.modulemap
/Applications/Xcode.app/Contents/Developer/Platforms/MacOSX.platform/Developer/SDKs/MacOSX26.1.sdk/usr/include/DarwinFoundation1.modulemap
/Applications/Xcode.app/Contents/Developer/Platforms/MacOSX.platform/Developer/SDKs/MacOSX26.1.sdk/usr/include/os/object.h
/Applications/Xcode.app/Contents/Developer/Platforms/MacOSX.platform/Developer/SDKs/MacOSX26.1.sdk/SDKSettings.json
/Applications/Xcode.app/Contents/Developer/Platforms/MacOSX.platform/Developer/SDKs/MacOSX26.1.sdk/usr/include/os.modulemap
/Applications/Xcode.app/Contents/Developer/Platforms/MacOSX.platform/Developer/SDKs/MacOSX26.1.sdk/usr/include/Darwin.modulemap
/Applications/Xcode.app/Contents/Developer/Platforms/MacOSX.platform/Developer/SDKs/MacOSX26.1.sdk/usr/include/Darwin_C.modulemap
/Applications/Xcode.app/Contents/Developer/Platforms/MacOSX.platform/Developer/SDKs/MacOSX26.1.sdk/usr/include/Darwin_POSIX.modulemap
/Applications/Xcode.app/Contents/Developer/Platforms/MacOSX.platform/Developer/SDKs/MacOSX26.1.sdk/usr/include/net.modulemap
/Applications/Xcode.app/Contents/Developer/Platforms/MacOSX.platform/Developer/SDKs/MacOSX26.1.sdk/usr/include/netinet.modulemap
/Applications/Xcode.app/Contents/Developer/Platforms/MacOSX.platform/Developer/SDKs/MacOSX26.1.sdk/usr/include/bank.modulemap
/Applications/Xcode.app/Contents/Developer/Platforms/MacOSX.platform/Developer/SDKs/MacOSX26.1.sdk/usr/include/Darwin_Mach.modulemap
/Applications/Xcode.app/Contents/Developer/Platforms/MacOSX.platform/Developer/SDKs/MacOSX26.1.sdk/usr/include/Darwin_Mach_machine.modulemap
/Applications/Xcode.app/Contents/Developer/Platforms/MacOSX.platform/Developer/SDKs/MacOSX26.1.sdk/usr/include/mach_debug.modulemap
/Applications/Xcode.app/Contents/Developer/Platforms/MacOSX.platform/Developer/SDKs/MacOSX26.1.sdk/usr/include/device.modulemap
/Applications/Xcode.app/Contents/Developer/Platforms/MacOSX.platform/Developer/SDKs/MacOSX26.1.sdk/usr/include/Darwin_machine.modulemap
/Applications/Xcode.app/Contents/Developer/Platforms/MacOSX.platform/Developer/SDKs/MacOSX26.1.sdk/usr/include/ncurses.modulemap
/Applications/Xcode.app/Contents/Developer/Platforms/MacOSX.platform/Developer/SDKs/MacOSX26.1.sdk/usr/include/netinet6.modulemap
/Applications/Xcode.app/Contents/Developer/Platforms/MacOSX.platform/Developer/SDKs/MacOSX26.1.sdk/usr/include/Darwin_sys.modulemap
/Applications/Xcode.app/Contents/Developer/Platforms/MacOSX.platform/Developer/SDKs/MacOSX26.1.sdk/usr/include/uuid.modulemap
/Applications/Xcode.app/Contents/Developer/Platforms/MacOSX.platform/Developer/SDKs/MacOSX26.1.sdk/usr/include/DarwinFoundation2.modulemap
/Applications/Xcode.app/Contents/Developer/Platforms/MacOSX.platform/Developer/SDKs/MacOSX26.1.sdk/usr/include/DarwinFoundation3.modulemap
/Applications/Xcode.app/Contents/Developer/Platforms/MacOSX.platform/Developer/SDKs/MacOSX26.1.sdk/usr/include/DarwinFoundation1.modulemap
/Applications/Xcode.app/Contents/Developer/Platforms/MacOSX.platform/Developer/SDKs/MacOSX26.1.sdk/usr/include/os/workgroup.h
/Applications/Xcode.app/Contents/Developer/Platforms/MacOSX.platform/Developer/SDKs/MacOSX26.1.sdk/usr/include/os/workgroup_base.h
/Applications/Xcode.app/Contents/Developer/Toolchains/XcodeDefault.xctoolchain/usr/lib/swift/clang/include/module.modulemap
/Applications/Xcode.app/Contents/Developer/Toolchains/XcodeDefault.xctoolchain/usr/lib/swift/clang/include/stddef.h
/Applications/Xcode.app/Contents/Developer/Platforms/MacOSX.platform/Developer/SDKs/MacOSX26.1.sdk/usr/include/string.h
/Applications/Xcode.app/Contents/Developer/Platforms/MacOSX.platform/Developer/SDKs/MacOSX26.1.sdk/usr/include/stdlib.h
/Applications/Xcode.app/Contents/Developer/Platforms/MacOSX.platform/Developer/SDKs/MacOSX26.1.sdk/usr/include/os/workgroup_object.h
/Applications/Xcode.app/Contents/Developer/Platforms/MacOSX.platform/Developer/SDKs/MacOSX26.1.sdk/usr/include/os/workgroup_interval.h
/Applications/Xcode.app/Contents/Developer/Platforms/MacOSX.platform/Developer/SDKs/MacOSX26.1.sdk/usr/include/os/workgroup_parallel.h
/Applications/Xcode.app/Contents/Developer/Platforms/MacOSX.platform/Developer/SDKs/MacOSX26.1.sdk/SDKSettings.json
/Applications/Xcode.app/Contents/Developer/Toolchains/XcodeDefault.xctoolchain/usr/lib/swift/clang/include/module.modulemap
/Applications/Xcode.app/Contents/Developer/Toolchains/XcodeDefault.xctoolchain/usr/lib/swift/clang/include/ptrauth.h
/Applications/Xcode.app/Contents/Developer/Platforms/MacOSX.platform/Developer/SDKs/MacOSX26.1.sdk/SDKSettings.json
/Applications/Xcode.app/Contents/Developer/Toolchains/XcodeDefault.xctoolchain/usr/lib/swift/clang/include/module.modulemap
/Applications/Xcode.app/Contents/Developer/Toolchains/XcodeDefault.xctoolchain/usr/lib/swift/clang/include/ptrcheck.h
/Applications/Xcode.app/Contents/Developer/Platforms/MacOSX.platform/Developer/SDKs/MacOSX26.1.sdk/SDKSettings.json
/Applications/Xcode.app/Contents/Developer/Toolchains/XcodeDefault.xctoolchain/usr/lib/swift/macosx/prebuilt-modules/26.1/simd.swiftmodule/arm64e-apple-macos.swiftmodule
/Applications/Xcode.app/Contents/Developer/Platforms/MacOSX.platform/Developer/SDKs/MacOSX26.1.sdk/usr/include/simd/module.modulemap
/Applications/Xcode.app/Contents/Developer/Platforms/MacOSX.platform/Developer/SDKs/MacOSX26.1.sdk/usr/include/simd/simd.h
/Applications/Xcode.app/Contents/Developer/Platforms/MacOSX.platform/Developer/SDKs/MacOSX26.1.sdk/usr/include/simd/vector.h
/Applications/Xcode.app/Contents/Developer/Platforms/MacOSX.platform/Developer/SDKs/MacOSX26.1.sdk/usr/include/simd/vector_types.h
/Applications/Xcode.app/Contents/Developer/Platforms/MacOSX.platform/Developer/SDKs/MacOSX26.1.sdk/usr/include/simd/base.h
/Applications/Xcode.app/Contents/Developer/Platforms/MacOSX.platform/Developer/SDKs/MacOSX26.1.sdk/usr/include/DarwinFoundation1.modulemap
/Applications/Xcode.app/Contents/Developer/Toolchains/XcodeDefault.xctoolchain/usr/lib/swift/clang/include/module.modulemap
/Applications/Xcode.app/Contents/Developer/Platforms/MacOSX.platform/Developer/SDKs/MacOSX26.1.sdk/usr/include/simd/packed.h
/Applications/Xcode.app/Contents/Developer/Platforms/MacOSX.platform/Developer/SDKs/MacOSX26.1.sdk/usr/include/simd/vector_make.h
/Applications/Xcode.app/Contents/Developer/Toolchains/XcodeDefault.xctoolchain/usr/lib/swift/clang/include/stddef.h
/Applications/Xcode.app/Contents/Developer/Platforms/MacOSX.platform/Developer/SDKs/MacOSX26.1.sdk/usr/include/simd/logic.h
/Applications/Xcode.app/Contents/Developer/Platforms/MacOSX.platform/Developer/SDKs/MacOSX26.1.sdk/usr/include/simd/math.h
/Applications/Xcode.app/Contents/Developer/Platforms/MacOSX.platform/Developer/SDKs/MacOSX26.1.sdk/usr/include/simd/common.h
/Applications/Xcode.app/Contents/Developer/Platforms/MacOSX.platform/Developer/SDKs/MacOSX26.1.sdk/usr/include/simd/geometry.h
/Applications/Xcode.app/Contents/Developer/Platforms/MacOSX.platform/Developer/SDKs/MacOSX26.1.sdk/usr/include/simd/extern.h
/Applications/Xcode.app/Contents/Developer/Platforms/MacOSX.platform/Developer/SDKs/MacOSX26.1.sdk/usr/include/simd/types.h
/Applications/Xcode.app/Contents/Developer/Platforms/MacOSX.platform/Developer/SDKs/MacOSX26.1.sdk/usr/include/simd/conversion.h
/Applications/Xcode.app/Contents/Developer/Platforms/MacOSX.platform/Developer/SDKs/MacOSX26.1.sdk/usr/include/simd/matrix.h
/Applications/Xcode.app/Contents/Developer/Platforms/MacOSX.platform/Developer/SDKs/MacOSX26.1.sdk/usr/include/simd/matrix_types.h
/Applications/Xcode.app/Contents/Developer/Platforms/MacOSX.platform/Developer/SDKs/MacOSX26.1.sdk/usr/include/simd/quaternion.h
/Applications/Xcode.app/Contents/Developer/Platforms/MacOSX.platform/Developer/SDKs/MacOSX26.1.sdk/SDKSettings.json
/Applications/Xcode.app/Contents/Developer/Platforms/MacOSX.platform/Developer/SDKs/MacOSX26.1.sdk/usr/include/DarwinFoundation2.modulemap
/Applications/Xcode.app/Contents/Developer/Platforms/MacOSX.platform/Developer/SDKs/MacOSX26.1.sdk/usr/include/_modules/_sys_types.h
/Applications/Xcode.app/Contents/Developer/Platforms/MacOSX.platform/Developer/SDKs/MacOSX26.1.sdk/SDKSettings.json

SwiftMergeGeneratedHeaders /Users/rogerlin/Library/Developer/Xcode/DerivedData/FinancialCalculatorKit-ackorybalcxbfocbkqsfdzcfkgmn/Build/Intermediates.noindex/FinancialCalculatorKit.build/Debug/FinancialCalculatorKit.build/DerivedSources/FinancialCalculatorKit-Swift.h /Users/rogerlin/Library/Developer/Xcode/DerivedData/FinancialCalculatorKit-ackorybalcxbfocbkqsfdzcfkgmn/Build/Intermediates.noindex/FinancialCalculatorKit.build/Debug/FinancialCalculatorKit.build/Objects-normal/arm64/FinancialCalculatorKit-Swift.h (in target 'FinancialCalculatorKit' from project 'FinancialCalculatorKit')
    cd /Users/rogerlin/XCode-Projects/FinancialCalculatorKit-5.0-updated-accent-colors
    builtin-swiftHeaderTool -arch arm64 /Users/rogerlin/Library/Developer/Xcode/DerivedData/FinancialCalculatorKit-ackorybalcxbfocbkqsfdzcfkgmn/Build/Intermediates.noindex/FinancialCalculatorKit.build/Debug/FinancialCalculatorKit.build/Objects-normal/arm64/FinancialCalculatorKit-Swift.h -o /Users/rogerlin/Library/Developer/Xcode/DerivedData/FinancialCalculatorKit-ackorybalcxbfocbkqsfdzcfkgmn/Build/Intermediates.noindex/FinancialCalculatorKit.build/Debug/FinancialCalculatorKit.build/DerivedSources/FinancialCalculatorKit-Swift.h

    Task input dependencies:
        /Users/rogerlin/Library/Developer/Xcode/DerivedData/FinancialCalculatorKit-ackorybalcxbfocbkqsfdzcfkgmn/Build/Intermediates.noindex/FinancialCalculatorKit.build/Debug/FinancialCalculatorKit.build/Objects-normal/arm64/FinancialCalculatorKit-Swift.h

    Task output dependencies:
        /Users/rogerlin/Library/Developer/Xcode/DerivedData/FinancialCalculatorKit-ackorybalcxbfocbkqsfdzcfkgmn/Build/Intermediates.noindex/FinancialCalculatorKit.build/Debug/FinancialCalculatorKit.build/DerivedSources/FinancialCalculatorKit-Swift.h

Copy /Users/rogerlin/Library/Developer/Xcode/DerivedData/FinancialCalculatorKit-ackorybalcxbfocbkqsfdzcfkgmn/Build/Products/Debug/FinancialCalculatorKit.swiftmodule/arm64-apple-macos.abi.json /Users/rogerlin/Library/Developer/Xcode/DerivedData/FinancialCalculatorKit-ackorybalcxbfocbkqsfdzcfkgmn/Build/Intermediates.noindex/FinancialCalculatorKit.build/Debug/FinancialCalculatorKit.build/Objects-normal/arm64/FinancialCalculatorKit.abi.json (in target 'FinancialCalculatorKit' from project 'FinancialCalculatorKit')
    cd /Users/rogerlin/XCode-Projects/FinancialCalculatorKit-5.0-updated-accent-colors
    builtin-copy -exclude .DS_Store -exclude CVS -exclude .svn -exclude .git -exclude .hg -resolve-src-symlinks -rename /Users/rogerlin/Library/Developer/Xcode/DerivedData/FinancialCalculatorKit-ackorybalcxbfocbkqsfdzcfkgmn/Build/Intermediates.noindex/FinancialCalculatorKit.build/Debug/FinancialCalculatorKit.build/Objects-normal/arm64/FinancialCalculatorKit.abi.json /Users/rogerlin/Library/Developer/Xcode/DerivedData/FinancialCalculatorKit-ackorybalcxbfocbkqsfdzcfkgmn/Build/Products/Debug/FinancialCalculatorKit.swiftmodule/arm64-apple-macos.abi.json

    Task input dependencies:
        /Users/rogerlin/Library/Developer/Xcode/DerivedData/FinancialCalculatorKit-ackorybalcxbfocbkqsfdzcfkgmn/Build/Intermediates.noindex/FinancialCalculatorKit.build/Debug/FinancialCalculatorKit.build/Objects-normal/arm64/FinancialCalculatorKit.abi.json/

    Task output dependencies:
        /Users/rogerlin/Library/Developer/Xcode/DerivedData/FinancialCalculatorKit-ackorybalcxbfocbkqsfdzcfkgmn/Build/Products/Debug/FinancialCalculatorKit.swiftmodule/arm64-apple-macos.abi.json

Copy /Users/rogerlin/Library/Developer/Xcode/DerivedData/FinancialCalculatorKit-ackorybalcxbfocbkqsfdzcfkgmn/Build/Products/Debug/FinancialCalculatorKit.swiftmodule/arm64-apple-macos.swiftdoc /Users/rogerlin/Library/Developer/Xcode/DerivedData/FinancialCalculatorKit-ackorybalcxbfocbkqsfdzcfkgmn/Build/Intermediates.noindex/FinancialCalculatorKit.build/Debug/FinancialCalculatorKit.build/Objects-normal/arm64/FinancialCalculatorKit.swiftdoc (in target 'FinancialCalculatorKit' from project 'FinancialCalculatorKit')
    cd /Users/rogerlin/XCode-Projects/FinancialCalculatorKit-5.0-updated-accent-colors
    builtin-copy -exclude .DS_Store -exclude CVS -exclude .svn -exclude .git -exclude .hg -resolve-src-symlinks -rename /Users/rogerlin/Library/Developer/Xcode/DerivedData/FinancialCalculatorKit-ackorybalcxbfocbkqsfdzcfkgmn/Build/Intermediates.noindex/FinancialCalculatorKit.build/Debug/FinancialCalculatorKit.build/Objects-normal/arm64/FinancialCalculatorKit.swiftdoc /Users/rogerlin/Library/Developer/Xcode/DerivedData/FinancialCalculatorKit-ackorybalcxbfocbkqsfdzcfkgmn/Build/Products/Debug/FinancialCalculatorKit.swiftmodule/arm64-apple-macos.swiftdoc

    Task input dependencies:
        /Users/rogerlin/Library/Developer/Xcode/DerivedData/FinancialCalculatorKit-ackorybalcxbfocbkqsfdzcfkgmn/Build/Intermediates.noindex/FinancialCalculatorKit.build/Debug/FinancialCalculatorKit.build/Objects-normal/arm64/FinancialCalculatorKit.swiftdoc/

    Task output dependencies:
        /Users/rogerlin/Library/Developer/Xcode/DerivedData/FinancialCalculatorKit-ackorybalcxbfocbkqsfdzcfkgmn/Build/Products/Debug/FinancialCalculatorKit.swiftmodule/arm64-apple-macos.swiftdoc

Copy /Users/rogerlin/Library/Developer/Xcode/DerivedData/FinancialCalculatorKit-ackorybalcxbfocbkqsfdzcfkgmn/Build/Products/Debug/FinancialCalculatorKit.swiftmodule/arm64-apple-macos.swiftmodule /Users/rogerlin/Library/Developer/Xcode/DerivedData/FinancialCalculatorKit-ackorybalcxbfocbkqsfdzcfkgmn/Build/Intermediates.noindex/FinancialCalculatorKit.build/Debug/FinancialCalculatorKit.build/Objects-normal/arm64/FinancialCalculatorKit.swiftmodule (in target 'FinancialCalculatorKit' from project 'FinancialCalculatorKit')
    cd /Users/rogerlin/XCode-Projects/FinancialCalculatorKit-5.0-updated-accent-colors
    builtin-copy -exclude .DS_Store -exclude CVS -exclude .svn -exclude .git -exclude .hg -resolve-src-symlinks -rename /Users/rogerlin/Library/Developer/Xcode/DerivedData/FinancialCalculatorKit-ackorybalcxbfocbkqsfdzcfkgmn/Build/Intermediates.noindex/FinancialCalculatorKit.build/Debug/FinancialCalculatorKit.build/Objects-normal/arm64/FinancialCalculatorKit.swiftmodule /Users/rogerlin/Library/Developer/Xcode/DerivedData/FinancialCalculatorKit-ackorybalcxbfocbkqsfdzcfkgmn/Build/Products/Debug/FinancialCalculatorKit.swiftmodule/arm64-apple-macos.swiftmodule

    Task input dependencies:
        /Users/rogerlin/Library/Developer/Xcode/DerivedData/FinancialCalculatorKit-ackorybalcxbfocbkqsfdzcfkgmn/Build/Intermediates.noindex/FinancialCalculatorKit.build/Debug/FinancialCalculatorKit.build/Objects-normal/arm64/FinancialCalculatorKit.swiftmodule/

    Task output dependencies:
        /Users/rogerlin/Library/Developer/Xcode/DerivedData/FinancialCalculatorKit-ackorybalcxbfocbkqsfdzcfkgmn/Build/Products/Debug/FinancialCalculatorKit.swiftmodule/arm64-apple-macos.swiftmodule

Copy /Users/rogerlin/Library/Developer/Xcode/DerivedData/FinancialCalculatorKit-ackorybalcxbfocbkqsfdzcfkgmn/Build/Products/Debug/FinancialCalculatorKit.swiftmodule/Project/arm64-apple-macos.swiftsourceinfo /Users/rogerlin/Library/Developer/Xcode/DerivedData/FinancialCalculatorKit-ackorybalcxbfocbkqsfdzcfkgmn/Build/Intermediates.noindex/FinancialCalculatorKit.build/Debug/FinancialCalculatorKit.build/Objects-normal/arm64/FinancialCalculatorKit.swiftsourceinfo (in target 'FinancialCalculatorKit' from project 'FinancialCalculatorKit')
    cd /Users/rogerlin/XCode-Projects/FinancialCalculatorKit-5.0-updated-accent-colors
    builtin-copy -exclude .DS_Store -exclude CVS -exclude .svn -exclude .git -exclude .hg -resolve-src-symlinks -rename /Users/rogerlin/Library/Developer/Xcode/DerivedData/FinancialCalculatorKit-ackorybalcxbfocbkqsfdzcfkgmn/Build/Intermediates.noindex/FinancialCalculatorKit.build/Debug/FinancialCalculatorKit.build/Objects-normal/arm64/FinancialCalculatorKit.swiftsourceinfo /Users/rogerlin/Library/Developer/Xcode/DerivedData/FinancialCalculatorKit-ackorybalcxbfocbkqsfdzcfkgmn/Build/Products/Debug/FinancialCalculatorKit.swiftmodule/Project/arm64-apple-macos.swiftsourceinfo

    Task input dependencies:
        /Users/rogerlin/Library/Developer/Xcode/DerivedData/FinancialCalculatorKit-ackorybalcxbfocbkqsfdzcfkgmn/Build/Intermediates.noindex/FinancialCalculatorKit.build/Debug/FinancialCalculatorKit.build/Objects-normal/arm64/FinancialCalculatorKit.swiftsourceinfo/

    Task output dependencies:
        /Users/rogerlin/Library/Developer/Xcode/DerivedData/FinancialCalculatorKit-ackorybalcxbfocbkqsfdzcfkgmn/Build/Products/Debug/FinancialCalculatorKit.swiftmodule/Project/arm64-apple-macos.swiftsourceinfo

SwiftDriverJobDiscovery normal arm64 Compiling FormulaReference.swift, FREDModels.swift, AdvancedOptionsModels.swift, EquationDocument.swift, VariableStore.swift, FinancialComputable.swift, AdvancedBondPricingEngine.swift (in target 'FinancialCalculatorKit' from project 'FinancialCalculatorKit')

note: build debugging is enabled, completed trace: '/Users/rogerlin/Library/Developer/Xcode/DerivedData/FinancialCalculatorKit-ackorybalcxbfocbkqsfdzcfkgmn/Build/Intermediates.noindex/XCBuildData/buildDebugging-1762404353.825752/completed-build.trace'
note: build debugging is enabled, completed database: '/Users/rogerlin/Library/Developer/Xcode/DerivedData/FinancialCalculatorKit-ackorybalcxbfocbkqsfdzcfkgmn/Build/Intermediates.noindex/XCBuildData/buildDebugging-1762404353.825752/completed-build.db'
note: Attempting to load build description from disk
note: Constructing description
note: Disabling hardened runtime with ad-hoc codesigning. (in target 'FinancialCalculatorKit' from project 'FinancialCalculatorKit')
** BUILD FAILED **


The following build commands failed:
	SwiftCompile normal arm64 Compiling\ RiskManagementView.swift,\ ScientificCalculatorView.swift,\ SwapsCalculatorView.swift,\ TemplateViews.swift,\ TickerHistoryView.swift,\ TimeValueCalculatorView.swift /Users/rogerlin/XCode-Projects/FinancialCalculatorKit-5.0-updated-accent-colors/FinancialCalculatorKit/Views/Calculator/RiskManagementView.swift /Users/rogerlin/XCode-Projects/FinancialCalculatorKit-5.0-updated-accent-colors/FinancialCalculatorKit/Views/Calculator/ScientificCalculatorView.swift /Users/rogerlin/XCode-Projects/FinancialCalculatorKit-5.0-updated-accent-colors/FinancialCalculatorKit/Views/Calculator/SwapsCalculatorView.swift /Users/rogerlin/XCode-Projects/FinancialCalculatorKit-5.0-updated-accent-colors/FinancialCalculatorKit/Views/Calculator/TemplateViews.swift /Users/rogerlin/XCode-Projects/FinancialCalculatorKit-5.0-updated-accent-colors/FinancialCalculatorKit/Views/Calculator/TickerHistoryView.swift /Users/rogerlin/XCode-Projects/FinancialCalculatorKit-5.0-updated-accent-colors/FinancialCalculatorKit/Views/Calculator/TimeValueCalculatorView.swift (in target 'FinancialCalculatorKit' from project 'FinancialCalculatorKit')
	SwiftCompile normal arm64 /Users/rogerlin/XCode-Projects/FinancialCalculatorKit-5.0-updated-accent-colors/FinancialCalculatorKit/Views/Calculator/TimeValueCalculatorView.swift (in target 'FinancialCalculatorKit' from project 'FinancialCalculatorKit')
	Building project FinancialCalculatorKit with scheme FinancialCalculatorKit and configuration Debug
(3 failures)
